2014-07-08T03:04:44.578+0000: 23.209: [GC [PSYoungGen: 257728K->42871K(300608K)] 257728K->72698K(987584K), 0.1211010 secs] [Times: user=0.37 sys=0.05, real=0.12 secs] 
2014-07-08T03:04:46.733+0000: 25.365: [GC [PSYoungGen: 300599K->42851K(300608K)] 330426K->76048K(987584K), 0.1011570 secs] [Times: user=0.38 sys=0.02, real=0.10 secs] 
2014-07-08T03:04:48.298+0000: 26.929: [GC [PSYoungGen: 300579K->42876K(300608K)] 333776K->78309K(987584K), 0.0795820 secs] [Times: user=0.30 sys=0.01, real=0.08 secs] 
2014-07-08T03:04:50.050+0000: 28.681: [GC [PSYoungGen: 300582K->42851K(558336K)] 336014K->78794K(1245312K), 0.0941620 secs] [Times: user=0.35 sys=0.03, real=0.10 secs] 
2014-07-08T03:04:53.376+0000: 32.008: [GC [PSYoungGen: 558307K->42879K(558336K)] 594250K->79243K(1245312K), 0.0761280 secs] [Times: user=0.24 sys=0.02, real=0.08 secs] 
2014-07-08T03:04:56.317+0000: 34.948: [GC [PSYoungGen: 558335K->43088K(1100096K)] 594699K->79452K(1787072K), 0.0539790 secs] [Times: user=0.19 sys=0.03, real=0.05 secs] 
2014-07-08T03:05:01.909+0000: 40.540: [GC [PSYoungGen: 1073954K->4389K(1102080K)] 1110317K->78904K(1789056K), 0.0801850 secs] [Times: user=0.29 sys=0.03, real=0.08 secs] 
2014-07-08T03:05:05.989+0000: 44.620: [GC [PSYoungGen: 1035299K->3132K(2136192K)] 1109814K->79525K(2823168K), 0.0061030 secs] [Times: user=0.02 sys=0.01, real=0.01 secs] 
2014-07-08T03:05:13.177+0000: 51.808: [GC [PSYoungGen: 2061371K->1908K(2139776K)] 2137763K->78897K(2826752K), 0.0055920 secs] [Times: user=0.01 sys=0.00, real=0.00 secs] 
2014-07-08T03:05:21.012+0000: 59.644: [GC [PSYoungGen: 2060148K->1940K(2711744K)] 2137137K->79458K(3398720K), 0.0127300 secs] [Times: user=0.05 sys=0.00, real=0.01 secs] 
2014-07-08T03:05:32.245+0000: 70.877: [GC [PSYoungGen: 2630248K->1968K(2510656K)] 2707766K->80254K(3197632K), 0.0097370 secs] [Times: user=0.03 sys=0.01, real=0.01 secs] 
2014-07-08T03:05:43.587+0000: 82.219: [GC [PSYoungGen: 2510640K->1300K(2396288K)] 2588926K->80065K(3083264K), 0.0060980 secs] [Times: user=0.01 sys=0.00, real=0.01 secs] 
2014-07-08T03:05:54.361+0000: 92.993: [GC [PSYoungGen: 2396225K->1616K(2369344K)] 2474990K->80725K(3056320K), 0.0042900 secs] [Times: user=0.01 sys=0.01, real=0.01 secs] 
2014-07-08T03:06:04.743+0000: 103.375: [GC [PSYoungGen: 2288464K->1492K(2185664K)] 2367573K->81120K(2872640K), 0.0177670 secs] [Times: user=0.02 sys=0.01, real=0.01 secs] 
2014-07-08T03:06:14.640+0000: 113.272: [GC [PSYoungGen: 2185620K->1428K(2165120K)] 2265248K->81568K(2852096K), 0.0084760 secs] [Times: user=0.02 sys=0.00, real=0.01 secs] 
2014-07-08T03:06:24.134+0000: 122.765: [GC [PSYoungGen: 2087892K->1524K(1995200K)] 2168032K->82159K(2682176K), 0.0124140 secs] [Times: user=0.01 sys=0.00, real=0.02 secs] 
2014-07-08T03:06:33.170+0000: 131.801: [GC [PSYoungGen: 1995141K->1698K(1978816K)] 2075776K->82773K(2665792K), 0.0054080 secs] [Times: user=0.02 sys=0.00, real=0.00 secs] 
2014-07-08T03:06:41.763+0000: 140.395: [GC [PSYoungGen: 1907106K->1492K(1823040K)] 1988181K->83015K(2510016K), 0.0191200 secs] [Times: user=0.05 sys=0.00, real=0.02 secs] 
2014-07-08T03:06:50.028+0000: 148.659: [GC [PSYoungGen: 1822996K->1520K(1809088K)] 1904519K->83555K(2496064K), 0.0165200 secs] [Times: user=0.06 sys=0.00, real=0.02 secs] 
2014-07-08T03:06:57.936+0000: 156.567: [GC [PSYoungGen: 1743280K->1520K(1667456K)] 1825315K->83915K(2354432K), 0.0510760 secs] [Times: user=0.15 sys=0.00, real=0.05 secs] 
2014-07-08T03:07:05.540+0000: 164.171: [GC [PSYoungGen: 1667440K->1552K(1654720K)] 1749835K->84298K(2341696K), 0.0070230 secs] [Times: user=0.01 sys=0.01, real=0.01 secs] 
2014-07-08T03:07:12.775+0000: 171.407: [GC [PSYoungGen: 1595344K->1236K(1526528K)] 1678090K->84326K(2213504K), 0.0127320 secs] [Times: user=0.02 sys=0.01, real=0.01 secs] 
2014-07-08T03:07:19.662+0000: 178.293: [GC [PSYoungGen: 1526484K->1236K(1514688K)] 1609574K->84558K(2201664K), 0.0360800 secs] [Times: user=0.12 sys=0.00, real=0.04 secs] 
2014-07-08T03:07:26.325+0000: 184.956: [GC [PSYoungGen: 1461268K->1644K(1399680K)] 1544590K->85255K(2086656K), 0.0113860 secs] [Times: user=0.01 sys=0.01, real=0.02 secs] 
2014-07-08T03:07:32.666+0000: 191.298: [GC [PSYoungGen: 1399660K->1268K(1387648K)] 1483271K->85086K(2074624K), 0.0040570 secs] [Times: user=0.01 sys=0.00, real=0.01 secs] 
2014-07-08T03:07:38.761+0000: 197.392: [GC [PSYoungGen: 1340276K->1631K(1284544K)] 1424094K->85769K(1971520K), 0.0252540 secs] [Times: user=0.08 sys=0.01, real=0.02 secs] 
2014-07-08T03:07:44.634+0000: 203.266: [GC [PSYoungGen: 1284511K->1456K(1272448K)] 1368649K->85938K(1959424K), 0.0205630 secs] [Times: user=0.07 sys=0.00, real=0.02 secs] 
2014-07-08T03:07:50.172+0000: 208.803: [GC [PSYoungGen: 1230960K->1332K(1180032K)] 1315442K->86054K(1867008K), 0.0098410 secs] [Times: user=0.01 sys=0.00, real=0.01 secs] 
2014-07-08T03:07:55.568+0000: 214.200: [GC [PSYoungGen: 1180020K->1300K(1168128K)] 1264742K->86318K(1855104K), 0.0045110 secs] [Times: user=0.02 sys=0.00, real=0.01 secs] 
2014-07-08T03:08:00.692+0000: 219.323: [GC [PSYoungGen: 1131668K->1268K(1085632K)] 1216686K->86582K(1772608K), 0.0099640 secs] [Times: user=0.01 sys=0.00, real=0.01 secs] 
2014-07-08T03:08:05.594+0000: 224.225: [GC [PSYoungGen: 1085620K->1172K(1073600K)] 1170934K->86758K(1760576K), 0.0129100 secs] [Times: user=0.04 sys=0.00, real=0.01 secs] 
2014-07-08T03:08:10.330+0000: 228.962: [GC [PSYoungGen: 1041748K->1268K(1000192K)] 1127334K->87062K(1687168K), 0.0078750 secs] [Times: user=0.02 sys=0.00, real=0.01 secs] 
2014-07-08T03:08:14.883+0000: 233.514: [GC [PSYoungGen: 1000137K->1126K(988096K)] 1085931K->87152K(1675072K), 0.0178850 secs] [Times: user=0.06 sys=0.00, real=0.01 secs] 
2014-07-08T03:08:19.264+0000: 237.896: [GC [PSYoungGen: 960358K->1506K(923008K)] 1046384K->87693K(1609984K), 0.0112410 secs] [Times: user=0.02 sys=0.01, real=0.01 secs] 
2014-07-08T03:08:23.437+0000: 242.069: [GC [PSYoungGen: 922978K->1140K(910528K)] 1009165K->87542K(1597504K), 0.0070820 secs] [Times: user=0.03 sys=0.00, real=0.01 secs] 
2014-07-08T03:08:27.510+0000: 246.141: [GC [PSYoungGen: 886644K->1424K(852736K)] 973046K->88042K(1539712K), 0.0129750 secs] [Times: user=0.05 sys=0.01, real=0.01 secs] 
2014-07-08T03:08:31.433+0000: 250.064: [GC [PSYoungGen: 852679K->1346K(840320K)] 939297K->88197K(1527296K), 0.0072160 secs] [Times: user=0.01 sys=0.00, real=0.01 secs] 
2014-07-08T03:08:35.159+0000: 253.790: [GC [PSYoungGen: 819970K->1290K(788864K)] 906821K->88316K(1475840K), 0.0085670 secs] [Times: user=0.01 sys=0.01, real=0.01 secs] 
2014-07-08T03:08:38.732+0000: 257.363: [GC [PSYoungGen: 788810K->1236K(776704K)] 875836K->88366K(1463680K), 0.0059200 secs] [Times: user=0.01 sys=0.00, real=0.01 secs] 
2014-07-08T03:08:42.199+0000: 260.830: [GC [PSYoungGen: 759111K->1268K(730944K)] 846242K->88662K(1417920K), 0.0065770 secs] [Times: user=0.01 sys=0.01, real=0.00 secs] 
2014-07-08T03:08:45.553+0000: 264.185: [GC [PSYoungGen: 730932K->1520K(704256K)] 818326K->89042K(1391232K), 0.0107920 secs] [Times: user=0.04 sys=0.00, real=0.01 secs] 
2014-07-08T03:08:48.682+0000: 267.314: [GC [PSYoungGen: 704211K->1126K(678208K)] 791733K->88816K(1365184K), 0.0054530 secs] [Times: user=0.01 sys=0.00, real=0.01 secs] 
2014-07-08T03:08:51.767+0000: 270.398: [GC [PSYoungGen: 678182K->1044K(653632K)] 765872K->88878K(1340608K), 0.0054190 secs] [Times: user=0.02 sys=0.00, real=0.01 secs] 
2014-07-08T03:08:54.741+0000: 273.372: [GC [PSYoungGen: 653588K->1108K(630336K)] 741422K->89038K(1317312K), 0.0058840 secs] [Times: user=0.01 sys=0.00, real=0.00 secs] 
2014-07-08T03:08:57.568+0000: 276.199: [GC [PSYoungGen: 630269K->1286K(608256K)] 718199K->89392K(1295232K), 0.0088950 secs] [Times: user=0.03 sys=0.00, real=0.01 secs] 
2014-07-08T03:09:00.316+0000: 278.948: [GC [PSYoungGen: 608198K->1204K(586880K)] 696304K->89566K(1273856K), 0.0099470 secs] [Times: user=0.04 sys=0.00, real=0.01 secs] 
2014-07-08T03:09:03.007+0000: 281.639: [GC [PSYoungGen: 586868K->1076K(566464K)] 675230K->89510K(1253440K), 0.0047160 secs] [Times: user=0.01 sys=0.00, real=0.01 secs] 
2014-07-08T03:09:05.592+0000: 284.224: [GC [PSYoungGen: 566449K->1232K(547264K)] 654883K->89803K(1234240K), 0.0146160 secs] [Times: user=0.05 sys=0.01, real=0.01 secs] 
2014-07-08T03:09:08.074+0000: 286.706: [GC [PSYoungGen: 547216K->1076K(528576K)] 635787K->89766K(1215552K), 0.0039720 secs] [Times: user=0.01 sys=0.00, real=0.00 secs] 
2014-07-08T03:09:10.462+0000: 289.094: [GC [PSYoungGen: 528563K->1392K(511232K)] 617254K->90210K(1198208K), 0.0173680 secs] [Times: user=0.06 sys=0.00, real=0.01 secs] 
2014-07-08T03:09:12.783+0000: 291.414: [GC [PSYoungGen: 511167K->1044K(494016K)] 599986K->90030K(1180992K), 0.0043560 secs] [Times: user=0.01 sys=0.00, real=0.00 secs] 
2014-07-08T03:09:15.057+0000: 293.688: [GC [PSYoungGen: 493924K->1076K(477888K)] 582910K->90166K(1164864K), 0.0103030 secs] [Times: user=0.03 sys=0.00, real=0.01 secs] 
2014-07-08T03:09:17.248+0000: 295.880: [GC [PSYoungGen: 477876K->1300K(462720K)] 566966K->90478K(1149696K), 0.0035940 secs] [Times: user=0.01 sys=0.00, real=0.00 secs] 
2014-07-08T03:09:19.360+0000: 297.992: [GC [PSYoungGen: 462676K->1200K(447808K)] 551854K->90587K(1134784K), 0.0048710 secs] [Times: user=0.01 sys=0.00, real=0.01 secs] 
2014-07-08T03:09:21.409+0000: 300.040: [GC [PSYoungGen: 447792K->1044K(433536K)] 537179K->90486K(1120512K), 0.0074060 secs] [Times: user=0.02 sys=0.00, real=0.01 secs] 
2014-07-08T03:09:23.384+0000: 302.015: [GC [PSYoungGen: 433489K->1328K(420288K)] 522932K->90818K(1107264K), 0.0046380 secs] [Times: user=0.01 sys=0.00, real=0.01 secs] 
2014-07-08T03:09:25.287+0000: 303.918: [GC [PSYoungGen: 420240K->1449K(407488K)] 509730K->91004K(1094464K), 0.0135320 secs] [Times: user=0.05 sys=0.00, real=0.01 secs] 
2014-07-08T03:09:27.144+0000: 305.776: [GC [PSYoungGen: 407465K->1204K(394816K)] 497020K->90886K(1081792K), 0.0116870 secs] [Times: user=0.04 sys=0.00, real=0.01 secs] 
2014-07-08T03:09:28.928+0000: 307.560: [GC [PSYoungGen: 394804K->1012K(382784K)] 484486K->90806K(1069760K), 0.0037890 secs] [Times: user=0.00 sys=0.00, real=0.00 secs] 
2014-07-08T03:09:30.675+0000: 309.306: [GC [PSYoungGen: 382772K->1232K(371648K)] 472566K->91122K(1058624K), 0.0249050 secs] [Times: user=0.09 sys=0.00, real=0.02 secs] 
2014-07-08T03:09:32.370+0000: 311.002: [GC [PSYoungGen: 371595K->1076K(360576K)] 461485K->91038K(1047552K), 0.0110130 secs] [Times: user=0.04 sys=0.00, real=0.01 secs] 
2014-07-08T03:09:34.028+0000: 312.659: [GC [PSYoungGen: 360536K->948K(350016K)] 450499K->90998K(1036992K), 0.0037040 secs] [Times: user=0.01 sys=0.00, real=0.00 secs] 
2014-07-08T03:09:35.598+0000: 314.230: [GC [PSYoungGen: 349996K->1044K(340160K)] 440046K->91126K(1027136K), 0.0085790 secs] [Times: user=0.03 sys=0.00, real=0.01 secs] 
2014-07-08T03:09:37.138+0000: 315.769: [GC [PSYoungGen: 340116K->1232K(330752K)] 430198K->91403K(1017728K), 0.0138720 secs] [Times: user=0.05 sys=0.00, real=0.01 secs] 
2014-07-08T03:09:38.660+0000: 317.291: [GC [PSYoungGen: 330642K->1165K(321472K)] 420812K->91423K(1008448K), 0.0037190 secs] [Times: user=0.01 sys=0.00, real=0.00 secs] 
2014-07-08T03:09:40.105+0000: 318.737: [GC [PSYoungGen: 321342K->1176K(312640K)] 411600K->91522K(999616K), 0.0038110 secs] [Times: user=0.00 sys=0.00, real=0.01 secs] 
2014-07-08T03:09:41.541+0000: 320.172: [GC [PSYoungGen: 312600K->980K(303936K)] 402946K->91398K(990912K), 0.0047380 secs] [Times: user=0.01 sys=0.00, real=0.00 secs] 
2014-07-08T03:09:42.897+0000: 321.528: [GC [PSYoungGen: 303868K->1151K(295936K)] 394286K->91602K(982912K), 0.0052230 secs] [Times: user=0.01 sys=0.00, real=0.00 secs] 
2014-07-08T03:09:44.254+0000: 322.885: [GC [PSYoungGen: 295935K->1232K(288256K)] 386386K->91731K(975232K), 0.0041790 secs] [Times: user=0.01 sys=0.01, real=0.01 secs] 
2014-07-08T03:09:45.564+0000: 324.196: [GC [PSYoungGen: 288208K->1076K(280512K)] 378707K->91606K(967488K), 0.0064470 secs] [Times: user=0.01 sys=0.00, real=0.01 secs] 
2014-07-08T03:09:46.893+0000: 325.525: [GC [PSYoungGen: 280468K->1801K(274048K)] 370998K->92443K(961024K), 0.0141450 secs] [Times: user=0.05 sys=0.00, real=0.02 secs] 
2014-07-08T03:09:48.097+0000: 326.729: [GC [PSYoungGen: 273992K->1044K(266304K)] 364635K->91766K(953280K), 0.0185620 secs] [Times: user=0.07 sys=0.00, real=0.01 secs] 
2014-07-08T03:09:49.342+0000: 327.974: [GC [PSYoungGen: 266260K->1158K(259712K)] 356982K->91984K(946688K), 0.0062260 secs] [Times: user=0.01 sys=0.00, real=0.01 secs] 
2014-07-08T03:09:50.512+0000: 329.144: [GC [PSYoungGen: 259654K->948K(252992K)] 350480K->91822K(939968K), 0.0058380 secs] [Times: user=0.01 sys=0.00, real=0.01 secs] 
2014-07-08T03:09:51.674+0000: 330.305: [GC [PSYoungGen: 252978K->1104K(246976K)] 343852K->92011K(933952K), 0.0058830 secs] [Times: user=0.01 sys=0.00, real=0.01 secs] 
2014-07-08T03:09:52.810+0000: 331.442: [GC [PSYoungGen: 246928K->948K(240832K)] 337835K->91870K(927808K), 0.0051330 secs] [Times: user=0.01 sys=0.00, real=0.00 secs] 
2014-07-08T03:09:53.911+0000: 332.543: [GC [PSYoungGen: 240820K->980K(235136K)] 331742K->91958K(922112K), 0.0037370 secs] [Times: user=0.01 sys=0.00, real=0.00 secs] 
2014-07-08T03:09:55.016+0000: 333.647: [GC [PSYoungGen: 235051K->1378K(229952K)] 326029K->92396K(916928K), 0.0148480 secs] [Times: user=0.05 sys=0.00, real=0.02 secs] 
2014-07-08T03:09:56.058+0000: 334.689: [GC [PSYoungGen: 229901K->1062K(224320K)] 320919K->92216K(911296K), 0.0047020 secs] [Times: user=0.01 sys=0.00, real=0.01 secs] 
2014-07-08T03:09:57.086+0000: 335.717: [GC [PSYoungGen: 224294K->1534K(219648K)] 315448K->92793K(906624K), 0.0047440 secs] [Times: user=0.01 sys=0.00, real=0.01 secs] 
2014-07-08T03:09:58.062+0000: 336.694: [GC [PSYoungGen: 219646K->1076K(214208K)] 310905K->92446K(901184K), 0.0086540 secs] [Times: user=0.03 sys=0.00, real=0.01 secs] 
2014-07-08T03:09:59.045+0000: 337.676: [GC [PSYoungGen: 214196K->1158K(209536K)] 305566K->92576K(896512K), 0.0061900 secs] [Times: user=0.01 sys=0.01, real=0.01 secs] 
2014-07-08T03:09:59.985+0000: 338.616: [GC [PSYoungGen: 209478K->948K(204672K)] 300896K->92406K(891648K), 0.0095340 secs] [Times: user=0.03 sys=0.00, real=0.01 secs] 
2014-07-08T03:10:00.905+0000: 339.536: [GC [PSYoungGen: 204609K->1119K(200384K)] 296067K->92601K(887360K), 0.0053430 secs] [Times: user=0.00 sys=0.00, real=0.01 secs] 
2014-07-08T03:10:01.821+0000: 340.452: [GC [PSYoungGen: 200351K->948K(195904K)] 291833K->92470K(882880K), 0.0052660 secs] [Times: user=0.01 sys=0.01, real=0.00 secs] 
2014-07-08T03:10:02.701+0000: 341.332: [GC [PSYoungGen: 195887K->1062K(191872K)] 287410K->92616K(878848K), 0.0077260 secs] [Times: user=0.03 sys=0.00, real=0.00 secs] 
2014-07-08T03:10:03.556+0000: 342.187: [GC [PSYoungGen: 191846K->1232K(188032K)] 283400K->92899K(875008K), 0.0086570 secs] [Times: user=0.04 sys=0.00, real=0.01 secs] 
2014-07-08T03:10:04.417+0000: 343.049: [GC [PSYoungGen: 187975K->1126K(184000K)] 279642K->92848K(870976K), 0.0044550 secs] [Times: user=0.02 sys=0.01, real=0.01 secs] 
2014-07-08T03:10:05.240+0000: 343.871: [GC [PSYoungGen: 183974K->1264K(180352K)] 275696K->93018K(867328K), 0.0125640 secs] [Times: user=0.04 sys=0.00, real=0.02 secs] 
2014-07-08T03:10:06.045+0000: 344.676: [GC [PSYoungGen: 180336K->940K(215872K)] 272090K->92962K(902848K), 0.0213290 secs] [Times: user=0.08 sys=0.00, real=0.02 secs] 
2014-07-08T03:10:07.025+0000: 345.656: [GC [PSYoungGen: 215852K->1144K(259072K)] 307874K->93214K(946048K), 0.0087990 secs] [Times: user=0.03 sys=0.00, real=0.01 secs] 
2014-07-08T03:10:08.215+0000: 346.847: [GC [PSYoungGen: 259063K->1268K(310784K)] 351134K->93524K(997760K), 0.0062710 secs] [Times: user=0.01 sys=0.00, real=0.01 secs] 
2014-07-08T03:10:09.633+0000: 348.264: [GC [PSYoungGen: 310772K->1044K(302208K)] 403028K->93396K(989184K), 0.0065340 secs] [Times: user=0.01 sys=0.01, real=0.00 secs] 
2014-07-08T03:10:11.010+0000: 349.642: [GC [PSYoungGen: 302164K->980K(294080K)] 394516K->93452K(981056K), 0.0028670 secs] [Times: user=0.01 sys=0.00, real=0.01 secs] 
2014-07-08T03:10:12.419+0000: 351.050: [GC [PSYoungGen: 294036K->1140K(286464K)] 386508K->93644K(973440K), 0.0033480 secs] [Times: user=0.01 sys=0.00, real=0.01 secs] 
2014-07-08T03:10:13.685+0000: 352.317: [GC [PSYoungGen: 286452K->948K(278784K)] 378956K->93524K(965760K), 0.0057390 secs] [Times: user=0.01 sys=0.00, real=0.01 secs] 
2014-07-08T03:10:14.972+0000: 353.603: [GC [PSYoungGen: 278772K->1012K(271680K)] 371348K->93620K(958656K), 0.0035870 secs] [Times: user=0.01 sys=0.00, real=0.00 secs] 
2014-07-08T03:10:16.203+0000: 354.835: [GC [PSYoungGen: 271668K->1200K(264960K)] 364276K->93849K(951936K), 0.0060440 secs] [Times: user=0.01 sys=0.00, real=0.00 secs] 
2014-07-08T03:10:17.505+0000: 356.137: [GC [PSYoungGen: 264886K->1517K(258624K)] 357535K->94245K(945600K), 0.0098960 secs] [Times: user=0.03 sys=0.00, real=0.01 secs] 
2014-07-08T03:10:18.577+0000: 357.208: [GC [PSYoungGen: 258579K->378K(251072K)] 351307K->93852K(938048K), 0.0106170 secs] [Times: user=0.03 sys=0.01, real=0.01 secs] 
2014-07-08T03:10:19.724+0000: 358.356: [GC [PSYoungGen: 251066K->1390K(245952K)] 344540K->94930K(932928K), 0.0048910 secs] [Times: user=0.00 sys=0.00, real=0.00 secs] 
2014-07-08T03:10:20.844+0000: 359.476: [GC [PSYoungGen: 245934K->1126K(239744K)] 339474K->95140K(926720K), 0.0193470 secs] [Times: user=0.06 sys=0.00, real=0.02 secs] 
2014-07-08T03:10:21.949+0000: 360.581: [GC [PSYoungGen: 239716K->980K(233920K)] 333731K->95058K(920896K), 0.0046650 secs] [Times: user=0.01 sys=0.00, real=0.01 secs] 
2014-07-08T03:10:23.047+0000: 361.679: [GC [PSYoungGen: 233876K->1012K(228416K)] 327954K->95130K(915392K), 0.0049140 secs] [Times: user=0.01 sys=0.00, real=0.00 secs] 
2014-07-08T03:10:24.076+0000: 362.707: [GC [PSYoungGen: 228404K->1012K(223104K)] 322522K->95202K(910080K), 0.0156420 secs] [Times: user=0.06 sys=0.00, real=0.01 secs] 
2014-07-08T03:10:25.083+0000: 363.714: [GC [PSYoungGen: 223091K->1012K(267520K)] 317282K->95266K(954496K), 0.0151770 secs] [Times: user=0.06 sys=0.00, real=0.02 secs] 
2014-07-08T03:10:26.295+0000: 364.926: [GC [PSYoungGen: 267476K->1382K(261184K)] 361731K->95693K(948160K), 0.0070430 secs] [Times: user=0.02 sys=0.00, real=0.00 secs] 
2014-07-08T03:10:27.505+0000: 366.137: [GC [PSYoungGen: 261158K->677K(254016K)] 355469K->95620K(940992K), 0.0055580 secs] [Times: user=0.02 sys=0.00, real=0.00 secs] 
2014-07-08T03:10:28.636+0000: 367.267: [GC [PSYoungGen: 253983K->1276K(248320K)] 348926K->96267K(935296K), 0.0067620 secs] [Times: user=0.03 sys=0.00, real=0.00 secs] 
2014-07-08T03:10:29.790+0000: 368.422: [GC [PSYoungGen: 248285K->1104K(242176K)] 343275K->96487K(929152K), 0.0078130 secs] [Times: user=0.03 sys=0.00, real=0.01 secs] 
2014-07-08T03:10:30.904+0000: 369.535: [GC [PSYoungGen: 242128K->948K(236224K)] 337511K->96363K(923200K), 0.0031130 secs] [Times: user=0.01 sys=0.00, real=0.01 secs] 
2014-07-08T03:10:31.986+0000: 370.618: [GC [PSYoungGen: 236212K->1012K(230720K)] 331627K->96475K(917696K), 0.0028730 secs] [Times: user=0.01 sys=0.00, real=0.00 secs] 
2014-07-08T03:10:33.048+0000: 371.679: [GC [PSYoungGen: 230708K->1200K(225536K)] 326171K->96743K(912512K), 0.0060470 secs] [Times: user=0.01 sys=0.00, real=0.00 secs] 
2014-07-08T03:10:34.074+0000: 372.705: [GC [PSYoungGen: 225520K->1022K(220160K)] 321063K->96695K(907136K), 0.0036580 secs] [Times: user=0.01 sys=0.00, real=0.00 secs] 
2014-07-08T03:10:35.071+0000: 373.703: [GC [PSYoungGen: 220149K->1485K(215680K)] 315822K->97182K(902656K), 0.0043330 secs] [Times: user=0.01 sys=0.00, real=0.01 secs] 
2014-07-08T03:10:36.036+0000: 374.668: [GC [PSYoungGen: 215588K->574K(209920K)] 311285K->96841K(896896K), 0.0027850 secs] [Times: user=0.01 sys=0.00, real=0.00 secs] 
2014-07-08T03:10:36.998+0000: 375.630: [GC [PSYoungGen: 209864K->1390K(206080K)] 306131K->97713K(893056K), 0.0086780 secs] [Times: user=0.03 sys=0.00, real=0.01 secs] 
2014-07-08T03:10:37.942+0000: 376.573: [GC [PSYoungGen: 206061K->1062K(201280K)] 302384K->97711K(888256K), 0.0034990 secs] [Times: user=0.01 sys=0.00, real=0.01 secs] 
2014-07-08T03:10:38.909+0000: 377.540: [GC [PSYoungGen: 201254K->1172K(241472K)] 297903K->97901K(928448K), 0.0284970 secs] [Times: user=0.10 sys=0.00, real=0.03 secs] 
2014-07-08T03:10:39.932+0000: 378.564: [GC [PSYoungGen: 241428K->948K(235456K)] 338157K->97781K(922432K), 0.0065320 secs] [Times: user=0.01 sys=0.00, real=0.01 secs] 
2014-07-08T03:10:41.006+0000: 379.637: [GC [PSYoungGen: 235444K->1080K(230016K)] 332277K->97977K(916992K), 0.0068020 secs] [Times: user=0.02 sys=0.01, real=0.00 secs] 
2014-07-08T03:10:42.053+0000: 380.684: [GC [PSYoungGen: 230003K->1086K(224640K)] 326901K->98073K(911616K), 0.0025490 secs] [Times: user=0.01 sys=0.00, real=0.01 secs] 
2014-07-08T03:10:43.067+0000: 381.698: [GC [PSYoungGen: 224638K->1162K(219584K)] 321625K->98181K(906560K), 0.0026560 secs] [Times: user=0.01 sys=0.00, real=0.00 secs] 
2014-07-08T03:10:44.048+0000: 382.679: [GC [PSYoungGen: 219530K->819K(214208K)] 316549K->98279K(901184K), 0.0034480 secs] [Times: user=0.00 sys=0.00, real=0.00 secs] 
2014-07-08T03:10:45.035+0000: 383.666: [GC [PSYoungGen: 214195K->1458K(210048K)] 311655K->98958K(897024K), 0.0030220 secs] [Times: user=0.01 sys=0.00, real=0.01 secs] 
2014-07-08T03:10:45.998+0000: 384.629: [GC [PSYoungGen: 210034K->702K(204672K)] 307534K->98810K(891648K), 0.0030010 secs] [Times: user=0.01 sys=0.00, real=0.00 secs] 
2014-07-08T03:10:46.942+0000: 385.574: [GC [PSYoungGen: 204670K->1208K(200704K)] 302778K->99380K(887680K), 0.0028500 secs] [Times: user=0.01 sys=0.00, real=0.00 secs] 
2014-07-08T03:10:47.842+0000: 386.473: [GC [PSYoungGen: 200696K->1126K(196352K)] 298868K->99574K(883328K), 0.0051960 secs] [Times: user=0.01 sys=0.01, real=0.01 secs] 
2014-07-08T03:10:48.743+0000: 387.375: [GC [PSYoungGen: 196288K->1044K(192128K)] 294737K->99564K(879104K), 0.0048800 secs] [Times: user=0.01 sys=0.01, real=0.01 secs] 
2014-07-08T03:10:49.617+0000: 388.249: [GC [PSYoungGen: 192052K->880K(187904K)] 290573K->99614K(874880K), 0.0036160 secs] [Times: user=0.00 sys=0.00, real=0.00 secs] 
2014-07-08T03:10:50.484+0000: 389.116: [GC [PSYoungGen: 187888K->1517K(184640K)] 286622K->100291K(871616K), 0.0074060 secs] [Times: user=0.02 sys=0.00, real=0.01 secs] 
2014-07-08T03:10:51.323+0000: 389.955: [GC [PSYoungGen: 184621K->698K(180032K)] 283395K->100005K(867008K), 0.0049700 secs] [Times: user=0.01 sys=0.00, real=0.01 secs] 
2014-07-08T03:10:52.115+0000: 390.746: [GC [PSYoungGen: 180023K->1362K(177088K)] 279330K->100693K(864064K), 0.0029970 secs] [Times: user=0.01 sys=0.00, real=0.01 secs] 
2014-07-08T03:10:52.916+0000: 391.548: [GC [PSYoungGen: 177041K->980K(173184K)] 276372K->100765K(860160K), 0.0036410 secs] [Times: user=0.01 sys=0.01, real=0.01 secs] 
2014-07-08T03:10:53.739+0000: 392.370: [GC [PSYoungGen: 173094K->1420K(170240K)] 272879K->101293K(857216K), 0.0137320 secs] [Times: user=0.04 sys=0.00, real=0.01 secs] 
2014-07-08T03:10:54.520+0000: 393.152: [GC [PSYoungGen: 170188K->890K(203456K)] 270061K->101313K(890432K), 0.0317260 secs] [Times: user=0.11 sys=0.00, real=0.03 secs] 
2014-07-08T03:10:55.425+0000: 394.056: [GC [PSYoungGen: 203401K->1318K(244416K)] 303824K->101789K(931392K), 0.0111830 secs] [Times: user=0.04 sys=0.00, real=0.01 secs] 
2014-07-08T03:10:56.529+0000: 395.161: [GC [PSYoungGen: 244382K->1076K(292800K)] 344853K->101789K(979776K), 0.0083650 secs] [Times: user=0.03 sys=0.00, real=0.00 secs] 
2014-07-08T03:10:57.837+0000: 396.469: [GC [PSYoungGen: 292779K->1030K(351168K)] 393492K->101807K(1038144K), 0.0031400 secs] [Times: user=0.01 sys=0.00, real=0.01 secs] 
2014-07-08T03:10:59.464+0000: 398.095: [GC [PSYoungGen: 351110K->1342K(341376K)] 451887K->102297K(1028352K), 0.0036450 secs] [Times: user=0.01 sys=0.00, real=0.00 secs] 
2014-07-08T03:11:00.940+0000: 399.572: [GC [PSYoungGen: 341324K->980K(331392K)] 442279K->102031K(1018368K), 0.0064010 secs] [Times: user=0.00 sys=0.00, real=0.00 secs] 
2014-07-08T03:11:02.461+0000: 401.093: [GC [PSYoungGen: 331331K->1044K(322240K)] 432382K->102159K(1009216K), 0.0030820 secs] [Times: user=0.00 sys=0.01, real=0.00 secs] 
2014-07-08T03:11:03.928+0000: 402.560: [GC [PSYoungGen: 322196K->1168K(313472K)] 423311K->102379K(1000448K), 0.0034430 secs] [Times: user=0.01 sys=0.00, real=0.01 secs] 
2014-07-08T03:11:05.371+0000: 404.002: [GC [PSYoungGen: 313424K->1206K(304960K)] 414635K->102752K(991936K), 0.0058390 secs] [Times: user=0.01 sys=0.00, real=0.00 secs] 
2014-07-08T03:11:06.755+0000: 405.387: [GC [PSYoungGen: 304893K->1247K(296832K)] 406438K->102872K(983808K), 0.0033310 secs] [Times: user=0.01 sys=0.00, real=0.00 secs] 
2014-07-08T03:11:08.062+0000: 406.693: [GC [PSYoungGen: 296796K->1147K(288832K)] 398421K->103098K(975808K), 0.0073820 secs] [Times: user=0.01 sys=0.00, real=0.01 secs] 
2014-07-08T03:11:09.377+0000: 408.008: [GC [PSYoungGen: 288825K->1424K(281600K)] 390777K->103487K(968576K), 0.0039720 secs] [Times: user=0.01 sys=0.01, real=0.01 secs] 
2014-07-08T03:11:10.626+0000: 409.258: [GC [PSYoungGen: 281511K->948K(273856K)] 383574K->103115K(960832K), 0.0045660 secs] [Times: user=0.01 sys=0.00, real=0.01 secs] 
2014-07-08T03:11:11.867+0000: 410.499: [GC [PSYoungGen: 273834K->1151K(267072K)] 376001K->103366K(954048K), 0.0050720 secs] [Times: user=0.01 sys=0.00, real=0.01 secs] 
2014-07-08T03:11:13.084+0000: 411.716: [GC [PSYoungGen: 267027K->980K(260224K)] 369242K->103243K(947200K), 0.0038880 secs] [Times: user=0.01 sys=0.00, real=0.00 secs] 
2014-07-08T03:11:14.270+0000: 412.902: [GC [PSYoungGen: 260133K->1328K(254080K)] 362396K->103655K(941056K), 0.0105200 secs] [Times: user=0.03 sys=0.00, real=0.01 secs] 
2014-07-08T03:11:15.438+0000: 414.069: [GC [PSYoungGen: 254064K->1140K(247680K)] 356391K->103531K(934656K), 0.0093680 secs] [Times: user=0.03 sys=0.00, real=0.01 secs] 
2014-07-08T03:11:16.535+0000: 415.167: [GC [PSYoungGen: 247664K->1300K(241856K)] 350055K->103819K(928832K), 0.0088480 secs] [Times: user=0.01 sys=0.00, real=0.01 secs] 
2014-07-08T03:11:17.627+0000: 416.259: [GC [PSYoungGen: 241785K->887K(235648K)] 344304K->103698K(922624K), 0.0064770 secs] [Times: user=0.01 sys=0.00, real=0.01 secs] 
2014-07-08T03:11:18.697+0000: 417.329: [GC [PSYoungGen: 235638K->1226K(230464K)] 338450K->104101K(917440K), 0.0106510 secs] [Times: user=0.04 sys=0.00, real=0.01 secs] 
2014-07-08T03:11:19.736+0000: 418.367: [GC [PSYoungGen: 230362K->1207K(225024K)] 333237K->104410K(912000K), 0.0046020 secs] [Times: user=0.01 sys=0.00, real=0.00 secs] 
2014-07-08T03:11:20.754+0000: 419.385: [GC [PSYoungGen: 225015K->1030K(219712K)] 328218K->104297K(906688K), 0.0057690 secs] [Times: user=0.02 sys=0.00, real=0.00 secs] 
2014-07-08T03:11:21.752+0000: 420.384: [GC [PSYoungGen: 219654K->1086K(214720K)] 322921K->104568K(901696K), 0.0036900 secs] [Times: user=0.01 sys=0.00, real=0.00 secs] 
2014-07-08T03:11:22.801+0000: 421.433: [GC [PSYoungGen: 214702K->1474K(210368K)] 318183K->104988K(897344K), 0.0041730 secs] [Times: user=0.01 sys=0.00, real=0.01 secs] 
2014-07-08T03:11:23.766+0000: 422.398: [GC [PSYoungGen: 210306K->748K(204928K)] 313820K->104695K(891904K), 0.0048950 secs] [Times: user=0.01 sys=0.00, real=0.00 secs] 
2014-07-08T03:11:24.673+0000: 423.304: [GC [PSYoungGen: 204908K->1294K(201024K)] 308855K->105313K(888000K), 0.0033510 secs] [Times: user=0.01 sys=0.00, real=0.00 secs] 
2014-07-08T03:11:25.562+0000: 424.193: [GC [PSYoungGen: 200974K->1126K(196480K)] 304993K->105375K(883456K), 0.0048510 secs] [Times: user=0.01 sys=0.01, real=0.01 secs] 
2014-07-08T03:11:26.490+0000: 425.122: [GC [PSYoungGen: 196454K->1172K(192384K)] 300703K->105525K(879360K), 0.0060330 secs] [Times: user=0.02 sys=0.01, real=0.01 secs] 
2014-07-08T03:11:27.366+0000: 425.997: [GC [PSYoungGen: 192339K->1018K(188160K)] 296692K->105658K(875136K), 0.0037890 secs] [Times: user=0.01 sys=0.00, real=0.00 secs] 
2014-07-08T03:11:28.264+0000: 426.896: [GC [PSYoungGen: 188154K->1282K(184576K)] 292794K->105978K(871552K), 0.0051660 secs] [Times: user=0.01 sys=0.00, real=0.00 secs] 
2014-07-08T03:11:29.085+0000: 427.717: [GC [PSYoungGen: 184514K->866K(220800K)] 289210K->105837K(907776K), 0.0332400 secs] [Times: user=0.12 sys=0.00, real=0.03 secs] 
2014-07-08T03:11:30.077+0000: 428.709: [GC [PSYoungGen: 220770K->1076K(265024K)] 325741K->106096K(952000K), 0.0105740 secs] [Times: user=0.04 sys=0.00, real=0.01 secs] 
2014-07-08T03:11:31.287+0000: 429.919: [GC [PSYoungGen: 265012K->1275K(318016K)] 370032K->106465K(1004992K), 0.0101560 secs] [Times: user=0.04 sys=0.00, real=0.01 secs] 
2014-07-08T03:11:32.732+0000: 431.364: [GC [PSYoungGen: 317992K->1133K(309184K)] 423181K->106363K(996160K), 0.0046180 secs] [Times: user=0.01 sys=0.00, real=0.01 secs] 
2014-07-08T03:11:34.138+0000: 432.770: [GC [PSYoungGen: 309165K->802K(300480K)] 414395K->106258K(987456K), 0.0067690 secs] [Times: user=0.01 sys=0.00, real=0.01 secs] 
2014-07-08T03:11:35.510+0000: 434.142: [GC [PSYoungGen: 300435K->1222K(292928K)] 405891K->106726K(979904K), 0.0048310 secs] [Times: user=0.01 sys=0.01, real=0.01 secs] 
2014-07-08T03:11:36.850+0000: 435.481: [GC [PSYoungGen: 292841K->980K(284992K)] 398345K->106726K(971968K), 0.0039580 secs] [Times: user=0.01 sys=0.00, real=0.01 secs] 
2014-07-08T03:11:38.212+0000: 436.844: [GC [PSYoungGen: 284948K->1300K(277888K)] 390694K->107134K(964864K), 0.0189190 secs] [Times: user=0.06 sys=0.01, real=0.02 secs] 
2014-07-08T03:11:39.392+0000: 438.024: [GC [PSYoungGen: 277801K->890K(270336K)] 383634K->107286K(957312K), 0.0051400 secs] [Times: user=0.01 sys=0.00, real=0.01 secs] 
2014-07-08T03:11:40.605+0000: 439.236: [GC [PSYoungGen: 270323K->1475K(264128K)] 376719K->107951K(951104K), 0.0039050 secs] [Times: user=0.01 sys=0.00, real=0.00 secs] 
2014-07-08T03:11:41.775+0000: 440.407: [GC [PSYoungGen: 264058K->948K(256960K)] 370534K->107694K(943936K), 0.0037530 secs] [Times: user=0.01 sys=0.01, real=0.00 secs] 
2014-07-08T03:11:42.950+0000: 441.581: [GC [PSYoungGen: 256948K->1012K(250688K)] 363694K->107790K(937664K), 0.0094830 secs] [Times: user=0.03 sys=0.00, real=0.01 secs] 
2014-07-08T03:11:44.080+0000: 442.711: [GC [PSYoungGen: 250616K->1144K(244736K)] 357394K->107954K(931712K), 0.0158690 secs] [Times: user=0.06 sys=0.00, real=0.02 secs] 
2014-07-08T03:11:45.217+0000: 443.849: [GC [PSYoungGen: 244686K->1545K(239296K)] 351496K->108443K(926272K), 0.0067520 secs] [Times: user=0.02 sys=0.01, real=0.00 secs] 
2014-07-08T03:11:46.317+0000: 444.949: [GC [PSYoungGen: 239162K->633K(232640K)] 346060K->108703K(919616K), 0.0055880 secs] [Times: user=0.01 sys=0.00, real=0.00 secs] 
2014-07-08T03:11:47.386+0000: 446.017: [GC [PSYoungGen: 232633K->1550K(228160K)] 340703K->109667K(915136K), 0.0063440 secs] [Times: user=0.01 sys=0.00, real=0.00 secs] 
2014-07-08T03:11:48.488+0000: 447.119: [GC [PSYoungGen: 228110K->1421K(222784K)] 336227K->110045K(909760K), 0.0037640 secs] [Times: user=0.01 sys=0.00, real=0.00 secs] 
2014-07-08T03:11:49.423+0000: 448.055: [GC [PSYoungGen: 222713K->1108K(217408K)] 331336K->109795K(904384K), 0.0049850 secs] [Times: user=0.01 sys=0.00, real=0.01 secs] 
2014-07-08T03:11:50.409+0000: 449.041: [GC [PSYoungGen: 217362K->1044K(212416K)] 326050K->109779K(899392K), 0.0048760 secs] [Times: user=0.02 sys=0.00, real=0.00 secs] 
2014-07-08T03:11:51.392+0000: 450.023: [GC [PSYoungGen: 212372K->1378K(208000K)] 321107K->110138K(894976K), 0.0040750 secs] [Times: user=0.01 sys=0.00, real=0.01 secs] 
2014-07-08T03:11:52.305+0000: 450.937: [GC [PSYoungGen: 207966K->1357K(203456K)] 316726K->110181K(890432K), 0.0215020 secs] [Times: user=0.08 sys=0.00, real=0.03 secs] 
2014-07-08T03:11:53.216+0000: 451.848: [GC [PSYoungGen: 203405K->1261K(198912K)] 312229K->110173K(885888K), 0.0049550 secs] [Times: user=0.01 sys=0.00, real=0.00 secs] 
2014-07-08T03:11:54.109+0000: 452.741: [GC [PSYoungGen: 198893K->1044K(194432K)] 307805K->109987K(881408K), 0.0049020 secs] [Times: user=0.01 sys=0.01, real=0.00 secs] 
2014-07-08T03:11:54.981+0000: 453.612: [GC [PSYoungGen: 194387K->1112K(190400K)] 303331K->110111K(877376K), 0.0076830 secs] [Times: user=0.01 sys=0.00, real=0.01 secs] 
2014-07-08T03:11:55.859+0000: 454.490: [GC [PSYoungGen: 190358K->1076K(228224K)] 299358K->110139K(915200K), 0.0396920 secs] [Times: user=0.14 sys=0.00, real=0.04 secs] 
2014-07-08T03:11:56.901+0000: 455.532: [GC [PSYoungGen: 228210K->1012K(273600K)] 337274K->110163K(960576K), 0.0039350 secs] [Times: user=0.01 sys=0.00, real=0.00 secs] 
2014-07-08T03:11:58.160+0000: 456.792: [GC [PSYoungGen: 273588K->1402K(328512K)] 382739K->110716K(1015488K), 0.0075350 secs] [Times: user=0.02 sys=0.00, real=0.01 secs] 
2014-07-08T03:11:59.646+0000: 458.278: [GC [PSYoungGen: 328484K->1094K(319168K)] 437797K->110511K(1006144K), 0.0030590 secs] [Times: user=0.01 sys=0.00, real=0.01 secs] 
2014-07-08T03:12:01.094+0000: 459.726: [GC [PSYoungGen: 319110K->980K(310272K)] 428527K->110493K(997248K), 0.0049210 secs] [Times: user=0.02 sys=0.00, real=0.01 secs] 
2014-07-08T03:12:02.509+0000: 461.141: [GC [PSYoungGen: 310228K->1162K(302080K)] 419741K->110707K(989056K), 0.0090440 secs] [Times: user=0.03 sys=0.00, real=0.01 secs] 
2014-07-08T03:12:03.869+0000: 462.501: [GC [PSYoungGen: 302026K->1250K(294080K)] 411571K->110852K(981056K), 0.0043200 secs] [Times: user=0.02 sys=0.00, real=0.00 secs] 
2014-07-08T03:12:05.211+0000: 463.842: [GC [PSYoungGen: 294050K->1360K(286464K)] 403652K->111034K(973440K), 0.0118510 secs] [Times: user=0.05 sys=0.00, real=0.01 secs] 
2014-07-08T03:12:06.526+0000: 465.157: [GC [PSYoungGen: 286416K->816K(278464K)] 396090K->110877K(965440K), 0.0040450 secs] [Times: user=0.01 sys=0.00, real=0.01 secs] 
2014-07-08T03:12:07.778+0000: 466.409: [GC [PSYoungGen: 278448K->1226K(271744K)] 388509K->111442K(958720K), 0.0037310 secs] [Times: user=0.01 sys=0.01, real=0.01 secs] 
2014-07-08T03:12:09.037+0000: 467.668: [GC [PSYoungGen: 271689K->1261K(264832K)] 381905K->111763K(951808K), 0.0048750 secs] [Times: user=0.02 sys=0.00, real=0.01 secs] 
2014-07-08T03:12:10.211+0000: 468.843: [GC [PSYoungGen: 264813K->1197K(258112K)] 375315K->111763K(945088K), 0.0056000 secs] [Times: user=0.01 sys=0.00, real=0.00 secs] 
2014-07-08T03:12:11.392+0000: 470.023: [GC [PSYoungGen: 258087K->1015K(251520K)] 368653K->112068K(938496K), 0.0155580 secs] [Times: user=0.04 sys=0.01, real=0.01 secs] 
2014-07-08T03:12:12.546+0000: 471.177: [GC [PSYoungGen: 251511K->1222K(245632K)] 362564K->112308K(932608K), 0.0065410 secs] [Times: user=0.02 sys=0.00, real=0.01 secs] 
2014-07-08T03:12:13.660+0000: 472.292: [GC [PSYoungGen: 245549K->1215K(239680K)] 356635K->112567K(926656K), 0.0067560 secs] [Times: user=0.01 sys=0.00, real=0.00 secs] 
2014-07-08T03:12:14.715+0000: 473.347: [GC [PSYoungGen: 239679K->1168K(233984K)] 351031K->112576K(920960K), 0.0078460 secs] [Times: user=0.03 sys=0.00, real=0.01 secs] 
2014-07-08T03:12:15.785+0000: 474.416: [GC [PSYoungGen: 233936K->1044K(228352K)] 345344K->112508K(915328K), 0.0031260 secs] [Times: user=0.01 sys=0.00, real=0.00 secs] 
2014-07-08T03:12:16.830+0000: 475.462: [GC [PSYoungGen: 228308K->1136K(223104K)] 339772K->112696K(910080K), 0.0099430 secs] [Times: user=0.03 sys=0.00, real=0.01 secs] 
2014-07-08T03:12:17.857+0000: 476.489: [GC [PSYoungGen: 223052K->1133K(217984K)] 334612K->112757K(904960K), 0.0043360 secs] [Times: user=0.01 sys=0.00, real=0.01 secs] 
2014-07-08T03:12:18.926+0000: 477.557: [GC [PSYoungGen: 217965K->1328K(213248K)] 329589K->113016K(900224K), 0.0090600 secs] [Times: user=0.03 sys=0.00, real=0.01 secs] 
2014-07-08T03:12:19.820+0000: 478.451: [GC [PSYoungGen: 213232K->880K(208064K)] 324920K->112764K(895040K), 0.0056220 secs] [Times: user=0.01 sys=0.00, real=0.01 secs] 
2014-07-08T03:12:20.768+0000: 479.399: [GC [PSYoungGen: 208048K->1012K(203584K)] 319932K->112944K(890560K), 0.0067090 secs] [Times: user=0.03 sys=0.00, real=0.01 secs] 
2014-07-08T03:12:21.687+0000: 480.319: [GC [PSYoungGen: 203572K->980K(199168K)] 315504K->112952K(886144K), 0.0038360 secs] [Times: user=0.01 sys=0.00, real=0.01 secs] 
2014-07-08T03:12:22.595+0000: 481.226: [GC [PSYoungGen: 199124K->1012K(194880K)] 311096K->113024K(881856K), 0.0053270 secs] [Times: user=0.02 sys=0.00, real=0.00 secs] 
2014-07-08T03:12:23.477+0000: 482.108: [GC [PSYoungGen: 194868K->1104K(190848K)] 306880K->113164K(877824K), 0.0038240 secs] [Times: user=0.01 sys=0.00, real=0.00 secs] 
2014-07-08T03:12:24.360+0000: 482.992: [GC [PSYoungGen: 190775K->1044K(186816K)] 302835K->113136K(873792K), 0.0048090 secs] [Times: user=0.01 sys=0.00, real=0.01 secs] 
2014-07-08T03:12:25.233+0000: 483.864: [GC [PSYoungGen: 186772K->1012K(182912K)] 298864K->113248K(869888K), 0.0083240 secs] [Times: user=0.02 sys=0.00, real=0.01 secs] 
2014-07-08T03:12:26.078+0000: 484.709: [GC [PSYoungGen: 182900K->1076K(179264K)] 295136K->113392K(866240K), 0.0043320 secs] [Times: user=0.01 sys=0.00, real=0.01 secs] 
2014-07-08T03:12:26.889+0000: 485.520: [GC [PSYoungGen: 179252K->1012K(175616K)] 291568K->113448K(862592K), 0.0039420 secs] [Times: user=0.01 sys=0.00, real=0.01 secs] 
2014-07-08T03:12:27.692+0000: 486.323: [GC [PSYoungGen: 175604K->1012K(172096K)] 288040K->113520K(859072K), 0.0071420 secs] [Times: user=0.02 sys=0.00, real=0.01 secs] 
2014-07-08T03:12:28.500+0000: 487.132: [GC [PSYoungGen: 172084K->944K(168640K)] 284592K->113680K(855616K), 0.0032510 secs] [Times: user=0.01 sys=0.00, real=0.01 secs] 
2014-07-08T03:12:29.245+0000: 487.877: [GC [PSYoungGen: 168621K->1190K(165632K)] 281357K->113998K(852608K), 0.0119400 secs] [Times: user=0.05 sys=0.00, real=0.01 secs] 
2014-07-08T03:12:29.973+0000: 488.604: [GC [PSYoungGen: 165602K->819K(162048K)] 278410K->114058K(849024K), 0.0103920 secs] [Times: user=0.03 sys=0.00, real=0.01 secs] 
2014-07-08T03:12:30.730+0000: 489.361: [GC [PSYoungGen: 162035K->1294K(159488K)] 275274K->114573K(846464K), 0.0077960 secs] [Times: user=0.03 sys=0.00, real=0.01 secs] 
2014-07-08T03:12:31.451+0000: 490.082: [GC [PSYoungGen: 159426K->822K(156032K)] 272706K->114621K(843008K), 0.0028650 secs] [Times: user=0.00 sys=0.00, real=0.01 secs] 
2014-07-08T03:12:32.167+0000: 490.799: [GC [PSYoungGen: 156015K->1048K(153408K)] 269815K->114879K(840384K), 0.0048140 secs] [Times: user=0.01 sys=0.00, real=0.01 secs] 
2014-07-08T03:12:32.868+0000: 491.499: [GC [PSYoungGen: 153327K->1044K(183872K)] 267158K->115031K(870848K), 0.0220410 secs] [Times: user=0.07 sys=0.00, real=0.02 secs] 
2014-07-08T03:12:33.723+0000: 492.354: [GC [PSYoungGen: 183827K->1236K(220672K)] 297815K->115303K(907648K), 0.0090800 secs] [Times: user=0.02 sys=0.00, real=0.00 secs] 
2014-07-08T03:12:34.705+0000: 493.336: [GC [PSYoungGen: 220628K->748K(264064K)] 334695K->115119K(951040K), 0.0040930 secs] [Times: user=0.01 sys=0.01, real=0.00 secs] 
2014-07-08T03:12:35.907+0000: 494.538: [GC [PSYoungGen: 264044K->1108K(257856K)] 378415K->115535K(944832K), 0.0038040 secs] [Times: user=0.00 sys=0.01, real=0.00 secs] 
2014-07-08T03:12:37.069+0000: 495.700: [GC [PSYoungGen: 257793K->1030K(251392K)] 372221K->115601K(938368K), 0.0031980 secs] [Times: user=0.01 sys=0.00, real=0.00 secs] 
2014-07-08T03:12:38.214+0000: 496.845: [GC [PSYoungGen: 251303K->1222K(245440K)] 365875K->115873K(932416K), 0.0179460 secs] [Times: user=0.07 sys=0.00, real=0.01 secs] 
2014-07-08T03:12:39.356+0000: 497.988: [GC [PSYoungGen: 245382K->630K(238912K)] 360033K->116164K(925888K), 0.0095970 secs] [Times: user=0.04 sys=0.00, real=0.01 secs] 
2014-07-08T03:12:40.410+0000: 499.041: [GC [PSYoungGen: 238902K->1574K(234176K)] 354436K->117222K(921152K), 0.0062190 secs] [Times: user=0.01 sys=0.00, real=0.01 secs] 
2014-07-08T03:12:41.472+0000: 500.104: [GC [PSYoungGen: 234149K->1000K(228096K)] 349797K->117342K(915072K), 0.0049560 secs] [Times: user=0.01 sys=0.00, real=0.01 secs] 
2014-07-08T03:12:42.527+0000: 501.158: [GC [PSYoungGen: 228072K->1126K(222912K)] 344414K->117532K(909888K), 0.0034760 secs] [Times: user=0.01 sys=0.00, real=0.00 secs] 
2014-07-08T03:12:43.539+0000: 502.171: [GC [PSYoungGen: 222886K->1264K(217920K)] 339292K->117808K(904896K), 0.0187510 secs] [Times: user=0.06 sys=0.00, real=0.02 secs] 
2014-07-08T03:12:44.542+0000: 503.174: [GC [PSYoungGen: 217869K->1229K(212992K)] 334413K->117821K(899968K), 0.0078230 secs] [Times: user=0.03 sys=0.00, real=0.01 secs] 
2014-07-08T03:12:45.481+0000: 504.112: [GC [PSYoungGen: 212941K->1086K(255168K)] 329533K->117824K(942144K), 0.0142320 secs] [Times: user=0.05 sys=0.00, real=0.02 secs] 
2014-07-08T03:12:46.732+0000: 505.364: [GC [PSYoungGen: 255166K->1506K(306432K)] 371904K->118348K(993408K), 0.0209590 secs] [Times: user=0.08 sys=0.00, real=0.02 secs] 
2014-07-08T03:12:48.041+0000: 506.672: [GC [PSYoungGen: 306379K->752K(366656K)] 423221K->118106K(1053632K), 0.0128200 secs] [Times: user=0.05 sys=0.00, real=0.01 secs] 
2014-07-08T03:12:49.703+0000: 508.334: [GC [PSYoungGen: 366640K->1176K(356416K)] 483994K->118594K(1043392K), 0.0040460 secs] [Times: user=0.01 sys=0.00, real=0.01 secs] 
2014-07-08T03:12:51.346+0000: 509.978: [GC [PSYoungGen: 356366K->1044K(346048K)] 473784K->118738K(1033024K), 0.0165240 secs] [Times: user=0.06 sys=0.00, real=0.01 secs] 
2014-07-08T03:12:52.901+0000: 511.532: [GC [PSYoungGen: 346002K->1200K(336320K)] 463696K->118950K(1023296K), 0.0116620 secs] [Times: user=0.04 sys=0.01, real=0.01 secs] 
2014-07-08T03:12:54.478+0000: 513.110: [GC [PSYoungGen: 336301K->1082K(326784K)] 454051K->119184K(1013760K), 0.0070820 secs] [Times: user=0.02 sys=0.00, real=0.00 secs] 
2014-07-08T03:12:55.887+0000: 514.518: [GC [PSYoungGen: 326737K->1140K(317760K)] 444839K->119370K(1004736K), 0.0064240 secs] [Times: user=0.01 sys=0.00, real=0.00 secs] 
2014-07-08T03:12:57.353+0000: 515.984: [GC [PSYoungGen: 317748K->1140K(309056K)] 435978K->119538K(996032K), 0.0066350 secs] [Times: user=0.01 sys=0.00, real=0.01 secs] 
2014-07-08T03:12:58.750+0000: 517.381: [GC [PSYoungGen: 309044K->1140K(300736K)] 427442K->119634K(987712K), 0.0061290 secs] [Times: user=0.01 sys=0.00, real=0.00 secs] 
2014-07-08T03:13:00.166+0000: 518.798: [GC [PSYoungGen: 300632K->1065K(292672K)] 419126K->119795K(979648K), 0.0041150 secs] [Times: user=0.01 sys=0.00, real=0.00 secs] 
2014-07-08T03:13:01.504+0000: 520.136: [GC [PSYoungGen: 292649K->1012K(284928K)] 411379K->119814K(971904K), 0.0108320 secs] [Times: user=0.04 sys=0.00, real=0.01 secs] 
2014-07-08T03:13:02.790+0000: 521.422: [GC [PSYoungGen: 284916K->948K(277440K)] 403718K->119830K(964416K), 0.0067320 secs] [Times: user=0.02 sys=0.00, real=0.00 secs] 
2014-07-08T03:13:04.048+0000: 522.679: [GC [PSYoungGen: 277397K->1364K(270784K)] 396280K->120286K(957760K), 0.0082910 secs] [Times: user=0.03 sys=0.00, real=0.00 secs] 
2014-07-08T03:13:05.280+0000: 523.912: [GC [PSYoungGen: 270707K->1012K(263552K)] 389629K->120038K(950528K), 0.0229690 secs] [Times: user=0.08 sys=0.00, real=0.02 secs] 
2014-07-08T03:13:06.506+0000: 525.138: [GC [PSYoungGen: 263540K->1204K(257152K)] 382566K->120310K(944128K), 0.0050860 secs] [Times: user=0.01 sys=0.00, real=0.01 secs] 
2014-07-08T03:13:07.651+0000: 526.283: [GC [PSYoungGen: 257140K->1012K(250624K)] 376246K->120238K(937600K), 0.0040360 secs] [Times: user=0.01 sys=0.00, real=0.00 secs] 
2014-07-08T03:13:08.795+0000: 527.427: [GC [PSYoungGen: 250560K->1247K(244800K)] 369787K->120601K(931776K), 0.0079530 secs] [Times: user=0.03 sys=0.00, real=0.01 secs] 
2014-07-08T03:13:09.925+0000: 528.557: [GC [PSYoungGen: 244752K->954K(238592K)] 364106K->120570K(925568K), 0.0035290 secs] [Times: user=0.01 sys=0.00, real=0.01 secs] 
2014-07-08T03:13:11.016+0000: 529.648: [GC [PSYoungGen: 238586K->1094K(233088K)] 358202K->120782K(920064K), 0.0038620 secs] [Times: user=0.01 sys=0.00, real=0.01 secs] 
2014-07-08T03:13:12.068+0000: 530.699: [GC [PSYoungGen: 233030K->994K(227520K)] 352718K->120902K(914496K), 0.0247540 secs] [Times: user=0.08 sys=0.00, real=0.03 secs] 
2014-07-08T03:13:13.112+0000: 531.743: [GC [PSYoungGen: 227451K->1410K(222720K)] 347359K->121366K(909696K), 0.0072910 secs] [Times: user=0.03 sys=0.00, real=0.01 secs] 
2014-07-08T03:13:14.127+0000: 532.759: [GC [PSYoungGen: 222658K->510K(216704K)] 342614K->120952K(903680K), 0.0060230 secs] [Times: user=0.01 sys=0.00, real=0.01 secs] 
2014-07-08T03:13:15.102+0000: 533.733: [GC [PSYoungGen: 216702K->1400K(212672K)] 337144K->121866K(899648K), 0.0036120 secs] [Times: user=0.01 sys=0.00, real=0.00 secs] 
2014-07-08T03:13:16.073+0000: 534.704: [GC [PSYoungGen: 212622K->1200K(207744K)] 333088K->122031K(894720K), 0.0121600 secs] [Times: user=0.05 sys=0.00, real=0.01 secs] 
2014-07-08T03:13:17.016+0000: 535.647: [GC [PSYoungGen: 207696K->1094K(203136K)] 328527K->121996K(890112K), 0.0070890 secs] [Times: user=0.03 sys=0.00, real=0.01 secs] 
2014-07-08T03:13:17.948+0000: 536.580: [GC [PSYoungGen: 203078K->744K(198336K)] 323980K->122302K(885312K), 0.0115360 secs] [Times: user=0.04 sys=0.00, real=0.02 secs] 
2014-07-08T03:13:18.856+0000: 537.487: [GC [PSYoungGen: 198312K->1176K(194560K)] 319870K->122774K(881536K), 0.0049600 secs] [Times: user=0.01 sys=0.00, real=0.01 secs] 
2014-07-08T03:13:19.732+0000: 538.363: [GC [PSYoungGen: 194510K->1044K(190336K)] 316108K->122902K(877312K), 0.0041860 secs] [Times: user=0.01 sys=0.00, real=0.00 secs] 
2014-07-08T03:13:20.601+0000: 539.232: [GC [PSYoungGen: 190287K->1044K(186368K)] 312146K->122974K(873344K), 0.0034610 secs] [Times: user=0.01 sys=0.00, real=0.00 secs] 
2014-07-08T03:13:21.522+0000: 540.154: [GC [PSYoungGen: 186285K->950K(182400K)] 308216K->123405K(869376K), 0.0059110 secs] [Times: user=0.01 sys=0.00, real=0.00 secs] 
2014-07-08T03:13:22.279+0000: 540.910: [GC [PSYoungGen: 182390K->1408K(179200K)] 304845K->123919K(866176K), 0.0051450 secs] [Times: user=0.01 sys=0.00, real=0.01 secs] 
2014-07-08T03:13:23.090+0000: 541.722: [GC [PSYoungGen: 179136K->948K(175104K)] 301647K->123897K(862080K), 0.0031410 secs] [Times: user=0.01 sys=0.00, real=0.00 secs] 
2014-07-08T03:13:23.873+0000: 542.504: [GC [PSYoungGen: 175078K->1062K(171776K)] 298026K->124035K(858752K), 0.0033000 secs] [Times: user=0.01 sys=0.00, real=0.00 secs] 
2014-07-08T03:13:24.728+0000: 543.359: [GC [PSYoungGen: 171692K->1240K(168576K)] 294665K->124245K(855552K), 0.0070980 secs] [Times: user=0.03 sys=0.00, real=0.01 secs] 
2014-07-08T03:13:25.451+0000: 544.083: [GC [PSYoungGen: 168536K->1236K(165312K)] 291541K->124321K(852288K), 0.0146000 secs] [Times: user=0.05 sys=0.00, real=0.01 secs] 
2014-07-08T03:13:26.179+0000: 544.810: [GC [PSYoungGen: 165180K->691K(161600K)] 288265K->124282K(848576K), 0.0033560 secs] [Times: user=0.01 sys=0.00, real=0.01 secs] 
2014-07-08T03:13:26.919+0000: 545.550: [GC [PSYoungGen: 161585K->1308K(159168K)] 285176K->124923K(846144K), 0.0108030 secs] [Times: user=0.04 sys=0.00, real=0.01 secs] 
2014-07-08T03:13:27.652+0000: 546.284: [GC [PSYoungGen: 159049K->1083K(155968K)] 282664K->125108K(842944K), 0.0034840 secs] [Times: user=0.01 sys=0.00, real=0.00 secs] 
2014-07-08T03:13:28.444+0000: 547.075: [GC [PSYoungGen: 155916K->1382K(153408K)] 279941K->125479K(840384K), 0.0044500 secs] [Times: user=0.01 sys=0.00, real=0.00 secs] 
2014-07-08T03:13:29.104+0000: 547.735: [GC [PSYoungGen: 153355K->866K(183296K)] 277452K->125189K(870272K), 0.0289040 secs] [Times: user=0.10 sys=0.00, real=0.03 secs] 
2014-07-08T03:13:29.931+0000: 548.563: [GC [PSYoungGen: 183229K->1546K(220480K)] 307552K->125941K(907456K), 0.0045740 secs] [Times: user=0.01 sys=0.00, real=0.00 secs] 
2014-07-08T03:13:30.917+0000: 549.549: [GC [PSYoungGen: 220426K->894K(263552K)] 344821K->125739K(950528K), 0.0134550 secs] [Times: user=0.05 sys=0.00, real=0.01 secs] 
2014-07-08T03:13:32.145+0000: 550.777: [GC [PSYoungGen: 263550K->1258K(316480K)] 388395K->126143K(1003456K), 0.0066340 secs] [Times: user=0.01 sys=0.00, real=0.01 secs] 
2014-07-08T03:13:33.611+0000: 552.242: [GC [PSYoungGen: 316443K->948K(307520K)] 441329K->126031K(994496K), 0.0031540 secs] [Times: user=0.01 sys=0.00, real=0.01 secs] 
2014-07-08T03:13:35.076+0000: 553.708: [GC [PSYoungGen: 307507K->1258K(299520K)] 432591K->126381K(986496K), 0.0045410 secs] [Times: user=0.01 sys=0.00, real=0.00 secs] 
2014-07-08T03:13:36.408+0000: 555.039: [GC [PSYoungGen: 299483K->1126K(359040K)] 424606K->126441K(1046016K), 0.0377900 secs] [Times: user=0.13 sys=0.00, real=0.04 secs] 
2014-07-08T03:13:38.032+0000: 556.664: [GC [PSYoungGen: 359014K->1229K(348800K)] 484329K->126640K(1035776K), 0.0035570 secs] [Times: user=0.01 sys=0.00, real=0.00 secs] 
2014-07-08T03:13:39.658+0000: 558.290: [GC [PSYoungGen: 348721K->944K(338560K)] 474133K->126705K(1025536K), 0.0078970 secs] [Times: user=0.02 sys=0.00, real=0.01 secs] 
2014-07-08T03:13:41.167+0000: 559.799: [GC [PSYoungGen: 338541K->1379K(329472K)] 464302K->127310K(1016448K), 0.0113470 secs] [Times: user=0.04 sys=0.01, real=0.01 secs] 
2014-07-08T03:13:42.681+0000: 561.312: [GC [PSYoungGen: 329443K->862K(319808K)] 455374K->127199K(1006784K), 0.0040270 secs] [Times: user=0.00 sys=0.00, real=0.01 secs] 
2014-07-08T03:13:44.142+0000: 562.774: [GC [PSYoungGen: 319757K->1012K(311168K)] 446095K->127461K(998144K), 0.0108970 secs] [Times: user=0.04 sys=0.00, real=0.02 secs] 
2014-07-08T03:13:45.572+0000: 564.203: [GC [PSYoungGen: 311156K->1076K(302784K)] 437605K->127557K(989760K), 0.0084930 secs] [Times: user=0.03 sys=0.00, real=0.01 secs] 
2014-07-08T03:13:46.949+0000: 565.580: [GC [PSYoungGen: 302772K->1108K(294720K)] 429253K->127741K(981696K), 0.0176790 secs] [Times: user=0.06 sys=0.00, real=0.02 secs] 
2014-07-08T03:13:48.310+0000: 566.942: [GC [PSYoungGen: 294651K->1004K(286784K)] 421285K->128156K(973760K), 0.0158710 secs] [Times: user=0.06 sys=0.01, real=0.02 secs] 
2014-07-08T03:13:49.591+0000: 568.222: [GC [PSYoungGen: 286764K->1584K(279872K)] 413916K->128784K(966848K), 0.0048190 secs] [Times: user=0.00 sys=0.00, real=0.01 secs] 
2014-07-08T03:13:50.850+0000: 569.482: [GC [PSYoungGen: 279819K->748K(271872K)] 407018K->128630K(958848K), 0.0065270 secs] [Times: user=0.01 sys=0.00, real=0.01 secs] 
2014-07-08T03:13:52.098+0000: 570.729: [GC [PSYoungGen: 271852K->1428K(265664K)] 399734K->129334K(952640K), 0.0037790 secs] [Times: user=0.01 sys=0.00, real=0.00 secs] 
2014-07-08T03:13:53.312+0000: 571.944: [GC [PSYoungGen: 265620K->1012K(258560K)] 393526K->129218K(945536K), 0.0120570 secs] [Times: user=0.04 sys=0.01, real=0.01 secs] 
2014-07-08T03:13:54.495+0000: 573.126: [GC [PSYoungGen: 258511K->1328K(252480K)] 386717K->129566K(939456K), 0.0069300 secs] [Times: user=0.01 sys=0.00, real=0.01 secs] 
2014-07-08T03:13:55.671+0000: 574.302: [GC [PSYoungGen: 252464K->1140K(246144K)] 380702K->129426K(933120K), 0.0036430 secs] [Times: user=0.01 sys=0.00, real=0.00 secs] 
2014-07-08T03:13:56.761+0000: 575.393: [GC [PSYoungGen: 246132K->1012K(240064K)] 374418K->129506K(927040K), 0.0035850 secs] [Times: user=0.01 sys=0.00, real=0.01 secs] 
2014-07-08T03:13:57.861+0000: 576.492: [GC [PSYoungGen: 240052K->1300K(234688K)] 368546K->129850K(921664K), 0.0039130 secs] [Times: user=0.01 sys=0.00, real=0.01 secs] 
2014-07-08T03:13:58.914+0000: 577.546: [GC [PSYoungGen: 234634K->1044K(228928K)] 363184K->129682K(915904K), 0.0038740 secs] [Times: user=0.01 sys=0.00, real=0.01 secs] 
2014-07-08T03:13:59.958+0000: 578.589: [GC [PSYoungGen: 228884K->1080K(223616K)] 357522K->129782K(910592K), 0.0095320 secs] [Times: user=0.04 sys=0.00, real=0.01 secs] 
2014-07-08T03:14:00.998+0000: 579.629: [GC [PSYoungGen: 223587K->1048K(218496K)] 352289K->129806K(905472K), 0.0049020 secs] [Times: user=0.01 sys=0.01, real=0.00 secs] 
2014-07-08T03:14:02.017+0000: 580.649: [GC [PSYoungGen: 218444K->1094K(213632K)] 347202K->129908K(900608K), 0.0119750 secs] [Times: user=0.05 sys=0.00, real=0.01 secs] 
2014-07-08T03:14:02.947+0000: 581.579: [GC [PSYoungGen: 213574K->1012K(208704K)] 342388K->129898K(895680K), 0.0046460 secs] [Times: user=0.02 sys=0.00, real=0.00 secs] 
2014-07-08T03:14:03.889+0000: 582.520: [GC [PSYoungGen: 208692K->980K(204096K)] 337578K->129898K(891072K), 0.0109580 secs] [Times: user=0.04 sys=0.00, real=0.01 secs] 
2014-07-08T03:14:04.853+0000: 583.484: [GC [PSYoungGen: 204052K->1392K(200064K)] 332970K->130358K(887040K), 0.0098450 secs] [Times: user=0.02 sys=0.00, real=0.01 secs] 
2014-07-08T03:14:05.737+0000: 584.368: [GC [PSYoungGen: 200012K->802K(239232K)] 328977K->130100K(926208K), 0.0292020 secs] [Times: user=0.09 sys=0.00, real=0.02 secs] 
2014-07-08T03:14:06.836+0000: 585.467: [GC [PSYoungGen: 239200K->1194K(287296K)] 368498K->130556K(974272K), 0.0082680 secs] [Times: user=0.01 sys=0.00, real=0.01 secs] 
2014-07-08T03:14:08.162+0000: 586.793: [GC [PSYoungGen: 287274K->980K(344320K)] 416636K->130604K(1031296K), 0.0037660 secs] [Times: user=0.01 sys=0.00, real=0.00 secs] 
2014-07-08T03:14:09.769+0000: 588.400: [GC [PSYoungGen: 344241K->1204K(334720K)] 473865K->130908K(1021696K), 0.0075910 secs] [Times: user=0.03 sys=0.01, real=0.00 secs] 
2014-07-08T03:14:11.257+0000: 589.888: [GC [PSYoungGen: 334689K->1012K(401280K)] 464393K->130910K(1088256K), 0.0253920 secs] [Times: user=0.08 sys=0.00, real=0.02 secs] 
2014-07-08T03:14:13.085+0000: 591.717: [GC [PSYoungGen: 401268K->1044K(389184K)] 531166K->131030K(1076160K), 0.0043070 secs] [Times: user=0.01 sys=0.00, real=0.01 secs] 
2014-07-08T03:14:14.858+0000: 593.490: [GC [PSYoungGen: 389091K->1015K(377472K)] 519077K->131223K(1064448K), 0.0030650 secs] [Times: user=0.01 sys=0.00, real=0.00 secs] 
2014-07-08T03:14:16.566+0000: 595.198: [GC [PSYoungGen: 377463K->1452K(366784K)] 507671K->131724K(1053760K), 0.0044840 secs] [Times: user=0.01 sys=0.00, real=0.01 secs] 
2014-07-08T03:14:18.233+0000: 596.864: [GC [PSYoungGen: 366735K->638K(355264K)] 497007K->131658K(1042240K), 0.0035770 secs] [Times: user=0.01 sys=0.00, real=0.00 secs] 
2014-07-08T03:14:19.862+0000: 598.493: [GC [PSYoungGen: 355262K->1282K(345728K)] 486282K->132342K(1032704K), 0.0051810 secs] [Times: user=0.01 sys=0.00, real=0.00 secs] 
2014-07-08T03:14:21.465+0000: 600.096: [GC [PSYoungGen: 345666K->1336K(335936K)] 476726K->132770K(1022912K), 0.0126350 secs] [Times: user=0.04 sys=0.00, real=0.01 secs] 
2014-07-08T03:14:22.988+0000: 601.619: [GC [PSYoungGen: 335885K->1044K(326272K)] 467319K->132550K(1013248K), 0.0046320 secs] [Times: user=0.01 sys=0.00, real=0.01 secs] 
2014-07-08T03:14:24.484+0000: 603.116: [GC [PSYoungGen: 326228K->812K(316992K)] 457734K->132702K(1003968K), 0.0214070 secs] [Times: user=0.07 sys=0.00, real=0.02 secs] 
2014-07-08T03:14:25.917+0000: 604.548: [GC [PSYoungGen: 316960K->1240K(308736K)] 448851K->133170K(995712K), 0.0033980 secs] [Times: user=0.01 sys=0.00, real=0.01 secs] 
2014-07-08T03:14:27.361+0000: 605.993: [GC [PSYoungGen: 308696K->1124K(300288K)] 440626K->133665K(987264K), 0.0042470 secs] [Times: user=0.01 sys=0.01, real=0.00 secs] 
2014-07-08T03:14:28.713+0000: 607.345: [GC [PSYoungGen: 300260K->1364K(292544K)] 432801K->133969K(979520K), 0.0040940 secs] [Times: user=0.01 sys=0.00, real=0.00 secs] 
2014-07-08T03:14:30.040+0000: 608.671: [GC [PSYoungGen: 292500K->958K(284416K)] 425105K->133940K(971392K), 0.0038540 secs] [Times: user=0.01 sys=0.00, real=0.01 secs] 
2014-07-08T03:14:31.361+0000: 609.993: [GC [PSYoungGen: 284404K->1140K(277248K)] 417386K->134210K(964224K), 0.0045960 secs] [Times: user=0.01 sys=0.00, real=0.00 secs] 
2014-07-08T03:14:32.618+0000: 611.249: [GC [PSYoungGen: 277211K->1136K(270144K)] 410282K->134295K(957120K), 0.0047140 secs] [Times: user=0.01 sys=0.00, real=0.01 secs] 
2014-07-08T03:14:33.869+0000: 612.500: [GC [PSYoungGen: 270117K->1168K(263360K)] 403276K->134383K(950336K), 0.0065500 secs] [Times: user=0.01 sys=0.01, real=0.01 secs] 
2014-07-08T03:14:35.053+0000: 613.684: [GC [PSYoungGen: 263301K->980K(256576K)] 396516K->134234K(943552K), 0.0032910 secs] [Times: user=0.01 sys=0.00, real=0.00 secs] 
2014-07-08T03:14:36.226+0000: 614.857: [GC [PSYoungGen: 256532K->1140K(250368K)] 389786K->134458K(937344K), 0.0038180 secs] [Times: user=0.01 sys=0.00, real=0.00 secs] 
2014-07-08T03:14:37.351+0000: 615.982: [GC [PSYoungGen: 250356K->1185K(244352K)] 383674K->135095K(931328K), 0.0314020 secs] [Times: user=0.11 sys=0.00, real=0.03 secs] 
2014-07-08T03:14:38.457+0000: 617.089: [GC [PSYoungGen: 244321K->1222K(238528K)] 378231K->135188K(925504K), 0.0036590 secs] [Times: user=0.01 sys=0.00, real=0.00 secs] 
2014-07-08T03:14:39.564+0000: 618.195: [GC [PSYoungGen: 238470K->1140K(232768K)] 372436K->135308K(919744K), 0.0117070 secs] [Times: user=0.04 sys=0.00, real=0.01 secs] 
2014-07-08T03:14:40.616+0000: 619.248: [GC [PSYoungGen: 232756K->1200K(227392K)] 366924K->135425K(914368K), 0.0151930 secs] [Times: user=0.05 sys=0.00, real=0.01 secs] 
2014-07-08T03:14:41.640+0000: 620.271: [GC [PSYoungGen: 227376K->1076K(272512K)] 361601K->135380K(959488K), 0.0258350 secs] [Times: user=0.09 sys=0.00, real=0.03 secs] 
2014-07-08T03:14:42.909+0000: 621.540: [GC [PSYoungGen: 272500K->1108K(326912K)] 406804K->135460K(1013888K), 0.0089250 secs] [Times: user=0.03 sys=0.00, real=0.01 secs] 
2014-07-08T03:14:44.370+0000: 623.002: [GC [PSYoungGen: 326839K->1132K(317824K)] 461192K->135761K(1004800K), 0.0035170 secs] [Times: user=0.01 sys=0.00, real=0.01 secs] 
2014-07-08T03:14:45.803+0000: 624.434: [GC [PSYoungGen: 317804K->1158K(309184K)] 452433K->135819K(996160K), 0.0043560 secs] [Times: user=0.01 sys=0.00, real=0.00 secs] 
2014-07-08T03:14:47.211+0000: 625.842: [GC [PSYoungGen: 309126K->994K(300672K)] 443787K->135931K(987648K), 0.0104660 secs] [Times: user=0.03 sys=0.00, real=0.01 secs] 
2014-07-08T03:14:48.616+0000: 627.247: [GC [PSYoungGen: 300642K->1076K(292736K)] 435579K->136085K(979712K), 0.0033860 secs] [Times: user=0.01 sys=0.00, real=0.00 secs] 
2014-07-08T03:14:50.006+0000: 628.638: [GC [PSYoungGen: 292723K->1264K(285248K)] 427732K->136377K(972224K), 0.0110230 secs] [Times: user=0.04 sys=0.00, real=0.01 secs] 
2014-07-08T03:14:51.255+0000: 629.887: [GC [PSYoungGen: 285232K->1076K(277632K)] 420345K->136285K(964608K), 0.0054970 secs] [Times: user=0.01 sys=0.00, real=0.00 secs] 
2014-07-08T03:14:52.534+0000: 631.166: [GC [PSYoungGen: 277620K->994K(270464K)] 412829K->136431K(957440K), 0.0040750 secs] [Times: user=0.01 sys=0.01, real=0.00 secs] 
2014-07-08T03:14:53.731+0000: 632.362: [GC [PSYoungGen: 270433K->1094K(263744K)] 405870K->136579K(950720K), 0.0033910 secs] [Times: user=0.01 sys=0.00, real=0.01 secs] 
2014-07-08T03:14:54.930+0000: 633.562: [GC [PSYoungGen: 263685K->1076K(257088K)] 399170K->136667K(944064K), 0.0087920 secs] [Times: user=0.01 sys=0.00, real=0.01 secs] 
2014-07-08T03:14:56.104+0000: 634.735: [GC [PSYoungGen: 257076K->1300K(251008K)] 392667K->136939K(937984K), 0.0042700 secs] [Times: user=0.01 sys=0.00, real=0.01 secs] 
2014-07-08T03:14:57.250+0000: 635.882: [GC [PSYoungGen: 250943K->688K(244288K)] 386582K->136835K(931264K), 0.0054190 secs] [Times: user=0.01 sys=0.01, real=0.01 secs] 
2014-07-08T03:14:58.372+0000: 637.004: [GC [PSYoungGen: 244272K->1450K(239168K)] 380419K->137677K(926144K), 0.0133140 secs] [Times: user=0.05 sys=0.00, real=0.02 secs] 
2014-07-08T03:14:59.460+0000: 638.092: [GC [PSYoungGen: 239146K->954K(232960K)] 375373K->138009K(919936K), 0.0089390 secs] [Times: user=0.02 sys=0.00, real=0.01 secs] 
2014-07-08T03:15:00.512+0000: 639.144: [GC [PSYoungGen: 232954K->1652K(228224K)] 370009K->138755K(915200K), 0.0094700 secs] [Times: user=0.02 sys=0.00, real=0.01 secs] 
2014-07-08T03:15:01.535+0000: 640.166: [GC [PSYoungGen: 228212K->1018K(272896K)] 365315K->138571K(959872K), 0.0239260 secs] [Times: user=0.09 sys=0.00, real=0.03 secs] 
2014-07-08T03:15:02.801+0000: 641.432: [GC [PSYoungGen: 272879K->1290K(327616K)] 410432K->138923K(1014592K), 0.0163330 secs] [Times: user=0.06 sys=0.00, real=0.02 secs] 
2014-07-08T03:15:04.291+0000: 642.922: [GC [PSYoungGen: 327562K->1108K(392704K)] 465195K->138879K(1079680K), 0.0170470 secs] [Times: user=0.06 sys=0.00, real=0.02 secs] 
2014-07-08T03:15:06.100+0000: 644.732: [GC [PSYoungGen: 392660K->1108K(380928K)] 530431K->138927K(1067904K), 0.0090440 secs] [Times: user=0.02 sys=0.00, real=0.01 secs] 
2014-07-08T03:15:07.854+0000: 646.485: [GC [PSYoungGen: 380884K->1076K(369600K)] 518703K->139047K(1056576K), 0.0056380 secs] [Times: user=0.01 sys=0.00, real=0.01 secs] 
2014-07-08T03:15:09.570+0000: 648.202: [GC [PSYoungGen: 369588K->1328K(359040K)] 507559K->139419K(1046016K), 0.0050650 secs] [Times: user=0.01 sys=0.00, real=0.00 secs] 
2014-07-08T03:15:11.142+0000: 649.773: [GC [PSYoungGen: 358985K->1044K(348416K)] 497076K->139223K(1035392K), 0.0064100 secs] [Times: user=0.01 sys=0.00, real=0.01 secs] 
2014-07-08T03:15:12.741+0000: 651.373: [GC [PSYoungGen: 348370K->1044K(338496K)] 486550K->139303K(1025472K), 0.0061750 secs] [Times: user=0.02 sys=0.00, real=0.01 secs] 
2014-07-08T03:15:14.286+0000: 652.918: [GC [PSYoungGen: 338452K->1044K(328960K)] 476711K->139367K(1015936K), 0.0048320 secs] [Times: user=0.01 sys=0.01, real=0.01 secs] 
2014-07-08T03:15:15.833+0000: 654.465: [GC [PSYoungGen: 328909K->1222K(320000K)] 467232K->139609K(1006976K), 0.0075650 secs] [Times: user=0.02 sys=0.00, real=0.01 secs] 
2014-07-08T03:15:17.267+0000: 655.898: [GC [PSYoungGen: 319942K->1044K(311040K)] 458329K->139591K(998016K), 0.0058420 secs] [Times: user=0.01 sys=0.00, real=0.01 secs] 
2014-07-08T03:15:18.646+0000: 657.278: [GC [PSYoungGen: 310996K->980K(302528K)] 449543K->139623K(989504K), 0.0062450 secs] [Times: user=0.01 sys=0.00, real=0.01 secs] 
2014-07-08T03:15:20.041+0000: 658.673: [GC [PSYoungGen: 302446K->1236K(294720K)] 441090K->139951K(981696K), 0.0048810 secs] [Times: user=0.01 sys=0.00, real=0.00 secs] 
2014-07-08T03:15:21.385+0000: 660.016: [GC [PSYoungGen: 294676K->1204K(286848K)] 433391K->139983K(973824K), 0.0070310 secs] [Times: user=0.01 sys=0.00, real=0.01 secs] 
2014-07-08T03:15:22.714+0000: 661.346: [GC [PSYoungGen: 286833K->880K(279040K)] 425612K->139895K(966016K), 0.0070500 secs] [Times: user=0.03 sys=0.00, real=0.01 secs] 
2014-07-08T03:15:23.997+0000: 662.628: [GC [PSYoungGen: 278992K->1115K(272128K)] 418007K->140186K(959104K), 0.0040650 secs] [Times: user=0.01 sys=0.00, real=0.01 secs] 
2014-07-08T03:15:25.256+0000: 663.888: [GC [PSYoungGen: 272091K->1076K(265152K)] 411162K->140251K(952128K), 0.0071930 secs] [Times: user=0.02 sys=0.00, real=0.01 secs] 
2014-07-08T03:15:26.482+0000: 665.113: [GC [PSYoungGen: 265116K->1236K(258688K)] 404291K->140491K(945664K), 0.0180960 secs] [Times: user=0.07 sys=0.00, real=0.02 secs] 
2014-07-08T03:15:27.646+0000: 666.278: [GC [PSYoungGen: 258634K->752K(251776K)] 397889K->140363K(938752K), 0.0145940 secs] [Times: user=0.05 sys=0.00, real=0.02 secs] 
2014-07-08T03:15:28.786+0000: 667.417: [GC [PSYoungGen: 251760K->1194K(246080K)] 391371K->140919K(933056K), 0.0088080 secs] [Times: user=0.03 sys=0.00, real=0.01 secs] 
2014-07-08T03:15:29.915+0000: 668.546: [GC [PSYoungGen: 246058K->980K(239936K)] 385783K->140951K(926912K), 0.0043650 secs] [Times: user=0.01 sys=0.01, real=0.01 secs] 
2014-07-08T03:15:31.061+0000: 669.693: [GC [PSYoungGen: 239891K->1108K(234368K)] 379862K->141127K(921344K), 0.0096170 secs] [Times: user=0.04 sys=0.00, real=0.01 secs] 
2014-07-08T03:15:32.074+0000: 670.706: [GC [PSYoungGen: 234324K->812K(228544K)] 374343K->141167K(915520K), 0.0105150 secs] [Times: user=0.04 sys=0.00, real=0.01 secs] 
2014-07-08T03:15:33.116+0000: 671.747: [GC [PSYoungGen: 228487K->1126K(223552K)] 368842K->141537K(910528K), 0.0037480 secs] [Times: user=0.01 sys=0.00, real=0.00 secs] 
2014-07-08T03:15:34.127+0000: 672.758: [GC [PSYoungGen: 223526K->866K(218176K)] 363937K->141473K(905152K), 0.0058630 secs] [Times: user=0.01 sys=0.00, real=0.01 secs] 
2014-07-08T03:15:35.133+0000: 673.765: [GC [PSYoungGen: 218141K->1044K(213440K)] 358748K->141699K(900416K), 0.0033760 secs] [Times: user=0.01 sys=0.00, real=0.00 secs] 
2014-07-08T03:15:36.110+0000: 674.741: [GC [PSYoungGen: 213357K->869K(208512K)] 354012K->141941K(895488K), 0.0100620 secs] [Times: user=0.04 sys=0.00, real=0.01 secs] 
2014-07-08T03:15:37.040+0000: 675.672: [GC [PSYoungGen: 208485K->1212K(250368K)] 349557K->142371K(937344K), 0.0275120 secs] [Times: user=0.09 sys=0.00, real=0.02 secs] 
2014-07-08T03:15:38.196+0000: 676.827: [GC [PSYoungGen: 250332K->741K(299776K)] 391492K->142687K(986752K), 0.0045760 secs] [Times: user=0.01 sys=0.00, real=0.01 secs] 
2014-07-08T03:15:39.557+0000: 678.188: [GC [PSYoungGen: 299749K->1492K(292544K)] 441695K->143502K(979520K), 0.0049200 secs] [Times: user=0.01 sys=0.00, real=0.01 secs] 
2014-07-08T03:15:40.846+0000: 679.477: [GC [PSYoungGen: 292477K->820K(284160K)] 434487K->143284K(971136K), 0.0135160 secs] [Times: user=0.03 sys=0.01, real=0.01 secs] 
2014-07-08T03:15:42.146+0000: 680.777: [GC [PSYoungGen: 284148K->1094K(277120K)] 426612K->143590K(964096K), 0.0046880 secs] [Times: user=0.01 sys=0.00, real=0.00 secs] 
2014-07-08T03:15:43.423+0000: 682.055: [GC [PSYoungGen: 277062K->1044K(269952K)] 419558K->143718K(956928K), 0.0045690 secs] [Times: user=0.01 sys=0.00, real=0.00 secs] 
2014-07-08T03:15:44.656+0000: 683.287: [GC [PSYoungGen: 269908K->1076K(263104K)] 412582K->143782K(950080K), 0.0122170 secs] [Times: user=0.05 sys=0.00, real=0.01 secs] 
2014-07-08T03:15:45.854+0000: 684.486: [GC [PSYoungGen: 263092K->1076K(256512K)] 405798K->143862K(943488K), 0.0036670 secs] [Times: user=0.01 sys=0.00, real=0.00 secs] 
2014-07-08T03:15:47.029+0000: 685.660: [GC [PSYoungGen: 256459K->1350K(250496K)] 399245K->144248K(937472K), 0.0039830 secs] [Times: user=0.01 sys=0.00, real=0.01 secs] 
2014-07-08T03:15:48.164+0000: 686.796: [GC [PSYoungGen: 250438K->638K(243648K)] 393336K->143966K(930624K), 0.0028480 secs] [Times: user=0.01 sys=0.00, real=0.00 secs] 
2014-07-08T03:15:49.288+0000: 687.919: [GC [PSYoungGen: 243631K->1304K(238464K)] 386959K->144696K(925440K), 0.0065510 secs] [Times: user=0.01 sys=0.00, real=0.01 secs] 
2014-07-08T03:15:50.366+0000: 688.998: [GC [PSYoungGen: 238414K->1076K(232576K)] 381806K->144728K(919552K), 0.0045430 secs] [Times: user=0.01 sys=0.00, real=0.00 secs] 
2014-07-08T03:15:51.457+0000: 690.089: [GC [PSYoungGen: 232560K->1328K(227392K)] 376212K->145012K(914368K), 0.0041300 secs] [Times: user=0.01 sys=0.00, real=0.00 secs] 
2014-07-08T03:15:52.464+0000: 691.096: [GC [PSYoungGen: 227345K->698K(221504K)] 371029K->144818K(908480K), 0.0036820 secs] [Times: user=0.01 sys=0.00, real=0.00 secs] 
2014-07-08T03:15:53.473+0000: 692.104: [GC [PSYoungGen: 221484K->1531K(217280K)] 365604K->145766K(904256K), 0.0113010 secs] [Times: user=0.03 sys=0.00, real=0.02 secs] 
2014-07-08T03:15:54.472+0000: 693.104: [GC [PSYoungGen: 217263K->890K(211776K)] 361497K->145712K(898752K), 0.0073140 secs] [Times: user=0.01 sys=0.00, real=0.01 secs] 
2014-07-08T03:15:55.432+0000: 694.064: [GC [PSYoungGen: 211770K->1396K(207552K)] 356592K->146242K(894528K), 0.0116610 secs] [Times: user=0.03 sys=0.00, real=0.02 secs] 
2014-07-08T03:15:56.423+0000: 695.055: [GC [PSYoungGen: 207540K->1214K(248640K)] 352386K->146395K(935616K), 0.0256940 secs] [Times: user=0.10 sys=0.00, real=0.02 secs] 
2014-07-08T03:15:57.570+0000: 696.202: [GC [PSYoungGen: 248638K->1751K(298752K)] 393819K->147093K(985728K), 0.0058000 secs] [Times: user=0.01 sys=0.00, real=0.01 secs] 
2014-07-08T03:15:58.864+0000: 697.495: [GC [PSYoungGen: 298672K->638K(289664K)] 444014K->146426K(976640K), 0.0079540 secs] [Times: user=0.03 sys=0.00, real=0.01 secs] 
2014-07-08T03:16:00.196+0000: 698.828: [GC [PSYoungGen: 289655K->1596K(283008K)] 435444K->147433K(969984K), 0.0060060 secs] [Times: user=0.02 sys=0.00, real=0.00 secs] 
2014-07-08T03:16:01.588+0000: 700.220: [GC [PSYoungGen: 283004K->1268K(275392K)] 428841K->147422K(962368K), 0.0059510 secs] [Times: user=0.01 sys=0.01, real=0.01 secs] 
2014-07-08T03:16:02.756+0000: 701.388: [GC [PSYoungGen: 275349K->1218K(268352K)] 421504K->147477K(955328K), 0.0053000 secs] [Times: user=0.02 sys=0.00, real=0.00 secs] 
2014-07-08T03:16:03.973+0000: 702.604: [GC [PSYoungGen: 268290K->1012K(261312K)] 414549K->147310K(948288K), 0.0048570 secs] [Times: user=0.01 sys=0.00, real=0.01 secs] 
2014-07-08T03:16:05.140+0000: 703.772: [GC [PSYoungGen: 261300K->1314K(255104K)] 407598K->147645K(942080K), 0.0135150 secs] [Times: user=0.05 sys=0.00, real=0.01 secs] 
2014-07-08T03:16:06.403+0000: 705.034: [GC [PSYoungGen: 255074K->1396K(248896K)] 401405K->147862K(935872K), 0.0097950 secs] [Times: user=0.03 sys=0.00, real=0.01 secs] 
2014-07-08T03:16:07.463+0000: 706.095: [GC [PSYoungGen: 248884K->1172K(242688K)] 395350K->147758K(929664K), 0.0054460 secs] [Times: user=0.01 sys=0.01, real=0.01 secs] 
2014-07-08T03:16:08.576+0000: 707.208: [GC [PSYoungGen: 242644K->1012K(236672K)] 389230K->147888K(923648K), 0.0209330 secs] [Times: user=0.07 sys=0.00, real=0.02 secs] 
2014-07-08T03:16:09.649+0000: 708.281: [GC [PSYoungGen: 236660K->1044K(231168K)] 383536K->147976K(918144K), 0.0036420 secs] [Times: user=0.01 sys=0.00, real=0.00 secs] 
2014-07-08T03:16:10.777+0000: 709.408: [GC [PSYoungGen: 231122K->1172K(225920K)] 378055K->148192K(912896K), 0.0049610 secs] [Times: user=0.01 sys=0.00, real=0.00 secs] 
2014-07-08T03:16:11.772+0000: 710.404: [GC [PSYoungGen: 225876K->1332K(220864K)] 372896K->148433K(907840K), 0.0037550 secs] [Times: user=0.01 sys=0.00, real=0.00 secs] 
2014-07-08T03:16:12.713+0000: 711.345: [GC [PSYoungGen: 220852K->932K(264384K)] 367953K->148537K(951360K), 0.0314970 secs] [Times: user=0.11 sys=0.00, real=0.03 secs] 
2014-07-08T03:16:13.906+0000: 712.537: [GC [PSYoungGen: 264334K->1346K(317568K)] 411938K->148975K(1004544K), 0.0067950 secs] [Times: user=0.02 sys=0.00, real=0.01 secs] 
2014-07-08T03:16:15.365+0000: 713.996: [GC [PSYoungGen: 317486K->1076K(308544K)] 465115K->148874K(995520K), 0.0037890 secs] [Times: user=0.02 sys=0.00, real=0.01 secs] 
2014-07-08T03:16:16.865+0000: 715.497: [GC [PSYoungGen: 308456K->1556K(300736K)] 456254K->149443K(987712K), 0.0161630 secs] [Times: user=0.06 sys=0.00, real=0.02 secs] 
2014-07-08T03:16:18.159+0000: 716.791: [GC [PSYoungGen: 300684K->826K(291968K)] 448571K->149357K(978944K), 0.0053050 secs] [Times: user=0.01 sys=0.00, real=0.00 secs] 
2014-07-08T03:16:19.485+0000: 718.116: [GC [PSYoungGen: 291962K->1506K(284992K)] 440493K->150117K(971968K), 0.0069920 secs] [Times: user=0.02 sys=0.00, real=0.01 secs] 
2014-07-08T03:16:20.765+0000: 719.396: [GC [PSYoungGen: 284960K->980K(277120K)] 433570K->149769K(964096K), 0.0067010 secs] [Times: user=0.01 sys=0.00, real=0.01 secs] 
2014-07-08T03:16:22.033+0000: 720.664: [GC [PSYoungGen: 277076K->1012K(270016K)] 425865K->149857K(956992K), 0.0035930 secs] [Times: user=0.01 sys=0.00, real=0.00 secs] 
2014-07-08T03:16:23.272+0000: 721.903: [GC [PSYoungGen: 270004K->1012K(263168K)] 418849K->149929K(950144K), 0.0201680 secs] [Times: user=0.07 sys=0.00, real=0.02 secs] 
2014-07-08T03:16:24.503+0000: 723.134: [GC [PSYoungGen: 263156K->1360K(256960K)] 412073K->150301K(943936K), 0.0111830 secs] [Times: user=0.04 sys=0.00, real=0.01 secs] 
2014-07-08T03:16:25.625+0000: 724.256: [GC [PSYoungGen: 256912K->1214K(250432K)] 405853K->150269K(937408K), 0.0038030 secs] [Times: user=0.02 sys=0.00, real=0.01 secs] 
2014-07-08T03:16:26.819+0000: 725.450: [GC [PSYoungGen: 250416K->1232K(244416K)] 399471K->150439K(931392K), 0.0167700 secs] [Times: user=0.06 sys=0.00, real=0.01 secs] 
2014-07-08T03:16:27.885+0000: 726.517: [GC [PSYoungGen: 244322K->1012K(292800K)] 393529K->150339K(979776K), 0.0165810 secs] [Times: user=0.06 sys=0.00, real=0.02 secs] 
2014-07-08T03:16:29.225+0000: 727.857: [GC [PSYoungGen: 292788K->1140K(285184K)] 442115K->150531K(972160K), 0.0071110 secs] [Times: user=0.01 sys=0.00, real=0.01 secs] 
2014-07-08T03:16:30.558+0000: 729.190: [GC [PSYoungGen: 285159K->1304K(277952K)] 434550K->150801K(964928K), 0.0157930 secs] [Times: user=0.06 sys=0.00, real=0.01 secs] 
2014-07-08T03:16:31.794+0000: 730.426: [GC [PSYoungGen: 277868K->1012K(270528K)] 427365K->150573K(957504K), 0.0045310 secs] [Times: user=0.01 sys=0.00, real=0.00 secs] 
2014-07-08T03:16:33.027+0000: 731.658: [GC [PSYoungGen: 270516K->986K(263680K)] 420077K->150817K(950656K), 0.0103250 secs] [Times: user=0.04 sys=0.00, real=0.01 secs] 
2014-07-08T03:16:34.246+0000: 732.878: [GC [PSYoungGen: 263640K->1108K(257216K)] 413471K->151011K(944192K), 0.0074200 secs] [Times: user=0.01 sys=0.00, real=0.01 secs] 
2014-07-08T03:16:35.432+0000: 734.063: [GC [PSYoungGen: 257172K->1214K(250944K)] 407075K->151231K(937920K), 0.0193140 secs] [Times: user=0.07 sys=0.00, real=0.02 secs] 
2014-07-08T03:16:36.609+0000: 735.240: [GC [PSYoungGen: 250881K->1557K(301312K)] 400898K->151686K(988288K), 0.0285270 secs] [Times: user=0.11 sys=0.00, real=0.03 secs] 
2014-07-08T03:16:37.924+0000: 736.556: [GC [PSYoungGen: 301269K->574K(360256K)] 451398K->151443K(1047232K), 0.0040180 secs] [Times: user=0.01 sys=0.00, real=0.00 secs] 
2014-07-08T03:16:39.619+0000: 738.250: [GC [PSYoungGen: 360254K->1422K(350720K)] 511123K->152355K(1037696K), 0.0033650 secs] [Times: user=0.01 sys=0.00, real=0.01 secs] 
2014-07-08T03:16:41.247+0000: 739.879: [GC [PSYoungGen: 350656K->1048K(340352K)] 501589K->152455K(1027328K), 0.0071260 secs] [Times: user=0.01 sys=0.00, real=0.01 secs] 
2014-07-08T03:16:42.799+0000: 741.431: [GC [PSYoungGen: 340312K->1012K(330688K)] 491719K->152467K(1017664K), 0.0036760 secs] [Times: user=0.01 sys=0.01, real=0.01 secs] 
2014-07-08T03:16:44.334+0000: 742.965: [GC [PSYoungGen: 330676K->1402K(321856K)] 482131K->152971K(1008832K), 0.0049720 secs] [Times: user=0.01 sys=0.00, real=0.00 secs] 
2014-07-08T03:16:45.810+0000: 744.442: [GC [PSYoungGen: 321788K->1304K(312960K)] 473357K->152897K(999936K), 0.0234510 secs] [Times: user=0.07 sys=0.00, real=0.03 secs] 
2014-07-08T03:16:47.254+0000: 745.886: [GC [PSYoungGen: 312920K->752K(303872K)] 464513K->152741K(990848K), 0.0051540 secs] [Times: user=0.01 sys=0.00, real=0.00 secs] 
2014-07-08T03:16:48.657+0000: 747.289: [GC [PSYoungGen: 303856K->1410K(296448K)] 455845K->153495K(983424K), 0.0117890 secs] [Times: user=0.04 sys=0.01, real=0.01 secs] 
2014-07-08T03:16:49.978+0000: 748.610: [GC [PSYoungGen: 296344K->1151K(288320K)] 448429K->153422K(975296K), 0.0066520 secs] [Times: user=0.01 sys=0.00, real=0.01 secs] 
2014-07-08T03:16:51.298+0000: 749.929: [GC [PSYoungGen: 288319K->1140K(280768K)] 440590K->153443K(967744K), 0.0049620 secs] [Times: user=0.01 sys=0.01, real=0.01 secs] 
2014-07-08T03:16:52.580+0000: 751.212: [GC [PSYoungGen: 280756K->1214K(273600K)] 433059K->153687K(960576K), 0.0040650 secs] [Times: user=0.01 sys=0.01, real=0.01 secs] 
2014-07-08T03:16:53.784+0000: 752.415: [GC [PSYoungGen: 273556K->1076K(266496K)] 426030K->153669K(953472K), 0.0196860 secs] [Times: user=0.06 sys=0.00, real=0.02 secs] 
2014-07-08T03:16:55.006+0000: 753.637: [GC [PSYoungGen: 266484K->980K(259712K)] 419077K->153629K(946688K), 0.0034670 secs] [Times: user=0.01 sys=0.00, real=0.00 secs] 
2014-07-08T03:16:56.175+0000: 754.807: [GC [PSYoungGen: 259668K->1126K(253376K)] 412317K->153839K(940352K), 0.0202100 secs] [Times: user=0.07 sys=0.00, real=0.02 secs] 
2014-07-08T03:16:57.346+0000: 755.977: [GC [PSYoungGen: 253350K->1206K(247232K)] 406063K->154342K(934208K), 0.0102860 secs] [Times: user=0.03 sys=0.00, real=0.01 secs] 
2014-07-08T03:16:58.473+0000: 757.105: [GC [PSYoungGen: 247195K->1222K(241344K)] 400330K->154453K(928320K), 0.0076850 secs] [Times: user=0.01 sys=0.00, real=0.00 secs] 
2014-07-08T03:16:59.584+0000: 758.215: [GC [PSYoungGen: 241268K->1076K(235392K)] 394500K->154493K(922368K), 0.0055530 secs] [Times: user=0.01 sys=0.01, real=0.00 secs] 
2014-07-08T03:17:00.671+0000: 759.302: [GC [PSYoungGen: 235370K->1388K(230144K)] 388788K->154854K(917120K), 0.0054350 secs] [Times: user=0.01 sys=0.00, real=0.01 secs] 
2014-07-08T03:17:01.696+0000: 760.327: [GC [PSYoungGen: 230124K->980K(224384K)] 383590K->154485K(911360K), 0.0080320 secs] [Times: user=0.03 sys=0.00, real=0.01 secs] 
2014-07-08T03:17:02.733+0000: 761.365: [GC [PSYoungGen: 224340K->1471K(219648K)] 377845K->155024K(906624K), 0.0044990 secs] [Times: user=0.01 sys=0.00, real=0.00 secs] 
2014-07-08T03:17:03.750+0000: 762.382: [GC [PSYoungGen: 219626K->1004K(214208K)] 373180K->154890K(901184K), 0.0071140 secs] [Times: user=0.02 sys=0.00, real=0.01 secs] 
2014-07-08T03:17:04.695+0000: 763.326: [GC [PSYoungGen: 214162K->1496K(209920K)] 368048K->155422K(896896K), 0.0081360 secs] [Times: user=0.02 sys=0.01, real=0.00 secs] 
2014-07-08T03:17:05.674+0000: 764.306: [GC [PSYoungGen: 209880K->951K(251072K)] 363806K->155327K(938048K), 0.0466040 secs] [Times: user=0.17 sys=0.00, real=0.04 secs] 
2014-07-08T03:17:06.809+0000: 765.441: [GC [PSYoungGen: 251063K->1194K(301376K)] 405439K->155657K(988352K), 0.0043690 secs] [Times: user=0.01 sys=0.00, real=0.00 secs] 
2014-07-08T03:17:08.206+0000: 766.838: [GC [PSYoungGen: 301354K->1140K(361344K)] 455817K->155865K(1048320K), 0.0055920 secs] [Times: user=0.02 sys=0.00, real=0.00 secs] 
2014-07-08T03:17:09.858+0000: 768.489: [GC [PSYoungGen: 361332K->1012K(350720K)] 516057K->155841K(1037696K), 0.0043300 secs] [Times: user=0.01 sys=0.00, real=0.00 secs] 
2014-07-08T03:17:11.457+0000: 770.088: [GC [PSYoungGen: 350708K->1236K(340928K)] 505537K->156129K(1027904K), 0.0124090 secs] [Times: user=0.05 sys=0.00, real=0.01 secs] 
2014-07-08T03:17:13.018+0000: 771.649: [GC [PSYoungGen: 340884K->1168K(331264K)] 495777K->156158K(1018240K), 0.0054510 secs] [Times: user=0.01 sys=0.00, real=0.00 secs] 
2014-07-08T03:17:14.527+0000: 773.159: [GC [PSYoungGen: 331216K->894K(321728K)] 486206K->156137K(1008704K), 0.0074980 secs] [Times: user=0.03 sys=0.01, real=0.00 secs] 
2014-07-08T03:17:15.994+0000: 774.625: [GC [PSYoungGen: 321726K->1094K(313152K)] 476969K->156377K(1000128K), 0.0181510 secs] [Times: user=0.07 sys=0.00, real=0.02 secs] 
2014-07-08T03:17:17.572+0000: 776.203: [GC [PSYoungGen: 313070K->1317K(304832K)] 468354K->157170K(991808K), 0.0221530 secs] [Times: user=0.08 sys=0.00, real=0.02 secs] 
2014-07-08T03:17:18.835+0000: 777.467: [GC [PSYoungGen: 304802K->1258K(296576K)] 460656K->157264K(983552K), 0.0114460 secs] [Times: user=0.04 sys=0.00, real=0.02 secs] 
2014-07-08T03:17:20.220+0000: 778.852: [GC [PSYoungGen: 296520K->1062K(288512K)] 452526K->157346K(975488K), 0.0116810 secs] [Times: user=0.04 sys=0.01, real=0.01 secs] 
2014-07-08T03:17:21.553+0000: 780.184: [GC [PSYoungGen: 288424K->1144K(281024K)] 444708K->157484K(968000K), 0.0056410 secs] [Times: user=0.02 sys=0.00, real=0.01 secs] 
2014-07-08T03:17:22.816+0000: 781.448: [GC [PSYoungGen: 281016K->1044K(273728K)] 437356K->157432K(960704K), 0.0036770 secs] [Times: user=0.02 sys=0.00, real=0.00 secs] 
2014-07-08T03:17:24.068+0000: 782.700: [GC [PSYoungGen: 273684K->1012K(266688K)] 430072K->157488K(953664K), 0.0154010 secs] [Times: user=0.06 sys=0.00, real=0.01 secs] 
2014-07-08T03:17:25.258+0000: 783.890: [GC [PSYoungGen: 266662K->1012K(259968K)] 423138K->157552K(946944K), 0.0085850 secs] [Times: user=0.03 sys=0.00, real=0.00 secs] 
2014-07-08T03:17:26.460+0000: 785.091: [GC [PSYoungGen: 259913K->1108K(253632K)] 416452K->157720K(940608K), 0.0061500 secs] [Times: user=0.01 sys=0.00, real=0.00 secs] 
2014-07-08T03:17:27.672+0000: 786.303: [GC [PSYoungGen: 253539K->1304K(247616K)] 410151K->157996K(934592K), 0.0074750 secs] [Times: user=0.03 sys=0.00, real=0.01 secs] 
2014-07-08T03:17:28.717+0000: 787.348: [GC [PSYoungGen: 247576K->1012K(241280K)] 404268K->157840K(928256K), 0.0170130 secs] [Times: user=0.06 sys=0.00, real=0.02 secs] 
2014-07-08T03:17:29.801+0000: 788.432: [GC [PSYoungGen: 241268K->980K(235520K)] 398096K->157880K(922496K), 0.0134200 secs] [Times: user=0.05 sys=0.00, real=0.01 secs] 
2014-07-08T03:17:30.898+0000: 789.530: [GC [PSYoungGen: 235475K->1172K(230144K)] 392375K->158120K(917120K), 0.0057880 secs] [Times: user=0.02 sys=0.00, real=0.00 secs] 
2014-07-08T03:17:31.916+0000: 790.548: [GC [PSYoungGen: 230100K->1044K(224640K)] 387048K->158040K(911616K), 0.0041120 secs] [Times: user=0.01 sys=0.00, real=0.01 secs] 
2014-07-08T03:17:32.948+0000: 791.580: [GC [PSYoungGen: 224596K->1144K(219520K)] 381592K->158220K(906496K), 0.0105240 secs] [Times: user=0.04 sys=0.00, real=0.01 secs] 
2014-07-08T03:17:33.949+0000: 792.581: [GC [PSYoungGen: 219512K->980K(214400K)] 376588K->158136K(901376K), 0.0120140 secs] [Times: user=0.03 sys=0.00, real=0.01 secs] 
2014-07-08T03:17:34.961+0000: 793.593: [GC [PSYoungGen: 214343K->1030K(209664K)] 371499K->158210K(896640K), 0.0067440 secs] [Times: user=0.01 sys=0.00, real=0.01 secs] 
2014-07-08T03:17:35.907+0000: 794.539: [GC [PSYoungGen: 209606K->1015K(204992K)] 366786K->158409K(891968K), 0.0033280 secs] [Times: user=0.01 sys=0.00, real=0.01 secs] 
2014-07-08T03:17:36.858+0000: 795.490: [GC [PSYoungGen: 204943K->980K(200512K)] 362337K->158454K(887488K), 0.0048330 secs] [Times: user=0.01 sys=0.00, real=0.01 secs] 
2014-07-08T03:17:37.919+0000: 796.551: [GC [PSYoungGen: 200468K->1072K(196288K)] 357942K->158798K(883264K), 0.0043970 secs] [Times: user=0.01 sys=0.01, real=0.00 secs] 
2014-07-08T03:17:38.689+0000: 797.320: [GC [PSYoungGen: 196272K->1329K(192384K)] 353998K->159175K(879360K), 0.0032760 secs] [Times: user=0.01 sys=0.00, real=0.01 secs] 
2014-07-08T03:17:39.609+0000: 798.240: [GC [PSYoungGen: 192369K->676K(187712K)] 350215K->159314K(874688K), 0.0144950 secs] [Times: user=0.05 sys=0.00, real=0.02 secs] 
2014-07-08T03:17:40.427+0000: 799.058: [GC [PSYoungGen: 187669K->1596K(184704K)] 346308K->160266K(871680K), 0.0106860 secs] [Times: user=0.04 sys=0.00, real=0.01 secs] 
2014-07-08T03:17:41.281+0000: 799.912: [GC [PSYoungGen: 184700K->980K(180352K)] 343370K->160028K(867328K), 0.0041660 secs] [Times: user=0.01 sys=0.00, real=0.00 secs] 
2014-07-08T03:17:42.104+0000: 800.736: [GC [PSYoungGen: 180308K->1232K(176960K)] 339356K->160328K(863936K), 0.0132800 secs] [Times: user=0.05 sys=0.00, real=0.01 secs] 
2014-07-08T03:17:42.929+0000: 801.560: [GC [PSYoungGen: 176864K->980K(173184K)] 335961K->160116K(860160K), 0.0032640 secs] [Times: user=0.01 sys=0.00, real=0.01 secs] 
2014-07-08T03:17:43.710+0000: 802.342: [GC [PSYoungGen: 173061K->1364K(170176K)] 332198K->160581K(857152K), 0.0088930 secs] [Times: user=0.03 sys=0.00, real=0.00 secs] 
2014-07-08T03:17:44.472+0000: 803.104: [GC [PSYoungGen: 170100K->1058K(166528K)] 329316K->160404K(853504K), 0.0079440 secs] [Times: user=0.01 sys=0.00, real=0.01 secs] 
2014-07-08T03:17:45.227+0000: 803.859: [GC [PSYoungGen: 166455K->1208K(163456K)] 325801K->160610K(850432K), 0.0077890 secs] [Times: user=0.03 sys=0.00, real=0.01 secs] 
2014-07-08T03:17:45.972+0000: 804.603: [GC [PSYoungGen: 163447K->1086K(195776K)] 322850K->160740K(882752K), 0.0297810 secs] [Times: user=0.09 sys=0.00, real=0.03 secs] 
2014-07-08T03:17:46.857+0000: 805.488: [GC [PSYoungGen: 195774K->1044K(234752K)] 355428K->160762K(921728K), 0.0087110 secs] [Times: user=0.03 sys=0.01, real=0.01 secs] 
2014-07-08T03:17:47.941+0000: 806.572: [GC [PSYoungGen: 234688K->1147K(281600K)] 394406K->160977K(968576K), 0.0127490 secs] [Times: user=0.05 sys=0.00, real=0.01 secs] 
2014-07-08T03:17:49.227+0000: 807.858: [GC [PSYoungGen: 281595K->1030K(337664K)] 441425K->160956K(1024640K), 0.0065220 secs] [Times: user=0.00 sys=0.00, real=0.01 secs] 
2014-07-08T03:17:50.833+0000: 809.464: [GC [PSYoungGen: 337606K->1000K(328128K)] 497532K->161255K(1015104K), 0.0069100 secs] [Times: user=0.02 sys=0.00, real=0.00 secs] 
2014-07-08T03:17:52.271+0000: 810.903: [GC [PSYoungGen: 328078K->1144K(319168K)] 488332K->161518K(1006144K), 0.0066980 secs] [Times: user=0.01 sys=0.00, real=0.00 secs] 
2014-07-08T03:17:53.732+0000: 812.363: [GC [PSYoungGen: 319155K->1083K(310336K)] 479529K->161729K(997312K), 0.0085050 secs] [Times: user=0.01 sys=0.00, real=0.00 secs] 
2014-07-08T03:17:55.135+0000: 813.767: [GC [PSYoungGen: 310331K->1012K(301888K)] 470977K->161730K(988864K), 0.0052140 secs] [Times: user=0.02 sys=0.00, real=0.00 secs] 
2014-07-08T03:17:56.527+0000: 815.159: [GC [PSYoungGen: 301861K->1136K(293952K)] 462579K->162132K(980928K), 0.0102630 secs] [Times: user=0.03 sys=0.00, real=0.01 secs] 
2014-07-08T03:17:57.866+0000: 816.498: [GC [PSYoungGen: 293851K->1325K(286400K)] 454847K->162434K(973376K), 0.0051790 secs] [Times: user=0.01 sys=0.00, real=0.00 secs] 
2014-07-08T03:17:59.149+0000: 817.780: [GC [PSYoungGen: 286381K->866K(278528K)] 447490K->162224K(965504K), 0.0103100 secs] [Times: user=0.04 sys=0.00, real=0.01 secs] 
2014-07-08T03:18:00.427+0000: 819.059: [GC [PSYoungGen: 278498K->1410K(271936K)] 439856K->162825K(958912K), 0.0140860 secs] [Times: user=0.05 sys=0.00, real=0.01 secs] 
2014-07-08T03:18:01.667+0000: 820.299: [GC [PSYoungGen: 271874K->862K(264448K)] 433289K->162556K(951424K), 0.0050460 secs] [Times: user=0.01 sys=0.00, real=0.01 secs] 
2014-07-08T03:18:02.916+0000: 821.548: [GC [PSYoungGen: 264414K->1328K(258240K)] 426108K->163087K(945216K), 0.0053590 secs] [Times: user=0.01 sys=0.00, real=0.00 secs] 
2014-07-08T03:18:04.070+0000: 822.702: [GC [PSYoungGen: 258223K->1012K(251520K)] 419982K->162850K(938496K), 0.0121610 secs] [Times: user=0.04 sys=0.00, real=0.01 secs] 
2014-07-08T03:18:05.209+0000: 823.841: [GC [PSYoungGen: 251493K->1112K(245504K)] 413332K->162998K(932480K), 0.0086540 secs] [Times: user=0.01 sys=0.00, real=0.01 secs] 
2014-07-08T03:18:06.320+0000: 824.952: [GC [PSYoungGen: 245428K->1172K(239680K)] 407315K->163138K(926656K), 0.0108690 secs] [Times: user=0.03 sys=0.00, real=0.01 secs] 
2014-07-08T03:18:07.435+0000: 826.066: [GC [PSYoungGen: 239635K->1360K(234176K)] 401601K->163423K(921152K), 0.0136690 secs] [Times: user=0.05 sys=0.00, real=0.01 secs] 
2014-07-08T03:18:08.480+0000: 827.111: [GC [PSYoungGen: 234125K->630K(227904K)] 396188K->163343K(914880K), 0.0102130 secs] [Times: user=0.02 sys=0.00, real=0.01 secs] 
2014-07-08T03:18:09.538+0000: 828.170: [GC [PSYoungGen: 227892K->1400K(223360K)] 390605K->164153K(910336K), 0.0071510 secs] [Times: user=0.01 sys=0.00, real=0.01 secs] 
2014-07-08T03:18:10.556+0000: 829.187: [GC [PSYoungGen: 223352K->1204K(267584K)] 386105K->164233K(954560K), 0.0191790 secs] [Times: user=0.07 sys=0.00, real=0.02 secs] 
2014-07-08T03:18:11.765+0000: 830.397: [GC [PSYoungGen: 267557K->1208K(320896K)] 430585K->164357K(1007872K), 0.0148780 secs] [Times: user=0.06 sys=0.01, real=0.01 secs] 
2014-07-08T03:18:13.250+0000: 831.882: [GC [PSYoungGen: 320888K->802K(384448K)] 484037K->164225K(1071424K), 0.0285000 secs] [Times: user=0.10 sys=0.00, real=0.03 secs] 
2014-07-08T03:18:14.999+0000: 833.630: [GC [PSYoungGen: 384418K->1332K(461696K)] 547841K->164787K(1148672K), 0.0154410 secs] [Times: user=0.04 sys=0.00, real=0.02 secs] 
2014-07-08T03:18:17.108+0000: 835.740: [GC [PSYoungGen: 461585K->1079K(553536K)] 625040K->164926K(1240512K), 0.0105300 secs] [Times: user=0.04 sys=0.00, real=0.01 secs] 
2014-07-08T03:18:19.656+0000: 838.287: [GC [PSYoungGen: 553527K->1460K(535104K)] 717374K->165491K(1222080K), 0.0172990 secs] [Times: user=0.06 sys=0.00, real=0.01 secs] 
2014-07-08T03:18:22.124+0000: 840.755: [GC [PSYoungGen: 535092K->816K(516480K)] 699123K->165231K(1203456K), 0.0033280 secs] [Times: user=0.01 sys=0.00, real=0.01 secs] 
2014-07-08T03:18:24.528+0000: 843.160: [GC [PSYoungGen: 516420K->1506K(500032K)] 680835K->165985K(1187008K), 0.0359250 secs] [Times: user=0.12 sys=0.00, real=0.03 secs] 
2014-07-08T03:18:26.799+0000: 845.431: [GC [PSYoungGen: 499949K->994K(483136K)] 664428K->165931K(1170112K), 0.0179310 secs] [Times: user=0.07 sys=0.00, real=0.02 secs] 
2014-07-08T03:18:29.035+0000: 847.667: [GC [PSYoungGen: 483080K->1140K(467584K)] 648017K->166221K(1154560K), 0.0133130 secs] [Times: user=0.05 sys=0.00, real=0.02 secs] 
2014-07-08T03:18:31.178+0000: 849.810: [GC [PSYoungGen: 467546K->1168K(452672K)] 632628K->166393K(1139648K), 0.0036160 secs] [Times: user=0.01 sys=0.00, real=0.00 secs] 
2014-07-08T03:18:33.286+0000: 851.918: [GC [PSYoungGen: 452624K->1012K(438144K)] 617849K->166333K(1125120K), 0.0051780 secs] [Times: user=0.01 sys=0.00, real=0.01 secs] 
2014-07-08T03:18:35.294+0000: 853.926: [GC [PSYoungGen: 438123K->1126K(424576K)] 603444K->166551K(1111552K), 0.0057490 secs] [Times: user=0.02 sys=0.00, real=0.01 secs] 
2014-07-08T03:18:37.246+0000: 855.878: [GC [PSYoungGen: 424525K->1108K(411456K)] 589950K->166613K(1098432K), 0.0051610 secs] [Times: user=0.01 sys=0.00, real=0.01 secs] 
2014-07-08T03:18:39.138+0000: 857.770: [GC [PSYoungGen: 411412K->1058K(398848K)] 576917K->166789K(1085824K), 0.0174100 secs] [Times: user=0.07 sys=0.00, real=0.01 secs] 
2014-07-08T03:18:40.966+0000: 859.597: [GC [PSYoungGen: 398818K->1012K(386752K)] 564549K->166847K(1073728K), 0.0089800 secs] [Times: user=0.03 sys=0.00, real=0.01 secs] 
2014-07-08T03:18:42.747+0000: 861.379: [GC [PSYoungGen: 386740K->1080K(375296K)] 552575K->166979K(1062272K), 0.0042170 secs] [Times: user=0.01 sys=0.01, real=0.01 secs] 
2014-07-08T03:18:44.478+0000: 863.109: [GC [PSYoungGen: 375288K->1140K(364288K)] 541187K->167087K(1051264K), 0.0054150 secs] [Times: user=0.01 sys=0.00, real=0.01 secs] 
2014-07-08T03:18:46.165+0000: 864.796: [GC [PSYoungGen: 364276K->994K(353600K)] 530223K->167119K(1040576K), 0.0148990 secs] [Times: user=0.05 sys=0.00, real=0.02 secs] 
2014-07-08T03:18:47.788+0000: 866.419: [GC [PSYoungGen: 353570K->1158K(343616K)] 519695K->167403K(1030592K), 0.0136130 secs] [Times: user=0.05 sys=0.00, real=0.02 secs] 
2014-07-08T03:18:49.336+0000: 867.967: [GC [PSYoungGen: 343558K->880K(333568K)] 509803K->167467K(1020544K), 0.0088780 secs] [Times: user=0.03 sys=0.00, real=0.01 secs] 
2014-07-08T03:18:50.864+0000: 869.495: [GC [PSYoungGen: 333551K->1272K(324608K)] 500138K->167939K(1011584K), 0.0138810 secs] [Times: user=0.05 sys=0.01, real=0.01 secs] 
2014-07-08T03:18:52.356+0000: 870.987: [GC [PSYoungGen: 324600K->830K(315200K)] 491267K->167961K(1002176K), 0.0151600 secs] [Times: user=0.06 sys=0.00, real=0.02 secs] 
2014-07-08T03:18:53.849+0000: 872.480: [GC [PSYoungGen: 315198K->1358K(307200K)] 482329K->168537K(994176K), 0.0104800 secs] [Times: user=0.03 sys=0.00, real=0.01 secs] 
2014-07-08T03:18:55.201+0000: 873.832: [GC [PSYoungGen: 307148K->866K(298432K)] 474327K->168513K(985408K), 0.0067090 secs] [Times: user=0.01 sys=0.00, real=0.00 secs] 
2014-07-08T03:18:56.674+0000: 875.305: [GC [PSYoungGen: 298402K->1488K(291136K)] 466049K->169191K(978112K), 0.0177500 secs] [Times: user=0.07 sys=0.00, real=0.02 secs] 
2014-07-08T03:18:57.912+0000: 876.543: [GC [PSYoungGen: 291088K->698K(282688K)] 458791K->169209K(969664K), 0.0056350 secs] [Times: user=0.01 sys=0.00, real=0.00 secs] 
2014-07-08T03:18:59.213+0000: 877.845: [GC [PSYoungGen: 282648K->1425K(276096K)] 451159K->169976K(963072K), 0.0163610 secs] [Times: user=0.06 sys=0.00, real=0.01 secs] 
2014-07-08T03:19:00.508+0000: 879.139: [GC [PSYoungGen: 276049K->980K(268608K)] 444600K->170000K(955584K), 0.0063340 secs] [Times: user=0.01 sys=0.00, real=0.01 secs] 
2014-07-08T03:19:01.757+0000: 880.389: [GC [PSYoungGen: 268564K->980K(261824K)] 437584K->170040K(948800K), 0.0035870 secs] [Times: user=0.01 sys=0.00, real=0.01 secs] 
2014-07-08T03:19:02.948+0000: 881.580: [GC [PSYoungGen: 261779K->948K(255232K)] 430839K->170048K(942208K), 0.0085160 secs] [Times: user=0.01 sys=0.00, real=0.01 secs] 
2014-07-08T03:19:04.142+0000: 882.774: [GC [PSYoungGen: 255220K->1044K(249088K)] 424320K->170192K(936064K), 0.0037630 secs] [Times: user=0.01 sys=0.00, real=0.00 secs] 
2014-07-08T03:19:05.274+0000: 883.905: [GC [PSYoungGen: 249018K->1162K(243136K)] 418167K->170390K(930112K), 0.0049990 secs] [Times: user=0.01 sys=0.00, real=0.00 secs] 
2014-07-08T03:19:06.399+0000: 885.030: [GC [PSYoungGen: 243051K->1126K(237248K)] 412279K->170434K(924224K), 0.0054370 secs] [Times: user=0.01 sys=0.00, real=0.01 secs] 
2014-07-08T03:19:07.502+0000: 886.133: [GC [PSYoungGen: 237222K->1004K(231488K)] 406530K->170652K(918464K), 0.0052640 secs] [Times: user=0.01 sys=0.00, real=0.01 secs] 
2014-07-08T03:19:08.579+0000: 887.210: [GC [PSYoungGen: 231468K->1662K(226752K)] 401116K->171367K(913728K), 0.0240660 secs] [Times: user=0.07 sys=0.00, real=0.03 secs] 
2014-07-08T03:19:09.656+0000: 888.288: [GC [PSYoungGen: 226750K->680K(220608K)] 396455K->171266K(907584K), 0.0056920 secs] [Times: user=0.02 sys=0.00, real=0.00 secs] 
2014-07-08T03:19:10.642+0000: 889.273: [GC [PSYoungGen: 220540K->1642K(216512K)] 391126K->172284K(903488K), 0.0078240 secs] [Times: user=0.01 sys=0.00, real=0.01 secs] 
2014-07-08T03:19:11.632+0000: 890.263: [GC [PSYoungGen: 216472K->1076K(211072K)] 387115K->172084K(898048K), 0.0120840 secs] [Times: user=0.04 sys=0.00, real=0.02 secs] 
2014-07-08T03:19:12.622+0000: 891.254: [GC [PSYoungGen: 211060K->1328K(206656K)] 382068K->172385K(893632K), 0.0048860 secs] [Times: user=0.02 sys=0.00, real=0.01 secs] 
2014-07-08T03:19:13.549+0000: 892.181: [GC [PSYoungGen: 206608K->1247K(202048K)] 377665K->172335K(889024K), 0.0048410 secs] [Times: user=0.01 sys=0.00, real=0.01 secs] 
2014-07-08T03:19:14.461+0000: 893.093: [GC [PSYoungGen: 202014K->1172K(197632K)] 373103K->172324K(884608K), 0.0044790 secs] [Times: user=0.01 sys=0.00, real=0.01 secs] 
2014-07-08T03:19:15.358+0000: 893.990: [GC [PSYoungGen: 197588K->1076K(236800K)] 368740K->172284K(923776K), 0.0278180 secs] [Times: user=0.09 sys=0.00, real=0.03 secs] 
2014-07-08T03:19:16.566+0000: 895.198: [GC [PSYoungGen: 236744K->1350K(284288K)] 407952K->172638K(971264K), 0.0060550 secs] [Times: user=0.01 sys=0.00, real=0.00 secs] 
2014-07-08T03:19:17.761+0000: 896.392: [GC [PSYoungGen: 284228K->1150K(276672K)] 455517K->172625K(963648K), 0.0041380 secs] [Times: user=0.01 sys=0.00, real=0.01 secs] 
2014-07-08T03:19:19.023+0000: 897.655: [GC [PSYoungGen: 276634K->1112K(269568K)] 448108K->172698K(956544K), 0.0131200 secs] [Times: user=0.05 sys=0.00, real=0.02 secs] 
2014-07-08T03:19:20.242+0000: 898.873: [GC [PSYoungGen: 269528K->1136K(262784K)] 441114K->172845K(949760K), 0.0046720 secs] [Times: user=0.01 sys=0.00, real=0.01 secs] 
2014-07-08T03:19:21.445+0000: 900.076: [GC [PSYoungGen: 262768K->1232K(256384K)] 434477K->172981K(943360K), 0.0051300 secs] [Times: user=0.01 sys=0.01, real=0.00 secs] 
2014-07-08T03:19:22.627+0000: 901.259: [GC [PSYoungGen: 256314K->1064K(249856K)] 428063K->173183K(936832K), 0.0041060 secs] [Times: user=0.01 sys=0.01, real=0.00 secs] 
2014-07-08T03:19:23.788+0000: 902.419: [GC [PSYoungGen: 249732K->1654K(300224K)] 421851K->174405K(987200K), 0.0342780 secs] [Times: user=0.12 sys=0.00, real=0.03 secs] 
2014-07-08T03:19:25.101+0000: 903.733: [GC [PSYoungGen: 300214K->624K(358912K)] 472965K->173907K(1045888K), 0.0224060 secs] [Times: user=0.08 sys=0.01, real=0.02 secs] 
2014-07-08T03:19:26.757+0000: 905.388: [GC [PSYoungGen: 358856K->1407K(431360K)] 532139K->174754K(1118336K), 0.0115320 secs] [Times: user=0.04 sys=0.00, real=0.01 secs] 
2014-07-08T03:19:28.747+0000: 907.379: [GC [PSYoungGen: 431359K->1524K(517504K)] 604706K->175235K(1204480K), 0.0114170 secs] [Times: user=0.04 sys=0.00, real=0.01 secs] 
2014-07-08T03:19:31.090+0000: 909.722: [GC [PSYoungGen: 517470K->1140K(499968K)] 691182K->174971K(1186944K), 0.0109210 secs] [Times: user=0.02 sys=0.00, real=0.01 secs] 
2014-07-08T03:19:33.393+0000: 912.024: [GC [PSYoungGen: 499956K->1232K(483712K)] 673787K->175247K(1170688K), 0.0172350 secs] [Times: user=0.06 sys=0.00, real=0.02 secs] 
2014-07-08T03:19:35.603+0000: 914.235: [GC [PSYoungGen: 483664K->1613K(468416K)] 657679K->175708K(1155392K), 0.0077570 secs] [Times: user=0.01 sys=0.00, real=0.01 secs] 
2014-07-08T03:19:37.745+0000: 916.377: [GC [PSYoungGen: 468326K->951K(452736K)] 642421K->175426K(1139712K), 0.0051590 secs] [Times: user=0.01 sys=0.00, real=0.01 secs] 
2014-07-08T03:19:39.826+0000: 918.457: [GC [PSYoungGen: 452727K->1567K(439040K)] 627202K->176162K(1126016K), 0.0120280 secs] [Times: user=0.05 sys=0.01, real=0.02 secs] 
2014-07-08T03:19:41.853+0000: 920.484: [GC [PSYoungGen: 439007K->1264K(424960K)] 613602K->176129K(1111936K), 0.0139650 secs] [Times: user=0.05 sys=0.00, real=0.01 secs] 
2014-07-08T03:19:43.774+0000: 922.405: [GC [PSYoungGen: 424919K->1250K(411840K)] 599784K->176211K(1098816K), 0.0218420 secs] [Times: user=0.08 sys=0.00, real=0.02 secs] 
2014-07-08T03:19:45.682+0000: 924.314: [GC [PSYoungGen: 411810K->1204K(399168K)] 586771K->176253K(1086144K), 0.0191340 secs] [Times: user=0.06 sys=0.00, real=0.02 secs] 
2014-07-08T03:19:47.526+0000: 926.157: [GC [PSYoungGen: 399130K->1346K(387328K)] 574179K->176547K(1074304K), 0.0108580 secs] [Times: user=0.03 sys=0.00, real=0.01 secs] 
2014-07-08T03:19:49.312+0000: 927.943: [GC [PSYoungGen: 387266K->1126K(375552K)] 562467K->176481K(1062528K), 0.0054610 secs] [Times: user=0.01 sys=0.00, real=0.00 secs] 
2014-07-08T03:19:51.015+0000: 929.647: [GC [PSYoungGen: 375521K->1094K(364480K)] 550876K->176585K(1051456K), 0.0158170 secs] [Times: user=0.06 sys=0.00, real=0.02 secs] 
2014-07-08T03:19:52.703+0000: 931.335: [GC [PSYoungGen: 364413K->1324K(354048K)] 539905K->176919K(1041024K), 0.0039060 secs] [Times: user=0.01 sys=0.00, real=0.00 secs] 
2014-07-08T03:19:54.313+0000: 932.945: [GC [PSYoungGen: 354012K->1076K(343616K)] 529607K->176735K(1030592K), 0.0093500 secs] [Times: user=0.02 sys=0.01, real=0.01 secs] 
2014-07-08T03:19:55.863+0000: 934.495: [GC [PSYoungGen: 343604K->1208K(334016K)] 519263K->176955K(1020992K), 0.0040360 secs] [Times: user=0.01 sys=0.00, real=0.00 secs] 
2014-07-08T03:19:57.395+0000: 936.026: [GC [PSYoungGen: 334008K->1375K(324864K)] 509755K->177306K(1011840K), 0.0190230 secs] [Times: user=0.07 sys=0.00, real=0.02 secs] 
2014-07-08T03:19:58.848+0000: 937.479: [GC [PSYoungGen: 324831K->866K(315392K)] 500762K->177023K(1002368K), 0.0085120 secs] [Times: user=0.02 sys=0.00, real=0.01 secs] 
2014-07-08T03:20:00.288+0000: 938.920: [GC [PSYoungGen: 315362K->1294K(307200K)] 491519K->177523K(994176K), 0.0043060 secs] [Times: user=0.01 sys=0.00, real=0.01 secs] 
2014-07-08T03:20:01.721+0000: 940.352: [GC [PSYoungGen: 307150K->1076K(298688K)] 483379K->177435K(985664K), 0.0046320 secs] [Times: user=0.01 sys=0.00, real=0.01 secs] 
2014-07-08T03:20:03.073+0000: 941.705: [GC [PSYoungGen: 298651K->1012K(290688K)] 475010K->177499K(977664K), 0.0073060 secs] [Times: user=0.03 sys=0.00, real=0.00 secs] 
2014-07-08T03:20:04.463+0000: 943.094: [GC [PSYoungGen: 290676K->1264K(283328K)] 467163K->178036K(970304K), 0.0169670 secs] [Times: user=0.06 sys=0.00, real=0.01 secs] 
2014-07-08T03:20:05.774+0000: 944.406: [GC [PSYoungGen: 283307K->1514K(340032K)] 460078K->178366K(1027008K), 0.0365050 secs] [Times: user=0.13 sys=0.00, real=0.03 secs] 
2014-07-08T03:20:07.306+0000: 945.938: [GC [PSYoungGen: 340010K->816K(407040K)] 516862K->178183K(1094016K), 0.0157510 secs] [Times: user=0.06 sys=0.00, real=0.02 secs] 
2014-07-08T03:20:09.170+0000: 947.801: [GC [PSYoungGen: 407024K->1208K(395008K)] 584391K->178680K(1081984K), 0.0066730 secs] [Times: user=0.02 sys=0.00, real=0.01 secs] 
2014-07-08T03:20:10.973+0000: 949.604: [GC [PSYoungGen: 395000K->1044K(383040K)] 572472K->178784K(1070016K), 0.0055140 secs] [Times: user=0.01 sys=0.00, real=0.00 secs] 
2014-07-08T03:20:12.750+0000: 951.382: [GC [PSYoungGen: 382985K->1336K(371904K)] 560725K->179188K(1058880K), 0.0199290 secs] [Times: user=0.06 sys=0.00, real=0.02 secs] 
2014-07-08T03:20:14.457+0000: 953.088: [GC [PSYoungGen: 371814K->1081K(360768K)] 549666K->179713K(1047744K), 0.0142890 secs] [Times: user=0.05 sys=0.00, real=0.03 secs] 
2014-07-08T03:20:16.061+0000: 954.692: [GC [PSYoungGen: 360760K->1571K(433216K)] 539392K->180291K(1120192K), 0.0257750 secs] [Times: user=0.09 sys=0.00, real=0.03 secs] 
2014-07-08T03:20:18.079+0000: 956.711: [GC [PSYoungGen: 433187K->1214K(419328K)] 611907K->180326K(1106304K), 0.0080030 secs] [Times: user=0.01 sys=0.01, real=0.01 secs] 
2014-07-08T03:20:20.015+0000: 958.646: [GC [PSYoungGen: 419326K->1250K(406464K)] 598438K->180474K(1093440K), 0.0065020 secs] [Times: user=0.01 sys=0.01, real=0.00 secs] 
2014-07-08T03:20:21.871+0000: 960.502: [GC [PSYoungGen: 406434K->1332K(394176K)] 585658K->180652K(1081152K), 0.0068590 secs] [Times: user=0.02 sys=0.00, real=0.01 secs] 
2014-07-08T03:20:23.713+0000: 962.344: [GC [PSYoungGen: 394161K->1453K(382464K)] 573481K->180885K(1069440K), 0.0044860 secs] [Times: user=0.01 sys=0.01, real=0.01 secs] 
2014-07-08T03:20:25.431+0000: 964.062: [GC [PSYoungGen: 382443K->802K(370496K)] 561875K->180690K(1057472K), 0.0174970 secs] [Times: user=0.05 sys=0.00, real=0.02 secs] 
2014-07-08T03:20:27.165+0000: 965.796: [GC [PSYoungGen: 370453K->1222K(360064K)] 550342K->181198K(1047040K), 0.0123660 secs] [Times: user=0.05 sys=0.00, real=0.01 secs] 
2014-07-08T03:20:28.819+0000: 967.450: [GC [PSYoungGen: 360006K->1232K(349632K)] 539982K->181450K(1036608K), 0.0050180 secs] [Times: user=0.02 sys=0.00, real=0.00 secs] 
2014-07-08T03:20:30.425+0000: 969.056: [GC [PSYoungGen: 349549K->1388K(339776K)] 529767K->181727K(1026752K), 0.0205910 secs] [Times: user=0.07 sys=0.00, real=0.02 secs] 
2014-07-08T03:20:31.988+0000: 970.620: [GC [PSYoungGen: 339707K->816K(329600K)] 520045K->181432K(1016576K), 0.0206240 secs] [Times: user=0.07 sys=0.00, real=0.02 secs] 
2014-07-08T03:20:33.510+0000: 972.141: [GC [PSYoungGen: 329583K->1390K(321024K)] 510200K->182078K(1008000K), 0.0111080 secs] [Times: user=0.04 sys=0.00, real=0.01 secs] 
2014-07-08T03:20:34.974+0000: 973.606: [GC [PSYoungGen: 321006K->1190K(312000K)] 501694K->182116K(998976K), 0.0081940 secs] [Times: user=0.01 sys=0.00, real=0.01 secs] 
2014-07-08T03:20:36.425+0000: 975.056: [GC [PSYoungGen: 311974K->1044K(303424K)] 492900K->182098K(990400K), 0.0041260 secs] [Times: user=0.01 sys=0.00, real=0.01 secs] 
2014-07-08T03:20:37.806+0000: 976.437: [GC [PSYoungGen: 303380K->1208K(295424K)] 484434K->182366K(982400K), 0.0165590 secs] [Times: user=0.07 sys=0.01, real=0.02 secs] 
2014-07-08T03:20:39.156+0000: 977.788: [GC [PSYoungGen: 295416K->1012K(287424K)] 476574K->182266K(974400K), 0.0037160 secs] [Times: user=0.01 sys=0.00, real=0.00 secs] 
2014-07-08T03:20:40.526+0000: 979.158: [GC [PSYoungGen: 287412K->1149K(280064K)] 468666K->182850K(967040K), 0.0050130 secs] [Times: user=0.02 sys=0.00, real=0.00 secs] 
2014-07-08T03:20:41.793+0000: 980.424: [GC [PSYoungGen: 280061K->1204K(272896K)] 461762K->182992K(959872K), 0.0064670 secs] [Times: user=0.02 sys=0.00, real=0.01 secs] 
2014-07-08T03:20:43.001+0000: 981.633: [GC [PSYoungGen: 272884K->1108K(265920K)] 454672K->183032K(952896K), 0.0067220 secs] [Times: user=0.01 sys=0.00, real=0.01 secs] 
2014-07-08T03:20:44.226+0000: 982.858: [GC [PSYoungGen: 265876K->948K(259072K)] 447800K->182904K(946048K), 0.0043920 secs] [Times: user=0.01 sys=0.00, real=0.01 secs] 
2014-07-08T03:20:45.423+0000: 984.054: [GC [PSYoungGen: 259060K->1044K(252800K)] 441016K->183032K(939776K), 0.0049220 secs] [Times: user=0.01 sys=0.00, real=0.01 secs] 
2014-07-08T03:20:46.595+0000: 985.227: [GC [PSYoungGen: 252744K->1204K(246720K)] 434733K->183288K(933696K), 0.0056410 secs] [Times: user=0.01 sys=0.00, real=0.01 secs] 
2014-07-08T03:20:47.749+0000: 986.381: [GC [PSYoungGen: 246682K->1188K(295872K)] 428766K->184134K(982848K), 0.0366570 secs] [Times: user=0.13 sys=0.00, real=0.03 secs] 
2014-07-08T03:20:49.049+0000: 987.681: [GC [PSYoungGen: 295844K->1443K(355072K)] 478790K->184493K(1042048K), 0.0477910 secs] [Times: user=0.16 sys=0.00, real=0.04 secs] 
2014-07-08T03:20:50.712+0000: 989.344: [GC [PSYoungGen: 355031K->1172K(425536K)] 538081K->184653K(1112512K), 0.0122350 secs] [Times: user=0.04 sys=0.00, real=0.01 secs] 
2014-07-08T03:20:52.668+0000: 991.299: [GC [PSYoungGen: 425492K->1204K(510400K)] 608973K->184797K(1197376K), 0.0147100 secs] [Times: user=0.06 sys=0.00, real=0.02 secs] 
2014-07-08T03:20:55.042+0000: 993.674: [GC [PSYoungGen: 510385K->1414K(612544K)] 693978K->185063K(1299520K), 0.0065290 secs] [Times: user=0.02 sys=0.00, real=0.01 secs] 
2014-07-08T03:20:57.845+0000: 996.476: [GC [PSYoungGen: 612477K->1293K(590976K)] 796126K->185078K(1277952K), 0.0102060 secs] [Times: user=0.02 sys=0.00, real=0.01 secs] 
2014-07-08T03:21:00.650+0000: 999.282: [GC [PSYoungGen: 590925K->944K(570112K)] 774710K->185285K(1257088K), 0.0129920 secs] [Times: user=0.04 sys=0.01, real=0.01 secs] 
2014-07-08T03:21:03.205+0000: 1001.836: [GC [PSYoungGen: 570096K->1176K(550784K)] 754437K->185653K(1237760K), 0.0054730 secs] [Times: user=0.02 sys=0.00, real=0.01 secs] 
2014-07-08T03:21:05.744+0000: 1004.375: [GC [PSYoungGen: 550712K->1172K(532096K)] 735189K->185869K(1219072K), 0.0085720 secs] [Times: user=0.01 sys=0.00, real=0.01 secs] 
2014-07-08T03:21:08.151+0000: 1006.782: [GC [PSYoungGen: 532052K->1360K(514432K)] 716749K->186233K(1201408K), 0.0066260 secs] [Times: user=0.01 sys=0.01, real=0.01 secs] 
2014-07-08T03:21:10.531+0000: 1009.163: [GC [PSYoungGen: 514384K->1004K(497024K)] 699257K->186257K(1184000K), 0.0052600 secs] [Times: user=0.01 sys=0.00, real=0.00 secs] 
2014-07-08T03:21:12.824+0000: 1011.455: [GC [PSYoungGen: 497004K->1272K(481024K)] 682257K->186613K(1168000K), 0.0056110 secs] [Times: user=0.02 sys=0.00, real=0.00 secs] 
2014-07-08T03:21:14.985+0000: 1013.616: [GC [PSYoungGen: 481008K->1176K(465408K)] 666349K->186695K(1152384K), 0.0085480 secs] [Times: user=0.04 sys=0.00, real=0.01 secs] 
2014-07-08T03:21:17.116+0000: 1015.747: [GC [PSYoungGen: 465368K->1140K(450432K)] 650887K->186755K(1137408K), 0.0101310 secs] [Times: user=0.03 sys=0.00, real=0.01 secs] 
2014-07-08T03:21:19.195+0000: 1017.826: [GC [PSYoungGen: 450397K->1143K(436160K)] 636013K->187174K(1123136K), 0.0108910 secs] [Times: user=0.01 sys=0.00, real=0.01 secs] 
2014-07-08T03:21:21.197+0000: 1019.829: [GC [PSYoungGen: 436141K->1158K(422592K)] 622173K->187261K(1109568K), 0.0050760 secs] [Times: user=0.01 sys=0.00, real=0.00 secs] 
2014-07-08T03:21:23.147+0000: 1021.779: [GC [PSYoungGen: 422501K->1136K(409472K)] 608604K->187415K(1096448K), 0.0037130 secs] [Times: user=0.01 sys=0.01, real=0.00 secs] 
2014-07-08T03:21:25.018+0000: 1023.650: [GC [PSYoungGen: 409456K->1232K(397120K)] 595735K->187567K(1084096K), 0.0252410 secs] [Times: user=0.10 sys=0.00, real=0.03 secs] 
2014-07-08T03:21:26.910+0000: 1025.542: [GC [PSYoungGen: 397072K->1072K(384960K)] 583407K->187691K(1071936K), 0.0040630 secs] [Times: user=0.02 sys=0.00, real=0.01 secs] 
2014-07-08T03:21:28.611+0000: 1027.243: [GC [PSYoungGen: 384944K->1254K(373696K)] 571563K->188073K(1060672K), 0.0046460 secs] [Times: user=0.01 sys=0.00, real=0.01 secs] 
2014-07-08T03:21:30.278+0000: 1028.910: [GC [PSYoungGen: 373670K->1012K(362496K)] 560489K->188049K(1049472K), 0.0143120 secs] [Times: user=0.05 sys=0.00, real=0.01 secs] 
2014-07-08T03:21:32.004+0000: 1030.636: [GC [PSYoungGen: 362484K->1264K(352256K)] 549521K->188382K(1039232K), 0.0053350 secs] [Times: user=0.01 sys=0.00, real=0.00 secs] 
2014-07-08T03:21:33.554+0000: 1032.186: [GC [PSYoungGen: 352234K->948K(341824K)] 539351K->188305K(1028800K), 0.0087650 secs] [Times: user=0.02 sys=0.00, real=0.00 secs] 
2014-07-08T03:21:35.124+0000: 1033.756: [GC [PSYoungGen: 341812K->1044K(332288K)] 529169K->188425K(1019264K), 0.0086740 secs] [Times: user=0.01 sys=0.00, real=0.01 secs] 
2014-07-08T03:21:36.682+0000: 1035.313: [GC [PSYoungGen: 332244K->1190K(323136K)] 519625K->188765K(1010112K), 0.0054420 secs] [Times: user=0.01 sys=0.00, real=0.01 secs] 
2014-07-08T03:21:38.174+0000: 1036.806: [GC [PSYoungGen: 323065K->1168K(314240K)] 510641K->188895K(1001216K), 0.0042950 secs] [Times: user=0.01 sys=0.00, real=0.01 secs] 
2014-07-08T03:21:39.651+0000: 1038.282: [GC [PSYoungGen: 314192K->680K(305152K)] 501919K->189087K(992128K), 0.0194390 secs] [Times: user=0.06 sys=0.00, real=0.02 secs] 
2014-07-08T03:21:41.039+0000: 1039.671: [GC [PSYoungGen: 305128K->1304K(297600K)] 493535K->189743K(984576K), 0.0048360 secs] [Times: user=0.01 sys=0.00, real=0.00 secs] 
2014-07-08T03:21:42.402+0000: 1041.033: [GC [PSYoungGen: 297539K->948K(289344K)] 485978K->189711K(976320K), 0.0046230 secs] [Times: user=0.01 sys=0.00, real=0.01 secs] 
2014-07-08T03:21:43.785+0000: 1042.417: [GC [PSYoungGen: 289332K->1332K(282176K)] 478095K->190135K(969152K), 0.0113000 secs] [Times: user=0.03 sys=0.00, real=0.02 secs] 
2014-07-08T03:21:45.082+0000: 1043.714: [GC [PSYoungGen: 282162K->944K(274496K)] 470966K->190055K(961472K), 0.0161680 secs] [Times: user=0.05 sys=0.00, real=0.02 secs] 
2014-07-08T03:21:46.245+0000: 1044.876: [GC [PSYoungGen: 274441K->1336K(267840K)] 463553K->190559K(954816K), 0.0202570 secs] [Times: user=0.06 sys=0.00, real=0.02 secs] 
2014-07-08T03:21:47.499+0000: 1046.130: [GC [PSYoungGen: 267832K->802K(260608K)] 457055K->190567K(947584K), 0.0080920 secs] [Times: user=0.01 sys=0.00, real=0.01 secs] 
2014-07-08T03:21:48.707+0000: 1047.339: [GC [PSYoungGen: 260557K->1442K(254784K)] 450323K->191264K(941760K), 0.0058320 secs] [Times: user=0.01 sys=0.00, real=0.00 secs] 
2014-07-08T03:21:49.824+0000: 1048.456: [GC [PSYoungGen: 254754K->930K(248000K)] 444576K->191143K(934976K), 0.0053520 secs] [Times: user=0.00 sys=0.01, real=0.01 secs] 
2014-07-08T03:21:51.040+0000: 1049.671: [GC [PSYoungGen: 247970K->1581K(242624K)] 438183K->191890K(929600K), 0.0136350 secs] [Times: user=0.04 sys=0.00, real=0.01 secs] 
2014-07-08T03:21:52.076+0000: 1050.708: [GC [PSYoungGen: 242605K->698K(235968K)] 432914K->191434K(922944K), 0.0033270 secs] [Times: user=0.01 sys=0.00, real=0.01 secs] 
2014-07-08T03:21:53.149+0000: 1051.781: [GC [PSYoungGen: 235962K->1062K(230784K)] 426698K->191838K(917760K), 0.0178040 secs] [Times: user=0.07 sys=0.00, real=0.02 secs] 
2014-07-08T03:21:54.250+0000: 1052.881: [GC [PSYoungGen: 230758K->1200K(225536K)] 421534K->192106K(912512K), 0.0062800 secs] [Times: user=0.01 sys=0.00, real=0.00 secs] 
2014-07-08T03:21:55.293+0000: 1053.925: [GC [PSYoungGen: 225520K->1076K(220224K)] 416426K->192022K(907200K), 0.0049930 secs] [Times: user=0.01 sys=0.00, real=0.01 secs] 
2014-07-08T03:21:56.306+0000: 1054.938: [GC [PSYoungGen: 220168K->1065K(215232K)] 411114K->192273K(902208K), 0.0041170 secs] [Times: user=0.01 sys=0.00, real=0.01 secs] 
2014-07-08T03:21:57.275+0000: 1055.906: [GC [PSYoungGen: 215209K->1126K(210496K)] 406417K->192422K(897472K), 0.0042320 secs] [Times: user=0.01 sys=0.00, real=0.01 secs] 
2014-07-08T03:21:58.260+0000: 1056.891: [GC [PSYoungGen: 210470K->1136K(205824K)] 401766K->192666K(892800K), 0.0060670 secs] [Times: user=0.01 sys=0.00, real=0.00 secs] 
2014-07-08T03:21:59.189+0000: 1057.821: [GC [PSYoungGen: 205808K->1012K(201216K)] 397338K->192606K(888192K), 0.0085930 secs] [Times: user=0.02 sys=0.00, real=0.01 secs] 
2014-07-08T03:22:00.125+0000: 1058.756: [GC [PSYoungGen: 201204K->948K(196800K)] 392798K->192614K(883776K), 0.0106190 secs] [Times: user=0.04 sys=0.00, real=0.01 secs] 
2014-07-08T03:22:01.044+0000: 1059.675: [GC [PSYoungGen: 196788K->1076K(192704K)] 388454K->192766K(879680K), 0.0152550 secs] [Times: user=0.06 sys=0.00, real=0.02 secs] 
2014-07-08T03:22:01.910+0000: 1060.541: [GC [PSYoungGen: 192676K->1083K(188672K)] 384366K->192861K(875648K), 0.0046010 secs] [Times: user=0.01 sys=0.00, real=0.00 secs] 
2014-07-08T03:22:02.824+0000: 1061.455: [GC [PSYoungGen: 188667K->1204K(226368K)] 380445K->193022K(913344K), 0.0312250 secs] [Times: user=0.11 sys=0.00, real=0.03 secs] 
2014-07-08T03:22:03.861+0000: 1062.492: [GC [PSYoungGen: 226338K->936K(271168K)] 418156K->193184K(958144K), 0.0051370 secs] [Times: user=0.01 sys=0.00, real=0.00 secs] 
2014-07-08T03:22:05.047+0000: 1063.679: [GC [PSYoungGen: 271144K->1358K(325696K)] 463392K->193702K(1012672K), 0.0238650 secs] [Times: user=0.08 sys=0.00, real=0.03 secs] 
2014-07-08T03:22:06.556+0000: 1065.188: [GC [PSYoungGen: 325628K->880K(390080K)] 517972K->193698K(1077056K), 0.0071410 secs] [Times: user=0.01 sys=0.00, real=0.01 secs] 
2014-07-08T03:22:08.356+0000: 1066.988: [GC [PSYoungGen: 390020K->1350K(378944K)] 582839K->194288K(1065920K), 0.0037500 secs] [Times: user=0.01 sys=0.00, real=0.01 secs] 
2014-07-08T03:22:10.102+0000: 1068.734: [GC [PSYoungGen: 378886K->1044K(367424K)] 571824K->194144K(1054400K), 0.0047890 secs] [Times: user=0.01 sys=0.00, real=0.00 secs] 
2014-07-08T03:22:11.777+0000: 1070.408: [GC [PSYoungGen: 367379K->1076K(356672K)] 560480K->194296K(1043648K), 0.0099350 secs] [Times: user=0.03 sys=0.00, real=0.01 secs] 
2014-07-08T03:22:13.412+0000: 1072.044: [GC [PSYoungGen: 356660K->1197K(346496K)] 549880K->194505K(1033472K), 0.0164920 secs] [Times: user=0.07 sys=0.00, real=0.01 secs] 
2014-07-08T03:22:15.002+0000: 1073.633: [GC [PSYoungGen: 346477K->1296K(336768K)] 539785K->194668K(1023744K), 0.0077590 secs] [Times: user=0.01 sys=0.00, real=0.00 secs] 
2014-07-08T03:22:16.618+0000: 1075.250: [GC [PSYoungGen: 336720K->694K(326656K)] 530092K->194869K(1013632K), 0.0113770 secs] [Times: user=0.03 sys=0.00, real=0.01 secs] 
2014-07-08T03:22:18.097+0000: 1076.728: [GC [PSYoungGen: 326646K->1460K(318336K)] 520821K->195715K(1005312K), 0.0065000 secs] [Times: user=0.01 sys=0.00, real=0.01 secs] 
2014-07-08T03:22:19.561+0000: 1078.192: [GC [PSYoungGen: 318324K->1214K(309376K)] 512579K->195827K(996352K), 0.0178070 secs] [Times: user=0.06 sys=0.00, real=0.01 secs] 
2014-07-08T03:22:20.975+0000: 1079.606: [GC [PSYoungGen: 309362K->1392K(301184K)] 503975K->196061K(988160K), 0.0044560 secs] [Times: user=0.01 sys=0.01, real=0.00 secs] 
2014-07-08T03:22:22.330+0000: 1080.961: [GC [PSYoungGen: 301168K->766K(292544K)] 495837K->195680K(979520K), 0.0046770 secs] [Times: user=0.01 sys=0.00, real=0.01 secs] 
2014-07-08T03:22:23.670+0000: 1082.302: [GC [PSYoungGen: 292542K->1322K(285376K)] 487456K->196300K(972352K), 0.0194000 secs] [Times: user=0.06 sys=0.01, real=0.02 secs] 
2014-07-08T03:22:24.972+0000: 1083.603: [GC [PSYoungGen: 285345K->1012K(277632K)] 480323K->196252K(964608K), 0.0052200 secs] [Times: user=0.01 sys=0.01, real=0.01 secs] 
2014-07-08T03:22:26.264+0000: 1084.896: [GC [PSYoungGen: 277620K->1044K(270592K)] 472860K->196356K(957568K), 0.0042920 secs] [Times: user=0.01 sys=0.00, real=0.00 secs] 
2014-07-08T03:22:27.512+0000: 1086.143: [GC [PSYoungGen: 270483K->1267K(263936K)] 465796K->196842K(950912K), 0.0120880 secs] [Times: user=0.05 sys=0.00, real=0.02 secs] 
2014-07-08T03:22:28.740+0000: 1087.371: [GC [PSYoungGen: 263889K->1268K(257344K)] 459464K->196938K(944320K), 0.0080620 secs] [Times: user=0.02 sys=0.00, real=0.01 secs] 
2014-07-08T03:22:29.881+0000: 1088.512: [GC [PSYoungGen: 257287K->815K(250560K)] 452958K->197104K(937536K), 0.0077880 secs] [Times: user=0.02 sys=0.00, real=0.01 secs] 
2014-07-08T03:22:31.041+0000: 1089.673: [GC [PSYoungGen: 250543K->1528K(245120K)] 446832K->197865K(932096K), 0.0096960 secs] [Times: user=0.04 sys=0.00, real=0.01 secs] 
2014-07-08T03:22:32.159+0000: 1090.790: [GC [PSYoungGen: 245112K->994K(238720K)] 441449K->197733K(925696K), 0.0051940 secs] [Times: user=0.01 sys=0.01, real=0.01 secs] 
2014-07-08T03:22:33.255+0000: 1091.886: [GC [PSYoungGen: 238690K->1136K(233152K)] 435429K->197955K(920128K), 0.0040700 secs] [Times: user=0.01 sys=0.00, real=0.00 secs] 
2014-07-08T03:22:34.339+0000: 1092.970: [GC [PSYoungGen: 233136K->980K(227584K)] 429955K->197847K(914560K), 0.0037050 secs] [Times: user=0.01 sys=0.00, real=0.00 secs] 
2014-07-08T03:22:35.387+0000: 1094.019: [GC [PSYoungGen: 227519K->1012K(222336K)] 424385K->197919K(909312K), 0.0093190 secs] [Times: user=0.03 sys=0.00, real=0.01 secs] 
2014-07-08T03:22:36.404+0000: 1095.036: [GC [PSYoungGen: 222294K->1076K(217344K)] 419200K->198079K(904320K), 0.0193900 secs] [Times: user=0.07 sys=0.00, real=0.01 secs] 
2014-07-08T03:22:37.388+0000: 1096.020: [GC [PSYoungGen: 217295K->1044K(212416K)] 414298K->198191K(899392K), 0.0042100 secs] [Times: user=0.01 sys=0.00, real=0.00 secs] 
2014-07-08T03:22:38.351+0000: 1096.982: [GC [PSYoungGen: 212372K->948K(207552K)] 409519K->198167K(894528K), 0.0070600 secs] [Times: user=0.01 sys=0.00, real=0.01 secs] 
2014-07-08T03:22:39.300+0000: 1097.932: [GC [PSYoungGen: 207540K->1229K(249216K)] 404759K->198504K(936192K), 0.0164730 secs] [Times: user=0.06 sys=0.00, real=0.02 secs] 
2014-07-08T03:22:40.442+0000: 1099.074: [GC [PSYoungGen: 249163K->1080K(243008K)] 446438K->198403K(929984K), 0.0070810 secs] [Times: user=0.01 sys=0.01, real=0.01 secs] 
2014-07-08T03:22:41.549+0000: 1100.180: [GC [PSYoungGen: 242998K->1484K(237632K)] 440321K->198839K(924608K), 0.0111880 secs] [Times: user=0.03 sys=0.01, real=0.01 secs] 
2014-07-08T03:22:42.617+0000: 1101.248: [GC [PSYoungGen: 237552K->609K(231104K)] 434907K->199114K(918080K), 0.0065210 secs] [Times: user=0.02 sys=0.01, real=0.00 secs] 
2014-07-08T03:22:43.695+0000: 1102.326: [GC [PSYoungGen: 231073K->1851K(226944K)] 429578K->200521K(913920K), 0.0091900 secs] [Times: user=0.03 sys=0.00, real=0.01 secs] 
2014-07-08T03:22:44.715+0000: 1103.347: [GC [PSYoungGen: 226939K->1270K(221184K)] 425609K->200653K(908160K), 0.0058180 secs] [Times: user=0.01 sys=0.00, real=0.00 secs] 
2014-07-08T03:22:45.720+0000: 1104.352: [GC [PSYoungGen: 221174K->1296K(216192K)] 420557K->200703K(903168K), 0.0054120 secs] [Times: user=0.01 sys=0.00, real=0.01 secs] 
2014-07-08T03:22:46.757+0000: 1105.389: [GC [PSYoungGen: 216144K->1304K(211328K)] 415551K->200815K(898304K), 0.0053250 secs] [Times: user=0.01 sys=0.00, real=0.00 secs] 
2014-07-08T03:22:47.690+0000: 1106.321: [GC [PSYoungGen: 211288K->1158K(253248K)] 410799K->200789K(940224K), 0.0197730 secs] [Times: user=0.07 sys=0.00, real=0.02 secs] 
2014-07-08T03:22:48.831+0000: 1107.463: [GC [PSYoungGen: 253143K->1218K(247104K)] 452774K->200905K(934080K), 0.0046720 secs] [Times: user=0.01 sys=0.00, real=0.00 secs] 
2014-07-08T03:22:49.967+0000: 1108.598: [GC [PSYoungGen: 247042K->1126K(241024K)] 446729K->200869K(928000K), 0.0142880 secs] [Times: user=0.05 sys=0.00, real=0.01 secs] 
2014-07-08T03:22:51.076+0000: 1109.707: [GC [PSYoungGen: 240950K->1318K(235456K)] 440693K->201141K(922432K), 0.0041490 secs] [Times: user=0.01 sys=0.00, real=0.01 secs] 
2014-07-08T03:22:52.161+0000: 1110.793: [GC [PSYoungGen: 235393K->1012K(229568K)] 435216K->200875K(916544K), 0.0049750 secs] [Times: user=0.01 sys=0.00, real=0.01 secs] 
2014-07-08T03:22:53.208+0000: 1111.839: [GC [PSYoungGen: 229556K->1076K(224320K)] 429419K->201027K(911296K), 0.0123200 secs] [Times: user=0.04 sys=0.00, real=0.01 secs] 
2014-07-08T03:22:54.240+0000: 1112.872: [GC [PSYoungGen: 224308K->1012K(219136K)] 424259K->201011K(906112K), 0.0158190 secs] [Times: user=0.05 sys=0.00, real=0.01 secs] 
2014-07-08T03:22:55.244+0000: 1113.875: [GC [PSYoungGen: 219124K->1076K(214208K)] 419123K->201107K(901184K), 0.0044810 secs] [Times: user=0.01 sys=0.00, real=0.01 secs] 
2014-07-08T03:22:56.239+0000: 1114.870: [GC [PSYoungGen: 214185K->1226K(209600K)] 414216K->201345K(896576K), 0.0055690 secs] [Times: user=0.01 sys=0.00, real=0.00 secs] 
2014-07-08T03:22:57.213+0000: 1115.844: [GC [PSYoungGen: 209510K->1190K(251200K)] 409629K->201421K(938176K), 0.0194070 secs] [Times: user=0.08 sys=0.00, real=0.02 secs] 
2014-07-08T03:22:58.369+0000: 1117.000: [GC [PSYoungGen: 251153K->1126K(301184K)] 451384K->201477K(988160K), 0.0213220 secs] [Times: user=0.06 sys=0.00, real=0.02 secs] 
2014-07-08T03:22:59.764+0000: 1118.395: [GC [PSYoungGen: 301130K->1132K(361216K)] 501481K->201775K(1048192K), 0.0047480 secs] [Times: user=0.02 sys=0.00, real=0.01 secs] 
2014-07-08T03:23:01.365+0000: 1119.996: [GC [PSYoungGen: 361196K->1176K(433344K)] 561839K->201899K(1120320K), 0.0156500 secs] [Times: user=0.05 sys=0.00, real=0.02 secs] 
2014-07-08T03:23:03.331+0000: 1121.962: [GC [PSYoungGen: 433268K->1126K(519744K)] 633991K->202061K(1206720K), 0.0252000 secs] [Times: user=0.08 sys=0.00, real=0.02 secs] 
2014-07-08T03:23:05.714+0000: 1124.346: [GC [PSYoungGen: 519693K->1332K(502656K)] 720628K->202379K(1189632K), 0.0069000 secs] [Times: user=0.02 sys=0.00, real=0.01 secs] 
2014-07-08T03:23:08.026+0000: 1126.658: [GC [PSYoungGen: 502644K->884K(485696K)] 703691K->202429K(1172672K), 0.0081380 secs] [Times: user=0.01 sys=0.00, real=0.01 secs] 
2014-07-08T03:23:10.204+0000: 1128.835: [GC [PSYoungGen: 485684K->1346K(470400K)] 687229K->203019K(1157376K), 0.0166620 secs] [Times: user=0.06 sys=0.00, real=0.02 secs] 
2014-07-08T03:23:12.362+0000: 1130.993: [GC [PSYoungGen: 470338K->1076K(454976K)] 672011K->203023K(1141952K), 0.0080870 secs] [Times: user=0.02 sys=0.00, real=0.00 secs] 
2014-07-08T03:23:14.502+0000: 1133.134: [GC [PSYoungGen: 454964K->1456K(440896K)] 656911K->203515K(1127872K), 0.0061880 secs] [Times: user=0.02 sys=0.00, real=0.00 secs] 
2014-07-08T03:23:16.490+0000: 1135.121: [GC [PSYoungGen: 440880K->816K(426432K)] 642939K->203303K(1113408K), 0.0158220 secs] [Times: user=0.05 sys=0.00, real=0.02 secs] 
2014-07-08T03:23:18.451+0000: 1137.082: [GC [PSYoungGen: 426381K->1418K(413824K)] 628868K->204025K(1100800K), 0.0180370 secs] [Times: user=0.07 sys=0.00, real=0.01 secs] 
2014-07-08T03:23:20.358+0000: 1138.990: [GC [PSYoungGen: 413770K->1076K(400768K)] 616377K->203999K(1087744K), 0.0071920 secs] [Times: user=0.01 sys=0.00, real=0.01 secs] 
2014-07-08T03:23:22.206+0000: 1140.837: [GC [PSYoungGen: 400756K->1168K(388800K)] 603679K->204251K(1075776K), 0.0054500 secs] [Times: user=0.01 sys=0.00, real=0.01 secs] 
2014-07-08T03:23:23.982+0000: 1142.614: [GC [PSYoungGen: 388752K->980K(377024K)] 591835K->204143K(1064000K), 0.0036940 secs] [Times: user=0.01 sys=0.00, real=0.00 secs] 
2014-07-08T03:23:25.764+0000: 1144.395: [GC [PSYoungGen: 376979K->1552K(366464K)] 580142K->204779K(1053440K), 0.0126680 secs] [Times: user=0.04 sys=0.00, real=0.01 secs] 
2014-07-08T03:23:27.381+0000: 1146.013: [GC [PSYoungGen: 366410K->766K(354944K)] 569637K->204463K(1041920K), 0.0101340 secs] [Times: user=0.04 sys=0.00, real=0.01 secs] 
2014-07-08T03:23:29.023+0000: 1147.655: [GC [PSYoungGen: 354942K->1272K(345216K)] 558639K->205065K(1032192K), 0.0341950 secs] [Times: user=0.11 sys=0.00, real=0.03 secs] 
2014-07-08T03:23:30.637+0000: 1149.268: [GC [PSYoungGen: 345208K->1296K(335488K)] 549001K->205341K(1022464K), 0.0108170 secs] [Times: user=0.04 sys=0.00, real=0.01 secs] 
2014-07-08T03:23:32.268+0000: 1150.900: [GC [PSYoungGen: 335440K->1268K(326016K)] 539485K->205409K(1012992K), 0.0067740 secs] [Times: user=0.02 sys=0.00, real=0.01 secs] 
2014-07-08T03:23:33.703+0000: 1152.334: [GC [PSYoungGen: 326004K->748K(316480K)] 530145K->205273K(1003456K), 0.0209570 secs] [Times: user=0.08 sys=0.01, real=0.03 secs] 
2014-07-08T03:23:35.168+0000: 1153.800: [GC [PSYoungGen: 316460K->1347K(308480K)] 520985K->205920K(995456K), 0.0077210 secs] [Times: user=0.03 sys=0.00, real=0.01 secs] 
2014-07-08T03:23:36.585+0000: 1155.217: [GC [PSYoungGen: 308419K->1058K(369600K)] 512992K->205935K(1056576K), 0.0224200 secs] [Times: user=0.08 sys=0.00, real=0.02 secs] 
2014-07-08T03:23:38.263+0000: 1156.895: [GC [PSYoungGen: 369570K->1108K(358848K)] 574447K->206097K(1045824K), 0.0131880 secs] [Times: user=0.05 sys=0.00, real=0.01 secs] 
2014-07-08T03:23:39.942+0000: 1158.573: [GC [PSYoungGen: 358802K->1012K(348352K)] 563791K->206211K(1035328K), 0.0039380 secs] [Times: user=0.01 sys=0.00, real=0.01 secs] 
2014-07-08T03:23:41.539+0000: 1160.171: [GC [PSYoungGen: 348302K->1403K(338816K)] 553502K->206691K(1025792K), 0.0046300 secs] [Times: user=0.02 sys=0.00, real=0.00 secs] 
2014-07-08T03:23:43.087+0000: 1161.719: [GC [PSYoungGen: 338811K->830K(328704K)] 544099K->206299K(1015680K), 0.0057880 secs] [Times: user=0.01 sys=0.00, real=0.00 secs] 
2014-07-08T03:23:44.595+0000: 1163.227: [GC [PSYoungGen: 328700K->1140K(319872K)] 534170K->206689K(1006848K), 0.0209550 secs] [Times: user=0.07 sys=0.00, real=0.02 secs] 
2014-07-08T03:23:46.045+0000: 1164.677: [GC [PSYoungGen: 319860K->1108K(311104K)] 525409K->206745K(998080K), 0.0051550 secs] [Times: user=0.01 sys=0.00, real=0.00 secs] 
2014-07-08T03:23:47.478+0000: 1166.110: [GC [PSYoungGen: 311060K->1108K(302656K)] 516697K->206881K(989632K), 0.0051880 secs] [Times: user=0.01 sys=0.00, real=0.00 secs] 
2014-07-08T03:23:48.863+0000: 1167.494: [GC [PSYoungGen: 302611K->930K(294400K)] 508385K->206849K(981376K), 0.0049510 secs] [Times: user=0.02 sys=0.00, real=0.01 secs] 
2014-07-08T03:23:50.211+0000: 1168.842: [GC [PSYoungGen: 294341K->1044K(286720K)] 500261K->207067K(973696K), 0.0115520 secs] [Times: user=0.04 sys=0.00, real=0.01 secs] 
2014-07-08T03:23:51.558+0000: 1170.189: [GC [PSYoungGen: 286676K->1058K(279232K)] 492699K->207219K(966208K), 0.0042040 secs] [Times: user=0.01 sys=0.00, real=0.00 secs] 
2014-07-08T03:23:52.835+0000: 1171.467: [GC [PSYoungGen: 279202K->1314K(272320K)] 485363K->207580K(959296K), 0.0161490 secs] [Times: user=0.05 sys=0.00, real=0.02 secs] 
2014-07-08T03:23:54.057+0000: 1172.689: [GC [PSYoungGen: 272290K->684K(325888K)] 478555K->207383K(1012864K), 0.0329600 secs] [Times: user=0.12 sys=0.00, real=0.03 secs] 
2014-07-08T03:23:55.569+0000: 1174.201: [GC [PSYoungGen: 325820K->1408K(391744K)] 532520K->208198K(1078720K), 0.0143380 secs] [Times: user=0.05 sys=0.00, real=0.01 secs] 
2014-07-08T03:23:57.374+0000: 1176.006: [GC [PSYoungGen: 391680K->930K(469312K)] 598470K->208316K(1156288K), 0.0306880 secs] [Times: user=0.11 sys=0.00, real=0.03 secs] 
2014-07-08T03:23:59.533+0000: 1178.164: [GC [PSYoungGen: 469272K->1304K(563392K)] 676658K->208842K(1250368K), 0.0255900 secs] [Times: user=0.09 sys=0.00, real=0.03 secs] 
2014-07-08T03:24:02.115+0000: 1180.747: [GC [PSYoungGen: 563335K->1044K(543872K)] 770873K->208760K(1230848K), 0.0047610 secs] [Times: user=0.02 sys=0.00, real=0.01 secs] 
2014-07-08T03:24:04.627+0000: 1183.259: [GC [PSYoungGen: 543785K->1364K(525824K)] 751501K->209168K(1212800K), 0.0092240 secs] [Times: user=0.02 sys=0.01, real=0.00 secs] 
2014-07-08T03:24:07.063+0000: 1185.694: [GC [PSYoungGen: 525700K->869K(507776K)] 733504K->209241K(1194752K), 0.0114440 secs] [Times: user=0.03 sys=0.01, real=0.01 secs] 
2014-07-08T03:24:09.380+0000: 1188.012: [GC [PSYoungGen: 507749K->1418K(491584K)] 716121K->209934K(1178560K), 0.0108710 secs] [Times: user=0.04 sys=0.00, real=0.01 secs] 
2014-07-08T03:24:11.638+0000: 1190.270: [GC [PSYoungGen: 491522K->1007K(475136K)] 700038K->210309K(1162112K), 0.0050450 secs] [Times: user=0.01 sys=0.00, real=0.01 secs] 
2014-07-08T03:24:13.805+0000: 1192.437: [GC [PSYoungGen: 475119K->1386K(460224K)] 684421K->210736K(1147200K), 0.0050730 secs] [Times: user=0.01 sys=0.00, real=0.01 secs] 
2014-07-08T03:24:15.937+0000: 1194.568: [GC [PSYoungGen: 460184K->1314K(445504K)] 669535K->211007K(1132480K), 0.0078020 secs] [Times: user=0.01 sys=0.00, real=0.01 secs] 
2014-07-08T03:24:17.984+0000: 1196.616: [GC [PSYoungGen: 445474K->1328K(431488K)] 655167K->211245K(1118464K), 0.0132020 secs] [Times: user=0.06 sys=0.00, real=0.01 secs] 
2014-07-08T03:24:19.953+0000: 1198.584: [GC [PSYoungGen: 431472K->1076K(417792K)] 641389K->211136K(1104768K), 0.0052260 secs] [Times: user=0.02 sys=0.00, real=0.00 secs] 
2014-07-08T03:24:21.964+0000: 1200.595: [GC [PSYoungGen: 417761K->1108K(404992K)] 627822K->211256K(1091968K), 0.0137090 secs] [Times: user=0.04 sys=0.00, real=0.01 secs] 
2014-07-08T03:24:23.830+0000: 1202.461: [GC [PSYoungGen: 404931K->1314K(392896K)] 615079K->211567K(1079872K), 0.0210440 secs] [Times: user=0.08 sys=0.00, real=0.03 secs] 
2014-07-08T03:24:25.605+0000: 1204.237: [GC [PSYoungGen: 392818K->1506K(381312K)] 603070K->211854K(1068288K), 0.0082160 secs] [Times: user=0.03 sys=0.00, real=0.01 secs] 
2014-07-08T03:24:27.327+0000: 1205.958: [GC [PSYoungGen: 381282K->752K(369280K)] 591630K->211496K(1056256K), 0.0075840 secs] [Times: user=0.03 sys=0.00, real=0.01 secs] 
2014-07-08T03:24:29.059+0000: 1207.691: [GC [PSYoungGen: 369234K->1386K(359104K)] 579979K->212210K(1046080K), 0.0257980 secs] [Times: user=0.09 sys=0.00, real=0.03 secs] 
2014-07-08T03:24:30.712+0000: 1209.343: [GC [PSYoungGen: 359082K->1172K(348544K)] 569906K->212368K(1035520K), 0.0061430 secs] [Times: user=0.01 sys=0.00, real=0.00 secs] 
2014-07-08T03:24:32.288+0000: 1210.919: [GC [PSYoungGen: 348500K->1108K(338560K)] 559696K->212392K(1025536K), 0.0253580 secs] [Times: user=0.08 sys=0.00, real=0.03 secs] 
2014-07-08T03:24:33.878+0000: 1212.509: [GC [PSYoungGen: 338516K->1275K(406208K)] 549800K->212773K(1093184K), 0.0227030 secs] [Times: user=0.09 sys=0.00, real=0.02 secs] 
2014-07-08T03:24:35.751+0000: 1214.382: [GC [PSYoungGen: 406196K->1542K(394176K)] 617695K->213105K(1081152K), 0.0063350 secs] [Times: user=0.01 sys=0.00, real=0.01 secs] 
2014-07-08T03:24:37.551+0000: 1216.183: [GC [PSYoungGen: 394101K->752K(381504K)] 605664K->212914K(1068480K), 0.0127720 secs] [Times: user=0.05 sys=0.00, real=0.02 secs] 
2014-07-08T03:24:39.307+0000: 1217.938: [GC [PSYoungGen: 381480K->1354K(370816K)] 593643K->213638K(1057792K), 0.0075330 secs] [Times: user=0.03 sys=0.00, real=0.01 secs] 
2014-07-08T03:24:41.041+0000: 1219.672: [GC [PSYoungGen: 370761K->1204K(359808K)] 583046K->213854K(1046784K), 0.0059690 secs] [Times: user=0.02 sys=0.00, real=0.01 secs] 
2014-07-08T03:24:42.694+0000: 1221.326: [GC [PSYoungGen: 359773K->1236K(349504K)] 572424K->213990K(1036480K), 0.0204850 secs] [Times: user=0.07 sys=0.00, real=0.02 secs] 
2014-07-08T03:24:44.295+0000: 1222.927: [GC [PSYoungGen: 349459K->1012K(339264K)] 562214K->213830K(1026240K), 0.0035320 secs] [Times: user=0.01 sys=0.00, real=0.00 secs] 
2014-07-08T03:24:45.873+0000: 1224.504: [GC [PSYoungGen: 339203K->1190K(329920K)] 552022K->214088K(1016896K), 0.0048320 secs] [Times: user=0.01 sys=0.00, real=0.01 secs] 
2014-07-08T03:24:47.370+0000: 1226.002: [GC [PSYoungGen: 329894K->1108K(320704K)] 542792K->214150K(1007680K), 0.0043820 secs] [Times: user=0.01 sys=0.00, real=0.01 secs] 
2014-07-08T03:24:48.886+0000: 1227.518: [GC [PSYoungGen: 320613K->1502K(312256K)] 533655K->214641K(999232K), 0.0035890 secs] [Times: user=0.01 sys=0.00, real=0.00 secs] 
2014-07-08T03:24:50.277+0000: 1228.908: [GC [PSYoungGen: 312220K->688K(302976K)] 525358K->214214K(989952K), 0.0119030 secs] [Times: user=0.03 sys=0.00, real=0.01 secs] 
2014-07-08T03:24:51.660+0000: 1230.292: [GC [PSYoungGen: 302960K->1410K(295616K)] 516486K->214977K(982592K), 0.0168750 secs] [Times: user=0.06 sys=0.00, real=0.02 secs] 
2014-07-08T03:24:53.010+0000: 1231.641: [GC [PSYoungGen: 295471K->1332K(287680K)] 509038K->215093K(974656K), 0.0093030 secs] [Times: user=0.02 sys=0.00, real=0.01 secs] 
2014-07-08T03:24:54.308+0000: 1232.939: [GC [PSYoungGen: 287659K->1012K(279872K)] 501420K->214861K(966848K), 0.0050470 secs] [Times: user=0.01 sys=0.00, real=0.00 secs] 
2014-07-08T03:24:55.611+0000: 1234.242: [GC [PSYoungGen: 279823K->1044K(272704K)] 493671K->214965K(959680K), 0.0048600 secs] [Times: user=0.01 sys=0.00, real=0.01 secs] 
2014-07-08T03:24:56.881+0000: 1235.512: [GC [PSYoungGen: 272660K->1172K(265920K)] 486581K->215213K(952896K), 0.0072340 secs] [Times: user=0.01 sys=0.00, real=0.01 secs] 
2014-07-08T03:24:58.095+0000: 1236.726: [GC [PSYoungGen: 265876K->1076K(259136K)] 479917K->215229K(946112K), 0.0113660 secs] [Times: user=0.04 sys=0.00, real=0.01 secs] 
2014-07-08T03:24:59.311+0000: 1237.943: [GC [PSYoungGen: 259124K->1044K(252736K)] 473277K->215293K(939712K), 0.0069140 secs] [Times: user=0.03 sys=0.00, real=0.01 secs] 
2014-07-08T03:25:00.464+0000: 1239.095: [GC [PSYoungGen: 252692K->1012K(246464K)] 466941K->215309K(933440K), 0.0109150 secs] [Times: user=0.04 sys=0.00, real=0.01 secs] 
2014-07-08T03:25:01.598+0000: 1240.230: [GC [PSYoungGen: 246435K->1229K(240768K)] 460732K->215614K(927744K), 0.0077050 secs] [Times: user=0.01 sys=0.01, real=0.01 secs] 
2014-07-08T03:25:02.706+0000: 1241.337: [GC [PSYoungGen: 240710K->1044K(234816K)] 455095K->215477K(921792K), 0.0056780 secs] [Times: user=0.01 sys=0.00, real=0.01 secs] 
2014-07-08T03:25:03.785+0000: 1242.417: [GC [PSYoungGen: 234735K->1499K(229760K)] 449168K->215980K(916736K), 0.0108140 secs] [Times: user=0.04 sys=0.00, real=0.02 secs] 
2014-07-08T03:25:04.825+0000: 1243.457: [GC [PSYoungGen: 229698K->740K(223680K)] 444178K->215949K(910656K), 0.0061150 secs] [Times: user=0.01 sys=0.00, real=0.01 secs] 
2014-07-08T03:25:05.860+0000: 1244.492: [GC [PSYoungGen: 223651K->1578K(219392K)] 438860K->216835K(906368K), 0.0061020 secs] [Times: user=0.01 sys=0.00, real=0.00 secs] 
2014-07-08T03:25:06.953+0000: 1245.585: [GC [PSYoungGen: 219370K->1260K(214144K)] 434627K->217051K(901120K), 0.0047620 secs] [Times: user=0.01 sys=0.00, real=0.01 secs] 
2014-07-08T03:25:07.884+0000: 1246.515: [GC [PSYoungGen: 214079K->1356K(209472K)] 429870K->217275K(896448K), 0.0055720 secs] [Times: user=0.01 sys=0.00, real=0.01 secs] 
2014-07-08T03:25:08.836+0000: 1247.468: [GC [PSYoungGen: 209389K->1229K(204736K)] 425309K->217252K(891712K), 0.0118420 secs] [Times: user=0.05 sys=0.00, real=0.02 secs] 
2014-07-08T03:25:09.779+0000: 1248.411: [GC [PSYoungGen: 204685K->1172K(200192K)] 420708K->217275K(887168K), 0.0068280 secs] [Times: user=0.02 sys=0.00, real=0.00 secs] 
2014-07-08T03:25:10.662+0000: 1249.293: [GC [PSYoungGen: 200128K->1378K(240192K)] 416231K->217561K(927168K), 0.0184740 secs] [Times: user=0.06 sys=0.00, real=0.02 secs] 
2014-07-08T03:25:11.778+0000: 1250.409: [GC [PSYoungGen: 240162K->1264K(234368K)] 456345K->217495K(921344K), 0.0055560 secs] [Times: user=0.01 sys=0.00, real=0.01 secs] 
2014-07-08T03:25:12.896+0000: 1251.528: [GC [PSYoungGen: 234352K->1058K(228672K)] 450583K->217411K(915648K), 0.0053230 secs] [Times: user=0.01 sys=0.01, real=0.01 secs] 
2014-07-08T03:25:13.892+0000: 1252.524: [GC [PSYoungGen: 228642K->980K(223296K)] 444995K->217389K(910272K), 0.0056710 secs] [Times: user=0.01 sys=0.00, real=0.01 secs] 
2014-07-08T03:25:14.918+0000: 1253.549: [GC [PSYoungGen: 223238K->1200K(218368K)] 439648K->217673K(905344K), 0.0090940 secs] [Times: user=0.03 sys=0.00, real=0.00 secs] 
2014-07-08T03:25:15.919+0000: 1254.550: [GC [PSYoungGen: 218352K->1165K(213440K)] 434825K->217702K(900416K), 0.0047510 secs] [Times: user=0.01 sys=0.00, real=0.00 secs] 
2014-07-08T03:25:16.920+0000: 1255.551: [GC [PSYoungGen: 213371K->980K(208512K)] 429908K->217605K(895488K), 0.0091120 secs] [Times: user=0.04 sys=0.00, real=0.01 secs] 
2014-07-08T03:25:17.906+0000: 1256.537: [GC [PSYoungGen: 208440K->1030K(203968K)] 425065K->217727K(890944K), 0.0035340 secs] [Times: user=0.01 sys=0.00, real=0.01 secs] 
2014-07-08T03:25:18.893+0000: 1257.525: [GC [PSYoungGen: 203905K->1076K(199552K)] 420603K->217837K(886528K), 0.0078830 secs] [Times: user=0.02 sys=0.00, real=0.01 secs] 
2014-07-08T03:25:19.803+0000: 1258.434: [GC [PSYoungGen: 199508K->1506K(239744K)] 416270K->218372K(926720K), 0.0272410 secs] [Times: user=0.09 sys=0.00, real=0.03 secs] 
2014-07-08T03:25:20.877+0000: 1259.509: [GC [PSYoungGen: 239694K->740K(286656K)] 456559K->218025K(973632K), 0.0038840 secs] [Times: user=0.01 sys=0.00, real=0.01 secs] 
2014-07-08T03:25:22.210+0000: 1260.842: [GC [PSYoungGen: 286628K->1030K(279488K)] 503913K->218355K(966464K), 0.0061600 secs] [Times: user=0.02 sys=0.00, real=0.00 secs] 
2014-07-08T03:25:23.492+0000: 1262.123: [GC [PSYoungGen: 279430K->1232K(272512K)] 496755K->218680K(959488K), 0.0139820 secs] [Times: user=0.05 sys=0.01, real=0.01 secs] 
2014-07-08T03:25:24.761+0000: 1263.392: [GC [PSYoungGen: 272457K->1399K(326912K)] 489905K->218927K(1013888K), 0.0270910 secs] [Times: user=0.10 sys=0.00, real=0.02 secs] 
2014-07-08T03:25:26.228+0000: 1264.859: [GC [PSYoungGen: 326903K->680K(391360K)] 544431K->218956K(1078336K), 0.0086340 secs] [Times: user=0.01 sys=0.00, real=0.01 secs] 
2014-07-08T03:25:28.017+0000: 1266.648: [GC [PSYoungGen: 391300K->1372K(380352K)] 609575K->219711K(1067328K), 0.0049140 secs] [Times: user=0.01 sys=0.00, real=0.01 secs] 
2014-07-08T03:25:29.806+0000: 1268.437: [GC [PSYoungGen: 380285K->1402K(369088K)] 598624K->220370K(1056064K), 0.0042170 secs] [Times: user=0.01 sys=0.00, real=0.00 secs] 
2014-07-08T03:25:31.519+0000: 1270.150: [GC [PSYoungGen: 369057K->1012K(357952K)] 588025K->220051K(1044928K), 0.0051190 secs] [Times: user=0.01 sys=0.00, real=0.01 secs] 
2014-07-08T03:25:33.160+0000: 1271.792: [GC [PSYoungGen: 357940K->1200K(347840K)] 576979K->220304K(1034816K), 0.0038310 secs] [Times: user=0.01 sys=0.00, real=0.01 secs] 
2014-07-08T03:25:34.796+0000: 1273.428: [GC [PSYoungGen: 347789K->1232K(337984K)] 566893K->220440K(1024960K), 0.0067790 secs] [Times: user=0.01 sys=0.00, real=0.01 secs] 
2014-07-08T03:25:36.368+0000: 1274.999: [GC [PSYoungGen: 337936K->1140K(405248K)] 557144K->220451K(1092224K), 0.0436750 secs] [Times: user=0.15 sys=0.00, real=0.05 secs] 
2014-07-08T03:25:38.223+0000: 1276.854: [GC [PSYoungGen: 405235K->1236K(393088K)] 624547K->220683K(1080064K), 0.0146190 secs] [Times: user=0.04 sys=0.00, real=0.01 secs] 
2014-07-08T03:25:40.049+0000: 1278.681: [GC [PSYoungGen: 393036K->1140K(471360K)] 612484K->220715K(1158336K), 0.0289580 secs] [Times: user=0.10 sys=0.00, real=0.03 secs] 
2014-07-08T03:25:42.223+0000: 1280.855: [GC [PSYoungGen: 471348K->1108K(456192K)] 690923K->220859K(1143168K), 0.0070630 secs] [Times: user=0.02 sys=0.00, real=0.00 secs] 
2014-07-08T03:25:44.426+0000: 1283.057: [GC [PSYoungGen: 456105K->1172K(547264K)] 675857K->221019K(1234240K), 0.0292170 secs] [Times: user=0.11 sys=0.00, real=0.03 secs] 
2014-07-08T03:25:46.839+0000: 1285.471: [GC [PSYoungGen: 547216K->1407K(528960K)] 767064K->221359K(1215936K), 0.0041060 secs] [Times: user=0.01 sys=0.00, real=0.01 secs] 
2014-07-08T03:25:49.275+0000: 1287.906: [GC [PSYoungGen: 528868K->866K(633984K)] 748819K->221344K(1320960K), 0.0425220 secs] [Times: user=0.15 sys=0.00, real=0.04 secs] 
2014-07-08T03:25:52.173+0000: 1290.805: [GC [PSYoungGen: 633947K->1290K(611968K)] 854425K->221880K(1298944K), 0.0145570 secs] [Times: user=0.04 sys=0.00, real=0.02 secs] 
2014-07-08T03:25:54.964+0000: 1293.596: [GC [PSYoungGen: 611914K->1108K(590336K)] 832504K->222040K(1277312K), 0.0159560 secs] [Times: user=0.06 sys=0.00, real=0.01 secs] 
2014-07-08T03:25:57.701+0000: 1296.333: [GC [PSYoungGen: 590271K->1382K(570112K)] 811203K->222466K(1257088K), 0.0068720 secs] [Times: user=0.02 sys=0.00, real=0.01 secs] 
2014-07-08T03:26:00.327+0000: 1298.958: [GC [PSYoungGen: 570086K->816K(550016K)] 791170K->222320K(1236992K), 0.0039490 secs] [Times: user=0.01 sys=0.00, real=0.00 secs] 
2014-07-08T03:26:02.958+0000: 1301.589: [GC [PSYoungGen: 550000K->1556K(532096K)] 771504K->223196K(1219072K), 0.0113790 secs] [Times: user=0.03 sys=0.00, real=0.01 secs] 
2014-07-08T03:26:05.307+0000: 1303.939: [GC [PSYoungGen: 532052K->930K(513664K)] 753692K->222960K(1200640K), 0.0229910 secs] [Times: user=0.08 sys=0.00, real=0.02 secs] 
2014-07-08T03:26:07.696+0000: 1306.327: [GC [PSYoungGen: 513628K->1286K(497024K)] 735658K->223436K(1184000K), 0.0165310 secs] [Times: user=0.07 sys=0.01, real=0.02 secs] 
2014-07-08T03:26:09.973+0000: 1308.604: [GC [PSYoungGen: 496966K->1204K(480640K)] 719116K->223588K(1167616K), 0.0266790 secs] [Times: user=0.09 sys=0.00, real=0.03 secs] 
2014-07-08T03:26:12.160+0000: 1310.792: [GC [PSYoungGen: 480617K->1374K(465280K)] 703002K->223910K(1152256K), 0.0054700 secs] [Times: user=0.01 sys=0.00, real=0.00 secs] 
2014-07-08T03:26:14.324+0000: 1312.956: [GC [PSYoungGen: 465246K->766K(449792K)] 687782K->223728K(1136768K), 0.0099290 secs] [Times: user=0.03 sys=0.00, real=0.01 secs] 
2014-07-08T03:26:16.401+0000: 1315.033: [GC [PSYoungGen: 449754K->1475K(436352K)] 672716K->224509K(1123328K), 0.0055870 secs] [Times: user=0.01 sys=0.00, real=0.00 secs] 
2014-07-08T03:26:18.410+0000: 1317.041: [GC [PSYoungGen: 436291K->1044K(422272K)] 659325K->224426K(1109248K), 0.0053160 secs] [Times: user=0.01 sys=0.00, real=0.00 secs] 
2014-07-08T03:26:20.361+0000: 1318.992: [GC [PSYoungGen: 422182K->1197K(409344K)] 645564K->224675K(1096320K), 0.0041750 secs] [Times: user=0.01 sys=0.00, real=0.00 secs] 
2014-07-08T03:26:22.258+0000: 1320.889: [GC [PSYoungGen: 409306K->1044K(396736K)] 632785K->224602K(1083712K), 0.0046780 secs] [Times: user=0.01 sys=0.00, real=0.01 secs] 
2014-07-08T03:26:24.133+0000: 1322.765: [GC [PSYoungGen: 396690K->1392K(385088K)] 620248K->225086K(1072064K), 0.0111540 secs] [Times: user=0.04 sys=0.01, real=0.01 secs] 
2014-07-08T03:26:25.854+0000: 1324.486: [GC [PSYoungGen: 385072K->880K(373120K)] 608766K->224882K(1060096K), 0.0344510 secs] [Times: user=0.12 sys=0.00, real=0.03 secs] 
2014-07-08T03:26:27.552+0000: 1326.183: [GC [PSYoungGen: 373054K->1592K(362880K)] 597056K->225714K(1049856K), 0.0191580 secs] [Times: user=0.07 sys=0.00, real=0.02 secs] 
2014-07-08T03:26:29.228+0000: 1327.860: [GC [PSYoungGen: 362872K->880K(351680K)] 586994K->225582K(1038656K), 0.0195960 secs] [Times: user=0.08 sys=0.00, real=0.02 secs] 
2014-07-08T03:26:30.890+0000: 1329.521: [GC [PSYoungGen: 351651K->1574K(342336K)] 576353K->226373K(1029312K), 0.0111530 secs] [Times: user=0.03 sys=0.00, real=0.02 secs] 
2014-07-08T03:26:32.407+0000: 1331.038: [GC [PSYoungGen: 342310K->1076K(409984K)] 567109K->226126K(1096960K), 0.0250220 secs] [Times: user=0.08 sys=0.00, real=0.03 secs] 
2014-07-08T03:26:34.343+0000: 1332.974: [GC [PSYoungGen: 409963K->1307K(492032K)] 635014K->226421K(1179008K), 0.0158510 secs] [Times: user=0.06 sys=0.00, real=0.01 secs] 
2014-07-08T03:26:36.613+0000: 1335.245: [GC [PSYoungGen: 491995K->1196K(590080K)] 717109K->226595K(1277056K), 0.0450400 secs] [Times: user=0.17 sys=0.00, real=0.04 secs] 
2014-07-08T03:26:39.361+0000: 1337.992: [GC [PSYoungGen: 590014K->1670K(570176K)] 815412K->227204K(1257152K), 0.0077420 secs] [Times: user=0.01 sys=0.01, real=0.00 secs] 
2014-07-08T03:26:41.913+0000: 1340.544: [GC [PSYoungGen: 570118K->702K(549632K)] 795652K->226770K(1236608K), 0.0042000 secs] [Times: user=0.02 sys=0.00, real=0.00 secs] 
2014-07-08T03:26:44.471+0000: 1343.102: [GC [PSYoungGen: 549630K->1240K(531584K)] 775698K->227412K(1218560K), 0.0137000 secs] [Times: user=0.05 sys=0.00, real=0.02 secs] 
2014-07-08T03:26:46.930+0000: 1345.561: [GC [PSYoungGen: 531544K->1713K(514240K)] 757716K->228153K(1201216K), 0.0100270 secs] [Times: user=0.03 sys=0.01, real=0.01 secs] 
2014-07-08T03:26:49.290+0000: 1347.921: [GC [PSYoungGen: 514225K->1044K(496576K)] 740665K->227708K(1183552K), 0.0178180 secs] [Times: user=0.07 sys=0.00, real=0.02 secs] 
2014-07-08T03:26:51.587+0000: 1350.219: [GC [PSYoungGen: 496505K->1062K(480320K)] 723170K->227830K(1167296K), 0.0059390 secs] [Times: user=0.01 sys=0.00, real=0.01 secs] 
2014-07-08T03:26:53.821+0000: 1352.453: [GC [PSYoungGen: 480270K->1254K(464960K)] 707039K->228118K(1151936K), 0.0238710 secs] [Times: user=0.10 sys=0.00, real=0.03 secs] 
2014-07-08T03:26:55.955+0000: 1354.587: [GC [PSYoungGen: 464934K->1204K(450048K)] 691798K->228204K(1137024K), 0.0056070 secs] [Times: user=0.02 sys=0.01, real=0.00 secs] 
2014-07-08T03:26:58.103+0000: 1356.735: [GC [PSYoungGen: 449991K->1382K(436032K)] 676992K->228582K(1123008K), 0.0240130 secs] [Times: user=0.08 sys=0.00, real=0.03 secs] 
2014-07-08T03:27:00.059+0000: 1358.691: [GC [PSYoungGen: 435998K->1015K(522624K)] 663199K->228712K(1209600K), 0.0455450 secs] [Times: user=0.16 sys=0.00, real=0.05 secs] 
2014-07-08T03:27:02.429+0000: 1361.061: [GC [PSYoungGen: 522609K->1250K(505472K)] 750306K->229099K(1192448K), 0.0065710 secs] [Times: user=0.01 sys=0.00, real=0.01 secs] 
2014-07-08T03:27:04.860+0000: 1363.491: [GC [PSYoungGen: 505442K->1456K(489024K)] 733291K->229531K(1176000K), 0.0309510 secs] [Times: user=0.12 sys=0.00, real=0.03 secs] 
2014-07-08T03:27:06.999+0000: 1365.630: [GC [PSYoungGen: 488994K->1204K(586304K)] 717069K->229430K(1273280K), 0.0239340 secs] [Times: user=0.08 sys=0.00, real=0.02 secs] 
2014-07-08T03:27:09.861+0000: 1368.492: [GC [PSYoungGen: 586292K->1060K(565888K)] 814518K->230087K(1252864K), 0.0090430 secs] [Times: user=0.02 sys=0.00, real=0.01 secs] 
2014-07-08T03:27:12.346+0000: 1370.977: [GC [PSYoungGen: 565842K->1322K(546816K)] 794869K->230429K(1233792K), 0.0064810 secs] [Times: user=0.01 sys=0.00, real=0.01 secs] 
2014-07-08T03:27:14.924+0000: 1373.555: [GC [PSYoungGen: 546794K->1360K(528384K)] 775901K->230807K(1215360K), 0.0055910 secs] [Times: user=0.01 sys=0.00, real=0.01 secs] 
2014-07-08T03:27:17.317+0000: 1375.949: [GC [PSYoungGen: 528336K->1538K(510912K)] 757783K->231113K(1197888K), 0.0250410 secs] [Times: user=0.08 sys=0.00, real=0.02 secs] 
2014-07-08T03:27:19.627+0000: 1378.259: [GC [PSYoungGen: 510850K->868K(493312K)] 740425K->231259K(1180288K), 0.0087630 secs] [Times: user=0.01 sys=0.00, real=0.00 secs] 
2014-07-08T03:27:21.893+0000: 1380.525: [GC [PSYoungGen: 493284K->1656K(477952K)] 723675K->232111K(1164928K), 0.0106860 secs] [Times: user=0.02 sys=0.00, real=0.01 secs] 
2014-07-08T03:27:24.099+0000: 1382.730: [GC [PSYoungGen: 477944K->1044K(461952K)] 708399K->231863K(1148928K), 0.0050070 secs] [Times: user=0.01 sys=0.00, real=0.00 secs] 
2014-07-08T03:27:26.249+0000: 1384.881: [GC [PSYoungGen: 461908K->1264K(447424K)] 692727K->232163K(1134400K), 0.0119210 secs] [Times: user=0.04 sys=0.00, real=0.01 secs] 
2014-07-08T03:27:28.337+0000: 1386.969: [GC [PSYoungGen: 447324K->1176K(433280K)] 678223K->232251K(1120256K), 0.0139250 secs] [Times: user=0.04 sys=0.00, real=0.02 secs] 
2014-07-08T03:27:30.326+0000: 1388.958: [GC [PSYoungGen: 433240K->1232K(419840K)] 664315K->232427K(1106816K), 0.0042860 secs] [Times: user=0.02 sys=0.00, real=0.01 secs] 
2014-07-08T03:27:32.249+0000: 1390.881: [GC [PSYoungGen: 419756K->1218K(406912K)] 650951K->232541K(1093888K), 0.0246570 secs] [Times: user=0.09 sys=0.00, real=0.02 secs] 
2014-07-08T03:27:34.133+0000: 1392.764: [GC [PSYoungGen: 406817K->1147K(394432K)] 638140K->232534K(1081408K), 0.0112100 secs] [Times: user=0.03 sys=0.00, real=0.01 secs] 
2014-07-08T03:27:36.059+0000: 1394.690: [GC [PSYoungGen: 394400K->1456K(382912K)] 625787K->232915K(1069888K), 0.0206630 secs] [Times: user=0.08 sys=0.00, real=0.02 secs] 
2014-07-08T03:27:37.739+0000: 1396.371: [GC [PSYoungGen: 382896K->1360K(371520K)] 614355K->233059K(1058496K), 0.0066000 secs] [Times: user=0.01 sys=0.00, real=0.01 secs] 
2014-07-08T03:27:39.455+0000: 1398.086: [GC [PSYoungGen: 371472K->866K(360128K)] 603171K->232783K(1047104K), 0.0064680 secs] [Times: user=0.01 sys=0.00, real=0.01 secs] 
2014-07-08T03:27:41.123+0000: 1399.755: [GC [PSYoungGen: 360076K->1076K(349888K)] 591993K->233065K(1036864K), 0.0116720 secs] [Times: user=0.01 sys=0.00, real=0.01 secs] 
2014-07-08T03:27:42.752+0000: 1401.384: [GC [PSYoungGen: 349875K->1452K(340288K)] 581864K->233537K(1027264K), 0.0058380 secs] [Times: user=0.01 sys=0.00, real=0.00 secs] 
2014-07-08T03:27:44.312+0000: 1402.943: [GC [PSYoungGen: 340251K->1030K(330304K)] 572336K->233163K(1017280K), 0.0063920 secs] [Times: user=0.01 sys=0.00, real=0.00 secs] 
2014-07-08T03:27:45.894+0000: 1404.525: [GC [PSYoungGen: 330246K->1186K(321216K)] 562379K->233441K(1008192K), 0.0229090 secs] [Times: user=0.09 sys=0.00, real=0.02 secs] 
2014-07-08T03:27:47.362+0000: 1405.993: [GC [PSYoungGen: 321183K->1158K(312384K)] 553438K->233629K(999360K), 0.0174700 secs] [Times: user=0.06 sys=0.00, real=0.01 secs] 
2014-07-08T03:27:48.802+0000: 1407.434: [GC [PSYoungGen: 312280K->1214K(303936K)] 544751K->233863K(990912K), 0.0046370 secs] [Times: user=0.02 sys=0.00, real=0.00 secs] 
2014-07-08T03:27:50.230+0000: 1408.861: [GC [PSYoungGen: 303897K->1769K(296384K)] 536546K->234538K(983360K), 0.0120480 secs] [Times: user=0.03 sys=0.00, real=0.01 secs] 
2014-07-08T03:27:51.530+0000: 1410.161: [GC [PSYoungGen: 296348K->615K(287424K)] 529117K->234112K(974400K), 0.0075440 secs] [Times: user=0.03 sys=0.00, real=0.01 secs] 
2014-07-08T03:27:52.878+0000: 1411.509: [GC [PSYoungGen: 287398K->1888K(281152K)] 520895K->235481K(968128K), 0.0219820 secs] [Times: user=0.08 sys=0.00, real=0.02 secs] 
2014-07-08T03:27:54.148+0000: 1412.780: [GC [PSYoungGen: 281120K->1044K(273088K)] 514713K->235131K(960064K), 0.0105350 secs] [Times: user=0.04 sys=0.00, real=0.01 secs] 
2014-07-08T03:27:55.385+0000: 1414.016: [GC [PSYoungGen: 273044K->1076K(266112K)] 507131K->235211K(953088K), 0.0127030 secs] [Times: user=0.05 sys=0.00, real=0.01 secs] 
2014-07-08T03:27:56.624+0000: 1415.256: [GC [PSYoungGen: 266062K->1108K(259520K)] 500198K->235371K(946496K), 0.0111730 secs] [Times: user=0.03 sys=0.00, real=0.01 secs] 
2014-07-08T03:27:57.821+0000: 1416.452: [GC [PSYoungGen: 259400K->1609K(311744K)] 493664K->235985K(998720K), 0.0162710 secs] [Times: user=0.06 sys=0.00, real=0.02 secs] 
2014-07-08T03:27:59.252+0000: 1417.884: [GC [PSYoungGen: 311614K->1314K(373440K)] 545989K->235843K(1060416K), 0.0173790 secs] [Times: user=0.06 sys=0.00, real=0.02 secs] 
2014-07-08T03:28:01.011+0000: 1419.642: [GC [PSYoungGen: 373410K->1478K(362688K)] 607939K->236072K(1049664K), 0.0086540 secs] [Times: user=0.03 sys=0.00, real=0.01 secs] 
2014-07-08T03:28:02.649+0000: 1421.280: [GC [PSYoungGen: 362630K->1268K(434688K)] 597224K->236029K(1121664K), 0.0241930 secs] [Times: user=0.08 sys=0.00, real=0.02 secs] 
2014-07-08T03:28:04.673+0000: 1423.304: [GC [PSYoungGen: 434664K->1414K(421312K)] 669426K->236208K(1108288K), 0.0157280 secs] [Times: user=0.06 sys=0.00, real=0.02 secs] 
2014-07-08T03:28:06.595+0000: 1425.226: [GC [PSYoungGen: 421254K->1268K(408128K)] 656048K->236165K(1095104K), 0.0083470 secs] [Times: user=0.01 sys=0.00, real=0.00 secs] 
2014-07-08T03:28:08.483+0000: 1427.115: [GC [PSYoungGen: 408116K->1324K(395776K)] 643013K->236430K(1082752K), 0.0059440 secs] [Times: user=0.01 sys=0.00, real=0.01 secs] 
2014-07-08T03:28:10.295+0000: 1428.926: [GC [PSYoungGen: 395728K->1062K(383616K)] 630834K->236263K(1070592K), 0.0124400 secs] [Times: user=0.05 sys=0.00, real=0.02 secs] 
2014-07-08T03:28:12.118+0000: 1430.749: [GC [PSYoungGen: 383575K->1172K(372352K)] 618777K->236437K(1059328K), 0.0072490 secs] [Times: user=0.01 sys=0.00, real=0.00 secs] 
2014-07-08T03:28:13.815+0000: 1432.446: [GC [PSYoungGen: 372308K->1453K(361664K)] 607573K->236854K(1048640K), 0.0050500 secs] [Times: user=0.01 sys=0.00, real=0.01 secs] 
2014-07-08T03:28:15.488+0000: 1434.120: [GC [PSYoungGen: 361603K->1538K(351296K)] 597004K->237003K(1038272K), 0.0139300 secs] [Times: user=0.04 sys=0.00, real=0.01 secs] 
2014-07-08T03:28:17.068+0000: 1435.700: [GC [PSYoungGen: 351200K->802K(340480K)] 586665K->236845K(1027456K), 0.0079090 secs] [Times: user=0.02 sys=0.00, real=0.01 secs] 
2014-07-08T03:28:18.629+0000: 1437.260: [GC [PSYoungGen: 340404K->1638K(331712K)] 576447K->237794K(1018688K), 0.0169320 secs] [Times: user=0.06 sys=0.00, real=0.01 secs] 
2014-07-08T03:28:20.160+0000: 1438.791: [GC [PSYoungGen: 331657K->1012K(321856K)] 567812K->237443K(1008832K), 0.0041340 secs] [Times: user=0.02 sys=0.00, real=0.00 secs] 
2014-07-08T03:28:21.691+0000: 1440.322: [GC [PSYoungGen: 321800K->1236K(313280K)] 558232K->237747K(1000256K), 0.0289660 secs] [Times: user=0.09 sys=0.01, real=0.03 secs] 
2014-07-08T03:28:23.118+0000: 1441.749: [GC [PSYoungGen: 313236K->1232K(304768K)] 549747K->237855K(991744K), 0.0064880 secs] [Times: user=0.01 sys=0.00, real=0.00 secs] 
2014-07-08T03:28:24.490+0000: 1443.121: [GC [PSYoungGen: 304720K->1012K(296320K)] 541343K->237691K(983296K), 0.0100100 secs] [Times: user=0.04 sys=0.00, real=0.01 secs] 
2014-07-08T03:28:26.004+0000: 1444.636: [GC [PSYoungGen: 296308K->1452K(288896K)] 532987K->238372K(975872K), 0.0118130 secs] [Times: user=0.04 sys=0.00, real=0.01 secs] 
2014-07-08T03:28:27.142+0000: 1445.773: [GC [PSYoungGen: 288869K->1232K(281152K)] 525789K->238368K(968128K), 0.0178990 secs] [Times: user=0.06 sys=0.01, real=0.02 secs] 
2014-07-08T03:28:28.441+0000: 1447.073: [GC [PSYoungGen: 281074K->1094K(273792K)] 518210K->238349K(960768K), 0.0107380 secs] [Times: user=0.03 sys=0.01, real=0.01 secs] 
2014-07-08T03:28:29.710+0000: 1448.342: [GC [PSYoungGen: 273734K->1108K(266816K)] 510989K->238443K(953792K), 0.0043850 secs] [Times: user=0.01 sys=0.00, real=0.00 secs] 
2014-07-08T03:28:31.123+0000: 1449.754: [GC [PSYoungGen: 266772K->1577K(260544K)] 504107K->239144K(947520K), 0.0205530 secs] [Times: user=0.08 sys=0.00, real=0.02 secs] 
2014-07-08T03:28:32.131+0000: 1450.762: [GC [PSYoungGen: 260521K->1076K(253568K)] 498088K->238747K(940544K), 0.0095670 secs] [Times: user=0.02 sys=0.00, real=0.01 secs] 
2014-07-08T03:28:33.311+0000: 1451.943: [GC [PSYoungGen: 253551K->1062K(247360K)] 491222K->238821K(934336K), 0.0114090 secs] [Times: user=0.05 sys=0.00, real=0.01 secs] 
2014-07-08T03:28:34.441+0000: 1453.072: [GC [PSYoungGen: 247310K->1503K(241792K)] 485070K->239302K(928768K), 0.0062460 secs] [Times: user=0.01 sys=0.00, real=0.00 secs] 
2014-07-08T03:28:35.541+0000: 1454.173: [GC [PSYoungGen: 241752K->1012K(235520K)] 479552K->238835K(922496K), 0.0052410 secs] [Times: user=0.01 sys=0.00, real=0.00 secs] 
2014-07-08T03:28:36.667+0000: 1455.298: [GC [PSYoungGen: 235508K->1378K(230336K)] 473331K->239306K(917312K), 0.0154140 secs] [Times: user=0.06 sys=0.00, real=0.02 secs] 
2014-07-08T03:28:37.723+0000: 1456.354: [GC [PSYoungGen: 230275K->1158K(224768K)] 468203K->239229K(911744K), 0.0136720 secs] [Times: user=0.06 sys=0.00, real=0.01 secs] 
2014-07-08T03:28:38.779+0000: 1457.411: [GC [PSYoungGen: 224710K->1400K(269696K)] 462781K->239551K(956672K), 0.0278930 secs] [Times: user=0.10 sys=0.00, real=0.02 secs] 
2014-07-08T03:28:39.995+0000: 1458.626: [GC [PSYoungGen: 269688K->980K(323008K)] 507839K->239179K(1009984K), 0.0040940 secs] [Times: user=0.01 sys=0.00, real=0.01 secs] 
2014-07-08T03:28:41.445+0000: 1460.077: [GC [PSYoungGen: 322964K->1044K(387520K)] 561163K->239307K(1074496K), 0.0154300 secs] [Times: user=0.05 sys=0.00, real=0.02 secs] 
2014-07-08T03:28:43.226+0000: 1461.857: [GC [PSYoungGen: 387475K->1126K(376000K)] 625738K->239477K(1062976K), 0.0099040 secs] [Times: user=0.02 sys=0.00, real=0.01 secs] 
2014-07-08T03:28:45.015+0000: 1463.646: [GC [PSYoungGen: 375974K->1172K(364992K)] 614325K->239579K(1051968K), 0.0168640 secs] [Times: user=0.05 sys=0.00, real=0.02 secs] 
2014-07-08T03:28:46.661+0000: 1465.293: [GC [PSYoungGen: 364946K->1278K(354432K)] 603353K->239904K(1041408K), 0.0113710 secs] [Times: user=0.05 sys=0.00, real=0.01 secs] 
2014-07-08T03:28:48.271+0000: 1466.902: [GC [PSYoungGen: 354421K->1250K(344256K)] 593046K->240012K(1031232K), 0.0053020 secs] [Times: user=0.02 sys=0.00, real=0.00 secs] 
2014-07-08T03:28:49.900+0000: 1468.532: [GC [PSYoungGen: 344226K->1188K(334464K)] 582988K->240344K(1021440K), 0.0220410 secs] [Times: user=0.08 sys=0.00, real=0.03 secs] 
2014-07-08T03:28:51.424+0000: 1470.055: [GC [PSYoungGen: 334432K->1158K(325120K)] 573587K->240369K(1012096K), 0.0074350 secs] [Times: user=0.02 sys=0.00, real=0.01 secs] 
2014-07-08T03:28:52.927+0000: 1471.559: [GC [PSYoungGen: 325062K->1112K(316096K)] 564273K->240452K(1003072K), 0.0079180 secs] [Times: user=0.01 sys=0.00, real=0.01 secs] 
2014-07-08T03:28:54.369+0000: 1473.001: [GC [PSYoungGen: 316056K->1197K(307520K)] 555396K->240593K(994496K), 0.0235900 secs] [Times: user=0.07 sys=0.00, real=0.03 secs] 
2014-07-08T03:28:55.776+0000: 1474.407: [GC [PSYoungGen: 307501K->1044K(299136K)] 546897K->240471K(986112K), 0.0064040 secs] [Times: user=0.01 sys=0.00, real=0.01 secs] 
2014-07-08T03:28:57.191+0000: 1475.822: [GC [PSYoungGen: 299054K->1638K(359360K)] 538482K->241193K(1046336K), 0.0228100 secs] [Times: user=0.08 sys=0.00, real=0.03 secs] 
2014-07-08T03:28:58.851+0000: 1477.482: [GC [PSYoungGen: 359334K->762K(348096K)] 598889K->240996K(1035072K), 0.0132270 secs] [Times: user=0.04 sys=0.00, real=0.02 secs] 
2014-07-08T03:29:00.462+0000: 1479.093: [GC [PSYoungGen: 348090K->1364K(338816K)] 588323K->241630K(1025792K), 0.0048980 secs] [Times: user=0.01 sys=0.00, real=0.01 secs] 
2014-07-08T03:29:02.048+0000: 1480.679: [GC [PSYoungGen: 338727K->1226K(329152K)] 578992K->241800K(1016128K), 0.0061800 secs] [Times: user=0.01 sys=0.00, real=0.01 secs] 
2014-07-08T03:29:03.536+0000: 1482.167: [GC [PSYoungGen: 329057K->1183K(319936K)] 569631K->241837K(1006912K), 0.0193220 secs] [Times: user=0.07 sys=0.00, real=0.02 secs] 
2014-07-08T03:29:04.991+0000: 1483.623: [GC [PSYoungGen: 319873K->1108K(311104K)] 560527K->241860K(998080K), 0.0040210 secs] [Times: user=0.01 sys=0.00, real=0.01 secs] 
2014-07-08T03:29:06.429+0000: 1485.060: [GC [PSYoungGen: 311018K->1222K(373248K)] 551769K->242126K(1060224K), 0.0311220 secs] [Times: user=0.10 sys=0.00, real=0.03 secs] 
2014-07-08T03:29:08.155+0000: 1486.786: [GC [PSYoungGen: 373190K->1076K(362112K)] 614094K->242242K(1049088K), 0.0081850 secs] [Times: user=0.01 sys=0.01, real=0.00 secs] 
2014-07-08T03:29:09.881+0000: 1488.512: [GC [PSYoungGen: 362100K->1584K(434880K)] 603266K->242878K(1121856K), 0.0229250 secs] [Times: user=0.09 sys=0.00, real=0.02 secs] 
2014-07-08T03:29:11.857+0000: 1490.489: [GC [PSYoungGen: 434833K->694K(420416K)] 676127K->242868K(1107392K), 0.0070120 secs] [Times: user=0.02 sys=0.00, real=0.01 secs] 
2014-07-08T03:29:13.755+0000: 1492.386: [GC [PSYoungGen: 420359K->1628K(408384K)] 662533K->243866K(1095360K), 0.0049830 secs] [Times: user=0.01 sys=0.00, real=0.00 secs] 
2014-07-08T03:29:15.635+0000: 1494.266: [GC [PSYoungGen: 408305K->1382K(395712K)] 650543K->244261K(1082688K), 0.0097170 secs] [Times: user=0.04 sys=0.00, real=0.01 secs] 
2014-07-08T03:29:17.477+0000: 1496.109: [GC [PSYoungGen: 395686K->1140K(383552K)] 638565K->244130K(1070528K), 0.0036190 secs] [Times: user=0.01 sys=0.00, real=0.00 secs] 
2014-07-08T03:29:19.268+0000: 1497.900: [GC [PSYoungGen: 383540K->1168K(372224K)] 626530K->244319K(1059200K), 0.0060400 secs] [Times: user=0.01 sys=0.00, real=0.00 secs] 
2014-07-08T03:29:20.996+0000: 1499.628: [GC [PSYoungGen: 372176K->948K(361024K)] 615327K->244162K(1048000K), 0.0301680 secs] [Times: user=0.10 sys=0.00, real=0.03 secs] 
2014-07-08T03:29:22.677+0000: 1501.308: [GC [PSYoungGen: 361012K->1236K(350912K)] 604226K->244506K(1037888K), 0.0249400 secs] [Times: user=0.08 sys=0.00, real=0.02 secs] 
2014-07-08T03:29:24.248+0000: 1502.880: [GC [PSYoungGen: 350868K->1264K(340864K)] 594138K->244663K(1027840K), 0.0105880 secs] [Times: user=0.04 sys=0.00, real=0.01 secs] 
2014-07-08T03:29:25.855+0000: 1504.486: [GC [PSYoungGen: 340843K->1386K(331392K)] 584241K->244856K(1018368K), 0.0103340 secs] [Times: user=0.03 sys=0.00, real=0.01 secs] 
2014-07-08T03:29:27.369+0000: 1506.000: [GC [PSYoungGen: 331350K->1044K(321856K)] 574821K->244642K(1008832K), 0.0058390 secs] [Times: user=0.02 sys=0.00, real=0.00 secs] 
2014-07-08T03:29:28.911+0000: 1507.543: [GC [PSYoungGen: 321812K->1377K(313344K)] 565410K->245416K(1000320K), 0.0251950 secs] [Times: user=0.09 sys=0.00, real=0.02 secs] 
2014-07-08T03:29:30.290+0000: 1508.922: [GC [PSYoungGen: 313313K->1094K(304576K)] 557352K->245205K(991552K), 0.0045940 secs] [Times: user=0.01 sys=0.00, real=0.00 secs] 
2014-07-08T03:29:31.689+0000: 1510.320: [GC [PSYoungGen: 304518K->1328K(296576K)] 548629K->245609K(983552K), 0.0065590 secs] [Times: user=0.01 sys=0.00, real=0.00 secs] 
2014-07-08T03:29:33.057+0000: 1511.689: [GC [PSYoungGen: 296550K->1162K(288576K)] 540830K->245507K(975552K), 0.0112380 secs] [Times: user=0.05 sys=0.00, real=0.01 secs] 
2014-07-08T03:29:34.371+0000: 1513.003: [GC [PSYoungGen: 288512K->1115K(280960K)] 532857K->245532K(967936K), 0.0118930 secs] [Times: user=0.04 sys=0.00, real=0.01 secs] 
2014-07-08T03:29:35.657+0000: 1514.288: [GC [PSYoungGen: 280923K->1548K(274176K)] 525340K->246013K(961152K), 0.0134380 secs] [Times: user=0.05 sys=0.01, real=0.02 secs] 
2014-07-08T03:29:36.925+0000: 1515.557: [GC [PSYoungGen: 274124K->1076K(266688K)] 518589K->245685K(953664K), 0.0190510 secs] [Times: user=0.07 sys=0.00, real=0.02 secs] 
2014-07-08T03:29:38.162+0000: 1516.793: [GC [PSYoungGen: 266676K->1108K(260032K)] 511285K->245877K(947008K), 0.0081070 secs] [Times: user=0.02 sys=0.00, real=0.01 secs] 
2014-07-08T03:29:39.381+0000: 1518.012: [GC [PSYoungGen: 259977K->1194K(253632K)] 504746K->246027K(940608K), 0.0039810 secs] [Times: user=0.01 sys=0.00, real=0.00 secs] 
2014-07-08T03:29:40.521+0000: 1519.153: [GC [PSYoungGen: 253570K->1108K(247360K)] 498403K->246029K(934336K), 0.0059930 secs] [Times: user=0.01 sys=0.00, real=0.00 secs] 
2014-07-08T03:29:41.751+0000: 1520.382: [GC [PSYoungGen: 247316K->1236K(241536K)] 492237K->246221K(928512K), 0.0120280 secs] [Times: user=0.04 sys=0.00, real=0.01 secs] 
2014-07-08T03:29:42.800+0000: 1521.432: [GC [PSYoungGen: 241470K->1641K(236160K)] 486454K->246706K(923136K), 0.0063660 secs] [Times: user=0.01 sys=0.00, real=0.00 secs] 
2014-07-08T03:29:43.882+0000: 1522.514: [GC [PSYoungGen: 236088K->679K(229632K)] 481153K->246865K(916608K), 0.0116360 secs] [Times: user=0.04 sys=0.01, real=0.01 secs] 
2014-07-08T03:29:44.922+0000: 1523.554: [GC [PSYoungGen: 229607K->1590K(225152K)] 475793K->247816K(912128K), 0.0085720 secs] [Times: user=0.02 sys=0.00, real=0.01 secs] 
2014-07-08T03:29:45.979+0000: 1524.610: [GC [PSYoungGen: 225132K->1357K(219776K)] 471358K->248143K(906752K), 0.0091500 secs] [Times: user=0.03 sys=0.01, real=0.01 secs] 
2014-07-08T03:29:46.997+0000: 1525.629: [GC [PSYoungGen: 219725K->1076K(214464K)] 466511K->247950K(901440K), 0.0074770 secs] [Times: user=0.02 sys=0.00, real=0.01 secs] 
2014-07-08T03:29:48.029+0000: 1526.660: [GC [PSYoungGen: 214452K->1513K(257600K)] 461326K->248507K(944576K), 0.0297920 secs] [Times: user=0.11 sys=0.00, real=0.03 secs] 
2014-07-08T03:29:49.175+0000: 1527.806: [GC [PSYoungGen: 257577K->1044K(308416K)] 504571K->248110K(995392K), 0.0051950 secs] [Times: user=0.02 sys=0.00, real=0.01 secs] 
2014-07-08T03:29:50.602+0000: 1529.234: [GC [PSYoungGen: 308372K->1264K(370112K)] 555438K->248410K(1057088K), 0.0128230 secs] [Times: user=0.04 sys=0.00, real=0.01 secs] 
2014-07-08T03:29:52.322+0000: 1530.954: [GC [PSYoungGen: 370092K->1044K(359104K)] 617237K->248254K(1046080K), 0.0064150 secs] [Times: user=0.01 sys=0.00, real=0.00 secs] 
2014-07-08T03:29:53.999+0000: 1532.631: [GC [PSYoungGen: 359027K->1172K(348864K)] 606237K->248486K(1035840K), 0.0127480 secs] [Times: user=0.03 sys=0.00, real=0.02 secs] 
2014-07-08T03:29:55.608+0000: 1534.239: [GC [PSYoungGen: 348820K->1140K(338880K)] 596134K->248502K(1025856K), 0.0045580 secs] [Times: user=0.01 sys=0.00, real=0.01 secs] 
2014-07-08T03:29:57.142+0000: 1535.773: [GC [PSYoungGen: 338868K->1208K(329408K)] 586230K->248722K(1016384K), 0.0053290 secs] [Times: user=0.01 sys=0.00, real=0.00 secs] 
2014-07-08T03:29:58.636+0000: 1537.267: [GC [PSYoungGen: 329400K->1545K(395456K)] 576914K->249219K(1082432K), 0.0351610 secs] [Times: user=0.12 sys=0.00, real=0.04 secs] 
2014-07-08T03:30:00.476+0000: 1539.107: [GC [PSYoungGen: 395377K->826K(473472K)] 643051K->248906K(1160448K), 0.0194580 secs] [Times: user=0.08 sys=0.00, real=0.02 secs] 
2014-07-08T03:30:02.678+0000: 1541.310: [GC [PSYoungGen: 473466K->1539K(459008K)] 721546K->249765K(1145984K), 0.0095180 secs] [Times: user=0.03 sys=0.00, real=0.01 secs] 
2014-07-08T03:30:04.792+0000: 1543.424: [GC [PSYoungGen: 458947K->1108K(443968K)] 707173K->249676K(1130944K), 0.0059820 secs] [Times: user=0.01 sys=0.01, real=0.00 secs] 
2014-07-08T03:30:06.950+0000: 1545.581: [GC [PSYoungGen: 443910K->1837K(430720K)] 692478K->250492K(1117696K), 0.0055170 secs] [Times: user=0.01 sys=0.00, real=0.01 secs] 
2014-07-08T03:30:08.819+0000: 1547.451: [GC [PSYoungGen: 430651K->752K(416256K)] 679307K->250322K(1103232K), 0.0086450 secs] [Times: user=0.02 sys=0.00, real=0.01 secs] 
2014-07-08T03:30:10.704+0000: 1549.336: [GC [PSYoungGen: 416240K->1556K(404288K)] 665810K->251222K(1091264K), 0.0166380 secs] [Times: user=0.05 sys=0.00, real=0.01 secs] 
2014-07-08T03:30:12.582+0000: 1551.213: [GC [PSYoungGen: 404227K->1044K(391552K)] 653893K->251034K(1078528K), 0.0192550 secs] [Times: user=0.07 sys=0.00, real=0.02 secs] 
2014-07-08T03:30:14.386+0000: 1553.017: [GC [PSYoungGen: 391508K->980K(379776K)] 641498K->251042K(1066752K), 0.0067300 secs] [Times: user=0.01 sys=0.01, real=0.00 secs] 
2014-07-08T03:30:16.120+0000: 1554.751: [GC [PSYoungGen: 379732K->1204K(368704K)] 629794K->251370K(1055680K), 0.0259300 secs] [Times: user=0.07 sys=0.00, real=0.03 secs] 
2014-07-08T03:30:17.856+0000: 1556.488: [GC [PSYoungGen: 368692K->1268K(358016K)] 618858K->251602K(1044992K), 0.0213230 secs] [Times: user=0.08 sys=0.00, real=0.02 secs] 
2014-07-08T03:30:19.478+0000: 1558.110: [GC [PSYoungGen: 358001K->1165K(347648K)] 608335K->251603K(1034624K), 0.0049390 secs] [Times: user=0.01 sys=0.00, real=0.00 secs] 
2014-07-08T03:30:21.113+0000: 1559.745: [GC [PSYoungGen: 347597K->1229K(337792K)] 598035K->251763K(1024768K), 0.0113720 secs] [Times: user=0.04 sys=0.00, real=0.01 secs] 
2014-07-08T03:30:22.670+0000: 1561.302: [GC [PSYoungGen: 337741K->1232K(328320K)] 588275K->251854K(1015296K), 0.0245580 secs] [Times: user=0.09 sys=0.00, real=0.02 secs] 
2014-07-08T03:30:24.179+0000: 1562.810: [GC [PSYoungGen: 328272K->980K(318976K)] 578894K->251658K(1005952K), 0.0064570 secs] [Times: user=0.02 sys=0.00, real=0.01 secs] 
2014-07-08T03:30:25.636+0000: 1564.268: [GC [PSYoungGen: 318919K->1460K(310656K)] 569598K->252202K(997632K), 0.0063290 secs] [Times: user=0.01 sys=0.00, real=0.00 secs] 
2014-07-08T03:30:27.119+0000: 1565.751: [GC [PSYoungGen: 310644K->1851K(302656K)] 561386K->252999K(989632K), 0.0135360 secs] [Times: user=0.06 sys=0.00, real=0.01 secs] 
2014-07-08T03:30:28.443+0000: 1567.075: [GC [PSYoungGen: 302628K->428K(293184K)] 553776K->252436K(980160K), 0.0075070 secs] [Times: user=0.02 sys=0.00, real=0.01 secs] 
2014-07-08T03:30:29.789+0000: 1568.421: [GC [PSYoungGen: 293164K->1486K(286528K)] 545172K->253585K(973504K), 0.0189430 secs] [Times: user=0.07 sys=0.00, real=0.02 secs] 
2014-07-08T03:30:31.104+0000: 1569.736: [GC [PSYoungGen: 286478K->1012K(278592K)] 538577K->253577K(965568K), 0.0144380 secs] [Times: user=0.05 sys=0.00, real=0.02 secs] 
2014-07-08T03:30:32.447+0000: 1571.078: [GC [PSYoungGen: 278580K->1232K(334400K)] 531145K->253845K(1021376K), 0.0201050 secs] [Times: user=0.08 sys=0.00, real=0.02 secs] 
2014-07-08T03:30:34.009+0000: 1572.640: [GC [PSYoungGen: 334341K->1791K(401536K)] 586953K->254516K(1088512K), 0.0242220 secs] [Times: user=0.09 sys=0.00, real=0.02 secs] 
2014-07-08T03:30:35.774+0000: 1574.405: [GC [PSYoungGen: 401535K->1286K(388992K)] 654260K->254083K(1075968K), 0.0052320 secs] [Times: user=0.02 sys=0.00, real=0.01 secs] 
2014-07-08T03:30:37.583+0000: 1576.214: [GC [PSYoungGen: 388934K->1140K(377216K)] 641731K->254097K(1064192K), 0.0102680 secs] [Times: user=0.03 sys=0.00, real=0.01 secs] 
2014-07-08T03:30:39.267+0000: 1577.898: [GC [PSYoungGen: 377204K->1108K(366080K)] 630161K->254217K(1053056K), 0.0068530 secs] [Times: user=0.02 sys=0.00, real=0.01 secs] 
2014-07-08T03:30:40.970+0000: 1579.601: [GC [PSYoungGen: 366036K->1094K(355392K)] 619145K->254323K(1042368K), 0.0092170 secs] [Times: user=0.03 sys=0.00, real=0.01 secs] 
2014-07-08T03:30:42.594+0000: 1581.225: [GC [PSYoungGen: 355334K->1012K(345024K)] 608563K->254305K(1032000K), 0.0116730 secs] [Times: user=0.04 sys=0.00, real=0.01 secs] 
2014-07-08T03:30:44.233+0000: 1582.865: [GC [PSYoungGen: 345012K->1353K(335616K)] 598305K->254718K(1022592K), 0.0053090 secs] [Times: user=0.01 sys=0.00, real=0.01 secs] 
2014-07-08T03:30:45.749+0000: 1584.381: [GC [PSYoungGen: 335536K->1190K(326016K)] 588901K->254635K(1012992K), 0.0130010 secs] [Times: user=0.04 sys=0.00, real=0.01 secs] 
2014-07-08T03:30:47.238+0000: 1585.870: [GC [PSYoungGen: 325891K->1274K(317056K)] 579336K->254989K(1004032K), 0.0043060 secs] [Times: user=0.01 sys=0.00, real=0.01 secs] 
2014-07-08T03:30:48.696+0000: 1587.327: [GC [PSYoungGen: 317050K->1296K(308480K)] 570765K->255115K(995456K), 0.0119020 secs] [Times: user=0.05 sys=0.00, real=0.01 secs] 
2014-07-08T03:30:50.157+0000: 1588.788: [GC [PSYoungGen: 308432K->1264K(300096K)] 562251K->255171K(987072K), 0.0211840 secs] [Times: user=0.08 sys=0.00, real=0.02 secs] 
2014-07-08T03:30:51.504+0000: 1590.136: [GC [PSYoungGen: 299982K->1112K(291968K)] 553888K->255099K(978944K), 0.0043440 secs] [Times: user=0.01 sys=0.00, real=0.00 secs] 
2014-07-08T03:30:52.852+0000: 1591.484: [GC [PSYoungGen: 291928K->1264K(284416K)] 545915K->255315K(971392K), 0.0120710 secs] [Times: user=0.02 sys=0.00, real=0.01 secs] 
2014-07-08T03:30:54.153+0000: 1592.785: [GC [PSYoungGen: 284391K->1062K(340864K)] 538441K->255185K(1027840K), 0.0286820 secs] [Times: user=0.11 sys=0.00, real=0.03 secs] 
2014-07-08T03:30:55.725+0000: 1594.357: [GC [PSYoungGen: 340820K->1261K(331456K)] 594943K->255440K(1018432K), 0.0109950 secs] [Times: user=0.03 sys=0.00, real=0.01 secs] 
2014-07-08T03:30:57.261+0000: 1595.892: [GC [PSYoungGen: 331437K->1108K(322112K)] 585616K->255399K(1009088K), 0.0044670 secs] [Times: user=0.01 sys=0.00, real=0.00 secs] 
2014-07-08T03:30:58.736+0000: 1597.368: [GC [PSYoungGen: 322065K->1060K(313152K)] 576356K->255987K(1000128K), 0.0214590 secs] [Times: user=0.08 sys=0.00, real=0.02 secs] 
2014-07-08T03:31:00.175+0000: 1598.806: [GC [PSYoungGen: 313124K->1276K(375808K)] 568051K->256275K(1062784K), 0.0168650 secs] [Times: user=0.07 sys=0.00, real=0.02 secs] 
2014-07-08T03:31:01.913+0000: 1600.545: [GC [PSYoungGen: 375804K->1108K(364608K)] 630803K->256435K(1051584K), 0.0150750 secs] [Times: user=0.06 sys=0.00, real=0.01 secs] 
2014-07-08T03:31:03.567+0000: 1602.198: [GC [PSYoungGen: 364537K->1343K(354176K)] 619865K->256726K(1041152K), 0.0053570 secs] [Times: user=0.02 sys=0.00, real=0.01 secs] 
2014-07-08T03:31:05.187+0000: 1603.818: [GC [PSYoungGen: 354128K->1076K(343744K)] 609511K->256571K(1030720K), 0.0056840 secs] [Times: user=0.01 sys=0.00, real=0.01 secs] 
2014-07-08T03:31:06.789+0000: 1605.420: [GC [PSYoungGen: 343732K->1240K(334208K)] 599227K->256831K(1021184K), 0.0060200 secs] [Times: user=0.01 sys=0.00, real=0.01 secs] 
2014-07-08T03:31:08.350+0000: 1606.981: [GC [PSYoungGen: 334137K->1144K(324736K)] 589728K->256823K(1011712K), 0.0242410 secs] [Times: user=0.10 sys=0.00, real=0.03 secs] 
2014-07-08T03:31:09.914+0000: 1608.545: [GC [PSYoungGen: 324728K->1460K(389824K)] 580407K->257267K(1076800K), 0.0321240 secs] [Times: user=0.11 sys=0.00, real=0.03 secs] 
2014-07-08T03:31:11.627+0000: 1610.258: [GC [PSYoungGen: 389767K->752K(377472K)] 645575K->256931K(1064448K), 0.0042680 secs] [Times: user=0.01 sys=0.00, real=0.00 secs] 
2014-07-08T03:31:13.369+0000: 1612.001: [GC [PSYoungGen: 377435K->1382K(366976K)] 633614K->257625K(1053952K), 0.0204040 secs] [Times: user=0.07 sys=0.00, real=0.02 secs] 
2014-07-08T03:31:15.118+0000: 1613.749: [GC [PSYoungGen: 366950K->1332K(356224K)] 623193K->257835K(1043200K), 0.0069420 secs] [Times: user=0.02 sys=0.00, real=0.01 secs] 
2014-07-08T03:31:16.699+0000: 1615.331: [GC [PSYoungGen: 356212K->1076K(345728K)] 612715K->257715K(1032704K), 0.0094670 secs] [Times: user=0.03 sys=0.00, real=0.01 secs] 
2014-07-08T03:31:18.294+0000: 1616.926: [GC [PSYoungGen: 345645K->1203K(336000K)] 602284K->258237K(1022976K), 0.0074010 secs] [Times: user=0.03 sys=0.00, real=0.00 secs] 
2014-07-08T03:31:19.868+0000: 1618.499: [GC [PSYoungGen: 335978K->1428K(326848K)] 593012K->258597K(1013824K), 0.0136010 secs] [Times: user=0.05 sys=0.00, real=0.01 secs] 
2014-07-08T03:31:21.394+0000: 1620.025: [GC [PSYoungGen: 326804K->1076K(317440K)] 583973K->258441K(1004416K), 0.0086880 secs] [Times: user=0.02 sys=0.00, real=0.01 secs] 
2014-07-08T03:31:22.944+0000: 1621.575: [GC [PSYoungGen: 317392K->1488K(309184K)] 574757K->258941K(996160K), 0.0056290 secs] [Times: user=0.02 sys=0.00, real=0.01 secs] 
2014-07-08T03:31:24.285+0000: 1622.916: [GC [PSYoungGen: 309136K->1012K(300352K)] 566589K->258521K(987328K), 0.0214560 secs] [Times: user=0.08 sys=0.00, real=0.02 secs] 
2014-07-08T03:31:25.689+0000: 1624.320: [GC [PSYoungGen: 300304K->1172K(292544K)] 557813K->258745K(979520K), 0.0055220 secs] [Times: user=0.01 sys=0.00, real=0.01 secs] 
2014-07-08T03:31:27.073+0000: 1625.704: [GC [PSYoungGen: 292464K->1236K(284928K)] 550037K->258937K(971904K), 0.0128070 secs] [Times: user=0.04 sys=0.00, real=0.02 secs] 
2014-07-08T03:31:28.362+0000: 1626.993: [GC [PSYoungGen: 284875K->1314K(277568K)] 542576K->259143K(964544K), 0.0043200 secs] [Times: user=0.01 sys=0.00, real=0.01 secs] 
2014-07-08T03:31:29.631+0000: 1628.263: [GC [PSYoungGen: 277538K->1012K(270144K)] 535367K->258953K(957120K), 0.0126540 secs] [Times: user=0.05 sys=0.00, real=0.01 secs] 
2014-07-08T03:31:30.874+0000: 1629.505: [GC [PSYoungGen: 270104K->1140K(263424K)] 528045K->259137K(950400K), 0.0118290 secs] [Times: user=0.04 sys=0.01, real=0.02 secs] 
2014-07-08T03:31:32.106+0000: 1630.738: [GC [PSYoungGen: 263412K->1012K(256704K)] 521409K->259073K(943680K), 0.0105300 secs] [Times: user=0.03 sys=0.00, real=0.01 secs] 
2014-07-08T03:31:33.349+0000: 1631.980: [GC [PSYoungGen: 256687K->1172K(308032K)] 514748K->259297K(995008K), 0.0204740 secs] [Times: user=0.08 sys=0.00, real=0.02 secs] 
2014-07-08T03:31:34.719+0000: 1633.351: [GC [PSYoungGen: 307953K->1258K(299776K)] 566078K->259487K(986752K), 0.0105590 secs] [Times: user=0.02 sys=0.00, real=0.01 secs] 
2014-07-08T03:31:36.119+0000: 1634.750: [GC [PSYoungGen: 299754K->1261K(291776K)] 557983K->259554K(978752K), 0.0045830 secs] [Times: user=0.01 sys=0.01, real=0.00 secs] 
2014-07-08T03:31:37.455+0000: 1636.087: [GC [PSYoungGen: 291757K->816K(283648K)] 550050K->259457K(970624K), 0.0138560 secs] [Times: user=0.05 sys=0.00, real=0.02 secs] 
2014-07-08T03:31:38.790+0000: 1637.421: [GC [PSYoungGen: 283632K->1350K(276864K)] 542273K->260063K(963840K), 0.0062690 secs] [Times: user=0.02 sys=0.00, real=0.01 secs] 
2014-07-08T03:31:40.076+0000: 1638.708: [GC [PSYoungGen: 276806K->994K(269376K)] 535519K->259991K(956352K), 0.0129230 secs] [Times: user=0.04 sys=0.00, real=0.02 secs] 
2014-07-08T03:31:41.301+0000: 1639.933: [GC [PSYoungGen: 269344K->1012K(262592K)] 528342K->260097K(949568K), 0.0056940 secs] [Times: user=0.02 sys=0.00, real=0.00 secs] 
2014-07-08T03:31:42.491+0000: 1641.123: [GC [PSYoungGen: 262580K->980K(256064K)] 521665K->260137K(943040K), 0.0060040 secs] [Times: user=0.01 sys=0.00, real=0.01 secs] 
2014-07-08T03:31:43.696+0000: 1642.328: [GC [PSYoungGen: 256020K->1076K(249792K)] 515177K->260265K(936768K), 0.0143980 secs] [Times: user=0.05 sys=0.00, real=0.02 secs] 
2014-07-08T03:31:44.846+0000: 1643.477: [GC [PSYoungGen: 249780K->1146K(243776K)] 508969K->260565K(930752K), 0.0112130 secs] [Times: user=0.04 sys=0.00, real=0.02 secs] 
2014-07-08T03:31:46.025+0000: 1644.656: [GC [PSYoungGen: 243737K->1410K(238272K)] 503157K->260918K(925248K), 0.0051060 secs] [Times: user=0.01 sys=0.00, real=0.01 secs] 
2014-07-08T03:31:47.090+0000: 1645.721: [GC [PSYoungGen: 238179K->738K(231936K)] 497686K->260761K(918912K), 0.0119110 secs] [Times: user=0.03 sys=0.00, real=0.01 secs] 
2014-07-08T03:31:48.150+0000: 1646.781: [GC [PSYoungGen: 231906K->1290K(227072K)] 491929K->261361K(914048K), 0.0139020 secs] [Times: user=0.04 sys=0.00, real=0.01 secs] 
2014-07-08T03:31:49.200+0000: 1647.832: [GC [PSYoungGen: 226972K->948K(221440K)] 487043K->261295K(908416K), 0.0054900 secs] [Times: user=0.01 sys=0.00, real=0.00 secs] 
2014-07-08T03:31:50.223+0000: 1648.854: [GC [PSYoungGen: 221428K->980K(216448K)] 481775K->261375K(903424K), 0.0054190 secs] [Times: user=0.01 sys=0.00, real=0.01 secs] 
2014-07-08T03:31:51.223+0000: 1649.855: [GC [PSYoungGen: 216404K->1168K(211776K)] 476799K->261604K(898752K), 0.0145190 secs] [Times: user=0.04 sys=0.00, real=0.01 secs] 
2014-07-08T03:31:52.254+0000: 1650.886: [GC [PSYoungGen: 211728K->1232K(207168K)] 472164K->261708K(894144K), 0.0062920 secs] [Times: user=0.01 sys=0.01, real=0.01 secs] 
2014-07-08T03:31:53.222+0000: 1651.853: [GC [PSYoungGen: 207118K->762K(202112K)] 467594K->261663K(889088K), 0.0044500 secs] [Times: user=0.02 sys=0.00, real=0.00 secs] 
2014-07-08T03:31:54.067+0000: 1652.698: [GC [PSYoungGen: 202106K->1358K(243072K)] 463007K->262332K(930048K), 0.0260920 secs] [Times: user=0.08 sys=0.00, real=0.03 secs] 
2014-07-08T03:31:55.158+0000: 1653.789: [GC [PSYoungGen: 243003K->930K(291008K)] 503977K->262308K(977984K), 0.0038840 secs] [Times: user=0.02 sys=0.00, real=0.01 secs] 
2014-07-08T03:31:56.508+0000: 1655.139: [GC [PSYoungGen: 290978K->1044K(283520K)] 552356K->262510K(970496K), 0.0058250 secs] [Times: user=0.02 sys=0.00, real=0.01 secs] 
2014-07-08T03:31:57.847+0000: 1656.479: [GC [PSYoungGen: 283470K->1158K(276288K)] 544936K->262728K(963264K), 0.0056430 secs] [Times: user=0.01 sys=0.00, real=0.01 secs] 
2014-07-08T03:31:59.110+0000: 1657.741: [GC [PSYoungGen: 276230K->1126K(269184K)] 537800K->262792K(956160K), 0.0046090 secs] [Times: user=0.01 sys=0.00, real=0.00 secs] 
2014-07-08T03:32:00.362+0000: 1658.993: [GC [PSYoungGen: 269156K->766K(262016K)] 530822K->262734K(948992K), 0.0041500 secs] [Times: user=0.01 sys=0.00, real=0.00 secs] 
2014-07-08T03:32:01.571+0000: 1660.203: [GC [PSYoungGen: 261991K->1262K(256000K)] 523959K->263320K(942976K), 0.0082640 secs] [Times: user=0.04 sys=0.00, real=0.00 secs] 
2014-07-08T03:32:02.767+0000: 1661.398: [GC [PSYoungGen: 255982K->1044K(249536K)] 518040K->263316K(936512K), 0.0053050 secs] [Times: user=0.01 sys=0.01, real=0.01 secs] 
2014-07-08T03:32:03.953+0000: 1662.584: [GC [PSYoungGen: 249492K->1360K(243776K)] 511764K->263672K(930752K), 0.0049810 secs] [Times: user=0.02 sys=0.00, real=0.00 secs] 
2014-07-08T03:32:05.056+0000: 1663.688: [GC [PSYoungGen: 243652K->624K(237184K)] 505964K->263836K(924160K), 0.0086680 secs] [Times: user=0.02 sys=0.01, real=0.01 secs] 
2014-07-08T03:32:06.142+0000: 1664.773: [GC [PSYoungGen: 237167K->1599K(232512K)] 500380K->264860K(919488K), 0.0052600 secs] [Times: user=0.01 sys=0.00, real=0.00 secs] 
2014-07-08T03:32:07.216+0000: 1665.848: [GC [PSYoungGen: 232511K->1144K(226624K)] 495772K->264902K(913600K), 0.0253520 secs] [Times: user=0.10 sys=0.00, real=0.03 secs] 
2014-07-08T03:32:08.271+0000: 1666.902: [GC [PSYoungGen: 226572K->1144K(221376K)] 490330K->264974K(908352K), 0.0042770 secs] [Times: user=0.01 sys=0.00, real=0.01 secs] 
2014-07-08T03:32:09.277+0000: 1667.909: [GC [PSYoungGen: 221368K->1044K(216256K)] 485198K->264954K(903232K), 0.0078000 secs] [Times: user=0.03 sys=0.01, real=0.01 secs] 
2014-07-08T03:32:10.292+0000: 1668.924: [GC [PSYoungGen: 216212K->1108K(211456K)] 480122K->265074K(898432K), 0.0056780 secs] [Times: user=0.01 sys=0.00, real=0.00 secs] 
2014-07-08T03:32:11.234+0000: 1669.865: [GC [PSYoungGen: 211405K->1076K(253504K)] 475371K->265114K(940480K), 0.0453100 secs] [Times: user=0.15 sys=0.00, real=0.04 secs] 
2014-07-08T03:32:12.406+0000: 1671.037: [GC [PSYoungGen: 253492K->1168K(304128K)] 517530K->265255K(991104K), 0.0073090 secs] [Times: user=0.01 sys=0.00, real=0.01 secs] 
2014-07-08T03:32:13.818+0000: 1672.450: [GC [PSYoungGen: 304059K->1094K(364672K)] 568145K->265220K(1051648K), 0.0054390 secs] [Times: user=0.01 sys=0.00, real=0.01 secs] 
2014-07-08T03:32:15.492+0000: 1674.123: [GC [PSYoungGen: 364613K->1236K(354176K)] 628740K->265434K(1041152K), 0.0072360 secs] [Times: user=0.01 sys=0.00, real=0.01 secs] 
2014-07-08T03:32:17.149+0000: 1675.780: [GC [PSYoungGen: 354111K->944K(424448K)] 618310K->265474K(1111424K), 0.0353580 secs] [Times: user=0.13 sys=0.00, real=0.04 secs] 
2014-07-08T03:32:19.087+0000: 1677.718: [GC [PSYoungGen: 424432K->1631K(509888K)] 688962K->266340K(1196864K), 0.0084910 secs] [Times: user=0.02 sys=0.00, real=0.01 secs] 
2014-07-08T03:32:21.433+0000: 1680.064: [GC [PSYoungGen: 509834K->738K(610688K)] 774543K->266157K(1297664K), 0.0291520 secs] [Times: user=0.11 sys=0.00, real=0.03 secs] 
2014-07-08T03:32:24.296+0000: 1682.927: [GC [PSYoungGen: 610658K->1492K(590080K)] 876077K->266951K(1277056K), 0.0196850 secs] [Times: user=0.07 sys=0.00, real=0.02 secs] 
2014-07-08T03:32:26.985+0000: 1685.617: [GC [PSYoungGen: 590036K->1300K(569472K)] 855495K->267221K(1256448K), 0.0200570 secs] [Times: user=0.08 sys=0.00, real=0.02 secs] 
2014-07-08T03:32:29.563+0000: 1688.194: [GC [PSYoungGen: 569382K->1222K(549888K)] 835303K->267351K(1236864K), 0.0042990 secs] [Times: user=0.01 sys=0.01, real=0.01 secs] 
2014-07-08T03:32:32.110+0000: 1690.741: [GC [PSYoungGen: 549830K->1012K(531008K)] 815959K->267349K(1217984K), 0.0053230 secs] [Times: user=0.01 sys=0.00, real=0.01 secs] 
2014-07-08T03:32:34.540+0000: 1693.172: [GC [PSYoungGen: 530996K->1044K(513280K)] 797333K->267493K(1200256K), 0.0167610 secs] [Times: user=0.06 sys=0.00, real=0.02 secs] 
2014-07-08T03:32:36.918+0000: 1695.550: [GC [PSYoungGen: 513154K->1403K(496576K)] 779603K->268030K(1183552K), 0.0076670 secs] [Times: user=0.01 sys=0.00, real=0.01 secs] 
2014-07-08T03:32:39.215+0000: 1697.846: [GC [PSYoungGen: 496571K->1236K(480192K)] 763198K->268119K(1167168K), 0.0366890 secs] [Times: user=0.12 sys=0.00, real=0.04 secs] 
2014-07-08T03:32:41.428+0000: 1700.060: [GC [PSYoungGen: 480132K->930K(464320K)] 747016K->268103K(1151296K), 0.0349440 secs] [Times: user=0.13 sys=0.00, real=0.03 secs] 
2014-07-08T03:32:43.622+0000: 1702.253: [GC [PSYoungGen: 464290K->1162K(449728K)] 731463K->268473K(1136704K), 0.0189550 secs] [Times: user=0.07 sys=0.00, real=0.02 secs] 
2014-07-08T03:32:45.688+0000: 1704.320: [GC [PSYoungGen: 449674K->1172K(435520K)] 716985K->268547K(1122496K), 0.0229430 secs] [Times: user=0.09 sys=0.00, real=0.02 secs] 
2014-07-08T03:32:47.686+0000: 1706.317: [GC [PSYoungGen: 435443K->1108K(421888K)] 702818K->268635K(1108864K), 0.0131730 secs] [Times: user=0.04 sys=0.00, real=0.02 secs] 
2014-07-08T03:32:49.593+0000: 1708.225: [GC [PSYoungGen: 421844K->994K(408768K)] 689371K->268715K(1095744K), 0.0054920 secs] [Times: user=0.01 sys=0.00, real=0.01 secs] 
2014-07-08T03:32:51.500+0000: 1710.131: [GC [PSYoungGen: 408738K->1229K(396544K)] 676459K->269118K(1083520K), 0.0060340 secs] [Times: user=0.02 sys=0.00, real=0.00 secs] 
2014-07-08T03:32:53.363+0000: 1711.995: [GC [PSYoungGen: 396465K->930K(384320K)] 664354K->269087K(1071296K), 0.0139390 secs] [Times: user=0.06 sys=0.00, real=0.01 secs] 
2014-07-08T03:32:55.136+0000: 1713.768: [GC [PSYoungGen: 384287K->1258K(373184K)] 652444K->269479K(1060160K), 0.0042830 secs] [Times: user=0.01 sys=0.00, real=0.01 secs] 
2014-07-08T03:32:56.908+0000: 1715.539: [GC [PSYoungGen: 373162K->1008K(361984K)] 641383K->269881K(1048960K), 0.0270350 secs] [Times: user=0.10 sys=0.00, real=0.03 secs] 
2014-07-08T03:32:58.581+0000: 1717.212: [GC [PSYoungGen: 361962K->1144K(351616K)] 630836K->270121K(1038592K), 0.0112800 secs] [Times: user=0.03 sys=0.00, real=0.01 secs] 
2014-07-08T03:33:00.282+0000: 1718.914: [GC [PSYoungGen: 351569K->1204K(341632K)] 620547K->270409K(1028608K), 0.0202600 secs] [Times: user=0.07 sys=0.00, real=0.02 secs] 
2014-07-08T03:33:01.789+0000: 1720.421: [GC [PSYoungGen: 341608K->1158K(331968K)] 610813K->270571K(1018944K), 0.0113710 secs] [Times: user=0.04 sys=0.00, real=0.01 secs] 
2014-07-08T03:33:03.330+0000: 1721.961: [GC [PSYoungGen: 331910K->930K(322432K)] 601323K->270433K(1009408K), 0.0129800 secs] [Times: user=0.04 sys=0.00, real=0.01 secs] 
2014-07-08T03:33:04.850+0000: 1723.481: [GC [PSYoungGen: 322345K->1428K(314048K)] 591848K->270980K(1001024K), 0.0078560 secs] [Times: user=0.02 sys=0.00, real=0.01 secs] 
2014-07-08T03:33:06.296+0000: 1724.928: [GC [PSYoungGen: 313969K->951K(305024K)] 583521K->270917K(992000K), 0.0093880 secs] [Times: user=0.03 sys=0.00, real=0.01 secs] 
2014-07-08T03:33:07.672+0000: 1726.303: [GC [PSYoungGen: 304950K->1504K(366464K)] 574916K->271664K(1053440K), 0.0308930 secs] [Times: user=0.12 sys=0.00, real=0.03 secs] 
2014-07-08T03:33:09.372+0000: 1728.003: [GC [PSYoungGen: 366420K->1004K(355264K)] 636580K->271688K(1042240K), 0.0121610 secs] [Times: user=0.04 sys=0.00, real=0.01 secs] 
2014-07-08T03:33:11.025+0000: 1729.657: [GC [PSYoungGen: 355244K->1272K(426368K)] 625928K->272060K(1113344K), 0.0203450 secs] [Times: user=0.08 sys=0.00, real=0.02 secs] 
2014-07-08T03:33:12.996+0000: 1731.627: [GC [PSYoungGen: 426359K->1342K(511488K)] 697147K->272432K(1198464K), 0.0173020 secs] [Times: user=0.06 sys=0.01, real=0.02 secs] 
2014-07-08T03:33:15.326+0000: 1733.958: [GC [PSYoungGen: 511486K->1126K(494400K)] 782576K->272288K(1181376K), 0.0061630 secs] [Times: user=0.01 sys=0.00, real=0.01 secs] 
2014-07-08T03:33:17.586+0000: 1736.218: [GC [PSYoungGen: 494374K->1044K(478144K)] 765536K->272408K(1165120K), 0.0057400 secs] [Times: user=0.02 sys=0.00, real=0.00 secs] 
2014-07-08T03:33:19.807+0000: 1738.438: [GC [PSYoungGen: 478100K->1328K(462976K)] 749464K->272820K(1149952K), 0.0059720 secs] [Times: user=0.01 sys=0.00, real=0.01 secs] 
2014-07-08T03:33:21.973+0000: 1740.604: [GC [PSYoungGen: 462960K->1236K(448128K)] 734452K->272848K(1135104K), 0.0059790 secs] [Times: user=0.01 sys=0.00, real=0.00 secs] 
2014-07-08T03:33:24.031+0000: 1742.662: [GC [PSYoungGen: 448084K->1328K(434048K)] 719696K->272996K(1121024K), 0.0150670 secs] [Times: user=0.05 sys=0.00, real=0.02 secs] 
2014-07-08T03:33:26.052+0000: 1744.683: [GC [PSYoungGen: 433992K->880K(420096K)] 705660K->272946K(1107072K), 0.0148610 secs] [Times: user=0.06 sys=0.00, real=0.02 secs] 
2014-07-08T03:33:28.010+0000: 1746.641: [GC [PSYoungGen: 420080K->1436K(407744K)] 692146K->273678K(1094720K), 0.0305600 secs] [Times: user=0.11 sys=0.00, real=0.03 secs] 
2014-07-08T03:33:29.908+0000: 1748.540: [GC [PSYoungGen: 407694K->1012K(394880K)] 679936K->273670K(1081856K), 0.0172930 secs] [Times: user=0.06 sys=0.00, real=0.02 secs] 
2014-07-08T03:33:31.726+0000: 1750.357: [GC [PSYoungGen: 394836K->1548K(383616K)] 667494K->274303K(1070592K), 0.0190590 secs] [Times: user=0.06 sys=0.00, real=0.02 secs] 
2014-07-08T03:33:33.494+0000: 1752.126: [GC [PSYoungGen: 383564K->894K(371520K)] 656319K->273870K(1058496K), 0.0044070 secs] [Times: user=0.01 sys=0.00, real=0.00 secs] 
2014-07-08T03:33:35.177+0000: 1753.809: [GC [PSYoungGen: 371518K->1076K(360832K)] 644494K->274148K(1047808K), 0.0045750 secs] [Times: user=0.02 sys=0.00, real=0.00 secs] 
2014-07-08T03:33:36.864+0000: 1755.496: [GC [PSYoungGen: 360732K->1577K(350912K)] 633804K->274810K(1037888K), 0.0289250 secs] [Times: user=0.10 sys=0.00, real=0.02 secs] 
2014-07-08T03:33:38.504+0000: 1757.136: [GC [PSYoungGen: 350889K->1076K(340352K)] 624122K->274396K(1027328K), 0.0059910 secs] [Times: user=0.01 sys=0.00, real=0.01 secs] 
2014-07-08T03:33:40.084+0000: 1758.716: [GC [PSYoungGen: 340309K->1071K(330752K)] 613629K->274890K(1017728K), 0.0050500 secs] [Times: user=0.02 sys=0.00, real=0.01 secs] 
2014-07-08T03:33:41.591+0000: 1760.222: [GC [PSYoungGen: 330699K->1144K(321600K)] 604518K->275090K(1008576K), 0.0081540 secs] [Times: user=0.02 sys=0.00, real=0.01 secs] 
2014-07-08T03:33:43.076+0000: 1761.707: [GC [PSYoungGen: 321592K->1044K(312704K)] 595538K->275128K(999680K), 0.0092300 secs] [Times: user=0.03 sys=0.00, real=0.00 secs] 
2014-07-08T03:33:44.539+0000: 1763.170: [GC [PSYoungGen: 312660K->1364K(304512K)] 586744K->275512K(991488K), 0.0077910 secs] [Times: user=0.03 sys=0.00, real=0.01 secs] 
2014-07-08T03:33:45.955+0000: 1764.587: [GC [PSYoungGen: 304468K->1268K(296256K)] 578616K->275464K(983232K), 0.0045820 secs] [Times: user=0.01 sys=0.00, real=0.01 secs] 
2014-07-08T03:33:47.337+0000: 1765.968: [GC [PSYoungGen: 296244K->1012K(288192K)] 570440K->275360K(975168K), 0.0061000 secs] [Times: user=0.02 sys=0.00, real=0.00 secs] 
2014-07-08T03:33:48.677+0000: 1767.309: [GC [PSYoungGen: 288180K->1232K(280896K)] 562528K->275668K(967872K), 0.0109630 secs] [Times: user=0.04 sys=0.00, real=0.01 secs] 
2014-07-08T03:33:50.079+0000: 1768.710: [GC [PSYoungGen: 280818K->1424K(273856K)] 555254K->275909K(960832K), 0.0050890 secs] [Times: user=0.01 sys=0.00, real=0.00 secs] 
2014-07-08T03:33:51.239+0000: 1769.870: [GC [PSYoungGen: 273798K->766K(266176K)] 548282K->275552K(953152K), 0.0055540 secs] [Times: user=0.01 sys=0.01, real=0.00 secs] 
2014-07-08T03:33:52.485+0000: 1771.117: [GC [PSYoungGen: 266174K->1194K(319744K)] 540960K->276060K(1006720K), 0.0378780 secs] [Times: user=0.15 sys=0.00, real=0.04 secs] 
2014-07-08T03:33:53.985+0000: 1772.617: [GC [PSYoungGen: 319722K->1424K(383744K)] 594588K->276497K(1070720K), 0.0184970 secs] [Times: user=0.06 sys=0.00, real=0.02 secs] 
2014-07-08T03:33:55.739+0000: 1774.370: [GC [PSYoungGen: 383680K->1204K(459968K)] 658752K->276364K(1146944K), 0.0325860 secs] [Times: user=0.12 sys=0.00, real=0.03 secs] 
2014-07-08T03:33:57.872+0000: 1776.504: [GC [PSYoungGen: 459956K->826K(551360K)] 735116K->276697K(1238336K), 0.0100030 secs] [Times: user=0.02 sys=0.00, real=0.01 secs] 
2014-07-08T03:34:00.424+0000: 1779.055: [GC [PSYoungGen: 551340K->1304K(533184K)] 827211K->277254K(1220160K), 0.0049020 secs] [Times: user=0.02 sys=0.00, real=0.01 secs] 
2014-07-08T03:34:02.902+0000: 1781.534: [GC [PSYoungGen: 533144K->1456K(515456K)] 809094K->277787K(1202432K), 0.0205980 secs] [Times: user=0.07 sys=0.00, real=0.02 secs] 
2014-07-08T03:34:05.266+0000: 1783.898: [GC [PSYoungGen: 515407K->1375K(498304K)] 791738K->277769K(1185280K), 0.0315440 secs] [Times: user=0.12 sys=0.00, real=0.03 secs] 
2014-07-08T03:34:07.562+0000: 1786.194: [GC [PSYoungGen: 498271K->638K(481216K)] 774665K->277654K(1168192K), 0.0058070 secs] [Times: user=0.02 sys=0.00, real=0.00 secs] 
2014-07-08T03:34:09.811+0000: 1788.442: [GC [PSYoungGen: 481184K->1450K(466432K)] 758201K->278570K(1153408K), 0.0079600 secs] [Times: user=0.02 sys=0.00, real=0.00 secs] 
2014-07-08T03:34:11.994+0000: 1790.626: [GC [PSYoungGen: 466387K->1389K(451456K)] 743508K->278940K(1138432K), 0.0113810 secs] [Times: user=0.03 sys=0.00, real=0.01 secs] 
2014-07-08T03:34:14.054+0000: 1792.685: [GC [PSYoungGen: 451401K->1108K(436928K)] 728952K->278810K(1123904K), 0.0081660 secs] [Times: user=0.01 sys=0.01, real=0.01 secs] 
2014-07-08T03:34:16.192+0000: 1794.823: [GC [PSYoungGen: 436884K->1210K(423360K)] 714586K->279175K(1110336K), 0.0081160 secs] [Times: user=0.01 sys=0.00, real=0.01 secs] 
2014-07-08T03:34:18.064+0000: 1796.695: [GC [PSYoungGen: 423354K->1108K(410240K)] 701319K->279297K(1097216K), 0.0067360 secs] [Times: user=0.02 sys=0.00, real=0.00 secs] 
2014-07-08T03:34:19.973+0000: 1798.605: [GC [PSYoungGen: 410157K->1254K(397824K)] 688346K->279595K(1084800K), 0.0067620 secs] [Times: user=0.01 sys=0.00, real=0.00 secs] 
2014-07-08T03:34:21.832+0000: 1800.464: [GC [PSYoungGen: 397754K->1126K(385728K)] 676095K->279539K(1072704K), 0.0050130 secs] [Times: user=0.01 sys=0.00, real=0.00 secs] 
2014-07-08T03:34:23.573+0000: 1802.205: [GC [PSYoungGen: 385702K->1200K(374336K)] 664115K->279693K(1061312K), 0.0078930 secs] [Times: user=0.03 sys=0.00, real=0.00 secs] 
2014-07-08T03:34:25.318+0000: 1803.949: [GC [PSYoungGen: 374298K->1140K(363264K)] 652790K->279713K(1050240K), 0.0167760 secs] [Times: user=0.07 sys=0.00, real=0.02 secs] 
2014-07-08T03:34:27.024+0000: 1805.656: [GC [PSYoungGen: 363250K->1278K(352832K)] 641823K->280141K(1039808K), 0.0065620 secs] [Times: user=0.02 sys=0.00, real=0.00 secs] 
2014-07-08T03:34:28.619+0000: 1807.251: [GC [PSYoungGen: 352815K->1044K(342528K)] 631678K->280011K(1029504K), 0.0043790 secs] [Times: user=0.01 sys=0.00, real=0.01 secs] 
2014-07-08T03:34:30.228+0000: 1808.859: [GC [PSYoungGen: 342484K->1264K(332992K)] 621451K->280319K(1019968K), 0.0050080 secs] [Times: user=0.02 sys=0.00, real=0.00 secs] 
2014-07-08T03:34:31.755+0000: 1810.386: [GC [PSYoungGen: 332976K->1236K(323712K)] 612031K->280403K(1010688K), 0.0277330 secs] [Times: user=0.10 sys=0.00, real=0.02 secs] 
2014-07-08T03:34:33.233+0000: 1811.864: [GC [PSYoungGen: 323668K->1076K(314624K)] 602835K->280299K(1001600K), 0.0073270 secs] [Times: user=0.02 sys=0.00, real=0.01 secs] 
2014-07-08T03:34:34.715+0000: 1813.346: [GC [PSYoungGen: 314583K->1062K(306048K)] 593806K->280365K(993024K), 0.0068370 secs] [Times: user=0.02 sys=0.00, real=0.00 secs] 
2014-07-08T03:34:36.133+0000: 1814.765: [GC [PSYoungGen: 306022K->1172K(297920K)] 585325K->280507K(984896K), 0.0038270 secs] [Times: user=0.02 sys=0.00, real=0.00 secs] 
2014-07-08T03:34:37.487+0000: 1816.119: [GC [PSYoungGen: 297851K->1247K(290048K)] 577186K->280806K(977024K), 0.0077880 secs] [Times: user=0.01 sys=0.00, real=0.01 secs] 
2014-07-08T03:34:38.837+0000: 1817.469: [GC [PSYoungGen: 289982K->866K(282048K)] 569541K->280733K(969024K), 0.0218620 secs] [Times: user=0.08 sys=0.00, real=0.02 secs] 
2014-07-08T03:34:40.130+0000: 1818.762: [GC [PSYoungGen: 282018K->1176K(275072K)] 561885K->281099K(962048K), 0.0043200 secs] [Times: user=0.01 sys=0.00, real=0.01 secs] 
2014-07-08T03:34:41.403+0000: 1820.035: [GC [PSYoungGen: 275032K->1108K(267968K)] 554955K->281275K(954944K), 0.0130840 secs] [Times: user=0.04 sys=0.00, real=0.02 secs] 
2014-07-08T03:34:42.656+0000: 1821.287: [GC [PSYoungGen: 267888K->1062K(261120K)] 548055K->281333K(948096K), 0.0062170 secs] [Times: user=0.01 sys=0.00, real=0.00 secs] 
2014-07-08T03:34:43.863+0000: 1822.495: [GC [PSYoungGen: 261094K->1004K(254528K)] 541365K->281519K(941504K), 0.0075990 secs] [Times: user=0.01 sys=0.00, real=0.01 secs] 
2014-07-08T03:34:45.026+0000: 1823.657: [GC [PSYoungGen: 254507K->1522K(248768K)] 535022K->282267K(935744K), 0.0107090 secs] [Times: user=0.03 sys=0.00, real=0.01 secs] 
2014-07-08T03:34:46.083+0000: 1824.715: [GC [PSYoungGen: 248754K->562K(297280K)] 529499K->282289K(984256K), 0.0260700 secs] [Times: user=0.09 sys=0.00, real=0.03 secs] 
2014-07-08T03:34:47.320+0000: 1825.951: [GC [PSYoungGen: 297241K->1550K(357696K)] 578969K->283349K(1044672K), 0.0202060 secs] [Times: user=0.07 sys=0.00, real=0.02 secs] 
2014-07-08T03:34:48.787+0000: 1827.418: [GC [PSYoungGen: 357611K->1360K(428736K)] 639410K->283655K(1115712K), 0.0054810 secs] [Times: user=0.01 sys=0.00, real=0.00 secs] 
2014-07-08T03:34:50.625+0000: 1829.257: [GC [PSYoungGen: 428688K->1172K(514048K)] 710983K->283579K(1201024K), 0.0195720 secs] [Times: user=0.06 sys=0.00, real=0.02 secs] 
2014-07-08T03:34:52.895+0000: 1831.526: [GC [PSYoungGen: 513992K->1022K(496832K)] 796400K->283795K(1183808K), 0.0113660 secs] [Times: user=0.04 sys=0.00, real=0.02 secs] 
2014-07-08T03:34:55.032+0000: 1833.663: [GC [PSYoungGen: 496808K->1564K(481152K)] 779581K->284457K(1168128K), 0.0047490 secs] [Times: user=0.02 sys=0.00, real=0.01 secs] 
2014-07-08T03:34:57.191+0000: 1835.822: [GC [PSYoungGen: 481067K->1008K(465024K)] 763960K->284593K(1152000K), 0.0087280 secs] [Times: user=0.03 sys=0.00, real=0.01 secs] 
2014-07-08T03:34:59.181+0000: 1837.812: [GC [PSYoungGen: 465008K->1464K(450560K)] 748593K->285209K(1137536K), 0.0080260 secs] [Times: user=0.02 sys=0.00, real=0.01 secs] 
2014-07-08T03:35:01.190+0000: 1839.822: [GC [PSYoungGen: 450552K->1392K(436288K)] 734297K->285509K(1123264K), 0.0362940 secs] [Times: user=0.14 sys=0.00, real=0.03 secs] 
2014-07-08T03:35:02.937+0000: 1841.568: [GC [PSYoungGen: 436272K->1332K(422592K)] 720389K->285569K(1109568K), 0.0229200 secs] [Times: user=0.09 sys=0.00, real=0.03 secs] 
2014-07-08T03:35:04.713+0000: 1843.345: [GC [PSYoungGen: 422580K->1260K(409472K)] 706817K->285798K(1096448K), 0.0154660 secs] [Times: user=0.05 sys=0.00, real=0.02 secs] 
2014-07-08T03:35:06.414+0000: 1845.046: [GC [PSYoungGen: 409452K->1286K(491200K)] 693990K->285983K(1178176K), 0.0262530 secs] [Times: user=0.09 sys=0.00, real=0.03 secs] 
2014-07-08T03:35:08.411+0000: 1847.043: [GC [PSYoungGen: 491142K->1172K(475072K)] 775839K->286151K(1162048K), 0.0085560 secs] [Times: user=0.01 sys=0.00, real=0.01 secs] 
2014-07-08T03:35:10.517+0000: 1849.148: [GC [PSYoungGen: 475010K->1172K(459776K)] 759990K->286311K(1146752K), 0.0120440 secs] [Times: user=0.05 sys=0.00, real=0.01 secs] 
2014-07-08T03:35:12.448+0000: 1851.079: [GC [PSYoungGen: 459732K->1140K(445056K)] 744871K->286455K(1132032K), 0.0189980 secs] [Times: user=0.07 sys=0.00, real=0.02 secs] 
2014-07-08T03:35:14.332+0000: 1852.963: [GC [PSYoungGen: 445044K->1140K(431040K)] 730359K->286599K(1118016K), 0.0170190 secs] [Times: user=0.06 sys=0.00, real=0.02 secs] 
2014-07-08T03:35:16.225+0000: 1854.856: [GC [PSYoungGen: 431028K->1428K(417984K)] 716487K->286983K(1104960K), 0.0066400 secs] [Times: user=0.01 sys=0.00, real=0.01 secs] 
2014-07-08T03:35:17.973+0000: 1856.605: [GC [PSYoungGen: 417940K->1524K(405184K)] 703495K->287328K(1092160K), 0.0146600 secs] [Times: user=0.05 sys=0.00, real=0.01 secs] 
2014-07-08T03:35:19.696+0000: 1858.327: [GC [PSYoungGen: 405171K->765K(485184K)] 690975K->287577K(1172160K), 0.0385960 secs] [Times: user=0.14 sys=0.00, real=0.04 secs] 
2014-07-08T03:35:21.781+0000: 1860.413: [GC [PSYoungGen: 485181K->1820K(583168K)] 771993K->288704K(1270144K), 0.0173650 secs] [Times: user=0.07 sys=0.00, real=0.01 secs] 
2014-07-08T03:35:24.255+0000: 1862.887: [GC [PSYoungGen: 583132K->1346K(562624K)] 870016K->288742K(1249600K), 0.0036460 secs] [Times: user=0.01 sys=0.01, real=0.00 secs] 
2014-07-08T03:35:26.679+0000: 1865.310: [GC [PSYoungGen: 562560K->1506K(543552K)] 849956K->289046K(1230528K), 0.0040020 secs] [Times: user=0.01 sys=0.01, real=0.01 secs] 
2014-07-08T03:35:28.990+0000: 1867.621: [GC [PSYoungGen: 543474K->1196K(524928K)] 831014K->289100K(1211904K), 0.0052590 secs] [Times: user=0.01 sys=0.00, real=0.01 secs] 
2014-07-08T03:35:31.334+0000: 1869.965: [GC [PSYoungGen: 524902K->1332K(507520K)] 812806K->289356K(1194496K), 0.0128080 secs] [Times: user=0.04 sys=0.00, real=0.01 secs] 
2014-07-08T03:35:33.431+0000: 1872.063: [GC [PSYoungGen: 507421K->1293K(490752K)] 795445K->289453K(1177728K), 0.0059860 secs] [Times: user=0.02 sys=0.00, real=0.01 secs] 
2014-07-08T03:35:35.475+0000: 1874.107: [GC [PSYoungGen: 490701K->1140K(474560K)] 778861K->289412K(1161536K), 0.0045480 secs] [Times: user=0.02 sys=0.00, real=0.00 secs] 
2014-07-08T03:35:37.624+0000: 1876.256: [GC [PSYoungGen: 474548K->1204K(459328K)] 762820K->289612K(1146304K), 0.0052940 secs] [Times: user=0.02 sys=0.00, real=0.00 secs] 
2014-07-08T03:35:39.644+0000: 1878.276: [GC [PSYoungGen: 459302K->1254K(444736K)] 747710K->289838K(1131712K), 0.0069390 secs] [Times: user=0.02 sys=0.01, real=0.00 secs] 
2014-07-08T03:35:41.633+0000: 1880.265: [GC [PSYoungGen: 444709K->1172K(430656K)] 733293K->289852K(1117632K), 0.0047470 secs] [Times: user=0.02 sys=0.00, real=0.00 secs] 
2014-07-08T03:35:43.676+0000: 1882.307: [GC [PSYoungGen: 430596K->1204K(417280K)] 719276K->290020K(1104256K), 0.0109500 secs] [Times: user=0.04 sys=0.00, real=0.01 secs] 
2014-07-08T03:35:45.662+0000: 1884.294: [GC [PSYoungGen: 417268K->1268K(404544K)] 706084K->290212K(1091520K), 0.0293320 secs] [Times: user=0.11 sys=0.00, real=0.03 secs] 
2014-07-08T03:35:47.518+0000: 1886.149: [GC [PSYoungGen: 404492K->1439K(392448K)] 693436K->290543K(1079424K), 0.0045600 secs] [Times: user=0.01 sys=0.00, real=0.00 secs] 
2014-07-08T03:35:49.339+0000: 1887.970: [GC [PSYoungGen: 392415K->876K(380096K)] 681519K->290684K(1067072K), 0.0300130 secs] [Times: user=0.10 sys=0.00, real=0.03 secs] 
2014-07-08T03:35:50.975+0000: 1889.607: [GC [PSYoungGen: 380061K->1809K(369792K)] 669869K->291673K(1056768K), 0.0069660 secs] [Times: user=0.01 sys=0.00, real=0.00 secs] 
2014-07-08T03:35:52.594+0000: 1891.226: [GC [PSYoungGen: 369745K->993K(358144K)] 659609K->291525K(1045120K), 0.0090480 secs] [Times: user=0.03 sys=0.00, real=0.01 secs] 
2014-07-08T03:35:54.310+0000: 1892.941: [GC [PSYoungGen: 358113K->1983K(348736K)] 648645K->292571K(1035712K), 0.0175200 secs] [Times: user=0.06 sys=0.00, real=0.02 secs] 
2014-07-08T03:35:55.686+0000: 1894.318: [GC [PSYoungGen: 348733K->1140K(337984K)] 639321K->292046K(1024960K), 0.0045440 secs] [Times: user=0.02 sys=0.00, real=0.00 secs] 
2014-07-08T03:35:57.264+0000: 1895.895: [GC [PSYoungGen: 337888K->1613K(328960K)] 628795K->292616K(1015936K), 0.0047760 secs] [Times: user=0.01 sys=0.00, real=0.01 secs] 
2014-07-08T03:35:58.700+0000: 1897.331: [GC [PSYoungGen: 328909K->1204K(319360K)] 619912K->292286K(1006336K), 0.0050800 secs] [Times: user=0.01 sys=0.00, real=0.00 secs] 
2014-07-08T03:36:00.335+0000: 1898.966: [GC [PSYoungGen: 319348K->1456K(310848K)] 610430K->292634K(997824K), 0.0074790 secs] [Times: user=0.03 sys=0.00, real=0.01 secs] 
2014-07-08T03:36:01.743+0000: 1900.374: [GC [PSYoungGen: 310832K->1236K(302272K)] 602010K->292494K(989248K), 0.0049190 secs] [Times: user=0.01 sys=0.00, real=0.01 secs] 
2014-07-08T03:36:03.149+0000: 1901.780: [GC [PSYoungGen: 302169K->1830K(294784K)] 593427K->293184K(981760K), 0.0065040 secs] [Times: user=0.02 sys=0.01, real=0.00 secs] 
2014-07-08T03:36:04.474+0000: 1903.106: [GC [PSYoungGen: 294720K->1022K(286208K)] 586074K->292606K(973184K), 0.0044210 secs] [Times: user=0.01 sys=0.01, real=0.01 secs] 
2014-07-08T03:36:05.896+0000: 1904.527: [GC [PSYoungGen: 286205K->1644K(279360K)] 577789K->293293K(966336K), 0.0172270 secs] [Times: user=0.06 sys=0.00, real=0.02 secs] 
2014-07-08T03:36:07.191+0000: 1905.823: [GC [PSYoungGen: 279303K->1595K(272128K)] 570951K->293480K(959104K), 0.0121710 secs] [Times: user=0.04 sys=0.00, real=0.01 secs] 
2014-07-08T03:36:08.359+0000: 1906.991: [GC [PSYoungGen: 272123K->1222K(264896K)] 564008K->293202K(951872K), 0.0073220 secs] [Times: user=0.03 sys=0.00, real=0.00 secs] 
2014-07-08T03:36:09.663+0000: 1908.294: [GC [PSYoungGen: 264838K->1402K(258368K)] 556818K->293569K(945344K), 0.0045770 secs] [Times: user=0.02 sys=0.00, real=0.00 secs] 
2014-07-08T03:36:11.024+0000: 1909.656: [GC [PSYoungGen: 258362K->1538K(252160K)] 550529K->293768K(939136K), 0.0180140 secs] [Times: user=0.06 sys=0.00, real=0.02 secs] 
2014-07-08T03:36:12.237+0000: 1910.868: [GC [PSYoungGen: 252059K->1142K(301824K)] 544289K->294104K(988800K), 0.0250130 secs] [Times: user=0.09 sys=0.00, real=0.03 secs] 
2014-07-08T03:36:13.668+0000: 1912.299: [GC [PSYoungGen: 301798K->1663K(294272K)] 594760K->294696K(981248K), 0.0048130 secs] [Times: user=0.02 sys=0.01, real=0.00 secs] 
2014-07-08T03:36:15.081+0000: 1913.712: [GC [PSYoungGen: 294222K->1462K(286336K)] 587256K->295402K(973312K), 0.0075100 secs] [Times: user=0.02 sys=0.00, real=0.01 secs] 
2014-07-08T03:36:16.372+0000: 1915.003: [GC [PSYoungGen: 286326K->1836K(279296K)] 580266K->295899K(966272K), 0.0098730 secs] [Times: user=0.02 sys=0.00, real=0.01 secs] 
2014-07-08T03:36:17.735+0000: 1916.366: [GC [PSYoungGen: 279275K->1442K(271744K)] 573338K->295740K(958720K), 0.0129520 secs] [Times: user=0.04 sys=0.00, real=0.01 secs] 
2014-07-08T03:36:18.919+0000: 1917.551: [GC [PSYoungGen: 271684K->1236K(264640K)] 565982K->295646K(951616K), 0.0061520 secs] [Times: user=0.02 sys=0.00, real=0.00 secs] 
2014-07-08T03:36:20.161+0000: 1918.792: [GC [PSYoungGen: 264587K->1368K(317440K)] 558997K->295850K(1004416K), 0.0362070 secs] [Times: user=0.13 sys=0.00, real=0.03 secs] 
2014-07-08T03:36:21.353+0000: 1919.985: [GC [PSYoungGen: 317400K->1204K(380480K)] 611882K->295718K(1067456K), 0.0044790 secs] [Times: user=0.02 sys=0.00, real=0.00 secs] 
2014-07-08T03:36:23.050+0000: 1921.681: [GC [PSYoungGen: 380438K->1666K(456896K)] 674952K->296349K(1143872K), 0.0195590 secs] [Times: user=0.07 sys=0.00, real=0.02 secs] 
2014-07-08T03:36:25.133+0000: 1923.765: [GC [PSYoungGen: 456834K->1680K(547968K)] 751517K->296538K(1234944K), 0.0178380 secs] [Times: user=0.06 sys=0.00, real=0.02 secs] 
2014-07-08T03:36:27.471+0000: 1926.103: [GC [PSYoungGen: 547920K->1068K(528832K)] 842778K->296516K(1215808K), 0.0155390 secs] [Times: user=0.06 sys=0.00, real=0.01 secs] 
2014-07-08T03:36:29.715+0000: 1928.347: [GC [PSYoungGen: 528799K->1872K(511936K)] 824247K->297465K(1198912K), 0.0175200 secs] [Times: user=0.07 sys=0.00, real=0.02 secs] 
2014-07-08T03:36:31.748+0000: 1930.379: [GC [PSYoungGen: 511878K->1510K(494656K)] 807470K->297655K(1181632K), 0.0179180 secs] [Times: user=0.07 sys=0.00, real=0.02 secs] 
2014-07-08T03:36:33.937+0000: 1932.569: [GC [PSYoungGen: 494630K->1645K(478592K)] 790775K->297893K(1165568K), 0.0056810 secs] [Times: user=0.02 sys=0.00, real=0.01 secs] 
2014-07-08T03:36:36.154+0000: 1934.786: [GC [PSYoungGen: 478548K->1595K(573952K)] 774797K->298044K(1260928K), 0.0498470 secs] [Times: user=0.17 sys=0.01, real=0.05 secs] 
2014-07-08T03:36:38.535+0000: 1937.167: [GC [PSYoungGen: 573900K->1574K(688448K)] 870349K->298231K(1375424K), 0.0284140 secs] [Times: user=0.11 sys=0.00, real=0.03 secs] 
2014-07-08T03:36:41.543+0000: 1940.174: [GC [PSYoungGen: 688389K->1286K(663232K)] 985046K->298207K(1350208K), 0.0048390 secs] [Times: user=0.02 sys=0.00, real=0.01 secs] 
2014-07-08T03:36:44.348+0000: 1942.980: [GC [PSYoungGen: 663124K->1140K(639232K)] 960045K->298269K(1326208K), 0.0150650 secs] [Times: user=0.05 sys=0.00, real=0.02 secs] 
2014-07-08T03:36:47.158+0000: 1945.789: [GC [PSYoungGen: 639220K->1744K(617152K)] 936349K->299009K(1304128K), 0.0146660 secs] [Times: user=0.06 sys=0.00, real=0.01 secs] 
2014-07-08T03:36:49.627+0000: 1948.259: [GC [PSYoungGen: 617104K->1520K(595264K)] 914369K->299089K(1282240K), 0.0254240 secs] [Times: user=0.09 sys=0.00, real=0.02 secs] 
2014-07-08T03:36:52.317+0000: 1950.948: [GC [PSYoungGen: 595248K->1342K(574400K)] 892817K->299193K(1261376K), 0.0045180 secs] [Times: user=0.02 sys=0.00, real=0.00 secs] 
2014-07-08T03:36:54.607+0000: 1953.239: [GC [PSYoungGen: 574386K->1407K(554752K)] 872237K->299426K(1241728K), 0.0056510 secs] [Times: user=0.02 sys=0.00, real=0.00 secs] 
2014-07-08T03:36:57.108+0000: 1955.740: [GC [PSYoungGen: 554751K->1492K(536064K)] 852770K->299647K(1223040K), 0.0230990 secs] [Times: user=0.08 sys=0.00, real=0.02 secs] 
2014-07-08T03:36:59.307+0000: 1957.939: [GC [PSYoungGen: 536020K->1140K(517696K)] 834175K->299535K(1204672K), 0.0263910 secs] [Times: user=0.09 sys=0.00, real=0.02 secs] 
2014-07-08T03:37:01.491+0000: 1960.123: [GC [PSYoungGen: 517684K->1453K(500800K)] 816079K->299992K(1187776K), 0.0189450 secs] [Times: user=0.08 sys=0.00, real=0.02 secs] 
2014-07-08T03:37:03.574+0000: 1962.205: [GC [PSYoungGen: 500781K->1172K(484096K)] 799320K->299927K(1171072K), 0.0064400 secs] [Times: user=0.01 sys=0.00, real=0.01 secs] 
2014-07-08T03:37:05.607+0000: 1964.239: [GC [PSYoungGen: 484012K->1392K(468608K)] 782767K->300283K(1155584K), 0.0106850 secs] [Times: user=0.04 sys=0.00, real=0.01 secs] 
2014-07-08T03:37:07.694+0000: 1966.325: [GC [PSYoungGen: 468592K->1609K(453824K)] 767483K->300676K(1140800K), 0.0136660 secs] [Times: user=0.05 sys=0.00, real=0.02 secs] 
2014-07-08T03:37:09.521+0000: 1968.153: [GC [PSYoungGen: 453769K->1068K(438848K)] 752836K->300563K(1125824K), 0.0049990 secs] [Times: user=0.01 sys=0.01, real=0.00 secs] 
2014-07-08T03:37:11.331+0000: 1969.962: [GC [PSYoungGen: 438815K->1414K(425472K)] 738310K->301029K(1112448K), 0.0049930 secs] [Times: user=0.01 sys=0.01, real=0.00 secs] 
2014-07-08T03:37:13.217+0000: 1971.848: [GC [PSYoungGen: 425414K->1457K(412288K)] 725029K->301274K(1099264K), 0.0197030 secs] [Times: user=0.07 sys=0.00, real=0.02 secs] 
2014-07-08T03:37:14.800+0000: 1973.432: [GC [PSYoungGen: 412273K->1545K(399808K)] 712090K->301498K(1086784K), 0.0100090 secs] [Times: user=0.01 sys=0.00, real=0.01 secs] 
2014-07-08T03:37:16.470+0000: 1975.102: [GC [PSYoungGen: 399753K->808K(387008K)] 699706K->301369K(1073984K), 0.0089890 secs] [Times: user=0.03 sys=0.00, real=0.01 secs] 
2014-07-08T03:37:18.241+0000: 1976.872: [GC [PSYoungGen: 386984K->1532K(376192K)] 687545K->302205K(1063168K), 0.0132790 secs] [Times: user=0.05 sys=0.00, real=0.01 secs] 
2014-07-08T03:37:19.677+0000: 1978.309: [GC [PSYoungGen: 376187K->1140K(364736K)] 676860K->302275K(1051712K), 0.0091440 secs] [Times: user=0.03 sys=0.00, real=0.01 secs] 
2014-07-08T03:37:21.257+0000: 1979.888: [GC [PSYoungGen: 364676K->1595K(354560K)] 665811K->302794K(1041536K), 0.0108400 secs] [Times: user=0.03 sys=0.00, real=0.01 secs] 
2014-07-08T03:37:22.768+0000: 1981.399: [GC [PSYoungGen: 354531K->1015K(343808K)] 655731K->302572K(1030784K), 0.0121490 secs] [Times: user=0.04 sys=0.00, real=0.02 secs] 
2014-07-08T03:37:24.227+0000: 1982.858: [GC [PSYoungGen: 343799K->1542K(334656K)] 645356K->303179K(1021632K), 0.0057020 secs] [Times: user=0.02 sys=0.00, real=0.01 secs] 
2014-07-08T03:37:25.569+0000: 1984.201: [GC [PSYoungGen: 334598K->1132K(324864K)] 636235K->303227K(1011840K), 0.0207410 secs] [Times: user=0.08 sys=0.00, real=0.02 secs] 
2014-07-08T03:37:26.896+0000: 1985.528: [GC [PSYoungGen: 324844K->1737K(316544K)] 626939K->303960K(1003520K), 0.0058380 secs] [Times: user=0.02 sys=0.00, real=0.01 secs] 
2014-07-08T03:37:28.302+0000: 1986.934: [GC [PSYoungGen: 316489K->816K(306944K)] 618712K->303531K(993920K), 0.0078580 secs] [Times: user=0.03 sys=0.00, real=0.01 secs] 
2014-07-08T03:37:29.485+0000: 1988.117: [GC [PSYoungGen: 306928K->1517K(299392K)] 609643K->304369K(986368K), 0.0049630 secs] [Times: user=0.01 sys=0.00, real=0.01 secs] 
2014-07-08T03:37:30.699+0000: 1989.330: [GC [PSYoungGen: 299373K->1076K(291008K)] 602225K->304179K(977984K), 0.0126920 secs] [Times: user=0.05 sys=0.00, real=0.02 secs] 
2014-07-08T03:37:31.889+0000: 1990.520: [GC [PSYoungGen: 290996K->1204K(283520K)] 594099K->304379K(970496K), 0.0119300 secs] [Times: user=0.04 sys=0.00, real=0.02 secs] 
2014-07-08T03:37:33.235+0000: 1991.866: [GC [PSYoungGen: 283508K->1424K(340288K)] 586683K->304655K(1027264K), 0.0232480 secs] [Times: user=0.08 sys=0.00, real=0.02 secs] 
2014-07-08T03:37:34.574+0000: 1993.205: [GC [PSYoungGen: 340240K->1264K(330496K)] 643471K->304607K(1017472K), 0.0090610 secs] [Times: user=0.02 sys=0.00, real=0.01 secs] 
2014-07-08T03:37:36.021+0000: 1994.652: [GC [PSYoungGen: 330480K->1018K(321024K)] 633823K->305012K(1008000K), 0.0074890 secs] [Times: user=0.01 sys=0.00, real=0.01 secs] 
2014-07-08T03:37:37.358+0000: 1995.989: [GC [PSYoungGen: 321018K->1286K(312512K)] 625012K->305399K(999488K), 0.0157840 secs] [Times: user=0.07 sys=0.00, real=0.02 secs] 
2014-07-08T03:37:38.863+0000: 1997.495: [GC [PSYoungGen: 312431K->1364K(304128K)] 616544K->305703K(991104K), 0.0059050 secs] [Times: user=0.02 sys=0.00, real=0.00 secs] 
2014-07-08T03:37:40.215+0000: 1998.846: [GC [PSYoungGen: 304049K->1524K(296128K)] 608388K->306096K(983104K), 0.0069370 secs] [Times: user=0.02 sys=0.00, real=0.01 secs] 
2014-07-08T03:37:41.401+0000: 2000.032: [GC [PSYoungGen: 296116K->826K(287616K)] 600688K->305876K(974592K), 0.0227020 secs] [Times: user=0.07 sys=0.01, real=0.03 secs] 
2014-07-08T03:37:42.584+0000: 2001.216: [GC [PSYoungGen: 287574K->1336K(345536K)] 592624K->306426K(1032512K), 0.0161580 secs] [Times: user=0.07 sys=0.00, real=0.01 secs] 
2014-07-08T03:37:44.144+0000: 2002.775: [GC [PSYoungGen: 345509K->1584K(414656K)] 650598K->306916K(1101632K), 0.0144750 secs] [Times: user=0.05 sys=0.00, real=0.01 secs] 
2014-07-08T03:37:45.920+0000: 2004.551: [GC [PSYoungGen: 414640K->1435K(401856K)] 719972K->306871K(1088832K), 0.0055120 secs] [Times: user=0.02 sys=0.00, real=0.01 secs] 
2014-07-08T03:37:47.590+0000: 2006.222: [GC [PSYoungGen: 401812K->826K(389056K)] 707247K->306942K(1076032K), 0.0211310 secs] [Times: user=0.08 sys=0.00, real=0.02 secs] 
2014-07-08T03:37:49.370+0000: 2008.002: [GC [PSYoungGen: 389050K->1841K(378432K)] 695166K->308111K(1065408K), 0.0075610 secs] [Times: user=0.03 sys=0.00, real=0.01 secs] 
2014-07-08T03:37:51.003+0000: 2009.635: [GC [PSYoungGen: 378416K->1082K(452992K)] 684686K->308148K(1139968K), 0.0302630 secs] [Times: user=0.11 sys=0.00, real=0.03 secs] 
2014-07-08T03:37:53.024+0000: 2011.655: [GC [PSYoungGen: 452914K->1923K(544320K)] 759980K->309069K(1231296K), 0.0191300 secs] [Times: user=0.07 sys=0.01, real=0.02 secs] 
2014-07-08T03:37:55.314+0000: 2013.945: [GC [PSYoungGen: 544259K->1214K(525184K)] 851405K->308676K(1212160K), 0.0162520 secs] [Times: user=0.06 sys=0.00, real=0.01 secs] 
2014-07-08T03:37:57.478+0000: 2016.109: [GC [PSYoungGen: 525182K->1268K(507712K)] 832644K->308922K(1194688K), 0.0058990 secs] [Times: user=0.01 sys=0.00, real=0.00 secs] 
2014-07-08T03:37:59.674+0000: 2018.305: [GC [PSYoungGen: 507700K->1300K(491008K)] 815354K->309186K(1177984K), 0.0300420 secs] [Times: user=0.10 sys=0.00, real=0.04 secs] 
2014-07-08T03:38:01.751+0000: 2020.382: [GC [PSYoungGen: 490962K->1328K(475008K)] 798848K->309406K(1161984K), 0.0068270 secs] [Times: user=0.01 sys=0.00, real=0.01 secs] 
2014-07-08T03:38:03.770+0000: 2022.402: [GC [PSYoungGen: 474950K->1286K(459712K)] 783028K->309508K(1146688K), 0.0198160 secs] [Times: user=0.08 sys=0.00, real=0.02 secs] 
2014-07-08T03:38:05.671+0000: 2024.303: [GC [PSYoungGen: 459654K->1172K(444928K)] 767876K->309522K(1131904K), 0.0071240 secs] [Times: user=0.01 sys=0.01, real=0.01 secs] 
2014-07-08T03:38:07.603+0000: 2026.234: [GC [PSYoungGen: 444884K->1236K(430976K)] 753234K->309770K(1117952K), 0.0216160 secs] [Times: user=0.08 sys=0.00, real=0.02 secs] 
2014-07-08T03:38:09.486+0000: 2028.118: [GC [PSYoungGen: 430932K->1236K(417600K)] 739466K->309946K(1104576K), 0.0253630 secs] [Times: user=0.09 sys=0.00, real=0.02 secs] 
2014-07-08T03:38:11.296+0000: 2029.928: [GC [PSYoungGen: 417529K->1158K(404736K)] 726239K->310060K(1091712K), 0.0046140 secs] [Times: user=0.02 sys=0.00, real=0.00 secs] 
2014-07-08T03:38:13.095+0000: 2031.726: [GC [PSYoungGen: 404659K->1332K(485568K)] 713561K->310362K(1172544K), 0.0378490 secs] [Times: user=0.13 sys=0.00, real=0.04 secs] 
2014-07-08T03:38:15.133+0000: 2033.764: [GC [PSYoungGen: 485550K->1364K(469888K)] 794580K->310506K(1156864K), 0.0070550 secs] [Times: user=0.02 sys=0.01, real=0.01 secs] 
2014-07-08T03:38:17.231+0000: 2035.862: [GC [PSYoungGen: 469844K->1648K(455040K)] 778986K->310966K(1142016K), 0.0133560 secs] [Times: user=0.04 sys=0.00, real=0.01 secs] 
2014-07-08T03:38:19.213+0000: 2037.845: [GC [PSYoungGen: 455012K->800K(439808K)] 764330K->311074K(1126784K), 0.0229990 secs] [Times: user=0.08 sys=0.01, real=0.02 secs] 
2014-07-08T03:38:20.881+0000: 2039.512: [GC [PSYoungGen: 439766K->1692K(426880K)] 750040K->312112K(1113856K), 0.0068860 secs] [Times: user=0.01 sys=0.00, real=0.01 secs] 
2014-07-08T03:38:22.598+0000: 2041.229: [GC [PSYoungGen: 426832K->1392K(413376K)] 737252K->312261K(1100352K), 0.0067330 secs] [Times: user=0.02 sys=0.01, real=0.01 secs] 
2014-07-08T03:38:24.399+0000: 2043.030: [GC [PSYoungGen: 413360K->1360K(400768K)] 724229K->312348K(1087744K), 0.0265870 secs] [Times: user=0.10 sys=0.00, real=0.02 secs] 
2014-07-08T03:38:26.192+0000: 2044.823: [GC [PSYoungGen: 400720K->1324K(388608K)] 711708K->312833K(1075584K), 0.0182060 secs] [Times: user=0.06 sys=0.00, real=0.02 secs] 
2014-07-08T03:38:27.745+0000: 2046.376: [GC [PSYoungGen: 388559K->1450K(377152K)] 700068K->313183K(1064128K), 0.0110210 secs] [Times: user=0.03 sys=0.00, real=0.01 secs] 
2014-07-08T03:38:29.440+0000: 2048.072: [GC [PSYoungGen: 377128K->1268K(365824K)] 688861K->313219K(1052800K), 0.0077840 secs] [Times: user=0.01 sys=0.00, real=0.00 secs] 
2014-07-08T03:38:30.992+0000: 2049.623: [GC [PSYoungGen: 365800K->1570K(355520K)] 677750K->313697K(1042496K), 0.0259540 secs] [Times: user=0.10 sys=0.00, real=0.02 secs] 
2014-07-08T03:38:32.478+0000: 2051.109: [GC [PSYoungGen: 355490K->1140K(344896K)] 667617K->313347K(1031872K), 0.0057180 secs] [Times: user=0.02 sys=0.00, real=0.01 secs] 
2014-07-08T03:38:34.122+0000: 2052.754: [GC [PSYoungGen: 344884K->1332K(335296K)] 657091K->313627K(1022272K), 0.0067740 secs] [Times: user=0.02 sys=0.00, real=0.00 secs] 
2014-07-08T03:38:35.449+0000: 2054.080: [GC [PSYoungGen: 335284K->1140K(325696K)] 647579K->313571K(1012672K), 0.0049810 secs] [Times: user=0.01 sys=0.00, real=0.01 secs] 
2014-07-08T03:38:36.793+0000: 2055.424: [GC [PSYoungGen: 325684K->1140K(316672K)] 638115K->313691K(1003648K), 0.0194480 secs] [Times: user=0.07 sys=0.00, real=0.02 secs] 
2014-07-08T03:38:38.232+0000: 2056.863: [GC [PSYoungGen: 316660K->1718K(308608K)] 629211K->314463K(995584K), 0.0150000 secs] [Times: user=0.05 sys=0.00, real=0.01 secs] 
2014-07-08T03:38:39.571+0000: 2058.203: [GC [PSYoungGen: 308598K->1424K(369728K)] 621343K->314345K(1056704K), 0.0462310 secs] [Times: user=0.17 sys=0.00, real=0.04 secs] 
2014-07-08T03:38:41.076+0000: 2059.707: [GC [PSYoungGen: 369680K->1068K(443008K)] 682601K->314605K(1129984K), 0.0066730 secs] [Times: user=0.02 sys=0.00, real=0.01 secs] 
2014-07-08T03:38:42.891+0000: 2061.523: [GC [PSYoungGen: 442987K->1350K(531712K)] 756524K->314959K(1218688K), 0.0058750 secs] [Times: user=0.02 sys=0.00, real=0.00 secs] 
2014-07-08T03:38:45.390+0000: 2064.022: [GC [PSYoungGen: 531654K->1364K(513920K)] 845263K->315167K(1200896K), 0.0053010 secs] [Times: user=0.02 sys=0.00, real=0.01 secs] 
2014-07-08T03:38:47.590+0000: 2066.221: [GC [PSYoungGen: 513875K->1392K(496896K)] 827678K->315483K(1183872K), 0.0302350 secs] [Times: user=0.11 sys=0.00, real=0.03 secs] 
2014-07-08T03:38:49.664+0000: 2068.295: [GC [PSYoungGen: 496880K->1204K(595840K)] 810971K->315415K(1282816K), 0.0278440 secs] [Times: user=0.10 sys=0.00, real=0.03 secs] 
2014-07-08T03:38:52.326+0000: 2070.957: [GC [PSYoungGen: 595824K->1630K(575552K)] 910035K->316066K(1262528K), 0.0054970 secs] [Times: user=0.01 sys=0.00, real=0.00 secs] 
2014-07-08T03:38:54.690+0000: 2073.322: [GC [PSYoungGen: 575518K->1004K(555136K)] 889954K->315847K(1242112K), 0.0098100 secs] [Times: user=0.04 sys=0.00, real=0.01 secs] 
2014-07-08T03:38:57.144+0000: 2075.776: [GC [PSYoungGen: 555116K->1823K(537088K)] 869959K->316810K(1224064K), 0.0085430 secs] [Times: user=0.03 sys=0.00, real=0.01 secs] 
2014-07-08T03:38:59.464+0000: 2078.095: [GC [PSYoungGen: 537055K->1008K(518208K)] 852042K->316401K(1205184K), 0.0216340 secs] [Times: user=0.08 sys=0.00, real=0.02 secs] 
2014-07-08T03:39:01.643+0000: 2080.274: [GC [PSYoungGen: 518187K->1538K(501568K)] 833580K->317076K(1188544K), 0.0318490 secs] [Times: user=0.12 sys=0.00, real=0.04 secs] 
2014-07-08T03:39:03.653+0000: 2082.285: [GC [PSYoungGen: 501506K->1140K(484672K)] 817044K->316935K(1171648K), 0.0170160 secs] [Times: user=0.07 sys=0.00, real=0.02 secs] 
2014-07-08T03:39:05.714+0000: 2084.345: [GC [PSYoungGen: 484648K->1236K(469056K)] 800443K->317135K(1156032K), 0.0230510 secs] [Times: user=0.07 sys=0.00, real=0.02 secs] 
2014-07-08T03:39:07.705+0000: 2086.336: [GC [PSYoungGen: 469012K->1464K(454208K)] 784911K->317571K(1141184K), 0.0139670 secs] [Times: user=0.05 sys=0.00, real=0.01 secs] 
2014-07-08T03:39:09.690+0000: 2088.321: [GC [PSYoungGen: 454200K->1236K(439616K)] 770307K->317583K(1126592K), 0.0143480 secs] [Times: user=0.06 sys=0.00, real=0.01 secs] 
2014-07-08T03:39:11.520+0000: 2090.152: [GC [PSYoungGen: 439572K->1122K(425728K)] 755919K->317703K(1112704K), 0.0223610 secs] [Times: user=0.08 sys=0.00, real=0.02 secs] 
2014-07-08T03:39:13.350+0000: 2091.981: [GC [PSYoungGen: 425698K->1417K(412864K)] 742279K->318111K(1099840K), 0.0211910 secs] [Times: user=0.08 sys=0.00, real=0.02 secs] 
2014-07-08T03:39:15.079+0000: 2093.711: [GC [PSYoungGen: 412809K->1122K(399936K)] 729503K->317969K(1086912K), 0.0050220 secs] [Times: user=0.02 sys=0.00, real=0.00 secs] 
2014-07-08T03:39:16.725+0000: 2095.357: [GC [PSYoungGen: 399906K->1236K(387968K)] 716753K->318219K(1074944K), 0.0065570 secs] [Times: user=0.02 sys=0.00, real=0.01 secs] 
2014-07-08T03:39:18.545+0000: 2097.176: [GC [PSYoungGen: 387924K->1204K(376320K)] 704907K->318371K(1063296K), 0.0089190 secs] [Times: user=0.02 sys=0.00, real=0.01 secs] 
2014-07-08T03:39:20.275+0000: 2098.906: [GC [PSYoungGen: 376308K->1360K(365440K)] 693475K->318735K(1052416K), 0.0043140 secs] [Times: user=0.01 sys=0.01, real=0.01 secs] 
2014-07-08T03:39:21.733+0000: 2100.364: [GC [PSYoungGen: 365392K->1018K(354432K)] 682767K->318775K(1041408K), 0.0132940 secs] [Times: user=0.04 sys=0.00, real=0.01 secs] 
2014-07-08T03:39:23.412+0000: 2102.043: [GC [PSYoungGen: 354426K->1414K(344704K)] 672183K->319243K(1031680K), 0.0059620 secs] [Times: user=0.02 sys=0.00, real=0.01 secs] 
2014-07-08T03:39:24.821+0000: 2103.453: [GC [PSYoungGen: 344646K->1000K(334464K)] 662475K->319296K(1021440K), 0.0225930 secs] [Times: user=0.09 sys=0.00, real=0.02 secs] 
2014-07-08T03:39:26.341+0000: 2104.973: [GC [PSYoungGen: 334389K->1656K(325760K)] 652684K->320106K(1012736K), 0.0144670 secs] [Times: user=0.05 sys=0.00, real=0.01 secs] 
2014-07-08T03:39:27.718+0000: 2106.350: [GC [PSYoungGen: 325752K->688K(315776K)] 644202K->319785K(1002752K), 0.0055540 secs] [Times: user=0.02 sys=0.00, real=0.00 secs] 
2014-07-08T03:39:29.382+0000: 2108.014: [GC [PSYoungGen: 315760K->1528K(307968K)] 634857K->320681K(994944K), 0.0250030 secs] [Times: user=0.09 sys=0.00, real=0.02 secs] 
2014-07-08T03:39:30.669+0000: 2109.301: [GC [PSYoungGen: 307960K->1272K(299392K)] 627113K->320790K(986368K), 0.0124900 secs] [Times: user=0.05 sys=0.00, real=0.01 secs] 
2014-07-08T03:39:32.067+0000: 2110.699: [GC [PSYoungGen: 299354K->1630K(359424K)] 618872K->321252K(1046400K), 0.0246680 secs] [Times: user=0.09 sys=0.00, real=0.03 secs] 
2014-07-08T03:39:33.621+0000: 2112.253: [GC [PSYoungGen: 359383K->552K(429888K)] 679005K->321040K(1116864K), 0.0179950 secs] [Times: user=0.07 sys=0.01, real=0.02 secs] 
2014-07-08T03:39:35.607+0000: 2114.239: [GC [PSYoungGen: 429864K->1774K(417728K)] 750352K->322358K(1104704K), 0.0105290 secs] [Times: user=0.03 sys=0.00, real=0.01 secs] 
2014-07-08T03:39:37.495+0000: 2116.126: [GC [PSYoungGen: 417710K->1236K(404416K)] 738294K->322582K(1091392K), 0.0191060 secs] [Times: user=0.07 sys=0.01, real=0.02 secs] 
2014-07-08T03:39:39.368+0000: 2118.000: [GC [PSYoungGen: 404372K->1392K(485184K)] 725718K->322851K(1172160K), 0.0292770 secs] [Times: user=0.11 sys=0.00, real=0.03 secs] 
2014-07-08T03:39:41.583+0000: 2120.215: [GC [PSYoungGen: 485168K->1196K(581760K)] 806627K->322931K(1268736K), 0.0378640 secs] [Times: user=0.14 sys=0.00, real=0.04 secs] 
2014-07-08T03:39:43.912+0000: 2122.544: [GC [PSYoungGen: 581740K->1428K(698176K)] 903475K->323298K(1385152K), 0.0058630 secs] [Times: user=0.02 sys=0.00, real=0.00 secs] 
2014-07-08T03:39:46.947+0000: 2125.578: [GC [PSYoungGen: 698102K->1072K(672384K)] 1019973K->323450K(1359360K), 0.0059760 secs] [Times: user=0.02 sys=0.00, real=0.01 secs] 
2014-07-08T03:39:49.947+0000: 2128.578: [GC [PSYoungGen: 672368K->1766K(648896K)] 994746K->324409K(1335872K), 0.0263100 secs] [Times: user=0.10 sys=0.00, real=0.03 secs] 
2014-07-08T03:39:52.935+0000: 2131.567: [GC [PSYoungGen: 648830K->866K(624896K)] 971473K->324423K(1311872K), 0.0287360 secs] [Times: user=0.10 sys=0.00, real=0.03 secs] 
2014-07-08T03:39:55.636+0000: 2134.267: [GC [PSYoungGen: 624819K->1482K(603456K)] 948375K->325159K(1290432K), 0.0047680 secs] [Times: user=0.01 sys=0.00, real=0.00 secs] 
2014-07-08T03:39:58.431+0000: 2137.063: [GC [PSYoungGen: 603402K->1268K(582144K)] 927079K->325309K(1269120K), 0.0054560 secs] [Times: user=0.02 sys=0.00, real=0.01 secs] 
2014-07-08T03:40:01.149+0000: 2139.781: [GC [PSYoungGen: 582132K->1492K(562304K)] 906173K->325717K(1249280K), 0.0203810 secs] [Times: user=0.07 sys=0.01, real=0.02 secs] 
2014-07-08T03:40:03.666+0000: 2142.297: [GC [PSYoungGen: 562260K->1068K(542656K)] 886485K->325729K(1229632K), 0.0055230 secs] [Times: user=0.02 sys=0.00, real=0.00 secs] 
2014-07-08T03:40:06.007+0000: 2144.639: [GC [PSYoungGen: 542636K->1791K(525056K)] 867297K->326571K(1212032K), 0.0188320 secs] [Times: user=0.07 sys=0.00, real=0.02 secs] 
2014-07-08T03:40:08.461+0000: 2147.093: [GC [PSYoungGen: 525037K->890K(506688K)] 849818K->326513K(1193664K), 0.0102750 secs] [Times: user=0.04 sys=0.00, real=0.01 secs] 
2014-07-08T03:40:10.643+0000: 2149.275: [GC [PSYoungGen: 506682K->1450K(490560K)] 832305K->327161K(1177536K), 0.0286500 secs] [Times: user=0.10 sys=0.00, real=0.03 secs] 
2014-07-08T03:40:12.900+0000: 2151.531: [GC [PSYoungGen: 490456K->1389K(474496K)] 816167K->327458K(1161472K), 0.0244530 secs] [Times: user=0.09 sys=0.00, real=0.02 secs] 
2014-07-08T03:40:15.210+0000: 2153.842: [GC [PSYoungGen: 474453K->1915K(459712K)] 800522K->328194K(1146688K), 0.0268420 secs] [Times: user=0.09 sys=0.00, real=0.03 secs] 
2014-07-08T03:40:17.234+0000: 2155.866: [GC [PSYoungGen: 459707K->548K(443776K)] 785986K->327855K(1130752K), 0.0113470 secs] [Times: user=0.03 sys=0.00, real=0.02 secs] 
2014-07-08T03:40:19.285+0000: 2157.916: [GC [PSYoungGen: 443748K->1824K(431104K)] 771055K->329179K(1118080K), 0.0188410 secs] [Times: user=0.07 sys=0.00, real=0.02 secs] 
2014-07-08T03:40:21.273+0000: 2159.905: [GC [PSYoungGen: 431039K->1375K(417280K)] 758394K->329278K(1104256K), 0.0148360 secs] [Times: user=0.05 sys=0.01, real=0.02 secs] 
2014-07-08T03:40:23.048+0000: 2161.679: [GC [PSYoungGen: 417247K->1581K(404672K)] 745150K->329572K(1091648K), 0.0084050 secs] [Times: user=0.02 sys=0.00, real=0.01 secs] 
2014-07-08T03:40:24.775+0000: 2163.407: [GC [PSYoungGen: 404653K->1108K(484864K)] 732644K->329139K(1171840K), 0.0338990 secs] [Times: user=0.13 sys=0.00, real=0.04 secs] 
2014-07-08T03:40:27.303+0000: 2165.934: [GC [PSYoungGen: 484820K->1769K(582272K)] 812851K->329881K(1269248K), 0.0256210 secs] [Times: user=0.09 sys=0.00, real=0.03 secs] 
2014-07-08T03:40:29.616+0000: 2168.248: [GC [PSYoungGen: 582249K->1300K(561728K)] 910361K->329587K(1248704K), 0.0136970 secs] [Times: user=0.05 sys=0.00, real=0.02 secs] 
2014-07-08T03:40:32.046+0000: 2170.677: [GC [PSYoungGen: 561645K->1520K(542784K)] 889932K->330072K(1229760K), 0.0281960 secs] [Times: user=0.11 sys=0.00, real=0.03 secs] 
2014-07-08T03:40:34.387+0000: 2173.019: [GC [PSYoungGen: 542768K->1204K(524160K)] 871320K->329915K(1211136K), 0.0043970 secs] [Times: user=0.02 sys=0.00, real=0.01 secs] 
2014-07-08T03:40:36.698+0000: 2175.330: [GC [PSYoungGen: 524148K->1268K(628864K)] 852859K->330139K(1315840K), 0.0417760 secs] [Times: user=0.16 sys=0.00, real=0.04 secs] 
2014-07-08T03:40:39.428+0000: 2178.060: [GC [PSYoungGen: 628832K->1414K(606848K)] 957704K->330493K(1293824K), 0.0053350 secs] [Times: user=0.01 sys=0.00, real=0.01 secs] 
2014-07-08T03:40:42.105+0000: 2180.736: [GC [PSYoungGen: 606773K->1552K(585792K)] 935852K->330928K(1272768K), 0.0174710 secs] [Times: user=0.06 sys=0.00, real=0.02 secs] 
2014-07-08T03:40:44.544+0000: 2183.175: [GC [PSYoungGen: 585744K->944K(564928K)] 915120K->330675K(1251904K), 0.0088170 secs] [Times: user=0.03 sys=0.00, real=0.01 secs] 
2014-07-08T03:40:47.154+0000: 2185.785: [GC [PSYoungGen: 564883K->1798K(546496K)] 894615K->331633K(1233472K), 0.0129680 secs] [Times: user=0.04 sys=0.00, real=0.01 secs] 
2014-07-08T03:40:49.529+0000: 2188.160: [GC [PSYoungGen: 546438K->1190K(527424K)] 876273K->331389K(1214400K), 0.0051510 secs] [Times: user=0.02 sys=0.00, real=0.01 secs] 
2014-07-08T03:40:52.027+0000: 2190.659: [GC [PSYoungGen: 527398K->1805K(510464K)] 857597K->332164K(1197440K), 0.0079900 secs] [Times: user=0.02 sys=0.00, real=0.01 secs] 
2014-07-08T03:40:54.288+0000: 2192.920: [GC [PSYoungGen: 510396K->1058K(492864K)] 840756K->331757K(1179840K), 0.0050250 secs] [Times: user=0.02 sys=0.00, real=0.01 secs] 
2014-07-08T03:40:56.507+0000: 2195.138: [GC [PSYoungGen: 492834K->1550K(477248K)] 823533K->332353K(1164224K), 0.0219350 secs] [Times: user=0.08 sys=0.00, real=0.02 secs] 
2014-07-08T03:40:58.766+0000: 2197.397: [GC [PSYoungGen: 477198K->1328K(461568K)] 808001K->332440K(1148544K), 0.0102290 secs] [Times: user=0.02 sys=0.00, real=0.01 secs] 
2014-07-08T03:41:00.861+0000: 2199.492: [GC [PSYoungGen: 461552K->1456K(446976K)] 792664K->332728K(1133952K), 0.0122090 secs] [Times: user=0.03 sys=0.00, real=0.02 secs] 
2014-07-08T03:41:02.787+0000: 2201.419: [GC [PSYoungGen: 446959K->1172K(432640K)] 778231K->332571K(1119616K), 0.0181660 secs] [Times: user=0.07 sys=0.00, real=0.02 secs] 
2014-07-08T03:41:04.794+0000: 2203.425: [GC [PSYoungGen: 432596K->1172K(419136K)] 763995K->332659K(1106112K), 0.0184810 secs] [Times: user=0.07 sys=0.00, real=0.01 secs] 
2014-07-08T03:41:06.649+0000: 2205.280: [GC [PSYoungGen: 419092K->1204K(406272K)] 750579K->332787K(1093248K), 0.0061960 secs] [Times: user=0.02 sys=0.00, real=0.01 secs] 
2014-07-08T03:41:08.467+0000: 2207.098: [GC [PSYoungGen: 406260K->1375K(394112K)] 737843K->333094K(1081088K), 0.0245050 secs] [Times: user=0.08 sys=0.00, real=0.02 secs] 
2014-07-08T03:41:10.209+0000: 2208.841: [GC [PSYoungGen: 394064K->1406K(382272K)] 725783K->333272K(1069248K), 0.0078150 secs] [Times: user=0.02 sys=0.00, real=0.01 secs] 
2014-07-08T03:41:11.734+0000: 2210.365: [GC [PSYoungGen: 382270K->1172K(370752K)] 714136K->333253K(1057728K), 0.0187360 secs] [Times: user=0.07 sys=0.00, real=0.02 secs] 
2014-07-08T03:41:13.341+0000: 2211.972: [GC [PSYoungGen: 370708K->1278K(444736K)] 702789K->333666K(1131712K), 0.0467410 secs] [Times: user=0.17 sys=0.00, real=0.05 secs] 
2014-07-08T03:41:15.194+0000: 2213.826: [GC [PSYoungGen: 444734K->1428K(533632K)] 777122K->333903K(1220608K), 0.0147190 secs] [Times: user=0.06 sys=0.01, real=0.01 secs] 
2014-07-08T03:41:17.512+0000: 2216.144: [GC [PSYoungGen: 533547K->1122K(639744K)] 866023K->333953K(1326720K), 0.0265920 secs] [Times: user=0.10 sys=0.00, real=0.03 secs] 
2014-07-08T03:41:20.382+0000: 2219.014: [GC [PSYoungGen: 639686K->1848K(768192K)] 972517K->334928K(1455168K), 0.0137740 secs] [Times: user=0.05 sys=0.00, real=0.02 secs] 
2014-07-08T03:41:23.648+0000: 2222.279: [GC [PSYoungGen: 768184K->752K(738432K)] 1101264K->334623K(1425408K), 0.0054430 secs] [Times: user=0.01 sys=0.00, real=0.00 secs] 
2014-07-08T03:41:26.875+0000: 2225.506: [GC [PSYoungGen: 738391K->1695K(712064K)] 1072263K->335671K(1399040K), 0.0273330 secs] [Times: user=0.11 sys=0.00, real=0.03 secs] 
2014-07-08T03:41:29.925+0000: 2228.556: [GC [PSYoungGen: 711997K->1300K(685632K)] 1045973K->335768K(1372608K), 0.0097950 secs] [Times: user=0.04 sys=0.00, real=0.01 secs] 
2014-07-08T03:41:33.252+0000: 2231.883: [GC [PSYoungGen: 685541K->1492K(660992K)] 1020009K->336096K(1347968K), 0.0075450 secs] [Times: user=0.02 sys=0.01, real=0.01 secs] 
2014-07-08T03:41:36.113+0000: 2234.744: [GC [PSYoungGen: 660948K->1260K(637056K)] 995552K->336420K(1324032K), 0.0241150 secs] [Times: user=0.08 sys=0.00, real=0.02 secs] 
2014-07-08T03:41:38.856+0000: 2237.488: [GC [PSYoungGen: 637036K->1535K(614720K)] 972196K->336863K(1301696K), 0.0069640 secs] [Times: user=0.02 sys=0.00, real=0.01 secs] 
2014-07-08T03:41:41.714+0000: 2240.345: [GC [PSYoungGen: 614719K->1318K(592960K)] 950047K->336928K(1279936K), 0.0184810 secs] [Times: user=0.06 sys=0.00, real=0.02 secs] 
2014-07-08T03:41:44.541+0000: 2243.172: [GC [PSYoungGen: 592934K->1382K(572480K)] 928544K->337136K(1259456K), 0.0053330 secs] [Times: user=0.02 sys=0.00, real=0.00 secs] 
2014-07-08T03:41:47.128+0000: 2245.760: [GC [PSYoungGen: 572453K->1250K(552704K)] 908207K->337294K(1239680K), 0.0277330 secs] [Times: user=0.10 sys=0.00, real=0.03 secs] 
2014-07-08T03:41:49.766+0000: 2248.397: [GC [PSYoungGen: 552666K->1694K(534400K)] 888710K->337980K(1221376K), 0.0062200 secs] [Times: user=0.02 sys=0.00, real=0.01 secs] 
2014-07-08T03:41:52.175+0000: 2250.806: [GC [PSYoungGen: 534349K->880K(515648K)] 870635K->337944K(1202624K), 0.0305410 secs] [Times: user=0.11 sys=0.01, real=0.03 secs] 
2014-07-08T03:41:54.522+0000: 2253.154: [GC [PSYoungGen: 515632K->1510K(499200K)] 852696K->338654K(1186176K), 0.0190110 secs] [Times: user=0.07 sys=0.00, real=0.02 secs] 
2014-07-08T03:41:56.828+0000: 2255.460: [GC [PSYoungGen: 499174K->1300K(482624K)] 836318K->338762K(1169600K), 0.0097660 secs] [Times: user=0.03 sys=0.00, real=0.01 secs] 
2014-07-08T03:41:59.016+0000: 2257.648: [GC [PSYoungGen: 482570K->1684K(467392K)] 820033K->339314K(1154368K), 0.0123500 secs] [Times: user=0.04 sys=0.00, real=0.01 secs] 
2014-07-08T03:42:01.181+0000: 2259.813: [GC [PSYoungGen: 467348K->808K(451520K)] 804978K->339150K(1138496K), 0.0208040 secs] [Times: user=0.08 sys=0.00, real=0.02 secs] 
2014-07-08T03:42:03.369+0000: 2262.001: [GC [PSYoungGen: 451494K->1514K(437888K)] 789837K->339912K(1124864K), 0.0063050 secs] [Times: user=0.02 sys=0.00, real=0.01 secs] 
2014-07-08T03:42:05.368+0000: 2264.000: [GC [PSYoungGen: 437834K->1510K(424192K)] 776232K->340298K(1111168K), 0.0068630 secs] [Times: user=0.02 sys=0.00, real=0.01 secs] 
2014-07-08T03:42:07.324+0000: 2265.956: [GC [PSYoungGen: 424166K->1584K(411136K)] 762954K->340508K(1098112K), 0.0290980 secs] [Times: user=0.11 sys=0.00, real=0.03 secs] 
2014-07-08T03:42:09.371+0000: 2268.002: [GC [PSYoungGen: 411098K->890K(492352K)] 750022K->340452K(1179328K), 0.0437850 secs] [Times: user=0.16 sys=0.00, real=0.05 secs] 
2014-07-08T03:42:11.719+0000: 2270.351: [GC [PSYoungGen: 492312K->1756K(477184K)] 831874K->341407K(1164160K), 0.0065310 secs] [Times: user=0.01 sys=0.00, real=0.01 secs] 
2014-07-08T03:42:13.879+0000: 2272.510: [GC [PSYoungGen: 477148K->1196K(461248K)] 816799K->341352K(1148224K), 0.0173510 secs] [Times: user=0.06 sys=0.00, real=0.02 secs] 
2014-07-08T03:42:16.236+0000: 2274.867: [GC [PSYoungGen: 461181K->1969K(447296K)] 801338K->342303K(1134272K), 0.0061440 secs] [Times: user=0.02 sys=0.01, real=0.00 secs] 
2014-07-08T03:42:18.258+0000: 2276.889: [GC [PSYoungGen: 447281K->830K(432064K)] 787615K->341926K(1119040K), 0.0304710 secs] [Times: user=0.11 sys=0.00, real=0.03 secs] 
2014-07-08T03:42:20.328+0000: 2278.959: [GC [PSYoungGen: 432062K->1432K(419264K)] 773158K->342624K(1106240K), 0.0184800 secs] [Times: user=0.07 sys=0.00, real=0.02 secs] 
2014-07-08T03:42:22.458+0000: 2281.089: [GC [PSYoungGen: 419207K->1670K(503104K)] 760400K->343123K(1190080K), 0.0373720 secs] [Times: user=0.14 sys=0.00, real=0.04 secs] 
2014-07-08T03:42:24.897+0000: 2283.529: [GC [PSYoungGen: 503044K->1332K(486208K)] 844497K->342896K(1173184K), 0.0048340 secs] [Times: user=0.02 sys=0.00, real=0.00 secs] 
2014-07-08T03:42:27.360+0000: 2285.991: [GC [PSYoungGen: 486181K->1082K(470144K)] 827746K->343213K(1157120K), 0.0224420 secs] [Times: user=0.08 sys=0.00, real=0.02 secs] 
2014-07-08T03:42:29.652+0000: 2288.283: [GC [PSYoungGen: 470126K->1564K(455552K)] 812257K->343823K(1142528K), 0.0054290 secs] [Times: user=0.01 sys=0.00, real=0.01 secs] 
2014-07-08T03:42:31.813+0000: 2290.444: [GC [PSYoungGen: 455487K->1456K(440960K)] 797746K->344065K(1127936K), 0.0065710 secs] [Times: user=0.02 sys=0.00, real=0.01 secs] 
2014-07-08T03:42:34.089+0000: 2292.720: [GC [PSYoungGen: 440944K->1428K(427136K)] 783553K->344125K(1114112K), 0.0402700 secs] [Times: user=0.15 sys=0.00, real=0.04 secs] 
2014-07-08T03:42:36.039+0000: 2294.670: [GC [PSYoungGen: 427092K->1186K(413632K)] 769789K->344085K(1100608K), 0.0057810 secs] [Times: user=0.02 sys=0.01, real=0.00 secs] 
2014-07-08T03:42:37.938+0000: 2296.570: [GC [PSYoungGen: 413602K->1616K(401408K)] 756501K->344691K(1088384K), 0.0184260 secs] [Times: user=0.06 sys=0.01, real=0.01 secs] 
2014-07-08T03:42:39.822+0000: 2298.454: [GC [PSYoungGen: 401347K->1264K(388928K)] 744422K->344475K(1075904K), 0.0048920 secs] [Times: user=0.01 sys=0.00, real=0.01 secs] 
2014-07-08T03:42:41.875+0000: 2300.507: [GC [PSYoungGen: 388912K->1396K(377472K)] 732123K->344671K(1064448K), 0.0049040 secs] [Times: user=0.02 sys=0.00, real=0.01 secs] 
2014-07-08T03:42:43.607+0000: 2302.239: [GC [PSYoungGen: 377460K->1321K(366272K)] 720735K->344823K(1053248K), 0.0055150 secs] [Times: user=0.02 sys=0.00, real=0.01 secs] 
2014-07-08T03:42:45.367+0000: 2303.999: [GC [PSYoungGen: 366249K->1471K(355712K)] 709751K->345022K(1042688K), 0.0052350 secs] [Times: user=0.02 sys=0.00, real=0.01 secs] 
2014-07-08T03:42:47.270+0000: 2305.901: [GC [PSYoungGen: 355683K->1186K(345216K)] 699234K->345039K(1032192K), 0.0063850 secs] [Times: user=0.01 sys=0.00, real=0.00 secs] 
2014-07-08T03:42:48.859+0000: 2307.491: [GC [PSYoungGen: 345149K->1424K(335680K)] 689002K->345381K(1022656K), 0.0052170 secs] [Times: user=0.02 sys=0.00, real=0.00 secs] 
2014-07-08T03:42:50.522+0000: 2309.154: [GC [PSYoungGen: 335630K->1204K(326016K)] 679587K->345297K(1012992K), 0.0247070 secs] [Times: user=0.09 sys=0.00, real=0.02 secs] 
2014-07-08T03:42:52.187+0000: 2310.819: [GC [PSYoungGen: 326004K->1364K(317184K)] 670097K->345529K(1004160K), 0.0165170 secs] [Times: user=0.06 sys=0.01, real=0.02 secs] 
2014-07-08T03:42:53.668+0000: 2312.300: [GC [PSYoungGen: 317140K->1146K(308288K)] 661305K->345589K(995264K), 0.0233480 secs] [Times: user=0.09 sys=0.00, real=0.03 secs] 
2014-07-08T03:42:55.298+0000: 2313.929: [GC [PSYoungGen: 308245K->1514K(370112K)] 652688K->346045K(1057088K), 0.0196460 secs] [Times: user=0.06 sys=0.00, real=0.02 secs] 
2014-07-08T03:42:56.966+0000: 2315.597: [GC [PSYoungGen: 370090K->1068K(358848K)] 714621K->346167K(1045824K), 0.0082930 secs] [Times: user=0.02 sys=0.00, real=0.01 secs] 
2014-07-08T03:42:58.643+0000: 2317.274: [GC [PSYoungGen: 358781K->1286K(348736K)] 703880K->346449K(1035712K), 0.0050400 secs] [Times: user=0.02 sys=0.00, real=0.00 secs] 
2014-07-08T03:43:00.467+0000: 2319.099: [GC [PSYoungGen: 348678K->1300K(338816K)] 693841K->346705K(1025792K), 0.0208130 secs] [Times: user=0.08 sys=0.00, real=0.02 secs] 
2014-07-08T03:43:02.206+0000: 2320.837: [GC [PSYoungGen: 338772K->1364K(329344K)] 684177K->346833K(1016320K), 0.0077930 secs] [Times: user=0.01 sys=0.00, real=0.01 secs] 
2014-07-08T03:43:03.657+0000: 2322.288: [GC [PSYoungGen: 329300K->1008K(319808K)] 674769K->346697K(1006784K), 0.0223960 secs] [Times: user=0.08 sys=0.00, real=0.02 secs] 
2014-07-08T03:43:05.299+0000: 2323.931: [GC [PSYoungGen: 319765K->1670K(311744K)] 665454K->347408K(998720K), 0.0187790 secs] [Times: user=0.07 sys=0.00, real=0.02 secs] 
2014-07-08T03:43:06.753+0000: 2325.385: [GC [PSYoungGen: 311686K->1018K(302592K)] 657424K->347323K(989568K), 0.0050520 secs] [Times: user=0.01 sys=0.00, real=0.00 secs] 
2014-07-08T03:43:08.250+0000: 2326.881: [GC [PSYoungGen: 302586K->1741K(295232K)] 648891K->348110K(982208K), 0.0048600 secs] [Times: user=0.02 sys=0.00, real=0.01 secs] 
2014-07-08T03:43:09.600+0000: 2328.232: [GC [PSYoungGen: 295181K->1058K(286720K)] 641550K->347833K(973696K), 0.0141420 secs] [Times: user=0.05 sys=0.00, real=0.02 secs] 
2014-07-08T03:43:10.943+0000: 2329.575: [GC [PSYoungGen: 286630K->1542K(279744K)] 633406K->348365K(966720K), 0.0208850 secs] [Times: user=0.08 sys=0.00, real=0.02 secs] 
2014-07-08T03:43:12.540+0000: 2331.172: [GC [PSYoungGen: 279660K->1210K(272192K)] 626484K->348411K(959168K), 0.0120400 secs] [Times: user=0.04 sys=0.00, real=0.02 secs] 
2014-07-08T03:43:13.722+0000: 2332.354: [GC [PSYoungGen: 272186K->1286K(326528K)] 619387K->348551K(1013504K), 0.0229400 secs] [Times: user=0.08 sys=0.00, real=0.02 secs] 
2014-07-08T03:43:15.357+0000: 2333.989: [GC [PSYoungGen: 326447K->1328K(391616K)] 673712K->348845K(1078592K), 0.0098440 secs] [Times: user=0.01 sys=0.00, real=0.01 secs] 
2014-07-08T03:43:17.340+0000: 2335.972: [GC [PSYoungGen: 391599K->1428K(469824K)] 739116K->349049K(1156800K), 0.0220570 secs] [Times: user=0.08 sys=0.00, real=0.02 secs] 
2014-07-08T03:43:19.646+0000: 2338.277: [GC [PSYoungGen: 469772K->1076K(563136K)] 817393K->349224K(1250112K), 0.0205450 secs] [Times: user=0.08 sys=0.00, real=0.02 secs] 
2014-07-08T03:43:22.338+0000: 2340.970: [GC [PSYoungGen: 563082K->1716K(544512K)] 911230K->349968K(1231488K), 0.0076510 secs] [Times: user=0.02 sys=0.00, real=0.01 secs] 
2014-07-08T03:43:24.899+0000: 2343.530: [GC [PSYoungGen: 544497K->944K(525376K)] 892749K->349702K(1212352K), 0.0053220 secs] [Times: user=0.01 sys=0.01, real=0.01 secs] 
2014-07-08T03:43:27.612+0000: 2346.243: [GC [PSYoungGen: 525345K->1688K(508608K)] 874103K->350582K(1195584K), 0.0221320 secs] [Times: user=0.08 sys=0.00, real=0.03 secs] 
2014-07-08T03:43:29.959+0000: 2348.591: [GC [PSYoungGen: 508568K->1204K(491328K)] 857462K->350422K(1178304K), 0.0058890 secs] [Times: user=0.01 sys=0.00, real=0.01 secs] 
2014-07-08T03:43:32.495+0000: 2351.126: [GC [PSYoungGen: 491297K->1414K(475584K)] 840515K->350728K(1162560K), 0.0116160 secs] [Times: user=0.04 sys=0.00, real=0.02 secs] 
2014-07-08T03:43:34.656+0000: 2353.288: [GC [PSYoungGen: 475448K->1214K(460032K)] 824762K->350878K(1147008K), 0.0040250 secs] [Times: user=0.02 sys=0.00, real=0.00 secs] 
2014-07-08T03:43:36.824+0000: 2355.455: [GC [PSYoungGen: 460030K->1602K(445824K)] 809694K->351362K(1132800K), 0.0343450 secs] [Times: user=0.12 sys=0.00, real=0.04 secs] 
2014-07-08T03:43:39.152+0000: 2357.783: [GC [PSYoungGen: 445760K->872K(431040K)] 795520K->351490K(1118016K), 0.0216980 secs] [Times: user=0.08 sys=0.00, real=0.02 secs] 
2014-07-08T03:43:41.332+0000: 2359.963: [GC [PSYoungGen: 430969K->1710K(418432K)] 781587K->352442K(1105408K), 0.0149030 secs] [Times: user=0.05 sys=0.01, real=0.02 secs] 
2014-07-08T03:43:43.520+0000: 2362.151: [GC [PSYoungGen: 418414K->1278K(405120K)] 769146K->352500K(1092096K), 0.0073880 secs] [Times: user=0.02 sys=0.00, real=0.01 secs] 
2014-07-08T03:43:45.368+0000: 2363.999: [GC [PSYoungGen: 405098K->1720K(393280K)] 756321K->353014K(1080256K), 0.0046880 secs] [Times: user=0.02 sys=0.00, real=0.00 secs] 
2014-07-08T03:43:47.281+0000: 2365.912: [GC [PSYoungGen: 393241K->1004K(380800K)] 744536K->352896K(1067776K), 0.0312260 secs] [Times: user=0.11 sys=0.01, real=0.03 secs] 
2014-07-08T03:43:49.112+0000: 2367.744: [GC [PSYoungGen: 380779K->1528K(370048K)] 732671K->353550K(1057024K), 0.0122980 secs] [Times: user=0.03 sys=0.00, real=0.01 secs] 
2014-07-08T03:43:51.275+0000: 2369.906: [GC [PSYoungGen: 370040K->1450K(359168K)] 722062K->353748K(1046144K), 0.0179290 secs] [Times: user=0.05 sys=0.00, real=0.02 secs] 
2014-07-08T03:43:52.970+0000: 2371.602: [GC [PSYoungGen: 359146K->1268K(348608K)] 711444K->353638K(1035584K), 0.0070870 secs] [Times: user=0.02 sys=0.00, real=0.00 secs] 
2014-07-08T03:43:54.460+0000: 2373.092: [GC [PSYoungGen: 348562K->1140K(417984K)] 700933K->353718K(1104960K), 0.0317910 secs] [Times: user=0.12 sys=0.00, real=0.03 secs] 
2014-07-08T03:43:56.645+0000: 2375.276: [GC [PSYoungGen: 417972K->1428K(501696K)] 770550K->354054K(1188672K), 0.0346630 secs] [Times: user=0.13 sys=0.00, real=0.04 secs] 
2014-07-08T03:43:59.181+0000: 2377.813: [GC [PSYoungGen: 501650K->1396K(601728K)] 854277K->354182K(1288704K), 0.0164820 secs] [Times: user=0.06 sys=0.01, real=0.01 secs] 
2014-07-08T03:44:01.931+0000: 2380.562: [GC [PSYoungGen: 601700K->1300K(580672K)] 954486K->354174K(1267648K), 0.0067540 secs] [Times: user=0.02 sys=0.00, real=0.00 secs] 
2014-07-08T03:44:04.869+0000: 2383.501: [GC [PSYoungGen: 580599K->1146K(560448K)] 933473K->354323K(1247424K), 0.0113710 secs] [Times: user=0.04 sys=0.00, real=0.02 secs] 
2014-07-08T03:44:07.538+0000: 2386.170: [GC [PSYoungGen: 560442K->1666K(541888K)] 913619K->354997K(1228864K), 0.0320560 secs] [Times: user=0.12 sys=0.00, real=0.04 secs] 
2014-07-08T03:44:10.319+0000: 2388.951: [GC [PSYoungGen: 541824K->994K(522944K)] 895155K->354800K(1209920K), 0.0074020 secs] [Times: user=0.02 sys=0.00, real=0.01 secs] 
2014-07-08T03:44:12.677+0000: 2391.309: [GC [PSYoungGen: 522914K->1432K(505984K)] 876720K->355368K(1192960K), 0.0297330 secs] [Times: user=0.11 sys=0.00, real=0.03 secs] 
2014-07-08T03:44:15.287+0000: 2393.918: [GC [PSYoungGen: 505944K->1392K(489280K)] 859880K->355769K(1176256K), 0.0208210 secs] [Times: user=0.08 sys=0.00, real=0.02 secs] 
2014-07-08T03:44:17.565+0000: 2396.197: [GC [PSYoungGen: 489226K->1364K(473344K)] 843603K->355861K(1160320K), 0.0260180 secs] [Times: user=0.10 sys=0.00, real=0.02 secs] 
2014-07-08T03:44:19.865+0000: 2398.496: [GC [PSYoungGen: 473300K->1186K(457920K)] 827797K->355885K(1144896K), 0.0053920 secs] [Times: user=0.02 sys=0.00, real=0.00 secs] 
2014-07-08T03:44:22.035+0000: 2400.666: [GC [PSYoungGen: 457871K->1837K(443968K)] 812570K->356640K(1130944K), 0.0239690 secs] [Times: user=0.08 sys=0.00, real=0.02 secs] 
2014-07-08T03:44:24.347+0000: 2402.978: [GC [PSYoungGen: 443949K->812K(428992K)] 798752K->356193K(1115968K), 0.0072580 secs] [Times: user=0.01 sys=0.00, real=0.01 secs] 
2014-07-08T03:44:26.468+0000: 2405.099: [GC [PSYoungGen: 428972K->1834K(416704K)] 784353K->357271K(1103680K), 0.0068430 secs] [Times: user=0.02 sys=0.00, real=0.01 secs] 
2014-07-08T03:44:28.525+0000: 2407.156: [GC [PSYoungGen: 416682K->1334K(403456K)] 772119K->357441K(1090432K), 0.0326310 secs] [Times: user=0.12 sys=0.00, real=0.03 secs] 
2014-07-08T03:44:30.529+0000: 2409.161: [GC [PSYoungGen: 403443K->1500K(391424K)] 759550K->357679K(1078400K), 0.0040930 secs] [Times: user=0.02 sys=0.00, real=0.00 secs] 
2014-07-08T03:44:32.370+0000: 2411.001: [GC [PSYoungGen: 391377K->1300K(379520K)] 747556K->357625K(1066496K), 0.0295880 secs] [Times: user=0.10 sys=0.00, real=0.03 secs] 
2014-07-08T03:44:34.304+0000: 2412.936: [GC [PSYoungGen: 379439K->1570K(455424K)] 735764K->357951K(1142400K), 0.0267740 secs] [Times: user=0.10 sys=0.00, real=0.02 secs] 
2014-07-08T03:44:36.492+0000: 2415.123: [GC [PSYoungGen: 455393K->1459K(440832K)] 811774K->358047K(1127808K), 0.0082290 secs] [Times: user=0.02 sys=0.00, real=0.01 secs] 
2014-07-08T03:44:38.564+0000: 2417.195: [GC [PSYoungGen: 440819K->1456K(427008K)] 797407K->358179K(1113984K), 0.0056340 secs] [Times: user=0.01 sys=0.00, real=0.01 secs] 
2014-07-08T03:44:40.752+0000: 2419.383: [GC [PSYoungGen: 426992K->1300K(413632K)] 783715K->358095K(1100608K), 0.0197470 secs] [Times: user=0.08 sys=0.00, real=0.02 secs] 
2014-07-08T03:44:42.805+0000: 2421.437: [GC [PSYoungGen: 413588K->1332K(400960K)] 770383K->358199K(1087936K), 0.0244810 secs] [Times: user=0.09 sys=0.00, real=0.03 secs] 
2014-07-08T03:44:44.775+0000: 2423.407: [GC [PSYoungGen: 400919K->1268K(388800K)] 757787K->358199K(1075776K), 0.0082650 secs] [Times: user=0.03 sys=0.00, real=0.01 secs] 
2014-07-08T03:44:46.720+0000: 2425.352: [GC [PSYoungGen: 388756K->1432K(377408K)] 745688K->358435K(1064384K), 0.0040930 secs] [Times: user=0.01 sys=0.00, real=0.00 secs] 
2014-07-08T03:44:48.745+0000: 2427.377: [GC [PSYoungGen: 377355K->1405K(366208K)] 734359K->358983K(1053184K), 0.0368610 secs] [Times: user=0.14 sys=0.00, real=0.04 secs] 
2014-07-08T03:44:50.559+0000: 2429.191: [GC [PSYoungGen: 366195K->1528K(439296K)] 723772K->359201K(1126272K), 0.0339900 secs] [Times: user=0.12 sys=0.00, real=0.03 secs] 
2014-07-08T03:44:52.656+0000: 2431.288: [GC [PSYoungGen: 439288K->1268K(526592K)] 796961K->359105K(1213568K), 0.0214840 secs] [Times: user=0.08 sys=0.00, real=0.03 secs] 
2014-07-08T03:44:55.333+0000: 2433.965: [GC [PSYoungGen: 526578K->1801K(509568K)] 884416K->359703K(1196544K), 0.0043500 secs] [Times: user=0.02 sys=0.00, real=0.00 secs] 
2014-07-08T03:44:57.694+0000: 2436.325: [GC [PSYoungGen: 509513K->994K(491904K)] 867415K->359321K(1178880K), 0.0282150 secs] [Times: user=0.10 sys=0.00, real=0.03 secs] 
2014-07-08T03:45:00.093+0000: 2438.725: [GC [PSYoungGen: 491844K->1528K(476352K)] 850172K->359935K(1163328K), 0.0057360 secs] [Times: user=0.02 sys=0.00, real=0.01 secs] 
2014-07-08T03:45:02.436+0000: 2441.067: [GC [PSYoungGen: 476344K->1634K(461120K)] 834751K->360244K(1148096K), 0.0064660 secs] [Times: user=0.02 sys=0.00, real=0.01 secs] 
2014-07-08T03:45:04.692+0000: 2443.323: [GC [PSYoungGen: 461090K->1492K(446336K)] 819699K->360174K(1133312K), 0.0061810 secs] [Times: user=0.02 sys=0.00, real=0.00 secs] 
2014-07-08T03:45:06.870+0000: 2445.502: [GC [PSYoungGen: 446292K->936K(431680K)] 804974K->360210K(1118656K), 0.0234130 secs] [Times: user=0.08 sys=0.00, real=0.02 secs] 
2014-07-08T03:45:08.965+0000: 2447.596: [GC [PSYoungGen: 431653K->1652K(418944K)] 790926K->361022K(1105920K), 0.0066380 secs] [Times: user=0.02 sys=0.00, real=0.01 secs] 
2014-07-08T03:45:11.022+0000: 2449.653: [GC [PSYoungGen: 418931K->1268K(405696K)] 778301K->360937K(1092672K), 0.0179830 secs] [Times: user=0.06 sys=0.00, real=0.01 secs] 
2014-07-08T03:45:12.956+0000: 2451.587: [GC [PSYoungGen: 405684K->1300K(393472K)] 765353K->361025K(1080448K), 0.0096400 secs] [Times: user=0.01 sys=0.00, real=0.01 secs] 
2014-07-08T03:45:15.047+0000: 2453.679: [GC [PSYoungGen: 393427K->1278K(381632K)] 753153K->361338K(1068608K), 0.0197940 secs] [Times: user=0.07 sys=0.00, real=0.02 secs] 
2014-07-08T03:45:16.887+0000: 2455.519: [GC [PSYoungGen: 381630K->1364K(370432K)] 741690K->361496K(1057408K), 0.0059830 secs] [Times: user=0.02 sys=0.00, real=0.01 secs] 
2014-07-08T03:45:18.740+0000: 2457.371: [GC [PSYoungGen: 370365K->1204K(359424K)] 730497K->361522K(1046400K), 0.0083830 secs] [Times: user=0.03 sys=0.00, real=0.01 secs] 
2014-07-08T03:45:20.536+0000: 2459.168: [GC [PSYoungGen: 359412K->1414K(349312K)] 719730K->361804K(1036288K), 0.0042480 secs] [Times: user=0.01 sys=0.00, real=0.00 secs] 
2014-07-08T03:45:22.499+0000: 2461.130: [GC [PSYoungGen: 349241K->1204K(339072K)] 709631K->361820K(1026048K), 0.0049960 secs] [Times: user=0.02 sys=0.00, real=0.01 secs] 
2014-07-08T03:45:23.977+0000: 2462.608: [GC [PSYoungGen: 339060K->1630K(329984K)] 699676K->362302K(1016960K), 0.0134860 secs] [Times: user=0.05 sys=0.00, real=0.01 secs] 
2014-07-08T03:45:25.591+0000: 2464.222: [GC [PSYoungGen: 329950K->880K(320064K)] 690622K->362178K(1007040K), 0.0061750 secs] [Times: user=0.02 sys=0.00, real=0.01 secs] 
2014-07-08T03:45:27.194+0000: 2465.825: [GC [PSYoungGen: 320040K->1852K(312256K)] 681338K->363288K(999232K), 0.0245180 secs] [Times: user=0.09 sys=0.00, real=0.02 secs] 
2014-07-08T03:45:28.876+0000: 2467.507: [GC [PSYoungGen: 312251K->994K(373504K)] 673687K->362992K(1060480K), 0.0380810 secs] [Times: user=0.14 sys=0.00, real=0.04 secs] 
2014-07-08T03:45:30.717+0000: 2469.349: [GC [PSYoungGen: 373474K->1400K(362944K)] 735472K->363454K(1049920K), 0.0044440 secs] [Times: user=0.01 sys=0.00, real=0.00 secs] 
2014-07-08T03:45:32.434+0000: 2471.066: [GC [PSYoungGen: 362936K->1236K(352320K)] 724990K->363478K(1039296K), 0.0051340 secs] [Times: user=0.02 sys=0.00, real=0.00 secs] 
2014-07-08T03:45:34.192+0000: 2472.823: [GC [PSYoungGen: 352276K->1768K(342720K)] 714518K->364058K(1029696K), 0.0258970 secs] [Times: user=0.09 sys=0.00, real=0.03 secs] 
2014-07-08T03:45:35.931+0000: 2474.563: [GC [PSYoungGen: 342692K->944K(332224K)] 704983K->363678K(1019200K), 0.0074830 secs] [Times: user=0.01 sys=0.00, real=0.01 secs] 
2014-07-08T03:45:37.583+0000: 2476.215: [GC [PSYoungGen: 332208K->1634K(399232K)] 694942K->364464K(1086208K), 0.0326970 secs] [Times: user=0.11 sys=0.00, real=0.04 secs] 
2014-07-08T03:45:39.639+0000: 2478.270: [GC [PSYoungGen: 399199K->1398K(386944K)] 762030K->364679K(1073920K), 0.0053470 secs] [Times: user=0.01 sys=0.00, real=0.01 secs] 
2014-07-08T03:45:41.542+0000: 2480.173: [GC [PSYoungGen: 386918K->1364K(464064K)] 750198K->364724K(1151040K), 0.0331520 secs] [Times: user=0.13 sys=0.00, real=0.04 secs] 
2014-07-08T03:45:43.604+0000: 2482.236: [GC [PSYoungGen: 464020K->1268K(449088K)] 827380K->364684K(1136064K), 0.0092770 secs] [Times: user=0.02 sys=0.00, real=0.01 secs] 
2014-07-08T03:45:45.927+0000: 2484.559: [GC [PSYoungGen: 449076K->1364K(435008K)] 812492K->364844K(1121984K), 0.0219480 secs] [Times: user=0.08 sys=0.00, real=0.02 secs] 
2014-07-08T03:45:48.277+0000: 2486.908: [GC [PSYoungGen: 434958K->1456K(421504K)] 798438K->365088K(1108480K), 0.0056920 secs] [Times: user=0.02 sys=0.00, real=0.00 secs] 
2014-07-08T03:45:50.455+0000: 2489.086: [GC [PSYoungGen: 421488K->1680K(408768K)] 785120K->365401K(1095744K), 0.0245360 secs] [Times: user=0.09 sys=0.00, real=0.03 secs] 
2014-07-08T03:45:52.304+0000: 2490.935: [GC [PSYoungGen: 408720K->958K(489408K)] 772441K->365062K(1176384K), 0.0316690 secs] [Times: user=0.08 sys=0.01, real=0.03 secs] 
2014-07-08T03:45:54.813+0000: 2493.444: [GC [PSYoungGen: 489360K->1870K(588096K)] 853464K->366015K(1275072K), 0.0291770 secs] [Times: user=0.11 sys=0.00, real=0.03 secs] 
2014-07-08T03:45:57.644+0000: 2496.275: [GC [PSYoungGen: 588046K->1268K(704704K)] 952191K->365822K(1391680K), 0.0407940 secs] [Times: user=0.15 sys=0.00, real=0.04 secs] 
2014-07-08T03:46:00.714+0000: 2499.346: [GC [PSYoungGen: 704692K->1840K(846016K)] 1069246K->366523K(1532992K), 0.0229100 secs] [Times: user=0.08 sys=0.00, real=0.02 secs] 
2014-07-08T03:46:04.478+0000: 2503.110: [GC [PSYoungGen: 846000K->1125K(812992K)] 1210683K->366794K(1499968K), 0.0080190 secs] [Times: user=0.03 sys=0.01, real=0.00 secs] 
2014-07-08T03:46:07.887+0000: 2506.519: [GC [PSYoungGen: 812943K->1560K(782656K)] 1178612K->367429K(1469632K), 0.0346150 secs] [Times: user=0.14 sys=0.00, real=0.04 secs] 
2014-07-08T03:46:11.465+0000: 2510.097: [GC [PSYoungGen: 782582K->1897K(753664K)] 1148451K->368350K(1440640K), 0.0054930 secs] [Times: user=0.02 sys=0.00, real=0.01 secs] 
2014-07-08T03:46:14.807+0000: 2513.438: [GC [PSYoungGen: 753626K->1471K(725248K)] 1120079K->368252K(1412224K), 0.0138300 secs] [Times: user=0.05 sys=0.00, real=0.02 secs] 
2014-07-08T03:46:18.203+0000: 2516.835: [GC [PSYoungGen: 725244K->1634K(698816K)] 1092025K->368779K(1385792K), 0.0221460 secs] [Times: user=0.08 sys=0.00, real=0.02 secs] 
2014-07-08T03:46:21.454+0000: 2520.086: [GC [PSYoungGen: 698786K->1517K(673280K)] 1065931K->368918K(1360256K), 0.0046300 secs] [Times: user=0.01 sys=0.00, real=0.00 secs] 
2014-07-08T03:46:24.481+0000: 2523.113: [GC [PSYoungGen: 673261K->1552K(649088K)] 1040662K->369177K(1336064K), 0.0078840 secs] [Times: user=0.03 sys=0.00, real=0.00 secs] 
2014-07-08T03:46:27.450+0000: 2526.082: [GC [PSYoungGen: 649040K->1446K(625856K)] 1016665K->369199K(1312832K), 0.0170420 secs] [Times: user=0.05 sys=0.00, real=0.02 secs] 
2014-07-08T03:46:30.277+0000: 2528.909: [GC [PSYoungGen: 625830K->1332K(603648K)] 993583K->369325K(1290624K), 0.0134910 secs] [Times: user=0.03 sys=0.00, real=0.01 secs] 
2014-07-08T03:46:32.984+0000: 2531.615: [GC [PSYoungGen: 603633K->1392K(582656K)] 971626K->369513K(1269632K), 0.0305230 secs] [Times: user=0.12 sys=0.00, real=0.03 secs] 
2014-07-08T03:46:35.475+0000: 2534.107: [GC [PSYoungGen: 582634K->1865K(563072K)] 950755K->370113K(1250048K), 0.0299870 secs] [Times: user=0.12 sys=0.00, real=0.03 secs] 
2014-07-08T03:46:37.722+0000: 2536.353: [GC [PSYoungGen: 563017K->1360K(543360K)] 931265K->369929K(1230336K), 0.0241740 secs] [Times: user=0.10 sys=0.00, real=0.03 secs] 
2014-07-08T03:46:40.075+0000: 2538.707: [GC [PSYoungGen: 543273K->1456K(525120K)] 911842K->370233K(1212096K), 0.0093320 secs] [Times: user=0.03 sys=0.00, real=0.01 secs] 
2014-07-08T03:46:42.297+0000: 2540.928: [GC [PSYoungGen: 525104K->1300K(507456K)] 893881K->370269K(1194432K), 0.0083520 secs] [Times: user=0.02 sys=0.00, real=0.01 secs] 
2014-07-08T03:46:44.486+0000: 2543.118: [GC [PSYoungGen: 507412K->1108K(490560K)] 876381K->370197K(1177536K), 0.0063770 secs] [Times: user=0.01 sys=0.01, real=0.00 secs] 
2014-07-08T03:46:46.639+0000: 2545.271: [GC [PSYoungGen: 490515K->1268K(474688K)] 859604K->370477K(1161664K), 0.0051630 secs] [Times: user=0.02 sys=0.00, real=0.01 secs] 
2014-07-08T03:46:48.739+0000: 2547.371: [GC [PSYoungGen: 474665K->1204K(459328K)] 843874K->370605K(1146304K), 0.0202030 secs] [Times: user=0.07 sys=0.01, real=0.02 secs] 
2014-07-08T03:46:50.821+0000: 2549.453: [GC [PSYoungGen: 459316K->1364K(444864K)] 828717K->370901K(1131840K), 0.0413270 secs] [Times: user=0.15 sys=0.00, real=0.04 secs] 
2014-07-08T03:46:52.636+0000: 2551.267: [GC [PSYoungGen: 444820K->1264K(533440K)] 814357K->371065K(1220416K), 0.0455280 secs] [Times: user=0.15 sys=0.00, real=0.04 secs] 
2014-07-08T03:46:54.993+0000: 2553.624: [GC [PSYoungGen: 533424K->1676K(640320K)] 903225K->371573K(1327296K), 0.0084580 secs] [Times: user=0.01 sys=0.00, real=0.01 secs] 
2014-07-08T03:46:57.711+0000: 2556.342: [GC [PSYoungGen: 640268K->1268K(617152K)] 1010165K->371381K(1304128K), 0.0065490 secs] [Times: user=0.02 sys=0.00, real=0.01 secs] 
2014-07-08T03:47:00.536+0000: 2559.167: [GC [PSYoungGen: 617140K->1676K(595904K)] 987253K->372013K(1282880K), 0.0246810 secs] [Times: user=0.08 sys=0.00, real=0.03 secs] 
2014-07-08T03:47:02.903+0000: 2561.534: [GC [PSYoungGen: 595852K->1270K(574784K)] 966189K->372045K(1261760K), 0.0275180 secs] [Times: user=0.10 sys=0.00, real=0.03 secs] 
2014-07-08T03:47:05.484+0000: 2564.115: [GC [PSYoungGen: 574743K->1510K(555264K)] 945518K->372429K(1242240K), 0.0062630 secs] [Times: user=0.02 sys=0.01, real=0.01 secs] 
2014-07-08T03:47:07.724+0000: 2566.356: [GC [PSYoungGen: 555238K->1172K(536064K)] 926157K->372421K(1223040K), 0.0310840 secs] [Times: user=0.11 sys=0.00, real=0.03 secs] 
2014-07-08T03:47:09.907+0000: 2568.539: [GC [PSYoungGen: 536020K->1204K(518080K)] 907269K->372621K(1205056K), 0.0200600 secs] [Times: user=0.07 sys=0.00, real=0.02 secs] 
2014-07-08T03:47:12.186+0000: 2570.817: [GC [PSYoungGen: 518068K->1236K(621568K)] 889485K->372845K(1308544K), 0.0327260 secs] [Times: user=0.13 sys=0.00, real=0.04 secs] 
2014-07-08T03:47:14.838+0000: 2573.469: [GC [PSYoungGen: 621524K->1204K(599616K)] 993133K->372965K(1286592K), 0.0149190 secs] [Times: user=0.03 sys=0.00, real=0.02 secs] 
2014-07-08T03:47:17.490+0000: 2576.121: [GC [PSYoungGen: 599604K->1552K(579136K)] 971365K->373497K(1266112K), 0.0226790 secs] [Times: user=0.08 sys=0.00, real=0.02 secs] 
2014-07-08T03:47:19.820+0000: 2578.451: [GC [PSYoungGen: 579069K->1172K(558848K)] 951014K->373413K(1245824K), 0.0165710 secs] [Times: user=0.06 sys=0.00, real=0.02 secs] 
2014-07-08T03:47:22.454+0000: 2581.086: [GC [PSYoungGen: 558772K->1300K(539968K)] 931013K->373709K(1226944K), 0.0250760 secs] [Times: user=0.10 sys=0.00, real=0.02 secs] 
2014-07-08T03:47:24.718+0000: 2583.350: [GC [PSYoungGen: 539924K->1172K(521664K)] 912333K->373781K(1208640K), 0.0158130 secs] [Times: user=0.06 sys=0.00, real=0.02 secs] 
2014-07-08T03:47:26.931+0000: 2585.563: [GC [PSYoungGen: 521619K->1456K(504576K)] 894228K->374201K(1191552K), 0.0272630 secs] [Times: user=0.11 sys=0.00, real=0.02 secs] 
2014-07-08T03:47:29.105+0000: 2587.736: [GC [PSYoungGen: 504560K->1414K(488000K)] 877305K->374399K(1174976K), 0.0174770 secs] [Times: user=0.07 sys=0.00, real=0.02 secs] 
2014-07-08T03:47:31.334+0000: 2589.965: [GC [PSYoungGen: 487942K->954K(584832K)] 860927K->374689K(1271808K), 0.0300110 secs] [Times: user=0.09 sys=0.00, real=0.03 secs] 
2014-07-08T03:47:33.876+0000: 2592.507: [GC [PSYoungGen: 584826K->1350K(702080K)] 958561K->375197K(1389056K), 0.0266320 secs] [Times: user=0.09 sys=0.00, real=0.03 secs] 
2014-07-08T03:47:36.888+0000: 2595.520: [GC [PSYoungGen: 701980K->1268K(676352K)] 1075827K->375381K(1363328K), 0.0055830 secs] [Times: user=0.01 sys=0.00, real=0.01 secs] 
2014-07-08T03:47:39.831+0000: 2598.462: [GC [PSYoungGen: 676340K->1236K(651968K)] 1050453K->375605K(1338944K), 0.0102940 secs] [Times: user=0.03 sys=0.00, real=0.01 secs] 
2014-07-08T03:47:42.566+0000: 2601.197: [GC [PSYoungGen: 651908K->1322K(628736K)] 1026277K->375923K(1315712K), 0.0054350 secs] [Times: user=0.02 sys=0.00, real=0.00 secs] 
2014-07-08T03:47:45.322+0000: 2603.954: [GC [PSYoungGen: 628714K->1428K(606656K)] 1003315K->376213K(1293632K), 0.0090280 secs] [Times: user=0.02 sys=0.00, real=0.01 secs] 
2014-07-08T03:47:47.887+0000: 2606.518: [GC [PSYoungGen: 606612K->1072K(585088K)] 981397K->376237K(1272064K), 0.0260910 secs] [Times: user=0.10 sys=0.00, real=0.02 secs] 
2014-07-08T03:47:50.612+0000: 2609.244: [GC [PSYoungGen: 585072K->1663K(565440K)] 960237K->376996K(1252416K), 0.0111090 secs] [Times: user=0.04 sys=0.00, real=0.01 secs] 
2014-07-08T03:47:52.914+0000: 2611.546: [GC [PSYoungGen: 565427K->994K(545472K)] 940760K->377021K(1232448K), 0.0252470 secs] [Times: user=0.10 sys=0.00, real=0.03 secs] 
2014-07-08T03:47:55.392+0000: 2614.023: [GC [PSYoungGen: 545342K->1915K(527936K)] 921369K->378055K(1214912K), 0.0226270 secs] [Times: user=0.07 sys=0.00, real=0.02 secs] 
2014-07-08T03:47:57.649+0000: 2616.281: [GC [PSYoungGen: 527931K->954K(509376K)] 904071K->377773K(1196352K), 0.0239610 secs] [Times: user=0.08 sys=0.00, real=0.02 secs] 
2014-07-08T03:47:59.736+0000: 2618.367: [GC [PSYoungGen: 509370K->1556K(493184K)] 886189K->378519K(1180160K), 0.0049750 secs] [Times: user=0.02 sys=0.01, real=0.01 secs] 
2014-07-08T03:48:01.938+0000: 2620.570: [GC [PSYoungGen: 493124K->1446K(476992K)] 870087K->378763K(1163968K), 0.0275820 secs] [Times: user=0.10 sys=0.00, real=0.03 secs] 
2014-07-08T03:48:03.979+0000: 2622.611: [GC [PSYoungGen: 476966K->1343K(461504K)] 854283K->378812K(1148480K), 0.0105900 secs] [Times: user=0.04 sys=0.01, real=0.01 secs] 
2014-07-08T03:48:05.950+0000: 2624.582: [GC [PSYoungGen: 461472K->1204K(446656K)] 838941K->378983K(1133632K), 0.0157120 secs] [Times: user=0.06 sys=0.00, real=0.01 secs] 
2014-07-08T03:48:07.869+0000: 2626.501: [GC [PSYoungGen: 446644K->1268K(432640K)] 824423K->379231K(1119616K), 0.0061880 secs] [Times: user=0.02 sys=0.00, real=0.00 secs] 
2014-07-08T03:48:09.661+0000: 2628.293: [GC [PSYoungGen: 432628K->1172K(419136K)] 810591K->379335K(1106112K), 0.0048040 secs] [Times: user=0.02 sys=0.00, real=0.00 secs] 
2014-07-08T03:48:11.460+0000: 2630.091: [GC [PSYoungGen: 419092K->1392K(406464K)] 797255K->379699K(1093440K), 0.0259610 secs] [Times: user=0.10 sys=0.00, real=0.02 secs] 
2014-07-08T03:48:13.100+0000: 2631.732: [GC [PSYoungGen: 406448K->1252K(393984K)] 784755K->379920K(1080960K), 0.0069250 secs] [Times: user=0.03 sys=0.00, real=0.00 secs] 
2014-07-08T03:48:14.734+0000: 2633.365: [GC [PSYoungGen: 393928K->1140K(382016K)] 772596K->379895K(1068992K), 0.0096040 secs] [Times: user=0.02 sys=0.00, real=0.01 secs] 
2014-07-08T03:48:16.525+0000: 2635.157: [GC [PSYoungGen: 382004K->1460K(371008K)] 760759K->380351K(1057984K), 0.0323210 secs] [Times: user=0.12 sys=0.00, real=0.03 secs] 
2014-07-08T03:48:18.078+0000: 2636.709: [GC [PSYoungGen: 370996K->1524K(360192K)] 749887K->380663K(1047168K), 0.0172150 secs] [Times: user=0.06 sys=0.00, real=0.01 secs] 
2014-07-08T03:48:19.614+0000: 2638.246: [GC [PSYoungGen: 360180K->994K(349248K)] 739319K->380383K(1036224K), 0.0047390 secs] [Times: user=0.01 sys=0.00, real=0.01 secs] 
2014-07-08T03:48:21.042+0000: 2639.673: [GC [PSYoungGen: 349218K->1236K(339520K)] 728607K->380729K(1026496K), 0.0200390 secs] [Times: user=0.07 sys=0.00, real=0.02 secs] 
2014-07-08T03:48:22.557+0000: 2641.188: [GC [PSYoungGen: 339410K->1524K(330240K)] 718904K->381106K(1017216K), 0.0142600 secs] [Times: user=0.05 sys=0.00, real=0.02 secs] 
2014-07-08T03:48:23.877+0000: 2642.509: [GC [PSYoungGen: 330197K->1158K(395712K)] 709779K->380827K(1082688K), 0.0224520 secs] [Times: user=0.09 sys=0.00, real=0.03 secs] 
2014-07-08T03:48:25.566+0000: 2644.197: [GC [PSYoungGen: 395640K->1140K(474560K)] 775309K->380881K(1161536K), 0.0124130 secs] [Times: user=0.04 sys=0.00, real=0.01 secs] 
2014-07-08T03:48:27.578+0000: 2646.210: [GC [PSYoungGen: 474548K->1616K(569792K)] 854289K->381533K(1256768K), 0.0310600 secs] [Times: user=0.11 sys=0.00, real=0.03 secs] 
2014-07-08T03:48:29.959+0000: 2648.590: [GC [PSYoungGen: 569744K->1072K(549696K)] 949661K->381329K(1236672K), 0.0082940 secs] [Times: user=0.02 sys=0.00, real=0.01 secs] 
2014-07-08T03:48:32.360+0000: 2650.992: [GC [PSYoungGen: 549680K->1584K(531584K)] 929937K->382050K(1218560K), 0.0254390 secs] [Times: user=0.08 sys=0.00, real=0.03 secs] 
2014-07-08T03:48:34.635+0000: 2653.266: [GC [PSYoungGen: 531546K->1082K(513280K)] 912012K->381922K(1200256K), 0.0046920 secs] [Times: user=0.02 sys=0.00, real=0.00 secs] 
2014-07-08T03:48:36.852+0000: 2655.484: [GC [PSYoungGen: 513274K->1418K(496640K)] 894114K->382409K(1183616K), 0.0112600 secs] [Times: user=0.04 sys=0.00, real=0.01 secs] 
2014-07-08T03:48:38.985+0000: 2657.616: [GC [PSYoungGen: 496586K->1204K(480128K)] 877577K->382485K(1167104K), 0.0060730 secs] [Times: user=0.02 sys=0.00, real=0.00 secs] 
2014-07-08T03:48:41.026+0000: 2659.658: [GC [PSYoungGen: 480116K->1357K(464768K)] 861397K->382871K(1151744K), 0.0091100 secs] [Times: user=0.02 sys=0.00, real=0.01 secs] 
2014-07-08T03:48:43.043+0000: 2661.675: [GC [PSYoungGen: 464717K->1022K(449536K)] 846231K->382821K(1136512K), 0.0291930 secs] [Times: user=0.12 sys=0.00, real=0.03 secs] 
2014-07-08T03:48:44.994+0000: 2663.625: [GC [PSYoungGen: 449490K->1545K(435904K)] 831290K->383441K(1122880K), 0.0237740 secs] [Times: user=0.09 sys=0.00, real=0.02 secs] 
2014-07-08T03:48:46.847+0000: 2665.479: [GC [PSYoungGen: 435849K->997K(421760K)] 817745K->383479K(1108736K), 0.0048020 secs] [Times: user=0.02 sys=0.00, real=0.00 secs] 
2014-07-08T03:48:48.631+0000: 2667.262: [GC [PSYoungGen: 421683K->1304K(409088K)] 804165K->383962K(1096064K), 0.0044060 secs] [Times: user=0.01 sys=0.00, real=0.01 secs] 
2014-07-08T03:48:50.354+0000: 2668.985: [GC [PSYoungGen: 409037K->1391K(396672K)] 791695K->384631K(1083648K), 0.0248450 secs] [Times: user=0.09 sys=0.01, real=0.02 secs] 
2014-07-08T03:48:52.071+0000: 2670.702: [GC [PSYoungGen: 396655K->1506K(475904K)] 779895K->384834K(1162880K), 0.0317030 secs] [Times: user=0.12 sys=0.00, real=0.03 secs] 
2014-07-08T03:48:54.048+0000: 2672.679: [GC [PSYoungGen: 475874K->1072K(570368K)] 859202K->384734K(1257344K), 0.0319020 secs] [Times: user=0.12 sys=0.00, real=0.03 secs] 
2014-07-08T03:48:56.694+0000: 2675.326: [GC [PSYoungGen: 570352K->1648K(684800K)] 954014K->385439K(1371776K), 0.0277060 secs] [Times: user=0.10 sys=0.00, real=0.02 secs] 
2014-07-08T03:48:59.487+0000: 2678.119: [GC [PSYoungGen: 684784K->1146K(659520K)] 1068575K->385486K(1346496K), 0.0123340 secs] [Times: user=0.04 sys=0.00, real=0.01 secs] 
2014-07-08T03:49:02.463+0000: 2681.094: [GC [PSYoungGen: 659508K->1592K(636352K)] 1043848K->386148K(1323328K), 0.0073400 secs] [Times: user=0.02 sys=0.01, real=0.01 secs] 
2014-07-08T03:49:05.178+0000: 2683.810: [GC [PSYoungGen: 636344K->1268K(613504K)] 1020900K->386056K(1300480K), 0.0078920 secs] [Times: user=0.02 sys=0.00, real=0.01 secs] 
2014-07-08T03:49:07.891+0000: 2686.522: [GC [PSYoungGen: 613476K->1300K(592064K)] 998265K->386296K(1279040K), 0.0265480 secs] [Times: user=0.09 sys=0.00, real=0.03 secs] 
2014-07-08T03:49:10.532+0000: 2689.163: [GC [PSYoungGen: 592020K->1253K(571456K)] 977016K->386729K(1258432K), 0.0048260 secs] [Times: user=0.02 sys=0.01, real=0.01 secs] 
2014-07-08T03:49:13.006+0000: 2691.638: [GC [PSYoungGen: 571429K->1318K(551936K)] 956905K->387042K(1238912K), 0.0065920 secs] [Times: user=0.02 sys=0.01, real=0.01 secs] 
2014-07-08T03:49:15.412+0000: 2694.043: [GC [PSYoungGen: 551910K->1392K(533312K)] 937634K->387351K(1220288K), 0.0227490 secs] [Times: user=0.09 sys=0.01, real=0.02 secs] 
2014-07-08T03:49:17.691+0000: 2696.323: [GC [PSYoungGen: 533296K->1222K(515328K)] 919255K->387324K(1202304K), 0.0062430 secs] [Times: user=0.01 sys=0.00, real=0.01 secs] 
2014-07-08T03:49:19.966+0000: 2698.598: [GC [PSYoungGen: 515240K->1172K(498176K)] 901343K->387418K(1185152K), 0.0293490 secs] [Times: user=0.11 sys=0.00, real=0.03 secs] 
2014-07-08T03:49:22.113+0000: 2700.744: [GC [PSYoungGen: 498132K->1584K(482240K)] 884378K->387983K(1169216K), 0.0268910 secs] [Times: user=0.11 sys=0.00, real=0.03 secs] 
2014-07-08T03:49:24.272+0000: 2702.903: [GC [PSYoungGen: 482223K->1196K(466240K)] 868621K->388120K(1153216K), 0.0205790 secs] [Times: user=0.08 sys=0.00, real=0.02 secs] 
2014-07-08T03:49:26.196+0000: 2704.828: [GC [PSYoungGen: 466220K->1446K(451584K)] 853144K->388514K(1138560K), 0.0213320 secs] [Times: user=0.08 sys=0.00, real=0.02 secs] 
2014-07-08T03:49:28.079+0000: 2706.711: [GC [PSYoungGen: 451558K->1236K(541440K)] 838626K->388480K(1228416K), 0.0307070 secs] [Times: user=0.12 sys=0.00, real=0.03 secs] 
2014-07-08T03:49:30.514+0000: 2709.145: [GC [PSYoungGen: 541396K->1620K(523584K)] 928640K->388985K(1210560K), 0.0166750 secs] [Times: user=0.04 sys=0.00, real=0.02 secs] 
2014-07-08T03:49:32.684+0000: 2711.316: [GC [PSYoungGen: 523540K->1082K(505600K)] 910905K->388933K(1192576K), 0.0144530 secs] [Times: user=0.06 sys=0.00, real=0.01 secs] 
2014-07-08T03:49:34.876+0000: 2713.508: [GC [PSYoungGen: 505594K->1254K(489152K)] 893445K->389224K(1176128K), 0.0143170 secs] [Times: user=0.05 sys=0.00, real=0.02 secs] 
2014-07-08T03:49:36.838+0000: 2715.470: [GC [PSYoungGen: 489126K->1300K(586816K)] 877096K->389536K(1273792K), 0.0378600 secs] [Times: user=0.15 sys=0.00, real=0.04 secs] 
2014-07-08T03:49:39.305+0000: 2717.936: [GC [PSYoungGen: 586743K->1300K(566528K)] 974980K->389728K(1253504K), 0.0096950 secs] [Times: user=0.02 sys=0.00, real=0.01 secs] 
2014-07-08T03:49:41.688+0000: 2720.319: [GC [PSYoungGen: 566484K->1140K(546944K)] 954912K->389776K(1233920K), 0.0225500 secs] [Times: user=0.09 sys=0.00, real=0.02 secs] 
2014-07-08T03:49:43.959+0000: 2722.590: [GC [PSYoungGen: 546900K->1190K(528512K)] 935537K->389979K(1215488K), 0.0181450 secs] [Times: user=0.07 sys=0.00, real=0.02 secs] 
2014-07-08T03:49:46.329+0000: 2724.960: [GC [PSYoungGen: 528440K->1414K(634240K)] 917229K->390307K(1321216K), 0.0330180 secs] [Times: user=0.12 sys=0.00, real=0.03 secs] 
2014-07-08T03:49:48.914+0000: 2727.545: [GC [PSYoungGen: 634182K->1332K(611648K)] 1023075K->390440K(1298624K), 0.0054710 secs] [Times: user=0.02 sys=0.00, real=0.00 secs] 
2014-07-08T03:49:51.420+0000: 2730.052: [GC [PSYoungGen: 611586K->933K(589824K)] 1000695K->390730K(1276800K), 0.0283240 secs] [Times: user=0.11 sys=0.00, real=0.03 secs] 
2014-07-08T03:49:53.801+0000: 2732.433: [GC [PSYoungGen: 589797K->1422K(569920K)] 979594K->391357K(1256896K), 0.0069870 secs] [Times: user=0.02 sys=0.00, real=0.01 secs] 
2014-07-08T03:49:56.055+0000: 2734.687: [GC [PSYoungGen: 569870K->1328K(550272K)] 959805K->391689K(1237248K), 0.0045230 secs] [Times: user=0.02 sys=0.00, real=0.00 secs] 
2014-07-08T03:49:58.532+0000: 2737.164: [GC [PSYoungGen: 550256K->1236K(531584K)] 940617K->391749K(1218560K), 0.0051750 secs] [Times: user=0.01 sys=0.01, real=0.01 secs] 
2014-07-08T03:50:00.623+0000: 2739.254: [GC [PSYoungGen: 531540K->1018K(513536K)] 922053K->391961K(1200512K), 0.0269850 secs] [Times: user=0.10 sys=0.00, real=0.03 secs] 
2014-07-08T03:50:02.774+0000: 2741.406: [GC [PSYoungGen: 513530K->1222K(496768K)] 904473K->392269K(1183744K), 0.0125030 secs] [Times: user=0.04 sys=0.00, real=0.01 secs] 
2014-07-08T03:50:04.788+0000: 2743.419: [GC [PSYoungGen: 496710K->1140K(480384K)] 887757K->392365K(1167360K), 0.0113490 secs] [Times: user=0.03 sys=0.00, real=0.01 secs] 
2014-07-08T03:50:06.683+0000: 2745.314: [GC [PSYoungGen: 480340K->1140K(464832K)] 871565K->392437K(1151808K), 0.0040110 secs] [Times: user=0.02 sys=0.00, real=0.01 secs] 
2014-07-08T03:50:08.638+0000: 2747.270: [GC [PSYoungGen: 464820K->1332K(450176K)] 856117K->392829K(1137152K), 0.0236720 secs] [Times: user=0.08 sys=0.00, real=0.02 secs] 
2014-07-08T03:50:10.515+0000: 2749.146: [GC [PSYoungGen: 450164K->1424K(436096K)] 841661K->393097K(1123072K), 0.0055850 secs] [Times: user=0.01 sys=0.01, real=0.01 secs] 
2014-07-08T03:50:12.153+0000: 2750.785: [GC [PSYoungGen: 436048K->822K(421824K)] 827721K->392993K(1108800K), 0.0065990 secs] [Times: user=0.02 sys=0.01, real=0.01 secs] 
2014-07-08T03:50:13.832+0000: 2752.463: [GC [PSYoungGen: 421766K->1329K(409280K)] 813937K->393540K(1096256K), 0.0047090 secs] [Times: user=0.02 sys=0.00, real=0.01 secs] 
2014-07-08T03:50:15.595+0000: 2754.227: [GC [PSYoungGen: 409265K->1108K(396608K)] 801476K->393621K(1083584K), 0.0050790 secs] [Times: user=0.01 sys=0.00, real=0.01 secs] 
2014-07-08T03:50:17.131+0000: 2755.762: [GC [PSYoungGen: 396515K->1254K(384768K)] 789028K->393919K(1071744K), 0.0082410 secs] [Times: user=0.02 sys=0.00, real=0.01 secs] 
2014-07-08T03:50:18.705+0000: 2757.336: [GC [PSYoungGen: 384742K->1076K(373120K)] 777407K->393901K(1060096K), 0.0067290 secs] [Times: user=0.01 sys=0.01, real=0.01 secs] 
2014-07-08T03:50:20.145+0000: 2758.776: [GC [PSYoungGen: 373108K->1076K(362176K)] 765933K->394021K(1049152K), 0.0062120 secs] [Times: user=0.02 sys=0.00, real=0.01 secs] 
2014-07-08T03:50:21.653+0000: 2760.284: [GC [PSYoungGen: 362131K->1044K(351680K)] 755076K->394045K(1038656K), 0.0199010 secs] [Times: user=0.08 sys=0.00, real=0.02 secs] 
2014-07-08T03:50:23.108+0000: 2761.739: [GC [PSYoungGen: 351626K->1204K(341760K)] 744627K->394341K(1028736K), 0.0133060 secs] [Times: user=0.05 sys=0.00, real=0.01 secs] 
2014-07-08T03:50:24.552+0000: 2763.184: [GC [PSYoungGen: 341747K->1185K(332096K)] 734885K->394643K(1019072K), 0.0075810 secs] [Times: user=0.02 sys=0.00, real=0.01 secs] 
2014-07-08T03:50:25.912+0000: 2764.543: [GC [PSYoungGen: 332065K->1204K(322816K)] 725523K->394725K(1009792K), 0.0052660 secs] [Times: user=0.01 sys=0.00, real=0.00 secs] 
2014-07-08T03:50:27.282+0000: 2765.914: [GC [PSYoungGen: 322804K->1074K(313792K)] 716325K->395350K(1000768K), 0.0270280 secs] [Times: user=0.09 sys=0.00, real=0.03 secs] 
2014-07-08T03:50:28.654+0000: 2767.285: [GC [PSYoungGen: 313778K->1272K(305472K)] 708054K->395627K(992448K), 0.0051360 secs] [Times: user=0.01 sys=0.00, real=0.01 secs] 
2014-07-08T03:50:29.788+0000: 2768.419: [GC [PSYoungGen: 305464K->1172K(297216K)] 699819K->395859K(984192K), 0.0062900 secs] [Times: user=0.01 sys=0.00, real=0.01 secs] 
2014-07-08T03:50:30.980+0000: 2769.612: [GC [PSYoungGen: 297172K->1012K(289152K)] 691859K->395771K(976128K), 0.0107450 secs] [Times: user=0.04 sys=0.00, real=0.01 secs] 
2014-07-08T03:50:32.199+0000: 2770.831: [GC [PSYoungGen: 289113K->1378K(281984K)] 683873K->396194K(968960K), 0.0199050 secs] [Times: user=0.08 sys=0.00, real=0.02 secs] 
2014-07-08T03:50:33.441+0000: 2772.072: [GC [PSYoungGen: 281915K->1392K(274688K)] 676730K->396271K(961664K), 0.0103150 secs] [Times: user=0.04 sys=0.00, real=0.01 secs] 
2014-07-08T03:50:34.583+0000: 2773.215: [GC [PSYoungGen: 274630K->804K(267136K)] 669510K->396367K(954112K), 0.0105810 secs] [Times: user=0.03 sys=0.00, real=0.01 secs] 
2014-07-08T03:50:35.633+0000: 2774.265: [GC [PSYoungGen: 267108K->1454K(261056K)] 662671K->397065K(948032K), 0.0044410 secs] [Times: user=0.01 sys=0.00, real=0.00 secs] 
2014-07-08T03:50:36.662+0000: 2775.293: [GC [PSYoungGen: 261038K->1108K(312704K)] 656649K->397169K(999680K), 0.0210880 secs] [Times: user=0.08 sys=0.00, real=0.02 secs] 
2014-07-08T03:50:37.983+0000: 2776.615: [GC [PSYoungGen: 312660K->1296K(304384K)] 708721K->397446K(991360K), 0.0043370 secs] [Times: user=0.02 sys=0.00, real=0.00 secs] 
2014-07-08T03:50:39.200+0000: 2777.831: [GC [PSYoungGen: 304297K->1132K(296064K)] 700447K->397616K(983040K), 0.0092760 secs] [Times: user=0.02 sys=0.00, real=0.01 secs] 
2014-07-08T03:50:40.377+0000: 2779.008: [GC [PSYoungGen: 296044K->1763K(288896K)] 692528K->398334K(975872K), 0.0070420 secs] [Times: user=0.01 sys=0.00, real=0.01 secs] 
2014-07-08T03:50:41.548+0000: 2780.179: [GC [PSYoungGen: 288867K->676K(280256K)] 685438K->397986K(967232K), 0.0049240 secs] [Times: user=0.01 sys=0.00, real=0.01 secs] 
2014-07-08T03:50:42.792+0000: 2781.423: [GC [PSYoungGen: 280228K->1646K(273984K)] 677538K->399012K(960960K), 0.0089920 secs] [Times: user=0.03 sys=0.00, real=0.01 secs] 
2014-07-08T03:50:43.918+0000: 2782.549: [GC [PSYoungGen: 273930K->1264K(328064K)] 671296K->399064K(1015040K), 0.0271360 secs] [Times: user=0.10 sys=0.00, real=0.03 secs] 
2014-07-08T03:50:45.288+0000: 2783.919: [GC [PSYoungGen: 328048K->1378K(319104K)] 725848K->399250K(1006080K), 0.0054300 secs] [Times: user=0.02 sys=0.00, real=0.01 secs] 
2014-07-08T03:50:46.603+0000: 2785.234: [GC [PSYoungGen: 319074K->1196K(310144K)] 716946K->399296K(997120K), 0.0104350 secs] [Times: user=0.04 sys=0.01, real=0.01 secs] 
2014-07-08T03:50:47.748+0000: 2786.379: [GC [PSYoungGen: 310087K->1282K(301888K)] 708188K->399526K(988864K), 0.0110100 secs] [Times: user=0.03 sys=0.00, real=0.01 secs] 
2014-07-08T03:50:49.056+0000: 2787.687: [GC [PSYoungGen: 301826K->1140K(293632K)] 700070K->399464K(980608K), 0.0155780 secs] [Times: user=0.05 sys=0.00, real=0.02 secs] 
2014-07-08T03:50:50.259+0000: 2788.891: [GC [PSYoungGen: 293576K->1044K(352064K)] 691900K->399488K(1039040K), 0.0331780 secs] [Times: user=0.12 sys=0.00, real=0.04 secs] 
2014-07-08T03:50:51.677+0000: 2790.309: [GC [PSYoungGen: 352020K->1108K(422336K)] 750464K->399616K(1109312K), 0.0089660 secs] [Times: user=0.02 sys=0.00, real=0.01 secs] 
2014-07-08T03:50:53.467+0000: 2792.098: [GC [PSYoungGen: 422254K->1272K(409408K)] 820762K->399852K(1096384K), 0.0058170 secs] [Times: user=0.02 sys=0.00, real=0.01 secs] 
2014-07-08T03:50:55.206+0000: 2793.838: [GC [PSYoungGen: 409400K->1214K(396864K)] 807980K->399964K(1083840K), 0.0068720 secs] [Times: user=0.02 sys=0.00, real=0.01 secs] 
2014-07-08T03:50:56.851+0000: 2795.482: [GC [PSYoungGen: 396862K->1076K(384768K)] 795612K->399930K(1071744K), 0.0149930 secs] [Times: user=0.06 sys=0.00, real=0.02 secs] 
2014-07-08T03:50:58.540+0000: 2797.172: [GC [PSYoungGen: 384756K->1204K(373440K)] 783610K->400194K(1060416K), 0.0237910 secs] [Times: user=0.09 sys=0.00, real=0.03 secs] 
2014-07-08T03:51:00.045+0000: 2798.676: [GC [PSYoungGen: 373428K->1108K(447872K)] 772418K->400274K(1134848K), 0.0212460 secs] [Times: user=0.08 sys=0.00, real=0.02 secs] 
2014-07-08T03:51:01.773+0000: 2800.404: [GC [PSYoungGen: 447828K->1044K(433664K)] 846994K->400314K(1120640K), 0.0106590 secs] [Times: user=0.02 sys=0.00, real=0.02 secs] 
2014-07-08T03:51:03.551+0000: 2802.183: [GC [PSYoungGen: 433578K->1044K(420160K)] 832848K->400378K(1107136K), 0.0041890 secs] [Times: user=0.02 sys=0.00, real=0.01 secs] 
2014-07-08T03:51:05.338+0000: 2803.969: [GC [PSYoungGen: 420112K->1300K(504256K)] 819446K->400714K(1191232K), 0.0316210 secs] [Times: user=0.12 sys=0.00, real=0.03 secs] 
2014-07-08T03:51:07.350+0000: 2805.982: [GC [PSYoungGen: 504189K->1318K(487680K)] 903604K->400884K(1174656K), 0.0118530 secs] [Times: user=0.03 sys=0.00, real=0.01 secs] 
2014-07-08T03:51:09.390+0000: 2808.022: [GC [PSYoungGen: 487644K->688K(584320K)] 887210K->400996K(1271296K), 0.0325500 secs] [Times: user=0.11 sys=0.00, real=0.03 secs] 
2014-07-08T03:51:11.767+0000: 2810.399: [GC [PSYoungGen: 584304K->1304K(564736K)] 984612K->401692K(1251712K), 0.0134210 secs] [Times: user=0.05 sys=0.00, real=0.01 secs] 
2014-07-08T03:51:14.054+0000: 2812.686: [GC [PSYoungGen: 564696K->1076K(545216K)] 965084K->401804K(1232192K), 0.0077710 secs] [Times: user=0.02 sys=0.00, real=0.01 secs] 
2014-07-08T03:51:16.244+0000: 2814.875: [GC [PSYoungGen: 545169K->1648K(527360K)] 945897K->402488K(1214336K), 0.0259020 secs] [Times: user=0.10 sys=0.00, real=0.03 secs] 
2014-07-08T03:51:18.662+0000: 2817.293: [GC [PSYoungGen: 527343K->630K(508736K)] 928183K->402693K(1195712K), 0.0071220 secs] [Times: user=0.02 sys=0.00, real=0.01 secs] 
2014-07-08T03:51:20.723+0000: 2819.354: [GC [PSYoungGen: 508726K->1532K(492800K)] 910789K->403690K(1179776K), 0.0074580 secs] [Times: user=0.02 sys=0.00, real=0.01 secs] 
2014-07-08T03:51:22.762+0000: 2821.393: [GC [PSYoungGen: 492750K->1232K(476480K)] 894908K->403855K(1163456K), 0.0043700 secs] [Times: user=0.01 sys=0.00, real=0.01 secs] 
2014-07-08T03:51:24.695+0000: 2823.326: [GC [PSYoungGen: 476384K->1322K(461184K)] 879007K->404065K(1148160K), 0.0065680 secs] [Times: user=0.02 sys=0.00, real=0.01 secs] 
2014-07-08T03:51:26.515+0000: 2825.147: [GC [PSYoungGen: 461162K->1398K(446528K)] 863905K->404387K(1133504K), 0.0056870 secs] [Times: user=0.02 sys=0.00, real=0.01 secs] 
2014-07-08T03:51:28.340+0000: 2826.972: [GC [PSYoungGen: 446518K->1548K(432640K)] 849507K->404713K(1119616K), 0.0230280 secs] [Times: user=0.08 sys=0.01, real=0.02 secs] 
2014-07-08T03:51:30.031+0000: 2828.663: [GC [PSYoungGen: 432587K->994K(418624K)] 835752K->404393K(1105600K), 0.0048910 secs] [Times: user=0.01 sys=0.00, real=0.00 secs] 
2014-07-08T03:51:31.734+0000: 2830.365: [GC [PSYoungGen: 418594K->1172K(405952K)] 821993K->404699K(1092928K), 0.0091910 secs] [Times: user=0.02 sys=0.00, real=0.01 secs] 
2014-07-08T03:51:33.630+0000: 2832.261: [GC [PSYoungGen: 405908K->1076K(393472K)] 809435K->404699K(1080448K), 0.0114920 secs] [Times: user=0.04 sys=0.00, real=0.01 secs] 
2014-07-08T03:51:35.154+0000: 2833.786: [GC [PSYoungGen: 393460K->1264K(381824K)] 797083K->405007K(1068800K), 0.0082920 secs] [Times: user=0.02 sys=0.00, real=0.01 secs] 
2014-07-08T03:51:36.709+0000: 2835.340: [GC [PSYoungGen: 381808K->1108K(370368K)] 785551K->404955K(1057344K), 0.0224850 secs] [Times: user=0.08 sys=0.00, real=0.03 secs] 
2014-07-08T03:51:38.125+0000: 2836.757: [GC [PSYoungGen: 370324K->1264K(359680K)] 774170K->405247K(1046656K), 0.0091580 secs] [Times: user=0.01 sys=0.00, real=0.01 secs] 
2014-07-08T03:51:39.701+0000: 2838.332: [GC [PSYoungGen: 359664K->1140K(349184K)] 763647K->405195K(1036160K), 0.0152490 secs] [Times: user=0.06 sys=0.00, real=0.01 secs] 
2014-07-08T03:51:41.091+0000: 2839.722: [GC [PSYoungGen: 349172K->1268K(339328K)] 753227K->405459K(1026304K), 0.0051400 secs] [Times: user=0.02 sys=0.00, real=0.00 secs] 
2014-07-08T03:51:42.513+0000: 2841.145: [GC [PSYoungGen: 339316K->1200K(329728K)] 743507K->405579K(1016704K), 0.0097710 secs] [Times: user=0.03 sys=0.00, real=0.01 secs] 
2014-07-08T03:51:43.861+0000: 2842.493: [GC [PSYoungGen: 329712K->1232K(320640K)] 734091K->405667K(1007616K), 0.0060170 secs] [Times: user=0.02 sys=0.00, real=0.00 secs] 
2014-07-08T03:51:45.171+0000: 2843.803: [GC [PSYoungGen: 320554K->1018K(311552K)] 724989K->405847K(998528K), 0.0057780 secs] [Times: user=0.02 sys=0.00, real=0.00 secs] 
2014-07-08T03:51:46.476+0000: 2845.107: [GC [PSYoungGen: 311519K->1460K(303552K)] 716348K->406369K(990528K), 0.0064100 secs] [Times: user=0.02 sys=0.00, real=0.01 secs] 
2014-07-08T03:51:47.642+0000: 2846.274: [GC [PSYoungGen: 303540K->1022K(294976K)] 708449K->406408K(981952K), 0.0078880 secs] [Times: user=0.01 sys=0.00, real=0.01 secs] 
2014-07-08T03:51:48.847+0000: 2847.478: [GC [PSYoungGen: 294974K->1438K(287616K)] 700360K->406896K(974592K), 0.0052090 secs] [Times: user=0.01 sys=0.00, real=0.01 secs] 
2014-07-08T03:51:50.166+0000: 2848.797: [GC [PSYoungGen: 287582K->1146K(279808K)] 693040K->407014K(966784K), 0.0074010 secs] [Times: user=0.02 sys=0.00, real=0.01 secs] 
2014-07-08T03:51:51.444+0000: 2850.075: [GC [PSYoungGen: 279802K->1790K(273216K)] 685670K->407860K(960192K), 0.0186690 secs] [Times: user=0.06 sys=0.00, real=0.02 secs] 
2014-07-08T03:51:52.630+0000: 2851.262: [GC [PSYoungGen: 273214K->684K(326464K)] 679284K->407554K(1013440K), 0.0315510 secs] [Times: user=0.11 sys=0.00, real=0.04 secs] 
2014-07-08T03:51:53.935+0000: 2852.566: [GC [PSYoungGen: 326405K->1358K(392320K)] 733275K->408285K(1079296K), 0.0079010 secs] [Times: user=0.01 sys=0.00, real=0.01 secs] 
2014-07-08T03:51:55.660+0000: 2854.291: [GC [PSYoungGen: 392268K->1172K(380352K)] 799195K->408458K(1067328K), 0.0077750 secs] [Times: user=0.02 sys=0.00, real=0.01 secs] 
2014-07-08T03:51:57.144+0000: 2855.776: [GC [PSYoungGen: 380308K->1612K(456640K)] 787594K->409059K(1143616K), 0.0218690 secs] [Times: user=0.08 sys=0.00, real=0.02 secs] 
2014-07-08T03:51:58.998+0000: 2857.630: [GC [PSYoungGen: 456588K->1018K(441536K)] 864035K->408759K(1128512K), 0.0053190 secs] [Times: user=0.02 sys=0.00, real=0.01 secs] 
2014-07-08T03:52:00.914+0000: 2859.546: [GC [PSYoungGen: 441530K->1254K(427904K)] 849271K->409099K(1114880K), 0.0201420 secs] [Times: user=0.08 sys=0.00, real=0.02 secs] 
2014-07-08T03:52:02.650+0000: 2861.281: [GC [PSYoungGen: 427878K->1012K(414400K)] 835723K->409027K(1101376K), 0.0053090 secs] [Times: user=0.02 sys=0.00, real=0.01 secs] 
2014-07-08T03:52:04.337+0000: 2862.969: [GC [PSYoungGen: 414366K->1325K(402048K)] 822380K->409412K(1089024K), 0.0161910 secs] [Times: user=0.04 sys=0.00, real=0.02 secs] 
2014-07-08T03:52:05.885+0000: 2864.516: [GC [PSYoungGen: 402029K->1108K(389696K)] 810116K->409275K(1076672K), 0.0050890 secs] [Times: user=0.02 sys=0.00, real=0.00 secs] 
2014-07-08T03:52:07.604+0000: 2866.235: [GC [PSYoungGen: 389652K->1332K(467648K)] 797819K->409659K(1154624K), 0.0408320 secs] [Times: user=0.15 sys=0.00, real=0.04 secs] 
2014-07-08T03:52:09.584+0000: 2868.216: [GC [PSYoungGen: 467636K->1204K(560832K)] 875963K->409699K(1247808K), 0.0295110 secs] [Times: user=0.10 sys=0.00, real=0.02 secs] 
2014-07-08T03:52:11.837+0000: 2870.468: [GC [PSYoungGen: 560820K->1140K(672704K)] 969314K->409763K(1359680K), 0.0139770 secs] [Times: user=0.05 sys=0.01, real=0.01 secs] 
2014-07-08T03:52:14.724+0000: 2873.355: [GC [PSYoungGen: 672692K->1261K(807168K)] 1081315K->409980K(1494144K), 0.0269110 secs] [Times: user=0.10 sys=0.00, real=0.03 secs] 
2014-07-08T03:52:18.119+0000: 2876.750: [GC [PSYoungGen: 807131K->1236K(776640K)] 1215850K->410099K(1463616K), 0.0058240 secs] [Times: user=0.02 sys=0.00, real=0.00 secs] 
2014-07-08T03:52:21.463+0000: 2880.095: [GC [PSYoungGen: 776596K->944K(747264K)] 1185459K->410259K(1434240K), 0.0355160 secs] [Times: user=0.13 sys=0.00, real=0.04 secs] 
2014-07-08T03:52:24.791+0000: 2883.422: [GC [PSYoungGen: 747248K->1492K(720128K)] 1156563K->410967K(1407104K), 0.0111070 secs] [Times: user=0.03 sys=0.00, real=0.01 secs] 
2014-07-08T03:52:27.919+0000: 2886.551: [GC [PSYoungGen: 720056K->1008K(693184K)] 1129530K->411039K(1380160K), 0.0045830 secs] [Times: user=0.01 sys=0.00, real=0.00 secs] 
2014-07-08T03:52:31.070+0000: 2889.701: [GC [PSYoungGen: 693153K->1425K(668416K)] 1103184K->411664K(1355392K), 0.0048300 secs] [Times: user=0.02 sys=0.01, real=0.00 secs] 
2014-07-08T03:52:34.038+0000: 2892.670: [GC [PSYoungGen: 668369K->1076K(644032K)] 1078608K->411597K(1331008K), 0.0224030 secs] [Times: user=0.08 sys=0.00, real=0.02 secs] 
2014-07-08T03:52:36.953+0000: 2895.585: [GC [PSYoungGen: 644020K->1336K(621376K)] 1054541K->411945K(1308352K), 0.0402270 secs] [Times: user=0.14 sys=0.00, real=0.04 secs] 
2014-07-08T03:52:39.718+0000: 2898.350: [GC [PSYoungGen: 621368K->1214K(599360K)] 1031977K->412129K(1286336K), 0.0138680 secs] [Times: user=0.04 sys=0.00, real=0.01 secs] 
2014-07-08T03:52:42.470+0000: 2901.102: [GC [PSYoungGen: 599358K->1783K(579072K)] 1010273K->412908K(1266048K), 0.0198510 secs] [Times: user=0.07 sys=0.00, real=0.02 secs] 
2014-07-08T03:52:45.108+0000: 2903.739: [GC [PSYoungGen: 579063K->624K(558016K)] 990188K->412509K(1244992K), 0.0068170 secs] [Times: user=0.01 sys=0.00, real=0.01 secs] 
2014-07-08T03:52:47.726+0000: 2906.358: [GC [PSYoungGen: 558000K->1368K(539776K)] 969885K->413317K(1226752K), 0.0084050 secs] [Times: user=0.02 sys=0.00, real=0.01 secs] 
2014-07-08T03:52:50.294+0000: 2908.926: [GC [PSYoungGen: 539708K->1669K(521920K)] 951658K->414055K(1208896K), 0.0081100 secs] [Times: user=0.02 sys=0.00, real=0.01 secs] 
2014-07-08T03:52:52.715+0000: 2911.346: [GC [PSYoungGen: 521861K->1314K(504192K)] 934247K->413788K(1191168K), 0.0067210 secs] [Times: user=0.02 sys=0.00, real=0.01 secs] 
2014-07-08T03:52:55.072+0000: 2913.703: [GC [PSYoungGen: 504130K->677K(486976K)] 916604K->413843K(1173952K), 0.0053020 secs] [Times: user=0.01 sys=0.00, real=0.00 secs] 
2014-07-08T03:52:57.374+0000: 2916.006: [GC [PSYoungGen: 486920K->1781K(472192K)] 900086K->415034K(1159168K), 0.0073000 secs] [Times: user=0.02 sys=0.00, real=0.01 secs] 
2014-07-08T03:52:59.620+0000: 2918.251: [GC [PSYoungGen: 472181K->1146K(456384K)] 885434K->415452K(1143360K), 0.0092350 secs] [Times: user=0.03 sys=0.00, real=0.01 secs] 
2014-07-08T03:53:01.766+0000: 2920.398: [GC [PSYoungGen: 456376K->1176K(441920K)] 870682K->415562K(1128896K), 0.0107900 secs] [Times: user=0.01 sys=0.01, real=0.01 secs] 
2014-07-08T03:53:03.799+0000: 2922.431: [GC [PSYoungGen: 441880K->1012K(427840K)] 856266K->415658K(1114816K), 0.0209100 secs] [Times: user=0.07 sys=0.00, real=0.02 secs] 
2014-07-08T03:53:05.823+0000: 2924.455: [GC [PSYoungGen: 427828K->1108K(414720K)] 842474K->415802K(1101696K), 0.0213040 secs] [Times: user=0.07 sys=0.00, real=0.02 secs] 
2014-07-08T03:53:07.767+0000: 2926.398: [GC [PSYoungGen: 414676K->1044K(401920K)] 829370K->415858K(1088896K), 0.0056480 secs] [Times: user=0.02 sys=0.00, real=0.01 secs] 
2014-07-08T03:53:09.608+0000: 2928.240: [GC [PSYoungGen: 401848K->1076K(389760K)] 816662K->415970K(1076736K), 0.0047110 secs] [Times: user=0.01 sys=0.00, real=0.01 secs] 
2014-07-08T03:53:11.466+0000: 2930.097: [GC [PSYoungGen: 389746K->1261K(378304K)] 804640K->416267K(1065280K), 0.0382310 secs] [Times: user=0.14 sys=0.00, real=0.04 secs] 
2014-07-08T03:53:13.231+0000: 2931.862: [GC [PSYoungGen: 378285K->1204K(453696K)] 793291K->416298K(1140672K), 0.0266080 secs] [Times: user=0.09 sys=0.00, real=0.03 secs] 
2014-07-08T03:53:15.395+0000: 2934.026: [GC [PSYoungGen: 453684K->1328K(544320K)] 868778K->416478K(1231296K), 0.0329090 secs] [Times: user=0.12 sys=0.00, real=0.03 secs] 
2014-07-08T03:53:17.923+0000: 2936.555: [GC [PSYoungGen: 544299K->1108K(525760K)] 959449K->416434K(1212736K), 0.0046370 secs] [Times: user=0.01 sys=0.00, real=0.01 secs] 
2014-07-08T03:53:20.410+0000: 2939.042: [GC [PSYoungGen: 525667K->1254K(630848K)] 940993K->416724K(1317824K), 0.0353490 secs] [Times: user=0.13 sys=0.00, real=0.04 secs] 
2014-07-08T03:53:23.395+0000: 2942.027: [GC [PSYoungGen: 630820K->1439K(756992K)] 1046290K->417021K(1443968K), 0.0325270 secs] [Times: user=0.10 sys=0.00, real=0.03 secs] 
2014-07-08T03:53:26.966+0000: 2945.597: [GC [PSYoungGen: 756959K->1008K(728384K)] 1172541K->416890K(1415360K), 0.0064440 secs] [Times: user=0.02 sys=0.00, real=0.00 secs] 
2014-07-08T03:53:30.383+0000: 2949.014: [GC [PSYoungGen: 728307K->1468K(702016K)] 1144188K->417582K(1388992K), 0.0085920 secs] [Times: user=0.01 sys=0.00, real=0.01 secs] 
2014-07-08T03:53:33.654+0000: 2952.286: [GC [PSYoungGen: 701968K->1115K(676096K)] 1118082K->417521K(1363072K), 0.0242560 secs] [Times: user=0.10 sys=0.00, real=0.03 secs] 
2014-07-08T03:53:36.845+0000: 2955.477: [GC [PSYoungGen: 676059K->1172K(651776K)] 1092465K->417642K(1338752K), 0.0102130 secs] [Times: user=0.02 sys=0.00, real=0.01 secs] 
2014-07-08T03:53:39.883+0000: 2958.515: [GC [PSYoungGen: 651731K->1364K(628672K)] 1068201K->418050K(1315648K), 0.0062280 secs] [Times: user=0.02 sys=0.00, real=0.01 secs] 
2014-07-08T03:53:42.802+0000: 2961.433: [GC [PSYoungGen: 628628K->1204K(606272K)] 1045314K->418034K(1293248K), 0.0327130 secs] [Times: user=0.12 sys=0.00, real=0.03 secs] 
2014-07-08T03:53:45.639+0000: 2964.271: [GC [PSYoungGen: 606260K->1018K(584896K)] 1023090K->418294K(1271872K), 0.0300540 secs] [Times: user=0.11 sys=0.00, real=0.03 secs] 
2014-07-08T03:53:48.363+0000: 2966.994: [GC [PSYoungGen: 584890K->1286K(564992K)] 1002166K->418698K(1251968K), 0.0076580 secs] [Times: user=0.02 sys=0.00, real=0.01 secs] 
2014-07-08T03:53:51.005+0000: 2969.636: [GC [PSYoungGen: 564934K->1076K(545408K)] 982346K->418746K(1232384K), 0.0058290 secs] [Times: user=0.01 sys=0.00, real=0.01 secs] 
2014-07-08T03:53:53.595+0000: 2972.227: [GC [PSYoungGen: 545396K->1140K(527040K)] 963066K->418978K(1214016K), 0.0056820 secs] [Times: user=0.01 sys=0.00, real=0.01 secs] 
2014-07-08T03:53:56.069+0000: 2974.700: [GC [PSYoungGen: 527017K->1264K(509568K)] 944855K->419256K(1196544K), 0.0253510 secs] [Times: user=0.09 sys=0.00, real=0.03 secs] 
2014-07-08T03:53:58.459+0000: 2977.090: [GC [PSYoungGen: 509552K->1332K(492800K)] 927544K->419492K(1179776K), 0.0278490 secs] [Times: user=0.10 sys=0.00, real=0.03 secs] 
2014-07-08T03:54:00.744+0000: 2979.375: [GC [PSYoungGen: 492788K->879K(476288K)] 910948K->419737K(1163264K), 0.0144600 secs] [Times: user=0.04 sys=0.01, real=0.01 secs] 
2014-07-08T03:54:02.985+0000: 2981.617: [GC [PSYoungGen: 476271K->1308K(461376K)] 895129K->420262K(1148352K), 0.0086530 secs] [Times: user=0.02 sys=0.00, real=0.01 secs] 
2014-07-08T03:54:05.166+0000: 2983.797: [GC [PSYoungGen: 461340K->1140K(446464K)] 880294K->420486K(1133440K), 0.0130090 secs] [Times: user=0.04 sys=0.00, real=0.01 secs] 
2014-07-08T03:54:07.213+0000: 2985.844: [GC [PSYoungGen: 446452K->1456K(432704K)] 865798K->420882K(1119680K), 0.0088910 secs] [Times: user=0.02 sys=0.00, real=0.01 secs] 
2014-07-08T03:54:09.245+0000: 2987.877: [GC [PSYoungGen: 432688K->866K(418688K)] 852114K->420694K(1105664K), 0.0340280 secs] [Times: user=0.12 sys=0.00, real=0.03 secs] 
2014-07-08T03:54:11.245+0000: 2989.877: [GC [PSYoungGen: 418654K->1304K(406272K)] 838483K->421228K(1093248K), 0.0260050 secs] [Times: user=0.07 sys=0.00, real=0.02 secs] 
2014-07-08T03:54:13.144+0000: 2991.776: [GC [PSYoungGen: 406231K->1190K(487168K)] 826155K->421324K(1174144K), 0.0354230 secs] [Times: user=0.13 sys=0.00, real=0.03 secs] 
2014-07-08T03:54:15.405+0000: 2994.037: [GC [PSYoungGen: 487128K->1044K(471168K)] 907262K->421266K(1158144K), 0.0064420 secs] [Times: user=0.02 sys=0.00, real=0.00 secs] 
2014-07-08T03:54:17.629+0000: 2996.260: [GC [PSYoungGen: 471124K->1076K(565184K)] 891346K->421426K(1252160K), 0.0297530 secs] [Times: user=0.10 sys=0.00, real=0.03 secs] 
2014-07-08T03:54:20.288+0000: 2998.920: [GC [PSYoungGen: 565172K->1424K(678400K)] 985522K->421942K(1365376K), 0.0272600 secs] [Times: user=0.10 sys=0.00, real=0.03 secs] 
2014-07-08T03:54:23.467+0000: 3002.099: [GC [PSYoungGen: 678352K->816K(813184K)] 1098870K->422046K(1500160K), 0.0366970 secs] [Times: user=0.12 sys=0.00, real=0.04 secs] 
2014-07-08T03:54:27.336+0000: 3005.967: [GC [PSYoungGen: 813168K->1570K(783168K)] 1234398K->422881K(1470144K), 0.0072800 secs] [Times: user=0.02 sys=0.00, real=0.00 secs] 
2014-07-08T03:54:31.061+0000: 3009.693: [GC [PSYoungGen: 783131K->1058K(753280K)] 1204441K->422854K(1440256K), 0.0318420 secs] [Times: user=0.11 sys=0.00, real=0.03 secs] 
2014-07-08T03:54:34.584+0000: 3013.215: [GC [PSYoungGen: 753250K->1044K(725312K)] 1175046K->422992K(1412288K), 0.0066560 secs] [Times: user=0.01 sys=0.00, real=0.01 secs] 
2014-07-08T03:54:37.989+0000: 3016.620: [GC [PSYoungGen: 725268K->1392K(698944K)] 1147216K->423445K(1385920K), 0.0064410 secs] [Times: user=0.01 sys=0.01, real=0.00 secs] 
2014-07-08T03:54:41.250+0000: 3019.881: [GC [PSYoungGen: 698928K->1172K(673344K)] 1120981K->423488K(1360320K), 0.0299050 secs] [Times: user=0.10 sys=0.01, real=0.03 secs] 
2014-07-08T03:54:44.395+0000: 3023.027: [GC [PSYoungGen: 673300K->994K(648896K)] 1095616K->423464K(1335872K), 0.0260200 secs] [Times: user=0.09 sys=0.00, real=0.03 secs] 
2014-07-08T03:54:47.440+0000: 3026.071: [GC [PSYoungGen: 648866K->1680K(626432K)] 1071336K->424295K(1313408K), 0.0419280 secs] [Times: user=0.16 sys=0.00, real=0.04 secs] 
2014-07-08T03:54:50.353+0000: 3028.985: [GC [PSYoungGen: 626341K->880K(603520K)] 1048956K->423971K(1290496K), 0.0051430 secs] [Times: user=0.02 sys=0.01, real=0.01 secs] 
2014-07-08T03:54:53.155+0000: 3031.787: [GC [PSYoungGen: 603504K->1358K(582976K)] 1026595K->424529K(1269952K), 0.0063180 secs] [Times: user=0.01 sys=0.00, real=0.01 secs] 
2014-07-08T03:54:55.894+0000: 3034.526: [GC [PSYoungGen: 582926K->1442K(562944K)] 1006097K->424923K(1249920K), 0.0371840 secs] [Times: user=0.13 sys=0.00, real=0.04 secs] 
2014-07-08T03:54:58.534+0000: 3037.165: [GC [PSYoungGen: 562914K->1325K(543616K)] 986395K->424998K(1230592K), 0.0045010 secs] [Times: user=0.01 sys=0.00, real=0.00 secs] 
2014-07-08T03:55:01.052+0000: 3039.683: [GC [PSYoungGen: 543597K->1044K(524992K)] 967270K->424925K(1211968K), 0.0316490 secs] [Times: user=0.11 sys=0.00, real=0.03 secs] 
2014-07-08T03:55:03.511+0000: 3042.143: [GC [PSYoungGen: 524945K->1410K(507840K)] 948826K->425355K(1194816K), 0.0060580 secs] [Times: user=0.02 sys=0.00, real=0.00 secs] 
2014-07-08T03:55:05.826+0000: 3044.457: [GC [PSYoungGen: 507778K->1206K(490816K)] 931723K->425477K(1177792K), 0.0065400 secs] [Times: user=0.02 sys=0.00, real=0.01 secs] 
2014-07-08T03:55:08.097+0000: 3046.728: [GC [PSYoungGen: 490789K->1190K(474816K)] 915060K->425581K(1161792K), 0.0110410 secs] [Times: user=0.03 sys=0.00, real=0.01 secs] 
2014-07-08T03:55:10.339+0000: 3048.970: [GC [PSYoungGen: 474767K->1331K(459648K)] 899158K->426140K(1146624K), 0.0076100 secs] [Times: user=0.02 sys=0.00, real=0.01 secs] 
2014-07-08T03:55:12.486+0000: 3051.118: [GC [PSYoungGen: 459596K->1506K(445184K)] 884405K->426419K(1132160K), 0.0278210 secs] [Times: user=0.10 sys=0.00, real=0.03 secs] 
2014-07-08T03:55:14.605+0000: 3053.237: [GC [PSYoungGen: 445154K->1128K(430784K)] 870067K->426425K(1117760K), 0.0112370 secs] [Times: user=0.04 sys=0.00, real=0.01 secs] 
2014-07-08T03:55:16.661+0000: 3055.292: [GC [PSYoungGen: 430760K->1890K(418176K)] 856057K->427276K(1105152K), 0.0059790 secs] [Times: user=0.01 sys=0.00, real=0.01 secs] 
2014-07-08T03:55:18.564+0000: 3057.196: [GC [PSYoungGen: 418146K->829K(404288K)] 843532K->427392K(1091264K), 0.0187020 secs] [Times: user=0.07 sys=0.00, real=0.02 secs] 
2014-07-08T03:55:20.476+0000: 3059.108: [GC [PSYoungGen: 404277K->1400K(392576K)] 830840K->428043K(1079552K), 0.0089190 secs] [Times: user=0.01 sys=0.01, real=0.01 secs] 
2014-07-08T03:55:22.342+0000: 3060.973: [GC [PSYoungGen: 392568K->1172K(380608K)] 819211K->428083K(1067584K), 0.0077530 secs] [Times: user=0.02 sys=0.00, real=0.01 secs] 
2014-07-08T03:55:24.128+0000: 3062.760: [GC [PSYoungGen: 380564K->1044K(369216K)] 807475K->428075K(1056192K), 0.0063720 secs] [Times: user=0.01 sys=0.00, real=0.01 secs] 
2014-07-08T03:55:25.857+0000: 3064.489: [GC [PSYoungGen: 369156K->1126K(358464K)] 796187K->428205K(1045440K), 0.0062570 secs] [Times: user=0.02 sys=0.01, real=0.01 secs] 
2014-07-08T03:55:27.544+0000: 3066.176: [GC [PSYoungGen: 358438K->1236K(348224K)] 785517K->428443K(1035200K), 0.0126050 secs] [Times: user=0.04 sys=0.00, real=0.01 secs] 
2014-07-08T03:55:29.145+0000: 3067.777: [GC [PSYoungGen: 348180K->1044K(338112K)] 775387K->428427K(1025088K), 0.0304910 secs] [Times: user=0.12 sys=0.00, real=0.03 secs] 
2014-07-08T03:55:30.730+0000: 3069.362: [GC [PSYoungGen: 338068K->1332K(328832K)] 765451K->428787K(1015808K), 0.0222910 secs] [Times: user=0.07 sys=0.00, real=0.02 secs] 
2014-07-08T03:55:32.288+0000: 3070.920: [GC [PSYoungGen: 328786K->1360K(319744K)] 756241K->428919K(1006720K), 0.0061270 secs] [Times: user=0.01 sys=0.01, real=0.01 secs] 
2014-07-08T03:55:33.790+0000: 3072.421: [GC [PSYoungGen: 319696K->1172K(310784K)] 747255K->428811K(997760K), 0.0061290 secs] [Times: user=0.02 sys=0.00, real=0.01 secs] 
2014-07-08T03:55:35.225+0000: 3073.856: [GC [PSYoungGen: 310728K->1176K(302400K)] 738367K->428911K(989376K), 0.0057990 secs] [Times: user=0.01 sys=0.00, real=0.00 secs] 
2014-07-08T03:55:36.714+0000: 3075.345: [GC [PSYoungGen: 302360K->1616K(363136K)] 730095K->429455K(1050112K), 0.0348970 secs] [Times: user=0.13 sys=0.00, real=0.04 secs] 
2014-07-08T03:55:38.335+0000: 3076.966: [GC [PSYoungGen: 363088K->994K(352000K)] 790927K->429083K(1038976K), 0.0055080 secs] [Times: user=0.02 sys=0.00, real=0.00 secs] 
2014-07-08T03:55:39.993+0000: 3078.624: [GC [PSYoungGen: 351936K->1265K(342144K)] 780025K->429442K(1029120K), 0.0051230 secs] [Times: user=0.01 sys=0.00, real=0.01 secs] 
2014-07-08T03:55:41.576+0000: 3080.207: [GC [PSYoungGen: 342129K->1012K(332224K)] 770306K->429335K(1019200K), 0.0046780 secs] [Times: user=0.01 sys=0.00, real=0.01 secs] 
2014-07-08T03:55:43.113+0000: 3081.745: [GC [PSYoungGen: 332212K->1158K(323136K)] 760535K->429545K(1010112K), 0.0107040 secs] [Times: user=0.03 sys=0.00, real=0.01 secs] 
2014-07-08T03:55:44.632+0000: 3083.264: [GC [PSYoungGen: 323078K->1076K(314112K)] 751465K->429551K(1001088K), 0.0077870 secs] [Times: user=0.02 sys=0.00, real=0.01 secs] 
2014-07-08T03:55:46.090+0000: 3084.721: [GC [PSYoungGen: 314100K->1279K(305728K)] 742575K->429802K(992704K), 0.0077980 secs] [Times: user=0.01 sys=0.00, real=0.01 secs] 
2014-07-08T03:55:47.535+0000: 3086.166: [GC [PSYoungGen: 305727K->1268K(297536K)] 734250K->429927K(984512K), 0.0145620 secs] [Times: user=0.05 sys=0.00, real=0.02 secs] 
2014-07-08T03:55:48.887+0000: 3087.519: [GC [PSYoungGen: 297512K->1094K(289536K)] 726171K->429881K(976512K), 0.0199910 secs] [Times: user=0.07 sys=0.00, real=0.02 secs] 
2014-07-08T03:55:50.244+0000: 3088.875: [GC [PSYoungGen: 289478K->1044K(347200K)] 718265K->429987K(1034176K), 0.0259180 secs] [Times: user=0.09 sys=0.00, real=0.03 secs] 
2014-07-08T03:55:51.919+0000: 3090.550: [GC [PSYoungGen: 347093K->1393K(337664K)] 776036K->430384K(1024640K), 0.0055010 secs] [Times: user=0.02 sys=0.00, real=0.00 secs] 
2014-07-08T03:55:53.464+0000: 3092.096: [GC [PSYoungGen: 337649K->1018K(327808K)] 766640K->430327K(1014784K), 0.0086340 secs] [Times: user=0.03 sys=0.00, real=0.01 secs] 
2014-07-08T03:55:54.998+0000: 3093.630: [GC [PSYoungGen: 327802K->1062K(318784K)] 757111K->430411K(1005760K), 0.0191060 secs] [Times: user=0.07 sys=0.00, real=0.01 secs] 
2014-07-08T03:55:56.498+0000: 3095.129: [GC [PSYoungGen: 318748K->1236K(382528K)] 748097K->430689K(1069504K), 0.0262550 secs] [Times: user=0.10 sys=0.00, real=0.03 secs] 
2014-07-08T03:55:58.298+0000: 3096.929: [GC [PSYoungGen: 382484K->1322K(371264K)] 811937K->430879K(1058240K), 0.0095410 secs] [Times: user=0.02 sys=0.00, real=0.00 secs] 
2014-07-08T03:56:00.033+0000: 3098.664: [GC [PSYoungGen: 371242K->752K(359808K)] 800799K->430697K(1046784K), 0.0049540 secs] [Times: user=0.02 sys=0.00, real=0.00 secs] 
2014-07-08T03:56:01.707+0000: 3100.339: [GC [PSYoungGen: 359792K->1176K(349824K)] 789737K->431185K(1036800K), 0.0202280 secs] [Times: user=0.08 sys=0.00, real=0.02 secs] 
2014-07-08T03:56:03.337+0000: 3101.968: [GC [PSYoungGen: 349784K->1226K(339904K)] 779793K->431431K(1026880K), 0.0075410 secs] [Times: user=0.01 sys=0.00, real=0.01 secs] 
2014-07-08T03:56:04.898+0000: 3103.529: [GC [PSYoungGen: 339848K->1211K(330240K)] 770053K->431464K(1017216K), 0.0077320 secs] [Times: user=0.02 sys=0.01, real=0.01 secs] 
2014-07-08T03:56:06.485+0000: 3105.116: [GC [PSYoungGen: 330217K->752K(395648K)] 760470K->431497K(1082624K), 0.0333150 secs] [Times: user=0.12 sys=0.00, real=0.03 secs] 
2014-07-08T03:56:08.342+0000: 3106.974: [GC [PSYoungGen: 395632K->1272K(475136K)] 826377K->432097K(1162112K), 0.0276080 secs] [Times: user=0.10 sys=0.00, real=0.03 secs] 
2014-07-08T03:56:10.582+0000: 3109.213: [GC [PSYoungGen: 475092K->1061K(569728K)] 905918K->432790K(1256704K), 0.0159190 secs] [Times: user=0.06 sys=0.00, real=0.01 secs] 
2014-07-08T03:56:13.216+0000: 3111.848: [GC [PSYoungGen: 569701K->1542K(683968K)] 1001430K->433344K(1370944K), 0.0345000 secs] [Times: user=0.11 sys=0.00, real=0.03 secs] 
2014-07-08T03:56:16.380+0000: 3115.011: [GC [PSYoungGen: 683910K->805K(819712K)] 1115712K->433453K(1506688K), 0.0225120 secs] [Times: user=0.08 sys=0.00, real=0.03 secs] 
2014-07-08T03:56:20.239+0000: 3118.870: [GC [PSYoungGen: 819683K->1826K(789632K)] 1252331K->434684K(1476608K), 0.0199030 secs] [Times: user=0.07 sys=0.00, real=0.02 secs] 
2014-07-08T03:56:23.922+0000: 3122.553: [GC [PSYoungGen: 789586K->1068K(759232K)] 1222443K->434706K(1446208K), 0.0066850 secs] [Times: user=0.02 sys=0.00, real=0.01 secs] 
2014-07-08T03:56:27.512+0000: 3126.143: [GC [PSYoungGen: 759212K->1698K(731584K)] 1192850K->435504K(1418560K), 0.0082560 secs] [Times: user=0.02 sys=0.00, real=0.01 secs] 
2014-07-08T03:56:30.871+0000: 3129.502: [GC [PSYoungGen: 731554K->1140K(704064K)] 1165360K->435252K(1391040K), 0.0049050 secs] [Times: user=0.01 sys=0.00, real=0.01 secs] 
2014-07-08T03:56:34.174+0000: 3132.806: [GC [PSYoungGen: 704052K->1296K(678592K)] 1138164K->435592K(1365568K), 0.0157990 secs] [Times: user=0.06 sys=0.00, real=0.01 secs] 
2014-07-08T03:56:37.335+0000: 3135.967: [GC [PSYoungGen: 678498K->1360K(654144K)] 1112794K->435760K(1341120K), 0.0084790 secs] [Times: user=0.01 sys=0.00, real=0.00 secs] 
2014-07-08T03:56:40.391+0000: 3139.023: [GC [PSYoungGen: 654096K->1108K(630528K)] 1088496K->435740K(1317504K), 0.0213040 secs] [Times: user=0.08 sys=0.00, real=0.02 secs] 
2014-07-08T03:56:43.373+0000: 3142.004: [GC [PSYoungGen: 630484K->1172K(608320K)] 1065116K->435932K(1295296K), 0.0221040 secs] [Times: user=0.07 sys=0.00, real=0.03 secs] 
2014-07-08T03:56:46.211+0000: 3144.842: [GC [PSYoungGen: 608276K->1296K(587200K)] 1043036K->436192K(1274176K), 0.0247000 secs] [Times: user=0.09 sys=0.00, real=0.02 secs] 
2014-07-08T03:56:48.987+0000: 3147.619: [GC [PSYoungGen: 587152K->1236K(566848K)] 1022048K->436292K(1253824K), 0.0164960 secs] [Times: user=0.06 sys=0.00, real=0.01 secs] 
2014-07-08T03:56:51.640+0000: 3150.272: [GC [PSYoungGen: 566804K->1044K(547264K)] 1001860K->436340K(1234240K), 0.0054710 secs] [Times: user=0.02 sys=0.00, real=0.00 secs] 
2014-07-08T03:56:54.234+0000: 3152.866: [GC [PSYoungGen: 547208K->1140K(528832K)] 982504K->436540K(1215808K), 0.0211010 secs] [Times: user=0.08 sys=0.00, real=0.02 secs] 
2014-07-08T03:56:56.758+0000: 3155.390: [GC [PSYoungGen: 528820K->1296K(511360K)] 964220K->436768K(1198336K), 0.0123170 secs] [Times: user=0.05 sys=0.00, real=0.01 secs] 
2014-07-08T03:56:59.182+0000: 3157.813: [GC [PSYoungGen: 511281K->1179K(494336K)] 946753K->436867K(1181312K), 0.0045960 secs] [Times: user=0.02 sys=0.00, real=0.00 secs] 
2014-07-08T03:57:01.477+0000: 3160.108: [GC [PSYoungGen: 494270K->1076K(478016K)] 929957K->436892K(1164992K), 0.0209730 secs] [Times: user=0.08 sys=0.00, real=0.02 secs] 
2014-07-08T03:57:03.706+0000: 3162.338: [GC [PSYoungGen: 478004K->1108K(462656K)] 913820K->437004K(1149632K), 0.0072100 secs] [Times: user=0.02 sys=0.00, real=0.01 secs] 
2014-07-08T03:57:05.882+0000: 3164.514: [GC [PSYoungGen: 462595K->1158K(447936K)] 898491K->437166K(1134912K), 0.0153580 secs] [Times: user=0.04 sys=0.00, real=0.01 secs] 
2014-07-08T03:57:07.975+0000: 3166.607: [GC [PSYoungGen: 447877K->1172K(433792K)] 883885K->437332K(1120768K), 0.0062500 secs] [Times: user=0.02 sys=0.00, real=0.01 secs] 
2014-07-08T03:57:10.025+0000: 3168.656: [GC [PSYoungGen: 433748K->1012K(420096K)] 869908K->437332K(1107072K), 0.0047600 secs] [Times: user=0.01 sys=0.00, real=0.01 secs] 
2014-07-08T03:57:12.004+0000: 3170.635: [GC [PSYoungGen: 420084K->1200K(407360K)] 856404K->437576K(1094336K), 0.0065650 secs] [Times: user=0.01 sys=0.00, real=0.01 secs] 
2014-07-08T03:57:13.925+0000: 3172.556: [GC [PSYoungGen: 407338K->1197K(394944K)] 843713K->437629K(1081920K), 0.0119490 secs] [Times: user=0.04 sys=0.00, real=0.01 secs] 
2014-07-08T03:57:15.772+0000: 3174.403: [GC [PSYoungGen: 394925K->954K(382848K)] 831357K->437736K(1069824K), 0.0110590 secs] [Times: user=0.03 sys=0.00, real=0.01 secs] 
2014-07-08T03:57:17.579+0000: 3176.210: [GC [PSYoungGen: 382842K->1190K(371712K)] 819624K->438076K(1058688K), 0.0271620 secs] [Times: user=0.10 sys=0.00, real=0.03 secs] 
2014-07-08T03:57:19.333+0000: 3177.965: [GC [PSYoungGen: 371686K->1188K(360832K)] 808572K->438564K(1047808K), 0.0144680 secs] [Times: user=0.04 sys=0.01, real=0.01 secs] 
2014-07-08T03:57:21.015+0000: 3179.646: [GC [PSYoungGen: 360804K->1176K(350400K)] 798180K->438632K(1037376K), 0.0072760 secs] [Times: user=0.01 sys=0.00, real=0.01 secs] 
2014-07-08T03:57:22.657+0000: 3181.289: [GC [PSYoungGen: 350323K->1062K(340288K)] 787779K->438738K(1027264K), 0.0041130 secs] [Times: user=0.02 sys=0.00, real=0.01 secs] 
2014-07-08T03:57:24.265+0000: 3182.896: [GC [PSYoungGen: 340248K->1162K(330816K)] 777924K->438878K(1017792K), 0.0068900 secs] [Times: user=0.01 sys=0.00, real=0.01 secs] 
2014-07-08T03:57:25.831+0000: 3184.462: [GC [PSYoungGen: 330745K->1204K(321600K)] 768461K->439018K(1008576K), 0.0061710 secs] [Times: user=0.01 sys=0.00, real=0.01 secs] 
2014-07-08T03:57:27.317+0000: 3185.948: [GC [PSYoungGen: 321588K->1204K(312768K)] 759402K->439186K(999744K), 0.0223380 secs] [Times: user=0.08 sys=0.00, real=0.02 secs] 
2014-07-08T03:57:28.776+0000: 3187.408: [GC [PSYoungGen: 312756K->802K(374720K)] 750738K->439275K(1061696K), 0.0294910 secs] [Times: user=0.11 sys=0.00, real=0.03 secs] 
2014-07-08T03:57:30.571+0000: 3189.203: [GC [PSYoungGen: 374643K->1425K(364352K)] 813116K->439970K(1051328K), 0.0053870 secs] [Times: user=0.01 sys=0.00, real=0.01 secs] 
2014-07-08T03:57:32.258+0000: 3190.890: [GC [PSYoungGen: 364296K->954K(353280K)] 802841K->440025K(1040256K), 0.0232440 secs] [Times: user=0.09 sys=0.00, real=0.02 secs] 
2014-07-08T03:57:33.935+0000: 3192.567: [GC [PSYoungGen: 353274K->1222K(424064K)] 792345K->440333K(1111040K), 0.0219490 secs] [Times: user=0.08 sys=0.00, real=0.02 secs] 
2014-07-08T03:57:35.949+0000: 3194.580: [GC [PSYoungGen: 423965K->1129K(508544K)] 863076K->440558K(1195520K), 0.0497750 secs] [Times: user=0.16 sys=0.00, real=0.05 secs] 
2014-07-08T03:57:38.342+0000: 3196.974: [GC [PSYoungGen: 508521K->1644K(610560K)] 947950K->441226K(1297536K), 0.0099260 secs] [Times: user=0.02 sys=0.00, real=0.01 secs] 
2014-07-08T03:57:41.183+0000: 3199.814: [GC [PSYoungGen: 610529K->574K(588096K)] 1050111K->440745K(1275072K), 0.0119460 secs] [Times: user=0.03 sys=0.00, real=0.02 secs] 
2014-07-08T03:57:43.959+0000: 3202.591: [GC [PSYoungGen: 588047K->1717K(706752K)] 1028218K->442011K(1393728K), 0.0405180 secs] [Times: user=0.15 sys=0.00, real=0.04 secs] 
2014-07-08T03:57:47.271+0000: 3205.902: [GC [PSYoungGen: 706729K->1300K(847424K)] 1147023K->442007K(1534400K), 0.0276240 secs] [Times: user=0.08 sys=0.00, real=0.03 secs] 
2014-07-08T03:57:51.261+0000: 3209.892: [GC [PSYoungGen: 847380K->1268K(814976K)] 1288087K->442223K(1501952K), 0.0082350 secs] [Times: user=0.02 sys=0.00, real=0.01 secs] 
2014-07-08T03:57:55.086+0000: 3213.718: [GC [PSYoungGen: 814903K->1140K(784000K)] 1255859K->442586K(1470976K), 0.0353940 secs] [Times: user=0.13 sys=0.00, real=0.03 secs] 
2014-07-08T03:57:58.746+0000: 3217.377: [GC [PSYoungGen: 783988K->1332K(754752K)] 1225434K->442946K(1441728K), 0.0071790 secs] [Times: user=0.02 sys=0.00, real=0.01 secs] 
2014-07-08T03:58:02.272+0000: 3220.903: [GC [PSYoungGen: 754740K->1389K(726784K)] 1196354K->443290K(1413760K), 0.0303490 secs] [Times: user=0.11 sys=0.00, real=0.03 secs] 
2014-07-08T03:58:05.717+0000: 3224.348: [GC [PSYoungGen: 726765K->1332K(699968K)] 1168666K->443322K(1386944K), 0.0367760 secs] [Times: user=0.13 sys=0.00, real=0.04 secs] 
2014-07-08T03:58:09.026+0000: 3227.658: [GC [PSYoungGen: 699915K->1122K(674304K)] 1141904K->443546K(1361280K), 0.0069730 secs] [Times: user=0.02 sys=0.00, real=0.01 secs] 
2014-07-08T03:58:12.126+0000: 3230.757: [GC [PSYoungGen: 674274K->1158K(650048K)] 1116698K->443790K(1337024K), 0.0058250 secs] [Times: user=0.01 sys=0.00, real=0.01 secs] 
2014-07-08T03:58:15.169+0000: 3233.800: [GC [PSYoungGen: 649990K->1268K(626944K)] 1092622K->444110K(1313920K), 0.0255920 secs] [Times: user=0.09 sys=0.00, real=0.02 secs] 
2014-07-08T03:58:18.118+0000: 3236.750: [GC [PSYoungGen: 626904K->1328K(604864K)] 1069746K->444330K(1291840K), 0.0184510 secs] [Times: user=0.06 sys=0.00, real=0.02 secs] 
2014-07-08T03:58:20.960+0000: 3239.592: [GC [PSYoungGen: 604835K->1150K(583552K)] 1047837K->444468K(1270528K), 0.0056330 secs] [Times: user=0.01 sys=0.00, real=0.00 secs] 
2014-07-08T03:58:23.835+0000: 3242.467: [GC [PSYoungGen: 583550K->1510K(563776K)] 1026867K->444972K(1250752K), 0.0270450 secs] [Times: user=0.09 sys=0.00, real=0.03 secs] 
2014-07-08T03:58:26.360+0000: 3244.992: [GC [PSYoungGen: 563723K->1058K(544064K)] 1007185K->444772K(1231040K), 0.0299830 secs] [Times: user=0.11 sys=0.00, real=0.03 secs] 
2014-07-08T03:58:28.912+0000: 3247.544: [GC [PSYoungGen: 544034K->1236K(525888K)] 987748K->445110K(1212864K), 0.0067830 secs] [Times: user=0.02 sys=0.00, real=0.00 secs] 
2014-07-08T03:58:31.397+0000: 3250.029: [GC [PSYoungGen: 525844K->1140K(508224K)] 969718K->445206K(1195200K), 0.0063140 secs] [Times: user=0.02 sys=0.01, real=0.01 secs] 
2014-07-08T03:58:33.869+0000: 3252.501: [GC [PSYoungGen: 508196K->1676K(492032K)] 952262K->445806K(1179008K), 0.0451540 secs] [Times: user=0.17 sys=0.00, real=0.05 secs] 
2014-07-08T03:58:36.121+0000: 3254.752: [GC [PSYoungGen: 491949K->738K(475008K)] 936079K->445376K(1161984K), 0.0067460 secs] [Times: user=0.01 sys=0.00, real=0.01 secs] 
2014-07-08T03:58:38.334+0000: 3256.966: [GC [PSYoungGen: 474978K->1506K(460416K)] 919616K->446240K(1147392K), 0.0302140 secs] [Times: user=0.12 sys=0.00, real=0.03 secs] 
2014-07-08T03:58:40.533+0000: 3259.165: [GC [PSYoungGen: 460386K->1467K(445696K)] 905120K->446557K(1132672K), 0.0074850 secs] [Times: user=0.03 sys=0.00, real=0.00 secs] 
2014-07-08T03:58:42.629+0000: 3261.260: [GC [PSYoungGen: 445691K->1392K(431616K)] 890781K->446658K(1118592K), 0.0329060 secs] [Times: user=0.13 sys=0.00, real=0.03 secs] 
2014-07-08T03:58:44.639+0000: 3263.270: [GC [PSYoungGen: 431600K->1129K(417920K)] 876866K->446583K(1104896K), 0.0090420 secs] [Times: user=0.03 sys=0.00, real=0.01 secs] 
2014-07-08T03:58:46.582+0000: 3265.214: [GC [PSYoungGen: 417836K->1642K(405568K)] 863290K->447184K(1092544K), 0.0063290 secs] [Times: user=0.01 sys=0.01, real=0.01 secs] 
2014-07-08T03:58:48.465+0000: 3267.096: [GC [PSYoungGen: 405514K->1060K(392704K)] 851056K->447155K(1079680K), 0.0225180 secs] [Times: user=0.08 sys=0.00, real=0.02 secs] 
2014-07-08T03:58:50.281+0000: 3268.912: [GC [PSYoungGen: 392676K->1510K(381376K)] 838771K->447692K(1068352K), 0.0276930 secs] [Times: user=0.09 sys=0.00, real=0.03 secs] 
2014-07-08T03:58:52.063+0000: 3270.695: [GC [PSYoungGen: 381350K->1296K(457152K)] 827532K->447780K(1144128K), 0.0379830 secs] [Times: user=0.12 sys=0.00, real=0.04 secs] 
2014-07-08T03:58:54.252+0000: 3272.884: [GC [PSYoungGen: 457104K->1314K(548352K)] 903588K->447902K(1235328K), 0.0209610 secs] [Times: user=0.07 sys=0.00, real=0.02 secs] 
2014-07-08T03:58:56.830+0000: 3275.461: [GC [PSYoungGen: 548273K->1190K(657664K)] 994861K->447858K(1344640K), 0.0136250 secs] [Times: user=0.05 sys=0.00, real=0.01 secs] 
2014-07-08T03:58:59.943+0000: 3278.575: [GC [PSYoungGen: 657638K->1172K(788992K)] 1104306K->448032K(1475968K), 0.0352210 secs] [Times: user=0.13 sys=0.00, real=0.04 secs] 
2014-07-08T03:59:03.659+0000: 3282.290: [GC [PSYoungGen: 788948K->1076K(759232K)] 1235808K->448104K(1446208K), 0.0065310 secs] [Times: user=0.02 sys=0.00, real=0.00 secs] 
2014-07-08T03:59:07.197+0000: 3285.828: [GC [PSYoungGen: 759179K->1503K(731392K)] 1206207K->448627K(1418368K), 0.0126750 secs] [Times: user=0.05 sys=0.00, real=0.01 secs] 
2014-07-08T03:59:10.675+0000: 3289.306: [GC [PSYoungGen: 731359K->1136K(704064K)] 1178483K->448876K(1391040K), 0.0096520 secs] [Times: user=0.02 sys=0.00, real=0.01 secs] 
2014-07-08T03:59:13.913+0000: 3292.545: [GC [PSYoungGen: 704003K->1076K(678336K)] 1151743K->448992K(1365312K), 0.0044660 secs] [Times: user=0.02 sys=0.00, real=0.00 secs] 
2014-07-08T03:59:17.103+0000: 3295.734: [GC [PSYoungGen: 678312K->1350K(654144K)] 1126229K->449386K(1341120K), 0.0062590 secs] [Times: user=0.02 sys=0.00, real=0.01 secs] 
2014-07-08T03:59:20.141+0000: 3298.772: [GC [PSYoungGen: 654056K->1367K(630784K)] 1102093K->449668K(1317760K), 0.0365820 secs] [Times: user=0.12 sys=0.00, real=0.03 secs] 
2014-07-08T03:59:23.113+0000: 3301.745: [GC [PSYoungGen: 630743K->1076K(608192K)] 1079044K->449552K(1295168K), 0.0457580 secs] [Times: user=0.16 sys=0.00, real=0.05 secs] 
2014-07-08T03:59:25.985+0000: 3304.616: [GC [PSYoungGen: 608180K->1222K(587136K)] 1056656K->449850K(1274112K), 0.0423530 secs] [Times: user=0.14 sys=0.00, real=0.04 secs] 
2014-07-08T03:59:28.758+0000: 3307.389: [GC [PSYoungGen: 587078K->1389K(566976K)] 1035706K->450209K(1253952K), 0.0059290 secs] [Times: user=0.02 sys=0.00, real=0.01 secs] 
2014-07-08T03:59:31.398+0000: 3310.030: [GC [PSYoungGen: 566957K->1140K(547328K)] 1015777K->450120K(1234304K), 0.0090270 secs] [Times: user=0.01 sys=0.00, real=0.01 secs] 
2014-07-08T03:59:33.992+0000: 3312.623: [GC [PSYoungGen: 547316K->1126K(528832K)] 996296K->450218K(1215808K), 0.0054160 secs] [Times: user=0.02 sys=0.00, real=0.00 secs] 
2014-07-08T03:59:36.469+0000: 3315.100: [GC [PSYoungGen: 528707K->1549K(511616K)] 977800K->450770K(1198592K), 0.0324080 secs] [Times: user=0.12 sys=0.00, real=0.03 secs] 
2014-07-08T03:59:38.845+0000: 3317.477: [GC [PSYoungGen: 511560K->994K(494144K)] 960780K->450546K(1181120K), 0.0182660 secs] [Times: user=0.07 sys=0.00, real=0.02 secs] 
2014-07-08T03:59:41.154+0000: 3319.786: [GC [PSYoungGen: 494114K->1108K(478080K)] 943666K->450772K(1165056K), 0.0062920 secs] [Times: user=0.02 sys=0.00, real=0.00 secs] 
2014-07-08T03:59:43.378+0000: 3322.009: [GC [PSYoungGen: 478022K->1236K(462784K)] 927687K->451060K(1149760K), 0.0226110 secs] [Times: user=0.08 sys=0.00, real=0.02 secs] 
2014-07-08T03:59:45.584+0000: 3324.216: [GC [PSYoungGen: 462702K->1414K(448192K)] 912526K->451342K(1135168K), 0.0191000 secs] [Times: user=0.07 sys=0.00, real=0.02 secs] 
2014-07-08T03:59:47.700+0000: 3326.331: [GC [PSYoungGen: 448109K->883K(433472K)] 898037K->451472K(1120448K), 0.0257160 secs] [Times: user=0.10 sys=0.00, real=0.03 secs] 
2014-07-08T03:59:49.738+0000: 3328.369: [GC [PSYoungGen: 433416K->1458K(520576K)] 884005K->452241K(1207552K), 0.0437450 secs] [Times: user=0.15 sys=0.00, real=0.04 secs] 
2014-07-08T03:59:52.182+0000: 3330.813: [GC [PSYoungGen: 520562K->1140K(624128K)] 971345K->452293K(1311104K), 0.0227210 secs] [Times: user=0.08 sys=0.00, real=0.03 secs] 
2014-07-08T03:59:55.090+0000: 3333.721: [GC [PSYoungGen: 624116K->1140K(602112K)] 1075269K->452389K(1289088K), 0.0130470 secs] [Times: user=0.05 sys=0.00, real=0.01 secs] 
2014-07-08T03:59:57.905+0000: 3336.536: [GC [PSYoungGen: 602097K->1343K(581312K)] 1053346K->452808K(1268288K), 0.0274340 secs] [Times: user=0.10 sys=0.00, real=0.03 secs] 
2014-07-08T04:00:00.634+0000: 3339.266: [GC [PSYoungGen: 581226K->1464K(561408K)] 1032691K->453153K(1248384K), 0.0283060 secs] [Times: user=0.10 sys=0.00, real=0.03 secs] 
2014-07-08T04:00:03.270+0000: 3341.901: [GC [PSYoungGen: 561398K->954K(541760K)] 1013088K->452961K(1228736K), 0.0117390 secs] [Times: user=0.04 sys=0.00, real=0.01 secs] 
2014-07-08T04:00:05.812+0000: 3344.444: [GC [PSYoungGen: 541723K->1286K(523840K)] 993730K->453357K(1210816K), 0.0255100 secs] [Times: user=0.09 sys=0.00, real=0.03 secs] 
2014-07-08T04:00:08.270+0000: 3346.902: [GC [PSYoungGen: 523782K->1296K(506368K)] 975853K->453705K(1193344K), 0.0234820 secs] [Times: user=0.07 sys=0.00, real=0.02 secs] 
2014-07-08T04:00:10.668+0000: 3349.299: [GC [PSYoungGen: 506275K->1328K(489664K)] 958684K->453849K(1176640K), 0.0133650 secs] [Times: user=0.04 sys=0.00, real=0.01 secs] 
2014-07-08T04:00:12.988+0000: 3351.620: [GC [PSYoungGen: 489648K->802K(586816K)] 942169K->453745K(1273792K), 0.0434170 secs] [Times: user=0.16 sys=0.00, real=0.04 secs] 
2014-07-08T04:00:15.729+0000: 3354.361: [GC [PSYoungGen: 586786K->1222K(566976K)] 1039729K->454221K(1253952K), 0.0074220 secs] [Times: user=0.01 sys=0.00, real=0.00 secs] 
2014-07-08T04:00:18.418+0000: 3357.049: [GC [PSYoungGen: 566918K->1268K(547584K)] 1019917K->454533K(1234560K), 0.0269860 secs] [Times: user=0.09 sys=0.00, real=0.02 secs] 
2014-07-08T04:00:20.975+0000: 3359.606: [GC [PSYoungGen: 547525K->1460K(529280K)] 1000790K->454837K(1216256K), 0.0065060 secs] [Times: user=0.01 sys=0.00, real=0.01 secs] 
2014-07-08T04:00:23.468+0000: 3362.099: [GC [PSYoungGen: 529268K->616K(510720K)] 982645K->454891K(1197696K), 0.0048300 secs] [Times: user=0.02 sys=0.00, real=0.01 secs] 
2014-07-08T04:00:25.867+0000: 3364.498: [GC [PSYoungGen: 510696K->1727K(494912K)] 964971K->456076K(1181888K), 0.0055040 secs] [Times: user=0.02 sys=0.00, real=0.01 secs] 
2014-07-08T04:00:28.207+0000: 3366.839: [GC [PSYoungGen: 494884K->1076K(478080K)] 949233K->456080K(1165056K), 0.0241620 secs] [Times: user=0.09 sys=0.00, real=0.03 secs] 
2014-07-08T04:00:30.513+0000: 3369.144: [GC [PSYoungGen: 478068K->1740K(463360K)] 933072K->456865K(1150336K), 0.0347700 secs] [Times: user=0.13 sys=0.00, real=0.03 secs] 
2014-07-08T04:00:32.626+0000: 3371.257: [GC [PSYoungGen: 463304K->880K(554816K)] 918428K->456408K(1241792K), 0.0307990 secs] [Times: user=0.11 sys=0.00, real=0.03 secs] 
2014-07-08T04:00:35.228+0000: 3373.860: [GC [PSYoungGen: 554800K->1254K(536320K)] 1010328K->456870K(1223296K), 0.0072910 secs] [Times: user=0.02 sys=0.00, real=0.01 secs] 
2014-07-08T04:00:37.730+0000: 3376.361: [GC [PSYoungGen: 536271K->1474K(518528K)] 991888K->457324K(1205504K), 0.0078440 secs] [Times: user=0.02 sys=0.00, real=0.01 secs] 
2014-07-08T04:00:40.178+0000: 3378.810: [GC [PSYoungGen: 518443K->1250K(501056K)] 974294K->457365K(1188032K), 0.0058270 secs] [Times: user=0.02 sys=0.00, real=0.01 secs] 
2014-07-08T04:00:42.537+0000: 3381.168: [GC [PSYoungGen: 501026K->944K(484288K)] 957141K->457382K(1171264K), 0.0279970 secs] [Times: user=0.08 sys=0.00, real=0.03 secs] 
2014-07-08T04:00:44.835+0000: 3383.467: [GC [PSYoungGen: 484272K->1346K(468992K)] 940710K->457889K(1155968K), 0.0138450 secs] [Times: user=0.05 sys=0.00, real=0.01 secs] 
2014-07-08T04:00:46.968+0000: 3385.600: [GC [PSYoungGen: 468913K->1268K(453824K)] 925456K->458036K(1140800K), 0.0068610 secs] [Times: user=0.02 sys=0.00, real=0.01 secs] 
2014-07-08T04:00:49.123+0000: 3387.755: [GC [PSYoungGen: 453785K->1140K(439296K)] 910554K->458084K(1126272K), 0.0169400 secs] [Times: user=0.06 sys=0.00, real=0.01 secs] 
2014-07-08T04:00:51.183+0000: 3389.815: [GC [PSYoungGen: 439276K->1012K(425408K)] 896221K->458140K(1112384K), 0.0055450 secs] [Times: user=0.02 sys=0.00, real=0.00 secs] 
2014-07-08T04:00:53.178+0000: 3391.809: [GC [PSYoungGen: 425385K->1012K(412224K)] 882514K->458244K(1099200K), 0.0046410 secs] [Times: user=0.01 sys=0.01, real=0.00 secs] 
2014-07-08T04:00:55.106+0000: 3393.738: [GC [PSYoungGen: 412212K->1200K(399808K)] 869444K->458504K(1086784K), 0.0145420 secs] [Times: user=0.02 sys=0.00, real=0.01 secs] 
2014-07-08T04:00:56.996+0000: 3395.627: [GC [PSYoungGen: 399733K->1449K(387968K)] 857038K->458834K(1074944K), 0.0083180 secs] [Times: user=0.02 sys=0.01, real=0.01 secs] 
2014-07-08T04:00:58.859+0000: 3397.490: [GC [PSYoungGen: 387917K->933K(375872K)] 845301K->458797K(1062848K), 0.0276600 secs] [Times: user=0.10 sys=0.00, real=0.03 secs] 
2014-07-08T04:01:00.680+0000: 3399.312: [GC [PSYoungGen: 375845K->1780K(451712K)] 833709K->459959K(1138688K), 0.0396890 secs] [Times: user=0.15 sys=0.01, real=0.04 secs] 
2014-07-08T04:01:02.700+0000: 3401.331: [GC [PSYoungGen: 451700K->880K(436544K)] 909879K->459624K(1123520K), 0.0079780 secs] [Times: user=0.02 sys=0.00, real=0.01 secs] 
2014-07-08T04:01:04.757+0000: 3403.389: [GC [PSYoungGen: 436528K->1158K(423232K)] 895272K->460039K(1110208K), 0.0088350 secs] [Times: user=0.03 sys=0.00, real=0.01 secs] 
2014-07-08T04:01:06.786+0000: 3405.417: [GC [PSYoungGen: 423138K->1204K(410176K)] 882019K->460231K(1097152K), 0.0059950 secs] [Times: user=0.02 sys=0.00, real=0.00 secs] 
2014-07-08T04:01:08.734+0000: 3407.365: [GC [PSYoungGen: 410159K->1517K(398016K)] 869186K->460768K(1084992K), 0.0139100 secs] [Times: user=0.05 sys=0.00, real=0.02 secs] 
2014-07-08T04:01:10.522+0000: 3409.154: [GC [PSYoungGen: 397987K->1150K(476928K)] 857238K->460619K(1163904K), 0.0401790 secs] [Times: user=0.15 sys=0.00, real=0.04 secs] 
2014-07-08T04:01:12.750+0000: 3411.381: [GC [PSYoungGen: 476926K->1296K(572288K)] 936395K->460837K(1259264K), 0.0249520 secs] [Times: user=0.10 sys=0.00, real=0.02 secs] 
2014-07-08T04:01:15.458+0000: 3414.089: [GC [PSYoungGen: 572214K->1296K(552640K)] 1031755K->460957K(1239616K), 0.0070090 secs] [Times: user=0.02 sys=0.00, real=0.00 secs] 
2014-07-08T04:01:18.078+0000: 3416.709: [GC [PSYoungGen: 552566K->1424K(534016K)] 1012227K->461213K(1220992K), 0.0224690 secs] [Times: user=0.09 sys=0.00, real=0.02 secs] 
2014-07-08T04:01:20.583+0000: 3419.215: [GC [PSYoungGen: 533968K->930K(515584K)] 993757K->461089K(1202560K), 0.0078690 secs] [Times: user=0.01 sys=0.00, real=0.01 secs] 
2014-07-08T04:01:22.960+0000: 3421.592: [GC [PSYoungGen: 515515K->1417K(499008K)] 975674K->461640K(1185984K), 0.0161900 secs] [Times: user=0.06 sys=0.00, real=0.01 secs] 
2014-07-08T04:01:25.321+0000: 3423.952: [GC [PSYoungGen: 498953K->1076K(482240K)] 959176K->461501K(1169216K), 0.0274620 secs] [Times: user=0.11 sys=0.00, real=0.03 secs] 
2014-07-08T04:01:27.588+0000: 3426.220: [GC [PSYoungGen: 482206K->1300K(466880K)] 942630K->461853K(1153856K), 0.0072810 secs] [Times: user=0.02 sys=0.00, real=0.00 secs] 
2014-07-08T04:01:29.822+0000: 3428.454: [GC [PSYoungGen: 466835K->1199K(451776K)] 927388K->462250K(1138752K), 0.0073110 secs] [Times: user=0.02 sys=0.00, real=0.01 secs] 
2014-07-08T04:01:31.904+0000: 3430.536: [GC [PSYoungGen: 451759K->1232K(437568K)] 912810K->462387K(1124544K), 0.0056450 secs] [Times: user=0.01 sys=0.00, real=0.01 secs] 
2014-07-08T04:01:33.955+0000: 3432.586: [GC [PSYoungGen: 437520K->1126K(423744K)] 898675K->462377K(1110720K), 0.0073570 secs] [Times: user=0.01 sys=0.00, real=0.01 secs] 
2014-07-08T04:01:35.933+0000: 3434.564: [GC [PSYoungGen: 423684K->1076K(410560K)] 884935K->462383K(1097536K), 0.0110380 secs] [Times: user=0.02 sys=0.00, real=0.01 secs] 
2014-07-08T04:01:37.881+0000: 3436.513: [GC [PSYoungGen: 410510K->1328K(398272K)] 871817K->462763K(1085248K), 0.0063990 secs] [Times: user=0.02 sys=0.00, real=0.00 secs] 
2014-07-08T04:01:39.731+0000: 3438.363: [GC [PSYoungGen: 398231K->1364K(386304K)] 859666K->463023K(1073280K), 0.0083090 secs] [Times: user=0.02 sys=0.00, real=0.00 secs] 
2014-07-08T04:01:41.510+0000: 3440.142: [GC [PSYoungGen: 386238K->880K(374272K)] 847897K->462815K(1061248K), 0.0426160 secs] [Times: user=0.15 sys=0.00, real=0.05 secs] 
2014-07-08T04:01:43.257+0000: 3441.888: [GC [PSYoungGen: 374236K->1709K(364096K)] 836171K->463772K(1051072K), 0.0203350 secs] [Times: user=0.07 sys=0.00, real=0.02 secs] 
2014-07-08T04:01:44.962+0000: 3443.593: [GC [PSYoungGen: 364054K->866K(352704K)] 826117K->463285K(1039680K), 0.0079520 secs] [Times: user=0.02 sys=0.00, real=0.00 secs] 
2014-07-08T04:01:46.586+0000: 3445.218: [GC [PSYoungGen: 352671K->1514K(423744K)] 815090K->464029K(1110720K), 0.0281310 secs] [Times: user=0.10 sys=0.00, real=0.03 secs] 
2014-07-08T04:01:48.549+0000: 3447.180: [GC [PSYoungGen: 423713K->1076K(507776K)] 886228K->463857K(1194752K), 0.0329670 secs] [Times: user=0.13 sys=0.00, real=0.03 secs] 
2014-07-08T04:01:50.942+0000: 3449.574: [GC [PSYoungGen: 507715K->1144K(609216K)] 970496K->464053K(1296192K), 0.0121650 secs] [Times: user=0.04 sys=0.00, real=0.01 secs] 
2014-07-08T04:01:53.821+0000: 3452.453: [GC [PSYoungGen: 609191K->1254K(588032K)] 1072100K->464251K(1275008K), 0.0134350 secs] [Times: user=0.05 sys=0.00, real=0.02 secs] 
2014-07-08T04:01:56.633+0000: 3455.264: [GC [PSYoungGen: 587970K->1488K(567936K)] 1050967K->464645K(1254912K), 0.0366950 secs] [Times: user=0.14 sys=0.00, real=0.04 secs] 
2014-07-08T04:01:59.302+0000: 3457.933: [GC [PSYoungGen: 567888K->816K(680512K)] 1031045K->464401K(1367488K), 0.0432520 secs] [Times: user=0.16 sys=0.00, real=0.05 secs] 
2014-07-08T04:02:02.527+0000: 3461.159: [GC [PSYoungGen: 680487K->1510K(656576K)] 1144072K->465215K(1343552K), 0.0079480 secs] [Times: user=0.02 sys=0.00, real=0.01 secs] 
2014-07-08T04:02:05.617+0000: 3464.248: [GC [PSYoungGen: 656548K->1236K(632832K)] 1120253K->465313K(1319808K), 0.0069130 secs] [Times: user=0.02 sys=0.00, real=0.00 secs] 
2014-07-08T04:02:08.592+0000: 3467.223: [GC [PSYoungGen: 632788K->1520K(610688K)] 1096865K->465789K(1297664K), 0.0288550 secs] [Times: user=0.11 sys=0.00, real=0.03 secs] 
2014-07-08T04:02:11.491+0000: 3470.122: [GC [PSYoungGen: 610635K->805K(588608K)] 1074904K->465949K(1275584K), 0.0321380 secs] [Times: user=0.12 sys=0.01, real=0.03 secs] 
2014-07-08T04:02:14.281+0000: 3472.912: [GC [PSYoungGen: 588581K->1322K(568704K)] 1053725K->466538K(1255680K), 0.0069820 secs] [Times: user=0.02 sys=0.00, real=0.01 secs] 
2014-07-08T04:02:17.039+0000: 3475.670: [GC [PSYoungGen: 568682K->1400K(549312K)] 1033898K->466998K(1236288K), 0.0067400 secs] [Times: user=0.03 sys=0.00, real=0.00 secs] 
2014-07-08T04:02:19.538+0000: 3478.169: [GC [PSYoungGen: 549304K->1140K(530432K)] 1014902K->466994K(1217408K), 0.0199220 secs] [Times: user=0.06 sys=0.00, real=0.02 secs] 
2014-07-08T04:02:22.043+0000: 3480.674: [GC [PSYoungGen: 530385K->1076K(512576K)] 996240K->467050K(1199552K), 0.0252500 secs] [Times: user=0.10 sys=0.00, real=0.03 secs] 
2014-07-08T04:02:24.450+0000: 3483.081: [GC [PSYoungGen: 512564K->1140K(495680K)] 978538K->467242K(1182656K), 0.0113760 secs] [Times: user=0.02 sys=0.00, real=0.01 secs] 
2014-07-08T04:02:26.779+0000: 3485.411: [GC [PSYoungGen: 495668K->1172K(479552K)] 961770K->467330K(1166528K), 0.0051050 secs] [Times: user=0.02 sys=0.00, real=0.00 secs] 
2014-07-08T04:02:29.027+0000: 3487.659: [GC [PSYoungGen: 479508K->1076K(463936K)] 945666K->467442K(1150912K), 0.0219620 secs] [Times: user=0.09 sys=0.00, real=0.03 secs] 
2014-07-08T04:02:31.238+0000: 3489.870: [GC [PSYoungGen: 463924K->1296K(449344K)] 930290K->467758K(1136320K), 0.0060180 secs] [Times: user=0.01 sys=0.00, real=0.00 secs] 
2014-07-08T04:02:33.333+0000: 3491.965: [GC [PSYoungGen: 449296K->1200K(435008K)] 915758K->467846K(1121984K), 0.0059420 secs] [Times: user=0.01 sys=0.00, real=0.01 secs] 
2014-07-08T04:02:35.377+0000: 3494.009: [GC [PSYoungGen: 434933K->930K(421184K)] 901579K->467910K(1108160K), 0.0069100 secs] [Times: user=0.01 sys=0.00, real=0.01 secs] 
2014-07-08T04:02:37.341+0000: 3495.973: [GC [PSYoungGen: 421154K->1240K(408512K)] 888134K->468332K(1095488K), 0.0079250 secs] [Times: user=0.02 sys=0.00, real=0.01 secs] 
2014-07-08T04:02:39.255+0000: 3497.887: [GC [PSYoungGen: 408472K->1108K(395968K)] 875564K->468452K(1082944K), 0.0057970 secs] [Times: user=0.02 sys=0.00, real=0.01 secs] 
2014-07-08T04:02:41.122+0000: 3499.754: [GC [PSYoungGen: 395924K->1197K(384128K)] 863268K->468629K(1071104K), 0.0339260 secs] [Times: user=0.12 sys=0.00, real=0.03 secs] 
2014-07-08T04:02:42.904+0000: 3501.536: [GC [PSYoungGen: 384109K->894K(372416K)] 851541K->468596K(1059392K), 0.0076260 secs] [Times: user=0.02 sys=0.00, real=0.01 secs] 
2014-07-08T04:02:44.672+0000: 3503.304: [GC [PSYoungGen: 372414K->1222K(361856K)] 840116K->469060K(1048832K), 0.0069590 secs] [Times: user=0.02 sys=0.00, real=0.00 secs] 
2014-07-08T04:02:46.372+0000: 3505.004: [GC [PSYoungGen: 361798K->1085K(351168K)] 829636K->469489K(1038144K), 0.0044610 secs] [Times: user=0.02 sys=0.00, real=0.00 secs] 
2014-07-08T04:02:47.987+0000: 3506.618: [GC [PSYoungGen: 351163K->1432K(341504K)] 819568K->469956K(1028480K), 0.0115180 secs] [Times: user=0.04 sys=0.00, real=0.01 secs] 
2014-07-08T04:02:49.589+0000: 3508.220: [GC [PSYoungGen: 341464K->816K(331200K)] 809988K->470052K(1018176K), 0.0236830 secs] [Times: user=0.08 sys=0.00, real=0.03 secs] 
2014-07-08T04:02:51.122+0000: 3509.753: [GC [PSYoungGen: 331184K->1389K(322560K)] 800420K->470706K(1009536K), 0.0184580 secs] [Times: user=0.07 sys=0.00, real=0.01 secs] 
2014-07-08T04:02:52.674+0000: 3511.306: [GC [PSYoungGen: 322519K->1264K(313536K)] 791836K->470897K(1000512K), 0.0153400 secs] [Times: user=0.05 sys=0.00, real=0.01 secs] 
2014-07-08T04:02:54.141+0000: 3512.773: [GC [PSYoungGen: 313491K->1194K(304960K)] 783124K->470915K(991936K), 0.0097640 secs] [Times: user=0.03 sys=0.00, real=0.01 secs] 
2014-07-08T04:02:55.590+0000: 3514.221: [GC [PSYoungGen: 304938K->1076K(296640K)] 774659K->470943K(983616K), 0.0071690 secs] [Times: user=0.02 sys=0.00, real=0.01 secs] 
2014-07-08T04:02:56.988+0000: 3515.620: [GC [PSYoungGen: 296628K->1296K(289024K)] 766495K->471275K(976000K), 0.0076120 secs] [Times: user=0.02 sys=0.00, real=0.01 secs] 
2014-07-08T04:02:58.358+0000: 3516.989: [GC [PSYoungGen: 288967K->1112K(281280K)] 758946K->471171K(968256K), 0.0076980 secs] [Times: user=0.02 sys=0.00, real=0.01 secs] 
2014-07-08T04:02:59.681+0000: 3518.312: [GC [PSYoungGen: 281206K->1236K(274176K)] 751264K->471399K(961152K), 0.0063470 secs] [Times: user=0.02 sys=0.01, real=0.01 secs] 
2014-07-08T04:03:00.966+0000: 3519.597: [GC [PSYoungGen: 274132K->1076K(267008K)] 744295K->471343K(953984K), 0.0116880 secs] [Times: user=0.05 sys=0.00, real=0.01 secs] 
2014-07-08T04:03:02.252+0000: 3520.883: [GC [PSYoungGen: 266996K->1076K(260288K)] 737263K->471399K(947264K), 0.0214270 secs] [Times: user=0.07 sys=0.00, real=0.03 secs] 
2014-07-08T04:03:03.475+0000: 3522.107: [GC [PSYoungGen: 260276K->1172K(312256K)] 730599K->471567K(999232K), 0.0296050 secs] [Times: user=0.11 sys=0.00, real=0.03 secs] 
2014-07-08T04:03:04.947+0000: 3523.579: [GC [PSYoungGen: 312185K->1108K(374400K)] 782580K->471559K(1061376K), 0.0050280 secs] [Times: user=0.01 sys=0.00, real=0.00 secs] 
2014-07-08T04:03:06.744+0000: 3525.375: [GC [PSYoungGen: 374356K->994K(448960K)] 844807K->471799K(1135936K), 0.0253220 secs] [Times: user=0.08 sys=0.00, real=0.02 secs] 
2014-07-08T04:03:08.816+0000: 3527.447: [GC [PSYoungGen: 448927K->1222K(538816K)] 919732K->472155K(1225792K), 0.0126950 secs] [Times: user=0.04 sys=0.00, real=0.01 secs] 
2014-07-08T04:03:11.327+0000: 3529.959: [GC [PSYoungGen: 538750K->1076K(520512K)] 1009683K->472251K(1207488K), 0.0056750 secs] [Times: user=0.01 sys=0.00, real=0.00 secs] 
2014-07-08T04:03:13.801+0000: 3532.432: [GC [PSYoungGen: 520465K->1044K(503168K)] 991640K->472339K(1190144K), 0.0064460 secs] [Times: user=0.02 sys=0.00, real=0.01 secs] 
2014-07-08T04:03:16.182+0000: 3534.814: [GC [PSYoungGen: 503124K->1076K(486592K)] 974419K->472483K(1173568K), 0.0067520 secs] [Times: user=0.02 sys=0.00, real=0.01 secs] 
2014-07-08T04:03:18.478+0000: 3537.109: [GC [PSYoungGen: 486572K->1318K(471040K)] 957979K->472861K(1158016K), 0.0092960 secs] [Times: user=0.03 sys=0.01, real=0.01 secs] 
2014-07-08T04:03:20.705+0000: 3539.336: [GC [PSYoungGen: 471014K->680K(455296K)] 942557K->472935K(1142272K), 0.0401300 secs] [Times: user=0.15 sys=0.00, real=0.04 secs] 
2014-07-08T04:03:22.949+0000: 3541.581: [GC [PSYoungGen: 455272K->1594K(441728K)] 927527K->474081K(1128704K), 0.0053640 secs] [Times: user=0.02 sys=0.01, real=0.00 secs] 
2014-07-08T04:03:24.951+0000: 3543.582: [GC [PSYoungGen: 441692K->930K(427264K)] 914179K->474019K(1114240K), 0.0309510 secs] [Times: user=0.11 sys=0.00, real=0.03 secs] 
2014-07-08T04:03:26.960+0000: 3545.591: [GC [PSYoungGen: 427234K->1140K(414208K)] 900323K->474333K(1101184K), 0.0120910 secs] [Times: user=0.05 sys=0.00, real=0.01 secs] 
2014-07-08T04:03:28.958+0000: 3547.590: [GC [PSYoungGen: 414189K->1421K(401856K)] 887382K->474790K(1088832K), 0.0075330 secs] [Times: user=0.02 sys=0.00, real=0.00 secs] 
2014-07-08T04:03:30.775+0000: 3549.407: [GC [PSYoungGen: 401795K->1200K(389440K)] 875164K->474737K(1076416K), 0.0255380 secs] [Times: user=0.10 sys=0.00, real=0.03 secs] 
2014-07-08T04:03:32.678+0000: 3551.310: [GC [PSYoungGen: 389424K->830K(377408K)] 862961K->474829K(1064384K), 0.0151920 secs] [Times: user=0.05 sys=0.00, real=0.01 secs] 
2014-07-08T04:03:34.376+0000: 3553.008: [GC [PSYoungGen: 377406K->1194K(366656K)] 851405K->475265K(1053632K), 0.0077470 secs] [Times: user=0.02 sys=0.00, real=0.01 secs] 
2014-07-08T04:03:36.110+0000: 3554.741: [GC [PSYoungGen: 366634K->1172K(439744K)] 840705K->475513K(1126720K), 0.0359010 secs] [Times: user=0.14 sys=0.00, real=0.03 secs] 
2014-07-08T04:03:38.185+0000: 3556.817: [GC [PSYoungGen: 439700K->1108K(425920K)] 914041K->475649K(1112896K), 0.0055520 secs] [Times: user=0.02 sys=0.01, real=0.01 secs] 
2014-07-08T04:03:40.192+0000: 3558.824: [GC [PSYoungGen: 425849K->994K(412608K)] 900390K->475745K(1099584K), 0.0226530 secs] [Times: user=0.08 sys=0.00, real=0.02 secs] 
2014-07-08T04:03:42.133+0000: 3560.765: [GC [PSYoungGen: 412575K->1044K(400064K)] 887327K->475891K(1087040K), 0.0071840 secs] [Times: user=0.02 sys=0.00, real=0.01 secs] 
2014-07-08T04:03:44.020+0000: 3562.652: [GC [PSYoungGen: 399999K->1044K(387968K)] 874846K->475979K(1074944K), 0.0072290 secs] [Times: user=0.02 sys=0.00, real=0.00 secs] 
2014-07-08T04:03:45.849+0000: 3564.480: [GC [PSYoungGen: 387924K->1140K(376448K)] 862859K->476163K(1063424K), 0.0131540 secs] [Times: user=0.05 sys=0.00, real=0.02 secs] 
2014-07-08T04:03:47.617+0000: 3566.248: [GC [PSYoungGen: 376434K->994K(365248K)] 851458K->476243K(1052224K), 0.0148130 secs] [Times: user=0.06 sys=0.00, real=0.02 secs] 
2014-07-08T04:03:49.337+0000: 3567.969: [GC [PSYoungGen: 365217K->1126K(354752K)] 840467K->476447K(1041728K), 0.0305730 secs] [Times: user=0.09 sys=0.00, real=0.03 secs] 
2014-07-08T04:03:51.002+0000: 3569.633: [GC [PSYoungGen: 354726K->930K(344384K)] 830047K->476609K(1031360K), 0.0085850 secs] [Times: user=0.01 sys=0.00, real=0.01 secs] 
2014-07-08T04:03:52.637+0000: 3571.269: [GC [PSYoungGen: 344344K->1254K(334912K)] 820023K->477021K(1021888K), 0.0231910 secs] [Times: user=0.09 sys=0.00, real=0.03 secs] 
2014-07-08T04:03:54.193+0000: 3572.824: [GC [PSYoungGen: 334865K->880K(325120K)] 810632K->476925K(1012096K), 0.0096250 secs] [Times: user=0.01 sys=0.00, real=0.01 secs] 
2014-07-08T04:03:55.760+0000: 3574.392: [GC [PSYoungGen: 325104K->1460K(316672K)] 801149K->477617K(1003648K), 0.0130030 secs] [Times: user=0.04 sys=0.00, real=0.02 secs] 
2014-07-08T04:03:57.219+0000: 3575.851: [GC [PSYoungGen: 316654K->752K(307328K)] 792812K->477427K(994304K), 0.0049620 secs] [Times: user=0.02 sys=0.00, real=0.01 secs] 
2014-07-08T04:03:58.670+0000: 3577.301: [GC [PSYoungGen: 307312K->1222K(299520K)] 783987K->477977K(986496K), 0.0207570 secs] [Times: user=0.07 sys=0.00, real=0.02 secs] 
2014-07-08T04:04:00.074+0000: 3578.705: [GC [PSYoungGen: 299449K->1068K(291392K)] 776205K->478150K(978368K), 0.0084040 secs] [Times: user=0.02 sys=0.00, real=0.01 secs] 
2014-07-08T04:04:01.453+0000: 3580.085: [GC [PSYoungGen: 291336K->1222K(283904K)] 768418K->478383K(970880K), 0.0064280 secs] [Times: user=0.02 sys=0.00, real=0.00 secs] 
2014-07-08T04:04:02.797+0000: 3581.429: [GC [PSYoungGen: 283846K->737K(276032K)] 761007K->478524K(963008K), 0.0202360 secs] [Times: user=0.07 sys=0.00, real=0.02 secs] 
2014-07-08T04:04:04.073+0000: 3582.704: [GC [PSYoungGen: 275979K->1524K(331904K)] 753766K->479499K(1018880K), 0.0383840 secs] [Times: user=0.13 sys=0.00, real=0.03 secs] 
2014-07-08T04:04:05.628+0000: 3584.260: [GC [PSYoungGen: 331839K->805K(397312K)] 809814K->479606K(1084288K), 0.0194220 secs] [Times: user=0.07 sys=0.00, real=0.02 secs] 
2014-07-08T04:04:07.527+0000: 3586.159: [GC [PSYoungGen: 397285K->1500K(477312K)] 876086K->480413K(1164288K), 0.0250330 secs] [Times: user=0.08 sys=0.00, real=0.02 secs] 
2014-07-08T04:04:09.820+0000: 3588.452: [GC [PSYoungGen: 477233K->1270K(572224K)] 956146K->480864K(1259200K), 0.0258190 secs] [Times: user=0.11 sys=0.00, real=0.03 secs] 
2014-07-08T04:04:12.485+0000: 3591.116: [GC [PSYoungGen: 572214K->1474K(686720K)] 1051808K->481220K(1373696K), 0.0113480 secs] [Times: user=0.03 sys=0.00, real=0.01 secs] 
2014-07-08T04:04:15.686+0000: 3594.318: [GC [PSYoungGen: 686658K->1196K(661568K)] 1166404K->481220K(1348544K), 0.0133340 secs] [Times: user=0.04 sys=0.00, real=0.01 secs] 
2014-07-08T04:04:18.839+0000: 3597.471: [GC [PSYoungGen: 661526K->1460K(638080K)] 1141550K->481684K(1325056K), 0.0049300 secs] [Times: user=0.02 sys=0.00, real=0.01 secs] 
2014-07-08T04:04:21.825+0000: 3600.457: [GC [PSYoungGen: 638068K->1200K(615168K)] 1118292K->481771K(1302144K), 0.0052600 secs] [Times: user=0.02 sys=0.00, real=0.00 secs] 
2014-07-08T04:04:24.712+0000: 3603.343: [GC [PSYoungGen: 615138K->1382K(593792K)] 1095710K->482081K(1280768K), 0.0320710 secs] [Times: user=0.12 sys=0.00, real=0.03 secs] 
2014-07-08T04:04:27.542+0000: 3606.173: [GC [PSYoungGen: 593766K->1140K(572928K)] 1074465K->482147K(1259904K), 0.0285980 secs] [Times: user=0.09 sys=0.01, real=0.03 secs] 
2014-07-08T04:04:30.258+0000: 3608.890: [GC [PSYoungGen: 572916K->1290K(553472K)] 1053923K->482481K(1240448K), 0.0185850 secs] [Times: user=0.07 sys=0.00, real=0.02 secs] 
2014-07-08T04:04:32.929+0000: 3611.561: [GC [PSYoungGen: 553383K->1140K(534464K)] 1034575K->482745K(1221440K), 0.0220920 secs] [Times: user=0.08 sys=0.00, real=0.02 secs] 
2014-07-08T04:04:35.418+0000: 3614.049: [GC [PSYoungGen: 534422K->1314K(516736K)] 1016027K->482984K(1203712K), 0.0056430 secs] [Times: user=0.02 sys=0.00, real=0.00 secs] 
2014-07-08T04:04:37.823+0000: 3616.454: [GC [PSYoungGen: 516675K->1140K(499392K)] 998344K->482969K(1186368K), 0.0085350 secs] [Times: user=0.03 sys=0.00, real=0.01 secs] 
2014-07-08T04:04:40.200+0000: 3618.831: [GC [PSYoungGen: 499367K->1094K(483008K)] 981197K->483115K(1169984K), 0.0055840 secs] [Times: user=0.01 sys=0.00, real=0.00 secs] 
2014-07-08T04:04:42.457+0000: 3621.088: [GC [PSYoungGen: 482920K->1314K(467520K)] 964942K->483536K(1154496K), 0.0286070 secs] [Times: user=0.10 sys=0.00, real=0.03 secs] 
2014-07-08T04:04:44.694+0000: 3623.325: [GC [PSYoungGen: 467490K->1236K(452480K)] 949712K->483513K(1139456K), 0.0225300 secs] [Times: user=0.09 sys=0.00, real=0.02 secs] 
2014-07-08T04:04:48.422+0000: 3627.053: [GC [PSYoungGen: 452436K->1024K(542464K)] 934713K->531143K(1229440K), 0.1423450 secs] [Times: user=0.55 sys=0.01, real=0.14 secs] 
Heap
 PSYoungGen      total 542464K, used 26831K [0x0000000755560000, 0x0000000785860000, 0x0000000800000000)
  eden space 541440K, 4% used [0x0000000755560000,0x0000000756e93e00,0x0000000776620000)
  from space 1024K, 100% used [0x0000000785760000,0x0000000785860000,0x0000000785860000)
  to   space 19328K, 0% used [0x00000007832a0000,0x00000007832a0000,0x0000000784580000)
 ParOldGen       total 686976K, used 530119K [0x0000000600000000, 0x0000000629ee0000, 0x0000000755560000)
  object space 686976K, 77% used [0x0000000600000000,0x00000006205b1fb0,0x0000000629ee0000)
 PSPermGen       total 21248K, used 11295K [0x00000005f5a00000, 0x00000005f6ec0000, 0x0000000600000000)
  object space 21248K, 53% used [0x00000005f5a00000,0x00000005f6507db8,0x00000005f6ec0000)
