2014-07-08T08:03:37.258+0000: 22.807: [GC [PSYoungGen: 257728K->23110K(300608K)] 257728K->23118K(987584K), 0.0338400 secs] [Times: user=0.05 sys=0.01, real=0.03 secs] 
2014-07-08T08:03:41.382+0000: 26.931: [GC [PSYoungGen: 280838K->25333K(300608K)] 280846K->25349K(987584K), 0.0439620 secs] [Times: user=0.29 sys=0.03, real=0.04 secs] 
2014-07-08T08:03:43.000+0000: 28.549: [GC [PSYoungGen: 283061K->29778K(300608K)] 283077K->29802K(987584K), 0.0123550 secs] [Times: user=0.07 sys=0.01, real=0.01 secs] 
2014-07-08T08:03:44.890+0000: 30.439: [GC [PSYoungGen: 287506K->33751K(300608K)] 287530K->33775K(987584K), 0.0181600 secs] [Times: user=0.11 sys=0.01, real=0.02 secs] 
2014-07-08T08:03:46.726+0000: 32.276: [GC [PSYoungGen: 291479K->37299K(288640K)] 291503K->37323K(975616K), 0.0091770 secs] [Times: user=0.04 sys=0.01, real=0.01 secs] 
2014-07-08T08:03:48.510+0000: 34.060: [GC [PSYoungGen: 288627K->37693K(282880K)] 288651K->39513K(969856K), 0.0171980 secs] [Times: user=0.12 sys=0.01, real=0.01 secs] 
2014-07-08T08:03:50.228+0000: 35.778: [GC [PSYoungGen: 282875K->16609K(255872K)] 284695K->41646K(942848K), 0.0264580 secs] [Times: user=0.14 sys=0.01, real=0.03 secs] 
2014-07-08T08:03:51.967+0000: 37.516: [GC [PSYoungGen: 255841K->10164K(277248K)] 280878K->43083K(964224K), 0.0104120 secs] [Times: user=0.06 sys=0.00, real=0.01 secs] 
2014-07-08T08:03:53.456+0000: 39.006: [GC [PSYoungGen: 243700K->6202K(234240K)] 276619K->44683K(921216K), 0.0037170 secs] [Times: user=0.01 sys=0.00, real=0.01 secs] 
2014-07-08T08:03:54.853+0000: 40.403: [GC [PSYoungGen: 234234K->3930K(268800K)] 272715K->46140K(955776K), 0.0034710 secs] [Times: user=0.02 sys=0.00, real=0.00 secs] 
2014-07-08T08:03:56.143+0000: 41.693: [GC [PSYoungGen: 226650K->2300K(219904K)] 268860K->47510K(906880K), 0.0059870 secs] [Times: user=0.02 sys=0.01, real=0.00 secs] 
2014-07-08T08:03:57.297+0000: 42.847: [GC [PSYoungGen: 219887K->2509K(258752K)] 265096K->49169K(945728K), 0.0074370 secs] [Times: user=0.04 sys=0.00, real=0.01 secs] 
2014-07-08T08:03:58.550+0000: 44.099: [GC [PSYoungGen: 215181K->1697K(209600K)] 261841K->49958K(896576K), 0.0037560 secs] [Times: user=0.01 sys=0.00, real=0.01 secs] 
2014-07-08T08:03:59.801+0000: 45.350: [GC [PSYoungGen: 209569K->1418K(248000K)] 257830K->50575K(934976K), 0.0031170 secs] [Times: user=0.01 sys=0.00, real=0.00 secs] 
2014-07-08T08:04:00.913+0000: 46.462: [GC [PSYoungGen: 204682K->1665K(200512K)] 253839K->51189K(887488K), 0.0037660 secs] [Times: user=0.02 sys=0.00, real=0.00 secs] 
2014-07-08T08:04:01.936+0000: 47.485: [GC [PSYoungGen: 200449K->1141K(236608K)] 249973K->51274K(923584K), 0.0029230 secs] [Times: user=0.01 sys=0.01, real=0.00 secs] 
2014-07-08T08:04:02.908+0000: 48.458: [GC [PSYoungGen: 195637K->1318K(191680K)] 245770K->51664K(878656K), 0.0036780 secs] [Times: user=0.02 sys=0.00, real=0.01 secs] 
2014-07-08T08:04:03.816+0000: 49.365: [GC [PSYoungGen: 191608K->1548K(224960K)] 241954K->52220K(911936K), 0.0036450 secs] [Times: user=0.02 sys=0.00, real=0.00 secs] 
2014-07-08T08:04:04.744+0000: 50.293: [GC [PSYoungGen: 187846K->1049K(183488K)] 238519K->52232K(870464K), 0.0073100 secs] [Times: user=0.04 sys=0.01, real=0.01 secs] 
2014-07-08T08:04:05.655+0000: 51.204: [GC [PSYoungGen: 183449K->1330K(213824K)] 234632K->52686K(900800K), 0.0091360 secs] [Times: user=0.04 sys=0.00, real=0.01 secs] 
2014-07-08T08:04:06.544+0000: 52.093: [GC [PSYoungGen: 179954K->1185K(176192K)] 231310K->52885K(863168K), 0.0047170 secs] [Times: user=0.02 sys=0.01, real=0.00 secs] 
2014-07-08T08:04:07.413+0000: 52.962: [GC [PSYoungGen: 176161K->1322K(203008K)] 227861K->53363K(889984K), 0.0056260 secs] [Times: user=0.02 sys=0.00, real=0.00 secs] 
2014-07-08T08:04:08.234+0000: 53.783: [GC [PSYoungGen: 172731K->1106K(169216K)] 224772K->53188K(856192K), 0.0098700 secs] [Times: user=0.06 sys=0.00, real=0.01 secs] 
2014-07-08T08:04:08.988+0000: 54.538: [GC [PSYoungGen: 169170K->976K(192960K)] 221252K->53394K(879936K), 0.0070700 secs] [Times: user=0.03 sys=0.00, real=0.01 secs] 
2014-07-08T08:04:09.750+0000: 55.299: [GC [PSYoungGen: 165776K->1049K(162688K)] 218194K->53522K(849664K), 0.0060420 secs] [Times: user=0.03 sys=0.00, real=0.01 secs] 
2014-07-08T08:04:10.524+0000: 56.073: [GC [PSYoungGen: 162649K->780K(183360K)] 215122K->53402K(870336K), 0.0076400 secs] [Times: user=0.02 sys=0.00, real=0.00 secs] 
2014-07-08T08:04:11.289+0000: 56.839: [GC [PSYoungGen: 159306K->900K(156480K)] 211929K->53563K(843456K), 0.0062510 secs] [Times: user=0.03 sys=0.00, real=0.01 secs] 
2014-07-08T08:04:12.000+0000: 57.550: [GC [PSYoungGen: 156389K->1122K(174336K)] 209052K->53848K(861312K), 0.0044670 secs] [Times: user=0.02 sys=0.00, real=0.01 secs] 
2014-07-08T08:04:12.749+0000: 58.298: [GC [PSYoungGen: 153732K->1402K(151232K)] 206459K->54201K(838208K), 0.0048080 secs] [Times: user=0.02 sys=0.00, real=0.01 secs] 
2014-07-08T08:04:13.549+0000: 59.098: [GC [PSYoungGen: 151225K->1014K(165888K)] 204024K->54010K(852864K), 0.0037580 secs] [Times: user=0.01 sys=0.00, real=0.01 secs] 
2014-07-08T08:04:14.313+0000: 59.862: [GC [PSYoungGen: 148086K->1026K(145536K)] 201082K->54069K(832512K), 0.0033550 secs] [Times: user=0.01 sys=0.00, real=0.01 secs] 
2014-07-08T08:04:15.024+0000: 60.573: [GC [PSYoungGen: 145474K->872K(158272K)] 198517K->53987K(845248K), 0.0047700 secs] [Times: user=0.02 sys=0.00, real=0.00 secs] 
2014-07-08T08:04:15.672+0000: 61.222: [GC [PSYoungGen: 142760K->1072K(140480K)] 195875K->54259K(827456K), 0.0027560 secs] [Times: user=0.01 sys=0.00, real=0.01 secs] 
2014-07-08T08:04:16.303+0000: 61.852: [GC [PSYoungGen: 140464K->1000K(151040K)] 193651K->54244K(838016K), 0.0048260 secs] [Times: user=0.03 sys=0.00, real=0.01 secs] 
2014-07-08T08:04:16.925+0000: 62.474: [GC [PSYoungGen: 137960K->776K(135424K)] 191204K->54202K(822400K), 0.0100940 secs] [Times: user=0.06 sys=0.00, real=0.01 secs] 
2014-07-08T08:04:17.556+0000: 63.106: [GC [PSYoungGen: 135368K->1136K(144256K)] 188794K->54650K(831232K), 0.0027440 secs] [Times: user=0.00 sys=0.01, real=0.00 secs] 
2014-07-08T08:04:18.146+0000: 63.696: [GC [PSYoungGen: 133401K->840K(130944K)] 186916K->54394K(817920K), 0.0037180 secs] [Times: user=0.01 sys=0.00, real=0.00 secs] 
2014-07-08T08:04:18.754+0000: 64.303: [GC [PSYoungGen: 130888K->876K(138112K)] 184442K->54478K(825088K), 0.0033830 secs] [Times: user=0.01 sys=0.00, real=0.00 secs] 
2014-07-08T08:04:19.361+0000: 64.910: [GC [PSYoungGen: 128748K->876K(126656K)] 182350K->54526K(813632K), 0.0045800 secs] [Times: user=0.02 sys=0.00, real=0.01 secs] 
2014-07-08T08:04:19.937+0000: 65.486: [GC [PSYoungGen: 126636K->1072K(132416K)] 180286K->54810K(819392K), 0.0034480 secs] [Times: user=0.02 sys=0.00, real=0.00 secs] 
2014-07-08T08:04:20.513+0000: 66.063: [GC [PSYoungGen: 124784K->1178K(122944K)] 178522K->54980K(809920K), 0.0036910 secs] [Times: user=0.01 sys=0.00, real=0.00 secs] 
2014-07-08T08:04:21.109+0000: 66.659: [GC [PSYoungGen: 122890K->1104K(127168K)] 176692K->54954K(814144K), 0.0035680 secs] [Times: user=0.01 sys=0.00, real=0.00 secs] 
2014-07-08T08:04:21.671+0000: 67.220: [GC [PSYoungGen: 120888K->980K(118976K)] 174739K->54854K(805952K), 0.0094520 secs] [Times: user=0.04 sys=0.00, real=0.01 secs] 
2014-07-08T08:04:22.221+0000: 67.770: [GC [PSYoungGen: 118897K->958K(122496K)] 172772K->54872K(809472K), 0.0054620 secs] [Times: user=0.03 sys=0.00, real=0.01 secs] 
2014-07-08T08:04:22.776+0000: 68.325: [GC [PSYoungGen: 117094K->1022K(115392K)] 171009K->55024K(802368K), 0.0025890 secs] [Times: user=0.02 sys=0.01, real=0.00 secs] 
2014-07-08T08:04:23.323+0000: 68.872: [GC [PSYoungGen: 115359K->1104K(117888K)] 169362K->55162K(804864K), 0.0031220 secs] [Times: user=0.01 sys=0.00, real=0.01 secs] 
2014-07-08T08:04:23.844+0000: 69.393: [GC [PSYoungGen: 113724K->1327K(112320K)] 167782K->55457K(799296K), 0.0058240 secs] [Times: user=0.02 sys=0.01, real=0.01 secs] 
2014-07-08T08:04:24.382+0000: 69.932: [GC [PSYoungGen: 112303K->862K(113856K)] 166433K->55024K(800832K), 0.0068080 secs] [Times: user=0.03 sys=0.00, real=0.01 secs] 
2014-07-08T08:04:24.906+0000: 70.455: [GC [PSYoungGen: 110168K->1090K(115904K)] 164330K->55324K(802880K), 0.0086190 secs] [Times: user=0.06 sys=0.00, real=0.01 secs] 
2014-07-08T08:04:25.443+0000: 70.993: [GC [PSYoungGen: 110402K->958K(108672K)] 164636K->55240K(795648K), 0.0030050 secs] [Times: user=0.01 sys=0.00, real=0.01 secs] 
2014-07-08T08:04:25.939+0000: 71.488: [GC [PSYoungGen: 108670K->1004K(107200K)] 162952K->55350K(794176K), 0.0059370 secs] [Times: user=0.03 sys=0.00, real=0.01 secs] 
2014-07-08T08:04:26.482+0000: 72.032: [GC [PSYoungGen: 107178K->1104K(105792K)] 161525K->55506K(792768K), 0.0036840 secs] [Times: user=0.01 sys=0.00, real=0.01 secs] 
2014-07-08T08:04:27.000+0000: 72.549: [GC [PSYoungGen: 105744K->1040K(104256K)] 160146K->55506K(791232K), 0.0048950 secs] [Times: user=0.03 sys=0.00, real=0.01 secs] 
2014-07-08T08:04:27.520+0000: 73.069: [GC [PSYoungGen: 104208K->876K(102592K)] 158674K->55422K(789568K), 0.0050580 secs] [Times: user=0.02 sys=0.00, real=0.01 secs] 
2014-07-08T08:04:28.011+0000: 73.561: [GC [PSYoungGen: 102534K->926K(101248K)] 157080K->55544K(788224K), 0.0042370 secs] [Times: user=0.02 sys=0.00, real=0.01 secs] 
2014-07-08T08:04:28.504+0000: 74.053: [GC [PSYoungGen: 101214K->1149K(100096K)] 155832K->55863K(787072K), 0.0058850 secs] [Times: user=0.03 sys=0.00, real=0.01 secs] 
2014-07-08T08:04:28.982+0000: 74.532: [GC [PSYoungGen: 100093K->930K(121728K)] 154807K->55668K(808704K), 0.0072880 secs] [Times: user=0.04 sys=0.01, real=0.01 secs] 
2014-07-08T08:04:29.572+0000: 75.121: [GC [PSYoungGen: 118818K->794K(122624K)] 173556K->55564K(809600K), 0.0077700 secs] [Times: user=0.04 sys=0.00, real=0.01 secs] 
2014-07-08T08:04:30.159+0000: 75.709: [GC [PSYoungGen: 119770K->994K(122432K)] 174540K->55804K(809408K), 0.0071050 secs] [Times: user=0.04 sys=0.00, real=0.01 secs] 
2014-07-08T08:04:30.746+0000: 76.295: [GC [PSYoungGen: 119966K->958K(145664K)] 174777K->55848K(832640K), 0.0041630 secs] [Times: user=0.02 sys=0.01, real=0.00 secs] 
2014-07-08T08:04:31.466+0000: 77.015: [GC [PSYoungGen: 143742K->1040K(145856K)] 198632K->56002K(832832K), 0.0074020 secs] [Times: user=0.04 sys=0.00, real=0.00 secs] 
2014-07-08T08:04:32.138+0000: 77.688: [GC [PSYoungGen: 143824K->958K(174016K)] 198786K->55952K(860992K), 0.0067800 secs] [Times: user=0.03 sys=0.01, real=0.01 secs] 
2014-07-08T08:04:32.945+0000: 78.494: [GC [PSYoungGen: 172350K->954K(168960K)] 227344K->56044K(855936K), 0.0044600 secs] [Times: user=0.03 sys=0.00, real=0.01 secs] 
2014-07-08T08:04:33.714+0000: 79.263: [GC [PSYoungGen: 168954K->1107K(165888K)] 224044K->56253K(852864K), 0.0030520 secs] [Times: user=0.01 sys=0.00, real=0.01 secs] 
2014-07-08T08:04:34.401+0000: 79.951: [GC [PSYoungGen: 165843K->790K(162368K)] 220989K->56008K(849344K), 0.0042440 secs] [Times: user=0.02 sys=0.00, real=0.00 secs] 
2014-07-08T08:04:35.084+0000: 80.633: [GC [PSYoungGen: 162326K->894K(159360K)] 217544K->56160K(846336K), 0.0056010 secs] [Times: user=0.03 sys=0.00, real=0.01 secs] 
2014-07-08T08:04:35.746+0000: 81.295: [GC [PSYoungGen: 159358K->1108K(156608K)] 214624K->56446K(843584K), 0.0029870 secs] [Times: user=0.02 sys=0.00, real=0.00 secs] 
2014-07-08T08:04:36.426+0000: 81.975: [GC [PSYoungGen: 156564K->872K(153472K)] 211902K->56274K(840448K), 0.0036210 secs] [Times: user=0.01 sys=0.00, real=0.01 secs] 
2014-07-08T08:04:37.048+0000: 82.597: [GC [PSYoungGen: 153448K->1128K(150912K)] 208850K->56586K(837888K), 0.0064550 secs] [Times: user=0.04 sys=0.00, real=0.00 secs] 
2014-07-08T08:04:37.672+0000: 83.222: [GC [PSYoungGen: 150850K->876K(147968K)] 206308K->56390K(834944K), 0.0065830 secs] [Times: user=0.04 sys=0.00, real=0.01 secs] 
2014-07-08T08:04:38.277+0000: 83.826: [GC [PSYoungGen: 147948K->1142K(145600K)] 203462K->56752K(832576K), 0.0031700 secs] [Times: user=0.02 sys=0.00, real=0.00 secs] 
2014-07-08T08:04:38.860+0000: 84.409: [GC [PSYoungGen: 145590K->876K(142784K)] 201200K->56542K(829760K), 0.0032870 secs] [Times: user=0.02 sys=0.00, real=0.00 secs] 
2014-07-08T08:04:39.456+0000: 85.005: [GC [PSYoungGen: 142701K->1022K(140416K)] 198367K->56752K(827392K), 0.0043710 secs] [Times: user=0.01 sys=0.00, real=0.00 secs] 
2014-07-08T08:04:40.009+0000: 85.559: [GC [PSYoungGen: 140414K->912K(137920K)] 196144K->56658K(824896K), 0.0040180 secs] [Times: user=0.01 sys=0.00, real=0.00 secs] 
2014-07-08T08:04:40.600+0000: 86.150: [GC [PSYoungGen: 137872K->890K(135488K)] 193618K->56708K(822464K), 0.0027440 secs] [Times: user=0.01 sys=0.00, real=0.00 secs] 
2014-07-08T08:04:41.152+0000: 86.701: [GC [PSYoungGen: 135482K->1018K(133312K)] 191300K->56916K(820288K), 0.0045660 secs] [Times: user=0.03 sys=0.00, real=0.00 secs] 
2014-07-08T08:04:41.696+0000: 87.245: [GC [PSYoungGen: 133306K->1096K(131200K)] 189204K->57074K(818176K), 0.0050680 secs] [Times: user=0.03 sys=0.00, real=0.01 secs] 
2014-07-08T08:04:42.237+0000: 87.787: [GC [PSYoungGen: 131144K->1082K(128960K)] 187122K->57076K(815936K), 0.0045380 secs] [Times: user=0.01 sys=0.00, real=0.00 secs] 
2014-07-08T08:04:42.800+0000: 88.350: [GC [PSYoungGen: 128954K->1008K(126784K)] 184948K->57074K(813760K), 0.0066320 secs] [Times: user=0.04 sys=0.00, real=0.01 secs] 
2014-07-08T08:04:43.329+0000: 88.879: [GC [PSYoungGen: 126768K->1136K(124864K)] 182834K->57274K(811840K), 0.0045300 secs] [Times: user=0.01 sys=0.00, real=0.00 secs] 
2014-07-08T08:04:43.827+0000: 89.376: [GC [PSYoungGen: 124818K->794K(122560K)] 180956K->56980K(809536K), 0.0039410 secs] [Times: user=0.02 sys=0.00, real=0.01 secs] 
2014-07-08T08:04:44.335+0000: 89.884: [GC [PSYoungGen: 122522K->1146K(120960K)] 178708K->57558K(807936K), 0.0061590 secs] [Times: user=0.03 sys=0.00, real=0.01 secs] 
2014-07-08T08:04:44.811+0000: 90.361: [GC [PSYoungGen: 120954K->940K(118912K)] 177366K->57416K(805888K), 0.0035410 secs] [Times: user=0.02 sys=0.00, real=0.00 secs] 
2014-07-08T08:04:45.305+0000: 90.854: [GC [PSYoungGen: 118862K->1124K(117312K)] 175338K->57904K(804288K), 0.0032250 secs] [Times: user=0.02 sys=0.00, real=0.01 secs] 
2014-07-08T08:04:45.782+0000: 91.331: [GC [PSYoungGen: 117279K->1174K(115584K)] 174059K->58058K(802560K), 0.0033440 secs] [Times: user=0.01 sys=0.00, real=0.00 secs] 
2014-07-08T08:04:46.226+0000: 91.775: [GC [PSYoungGen: 115542K->908K(113600K)] 172426K->57938K(800576K), 0.0057220 secs] [Times: user=0.03 sys=0.00, real=0.01 secs] 
2014-07-08T08:04:46.676+0000: 92.225: [GC [PSYoungGen: 113548K->826K(111808K)] 170578K->57920K(798784K), 0.0045320 secs] [Times: user=0.02 sys=0.00, real=0.01 secs] 
2014-07-08T08:04:47.113+0000: 92.663: [GC [PSYoungGen: 111802K->940K(110272K)] 168896K->58098K(797248K), 0.0033780 secs] [Times: user=0.02 sys=0.00, real=0.00 secs] 
2014-07-08T08:04:47.567+0000: 93.116: [GC [PSYoungGen: 110252K->890K(108608K)] 167410K->58120K(795584K), 0.0034350 secs] [Times: user=0.02 sys=0.00, real=0.01 secs] 
2014-07-08T08:04:47.972+0000: 93.521: [GC [PSYoungGen: 108570K->844K(130176K)] 165800K->58114K(817152K), 0.0068380 secs] [Times: user=0.04 sys=0.01, real=0.01 secs] 
2014-07-08T08:04:48.482+0000: 94.032: [GC [PSYoungGen: 130124K->1054K(128256K)] 187394K->58388K(815232K), 0.0035400 secs] [Times: user=0.01 sys=0.00, real=0.00 secs] 
2014-07-08T08:04:48.932+0000: 94.481: [GC [PSYoungGen: 128222K->1004K(126144K)] 185556K->58394K(813120K), 0.0031420 secs] [Times: user=0.01 sys=0.00, real=0.00 secs] 
2014-07-08T08:04:49.401+0000: 94.950: [GC [PSYoungGen: 126124K->1448K(151104K)] 183514K->58910K(838080K), 0.0069080 secs] [Times: user=0.04 sys=0.00, real=0.01 secs] 
2014-07-08T08:04:49.889+0000: 95.438: [GC [PSYoungGen: 151080K->1231K(148224K)] 208542K->58749K(835200K), 0.0041690 secs] [Times: user=0.02 sys=0.01, real=0.00 secs] 
2014-07-08T08:04:50.427+0000: 95.976: [GC [PSYoungGen: 148175K->1232K(145600K)] 205693K->58838K(832576K), 0.0054070 secs] [Times: user=0.03 sys=0.00, real=0.01 secs] 
2014-07-08T08:04:50.863+0000: 96.412: [GC [PSYoungGen: 145552K->693K(150208K)] 203158K->58731K(837184K), 0.0053040 secs] [Times: user=0.03 sys=0.00, real=0.01 secs] 
2014-07-08T08:04:51.450+0000: 96.999: [GC [PSYoungGen: 150197K->1592K(148416K)] 208235K->59826K(835392K), 0.0036910 secs] [Times: user=0.02 sys=0.00, real=0.00 secs] 
2014-07-08T08:04:51.875+0000: 97.424: [GC [PSYoungGen: 148408K->64K(144256K)] 206642K->59292K(831232K), 0.0031720 secs] [Times: user=0.01 sys=0.00, real=0.01 secs] 
2014-07-08T08:04:52.399+0000: 97.948: [GC [PSYoungGen: 144256K->1726K(143360K)] 203484K->61219K(830336K), 0.0026330 secs] [Times: user=0.01 sys=0.00, real=0.00 secs] 
2014-07-08T08:04:52.874+0000: 98.424: [GC [PSYoungGen: 143340K->1210K(140352K)] 202832K->61061K(827328K), 0.0035260 secs] [Times: user=0.01 sys=0.00, real=0.00 secs] 
2014-07-08T08:04:53.402+0000: 98.951: [GC [PSYoungGen: 140346K->1710K(138432K)] 200197K->61617K(825408K), 0.0044220 secs] [Times: user=0.02 sys=0.00, real=0.00 secs] 
2014-07-08T08:04:53.755+0000: 99.305: [GC [PSYoungGen: 138414K->951K(135296K)] 198321K->61182K(822272K), 0.0059540 secs] [Times: user=0.03 sys=0.00, real=0.01 secs] 
2014-07-08T08:04:54.226+0000: 99.775: [GC [PSYoungGen: 135287K->1779K(147520K)] 195518K->62042K(834496K), 0.0128570 secs] [Times: user=0.08 sys=0.01, real=0.01 secs] 
2014-07-08T08:04:54.656+0000: 100.205: [GC [PSYoungGen: 147315K->964K(163392K)] 207578K->61542K(850368K), 0.0023900 secs] [Times: user=0.01 sys=0.00, real=0.00 secs] 
2014-07-08T08:04:55.256+0000: 100.805: [GC [PSYoungGen: 162244K->1894K(163328K)] 222822K->62584K(850304K), 0.0048030 secs] [Times: user=0.03 sys=0.00, real=0.01 secs] 
2014-07-08T08:04:55.742+0000: 101.291: [GC [PSYoungGen: 163174K->1964K(160192K)] 223864K->62750K(847168K), 0.0034460 secs] [Times: user=0.02 sys=0.00, real=0.00 secs] 
2014-07-08T08:04:56.393+0000: 101.942: [GC [PSYoungGen: 160172K->1536K(156800K)] 220958K->62354K(843776K), 0.0060980 secs] [Times: user=0.02 sys=0.00, real=0.00 secs] 
2014-07-08T08:04:56.763+0000: 102.312: [GC [PSYoungGen: 156736K->1210K(153536K)] 217554K->62262K(840512K), 0.0032160 secs] [Times: user=0.02 sys=0.00, real=0.00 secs] 
2014-07-08T08:04:57.394+0000: 102.943: [GC [PSYoungGen: 153530K->1694K(151232K)] 214582K->62810K(838208K), 0.0072980 secs] [Times: user=0.04 sys=0.00, real=0.01 secs] 
2014-07-08T08:04:57.818+0000: 103.368: [GC [PSYoungGen: 151198K->1586K(181056K)] 212314K->62822K(868032K), 0.0057070 secs] [Times: user=0.03 sys=0.01, real=0.01 secs] 
2014-07-08T08:04:58.439+0000: 103.989: [GC [PSYoungGen: 180942K->1396K(177216K)] 242179K->62712K(864192K), 0.0037990 secs] [Times: user=0.02 sys=0.01, real=0.00 secs] 
2014-07-08T08:04:58.890+0000: 104.439: [GC [PSYoungGen: 177204K->1270K(190976K)] 238520K->62618K(877952K), 0.0103850 secs] [Times: user=0.05 sys=0.00, real=0.01 secs] 
2014-07-08T08:04:59.723+0000: 105.272: [GC [PSYoungGen: 190562K->1654K(191488K)] 251911K->63098K(878464K), 0.0048680 secs] [Times: user=0.03 sys=0.00, real=0.00 secs] 
2014-07-08T08:05:00.401+0000: 105.950: [GC [PSYoungGen: 190966K->1406K(229248K)] 252410K->62882K(916224K), 0.0051570 secs] [Times: user=0.02 sys=0.01, real=0.00 secs] 
2014-07-08T08:05:00.903+0000: 106.452: [GC [PSYoungGen: 228560K->1810K(229312K)] 290037K->63334K(916288K), 0.0067140 secs] [Times: user=0.03 sys=0.00, real=0.01 secs] 
2014-07-08T08:05:01.604+0000: 107.153: [GC [PSYoungGen: 229010K->1802K(223744K)] 290534K->63431K(910720K), 0.0051380 secs] [Times: user=0.03 sys=0.00, real=0.00 secs] 
2014-07-08T08:05:02.299+0000: 107.848: [GC [PSYoungGen: 223690K->2188K(219008K)] 285319K->63921K(905984K), 0.0050780 secs] [Times: user=0.02 sys=0.00, real=0.01 secs] 
2014-07-08T08:05:02.879+0000: 108.429: [GC [PSYoungGen: 218956K->424K(212288K)] 280689K->63638K(899264K), 0.0062570 secs] [Times: user=0.05 sys=0.00, real=0.01 secs] 
2014-07-08T08:05:03.586+0000: 109.135: [GC [PSYoungGen: 212261K->2276K(209408K)] 275475K->65571K(896384K), 0.0055460 secs] [Times: user=0.03 sys=0.01, real=0.01 secs] 
2014-07-08T08:05:04.034+0000: 109.584: [GC [PSYoungGen: 209380K->1300K(203840K)] 272675K->65162K(890816K), 0.0049110 secs] [Times: user=0.03 sys=0.00, real=0.00 secs] 
2014-07-08T08:05:04.661+0000: 110.210: [GC [PSYoungGen: 203796K->1903K(244928K)] 267658K->65838K(931904K), 0.0090440 secs] [Times: user=0.05 sys=0.00, real=0.01 secs] 
2014-07-08T08:05:05.381+0000: 110.931: [GC [PSYoungGen: 244877K->1915K(269696K)] 308812K->66158K(956672K), 0.0083780 secs] [Times: user=0.05 sys=0.00, real=0.00 secs] 
2014-07-08T08:05:05.894+0000: 111.443: [GC [PSYoungGen: 269658K->1976K(270464K)] 333901K->66285K(957440K), 0.0127140 secs] [Times: user=0.06 sys=0.00, real=0.01 secs] 
2014-07-08T08:05:06.825+0000: 112.374: [GC [PSYoungGen: 269752K->1760K(323904K)] 334061K->66239K(1010880K), 0.0050770 secs] [Times: user=0.03 sys=0.00, real=0.00 secs] 
2014-07-08T08:05:07.733+0000: 113.282: [GC [PSYoungGen: 323104K->1744K(314240K)] 387583K->66295K(1001216K), 0.0036370 secs] [Times: user=0.01 sys=0.00, real=0.00 secs] 
2014-07-08T08:05:08.645+0000: 114.195: [GC [PSYoungGen: 314177K->930K(304896K)] 378728K->66113K(991872K), 0.0053660 secs] [Times: user=0.03 sys=0.00, real=0.00 secs] 
2014-07-08T08:05:09.451+0000: 115.000: [GC [PSYoungGen: 304835K->2088K(297856K)] 370018K->67319K(984832K), 0.0059030 secs] [Times: user=0.04 sys=0.00, real=0.01 secs] 
2014-07-08T08:05:10.074+0000: 115.623: [GC [PSYoungGen: 297789K->1959K(289856K)] 363020K->67552K(976832K), 0.0048710 secs] [Times: user=0.02 sys=0.01, real=0.00 secs] 
2014-07-08T08:05:10.805+0000: 116.354: [GC [PSYoungGen: 289831K->1887K(282240K)] 355424K->67512K(969216K), 0.0102910 secs] [Times: user=0.05 sys=0.00, real=0.01 secs] 
2014-07-08T08:05:11.709+0000: 117.258: [GC [PSYoungGen: 282165K->1508K(274560K)] 347790K->67681K(961536K), 0.0030630 secs] [Times: user=0.02 sys=0.00, real=0.01 secs] 
2014-07-08T08:05:12.442+0000: 117.992: [GC [PSYoungGen: 274531K->2088K(268160K)] 340704K->68357K(955136K), 0.0038040 secs] [Times: user=0.02 sys=0.00, real=0.00 secs] 
2014-07-08T08:05:13.058+0000: 118.608: [GC [PSYoungGen: 268136K->1652K(260992K)] 334405K->68363K(947968K), 0.0056530 secs] [Times: user=0.03 sys=0.01, real=0.01 secs] 
2014-07-08T08:05:13.727+0000: 119.277: [GC [PSYoungGen: 260980K->2034K(254912K)] 327691K->68818K(941888K), 0.0029030 secs] [Times: user=0.01 sys=0.00, real=0.00 secs] 
2014-07-08T08:05:14.452+0000: 120.001: [GC [PSYoungGen: 254865K->1589K(248256K)] 321648K->68738K(935232K), 0.0047980 secs] [Times: user=0.02 sys=0.00, real=0.01 secs] 
2014-07-08T08:05:14.917+0000: 120.467: [GC [PSYoungGen: 248243K->2556K(243200K)] 315392K->69944K(930176K), 0.0029400 secs] [Times: user=0.01 sys=0.00, real=0.00 secs] 
2014-07-08T08:05:15.604+0000: 121.154: [GC [PSYoungGen: 243196K->998K(235904K)] 310584K->69424K(922880K), 0.0035860 secs] [Times: user=0.02 sys=0.00, real=0.00 secs] 
2014-07-08T08:05:16.172+0000: 121.722: [GC [PSYoungGen: 235878K->2505K(231872K)] 304304K->70994K(918848K), 0.0031060 secs] [Times: user=0.02 sys=0.00, real=0.00 secs] 
2014-07-08T08:05:16.744+0000: 122.293: [GC [PSYoungGen: 231817K->1706K(225664K)] 300306K->70708K(912640K), 0.0083150 secs] [Times: user=0.04 sys=0.01, real=0.01 secs] 
2014-07-08T08:05:17.468+0000: 123.017: [GC [PSYoungGen: 225642K->1900K(220672K)] 294644K->70974K(907648K), 0.0065470 secs] [Times: user=0.04 sys=0.00, real=0.01 secs] 
2014-07-08T08:05:17.976+0000: 123.526: [GC [PSYoungGen: 220638K->1806K(215616K)] 289711K->70944K(902592K), 0.0035830 secs] [Times: user=0.02 sys=0.00, real=0.00 secs] 
2014-07-08T08:05:18.691+0000: 124.240: [GC [PSYoungGen: 215531K->1942K(210944K)] 284669K->71176K(897920K), 0.0038560 secs] [Times: user=0.02 sys=0.00, real=0.01 secs] 
2014-07-08T08:05:19.303+0000: 124.852: [GC [PSYoungGen: 210902K->1700K(252480K)] 280136K->71054K(939456K), 0.0127780 secs] [Times: user=0.08 sys=0.00, real=0.01 secs] 
2014-07-08T08:05:19.866+0000: 125.416: [GC [PSYoungGen: 252436K->2249K(246912K)] 321790K->71659K(933888K), 0.0053590 secs] [Times: user=0.03 sys=0.00, real=0.00 secs] 
2014-07-08T08:05:20.586+0000: 126.135: [GC [PSYoungGen: 246857K->1262K(239936K)] 316267K->71483K(926912K), 0.0035140 secs] [Times: user=0.01 sys=0.00, real=0.00 secs] 
2014-07-08T08:05:21.110+0000: 126.660: [GC [PSYoungGen: 239918K->2038K(235008K)] 310139K->72315K(921984K), 0.0043980 secs] [Times: user=0.03 sys=0.00, real=0.01 secs] 
2014-07-08T08:05:21.720+0000: 127.269: [GC [PSYoungGen: 234998K->1970K(229440K)] 305275K->72878K(916416K), 0.0055100 secs] [Times: user=0.03 sys=0.00, real=0.01 secs] 
2014-07-08T08:05:22.414+0000: 127.964: [GC [PSYoungGen: 229425K->1858K(224064K)] 300332K->72846K(911040K), 0.0054500 secs] [Times: user=0.03 sys=0.01, real=0.00 secs] 
2014-07-08T08:05:22.810+0000: 128.360: [GC [PSYoungGen: 224002K->1644K(268288K)] 294990K->73124K(955264K), 0.0090420 secs] [Times: user=0.05 sys=0.00, real=0.01 secs] 
2014-07-08T08:05:23.815+0000: 129.364: [GC [PSYoungGen: 268267K->1592K(304192K)] 339747K->73128K(991168K), 0.0055480 secs] [Times: user=0.03 sys=0.00, real=0.00 secs] 
2014-07-08T08:05:24.594+0000: 130.143: [GC [PSYoungGen: 303096K->2249K(295744K)] 374632K->73865K(982720K), 0.0036880 secs] [Times: user=0.01 sys=0.00, real=0.00 secs] 
2014-07-08T08:05:25.262+0000: 130.811: [GC [PSYoungGen: 295689K->1838K(287488K)] 367305K->73526K(974464K), 0.0081160 secs] [Times: user=0.04 sys=0.00, real=0.01 secs] 
2014-07-08T08:05:25.828+0000: 131.377: [GC [PSYoungGen: 287470K->1378K(279552K)] 359158K->73380K(966528K), 0.0036250 secs] [Times: user=0.02 sys=0.00, real=0.00 secs] 
2014-07-08T08:05:26.645+0000: 132.195: [GC [PSYoungGen: 279522K->1838K(272832K)] 351524K->73896K(959808K), 0.0032040 secs] [Times: user=0.02 sys=0.00, real=0.00 secs] 
2014-07-08T08:05:27.422+0000: 132.972: [GC [PSYoungGen: 272814K->1576K(265664K)] 344872K->73748K(952640K), 0.0061250 secs] [Times: user=0.04 sys=0.01, real=0.01 secs] 
2014-07-08T08:05:28.020+0000: 133.569: [GC [PSYoungGen: 265640K->1502K(258944K)] 337812K->73770K(945920K), 0.0043080 secs] [Times: user=0.02 sys=0.01, real=0.01 secs] 
2014-07-08T08:05:28.927+0000: 134.476: [GC [PSYoungGen: 258891K->1456K(252480K)] 331160K->73788K(939456K), 0.0053410 secs] [Times: user=0.03 sys=0.01, real=0.00 secs] 
2014-07-08T08:05:29.860+0000: 135.410: [GC [PSYoungGen: 252464K->1200K(246080K)] 324796K->73620K(933056K), 0.0052010 secs] [Times: user=0.02 sys=0.00, real=0.01 secs] 
2014-07-08T08:05:30.701+0000: 136.250: [GC [PSYoungGen: 246064K->1042K(240000K)] 318484K->73526K(926976K), 0.0066500 secs] [Times: user=0.03 sys=0.01, real=0.01 secs] 
2014-07-08T08:05:31.518+0000: 137.068: [GC [PSYoungGen: 239954K->1168K(234432K)] 312438K->73724K(921408K), 0.0033720 secs] [Times: user=0.01 sys=0.00, real=0.00 secs] 
2014-07-08T08:05:32.372+0000: 137.921: [GC [PSYoungGen: 234383K->1526K(229248K)] 306939K->74170K(916224K), 0.0068220 secs] [Times: user=0.03 sys=0.00, real=0.01 secs] 
2014-07-08T08:05:33.053+0000: 138.602: [GC [PSYoungGen: 229201K->1520K(223936K)] 301845K->74212K(910912K), 0.0061770 secs] [Times: user=0.01 sys=0.00, real=0.01 secs] 
2014-07-08T08:05:33.818+0000: 139.368: [GC [PSYoungGen: 223903K->1480K(218816K)] 296596K->74244K(905792K), 0.0042160 secs] [Times: user=0.02 sys=0.00, real=0.00 secs] 
2014-07-08T08:05:34.588+0000: 140.138: [GC [PSYoungGen: 218760K->804K(213184K)] 291524K->73624K(900160K), 0.0052800 secs] [Times: user=0.02 sys=0.00, real=0.00 secs] 
2014-07-08T08:05:35.392+0000: 140.942: [GC [PSYoungGen: 213156K->1452K(209088K)] 285976K->74312K(896064K), 0.0146930 secs] [Times: user=0.10 sys=0.00, real=0.02 secs] 
2014-07-08T08:05:35.979+0000: 141.528: [GC [PSYoungGen: 209054K->1135K(204160K)] 281914K->74067K(891136K), 0.0040310 secs] [Times: user=0.01 sys=0.01, real=0.00 secs] 
2014-07-08T08:05:36.668+0000: 142.217: [GC [PSYoungGen: 204143K->1302K(199936K)] 277075K->74306K(886912K), 0.0052930 secs] [Times: user=0.03 sys=0.00, real=0.00 secs] 
2014-07-08T08:05:37.411+0000: 142.960: [GC [PSYoungGen: 199894K->1418K(195776K)] 272898K->74502K(882752K), 0.0047170 secs] [Times: user=0.01 sys=0.01, real=0.01 secs] 
2014-07-08T08:05:38.013+0000: 143.563: [GC [PSYoungGen: 195722K->786K(190976K)] 268806K->73942K(877952K), 0.0037160 secs] [Times: user=0.01 sys=0.00, real=0.01 secs] 
2014-07-08T08:05:38.720+0000: 144.269: [GC [PSYoungGen: 190930K->1152K(187328K)] 264086K->74380K(874304K), 0.0046810 secs] [Times: user=0.02 sys=0.00, real=0.00 secs] 
2014-07-08T08:05:39.407+0000: 144.957: [GC [PSYoungGen: 187215K->986K(183296K)] 260443K->74254K(870272K), 0.0036080 secs] [Times: user=0.01 sys=0.01, real=0.00 secs] 
2014-07-08T08:05:39.937+0000: 145.486: [GC [PSYoungGen: 183258K->1064K(179648K)] 256526K->74380K(866624K), 0.0038140 secs] [Times: user=0.01 sys=0.00, real=0.00 secs] 
2014-07-08T08:05:40.589+0000: 146.138: [GC [PSYoungGen: 179624K->1300K(176256K)] 252940K->74656K(863232K), 0.0091580 secs] [Times: user=0.05 sys=0.00, real=0.01 secs] 
2014-07-08T08:05:41.098+0000: 146.648: [GC [PSYoungGen: 176210K->1264K(172672K)] 249566K->74692K(859648K), 0.0051330 secs] [Times: user=0.02 sys=0.00, real=0.00 secs] 
2014-07-08T08:05:41.697+0000: 147.246: [GC [PSYoungGen: 172656K->1548K(169600K)] 246084K->75080K(856576K), 0.0071570 secs] [Times: user=0.05 sys=0.00, real=0.00 secs] 
2014-07-08T08:05:42.138+0000: 147.687: [GC [PSYoungGen: 169548K->1118K(165888K)] 243080K->74706K(852864K), 0.0038650 secs] [Times: user=0.01 sys=0.00, real=0.00 secs] 
2014-07-08T08:05:42.666+0000: 148.215: [GC [PSYoungGen: 165854K->1042K(162624K)] 239442K->74702K(849600K), 0.0031190 secs] [Times: user=0.02 sys=0.00, real=0.01 secs] 
2014-07-08T08:05:43.098+0000: 148.647: [GC [PSYoungGen: 162578K->1516K(160000K)] 236238K->75240K(846976K), 0.0052910 secs] [Times: user=0.03 sys=0.00, real=0.00 secs] 
2014-07-08T08:05:43.869+0000: 149.418: [GC [PSYoungGen: 159959K->1392K(156864K)] 233683K->75408K(843840K), 0.0042350 secs] [Times: user=0.03 sys=0.01, real=0.00 secs] 
2014-07-08T08:05:44.412+0000: 149.961: [GC [PSYoungGen: 156817K->2105K(154688K)] 230833K->76427K(841664K), 0.0039610 secs] [Times: user=0.02 sys=0.00, real=0.01 secs] 
2014-07-08T08:05:44.825+0000: 150.374: [GC [PSYoungGen: 154664K->762K(150528K)] 228986K->75456K(837504K), 0.0046250 secs] [Times: user=0.03 sys=0.00, real=0.01 secs] 
2014-07-08T08:05:45.277+0000: 150.826: [GC [PSYoungGen: 150498K->1638K(148736K)] 225192K->76380K(835712K), 0.0054970 secs] [Times: user=0.03 sys=0.00, real=0.00 secs] 
2014-07-08T08:05:45.703+0000: 151.253: [GC [PSYoungGen: 148661K->1214K(145664K)] 223404K->76276K(832640K), 0.0035250 secs] [Times: user=0.01 sys=0.00, real=0.01 secs] 
2014-07-08T08:05:46.105+0000: 151.654: [GC [PSYoungGen: 145662K->1314K(143232K)] 220724K->76472K(830208K), 0.0033980 secs] [Times: user=0.02 sys=0.00, real=0.01 secs] 
2014-07-08T08:05:46.631+0000: 152.180: [GC [PSYoungGen: 143191K->1602K(141056K)] 218349K->76841K(828032K), 0.0026270 secs] [Times: user=0.02 sys=0.00, real=0.00 secs] 
2014-07-08T08:05:46.996+0000: 152.545: [GC [PSYoungGen: 140965K->672K(168000K)] 216204K->75926K(854976K), 0.0077060 secs] [Times: user=0.01 sys=0.00, real=0.01 secs] 
2014-07-08T08:05:47.580+0000: 153.129: [GC [PSYoungGen: 167968K->1200K(165248K)] 243222K->76558K(852224K), 0.0047620 secs] [Times: user=0.03 sys=0.00, real=0.00 secs] 
2014-07-08T08:05:48.003+0000: 153.552: [GC [PSYoungGen: 165232K->1374K(162304K)] 240590K->76812K(849280K), 0.0045880 secs] [Times: user=0.03 sys=0.00, real=0.01 secs] 
2014-07-08T08:05:48.604+0000: 154.153: [GC [PSYoungGen: 162237K->1870K(159744K)] 237676K->77447K(846720K), 0.0023790 secs] [Times: user=0.01 sys=0.00, real=0.00 secs] 
2014-07-08T08:05:49.002+0000: 154.551: [GC [PSYoungGen: 159661K->1406K(156288K)] 235237K->77079K(843264K), 0.0040950 secs] [Times: user=0.02 sys=0.00, real=0.00 secs] 
2014-07-08T08:05:49.568+0000: 155.117: [GC [PSYoungGen: 156286K->1210K(153216K)] 231959K->76923K(840192K), 0.0067200 secs] [Times: user=0.02 sys=0.01, real=0.00 secs] 
2014-07-08T08:05:49.950+0000: 155.499: [GC [PSYoungGen: 153210K->1250K(150464K)] 228923K->77018K(837440K), 0.0029120 secs] [Times: user=0.02 sys=0.00, real=0.00 secs] 
2014-07-08T08:05:50.559+0000: 156.108: [GC [PSYoungGen: 150434K->1912K(148416K)] 226202K->77819K(835392K), 0.0036940 secs] [Times: user=0.02 sys=0.00, real=0.00 secs] 
2014-07-08T08:05:50.914+0000: 156.464: [GC [PSYoungGen: 148408K->1036K(176896K)] 224315K->77022K(863872K), 0.0095890 secs] [Times: user=0.05 sys=0.00, real=0.01 secs] 
2014-07-08T08:05:51.573+0000: 157.123: [GC [PSYoungGen: 176844K->1635K(212672K)] 252830K->77799K(899648K), 0.0052490 secs] [Times: user=0.02 sys=0.00, real=0.01 secs] 
2014-07-08T08:05:52.156+0000: 157.706: [GC [PSYoungGen: 212643K->1510K(254784K)] 288807K->77754K(941760K), 0.0043400 secs] [Times: user=0.02 sys=0.00, real=0.01 secs] 
2014-07-08T08:05:52.935+0000: 158.485: [GC [PSYoungGen: 254758K->822K(247808K)] 331002K->77364K(934784K), 0.0042200 secs] [Times: user=0.02 sys=0.00, real=0.01 secs] 
2014-07-08T08:05:53.755+0000: 159.305: [GC [PSYoungGen: 247798K->818K(241792K)] 324340K->77440K(928768K), 0.0050720 secs] [Times: user=0.03 sys=0.00, real=0.01 secs] 
2014-07-08T08:05:54.468+0000: 160.017: [GC [PSYoungGen: 241778K->1040K(236288K)] 318400K->77726K(923264K), 0.0031080 secs] [Times: user=0.02 sys=0.00, real=0.01 secs] 
2014-07-08T08:05:55.137+0000: 160.686: [GC [PSYoungGen: 236240K->1398K(231040K)] 312926K->78165K(918016K), 0.0059980 secs] [Times: user=0.03 sys=0.00, real=0.01 secs] 
2014-07-08T08:05:55.891+0000: 161.440: [GC [PSYoungGen: 231030K->1268K(225536K)] 307797K->78130K(912512K), 0.0029260 secs] [Times: user=0.02 sys=0.00, real=0.00 secs] 
2014-07-08T08:05:56.686+0000: 162.235: [GC [PSYoungGen: 225524K->1793K(220928K)] 302386K->78744K(907904K), 0.0031500 secs] [Times: user=0.01 sys=0.01, real=0.01 secs] 
2014-07-08T08:05:57.379+0000: 162.928: [GC [PSYoungGen: 220865K->1136K(215232K)] 297816K->78290K(902208K), 0.0045910 secs] [Times: user=0.03 sys=0.00, real=0.00 secs] 
2014-07-08T08:05:57.944+0000: 163.494: [GC [PSYoungGen: 215216K->1146K(210432K)] 292370K->78364K(897408K), 0.0054830 secs] [Times: user=0.01 sys=0.00, real=0.01 secs] 
2014-07-08T08:05:58.802+0000: 164.352: [GC [PSYoungGen: 210426K->1524K(206144K)] 287644K->78856K(893120K), 0.0057260 secs] [Times: user=0.03 sys=0.00, real=0.01 secs] 
2014-07-08T08:05:59.385+0000: 164.934: [GC [PSYoungGen: 206101K->1014K(201152K)] 283434K->78442K(888128K), 0.0042600 secs] [Times: user=0.02 sys=0.00, real=0.01 secs] 
2014-07-08T08:05:59.902+0000: 165.451: [GC [PSYoungGen: 201142K->1378K(197184K)] 278570K->78894K(884160K), 0.0036600 secs] [Times: user=0.03 sys=0.00, real=0.00 secs] 
2014-07-08T08:06:00.585+0000: 166.134: [GC [PSYoungGen: 197147K->1386K(192960K)] 274664K->79006K(879936K), 0.0038090 secs] [Times: user=0.02 sys=0.01, real=0.00 secs] 
2014-07-08T08:06:01.085+0000: 166.634: [GC [PSYoungGen: 192938K->1328K(188864K)] 270558K->79044K(875840K), 0.0050310 secs] [Times: user=0.03 sys=0.00, real=0.01 secs] 
2014-07-08T08:06:01.714+0000: 167.264: [GC [PSYoungGen: 188848K->672K(184320K)] 266564K->78436K(871296K), 0.0062930 secs] [Times: user=0.03 sys=0.00, real=0.01 secs] 
2014-07-08T08:06:02.220+0000: 167.769: [GC [PSYoungGen: 184288K->1228K(221632K)] 262052K->79024K(908608K), 0.0191390 secs] [Times: user=0.12 sys=0.00, real=0.02 secs] 
2014-07-08T08:06:02.976+0000: 168.525: [GC [PSYoungGen: 221580K->946K(266240K)] 299376K->78822K(953216K), 0.0034280 secs] [Times: user=0.01 sys=0.00, real=0.01 secs] 
2014-07-08T08:06:03.824+0000: 169.374: [GC [PSYoungGen: 265200K->996K(266368K)] 343077K->78976K(953344K), 0.0040430 secs] [Times: user=0.02 sys=0.01, real=0.00 secs] 
2014-07-08T08:06:04.591+0000: 170.140: [GC [PSYoungGen: 265444K->1102K(258944K)] 343424K->79147K(945920K), 0.0032410 secs] [Times: user=0.01 sys=0.00, real=0.00 secs] 
2014-07-08T08:06:05.367+0000: 170.916: [GC [PSYoungGen: 258894K->826K(252224K)] 336939K->79333K(939200K), 0.0055720 secs] [Times: user=0.03 sys=0.00, real=0.01 secs] 
2014-07-08T08:06:06.126+0000: 171.675: [GC [PSYoungGen: 252218K->1278K(246528K)] 330725K->79841K(933504K), 0.0032730 secs] [Times: user=0.01 sys=0.00, real=0.00 secs] 
2014-07-08T08:06:06.821+0000: 172.371: [GC [PSYoungGen: 246526K->1168K(240512K)] 325089K->80001K(927488K), 0.0040970 secs] [Times: user=0.02 sys=0.00, real=0.00 secs] 
2014-07-08T08:06:07.592+0000: 173.141: [GC [PSYoungGen: 240464K->1106K(234688K)] 319297K->80011K(921664K), 0.0041770 secs] [Times: user=0.01 sys=0.00, real=0.00 secs] 
2014-07-08T08:06:08.227+0000: 173.777: [GC [PSYoungGen: 234642K->1140K(229184K)] 313547K->80221K(916160K), 0.0075820 secs] [Times: user=0.04 sys=0.00, real=0.01 secs] 
2014-07-08T08:06:08.970+0000: 174.519: [GC [PSYoungGen: 229172K->1552K(224320K)] 308253K->80713K(911296K), 0.0034580 secs] [Times: user=0.02 sys=0.00, real=0.01 secs] 
2014-07-08T08:06:09.706+0000: 175.255: [GC [PSYoungGen: 224253K->740K(218368K)] 303414K->80491K(905344K), 0.0041660 secs] [Times: user=0.02 sys=0.00, real=0.01 secs] 
2014-07-08T08:06:10.358+0000: 175.908: [GC [PSYoungGen: 218340K->1396K(214080K)] 298091K->81187K(901056K), 0.0081180 secs] [Times: user=0.04 sys=0.00, real=0.01 secs] 
2014-07-08T08:06:10.935+0000: 176.484: [GC [PSYoungGen: 214068K->1178K(209088K)] 293859K->81221K(896064K), 0.0067320 secs] [Times: user=0.04 sys=0.00, real=0.01 secs] 
2014-07-08T08:06:11.629+0000: 177.178: [GC [PSYoungGen: 209011K->1238K(204544K)] 289054K->81377K(891520K), 0.0032900 secs] [Times: user=0.02 sys=0.00, real=0.01 secs] 
2014-07-08T08:06:12.212+0000: 177.762: [GC [PSYoungGen: 204473K->1015K(199808K)] 284612K->82085K(886784K), 0.0048470 secs] [Times: user=0.03 sys=0.00, real=0.00 secs] 
2014-07-08T08:06:12.855+0000: 178.404: [GC [PSYoungGen: 199799K->1414K(195968K)] 280869K->82556K(882944K), 0.0058140 secs] [Times: user=0.04 sys=0.00, real=0.00 secs] 
2014-07-08T08:06:13.475+0000: 179.024: [GC [PSYoungGen: 195910K->822K(191168K)] 277052K->82266K(878144K), 0.0043200 secs] [Times: user=0.01 sys=0.00, real=0.00 secs] 
2014-07-08T08:06:14.018+0000: 179.567: [GC [PSYoungGen: 191114K->1231K(187584K)] 272558K->82747K(874560K), 0.0029750 secs] [Times: user=0.01 sys=0.00, real=0.01 secs] 
2014-07-08T08:06:14.644+0000: 180.194: [GC [PSYoungGen: 187535K->918K(183360K)] 269051K->82522K(870336K), 0.0039280 secs] [Times: user=0.02 sys=0.00, real=0.00 secs] 
2014-07-08T08:06:15.153+0000: 180.702: [GC [PSYoungGen: 183317K->1414K(180096K)] 264921K->83066K(867072K), 0.0036850 secs] [Times: user=0.01 sys=0.01, real=0.00 secs] 
2014-07-08T08:06:15.810+0000: 181.359: [GC [PSYoungGen: 180038K->804K(175808K)] 261690K->82536K(862784K), 0.0047360 secs] [Times: user=0.02 sys=0.00, real=0.01 secs] 
2014-07-08T08:06:16.364+0000: 181.913: [GC [PSYoungGen: 175780K->1224K(211264K)] 257512K->83028K(898240K), 0.0118840 secs] [Times: user=0.07 sys=0.00, real=0.01 secs] 
2014-07-08T08:06:16.908+0000: 182.458: [GC [PSYoungGen: 211178K->1132K(253760K)] 292982K->83008K(940736K), 0.0059410 secs] [Times: user=0.03 sys=0.00, real=0.01 secs] 
2014-07-08T08:06:17.716+0000: 183.265: [GC [PSYoungGen: 253100K->786K(246592K)] 334976K->82726K(933568K), 0.0039770 secs] [Times: user=0.01 sys=0.00, real=0.00 secs] 
2014-07-08T08:06:18.501+0000: 184.051: [GC [PSYoungGen: 246517K->992K(240832K)] 328457K->83200K(927808K), 0.0068960 secs] [Times: user=0.04 sys=0.00, real=0.00 secs] 
2014-07-08T08:06:19.207+0000: 184.757: [GC [PSYoungGen: 240800K->1364K(235456K)] 323008K->83604K(922432K), 0.0035990 secs] [Times: user=0.01 sys=0.00, real=0.00 secs] 
2014-07-08T08:06:19.871+0000: 185.420: [GC [PSYoungGen: 235411K->1202K(229696K)] 317651K->83663K(916672K), 0.0048770 secs] [Times: user=0.03 sys=0.00, real=0.01 secs] 
2014-07-08T08:06:20.604+0000: 186.154: [GC [PSYoungGen: 229682K->868K(224064K)] 312143K->83416K(911040K), 0.0038110 secs] [Times: user=0.02 sys=0.00, real=0.00 secs] 
2014-07-08T08:06:21.249+0000: 186.798: [GC [PSYoungGen: 224036K->1370K(219456K)] 306584K->83982K(906432K), 0.0045430 secs] [Times: user=0.02 sys=0.01, real=0.01 secs] 
2014-07-08T08:06:21.850+0000: 187.399: [GC [PSYoungGen: 219371K->1252K(214336K)] 301983K->83928K(901312K), 0.0052620 secs] [Times: user=0.03 sys=0.01, real=0.01 secs] 
2014-07-08T08:06:22.694+0000: 188.243: [GC [PSYoungGen: 214308K->1064K(209344K)] 296984K->84212K(896320K), 0.0045960 secs] [Times: user=0.02 sys=0.00, real=0.00 secs] 
2014-07-08T08:06:23.362+0000: 188.911: [GC [PSYoungGen: 209311K->1830K(205504K)] 292460K->85158K(892480K), 0.0049760 secs] [Times: user=0.03 sys=0.00, real=0.00 secs] 
2014-07-08T08:06:23.979+0000: 189.529: [GC [PSYoungGen: 205478K->804K(200000K)] 288806K->84846K(886976K), 0.0062430 secs] [Times: user=0.04 sys=0.00, real=0.01 secs] 
2014-07-08T08:06:24.652+0000: 190.201: [GC [PSYoungGen: 199953K->1186K(196096K)] 283995K->85292K(883072K), 0.0048380 secs] [Times: user=0.03 sys=0.00, real=0.00 secs] 
2014-07-08T08:06:25.231+0000: 190.780: [GC [PSYoungGen: 196066K->1580K(192320K)] 280172K->85899K(879296K), 0.0083230 secs] [Times: user=0.05 sys=0.00, real=0.01 secs] 
2014-07-08T08:06:25.749+0000: 191.298: [GC [PSYoungGen: 192300K->786K(187520K)] 276619K->85176K(874496K), 0.0051170 secs] [Times: user=0.02 sys=0.00, real=0.01 secs] 
2014-07-08T08:06:26.334+0000: 191.883: [GC [PSYoungGen: 187474K->1278K(184064K)] 271864K->85716K(871040K), 0.0049860 secs] [Times: user=0.02 sys=0.00, real=0.00 secs] 
2014-07-08T08:06:26.904+0000: 192.453: [GC [PSYoungGen: 184062K->1014K(180032K)] 268500K->85556K(867008K), 0.0058420 secs] [Times: user=0.03 sys=0.00, real=0.00 secs] 
2014-07-08T08:06:27.462+0000: 193.011: [GC [PSYoungGen: 180022K->1252K(176640K)] 264564K->85859K(863616K), 0.0053990 secs] [Times: user=0.03 sys=0.00, real=0.01 secs] 
2014-07-08T08:06:27.906+0000: 193.456: [GC [PSYoungGen: 176612K->1150K(172992K)] 261219K->85828K(859968K), 0.0058610 secs] [Times: user=0.03 sys=0.00, real=0.00 secs] 
2014-07-08T08:06:28.500+0000: 194.049: [GC [PSYoungGen: 172985K->1452K(207680K)] 257664K->86494K(894656K), 0.0064210 secs] [Times: user=0.04 sys=0.00, real=0.01 secs] 
2014-07-08T08:06:29.179+0000: 194.729: [GC [PSYoungGen: 207660K->1434K(203136K)] 292702K->86540K(890112K), 0.0063560 secs] [Times: user=0.03 sys=0.00, real=0.01 secs] 
2014-07-08T08:06:29.780+0000: 195.329: [GC [PSYoungGen: 203069K->1071K(239744K)] 288175K->86305K(926720K), 0.0075530 secs] [Times: user=0.04 sys=0.00, real=0.01 secs] 
2014-07-08T08:06:30.576+0000: 196.125: [GC [PSYoungGen: 239727K->1240K(234240K)] 324961K->86538K(921216K), 0.0039210 secs] [Times: user=0.02 sys=0.01, real=0.00 secs] 
2014-07-08T08:06:31.245+0000: 196.794: [GC [PSYoungGen: 234200K->702K(228160K)] 319498K->86624K(915136K), 0.0054830 secs] [Times: user=0.04 sys=0.00, real=0.00 secs] 
2014-07-08T08:06:31.906+0000: 197.455: [GC [PSYoungGen: 228158K->1460K(223616K)] 314080K->87480K(910592K), 0.0042280 secs] [Times: user=0.02 sys=0.00, real=0.00 secs] 
2014-07-08T08:06:32.609+0000: 198.159: [GC [PSYoungGen: 223603K->1114K(218176K)] 309623K->87634K(905152K), 0.0047580 secs] [Times: user=0.03 sys=0.00, real=0.01 secs] 
2014-07-08T08:06:33.205+0000: 198.754: [GC [PSYoungGen: 218138K->1516K(213632K)] 304658K->88124K(900608K), 0.0075760 secs] [Times: user=0.04 sys=0.00, real=0.00 secs] 
2014-07-08T08:06:33.835+0000: 199.385: [GC [PSYoungGen: 213612K->1068K(208448K)] 300220K->87974K(895424K), 0.0035610 secs] [Times: user=0.02 sys=0.00, real=0.00 secs] 
2014-07-08T08:06:34.597+0000: 200.147: [GC [PSYoungGen: 208407K->1506K(204288K)] 295313K->88516K(891264K), 0.0042280 secs] [Times: user=0.03 sys=0.00, real=0.00 secs] 
2014-07-08T08:06:35.299+0000: 200.849: [GC [PSYoungGen: 204258K->1150K(199488K)] 291268K->88450K(886464K), 0.0065670 secs] [Times: user=0.04 sys=0.00, real=0.01 secs] 
2014-07-08T08:06:35.846+0000: 201.396: [GC [PSYoungGen: 199486K->754K(194816K)] 286786K->88126K(881792K), 0.0039220 secs] [Times: user=0.02 sys=0.00, real=0.00 secs] 
2014-07-08T08:06:36.495+0000: 202.045: [GC [PSYoungGen: 194802K->904K(190848K)] 282174K->88364K(877824K), 0.0043570 secs] [Times: user=0.02 sys=0.00, real=0.00 secs] 
2014-07-08T08:06:36.980+0000: 202.529: [GC [PSYoungGen: 190792K->1270K(187200K)] 278252K->88826K(874176K), 0.0039040 secs] [Times: user=0.02 sys=0.00, real=0.01 secs] 
2014-07-08T08:06:37.589+0000: 203.139: [GC [PSYoungGen: 187190K->690K(182784K)] 274746K->88294K(869760K), 0.0052920 secs] [Times: user=0.02 sys=0.00, real=0.01 secs] 
2014-07-08T08:06:38.066+0000: 203.616: [GC [PSYoungGen: 182770K->922K(179328K)] 270374K->88582K(866304K), 0.0050560 secs] [Times: user=0.03 sys=0.00, real=0.00 secs] 
2014-07-08T08:06:38.655+0000: 204.204: [GC [PSYoungGen: 179290K->1136K(175936K)] 266950K->88892K(862912K), 0.0040420 secs] [Times: user=0.02 sys=0.00, real=0.00 secs] 
2014-07-08T08:06:39.215+0000: 204.764: [GC [PSYoungGen: 175920K->1782K(211584K)] 263676K->89586K(898560K), 0.0127960 secs] [Times: user=0.07 sys=0.00, real=0.01 secs] 
2014-07-08T08:06:39.839+0000: 205.389: [GC [PSYoungGen: 211574K->698K(205824K)] 299378K->88818K(892800K), 0.0035290 secs] [Times: user=0.02 sys=0.00, real=0.00 secs] 
2014-07-08T08:06:40.500+0000: 206.049: [GC [PSYoungGen: 205818K->1899K(202496K)] 293938K->90307K(889472K), 0.0050940 secs] [Times: user=0.02 sys=0.00, real=0.01 secs] 
2014-07-08T08:06:41.011+0000: 206.560: [GC [PSYoungGen: 202475K->822K(197056K)] 290883K->89568K(884032K), 0.0047830 secs] [Times: user=0.03 sys=0.00, real=0.01 secs] 
2014-07-08T08:06:41.723+0000: 207.272: [GC [PSYoungGen: 197046K->1220K(193280K)] 285792K->90079K(880256K), 0.0043260 secs] [Times: user=0.02 sys=0.00, real=0.01 secs] 
2014-07-08T08:06:42.311+0000: 207.860: [GC [PSYoungGen: 193215K->1410K(189376K)] 282073K->90332K(876352K), 0.0037150 secs] [Times: user=0.02 sys=0.01, real=0.00 secs] 
2014-07-08T08:06:42.814+0000: 208.364: [GC [PSYoungGen: 189314K->1564K(185600K)] 278236K->90599K(872576K), 0.0054070 secs] [Times: user=0.03 sys=0.00, real=0.01 secs] 
2014-07-08T08:06:43.417+0000: 208.966: [GC [PSYoungGen: 185564K->1200K(222016K)] 274599K->90266K(908992K), 0.0102010 secs] [Times: user=0.07 sys=0.00, real=0.01 secs] 
2014-07-08T08:06:44.005+0000: 209.554: [GC [PSYoungGen: 222000K->1104K(216896K)] 311066K->90226K(903872K), 0.0036340 secs] [Times: user=0.02 sys=0.00, real=0.01 secs] 
2014-07-08T08:06:44.751+0000: 210.300: [GC [PSYoungGen: 216848K->790K(211712K)] 305970K->89952K(898688K), 0.0055790 secs] [Times: user=0.03 sys=0.00, real=0.01 secs] 
2014-07-08T08:06:45.414+0000: 210.963: [GC [PSYoungGen: 211670K->1036K(207232K)] 300832K->90262K(894208K), 0.0065060 secs] [Times: user=0.03 sys=0.00, real=0.01 secs] 
2014-07-08T08:06:45.927+0000: 211.476: [GC [PSYoungGen: 207151K->1376K(203008K)] 296377K->90691K(889984K), 0.0035820 secs] [Times: user=0.02 sys=0.00, real=0.00 secs] 
2014-07-08T08:06:46.594+0000: 212.144: [GC [PSYoungGen: 202976K->1356K(198592K)] 292291K->90759K(885568K), 0.0042070 secs] [Times: user=0.02 sys=0.00, real=0.01 secs] 
2014-07-08T08:06:47.133+0000: 212.682: [GC [PSYoungGen: 198540K->1200K(194176K)] 287943K->90698K(881152K), 0.0034560 secs] [Times: user=0.02 sys=0.00, real=0.01 secs] 
2014-07-08T08:06:47.836+0000: 213.386: [GC [PSYoungGen: 194145K->1314K(190208K)] 283644K->90916K(877184K), 0.0051030 secs] [Times: user=0.03 sys=0.00, real=0.00 secs] 
2014-07-08T08:06:48.449+0000: 213.998: [GC [PSYoungGen: 190178K->1314K(186240K)] 279780K->91053K(873216K), 0.0035090 secs] [Times: user=0.02 sys=0.00, real=0.00 secs] 
2014-07-08T08:06:48.918+0000: 214.467: [GC [PSYoungGen: 186210K->868K(181952K)] 275949K->90694K(868928K), 0.0029460 secs] [Times: user=0.02 sys=0.00, real=0.00 secs] 
2014-07-08T08:06:49.613+0000: 215.163: [GC [PSYoungGen: 181910K->1442K(178816K)] 271737K->91324K(865792K), 0.0045050 secs] [Times: user=0.02 sys=0.00, real=0.01 secs] 
2014-07-08T08:06:50.036+0000: 215.585: [GC [PSYoungGen: 178768K->954K(174720K)] 268651K->90892K(861696K), 0.0073310 secs] [Times: user=0.04 sys=0.00, real=0.00 secs] 
2014-07-08T08:06:50.605+0000: 216.154: [GC [PSYoungGen: 174714K->672K(171008K)] 264652K->90674K(857984K), 0.0053780 secs] [Times: user=0.02 sys=0.00, real=0.01 secs] 
2014-07-08T08:06:51.042+0000: 216.591: [GC [PSYoungGen: 170976K->1268K(168256K)] 260978K->91342K(855232K), 0.0044320 secs] [Times: user=0.02 sys=0.00, real=0.01 secs] 
2014-07-08T08:06:51.607+0000: 217.156: [GC [PSYoungGen: 168244K->896K(164608K)] 258318K->91050K(851584K), 0.0056320 secs] [Times: user=0.03 sys=0.00, real=0.00 secs] 
2014-07-08T08:06:52.042+0000: 217.591: [GC [PSYoungGen: 164608K->1058K(197568K)] 254762K->91252K(884544K), 0.0061010 secs] [Times: user=0.04 sys=0.00, real=0.01 secs] 
2014-07-08T08:06:52.673+0000: 218.222: [GC [PSYoungGen: 197511K->1396K(193664K)] 287706K->91678K(880640K), 0.0036580 secs] [Times: user=0.02 sys=0.00, real=0.00 secs] 
2014-07-08T08:06:53.209+0000: 218.759: [GC [PSYoungGen: 193608K->1338K(189504K)] 283890K->91701K(876480K), 0.0039960 secs] [Times: user=0.02 sys=0.00, real=0.00 secs] 
2014-07-08T08:06:53.789+0000: 219.339: [GC [PSYoungGen: 189498K->736K(184960K)] 279861K->91178K(871936K), 0.0054250 secs] [Times: user=0.03 sys=0.00, real=0.00 secs] 
2014-07-08T08:06:54.466+0000: 220.015: [GC [PSYoungGen: 184882K->1670K(182144K)] 275325K->92176K(869120K), 0.0060870 secs] [Times: user=0.03 sys=0.00, real=0.01 secs] 
2014-07-08T08:06:55.016+0000: 220.566: [GC [PSYoungGen: 182086K->1092K(177856K)] 272592K->91678K(864832K), 0.0057130 secs] [Times: user=0.03 sys=0.00, real=0.01 secs] 
2014-07-08T08:06:55.579+0000: 221.128: [GC [PSYoungGen: 177796K->1054K(174208K)] 268382K->91736K(861184K), 0.0034230 secs] [Times: user=0.02 sys=0.00, real=0.00 secs] 
2014-07-08T08:06:56.030+0000: 221.580: [GC [PSYoungGen: 174174K->982K(170688K)] 264856K->91728K(857664K), 0.0037380 secs] [Times: user=0.02 sys=0.00, real=0.00 secs] 
2014-07-08T08:06:56.600+0000: 222.150: [GC [PSYoungGen: 170644K->1114K(167488K)] 261391K->91956K(854464K), 0.0041970 secs] [Times: user=0.02 sys=0.00, real=0.00 secs] 
2014-07-08T08:06:57.019+0000: 222.569: [GC [PSYoungGen: 167447K->1314K(164480K)] 258290K->92228K(851456K), 0.0035190 secs] [Times: user=0.02 sys=0.00, real=0.00 secs] 
2014-07-08T08:06:57.569+0000: 223.118: [GC [PSYoungGen: 164450K->864K(160896K)] 255364K->91834K(847872K), 0.0028930 secs] [Times: user=0.01 sys=0.00, real=0.00 secs] 
2014-07-08T08:06:57.981+0000: 223.530: [GC [PSYoungGen: 160864K->904K(157952K)] 251834K->91930K(844928K), 0.0042930 secs] [Times: user=0.01 sys=0.00, real=0.00 secs] 
2014-07-08T08:06:58.519+0000: 224.068: [GC [PSYoungGen: 157822K->1391K(155456K)] 248849K->92465K(842432K), 0.0057250 secs] [Times: user=0.04 sys=0.00, real=0.00 secs] 
2014-07-08T08:06:58.916+0000: 224.465: [GC [PSYoungGen: 155439K->950K(185856K)] 246513K->92088K(872832K), 0.0080100 secs] [Times: user=0.05 sys=0.00, real=0.01 secs] 
2014-07-08T08:06:59.568+0000: 225.117: [GC [PSYoungGen: 185846K->990K(204928K)] 276984K->92184K(891904K), 0.0051530 secs] [Times: user=0.03 sys=0.00, real=0.01 secs] 
2014-07-08T08:07:00.091+0000: 225.640: [GC [PSYoungGen: 204116K->1223K(200000K)] 295311K->92458K(886976K), 0.0044930 secs] [Times: user=0.01 sys=0.00, real=0.00 secs] 
2014-07-08T08:07:00.871+0000: 226.420: [GC [PSYoungGen: 199903K->1655K(196096K)] 291137K->92953K(883072K), 0.0035790 secs] [Times: user=0.01 sys=0.00, real=0.00 secs] 
2014-07-08T08:07:01.553+0000: 227.102: [GC [PSYoungGen: 196087K->548K(190848K)] 287385K->92191K(877824K), 0.0035060 secs] [Times: user=0.02 sys=0.00, real=0.00 secs] 
2014-07-08T08:07:02.043+0000: 227.592: [GC [PSYoungGen: 190820K->1528K(187776K)] 282463K->93252K(874752K), 0.0038770 secs] [Times: user=0.02 sys=0.00, real=0.00 secs] 
2014-07-08T08:07:02.662+0000: 228.211: [GC [PSYoungGen: 187768K->882K(183232K)] 279492K->92960K(870208K), 0.0052260 secs] [Times: user=0.03 sys=0.00, real=0.00 secs] 
2014-07-08T08:07:03.167+0000: 228.716: [GC [PSYoungGen: 183199K->1156K(179776K)] 275277K->93290K(866752K), 0.0063980 secs] [Times: user=0.03 sys=0.00, real=0.01 secs] 
2014-07-08T08:07:03.709+0000: 229.259: [GC [PSYoungGen: 179716K->1132K(176064K)] 271850K->93346K(863040K), 0.0030500 secs] [Times: user=0.01 sys=0.00, real=0.00 secs] 
2014-07-08T08:07:04.205+0000: 229.755: [GC [PSYoungGen: 176044K->1606K(173056K)] 268258K->93868K(860032K), 0.0054530 secs] [Times: user=0.03 sys=0.01, real=0.01 secs] 
2014-07-08T08:07:04.798+0000: 230.347: [GC [PSYoungGen: 172998K->822K(168832K)] 265260K->93466K(855808K), 0.0046310 secs] [Times: user=0.01 sys=0.01, real=0.00 secs] 
2014-07-08T08:07:05.312+0000: 230.861: [GC [PSYoungGen: 168822K->1420K(166208K)] 261466K->94160K(853184K), 0.0046340 secs] [Times: user=0.03 sys=0.01, real=0.00 secs] 
2014-07-08T08:07:05.775+0000: 231.324: [GC [PSYoungGen: 166111K->850K(162432K)] 258851K->93752K(849408K), 0.0027760 secs] [Times: user=0.02 sys=0.00, real=0.00 secs] 
2014-07-08T08:07:06.243+0000: 231.793: [GC [PSYoungGen: 162386K->1232K(159744K)] 255288K->94190K(846720K), 0.0081660 secs] [Times: user=0.05 sys=0.00, real=0.01 secs] 
2014-07-08T08:07:06.831+0000: 232.380: [GC [PSYoungGen: 159636K->1370K(156864K)] 252594K->94416K(843840K), 0.0050950 secs] [Times: user=0.04 sys=0.00, real=0.00 secs] 
2014-07-08T08:07:07.345+0000: 232.895: [GC [PSYoungGen: 156826K->1780K(154368K)] 249872K->94906K(841344K), 0.0054090 secs] [Times: user=0.02 sys=0.00, real=0.01 secs] 
2014-07-08T08:07:07.741+0000: 233.290: [GC [PSYoungGen: 154356K->437K(150208K)] 247482K->94057K(837184K), 0.0028020 secs] [Times: user=0.01 sys=0.00, real=0.00 secs] 
2014-07-08T08:07:08.157+0000: 233.706: [GC [PSYoungGen: 150197K->1846K(181568K)] 243817K->95514K(868544K), 0.0057730 secs] [Times: user=0.04 sys=0.00, real=0.01 secs] 
2014-07-08T08:07:08.757+0000: 234.306: [GC [PSYoungGen: 181540K->957K(177024K)] 275208K->95195K(864000K), 0.0037930 secs] [Times: user=0.02 sys=0.00, real=0.01 secs] 
2014-07-08T08:07:09.265+0000: 234.815: [GC [PSYoungGen: 177021K->1216K(173824K)] 271259K->95534K(860800K), 0.0048990 secs] [Times: user=0.02 sys=0.00, real=0.01 secs] 
2014-07-08T08:07:09.810+0000: 235.359: [GC [PSYoungGen: 173760K->864K(169984K)] 268078K->95278K(856960K), 0.0047120 secs] [Times: user=0.02 sys=0.00, real=0.00 secs] 
2014-07-08T08:07:10.315+0000: 235.864: [GC [PSYoungGen: 169950K->1278K(167040K)] 264364K->95756K(854016K), 0.0054060 secs] [Times: user=0.03 sys=0.00, real=0.01 secs] 
2014-07-08T08:07:10.805+0000: 236.354: [GC [PSYoungGen: 167038K->868K(199808K)] 261516K->95434K(886784K), 0.0088620 secs] [Times: user=0.05 sys=0.01, real=0.01 secs] 
2014-07-08T08:07:11.439+0000: 236.988: [GC [PSYoungGen: 199780K->786K(209152K)] 294346K->95440K(896128K), 0.0043640 secs] [Times: user=0.02 sys=0.01, real=0.00 secs] 
2014-07-08T08:07:11.968+0000: 237.517: [GC [PSYoungGen: 207954K->1040K(240768K)] 302608K->95742K(927744K), 0.0067950 secs] [Times: user=0.04 sys=0.01, real=0.01 secs] 
2014-07-08T08:07:12.742+0000: 238.291: [GC [PSYoungGen: 239824K->1462K(234560K)] 334526K->96245K(921536K), 0.0046210 secs] [Times: user=0.02 sys=0.00, real=0.00 secs] 
2014-07-08T08:07:13.532+0000: 239.081: [GC [PSYoungGen: 234550K->484K(228096K)] 329332K->95972K(915072K), 0.0080190 secs] [Times: user=0.05 sys=0.00, real=0.01 secs] 
2014-07-08T08:07:14.205+0000: 239.754: [GC [PSYoungGen: 228068K->1770K(224064K)] 323556K->97274K(911040K), 0.0058280 secs] [Times: user=0.01 sys=0.00, real=0.01 secs] 
2014-07-08T08:07:14.899+0000: 240.449: [GC [PSYoungGen: 224041K->832K(217984K)] 319545K->96944K(904960K), 0.0067660 secs] [Times: user=0.03 sys=0.00, real=0.01 secs] 
2014-07-08T08:07:15.590+0000: 241.139: [GC [PSYoungGen: 217902K->1000K(213248K)] 314015K->97176K(900224K), 0.0038370 secs] [Times: user=0.02 sys=0.00, real=0.01 secs] 
2014-07-08T08:07:16.177+0000: 241.727: [GC [PSYoungGen: 213224K->1304K(208832K)] 309400K->97512K(895808K), 0.0038650 secs] [Times: user=0.02 sys=0.00, real=0.01 secs] 
2014-07-08T08:07:16.838+0000: 242.388: [GC [PSYoungGen: 208792K->1281K(204224K)] 305000K->97570K(891200K), 0.0066250 secs] [Times: user=0.03 sys=0.00, real=0.01 secs] 
2014-07-08T08:07:17.468+0000: 243.017: [GC [PSYoungGen: 204161K->1186K(199680K)] 300450K->97562K(886656K), 0.0028320 secs] [Times: user=0.01 sys=0.00, real=0.01 secs] 
2014-07-08T08:07:18.021+0000: 243.571: [GC [PSYoungGen: 199650K->1348K(195584K)] 296026K->97781K(882560K), 0.0043570 secs] [Times: user=0.02 sys=0.00, real=0.00 secs] 
2014-07-08T08:07:18.690+0000: 244.240: [GC [PSYoungGen: 195524K->986K(191040K)] 291957K->97522K(878016K), 0.0044810 secs] [Times: user=0.02 sys=0.00, real=0.01 secs] 
2014-07-08T08:07:19.268+0000: 244.817: [GC [PSYoungGen: 191002K->1464K(187520K)] 287538K->98048K(874496K), 0.0043980 secs] [Times: user=0.02 sys=0.00, real=0.01 secs] 
2014-07-08T08:07:19.973+0000: 245.522: [GC [PSYoungGen: 187512K->1064K(183296K)] 284096K->97720K(870272K), 0.0036850 secs] [Times: user=0.01 sys=0.00, real=0.00 secs] 
2014-07-08T08:07:20.537+0000: 246.086: [GC [PSYoungGen: 183235K->1022K(179520K)] 279892K->97718K(866496K), 0.0057940 secs] [Times: user=0.03 sys=0.00, real=0.01 secs] 
2014-07-08T08:07:21.081+0000: 246.630: [GC [PSYoungGen: 179518K->1126K(176000K)] 276214K->97870K(862976K), 0.0038680 secs] [Times: user=0.02 sys=0.00, real=0.00 secs] 
2014-07-08T08:07:21.656+0000: 247.206: [GC [PSYoungGen: 175974K->894K(172224K)] 272718K->97694K(859200K), 0.0052740 secs] [Times: user=0.03 sys=0.00, real=0.01 secs] 
2014-07-08T08:07:22.216+0000: 247.766: [GC [PSYoungGen: 172199K->1125K(169088K)] 268999K->97973K(856064K), 0.0030500 secs] [Times: user=0.01 sys=0.00, real=0.00 secs] 
2014-07-08T08:07:22.772+0000: 248.321: [GC [PSYoungGen: 169060K->868K(165568K)] 265909K->97820K(852544K), 0.0041290 secs] [Times: user=0.02 sys=0.00, real=0.00 secs] 
2014-07-08T08:07:23.305+0000: 248.855: [GC [PSYoungGen: 165540K->1026K(162560K)] 262492K->98026K(849536K), 0.0077650 secs] [Times: user=0.04 sys=0.00, real=0.01 secs] 
2014-07-08T08:07:23.832+0000: 249.382: [GC [PSYoungGen: 162478K->1057K(194880K)] 259479K->98105K(881856K), 0.0113770 secs] [Times: user=0.06 sys=0.00, real=0.01 secs] 
2014-07-08T08:07:24.518+0000: 250.067: [GC [PSYoungGen: 194839K->1170K(227392K)] 291888K->98267K(914368K), 0.0039440 secs] [Times: user=0.02 sys=0.00, real=0.01 secs] 
2014-07-08T08:07:25.239+0000: 250.788: [GC [PSYoungGen: 227298K->1328K(222272K)] 324394K->98488K(909248K), 0.0052860 secs] [Times: user=0.03 sys=0.00, real=0.01 secs] 
2014-07-08T08:07:25.991+0000: 251.541: [GC [PSYoungGen: 222256K->306K(216192K)] 319416K->98102K(903168K), 0.0039660 secs] [Times: user=0.02 sys=0.00, real=0.01 secs] 
2014-07-08T08:07:26.721+0000: 252.271: [GC [PSYoungGen: 216129K->1218K(212288K)] 313926K->99078K(899264K), 0.0041550 secs] [Times: user=0.02 sys=0.00, real=0.01 secs] 
2014-07-08T08:07:27.435+0000: 252.984: [GC [PSYoungGen: 212226K->1182K(207488K)] 310086K->99429K(894464K), 0.0046720 secs] [Times: user=0.02 sys=0.01, real=0.00 secs] 
2014-07-08T08:07:28.100+0000: 253.649: [GC [PSYoungGen: 207454K->1204K(202944K)] 305701K->99523K(889920K), 0.0057000 secs] [Times: user=0.03 sys=0.01, real=0.01 secs] 
2014-07-08T08:07:28.792+0000: 254.342: [GC [PSYoungGen: 202911K->740K(198080K)] 301230K->99138K(885056K), 0.0049190 secs] [Times: user=0.03 sys=0.00, real=0.00 secs] 
2014-07-08T08:07:29.456+0000: 255.005: [GC [PSYoungGen: 198052K->1186K(194304K)] 296450K->99665K(881280K), 0.0052510 secs] [Times: user=0.03 sys=0.00, real=0.00 secs] 
2014-07-08T08:07:30.096+0000: 255.645: [GC [PSYoungGen: 194274K->1254K(190272K)] 292753K->99805K(877248K), 0.0034040 secs] [Times: user=0.01 sys=0.00, real=0.00 secs] 
2014-07-08T08:07:30.731+0000: 256.281: [GC [PSYoungGen: 190246K->1168K(186240K)] 288797K->99831K(873216K), 0.0038390 secs] [Times: user=0.02 sys=0.00, real=0.01 secs] 
2014-07-08T08:07:31.357+0000: 256.906: [GC [PSYoungGen: 186192K->758K(181952K)] 284855K->99845K(868928K), 0.0083830 secs] [Times: user=0.05 sys=0.00, real=0.01 secs] 
2014-07-08T08:07:31.946+0000: 257.495: [GC [PSYoungGen: 181914K->1424K(178944K)] 281001K->100567K(865920K), 0.0090700 secs] [Times: user=0.06 sys=0.00, real=0.01 secs] 
2014-07-08T08:07:32.591+0000: 258.141: [GC [PSYoungGen: 178858K->876K(174784K)] 278001K->100925K(861760K), 0.0043130 secs] [Times: user=0.01 sys=0.01, real=0.01 secs] 
2014-07-08T08:07:33.151+0000: 258.700: [GC [PSYoungGen: 174764K->1096K(171584K)] 274813K->101201K(858560K), 0.0051460 secs] [Times: user=0.03 sys=0.00, real=0.01 secs] 
2014-07-08T08:07:33.717+0000: 259.266: [GC [PSYoungGen: 171528K->850K(167936K)] 271633K->101125K(854912K), 0.0032240 secs] [Times: user=0.02 sys=0.00, real=0.00 secs] 
2014-07-08T08:07:34.260+0000: 259.810: [GC [PSYoungGen: 167887K->1444K(165248K)] 268162K->101783K(852224K), 0.0047350 secs] [Times: user=0.03 sys=0.00, real=0.01 secs] 
2014-07-08T08:07:34.813+0000: 260.362: [GC [PSYoungGen: 165220K->1256K(197824K)] 265559K->101675K(884800K), 0.0139890 secs] [Times: user=0.09 sys=0.00, real=0.02 secs] 
2014-07-08T08:07:35.504+0000: 261.053: [GC [PSYoungGen: 197800K->1692K(219200K)] 298219K->102207K(906176K), 0.0048890 secs] [Times: user=0.03 sys=0.00, real=0.00 secs] 
2014-07-08T08:07:36.209+0000: 261.758: [GC [PSYoungGen: 219100K->1140K(237824K)] 319615K->101729K(924800K), 0.0187440 secs] [Times: user=0.12 sys=0.00, real=0.02 secs] 
2014-07-08T08:07:36.992+0000: 262.541: [GC [PSYoungGen: 237044K->1104K(237824K)] 337633K->101781K(924800K), 0.0050490 secs] [Times: user=0.03 sys=0.00, real=0.01 secs] 
2014-07-08T08:07:37.798+0000: 263.347: [GC [PSYoungGen: 237001K->1164K(284864K)] 337678K->101921K(971840K), 0.0034460 secs] [Times: user=0.02 sys=0.01, real=0.00 secs] 
2014-07-08T08:07:38.776+0000: 264.325: [GC [PSYoungGen: 284300K->1167K(276992K)] 385057K->102012K(963968K), 0.0062520 secs] [Times: user=0.03 sys=0.01, real=0.00 secs] 
2014-07-08T08:07:39.765+0000: 265.314: [GC [PSYoungGen: 276922K->694K(269376K)] 377767K->102167K(956352K), 0.0070060 secs] [Times: user=0.03 sys=0.01, real=0.00 secs] 
2014-07-08T08:07:40.740+0000: 266.289: [GC [PSYoungGen: 269366K->1614K(263488K)] 370839K->103159K(950464K), 0.0047940 secs] [Times: user=0.02 sys=0.00, real=0.01 secs] 
2014-07-08T08:07:41.538+0000: 267.088: [GC [PSYoungGen: 263438K->1126K(256384K)] 364983K->103276K(943360K), 0.0058780 secs] [Times: user=0.04 sys=0.00, real=0.01 secs] 
2014-07-08T08:07:42.424+0000: 267.974: [GC [PSYoungGen: 256358K->1981K(250880K)] 358508K->104245K(937856K), 0.0058240 secs] [Times: user=0.03 sys=0.00, real=0.00 secs] 
2014-07-08T08:07:43.277+0000: 268.827: [GC [PSYoungGen: 250877K->890K(243712K)] 353141K->103527K(930688K), 0.0042440 secs] [Times: user=0.03 sys=0.00, real=0.00 secs] 
2014-07-08T08:07:44.108+0000: 269.658: [GC [PSYoungGen: 243706K->1068K(238016K)] 346343K->103753K(924992K), 0.0047400 secs] [Times: user=0.02 sys=0.01, real=0.00 secs] 
2014-07-08T08:07:44.909+0000: 270.458: [GC [PSYoungGen: 237973K->1240K(232576K)] 340658K->104095K(919552K), 0.0095330 secs] [Times: user=0.05 sys=0.00, real=0.01 secs] 
2014-07-08T08:07:45.705+0000: 271.255: [GC [PSYoungGen: 232518K->1292K(227200K)] 335374K->104228K(914176K), 0.0056370 secs] [Times: user=0.04 sys=0.00, real=0.00 secs] 
2014-07-08T08:07:46.552+0000: 272.101: [GC [PSYoungGen: 227145K->1410K(222080K)] 330081K->104425K(909056K), 0.0041540 secs] [Times: user=0.02 sys=0.00, real=0.01 secs] 
2014-07-08T08:07:47.249+0000: 272.798: [GC [PSYoungGen: 222018K->1418K(217024K)] 325033K->104465K(904000K), 0.0043320 secs] [Times: user=0.01 sys=0.00, real=0.00 secs] 
2014-07-08T08:07:47.985+0000: 273.535: [GC [PSYoungGen: 216970K->954K(211648K)] 320017K->104181K(898624K), 0.0045820 secs] [Times: user=0.03 sys=0.00, real=0.00 secs] 
2014-07-08T08:07:48.705+0000: 274.255: [GC [PSYoungGen: 211598K->1562K(207552K)] 314826K->104894K(894528K), 0.0068480 secs] [Times: user=0.04 sys=0.01, real=0.00 secs] 
2014-07-08T08:07:49.426+0000: 274.976: [GC [PSYoungGen: 207514K->1327K(202752K)] 310846K->104746K(889728K), 0.0094560 secs] [Times: user=0.06 sys=0.00, real=0.01 secs] 
2014-07-08T08:07:50.155+0000: 275.704: [GC [PSYoungGen: 202698K->1690K(198720K)] 306117K->105214K(885696K), 0.0050380 secs] [Times: user=0.03 sys=0.00, real=0.01 secs] 
2014-07-08T08:07:50.777+0000: 276.327: [GC [PSYoungGen: 198682K->826K(193600K)] 302206K->104525K(880576K), 0.0046500 secs] [Times: user=0.03 sys=0.00, real=0.00 secs] 
2014-07-08T08:07:51.468+0000: 277.017: [GC [PSYoungGen: 193594K->1530K(190208K)] 297293K->105286K(877184K), 0.0048840 secs] [Times: user=0.02 sys=0.00, real=0.00 secs] 
2014-07-08T08:07:52.113+0000: 277.662: [GC [PSYoungGen: 190186K->1076K(185792K)] 293942K->104937K(872768K), 0.0051610 secs] [Times: user=0.02 sys=0.00, real=0.01 secs] 
2014-07-08T08:07:52.752+0000: 278.301: [GC [PSYoungGen: 185780K->1004K(181888K)] 289641K->104937K(868864K), 0.0025250 secs] [Times: user=0.01 sys=0.00, real=0.00 secs] 
2014-07-08T08:07:53.427+0000: 278.977: [GC [PSYoungGen: 181868K->1302K(178496K)] 285801K->105267K(865472K), 0.0130680 secs] [Times: user=0.08 sys=0.01, real=0.01 secs] 
2014-07-08T08:07:53.995+0000: 279.545: [GC [PSYoungGen: 178454K->900K(213568K)] 282419K->104953K(900544K), 0.0070850 secs] [Times: user=0.04 sys=0.00, real=0.01 secs] 
2014-07-08T08:07:54.693+0000: 280.242: [GC [PSYoungGen: 213507K->1204K(209024K)] 317560K->105369K(896000K), 0.0035230 secs] [Times: user=0.02 sys=0.00, real=0.01 secs] 
2014-07-08T08:07:55.441+0000: 280.990: [GC [PSYoungGen: 209012K->1164K(204416K)] 313177K->105417K(891392K), 0.0056760 secs] [Times: user=0.03 sys=0.01, real=0.01 secs] 
2014-07-08T08:07:56.119+0000: 281.668: [GC [PSYoungGen: 204364K->1286K(200128K)] 308617K->105611K(887104K), 0.0044000 secs] [Times: user=0.02 sys=0.00, real=0.00 secs] 
2014-07-08T08:07:56.796+0000: 282.346: [GC [PSYoungGen: 200070K->1344K(195904K)] 304395K->105766K(882880K), 0.0061640 secs] [Times: user=0.04 sys=0.01, real=0.00 secs] 
2014-07-08T08:07:57.490+0000: 283.040: [GC [PSYoungGen: 195840K->876K(234304K)] 300262K->105443K(921280K), 0.0115670 secs] [Times: user=0.06 sys=0.00, real=0.01 secs] 
2014-07-08T08:07:58.300+0000: 283.849: [GC [PSYoungGen: 234284K->1402K(229312K)] 338851K->106050K(916288K), 0.0040270 secs] [Times: user=0.03 sys=0.00, real=0.00 secs] 
2014-07-08T08:07:59.068+0000: 284.617: [GC [PSYoungGen: 229306K->1136K(267264K)] 333954K->105871K(954240K), 0.0113420 secs] [Times: user=0.07 sys=0.00, real=0.01 secs] 
2014-07-08T08:07:59.995+0000: 285.544: [GC [PSYoungGen: 267056K->922K(260160K)] 371791K->105729K(947136K), 0.0044190 secs] [Times: user=0.02 sys=0.00, real=0.01 secs] 
2014-07-08T08:08:00.979+0000: 286.528: [GC [PSYoungGen: 260122K->812K(253568K)] 364929K->105899K(940544K), 0.0048830 secs] [Times: user=0.02 sys=0.00, real=0.00 secs] 
2014-07-08T08:08:01.757+0000: 287.307: [GC [PSYoungGen: 253548K->1410K(248000K)] 358635K->106546K(934976K), 0.0073370 secs] [Times: user=0.05 sys=0.01, real=0.00 secs] 
2014-07-08T08:08:02.603+0000: 288.153: [GC [PSYoungGen: 247938K->972K(241536K)] 353074K->106578K(928512K), 0.0040740 secs] [Times: user=0.02 sys=0.00, real=0.01 secs] 
2014-07-08T08:08:03.450+0000: 288.999: [GC [PSYoungGen: 241484K->1516K(236288K)] 347090K->107202K(923264K), 0.0050950 secs] [Times: user=0.03 sys=0.01, real=0.00 secs] 
2014-07-08T08:08:04.246+0000: 289.796: [GC [PSYoungGen: 236268K->932K(230144K)] 341954K->106852K(917120K), 0.0038050 secs] [Times: user=0.02 sys=0.00, real=0.01 secs] 
2014-07-08T08:08:05.037+0000: 290.586: [GC [PSYoungGen: 230088K->1068K(224896K)] 336008K->107060K(911872K), 0.0061690 secs] [Times: user=0.04 sys=0.00, real=0.01 secs] 
2014-07-08T08:08:05.831+0000: 291.381: [GC [PSYoungGen: 224876K->1454K(220096K)] 330868K->107576K(907072K), 0.0045930 secs] [Times: user=0.02 sys=0.00, real=0.00 secs] 
2014-07-08T08:08:06.573+0000: 292.123: [GC [PSYoungGen: 220057K->904K(214592K)] 326179K->107082K(901568K), 0.0095190 secs] [Times: user=0.05 sys=0.00, real=0.01 secs] 
2014-07-08T08:08:07.352+0000: 292.901: [GC [PSYoungGen: 214536K->1188K(210048K)] 320714K->107544K(897024K), 0.0057100 secs] [Times: user=0.02 sys=0.00, real=0.00 secs] 
2014-07-08T08:08:08.080+0000: 293.630: [GC [PSYoungGen: 210020K->1506K(205696K)] 316376K->107934K(892672K), 0.0033170 secs] [Times: user=0.01 sys=0.00, real=0.00 secs] 
2014-07-08T08:08:08.745+0000: 294.295: [GC [PSYoungGen: 205666K->890K(200576K)] 312094K->107782K(887552K), 0.0070070 secs] [Times: user=0.04 sys=0.00, real=0.01 secs] 
2014-07-08T08:08:09.485+0000: 295.034: [GC [PSYoungGen: 200558K->1496K(196864K)] 307450K->108428K(883840K), 0.0062620 secs] [Times: user=0.04 sys=0.00, real=0.01 secs] 
2014-07-08T08:08:10.118+0000: 295.667: [GC [PSYoungGen: 196824K->1140K(192320K)] 303756K->108334K(879296K), 0.0059530 secs] [Times: user=0.03 sys=0.00, real=0.00 secs] 
2014-07-08T08:08:10.777+0000: 296.326: [GC [PSYoungGen: 192307K->1328K(188480K)] 299502K->108578K(875456K), 0.0055010 secs] [Times: user=0.03 sys=0.00, real=0.01 secs] 
2014-07-08T08:08:11.448+0000: 296.997: [GC [PSYoungGen: 188464K->1242K(184512K)] 295714K->108596K(871488K), 0.0032130 secs] [Times: user=0.01 sys=0.00, real=0.01 secs] 
2014-07-08T08:08:12.055+0000: 297.604: [GC [PSYoungGen: 184474K->1174K(180672K)] 291828K->108624K(867648K), 0.0057430 secs] [Times: user=0.03 sys=0.01, real=0.01 secs] 
2014-07-08T08:08:12.684+0000: 298.234: [GC [PSYoungGen: 180597K->1004K(176832K)] 288047K->108584K(863808K), 0.0037390 secs] [Times: user=0.02 sys=0.00, real=0.00 secs] 
2014-07-08T08:08:13.307+0000: 298.856: [GC [PSYoungGen: 176812K->1464K(173760K)] 284392K->109108K(860736K), 0.0055080 secs] [Times: user=0.03 sys=0.00, real=0.01 secs] 
2014-07-08T08:08:13.887+0000: 299.436: [GC [PSYoungGen: 173752K->1018K(169920K)] 281396K->108742K(856896K), 0.0050830 secs] [Times: user=0.03 sys=0.00, real=0.01 secs] 
2014-07-08T08:08:14.521+0000: 300.070: [GC [PSYoungGen: 169889K->1716K(167296K)] 277613K->109692K(854272K), 0.0062840 secs] [Times: user=0.03 sys=0.00, real=0.00 secs] 
2014-07-08T08:08:15.039+0000: 300.589: [GC [PSYoungGen: 167284K->754K(163136K)] 275260K->109418K(850112K), 0.0033800 secs] [Times: user=0.01 sys=0.00, real=0.00 secs] 
2014-07-08T08:08:15.694+0000: 301.243: [GC [PSYoungGen: 163122K->1739K(161024K)] 271786K->110475K(848000K), 0.0054210 secs] [Times: user=0.03 sys=0.00, real=0.01 secs] 
2014-07-08T08:08:16.165+0000: 301.714: [GC [PSYoungGen: 160949K->1068K(157312K)] 269685K->109900K(844288K), 0.0036150 secs] [Times: user=0.02 sys=0.00, real=0.00 secs] 
2014-07-08T08:08:16.698+0000: 302.247: [GC [PSYoungGen: 157292K->972K(154304K)] 266124K->109876K(841280K), 0.0048120 secs] [Times: user=0.02 sys=0.00, real=0.01 secs] 
2014-07-08T08:08:17.240+0000: 302.790: [GC [PSYoungGen: 154252K->1242K(151744K)] 263156K->110218K(838720K), 0.0031380 secs] [Times: user=0.01 sys=0.00, real=0.00 secs] 
2014-07-08T08:08:17.753+0000: 303.303: [GC [PSYoungGen: 151706K->868K(148608K)] 260682K->109948K(835584K), 0.0048610 secs] [Times: user=0.03 sys=0.00, real=0.00 secs] 
2014-07-08T08:08:18.271+0000: 303.820: [GC [PSYoungGen: 148579K->1100K(146176K)] 257659K->110236K(833152K), 0.0041530 secs] [Times: user=0.02 sys=0.00, real=0.00 secs] 
2014-07-08T08:08:18.760+0000: 304.310: [GC [PSYoungGen: 146083K->1140K(143616K)] 255219K->110348K(830592K), 0.0035950 secs] [Times: user=0.02 sys=0.00, real=0.00 secs] 
2014-07-08T08:08:19.259+0000: 304.808: [GC [PSYoungGen: 143604K->1018K(140992K)] 252812K->110290K(827968K), 0.0034050 secs] [Times: user=0.02 sys=0.00, real=0.01 secs] 
2014-07-08T08:08:19.741+0000: 305.290: [GC [PSYoungGen: 140977K->1342K(138880K)] 250250K->110695K(825856K), 0.0061950 secs] [Times: user=0.04 sys=0.00, real=0.00 secs] 
2014-07-08T08:08:20.218+0000: 305.767: [GC [PSYoungGen: 138878K->1028K(136256K)] 248231K->110436K(823232K), 0.0052860 secs] [Times: user=0.02 sys=0.00, real=0.01 secs] 
2014-07-08T08:08:20.683+0000: 306.232: [GC [PSYoungGen: 136196K->1024K(163328K)] 245604K->110504K(850304K), 0.0077700 secs] [Times: user=0.05 sys=0.00, real=0.01 secs] 
2014-07-08T08:08:21.277+0000: 306.827: [GC [PSYoungGen: 163264K->1456K(196160K)] 272744K->111122K(883136K), 0.0061620 secs] [Times: user=0.04 sys=0.00, real=0.01 secs] 
2014-07-08T08:08:21.980+0000: 307.530: [GC [PSYoungGen: 196144K->1360K(235072K)] 305810K->111130K(922048K), 0.0067270 secs] [Times: user=0.03 sys=0.01, real=0.00 secs] 
2014-07-08T08:08:22.744+0000: 308.293: [GC [PSYoungGen: 235024K->1004K(229184K)] 344794K->111004K(916160K), 0.0046340 secs] [Times: user=0.02 sys=0.00, real=0.00 secs] 
2014-07-08T08:08:23.555+0000: 309.105: [GC [PSYoungGen: 229164K->1502K(224384K)] 339164K->111591K(911360K), 0.0040970 secs] [Times: user=0.02 sys=0.01, real=0.00 secs] 
2014-07-08T08:08:24.300+0000: 309.849: [GC [PSYoungGen: 224350K->1032K(218816K)] 334439K->111266K(905792K), 0.0028260 secs] [Times: user=0.02 sys=0.00, real=0.01 secs] 
2014-07-08T08:08:25.038+0000: 310.587: [GC [PSYoungGen: 218760K->1306K(214144K)] 328994K->111613K(901120K), 0.0081890 secs] [Times: user=0.05 sys=0.00, real=0.01 secs] 
2014-07-08T08:08:25.796+0000: 311.345: [GC [PSYoungGen: 214106K->1188K(209216K)] 324413K->111567K(896192K), 0.0055640 secs] [Times: user=0.04 sys=0.00, real=0.01 secs] 
2014-07-08T08:08:26.501+0000: 312.050: [GC [PSYoungGen: 209188K->1310K(204736K)] 319567K->111745K(891712K), 0.0043380 secs] [Times: user=0.01 sys=0.01, real=0.01 secs] 
2014-07-08T08:08:27.204+0000: 312.754: [GC [PSYoungGen: 204685K->1064K(200000K)] 315120K->111863K(886976K), 0.0064220 secs] [Times: user=0.04 sys=0.00, real=0.00 secs] 
2014-07-08T08:08:27.894+0000: 313.443: [GC [PSYoungGen: 199947K->1770K(196416K)] 310746K->112765K(883392K), 0.0045010 secs] [Times: user=0.02 sys=0.00, real=0.00 secs] 
2014-07-08T08:08:28.579+0000: 314.129: [GC [PSYoungGen: 196379K->758K(191232K)] 307374K->112709K(878208K), 0.0062190 secs] [Times: user=0.04 sys=0.00, real=0.01 secs] 
2014-07-08T08:08:29.244+0000: 314.793: [GC [PSYoungGen: 191222K->1730K(188224K)] 303173K->113721K(875200K), 0.0072030 secs] [Times: user=0.05 sys=0.00, real=0.01 secs] 
2014-07-08T08:08:29.871+0000: 315.420: [GC [PSYoungGen: 188162K->1413K(184000K)] 300153K->113680K(870976K), 0.0057430 secs] [Times: user=0.04 sys=0.00, real=0.01 secs] 
2014-07-08T08:08:30.507+0000: 316.057: [GC [PSYoungGen: 183941K->1068K(179840K)] 296208K->113423K(866816K), 0.0037580 secs] [Times: user=0.02 sys=0.00, real=0.01 secs] 
2014-07-08T08:08:31.130+0000: 316.679: [GC [PSYoungGen: 179820K->1327K(176448K)] 292175K->113754K(863424K), 0.0040260 secs] [Times: user=0.02 sys=0.00, real=0.01 secs] 
2014-07-08T08:08:31.739+0000: 317.289: [GC [PSYoungGen: 176431K->1146K(172736K)] 288858K->113637K(859712K), 0.0054430 secs] [Times: user=0.03 sys=0.00, real=0.01 secs] 
2014-07-08T08:08:32.334+0000: 317.884: [GC [PSYoungGen: 172730K->1506K(169728K)] 285221K->114053K(856704K), 0.0082170 secs] [Times: user=0.04 sys=0.01, real=0.01 secs] 
2014-07-08T08:08:32.887+0000: 318.437: [GC [PSYoungGen: 169698K->1150K(166080K)] 282245K->113761K(853056K), 0.0048090 secs] [Times: user=0.02 sys=0.00, real=0.01 secs] 
2014-07-08T08:08:33.469+0000: 319.019: [GC [PSYoungGen: 166078K->1338K(163072K)] 278689K->114071K(850048K), 0.0047080 secs] [Times: user=0.02 sys=0.00, real=0.01 secs] 
2014-07-08T08:08:34.016+0000: 319.565: [GC [PSYoungGen: 163064K->932K(159616K)] 275797K->113713K(846592K), 0.0059380 secs] [Times: user=0.02 sys=0.00, real=0.00 secs] 
2014-07-08T08:08:34.695+0000: 320.244: [GC [PSYoungGen: 159569K->1726K(157376K)] 272350K->114743K(844352K), 0.0037300 secs] [Times: user=0.01 sys=0.00, real=0.00 secs] 
2014-07-08T08:08:35.169+0000: 320.718: [GC [PSYoungGen: 157374K->1274K(154048K)] 270391K->114347K(841024K), 0.0054720 secs] [Times: user=0.03 sys=0.00, real=0.01 secs] 
2014-07-08T08:08:35.717+0000: 321.266: [GC [PSYoungGen: 154042K->1391K(151360K)] 267115K->114859K(838336K), 0.0044940 secs] [Times: user=0.03 sys=0.00, real=0.00 secs] 
2014-07-08T08:08:36.180+0000: 321.730: [GC [PSYoungGen: 151343K->1200K(181184K)] 264811K->114723K(868160K), 0.0075820 secs] [Times: user=0.05 sys=0.00, real=0.01 secs] 
2014-07-08T08:08:36.812+0000: 322.361: [GC [PSYoungGen: 181168K->936K(177280K)] 294691K->114639K(864256K), 0.0052310 secs] [Times: user=0.03 sys=0.00, real=0.01 secs] 
2014-07-08T08:08:37.427+0000: 322.976: [GC [PSYoungGen: 177256K->1574K(213184K)] 290959K->115333K(900160K), 0.0086280 secs] [Times: user=0.05 sys=0.01, real=0.01 secs] 
2014-07-08T08:08:38.144+0000: 323.694: [GC [PSYoungGen: 213158K->918K(207808K)] 326917K->114781K(894784K), 0.0030280 secs] [Times: user=0.01 sys=0.00, real=0.00 secs] 
2014-07-08T08:08:38.856+0000: 324.405: [GC [PSYoungGen: 207766K->1208K(203520K)] 321629K->115151K(890496K), 0.0051560 secs] [Times: user=0.03 sys=0.00, real=0.00 secs] 
2014-07-08T08:08:39.554+0000: 325.103: [GC [PSYoungGen: 203502K->957K(198848K)] 317446K->114972K(885824K), 0.0035970 secs] [Times: user=0.01 sys=0.00, real=0.00 secs] 
2014-07-08T08:08:40.237+0000: 325.786: [GC [PSYoungGen: 198845K->1022K(194624K)] 312860K->115069K(881600K), 0.0069170 secs] [Times: user=0.04 sys=0.00, real=0.01 secs] 
2014-07-08T08:08:40.918+0000: 326.468: [GC [PSYoungGen: 194622K->1136K(190656K)] 308669K->115295K(877632K), 0.0067260 secs] [Times: user=0.05 sys=0.00, real=0.01 secs] 
2014-07-08T08:08:41.644+0000: 327.193: [GC [PSYoungGen: 190614K->1732K(187328K)] 304773K->115972K(874304K), 0.0050510 secs] [Times: user=0.03 sys=0.00, real=0.00 secs] 
2014-07-08T08:08:42.223+0000: 327.773: [GC [PSYoungGen: 187268K->1064K(182784K)] 301508K->115577K(869760K), 0.0046970 secs] [Times: user=0.02 sys=0.00, real=0.00 secs] 
2014-07-08T08:08:42.861+0000: 328.411: [GC [PSYoungGen: 182730K->1118K(179136K)] 297243K->115687K(866112K), 0.0055190 secs] [Times: user=0.03 sys=0.01, real=0.01 secs] 
2014-07-08T08:08:43.479+0000: 329.028: [GC [PSYoungGen: 179069K->1542K(215232K)] 293638K->116207K(902208K), 0.0109110 secs] [Times: user=0.06 sys=0.00, real=0.01 secs] 
2014-07-08T08:08:44.203+0000: 329.752: [GC [PSYoungGen: 215166K->1270K(222016K)] 329831K->116007K(908992K), 0.0081020 secs] [Times: user=0.04 sys=0.00, real=0.01 secs] 
2014-07-08T08:08:44.964+0000: 330.513: [GC [PSYoungGen: 221238K->1704K(216640K)] 335975K->116521K(903616K), 0.0034270 secs] [Times: user=0.02 sys=0.00, real=0.00 secs] 
2014-07-08T08:08:45.741+0000: 331.291: [GC [PSYoungGen: 216616K->1680K(211776K)] 331433K->116585K(898752K), 0.0050770 secs] [Times: user=0.02 sys=0.00, real=0.01 secs] 
2014-07-08T08:08:46.466+0000: 332.015: [GC [PSYoungGen: 211680K->683K(206080K)] 326586K->116301K(893056K), 0.0068980 secs] [Times: user=0.04 sys=0.00, real=0.00 secs] 
2014-07-08T08:08:47.162+0000: 332.711: [GC [PSYoungGen: 206059K->1507K(202368K)] 321677K->117174K(889344K), 0.0052270 secs] [Times: user=0.03 sys=0.00, real=0.01 secs] 
2014-07-08T08:08:47.862+0000: 333.412: [GC [PSYoungGen: 202319K->1296K(197824K)] 317985K->117424K(884800K), 0.0035840 secs] [Times: user=0.01 sys=0.00, real=0.01 secs] 
2014-07-08T08:08:48.559+0000: 334.108: [GC [PSYoungGen: 197776K->1104K(193408K)] 313904K->117280K(880384K), 0.0070680 secs] [Times: user=0.04 sys=0.00, real=0.01 secs] 
2014-07-08T08:08:49.215+0000: 334.764: [GC [PSYoungGen: 193346K->1146K(189312K)] 309523K->117402K(876288K), 0.0060980 secs] [Times: user=0.03 sys=0.00, real=0.00 secs] 
2014-07-08T08:08:49.857+0000: 335.407: [GC [PSYoungGen: 189306K->1346K(185600K)] 305562K->117675K(872576K), 0.0055350 secs] [Times: user=0.02 sys=0.00, real=0.00 secs] 
2014-07-08T08:08:50.506+0000: 336.055: [GC [PSYoungGen: 185538K->1332K(181760K)] 301867K->117716K(868736K), 0.0058060 secs] [Times: user=0.04 sys=0.00, real=0.00 secs] 
2014-07-08T08:08:51.113+0000: 336.662: [GC [PSYoungGen: 181669K->1409K(178176K)] 298054K->117849K(865152K), 0.0042120 secs] [Times: user=0.02 sys=0.00, real=0.01 secs] 
2014-07-08T08:08:51.739+0000: 337.288: [GC [PSYoungGen: 178097K->935K(174080K)] 294538K->117646K(861056K), 0.0081530 secs] [Times: user=0.05 sys=0.01, real=0.01 secs] 
2014-07-08T08:08:52.340+0000: 337.889: [GC [PSYoungGen: 174053K->1481K(171200K)] 290764K->118231K(858176K), 0.0050130 secs] [Times: user=0.01 sys=0.00, real=0.01 secs] 
2014-07-08T08:08:52.907+0000: 338.457: [GC [PSYoungGen: 171145K->1142K(167488K)] 287895K->118205K(854464K), 0.0064670 secs] [Times: user=0.03 sys=0.00, real=0.00 secs] 
2014-07-08T08:08:53.518+0000: 339.067: [GC [PSYoungGen: 167478K->1441K(164608K)] 284541K->118600K(851584K), 0.0042750 secs] [Times: user=0.03 sys=0.00, real=0.00 secs] 
2014-07-08T08:08:54.053+0000: 339.602: [GC [PSYoungGen: 164544K->690K(160704K)] 281703K->117928K(847680K), 0.0056280 secs] [Times: user=0.03 sys=0.00, real=0.01 secs] 
2014-07-08T08:08:54.645+0000: 340.195: [GC [PSYoungGen: 160688K->1114K(158144K)] 277927K->118417K(845120K), 0.0071360 secs] [Times: user=0.04 sys=0.00, real=0.00 secs] 
2014-07-08T08:08:55.138+0000: 340.687: [GC [PSYoungGen: 158106K->1026K(155136K)] 275409K->118361K(842112K), 0.0039600 secs] [Times: user=0.01 sys=0.01, real=0.00 secs] 
2014-07-08T08:08:55.664+0000: 341.213: [GC [PSYoungGen: 155074K->1064K(152256K)] 272409K->118470K(839232K), 0.0038250 secs] [Times: user=0.02 sys=0.00, real=0.01 secs] 
2014-07-08T08:08:56.179+0000: 341.728: [GC [PSYoungGen: 152232K->1328K(149760K)] 269638K->118791K(836736K), 0.0028660 secs] [Times: user=0.02 sys=0.00, real=0.00 secs] 
2014-07-08T08:08:56.682+0000: 342.231: [GC [PSYoungGen: 149744K->1014K(146752K)] 267207K->118556K(833728K), 0.0074100 secs] [Times: user=0.05 sys=0.01, real=0.01 secs] 
2014-07-08T08:08:57.202+0000: 342.751: [GC [PSYoungGen: 146742K->1271K(144384K)] 264284K->119042K(831360K), 0.0061580 secs] [Times: user=0.04 sys=0.00, real=0.01 secs] 
2014-07-08T08:08:57.702+0000: 343.251: [GC [PSYoungGen: 144375K->1014K(141632K)] 262146K->118841K(828608K), 0.0044010 secs] [Times: user=0.01 sys=0.01, real=0.01 secs] 
2014-07-08T08:08:58.194+0000: 343.744: [GC [PSYoungGen: 141594K->1346K(139584K)] 259421K->119237K(826560K), 0.0035660 secs] [Times: user=0.02 sys=0.00, real=0.01 secs] 
2014-07-08T08:08:58.656+0000: 344.205: [GC [PSYoungGen: 139522K->1222K(137088K)] 257413K->119193K(824064K), 0.0033340 secs] [Times: user=0.02 sys=0.00, real=0.01 secs] 
2014-07-08T08:08:59.127+0000: 344.677: [GC [PSYoungGen: 137030K->936K(134464K)] 255001K->118979K(821440K), 0.0043780 secs] [Times: user=0.03 sys=0.00, real=0.00 secs] 
2014-07-08T08:08:59.588+0000: 345.137: [GC [PSYoungGen: 134440K->886K(132160K)] 252483K->119017K(819136K), 0.0062110 secs] [Times: user=0.02 sys=0.00, real=0.00 secs] 
2014-07-08T08:09:00.035+0000: 345.584: [GC [PSYoungGen: 132150K->982K(130112K)] 250281K->119235K(817088K), 0.0024590 secs] [Times: user=0.01 sys=0.00, real=0.01 secs] 
2014-07-08T08:09:00.509+0000: 346.058: [GC [PSYoungGen: 130037K->1460K(128448K)] 248290K->119785K(815424K), 0.0068810 secs] [Times: user=0.03 sys=0.01, real=0.00 secs] 
2014-07-08T08:09:00.957+0000: 346.506: [GC [PSYoungGen: 128419K->996K(153408K)] 246745K->119863K(840384K), 0.0056350 secs] [Times: user=0.01 sys=0.00, real=0.00 secs] 
2014-07-08T08:09:01.551+0000: 347.100: [GC [PSYoungGen: 153380K->1852K(151424K)] 272247K->120857K(838400K), 0.0054380 secs] [Times: user=0.02 sys=0.00, real=0.01 secs] 
2014-07-08T08:09:02.044+0000: 347.593: [GC [PSYoungGen: 151420K->894K(147776K)] 270425K->120745K(834752K), 0.0044280 secs] [Times: user=0.02 sys=0.00, real=0.01 secs] 
2014-07-08T08:09:02.594+0000: 348.143: [GC [PSYoungGen: 147768K->1802K(146112K)] 267620K->121742K(833088K), 0.0061690 secs] [Times: user=0.02 sys=0.01, real=0.01 secs] 
2014-07-08T08:09:03.012+0000: 348.561: [GC [PSYoungGen: 146058K->1182K(174336K)] 265998K->121309K(861312K), 0.0058860 secs] [Times: user=0.03 sys=0.00, real=0.01 secs] 
2014-07-08T08:09:03.611+0000: 349.160: [GC [PSYoungGen: 174278K->1054K(208832K)] 294405K->121261K(895808K), 0.0066660 secs] [Times: user=0.04 sys=0.01, real=0.01 secs] 
2014-07-08T08:09:04.320+0000: 349.869: [GC [PSYoungGen: 208752K->1406K(204544K)] 328960K->121685K(891520K), 0.0031370 secs] [Times: user=0.02 sys=0.00, real=0.00 secs] 
2014-07-08T08:09:05.034+0000: 350.583: [GC [PSYoungGen: 204542K->1082K(199808K)] 324821K->121449K(886784K), 0.0037920 secs] [Times: user=0.02 sys=0.00, real=0.01 secs] 
2014-07-08T08:09:05.726+0000: 351.275: [GC [PSYoungGen: 199802K->1190K(195648K)] 320169K->121637K(882624K), 0.0060040 secs] [Times: user=0.03 sys=0.01, real=0.01 secs] 
2014-07-08T08:09:06.407+0000: 351.956: [GC [PSYoungGen: 195622K->1452K(191744K)] 316069K->121947K(878720K), 0.0044940 secs] [Times: user=0.01 sys=0.01, real=0.01 secs] 
2014-07-08T08:09:07.048+0000: 352.598: [GC [PSYoungGen: 191724K->1441K(187712K)] 312219K->122316K(874688K), 0.0040590 secs] [Times: user=0.02 sys=0.00, real=0.00 secs] 
2014-07-08T08:09:07.686+0000: 353.235: [GC [PSYoungGen: 187681K->1313K(183680K)] 308556K->122253K(870656K), 0.0047760 secs] [Times: user=0.02 sys=0.00, real=0.01 secs] 
2014-07-08T08:09:08.358+0000: 353.907: [GC [PSYoungGen: 183649K->1592K(180160K)] 304589K->122668K(867136K), 0.0039980 secs] [Times: user=0.02 sys=0.00, real=0.00 secs] 
2014-07-08T08:09:08.940+0000: 354.490: [GC [PSYoungGen: 180152K->804K(175744K)] 301228K->121967K(862720K), 0.0046110 secs] [Times: user=0.02 sys=0.00, real=0.00 secs] 
2014-07-08T08:09:09.550+0000: 355.099: [GC [PSYoungGen: 175716K->736K(172160K)] 296879K->121955K(859136K), 0.0046860 secs] [Times: user=0.01 sys=0.00, real=0.00 secs] 
2014-07-08T08:09:10.131+0000: 355.681: [GC [PSYoungGen: 172128K->1348K(169408K)] 293347K->122624K(856384K), 0.0052890 secs] [Times: user=0.03 sys=0.00, real=0.00 secs] 
2014-07-08T08:09:10.719+0000: 356.268: [GC [PSYoungGen: 169348K->818K(165568K)] 290624K->122181K(852544K), 0.0070400 secs] [Times: user=0.02 sys=0.00, real=0.00 secs] 
2014-07-08T08:09:11.335+0000: 356.884: [GC [PSYoungGen: 165554K->1656K(163200K)] 286917K->123084K(850176K), 0.0083000 secs] [Times: user=0.05 sys=0.00, real=0.01 secs] 
2014-07-08T08:09:11.849+0000: 357.398: [GC [PSYoungGen: 163189K->1018K(159488K)] 284617K->122525K(846464K), 0.0047910 secs] [Times: user=0.02 sys=0.00, real=0.00 secs] 
2014-07-08T08:09:12.406+0000: 357.955: [GC [PSYoungGen: 159457K->1423K(156928K)] 280965K->123003K(843904K), 0.0042050 secs] [Times: user=0.02 sys=0.00, real=0.01 secs] 
2014-07-08T08:09:12.928+0000: 358.478: [GC [PSYoungGen: 156859K->1353K(153984K)] 278439K->123004K(840960K), 0.0031560 secs] [Times: user=0.01 sys=0.00, real=0.00 secs] 
2014-07-08T08:09:13.463+0000: 359.013: [GC [PSYoungGen: 153895K->1150K(150912K)] 275546K->122865K(837888K), 0.0035970 secs] [Times: user=0.01 sys=0.00, real=0.00 secs] 
2014-07-08T08:09:13.978+0000: 359.527: [GC [PSYoungGen: 150910K->872K(147968K)] 272625K->122667K(834944K), 0.0075440 secs] [Times: user=0.04 sys=0.00, real=0.00 secs] 
2014-07-08T08:09:14.516+0000: 360.066: [GC [PSYoungGen: 147942K->1609K(146112K)] 269738K->123477K(833088K), 0.0030710 secs] [Times: user=0.01 sys=0.00, real=0.01 secs] 
2014-07-08T08:09:14.995+0000: 360.544: [GC [PSYoungGen: 146057K->1118K(143040K)] 267925K->123089K(830016K), 0.0054890 secs] [Times: user=0.03 sys=0.01, real=0.01 secs] 
2014-07-08T08:09:15.584+0000: 361.134: [GC [PSYoungGen: 143006K->1424K(140864K)] 264977K->123467K(827840K), 0.0040920 secs] [Times: user=0.02 sys=0.00, real=0.01 secs] 
2014-07-08T08:09:15.982+0000: 361.531: [GC [PSYoungGen: 140816K->1142K(168448K)] 262859K->123250K(855424K), 0.0069500 secs] [Times: user=0.05 sys=0.00, real=0.01 secs] 
2014-07-08T08:09:16.621+0000: 362.171: [GC [PSYoungGen: 168438K->836K(201664K)] 290546K->123023K(888640K), 0.0077490 secs] [Times: user=0.04 sys=0.00, real=0.01 secs] 
2014-07-08T08:09:17.281+0000: 362.830: [GC [PSYoungGen: 201604K->1480K(197952K)] 323791K->123756K(884928K), 0.0047260 secs] [Times: user=0.03 sys=0.01, real=0.00 secs] 
2014-07-08T08:09:17.961+0000: 363.511: [GC [PSYoungGen: 197896K->1014K(193216K)] 320172K->123377K(880192K), 0.0045950 secs] [Times: user=0.02 sys=0.00, real=0.00 secs] 
2014-07-08T08:09:18.622+0000: 364.171: [GC [PSYoungGen: 193206K->872K(188992K)] 315569K->123283K(875968K), 0.0052170 secs] [Times: user=0.02 sys=0.00, real=0.00 secs] 
2014-07-08T08:09:19.271+0000: 364.820: [GC [PSYoungGen: 188968K->1238K(185472K)] 311379K->123714K(872448K), 0.0058310 secs] [Times: user=0.04 sys=0.00, real=0.00 secs] 
2014-07-08T08:09:19.892+0000: 365.442: [GC [PSYoungGen: 185430K->1236K(181696K)] 307906K->123799K(868672K), 0.0035140 secs] [Times: user=0.01 sys=0.00, real=0.00 secs] 
2014-07-08T08:09:20.522+0000: 366.071: [GC [PSYoungGen: 181652K->1104K(177856K)] 304215K->123739K(864832K), 0.0049970 secs] [Times: user=0.04 sys=0.00, real=0.00 secs] 
2014-07-08T08:09:21.154+0000: 366.703: [GC [PSYoungGen: 177808K->1338K(174464K)] 300443K->124177K(861440K), 0.0035690 secs] [Times: user=0.01 sys=0.00, real=0.00 secs] 
2014-07-08T08:09:21.813+0000: 367.363: [GC [PSYoungGen: 174458K->1438K(171136K)] 297297K->124349K(858112K), 0.0047050 secs] [Times: user=0.02 sys=0.00, real=0.00 secs] 
2014-07-08T08:09:22.367+0000: 367.916: [GC [PSYoungGen: 171102K->940K(167296K)] 294013K->124149K(854272K), 0.0031630 secs] [Times: user=0.02 sys=0.00, real=0.01 secs] 
2014-07-08T08:09:22.896+0000: 368.445: [GC [PSYoungGen: 167276K->1300K(164480K)] 290485K->124622K(851456K), 0.0051150 secs] [Times: user=0.04 sys=0.00, real=0.01 secs] 
2014-07-08T08:09:23.506+0000: 369.055: [GC [PSYoungGen: 164436K->1004K(161024K)] 287758K->124497K(848000K), 0.0052770 secs] [Times: user=0.03 sys=0.00, real=0.01 secs] 
2014-07-08T08:09:24.031+0000: 369.581: [GC [PSYoungGen: 161004K->1040K(158080K)] 284497K->124606K(845056K), 0.0035480 secs] [Times: user=0.01 sys=0.00, real=0.00 secs] 
2014-07-08T08:09:24.589+0000: 370.138: [GC [PSYoungGen: 158032K->982K(155072K)] 281598K->124635K(842048K), 0.0029010 secs] [Times: user=0.02 sys=0.00, real=0.01 secs] 
2014-07-08T08:09:25.112+0000: 370.661: [GC [PSYoungGen: 155030K->1386K(152576K)] 278683K->125112K(839552K), 0.0056590 secs] [Times: user=0.03 sys=0.00, real=0.00 secs] 
2014-07-08T08:09:25.632+0000: 371.181: [GC [PSYoungGen: 152554K->1026K(149504K)] 276280K->124808K(836480K), 0.0031720 secs] [Times: user=0.01 sys=0.00, real=0.00 secs] 
2014-07-08T08:09:26.146+0000: 371.695: [GC [PSYoungGen: 149416K->1060K(146816K)] 273198K->124906K(833792K), 0.0041420 secs] [Times: user=0.01 sys=0.00, real=0.01 secs] 
2014-07-08T08:09:26.707+0000: 372.256: [GC [PSYoungGen: 146788K->1290K(144448K)] 270634K->125224K(831424K), 0.0045130 secs] [Times: user=0.03 sys=0.01, real=0.01 secs] 
2014-07-08T08:09:27.174+0000: 372.724: [GC [PSYoungGen: 144394K->1018K(141632K)] 268328K->124999K(828608K), 0.0035460 secs] [Times: user=0.01 sys=0.00, real=0.00 secs] 
2014-07-08T08:09:27.670+0000: 373.220: [GC [PSYoungGen: 141626K->1104K(139328K)] 265607K->125208K(826304K), 0.0047570 secs] [Times: user=0.02 sys=0.00, real=0.00 secs] 
2014-07-08T08:09:28.146+0000: 373.695: [GC [PSYoungGen: 139280K->1192K(137024K)] 263384K->125384K(824000K), 0.0045070 secs] [Times: user=0.03 sys=0.00, real=0.01 secs] 
2014-07-08T08:09:28.617+0000: 374.166: [GC [PSYoungGen: 137000K->1008K(134528K)] 261192K->125280K(821504K), 0.0031290 secs] [Times: user=0.01 sys=0.00, real=0.01 secs] 
2014-07-08T08:09:29.083+0000: 374.633: [GC [PSYoungGen: 134512K->1136K(132416K)] 258784K->125472K(819392K), 0.0045440 secs] [Times: user=0.02 sys=0.00, real=0.00 secs] 
2014-07-08T08:09:29.599+0000: 375.148: [GC [PSYoungGen: 132400K->1072K(130176K)] 256736K->125940K(817152K), 0.0033820 secs] [Times: user=0.01 sys=0.01, real=0.01 secs] 
2014-07-08T08:09:29.979+0000: 375.528: [GC [PSYoungGen: 130160K->968K(155968K)] 255028K->125924K(842944K), 0.0084160 secs] [Times: user=0.06 sys=0.00, real=0.01 secs] 
2014-07-08T08:09:30.530+0000: 376.079: [GC [PSYoungGen: 155912K->1236K(187264K)] 280868K->126314K(874240K), 0.0076190 secs] [Times: user=0.04 sys=0.00, real=0.01 secs] 
2014-07-08T08:09:31.165+0000: 376.714: [GC [PSYoungGen: 187185K->1064K(202176K)] 312263K->126190K(889152K), 0.0066990 secs] [Times: user=0.03 sys=0.00, real=0.01 secs] 
2014-07-08T08:09:31.862+0000: 377.411: [GC [PSYoungGen: 201576K->1086K(224832K)] 326702K->126284K(911808K), 0.0053040 secs] [Times: user=0.03 sys=0.00, real=0.00 secs] 
2014-07-08T08:09:32.647+0000: 378.197: [GC [PSYoungGen: 224291K->1196K(219328K)] 349489K->126442K(906304K), 0.0034490 secs] [Times: user=0.01 sys=0.01, real=0.00 secs] 
2014-07-08T08:09:33.431+0000: 378.980: [GC [PSYoungGen: 219217K->438K(213568K)] 344463K->126687K(900544K), 0.0061290 secs] [Times: user=0.03 sys=0.00, real=0.01 secs] 
2014-07-08T08:09:34.146+0000: 379.696: [GC [PSYoungGen: 213558K->1637K(209984K)] 339807K->128000K(896960K), 0.0066480 secs] [Times: user=0.03 sys=0.00, real=0.01 secs] 
2014-07-08T08:09:34.868+0000: 380.417: [GC [PSYoungGen: 209957K->1267K(204992K)] 336320K->128331K(891968K), 0.0075090 secs] [Times: user=0.04 sys=0.00, real=0.01 secs] 
2014-07-08T08:09:35.589+0000: 381.139: [GC [PSYoungGen: 204979K->950K(200192K)] 332043K->128110K(887168K), 0.0061480 secs] [Times: user=0.04 sys=0.00, real=0.01 secs] 
2014-07-08T08:09:36.384+0000: 381.933: [GC [PSYoungGen: 200182K->1694K(196672K)] 327342K->128926K(883648K), 0.0094820 secs] [Times: user=0.06 sys=0.00, real=0.03 secs] 
2014-07-08T08:09:36.969+0000: 382.518: [GC [PSYoungGen: 196638K->1254K(192064K)] 323870K->128550K(879040K), 0.0045170 secs] [Times: user=0.01 sys=0.01, real=0.01 secs] 
2014-07-08T08:09:37.624+0000: 383.173: [GC [PSYoungGen: 192038K->1146K(187904K)] 319334K->128605K(874880K), 0.0061640 secs] [Times: user=0.04 sys=0.00, real=0.00 secs] 
2014-07-08T08:09:38.289+0000: 383.838: [GC [PSYoungGen: 187898K->1082K(183936K)] 315357K->128596K(870912K), 0.0052410 secs] [Times: user=0.03 sys=0.00, real=0.01 secs] 
2014-07-08T08:09:38.913+0000: 384.462: [GC [PSYoungGen: 183930K->1268K(180352K)] 311444K->128878K(867328K), 0.0041150 secs] [Times: user=0.03 sys=0.00, real=0.00 secs] 
2014-07-08T08:09:39.536+0000: 385.085: [GC [PSYoungGen: 180340K->1024K(176512K)] 307950K->128698K(863488K), 0.0055260 secs] [Times: user=0.02 sys=0.00, real=0.00 secs] 
2014-07-08T08:09:40.136+0000: 385.685: [GC [PSYoungGen: 176448K->1388K(173312K)] 304122K->129184K(860288K), 0.0087130 secs] [Times: user=0.05 sys=0.00, real=0.01 secs] 
2014-07-08T08:09:40.725+0000: 386.274: [GC [PSYoungGen: 173292K->1403K(169920K)] 301088K->129271K(856896K), 0.0035700 secs] [Times: user=0.02 sys=0.01, real=0.00 secs] 
2014-07-08T08:09:41.316+0000: 386.865: [GC [PSYoungGen: 169915K->936K(203200K)] 297783K->129245K(890176K), 0.0117180 secs] [Times: user=0.06 sys=0.00, real=0.01 secs] 
2014-07-08T08:09:42.000+0000: 387.549: [GC [PSYoungGen: 203159K->1630K(215744K)] 331469K->130027K(902720K), 0.0055880 secs] [Times: user=0.03 sys=0.00, real=0.01 secs] 
2014-07-08T08:09:42.841+0000: 388.390: [GC [PSYoungGen: 215582K->1544K(210752K)] 343979K->130362K(897728K), 0.0060440 secs] [Times: user=0.03 sys=0.00, real=0.01 secs] 
2014-07-08T08:09:43.542+0000: 389.092: [GC [PSYoungGen: 210696K->1392K(205888K)] 339514K->130265K(892864K), 0.0038600 secs] [Times: user=0.01 sys=0.01, real=0.01 secs] 
2014-07-08T08:09:44.150+0000: 389.699: [GC [PSYoungGen: 205826K->876K(200896K)] 334699K->130033K(887872K), 0.0037530 secs] [Times: user=0.03 sys=0.00, real=0.01 secs] 
2014-07-08T08:09:44.849+0000: 390.398: [GC [PSYoungGen: 200861K->1264K(196928K)] 330019K->130493K(883904K), 0.0051700 secs] [Times: user=0.03 sys=0.00, real=0.01 secs] 
2014-07-08T08:09:45.520+0000: 391.070: [GC [PSYoungGen: 196912K->1110K(192640K)] 326141K->130567K(879616K), 0.0056190 secs] [Times: user=0.03 sys=0.00, real=0.01 secs] 
2014-07-08T08:09:46.181+0000: 391.731: [GC [PSYoungGen: 192598K->954K(188416K)] 322055K->130475K(875392K), 0.0067600 secs] [Times: user=0.03 sys=0.00, real=0.01 secs] 
2014-07-08T08:09:46.833+0000: 392.382: [GC [PSYoungGen: 188409K->858K(184448K)] 317931K->130419K(871424K), 0.0036950 secs] [Times: user=0.02 sys=0.00, real=0.01 secs] 
2014-07-08T08:09:47.488+0000: 393.038: [GC [PSYoungGen: 184410K->1186K(180992K)] 313971K->130819K(867968K), 0.0045570 secs] [Times: user=0.03 sys=0.00, real=0.01 secs] 
2014-07-08T08:09:48.105+0000: 393.654: [GC [PSYoungGen: 180962K->972K(177152K)] 310595K->130685K(864128K), 0.0057800 secs] [Times: user=0.03 sys=0.00, real=0.00 secs] 
2014-07-08T08:09:48.711+0000: 394.260: [GC [PSYoungGen: 177100K->1122K(173760K)] 306813K->130907K(860736K), 0.0028080 secs] [Times: user=0.01 sys=0.01, real=0.01 secs] 
2014-07-08T08:09:49.313+0000: 394.862: [GC [PSYoungGen: 173684K->1428K(170624K)] 303470K->131311K(857600K), 0.0055910 secs] [Times: user=0.03 sys=0.00, real=0.01 secs] 
2014-07-08T08:09:49.938+0000: 395.488: [GC [PSYoungGen: 170580K->904K(166784K)] 300463K->130851K(853760K), 0.0025610 secs] [Times: user=0.01 sys=0.00, real=0.00 secs] 
2014-07-08T08:09:50.499+0000: 396.048: [GC [PSYoungGen: 166688K->1202K(163840K)] 296636K->131309K(850816K), 0.0062310 secs] [Times: user=0.03 sys=0.00, real=0.01 secs] 
2014-07-08T08:09:51.031+0000: 396.581: [GC [PSYoungGen: 163826K->1072K(160576K)] 293933K->131267K(847552K), 0.0056750 secs] [Times: user=0.03 sys=0.00, real=0.01 secs] 
2014-07-08T08:09:51.669+0000: 397.218: [GC [PSYoungGen: 160560K->1321K(157824K)] 290755K->131734K(844800K), 0.0045830 secs] [Times: user=0.03 sys=0.00, real=0.00 secs] 
2014-07-08T08:09:52.134+0000: 397.684: [GC [PSYoungGen: 157801K->1208K(154752K)] 288214K->131701K(841728K), 0.0033610 secs] [Times: user=0.02 sys=0.00, real=0.00 secs] 
2014-07-08T08:09:52.660+0000: 398.210: [GC [PSYoungGen: 154744K->968K(151744K)] 285237K->131533K(838720K), 0.0030860 secs] [Times: user=0.02 sys=0.00, real=0.00 secs] 
2014-07-08T08:09:53.199+0000: 398.748: [GC [PSYoungGen: 151688K->1182K(149184K)] 282253K->131811K(836160K), 0.0049570 secs] [Times: user=0.03 sys=0.00, real=0.01 secs] 
2014-07-08T08:09:53.718+0000: 399.267: [GC [PSYoungGen: 149150K->936K(146240K)] 279779K->131653K(833216K), 0.0046090 secs] [Times: user=0.02 sys=0.00, real=0.00 secs] 
2014-07-08T08:09:54.227+0000: 399.776: [GC [PSYoungGen: 146216K->1114K(175488K)] 276933K->131871K(862464K), 0.0093330 secs] [Times: user=0.05 sys=0.00, real=0.01 secs] 
2014-07-08T08:09:54.826+0000: 400.375: [GC [PSYoungGen: 175450K->776K(171712K)] 306207K->131605K(858688K), 0.0038920 secs] [Times: user=0.02 sys=0.00, real=0.00 secs] 
2014-07-08T08:09:55.442+0000: 400.991: [GC [PSYoungGen: 171656K->1661K(169152K)] 302485K->132608K(856128K), 0.0043140 secs] [Times: user=0.02 sys=0.00, real=0.01 secs] 
2014-07-08T08:09:56.035+0000: 401.584: [GC [PSYoungGen: 169149K->882K(165120K)] 300096K->131942K(852096K), 0.0045240 secs] [Times: user=0.03 sys=0.00, real=0.00 secs] 
2014-07-08T08:09:56.563+0000: 402.112: [GC [PSYoungGen: 165106K->1132K(162240K)] 296166K->132272K(849216K), 0.0041520 secs] [Times: user=0.02 sys=0.00, real=0.01 secs] 
2014-07-08T08:09:57.103+0000: 402.652: [GC [PSYoungGen: 162220K->1154K(159232K)] 293360K->132382K(846208K), 0.0040240 secs] [Times: user=0.02 sys=0.00, real=0.01 secs] 
2014-07-08T08:09:57.663+0000: 403.212: [GC [PSYoungGen: 159170K->890K(155968K)] 290398K->132190K(842944K), 0.0059110 secs] [Times: user=0.04 sys=0.00, real=0.01 secs] 
2014-07-08T08:09:58.190+0000: 403.740: [GC [PSYoungGen: 155962K->1204K(153408K)] 287262K->132552K(840384K), 0.0076200 secs] [Times: user=0.05 sys=0.00, real=0.01 secs] 
2014-07-08T08:09:58.718+0000: 404.267: [GC [PSYoungGen: 153396K->1086K(150464K)] 284744K->132506K(837440K), 0.0040070 secs] [Times: user=0.02 sys=0.01, real=0.00 secs] 
2014-07-08T08:09:59.228+0000: 404.778: [GC [PSYoungGen: 150444K->1064K(147776K)] 281865K->132899K(834752K), 0.0038550 secs] [Times: user=0.02 sys=0.00, real=0.00 secs] 
2014-07-08T08:09:59.739+0000: 405.288: [GC [PSYoungGen: 147752K->1224K(145344K)] 279587K->133139K(832320K), 0.0047790 secs] [Times: user=0.03 sys=0.00, real=0.00 secs] 
2014-07-08T08:10:00.255+0000: 405.804: [GC [PSYoungGen: 145288K->1036K(174016K)] 277203K->133073K(860992K), 0.0105090 secs] [Times: user=0.06 sys=0.00, real=0.02 secs] 
2014-07-08T08:10:00.848+0000: 406.397: [GC [PSYoungGen: 173937K->1260K(208832K)] 305974K->133385K(895808K), 0.0046990 secs] [Times: user=0.02 sys=0.00, real=0.00 secs] 
2014-07-08T08:10:01.597+0000: 407.146: [GC [PSYoungGen: 208812K->1014K(224128K)] 340937K->133667K(911104K), 0.0101920 secs] [Times: user=0.05 sys=0.00, real=0.01 secs] 
2014-07-08T08:10:02.458+0000: 408.007: [GC [PSYoungGen: 224071K->1460K(224832K)] 356725K->134177K(911808K), 0.0080450 secs] [Times: user=0.03 sys=0.00, real=0.01 secs] 
2014-07-08T08:10:03.129+0000: 408.678: [GC [PSYoungGen: 224564K->1314K(219328K)] 357281K->134193K(906304K), 0.0050450 secs] [Times: user=0.02 sys=0.00, real=0.00 secs] 
2014-07-08T08:10:03.871+0000: 409.421: [GC [PSYoungGen: 219298K->1492K(214528K)] 352177K->134452K(901504K), 0.0027270 secs] [Times: user=0.02 sys=0.01, real=0.00 secs] 
2014-07-08T08:10:04.614+0000: 410.163: [GC [PSYoungGen: 214483K->634K(208832K)] 347443K->134123K(895808K), 0.0047050 secs] [Times: user=0.03 sys=0.01, real=0.01 secs] 
2014-07-08T08:10:05.356+0000: 410.905: [GC [PSYoungGen: 208824K->1378K(204992K)] 342314K->134931K(891968K), 0.0062430 secs] [Times: user=0.04 sys=0.00, real=0.01 secs] 
2014-07-08T08:10:06.054+0000: 411.604: [GC [PSYoungGen: 204871K->872K(200000K)] 338425K->134579K(886976K), 0.0074860 secs] [Times: user=0.04 sys=0.00, real=0.01 secs] 
2014-07-08T08:10:06.787+0000: 412.336: [GC [PSYoungGen: 199976K->1502K(196352K)] 333683K->135273K(883328K), 0.0061520 secs] [Times: user=0.04 sys=0.00, real=0.00 secs] 
2014-07-08T08:10:07.439+0000: 412.988: [GC [PSYoungGen: 196282K->1200K(191872K)] 330053K->135321K(878848K), 0.0058660 secs] [Times: user=0.04 sys=0.00, real=0.00 secs] 
2014-07-08T08:10:08.086+0000: 413.636: [GC [PSYoungGen: 191856K->1090K(187776K)] 325977K->135267K(874752K), 0.0065620 secs] [Times: user=0.05 sys=0.00, real=0.00 secs] 
2014-07-08T08:10:08.733+0000: 414.283: [GC [PSYoungGen: 187714K->1168K(183936K)] 321891K->135509K(870912K), 0.0035910 secs] [Times: user=0.02 sys=0.00, real=0.01 secs] 
2014-07-08T08:10:09.438+0000: 414.987: [GC [PSYoungGen: 183888K->1730K(180736K)] 318229K->136128K(867712K), 0.0037760 secs] [Times: user=0.02 sys=0.00, real=0.00 secs] 
2014-07-08T08:10:09.982+0000: 415.532: [GC [PSYoungGen: 180674K->748K(176064K)] 315072K->135559K(863040K), 0.0053500 secs] [Times: user=0.03 sys=0.00, real=0.01 secs] 
2014-07-08T08:10:10.599+0000: 416.148: [GC [PSYoungGen: 176044K->1036K(172864K)] 310855K->135935K(859840K), 0.0064730 secs] [Times: user=0.03 sys=0.00, real=0.00 secs] 
2014-07-08T08:10:11.199+0000: 416.748: [GC [PSYoungGen: 172812K->990K(169408K)] 307711K->135985K(856384K), 0.0056330 secs] [Times: user=0.03 sys=0.00, real=0.00 secs] 
2014-07-08T08:10:11.827+0000: 417.377: [GC [PSYoungGen: 169374K->1554K(166720K)] 304369K->136614K(853696K), 0.0040620 secs] [Times: user=0.02 sys=0.00, real=0.00 secs] 
2014-07-08T08:10:12.355+0000: 417.904: [GC [PSYoungGen: 166674K->1132K(163072K)] 301734K->136360K(850048K), 0.0031290 secs] [Times: user=0.01 sys=0.01, real=0.01 secs] 
2014-07-08T08:10:12.909+0000: 418.458: [GC [PSYoungGen: 163011K->1378K(160256K)] 298239K->136662K(847232K), 0.0050920 secs] [Times: user=0.03 sys=0.00, real=0.00 secs] 
2014-07-08T08:10:13.477+0000: 419.026: [GC [PSYoungGen: 160226K->1164K(157056K)] 295510K->136569K(844032K), 0.0044300 secs] [Times: user=0.01 sys=0.00, real=0.01 secs] 
2014-07-08T08:10:14.001+0000: 419.551: [GC [PSYoungGen: 157004K->1472K(188544K)] 292409K->136950K(875520K), 0.0122460 secs] [Times: user=0.07 sys=0.00, real=0.01 secs] 
2014-07-08T08:10:14.645+0000: 420.194: [GC [PSYoungGen: 188474K->904K(225408K)] 323952K->136485K(912384K), 0.0054510 secs] [Times: user=0.04 sys=0.01, real=0.01 secs] 
2014-07-08T08:10:15.455+0000: 421.004: [GC [PSYoungGen: 225352K->1474K(258176K)] 360933K->137119K(945152K), 0.0067590 secs] [Times: user=0.04 sys=0.01, real=0.01 secs] 
2014-07-08T08:10:16.341+0000: 421.890: [GC [PSYoungGen: 257794K->1068K(251072K)] 393439K->136777K(938048K), 0.0037500 secs] [Times: user=0.02 sys=0.00, real=0.00 secs] 
2014-07-08T08:10:17.166+0000: 422.716: [GC [PSYoungGen: 251052K->1360K(245248K)] 386761K->137150K(932224K), 0.0062950 secs] [Times: user=0.03 sys=0.00, real=0.01 secs] 
2014-07-08T08:10:18.001+0000: 423.550: [GC [PSYoungGen: 245200K->1278K(239232K)] 380990K->137180K(926208K), 0.0111340 secs] [Times: user=0.07 sys=0.00, real=0.01 secs] 
2014-07-08T08:10:18.832+0000: 424.381: [GC [PSYoungGen: 239230K->1014K(233280K)] 375132K->136987K(920256K), 0.0040650 secs] [Times: user=0.02 sys=0.00, real=0.00 secs] 
2014-07-08T08:10:19.647+0000: 425.196: [GC [PSYoungGen: 233252K->964K(227776K)] 369226K->137001K(914752K), 0.0064050 secs] [Times: user=0.04 sys=0.00, real=0.01 secs] 
2014-07-08T08:10:20.440+0000: 425.989: [GC [PSYoungGen: 227716K->1370K(222912K)] 363753K->137472K(909888K), 0.0055960 secs] [Times: user=0.03 sys=0.00, real=0.00 secs] 
2014-07-08T08:10:21.185+0000: 426.735: [GC [PSYoungGen: 222823K->1326K(217792K)] 358924K->137537K(904768K), 0.0080110 secs] [Times: user=0.03 sys=0.00, real=0.01 secs] 
2014-07-08T08:10:21.982+0000: 427.532: [GC [PSYoungGen: 217774K->1608K(213184K)] 353985K->137899K(900160K), 0.0056780 secs] [Times: user=0.03 sys=0.00, real=0.01 secs] 
2014-07-08T08:10:22.731+0000: 428.280: [GC [PSYoungGen: 213128K->744K(207552K)] 349419K->137261K(894528K), 0.0052200 secs] [Times: user=0.03 sys=0.00, real=0.00 secs] 
2014-07-08T08:10:23.437+0000: 428.987: [GC [PSYoungGen: 207528K->1356K(203648K)] 344045K->137945K(890624K), 0.0066420 secs] [Times: user=0.04 sys=0.00, real=0.01 secs] 
2014-07-08T08:10:24.071+0000: 429.620: [GC [PSYoungGen: 203592K->872K(198720K)] 340181K->137665K(885696K), 0.0055230 secs] [Times: user=0.03 sys=0.00, real=0.00 secs] 
2014-07-08T08:10:24.758+0000: 430.308: [GC [PSYoungGen: 198674K->1250K(194816K)] 335467K->138139K(881792K), 0.0057390 secs] [Times: user=0.03 sys=0.00, real=0.01 secs] 
2014-07-08T08:10:25.448+0000: 430.997: [GC [PSYoungGen: 194786K->1719K(191168K)] 331675K->138956K(878144K), 0.0035720 secs] [Times: user=0.01 sys=0.00, real=0.01 secs] 
2014-07-08T08:10:26.081+0000: 431.631: [GC [PSYoungGen: 191159K->1240K(186752K)] 328396K->138525K(873728K), 0.0046420 secs] [Times: user=0.02 sys=0.00, real=0.00 secs] 
2014-07-08T08:10:26.722+0000: 432.272: [GC [PSYoungGen: 186691K->1236K(182912K)] 323976K->138709K(869888K), 0.0100890 secs] [Times: user=0.05 sys=0.01, real=0.01 secs] 
2014-07-08T08:10:27.375+0000: 432.925: [GC [PSYoungGen: 182868K->1396K(179328K)] 320341K->138901K(866304K), 0.0054750 secs] [Times: user=0.01 sys=0.00, real=0.01 secs] 
2014-07-08T08:10:27.979+0000: 433.529: [GC [PSYoungGen: 179316K->950K(175296K)] 316821K->138527K(862272K), 0.0033720 secs] [Times: user=0.01 sys=0.00, real=0.00 secs] 
2014-07-08T08:10:28.641+0000: 434.190: [GC [PSYoungGen: 175286K->1364K(172288K)] 312863K->139021K(859264K), 0.0046870 secs] [Times: user=0.03 sys=0.00, real=0.00 secs] 
2014-07-08T08:10:29.186+0000: 434.736: [GC [PSYoungGen: 172244K->1252K(168768K)] 309901K->138981K(855744K), 0.0048290 secs] [Times: user=0.03 sys=0.00, real=0.01 secs] 
2014-07-08T08:10:29.774+0000: 435.324: [GC [PSYoungGen: 168740K->896K(165184K)] 306469K->138697K(852160K), 0.0047060 secs] [Times: user=0.03 sys=0.01, real=0.00 secs] 
2014-07-08T08:10:30.337+0000: 435.887: [GC [PSYoungGen: 165120K->1533K(162624K)] 302921K->139464K(849600K), 0.0033160 secs] [Times: user=0.01 sys=0.00, real=0.01 secs] 
2014-07-08T08:10:30.905+0000: 436.455: [GC [PSYoungGen: 162608K->1139K(159168K)] 300539K->139158K(846144K), 0.0047720 secs] [Times: user=0.02 sys=0.00, real=0.01 secs] 
2014-07-08T08:10:31.484+0000: 437.033: [GC [PSYoungGen: 159130K->1210K(190848K)] 297149K->139473K(877824K), 0.0174370 secs] [Times: user=0.10 sys=0.00, real=0.02 secs] 
2014-07-08T08:10:32.131+0000: 437.680: [GC [PSYoungGen: 190822K->1764K(229376K)] 329085K->140091K(916352K), 0.0050760 secs] [Times: user=0.02 sys=0.01, real=0.00 secs] 
2014-07-08T08:10:32.893+0000: 438.442: [GC [PSYoungGen: 229348K->894K(254848K)] 367675K->139475K(941824K), 0.0066090 secs] [Times: user=0.04 sys=0.00, real=0.00 secs] 
2014-07-08T08:10:33.785+0000: 439.334: [GC [PSYoungGen: 254846K->1104K(248832K)] 393427K->139765K(935808K), 0.0045310 secs] [Times: user=0.02 sys=0.00, real=0.00 secs] 
2014-07-08T08:10:34.662+0000: 440.212: [GC [PSYoungGen: 248766K->890K(242560K)] 387427K->139623K(929536K), 0.0039160 secs] [Times: user=0.02 sys=0.00, real=0.00 secs] 
2014-07-08T08:10:35.604+0000: 441.153: [GC [PSYoungGen: 242554K->1484K(237376K)] 381287K->140289K(924352K), 0.0066310 secs] [Times: user=0.04 sys=0.00, real=0.01 secs] 
2014-07-08T08:10:36.326+0000: 441.876: [GC [PSYoungGen: 237324K->1196K(231424K)] 376129K->140097K(918400K), 0.0070860 secs] [Times: user=0.04 sys=0.00, real=0.01 secs] 
2014-07-08T08:10:37.149+0000: 442.698: [GC [PSYoungGen: 231386K->1728K(226624K)] 370288K->140710K(913600K), 0.0064950 secs] [Times: user=0.04 sys=0.00, real=0.01 secs] 
2014-07-08T08:10:37.887+0000: 443.437: [GC [PSYoungGen: 226560K->880K(220544K)] 365542K->140768K(907520K), 0.0070290 secs] [Times: user=0.04 sys=0.00, real=0.01 secs] 
2014-07-08T08:10:38.633+0000: 444.183: [GC [PSYoungGen: 220528K->1700K(216384K)] 360416K->141668K(903360K), 0.0041810 secs] [Times: user=0.02 sys=0.00, real=0.00 secs] 
2014-07-08T08:10:39.393+0000: 444.942: [GC [PSYoungGen: 216356K->1662K(211456K)] 356324K->142329K(898432K), 0.0042460 secs] [Times: user=0.01 sys=0.00, real=0.00 secs] 
2014-07-08T08:10:40.097+0000: 445.647: [GC [PSYoungGen: 211454K->1090K(206272K)] 352121K->141852K(893248K), 0.0036390 secs] [Times: user=0.02 sys=0.00, real=0.01 secs] 
2014-07-08T08:10:40.790+0000: 446.339: [GC [PSYoungGen: 206207K->858K(201472K)] 346969K->141692K(888448K), 0.0047540 secs] [Times: user=0.03 sys=0.00, real=0.01 secs] 
2014-07-08T08:10:41.530+0000: 447.079: [GC [PSYoungGen: 201434K->1374K(197632K)] 342268K->142256K(884608K), 0.0065970 secs] [Times: user=0.03 sys=0.00, real=0.01 secs] 
2014-07-08T08:10:42.273+0000: 447.822: [GC [PSYoungGen: 197598K->1494K(193536K)] 338480K->142448K(880512K), 0.0051000 secs] [Times: user=0.02 sys=0.00, real=0.00 secs] 
2014-07-08T08:10:42.833+0000: 448.382: [GC [PSYoungGen: 193448K->1122K(189056K)] 334402K->142148K(876032K), 0.0085360 secs] [Times: user=0.05 sys=0.00, real=0.00 secs] 
2014-07-08T08:10:43.513+0000: 449.062: [GC [PSYoungGen: 189026K->1424K(185472K)] 330052K->142530K(872448K), 0.0048950 secs] [Times: user=0.03 sys=0.00, real=0.00 secs] 
2014-07-08T08:10:44.117+0000: 449.667: [GC [PSYoungGen: 185424K->1450K(181696K)] 326530K->142660K(868672K), 0.0037940 secs] [Times: user=0.02 sys=0.00, real=0.00 secs] 
2014-07-08T08:10:44.747+0000: 450.296: [GC [PSYoungGen: 181674K->1432K(178048K)] 322884K->142698K(865024K), 0.0030560 secs] [Times: user=0.02 sys=0.00, real=0.00 secs] 
2014-07-08T08:10:45.370+0000: 450.920: [GC [PSYoungGen: 178008K->1324K(174336K)] 319274K->142630K(861312K), 0.0067990 secs] [Times: user=0.04 sys=0.00, real=0.01 secs] 
2014-07-08T08:10:45.944+0000: 451.494: [GC [PSYoungGen: 174316K->1168K(170752K)] 315622K->142586K(857728K), 0.0037720 secs] [Times: user=0.02 sys=0.00, real=0.00 secs] 
2014-07-08T08:10:46.554+0000: 452.103: [GC [PSYoungGen: 170704K->1192K(167424K)] 312122K->142650K(854400K), 0.0055960 secs] [Times: user=0.03 sys=0.00, real=0.00 secs] 
2014-07-08T08:10:47.128+0000: 452.677: [GC [PSYoungGen: 167400K->1114K(164160K)] 308858K->142660K(851136K), 0.0041240 secs] [Times: user=0.02 sys=0.00, real=0.00 secs] 
2014-07-08T08:10:47.821+0000: 453.370: [GC [PSYoungGen: 164122K->1132K(161024K)] 305668K->142758K(848000K), 0.0057530 secs] [Times: user=0.04 sys=0.00, real=0.01 secs] 
2014-07-08T08:10:48.357+0000: 453.906: [GC [PSYoungGen: 161004K->1592K(158464K)] 302630K->143324K(845440K), 0.0081410 secs] [Times: user=0.05 sys=0.01, real=0.01 secs] 
2014-07-08T08:10:48.813+0000: 454.363: [GC [PSYoungGen: 158441K->1100K(155072K)] 300173K->142904K(842048K), 0.0051070 secs] [Times: user=0.03 sys=0.00, real=0.00 secs] 
2014-07-08T08:10:49.330+0000: 454.879: [GC [PSYoungGen: 154990K->1264K(152384K)] 296795K->143156K(839360K), 0.0033860 secs] [Times: user=0.02 sys=0.00, real=0.01 secs] 
2014-07-08T08:10:49.839+0000: 455.389: [GC [PSYoungGen: 152368K->1240K(149632K)] 294260K->143204K(836608K), 0.0036360 secs] [Times: user=0.01 sys=0.01, real=0.01 secs] 
2014-07-08T08:10:50.373+0000: 455.922: [GC [PSYoungGen: 149549K->1332K(147008K)] 291514K->143452K(833984K), 0.0034300 secs] [Times: user=0.01 sys=0.00, real=0.01 secs] 
2014-07-08T08:10:50.854+0000: 456.403: [GC [PSYoungGen: 146977K->1282K(144384K)] 289097K->143458K(831360K), 0.0065650 secs] [Times: user=0.03 sys=0.00, real=0.00 secs] 
2014-07-08T08:10:51.358+0000: 456.907: [GC [PSYoungGen: 144322K->1072K(141632K)] 286498K->143460K(828608K), 0.0031160 secs] [Times: user=0.02 sys=0.00, real=0.00 secs] 
2014-07-08T08:10:51.835+0000: 457.385: [GC [PSYoungGen: 141602K->1228K(139392K)] 283990K->143688K(826368K), 0.0029780 secs] [Times: user=0.02 sys=0.00, real=0.00 secs] 
2014-07-08T08:10:52.404+0000: 457.953: [GC [PSYoungGen: 139340K->1128K(136896K)] 281800K->143806K(823872K), 0.0038540 secs] [Times: user=0.02 sys=0.00, real=0.00 secs] 
2014-07-08T08:10:52.780+0000: 458.329: [GC [PSYoungGen: 136872K->1336K(134784K)] 279550K->144102K(821760K), 0.0061940 secs] [Times: user=0.03 sys=0.00, real=0.01 secs] 
2014-07-08T08:10:53.248+0000: 458.797: [GC [PSYoungGen: 134755K->1018K(132224K)] 277521K->144188K(819200K), 0.0032270 secs] [Times: user=0.01 sys=0.00, real=0.00 secs] 
2014-07-08T08:10:53.703+0000: 459.252: [GC [PSYoungGen: 132217K->1072K(130112K)] 275388K->144306K(817088K), 0.0028400 secs] [Times: user=0.02 sys=0.00, real=0.01 secs] 
2014-07-08T08:10:54.146+0000: 459.696: [GC [PSYoungGen: 130091K->975K(127936K)] 273326K->144281K(814912K), 0.0041420 secs] [Times: user=0.02 sys=0.00, real=0.00 secs] 
2014-07-08T08:10:54.648+0000: 460.197: [GC [PSYoungGen: 127864K->1637K(126528K)] 271170K->144999K(813504K), 0.0039880 secs] [Times: user=0.02 sys=0.00, real=0.00 secs] 
2014-07-08T08:10:55.019+0000: 460.569: [GC [PSYoungGen: 126501K->807K(123712K)] 269863K->144753K(810688K), 0.0032410 secs] [Times: user=0.02 sys=0.00, real=0.00 secs] 
2014-07-08T08:10:55.453+0000: 461.003: [GC [PSYoungGen: 123672K->1232K(122240K)] 267618K->145210K(809216K), 0.0060110 secs] [Times: user=0.03 sys=0.01, real=0.01 secs] 
2014-07-08T08:10:55.853+0000: 461.403: [GC [PSYoungGen: 122159K->1228K(146432K)] 266137K->145302K(833408K), 0.0056890 secs] [Times: user=0.03 sys=0.00, real=0.01 secs] 
2014-07-08T08:10:56.355+0000: 461.904: [GC [PSYoungGen: 146357K->1242K(175488K)] 290431K->145348K(862464K), 0.0132530 secs] [Times: user=0.07 sys=0.00, real=0.01 secs] 
2014-07-08T08:10:56.944+0000: 462.494: [GC [PSYoungGen: 175450K->932K(210048K)] 319556K->145208K(897024K), 0.0061190 secs] [Times: user=0.03 sys=0.00, real=0.00 secs] 
2014-07-08T08:10:57.711+0000: 463.261: [GC [PSYoungGen: 210020K->1032K(228160K)] 354296K->145380K(915136K), 0.0047910 secs] [Times: user=0.02 sys=0.00, real=0.01 secs] 
2014-07-08T08:10:58.495+0000: 464.044: [GC [PSYoungGen: 227464K->1452K(252672K)] 371812K->145912K(939648K), 0.0048210 secs] [Times: user=0.02 sys=0.00, real=0.00 secs] 
2014-07-08T08:10:59.345+0000: 464.894: [GC [PSYoungGen: 252396K->1154K(246016K)] 396856K->145670K(932992K), 0.0041400 secs] [Times: user=0.02 sys=0.00, real=0.00 secs] 
2014-07-08T08:11:00.192+0000: 465.742: [GC [PSYoungGen: 245954K->552K(239424K)] 390470K->145596K(926400K), 0.0030410 secs] [Times: user=0.01 sys=0.01, real=0.01 secs] 
2014-07-08T08:11:01.010+0000: 466.559: [GC [PSYoungGen: 239400K->1464K(234624K)] 384444K->146612K(921600K), 0.0044340 secs] [Times: user=0.02 sys=0.00, real=0.01 secs] 
2014-07-08T08:11:01.923+0000: 467.472: [GC [PSYoungGen: 234616K->1335K(228992K)] 379764K->147095K(915968K), 0.0060260 secs] [Times: user=0.04 sys=0.01, real=0.01 secs] 
2014-07-08T08:11:02.713+0000: 468.262: [GC [PSYoungGen: 228983K->1682K(224064K)] 374743K->147530K(911040K), 0.0050030 secs] [Times: user=0.02 sys=0.00, real=0.01 secs] 
2014-07-08T08:11:03.390+0000: 468.940: [GC [PSYoungGen: 223982K->822K(218048K)] 369830K->147010K(905024K), 0.0067560 secs] [Times: user=0.04 sys=0.00, real=0.01 secs] 
2014-07-08T08:11:04.114+0000: 469.663: [GC [PSYoungGen: 218038K->1542K(213888K)] 364226K->147869K(900864K), 0.0044830 secs] [Times: user=0.03 sys=0.00, real=0.01 secs] 
2014-07-08T08:11:04.850+0000: 470.399: [GC [PSYoungGen: 213816K->1270K(208832K)] 360143K->147761K(895808K), 0.0062370 secs] [Times: user=0.04 sys=0.00, real=0.01 secs] 
2014-07-08T08:11:05.601+0000: 471.150: [GC [PSYoungGen: 208822K->1538K(204544K)] 355313K->148093K(891520K), 0.0071560 secs] [Times: user=0.05 sys=0.00, real=0.01 secs] 
2014-07-08T08:11:06.296+0000: 471.845: [GC [PSYoungGen: 204482K->1128K(199680K)] 351037K->147820K(886656K), 0.0047230 secs] [Times: user=0.03 sys=0.00, real=0.00 secs] 
2014-07-08T08:11:06.974+0000: 472.523: [GC [PSYoungGen: 199656K->1054K(195328K)] 346348K->147810K(882304K), 0.0041090 secs] [Times: user=0.02 sys=0.00, real=0.01 secs] 
2014-07-08T08:11:07.787+0000: 473.336: [GC [PSYoungGen: 195264K->1648K(191744K)] 342020K->148492K(878720K), 0.0043680 secs] [Times: user=0.02 sys=0.00, real=0.00 secs] 
2014-07-08T08:11:08.354+0000: 473.903: [GC [PSYoungGen: 191725K->1480K(187584K)] 338570K->148413K(874560K), 0.0054770 secs] [Times: user=0.03 sys=0.00, real=0.01 secs] 
2014-07-08T08:11:08.955+0000: 474.504: [GC [PSYoungGen: 187528K->830K(183040K)] 334461K->147914K(870016K), 0.0062950 secs] [Times: user=0.04 sys=0.00, real=0.01 secs] 
2014-07-08T08:11:09.612+0000: 475.161: [GC [PSYoungGen: 183038K->1795K(180352K)] 330122K->148919K(867328K), 0.0079140 secs] [Times: user=0.05 sys=0.00, real=0.01 secs] 
2014-07-08T08:11:10.197+0000: 475.746: [GC [PSYoungGen: 180291K->1182K(176064K)] 327415K->148428K(863040K), 0.0073530 secs] [Times: user=0.05 sys=0.00, real=0.00 secs] 
2014-07-08T08:11:10.810+0000: 476.360: [GC [PSYoungGen: 176030K->776K(172160K)] 323276K->148078K(859136K), 0.0041730 secs] [Times: user=0.02 sys=0.00, real=0.00 secs] 
2014-07-08T08:11:11.409+0000: 476.958: [GC [PSYoungGen: 172089K->1082K(169024K)] 319391K->148424K(856000K), 0.0081910 secs] [Times: user=0.04 sys=0.00, real=0.01 secs] 
2014-07-08T08:11:11.997+0000: 477.547: [GC [PSYoungGen: 169001K->886K(165568K)] 316344K->148332K(852544K), 0.0057080 secs] [Times: user=0.04 sys=0.00, real=0.00 secs] 
2014-07-08T08:11:12.672+0000: 478.222: [GC [PSYoungGen: 165533K->1636K(163136K)] 312979K->149179K(850112K), 0.0031640 secs] [Times: user=0.02 sys=0.01, real=0.00 secs] 
2014-07-08T08:11:13.139+0000: 478.689: [GC [PSYoungGen: 163108K->1154K(159616K)] 310651K->148760K(846592K), 0.0038650 secs] [Times: user=0.02 sys=0.01, real=0.00 secs] 
2014-07-08T08:11:13.744+0000: 479.293: [GC [PSYoungGen: 159510K->1400K(191488K)] 307117K->149203K(878464K), 0.0100680 secs] [Times: user=0.07 sys=0.00, real=0.01 secs] 
2014-07-08T08:11:14.358+0000: 479.907: [GC [PSYoungGen: 191480K->1588K(229696K)] 339283K->149489K(916672K), 0.0093330 secs] [Times: user=0.05 sys=0.00, real=0.01 secs] 
2014-07-08T08:11:15.140+0000: 480.689: [GC [PSYoungGen: 229684K->1266K(236416K)] 377585K->149319K(923392K), 0.0060680 secs] [Times: user=0.04 sys=0.00, real=0.01 secs] 
2014-07-08T08:11:15.955+0000: 481.505: [GC [PSYoungGen: 236402K->1008K(230592K)] 384455K->149149K(917568K), 0.0047000 secs] [Times: user=0.03 sys=0.00, real=0.01 secs] 
2014-07-08T08:11:16.760+0000: 482.310: [GC [PSYoungGen: 230522K->1147K(225344K)] 378663K->149474K(912320K), 0.0056610 secs] [Times: user=0.03 sys=0.00, real=0.00 secs] 
2014-07-08T08:11:17.561+0000: 483.110: [GC [PSYoungGen: 225327K->1492K(220544K)] 373654K->149891K(907520K), 0.0045000 secs] [Times: user=0.03 sys=0.00, real=0.00 secs] 
2014-07-08T08:11:18.311+0000: 483.861: [GC [PSYoungGen: 220500K->1316K(215360K)] 368899K->149795K(902336K), 0.0032710 secs] [Times: user=0.01 sys=0.00, real=0.00 secs] 
2014-07-08T08:11:19.046+0000: 484.595: [GC [PSYoungGen: 215332K->1172K(210432K)] 363811K->149739K(897408K), 0.0047710 secs] [Times: user=0.03 sys=0.00, real=0.01 secs] 
2014-07-08T08:11:19.774+0000: 485.323: [GC [PSYoungGen: 210387K->872K(205440K)] 358953K->149518K(892416K), 0.0059750 secs] [Times: user=0.02 sys=0.00, real=0.01 secs] 
2014-07-08T08:11:20.599+0000: 486.149: [GC [PSYoungGen: 205416K->1556K(201664K)] 354062K->150275K(888640K), 0.0064460 secs] [Times: user=0.04 sys=0.00, real=0.00 secs] 
2014-07-08T08:11:21.171+0000: 486.720: [GC [PSYoungGen: 201620K->1314K(197056K)] 350339K->150097K(884032K), 0.0029900 secs] [Times: user=0.02 sys=0.00, real=0.00 secs] 
2014-07-08T08:11:21.852+0000: 487.402: [GC [PSYoungGen: 196988K->1064K(192640K)] 345771K->149887K(879616K), 0.0032190 secs] [Times: user=0.01 sys=0.00, real=0.00 secs] 
2014-07-08T08:11:22.537+0000: 488.086: [GC [PSYoungGen: 192616K->1342K(188864K)] 341439K->150221K(875840K), 0.0079000 secs] [Times: user=0.04 sys=0.01, real=0.01 secs] 
2014-07-08T08:11:23.149+0000: 488.699: [GC [PSYoungGen: 188862K->1324K(184960K)] 337741K->150299K(871936K), 0.0040500 secs] [Times: user=0.02 sys=0.00, real=0.00 secs] 
2014-07-08T08:11:23.804+0000: 489.353: [GC [PSYoungGen: 184940K->1068K(180928K)] 333915K->150114K(867904K), 0.0032250 secs] [Times: user=0.02 sys=0.00, real=0.00 secs] 
2014-07-08T08:11:24.441+0000: 489.991: [GC [PSYoungGen: 180908K->1406K(177600K)] 329954K->150501K(864576K), 0.0109820 secs] [Times: user=0.06 sys=0.00, real=0.01 secs] 
2014-07-08T08:11:25.051+0000: 490.600: [GC [PSYoungGen: 177598K->1004K(212480K)] 326693K->150162K(899456K), 0.0086770 secs] [Times: user=0.05 sys=0.00, real=0.01 secs] 
2014-07-08T08:11:25.777+0000: 491.327: [GC [PSYoungGen: 212451K->1342K(208064K)] 361609K->150581K(895040K), 0.0052790 secs] [Times: user=0.03 sys=0.00, real=0.01 secs] 
2014-07-08T08:11:26.618+0000: 492.167: [GC [PSYoungGen: 208050K->1274K(203456K)] 357288K->150815K(890432K), 0.0060630 secs] [Times: user=0.03 sys=0.01, real=0.01 secs] 
2014-07-08T08:11:27.232+0000: 492.781: [GC [PSYoungGen: 203450K->1492K(199296K)] 352991K->151105K(886272K), 0.0057180 secs] [Times: user=0.03 sys=0.01, real=0.00 secs] 
2014-07-08T08:11:27.923+0000: 493.472: [GC [PSYoungGen: 199252K->854K(194368K)] 348865K->150604K(881344K), 0.0055890 secs] [Times: user=0.03 sys=0.00, real=0.01 secs] 
2014-07-08T08:11:28.607+0000: 494.157: [GC [PSYoungGen: 194326K->968K(190400K)] 344076K->150783K(877376K), 0.0038200 secs] [Times: user=0.02 sys=0.00, real=0.01 secs] 
2014-07-08T08:11:29.239+0000: 494.788: [GC [PSYoungGen: 190344K->1214K(186624K)] 340159K->151069K(873600K), 0.0085150 secs] [Times: user=0.03 sys=0.01, real=0.01 secs] 
2014-07-08T08:11:29.868+0000: 495.418: [GC [PSYoungGen: 186602K->986K(182592K)] 336457K->150921K(869568K), 0.0084320 secs] [Times: user=0.05 sys=0.00, real=0.01 secs] 
2014-07-08T08:11:30.547+0000: 496.096: [GC [PSYoungGen: 182554K->1228K(179136K)] 332489K->151235K(866112K), 0.0068100 secs] [Times: user=0.04 sys=0.00, real=0.01 secs] 
2014-07-08T08:11:31.128+0000: 496.677: [GC [PSYoungGen: 179084K->922K(175232K)] 329091K->150985K(862208K), 0.0051340 secs] [Times: user=0.03 sys=0.00, real=0.01 secs] 
2014-07-08T08:11:31.736+0000: 497.286: [GC [PSYoungGen: 175157K->822K(209984K)] 325220K->150948K(896960K), 0.0081630 secs] [Times: user=0.05 sys=0.00, real=0.01 secs] 
2014-07-08T08:11:32.562+0000: 498.112: [GC [PSYoungGen: 209974K->1584K(206080K)] 360100K->151799K(893056K), 0.0063830 secs] [Times: user=0.04 sys=0.00, real=0.00 secs] 
2014-07-08T08:11:33.205+0000: 498.755: [GC [PSYoungGen: 206042K->1214K(201216K)] 356257K->151517K(888192K), 0.0058800 secs] [Times: user=0.03 sys=0.00, real=0.01 secs] 
2014-07-08T08:11:33.854+0000: 499.403: [GC [PSYoungGen: 201212K->1338K(196992K)] 351515K->151721K(883968K), 0.0046160 secs] [Times: user=0.02 sys=0.00, real=0.00 secs] 
2014-07-08T08:11:34.571+0000: 500.121: [GC [PSYoungGen: 196986K->1200K(192704K)] 347369K->151867K(879680K), 0.0060050 secs] [Times: user=0.03 sys=0.00, real=0.00 secs] 
2014-07-08T08:11:35.176+0000: 500.726: [GC [PSYoungGen: 192688K->1026K(188544K)] 343355K->151749K(875520K), 0.0057400 secs] [Times: user=0.03 sys=0.00, real=0.01 secs] 
2014-07-08T08:11:35.818+0000: 501.367: [GC [PSYoungGen: 188482K->1371K(184960K)] 339205K->152248K(871936K), 0.0068560 secs] [Times: user=0.04 sys=0.00, real=0.01 secs] 
2014-07-08T08:11:36.464+0000: 502.013: [GC [PSYoungGen: 184923K->1360K(181184K)] 335800K->152301K(868160K), 0.0051980 secs] [Times: user=0.03 sys=0.00, real=0.00 secs] 
2014-07-08T08:11:37.072+0000: 502.621: [GC [PSYoungGen: 181136K->950K(177088K)] 332077K->151971K(864064K), 0.0058070 secs] [Times: user=0.04 sys=0.01, real=0.00 secs] 
2014-07-08T08:11:37.682+0000: 503.231: [GC [PSYoungGen: 177029K->808K(173440K)] 328050K->151893K(860416K), 0.0046940 secs] [Times: user=0.02 sys=0.00, real=0.00 secs] 
2014-07-08T08:11:38.461+0000: 504.010: [GC [PSYoungGen: 173415K->1598K(170752K)] 324500K->152747K(857728K), 0.0053750 secs] [Times: user=0.03 sys=0.01, real=0.00 secs] 
2014-07-08T08:11:38.927+0000: 504.476: [GC [PSYoungGen: 170750K->1444K(167296K)] 321899K->152649K(854272K), 0.0052110 secs] [Times: user=0.02 sys=0.00, real=0.01 secs] 
2014-07-08T08:11:39.494+0000: 505.043: [GC [PSYoungGen: 167268K->804K(163456K)] 318473K->152341K(850432K), 0.0048190 secs] [Times: user=0.02 sys=0.00, real=0.00 secs] 
2014-07-08T08:11:39.989+0000: 505.539: [GC [PSYoungGen: 163428K->772K(160320K)] 314965K->152357K(847296K), 0.0053060 secs] [Times: user=0.03 sys=0.00, real=0.01 secs] 
2014-07-08T08:11:40.570+0000: 506.119: [GC [PSYoungGen: 160236K->1132K(157632K)] 311821K->152805K(844608K), 0.0045480 secs] [Times: user=0.02 sys=0.00, real=0.01 secs] 
2014-07-08T08:11:41.100+0000: 506.650: [GC [PSYoungGen: 157612K->1186K(154752K)] 309285K->152939K(841728K), 0.0046380 secs] [Times: user=0.02 sys=0.00, real=0.00 secs] 
2014-07-08T08:11:41.632+0000: 507.182: [GC [PSYoungGen: 154722K->1288K(152064K)] 306475K->153129K(839040K), 0.0065010 secs] [Times: user=0.04 sys=0.00, real=0.00 secs] 
2014-07-08T08:11:42.148+0000: 507.698: [GC [PSYoungGen: 152008K->1363K(149376K)] 303849K->153276K(836352K), 0.0040750 secs] [Times: user=0.02 sys=0.00, real=0.01 secs] 
2014-07-08T08:11:42.666+0000: 508.215: [GC [PSYoungGen: 149331K->894K(146176K)] 301244K->153019K(833152K), 0.0028960 secs] [Times: user=0.02 sys=0.00, real=0.00 secs] 
2014-07-08T08:11:43.163+0000: 508.713: [GC [PSYoungGen: 146174K->1242K(144000K)] 298299K->153415K(830976K), 0.0069050 secs] [Times: user=0.04 sys=0.00, real=0.00 secs] 
2014-07-08T08:11:43.658+0000: 509.207: [GC [PSYoungGen: 143962K->1300K(172608K)] 296135K->153569K(859584K), 0.0067440 secs] [Times: user=0.05 sys=0.00, real=0.01 secs] 
2014-07-08T08:11:44.260+0000: 509.809: [GC [PSYoungGen: 172564K->900K(168832K)] 324833K->153217K(855808K), 0.0033990 secs] [Times: user=0.01 sys=0.00, real=0.01 secs] 
2014-07-08T08:11:44.895+0000: 510.444: [GC [PSYoungGen: 168772K->1186K(165824K)] 321089K->153703K(852800K), 0.0062510 secs] [Times: user=0.04 sys=0.00, real=0.01 secs] 
2014-07-08T08:11:45.407+0000: 510.956: [GC [PSYoungGen: 165794K->1168K(162624K)] 318311K->153757K(849600K), 0.0067470 secs] [Times: user=0.04 sys=0.00, real=0.01 secs] 
2014-07-08T08:11:45.956+0000: 511.505: [GC [PSYoungGen: 162576K->972K(159360K)] 315165K->153665K(846336K), 0.0041450 secs] [Times: user=0.01 sys=0.00, real=0.00 secs] 
2014-07-08T08:11:46.557+0000: 512.106: [GC [PSYoungGen: 159299K->1242K(156608K)] 311992K->153999K(843584K), 0.0051500 secs] [Times: user=0.04 sys=0.00, real=0.01 secs] 
2014-07-08T08:11:47.038+0000: 512.587: [GC [PSYoungGen: 156559K->1067K(153536K)] 309316K->154010K(840512K), 0.0040340 secs] [Times: user=0.02 sys=0.00, real=0.01 secs] 
2014-07-08T08:11:47.575+0000: 513.125: [GC [PSYoungGen: 153483K->1356K(151040K)] 306426K->154355K(838016K), 0.0047720 secs] [Times: user=0.02 sys=0.01, real=0.00 secs] 
2014-07-08T08:11:48.126+0000: 513.675: [GC [PSYoungGen: 150988K->866K(180480K)] 303987K->154720K(867456K), 0.0107390 secs] [Times: user=0.06 sys=0.00, real=0.01 secs] 
2014-07-08T08:11:48.732+0000: 514.282: [GC [PSYoungGen: 180450K->986K(176960K)] 334304K->154912K(863936K), 0.0036810 secs] [Times: user=0.02 sys=0.00, real=0.00 secs] 
2014-07-08T08:11:49.349+0000: 514.898: [GC [PSYoungGen: 176922K->1050K(173504K)] 330848K->155096K(860480K), 0.0053580 secs] [Times: user=0.04 sys=0.00, real=0.01 secs] 
2014-07-08T08:11:49.941+0000: 515.491: [GC [PSYoungGen: 173466K->818K(202816K)] 327512K->154911K(889792K), 0.0073510 secs] [Times: user=0.04 sys=0.00, real=0.01 secs] 
2014-07-08T08:11:50.672+0000: 516.221: [GC [PSYoungGen: 201842K->1612K(198336K)] 355935K->155770K(885312K), 0.0070480 secs] [Times: user=0.04 sys=0.00, real=0.00 secs] 
2014-07-08T08:11:51.325+0000: 516.874: [GC [PSYoungGen: 198284K->1509K(193984K)] 352442K->155706K(880960K), 0.0058830 secs] [Times: user=0.02 sys=0.00, real=0.00 secs] 
2014-07-08T08:11:51.969+0000: 517.519: [GC [PSYoungGen: 193957K->680K(189056K)] 348154K->155458K(876032K), 0.0027550 secs] [Times: user=0.01 sys=0.01, real=0.01 secs] 
2014-07-08T08:11:52.631+0000: 518.180: [GC [PSYoungGen: 189032K->1218K(185664K)] 343810K->156052K(872640K), 0.0033300 secs] [Times: user=0.02 sys=0.00, real=0.01 secs] 
2014-07-08T08:11:53.283+0000: 518.833: [GC [PSYoungGen: 185600K->1544K(182144K)] 340434K->156548K(869120K), 0.0032040 secs] [Times: user=0.01 sys=0.00, real=0.00 secs] 
2014-07-08T08:11:53.884+0000: 519.434: [GC [PSYoungGen: 182088K->1228K(178112K)] 337092K->156288K(865088K), 0.0046460 secs] [Times: user=0.02 sys=0.00, real=0.00 secs] 
2014-07-08T08:11:54.513+0000: 520.063: [GC [PSYoungGen: 178060K->876K(174144K)] 333120K->156278K(861120K), 0.0045720 secs] [Times: user=0.03 sys=0.00, real=0.00 secs] 
2014-07-08T08:11:55.090+0000: 520.639: [GC [PSYoungGen: 174108K->1382K(171200K)] 329510K->156872K(858176K), 0.0038510 secs] [Times: user=0.02 sys=0.01, real=0.01 secs] 
2014-07-08T08:11:55.684+0000: 521.233: [GC [PSYoungGen: 171174K->1228K(167744K)] 326664K->156990K(854720K), 0.0062810 secs] [Times: user=0.03 sys=0.00, real=0.00 secs] 
2014-07-08T08:11:56.256+0000: 521.805: [GC [PSYoungGen: 167612K->1321K(164544K)] 323375K->157155K(851520K), 0.0047610 secs] [Times: user=0.03 sys=0.00, real=0.00 secs] 
2014-07-08T08:11:56.817+0000: 522.366: [GC [PSYoungGen: 164521K->894K(160960K)] 320355K->156988K(847936K), 0.0074110 secs] [Times: user=0.04 sys=0.01, real=0.01 secs] 
2014-07-08T08:11:57.441+0000: 522.990: [GC [PSYoungGen: 160958K->1698K(158784K)] 317052K->157864K(845760K), 0.0060970 secs] [Times: user=0.04 sys=0.00, real=0.01 secs] 
2014-07-08T08:11:57.926+0000: 523.476: [GC [PSYoungGen: 158754K->868K(155008K)] 314920K->157729K(841984K), 0.0062500 secs] [Times: user=0.04 sys=0.00, real=0.00 secs] 
2014-07-08T08:11:58.530+0000: 524.080: [GC [PSYoungGen: 154980K->1705K(186688K)] 311841K->158598K(873664K), 0.0092760 secs] [Times: user=0.06 sys=0.00, real=0.01 secs] 
2014-07-08T08:11:59.108+0000: 524.657: [GC [PSYoungGen: 186665K->954K(200640K)] 343558K->158098K(887616K), 0.0065120 secs] [Times: user=0.04 sys=0.00, real=0.01 secs] 
2014-07-08T08:11:59.803+0000: 525.353: [GC [PSYoungGen: 200442K->1040K(196288K)] 357586K->158248K(883264K), 0.0029980 secs] [Times: user=0.01 sys=0.00, real=0.00 secs] 
2014-07-08T08:12:00.522+0000: 526.072: [GC [PSYoungGen: 196240K->944K(192000K)] 353448K->158614K(878976K), 0.0033570 secs] [Times: user=0.02 sys=0.00, real=0.01 secs] 
2014-07-08T08:12:01.144+0000: 526.693: [GC [PSYoungGen: 191984K->1364K(188416K)] 349654K->159115K(875392K), 0.0045500 secs] [Times: user=0.03 sys=0.00, real=0.00 secs] 
2014-07-08T08:12:01.798+0000: 527.347: [GC [PSYoungGen: 188338K->1332K(184448K)] 346089K->159419K(871424K), 0.0084700 secs] [Times: user=0.05 sys=0.00, real=0.01 secs] 
2014-07-08T08:12:02.435+0000: 527.984: [GC [PSYoungGen: 184418K->1392K(180736K)] 342505K->159543K(867712K), 0.0074360 secs] [Times: user=0.04 sys=0.00, real=0.00 secs] 
2014-07-08T08:12:03.041+0000: 528.590: [GC [PSYoungGen: 180720K->1022K(176704K)] 338871K->159269K(863680K), 0.0041470 secs] [Times: user=0.02 sys=0.00, real=0.01 secs] 
2014-07-08T08:12:03.693+0000: 529.242: [GC [PSYoungGen: 176702K->1568K(173760K)] 334949K->159903K(860736K), 0.0062700 secs] [Times: user=0.03 sys=0.01, real=0.01 secs] 
2014-07-08T08:12:04.260+0000: 529.809: [GC [PSYoungGen: 173728K->1132K(169920K)] 332063K->159743K(856896K), 0.0062210 secs] [Times: user=0.03 sys=0.00, real=0.01 secs] 
2014-07-08T08:12:04.840+0000: 530.389: [GC [PSYoungGen: 169900K->1186K(166656K)] 328511K->159869K(853632K), 0.0045420 secs] [Times: user=0.01 sys=0.00, real=0.01 secs] 
2014-07-08T08:12:05.446+0000: 530.995: [GC [PSYoungGen: 166626K->1391K(195200K)] 325309K->160319K(882176K), 0.0097380 secs] [Times: user=0.06 sys=0.00, real=0.01 secs] 
2014-07-08T08:12:06.098+0000: 531.647: [GC [PSYoungGen: 195183K->1242K(190976K)] 354111K->160217K(877952K), 0.0047790 secs] [Times: user=0.01 sys=0.01, real=0.00 secs] 
2014-07-08T08:12:06.760+0000: 532.309: [GC [PSYoungGen: 190938K->690K(186432K)] 349913K->160245K(873408K), 0.0075880 secs] [Times: user=0.05 sys=0.00, real=0.01 secs] 
2014-07-08T08:12:07.442+0000: 532.991: [GC [PSYoungGen: 186418K->1624K(183552K)] 345973K->161203K(870528K), 0.0058130 secs] [Times: user=0.02 sys=0.00, real=0.01 secs] 
2014-07-08T08:12:08.042+0000: 533.591: [GC [PSYoungGen: 183511K->1286K(193280K)] 343091K->161203K(880256K), 0.0168080 secs] [Times: user=0.10 sys=0.00, real=0.02 secs] 
2014-07-08T08:12:08.775+0000: 534.325: [GC [PSYoungGen: 193127K->754K(193728K)] 353045K->160719K(880704K), 0.0078910 secs] [Times: user=0.04 sys=0.00, real=0.00 secs] 
2014-07-08T08:12:09.391+0000: 534.940: [GC [PSYoungGen: 192626K->1534K(232192K)] 352591K->161556K(919168K), 0.0156490 secs] [Times: user=0.10 sys=0.00, real=0.02 secs] 
2014-07-08T08:12:10.165+0000: 535.714: [GC [PSYoungGen: 231804K->1139K(232192K)] 391825K->161256K(919168K), 0.0048100 secs] [Times: user=0.03 sys=0.00, real=0.01 secs] 
2014-07-08T08:12:10.960+0000: 536.509: [GC [PSYoungGen: 231411K->1160K(278144K)] 391528K->161358K(965120K), 0.0051320 secs] [Times: user=0.03 sys=0.00, real=0.01 secs] 
2014-07-08T08:12:11.924+0000: 537.473: [GC [PSYoungGen: 277512K->1146K(270400K)] 437710K->161423K(957376K), 0.0039020 secs] [Times: user=0.01 sys=0.01, real=0.01 secs] 
2014-07-08T08:12:12.867+0000: 538.416: [GC [PSYoungGen: 270356K->815K(263232K)] 430634K->161284K(950208K), 0.0045800 secs] [Times: user=0.03 sys=0.00, real=0.00 secs] 
2014-07-08T08:12:13.813+0000: 539.362: [GC [PSYoungGen: 263215K->1160K(257024K)] 423684K->161701K(944000K), 0.0069060 secs] [Times: user=0.04 sys=0.00, real=0.01 secs] 
2014-07-08T08:12:14.684+0000: 540.233: [GC [PSYoungGen: 256968K->922K(250432K)] 417509K->161583K(937408K), 0.0104650 secs] [Times: user=0.06 sys=0.00, real=0.01 secs] 
2014-07-08T08:12:15.567+0000: 541.117: [GC [PSYoungGen: 250345K->1236K(244672K)] 411006K->161953K(931648K), 0.0036160 secs] [Times: user=0.02 sys=0.00, real=0.00 secs] 
2014-07-08T08:12:16.481+0000: 542.030: [GC [PSYoungGen: 244592K->1398K(238912K)] 405309K->162317K(925888K), 0.0062410 secs] [Times: user=0.04 sys=0.01, real=0.01 secs] 
2014-07-08T08:12:17.267+0000: 542.816: [GC [PSYoungGen: 238902K->1658K(233536K)] 399821K->162682K(920512K), 0.0052570 secs] [Times: user=0.03 sys=0.01, real=0.00 secs] 
2014-07-08T08:12:18.044+0000: 543.593: [GC [PSYoungGen: 233530K->698K(227136K)] 394554K->162441K(914112K), 0.0030430 secs] [Times: user=0.02 sys=0.00, real=0.01 secs] 
2014-07-08T08:12:18.861+0000: 544.410: [GC [PSYoungGen: 227130K->1146K(222336K)] 388873K->162953K(909312K), 0.0054100 secs] [Times: user=0.02 sys=0.00, real=0.01 secs] 
2014-07-08T08:12:19.638+0000: 545.187: [GC [PSYoungGen: 222306K->1571K(217728K)] 384114K->163507K(904704K), 0.0053890 secs] [Times: user=0.03 sys=0.01, real=0.00 secs] 
2014-07-08T08:12:20.336+0000: 545.886: [GC [PSYoungGen: 217699K->1334K(212544K)] 379635K->163342K(899520K), 0.0056950 secs] [Times: user=0.03 sys=0.00, real=0.00 secs] 
2014-07-08T08:12:21.076+0000: 546.626: [GC [PSYoungGen: 212534K->944K(207424K)] 374542K->163210K(894400K), 0.0062280 secs] [Times: user=0.03 sys=0.01, real=0.01 secs] 
2014-07-08T08:12:21.787+0000: 547.336: [GC [PSYoungGen: 207408K->1168K(203136K)] 369674K->163490K(890112K), 0.0043630 secs] [Times: user=0.02 sys=0.00, real=0.00 secs] 
2014-07-08T08:12:22.540+0000: 548.089: [GC [PSYoungGen: 203088K->1584K(199104K)] 365410K->164272K(886080K), 0.0046310 secs] [Times: user=0.02 sys=0.00, real=0.00 secs] 
2014-07-08T08:12:23.160+0000: 548.709: [GC [PSYoungGen: 199088K->990K(194304K)] 361776K->163758K(881280K), 0.0047340 secs] [Times: user=0.03 sys=0.00, real=0.00 secs] 
2014-07-08T08:12:23.832+0000: 549.382: [GC [PSYoungGen: 194270K->1022K(190208K)] 357038K->163870K(877184K), 0.0052360 secs] [Times: user=0.03 sys=0.01, real=0.01 secs] 
2014-07-08T08:12:24.507+0000: 550.057: [GC [PSYoungGen: 190200K->1434K(186688K)] 353049K->164370K(873664K), 0.0049710 secs] [Times: user=0.03 sys=0.00, real=0.00 secs] 
2014-07-08T08:12:25.117+0000: 550.667: [GC [PSYoungGen: 186648K->1022K(182400K)] 349584K->164022K(869376K), 0.0039010 secs] [Times: user=0.01 sys=0.00, real=0.00 secs] 
2014-07-08T08:12:25.732+0000: 551.281: [GC [PSYoungGen: 182398K->1072K(178752K)] 345398K->164144K(865728K), 0.0043380 secs] [Times: user=0.02 sys=0.00, real=0.00 secs] 
2014-07-08T08:12:26.391+0000: 551.941: [GC [PSYoungGen: 178722K->1466K(175552K)] 341794K->164610K(862528K), 0.0052930 secs] [Times: user=0.03 sys=0.01, real=0.00 secs] 
2014-07-08T08:12:26.946+0000: 552.495: [GC [PSYoungGen: 175544K->1146K(171776K)] 338688K->164338K(858752K), 0.0065700 secs] [Times: user=0.02 sys=0.00, real=0.01 secs] 
2014-07-08T08:12:27.592+0000: 553.141: [GC [PSYoungGen: 171758K->1395K(168640K)] 334950K->164815K(855616K), 0.0029850 secs] [Times: user=0.02 sys=0.00, real=0.00 secs] 
2014-07-08T08:12:28.117+0000: 553.667: [GC [PSYoungGen: 168627K->1368K(165376K)] 332047K->164876K(852352K), 0.0048650 secs] [Times: user=0.02 sys=0.00, real=0.01 secs] 
2014-07-08T08:12:28.816+0000: 554.365: [GC [PSYoungGen: 165336K->1192K(162048K)] 328844K->165186K(849024K), 0.0087820 secs] [Times: user=0.05 sys=0.00, real=0.01 secs] 
2014-07-08T08:12:29.298+0000: 554.847: [GC [PSYoungGen: 161992K->1672K(159488K)] 325987K->165779K(846464K), 0.0055010 secs] [Times: user=0.04 sys=0.00, real=0.01 secs] 
2014-07-08T08:12:29.795+0000: 555.344: [GC [PSYoungGen: 159366K->1149K(155968K)] 323472K->165441K(842944K), 0.0039990 secs] [Times: user=0.02 sys=0.00, real=0.01 secs] 
2014-07-08T08:12:30.351+0000: 555.900: [GC [PSYoungGen: 155930K->1609K(153600K)] 320223K->165989K(840576K), 0.0037850 secs] [Times: user=0.02 sys=0.00, real=0.00 secs] 
2014-07-08T08:12:30.866+0000: 556.415: [GC [PSYoungGen: 153535K->840K(150016K)] 317915K->165308K(836992K), 0.0034240 secs] [Times: user=0.01 sys=0.00, real=0.01 secs] 
2014-07-08T08:12:31.391+0000: 556.941: [GC [PSYoungGen: 149959K->1364K(147840K)] 314428K->165904K(834816K), 0.0049670 secs] [Times: user=0.03 sys=0.00, real=0.00 secs] 
2014-07-08T08:12:31.897+0000: 557.446: [GC [PSYoungGen: 147796K->1054K(144896K)] 312336K->165690K(831872K), 0.0069880 secs] [Times: user=0.04 sys=0.00, real=0.01 secs] 
2014-07-08T08:12:32.414+0000: 557.963: [GC [PSYoungGen: 144862K->1300K(142592K)] 309498K->166048K(829568K), 0.0041500 secs] [Times: user=0.02 sys=0.00, real=0.00 secs] 
2014-07-08T08:12:32.891+0000: 558.440: [GC [PSYoungGen: 142525K->1090K(139904K)] 307274K->165894K(826880K), 0.0036700 secs] [Times: user=0.01 sys=0.00, real=0.00 secs] 
2014-07-08T08:12:33.374+0000: 558.924: [GC [PSYoungGen: 139842K->1150K(137536K)] 304646K->166010K(824512K), 0.0073990 secs] [Times: user=0.04 sys=0.00, real=0.01 secs] 
2014-07-08T08:12:33.846+0000: 559.395: [GC [PSYoungGen: 137534K->1036K(135168K)] 302394K->165976K(822144K), 0.0040710 secs] [Times: user=0.02 sys=0.00, real=0.01 secs] 
2014-07-08T08:12:34.320+0000: 559.870: [GC [PSYoungGen: 135038K->1349K(133248K)] 299978K->166393K(820224K), 0.0032000 secs] [Times: user=0.01 sys=0.00, real=0.00 secs] 
2014-07-08T08:12:34.827+0000: 560.377: [GC [PSYoungGen: 133189K->1250K(130944K)] 298233K->166398K(817920K), 0.0067160 secs] [Times: user=0.04 sys=0.00, real=0.01 secs] 
2014-07-08T08:12:35.221+0000: 560.771: [GC [PSYoungGen: 130882K->1422K(157120K)] 296031K->166619K(844096K), 0.0047640 secs] [Times: user=0.02 sys=0.00, real=0.00 secs] 
2014-07-08T08:12:35.773+0000: 561.322: [GC [PSYoungGen: 157070K->1018K(153792K)] 322267K->166310K(840768K), 0.0048030 secs] [Times: user=0.03 sys=0.00, real=0.00 secs] 
2014-07-08T08:12:36.307+0000: 561.856: [GC [PSYoungGen: 153786K->1356K(151360K)] 319078K->166688K(838336K), 0.0047480 secs] [Times: user=0.02 sys=0.00, real=0.01 secs] 
2014-07-08T08:12:36.815+0000: 562.364: [GC [PSYoungGen: 151308K->1207K(181184K)] 316640K->166603K(868160K), 0.0097890 secs] [Times: user=0.06 sys=0.00, real=0.01 secs] 
2014-07-08T08:12:37.465+0000: 563.014: [GC [PSYoungGen: 181175K->1438K(217472K)] 346571K->166906K(904448K), 0.0059420 secs] [Times: user=0.04 sys=0.01, real=0.01 secs] 
2014-07-08T08:12:38.202+0000: 563.752: [GC [PSYoungGen: 217437K->946K(249536K)] 382906K->166558K(936512K), 0.0081270 secs] [Times: user=0.05 sys=0.01, real=0.01 secs] 
2014-07-08T08:12:39.055+0000: 564.604: [GC [PSYoungGen: 249425K->1459K(243968K)] 415037K->167127K(930944K), 0.0045240 secs] [Times: user=0.02 sys=0.00, real=0.01 secs] 
2014-07-08T08:12:39.883+0000: 565.432: [GC [PSYoungGen: 243955K->356K(237056K)] 409623K->166568K(924032K), 0.0038670 secs] [Times: user=0.02 sys=0.00, real=0.00 secs] 
2014-07-08T08:12:40.761+0000: 566.310: [GC [PSYoungGen: 237028K->1770K(232832K)] 403240K->168381K(919808K), 0.0032580 secs] [Times: user=0.02 sys=0.00, real=0.00 secs] 
2014-07-08T08:12:41.545+0000: 567.095: [GC [PSYoungGen: 232810K->954K(226560K)] 399421K->168009K(913536K), 0.0054370 secs] [Times: user=0.03 sys=0.00, real=0.01 secs] 
2014-07-08T08:12:42.319+0000: 567.868: [GC [PSYoungGen: 226551K->1542K(221952K)] 393606K->168685K(908928K), 0.0071080 secs] [Times: user=0.04 sys=0.00, real=0.01 secs] 
2014-07-08T08:12:43.076+0000: 568.625: [GC [PSYoungGen: 221863K->1268K(216576K)] 389006K->168507K(903552K), 0.0052650 secs] [Times: user=0.02 sys=0.00, real=0.01 secs] 
2014-07-08T08:12:43.849+0000: 569.399: [GC [PSYoungGen: 216517K->1072K(211520K)] 383756K->168383K(898496K), 0.0048570 secs] [Times: user=0.03 sys=0.00, real=0.01 secs] 
2014-07-08T08:12:44.588+0000: 570.137: [GC [PSYoungGen: 211485K->1086K(206848K)] 378796K->168445K(893824K), 0.0064690 secs] [Times: user=0.04 sys=0.00, real=0.01 secs] 
2014-07-08T08:12:45.281+0000: 570.831: [GC [PSYoungGen: 206846K->1264K(202496K)] 374205K->168727K(889472K), 0.0053330 secs] [Times: user=0.04 sys=0.00, real=0.00 secs] 
2014-07-08T08:12:45.979+0000: 571.528: [GC [PSYoungGen: 202480K->904K(197824K)] 369943K->168423K(884800K), 0.0061330 secs] [Times: user=0.04 sys=0.00, real=0.01 secs] 
2014-07-08T08:12:46.690+0000: 572.239: [GC [PSYoungGen: 197768K->1524K(194176K)] 365287K->169139K(881152K), 0.0053650 secs] [Times: user=0.02 sys=0.01, real=0.00 secs] 
2014-07-08T08:12:47.352+0000: 572.901: [GC [PSYoungGen: 194164K->1384K(189952K)] 361779K->169135K(876928K), 0.0064170 secs] [Times: user=0.04 sys=0.00, real=0.00 secs] 
2014-07-08T08:12:47.980+0000: 573.529: [GC [PSYoungGen: 189900K->850K(185472K)] 357651K->168664K(872448K), 0.0065980 secs] [Times: user=0.03 sys=0.00, real=0.01 secs] 
2014-07-08T08:12:48.652+0000: 574.201: [GC [PSYoungGen: 185426K->1536K(182336K)] 353240K->169415K(869312K), 0.0037470 secs] [Times: user=0.02 sys=0.00, real=0.00 secs] 
2014-07-08T08:12:49.241+0000: 574.791: [GC [PSYoungGen: 182258K->1452K(178496K)] 350137K->169395K(865472K), 0.0055830 secs] [Times: user=0.03 sys=0.00, real=0.00 secs] 
2014-07-08T08:12:49.858+0000: 575.408: [GC [PSYoungGen: 178476K->1086K(174528K)] 346419K->169317K(861504K), 0.0029770 secs] [Times: user=0.01 sys=0.00, real=0.01 secs] 
2014-07-08T08:12:50.484+0000: 576.033: [GC [PSYoungGen: 174526K->1708K(171712K)] 342757K->170043K(858688K), 0.0032250 secs] [Times: user=0.02 sys=0.00, real=0.00 secs] 
2014-07-08T08:12:51.053+0000: 576.602: [GC [PSYoungGen: 171692K->1120K(167808K)] 340027K->169535K(854784K), 0.0039760 secs] [Times: user=0.02 sys=0.00, real=0.00 secs] 
2014-07-08T08:12:51.629+0000: 577.178: [GC [PSYoungGen: 167776K->1164K(164608K)] 336191K->169651K(851584K), 0.0092520 secs] [Times: user=0.05 sys=0.00, real=0.01 secs] 
2014-07-08T08:12:52.203+0000: 577.752: [GC [PSYoungGen: 164551K->1036K(197184K)] 333038K->169603K(884160K), 0.0090160 secs] [Times: user=0.07 sys=0.00, real=0.01 secs] 
2014-07-08T08:12:52.890+0000: 578.440: [GC [PSYoungGen: 197058K->1569K(193472K)] 365625K->170193K(880448K), 0.0062320 secs] [Times: user=0.03 sys=0.01, real=0.01 secs] 
2014-07-08T08:12:53.601+0000: 579.151: [GC [PSYoungGen: 193441K->1330K(189184K)] 362065K->170081K(876160K), 0.0058150 secs] [Times: user=0.04 sys=0.00, real=0.00 secs] 
2014-07-08T08:12:54.316+0000: 579.866: [GC [PSYoungGen: 189169K->1983K(185920K)] 357920K->170856K(872896K), 0.0038350 secs] [Times: user=0.02 sys=0.00, real=0.00 secs] 
2014-07-08T08:12:54.908+0000: 580.457: [GC [PSYoungGen: 185919K->686K(180864K)] 354792K->170091K(867840K), 0.0048970 secs] [Times: user=0.03 sys=0.00, real=0.01 secs] 
2014-07-08T08:12:55.499+0000: 581.049: [GC [PSYoungGen: 180831K->1676K(178240K)] 350236K->171105K(865216K), 0.0053390 secs] [Times: user=0.02 sys=0.00, real=0.01 secs] 
2014-07-08T08:12:56.074+0000: 581.624: [GC [PSYoungGen: 178188K->1142K(174080K)] 347617K->170699K(861056K), 0.0037980 secs] [Times: user=0.01 sys=0.00, real=0.00 secs] 
2014-07-08T08:12:56.682+0000: 582.231: [GC [PSYoungGen: 174070K->932K(170432K)] 343627K->170569K(857408K), 0.0043230 secs] [Times: user=0.03 sys=0.01, real=0.00 secs] 
2014-07-08T08:12:57.283+0000: 582.833: [GC [PSYoungGen: 170404K->1456K(167616K)] 340041K->171157K(854592K), 0.0042380 secs] [Times: user=0.01 sys=0.00, real=0.00 secs] 
2014-07-08T08:12:57.852+0000: 583.401: [GC [PSYoungGen: 167599K->1281K(164288K)] 337300K->171046K(851264K), 0.0051890 secs] [Times: user=0.03 sys=0.01, real=0.00 secs] 
2014-07-08T08:12:58.426+0000: 583.976: [GC [PSYoungGen: 164215K->1138K(160960K)] 333980K->170959K(847936K), 0.0066690 secs] [Times: user=0.04 sys=0.00, real=0.01 secs] 
2014-07-08T08:12:59.029+0000: 584.579: [GC [PSYoungGen: 160946K->1598K(158400K)] 330767K->171515K(845376K), 0.0046050 secs] [Times: user=0.03 sys=0.00, real=0.01 secs] 
2014-07-08T08:12:59.623+0000: 585.173: [GC [PSYoungGen: 158393K->1391K(155264K)] 328310K->171538K(842240K), 0.0030930 secs] [Times: user=0.01 sys=0.00, real=0.00 secs] 
2014-07-08T08:13:00.078+0000: 585.627: [GC [PSYoungGen: 155247K->1286K(152384K)] 325394K->171505K(839360K), 0.0031180 secs] [Times: user=0.01 sys=0.00, real=0.00 secs] 
2014-07-08T08:13:00.630+0000: 586.179: [GC [PSYoungGen: 152290K->1032K(149376K)] 322509K->171347K(836352K), 0.0045120 secs] [Times: user=0.02 sys=0.01, real=0.01 secs] 
2014-07-08T08:13:01.127+0000: 586.677: [GC [PSYoungGen: 149320K->868K(146496K)] 319635K->171247K(833472K), 0.0044140 secs] [Times: user=0.02 sys=0.00, real=0.00 secs] 
2014-07-08T08:13:01.637+0000: 587.187: [GC [PSYoungGen: 146468K->1040K(175808K)] 316847K->171459K(862784K), 0.0107540 secs] [Times: user=0.05 sys=0.00, real=0.01 secs] 
2014-07-08T08:13:02.239+0000: 587.789: [GC [PSYoungGen: 175760K->886K(172096K)] 346179K->171361K(859072K), 0.0039780 secs] [Times: user=0.02 sys=0.00, real=0.01 secs] 
2014-07-08T08:13:02.835+0000: 588.384: [GC [PSYoungGen: 172086K->1699K(169536K)] 342561K->172262K(856512K), 0.0054670 secs] [Times: user=0.03 sys=0.00, real=0.00 secs] 
2014-07-08T08:13:03.421+0000: 588.971: [GC [PSYoungGen: 169507K->1544K(166144K)] 340070K->172163K(853120K), 0.0047220 secs] [Times: user=0.01 sys=0.00, real=0.01 secs] 
2014-07-08T08:13:04.024+0000: 589.574: [GC [PSYoungGen: 166088K->928K(162304K)] 336707K->172247K(849280K), 0.0077290 secs] [Times: user=0.04 sys=0.01, real=0.00 secs] 
2014-07-08T08:13:04.564+0000: 590.113: [GC [PSYoungGen: 162272K->1770K(160064K)] 333591K->173145K(847040K), 0.0059780 secs] [Times: user=0.03 sys=0.00, real=0.00 secs] 
2014-07-08T08:13:05.074+0000: 590.623: [GC [PSYoungGen: 160040K->978K(156288K)] 331415K->172653K(843264K), 0.0038790 secs] [Times: user=0.03 sys=0.00, real=0.00 secs] 
2014-07-08T08:13:05.644+0000: 591.193: [GC [PSYoungGen: 156242K->1278K(153664K)] 327917K->173041K(840640K), 0.0039170 secs] [Times: user=0.02 sys=0.00, real=0.00 secs] 
2014-07-08T08:13:06.145+0000: 591.695: [GC [PSYoungGen: 153662K->736K(150336K)] 325425K->172587K(837312K), 0.0058020 secs] [Times: user=0.03 sys=0.00, real=0.00 secs] 
2014-07-08T08:13:06.674+0000: 592.223: [GC [PSYoungGen: 150303K->890K(180416K)] 322154K->172789K(867392K), 0.0087110 secs] [Times: user=0.05 sys=0.00, real=0.00 secs] 
2014-07-08T08:13:07.286+0000: 592.836: [GC [PSYoungGen: 180408K->1146K(215808K)] 352307K->173117K(902784K), 0.0050490 secs] [Times: user=0.03 sys=0.00, real=0.00 secs] 
2014-07-08T08:13:08.015+0000: 593.565: [GC [PSYoungGen: 214770K->1188K(210048K)] 386741K->173255K(897024K), 0.0055350 secs] [Times: user=0.03 sys=0.00, real=0.00 secs] 
2014-07-08T08:13:08.738+0000: 594.288: [GC [PSYoungGen: 210018K->943K(205120K)] 382085K->173148K(892096K), 0.0082290 secs] [Times: user=0.05 sys=0.00, real=0.01 secs] 
2014-07-08T08:13:09.483+0000: 595.032: [GC [PSYoungGen: 205103K->1446K(201152K)] 377308K->173707K(888128K), 0.0079770 secs] [Times: user=0.05 sys=0.00, real=0.01 secs] 
2014-07-08T08:13:10.133+0000: 595.683: [GC [PSYoungGen: 201126K->1300K(196672K)] 373387K->173693K(883648K), 0.0060340 secs] [Times: user=0.03 sys=0.00, real=0.01 secs] 
2014-07-08T08:13:10.807+0000: 596.356: [GC [PSYoungGen: 196628K->690K(212736K)] 369021K->173123K(899712K), 0.0089160 secs] [Times: user=0.05 sys=0.00, real=0.01 secs] 
2014-07-08T08:13:11.580+0000: 597.129: [GC [PSYoungGen: 211506K->1648K(236352K)] 383939K->174169K(923328K), 0.0075630 secs] [Times: user=0.04 sys=0.01, real=0.01 secs] 
2014-07-08T08:13:12.336+0000: 597.886: [GC [PSYoungGen: 236016K->1508K(236416K)] 408537K->174118K(923392K), 0.0073070 secs] [Times: user=0.04 sys=0.00, real=0.00 secs] 
2014-07-08T08:13:13.141+0000: 598.690: [GC [PSYoungGen: 235876K->1086K(229888K)] 408486K->173791K(916864K), 0.0049920 secs] [Times: user=0.03 sys=0.00, real=0.01 secs] 
2014-07-08T08:13:13.943+0000: 599.492: [GC [PSYoungGen: 229886K->786K(224256K)] 402591K->173571K(911232K), 0.0068750 secs] [Times: user=0.03 sys=0.00, real=0.01 secs] 
2014-07-08T08:13:14.720+0000: 600.269: [GC [PSYoungGen: 224184K->1132K(219392K)] 396969K->173981K(906368K), 0.0060770 secs] [Times: user=0.02 sys=0.01, real=0.01 secs] 
2014-07-08T08:13:15.491+0000: 601.040: [GC [PSYoungGen: 219372K->1236K(263168K)] 392221K->174125K(950144K), 0.0135000 secs] [Times: user=0.07 sys=0.00, real=0.01 secs] 
2014-07-08T08:13:16.402+0000: 601.951: [GC [PSYoungGen: 263124K->1182K(256512K)] 436013K->174111K(943488K), 0.0061090 secs] [Times: user=0.01 sys=0.00, real=0.01 secs] 
2014-07-08T08:13:17.279+0000: 602.829: [GC [PSYoungGen: 256478K->1470K(250432K)] 429407K->174488K(937408K), 0.0070700 secs] [Times: user=0.04 sys=0.00, real=0.01 secs] 
2014-07-08T08:13:18.130+0000: 603.680: [GC [PSYoungGen: 250416K->1078K(243968K)] 423433K->174267K(930944K), 0.0033450 secs] [Times: user=0.02 sys=0.01, real=0.00 secs] 
2014-07-08T08:13:18.966+0000: 604.515: [GC [PSYoungGen: 243958K->1154K(238208K)] 417147K->174415K(925184K), 0.0065320 secs] [Times: user=0.04 sys=0.00, real=0.00 secs] 
2014-07-08T08:13:19.872+0000: 605.421: [GC [PSYoungGen: 238146K->1469K(232832K)] 411407K->174978K(919808K), 0.0051100 secs] [Times: user=0.03 sys=0.00, real=0.01 secs] 
2014-07-08T08:13:20.631+0000: 606.180: [GC [PSYoungGen: 232829K->1634K(227584K)] 406337K->175239K(914560K), 0.0061640 secs] [Times: user=0.03 sys=0.00, real=0.01 secs] 
2014-07-08T08:13:21.401+0000: 606.951: [GC [PSYoungGen: 227554K->762K(221440K)] 401159K->175070K(908416K), 0.0076900 secs] [Times: user=0.04 sys=0.00, real=0.01 secs] 
2014-07-08T08:13:22.143+0000: 607.692: [GC [PSYoungGen: 221434K->1500K(217152K)] 395742K->175889K(904128K), 0.0082430 secs] [Times: user=0.05 sys=0.00, real=0.01 secs] 
2014-07-08T08:13:22.885+0000: 608.434: [GC [PSYoungGen: 217116K->1050K(211840K)] 391505K->175975K(898816K), 0.0043870 secs] [Times: user=0.03 sys=0.00, real=0.01 secs] 
2014-07-08T08:13:23.649+0000: 609.198: [GC [PSYoungGen: 211802K->904K(206976K)] 386727K->175877K(893952K), 0.0054280 secs] [Times: user=0.03 sys=0.01, real=0.00 secs] 
2014-07-08T08:13:24.426+0000: 609.976: [GC [PSYoungGen: 206920K->1576K(203072K)] 381893K->176621K(890048K), 0.0080500 secs] [Times: user=0.05 sys=0.00, real=0.00 secs] 
2014-07-08T08:13:25.112+0000: 610.662: [GC [PSYoungGen: 203002K->1699K(198784K)] 378047K->176815K(885760K), 0.0033130 secs] [Times: user=0.02 sys=0.00, real=0.00 secs] 
2014-07-08T08:13:25.749+0000: 611.298: [GC [PSYoungGen: 198755K->812K(193664K)] 373871K->176105K(880640K), 0.0033130 secs] [Times: user=0.02 sys=0.00, real=0.00 secs] 
2014-07-08T08:13:26.348+0000: 611.898: [GC [PSYoungGen: 193627K->1292K(190080K)] 368920K->176673K(877056K), 0.0034700 secs] [Times: user=0.02 sys=0.01, real=0.00 secs] 
2014-07-08T08:13:26.994+0000: 612.543: [GC [PSYoungGen: 190027K->954K(185728K)] 365408K->176539K(872704K), 0.0049900 secs] [Times: user=0.02 sys=0.00, real=0.01 secs] 
2014-07-08T08:13:27.653+0000: 613.203: [GC [PSYoungGen: 185683K->1506K(182464K)] 361268K->177163K(869440K), 0.0059750 secs] [Times: user=0.04 sys=0.00, real=0.01 secs] 
2014-07-08T08:13:28.256+0000: 613.805: [GC [PSYoungGen: 182434K->1170K(178432K)] 358091K->176931K(865408K), 0.0051950 secs] [Times: user=0.03 sys=0.00, real=0.01 secs] 
2014-07-08T08:13:28.870+0000: 614.420: [GC [PSYoungGen: 178371K->1099K(174784K)] 354132K->176940K(861760K), 0.0066490 secs] [Times: user=0.04 sys=0.00, real=0.01 secs] 
2014-07-08T08:13:29.609+0000: 615.158: [GC [PSYoungGen: 174719K->1615K(171840K)] 350560K->177520K(858816K), 0.0074760 secs] [Times: user=0.05 sys=0.00, real=0.00 secs] 
2014-07-08T08:13:30.057+0000: 615.607: [GC [PSYoungGen: 171791K->1172K(168064K)] 347696K->177149K(855040K), 0.0042640 secs] [Times: user=0.02 sys=0.00, real=0.00 secs] 
2014-07-08T08:13:30.729+0000: 616.279: [GC [PSYoungGen: 168014K->1150K(164736K)] 343991K->177491K(851712K), 0.0055070 secs] [Times: user=0.03 sys=0.00, real=0.00 secs] 
2014-07-08T08:13:31.227+0000: 616.776: [GC [PSYoungGen: 164734K->1232K(161728K)] 341075K->177685K(848704K), 0.0031190 secs] [Times: user=0.02 sys=0.00, real=0.00 secs] 
2014-07-08T08:13:31.803+0000: 617.352: [GC [PSYoungGen: 161680K->1282K(158720K)] 338133K->177807K(845696K), 0.0057400 secs] [Times: user=0.03 sys=0.00, real=0.01 secs] 
2014-07-08T08:13:32.322+0000: 617.871: [GC [PSYoungGen: 158656K->1410K(155904K)] 335181K->178015K(842880K), 0.0060870 secs] [Times: user=0.04 sys=0.01, real=0.01 secs] 
2014-07-08T08:13:32.851+0000: 618.400: [GC [PSYoungGen: 155842K->936K(186304K)] 332447K->177629K(873280K), 0.0073910 secs] [Times: user=0.05 sys=0.00, real=0.01 secs] 
2014-07-08T08:13:33.529+0000: 619.078: [GC [PSYoungGen: 186280K->1555K(224064K)] 362973K->178312K(911040K), 0.0071550 secs] [Times: user=0.04 sys=0.00, real=0.00 secs] 
2014-07-08T08:13:34.240+0000: 619.789: [GC [PSYoungGen: 224019K->1038K(218432K)] 400776K->177827K(905408K), 0.0050970 secs] [Times: user=0.02 sys=0.01, real=0.00 secs] 
2014-07-08T08:13:34.987+0000: 620.537: [GC [PSYoungGen: 218382K->1178K(213632K)] 395171K->178039K(900608K), 0.0085050 secs] [Times: user=0.05 sys=0.00, real=0.01 secs] 
2014-07-08T08:13:35.738+0000: 621.288: [GC [PSYoungGen: 213590K->904K(208640K)] 390452K->177845K(895616K), 0.0075590 secs] [Times: user=0.05 sys=0.00, real=0.00 secs] 
2014-07-08T08:13:36.498+0000: 622.047: [GC [PSYoungGen: 208545K->1516K(250752K)] 385487K->178505K(937728K), 0.0143950 secs] [Times: user=0.08 sys=0.00, real=0.02 secs] 
2014-07-08T08:13:37.315+0000: 622.864: [GC [PSYoungGen: 250685K->1250K(259264K)] 427675K->178361K(946240K), 0.0061490 secs] [Times: user=0.03 sys=0.00, real=0.01 secs] 
2014-07-08T08:13:38.223+0000: 623.772: [GC [PSYoungGen: 259234K->968K(252608K)] 436345K->178183K(939584K), 0.0050640 secs] [Times: user=0.04 sys=0.00, real=0.00 secs] 
2014-07-08T08:13:39.092+0000: 624.641: [GC [PSYoungGen: 252552K->886K(246272K)] 429767K->178397K(933248K), 0.0072740 secs] [Times: user=0.04 sys=0.01, real=0.01 secs] 
2014-07-08T08:13:39.943+0000: 625.492: [GC [PSYoungGen: 246262K->1189K(240640K)] 423773K->178756K(927616K), 0.0044840 secs] [Times: user=0.03 sys=0.00, real=0.00 secs] 
2014-07-08T08:13:40.776+0000: 626.325: [GC [PSYoungGen: 240570K->1036K(234752K)] 418137K->178907K(921728K), 0.0033680 secs] [Times: user=0.02 sys=0.00, real=0.01 secs] 
2014-07-08T08:13:41.619+0000: 627.169: [GC [PSYoungGen: 234700K->822K(228992K)] 412571K->178749K(915968K), 0.0053840 secs] [Times: user=0.02 sys=0.00, real=0.00 secs] 
2014-07-08T08:13:42.407+0000: 627.956: [GC [PSYoungGen: 228982K->1409K(224320K)] 406909K->179384K(911296K), 0.0085090 secs] [Times: user=0.05 sys=0.00, real=0.01 secs] 
2014-07-08T08:13:43.198+0000: 628.748: [GC [PSYoungGen: 224257K->818K(218560K)] 402232K->178873K(905536K), 0.0045320 secs] [Times: user=0.03 sys=0.00, real=0.01 secs] 
2014-07-08T08:13:43.945+0000: 629.494: [GC [PSYoungGen: 218546K->1110K(213952K)] 396601K->179253K(900928K), 0.0035550 secs] [Times: user=0.02 sys=0.00, real=0.00 secs] 
2014-07-08T08:13:44.760+0000: 630.309: [GC [PSYoungGen: 213910K->1634K(209664K)] 392053K->179841K(896640K), 0.0057450 secs] [Times: user=0.03 sys=0.00, real=0.00 secs] 
2014-07-08T08:13:45.419+0000: 630.969: [GC [PSYoungGen: 209634K->690K(204096K)] 387841K->179463K(891072K), 0.0060080 secs] [Times: user=0.01 sys=0.00, real=0.00 secs] 
2014-07-08T08:13:46.116+0000: 631.665: [GC [PSYoungGen: 204082K->1486K(200448K)] 382855K->180307K(887424K), 0.0061280 secs] [Times: user=0.04 sys=0.00, real=0.01 secs] 
2014-07-08T08:13:46.813+0000: 632.362: [GC [PSYoungGen: 200398K->1306K(195968K)] 379219K->180645K(882944K), 0.0047470 secs] [Times: user=0.02 sys=0.00, real=0.00 secs] 
2014-07-08T08:13:47.519+0000: 633.068: [GC [PSYoungGen: 195930K->1278K(191744K)] 375269K->180657K(878720K), 0.0043990 secs] [Times: user=0.02 sys=0.00, real=0.01 secs] 
2014-07-08T08:13:48.150+0000: 633.699: [GC [PSYoungGen: 191742K->1122K(187584K)] 371121K->180573K(874560K), 0.0098160 secs] [Times: user=0.06 sys=0.00, real=0.01 secs] 
2014-07-08T08:13:48.814+0000: 634.363: [GC [PSYoungGen: 187554K->950K(183488K)] 367005K->180473K(870464K), 0.0051510 secs] [Times: user=0.03 sys=0.00, real=0.00 secs] 
2014-07-08T08:13:49.511+0000: 635.061: [GC [PSYoungGen: 183477K->1376K(180160K)] 363000K->181198K(867136K), 0.0053790 secs] [Times: user=0.03 sys=0.00, real=0.00 secs] 
2014-07-08T08:13:50.085+0000: 635.635: [GC [PSYoungGen: 180128K->1328K(176448K)] 359950K->181205K(863424K), 0.0065870 secs] [Times: user=0.03 sys=0.01, real=0.01 secs] 
2014-07-08T08:13:50.700+0000: 636.249: [GC [PSYoungGen: 176432K->836K(172480K)] 356309K->180851K(859456K), 0.0049060 secs] [Times: user=0.03 sys=0.01, real=0.01 secs] 
2014-07-08T08:13:51.277+0000: 636.826: [GC [PSYoungGen: 172420K->1000K(169216K)] 352435K->181079K(856192K), 0.0082620 secs] [Times: user=0.05 sys=0.00, real=0.01 secs] 
2014-07-08T08:13:51.849+0000: 637.398: [GC [PSYoungGen: 169192K->872K(165824K)] 349271K->181015K(852800K), 0.0057280 secs] [Times: user=0.03 sys=0.00, real=0.01 secs] 
2014-07-08T08:13:52.435+0000: 637.984: [GC [PSYoungGen: 165800K->1164K(162944K)] 345943K->181387K(849920K), 0.0044850 secs] [Times: user=0.02 sys=0.01, real=0.00 secs] 
2014-07-08T08:13:52.987+0000: 638.536: [GC [PSYoungGen: 162892K->1178K(159872K)] 343115K->181482K(846848K), 0.0045550 secs] [Times: user=0.03 sys=0.00, real=0.01 secs] 
2014-07-08T08:13:53.574+0000: 639.123: [GC [PSYoungGen: 159834K->1136K(156800K)] 340138K->181503K(843776K), 0.0063480 secs] [Times: user=0.03 sys=0.00, real=0.00 secs] 
2014-07-08T08:13:54.082+0000: 639.632: [GC [PSYoungGen: 156784K->1122K(153920K)] 337151K->181659K(840896K), 0.0050720 secs] [Times: user=0.04 sys=0.00, real=0.00 secs] 
2014-07-08T08:13:54.672+0000: 640.222: [GC [PSYoungGen: 153890K->1594K(184960K)] 334427K->182156K(871936K), 0.0126850 secs] [Times: user=0.07 sys=0.00, real=0.01 secs] 
2014-07-08T08:13:55.373+0000: 640.922: [GC [PSYoungGen: 184954K->630K(220672K)] 365515K->182062K(907648K), 0.0085350 secs] [Times: user=0.04 sys=0.00, real=0.01 secs] 
2014-07-08T08:13:56.041+0000: 641.590: [GC [PSYoungGen: 220662K->1400K(243072K)] 402094K->182904K(930048K), 0.0028710 secs] [Times: user=0.02 sys=0.00, real=0.01 secs] 
2014-07-08T08:13:56.869+0000: 642.418: [GC [PSYoungGen: 242616K->922K(236352K)] 424120K->182928K(923328K), 0.0033130 secs] [Times: user=0.01 sys=0.00, real=0.01 secs] 
2014-07-08T08:13:57.696+0000: 643.245: [GC [PSYoungGen: 236314K->754K(230592K)] 418320K->182856K(917568K), 0.0044900 secs] [Times: user=0.03 sys=0.00, real=0.00 secs] 
2014-07-08T08:13:58.520+0000: 644.069: [GC [PSYoungGen: 230552K->1502K(225984K)] 412654K->183676K(912960K), 0.0038680 secs] [Times: user=0.02 sys=0.01, real=0.01 secs] 
2014-07-08T08:13:59.285+0000: 644.834: [GC [PSYoungGen: 225950K->1168K(220480K)] 408124K->183422K(907456K), 0.0049250 secs] [Times: user=0.03 sys=0.00, real=0.00 secs] 
2014-07-08T08:14:00.052+0000: 645.602: [GC [PSYoungGen: 220432K->772K(215104K)] 402686K->183082K(902080K), 0.0053600 secs] [Times: user=0.03 sys=0.00, real=0.00 secs] 
2014-07-08T08:14:00.787+0000: 646.336: [GC [PSYoungGen: 215044K->1122K(210624K)] 397354K->183512K(897600K), 0.0057800 secs] [Times: user=0.03 sys=0.00, real=0.01 secs] 
2014-07-08T08:14:01.604+0000: 647.153: [GC [PSYoungGen: 210594K->1324K(206144K)] 392984K->183778K(893120K), 0.0031260 secs] [Times: user=0.02 sys=0.00, real=0.00 secs] 
2014-07-08T08:14:02.223+0000: 647.772: [GC [PSYoungGen: 206124K->1316K(201664K)] 388578K->183851K(888640K), 0.0039450 secs] [Times: user=0.02 sys=0.00, real=0.00 secs] 
2014-07-08T08:14:02.915+0000: 648.465: [GC [PSYoungGen: 201636K->944K(196928K)] 384171K->183608K(883904K), 0.0045670 secs] [Times: user=0.03 sys=0.00, real=0.00 secs] 
2014-07-08T08:14:03.622+0000: 649.171: [GC [PSYoungGen: 196912K->1450K(193216K)] 379576K->184178K(880192K), 0.0052320 secs] [Times: user=0.02 sys=0.00, real=0.00 secs] 
2014-07-08T08:14:04.286+0000: 649.836: [GC [PSYoungGen: 193194K->1186K(188928K)] 375922K->184012K(875904K), 0.0042740 secs] [Times: user=0.01 sys=0.00, real=0.00 secs] 
2014-07-08T08:14:04.925+0000: 650.475: [GC [PSYoungGen: 188898K->1302K(185152K)] 371724K->184208K(872128K), 0.0049790 secs] [Times: user=0.02 sys=0.00, real=0.00 secs] 
2014-07-08T08:14:05.563+0000: 651.112: [GC [PSYoungGen: 185110K->1082K(181120K)] 368016K->184183K(868096K), 0.0120820 secs] [Times: user=0.07 sys=0.00, real=0.01 secs] 
2014-07-08T08:14:06.190+0000: 651.739: [GC [PSYoungGen: 181114K->1350K(177792K)] 364215K->184530K(864768K), 0.0052880 secs] [Times: user=0.03 sys=0.01, real=0.01 secs] 
2014-07-08T08:14:06.799+0000: 652.349: [GC [PSYoungGen: 177734K->1014K(173888K)] 360914K->184579K(860864K), 0.0044460 secs] [Times: user=0.03 sys=0.00, real=0.01 secs] 
2014-07-08T08:14:07.420+0000: 652.969: [GC [PSYoungGen: 173878K->1192K(170624K)] 357443K->184828K(857600K), 0.0064360 secs] [Times: user=0.04 sys=0.00, real=0.01 secs] 
2014-07-08T08:14:08.063+0000: 653.612: [GC [PSYoungGen: 170600K->1054K(167168K)] 354236K->184862K(854144K), 0.0058730 secs] [Times: user=0.04 sys=0.01, real=0.01 secs] 
2014-07-08T08:14:08.669+0000: 654.219: [GC [PSYoungGen: 167122K->1424K(200768K)] 350931K->185296K(887744K), 0.0094750 secs] [Times: user=0.05 sys=0.00, real=0.01 secs] 
2014-07-08T08:14:09.283+0000: 654.833: [GC [PSYoungGen: 200720K->954K(240128K)] 384592K->185136K(927104K), 0.0084970 secs] [Times: user=0.05 sys=0.00, real=0.00 secs] 
2014-07-08T08:14:10.113+0000: 655.662: [GC [PSYoungGen: 240096K->1254K(254464K)] 424279K->185532K(941440K), 0.0078100 secs] [Times: user=0.04 sys=0.00, real=0.00 secs] 
2014-07-08T08:14:11.000+0000: 656.549: [GC [PSYoungGen: 254052K->1036K(288704K)] 438331K->185494K(975680K), 0.0074190 secs] [Times: user=0.05 sys=0.00, real=0.01 secs] 
2014-07-08T08:14:11.995+0000: 657.545: [GC [PSYoungGen: 288076K->922K(280448K)] 472534K->185460K(967424K), 0.0035530 secs] [Times: user=0.01 sys=0.00, real=0.00 secs] 
2014-07-08T08:14:12.973+0000: 658.523: [GC [PSYoungGen: 280410K->744K(273024K)] 464948K->185788K(960000K), 0.0041250 secs] [Times: user=0.02 sys=0.00, real=0.01 secs] 
2014-07-08T08:14:13.966+0000: 659.515: [GC [PSYoungGen: 273000K->1342K(266624K)] 458044K->186443K(953600K), 0.0057810 secs] [Times: user=0.03 sys=0.00, real=0.00 secs] 
2014-07-08T08:14:14.889+0000: 660.438: [GC [PSYoungGen: 266622K->1269K(259840K)] 451723K->187248K(946816K), 0.0088510 secs] [Times: user=0.06 sys=0.01, real=0.01 secs] 
2014-07-08T08:14:15.732+0000: 661.282: [GC [PSYoungGen: 259827K->1436K(253568K)] 445806K->187471K(940544K), 0.0032900 secs] [Times: user=0.02 sys=0.01, real=0.01 secs] 
2014-07-08T08:14:16.645+0000: 662.194: [GC [PSYoungGen: 253532K->1270K(247168K)] 439567K->187943K(934144K), 0.0064090 secs] [Times: user=0.04 sys=0.00, real=0.00 secs] 
2014-07-08T08:14:17.496+0000: 663.045: [GC [PSYoungGen: 247158K->1510K(241472K)] 433831K->188247K(928448K), 0.0040940 secs] [Times: user=0.02 sys=0.00, real=0.00 secs] 
2014-07-08T08:14:18.317+0000: 663.866: [GC [PSYoungGen: 241416K->1268K(235456K)] 428154K->188069K(922432K), 0.0055390 secs] [Times: user=0.04 sys=0.00, real=0.00 secs] 
2014-07-08T08:14:19.127+0000: 664.676: [GC [PSYoungGen: 235441K->989K(229632K)] 422242K->187878K(916608K), 0.0075980 secs] [Times: user=0.05 sys=0.00, real=0.01 secs] 
2014-07-08T08:14:20.017+0000: 665.566: [GC [PSYoungGen: 229570K->1809K(225152K)] 416459K->188902K(912128K), 0.0049170 secs] [Times: user=0.03 sys=0.00, real=0.00 secs] 
2014-07-08T08:14:20.721+0000: 666.270: [GC [PSYoungGen: 225105K->1178K(219392K)] 412198K->188343K(906368K), 0.0149490 secs] [Times: user=0.08 sys=0.00, real=0.02 secs] 
2014-07-08T08:14:21.446+0000: 666.995: [GC [PSYoungGen: 219354K->1188K(214400K)] 406519K->188473K(901376K), 0.0056870 secs] [Times: user=0.03 sys=0.00, real=0.00 secs] 
2014-07-08T08:14:22.184+0000: 667.733: [GC [PSYoungGen: 214372K->1025K(209472K)] 401657K->188390K(896448K), 0.0055160 secs] [Times: user=0.03 sys=0.00, real=0.01 secs] 
2014-07-08T08:14:22.917+0000: 668.466: [GC [PSYoungGen: 209409K->1154K(204992K)] 396774K->188599K(891968K), 0.0065800 secs] [Times: user=0.04 sys=0.00, real=0.00 secs] 
2014-07-08T08:14:23.658+0000: 669.207: [GC [PSYoungGen: 204930K->950K(200256K)] 392375K->188467K(887232K), 0.0035520 secs] [Times: user=0.02 sys=0.00, real=0.00 secs] 
2014-07-08T08:14:24.336+0000: 669.886: [GC [PSYoungGen: 200246K->1602K(196672K)] 387763K->189183K(883648K), 0.0063380 secs] [Times: user=0.04 sys=0.00, real=0.00 secs] 
2014-07-08T08:14:25.070+0000: 670.620: [GC [PSYoungGen: 196610K->1408K(192320K)] 384191K->189037K(879296K), 0.0062690 secs] [Times: user=0.02 sys=0.00, real=0.01 secs] 
2014-07-08T08:14:25.730+0000: 671.279: [GC [PSYoungGen: 192256K->1004K(187840K)] 379885K->188869K(874816K), 0.0078680 secs] [Times: user=0.04 sys=0.00, real=0.01 secs] 
2014-07-08T08:14:26.349+0000: 671.898: [GC [PSYoungGen: 187820K->1220K(184192K)] 375685K->189157K(871168K), 0.0038190 secs] [Times: user=0.02 sys=0.00, real=0.00 secs] 
2014-07-08T08:14:26.965+0000: 672.514: [GC [PSYoungGen: 184129K->1204K(180352K)] 372067K->189229K(867328K), 0.0054740 secs] [Times: user=0.02 sys=0.00, real=0.01 secs] 
2014-07-08T08:14:27.616+0000: 673.165: [GC [PSYoungGen: 180340K->1787K(177280K)] 368365K->189876K(864256K), 0.0051570 secs] [Times: user=0.02 sys=0.00, real=0.01 secs] 
2014-07-08T08:14:28.202+0000: 673.751: [GC [PSYoungGen: 177275K->754K(172736K)] 365364K->189177K(859712K), 0.0038880 secs] [Times: user=0.02 sys=0.01, real=0.01 secs] 
2014-07-08T08:14:28.792+0000: 674.342: [GC [PSYoungGen: 172722K->1068K(169664K)] 361145K->189571K(856640K), 0.0034350 secs] [Times: user=0.01 sys=0.00, real=0.00 secs] 
2014-07-08T08:14:29.392+0000: 674.942: [GC [PSYoungGen: 169644K->950K(166208K)] 358147K->189517K(853184K), 0.0042760 secs] [Times: user=0.02 sys=0.00, real=0.01 secs] 
2014-07-08T08:14:29.943+0000: 675.492: [GC [PSYoungGen: 166195K->1160K(163264K)] 354762K->189824K(850240K), 0.0046600 secs] [Times: user=0.03 sys=0.00, real=0.01 secs] 
2014-07-08T08:14:30.599+0000: 676.148: [GC [PSYoungGen: 163174K->1597K(160576K)] 351838K->190341K(847552K), 0.0046380 secs] [Times: user=0.03 sys=0.00, real=0.00 secs] 
2014-07-08T08:14:31.062+0000: 676.611: [GC [PSYoungGen: 160573K->1204K(157184K)] 349317K->190027K(844160K), 0.0034540 secs] [Times: user=0.02 sys=0.00, real=0.00 secs] 
2014-07-08T08:14:31.647+0000: 677.196: [GC [PSYoungGen: 157172K->1202K(154304K)] 345995K->190582K(841280K), 0.0067750 secs] [Times: user=0.05 sys=0.00, real=0.00 secs] 
2014-07-08T08:14:32.144+0000: 677.693: [GC [PSYoungGen: 154290K->1570K(151872K)] 343670K->191038K(838848K), 0.0037040 secs] [Times: user=0.02 sys=0.00, real=0.01 secs] 
2014-07-08T08:14:32.659+0000: 678.208: [GC [PSYoungGen: 151842K->786K(148352K)] 341310K->190458K(835328K), 0.0041880 secs] [Times: user=0.03 sys=0.00, real=0.00 secs] 
2014-07-08T08:14:33.165+0000: 678.714: [GC [PSYoungGen: 148286K->1303K(146240K)] 337958K->191047K(833216K), 0.0064240 secs] [Times: user=0.04 sys=0.00, real=0.01 secs] 
2014-07-08T08:14:33.684+0000: 679.234: [GC [PSYoungGen: 146180K->1070K(143424K)] 335924K->190886K(830400K), 0.0062070 secs] [Times: user=0.04 sys=0.01, real=0.01 secs] 
2014-07-08T08:14:34.167+0000: 679.716: [GC [PSYoungGen: 143406K->1206K(172032K)] 333222K->191070K(859008K), 0.0059730 secs] [Times: user=0.03 sys=0.00, real=0.00 secs] 
2014-07-08T08:14:34.756+0000: 680.305: [GC [PSYoungGen: 172022K->850K(168320K)] 361886K->190762K(855296K), 0.0044920 secs] [Times: user=0.02 sys=0.00, real=0.01 secs] 
2014-07-08T08:14:35.406+0000: 680.955: [GC [PSYoungGen: 168274K->1692K(165888K)] 358186K->191700K(852864K), 0.0051550 secs] [Times: user=0.03 sys=0.00, real=0.01 secs] 
2014-07-08T08:14:36.011+0000: 681.561: [GC [PSYoungGen: 165852K->1032K(162112K)] 355860K->191128K(849088K), 0.0028890 secs] [Times: user=0.02 sys=0.00, real=0.00 secs] 
2014-07-08T08:14:36.531+0000: 682.081: [GC [PSYoungGen: 162056K->1314K(159296K)] 352152K->191466K(846272K), 0.0059790 secs] [Times: user=0.04 sys=0.00, real=0.01 secs] 
2014-07-08T08:14:37.025+0000: 682.575: [GC [PSYoungGen: 159266K->1186K(156224K)] 349418K->191442K(843200K), 0.0049800 secs] [Times: user=0.04 sys=0.00, real=0.01 secs] 
2014-07-08T08:14:37.599+0000: 683.148: [GC [PSYoungGen: 156194K->1335K(153472K)] 346450K->191687K(840448K), 0.0061480 secs] [Times: user=0.04 sys=0.01, real=0.00 secs] 
2014-07-08T08:14:38.096+0000: 683.645: [GC [PSYoungGen: 153463K->1342K(150656K)] 343815K->191832K(837632K), 0.0030800 secs] [Times: user=0.01 sys=0.00, real=0.01 secs] 
2014-07-08T08:14:38.611+0000: 684.160: [GC [PSYoungGen: 150589K->1008K(147648K)] 341079K->191578K(834624K), 0.0042420 secs] [Times: user=0.02 sys=0.00, real=0.00 secs] 
2014-07-08T08:14:39.129+0000: 684.678: [GC [PSYoungGen: 147632K->1228K(145280K)] 338202K->191878K(832256K), 0.0061870 secs] [Times: user=0.04 sys=0.00, real=0.00 secs] 
2014-07-08T08:14:39.664+0000: 685.214: [GC [PSYoungGen: 145228K->1164K(174016K)] 335878K->191862K(860992K), 0.0123650 secs] [Times: user=0.08 sys=0.00, real=0.01 secs] 
2014-07-08T08:14:40.302+0000: 685.851: [GC [PSYoungGen: 173964K->1270K(208640K)] 364662K->192218K(895616K), 0.0090490 secs] [Times: user=0.06 sys=0.00, real=0.01 secs] 
2014-07-08T08:14:40.945+0000: 686.495: [GC [PSYoungGen: 208533K->1111K(249984K)] 399482K->192107K(936960K), 0.0043420 secs] [Times: user=0.02 sys=0.00, real=0.01 secs] 
2014-07-08T08:14:41.881+0000: 687.431: [GC [PSYoungGen: 249943K->1328K(256000K)] 440939K->192638K(942976K), 0.0067400 secs] [Times: user=0.05 sys=0.00, real=0.01 secs] 
2014-07-08T08:14:42.755+0000: 688.304: [GC [PSYoungGen: 255984K->1214K(249600K)] 447294K->192564K(936576K), 0.0080070 secs] [Times: user=0.05 sys=0.00, real=0.01 secs] 
2014-07-08T08:14:43.608+0000: 689.157: [GC [PSYoungGen: 249549K->766K(254656K)] 440899K->193080K(941632K), 0.0116460 secs] [Times: user=0.06 sys=0.01, real=0.02 secs] 
2014-07-08T08:14:44.459+0000: 690.008: [GC [PSYoungGen: 254654K->1973K(249600K)] 446968K->194460K(936576K), 0.0061830 secs] [Times: user=0.03 sys=0.00, real=0.00 secs] 
2014-07-08T08:14:45.386+0000: 690.935: [GC [PSYoungGen: 249586K->64K(241664K)] 442072K->194284K(928640K), 0.0078010 secs] [Times: user=0.06 sys=0.00, real=0.01 secs] 
2014-07-08T08:14:46.122+0000: 691.672: [GC [PSYoungGen: 241664K->2138K(237952K)] 435884K->196407K(924928K), 0.0030560 secs] [Times: user=0.01 sys=0.00, real=0.00 secs] 
2014-07-08T08:14:46.945+0000: 692.494: [GC [PSYoungGen: 237913K->1733K(231936K)] 432182K->197168K(918912K), 0.0081090 secs] [Times: user=0.05 sys=0.00, real=0.01 secs] 
2014-07-08T08:14:47.745+0000: 693.294: [GC [PSYoungGen: 231877K->1072K(225856K)] 427312K->196619K(912832K), 0.0086870 secs] [Times: user=0.05 sys=0.00, real=0.01 secs] 
2014-07-08T08:14:48.595+0000: 694.144: [GC [PSYoungGen: 225797K->1592K(221184K)] 421344K->197219K(908160K), 0.0066170 secs] [Times: user=0.04 sys=0.01, real=0.01 secs] 
2014-07-08T08:14:49.281+0000: 694.830: [GC [PSYoungGen: 221145K->1350K(216000K)] 416772K->197025K(902976K), 0.0082630 secs] [Times: user=0.05 sys=0.00, real=0.00 secs] 
2014-07-08T08:14:50.017+0000: 695.566: [GC [PSYoungGen: 215924K->1022K(210752K)] 411600K->196769K(897728K), 0.0048460 secs] [Times: user=0.03 sys=0.00, real=0.01 secs] 
2014-07-08T08:14:50.801+0000: 696.350: [GC [PSYoungGen: 210750K->1332K(206400K)] 406497K->197159K(893376K), 0.0066460 secs] [Times: user=0.03 sys=0.00, real=0.00 secs] 
2014-07-08T08:14:51.457+0000: 697.006: [GC [PSYoungGen: 206388K->1090K(201728K)] 402215K->196941K(888704K), 0.0048790 secs] [Times: user=0.02 sys=0.00, real=0.01 secs] 
2014-07-08T08:14:52.150+0000: 697.700: [GC [PSYoungGen: 201666K->1122K(197376K)] 397517K->197037K(884352K), 0.0048470 secs] [Times: user=0.03 sys=0.00, real=0.00 secs] 
2014-07-08T08:14:52.833+0000: 698.383: [GC [PSYoungGen: 197339K->1232K(236800K)] 393255K->197203K(923776K), 0.0170510 secs] [Times: user=0.12 sys=0.00, real=0.02 secs] 
2014-07-08T08:14:53.673+0000: 699.223: [GC [PSYoungGen: 236752K->822K(230784K)] 432723K->196841K(917760K), 0.0035800 secs] [Times: user=0.02 sys=0.00, real=0.00 secs] 
2014-07-08T08:14:54.564+0000: 700.114: [GC [PSYoungGen: 230770K->1957K(226560K)] 426789K->198072K(913536K), 0.0063030 secs] [Times: user=0.04 sys=0.00, real=0.01 secs] 
2014-07-08T08:14:55.243+0000: 700.792: [GC [PSYoungGen: 226533K->1240K(220672K)] 422648K->197419K(907648K), 0.0088250 secs] [Times: user=0.05 sys=0.01, real=0.01 secs] 
2014-07-08T08:14:56.001+0000: 701.551: [GC [PSYoungGen: 220632K->1377K(215808K)] 416811K->197694K(902784K), 0.0032420 secs] [Times: user=0.02 sys=0.00, real=0.00 secs] 
2014-07-08T08:14:56.751+0000: 702.300: [GC [PSYoungGen: 215777K->954K(210496K)] 412094K->197343K(897472K), 0.0056270 secs] [Times: user=0.03 sys=0.00, real=0.00 secs] 
2014-07-08T08:14:57.504+0000: 703.054: [GC [PSYoungGen: 210490K->1672K(206592K)] 406879K->198133K(893568K), 0.0059210 secs] [Times: user=0.03 sys=0.00, real=0.01 secs] 
2014-07-08T08:14:58.191+0000: 703.740: [GC [PSYoungGen: 206536K->1172K(201600K)] 402997K->197697K(888576K), 0.0034930 secs] [Times: user=0.02 sys=0.00, real=0.00 secs] 
2014-07-08T08:14:58.888+0000: 704.438: [GC [PSYoungGen: 201536K->1388K(197440K)] 398061K->198001K(884416K), 0.0049160 secs] [Times: user=0.03 sys=0.00, real=0.01 secs] 
2014-07-08T08:14:59.593+0000: 705.143: [GC [PSYoungGen: 197402K->1624K(236928K)] 394015K->198293K(923904K), 0.0158880 secs] [Times: user=0.10 sys=0.01, real=0.01 secs] 
2014-07-08T08:15:00.417+0000: 705.966: [GC [PSYoungGen: 236888K->1154K(237504K)] 433557K->197871K(924480K), 0.0084210 secs] [Times: user=0.05 sys=0.00, real=0.01 secs] 
2014-07-08T08:15:01.213+0000: 706.762: [GC [PSYoungGen: 236482K->1090K(230912K)] 433199K->197863K(917888K), 0.0039230 secs] [Times: user=0.02 sys=0.00, real=0.00 secs] 
2014-07-08T08:15:02.019+0000: 707.569: [GC [PSYoungGen: 230850K->1018K(225408K)] 427623K->198075K(912384K), 0.0069890 secs] [Times: user=0.04 sys=0.00, real=0.01 secs] 
2014-07-08T08:15:02.810+0000: 708.359: [GC [PSYoungGen: 225397K->1196K(220416K)] 422454K->198301K(907392K), 0.0053560 secs] [Times: user=0.03 sys=0.00, real=0.01 secs] 
2014-07-08T08:15:03.605+0000: 709.154: [GC [PSYoungGen: 220396K->1346K(215616K)] 417501K->198531K(902592K), 0.0106310 secs] [Times: user=0.06 sys=0.00, real=0.01 secs] 
2014-07-08T08:15:04.320+0000: 709.869: [GC [PSYoungGen: 215554K->1008K(210432K)] 412739K->198273K(897408K), 0.0066330 secs] [Times: user=0.04 sys=0.01, real=0.01 secs] 
2014-07-08T08:15:05.037+0000: 710.586: [GC [PSYoungGen: 210416K->1470K(206208K)] 407681K->198791K(893184K), 0.0039340 secs] [Times: user=0.01 sys=0.00, real=0.01 secs] 
2014-07-08T08:15:05.890+0000: 711.440: [GC [PSYoungGen: 206189K->1566K(201856K)] 403510K->198951K(888832K), 0.0042850 secs] [Times: user=0.02 sys=0.01, real=0.01 secs] 
2014-07-08T08:15:06.498+0000: 712.047: [GC [PSYoungGen: 201822K->826K(196736K)] 399207K->198739K(883712K), 0.0053610 secs] [Times: user=0.02 sys=0.00, real=0.01 secs] 
2014-07-08T08:15:07.121+0000: 712.670: [GC [PSYoungGen: 196730K->1318K(193024K)] 394643K->199335K(880000K), 0.0032230 secs] [Times: user=0.02 sys=0.00, real=0.01 secs] 
2014-07-08T08:15:07.799+0000: 713.348: [GC [PSYoungGen: 192998K->1186K(188864K)] 391015K->199473K(875840K), 0.0030910 secs] [Times: user=0.02 sys=0.00, real=0.01 secs] 
2014-07-08T08:15:08.476+0000: 714.025: [GC [PSYoungGen: 188834K->1296K(185088K)] 387121K->199663K(872064K), 0.0042440 secs] [Times: user=0.02 sys=0.01, real=0.00 secs] 
2014-07-08T08:15:09.099+0000: 714.648: [GC [PSYoungGen: 185040K->1140K(181120K)] 383407K->199587K(868096K), 0.0042810 secs] [Times: user=0.02 sys=0.00, real=0.01 secs] 
2014-07-08T08:15:09.733+0000: 715.283: [GC [PSYoungGen: 181108K->932K(177280K)] 379555K->199459K(864256K), 0.0050190 secs] [Times: user=0.02 sys=0.00, real=0.00 secs] 
2014-07-08T08:15:10.347+0000: 715.897: [GC [PSYoungGen: 177252K->844K(173696K)] 375779K->199419K(860672K), 0.0073690 secs] [Times: user=0.04 sys=0.00, real=0.01 secs] 
2014-07-08T08:15:10.945+0000: 716.494: [GC [PSYoungGen: 173619K->1254K(170624K)] 372195K->199933K(857600K), 0.0055470 secs] [Times: user=0.03 sys=0.00, real=0.00 secs] 
2014-07-08T08:15:11.647+0000: 717.196: [GC [PSYoungGen: 170598K->1580K(167616K)] 369277K->200387K(854592K), 0.0063040 secs] [Times: user=0.04 sys=0.00, real=0.01 secs] 
2014-07-08T08:15:12.127+0000: 717.676: [GC [PSYoungGen: 167596K->986K(163840K)] 366403K->199881K(850816K), 0.0042480 secs] [Times: user=0.02 sys=0.00, real=0.00 secs] 
2014-07-08T08:15:12.708+0000: 718.258: [GC [PSYoungGen: 163802K->1040K(196480K)] 362697K->199999K(883456K), 0.0119580 secs] [Times: user=0.06 sys=0.00, real=0.01 secs] 
2014-07-08T08:15:13.378+0000: 718.927: [GC [PSYoungGen: 196432K->1210K(224640K)] 395391K->200234K(911616K), 0.0048030 secs] [Times: user=0.03 sys=0.00, real=0.01 secs] 
2014-07-08T08:15:14.164+0000: 719.713: [GC [PSYoungGen: 223994K->818K(218496K)] 423018K->199913K(905472K), 0.0036780 secs] [Times: user=0.02 sys=0.00, real=0.00 secs] 
2014-07-08T08:15:14.925+0000: 720.474: [GC [PSYoungGen: 218482K->1157K(213952K)] 417577K->200333K(900928K), 0.0036960 secs] [Times: user=0.01 sys=0.00, real=0.00 secs] 
2014-07-08T08:15:15.758+0000: 721.308: [GC [PSYoungGen: 213893K->1562K(209536K)] 413069K->200817K(896512K), 0.0065950 secs] [Times: user=0.04 sys=0.00, real=0.01 secs] 
2014-07-08T08:15:16.396+0000: 721.946: [GC [PSYoungGen: 209498K->1548K(204928K)] 408753K->200884K(891904K), 0.0068720 secs] [Times: user=0.02 sys=0.01, real=0.01 secs] 
2014-07-08T08:15:17.106+0000: 722.656: [GC [PSYoungGen: 204876K->570K(199424K)] 404212K->200325K(886400K), 0.0045370 secs] [Times: user=0.03 sys=0.00, real=0.00 secs] 
2014-07-08T08:15:17.869+0000: 723.419: [GC [PSYoungGen: 199396K->1236K(195840K)] 399152K->201032K(882816K), 0.0067890 secs] [Times: user=0.04 sys=0.00, real=0.01 secs] 
2014-07-08T08:15:18.523+0000: 724.072: [GC [PSYoungGen: 195757K->1356K(191808K)] 395553K->201445K(878784K), 0.0078930 secs] [Times: user=0.05 sys=0.00, real=0.00 secs] 
2014-07-08T08:15:19.136+0000: 724.685: [GC [PSYoungGen: 191756K->1054K(187456K)] 391845K->201232K(874432K), 0.0052360 secs] [Times: user=0.03 sys=0.00, real=0.00 secs] 
2014-07-08T08:15:19.788+0000: 725.338: [GC [PSYoungGen: 187422K->1004K(183488K)] 387600K->201229K(870464K), 0.0078310 secs] [Times: user=0.04 sys=0.00, real=0.01 secs] 
2014-07-08T08:15:20.419+0000: 725.968: [GC [PSYoungGen: 183468K->1086K(179776K)] 383693K->201392K(866752K), 0.0059990 secs] [Times: user=0.03 sys=0.00, real=0.01 secs] 
2014-07-08T08:15:21.037+0000: 726.586: [GC [PSYoungGen: 179744K->1178K(215680K)] 380050K->201540K(902656K), 0.0085010 secs] [Times: user=0.05 sys=0.00, real=0.01 secs] 
2014-07-08T08:15:21.777+0000: 727.327: [GC [PSYoungGen: 215642K->1136K(210752K)] 416004K->201602K(897728K), 0.0034340 secs] [Times: user=0.02 sys=0.00, real=0.00 secs] 
2014-07-08T08:15:22.508+0000: 728.058: [GC [PSYoungGen: 210736K->1136K(206080K)] 411202K->201796K(893056K), 0.0051550 secs] [Times: user=0.03 sys=0.00, real=0.00 secs] 
2014-07-08T08:15:23.221+0000: 728.770: [GC [PSYoungGen: 206064K->1220K(201728K)] 406724K->201952K(888704K), 0.0036110 secs] [Times: user=0.02 sys=0.00, real=0.01 secs] 
2014-07-08T08:15:23.907+0000: 729.457: [GC [PSYoungGen: 201619K->929K(197056K)] 402351K->201989K(884032K), 0.0065780 secs] [Times: user=0.04 sys=0.00, real=0.01 secs] 
2014-07-08T08:15:24.704+0000: 730.254: [GC [PSYoungGen: 196958K->1559K(193472K)] 398018K->202699K(880448K), 0.0072480 secs] [Times: user=0.04 sys=0.00, real=0.00 secs] 
2014-07-08T08:15:25.261+0000: 730.810: [GC [PSYoungGen: 193390K->673K(188544K)] 394530K->202693K(875520K), 0.0035290 secs] [Times: user=0.02 sys=0.00, real=0.00 secs] 
2014-07-08T08:15:25.932+0000: 731.481: [GC [PSYoungGen: 188513K->1468K(185408K)] 390533K->203584K(872384K), 0.0055040 secs] [Times: user=0.03 sys=0.00, real=0.01 secs] 
2014-07-08T08:15:26.589+0000: 732.138: [GC [PSYoungGen: 185404K->1382K(181568K)] 387520K->203644K(868544K), 0.0081500 secs] [Times: user=0.05 sys=0.00, real=0.01 secs] 
2014-07-08T08:15:27.184+0000: 732.734: [GC [PSYoungGen: 181542K->1262K(177792K)] 383804K->203620K(864768K), 0.0056250 secs] [Times: user=0.03 sys=0.00, real=0.01 secs] 
2014-07-08T08:15:27.808+0000: 733.358: [GC [PSYoungGen: 177774K->922K(173888K)] 380132K->203402K(860864K), 0.0032600 secs] [Times: user=0.01 sys=0.01, real=0.00 secs] 
2014-07-08T08:15:28.425+0000: 733.974: [GC [PSYoungGen: 173850K->1146K(170624K)] 376330K->203730K(857600K), 0.0051160 secs] [Times: user=0.03 sys=0.00, real=0.01 secs] 
2014-07-08T08:15:29.016+0000: 734.566: [GC [PSYoungGen: 170569K->982K(167168K)] 373153K->203654K(854144K), 0.0042720 secs] [Times: user=0.03 sys=0.01, real=0.00 secs] 
2014-07-08T08:15:29.623+0000: 735.173: [GC [PSYoungGen: 167126K->1254K(164224K)] 369798K->203958K(851200K), 0.0085520 secs] [Times: user=0.05 sys=0.00, real=0.01 secs] 
2014-07-08T08:15:30.192+0000: 735.742: [GC [PSYoungGen: 164162K->1004K(160832K)] 366866K->203764K(847808K), 0.0056950 secs] [Times: user=0.04 sys=0.00, real=0.01 secs] 
2014-07-08T08:15:30.719+0000: 736.268: [GC [PSYoungGen: 160788K->982K(157824K)] 363548K->203782K(844800K), 0.0053540 secs] [Times: user=0.01 sys=0.00, real=0.00 secs] 
2014-07-08T08:15:31.239+0000: 736.789: [GC [PSYoungGen: 157782K->872K(189056K)] 360582K->203712K(876032K), 0.0169960 secs] [Times: user=0.10 sys=0.00, real=0.02 secs] 
2014-07-08T08:15:31.890+0000: 737.439: [GC [PSYoungGen: 189032K->1324K(220032K)] 391872K->204220K(907008K), 0.0041680 secs] [Times: user=0.02 sys=0.00, real=0.00 secs] 
2014-07-08T08:15:32.699+0000: 738.248: [GC [PSYoungGen: 219692K->1456K(227456K)] 422588K->204432K(914432K), 0.0031830 secs] [Times: user=0.02 sys=0.00, real=0.00 secs] 
2014-07-08T08:15:33.438+0000: 738.987: [GC [PSYoungGen: 227184K->1260K(221760K)] 430160K->204316K(908736K), 0.0063880 secs] [Times: user=0.04 sys=0.00, real=0.00 secs] 
2014-07-08T08:15:34.182+0000: 739.732: [GC [PSYoungGen: 221740K->548K(216000K)] 424796K->203828K(902976K), 0.0069740 secs] [Times: user=0.04 sys=0.00, real=0.01 secs] 
2014-07-08T08:15:34.923+0000: 740.473: [GC [PSYoungGen: 215972K->1100K(211712K)] 419252K->204444K(898688K), 0.0064050 secs] [Times: user=0.04 sys=0.00, real=0.01 secs] 
2014-07-08T08:15:35.728+0000: 741.277: [GC [PSYoungGen: 211615K->1324K(207232K)] 414959K->204896K(894208K), 0.0029900 secs] [Times: user=0.02 sys=0.00, real=0.00 secs] 
2014-07-08T08:15:36.379+0000: 741.928: [GC [PSYoungGen: 207212K->1282K(202688K)] 410784K->204926K(889664K), 0.0059640 secs] [Times: user=0.04 sys=0.00, real=0.00 secs] 
2014-07-08T08:15:37.058+0000: 742.607: [GC [PSYoungGen: 202587K->801K(197824K)] 406231K->204869K(884800K), 0.0067430 secs] [Times: user=0.04 sys=0.00, real=0.00 secs] 
2014-07-08T08:15:37.745+0000: 743.295: [GC [PSYoungGen: 197792K->1150K(193920K)] 401860K->205298K(880896K), 0.0059130 secs] [Times: user=0.03 sys=0.00, real=0.01 secs] 
2014-07-08T08:15:38.431+0000: 743.980: [GC [PSYoungGen: 193893K->1380K(190080K)] 398042K->205624K(877056K), 0.0073730 secs] [Times: user=0.05 sys=0.00, real=0.01 secs] 
2014-07-08T08:15:39.055+0000: 744.604: [GC [PSYoungGen: 190052K->1086K(185792K)] 394296K->205402K(872768K), 0.0053180 secs] [Times: user=0.03 sys=0.00, real=0.01 secs] 
2014-07-08T08:15:39.706+0000: 745.255: [GC [PSYoungGen: 185790K->1018K(181888K)] 390106K->205571K(868864K), 0.0065430 secs] [Times: user=0.04 sys=0.00, real=0.01 secs] 
2014-07-08T08:15:40.324+0000: 745.873: [GC [PSYoungGen: 181882K->1592K(178752K)] 386435K->206200K(865728K), 0.0039490 secs] [Times: user=0.01 sys=0.00, real=0.01 secs] 
2014-07-08T08:15:40.939+0000: 746.488: [GC [PSYoungGen: 178744K->744K(174336K)] 383352K->205456K(861312K), 0.0052040 secs] [Times: user=0.03 sys=0.01, real=0.00 secs] 
2014-07-08T08:15:41.684+0000: 747.234: [GC [PSYoungGen: 174279K->1504K(171648K)] 378991K->206256K(858624K), 0.0060850 secs] [Times: user=0.04 sys=0.00, real=0.01 secs] 
2014-07-08T08:15:42.118+0000: 747.667: [GC [PSYoungGen: 171616K->1324K(168128K)] 376368K->206241K(855104K), 0.0067790 secs] [Times: user=0.05 sys=0.00, real=0.00 secs] 
2014-07-08T08:15:42.706+0000: 748.256: [GC [PSYoungGen: 168108K->1428K(164992K)] 373025K->206424K(851968K), 0.0058410 secs] [Times: user=0.03 sys=0.00, real=0.01 secs] 
2014-07-08T08:15:43.257+0000: 748.807: [GC [PSYoungGen: 164946K->958K(161344K)] 369942K->206154K(848320K), 0.0033900 secs] [Times: user=0.02 sys=0.00, real=0.00 secs] 
2014-07-08T08:15:43.815+0000: 749.364: [GC [PSYoungGen: 161322K->1172K(193728K)] 366519K->206416K(880704K), 0.0105930 secs] [Times: user=0.07 sys=0.00, real=0.01 secs] 
2014-07-08T08:15:44.483+0000: 750.033: [GC [PSYoungGen: 193635K->1445K(189888K)] 398879K->206893K(876864K), 0.0030490 secs] [Times: user=0.02 sys=0.00, real=0.00 secs] 
2014-07-08T08:15:45.135+0000: 750.684: [GC [PSYoungGen: 189861K->1354K(185856K)] 395309K->206882K(872832K), 0.0060030 secs] [Times: user=0.03 sys=0.00, real=0.01 secs] 
2014-07-08T08:15:45.786+0000: 751.336: [GC [PSYoungGen: 185802K->758K(181376K)] 391330K->206500K(868352K), 0.0042470 secs] [Times: user=0.02 sys=0.00, real=0.01 secs] 
2014-07-08T08:15:46.425+0000: 751.974: [GC [PSYoungGen: 181352K->982K(177920K)] 387095K->206812K(864896K), 0.0065070 secs] [Times: user=0.04 sys=0.00, real=0.01 secs] 
2014-07-08T08:15:47.035+0000: 752.584: [GC [PSYoungGen: 177878K->872K(174208K)] 383708K->206766K(861184K), 0.0062050 secs] [Times: user=0.04 sys=0.00, real=0.01 secs] 
2014-07-08T08:15:47.710+0000: 753.259: [GC [PSYoungGen: 174184K->1402K(171264K)] 380078K->207369K(858240K), 0.0082720 secs] [Times: user=0.04 sys=0.01, real=0.00 secs] 
2014-07-08T08:15:48.206+0000: 753.755: [GC [PSYoungGen: 171258K->1316K(205184K)] 377225K->207647K(892160K), 0.0064550 secs] [Times: user=0.04 sys=0.00, real=0.01 secs] 
2014-07-08T08:15:48.908+0000: 754.457: [GC [PSYoungGen: 205134K->1338K(213568K)] 411465K->207765K(900544K), 0.0086160 secs] [Times: user=0.06 sys=0.00, real=0.00 secs] 
2014-07-08T08:15:49.686+0000: 755.236: [GC [PSYoungGen: 212986K->1354K(208320K)] 419413K->207869K(895296K), 0.0033810 secs] [Times: user=0.02 sys=0.00, real=0.01 secs] 
2014-07-08T08:15:50.386+0000: 755.935: [GC [PSYoungGen: 208223K->1064K(203456K)] 414738K->207643K(890432K), 0.0043000 secs] [Times: user=0.02 sys=0.00, real=0.01 secs] 
2014-07-08T08:15:51.082+0000: 756.631: [GC [PSYoungGen: 203432K->1172K(199168K)] 410011K->207831K(886144K), 0.0083420 secs] [Times: user=0.04 sys=0.00, real=0.01 secs] 
2014-07-08T08:15:51.785+0000: 757.334: [GC [PSYoungGen: 199124K->904K(194624K)] 405783K->207627K(881600K), 0.0077750 secs] [Times: user=0.04 sys=0.00, real=0.01 secs] 
2014-07-08T08:15:52.456+0000: 758.005: [GC [PSYoungGen: 194551K->1118K(190720K)] 401274K->207913K(877696K), 0.0058620 secs] [Times: user=0.03 sys=0.01, real=0.01 secs] 
2014-07-08T08:15:53.106+0000: 758.655: [GC [PSYoungGen: 190686K->1118K(186752K)] 397481K->208017K(873728K), 0.0037150 secs] [Times: user=0.02 sys=0.00, real=0.01 secs] 
2014-07-08T08:15:53.854+0000: 759.404: [GC [PSYoungGen: 186697K->1322K(183104K)] 393596K->208621K(870080K), 0.0042690 secs] [Times: user=0.01 sys=0.00, real=0.00 secs] 
2014-07-08T08:15:54.392+0000: 759.941: [GC [PSYoungGen: 183080K->1612K(179712K)] 390380K->208999K(866688K), 0.0044310 secs] [Times: user=0.02 sys=0.00, real=0.00 secs] 
2014-07-08T08:15:54.986+0000: 760.535: [GC [PSYoungGen: 179660K->764K(175232K)] 387047K->208679K(862208K), 0.0057700 secs] [Times: user=0.03 sys=0.00, real=0.01 secs] 
2014-07-08T08:15:55.645+0000: 761.194: [GC [PSYoungGen: 175199K->1830K(172800K)] 383114K->209793K(859776K), 0.0068080 secs] [Times: user=0.05 sys=0.00, real=0.01 secs] 
2014-07-08T08:15:56.163+0000: 761.712: [GC [PSYoungGen: 172769K->1008K(206208K)] 380733K->209407K(893184K), 0.0075820 secs] [Times: user=0.04 sys=0.00, real=0.01 secs] 
2014-07-08T08:15:56.898+0000: 762.447: [GC [PSYoungGen: 206192K->1022K(239680K)] 414591K->209469K(926656K), 0.0127100 secs] [Times: user=0.07 sys=0.00, real=0.02 secs] 
2014-07-08T08:15:57.773+0000: 763.322: [GC [PSYoungGen: 238631K->1564K(233536K)] 447079K->210083K(920512K), 0.0036960 secs] [Times: user=0.01 sys=0.00, real=0.00 secs] 
2014-07-08T08:15:58.559+0000: 764.108: [GC [PSYoungGen: 233488K->1392K(227904K)] 442008K->209975K(914880K), 0.0048370 secs] [Times: user=0.02 sys=0.00, real=0.01 secs] 
2014-07-08T08:15:59.313+0000: 764.862: [GC [PSYoungGen: 227888K->1124K(222400K)] 436471K->210023K(909376K), 0.0052780 secs] [Times: user=0.03 sys=0.00, real=0.00 secs] 
2014-07-08T08:16:00.078+0000: 765.627: [GC [PSYoungGen: 222372K->1606K(217856K)] 431271K->210618K(904832K), 0.0035560 secs] [Times: user=0.02 sys=0.00, real=0.01 secs] 
2014-07-08T08:16:00.831+0000: 766.380: [GC [PSYoungGen: 217721K->1071K(212352K)] 426732K->210336K(899328K), 0.0050750 secs] [Times: user=0.03 sys=0.00, real=0.00 secs] 
2014-07-08T08:16:01.691+0000: 767.241: [GC [PSYoungGen: 212335K->1790K(208320K)] 421600K->211136K(895296K), 0.0048770 secs] [Times: user=0.02 sys=0.00, real=0.00 secs] 
2014-07-08T08:16:02.277+0000: 767.826: [GC [PSYoungGen: 208314K->1150K(203136K)] 417660K->210717K(890112K), 0.0035120 secs] [Times: user=0.02 sys=0.00, real=0.01 secs] 
2014-07-08T08:16:02.982+0000: 768.531: [GC [PSYoungGen: 203103K->1196K(198784K)] 412671K->210828K(885760K), 0.0073300 secs] [Times: user=0.05 sys=0.00, real=0.00 secs] 
2014-07-08T08:16:03.714+0000: 769.263: [GC [PSYoungGen: 198764K->1410K(194816K)] 408396K->211081K(881792K), 0.0062720 secs] [Times: user=0.01 sys=0.00, real=0.01 secs] 
2014-07-08T08:16:04.350+0000: 769.899: [GC [PSYoungGen: 194754K->1114K(190400K)] 404425K->210881K(877376K), 0.0063720 secs] [Times: user=0.04 sys=0.00, real=0.01 secs] 
2014-07-08T08:16:05.002+0000: 770.551: [GC [PSYoungGen: 190362K->1246K(186560K)] 400129K->211094K(873536K), 0.0052120 secs] [Times: user=0.04 sys=0.00, real=0.00 secs] 
2014-07-08T08:16:05.750+0000: 771.299: [GC [PSYoungGen: 186526K->1378K(182848K)] 396374K->211305K(869824K), 0.0050520 secs] [Times: user=0.02 sys=0.00, real=0.01 secs] 
2014-07-08T08:16:06.280+0000: 771.829: [GC [PSYoungGen: 182786K->1210K(178944K)] 392714K->211302K(865920K), 0.0041680 secs] [Times: user=0.02 sys=0.00, real=0.01 secs] 
2014-07-08T08:16:06.908+0000: 772.457: [GC [PSYoungGen: 178910K->1324K(175488K)] 389002K->211520K(862464K), 0.0062670 secs] [Times: user=0.04 sys=0.00, real=0.01 secs] 
2014-07-08T08:16:07.552+0000: 773.101: [GC [PSYoungGen: 175468K->1210K(171904K)] 385664K->211485K(858880K), 0.0082450 secs] [Times: user=0.05 sys=0.00, real=0.00 secs] 
2014-07-08T08:16:08.095+0000: 773.644: [GC [PSYoungGen: 171898K->1008K(168320K)] 382173K->211355K(855296K), 0.0065560 secs] [Times: user=0.03 sys=0.00, real=0.01 secs] 
2014-07-08T08:16:08.703+0000: 774.252: [GC [PSYoungGen: 168304K->1150K(165184K)] 378651K->211585K(852160K), 0.0064960 secs] [Times: user=0.04 sys=0.00, real=0.00 secs] 
2014-07-08T08:16:09.241+0000: 774.790: [GC [PSYoungGen: 165170K->1121K(198016K)] 375605K->211660K(884992K), 0.0078050 secs] [Times: user=0.05 sys=0.00, real=0.01 secs] 
2014-07-08T08:16:09.932+0000: 775.482: [GC [PSYoungGen: 197985K->1072K(193728K)] 408524K->211691K(880704K), 0.0048420 secs] [Times: user=0.03 sys=0.00, real=0.00 secs] 
2014-07-08T08:16:10.666+0000: 776.216: [GC [PSYoungGen: 193675K->1406K(189952K)] 404295K->212105K(876928K), 0.0069710 secs] [Times: user=0.05 sys=0.00, real=0.01 secs] 
2014-07-08T08:16:11.256+0000: 776.805: [GC [PSYoungGen: 189925K->989K(185600K)] 400624K->211744K(872576K), 0.0055260 secs] [Times: user=0.04 sys=0.00, real=0.00 secs] 
2014-07-08T08:16:11.889+0000: 777.438: [GC [PSYoungGen: 185565K->1122K(181888K)] 396320K->211941K(868864K), 0.0064000 secs] [Times: user=0.04 sys=0.00, real=0.01 secs] 
2014-07-08T08:16:12.541+0000: 778.091: [GC [PSYoungGen: 181858K->1342K(178368K)] 392677K->212480K(865344K), 0.0067070 secs] [Times: user=0.03 sys=0.00, real=0.01 secs] 
2014-07-08T08:16:13.135+0000: 778.685: [GC [PSYoungGen: 178366K->1122K(174592K)] 389504K->212364K(861568K), 0.0043580 secs] [Times: user=0.02 sys=0.00, real=0.00 secs] 
2014-07-08T08:16:13.739+0000: 779.289: [GC [PSYoungGen: 174562K->1227K(171264K)] 385804K->212641K(858240K), 0.0060750 secs] [Times: user=0.03 sys=0.00, real=0.01 secs] 
2014-07-08T08:16:14.339+0000: 779.889: [GC [PSYoungGen: 171211K->1204K(205248K)] 382625K->212666K(892224K), 0.0081430 secs] [Times: user=0.05 sys=0.00, real=0.01 secs] 
2014-07-08T08:16:15.039+0000: 780.589: [GC [PSYoungGen: 205236K->994K(200576K)] 416698K->212692K(887552K), 0.0051140 secs] [Times: user=0.03 sys=0.00, real=0.01 secs] 
2014-07-08T08:16:15.743+0000: 781.293: [GC [PSYoungGen: 200546K->1204K(196416K)] 412244K->212982K(883392K), 0.0039190 secs] [Times: user=0.02 sys=0.00, real=0.00 secs] 
2014-07-08T08:16:16.424+0000: 781.973: [GC [PSYoungGen: 196377K->1003K(192064K)] 408155K->212879K(879040K), 0.0041070 secs] [Times: user=0.02 sys=0.00, real=0.00 secs] 
2014-07-08T08:16:17.185+0000: 782.734: [GC [PSYoungGen: 192043K->1367K(188416K)] 403919K->213331K(875392K), 0.0038670 secs] [Times: user=0.02 sys=0.00, real=0.00 secs] 
2014-07-08T08:16:17.776+0000: 783.325: [GC [PSYoungGen: 188375K->946K(184064K)] 400339K->213112K(871040K), 0.0052830 secs] [Times: user=0.03 sys=0.01, real=0.00 secs] 
2014-07-08T08:16:18.396+0000: 783.946: [GC [PSYoungGen: 184050K->1182K(180544K)] 396216K->213396K(867520K), 0.0100010 secs] [Times: user=0.06 sys=0.00, real=0.01 secs] 
2014-07-08T08:16:19.009+0000: 784.558: [GC [PSYoungGen: 180510K->1072K(216320K)] 392724K->213366K(903296K), 0.0102980 secs] [Times: user=0.05 sys=0.00, real=0.01 secs] 
2014-07-08T08:16:19.762+0000: 785.311: [GC [PSYoungGen: 216304K->1154K(229120K)] 428598K->213520K(916096K), 0.0060150 secs] [Times: user=0.04 sys=0.00, real=0.01 secs] 
2014-07-08T08:16:20.626+0000: 786.175: [GC [PSYoungGen: 228649K->1530K(223744K)] 441015K->214042K(910720K), 0.0056930 secs] [Times: user=0.04 sys=0.00, real=0.00 secs] 
2014-07-08T08:16:21.331+0000: 786.880: [GC [PSYoungGen: 223738K->932K(218048K)] 436250K->213516K(905024K), 0.0057040 secs] [Times: user=0.03 sys=0.01, real=0.01 secs] 
2014-07-08T08:16:22.105+0000: 787.655: [GC [PSYoungGen: 218020K->890K(258176K)] 430604K->213522K(945152K), 0.0136290 secs] [Times: user=0.09 sys=0.00, real=0.01 secs] 
2014-07-08T08:16:23.041+0000: 788.590: [GC [PSYoungGen: 258042K->1250K(252032K)] 470674K->213954K(939008K), 0.0042910 secs] [Times: user=0.02 sys=0.00, real=0.01 secs] 
2014-07-08T08:16:23.870+0000: 789.420: [GC [PSYoungGen: 251985K->505K(245120K)] 464689K->213786K(932096K), 0.0049250 secs] [Times: user=0.03 sys=0.00, real=0.01 secs] 
2014-07-08T08:16:24.732+0000: 790.282: [GC [PSYoungGen: 245113K->986K(239680K)] 458394K->214331K(926656K), 0.0028280 secs] [Times: user=0.02 sys=0.00, real=0.01 secs] 
2014-07-08T08:16:25.577+0000: 791.126: [GC [PSYoungGen: 239629K->1623K(234624K)] 452974K->215255K(921600K), 0.0090280 secs] [Times: user=0.05 sys=0.00, real=0.01 secs] 
2014-07-08T08:16:26.337+0000: 791.887: [GC [PSYoungGen: 234583K->1360K(228864K)] 448215K->215072K(915840K), 0.0076150 secs] [Times: user=0.05 sys=0.00, real=0.01 secs] 
2014-07-08T08:16:27.125+0000: 792.675: [GC [PSYoungGen: 228769K->566K(222720K)] 442480K->214649K(909696K), 0.0055150 secs] [Times: user=0.04 sys=0.00, real=0.00 secs] 
2014-07-08T08:16:27.908+0000: 793.457: [GC [PSYoungGen: 222671K->1568K(218624K)] 436754K->215708K(905600K), 0.0039180 secs] [Times: user=0.02 sys=0.00, real=0.00 secs] 
2014-07-08T08:16:28.820+0000: 794.370: [GC [PSYoungGen: 218565K->1446K(213568K)] 432704K->216010K(900544K), 0.0057590 secs] [Times: user=0.04 sys=0.00, real=0.01 secs] 
2014-07-08T08:16:29.480+0000: 795.029: [GC [PSYoungGen: 213541K->1848K(209216K)] 428105K->216516K(896192K), 0.0108920 secs] [Times: user=0.08 sys=0.00, real=0.01 secs] 
2014-07-08T08:16:30.113+0000: 795.663: [GC [PSYoungGen: 209208K->830K(249664K)] 423876K->215860K(936640K), 0.0094430 secs] [Times: user=0.07 sys=0.00, real=0.01 secs] 
2014-07-08T08:16:30.978+0000: 796.528: [GC [PSYoungGen: 249662K->936K(243712K)] 464692K->216046K(930688K), 0.0048000 secs] [Times: user=0.03 sys=0.00, real=0.00 secs] 
2014-07-08T08:16:31.849+0000: 797.398: [GC [PSYoungGen: 243688K->1485K(238464K)] 458798K->216683K(925440K), 0.0054200 secs] [Times: user=0.03 sys=0.00, real=0.00 secs] 
2014-07-08T08:16:32.677+0000: 798.226: [GC [PSYoungGen: 238413K->1204K(232512K)] 453611K->216450K(919488K), 0.0068180 secs] [Times: user=0.04 sys=0.00, real=0.00 secs] 
2014-07-08T08:16:33.450+0000: 798.999: [GC [PSYoungGen: 232491K->1508K(227392K)] 447737K->216794K(914368K), 0.0073640 secs] [Times: user=0.05 sys=0.00, real=0.01 secs] 
2014-07-08T08:16:34.238+0000: 799.787: [GC [PSYoungGen: 227364K->1350K(222016K)] 442650K->216716K(908992K), 0.0073150 secs] [Times: user=0.03 sys=0.00, real=0.01 secs] 
2014-07-08T08:16:35.067+0000: 800.617: [GC [PSYoungGen: 221958K->690K(216256K)] 437324K->216103K(903232K), 0.0059660 secs] [Times: user=0.04 sys=0.00, real=0.00 secs] 
2014-07-08T08:16:35.754+0000: 801.303: [GC [PSYoungGen: 216242K->904K(211648K)] 431655K->216390K(898624K), 0.0061070 secs] [Times: user=0.03 sys=0.00, real=0.01 secs] 
2014-07-08T08:16:36.498+0000: 802.047: [GC [PSYoungGen: 211583K->1378K(207360K)] 427069K->216928K(894336K), 0.0058260 secs] [Times: user=0.02 sys=0.00, real=0.00 secs] 
2014-07-08T08:16:37.187+0000: 802.736: [GC [PSYoungGen: 207301K->1256K(202688K)] 422851K->216902K(889664K), 0.0061440 secs] [Times: user=0.04 sys=0.00, real=0.00 secs] 
2014-07-08T08:16:37.871+0000: 803.420: [GC [PSYoungGen: 202664K->1288K(198336K)] 418310K->217006K(885312K), 0.0053600 secs] [Times: user=0.03 sys=0.00, real=0.01 secs] 
2014-07-08T08:16:38.582+0000: 804.131: [GC [PSYoungGen: 198261K->1168K(193984K)] 413979K->216942K(880960K), 0.0088080 secs] [Times: user=0.04 sys=0.00, real=0.01 secs] 
2014-07-08T08:16:39.239+0000: 804.788: [GC [PSYoungGen: 193909K->1054K(189760K)] 409683K->216924K(876736K), 0.0065380 secs] [Times: user=0.05 sys=0.00, real=0.00 secs] 
2014-07-08T08:16:39.940+0000: 805.490: [GC [PSYoungGen: 189726K->1228K(185984K)] 405596K->217186K(872960K), 0.0046240 secs] [Times: user=0.03 sys=0.00, real=0.00 secs] 
2014-07-08T08:16:40.573+0000: 806.122: [GC [PSYoungGen: 185902K->1274K(182144K)] 401860K->217572K(869120K), 0.0064360 secs] [Times: user=0.04 sys=0.00, real=0.01 secs] 
2014-07-08T08:16:41.169+0000: 806.719: [GC [PSYoungGen: 182138K->1506K(178688K)] 398436K->217876K(865664K), 0.0058070 secs] [Times: user=0.03 sys=0.00, real=0.00 secs] 
2014-07-08T08:16:41.793+0000: 807.342: [GC [PSYoungGen: 178658K->939K(174528K)] 395028K->217487K(861504K), 0.0066880 secs] [Times: user=0.04 sys=0.00, real=0.01 secs] 
2014-07-08T08:16:42.423+0000: 807.972: [GC [PSYoungGen: 174507K->1174K(171328K)] 391055K->217810K(858304K), 0.0038470 secs] [Times: user=0.02 sys=0.00, real=0.01 secs] 
2014-07-08T08:16:42.986+0000: 808.536: [GC [PSYoungGen: 171286K->1555K(168384K)] 387922K->218279K(855360K), 0.0080290 secs] [Times: user=0.06 sys=0.00, real=0.00 secs] 
2014-07-08T08:16:43.590+0000: 809.139: [GC [PSYoungGen: 168339K->1566K(165120K)] 385063K->218402K(852096K), 0.0063810 secs] [Times: user=0.03 sys=0.00, real=0.01 secs] 
2014-07-08T08:16:44.147+0000: 809.697: [GC [PSYoungGen: 165086K->566K(160960K)] 381922K->217826K(847936K), 0.0057320 secs] [Times: user=0.02 sys=0.00, real=0.00 secs] 
2014-07-08T08:16:44.731+0000: 810.281: [GC [PSYoungGen: 160950K->1406K(158720K)] 378210K->218730K(845696K), 0.0063380 secs] [Times: user=0.04 sys=0.00, real=0.01 secs] 
2014-07-08T08:16:45.248+0000: 810.797: [GC [PSYoungGen: 158718K->1154K(155584K)] 376042K->218640K(842560K), 0.0054120 secs] [Times: user=0.03 sys=0.00, real=0.00 secs] 
2014-07-08T08:16:45.821+0000: 811.370: [GC [PSYoungGen: 155522K->1392K(186688K)] 373008K->218958K(873664K), 0.0112250 secs] [Times: user=0.07 sys=0.00, real=0.01 secs] 
2014-07-08T08:16:46.432+0000: 811.981: [GC [PSYoungGen: 186660K->1122K(223488K)] 404226K->218842K(910464K), 0.0088630 secs] [Times: user=0.06 sys=0.00, real=0.01 secs] 
2014-07-08T08:16:47.200+0000: 812.749: [GC [PSYoungGen: 223442K->1132K(237312K)] 441162K->218948K(924288K), 0.0062360 secs] [Times: user=0.04 sys=0.01, real=0.00 secs] 
2014-07-08T08:16:48.009+0000: 813.558: [GC [PSYoungGen: 236652K->1268K(268672K)] 454468K->219188K(955648K), 0.0097760 secs] [Times: user=0.07 sys=0.01, real=0.01 secs] 
2014-07-08T08:16:48.938+0000: 814.488: [GC [PSYoungGen: 268148K->808K(260928K)] 486068K->218792K(947904K), 0.0043270 secs] [Times: user=0.02 sys=0.00, real=0.00 secs] 
2014-07-08T08:16:49.835+0000: 815.384: [GC [PSYoungGen: 260904K->947K(254528K)] 478888K->219169K(941504K), 0.0063260 secs] [Times: user=0.05 sys=0.00, real=0.01 secs] 
2014-07-08T08:16:50.751+0000: 816.300: [GC [PSYoungGen: 254515K->1232K(248576K)] 472737K->219542K(935552K), 0.0058670 secs] [Times: user=0.03 sys=0.00, real=0.00 secs] 
2014-07-08T08:16:51.627+0000: 817.177: [GC [PSYoungGen: 248528K->1266K(242560K)] 466838K->219873K(929536K), 0.0057470 secs] [Times: user=0.04 sys=0.00, real=0.01 secs] 
2014-07-08T08:16:52.435+0000: 817.985: [GC [PSYoungGen: 242546K->1656K(237120K)] 461153K->220334K(924096K), 0.0081240 secs] [Times: user=0.04 sys=0.00, real=0.01 secs] 
2014-07-08T08:16:53.237+0000: 818.786: [GC [PSYoungGen: 237087K->698K(230592K)] 455766K->219956K(917568K), 0.0089740 secs] [Times: user=0.06 sys=0.00, real=0.01 secs] 
2014-07-08T08:16:54.037+0000: 819.587: [GC [PSYoungGen: 230557K->1289K(225856K)] 449816K->220603K(912832K), 0.0092450 secs] [Times: user=0.06 sys=0.00, real=0.01 secs] 
2014-07-08T08:16:54.811+0000: 820.360: [GC [PSYoungGen: 225769K->868K(220224K)] 445084K->220436K(907200K), 0.0034230 secs] [Times: user=0.02 sys=0.00, real=0.00 secs] 
2014-07-08T08:16:55.574+0000: 821.123: [GC [PSYoungGen: 220097K->1367K(215744K)] 439666K->220999K(902720K), 0.0032050 secs] [Times: user=0.02 sys=0.00, real=0.00 secs] 
2014-07-08T08:16:56.317+0000: 821.866: [GC [PSYoungGen: 215702K->1142K(210624K)] 435335K->220822K(897600K), 0.0041650 secs] [Times: user=0.03 sys=0.00, real=0.01 secs] 
2014-07-08T08:16:57.084+0000: 822.633: [GC [PSYoungGen: 210614K->1434K(206272K)] 430294K->221170K(893248K), 0.0084020 secs] [Times: user=0.05 sys=0.00, real=0.01 secs] 
2014-07-08T08:16:57.812+0000: 823.361: [GC [PSYoungGen: 206234K->1004K(201344K)] 425970K->220820K(888320K), 0.0044160 secs] [Times: user=0.03 sys=0.00, real=0.00 secs] 
2014-07-08T08:16:58.463+0000: 824.012: [GC [PSYoungGen: 201324K->1360K(197376K)] 421140K->221256K(884352K), 0.0063380 secs] [Times: user=0.04 sys=0.00, real=0.01 secs] 
2014-07-08T08:16:59.136+0000: 824.686: [GC [PSYoungGen: 197328K->1196K(192960K)] 417224K->221188K(879936K), 0.0066280 secs] [Times: user=0.04 sys=0.00, real=0.01 secs] 
2014-07-08T08:16:59.796+0000: 825.345: [GC [PSYoungGen: 192940K->950K(188672K)] 412932K->221014K(875648K), 0.0035960 secs] [Times: user=0.02 sys=0.00, real=0.01 secs] 
2014-07-08T08:17:00.444+0000: 825.993: [GC [PSYoungGen: 188629K->1327K(185152K)] 408693K->221439K(872128K), 0.0040210 secs] [Times: user=0.02 sys=0.00, real=0.00 secs] 
2014-07-08T08:17:01.091+0000: 826.640: [GC [PSYoungGen: 185096K->1000K(181056K)] 405208K->221224K(868032K), 0.0059430 secs] [Times: user=0.04 sys=0.00, real=0.00 secs] 
2014-07-08T08:17:01.727+0000: 827.277: [GC [PSYoungGen: 181032K->1132K(177536K)] 401256K->221536K(864512K), 0.0032660 secs] [Times: user=0.01 sys=0.00, real=0.01 secs] 
2014-07-08T08:17:02.341+0000: 827.890: [GC [PSYoungGen: 177514K->1502K(174400K)] 397919K->221947K(861376K), 0.0044870 secs] [Times: user=0.02 sys=0.00, real=0.00 secs] 
2014-07-08T08:17:03.000+0000: 828.549: [GC [PSYoungGen: 174366K->826K(170240K)] 394811K->221842K(857216K), 0.0093620 secs] [Times: user=0.07 sys=0.00, real=0.01 secs] 
2014-07-08T08:17:03.616+0000: 829.165: [GC [PSYoungGen: 170234K->1560K(204928K)] 391250K->222600K(891904K), 0.0160100 secs] [Times: user=0.10 sys=0.00, real=0.02 secs] 
2014-07-08T08:17:04.228+0000: 829.778: [GC [PSYoungGen: 204888K->1190K(245248K)] 425928K->222642K(932224K), 0.0071450 secs] [Times: user=0.04 sys=0.00, real=0.01 secs] 
2014-07-08T08:17:05.078+0000: 830.627: [GC [PSYoungGen: 245187K->1022K(255936K)] 466640K->222522K(942912K), 0.0039900 secs] [Times: user=0.01 sys=0.00, real=0.01 secs] 
2014-07-08T08:17:05.967+0000: 831.516: [GC [PSYoungGen: 255038K->1240K(294848K)] 476538K->222789K(981824K), 0.0100770 secs] [Times: user=0.06 sys=0.01, real=0.01 secs] 
2014-07-08T08:17:06.970+0000: 832.519: [GC [PSYoungGen: 294168K->1058K(286272K)] 515717K->222678K(973248K), 0.0069600 secs] [Times: user=0.05 sys=0.00, real=0.00 secs] 
2014-07-08T08:17:07.946+0000: 833.495: [GC [PSYoungGen: 286242K->804K(278528K)] 507862K->222819K(965504K), 0.0056300 secs] [Times: user=0.02 sys=0.00, real=0.01 secs] 
2014-07-08T08:17:08.923+0000: 834.472: [GC [PSYoungGen: 278500K->1203K(271744K)] 500515K->223266K(958720K), 0.0067730 secs] [Times: user=0.04 sys=0.00, real=0.00 secs] 
2014-07-08T08:17:09.840+0000: 835.389: [GC [PSYoungGen: 271731K->1076K(264704K)] 493794K->223203K(951680K), 0.0036740 secs] [Times: user=0.01 sys=0.01, real=0.00 secs] 
2014-07-08T08:17:10.765+0000: 836.314: [GC [PSYoungGen: 264692K->1254K(258240K)] 486819K->223445K(945216K), 0.0047230 secs] [Times: user=0.02 sys=0.00, real=0.00 secs] 
2014-07-08T08:17:11.692+0000: 837.241: [GC [PSYoungGen: 258198K->1132K(251712K)] 480389K->223485K(938688K), 0.0065790 secs] [Times: user=0.04 sys=0.00, real=0.00 secs] 
2014-07-08T08:17:12.644+0000: 838.193: [GC [PSYoungGen: 251692K->1488K(245952K)] 474045K->223929K(932928K), 0.0051250 secs] [Times: user=0.03 sys=0.00, real=0.00 secs] 
2014-07-08T08:17:13.418+0000: 838.968: [GC [PSYoungGen: 245904K->680K(239232K)] 468345K->223889K(926208K), 0.0084190 secs] [Times: user=0.05 sys=0.00, real=0.01 secs] 
2014-07-08T08:17:14.221+0000: 839.770: [GC [PSYoungGen: 239181K->1414K(234304K)] 462390K->224687K(921280K), 0.0059360 secs] [Times: user=0.02 sys=0.00, real=0.00 secs] 
2014-07-08T08:17:15.047+0000: 840.597: [GC [PSYoungGen: 234246K->1332K(228672K)] 457519K->225065K(915648K), 0.0080890 secs] [Times: user=0.05 sys=0.01, real=0.01 secs] 
2014-07-08T08:17:15.830+0000: 841.380: [GC [PSYoungGen: 228613K->900K(222976K)] 452346K->224721K(909952K), 0.0065630 secs] [Times: user=0.04 sys=0.00, real=0.01 secs] 
2014-07-08T08:17:16.630+0000: 842.179: [GC [PSYoungGen: 222894K->1492K(218432K)] 446715K->225377K(905408K), 0.0037560 secs] [Times: user=0.02 sys=0.00, real=0.01 secs] 
2014-07-08T08:17:17.447+0000: 842.997: [GC [PSYoungGen: 218388K->1502K(213504K)] 442273K->225443K(900480K), 0.0157770 secs] [Times: user=0.10 sys=0.00, real=0.02 secs] 
2014-07-08T08:17:18.091+0000: 843.641: [GC [PSYoungGen: 213470K->808K(208064K)] 437411K->225001K(895040K), 0.0041280 secs] [Times: user=0.02 sys=0.00, real=0.01 secs] 
2014-07-08T08:17:18.816+0000: 844.366: [GC [PSYoungGen: 208040K->1360K(204032K)] 432233K->225649K(891008K), 0.0064720 secs] [Times: user=0.04 sys=0.01, real=0.01 secs] 
2014-07-08T08:17:19.554+0000: 845.103: [GC [PSYoungGen: 203983K->1491K(199744K)] 428273K->225876K(886720K), 0.0044730 secs] [Times: user=0.03 sys=0.00, real=0.00 secs] 
2014-07-08T08:17:20.219+0000: 845.769: [GC [PSYoungGen: 199699K->954K(194880K)] 424084K->225403K(881856K), 0.0087310 secs] [Times: user=0.06 sys=0.00, real=0.01 secs] 
2014-07-08T08:17:20.916+0000: 846.465: [GC [PSYoungGen: 194874K->1214K(190976K)] 419323K->225719K(877952K), 0.0060740 secs] [Times: user=0.04 sys=0.00, real=0.00 secs] 
2014-07-08T08:17:21.569+0000: 847.118: [GC [PSYoungGen: 190974K->1488K(187328K)] 415479K->226065K(874304K), 0.0078270 secs] [Times: user=0.04 sys=0.01, real=0.01 secs] 
2014-07-08T08:17:22.196+0000: 847.745: [GC [PSYoungGen: 187280K->1004K(182976K)] 411857K->225727K(869952K), 0.0051210 secs] [Times: user=0.03 sys=0.00, real=0.00 secs] 
2014-07-08T08:17:22.864+0000: 848.413: [GC [PSYoungGen: 182956K->886K(179136K)] 407679K->225705K(866112K), 0.0074410 secs] [Times: user=0.05 sys=0.00, real=0.00 secs] 
2014-07-08T08:17:23.462+0000: 849.012: [GC [PSYoungGen: 179123K->1434K(176128K)] 403942K->226285K(863104K), 0.0040560 secs] [Times: user=0.01 sys=0.00, real=0.00 secs] 
2014-07-08T08:17:24.057+0000: 849.606: [GC [PSYoungGen: 176090K->1314K(172480K)] 400941K->226221K(859456K), 0.0036910 secs] [Times: user=0.02 sys=0.01, real=0.00 secs] 
2014-07-08T08:17:24.669+0000: 850.218: [GC [PSYoungGen: 172444K->1078K(168832K)] 397351K->226542K(855808K), 0.0030140 secs] [Times: user=0.01 sys=0.00, real=0.00 secs] 
2014-07-08T08:17:25.220+0000: 850.770: [GC [PSYoungGen: 168822K->1106K(202496K)] 394286K->226625K(889472K), 0.0110300 secs] [Times: user=0.07 sys=0.01, real=0.01 secs] 
2014-07-08T08:17:25.905+0000: 851.455: [GC [PSYoungGen: 202450K->1377K(198400K)] 427969K->227049K(885376K), 0.0055160 secs] [Times: user=0.03 sys=0.00, real=0.00 secs] 
2014-07-08T08:17:26.656+0000: 852.206: [GC [PSYoungGen: 198333K->1658K(194432K)] 424005K->227402K(881408K), 0.0080230 secs] [Times: user=0.04 sys=0.01, real=0.01 secs] 
2014-07-08T08:17:27.280+0000: 852.829: [GC [PSYoungGen: 194387K->819K(189504K)] 420130K->227014K(876480K), 0.0049590 secs] [Times: user=0.02 sys=0.00, real=0.01 secs] 
2014-07-08T08:17:27.968+0000: 853.517: [GC [PSYoungGen: 189491K->1104K(185856K)] 415686K->227404K(872832K), 0.0074270 secs] [Times: user=0.04 sys=0.00, real=0.01 secs] 
2014-07-08T08:17:28.582+0000: 854.131: [GC [PSYoungGen: 185808K->1624K(182528K)] 412108K->228071K(869504K), 0.0047590 secs] [Times: user=0.03 sys=0.00, real=0.01 secs] 
2014-07-08T08:17:29.183+0000: 854.732: [GC [PSYoungGen: 182488K->1189K(178368K)] 408935K->227716K(865344K), 0.0055840 secs] [Times: user=0.04 sys=0.00, real=0.01 secs] 
2014-07-08T08:17:29.825+0000: 855.374: [GC [PSYoungGen: 178341K->936K(174528K)] 404868K->227526K(861504K), 0.0042850 secs] [Times: user=0.03 sys=0.00, real=0.00 secs] 
2014-07-08T08:17:30.396+0000: 855.945: [GC [PSYoungGen: 174504K->1360K(171520K)] 401094K->228038K(858496K), 0.0057060 secs] [Times: user=0.03 sys=0.00, real=0.00 secs] 
2014-07-08T08:17:30.975+0000: 856.524: [GC [PSYoungGen: 171472K->1008K(205184K)] 398150K->227758K(892160K), 0.0123950 secs] [Times: user=0.08 sys=0.00, real=0.01 secs] 
2014-07-08T08:17:31.737+0000: 857.287: [GC [PSYoungGen: 205168K->1464K(201152K)] 431918K->228311K(888128K), 0.0032870 secs] [Times: user=0.01 sys=0.00, real=0.00 secs] 
2014-07-08T08:17:32.394+0000: 857.943: [GC [PSYoungGen: 201105K->1268K(196608K)] 427952K->228202K(883584K), 0.0060250 secs] [Times: user=0.04 sys=0.00, real=0.01 secs] 
2014-07-08T08:17:33.172+0000: 858.721: [GC [PSYoungGen: 196596K->1704K(192896K)] 423530K->228703K(879872K), 0.0057410 secs] [Times: user=0.02 sys=0.00, real=0.01 secs] 
2014-07-08T08:17:33.798+0000: 859.347: [GC [PSYoungGen: 192849K->766K(187904K)] 419848K->228178K(874880K), 0.0040410 secs] [Times: user=0.03 sys=0.00, real=0.00 secs] 
2014-07-08T08:17:34.401+0000: 859.951: [GC [PSYoungGen: 187881K->1484K(226112K)] 415294K->228961K(913088K), 0.0141110 secs] [Times: user=0.08 sys=0.00, real=0.02 secs] 
2014-07-08T08:17:35.184+0000: 860.734: [GC [PSYoungGen: 226060K->950K(269760K)] 453537K->228562K(956736K), 0.0084580 secs] [Times: user=0.05 sys=0.00, real=0.00 secs] 
2014-07-08T08:17:36.129+0000: 861.678: [GC [PSYoungGen: 269110K->1000K(270080K)] 496722K->228676K(957056K), 0.0057490 secs] [Times: user=0.02 sys=0.00, real=0.01 secs] 
2014-07-08T08:17:37.074+0000: 862.624: [GC [PSYoungGen: 269140K->1018K(262400K)] 496817K->228758K(949376K), 0.0040610 secs] [Times: user=0.01 sys=0.00, real=0.01 secs] 
2014-07-08T08:17:38.009+0000: 863.558: [GC [PSYoungGen: 262394K->840K(255744K)] 490134K->228644K(942720K), 0.0104450 secs] [Times: user=0.07 sys=0.00, real=0.01 secs] 
2014-07-08T08:17:38.981+0000: 864.530: [GC [PSYoungGen: 255688K->1538K(250176K)] 483492K->229447K(937152K), 0.0066340 secs] [Times: user=0.04 sys=0.00, real=0.01 secs] 
2014-07-08T08:17:39.803+0000: 865.352: [GC [PSYoungGen: 250114K->1880K(244416K)] 478023K->229869K(931392K), 0.0061390 secs] [Times: user=0.04 sys=0.00, real=0.01 secs] 
2014-07-08T08:17:40.623+0000: 866.172: [GC [PSYoungGen: 244376K->506K(237184K)] 472365K->229485K(924160K), 0.0090840 secs] [Times: user=0.06 sys=0.00, real=0.01 secs] 
2014-07-08T08:17:41.417+0000: 866.966: [GC [PSYoungGen: 237178K->1852K(232896K)] 466157K->230848K(919872K), 0.0072750 secs] [Times: user=0.02 sys=0.00, real=0.00 secs] 
2014-07-08T08:17:42.219+0000: 867.768: [GC [PSYoungGen: 232892K->1200K(226816K)] 461888K->230935K(913792K), 0.0060750 secs] [Times: user=0.03 sys=0.01, real=0.01 secs] 
2014-07-08T08:17:42.997+0000: 868.546: [GC [PSYoungGen: 226800K->828K(221184K)] 456535K->230627K(908160K), 0.0104310 secs] [Times: user=0.06 sys=0.01, real=0.01 secs] 
2014-07-08T08:17:43.779+0000: 869.328: [GC [PSYoungGen: 221155K->1524K(216832K)] 450955K->231428K(903808K), 0.0044630 secs] [Times: user=0.03 sys=0.01, real=0.00 secs] 
2014-07-08T08:17:44.557+0000: 870.106: [GC [PSYoungGen: 216820K->1662K(260032K)] 446723K->231637K(947008K), 0.0180820 secs] [Times: user=0.12 sys=0.00, real=0.01 secs] 
2014-07-08T08:17:45.401+0000: 870.951: [GC [PSYoungGen: 260030K->1136K(311232K)] 490005K->231199K(998208K), 0.0071780 secs] [Times: user=0.04 sys=0.00, real=0.01 secs] 
2014-07-08T08:17:46.496+0000: 872.045: [GC [PSYoungGen: 311216K->1096K(315264K)] 541279K->231215K(1002240K), 0.0105580 secs] [Times: user=0.06 sys=0.00, real=0.02 secs] 
2014-07-08T08:17:47.578+0000: 873.127: [GC [PSYoungGen: 314184K->968K(305536K)] 544303K->231167K(992512K), 0.0063090 secs] [Times: user=0.04 sys=0.00, real=0.00 secs] 
2014-07-08T08:17:48.671+0000: 874.221: [GC [PSYoungGen: 305444K->1672K(298048K)] 535644K->231975K(985024K), 0.0063850 secs] [Times: user=0.03 sys=0.00, real=0.01 secs] 
2014-07-08T08:17:49.691+0000: 875.240: [GC [PSYoungGen: 297972K->1428K(289920K)] 528276K->231811K(976896K), 0.0054830 secs] [Times: user=0.03 sys=0.00, real=0.01 secs] 
2014-07-08T08:17:50.735+0000: 876.285: [GC [PSYoungGen: 289876K->1296K(282176K)] 520259K->231775K(969152K), 0.0043030 secs] [Times: user=0.03 sys=0.00, real=0.01 secs] 
2014-07-08T08:17:51.667+0000: 877.217: [GC [PSYoungGen: 282102K->1580K(275136K)] 512582K->232376K(962112K), 0.0047570 secs] [Times: user=0.03 sys=0.00, real=0.00 secs] 
2014-07-08T08:17:52.624+0000: 878.174: [GC [PSYoungGen: 275116K->1324K(267840K)] 505912K->232208K(954816K), 0.0056650 secs] [Times: user=0.03 sys=0.00, real=0.01 secs] 
2014-07-08T08:17:53.523+0000: 879.073: [GC [PSYoungGen: 267803K->1346K(261184K)] 498687K->232310K(948160K), 0.0045080 secs] [Times: user=0.01 sys=0.00, real=0.01 secs] 
2014-07-08T08:17:54.427+0000: 879.976: [GC [PSYoungGen: 261121K->1356K(254720K)] 492085K->232400K(941696K), 0.0063590 secs] [Times: user=0.05 sys=0.00, real=0.01 secs] 
2014-07-08T08:17:55.314+0000: 880.863: [GC [PSYoungGen: 254668K->1032K(248128K)] 485712K->232148K(935104K), 0.0105170 secs] [Times: user=0.06 sys=0.01, real=0.01 secs] 
2014-07-08T08:17:56.169+0000: 881.718: [GC [PSYoungGen: 248072K->1395K(242432K)] 479188K->232599K(929408K), 0.0053480 secs] [Times: user=0.03 sys=0.00, real=0.00 secs] 
2014-07-08T08:17:57.060+0000: 882.610: [GC [PSYoungGen: 242419K->1270K(236544K)] 473623K->232562K(923520K), 0.0040120 secs] [Times: user=0.03 sys=0.00, real=0.00 secs] 
2014-07-08T08:17:57.890+0000: 883.439: [GC [PSYoungGen: 236534K->1554K(231296K)] 467826K->232894K(918272K), 0.0100730 secs] [Times: user=0.05 sys=0.01, real=0.02 secs] 
2014-07-08T08:17:58.670+0000: 884.220: [GC [PSYoungGen: 231250K->1022K(225344K)] 462590K->232668K(912320K), 0.0063310 secs] [Times: user=0.04 sys=0.01, real=0.00 secs] 
2014-07-08T08:17:59.419+0000: 884.968: [GC [PSYoungGen: 225341K->1378K(220544K)] 456987K->233072K(907520K), 0.0074820 secs] [Times: user=0.04 sys=0.01, real=0.00 secs] 
2014-07-08T08:18:00.172+0000: 885.721: [GC [PSYoungGen: 220514K->1094K(215296K)] 452208K->232958K(902272K), 0.0046390 secs] [Times: user=0.02 sys=0.00, real=0.00 secs] 
2014-07-08T08:18:00.920+0000: 886.469: [GC [PSYoungGen: 215238K->1022K(210368K)] 447102K->232950K(897344K), 0.0059160 secs] [Times: user=0.03 sys=0.00, real=0.00 secs] 
2014-07-08T08:18:01.696+0000: 887.246: [GC [PSYoungGen: 210365K->1352K(206080K)] 442293K->233352K(893056K), 0.0050950 secs] [Times: user=0.03 sys=0.00, real=0.01 secs] 
2014-07-08T08:18:02.405+0000: 887.955: [GC [PSYoungGen: 206024K->1587K(201792K)] 438024K->233683K(888768K), 0.0093830 secs] [Times: user=0.06 sys=0.00, real=0.01 secs] 
2014-07-08T08:18:03.085+0000: 888.634: [GC [PSYoungGen: 201779K->626K(196480K)] 433875K->233754K(883456K), 0.0030560 secs] [Times: user=0.02 sys=0.01, real=0.00 secs] 
2014-07-08T08:18:03.775+0000: 889.325: [GC [PSYoungGen: 196466K->1706K(193344K)] 429594K->234898K(880320K), 0.0041690 secs] [Times: user=0.02 sys=0.00, real=0.01 secs] 
2014-07-08T08:18:04.407+0000: 889.956: [GC [PSYoungGen: 193322K->1324K(188928K)] 426514K->234937K(875904K), 0.0082980 secs] [Times: user=0.01 sys=0.00, real=0.01 secs] 
2014-07-08T08:18:05.054+0000: 890.603: [GC [PSYoungGen: 188900K->1004K(184704K)] 422513K->234680K(871680K), 0.0043350 secs] [Times: user=0.01 sys=0.00, real=0.00 secs] 
2014-07-08T08:18:05.738+0000: 891.288: [GC [PSYoungGen: 184654K->1534K(181440K)] 418331K->235282K(868416K), 0.0062620 secs] [Times: user=0.03 sys=0.00, real=0.01 secs] 
2014-07-08T08:18:06.291+0000: 891.841: [GC [PSYoungGen: 181438K->968K(216960K)] 415186K->234804K(903936K), 0.0092050 secs] [Times: user=0.06 sys=0.00, real=0.01 secs] 
2014-07-08T08:18:07.034+0000: 892.584: [GC [PSYoungGen: 216893K->1064K(212160K)] 450730K->234956K(899136K), 0.0051670 secs] [Times: user=0.02 sys=0.00, real=0.01 secs] 
2014-07-08T08:18:07.841+0000: 893.391: [GC [PSYoungGen: 212136K->1516K(207872K)] 446028K->235489K(894848K), 0.0085040 secs] [Times: user=0.06 sys=0.01, real=0.01 secs] 
2014-07-08T08:18:08.557+0000: 894.107: [GC [PSYoungGen: 207852K->1398K(249024K)] 441825K->235467K(936000K), 0.0099810 secs] [Times: user=0.06 sys=0.01, real=0.01 secs] 
2014-07-08T08:18:09.371+0000: 894.920: [GC [PSYoungGen: 249014K->1726K(243328K)] 483083K->235883K(930304K), 0.0037850 secs] [Times: user=0.02 sys=0.00, real=0.00 secs] 
2014-07-08T08:18:10.206+0000: 895.756: [GC [PSYoungGen: 243326K->884K(236672K)] 477483K->235291K(923648K), 0.0095630 secs] [Times: user=0.06 sys=0.00, real=0.01 secs] 
2014-07-08T08:18:11.035+0000: 896.584: [GC [PSYoungGen: 236660K->1000K(231168K)] 471067K->235478K(918144K), 0.0090700 secs] [Times: user=0.05 sys=0.00, real=0.01 secs] 
2014-07-08T08:18:11.837+0000: 897.386: [GC [PSYoungGen: 231144K->1218K(226048K)] 465622K->235859K(913024K), 0.0054210 secs] [Times: user=0.03 sys=0.00, real=0.01 secs] 
2014-07-08T08:18:12.625+0000: 898.174: [GC [PSYoungGen: 225936K->1798K(221440K)] 460577K->236495K(908416K), 0.0049020 secs] [Times: user=0.03 sys=0.01, real=0.00 secs] 
2014-07-08T08:18:13.521+0000: 899.070: [GC [PSYoungGen: 221382K->882K(215488K)] 456079K->236431K(902464K), 0.0073210 secs] [Times: user=0.04 sys=0.00, real=0.00 secs] 
2014-07-08T08:18:14.185+0000: 899.734: [GC [PSYoungGen: 215435K->1822K(211584K)] 450984K->237443K(898560K), 0.0072270 secs] [Times: user=0.04 sys=0.00, real=0.01 secs] 
2014-07-08T08:18:14.879+0000: 900.429: [GC [PSYoungGen: 211550K->868K(252608K)] 447171K->237063K(939584K), 0.0099250 secs] [Times: user=0.06 sys=0.00, real=0.01 secs] 
2014-07-08T08:18:15.725+0000: 901.274: [GC [PSYoungGen: 252580K->1548K(247104K)] 488775K->237823K(934080K), 0.0078060 secs] [Times: user=0.05 sys=0.00, real=0.01 secs] 
2014-07-08T08:18:16.565+0000: 902.114: [GC [PSYoungGen: 247050K->1594K(241152K)] 483325K->237934K(928128K), 0.0076400 secs] [Times: user=0.04 sys=0.00, real=0.01 secs] 
2014-07-08T08:18:17.393+0000: 902.942: [GC [PSYoungGen: 241146K->1332K(235136K)] 477486K->237743K(922112K), 0.0084880 secs] [Times: user=0.06 sys=0.00, real=0.01 secs] 
2014-07-08T08:18:18.195+0000: 903.744: [GC [PSYoungGen: 235124K->1186K(229504K)] 471535K->237669K(916480K), 0.0050560 secs] [Times: user=0.02 sys=0.00, real=0.00 secs] 
2014-07-08T08:18:19.007+0000: 904.556: [GC [PSYoungGen: 229474K->1250K(224256K)] 465957K->237797K(911232K), 0.0064180 secs] [Times: user=0.03 sys=0.00, real=0.01 secs] 
2014-07-08T08:18:19.847+0000: 905.396: [GC [PSYoungGen: 224200K->1770K(219648K)] 460747K->238381K(906624K), 0.0067400 secs] [Times: user=0.02 sys=0.01, real=0.01 secs] 
2014-07-08T08:18:20.528+0000: 906.077: [GC [PSYoungGen: 219626K->1246K(214208K)] 456237K->237953K(901184K), 0.0047800 secs] [Times: user=0.02 sys=0.00, real=0.01 secs] 
2014-07-08T08:18:21.254+0000: 906.804: [GC [PSYoungGen: 214174K->1068K(209216K)] 450881K->237879K(896192K), 0.0052210 secs] [Times: user=0.04 sys=0.00, real=0.00 secs] 
2014-07-08T08:18:21.978+0000: 907.527: [GC [PSYoungGen: 209196K->1128K(204672K)] 446007K->238011K(891648K), 0.0057910 secs] [Times: user=0.03 sys=0.00, real=0.01 secs] 
2014-07-08T08:18:22.708+0000: 908.257: [GC [PSYoungGen: 204648K->1452K(200512K)] 441531K->238376K(887488K), 0.0054020 secs] [Times: user=0.03 sys=0.01, real=0.01 secs] 
2014-07-08T08:18:23.533+0000: 909.083: [GC [PSYoungGen: 200465K->1666K(196480K)] 437388K->238645K(883456K), 0.0081810 secs] [Times: user=0.05 sys=0.01, real=0.00 secs] 
2014-07-08T08:18:24.072+0000: 909.621: [GC [PSYoungGen: 196418K->928K(191552K)] 433397K->237971K(878528K), 0.0043590 secs] [Times: user=0.02 sys=0.00, real=0.01 secs] 
2014-07-08T08:18:24.769+0000: 910.319: [GC [PSYoungGen: 191520K->1574K(188160K)] 428563K->238721K(875136K), 0.0041590 secs] [Times: user=0.01 sys=0.01, real=0.01 secs] 
2014-07-08T08:18:25.404+0000: 910.954: [GC [PSYoungGen: 188134K->1128K(183808K)] 425281K->238339K(870784K), 0.0058880 secs] [Times: user=0.04 sys=0.00, real=0.00 secs] 
2014-07-08T08:18:26.026+0000: 911.575: [GC [PSYoungGen: 183782K->1022K(179904K)] 420994K->238297K(866880K), 0.0065100 secs] [Times: user=0.04 sys=0.01, real=0.01 secs] 
2014-07-08T08:18:26.673+0000: 912.222: [GC [PSYoungGen: 179902K->1452K(176704K)] 417177K->238775K(863680K), 0.0048150 secs] [Times: user=0.02 sys=0.00, real=0.00 secs] 
2014-07-08T08:18:27.246+0000: 912.796: [GC [PSYoungGen: 176684K->1368K(173120K)] 414007K->238771K(860096K), 0.0079480 secs] [Times: user=0.05 sys=0.00, real=0.01 secs] 
2014-07-08T08:18:27.850+0000: 913.399: [GC [PSYoungGen: 173080K->1188K(169536K)] 410483K->238679K(856512K), 0.0071580 secs] [Times: user=0.04 sys=0.00, real=0.01 secs] 
2014-07-08T08:18:28.543+0000: 914.093: [GC [PSYoungGen: 169465K->1524K(166592K)] 406956K->239071K(853568K), 0.0060010 secs] [Times: user=0.03 sys=0.01, real=0.00 secs] 
2014-07-08T08:18:29.017+0000: 914.566: [GC [PSYoungGen: 166580K->1000K(199104K)] 404127K->238611K(886080K), 0.0077510 secs] [Times: user=0.04 sys=0.01, real=0.01 secs] 
2014-07-08T08:18:29.779+0000: 915.328: [GC [PSYoungGen: 199040K->1406K(239104K)] 436651K->239049K(926080K), 0.0075960 secs] [Times: user=0.02 sys=0.00, real=0.01 secs] 
2014-07-08T08:18:30.620+0000: 916.169: [GC [PSYoungGen: 239102K->1516K(233536K)] 476745K->239247K(920512K), 0.0064140 secs] [Times: user=0.04 sys=0.01, real=0.01 secs] 
2014-07-08T08:18:31.386+0000: 916.936: [GC [PSYoungGen: 233469K->1481K(279936K)] 471200K->239284K(966912K), 0.0104680 secs] [Times: user=0.06 sys=0.00, real=0.01 secs] 
2014-07-08T08:18:32.333+0000: 917.882: [GC [PSYoungGen: 279862K->954K(272192K)] 517665K->238861K(959168K), 0.0072500 secs] [Times: user=0.05 sys=0.00, real=0.00 secs] 
2014-07-08T08:18:33.273+0000: 918.823: [GC [PSYoungGen: 272163K->954K(265280K)] 510071K->238949K(952256K), 0.0037370 secs] [Times: user=0.02 sys=0.00, real=0.00 secs] 
2014-07-08T08:18:34.187+0000: 919.737: [GC [PSYoungGen: 265274K->1406K(259072K)] 503269K->239539K(946048K), 0.0060940 secs] [Times: user=0.04 sys=0.00, real=0.01 secs] 
2014-07-08T08:18:35.079+0000: 920.628: [GC [PSYoungGen: 259070K->1204K(252480K)] 497203K->239417K(939456K), 0.0069200 secs] [Times: user=0.04 sys=0.00, real=0.01 secs] 
2014-07-08T08:18:35.950+0000: 921.500: [GC [PSYoungGen: 252468K->1226K(246400K)] 490681K->239503K(933376K), 0.0085080 secs] [Times: user=0.05 sys=0.01, real=0.01 secs] 
2014-07-08T08:18:36.865+0000: 922.414: [GC [PSYoungGen: 246346K->1386K(240576K)] 484623K->239735K(927552K), 0.0062570 secs] [Times: user=0.04 sys=0.00, real=0.00 secs] 
2014-07-08T08:18:37.662+0000: 923.211: [GC [PSYoungGen: 240554K->1082K(234560K)] 478903K->240023K(921536K), 0.0039300 secs] [Times: user=0.02 sys=0.01, real=0.01 secs] 
2014-07-08T08:18:38.542+0000: 924.091: [GC [PSYoungGen: 234554K->1904K(229888K)] 473495K->241162K(916864K), 0.0099650 secs] [Times: user=0.06 sys=0.00, real=0.01 secs] 
2014-07-08T08:18:39.242+0000: 924.792: [GC [PSYoungGen: 229837K->880K(223552K)] 469095K->240524K(910528K), 0.0104050 secs] [Times: user=0.06 sys=0.00, real=0.01 secs] 
2014-07-08T08:18:40.019+0000: 925.569: [GC [PSYoungGen: 223527K->1058K(218624K)] 463171K->240750K(905600K), 0.0051400 secs] [Times: user=0.01 sys=0.00, real=0.01 secs] 
2014-07-08T08:18:40.782+0000: 926.332: [GC [PSYoungGen: 218594K->1122K(213760K)] 458286K->240878K(900736K), 0.0068180 secs] [Times: user=0.04 sys=0.00, real=0.01 secs] 
2014-07-08T08:18:41.556+0000: 927.105: [GC [PSYoungGen: 213730K->1538K(209408K)] 453486K->241366K(896384K), 0.0091020 secs] [Times: user=0.06 sys=0.00, real=0.01 secs] 
2014-07-08T08:18:42.250+0000: 927.799: [GC [PSYoungGen: 209346K->976K(204224K)] 449174K->240868K(891200K), 0.0043650 secs] [Times: user=0.03 sys=0.00, real=0.01 secs] 
2014-07-08T08:18:43.025+0000: 928.574: [GC [PSYoungGen: 204176K->1050K(199872K)] 444068K->241006K(886848K), 0.0061010 secs] [Times: user=0.03 sys=0.00, real=0.00 secs] 
2014-07-08T08:18:43.792+0000: 929.342: [GC [PSYoungGen: 199834K->1342K(195840K)] 439790K->241386K(882816K), 0.0040960 secs] [Times: user=0.02 sys=0.01, real=0.01 secs] 
2014-07-08T08:18:44.325+0000: 929.874: [GC [PSYoungGen: 195838K->990K(191360K)] 435882K->241122K(878336K), 0.0060400 secs] [Times: user=0.04 sys=0.00, real=0.01 secs] 
2014-07-08T08:18:44.990+0000: 930.540: [GC [PSYoungGen: 191326K->1036K(187392K)] 431458K->241256K(874368K), 0.0045710 secs] [Times: user=0.03 sys=0.01, real=0.01 secs] 
2014-07-08T08:18:45.668+0000: 931.217: [GC [PSYoungGen: 187340K->1890K(184320K)] 427560K->242182K(871296K), 0.0093800 secs] [Times: user=0.06 sys=0.01, real=0.01 secs] 
2014-07-08T08:18:46.291+0000: 931.841: [GC [PSYoungGen: 184290K->808K(219712K)] 424582K->241172K(906688K), 0.0076860 secs] [Times: user=0.04 sys=0.00, real=0.01 secs] 
2014-07-08T08:18:47.056+0000: 932.605: [GC [PSYoungGen: 219658K->1214K(215104K)] 460021K->241626K(902080K), 0.0037410 secs] [Times: user=0.02 sys=0.00, real=0.00 secs] 
2014-07-08T08:18:47.818+0000: 933.367: [GC [PSYoungGen: 215102K->1224K(210368K)] 455514K->241724K(897344K), 0.0052810 secs] [Times: user=0.03 sys=0.00, real=0.00 secs] 
2014-07-08T08:18:48.758+0000: 934.308: [GC [PSYoungGen: 210312K->1952K(206400K)] 450812K->242612K(893376K), 0.0068480 secs] [Times: user=0.03 sys=0.00, real=0.01 secs] 
2014-07-08T08:18:49.304+0000: 934.853: [GC [PSYoungGen: 206368K->762K(200704K)] 447028K->241716K(887680K), 0.0056480 secs] [Times: user=0.03 sys=0.00, real=0.01 secs] 
2014-07-08T08:18:50.014+0000: 935.563: [GC [PSYoungGen: 200698K->1004K(196608K)] 441652K->242022K(883584K), 0.0051270 secs] [Times: user=0.03 sys=0.00, real=0.01 secs] 
2014-07-08T08:18:50.670+0000: 936.220: [GC [PSYoungGen: 196587K->1694K(236480K)] 437605K->242934K(923456K), 0.0117900 secs] [Times: user=0.07 sys=0.00, real=0.01 secs] 
2014-07-08T08:18:51.463+0000: 937.012: [GC [PSYoungGen: 236446K->1138K(282880K)] 477686K->242458K(969856K), 0.0074630 secs] [Times: user=0.04 sys=0.00, real=0.01 secs] 
2014-07-08T08:18:52.444+0000: 937.994: [GC [PSYoungGen: 282866K->1316K(275776K)] 524186K->242716K(962752K), 0.0040010 secs] [Times: user=0.02 sys=0.01, real=0.01 secs] 
2014-07-08T08:18:53.410+0000: 938.960: [GC [PSYoungGen: 275709K->1366K(268800K)] 517109K->242814K(955776K), 0.0076620 secs] [Times: user=0.03 sys=0.00, real=0.01 secs] 
2014-07-08T08:18:54.345+0000: 939.894: [GC [PSYoungGen: 268758K->1242K(261888K)] 510206K->242754K(948864K), 0.0061610 secs] [Times: user=0.04 sys=0.01, real=0.01 secs] 
2014-07-08T08:18:55.240+0000: 940.790: [GC [PSYoungGen: 261806K->1128K(255232K)] 503319K->242704K(942208K), 0.0066940 secs] [Times: user=0.04 sys=0.00, real=0.01 secs] 
2014-07-08T08:18:56.143+0000: 941.692: [GC [PSYoungGen: 255208K->858K(248704K)] 496784K->242482K(935680K), 0.0053660 secs] [Times: user=0.03 sys=0.00, real=0.01 secs] 
2014-07-08T08:18:57.001+0000: 942.550: [GC [PSYoungGen: 248618K->1389K(243200K)] 490242K->243077K(930176K), 0.0142980 secs] [Times: user=0.08 sys=0.00, real=0.01 secs] 
2014-07-08T08:18:57.851+0000: 943.401: [GC [PSYoungGen: 243152K->1122K(237120K)] 484841K->242866K(924096K), 0.0041560 secs] [Times: user=0.01 sys=0.00, real=0.00 secs] 
2014-07-08T08:18:58.726+0000: 944.276: [GC [PSYoungGen: 237090K->1908K(232256K)] 478834K->243708K(919232K), 0.0053450 secs] [Times: user=0.03 sys=0.00, real=0.01 secs] 
2014-07-08T08:18:59.604+0000: 945.153: [GC [PSYoungGen: 232244K->830K(225792K)] 474044K->243346K(912768K), 0.0031370 secs] [Times: user=0.02 sys=0.00, real=0.00 secs] 
2014-07-08T08:19:00.252+0000: 945.801: [GC [PSYoungGen: 225790K->1300K(221120K)] 468306K->243896K(908096K), 0.0066130 secs] [Times: user=0.03 sys=0.00, real=0.01 secs] 
2014-07-08T08:19:00.998+0000: 946.548: [GC [PSYoungGen: 221042K->954K(215680K)] 463638K->243918K(902656K), 0.0117150 secs] [Times: user=0.06 sys=0.00, real=0.01 secs] 
2014-07-08T08:19:01.763+0000: 947.312: [GC [PSYoungGen: 215674K->1204K(211072K)] 458638K->244224K(898048K), 0.0046430 secs] [Times: user=0.01 sys=0.00, real=0.01 secs] 
2014-07-08T08:19:02.472+0000: 948.021: [GC [PSYoungGen: 211055K->1314K(206528K)] 454075K->244430K(893504K), 0.0037480 secs] [Times: user=0.02 sys=0.00, real=0.00 secs] 
2014-07-08T08:19:03.184+0000: 948.734: [GC [PSYoungGen: 206476K->854K(201536K)] 449593K->244034K(888512K), 0.0062150 secs] [Times: user=0.03 sys=0.00, real=0.01 secs] 
2014-07-08T08:19:03.918+0000: 949.468: [GC [PSYoungGen: 201488K->1132K(197440K)] 444669K->244416K(884416K), 0.0059380 secs] [Times: user=0.04 sys=0.00, real=0.00 secs] 
2014-07-08T08:19:04.578+0000: 950.128: [GC [PSYoungGen: 197395K->1420K(193536K)] 440680K->244776K(880512K), 0.0070540 secs] [Times: user=0.05 sys=0.00, real=0.00 secs] 
2014-07-08T08:19:05.241+0000: 950.791: [GC [PSYoungGen: 193484K->1136K(189120K)] 436840K->244548K(876096K), 0.0045270 secs] [Times: user=0.02 sys=0.00, real=0.00 secs] 
2014-07-08T08:19:05.886+0000: 951.435: [GC [PSYoungGen: 189104K->1050K(185152K)] 432516K->244550K(872128K), 0.0037400 secs] [Times: user=0.02 sys=0.00, real=0.01 secs] 
2014-07-08T08:19:06.554+0000: 952.104: [GC [PSYoungGen: 185114K->1526K(181824K)] 428614K->245205K(868800K), 0.0050160 secs] [Times: user=0.03 sys=0.00, real=0.01 secs] 
2014-07-08T08:19:07.182+0000: 952.732: [GC [PSYoungGen: 181814K->1064K(177728K)] 425493K->244822K(864704K), 0.0039380 secs] [Times: user=0.02 sys=0.01, real=0.00 secs] 
2014-07-08T08:19:07.797+0000: 953.346: [GC [PSYoungGen: 177704K->1264K(174336K)] 421462K->245102K(861312K), 0.0037030 secs] [Times: user=0.02 sys=0.00, real=0.01 secs] 
2014-07-08T08:19:08.405+0000: 953.954: [GC [PSYoungGen: 174320K->1427K(171072K)] 418158K->245329K(858048K), 0.0116460 secs] [Times: user=0.07 sys=0.00, real=0.01 secs] 
2014-07-08T08:19:09.011+0000: 954.560: [GC [PSYoungGen: 171027K->918K(204480K)] 414929K->244916K(891456K), 0.0070750 secs] [Times: user=0.04 sys=0.00, real=0.00 secs] 
2014-07-08T08:19:09.718+0000: 955.268: [GC [PSYoungGen: 204438K->1300K(245568K)] 448436K->245346K(932544K), 0.0082120 secs] [Times: user=0.05 sys=0.00, real=0.01 secs] 
2014-07-08T08:19:10.562+0000: 956.111: [GC [PSYoungGen: 245524K->1228K(239616K)] 489570K->245307K(926592K), 0.0054070 secs] [Times: user=0.02 sys=0.00, real=0.00 secs] 
2014-07-08T08:19:11.369+0000: 956.919: [GC [PSYoungGen: 239564K->1182K(233856K)] 483643K->245340K(920832K), 0.0079880 secs] [Times: user=0.03 sys=0.01, real=0.00 secs] 
2014-07-08T08:19:12.182+0000: 957.732: [GC [PSYoungGen: 233822K->918K(228096K)] 477980K->245164K(915072K), 0.0044520 secs] [Times: user=0.02 sys=0.01, real=0.00 secs] 
2014-07-08T08:19:12.964+0000: 958.513: [GC [PSYoungGen: 227962K->1282K(223168K)] 472209K->245585K(910144K), 0.0092530 secs] [Times: user=0.04 sys=0.00, real=0.01 secs] 
2014-07-08T08:19:13.747+0000: 959.296: [GC [PSYoungGen: 223106K->1090K(217856K)] 467409K->245448K(904832K), 0.0059960 secs] [Times: user=0.02 sys=0.00, real=0.01 secs] 
2014-07-08T08:19:14.496+0000: 960.045: [GC [PSYoungGen: 217794K->968K(212800K)] 462152K->245382K(899776K), 0.0055750 secs] [Times: user=0.02 sys=0.00, real=0.01 secs] 
2014-07-08T08:19:15.220+0000: 960.769: [GC [PSYoungGen: 212744K->882K(207936K)] 457158K->245328K(894912K), 0.0061500 secs] [Times: user=0.02 sys=0.00, real=0.00 secs] 
2014-07-08T08:19:15.937+0000: 961.487: [GC [PSYoungGen: 207922K->972K(203456K)] 452368K->245474K(890432K), 0.0036760 secs] [Times: user=0.01 sys=0.00, real=0.01 secs] 
2014-07-08T08:19:16.661+0000: 962.211: [GC [PSYoungGen: 203391K->1186K(199232K)] 447894K->245720K(886208K), 0.0085030 secs] [Times: user=0.04 sys=0.00, real=0.00 secs] 
2014-07-08T08:19:17.329+0000: 962.878: [GC [PSYoungGen: 199202K->854K(238528K)] 443736K->245460K(925504K), 0.0116420 secs] [Times: user=0.08 sys=0.00, real=0.02 secs] 
2014-07-08T08:19:18.150+0000: 963.699: [GC [PSYoungGen: 238486K->1232K(233216K)] 483092K->245903K(920192K), 0.0058180 secs] [Times: user=0.03 sys=0.01, real=0.01 secs] 
2014-07-08T08:19:19.082+0000: 964.631: [GC [PSYoungGen: 233168K->1657K(228160K)] 477839K->246497K(915136K), 0.0058530 secs] [Times: user=0.03 sys=0.00, real=0.00 secs] 
2014-07-08T08:19:19.776+0000: 965.326: [GC [PSYoungGen: 228109K->426K(221696K)] 472950K->246025K(908672K), 0.0075080 secs] [Times: user=0.05 sys=0.00, real=0.01 secs] 
2014-07-08T08:19:20.516+0000: 966.065: [GC [PSYoungGen: 221674K->1692K(267264K)] 467273K->247331K(954240K), 0.0099860 secs] [Times: user=0.05 sys=0.01, real=0.01 secs] 
2014-07-08T08:19:21.442+0000: 966.992: [GC [PSYoungGen: 267157K->1250K(260096K)] 512796K->247267K(947072K), 0.0059530 secs] [Times: user=0.03 sys=0.01, real=0.00 secs] 
2014-07-08T08:19:22.333+0000: 967.882: [GC [PSYoungGen: 260066K->1284K(253696K)] 506082K->247381K(940672K), 0.0065790 secs] [Times: user=0.04 sys=0.00, real=0.00 secs] 
2014-07-08T08:19:23.211+0000: 968.761: [GC [PSYoungGen: 253636K->1104K(247296K)] 499733K->247272K(934272K), 0.0035620 secs] [Times: user=0.02 sys=0.00, real=0.00 secs] 
2014-07-08T08:19:24.135+0000: 969.684: [GC [PSYoungGen: 247247K->1648K(241856K)] 493416K->247864K(928832K), 0.0132460 secs] [Times: user=0.08 sys=0.00, real=0.01 secs] 
2014-07-08T08:19:25.048+0000: 970.598: [GC [PSYoungGen: 241840K->816K(235264K)] 488056K->247879K(922240K), 0.0033790 secs] [Times: user=0.02 sys=0.00, real=0.01 secs] 
2014-07-08T08:19:25.807+0000: 971.356: [GC [PSYoungGen: 235248K->954K(229824K)] 482311K->248073K(916800K), 0.0065010 secs] [Times: user=0.03 sys=0.00, real=0.01 secs] 
2014-07-08T08:19:26.580+0000: 972.129: [GC [PSYoungGen: 229817K->1232K(224768K)] 476936K->248589K(911744K), 0.0112900 secs] [Times: user=0.03 sys=0.00, real=0.02 secs] 
2014-07-08T08:19:27.320+0000: 972.869: [GC [PSYoungGen: 224720K->1318K(219648K)] 472077K->248755K(906624K), 0.0050970 secs] [Times: user=0.03 sys=0.00, real=0.01 secs] 
2014-07-08T08:19:28.075+0000: 973.624: [GC [PSYoungGen: 219622K->1252K(214592K)] 467059K->248737K(901568K), 0.0045760 secs] [Times: user=0.01 sys=0.01, real=0.00 secs] 
2014-07-08T08:19:28.833+0000: 974.382: [GC [PSYoungGen: 214478K->1010K(209536K)] 461963K->248535K(896512K), 0.0040550 secs] [Times: user=0.02 sys=0.01, real=0.00 secs] 
2014-07-08T08:19:29.588+0000: 975.137: [GC [PSYoungGen: 209480K->1336K(205248K)] 457005K->249029K(892224K), 0.0058110 secs] [Times: user=0.04 sys=0.00, real=0.01 secs] 
2014-07-08T08:19:30.256+0000: 975.805: [GC [PSYoungGen: 205199K->954K(200384K)] 452892K->248719K(887360K), 0.0058620 secs] [Times: user=0.04 sys=0.00, real=0.00 secs] 
2014-07-08T08:19:30.944+0000: 976.493: [GC [PSYoungGen: 200350K->1388K(196544K)] 448115K->249249K(883520K), 0.0055810 secs] [Times: user=0.03 sys=0.00, real=0.00 secs] 
2014-07-08T08:19:31.635+0000: 977.184: [GC [PSYoungGen: 196505K->1623K(192640K)] 444366K->249556K(879616K), 0.0058130 secs] [Times: user=0.03 sys=0.00, real=0.00 secs] 
2014-07-08T08:19:32.272+0000: 977.821: [GC [PSYoungGen: 192572K->694K(187648K)] 440505K->249075K(874624K), 0.0042010 secs] [Times: user=0.02 sys=0.00, real=0.00 secs] 
2014-07-08T08:19:32.914+0000: 978.463: [GC [PSYoungGen: 187638K->1322K(184384K)] 436019K->249759K(871360K), 0.0058620 secs] [Times: user=0.04 sys=0.00, real=0.00 secs] 
2014-07-08T08:19:33.568+0000: 979.117: [GC [PSYoungGen: 184348K->1246K(180544K)] 432785K->250061K(867520K), 0.0069630 secs] [Times: user=0.04 sys=0.00, real=0.01 secs] 
2014-07-08T08:19:34.218+0000: 979.767: [GC [PSYoungGen: 180510K->1526K(177152K)] 429325K->250421K(864128K), 0.0053460 secs] [Times: user=0.03 sys=0.00, real=0.01 secs] 
2014-07-08T08:19:34.802+0000: 980.351: [GC [PSYoungGen: 177142K->830K(172928K)] 426037K->250149K(859904K), 0.0072050 secs] [Times: user=0.04 sys=0.00, real=0.00 secs] 
2014-07-08T08:19:35.398+0000: 980.948: [GC [PSYoungGen: 172926K->1414K(170176K)] 422245K->250773K(857152K), 0.0041960 secs] [Times: user=0.02 sys=0.00, real=0.00 secs] 
2014-07-08T08:19:36.035+0000: 981.585: [GC [PSYoungGen: 170118K->1324K(166720K)] 419477K->250994K(853696K), 0.0028320 secs] [Times: user=0.02 sys=0.01, real=0.00 secs] 
2014-07-08T08:19:36.593+0000: 982.142: [GC [PSYoungGen: 166700K->1310K(163520K)] 416370K->251051K(850496K), 0.0042660 secs] [Times: user=0.02 sys=0.00, real=0.01 secs] 
2014-07-08T08:19:37.118+0000: 982.667: [GC [PSYoungGen: 163486K->1086K(160192K)] 413227K->250875K(847168K), 0.0050190 secs] [Times: user=0.01 sys=0.01, real=0.01 secs] 
2014-07-08T08:19:37.695+0000: 983.244: [GC [PSYoungGen: 160189K->1332K(157440K)] 409978K->251161K(844416K), 0.0081170 secs] [Times: user=0.04 sys=0.00, real=0.01 secs] 
2014-07-08T08:19:38.213+0000: 983.763: [GC [PSYoungGen: 157428K->936K(154112K)] 407257K->250853K(841088K), 0.0032380 secs] [Times: user=0.02 sys=0.00, real=0.00 secs] 
2014-07-08T08:19:38.777+0000: 984.326: [GC [PSYoungGen: 154088K->1236K(151616K)] 404005K->251217K(838592K), 0.0040670 secs] [Times: user=0.02 sys=0.00, real=0.00 secs] 
2014-07-08T08:19:39.324+0000: 984.874: [GC [PSYoungGen: 151572K->1384K(148992K)] 401553K->251509K(835968K), 0.0073660 secs] [Times: user=0.05 sys=0.01, real=0.00 secs] 
2014-07-08T08:19:39.807+0000: 985.357: [GC [PSYoungGen: 148968K->882K(145856K)] 399093K->251095K(832832K), 0.0042640 secs] [Times: user=0.03 sys=0.00, real=0.00 secs] 
2014-07-08T08:19:40.279+0000: 985.828: [GC [PSYoungGen: 145842K->1156K(143616K)] 396055K->251515K(830592K), 0.0047070 secs] [Times: user=0.02 sys=0.01, real=0.01 secs] 
2014-07-08T08:19:40.805+0000: 986.354: [GC [PSYoungGen: 143556K->1392K(172288K)] 393915K->251823K(859264K), 0.0101910 secs] [Times: user=0.07 sys=0.01, real=0.01 secs] 
2014-07-08T08:19:41.377+0000: 986.927: [GC [PSYoungGen: 172254K->994K(206080K)] 422686K->251981K(893056K), 0.0051220 secs] [Times: user=0.03 sys=0.01, real=0.00 secs] 
2014-07-08T08:19:42.079+0000: 987.629: [GC [PSYoungGen: 206050K->1436K(202048K)] 457037K->252495K(889024K), 0.0050610 secs] [Times: user=0.03 sys=0.00, real=0.01 secs] 
2014-07-08T08:19:42.818+0000: 988.368: [GC [PSYoungGen: 202009K->1254K(241984K)] 453068K->252891K(928960K), 0.0136940 secs] [Times: user=0.09 sys=0.00, real=0.01 secs] 
2014-07-08T08:19:43.637+0000: 989.186: [GC [PSYoungGen: 241941K->1368K(268608K)] 493579K->253095K(955584K), 0.0056640 secs] [Times: user=0.02 sys=0.00, real=0.00 secs] 
2014-07-08T08:19:44.701+0000: 990.251: [GC [PSYoungGen: 267992K->1594K(261504K)] 519719K->253584K(948480K), 0.0050160 secs] [Times: user=0.02 sys=0.00, real=0.01 secs] 
2014-07-08T08:19:45.492+0000: 991.041: [GC [PSYoungGen: 261498K->1406K(254848K)] 513488K->253467K(941824K), 0.0071340 secs] [Times: user=0.05 sys=0.00, real=0.01 secs] 
2014-07-08T08:19:46.360+0000: 991.909: [GC [PSYoungGen: 254846K->1008K(248192K)] 506907K->253255K(935168K), 0.0047530 secs] [Times: user=0.01 sys=0.00, real=0.01 secs] 
2014-07-08T08:19:47.263+0000: 992.813: [GC [PSYoungGen: 248176K->1332K(242496K)] 500423K->253675K(929472K), 0.0062120 secs] [Times: user=0.03 sys=0.01, real=0.01 secs] 
2014-07-08T08:19:48.059+0000: 993.608: [GC [PSYoungGen: 242484K->1204K(236544K)] 494827K->253736K(923520K), 0.0080100 secs] [Times: user=0.05 sys=0.00, real=0.01 secs] 
2014-07-08T08:19:48.904+0000: 994.454: [GC [PSYoungGen: 236532K->950K(230720K)] 489064K->253569K(917696K), 0.0047780 secs] [Times: user=0.03 sys=0.00, real=0.01 secs] 
2014-07-08T08:19:49.743+0000: 995.292: [GC [PSYoungGen: 230670K->1532K(225920K)] 483290K->254224K(912896K), 0.0045880 secs] [Times: user=0.03 sys=0.00, real=0.01 secs] 
2014-07-08T08:19:50.488+0000: 996.037: [GC [PSYoungGen: 225916K->1588K(270912K)] 478608K->254352K(957888K), 0.0187560 secs] [Times: user=0.12 sys=0.00, real=0.02 secs] 
2014-07-08T08:19:51.397+0000: 996.946: [GC [PSYoungGen: 270900K->748K(284992K)] 523664K->254026K(971968K), 0.0077090 secs] [Times: user=0.04 sys=0.00, real=0.00 secs] 
2014-07-08T08:19:52.405+0000: 997.954: [GC [PSYoungGen: 284972K->1114K(277952K)] 538250K->254432K(964928K), 0.0045610 secs] [Times: user=0.03 sys=0.00, real=0.01 secs] 
2014-07-08T08:19:53.368+0000: 998.917: [GC [PSYoungGen: 277914K->808K(270528K)] 531232K->254432K(957504K), 0.0063490 secs] [Times: user=0.04 sys=0.00, real=0.00 secs] 
2014-07-08T08:19:54.301+0000: 999.850: [GC [PSYoungGen: 270504K->1372K(264256K)] 524128K->255076K(951232K), 0.0038380 secs] [Times: user=0.02 sys=0.00, real=0.01 secs] 
2014-07-08T08:19:55.216+0000: 1000.766: [GC [PSYoungGen: 264220K->922K(257216K)] 517924K->254938K(944192K), 0.0058970 secs] [Times: user=0.03 sys=0.01, real=0.00 secs] 
2014-07-08T08:19:56.099+0000: 1001.649: [GC [PSYoungGen: 257178K->1254K(251200K)] 511194K->255334K(938176K), 0.0116730 secs] [Times: user=0.07 sys=0.00, real=0.01 secs] 
2014-07-08T08:19:56.976+0000: 1002.526: [GC [PSYoungGen: 251174K->1086K(244864K)] 505254K->255270K(931840K), 0.0059330 secs] [Times: user=0.03 sys=0.00, real=0.00 secs] 
2014-07-08T08:19:57.826+0000: 1003.375: [GC [PSYoungGen: 244862K->868K(238784K)] 499046K->255124K(925760K), 0.0051470 secs] [Times: user=0.03 sys=0.01, real=0.01 secs] 
2014-07-08T08:19:58.713+0000: 1004.262: [GC [PSYoungGen: 238756K->1634K(233856K)] 493012K->256042K(920832K), 0.0081130 secs] [Times: user=0.04 sys=0.00, real=0.01 secs] 
2014-07-08T08:19:59.581+0000: 1005.130: [GC [PSYoungGen: 233797K->1765K(228544K)] 488205K->256245K(915520K), 0.0076630 secs] [Times: user=0.05 sys=0.00, real=0.01 secs] 
2014-07-08T08:20:00.298+0000: 1005.847: [GC [PSYoungGen: 228517K->572K(222080K)] 482997K->255707K(909056K), 0.0080920 secs] [Times: user=0.05 sys=0.00, real=0.00 secs] 
2014-07-08T08:20:01.034+0000: 1006.583: [GC [PSYoungGen: 222076K->1346K(217856K)] 477211K->256553K(904832K), 0.0037620 secs] [Times: user=0.01 sys=0.01, real=0.01 secs] 
2014-07-08T08:20:01.836+0000: 1007.385: [GC [PSYoungGen: 217794K->1306K(212864K)] 473001K->256941K(899840K), 0.0052090 secs] [Times: user=0.02 sys=0.00, real=0.01 secs] 
2014-07-08T08:20:02.494+0000: 1008.043: [GC [PSYoungGen: 212826K->1492K(208320K)] 468461K->257207K(895296K), 0.0056470 secs] [Times: user=0.02 sys=0.01, real=0.01 secs] 
2014-07-08T08:20:03.199+0000: 1008.749: [GC [PSYoungGen: 208276K->1022K(203264K)] 463991K->256899K(890240K), 0.0074590 secs] [Times: user=0.05 sys=0.00, real=0.01 secs] 
2014-07-08T08:20:03.908+0000: 1009.457: [GC [PSYoungGen: 203262K->1174K(199040K)] 459139K->257108K(886016K), 0.0092560 secs] [Times: user=0.05 sys=0.00, real=0.00 secs] 
2014-07-08T08:20:04.749+0000: 1010.298: [GC [PSYoungGen: 198998K->1526K(195072K)] 454932K->257595K(882048K), 0.0048300 secs] [Times: user=0.03 sys=0.00, real=0.00 secs] 
2014-07-08T08:20:05.310+0000: 1010.860: [GC [PSYoungGen: 195062K->1000K(190464K)] 451131K->257141K(877440K), 0.0069130 secs] [Times: user=0.04 sys=0.00, real=0.01 secs] 
2014-07-08T08:20:05.927+0000: 1011.476: [GC [PSYoungGen: 190440K->1072K(186560K)] 446581K->257261K(873536K), 0.0070240 secs] [Times: user=0.04 sys=0.00, real=0.01 secs] 
2014-07-08T08:20:06.586+0000: 1012.135: [GC [PSYoungGen: 186544K->1196K(223808K)] 442733K->257457K(910784K), 0.0080810 secs] [Times: user=0.04 sys=0.01, real=0.01 secs] 
2014-07-08T08:20:07.349+0000: 1012.898: [GC [PSYoungGen: 223787K->1200K(268352K)] 480048K->257509K(955328K), 0.0120810 secs] [Times: user=0.06 sys=0.00, real=0.01 secs] 
2014-07-08T08:20:08.266+0000: 1013.815: [GC [PSYoungGen: 268336K->1104K(272512K)] 524645K->257477K(959488K), 0.0072830 secs] [Times: user=0.04 sys=0.00, real=0.01 secs] 
2014-07-08T08:20:09.213+0000: 1014.762: [GC [PSYoungGen: 271760K->1222K(265024K)] 528133K->257659K(952000K), 0.0058950 secs] [Times: user=0.04 sys=0.00, real=0.01 secs] 
2014-07-08T08:20:10.305+0000: 1015.854: [GC [PSYoungGen: 264966K->1721K(258816K)] 521403K->258697K(945792K), 0.0077530 secs] [Times: user=0.04 sys=0.00, real=0.01 secs] 
2014-07-08T08:20:11.072+0000: 1016.622: [GC [PSYoungGen: 258796K->484K(251200K)] 515772K->258110K(938176K), 0.0052930 secs] [Times: user=0.02 sys=0.00, real=0.00 secs] 
2014-07-08T08:20:11.917+0000: 1017.466: [GC [PSYoungGen: 251172K->1650K(246208K)] 508798K->259388K(933184K), 0.0072560 secs] [Times: user=0.05 sys=0.00, real=0.01 secs] 
2014-07-08T08:20:12.794+0000: 1018.343: [GC [PSYoungGen: 246194K->1570K(240192K)] 503932K->259896K(927168K), 0.0064920 secs] [Times: user=0.04 sys=0.00, real=0.01 secs] 
2014-07-08T08:20:13.623+0000: 1019.172: [GC [PSYoungGen: 240162K->1200K(234112K)] 498488K->259566K(921088K), 0.0108390 secs] [Times: user=0.07 sys=0.01, real=0.01 secs] 
2014-07-08T08:20:14.416+0000: 1019.965: [GC [PSYoungGen: 234096K->1214K(228608K)] 492462K->259660K(915584K), 0.0042610 secs] [Times: user=0.02 sys=0.00, real=0.01 secs] 
2014-07-08T08:20:15.218+0000: 1020.767: [GC [PSYoungGen: 228606K->872K(222976K)] 487052K->259382K(909952K), 0.0076490 secs] [Times: user=0.04 sys=0.00, real=0.01 secs] 
2014-07-08T08:20:16.039+0000: 1021.588: [GC [PSYoungGen: 222951K->1274K(218240K)] 481461K->259824K(905216K), 0.0041900 secs] [Times: user=0.02 sys=0.00, real=0.00 secs] 
2014-07-08T08:20:16.774+0000: 1022.324: [GC [PSYoungGen: 218199K->1731K(213824K)] 476749K->260361K(900800K), 0.0069470 secs] [Times: user=0.05 sys=0.00, real=0.01 secs] 
2014-07-08T08:20:17.482+0000: 1023.031: [GC [PSYoungGen: 213763K->954K(208256K)] 472393K->259894K(895232K), 0.0068590 secs] [Times: user=0.04 sys=0.00, real=0.01 secs] 
2014-07-08T08:20:18.201+0000: 1023.750: [GC [PSYoungGen: 208250K->1388K(204096K)] 467190K->260408K(891072K), 0.0037630 secs] [Times: user=0.02 sys=0.00, real=0.00 secs] 
2014-07-08T08:20:18.887+0000: 1024.436: [GC [PSYoungGen: 204033K->972K(199296K)] 463053K->260072K(886272K), 0.0069240 secs] [Times: user=0.05 sys=0.00, real=0.01 secs] 
2014-07-08T08:20:19.685+0000: 1025.234: [GC [PSYoungGen: 199244K->1690K(195712K)] 458344K->260830K(882688K), 0.0110660 secs] [Times: user=0.06 sys=0.00, real=0.01 secs] 
2014-07-08T08:20:20.257+0000: 1025.806: [GC [PSYoungGen: 195674K->972K(233856K)] 454814K->260160K(920832K), 0.0082880 secs] [Times: user=0.05 sys=0.00, real=0.01 secs] 
2014-07-08T08:20:21.132+0000: 1026.681: [GC [PSYoungGen: 233800K->1538K(281024K)] 492988K->260790K(968000K), 0.0076110 secs] [Times: user=0.04 sys=0.00, real=0.01 secs] 
2014-07-08T08:20:22.058+0000: 1027.608: [GC [PSYoungGen: 280962K->1222K(273472K)] 540214K->260554K(960448K), 0.0058780 secs] [Times: user=0.04 sys=0.00, real=0.01 secs] 
2014-07-08T08:20:23.033+0000: 1028.583: [GC [PSYoungGen: 273404K->911K(266176K)] 532737K->260275K(953152K), 0.0043550 secs] [Times: user=0.02 sys=0.00, real=0.00 secs] 
2014-07-08T08:20:23.947+0000: 1029.496: [GC [PSYoungGen: 266127K->1521K(260032K)] 525491K->260957K(947008K), 0.0058740 secs] [Times: user=0.04 sys=0.00, real=0.01 secs] 
2014-07-08T08:20:24.927+0000: 1030.476: [GC [PSYoungGen: 260017K->1854K(253888K)] 519453K->261339K(940864K), 0.0042620 secs] [Times: user=0.02 sys=0.00, real=0.01 secs] 
2014-07-08T08:20:25.744+0000: 1031.294: [GC [PSYoungGen: 253886K->766K(246592K)] 513371K->260770K(933568K), 0.0033600 secs] [Times: user=0.02 sys=0.00, real=0.00 secs] 
2014-07-08T08:20:26.609+0000: 1032.159: [GC [PSYoungGen: 246590K->1367K(241280K)] 506594K->261420K(928256K), 0.0050480 secs] [Times: user=0.02 sys=0.00, real=0.01 secs] 
2014-07-08T08:20:27.454+0000: 1033.003: [GC [PSYoungGen: 241239K->1484K(235648K)] 501292K->261675K(922624K), 0.0045370 secs] [Times: user=0.02 sys=0.01, real=0.00 secs] 
2014-07-08T08:20:28.244+0000: 1033.794: [GC [PSYoungGen: 235596K->1270K(229824K)] 495787K->261509K(916800K), 0.0098300 secs] [Times: user=0.07 sys=0.01, real=0.01 secs] 
2014-07-08T08:20:29.047+0000: 1034.596: [GC [PSYoungGen: 229814K->1026K(224320K)] 490053K->261353K(911296K), 0.0065700 secs] [Times: user=0.03 sys=0.01, real=0.01 secs] 
2014-07-08T08:20:29.907+0000: 1035.456: [GC [PSYoungGen: 224258K->1466K(219584K)] 484585K->261904K(906560K), 0.0062850 secs] [Times: user=0.04 sys=0.01, real=0.01 secs] 
2014-07-08T08:20:30.573+0000: 1036.122: [GC [PSYoungGen: 219557K->1466K(214592K)] 479996K->261993K(901568K), 0.0035070 secs] [Times: user=0.02 sys=0.00, real=0.00 secs] 
2014-07-08T08:20:31.312+0000: 1036.862: [GC [PSYoungGen: 214527K->872K(209216K)] 475054K->261462K(896192K), 0.0058430 secs] [Times: user=0.04 sys=0.01, real=0.00 secs] 
2014-07-08T08:20:32.036+0000: 1037.586: [GC [PSYoungGen: 209171K->1040K(204800K)] 469762K->261703K(891776K), 0.0073420 secs] [Times: user=0.05 sys=0.00, real=0.01 secs] 
2014-07-08T08:20:32.841+0000: 1038.391: [GC [PSYoungGen: 204752K->1737K(201024K)] 465415K->262496K(888000K), 0.0053010 secs] [Times: user=0.03 sys=0.01, real=0.00 secs] 
2014-07-08T08:20:33.574+0000: 1039.123: [GC [PSYoungGen: 200969K->1132K(196096K)] 461728K->262221K(883072K), 0.0067740 secs] [Times: user=0.04 sys=0.00, real=0.00 secs] 
2014-07-08T08:20:34.153+0000: 1039.702: [GC [PSYoungGen: 196076K->1402K(192192K)] 457165K->262571K(879168K), 0.0066660 secs] [Times: user=0.04 sys=0.00, real=0.00 secs] 
2014-07-08T08:20:34.835+0000: 1040.385: [GC [PSYoungGen: 192156K->1498K(188288K)] 453325K->262779K(875264K), 0.0088810 secs] [Times: user=0.06 sys=0.00, real=0.01 secs] 
2014-07-08T08:20:35.467+0000: 1041.017: [GC [PSYoungGen: 188227K->1508K(225664K)] 449508K->262861K(912640K), 0.0076590 secs] [Times: user=0.04 sys=0.01, real=0.01 secs] 
2014-07-08T08:20:36.229+0000: 1041.779: [GC [PSYoungGen: 225636K->958K(219904K)] 486989K->262499K(906880K), 0.0061180 secs] [Times: user=0.04 sys=0.00, real=0.01 secs] 
2014-07-08T08:20:36.997+0000: 1042.547: [GC [PSYoungGen: 219884K->1036K(215040K)] 481424K->262649K(902016K), 0.0047520 secs] [Times: user=0.03 sys=0.00, real=0.01 secs] 
2014-07-08T08:20:37.773+0000: 1043.322: [GC [PSYoungGen: 214988K->1288K(210496K)] 476601K->262965K(897472K), 0.0060880 secs] [Times: user=0.03 sys=0.01, real=0.00 secs] 
2014-07-08T08:20:38.498+0000: 1044.047: [GC [PSYoungGen: 210432K->1730K(206272K)] 472109K->263503K(893248K), 0.0063790 secs] [Times: user=0.04 sys=0.00, real=0.01 secs] 
2014-07-08T08:20:39.166+0000: 1044.715: [GC [PSYoungGen: 206210K->751K(200768K)] 467983K->263086K(887744K), 0.0057710 secs] [Times: user=0.03 sys=0.00, real=0.00 secs] 
2014-07-08T08:20:39.903+0000: 1045.453: [GC [PSYoungGen: 200750K->1064K(196736K)] 463085K->263479K(883712K), 0.0087620 secs] [Times: user=0.06 sys=0.00, real=0.01 secs] 
2014-07-08T08:20:40.598+0000: 1046.147: [GC [PSYoungGen: 196708K->1314K(192832K)] 459124K->264017K(879808K), 0.0063840 secs] [Times: user=0.04 sys=0.00, real=0.01 secs] 
2014-07-08T08:20:41.239+0000: 1046.789: [GC [PSYoungGen: 192789K->868K(188352K)] 455493K->263651K(875328K), 0.0075300 secs] [Times: user=0.04 sys=0.00, real=0.01 secs] 
2014-07-08T08:20:41.892+0000: 1047.441: [GC [PSYoungGen: 188323K->1210K(184768K)] 451106K->264065K(871744K), 0.0031330 secs] [Times: user=0.02 sys=0.00, real=0.01 secs] 
2014-07-08T08:20:42.538+0000: 1048.087: [GC [PSYoungGen: 184762K->1096K(180928K)] 447617K->264023K(867904K), 0.0036160 secs] [Times: user=0.02 sys=0.00, real=0.00 secs] 
2014-07-08T08:20:43.148+0000: 1048.698: [GC [PSYoungGen: 180872K->1339K(177472K)] 443799K->264346K(864448K), 0.0079390 secs] [Times: user=0.05 sys=0.00, real=0.01 secs] 
2014-07-08T08:20:43.835+0000: 1049.384: [GC [PSYoungGen: 177467K->1608K(174272K)] 440474K->264679K(861248K), 0.0087200 secs] [Times: user=0.05 sys=0.00, real=0.01 secs] 
2014-07-08T08:20:44.365+0000: 1049.915: [GC [PSYoungGen: 174216K->626K(169792K)] 437287K->263793K(856768K), 0.0058450 secs] [Times: user=0.04 sys=0.00, real=0.00 secs] 
2014-07-08T08:20:44.959+0000: 1050.509: [GC [PSYoungGen: 169778K->804K(203840K)] 432945K->264043K(890816K), 0.0064420 secs] [Times: user=0.03 sys=0.00, real=0.01 secs] 
2014-07-08T08:20:45.682+0000: 1051.231: [GC [PSYoungGen: 203811K->1367K(200000K)] 467051K->264638K(886976K), 0.0064300 secs] [Times: user=0.02 sys=0.00, real=0.01 secs] 
2014-07-08T08:20:46.383+0000: 1051.933: [GC [PSYoungGen: 199959K->904K(195264K)] 463230K->264287K(882240K), 0.0055850 secs] [Times: user=0.04 sys=0.00, real=0.00 secs] 
2014-07-08T08:20:47.055+0000: 1052.605: [GC [PSYoungGen: 195184K->1281K(234560K)] 458567K->264737K(921536K), 0.0092630 secs] [Times: user=0.06 sys=0.00, real=0.01 secs] 
2014-07-08T08:20:47.875+0000: 1053.424: [GC [PSYoungGen: 234497K->990K(228736K)] 497953K->264517K(915712K), 0.0078160 secs] [Times: user=0.04 sys=0.00, real=0.00 secs] 
2014-07-08T08:20:48.690+0000: 1054.240: [GC [PSYoungGen: 228676K->1402K(274688K)] 492204K->265059K(961664K), 0.0101720 secs] [Times: user=0.06 sys=0.00, real=0.01 secs] 
2014-07-08T08:20:49.648+0000: 1055.198: [GC [PSYoungGen: 274663K->1804K(268160K)] 538321K->265542K(955136K), 0.0079180 secs] [Times: user=0.05 sys=0.00, real=0.01 secs] 
2014-07-08T08:20:50.605+0000: 1056.154: [GC [PSYoungGen: 268098K->634K(260224K)] 531835K->265093K(947200K), 0.0076160 secs] [Times: user=0.04 sys=0.00, real=0.00 secs] 
2014-07-08T08:20:51.457+0000: 1057.006: [GC [PSYoungGen: 260218K->2043K(255168K)] 524677K->266616K(942144K), 0.0079860 secs] [Times: user=0.04 sys=0.00, real=0.01 secs] 
2014-07-08T08:20:52.335+0000: 1057.885: [GC [PSYoungGen: 255163K->1072K(248000K)] 519736K->266138K(934976K), 0.0099820 secs] [Times: user=0.07 sys=0.00, real=0.01 secs] 
2014-07-08T08:20:53.212+0000: 1058.761: [GC [PSYoungGen: 247984K->1364K(242304K)] 513050K->266502K(929280K), 0.0048580 secs] [Times: user=0.02 sys=0.00, real=0.01 secs] 
2014-07-08T08:20:54.054+0000: 1059.603: [GC [PSYoungGen: 242260K->1032K(236224K)] 507398K->266225K(923200K), 0.0054420 secs] [Times: user=0.03 sys=0.00, real=0.00 secs] 
2014-07-08T08:20:54.872+0000: 1060.422: [GC [PSYoungGen: 236168K->1474K(231104K)] 501361K->266723K(918080K), 0.0083050 secs] [Times: user=0.05 sys=0.01, real=0.01 secs] 
2014-07-08T08:20:55.795+0000: 1061.344: [GC [PSYoungGen: 231042K->1602K(225856K)] 496291K->266948K(912832K), 0.0051630 secs] [Times: user=0.04 sys=0.00, real=0.00 secs] 
2014-07-08T08:20:56.452+0000: 1062.001: [GC [PSYoungGen: 225794K->1374K(220416K)] 491140K->266800K(907392K), 0.0059620 secs] [Times: user=0.04 sys=0.00, real=0.01 secs] 
2014-07-08T08:20:57.218+0000: 1062.768: [GC [PSYoungGen: 220382K->836K(214912K)] 485808K->266341K(901888K), 0.0045430 secs] [Times: user=0.03 sys=0.00, real=0.00 secs] 
2014-07-08T08:20:57.970+0000: 1063.519: [GC [PSYoungGen: 214852K->1104K(210368K)] 480357K->266714K(897344K), 0.0057440 secs] [Times: user=0.04 sys=0.00, real=0.01 secs] 
2014-07-08T08:20:58.703+0000: 1064.252: [GC [PSYoungGen: 210320K->1278K(205824K)] 475930K->266976K(892800K), 0.0040980 secs] [Times: user=0.03 sys=0.00, real=0.01 secs] 
2014-07-08T08:20:59.388+0000: 1064.937: [GC [PSYoungGen: 205815K->1242K(201344K)] 471513K->267004K(888320K), 0.0094810 secs] [Times: user=0.06 sys=0.00, real=0.01 secs] 
2014-07-08T08:21:00.092+0000: 1065.641: [GC [PSYoungGen: 201306K->972K(196736K)] 467068K->266814K(883712K), 0.0049110 secs] [Times: user=0.03 sys=0.00, real=0.01 secs] 
2014-07-08T08:21:00.789+0000: 1066.338: [GC [PSYoungGen: 196682K->1228K(192832K)] 462524K->267150K(879808K), 0.0078240 secs] [Times: user=0.05 sys=0.00, real=0.01 secs] 
2014-07-08T08:21:01.448+0000: 1066.997: [GC [PSYoungGen: 192777K->1304K(188864K)] 458699K->267298K(875840K), 0.0062150 secs] [Times: user=0.05 sys=0.00, real=0.00 secs] 
2014-07-08T08:21:02.103+0000: 1067.652: [GC [PSYoungGen: 188824K->1300K(184960K)] 454818K->267406K(871936K), 0.0043260 secs] [Times: user=0.02 sys=0.00, real=0.01 secs] 
2014-07-08T08:21:02.792+0000: 1068.341: [GC [PSYoungGen: 184891K->936K(221312K)] 450997K->267387K(908288K), 0.0128680 secs] [Times: user=0.07 sys=0.01, real=0.01 secs] 
2014-07-08T08:21:03.527+0000: 1069.077: [GC [PSYoungGen: 221288K->1674K(217024K)] 487739K->268272K(904000K), 0.0039120 secs] [Times: user=0.02 sys=0.00, real=0.00 secs] 
2014-07-08T08:21:04.250+0000: 1069.799: [GC [PSYoungGen: 216970K->812K(211264K)] 483568K->268066K(898240K), 0.0059750 secs] [Times: user=0.04 sys=0.00, real=0.01 secs] 
2014-07-08T08:21:04.977+0000: 1070.527: [GC [PSYoungGen: 211244K->872K(253440K)] 478498K->268190K(940416K), 0.0108670 secs] [Times: user=0.07 sys=0.01, real=0.01 secs] 
2014-07-08T08:21:05.863+0000: 1071.412: [GC [PSYoungGen: 253416K->882K(247232K)] 520734K->268322K(934208K), 0.0041600 secs] [Times: user=0.01 sys=0.00, real=0.01 secs] 
2014-07-08T08:21:06.757+0000: 1072.306: [GC [PSYoungGen: 247218K->1456K(241792K)] 514658K->268992K(928768K), 0.0058750 secs] [Times: user=0.04 sys=0.01, real=0.00 secs] 
2014-07-08T08:21:07.570+0000: 1073.119: [GC [PSYoungGen: 241776K->1260K(235840K)] 509312K->268868K(922816K), 0.0041780 secs] [Times: user=0.02 sys=0.00, real=0.00 secs] 
2014-07-08T08:21:08.377+0000: 1073.926: [GC [PSYoungGen: 235820K->1470K(230464K)] 503428K->269166K(917440K), 0.0125220 secs] [Times: user=0.08 sys=0.01, real=0.02 secs] 
2014-07-08T08:21:09.259+0000: 1074.809: [GC [PSYoungGen: 230421K->1008K(224640K)] 498117K->268866K(911616K), 0.0056300 secs] [Times: user=0.02 sys=0.00, real=0.00 secs] 
2014-07-08T08:21:10.002+0000: 1075.551: [GC [PSYoungGen: 224591K->1286K(219776K)] 492449K->269208K(906752K), 0.0038360 secs] [Times: user=0.01 sys=0.00, real=0.00 secs] 
2014-07-08T08:21:10.865+0000: 1076.414: [GC [PSYoungGen: 219718K->1406K(214848K)] 487640K->269574K(901824K), 0.0050690 secs] [Times: user=0.03 sys=0.00, real=0.01 secs] 
2014-07-08T08:21:11.487+0000: 1077.036: [GC [PSYoungGen: 214846K->1440K(210112K)] 483014K->269696K(897088K), 0.0060170 secs] [Times: user=0.04 sys=0.00, real=0.01 secs] 
2014-07-08T08:21:12.203+0000: 1077.752: [GC [PSYoungGen: 210046K->875K(204928K)] 478302K->269552K(891904K), 0.0045600 secs] [Times: user=0.03 sys=0.00, real=0.01 secs] 
2014-07-08T08:21:12.923+0000: 1078.472: [GC [PSYoungGen: 204891K->1017K(200576K)] 473569K->269758K(887552K), 0.0100420 secs] [Times: user=0.05 sys=0.00, real=0.01 secs] 
2014-07-08T08:21:13.648+0000: 1079.197: [GC [PSYoungGen: 200532K->1523K(196736K)] 469274K->270474K(883712K), 0.0051960 secs] [Times: user=0.03 sys=0.00, real=0.00 secs] 
2014-07-08T08:21:14.295+0000: 1079.845: [GC [PSYoungGen: 196723K->1352K(192448K)] 465674K->270398K(879424K), 0.0052700 secs] [Times: user=0.02 sys=0.00, real=0.01 secs] 
2014-07-08T08:21:15.034+0000: 1080.583: [GC [PSYoungGen: 192342K->830K(187840K)] 461389K->270368K(874816K), 0.0071200 secs] [Times: user=0.04 sys=0.00, real=0.01 secs] 
2014-07-08T08:21:15.755+0000: 1081.304: [GC [PSYoungGen: 187838K->1488K(184640K)] 457376K->271058K(871616K), 0.0050410 secs] [Times: user=0.02 sys=0.00, real=0.01 secs] 
2014-07-08T08:21:16.255+0000: 1081.805: [GC [PSYoungGen: 184592K->1225K(221056K)] 454162K->270968K(908032K), 0.0166000 secs] [Times: user=0.11 sys=0.00, real=0.02 secs] 
2014-07-08T08:21:17.026+0000: 1082.576: [GC [PSYoungGen: 221001K->1058K(262656K)] 490744K->270857K(949632K), 0.0087700 secs] [Times: user=0.05 sys=0.00, real=0.01 secs] 
2014-07-08T08:21:17.928+0000: 1083.478: [GC [PSYoungGen: 261922K->1370K(265536K)] 531721K->271233K(952512K), 0.0035570 secs] [Times: user=0.02 sys=0.00, real=0.00 secs] 
2014-07-08T08:21:18.878+0000: 1084.427: [GC [PSYoungGen: 265114K->908K(258048K)] 534977K->270818K(945024K), 0.0037160 secs] [Times: user=0.01 sys=0.00, real=0.01 secs] 
2014-07-08T08:21:19.825+0000: 1085.375: [GC [PSYoungGen: 257995K->880K(251584K)] 527906K->271355K(938560K), 0.0051540 secs] [Times: user=0.02 sys=0.00, real=0.01 secs] 
2014-07-08T08:21:20.796+0000: 1086.345: [GC [PSYoungGen: 251542K->1790K(246336K)] 522017K->272785K(933312K), 0.0134670 secs] [Times: user=0.08 sys=0.00, real=0.02 secs] 
2014-07-08T08:21:21.555+0000: 1087.104: [GC [PSYoungGen: 246334K->958K(239552K)] 517329K->272729K(926528K), 0.0081370 secs] [Times: user=0.05 sys=0.00, real=0.01 secs] 
2014-07-08T08:21:22.350+0000: 1087.899: [GC [PSYoungGen: 239546K->1824K(262592K)] 511318K->273807K(949568K), 0.0151340 secs] [Times: user=0.11 sys=0.00, real=0.01 secs] 
2014-07-08T08:21:23.260+0000: 1088.809: [GC [PSYoungGen: 262240K->1160K(288576K)] 534223K->273845K(975552K), 0.0063640 secs] [Times: user=0.04 sys=0.00, real=0.00 secs] 
2014-07-08T08:21:24.270+0000: 1089.819: [GC [PSYoungGen: 287496K->954K(279808K)] 560181K->273703K(966784K), 0.0051560 secs] [Times: user=0.03 sys=0.01, real=0.00 secs] 
2014-07-08T08:21:25.222+0000: 1090.771: [GC [PSYoungGen: 279731K->1153K(272832K)] 552480K->273974K(959808K), 0.0055060 secs] [Times: user=0.04 sys=0.00, real=0.00 secs] 
2014-07-08T08:21:26.251+0000: 1091.801: [GC [PSYoungGen: 272769K->1114K(265856K)] 545590K->274015K(952832K), 0.0036000 secs] [Times: user=0.01 sys=0.01, real=0.00 secs] 
2014-07-08T08:21:27.128+0000: 1092.678: [GC [PSYoungGen: 265816K->1154K(259264K)] 538717K->274111K(946240K), 0.0112640 secs] [Times: user=0.06 sys=0.00, real=0.01 secs] 
2014-07-08T08:21:27.999+0000: 1093.549: [GC [PSYoungGen: 259169K->1274K(252928K)] 532127K->274311K(939904K), 0.0054420 secs] [Times: user=0.02 sys=0.00, real=0.01 secs] 
2014-07-08T08:21:28.887+0000: 1094.436: [GC [PSYoungGen: 252922K->918K(246400K)] 525959K->274003K(933376K), 0.0111470 secs] [Times: user=0.06 sys=0.00, real=0.01 secs] 
2014-07-08T08:21:29.751+0000: 1095.300: [GC [PSYoungGen: 246358K->1318K(240832K)] 519443K->274499K(927808K), 0.0057500 secs] [Times: user=0.04 sys=0.01, real=0.00 secs] 
2014-07-08T08:21:30.587+0000: 1096.137: [GC [PSYoungGen: 240788K->1656K(235392K)] 513970K->274886K(922368K), 0.0033830 secs] [Times: user=0.01 sys=0.00, real=0.01 secs] 
2014-07-08T08:21:31.504+0000: 1097.053: [GC [PSYoungGen: 235384K->1492K(229760K)] 508614K->274793K(916736K), 0.0036230 secs] [Times: user=0.02 sys=0.00, real=0.00 secs] 
2014-07-08T08:21:32.170+0000: 1097.720: [GC [PSYoungGen: 229716K->958K(223872K)] 503017K->274463K(910848K), 0.0052190 secs] [Times: user=0.04 sys=0.00, real=0.00 secs] 
2014-07-08T08:21:32.961+0000: 1098.510: [GC [PSYoungGen: 223870K->1032K(218880K)] 497375K->274625K(905856K), 0.0062650 secs] [Times: user=0.03 sys=0.00, real=0.00 secs] 
2014-07-08T08:21:33.727+0000: 1099.276: [GC [PSYoungGen: 218824K->1332K(214208K)] 492417K->274981K(901184K), 0.0124370 secs] [Times: user=0.09 sys=0.00, real=0.01 secs] 
2014-07-08T08:21:34.463+0000: 1100.013: [GC [PSYoungGen: 214141K->1480K(209600K)] 487790K->275225K(896576K), 0.0040050 secs] [Times: user=0.02 sys=0.00, real=0.00 secs] 
2014-07-08T08:21:35.178+0000: 1100.727: [GC [PSYoungGen: 209544K->1004K(204480K)] 483289K->274845K(891456K), 0.0053000 secs] [Times: user=0.03 sys=0.00, real=0.01 secs] 
2014-07-08T08:21:35.924+0000: 1101.474: [GC [PSYoungGen: 204445K->1622K(200640K)] 478286K->275519K(887616K), 0.0072690 secs] [Times: user=0.04 sys=0.00, real=0.01 secs] 
2014-07-08T08:21:36.592+0000: 1102.141: [GC [PSYoungGen: 200598K->1196K(195904K)] 474495K->275149K(882880K), 0.0086730 secs] [Times: user=0.05 sys=0.00, real=0.00 secs] 
2014-07-08T08:21:37.255+0000: 1102.804: [GC [PSYoungGen: 195864K->890K(191424K)] 469817K->274931K(878400K), 0.0061270 secs] [Times: user=0.03 sys=0.00, real=0.01 secs] 
2014-07-08T08:21:37.974+0000: 1103.523: [GC [PSYoungGen: 191418K->1546K(188096K)] 465459K->275651K(875072K), 0.0040690 secs] [Times: user=0.01 sys=0.01, real=0.00 secs] 
2014-07-08T08:21:38.597+0000: 1104.147: [GC [PSYoungGen: 188042K->1452K(184064K)] 462147K->275614K(871040K), 0.0049520 secs] [Times: user=0.03 sys=0.00, real=0.01 secs] 
2014-07-08T08:21:39.217+0000: 1104.766: [GC [PSYoungGen: 184044K->954K(179776K)] 458205K->275219K(866752K), 0.0077730 secs] [Times: user=0.05 sys=0.00, real=0.01 secs] 
2014-07-08T08:21:39.820+0000: 1105.369: [GC [PSYoungGen: 179770K->1236K(176448K)] 454035K->275613K(863424K), 0.0053690 secs] [Times: user=0.04 sys=0.00, real=0.01 secs] 
2014-07-08T08:21:40.431+0000: 1105.980: [GC [PSYoungGen: 176363K->1660K(173312K)] 450740K->276160K(860288K), 0.0039040 secs] [Times: user=0.02 sys=0.00, real=0.01 secs] 
2014-07-08T08:21:41.075+0000: 1106.624: [GC [PSYoungGen: 173288K->1417K(169728K)] 447788K->276012K(856704K), 0.0038080 secs] [Times: user=0.02 sys=0.00, real=0.00 secs] 
2014-07-08T08:21:41.631+0000: 1107.181: [GC [PSYoungGen: 169673K->864K(165888K)] 444268K->276027K(852864K), 0.0066700 secs] [Times: user=0.04 sys=0.00, real=0.01 secs] 
2014-07-08T08:21:42.180+0000: 1107.729: [GC [PSYoungGen: 165856K->1186K(163008K)] 441019K->276429K(849984K), 0.0043350 secs] [Times: user=0.02 sys=0.01, real=0.01 secs] 
2014-07-08T08:21:42.774+0000: 1108.324: [GC [PSYoungGen: 162978K->1452K(160192K)] 438221K->277132K(847168K), 0.0037670 secs] [Times: user=0.02 sys=0.00, real=0.00 secs] 
2014-07-08T08:21:43.316+0000: 1108.865: [GC [PSYoungGen: 160172K->1508K(157248K)] 435852K->277284K(844224K), 0.0041320 secs] [Times: user=0.03 sys=0.00, real=0.00 secs] 
2014-07-08T08:21:43.909+0000: 1109.458: [GC [PSYoungGen: 157220K->886K(153728K)] 432996K->277561K(840704K), 0.0049060 secs] [Times: user=0.03 sys=0.00, real=0.01 secs] 
2014-07-08T08:21:44.370+0000: 1109.920: [GC [PSYoungGen: 153688K->1534K(151552K)] 430362K->278273K(838528K), 0.0061200 secs] [Times: user=0.04 sys=0.00, real=0.01 secs] 
2014-07-08T08:21:44.903+0000: 1110.452: [GC [PSYoungGen: 151550K->786K(148096K)] 428289K->277816K(835072K), 0.0037510 secs] [Times: user=0.02 sys=0.00, real=0.00 secs] 
2014-07-08T08:21:45.388+0000: 1110.938: [GC [PSYoungGen: 148040K->1218K(145920K)] 425071K->278304K(832896K), 0.0063470 secs] [Times: user=0.03 sys=0.00, real=0.01 secs] 
2014-07-08T08:21:45.959+0000: 1111.509: [GC [PSYoungGen: 145858K->1846K(175424K)] 422944K->279004K(862400K), 0.0160920 secs] [Times: user=0.10 sys=0.00, real=0.02 secs] 
2014-07-08T08:21:46.489+0000: 1112.039: [GC [PSYoungGen: 175414K->1268K(209600K)] 452572K->278490K(896576K), 0.0062760 secs] [Times: user=0.02 sys=0.00, real=0.01 secs] 
2014-07-08T08:21:47.213+0000: 1112.762: [GC [PSYoungGen: 209588K->1072K(251072K)] 486810K->278350K(938048K), 0.0040810 secs] [Times: user=0.02 sys=0.00, real=0.01 secs] 
2014-07-08T08:21:48.082+0000: 1113.632: [GC [PSYoungGen: 251055K->1022K(263296K)] 528334K->278380K(950272K), 0.0062670 secs] [Times: user=0.03 sys=0.00, real=0.01 secs] 
2014-07-08T08:21:49.055+0000: 1114.604: [GC [PSYoungGen: 262257K->1366K(256128K)] 539615K->278813K(943104K), 0.0065340 secs] [Times: user=0.04 sys=0.00, real=0.00 secs] 
2014-07-08T08:21:49.909+0000: 1115.458: [GC [PSYoungGen: 256011K->1307K(249792K)] 533457K->278801K(936768K), 0.0033460 secs] [Times: user=0.01 sys=0.00, real=0.00 secs] 
2014-07-08T08:21:50.769+0000: 1116.318: [GC [PSYoungGen: 249755K->1266K(243648K)] 527249K->278898K(930624K), 0.0138270 secs] [Times: user=0.09 sys=0.00, real=0.01 secs] 
2014-07-08T08:21:51.622+0000: 1117.172: [GC [PSYoungGen: 243621K->1546K(238144K)] 521253K->279242K(925120K), 0.0038710 secs] [Times: user=0.02 sys=0.00, real=0.01 secs] 
2014-07-08T08:21:52.436+0000: 1117.985: [GC [PSYoungGen: 238090K->890K(231808K)] 515786K->278634K(918784K), 0.0073430 secs] [Times: user=0.04 sys=0.00, real=0.01 secs] 
2014-07-08T08:21:53.244+0000: 1118.794: [GC [PSYoungGen: 231802K->1346K(226880K)] 509546K->279155K(913856K), 0.0074380 secs] [Times: user=0.05 sys=0.01, real=0.00 secs] 
2014-07-08T08:21:54.037+0000: 1119.587: [GC [PSYoungGen: 226818K->1686K(221952K)] 504627K->279608K(908928K), 0.0044710 secs] [Times: user=0.02 sys=0.00, real=0.00 secs] 
2014-07-08T08:21:54.907+0000: 1120.456: [GC [PSYoungGen: 221910K->1252K(216448K)] 499832K->279254K(903424K), 0.0079790 secs] [Times: user=0.05 sys=0.01, real=0.01 secs] 
2014-07-08T08:21:55.555+0000: 1121.105: [GC [PSYoungGen: 216420K->1010K(211328K)] 494422K->279519K(898304K), 0.0062110 secs] [Times: user=0.04 sys=0.00, real=0.00 secs] 
2014-07-08T08:21:56.275+0000: 1121.825: [GC [PSYoungGen: 211278K->886K(206528K)] 489786K->279458K(893504K), 0.0080100 secs] [Times: user=0.05 sys=0.00, real=0.00 secs] 
2014-07-08T08:21:56.998+0000: 1122.548: [GC [PSYoungGen: 206480K->1007K(202112K)] 485052K->279691K(889088K), 0.0061650 secs] [Times: user=0.04 sys=0.00, real=0.01 secs] 
2014-07-08T08:21:57.727+0000: 1123.276: [GC [PSYoungGen: 202095K->1296K(198080K)] 480779K->280036K(885056K), 0.0038410 secs] [Times: user=0.01 sys=0.00, real=0.00 secs] 
2014-07-08T08:21:58.380+0000: 1123.929: [GC [PSYoungGen: 198032K->1218K(193792K)] 476772K->280014K(880768K), 0.0035040 secs] [Times: user=0.02 sys=0.00, real=0.00 secs] 
2014-07-08T08:21:59.054+0000: 1124.604: [GC [PSYoungGen: 193689K->1161K(189632K)] 472485K->280037K(876608K), 0.0050490 secs] [Times: user=0.03 sys=0.00, real=0.00 secs] 
2014-07-08T08:21:59.771+0000: 1125.320: [GC [PSYoungGen: 189577K->1274K(185728K)] 468453K->280489K(872704K), 0.0042220 secs] [Times: user=0.02 sys=0.00, real=0.01 secs] 
2014-07-08T08:22:00.370+0000: 1125.919: [GC [PSYoungGen: 185675K->1174K(181824K)] 464889K->280437K(868800K), 0.0042830 secs] [Times: user=0.02 sys=0.01, real=0.00 secs] 
2014-07-08T08:22:01.001+0000: 1126.551: [GC [PSYoungGen: 181751K->1072K(177984K)] 461013K->280438K(864960K), 0.0095810 secs] [Times: user=0.06 sys=0.00, real=0.01 secs] 
2014-07-08T08:22:01.627+0000: 1127.176: [GC [PSYoungGen: 177968K->1068K(174400K)] 457334K->280482K(861376K), 0.0075990 secs] [Times: user=0.03 sys=0.00, real=0.00 secs] 
2014-07-08T08:22:02.229+0000: 1127.778: [GC [PSYoungGen: 174380K->1424K(171328K)] 453794K->280927K(858304K), 0.0069560 secs] [Times: user=0.04 sys=0.00, real=0.01 secs] 
2014-07-08T08:22:02.859+0000: 1128.408: [GC [PSYoungGen: 171280K->1424K(168000K)] 450783K->281031K(854976K), 0.0066800 secs] [Times: user=0.04 sys=0.00, real=0.01 secs] 
2014-07-08T08:22:03.406+0000: 1128.955: [GC [PSYoungGen: 167942K->804K(200704K)] 447549K->280482K(887680K), 0.0074560 secs] [Times: user=0.05 sys=0.00, real=0.00 secs] 
2014-07-08T08:22:04.094+0000: 1129.644: [GC [PSYoungGen: 200676K->1158K(241088K)] 480354K->280908K(928064K), 0.0065660 secs] [Times: user=0.04 sys=0.01, real=0.01 secs] 
2014-07-08T08:22:04.938+0000: 1130.487: [GC [PSYoungGen: 241030K->818K(234944K)] 520780K->280664K(921920K), 0.0059880 secs] [Times: user=0.03 sys=0.00, real=0.00 secs] 
2014-07-08T08:22:05.788+0000: 1131.337: [GC [PSYoungGen: 234930K->1854K(230400K)] 514776K->281797K(917376K), 0.0072160 secs] [Times: user=0.04 sys=0.00, real=0.01 secs] 
2014-07-08T08:22:06.594+0000: 1132.143: [GC [PSYoungGen: 230398K->1064K(224320K)] 510340K->281244K(911296K), 0.0050560 secs] [Times: user=0.02 sys=0.00, real=0.01 secs] 
2014-07-08T08:22:07.315+0000: 1132.864: [GC [PSYoungGen: 224296K->1118K(269056K)] 504476K->281330K(956032K), 0.0175540 secs] [Times: user=0.10 sys=0.00, real=0.02 secs] 
2014-07-08T08:22:08.264+0000: 1133.814: [GC [PSYoungGen: 268974K->1218K(284352K)] 549187K->281534K(971328K), 0.0047850 secs] [Times: user=0.02 sys=0.00, real=0.01 secs] 
2014-07-08T08:22:09.250+0000: 1134.799: [GC [PSYoungGen: 283778K->1158K(276416K)] 564094K->281538K(963392K), 0.0062250 secs] [Times: user=0.04 sys=0.00, real=0.01 secs] 
2014-07-08T08:22:10.229+0000: 1135.778: [GC [PSYoungGen: 276358K->766K(268864K)] 556738K->281552K(955840K), 0.0087240 secs] [Times: user=0.06 sys=0.01, real=0.01 secs] 
2014-07-08T08:22:11.151+0000: 1136.700: [GC [PSYoungGen: 268862K->1268K(262592K)] 549648K->282110K(949568K), 0.0053260 secs] [Times: user=0.03 sys=0.00, real=0.01 secs] 
2014-07-08T08:22:12.080+0000: 1137.629: [GC [PSYoungGen: 262580K->1154K(256000K)] 543422K->282216K(942976K), 0.0061040 secs] [Times: user=0.04 sys=0.00, real=0.00 secs] 
2014-07-08T08:22:12.964+0000: 1138.513: [GC [PSYoungGen: 255916K->1572K(250112K)] 536979K->282699K(937088K), 0.0098340 secs] [Times: user=0.06 sys=0.00, real=0.01 secs] 
2014-07-08T08:22:13.830+0000: 1139.379: [GC [PSYoungGen: 250069K->672K(243136K)] 531195K->282437K(930112K), 0.0052430 secs] [Times: user=0.03 sys=0.00, real=0.00 secs] 
2014-07-08T08:22:14.691+0000: 1140.240: [GC [PSYoungGen: 243074K->1664K(238336K)] 524839K->283485K(925312K), 0.0066840 secs] [Times: user=0.04 sys=0.00, real=0.01 secs] 
2014-07-08T08:22:15.495+0000: 1141.045: [GC [PSYoungGen: 238272K->954K(231936K)] 520093K->283129K(918912K), 0.0080750 secs] [Times: user=0.06 sys=0.00, real=0.01 secs] 
2014-07-08T08:22:16.334+0000: 1141.883: [GC [PSYoungGen: 231930K->1826K(227392K)] 514105K->284065K(914368K), 0.0049970 secs] [Times: user=0.03 sys=0.00, real=0.01 secs] 
2014-07-08T08:22:17.209+0000: 1142.758: [GC [PSYoungGen: 227335K->936K(221248K)] 509574K->283769K(908224K), 0.0064070 secs] [Times: user=0.04 sys=0.00, real=0.00 secs] 
2014-07-08T08:22:17.950+0000: 1143.499: [GC [PSYoungGen: 221224K->1596K(216832K)] 504057K->284533K(903808K), 0.0034990 secs] [Times: user=0.02 sys=0.00, real=0.00 secs] 
2014-07-08T08:22:18.643+0000: 1144.192: [GC [PSYoungGen: 216828K->1410K(211840K)] 499765K->284839K(898816K), 0.0120740 secs] [Times: user=0.07 sys=0.00, real=0.01 secs] 
2014-07-08T08:22:19.341+0000: 1144.890: [GC [PSYoungGen: 211778K->1022K(206720K)] 495207K->284531K(893696K), 0.0049440 secs] [Times: user=0.02 sys=0.00, real=0.00 secs] 
2014-07-08T08:22:20.071+0000: 1145.620: [GC [PSYoungGen: 206673K->1096K(202304K)] 490182K->284677K(889280K), 0.0056300 secs] [Times: user=0.03 sys=0.01, real=0.00 secs] 
2014-07-08T08:22:20.789+0000: 1146.338: [GC [PSYoungGen: 202248K->1670K(198528K)] 485829K->285323K(885504K), 0.0047670 secs] [Times: user=0.03 sys=0.00, real=0.00 secs] 
2014-07-08T08:22:21.534+0000: 1147.083: [GC [PSYoungGen: 198470K->1150K(193728K)] 482123K->285077K(880704K), 0.0045850 secs] [Times: user=0.02 sys=0.00, real=0.01 secs] 
2014-07-08T08:22:22.109+0000: 1147.658: [GC [PSYoungGen: 193726K->904K(189440K)] 477653K->284903K(876416K), 0.0056230 secs] [Times: user=0.03 sys=0.00, real=0.00 secs] 
2014-07-08T08:22:22.860+0000: 1148.410: [GC [PSYoungGen: 189384K->1584K(186112K)] 473383K->285761K(873088K), 0.0037450 secs] [Times: user=0.02 sys=0.00, real=0.00 secs] 
2014-07-08T08:22:23.413+0000: 1148.962: [GC [PSYoungGen: 186096K->1054K(181760K)] 470273K->285279K(868736K), 0.0095110 secs] [Times: user=0.06 sys=0.00, real=0.01 secs] 
2014-07-08T08:22:24.036+0000: 1149.585: [GC [PSYoungGen: 181726K->1241K(218112K)] 465951K->285522K(905088K), 0.0104040 secs] [Times: user=0.07 sys=0.00, real=0.01 secs] 
2014-07-08T08:22:24.879+0000: 1150.429: [GC [PSYoungGen: 218050K->1851K(213760K)] 502331K->286204K(900736K), 0.0047400 secs] [Times: user=0.03 sys=0.01, real=0.00 secs] 
2014-07-08T08:22:25.528+0000: 1151.077: [GC [PSYoungGen: 213755K->886K(208064K)] 498108K->286024K(895040K), 0.0040270 secs] [Times: user=0.02 sys=0.00, real=0.00 secs] 
2014-07-08T08:22:26.245+0000: 1151.794: [GC [PSYoungGen: 208047K->1431K(250112K)] 493185K->286633K(937088K), 0.0108570 secs] [Times: user=0.07 sys=0.00, real=0.01 secs] 
2014-07-08T08:22:27.090+0000: 1152.639: [GC [PSYoungGen: 250071K->840K(243456K)] 535273K->286228K(930432K), 0.0040620 secs] [Times: user=0.02 sys=0.00, real=0.00 secs] 
2014-07-08T08:22:27.945+0000: 1153.494: [GC [PSYoungGen: 243390K->1196K(267904K)] 528778K->286608K(954880K), 0.0147680 secs] [Times: user=0.08 sys=0.00, real=0.02 secs] 
2014-07-08T08:22:29.000+0000: 1154.549: [GC [PSYoungGen: 266988K->1802K(260928K)] 552400K->287286K(947904K), 0.0061970 secs] [Times: user=0.03 sys=0.00, real=0.00 secs] 
2014-07-08T08:22:29.826+0000: 1155.375: [GC [PSYoungGen: 260874K->1346K(254016K)] 546358K->286894K(940992K), 0.0079970 secs] [Times: user=0.05 sys=0.00, real=0.01 secs] 
2014-07-08T08:22:30.645+0000: 1156.195: [GC [PSYoungGen: 253953K->1136K(291200K)] 539501K->286788K(978176K), 0.0139990 secs] [Times: user=0.08 sys=0.00, real=0.02 secs] 
2014-07-08T08:22:31.811+0000: 1157.361: [GC [PSYoungGen: 291184K->1470K(283904K)] 576836K->287226K(970880K), 0.0066400 secs] [Times: user=0.05 sys=0.00, real=0.00 secs] 
2014-07-08T08:22:32.692+0000: 1158.241: [GC [PSYoungGen: 283902K->630K(275712K)] 569658K->286926K(962688K), 0.0062670 secs] [Times: user=0.03 sys=0.00, real=0.00 secs] 
2014-07-08T08:22:33.691+0000: 1159.241: [GC [PSYoungGen: 275702K->1962K(270016K)] 561998K->288434K(956992K), 0.0074540 secs] [Times: user=0.04 sys=0.00, real=0.00 secs] 
2014-07-08T08:22:34.564+0000: 1160.114: [GC [PSYoungGen: 269994K->1388K(262656K)] 556466K->288412K(949632K), 0.0059250 secs] [Times: user=0.04 sys=0.00, real=0.01 secs] 
2014-07-08T08:22:35.468+0000: 1161.017: [GC [PSYoungGen: 262636K->1236K(256000K)] 549660K->288356K(942976K), 0.0068620 secs] [Times: user=0.04 sys=0.00, real=0.01 secs] 
2014-07-08T08:22:36.355+0000: 1161.904: [GC [PSYoungGen: 255956K->1234K(249728K)] 543076K->288403K(936704K), 0.0043780 secs] [Times: user=0.02 sys=0.00, real=0.00 secs] 
2014-07-08T08:22:37.230+0000: 1162.779: [GC [PSYoungGen: 249682K->1136K(243520K)] 536851K->288392K(930496K), 0.0075050 secs] [Times: user=0.04 sys=0.00, real=0.01 secs] 
2014-07-08T08:22:38.063+0000: 1163.612: [GC [PSYoungGen: 243504K->1250K(237824K)] 530760K->288602K(924800K), 0.0064450 secs] [Times: user=0.04 sys=0.00, real=0.00 secs] 
2014-07-08T08:22:38.909+0000: 1164.458: [GC [PSYoungGen: 237794K->1232K(232192K)] 525146K->288656K(919168K), 0.0041730 secs] [Times: user=0.02 sys=0.00, real=0.01 secs] 
2014-07-08T08:22:39.787+0000: 1165.336: [GC [PSYoungGen: 232144K->1608K(227136K)] 519568K->289088K(914112K), 0.0084370 secs] [Times: user=0.05 sys=0.00, real=0.01 secs] 
2014-07-08T08:22:40.485+0000: 1166.035: [GC [PSYoungGen: 227080K->1282K(221568K)] 514560K->288818K(908544K), 0.0072420 secs] [Times: user=0.04 sys=0.01, real=0.01 secs] 
2014-07-08T08:22:41.244+0000: 1166.794: [GC [PSYoungGen: 221506K->1208K(216384K)] 509042K->288824K(903360K), 0.0113450 secs] [Times: user=0.09 sys=0.00, real=0.01 secs] 
2014-07-08T08:22:42.013+0000: 1167.562: [GC [PSYoungGen: 216376K->850K(211200K)] 503992K->288538K(898176K), 0.0034670 secs] [Times: user=0.02 sys=0.00, real=0.00 secs] 
2014-07-08T08:22:42.769+0000: 1168.318: [GC [PSYoungGen: 211122K->1356K(253824K)] 498810K->289100K(940800K), 0.0130260 secs] [Times: user=0.08 sys=0.01, real=0.02 secs] 
2014-07-08T08:22:43.617+0000: 1169.167: [GC [PSYoungGen: 253772K->1801K(248064K)] 541516K->289634K(935040K), 0.0037430 secs] [Times: user=0.02 sys=0.00, real=0.01 secs] 
2014-07-08T08:22:44.450+0000: 1169.999: [GC [PSYoungGen: 248009K->894K(241152K)] 535842K->289248K(928128K), 0.0047070 secs] [Times: user=0.02 sys=0.00, real=0.01 secs] 
2014-07-08T08:22:45.352+0000: 1170.902: [GC [PSYoungGen: 241122K->1462K(235968K)] 529477K->289897K(922944K), 0.0038600 secs] [Times: user=0.02 sys=0.00, real=0.00 secs] 
2014-07-08T08:22:46.108+0000: 1171.658: [GC [PSYoungGen: 235958K->1082K(230016K)] 524393K->289670K(916992K), 0.0058980 secs] [Times: user=0.04 sys=0.00, real=0.01 secs] 
2014-07-08T08:22:46.987+0000: 1172.537: [GC [PSYoungGen: 229928K->1592K(225152K)] 518516K->290261K(912128K), 0.0036490 secs] [Times: user=0.02 sys=0.00, real=0.00 secs] 
2014-07-08T08:22:47.717+0000: 1173.266: [GC [PSYoungGen: 225144K->1410K(219840K)] 513813K->290167K(906816K), 0.0070750 secs] [Times: user=0.04 sys=0.01, real=0.01 secs] 
2014-07-08T08:22:48.459+0000: 1174.009: [GC [PSYoungGen: 219778K->1004K(214400K)] 508535K->289816K(901376K), 0.0075400 secs] [Times: user=0.05 sys=0.00, real=0.01 secs] 
2014-07-08T08:22:49.201+0000: 1174.751: [GC [PSYoungGen: 214380K->1096K(209728K)] 503192K->290020K(896704K), 0.0053400 secs] [Times: user=0.03 sys=0.00, real=0.01 secs] 
2014-07-08T08:22:49.951+0000: 1175.500: [GC [PSYoungGen: 209672K->1302K(205312K)] 498596K->290315K(892288K), 0.0060710 secs] [Times: user=0.03 sys=0.00, real=0.01 secs] 
2014-07-08T08:22:50.650+0000: 1176.200: [GC [PSYoungGen: 205269K->1252K(200768K)] 494282K->290361K(887744K), 0.0055320 secs] [Times: user=0.04 sys=0.00, real=0.01 secs] 
2014-07-08T08:22:51.371+0000: 1176.920: [GC [PSYoungGen: 200676K->1427K(196672K)] 489785K->290608K(883648K), 0.0035980 secs] [Times: user=0.01 sys=0.00, real=0.01 secs] 
2014-07-08T08:22:52.082+0000: 1177.631: [GC [PSYoungGen: 196627K->1004K(192064K)] 485808K->290296K(879040K), 0.0040020 secs] [Times: user=0.02 sys=0.00, real=0.01 secs] 
2014-07-08T08:22:52.703+0000: 1178.252: [GC [PSYoungGen: 192044K->1478K(188544K)] 481336K->290811K(875520K), 0.0043490 secs] [Times: user=0.02 sys=0.00, real=0.01 secs] 
2014-07-08T08:22:53.315+0000: 1178.864: [GC [PSYoungGen: 188484K->1200K(184320K)] 477817K->290753K(871296K), 0.0054110 secs] [Times: user=0.02 sys=0.00, real=0.00 secs] 
2014-07-08T08:22:53.956+0000: 1179.506: [GC [PSYoungGen: 184304K->940K(220736K)] 473857K->290541K(907712K), 0.0153700 secs] [Times: user=0.10 sys=0.00, real=0.01 secs] 
2014-07-08T08:22:54.729+0000: 1180.279: [GC [PSYoungGen: 220716K->1367K(265152K)] 510317K->291024K(952128K), 0.0119420 secs] [Times: user=0.08 sys=0.00, real=0.01 secs] 
2014-07-08T08:22:55.652+0000: 1181.201: [GC [PSYoungGen: 265111K->1442K(269952K)] 554768K->291163K(956928K), 0.0041540 secs] [Times: user=0.02 sys=0.00, real=0.01 secs] 
2014-07-08T08:22:56.576+0000: 1182.125: [GC [PSYoungGen: 269538K->1104K(318464K)] 559259K->290881K(1005440K), 0.0094730 secs] [Times: user=0.07 sys=0.00, real=0.01 secs] 
2014-07-08T08:22:57.679+0000: 1183.228: [GC [PSYoungGen: 317712K->1542K(309504K)] 607489K->291383K(996480K), 0.0060390 secs] [Times: user=0.03 sys=0.00, real=0.01 secs] 
2014-07-08T08:22:58.780+0000: 1184.329: [GC [PSYoungGen: 309392K->242K(299840K)] 599233K->291538K(986816K), 0.0057490 secs] [Times: user=0.04 sys=0.00, real=0.01 secs] 
2014-07-08T08:22:59.833+0000: 1185.383: [GC [PSYoungGen: 299826K->1956K(293568K)] 591122K->293357K(980544K), 0.0063200 secs] [Times: user=0.04 sys=0.01, real=0.01 secs] 
2014-07-08T08:23:00.849+0000: 1186.398: [GC [PSYoungGen: 293540K->1335K(285248K)] 584941K->293574K(972224K), 0.0046090 secs] [Times: user=0.03 sys=0.00, real=0.00 secs] 
2014-07-08T08:23:01.818+0000: 1187.367: [GC [PSYoungGen: 285239K->1040K(277568K)] 577478K->293343K(964544K), 0.0050480 secs] [Times: user=0.03 sys=0.00, real=0.00 secs] 
2014-07-08T08:23:02.860+0000: 1188.410: [GC [PSYoungGen: 277495K->1656K(271040K)] 569798K->294039K(958016K), 0.0034370 secs] [Times: user=0.02 sys=0.00, real=0.00 secs] 
2014-07-08T08:23:03.716+0000: 1189.266: [GC [PSYoungGen: 271032K->1644K(264192K)] 563415K->294091K(951168K), 0.0069710 secs] [Times: user=0.04 sys=0.01, real=0.00 secs] 
2014-07-08T08:23:04.633+0000: 1190.182: [GC [PSYoungGen: 264142K->936K(256896K)] 556589K->293895K(943872K), 0.0059710 secs] [Times: user=0.04 sys=0.00, real=0.01 secs] 
2014-07-08T08:23:05.531+0000: 1191.080: [GC [PSYoungGen: 256851K->1474K(251136K)] 549810K->294481K(938112K), 0.0078720 secs] [Times: user=0.02 sys=0.00, real=0.01 secs] 
2014-07-08T08:23:06.402+0000: 1191.952: [GC [PSYoungGen: 251074K->854K(244416K)] 544081K->294107K(931392K), 0.0076630 secs] [Times: user=0.04 sys=0.01, real=0.01 secs] 
2014-07-08T08:23:07.245+0000: 1192.794: [GC [PSYoungGen: 244374K->1318K(238976K)] 537627K->294651K(925952K), 0.0102340 secs] [Times: user=0.06 sys=0.00, real=0.02 secs] 
2014-07-08T08:23:08.099+0000: 1193.648: [GC [PSYoungGen: 238950K->940K(232896K)] 532283K->294329K(919872K), 0.0039480 secs] [Times: user=0.02 sys=0.00, real=0.00 secs] 
2014-07-08T08:23:08.931+0000: 1194.480: [GC [PSYoungGen: 232865K->1282K(227840K)] 526254K->294743K(914816K), 0.0075380 secs] [Times: user=0.05 sys=0.00, real=0.01 secs] 
2014-07-08T08:23:09.672+0000: 1195.222: [GC [PSYoungGen: 227778K->1200K(222464K)] 521239K->294757K(909440K), 0.0047180 secs] [Times: user=0.03 sys=0.00, real=0.01 secs] 
2014-07-08T08:23:10.450+0000: 1196.000: [GC [PSYoungGen: 222448K->1208K(217408K)] 516005K->294805K(904384K), 0.0041840 secs] [Times: user=0.02 sys=0.00, real=0.00 secs] 
2014-07-08T08:23:11.222+0000: 1196.771: [GC [PSYoungGen: 217399K->1157K(212480K)] 510996K->294834K(899456K), 0.0053300 secs] [Times: user=0.03 sys=0.00, real=0.01 secs] 
2014-07-08T08:23:11.961+0000: 1197.510: [GC [PSYoungGen: 212421K->954K(207488K)] 506098K->294687K(894464K), 0.0130340 secs] [Times: user=0.09 sys=0.00, real=0.01 secs] 
2014-07-08T08:23:12.705+0000: 1198.254: [GC [PSYoungGen: 207459K->1018K(248896K)] 501192K->294783K(935872K), 0.0130420 secs] [Times: user=0.08 sys=0.01, real=0.02 secs] 
2014-07-08T08:23:13.559+0000: 1199.108: [GC [PSYoungGen: 248890K->1238K(298752K)] 542655K->295043K(985728K), 0.0082180 secs] [Times: user=0.05 sys=0.00, real=0.01 secs] 
2014-07-08T08:23:14.585+0000: 1200.135: [GC [PSYoungGen: 298676K->1068K(290624K)] 592481K->294929K(977600K), 0.0077400 secs] [Times: user=0.05 sys=0.00, real=0.01 secs] 
2014-07-08T08:23:15.613+0000: 1201.163: [GC [PSYoungGen: 290555K->1694K(283648K)] 584416K->295643K(970624K), 0.0075120 secs] [Times: user=0.05 sys=0.00, real=0.01 secs] 
2014-07-08T08:23:16.583+0000: 1202.132: [GC [PSYoungGen: 283614K->812K(275392K)] 577563K->295053K(962368K), 0.0066860 secs] [Times: user=0.04 sys=0.01, real=0.01 secs] 
2014-07-08T08:23:17.546+0000: 1203.095: [GC [PSYoungGen: 275372K->1747K(269312K)] 569613K->296044K(956288K), 0.0082130 secs] [Times: user=0.05 sys=0.00, real=0.01 secs] 
2014-07-08T08:23:18.466+0000: 1204.015: [GC [PSYoungGen: 269267K->1060K(261824K)] 563564K->295487K(948800K), 0.0076650 secs] [Times: user=0.04 sys=0.01, real=0.00 secs] 
2014-07-08T08:23:19.424+0000: 1204.973: [GC [PSYoungGen: 261773K->1160K(255424K)] 556200K->295651K(942400K), 0.0034440 secs] [Times: user=0.01 sys=0.00, real=0.01 secs] 
2014-07-08T08:23:20.276+0000: 1205.825: [GC [PSYoungGen: 255368K->1202K(249152K)] 549859K->295773K(936128K), 0.0114140 secs] [Times: user=0.07 sys=0.01, real=0.02 secs] 
2014-07-08T08:23:21.140+0000: 1206.689: [GC [PSYoungGen: 249138K->1090K(298688K)] 543709K->295733K(985664K), 0.0161470 secs] [Times: user=0.11 sys=0.00, real=0.01 secs] 
2014-07-08T08:23:22.226+0000: 1207.776: [GC [PSYoungGen: 298626K->1850K(299200K)] 593269K->296597K(986176K), 0.0088320 secs] [Times: user=0.05 sys=0.00, real=0.01 secs] 
2014-07-08T08:23:23.238+0000: 1208.788: [GC [PSYoungGen: 299194K->836K(299392K)] 593941K->295631K(986368K), 0.0129980 secs] [Times: user=0.08 sys=0.00, real=0.01 secs] 
2014-07-08T08:23:24.287+0000: 1209.837: [GC [PSYoungGen: 298180K->1534K(290944K)] 592975K->296417K(977920K), 0.0060520 secs] [Times: user=0.04 sys=0.00, real=0.00 secs] 
2014-07-08T08:23:25.339+0000: 1210.889: [GC [PSYoungGen: 290942K->1710K(283520K)] 585825K->296689K(970496K), 0.0083650 secs] [Times: user=0.05 sys=0.00, real=0.01 secs] 
2014-07-08T08:23:26.276+0000: 1211.825: [GC [PSYoungGen: 283481K->876K(275392K)] 578460K->295895K(962368K), 0.0060810 secs] [Times: user=0.02 sys=0.01, real=0.01 secs] 
2014-07-08T08:23:27.238+0000: 1212.787: [GC [PSYoungGen: 275372K->1317K(268800K)] 570391K->296384K(955776K), 0.0046250 secs] [Times: user=0.02 sys=0.00, real=0.00 secs] 
2014-07-08T08:23:28.156+0000: 1213.706: [GC [PSYoungGen: 268773K->1272K(261952K)] 563840K->296395K(948928K), 0.0059460 secs] [Times: user=0.03 sys=0.01, real=0.01 secs] 
2014-07-08T08:23:29.076+0000: 1214.625: [GC [PSYoungGen: 261937K->1384K(255552K)] 557060K->296572K(942528K), 0.0060630 secs] [Times: user=0.03 sys=0.00, real=0.01 secs] 
2014-07-08T08:23:29.952+0000: 1215.501: [GC [PSYoungGen: 255528K->1122K(249024K)] 550716K->296405K(936000K), 0.0059070 secs] [Times: user=0.04 sys=0.00, real=0.00 secs] 
2014-07-08T08:23:30.889+0000: 1216.439: [GC [PSYoungGen: 248966K->1520K(243392K)] 544249K->296891K(930368K), 0.0103120 secs] [Times: user=0.07 sys=0.00, real=0.01 secs] 
2014-07-08T08:23:31.663+0000: 1217.213: [GC [PSYoungGen: 243376K->1198K(237248K)] 538747K->296739K(924224K), 0.0077890 secs] [Times: user=0.05 sys=0.00, real=0.01 secs] 
2014-07-08T08:23:32.516+0000: 1218.065: [GC [PSYoungGen: 237230K->1716K(232128K)] 532771K->297337K(919104K), 0.0071300 secs] [Times: user=0.04 sys=0.00, real=0.01 secs] 
2014-07-08T08:23:33.267+0000: 1218.816: [GC [PSYoungGen: 232116K->944K(277440K)] 527737K->296647K(964416K), 0.0130200 secs] [Times: user=0.08 sys=0.00, real=0.02 secs] 
2014-07-08T08:23:34.230+0000: 1219.780: [GC [PSYoungGen: 277424K->1186K(270592K)] 573127K->296985K(957568K), 0.0062620 secs] [Times: user=0.04 sys=0.00, real=0.00 secs] 
2014-07-08T08:23:35.165+0000: 1220.714: [GC [PSYoungGen: 270552K->1324K(263872K)] 566351K->297212K(950848K), 0.0044690 secs] [Times: user=0.02 sys=0.00, real=0.01 secs] 
2014-07-08T08:23:36.080+0000: 1221.630: [GC [PSYoungGen: 263852K->1250K(257216K)] 559740K->297217K(944192K), 0.0085480 secs] [Times: user=0.05 sys=0.00, real=0.00 secs] 
2014-07-08T08:23:37.038+0000: 1222.587: [GC [PSYoungGen: 257136K->1278K(250880K)] 553104K->297532K(937856K), 0.0060340 secs] [Times: user=0.03 sys=0.00, real=0.01 secs] 
2014-07-08T08:23:37.868+0000: 1223.417: [GC [PSYoungGen: 250875K->904K(244480K)] 547129K->297221K(931456K), 0.0054920 secs] [Times: user=0.03 sys=0.00, real=0.01 secs] 
2014-07-08T08:23:38.708+0000: 1224.257: [GC [PSYoungGen: 244424K->1240K(238912K)] 540741K->297621K(925888K), 0.0069850 secs] [Times: user=0.04 sys=0.00, real=0.01 secs] 
2014-07-08T08:23:39.536+0000: 1225.086: [GC [PSYoungGen: 238872K->1516K(233472K)] 535253K->297938K(920448K), 0.0097870 secs] [Times: user=0.07 sys=0.00, real=0.01 secs] 
2014-07-08T08:23:40.342+0000: 1225.892: [GC [PSYoungGen: 233452K->954K(227456K)] 529874K->297629K(914432K), 0.0058740 secs] [Times: user=0.04 sys=0.01, real=0.00 secs] 
2014-07-08T08:23:41.126+0000: 1226.675: [GC [PSYoungGen: 227450K->922K(222208K)] 524125K->297645K(909184K), 0.0082720 secs] [Times: user=0.05 sys=0.00, real=0.01 secs] 
2014-07-08T08:23:41.895+0000: 1227.444: [GC [PSYoungGen: 222170K->1204K(217408K)] 518893K->297999K(904384K), 0.0044370 secs] [Times: user=0.02 sys=0.00, real=0.00 secs] 
2014-07-08T08:23:42.791+0000: 1228.340: [GC [PSYoungGen: 217396K->1718K(212992K)] 514191K->298610K(899968K), 0.0047450 secs] [Times: user=0.02 sys=0.01, real=0.00 secs] 
2014-07-08T08:23:43.390+0000: 1228.939: [GC [PSYoungGen: 212982K->826K(207360K)] 509874K->298298K(894336K), 0.0055020 secs] [Times: user=0.04 sys=0.00, real=0.01 secs] 
2014-07-08T08:23:44.111+0000: 1229.661: [GC [PSYoungGen: 207354K->1082K(203072K)] 504826K->298626K(890048K), 0.0055570 secs] [Times: user=0.03 sys=0.00, real=0.00 secs] 
2014-07-08T08:23:44.870+0000: 1230.419: [GC [PSYoungGen: 203066K->1762K(199360K)] 500610K->299410K(886336K), 0.0068920 secs] [Times: user=0.04 sys=0.01, real=0.01 secs] 
2014-07-08T08:23:45.500+0000: 1231.049: [GC [PSYoungGen: 199330K->804K(194176K)] 496978K->298508K(881152K), 0.0039660 secs] [Times: user=0.02 sys=0.00, real=0.01 secs] 
2014-07-08T08:23:46.171+0000: 1231.721: [GC [PSYoungGen: 194148K->1336K(190592K)] 491852K->299120K(877568K), 0.0077410 secs] [Times: user=0.05 sys=0.00, real=0.00 secs] 
2014-07-08T08:23:46.867+0000: 1232.416: [GC [PSYoungGen: 190584K->1164K(186496K)] 488368K->299004K(873472K), 0.0073770 secs] [Times: user=0.03 sys=0.00, real=0.01 secs] 
2014-07-08T08:23:47.484+0000: 1233.034: [GC [PSYoungGen: 186444K->1122K(182592K)] 484284K->299034K(869568K), 0.0056530 secs] [Times: user=0.03 sys=0.00, real=0.00 secs] 
2014-07-08T08:23:48.250+0000: 1233.799: [GC [PSYoungGen: 182562K->1478K(179264K)] 480474K->299462K(866240K), 0.0040640 secs] [Times: user=0.02 sys=0.00, real=0.01 secs] 
2014-07-08T08:23:48.837+0000: 1234.386: [GC [PSYoungGen: 179186K->1198K(175360K)] 477170K->299534K(862336K), 0.0078050 secs] [Times: user=0.05 sys=0.00, real=0.01 secs] 
2014-07-08T08:23:49.357+0000: 1234.906: [GC [PSYoungGen: 175293K->1168K(171904K)] 473629K->299552K(858880K), 0.0048120 secs] [Times: user=0.01 sys=0.00, real=0.01 secs] 
2014-07-08T08:23:49.946+0000: 1235.496: [GC [PSYoungGen: 171855K->1442K(168768K)] 470239K->299964K(855744K), 0.0052320 secs] [Times: user=0.03 sys=0.01, real=0.01 secs] 
2014-07-08T08:23:50.525+0000: 1236.075: [GC [PSYoungGen: 168737K->1747K(165824K)] 467259K->300373K(852800K), 0.0067840 secs] [Times: user=0.05 sys=0.00, real=0.01 secs] 
2014-07-08T08:23:51.091+0000: 1236.640: [GC [PSYoungGen: 165775K->629K(197504K)] 464401K->299913K(884480K), 0.0083980 secs] [Times: user=0.03 sys=0.00, real=0.01 secs] 
2014-07-08T08:23:51.851+0000: 1237.400: [GC [PSYoungGen: 197493K->1980K(238272K)] 496777K->301409K(925248K), 0.0120400 secs] [Times: user=0.07 sys=0.01, real=0.02 secs] 
2014-07-08T08:23:52.608+0000: 1238.157: [GC [PSYoungGen: 238268K->1382K(284992K)] 537697K->301486K(971968K), 0.0065720 secs] [Times: user=0.02 sys=0.00, real=0.01 secs] 
2014-07-08T08:23:53.590+0000: 1239.139: [GC [PSYoungGen: 284966K->996K(277184K)] 585070K->301172K(964160K), 0.0048210 secs] [Times: user=0.02 sys=0.01, real=0.01 secs] 
2014-07-08T08:23:54.548+0000: 1240.098: [GC [PSYoungGen: 277156K->1360K(270464K)] 577332K->301609K(957440K), 0.0056250 secs] [Times: user=0.03 sys=0.00, real=0.01 secs] 
2014-07-08T08:23:55.511+0000: 1241.060: [GC [PSYoungGen: 270416K->958K(263168K)] 570665K->301254K(950144K), 0.0065650 secs] [Times: user=0.04 sys=0.01, real=0.01 secs] 
2014-07-08T08:23:56.424+0000: 1241.974: [GC [PSYoungGen: 263166K->1085K(256704K)] 563462K->301469K(943680K), 0.0101200 secs] [Times: user=0.06 sys=0.00, real=0.01 secs] 
2014-07-08T08:23:57.313+0000: 1242.862: [GC [PSYoungGen: 256701K->954K(250240K)] 557085K->301402K(937216K), 0.0118780 secs] [Times: user=0.07 sys=0.00, real=0.01 secs] 
2014-07-08T08:23:58.184+0000: 1243.733: [GC [PSYoungGen: 250213K->1017K(244224K)] 550662K->301506K(931200K), 0.0073850 secs] [Times: user=0.04 sys=0.00, real=0.00 secs] 
2014-07-08T08:23:59.037+0000: 1244.586: [GC [PSYoungGen: 244180K->1288K(238656K)] 544668K->301864K(925632K), 0.0070160 secs] [Times: user=0.05 sys=0.00, real=0.01 secs] 
2014-07-08T08:23:59.980+0000: 1245.529: [GC [PSYoungGen: 238600K->1758K(233472K)] 539176K->302431K(920448K), 0.0111660 secs] [Times: user=0.08 sys=0.01, real=0.01 secs] 
2014-07-08T08:24:00.789+0000: 1246.338: [GC [PSYoungGen: 233438K->1786K(228032K)] 534111K->302547K(915008K), 0.0087130 secs] [Times: user=0.06 sys=0.00, real=0.01 secs] 
2014-07-08T08:24:01.470+0000: 1247.020: [GC [PSYoungGen: 228026K->826K(221824K)] 528787K->301932K(908800K), 0.0057210 secs] [Times: user=0.03 sys=0.00, real=0.01 secs] 
2014-07-08T08:24:02.238+0000: 1247.787: [GC [PSYoungGen: 221787K->1004K(216960K)] 522894K->302198K(903936K), 0.0081390 secs] [Times: user=0.05 sys=0.01, real=0.01 secs] 
2014-07-08T08:24:03.016+0000: 1248.565: [GC [PSYoungGen: 216940K->964K(212096K)] 518134K->302246K(899072K), 0.0051430 secs] [Times: user=0.03 sys=0.00, real=0.00 secs] 
2014-07-08T08:24:03.728+0000: 1249.277: [GC [PSYoungGen: 212036K->1242K(207616K)] 513318K->302573K(894592K), 0.0090750 secs] [Times: user=0.06 sys=0.00, real=0.01 secs] 
2014-07-08T08:24:04.445+0000: 1249.994: [GC [PSYoungGen: 207558K->1316K(203136K)] 508889K->302711K(890112K), 0.0054620 secs] [Times: user=0.03 sys=0.00, real=0.00 secs] 
2014-07-08T08:24:05.155+0000: 1250.704: [GC [PSYoungGen: 203108K->1250K(198656K)] 504503K->302725K(885632K), 0.0087990 secs] [Times: user=0.05 sys=0.00, real=0.00 secs] 
2014-07-08T08:24:05.951+0000: 1251.500: [GC [PSYoungGen: 198593K->1374K(194560K)] 500067K->302912K(881536K), 0.0043310 secs] [Times: user=0.02 sys=0.00, real=0.01 secs] 
2014-07-08T08:24:06.543+0000: 1252.092: [GC [PSYoungGen: 194526K->1346K(190464K)] 496064K->302973K(877440K), 0.0044580 secs] [Times: user=0.02 sys=0.00, real=0.01 secs] 
2014-07-08T08:24:07.183+0000: 1252.732: [GC [PSYoungGen: 190402K->836K(185984K)] 492029K->302526K(872960K), 0.0058530 secs] [Times: user=0.03 sys=0.00, real=0.01 secs] 
2014-07-08T08:24:07.934+0000: 1253.483: [GC [PSYoungGen: 185924K->1530K(223680K)] 487614K->303292K(910656K), 0.0128540 secs] [Times: user=0.09 sys=0.00, real=0.01 secs] 
2014-07-08T08:24:08.618+0000: 1254.168: [GC [PSYoungGen: 223674K->1124K(267776K)] 525436K->302974K(954752K), 0.0077110 secs] [Times: user=0.05 sys=0.00, real=0.01 secs] 
2014-07-08T08:24:09.558+0000: 1255.107: [GC [PSYoungGen: 267748K->1478K(316800K)] 569598K->303417K(1003776K), 0.0086650 secs] [Times: user=0.05 sys=0.00, real=0.01 secs] 
2014-07-08T08:24:10.646+0000: 1256.196: [GC [PSYoungGen: 316358K->1634K(307904K)] 618297K->303661K(994880K), 0.0061680 secs] [Times: user=0.04 sys=0.00, real=0.00 secs] 
2014-07-08T08:24:11.743+0000: 1257.292: [GC [PSYoungGen: 307874K->1188K(299200K)] 609901K->303263K(986176K), 0.0118330 secs] [Times: user=0.07 sys=0.00, real=0.01 secs] 
2014-07-08T08:24:12.777+0000: 1258.326: [GC [PSYoungGen: 299172K->1132K(291200K)] 601247K->303549K(978176K), 0.0094850 secs] [Times: user=0.06 sys=0.01, real=0.01 secs] 
2014-07-08T08:24:13.809+0000: 1259.358: [GC [PSYoungGen: 291180K->1708K(284160K)] 593597K->304189K(971136K), 0.0039340 secs] [Times: user=0.03 sys=0.00, real=0.00 secs] 
2014-07-08T08:24:14.756+0000: 1260.306: [GC [PSYoungGen: 284138K->1135K(276224K)] 586619K->304272K(963200K), 0.0070590 secs] [Times: user=0.04 sys=0.00, real=0.00 secs] 
2014-07-08T08:24:15.705+0000: 1261.255: [GC [PSYoungGen: 276207K->1843K(269888K)] 579344K->305060K(956864K), 0.0129050 secs] [Times: user=0.09 sys=0.00, real=0.01 secs] 
2014-07-08T08:24:16.647+0000: 1262.196: [GC [PSYoungGen: 269875K->1214K(262464K)] 573092K->304627K(949440K), 0.0088020 secs] [Times: user=0.05 sys=0.00, real=0.01 secs] 
2014-07-08T08:24:17.553+0000: 1263.102: [GC [PSYoungGen: 262462K->872K(255616K)] 565875K->304317K(942592K), 0.0044070 secs] [Times: user=0.02 sys=0.01, real=0.01 secs] 
2014-07-08T08:24:18.456+0000: 1264.006: [GC [PSYoungGen: 255592K->926K(249408K)] 559037K->304419K(936384K), 0.0055150 secs] [Times: user=0.03 sys=0.00, real=0.00 secs] 
2014-07-08T08:24:19.317+0000: 1264.866: [GC [PSYoungGen: 249374K->1128K(243520K)] 552867K->304677K(930496K), 0.0036630 secs] [Times: user=0.02 sys=0.00, real=0.00 secs] 
2014-07-08T08:24:20.174+0000: 1265.723: [GC [PSYoungGen: 243496K->1058K(237632K)] 547045K->304671K(924608K), 0.0056990 secs] [Times: user=0.02 sys=0.00, real=0.01 secs] 
2014-07-08T08:24:20.998+0000: 1266.548: [GC [PSYoungGen: 237602K->1200K(232128K)] 541215K->304893K(919104K), 0.0073010 secs] [Times: user=0.04 sys=0.00, real=0.00 secs] 
2014-07-08T08:24:21.872+0000: 1267.421: [GC [PSYoungGen: 232040K->1958K(227456K)] 535733K->305707K(914432K), 0.0046550 secs] [Times: user=0.01 sys=0.00, real=0.01 secs] 
2014-07-08T08:24:22.602+0000: 1268.151: [GC [PSYoungGen: 227430K->1428K(221696K)] 531179K->305257K(908672K), 0.0053170 secs] [Times: user=0.03 sys=0.00, real=0.01 secs] 
2014-07-08T08:24:23.362+0000: 1268.912: [GC [PSYoungGen: 221652K->872K(216064K)] 525481K->304765K(903040K), 0.0039690 secs] [Times: user=0.02 sys=0.00, real=0.01 secs] 
2014-07-08T08:24:24.120+0000: 1269.670: [GC [PSYoungGen: 216040K->1314K(211648K)] 519933K->305279K(898624K), 0.0043750 secs] [Times: user=0.02 sys=0.00, real=0.00 secs] 
2014-07-08T08:24:24.884+0000: 1270.434: [GC [PSYoungGen: 211617K->1246K(206912K)] 515583K->305267K(893888K), 0.0059050 secs] [Times: user=0.03 sys=0.00, real=0.01 secs] 
2014-07-08T08:24:25.599+0000: 1271.149: [GC [PSYoungGen: 206878K->1332K(202432K)] 510899K->305417K(889408K), 0.0073830 secs] [Times: user=0.04 sys=0.00, real=0.00 secs] 
2014-07-08T08:24:26.300+0000: 1271.849: [GC [PSYoungGen: 202420K->1224K(198016K)] 506505K->305373K(884992K), 0.0048750 secs] [Times: user=0.02 sys=0.00, real=0.00 secs] 
2014-07-08T08:24:26.989+0000: 1272.539: [GC [PSYoungGen: 197960K->908K(193472K)] 502109K->305105K(880448K), 0.0069890 secs] [Times: user=0.04 sys=0.00, real=0.00 secs] 
2014-07-08T08:24:27.670+0000: 1273.220: [GC [PSYoungGen: 193420K->1424K(189888K)] 497617K->305669K(876864K), 0.0065230 secs] [Times: user=0.04 sys=0.00, real=0.00 secs] 
2014-07-08T08:24:28.383+0000: 1273.932: [GC [PSYoungGen: 189840K->772K(185280K)] 494085K->305073K(872256K), 0.0056000 secs] [Times: user=0.03 sys=0.00, real=0.01 secs] 
2014-07-08T08:24:28.997+0000: 1274.546: [GC [PSYoungGen: 185220K->1141K(181760K)] 489521K->305522K(868736K), 0.0088400 secs] [Times: user=0.05 sys=0.00, real=0.00 secs] 
2014-07-08T08:24:29.598+0000: 1275.147: [GC [PSYoungGen: 181749K->1118K(217920K)] 486130K->305539K(904896K), 0.0106410 secs] [Times: user=0.06 sys=0.00, real=0.01 secs] 
2014-07-08T08:24:30.365+0000: 1275.914: [GC [PSYoungGen: 217886K->694K(260864K)] 522307K->305163K(947840K), 0.0067730 secs] [Times: user=0.04 sys=0.00, real=0.01 secs] 
2014-07-08T08:24:31.277+0000: 1276.826: [GC [PSYoungGen: 260824K->858K(301952K)] 565293K->305407K(988928K), 0.0102060 secs] [Times: user=0.06 sys=0.01, real=0.01 secs] 
2014-07-08T08:24:32.329+0000: 1277.879: [GC [PSYoungGen: 300937K->1032K(314112K)] 605487K->305645K(1001088K), 0.0105390 secs] [Times: user=0.06 sys=0.00, real=0.01 secs] 
2014-07-08T08:24:33.426+0000: 1278.975: [GC [PSYoungGen: 313288K->972K(304768K)] 617901K->305657K(991744K), 0.0064700 secs] [Times: user=0.05 sys=0.00, real=0.01 secs] 
2014-07-08T08:24:34.530+0000: 1280.079: [GC [PSYoungGen: 304716K->812K(296384K)] 609401K->305795K(983360K), 0.0072400 secs] [Times: user=0.04 sys=0.00, real=0.00 secs] 
2014-07-08T08:24:35.489+0000: 1281.039: [GC [PSYoungGen: 296364K->1418K(289152K)] 601347K->306489K(976128K), 0.0058690 secs] [Times: user=0.04 sys=0.00, real=0.00 secs] 
2014-07-08T08:24:36.503+0000: 1282.052: [GC [PSYoungGen: 289098K->986K(281152K)] 594169K->306369K(968128K), 0.0085320 secs] [Times: user=0.06 sys=0.00, real=0.01 secs] 
2014-07-08T08:24:37.478+0000: 1283.028: [GC [PSYoungGen: 281114K->1203K(274112K)] 586497K->306658K(961088K), 0.0078210 secs] [Times: user=0.04 sys=0.00, real=0.00 secs] 
2014-07-08T08:24:38.450+0000: 1283.999: [GC [PSYoungGen: 274099K->1236K(267200K)] 579554K->306779K(954176K), 0.0065790 secs] [Times: user=0.05 sys=0.00, real=0.00 secs] 
2014-07-08T08:24:39.346+0000: 1284.895: [GC [PSYoungGen: 267156K->972K(260224K)] 572699K->306611K(947200K), 0.0060680 secs] [Times: user=0.04 sys=0.00, real=0.01 secs] 
2014-07-08T08:24:40.260+0000: 1285.810: [GC [PSYoungGen: 260172K->1064K(253824K)] 565811K->306883K(940800K), 0.0041130 secs] [Times: user=0.02 sys=0.00, real=0.00 secs] 
2014-07-08T08:24:41.125+0000: 1286.674: [GC [PSYoungGen: 253800K->890K(247424K)] 559619K->306765K(934400K), 0.0042530 secs] [Times: user=0.02 sys=0.00, real=0.01 secs] 
2014-07-08T08:24:42.008+0000: 1287.557: [GC [PSYoungGen: 247418K->704K(241216K)] 553293K->306667K(928192K), 0.0061120 secs] [Times: user=0.04 sys=0.00, real=0.01 secs] 
2014-07-08T08:24:42.865+0000: 1288.415: [GC [PSYoungGen: 241216K->1154K(235968K)] 547179K->307165K(922944K), 0.0083210 secs] [Times: user=0.04 sys=0.00, real=0.01 secs] 
2014-07-08T08:24:43.683+0000: 1289.232: [GC [PSYoungGen: 235905K->1364K(230592K)] 541917K->307423K(917568K), 0.0095350 secs] [Times: user=0.05 sys=0.00, real=0.01 secs] 
2014-07-08T08:24:44.453+0000: 1290.003: [GC [PSYoungGen: 230548K->1118K(224960K)] 536607K->307273K(911936K), 0.0031640 secs] [Times: user=0.01 sys=0.00, real=0.00 secs] 
2014-07-08T08:24:45.280+0000: 1290.830: [GC [PSYoungGen: 224850K->946K(219584K)] 531006K->307589K(906560K), 0.0043630 secs] [Times: user=0.01 sys=0.00, real=0.00 secs] 
2014-07-08T08:24:46.010+0000: 1291.559: [GC [PSYoungGen: 219570K->1210K(214848K)] 526213K->307925K(901824K), 0.0044880 secs] [Times: user=0.02 sys=0.00, real=0.01 secs] 
2014-07-08T08:24:46.787+0000: 1292.336: [GC [PSYoungGen: 214842K->1336K(210176K)] 521557K->308446K(897152K), 0.0082850 secs] [Times: user=0.05 sys=0.00, real=0.01 secs] 
2014-07-08T08:24:47.482+0000: 1293.032: [GC [PSYoungGen: 210168K->1292K(205504K)] 517278K->308474K(892480K), 0.0070720 secs] [Times: user=0.04 sys=0.01, real=0.00 secs] 
2014-07-08T08:24:48.195+0000: 1293.744: [GC [PSYoungGen: 205452K->1086K(200768K)] 512634K->308447K(887744K), 0.0059890 secs] [Times: user=0.04 sys=0.00, real=0.01 secs] 
2014-07-08T08:24:48.953+0000: 1294.502: [GC [PSYoungGen: 200766K->1068K(196416K)] 508127K->308501K(883392K), 0.0039290 secs] [Times: user=0.01 sys=0.00, real=0.00 secs] 
2014-07-08T08:24:49.605+0000: 1295.154: [GC [PSYoungGen: 196396K->1068K(192256K)] 503829K->308549K(879232K), 0.0059630 secs] [Times: user=0.04 sys=0.00, real=0.01 secs] 
2014-07-08T08:24:50.250+0000: 1295.800: [GC [PSYoungGen: 192236K->1058K(188224K)] 499717K->308604K(875200K), 0.0064740 secs] [Times: user=0.04 sys=0.00, real=0.00 secs] 
2014-07-08T08:24:50.977+0000: 1296.526: [GC [PSYoungGen: 188194K->1334K(184576K)] 495740K->309100K(871552K), 0.0078570 secs] [Times: user=0.04 sys=0.00, real=0.01 secs] 
2014-07-08T08:24:51.570+0000: 1297.119: [GC [PSYoungGen: 184566K->1420K(180928K)] 492332K->309274K(867904K), 0.0038750 secs] [Times: user=0.02 sys=0.00, real=0.01 secs] 
2014-07-08T08:24:52.166+0000: 1297.715: [GC [PSYoungGen: 180876K->825K(216192K)] 488730K->309327K(903168K), 0.0101310 secs] [Times: user=0.06 sys=0.00, real=0.01 secs] 
2014-07-08T08:24:52.935+0000: 1298.484: [GC [PSYoungGen: 216185K->1450K(259904K)] 524687K->310024K(946880K), 0.0131280 secs] [Times: user=0.08 sys=0.00, real=0.01 secs] 
2014-07-08T08:24:53.913+0000: 1299.463: [GC [PSYoungGen: 259882K->1446K(253440K)] 568456K->310466K(940416K), 0.0032200 secs] [Times: user=0.02 sys=0.01, real=0.00 secs] 
2014-07-08T08:24:54.741+0000: 1300.290: [GC [PSYoungGen: 253402K->1412K(247232K)] 562422K->310481K(934208K), 0.0071690 secs] [Times: user=0.02 sys=0.00, real=0.01 secs] 
2014-07-08T08:24:55.596+0000: 1301.145: [GC [PSYoungGen: 247172K->808K(240640K)] 556241K->310224K(927616K), 0.0047130 secs] [Times: user=0.02 sys=0.00, real=0.00 secs] 
2014-07-08T08:24:56.450+0000: 1301.999: [GC [PSYoungGen: 240616K->1418K(235520K)] 550032K->310914K(922496K), 0.0032830 secs] [Times: user=0.02 sys=0.00, real=0.01 secs] 
2014-07-08T08:24:57.242+0000: 1302.791: [GC [PSYoungGen: 235454K->1140K(229632K)] 544951K->310946K(916608K), 0.0060620 secs] [Times: user=0.03 sys=0.01, real=0.00 secs] 
2014-07-08T08:24:58.047+0000: 1303.596: [GC [PSYoungGen: 229620K->990K(224192K)] 539426K->310852K(911168K), 0.0095140 secs] [Times: user=0.04 sys=0.00, real=0.01 secs] 
2014-07-08T08:24:58.941+0000: 1304.490: [GC [PSYoungGen: 224127K->1469K(219520K)] 533990K->311804K(906496K), 0.0038130 secs] [Times: user=0.02 sys=0.00, real=0.01 secs] 
2014-07-08T08:24:59.575+0000: 1305.125: [GC [PSYoungGen: 219494K->1656K(214720K)] 529829K->312039K(901696K), 0.0092690 secs] [Times: user=0.05 sys=0.00, real=0.01 secs] 
2014-07-08T08:25:00.331+0000: 1305.880: [GC [PSYoungGen: 214711K->879K(209152K)] 525093K->311926K(896128K), 0.0072460 secs] [Times: user=0.04 sys=0.01, real=0.01 secs] 
2014-07-08T08:25:01.074+0000: 1306.623: [GC [PSYoungGen: 209114K->1530K(205184K)] 520161K->312657K(892160K), 0.0064360 secs] [Times: user=0.04 sys=0.00, real=0.00 secs] 
2014-07-08T08:25:01.850+0000: 1307.399: [GC [PSYoungGen: 205178K->1704K(246144K)] 516305K->313043K(933120K), 0.0127930 secs] [Times: user=0.08 sys=0.00, real=0.02 secs] 
2014-07-08T08:25:02.678+0000: 1308.228: [GC [PSYoungGen: 246104K->1456K(292544K)] 557443K->312891K(979520K), 0.0109040 secs] [Times: user=0.07 sys=0.00, real=0.01 secs] 
2014-07-08T08:25:03.775+0000: 1309.325: [GC [PSYoungGen: 291824K->1438K(284160K)] 603259K->312913K(971136K), 0.0043840 secs] [Times: user=0.02 sys=0.00, real=0.00 secs] 
2014-07-08T08:25:04.660+0000: 1310.209: [GC [PSYoungGen: 284126K->1254K(276608K)] 595601K->312793K(963584K), 0.0078770 secs] [Times: user=0.04 sys=0.00, real=0.01 secs] 
2014-07-08T08:25:05.636+0000: 1311.185: [GC [PSYoungGen: 276564K->1054K(269312K)] 588103K->312633K(956288K), 0.0037270 secs] [Times: user=0.02 sys=0.00, real=0.00 secs] 
2014-07-08T08:25:06.564+0000: 1312.114: [GC [PSYoungGen: 269278K->1232K(262720K)] 580857K->312875K(949696K), 0.0107650 secs] [Times: user=0.05 sys=0.00, real=0.01 secs] 
2014-07-08T08:25:07.484+0000: 1313.034: [GC [PSYoungGen: 262652K->1310K(256256K)] 574295K->313001K(943232K), 0.0044980 secs] [Times: user=0.02 sys=0.00, real=0.00 secs] 
2014-07-08T08:25:08.408+0000: 1313.957: [GC [PSYoungGen: 256213K->954K(249536K)] 567904K->312717K(936512K), 0.0075420 secs] [Times: user=0.05 sys=0.00, real=0.01 secs] 
2014-07-08T08:25:09.258+0000: 1314.807: [GC [PSYoungGen: 249513K->872K(243392K)] 561276K->312715K(930368K), 0.0038610 secs] [Times: user=0.02 sys=0.00, real=0.00 secs] 
2014-07-08T08:25:10.095+0000: 1315.644: [GC [PSYoungGen: 243327K->958K(237632K)] 555170K->312849K(924608K), 0.0080550 secs] [Times: user=0.05 sys=0.00, real=0.01 secs] 
2014-07-08T08:25:10.957+0000: 1316.506: [GC [PSYoungGen: 237630K->868K(231936K)] 549521K->312822K(918912K), 0.0045190 secs] [Times: user=0.01 sys=0.00, real=0.00 secs] 
2014-07-08T08:25:11.805+0000: 1317.355: [GC [PSYoungGen: 231908K->1352K(227008K)] 543862K->313379K(913984K), 0.0098390 secs] [Times: user=0.05 sys=0.01, real=0.01 secs] 
2014-07-08T08:25:12.561+0000: 1318.110: [GC [PSYoungGen: 226952K->1182K(221568K)] 538979K->313289K(908544K), 0.0072100 secs] [Times: user=0.05 sys=0.00, real=0.01 secs] 
2014-07-08T08:25:13.315+0000: 1318.864: [GC [PSYoungGen: 221534K->1242K(216576K)] 533641K->313437K(903552K), 0.0086140 secs] [Times: user=0.05 sys=0.00, real=0.00 secs] 
2014-07-08T08:25:14.168+0000: 1319.718: [GC [PSYoungGen: 216538K->1254K(211712K)] 528733K->313687K(898688K), 0.0087210 secs] [Times: user=0.06 sys=0.00, real=0.01 secs] 
2014-07-08T08:25:14.824+0000: 1320.373: [GC [PSYoungGen: 211686K->1548K(207360K)] 524119K->314021K(894336K), 0.0046190 secs] [Times: user=0.02 sys=0.00, real=0.01 secs] 
2014-07-08T08:25:15.523+0000: 1321.073: [GC [PSYoungGen: 207306K->864K(202112K)] 519779K->313735K(889088K), 0.0072910 secs] [Times: user=0.05 sys=0.01, real=0.01 secs] 
2014-07-08T08:25:16.223+0000: 1321.772: [GC [PSYoungGen: 202080K->1499K(198400K)] 514951K->314410K(885376K), 0.0040130 secs] [Times: user=0.02 sys=0.00, real=0.01 secs] 
2014-07-08T08:25:16.939+0000: 1322.489: [GC [PSYoungGen: 198363K->1272K(193920K)] 511274K->314339K(880896K), 0.0084940 secs] [Times: user=0.04 sys=0.00, real=0.01 secs] 
2014-07-08T08:25:17.593+0000: 1323.143: [GC [PSYoungGen: 193912K->1522K(190080K)] 506979K->314670K(877056K), 0.0078160 secs] [Times: user=0.03 sys=0.00, real=0.01 secs] 
2014-07-08T08:25:18.230+0000: 1323.780: [GC [PSYoungGen: 190066K->940K(185536K)] 503213K->314233K(872512K), 0.0057460 secs] [Times: user=0.03 sys=0.00, real=0.01 secs] 
2014-07-08T08:25:19.023+0000: 1324.573: [GC [PSYoungGen: 185514K->1320K(182080K)] 498807K->314661K(869056K), 0.0039830 secs] [Times: user=0.02 sys=0.01, real=0.01 secs] 
2014-07-08T08:25:19.577+0000: 1325.126: [GC [PSYoungGen: 182024K->1334K(218240K)] 495365K->314789K(905216K), 0.0121960 secs] [Times: user=0.08 sys=0.00, real=0.01 secs] 
2014-07-08T08:25:20.275+0000: 1325.824: [GC [PSYoungGen: 218230K->1064K(261376K)] 531685K->314615K(948352K), 0.0059890 secs] [Times: user=0.03 sys=0.00, real=0.01 secs] 
2014-07-08T08:25:21.193+0000: 1326.743: [GC [PSYoungGen: 261352K->1058K(254848K)] 574903K->314673K(941824K), 0.0033580 secs] [Times: user=0.02 sys=0.00, real=0.01 secs] 
2014-07-08T08:25:22.085+0000: 1327.634: [GC [PSYoungGen: 254818K->990K(248512K)] 568433K->314653K(935488K), 0.0070700 secs] [Times: user=0.04 sys=0.00, real=0.01 secs] 
2014-07-08T08:25:22.992+0000: 1328.541: [GC [PSYoungGen: 248478K->904K(242432K)] 562141K->314647K(929408K), 0.0078820 secs] [Times: user=0.05 sys=0.00, real=0.01 secs] 
2014-07-08T08:25:23.863+0000: 1329.412: [GC [PSYoungGen: 242354K->1780K(237440K)] 556097K->315728K(924416K), 0.0103580 secs] [Times: user=0.03 sys=0.01, real=0.01 secs] 
2014-07-08T08:25:24.647+0000: 1330.196: [GC [PSYoungGen: 237428K->890K(230976K)] 551376K->315414K(917952K), 0.0037910 secs] [Times: user=0.02 sys=0.01, real=0.00 secs] 
2014-07-08T08:25:25.425+0000: 1330.974: [GC [PSYoungGen: 230970K->1541K(226304K)] 545494K->316180K(913280K), 0.0063530 secs] [Times: user=0.04 sys=0.00, real=0.01 secs] 
2014-07-08T08:25:26.224+0000: 1331.773: [GC [PSYoungGen: 226245K->1323K(220864K)] 540884K->316239K(907840K), 0.0087510 secs] [Times: user=0.05 sys=0.00, real=0.01 secs] 
2014-07-08T08:25:26.999+0000: 1332.548: [GC [PSYoungGen: 220822K->1036K(215616K)] 535739K->316040K(902592K), 0.0083560 secs] [Times: user=0.06 sys=0.00, real=0.01 secs] 
2014-07-08T08:25:27.757+0000: 1333.307: [GC [PSYoungGen: 215564K->1466K(211136K)] 530568K->316542K(898112K), 0.0033110 secs] [Times: user=0.02 sys=0.00, real=0.00 secs] 
2014-07-08T08:25:28.463+0000: 1334.012: [GC [PSYoungGen: 211130K->868K(205888K)] 526206K->316040K(892864K), 0.0085030 secs] [Times: user=0.05 sys=0.00, real=0.01 secs] 
2014-07-08T08:25:29.195+0000: 1334.744: [GC [PSYoungGen: 205860K->736K(201280K)] 521032K->316004K(888256K), 0.0036750 secs] [Times: user=0.01 sys=0.00, real=0.01 secs] 
2014-07-08T08:25:29.920+0000: 1335.469: [GC [PSYoungGen: 201248K->1424K(197632K)] 516516K->316756K(884608K), 0.0082630 secs] [Times: user=0.06 sys=0.00, real=0.01 secs] 
2014-07-08T08:25:30.552+0000: 1336.101: [GC [PSYoungGen: 197584K->936K(192896K)] 512916K->316348K(879872K), 0.0067460 secs] [Times: user=0.05 sys=0.00, real=0.01 secs] 
2014-07-08T08:25:31.204+0000: 1336.754: [GC [PSYoungGen: 192845K->1204K(189056K)] 508258K->316688K(876032K), 0.0068400 secs] [Times: user=0.04 sys=0.01, real=0.01 secs] 
2014-07-08T08:25:31.881+0000: 1337.430: [GC [PSYoungGen: 189037K->1570K(185536K)] 504521K->317103K(872512K), 0.0047190 secs] [Times: user=0.02 sys=0.00, real=0.00 secs] 
2014-07-08T08:25:32.508+0000: 1338.057: [GC [PSYoungGen: 185506K->1218K(181440K)] 501039K->316830K(868416K), 0.0066470 secs] [Times: user=0.05 sys=0.00, real=0.00 secs] 
2014-07-08T08:25:33.128+0000: 1338.678: [GC [PSYoungGen: 181290K->1104K(177664K)] 496903K->316780K(864640K), 0.0051690 secs] [Times: user=0.03 sys=0.00, real=0.00 secs] 
2014-07-08T08:25:33.756+0000: 1339.305: [GC [PSYoungGen: 177616K->1825K(213696K)] 493292K->317727K(900672K), 0.0100860 secs] [Times: user=0.07 sys=0.00, real=0.01 secs] 
2014-07-08T08:25:34.481+0000: 1340.031: [GC [PSYoungGen: 213665K->748K(254976K)] 529567K->317143K(941952K), 0.0070350 secs] [Times: user=0.05 sys=0.00, real=0.01 secs] 
2014-07-08T08:25:35.358+0000: 1340.908: [GC [PSYoungGen: 254955K->1486K(249472K)] 571350K->317995K(936448K), 0.0062110 secs] [Times: user=0.04 sys=0.01, real=0.00 secs] 
2014-07-08T08:25:36.244+0000: 1341.793: [GC [PSYoungGen: 249421K->1535K(243456K)] 565930K->318454K(930432K), 0.0095240 secs] [Times: user=0.06 sys=0.00, real=0.01 secs] 
2014-07-08T08:25:37.065+0000: 1342.614: [GC [PSYoungGen: 243455K->1122K(237248K)] 560374K->318137K(924224K), 0.0058800 secs] [Times: user=0.04 sys=0.00, real=0.01 secs] 
2014-07-08T08:25:37.902+0000: 1343.451: [GC [PSYoungGen: 237218K->1440K(231936K)] 554233K->318739K(918912K), 0.0057270 secs] [Times: user=0.04 sys=0.00, real=0.00 secs] 
2014-07-08T08:25:38.685+0000: 1344.235: [GC [PSYoungGen: 231904K->1830K(226944K)] 549203K->319225K(913920K), 0.0058830 secs] [Times: user=0.04 sys=0.01, real=0.01 secs] 
2014-07-08T08:25:39.456+0000: 1345.006: [GC [PSYoungGen: 226917K->958K(220864K)] 544312K->318559K(907840K), 0.0065460 secs] [Times: user=0.04 sys=0.00, real=0.01 secs] 
2014-07-08T08:25:40.221+0000: 1345.770: [GC [PSYoungGen: 220825K->1004K(215872K)] 538426K->318653K(902848K), 0.0101210 secs] [Times: user=0.06 sys=0.00, real=0.01 secs] 
2014-07-08T08:25:41.003+0000: 1346.552: [GC [PSYoungGen: 215852K->1172K(211200K)] 533501K->318885K(898176K), 0.0051680 secs] [Times: user=0.03 sys=0.00, real=0.01 secs] 
2014-07-08T08:25:41.840+0000: 1347.389: [GC [PSYoungGen: 211156K->1754K(207104K)] 528869K->319539K(894080K), 0.0110450 secs] [Times: user=0.06 sys=0.00, real=0.01 secs] 
2014-07-08T08:25:42.448+0000: 1347.998: [GC [PSYoungGen: 207017K->1136K(247552K)] 524802K->318977K(934528K), 0.0079060 secs] [Times: user=0.04 sys=0.00, real=0.00 secs] 
2014-07-08T08:25:43.313+0000: 1348.863: [GC [PSYoungGen: 247523K->1359K(241792K)] 565364K->319280K(928768K), 0.0071650 secs] [Times: user=0.03 sys=0.01, real=0.01 secs] 
2014-07-08T08:25:44.168+0000: 1349.717: [GC [PSYoungGen: 241700K->1843K(236480K)] 559621K->320000K(923456K), 0.0088670 secs] [Times: user=0.06 sys=0.00, real=0.01 secs] 
2014-07-08T08:25:45.018+0000: 1350.567: [GC [PSYoungGen: 236467K->1602K(258432K)] 554624K->319824K(945408K), 0.0112100 secs] [Times: user=0.07 sys=0.00, real=0.01 secs] 
2014-07-08T08:25:45.867+0000: 1351.416: [GC [PSYoungGen: 257730K->1164K(283968K)] 575952K->319457K(970944K), 0.0087830 secs] [Times: user=0.05 sys=0.00, real=0.01 secs] 
2014-07-08T08:25:46.907+0000: 1352.456: [GC [PSYoungGen: 282828K->1488K(275904K)] 601121K->319853K(962880K), 0.0072400 secs] [Times: user=0.05 sys=0.00, real=0.01 secs] 
2014-07-08T08:25:47.828+0000: 1353.377: [GC [PSYoungGen: 275856K->744K(268096K)] 594221K->319648K(955072K), 0.0044160 secs] [Times: user=0.02 sys=0.00, real=0.01 secs] 
2014-07-08T08:25:48.767+0000: 1354.316: [GC [PSYoungGen: 268072K->1552K(262144K)] 586976K->320512K(949120K), 0.0089880 secs] [Times: user=0.01 sys=0.00, real=0.01 secs] 
2014-07-08T08:25:49.670+0000: 1355.219: [GC [PSYoungGen: 262096K->1394K(255424K)] 581056K->320608K(942400K), 0.0076650 secs] [Times: user=0.04 sys=0.00, real=0.00 secs] 
2014-07-08T08:25:50.556+0000: 1356.106: [GC [PSYoungGen: 255410K->1124K(248896K)] 574624K->320394K(935872K), 0.0080960 secs] [Times: user=0.05 sys=0.00, real=0.01 secs] 
2014-07-08T08:25:51.408+0000: 1356.958: [GC [PSYoungGen: 248868K->1498K(243264K)] 568138K->320848K(930240K), 0.0041950 secs] [Times: user=0.03 sys=0.00, real=0.01 secs] 
2014-07-08T08:25:52.272+0000: 1357.821: [GC [PSYoungGen: 243226K->1146K(237056K)] 562576K->320568K(924032K), 0.0042320 secs] [Times: user=0.02 sys=0.00, real=0.00 secs] 
2014-07-08T08:25:53.074+0000: 1358.624: [GC [PSYoungGen: 237050K->1150K(231424K)] 556472K->320636K(918400K), 0.0037220 secs] [Times: user=0.02 sys=0.00, real=0.00 secs] 
2014-07-08T08:25:53.911+0000: 1359.461: [GC [PSYoungGen: 231422K->1242K(226176K)] 550908K->320792K(913152K), 0.0051700 secs] [Times: user=0.02 sys=0.00, real=0.00 secs] 
2014-07-08T08:25:54.685+0000: 1360.234: [GC [PSYoungGen: 226138K->1444K(221184K)] 545688K->321058K(908160K), 0.0081500 secs] [Times: user=0.05 sys=0.00, real=0.01 secs] 
2014-07-08T08:25:55.443+0000: 1360.993: [GC [PSYoungGen: 221138K->1007K(215744K)] 540752K->320685K(902720K), 0.0099030 secs] [Times: user=0.06 sys=0.00, real=0.01 secs] 
2014-07-08T08:25:56.184+0000: 1361.734: [GC [PSYoungGen: 215727K->1004K(258688K)] 535405K->320762K(945664K), 0.0125150 secs] [Times: user=0.09 sys=0.00, real=0.01 secs] 
2014-07-08T08:25:57.082+0000: 1362.632: [GC [PSYoungGen: 258668K->1040K(274496K)] 578426K->320838K(961472K), 0.0099730 secs] [Times: user=0.06 sys=0.00, real=0.01 secs] 
2014-07-08T08:25:58.054+0000: 1363.603: [GC [PSYoungGen: 273616K->1413K(267072K)] 593414K->321307K(954048K), 0.0073860 secs] [Times: user=0.05 sys=0.00, real=0.01 secs] 
2014-07-08T08:25:58.966+0000: 1364.515: [GC [PSYoungGen: 266981K->1266K(260160K)] 586875K->321224K(947136K), 0.0038110 secs] [Times: user=0.02 sys=0.01, real=0.00 secs] 
2014-07-08T08:25:59.895+0000: 1365.444: [GC [PSYoungGen: 260114K->1132K(253568K)] 580072K->321562K(940544K), 0.0071230 secs] [Times: user=0.05 sys=0.00, real=0.01 secs] 
2014-07-08T08:26:00.754+0000: 1366.303: [GC [PSYoungGen: 253548K->1378K(247616K)] 573978K->321856K(934592K), 0.0088830 secs] [Times: user=0.05 sys=0.00, real=0.01 secs] 
2014-07-08T08:26:01.601+0000: 1367.151: [GC [PSYoungGen: 247586K->1324K(241600K)] 568064K->322092K(928576K), 0.0063980 secs] [Times: user=0.03 sys=0.00, real=0.00 secs] 
2014-07-08T08:26:02.407+0000: 1367.957: [GC [PSYoungGen: 241576K->1275K(235776K)] 562345K->322091K(922752K), 0.0042380 secs] [Times: user=0.02 sys=0.00, real=0.01 secs] 
2014-07-08T08:26:03.227+0000: 1368.777: [GC [PSYoungGen: 235771K->1108K(230080K)] 556587K->322146K(917056K), 0.0056200 secs] [Times: user=0.03 sys=0.00, real=0.01 secs] 
2014-07-08T08:26:04.090+0000: 1369.639: [GC [PSYoungGen: 230036K->1314K(224896K)] 551074K->322424K(911872K), 0.0040690 secs] [Times: user=0.02 sys=0.01, real=0.01 secs] 
2014-07-08T08:26:04.876+0000: 1370.425: [GC [PSYoungGen: 224866K->1274K(219648K)] 545976K->322590K(906624K), 0.0074820 secs] [Times: user=0.02 sys=0.01, real=0.01 secs] 
2014-07-08T08:26:05.591+0000: 1371.141: [GC [PSYoungGen: 219642K->1142K(214528K)] 540958K->322562K(901504K), 0.0067600 secs] [Times: user=0.04 sys=0.00, real=0.01 secs] 
2014-07-08T08:26:06.327+0000: 1371.876: [GC [PSYoungGen: 214518K->908K(257024K)] 535938K->322376K(944000K), 0.0161670 secs] [Times: user=0.08 sys=0.01, real=0.02 secs] 
2014-07-08T08:26:07.223+0000: 1372.772: [GC [PSYoungGen: 256939K->1256K(304192K)] 578408K->322796K(991168K), 0.0133010 secs] [Times: user=0.08 sys=0.01, real=0.01 secs] 
2014-07-08T08:26:08.295+0000: 1373.845: [GC [PSYoungGen: 303582K->1068K(309120K)] 625123K->322680K(996096K), 0.0046440 secs] [Times: user=0.02 sys=0.01, real=0.00 secs] 
2014-07-08T08:26:09.381+0000: 1374.930: [GC [PSYoungGen: 308396K->940K(299968K)] 630008K->322616K(986944K), 0.0067440 secs] [Times: user=0.05 sys=0.00, real=0.01 secs] 
2014-07-08T08:26:10.423+0000: 1375.973: [GC [PSYoungGen: 299946K->890K(291904K)] 621622K->322844K(978880K), 0.0075780 secs] [Times: user=0.05 sys=0.00, real=0.00 secs] 
2014-07-08T08:26:11.498+0000: 1377.048: [GC [PSYoungGen: 291833K->1096K(284480K)] 613788K->323154K(971456K), 0.0066780 secs] [Times: user=0.04 sys=0.00, real=0.01 secs] 
2014-07-08T08:26:12.423+0000: 1377.972: [GC [PSYoungGen: 284409K->793K(276800K)] 606468K->322907K(963776K), 0.0091280 secs] [Times: user=0.06 sys=0.00, real=0.01 secs] 
2014-07-08T08:26:13.388+0000: 1378.938: [GC [PSYoungGen: 276761K->1086K(269952K)] 598875K->323272K(956928K), 0.0085520 secs] [Times: user=0.05 sys=0.01, real=0.01 secs] 
2014-07-08T08:26:14.334+0000: 1379.884: [GC [PSYoungGen: 269950K->1300K(263360K)] 592136K->323558K(950336K), 0.0108580 secs] [Times: user=0.07 sys=0.00, real=0.01 secs] 
2014-07-08T08:26:15.256+0000: 1380.805: [GC [PSYoungGen: 263268K->900K(256384K)] 585526K->323230K(943360K), 0.0045310 secs] [Times: user=0.02 sys=0.00, real=0.00 secs] 
2014-07-08T08:26:16.153+0000: 1381.703: [GC [PSYoungGen: 256322K->1058K(250176K)] 578652K->323622K(937152K), 0.0077110 secs] [Times: user=0.06 sys=0.00, real=0.00 secs] 
2014-07-08T08:26:17.035+0000: 1382.584: [GC [PSYoungGen: 250146K->1064K(244096K)] 572710K->323700K(931072K), 0.0042640 secs] [Times: user=0.03 sys=0.00, real=0.00 secs] 
2014-07-08T08:26:17.991+0000: 1383.540: [GC [PSYoungGen: 244065K->1196K(238336K)] 566702K->324090K(925312K), 0.0051990 secs] [Times: user=0.03 sys=0.00, real=0.01 secs] 
2014-07-08T08:26:18.740+0000: 1384.289: [GC [PSYoungGen: 238289K->1364K(232896K)] 561183K->324338K(919872K), 0.0082230 secs] [Times: user=0.06 sys=0.00, real=0.01 secs] 
2014-07-08T08:26:19.535+0000: 1385.084: [GC [PSYoungGen: 232846K->886K(226944K)] 555820K->324178K(913920K), 0.0078750 secs] [Times: user=0.06 sys=0.00, real=0.00 secs] 
2014-07-08T08:26:20.321+0000: 1385.870: [GC [PSYoungGen: 226934K->1218K(222080K)] 550226K->324590K(909056K), 0.0055110 secs] [Times: user=0.03 sys=0.00, real=0.01 secs] 
2014-07-08T08:26:21.097+0000: 1386.647: [GC [PSYoungGen: 222018K->1004K(216768K)] 545390K->324472K(903744K), 0.0070160 secs] [Times: user=0.04 sys=0.00, real=0.01 secs] 
2014-07-08T08:26:21.891+0000: 1387.440: [GC [PSYoungGen: 216748K->1254K(212160K)] 540216K->324810K(899136K), 0.0067690 secs] [Times: user=0.04 sys=0.00, real=0.01 secs] 
2014-07-08T08:26:22.591+0000: 1388.141: [GC [PSYoungGen: 212134K->1068K(207232K)] 535690K->324866K(894208K), 0.0071620 secs] [Times: user=0.05 sys=0.00, real=0.01 secs] 
2014-07-08T08:26:23.323+0000: 1388.872: [GC [PSYoungGen: 207212K->1606K(203264K)] 531010K->325484K(890240K), 0.0095700 secs] [Times: user=0.06 sys=0.01, real=0.01 secs] 
2014-07-08T08:26:24.020+0000: 1389.569: [GC [PSYoungGen: 203206K->616K(197824K)] 527084K->325421K(884800K), 0.0036600 secs] [Times: user=0.02 sys=0.00, real=0.00 secs] 
2014-07-08T08:26:24.825+0000: 1390.374: [GC [PSYoungGen: 197800K->1508K(194496K)] 522605K->326377K(881472K), 0.0085870 secs] [Times: user=0.05 sys=0.00, real=0.01 secs] 
2014-07-08T08:26:25.387+0000: 1390.937: [GC [PSYoungGen: 194453K->1078K(189952K)] 519322K->326159K(876928K), 0.0064640 secs] [Times: user=0.04 sys=0.00, real=0.00 secs] 
2014-07-08T08:26:26.055+0000: 1391.604: [GC [PSYoungGen: 189942K->1385K(186304K)] 515023K->326562K(873280K), 0.0067910 secs] [Times: user=0.05 sys=0.00, real=0.01 secs] 
2014-07-08T08:26:26.707+0000: 1392.256: [GC [PSYoungGen: 186281K->1250K(182336K)] 511458K->326483K(869312K), 0.0040900 secs] [Times: user=0.02 sys=0.00, real=0.00 secs] 
2014-07-08T08:26:27.333+0000: 1392.883: [GC [PSYoungGen: 182282K->1403K(178752K)] 507515K->326708K(865728K), 0.0077240 secs] [Times: user=0.04 sys=0.00, real=0.01 secs] 
2014-07-08T08:26:27.961+0000: 1393.510: [GC [PSYoungGen: 178747K->886K(213760K)] 504052K->326287K(900736K), 0.0093260 secs] [Times: user=0.06 sys=0.00, real=0.01 secs] 
2014-07-08T08:26:28.712+0000: 1394.261: [GC [PSYoungGen: 213750K->1542K(209664K)] 539151K->327015K(896640K), 0.0042020 secs] [Times: user=0.02 sys=0.00, real=0.01 secs] 
2014-07-08T08:26:29.463+0000: 1395.012: [GC [PSYoungGen: 209561K->1018K(204480K)] 535034K->326587K(891456K), 0.0079380 secs] [Times: user=0.06 sys=0.00, real=0.01 secs] 
2014-07-08T08:26:30.166+0000: 1395.716: [GC [PSYoungGen: 204430K->1053K(200064K)] 529999K->326710K(887040K), 0.0052800 secs] [Times: user=0.03 sys=0.00, real=0.00 secs] 
2014-07-08T08:26:30.890+0000: 1396.440: [GC [PSYoungGen: 200027K->1645K(196352K)] 525684K->327398K(883328K), 0.0079480 secs] [Times: user=0.05 sys=0.00, real=0.01 secs] 
2014-07-08T08:26:31.511+0000: 1397.061: [GC [PSYoungGen: 196333K->926K(191488K)] 522086K->326743K(878464K), 0.0035410 secs] [Times: user=0.01 sys=0.00, real=0.00 secs] 
2014-07-08T08:26:32.181+0000: 1397.731: [GC [PSYoungGen: 191405K->804K(187328K)] 517222K->326685K(874304K), 0.0040570 secs] [Times: user=0.02 sys=0.00, real=0.00 secs] 
2014-07-08T08:26:32.864+0000: 1398.413: [GC [PSYoungGen: 187300K->1494K(184128K)] 513181K->327447K(871104K), 0.0038690 secs] [Times: user=0.02 sys=0.00, real=0.01 secs] 
2014-07-08T08:26:33.453+0000: 1399.002: [GC [PSYoungGen: 184086K->1040K(220224K)] 510039K->327073K(907200K), 0.0117520 secs] [Times: user=0.08 sys=0.00, real=0.01 secs] 
2014-07-08T08:26:34.223+0000: 1399.772: [GC [PSYoungGen: 220176K->1122K(264128K)] 546209K->327227K(951104K), 0.0095540 secs] [Times: user=0.06 sys=0.00, real=0.01 secs] 
2014-07-08T08:26:35.266+0000: 1400.816: [GC [PSYoungGen: 264093K->1760K(258176K)] 590198K->327905K(945152K), 0.0053010 secs] [Times: user=0.02 sys=0.00, real=0.00 secs] 
2014-07-08T08:26:36.054+0000: 1401.603: [GC [PSYoungGen: 258127K->1107K(288448K)] 584272K->327284K(975424K), 0.0120820 secs] [Times: user=0.08 sys=0.00, real=0.02 secs] 
2014-07-08T08:26:37.073+0000: 1402.623: [GC [PSYoungGen: 287507K->1036K(280000K)] 613684K->327343K(966976K), 0.0060440 secs] [Times: user=0.04 sys=0.00, real=0.01 secs] 
2014-07-08T08:26:38.020+0000: 1403.569: [GC [PSYoungGen: 279948K->1228K(272960K)] 606255K->327607K(959936K), 0.0056070 secs] [Times: user=0.03 sys=0.01, real=0.00 secs] 
2014-07-08T08:26:39.000+0000: 1404.549: [GC [PSYoungGen: 272885K->1634K(266432K)] 599264K->328093K(953408K), 0.0047840 secs] [Times: user=0.03 sys=0.00, real=0.00 secs] 
2014-07-08T08:26:39.937+0000: 1405.486: [GC [PSYoungGen: 266402K->1224K(259392K)] 592861K->327739K(946368K), 0.0092690 secs] [Times: user=0.05 sys=0.00, real=0.00 secs] 
2014-07-08T08:26:40.793+0000: 1406.343: [GC [PSYoungGen: 259336K->1086K(252800K)] 585851K->327861K(939776K), 0.0084550 secs] [Times: user=0.05 sys=0.00, real=0.01 secs] 
2014-07-08T08:26:41.655+0000: 1407.204: [GC [PSYoungGen: 252798K->1456K(246976K)] 579573K->328287K(933952K), 0.0042160 secs] [Times: user=0.02 sys=0.00, real=0.01 secs] 
2014-07-08T08:26:42.510+0000: 1408.060: [GC [PSYoungGen: 246960K->1008K(240576K)] 573791K->327937K(927552K), 0.0035890 secs] [Times: user=0.02 sys=0.00, real=0.00 secs] 
2014-07-08T08:26:43.352+0000: 1408.901: [GC [PSYoungGen: 240544K->1104K(234944K)] 567473K->328121K(921920K), 0.0061610 secs] [Times: user=0.03 sys=0.00, real=0.01 secs] 
2014-07-08T08:26:44.173+0000: 1409.722: [GC [PSYoungGen: 234894K->1204K(229504K)] 561912K->328317K(916480K), 0.0052180 secs] [Times: user=0.04 sys=0.00, real=0.01 secs] 
2014-07-08T08:26:45.227+0000: 1410.777: [GC [PSYoungGen: 229492K->1760K(224768K)] 556605K->329078K(911744K), 0.0157490 secs] [Times: user=0.09 sys=0.00, real=0.02 secs] 
2014-07-08T08:26:46.019+0000: 1411.569: [GC [PSYoungGen: 224736K->630K(268224K)] 552054K->328861K(955200K), 0.0228800 secs] [Times: user=0.18 sys=0.00, real=0.02 secs] 
2014-07-08T08:26:46.872+0000: 1412.421: [GC [PSYoungGen: 268214K->1608K(302144K)] 596445K->329896K(989120K), 0.0068290 secs] [Times: user=0.04 sys=0.01, real=0.01 secs] 
2014-07-08T08:26:47.796+0000: 1413.346: [GC [PSYoungGen: 301686K->2044K(322880K)] 629974K->330675K(1009856K), 0.0142620 secs] [Times: user=0.08 sys=0.00, real=0.02 secs] 
2014-07-08T08:26:48.938+0000: 1414.487: [GC [PSYoungGen: 322876K->1456K(323200K)] 651507K->330183K(1010176K), 0.0043200 secs] [Times: user=0.02 sys=0.00, real=0.01 secs] 
2014-07-08T08:26:50.017+0000: 1415.566: [GC [PSYoungGen: 322288K->968K(387328K)] 651015K->329743K(1074304K), 0.0152300 secs] [Times: user=0.09 sys=0.00, real=0.02 secs] 
2014-07-08T08:26:51.391+0000: 1416.940: [GC [PSYoungGen: 385992K->1072K(374592K)] 714767K->329911K(1061568K), 0.0065290 secs] [Times: user=0.04 sys=0.00, real=0.00 secs] 
2014-07-08T08:26:52.670+0000: 1418.219: [GC [PSYoungGen: 374576K->1260K(363776K)] 703415K->330286K(1050752K), 0.0054640 secs] [Times: user=0.02 sys=0.01, real=0.00 secs] 
2014-07-08T08:26:53.933+0000: 1419.482: [GC [PSYoungGen: 363756K->1468K(353408K)] 692782K->330565K(1040384K), 0.0097990 secs] [Times: user=0.07 sys=0.00, real=0.01 secs] 
2014-07-08T08:26:55.210+0000: 1420.759: [GC [PSYoungGen: 353369K->1616K(343488K)] 682466K->330793K(1030464K), 0.0040490 secs] [Times: user=0.02 sys=0.00, real=0.00 secs] 
2014-07-08T08:26:56.334+0000: 1421.883: [GC [PSYoungGen: 343424K->1210K(333312K)] 672602K->330444K(1020288K), 0.0044190 secs] [Times: user=0.02 sys=0.00, real=0.00 secs] 
2014-07-08T08:26:57.509+0000: 1423.058: [GC [PSYoungGen: 333306K->1154K(323968K)] 662540K->330459K(1010944K), 0.0108820 secs] [Times: user=0.07 sys=0.00, real=0.01 secs] 
2014-07-08T08:26:58.640+0000: 1424.189: [GC [PSYoungGen: 323906K->1036K(314880K)] 653211K->330413K(1001856K), 0.0078130 secs] [Times: user=0.05 sys=0.00, real=0.01 secs] 
2014-07-08T08:26:59.741+0000: 1425.290: [GC [PSYoungGen: 314826K->1068K(306304K)] 644204K->330477K(993280K), 0.0123400 secs] [Times: user=0.08 sys=0.00, real=0.01 secs] 
2014-07-08T08:27:00.781+0000: 1426.330: [GC [PSYoungGen: 306284K->1814K(298816K)] 635693K->331320K(985792K), 0.0035440 secs] [Times: user=0.02 sys=0.01, real=0.00 secs] 
2014-07-08T08:27:01.828+0000: 1427.377: [GC [PSYoungGen: 298774K->1204K(290240K)] 628280K->330943K(977216K), 0.0053020 secs] [Times: user=0.03 sys=0.00, real=0.01 secs] 
2014-07-08T08:27:02.885+0000: 1428.435: [GC [PSYoungGen: 290222K->1797K(283264K)] 619962K->331633K(970240K), 0.0041710 secs] [Times: user=0.03 sys=0.00, real=0.00 secs] 
2014-07-08T08:27:03.796+0000: 1429.346: [GC [PSYoungGen: 283172K->1168K(275328K)] 613008K->331117K(962304K), 0.0034190 secs] [Times: user=0.02 sys=0.00, real=0.00 secs] 
2014-07-08T08:27:04.761+0000: 1430.310: [GC [PSYoungGen: 275280K->1460K(268544K)] 605229K->331489K(955520K), 0.0071900 secs] [Times: user=0.05 sys=0.00, real=0.01 secs] 
2014-07-08T08:27:05.685+0000: 1431.234: [GC [PSYoungGen: 268532K->1100K(261440K)] 598561K->331209K(948416K), 0.0056280 secs] [Times: user=0.04 sys=0.00, real=0.00 secs] 
2014-07-08T08:27:06.601+0000: 1432.150: [GC [PSYoungGen: 261379K->1420K(255232K)] 591488K->331594K(942208K), 0.0108530 secs] [Times: user=0.07 sys=0.00, real=0.02 secs] 
2014-07-08T08:27:07.499+0000: 1433.048: [GC [PSYoungGen: 255164K->1054K(248576K)] 585338K->331291K(935552K), 0.0099210 secs] [Times: user=0.06 sys=0.00, real=0.01 secs] 
2014-07-08T08:27:08.374+0000: 1433.924: [GC [PSYoungGen: 248542K->990K(242496K)] 578779K->331299K(929472K), 0.0061740 secs] [Times: user=0.04 sys=0.00, real=0.00 secs] 
2014-07-08T08:27:09.199+0000: 1434.748: [GC [PSYoungGen: 242462K->986K(236672K)] 572771K->331367K(923648K), 0.0075180 secs] [Times: user=0.04 sys=0.00, real=0.01 secs] 
2014-07-08T08:27:10.037+0000: 1435.586: [GC [PSYoungGen: 236634K->978K(231104K)] 567015K->331391K(918080K), 0.0060960 secs] [Times: user=0.03 sys=0.00, real=0.01 secs] 
2014-07-08T08:27:10.864+0000: 1436.413: [GC [PSYoungGen: 231058K->1164K(225920K)] 561471K->331649K(912896K), 0.0115570 secs] [Times: user=0.06 sys=0.00, real=0.01 secs] 
2014-07-08T08:27:11.625+0000: 1437.174: [GC [PSYoungGen: 225868K->1136K(220672K)] 556353K->331685K(907648K), 0.0087410 secs] [Times: user=0.05 sys=0.00, real=0.01 secs] 
2014-07-08T08:27:12.388+0000: 1437.937: [GC [PSYoungGen: 220656K->1424K(216000K)] 551205K->332061K(902976K), 0.0063870 secs] [Times: user=0.04 sys=0.00, real=0.01 secs] 
2014-07-08T08:27:13.131+0000: 1438.680: [GC [PSYoungGen: 215952K->1264K(210944K)] 546589K->331958K(897920K), 0.0055140 secs] [Times: user=0.03 sys=0.00, real=0.01 secs] 
2014-07-08T08:27:13.995+0000: 1439.544: [GC [PSYoungGen: 210928K->1136K(206144K)] 541622K->332144K(893120K), 0.0068840 secs] [Times: user=0.04 sys=0.00, real=0.01 secs] 
2014-07-08T08:27:14.594+0000: 1440.144: [GC [PSYoungGen: 206096K->1506K(202048K)] 537104K->332578K(889024K), 0.0079140 secs] [Times: user=0.05 sys=0.01, real=0.01 secs] 
2014-07-08T08:27:15.286+0000: 1440.836: [GC [PSYoungGen: 202018K->1072K(241728K)] 533090K->332274K(928704K), 0.0084860 secs] [Times: user=0.05 sys=0.01, real=0.01 secs] 
2014-07-08T08:27:16.130+0000: 1441.679: [GC [PSYoungGen: 241671K->1086K(235968K)] 572873K->332336K(922944K), 0.0072860 secs] [Times: user=0.04 sys=0.00, real=0.01 secs] 
2014-07-08T08:27:16.990+0000: 1442.540: [GC [PSYoungGen: 235966K->1328K(230656K)] 567216K->332674K(917632K), 0.0071220 secs] [Times: user=0.05 sys=0.00, real=0.01 secs] 
2014-07-08T08:27:17.776+0000: 1443.325: [GC [PSYoungGen: 230608K->1399K(276608K)] 561954K->332785K(963584K), 0.0107500 secs] [Times: user=0.06 sys=0.00, real=0.01 secs] 
2014-07-08T08:27:18.722+0000: 1444.272: [GC [PSYoungGen: 276592K->894K(331136K)] 607978K->332622K(1018112K), 0.0102810 secs] [Times: user=0.06 sys=0.00, real=0.01 secs] 
2014-07-08T08:27:19.969+0000: 1445.518: [GC [PSYoungGen: 331134K->1368K(322432K)] 662862K->333152K(1009408K), 0.0091860 secs] [Times: user=0.06 sys=0.00, real=0.01 secs] 
2014-07-08T08:27:21.037+0000: 1446.586: [GC [PSYoungGen: 322392K->1307K(313472K)] 654176K->333171K(1000448K), 0.0083430 secs] [Times: user=0.05 sys=0.00, real=0.01 secs] 
2014-07-08T08:27:22.074+0000: 1447.624: [GC [PSYoungGen: 313435K->1353K(305024K)] 645299K->333289K(992000K), 0.0084600 secs] [Times: user=0.05 sys=0.00, real=0.00 secs] 
2014-07-08T08:27:23.112+0000: 1448.662: [GC [PSYoungGen: 304969K->766K(296192K)] 636905K->333243K(983168K), 0.0052530 secs] [Times: user=0.02 sys=0.00, real=0.01 secs] 
2014-07-08T08:27:24.131+0000: 1449.680: [GC [PSYoungGen: 296190K->1641K(289216K)] 628667K->334355K(976192K), 0.0107880 secs] [Times: user=0.07 sys=0.00, real=0.01 secs] 
2014-07-08T08:27:25.205+0000: 1450.755: [GC [PSYoungGen: 289193K->948K(280960K)] 621907K->334309K(967936K), 0.0070560 secs] [Times: user=0.05 sys=0.00, real=0.00 secs] 
2014-07-08T08:27:26.134+0000: 1451.684: [GC [PSYoungGen: 280948K->1308K(274112K)] 614309K->334717K(961088K), 0.0040460 secs] [Times: user=0.02 sys=0.00, real=0.00 secs] 
2014-07-08T08:27:27.122+0000: 1452.672: [GC [PSYoungGen: 274076K->722K(266560K)] 607485K->334477K(953536K), 0.0059170 secs] [Times: user=0.04 sys=0.00, real=0.01 secs] 
2014-07-08T08:27:28.055+0000: 1453.604: [GC [PSYoungGen: 266514K->1142K(260224K)] 600269K->334969K(947200K), 0.0116310 secs] [Times: user=0.07 sys=0.00, real=0.01 secs] 
2014-07-08T08:27:28.997+0000: 1454.546: [GC [PSYoungGen: 260214K->904K(253568K)] 594041K->334779K(940544K), 0.0063370 secs] [Times: user=0.03 sys=0.00, real=0.00 secs] 
2014-07-08T08:27:29.895+0000: 1455.444: [GC [PSYoungGen: 253512K->1232K(247680K)] 587387K->335203K(934656K), 0.0066880 secs] [Times: user=0.04 sys=0.00, real=0.00 secs] 
2014-07-08T08:27:30.885+0000: 1456.434: [GC [PSYoungGen: 247583K->1658K(242048K)] 581554K->335685K(929024K), 0.0037790 secs] [Times: user=0.02 sys=0.00, real=0.00 secs] 
2014-07-08T08:27:31.561+0000: 1457.110: [GC [PSYoungGen: 242042K->1282K(235968K)] 576069K->335365K(922944K), 0.0115960 secs] [Times: user=0.06 sys=0.00, real=0.01 secs] 
2014-07-08T08:27:32.390+0000: 1457.939: [GC [PSYoungGen: 235904K->972K(282624K)] 569987K->335127K(969600K), 0.0110710 secs] [Times: user=0.08 sys=0.01, real=0.01 secs] 
2014-07-08T08:27:33.385+0000: 1458.935: [GC [PSYoungGen: 282561K->1082K(275392K)] 616716K->335317K(962368K), 0.0052050 secs] [Times: user=0.03 sys=0.01, real=0.00 secs] 
2014-07-08T08:27:34.367+0000: 1459.916: [GC [PSYoungGen: 275365K->1007K(268288K)] 609600K->335338K(955264K), 0.0067420 secs] [Times: user=0.04 sys=0.00, real=0.00 secs] 
2014-07-08T08:27:35.296+0000: 1460.845: [GC [PSYoungGen: 268271K->1331K(261824K)] 602602K->335718K(948800K), 0.0047200 secs] [Times: user=0.02 sys=0.01, real=0.00 secs] 
2014-07-08T08:27:36.337+0000: 1461.887: [GC [PSYoungGen: 261794K->1404K(255360K)] 596182K->335995K(942336K), 0.0063980 secs] [Times: user=0.04 sys=0.00, real=0.00 secs] 
2014-07-08T08:27:37.167+0000: 1462.716: [GC [PSYoungGen: 255356K->900K(248640K)] 589947K->335539K(935616K), 0.0068570 secs] [Times: user=0.04 sys=0.01, real=0.00 secs] 
2014-07-08T08:27:37.968+0000: 1463.518: [GC [PSYoungGen: 248580K->1186K(242880K)] 583219K->335905K(929856K), 0.0066570 secs] [Times: user=0.05 sys=0.00, real=0.00 secs] 
2014-07-08T08:27:38.843+0000: 1464.393: [GC [PSYoungGen: 242850K->1528K(237376K)] 577569K->336343K(924352K), 0.0086100 secs] [Times: user=0.06 sys=0.01, real=0.01 secs] 
2014-07-08T08:27:39.632+0000: 1465.181: [GC [PSYoungGen: 237339K->1004K(231232K)] 572154K->336415K(918208K), 0.0072840 secs] [Times: user=0.04 sys=0.00, real=0.01 secs] 
2014-07-08T08:27:40.458+0000: 1466.008: [GC [PSYoungGen: 231212K->1232K(226112K)] 566623K->336715K(913088K), 0.0056050 secs] [Times: user=0.02 sys=0.01, real=0.00 secs] 
2014-07-08T08:27:41.273+0000: 1466.822: [GC [PSYoungGen: 226064K->886K(220544K)] 561547K->336647K(907520K), 0.0074040 secs] [Times: user=0.05 sys=0.00, real=0.01 secs] 
2014-07-08T08:27:42.038+0000: 1467.588: [GC [PSYoungGen: 220534K->1104K(215808K)] 556295K->336913K(902784K), 0.0105990 secs] [Times: user=0.04 sys=0.00, real=0.01 secs] 
2014-07-08T08:27:42.785+0000: 1468.335: [GC [PSYoungGen: 215760K->1584K(211392K)] 551569K->337465K(898368K), 0.0067510 secs] [Times: user=0.05 sys=0.01, real=0.01 secs] 
2014-07-08T08:27:43.512+0000: 1469.062: [GC [PSYoungGen: 211376K->990K(252800K)] 547257K->336943K(939776K), 0.0109390 secs] [Times: user=0.08 sys=0.00, real=0.01 secs] 
2014-07-08T08:27:44.388+0000: 1469.937: [GC [PSYoungGen: 252762K->1004K(246592K)] 588715K->337037K(933568K), 0.0060520 secs] [Times: user=0.03 sys=0.00, real=0.00 secs] 
2014-07-08T08:27:45.245+0000: 1470.794: [GC [PSYoungGen: 246572K->1438K(241088K)] 582605K->337551K(928064K), 0.0084590 secs] [Times: user=0.06 sys=0.00, real=0.01 secs] 
2014-07-08T08:27:46.151+0000: 1471.700: [GC [PSYoungGen: 241054K->1404K(235264K)] 577167K->337613K(922240K), 0.0065700 secs] [Times: user=0.04 sys=0.00, real=0.01 secs] 
2014-07-08T08:27:46.973+0000: 1472.523: [GC [PSYoungGen: 235225K->1592K(229952K)] 571435K->337857K(916928K), 0.0090470 secs] [Times: user=0.05 sys=0.00, real=0.01 secs] 
2014-07-08T08:27:47.703+0000: 1473.252: [GC [PSYoungGen: 229944K->876K(274944K)] 566209K->337910K(961920K), 0.0089530 secs] [Times: user=0.06 sys=0.00, real=0.01 secs] 
2014-07-08T08:27:48.644+0000: 1474.194: [GC [PSYoungGen: 274924K->1100K(268160K)] 611958K->338214K(955136K), 0.0035490 secs] [Times: user=0.02 sys=0.00, real=0.01 secs] 
2014-07-08T08:27:49.572+0000: 1475.121: [GC [PSYoungGen: 268108K->1100K(261376K)] 605222K->338384K(948352K), 0.0074020 secs] [Times: user=0.03 sys=0.01, real=0.01 secs] 
2014-07-08T08:27:50.487+0000: 1476.037: [GC [PSYoungGen: 261324K->1578K(255296K)] 598608K->338982K(942272K), 0.0047290 secs] [Times: user=0.03 sys=0.00, real=0.01 secs] 
2014-07-08T08:27:51.358+0000: 1476.907: [GC [PSYoungGen: 255274K->1072K(248512K)] 592678K->338564K(935488K), 0.0060680 secs] [Times: user=0.03 sys=0.00, real=0.01 secs] 
2014-07-08T08:27:52.257+0000: 1477.806: [GC [PSYoungGen: 248426K->1470K(242880K)] 585918K->339034K(929856K), 0.0085050 secs] [Times: user=0.05 sys=0.00, real=0.01 secs] 
2014-07-08T08:27:53.088+0000: 1478.637: [GC [PSYoungGen: 242878K->786K(236416K)] 580442K->338406K(923392K), 0.0038990 secs] [Times: user=0.02 sys=0.01, real=0.00 secs] 
2014-07-08T08:27:53.959+0000: 1479.509: [GC [PSYoungGen: 236363K->1470K(231488K)] 573983K->339154K(918464K), 0.0069530 secs] [Times: user=0.05 sys=0.00, real=0.00 secs] 
2014-07-08T08:27:54.691+0000: 1480.240: [GC [PSYoungGen: 231477K->1815K(226496K)] 569161K->339571K(913472K), 0.0075300 secs] [Times: user=0.05 sys=0.00, real=0.01 secs] 
2014-07-08T08:27:55.461+0000: 1481.011: [GC [PSYoungGen: 226455K->690K(270272K)] 564211K->338486K(957248K), 0.0157600 secs] [Times: user=0.10 sys=0.00, real=0.01 secs] 
2014-07-08T08:27:56.406+0000: 1481.956: [GC [PSYoungGen: 270258K->1086K(263808K)] 608054K->338986K(950784K), 0.0056700 secs] [Times: user=0.04 sys=0.00, real=0.01 secs] 
2014-07-08T08:27:57.330+0000: 1482.879: [GC [PSYoungGen: 263806K->1118K(257280K)] 601706K->339114K(944256K), 0.0068030 secs] [Times: user=0.03 sys=0.00, real=0.00 secs] 
2014-07-08T08:27:58.305+0000: 1483.854: [GC [PSYoungGen: 257218K->1200K(251008K)] 595214K->339252K(937984K), 0.0076230 secs] [Times: user=0.05 sys=0.01, real=0.01 secs] 
2014-07-08T08:27:59.107+0000: 1484.657: [GC [PSYoungGen: 250985K->936K(244608K)] 589037K->339076K(931584K), 0.0066140 secs] [Times: user=0.04 sys=0.00, real=0.01 secs] 
2014-07-08T08:27:59.979+0000: 1485.528: [GC [PSYoungGen: 244584K->882K(238656K)] 582724K->339086K(925632K), 0.0040980 secs] [Times: user=0.01 sys=0.00, real=0.01 secs] 
2014-07-08T08:28:00.822+0000: 1486.371: [GC [PSYoungGen: 238642K->1470K(233536K)] 576846K->339738K(920512K), 0.0111690 secs] [Times: user=0.06 sys=0.00, real=0.01 secs] 
2014-07-08T08:28:01.632+0000: 1487.181: [GC [PSYoungGen: 233534K->1414K(228096K)] 571802K->339730K(915072K), 0.0079260 secs] [Times: user=0.05 sys=0.00, real=0.01 secs] 
2014-07-08T08:28:02.415+0000: 1487.964: [GC [PSYoungGen: 228038K->1058K(222464K)] 566354K->339438K(909440K), 0.0101680 secs] [Times: user=0.05 sys=0.00, real=0.01 secs] 
2014-07-08T08:28:03.201+0000: 1488.750: [GC [PSYoungGen: 222434K->936K(217280K)] 560814K->339388K(904256K), 0.0073390 secs] [Times: user=0.05 sys=0.00, real=0.00 secs] 
2014-07-08T08:28:04.026+0000: 1489.575: [GC [PSYoungGen: 217256K->1250K(212672K)] 555708K->339750K(899648K), 0.0080800 secs] [Times: user=0.05 sys=0.00, real=0.01 secs] 
2014-07-08T08:28:04.684+0000: 1490.233: [GC [PSYoungGen: 212610K->1492K(208192K)] 551110K->340032K(895168K), 0.0060020 secs] [Times: user=0.02 sys=0.01, real=0.00 secs] 
2014-07-08T08:28:05.400+0000: 1490.949: [GC [PSYoungGen: 208148K->822K(202944K)] 546688K->339474K(889920K), 0.0059580 secs] [Times: user=0.04 sys=0.00, real=0.01 secs] 
2014-07-08T08:28:06.176+0000: 1491.725: [GC [PSYoungGen: 202933K->1516K(199232K)] 541585K->340354K(886208K), 0.0074160 secs] [Times: user=0.05 sys=0.00, real=0.01 secs] 
2014-07-08T08:28:06.829+0000: 1492.378: [GC [PSYoungGen: 199212K->1214K(194624K)] 538050K->340108K(881600K), 0.0068110 secs] [Times: user=0.03 sys=0.00, real=0.01 secs] 
2014-07-08T08:28:07.514+0000: 1493.063: [GC [PSYoungGen: 194622K->1104K(190464K)] 533516K->340086K(877440K), 0.0043080 secs] [Times: user=0.02 sys=0.01, real=0.00 secs] 
2014-07-08T08:28:08.159+0000: 1493.708: [GC [PSYoungGen: 190416K->1278K(186624K)] 529398K->340316K(873600K), 0.0083890 secs] [Times: user=0.04 sys=0.00, real=0.01 secs] 
2014-07-08T08:28:08.846+0000: 1494.396: [GC [PSYoungGen: 186622K->1462K(182976K)] 525660K->340604K(869952K), 0.0069710 secs] [Times: user=0.05 sys=0.01, real=0.01 secs] 
2014-07-08T08:28:09.431+0000: 1494.980: [GC [PSYoungGen: 182966K->1090K(219008K)] 522108K->340304K(905984K), 0.0070020 secs] [Times: user=0.04 sys=0.00, real=0.00 secs] 
2014-07-08T08:28:10.228+0000: 1495.777: [GC [PSYoungGen: 218946K->936K(262400K)] 558160K->340214K(949376K), 0.0093570 secs] [Times: user=0.06 sys=0.00, real=0.01 secs] 
2014-07-08T08:28:11.120+0000: 1496.669: [GC [PSYoungGen: 262376K->1396K(315136K)] 601654K->340746K(1002112K), 0.0083150 secs] [Times: user=0.03 sys=0.00, real=0.01 secs] 
2014-07-08T08:28:12.222+0000: 1497.772: [GC [PSYoungGen: 315124K->1040K(306240K)] 654474K->340454K(993216K), 0.0085000 secs] [Times: user=0.04 sys=0.01, real=0.00 secs] 
2014-07-08T08:28:13.292+0000: 1498.841: [GC [PSYoungGen: 306192K->1082K(297984K)] 645606K->340576K(984960K), 0.0075190 secs] [Times: user=0.05 sys=0.00, real=0.00 secs] 
2014-07-08T08:28:14.333+0000: 1499.882: [GC [PSYoungGen: 297964K->1036K(290048K)] 637459K->340594K(977024K), 0.0067360 secs] [Times: user=0.03 sys=0.00, real=0.00 secs] 
2014-07-08T08:28:15.372+0000: 1500.922: [GC [PSYoungGen: 289996K->1054K(282432K)] 629554K->340700K(969408K), 0.0071020 secs] [Times: user=0.05 sys=0.00, real=0.00 secs] 
2014-07-08T08:28:16.349+0000: 1501.899: [GC [PSYoungGen: 282398K->1168K(275264K)] 622044K->340910K(962240K), 0.0043070 secs] [Times: user=0.02 sys=0.00, real=0.01 secs] 
2014-07-08T08:28:17.289+0000: 1502.839: [GC [PSYoungGen: 275216K->1538K(268608K)] 614958K->341320K(955584K), 0.0046520 secs] [Times: user=0.02 sys=0.00, real=0.01 secs] 
2014-07-08T08:28:18.222+0000: 1503.772: [GC [PSYoungGen: 268546K->680K(260928K)] 608328K->340678K(947904K), 0.0049160 secs] [Times: user=0.03 sys=0.00, real=0.00 secs] 
2014-07-08T08:28:19.128+0000: 1504.677: [GC [PSYoungGen: 260904K->1053K(254784K)] 600902K->341131K(941760K), 0.0097790 secs] [Times: user=0.06 sys=0.00, real=0.01 secs] 
2014-07-08T08:28:20.002+0000: 1505.552: [GC [PSYoungGen: 254749K->1430K(248896K)] 594827K->341629K(935872K), 0.0063750 secs] [Times: user=0.03 sys=0.01, real=0.00 secs] 
2014-07-08T08:28:20.981+0000: 1506.530: [GC [PSYoungGen: 248854K->1690K(243136K)] 589053K->341968K(930112K), 0.0073510 secs] [Times: user=0.05 sys=0.00, real=0.01 secs] 
2014-07-08T08:28:21.741+0000: 1507.291: [GC [PSYoungGen: 243098K->420K(236032K)] 583376K->341470K(923008K), 0.0038630 secs] [Times: user=0.02 sys=0.00, real=0.01 secs] 
2014-07-08T08:28:22.546+0000: 1508.095: [GC [PSYoungGen: 236004K->1618K(231680K)] 577054K->342724K(918656K), 0.0095130 secs] [Times: user=0.06 sys=0.00, real=0.01 secs] 
2014-07-08T08:28:23.351+0000: 1508.900: [GC [PSYoungGen: 231594K->918K(225600K)] 572700K->342490K(912576K), 0.0088020 secs] [Times: user=0.05 sys=0.01, real=0.01 secs] 
2014-07-08T08:28:24.128+0000: 1509.678: [GC [PSYoungGen: 225509K->1061K(220544K)] 567082K->342689K(907520K), 0.0053920 secs] [Times: user=0.03 sys=0.00, real=0.01 secs] 
2014-07-08T08:28:24.956+0000: 1510.506: [GC [PSYoungGen: 220517K->1346K(215872K)] 562145K->343030K(902848K), 0.0087830 secs] [Times: user=0.05 sys=0.00, real=0.01 secs] 
2014-07-08T08:28:25.650+0000: 1511.199: [GC [PSYoungGen: 215802K->1352K(258816K)] 557486K->343084K(945792K), 0.0110180 secs] [Times: user=0.06 sys=0.01, real=0.01 secs] 
2014-07-08T08:28:26.682+0000: 1512.231: [GC [PSYoungGen: 258760K->940K(251968K)] 600492K->343036K(938944K), 0.0081570 secs] [Times: user=0.05 sys=0.01, real=0.01 secs] 
2014-07-08T08:28:27.473+0000: 1513.022: [GC [PSYoungGen: 251948K->1246K(246144K)] 594044K->343438K(933120K), 0.0037900 secs] [Times: user=0.02 sys=0.00, real=0.01 secs] 
2014-07-08T08:28:28.294+0000: 1513.843: [GC [PSYoungGen: 246110K->922K(239872K)] 588302K->343260K(926848K), 0.0081780 secs] [Times: user=0.05 sys=0.00, real=0.00 secs] 
2014-07-08T08:28:29.130+0000: 1514.679: [GC [PSYoungGen: 239834K->894K(234112K)] 582172K->343280K(921088K), 0.0101590 secs] [Times: user=0.07 sys=0.00, real=0.01 secs] 
2014-07-08T08:28:29.974+0000: 1515.523: [GC [PSYoungGen: 234110K->1352K(229120K)] 576496K->343795K(916096K), 0.0096390 secs] [Times: user=0.06 sys=0.00, real=0.00 secs] 
2014-07-08T08:28:30.752+0000: 1516.301: [GC [PSYoungGen: 229029K->1264K(223680K)] 571472K->343786K(910656K), 0.0063840 secs] [Times: user=0.04 sys=0.00, real=0.01 secs] 
2014-07-08T08:28:31.597+0000: 1517.147: [GC [PSYoungGen: 223664K->936K(218240K)] 566186K->343888K(905216K), 0.0056570 secs] [Times: user=0.04 sys=0.00, real=0.00 secs] 
2014-07-08T08:28:32.280+0000: 1517.829: [GC [PSYoungGen: 218180K->1204K(213568K)] 561133K->344212K(900544K), 0.0073730 secs] [Times: user=0.04 sys=0.00, real=0.01 secs] 
2014-07-08T08:28:33.024+0000: 1518.574: [GC [PSYoungGen: 213556K->1122K(208768K)] 556564K->344326K(895744K), 0.0053710 secs] [Times: user=0.04 sys=0.00, real=0.00 secs] 
2014-07-08T08:28:33.767+0000: 1519.317: [GC [PSYoungGen: 208738K->1488K(204544K)] 551942K->344764K(891520K), 0.0087320 secs] [Times: user=0.06 sys=0.00, real=0.01 secs] 
2014-07-08T08:28:34.464+0000: 1520.013: [GC [PSYoungGen: 204427K->687K(199296K)] 547704K->344393K(886272K), 0.0055620 secs] [Times: user=0.03 sys=0.00, real=0.01 secs] 
2014-07-08T08:28:35.166+0000: 1520.715: [GC [PSYoungGen: 199260K->1720K(196032K)] 542967K->345631K(883008K), 0.0052870 secs] [Times: user=0.03 sys=0.00, real=0.00 secs] 
2014-07-08T08:28:35.877+0000: 1521.427: [GC [PSYoungGen: 196024K->1072K(191232K)] 539935K->345765K(878208K), 0.0059740 secs] [Times: user=0.04 sys=0.00, real=0.00 secs] 
2014-07-08T08:28:36.536+0000: 1522.085: [GC [PSYoungGen: 191199K->1488K(229760K)] 535892K->346205K(916736K), 0.0194900 secs] [Times: user=0.11 sys=0.00, real=0.02 secs] 
2014-07-08T08:28:37.372+0000: 1522.921: [GC [PSYoungGen: 229712K->1242K(275200K)] 574429K->346089K(962176K), 0.0062070 secs] [Times: user=0.04 sys=0.00, real=0.01 secs] 
2014-07-08T08:28:38.259+0000: 1523.809: [GC [PSYoungGen: 275119K->908K(267840K)] 619966K->345811K(954816K), 0.0038450 secs] [Times: user=0.02 sys=0.00, real=0.00 secs] 
2014-07-08T08:28:39.203+0000: 1524.752: [GC [PSYoungGen: 267788K->1014K(261120K)] 612691K->346005K(948096K), 0.0063150 secs] [Times: user=0.04 sys=0.00, real=0.01 secs] 
2014-07-08T08:28:40.117+0000: 1525.666: [GC [PSYoungGen: 261110K->1086K(254656K)] 606101K->346141K(941632K), 0.0076390 secs] [Times: user=0.05 sys=0.00, real=0.00 secs] 
2014-07-08T08:28:40.991+0000: 1526.540: [GC [PSYoungGen: 254654K->754K(248064K)] 599709K->345913K(935040K), 0.0090710 secs] [Times: user=0.05 sys=0.00, real=0.01 secs] 
2014-07-08T08:28:41.882+0000: 1527.431: [GC [PSYoungGen: 248050K->1588K(242880K)] 593209K->346819K(929856K), 0.0053820 secs] [Times: user=0.03 sys=0.00, real=0.01 secs] 
2014-07-08T08:28:42.704+0000: 1528.254: [GC [PSYoungGen: 242868K->1220K(236736K)] 588099K->346515K(923712K), 0.0114440 secs] [Times: user=0.05 sys=0.01, real=0.01 secs] 
2014-07-08T08:28:43.537+0000: 1529.086: [GC [PSYoungGen: 236676K->1238K(231168K)] 581971K->346605K(918144K), 0.0047910 secs] [Times: user=0.02 sys=0.00, real=0.00 secs] 
2014-07-08T08:28:44.339+0000: 1529.889: [GC [PSYoungGen: 231126K->1090K(225664K)] 576493K->346537K(912640K), 0.0061500 secs] [Times: user=0.04 sys=0.00, real=0.00 secs] 
2014-07-08T08:28:45.129+0000: 1530.679: [GC [PSYoungGen: 225564K->1082K(220416K)] 571011K->346585K(907392K), 0.0062540 secs] [Times: user=0.04 sys=0.00, real=0.00 secs] 
2014-07-08T08:28:45.926+0000: 1531.475: [GC [PSYoungGen: 220410K->1380K(215744K)] 565913K->346923K(902720K), 0.0070110 secs] [Times: user=0.03 sys=0.00, real=0.01 secs] 
2014-07-08T08:28:46.768+0000: 1532.318: [GC [PSYoungGen: 215711K->1781K(211264K)] 561254K->347396K(898240K), 0.0098530 secs] [Times: user=0.05 sys=0.00, real=0.01 secs] 
2014-07-08T08:28:47.377+0000: 1532.927: [GC [PSYoungGen: 211253K->552K(205376K)] 556868K->346541K(892352K), 0.0068930 secs] [Times: user=0.04 sys=0.00, real=0.00 secs] 
2014-07-08T08:28:48.125+0000: 1533.674: [GC [PSYoungGen: 205277K->1809K(202176K)] 551266K->347862K(889152K), 0.0074010 secs] [Times: user=0.05 sys=0.00, real=0.01 secs] 
2014-07-08T08:28:48.842+0000: 1534.392: [GC [PSYoungGen: 202098K->1346K(197376K)] 548151K->347645K(884352K), 0.0062060 secs] [Times: user=0.04 sys=0.00, real=0.01 secs] 
2014-07-08T08:28:49.481+0000: 1535.031: [GC [PSYoungGen: 197286K->1373K(193152K)] 543585K->347744K(880128K), 0.0078680 secs] [Times: user=0.05 sys=0.00, real=0.01 secs] 
2014-07-08T08:28:50.154+0000: 1535.703: [GC [PSYoungGen: 193117K->1154K(188928K)] 539488K->347597K(875904K), 0.0070300 secs] [Times: user=0.05 sys=0.00, real=0.01 secs] 
2014-07-08T08:28:50.850+0000: 1536.399: [GC [PSYoungGen: 188857K->1714K(185536K)] 535300K->348261K(872512K), 0.0056920 secs] [Times: user=0.04 sys=0.00, real=0.00 secs] 
2014-07-08T08:28:51.441+0000: 1536.991: [GC [PSYoungGen: 185522K->1068K(181120K)] 532069K->347695K(868096K), 0.0066800 secs] [Times: user=0.05 sys=0.00, real=0.01 secs] 
2014-07-08T08:28:52.151+0000: 1537.701: [GC [PSYoungGen: 181050K->1550K(177984K)] 527677K->348289K(864960K), 0.0056210 secs] [Times: user=0.03 sys=0.00, real=0.01 secs] 
2014-07-08T08:28:52.681+0000: 1538.230: [GC [PSYoungGen: 177934K->1214K(212928K)] 524673K->348049K(899904K), 0.0086140 secs] [Times: user=0.05 sys=0.00, real=0.01 secs] 
2014-07-08T08:28:53.416+0000: 1538.966: [GC [PSYoungGen: 212926K->1072K(255168K)] 559761K->347963K(942144K), 0.0066450 secs] [Times: user=0.03 sys=0.00, real=0.01 secs] 
2014-07-08T08:28:54.339+0000: 1539.889: [GC [PSYoungGen: 255152K->1218K(286656K)] 602043K->348157K(973632K), 0.0095640 secs] [Times: user=0.05 sys=0.01, real=0.01 secs] 
2014-07-08T08:28:55.287+0000: 1540.836: [GC [PSYoungGen: 286146K->1186K(278720K)] 633085K->348205K(965696K), 0.0075110 secs] [Times: user=0.03 sys=0.01, real=0.01 secs] 
2014-07-08T08:28:56.259+0000: 1541.808: [GC [PSYoungGen: 278690K->744K(271104K)] 625709K->347965K(958080K), 0.0045540 secs] [Times: user=0.02 sys=0.00, real=0.00 secs] 
2014-07-08T08:28:57.243+0000: 1542.792: [GC [PSYoungGen: 271080K->1154K(264640K)] 618301K->348447K(951616K), 0.0060450 secs] [Times: user=0.03 sys=0.00, real=0.01 secs] 
2014-07-08T08:28:58.147+0000: 1543.696: [GC [PSYoungGen: 264568K->990K(257792K)] 611862K->348389K(944768K), 0.0075140 secs] [Times: user=0.05 sys=0.00, real=0.01 secs] 
2014-07-08T08:28:59.100+0000: 1544.650: [GC [PSYoungGen: 257751K->1500K(251904K)] 605150K->348947K(938880K), 0.0094390 secs] [Times: user=0.05 sys=0.00, real=0.01 secs] 
2014-07-08T08:29:00.019+0000: 1545.568: [GC [PSYoungGen: 251868K->1192K(245440K)] 599315K->348791K(932416K), 0.0097540 secs] [Times: user=0.05 sys=0.00, real=0.01 secs] 
2014-07-08T08:29:00.785+0000: 1546.334: [GC [PSYoungGen: 245383K->1252K(282560K)] 592982K->348891K(969536K), 0.0158120 secs] [Times: user=0.10 sys=0.00, real=0.02 secs] 
2014-07-08T08:29:01.759+0000: 1547.308: [GC [PSYoungGen: 281944K->1042K(294912K)] 629583K->348829K(981888K), 0.0101810 secs] [Times: user=0.05 sys=0.01, real=0.01 secs] 
2014-07-08T08:29:02.807+0000: 1548.357: [GC [PSYoungGen: 294139K->1554K(286976K)] 641926K->349389K(973952K), 0.0053340 secs] [Times: user=0.02 sys=0.01, real=0.01 secs] 
2014-07-08T08:29:03.797+0000: 1549.347: [GC [PSYoungGen: 286930K->242K(293120K)] 634765K->349181K(980096K), 0.0147990 secs] [Times: user=0.07 sys=0.01, real=0.02 secs] 
2014-07-08T08:29:04.820+0000: 1550.369: [GC [PSYoungGen: 293106K->1852K(286976K)] 642045K->350927K(973952K), 0.0058730 secs] [Times: user=0.02 sys=0.00, real=0.00 secs] 
2014-07-08T08:29:05.821+0000: 1551.371: [GC [PSYoungGen: 286972K->64K(277760K)] 636047K->351149K(964736K), 0.0063950 secs] [Times: user=0.05 sys=0.00, real=0.00 secs] 
2014-07-08T08:29:06.796+0000: 1552.345: [GC [PSYoungGen: 277752K->1866K(272448K)] 628838K->352984K(959424K), 0.0127810 secs] [Times: user=0.08 sys=0.00, real=0.01 secs] 
2014-07-08T08:29:07.747+0000: 1553.296: [GC [PSYoungGen: 272394K->1392K(292544K)] 623512K->353108K(979520K), 0.0156030 secs] [Times: user=0.09 sys=0.00, real=0.02 secs] 
2014-07-08T08:29:08.726+0000: 1554.275: [GC [PSYoungGen: 291631K->1228K(283840K)] 643347K->353040K(970816K), 0.0043640 secs] [Times: user=0.02 sys=0.00, real=0.01 secs] 
2014-07-08T08:29:09.700+0000: 1555.250: [GC [PSYoungGen: 283788K->1000K(276224K)] 635600K->352868K(963200K), 0.0076000 secs] [Times: user=0.05 sys=0.00, real=0.00 secs] 
2014-07-08T08:29:10.679+0000: 1556.229: [GC [PSYoungGen: 276192K->1136K(269248K)] 628060K->353044K(956224K), 0.0092510 secs] [Times: user=0.06 sys=0.00, real=0.01 secs] 
2014-07-08T08:29:11.595+0000: 1557.144: [GC [PSYoungGen: 269232K->1334K(262656K)] 621140K->353314K(949632K), 0.0047220 secs] [Times: user=0.03 sys=0.00, real=0.00 secs] 
2014-07-08T08:29:12.520+0000: 1558.070: [GC [PSYoungGen: 262645K->1214K(256000K)] 614625K->353242K(942976K), 0.0101270 secs] [Times: user=0.07 sys=0.00, real=0.01 secs] 
2014-07-08T08:29:13.426+0000: 1558.975: [GC [PSYoungGen: 255959K->1410K(249984K)] 607987K->353534K(936960K), 0.0066860 secs] [Times: user=0.04 sys=0.00, real=0.01 secs] 
2014-07-08T08:29:14.293+0000: 1559.842: [GC [PSYoungGen: 249891K->950K(243392K)] 602015K->353154K(930368K), 0.0066810 secs] [Times: user=0.05 sys=0.00, real=0.00 secs] 
2014-07-08T08:29:15.129+0000: 1560.678: [GC [PSYoungGen: 243373K->1288K(237952K)] 595577K->353572K(924928K), 0.0039730 secs] [Times: user=0.02 sys=0.00, real=0.01 secs] 
2014-07-08T08:29:16.057+0000: 1561.606: [GC [PSYoungGen: 237852K->1776K(232768K)] 590136K->354140K(919744K), 0.0078070 secs] [Times: user=0.05 sys=0.00, real=0.01 secs] 
2014-07-08T08:29:16.764+0000: 1562.313: [GC [PSYoungGen: 232724K->880K(226432K)] 585088K->353640K(913408K), 0.0092770 secs] [Times: user=0.06 sys=0.00, real=0.01 secs] 
2014-07-08T08:29:17.553+0000: 1563.102: [GC [PSYoungGen: 226416K->1164K(221504K)] 579176K->353980K(908480K), 0.0068200 secs] [Times: user=0.04 sys=0.00, real=0.00 secs] 
2014-07-08T08:29:18.312+0000: 1563.861: [GC [PSYoungGen: 221415K->1216K(216512K)] 574231K->354353K(903488K), 0.0076290 secs] [Times: user=0.04 sys=0.00, real=0.00 secs] 
2014-07-08T08:29:19.067+0000: 1564.617: [GC [PSYoungGen: 216448K->1040K(211456K)] 569585K->354240K(898432K), 0.0043920 secs] [Times: user=0.02 sys=0.00, real=0.01 secs] 
2014-07-08T08:29:19.808+0000: 1565.357: [GC [PSYoungGen: 211364K->1132K(206848K)] 564564K->354364K(893824K), 0.0075990 secs] [Times: user=0.02 sys=0.00, real=0.01 secs] 
2014-07-08T08:29:20.530+0000: 1566.080: [GC [PSYoungGen: 206828K->940K(202112K)] 560060K->354252K(889088K), 0.0076190 secs] [Times: user=0.05 sys=0.00, real=0.01 secs] 
2014-07-08T08:29:21.229+0000: 1566.778: [GC [PSYoungGen: 202092K->1076K(197888K)] 555404K->354452K(884864K), 0.0083530 secs] [Times: user=0.05 sys=0.00, real=0.01 secs] 
2014-07-08T08:29:22.049+0000: 1567.598: [GC [PSYoungGen: 197876K->1756K(237952K)] 551252K->355228K(924928K), 0.0115250 secs] [Times: user=0.07 sys=0.00, real=0.01 secs] 
2014-07-08T08:29:22.755+0000: 1568.304: [GC [PSYoungGen: 237916K->894K(278464K)] 591388K->354682K(965440K), 0.0122150 secs] [Times: user=0.07 sys=0.00, real=0.01 secs] 
2014-07-08T08:29:23.720+0000: 1569.269: [GC [PSYoungGen: 278462K->1164K(279488K)] 632250K->355016K(966464K), 0.0111460 secs] [Times: user=0.06 sys=0.01, real=0.01 secs] 
2014-07-08T08:29:24.683+0000: 1570.232: [GC [PSYoungGen: 278732K->1214K(334912K)] 632584K->355336K(1021888K), 0.0043700 secs] [Times: user=0.02 sys=0.00, real=0.00 secs] 
2014-07-08T08:29:25.881+0000: 1571.431: [GC [PSYoungGen: 334334K->1406K(334976K)] 688456K->355560K(1021952K), 0.0149420 secs] [Times: user=0.09 sys=0.00, real=0.02 secs] 
2014-07-08T08:29:27.109+0000: 1572.658: [GC [PSYoungGen: 334526K->1670K(401536K)] 688680K->355888K(1088512K), 0.0187380 secs] [Times: user=0.13 sys=0.00, real=0.02 secs] 
2014-07-08T08:29:28.408+0000: 1573.957: [GC [PSYoungGen: 401342K->1240K(401600K)] 755560K->355522K(1088576K), 0.0074380 secs] [Times: user=0.04 sys=0.00, real=0.01 secs] 
2014-07-08T08:29:29.822+0000: 1575.371: [GC [PSYoungGen: 400920K->1236K(388864K)] 755202K->355566K(1075840K), 0.0075390 secs] [Times: user=0.04 sys=0.00, real=0.01 secs] 
2014-07-08T08:29:31.166+0000: 1576.716: [GC [PSYoungGen: 388820K->1160K(377216K)] 743150K->355546K(1064192K), 0.0078250 secs] [Times: user=0.04 sys=0.00, real=0.01 secs] 
2014-07-08T08:29:32.559+0000: 1578.108: [GC [PSYoungGen: 377160K->1250K(366144K)] 731546K->355882K(1053120K), 0.0035940 secs] [Times: user=0.02 sys=0.01, real=0.00 secs] 
2014-07-08T08:29:33.795+0000: 1579.344: [GC [PSYoungGen: 366114K->1470K(355648K)] 720746K->356174K(1042624K), 0.0114280 secs] [Times: user=0.06 sys=0.00, real=0.01 secs] 
2014-07-08T08:29:35.033+0000: 1580.583: [GC [PSYoungGen: 355646K->921K(344896K)] 710350K->355721K(1031872K), 0.0063480 secs] [Times: user=0.04 sys=0.00, real=0.01 secs] 
2014-07-08T08:29:36.220+0000: 1581.770: [GC [PSYoungGen: 344822K->1096K(335296K)] 699623K->355976K(1022272K), 0.0054230 secs] [Times: user=0.03 sys=0.00, real=0.01 secs] 
2014-07-08T08:29:37.442+0000: 1582.992: [GC [PSYoungGen: 335240K->1630K(326400K)] 690120K->356582K(1013376K), 0.0041320 secs] [Times: user=0.02 sys=0.00, real=0.01 secs] 
2014-07-08T08:29:38.515+0000: 1584.064: [GC [PSYoungGen: 326366K->904K(316672K)] 681318K->355952K(1003648K), 0.0086100 secs] [Times: user=0.05 sys=0.00, real=0.00 secs] 
2014-07-08T08:29:39.625+0000: 1585.175: [GC [PSYoungGen: 316591K->1263K(308352K)] 671639K->356646K(995328K), 0.0096920 secs] [Times: user=0.06 sys=0.00, real=0.01 secs] 
2014-07-08T08:29:40.704+0000: 1586.253: [GC [PSYoungGen: 308322K->1524K(300288K)] 663704K->356978K(987264K), 0.0084380 secs] [Times: user=0.05 sys=0.00, real=0.01 secs] 
2014-07-08T08:29:41.781+0000: 1587.331: [GC [PSYoungGen: 300275K->1204K(291968K)] 655729K->356764K(978944K), 0.0109460 secs] [Times: user=0.07 sys=0.00, real=0.01 secs] 
2014-07-08T08:29:42.812+0000: 1588.361: [GC [PSYoungGen: 291956K->1232K(284352K)] 647516K->356848K(971328K), 0.0083240 secs] [Times: user=0.05 sys=0.01, real=0.01 secs] 
2014-07-08T08:29:43.837+0000: 1589.386: [GC [PSYoungGen: 284304K->1364K(277120K)] 639920K->357028K(964096K), 0.0146680 secs] [Times: user=0.10 sys=0.00, real=0.01 secs] 
2014-07-08T08:29:44.727+0000: 1590.276: [GC [PSYoungGen: 277046K->1386K(270016K)] 632711K->357138K(956992K), 0.0103710 secs] [Times: user=0.06 sys=0.00, real=0.01 secs] 
2014-07-08T08:29:45.648+0000: 1591.198: [GC [PSYoungGen: 269994K->946K(262720K)] 625746K->356934K(949696K), 0.0092750 secs] [Times: user=0.04 sys=0.01, real=0.01 secs] 
2014-07-08T08:29:46.557+0000: 1592.107: [GC [PSYoungGen: 262635K->1602K(256832K)] 618624K->357662K(943808K), 0.0085640 secs] [Times: user=0.05 sys=0.00, real=0.01 secs] 
2014-07-08T08:29:47.477+0000: 1593.026: [GC [PSYoungGen: 256766K->1010K(307264K)] 612827K->357927K(994240K), 0.0201520 secs] [Times: user=0.13 sys=0.01, real=0.02 secs] 
2014-07-08T08:29:48.534+0000: 1594.084: [GC [PSYoungGen: 307246K->1214K(368704K)] 664164K->358187K(1055680K), 0.0122420 secs] [Times: user=0.07 sys=0.00, real=0.02 secs] 
2014-07-08T08:29:49.813+0000: 1595.362: [GC [PSYoungGen: 368702K->1075K(442112K)] 725675K->358526K(1129088K), 0.0050310 secs] [Times: user=0.02 sys=0.00, real=0.01 secs] 
2014-07-08T08:29:51.354+0000: 1596.904: [GC [PSYoungGen: 442087K->1272K(428416K)] 799538K->358819K(1115392K), 0.0068840 secs] [Times: user=0.05 sys=0.00, real=0.01 secs] 
2014-07-08T08:29:52.981+0000: 1598.530: [GC [PSYoungGen: 428408K->1652K(415488K)] 785955K->359271K(1102464K), 0.0115870 secs] [Times: user=0.07 sys=0.00, real=0.01 secs] 
2014-07-08T08:29:54.382+0000: 1599.932: [GC [PSYoungGen: 415476K->1132K(402240K)] 773095K->358831K(1089216K), 0.0090130 secs] [Times: user=0.06 sys=0.00, real=0.01 secs] 
2014-07-08T08:29:55.744+0000: 1601.294: [GC [PSYoungGen: 402220K->1322K(390272K)] 759919K->359289K(1077248K), 0.0143430 secs] [Times: user=0.08 sys=0.00, real=0.02 secs] 
2014-07-08T08:29:57.106+0000: 1602.655: [GC [PSYoungGen: 390250K->704K(377984K)] 748217K->358735K(1064960K), 0.0069070 secs] [Times: user=0.05 sys=0.00, real=0.01 secs] 
2014-07-08T08:29:58.421+0000: 1603.971: [GC [PSYoungGen: 377984K->950K(367040K)] 736015K->359061K(1054016K), 0.0066620 secs] [Times: user=0.03 sys=0.00, real=0.01 secs] 
2014-07-08T08:29:59.726+0000: 1605.275: [GC [PSYoungGen: 367030K->1480K(356928K)] 725141K->359680K(1043904K), 0.0073740 secs] [Times: user=0.05 sys=0.00, real=0.01 secs] 
2014-07-08T08:30:01.011+0000: 1606.561: [GC [PSYoungGen: 356872K->1474K(346688K)] 715072K->359737K(1033664K), 0.0038750 secs] [Times: user=0.01 sys=0.00, real=0.00 secs] 
2014-07-08T08:30:02.179+0000: 1607.728: [GC [PSYoungGen: 346626K->940K(336256K)] 704889K->359283K(1023232K), 0.0074730 secs] [Times: user=0.05 sys=0.00, real=0.00 secs] 
2014-07-08T08:30:03.368+0000: 1608.917: [GC [PSYoungGen: 336210K->818K(326656K)] 694554K->359233K(1013632K), 0.0113140 secs] [Times: user=0.08 sys=0.00, real=0.01 secs] 
2014-07-08T08:30:04.498+0000: 1610.047: [GC [PSYoungGen: 326642K->1074K(317824K)] 685057K->359586K(1004800K), 0.0082410 secs] [Times: user=0.05 sys=0.00, real=0.00 secs] 
2014-07-08T08:30:05.609+0000: 1611.159: [GC [PSYoungGen: 317810K->1118K(309184K)] 676322K->359693K(996160K), 0.0056000 secs] [Times: user=0.03 sys=0.00, real=0.00 secs] 
2014-07-08T08:30:06.724+0000: 1612.274: [GC [PSYoungGen: 309116K->1766K(301440K)] 667691K->360406K(988416K), 0.0080880 secs] [Times: user=0.05 sys=0.00, real=0.01 secs] 
2014-07-08T08:30:07.743+0000: 1613.292: [GC [PSYoungGen: 301413K->932K(292608K)] 660053K->360154K(979584K), 0.0099300 secs] [Times: user=0.06 sys=0.01, real=0.01 secs] 
2014-07-08T08:30:08.778+0000: 1614.327: [GC [PSYoungGen: 292580K->1816K(285824K)] 651802K->361109K(972800K), 0.0096220 secs] [Times: user=0.05 sys=0.00, real=0.01 secs] 
2014-07-08T08:30:09.771+0000: 1615.321: [GC [PSYoungGen: 285784K->1090K(277696K)] 645077K->360802K(964672K), 0.0078880 secs] [Times: user=0.05 sys=0.00, real=0.01 secs] 
2014-07-08T08:30:10.761+0000: 1616.311: [GC [PSYoungGen: 277603K->1246K(270720K)] 637314K->360989K(957696K), 0.0162070 secs] [Times: user=0.09 sys=0.00, real=0.01 secs] 
2014-07-08T08:30:11.717+0000: 1617.266: [GC [PSYoungGen: 270686K->1068K(263680K)] 630429K->360875K(950656K), 0.0051230 secs] [Times: user=0.02 sys=0.00, real=0.01 secs] 
2014-07-08T08:30:12.628+0000: 1618.178: [GC [PSYoungGen: 263660K->786K(256832K)] 623467K->360633K(943808K), 0.0130820 secs] [Times: user=0.08 sys=0.00, real=0.02 secs] 
2014-07-08T08:30:13.534+0000: 1619.084: [GC [PSYoungGen: 256786K->1100K(250816K)] 616633K->361027K(937792K), 0.0086570 secs] [Times: user=0.05 sys=0.00, real=0.01 secs] 
2014-07-08T08:30:14.399+0000: 1619.948: [GC [PSYoungGen: 250764K->1008K(244608K)] 610691K->360992K(931584K), 0.0079130 secs] [Times: user=0.05 sys=0.00, real=0.01 secs] 
2014-07-08T08:30:15.254+0000: 1620.804: [GC [PSYoungGen: 244592K->1220K(238976K)] 604576K->361260K(925952K), 0.0097980 secs] [Times: user=0.05 sys=0.00, real=0.01 secs] 
2014-07-08T08:30:16.109+0000: 1621.659: [GC [PSYoungGen: 238916K->950K(286208K)] 598956K->361061K(973184K), 0.0111330 secs] [Times: user=0.05 sys=0.00, real=0.02 secs] 
2014-07-08T08:30:17.145+0000: 1622.695: [GC [PSYoungGen: 286198K->1250K(343616K)] 646309K->361426K(1030592K), 0.0097120 secs] [Times: user=0.06 sys=0.00, real=0.01 secs] 
2014-07-08T08:30:18.317+0000: 1623.866: [GC [PSYoungGen: 343586K->1232K(333888K)] 703762K->361472K(1020864K), 0.0088410 secs] [Times: user=0.05 sys=0.00, real=0.01 secs] 
2014-07-08T08:30:19.461+0000: 1625.010: [GC [PSYoungGen: 333840K->942K(324224K)] 694080K->361254K(1011200K), 0.0042930 secs] [Times: user=0.02 sys=0.01, real=0.00 secs] 
2014-07-08T08:30:20.598+0000: 1626.147: [GC [PSYoungGen: 324206K->1158K(315520K)] 684518K->361526K(1002496K), 0.0051180 secs] [Times: user=0.03 sys=0.01, real=0.01 secs] 
2014-07-08T08:30:21.705+0000: 1627.255: [GC [PSYoungGen: 315462K->1452K(307200K)] 675830K->362170K(994176K), 0.0065880 secs] [Times: user=0.04 sys=0.00, real=0.01 secs] 
2014-07-08T08:30:22.810+0000: 1628.359: [GC [PSYoungGen: 307136K->1690K(299200K)] 667854K->362456K(986176K), 0.0127080 secs] [Times: user=0.07 sys=0.01, real=0.02 secs] 
2014-07-08T08:30:23.819+0000: 1629.368: [GC [PSYoungGen: 299162K->680K(290240K)] 659928K->362428K(977216K), 0.0044830 secs] [Times: user=0.02 sys=0.00, real=0.01 secs] 
2014-07-08T08:30:24.863+0000: 1630.412: [GC [PSYoungGen: 290216K->1694K(283648K)] 651964K->363499K(970624K), 0.0077420 secs] [Times: user=0.04 sys=0.00, real=0.00 secs] 
2014-07-08T08:30:25.870+0000: 1631.420: [GC [PSYoungGen: 283614K->1542K(276160K)] 645419K->363542K(963136K), 0.0073800 secs] [Times: user=0.04 sys=0.01, real=0.01 secs] 
2014-07-08T08:30:26.805+0000: 1632.355: [GC [PSYoungGen: 276102K->1200K(330688K)] 638102K->363232K(1017664K), 0.0194690 secs] [Times: user=0.11 sys=0.00, real=0.02 secs] 
2014-07-08T08:30:28.015+0000: 1633.564: [GC [PSYoungGen: 330672K->1406K(321664K)] 692704K->363494K(1008640K), 0.0085680 secs] [Times: user=0.03 sys=0.00, real=0.01 secs] 
2014-07-08T08:30:29.127+0000: 1634.676: [GC [PSYoungGen: 321662K->1050K(312512K)] 683750K->363194K(999488K), 0.0063270 secs] [Times: user=0.03 sys=0.00, real=0.01 secs] 
2014-07-08T08:30:30.146+0000: 1635.695: [GC [PSYoungGen: 312474K->872K(303808K)] 674618K->363072K(990784K), 0.0056810 secs] [Times: user=0.03 sys=0.00, real=0.00 secs] 
2014-07-08T08:30:31.202+0000: 1636.752: [GC [PSYoungGen: 303784K->1204K(296000K)] 665984K->363492K(982976K), 0.0093070 secs] [Times: user=0.05 sys=0.00, real=0.00 secs] 
2014-07-08T08:30:32.237+0000: 1637.786: [GC [PSYoungGen: 295988K->986K(288000K)] 658276K->363370K(974976K), 0.0075880 secs] [Times: user=0.04 sys=0.00, real=0.01 secs] 
2014-07-08T08:30:33.336+0000: 1638.885: [GC [PSYoungGen: 287962K->1744K(281216K)] 650346K->364192K(968192K), 0.0047670 secs] [Times: user=0.03 sys=0.00, real=0.00 secs] 
2014-07-08T08:30:34.227+0000: 1639.776: [GC [PSYoungGen: 281168K->990K(273216K)] 643616K->363486K(960192K), 0.0037660 secs] [Times: user=0.02 sys=0.00, real=0.00 secs] 
2014-07-08T08:30:35.175+0000: 1640.724: [GC [PSYoungGen: 273182K->1090K(266368K)] 635678K->363650K(953344K), 0.0080430 secs] [Times: user=0.06 sys=0.00, real=0.01 secs] 
2014-07-08T08:30:36.116+0000: 1641.666: [GC [PSYoungGen: 266306K->1104K(259648K)] 628866K->363736K(946624K), 0.0101690 secs] [Times: user=0.06 sys=0.00, real=0.01 secs] 
2014-07-08T08:30:37.035+0000: 1642.585: [GC [PSYoungGen: 259600K->836K(252928K)] 622232K->363540K(939904K), 0.0069030 secs] [Times: user=0.04 sys=0.00, real=0.00 secs] 
2014-07-08T08:30:37.906+0000: 1643.455: [GC [PSYoungGen: 252868K->1352K(247232K)] 615572K->364129K(934208K), 0.0067340 secs] [Times: user=0.05 sys=0.00, real=0.00 secs] 
2014-07-08T08:30:38.925+0000: 1644.475: [GC [PSYoungGen: 247171K->1260K(241152K)] 609947K->364148K(928128K), 0.0038580 secs] [Times: user=0.02 sys=0.00, real=0.00 secs] 
2014-07-08T08:30:39.663+0000: 1645.213: [GC [PSYoungGen: 241111K->1200K(235328K)] 604000K->364284K(922304K), 0.0037330 secs] [Times: user=0.02 sys=0.00, real=0.01 secs] 
2014-07-08T08:30:40.474+0000: 1646.023: [GC [PSYoungGen: 235312K->786K(229376K)] 598396K->363958K(916352K), 0.0034040 secs] [Times: user=0.02 sys=0.01, real=0.00 secs] 
2014-07-08T08:30:41.221+0000: 1646.771: [GC [PSYoungGen: 229330K->1156K(224448K)] 592502K->364425K(911424K), 0.0086980 secs] [Times: user=0.06 sys=0.00, real=0.01 secs] 
2014-07-08T08:30:42.071+0000: 1647.621: [GC [PSYoungGen: 224388K->1310K(219456K)] 587656K->364642K(906432K), 0.0066240 secs] [Times: user=0.04 sys=0.00, real=0.01 secs] 
2014-07-08T08:30:42.785+0000: 1648.334: [GC [PSYoungGen: 219398K->1190K(214336K)] 582731K->364936K(901312K), 0.0061680 secs] [Times: user=0.03 sys=0.00, real=0.00 secs] 
2014-07-08T08:30:43.518+0000: 1649.067: [GC [PSYoungGen: 214310K->1642K(209984K)] 578056K->365453K(896960K), 0.0048610 secs] [Times: user=0.03 sys=0.00, real=0.00 secs] 
2014-07-08T08:30:44.308+0000: 1649.858: [GC [PSYoungGen: 209962K->840K(204608K)] 573773K->364946K(891584K), 0.0037250 secs] [Times: user=0.03 sys=0.00, real=0.00 secs] 
2014-07-08T08:30:44.999+0000: 1650.549: [GC [PSYoungGen: 204552K->1470K(200704K)] 568658K->365625K(887680K), 0.0107200 secs] [Times: user=0.05 sys=0.00, real=0.01 secs] 
2014-07-08T08:30:45.670+0000: 1651.220: [GC [PSYoungGen: 200702K->1210K(196160K)] 564857K->365420K(883136K), 0.0048530 secs] [Times: user=0.02 sys=0.00, real=0.01 secs] 
2014-07-08T08:30:46.354+0000: 1651.903: [GC [PSYoungGen: 196154K->1186K(192000K)] 560364K->365476K(878976K), 0.0058660 secs] [Times: user=0.04 sys=0.00, real=0.01 secs] 
2014-07-08T08:30:47.037+0000: 1652.586: [GC [PSYoungGen: 191921K->1272K(188032K)] 556212K->365627K(875008K), 0.0050200 secs] [Times: user=0.03 sys=0.00, real=0.00 secs] 
2014-07-08T08:30:47.695+0000: 1653.245: [GC [PSYoungGen: 188024K->1224K(225408K)] 552379K->365611K(912384K), 0.0137320 secs] [Times: user=0.09 sys=0.00, real=0.01 secs] 
2014-07-08T08:30:48.464+0000: 1654.013: [GC [PSYoungGen: 225330K->1188K(270208K)] 589717K->365909K(957184K), 0.0082970 secs] [Times: user=0.06 sys=0.00, real=0.01 secs] 
2014-07-08T08:30:49.387+0000: 1654.937: [GC [PSYoungGen: 270136K->1078K(263232K)] 634857K->365855K(950208K), 0.0061370 secs] [Times: user=0.04 sys=0.00, real=0.00 secs] 
2014-07-08T08:30:50.351+0000: 1655.901: [GC [PSYoungGen: 263222K->1164K(256768K)] 627999K->366060K(943744K), 0.0057200 secs] [Times: user=0.04 sys=0.00, real=0.01 secs] 
2014-07-08T08:30:51.186+0000: 1656.735: [GC [PSYoungGen: 256641K->1026K(250304K)] 621538K->365979K(937280K), 0.0095820 secs] [Times: user=0.07 sys=0.00, real=0.01 secs] 
2014-07-08T08:30:52.111+0000: 1657.661: [GC [PSYoungGen: 250242K->1338K(244480K)] 615195K->366429K(931456K), 0.0054690 secs] [Times: user=0.03 sys=0.00, real=0.01 secs] 
2014-07-08T08:30:52.939+0000: 1658.488: [GC [PSYoungGen: 244474K->968K(238272K)] 609565K->366106K(925248K), 0.0043940 secs] [Times: user=0.02 sys=0.00, real=0.00 secs] 
2014-07-08T08:30:53.832+0000: 1659.381: [GC [PSYoungGen: 238193K->1268K(232896K)] 603332K->366705K(919872K), 0.0051140 secs] [Times: user=0.02 sys=0.00, real=0.01 secs] 
2014-07-08T08:30:54.586+0000: 1660.136: [GC [PSYoungGen: 232883K->1254K(227456K)] 598320K->366795K(914432K), 0.0088180 secs] [Times: user=0.06 sys=0.01, real=0.00 secs] 
2014-07-08T08:30:55.432+0000: 1660.981: [GC [PSYoungGen: 227410K->1186K(222144K)] 592951K->367731K(909120K), 0.0096720 secs] [Times: user=0.06 sys=0.00, real=0.01 secs] 
2014-07-08T08:30:56.170+0000: 1661.720: [GC [PSYoungGen: 222114K->1522K(217408K)] 588659K->368115K(904384K), 0.0038030 secs] [Times: user=0.02 sys=0.00, real=0.00 secs] 
2014-07-08T08:30:56.923+0000: 1662.472: [GC [PSYoungGen: 217394K->1378K(212416K)] 583987K->368409K(899392K), 0.0071440 secs] [Times: user=0.04 sys=0.00, real=0.01 secs] 
2014-07-08T08:30:57.634+0000: 1663.184: [GC [PSYoungGen: 212386K->1468K(254720K)] 579417K->368579K(941696K), 0.0115190 secs] [Times: user=0.07 sys=0.00, real=0.02 secs] 
2014-07-08T08:30:58.571+0000: 1664.120: [GC [PSYoungGen: 254679K->1000K(248000K)] 621790K->368175K(934976K), 0.0043000 secs] [Times: user=0.02 sys=0.00, real=0.00 secs] 
2014-07-08T08:30:59.389+0000: 1664.938: [GC [PSYoungGen: 247941K->1154K(242176K)] 615117K->368409K(929152K), 0.0071280 secs] [Times: user=0.05 sys=0.00, real=0.00 secs] 
2014-07-08T08:31:00.278+0000: 1665.828: [GC [PSYoungGen: 242114K->1907K(237120K)] 609369K->369292K(924096K), 0.0081470 secs] [Times: user=0.05 sys=0.00, real=0.00 secs] 
2014-07-08T08:31:01.053+0000: 1666.602: [GC [PSYoungGen: 237107K->908K(230592K)] 604492K->368341K(917568K), 0.0086260 secs] [Times: user=0.05 sys=0.00, real=0.01 secs] 
2014-07-08T08:31:01.869+0000: 1667.419: [GC [PSYoungGen: 230515K->1323K(225600K)] 597948K->368812K(912576K), 0.0083130 secs] [Times: user=0.05 sys=0.00, real=0.01 secs] 
2014-07-08T08:31:02.643+0000: 1668.192: [GC [PSYoungGen: 225579K->1396K(270528K)] 593068K->368965K(957504K), 0.0111770 secs] [Times: user=0.07 sys=0.00, real=0.01 secs] 
2014-07-08T08:31:03.626+0000: 1669.176: [GC [PSYoungGen: 270516K->1522K(263808K)] 638085K->369203K(950784K), 0.0036950 secs] [Times: user=0.02 sys=0.00, real=0.01 secs] 
2014-07-08T08:31:04.505+0000: 1670.054: [GC [PSYoungGen: 263794K->1378K(316160K)] 631475K->369107K(1003136K), 0.0131340 secs] [Times: user=0.08 sys=0.01, real=0.02 secs] 
2014-07-08T08:31:05.600+0000: 1671.150: [GC [PSYoungGen: 316130K->1316K(307456K)] 683859K->369159K(994432K), 0.0077280 secs] [Times: user=0.04 sys=0.00, real=0.01 secs] 
2014-07-08T08:31:06.680+0000: 1672.229: [GC [PSYoungGen: 307428K->1054K(298944K)] 675271K->368969K(985920K), 0.0045270 secs] [Times: user=0.02 sys=0.00, real=0.00 secs] 
2014-07-08T08:31:07.714+0000: 1673.263: [GC [PSYoungGen: 298910K->1200K(291136K)] 666825K->369211K(978112K), 0.0045890 secs] [Times: user=0.03 sys=0.00, real=0.01 secs] 
2014-07-08T08:31:08.830+0000: 1674.379: [GC [PSYoungGen: 291120K->1456K(283776K)] 659131K->369563K(970752K), 0.0087110 secs] [Times: user=0.04 sys=0.00, real=0.01 secs] 
2014-07-08T08:31:09.730+0000: 1675.279: [GC [PSYoungGen: 283742K->1190K(276160K)] 651849K->369507K(963136K), 0.0070170 secs] [Times: user=0.03 sys=0.00, real=0.00 secs] 
2014-07-08T08:31:10.703+0000: 1676.252: [GC [PSYoungGen: 276134K->1736K(269696K)] 644451K->370159K(956672K), 0.0050710 secs] [Times: user=0.02 sys=0.00, real=0.00 secs] 
2014-07-08T08:31:11.628+0000: 1677.177: [GC [PSYoungGen: 269640K->890K(262016K)] 638063K->369671K(948992K), 0.0159780 secs] [Times: user=0.10 sys=0.01, real=0.01 secs] 
2014-07-08T08:31:12.551+0000: 1678.100: [GC [PSYoungGen: 262010K->1000K(255616K)] 630791K->369853K(942592K), 0.0044120 secs] [Times: user=0.02 sys=0.00, real=0.00 secs] 
2014-07-08T08:31:13.430+0000: 1678.979: [GC [PSYoungGen: 255592K->1208K(249536K)] 624445K->370158K(936512K), 0.0051570 secs] [Times: user=0.03 sys=0.00, real=0.00 secs] 
2014-07-08T08:31:14.418+0000: 1679.967: [GC [PSYoungGen: 249495K->1910K(244160K)] 618445K->371106K(931136K), 0.0077250 secs] [Times: user=0.04 sys=0.01, real=0.01 secs] 
2014-07-08T08:31:15.208+0000: 1680.758: [GC [PSYoungGen: 244150K->744K(237184K)] 613346K->370313K(924160K), 0.0062450 secs] [Times: user=0.04 sys=0.00, real=0.01 secs] 
2014-07-08T08:31:16.022+0000: 1681.571: [GC [PSYoungGen: 237130K->1382K(232192K)] 606700K->371016K(919168K), 0.0037620 secs] [Times: user=0.02 sys=0.00, real=0.00 secs] 
2014-07-08T08:31:16.831+0000: 1682.380: [GC [PSYoungGen: 232166K->1648K(227008K)] 601800K->371452K(913984K), 0.0077070 secs] [Times: user=0.04 sys=0.00, real=0.00 secs] 
2014-07-08T08:31:17.587+0000: 1683.136: [GC [PSYoungGen: 226992K->972K(221120K)] 596796K->370848K(908096K), 0.0100840 secs] [Times: user=0.07 sys=0.00, real=0.01 secs] 
2014-07-08T08:31:18.352+0000: 1683.902: [GC [PSYoungGen: 221030K->1586K(216640K)] 590906K->371534K(903616K), 0.0092350 secs] [Times: user=0.05 sys=0.00, real=0.01 secs] 
2014-07-08T08:31:19.277+0000: 1684.826: [GC [PSYoungGen: 216583K->1915K(212096K)] 586531K->371935K(899072K), 0.0044120 secs] [Times: user=0.03 sys=0.01, real=0.01 secs] 
2014-07-08T08:31:19.941+0000: 1685.491: [GC [PSYoungGen: 212091K->890K(206400K)] 582111K->371154K(893376K), 0.0086740 secs] [Times: user=0.06 sys=0.00, real=0.01 secs] 
2014-07-08T08:31:20.555+0000: 1686.105: [GC [PSYoungGen: 206394K->1865K(202880K)] 576658K->372275K(889856K), 0.0039550 secs] [Times: user=0.03 sys=0.00, real=0.00 secs] 
2014-07-08T08:31:21.261+0000: 1686.810: [GC [PSYoungGen: 202813K->1140K(197760K)] 573223K->371838K(884736K), 0.0093070 secs] [Times: user=0.06 sys=0.00, real=0.01 secs] 
2014-07-08T08:31:21.980+0000: 1687.530: [GC [PSYoungGen: 197740K->1288K(193728K)] 568439K->372034K(880704K), 0.0049230 secs] [Times: user=0.03 sys=0.01, real=0.00 secs] 
2014-07-08T08:31:22.630+0000: 1688.180: [GC [PSYoungGen: 193631K->940K(231872K)] 564377K->371742K(918848K), 0.0111880 secs] [Times: user=0.07 sys=0.00, real=0.01 secs] 
2014-07-08T08:31:23.443+0000: 1688.993: [GC [PSYoungGen: 231806K->1082K(278208K)] 602608K->371972K(965184K), 0.0080430 secs] [Times: user=0.05 sys=0.01, real=0.01 secs] 
2014-07-08T08:31:24.403+0000: 1689.953: [GC [PSYoungGen: 278202K->708K(270720K)] 649092K->371662K(957696K), 0.0080260 secs] [Times: user=0.05 sys=0.00, real=0.01 secs] 
2014-07-08T08:31:25.390+0000: 1690.939: [GC [PSYoungGen: 270660K->1313K(264448K)] 641614K->372339K(951424K), 0.0047220 secs] [Times: user=0.03 sys=0.00, real=0.01 secs] 
2014-07-08T08:31:26.277+0000: 1691.826: [GC [PSYoungGen: 264417K->1452K(257984K)] 635443K->372558K(944960K), 0.0070440 secs] [Times: user=0.04 sys=0.00, real=0.01 secs] 
2014-07-08T08:31:27.192+0000: 1692.741: [GC [PSYoungGen: 257964K->1086K(251264K)] 629070K->372256K(938240K), 0.0051500 secs] [Times: user=0.02 sys=0.00, real=0.00 secs] 
2014-07-08T08:31:28.076+0000: 1693.625: [GC [PSYoungGen: 251262K->1210K(245248K)] 622432K->372452K(932224K), 0.0054140 secs] [Times: user=0.03 sys=0.00, real=0.01 secs] 
2014-07-08T08:31:28.972+0000: 1694.521: [GC [PSYoungGen: 245242K->2028K(240192K)] 616484K->373366K(927168K), 0.0076610 secs] [Times: user=0.05 sys=0.00, real=0.00 secs] 
2014-07-08T08:31:29.737+0000: 1695.286: [GC [PSYoungGen: 240171K->886K(233344K)] 611509K->372450K(920320K), 0.0084900 secs] [Times: user=0.06 sys=0.00, real=0.01 secs] 
2014-07-08T08:31:30.554+0000: 1696.103: [GC [PSYoungGen: 233334K->1217K(228224K)] 604898K->372853K(915200K), 0.0071540 secs] [Times: user=0.05 sys=0.00, real=0.01 secs] 
2014-07-08T08:31:31.336+0000: 1696.886: [GC [PSYoungGen: 228159K->1164K(222848K)] 599795K->372880K(909824K), 0.0045580 secs] [Times: user=0.02 sys=0.00, real=0.01 secs] 
2014-07-08T08:31:32.126+0000: 1697.676: [GC [PSYoungGen: 222796K->786K(217344K)] 594512K->372566K(904320K), 0.0071270 secs] [Times: user=0.04 sys=0.00, real=0.01 secs] 
2014-07-08T08:31:32.880+0000: 1698.430: [GC [PSYoungGen: 217298K->1068K(212672K)] 589078K->372920K(899648K), 0.0093770 secs] [Times: user=0.06 sys=0.00, real=0.01 secs] 
2014-07-08T08:31:33.612+0000: 1699.161: [GC [PSYoungGen: 212652K->846K(207744K)] 584504K->372762K(894720K), 0.0098030 secs] [Times: user=0.06 sys=0.00, real=0.01 secs] 
2014-07-08T08:31:34.342+0000: 1699.891: [GC [PSYoungGen: 207692K->1104K(203456K)] 579608K->373084K(890432K), 0.0076250 secs] [Times: user=0.05 sys=0.00, real=0.01 secs] 
2014-07-08T08:31:35.093+0000: 1700.643: [GC [PSYoungGen: 203403K->1542K(199488K)] 575383K->373578K(886464K), 0.0061880 secs] [Times: user=0.03 sys=0.00, real=0.00 secs] 
2014-07-08T08:31:35.735+0000: 1701.285: [GC [PSYoungGen: 199368K->1254K(194880K)] 571404K->373452K(881856K), 0.0072050 secs] [Times: user=0.05 sys=0.00, real=0.01 secs] 
2014-07-08T08:31:36.397+0000: 1701.947: [GC [PSYoungGen: 194854K->1122K(233472K)] 567052K->373376K(920448K), 0.0080450 secs] [Times: user=0.05 sys=0.00, real=0.01 secs] 
2014-07-08T08:31:37.220+0000: 1702.769: [GC [PSYoungGen: 233442K->1028K(279872K)] 605696K->373396K(966848K), 0.0137490 secs] [Times: user=0.09 sys=0.00, real=0.02 secs] 
2014-07-08T08:31:38.186+0000: 1703.735: [GC [PSYoungGen: 279765K->1424K(336064K)] 652134K->373880K(1023040K), 0.0076600 secs] [Times: user=0.05 sys=0.00, real=0.01 secs] 
2014-07-08T08:31:39.371+0000: 1704.921: [GC [PSYoungGen: 335992K->1268K(326464K)] 708449K->373788K(1013440K), 0.0038470 secs] [Times: user=0.02 sys=0.00, real=0.01 secs] 
2014-07-08T08:31:40.512+0000: 1706.061: [GC [PSYoungGen: 326452K->990K(317184K)] 698972K->373606K(1004160K), 0.0056960 secs] [Times: user=0.03 sys=0.00, real=0.01 secs] 
2014-07-08T08:31:41.612+0000: 1707.161: [GC [PSYoungGen: 317150K->1324K(308800K)] 689766K->374004K(995776K), 0.0057830 secs] [Times: user=0.03 sys=0.00, real=0.01 secs] 
2014-07-08T08:31:42.694+0000: 1708.243: [GC [PSYoungGen: 308780K->1414K(300608K)] 681460K->374142K(987584K), 0.0121640 secs] [Times: user=0.08 sys=0.00, real=0.01 secs] 
2014-07-08T08:31:43.743+0000: 1709.292: [GC [PSYoungGen: 300550K->950K(292096K)] 673278K->374202K(979072K), 0.0044140 secs] [Times: user=0.02 sys=0.00, real=0.01 secs] 
2014-07-08T08:31:44.778+0000: 1710.327: [GC [PSYoungGen: 292068K->1501K(284992K)] 665321K->374785K(971968K), 0.0164780 secs] [Times: user=0.10 sys=0.00, real=0.02 secs] 
2014-07-08T08:31:45.779+0000: 1711.329: [GC [PSYoungGen: 284954K->1380K(277504K)] 658238K->374949K(964480K), 0.0085040 secs] [Times: user=0.06 sys=0.00, real=0.01 secs] 
2014-07-08T08:31:46.829+0000: 1712.378: [GC [PSYoungGen: 277476K->1332K(270336K)] 651045K->374956K(957312K), 0.0085450 secs] [Times: user=0.05 sys=0.00, real=0.01 secs] 
2014-07-08T08:31:47.699+0000: 1713.248: [GC [PSYoungGen: 270324K->1100K(263296K)] 643948K->374846K(950272K), 0.0043140 secs] [Times: user=0.02 sys=0.00, real=0.00 secs] 
2014-07-08T08:31:48.610+0000: 1714.159: [GC [PSYoungGen: 263213K->1142K(256704K)] 636959K->374953K(943680K), 0.0044120 secs] [Times: user=0.02 sys=0.01, real=0.01 secs] 
2014-07-08T08:31:49.500+0000: 1715.049: [GC [PSYoungGen: 256694K->982K(250240K)] 630505K->374888K(937216K), 0.0094890 secs] [Times: user=0.06 sys=0.01, real=0.01 secs] 
2014-07-08T08:31:50.366+0000: 1715.915: [GC [PSYoungGen: 250198K->1004K(244160K)] 624104K->374958K(931136K), 0.0058380 secs] [Times: user=0.02 sys=0.00, real=0.00 secs] 
2014-07-08T08:31:51.230+0000: 1716.780: [GC [PSYoungGen: 244140K->1154K(238464K)] 618094K->375172K(925440K), 0.0048580 secs] [Times: user=0.03 sys=0.00, real=0.01 secs] 
2014-07-08T08:31:52.125+0000: 1717.674: [GC [PSYoungGen: 238402K->1346K(233024K)] 612420K->375468K(920000K), 0.0060270 secs] [Times: user=0.03 sys=0.00, real=0.00 secs] 
2014-07-08T08:31:52.907+0000: 1718.457: [GC [PSYoungGen: 232962K->994K(227200K)] 607084K->375342K(914176K), 0.0056340 secs] [Times: user=0.03 sys=0.01, real=0.00 secs] 
2014-07-08T08:31:53.665+0000: 1719.215: [GC [PSYoungGen: 227170K->1120K(222080K)] 601518K->375541K(909056K), 0.0079330 secs] [Times: user=0.06 sys=0.00, real=0.00 secs] 
2014-07-08T08:31:54.460+0000: 1720.009: [GC [PSYoungGen: 222048K->736K(216640K)] 596469K->375294K(903616K), 0.0054540 secs] [Times: user=0.03 sys=0.00, real=0.01 secs] 
2014-07-08T08:31:55.202+0000: 1720.751: [GC [PSYoungGen: 216565K->972K(212032K)] 591124K->375594K(899008K), 0.0039080 secs] [Times: user=0.02 sys=0.00, real=0.01 secs] 
2014-07-08T08:31:55.968+0000: 1721.518: [GC [PSYoungGen: 211980K->1606K(207936K)] 586602K->376301K(894912K), 0.0074180 secs] [Times: user=0.05 sys=0.01, real=0.01 secs] 
2014-07-08T08:31:56.661+0000: 1722.210: [GC [PSYoungGen: 207878K->1122K(248704K)] 582573K->375856K(935680K), 0.0157910 secs] [Times: user=0.08 sys=0.00, real=0.02 secs] 
2014-07-08T08:31:57.536+0000: 1723.086: [GC [PSYoungGen: 248628K->936K(242496K)] 623363K->375887K(929472K), 0.0060760 secs] [Times: user=0.04 sys=0.00, real=0.00 secs] 
2014-07-08T08:31:58.387+0000: 1723.937: [GC [PSYoungGen: 242472K->1352K(237120K)] 617423K->376367K(924096K), 0.0066360 secs] [Times: user=0.04 sys=0.00, real=0.00 secs] 
2014-07-08T08:31:59.213+0000: 1724.763: [GC [PSYoungGen: 237064K->1022K(283904K)] 612079K->376140K(970880K), 0.0132970 secs] [Times: user=0.09 sys=0.00, real=0.02 secs] 
2014-07-08T08:32:00.210+0000: 1725.760: [GC [PSYoungGen: 283902K->1072K(340544K)] 659020K->376270K(1027520K), 0.0088800 secs] [Times: user=0.06 sys=0.00, real=0.01 secs] 
2014-07-08T08:32:01.405+0000: 1726.955: [GC [PSYoungGen: 340518K->990K(330880K)] 715717K->376252K(1017856K), 0.0079750 secs] [Times: user=0.06 sys=0.00, real=0.01 secs] 
2014-07-08T08:32:02.554+0000: 1728.103: [GC [PSYoungGen: 330833K->1110K(321792K)] 706096K->376468K(1008768K), 0.0068690 secs] [Times: user=0.04 sys=0.00, real=0.01 secs] 
2014-07-08T08:32:03.685+0000: 1729.234: [GC [PSYoungGen: 321750K->1096K(312960K)] 697108K->376510K(999936K), 0.0103780 secs] [Times: user=0.06 sys=0.01, real=0.01 secs] 
2014-07-08T08:32:04.770+0000: 1730.319: [GC [PSYoungGen: 312904K->1566K(304896K)] 688318K->377103K(991872K), 0.0049140 secs] [Times: user=0.02 sys=0.00, real=0.00 secs] 
2014-07-08T08:32:05.862+0000: 1731.411: [GC [PSYoungGen: 304862K->488K(295616K)] 680399K->376812K(982592K), 0.0039620 secs] [Times: user=0.02 sys=0.00, real=0.00 secs] 
2014-07-08T08:32:06.872+0000: 1732.421: [GC [PSYoungGen: 295592K->1706K(288960K)] 671916K->378161K(975936K), 0.0052020 secs] [Times: user=0.03 sys=0.00, real=0.01 secs] 
2014-07-08T08:32:07.890+0000: 1733.439: [GC [PSYoungGen: 288938K->1266K(280960K)] 665393K->378385K(967936K), 0.0119240 secs] [Times: user=0.08 sys=0.00, real=0.01 secs] 
2014-07-08T08:32:08.868+0000: 1734.418: [GC [PSYoungGen: 280946K->1588K(274048K)] 658065K->378763K(961024K), 0.0073510 secs] [Times: user=0.03 sys=0.00, real=0.00 secs] 
2014-07-08T08:32:09.881+0000: 1735.430: [GC [PSYoungGen: 274036K->1406K(266880K)] 651211K->378801K(953856K), 0.0068700 secs] [Times: user=0.04 sys=0.01, real=0.01 secs] 
2014-07-08T08:32:10.735+0000: 1736.285: [GC [PSYoungGen: 266837K->1346K(260160K)] 644232K->378829K(947136K), 0.0080220 secs] [Times: user=0.06 sys=0.00, real=0.01 secs] 
2014-07-08T08:32:11.628+0000: 1737.178: [GC [PSYoungGen: 260079K->972K(253312K)] 637562K->378511K(940288K), 0.0138800 secs] [Times: user=0.09 sys=0.00, real=0.01 secs] 
2014-07-08T08:32:12.500+0000: 1738.049: [GC [PSYoungGen: 253258K->1040K(247168K)] 630797K->378643K(934144K), 0.0067050 secs] [Times: user=0.04 sys=0.00, real=0.00 secs] 
2014-07-08T08:32:13.366+0000: 1738.915: [GC [PSYoungGen: 247120K->986K(241152K)] 624723K->378661K(928128K), 0.0068220 secs] [Times: user=0.04 sys=0.00, real=0.01 secs] 
2014-07-08T08:32:14.244+0000: 1739.793: [GC [PSYoungGen: 241065K->1346K(235776K)] 618740K->379101K(922752K), 0.0100700 secs] [Times: user=0.07 sys=0.00, real=0.01 secs] 
2014-07-08T08:32:15.128+0000: 1740.678: [GC [PSYoungGen: 235665K->1466K(230272K)] 613420K->379285K(917248K), 0.0094500 secs] [Times: user=0.05 sys=0.00, real=0.00 secs] 
2014-07-08T08:32:15.870+0000: 1741.420: [GC [PSYoungGen: 230266K->1380K(224832K)] 608085K->379247K(911808K), 0.0044780 secs] [Times: user=0.02 sys=0.01, real=0.00 secs] 
2014-07-08T08:32:16.628+0000: 1742.177: [GC [PSYoungGen: 224804K->800K(219072K)] 602671K->378747K(906048K), 0.0045820 secs] [Times: user=0.02 sys=0.00, real=0.01 secs] 
2014-07-08T08:32:17.376+0000: 1742.925: [GC [PSYoungGen: 219039K->958K(214208K)] 596986K->378953K(901184K), 0.0091920 secs] [Times: user=0.06 sys=0.00, real=0.01 secs] 
2014-07-08T08:32:18.130+0000: 1743.679: [GC [PSYoungGen: 214206K->1456K(257408K)] 592201K->379523K(944384K), 0.0140420 secs] [Times: user=0.09 sys=0.00, real=0.01 secs] 
2014-07-08T08:32:19.041+0000: 1744.591: [GC [PSYoungGen: 257392K->1710K(251328K)] 635459K->379857K(938304K), 0.0041120 secs] [Times: user=0.01 sys=0.00, real=0.00 secs] 
2014-07-08T08:32:20.103+0000: 1745.653: [GC [PSYoungGen: 251310K->818K(244352K)] 629457K->379915K(931328K), 0.0054530 secs] [Times: user=0.04 sys=0.00, real=0.00 secs] 
2014-07-08T08:32:20.903+0000: 1746.453: [GC [PSYoungGen: 244310K->2144K(239808K)] 623408K->381370K(926784K), 0.0039960 secs] [Times: user=0.02 sys=0.00, real=0.00 secs] 
2014-07-08T08:32:21.580+0000: 1747.130: [GC [PSYoungGen: 239776K->1306K(233280K)] 619002K->381172K(920256K), 0.0070440 secs] [Times: user=0.05 sys=0.00, real=0.00 secs] 
2014-07-08T08:32:22.387+0000: 1747.937: [GC [PSYoungGen: 233214K->1245K(227776K)] 613080K->381167K(914752K), 0.0078190 secs] [Times: user=0.05 sys=0.00, real=0.01 secs] 
2014-07-08T08:32:23.180+0000: 1748.730: [GC [PSYoungGen: 227741K->786K(222080K)] 607663K->380795K(909056K), 0.0038460 secs] [Times: user=0.02 sys=0.00, real=0.00 secs] 
2014-07-08T08:32:24.006+0000: 1749.556: [GC [PSYoungGen: 222034K->1498K(217728K)] 602043K->381588K(904704K), 0.0093160 secs] [Times: user=0.07 sys=0.00, real=0.01 secs] 
2014-07-08T08:32:24.806+0000: 1750.356: [GC [PSYoungGen: 217690K->1833K(261312K)] 597780K->382019K(948288K), 0.0164940 secs] [Times: user=0.09 sys=0.00, real=0.02 secs] 
2014-07-08T08:32:25.647+0000: 1751.196: [GC [PSYoungGen: 261248K->1395K(312768K)] 641433K->381652K(999744K), 0.0105740 secs] [Times: user=0.06 sys=0.00, real=0.01 secs] 
2014-07-08T08:32:26.700+0000: 1752.249: [GC [PSYoungGen: 312755K->1438K(344704K)] 693012K->381807K(1031680K), 0.0073150 secs] [Times: user=0.05 sys=0.00, real=0.00 secs] 
2014-07-08T08:32:27.914+0000: 1753.464: [GC [PSYoungGen: 344606K->1548K(334976K)] 724975K->381989K(1021952K), 0.0079340 secs] [Times: user=0.05 sys=0.00, real=0.01 secs] 
2014-07-08T08:32:29.062+0000: 1754.611: [GC [PSYoungGen: 334924K->634K(324672K)] 715365K->381473K(1011648K), 0.0056860 secs] [Times: user=0.04 sys=0.00, real=0.00 secs] 
2014-07-08T08:32:30.257+0000: 1755.806: [GC [PSYoungGen: 324666K->1296K(316352K)] 705505K->382175K(1003328K), 0.0152160 secs] [Times: user=0.10 sys=0.00, real=0.02 secs] 
2014-07-08T08:32:31.350+0000: 1756.900: [GC [PSYoungGen: 316304K->1046K(307456K)] 697183K->382171K(994432K), 0.0043350 secs] [Times: user=0.02 sys=0.00, real=0.00 secs] 
2014-07-08T08:32:32.409+0000: 1757.959: [GC [PSYoungGen: 307414K->1140K(299264K)] 688539K->382345K(986240K), 0.0064970 secs] [Times: user=0.04 sys=0.00, real=0.01 secs] 
2014-07-08T08:32:33.447+0000: 1758.996: [GC [PSYoungGen: 299252K->1416K(291648K)] 680457K->382686K(978624K), 0.0055600 secs] [Times: user=0.03 sys=0.00, real=0.01 secs] 
2014-07-08T08:32:34.480+0000: 1760.029: [GC [PSYoungGen: 291592K->1274K(283776K)] 672862K->382616K(970752K), 0.0074630 secs] [Times: user=0.05 sys=0.00, real=0.01 secs] 
2014-07-08T08:32:35.464+0000: 1761.013: [GC [PSYoungGen: 283770K->1128K(276288K)] 665112K->382542K(963264K), 0.0084670 secs] [Times: user=0.06 sys=0.00, real=0.01 secs] 
2014-07-08T08:32:36.515+0000: 1762.064: [GC [PSYoungGen: 276264K->886K(268992K)] 657678K->382371K(955968K), 0.0144600 secs] [Times: user=0.11 sys=0.00, real=0.01 secs] 
2014-07-08T08:32:37.371+0000: 1762.920: [GC [PSYoungGen: 268955K->1272K(262592K)] 650441K->382846K(949568K), 0.0075180 secs] [Times: user=0.05 sys=0.00, real=0.01 secs] 
2014-07-08T08:32:38.290+0000: 1763.839: [GC [PSYoungGen: 262584K->804K(255616K)] 644158K->382433K(942592K), 0.0053010 secs] [Times: user=0.02 sys=0.00, real=0.01 secs] 
2014-07-08T08:32:39.201+0000: 1764.750: [GC [PSYoungGen: 255588K->904K(249472K)] 637217K->382645K(936448K), 0.0137760 secs] [Times: user=0.09 sys=0.00, real=0.02 secs] 
2014-07-08T08:32:40.176+0000: 1765.725: [GC [PSYoungGen: 249366K->1610K(244096K)] 631107K->383432K(931072K), 0.0053450 secs] [Times: user=0.03 sys=0.00, real=0.00 secs] 
2014-07-08T08:32:40.954+0000: 1766.503: [GC [PSYoungGen: 244042K->1150K(237760K)] 625864K->383019K(924736K), 0.0087670 secs] [Times: user=0.06 sys=0.00, real=0.01 secs] 
2014-07-08T08:32:41.759+0000: 1767.309: [GC [PSYoungGen: 237758K->1687K(232704K)] 619627K->383653K(919680K), 0.0041850 secs] [Times: user=0.02 sys=0.01, real=0.01 secs] 
2014-07-08T08:32:42.570+0000: 1768.119: [GC [PSYoungGen: 232663K->1000K(226560K)] 614629K->383029K(913536K), 0.0076050 secs] [Times: user=0.05 sys=0.00, real=0.01 secs] 
2014-07-08T08:32:43.350+0000: 1768.899: [GC [PSYoungGen: 226536K->1221K(271936K)] 608565K->383323K(958912K), 0.0132130 secs] [Times: user=0.09 sys=0.00, real=0.02 secs] 
2014-07-08T08:32:44.298+0000: 1769.848: [GC [PSYoungGen: 271877K->1260K(265024K)] 653979K->383442K(952000K), 0.0052410 secs] [Times: user=0.02 sys=0.01, real=0.01 secs] 
2014-07-08T08:32:45.287+0000: 1770.836: [GC [PSYoungGen: 264984K->1218K(258368K)] 647165K->383463K(945344K), 0.0060790 secs] [Times: user=0.04 sys=0.00, real=0.01 secs] 
2014-07-08T08:32:46.167+0000: 1771.717: [GC [PSYoungGen: 258290K->1186K(251904K)] 640536K->383503K(938880K), 0.0054840 secs] [Times: user=0.04 sys=0.00, real=0.01 secs] 
2014-07-08T08:32:47.102+0000: 1772.651: [GC [PSYoungGen: 251855K->1736K(246336K)] 634172K->384142K(933312K), 0.0052030 secs] [Times: user=0.02 sys=0.00, real=0.01 secs] 
2014-07-08T08:32:47.901+0000: 1773.450: [GC [PSYoungGen: 246280K->630K(239232K)] 628686K->383515K(926208K), 0.0060620 secs] [Times: user=0.04 sys=0.00, real=0.01 secs] 
2014-07-08T08:32:48.738+0000: 1774.287: [GC [PSYoungGen: 239222K->1304K(234240K)] 622107K->384238K(921216K), 0.0041980 secs] [Times: user=0.02 sys=0.00, real=0.00 secs] 
2014-07-08T08:32:49.540+0000: 1775.089: [GC [PSYoungGen: 234185K->1211K(228608K)] 617119K->384541K(915584K), 0.0119070 secs] [Times: user=0.07 sys=0.00, real=0.01 secs] 
2014-07-08T08:32:50.352+0000: 1775.901: [GC [PSYoungGen: 228577K->1699K(223808K)] 611907K->385117K(910784K), 0.0068950 secs] [Times: user=0.04 sys=0.00, real=0.01 secs] 
2014-07-08T08:32:51.132+0000: 1776.681: [GC [PSYoungGen: 223779K->702K(217664K)] 607197K->384516K(904640K), 0.0066630 secs] [Times: user=0.04 sys=0.00, real=0.01 secs] 
2014-07-08T08:32:51.890+0000: 1777.439: [GC [PSYoungGen: 217662K->1592K(213632K)] 601476K->385478K(900608K), 0.0109170 secs] [Times: user=0.07 sys=0.00, real=0.01 secs] 
2014-07-08T08:32:52.660+0000: 1778.210: [GC [PSYoungGen: 213624K->1054K(208384K)] 597510K->385128K(895360K), 0.0040500 secs] [Times: user=0.02 sys=0.01, real=0.01 secs] 
2014-07-08T08:32:53.366+0000: 1778.915: [GC [PSYoungGen: 208350K->786K(203520K)] 592424K->384940K(890496K), 0.0069840 secs] [Times: user=0.04 sys=0.00, real=0.00 secs] 
2014-07-08T08:32:54.133+0000: 1779.682: [GC [PSYoungGen: 203466K->1888K(200192K)] 587620K->386122K(887168K), 0.0069470 secs] [Times: user=0.04 sys=0.00, real=0.01 secs] 
2014-07-08T08:32:54.789+0000: 1780.339: [GC [PSYoungGen: 200160K->1442K(195456K)] 584394K->385756K(882432K), 0.0049100 secs] [Times: user=0.02 sys=0.00, real=0.01 secs] 
2014-07-08T08:32:55.467+0000: 1781.017: [GC [PSYoungGen: 195426K->1008K(190848K)] 579740K->385560K(877824K), 0.0040830 secs] [Times: user=0.03 sys=0.00, real=0.00 secs] 
2014-07-08T08:32:56.138+0000: 1781.687: [GC [PSYoungGen: 190832K->1168K(187072K)] 575384K->385816K(874048K), 0.0061080 secs] [Times: user=0.04 sys=0.00, real=0.01 secs] 
2014-07-08T08:32:56.766+0000: 1782.316: [GC [PSYoungGen: 187024K->1306K(183360K)] 571672K->386042K(870336K), 0.0062750 secs] [Times: user=0.03 sys=0.01, real=0.00 secs] 
2014-07-08T08:32:57.405+0000: 1782.954: [GC [PSYoungGen: 183280K->1011K(179328K)] 568016K->385795K(866304K), 0.0073650 secs] [Times: user=0.04 sys=0.01, real=0.00 secs] 
2014-07-08T08:32:58.097+0000: 1783.647: [GC [PSYoungGen: 179315K->1530K(176256K)] 564099K->386442K(863232K), 0.0039030 secs] [Times: user=0.02 sys=0.00, real=0.00 secs] 
2014-07-08T08:32:58.663+0000: 1784.212: [GC [PSYoungGen: 176250K->904K(172160K)] 561162K->385888K(859136K), 0.0064510 secs] [Times: user=0.03 sys=0.00, real=0.01 secs] 
2014-07-08T08:32:59.259+0000: 1784.808: [GC [PSYoungGen: 172104K->1238K(169088K)] 557088K->386326K(856064K), 0.0074920 secs] [Times: user=0.05 sys=0.00, real=0.01 secs] 
2014-07-08T08:32:59.854+0000: 1785.403: [GC [PSYoungGen: 169046K->1819K(166400K)] 554134K->386963K(853376K), 0.0048880 secs] [Times: user=0.02 sys=0.01, real=0.01 secs] 
2014-07-08T08:33:00.483+0000: 1786.032: [GC [PSYoungGen: 166360K->754K(198272K)] 551504K->386162K(885248K), 0.0086140 secs] [Times: user=0.05 sys=0.00, real=0.01 secs] 
2014-07-08T08:33:01.112+0000: 1786.661: [GC [PSYoungGen: 198255K->1516K(194816K)] 583663K->386981K(881792K), 0.0036810 secs] [Times: user=0.02 sys=0.00, real=0.01 secs] 
2014-07-08T08:33:01.789+0000: 1787.338: [GC [PSYoungGen: 194788K->1288K(233280K)] 580252K->387032K(920256K), 0.0129110 secs] [Times: user=0.08 sys=0.00, real=0.01 secs] 
2014-07-08T08:33:02.593+0000: 1788.143: [GC [PSYoungGen: 233187K->1160K(227712K)] 618931K->386968K(914688K), 0.0047500 secs] [Times: user=0.03 sys=0.00, real=0.01 secs] 
2014-07-08T08:33:03.442+0000: 1788.991: [GC [PSYoungGen: 227656K->1396K(222656K)] 613464K->387316K(909632K), 0.0072540 secs] [Times: user=0.05 sys=0.00, real=0.01 secs] 
2014-07-08T08:33:04.186+0000: 1789.736: [GC [PSYoungGen: 222644K->1072K(266624K)] 608564K->387072K(953600K), 0.0104590 secs] [Times: user=0.06 sys=0.01, real=0.01 secs] 
2014-07-08T08:33:05.170+0000: 1790.719: [GC [PSYoungGen: 266600K->1404K(260224K)] 652601K->387576K(947200K), 0.0042870 secs] [Times: user=0.02 sys=0.00, real=0.00 secs] 
2014-07-08T08:33:06.038+0000: 1791.587: [GC [PSYoungGen: 260220K->1218K(253632K)] 646392K->387430K(940608K), 0.0063760 secs] [Times: user=0.02 sys=0.00, real=0.00 secs] 
2014-07-08T08:33:06.902+0000: 1792.451: [GC [PSYoungGen: 253570K->1332K(247488K)] 639782K->387674K(934464K), 0.0067840 secs] [Times: user=0.05 sys=0.00, real=0.01 secs] 
2014-07-08T08:33:07.746+0000: 1793.295: [GC [PSYoungGen: 247476K->1154K(241408K)] 633818K->387600K(928384K), 0.0040840 secs] [Times: user=0.02 sys=0.00, real=0.01 secs] 
2014-07-08T08:33:08.592+0000: 1794.141: [GC [PSYoungGen: 241325K->1182K(235648K)] 627771K->387708K(922624K), 0.0063760 secs] [Times: user=0.04 sys=0.01, real=0.01 secs] 
2014-07-08T08:33:09.441+0000: 1794.991: [GC [PSYoungGen: 235614K->772K(229696K)] 622140K->387346K(916672K), 0.0092000 secs] [Times: user=0.06 sys=0.00, real=0.01 secs] 
2014-07-08T08:33:10.218+0000: 1795.768: [GC [PSYoungGen: 229636K->990K(224512K)] 616210K->387636K(911488K), 0.0045460 secs] [Times: user=0.02 sys=0.00, real=0.00 secs] 
2014-07-08T08:33:11.059+0000: 1796.609: [GC [PSYoungGen: 224478K->1642K(219968K)] 611124K->388360K(906944K), 0.0147390 secs] [Times: user=0.09 sys=0.00, real=0.01 secs] 
2014-07-08T08:33:11.769+0000: 1797.319: [GC [PSYoungGen: 219925K->1058K(263104K)] 606644K->387864K(950080K), 0.0080440 secs] [Times: user=0.06 sys=0.00, real=0.01 secs] 
2014-07-08T08:33:12.687+0000: 1798.237: [GC [PSYoungGen: 263074K->1236K(256704K)] 649880K->388122K(943680K), 0.0071300 secs] [Times: user=0.04 sys=0.00, real=0.00 secs] 
2014-07-08T08:33:13.590+0000: 1799.139: [GC [PSYoungGen: 256660K->722K(249856K)] 643546K->387722K(936832K), 0.0049610 secs] [Times: user=0.03 sys=0.00, real=0.00 secs] 
2014-07-08T08:33:14.475+0000: 1800.024: [GC [PSYoungGen: 249810K->1154K(244224K)] 636810K->388226K(931200K), 0.0074810 secs] [Times: user=0.06 sys=0.00, real=0.01 secs] 
2014-07-08T08:33:15.325+0000: 1800.875: [GC [PSYoungGen: 244162K->976K(238144K)] 631234K->388104K(925120K), 0.0080560 secs] [Times: user=0.06 sys=0.00, real=0.01 secs] 
2014-07-08T08:33:16.152+0000: 1801.701: [GC [PSYoungGen: 238096K->1254K(232768K)] 625224K->388454K(919744K), 0.0046340 secs] [Times: user=0.02 sys=0.01, real=0.00 secs] 
2014-07-08T08:33:17.002+0000: 1802.551: [GC [PSYoungGen: 232742K->1320K(227392K)] 619942K->388640K(914368K), 0.0092490 secs] [Times: user=0.06 sys=0.00, real=0.01 secs] 
2014-07-08T08:33:17.763+0000: 1803.312: [GC [PSYoungGen: 227368K->1306K(222144K)] 614688K->388699K(909120K), 0.0091630 secs] [Times: user=0.06 sys=0.00, real=0.01 secs] 
2014-07-08T08:33:18.539+0000: 1804.088: [GC [PSYoungGen: 222068K->948K(265920K)] 609460K->388616K(952896K), 0.0106820 secs] [Times: user=0.07 sys=0.00, real=0.01 secs] 
2014-07-08T08:33:19.458+0000: 1805.007: [GC [PSYoungGen: 265908K->1018K(259328K)] 653576K->388806K(946304K), 0.0058270 secs] [Times: user=0.04 sys=0.00, real=0.01 secs] 
2014-07-08T08:33:20.382+0000: 1805.932: [GC [PSYoungGen: 259322K->1406K(253248K)] 647110K->389290K(940224K), 0.0086720 secs] [Times: user=0.06 sys=0.00, real=0.01 secs] 
2014-07-08T08:33:21.256+0000: 1806.806: [GC [PSYoungGen: 253246K->854K(246528K)] 641130K->388802K(933504K), 0.0072570 secs] [Times: user=0.05 sys=0.00, real=0.01 secs] 
2014-07-08T08:33:22.093+0000: 1807.643: [GC [PSYoungGen: 246486K->1210K(240896K)] 634434K->389222K(927872K), 0.0043840 secs] [Times: user=0.02 sys=0.00, real=0.00 secs] 
2014-07-08T08:33:22.937+0000: 1808.487: [GC [PSYoungGen: 240890K->1560K(235520K)] 628902K->389644K(922496K), 0.0078990 secs] [Times: user=0.05 sys=0.00, real=0.01 secs] 
2014-07-08T08:33:23.763+0000: 1809.313: [GC [PSYoungGen: 235480K->700K(229120K)] 623564K->389344K(916096K), 0.0070250 secs] [Times: user=0.04 sys=0.01, real=0.01 secs] 
2014-07-08T08:33:24.535+0000: 1810.084: [GC [PSYoungGen: 229096K->1204K(224320K)] 617740K->389920K(911296K), 0.0056850 secs] [Times: user=0.04 sys=0.00, real=0.01 secs] 
2014-07-08T08:33:25.327+0000: 1810.876: [GC [PSYoungGen: 224308K->1008K(219008K)] 613024K->390202K(905984K), 0.0070690 secs] [Times: user=0.05 sys=0.00, real=0.01 secs] 
2014-07-08T08:33:26.226+0000: 1811.775: [GC [PSYoungGen: 218984K->1700K(214720K)] 608178K->391009K(901696K), 0.0043400 secs] [Times: user=0.02 sys=0.00, real=0.01 secs] 
2014-07-08T08:33:26.942+0000: 1812.492: [GC [PSYoungGen: 214624K->766K(208960K)] 603932K->390748K(895936K), 0.0035100 secs] [Times: user=0.01 sys=0.00, real=0.00 secs] 
2014-07-08T08:33:27.569+0000: 1813.118: [GC [PSYoungGen: 208957K->1816K(205440K)] 598939K->391886K(892416K), 0.0088490 secs] [Times: user=0.05 sys=0.00, real=0.01 secs] 
2014-07-08T08:33:28.288+0000: 1813.837: [GC [PSYoungGen: 205399K->908K(200064K)] 595469K->391356K(887040K), 0.0052080 secs] [Times: user=0.01 sys=0.00, real=0.01 secs] 
2014-07-08T08:33:29.006+0000: 1814.555: [GC [PSYoungGen: 200012K->1146K(195968K)] 590460K->391658K(882944K), 0.0071120 secs] [Times: user=0.05 sys=0.00, real=0.01 secs] 
2014-07-08T08:33:29.655+0000: 1815.204: [GC [PSYoungGen: 195962K->1168K(191872K)] 586474K->391760K(878848K), 0.0065790 secs] [Times: user=0.05 sys=0.00, real=0.01 secs] 
2014-07-08T08:33:30.325+0000: 1815.874: [GC [PSYoungGen: 191824K->1086K(187712K)] 582416K->391750K(874688K), 0.0045150 secs] [Times: user=0.03 sys=0.00, real=0.01 secs] 
2014-07-08T08:33:31.188+0000: 1816.738: [GC [PSYoungGen: 187710K->1726K(184448K)] 578374K->392616K(871424K), 0.0113170 secs] [Times: user=0.08 sys=0.00, real=0.01 secs] 
2014-07-08T08:33:31.643+0000: 1817.192: [GC [PSYoungGen: 184446K->804K(220096K)] 575336K->391758K(907072K), 0.0084650 secs] [Times: user=0.05 sys=0.00, real=0.01 secs] 
2014-07-08T08:33:32.404+0000: 1817.954: [GC [PSYoungGen: 220032K->1104K(264320K)] 610986K->392130K(951296K), 0.0050680 secs] [Times: user=0.02 sys=0.00, real=0.00 secs] 
2014-07-08T08:33:33.330+0000: 1818.879: [GC [PSYoungGen: 264272K->900K(290048K)] 655298K->391998K(977024K), 0.0119450 secs] [Times: user=0.07 sys=0.01, real=0.01 secs] 
2014-07-08T08:33:34.348+0000: 1819.898: [GC [PSYoungGen: 288900K->950K(317888K)] 679998K->392144K(1004864K), 0.0113970 secs] [Times: user=0.07 sys=0.00, real=0.01 secs] 
2014-07-08T08:33:35.462+0000: 1821.011: [GC [PSYoungGen: 316790K->918K(317888K)] 707984K->392200K(1004864K), 0.0146660 secs] [Times: user=0.11 sys=0.00, real=0.01 secs] 
2014-07-08T08:33:36.646+0000: 1822.195: [GC [PSYoungGen: 316757K->1156K(380864K)] 708039K->392518K(1067840K), 0.0081260 secs] [Times: user=0.05 sys=0.00, real=0.01 secs] 
2014-07-08T08:33:37.966+0000: 1823.515: [GC [PSYoungGen: 380150K->1787K(369536K)] 771512K->393221K(1056512K), 0.0047310 secs] [Times: user=0.02 sys=0.00, real=0.00 secs] 
2014-07-08T08:33:39.228+0000: 1824.778: [GC [PSYoungGen: 369531K->242K(379008K)] 760965K->392416K(1065984K), 0.0192540 secs] [Times: user=0.11 sys=0.00, real=0.02 secs] 
2014-07-08T08:33:40.555+0000: 1826.104: [GC [PSYoungGen: 378994K->1236K(368768K)] 771168K->393442K(1055744K), 0.0085710 secs] [Times: user=0.06 sys=0.01, real=0.01 secs] 
2014-07-08T08:33:42.087+0000: 1827.637: [GC [PSYoungGen: 368724K->818K(357568K)] 760930K->393792K(1044544K), 0.0103540 secs] [Times: user=0.08 sys=0.00, real=0.01 secs] 
2014-07-08T08:33:43.170+0000: 1828.720: [GC [PSYoungGen: 357554K->1938K(348416K)] 750528K->394984K(1035392K), 0.0056540 secs] [Times: user=0.04 sys=0.00, real=0.01 secs] 
2014-07-08T08:33:44.260+0000: 1829.809: [GC [PSYoungGen: 348331K->1263K(337792K)] 741377K->394646K(1024768K), 0.0106330 secs] [Times: user=0.07 sys=0.00, real=0.01 secs] 
2014-07-08T08:33:45.315+0000: 1830.864: [GC [PSYoungGen: 337755K->1456K(328512K)] 731137K->394903K(1015488K), 0.0045280 secs] [Times: user=0.02 sys=0.00, real=0.00 secs] 
2014-07-08T08:33:46.550+0000: 1832.099: [GC [PSYoungGen: 328496K->1300K(319296K)] 721943K->394802K(1006272K), 0.0062580 secs] [Times: user=0.04 sys=0.00, real=0.01 secs] 
2014-07-08T08:33:47.519+0000: 1833.068: [GC [PSYoungGen: 319252K->1334K(310528K)] 712754K->394924K(997504K), 0.0170010 secs] [Times: user=0.10 sys=0.00, real=0.02 secs] 
2014-07-08T08:33:48.480+0000: 1834.029: [GC [PSYoungGen: 310518K->1195K(302016K)] 704108K->394881K(988992K), 0.0064630 secs] [Times: user=0.03 sys=0.00, real=0.01 secs] 
2014-07-08T08:33:49.458+0000: 1835.008: [GC [PSYoungGen: 301995K->982K(293760K)] 695681K->394756K(980736K), 0.0039660 secs] [Times: user=0.02 sys=0.00, real=0.01 secs] 
2014-07-08T08:33:50.403+0000: 1835.952: [GC [PSYoungGen: 293686K->872K(285888K)] 687460K->394686K(972864K), 0.0081370 secs] [Times: user=0.04 sys=0.00, real=0.00 secs] 
2014-07-08T08:33:51.487+0000: 1837.036: [GC [PSYoungGen: 285864K->1570K(279168K)] 679678K->395464K(966144K), 0.0083440 secs] [Times: user=0.06 sys=0.00, real=0.01 secs] 
2014-07-08T08:33:52.325+0000: 1837.875: [GC [PSYoungGen: 279138K->1064K(271488K)] 673032K->395046K(958464K), 0.0066250 secs] [Times: user=0.04 sys=0.00, real=0.00 secs] 
2014-07-08T08:33:53.222+0000: 1838.771: [GC [PSYoungGen: 271462K->1318K(264832K)] 665444K->395380K(951808K), 0.0066000 secs] [Times: user=0.04 sys=0.00, real=0.01 secs] 
2014-07-08T08:33:53.985+0000: 1839.534: [GC [PSYoungGen: 264806K->1580K(258432K)] 658868K->395804K(945408K), 0.0062620 secs] [Times: user=0.04 sys=0.00, real=0.00 secs] 
2014-07-08T08:33:54.707+0000: 1840.257: [GC [PSYoungGen: 258412K->1070K(251520K)] 652636K->395358K(938496K), 0.0123670 secs] [Times: user=0.08 sys=0.00, real=0.01 secs] 
2014-07-08T08:33:55.518+0000: 1841.067: [GC [PSYoungGen: 251502K->1006K(301568K)] 645790K->395366K(988544K), 0.0097530 secs] [Times: user=0.06 sys=0.00, real=0.01 secs] 
2014-07-08T08:33:56.617+0000: 1842.166: [GC [PSYoungGen: 301550K->1402K(293888K)] 695910K->395842K(980864K), 0.0052690 secs] [Times: user=0.02 sys=0.01, real=0.00 secs] 
2014-07-08T08:33:57.597+0000: 1843.146: [GC [PSYoungGen: 293882K->1450K(286208K)] 688322K->395954K(973184K), 0.0031980 secs] [Times: user=0.01 sys=0.01, real=0.00 secs] 
2014-07-08T08:33:58.563+0000: 1844.112: [GC [PSYoungGen: 286141K->1332K(278656K)] 680645K->395884K(965632K), 0.0059940 secs] [Times: user=0.03 sys=0.00, real=0.01 secs] 
2014-07-08T08:33:59.485+0000: 1845.034: [GC [PSYoungGen: 278644K->1136K(271296K)] 673196K->395776K(958272K), 0.0065420 secs] [Times: user=0.05 sys=0.00, real=0.00 secs] 
2014-07-08T08:34:00.347+0000: 1845.896: [GC [PSYoungGen: 271280K->868K(264128K)] 665920K->395572K(951104K), 0.0038780 secs] [Times: user=0.02 sys=0.00, real=0.00 secs] 
2014-07-08T08:34:01.305+0000: 1846.854: [GC [PSYoungGen: 264100K->1558K(258240K)] 658804K->396342K(945216K), 0.0054570 secs] [Times: user=0.03 sys=0.00, real=0.00 secs] 
2014-07-08T08:34:02.203+0000: 1847.753: [GC [PSYoungGen: 258198K->1171K(251456K)] 652982K->396003K(938432K), 0.0080350 secs] [Times: user=0.05 sys=0.00, real=0.01 secs] 
2014-07-08T08:34:02.971+0000: 1848.520: [GC [PSYoungGen: 251411K->1196K(245312K)] 646243K->396392K(932288K), 0.0100300 secs] [Times: user=0.06 sys=0.00, real=0.01 secs] 
2014-07-08T08:34:03.670+0000: 1849.219: [GC [PSYoungGen: 245292K->1710K(239936K)] 640488K->396986K(926912K), 0.0072110 secs] [Times: user=0.05 sys=0.00, real=0.01 secs] 
2014-07-08T08:34:04.401+0000: 1849.951: [GC [PSYoungGen: 239918K->818K(233344K)] 635194K->396522K(920320K), 0.0068490 secs] [Times: user=0.04 sys=0.00, real=0.01 secs] 
2014-07-08T08:34:05.184+0000: 1850.733: [GC [PSYoungGen: 233330K->1228K(228288K)] 629034K->396988K(915264K), 0.0054140 secs] [Times: user=0.03 sys=0.00, real=0.01 secs] 
2014-07-08T08:34:05.810+0000: 1851.360: [GC [PSYoungGen: 228236K->1498K(223232K)] 623996K->397346K(910208K), 0.0050420 secs] [Times: user=0.03 sys=0.00, real=0.01 secs] 
2014-07-08T08:34:06.649+0000: 1852.199: [GC [PSYoungGen: 223166K->1951K(218560K)] 619014K->397871K(905536K), 0.0051570 secs] [Times: user=0.02 sys=0.01, real=0.00 secs] 
2014-07-08T08:34:07.350+0000: 1852.899: [GC [PSYoungGen: 218511K->488K(212160K)] 614431K->397058K(899136K), 0.0058740 secs] [Times: user=0.04 sys=0.00, real=0.01 secs] 
2014-07-08T08:34:08.030+0000: 1853.579: [GC [PSYoungGen: 212136K->2076K(209024K)] 608706K->398686K(896000K), 0.0095720 secs] [Times: user=0.06 sys=0.00, real=0.01 secs] 
2014-07-08T08:34:08.598+0000: 1854.147: [GC [PSYoungGen: 208988K->1040K(249408K)] 605598K->398128K(936384K), 0.0105210 secs] [Times: user=0.07 sys=0.00, real=0.01 secs] 
2014-07-08T08:34:09.447+0000: 1854.996: [GC [PSYoungGen: 249332K->1296K(299328K)] 646421K->398448K(986304K), 0.0058810 secs] [Times: user=0.03 sys=0.00, real=0.00 secs] 
2014-07-08T08:34:10.394+0000: 1855.943: [GC [PSYoungGen: 299280K->1022K(357184K)] 696432K->398238K(1044160K), 0.0113680 secs] [Times: user=0.08 sys=0.00, real=0.01 secs] 
2014-07-08T08:34:11.643+0000: 1857.193: [GC [PSYoungGen: 355957K->1790K(346496K)] 753174K->399119K(1033472K), 0.0080840 secs] [Times: user=0.05 sys=0.00, real=0.01 secs] 
2014-07-08T08:34:12.703+0000: 1858.253: [GC [PSYoungGen: 346408K->505K(335360K)] 743737K->398444K(1022336K), 0.0046610 secs] [Times: user=0.02 sys=0.00, real=0.01 secs] 
2014-07-08T08:34:13.705+0000: 1859.255: [GC [PSYoungGen: 335352K->1812K(327296K)] 733291K->399775K(1014272K), 0.0078140 secs] [Times: user=0.03 sys=0.00, real=0.01 secs] 
2014-07-08T08:34:14.727+0000: 1860.276: [GC [PSYoungGen: 327252K->1588K(318016K)] 725215K->400019K(1004992K), 0.0044190 secs] [Times: user=0.02 sys=0.00, real=0.00 secs] 
2014-07-08T08:34:15.746+0000: 1861.295: [GC [PSYoungGen: 318004K->1520K(309248K)] 716435K->400007K(996224K), 0.0104790 secs] [Times: user=0.07 sys=0.00, real=0.02 secs] 
2014-07-08T08:34:16.917+0000: 1862.466: [GC [PSYoungGen: 309232K->1506K(300928K)] 707719K->400049K(987904K), 0.0103790 secs] [Times: user=0.07 sys=0.01, real=0.01 secs] 
2014-07-08T08:34:17.790+0000: 1863.340: [GC [PSYoungGen: 300898K->2110K(293504K)] 699441K->400741K(980480K), 0.0068480 secs] [Times: user=0.05 sys=0.00, real=0.01 secs] 
2014-07-08T08:34:18.667+0000: 1864.216: [GC [PSYoungGen: 293502K->876K(284608K)] 692133K->399953K(971584K), 0.0078200 secs] [Times: user=0.04 sys=0.00, real=0.00 secs] 
2014-07-08T08:34:19.606+0000: 1865.156: [GC [PSYoungGen: 284588K->1078K(277376K)] 683665K->400203K(964352K), 0.0070440 secs] [Times: user=0.04 sys=0.00, real=0.01 secs] 
2014-07-08T08:34:20.484+0000: 1866.033: [GC [PSYoungGen: 277366K->1136K(270336K)] 676491K->400441K(957312K), 0.0063510 secs] [Times: user=0.05 sys=0.00, real=0.01 secs] 
2014-07-08T08:34:21.470+0000: 1867.019: [GC [PSYoungGen: 270314K->1756K(264128K)] 669620K->401093K(951104K), 0.0160930 secs] [Times: user=0.11 sys=0.01, real=0.01 secs] 
2014-07-08T08:34:22.355+0000: 1867.904: [GC [PSYoungGen: 264092K->1387K(257152K)] 663429K->400788K(944128K), 0.0060550 secs] [Times: user=0.04 sys=0.00, real=0.01 secs] 
2014-07-08T08:34:23.200+0000: 1868.750: [GC [PSYoungGen: 257131K->1014K(250432K)] 656532K->400519K(937408K), 0.0076720 secs] [Times: user=0.05 sys=0.00, real=0.01 secs] 
2014-07-08T08:34:24.016+0000: 1869.565: [GC [PSYoungGen: 250373K->1378K(244736K)] 649879K->400931K(931712K), 0.0065920 secs] [Times: user=0.03 sys=0.00, real=0.01 secs] 
2014-07-08T08:34:24.750+0000: 1870.299: [GC [PSYoungGen: 244706K->1806K(239296K)] 644259K->401423K(926272K), 0.0106690 secs] [Times: user=0.06 sys=0.00, real=0.01 secs] 
2014-07-08T08:34:25.511+0000: 1871.061: [GC [PSYoungGen: 239246K->1128K(232960K)] 638863K->400809K(919936K), 0.0075840 secs] [Times: user=0.05 sys=0.00, real=0.01 secs] 
2014-07-08T08:34:26.375+0000: 1871.924: [GC [PSYoungGen: 232936K->1374K(227776K)] 632617K->401135K(914752K), 0.0066790 secs] [Times: user=0.04 sys=0.00, real=0.01 secs] 
2014-07-08T08:34:27.224+0000: 1872.773: [GC [PSYoungGen: 227742K->1496K(222656K)] 627503K->401345K(909632K), 0.0087340 secs] [Times: user=0.05 sys=0.00, real=0.01 secs] 
2014-07-08T08:34:27.936+0000: 1873.485: [GC [PSYoungGen: 222616K->1594K(217664K)] 622465K->401523K(904640K), 0.0067380 secs] [Times: user=0.04 sys=0.00, real=0.01 secs] 
2014-07-08T08:34:28.592+0000: 1874.141: [GC [PSYoungGen: 217637K->1032K(212288K)] 617567K->401033K(899264K), 0.0047680 secs] [Times: user=0.03 sys=0.00, real=0.00 secs] 
2014-07-08T08:34:29.300+0000: 1874.850: [GC [PSYoungGen: 212232K->1232K(207744K)] 612233K->401329K(894720K), 0.0066810 secs] [Times: user=0.04 sys=0.00, real=0.00 secs] 
2014-07-08T08:34:30.048+0000: 1875.598: [GC [PSYoungGen: 207696K->1406K(203328K)] 607793K->401583K(890304K), 0.0047170 secs] [Times: user=0.02 sys=0.00, real=0.01 secs] 
2014-07-08T08:34:30.593+0000: 1876.142: [GC [PSYoungGen: 203325K->1334K(243648K)] 603502K->401575K(930624K), 0.0110200 secs] [Times: user=0.06 sys=0.00, real=0.01 secs] 
2014-07-08T08:34:31.334+0000: 1876.883: [GC [PSYoungGen: 243625K->1394K(237888K)] 643866K->401731K(924864K), 0.0038530 secs] [Times: user=0.02 sys=0.00, real=0.00 secs] 
2014-07-08T08:34:32.267+0000: 1877.816: [GC [PSYoungGen: 237874K->1952K(232832K)] 638211K->402354K(919808K), 0.0063330 secs] [Times: user=0.02 sys=0.00, real=0.01 secs] 
2014-07-08T08:34:32.991+0000: 1878.541: [GC [PSYoungGen: 232800K->636K(226048K)] 633202K->401933K(913024K), 0.0092950 secs] [Times: user=0.05 sys=0.00, real=0.01 secs] 
2014-07-08T08:34:33.604+0000: 1879.153: [GC [PSYoungGen: 226044K->1524K(272064K)] 627341K->402918K(959040K), 0.0079990 secs] [Times: user=0.05 sys=0.00, real=0.01 secs] 
2014-07-08T08:34:34.525+0000: 1880.075: [GC [PSYoungGen: 272052K->1004K(264640K)] 673446K->402707K(951616K), 0.0080790 secs] [Times: user=0.04 sys=0.00, real=0.01 secs] 
2014-07-08T08:34:35.390+0000: 1880.939: [GC [PSYoungGen: 264620K->1256K(317632K)] 666323K->403016K(1004608K), 0.0094490 secs] [Times: user=0.05 sys=0.00, real=0.01 secs] 
2014-07-08T08:34:36.515+0000: 1882.064: [GC [PSYoungGen: 317608K->1332K(308992K)] 719368K->403164K(995968K), 0.0078280 secs] [Times: user=0.04 sys=0.00, real=0.01 secs] 
2014-07-08T08:34:37.529+0000: 1883.078: [GC [PSYoungGen: 308979K->672K(300032K)] 710811K->402567K(987008K), 0.0058000 secs] [Times: user=0.03 sys=0.00, real=0.01 secs] 
2014-07-08T08:34:38.444+0000: 1883.993: [GC [PSYoungGen: 299999K->1074K(292416K)] 701895K->403018K(979392K), 0.0086800 secs] [Times: user=0.05 sys=0.01, real=0.01 secs] 
2014-07-08T08:34:39.321+0000: 1884.870: [GC [PSYoungGen: 292402K->1136K(284800K)] 694346K->403152K(971776K), 0.0060420 secs] [Times: user=0.04 sys=0.01, real=0.00 secs] 
2014-07-08T08:34:40.262+0000: 1885.811: [GC [PSYoungGen: 284768K->1464K(277696K)] 686783K->403560K(964672K), 0.0075180 secs] [Times: user=0.05 sys=0.01, real=0.00 secs] 
2014-07-08T08:34:41.151+0000: 1886.700: [GC [PSYoungGen: 277687K->1256K(270400K)] 679783K->403447K(957376K), 0.0063020 secs] [Times: user=0.04 sys=0.01, real=0.00 secs] 
2014-07-08T08:34:42.137+0000: 1887.687: [GC [PSYoungGen: 270376K->1274K(263552K)] 672567K->403806K(950528K), 0.0116730 secs] [Times: user=0.06 sys=0.00, real=0.01 secs] 
2014-07-08T08:34:42.902+0000: 1888.451: [GC [PSYoungGen: 263504K->1626K(257344K)] 666036K->404254K(944320K), 0.0080370 secs] [Times: user=0.05 sys=0.01, real=0.00 secs] 
2014-07-08T08:34:43.610+0000: 1889.159: [GC [PSYoungGen: 257301K->1068K(250432K)] 659928K->404054K(937408K), 0.0079600 secs] [Times: user=0.05 sys=0.00, real=0.01 secs] 
2014-07-08T08:34:44.442+0000: 1889.991: [GC [PSYoungGen: 250412K->1068K(244352K)] 653398K->404144K(931328K), 0.0049000 secs] [Times: user=0.02 sys=0.00, real=0.00 secs] 
2014-07-08T08:34:45.228+0000: 1890.777: [GC [PSYoungGen: 244330K->1278K(238656K)] 647406K->404476K(925632K), 0.0036790 secs] [Times: user=0.02 sys=0.00, real=0.01 secs] 
2014-07-08T08:34:46.000+0000: 1891.549: [GC [PSYoungGen: 238652K->1630K(286528K)] 641850K->404916K(973504K), 0.0141980 secs] [Times: user=0.09 sys=0.01, real=0.02 secs] 
2014-07-08T08:34:47.025+0000: 1892.575: [GC [PSYoungGen: 286494K->940K(324864K)] 689780K->404896K(1011840K), 0.0139260 secs] [Times: user=0.09 sys=0.00, real=0.01 secs] 
2014-07-08T08:34:48.070+0000: 1893.619: [GC [PSYoungGen: 324818K->2026K(325952K)] 728775K->406070K(1012928K), 0.0097480 secs] [Times: user=0.05 sys=0.00, real=0.01 secs] 
2014-07-08T08:34:49.096+0000: 1894.645: [GC [PSYoungGen: 325930K->1762K(316736K)] 729974K->406330K(1003712K), 0.0085550 secs] [Times: user=0.06 sys=0.00, real=0.01 secs] 
2014-07-08T08:34:50.085+0000: 1895.634: [GC [PSYoungGen: 316706K->1440K(307776K)] 721274K->406072K(994752K), 0.0055720 secs] [Times: user=0.02 sys=0.01, real=0.00 secs] 
2014-07-08T08:34:51.189+0000: 1896.738: [GC [PSYoungGen: 307672K->1275K(299328K)] 712304K->406201K(986304K), 0.0070980 secs] [Times: user=0.05 sys=0.00, real=0.01 secs] 
2014-07-08T08:34:52.167+0000: 1897.717: [GC [PSYoungGen: 299323K->1474K(291648K)] 704249K->406480K(978624K), 0.0047150 secs] [Times: user=0.03 sys=0.00, real=0.01 secs] 
2014-07-08T08:34:53.107+0000: 1898.657: [GC [PSYoungGen: 291586K->1562K(284032K)] 696592K->406756K(971008K), 0.0086300 secs] [Times: user=0.05 sys=0.00, real=0.01 secs] 
2014-07-08T08:34:53.916+0000: 1899.465: [GC [PSYoungGen: 283994K->1396K(276480K)] 689188K->406662K(963456K), 0.0041620 secs] [Times: user=0.02 sys=0.00, real=0.00 secs] 
2014-07-08T08:34:54.780+0000: 1900.330: [GC [PSYoungGen: 276427K->1142K(269184K)] 681693K->406610K(956160K), 0.0152040 secs] [Times: user=0.09 sys=0.00, real=0.02 secs] 
2014-07-08T08:34:55.638+0000: 1901.187: [GC [PSYoungGen: 269159K->1464K(262720K)] 674627K->406996K(949696K), 0.0079360 secs] [Times: user=0.05 sys=0.00, real=0.01 secs] 
2014-07-08T08:34:56.606+0000: 1902.155: [GC [PSYoungGen: 262712K->1092K(314688K)] 668244K->406812K(1001664K), 0.0116590 secs] [Times: user=0.07 sys=0.00, real=0.01 secs] 
2014-07-08T08:34:57.733+0000: 1903.283: [GC [PSYoungGen: 314628K->1320K(306304K)] 720348K->407104K(993280K), 0.0043700 secs] [Times: user=0.01 sys=0.01, real=0.00 secs] 
2014-07-08T08:34:58.669+0000: 1904.218: [GC [PSYoungGen: 306245K->1426K(367424K)] 712030K->407267K(1054400K), 0.0154080 secs] [Times: user=0.09 sys=0.00, real=0.02 secs] 
2014-07-08T08:34:59.932+0000: 1905.481: [GC [PSYoungGen: 367378K->1472K(383872K)] 773219K->407392K(1070848K), 0.0125960 secs] [Times: user=0.08 sys=0.01, real=0.02 secs] 
2014-07-08T08:35:01.256+0000: 1906.805: [GC [PSYoungGen: 383424K->1786K(372352K)] 789344K->407771K(1059328K), 0.0037880 secs] [Times: user=0.03 sys=0.00, real=0.00 secs] 
2014-07-08T08:35:02.476+0000: 1908.025: [GC [PSYoungGen: 372346K->1232K(360960K)] 778331K->407296K(1047936K), 0.0072640 secs] [Times: user=0.05 sys=0.00, real=0.01 secs] 
2014-07-08T08:35:03.620+0000: 1909.169: [GC [PSYoungGen: 360911K->932K(350208K)] 766975K->407060K(1037184K), 0.0052320 secs] [Times: user=0.02 sys=0.00, real=0.01 secs] 
2014-07-08T08:35:04.748+0000: 1910.297: [GC [PSYoungGen: 350153K->1478K(340800K)] 756282K->407662K(1027776K), 0.0040410 secs] [Times: user=0.02 sys=0.00, real=0.00 secs] 
2014-07-08T08:35:05.943+0000: 1911.492: [GC [PSYoungGen: 340742K->1526K(331200K)] 746926K->407814K(1018176K), 0.0087180 secs] [Times: user=0.06 sys=0.00, real=0.01 secs] 
2014-07-08T08:35:07.193+0000: 1912.742: [GC [PSYoungGen: 331190K->1518K(321984K)] 737478K->407870K(1008960K), 0.0061320 secs] [Times: user=0.03 sys=0.00, real=0.01 secs] 
2014-07-08T08:35:08.195+0000: 1913.744: [GC [PSYoungGen: 321966K->950K(312576K)] 728318K->407430K(999552K), 0.0046590 secs] [Times: user=0.02 sys=0.00, real=0.00 secs] 
2014-07-08T08:35:09.274+0000: 1914.823: [GC [PSYoungGen: 312566K->1728K(304896K)] 719046K->408288K(991872K), 0.0093360 secs] [Times: user=0.06 sys=0.00, real=0.01 secs] 
2014-07-08T08:35:10.258+0000: 1915.808: [GC [PSYoungGen: 304801K->1188K(296192K)] 711362K->407896K(983168K), 0.0040890 secs] [Times: user=0.02 sys=0.00, real=0.00 secs] 
2014-07-08T08:35:11.380+0000: 1916.929: [GC [PSYoungGen: 296130K->1811K(289024K)] 702839K->408600K(976000K), 0.0051340 secs] [Times: user=0.03 sys=0.00, real=0.01 secs] 
2014-07-08T08:35:12.323+0000: 1917.873: [GC [PSYoungGen: 288979K->1074K(280704K)] 695768K->408450K(967680K), 0.0074490 secs] [Times: user=0.06 sys=0.00, real=0.01 secs] 
2014-07-08T08:35:13.305+0000: 1918.854: [GC [PSYoungGen: 280690K->1282K(273728K)] 688066K->408722K(960704K), 0.0079480 secs] [Times: user=0.05 sys=0.00, real=0.01 secs] 
2014-07-08T08:35:14.242+0000: 1919.791: [GC [PSYoungGen: 273666K->1424K(266880K)] 681106K->409285K(953856K), 0.0076920 secs] [Times: user=0.06 sys=0.00, real=0.01 secs] 
2014-07-08T08:35:15.225+0000: 1920.775: [GC [PSYoungGen: 266797K->1612K(260352K)] 674657K->409553K(947328K), 0.0066980 secs] [Times: user=0.05 sys=0.00, real=0.00 secs] 
2014-07-08T08:35:16.103+0000: 1921.652: [GC [PSYoungGen: 260300K->1004K(253248K)] 668241K->409460K(940224K), 0.0066270 secs] [Times: user=0.04 sys=0.00, real=0.01 secs] 
2014-07-08T08:35:16.941+0000: 1922.491: [GC [PSYoungGen: 253228K->1712K(247744K)] 661684K->410272K(934720K), 0.0068430 secs] [Times: user=0.04 sys=0.00, real=0.01 secs] 
2014-07-08T08:35:17.785+0000: 1923.334: [GC [PSYoungGen: 247728K->1382K(241472K)] 656288K->410468K(928448K), 0.0092520 secs] [Times: user=0.05 sys=0.00, real=0.01 secs] 
2014-07-08T08:35:18.529+0000: 1924.078: [GC [PSYoungGen: 241395K->1053K(235392K)] 650482K->410219K(922368K), 0.0058100 secs] [Times: user=0.02 sys=0.00, real=0.00 secs] 
2014-07-08T08:35:19.370+0000: 1924.919: [GC [PSYoungGen: 235353K->1210K(229952K)] 644519K->410433K(916928K), 0.0046940 secs] [Times: user=0.03 sys=0.00, real=0.00 secs] 
2014-07-08T08:35:20.214+0000: 1925.763: [GC [PSYoungGen: 229945K->1768K(225152K)] 639168K->411079K(912128K), 0.0065050 secs] [Times: user=0.03 sys=0.00, real=0.01 secs] 
2014-07-08T08:35:20.898+0000: 1926.447: [GC [PSYoungGen: 225102K->1382K(219584K)] 634413K->410844K(906560K), 0.0081790 secs] [Times: user=0.05 sys=0.00, real=0.01 secs] 
2014-07-08T08:35:21.692+0000: 1927.241: [GC [PSYoungGen: 219547K->1414K(214656K)] 629010K->410964K(901632K), 0.0040690 secs] [Times: user=0.02 sys=0.00, real=0.00 secs] 
2014-07-08T08:35:22.399+0000: 1927.949: [GC [PSYoungGen: 214597K->1522K(209920K)] 624148K->411389K(896896K), 0.0051210 secs] [Times: user=0.02 sys=0.00, real=0.00 secs] 
2014-07-08T08:35:23.147+0000: 1928.697: [GC [PSYoungGen: 209906K->1498K(205312K)] 619773K->411471K(892288K), 0.0048720 secs] [Times: user=0.02 sys=0.00, real=0.00 secs] 
2014-07-08T08:35:23.691+0000: 1929.240: [GC [PSYoungGen: 205272K->954K(200256K)] 615245K->411040K(887232K), 0.0072060 secs] [Times: user=0.04 sys=0.00, real=0.01 secs] 
2014-07-08T08:35:24.352+0000: 1929.901: [GC [PSYoungGen: 200246K->1438K(196480K)] 610333K->411597K(883456K), 0.0055950 secs] [Times: user=0.02 sys=0.00, real=0.01 secs] 
2014-07-08T08:35:24.942+0000: 1930.491: [GC [PSYoungGen: 196446K->1626K(192512K)] 606605K->411833K(879488K), 0.0057100 secs] [Times: user=0.02 sys=0.00, real=0.01 secs] 
2014-07-08T08:35:25.518+0000: 1931.067: [GC [PSYoungGen: 192474K->1374K(230464K)] 602681K->411653K(917440K), 0.0095300 secs] [Times: user=0.06 sys=0.00, real=0.01 secs] 
2014-07-08T08:35:26.433+0000: 1931.983: [GC [PSYoungGen: 230386K->1192K(276096K)] 640665K->412215K(963072K), 0.0120120 secs] [Times: user=0.07 sys=0.00, real=0.01 secs] 
2014-07-08T08:35:27.294+0000: 1932.843: [GC [PSYoungGen: 276062K->1332K(269184K)] 687085K->412517K(956160K), 0.0036650 secs] [Times: user=0.01 sys=0.00, real=0.01 secs] 
2014-07-08T08:35:28.235+0000: 1933.784: [GC [PSYoungGen: 269172K->1424K(262528K)] 680357K->413071K(949504K), 0.0050390 secs] [Times: user=0.01 sys=0.00, real=0.01 secs] 
2014-07-08T08:35:28.971+0000: 1934.520: [GC [PSYoungGen: 262480K->1424K(256000K)] 674127K->413127K(942976K), 0.0039450 secs] [Times: user=0.02 sys=0.00, real=0.00 secs] 
2014-07-08T08:35:29.715+0000: 1935.265: [GC [PSYoungGen: 255952K->1118K(249408K)] 667655K->412885K(936384K), 0.0099120 secs] [Times: user=0.06 sys=0.00, real=0.01 secs] 
2014-07-08T08:35:30.537+0000: 1936.086: [GC [PSYoungGen: 249373K->1246K(243456K)] 661140K->413109K(930432K), 0.0047300 secs] [Times: user=0.01 sys=0.00, real=0.01 secs] 
2014-07-08T08:35:31.372+0000: 1936.921: [GC [PSYoungGen: 243422K->1484K(237888K)] 655285K->413403K(924864K), 0.0043000 secs] [Times: user=0.02 sys=0.00, real=0.00 secs] 
2014-07-08T08:35:32.164+0000: 1937.714: [GC [PSYoungGen: 237780K->1941K(232704K)] 649699K->413941K(919680K), 0.0052300 secs] [Times: user=0.02 sys=0.00, real=0.01 secs] 
2014-07-08T08:35:32.975+0000: 1938.524: [GC [PSYoungGen: 232640K->484K(225792K)] 644639K->413225K(912768K), 0.0078630 secs] [Times: user=0.05 sys=0.00, real=0.01 secs] 
2014-07-08T08:35:33.601+0000: 1939.151: [GC [PSYoungGen: 225764K->1564K(271936K)] 638505K->414345K(958912K), 0.0128240 secs] [Times: user=0.08 sys=0.00, real=0.01 secs] 
2014-07-08T08:35:34.469+0000: 1940.019: [GC [PSYoungGen: 271900K->1324K(264768K)] 684681K->414904K(951744K), 0.0068610 secs] [Times: user=0.04 sys=0.00, real=0.00 secs] 
2014-07-08T08:35:35.335+0000: 1940.884: [GC [PSYoungGen: 264748K->1150K(317312K)] 678328K->414761K(1004288K), 0.0103670 secs] [Times: user=0.06 sys=0.00, real=0.01 secs] 
2014-07-08T08:35:36.352+0000: 1941.902: [GC [PSYoungGen: 317309K->1552K(380992K)] 730920K->415220K(1067968K), 0.0108180 secs] [Times: user=0.06 sys=0.00, real=0.01 secs] 
2014-07-08T08:35:37.457+0000: 1943.006: [GC [PSYoungGen: 380944K->840K(413120K)] 794612K->414547K(1100096K), 0.0106370 secs] [Times: user=0.06 sys=0.01, real=0.01 secs] 
2014-07-08T08:35:38.835+0000: 1944.384: [GC [PSYoungGen: 411912K->1552K(400064K)] 825619K->415307K(1087040K), 0.0104130 secs] [Times: user=0.07 sys=0.01, real=0.01 secs] 
2014-07-08T08:35:40.171+0000: 1945.721: [GC [PSYoungGen: 400016K->1542K(387968K)] 813771K->415393K(1074944K), 0.0084570 secs] [Times: user=0.05 sys=0.01, real=0.01 secs] 
2014-07-08T08:35:41.400+0000: 1946.950: [GC [PSYoungGen: 387910K->1018K(375808K)] 801761K->414933K(1062784K), 0.0063720 secs] [Times: user=0.04 sys=0.00, real=0.00 secs] 
2014-07-08T08:35:42.541+0000: 1948.091: [GC [PSYoungGen: 375802K->1104K(364864K)] 789717K->415059K(1051840K), 0.0055010 secs] [Times: user=0.02 sys=0.00, real=0.00 secs] 
2014-07-08T08:35:43.720+0000: 1949.269: [GC [PSYoungGen: 364816K->1060K(354176K)] 778771K->415079K(1041152K), 0.0041140 secs] [Times: user=0.01 sys=0.00, real=0.00 secs] 
2014-07-08T08:35:44.811+0000: 1950.361: [GC [PSYoungGen: 354148K->1584K(344512K)] 768167K->415676K(1031488K), 0.0087860 secs] [Times: user=0.05 sys=0.00, real=0.01 secs] 
2014-07-08T08:35:46.111+0000: 1951.660: [GC [PSYoungGen: 344452K->1448K(334656K)] 758544K->415824K(1021632K), 0.0039700 secs] [Times: user=0.02 sys=0.00, real=0.00 secs] 
2014-07-08T08:35:47.176+0000: 1952.725: [GC [PSYoungGen: 334632K->1532K(325376K)] 749008K->415988K(1012352K), 0.0061820 secs] [Times: user=0.04 sys=0.00, real=0.01 secs] 
2014-07-08T08:35:48.307+0000: 1953.857: [GC [PSYoungGen: 325372K->1270K(316160K)] 739828K->416076K(1003136K), 0.0084890 secs] [Times: user=0.06 sys=0.00, real=0.01 secs] 
2014-07-08T08:35:49.220+0000: 1954.769: [GC [PSYoungGen: 316150K->1068K(307328K)] 730956K->415914K(994304K), 0.0063130 secs] [Times: user=0.02 sys=0.01, real=0.01 secs] 
2014-07-08T08:35:50.264+0000: 1955.813: [GC [PSYoungGen: 307307K->1352K(299392K)] 722153K->416352K(986368K), 0.0038710 secs] [Times: user=0.02 sys=0.00, real=0.00 secs] 
2014-07-08T08:35:51.202+0000: 1956.751: [GC [PSYoungGen: 299336K->1124K(291200K)] 714336K->416188K(978176K), 0.0102960 secs] [Times: user=0.06 sys=0.00, real=0.01 secs] 
2014-07-08T08:35:52.143+0000: 1957.693: [GC [PSYoungGen: 291172K->1598K(284032K)] 706236K->416798K(971008K), 0.0163120 secs] [Times: user=0.10 sys=0.00, real=0.01 secs] 
2014-07-08T08:35:53.118+0000: 1958.667: [GC [PSYoungGen: 284030K->1710K(276800K)] 699230K->416982K(963776K), 0.0059510 secs] [Times: user=0.02 sys=0.01, real=0.01 secs] 
2014-07-08T08:35:53.959+0000: 1959.508: [GC [PSYoungGen: 276781K->954K(268992K)] 692053K->416772K(955968K), 0.0068940 secs] [Times: user=0.04 sys=0.00, real=0.01 secs] 
2014-07-08T08:35:54.753+0000: 1960.303: [GC [PSYoungGen: 268955K->1498K(262784K)] 684773K->417388K(949760K), 0.0045770 secs] [Times: user=0.02 sys=0.00, real=0.00 secs] 
2014-07-08T08:35:55.691+0000: 1961.241: [GC [PSYoungGen: 262746K->1068K(255808K)] 678636K->417154K(942784K), 0.0050150 secs] [Times: user=0.02 sys=0.00, real=0.01 secs] 
2014-07-08T08:35:56.587+0000: 1962.136: [GC [PSYoungGen: 255738K->1687K(250176K)] 671824K->417837K(937152K), 0.0038910 secs] [Times: user=0.02 sys=0.00, real=0.00 secs] 
2014-07-08T08:35:57.422+0000: 1962.971: [GC [PSYoungGen: 250135K->868K(243264K)] 666285K->417090K(930240K), 0.0058350 secs] [Times: user=0.04 sys=0.00, real=0.01 secs] 
2014-07-08T08:35:58.348+0000: 1963.897: [GC [PSYoungGen: 243199K->2118K(238720K)] 659421K->418412K(925696K), 0.0077210 secs] [Times: user=0.05 sys=0.00, real=0.01 secs] 
2014-07-08T08:35:59.159+0000: 1964.708: [GC [PSYoungGen: 238662K->1074K(232000K)] 654956K->417416K(918976K), 0.0071430 secs] [Times: user=0.03 sys=0.01, real=0.01 secs] 
2014-07-08T08:35:59.867+0000: 1965.416: [GC [PSYoungGen: 231986K->1556K(227072K)] 648328K->417954K(914048K), 0.0133420 secs] [Times: user=0.09 sys=0.00, real=0.01 secs] 
2014-07-08T08:36:00.661+0000: 1966.210: [GC [PSYoungGen: 227027K->1342K(221568K)] 643425K->417804K(908544K), 0.0078820 secs] [Times: user=0.04 sys=0.00, real=0.01 secs] 
2014-07-08T08:36:01.358+0000: 1966.907: [GC [PSYoungGen: 221566K->986K(265344K)] 638028K->417504K(952320K), 0.0098320 secs] [Times: user=0.07 sys=0.00, real=0.01 secs] 
2014-07-08T08:36:02.244+0000: 1967.793: [GC [PSYoungGen: 265209K->1577K(259264K)] 681727K->418135K(946240K), 0.0043970 secs] [Times: user=0.02 sys=0.00, real=0.00 secs] 
2014-07-08T08:36:03.009+0000: 1968.558: [GC [PSYoungGen: 259241K->1338K(310592K)] 675799K->417968K(997568K), 0.0097400 secs] [Times: user=0.06 sys=0.00, real=0.01 secs] 
2014-07-08T08:36:04.030+0000: 1969.579: [GC [PSYoungGen: 310586K->1590K(302464K)] 727216K->418292K(989440K), 0.0084280 secs] [Times: user=0.05 sys=0.01, real=0.01 secs] 
2014-07-08T08:36:04.971+0000: 1970.520: [GC [PSYoungGen: 302454K->1530K(294336K)] 719156K->418264K(981312K), 0.0064490 secs] [Times: user=0.03 sys=0.00, real=0.01 secs] 
2014-07-08T08:36:05.973+0000: 1971.522: [GC [PSYoungGen: 294330K->1264K(286336K)] 711064K->418324K(973312K), 0.0098390 secs] [Times: user=0.06 sys=0.01, real=0.01 secs] 
2014-07-08T08:36:06.889+0000: 1972.438: [GC [PSYoungGen: 286320K->1382K(343488K)] 703380K->418498K(1030464K), 0.0139600 secs] [Times: user=0.06 sys=0.01, real=0.01 secs] 
2014-07-08T08:36:08.006+0000: 1973.555: [GC [PSYoungGen: 343462K->1576K(412096K)] 760578K->418772K(1099072K), 0.0101900 secs] [Times: user=0.06 sys=0.00, real=0.01 secs] 
2014-07-08T08:36:09.412+0000: 1974.962: [GC [PSYoungGen: 412072K->1168K(399104K)] 829268K->418420K(1086080K), 0.0042600 secs] [Times: user=0.02 sys=0.01, real=0.01 secs] 
2014-07-08T08:36:10.682+0000: 1976.231: [GC [PSYoungGen: 399056K->868K(386752K)] 816308K->418160K(1073728K), 0.0054790 secs] [Times: user=0.02 sys=0.00, real=0.01 secs] 
2014-07-08T08:36:12.009+0000: 1977.558: [GC [PSYoungGen: 386724K->1394K(375744K)] 804016K->418774K(1062720K), 0.0078250 secs] [Times: user=0.05 sys=0.00, real=0.01 secs] 
2014-07-08T08:36:13.270+0000: 1978.820: [GC [PSYoungGen: 375730K->1896K(365184K)] 793110K->419340K(1052160K), 0.0163320 secs] [Times: user=0.09 sys=0.00, real=0.02 secs] 
2014-07-08T08:36:14.515+0000: 1980.064: [GC [PSYoungGen: 365156K->1972K(354624K)] 782601K->419496K(1041600K), 0.0082740 secs] [Times: user=0.05 sys=0.01, real=0.00 secs] 
2014-07-08T08:36:15.575+0000: 1981.125: [GC [PSYoungGen: 354556K->502K(342976K)] 772080K->419032K(1029952K), 0.0099390 secs] [Times: user=0.06 sys=0.00, real=0.01 secs] 
2014-07-08T08:36:16.601+0000: 1982.150: [GC [PSYoungGen: 342966K->1780K(334528K)] 761496K->420359K(1021504K), 0.0106590 secs] [Times: user=0.07 sys=0.00, real=0.01 secs] 
2014-07-08T08:36:17.692+0000: 1983.242: [GC [PSYoungGen: 334516K->1132K(324544K)] 753095K->420443K(1011520K), 0.0079190 secs] [Times: user=0.05 sys=0.00, real=0.01 secs] 
2014-07-08T08:36:18.832+0000: 1984.382: [GC [PSYoungGen: 324455K->1178K(315648K)] 743766K->420537K(1002624K), 0.0087750 secs] [Times: user=0.05 sys=0.00, real=0.01 secs] 
2014-07-08T08:36:19.960+0000: 1985.509: [GC [PSYoungGen: 315610K->1822K(307712K)] 734969K->421277K(994688K), 0.0042840 secs] [Times: user=0.02 sys=0.00, real=0.00 secs] 
2014-07-08T08:36:20.866+0000: 1986.415: [GC [PSYoungGen: 307678K->1374K(299008K)] 727133K->420869K(985984K), 0.0114000 secs] [Times: user=0.06 sys=0.00, real=0.01 secs] 
2014-07-08T08:36:21.817+0000: 1987.366: [GC [PSYoungGen: 298974K->1398K(291072K)] 718469K->421015K(978048K), 0.0094450 secs] [Times: user=0.06 sys=0.00, real=0.01 secs] 
2014-07-08T08:36:22.701+0000: 1988.251: [GC [PSYoungGen: 291012K->1372K(283456K)] 710629K->421077K(970432K), 0.0093650 secs] [Times: user=0.06 sys=0.00, real=0.01 secs] 
2014-07-08T08:36:23.698+0000: 1989.247: [GC [PSYoungGen: 283420K->1082K(275776K)] 703125K->420883K(962752K), 0.0077940 secs] [Times: user=0.05 sys=0.00, real=0.00 secs] 
2014-07-08T08:36:24.677+0000: 1990.226: [GC [PSYoungGen: 275770K->1082K(268736K)] 695571K->420971K(955712K), 0.0078430 secs] [Times: user=0.05 sys=0.00, real=0.00 secs] 
2014-07-08T08:36:25.560+0000: 1991.110: [GC [PSYoungGen: 268730K->1473K(262400K)] 688619K->421426K(949376K), 0.0078360 secs] [Times: user=0.04 sys=0.00, real=0.01 secs] 
2014-07-08T08:36:26.356+0000: 1991.905: [GC [PSYoungGen: 262337K->1300K(255680K)] 682290K->421325K(942656K), 0.0043990 secs] [Times: user=0.02 sys=0.00, real=0.01 secs] 
2014-07-08T08:36:27.259+0000: 1992.809: [GC [PSYoungGen: 255636K->1402K(249472K)] 675661K->421507K(936448K), 0.0089700 secs] [Times: user=0.06 sys=0.00, real=0.01 secs] 
2014-07-08T08:36:27.950+0000: 1993.499: [GC [PSYoungGen: 249466K->1296K(243328K)] 669571K->421457K(930304K), 0.0074710 secs] [Times: user=0.05 sys=0.01, real=0.01 secs] 
2014-07-08T08:36:28.692+0000: 1994.241: [GC [PSYoungGen: 243280K->1150K(237312K)] 663441K->421383K(924288K), 0.0059340 secs] [Times: user=0.04 sys=0.01, real=0.01 secs] 
2014-07-08T08:36:29.617+0000: 1995.167: [GC [PSYoungGen: 237310K->1596K(232128K)] 657543K->421885K(919104K), 0.0056010 secs] [Times: user=0.02 sys=0.00, real=0.00 secs] 
2014-07-08T08:36:30.335+0000: 1995.884: [GC [PSYoungGen: 232083K->1263K(226368K)] 652373K->421844K(913344K), 0.0074630 secs] [Times: user=0.06 sys=0.00, real=0.01 secs] 
2014-07-08T08:36:31.202+0000: 1996.751: [GC [PSYoungGen: 226351K->1548K(221504K)] 646932K->422177K(908480K), 0.0101320 secs] [Times: user=0.07 sys=0.01, real=0.01 secs] 
2014-07-08T08:36:31.795+0000: 1997.344: [GC [PSYoungGen: 221452K->1136K(216000K)] 642081K->422099K(902976K), 0.0046350 secs] [Times: user=0.02 sys=0.00, real=0.01 secs] 
2014-07-08T08:36:32.487+0000: 1998.036: [GC [PSYoungGen: 215984K->1324K(211328K)] 636947K->422351K(898304K), 0.0067570 secs] [Times: user=0.04 sys=0.01, real=0.00 secs] 
2014-07-08T08:36:33.274+0000: 1998.823: [GC [PSYoungGen: 211308K->1534K(206848K)] 632335K->422649K(893824K), 0.0051090 secs] [Times: user=0.02 sys=0.01, real=0.01 secs] 
2014-07-08T08:36:33.944+0000: 1999.494: [GC [PSYoungGen: 206818K->1384K(202176K)] 627934K->422595K(889152K), 0.0087710 secs] [Times: user=0.05 sys=0.01, real=0.01 secs] 
2014-07-08T08:36:34.562+0000: 2000.111: [GC [PSYoungGen: 202152K->940K(241920K)] 623363K->422305K(928896K), 0.0086790 secs] [Times: user=0.06 sys=0.00, real=0.01 secs] 
2014-07-08T08:36:35.366+0000: 2000.915: [GC [PSYoungGen: 241900K->904K(236160K)] 663265K->422317K(923136K), 0.0046670 secs] [Times: user=0.02 sys=0.01, real=0.01 secs] 
2014-07-08T08:36:36.084+0000: 2001.633: [GC [PSYoungGen: 236104K->1264K(230912K)] 657517K->422741K(917888K), 0.0047720 secs] [Times: user=0.03 sys=0.01, real=0.01 secs] 
2014-07-08T08:36:36.725+0000: 2002.274: [GC [PSYoungGen: 230888K->1320K(225600K)] 652365K->422869K(912576K), 0.0049860 secs] [Times: user=0.02 sys=0.01, real=0.01 secs] 
2014-07-08T08:36:37.472+0000: 2003.022: [GC [PSYoungGen: 225576K->1082K(220160K)] 647125K->422703K(907136K), 0.0040580 secs] [Times: user=0.02 sys=0.01, real=0.00 secs] 
2014-07-08T08:36:38.188+0000: 2003.737: [GC [PSYoungGen: 220152K->1186K(215296K)] 641774K->422879K(902272K), 0.0063990 secs] [Times: user=0.04 sys=0.00, real=0.01 secs] 
2014-07-08T08:36:38.836+0000: 2004.386: [GC [PSYoungGen: 215266K->1456K(210752K)] 636959K->423378K(897728K), 0.0044870 secs] [Times: user=0.02 sys=0.00, real=0.01 secs] 
2014-07-08T08:36:39.572+0000: 2005.121: [GC [PSYoungGen: 210736K->1310K(205952K)] 632658K->423295K(892928K), 0.0077710 secs] [Times: user=0.05 sys=0.00, real=0.01 secs] 
2014-07-08T08:36:40.254+0000: 2005.803: [GC [PSYoungGen: 205918K->968K(201152K)] 627903K->423175K(888128K), 0.0050490 secs] [Times: user=0.03 sys=0.00, real=0.01 secs] 
2014-07-08T08:36:40.853+0000: 2006.403: [GC [PSYoungGen: 201096K->1395K(197184K)] 623303K->423674K(884160K), 0.0063060 secs] [Times: user=0.04 sys=0.00, real=0.01 secs] 
2014-07-08T08:36:41.519+0000: 2007.069: [GC [PSYoungGen: 197171K->1228K(192832K)] 619450K->423579K(879808K), 0.0035480 secs] [Times: user=0.02 sys=0.00, real=0.00 secs] 
2014-07-08T08:36:42.161+0000: 2007.710: [GC [PSYoungGen: 192780K->1510K(189056K)] 615131K->423925K(876032K), 0.0063680 secs] [Times: user=0.02 sys=0.01, real=0.00 secs] 
2014-07-08T08:36:42.612+0000: 2008.162: [GC [PSYoungGen: 189030K->808K(225856K)] 611445K->423449K(912832K), 0.0100180 secs] [Times: user=0.06 sys=0.01, real=0.01 secs] 
2014-07-08T08:36:43.400+0000: 2008.950: [GC [PSYoungGen: 225830K->1146K(271232K)] 648472K->423859K(958208K), 0.0070660 secs] [Times: user=0.04 sys=0.00, real=0.00 secs] 
2014-07-08T08:36:44.351+0000: 2009.901: [GC [PSYoungGen: 271226K->1406K(264640K)] 693939K->424315K(951616K), 0.0065190 secs] [Times: user=0.04 sys=0.00, real=0.00 secs] 
2014-07-08T08:36:45.205+0000: 2010.754: [GC [PSYoungGen: 264638K->1502K(258176K)] 687547K->424483K(945152K), 0.0075840 secs] [Times: user=0.04 sys=0.00, real=0.01 secs] 
2014-07-08T08:36:45.988+0000: 2011.537: [GC [PSYoungGen: 258142K->680K(250944K)] 681123K->424361K(937920K), 0.0073510 secs] [Times: user=0.04 sys=0.01, real=0.01 secs] 
2014-07-08T08:36:46.720+0000: 2012.269: [GC [PSYoungGen: 250920K->1592K(245696K)] 674601K->425330K(932672K), 0.0047360 secs] [Times: user=0.02 sys=0.00, real=0.00 secs] 
2014-07-08T08:36:47.517+0000: 2013.067: [GC [PSYoungGen: 245688K->1198K(239424K)] 669426K->425670K(926400K), 0.0076750 secs] [Times: user=0.05 sys=0.00, real=0.01 secs] 
2014-07-08T08:36:48.284+0000: 2013.833: [GC [PSYoungGen: 239406K->1118K(233664K)] 663878K->425654K(920640K), 0.0073270 secs] [Times: user=0.04 sys=0.01, real=0.01 secs] 
2014-07-08T08:36:49.181+0000: 2014.731: [GC [PSYoungGen: 233618K->1370K(228416K)] 658154K->425954K(915392K), 0.0101850 secs] [Times: user=0.06 sys=0.00, real=0.01 secs] 
2014-07-08T08:36:49.807+0000: 2015.357: [GC [PSYoungGen: 228377K->1192K(273664K)] 652961K->425864K(960640K), 0.0099950 secs] [Times: user=0.07 sys=0.00, real=0.01 secs] 
2014-07-08T08:36:50.606+0000: 2016.156: [GC [PSYoungGen: 273640K->850K(327872K)] 698312K->425586K(1014848K), 0.0107090 secs] [Times: user=0.06 sys=0.00, real=0.01 secs] 
2014-07-08T08:36:51.657+0000: 2017.206: [GC [PSYoungGen: 327826K->1210K(393600K)] 752562K->426018K(1080576K), 0.0086480 secs] [Times: user=0.06 sys=0.00, real=0.01 secs] 
2014-07-08T08:36:52.855+0000: 2018.404: [GC [PSYoungGen: 393589K->1509K(382080K)] 818397K->426621K(1069056K), 0.0037190 secs] [Times: user=0.02 sys=0.00, real=0.00 secs] 
2014-07-08T08:36:54.311+0000: 2019.861: [GC [PSYoungGen: 382053K->1438K(370688K)] 807165K->426614K(1057664K), 0.0070330 secs] [Times: user=0.05 sys=0.00, real=0.00 secs] 
2014-07-08T08:36:55.480+0000: 2021.029: [GC [PSYoungGen: 370654K->875K(359296K)] 795830K->426348K(1046272K), 0.0134740 secs] [Times: user=0.09 sys=0.00, real=0.02 secs] 
2014-07-08T08:36:56.551+0000: 2022.101: [GC [PSYoungGen: 359275K->1390K(349440K)] 784748K->426920K(1036416K), 0.0075560 secs] [Times: user=0.05 sys=0.00, real=0.00 secs] 
2014-07-08T08:36:57.677+0000: 2023.227: [GC [PSYoungGen: 349422K->904K(339008K)] 774952K->426489K(1025984K), 0.0047390 secs] [Times: user=0.02 sys=0.00, real=0.01 secs] 
2014-07-08T08:36:58.772+0000: 2024.321: [GC [PSYoungGen: 338952K->1374K(329920K)] 764537K->427015K(1016896K), 0.0107630 secs] [Times: user=0.08 sys=0.00, real=0.01 secs] 
2014-07-08T08:37:00.104+0000: 2025.654: [GC [PSYoungGen: 329886K->1406K(320768K)] 755527K->427365K(1007744K), 0.0068350 secs] [Times: user=0.05 sys=0.00, real=0.01 secs] 
2014-07-08T08:37:01.134+0000: 2026.683: [GC [PSYoungGen: 320766K->1456K(312000K)] 746725K->427495K(998976K), 0.0086950 secs] [Times: user=0.05 sys=0.00, real=0.01 secs] 
2014-07-08T08:37:02.052+0000: 2027.601: [GC [PSYoungGen: 311984K->1146K(303232K)] 738023K->427541K(990208K), 0.0049180 secs] [Times: user=0.03 sys=0.00, real=0.01 secs] 
2014-07-08T08:37:02.936+0000: 2028.485: [GC [PSYoungGen: 303225K->1958K(295936K)] 729620K->428465K(982912K), 0.0065520 secs] [Times: user=0.04 sys=0.00, real=0.01 secs] 
2014-07-08T08:37:04.016+0000: 2029.566: [GC [PSYoungGen: 295910K->886K(287040K)] 722417K->427979K(974016K), 0.0085880 secs] [Times: user=0.05 sys=0.00, real=0.01 secs] 
2014-07-08T08:37:04.911+0000: 2030.460: [GC [PSYoungGen: 287030K->2093K(345536K)] 714123K->429219K(1032512K), 0.0180480 secs] [Times: user=0.11 sys=0.01, real=0.02 secs] 
2014-07-08T08:37:05.982+0000: 2031.531: [GC [PSYoungGen: 345517K->1252K(392000K)] 772643K->428944K(1078976K), 0.0115140 secs] [Times: user=0.07 sys=0.00, real=0.01 secs] 
2014-07-08T08:37:07.242+0000: 2032.791: [GC [PSYoungGen: 391972K->1533K(380544K)] 819664K->429273K(1067520K), 0.0090460 secs] [Times: user=0.05 sys=0.00, real=0.01 secs] 
2014-07-08T08:37:08.577+0000: 2034.126: [GC [PSYoungGen: 380503K->808K(368576K)] 808243K->428919K(1055552K), 0.0049320 secs] [Times: user=0.02 sys=0.00, real=0.00 secs] 
2014-07-08T08:37:09.693+0000: 2035.243: [GC [PSYoungGen: 368552K->1464K(358464K)] 796663K->429640K(1045440K), 0.0038660 secs] [Times: user=0.02 sys=0.00, real=0.00 secs] 
2014-07-08T08:37:10.839+0000: 2036.389: [GC [PSYoungGen: 358456K->1672K(348416K)] 786632K->430342K(1035392K), 0.0075180 secs] [Times: user=0.04 sys=0.00, real=0.01 secs] 
2014-07-08T08:37:12.005+0000: 2037.555: [GC [PSYoungGen: 348360K->1794K(338624K)] 777030K->430536K(1025600K), 0.0176520 secs] [Times: user=0.12 sys=0.00, real=0.02 secs] 
2014-07-08T08:37:13.169+0000: 2038.719: [GC [PSYoungGen: 338553K->818K(328064K)] 767294K->430266K(1015040K), 0.0079780 secs] [Times: user=0.05 sys=0.00, real=0.01 secs] 
2014-07-08T08:37:14.385+0000: 2039.934: [GC [PSYoungGen: 328050K->2101K(320192K)] 757498K->431605K(1007168K), 0.0053840 secs] [Times: user=0.03 sys=0.00, real=0.00 secs] 
2014-07-08T08:37:15.299+0000: 2040.849: [GC [PSYoungGen: 320181K->1356K(310720K)] 749685K->431410K(997696K), 0.0057770 secs] [Times: user=0.03 sys=0.01, real=0.01 secs] 
2014-07-08T08:37:16.295+0000: 2041.845: [GC [PSYoungGen: 310647K->1623K(302592K)] 740701K->431733K(989568K), 0.0079580 secs] [Times: user=0.06 sys=0.00, real=0.00 secs] 
2014-07-08T08:37:17.213+0000: 2042.762: [GC [PSYoungGen: 302550K->1310K(294208K)] 732660K->431492K(981184K), 0.0083210 secs] [Times: user=0.05 sys=0.00, real=0.01 secs] 
2014-07-08T08:37:18.166+0000: 2043.716: [GC [PSYoungGen: 294174K->1604K(286784K)] 724356K->431834K(973760K), 0.0050820 secs] [Times: user=0.02 sys=0.00, real=0.00 secs] 
2014-07-08T08:37:19.158+0000: 2044.708: [GC [PSYoungGen: 286724K->1278K(278976K)] 716954K->431548K(965952K), 0.0180180 secs] [Times: user=0.10 sys=0.00, real=0.02 secs] 
2014-07-08T08:37:20.050+0000: 2045.600: [GC [PSYoungGen: 278974K->1320K(271872K)] 709244K->431702K(958848K), 0.0085470 secs] [Times: user=0.05 sys=0.00, real=0.01 secs] 
2014-07-08T08:37:20.907+0000: 2046.457: [GC [PSYoungGen: 271818K->1730K(265408K)] 702200K->432208K(952384K), 0.0076390 secs] [Times: user=0.06 sys=0.00, real=0.01 secs] 
2014-07-08T08:37:21.739+0000: 2047.288: [GC [PSYoungGen: 265344K->1274K(258240K)] 695823K->431816K(945216K), 0.0083200 secs] [Times: user=0.06 sys=0.00, real=0.01 secs] 
2014-07-08T08:37:22.599+0000: 2048.148: [GC [PSYoungGen: 258234K->1068K(251648K)] 688776K->431674K(938624K), 0.0078330 secs] [Times: user=0.06 sys=0.00, real=0.01 secs] 
2014-07-08T08:37:23.589+0000: 2049.139: [GC [PSYoungGen: 251627K->1392K(245824K)] 682233K->432054K(932800K), 0.0080700 secs] [Times: user=0.04 sys=0.00, real=0.01 secs] 
2014-07-08T08:37:24.518+0000: 2050.068: [GC [PSYoungGen: 245808K->1762K(295104K)] 676470K->432472K(982080K), 0.0127020 secs] [Times: user=0.08 sys=0.00, real=0.01 secs] 
2014-07-08T08:37:25.478+0000: 2051.028: [GC [PSYoungGen: 295074K->1192K(286784K)] 725784K->431966K(973760K), 0.0070230 secs] [Times: user=0.05 sys=0.00, real=0.01 secs] 
2014-07-08T08:37:26.446+0000: 2051.996: [GC [PSYoungGen: 286718K->1300K(279424K)] 717492K->432170K(966400K), 0.0070440 secs] [Times: user=0.05 sys=0.00, real=0.00 secs] 
2014-07-08T08:37:27.327+0000: 2052.876: [GC [PSYoungGen: 279380K->1050K(272000K)] 710250K->431976K(958976K), 0.0047060 secs] [Times: user=0.03 sys=0.00, real=0.00 secs] 
2014-07-08T08:37:28.234+0000: 2053.783: [GC [PSYoungGen: 271962K->1563K(265600K)] 702888K->432569K(952576K), 0.0073890 secs] [Times: user=0.05 sys=0.00, real=0.01 secs] 
2014-07-08T08:37:29.167+0000: 2054.716: [GC [PSYoungGen: 265545K->1722K(259072K)] 696552K->432816K(946048K), 0.0082790 secs] [Times: user=0.05 sys=0.00, real=0.00 secs] 
2014-07-08T08:37:30.025+0000: 2055.574: [GC [PSYoungGen: 259066K->940K(251904K)] 690160K->432758K(938880K), 0.0112870 secs] [Times: user=0.07 sys=0.01, real=0.02 secs] 
2014-07-08T08:37:30.756+0000: 2056.305: [GC [PSYoungGen: 251853K->1706K(246528K)] 683672K->433597K(933504K), 0.0041950 secs] [Times: user=0.02 sys=0.00, real=0.01 secs] 
2014-07-08T08:37:31.550+0000: 2057.100: [GC [PSYoungGen: 246506K->964K(239872K)] 678397K->433288K(926848K), 0.0039130 secs] [Times: user=0.02 sys=0.00, real=0.00 secs] 
2014-07-08T08:37:32.334+0000: 2057.883: [GC [PSYoungGen: 239812K->1274K(234432K)] 672136K->433647K(921408K), 0.0048310 secs] [Times: user=0.02 sys=0.00, real=0.01 secs] 
2014-07-08T08:37:33.166+0000: 2058.715: [GC [PSYoungGen: 234417K->1702K(229376K)] 666789K->434147K(916352K), 0.0044480 secs] [Times: user=0.02 sys=0.00, real=0.01 secs] 
2014-07-08T08:37:33.978+0000: 2059.527: [GC [PSYoungGen: 229350K->1360K(223744K)] 661795K->433853K(910720K), 0.0121270 secs] [Times: user=0.09 sys=0.00, real=0.01 secs] 
2014-07-08T08:37:34.659+0000: 2060.208: [GC [PSYoungGen: 223694K->1252K(218496K)] 656187K->434573K(905472K), 0.0066560 secs] [Times: user=0.04 sys=0.00, real=0.00 secs] 
2014-07-08T08:37:35.384+0000: 2060.933: [GC [PSYoungGen: 218436K->1210K(213504K)] 651757K->434595K(900480K), 0.0067890 secs] [Times: user=0.03 sys=0.01, real=0.01 secs] 
2014-07-08T08:37:36.134+0000: 2061.683: [GC [PSYoungGen: 213498K->1624K(209216K)] 646883K->435269K(896192K), 0.0077470 secs] [Times: user=0.06 sys=0.00, real=0.01 secs] 
2014-07-08T08:37:36.703+0000: 2062.253: [GC [PSYoungGen: 209155K->1772K(204736K)] 642800K->435482K(891712K), 0.0069390 secs] [Times: user=0.03 sys=0.00, real=0.01 secs] 
2014-07-08T08:37:37.420+0000: 2062.970: [GC [PSYoungGen: 204682K->939K(199488K)] 638391K->434696K(886464K), 0.0054470 secs] [Times: user=0.03 sys=0.00, real=0.00 secs] 
2014-07-08T08:37:38.105+0000: 2063.654: [GC [PSYoungGen: 199467K->1452K(239744K)] 633224K->435281K(926720K), 0.0131620 secs] [Times: user=0.08 sys=0.01, real=0.02 secs] 
2014-07-08T08:37:38.972+0000: 2064.522: [GC [PSYoungGen: 239724K->1270K(287232K)] 673553K->435203K(974208K), 0.0101860 secs] [Times: user=0.06 sys=0.00, real=0.01 secs] 
2014-07-08T08:37:39.965+0000: 2065.515: [GC [PSYoungGen: 287220K->1192K(344384K)] 721154K->435181K(1031360K), 0.0098670 secs] [Times: user=0.07 sys=0.00, real=0.01 secs] 
2014-07-08T08:37:40.991+0000: 2066.540: [GC [PSYoungGen: 344357K->1590K(363712K)] 778347K->435651K(1050688K), 0.0086740 secs] [Times: user=0.06 sys=0.00, real=0.01 secs] 
2014-07-08T08:37:42.172+0000: 2067.722: [GC [PSYoungGen: 363382K->1100K(352384K)] 797443K->435257K(1039360K), 0.0078760 secs] [Times: user=0.05 sys=0.00, real=0.01 secs] 
2014-07-08T08:37:43.295+0000: 2068.845: [GC [PSYoungGen: 352332K->1082K(342208K)] 786489K->435507K(1029184K), 0.0103390 secs] [Times: user=0.07 sys=0.01, real=0.01 secs] 
2014-07-08T08:37:44.403+0000: 2069.953: [GC [PSYoungGen: 342202K->1064K(332544K)] 776627K->435577K(1019520K), 0.0088970 secs] [Times: user=0.04 sys=0.00, real=0.01 secs] 
2014-07-08T08:37:45.499+0000: 2071.048: [GC [PSYoungGen: 332520K->1014K(323200K)] 767033K->435649K(1010176K), 0.0083550 secs] [Times: user=0.03 sys=0.00, real=0.00 secs] 
2014-07-08T08:37:46.462+0000: 2072.011: [GC [PSYoungGen: 323153K->996K(314304K)] 757789K->435679K(1001280K), 0.0064460 secs] [Times: user=0.03 sys=0.00, real=0.01 secs] 
2014-07-08T08:37:47.462+0000: 2073.012: [GC [PSYoungGen: 314276K->1216K(305984K)] 748959K->435972K(992960K), 0.0098450 secs] [Times: user=0.06 sys=0.00, real=0.01 secs] 
2014-07-08T08:37:48.491+0000: 2074.040: [GC [PSYoungGen: 305920K->1264K(297792K)] 740676K->436107K(984768K), 0.0085730 secs] [Times: user=0.06 sys=0.00, real=0.01 secs] 
2014-07-08T08:37:49.439+0000: 2074.989: [GC [PSYoungGen: 297776K->932K(289600K)] 732619K->435847K(976576K), 0.0081660 secs] [Times: user=0.05 sys=0.00, real=0.00 secs] 
2014-07-08T08:37:50.418+0000: 2075.967: [GC [PSYoungGen: 289556K->1242K(282304K)] 724472K->436229K(969280K), 0.0040050 secs] [Times: user=0.01 sys=0.01, real=0.01 secs] 
2014-07-08T08:37:51.328+0000: 2076.877: [GC [PSYoungGen: 282249K->1204K(274944K)] 717237K->436247K(961920K), 0.0092850 secs] [Times: user=0.06 sys=0.00, real=0.01 secs] 
2014-07-08T08:37:52.190+0000: 2077.739: [GC [PSYoungGen: 274932K->1606K(268352K)] 709975K->436745K(955328K), 0.0044740 secs] [Times: user=0.02 sys=0.00, real=0.00 secs] 
2014-07-08T08:37:52.993+0000: 2078.543: [GC [PSYoungGen: 268294K->748K(260736K)] 703433K->436946K(947712K), 0.0082600 secs] [Times: user=0.05 sys=0.00, real=0.01 secs] 
2014-07-08T08:37:53.949+0000: 2079.499: [GC [PSYoungGen: 260704K->2026K(255552K)] 696903K->438518K(942528K), 0.0070420 secs] [Times: user=0.05 sys=0.00, real=0.01 secs] 
2014-07-08T08:37:54.719+0000: 2080.269: [GC [PSYoungGen: 255530K->1100K(248384K)] 692022K->438334K(935360K), 0.0041590 secs] [Times: user=0.03 sys=0.00, real=0.01 secs] 
2014-07-08T08:37:55.559+0000: 2081.109: [GC [PSYoungGen: 248332K->1214K(242432K)] 685566K->438578K(929408K), 0.0078810 secs] [Times: user=0.04 sys=0.00, real=0.01 secs] 
2014-07-08T08:37:56.402+0000: 2081.952: [GC [PSYoungGen: 242430K->904K(236352K)] 679794K->438332K(923328K), 0.0127900 secs] [Times: user=0.09 sys=0.00, real=0.01 secs] 
2014-07-08T08:37:57.209+0000: 2082.758: [GC [PSYoungGen: 236280K->1550K(231424K)] 673708K->439034K(918400K), 0.0073160 secs] [Times: user=0.04 sys=0.00, real=0.01 secs] 
2014-07-08T08:37:57.890+0000: 2083.439: [GC [PSYoungGen: 231374K->1274K(277120K)] 668858K->438822K(964096K), 0.0090770 secs] [Times: user=0.06 sys=0.00, real=0.01 secs] 
2014-07-08T08:37:58.915+0000: 2084.464: [GC [PSYoungGen: 277114K->1524K(270272K)] 714662K->439128K(957248K), 0.0097530 secs] [Times: user=0.06 sys=0.00, real=0.01 secs] 
2014-07-08T08:37:59.714+0000: 2085.264: [GC [PSYoungGen: 270260K->1074K(262976K)] 707864K->438750K(949952K), 0.0064620 secs] [Times: user=0.05 sys=0.00, real=0.01 secs] 
2014-07-08T08:38:00.637+0000: 2086.187: [GC [PSYoungGen: 262962K->954K(256256K)] 700638K->438678K(943232K), 0.0077720 secs] [Times: user=0.06 sys=0.00, real=0.01 secs] 
2014-07-08T08:38:01.412+0000: 2086.961: [GC [PSYoungGen: 256250K->1186K(250176K)] 693974K->438982K(937152K), 0.0047130 secs] [Times: user=0.02 sys=0.01, real=0.00 secs] 
2014-07-08T08:38:02.214+0000: 2087.763: [GC [PSYoungGen: 250139K->1709K(244608K)] 687935K->439585K(931584K), 0.0094400 secs] [Times: user=0.06 sys=0.00, real=0.01 secs] 
2014-07-08T08:38:02.881+0000: 2088.430: [GC [PSYoungGen: 244566K->1204K(238208K)] 682442K->439320K(925184K), 0.0071630 secs] [Times: user=0.04 sys=0.00, real=0.00 secs] 
2014-07-08T08:38:03.709+0000: 2089.259: [GC [PSYoungGen: 238196K->1456K(232832K)] 676312K->439620K(919808K), 0.0081670 secs] [Times: user=0.03 sys=0.00, real=0.01 secs] 
2014-07-08T08:38:04.463+0000: 2090.012: [GC [PSYoungGen: 232816K->950K(226880K)] 670980K->439252K(913856K), 0.0043530 secs] [Times: user=0.02 sys=0.00, real=0.00 secs] 
2014-07-08T08:38:05.275+0000: 2090.825: [GC [PSYoungGen: 226835K->1296K(222016K)] 665137K->439686K(908992K), 0.0071990 secs] [Times: user=0.04 sys=0.00, real=0.01 secs] 
2014-07-08T08:38:05.951+0000: 2091.500: [GC [PSYoungGen: 221968K->1530K(217152K)] 660358K->439992K(904128K), 0.0037570 secs] [Times: user=0.02 sys=0.00, real=0.00 secs] 
2014-07-08T08:38:06.651+0000: 2092.201: [GC [PSYoungGen: 217146K->1332K(212096K)] 655608K->439890K(899072K), 0.0075360 secs] [Times: user=0.05 sys=0.01, real=0.00 secs] 
2014-07-08T08:38:07.367+0000: 2092.916: [GC [PSYoungGen: 212084K->1106K(207168K)] 650642K->439760K(894144K), 0.0093200 secs] [Times: user=0.06 sys=0.00, real=0.01 secs] 
2014-07-08T08:38:07.997+0000: 2093.546: [GC [PSYoungGen: 207122K->1310K(202816K)] 645776K->440028K(889792K), 0.0073180 secs] [Times: user=0.04 sys=0.00, real=0.01 secs] 
2014-07-08T08:38:08.699+0000: 2094.249: [GC [PSYoungGen: 202782K->1068K(198144K)] 641500K->439858K(885120K), 0.0066480 secs] [Times: user=0.04 sys=0.01, real=0.01 secs] 
2014-07-08T08:38:09.347+0000: 2094.896: [GC [PSYoungGen: 198124K->672K(193536K)] 636914K->439510K(880512K), 0.0072520 secs] [Times: user=0.05 sys=0.00, real=0.01 secs] 
2014-07-08T08:38:09.933+0000: 2095.482: [GC [PSYoungGen: 193504K->1651K(233088K)] 632342K->440561K(920064K), 0.0162290 secs] [Times: user=0.10 sys=0.00, real=0.01 secs] 
2014-07-08T08:38:10.705+0000: 2096.254: [GC [PSYoungGen: 233075K->1004K(278784K)] 671985K->439962K(965760K), 0.0119200 secs] [Times: user=0.07 sys=0.00, real=0.01 secs] 
2014-07-08T08:38:11.575+0000: 2097.125: [GC [PSYoungGen: 278727K->1168K(334528K)] 717685K->440198K(1021504K), 0.0114420 secs] [Times: user=0.07 sys=0.00, real=0.01 secs] 
2014-07-08T08:38:12.606+0000: 2098.156: [GC [PSYoungGen: 334480K->1060K(335424K)] 773510K->440170K(1022400K), 0.0091650 secs] [Times: user=0.05 sys=0.00, real=0.01 secs] 
2014-07-08T08:38:13.751+0000: 2099.300: [GC [PSYoungGen: 334564K->1128K(401856K)] 773674K->440286K(1088832K), 0.0072070 secs] [Times: user=0.03 sys=0.00, real=0.01 secs] 
2014-07-08T08:38:15.007+0000: 2100.556: [GC [PSYoungGen: 401128K->1050K(401856K)] 840286K->440248K(1088832K), 0.0141220 secs] [Times: user=0.08 sys=0.00, real=0.01 secs] 
2014-07-08T08:38:16.343+0000: 2101.892: [GC [PSYoungGen: 401050K->968K(388864K)] 840248K->440230K(1075840K), 0.0050550 secs] [Times: user=0.02 sys=0.00, real=0.01 secs] 
2014-07-08T08:38:17.485+0000: 2103.034: [GC [PSYoungGen: 388807K->1136K(377344K)] 828069K->440470K(1064320K), 0.0070570 secs] [Times: user=0.04 sys=0.00, real=0.00 secs] 
2014-07-08T08:38:18.727+0000: 2104.277: [GC [PSYoungGen: 377328K->1214K(366272K)] 816662K->440636K(1053248K), 0.0059590 secs] [Times: user=0.04 sys=0.00, real=0.01 secs] 
2014-07-08T08:38:19.902+0000: 2105.451: [GC [PSYoungGen: 366269K->1332K(439424K)] 805691K->440794K(1126400K), 0.0217550 secs] [Times: user=0.14 sys=0.00, real=0.03 secs] 
2014-07-08T08:38:21.369+0000: 2106.918: [GC [PSYoungGen: 439407K->807K(425152K)] 878869K->440788K(1112128K), 0.0084530 secs] [Times: user=0.06 sys=0.00, real=0.01 secs] 
2014-07-08T08:38:22.607+0000: 2108.157: [GC [PSYoungGen: 425098K->1635K(412800K)] 865078K->441663K(1099776K), 0.0052730 secs] [Times: user=0.02 sys=0.01, real=0.00 secs] 
2014-07-08T08:38:24.138+0000: 2109.687: [GC [PSYoungGen: 412771K->1012K(399552K)] 852799K->442291K(1086528K), 0.0043500 secs] [Times: user=0.02 sys=0.00, real=0.00 secs] 
2014-07-08T08:38:25.479+0000: 2111.028: [GC [PSYoungGen: 399511K->2054K(388544K)] 840790K->443397K(1075520K), 0.0046790 secs] [Times: user=0.01 sys=0.00, real=0.00 secs] 
2014-07-08T08:38:26.667+0000: 2112.216: [GC [PSYoungGen: 388486K->1120K(376000K)] 829829K->442699K(1062976K), 0.0133920 secs] [Times: user=0.06 sys=0.01, real=0.01 secs] 
2014-07-08T08:38:27.897+0000: 2113.446: [GC [PSYoungGen: 375946K->1946K(365760K)] 817525K->443581K(1052736K), 0.0144160 secs] [Times: user=0.10 sys=0.00, real=0.01 secs] 
2014-07-08T08:38:29.227+0000: 2114.776: [GC [PSYoungGen: 365722K->1380K(354560K)] 807357K->443087K(1041536K), 0.0045470 secs] [Times: user=0.02 sys=0.00, real=0.00 secs] 
2014-07-08T08:38:30.352+0000: 2115.902: [GC [PSYoungGen: 354532K->1246K(344256K)] 796239K->443049K(1031232K), 0.0090060 secs] [Times: user=0.06 sys=0.00, real=0.01 secs] 
2014-07-08T08:38:31.478+0000: 2117.027: [GC [PSYoungGen: 344222K->1114K(334400K)] 786025K->443037K(1021376K), 0.0073340 secs] [Times: user=0.05 sys=0.00, real=0.01 secs] 
2014-07-08T08:38:32.504+0000: 2118.054: [GC [PSYoungGen: 334362K->1282K(325248K)] 776285K->443285K(1012224K), 0.0163570 secs] [Times: user=0.09 sys=0.00, real=0.02 secs] 
2014-07-08T08:38:33.608+0000: 2119.158: [GC [PSYoungGen: 325186K->1260K(316224K)] 767189K->443327K(1003200K), 0.0096670 secs] [Times: user=0.06 sys=0.00, real=0.01 secs] 
2014-07-08T08:38:34.581+0000: 2120.130: [GC [PSYoungGen: 316196K->1004K(307328K)] 758263K->443111K(994304K), 0.0053580 secs] [Times: user=0.02 sys=0.00, real=0.01 secs] 
2014-07-08T08:38:35.611+0000: 2121.160: [GC [PSYoungGen: 307308K->1644K(299712K)] 749415K->443855K(986688K), 0.0078550 secs] [Times: user=0.05 sys=0.00, real=0.01 secs] 
2014-07-08T08:38:36.548+0000: 2122.097: [GC [PSYoungGen: 299692K->964K(291136K)] 741903K->443255K(978112K), 0.0072170 secs] [Times: user=0.04 sys=0.01, real=0.00 secs] 
2014-07-08T08:38:37.433+0000: 2122.982: [GC [PSYoungGen: 291076K->1004K(283456K)] 733367K->443343K(970432K), 0.0082290 secs] [Times: user=0.05 sys=0.00, real=0.01 secs] 
2014-07-08T08:38:38.429+0000: 2123.978: [GC [PSYoungGen: 283396K->1666K(276800K)] 725736K->444070K(963776K), 0.0055480 secs] [Times: user=0.03 sys=0.00, real=0.00 secs] 
2014-07-08T08:38:39.294+0000: 2124.843: [GC [PSYoungGen: 276738K->1298K(269376K)] 719142K->443781K(956352K), 0.0069430 secs] [Times: user=0.05 sys=0.00, real=0.01 secs] 
2014-07-08T08:38:40.090+0000: 2125.640: [GC [PSYoungGen: 269330K->1544K(323264K)] 711813K->444091K(1010240K), 0.0189470 secs] [Times: user=0.12 sys=0.00, real=0.02 secs] 
2014-07-08T08:38:41.206+0000: 2126.756: [GC [PSYoungGen: 323208K->1334K(314112K)] 765755K->444065K(1001088K), 0.0042440 secs] [Times: user=0.02 sys=0.00, real=0.01 secs] 
2014-07-08T08:38:42.116+0000: 2127.665: [GC [PSYoungGen: 314102K->1346K(376768K)] 756833K->444125K(1063744K), 0.0173930 secs] [Times: user=0.12 sys=0.01, real=0.02 secs] 
2014-07-08T08:38:43.384+0000: 2128.934: [GC [PSYoungGen: 376652K->1478K(451968K)] 819432K->444345K(1138944K), 0.0096400 secs] [Times: user=0.07 sys=0.00, real=0.01 secs] 
2014-07-08T08:38:44.720+0000: 2130.269: [GC [PSYoungGen: 451910K->1353K(437568K)] 894777K->444300K(1124544K), 0.0080400 secs] [Times: user=0.05 sys=0.00, real=0.01 secs] 
2014-07-08T08:38:46.233+0000: 2131.782: [GC [PSYoungGen: 437484K->1068K(423552K)] 880432K->444335K(1110528K), 0.0044310 secs] [Times: user=0.02 sys=0.00, real=0.01 secs] 
2014-07-08T08:38:47.512+0000: 2133.062: [GC [PSYoungGen: 423532K->1082K(410496K)] 866799K->444445K(1097472K), 0.0065970 secs] [Times: user=0.05 sys=0.00, real=0.01 secs] 
2014-07-08T08:38:48.845+0000: 2134.395: [GC [PSYoungGen: 410490K->1572K(398464K)] 853853K->445090K(1085440K), 0.0036680 secs] [Times: user=0.02 sys=0.00, real=0.01 secs] 
2014-07-08T08:38:50.146+0000: 2135.695: [GC [PSYoungGen: 398436K->1446K(386368K)] 841953K->445019K(1073344K), 0.0060730 secs] [Times: user=0.03 sys=0.00, real=0.01 secs] 
2014-07-08T08:38:51.404+0000: 2136.953: [GC [PSYoungGen: 386342K->804K(374208K)] 829915K->445205K(1061184K), 0.0076970 secs] [Times: user=0.05 sys=0.00, real=0.01 secs] 
2014-07-08T08:38:52.481+0000: 2138.030: [GC [PSYoungGen: 374180K->1260K(363648K)] 818581K->445717K(1050624K), 0.0078130 secs] [Times: user=0.05 sys=0.00, real=0.01 secs] 
2014-07-08T08:38:53.821+0000: 2139.370: [GC [PSYoungGen: 363617K->1178K(353024K)] 808074K->445889K(1040000K), 0.0160630 secs] [Times: user=0.10 sys=0.00, real=0.01 secs] 
2014-07-08T08:38:54.991+0000: 2140.541: [GC [PSYoungGen: 352986K->1506K(343232K)] 797697K->446313K(1030208K), 0.0071100 secs] [Times: user=0.05 sys=0.00, real=0.00 secs] 
2014-07-08T08:38:56.243+0000: 2141.792: [GC [PSYoungGen: 343202K->1150K(333120K)] 788009K->446398K(1020096K), 0.0083310 secs] [Times: user=0.05 sys=0.00, real=0.01 secs] 
2014-07-08T08:38:57.256+0000: 2142.806: [GC [PSYoungGen: 333118K->1794K(324480K)] 778366K->447146K(1011456K), 0.0063830 secs] [Times: user=0.04 sys=0.00, real=0.01 secs] 
2014-07-08T08:38:58.297+0000: 2143.847: [GC [PSYoungGen: 324402K->890K(314560K)] 769754K->447282K(1001536K), 0.0049770 secs] [Times: user=0.03 sys=0.01, real=0.01 secs] 
2014-07-08T08:38:59.339+0000: 2144.889: [GC [PSYoungGen: 314513K->1870K(307008K)] 760905K->448319K(993984K), 0.0041180 secs] [Times: user=0.02 sys=0.00, real=0.00 secs] 
2014-07-08T08:39:00.277+0000: 2145.826: [GC [PSYoungGen: 306958K->1178K(298048K)] 753407K->448226K(985024K), 0.0039390 secs] [Times: user=0.02 sys=0.00, real=0.01 secs] 
2014-07-08T08:39:01.425+0000: 2146.974: [GC [PSYoungGen: 297989K->1866K(290816K)] 745037K->449010K(977792K), 0.0065490 secs] [Times: user=0.05 sys=0.00, real=0.01 secs] 
2014-07-08T08:39:02.331+0000: 2147.880: [GC [PSYoungGen: 290753K->1268K(282560K)] 737897K->448484K(969536K), 0.0063420 secs] [Times: user=0.05 sys=0.00, real=0.00 secs] 
2014-07-08T08:39:03.315+0000: 2148.865: [GC [PSYoungGen: 282548K->1644K(275648K)] 729764K->448933K(962624K), 0.0092820 secs] [Times: user=0.06 sys=0.00, real=0.01 secs] 
2014-07-08T08:39:04.219+0000: 2149.768: [GC [PSYoungGen: 275628K->1484K(268480K)] 722917K->448852K(955456K), 0.0133240 secs] [Times: user=0.09 sys=0.00, real=0.02 secs] 
2014-07-08T08:39:04.957+0000: 2150.506: [GC [PSYoungGen: 268428K->1843K(262016K)] 715796K->449260K(948992K), 0.0069110 secs] [Times: user=0.02 sys=0.00, real=0.01 secs] 
2014-07-08T08:39:05.819+0000: 2151.368: [GC [PSYoungGen: 262003K->1000K(254656K)] 709420K->448718K(941632K), 0.0084420 secs] [Times: user=0.06 sys=0.01, real=0.01 secs] 
2014-07-08T08:39:06.645+0000: 2152.194: [GC [PSYoungGen: 254632K->1103K(248512K)] 702350K->448909K(935488K), 0.0071880 secs] [Times: user=0.05 sys=0.01, real=0.01 secs] 
2014-07-08T08:39:07.451+0000: 2153.000: [GC [PSYoungGen: 248427K->1068K(242432K)] 696234K->448994K(929408K), 0.0061610 secs] [Times: user=0.04 sys=0.00, real=0.00 secs] 
2014-07-08T08:39:08.291+0000: 2153.840: [GC [PSYoungGen: 242412K->1692K(237248K)] 690338K->449667K(924224K), 0.0112480 secs] [Times: user=0.06 sys=0.00, real=0.02 secs] 
2014-07-08T08:39:08.952+0000: 2154.502: [GC [PSYoungGen: 237212K->1324K(231296K)] 685187K->449338K(918272K), 0.0055450 secs] [Times: user=0.03 sys=0.00, real=0.00 secs] 
2014-07-08T08:39:09.637+0000: 2155.186: [GC [PSYoungGen: 231276K->1118K(225728K)] 679290K->449188K(912704K), 0.0046220 secs] [Times: user=0.03 sys=0.00, real=0.01 secs] 
2014-07-08T08:39:10.399+0000: 2155.948: [GC [PSYoungGen: 225694K->754K(220160K)] 673764K->448920K(907136K), 0.0069620 secs] [Times: user=0.04 sys=0.00, real=0.01 secs] 
2014-07-08T08:39:11.175+0000: 2156.724: [GC [PSYoungGen: 220146K->1654K(216064K)] 668312K->449900K(903040K), 0.0056090 secs] [Times: user=0.03 sys=0.00, real=0.00 secs] 
2014-07-08T08:39:11.761+0000: 2157.310: [GC [PSYoungGen: 216028K->1198K(210752K)] 664275K->449493K(897728K), 0.0086970 secs] [Times: user=0.06 sys=0.00, real=0.01 secs] 
2014-07-08T08:39:12.555+0000: 2158.105: [GC [PSYoungGen: 210734K->1228K(206144K)] 659029K->449594K(893120K), 0.0085040 secs] [Times: user=0.05 sys=0.01, real=0.01 secs] 
2014-07-08T08:39:13.275+0000: 2158.824: [GC [PSYoungGen: 206061K->1210K(247104K)] 654428K->449640K(934080K), 0.0119300 secs] [Times: user=0.07 sys=0.00, real=0.01 secs] 
2014-07-08T08:39:13.965+0000: 2159.515: [GC [PSYoungGen: 247054K->1770K(296896K)] 695484K->450288K(983872K), 0.0107130 secs] [Times: user=0.06 sys=0.01, real=0.01 secs] 
2014-07-08T08:39:14.865+0000: 2160.414: [GC [PSYoungGen: 296874K->1246K(355456K)] 745392K->449844K(1042432K), 0.0093830 secs] [Times: user=0.05 sys=0.01, real=0.01 secs] 
2014-07-08T08:39:15.992+0000: 2161.541: [GC [PSYoungGen: 355422K->1476K(426560K)] 804020K->450123K(1113536K), 0.0167420 secs] [Times: user=0.09 sys=0.00, real=0.01 secs] 
2014-07-08T08:39:17.498+0000: 2163.047: [GC [PSYoungGen: 426499K->1314K(439104K)] 875146K->450032K(1126080K), 0.0078920 secs] [Times: user=0.05 sys=0.00, real=0.01 secs] 
2014-07-08T08:39:18.914+0000: 2164.463: [GC [PSYoungGen: 438946K->1498K(425408K)] 887664K->450289K(1112384K), 0.0085670 secs] [Times: user=0.05 sys=0.00, real=0.01 secs] 
2014-07-08T08:39:20.293+0000: 2165.843: [GC [PSYoungGen: 425370K->570K(411328K)] 874161K->449966K(1098304K), 0.0078160 secs] [Times: user=0.05 sys=0.00, real=0.00 secs] 
2014-07-08T08:39:21.593+0000: 2167.142: [GC [PSYoungGen: 411322K->1952K(400128K)] 860718K->451421K(1087104K), 0.0057900 secs] [Times: user=0.04 sys=0.00, real=0.01 secs] 
2014-07-08T08:39:23.027+0000: 2168.577: [GC [PSYoungGen: 400096K->1452K(387584K)] 849565K->451793K(1074560K), 0.0118000 secs] [Times: user=0.07 sys=0.00, real=0.01 secs] 
2014-07-08T08:39:24.364+0000: 2169.913: [GC [PSYoungGen: 387546K->1546K(376192K)] 837887K->451983K(1063168K), 0.0039840 secs] [Times: user=0.02 sys=0.00, real=0.00 secs] 
2014-07-08T08:39:25.569+0000: 2171.118: [GC [PSYoungGen: 376138K->1214K(364736K)] 826575K->451707K(1051712K), 0.0083590 secs] [Times: user=0.03 sys=0.00, real=0.01 secs] 
2014-07-08T08:39:26.841+0000: 2172.390: [GC [PSYoungGen: 364734K->1164K(354112K)] 815227K->451745K(1041088K), 0.0065330 secs] [Times: user=0.04 sys=0.00, real=0.01 secs] 
2014-07-08T08:39:28.196+0000: 2173.745: [GC [PSYoungGen: 354060K->1182K(343936K)] 804641K->451819K(1030912K), 0.0107400 secs] [Times: user=0.07 sys=0.00, real=0.01 secs] 
2014-07-08T08:39:29.296+0000: 2174.845: [GC [PSYoungGen: 343871K->1349K(334400K)] 794508K->452050K(1021376K), 0.0072210 secs] [Times: user=0.04 sys=0.00, real=0.00 secs] 
2014-07-08T08:39:30.385+0000: 2175.935: [GC [PSYoungGen: 334337K->1228K(324928K)] 785038K->452001K(1011904K), 0.0100290 secs] [Times: user=0.06 sys=0.00, real=0.01 secs] 
2014-07-08T08:39:31.487+0000: 2177.036: [GC [PSYoungGen: 324868K->1588K(316288K)] 775641K->452417K(1003264K), 0.0042470 secs] [Times: user=0.02 sys=0.00, real=0.00 secs] 
2014-07-08T08:39:32.508+0000: 2178.058: [GC [PSYoungGen: 316276K->868K(306944K)] 767105K->451769K(993920K), 0.0108040 secs] [Times: user=0.06 sys=0.00, real=0.01 secs] 
2014-07-08T08:39:33.590+0000: 2179.140: [GC [PSYoungGen: 306916K->1456K(299264K)] 757817K->452421K(986240K), 0.0046760 secs] [Times: user=0.02 sys=0.00, real=0.01 secs] 
2014-07-08T08:39:34.537+0000: 2180.086: [GC [PSYoungGen: 299248K->1458K(291328K)] 750213K->452511K(978304K), 0.0042130 secs] [Times: user=0.02 sys=0.01, real=0.00 secs] 
2014-07-08T08:39:35.445+0000: 2180.994: [GC [PSYoungGen: 291305K->1312K(283584K)] 742358K->452437K(970560K), 0.0073690 secs] [Times: user=0.04 sys=0.00, real=0.01 secs] 
2014-07-08T08:39:36.372+0000: 2181.921: [GC [PSYoungGen: 283455K->1363K(276288K)] 734580K->452536K(963264K), 0.0048530 secs] [Times: user=0.02 sys=0.00, real=0.01 secs] 
2014-07-08T08:39:37.278+0000: 2182.828: [GC [PSYoungGen: 276206K->1780K(269632K)] 727380K->453009K(956608K), 0.0112250 secs] [Times: user=0.06 sys=0.00, real=0.01 secs] 
2014-07-08T08:39:38.105+0000: 2183.654: [GC [PSYoungGen: 269620K->826K(261888K)] 720849K->452745K(948864K), 0.0089650 secs] [Times: user=0.07 sys=0.00, real=0.01 secs] 
2014-07-08T08:39:39.036+0000: 2184.586: [GC [PSYoungGen: 261882K->1744K(256320K)] 713801K->453711K(943296K), 0.0124400 secs] [Times: user=0.08 sys=0.00, real=0.01 secs] 
2014-07-08T08:39:39.778+0000: 2185.327: [GC [PSYoungGen: 256272K->1366K(249664K)] 708239K->453675K(936640K), 0.0038090 secs] [Times: user=0.02 sys=0.00, real=0.00 secs] 
2014-07-08T08:39:40.589+0000: 2186.138: [GC [PSYoungGen: 249622K->900K(243136K)] 701931K->453273K(930112K), 0.0109470 secs] [Times: user=0.07 sys=0.00, real=0.01 secs] 
2014-07-08T08:39:41.383+0000: 2186.933: [GC [PSYoungGen: 243076K->954K(237312K)] 695449K->453383K(924288K), 0.0066270 secs] [Times: user=0.05 sys=0.00, real=0.01 secs] 
2014-07-08T08:39:42.252+0000: 2187.802: [GC [PSYoungGen: 237306K->1542K(232320K)] 689735K->454067K(919296K), 0.0068720 secs] [Times: user=0.04 sys=0.00, real=0.01 secs] 
2014-07-08T08:39:42.910+0000: 2188.459: [GC [PSYoungGen: 232230K->1185K(278080K)] 684755K->453774K(965056K), 0.0095290 secs] [Times: user=0.06 sys=0.00, real=0.01 secs] 
2014-07-08T08:39:43.859+0000: 2189.409: [GC [PSYoungGen: 278049K->1214K(270912K)] 730638K->453851K(957888K), 0.0058310 secs] [Times: user=0.03 sys=0.00, real=0.00 secs] 
2014-07-08T08:39:44.704+0000: 2190.254: [GC [PSYoungGen: 270910K->1455K(325120K)] 723547K->454188K(1012096K), 0.0120690 secs] [Times: user=0.08 sys=0.00, real=0.02 secs] 
2014-07-08T08:39:45.686+0000: 2191.235: [GC [PSYoungGen: 325099K->1206K(389632K)] 777833K->454003K(1076608K), 0.0096140 secs] [Times: user=0.05 sys=0.00, real=0.00 secs] 
2014-07-08T08:39:47.036+0000: 2192.586: [GC [PSYoungGen: 389622K->1342K(378112K)] 842419K->454383K(1065088K), 0.0051050 secs] [Times: user=0.02 sys=0.00, real=0.01 secs] 
2014-07-08T08:39:48.290+0000: 2193.840: [GC [PSYoungGen: 378110K->1562K(367232K)] 831151K->454683K(1054208K), 0.0069590 secs] [Times: user=0.03 sys=0.00, real=0.01 secs] 
2014-07-08T08:39:49.441+0000: 2194.990: [GC [PSYoungGen: 367160K->968K(355968K)] 820282K->454187K(1042944K), 0.0130890 secs] [Times: user=0.09 sys=0.00, real=0.01 secs] 
2014-07-08T08:39:50.588+0000: 2196.137: [GC [PSYoungGen: 355912K->968K(345728K)] 809131K->454235K(1032704K), 0.0080830 secs] [Times: user=0.05 sys=0.00, real=0.00 secs] 
2014-07-08T08:39:51.630+0000: 2197.179: [GC [PSYoungGen: 345672K->1590K(336448K)] 798939K->454930K(1023424K), 0.0115420 secs] [Times: user=0.08 sys=0.01, real=0.01 secs] 
2014-07-08T08:39:52.734+0000: 2198.284: [GC [PSYoungGen: 336438K->1064K(326528K)] 789778K->454451K(1013504K), 0.0065520 secs] [Times: user=0.02 sys=0.00, real=0.01 secs] 
2014-07-08T08:39:53.939+0000: 2199.488: [GC [PSYoungGen: 326462K->1456K(317888K)] 779849K->455014K(1004864K), 0.0074370 secs] [Times: user=0.05 sys=0.00, real=0.00 secs] 
2014-07-08T08:39:54.985+0000: 2200.535: [GC [PSYoungGen: 317872K->1356K(309120K)] 771429K->454969K(996096K), 0.0109520 secs] [Times: user=0.06 sys=0.00, real=0.01 secs] 
2014-07-08T08:39:55.947+0000: 2201.496: [GC [PSYoungGen: 309065K->1342K(300736K)] 762678K->455003K(987712K), 0.0052780 secs] [Times: user=0.02 sys=0.00, real=0.01 secs] 
2014-07-08T08:39:56.990+0000: 2202.539: [GC [PSYoungGen: 300734K->1092K(292544K)] 754395K->454801K(979520K), 0.0119000 secs] [Times: user=0.06 sys=0.00, real=0.01 secs] 
2014-07-08T08:39:57.861+0000: 2203.410: [GC [PSYoungGen: 292459K->1520K(285248K)] 746168K->455293K(972224K), 0.0111940 secs] [Times: user=0.07 sys=0.01, real=0.01 secs] 
2014-07-08T08:39:58.891+0000: 2204.440: [GC [PSYoungGen: 285133K->1527K(277824K)] 738906K->455348K(964800K), 0.0050590 secs] [Times: user=0.02 sys=0.00, real=0.00 secs] 
2014-07-08T08:39:59.782+0000: 2205.331: [GC [PSYoungGen: 277815K->954K(270144K)] 731636K->455029K(957120K), 0.0083850 secs] [Times: user=0.05 sys=0.00, real=0.01 secs] 
2014-07-08T08:40:00.625+0000: 2206.174: [GC [PSYoungGen: 270138K->882K(263232K)] 724213K->455013K(950208K), 0.0045860 secs] [Times: user=0.02 sys=0.00, real=0.01 secs] 
2014-07-08T08:40:01.437+0000: 2206.986: [GC [PSYoungGen: 263218K->722K(256512K)] 717349K->454933K(943488K), 0.0079000 secs] [Times: user=0.05 sys=0.00, real=0.01 secs] 
2014-07-08T08:40:02.320+0000: 2207.869: [GC [PSYoungGen: 256466K->1484K(250944K)] 710677K->455791K(937920K), 0.0061540 secs] [Times: user=0.04 sys=0.00, real=0.00 secs] 
2014-07-08T08:40:03.007+0000: 2208.557: [GC [PSYoungGen: 250892K->1310K(244672K)] 705199K->455697K(931648K), 0.0046780 secs] [Times: user=0.03 sys=0.00, real=0.01 secs] 
2014-07-08T08:40:03.704+0000: 2209.253: [GC [PSYoungGen: 244638K->1298K(238784K)] 699025K->455734K(925760K), 0.0106930 secs] [Times: user=0.07 sys=0.00, real=0.01 secs] 
2014-07-08T08:40:04.510+0000: 2210.060: [GC [PSYoungGen: 238738K->832K(232640K)] 693174K->455323K(919616K), 0.0049780 secs] [Times: user=0.02 sys=0.00, real=0.00 secs] 
2014-07-08T08:40:05.308+0000: 2210.858: [GC [PSYoungGen: 232640K->1288K(227712K)] 687131K->455851K(914688K), 0.0050560 secs] [Times: user=0.02 sys=0.00, real=0.01 secs] 
2014-07-08T08:40:05.973+0000: 2211.522: [GC [PSYoungGen: 227656K->1652K(222784K)] 682219K->456279K(909760K), 0.0079980 secs] [Times: user=0.05 sys=0.00, real=0.01 secs] 
2014-07-08T08:40:06.625+0000: 2212.175: [GC [PSYoungGen: 222772K->1003K(266368K)] 677399K->455726K(953344K), 0.0093880 secs] [Times: user=0.06 sys=0.00, real=0.01 secs] 
2014-07-08T08:40:07.540+0000: 2213.089: [GC [PSYoungGen: 266347K->1334K(259968K)] 721070K->456172K(946944K), 0.0048660 secs] [Times: user=0.02 sys=0.00, real=0.01 secs] 
2014-07-08T08:40:08.348+0000: 2213.897: [GC [PSYoungGen: 259958K->950K(253120K)] 714796K->455835K(940096K), 0.0100550 secs] [Times: user=0.06 sys=0.00, real=0.01 secs] 
2014-07-08T08:40:09.219+0000: 2214.768: [GC [PSYoungGen: 253110K->1696K(304320K)] 707995K->456726K(991296K), 0.0099210 secs] [Times: user=0.07 sys=0.00, real=0.01 secs] 
2014-07-08T08:40:10.191+0000: 2215.741: [GC [PSYoungGen: 304244K->1836K(296320K)] 759273K->456978K(983296K), 0.0059240 secs] [Times: user=0.03 sys=0.00, real=0.00 secs] 
2014-07-08T08:40:11.072+0000: 2216.621: [GC [PSYoungGen: 296300K->684K(287360K)] 751442K->456686K(974336K), 0.0059570 secs] [Times: user=0.05 sys=0.00, real=0.00 secs] 
2014-07-08T08:40:11.900+0000: 2217.450: [GC [PSYoungGen: 287340K->1160K(280384K)] 743342K->457226K(967360K), 0.0043770 secs] [Times: user=0.02 sys=0.00, real=0.00 secs] 
2014-07-08T08:40:12.816+0000: 2218.366: [GC [PSYoungGen: 280328K->1316K(273280K)] 736394K->457724K(960256K), 0.0041090 secs] [Times: user=0.03 sys=0.00, real=0.00 secs] 
2014-07-08T08:40:13.810+0000: 2219.360: [GC [PSYoungGen: 273252K->1018K(265984K)] 729660K->457474K(952960K), 0.0092090 secs] [Times: user=0.05 sys=0.00, real=0.01 secs] 
2014-07-08T08:40:14.598+0000: 2220.147: [GC [PSYoungGen: 265978K->1104K(259456K)] 722434K->457624K(946432K), 0.0043050 secs] [Times: user=0.02 sys=0.00, real=0.01 secs] 
2014-07-08T08:40:15.445+0000: 2220.994: [GC [PSYoungGen: 259387K->1250K(253120K)] 715907K->457826K(940096K), 0.0052680 secs] [Times: user=0.02 sys=0.01, real=0.00 secs] 
2014-07-08T08:40:16.236+0000: 2221.786: [GC [PSYoungGen: 253090K->1388K(247040K)] 709666K->458060K(934016K), 0.0071380 secs] [Times: user=0.05 sys=0.00, real=0.01 secs] 
2014-07-08T08:40:16.882+0000: 2222.432: [GC [PSYoungGen: 247020K->1324K(241024K)] 703692K->458068K(928000K), 0.0051440 secs] [Times: user=0.02 sys=0.00, real=0.00 secs] 
2014-07-08T08:40:17.712+0000: 2223.262: [GC [PSYoungGen: 241004K->1146K(235072K)] 697748K->457986K(922048K), 0.0063310 secs] [Times: user=0.04 sys=0.00, real=0.00 secs] 
2014-07-08T08:40:18.448+0000: 2223.998: [GC [PSYoungGen: 235066K->1380K(229824K)] 691906K->458284K(916800K), 0.0093720 secs] [Times: user=0.05 sys=0.00, real=0.01 secs] 
2014-07-08T08:40:19.335+0000: 2224.884: [GC [PSYoungGen: 229794K->1208K(224320K)] 686698K->458584K(911296K), 0.0077290 secs] [Times: user=0.06 sys=0.00, real=0.01 secs] 
2014-07-08T08:40:19.986+0000: 2225.536: [GC [PSYoungGen: 224312K->1410K(219456K)] 681688K->458850K(906432K), 0.0063930 secs] [Times: user=0.04 sys=0.00, real=0.01 secs] 
2014-07-08T08:40:20.649+0000: 2226.198: [GC [PSYoungGen: 219353K->1150K(214144K)] 676793K->458694K(901120K), 0.0071450 secs] [Times: user=0.04 sys=0.00, real=0.01 secs] 
2014-07-08T08:40:21.446+0000: 2226.995: [GC [PSYoungGen: 214133K->1742K(209984K)] 671678K->459374K(896960K), 0.0080760 secs] [Times: user=0.05 sys=0.00, real=0.01 secs] 
2014-07-08T08:40:22.083+0000: 2227.632: [GC [PSYoungGen: 209934K->818K(250688K)] 667566K->459228K(937664K), 0.0082840 secs] [Times: user=0.05 sys=0.00, real=0.00 secs] 
2014-07-08T08:40:22.890+0000: 2228.439: [GC [PSYoungGen: 250673K->1952K(245696K)] 709083K->460532K(932672K), 0.0069260 secs] [Times: user=0.04 sys=0.00, real=0.01 secs] 
2014-07-08T08:40:23.838+0000: 2229.388: [GC [PSYoungGen: 245664K->1200K(239040K)] 704244K->460404K(926016K), 0.0088960 secs] [Times: user=0.06 sys=0.00, real=0.01 secs] 
2014-07-08T08:40:24.631+0000: 2230.180: [GC [PSYoungGen: 239024K->1268K(233408K)] 698228K->460536K(920384K), 0.0048720 secs] [Times: user=0.03 sys=0.00, real=0.01 secs] 
2014-07-08T08:40:25.388+0000: 2230.937: [GC [PSYoungGen: 233372K->1200K(227904K)] 692641K->460532K(914880K), 0.0107660 secs] [Times: user=0.06 sys=0.00, real=0.01 secs] 
2014-07-08T08:40:26.020+0000: 2231.569: [GC [PSYoungGen: 227888K->1460K(273536K)] 687220K->460864K(960512K), 0.0081560 secs] [Times: user=0.05 sys=0.00, real=0.01 secs] 
2014-07-08T08:40:26.786+0000: 2232.335: [GC [PSYoungGen: 273524K->1296K(327872K)] 732928K->460804K(1014848K), 0.0065050 secs] [Times: user=0.04 sys=0.00, real=0.00 secs] 
2014-07-08T08:40:27.905+0000: 2233.454: [GC [PSYoungGen: 327824K->1298K(318784K)] 787332K->460902K(1005760K), 0.0039800 secs] [Times: user=0.03 sys=0.00, real=0.00 secs] 
2014-07-08T08:40:29.058+0000: 2234.607: [GC [PSYoungGen: 318738K->1448K(310208K)] 778342K->461319K(997184K), 0.0113960 secs] [Times: user=0.07 sys=0.00, real=0.01 secs] 
2014-07-08T08:40:29.948+0000: 2235.497: [GC [PSYoungGen: 310184K->1416K(371968K)] 770055K->461327K(1058944K), 0.0131350 secs] [Times: user=0.06 sys=0.00, real=0.01 secs] 
2014-07-08T08:40:31.117+0000: 2236.667: [GC [PSYoungGen: 371912K->1206K(360832K)] 831823K->461489K(1047808K), 0.0070240 secs] [Times: user=0.05 sys=0.00, real=0.01 secs] 
2014-07-08T08:40:32.301+0000: 2237.851: [GC [PSYoungGen: 360800K->1983K(382592K)] 821083K->462414K(1069568K), 0.0188290 secs] [Times: user=0.11 sys=0.00, real=0.02 secs] 
2014-07-08T08:40:33.663+0000: 2239.212: [GC [PSYoungGen: 382569K->1579K(370880K)] 843000K->462191K(1057856K), 0.0064960 secs] [Times: user=0.03 sys=0.00, real=0.01 secs] 
2014-07-08T08:40:34.811+0000: 2240.361: [GC [PSYoungGen: 370859K->996K(359488K)] 831471K->461703K(1046464K), 0.0062770 secs] [Times: user=0.04 sys=0.00, real=0.01 secs] 
2014-07-08T08:40:36.009+0000: 2241.559: [GC [PSYoungGen: 359460K->1476K(349632K)] 820167K->462263K(1036608K), 0.0079970 secs] [Times: user=0.06 sys=0.00, real=0.01 secs] 
2014-07-08T08:40:37.185+0000: 2242.734: [GC [PSYoungGen: 349572K->1626K(339776K)] 810359K->462469K(1026752K), 0.0115530 secs] [Times: user=0.07 sys=0.00, real=0.01 secs] 
2014-07-08T08:40:38.371+0000: 2243.920: [GC [PSYoungGen: 339738K->1086K(329664K)] 800581K->462219K(1016640K), 0.0046730 secs] [Times: user=0.02 sys=0.01, real=0.01 secs] 
2014-07-08T08:40:39.425+0000: 2244.975: [GC [PSYoungGen: 329599K->1377K(320832K)] 790732K->462574K(1007808K), 0.0054980 secs] [Times: user=0.03 sys=0.00, real=0.00 secs] 
2014-07-08T08:40:40.424+0000: 2245.973: [GC [PSYoungGen: 320801K->1084K(311680K)] 781998K->462403K(998656K), 0.0060570 secs] [Times: user=0.03 sys=0.00, real=0.01 secs] 
2014-07-08T08:40:41.457+0000: 2247.006: [GC [PSYoungGen: 311676K->1222K(303424K)] 772995K->462589K(990400K), 0.0046410 secs] [Times: user=0.02 sys=0.00, real=0.00 secs] 
2014-07-08T08:40:42.569+0000: 2248.118: [GC [PSYoungGen: 303366K->1120K(295168K)] 764733K->462543K(982144K), 0.0034560 secs] [Times: user=0.01 sys=0.00, real=0.00 secs] 
2014-07-08T08:40:43.648+0000: 2249.197: [GC [PSYoungGen: 295136K->1798K(288064K)] 756559K->463285K(975040K), 0.0114970 secs] [Times: user=0.06 sys=0.00, real=0.01 secs] 
2014-07-08T08:40:44.563+0000: 2250.113: [GC [PSYoungGen: 288006K->1004K(279744K)] 749493K->462751K(966720K), 0.0043340 secs] [Times: user=0.03 sys=0.00, real=0.01 secs] 
2014-07-08T08:40:45.480+0000: 2251.030: [GC [PSYoungGen: 279724K->1570K(273088K)] 741471K->463397K(960064K), 0.0117900 secs] [Times: user=0.08 sys=0.01, real=0.01 secs] 
2014-07-08T08:40:46.384+0000: 2251.933: [GC [PSYoungGen: 273058K->1264K(265856K)] 734885K->463179K(952832K), 0.0036380 secs] [Times: user=0.02 sys=0.00, real=0.01 secs] 
2014-07-08T08:40:47.224+0000: 2252.773: [GC [PSYoungGen: 265840K->1370K(259328K)] 727755K->463341K(946304K), 0.0049790 secs] [Times: user=0.03 sys=0.00, real=0.01 secs] 
2014-07-08T08:40:47.965+0000: 2253.514: [GC [PSYoungGen: 259290K->1310K(252864K)] 721261K->463345K(939840K), 0.0116150 secs] [Times: user=0.05 sys=0.00, real=0.02 secs] 
2014-07-08T08:40:48.858+0000: 2254.407: [GC [PSYoungGen: 252830K->1110K(302976K)] 714865K->463209K(989952K), 0.0139070 secs] [Times: user=0.08 sys=0.00, real=0.01 secs] 
2014-07-08T08:40:49.778+0000: 2255.327: [GC [PSYoungGen: 302929K->1230K(363520K)] 765028K->463378K(1050496K), 0.0099220 secs] [Times: user=0.06 sys=0.00, real=0.01 secs] 
2014-07-08T08:40:50.964+0000: 2256.513: [GC [PSYoungGen: 363470K->1050K(352768K)] 825618K->463237K(1039744K), 0.0047440 secs] [Times: user=0.02 sys=0.00, real=0.01 secs] 
2014-07-08T08:40:52.126+0000: 2257.675: [GC [PSYoungGen: 352730K->1505K(343104K)] 814917K->463780K(1030080K), 0.0062240 secs] [Times: user=0.04 sys=0.00, real=0.01 secs] 
2014-07-08T08:40:53.527+0000: 2259.076: [GC [PSYoungGen: 343073K->1484K(333376K)] 805348K->463815K(1020352K), 0.0042720 secs] [Times: user=0.02 sys=0.00, real=0.01 secs] 
2014-07-08T08:40:54.587+0000: 2260.137: [GC [PSYoungGen: 333324K->804K(323392K)] 795655K->463223K(1010368K), 0.0065970 secs] [Times: user=0.05 sys=0.00, real=0.00 secs] 
2014-07-08T08:40:55.589+0000: 2261.139: [GC [PSYoungGen: 323364K->1050K(314688K)] 785783K->463525K(1001664K), 0.0079560 secs] [Times: user=0.05 sys=0.00, real=0.01 secs] 
2014-07-08T08:40:56.654+0000: 2262.204: [GC [PSYoungGen: 314650K->1182K(306240K)] 777125K->463737K(993216K), 0.0038600 secs] [Times: user=0.02 sys=0.00, real=0.01 secs] 
2014-07-08T08:40:57.721+0000: 2263.271: [GC [PSYoungGen: 306180K->1708K(298496K)] 768735K->464359K(985472K), 0.0097240 secs] [Times: user=0.06 sys=0.01, real=0.01 secs] 
2014-07-08T08:40:58.744+0000: 2264.293: [GC [PSYoungGen: 298476K->958K(289792K)] 761127K->464123K(976768K), 0.0047560 secs] [Times: user=0.03 sys=0.00, real=0.01 secs] 
2014-07-08T08:40:59.658+0000: 2265.207: [GC [PSYoungGen: 289790K->936K(282176K)] 752955K->464165K(969152K), 0.0038970 secs] [Times: user=0.02 sys=0.00, real=0.00 secs] 
2014-07-08T08:41:00.567+0000: 2266.117: [GC [PSYoungGen: 282152K->996K(274944K)] 745381K->464353K(961920K), 0.0079020 secs] [Times: user=0.05 sys=0.00, real=0.01 secs] 
2014-07-08T08:41:01.469+0000: 2267.018: [GC [PSYoungGen: 274916K->1068K(267968K)] 738273K->464513K(954944K), 0.0065760 secs] [Times: user=0.04 sys=0.00, real=0.00 secs] 
2014-07-08T08:41:02.342+0000: 2267.892: [GC [PSYoungGen: 267948K->1220K(261376K)] 731393K->464745K(948352K), 0.0073230 secs] [Times: user=0.05 sys=0.00, real=0.01 secs] 
2014-07-08T08:41:03.315+0000: 2268.864: [GC [PSYoungGen: 261316K->1506K(255104K)] 724841K->465095K(942080K), 0.0042970 secs] [Times: user=0.03 sys=0.00, real=0.01 secs] 
2014-07-08T08:41:04.117+0000: 2269.666: [GC [PSYoungGen: 255074K->940K(248256K)] 718663K->464983K(935232K), 0.0095970 secs] [Times: user=0.06 sys=0.00, real=0.01 secs] 
2014-07-08T08:41:04.828+0000: 2270.378: [GC [PSYoungGen: 248210K->1214K(242496K)] 712254K->465329K(929472K), 0.0039010 secs] [Times: user=0.02 sys=0.01, real=0.01 secs] 
2014-07-08T08:41:05.580+0000: 2271.130: [GC [PSYoungGen: 242494K->1282K(236800K)] 706609K->465625K(923776K), 0.0099270 secs] [Times: user=0.06 sys=0.00, real=0.01 secs] 
2014-07-08T08:41:06.444+0000: 2271.993: [GC [PSYoungGen: 236738K->1466K(231360K)] 701081K->465881K(918336K), 0.0111360 secs] [Times: user=0.07 sys=0.00, real=0.01 secs] 
2014-07-08T08:41:07.121+0000: 2272.671: [GC [PSYoungGen: 231354K->822K(225344K)] 695769K->465601K(912320K), 0.0056640 secs] [Times: user=0.04 sys=0.00, real=0.00 secs] 
2014-07-08T08:41:07.913+0000: 2273.462: [GC [PSYoungGen: 225334K->1764K(221120K)] 690113K->466730K(908096K), 0.0102390 secs] [Times: user=0.07 sys=0.00, real=0.01 secs] 
2014-07-08T08:41:08.639+0000: 2274.188: [GC [PSYoungGen: 221092K->968K(264256K)] 686058K->466061K(951232K), 0.0076590 secs] [Times: user=0.05 sys=0.00, real=0.01 secs] 
2014-07-08T08:41:09.501+0000: 2275.051: [GC [PSYoungGen: 264199K->1338K(257984K)] 729293K->466535K(944960K), 0.0076310 secs] [Times: user=0.04 sys=0.00, real=0.00 secs] 
2014-07-08T08:41:10.329+0000: 2275.878: [GC [PSYoungGen: 257978K->1644K(251904K)] 723175K->466914K(938880K), 0.0037750 secs] [Times: user=0.02 sys=0.00, real=0.01 secs] 
2014-07-08T08:41:11.067+0000: 2276.616: [GC [PSYoungGen: 251884K->1342K(245440K)] 717154K->466683K(932416K), 0.0049290 secs] [Times: user=0.02 sys=0.00, real=0.01 secs] 
2014-07-08T08:41:11.817+0000: 2277.367: [GC [PSYoungGen: 245438K->1150K(239360K)] 710779K->466707K(926336K), 0.0120500 secs] [Times: user=0.07 sys=0.00, real=0.01 secs] 
2014-07-08T08:41:12.561+0000: 2278.111: [GC [PSYoungGen: 239324K->1300K(287232K)] 704882K->466929K(974208K), 0.0099610 secs] [Times: user=0.07 sys=0.00, real=0.01 secs] 
2014-07-08T08:41:13.597+0000: 2279.147: [GC [PSYoungGen: 287187K->1300K(279744K)] 752816K->467125K(966720K), 0.0039600 secs] [Times: user=0.02 sys=0.00, real=0.01 secs] 
2014-07-08T08:41:14.478+0000: 2280.027: [GC [PSYoungGen: 279700K->1024K(272320K)] 745525K->466922K(959296K), 0.0096920 secs] [Times: user=0.06 sys=0.00, real=0.01 secs] 
2014-07-08T08:41:15.377+0000: 2280.927: [GC [PSYoungGen: 272218K->1164K(265536K)] 738116K->467157K(952512K), 0.0096600 secs] [Times: user=0.07 sys=0.00, real=0.01 secs] 
2014-07-08T08:41:16.187+0000: 2281.736: [GC [PSYoungGen: 265479K->1466K(259136K)] 731473K->467516K(946112K), 0.0084490 secs] [Times: user=0.05 sys=0.00, real=0.01 secs] 
2014-07-08T08:41:16.888+0000: 2282.437: [GC [PSYoungGen: 259130K->946K(252224K)] 725180K->467336K(939200K), 0.0061310 secs] [Times: user=0.03 sys=0.00, real=0.01 secs] 
2014-07-08T08:41:17.789+0000: 2283.338: [GC [PSYoungGen: 252210K->1346K(246528K)] 718600K->467855K(933504K), 0.0071950 secs] [Times: user=0.05 sys=0.01, real=0.01 secs] 
2014-07-08T08:41:18.611+0000: 2284.161: [GC [PSYoungGen: 246427K->1270K(240448K)] 712937K->468098K(927424K), 0.0067830 secs] [Times: user=0.04 sys=0.00, real=0.00 secs] 
2014-07-08T08:41:19.389+0000: 2284.938: [GC [PSYoungGen: 240438K->1366K(234880K)] 707266K->468266K(921856K), 0.0042510 secs] [Times: user=0.02 sys=0.00, real=0.01 secs] 
2014-07-08T08:41:20.081+0000: 2285.631: [GC [PSYoungGen: 234838K->932K(228928K)] 701738K->468366K(915904K), 0.0099030 secs] [Times: user=0.06 sys=0.00, real=0.01 secs] 
2014-07-08T08:41:20.758+0000: 2286.308: [GC [PSYoungGen: 228900K->1738K(275392K)] 696334K->469236K(962368K), 0.0105000 secs] [Times: user=0.07 sys=0.00, real=0.01 secs] 
2014-07-08T08:41:21.618+0000: 2287.167: [GC [PSYoungGen: 275338K->894K(329216K)] 742836K->469134K(1016192K), 0.0103070 secs] [Times: user=0.06 sys=0.00, real=0.01 secs] 
2014-07-08T08:41:22.741+0000: 2288.291: [GC [PSYoungGen: 329214K->1558K(395584K)] 797454K->469870K(1082560K), 0.0083470 secs] [Times: user=0.05 sys=0.00, real=0.00 secs] 
2014-07-08T08:41:24.100+0000: 2289.649: [GC [PSYoungGen: 395542K->1396K(383488K)] 863854K->469854K(1070464K), 0.0126630 secs] [Times: user=0.08 sys=0.01, real=0.02 secs] 
2014-07-08T08:41:25.299+0000: 2290.849: [GC [PSYoungGen: 383469K->1598K(372288K)] 851927K->470144K(1059264K), 0.0043830 secs] [Times: user=0.02 sys=0.00, real=0.01 secs] 
2014-07-08T08:41:26.505+0000: 2292.054: [GC [PSYoungGen: 372286K->876K(360704K)] 840832K->470381K(1047680K), 0.0050030 secs] [Times: user=0.02 sys=0.00, real=0.00 secs] 
2014-07-08T08:41:27.651+0000: 2293.200: [GC [PSYoungGen: 360684K->1296K(350720K)] 830189K->470889K(1037696K), 0.0074900 secs] [Times: user=0.05 sys=0.00, real=0.01 secs] 
2014-07-08T08:41:28.802+0000: 2294.352: [GC [PSYoungGen: 350672K->1078K(340416K)] 820265K->470841K(1027392K), 0.0045410 secs] [Times: user=0.03 sys=0.00, real=0.00 secs] 
2014-07-08T08:41:29.888+0000: 2295.437: [GC [PSYoungGen: 340406K->982K(330752K)] 810169K->470793K(1017728K), 0.0079060 secs] [Times: user=0.05 sys=0.00, real=0.01 secs] 
2014-07-08T08:41:30.984+0000: 2296.533: [GC [PSYoungGen: 330710K->1578K(322112K)] 800521K->471453K(1009088K), 0.0071330 secs] [Times: user=0.05 sys=0.00, real=0.00 secs] 
2014-07-08T08:41:32.112+0000: 2297.661: [GC [PSYoungGen: 322090K->1082K(312768K)] 791965K->471005K(999744K), 0.0049930 secs] [Times: user=0.03 sys=0.00, real=0.01 secs] 
2014-07-08T08:41:33.065+0000: 2298.615: [GC [PSYoungGen: 312762K->1446K(304640K)] 782685K->471425K(991616K), 0.0076510 secs] [Times: user=0.05 sys=0.00, real=0.01 secs] 
2014-07-08T08:41:34.075+0000: 2299.624: [GC [PSYoungGen: 304614K->1548K(296576K)] 774593K->471592K(983552K), 0.0103450 secs] [Times: user=0.07 sys=0.00, real=0.01 secs] 
2014-07-08T08:41:34.908+0000: 2300.458: [GC [PSYoungGen: 296511K->1086K(288256K)] 766555K->471299K(975232K), 0.0061000 secs] [Times: user=0.02 sys=0.00, real=0.01 secs] 
2014-07-08T08:41:35.948+0000: 2301.497: [GC [PSYoungGen: 288221K->1627K(281280K)] 758435K->471912K(968256K), 0.0083710 secs] [Times: user=0.05 sys=0.01, real=0.01 secs] 
2014-07-08T08:41:36.795+0000: 2302.344: [GC [PSYoungGen: 281221K->1067K(273472K)] 751506K->471456K(960448K), 0.0065680 secs] [Times: user=0.04 sys=0.00, real=0.00 secs] 
2014-07-08T08:41:37.656+0000: 2303.205: [GC [PSYoungGen: 273451K->1218K(266688K)] 743840K->471695K(953664K), 0.0088480 secs] [Times: user=0.06 sys=0.00, real=0.01 secs] 
2014-07-08T08:41:38.583+0000: 2304.133: [GC [PSYoungGen: 266626K->818K(259520K)] 737103K->471359K(946496K), 0.0064630 secs] [Times: user=0.04 sys=0.00, real=0.01 secs] 
2014-07-08T08:41:39.395+0000: 2304.944: [GC [PSYoungGen: 259505K->954K(253184K)] 730047K->471527K(940160K), 0.0053050 secs] [Times: user=0.03 sys=0.00, real=0.00 secs] 
2014-07-08T08:41:40.199+0000: 2305.749: [GC [PSYoungGen: 253176K->1434K(247488K)] 723750K->472079K(934464K), 0.0045020 secs] [Times: user=0.02 sys=0.00, real=0.01 secs] 
2014-07-08T08:41:41.005+0000: 2306.555: [GC [PSYoungGen: 247450K->1886K(241984K)] 718095K->472612K(928960K), 0.0091770 secs] [Times: user=0.06 sys=0.00, real=0.01 secs] 
2014-07-08T08:41:41.768+0000: 2307.317: [GC [PSYoungGen: 241950K->616K(234944K)] 712676K->471901K(921920K), 0.0064080 secs] [Times: user=0.04 sys=0.00, real=0.01 secs] 
2014-07-08T08:41:42.526+0000: 2308.076: [GC [PSYoungGen: 234920K->1314K(230080K)] 706205K->472663K(917056K), 0.0051780 secs] [Times: user=0.02 sys=0.00, real=0.00 secs] 
2014-07-08T08:41:43.450+0000: 2308.999: [GC [PSYoungGen: 230050K->1718K(225088K)] 701399K->473336K(912064K), 0.0044740 secs] [Times: user=0.02 sys=0.00, real=0.01 secs] 
2014-07-08T08:41:44.177+0000: 2309.727: [GC [PSYoungGen: 225078K->1896K(220096K)] 696696K->473570K(907072K), 0.0100420 secs] [Times: user=0.07 sys=0.00, real=0.01 secs] 
2014-07-08T08:41:44.759+0000: 2310.308: [GC [PSYoungGen: 220072K->612K(213824K)] 691746K->472972K(900800K), 0.0059920 secs] [Times: user=0.04 sys=0.01, real=0.01 secs] 
2014-07-08T08:41:45.583+0000: 2311.132: [GC [PSYoungGen: 213747K->1864K(210304K)] 686107K->474280K(897280K), 0.0048920 secs] [Times: user=0.02 sys=0.00, real=0.01 secs] 
2014-07-08T08:41:46.292+0000: 2311.841: [GC [PSYoungGen: 210215K->1324K(205120K)] 682631K->474228K(892096K), 0.0108710 secs] [Times: user=0.07 sys=0.00, real=0.01 secs] 
2014-07-08T08:41:46.875+0000: 2312.425: [GC [PSYoungGen: 205100K->1428K(200768K)] 678004K->474428K(887744K), 0.0048890 secs] [Times: user=0.03 sys=0.00, real=0.00 secs] 
2014-07-08T08:41:47.606+0000: 2313.155: [GC [PSYoungGen: 200724K->800K(240000K)] 673724K->473872K(926976K), 0.0142290 secs] [Times: user=0.09 sys=0.00, real=0.01 secs] 
2014-07-08T08:41:48.479+0000: 2314.028: [GC [PSYoungGen: 239968K->1744K(288832K)] 713040K->474912K(975808K), 0.0113230 secs] [Times: user=0.08 sys=0.00, real=0.01 secs] 
2014-07-08T08:41:49.462+0000: 2315.011: [GC [PSYoungGen: 288776K->1462K(345920K)] 761945K->474686K(1032896K), 0.0086480 secs] [Times: user=0.05 sys=0.00, real=0.01 secs] 
2014-07-08T08:41:50.602+0000: 2316.152: [GC [PSYoungGen: 345910K->1078K(335744K)] 819134K->474366K(1022720K), 0.0064180 secs] [Times: user=0.02 sys=0.01, real=0.01 secs] 
2014-07-08T08:41:51.712+0000: 2317.261: [GC [PSYoungGen: 335734K->1050K(326336K)] 809022K->474410K(1013312K), 0.0091810 secs] [Times: user=0.06 sys=0.00, real=0.01 secs] 
2014-07-08T08:41:52.807+0000: 2318.356: [GC [PSYoungGen: 326298K->982K(317248K)] 799658K->474430K(1004224K), 0.0055740 secs] [Times: user=0.04 sys=0.00, real=0.00 secs] 
2014-07-08T08:41:53.966+0000: 2319.515: [GC [PSYoungGen: 317206K->1314K(308864K)] 790654K->474794K(995840K), 0.0059000 secs] [Times: user=0.03 sys=0.01, real=0.01 secs] 
2014-07-08T08:41:55.106+0000: 2320.655: [GC [PSYoungGen: 308734K->1619K(300864K)] 782215K->475163K(987840K), 0.0103570 secs] [Times: user=0.05 sys=0.00, real=0.01 secs] 
2014-07-08T08:41:56.036+0000: 2321.585: [GC [PSYoungGen: 300782K->1150K(292352K)] 774326K->474984K(979328K), 0.0049300 secs] [Times: user=0.03 sys=0.00, real=0.00 secs] 
2014-07-08T08:41:56.928+0000: 2322.478: [GC [PSYoungGen: 292313K->1396K(284928K)] 766147K->475286K(971904K), 0.0108340 secs] [Times: user=0.07 sys=0.00, real=0.01 secs] 
2014-07-08T08:41:57.759+0000: 2323.308: [GC [PSYoungGen: 284915K->1583K(277696K)] 758805K->475687K(964672K), 0.0124260 secs] [Times: user=0.08 sys=0.01, real=0.01 secs] 
2014-07-08T08:41:58.760+0000: 2324.309: [GC [PSYoungGen: 277652K->1314K(270336K)] 751756K->475498K(957312K), 0.0060740 secs] [Times: user=0.02 sys=0.00, real=0.00 secs] 
2014-07-08T08:41:59.720+0000: 2325.270: [GC [PSYoungGen: 270264K->1213K(263360K)] 744448K->475485K(950336K), 0.0044250 secs] [Times: user=0.02 sys=0.00, real=0.00 secs] 
2014-07-08T08:42:00.584+0000: 2326.134: [GC [PSYoungGen: 263357K->932K(256512K)] 737629K->475292K(943488K), 0.0098490 secs] [Times: user=0.06 sys=0.00, real=0.01 secs] 
2014-07-08T08:42:01.382+0000: 2326.932: [GC [PSYoungGen: 256484K->772K(250048K)] 730844K->475188K(937024K), 0.0073800 secs] [Times: user=0.04 sys=0.00, real=0.01 secs] 
2014-07-08T08:42:02.129+0000: 2327.679: [GC [PSYoungGen: 249988K->1584K(244736K)] 724404K->476072K(931712K), 0.0108050 secs] [Times: user=0.07 sys=0.00, real=0.01 secs] 
2014-07-08T08:42:02.921+0000: 2328.470: [GC [PSYoungGen: 244720K->1715K(293504K)] 719208K->476291K(980480K), 0.0108660 secs] [Times: user=0.07 sys=0.00, real=0.01 secs] 
2014-07-08T08:42:03.974+0000: 2329.523: [GC [PSYoungGen: 293491K->1488K(351680K)] 768067K->476136K(1038656K), 0.0127800 secs] [Times: user=0.09 sys=0.00, real=0.01 secs] 
2014-07-08T08:42:05.246+0000: 2330.795: [GC [PSYoungGen: 351632K->1277K(341376K)] 826280K->476187K(1028352K), 0.0045610 secs] [Times: user=0.03 sys=0.00, real=0.01 secs] 
2014-07-08T08:42:06.246+0000: 2331.795: [GC [PSYoungGen: 341373K->1456K(365120K)] 816283K->476429K(1052096K), 0.0163420 secs] [Times: user=0.10 sys=0.00, real=0.02 secs] 
2014-07-08T08:42:07.406+0000: 2332.955: [GC [PSYoungGen: 364400K->1132K(353536K)] 839373K->476251K(1040512K), 0.0077410 secs] [Times: user=0.05 sys=0.00, real=0.01 secs] 
2014-07-08T08:42:08.506+0000: 2334.055: [GC [PSYoungGen: 353516K->1090K(343360K)] 828635K->476265K(1030336K), 0.0043710 secs] [Times: user=0.02 sys=0.00, real=0.01 secs] 
2014-07-08T08:42:09.673+0000: 2335.223: [GC [PSYoungGen: 343298K->1004K(333504K)] 818473K->476235K(1020480K), 0.0044280 secs] [Times: user=0.02 sys=0.00, real=0.00 secs] 
2014-07-08T08:42:10.777+0000: 2336.327: [GC [PSYoungGen: 333484K->1042K(324224K)] 808715K->476321K(1011200K), 0.0116220 secs] [Times: user=0.07 sys=0.00, real=0.02 secs] 
2014-07-08T08:42:11.797+0000: 2337.347: [GC [PSYoungGen: 324178K->1252K(315456K)] 799457K->476603K(1002432K), 0.0075950 secs] [Times: user=0.04 sys=0.01, real=0.01 secs] 
2014-07-08T08:42:12.862+0000: 2338.412: [GC [PSYoungGen: 315428K->1078K(306688K)] 790779K->476493K(993664K), 0.0046900 secs] [Times: user=0.02 sys=0.00, real=0.00 secs] 
2014-07-08T08:42:13.990+0000: 2339.539: [GC [PSYoungGen: 306678K->1498K(298880K)] 782093K->476993K(985856K), 0.0108070 secs] [Times: user=0.06 sys=0.00, real=0.01 secs] 
2014-07-08T08:42:14.935+0000: 2340.485: [GC [PSYoungGen: 298842K->1506K(290944K)] 774337K->477073K(977920K), 0.0050090 secs] [Times: user=0.03 sys=0.00, real=0.01 secs] 
2014-07-08T08:42:15.856+0000: 2341.405: [GC [PSYoungGen: 290914K->940K(282752K)] 766481K->476669K(969728K), 0.0065630 secs] [Times: user=0.04 sys=0.00, real=0.01 secs] 
2014-07-08T08:42:16.822+0000: 2342.371: [GC [PSYoungGen: 282732K->1096K(275648K)] 758461K->476881K(962624K), 0.0114030 secs] [Times: user=0.07 sys=0.00, real=0.01 secs] 
2014-07-08T08:42:17.688+0000: 2343.238: [GC [PSYoungGen: 275592K->1218K(268736K)] 751377K->477067K(955712K), 0.0089160 secs] [Times: user=0.06 sys=0.01, real=0.01 secs] 
2014-07-08T08:42:18.727+0000: 2344.277: [GC [PSYoungGen: 268639K->1762K(262464K)] 744489K->477699K(949440K), 0.0070360 secs] [Times: user=0.05 sys=0.00, real=0.01 secs] 
2014-07-08T08:42:19.629+0000: 2345.178: [GC [PSYoungGen: 262429K->697K(254848K)] 738366K->477116K(941824K), 0.0043670 secs] [Times: user=0.02 sys=0.00, real=0.01 secs] 
2014-07-08T08:42:20.512+0000: 2346.061: [GC [PSYoungGen: 254841K->1132K(249024K)] 731260K->477631K(936000K), 0.0052220 secs] [Times: user=0.03 sys=0.00, real=0.00 secs] 
2014-07-08T08:42:21.335+0000: 2346.884: [GC [PSYoungGen: 249004K->1905K(243776K)] 725503K->478709K(930752K), 0.0070350 secs] [Times: user=0.04 sys=0.00, real=0.01 secs] 
2014-07-08T08:42:22.018+0000: 2347.567: [GC [PSYoungGen: 243761K->1552K(237632K)] 720565K->478459K(924608K), 0.0069960 secs] [Times: user=0.04 sys=0.01, real=0.01 secs] 
2014-07-08T08:42:22.767+0000: 2348.316: [GC [PSYoungGen: 237584K->762K(231168K)] 714491K->478140K(918144K), 0.0082010 secs] [Times: user=0.05 sys=0.00, real=0.01 secs] 
2014-07-08T08:42:23.590+0000: 2349.139: [GC [PSYoungGen: 231121K->1378K(226432K)] 708499K->478828K(913408K), 0.0081820 secs] [Times: user=0.06 sys=0.00, real=0.01 secs] 
2014-07-08T08:42:24.536+0000: 2350.086: [GC [PSYoungGen: 226371K->1608K(221504K)] 703821K->479362K(908480K), 0.0079030 secs] [Times: user=0.04 sys=0.00, real=0.01 secs] 
2014-07-08T08:42:25.260+0000: 2350.810: [GC [PSYoungGen: 221448K->1824K(216640K)] 699202K->479642K(903616K), 0.0089040 secs] [Times: user=0.06 sys=0.00, real=0.01 secs] 
2014-07-08T08:42:25.835+0000: 2351.384: [GC [PSYoungGen: 216608K->637K(258432K)] 694426K->479291K(945408K), 0.0130260 secs] [Times: user=0.09 sys=0.00, real=0.01 secs] 
2014-07-08T08:42:26.705+0000: 2352.254: [GC [PSYoungGen: 258429K->1332K(310720K)] 737083K->480034K(997696K), 0.0070110 secs] [Times: user=0.04 sys=0.00, real=0.01 secs] 
2014-07-08T08:42:27.668+0000: 2353.218: [GC [PSYoungGen: 310615K->1364K(372672K)] 789317K->480376K(1059648K), 0.0074790 secs] [Times: user=0.04 sys=0.01, real=0.01 secs] 
2014-07-08T08:42:28.985+0000: 2354.534: [GC [PSYoungGen: 372628K->1592K(361920K)] 851640K->480668K(1048896K), 0.0073600 secs] [Times: user=0.03 sys=0.00, real=0.01 secs] 
2014-07-08T08:42:30.202+0000: 2355.752: [GC [PSYoungGen: 361844K->1008K(350848K)] 840920K->480765K(1037824K), 0.0093800 secs] [Times: user=0.06 sys=0.00, real=0.00 secs] 
2014-07-08T08:42:31.331+0000: 2356.880: [GC [PSYoungGen: 350811K->1709K(341504K)] 830569K->481515K(1028480K), 0.0097970 secs] [Times: user=0.06 sys=0.00, real=0.01 secs] 
2014-07-08T08:42:32.454+0000: 2358.003: [GC [PSYoungGen: 341485K->1406K(331584K)] 821291K->481626K(1018560K), 0.0047260 secs] [Times: user=0.02 sys=0.01, real=0.00 secs] 
2014-07-08T08:42:33.634+0000: 2359.183: [GC [PSYoungGen: 331582K->1530K(322496K)] 811802K->481839K(1009472K), 0.0053260 secs] [Times: user=0.03 sys=0.00, real=0.00 secs] 
2014-07-08T08:42:34.719+0000: 2360.268: [GC [PSYoungGen: 322448K->1138K(313216K)] 802757K->481527K(1000192K), 0.0078240 secs] [Times: user=0.06 sys=0.00, real=0.01 secs] 
2014-07-08T08:42:35.696+0000: 2361.245: [GC [PSYoungGen: 313167K->868K(304448K)] 793556K->481312K(991424K), 0.0108930 secs] [Times: user=0.07 sys=0.00, real=0.01 secs] 
2014-07-08T08:42:36.741+0000: 2362.290: [GC [PSYoungGen: 304417K->1349K(296768K)] 784862K->481874K(983744K), 0.0101090 secs] [Times: user=0.07 sys=0.00, real=0.01 secs] 
2014-07-08T08:42:37.769+0000: 2363.318: [GC [PSYoungGen: 296709K->964K(288512K)] 777234K->481568K(975488K), 0.0068710 secs] [Times: user=0.04 sys=0.00, real=0.01 secs] 
2014-07-08T08:42:38.719+0000: 2364.268: [GC [PSYoungGen: 288429K->1476K(281472K)] 769034K->482137K(968448K), 0.0087960 secs] [Times: user=0.05 sys=0.00, real=0.01 secs] 
2014-07-08T08:42:39.693+0000: 2365.243: [GC [PSYoungGen: 281412K->1196K(273920K)] 762073K->481936K(960896K), 0.0070070 secs] [Times: user=0.05 sys=0.00, real=0.00 secs] 
2014-07-08T08:42:40.505+0000: 2366.054: [GC [PSYoungGen: 273900K->1236K(267008K)] 754640K->482065K(953984K), 0.0083540 secs] [Times: user=0.06 sys=0.00, real=0.01 secs] 
2014-07-08T08:42:41.429+0000: 2366.978: [GC [PSYoungGen: 266964K->1082K(260096K)] 747793K->481966K(947072K), 0.0081460 secs] [Times: user=0.06 sys=0.00, real=0.01 secs] 
2014-07-08T08:42:42.221+0000: 2367.771: [GC [PSYoungGen: 260076K->1516K(254080K)] 740961K->482440K(941056K), 0.0064920 secs] [Times: user=0.02 sys=0.00, real=0.01 secs] 
2014-07-08T08:42:42.914+0000: 2368.463: [GC [PSYoungGen: 254060K->1310K(247680K)] 734984K->482338K(934656K), 0.0094670 secs] [Times: user=0.06 sys=0.00, real=0.01 secs] 
2014-07-08T08:42:43.802+0000: 2369.352: [GC [PSYoungGen: 247646K->1150K(241472K)] 728674K->482234K(928448K), 0.0082120 secs] [Times: user=0.05 sys=0.00, real=0.01 secs] 
2014-07-08T08:42:44.594+0000: 2370.143: [GC [PSYoungGen: 241438K->1024K(235648K)] 722523K->482181K(922624K), 0.0087140 secs] [Times: user=0.05 sys=0.00, real=0.01 secs] 
2014-07-08T08:42:45.399+0000: 2370.948: [GC [PSYoungGen: 235584K->886K(229888K)] 716741K->482098K(916864K), 0.0037350 secs] [Times: user=0.02 sys=0.00, real=0.00 secs] 
2014-07-08T08:42:46.065+0000: 2371.614: [GC [PSYoungGen: 229878K->1406K(276224K)] 711090K->482706K(963200K), 0.0103160 secs] [Times: user=0.07 sys=0.00, real=0.01 secs] 
2014-07-08T08:42:46.865+0000: 2372.414: [GC [PSYoungGen: 276222K->1288K(331136K)] 757522K->482668K(1018112K), 0.0109000 secs] [Times: user=0.08 sys=0.00, real=0.01 secs] 
2014-07-08T08:42:47.935+0000: 2373.484: [GC [PSYoungGen: 331080K->1626K(379136K)] 812460K->483079K(1066112K), 0.0171320 secs] [Times: user=0.11 sys=0.00, real=0.01 secs] 
2014-07-08T08:42:49.441+0000: 2374.990: [GC [PSYoungGen: 378906K->1238K(397760K)] 860359K->482762K(1084736K), 0.0091260 secs] [Times: user=0.06 sys=0.00, real=0.01 secs] 
2014-07-08T08:42:50.665+0000: 2376.214: [GC [PSYoungGen: 397078K->1513K(385408K)] 878602K->483101K(1072384K), 0.0093680 secs] [Times: user=0.07 sys=0.00, real=0.01 secs] 
2014-07-08T08:42:51.931+0000: 2377.480: [GC [PSYoungGen: 385385K->374K(372800K)] 866973K->482765K(1059776K), 0.0046630 secs] [Times: user=0.02 sys=0.00, real=0.01 secs] 
2014-07-08T08:42:53.291+0000: 2378.840: [GC [PSYoungGen: 372740K->1852K(363328K)] 855131K->484753K(1050304K), 0.0075730 secs] [Times: user=0.05 sys=0.01, real=0.01 secs] 
2014-07-08T08:42:54.516+0000: 2380.065: [GC [PSYoungGen: 363311K->1516K(352512K)] 846212K->485494K(1039488K), 0.0169890 secs] [Times: user=0.10 sys=0.00, real=0.01 secs] 
2014-07-08T08:42:55.532+0000: 2381.082: [GC [PSYoungGen: 352492K->950K(341824K)] 836470K->485181K(1028800K), 0.0070710 secs] [Times: user=0.05 sys=0.00, real=0.01 secs] 
2014-07-08T08:42:56.613+0000: 2382.162: [GC [PSYoungGen: 341814K->1356K(332608K)] 826045K->485807K(1019584K), 0.0073140 secs] [Times: user=0.05 sys=0.00, real=0.01 secs] 
2014-07-08T08:42:57.700+0000: 2383.250: [GC [PSYoungGen: 332556K->1726K(323648K)] 817007K->486242K(1010624K), 0.0100870 secs] [Times: user=0.07 sys=0.00, real=0.01 secs] 
2014-07-08T08:42:58.755+0000: 2384.304: [GC [PSYoungGen: 323646K->1142K(314176K)] 808162K->485721K(1001152K), 0.0093620 secs] [Times: user=0.04 sys=0.00, real=0.01 secs] 
2014-07-08T08:42:59.775+0000: 2385.324: [GC [PSYoungGen: 314166K->1000K(305472K)] 798745K->485651K(992448K), 0.0095430 secs] [Times: user=0.06 sys=0.00, real=0.01 secs] 
2014-07-08T08:43:00.743+0000: 2386.292: [GC [PSYoungGen: 305448K->1328K(297600K)] 790099K->486059K(984576K), 0.0064590 secs] [Times: user=0.03 sys=0.00, real=0.01 secs] 
2014-07-08T08:43:01.704+0000: 2387.254: [GC [PSYoungGen: 297584K->1374K(289792K)] 782315K->486162K(976768K), 0.0083580 secs] [Times: user=0.06 sys=0.00, real=0.01 secs] 
2014-07-08T08:43:02.759+0000: 2388.308: [GC [PSYoungGen: 289720K->1858K(282752K)] 774508K->486725K(969728K), 0.0039650 secs] [Times: user=0.02 sys=0.00, real=0.00 secs] 
2014-07-08T08:43:03.582+0000: 2389.132: [GC [PSYoungGen: 282690K->1146K(274688K)] 767557K->486093K(961664K), 0.0042400 secs] [Times: user=0.03 sys=0.00, real=0.00 secs] 
2014-07-08T08:43:04.654+0000: 2390.203: [GC [PSYoungGen: 274682K->1460K(267968K)] 759629K->486487K(954944K), 0.0083760 secs] [Times: user=0.06 sys=0.00, real=0.01 secs] 
2014-07-08T08:43:05.520+0000: 2391.069: [GC [PSYoungGen: 267956K->1204K(260992K)] 752983K->486311K(947968K), 0.0049830 secs] [Times: user=0.03 sys=0.00, real=0.00 secs] 
2014-07-08T08:43:06.400+0000: 2391.949: [GC [PSYoungGen: 260980K->1560K(254912K)] 746087K->486763K(941888K), 0.0082570 secs] [Times: user=0.05 sys=0.00, real=0.01 secs] 
2014-07-08T08:43:07.120+0000: 2392.669: [GC [PSYoungGen: 254867K->1438K(248512K)] 740070K->486729K(935488K), 0.0086850 secs] [Times: user=0.06 sys=0.00, real=0.01 secs] 
2014-07-08T08:43:08.005+0000: 2393.555: [GC [PSYoungGen: 248478K->1326K(242368K)] 733769K->486796K(929344K), 0.0104410 secs] [Times: user=0.06 sys=0.00, real=0.01 secs] 
2014-07-08T08:43:08.743+0000: 2394.293: [GC [PSYoungGen: 242350K->1000K(236288K)] 727820K->486501K(923264K), 0.0071140 secs] [Times: user=0.03 sys=0.00, real=0.01 secs] 
2014-07-08T08:43:09.564+0000: 2395.113: [GC [PSYoungGen: 236264K->1668K(231424K)] 721765K->487234K(918400K), 0.0087630 secs] [Times: user=0.06 sys=0.00, real=0.01 secs] 
2014-07-08T08:43:10.394+0000: 2395.943: [GC [PSYoungGen: 231364K->1368K(225728K)] 716930K->487005K(912704K), 0.0069300 secs] [Times: user=0.04 sys=0.00, real=0.01 secs] 
2014-07-08T08:43:11.018+0000: 2396.567: [GC [PSYoungGen: 225688K->1135K(220288K)] 711325K->487133K(907264K), 0.0061440 secs] [Times: user=0.04 sys=0.00, real=0.01 secs] 
2014-07-08T08:43:11.653+0000: 2397.203: [GC [PSYoungGen: 220271K->1393K(215552K)] 706269K->487424K(902528K), 0.0067470 secs] [Times: user=0.02 sys=0.00, real=0.01 secs] 
2014-07-08T08:43:12.487+0000: 2398.036: [GC [PSYoungGen: 215537K->1574K(210944K)] 701568K->488004K(897920K), 0.0098900 secs] [Times: user=0.07 sys=0.00, real=0.01 secs] 
2014-07-08T08:43:13.163+0000: 2398.712: [GC [PSYoungGen: 210917K->1606K(252928K)] 697347K->488108K(939904K), 0.0127710 secs] [Times: user=0.08 sys=0.00, real=0.01 secs] 
2014-07-08T08:43:13.874+0000: 2399.423: [GC [PSYoungGen: 252870K->1008K(302592K)] 739372K->487868K(989568K), 0.0067400 secs] [Times: user=0.05 sys=0.00, real=0.01 secs] 
2014-07-08T08:43:14.919+0000: 2400.468: [GC [PSYoungGen: 302574K->1196K(363136K)] 789434K->488144K(1050112K), 0.0102760 secs] [Times: user=0.07 sys=0.00, real=0.01 secs] 
2014-07-08T08:43:16.040+0000: 2401.590: [GC [PSYoungGen: 363115K->1542K(375040K)] 850063K->488594K(1062016K), 0.0089210 secs] [Times: user=0.06 sys=0.01, real=0.01 secs] 
2014-07-08T08:43:17.393+0000: 2402.942: [GC [PSYoungGen: 374534K->1392K(363392K)] 861586K->488508K(1050368K), 0.0086990 secs] [Times: user=0.06 sys=0.00, real=0.01 secs] 
2014-07-08T08:43:18.527+0000: 2404.076: [GC [PSYoungGen: 363376K->680K(352128K)] 850492K->488028K(1039104K), 0.0070930 secs] [Times: user=0.04 sys=0.00, real=0.01 secs] 
2014-07-08T08:43:19.576+0000: 2405.125: [GC [PSYoungGen: 352104K->1296K(342656K)] 839452K->488732K(1029632K), 0.0128880 secs] [Times: user=0.08 sys=0.00, real=0.01 secs] 
2014-07-08T08:43:20.711+0000: 2406.260: [GC [PSYoungGen: 342608K->986K(332672K)] 830044K->488560K(1019648K), 0.0121180 secs] [Times: user=0.07 sys=0.00, real=0.01 secs] 
2014-07-08T08:43:21.739+0000: 2407.289: [GC [PSYoungGen: 332612K->1122K(323520K)] 820186K->488768K(1010496K), 0.0091340 secs] [Times: user=0.06 sys=0.00, real=0.00 secs] 
2014-07-08T08:43:22.833+0000: 2408.382: [GC [PSYoungGen: 323490K->1242K(314752K)] 811136K->488944K(1001728K), 0.0037770 secs] [Times: user=0.02 sys=0.00, real=0.00 secs] 
2014-07-08T08:43:23.844+0000: 2409.393: [GC [PSYoungGen: 314714K->954K(305856K)] 802416K->488720K(992832K), 0.0034350 secs] [Times: user=0.02 sys=0.01, real=0.00 secs] 
2014-07-08T08:43:25.014+0000: 2410.564: [GC [PSYoungGen: 305816K->1644K(298304K)] 793583K->489514K(985280K), 0.0048850 secs] [Times: user=0.03 sys=0.00, real=0.00 secs] 
2014-07-08T08:43:25.956+0000: 2411.505: [GC [PSYoungGen: 298284K->1164K(289920K)] 786154K->489090K(976896K), 0.0056140 secs] [Times: user=0.02 sys=0.00, real=0.01 secs] 
2014-07-08T08:43:26.893+0000: 2412.443: [GC [PSYoungGen: 289868K->1100K(282240K)] 777794K->489106K(969216K), 0.0040740 secs] [Times: user=0.02 sys=0.00, real=0.00 secs] 
2014-07-08T08:43:27.912+0000: 2413.462: [GC [PSYoungGen: 282188K->1232K(275072K)] 770194K->489326K(962048K), 0.0042460 secs] [Times: user=0.03 sys=0.00, real=0.00 secs] 
2014-07-08T08:43:28.815+0000: 2414.364: [GC [PSYoungGen: 275024K->1132K(267904K)] 763118K->489322K(954880K), 0.0052890 secs] [Times: user=0.03 sys=0.00, real=0.01 secs] 
2014-07-08T08:43:29.695+0000: 2415.245: [GC [PSYoungGen: 267884K->872K(260928K)] 756074K->489118K(947904K), 0.0115850 secs] [Times: user=0.08 sys=0.00, real=0.01 secs] 
2014-07-08T08:43:30.641+0000: 2416.190: [GC [PSYoungGen: 260904K->1680K(255232K)] 749150K->490006K(942208K), 0.0048250 secs] [Times: user=0.02 sys=0.00, real=0.01 secs] 
2014-07-08T08:43:31.574+0000: 2417.124: [GC [PSYoungGen: 255184K->1146K(248384K)] 743510K->489536K(935360K), 0.0040940 secs] [Times: user=0.02 sys=0.00, real=0.00 secs] 
2014-07-08T08:43:32.443+0000: 2417.992: [GC [PSYoungGen: 248378K->1122K(242368K)] 736768K->489804K(929344K), 0.0125630 secs] [Times: user=0.08 sys=0.00, real=0.01 secs] 
2014-07-08T08:43:33.272+0000: 2418.821: [GC [PSYoungGen: 242338K->1584K(236992K)] 731020K->490354K(923968K), 0.0070910 secs] [Times: user=0.04 sys=0.00, real=0.00 secs] 
2014-07-08T08:43:33.915+0000: 2419.465: [GC [PSYoungGen: 236976K->1136K(230976K)] 725746K->490190K(917952K), 0.0081110 secs] [Times: user=0.06 sys=0.00, real=0.01 secs] 
2014-07-08T08:43:34.733+0000: 2420.283: [GC [PSYoungGen: 230959K->1388K(277248K)] 720014K->490491K(964224K), 0.0114220 secs] [Times: user=0.06 sys=0.00, real=0.01 secs] 
2014-07-08T08:43:35.777+0000: 2421.326: [GC [PSYoungGen: 277228K->1328K(270080K)] 766331K->490568K(957056K), 0.0076210 secs] [Times: user=0.05 sys=0.00, real=0.01 secs] 
2014-07-08T08:43:36.726+0000: 2422.275: [GC [PSYoungGen: 270064K->1164K(263104K)] 759304K->490476K(950080K), 0.0110580 secs] [Times: user=0.07 sys=0.00, real=0.01 secs] 
2014-07-08T08:43:37.559+0000: 2423.109: [GC [PSYoungGen: 263052K->1054K(256384K)] 752364K->490430K(943360K), 0.0040990 secs] [Times: user=0.02 sys=0.00, real=0.01 secs] 
2014-07-08T08:43:38.374+0000: 2423.924: [GC [PSYoungGen: 256350K->1606K(250624K)] 745726K->491054K(937600K), 0.0050850 secs] [Times: user=0.03 sys=0.00, real=0.00 secs] 
2014-07-08T08:43:39.147+0000: 2424.696: [GC [PSYoungGen: 250566K->1004K(243904K)] 740014K->490654K(930880K), 0.0051420 secs] [Times: user=0.02 sys=0.00, real=0.01 secs] 
2014-07-08T08:43:39.871+0000: 2425.420: [GC [PSYoungGen: 243884K->1538K(238592K)] 733534K->491245K(925568K), 0.0044880 secs] [Times: user=0.02 sys=0.00, real=0.01 secs] 
2014-07-08T08:43:40.888+0000: 2426.437: [GC [PSYoungGen: 238530K->1264K(232640K)] 728237K->491779K(919616K), 0.0071210 secs] [Times: user=0.04 sys=0.00, real=0.01 secs] 
2014-07-08T08:43:41.614+0000: 2427.163: [GC [PSYoungGen: 232624K->1200K(227136K)] 723139K->491787K(914112K), 0.0086890 secs] [Times: user=0.06 sys=0.00, real=0.01 secs] 
2014-07-08T08:43:42.364+0000: 2427.913: [GC [PSYoungGen: 227111K->1533K(222208K)] 717697K->492258K(909184K), 0.0102370 secs] [Times: user=0.07 sys=0.00, real=0.01 secs] 
2014-07-08T08:43:42.965+0000: 2428.515: [GC [PSYoungGen: 222159K->1428K(217088K)] 712884K->492233K(904064K), 0.0045150 secs] [Times: user=0.02 sys=0.00, real=0.00 secs] 
2014-07-08T08:43:43.644+0000: 2429.193: [GC [PSYoungGen: 217044K->836K(211648K)] 707849K->491712K(898624K), 0.0085020 secs] [Times: user=0.06 sys=0.00, real=0.00 secs] 
2014-07-08T08:43:44.385+0000: 2429.934: [GC [PSYoungGen: 211588K->1496K(254464K)] 702464K->492453K(941440K), 0.0084950 secs] [Times: user=0.06 sys=0.00, real=0.01 secs] 
2014-07-08T08:43:45.196+0000: 2430.745: [GC [PSYoungGen: 254424K->1640K(305216K)] 745381K->492653K(992192K), 0.0090070 secs] [Times: user=0.06 sys=0.00, real=0.01 secs] 
2014-07-08T08:43:46.386+0000: 2431.936: [GC [PSYoungGen: 305192K->1679K(352832K)] 796205K->492763K(1039808K), 0.0159340 secs] [Times: user=0.10 sys=0.00, real=0.01 secs] 
2014-07-08T08:43:47.426+0000: 2432.975: [GC [PSYoungGen: 352399K->1816K(366272K)] 843483K->492996K(1053248K), 0.0084400 secs] [Times: user=0.05 sys=0.00, real=0.01 secs] 
2014-07-08T08:43:48.482+0000: 2434.032: [GC [PSYoungGen: 365976K->1274K(366400K)] 857156K->492511K(1053376K), 0.0109240 secs] [Times: user=0.07 sys=0.00, real=0.02 secs] 
2014-07-08T08:43:49.649+0000: 2435.198: [GC [PSYoungGen: 365397K->1498K(355072K)] 856633K->492799K(1042048K), 0.0072640 secs] [Times: user=0.04 sys=0.00, real=0.01 secs] 
2014-07-08T08:43:50.901+0000: 2436.451: [GC [PSYoungGen: 355034K->1324K(344704K)] 846335K->492689K(1031680K), 0.0041430 secs] [Times: user=0.02 sys=0.00, real=0.01 secs] 
2014-07-08T08:43:52.008+0000: 2437.557: [GC [PSYoungGen: 344684K->1406K(334976K)] 836049K->492915K(1021952K), 0.0061850 secs] [Times: user=0.04 sys=0.01, real=0.01 secs] 
2014-07-08T08:43:53.077+0000: 2438.626: [GC [PSYoungGen: 334974K->1192K(325376K)] 826483K->492764K(1012352K), 0.0083720 secs] [Times: user=0.05 sys=0.01, real=0.01 secs] 
2014-07-08T08:43:54.206+0000: 2439.755: [GC [PSYoungGen: 325351K->1534K(316672K)] 816924K->493431K(1003648K), 0.0111370 secs] [Times: user=0.06 sys=0.00, real=0.01 secs] 
2014-07-08T08:43:55.425+0000: 2440.974: [GC [PSYoungGen: 316637K->1797K(308352K)] 808534K->493782K(995328K), 0.0102920 secs] [Times: user=0.06 sys=0.01, real=0.01 secs] 
2014-07-08T08:43:56.365+0000: 2441.915: [GC [PSYoungGen: 308293K->1022K(299200K)] 800278K->493315K(986176K), 0.0091150 secs] [Times: user=0.06 sys=0.00, real=0.00 secs] 
2014-07-08T08:43:57.220+0000: 2442.770: [GC [PSYoungGen: 299198K->1776K(292032K)] 791491K->494133K(979008K), 0.0094490 secs] [Times: user=0.06 sys=0.00, real=0.01 secs] 
2014-07-08T08:43:58.147+0000: 2443.696: [GC [PSYoungGen: 292016K->1210K(283776K)] 784373K->493697K(970752K), 0.0050780 secs] [Times: user=0.03 sys=0.00, real=0.00 secs] 
2014-07-08T08:43:59.018+0000: 2444.567: [GC [PSYoungGen: 283736K->1416K(340544K)] 776224K->493975K(1027520K), 0.0174110 secs] [Times: user=0.13 sys=0.00, real=0.02 secs] 
2014-07-08T08:44:00.286+0000: 2445.835: [GC [PSYoungGen: 340488K->1555K(408512K)] 833047K->494178K(1095488K), 0.0111890 secs] [Times: user=0.07 sys=0.00, real=0.01 secs] 
2014-07-08T08:44:01.573+0000: 2447.123: [GC [PSYoungGen: 408431K->1150K(395648K)] 901054K->493869K(1082624K), 0.0072450 secs] [Times: user=0.04 sys=0.00, real=0.01 secs] 
2014-07-08T08:44:02.778+0000: 2448.327: [GC [PSYoungGen: 395619K->1384K(384000K)] 888338K->494151K(1070976K), 0.0087290 secs] [Times: user=0.05 sys=0.00, real=0.01 secs] 
2014-07-08T08:44:04.055+0000: 2449.604: [GC [PSYoungGen: 383925K->1459K(372672K)] 876692K->494282K(1059648K), 0.0093600 secs] [Times: user=0.05 sys=0.00, real=0.01 secs] 
2014-07-08T08:44:05.346+0000: 2450.895: [GC [PSYoungGen: 372659K->1250K(361536K)] 865482K->494331K(1048512K), 0.0141000 secs] [Times: user=0.09 sys=0.00, real=0.02 secs] 
2014-07-08T08:44:06.500+0000: 2452.049: [GC [PSYoungGen: 361506K->1196K(350976K)] 854587K->494373K(1037952K), 0.0050730 secs] [Times: user=0.03 sys=0.01, real=0.00 secs] 
2014-07-08T08:44:07.592+0000: 2453.141: [GC [PSYoungGen: 350956K->1203K(340928K)] 844133K->494618K(1027904K), 0.0040490 secs] [Times: user=0.02 sys=0.00, real=0.01 secs] 
2014-07-08T08:44:08.738+0000: 2454.287: [GC [PSYoungGen: 340915K->1435K(331584K)] 834330K->494938K(1018560K), 0.0036460 secs] [Times: user=0.02 sys=0.00, real=0.00 secs] 
2014-07-08T08:44:09.768+0000: 2455.317: [GC [PSYoungGen: 331547K->1320K(322240K)] 825050K->494936K(1009216K), 0.0074470 secs] [Times: user=0.04 sys=0.01, real=0.00 secs] 
2014-07-08T08:44:10.854+0000: 2456.403: [GC [PSYoungGen: 322167K->1648K(313664K)] 815783K->495343K(1000640K), 0.0093280 secs] [Times: user=0.06 sys=0.00, real=0.01 secs] 
2014-07-08T08:44:11.830+0000: 2457.379: [GC [PSYoungGen: 313648K->746K(304256K)] 807343K->494716K(991232K), 0.0134860 secs] [Times: user=0.08 sys=0.00, real=0.01 secs] 
2014-07-08T08:44:12.785+0000: 2458.334: [GC [PSYoungGen: 304234K->1478K(296832K)] 798204K->495527K(983808K), 0.0038990 secs] [Times: user=0.02 sys=0.00, real=0.01 secs] 
2014-07-08T08:44:13.852+0000: 2459.402: [GC [PSYoungGen: 296767K->1526K(288960K)] 790817K->495838K(975936K), 0.0071640 secs] [Times: user=0.04 sys=0.01, real=0.01 secs] 
2014-07-08T08:44:14.791+0000: 2460.341: [GC [PSYoungGen: 288950K->982K(280896K)] 783262K->495365K(967872K), 0.0059480 secs] [Times: user=0.04 sys=0.00, real=0.01 secs] 
2014-07-08T08:44:15.787+0000: 2461.336: [GC [PSYoungGen: 280853K->1322K(273984K)] 775237K->495966K(960960K), 0.0115620 secs] [Times: user=0.07 sys=0.00, real=0.02 secs] 
2014-07-08T08:44:16.662+0000: 2462.212: [GC [PSYoungGen: 273961K->957K(328128K)] 768605K->495633K(1015104K), 0.0179380 secs] [Times: user=0.09 sys=0.00, real=0.02 secs] 
2014-07-08T08:44:17.701+0000: 2463.251: [GC [PSYoungGen: 328125K->932K(393600K)] 822801K->495679K(1080576K), 0.0087310 secs] [Times: user=0.05 sys=0.00, real=0.01 secs] 
2014-07-08T08:44:19.055+0000: 2464.604: [GC [PSYoungGen: 393572K->1242K(382080K)] 888319K->496069K(1069056K), 0.0081890 secs] [Times: user=0.05 sys=0.01, real=0.01 secs] 
2014-07-08T08:44:20.292+0000: 2465.841: [GC [PSYoungGen: 382000K->1452K(370944K)] 876828K->496343K(1057920K), 0.0109430 secs] [Times: user=0.06 sys=0.00, real=0.01 secs] 
2014-07-08T08:44:21.505+0000: 2467.055: [GC [PSYoungGen: 370924K->986K(359616K)] 865815K->495941K(1046592K), 0.0057920 secs] [Times: user=0.02 sys=0.00, real=0.01 secs] 
2014-07-08T08:44:22.638+0000: 2468.187: [GC [PSYoungGen: 359578K->1278K(349504K)] 854533K->496306K(1036480K), 0.0101280 secs] [Times: user=0.07 sys=0.00, real=0.01 secs] 
2014-07-08T08:44:23.791+0000: 2469.340: [GC [PSYoungGen: 349502K->1046K(339328K)] 844530K->496153K(1026304K), 0.0110440 secs] [Times: user=0.07 sys=0.00, real=0.01 secs] 
2014-07-08T08:44:24.868+0000: 2470.417: [GC [PSYoungGen: 339286K->1152K(329920K)] 834393K->496356K(1016896K), 0.0060920 secs] [Times: user=0.04 sys=0.00, real=0.01 secs] 
2014-07-08T08:44:26.003+0000: 2471.553: [GC [PSYoungGen: 329806K->1674K(321280K)] 825010K->496950K(1008256K), 0.0087430 secs] [Times: user=0.06 sys=0.00, real=0.01 secs] 
2014-07-08T08:44:27.012+0000: 2472.562: [GC [PSYoungGen: 321226K->680K(311424K)] 816502K->496474K(998400K), 0.0078740 secs] [Times: user=0.05 sys=0.01, real=0.01 secs] 
2014-07-08T08:44:28.187+0000: 2473.737: [GC [PSYoungGen: 311400K->1838K(304128K)] 807194K->497956K(991104K), 0.0134640 secs] [Times: user=0.07 sys=0.00, real=0.02 secs] 
2014-07-08T08:44:29.129+0000: 2474.678: [GC [PSYoungGen: 304033K->1184K(363968K)] 800151K->497960K(1050944K), 0.0174790 secs] [Times: user=0.12 sys=0.00, real=0.02 secs] 
2014-07-08T08:44:30.329+0000: 2475.878: [GC [PSYoungGen: 363908K->1406K(353600K)] 860684K->498238K(1040576K), 0.0068770 secs] [Times: user=0.03 sys=0.00, real=0.01 secs] 
2014-07-08T08:44:31.460+0000: 2477.010: [GC [PSYoungGen: 353552K->900K(343040K)] 850384K->497920K(1030016K), 0.0037980 secs] [Times: user=0.02 sys=0.00, real=0.00 secs] 
2014-07-08T08:44:32.668+0000: 2478.218: [GC [PSYoungGen: 342974K->1432K(333824K)] 839995K->498532K(1020800K), 0.0038980 secs] [Times: user=0.03 sys=0.00, real=0.01 secs] 
2014-07-08T08:44:33.757+0000: 2479.306: [GC [PSYoungGen: 333781K->1274K(324288K)] 830881K->498454K(1011264K), 0.0078150 secs] [Times: user=0.05 sys=0.00, real=0.01 secs] 
2014-07-08T08:44:34.789+0000: 2480.338: [GC [PSYoungGen: 324282K->1050K(315136K)] 821462K->498278K(1002112K), 0.0136290 secs] [Times: user=0.08 sys=0.01, real=0.02 secs] 
2014-07-08T08:44:35.779+0000: 2481.328: [GC [PSYoungGen: 315098K->1423K(306944K)] 812326K->498699K(993920K), 0.0047080 secs] [Times: user=0.02 sys=0.00, real=0.01 secs] 
2014-07-08T08:44:36.814+0000: 2482.363: [GC [PSYoungGen: 306895K->1548K(298816K)] 804171K->498896K(985792K), 0.0131120 secs] [Times: user=0.08 sys=0.00, real=0.01 secs] 
2014-07-08T08:44:37.861+0000: 2483.410: [GC [PSYoungGen: 298764K->1086K(290368K)] 796112K->498564K(977344K), 0.0084010 secs] [Times: user=0.05 sys=0.00, real=0.01 secs] 
2014-07-08T08:44:38.740+0000: 2484.289: [GC [PSYoungGen: 290366K->1116K(282816K)] 787844K->498634K(969792K), 0.0059520 secs] [Times: user=0.02 sys=0.01, real=0.01 secs] 
2014-07-08T08:44:39.661+0000: 2485.211: [GC [PSYoungGen: 282780K->900K(275328K)] 780298K->498498K(962304K), 0.0108070 secs] [Times: user=0.08 sys=0.00, real=0.01 secs] 
2014-07-08T08:44:40.574+0000: 2486.123: [GC [PSYoungGen: 275268K->1239K(268608K)] 772866K->498909K(955584K), 0.0084570 secs] [Times: user=0.06 sys=0.00, real=0.01 secs] 
2014-07-08T08:44:41.484+0000: 2487.033: [GC [PSYoungGen: 268567K->1460K(262016K)] 766237K->499178K(948992K), 0.0107370 secs] [Times: user=0.07 sys=0.00, real=0.01 secs] 
2014-07-08T08:44:42.374+0000: 2487.924: [GC [PSYoungGen: 262003K->1790K(314496K)] 759721K->499564K(1001472K), 0.0106310 secs] [Times: user=0.07 sys=0.00, real=0.01 secs] 
2014-07-08T08:44:43.453+0000: 2489.002: [GC [PSYoungGen: 314494K->616K(304832K)] 812268K->498842K(991808K), 0.0047030 secs] [Times: user=0.02 sys=0.00, real=0.00 secs] 
2014-07-08T08:44:44.444+0000: 2489.993: [GC [PSYoungGen: 304808K->1773K(297792K)] 803034K->500090K(984768K), 0.0054320 secs] [Times: user=0.03 sys=0.00, real=0.00 secs] 
2014-07-08T08:44:45.380+0000: 2490.929: [GC [PSYoungGen: 297773K->1612K(289792K)] 796090K->500217K(976768K), 0.0084190 secs] [Times: user=0.05 sys=0.00, real=0.01 secs] 
2014-07-08T08:44:46.373+0000: 2491.922: [GC [PSYoungGen: 289740K->1409K(282048K)] 788345K->500085K(969024K), 0.0089660 secs] [Times: user=0.06 sys=0.00, real=0.00 secs] 
2014-07-08T08:44:47.264+0000: 2492.814: [GC [PSYoungGen: 281985K->1252K(274560K)] 780661K->500154K(961536K), 0.0124230 secs] [Times: user=0.07 sys=0.01, real=0.01 secs] 
2014-07-08T08:44:48.069+0000: 2493.618: [GC [PSYoungGen: 274532K->1412K(267776K)] 773434K->500379K(954752K), 0.0078190 secs] [Times: user=0.05 sys=0.00, real=0.01 secs] 
2014-07-08T08:44:48.961+0000: 2494.511: [GC [PSYoungGen: 267649K->1377K(260992K)] 766616K->500543K(947968K), 0.0048300 secs] [Times: user=0.03 sys=0.00, real=0.01 secs] 
2014-07-08T08:44:49.774+0000: 2495.323: [GC [PSYoungGen: 260915K->1282K(254464K)] 760082K->500520K(941440K), 0.0044890 secs] [Times: user=0.03 sys=0.00, real=0.00 secs] 
2014-07-08T08:44:50.635+0000: 2496.185: [GC [PSYoungGen: 254402K->1278K(248192K)] 753640K->500612K(935168K), 0.0088120 secs] [Times: user=0.03 sys=0.01, real=0.01 secs] 
2014-07-08T08:44:51.583+0000: 2497.132: [GC [PSYoungGen: 248190K->1328K(242240K)] 747524K->500766K(929216K), 0.0041660 secs] [Times: user=0.02 sys=0.00, real=0.01 secs] 
2014-07-08T08:44:52.373+0000: 2497.922: [GC [PSYoungGen: 242224K->1249K(236416K)] 741662K->500919K(923392K), 0.0063220 secs] [Times: user=0.03 sys=0.00, real=0.00 secs] 
2014-07-08T08:44:53.142+0000: 2498.691: [GC [PSYoungGen: 236385K->1160K(283392K)] 736055K->500869K(970368K), 0.0147070 secs] [Times: user=0.10 sys=0.00, real=0.02 secs] 
2014-07-08T08:44:53.922+0000: 2499.472: [GC [PSYoungGen: 283336K->1132K(339776K)] 783045K->500897K(1026752K), 0.0079480 secs] [Times: user=0.04 sys=0.00, real=0.01 secs] 
2014-07-08T08:44:55.052+0000: 2500.601: [GC [PSYoungGen: 339756K->1634K(396224K)] 839521K->501471K(1083200K), 0.0155500 secs] [Times: user=0.09 sys=0.00, real=0.02 secs] 
2014-07-08T08:44:56.437+0000: 2501.986: [GC [PSYoungGen: 396002K->1548K(408320K)] 895839K->501425K(1095296K), 0.0124020 secs] [Times: user=0.08 sys=0.01, real=0.01 secs] 
2014-07-08T08:44:57.692+0000: 2503.241: [GC [PSYoungGen: 407948K->1452K(395456K)] 907825K->501401K(1082432K), 0.0052080 secs] [Times: user=0.02 sys=0.00, real=0.01 secs] 
2014-07-08T08:44:58.963+0000: 2504.513: [GC [PSYoungGen: 395436K->487K(382592K)] 895385K->501188K(1069568K), 0.0071100 secs] [Times: user=0.05 sys=0.00, real=0.01 secs] 
2014-07-08T08:45:00.402+0000: 2505.952: [GC [PSYoungGen: 382567K->1848K(372544K)] 883268K->503129K(1059520K), 0.0108860 secs] [Times: user=0.08 sys=0.00, real=0.01 secs] 
2014-07-08T08:45:01.656+0000: 2507.205: [GC [PSYoungGen: 372536K->1400K(361216K)] 873817K->503906K(1048192K), 0.0181340 secs] [Times: user=0.11 sys=0.00, real=0.01 secs] 
2014-07-08T08:45:02.771+0000: 2508.320: [GC [PSYoungGen: 361208K->1146K(405376K)] 863714K->503857K(1092352K), 0.0132330 secs] [Times: user=0.08 sys=0.00, real=0.01 secs] 
2014-07-08T08:45:04.083+0000: 2509.632: [GC [PSYoungGen: 403962K->1642K(392256K)] 906673K->504615K(1079232K), 0.0071150 secs] [Times: user=0.04 sys=0.00, real=0.01 secs] 
2014-07-08T08:45:05.380+0000: 2510.929: [GC [PSYoungGen: 392234K->1292K(380224K)] 895207K->504329K(1067200K), 0.0114610 secs] [Times: user=0.07 sys=0.00, real=0.01 secs] 
2014-07-08T08:45:06.611+0000: 2512.160: [GC [PSYoungGen: 380169K->1168K(368832K)] 883206K->504253K(1055808K), 0.0047130 secs] [Times: user=0.02 sys=0.01, real=0.01 secs] 
2014-07-08T08:45:07.858+0000: 2513.407: [GC [PSYoungGen: 368784K->1118K(358016K)] 871869K->504275K(1044992K), 0.0118140 secs] [Times: user=0.08 sys=0.00, real=0.01 secs] 
2014-07-08T08:45:08.958+0000: 2514.507: [GC [PSYoungGen: 357982K->1314K(347904K)] 861139K->504519K(1034880K), 0.0143770 secs] [Times: user=0.07 sys=0.00, real=0.01 secs] 
2014-07-08T08:45:10.209+0000: 2515.759: [GC [PSYoungGen: 347854K->1513K(338176K)] 851059K->504758K(1025152K), 0.0050810 secs] [Times: user=0.02 sys=0.00, real=0.00 secs] 
2014-07-08T08:45:11.191+0000: 2516.740: [GC [PSYoungGen: 338153K->1780K(328960K)] 841398K->505185K(1015936K), 0.0079390 secs] [Times: user=0.05 sys=0.00, real=0.01 secs] 
2014-07-08T08:45:12.559+0000: 2518.108: [GC [PSYoungGen: 328911K->1200K(319296K)] 832317K->504645K(1006272K), 0.0070730 secs] [Times: user=0.02 sys=0.00, real=0.01 secs] 
2014-07-08T08:45:13.647+0000: 2519.197: [GC [PSYoungGen: 319280K->1438K(310784K)] 822725K->504939K(997760K), 0.0039980 secs] [Times: user=0.03 sys=0.00, real=0.00 secs] 
2014-07-08T08:45:14.744+0000: 2520.293: [GC [PSYoungGen: 310750K->1296K(302272K)] 814251K->504861K(989248K), 0.0056110 secs] [Times: user=0.02 sys=0.00, real=0.01 secs] 
2014-07-08T08:45:15.720+0000: 2521.270: [GC [PSYoungGen: 302179K->1103K(294016K)] 805745K->504756K(980992K), 0.0069470 secs] [Times: user=0.04 sys=0.00, real=0.01 secs] 
2014-07-08T08:45:16.945+0000: 2522.494: [GC [PSYoungGen: 293924K->1656K(286784K)] 797578K->505413K(973760K), 0.0103460 secs] [Times: user=0.07 sys=0.00, real=0.01 secs] 
2014-07-08T08:45:17.819+0000: 2523.368: [GC [PSYoungGen: 286759K->1490K(279232K)] 790517K->505328K(966208K), 0.0052320 secs] [Times: user=0.04 sys=0.00, real=0.00 secs] 
2014-07-08T08:45:18.765+0000: 2524.314: [GC [PSYoungGen: 279186K->1096K(271680K)] 783024K->505021K(958656K), 0.0074890 secs] [Times: user=0.04 sys=0.00, real=0.01 secs] 
2014-07-08T08:45:19.693+0000: 2525.243: [GC [PSYoungGen: 271597K->1360K(265024K)] 775523K->505357K(952000K), 0.0045060 secs] [Times: user=0.02 sys=0.00, real=0.01 secs] 
2014-07-08T08:45:20.553+0000: 2526.102: [GC [PSYoungGen: 264976K->1106K(258112K)] 768973K->505160K(945088K), 0.0044410 secs] [Times: user=0.02 sys=0.01, real=0.01 secs] 
2014-07-08T08:45:21.458+0000: 2527.008: [GC [PSYoungGen: 258027K->1380K(251968K)] 762080K->505481K(938944K), 0.0046040 secs] [Times: user=0.03 sys=0.00, real=0.00 secs] 
2014-07-08T08:45:22.365+0000: 2527.914: [GC [PSYoungGen: 251940K->1577K(246016K)] 756041K->505726K(932992K), 0.0114760 secs] [Times: user=0.07 sys=0.00, real=0.01 secs] 
2014-07-08T08:45:22.990+0000: 2528.539: [GC [PSYoungGen: 245993K->1000K(239552K)] 750142K->505496K(926528K), 0.0085140 secs] [Times: user=0.05 sys=0.00, real=0.01 secs] 
2014-07-08T08:45:23.768+0000: 2529.318: [GC [PSYoungGen: 239528K->1214K(234048K)] 744024K->505797K(921024K), 0.0096900 secs] [Times: user=0.06 sys=0.00, real=0.01 secs] 
2014-07-08T08:45:24.551+0000: 2530.101: [GC [PSYoungGen: 234046K->800K(228160K)] 738629K->505653K(915136K), 0.0043760 secs] [Times: user=0.02 sys=0.00, real=0.00 secs] 
2014-07-08T08:45:25.249+0000: 2530.798: [GC [PSYoungGen: 228128K->1114K(223168K)] 732981K->506015K(910144K), 0.0081030 secs] [Times: user=0.05 sys=0.00, real=0.00 secs] 
2014-07-08T08:45:26.070+0000: 2531.619: [GC [PSYoungGen: 223130K->1960K(218880K)] 728031K->507027K(905856K), 0.0098530 secs] [Times: user=0.07 sys=0.00, real=0.01 secs] 
2014-07-08T08:45:26.801+0000: 2532.351: [GC [PSYoungGen: 218856K->1196K(261504K)] 723923K->506334K(948480K), 0.0104520 secs] [Times: user=0.06 sys=0.00, real=0.01 secs] 
2014-07-08T08:45:27.648+0000: 2533.198: [GC [PSYoungGen: 261484K->872K(313280K)] 766622K->506058K(1000256K), 0.0106360 secs] [Times: user=0.08 sys=0.00, real=0.01 secs] 
2014-07-08T08:45:28.612+0000: 2534.162: [GC [PSYoungGen: 313256K->1202K(305088K)] 818442K->506429K(992064K), 0.0045340 secs] [Times: user=0.02 sys=0.00, real=0.00 secs] 
2014-07-08T08:45:29.585+0000: 2535.134: [GC [PSYoungGen: 305074K->1096K(296832K)] 810301K->506394K(983808K), 0.0042450 secs] [Times: user=0.02 sys=0.00, real=0.01 secs] 
2014-07-08T08:45:30.597+0000: 2536.146: [GC [PSYoungGen: 296776K->1416K(289280K)] 802074K->506787K(976256K), 0.0095960 secs] [Times: user=0.06 sys=0.00, real=0.01 secs] 
2014-07-08T08:45:31.535+0000: 2537.084: [GC [PSYoungGen: 289224K->1210K(281472K)] 794595K->506660K(968448K), 0.0041280 secs] [Times: user=0.02 sys=0.00, real=0.01 secs] 
2014-07-08T08:45:32.494+0000: 2538.043: [GC [PSYoungGen: 281466K->918K(273920K)] 786916K->506440K(960896K), 0.0079060 secs] [Times: user=0.06 sys=0.00, real=0.01 secs] 
2014-07-08T08:45:33.346+0000: 2538.895: [GC [PSYoungGen: 273844K->1648K(267648K)] 779367K->507219K(954624K), 0.0090510 secs] [Times: user=0.03 sys=0.00, real=0.01 secs] 
2014-07-08T08:45:34.129+0000: 2539.679: [GC [PSYoungGen: 267585K->1484K(320768K)] 773156K->507126K(1007744K), 0.0130400 secs] [Times: user=0.09 sys=0.00, real=0.01 secs] 
2014-07-08T08:45:35.151+0000: 2540.700: [GC [PSYoungGen: 320716K->958K(384064K)] 826358K->506800K(1071040K), 0.0109760 secs] [Times: user=0.07 sys=0.00, real=0.01 secs] 
2014-07-08T08:45:36.472+0000: 2542.021: [GC [PSYoungGen: 384040K->1278K(372992K)] 889883K->507192K(1059968K), 0.0076080 secs] [Times: user=0.05 sys=0.00, real=0.00 secs] 
2014-07-08T08:45:37.649+0000: 2543.198: [GC [PSYoungGen: 372943K->1503K(362304K)] 878858K->507530K(1049280K), 0.0067530 secs] [Times: user=0.04 sys=0.01, real=0.01 secs] 
2014-07-08T08:45:38.754+0000: 2544.303: [GC [PSYoungGen: 362271K->818K(351104K)] 868298K->506900K(1038080K), 0.0054720 secs] [Times: user=0.02 sys=0.00, real=0.00 secs] 
2014-07-08T08:45:39.811+0000: 2545.360: [GC [PSYoungGen: 351090K->932K(341184K)] 857172K->507102K(1028160K), 0.0071240 secs] [Times: user=0.04 sys=0.00, real=0.00 secs] 
2014-07-08T08:45:41.090+0000: 2546.639: [GC [PSYoungGen: 341147K->1224K(331840K)] 847318K->507442K(1018816K), 0.0052940 secs] [Times: user=0.02 sys=0.00, real=0.01 secs] 
2014-07-08T08:45:42.287+0000: 2547.836: [GC [PSYoungGen: 331784K->1406K(322688K)] 838002K->507680K(1009664K), 0.0120310 secs] [Times: user=0.09 sys=0.00, real=0.01 secs] 
2014-07-08T08:45:43.278+0000: 2548.828: [GC [PSYoungGen: 322686K->1534K(313920K)] 828960K->507881K(1000896K), 0.0089850 secs] [Times: user=0.06 sys=0.00, real=0.01 secs] 
2014-07-08T08:45:44.360+0000: 2549.909: [GC [PSYoungGen: 313918K->954K(304832K)] 820265K->507516K(991808K), 0.0040830 secs] [Times: user=0.03 sys=0.00, real=0.01 secs] 
2014-07-08T08:45:45.401+0000: 2550.950: [GC [PSYoungGen: 304803K->1912K(297600K)] 811366K->508725K(984576K), 0.0067170 secs] [Times: user=0.03 sys=0.00, real=0.00 secs] 
2014-07-08T08:45:46.386+0000: 2551.935: [GC [PSYoungGen: 297511K->997K(288832K)] 804324K->508748K(975808K), 0.0043100 secs] [Times: user=0.02 sys=0.00, real=0.00 secs] 
2014-07-08T08:45:47.365+0000: 2552.914: [GC [PSYoungGen: 288805K->1720K(281984K)] 796556K->509527K(968960K), 0.0040090 secs] [Times: user=0.02 sys=0.00, real=0.00 secs] 
2014-07-08T08:45:48.235+0000: 2553.784: [GC [PSYoungGen: 281976K->1432K(274432K)] 789783K->509611K(961408K), 0.0107230 secs] [Times: user=0.07 sys=0.00, real=0.01 secs] 
2014-07-08T08:45:49.060+0000: 2554.610: [GC [PSYoungGen: 274387K->1440K(267456K)] 782566K->509683K(954432K), 0.0089900 secs] [Times: user=0.06 sys=0.01, real=0.01 secs] 
2014-07-08T08:45:49.853+0000: 2555.402: [GC [PSYoungGen: 267424K->1302K(260608K)] 775667K->509633K(947584K), 0.0083140 secs] [Times: user=0.06 sys=0.00, real=0.00 secs] 
2014-07-08T08:45:50.782+0000: 2556.331: [GC [PSYoungGen: 260566K->1168K(254016K)] 768897K->509563K(940992K), 0.0037290 secs] [Times: user=0.02 sys=0.00, real=0.01 secs] 
2014-07-08T08:45:51.582+0000: 2557.131: [GC [PSYoungGen: 253968K->1160K(247808K)] 762363K->509651K(934784K), 0.0087200 secs] [Times: user=0.05 sys=0.01, real=0.00 secs] 
2014-07-08T08:45:52.526+0000: 2558.076: [GC [PSYoungGen: 247752K->1150K(241728K)] 756243K->509697K(928704K), 0.0045840 secs] [Times: user=0.03 sys=0.00, real=0.00 secs] 
2014-07-08T08:45:53.225+0000: 2558.774: [GC [PSYoungGen: 241726K->1328K(236160K)] 750273K->509955K(923136K), 0.0077010 secs] [Times: user=0.05 sys=0.00, real=0.01 secs] 
2014-07-08T08:45:53.829+0000: 2559.379: [GC [PSYoungGen: 236144K->1007K(230272K)] 744771K->509698K(917248K), 0.0046560 secs] [Times: user=0.02 sys=0.00, real=0.01 secs] 
2014-07-08T08:45:54.651+0000: 2560.201: [GC [PSYoungGen: 230254K->1622K(225536K)] 738946K->510378K(912512K), 0.0042730 secs] [Times: user=0.02 sys=0.00, real=0.01 secs] 
2014-07-08T08:45:55.487+0000: 2561.036: [GC [PSYoungGen: 225494K->1406K(220096K)] 734250K->510233K(907072K), 0.0058270 secs] [Times: user=0.02 sys=0.00, real=0.00 secs] 
2014-07-08T08:45:56.155+0000: 2561.704: [GC [PSYoungGen: 220056K->1068K(214784K)] 728884K->510177K(901760K), 0.0109280 secs] [Times: user=0.07 sys=0.00, real=0.01 secs] 
2014-07-08T08:45:56.804+0000: 2562.354: [GC [PSYoungGen: 214764K->1310K(210240K)] 723873K->510491K(897216K), 0.0042690 secs] [Times: user=0.02 sys=0.00, real=0.00 secs] 
2014-07-08T08:45:57.598+0000: 2563.147: [GC [PSYoungGen: 210206K->1450K(205696K)] 719387K->510817K(892672K), 0.0060060 secs] [Times: user=0.04 sys=0.00, real=0.01 secs] 
2014-07-08T08:45:58.253+0000: 2563.803: [GC [PSYoungGen: 205674K->1278K(201024K)] 715041K->510693K(888000K), 0.0094660 secs] [Times: user=0.06 sys=0.00, real=0.01 secs] 
2014-07-08T08:45:58.831+0000: 2564.380: [GC [PSYoungGen: 201000K->1007K(240768K)] 710415K->510510K(927744K), 0.0090890 secs] [Times: user=0.07 sys=0.00, real=0.01 secs] 
2014-07-08T08:45:59.702+0000: 2565.252: [GC [PSYoungGen: 240751K->1548K(289344K)] 750254K->511115K(976320K), 0.0079560 secs] [Times: user=0.05 sys=0.01, real=0.01 secs] 
2014-07-08T08:46:00.635+0000: 2566.185: [GC [PSYoungGen: 289292K->1022K(281216K)] 798859K->510703K(968192K), 0.0039700 secs] [Times: user=0.02 sys=0.00, real=0.00 secs] 
2014-07-08T08:46:01.506+0000: 2567.055: [GC [PSYoungGen: 281214K->1136K(274048K)] 790895K->510905K(961024K), 0.0060550 secs] [Times: user=0.03 sys=0.00, real=0.00 secs] 
2014-07-08T08:46:02.452+0000: 2568.001: [GC [PSYoungGen: 274032K->1588K(267520K)] 783801K->511625K(954496K), 0.0077260 secs] [Times: user=0.06 sys=0.00, real=0.01 secs] 
2014-07-08T08:46:03.314+0000: 2568.863: [GC [PSYoungGen: 267508K->1488K(260736K)] 777545K->511581K(947712K), 0.0058330 secs] [Times: user=0.04 sys=0.00, real=0.01 secs] 
2014-07-08T08:46:04.056+0000: 2569.606: [GC [PSYoungGen: 260688K->886K(253632K)] 770781K->511351K(940608K), 0.0078100 secs] [Times: user=0.04 sys=0.01, real=0.01 secs] 
2014-07-08T08:46:04.933+0000: 2570.482: [GC [PSYoungGen: 253622K->1919K(248448K)] 764087K->512456K(935424K), 0.0045120 secs] [Times: user=0.02 sys=0.00, real=0.01 secs] 
2014-07-08T08:46:05.714+0000: 2571.263: [GC [PSYoungGen: 248447K->1028K(241600K)] 758984K->512027K(928576K), 0.0040520 secs] [Times: user=0.03 sys=0.00, real=0.00 secs] 
2014-07-08T08:46:06.638+0000: 2572.187: [GC [PSYoungGen: 241535K->1404K(236160K)] 752535K->512459K(923136K), 0.0044660 secs] [Times: user=0.02 sys=0.00, real=0.00 secs] 
2014-07-08T08:46:07.515+0000: 2573.064: [GC [PSYoungGen: 236156K->1592K(230784K)] 747211K->512743K(917760K), 0.0106450 secs] [Times: user=0.07 sys=0.01, real=0.01 secs] 
2014-07-08T08:46:08.232+0000: 2573.781: [GC [PSYoungGen: 230776K->1288K(225152K)] 741927K->512519K(912128K), 0.0087440 secs] [Times: user=0.05 sys=0.00, real=0.01 secs] 
2014-07-08T08:46:09.163+0000: 2574.712: [GC [PSYoungGen: 225096K->1191K(219840K)] 736327K->512855K(906816K), 0.0090080 secs] [Times: user=0.07 sys=0.00, real=0.01 secs] 
2014-07-08T08:46:09.805+0000: 2575.355: [GC [PSYoungGen: 219815K->1364K(215040K)] 731479K->513091K(902016K), 0.0037800 secs] [Times: user=0.02 sys=0.00, real=0.00 secs] 
2014-07-08T08:46:10.588+0000: 2576.137: [GC [PSYoungGen: 214996K->1452K(257856K)] 726723K->513334K(944832K), 0.0126960 secs] [Times: user=0.08 sys=0.00, real=0.01 secs] 
2014-07-08T08:46:11.471+0000: 2577.021: [GC [PSYoungGen: 257836K->1196K(308928K)] 769718K->513165K(995904K), 0.0118980 secs] [Times: user=0.08 sys=0.00, real=0.01 secs] 
2014-07-08T08:46:12.614+0000: 2578.163: [GC [PSYoungGen: 308908K->1312K(370624K)] 820877K->513678K(1057600K), 0.0108060 secs] [Times: user=0.08 sys=0.00, real=0.01 secs] 
2014-07-08T08:46:13.809+0000: 2579.358: [GC [PSYoungGen: 370592K->1374K(359872K)] 882958K->513811K(1046848K), 0.0038290 secs] [Times: user=0.02 sys=0.00, real=0.00 secs] 
2014-07-08T08:46:14.918+0000: 2580.468: [GC [PSYoungGen: 359838K->1278K(349376K)] 872275K->514061K(1036352K), 0.0077330 secs] [Times: user=0.05 sys=0.00, real=0.01 secs] 
2014-07-08T08:46:16.077+0000: 2581.627: [GC [PSYoungGen: 349369K->1360K(339520K)] 862153K->514208K(1026496K), 0.0064040 secs] [Times: user=0.03 sys=0.01, real=0.00 secs] 
2014-07-08T08:46:17.276+0000: 2582.825: [GC [PSYoungGen: 339472K->1028K(329664K)] 852320K->513931K(1016640K), 0.0044570 secs] [Times: user=0.02 sys=0.00, real=0.01 secs] 
2014-07-08T08:46:18.508+0000: 2584.058: [GC [PSYoungGen: 329604K->1494K(320960K)] 842507K->514501K(1007936K), 0.0088670 secs] [Times: user=0.07 sys=0.00, real=0.01 secs] 
2014-07-08T08:46:19.542+0000: 2585.091: [GC [PSYoungGen: 320918K->1310K(311936K)] 833925K->514405K(998912K), 0.0058800 secs] [Times: user=0.04 sys=0.01, real=0.01 secs] 
2014-07-08T08:46:20.571+0000: 2586.121: [GC [PSYoungGen: 311902K->836K(303040K)] 824997K->514003K(990016K), 0.0077940 secs] [Times: user=0.06 sys=0.00, real=0.01 secs] 
2014-07-08T08:46:21.557+0000: 2587.106: [GC [PSYoungGen: 302933K->1310K(295360K)] 816101K->514526K(982336K), 0.0092910 secs] [Times: user=0.05 sys=0.00, real=0.00 secs] 
2014-07-08T08:46:22.657+0000: 2588.207: [GC [PSYoungGen: 295326K->1426K(287680K)] 808542K->514714K(974656K), 0.0041340 secs] [Times: user=0.03 sys=0.00, real=0.00 secs] 
2014-07-08T08:46:23.667+0000: 2589.216: [GC [PSYoungGen: 287600K->1068K(279808K)] 800888K->514952K(966784K), 0.0074960 secs] [Times: user=0.03 sys=0.00, real=0.01 secs] 
2014-07-08T08:46:24.554+0000: 2590.103: [GC [PSYoungGen: 279788K->1520K(273024K)] 793672K->515468K(960000K), 0.0054430 secs] [Times: user=0.02 sys=0.00, real=0.01 secs] 
2014-07-08T08:46:25.404+0000: 2590.954: [GC [PSYoungGen: 273008K->1377K(265984K)] 786956K->515903K(952960K), 0.0089080 secs] [Times: user=0.06 sys=0.00, real=0.01 secs] 
2014-07-08T08:46:26.168+0000: 2591.717: [GC [PSYoungGen: 265953K->1320K(318848K)] 780479K->515878K(1005824K), 0.0206660 secs] [Times: user=0.11 sys=0.00, real=0.02 secs] 
2014-07-08T08:46:27.191+0000: 2592.741: [GC [PSYoungGen: 318824K->1528K(369216K)] 833382K->516445K(1056192K), 0.0199100 secs] [Times: user=0.13 sys=0.00, real=0.02 secs] 
2014-07-08T08:46:28.513+0000: 2594.063: [GC [PSYoungGen: 369208K->1060K(369856K)] 884125K->516080K(1056832K), 0.0102890 secs] [Times: user=0.07 sys=0.01, real=0.01 secs] 
2014-07-08T08:46:29.632+0000: 2595.181: [GC [PSYoungGen: 368740K->1286K(443264K)] 883760K->516387K(1130240K), 0.0059960 secs] [Times: user=0.03 sys=0.00, real=0.01 secs] 
2014-07-08T08:46:31.013+0000: 2596.563: [GC [PSYoungGen: 442460K->1046K(428416K)] 957561K->516194K(1115392K), 0.0110040 secs] [Times: user=0.07 sys=0.00, real=0.01 secs] 
2014-07-08T08:46:32.474+0000: 2598.024: [GC [PSYoungGen: 428374K->1146K(415168K)] 943522K->516422K(1102144K), 0.0085160 secs] [Times: user=0.06 sys=0.00, real=0.01 secs] 
2014-07-08T08:46:33.859+0000: 2599.408: [GC [PSYoungGen: 415162K->1174K(402496K)] 930438K->516522K(1089472K), 0.0071040 secs] [Times: user=0.04 sys=0.00, real=0.01 secs] 
2014-07-08T08:46:35.160+0000: 2600.709: [GC [PSYoungGen: 402454K->1776K(390912K)] 917802K->517287K(1077888K), 0.0094800 secs] [Times: user=0.06 sys=0.00, real=0.01 secs] 
2014-07-08T08:46:36.499+0000: 2602.048: [GC [PSYoungGen: 390896K->1929K(379456K)] 906407K->517528K(1066432K), 0.0042490 secs] [Times: user=0.03 sys=0.00, real=0.00 secs] 
2014-07-08T08:46:37.849+0000: 2603.398: [GC [PSYoungGen: 379374K->636K(366912K)] 894973K->517371K(1053888K), 0.0093100 secs] [Times: user=0.06 sys=0.00, real=0.00 secs] 
2014-07-08T08:46:39.005+0000: 2604.555: [GC [PSYoungGen: 366908K->2032K(357632K)] 883643K->518840K(1044608K), 0.0081420 secs] [Times: user=0.05 sys=0.00, real=0.01 secs] 
2014-07-08T08:46:40.167+0000: 2605.716: [GC [PSYoungGen: 357611K->1490K(428288K)] 874418K->518907K(1115264K), 0.0265620 secs] [Times: user=0.17 sys=0.00, real=0.03 secs] 
2014-07-08T08:46:41.571+0000: 2607.120: [GC [PSYoungGen: 428194K->1096K(414656K)] 945611K->518585K(1101632K), 0.0049690 secs] [Times: user=0.02 sys=0.00, real=0.00 secs] 
2014-07-08T08:46:42.938+0000: 2608.488: [GC [PSYoungGen: 414600K->1114K(401920K)] 932089K->518651K(1088896K), 0.0041120 secs] [Times: user=0.02 sys=0.00, real=0.01 secs] 
2014-07-08T08:46:44.277+0000: 2609.826: [GC [PSYoungGen: 401882K->1546K(390208K)] 919419K->519180K(1077184K), 0.0090600 secs] [Times: user=0.06 sys=0.00, real=0.01 secs] 
2014-07-08T08:46:45.609+0000: 2611.158: [GC [PSYoungGen: 390154K->1274K(378240K)] 907788K->518979K(1065216K), 0.0049000 secs] [Times: user=0.02 sys=0.00, real=0.01 secs] 
2014-07-08T08:46:46.783+0000: 2612.332: [GC [PSYoungGen: 378234K->1214K(367040K)] 895939K->518999K(1054016K), 0.0046730 secs] [Times: user=0.03 sys=0.00, real=0.00 secs] 
2014-07-08T08:46:48.141+0000: 2613.691: [GC [PSYoungGen: 367038K->1356K(356544K)] 884823K->519213K(1043520K), 0.0085240 secs] [Times: user=0.05 sys=0.00, real=0.00 secs] 
2014-07-08T08:46:49.290+0000: 2614.840: [GC [PSYoungGen: 356492K->1574K(346496K)] 874349K->519511K(1033472K), 0.0048650 secs] [Times: user=0.03 sys=0.00, real=0.01 secs] 
2014-07-08T08:46:50.487+0000: 2616.036: [GC [PSYoungGen: 346470K->1402K(336448K)] 864407K->519460K(1023424K), 0.0041790 secs] [Times: user=0.03 sys=0.00, real=0.01 secs] 
2014-07-08T08:46:51.561+0000: 2617.110: [GC [PSYoungGen: 336441K->1894K(327552K)] 854498K->520048K(1014528K), 0.0116780 secs] [Times: user=0.08 sys=0.00, real=0.01 secs] 
2014-07-08T08:46:52.616+0000: 2618.165: [GC [PSYoungGen: 327518K->943K(317504K)] 845671K->519266K(1004480K), 0.0043130 secs] [Times: user=0.02 sys=0.00, real=0.00 secs] 
2014-07-08T08:46:53.641+0000: 2619.191: [GC [PSYoungGen: 317487K->968K(308864K)] 835810K->519355K(995840K), 0.0056690 secs] [Times: user=0.04 sys=0.00, real=0.01 secs] 
2014-07-08T08:46:54.593+0000: 2620.142: [GC [PSYoungGen: 308781K->1086K(300608K)] 827169K->519595K(987584K), 0.0038360 secs] [Times: user=0.01 sys=0.01, real=0.00 secs] 
2014-07-08T08:46:55.598+0000: 2621.148: [GC [PSYoungGen: 300606K->1118K(292672K)] 819115K->519715K(979648K), 0.0040750 secs] [Times: user=0.02 sys=0.00, real=0.01 secs] 
2014-07-08T08:46:56.592+0000: 2622.142: [GC [PSYoungGen: 292598K->1328K(285184K)] 811196K->520029K(972160K), 0.0067680 secs] [Times: user=0.05 sys=0.00, real=0.00 secs] 
2014-07-08T08:46:57.537+0000: 2623.086: [GC [PSYoungGen: 285168K->1292K(277760K)] 803869K->520065K(964736K), 0.0047360 secs] [Times: user=0.02 sys=0.00, real=0.00 secs] 
2014-07-08T08:46:58.490+0000: 2624.040: [GC [PSYoungGen: 277686K->1400K(270720K)] 796460K->520253K(957696K), 0.0038300 secs] [Times: user=0.02 sys=0.00, real=0.01 secs] 
2014-07-08T08:46:59.464+0000: 2625.013: [GC [PSYoungGen: 270688K->1904K(264384K)] 789541K->520830K(951360K), 0.0046260 secs] [Times: user=0.03 sys=0.00, real=0.00 secs] 
2014-07-08T08:47:00.254+0000: 2625.803: [GC [PSYoungGen: 264368K->680K(256576K)] 783294K->520573K(943552K), 0.0121560 secs] [Times: user=0.07 sys=0.00, real=0.01 secs] 
2014-07-08T08:47:00.977+0000: 2626.526: [GC [PSYoungGen: 256536K->1346K(250944K)] 776429K->521304K(937920K), 0.0082150 secs] [Times: user=0.06 sys=0.00, real=0.01 secs] 
2014-07-08T08:47:01.868+0000: 2627.417: [GC [PSYoungGen: 250882K->946K(244416K)] 770840K->521187K(931392K), 0.0081630 secs] [Times: user=0.06 sys=0.00, real=0.01 secs] 
2014-07-08T08:47:02.649+0000: 2628.198: [GC [PSYoungGen: 244402K->1204K(238784K)] 764643K->521502K(925760K), 0.0040830 secs] [Times: user=0.03 sys=0.00, real=0.00 secs] 
2014-07-08T08:47:03.562+0000: 2629.112: [GC [PSYoungGen: 238754K->1801K(233728K)] 759052K->522187K(920704K), 0.0121230 secs] [Times: user=0.07 sys=0.01, real=0.02 secs] 
2014-07-08T08:47:04.235+0000: 2629.784: [GC [PSYoungGen: 233673K->1252K(227712K)] 754059K->521678K(914688K), 0.0081010 secs] [Times: user=0.03 sys=0.00, real=0.00 secs] 
2014-07-08T08:47:04.824+0000: 2630.373: [GC [PSYoungGen: 227684K->1214K(222400K)] 748110K->521728K(909376K), 0.0038250 secs] [Times: user=0.02 sys=0.00, real=0.00 secs] 
2014-07-08T08:47:05.741+0000: 2631.290: [GC [PSYoungGen: 222398K->1356K(217536K)] 742912K->521958K(904512K), 0.0066390 secs] [Times: user=0.05 sys=0.00, real=0.01 secs] 
2014-07-08T08:47:06.457+0000: 2632.006: [GC [PSYoungGen: 217484K->1054K(212288K)] 738086K->521712K(899264K), 0.0041780 secs] [Times: user=0.03 sys=0.00, real=0.00 secs] 
2014-07-08T08:47:07.065+0000: 2632.614: [GC [PSYoungGen: 212254K->1476K(208000K)] 732912K->522206K(894976K), 0.0065330 secs] [Times: user=0.04 sys=0.00, real=0.00 secs] 
2014-07-08T08:47:07.761+0000: 2633.311: [GC [PSYoungGen: 207940K->1122K(203072K)] 728670K->521908K(890048K), 0.0059830 secs] [Times: user=0.02 sys=0.01, real=0.01 secs] 
2014-07-08T08:47:08.581+0000: 2634.130: [GC [PSYoungGen: 203042K->1510K(199040K)] 723828K->522376K(886016K), 0.0057710 secs] [Times: user=0.03 sys=0.00, real=0.01 secs] 
2014-07-08T08:47:09.169+0000: 2634.719: [GC [PSYoungGen: 198979K->1228K(194560K)] 719845K->522134K(881536K), 0.0047520 secs] [Times: user=0.02 sys=0.01, real=0.01 secs] 
2014-07-08T08:47:09.722+0000: 2635.271: [GC [PSYoungGen: 194506K->936K(190144K)] 715412K->521897K(877120K), 0.0072620 secs] [Times: user=0.05 sys=0.00, real=0.01 secs] 
2014-07-08T08:47:10.467+0000: 2636.017: [GC [PSYoungGen: 190101K->1584K(186816K)] 711063K->522650K(873792K), 0.0047620 secs] [Times: user=0.02 sys=0.00, real=0.00 secs] 
2014-07-08T08:47:10.999+0000: 2636.548: [GC [PSYoungGen: 186779K->1502K(223808K)] 707845K->522640K(910784K), 0.0096840 secs] [Times: user=0.06 sys=0.00, real=0.01 secs] 
2014-07-08T08:47:11.739+0000: 2637.288: [GC [PSYoungGen: 223774K->879K(267648K)] 744912K->522169K(954624K), 0.0080020 secs] [Times: user=0.05 sys=0.00, real=0.01 secs] 
2014-07-08T08:47:12.622+0000: 2638.171: [GC [PSYoungGen: 267631K->818K(320960K)] 788921K->522147K(1007936K), 0.0124040 secs] [Times: user=0.08 sys=0.00, real=0.02 secs] 
2014-07-08T08:47:13.671+0000: 2639.221: [GC [PSYoungGen: 320944K->1122K(312448K)] 842274K->522532K(999424K), 0.0047920 secs] [Times: user=0.02 sys=0.00, real=0.01 secs] 
2014-07-08T08:47:14.642+0000: 2640.191: [GC [PSYoungGen: 312418K->736K(303552K)] 833828K->522217K(990528K), 0.0084780 secs] [Times: user=0.05 sys=0.00, real=0.01 secs] 
2014-07-08T08:47:15.698+0000: 2641.247: [GC [PSYoungGen: 303520K->950K(295616K)] 825001K->522519K(982592K), 0.0095760 secs] [Times: user=0.06 sys=0.00, real=0.01 secs] 
2014-07-08T08:47:16.651+0000: 2642.200: [GC [PSYoungGen: 295606K->1282K(288192K)] 817175K->522940K(975168K), 0.0086790 secs] [Times: user=0.04 sys=0.01, real=0.01 secs] 
2014-07-08T08:47:17.544+0000: 2643.094: [GC [PSYoungGen: 288130K->1136K(280448K)] 809788K->522874K(967424K), 0.0059560 secs] [Times: user=0.04 sys=0.00, real=0.01 secs] 
2014-07-08T08:47:18.568+0000: 2644.118: [GC [PSYoungGen: 280432K->1814K(273920K)] 802170K->523608K(960896K), 0.0064160 secs] [Times: user=0.04 sys=0.00, real=0.00 secs] 
2014-07-08T08:47:19.408+0000: 2644.958: [GC [PSYoungGen: 273878K->764K(265856K)] 795672K->523272K(952832K), 0.0084640 secs] [Times: user=0.06 sys=0.00, real=0.01 secs] 
2014-07-08T08:47:20.292+0000: 2645.842: [GC [PSYoungGen: 265851K->1730K(319936K)] 788359K->524318K(1006912K), 0.0190310 secs] [Times: user=0.11 sys=0.01, real=0.02 secs] 
2014-07-08T08:47:21.279+0000: 2646.828: [GC [PSYoungGen: 319874K->1562K(383424K)] 842462K->524526K(1070400K), 0.0110760 secs] [Times: user=0.07 sys=0.00, real=0.01 secs] 
2014-07-08T08:47:22.525+0000: 2648.074: [GC [PSYoungGen: 383386K->1346K(403264K)] 906350K->524390K(1090240K), 0.0110990 secs] [Times: user=0.07 sys=0.00, real=0.01 secs] 
2014-07-08T08:47:23.768+0000: 2649.317: [GC [PSYoungGen: 402434K->968K(460288K)] 925478K->524076K(1147264K), 0.0114250 secs] [Times: user=0.09 sys=0.00, real=0.01 secs] 
2014-07-08T08:47:25.422+0000: 2650.972: [GC [PSYoungGen: 459208K->1580K(445184K)] 982316K->524752K(1132160K), 0.0090880 secs] [Times: user=0.06 sys=0.00, real=0.01 secs] 
2014-07-08T08:47:26.719+0000: 2652.268: [GC [PSYoungGen: 445164K->494K(430080K)] 968336K->524266K(1117056K), 0.0062270 secs] [Times: user=0.03 sys=0.01, real=0.00 secs] 
2014-07-08T08:47:28.006+0000: 2653.556: [GC [PSYoungGen: 430062K->1614K(417856K)] 953834K->525426K(1104832K), 0.0058090 secs] [Times: user=0.02 sys=0.00, real=0.01 secs] 
2014-07-08T08:47:29.575+0000: 2655.124: [GC [PSYoungGen: 417806K->1107K(404544K)] 941618K->525421K(1091520K), 0.0054250 secs] [Times: user=0.03 sys=0.00, real=0.01 secs] 
2014-07-08T08:47:30.841+0000: 2656.390: [GC [PSYoungGen: 404499K->1086K(392192K)] 928813K->525472K(1079168K), 0.0061100 secs] [Times: user=0.03 sys=0.00, real=0.01 secs] 
2014-07-08T08:47:32.077+0000: 2657.626: [GC [PSYoungGen: 392190K->1388K(380736K)] 916576K->525854K(1067712K), 0.0091690 secs] [Times: user=0.06 sys=0.00, real=0.00 secs] 
2014-07-08T08:47:33.404+0000: 2658.954: [GC [PSYoungGen: 380716K->1316K(369408K)] 905182K->525846K(1056384K), 0.0119190 secs] [Times: user=0.08 sys=0.00, real=0.01 secs] 
2014-07-08T08:47:34.752+0000: 2660.301: [GC [PSYoungGen: 369343K->1278K(358528K)] 893873K->525888K(1045504K), 0.0048210 secs] [Times: user=0.02 sys=0.00, real=0.00 secs] 
2014-07-08T08:47:35.897+0000: 2661.446: [GC [PSYoungGen: 358526K->954K(347840K)] 883136K->525620K(1034816K), 0.0043330 secs] [Times: user=0.02 sys=0.01, real=0.01 secs] 
2014-07-08T08:47:37.074+0000: 2662.623: [GC [PSYoungGen: 347833K->1156K(338176K)] 872500K->525894K(1025152K), 0.0105510 secs] [Times: user=0.07 sys=0.00, real=0.01 secs] 
2014-07-08T08:47:38.271+0000: 2663.821: [GC [PSYoungGen: 338116K->1310K(328768K)] 862854K->526112K(1015744K), 0.0083710 secs] [Times: user=0.05 sys=0.00, real=0.01 secs] 
2014-07-08T08:47:39.524+0000: 2665.073: [GC [PSYoungGen: 328734K->1186K(319488K)] 853536K->526152K(1006464K), 0.0040670 secs] [Times: user=0.02 sys=0.00, real=0.00 secs] 
2014-07-08T08:47:40.530+0000: 2666.079: [GC [PSYoungGen: 319458K->790K(310336K)] 844424K->525804K(997312K), 0.0049460 secs] [Times: user=0.03 sys=0.01, real=0.00 secs] 
2014-07-08T08:47:41.541+0000: 2667.090: [GC [PSYoungGen: 310294K->1504K(302656K)] 835308K->526567K(989632K), 0.0047870 secs] [Times: user=0.02 sys=0.01, real=0.00 secs] 
2014-07-08T08:47:42.471+0000: 2668.021: [GC [PSYoungGen: 302624K->1160K(294272K)] 827687K->526278K(981248K), 0.0055630 secs] [Times: user=0.02 sys=0.00, real=0.00 secs] 
2014-07-08T08:47:43.368+0000: 2668.918: [GC [PSYoungGen: 294216K->996K(286336K)] 819334K->526778K(973312K), 0.0144510 secs] [Times: user=0.08 sys=0.00, real=0.02 secs] 
2014-07-08T08:47:44.429+0000: 2669.978: [GC [PSYoungGen: 286308K->1916K(279744K)] 812090K->527858K(966720K), 0.0070140 secs] [Times: user=0.04 sys=0.01, real=0.00 secs] 
2014-07-08T08:47:45.252+0000: 2670.802: [GC [PSYoungGen: 279740K->958K(271616K)] 805682K->527842K(958592K), 0.0142190 secs] [Times: user=0.09 sys=0.00, real=0.01 secs] 
2014-07-08T08:47:46.126+0000: 2671.675: [GC [PSYoungGen: 271575K->2171K(265920K)] 798460K->529186K(952896K), 0.0080760 secs] [Times: user=0.05 sys=0.00, real=0.01 secs] 
2014-07-08T08:47:46.926+0000: 2672.475: [GC [PSYoungGen: 265915K->1398K(317952K)] 792930K->528743K(1004928K), 0.0191050 secs] [Times: user=0.13 sys=0.00, real=0.02 secs] 
2014-07-08T08:47:48.030+0000: 2673.580: [GC [PSYoungGen: 317942K->1488K(381440K)] 845287K->528873K(1068416K), 0.0151780 secs] [Times: user=0.09 sys=0.00, real=0.01 secs] 
2014-07-08T08:47:49.448+0000: 2674.997: [GC [PSYoungGen: 381392K->1598K(444992K)] 908777K->529063K(1131968K), 0.0062180 secs] [Times: user=0.04 sys=0.00, real=0.01 secs] 
2014-07-08T08:47:50.721+0000: 2676.271: [GC [PSYoungGen: 444606K->964K(430080K)] 972071K->528508K(1117056K), 0.0079160 secs] [Times: user=0.03 sys=0.01, real=0.00 secs] 
2014-07-08T08:47:52.155+0000: 2677.704: [GC [PSYoungGen: 430020K->1324K(417024K)] 957564K->529105K(1104000K), 0.0095130 secs] [Times: user=0.06 sys=0.00, real=0.01 secs] 
2014-07-08T08:47:53.630+0000: 2679.179: [GC [PSYoungGen: 417004K->1300K(404224K)] 944785K->529145K(1091200K), 0.0066450 secs] [Times: user=0.04 sys=0.00, real=0.01 secs] 
2014-07-08T08:47:54.947+0000: 2680.496: [GC [PSYoungGen: 404180K->1666K(392384K)] 932025K->529649K(1079360K), 0.0046200 secs] [Times: user=0.02 sys=0.00, real=0.01 secs] 
2014-07-08T08:47:56.365+0000: 2681.915: [GC [PSYoungGen: 392298K->1306K(380288K)] 920281K->529361K(1067264K), 0.0085280 secs] [Times: user=0.06 sys=0.00, real=0.01 secs] 
2014-07-08T08:47:57.657+0000: 2683.207: [GC [PSYoungGen: 380250K->1328K(369024K)] 908305K->529447K(1056000K), 0.0068050 secs] [Times: user=0.04 sys=0.00, real=0.01 secs] 
2014-07-08T08:47:58.724+0000: 2684.274: [GC [PSYoungGen: 368991K->1168K(358144K)] 897110K->529383K(1045120K), 0.0104590 secs] [Times: user=0.07 sys=0.00, real=0.01 secs] 
2014-07-08T08:47:59.908+0000: 2685.457: [GC [PSYoungGen: 358096K->1206K(347840K)] 886311K->529477K(1034816K), 0.0050820 secs] [Times: user=0.02 sys=0.00, real=0.01 secs] 
2014-07-08T08:48:01.041+0000: 2686.590: [GC [PSYoungGen: 347830K->1498K(338240K)] 876101K->529825K(1025216K), 0.0060650 secs] [Times: user=0.03 sys=0.00, real=0.01 secs] 
2014-07-08T08:48:02.364+0000: 2687.914: [GC [PSYoungGen: 338202K->1378K(328640K)] 866529K->529777K(1015616K), 0.0081460 secs] [Times: user=0.05 sys=0.00, real=0.01 secs] 
2014-07-08T08:48:03.460+0000: 2689.010: [GC [PSYoungGen: 328610K->1696K(319808K)] 857009K->530159K(1006784K), 0.0076010 secs] [Times: user=0.04 sys=0.01, real=0.01 secs] 
2014-07-08T08:48:04.455+0000: 2690.004: [GC [PSYoungGen: 319776K->868K(310208K)] 848239K->529769K(997184K), 0.0115350 secs] [Times: user=0.08 sys=0.01, real=0.01 secs] 
2014-07-08T08:48:05.460+0000: 2691.010: [GC [PSYoungGen: 310180K->1656K(302592K)] 839081K->530597K(989568K), 0.0058670 secs] [Times: user=0.03 sys=0.00, real=0.01 secs] 
2014-07-08T08:48:06.451+0000: 2692.000: [GC [PSYoungGen: 302584K->1466K(294336K)] 831525K->530611K(981312K), 0.0077480 secs] [Times: user=0.05 sys=0.01, real=0.01 secs] 
2014-07-08T08:48:07.438+0000: 2692.987: [GC [PSYoungGen: 294330K->1424K(286592K)] 823475K->530633K(973568K), 0.0047560 secs] [Times: user=0.03 sys=0.00, real=0.00 secs] 
2014-07-08T08:48:08.382+0000: 2693.932: [GC [PSYoungGen: 286544K->1084K(278784K)] 815753K->530563K(965760K), 0.0041910 secs] [Times: user=0.03 sys=0.00, real=0.01 secs] 
2014-07-08T08:48:09.314+0000: 2694.864: [GC [PSYoungGen: 278780K->1582K(272128K)] 808259K->531141K(959104K), 0.0089810 secs] [Times: user=0.06 sys=0.00, real=0.01 secs] 
2014-07-08T08:48:10.093+0000: 2695.642: [GC [PSYoungGen: 272110K->1206K(264832K)] 801669K->531023K(951808K), 0.0107620 secs] [Times: user=0.07 sys=0.00, real=0.02 secs] 
2014-07-08T08:48:10.954+0000: 2696.504: [GC [PSYoungGen: 264822K->1378K(317760K)] 794639K->531283K(1004736K), 0.0137830 secs] [Times: user=0.09 sys=0.00, real=0.01 secs] 
2014-07-08T08:48:12.093+0000: 2697.643: [GC [PSYoungGen: 317730K->1136K(308800K)] 847635K->531399K(995776K), 0.0041020 secs] [Times: user=0.02 sys=0.00, real=0.00 secs] 
2014-07-08T08:48:13.035+0000: 2698.585: [GC [PSYoungGen: 308784K->1060K(300416K)] 839047K->531411K(987392K), 0.0094350 secs] [Times: user=0.06 sys=0.00, real=0.01 secs] 
2014-07-08T08:48:14.131+0000: 2699.680: [GC [PSYoungGen: 300388K->1466K(292800K)] 830739K->531913K(979776K), 0.0099420 secs] [Times: user=0.07 sys=0.00, real=0.01 secs] 
2014-07-08T08:48:15.016+0000: 2700.566: [GC [PSYoungGen: 292794K->1164K(350848K)] 823241K->531675K(1037824K), 0.0206600 secs] [Times: user=0.13 sys=0.00, real=0.02 secs] 
2014-07-08T08:48:16.269+0000: 2701.818: [GC [PSYoungGen: 350796K->1064K(420672K)] 881307K->531855K(1107648K), 0.0084890 secs] [Times: user=0.06 sys=0.00, real=0.01 secs] 
2014-07-08T08:48:17.584+0000: 2703.133: [GC [PSYoungGen: 420648K->868K(407488K)] 951439K->531723K(1094464K), 0.0066540 secs] [Times: user=0.04 sys=0.00, real=0.00 secs] 
2014-07-08T08:48:18.820+0000: 2704.369: [GC [PSYoungGen: 407460K->1328K(395520K)] 938315K->532345K(1082496K), 0.0045740 secs] [Times: user=0.03 sys=0.00, real=0.01 secs] 
2014-07-08T08:48:20.210+0000: 2705.759: [GC [PSYoungGen: 395504K->1008K(383296K)] 926521K->532089K(1070272K), 0.0125780 secs] [Times: user=0.07 sys=0.00, real=0.01 secs] 
2014-07-08T08:48:21.543+0000: 2707.092: [GC [PSYoungGen: 383280K->972K(371904K)] 914361K->532109K(1058880K), 0.0090190 secs] [Times: user=0.06 sys=0.00, real=0.01 secs] 
2014-07-08T08:48:22.667+0000: 2708.217: [GC [PSYoungGen: 371825K->1320K(361344K)] 902962K->532521K(1048320K), 0.0092830 secs] [Times: user=0.06 sys=0.00, real=0.01 secs] 
2014-07-08T08:48:23.779+0000: 2709.328: [GC [PSYoungGen: 361320K->1405K(350976K)] 892521K->532732K(1037952K), 0.0059760 secs] [Times: user=0.03 sys=0.00, real=0.01 secs] 
2014-07-08T08:48:25.118+0000: 2710.667: [GC [PSYoungGen: 350943K->1850K(341376K)] 882270K->533289K(1028352K), 0.0084790 secs] [Times: user=0.06 sys=0.00, real=0.01 secs] 
2014-07-08T08:48:26.173+0000: 2711.722: [GC [PSYoungGen: 341370K->484K(330432K)] 872809K->532788K(1017408K), 0.0071790 secs] [Times: user=0.05 sys=0.00, real=0.01 secs] 
2014-07-08T08:48:27.258+0000: 2712.807: [GC [PSYoungGen: 330403K->1980K(322688K)] 862707K->534701K(1009664K), 0.0089190 secs] [Times: user=0.06 sys=0.00, real=0.01 secs] 
2014-07-08T08:48:28.348+0000: 2713.897: [GC [PSYoungGen: 322684K->1352K(313280K)] 855405K->534588K(1000256K), 0.0090180 secs] [Times: user=0.07 sys=0.01, real=0.01 secs] 
2014-07-08T08:48:29.399+0000: 2714.948: [GC [PSYoungGen: 313221K->2024K(305408K)] 846458K->535349K(992384K), 0.0076070 secs] [Times: user=0.03 sys=0.00, real=0.02 secs] 
2014-07-08T08:48:30.627+0000: 2716.176: [GC [PSYoungGen: 305384K->1075K(296256K)] 838709K->535250K(983232K), 0.0087590 secs] [Times: user=0.05 sys=0.00, real=0.00 secs] 
2014-07-08T08:48:31.552+0000: 2717.101: [GC [PSYoungGen: 296243K->1642K(288960K)] 830418K->535905K(975936K), 0.0073760 secs] [Times: user=0.05 sys=0.00, real=0.01 secs] 
2014-07-08T08:48:32.534+0000: 2718.083: [GC [PSYoungGen: 288938K->1206K(280960K)] 823201K->536155K(967936K), 0.0080760 secs] [Times: user=0.04 sys=0.00, real=0.01 secs] 
2014-07-08T08:48:33.448+0000: 2718.998: [GC [PSYoungGen: 280950K->1666K(274240K)] 815899K->536679K(961216K), 0.0043870 secs] [Times: user=0.02 sys=0.00, real=0.00 secs] 
2014-07-08T08:48:34.277+0000: 2719.827: [GC [PSYoungGen: 274177K->1837K(267392K)] 809190K->537014K(954368K), 0.0062180 secs] [Times: user=0.02 sys=0.00, real=0.00 secs] 
2014-07-08T08:48:35.397+0000: 2720.946: [GC [PSYoungGen: 267373K->1602K(260480K)] 802550K->536859K(947456K), 0.0151160 secs] [Times: user=0.11 sys=0.00, real=0.02 secs] 
2014-07-08T08:48:36.032+0000: 2721.581: [GC [PSYoungGen: 260418K->1068K(253440K)] 795675K->536421K(940416K), 0.0080840 secs] [Times: user=0.05 sys=0.00, real=0.01 secs] 
2014-07-08T08:48:36.866+0000: 2722.416: [GC [PSYoungGen: 253420K->1032K(303936K)] 788773K->536441K(990912K), 0.0103790 secs] [Times: user=0.07 sys=0.00, real=0.01 secs] 
2014-07-08T08:48:37.812+0000: 2723.362: [GC [PSYoungGen: 303846K->1199K(364672K)] 839255K->536696K(1051648K), 0.0103540 secs] [Times: user=0.06 sys=0.00, real=0.01 secs] 
2014-07-08T08:48:38.980+0000: 2724.530: [GC [PSYoungGen: 364654K->1032K(353920K)] 900151K->536617K(1040896K), 0.0042140 secs] [Times: user=0.02 sys=0.00, real=0.00 secs] 
2014-07-08T08:48:40.375+0000: 2725.925: [GC [PSYoungGen: 353864K->1470K(344128K)] 889449K->537135K(1031104K), 0.0058780 secs] [Times: user=0.03 sys=0.00, real=0.01 secs] 
2014-07-08T08:48:41.414+0000: 2726.963: [GC [PSYoungGen: 344085K->1310K(334272K)] 879750K->537039K(1021248K), 0.0059120 secs] [Times: user=0.03 sys=0.00, real=0.01 secs] 
2014-07-08T08:48:42.460+0000: 2728.010: [GC [PSYoungGen: 334238K->1388K(324992K)] 869967K->537157K(1011968K), 0.0062150 secs] [Times: user=0.03 sys=0.00, real=0.00 secs] 
2014-07-08T08:48:43.503+0000: 2729.052: [GC [PSYoungGen: 324972K->1196K(315840K)] 860741K->537029K(1002816K), 0.0073920 secs] [Times: user=0.05 sys=0.00, real=0.01 secs] 
2014-07-08T08:48:44.544+0000: 2730.094: [GC [PSYoungGen: 315820K->1406K(307392K)] 851653K->537311K(994368K), 0.0043120 secs] [Times: user=0.02 sys=0.00, real=0.01 secs] 
2014-07-08T08:48:45.531+0000: 2731.080: [GC [PSYoungGen: 307390K->1264K(299008K)] 843295K->537225K(985984K), 0.0097140 secs] [Times: user=0.07 sys=0.01, real=0.01 secs] 
2014-07-08T08:48:46.500+0000: 2732.049: [GC [PSYoungGen: 298967K->1285K(291136K)] 834928K->537334K(978112K), 0.0094230 secs] [Times: user=0.07 sys=0.00, real=0.01 secs] 
2014-07-08T08:48:47.489+0000: 2733.038: [GC [PSYoungGen: 291066K->1612K(283840K)] 827115K->537725K(970816K), 0.0083690 secs] [Times: user=0.05 sys=0.00, real=0.01 secs] 
2014-07-08T08:48:48.369+0000: 2733.919: [GC [PSYoungGen: 283788K->868K(339520K)] 819901K->537579K(1026496K), 0.0177500 secs] [Times: user=0.11 sys=0.00, real=0.01 secs] 
2014-07-08T08:48:49.442+0000: 2734.992: [GC [PSYoungGen: 339492K->1638K(330688K)] 876203K->538413K(1017664K), 0.0055590 secs] [Times: user=0.03 sys=0.00, real=0.00 secs] 
2014-07-08T08:48:50.634+0000: 2736.184: [GC [PSYoungGen: 330662K->1186K(321024K)] 867437K->538379K(1008000K), 0.0066300 secs] [Times: user=0.02 sys=0.00, real=0.01 secs] 
2014-07-08T08:48:51.712+0000: 2737.261: [GC [PSYoungGen: 320994K->1096K(312128K)] 858187K->538353K(999104K), 0.0046700 secs] [Times: user=0.03 sys=0.00, real=0.00 secs] 
2014-07-08T08:48:52.694+0000: 2738.243: [GC [PSYoungGen: 312072K->804K(303360K)] 849329K->538125K(990336K), 0.0103860 secs] [Times: user=0.07 sys=0.00, real=0.01 secs] 
2014-07-08T08:48:53.652+0000: 2739.202: [GC [PSYoungGen: 303332K->1168K(295616K)] 840653K->538561K(982592K), 0.0045260 secs] [Times: user=0.02 sys=0.01, real=0.00 secs] 
2014-07-08T08:48:54.682+0000: 2740.232: [GC [PSYoungGen: 295568K->1374K(288000K)] 832961K->538799K(974976K), 0.0049330 secs] [Times: user=0.02 sys=0.00, real=0.00 secs] 
2014-07-08T08:48:55.591+0000: 2741.140: [GC [PSYoungGen: 287955K->1482K(280640K)] 825380K->538980K(967616K), 0.0048220 secs] [Times: user=0.03 sys=0.00, real=0.00 secs] 
2014-07-08T08:48:56.489+0000: 2742.038: [GC [PSYoungGen: 280565K->940K(272832K)] 818063K->538517K(959808K), 0.0073480 secs] [Times: user=0.05 sys=0.00, real=0.01 secs] 
2014-07-08T08:48:57.296+0000: 2742.845: [GC [PSYoungGen: 272812K->1615K(266560K)] 810389K->539273K(953536K), 0.0066350 secs] [Times: user=0.03 sys=0.00, real=0.01 secs] 
2014-07-08T08:48:58.033+0000: 2743.582: [GC [PSYoungGen: 266506K->950K(259200K)] 804163K->538679K(946176K), 0.0091560 secs] [Times: user=0.06 sys=0.00, real=0.01 secs] 
2014-07-08T08:48:58.833+0000: 2744.382: [GC [PSYoungGen: 259169K->1239K(253120K)] 796898K->539040K(940096K), 0.0126970 secs] [Times: user=0.09 sys=0.00, real=0.01 secs] 
2014-07-08T08:48:59.774+0000: 2745.324: [GC [PSYoungGen: 253079K->1677K(303936K)] 790880K->539543K(990912K), 0.0095400 secs] [Times: user=0.07 sys=0.00, real=0.01 secs] 
2014-07-08T08:49:00.792+0000: 2746.342: [GC [PSYoungGen: 303885K->836K(294976K)] 841751K->538765K(981952K), 0.0062870 secs] [Times: user=0.03 sys=0.00, real=0.00 secs] 
2014-07-08T08:49:01.754+0000: 2747.303: [GC [PSYoungGen: 294916K->786K(287104K)] 832845K->538787K(974080K), 0.0039050 secs] [Times: user=0.02 sys=0.00, real=0.00 secs] 
2014-07-08T08:49:02.692+0000: 2748.242: [GC [PSYoungGen: 287058K->1004K(279808K)] 825059K->539069K(966784K), 0.0083330 secs] [Times: user=0.03 sys=0.00, real=0.00 secs] 
2014-07-08T08:49:03.630+0000: 2749.179: [GC [PSYoungGen: 279760K->1068K(272640K)] 817825K->539229K(959616K), 0.0078670 secs] [Times: user=0.06 sys=0.00, real=0.01 secs] 
2014-07-08T08:49:04.594+0000: 2750.144: [GC [PSYoungGen: 272620K->1314K(265984K)] 810781K->539563K(952960K), 0.0084350 secs] [Times: user=0.06 sys=0.00, real=0.01 secs] 
2014-07-08T08:49:05.495+0000: 2751.044: [GC [PSYoungGen: 265909K->1054K(259072K)] 804158K->539383K(946048K), 0.0069160 secs] [Times: user=0.05 sys=0.00, real=0.01 secs] 
2014-07-08T08:49:06.252+0000: 2751.802: [GC [PSYoungGen: 259001K->1278K(252864K)] 797330K->539695K(939840K), 0.0093500 secs] [Times: user=0.06 sys=0.00, real=0.00 secs] 
2014-07-08T08:49:06.964+0000: 2752.514: [GC [PSYoungGen: 252862K->1282K(246720K)] 791279K->539787K(933696K), 0.0068560 secs] [Times: user=0.04 sys=0.00, real=0.00 secs] 
2014-07-08T08:49:07.740+0000: 2753.289: [GC [PSYoungGen: 246596K->1263K(295744K)] 785101K->539816K(982720K), 0.0124230 secs] [Times: user=0.08 sys=0.01, real=0.02 secs] 
2014-07-08T08:49:08.687+0000: 2754.236: [GC [PSYoungGen: 295727K->1008K(287680K)] 834280K->539763K(974656K), 0.0054470 secs] [Times: user=0.04 sys=0.00, real=0.01 secs] 
2014-07-08T08:49:09.655+0000: 2755.204: [GC [PSYoungGen: 287664K->1004K(280192K)] 826419K->539831K(967168K), 0.0070100 secs] [Times: user=0.05 sys=0.00, real=0.00 secs] 
2014-07-08T08:49:10.591+0000: 2756.141: [GC [PSYoungGen: 280162K->914K(272896K)] 818990K->539821K(959872K), 0.0106900 secs] [Times: user=0.06 sys=0.00, real=0.02 secs] 
2014-07-08T08:49:11.438+0000: 2756.987: [GC [PSYoungGen: 272850K->886K(265856K)] 811757K->539881K(952832K), 0.0100970 secs] [Times: user=0.06 sys=0.00, real=0.01 secs] 
2014-07-08T08:49:12.222+0000: 2757.772: [GC [PSYoungGen: 265846K->1626K(319616K)] 804841K->540678K(1006592K), 0.0101780 secs] [Times: user=0.06 sys=0.00, real=0.01 secs] 
2014-07-08T08:49:13.254+0000: 2758.803: [GC [PSYoungGen: 319578K->1566K(310784K)] 858630K->540681K(997760K), 0.0085200 secs] [Times: user=0.06 sys=0.00, real=0.00 secs] 
2014-07-08T08:49:14.198+0000: 2759.748: [GC [PSYoungGen: 310702K->506K(371584K)] 849817K->540662K(1058560K), 0.0108930 secs] [Times: user=0.08 sys=0.00, real=0.01 secs] 
2014-07-08T08:49:15.495+0000: 2761.044: [GC [PSYoungGen: 371578K->1317K(361472K)] 911734K->541537K(1048448K), 0.0040950 secs] [Times: user=0.02 sys=0.01, real=0.00 secs] 
2014-07-08T08:49:16.635+0000: 2762.184: [GC [PSYoungGen: 361445K->1480K(351232K)] 901665K->542376K(1038208K), 0.0067990 secs] [Times: user=0.04 sys=0.00, real=0.00 secs] 
2014-07-08T08:49:17.679+0000: 2763.228: [GC [PSYoungGen: 351176K->786K(340480K)] 892072K->541769K(1027456K), 0.0079060 secs] [Times: user=0.05 sys=0.01, real=0.01 secs] 
2014-07-08T08:49:18.778+0000: 2764.328: [GC [PSYoungGen: 340434K->1206K(384960K)] 881417K->542254K(1071936K), 0.0266290 secs] [Times: user=0.18 sys=0.00, real=0.03 secs] 
2014-07-08T08:49:19.977+0000: 2765.527: [GC [PSYoungGen: 384630K->1064K(385344K)] 925678K->542191K(1072320K), 0.0079780 secs] [Times: user=0.05 sys=0.00, real=0.01 secs] 
2014-07-08T08:49:21.509+0000: 2767.058: [GC [PSYoungGen: 384488K->1444K(373440K)] 925615K->542644K(1060416K), 0.0066000 secs] [Times: user=0.04 sys=0.00, real=0.01 secs] 
2014-07-08T08:49:22.597+0000: 2768.146: [GC [PSYoungGen: 373412K->1054K(362112K)] 914612K->542318K(1049088K), 0.0038770 secs] [Times: user=0.02 sys=0.00, real=0.00 secs] 
2014-07-08T08:49:23.712+0000: 2769.262: [GC [PSYoungGen: 362078K->872K(351424K)] 903342K->542199K(1038400K), 0.0093570 secs] [Times: user=0.07 sys=0.00, real=0.01 secs] 
2014-07-08T08:49:24.958+0000: 2770.507: [GC [PSYoungGen: 351400K->872K(341376K)] 892727K->542231K(1028352K), 0.0064300 secs] [Times: user=0.03 sys=0.00, real=0.00 secs] 
2014-07-08T08:49:26.025+0000: 2771.574: [GC [PSYoungGen: 341352K->1004K(331840K)] 882711K->542436K(1018816K), 0.0083070 secs] [Times: user=0.05 sys=0.00, real=0.01 secs] 
2014-07-08T08:49:27.045+0000: 2772.594: [GC [PSYoungGen: 331820K->1150K(322688K)] 873251K->542670K(1009664K), 0.0064870 secs] [Times: user=0.04 sys=0.00, real=0.00 secs] 
2014-07-08T08:49:28.080+0000: 2773.629: [GC [PSYoungGen: 322679K->1460K(314112K)] 864199K->543140K(1001088K), 0.0061970 secs] [Times: user=0.03 sys=0.00, real=0.01 secs] 
2014-07-08T08:49:29.048+0000: 2774.598: [GC [PSYoungGen: 314100K->914K(305088K)] 855780K->542689K(992064K), 0.0086320 secs] [Times: user=0.04 sys=0.00, real=0.01 secs] 
2014-07-08T08:49:30.145+0000: 2775.695: [GC [PSYoungGen: 305042K->1338K(297280K)] 846817K->543262K(984256K), 0.0090860 secs] [Times: user=0.05 sys=0.00, real=0.00 secs] 
2014-07-08T08:49:31.127+0000: 2776.676: [GC [PSYoungGen: 297274K->1572K(289664K)] 839198K->543560K(976640K), 0.0119550 secs] [Times: user=0.07 sys=0.00, real=0.01 secs] 
2014-07-08T08:49:31.967+0000: 2777.516: [GC [PSYoungGen: 289636K->936K(281472K)] 831624K->543174K(968448K), 0.0045560 secs] [Times: user=0.03 sys=0.01, real=0.00 secs] 
2014-07-08T08:49:32.902+0000: 2778.452: [GC [PSYoungGen: 281448K->868K(274112K)] 823686K->543194K(961088K), 0.0045900 secs] [Times: user=0.02 sys=0.00, real=0.01 secs] 
2014-07-08T08:49:33.759+0000: 2779.309: [GC [PSYoungGen: 274084K->1312K(267584K)] 816410K->543750K(954560K), 0.0068150 secs] [Times: user=0.04 sys=0.00, real=0.01 secs] 
2014-07-08T08:49:34.695+0000: 2780.244: [GC [PSYoungGen: 267552K->1814K(261376K)] 809990K->544308K(948352K), 0.0082490 secs] [Times: user=0.05 sys=0.00, real=0.01 secs] 
2014-07-08T08:49:35.657+0000: 2781.206: [GC [PSYoungGen: 261316K->548K(253632K)] 803810K->543710K(940608K), 0.0074690 secs] [Times: user=0.05 sys=0.00, real=0.00 secs] 
2014-07-08T08:49:36.465+0000: 2782.014: [GC [PSYoungGen: 253581K->1934K(248832K)] 796743K->545169K(935808K), 0.0042950 secs] [Times: user=0.02 sys=0.01, real=0.01 secs] 
2014-07-08T08:49:37.114+0000: 2782.663: [GC [PSYoungGen: 248766K->1463K(242304K)] 792000K->545123K(929280K), 0.0111270 secs] [Times: user=0.06 sys=0.00, real=0.01 secs] 
2014-07-08T08:49:37.890+0000: 2783.439: [GC [PSYoungGen: 242295K->1818K(290880K)] 785955K->545574K(977856K), 0.0100860 secs] [Times: user=0.06 sys=0.00, real=0.01 secs] 
2014-07-08T08:49:38.813+0000: 2784.362: [GC [PSYoungGen: 290800K->896K(282368K)] 834557K->544692K(969344K), 0.0068720 secs] [Times: user=0.04 sys=0.00, real=0.01 secs] 
2014-07-08T08:49:39.785+0000: 2785.334: [GC [PSYoungGen: 282304K->1510K(275648K)] 826100K->545354K(962624K), 0.0057200 secs] [Times: user=0.03 sys=0.00, real=0.01 secs] 
2014-07-08T08:49:40.724+0000: 2786.273: [GC [PSYoungGen: 275622K->1146K(268224K)] 819466K->545046K(955200K), 0.0047340 secs] [Times: user=0.02 sys=0.00, real=0.01 secs] 
2014-07-08T08:49:41.597+0000: 2787.147: [GC [PSYoungGen: 268214K->1086K(261376K)] 812114K->545058K(948352K), 0.0084440 secs] [Times: user=0.06 sys=0.00, real=0.00 secs] 
2014-07-08T08:49:42.431+0000: 2787.981: [GC [PSYoungGen: 261365K->1548K(255360K)] 805338K->545592K(942336K), 0.0044670 secs] [Times: user=0.03 sys=0.00, real=0.00 secs] 
2014-07-08T08:49:43.168+0000: 2788.717: [GC [PSYoungGen: 255256K->1282K(248832K)] 799301K->545366K(935808K), 0.0048320 secs] [Times: user=0.02 sys=0.00, real=0.00 secs] 
2014-07-08T08:49:43.938+0000: 2789.487: [GC [PSYoungGen: 248770K->772K(242304K)] 792854K->544920K(929280K), 0.0095040 secs] [Times: user=0.06 sys=0.00, real=0.01 secs] 
2014-07-08T08:49:44.832+0000: 2790.381: [GC [PSYoungGen: 242244K->1324K(236992K)] 786392K->545560K(923968K), 0.0072950 secs] [Times: user=0.05 sys=0.00, real=0.01 secs] 
2014-07-08T08:49:45.680+0000: 2791.229: [GC [PSYoungGen: 236972K->1798K(231936K)] 781208K->546091K(918912K), 0.0081570 secs] [Times: user=0.06 sys=0.00, real=0.00 secs] 
2014-07-08T08:49:46.420+0000: 2791.970: [GC [PSYoungGen: 231878K->1396K(226112K)] 776171K->545744K(913088K), 0.0046540 secs] [Times: user=0.02 sys=0.00, real=0.00 secs] 
2014-07-08T08:49:47.029+0000: 2792.578: [GC [PSYoungGen: 226100K->722K(220288K)] 770448K->545118K(907264K), 0.0039190 secs] [Times: user=0.02 sys=0.00, real=0.00 secs] 
2014-07-08T08:49:47.720+0000: 2793.269: [GC [PSYoungGen: 220242K->900K(215488K)] 764638K->545376K(902464K), 0.0082450 secs] [Times: user=0.05 sys=0.00, real=0.00 secs] 
2014-07-08T08:49:48.444+0000: 2793.994: [GC [PSYoungGen: 215428K->1684K(259200K)] 759904K->546240K(946176K), 0.0143680 secs] [Times: user=0.09 sys=0.00, real=0.02 secs] 
2014-07-08T08:49:49.198+0000: 2794.747: [GC [PSYoungGen: 259148K->1118K(252224K)] 803704K->545722K(939200K), 0.0050400 secs] [Times: user=0.02 sys=0.01, real=0.00 secs] 
2014-07-08T08:49:50.038+0000: 2795.588: [GC [PSYoungGen: 252190K->972K(302336K)] 796794K->545632K(989312K), 0.0096470 secs] [Times: user=0.06 sys=0.00, real=0.01 secs] 
2014-07-08T08:49:51.032+0000: 2796.581: [GC [PSYoungGen: 302284K->850K(294144K)] 846944K->545566K(981120K), 0.0073220 secs] [Times: user=0.04 sys=0.00, real=0.01 secs] 
2014-07-08T08:49:51.931+0000: 2797.481: [GC [PSYoungGen: 294098K->1182K(286720K)] 838814K->545994K(973696K), 0.0034960 secs] [Times: user=0.02 sys=0.00, real=0.00 secs] 
2014-07-08T08:49:52.856+0000: 2798.405: [GC [PSYoungGen: 286685K->1250K(279296K)] 831497K->546134K(966272K), 0.0065900 secs] [Times: user=0.04 sys=0.00, real=0.01 secs] 
2014-07-08T08:49:53.723+0000: 2799.273: [GC [PSYoungGen: 279257K->1224K(272128K)] 824142K->546172K(959104K), 0.0092860 secs] [Times: user=0.06 sys=0.00, real=0.01 secs] 
2014-07-08T08:49:54.695+0000: 2800.245: [GC [PSYoungGen: 272072K->1506K(326592K)] 817020K->546494K(1013568K), 0.0158990 secs] [Times: user=0.09 sys=0.00, real=0.02 secs] 
2014-07-08T08:49:55.793+0000: 2801.342: [GC [PSYoungGen: 326511K->1075K(391168K)] 871500K->546435K(1078144K), 0.0146010 secs] [Times: user=0.09 sys=0.00, real=0.01 secs] 
2014-07-08T08:49:57.004+0000: 2802.553: [GC [PSYoungGen: 391122K->1526K(432064K)] 936482K->546919K(1119040K), 0.0205120 secs] [Times: user=0.12 sys=0.01, real=0.02 secs] 
2014-07-08T08:49:58.523+0000: 2804.072: [GC [PSYoungGen: 431606K->1530K(470080K)] 976999K->546987K(1157056K), 0.0055520 secs] [Times: user=0.02 sys=0.01, real=0.00 secs] 
2014-07-08T08:49:59.976+0000: 2805.525: [GC [PSYoungGen: 469626K->1134K(454208K)] 1015083K->546655K(1141184K), 0.0093000 secs] [Times: user=0.05 sys=0.01, real=0.01 secs] 
2014-07-08T08:50:01.550+0000: 2807.100: [GC [PSYoungGen: 454190K->854K(439552K)] 999711K->546438K(1126528K), 0.0075070 secs] [Times: user=0.05 sys=0.00, real=0.00 secs] 
2014-07-08T08:50:02.871+0000: 2808.420: [GC [PSYoungGen: 439490K->1310K(426240K)] 985075K->546935K(1113216K), 0.0046730 secs] [Times: user=0.02 sys=0.00, real=0.00 secs] 
2014-07-08T08:50:04.231+0000: 2809.781: [GC [PSYoungGen: 426206K->1364K(413120K)] 971831K->547052K(1100096K), 0.0081070 secs] [Times: user=0.04 sys=0.01, real=0.00 secs] 
2014-07-08T08:50:05.644+0000: 2811.193: [GC [PSYoungGen: 413076K->768K(399872K)] 958764K->546560K(1086848K), 0.0084230 secs] [Times: user=0.06 sys=0.00, real=0.01 secs] 
2014-07-08T08:50:06.904+0000: 2812.454: [GC [PSYoungGen: 399872K->982K(388032K)] 945664K->546822K(1075008K), 0.0075060 secs] [Times: user=0.04 sys=0.00, real=0.01 secs] 
2014-07-08T08:50:08.142+0000: 2813.692: [GC [PSYoungGen: 387960K->1496K(376960K)] 933801K->547392K(1063936K), 0.0150210 secs] [Times: user=0.09 sys=0.00, real=0.01 secs] 
2014-07-08T08:50:09.356+0000: 2814.905: [GC [PSYoungGen: 376920K->1312K(365696K)] 922816K->547543K(1052672K), 0.0118400 secs] [Times: user=0.08 sys=0.00, real=0.01 secs] 
2014-07-08T08:50:10.525+0000: 2816.075: [GC [PSYoungGen: 365664K->1168K(354944K)] 911895K->547446K(1041920K), 0.0125530 secs] [Times: user=0.06 sys=0.00, real=0.01 secs] 
2014-07-08T08:50:11.677+0000: 2817.227: [GC [PSYoungGen: 354896K->768K(344320K)] 901174K->547102K(1031296K), 0.0080690 secs] [Times: user=0.05 sys=0.00, real=0.01 secs] 
2014-07-08T08:50:12.714+0000: 2818.263: [GC [PSYoungGen: 344320K->704K(334464K)] 890654K->547094K(1021440K), 0.0099950 secs] [Times: user=0.06 sys=0.00, real=0.01 secs] 
2014-07-08T08:50:13.764+0000: 2819.313: [GC [PSYoungGen: 334464K->1268K(325632K)] 880854K->547730K(1012608K), 0.0076040 secs] [Times: user=0.04 sys=0.00, real=0.00 secs] 
2014-07-08T08:50:14.849+0000: 2820.399: [GC [PSYoungGen: 325620K->964K(316352K)] 872082K->547498K(1003328K), 0.0064880 secs] [Times: user=0.02 sys=0.00, real=0.01 secs] 
2014-07-08T08:50:15.820+0000: 2821.369: [GC [PSYoungGen: 316292K->1122K(307840K)] 862826K->547720K(994816K), 0.0087270 secs] [Times: user=0.06 sys=0.00, real=0.01 secs] 
2014-07-08T08:50:16.795+0000: 2822.344: [GC [PSYoungGen: 307810K->804K(299200K)] 854408K->547442K(986176K), 0.0056190 secs] [Times: user=0.03 sys=0.00, real=0.00 secs] 
2014-07-08T08:50:17.775+0000: 2823.325: [GC [PSYoungGen: 299172K->1007K(291392K)] 845810K->547693K(978368K), 0.0084230 secs] [Times: user=0.03 sys=0.00, real=0.01 secs] 
2014-07-08T08:50:18.670+0000: 2824.219: [GC [PSYoungGen: 291375K->1292K(284032K)] 838061K->548043K(971008K), 0.0104890 secs] [Times: user=0.05 sys=0.00, real=0.01 secs] 
2014-07-08T08:50:19.678+0000: 2825.228: [GC [PSYoungGen: 283965K->1263K(276608K)] 830716K->548594K(963584K), 0.0137510 secs] [Times: user=0.09 sys=0.01, real=0.01 secs] 
2014-07-08T08:50:20.522+0000: 2826.071: [GC [PSYoungGen: 276591K->1254K(331712K)] 823922K->548641K(1018688K), 0.0103380 secs] [Times: user=0.06 sys=0.00, real=0.01 secs] 
2014-07-08T08:50:21.629+0000: 2827.178: [GC [PSYoungGen: 331686K->1334K(397888K)] 879073K->548965K(1084864K), 0.0118460 secs] [Times: user=0.08 sys=0.00, real=0.01 secs] 
2014-07-08T08:50:22.839+0000: 2828.389: [GC [PSYoungGen: 397878K->940K(385536K)] 945509K->548626K(1072512K), 0.0086960 secs] [Times: user=0.06 sys=0.00, real=0.01 secs] 
2014-07-08T08:50:23.981+0000: 2829.531: [GC [PSYoungGen: 385488K->936K(453312K)] 933175K->548678K(1140288K), 0.0173000 secs] [Times: user=0.11 sys=0.00, real=0.02 secs] 
2014-07-08T08:50:25.623+0000: 2831.172: [GC [PSYoungGen: 452648K->932K(438336K)] 1000390K->548778K(1125312K), 0.0063330 secs] [Times: user=0.04 sys=0.00, real=0.01 secs] 
2014-07-08T08:50:27.029+0000: 2832.579: [GC [PSYoungGen: 438308K->854K(424512K)] 986154K->548748K(1111488K), 0.0048010 secs] [Times: user=0.03 sys=0.00, real=0.01 secs] 
2014-07-08T08:50:28.489+0000: 2834.039: [GC [PSYoungGen: 424465K->1414K(411968K)] 972360K->549357K(1098944K), 0.0039240 secs] [Times: user=0.02 sys=0.00, real=0.00 secs] 
2014-07-08T08:50:29.813+0000: 2835.363: [GC [PSYoungGen: 411910K->986K(398912K)] 959853K->548968K(1085888K), 0.0089880 secs] [Times: user=0.05 sys=0.00, real=0.01 secs] 
2014-07-08T08:50:31.009+0000: 2836.559: [GC [PSYoungGen: 398874K->1036K(386944K)] 946856K->549074K(1073920K), 0.0042450 secs] [Times: user=0.02 sys=0.00, real=0.00 secs] 
2014-07-08T08:50:32.347+0000: 2837.897: [GC [PSYoungGen: 386892K->1278K(375616K)] 934930K->549373K(1062592K), 0.0067820 secs] [Times: user=0.04 sys=0.01, real=0.00 secs] 
2014-07-08T08:50:33.552+0000: 2839.101: [GC [PSYoungGen: 375614K->1654K(364928K)] 923709K->549821K(1051904K), 0.0059630 secs] [Times: user=0.03 sys=0.00, real=0.01 secs] 
2014-07-08T08:50:34.705+0000: 2840.254: [GC [PSYoungGen: 364918K->690K(353344K)] 913084K->549331K(1040320K), 0.0063070 secs] [Times: user=0.05 sys=0.00, real=0.01 secs] 
2014-07-08T08:50:35.796+0000: 2841.345: [GC [PSYoungGen: 353299K->1268K(343744K)] 901940K->549949K(1030720K), 0.0134470 secs] [Times: user=0.08 sys=0.00, real=0.01 secs] 
2014-07-08T08:50:36.931+0000: 2842.481: [GC [PSYoungGen: 343732K->1040K(333824K)] 892413K->549959K(1020800K), 0.0049550 secs] [Times: user=0.02 sys=0.00, real=0.01 secs] 
2014-07-08T08:50:37.943+0000: 2843.492: [GC [PSYoungGen: 333759K->950K(324352K)] 882678K->549925K(1011328K), 0.0057130 secs] [Times: user=0.02 sys=0.00, real=0.01 secs] 
2014-07-08T08:50:38.952+0000: 2844.502: [GC [PSYoungGen: 324342K->1086K(315520K)] 873317K->550141K(1002496K), 0.0082610 secs] [Times: user=0.04 sys=0.00, real=0.01 secs] 
2014-07-08T08:50:40.041+0000: 2845.590: [GC [PSYoungGen: 315518K->1210K(307072K)] 864573K->550329K(994048K), 0.0039030 secs] [Times: user=0.02 sys=0.00, real=0.00 secs] 
2014-07-08T08:50:40.998+0000: 2846.547: [GC [PSYoungGen: 307051K->982K(298624K)] 856170K->550181K(985600K), 0.0090220 secs] [Times: user=0.05 sys=0.00, real=0.01 secs] 
2014-07-08T08:50:42.027+0000: 2847.576: [GC [PSYoungGen: 298582K->1104K(290816K)] 847781K->550375K(977792K), 0.0085450 secs] [Times: user=0.06 sys=0.00, real=0.00 secs] 
2014-07-08T08:50:42.946+0000: 2848.495: [GC [PSYoungGen: 290751K->1196K(283264K)] 840022K->550605K(970240K), 0.0087620 secs] [Times: user=0.06 sys=0.00, real=0.01 secs] 
2014-07-08T08:50:43.849+0000: 2849.398: [GC [PSYoungGen: 283244K->868K(275584K)] 832653K->550341K(962560K), 0.0080170 secs] [Times: user=0.05 sys=0.00, real=0.00 secs] 
2014-07-08T08:50:44.806+0000: 2850.355: [GC [PSYoungGen: 275556K->786K(268480K)] 825029K->550323K(955456K), 0.0048170 secs] [Times: user=0.02 sys=0.00, real=0.01 secs] 
2014-07-08T08:50:45.663+0000: 2851.212: [GC [PSYoungGen: 268367K->1409K(262336K)] 817904K->551002K(949312K), 0.0108930 secs] [Times: user=0.06 sys=0.00, real=0.01 secs] 
2014-07-08T08:50:46.512+0000: 2852.061: [GC [PSYoungGen: 262245K->1072K(255424K)] 811839K->550949K(942400K), 0.0097470 secs] [Times: user=0.06 sys=0.00, real=0.01 secs] 
2014-07-08T08:50:47.249+0000: 2852.798: [GC [PSYoungGen: 255408K->1532K(249600K)] 805285K->551473K(936576K), 0.0068070 secs] [Times: user=0.05 sys=0.00, real=0.00 secs] 
2014-07-08T08:50:47.986+0000: 2853.536: [GC [PSYoungGen: 249596K->886K(298624K)] 799537K->551227K(985600K), 0.0103170 secs] [Times: user=0.07 sys=0.00, real=0.01 secs] 
2014-07-08T08:50:48.947+0000: 2854.496: [GC [PSYoungGen: 298614K->1304K(358656K)] 848955K->551685K(1045632K), 0.0101660 secs] [Times: user=0.07 sys=0.00, real=0.02 secs] 
2014-07-08T08:50:50.118+0000: 2855.667: [GC [PSYoungGen: 358616K->1260K(430080K)] 908997K->551845K(1117056K), 0.0148780 secs] [Times: user=0.09 sys=0.00, real=0.01 secs] 
2014-07-08T08:50:51.713+0000: 2857.262: [GC [PSYoungGen: 430060K->1502K(416960K)] 980645K->552135K(1103936K), 0.0050200 secs] [Times: user=0.02 sys=0.00, real=0.00 secs] 
2014-07-08T08:50:52.887+0000: 2858.436: [GC [PSYoungGen: 416887K->690K(403328K)] 967520K->551631K(1090304K), 0.0069350 secs] [Times: user=0.05 sys=0.01, real=0.01 secs] 
2014-07-08T08:50:54.360+0000: 2859.910: [GC [PSYoungGen: 403292K->1787K(392192K)] 954233K->552768K(1079168K), 0.0053180 secs] [Times: user=0.02 sys=0.01, real=0.00 secs] 
2014-07-08T08:50:55.642+0000: 2861.192: [GC [PSYoungGen: 392187K->836K(379584K)] 943168K->551889K(1066560K), 0.0096580 secs] [Times: user=0.05 sys=0.00, real=0.01 secs] 
2014-07-08T08:50:56.918+0000: 2862.468: [GC [PSYoungGen: 379524K->804K(368256K)] 930577K->551945K(1055232K), 0.0060720 secs] [Times: user=0.04 sys=0.00, real=0.01 secs] 
2014-07-08T08:50:58.089+0000: 2863.639: [GC [PSYoungGen: 368228K->1306K(358016K)] 919369K->552519K(1044992K), 0.0108040 secs] [Times: user=0.07 sys=0.00, real=0.01 secs] 
2014-07-08T08:50:59.342+0000: 2864.891: [GC [PSYoungGen: 357978K->1186K(347584K)] 909191K->552447K(1034560K), 0.0045140 secs] [Times: user=0.02 sys=0.00, real=0.00 secs] 
2014-07-08T08:51:00.488+0000: 2866.037: [GC [PSYoungGen: 347554K->1328K(337792K)] 898815K->552663K(1024768K), 0.0055940 secs] [Times: user=0.02 sys=0.00, real=0.01 secs] 
2014-07-08T08:51:01.535+0000: 2867.084: [GC [PSYoungGen: 337772K->1082K(328064K)] 889107K->552465K(1015040K), 0.0052130 secs] [Times: user=0.03 sys=0.00, real=0.01 secs] 
2014-07-08T08:51:02.591+0000: 2868.140: [GC [PSYoungGen: 328056K->1074K(318976K)] 879439K->552545K(1005952K), 0.0069790 secs] [Times: user=0.04 sys=0.00, real=0.00 secs] 
2014-07-08T08:51:03.665+0000: 2869.214: [GC [PSYoungGen: 318962K->1332K(310464K)] 870433K->552891K(997440K), 0.0112450 secs] [Times: user=0.07 sys=0.00, real=0.01 secs] 
2014-07-08T08:51:04.659+0000: 2870.209: [GC [PSYoungGen: 310452K->854K(301632K)] 862011K->552469K(988608K), 0.0117210 secs] [Times: user=0.07 sys=0.01, real=0.02 secs] 
2014-07-08T08:51:05.616+0000: 2871.165: [GC [PSYoungGen: 301590K->1254K(293952K)] 853205K->552941K(980928K), 0.0092110 secs] [Times: user=0.05 sys=0.00, real=0.01 secs] 
2014-07-08T08:51:06.568+0000: 2872.117: [GC [PSYoungGen: 293926K->768K(285696K)] 845613K->552495K(972672K), 0.0082310 secs] [Times: user=0.04 sys=0.00, real=0.01 secs] 
2014-07-08T08:51:07.506+0000: 2873.056: [GC [PSYoungGen: 285696K->886K(278400K)] 837423K->552685K(965376K), 0.0073290 secs] [Times: user=0.05 sys=0.00, real=0.01 secs] 
2014-07-08T08:51:08.448+0000: 2873.998: [GC [PSYoungGen: 278390K->1498K(334592K)] 830189K->553385K(1021568K), 0.0165680 secs] [Times: user=0.10 sys=0.00, real=0.02 secs] 
2014-07-08T08:51:09.480+0000: 2875.029: [GC [PSYoungGen: 334536K->1658K(325376K)] 886424K->553618K(1012352K), 0.0088220 secs] [Times: user=0.06 sys=0.01, real=0.01 secs] 
2014-07-08T08:51:10.491+0000: 2876.040: [GC [PSYoungGen: 325367K->552K(315328K)] 877327K->553614K(1002304K), 0.0101360 secs] [Times: user=0.07 sys=0.00, real=0.01 secs] 
2014-07-08T08:51:11.477+0000: 2877.026: [GC [PSYoungGen: 315304K->2030K(379776K)] 868366K->555382K(1066752K), 0.0119830 secs] [Times: user=0.06 sys=0.01, real=0.01 secs] 
2014-07-08T08:51:12.650+0000: 2878.199: [GC [PSYoungGen: 379758K->1122K(367680K)] 933110K->555040K(1054656K), 0.0047390 secs] [Times: user=0.02 sys=0.00, real=0.01 secs] 
2014-07-08T08:51:13.854+0000: 2879.403: [GC [PSYoungGen: 367650K->1026K(356864K)] 921568K->554992K(1043840K), 0.0052610 secs] [Times: user=0.03 sys=0.00, real=0.00 secs] 
2014-07-08T08:51:14.924+0000: 2880.474: [GC [PSYoungGen: 356757K->1110K(346624K)] 910723K->555148K(1033600K), 0.0085860 secs] [Times: user=0.05 sys=0.00, real=0.01 secs] 
2014-07-08T08:51:15.968+0000: 2881.517: [GC [PSYoungGen: 346537K->1444K(337088K)] 900576K->555563K(1024064K), 0.0088050 secs] [Times: user=0.05 sys=0.00, real=0.01 secs] 
2014-07-08T08:51:17.139+0000: 2882.688: [GC [PSYoungGen: 337060K->1452K(327616K)] 891179K->555634K(1014592K), 0.0045180 secs] [Times: user=0.02 sys=0.00, real=0.01 secs] 
2014-07-08T08:51:18.259+0000: 2883.809: [GC [PSYoungGen: 327596K->1150K(318208K)] 881778K->555380K(1005184K), 0.0051480 secs] [Times: user=0.03 sys=0.00, real=0.01 secs] 
2014-07-08T08:51:19.247+0000: 2884.796: [GC [PSYoungGen: 318206K->1398K(309760K)] 872436K->555685K(996736K), 0.0091170 secs] [Times: user=0.07 sys=0.00, real=0.01 secs] 
2014-07-08T08:51:20.202+0000: 2885.752: [GC [PSYoungGen: 309750K->1478K(301504K)] 864037K->555836K(988480K), 0.0098640 secs] [Times: user=0.05 sys=0.01, real=0.01 secs] 
2014-07-08T08:51:21.146+0000: 2886.695: [GC [PSYoungGen: 301446K->1200K(293120K)] 855804K->555672K(980096K), 0.0098050 secs] [Times: user=0.07 sys=0.00, real=0.01 secs] 
2014-07-08T08:51:22.152+0000: 2887.701: [GC [PSYoungGen: 293092K->1794K(286016K)] 847565K->556346K(972992K), 0.0087840 secs] [Times: user=0.06 sys=0.00, real=0.00 secs] 
2014-07-08T08:51:23.267+0000: 2888.817: [GC [PSYoungGen: 285954K->936K(277696K)] 840506K->556121K(964672K), 0.0146150 secs] [Times: user=0.10 sys=0.01, real=0.01 secs] 
2014-07-08T08:51:24.072+0000: 2889.622: [GC [PSYoungGen: 277658K->1695K(271360K)] 832842K->556960K(958336K), 0.0094120 secs] [Times: user=0.07 sys=0.00, real=0.01 secs] 
2014-07-08T08:51:24.926+0000: 2890.476: [GC [PSYoungGen: 271327K->1455K(325056K)] 826592K->557221K(1012032K), 0.0097760 secs] [Times: user=0.07 sys=0.00, real=0.01 secs] 
2014-07-08T08:51:25.921+0000: 2891.470: [GC [PSYoungGen: 325039K->1018K(315648K)] 880805K->556840K(1002624K), 0.0049100 secs] [Times: user=0.02 sys=0.01, real=0.01 secs] 
2014-07-08T08:51:26.940+0000: 2892.489: [GC [PSYoungGen: 315642K->754K(306752K)] 871464K->556640K(993728K), 0.0064030 secs] [Times: user=0.04 sys=0.00, real=0.01 secs] 
2014-07-08T08:51:28.070+0000: 2893.620: [GC [PSYoungGen: 306738K->936K(298688K)] 862624K->556894K(985664K), 0.0074610 secs] [Times: user=0.05 sys=0.00, real=0.01 secs] 
2014-07-08T08:51:28.987+0000: 2894.537: [GC [PSYoungGen: 298664K->1168K(291008K)] 854622K->557198K(977984K), 0.0095850 secs] [Times: user=0.06 sys=0.00, real=0.01 secs] 
2014-07-08T08:51:29.907+0000: 2895.457: [GC [PSYoungGen: 290960K->1220K(283456K)] 846990K->557339K(970432K), 0.0098190 secs] [Times: user=0.07 sys=0.00, real=0.01 secs] 
2014-07-08T08:51:30.835+0000: 2896.384: [GC [PSYoungGen: 283375K->1490K(276352K)] 839494K->557681K(963328K), 0.0050640 secs] [Times: user=0.03 sys=0.00, real=0.00 secs] 
2014-07-08T08:51:31.692+0000: 2897.241: [GC [PSYoungGen: 276306K->954K(268736K)] 832497K->557224K(955712K), 0.0054530 secs] [Times: user=0.04 sys=0.00, real=0.01 secs] 
2014-07-08T08:51:32.750+0000: 2898.300: [GC [PSYoungGen: 268730K->1278K(262272K)] 825000K->557636K(949248K), 0.0057400 secs] [Times: user=0.04 sys=0.00, real=0.01 secs] 
2014-07-08T08:51:33.571+0000: 2899.121: [GC [PSYoungGen: 262270K->950K(255424K)] 818628K->557404K(942400K), 0.0094000 secs] [Times: user=0.07 sys=0.00, real=0.01 secs] 
2014-07-08T08:51:34.363+0000: 2899.912: [GC [PSYoungGen: 255414K->1460K(249664K)] 811868K->557963K(936640K), 0.0041160 secs] [Times: user=0.02 sys=0.00, real=0.01 secs] 
2014-07-08T08:51:35.081+0000: 2900.630: [GC [PSYoungGen: 249652K->1118K(243264K)] 806155K->557692K(930240K), 0.0125500 secs] [Times: user=0.08 sys=0.00, real=0.01 secs] 
2014-07-08T08:51:35.844+0000: 2901.393: [GC [PSYoungGen: 243230K->986K(291584K)] 799804K->557616K(978560K), 0.0128550 secs] [Times: user=0.08 sys=0.00, real=0.02 secs] 
2014-07-08T08:51:36.805+0000: 2902.355: [GC [PSYoungGen: 291546K->886K(349568K)] 848176K->557580K(1036544K), 0.0076390 secs] [Times: user=0.06 sys=0.00, real=0.00 secs] 
2014-07-08T08:51:38.016+0000: 2903.565: [GC [PSYoungGen: 349558K->1088K(339840K)] 906252K->557879K(1026816K), 0.0068140 secs] [Times: user=0.04 sys=0.00, real=0.00 secs] 
2014-07-08T08:51:39.070+0000: 2904.619: [GC [PSYoungGen: 339776K->882K(329984K)] 896567K->557776K(1016960K), 0.0098150 secs] [Times: user=0.07 sys=0.00, real=0.01 secs] 
2014-07-08T08:51:40.160+0000: 2905.710: [GC [PSYoungGen: 329970K->1395K(321280K)] 886864K->558345K(1008256K), 0.0079580 secs] [Times: user=0.05 sys=0.00, real=0.01 secs] 
2014-07-08T08:51:41.175+0000: 2906.724: [GC [PSYoungGen: 321267K->1104K(312192K)] 878217K->558118K(999168K), 0.0084830 secs] [Times: user=0.05 sys=0.00, real=0.01 secs] 
2014-07-08T08:51:42.153+0000: 2907.702: [GC [PSYoungGen: 312144K->1196K(303808K)] 869158K->558383K(990784K), 0.0046700 secs] [Times: user=0.02 sys=0.00, real=0.01 secs] 
2014-07-08T08:51:43.393+0000: 2908.943: [GC [PSYoungGen: 303788K->1652K(296128K)] 860975K->558943K(983104K), 0.0080420 secs] [Times: user=0.06 sys=0.00, real=0.01 secs] 
2014-07-08T08:51:44.245+0000: 2909.794: [GC [PSYoungGen: 296116K->758K(287424K)] 853407K->558452K(974400K), 0.0054190 secs] [Times: user=0.03 sys=0.00, real=0.01 secs] 
2014-07-08T08:51:45.151+0000: 2910.700: [GC [PSYoungGen: 287386K->1432K(280640K)] 845081K->559167K(967616K), 0.0102140 secs] [Times: user=0.06 sys=0.00, real=0.01 secs] 
2014-07-08T08:51:46.049+0000: 2911.598: [GC [PSYoungGen: 280600K->740K(272704K)] 838335K->558686K(959680K), 0.0074060 secs] [Times: user=0.05 sys=0.00, real=0.01 secs] 
2014-07-08T08:51:46.905+0000: 2912.454: [GC [PSYoungGen: 272676K->1000K(265984K)] 830622K->559026K(952960K), 0.0041650 secs] [Times: user=0.02 sys=0.00, real=0.01 secs] 
2014-07-08T08:51:47.960+0000: 2913.510: [GC [PSYoungGen: 265960K->1500K(259840K)] 823986K->559591K(946816K), 0.0034810 secs] [Times: user=0.02 sys=0.00, real=0.00 secs] 
2014-07-08T08:51:48.740+0000: 2914.290: [GC [PSYoungGen: 259786K->1214K(253056K)] 817877K->559409K(940032K), 0.0060730 secs] [Times: user=0.03 sys=0.00, real=0.01 secs] 
2014-07-08T08:51:49.603+0000: 2915.152: [GC [PSYoungGen: 253043K->1132K(246784K)] 811238K->559769K(933760K), 0.0063300 secs] [Times: user=0.04 sys=0.00, real=0.01 secs] 
2014-07-08T08:51:50.317+0000: 2915.866: [GC [PSYoungGen: 246746K->1831K(241536K)] 805383K->560532K(928512K), 0.0148520 secs] [Times: user=0.09 sys=0.00, real=0.02 secs] 
2014-07-08T08:51:51.020+0000: 2916.570: [GC [PSYoungGen: 241511K->880K(234816K)] 800212K->559831K(921792K), 0.0039330 secs] [Times: user=0.02 sys=0.00, real=0.00 secs] 
2014-07-08T08:51:51.800+0000: 2917.349: [GC [PSYoungGen: 234800K->1222K(229696K)] 793751K->560229K(916672K), 0.0046380 secs] [Times: user=0.02 sys=0.01, real=0.00 secs] 
2014-07-08T08:51:52.680+0000: 2918.229: [GC [PSYoungGen: 229638K->1798K(224960K)] 788645K->560983K(911936K), 0.0083910 secs] [Times: user=0.06 sys=0.01, real=0.01 secs] 
2014-07-08T08:51:53.480+0000: 2919.029: [GC [PSYoungGen: 224873K->1534K(219520K)] 784058K->560799K(906496K), 0.0046090 secs] [Times: user=0.02 sys=0.00, real=0.00 secs] 
2014-07-08T08:51:54.114+0000: 2919.663: [GC [PSYoungGen: 219518K->876K(213888K)] 778783K->560375K(900864K), 0.0103410 secs] [Times: user=0.07 sys=0.00, real=0.01 secs] 
2014-07-08T08:51:54.773+0000: 2920.323: [GC [PSYoungGen: 213868K->1068K(209280K)] 773367K->560655K(896256K), 0.0041070 secs] [Times: user=0.02 sys=0.00, real=0.01 secs] 
2014-07-08T08:51:55.507+0000: 2921.056: [GC [PSYoungGen: 209260K->1585K(205184K)] 768847K->561386K(892160K), 0.0054320 secs] [Times: user=0.03 sys=0.00, real=0.01 secs] 
2014-07-08T08:51:56.075+0000: 2921.624: [GC [PSYoungGen: 205169K->1445K(245824K)] 764970K->561318K(932800K), 0.0094610 secs] [Times: user=0.06 sys=0.00, real=0.01 secs] 
2014-07-08T08:51:56.881+0000: 2922.430: [GC [PSYoungGen: 245797K->804K(239296K)] 805670K->560757K(926272K), 0.0063990 secs] [Times: user=0.03 sys=0.00, real=0.00 secs] 
2014-07-08T08:51:57.853+0000: 2923.402: [GC [PSYoungGen: 239268K->1870K(234688K)] 799221K->561879K(921664K), 0.0062050 secs] [Times: user=0.04 sys=0.00, real=0.01 secs] 
2014-07-08T08:51:58.616+0000: 2924.165: [GC [PSYoungGen: 234621K->1393K(228672K)] 794630K->561466K(915648K), 0.0076320 secs] [Times: user=0.05 sys=0.00, real=0.01 secs] 
2014-07-08T08:51:59.296+0000: 2924.845: [GC [PSYoungGen: 228558K->1314K(274112K)] 788631K->561451K(961088K), 0.0107120 secs] [Times: user=0.06 sys=0.00, real=0.01 secs] 
2014-07-08T08:52:00.138+0000: 2925.687: [GC [PSYoungGen: 274082K->1118K(328512K)] 834219K->561335K(1015488K), 0.0104160 secs] [Times: user=0.07 sys=0.00, real=0.02 secs] 
2014-07-08T08:52:01.261+0000: 2926.810: [GC [PSYoungGen: 328478K->1616K(387712K)] 888695K->561898K(1074688K), 0.0092430 secs] [Times: user=0.04 sys=0.01, real=0.01 secs] 
2014-07-08T08:52:02.700+0000: 2928.249: [GC [PSYoungGen: 387280K->1808K(376000K)] 947562K->562177K(1062976K), 0.0129330 secs] [Times: user=0.09 sys=0.00, real=0.01 secs] 
2014-07-08T08:52:03.833+0000: 2929.382: [GC [PSYoungGen: 375952K->1114K(394624K)] 936321K->561587K(1081600K), 0.0133440 secs] [Times: user=0.09 sys=0.00, real=0.01 secs] 
2014-07-08T08:52:05.143+0000: 2930.692: [GC [PSYoungGen: 393561K->1282K(381952K)] 954034K->561819K(1068928K), 0.0064300 secs] [Times: user=0.05 sys=0.00, real=0.01 secs] 
2014-07-08T08:52:06.428+0000: 2931.977: [GC [PSYoungGen: 381882K->1416K(370752K)] 942420K->562025K(1057728K), 0.0080520 secs] [Times: user=0.05 sys=0.01, real=0.01 secs] 
2014-07-08T08:52:07.772+0000: 2933.322: [GC [PSYoungGen: 370696K->1470K(359936K)] 931305K->562287K(1046912K), 0.0086710 secs] [Times: user=0.05 sys=0.00, real=0.01 secs] 
2014-07-08T08:52:08.858+0000: 2934.408: [GC [PSYoungGen: 359934K->1232K(349376K)] 920751K->562121K(1036352K), 0.0056260 secs] [Times: user=0.02 sys=0.01, real=0.01 secs] 
2014-07-08T08:52:10.012+0000: 2935.562: [GC [PSYoungGen: 349328K->1018K(339136K)] 910217K->561971K(1026112K), 0.0050730 secs] [Times: user=0.02 sys=0.00, real=0.00 secs] 
2014-07-08T08:52:11.138+0000: 2936.687: [GC [PSYoungGen: 339130K->1068K(329664K)] 900083K->562069K(1016640K), 0.0145430 secs] [Times: user=0.08 sys=0.01, real=0.02 secs] 
2014-07-08T08:52:12.270+0000: 2937.820: [GC [PSYoungGen: 329644K->1822K(321280K)] 890645K->562879K(1008256K), 0.0121560 secs] [Times: user=0.07 sys=0.00, real=0.01 secs] 
2014-07-08T08:52:13.503+0000: 2939.052: [GC [PSYoungGen: 321246K->1388K(312000K)] 882303K->562549K(998976K), 0.0051370 secs] [Times: user=0.03 sys=0.00, real=0.00 secs] 
2014-07-08T08:52:14.442+0000: 2939.991: [GC [PSYoungGen: 311980K->1150K(303296K)] 873141K->562587K(990272K), 0.0089990 secs] [Times: user=0.06 sys=0.00, real=0.01 secs] 
2014-07-08T08:52:15.464+0000: 2941.014: [GC [PSYoungGen: 303285K->1474K(295552K)] 864722K->562967K(982528K), 0.0162140 secs] [Times: user=0.12 sys=0.00, real=0.02 secs] 
2014-07-08T08:52:16.449+0000: 2941.999: [GC [PSYoungGen: 295462K->1320K(287552K)] 856955K->562967K(974528K), 0.0068570 secs] [Times: user=0.04 sys=0.00, real=0.01 secs] 
2014-07-08T08:52:17.416+0000: 2942.966: [GC [PSYoungGen: 287485K->1812K(345344K)] 849133K->563539K(1032320K), 0.0134370 secs] [Times: user=0.08 sys=0.00, real=0.01 secs] 
2014-07-08T08:52:18.595+0000: 2944.144: [GC [PSYoungGen: 345300K->816K(334528K)] 907027K->562759K(1021504K), 0.0074600 secs] [Times: user=0.05 sys=0.00, real=0.01 secs] 
2014-07-08T08:52:19.693+0000: 2945.242: [GC [PSYoungGen: 334512K->1336K(325632K)] 896455K->563343K(1012608K), 0.0037010 secs] [Times: user=0.02 sys=0.00, real=0.00 secs] 
2014-07-08T08:52:20.764+0000: 2946.314: [GC [PSYoungGen: 325624K->1466K(316736K)] 887631K->563696K(1003712K), 0.0081850 secs] [Times: user=0.05 sys=0.01, real=0.01 secs] 
2014-07-08T08:52:21.853+0000: 2947.403: [GC [PSYoungGen: 316720K->1562K(308224K)] 878950K->563871K(995200K), 0.0080890 secs] [Times: user=0.05 sys=0.00, real=0.01 secs] 
2014-07-08T08:52:23.018+0000: 2948.567: [GC [PSYoungGen: 308186K->954K(299264K)] 870495K->563675K(986240K), 0.0100920 secs] [Times: user=0.07 sys=0.00, real=0.01 secs] 
2014-07-08T08:52:23.980+0000: 2949.529: [GC [PSYoungGen: 299210K->1880K(359936K)] 861931K->564665K(1046912K), 0.0193820 secs] [Times: user=0.13 sys=0.00, real=0.02 secs] 
2014-07-08T08:52:25.222+0000: 2950.771: [GC [PSYoungGen: 359884K->1014K(430656K)] 922670K->564644K(1117632K), 0.0125470 secs] [Times: user=0.08 sys=0.00, real=0.02 secs] 
2014-07-08T08:52:26.704+0000: 2952.253: [GC [PSYoungGen: 430641K->1374K(417664K)] 994271K->565068K(1104640K), 0.0096330 secs] [Times: user=0.06 sys=0.00, real=0.01 secs] 
2014-07-08T08:52:28.250+0000: 2953.799: [GC [PSYoungGen: 417630K->1637K(405120K)] 981324K->565600K(1092096K), 0.0080160 secs] [Times: user=0.06 sys=0.00, real=0.01 secs] 
2014-07-08T08:52:29.579+0000: 2955.129: [GC [PSYoungGen: 405093K->1104K(392320K)] 969056K->565132K(1079296K), 0.0041400 secs] [Times: user=0.03 sys=0.00, real=0.01 secs] 
2014-07-08T08:52:30.871+0000: 2956.420: [GC [PSYoungGen: 392272K->1403K(380800K)] 956300K->565478K(1067776K), 0.0055330 secs] [Times: user=0.03 sys=0.00, real=0.01 secs] 
2014-07-08T08:52:32.172+0000: 2957.721: [GC [PSYoungGen: 380795K->1292K(369472K)] 944870K->565416K(1056448K), 0.0095800 secs] [Times: user=0.06 sys=0.00, real=0.01 secs] 
2014-07-08T08:52:33.550+0000: 2959.100: [GC [PSYoungGen: 369420K->1403K(358720K)] 933544K->565575K(1045696K), 0.0045540 secs] [Times: user=0.02 sys=0.00, real=0.01 secs] 
2014-07-08T08:52:34.702+0000: 2960.252: [GC [PSYoungGen: 358715K->1216K(348224K)] 922887K->565452K(1035200K), 0.0067930 secs] [Times: user=0.04 sys=0.00, real=0.01 secs] 
2014-07-08T08:52:35.906+0000: 2961.455: [GC [PSYoungGen: 348147K->1086K(338112K)] 912383K->565417K(1025088K), 0.0098050 secs] [Times: user=0.07 sys=0.00, real=0.01 secs] 
2014-07-08T08:52:37.048+0000: 2962.597: [GC [PSYoungGen: 338110K->1072K(328576K)] 902441K->565460K(1015552K), 0.0044900 secs] [Times: user=0.02 sys=0.01, real=0.00 secs] 
2014-07-08T08:52:38.349+0000: 2963.899: [GC [PSYoungGen: 328560K->1402K(319744K)] 892948K->565837K(1006720K), 0.0052170 secs] [Times: user=0.03 sys=0.00, real=0.01 secs] 
2014-07-08T08:52:39.324+0000: 2964.873: [GC [PSYoungGen: 319738K->1378K(310976K)] 884173K->565902K(997952K), 0.0048810 secs] [Times: user=0.02 sys=0.00, real=0.01 secs] 
2014-07-08T08:52:40.389+0000: 2965.938: [GC [PSYoungGen: 310946K->1078K(302272K)] 875470K->565984K(989248K), 0.0156990 secs] [Times: user=0.11 sys=0.00, real=0.02 secs] 
2014-07-08T08:52:41.401+0000: 2966.951: [GC [PSYoungGen: 302262K->1684K(294848K)] 867168K->566670K(981824K), 0.0087320 secs] [Times: user=0.06 sys=0.00, real=0.01 secs] 
2014-07-08T08:52:42.407+0000: 2967.956: [GC [PSYoungGen: 294767K->944K(286336K)] 859753K->566368K(973312K), 0.0087910 secs] [Times: user=0.05 sys=0.00, real=0.01 secs] 
2014-07-08T08:52:43.553+0000: 2969.103: [GC [PSYoungGen: 286320K->1897K(279808K)] 851744K->567433K(966784K), 0.0094750 secs] [Times: user=0.06 sys=0.00, real=0.01 secs] 
2014-07-08T08:52:44.401+0000: 2969.951: [GC [PSYoungGen: 279738K->1018K(271744K)] 845275K->567327K(958720K), 0.0119110 secs] [Times: user=0.08 sys=0.00, real=0.01 secs] 
2014-07-08T08:52:45.266+0000: 2970.815: [GC [PSYoungGen: 271725K->1350K(265216K)] 838035K->567715K(952192K), 0.0091070 secs] [Times: user=0.06 sys=0.00, real=0.00 secs] 
2014-07-08T08:52:46.175+0000: 2971.725: [GC [PSYoungGen: 265158K->1346K(258560K)] 831523K->567857K(945536K), 0.0088800 secs] [Times: user=0.06 sys=0.00, real=0.00 secs] 
2014-07-08T08:52:47.051+0000: 2972.600: [GC [PSYoungGen: 258498K->1296K(252096K)] 825009K->567903K(939072K), 0.0079850 secs] [Times: user=0.05 sys=0.00, real=0.01 secs] 
2014-07-08T08:52:47.962+0000: 2973.512: [GC [PSYoungGen: 252048K->1220K(245888K)] 818655K->567899K(932864K), 0.0040670 secs] [Times: user=0.03 sys=0.00, real=0.01 secs] 
2014-07-08T08:52:48.793+0000: 2974.343: [GC [PSYoungGen: 245788K->986K(239680K)] 812468K->567753K(926656K), 0.0098810 secs] [Times: user=0.07 sys=0.00, real=0.01 secs] 
2014-07-08T08:52:49.591+0000: 2975.140: [GC [PSYoungGen: 239596K->904K(233920K)] 806363K->567751K(920896K), 0.0066890 secs] [Times: user=0.05 sys=0.00, real=0.01 secs] 
2014-07-08T08:52:50.424+0000: 2975.973: [GC [PSYoungGen: 233864K->1442K(228928K)] 800711K->568345K(915904K), 0.0063570 secs] [Times: user=0.03 sys=0.00, real=0.01 secs] 
2014-07-08T08:52:51.152+0000: 2976.702: [GC [PSYoungGen: 228898K->1548K(223744K)] 795801K->568531K(910720K), 0.0039200 secs] [Times: user=0.02 sys=0.00, real=0.01 secs] 
2014-07-08T08:52:51.924+0000: 2977.473: [GC [PSYoungGen: 223670K->868K(217920K)] 790653K->567931K(904896K), 0.0075150 secs] [Times: user=0.04 sys=0.00, real=0.01 secs] 
2014-07-08T08:52:52.683+0000: 2978.233: [GC [PSYoungGen: 217892K->804K(212928K)] 784955K->567955K(899904K), 0.0064190 secs] [Times: user=0.04 sys=0.00, real=0.01 secs] 
2014-07-08T08:52:53.674+0000: 2979.224: [GC [PSYoungGen: 212900K->1676K(209088K)] 780051K->568891K(896064K), 0.0042800 secs] [Times: user=0.02 sys=0.00, real=0.01 secs] 
2014-07-08T08:52:54.281+0000: 2979.831: [GC [PSYoungGen: 208987K->1488K(204288K)] 776202K->568767K(891264K), 0.0106630 secs] [Times: user=0.07 sys=0.00, real=0.01 secs] 
2014-07-08T08:52:54.884+0000: 2980.433: [GC [PSYoungGen: 204240K->850K(199232K)] 771519K->568169K(886208K), 0.0048530 secs] [Times: user=0.02 sys=0.00, real=0.01 secs] 
2014-07-08T08:52:55.563+0000: 2981.113: [GC [PSYoungGen: 199186K->968K(195072K)] 766505K->568367K(882048K), 0.0053520 secs] [Times: user=0.03 sys=0.00, real=0.01 secs] 
2014-07-08T08:52:56.202+0000: 2981.751: [GC [PSYoungGen: 195016K->1238K(191168K)] 762415K->568709K(878144K), 0.0085370 secs] [Times: user=0.05 sys=0.00, real=0.01 secs] 
2014-07-08T08:52:56.851+0000: 2982.400: [GC [PSYoungGen: 191126K->1132K(187072K)] 758597K->568715K(874048K), 0.0071520 secs] [Times: user=0.05 sys=0.01, real=0.01 secs] 
2014-07-08T08:52:57.509+0000: 2983.058: [GC [PSYoungGen: 187052K->1068K(183168K)] 754635K->568723K(870144K), 0.0057870 secs] [Times: user=0.04 sys=0.00, real=0.00 secs] 
2014-07-08T08:52:58.094+0000: 2983.644: [GC [PSYoungGen: 183148K->1348K(219904K)] 750803K->569092K(906880K), 0.0104970 secs] [Times: user=0.07 sys=0.00, real=0.01 secs] 
2014-07-08T08:52:58.941+0000: 2984.490: [GC [PSYoungGen: 219844K->722K(262976K)] 787588K->568513K(949952K), 0.0062350 secs] [Times: user=0.02 sys=0.01, real=0.01 secs] 
2014-07-08T08:52:59.785+0000: 2985.334: [GC [PSYoungGen: 262930K->1154K(256832K)] 830721K->569017K(943808K), 0.0038040 secs] [Times: user=0.02 sys=0.00, real=0.01 secs] 
2014-07-08T08:53:00.685+0000: 2986.235: [GC [PSYoungGen: 256770K->1296K(250624K)] 824633K->569247K(937600K), 0.0087630 secs] [Times: user=0.05 sys=0.01, real=0.01 secs] 
2014-07-08T08:53:01.559+0000: 2987.108: [GC [PSYoungGen: 250576K->1208K(244416K)] 818527K->569744K(931392K), 0.0094830 secs] [Times: user=0.06 sys=0.01, real=0.01 secs] 
2014-07-08T08:53:02.369+0000: 2987.919: [GC [PSYoungGen: 244408K->1563K(293440K)] 812944K->570163K(980416K), 0.0100770 secs] [Times: user=0.07 sys=0.00, real=0.01 secs] 
2014-07-08T08:53:03.413+0000: 2988.962: [GC [PSYoungGen: 293360K->1188K(351424K)] 861960K->570548K(1038400K), 0.0143680 secs] [Times: user=0.09 sys=0.00, real=0.01 secs] 
2014-07-08T08:53:04.621+0000: 2990.170: [GC [PSYoungGen: 351396K->836K(341056K)] 920756K->570284K(1028032K), 0.0073840 secs] [Times: user=0.04 sys=0.00, real=0.01 secs] 
2014-07-08T08:53:05.757+0000: 2991.306: [GC [PSYoungGen: 340992K->1010K(331520K)] 910440K->570636K(1018496K), 0.0116310 secs] [Times: user=0.07 sys=0.00, real=0.02 secs] 
2014-07-08T08:53:06.884+0000: 2992.434: [GC [PSYoungGen: 331506K->786K(322048K)] 901132K->570484K(1009024K), 0.0066240 secs] [Times: user=0.04 sys=0.00, real=0.01 secs] 
2014-07-08T08:53:07.970+0000: 2993.520: [GC [PSYoungGen: 322002K->1324K(313664K)] 891700K->571110K(1000640K), 0.0038800 secs] [Times: user=0.03 sys=0.00, real=0.00 secs] 
2014-07-08T08:53:09.088+0000: 2994.638: [GC [PSYoungGen: 313644K->968K(304832K)] 883430K->570818K(991808K), 0.0072610 secs] [Times: user=0.05 sys=0.00, real=0.01 secs] 
2014-07-08T08:53:10.119+0000: 2995.668: [GC [PSYoungGen: 304776K->1072K(296704K)] 874626K->571002K(983680K), 0.0074050 secs] [Times: user=0.05 sys=0.00, real=0.00 secs] 
2014-07-08T08:53:11.136+0000: 2996.685: [GC [PSYoungGen: 296665K->1238K(289024K)] 866596K->571232K(976000K), 0.0100700 secs] [Times: user=0.07 sys=0.01, real=0.01 secs] 
2014-07-08T08:53:12.114+0000: 2997.663: [GC [PSYoungGen: 288982K->908K(281152K)] 858976K->570966K(968128K), 0.0063150 secs] [Times: user=0.04 sys=0.00, real=0.01 secs] 
2014-07-08T08:53:13.072+0000: 2998.621: [GC [PSYoungGen: 281072K->904K(273856K)] 851130K->571034K(960832K), 0.0040300 secs] [Times: user=0.02 sys=0.00, real=0.00 secs] 
2014-07-08T08:53:14.091+0000: 2999.641: [GC [PSYoungGen: 273800K->996K(266944K)] 843930K->571206K(953920K), 0.0043880 secs] [Times: user=0.03 sys=0.00, real=0.00 secs] 
2014-07-08T08:53:14.975+0000: 3000.524: [GC [PSYoungGen: 266916K->1022K(260224K)] 837126K->571304K(947200K), 0.0155020 secs] [Times: user=0.11 sys=0.00, real=0.02 secs] 
2014-07-08T08:53:15.872+0000: 3001.421: [GC [PSYoungGen: 260222K->1246K(254016K)] 830504K->571584K(940992K), 0.0079810 secs] [Times: user=0.05 sys=0.00, real=0.01 secs] 
2014-07-08T08:53:16.756+0000: 3002.305: [GC [PSYoungGen: 253982K->708K(304064K)] 824320K->571126K(991040K), 0.0157320 secs] [Times: user=0.10 sys=0.00, real=0.02 secs] 
2014-07-08T08:53:17.806+0000: 3003.355: [GC [PSYoungGen: 304004K->958K(296064K)] 874422K->571440K(983040K), 0.0071950 secs] [Times: user=0.05 sys=0.01, real=0.01 secs] 
2014-07-08T08:53:18.936+0000: 3004.486: [GC [PSYoungGen: 296062K->1476K(288768K)] 866544K->572062K(975744K), 0.0098970 secs] [Times: user=0.07 sys=0.00, real=0.01 secs] 
2014-07-08T08:53:19.867+0000: 3005.416: [GC [PSYoungGen: 288708K->790K(345536K)] 859294K->571432K(1032512K), 0.0141650 secs] [Times: user=0.10 sys=0.00, real=0.02 secs] 
2014-07-08T08:53:21.035+0000: 3006.585: [GC [PSYoungGen: 345475K->854K(335744K)] 916118K->571552K(1022720K), 0.0060040 secs] [Times: user=0.02 sys=0.00, real=0.01 secs] 
2014-07-08T08:53:22.212+0000: 3007.761: [GC [PSYoungGen: 335702K->1036K(326528K)] 906400K->571774K(1013504K), 0.0121830 secs] [Times: user=0.08 sys=0.00, real=0.01 secs] 
2014-07-08T08:53:23.341+0000: 3008.890: [GC [PSYoungGen: 326476K->1296K(317760K)] 897214K->572122K(1004736K), 0.0071960 secs] [Times: user=0.05 sys=0.00, real=0.01 secs] 
2014-07-08T08:53:24.577+0000: 3010.126: [GC [PSYoungGen: 317673K->1082K(308800K)] 888500K->572351K(995776K), 0.0102890 secs] [Times: user=0.07 sys=0.00, real=0.01 secs] 
2014-07-08T08:53:25.594+0000: 3011.144: [GC [PSYoungGen: 308753K->1778K(301184K)] 880022K->573168K(988160K), 0.0066220 secs] [Times: user=0.04 sys=0.01, real=0.01 secs] 
2014-07-08T08:53:26.611+0000: 3012.161: [GC [PSYoungGen: 301170K->876K(292288K)] 872560K->572726K(979264K), 0.0041590 secs] [Times: user=0.02 sys=0.00, real=0.00 secs] 
2014-07-08T08:53:27.667+0000: 3013.216: [GC [PSYoungGen: 292268K->1202K(284928K)] 864118K->573085K(971904K), 0.0053690 secs] [Times: user=0.02 sys=0.00, real=0.01 secs] 
2014-07-08T08:53:28.646+0000: 3014.195: [GC [PSYoungGen: 284870K->1092K(277440K)] 856752K->573062K(964416K), 0.0081010 secs] [Times: user=0.06 sys=0.01, real=0.01 secs] 
2014-07-08T08:53:29.697+0000: 3015.247: [GC [PSYoungGen: 277380K->904K(270144K)] 849350K->572930K(957120K), 0.0095690 secs] [Times: user=0.06 sys=0.00, real=0.01 secs] 
2014-07-08T08:53:30.593+0000: 3016.142: [GC [PSYoungGen: 270086K->1430K(263808K)] 842112K->573521K(950784K), 0.0081300 secs] [Times: user=0.06 sys=0.00, real=0.00 secs] 
2014-07-08T08:53:31.535+0000: 3017.084: [GC [PSYoungGen: 263766K->1612K(257408K)] 835857K->573791K(944384K), 0.0090320 secs] [Times: user=0.05 sys=0.00, real=0.01 secs] 
2014-07-08T08:53:32.385+0000: 3017.934: [GC [PSYoungGen: 257356K->619K(250048K)] 829535K->573413K(937024K), 0.0080990 secs] [Times: user=0.05 sys=0.01, real=0.01 secs] 
2014-07-08T08:53:33.285+0000: 3018.835: [GC [PSYoungGen: 250027K->1670K(245056K)] 822821K->574520K(932032K), 0.0082700 secs] [Times: user=0.05 sys=0.01, real=0.01 secs] 
2014-07-08T08:53:34.221+0000: 3019.770: [GC [PSYoungGen: 244998K->1534K(238976K)] 817848K->574926K(925952K), 0.0040580 secs] [Times: user=0.02 sys=0.00, real=0.01 secs] 
2014-07-08T08:53:34.983+0000: 3020.532: [GC [PSYoungGen: 238974K->1150K(232960K)] 812366K->574614K(919936K), 0.0060970 secs] [Times: user=0.03 sys=0.00, real=0.01 secs] 
2014-07-08T08:53:35.799+0000: 3021.349: [GC [PSYoungGen: 232958K->1240K(227648K)] 806422K->574808K(914624K), 0.0052180 secs] [Times: user=0.03 sys=0.00, real=0.01 secs] 
2014-07-08T08:53:36.608+0000: 3022.157: [GC [PSYoungGen: 227608K->974K(222144K)] 801176K->574606K(909120K), 0.0065040 secs] [Times: user=0.03 sys=0.01, real=0.01 secs] 
2014-07-08T08:53:37.418+0000: 3022.967: [GC [PSYoungGen: 222094K->1656K(217728K)] 795726K->575360K(904704K), 0.0046780 secs] [Times: user=0.02 sys=0.00, real=0.00 secs] 
2014-07-08T08:53:38.170+0000: 3023.720: [GC [PSYoungGen: 217720K->1122K(212352K)] 791424K->574866K(899328K), 0.0049690 secs] [Times: user=0.02 sys=0.00, real=0.01 secs] 
2014-07-08T08:53:38.907+0000: 3024.457: [GC [PSYoungGen: 212287K->1106K(207616K)] 786031K->574914K(894592K), 0.0080850 secs] [Times: user=0.05 sys=0.00, real=0.01 secs] 
2014-07-08T08:53:39.740+0000: 3025.289: [GC [PSYoungGen: 207570K->2027K(203968K)] 781378K->576081K(890944K), 0.0045540 secs] [Times: user=0.02 sys=0.00, real=0.01 secs] 
2014-07-08T08:53:40.449+0000: 3025.998: [GC [PSYoungGen: 203920K->940K(198464K)] 777974K->575166K(885440K), 0.0105480 secs] [Times: user=0.07 sys=0.00, real=0.01 secs] 
2014-07-08T08:53:41.037+0000: 3026.587: [GC [PSYoungGen: 198439K->1531K(194816K)] 772665K->575821K(881792K), 0.0074210 secs] [Times: user=0.05 sys=0.00, real=0.01 secs] 
2014-07-08T08:53:41.723+0000: 3027.272: [GC [PSYoungGen: 194811K->1222K(233216K)] 769101K->575584K(920192K), 0.0121790 secs] [Times: user=0.08 sys=0.01, real=0.02 secs] 
2014-07-08T08:53:42.607+0000: 3028.156: [GC [PSYoungGen: 233158K->1004K(279360K)] 807520K->575406K(966336K), 0.0089080 secs] [Times: user=0.06 sys=0.01, real=0.01 secs] 
2014-07-08T08:53:43.544+0000: 3029.094: [GC [PSYoungGen: 279340K->1114K(335168K)] 853742K->575604K(1022144K), 0.0077780 secs] [Times: user=0.05 sys=0.00, real=0.00 secs] 
2014-07-08T08:53:44.929+0000: 3030.479: [GC [PSYoungGen: 335130K->1354K(326016K)] 909620K->575908K(1012992K), 0.0038180 secs] [Times: user=0.03 sys=0.00, real=0.00 secs] 
2014-07-08T08:53:45.871+0000: 3031.421: [GC [PSYoungGen: 325962K->1096K(374208K)] 900516K->575714K(1061184K), 0.0158790 secs] [Times: user=0.11 sys=0.00, real=0.02 secs] 
2014-07-08T08:53:47.197+0000: 3032.746: [GC [PSYoungGen: 373445K->1378K(374400K)] 948063K->576044K(1061376K), 0.0162720 secs] [Times: user=0.11 sys=0.01, real=0.01 secs] 
2014-07-08T08:53:48.576+0000: 3034.125: [GC [PSYoungGen: 373730K->1154K(362624K)] 948396K->575860K(1049600K), 0.0048300 secs] [Times: user=0.02 sys=0.00, real=0.00 secs] 
2014-07-08T08:53:49.915+0000: 3035.465: [GC [PSYoungGen: 362562K->1460K(352384K)] 937268K->576246K(1039360K), 0.0077350 secs] [Times: user=0.05 sys=0.00, real=0.00 secs] 
2014-07-08T08:53:51.053+0000: 3036.602: [GC [PSYoungGen: 352372K->740K(341568K)] 927158K->575574K(1028544K), 0.0054720 secs] [Times: user=0.02 sys=0.00, real=0.01 secs] 
2014-07-08T08:53:52.282+0000: 3037.831: [GC [PSYoungGen: 341540K->1672K(332864K)] 916374K->576587K(1019840K), 0.0083010 secs] [Times: user=0.05 sys=0.00, real=0.01 secs] 
2014-07-08T08:53:53.480+0000: 3039.030: [GC [PSYoungGen: 332775K->1508K(323392K)] 907689K->576494K(1010368K), 0.0057570 secs] [Times: user=0.04 sys=0.00, real=0.01 secs] 
2014-07-08T08:53:54.694+0000: 3040.244: [GC [PSYoungGen: 323364K->1666K(314688K)] 898350K->576708K(1001664K), 0.0048820 secs] [Times: user=0.03 sys=0.00, real=0.01 secs] 
2014-07-08T08:53:55.801+0000: 3041.350: [GC [PSYoungGen: 314626K->1022K(305408K)] 889668K->576322K(992384K), 0.0045280 secs] [Times: user=0.03 sys=0.01, real=0.00 secs] 
2014-07-08T08:53:56.776+0000: 3042.325: [GC [PSYoungGen: 305406K->1274K(297472K)] 880706K->576672K(984448K), 0.0039370 secs] [Times: user=0.02 sys=0.00, real=0.01 secs] 
2014-07-08T08:53:57.812+0000: 3043.361: [GC [PSYoungGen: 297426K->1022K(289344K)] 872824K->576600K(976320K), 0.0066270 secs] [Times: user=0.04 sys=0.00, real=0.01 secs] 
2014-07-08T08:53:58.842+0000: 3044.391: [GC [PSYoungGen: 289342K->990K(281792K)] 864920K->576624K(968768K), 0.0041780 secs] [Times: user=0.02 sys=0.00, real=0.01 secs] 
2014-07-08T08:53:59.854+0000: 3045.403: [GC [PSYoungGen: 281758K->1367K(274880K)] 857392K->577057K(961856K), 0.0081790 secs] [Times: user=0.05 sys=0.00, real=0.01 secs] 
2014-07-08T08:54:00.831+0000: 3046.380: [GC [PSYoungGen: 274799K->1128K(267648K)] 850490K->576922K(954624K), 0.0044410 secs] [Times: user=0.02 sys=0.00, real=0.00 secs] 
2014-07-08T08:54:01.751+0000: 3047.300: [GC [PSYoungGen: 267624K->1090K(260928K)] 843418K->576964K(947904K), 0.0044390 secs] [Times: user=0.03 sys=0.00, real=0.00 secs] 
2014-07-08T08:54:02.667+0000: 3048.216: [GC [PSYoungGen: 260866K->1342K(254656K)] 836740K->577289K(941632K), 0.0087630 secs] [Times: user=0.06 sys=0.00, real=0.01 secs] 
2014-07-08T08:54:03.575+0000: 3049.124: [GC [PSYoungGen: 254653K->1246K(248320K)] 830600K->577240K(935296K), 0.0051360 secs] [Times: user=0.03 sys=0.00, real=0.01 secs] 
2014-07-08T08:54:04.508+0000: 3050.057: [GC [PSYoungGen: 248286K->1788K(242816K)] 824280K->577822K(929792K), 0.0064800 secs] [Times: user=0.03 sys=0.00, real=0.00 secs] 
2014-07-08T08:54:05.303+0000: 3050.853: [GC [PSYoungGen: 242811K->570K(235840K)] 818845K->577486K(922816K), 0.0048110 secs] [Times: user=0.03 sys=0.00, real=0.01 secs] 
2014-07-08T08:54:06.129+0000: 3051.678: [GC [PSYoungGen: 235834K->1900K(231616K)] 812750K->578873K(918592K), 0.0126490 secs] [Times: user=0.08 sys=0.00, real=0.01 secs] 
2014-07-08T08:54:06.933+0000: 3052.482: [GC [PSYoungGen: 231596K->976K(225344K)] 808569K->578542K(912320K), 0.0075550 secs] [Times: user=0.05 sys=0.00, real=0.01 secs] 
2014-07-08T08:54:07.721+0000: 3053.271: [GC [PSYoungGen: 225296K->1068K(220224K)] 802862K->578714K(907200K), 0.0041760 secs] [Times: user=0.02 sys=0.00, real=0.00 secs] 
2014-07-08T08:54:08.525+0000: 3054.074: [GC [PSYoungGen: 220204K->1790K(215936K)] 797850K->579493K(902912K), 0.0066950 secs] [Times: user=0.02 sys=0.01, real=0.01 secs] 
2014-07-08T08:54:09.274+0000: 3054.823: [GC [PSYoungGen: 215934K->1296K(210688K)] 793637K->579062K(897664K), 0.0042990 secs] [Times: user=0.03 sys=0.00, real=0.01 secs] 
2014-07-08T08:54:10.000+0000: 3055.550: [GC [PSYoungGen: 210640K->1072K(252352K)] 788406K->578926K(939328K), 0.0170740 secs] [Times: user=0.12 sys=0.00, real=0.01 secs] 
2014-07-08T08:54:10.922+0000: 3056.471: [GC [PSYoungGen: 252308K->1313K(302912K)] 830163K->579271K(989888K), 0.0067360 secs] [Times: user=0.04 sys=0.00, real=0.01 secs] 
2014-07-08T08:54:11.978+0000: 3057.528: [GC [PSYoungGen: 302881K->1054K(294528K)] 880839K->579068K(981504K), 0.0097290 secs] [Times: user=0.06 sys=0.00, real=0.01 secs] 
2014-07-08T08:54:13.022+0000: 3058.571: [GC [PSYoungGen: 294494K->1156K(353344K)] 872508K->579219K(1040320K), 0.0114620 secs] [Times: user=0.08 sys=0.00, real=0.01 secs] 
2014-07-08T08:54:14.298+0000: 3059.848: [GC [PSYoungGen: 353259K->1342K(343360K)] 931322K->579460K(1030336K), 0.0054940 secs] [Times: user=0.02 sys=0.00, real=0.01 secs] 
2014-07-08T08:54:15.558+0000: 3061.107: [GC [PSYoungGen: 343358K->1634K(333952K)] 921476K->579832K(1020928K), 0.0075570 secs] [Times: user=0.05 sys=0.00, real=0.01 secs] 
2014-07-08T08:54:16.663+0000: 3062.213: [GC [PSYoungGen: 333922K->868K(323840K)] 912120K->579130K(1010816K), 0.0073450 secs] [Times: user=0.03 sys=0.00, real=0.01 secs] 
2014-07-08T08:54:17.788+0000: 3063.337: [GC [PSYoungGen: 323812K->926K(314944K)] 902074K->579228K(1001920K), 0.0049950 secs] [Times: user=0.02 sys=0.00, real=0.01 secs] 
2014-07-08T08:54:18.889+0000: 3064.438: [GC [PSYoungGen: 314910K->1292K(306752K)] 893212K->579651K(993728K), 0.0080620 secs] [Times: user=0.04 sys=0.00, real=0.01 secs] 
2014-07-08T08:54:19.996+0000: 3065.546: [GC [PSYoungGen: 306700K->854K(298048K)] 885059K->579284K(985024K), 0.0047200 secs] [Times: user=0.03 sys=0.00, real=0.01 secs] 
2014-07-08T08:54:21.047+0000: 3066.597: [GC [PSYoungGen: 298006K->722K(289984K)] 876436K->579216K(976960K), 0.0115560 secs] [Times: user=0.07 sys=0.00, real=0.01 secs] 
2014-07-08T08:54:22.063+0000: 3067.612: [GC [PSYoungGen: 289938K->1240K(282880K)] 868432K->579807K(969856K), 0.0045690 secs] [Times: user=0.03 sys=0.00, real=0.00 secs] 
2014-07-08T08:54:23.069+0000: 3068.619: [GC [PSYoungGen: 282840K->1022K(275328K)] 861407K->579652K(962304K), 0.0069850 secs] [Times: user=0.05 sys=0.00, real=0.01 secs] 
2014-07-08T08:54:24.037+0000: 3069.586: [GC [PSYoungGen: 275299K->1310K(268608K)] 853929K->579997K(955584K), 0.0077690 secs] [Times: user=0.05 sys=0.01, real=0.01 secs] 
2014-07-08T08:54:24.981+0000: 3070.530: [GC [PSYoungGen: 268549K->1292K(261824K)] 847235K->580067K(948800K), 0.0048750 secs] [Times: user=0.02 sys=0.00, real=0.00 secs] 
2014-07-08T08:54:25.930+0000: 3071.479: [GC [PSYoungGen: 261757K->1338K(255296K)] 840532K->580177K(942272K), 0.0048160 secs] [Times: user=0.03 sys=0.00, real=0.00 secs] 
2014-07-08T08:54:26.841+0000: 3072.390: [GC [PSYoungGen: 255290K->1054K(248768K)] 834129K->579988K(935744K), 0.0069400 secs] [Times: user=0.05 sys=0.00, real=0.00 secs] 
2014-07-08T08:54:27.678+0000: 3073.227: [GC [PSYoungGen: 248734K->708K(242432K)] 827668K->579682K(929408K), 0.0095290 secs] [Times: user=0.04 sys=0.00, real=0.01 secs] 
2014-07-08T08:54:28.586+0000: 3074.135: [GC [PSYoungGen: 242372K->1364K(237248K)] 821346K->580402K(924224K), 0.0101280 secs] [Times: user=0.07 sys=0.00, real=0.01 secs] 
2014-07-08T08:54:29.407+0000: 3074.956: [GC [PSYoungGen: 237202K->1602K(231872K)] 816241K->580712K(918848K), 0.0088910 secs] [Times: user=0.06 sys=0.00, real=0.01 secs] 
2014-07-08T08:54:30.148+0000: 3075.697: [GC [PSYoungGen: 231798K->672K(225536K)] 810909K->580149K(912512K), 0.0034010 secs] [Times: user=0.03 sys=0.00, real=0.01 secs] 
2014-07-08T08:54:30.938+0000: 3076.488: [GC [PSYoungGen: 225504K->1282K(271168K)] 804981K->580831K(958144K), 0.0135150 secs] [Times: user=0.07 sys=0.00, real=0.02 secs] 
2014-07-08T08:54:31.885+0000: 3077.434: [GC [PSYoungGen: 271106K->886K(324736K)] 850655K->580580K(1011712K), 0.0099940 secs] [Times: user=0.04 sys=0.00, real=0.01 secs] 
2014-07-08T08:54:33.021+0000: 3078.570: [GC [PSYoungGen: 324718K->1190K(316096K)] 904413K->580965K(1003072K), 0.0088260 secs] [Times: user=0.05 sys=0.00, real=0.01 secs] 
2014-07-08T08:54:34.129+0000: 3079.679: [GC [PSYoungGen: 316061K->1595K(307840K)] 895836K->581442K(994816K), 0.0086120 secs] [Times: user=0.06 sys=0.00, real=0.01 secs] 
2014-07-08T08:54:35.213+0000: 3080.763: [GC [PSYoungGen: 307835K->1292K(299328K)] 887682K->581195K(986304K), 0.0116840 secs] [Times: user=0.08 sys=0.01, real=0.01 secs] 
2014-07-08T08:54:36.277+0000: 3081.827: [GC [PSYoungGen: 299253K->936K(291008K)] 879156K->581448K(977984K), 0.0084780 secs] [Times: user=0.06 sys=0.00, real=0.01 secs] 
2014-07-08T08:54:37.345+0000: 3082.895: [GC [PSYoungGen: 290982K->1908K(284352K)] 871495K->582960K(971328K), 0.0095980 secs] [Times: user=0.07 sys=0.00, real=0.01 secs] 
2014-07-08T08:54:38.323+0000: 3083.872: [GC [PSYoungGen: 284302K->997K(339968K)] 865355K->583021K(1026944K), 0.0148590 secs] [Times: user=0.08 sys=0.01, real=0.01 secs] 
2014-07-08T08:54:39.535+0000: 3085.084: [GC [PSYoungGen: 339935K->1738K(408576K)] 921959K->583826K(1095552K), 0.0165180 secs] [Times: user=0.08 sys=0.00, real=0.01 secs] 
2014-07-08T08:54:40.996+0000: 3086.546: [GC [PSYoungGen: 408522K->1146K(395520K)] 990610K->583462K(1082496K), 0.0075210 secs] [Times: user=0.04 sys=0.01, real=0.01 secs] 
2014-07-08T08:54:42.354+0000: 3087.904: [GC [PSYoungGen: 395514K->990K(383488K)] 977830K->583354K(1070464K), 0.0056120 secs] [Times: user=0.03 sys=0.00, real=0.00 secs] 
2014-07-08T08:54:43.693+0000: 3089.242: [GC [PSYoungGen: 383454K->1086K(372160K)] 965818K->583514K(1059136K), 0.0042360 secs] [Times: user=0.03 sys=0.00, real=0.01 secs] 
2014-07-08T08:54:45.056+0000: 3090.605: [GC [PSYoungGen: 372158K->1320K(361472K)] 954586K->583828K(1048448K), 0.0122530 secs] [Times: user=0.08 sys=0.00, real=0.01 secs] 
2014-07-08T08:54:46.345+0000: 3091.895: [GC [PSYoungGen: 361448K->1352K(351104K)] 943956K->583924K(1038080K), 0.0049160 secs] [Times: user=0.02 sys=0.00, real=0.00 secs] 
2014-07-08T08:54:47.566+0000: 3093.115: [GC [PSYoungGen: 351048K->950K(340608K)] 933620K->583602K(1027584K), 0.0111620 secs] [Times: user=0.07 sys=0.00, real=0.01 secs] 
2014-07-08T08:54:48.738+0000: 3094.287: [GC [PSYoungGen: 340595K->811K(330880K)] 923247K->583527K(1017856K), 0.0038070 secs] [Times: user=0.03 sys=0.00, real=0.00 secs] 
2014-07-08T08:54:49.913+0000: 3095.462: [GC [PSYoungGen: 330859K->1140K(321984K)] 913575K->583912K(1008960K), 0.0074340 secs] [Times: user=0.05 sys=0.00, real=0.01 secs] 
2014-07-08T08:54:51.060+0000: 3096.610: [GC [PSYoungGen: 321972K->1108K(313152K)] 904744K->583960K(1000128K), 0.0098060 secs] [Times: user=0.06 sys=0.00, real=0.01 secs] 
2014-07-08T08:54:52.166+0000: 3097.716: [GC [PSYoungGen: 313108K->958K(304448K)] 895960K->583858K(991424K), 0.0043910 secs] [Times: user=0.03 sys=0.00, real=0.00 secs] 
2014-07-08T08:54:53.279+0000: 3098.828: [GC [PSYoungGen: 304446K->1292K(296640K)] 887346K->584248K(983616K), 0.0097420 secs] [Times: user=0.07 sys=0.00, real=0.01 secs] 
2014-07-08T08:54:54.312+0000: 3099.861: [GC [PSYoungGen: 296587K->1802K(289280K)] 879543K->584838K(976256K), 0.0080890 secs] [Times: user=0.04 sys=0.00, real=0.01 secs] 
2014-07-08T08:54:55.320+0000: 3100.869: [GC [PSYoungGen: 289226K->830K(280704K)] 872262K->584346K(967680K), 0.0150710 secs] [Times: user=0.10 sys=0.00, real=0.02 secs] 
2014-07-08T08:54:56.331+0000: 3101.880: [GC [PSYoungGen: 280702K->1612K(274304K)] 864218K->585184K(961280K), 0.0058630 secs] [Times: user=0.02 sys=0.00, real=0.01 secs] 
2014-07-08T08:54:57.301+0000: 3102.850: [GC [PSYoungGen: 274245K->1640K(267328K)] 857817K->585490K(954304K), 0.0105800 secs] [Times: user=0.07 sys=0.00, real=0.01 secs] 
2014-07-08T08:54:58.239+0000: 3103.789: [GC [PSYoungGen: 267304K->1748K(260736K)] 851154K->585678K(947712K), 0.0096700 secs] [Times: user=0.07 sys=0.00, real=0.01 secs] 
2014-07-08T08:54:59.117+0000: 3104.667: [GC [PSYoungGen: 260691K->1072K(253568K)] 844621K->585220K(940544K), 0.0084460 secs] [Times: user=0.04 sys=0.00, real=0.01 secs] 
2014-07-08T08:55:00.028+0000: 3105.577: [GC [PSYoungGen: 253552K->1154K(247488K)] 837700K->585366K(934464K), 0.0052550 secs] [Times: user=0.02 sys=0.00, real=0.00 secs] 
2014-07-08T08:55:00.970+0000: 3106.519: [GC [PSYoungGen: 247426K->1004K(241280K)] 831638K->585330K(928256K), 0.0046170 secs] [Times: user=0.02 sys=0.00, real=0.00 secs] 
2014-07-08T08:55:01.796+0000: 3107.345: [GC [PSYoungGen: 241260K->1238K(235776K)] 825586K->585620K(922752K), 0.0109880 secs] [Times: user=0.07 sys=0.00, real=0.01 secs] 
2014-07-08T08:55:02.624+0000: 3108.174: [GC [PSYoungGen: 235734K->882K(229824K)] 820116K->585312K(916800K), 0.0049160 secs] [Times: user=0.02 sys=0.00, real=0.01 secs] 
2014-07-08T08:55:03.414+0000: 3108.963: [GC [PSYoungGen: 229769K->1620K(225216K)] 814200K->586130K(912192K), 0.0110540 secs] [Times: user=0.07 sys=0.00, real=0.01 secs] 
2014-07-08T08:55:04.204+0000: 3109.753: [GC [PSYoungGen: 225152K->1326K(269632K)] 809662K->585909K(956608K), 0.0116480 secs] [Times: user=0.09 sys=0.00, real=0.01 secs] 
2014-07-08T08:55:05.136+0000: 3110.685: [GC [PSYoungGen: 269614K->1058K(262592K)] 854197K->585696K(949568K), 0.0053580 secs] [Times: user=0.03 sys=0.01, real=0.01 secs] 
2014-07-08T08:55:06.060+0000: 3111.609: [GC [PSYoungGen: 262562K->1022K(256000K)] 847200K->585748K(942976K), 0.0084960 secs] [Times: user=0.05 sys=0.01, real=0.01 secs] 
2014-07-08T08:55:06.980+0000: 3112.529: [GC [PSYoungGen: 255953K->1232K(249920K)] 840679K->586022K(936896K), 0.0090280 secs] [Times: user=0.06 sys=0.00, real=0.01 secs] 
2014-07-08T08:55:07.877+0000: 3113.426: [GC [PSYoungGen: 249872K->1004K(243584K)] 834662K->585874K(930560K), 0.0056790 secs] [Times: user=0.03 sys=0.00, real=0.01 secs] 
2014-07-08T08:55:08.733+0000: 3114.282: [GC [PSYoungGen: 243563K->740K(237504K)] 828433K->585682K(924480K), 0.0069210 secs] [Times: user=0.03 sys=0.00, real=0.01 secs] 
2014-07-08T08:55:09.590+0000: 3115.140: [GC [PSYoungGen: 237476K->986K(232128K)] 822418K->586008K(919104K), 0.0038620 secs] [Times: user=0.02 sys=0.00, real=0.00 secs] 
2014-07-08T08:55:10.434+0000: 3115.983: [GC [PSYoungGen: 232090K->1486K(278912K)] 817112K->586572K(965888K), 0.0166910 secs] [Times: user=0.10 sys=0.00, real=0.02 secs] 
2014-07-08T08:55:11.391+0000: 3116.940: [GC [PSYoungGen: 278841K->1320K(271552K)] 863928K->586635K(958528K), 0.0085460 secs] [Times: user=0.05 sys=0.00, real=0.01 secs] 
2014-07-08T08:55:12.326+0000: 3117.876: [GC [PSYoungGen: 271528K->1392K(325696K)] 856843K->586762K(1012672K), 0.0129750 secs] [Times: user=0.08 sys=0.00, real=0.02 secs] 
2014-07-08T08:55:13.495+0000: 3119.045: [GC [PSYoungGen: 325680K->1392K(383488K)] 911050K->586900K(1070464K), 0.0140850 secs] [Times: user=0.10 sys=0.00, real=0.02 secs] 
2014-07-08T08:55:14.824+0000: 3120.373: [GC [PSYoungGen: 383472K->1186K(371904K)] 968980K->586758K(1058880K), 0.0087450 secs] [Times: user=0.05 sys=0.00, real=0.01 secs] 
2014-07-08T08:55:16.146+0000: 3121.696: [GC [PSYoungGen: 371844K->893K(360704K)] 957417K->586826K(1047680K), 0.0106160 secs] [Times: user=0.06 sys=0.00, real=0.01 secs] 
2014-07-08T08:55:17.546+0000: 3123.095: [GC [PSYoungGen: 360678K->1904K(351296K)] 946611K->587949K(1038272K), 0.0098030 secs] [Times: user=0.07 sys=0.00, real=0.01 secs] 
2014-07-08T08:55:18.686+0000: 3124.235: [GC [PSYoungGen: 351264K->1068K(340416K)] 937309K->587343K(1027392K), 0.0055650 secs] [Times: user=0.02 sys=0.01, real=0.01 secs] 
2014-07-08T08:55:19.868+0000: 3125.417: [GC [PSYoungGen: 340391K->1132K(330880K)] 926666K->587479K(1017856K), 0.0101390 secs] [Times: user=0.06 sys=0.00, real=0.01 secs] 
2014-07-08T08:55:21.036+0000: 3126.585: [GC [PSYoungGen: 330860K->1166K(321728K)] 917207K->587561K(1008704K), 0.0107950 secs] [Times: user=0.07 sys=0.00, real=0.01 secs] 
2014-07-08T08:55:22.170+0000: 3127.719: [GC [PSYoungGen: 321677K->1204K(312896K)] 908072K->587655K(999872K), 0.0054790 secs] [Times: user=0.02 sys=0.00, real=0.00 secs] 
2014-07-08T08:55:23.295+0000: 3128.845: [GC [PSYoungGen: 312884K->1360K(304576K)] 899335K->587867K(991552K), 0.0067250 secs] [Times: user=0.04 sys=0.00, real=0.01 secs] 
2014-07-08T08:55:24.355+0000: 3129.904: [GC [PSYoungGen: 304528K->1164K(296192K)] 891035K->587743K(983168K), 0.0124600 secs] [Times: user=0.08 sys=0.00, real=0.01 secs] 
2014-07-08T08:55:25.392+0000: 3130.941: [GC [PSYoungGen: 296105K->1252K(288448K)] 882684K->588009K(975424K), 0.0093690 secs] [Times: user=0.07 sys=0.00, real=0.01 secs] 
2014-07-08T08:55:26.443+0000: 3131.992: [GC [PSYoungGen: 288420K->1416K(281088K)] 875177K->588221K(968064K), 0.0106230 secs] [Times: user=0.06 sys=0.01, real=0.01 secs] 
2014-07-08T08:55:27.412+0000: 3132.961: [GC [PSYoungGen: 281032K->1018K(273408K)] 867837K->588313K(960384K), 0.0072050 secs] [Times: user=0.05 sys=0.00, real=0.00 secs] 
2014-07-08T08:55:28.467+0000: 3134.017: [GC [PSYoungGen: 273394K->1697K(267136K)] 860689K->589072K(954112K), 0.0069490 secs] [Times: user=0.04 sys=0.00, real=0.01 secs] 
2014-07-08T08:55:29.333+0000: 3134.882: [GC [PSYoungGen: 267088K->1010K(259712K)] 854463K->588965K(946688K), 0.0099490 secs] [Times: user=0.07 sys=0.00, real=0.01 secs] 
2014-07-08T08:55:30.236+0000: 3135.785: [GC [PSYoungGen: 259681K->1428K(253696K)] 847636K->589447K(940672K), 0.0090040 secs] [Times: user=0.06 sys=0.00, real=0.01 secs] 
2014-07-08T08:55:31.137+0000: 3136.686: [GC [PSYoungGen: 253652K->1190K(247232K)] 841671K->589347K(934208K), 0.0039460 secs] [Times: user=0.02 sys=0.00, real=0.01 secs] 
2014-07-08T08:55:32.000+0000: 3137.550: [GC [PSYoungGen: 247191K->1452K(241536K)] 835348K->589682K(928512K), 0.0111360 secs] [Times: user=0.07 sys=0.00, real=0.01 secs] 
2014-07-08T08:55:32.850+0000: 3138.399: [GC [PSYoungGen: 241516K->922K(235264K)] 829746K->589215K(922240K), 0.0064060 secs] [Times: user=0.05 sys=0.00, real=0.01 secs] 
2014-07-08T08:55:33.737+0000: 3139.286: [GC [PSYoungGen: 235226K->1460K(230208K)] 823519K->589817K(917184K), 0.0105580 secs] [Times: user=0.06 sys=0.00, real=0.01 secs] 
2014-07-08T08:55:34.502+0000: 3140.051: [GC [PSYoungGen: 230196K->1452K(224832K)] 818553K->589865K(911808K), 0.0052550 secs] [Times: user=0.03 sys=0.00, real=0.00 secs] 
2014-07-08T08:55:35.265+0000: 3140.814: [GC [PSYoungGen: 224812K->1314K(219520K)] 813225K->589791K(906496K), 0.0095660 secs] [Times: user=0.05 sys=0.00, real=0.01 secs] 
2014-07-08T08:55:36.035+0000: 3141.584: [GC [PSYoungGen: 219490K->708K(213952K)] 807967K->589241K(900928K), 0.0084670 secs] [Times: user=0.05 sys=0.00, real=0.01 secs] 
2014-07-08T08:55:36.780+0000: 3142.329: [GC [PSYoungGen: 213891K->1302K(257216K)] 802424K->589932K(944192K), 0.0095650 secs] [Times: user=0.06 sys=0.00, real=0.01 secs] 
2014-07-08T08:55:37.698+0000: 3143.247: [GC [PSYoungGen: 257174K->1260K(308352K)] 845804K->589945K(995328K), 0.0155320 secs] [Times: user=0.06 sys=0.00, real=0.02 secs] 
2014-07-08T08:55:38.822+0000: 3144.371: [GC [PSYoungGen: 308332K->1118K(299904K)] 897017K->589891K(986880K), 0.0043950 secs] [Times: user=0.03 sys=0.00, real=0.00 secs] 
2014-07-08T08:55:39.830+0000: 3145.379: [GC [PSYoungGen: 299870K->836K(291648K)] 888643K->589697K(978624K), 0.0100440 secs] [Times: user=0.07 sys=0.00, real=0.01 secs] 
2014-07-08T08:55:40.907+0000: 3146.456: [GC [PSYoungGen: 291577K->1302K(350272K)] 880438K->590219K(1037248K), 0.0164680 secs] [Times: user=0.09 sys=0.00, real=0.02 secs] 
2014-07-08T08:55:42.123+0000: 3147.672: [GC [PSYoungGen: 350230K->1008K(339968K)] 939147K->590005K(1026944K), 0.0037120 secs] [Times: user=0.02 sys=0.00, real=0.00 secs] 
2014-07-08T08:55:43.386+0000: 3148.936: [GC [PSYoungGen: 339952K->1406K(330752K)] 928949K->590451K(1017728K), 0.0126620 secs] [Times: user=0.08 sys=0.00, real=0.01 secs] 
2014-07-08T08:55:44.549+0000: 3150.099: [GC [PSYoungGen: 330735K->1189K(321344K)] 919780K->590542K(1008320K), 0.0045170 secs] [Times: user=0.03 sys=0.00, real=0.01 secs] 
2014-07-08T08:55:45.643+0000: 3151.192: [GC [PSYoungGen: 321317K->1190K(312512K)] 910670K->590615K(999488K), 0.0046040 secs] [Times: user=0.03 sys=0.00, real=0.00 secs] 
2014-07-08T08:55:46.738+0000: 3152.287: [GC [PSYoungGen: 312486K->854K(303680K)] 901911K->590559K(990656K), 0.0035920 secs] [Times: user=0.03 sys=0.00, real=0.00 secs] 
2014-07-08T08:55:47.811+0000: 3153.360: [GC [PSYoungGen: 303627K->972K(295680K)] 893333K->590741K(982656K), 0.0118650 secs] [Times: user=0.08 sys=0.00, real=0.01 secs] 
2014-07-08T08:55:48.900+0000: 3154.450: [GC [PSYoungGen: 295628K->836K(287744K)] 885397K->590669K(974720K), 0.0086850 secs] [Times: user=0.05 sys=0.00, real=0.01 secs] 
2014-07-08T08:55:49.870+0000: 3155.420: [GC [PSYoungGen: 287684K->1318K(280640K)] 877517K->591239K(967616K), 0.0059820 secs] [Times: user=0.03 sys=0.01, real=0.01 secs] 
2014-07-08T08:55:50.848+0000: 3156.397: [GC [PSYoungGen: 280613K->922K(273024K)] 870534K->590899K(960000K), 0.0128710 secs] [Times: user=0.09 sys=0.00, real=0.01 secs] 
2014-07-08T08:55:51.812+0000: 3157.362: [GC [PSYoungGen: 272986K->1092K(266240K)] 862963K->591141K(953216K), 0.0050140 secs] [Times: user=0.02 sys=0.00, real=0.01 secs] 
2014-07-08T08:55:52.758+0000: 3158.308: [GC [PSYoungGen: 266180K->982K(259392K)] 856229K->591095K(946368K), 0.0047790 secs] [Times: user=0.02 sys=0.00, real=0.01 secs] 
2014-07-08T08:55:53.707+0000: 3159.257: [GC [PSYoungGen: 259350K->1450K(253376K)] 849463K->591651K(940352K), 0.0076790 secs] [Times: user=0.05 sys=0.00, real=0.01 secs] 
2014-07-08T08:55:54.570+0000: 3160.119: [GC [PSYoungGen: 253306K->1008K(246720K)] 843507K->591385K(933696K), 0.0106180 secs] [Times: user=0.06 sys=0.00, real=0.01 secs] 
2014-07-08T08:55:55.439+0000: 3160.988: [GC [PSYoungGen: 246702K->1246K(296128K)] 837079K->591695K(983104K), 0.0142100 secs] [Times: user=0.08 sys=0.00, real=0.01 secs] 
2014-07-08T08:55:56.529+0000: 3162.078: [GC [PSYoungGen: 296094K->1207K(288256K)] 886543K->591860K(975232K), 0.0073600 secs] [Times: user=0.05 sys=0.01, real=0.01 secs] 
2014-07-08T08:55:57.502+0000: 3163.051: [GC [PSYoungGen: 288218K->1050K(280576K)] 878872K->591751K(967552K), 0.0097010 secs] [Times: user=0.06 sys=0.00, real=0.01 secs] 
2014-07-08T08:55:58.517+0000: 3164.066: [GC [PSYoungGen: 280538K->1142K(273408K)] 871239K->591947K(960384K), 0.0084760 secs] [Times: user=0.06 sys=0.00, real=0.01 secs] 
2014-07-08T08:55:59.437+0000: 3164.986: [GC [PSYoungGen: 273398K->1282K(266624K)] 864203K->592167K(953600K), 0.0042500 secs] [Times: user=0.02 sys=0.00, real=0.00 secs] 
2014-07-08T08:56:00.373+0000: 3165.922: [GC [PSYoungGen: 266562K->866K(319232K)] 857447K->592017K(1006208K), 0.0195700 secs] [Times: user=0.10 sys=0.01, real=0.02 secs] 
2014-07-08T08:56:01.607+0000: 3167.157: [GC [PSYoungGen: 319162K->1584K(354496K)] 910314K->592938K(1041472K), 0.0092450 secs] [Times: user=0.05 sys=0.00, real=0.01 secs] 
2014-07-08T08:56:02.767+0000: 3168.316: [GC [PSYoungGen: 354480K->904K(343680K)] 945834K->592545K(1030656K), 0.0095140 secs] [Times: user=0.05 sys=0.00, real=0.01 secs] 
2014-07-08T08:56:03.960+0000: 3169.510: [GC [PSYoungGen: 343624K->1000K(334016K)] 935265K->592763K(1020992K), 0.0042670 secs] [Times: user=0.03 sys=0.00, real=0.00 secs] 
2014-07-08T08:56:05.132+0000: 3170.682: [GC [PSYoungGen: 333992K->1322K(324992K)] 925755K->593157K(1011968K), 0.0060740 secs] [Times: user=0.03 sys=0.00, real=0.01 secs] 
2014-07-08T08:56:06.395+0000: 3171.945: [GC [PSYoungGen: 324970K->1416K(316160K)] 916805K->593315K(1003136K), 0.0104620 secs] [Times: user=0.07 sys=0.00, real=0.01 secs] 
2014-07-08T08:56:07.429+0000: 3172.978: [GC [PSYoungGen: 316104K->804K(378496K)] 908003K->592873K(1065472K), 0.0207840 secs] [Times: user=0.06 sys=0.00, real=0.02 secs] 
2014-07-08T08:56:08.738+0000: 3174.288: [GC [PSYoungGen: 378468K->1160K(380480K)] 970537K->593286K(1067456K), 0.0166580 secs] [Times: user=0.10 sys=0.00, real=0.01 secs] 
2014-07-08T08:56:10.084+0000: 3175.633: [GC [PSYoungGen: 379848K->1104K(368576K)] 971974K->593325K(1055552K), 0.0075080 secs] [Times: user=0.05 sys=0.00, real=0.01 secs] 
2014-07-08T08:56:11.551+0000: 3177.100: [GC [PSYoungGen: 368493K->1712K(358400K)] 960714K->594006K(1045376K), 0.0085270 secs] [Times: user=0.06 sys=0.01, real=0.01 secs] 
2014-07-08T08:56:12.697+0000: 3178.246: [GC [PSYoungGen: 358384K->640K(347008K)] 950678K->593045K(1033984K), 0.0064510 secs] [Times: user=0.04 sys=0.01, real=0.00 secs] 
2014-07-08T08:56:13.903+0000: 3179.452: [GC [PSYoungGen: 347008K->1068K(337536K)] 939413K->593585K(1024512K), 0.0112520 secs] [Times: user=0.07 sys=0.01, real=0.01 secs] 
2014-07-08T08:56:15.090+0000: 3180.639: [GC [PSYoungGen: 337500K->854K(327872K)] 930018K->593493K(1014848K), 0.0063980 secs] [Times: user=0.05 sys=0.00, real=0.00 secs] 
2014-07-08T08:56:16.239+0000: 3181.789: [GC [PSYoungGen: 327804K->1380K(319296K)] 920443K->594092K(1006272K), 0.0125040 secs] [Times: user=0.08 sys=0.01, real=0.01 secs] 
2014-07-08T08:56:17.355+0000: 3182.904: [GC [PSYoungGen: 319268K->1168K(310336K)] 911980K->593943K(997312K), 0.0045480 secs] [Times: user=0.03 sys=0.00, real=0.01 secs] 
2014-07-08T08:56:18.479+0000: 3184.028: [GC [PSYoungGen: 310288K->1574K(302336K)] 903063K->594421K(989312K), 0.0070710 secs] [Times: user=0.05 sys=0.00, real=0.00 secs] 
2014-07-08T08:56:19.612+0000: 3185.161: [GC [PSYoungGen: 302310K->808K(293504K)] 895157K->594214K(980480K), 0.0125890 secs] [Times: user=0.09 sys=0.00, real=0.01 secs] 
2014-07-08T08:56:20.589+0000: 3186.138: [GC [PSYoungGen: 293480K->1838K(286784K)] 886886K->595332K(973760K), 0.0058430 secs] [Times: user=0.03 sys=0.01, real=0.00 secs] 
2014-07-08T08:56:21.696+0000: 3187.245: [GC [PSYoungGen: 286751K->1078K(278592K)] 880245K->595526K(965568K), 0.0077560 secs] [Times: user=0.03 sys=0.00, real=0.01 secs] 
2014-07-08T08:56:22.593+0000: 3188.143: [GC [PSYoungGen: 278575K->1706K(272064K)] 873023K->596202K(959040K), 0.0162770 secs] [Times: user=0.10 sys=0.00, real=0.02 secs] 
2014-07-08T08:56:23.554+0000: 3189.103: [GC [PSYoungGen: 272042K->1850K(265280K)] 866538K->596759K(952256K), 0.0088420 secs] [Times: user=0.04 sys=0.00, real=0.01 secs] 
2014-07-08T08:56:24.466+0000: 3190.015: [GC [PSYoungGen: 265274K->1620K(258432K)] 860183K->596584K(945408K), 0.0073560 secs] [Times: user=0.04 sys=0.00, real=0.01 secs] 
2014-07-08T08:56:25.343+0000: 3190.893: [GC [PSYoungGen: 258388K->1286K(309504K)] 853352K->596298K(996480K), 0.0190510 secs] [Times: user=0.13 sys=0.01, real=0.02 secs] 
2014-07-08T08:56:26.441+0000: 3191.990: [GC [PSYoungGen: 309446K->1232K(371072K)] 904458K->596292K(1058048K), 0.0098180 secs] [Times: user=0.06 sys=0.00, real=0.01 secs] 
2014-07-08T08:56:27.742+0000: 3193.292: [GC [PSYoungGen: 371024K->1254K(443776K)] 966084K->596386K(1130752K), 0.0122830 secs] [Times: user=0.09 sys=0.00, real=0.01 secs] 
2014-07-08T08:56:29.311+0000: 3194.861: [GC [PSYoungGen: 442726K->1050K(428672K)] 1037858K->596222K(1115648K), 0.0119240 secs] [Times: user=0.08 sys=0.00, real=0.01 secs] 
2014-07-08T08:56:30.873+0000: 3196.422: [GC [PSYoungGen: 428615K->1278K(415552K)] 1023787K->596726K(1102528K), 0.0100650 secs] [Times: user=0.06 sys=0.01, real=0.01 secs] 
2014-07-08T08:56:32.413+0000: 3197.963: [GC [PSYoungGen: 415550K->1926K(441536K)] 1010998K->597415K(1128512K), 0.0233520 secs] [Times: user=0.16 sys=0.00, real=0.02 secs] 
2014-07-08T08:56:33.884+0000: 3199.434: [GC [PSYoungGen: 441158K->722K(426176K)] 1036647K->596366K(1113152K), 0.0079320 secs] [Times: user=0.04 sys=0.00, real=0.01 secs] 
2014-07-08T08:56:35.396+0000: 3200.946: [GC [PSYoungGen: 426130K->1494K(413760K)] 1021774K->597203K(1100736K), 0.0074160 secs] [Times: user=0.05 sys=0.00, real=0.01 secs] 
2014-07-08T08:56:36.877+0000: 3202.426: [GC [PSYoungGen: 413718K->1118K(400704K)] 1009427K->596898K(1087680K), 0.0089830 secs] [Times: user=0.06 sys=0.00, real=0.01 secs] 
2014-07-08T08:56:38.261+0000: 3203.811: [GC [PSYoungGen: 400660K->1218K(388736K)] 996441K->597038K(1075712K), 0.0085890 secs] [Times: user=0.06 sys=0.00, real=0.00 secs] 
2014-07-08T08:56:39.664+0000: 3205.213: [GC [PSYoungGen: 388674K->1222K(377152K)] 984494K->597106K(1064128K), 0.0036470 secs] [Times: user=0.02 sys=0.00, real=0.00 secs] 
2014-07-08T08:56:41.016+0000: 3206.566: [GC [PSYoungGen: 377094K->968K(365760K)] 972978K->596908K(1052736K), 0.0093580 secs] [Times: user=0.06 sys=0.00, real=0.01 secs] 
2014-07-08T08:56:42.278+0000: 3207.827: [GC [PSYoungGen: 365704K->1174K(355328K)] 961644K->597178K(1042304K), 0.0150320 secs] [Times: user=0.10 sys=0.00, real=0.02 secs] 
2014-07-08T08:56:43.565+0000: 3209.114: [GC [PSYoungGen: 355258K->1588K(345472K)] 951263K->597633K(1032448K), 0.0119660 secs] [Times: user=0.07 sys=0.00, real=0.01 secs] 
2014-07-08T08:56:44.746+0000: 3210.295: [GC [PSYoungGen: 345460K->1040K(335168K)] 941505K->597148K(1022144K), 0.0085880 secs] [Times: user=0.06 sys=0.00, real=0.01 secs] 
2014-07-08T08:56:45.941+0000: 3211.491: [GC [PSYoungGen: 335120K->1474K(326208K)] 931228K->597687K(1013184K), 0.0114080 secs] [Times: user=0.09 sys=0.00, real=0.02 secs] 
2014-07-08T08:56:47.088+0000: 3212.637: [GC [PSYoungGen: 326103K->900K(316608K)] 922316K->597208K(1003584K), 0.0098320 secs] [Times: user=0.06 sys=0.01, real=0.01 secs] 
2014-07-08T08:56:48.201+0000: 3213.751: [GC [PSYoungGen: 316548K->1353K(308416K)] 912856K->597749K(995392K), 0.0063650 secs] [Times: user=0.04 sys=0.00, real=0.01 secs] 
2014-07-08T08:56:49.301+0000: 3214.851: [GC [PSYoungGen: 308361K->1118K(299840K)] 904757K->597594K(986816K), 0.0132980 secs] [Times: user=0.08 sys=0.00, real=0.02 secs] 
2014-07-08T08:56:50.383+0000: 3215.932: [GC [PSYoungGen: 299806K->1282K(292032K)] 896282K->597838K(979008K), 0.0044550 secs] [Times: user=0.02 sys=0.01, real=0.00 secs] 
2014-07-08T08:56:51.476+0000: 3217.025: [GC [PSYoungGen: 291970K->1504K(284544K)] 888526K->598261K(971520K), 0.0178630 secs] [Times: user=0.12 sys=0.00, real=0.02 secs] 
2014-07-08T08:56:52.484+0000: 3218.033: [GC [PSYoungGen: 284512K->1712K(277376K)] 881269K->598540K(964352K), 0.0112060 secs] [Times: user=0.06 sys=0.00, real=0.01 secs] 
2014-07-08T08:56:53.410+0000: 3218.959: [GC [PSYoungGen: 277360K->890K(331712K)] 874188K->598345K(1018688K), 0.0131790 secs] [Times: user=0.08 sys=0.00, real=0.02 secs] 
2014-07-08T08:56:54.616+0000: 3220.165: [GC [PSYoungGen: 331676K->1482K(398528K)] 929131K->599001K(1085504K), 0.0093880 secs] [Times: user=0.06 sys=0.00, real=0.01 secs] 
2014-07-08T08:56:55.984+0000: 3221.533: [GC [PSYoungGen: 398429K->1336K(386304K)] 995948K->599225K(1073280K), 0.0095440 secs] [Times: user=0.07 sys=0.00, real=0.01 secs] 
2014-07-08T08:56:57.454+0000: 3223.004: [GC [PSYoungGen: 386296K->1506K(374976K)] 984185K->599467K(1061952K), 0.0150590 secs] [Times: user=0.10 sys=0.00, real=0.01 secs] 
2014-07-08T08:56:58.684+0000: 3224.233: [GC [PSYoungGen: 374946K->1136K(363584K)] 972907K->599293K(1050560K), 0.0057430 secs] [Times: user=0.04 sys=0.00, real=0.00 secs] 
2014-07-08T08:56:59.944+0000: 3225.494: [GC [PSYoungGen: 363550K->1312K(353216K)] 961707K->599525K(1040192K), 0.0186510 secs] [Times: user=0.11 sys=0.00, real=0.01 secs] 
2014-07-08T08:57:01.186+0000: 3226.735: [GC [PSYoungGen: 353145K->1411K(343232K)] 951358K->599730K(1030208K), 0.0101660 secs] [Times: user=0.07 sys=0.00, real=0.01 secs] 
2014-07-08T08:57:02.474+0000: 3228.023: [GC [PSYoungGen: 343171K->1598K(333632K)] 941490K->599997K(1020608K), 0.0069020 secs] [Times: user=0.05 sys=0.00, real=0.01 secs] 
2014-07-08T08:57:03.611+0000: 3229.160: [GC [PSYoungGen: 333630K->686K(323392K)] 932029K->599467K(1010368K), 0.0118090 secs] [Times: user=0.07 sys=0.00, real=0.01 secs] 
2014-07-08T08:57:04.748+0000: 3230.297: [GC [PSYoungGen: 323374K->1168K(314944K)] 922155K->600037K(1001920K), 0.0119170 secs] [Times: user=0.08 sys=0.00, real=0.01 secs] 
2014-07-08T08:57:05.839+0000: 3231.388: [GC [PSYoungGen: 314896K->994K(306176K)] 913765K->600043K(993152K), 0.0082190 secs] [Times: user=0.05 sys=0.00, real=0.01 secs] 
2014-07-08T08:57:06.949+0000: 3232.499: [GC [PSYoungGen: 306145K->1402K(298304K)] 905195K->600507K(985280K), 0.0059960 secs] [Times: user=0.03 sys=0.00, real=0.01 secs] 
2014-07-08T08:57:07.966+0000: 3233.515: [GC [PSYoungGen: 298298K->1278K(290240K)] 897403K->600447K(977216K), 0.0056930 secs] [Times: user=0.02 sys=0.00, real=0.00 secs] 
2014-07-08T08:57:09.000+0000: 3234.550: [GC [PSYoungGen: 290213K->1128K(282496K)] 889383K->600377K(969472K), 0.0066010 secs] [Times: user=0.05 sys=0.00, real=0.01 secs] 
2014-07-08T08:57:09.988+0000: 3235.537: [GC [PSYoungGen: 282472K->1058K(275136K)] 881721K->600363K(962112K), 0.0058570 secs] [Times: user=0.03 sys=0.00, real=0.00 secs] 
2014-07-08T08:57:10.950+0000: 3236.499: [GC [PSYoungGen: 275106K->1008K(268032K)] 874411K->600377K(955008K), 0.0067230 secs] [Times: user=0.05 sys=0.00, real=0.01 secs] 
2014-07-08T08:57:11.918+0000: 3237.467: [GC [PSYoungGen: 268015K->1402K(261632K)] 867384K->600868K(948608K), 0.0088610 secs] [Times: user=0.06 sys=0.00, real=0.01 secs] 
2014-07-08T08:57:12.834+0000: 3238.383: [GC [PSYoungGen: 261626K->1268K(254976K)] 861092K->600789K(941952K), 0.0064580 secs] [Times: user=0.04 sys=0.00, real=0.01 secs] 
2014-07-08T08:57:13.723+0000: 3239.272: [GC [PSYoungGen: 254937K->936K(248384K)] 854458K->600866K(935360K), 0.0060560 secs] [Times: user=0.04 sys=0.00, real=0.01 secs] 
2014-07-08T08:57:14.629+0000: 3240.178: [GC [PSYoungGen: 248345K->1384K(242816K)] 848275K->601386K(929792K), 0.0065780 secs] [Times: user=0.04 sys=0.00, real=0.00 secs] 
2014-07-08T08:57:15.450+0000: 3240.999: [GC [PSYoungGen: 242792K->1050K(236672K)] 842794K->601107K(923648K), 0.0045670 secs] [Times: user=0.03 sys=0.00, real=0.00 secs] 
2014-07-08T08:57:16.276+0000: 3241.825: [GC [PSYoungGen: 236634K->1167K(231232K)] 836691K->601281K(918208K), 0.0077210 secs] [Times: user=0.05 sys=0.00, real=0.01 secs] 
2014-07-08T08:57:17.156+0000: 3242.705: [GC [PSYoungGen: 231183K->990K(225664K)] 831297K->601151K(912640K), 0.0067310 secs] [Times: user=0.04 sys=0.00, real=0.00 secs] 
2014-07-08T08:57:17.917+0000: 3243.467: [GC [PSYoungGen: 225630K->790K(220288K)] 825791K->601015K(907264K), 0.0072390 secs] [Times: user=0.04 sys=0.00, real=0.00 secs] 
2014-07-08T08:57:18.712+0000: 3244.261: [GC [PSYoungGen: 220246K->904K(215424K)] 820471K->601193K(902400K), 0.0062640 secs] [Times: user=0.04 sys=0.00, real=0.01 secs] 
2014-07-08T08:57:19.489+0000: 3245.038: [GC [PSYoungGen: 215368K->1200K(210816K)] 815657K->601577K(897792K), 0.0081950 secs] [Times: user=0.06 sys=0.00, real=0.01 secs] 
2014-07-08T08:57:20.190+0000: 3245.740: [GC [PSYoungGen: 210800K->1310K(206272K)] 811177K->601768K(893248K), 0.0059190 secs] [Times: user=0.03 sys=0.00, real=0.00 secs] 
2014-07-08T08:57:20.921+0000: 3246.471: [GC [PSYoungGen: 206238K->922K(201408K)] 806696K->601451K(888384K), 0.0038410 secs] [Times: user=0.03 sys=0.00, real=0.00 secs] 
2014-07-08T08:57:21.629+0000: 3247.178: [GC [PSYoungGen: 201370K->1192K(197312K)] 801899K->601794K(884288K), 0.0089830 secs] [Times: user=0.06 sys=0.00, real=0.01 secs] 
2014-07-08T08:57:22.433+0000: 3247.982: [GC [PSYoungGen: 197288K->1640K(193536K)] 797890K->602434K(880512K), 0.0109060 secs] [Times: user=0.07 sys=0.00, real=0.01 secs] 
2014-07-08T08:57:23.021+0000: 3248.570: [GC [PSYoungGen: 193512K->488K(230784K)] 794306K->601950K(917760K), 0.0073550 secs] [Times: user=0.05 sys=0.00, real=0.01 secs] 
2014-07-08T08:57:23.813+0000: 3249.362: [GC [PSYoungGen: 230727K->1780K(226688K)] 832189K->603583K(913664K), 0.0048660 secs] [Times: user=0.03 sys=0.00, real=0.01 secs] 
2014-07-08T08:57:24.661+0000: 3250.210: [GC [PSYoungGen: 226676K->1328K(221056K)] 828479K->603827K(908032K), 0.0074850 secs] [Times: user=0.05 sys=0.00, real=0.01 secs] 
2014-07-08T08:57:25.418+0000: 3250.968: [GC [PSYoungGen: 221040K->1980K(216704K)] 823539K->604535K(903680K), 0.0094520 secs] [Times: user=0.07 sys=0.01, real=0.00 secs] 
2014-07-08T08:57:26.138+0000: 3251.688: [GC [PSYoungGen: 216700K->1008K(258688K)] 819255K->603785K(945664K), 0.0103480 secs] [Times: user=0.06 sys=0.00, real=0.01 secs] 
2014-07-08T08:57:27.127+0000: 3252.676: [GC [PSYoungGen: 258672K->1424K(310720K)] 861449K->604265K(997696K), 0.0128600 secs] [Times: user=0.09 sys=0.00, real=0.02 secs] 
2014-07-08T08:57:28.180+0000: 3253.730: [GC [PSYoungGen: 310672K->772K(371968K)] 913513K->603709K(1058944K), 0.0107750 secs] [Times: user=0.06 sys=0.00, real=0.01 secs] 
2014-07-08T08:57:29.487+0000: 3255.037: [GC [PSYoungGen: 371883K->1410K(361664K)] 974821K->604419K(1048640K), 0.0051980 secs] [Times: user=0.03 sys=0.01, real=0.01 secs] 
2014-07-08T08:57:30.778+0000: 3256.328: [GC [PSYoungGen: 361602K->1438K(351168K)] 964611K->604503K(1038144K), 0.0141130 secs] [Times: user=0.09 sys=0.00, real=0.01 secs] 
2014-07-08T08:57:31.977+0000: 3257.527: [GC [PSYoungGen: 351087K->908K(340608K)] 954152K->604045K(1027584K), 0.0100990 secs] [Times: user=0.06 sys=0.00, real=0.01 secs] 
2014-07-08T08:57:33.272+0000: 3258.822: [GC [PSYoungGen: 340556K->1374K(331456K)] 943693K->604583K(1018432K), 0.0108540 secs] [Times: user=0.06 sys=0.01, real=0.01 secs] 
2014-07-08T08:57:34.381+0000: 3259.930: [GC [PSYoungGen: 331422K->1612K(322496K)] 934631K->604886K(1009472K), 0.0068250 secs] [Times: user=0.03 sys=0.00, real=0.00 secs] 
2014-07-08T08:57:35.575+0000: 3261.124: [GC [PSYoungGen: 322444K->1214K(313216K)] 925718K->604787K(1000192K), 0.0111590 secs] [Times: user=0.07 sys=0.00, real=0.01 secs] 
2014-07-08T08:57:36.694+0000: 3262.243: [GC [PSYoungGen: 313214K->1726K(305216K)] 916787K->605404K(992192K), 0.0084820 secs] [Times: user=0.06 sys=0.00, real=0.01 secs] 
2014-07-08T08:57:37.838+0000: 3263.387: [GC [PSYoungGen: 305205K->1314K(296640K)] 908883K->605139K(983616K), 0.0108590 secs] [Times: user=0.07 sys=0.00, real=0.01 secs] 
2014-07-08T08:57:38.738+0000: 3264.288: [GC [PSYoungGen: 296596K->936K(288384K)] 900422K->604817K(975360K), 0.0080080 secs] [Times: user=0.05 sys=0.00, real=0.01 secs] 
2014-07-08T08:57:39.752+0000: 3265.302: [GC [PSYoungGen: 288360K->772K(280704K)] 892241K->604709K(967680K), 0.0039130 secs] [Times: user=0.02 sys=0.00, real=0.00 secs] 
2014-07-08T08:57:40.742+0000: 3266.292: [GC [PSYoungGen: 280644K->1122K(273792K)] 884581K->605115K(960768K), 0.0177480 secs] [Times: user=0.11 sys=0.01, real=0.02 secs] 
2014-07-08T08:57:41.711+0000: 3267.260: [GC [PSYoungGen: 273760K->1250K(266944K)] 877753K->605323K(953920K), 0.0048250 secs] [Times: user=0.02 sys=0.00, real=0.00 secs] 
2014-07-08T08:57:42.829+0000: 3268.378: [GC [PSYoungGen: 266914K->1362K(260352K)] 870987K->605499K(947328K), 0.0047310 secs] [Times: user=0.03 sys=0.01, real=0.01 secs] 
2014-07-08T08:57:43.605+0000: 3269.154: [GC [PSYoungGen: 260306K->1374K(253888K)] 864443K->605576K(940864K), 0.0045200 secs] [Times: user=0.03 sys=0.00, real=0.00 secs] 
2014-07-08T08:57:44.481+0000: 3270.030: [GC [PSYoungGen: 253854K->1032K(247360K)] 858056K->605313K(934336K), 0.0044620 secs] [Times: user=0.02 sys=0.00, real=0.00 secs] 
2014-07-08T08:57:45.336+0000: 3270.885: [GC [PSYoungGen: 247304K->1526K(241792K)] 851585K->605930K(928768K), 0.0097430 secs] [Times: user=0.06 sys=0.00, real=0.01 secs] 
2014-07-08T08:57:46.165+0000: 3271.715: [GC [PSYoungGen: 241782K->1028K(235584K)] 846186K->605503K(922560K), 0.0079870 secs] [Times: user=0.06 sys=0.00, real=0.01 secs] 
2014-07-08T08:57:46.991+0000: 3272.540: [GC [PSYoungGen: 235524K->1040K(230016K)] 839999K->605595K(916992K), 0.0066510 secs] [Times: user=0.04 sys=0.00, real=0.01 secs] 
2014-07-08T08:57:47.945+0000: 3273.495: [GC [PSYoungGen: 229968K->1558K(225152K)] 834523K->606194K(912128K), 0.0054900 secs] [Times: user=0.04 sys=0.00, real=0.00 secs] 
2014-07-08T08:57:48.674+0000: 3274.224: [GC [PSYoungGen: 225110K->986K(219392K)] 829745K->605677K(906368K), 0.0080540 secs] [Times: user=0.06 sys=0.00, real=0.01 secs] 
2014-07-08T08:57:49.415+0000: 3274.964: [GC [PSYoungGen: 219354K->1332K(214720K)] 824045K->606095K(901696K), 0.0075650 secs] [Times: user=0.05 sys=0.01, real=0.01 secs] 
2014-07-08T08:57:50.149+0000: 3275.698: [GC [PSYoungGen: 214696K->1122K(209728K)] 819460K->605949K(896704K), 0.0079680 secs] [Times: user=0.05 sys=0.00, real=0.01 secs] 
2014-07-08T08:57:50.894+0000: 3276.443: [GC [PSYoungGen: 209698K->1172K(205184K)] 814525K->606103K(892160K), 0.0080150 secs] [Times: user=0.05 sys=0.00, real=0.01 secs] 
2014-07-08T08:57:51.641+0000: 3277.190: [GC [PSYoungGen: 205140K->886K(200384K)] 810071K->605873K(887360K), 0.0050860 secs] [Times: user=0.03 sys=0.00, real=0.01 secs] 
2014-07-08T08:57:52.319+0000: 3277.868: [GC [PSYoungGen: 200372K->1364K(196608K)] 805359K->606447K(883584K), 0.0077310 secs] [Times: user=0.05 sys=0.00, real=0.01 secs] 
2014-07-08T08:57:53.123+0000: 3278.672: [GC [PSYoungGen: 196564K->1414K(192512K)] 801647K->606601K(879488K), 0.0086800 secs] [Times: user=0.05 sys=0.00, real=0.00 secs] 
2014-07-08T08:57:53.705+0000: 3279.255: [GC [PSYoungGen: 192454K->954K(230208K)] 797641K->606213K(917184K), 0.0090880 secs] [Times: user=0.06 sys=0.00, real=0.01 secs] 
2014-07-08T08:57:54.496+0000: 3280.045: [GC [PSYoungGen: 230202K->972K(276160K)] 835461K->606263K(963136K), 0.0065680 secs] [Times: user=0.03 sys=0.00, real=0.01 secs] 
2014-07-08T08:57:55.519+0000: 3281.068: [GC [PSYoungGen: 276108K->1338K(331520K)] 881399K->606685K(1018496K), 0.0114080 secs] [Times: user=0.08 sys=0.00, real=0.01 secs] 
2014-07-08T08:57:56.693+0000: 3282.242: [GC [PSYoungGen: 331514K->1398K(397632K)] 936861K->606833K(1084608K), 0.0117650 secs] [Times: user=0.08 sys=0.00, real=0.01 secs] 
2014-07-08T08:57:58.105+0000: 3283.654: [GC [PSYoungGen: 397622K->1350K(385664K)] 1003057K->606857K(1072640K), 0.0059050 secs] [Times: user=0.03 sys=0.00, real=0.00 secs] 
2014-07-08T08:57:59.423+0000: 3284.972: [GC [PSYoungGen: 385591K->935K(373760K)] 991099K->606930K(1060736K), 0.0060660 secs] [Times: user=0.04 sys=0.00, real=0.01 secs] 
2014-07-08T08:58:00.763+0000: 3286.312: [GC [PSYoungGen: 373735K->1332K(363136K)] 979730K->607407K(1050112K), 0.0049030 secs] [Times: user=0.03 sys=0.00, real=0.01 secs] 
2014-07-08T08:58:02.005+0000: 3287.554: [GC [PSYoungGen: 363124K->1140K(352384K)] 969199K->607337K(1039360K), 0.0087190 secs] [Times: user=0.05 sys=0.01, real=0.01 secs] 
2014-07-08T08:58:03.389+0000: 3288.938: [GC [PSYoungGen: 352372K->1636K(342784K)] 958569K->607889K(1029760K), 0.0119980 secs] [Times: user=0.07 sys=0.00, real=0.01 secs] 
2014-07-08T08:58:04.624+0000: 3290.173: [GC [PSYoungGen: 342756K->822K(332288K)] 949009K->607757K(1019264K), 0.0067900 secs] [Times: user=0.03 sys=0.00, real=0.01 secs] 
2014-07-08T08:58:05.686+0000: 3291.236: [GC [PSYoungGen: 332278K->1808K(324032K)] 939213K->608800K(1011008K), 0.0090930 secs] [Times: user=0.06 sys=0.00, real=0.01 secs] 
2014-07-08T08:58:06.789+0000: 3292.339: [GC [PSYoungGen: 323984K->1168K(314496K)] 930976K->608437K(1001472K), 0.0077290 secs] [Times: user=0.04 sys=0.00, real=0.01 secs] 
2014-07-08T08:58:07.967+0000: 3293.516: [GC [PSYoungGen: 314448K->1662K(306368K)] 921717K->609027K(993344K), 0.0139510 secs] [Times: user=0.09 sys=0.01, real=0.01 secs] 
2014-07-08T08:58:08.993+0000: 3294.542: [GC [PSYoungGen: 306366K->940K(297472K)] 913731K->608385K(984448K), 0.0087730 secs] [Times: user=0.06 sys=0.01, real=0.01 secs] 
2014-07-08T08:58:10.053+0000: 3295.602: [GC [PSYoungGen: 297452K->890K(289536K)] 904897K->608391K(976512K), 0.0125730 secs] [Times: user=0.09 sys=0.00, real=0.02 secs] 
2014-07-08T08:58:11.076+0000: 3296.625: [GC [PSYoungGen: 289510K->1125K(347520K)] 897011K->608698K(1034496K), 0.0145780 secs] [Times: user=0.10 sys=0.00, real=0.01 secs] 
2014-07-08T08:58:12.304+0000: 3297.853: [GC [PSYoungGen: 347493K->1346K(417088K)] 955066K->608983K(1104064K), 0.0144680 secs] [Times: user=0.09 sys=0.00, real=0.02 secs] 
2014-07-08T08:58:13.784+0000: 3299.333: [GC [PSYoungGen: 417026K->1022K(403904K)] 1024663K->608723K(1090880K), 0.0045280 secs] [Times: user=0.02 sys=0.00, real=0.01 secs] 
2014-07-08T08:58:15.206+0000: 3300.756: [GC [PSYoungGen: 403902K->1394K(392064K)] 1011603K->609168K(1079040K), 0.0063300 secs] [Times: user=0.04 sys=0.00, real=0.00 secs] 
2014-07-08T08:58:16.644+0000: 3302.193: [GC [PSYoungGen: 392050K->1378K(380352K)] 999824K->609215K(1067328K), 0.0116900 secs] [Times: user=0.07 sys=0.00, real=0.02 secs] 
2014-07-08T08:58:17.944+0000: 3303.494: [GC [PSYoungGen: 380322K->1292K(369024K)] 988159K->609202K(1056000K), 0.0054560 secs] [Times: user=0.03 sys=0.01, real=0.01 secs] 
2014-07-08T08:58:19.242+0000: 3304.791: [GC [PSYoungGen: 368972K->1144K(358080K)] 976882K->609225K(1045056K), 0.0042310 secs] [Times: user=0.02 sys=0.00, real=0.01 secs] 
2014-07-08T08:58:20.566+0000: 3306.116: [GC [PSYoungGen: 358051K->1452K(348096K)] 966132K->609606K(1035072K), 0.0072690 secs] [Times: user=0.04 sys=0.00, real=0.00 secs] 
2014-07-08T08:58:21.743+0000: 3307.292: [GC [PSYoungGen: 348026K->1012K(337728K)] 956180K->609285K(1024704K), 0.0071540 secs] [Times: user=0.03 sys=0.00, real=0.01 secs] 
2014-07-08T08:58:22.991+0000: 3308.540: [GC [PSYoungGen: 337716K->1072K(328320K)] 945989K->609401K(1015296K), 0.0164810 secs] [Times: user=0.12 sys=0.00, real=0.02 secs] 
2014-07-08T08:58:24.089+0000: 3309.639: [GC [PSYoungGen: 328304K->886K(318976K)] 936633K->609303K(1005952K), 0.0089770 secs] [Times: user=0.06 sys=0.00, real=0.01 secs] 
2014-07-08T08:58:25.202+0000: 3310.751: [GC [PSYoungGen: 318966K->1286K(310656K)] 927383K->609775K(997632K), 0.0047070 secs] [Times: user=0.02 sys=0.00, real=0.00 secs] 
2014-07-08T08:58:26.290+0000: 3311.839: [GC [PSYoungGen: 310598K->1214K(302144K)] 919087K->609783K(989120K), 0.0073420 secs] [Times: user=0.05 sys=0.01, real=0.01 secs] 
2014-07-08T08:58:27.351+0000: 3312.901: [GC [PSYoungGen: 302097K->1438K(294336K)] 910667K->610119K(981312K), 0.0094030 secs] [Times: user=0.05 sys=0.00, real=0.01 secs] 
2014-07-08T08:58:28.493+0000: 3314.042: [GC [PSYoungGen: 294302K->804K(285952K)] 902983K->610019K(972928K), 0.0099130 secs] [Times: user=0.07 sys=0.00, real=0.01 secs] 
2014-07-08T08:58:29.399+0000: 3314.948: [GC [PSYoungGen: 285895K->1682K(279424K)] 895110K->610961K(966400K), 0.0095640 secs] [Times: user=0.07 sys=0.01, real=0.01 secs] 
2014-07-08T08:58:30.368+0000: 3315.917: [GC [PSYoungGen: 279378K->936K(271488K)] 888657K->610783K(958464K), 0.0097610 secs] [Times: user=0.04 sys=0.00, real=0.01 secs] 
2014-07-08T08:58:31.327+0000: 3316.876: [GC [PSYoungGen: 271462K->1118K(264768K)] 881309K->611045K(951744K), 0.0109870 secs] [Times: user=0.08 sys=0.00, real=0.02 secs] 
2014-07-08T08:58:32.263+0000: 3317.812: [GC [PSYoungGen: 264734K->1374K(258368K)] 874661K->611358K(945344K), 0.0106980 secs] [Times: user=0.07 sys=0.00, real=0.01 secs] 
2014-07-08T08:58:33.202+0000: 3318.751: [GC [PSYoungGen: 258325K->1174K(251776K)] 868309K->611214K(938752K), 0.0052540 secs] [Times: user=0.03 sys=0.00, real=0.00 secs] 
2014-07-08T08:58:34.068+0000: 3319.617: [GC [PSYoungGen: 251734K->722K(245184K)] 861774K->610825K(932160K), 0.0039570 secs] [Times: user=0.02 sys=0.00, real=0.00 secs] 
2014-07-08T08:58:34.905+0000: 3320.454: [GC [PSYoungGen: 245138K->1086K(294400K)] 855241K->611261K(981376K), 0.0164550 secs] [Times: user=0.10 sys=0.00, real=0.02 secs] 
2014-07-08T08:58:35.931+0000: 3321.481: [GC [PSYoungGen: 294398K->1090K(353152K)] 904573K->611321K(1040128K), 0.0119630 secs] [Times: user=0.08 sys=0.00, real=0.01 secs] 
2014-07-08T08:58:37.197+0000: 3322.747: [GC [PSYoungGen: 353090K->1086K(416768K)] 963321K->611421K(1103744K), 0.0166100 secs] [Times: user=0.10 sys=0.00, real=0.02 secs] 
2014-07-08T08:58:38.827+0000: 3324.377: [GC [PSYoungGen: 416062K->1200K(403456K)] 1026397K->611599K(1090432K), 0.0045080 secs] [Times: user=0.03 sys=0.00, real=0.01 secs] 
2014-07-08T08:58:40.112+0000: 3325.661: [GC [PSYoungGen: 403440K->1160K(391232K)] 1013839K->611624K(1078208K), 0.0154550 secs] [Times: user=0.11 sys=0.00, real=0.01 secs] 
2014-07-08T08:58:41.536+0000: 3327.085: [GC [PSYoungGen: 391176K->1074K(379392K)] 1001640K->612010K(1066368K), 0.0104850 secs] [Times: user=0.06 sys=0.01, real=0.01 secs] 
2014-07-08T08:58:42.895+0000: 3328.445: [GC [PSYoungGen: 379378K->1464K(368576K)] 990314K->612464K(1055552K), 0.0098750 secs] [Times: user=0.06 sys=0.00, real=0.01 secs] 
2014-07-08T08:58:44.151+0000: 3329.701: [GC [PSYoungGen: 368568K->958K(357312K)] 979568K->612476K(1044288K), 0.0086250 secs] [Times: user=0.05 sys=0.01, real=0.00 secs] 
2014-07-08T08:58:45.456+0000: 3331.005: [GC [PSYoungGen: 357310K->1769K(347840K)] 968828K->613471K(1034816K), 0.0066620 secs] [Times: user=0.03 sys=0.00, real=0.01 secs] 
2014-07-08T08:58:46.689+0000: 3332.238: [GC [PSYoungGen: 347785K->880K(337088K)] 959487K->613344K(1024064K), 0.0096270 secs] [Times: user=0.06 sys=0.00, real=0.01 secs] 
2014-07-08T08:58:47.869+0000: 3333.419: [GC [PSYoungGen: 337072K->1531K(328256K)] 949536K->614083K(1015232K), 0.0062180 secs] [Times: user=0.04 sys=0.01, real=0.01 secs] 
2014-07-08T08:58:49.040+0000: 3334.589: [GC [PSYoungGen: 328251K->1040K(318720K)] 940803K->613780K(1005696K), 0.0161080 secs] [Times: user=0.11 sys=0.00, real=0.02 secs] 
2014-07-08T08:58:50.149+0000: 3335.698: [GC [PSYoungGen: 318600K->1289K(310272K)] 931340K->614125K(997248K), 0.0081870 secs] [Times: user=0.05 sys=0.00, real=0.01 secs] 
2014-07-08T08:58:51.262+0000: 3336.811: [GC [PSYoungGen: 310217K->1282K(301888K)] 923053K->614198K(988864K), 0.0060460 secs] [Times: user=0.03 sys=0.00, real=0.00 secs] 
2014-07-08T08:58:52.340+0000: 3337.889: [GC [PSYoungGen: 301826K->1396K(293888K)] 914742K->614384K(980864K), 0.0099920 secs] [Times: user=0.07 sys=0.00, real=0.01 secs] 
2014-07-08T08:58:53.384+0000: 3338.933: [GC [PSYoungGen: 293835K->1146K(285888K)] 906823K->614352K(972864K), 0.0103470 secs] [Times: user=0.07 sys=0.00, real=0.01 secs] 
2014-07-08T08:58:54.398+0000: 3339.947: [GC [PSYoungGen: 285848K->1082K(278400K)] 899054K->614368K(965376K), 0.0084990 secs] [Times: user=0.06 sys=0.00, real=0.01 secs] 
2014-07-08T08:58:55.373+0000: 3340.922: [GC [PSYoungGen: 278388K->1296K(271488K)] 891674K->614678K(958464K), 0.0102930 secs] [Times: user=0.06 sys=0.01, real=0.01 secs] 
2014-07-08T08:58:56.356+0000: 3341.906: [GC [PSYoungGen: 271436K->1018K(264256K)] 884818K->614456K(951232K), 0.0117410 secs] [Times: user=0.08 sys=0.00, real=0.01 secs] 
2014-07-08T08:58:57.279+0000: 3342.829: [GC [PSYoungGen: 264220K->1238K(257920K)] 877658K->614806K(944896K), 0.0061190 secs] [Times: user=0.03 sys=0.00, real=0.01 secs] 
2014-07-08T08:58:58.203+0000: 3343.753: [GC [PSYoungGen: 257878K->1292K(251584K)] 871446K->614932K(938560K), 0.0086810 secs] [Times: user=0.06 sys=0.00, real=0.01 secs] 
2014-07-08T08:58:59.089+0000: 3344.639: [GC [PSYoungGen: 251532K->914K(301248K)] 865172K->614594K(988224K), 0.0148910 secs] [Times: user=0.10 sys=0.00, real=0.02 secs] 
2014-07-08T08:59:00.150+0000: 3345.699: [GC [PSYoungGen: 301183K->1008K(293248K)] 914863K->614736K(980224K), 0.0041290 secs] [Times: user=0.02 sys=0.00, real=0.01 secs] 
2014-07-08T08:59:01.183+0000: 3346.733: [GC [PSYoungGen: 293215K->1040K(285568K)] 906943K->614816K(972544K), 0.0064730 secs] [Times: user=0.03 sys=0.00, real=0.00 secs] 
2014-07-08T08:59:02.182+0000: 3347.732: [GC [PSYoungGen: 285520K->936K(278016K)] 899296K->614784K(964992K), 0.0091850 secs] [Times: user=0.07 sys=0.00, real=0.00 secs] 
2014-07-08T08:59:03.219+0000: 3348.768: [GC [PSYoungGen: 277992K->890K(270784K)] 891840K->614802K(957760K), 0.0044990 secs] [Times: user=0.02 sys=0.01, real=0.01 secs] 
2014-07-08T08:59:04.129+0000: 3349.678: [GC [PSYoungGen: 270778K->1178K(264256K)] 884690K->615170K(951232K), 0.0089520 secs] [Times: user=0.06 sys=0.01, real=0.01 secs] 
2014-07-08T08:59:05.044+0000: 3350.594: [GC [PSYoungGen: 264218K->858K(257344K)] 878210K->614906K(944320K), 0.0038300 secs] [Times: user=0.02 sys=0.00, real=0.00 secs] 
2014-07-08T08:59:05.942+0000: 3351.491: [GC [PSYoungGen: 257306K->990K(251136K)] 871354K->615086K(938112K), 0.0053290 secs] [Times: user=0.03 sys=0.00, real=0.01 secs] 
2014-07-08T08:59:06.853+0000: 3352.402: [GC [PSYoungGen: 251102K->1090K(245120K)] 865198K->615250K(932096K), 0.0102780 secs] [Times: user=0.06 sys=0.00, real=0.01 secs] 
2014-07-08T08:59:07.783+0000: 3353.332: [GC [PSYoungGen: 245058K->1396K(239488K)] 859218K->615644K(926464K), 0.0049050 secs] [Times: user=0.03 sys=0.00, real=0.01 secs] 
2014-07-08T08:59:08.592+0000: 3354.141: [GC [PSYoungGen: 239456K->690K(233088K)] 853704K->615536K(920064K), 0.0110300 secs] [Times: user=0.06 sys=0.00, real=0.02 secs] 
2014-07-08T08:59:09.390+0000: 3354.940: [GC [PSYoungGen: 233074K->1654K(228544K)] 847920K->616913K(915520K), 0.0050270 secs] [Times: user=0.02 sys=0.01, real=0.01 secs] 
2014-07-08T08:59:10.187+0000: 3355.737: [GC [PSYoungGen: 228534K->1010K(222656K)] 843793K->617362K(909632K), 0.0084090 secs] [Times: user=0.05 sys=0.00, real=0.01 secs] 
2014-07-08T08:59:10.978+0000: 3356.527: [GC [PSYoungGen: 222642K->804K(217344K)] 838994K->617228K(904320K), 0.0099330 secs] [Times: user=0.08 sys=0.00, real=0.01 secs] 
2014-07-08T08:59:11.775+0000: 3357.324: [GC [PSYoungGen: 217316K->1040K(212672K)] 833740K->617544K(899648K), 0.0090310 secs] [Times: user=0.07 sys=0.00, real=0.00 secs] 
2014-07-08T08:59:12.518+0000: 3358.068: [GC [PSYoungGen: 212576K->1142K(208000K)] 829080K->617702K(894976K), 0.0039820 secs] [Times: user=0.02 sys=0.01, real=0.00 secs] 
2014-07-08T08:59:13.240+0000: 3358.789: [GC [PSYoungGen: 207989K->1195K(203520K)] 824549K->617835K(890496K), 0.0037340 secs] [Times: user=0.02 sys=0.00, real=0.00 secs] 
2014-07-08T08:59:14.008+0000: 3359.558: [GC [PSYoungGen: 203489K->1518K(199424K)] 820129K->618238K(886400K), 0.0042830 secs] [Times: user=0.03 sys=0.00, real=0.00 secs] 
2014-07-08T08:59:14.662+0000: 3360.211: [GC [PSYoungGen: 199406K->1000K(194624K)] 816126K->617784K(881600K), 0.0049790 secs] [Times: user=0.03 sys=0.00, real=0.01 secs] 
2014-07-08T08:59:15.321+0000: 3360.870: [GC [PSYoungGen: 194600K->1374K(190912K)] 811384K->618206K(877888K), 0.0052990 secs] [Times: user=0.02 sys=0.00, real=0.01 secs] 
2014-07-08T08:59:15.971+0000: 3361.521: [GC [PSYoungGen: 190878K->1158K(186752K)] 807710K->618030K(873728K), 0.0049140 secs] [Times: user=0.02 sys=0.00, real=0.01 secs] 
2014-07-08T08:59:16.632+0000: 3362.181: [GC [PSYoungGen: 186694K->1722K(224384K)] 803566K->618650K(911360K), 0.0211840 secs] [Times: user=0.14 sys=0.00, real=0.02 secs] 
2014-07-08T08:59:17.436+0000: 3362.985: [GC [PSYoungGen: 224378K->930K(268160K)] 841306K->618146K(955136K), 0.0086290 secs] [Times: user=0.05 sys=0.00, real=0.00 secs] 
2014-07-08T08:59:18.388+0000: 3363.937: [GC [PSYoungGen: 268130K->1304K(321984K)] 885346K->618592K(1008960K), 0.0045060 secs] [Times: user=0.02 sys=0.01, real=0.00 secs] 
2014-07-08T08:59:19.525+0000: 3365.074: [GC [PSYoungGen: 321944K->1256K(313088K)] 939232K->618656K(1000064K), 0.0073340 secs] [Times: user=0.05 sys=0.00, real=0.00 secs] 
2014-07-08T08:59:20.634+0000: 3366.183: [GC [PSYoungGen: 313064K->1478K(304832K)] 930464K->618926K(991808K), 0.0095290 secs] [Times: user=0.06 sys=0.00, real=0.01 secs] 
2014-07-08T08:59:21.724+0000: 3367.274: [GC [PSYoungGen: 304774K->950K(296064K)] 922222K->618874K(983040K), 0.0091300 secs] [Times: user=0.06 sys=0.01, real=0.01 secs] 
2014-07-08T08:59:22.736+0000: 3368.286: [GC [PSYoungGen: 296054K->1292K(288576K)] 913978K->619320K(975552K), 0.0067180 secs] [Times: user=0.04 sys=0.00, real=0.00 secs] 
2014-07-08T08:59:23.753+0000: 3369.303: [GC [PSYoungGen: 288524K->1210K(280896K)] 906552K->619318K(967872K), 0.0040390 secs] [Times: user=0.01 sys=0.00, real=0.01 secs] 
2014-07-08T08:59:24.723+0000: 3370.273: [GC [PSYoungGen: 280890K->1026K(336704K)] 898998K->619190K(1023680K), 0.0252200 secs] [Times: user=0.17 sys=0.01, real=0.03 secs] 
2014-07-08T08:59:25.906+0000: 3371.456: [GC [PSYoungGen: 336625K->1114K(327296K)] 954789K->619318K(1014272K), 0.0047570 secs] [Times: user=0.02 sys=0.00, real=0.00 secs] 
2014-07-08T08:59:27.050+0000: 3372.600: [GC [PSYoungGen: 327258K->1004K(318080K)] 945462K->619280K(1005056K), 0.0126260 secs] [Times: user=0.09 sys=0.00, real=0.01 secs] 
2014-07-08T08:59:28.180+0000: 3373.729: [GC [PSYoungGen: 318060K->1428K(309824K)] 936336K->619768K(996800K), 0.0056390 secs] [Times: user=0.02 sys=0.00, real=0.00 secs] 
2014-07-08T08:59:29.366+0000: 3374.916: [GC [PSYoungGen: 309780K->1724K(301696K)] 928120K->620136K(988672K), 0.0043880 secs] [Times: user=0.02 sys=0.00, real=0.00 secs] 
2014-07-08T08:59:30.329+0000: 3375.879: [GC [PSYoungGen: 301692K->434K(292352K)] 920104K->619564K(979328K), 0.0144840 secs] [Times: user=0.09 sys=0.00, real=0.01 secs] 
2014-07-08T08:59:31.371+0000: 3376.920: [GC [PSYoungGen: 292303K->1410K(285632K)] 911434K->620596K(972608K), 0.0081750 secs] [Times: user=0.06 sys=0.00, real=0.01 secs] 
2014-07-08T08:59:32.384+0000: 3377.933: [GC [PSYoungGen: 285569K->1264K(278016K)] 904756K->620678K(964992K), 0.0060520 secs] [Times: user=0.04 sys=0.00, real=0.01 secs] 
2014-07-08T08:59:33.450+0000: 3378.999: [GC [PSYoungGen: 277997K->1648K(271296K)] 897411K->621150K(958272K), 0.0075120 secs] [Times: user=0.05 sys=0.00, real=0.01 secs] 
2014-07-08T08:59:34.414+0000: 3379.964: [GC [PSYoungGen: 271280K->824K(263616K)] 890782K->621027K(950592K), 0.0068510 secs] [Times: user=0.03 sys=0.01, real=0.01 secs] 
2014-07-08T08:59:35.242+0000: 3380.791: [GC [PSYoungGen: 263608K->1518K(257728K)] 883811K->621784K(944704K), 0.0090170 secs] [Times: user=0.07 sys=0.00, real=0.01 secs] 
2014-07-08T08:59:36.151+0000: 3381.700: [GC [PSYoungGen: 257710K->1158K(308672K)] 877976K->621842K(995648K), 0.0145580 secs] [Times: user=0.09 sys=0.00, real=0.01 secs] 
2014-07-08T08:59:37.249+0000: 3382.799: [GC [PSYoungGen: 308614K->1172K(370176K)] 929298K->621944K(1057152K), 0.0119370 secs] [Times: user=0.08 sys=0.00, real=0.01 secs] 
2014-07-08T08:59:38.551+0000: 3384.101: [GC [PSYoungGen: 370132K->1452K(359616K)] 990904K->622339K(1046592K), 0.0082810 secs] [Times: user=0.05 sys=0.00, real=0.01 secs] 
2014-07-08T08:59:39.832+0000: 3385.382: [GC [PSYoungGen: 359550K->1166K(348992K)] 980437K->622117K(1035968K), 0.0078170 secs] [Times: user=0.06 sys=0.00, real=0.01 secs] 
2014-07-08T08:59:41.019+0000: 3386.568: [GC [PSYoungGen: 348942K->1008K(338816K)] 969893K->622014K(1025792K), 0.0044630 secs] [Times: user=0.02 sys=0.00, real=0.00 secs] 
2014-07-08T08:59:42.218+0000: 3387.767: [GC [PSYoungGen: 338800K->790K(329088K)] 959806K->621852K(1016064K), 0.0054380 secs] [Times: user=0.03 sys=0.00, real=0.00 secs] 
2014-07-08T08:59:43.402+0000: 3388.951: [GC [PSYoungGen: 329046K->1338K(320448K)] 950108K->622480K(1007424K), 0.0051240 secs] [Times: user=0.03 sys=0.00, real=0.00 secs] 
2014-07-08T08:59:44.658+0000: 3390.207: [GC [PSYoungGen: 320442K->1288K(311680K)] 941584K->622470K(998656K), 0.0227410 secs] [Times: user=0.11 sys=0.00, real=0.03 secs] 
2014-07-08T08:59:45.663+0000: 3391.212: [GC [PSYoungGen: 311624K->1078K(302976K)] 932806K->622587K(989952K), 0.0129780 secs] [Times: user=0.09 sys=0.00, real=0.01 secs] 
2014-07-08T08:59:46.705+0000: 3392.254: [GC [PSYoungGen: 302966K->1242K(295040K)] 924475K->622823K(982016K), 0.0081530 secs] [Times: user=0.06 sys=0.00, real=0.01 secs] 
2014-07-08T08:59:47.793+0000: 3393.342: [GC [PSYoungGen: 295002K->1192K(287168K)] 916583K->622903K(974144K), 0.0085880 secs] [Times: user=0.05 sys=0.00, real=0.01 secs] 
2014-07-08T08:59:48.748+0000: 3394.298: [GC [PSYoungGen: 287144K->954K(279424K)] 908855K->622720K(966400K), 0.0074050 secs] [Times: user=0.04 sys=0.01, real=0.01 secs] 
2014-07-08T08:59:49.841+0000: 3395.390: [GC [PSYoungGen: 279418K->1186K(272512K)] 901184K->623001K(959488K), 0.0102420 secs] [Times: user=0.06 sys=0.00, real=0.01 secs] 
2014-07-08T08:59:50.731+0000: 3396.280: [GC [PSYoungGen: 272482K->1396K(265792K)] 894297K->623267K(952768K), 0.0087680 secs] [Times: user=0.05 sys=0.00, real=0.00 secs] 
2014-07-08T08:59:51.695+0000: 3397.244: [GC [PSYoungGen: 265780K->894K(318208K)] 887651K->623033K(1005184K), 0.0151510 secs] [Times: user=0.07 sys=0.00, real=0.02 secs] 
2014-07-08T08:59:52.846+0000: 3398.396: [GC [PSYoungGen: 318206K->1288K(309952K)] 940345K->623499K(996928K), 0.0059710 secs] [Times: user=0.03 sys=0.00, real=0.01 secs] 
2014-07-08T08:59:53.876+0000: 3399.425: [GC [PSYoungGen: 309896K->1122K(301376K)] 932107K->623445K(988352K), 0.0088710 secs] [Times: user=0.06 sys=0.00, real=0.01 secs] 
2014-07-08T08:59:54.938+0000: 3400.487: [GC [PSYoungGen: 301346K->868K(293056K)] 923669K->623278K(980032K), 0.0103690 secs] [Times: user=0.07 sys=0.00, real=0.01 secs] 
2014-07-08T08:59:55.964+0000: 3401.513: [GC [PSYoungGen: 293028K->1164K(285632K)] 915438K->623631K(972608K), 0.0052410 secs] [Times: user=0.03 sys=0.00, real=0.00 secs] 
2014-07-08T08:59:56.968+0000: 3402.517: [GC [PSYoungGen: 285580K->1176K(278208K)] 908047K->623699K(965184K), 0.0040790 secs] [Times: user=0.02 sys=0.00, real=0.01 secs] 
2014-07-08T08:59:57.984+0000: 3403.533: [GC [PSYoungGen: 278168K->940K(270784K)] 900691K->623755K(957760K), 0.0085340 secs] [Times: user=0.06 sys=0.00, real=0.01 secs] 
2014-07-08T08:59:58.922+0000: 3404.471: [GC [PSYoungGen: 270764K->954K(263936K)] 893579K->623833K(950912K), 0.0120800 secs] [Times: user=0.08 sys=0.01, real=0.01 secs] 
2014-07-08T08:59:59.921+0000: 3405.470: [GC [PSYoungGen: 263930K->772K(316416K)] 886809K->623748K(1003392K), 0.0180390 secs] [Times: user=0.12 sys=0.00, real=0.02 secs] 
2014-07-08T09:00:01.001+0000: 3406.551: [GC [PSYoungGen: 316356K->1122K(372800K)] 939332K->624179K(1059776K), 0.0080340 secs] [Times: user=0.06 sys=0.00, real=0.00 secs] 
2014-07-08T09:00:02.322+0000: 3407.872: [GC [PSYoungGen: 372322K->1118K(380288K)] 995379K->624231K(1067264K), 0.0158290 secs] [Times: user=0.10 sys=0.00, real=0.01 secs] 
2014-07-08T09:00:03.753+0000: 3409.302: [GC [PSYoungGen: 379870K->1484K(380288K)] 1002983K->624669K(1067264K), 0.0147720 secs] [Times: user=0.08 sys=0.00, real=0.01 secs] 
2014-07-08T09:00:05.030+0000: 3410.580: [GC [PSYoungGen: 380236K->968K(368512K)] 1003421K->624217K(1055488K), 0.0042310 secs] [Times: user=0.02 sys=0.00, real=0.01 secs] 
2014-07-08T09:00:06.286+0000: 3411.835: [GC [PSYoungGen: 368456K->1204K(442240K)] 991705K->624501K(1129216K), 0.0209030 secs] [Times: user=0.10 sys=0.00, real=0.02 secs] 
2014-07-08T09:00:07.859+0000: 3413.409: [GC [PSYoungGen: 442228K->958K(428096K)] 1065525K->624319K(1115072K), 0.0101790 secs] [Times: user=0.05 sys=0.00, real=0.01 secs] 
2014-07-08T09:00:09.406+0000: 3414.955: [GC [PSYoungGen: 428094K->1192K(415040K)] 1051455K->624593K(1102016K), 0.0072200 secs] [Times: user=0.03 sys=0.01, real=0.01 secs] 
2014-07-08T09:00:10.869+0000: 3416.419: [GC [PSYoungGen: 414999K->1072K(402176K)] 1038400K->624553K(1089152K), 0.0113480 secs] [Times: user=0.06 sys=0.00, real=0.01 secs] 
2014-07-08T09:00:12.277+0000: 3417.826: [GC [PSYoungGen: 402140K->1228K(390208K)] 1025621K->624765K(1077184K), 0.0076130 secs] [Times: user=0.04 sys=0.00, real=0.01 secs] 
2014-07-08T09:00:13.779+0000: 3419.328: [GC [PSYoungGen: 390156K->748K(378048K)] 1013693K->624809K(1065024K), 0.0094980 secs] [Times: user=0.06 sys=0.00, real=0.01 secs] 
2014-07-08T09:00:15.002+0000: 3420.552: [GC [PSYoungGen: 378028K->1518K(367616K)] 1002089K->625751K(1054592K), 0.0117780 secs] [Times: user=0.08 sys=0.00, real=0.02 secs] 
2014-07-08T09:00:16.298+0000: 3421.847: [GC [PSYoungGen: 367598K->826K(356224K)] 991831K->625671K(1043200K), 0.0078120 secs] [Times: user=0.06 sys=0.00, real=0.01 secs] 
2014-07-08T09:00:17.576+0000: 3423.125: [GC [PSYoungGen: 356213K->1406K(346560K)] 981058K->626299K(1033536K), 0.0115590 secs] [Times: user=0.07 sys=0.00, real=0.01 secs] 
2014-07-08T09:00:18.844+0000: 3424.394: [GC [PSYoungGen: 346558K->1122K(336448K)] 971451K->626241K(1023424K), 0.0093730 secs] [Times: user=0.06 sys=0.00, real=0.00 secs] 
2014-07-08T09:00:20.013+0000: 3425.563: [GC [PSYoungGen: 336415K->1564K(327424K)] 961535K->626755K(1014400K), 0.0116490 secs] [Times: user=0.07 sys=0.00, real=0.02 secs] 
2014-07-08T09:00:21.129+0000: 3426.678: [GC [PSYoungGen: 327353K->739K(317504K)] 952544K->626562K(1004480K), 0.0100060 secs] [Times: user=0.06 sys=0.00, real=0.01 secs] 
2014-07-08T09:00:22.229+0000: 3427.778: [GC [PSYoungGen: 317475K->1472K(309568K)] 943298K->627359K(996544K), 0.0082620 secs] [Times: user=0.06 sys=0.01, real=0.01 secs] 
2014-07-08T09:00:23.338+0000: 3428.888: [GC [PSYoungGen: 309504K->1246K(300928K)] 935391K->627529K(987904K), 0.0110660 secs] [Times: user=0.06 sys=0.00, real=0.01 secs] 
2014-07-08T09:00:24.405+0000: 3429.954: [GC [PSYoungGen: 300894K->1274K(360896K)] 927177K->627597K(1047872K), 0.0186130 secs] [Times: user=0.10 sys=0.00, real=0.01 secs] 
2014-07-08T09:00:25.730+0000: 3431.279: [GC [PSYoungGen: 360890K->1072K(432640K)] 987213K->627587K(1119616K), 0.0170730 secs] [Times: user=0.12 sys=0.00, real=0.02 secs] 
2014-07-08T09:00:27.191+0000: 3432.740: [GC [PSYoungGen: 432624K->1282K(419392K)] 1059139K->627837K(1106368K), 0.0060840 secs] [Times: user=0.02 sys=0.00, real=0.01 secs] 
2014-07-08T09:00:28.744+0000: 3434.294: [GC [PSYoungGen: 419316K->936K(406080K)] 1045872K->628067K(1093056K), 0.0049460 secs] [Times: user=0.03 sys=0.00, real=0.01 secs] 
2014-07-08T09:00:30.149+0000: 3435.698: [GC [PSYoungGen: 406014K->1721K(394496K)] 1033145K->629157K(1081472K), 0.0039050 secs] [Times: user=0.02 sys=0.00, real=0.00 secs] 
2014-07-08T09:00:31.506+0000: 3437.056: [GC [PSYoungGen: 394489K->830K(381760K)] 1021925K->628951K(1068736K), 0.0145970 secs] [Times: user=0.09 sys=0.00, real=0.01 secs] 
2014-07-08T09:00:32.815+0000: 3438.364: [GC [PSYoungGen: 381716K->1340K(370944K)] 1009838K->629576K(1057920K), 0.0043700 secs] [Times: user=0.02 sys=0.00, real=0.01 secs] 
2014-07-08T09:00:34.225+0000: 3439.774: [GC [PSYoungGen: 370916K->1036K(359808K)] 999152K->629526K(1046784K), 0.0040120 secs] [Times: user=0.03 sys=0.00, real=0.01 secs] 
2014-07-08T09:00:35.600+0000: 3441.149: [GC [PSYoungGen: 359742K->1416K(349760K)] 988232K->629954K(1036736K), 0.0047990 secs] [Times: user=0.03 sys=0.00, real=0.00 secs] 
2014-07-08T09:00:36.796+0000: 3442.346: [GC [PSYoungGen: 349704K->1324K(339648K)] 978242K->629958K(1026624K), 0.0091170 secs] [Times: user=0.06 sys=0.00, real=0.01 secs] 
2014-07-08T09:00:37.941+0000: 3443.490: [GC [PSYoungGen: 339628K->1588K(330304K)] 968262K->630302K(1017280K), 0.0103660 secs] [Times: user=0.07 sys=0.01, real=0.01 secs] 
2014-07-08T09:00:38.993+0000: 3444.542: [GC [PSYoungGen: 330292K->818K(320384K)] 959006K->629611K(1007360K), 0.0112500 secs] [Times: user=0.08 sys=0.00, real=0.01 secs] 
2014-07-08T09:00:40.115+0000: 3445.665: [GC [PSYoungGen: 320370K->1196K(311936K)] 949163K->630030K(998912K), 0.0182490 secs] [Times: user=0.08 sys=0.00, real=0.02 secs] 
2014-07-08T09:00:41.230+0000: 3446.779: [GC [PSYoungGen: 311916K->1616K(303936K)] 940750K->630538K(990912K), 0.0092760 secs] [Times: user=0.07 sys=0.00, real=0.01 secs] 
2014-07-08T09:00:42.296+0000: 3447.845: [GC [PSYoungGen: 303888K->1263K(364032K)] 932810K->630241K(1051008K), 0.0186480 secs] [Times: user=0.10 sys=0.01, real=0.02 secs] 
2014-07-08T09:00:43.630+0000: 3449.180: [GC [PSYoungGen: 364015K->1084K(353280K)] 992993K->630354K(1040256K), 0.0046480 secs] [Times: user=0.03 sys=0.00, real=0.00 secs] 
2014-07-08T09:00:44.834+0000: 3450.384: [GC [PSYoungGen: 353257K->1277K(343360K)] 982527K->630619K(1030336K), 0.0058300 secs] [Times: user=0.04 sys=0.00, real=0.01 secs] 
2014-07-08T09:00:46.047+0000: 3451.596: [GC [PSYoungGen: 343357K->1008K(333376K)] 972699K->630480K(1020352K), 0.0105350 secs] [Times: user=0.07 sys=0.00, real=0.01 secs] 
2014-07-08T09:00:47.232+0000: 3452.782: [GC [PSYoungGen: 333360K->1350K(324416K)] 962832K->630902K(1011392K), 0.0051610 secs] [Times: user=0.03 sys=0.00, real=0.00 secs] 
2014-07-08T09:00:48.378+0000: 3453.928: [GC [PSYoungGen: 324358K->1328K(315392K)] 953910K->630944K(1002368K), 0.0087600 secs] [Times: user=0.05 sys=0.00, real=0.00 secs] 
2014-07-08T09:00:49.515+0000: 3455.064: [GC [PSYoungGen: 315376K->1736K(307264K)] 944992K->631432K(994240K), 0.0091600 secs] [Times: user=0.06 sys=0.00, real=0.01 secs] 
2014-07-08T09:00:50.676+0000: 3456.226: [GC [PSYoungGen: 307172K->480K(297728K)] 936868K->631212K(984704K), 0.0089710 secs] [Times: user=0.06 sys=0.00, real=0.01 secs] 
2014-07-08T09:00:51.683+0000: 3457.232: [GC [PSYoungGen: 297696K->1892K(291200K)] 928428K->633007K(978176K), 0.0123170 secs] [Times: user=0.08 sys=0.01, real=0.01 secs] 
2014-07-08T09:00:52.703+0000: 3458.253: [GC [PSYoungGen: 291169K->1450K(283136K)] 922283K->633476K(970112K), 0.0104900 secs] [Times: user=0.08 sys=0.00, real=0.01 secs] 
2014-07-08T09:00:53.693+0000: 3459.242: [GC [PSYoungGen: 283114K->1364K(275776K)] 915140K->633527K(962752K), 0.0085390 secs] [Times: user=0.06 sys=0.00, real=0.01 secs] 
2014-07-08T09:00:54.637+0000: 3460.187: [GC [PSYoungGen: 275732K->1200K(268544K)] 907895K->633451K(955520K), 0.0076180 secs] [Times: user=0.05 sys=0.00, real=0.01 secs] 
2014-07-08T09:00:55.702+0000: 3461.251: [GC [PSYoungGen: 268528K->1342K(261888K)] 900779K->633657K(948864K), 0.0073550 secs] [Times: user=0.05 sys=0.00, real=0.00 secs] 
2014-07-08T09:00:56.522+0000: 3462.071: [GC [PSYoungGen: 261886K->1378K(255424K)] 894201K->633781K(942400K), 0.0075330 secs] [Times: user=0.05 sys=0.00, real=0.00 secs] 
2014-07-08T09:00:57.379+0000: 3462.928: [GC [PSYoungGen: 255392K->1496K(306368K)] 887796K->633963K(993344K), 0.0190770 secs] [Times: user=0.11 sys=0.00, real=0.02 secs] 
2014-07-08T09:00:58.468+0000: 3464.017: [GC [PSYoungGen: 306328K->1424K(367296K)] 938795K->633956K(1054272K), 0.0094740 secs] [Times: user=0.07 sys=0.00, real=0.01 secs] 
2014-07-08T09:00:59.819+0000: 3465.368: [GC [PSYoungGen: 367248K->1676K(356864K)] 999780K->634280K(1043840K), 0.0079840 secs] [Times: user=0.05 sys=0.00, real=0.01 secs] 
2014-07-08T09:01:01.026+0000: 3466.576: [GC [PSYoungGen: 356812K->1068K(345984K)] 989416K->633743K(1032960K), 0.0076590 secs] [Times: user=0.04 sys=0.00, real=0.01 secs] 
2014-07-08T09:01:02.252+0000: 3467.801: [GC [PSYoungGen: 345964K->890K(335936K)] 978639K->633653K(1022912K), 0.0083680 secs] [Times: user=0.05 sys=0.01, real=0.00 secs] 
2014-07-08T09:01:03.508+0000: 3469.057: [GC [PSYoungGen: 335930K->1477K(327168K)] 968693K->634321K(1014144K), 0.0086460 secs] [Times: user=0.06 sys=0.00, real=0.01 secs] 
2014-07-08T09:01:04.650+0000: 3470.199: [GC [PSYoungGen: 327109K->1919K(318464K)] 959953K->634827K(1005440K), 0.0105300 secs] [Times: user=0.07 sys=0.00, real=0.01 secs] 
2014-07-08T09:01:05.862+0000: 3471.411: [GC [PSYoungGen: 318463K->822K(308672K)] 951371K->634127K(995648K), 0.0050840 secs] [Times: user=0.03 sys=0.00, real=0.00 secs] 
2014-07-08T09:01:06.915+0000: 3472.465: [GC [PSYoungGen: 308662K->1442K(300992K)] 941967K->634811K(987968K), 0.0089730 secs] [Times: user=0.05 sys=0.00, real=0.01 secs] 
2014-07-08T09:01:07.946+0000: 3473.495: [GC [PSYoungGen: 300959K->1278K(292800K)] 934329K->634867K(979776K), 0.0101220 secs] [Times: user=0.06 sys=0.01, real=0.01 secs] 
2014-07-08T09:01:08.920+0000: 3474.470: [GC [PSYoungGen: 292798K->918K(284800K)] 926387K->634587K(971776K), 0.0123670 secs] [Times: user=0.08 sys=0.00, real=0.02 secs] 
2014-07-08T09:01:09.898+0000: 3475.447: [GC [PSYoungGen: 284758K->1118K(277568K)] 918427K->634859K(964544K), 0.0107990 secs] [Times: user=0.07 sys=0.00, real=0.01 secs] 
2014-07-08T09:01:10.873+0000: 3476.422: [GC [PSYoungGen: 277534K->1058K(270400K)] 911275K->634856K(957376K), 0.0084130 secs] [Times: user=0.06 sys=0.00, real=0.00 secs] 
2014-07-08T09:01:11.817+0000: 3477.367: [GC [PSYoungGen: 270370K->1328K(263808K)] 904168K->635166K(950784K), 0.0051240 secs] [Times: user=0.03 sys=0.00, real=0.01 secs] 
2014-07-08T09:01:12.881+0000: 3478.430: [GC [PSYoungGen: 263791K->1549K(257472K)] 897629K->635467K(944448K), 0.0050690 secs] [Times: user=0.03 sys=0.00, real=0.01 secs] 
2014-07-08T09:01:13.727+0000: 3479.276: [GC [PSYoungGen: 257421K->1072K(250624K)] 891339K->635178K(937600K), 0.0076500 secs] [Times: user=0.04 sys=0.00, real=0.01 secs] 
2014-07-08T09:01:14.557+0000: 3480.107: [GC [PSYoungGen: 250608K->1453K(244928K)] 884714K->635623K(931904K), 0.0098070 secs] [Times: user=0.07 sys=0.00, real=0.01 secs] 
2014-07-08T09:01:15.444+0000: 3480.993: [GC [PSYoungGen: 244909K->1469K(239040K)] 879079K->635764K(926016K), 0.0050520 secs] [Times: user=0.03 sys=0.00, real=0.00 secs] 
2014-07-08T09:01:16.236+0000: 3481.785: [GC [PSYoungGen: 239029K->976K(232896K)] 873324K->635319K(919872K), 0.0066230 secs] [Times: user=0.03 sys=0.00, real=0.00 secs] 
2014-07-08T09:01:17.068+0000: 3482.617: [GC [PSYoungGen: 232848K->908K(227392K)] 867191K->635307K(914368K), 0.0066940 secs] [Times: user=0.04 sys=0.00, real=0.01 secs] 
2014-07-08T09:01:17.919+0000: 3483.468: [GC [PSYoungGen: 227340K->1100K(222336K)] 861739K->635555K(909312K), 0.0093030 secs] [Times: user=0.06 sys=0.00, real=0.01 secs] 
2014-07-08T09:01:18.702+0000: 3484.251: [GC [PSYoungGen: 222284K->1436K(266944K)] 856739K->635955K(953920K), 0.0137180 secs] [Times: user=0.10 sys=0.00, real=0.02 secs] 
2014-07-08T09:01:19.649+0000: 3485.199: [GC [PSYoungGen: 266891K->1826K(320448K)] 901410K->636425K(1007424K), 0.0093580 secs] [Times: user=0.07 sys=0.00, real=0.01 secs] 
2014-07-08T09:01:20.839+0000: 3486.388: [GC [PSYoungGen: 320418K->694K(310528K)] 955017K->635923K(997504K), 0.0091250 secs] [Times: user=0.06 sys=0.00, real=0.01 secs] 
2014-07-08T09:01:21.838+0000: 3487.388: [GC [PSYoungGen: 310518K->1436K(373312K)] 945747K->636705K(1060288K), 0.0138400 secs] [Times: user=0.10 sys=0.00, real=0.01 secs] 
2014-07-08T09:01:23.163+0000: 3488.712: [GC [PSYoungGen: 373246K->1114K(362048K)] 1008515K->636891K(1049024K), 0.0052050 secs] [Times: user=0.03 sys=0.01, real=0.01 secs] 
2014-07-08T09:01:24.474+0000: 3490.024: [GC [PSYoungGen: 362010K->1768K(352192K)] 997787K->637626K(1039168K), 0.0053520 secs] [Times: user=0.02 sys=0.00, real=0.00 secs] 
2014-07-08T09:01:25.822+0000: 3491.371: [GC [PSYoungGen: 352168K->1078K(341440K)] 988026K->637569K(1028416K), 0.0082530 secs] [Times: user=0.06 sys=0.01, real=0.01 secs] 
2014-07-08T09:01:26.907+0000: 3492.457: [GC [PSYoungGen: 341430K->1100K(331840K)] 977921K->637663K(1018816K), 0.0086980 secs] [Times: user=0.06 sys=0.00, real=0.01 secs] 
2014-07-08T09:01:28.129+0000: 3493.678: [GC [PSYoungGen: 331749K->1432K(322880K)] 968313K->638108K(1009856K), 0.0098020 secs] [Times: user=0.07 sys=0.00, real=0.01 secs] 
2014-07-08T09:01:29.231+0000: 3494.780: [GC [PSYoungGen: 322840K->990K(313536K)] 959516K->637737K(1000512K), 0.0057730 secs] [Times: user=0.02 sys=0.00, real=0.01 secs] 
2014-07-08T09:01:30.346+0000: 3495.896: [GC [PSYoungGen: 313502K->972K(305024K)] 950249K->637791K(992000K), 0.0076500 secs] [Times: user=0.04 sys=0.00, real=0.00 secs] 
2014-07-08T09:01:31.443+0000: 3496.992: [GC [PSYoungGen: 304971K->1246K(297088K)] 941790K->638137K(984064K), 0.0107180 secs] [Times: user=0.08 sys=0.00, real=0.01 secs] 
2014-07-08T09:01:32.500+0000: 3498.049: [GC [PSYoungGen: 297024K->1218K(289216K)] 933916K->638157K(976192K), 0.0059350 secs] [Times: user=0.02 sys=0.01, real=0.01 secs] 
2014-07-08T09:01:33.546+0000: 3499.095: [GC [PSYoungGen: 289152K->1794K(347392K)] 926091K->638798K(1034368K), 0.0229610 secs] [Times: user=0.15 sys=0.00, real=0.02 secs] 
2014-07-08T09:01:34.752+0000: 3500.302: [GC [PSYoungGen: 347330K->768K(336448K)] 984334K->637827K(1023424K), 0.0064520 secs] [Times: user=0.04 sys=0.00, real=0.01 secs] 
2014-07-08T09:01:35.995+0000: 3501.545: [GC [PSYoungGen: 336405K->1586K(327808K)] 973465K->638718K(1014784K), 0.0124620 secs] [Times: user=0.08 sys=0.00, real=0.02 secs] 
2014-07-08T09:01:37.084+0000: 3502.633: [GC [PSYoungGen: 327794K->1104K(318272K)] 964926K->638315K(1005248K), 0.0094160 secs] [Times: user=0.06 sys=0.00, real=0.01 secs] 
2014-07-08T09:01:38.260+0000: 3503.809: [GC [PSYoungGen: 318224K->1331K(309760K)] 955435K->638623K(996736K), 0.0094690 secs] [Times: user=0.07 sys=0.00, real=0.01 secs] 
2014-07-08T09:01:39.336+0000: 3504.885: [GC [PSYoungGen: 309705K->1520K(301568K)] 946996K->638868K(988544K), 0.0049590 secs] [Times: user=0.03 sys=0.00, real=0.01 secs] 
2014-07-08T09:01:40.398+0000: 3505.947: [GC [PSYoungGen: 301552K->1300K(293312K)] 938900K->638687K(980288K), 0.0059670 secs] [Times: user=0.02 sys=0.00, real=0.00 secs] 
2014-07-08T09:01:41.439+0000: 3506.989: [GC [PSYoungGen: 293268K->1268K(285504K)] 930655K->638719K(972480K), 0.0169030 secs] [Times: user=0.09 sys=0.00, real=0.02 secs] 
2014-07-08T09:01:42.461+0000: 3508.010: [GC [PSYoungGen: 285492K->1132K(277952K)] 922943K->638631K(964928K), 0.0118870 secs] [Times: user=0.07 sys=0.01, real=0.01 secs] 
2014-07-08T09:01:43.478+0000: 3509.027: [GC [PSYoungGen: 277932K->1118K(270848K)] 915431K->638681K(957824K), 0.0100980 secs] [Times: user=0.06 sys=0.00, real=0.01 secs] 
2014-07-08T09:01:44.451+0000: 3510.000: [GC [PSYoungGen: 270814K->1260K(264128K)] 908377K->638895K(951104K), 0.0093170 secs] [Times: user=0.06 sys=0.00, real=0.01 secs] 
2014-07-08T09:01:45.362+0000: 3510.911: [GC [PSYoungGen: 264108K->1314K(257600K)] 901743K->639079K(944576K), 0.0075610 secs] [Times: user=0.04 sys=0.00, real=0.01 secs] 
2014-07-08T09:01:46.261+0000: 3511.810: [GC [PSYoungGen: 257570K->1239K(251200K)] 895335K->639085K(938176K), 0.0066530 secs] [Times: user=0.04 sys=0.00, real=0.01 secs] 
2014-07-08T09:01:47.154+0000: 3512.703: [GC [PSYoungGen: 251159K->1140K(244928K)] 889005K->639100K(931904K), 0.0043760 secs] [Times: user=0.02 sys=0.00, real=0.01 secs] 
2014-07-08T09:01:48.056+0000: 3513.606: [GC [PSYoungGen: 244916K->1100K(239040K)] 882876K->639115K(926016K), 0.0094900 secs] [Times: user=0.05 sys=0.00, real=0.01 secs] 
2014-07-08T09:01:48.871+0000: 3514.421: [GC [PSYoungGen: 238952K->1058K(233280K)] 876968K->639138K(920256K), 0.0119930 secs] [Times: user=0.09 sys=0.00, real=0.01 secs] 
2014-07-08T09:01:49.730+0000: 3515.280: [GC [PSYoungGen: 233250K->1556K(280256K)] 871330K->639692K(967232K), 0.0107680 secs] [Times: user=0.07 sys=0.00, real=0.01 secs] 
2014-07-08T09:01:50.710+0000: 3516.260: [GC [PSYoungGen: 280174K->808K(272256K)] 918310K->639295K(959232K), 0.0060900 secs] [Times: user=0.04 sys=0.00, real=0.00 secs] 
2014-07-08T09:01:51.724+0000: 3517.274: [GC [PSYoungGen: 272232K->1410K(265984K)] 910719K->639970K(952960K), 0.0079780 secs] [Times: user=0.05 sys=0.00, real=0.01 secs] 
2014-07-08T09:01:52.675+0000: 3518.224: [GC [PSYoungGen: 265922K->1328K(318784K)] 904482K->640174K(1005760K), 0.0130470 secs] [Times: user=0.08 sys=0.00, real=0.02 secs] 
2014-07-08T09:01:53.772+0000: 3519.321: [GC [PSYoungGen: 318768K->1228K(310016K)] 957614K->640138K(996992K), 0.0042410 secs] [Times: user=0.02 sys=0.01, real=0.00 secs] 
2014-07-08T09:01:54.817+0000: 3520.366: [GC [PSYoungGen: 309896K->1121K(301504K)] 948806K->640309K(988480K), 0.0038580 secs] [Times: user=0.02 sys=0.00, real=0.01 secs] 
2014-07-08T09:01:55.888+0000: 3521.437: [GC [PSYoungGen: 301439K->940K(293248K)] 940627K->640192K(980224K), 0.0068430 secs] [Times: user=0.05 sys=0.00, real=0.01 secs] 
2014-07-08T09:01:56.947+0000: 3522.496: [GC [PSYoungGen: 293228K->1190K(285760K)] 932480K->640514K(972736K), 0.0143620 secs] [Times: user=0.10 sys=0.00, real=0.02 secs] 
2014-07-08T09:01:58.016+0000: 3523.566: [GC [PSYoungGen: 285734K->1200K(278336K)] 925058K->640596K(965312K), 0.0075180 secs] [Times: user=0.05 sys=0.01, real=0.01 secs] 
2014-07-08T09:01:58.940+0000: 3524.489: [GC [PSYoungGen: 278299K->1007K(270976K)] 917695K->640483K(957952K), 0.0082950 secs] [Times: user=0.05 sys=0.00, real=0.00 secs] 
2014-07-08T09:01:59.903+0000: 3525.453: [GC [PSYoungGen: 270959K->900K(264064K)] 910435K->640448K(951040K), 0.0063380 secs] [Times: user=0.03 sys=0.00, real=0.01 secs] 
2014-07-08T09:02:00.834+0000: 3526.383: [GC [PSYoungGen: 263985K->1186K(257728K)] 903533K->640798K(944704K), 0.0120470 secs] [Times: user=0.08 sys=0.00, real=0.01 secs] 
2014-07-08T09:02:01.798+0000: 3527.348: [GC [PSYoungGen: 257698K->1158K(251392K)] 897310K->640826K(938368K), 0.0073440 secs] [Times: user=0.05 sys=0.00, real=0.01 secs] 
2014-07-08T09:02:02.696+0000: 3528.245: [GC [PSYoungGen: 251334K->1068K(245120K)] 891002K->641478K(932096K), 0.0050400 secs] [Times: user=0.03 sys=0.00, real=0.01 secs] 
2014-07-08T09:02:03.564+0000: 3529.113: [GC [PSYoungGen: 245062K->1848K(240000K)] 885473K->642477K(926976K), 0.0104950 secs] [Times: user=0.07 sys=0.01, real=0.01 secs] 
2014-07-08T09:02:04.395+0000: 3529.945: [GC [PSYoungGen: 239961K->818K(233280K)] 880589K->643180K(920256K), 0.0064680 secs] [Times: user=0.02 sys=0.00, real=0.01 secs] 
2014-07-08T09:02:05.186+0000: 3530.735: [GC [PSYoungGen: 233245K->1806K(228800K)] 875607K->644232K(915776K), 0.0067270 secs] [Times: user=0.04 sys=0.01, real=0.01 secs] 
2014-07-08T09:02:05.985+0000: 3531.534: [GC [PSYoungGen: 228750K->1278K(273664K)] 871176K->644338K(960640K), 0.0165590 secs] [Times: user=0.11 sys=0.01, real=0.02 secs] 
2014-07-08T09:02:06.959+0000: 3532.509: [GC [PSYoungGen: 273635K->808K(327744K)] 916695K->643924K(1014720K), 0.0140930 secs] [Times: user=0.10 sys=0.00, real=0.02 secs] 
2014-07-08T09:02:08.152+0000: 3533.701: [GC [PSYoungGen: 327720K->1584K(381248K)] 970836K->644804K(1068224K), 0.0125450 secs] [Times: user=0.09 sys=0.00, real=0.01 secs] 
2014-07-08T09:02:09.491+0000: 3535.040: [GC [PSYoungGen: 380400K->1534K(381248K)] 1023620K->644834K(1068224K), 0.0111410 secs] [Times: user=0.07 sys=0.01, real=0.01 secs] 
2014-07-08T09:02:10.830+0000: 3536.379: [GC [PSYoungGen: 380350K->864K(368448K)] 1023650K->644252K(1055424K), 0.0094650 secs] [Times: user=0.06 sys=0.00, real=0.01 secs] 
2014-07-08T09:02:12.127+0000: 3537.676: [GC [PSYoungGen: 368416K->972K(442112K)] 1011804K->644440K(1129088K), 0.0142840 secs] [Times: user=0.10 sys=0.00, real=0.02 secs] 
2014-07-08T09:02:13.749+0000: 3539.299: [GC [PSYoungGen: 442060K->1372K(428608K)] 1085528K->644896K(1115584K), 0.0088360 secs] [Times: user=0.07 sys=0.00, real=0.01 secs] 
2014-07-08T09:02:15.224+0000: 3540.774: [GC [PSYoungGen: 428568K->1058K(414976K)] 1072092K->644638K(1101952K), 0.0066750 secs] [Times: user=0.04 sys=0.00, real=0.00 secs] 
2014-07-08T09:02:16.834+0000: 3542.383: [GC [PSYoungGen: 414896K->1592K(402752K)] 1058476K->645276K(1089728K), 0.0083120 secs] [Times: user=0.06 sys=0.00, real=0.01 secs] 
2014-07-08T09:02:18.129+0000: 3543.678: [GC [PSYoungGen: 402744K->1018K(390016K)] 1046428K->644774K(1076992K), 0.0131780 secs] [Times: user=0.09 sys=0.00, real=0.02 secs] 
2014-07-08T09:02:19.554+0000: 3545.103: [GC [PSYoungGen: 390010K->1242K(378624K)] 1033766K->645054K(1065600K), 0.0061670 secs] [Times: user=0.02 sys=0.01, real=0.00 secs] 
2014-07-08T09:02:20.871+0000: 3546.421: [GC [PSYoungGen: 378575K->1132K(367296K)] 1022387K->645008K(1054272K), 0.0073480 secs] [Times: user=0.04 sys=0.00, real=0.01 secs] 
2014-07-08T09:02:22.172+0000: 3547.721: [GC [PSYoungGen: 367276K->1058K(356544K)] 1011152K->645006K(1043520K), 0.0106780 secs] [Times: user=0.08 sys=0.00, real=0.01 secs] 
2014-07-08T09:02:23.444+0000: 3548.993: [GC [PSYoungGen: 356514K->1068K(346304K)] 1000462K->645088K(1033280K), 0.0047100 secs] [Times: user=0.03 sys=0.00, real=0.00 secs] 
2014-07-08T09:02:24.692+0000: 3550.242: [GC [PSYoungGen: 346283K->1224K(336640K)] 990303K->645300K(1023616K), 0.0097130 secs] [Times: user=0.07 sys=0.00, real=0.01 secs] 
2014-07-08T09:02:25.870+0000: 3551.419: [GC [PSYoungGen: 336536K->840K(326784K)] 980612K->644972K(1013760K), 0.0087060 secs] [Times: user=0.05 sys=0.00, real=0.01 secs] 
2014-07-08T09:02:27.052+0000: 3552.602: [GC [PSYoungGen: 326728K->804K(317632K)] 970860K->644992K(1004608K), 0.0066810 secs] [Times: user=0.03 sys=0.00, real=0.01 secs] 
2014-07-08T09:02:28.161+0000: 3553.710: [GC [PSYoungGen: 317604K->740K(308864K)] 961792K->644984K(995840K), 0.0080210 secs] [Times: user=0.04 sys=0.00, real=0.01 secs] 
2014-07-08T09:02:29.260+0000: 3554.809: [GC [PSYoungGen: 308791K->1210K(300928K)] 953035K->645526K(987904K), 0.0070240 secs] [Times: user=0.04 sys=0.00, real=0.01 secs] 
2014-07-08T09:02:30.333+0000: 3555.883: [GC [PSYoungGen: 300922K->986K(292736K)] 945238K->645350K(979712K), 0.0129420 secs] [Times: user=0.08 sys=0.00, real=0.02 secs] 
2014-07-08T09:02:31.370+0000: 3556.919: [GC [PSYoungGen: 292658K->1410K(285504K)] 937022K->645830K(972480K), 0.0046090 secs] [Times: user=0.02 sys=0.00, real=0.01 secs] 
2014-07-08T09:02:32.385+0000: 3557.934: [GC [PSYoungGen: 285442K->1306K(277952K)] 929862K->645806K(964928K), 0.0129310 secs] [Times: user=0.09 sys=0.00, real=0.01 secs] 
2014-07-08T09:02:33.437+0000: 3558.987: [GC [PSYoungGen: 277837K->940K(270464K)] 922337K->645944K(957440K), 0.0087300 secs] [Times: user=0.06 sys=0.00, real=0.01 secs] 
2014-07-08T09:02:34.329+0000: 3559.878: [GC [PSYoungGen: 270444K->1114K(263808K)] 915448K->646206K(950784K), 0.0079690 secs] [Times: user=0.05 sys=0.00, real=0.01 secs] 
2014-07-08T09:02:35.277+0000: 3560.827: [GC [PSYoungGen: 263748K->1122K(257216K)] 908841K->646394K(944192K), 0.0039440 secs] [Times: user=0.02 sys=0.00, real=0.00 secs] 
2014-07-08T09:02:36.191+0000: 3561.741: [GC [PSYoungGen: 257186K->1154K(250944K)] 902458K->646522K(937920K), 0.0103700 secs] [Times: user=0.08 sys=0.00, real=0.01 secs] 
2014-07-08T09:02:37.127+0000: 3562.677: [GC [PSYoungGen: 250882K->1014K(244608K)] 896250K->646462K(931584K), 0.0046830 secs] [Times: user=0.02 sys=0.00, real=0.00 secs] 
2014-07-08T09:02:38.048+0000: 3563.597: [GC [PSYoungGen: 244557K->1136K(238848K)] 890005K->646648K(925824K), 0.0070290 secs] [Times: user=0.04 sys=0.00, real=0.01 secs] 
2014-07-08T09:02:38.869+0000: 3564.419: [GC [PSYoungGen: 238832K->1110K(233152K)] 884344K->646670K(920128K), 0.0043260 secs] [Times: user=0.02 sys=0.00, real=0.00 secs] 
2014-07-08T09:02:39.642+0000: 3565.191: [GC [PSYoungGen: 233107K->1588K(228160K)] 878667K->647212K(915136K), 0.0076190 secs] [Times: user=0.04 sys=0.01, real=0.01 secs] 
2014-07-08T09:02:40.425+0000: 3565.974: [GC [PSYoungGen: 228117K->506K(221824K)] 873742K->647004K(908800K), 0.0096880 secs] [Times: user=0.06 sys=0.00, real=0.01 secs] 
2014-07-08T09:02:41.202+0000: 3566.751: [GC [PSYoungGen: 221780K->1727K(267328K)] 868278K->648530K(954304K), 0.0168980 secs] [Times: user=0.12 sys=0.00, real=0.02 secs] 
2014-07-08T09:02:42.148+0000: 3567.697: [GC [PSYoungGen: 267327K->1122K(260032K)] 914130K->648582K(947008K), 0.0040270 secs] [Times: user=0.03 sys=0.00, real=0.00 secs] 
2014-07-08T09:02:43.172+0000: 3568.722: [GC [PSYoungGen: 260002K->1310K(253760K)] 907462K->648884K(940736K), 0.0082910 secs] [Times: user=0.05 sys=0.00, real=0.01 secs] 
2014-07-08T09:02:43.960+0000: 3569.510: [GC [PSYoungGen: 253726K->996K(247232K)] 901300K->648627K(934208K), 0.0045460 secs] [Times: user=0.03 sys=0.01, real=0.00 secs] 
2014-07-08T09:02:44.861+0000: 3570.411: [GC [PSYoungGen: 247204K->804K(241088K)] 894835K->648490K(928064K), 0.0086710 secs] [Times: user=0.05 sys=0.00, real=0.01 secs] 
2014-07-08T09:02:45.719+0000: 3571.268: [GC [PSYoungGen: 241060K->1570K(236096K)] 888746K->649352K(923072K), 0.0101370 secs] [Times: user=0.07 sys=0.00, real=0.01 secs] 
2014-07-08T09:02:46.556+0000: 3572.106: [GC [PSYoungGen: 236031K->1584K(283008K)] 883814K->649438K(969984K), 0.0118360 secs] [Times: user=0.05 sys=0.00, real=0.01 secs] 
2014-07-08T09:02:47.617+0000: 3573.166: [GC [PSYoungGen: 282992K->818K(338560K)] 930846K->649433K(1025536K), 0.0098500 secs] [Times: user=0.06 sys=0.00, real=0.01 secs] 
2014-07-08T09:02:48.774+0000: 3574.324: [GC [PSYoungGen: 338546K->1922K(407296K)] 987161K->650601K(1094272K), 0.0132180 secs] [Times: user=0.10 sys=0.01, real=0.02 secs] 
2014-07-08T09:02:50.166+0000: 3575.715: [GC [PSYoungGen: 407234K->1092K(394112K)] 1055913K->650245K(1081088K), 0.0111970 secs] [Times: user=0.06 sys=0.00, real=0.01 secs] 
2014-07-08T09:02:51.613+0000: 3577.162: [GC [PSYoungGen: 394051K->1474K(382656K)] 1043204K->650675K(1069632K), 0.0044910 secs] [Times: user=0.03 sys=0.00, real=0.01 secs] 
2014-07-08T09:02:52.960+0000: 3578.509: [GC [PSYoungGen: 382594K->900K(370752K)] 1031795K->650141K(1057728K), 0.0078960 secs] [Times: user=0.03 sys=0.00, real=0.01 secs] 
2014-07-08T09:02:54.273+0000: 3579.822: [GC [PSYoungGen: 370692K->958K(359872K)] 1019933K->650263K(1046848K), 0.0107380 secs] [Times: user=0.07 sys=0.00, real=0.01 secs] 
2014-07-08T09:02:55.578+0000: 3581.127: [GC [PSYoungGen: 359869K->1318K(349824K)] 1009175K->650679K(1036800K), 0.0042500 secs] [Times: user=0.02 sys=0.00, real=0.00 secs] 
2014-07-08T09:02:56.791+0000: 3582.340: [GC [PSYoungGen: 349798K->1028K(339584K)] 999159K->650445K(1026560K), 0.0107760 secs] [Times: user=0.06 sys=0.01, real=0.01 secs] 
2014-07-08T09:02:57.984+0000: 3583.533: [GC [PSYoungGen: 339497K->1204K(330112K)] 988915K->650709K(1017088K), 0.0090080 secs] [Times: user=0.06 sys=0.00, real=0.01 secs] 
2014-07-08T09:02:59.146+0000: 3584.696: [GC [PSYoungGen: 330100K->1068K(320768K)] 979605K->650677K(1007744K), 0.0042240 secs] [Times: user=0.03 sys=0.00, real=0.01 secs] 
2014-07-08T09:03:00.282+0000: 3585.832: [GC [PSYoungGen: 320748K->1172K(312064K)] 970357K->650861K(999040K), 0.0110240 secs] [Times: user=0.07 sys=0.01, real=0.01 secs] 
2014-07-08T09:03:01.385+0000: 3586.934: [GC [PSYoungGen: 312020K->1100K(303552K)] 961709K->650861K(990528K), 0.0076700 secs] [Times: user=0.06 sys=0.00, real=0.01 secs] 
2014-07-08T09:03:02.637+0000: 3588.186: [GC [PSYoungGen: 303500K->1392K(295680K)] 953261K->651289K(982656K), 0.0129330 secs] [Times: user=0.08 sys=0.00, real=0.02 secs] 
2014-07-08T09:03:03.582+0000: 3589.131: [GC [PSYoungGen: 295664K->1484K(288000K)] 945561K->651445K(974976K), 0.0094880 secs] [Times: user=0.06 sys=0.00, real=0.01 secs] 
2014-07-08T09:03:04.552+0000: 3590.101: [GC [PSYoungGen: 287948K->946K(279936K)] 937909K->651445K(966912K), 0.0053380 secs] [Times: user=0.02 sys=0.00, real=0.00 secs] 
2014-07-08T09:03:05.554+0000: 3591.104: [GC [PSYoungGen: 279922K->1895K(273664K)] 930421K->652516K(960640K), 0.0046240 secs] [Times: user=0.03 sys=0.00, real=0.00 secs] 
2014-07-08T09:03:06.506+0000: 3592.056: [GC [PSYoungGen: 273639K->1022K(265856K)] 924260K->652357K(952832K), 0.0045860 secs] [Times: user=0.03 sys=0.00, real=0.01 secs] 
2014-07-08T09:03:07.586+0000: 3593.136: [GC [PSYoungGen: 265854K->1336K(259520K)] 917189K->652751K(946496K), 0.0086800 secs] [Times: user=0.06 sys=0.00, real=0.01 secs] 
2014-07-08T09:03:08.329+0000: 3593.878: [GC [PSYoungGen: 259512K->1032K(310912K)] 910927K->652727K(997888K), 0.0171770 secs] [Times: user=0.12 sys=0.00, real=0.02 secs] 
2014-07-08T09:03:09.434+0000: 3594.983: [GC [PSYoungGen: 310854K->1442K(373312K)] 962550K->653217K(1060288K), 0.0117600 secs] [Times: user=0.07 sys=0.00, real=0.01 secs] 
2014-07-08T09:03:10.771+0000: 3596.320: [GC [PSYoungGen: 373239K->1346K(362304K)] 1025015K->653185K(1049280K), 0.0047270 secs] [Times: user=0.03 sys=0.00, real=0.00 secs] 
2014-07-08T09:03:12.004+0000: 3597.554: [GC [PSYoungGen: 362242K->1224K(351680K)] 1014081K->653152K(1038656K), 0.0086870 secs] [Times: user=0.06 sys=0.00, real=0.01 secs] 
2014-07-08T09:03:13.275+0000: 3598.824: [GC [PSYoungGen: 351624K->1302K(341696K)] 1003552K->653318K(1028672K), 0.0120830 secs] [Times: user=0.09 sys=0.00, real=0.01 secs] 
2014-07-08T09:03:14.489+0000: 3600.039: [GC [PSYoungGen: 341654K->1296K(332032K)] 993670K->653359K(1019008K), 0.0086440 secs] [Times: user=0.04 sys=0.00, real=0.01 secs] 
2014-07-08T09:03:15.688+0000: 3601.238: [GC [PSYoungGen: 331984K->1200K(322624K)] 984047K->653367K(1009600K), 0.0082490 secs] [Times: user=0.05 sys=0.00, real=0.01 secs] 
2014-07-08T09:03:16.868+0000: 3602.417: [GC [PSYoungGen: 322517K->1318K(313856K)] 974685K->653541K(1000832K), 0.0054910 secs] [Times: user=0.03 sys=0.00, real=0.01 secs] 
2014-07-08T09:03:17.939+0000: 3603.488: [GC [PSYoungGen: 313830K->882K(304896K)] 966053K->653235K(991872K), 0.0131570 secs] [Times: user=0.09 sys=0.01, real=0.02 secs] 
2014-07-08T09:03:18.983+0000: 3604.532: [GC [PSYoungGen: 304882K->1058K(296896K)] 957235K->653483K(983872K), 0.0098630 secs] [Times: user=0.07 sys=0.00, real=0.01 secs] 
2014-07-08T09:03:20.038+0000: 3605.587: [GC [PSYoungGen: 296866K->1078K(289024K)] 949291K->653568K(976000K), 0.0038700 secs] [Times: user=0.02 sys=0.00, real=0.01 secs] 
2014-07-08T09:03:21.054+0000: 3606.603: [GC [PSYoungGen: 289010K->900K(281344K)] 941499K->653461K(968320K), 0.0072420 secs] [Times: user=0.04 sys=0.00, real=0.00 secs] 
2014-07-08T09:03:22.045+0000: 3607.595: [GC [PSYoungGen: 281284K->1172K(274304K)] 933845K->653805K(961280K), 0.0124840 secs] [Times: user=0.09 sys=0.00, real=0.01 secs] 
2014-07-08T09:03:23.101+0000: 3608.650: [GC [PSYoungGen: 274254K->1386K(267520K)] 926888K->654099K(954496K), 0.0063450 secs] [Times: user=0.04 sys=0.00, real=0.01 secs] 
2014-07-08T09:03:23.995+0000: 3609.544: [GC [PSYoungGen: 267498K->880K(260288K)] 920211K->654230K(947264K), 0.0069550 secs] [Times: user=0.05 sys=0.00, real=0.01 secs] 
2014-07-08T09:03:24.889+0000: 3610.439: [GC [PSYoungGen: 260224K->1489K(254464K)] 913574K->654895K(941440K), 0.0071320 secs] [Times: user=0.04 sys=0.00, real=0.01 secs] 
2014-07-08T09:03:25.810+0000: 3611.359: [GC [PSYoungGen: 254417K->850K(247616K)] 907823K->654476K(934592K), 0.0118720 secs] [Times: user=0.08 sys=0.00, real=0.01 secs] 
2014-07-08T09:03:26.710+0000: 3612.260: [GC [PSYoungGen: 247570K->1388K(242112K)] 901196K->655062K(929088K), 0.0048870 secs] [Times: user=0.03 sys=0.00, real=0.01 secs] 
2014-07-08T09:03:27.678+0000: 3613.228: [GC [PSYoungGen: 242091K->1448K(236416K)] 895765K->655462K(923392K), 0.0047430 secs] [Times: user=0.02 sys=0.00, real=0.01 secs] 
2014-07-08T09:03:28.429+0000: 3613.979: [GC [PSYoungGen: 236359K->1388K(230784K)] 890373K->655482K(917760K), 0.0089740 secs] [Times: user=0.05 sys=0.00, real=0.01 secs] 
2014-07-08T09:03:29.188+0000: 3614.737: [GC [PSYoungGen: 230764K->1004K(225024K)] 884858K->655202K(912000K), 0.0057660 secs] [Times: user=0.04 sys=0.01, real=0.01 secs] 
2014-07-08T09:03:29.991+0000: 3615.540: [GC [PSYoungGen: 225004K->822K(219648K)] 879202K->655060K(906624K), 0.0056990 secs] [Times: user=0.03 sys=0.00, real=0.01 secs] 
2014-07-08T09:03:30.773+0000: 3616.323: [GC [PSYoungGen: 219638K->854K(214720K)] 873876K->655148K(901696K), 0.0050950 secs] [Times: user=0.02 sys=0.00, real=0.00 secs] 
2014-07-08T09:03:31.563+0000: 3617.112: [GC [PSYoungGen: 214634K->1712K(210752K)] 868928K->656110K(897728K), 0.0106250 secs] [Times: user=0.07 sys=0.01, real=0.02 secs] 
2014-07-08T09:03:32.274+0000: 3617.824: [GC [PSYoungGen: 210732K->1050K(251968K)] 865131K->655520K(938944K), 0.0175880 secs] [Times: user=0.13 sys=0.00, real=0.01 secs] 
2014-07-08T09:03:33.289+0000: 3618.838: [GC [PSYoungGen: 251885K->1492K(302592K)] 906355K->656034K(989568K), 0.0050310 secs] [Times: user=0.02 sys=0.00, real=0.01 secs] 
2014-07-08T09:03:34.260+0000: 3619.809: [GC [PSYoungGen: 302548K->1156K(362496K)] 957090K->655770K(1049472K), 0.0106050 secs] [Times: user=0.07 sys=0.00, real=0.01 secs] 
2014-07-08T09:03:35.531+0000: 3621.081: [GC [PSYoungGen: 362430K->1346K(398912K)] 1017044K->656000K(1085888K), 0.0158930 secs] [Times: user=0.09 sys=0.01, real=0.02 secs] 
2014-07-08T09:03:36.909+0000: 3622.458: [GC [PSYoungGen: 398274K->1154K(386112K)] 1052928K->655872K(1073088K), 0.0063100 secs] [Times: user=0.03 sys=0.00, real=0.01 secs] 
2014-07-08T09:03:38.376+0000: 3623.925: [GC [PSYoungGen: 386025K->1804K(375232K)] 1040743K->656586K(1062208K), 0.0091250 secs] [Times: user=0.06 sys=0.00, real=0.01 secs] 
2014-07-08T09:03:39.702+0000: 3625.251: [GC [PSYoungGen: 375108K->819K(363200K)] 1029890K->656069K(1050176K), 0.0078040 secs] [Times: user=0.03 sys=0.00, real=0.01 secs] 
2014-07-08T09:03:42.144+0000: 3627.693: [GC [PSYoungGen: 363187K->1076K(352896K)] 1018437K->656390K(1039872K), 0.0148510 secs] [Times: user=0.10 sys=0.00, real=0.02 secs] 
Heap
 PSYoungGen      total 352896K, used 71495K [0x0000000755560000, 0x000000076fe00000, 0x0000000800000000)
  eden space 351808K, 20% used [0x0000000755560000,0x0000000759a24dc0,0x000000076acf0000)
  from space 1088K, 98% used [0x000000076fae0000,0x000000076fbed0e8,0x000000076fbf0000)
  to   space 1984K, 0% used [0x000000076fc10000,0x000000076fc10000,0x000000076fe00000)
 ParOldGen       total 686976K, used 655314K [0x0000000600000000, 0x0000000629ee0000, 0x0000000755560000)
  object space 686976K, 95% used [0x0000000600000000,0x0000000627ff4950,0x0000000629ee0000)
 PSPermGen       total 21248K, used 11808K [0x00000005f5a00000, 0x00000005f6ec0000, 0x0000000600000000)
  object space 21248K, 55% used [0x00000005f5a00000,0x00000005f65882a8,0x00000005f6ec0000)
