2014-07-08T05:29:20.406+0000: 23.865: [GC [PSYoungGen: 257728K->42864K(300608K)] 257728K->57708K(987584K), 0.0765850 secs] [Times: user=0.28 sys=0.03, real=0.08 secs] 
2014-07-08T05:29:20.678+0000: 24.137: [GC [PSYoungGen: 300592K->42854K(300608K)] 315436K->63771K(987584K), 0.0746990 secs] [Times: user=0.27 sys=0.03, real=0.08 secs] 
2014-07-08T05:29:22.175+0000: 25.634: [GC [PSYoungGen: 300582K->42864K(300608K)] 321499K->64621K(987584K), 0.0324690 secs] [Times: user=0.13 sys=0.00, real=0.03 secs] 
2014-07-08T05:29:23.510+0000: 26.969: [GC [PSYoungGen: 300592K->42864K(558336K)] 322349K->65973K(1245312K), 0.0488470 secs] [Times: user=0.17 sys=0.03, real=0.05 secs] 
2014-07-08T05:29:26.087+0000: 29.546: [GC [PSYoungGen: 558320K->42870K(558336K)] 581429K->66116K(1245312K), 0.0598830 secs] [Times: user=0.20 sys=0.03, real=0.06 secs] 
2014-07-08T05:29:28.907+0000: 32.367: [GC [PSYoungGen: 558326K->43374K(1088640K)] 581572K->66620K(1775616K), 0.0480630 secs] [Times: user=0.16 sys=0.02, real=0.05 secs] 
2014-07-08T05:29:33.499+0000: 36.958: [GC [PSYoungGen: 1074286K->2660K(1089472K)] 1097532K->66199K(1776448K), 0.0922820 secs] [Times: user=0.34 sys=0.02, real=0.09 secs] 
2014-07-08T05:29:37.978+0000: 41.437: [GC [PSYoungGen: 1033572K->2372K(2124096K)] 1097111K->66352K(2811072K), 0.0106020 secs] [Times: user=0.03 sys=0.00, real=0.01 secs] 
2014-07-08T05:29:46.076+0000: 49.536: [GC [PSYoungGen: 2059780K->2618K(2128512K)] 2123760K->67030K(2815488K), 0.0089660 secs] [Times: user=0.02 sys=0.00, real=0.01 secs] 
2014-07-08T05:29:52.946+0000: 56.405: [GC [PSYoungGen: 2060026K->2180K(2720704K)] 2124438K->67304K(3407680K), 0.0057930 secs] [Times: user=0.02 sys=0.00, real=0.00 secs] 
2014-07-08T05:30:02.087+0000: 65.547: [GC [PSYoungGen: 2649476K->1636K(2648960K)] 2714600K->67688K(3335936K), 0.0758230 secs] [Times: user=0.30 sys=0.00, real=0.07 secs] 
2014-07-08T05:30:11.094+0000: 74.553: [GC [PSYoungGen: 2648931K->2220K(2722176K)] 2714983K->68752K(3409152K), 0.0091510 secs] [Times: user=0.02 sys=0.00, real=0.01 secs] 
2014-07-08T05:30:20.002+0000: 83.461: [GC [PSYoungGen: 2649708K->2002K(2649536K)] 2716240K->68990K(3336512K), 0.0354100 secs] [Times: user=0.13 sys=0.00, real=0.03 secs] 
2014-07-08T05:30:28.074+0000: 91.533: [GC [PSYoungGen: 2649490K->1718K(2528640K)] 2716478K->69146K(3215616K), 0.0083230 secs] [Times: user=0.02 sys=0.00, real=0.01 secs] 
2014-07-08T05:30:35.612+0000: 99.072: [GC [PSYoungGen: 2528630K->1604K(2483456K)] 2596058K->69480K(3170432K), 0.0051700 secs] [Times: user=0.02 sys=0.00, real=0.00 secs] 
2014-07-08T05:30:42.177+0000: 105.636: [GC [PSYoungGen: 2413796K->1882K(2305280K)] 2481672K->70206K(2992256K), 0.0051720 secs] [Times: user=0.02 sys=0.00, real=0.01 secs] 
2014-07-08T05:30:48.309+0000: 111.768: [GC [PSYoungGen: 2305242K->1970K(2266624K)] 2373566K->70702K(2953600K), 0.0075760 secs] [Times: user=0.02 sys=0.00, real=0.01 secs] 
2014-07-08T05:30:54.266+0000: 117.725: [GC [PSYoungGen: 2201769K->1778K(2103168K)] 2270501K->70910K(2790144K), 0.0298470 secs] [Times: user=0.10 sys=0.01, real=0.03 secs] 
2014-07-08T05:30:59.038+0000: 122.497: [GC [PSYoungGen: 2103154K->1568K(2069376K)] 2172286K->71084K(2756352K), 0.0246080 secs] [Times: user=0.09 sys=0.00, real=0.02 secs] 
2014-07-08T05:31:03.085+0000: 126.544: [GC [PSYoungGen: 2009376K->1882K(1920768K)] 2078892K->71750K(2607744K), 0.0135790 secs] [Times: user=0.01 sys=0.01, real=0.01 secs] 
2014-07-08T05:31:06.812+0000: 130.271: [GC [PSYoungGen: 1920730K->1736K(1890304K)] 1990598K->72108K(2577280K), 0.0065320 secs] [Times: user=0.02 sys=0.00, real=0.01 secs] 
2014-07-08T05:31:10.430+0000: 133.889: [GC [PSYoungGen: 1836040K->1376K(1755328K)] 1906412K->72156K(2442304K), 0.0119230 secs] [Times: user=0.01 sys=0.01, real=0.01 secs] 
2014-07-08T05:31:13.843+0000: 137.302: [GC [PSYoungGen: 1755296K->1664K(1728000K)] 1826076K->72780K(2414976K), 0.0130060 secs] [Times: user=0.04 sys=0.00, real=0.01 secs] 
2014-07-08T05:31:16.942+0000: 140.402: [GC [PSYoungGen: 1679167K->1458K(1606272K)] 1750283K->73126K(2293248K), 0.0159050 secs] [Times: user=0.01 sys=0.01, real=0.02 secs] 
2014-07-08T05:31:20.099+0000: 143.558: [GC [PSYoungGen: 1606258K->1284K(1580736K)] 1677926K->73288K(2267712K), 0.0050950 secs] [Times: user=0.02 sys=0.00, real=0.00 secs] 
2014-07-08T05:31:22.894+0000: 146.354: [GC [PSYoungGen: 1536964K->854K(1470848K)] 1608968K->73114K(2157824K), 0.0309140 secs] [Times: user=0.10 sys=0.01, real=0.03 secs] 
2014-07-08T05:31:25.771+0000: 149.231: [GC [PSYoungGen: 1470806K->982K(1447552K)] 1543066K->73570K(2134528K), 0.0064260 secs] [Times: user=0.01 sys=0.00, real=0.00 secs] 
2014-07-08T05:31:28.093+0000: 151.553: [GC [PSYoungGen: 1408346K->630K(1348608K)] 1480934K->73490K(2035584K), 0.0117450 secs] [Times: user=0.01 sys=0.01, real=0.01 secs] 
2014-07-08T05:31:30.886+0000: 154.346: [GC [PSYoungGen: 1348598K->804K(1326912K)] 1421458K->73784K(2013888K), 0.0111330 secs] [Times: user=0.03 sys=0.00, real=0.01 secs] 
2014-07-08T05:31:33.184+0000: 156.643: [GC [PSYoungGen: 1292194K->626K(1238208K)] 1365174K->73806K(1925184K), 0.0252760 secs] [Times: user=0.07 sys=0.01, real=0.02 secs] 
2014-07-08T05:31:35.582+0000: 159.041: [GC [PSYoungGen: 1238194K->1170K(1217664K)] 1311374K->74622K(1904640K), 0.0148510 secs] [Times: user=0.05 sys=0.00, real=0.01 secs] 
2014-07-08T05:31:37.715+0000: 161.174: [GC [PSYoungGen: 1187538K->1234K(1138944K)] 1260990K->74950K(1825920K), 0.0208900 secs] [Times: user=0.05 sys=0.00, real=0.02 secs] 
2014-07-08T05:31:39.530+0000: 162.990: [GC [PSYoungGen: 1138898K->1188K(1118592K)] 1212614K->75040K(1805568K), 0.0046870 secs] [Times: user=0.01 sys=0.00, real=0.01 secs] 
2014-07-08T05:31:41.820+0000: 165.279: [GC [PSYoungGen: 1092516K->690K(1047936K)] 1166368K->74654K(1734912K), 0.0113300 secs] [Times: user=0.02 sys=0.00, real=0.02 secs] 
2014-07-08T05:31:43.481+0000: 166.940: [GC [PSYoungGen: 1047922K->978K(1028992K)] 1121886K->75198K(1715968K), 0.0078310 secs] [Times: user=0.02 sys=0.00, real=0.01 secs] 
2014-07-08T05:31:45.522+0000: 168.981: [GC [PSYoungGen: 1006226K->1298K(966592K)] 1080446K->75686K(1653568K), 0.0065470 secs] [Times: user=0.02 sys=0.01, real=0.01 secs] 
2014-07-08T05:31:47.144+0000: 170.603: [GC [PSYoungGen: 966546K->484K(947712K)] 1040934K->75088K(1634688K), 0.0088980 secs] [Times: user=0.02 sys=0.00, real=0.01 secs] 
2014-07-08T05:31:48.825+0000: 172.284: [GC [PSYoungGen: 927652K->566K(891520K)] 1002256K->75282K(1578496K), 0.0224870 secs] [Times: user=0.08 sys=0.01, real=0.02 secs] 
2014-07-08T05:31:50.561+0000: 174.020: [GC [PSYoungGen: 891509K->1152K(874432K)] 966225K->75964K(1561408K), 0.0054230 secs] [Times: user=0.01 sys=0.00, real=0.01 secs] 
2014-07-08T05:31:52.074+0000: 175.534: [GC [PSYoungGen: 857600K->480K(824064K)] 932412K->75412K(1511040K), 0.0126060 secs] [Times: user=0.05 sys=0.01, real=0.01 secs] 
2014-07-08T05:31:53.264+0000: 176.723: [GC [PSYoungGen: 823969K->662K(807744K)] 898901K->75810K(1494720K), 0.0109680 secs] [Times: user=0.03 sys=0.00, real=0.01 secs] 
2014-07-08T05:31:54.789+0000: 178.248: [GC [PSYoungGen: 792854K->1088K(763456K)] 868002K->76356K(1450432K), 0.0092350 secs] [Times: user=0.02 sys=0.00, real=0.01 secs] 
2014-07-08T05:31:56.035+0000: 179.494: [GC [PSYoungGen: 763456K->470K(734400K)] 838724K->75898K(1421376K), 0.0065420 secs] [Times: user=0.01 sys=0.00, real=0.00 secs] 
2014-07-08T05:31:57.243+0000: 180.702: [GC [PSYoungGen: 734358K->466K(707264K)] 809786K->75998K(1394240K), 0.0065210 secs] [Times: user=0.02 sys=0.00, real=0.01 secs] 
2014-07-08T05:31:58.371+0000: 181.830: [GC [PSYoungGen: 707218K->406K(692544K)] 782750K->76010K(1379520K), 0.0039330 secs] [Times: user=0.01 sys=0.00, real=0.01 secs] 
2014-07-08T05:31:59.700+0000: 183.159: [GC [PSYoungGen: 681302K->1220K(657536K)] 756906K->76888K(1344512K), 0.0200040 secs] [Times: user=0.06 sys=0.01, real=0.02 secs] 
2014-07-08T05:32:01.101+0000: 184.561: [GC [PSYoungGen: 657476K->1266K(633984K)] 733144K->77038K(1320960K), 0.0073870 secs] [Times: user=0.01 sys=0.01, real=0.01 secs] 
2014-07-08T05:32:02.118+0000: 185.577: [GC [PSYoungGen: 633970K->594K(610880K)] 709742K->76526K(1297856K), 0.0084820 secs] [Times: user=0.03 sys=0.00, real=0.01 secs] 
2014-07-08T05:32:03.128+0000: 186.587: [GC [PSYoungGen: 610834K->662K(597376K)] 686766K->76746K(1284352K), 0.0059090 secs] [Times: user=0.01 sys=0.01, real=0.00 secs] 
2014-07-08T05:32:04.352+0000: 187.811: [GC [PSYoungGen: 589462K->772K(569216K)] 665546K->76968K(1256192K), 0.0059450 secs] [Times: user=0.01 sys=0.00, real=0.01 secs] 
2014-07-08T05:32:05.332+0000: 188.791: [GC [PSYoungGen: 569089K->630K(549504K)] 645285K->76970K(1236480K), 0.0035440 secs] [Times: user=0.02 sys=0.00, real=0.01 secs] 
2014-07-08T05:32:06.484+0000: 189.943: [GC [PSYoungGen: 549494K->946K(531200K)] 625834K->77390K(1218176K), 0.0067480 secs] [Times: user=0.01 sys=0.01, real=0.01 secs] 
2014-07-08T05:32:07.393+0000: 190.852: [GC [PSYoungGen: 531186K->680K(513152K)] 607630K->77236K(1200128K), 0.0096540 secs] [Times: user=0.02 sys=0.00, real=0.01 secs] 
2014-07-08T05:32:08.313+0000: 191.772: [GC [PSYoungGen: 513128K->562K(496000K)] 589684K->77174K(1182976K), 0.0055820 secs] [Times: user=0.01 sys=0.00, real=0.01 secs] 
2014-07-08T05:32:09.180+0000: 192.639: [GC [PSYoungGen: 495899K->484K(479680K)] 572511K->77176K(1166656K), 0.0108270 secs] [Times: user=0.04 sys=0.00, real=0.01 secs] 
2014-07-08T05:32:10.212+0000: 193.671: [GC [PSYoungGen: 479621K->498K(464128K)] 556313K->77238K(1151104K), 0.0054680 secs] [Times: user=0.01 sys=0.00, real=0.01 secs] 
2014-07-08T05:32:11.144+0000: 194.603: [GC [PSYoungGen: 464114K->548K(449344K)] 540854K->77368K(1136320K), 0.0165530 secs] [Times: user=0.06 sys=0.00, real=0.02 secs] 
2014-07-08T05:32:11.941+0000: 195.400: [GC [PSYoungGen: 449263K->352K(434944K)] 526083K->77276K(1121920K), 0.0051220 secs] [Times: user=0.01 sys=0.00, real=0.01 secs] 
2014-07-08T05:32:12.739+0000: 196.199: [GC [PSYoungGen: 434841K->690K(425216K)] 511765K->77718K(1112192K), 0.0036970 secs] [Times: user=0.01 sys=0.00, real=0.00 secs] 
2014-07-08T05:32:13.405+0000: 196.865: [GC [PSYoungGen: 421618K->384K(408320K)] 498646K->77500K(1095296K), 0.0053280 secs] [Times: user=0.01 sys=0.00, real=0.01 secs] 
2014-07-08T05:32:14.154+0000: 197.613: [GC [PSYoungGen: 408320K->324K(395840K)] 485436K->77480K(1082816K), 0.0088610 secs] [Times: user=0.03 sys=0.00, real=0.01 secs] 
2014-07-08T05:32:14.873+0000: 198.332: [GC [PSYoungGen: 395780K->256K(383744K)] 472936K->77468K(1070720K), 0.0039080 secs] [Times: user=0.00 sys=0.00, real=0.01 secs] 
2014-07-08T05:32:15.544+0000: 199.003: [GC [PSYoungGen: 383737K->978K(373056K)] 460949K->78246K(1060032K), 0.0056780 secs] [Times: user=0.02 sys=0.00, real=0.01 secs] 
2014-07-08T05:32:16.352+0000: 199.811: [GC [PSYoungGen: 373010K->320K(361408K)] 450278K->77628K(1048384K), 0.0033230 secs] [Times: user=0.01 sys=0.00, real=0.00 secs] 
2014-07-08T05:32:16.977+0000: 200.436: [GC [PSYoungGen: 361408K->192K(350784K)] 438716K->77620K(1037760K), 0.0038500 secs] [Times: user=0.01 sys=0.00, real=0.00 secs] 
2014-07-08T05:32:17.678+0000: 201.137: [GC [PSYoungGen: 350748K->1156K(341760K)] 428176K->78624K(1028736K), 0.0063090 secs] [Times: user=0.02 sys=0.00, real=0.00 secs] 
2014-07-08T05:32:18.235+0000: 201.694: [GC [PSYoungGen: 341699K->242K(331136K)] 419167K->77750K(1018112K), 0.0057650 secs] [Times: user=0.01 sys=0.00, real=0.01 secs] 
2014-07-08T05:32:18.924+0000: 202.383: [GC [PSYoungGen: 331122K->306K(321920K)] 408630K->77854K(1008896K), 0.0069620 secs] [Times: user=0.02 sys=0.00, real=0.01 secs] 
2014-07-08T05:32:19.443+0000: 202.902: [GC [PSYoungGen: 321906K->576K(313280K)] 399454K->78180K(1000256K), 0.0058440 secs] [Times: user=0.02 sys=0.00, real=0.01 secs] 
2014-07-08T05:32:20.025+0000: 203.484: [GC [PSYoungGen: 313280K->356K(304576K)] 390884K->78000K(991552K), 0.0068080 secs] [Times: user=0.03 sys=0.00, real=0.01 secs] 
2014-07-08T05:32:20.560+0000: 204.019: [GC [PSYoungGen: 304548K->516K(296576K)] 382192K->78192K(983552K), 0.0034000 secs] [Times: user=0.02 sys=0.00, real=0.00 secs] 
2014-07-08T05:32:21.192+0000: 204.652: [GC [PSYoungGen: 296511K->914K(289088K)] 374187K->78622K(976064K), 0.0088460 secs] [Times: user=0.02 sys=0.01, real=0.01 secs] 
2014-07-08T05:32:21.853+0000: 205.312: [GC [PSYoungGen: 289042K->338K(346176K)] 366750K->78134K(1033152K), 0.0188490 secs] [Times: user=0.07 sys=0.00, real=0.02 secs] 
2014-07-08T05:32:22.366+0000: 205.825: [GC [PSYoungGen: 346130K->160K(415168K)] 423926K->78068K(1102144K), 0.0055740 secs] [Times: user=0.01 sys=0.00, real=0.01 secs] 
2014-07-08T05:32:23.146+0000: 206.605: [GC [PSYoungGen: 415131K->256K(498240K)] 493039K->78196K(1185216K), 0.0037670 secs] [Times: user=0.01 sys=0.00, real=0.01 secs] 
2014-07-08T05:32:24.057+0000: 207.516: [GC [PSYoungGen: 498240K->306K(597952K)] 576180K->78318K(1284928K), 0.0118410 secs] [Times: user=0.05 sys=0.00, real=0.02 secs] 
2014-07-08T05:32:25.069+0000: 208.528: [GC [PSYoungGen: 597934K->356K(717568K)] 675946K->78464K(1404544K), 0.0076890 secs] [Times: user=0.02 sys=0.00, real=0.00 secs] 
2014-07-08T05:32:26.483+0000: 209.942: [GC [PSYoungGen: 717540K->850K(691712K)] 795648K->78990K(1378688K), 0.0055280 secs] [Times: user=0.01 sys=0.01, real=0.01 secs] 
2014-07-08T05:32:27.872+0000: 211.332: [GC [PSYoungGen: 691666K->772K(666496K)] 769806K->79000K(1353472K), 0.0052440 secs] [Times: user=0.01 sys=0.00, real=0.00 secs] 
2014-07-08T05:32:29.049+0000: 212.508: [GC [PSYoungGen: 666436K->192K(641920K)] 744664K->78524K(1328896K), 0.0037320 secs] [Times: user=0.01 sys=0.00, real=0.01 secs] 
2014-07-08T05:32:30.232+0000: 213.692: [GC [PSYoungGen: 641918K->370K(619264K)] 720250K->78750K(1306240K), 0.0098440 secs] [Times: user=0.04 sys=0.00, real=0.01 secs] 
2014-07-08T05:32:31.408+0000: 214.867: [GC [PSYoungGen: 619152K->644K(597760K)] 697532K->79072K(1284736K), 0.0052900 secs] [Times: user=0.01 sys=0.00, real=0.01 secs] 
2014-07-08T05:32:32.433+0000: 215.892: [GC [PSYoungGen: 597694K->562K(576832K)] 676122K->79094K(1263808K), 0.0052440 secs] [Times: user=0.02 sys=0.00, real=0.00 secs] 
2014-07-08T05:32:33.635+0000: 217.094: [GC [PSYoungGen: 576818K->1202K(557568K)] 655350K->79822K(1244544K), 0.0216860 secs] [Times: user=0.08 sys=0.00, real=0.02 secs] 
2014-07-08T05:32:34.543+0000: 218.002: [GC [PSYoungGen: 557519K->694K(538048K)] 636139K->79458K(1225024K), 0.0046190 secs] [Times: user=0.02 sys=0.00, real=0.00 secs] 
2014-07-08T05:32:35.478+0000: 218.937: [GC [PSYoungGen: 538038K->644K(519936K)] 616802K->79472K(1206912K), 0.0061700 secs] [Times: user=0.00 sys=0.00, real=0.01 secs] 
2014-07-08T05:32:36.406+0000: 219.865: [GC [PSYoungGen: 519875K->306K(502208K)] 598703K->79190K(1189184K), 0.0068940 secs] [Times: user=0.02 sys=0.00, real=0.01 secs] 
2014-07-08T05:32:37.312+0000: 220.771: [GC [PSYoungGen: 502194K->256K(485568K)] 581078K->79204K(1172544K), 0.0084260 secs] [Times: user=0.03 sys=0.00, real=0.01 secs] 
2014-07-08T05:32:38.149+0000: 221.608: [GC [PSYoungGen: 485568K->160K(469696K)] 564516K->79156K(1156672K), 0.0031970 secs] [Times: user=0.01 sys=0.00, real=0.01 secs] 
2014-07-08T05:32:39.041+0000: 222.500: [GC [PSYoungGen: 469664K->256K(454656K)] 548660K->79276K(1141632K), 0.0049050 secs] [Times: user=0.02 sys=0.00, real=0.00 secs] 
2014-07-08T05:32:39.958+0000: 223.417: [GC [PSYoungGen: 454656K->448K(440384K)] 533676K->79540K(1127360K), 0.0056700 secs] [Times: user=0.01 sys=0.00, real=0.01 secs] 
2014-07-08T05:32:40.765+0000: 224.224: [GC [PSYoungGen: 440384K->672K(426816K)] 519476K->79820K(1113792K), 0.0048750 secs] [Times: user=0.01 sys=0.00, real=0.00 secs] 
2014-07-08T05:32:41.531+0000: 224.990: [GC [PSYoungGen: 426784K->690K(413568K)] 505932K->79886K(1100544K), 0.0036470 secs] [Times: user=0.01 sys=0.00, real=0.00 secs] 
2014-07-08T05:32:42.180+0000: 225.639: [GC [PSYoungGen: 413554K->256K(400448K)] 492750K->79564K(1087424K), 0.0028780 secs] [Times: user=0.00 sys=0.00, real=0.01 secs] 
2014-07-08T05:32:42.987+0000: 226.446: [GC [PSYoungGen: 400377K->420K(388480K)] 479685K->79800K(1075456K), 0.0027320 secs] [Times: user=0.01 sys=0.00, real=0.00 secs] 
2014-07-08T05:32:43.658+0000: 227.117: [GC [PSYoungGen: 388452K->338K(376768K)] 467832K->79798K(1063744K), 0.0036920 secs] [Times: user=0.01 sys=0.00, real=0.01 secs] 
2014-07-08T05:32:44.250+0000: 227.709: [GC [PSYoungGen: 376722K->224K(365504K)] 456182K->79724K(1052480K), 0.0111440 secs] [Times: user=0.04 sys=0.00, real=0.01 secs] 
2014-07-08T05:32:44.981+0000: 228.440: [GC [PSYoungGen: 365458K->256K(354816K)] 444958K->79772K(1041792K), 0.0033340 secs] [Times: user=0.01 sys=0.00, real=0.00 secs] 
2014-07-08T05:32:45.595+0000: 229.054: [GC [PSYoungGen: 354809K->676K(345024K)] 434325K->80264K(1032000K), 0.0086890 secs] [Times: user=0.02 sys=0.00, real=0.01 secs] 
2014-07-08T05:32:46.450+0000: 229.909: [GC [PSYoungGen: 344996K->1088K(335616K)] 424584K->80814K(1022592K), 0.0072610 secs] [Times: user=0.02 sys=0.00, real=0.01 secs] 
2014-07-08T05:32:47.081+0000: 230.540: [GC [PSYoungGen: 335616K->352K(401856K)] 415342K->80206K(1088832K), 0.0124270 secs] [Times: user=0.03 sys=0.00, real=0.02 secs] 
2014-07-08T05:32:47.873+0000: 231.332: [GC [PSYoungGen: 401824K->274K(482112K)] 481678K->80192K(1169088K), 0.0056220 secs] [Times: user=0.01 sys=0.00, real=0.00 secs] 
2014-07-08T05:32:48.818+0000: 232.277: [GC [PSYoungGen: 482066K->772K(466944K)] 561984K->80738K(1153920K), 0.0043400 secs] [Times: user=0.02 sys=0.00, real=0.01 secs] 
2014-07-08T05:32:49.614+0000: 233.073: [GC [PSYoungGen: 466884K->676K(451840K)] 546850K->80690K(1138816K), 0.0034150 secs] [Times: user=0.01 sys=0.00, real=0.00 secs] 
2014-07-08T05:32:50.308+0000: 233.767: [GC [PSYoungGen: 451812K->224K(437056K)] 531826K->80286K(1124032K), 0.0085470 secs] [Times: user=0.03 sys=0.00, real=0.01 secs] 
2014-07-08T05:32:51.136+0000: 234.595: [GC [PSYoungGen: 437024K->288K(423424K)] 517086K->80374K(1110400K), 0.0037810 secs] [Times: user=0.01 sys=0.00, real=0.00 secs] 
2014-07-08T05:32:52.091+0000: 235.550: [GC [PSYoungGen: 423381K->598K(410624K)] 503467K->80748K(1097600K), 0.0042130 secs] [Times: user=0.01 sys=0.00, real=0.01 secs] 
2014-07-08T05:32:52.841+0000: 236.300: [GC [PSYoungGen: 410579K->256K(397696K)] 490729K->80566K(1084672K), 0.0042530 secs] [Times: user=0.01 sys=0.00, real=0.01 secs] 
2014-07-08T05:32:53.472+0000: 236.932: [GC [PSYoungGen: 397695K->612K(386048K)] 478005K->81002K(1073024K), 0.0084380 secs] [Times: user=0.03 sys=0.00, real=0.00 secs] 
2014-07-08T05:32:54.136+0000: 237.595: [GC [PSYoungGen: 386020K->224K(374144K)] 466410K->80654K(1061120K), 0.0051750 secs] [Times: user=0.01 sys=0.00, real=0.00 secs] 
2014-07-08T05:32:54.886+0000: 238.345: [GC [PSYoungGen: 374112K->288K(449024K)] 454542K->80774K(1136000K), 0.0133700 secs] [Times: user=0.05 sys=0.00, real=0.01 secs] 
2014-07-08T05:32:55.705+0000: 239.165: [GC [PSYoungGen: 448992K->498K(435008K)] 529478K->81056K(1121984K), 0.0043060 secs] [Times: user=0.01 sys=0.00, real=0.00 secs] 
2014-07-08T05:32:56.335+0000: 239.794: [GC [PSYoungGen: 434994K->256K(421120K)] 515552K->80862K(1108096K), 0.0068440 secs] [Times: user=0.02 sys=0.00, real=0.00 secs] 
2014-07-08T05:32:57.206+0000: 240.666: [GC [PSYoungGen: 421120K->324K(408256K)] 501726K->80938K(1095232K), 0.0052370 secs] [Times: user=0.01 sys=0.00, real=0.00 secs] 
2014-07-08T05:32:58.063+0000: 241.522: [GC [PSYoungGen: 408196K->224K(395648K)] 488810K->80910K(1082624K), 0.0058590 secs] [Times: user=0.00 sys=0.00, real=0.00 secs] 
2014-07-08T05:32:58.809+0000: 242.268: [GC [PSYoungGen: 395616K->242K(383680K)] 476302K->80984K(1070656K), 0.0090040 secs] [Times: user=0.03 sys=0.00, real=0.01 secs] 
2014-07-08T05:32:59.378+0000: 242.837: [GC [PSYoungGen: 383666K->256K(460416K)] 464408K->81038K(1147392K), 0.0158330 secs] [Times: user=0.06 sys=0.00, real=0.02 secs] 
2014-07-08T05:33:00.193+0000: 243.653: [GC [PSYoungGen: 460416K->192K(552384K)] 541198K->80990K(1239360K), 0.0037820 secs] [Times: user=0.01 sys=0.00, real=0.00 secs] 
2014-07-08T05:33:01.226+0000: 244.685: [GC [PSYoungGen: 552384K->402K(663104K)] 633182K->81256K(1350080K), 0.0066240 secs] [Times: user=0.03 sys=0.00, real=0.00 secs] 
2014-07-08T05:33:02.395+0000: 245.854: [GC [PSYoungGen: 662965K->580K(639488K)] 743819K->81522K(1326464K), 0.0063830 secs] [Times: user=0.02 sys=0.00, real=0.00 secs] 
2014-07-08T05:33:03.606+0000: 247.065: [GC [PSYoungGen: 639427K->886K(617024K)] 720369K->82228K(1304000K), 0.0076140 secs] [Times: user=0.01 sys=0.01, real=0.00 secs] 
2014-07-08T05:33:04.825+0000: 248.284: [GC [PSYoungGen: 617014K->320K(594752K)] 698356K->82072K(1281728K), 0.0042950 secs] [Times: user=0.01 sys=0.00, real=0.00 secs] 
2014-07-08T05:33:05.851+0000: 249.310: [GC [PSYoungGen: 594752K->288K(574080K)] 676504K->82224K(1261056K), 0.0032810 secs] [Times: user=0.01 sys=0.00, real=0.01 secs] 
2014-07-08T05:33:06.965+0000: 250.424: [GC [PSYoungGen: 574048K->434K(554432K)] 655984K->82466K(1241408K), 0.0048330 secs] [Times: user=0.01 sys=0.00, real=0.00 secs] 
2014-07-08T05:33:07.882+0000: 251.341: [GC [PSYoungGen: 554418K->256K(535360K)] 636450K->82384K(1222336K), 0.0061250 secs] [Times: user=0.02 sys=0.00, real=0.01 secs] 
2014-07-08T05:33:08.895+0000: 252.354: [GC [PSYoungGen: 535360K->676K(517760K)] 617488K->82836K(1204736K), 0.0051310 secs] [Times: user=0.01 sys=0.00, real=0.01 secs] 
2014-07-08T05:33:09.856+0000: 253.315: [GC [PSYoungGen: 517732K->288K(500160K)] 599892K->82512K(1187136K), 0.0141450 secs] [Times: user=0.04 sys=0.00, real=0.01 secs] 
2014-07-08T05:33:10.732+0000: 254.191: [GC [PSYoungGen: 500128K->868K(484288K)] 582352K->83132K(1171264K), 0.0048530 secs] [Times: user=0.01 sys=0.00, real=0.01 secs] 
2014-07-08T05:33:11.496+0000: 254.955: [GC [PSYoungGen: 484182K->484K(468160K)] 566447K->82780K(1155136K), 0.0042500 secs] [Times: user=0.01 sys=0.01, real=0.00 secs] 
2014-07-08T05:33:12.322+0000: 255.781: [GC [PSYoungGen: 468132K->480K(453120K)] 550428K->82856K(1140096K), 0.0096360 secs] [Times: user=0.03 sys=0.00, real=0.01 secs] 
2014-07-08T05:33:13.179+0000: 256.638: [GC [PSYoungGen: 453088K->306K(438528K)] 535464K->82770K(1125504K), 0.0031650 secs] [Times: user=0.01 sys=0.00, real=0.00 secs] 
2014-07-08T05:33:13.989+0000: 257.448: [GC [PSYoungGen: 438514K->256K(424704K)] 520978K->82816K(1111680K), 0.0085570 secs] [Times: user=0.03 sys=0.00, real=0.01 secs] 
2014-07-08T05:33:14.789+0000: 258.248: [GC [PSYoungGen: 424704K->872K(510272K)] 507264K->83504K(1197248K), 0.0207580 secs] [Times: user=0.07 sys=0.01, real=0.02 secs] 
2014-07-08T05:33:15.695+0000: 259.155: [GC [PSYoungGen: 510248K->946K(612224K)] 592880K->83714K(1299200K), 0.0082310 secs] [Times: user=0.02 sys=0.00, real=0.01 secs] 
2014-07-08T05:33:16.894+0000: 260.353: [GC [PSYoungGen: 612209K->548K(734144K)] 694977K->83372K(1421120K), 0.0083300 secs] [Times: user=0.01 sys=0.00, real=0.01 secs] 
2014-07-08T05:33:18.128+0000: 261.588: [GC [PSYoungGen: 734115K->274K(706752K)] 816940K->83226K(1393728K), 0.0074570 secs] [Times: user=0.03 sys=0.00, real=0.00 secs] 
2014-07-08T05:33:19.344+0000: 262.803: [GC [PSYoungGen: 706706K->256K(680832K)] 789658K->83256K(1367808K), 0.0032070 secs] [Times: user=0.01 sys=0.00, real=0.01 secs] 
2014-07-08T05:33:20.602+0000: 264.061: [GC [PSYoungGen: 680832K->690K(656640K)] 763832K->83746K(1343616K), 0.0071520 secs] [Times: user=0.03 sys=0.01, real=0.01 secs] 
2014-07-08T05:33:21.951+0000: 265.410: [GC [PSYoungGen: 656626K->1124K(633600K)] 739682K->84348K(1320576K), 0.0055520 secs] [Times: user=0.01 sys=0.00, real=0.01 secs] 
2014-07-08T05:33:23.070+0000: 266.529: [GC [PSYoungGen: 633572K->320K(610304K)] 716796K->83696K(1297280K), 0.0067890 secs] [Times: user=0.01 sys=0.00, real=0.00 secs] 
2014-07-08T05:33:24.099+0000: 267.558: [GC [PSYoungGen: 610304K->192K(588736K)] 693680K->83720K(1275712K), 0.0038720 secs] [Times: user=0.01 sys=0.00, real=0.00 secs] 
2014-07-08T05:33:25.171+0000: 268.630: [GC [PSYoungGen: 588736K->320K(568448K)] 672264K->83920K(1255424K), 0.0064270 secs] [Times: user=0.01 sys=0.00, real=0.01 secs] 
2014-07-08T05:33:26.158+0000: 269.618: [GC [PSYoungGen: 568448K->224K(548864K)] 652048K->83880K(1235840K), 0.0071350 secs] [Times: user=0.02 sys=0.00, real=0.00 secs] 
2014-07-08T05:33:27.380+0000: 270.839: [GC [PSYoungGen: 548832K->950K(530944K)] 632488K->84646K(1217920K), 0.0043090 secs] [Times: user=0.01 sys=0.00, real=0.00 secs] 
2014-07-08T05:33:28.274+0000: 271.734: [GC [PSYoungGen: 530934K->320K(512512K)] 614630K->84120K(1199488K), 0.0048210 secs] [Times: user=0.01 sys=0.00, real=0.01 secs] 
2014-07-08T05:33:29.213+0000: 272.673: [GC [PSYoungGen: 512512K->224K(495424K)] 596312K->84056K(1182400K), 0.0037800 secs] [Times: user=0.01 sys=0.00, real=0.00 secs] 
2014-07-08T05:33:30.107+0000: 273.566: [GC [PSYoungGen: 495392K->160K(479104K)] 579224K->84032K(1166080K), 0.0054520 secs] [Times: user=0.01 sys=0.00, real=0.01 secs] 
2014-07-08T05:33:31.006+0000: 274.465: [GC [PSYoungGen: 479072K->402K(463808K)] 562944K->84314K(1150784K), 0.0066270 secs] [Times: user=0.02 sys=0.00, real=0.01 secs] 
2014-07-08T05:33:31.854+0000: 275.313: [GC [PSYoungGen: 463762K->480K(449024K)] 547674K->84480K(1136000K), 0.0156110 secs] [Times: user=0.06 sys=0.00, real=0.02 secs] 
2014-07-08T05:33:32.693+0000: 276.153: [GC [PSYoungGen: 448992K->512K(434816K)] 532992K->84600K(1121792K), 0.0049440 secs] [Times: user=0.02 sys=0.00, real=0.01 secs] 
2014-07-08T05:33:33.659+0000: 277.118: [GC [PSYoungGen: 434816K->850K(522112K)] 518904K->85050K(1209088K), 0.0183230 secs] [Times: user=0.06 sys=0.00, real=0.01 secs] 
2014-07-08T05:33:34.510+0000: 277.969: [GC [PSYoungGen: 522066K->480K(625984K)] 606266K->84792K(1312960K), 0.0100420 secs] [Times: user=0.04 sys=0.00, real=0.01 secs] 
2014-07-08T05:33:35.637+0000: 279.096: [GC [PSYoungGen: 625952K->644K(751296K)] 710264K->85004K(1438272K), 0.0086860 secs] [Times: user=0.03 sys=0.00, real=0.01 secs] 
2014-07-08T05:33:36.979+0000: 280.438: [GC [PSYoungGen: 751236K->420K(723136K)] 835596K->84852K(1410112K), 0.0054020 secs] [Times: user=0.01 sys=0.00, real=0.00 secs] 
2014-07-08T05:33:38.229+0000: 281.688: [GC [PSYoungGen: 723108K->192K(696256K)] 807540K->84688K(1383232K), 0.0035890 secs] [Times: user=0.01 sys=0.00, real=0.00 secs] 
2014-07-08T05:33:39.736+0000: 283.195: [GC [PSYoungGen: 696219K->324K(671104K)] 780715K->84876K(1358080K), 0.0060550 secs] [Times: user=0.02 sys=0.00, real=0.01 secs] 
2014-07-08T05:33:40.964+0000: 284.423: [GC [PSYoungGen: 671044K->256K(646784K)] 755596K->84920K(1333760K), 0.0097200 secs] [Times: user=0.03 sys=0.00, real=0.01 secs] 
2014-07-08T05:33:42.106+0000: 285.565: [GC [PSYoungGen: 646784K->224K(623680K)] 731448K->84944K(1310656K), 0.0064970 secs] [Times: user=0.00 sys=0.00, real=0.01 secs] 
2014-07-08T05:33:43.182+0000: 286.641: [GC [PSYoungGen: 623648K->256K(601664K)] 708368K->85064K(1288640K), 0.0037020 secs] [Times: user=0.01 sys=0.00, real=0.00 secs] 
2014-07-08T05:33:44.264+0000: 287.724: [GC [PSYoungGen: 601664K->192K(580608K)] 686472K->85088K(1267584K), 0.0054950 secs] [Times: user=0.01 sys=0.00, real=0.01 secs] 
2014-07-08T05:33:45.277+0000: 288.736: [GC [PSYoungGen: 580608K->306K(560640K)] 665504K->85274K(1247616K), 0.0090180 secs] [Times: user=0.04 sys=0.00, real=0.01 secs] 
2014-07-08T05:33:46.413+0000: 289.872: [GC [PSYoungGen: 560626K->384K(541568K)] 645594K->85392K(1228544K), 0.0060070 secs] [Times: user=0.00 sys=0.01, real=0.00 secs] 
2014-07-08T05:33:47.525+0000: 290.984: [GC [PSYoungGen: 541568K->644K(523584K)] 626576K->85748K(1210560K), 0.0072530 secs] [Times: user=0.02 sys=0.00, real=0.01 secs] 
2014-07-08T05:33:48.423+0000: 291.882: [GC [PSYoungGen: 523524K->256K(505664K)] 608628K->85440K(1192640K), 0.0043940 secs] [Times: user=0.01 sys=0.00, real=0.00 secs] 
2014-07-08T05:33:49.300+0000: 292.760: [GC [PSYoungGen: 505664K->192K(488896K)] 590848K->85408K(1175872K), 0.0034900 secs] [Times: user=0.01 sys=0.00, real=0.01 secs] 
2014-07-08T05:33:50.223+0000: 293.683: [GC [PSYoungGen: 488896K->224K(473024K)] 574112K->85472K(1160000K), 0.0048980 secs] [Times: user=0.01 sys=0.00, real=0.00 secs] 
2014-07-08T05:33:51.241+0000: 294.700: [GC [PSYoungGen: 472992K->498K(457984K)] 558240K->85794K(1144960K), 0.0195200 secs] [Times: user=0.06 sys=0.00, real=0.01 secs] 
2014-07-08T05:33:52.056+0000: 295.515: [GC [PSYoungGen: 457970K->192K(443072K)] 543266K->85576K(1130048K), 0.0057860 secs] [Times: user=0.01 sys=0.01, real=0.01 secs] 
2014-07-08T05:33:52.912+0000: 296.371: [GC [PSYoungGen: 443072K->306K(429248K)] 528456K->85754K(1116224K), 0.0040440 secs] [Times: user=0.01 sys=0.00, real=0.00 secs] 
2014-07-08T05:33:53.693+0000: 297.152: [GC [PSYoungGen: 429234K->676K(416256K)] 514682K->86236K(1103232K), 0.0056470 secs] [Times: user=0.01 sys=0.00, real=0.00 secs] 
2014-07-08T05:33:54.387+0000: 297.846: [GC [PSYoungGen: 416227K->274K(403072K)] 501787K->85882K(1090048K), 0.0056380 secs] [Times: user=0.01 sys=0.00, real=0.01 secs] 
2014-07-08T05:33:55.135+0000: 298.594: [GC [PSYoungGen: 403026K->224K(390784K)] 488634K->85864K(1077760K), 0.0060450 secs] [Times: user=0.01 sys=0.00, real=0.00 secs] 
2014-07-08T05:33:55.876+0000: 299.335: [GC [PSYoungGen: 390752K->192K(379008K)] 476392K->85872K(1065984K), 0.0052320 secs] [Times: user=0.01 sys=0.00, real=0.00 secs] 
2014-07-08T05:33:56.504+0000: 299.964: [GC [PSYoungGen: 379008K->630K(368192K)] 464688K->86358K(1055168K), 0.0039380 secs] [Times: user=0.01 sys=0.00, real=0.00 secs] 
2014-07-08T05:33:57.415+0000: 300.874: [GC [PSYoungGen: 368182K->672K(357504K)] 453910K->86432K(1044480K), 0.0036190 secs] [Times: user=0.02 sys=0.00, real=0.00 secs] 
2014-07-08T05:33:58.126+0000: 301.585: [GC [PSYoungGen: 357472K->306K(346816K)] 443232K->86162K(1033792K), 0.0070760 secs] [Times: user=0.03 sys=0.00, real=0.01 secs] 
2014-07-08T05:33:58.808+0000: 302.268: [GC [PSYoungGen: 346725K->416K(416256K)] 432581K->86344K(1103232K), 0.0146500 secs] [Times: user=0.04 sys=0.01, real=0.02 secs] 
2014-07-08T05:33:59.469+0000: 302.928: [GC [PSYoungGen: 416224K->576K(403584K)] 502152K->86544K(1090560K), 0.0037520 secs] [Times: user=0.02 sys=0.00, real=0.01 secs] 
2014-07-08T05:34:00.157+0000: 303.616: [GC [PSYoungGen: 403584K->160K(390912K)] 489552K->86144K(1077888K), 0.0053170 secs] [Times: user=0.00 sys=0.00, real=0.01 secs] 
2014-07-08T05:34:00.931+0000: 304.390: [GC [PSYoungGen: 390880K->192K(379200K)] 476864K->86216K(1066176K), 0.0059540 secs] [Times: user=0.02 sys=0.00, real=0.01 secs] 
2014-07-08T05:34:01.583+0000: 305.042: [GC [PSYoungGen: 379200K->644K(455552K)] 465224K->86732K(1142528K), 0.0164030 secs] [Times: user=0.06 sys=0.00, real=0.01 secs] 
2014-07-08T05:34:02.375+0000: 305.834: [GC [PSYoungGen: 455487K->960K(546816K)] 541575K->87168K(1233792K), 0.0299540 secs] [Times: user=0.11 sys=0.00, real=0.03 secs] 
2014-07-08T05:34:03.540+0000: 306.999: [GC [PSYoungGen: 546816K->790K(655872K)] 633024K->87070K(1342848K), 0.0042070 secs] [Times: user=0.01 sys=0.00, real=0.01 secs] 
2014-07-08T05:34:04.747+0000: 308.206: [GC [PSYoungGen: 655825K->566K(786624K)] 742105K->87238K(1473600K), 0.0060540 secs] [Times: user=0.02 sys=0.00, real=0.01 secs] 
2014-07-08T05:34:06.085+0000: 309.544: [GC [PSYoungGen: 786614K->324K(943680K)] 873286K->87076K(1630656K), 0.0039930 secs] [Times: user=0.00 sys=0.00, real=0.00 secs] 
2014-07-08T05:34:07.894+0000: 311.353: [GC [PSYoungGen: 943620K->448K(906752K)] 1030372K->87312K(1593728K), 0.0103450 secs] [Times: user=0.03 sys=0.00, real=0.02 secs] 
2014-07-08T05:34:09.597+0000: 313.057: [GC [PSYoungGen: 906752K->772K(871872K)] 993616K->87740K(1558848K), 0.0057390 secs] [Times: user=0.02 sys=0.00, real=0.00 secs] 
2014-07-08T05:34:11.121+0000: 314.580: [GC [PSYoungGen: 871812K->352K(837824K)] 958780K->87400K(1524800K), 0.0059630 secs] [Times: user=0.01 sys=0.00, real=0.01 secs] 
2014-07-08T05:34:12.724+0000: 316.183: [GC [PSYoungGen: 837792K->1142K(806592K)] 924840K->88278K(1493568K), 0.0047760 secs] [Times: user=0.02 sys=0.01, real=0.01 secs] 
2014-07-08T05:34:14.103+0000: 317.562: [GC [PSYoungGen: 806505K->320K(775296K)] 893641K->87640K(1462272K), 0.0092580 secs] [Times: user=0.03 sys=0.01, real=0.01 secs] 
2014-07-08T05:34:15.653+0000: 319.113: [GC [PSYoungGen: 775296K->608K(746560K)] 862616K->88032K(1433536K), 0.0106200 secs] [Times: user=0.03 sys=0.01, real=0.01 secs] 
2014-07-08T05:34:16.953+0000: 320.413: [GC [PSYoungGen: 746524K->192K(718400K)] 833949K->87736K(1405376K), 0.0042880 secs] [Times: user=0.01 sys=0.00, real=0.01 secs] 
2014-07-08T05:34:18.255+0000: 321.714: [GC [PSYoungGen: 718400K->192K(692032K)] 805944K->87792K(1379008K), 0.0063000 secs] [Times: user=0.01 sys=0.00, real=0.00 secs] 
2014-07-08T05:34:19.506+0000: 322.965: [GC [PSYoungGen: 692032K->658K(667392K)] 779632K->88322K(1354368K), 0.0040870 secs] [Times: user=0.01 sys=0.00, real=0.00 secs] 
2014-07-08T05:34:20.840+0000: 324.300: [GC [PSYoungGen: 667346K->932K(643648K)] 755010K->88644K(1330624K), 0.0051070 secs] [Times: user=0.01 sys=0.00, real=0.00 secs] 
2014-07-08T05:34:21.950+0000: 325.409: [GC [PSYoungGen: 643620K->416K(620224K)] 731332K->88240K(1307200K), 0.0093940 secs] [Times: user=0.04 sys=0.00, real=0.01 secs] 
2014-07-08T05:34:23.116+0000: 326.575: [GC [PSYoungGen: 620191K->288K(598272K)] 708015K->88224K(1285248K), 0.0074880 secs] [Times: user=0.01 sys=0.00, real=0.00 secs] 
2014-07-08T05:34:24.178+0000: 327.637: [GC [PSYoungGen: 598240K->320K(577408K)] 686176K->88416K(1264384K), 0.0105550 secs] [Times: user=0.04 sys=0.00, real=0.01 secs] 
2014-07-08T05:34:25.215+0000: 328.675: [GC [PSYoungGen: 577408K->292K(557504K)] 665504K->88444K(1244480K), 0.0036340 secs] [Times: user=0.01 sys=0.00, real=0.01 secs] 
2014-07-08T05:34:26.230+0000: 329.689: [GC [PSYoungGen: 557476K->224K(538432K)] 645628K->88424K(1225408K), 0.0049960 secs] [Times: user=0.02 sys=0.00, real=0.00 secs] 
2014-07-08T05:34:27.331+0000: 330.790: [GC [PSYoungGen: 538400K->388K(520448K)] 626600K->88620K(1207424K), 0.0111930 secs] [Times: user=0.04 sys=0.01, real=0.01 secs] 
2014-07-08T05:34:28.335+0000: 331.794: [GC [PSYoungGen: 520388K->306K(502976K)] 608620K->88650K(1189952K), 0.0061560 secs] [Times: user=0.01 sys=0.00, real=0.01 secs] 
2014-07-08T05:34:29.266+0000: 332.725: [GC [PSYoungGen: 502962K->320K(486400K)] 591306K->88744K(1173376K), 0.0058200 secs] [Times: user=0.02 sys=0.00, real=0.01 secs] 
2014-07-08T05:34:30.184+0000: 333.643: [GC [PSYoungGen: 486320K->178K(470400K)] 574744K->88634K(1157376K), 0.0037050 secs] [Times: user=0.01 sys=0.00, real=0.01 secs] 
2014-07-08T05:34:31.122+0000: 334.581: [GC [PSYoungGen: 470386K->310K(455360K)] 558842K->88798K(1142336K), 0.0037850 secs] [Times: user=0.01 sys=0.00, real=0.00 secs] 
2014-07-08T05:34:32.029+0000: 335.488: [GC [PSYoungGen: 455350K->320K(440896K)] 543838K->88896K(1127872K), 0.0096730 secs] [Times: user=0.03 sys=0.00, real=0.01 secs] 
2014-07-08T05:34:33.123+0000: 336.583: [GC [PSYoungGen: 440896K->868K(427584K)] 529472K->89628K(1114560K), 0.0077720 secs] [Times: user=0.01 sys=0.00, real=0.01 secs] 
2014-07-08T05:34:33.941+0000: 337.400: [GC [PSYoungGen: 427556K->402K(413888K)] 516316K->89380K(1100864K), 0.0044730 secs] [Times: user=0.01 sys=0.00, real=0.00 secs] 
2014-07-08T05:34:34.776+0000: 338.235: [GC [PSYoungGen: 413839K->996K(497152K)] 502817K->90094K(1184128K), 0.0256320 secs] [Times: user=0.08 sys=0.00, real=0.03 secs] 
2014-07-08T05:34:35.761+0000: 339.220: [GC [PSYoungGen: 497116K->740K(596160K)] 586214K->89998K(1283136K), 0.0084520 secs] [Times: user=0.03 sys=0.00, real=0.01 secs] 
2014-07-08T05:34:36.921+0000: 340.380: [GC [PSYoungGen: 596132K->224K(574912K)] 685390K->89530K(1261888K), 0.0055550 secs] [Times: user=0.01 sys=0.00, real=0.00 secs] 
2014-07-08T05:34:38.029+0000: 341.489: [GC [PSYoungGen: 574880K->224K(555136K)] 664186K->89610K(1242112K), 0.0075700 secs] [Times: user=0.03 sys=0.00, real=0.00 secs] 
2014-07-08T05:34:39.214+0000: 342.673: [GC [PSYoungGen: 555103K->256K(536192K)] 644490K->89690K(1223168K), 0.0108950 secs] [Times: user=0.04 sys=0.00, real=0.01 secs] 
2014-07-08T05:34:40.244+0000: 343.703: [GC [PSYoungGen: 536192K->224K(518144K)] 625626K->89730K(1205120K), 0.0059970 secs] [Times: user=0.01 sys=0.00, real=0.01 secs] 
2014-07-08T05:34:41.296+0000: 344.755: [GC [PSYoungGen: 518110K->342K(500992K)] 607616K->89880K(1187968K), 0.0076700 secs] [Times: user=0.03 sys=0.00, real=0.01 secs] 
2014-07-08T05:34:42.312+0000: 345.772: [GC [PSYoungGen: 500950K->502K(601280K)] 590488K->90120K(1288256K), 0.0231870 secs] [Times: user=0.07 sys=0.00, real=0.02 secs] 
2014-07-08T05:34:43.570+0000: 347.029: [GC [PSYoungGen: 601221K->740K(580544K)] 690839K->90462K(1267520K), 0.0037800 secs] [Times: user=0.01 sys=0.00, real=0.00 secs] 
2014-07-08T05:34:44.805+0000: 348.264: [GC [PSYoungGen: 580462K->950K(560704K)] 670184K->90832K(1247680K), 0.0046450 secs] [Times: user=0.02 sys=0.01, real=0.01 secs] 
2014-07-08T05:34:45.924+0000: 349.383: [GC [PSYoungGen: 560694K->320K(540928K)] 650576K->90290K(1227904K), 0.0068520 secs] [Times: user=0.01 sys=0.00, real=0.01 secs] 
2014-07-08T05:34:47.028+0000: 350.487: [GC [PSYoungGen: 540928K->128K(522432K)] 630898K->90162K(1209408K), 0.0053380 secs] [Times: user=0.01 sys=0.00, real=0.01 secs] 
2014-07-08T05:34:48.112+0000: 351.571: [GC [PSYoungGen: 522432K->392K(506112K)] 612466K->90466K(1193088K), 0.0050090 secs] [Times: user=0.01 sys=0.00, real=0.00 secs] 
2014-07-08T05:34:49.130+0000: 352.589: [GC [PSYoungGen: 505224K->228K(488384K)] 595298K->90358K(1175360K), 0.0117340 secs] [Times: user=0.04 sys=0.00, real=0.01 secs] 
2014-07-08T05:34:50.113+0000: 353.572: [GC [PSYoungGen: 488356K->160K(472384K)] 578486K->90330K(1159360K), 0.0039080 secs] [Times: user=0.00 sys=0.00, real=0.00 secs] 
2014-07-08T05:34:51.084+0000: 354.543: [GC [PSYoungGen: 472352K->320K(457280K)] 562522K->90530K(1144256K), 0.0107580 secs] [Times: user=0.04 sys=0.00, real=0.01 secs] 
2014-07-08T05:34:52.043+0000: 355.503: [GC [PSYoungGen: 457280K->320K(442688K)] 547490K->90610K(1129664K), 0.0055870 secs] [Times: user=0.02 sys=0.00, real=0.00 secs] 
2014-07-08T05:34:52.948+0000: 356.407: [GC [PSYoungGen: 442688K->306K(428736K)] 532978K->90716K(1115712K), 0.0125950 secs] [Times: user=0.04 sys=0.00, real=0.02 secs] 
2014-07-08T05:34:53.842+0000: 357.301: [GC [PSYoungGen: 428722K->192K(415296K)] 519132K->90690K(1102272K), 0.0088600 secs] [Times: user=0.03 sys=0.00, real=0.00 secs] 
2014-07-08T05:34:54.703+0000: 358.162: [GC [PSYoungGen: 415290K->548K(402880K)] 505789K->91126K(1089856K), 0.0043830 secs] [Times: user=0.02 sys=0.00, real=0.00 secs] 
2014-07-08T05:34:55.479+0000: 358.938: [GC [PSYoungGen: 402852K->352K(390464K)] 493430K->90962K(1077440K), 0.0041960 secs] [Times: user=0.01 sys=0.00, real=0.01 secs] 
2014-07-08T05:34:56.265+0000: 359.724: [GC [PSYoungGen: 390432K->192K(378560K)] 481042K->90834K(1065536K), 0.0041990 secs] [Times: user=0.01 sys=0.00, real=0.00 secs] 
2014-07-08T05:34:57.055+0000: 360.514: [GC [PSYoungGen: 378558K->96K(367296K)] 469200K->90770K(1054272K), 0.0030560 secs] [Times: user=0.01 sys=0.00, real=0.00 secs] 
2014-07-08T05:34:57.873+0000: 361.333: [GC [PSYoungGen: 367262K->598K(357056K)] 457936K->91320K(1044032K), 0.0047150 secs] [Times: user=0.01 sys=0.00, real=0.00 secs] 
2014-07-08T05:34:58.563+0000: 362.022: [GC [PSYoungGen: 357014K->644K(346816K)] 447736K->91438K(1033792K), 0.0100130 secs] [Times: user=0.03 sys=0.01, real=0.01 secs] 
2014-07-08T05:34:59.276+0000: 362.735: [GC [PSYoungGen: 346677K->160K(336448K)] 437471K->91018K(1023424K), 0.0035550 secs] [Times: user=0.01 sys=0.00, real=0.00 secs] 
2014-07-08T05:34:59.973+0000: 363.432: [GC [PSYoungGen: 336392K->192K(326976K)] 427250K->91082K(1013952K), 0.0096850 secs] [Times: user=0.04 sys=0.00, real=0.01 secs] 
2014-07-08T05:35:00.679+0000: 364.138: [GC [PSYoungGen: 326929K->626K(318336K)] 417819K->91556K(1005312K), 0.0071170 secs] [Times: user=0.02 sys=0.00, real=0.01 secs] 
2014-07-08T05:35:01.299+0000: 364.758: [GC [PSYoungGen: 318322K->192K(309120K)] 409252K->91154K(996096K), 0.0035960 secs] [Times: user=0.01 sys=0.00, real=0.01 secs] 
2014-07-08T05:35:01.946+0000: 365.405: [GC [PSYoungGen: 309120K->192K(300736K)] 400082K->91226K(987712K), 0.0060840 secs] [Times: user=0.02 sys=0.01, real=0.00 secs] 
2014-07-08T05:35:02.594+0000: 366.053: [GC [PSYoungGen: 300701K->598K(293120K)] 391735K->91712K(980096K), 0.0063970 secs] [Times: user=0.01 sys=0.00, real=0.00 secs] 
2014-07-08T05:35:03.257+0000: 366.716: [GC [PSYoungGen: 293078K->950K(285696K)] 384192K->92240K(972672K), 0.0092260 secs] [Times: user=0.03 sys=0.01, real=0.01 secs] 
2014-07-08T05:35:03.885+0000: 367.344: [GC [PSYoungGen: 285686K->690K(342400K)] 376976K->92052K(1029376K), 0.0125130 secs] [Times: user=0.04 sys=0.00, real=0.01 secs] 
2014-07-08T05:35:04.545+0000: 368.004: [GC [PSYoungGen: 342379K->480K(410560K)] 433741K->91970K(1097536K), 0.0050040 secs] [Times: user=0.01 sys=0.00, real=0.00 secs] 
2014-07-08T05:35:05.403+0000: 368.862: [GC [PSYoungGen: 410527K->242K(492352K)] 502017K->91756K(1179328K), 0.0111830 secs] [Times: user=0.04 sys=0.01, real=0.01 secs] 
2014-07-08T05:35:06.456+0000: 369.915: [GC [PSYoungGen: 492338K->274K(590848K)] 583852K->91828K(1277824K), 0.0128460 secs] [Times: user=0.04 sys=0.00, real=0.01 secs] 
2014-07-08T05:35:07.735+0000: 371.194: [GC [PSYoungGen: 590802K->708K(709440K)] 682356K->92302K(1396416K), 0.0128800 secs] [Times: user=0.05 sys=0.00, real=0.01 secs] 
2014-07-08T05:35:09.228+0000: 372.687: [GC [PSYoungGen: 709380K->320K(850752K)] 800974K->91970K(1537728K), 0.0151270 secs] [Times: user=0.04 sys=0.01, real=0.02 secs] 
2014-07-08T05:35:11.086+0000: 374.545: [GC [PSYoungGen: 850752K->402K(1020992K)] 942402K->92148K(1707968K), 0.0147090 secs] [Times: user=0.05 sys=0.00, real=0.01 secs] 
2014-07-08T05:35:13.213+0000: 376.672: [GC [PSYoungGen: 1020870K->324K(980224K)] 1112616K->92206K(1667200K), 0.0051200 secs] [Times: user=0.01 sys=0.00, real=0.00 secs] 
2014-07-08T05:35:15.291+0000: 378.750: [GC [PSYoungGen: 980164K->224K(941312K)] 1072046K->92242K(1628288K), 0.0038080 secs] [Times: user=0.01 sys=0.00, real=0.01 secs] 
2014-07-08T05:35:17.313+0000: 380.772: [GC [PSYoungGen: 941280K->256K(904384K)] 1033298K->92402K(1591360K), 0.0041610 secs] [Times: user=0.01 sys=0.00, real=0.01 secs] 
2014-07-08T05:35:19.225+0000: 382.684: [GC [PSYoungGen: 904384K->288K(869312K)] 996530K->92546K(1556288K), 0.0073180 secs] [Times: user=0.03 sys=0.00, real=0.00 secs] 
2014-07-08T05:35:21.069+0000: 384.528: [GC [PSYoungGen: 869280K->160K(835712K)] 961538K->92522K(1522688K), 0.0042300 secs] [Times: user=0.01 sys=0.00, real=0.00 secs] 
2014-07-08T05:35:22.878+0000: 386.338: [GC [PSYoungGen: 835680K->452K(804160K)] 928042K->92902K(1491136K), 0.0089090 secs] [Times: user=0.03 sys=0.00, real=0.01 secs] 
2014-07-08T05:35:24.588+0000: 388.048: [GC [PSYoungGen: 804100K->740K(774016K)] 896550K->93334K(1460992K), 0.0107680 secs] [Times: user=0.04 sys=0.00, real=0.01 secs] 
2014-07-08T05:35:26.222+0000: 389.681: [GC [PSYoungGen: 773988K->256K(744512K)] 866582K->93026K(1431488K), 0.0122740 secs] [Times: user=0.04 sys=0.00, real=0.01 secs] 
2014-07-08T05:35:27.877+0000: 391.336: [GC [PSYoungGen: 744512K->566K(717248K)] 837282K->93392K(1404224K), 0.0047350 secs] [Times: user=0.01 sys=0.00, real=0.00 secs] 
2014-07-08T05:35:29.332+0000: 392.791: [GC [PSYoungGen: 717186K->388K(690816K)] 810012K->93326K(1377792K), 0.0149250 secs] [Times: user=0.05 sys=0.00, real=0.02 secs] 
2014-07-08T05:35:30.832+0000: 394.292: [GC [PSYoungGen: 690756K->288K(665600K)] 783694K->93298K(1352576K), 0.0041870 secs] [Times: user=0.01 sys=0.00, real=0.01 secs] 
2014-07-08T05:35:32.224+0000: 395.683: [GC [PSYoungGen: 665568K->256K(641600K)] 758578K->93362K(1328576K), 0.0060740 secs] [Times: user=0.02 sys=0.00, real=0.01 secs] 
2014-07-08T05:35:33.677+0000: 397.137: [GC [PSYoungGen: 641600K->832K(619328K)] 734706K->94394K(1306304K), 0.0321780 secs] [Times: user=0.11 sys=0.01, real=0.03 secs] 
2014-07-08T05:35:34.910+0000: 398.369: [GC [PSYoungGen: 619328K->384K(597056K)] 712890K->94074K(1284032K), 0.0056870 secs] [Times: user=0.01 sys=0.00, real=0.00 secs] 
2014-07-08T05:35:36.233+0000: 399.692: [GC [PSYoungGen: 597056K->256K(576128K)] 690746K->94114K(1263104K), 0.0116760 secs] [Times: user=0.04 sys=0.00, real=0.01 secs] 
2014-07-08T05:35:37.409+0000: 400.869: [GC [PSYoungGen: 576128K->260K(556352K)] 669986K->94190K(1243328K), 0.0035370 secs] [Times: user=0.01 sys=0.00, real=0.00 secs] 
2014-07-08T05:35:38.667+0000: 402.127: [GC [PSYoungGen: 556292K->726K(537856K)] 650222K->94688K(1224832K), 0.0054130 secs] [Times: user=0.01 sys=0.01, real=0.00 secs] 
2014-07-08T05:35:39.761+0000: 403.221: [GC [PSYoungGen: 537779K->502K(519488K)] 631741K->94536K(1206464K), 0.0050320 secs] [Times: user=0.01 sys=0.00, real=0.00 secs] 
2014-07-08T05:35:40.851+0000: 404.310: [GC [PSYoungGen: 519478K->434K(502144K)] 613512K->94516K(1189120K), 0.0052490 secs] [Times: user=0.02 sys=0.01, real=0.00 secs] 
2014-07-08T05:35:41.914+0000: 405.373: [GC [PSYoungGen: 502130K->224K(485440K)] 596212K->94354K(1172416K), 0.0065460 secs] [Times: user=0.02 sys=0.00, real=0.01 secs] 
2014-07-08T05:35:42.942+0000: 406.401: [GC [PSYoungGen: 485340K->260K(469696K)] 579470K->94478K(1156672K), 0.0043660 secs] [Times: user=0.01 sys=0.00, real=0.00 secs] 
2014-07-08T05:35:44.079+0000: 407.539: [GC [PSYoungGen: 469580K->822K(455104K)] 563799K->95128K(1142080K), 0.0185300 secs] [Times: user=0.06 sys=0.00, real=0.02 secs] 
2014-07-08T05:35:44.919+0000: 408.378: [GC [PSYoungGen: 455094K->274K(440128K)] 549400K->94716K(1127104K), 0.0031180 secs] [Times: user=0.01 sys=0.01, real=0.00 secs] 
2014-07-08T05:35:45.902+0000: 409.361: [GC [PSYoungGen: 440082K->534K(426560K)] 534524K->95032K(1113536K), 0.0045030 secs] [Times: user=0.01 sys=0.00, real=0.00 secs] 
2014-07-08T05:35:46.785+0000: 410.244: [GC [PSYoungGen: 426518K->320K(413056K)] 521016K->94882K(1100032K), 0.0071380 secs] [Times: user=0.03 sys=0.00, real=0.01 secs] 
2014-07-08T05:35:47.645+0000: 411.104: [GC [PSYoungGen: 413056K->612K(400704K)] 507618K->95214K(1087680K), 0.0063050 secs] [Times: user=0.01 sys=0.00, real=0.01 secs] 
2014-07-08T05:35:48.496+0000: 411.955: [GC [PSYoungGen: 400676K->320K(388224K)] 495278K->94938K(1075200K), 0.0048530 secs] [Times: user=0.01 sys=0.00, real=0.01 secs] 
2014-07-08T05:35:49.317+0000: 412.776: [GC [PSYoungGen: 388222K->516K(376832K)] 482841K->95166K(1063808K), 0.0063530 secs] [Times: user=0.02 sys=0.00, real=0.01 secs] 
2014-07-08T05:35:50.113+0000: 413.572: [GC [PSYoungGen: 376772K->260K(365440K)] 471422K->94966K(1052416K), 0.0056590 secs] [Times: user=0.01 sys=0.00, real=0.01 secs] 
2014-07-08T05:35:50.896+0000: 414.355: [GC [PSYoungGen: 365380K->452K(354944K)] 460086K->95222K(1041920K), 0.0084990 secs] [Times: user=0.03 sys=0.00, real=0.01 secs] 
2014-07-08T05:35:51.819+0000: 415.278: [GC [PSYoungGen: 354881K->882K(345088K)] 449651K->95916K(1032064K), 0.0036050 secs] [Times: user=0.01 sys=0.00, real=0.01 secs] 
2014-07-08T05:35:52.388+0000: 415.847: [GC [PSYoungGen: 345073K->256K(334656K)] 440108K->95410K(1021632K), 0.0054140 secs] [Times: user=0.01 sys=0.00, real=0.01 secs] 
2014-07-08T05:35:53.096+0000: 416.555: [GC [PSYoungGen: 334650K->288K(325312K)] 429804K->95570K(1012288K), 0.0107350 secs] [Times: user=0.04 sys=0.00, real=0.01 secs] 
2014-07-08T05:35:53.899+0000: 417.358: [GC [PSYoungGen: 325279K->1088K(391104K)] 420561K->96466K(1078080K), 0.0266610 secs] [Times: user=0.09 sys=0.00, real=0.03 secs] 
2014-07-08T05:35:54.639+0000: 418.098: [GC [PSYoungGen: 391043K->662K(468736K)] 486422K->96128K(1155712K), 0.0205840 secs] [Times: user=0.07 sys=0.00, real=0.02 secs] 
2014-07-08T05:35:55.634+0000: 419.093: [GC [PSYoungGen: 468691K->662K(562368K)] 564157K->96176K(1249344K), 0.0043400 secs] [Times: user=0.01 sys=0.00, real=0.00 secs] 
2014-07-08T05:35:56.852+0000: 420.311: [GC [PSYoungGen: 562326K->352K(674432K)] 657840K->95930K(1361408K), 0.0064890 secs] [Times: user=0.01 sys=0.00, real=0.00 secs] 
2014-07-08T05:35:58.249+0000: 421.708: [GC [PSYoungGen: 674400K->288K(809216K)] 769978K->95930K(1496192K), 0.0073930 secs] [Times: user=0.01 sys=0.00, real=0.01 secs] 
2014-07-08T05:35:59.974+0000: 423.434: [GC [PSYoungGen: 809119K->292K(778560K)] 904761K->96014K(1465536K), 0.0035970 secs] [Times: user=0.01 sys=0.00, real=0.00 secs] 
2014-07-08T05:36:01.640+0000: 425.099: [GC [PSYoungGen: 778532K->580K(749696K)] 874254K->96382K(1436672K), 0.0037220 secs] [Times: user=0.01 sys=0.00, real=0.01 secs] 
2014-07-08T05:36:03.226+0000: 426.685: [GC [PSYoungGen: 749636K->256K(721472K)] 845438K->96146K(1408448K), 0.0043980 secs] [Times: user=0.01 sys=0.00, real=0.00 secs] 
2014-07-08T05:36:04.793+0000: 428.252: [GC [PSYoungGen: 721472K->740K(695424K)] 817362K->96750K(1382400K), 0.0056320 secs] [Times: user=0.02 sys=0.00, real=0.00 secs] 
2014-07-08T05:36:06.244+0000: 429.703: [GC [PSYoungGen: 695388K->256K(669632K)] 791399K->96442K(1356608K), 0.0057950 secs] [Times: user=0.02 sys=0.00, real=0.00 secs] 
2014-07-08T05:36:07.678+0000: 431.137: [GC [PSYoungGen: 669632K->594K(645888K)] 765818K->96828K(1332864K), 0.0111390 secs] [Times: user=0.04 sys=0.00, real=0.01 secs] 
2014-07-08T05:36:09.080+0000: 432.539: [GC [PSYoungGen: 645842K->744K(622976K)] 742076K->97026K(1309952K), 0.0161550 secs] [Times: user=0.06 sys=0.00, real=0.02 secs] 
2014-07-08T05:36:10.368+0000: 433.827: [GC [PSYoungGen: 622952K->224K(600512K)] 719234K->96578K(1287488K), 0.0037480 secs] [Times: user=0.01 sys=0.00, real=0.00 secs] 
2014-07-08T05:36:11.673+0000: 435.132: [GC [PSYoungGen: 600480K->992K(580288K)] 696834K->97426K(1267264K), 0.0057410 secs] [Times: user=0.01 sys=0.00, real=0.00 secs] 
2014-07-08T05:36:12.901+0000: 436.360: [GC [PSYoungGen: 580256K->466K(559744K)] 676690K->97020K(1246720K), 0.0109060 secs] [Times: user=0.04 sys=0.00, real=0.01 secs] 
2014-07-08T05:36:14.127+0000: 437.586: [GC [PSYoungGen: 559698K->1060K(541184K)] 656252K->97742K(1228160K), 0.0134950 secs] [Times: user=0.04 sys=0.00, real=0.01 secs] 
2014-07-08T05:36:15.225+0000: 438.684: [GC [PSYoungGen: 541149K->192K(522048K)] 637831K->96962K(1209024K), 0.0039920 secs] [Times: user=0.01 sys=0.00, real=0.00 secs] 
2014-07-08T05:36:16.341+0000: 439.800: [GC [PSYoungGen: 522048K->256K(504704K)] 618818K->97106K(1191680K), 0.0083470 secs] [Times: user=0.03 sys=0.00, real=0.01 secs] 
2014-07-08T05:36:17.418+0000: 440.878: [GC [PSYoungGen: 504704K->128K(487936K)] 601554K->97042K(1174912K), 0.0053440 secs] [Times: user=0.01 sys=0.00, real=0.01 secs] 
2014-07-08T05:36:18.458+0000: 441.917: [GC [PSYoungGen: 487871K->292K(472192K)] 584785K->97254K(1159168K), 0.0221090 secs] [Times: user=0.08 sys=0.00, real=0.02 secs] 
2014-07-08T05:36:19.464+0000: 442.923: [GC [PSYoungGen: 472164K->192K(456832K)] 569126K->97194K(1143808K), 0.0032810 secs] [Times: user=0.01 sys=0.00, real=0.00 secs] 
2014-07-08T05:36:20.436+0000: 443.895: [GC [PSYoungGen: 456781K->260K(442368K)] 553783K->97334K(1129344K), 0.0078620 secs] [Times: user=0.02 sys=0.00, real=0.01 secs] 
2014-07-08T05:36:21.380+0000: 444.839: [GC [PSYoungGen: 442210K->192K(530688K)] 539285K->97290K(1217664K), 0.0217010 secs] [Times: user=0.07 sys=0.00, real=0.02 secs] 
2014-07-08T05:36:22.526+0000: 445.985: [GC [PSYoungGen: 530688K->1060K(513792K)] 627786K->98230K(1200768K), 0.0052550 secs] [Times: user=0.01 sys=0.00, real=0.00 secs] 
2014-07-08T05:36:23.610+0000: 447.069: [GC [PSYoungGen: 513670K->480K(496192K)] 610840K->97738K(1183168K), 0.0048410 secs] [Times: user=0.01 sys=0.00, real=0.01 secs] 
2014-07-08T05:36:24.671+0000: 448.131: [GC [PSYoungGen: 496160K->576K(480000K)] 593418K->97970K(1166976K), 0.0082180 secs] [Times: user=0.01 sys=0.00, real=0.01 secs] 
2014-07-08T05:36:25.678+0000: 449.137: [GC [PSYoungGen: 480000K->370K(464256K)] 577394K->97836K(1151232K), 0.0088990 secs] [Times: user=0.01 sys=0.00, real=0.01 secs] 
2014-07-08T05:36:26.680+0000: 450.139: [GC [PSYoungGen: 464242K->544K(449600K)] 561708K->98066K(1136576K), 0.0043620 secs] [Times: user=0.01 sys=0.00, real=0.00 secs] 
2014-07-08T05:36:27.641+0000: 451.100: [GC [PSYoungGen: 449568K->580K(435456K)] 547090K->98142K(1122432K), 0.0038640 secs] [Times: user=0.01 sys=0.00, real=0.01 secs] 
2014-07-08T05:36:28.557+0000: 452.016: [GC [PSYoungGen: 435396K->320K(421504K)] 532958K->97922K(1108480K), 0.0061850 secs] [Times: user=0.01 sys=0.00, real=0.00 secs] 
2014-07-08T05:36:29.548+0000: 453.008: [GC [PSYoungGen: 421504K->672K(408832K)] 519106K->98306K(1095808K), 0.0051580 secs] [Times: user=0.01 sys=0.00, real=0.00 secs] 
2014-07-08T05:36:30.327+0000: 453.786: [GC [PSYoungGen: 408800K->420K(396096K)] 506434K->98174K(1083072K), 0.0052270 secs] [Times: user=0.02 sys=0.00, real=0.00 secs] 
2014-07-08T05:36:31.161+0000: 454.620: [GC [PSYoungGen: 396066K->160K(383872K)] 493820K->97970K(1070848K), 0.0107160 secs] [Times: user=0.04 sys=0.00, real=0.01 secs] 
2014-07-08T05:36:31.976+0000: 455.435: [GC [PSYoungGen: 383818K->342K(372608K)] 481628K->98208K(1059584K), 0.0096620 secs] [Times: user=0.04 sys=0.00, real=0.01 secs] 
2014-07-08T05:36:32.827+0000: 456.286: [GC [PSYoungGen: 372533K->694K(361984K)] 470399K->98640K(1048960K), 0.0073040 secs] [Times: user=0.02 sys=0.01, real=0.00 secs] 
2014-07-08T05:36:33.554+0000: 457.013: [GC [PSYoungGen: 361974K->754K(351552K)] 459920K->98804K(1038528K), 0.0081500 secs] [Times: user=0.01 sys=0.01, real=0.01 secs] 
2014-07-08T05:36:34.330+0000: 457.789: [GC [PSYoungGen: 351538K->1060K(341824K)] 449588K->99166K(1028800K), 0.0051920 secs] [Times: user=0.01 sys=0.00, real=0.00 secs] 
2014-07-08T05:36:35.090+0000: 458.549: [GC [PSYoungGen: 341790K->256K(409152K)] 439896K->98426K(1096128K), 0.0179220 secs] [Times: user=0.05 sys=0.00, real=0.02 secs] 
2014-07-08T05:36:35.906+0000: 459.365: [GC [PSYoungGen: 409152K->306K(491008K)] 507322K->98596K(1177984K), 0.0056790 secs] [Times: user=0.01 sys=0.00, real=0.01 secs] 
2014-07-08T05:36:36.936+0000: 460.395: [GC [PSYoungGen: 490992K->274K(589184K)] 589282K->98620K(1276160K), 0.0085670 secs] [Times: user=0.02 sys=0.00, real=0.01 secs] 
2014-07-08T05:36:38.198+0000: 461.657: [GC [PSYoungGen: 589138K->402K(568896K)] 687484K->98804K(1255872K), 0.0052560 secs] [Times: user=0.02 sys=0.00, real=0.00 secs] 
2014-07-08T05:36:39.456+0000: 462.916: [GC [PSYoungGen: 568850K->800K(549760K)] 667252K->99250K(1236736K), 0.0068550 secs] [Times: user=0.02 sys=0.00, real=0.01 secs] 
2014-07-08T05:36:40.588+0000: 464.047: [GC [PSYoungGen: 549728K->448K(530752K)] 648178K->98946K(1217728K), 0.0046910 secs] [Times: user=0.01 sys=0.00, real=0.00 secs] 
2014-07-08T05:36:41.737+0000: 465.196: [GC [PSYoungGen: 530752K->772K(637248K)] 629250K->99326K(1324224K), 0.0252620 secs] [Times: user=0.08 sys=0.00, real=0.03 secs] 
2014-07-08T05:36:43.067+0000: 466.526: [GC [PSYoungGen: 637188K->370K(614208K)] 735742K->99084K(1301184K), 0.0079800 secs] [Times: user=0.02 sys=0.00, real=0.00 secs] 
2014-07-08T05:36:44.371+0000: 467.830: [GC [PSYoungGen: 614194K->128K(592384K)] 712908K->98954K(1279360K), 0.0080240 secs] [Times: user=0.03 sys=0.00, real=0.01 secs] 
2014-07-08T05:36:45.657+0000: 469.116: [GC [PSYoungGen: 592384K->690K(572352K)] 691210K->99572K(1259328K), 0.0186950 secs] [Times: user=0.07 sys=0.01, real=0.02 secs] 
2014-07-08T05:36:46.869+0000: 470.328: [GC [PSYoungGen: 572338K->292K(552320K)] 671220K->99270K(1239296K), 0.0045620 secs] [Times: user=0.01 sys=0.00, real=0.00 secs] 
2014-07-08T05:36:48.116+0000: 471.575: [GC [PSYoungGen: 552292K->448K(533696K)] 651270K->99490K(1220672K), 0.0057520 secs] [Times: user=0.01 sys=0.01, real=0.01 secs] 
2014-07-08T05:36:49.166+0000: 472.625: [GC [PSYoungGen: 533662K->292K(515648K)] 632704K->99406K(1202624K), 0.0048290 secs] [Times: user=0.01 sys=0.00, real=0.01 secs] 
2014-07-08T05:36:50.270+0000: 473.729: [GC [PSYoungGen: 515620K->192K(498368K)] 614734K->99354K(1185344K), 0.0058100 secs] [Times: user=0.01 sys=0.00, real=0.00 secs] 
2014-07-08T05:36:51.327+0000: 474.786: [GC [PSYoungGen: 498368K->160K(481984K)] 597530K->99378K(1168960K), 0.0045610 secs] [Times: user=0.01 sys=0.00, real=0.01 secs] 
2014-07-08T05:36:52.360+0000: 475.819: [GC [PSYoungGen: 481952K->256K(466368K)] 581170K->99538K(1153344K), 0.0054820 secs] [Times: user=0.01 sys=0.01, real=0.00 secs] 
2014-07-08T05:36:53.357+0000: 476.816: [GC [PSYoungGen: 466368K->160K(451328K)] 565650K->99522K(1138304K), 0.0062230 secs] [Times: user=0.01 sys=0.00, real=0.01 secs] 
2014-07-08T05:36:54.331+0000: 477.790: [GC [PSYoungGen: 451296K->288K(437120K)] 550658K->99738K(1124096K), 0.0084730 secs] [Times: user=0.03 sys=0.00, real=0.01 secs] 
2014-07-08T05:36:55.259+0000: 478.718: [GC [PSYoungGen: 437088K->324K(423488K)] 536538K->99870K(1110464K), 0.0178810 secs] [Times: user=0.06 sys=0.01, real=0.01 secs] 
2014-07-08T05:36:56.161+0000: 479.621: [GC [PSYoungGen: 423428K->256K(410240K)] 522974K->99898K(1097216K), 0.0031140 secs] [Times: user=0.01 sys=0.00, real=0.00 secs] 
2014-07-08T05:36:57.034+0000: 480.493: [GC [PSYoungGen: 410240K->224K(397696K)] 509882K->99930K(1084672K), 0.0071740 secs] [Times: user=0.02 sys=0.00, real=0.01 secs] 
2014-07-08T05:36:57.902+0000: 481.361: [GC [PSYoungGen: 397662K->416K(385856K)] 497368K->100186K(1072832K), 0.0051450 secs] [Times: user=0.02 sys=0.00, real=0.00 secs] 
2014-07-08T05:36:58.758+0000: 482.217: [GC [PSYoungGen: 385824K->722K(374656K)] 485594K->100524K(1061632K), 0.0055680 secs] [Times: user=0.02 sys=0.00, real=0.01 secs] 
2014-07-08T05:36:59.510+0000: 482.969: [GC [PSYoungGen: 374610K->192K(363072K)] 474412K->100026K(1050048K), 0.0045980 secs] [Times: user=0.01 sys=0.00, real=0.01 secs] 
2014-07-08T05:37:00.393+0000: 483.852: [GC [PSYoungGen: 363064K->352K(435840K)] 462898K->100226K(1122816K), 0.0182350 secs] [Times: user=0.06 sys=0.00, real=0.02 secs] 
2014-07-08T05:37:01.231+0000: 484.690: [GC [PSYoungGen: 435808K->242K(422080K)] 535682K->100204K(1109056K), 0.0078080 secs] [Times: user=0.01 sys=0.00, real=0.00 secs] 
2014-07-08T05:37:02.112+0000: 485.571: [GC [PSYoungGen: 422034K->292K(409088K)] 521996K->100326K(1096064K), 0.0037980 secs] [Times: user=0.01 sys=0.01, real=0.00 secs] 
2014-07-08T05:37:02.987+0000: 486.446: [GC [PSYoungGen: 409060K->224K(396544K)] 509094K->100354K(1083520K), 0.0044940 secs] [Times: user=0.02 sys=0.00, real=0.01 secs] 
2014-07-08T05:37:03.841+0000: 487.300: [GC [PSYoungGen: 396512K->224K(384576K)] 496642K->100442K(1071552K), 0.0037400 secs] [Times: user=0.01 sys=0.00, real=0.00 secs] 
2014-07-08T05:37:04.659+0000: 488.118: [GC [PSYoungGen: 384542K->548K(373440K)] 484760K->100814K(1060416K), 0.0042560 secs] [Times: user=0.01 sys=0.00, real=0.01 secs] 
2014-07-08T05:37:05.442+0000: 488.901: [GC [PSYoungGen: 373412K->288K(447808K)] 473678K->100594K(1134784K), 0.0237870 secs] [Times: user=0.08 sys=0.00, real=0.02 secs] 
2014-07-08T05:37:06.395+0000: 489.854: [GC [PSYoungGen: 447776K->160K(537216K)] 548082K->100538K(1224192K), 0.0065380 secs] [Times: user=0.01 sys=0.00, real=0.01 secs] 
2014-07-08T05:37:07.547+0000: 491.006: [GC [PSYoungGen: 537184K->594K(645120K)] 637562K->101012K(1332096K), 0.0625490 secs] [Times: user=0.23 sys=0.01, real=0.06 secs] 
2014-07-08T05:37:08.967+0000: 492.427: [GC [PSYoungGen: 645074K->224K(773632K)] 745492K->100746K(1460608K), 0.0070930 secs] [Times: user=0.01 sys=0.00, real=0.01 secs] 
2014-07-08T05:37:10.576+0000: 494.035: [GC [PSYoungGen: 773600K->484K(928576K)] 874122K->101102K(1615552K), 0.0058860 secs] [Times: user=0.01 sys=0.01, real=0.01 secs] 
2014-07-08T05:37:12.539+0000: 495.998: [GC [PSYoungGen: 928548K->480K(1114240K)] 1029166K->101170K(1801216K), 0.0062880 secs] [Times: user=0.02 sys=0.01, real=0.01 secs] 
2014-07-08T05:37:14.974+0000: 498.433: [GC [PSYoungGen: 1114208K->534K(1069120K)] 1214898K->101368K(1756096K), 0.0043880 secs] [Times: user=0.01 sys=0.00, real=0.00 secs] 
2014-07-08T05:37:17.192+0000: 500.651: [GC [PSYoungGen: 1069078K->224K(1025792K)] 1169912K->101274K(1712768K), 0.0029390 secs] [Times: user=0.01 sys=0.00, real=0.00 secs] 
2014-07-08T05:37:19.371+0000: 502.830: [GC [PSYoungGen: 1025708K->260K(984896K)] 1126758K->101382K(1671872K), 0.0070880 secs] [Times: user=0.02 sys=0.00, real=0.01 secs] 
2014-07-08T05:37:21.464+0000: 504.923: [GC [PSYoungGen: 984836K->356K(945984K)] 1085958K->101550K(1632960K), 0.0188100 secs] [Times: user=0.07 sys=0.00, real=0.01 secs] 
2014-07-08T05:37:23.479+0000: 506.938: [GC [PSYoungGen: 945956K->352K(908864K)] 1047150K->101698K(1595840K), 0.0130710 secs] [Times: user=0.05 sys=0.01, real=0.01 secs] 
2014-07-08T05:37:25.426+0000: 508.885: [GC [PSYoungGen: 908832K->384K(873536K)] 1010178K->101898K(1560512K), 0.0058890 secs] [Times: user=0.02 sys=0.00, real=0.00 secs] 
2014-07-08T05:37:27.279+0000: 510.739: [GC [PSYoungGen: 873536K->274K(839808K)] 975050K->101908K(1526784K), 0.0176770 secs] [Times: user=0.07 sys=0.01, real=0.02 secs] 
2014-07-08T05:37:29.067+0000: 512.526: [GC [PSYoungGen: 839762K->288K(807744K)] 941396K->102042K(1494720K), 0.0221090 secs] [Times: user=0.07 sys=0.00, real=0.02 secs] 
2014-07-08T05:37:30.843+0000: 514.302: [GC [PSYoungGen: 807710K->612K(777472K)] 909464K->102654K(1464448K), 0.0059280 secs] [Times: user=0.01 sys=0.00, real=0.01 secs] 
2014-07-08T05:37:32.443+0000: 515.902: [GC [PSYoungGen: 777444K->288K(748032K)] 879486K->102418K(1435008K), 0.0051840 secs] [Times: user=0.01 sys=0.00, real=0.01 secs] 
2014-07-08T05:37:34.040+0000: 517.499: [GC [PSYoungGen: 747998K->306K(720256K)] 850128K->102644K(1407232K), 0.0116450 secs] [Times: user=0.04 sys=0.00, real=0.01 secs] 
2014-07-08T05:37:35.582+0000: 519.041: [GC [PSYoungGen: 720242K->562K(694016K)] 822580K->103028K(1380992K), 0.0126750 secs] [Times: user=0.04 sys=0.00, real=0.01 secs] 
2014-07-08T05:37:37.057+0000: 520.516: [GC [PSYoungGen: 694002K->192K(668416K)] 796468K->102722K(1355392K), 0.0071880 secs] [Times: user=0.01 sys=0.00, real=0.00 secs] 
2014-07-08T05:37:38.488+0000: 521.948: [GC [PSYoungGen: 668416K->274K(644480K)] 770946K->102860K(1331456K), 0.0080420 secs] [Times: user=0.03 sys=0.00, real=0.01 secs] 
2014-07-08T05:37:39.896+0000: 523.355: [GC [PSYoungGen: 644434K->356K(621568K)] 747020K->103006K(1308544K), 0.0040720 secs] [Times: user=0.00 sys=0.00, real=0.01 secs] 
2014-07-08T05:37:41.184+0000: 524.643: [GC [PSYoungGen: 621456K->370K(599680K)] 724106K->103084K(1286656K), 0.0060910 secs] [Times: user=0.01 sys=0.00, real=0.01 secs] 
2014-07-08T05:37:42.466+0000: 525.925: [GC [PSYoungGen: 599666K->192K(578560K)] 702380K->102986K(1265536K), 0.0049440 secs] [Times: user=0.01 sys=0.00, real=0.01 secs] 
2014-07-08T05:37:43.759+0000: 527.218: [GC [PSYoungGen: 578560K->704K(559104K)] 681354K->103650K(1246080K), 0.0055200 secs] [Times: user=0.02 sys=0.00, real=0.00 secs] 
2014-07-08T05:37:44.992+0000: 528.451: [GC [PSYoungGen: 559104K->512K(539840K)] 662050K->103594K(1226816K), 0.0109900 secs] [Times: user=0.03 sys=0.00, real=0.01 secs] 
2014-07-08T05:37:46.067+0000: 529.526: [GC [PSYoungGen: 539840K->256K(521344K)] 642922K->103466K(1208320K), 0.0057560 secs] [Times: user=0.01 sys=0.00, real=0.01 secs] 
2014-07-08T05:37:47.158+0000: 530.617: [GC [PSYoungGen: 521344K->210K(503936K)] 624554K->103460K(1190912K), 0.0042600 secs] [Times: user=0.01 sys=0.00, real=0.00 secs] 
2014-07-08T05:37:48.234+0000: 531.693: [GC [PSYoungGen: 503889K->128K(487168K)] 607139K->103402K(1174144K), 0.0058180 secs] [Times: user=0.01 sys=0.00, real=0.01 secs] 
2014-07-08T05:37:49.272+0000: 532.731: [GC [PSYoungGen: 487168K->96K(471296K)] 590442K->103402K(1158272K), 0.0039640 secs] [Times: user=0.01 sys=0.00, real=0.00 secs] 
2014-07-08T05:37:50.361+0000: 533.820: [GC [PSYoungGen: 471264K->832K(456832K)] 574570K->104418K(1143808K), 0.0060990 secs] [Times: user=0.02 sys=0.00, real=0.01 secs] 
2014-07-08T05:37:51.264+0000: 534.723: [GC [PSYoungGen: 456832K->288K(441792K)] 560418K->103922K(1128768K), 0.0093050 secs] [Times: user=0.03 sys=0.00, real=0.01 secs] 
2014-07-08T05:37:52.212+0000: 535.671: [GC [PSYoungGen: 441760K->288K(427904K)] 545394K->104106K(1114880K), 0.0027490 secs] [Times: user=0.01 sys=0.00, real=0.00 secs] 
2014-07-08T05:37:53.113+0000: 536.572: [GC [PSYoungGen: 427872K->192K(414464K)] 531690K->104098K(1101440K), 0.0032530 secs] [Times: user=0.00 sys=0.00, real=0.00 secs] 
2014-07-08T05:37:54.002+0000: 537.461: [GC [PSYoungGen: 414464K->224K(401792K)] 518370K->104210K(1088768K), 0.0093490 secs] [Times: user=0.03 sys=0.00, real=0.01 secs] 
2014-07-08T05:37:54.885+0000: 538.344: [GC [PSYoungGen: 401755K->484K(389824K)] 505742K->104550K(1076800K), 0.0163010 secs] [Times: user=0.05 sys=0.00, real=0.02 secs] 
2014-07-08T05:37:55.725+0000: 539.185: [GC [PSYoungGen: 389796K->690K(378304K)] 493862K->104836K(1065280K), 0.0071720 secs] [Times: user=0.01 sys=0.00, real=0.01 secs] 
2014-07-08T05:37:56.497+0000: 539.956: [GC [PSYoungGen: 378290K->370K(366784K)] 482436K->104564K(1053760K), 0.0061970 secs] [Times: user=0.01 sys=0.00, real=0.01 secs] 
2014-07-08T05:37:57.265+0000: 540.724: [GC [PSYoungGen: 366770K->192K(355840K)] 470964K->104418K(1042816K), 0.0097450 secs] [Times: user=0.03 sys=0.00, real=0.01 secs] 
2014-07-08T05:37:58.025+0000: 541.484: [GC [PSYoungGen: 355840K->224K(427072K)] 460066K->104538K(1114048K), 0.0141350 secs] [Times: user=0.05 sys=0.00, real=0.02 secs] 
2014-07-08T05:37:58.946+0000: 542.405: [GC [PSYoungGen: 427040K->338K(512576K)] 531354K->104700K(1199552K), 0.0087650 secs] [Times: user=0.03 sys=0.00, real=0.01 secs] 
2014-07-08T05:38:00.025+0000: 543.484: [GC [PSYoungGen: 512530K->146K(495360K)] 616892K->104540K(1182336K), 0.0056120 secs] [Times: user=0.01 sys=0.00, real=0.01 secs] 
2014-07-08T05:38:01.083+0000: 544.542: [GC [PSYoungGen: 495314K->320K(479232K)] 599708K->104754K(1166208K), 0.0113630 secs] [Times: user=0.04 sys=0.00, real=0.01 secs] 
2014-07-08T05:38:02.160+0000: 545.619: [GC [PSYoungGen: 479211K->562K(463936K)] 583646K->105092K(1150912K), 0.0044710 secs] [Times: user=0.01 sys=0.00, real=0.00 secs] 
2014-07-08T05:38:03.094+0000: 546.553: [GC [PSYoungGen: 463922K->224K(448768K)] 568452K->104858K(1135744K), 0.0033940 secs] [Times: user=0.01 sys=0.00, real=0.00 secs] 
2014-07-08T05:38:04.058+0000: 547.517: [GC [PSYoungGen: 448736K->612K(434944K)] 553370K->105350K(1121920K), 0.0033860 secs] [Times: user=0.02 sys=0.00, real=0.01 secs] 
2014-07-08T05:38:04.985+0000: 548.444: [GC [PSYoungGen: 434916K->160K(420928K)] 539654K->104962K(1107904K), 0.0065430 secs] [Times: user=0.03 sys=0.00, real=0.01 secs] 
2014-07-08T05:38:05.918+0000: 549.377: [GC [PSYoungGen: 420896K->370K(408128K)] 525698K->105220K(1095104K), 0.0041300 secs] [Times: user=0.01 sys=0.00, real=0.01 secs] 
2014-07-08T05:38:06.792+0000: 550.251: [GC [PSYoungGen: 408114K->480K(395776K)] 512964K->105418K(1082752K), 0.0134730 secs] [Times: user=0.05 sys=0.00, real=0.01 secs] 
2014-07-08T05:38:07.611+0000: 551.070: [GC [PSYoungGen: 395722K->576K(383936K)] 500660K->105554K(1070912K), 0.0084600 secs] [Times: user=0.03 sys=0.00, real=0.00 secs] 
2014-07-08T05:38:08.416+0000: 551.875: [GC [PSYoungGen: 383933K->818K(460864K)] 488911K->106092K(1147840K), 0.0177010 secs] [Times: user=0.06 sys=0.00, real=0.02 secs] 
2014-07-08T05:38:09.378+0000: 552.837: [GC [PSYoungGen: 460850K->292K(552384K)] 566124K->105678K(1239360K), 0.0083420 secs] [Times: user=0.02 sys=0.00, real=0.01 secs] 
2014-07-08T05:38:10.629+0000: 554.088: [GC [PSYoungGen: 552356K->1024K(663552K)] 657742K->106594K(1350528K), 0.0213490 secs] [Times: user=0.08 sys=0.00, real=0.03 secs] 
2014-07-08T05:38:11.978+0000: 555.437: [GC [PSYoungGen: 663552K->320K(795392K)] 769122K->105954K(1482368K), 0.0046830 secs] [Times: user=0.02 sys=0.00, real=0.01 secs] 
2014-07-08T05:38:13.709+0000: 557.168: [GC [PSYoungGen: 795392K->576K(765632K)] 901026K->106362K(1452608K), 0.0049230 secs] [Times: user=0.02 sys=0.00, real=0.01 secs] 
2014-07-08T05:38:15.339+0000: 558.798: [GC [PSYoungGen: 765632K->288K(736768K)] 871418K->106210K(1423744K), 0.0037680 secs] [Times: user=0.01 sys=0.00, real=0.01 secs] 
2014-07-08T05:38:16.951+0000: 560.410: [GC [PSYoungGen: 736736K->836K(710080K)] 842658K->106894K(1397056K), 0.0103780 secs] [Times: user=0.02 sys=0.00, real=0.01 secs] 
2014-07-08T05:38:18.393+0000: 561.852: [GC [PSYoungGen: 710020K->210K(683456K)] 816078K->106388K(1370432K), 0.0060610 secs] [Times: user=0.00 sys=0.00, real=0.00 secs] 
2014-07-08T05:38:19.875+0000: 563.334: [GC [PSYoungGen: 683410K->192K(658624K)] 789588K->106402K(1345600K), 0.0038740 secs] [Times: user=0.01 sys=0.00, real=0.00 secs] 
2014-07-08T05:38:21.456+0000: 564.915: [GC [PSYoungGen: 658624K->594K(635456K)] 764834K->106876K(1322432K), 0.0053270 secs] [Times: user=0.01 sys=0.00, real=0.00 secs] 
2014-07-08T05:38:22.647+0000: 566.106: [GC [PSYoungGen: 635410K->896K(613184K)] 741692K->107370K(1300160K), 0.0103600 secs] [Times: user=0.03 sys=0.01, real=0.01 secs] 
2014-07-08T05:38:23.939+0000: 567.399: [GC [PSYoungGen: 613184K->338K(591168K)] 719658K->106924K(1278144K), 0.0081100 secs] [Times: user=0.03 sys=0.00, real=0.01 secs] 
2014-07-08T05:38:25.181+0000: 568.640: [GC [PSYoungGen: 591122K->288K(570560K)] 697708K->107018K(1257536K), 0.0076460 secs] [Times: user=0.02 sys=0.00, real=0.01 secs] 
2014-07-08T05:38:26.392+0000: 569.852: [GC [PSYoungGen: 570456K->260K(550976K)] 677187K->107054K(1237952K), 0.0039260 secs] [Times: user=0.01 sys=0.00, real=0.01 secs] 
2014-07-08T05:38:27.571+0000: 571.030: [GC [PSYoungGen: 550916K->448K(532352K)] 657710K->107306K(1219328K), 0.0120700 secs] [Times: user=0.04 sys=0.01, real=0.02 secs] 
2014-07-08T05:38:28.731+0000: 572.190: [GC [PSYoungGen: 532352K->370K(514432K)] 639210K->107308K(1201408K), 0.0082770 secs] [Times: user=0.03 sys=0.01, real=0.01 secs] 
2014-07-08T05:38:29.851+0000: 573.310: [GC [PSYoungGen: 514380K->872K(497856K)] 621318K->107850K(1184832K), 0.0052400 secs] [Times: user=0.01 sys=0.00, real=0.01 secs] 
2014-07-08T05:38:30.951+0000: 574.410: [GC [PSYoungGen: 497832K->832K(481472K)] 604810K->108018K(1168448K), 0.0078970 secs] [Times: user=0.02 sys=0.00, real=0.01 secs] 
2014-07-08T05:38:31.946+0000: 575.405: [GC [PSYoungGen: 481472K->722K(465792K)] 588658K->107972K(1152768K), 0.0062120 secs] [Times: user=0.01 sys=0.00, real=0.00 secs] 
2014-07-08T05:38:32.879+0000: 576.338: [GC [PSYoungGen: 465746K->306K(450432K)] 572996K->107692K(1137408K), 0.0159080 secs] [Times: user=0.06 sys=0.00, real=0.02 secs] 
2014-07-08T05:38:33.925+0000: 577.384: [GC [PSYoungGen: 450416K->594K(436480K)] 557803K->108060K(1123456K), 0.0105940 secs] [Times: user=0.03 sys=0.00, real=0.01 secs] 
2014-07-08T05:38:34.792+0000: 578.251: [GC [PSYoungGen: 436434K->772K(423040K)] 543900K->108358K(1110016K), 0.0077180 secs] [Times: user=0.02 sys=0.00, real=0.01 secs] 
2014-07-08T05:38:35.681+0000: 579.140: [GC [PSYoungGen: 422980K->576K(409728K)] 530566K->108202K(1096704K), 0.0044500 secs] [Times: user=0.01 sys=0.01, real=0.01 secs] 
2014-07-08T05:38:36.529+0000: 579.988: [GC [PSYoungGen: 409728K->288K(396928K)] 517354K->107962K(1083904K), 0.0075370 secs] [Times: user=0.01 sys=0.01, real=0.01 secs] 
2014-07-08T05:38:37.373+0000: 580.832: [GC [PSYoungGen: 396896K->160K(384832K)] 504570K->107898K(1071808K), 0.0060150 secs] [Times: user=0.01 sys=0.00, real=0.01 secs] 
2014-07-08T05:38:38.201+0000: 581.660: [GC [PSYoungGen: 384800K->160K(373376K)] 492538K->107930K(1060352K), 0.0057720 secs] [Times: user=0.01 sys=0.00, real=0.01 secs] 
2014-07-08T05:38:38.997+0000: 582.456: [GC [PSYoungGen: 373344K->192K(362368K)] 481114K->108010K(1049344K), 0.0093870 secs] [Times: user=0.03 sys=0.01, real=0.01 secs] 
2014-07-08T05:38:39.856+0000: 583.315: [GC [PSYoungGen: 362364K->1124K(352768K)] 470182K->108982K(1039744K), 0.0061430 secs] [Times: user=0.01 sys=0.00, real=0.00 secs] 
2014-07-08T05:38:40.510+0000: 583.969: [GC [PSYoungGen: 352740K->160K(341696K)] 460598K->108066K(1028672K), 0.0045610 secs] [Times: user=0.01 sys=0.00, real=0.00 secs] 
2014-07-08T05:38:41.253+0000: 584.712: [GC [PSYoungGen: 341647K->420K(332224K)] 449553K->108390K(1019200K), 0.0071780 secs] [Times: user=0.02 sys=0.00, real=0.01 secs] 
2014-07-08T05:38:42.003+0000: 585.462: [GC [PSYoungGen: 332196K->790K(323328K)] 440166K->108856K(1010304K), 0.0056030 secs] [Times: user=0.01 sys=0.00, real=0.01 secs] 
2014-07-08T05:38:42.647+0000: 586.106: [GC [PSYoungGen: 323222K->612K(387648K)] 431288K->108758K(1074624K), 0.0156110 secs] [Times: user=0.06 sys=0.00, real=0.01 secs] 
2014-07-08T05:38:43.463+0000: 586.923: [GC [PSYoungGen: 387618K->160K(464640K)] 495764K->108370K(1151616K), 0.0095030 secs] [Times: user=0.03 sys=0.00, real=0.01 secs] 
2014-07-08T05:38:44.450+0000: 587.909: [GC [PSYoungGen: 464608K->192K(449728K)] 572818K->108450K(1136704K), 0.0038430 secs] [Times: user=0.01 sys=0.00, real=0.00 secs] 
2014-07-08T05:38:45.406+0000: 588.866: [GC [PSYoungGen: 449665K->192K(435456K)] 557923K->108522K(1122432K), 0.0090320 secs] [Times: user=0.03 sys=0.00, real=0.00 secs] 
2014-07-08T05:38:46.426+0000: 589.885: [GC [PSYoungGen: 435456K->256K(421888K)] 543786K->108634K(1108864K), 0.0037410 secs] [Times: user=0.00 sys=0.00, real=0.00 secs] 
2014-07-08T05:38:47.235+0000: 590.694: [GC [PSYoungGen: 421888K->210K(408832K)] 530266K->108684K(1095808K), 0.0077510 secs] [Times: user=0.01 sys=0.00, real=0.01 secs] 
2014-07-08T05:38:48.112+0000: 591.571: [GC [PSYoungGen: 408786K->210K(396352K)] 517260K->108732K(1083328K), 0.0117380 secs] [Times: user=0.05 sys=0.00, real=0.01 secs] 
2014-07-08T05:38:48.994+0000: 592.454: [GC [PSYoungGen: 396239K->288K(384448K)] 504761K->108866K(1071424K), 0.0069890 secs] [Times: user=0.03 sys=0.01, real=0.01 secs] 
2014-07-08T05:38:49.832+0000: 593.292: [GC [PSYoungGen: 384416K->950K(461952K)] 492994K->109576K(1148928K), 0.0123950 secs] [Times: user=0.04 sys=0.00, real=0.01 secs] 
2014-07-08T05:38:50.804+0000: 594.263: [GC [PSYoungGen: 461942K->594K(446848K)] 570568K->109252K(1133824K), 0.0051680 secs] [Times: user=0.01 sys=0.00, real=0.01 secs] 
2014-07-08T05:38:51.813+0000: 595.272: [GC [PSYoungGen: 446802K->758K(432896K)] 555460K->109704K(1119872K), 0.0053430 secs] [Times: user=0.01 sys=0.00, real=0.01 secs] 
2014-07-08T05:38:52.664+0000: 596.123: [GC [PSYoungGen: 432886K->690K(419328K)] 541832K->109780K(1106304K), 0.0042700 secs] [Times: user=0.02 sys=0.00, real=0.01 secs] 
2014-07-08T05:38:53.548+0000: 597.007: [GC [PSYoungGen: 419314K->192K(405888K)] 528404K->109402K(1092864K), 0.0117860 secs] [Times: user=0.04 sys=0.00, real=0.01 secs] 
2014-07-08T05:38:54.411+0000: 597.870: [GC [PSYoungGen: 405883K->320K(487168K)] 515093K->109594K(1174144K), 0.0149990 secs] [Times: user=0.04 sys=0.00, real=0.01 secs] 
2014-07-08T05:38:55.465+0000: 598.924: [GC [PSYoungGen: 487168K->224K(584512K)] 596442K->109562K(1271488K), 0.0101180 secs] [Times: user=0.01 sys=0.00, real=0.01 secs] 
2014-07-08T05:38:56.708+0000: 600.167: [GC [PSYoungGen: 584480K->224K(564288K)] 693818K->109610K(1251264K), 0.0065480 secs] [Times: user=0.01 sys=0.00, real=0.00 secs] 
2014-07-08T05:38:57.993+0000: 601.452: [GC [PSYoungGen: 564256K->790K(545536K)] 673642K->110264K(1232512K), 0.0129420 secs] [Times: user=0.04 sys=0.01, real=0.01 secs] 
2014-07-08T05:38:59.089+0000: 602.548: [GC [PSYoungGen: 545491K->178K(526464K)] 654965K->109740K(1213440K), 0.0083530 secs] [Times: user=0.01 sys=0.00, real=0.00 secs] 
2014-07-08T05:39:00.210+0000: 603.669: [GC [PSYoungGen: 526440K->260K(508992K)] 636002K->109862K(1195968K), 0.0037190 secs] [Times: user=0.01 sys=0.00, real=0.00 secs] 
2014-07-08T05:39:01.328+0000: 604.788: [GC [PSYoungGen: 508932K->434K(492288K)] 618534K->110084K(1179264K), 0.0118900 secs] [Times: user=0.04 sys=0.00, real=0.01 secs] 
2014-07-08T05:39:02.351+0000: 605.810: [GC [PSYoungGen: 492274K->242K(475968K)] 601924K->109988K(1162944K), 0.0036930 secs] [Times: user=0.01 sys=0.01, real=0.00 secs] 
2014-07-08T05:39:03.364+0000: 606.823: [GC [PSYoungGen: 475952K->242K(460544K)] 585698K->110084K(1147520K), 0.0034830 secs] [Times: user=0.01 sys=0.00, real=0.00 secs] 
2014-07-08T05:39:04.396+0000: 607.855: [GC [PSYoungGen: 460530K->384K(445952K)] 570372K->110298K(1132928K), 0.0052000 secs] [Times: user=0.01 sys=0.01, real=0.01 secs] 
2014-07-08T05:39:05.312+0000: 608.771: [GC [PSYoungGen: 445952K->452K(432000K)] 555866K->110470K(1118976K), 0.0140240 secs] [Times: user=0.05 sys=0.00, real=0.01 secs] 
2014-07-08T05:39:06.223+0000: 609.682: [GC [PSYoungGen: 431940K->96K(418112K)] 541958K->110162K(1105088K), 0.0046180 secs] [Times: user=0.01 sys=0.00, real=0.00 secs] 
2014-07-08T05:39:07.115+0000: 610.574: [GC [PSYoungGen: 418080K->160K(406080K)] 528146K->110274K(1093056K), 0.0077670 secs] [Times: user=0.03 sys=0.00, real=0.01 secs] 
2014-07-08T05:39:08.009+0000: 611.468: [GC [PSYoungGen: 405280K->274K(393088K)] 515394K->110452K(1080064K), 0.0049340 secs] [Times: user=0.02 sys=0.00, real=0.01 secs] 
2014-07-08T05:39:08.867+0000: 612.326: [GC [PSYoungGen: 393042K->548K(381504K)] 503220K->110782K(1068480K), 0.0135790 secs] [Times: user=0.05 sys=0.00, real=0.02 secs] 
2014-07-08T05:39:09.655+0000: 613.115: [GC [PSYoungGen: 381476K->480K(370112K)] 491710K->110746K(1057088K), 0.0051000 secs] [Times: user=0.01 sys=0.00, real=0.01 secs] 
2014-07-08T05:39:10.481+0000: 613.940: [GC [PSYoungGen: 370008K->484K(359232K)] 480274K->110766K(1046208K), 0.0053790 secs] [Times: user=0.01 sys=0.00, real=0.00 secs] 
2014-07-08T05:39:11.196+0000: 614.655: [GC [PSYoungGen: 359204K->274K(348608K)] 469486K->110628K(1035584K), 0.0030470 secs] [Times: user=0.01 sys=0.00, real=0.00 secs] 
2014-07-08T05:39:11.982+0000: 615.442: [GC [PSYoungGen: 348562K->338K(338688K)] 458916K->110748K(1025664K), 0.0118440 secs] [Times: user=0.04 sys=0.01, real=0.01 secs] 
2014-07-08T05:39:12.669+0000: 616.128: [GC [PSYoungGen: 338642K->402K(406464K)] 449052K->110924K(1093440K), 0.0148080 secs] [Times: user=0.05 sys=0.00, real=0.02 secs] 
2014-07-08T05:39:13.540+0000: 616.999: [GC [PSYoungGen: 406417K->160K(487424K)] 516939K->110722K(1174400K), 0.0076870 secs] [Times: user=0.01 sys=0.00, real=0.00 secs] 
2014-07-08T05:39:14.585+0000: 618.044: [GC [PSYoungGen: 487330K->480K(585216K)] 597892K->111090K(1272192K), 0.0242290 secs] [Times: user=0.08 sys=0.00, real=0.02 secs] 
2014-07-08T05:39:15.878+0000: 619.338: [GC [PSYoungGen: 585184K->672K(702400K)] 695794K->111346K(1389376K), 0.0058900 secs] [Times: user=0.02 sys=0.01, real=0.01 secs] 
2014-07-08T05:39:17.331+0000: 620.790: [GC [PSYoungGen: 702311K->224K(842304K)] 812985K->110970K(1529280K), 0.0223170 secs] [Times: user=0.07 sys=0.00, real=0.03 secs] 
2014-07-08T05:39:19.131+0000: 622.590: [GC [PSYoungGen: 842272K->288K(1010816K)] 953018K->111170K(1697792K), 0.0088070 secs] [Times: user=0.02 sys=0.00, real=0.00 secs] 
2014-07-08T05:39:21.289+0000: 624.749: [GC [PSYoungGen: 1010784K->324K(970624K)] 1121666K->111270K(1657600K), 0.0052930 secs] [Times: user=0.01 sys=0.00, real=0.01 secs] 
2014-07-08T05:39:23.350+0000: 626.809: [GC [PSYoungGen: 970504K->466K(932480K)] 1081450K->111516K(1619456K), 0.0100230 secs] [Times: user=0.03 sys=0.00, real=0.01 secs] 
2014-07-08T05:39:25.341+0000: 628.800: [GC [PSYoungGen: 932434K->402K(895936K)] 1043484K->111692K(1582912K), 0.0096680 secs] [Times: user=0.04 sys=0.00, real=0.01 secs] 
2014-07-08T05:39:27.251+0000: 630.710: [GC [PSYoungGen: 895890K->320K(861056K)] 1007180K->111730K(1548032K), 0.0035190 secs] [Times: user=0.01 sys=0.00, real=0.01 secs] 
2014-07-08T05:39:29.088+0000: 632.547: [GC [PSYoungGen: 861056K->288K(827968K)] 972466K->111818K(1514944K), 0.0079330 secs] [Times: user=0.03 sys=0.00, real=0.01 secs] 
2014-07-08T05:39:30.923+0000: 634.383: [GC [PSYoungGen: 827936K->694K(796800K)] 939466K->112376K(1483776K), 0.0056440 secs] [Times: user=0.01 sys=0.00, real=0.00 secs] 
2014-07-08T05:39:32.555+0000: 636.014: [GC [PSYoungGen: 796779K->224K(766336K)] 908461K->111986K(1453312K), 0.0042400 secs] [Times: user=0.01 sys=0.01, real=0.00 secs] 
2014-07-08T05:39:34.264+0000: 637.723: [GC [PSYoungGen: 766304K->512K(737984K)] 878066K->112458K(1424960K), 0.0148580 secs] [Times: user=0.05 sys=0.00, real=0.01 secs] 
2014-07-08T05:39:35.802+0000: 639.261: [GC [PSYoungGen: 737984K->672K(710912K)] 849930K->112778K(1397888K), 0.0058180 secs] [Times: user=0.01 sys=0.00, real=0.01 secs] 
2014-07-08T05:39:37.295+0000: 640.754: [GC [PSYoungGen: 710880K->192K(684352K)] 822986K->112378K(1371328K), 0.0073160 secs] [Times: user=0.01 sys=0.01, real=0.00 secs] 
2014-07-08T05:39:38.784+0000: 642.243: [GC [PSYoungGen: 684308K->886K(660224K)] 796494K->113168K(1347200K), 0.0055050 secs] [Times: user=0.02 sys=0.00, real=0.00 secs] 
2014-07-08T05:39:40.170+0000: 643.630: [GC [PSYoungGen: 660214K->128K(635776K)] 772496K->112458K(1322752K), 0.0163160 secs] [Times: user=0.06 sys=0.00, real=0.02 secs] 
2014-07-08T05:39:41.528+0000: 644.987: [GC [PSYoungGen: 635776K->306K(613376K)] 748106K->112676K(1300352K), 0.0041770 secs] [Times: user=0.01 sys=0.00, real=0.00 secs] 
2014-07-08T05:39:42.905+0000: 646.364: [GC [PSYoungGen: 613362K->736K(592256K)] 725732K->113226K(1279232K), 0.0043710 secs] [Times: user=0.01 sys=0.00, real=0.00 secs] 
2014-07-08T05:39:44.096+0000: 647.555: [GC [PSYoungGen: 592224K->178K(571136K)] 704714K->112828K(1258112K), 0.0059370 secs] [Times: user=0.01 sys=0.00, real=0.00 secs] 
2014-07-08T05:39:45.311+0000: 648.771: [GC [PSYoungGen: 571122K->96K(551424K)] 683772K->112810K(1238400K), 0.0054690 secs] [Times: user=0.01 sys=0.00, real=0.01 secs] 
2014-07-08T05:39:46.492+0000: 649.951: [GC [PSYoungGen: 551392K->210K(532800K)] 664106K->112980K(1219776K), 0.0087310 secs] [Times: user=0.03 sys=0.00, real=0.01 secs] 
2014-07-08T05:39:47.642+0000: 651.101: [GC [PSYoungGen: 532754K->644K(515328K)] 645524K->113454K(1202304K), 0.0079180 secs] [Times: user=0.01 sys=0.00, real=0.01 secs] 
2014-07-08T05:39:48.756+0000: 652.215: [GC [PSYoungGen: 515268K->868K(498432K)] 628078K->113774K(1185408K), 0.0057510 secs] [Times: user=0.01 sys=0.00, real=0.00 secs] 
2014-07-08T05:39:49.865+0000: 653.324: [GC [PSYoungGen: 498404K->786K(481984K)] 611310K->113732K(1168960K), 0.0060330 secs] [Times: user=0.01 sys=0.00, real=0.01 secs] 
2014-07-08T05:39:50.931+0000: 654.390: [GC [PSYoungGen: 481938K->630K(466176K)] 594884K->114184K(1153152K), 0.0046800 secs] [Times: user=0.02 sys=0.01, real=0.00 secs] 
2014-07-08T05:39:51.872+0000: 655.331: [GC [PSYoungGen: 466166K->946K(451520K)] 579720K->114580K(1138496K), 0.0139110 secs] [Times: user=0.02 sys=0.00, real=0.02 secs] 
2014-07-08T05:39:52.857+0000: 656.316: [GC [PSYoungGen: 451506K->836K(437184K)] 565140K->114686K(1124160K), 0.0049910 secs] [Times: user=0.01 sys=0.01, real=0.00 secs] 
2014-07-08T05:39:53.755+0000: 657.214: [GC [PSYoungGen: 437124K->608K(423232K)] 550974K->114594K(1110208K), 0.0085240 secs] [Times: user=0.02 sys=0.00, real=0.01 secs] 
2014-07-08T05:39:54.637+0000: 658.096: [GC [PSYoungGen: 423200K->466K(409984K)] 537186K->114508K(1096960K), 0.0044850 secs] [Times: user=0.01 sys=0.01, real=0.00 secs] 
2014-07-08T05:39:55.502+0000: 658.961: [GC [PSYoungGen: 409938K->288K(397248K)] 523980K->114378K(1084224K), 0.0037170 secs] [Times: user=0.01 sys=0.00, real=0.00 secs] 
2014-07-08T05:39:56.349+0000: 659.808: [GC [PSYoungGen: 397216K->128K(385024K)] 511306K->114250K(1072000K), 0.0051250 secs] [Times: user=0.02 sys=0.00, real=0.00 secs] 
2014-07-08T05:39:57.233+0000: 660.693: [GC [PSYoungGen: 384959K->256K(373632K)] 499081K->114426K(1060608K), 0.0091490 secs] [Times: user=0.03 sys=0.00, real=0.01 secs] 
2014-07-08T05:39:58.042+0000: 661.501: [GC [PSYoungGen: 373632K->790K(363200K)] 487802K->115048K(1050176K), 0.0065360 secs] [Times: user=0.01 sys=0.00, real=0.01 secs] 
2014-07-08T05:39:58.752+0000: 662.211: [GC [PSYoungGen: 363158K->630K(352448K)] 477416K->114944K(1039424K), 0.0055660 secs] [Times: user=0.01 sys=0.01, real=0.01 secs] 
2014-07-08T05:39:59.485+0000: 662.944: [GC [PSYoungGen: 352436K->192K(341888K)] 466750K->114554K(1028864K), 0.0073900 secs] [Times: user=0.02 sys=0.00, real=0.01 secs] 
2014-07-08T05:40:00.210+0000: 663.669: [GC [PSYoungGen: 341888K->192K(332160K)] 456250K->114578K(1019136K), 0.0043700 secs] [Times: user=0.01 sys=0.00, real=0.00 secs] 
2014-07-08T05:40:00.946+0000: 664.405: [GC [PSYoungGen: 332160K->224K(322880K)] 446546K->114642K(1009856K), 0.0064760 secs] [Times: user=0.01 sys=0.00, real=0.01 secs] 
2014-07-08T05:40:01.606+0000: 665.066: [GC [PSYoungGen: 322844K->256K(387456K)] 437262K->114738K(1074432K), 0.0179990 secs] [Times: user=0.06 sys=0.00, real=0.02 secs] 
2014-07-08T05:40:02.431+0000: 665.890: [GC [PSYoungGen: 387456K->256K(464896K)] 501938K->114770K(1151872K), 0.0194210 secs] [Times: user=0.06 sys=0.00, real=0.02 secs] 
2014-07-08T05:40:03.434+0000: 666.893: [GC [PSYoungGen: 464896K->256K(557824K)] 579410K->114874K(1244800K), 0.0042270 secs] [Times: user=0.01 sys=0.00, real=0.00 secs] 
2014-07-08T05:40:04.632+0000: 668.091: [GC [PSYoungGen: 557766K->580K(669760K)] 672385K->115286K(1356736K), 0.0152610 secs] [Times: user=0.05 sys=0.00, real=0.01 secs] 
2014-07-08T05:40:06.057+0000: 669.516: [GC [PSYoungGen: 669696K->292K(803264K)] 784402K->115094K(1490240K), 0.0070070 secs] [Times: user=0.03 sys=0.00, real=0.01 secs] 
2014-07-08T05:40:07.797+0000: 671.257: [GC [PSYoungGen: 803236K->516K(773184K)] 918038K->115390K(1460160K), 0.0042010 secs] [Times: user=0.02 sys=0.00, real=0.01 secs] 
2014-07-08T05:40:09.434+0000: 672.894: [GC [PSYoungGen: 773124K->224K(743936K)] 887998K->115186K(1430912K), 0.0071030 secs] [Times: user=0.01 sys=0.00, real=0.01 secs] 
2014-07-08T05:40:11.108+0000: 674.567: [GC [PSYoungGen: 743904K->402K(716544K)] 858866K->115444K(1403520K), 0.0034930 secs] [Times: user=0.01 sys=0.00, real=0.01 secs] 
2014-07-08T05:40:12.550+0000: 676.010: [GC [PSYoungGen: 716498K->288K(690112K)] 831540K->115458K(1377088K), 0.0041810 secs] [Times: user=0.01 sys=0.00, real=0.00 secs] 
2014-07-08T05:40:14.030+0000: 677.489: [GC [PSYoungGen: 690080K->338K(665088K)] 805250K->115668K(1352064K), 0.0096410 secs] [Times: user=0.03 sys=0.00, real=0.01 secs] 
2014-07-08T05:40:15.451+0000: 678.910: [GC [PSYoungGen: 665042K->160K(640960K)] 780372K->115602K(1327936K), 0.0038400 secs] [Times: user=0.01 sys=0.00, real=0.00 secs] 
2014-07-08T05:40:16.936+0000: 680.395: [GC [PSYoungGen: 640928K->868K(618816K)] 756370K->116614K(1305792K), 0.0052230 secs] [Times: user=0.02 sys=0.01, real=0.01 secs] 
2014-07-08T05:40:18.142+0000: 681.601: [GC [PSYoungGen: 618788K->320K(596480K)] 734534K->116146K(1283456K), 0.0107000 secs] [Times: user=0.04 sys=0.01, real=0.01 secs] 
2014-07-08T05:40:19.413+0000: 682.872: [GC [PSYoungGen: 596480K->256K(575616K)] 712306K->116258K(1262592K), 0.0080040 secs] [Times: user=0.01 sys=0.00, real=0.01 secs] 
2014-07-08T05:40:20.659+0000: 684.118: [GC [PSYoungGen: 575616K->740K(556288K)] 691618K->116782K(1243264K), 0.0073020 secs] [Times: user=0.01 sys=0.00, real=0.01 secs] 
2014-07-08T05:40:21.885+0000: 685.344: [GC [PSYoungGen: 556260K->818K(537408K)] 672302K->116900K(1224384K), 0.0077550 secs] [Times: user=0.01 sys=0.00, real=0.01 secs] 
2014-07-08T05:40:23.057+0000: 686.516: [GC [PSYoungGen: 537394K->480K(644416K)] 653476K->116698K(1331392K), 0.0353540 secs] [Times: user=0.12 sys=0.00, real=0.04 secs] 
2014-07-08T05:40:24.356+0000: 687.815: [GC [PSYoungGen: 644312K->420K(773184K)] 760530K->116822K(1460160K), 0.0141900 secs] [Times: user=0.04 sys=0.00, real=0.01 secs] 
2014-07-08T05:40:26.017+0000: 689.476: [GC [PSYoungGen: 773156K->288K(744128K)] 889558K->116770K(1431104K), 0.0073510 secs] [Times: user=0.02 sys=0.00, real=0.01 secs] 
2014-07-08T05:40:27.593+0000: 691.052: [GC [PSYoungGen: 744096K->256K(716480K)] 860578K->116794K(1403456K), 0.0060610 secs] [Times: user=0.01 sys=0.00, real=0.00 secs] 
2014-07-08T05:40:29.126+0000: 692.585: [GC [PSYoungGen: 716480K->224K(690176K)] 833018K->116850K(1377152K), 0.0224090 secs] [Times: user=0.07 sys=0.00, real=0.02 secs] 
2014-07-08T05:40:30.607+0000: 694.066: [GC [PSYoungGen: 690143K->352K(665216K)] 806769K->117074K(1352192K), 0.0145670 secs] [Times: user=0.04 sys=0.00, real=0.01 secs] 
2014-07-08T05:40:32.054+0000: 695.513: [GC [PSYoungGen: 665184K->320K(798144K)] 781906K->117082K(1485120K), 0.0342290 secs] [Times: user=0.12 sys=0.00, real=0.03 secs] 
2014-07-08T05:40:33.743+0000: 697.202: [GC [PSYoungGen: 798144K->594K(958080K)] 914906K->117500K(1645056K), 0.0136140 secs] [Times: user=0.05 sys=0.00, real=0.01 secs] 
2014-07-08T05:40:35.806+0000: 699.265: [GC [PSYoungGen: 958034K->626K(1149568K)] 1074940K->117668K(1836544K), 0.0119790 secs] [Times: user=0.04 sys=0.00, real=0.01 secs] 
2014-07-08T05:40:38.243+0000: 701.702: [GC [PSYoungGen: 1149554K->306K(1102336K)] 1266596K->117460K(1789312K), 0.0061970 secs] [Times: user=0.00 sys=0.00, real=0.00 secs] 
2014-07-08T05:40:40.620+0000: 704.079: [GC [PSYoungGen: 1102322K->786K(1058240K)] 1219476K->118060K(1745216K), 0.0062230 secs] [Times: user=0.01 sys=0.00, real=0.01 secs] 
2014-07-08T05:40:42.964+0000: 706.423: [GC [PSYoungGen: 1058194K->726K(1015680K)] 1175468K->118112K(1702656K), 0.0054340 secs] [Times: user=0.02 sys=0.00, real=0.01 secs] 
2014-07-08T05:40:45.047+0000: 708.506: [GC [PSYoungGen: 1015638K->306K(974784K)] 1133024K->117940K(1661760K), 0.0171650 secs] [Times: user=0.06 sys=0.00, real=0.02 secs] 
2014-07-08T05:40:47.159+0000: 710.618: [GC [PSYoungGen: 974770K->388K(936384K)] 1092404K->118134K(1623360K), 0.0099630 secs] [Times: user=0.03 sys=0.01, real=0.01 secs] 
2014-07-08T05:40:49.133+0000: 712.592: [GC [PSYoungGen: 936256K->356K(899648K)] 1054002K->118254K(1586624K), 0.0109840 secs] [Times: user=0.04 sys=0.00, real=0.01 secs] 
2014-07-08T05:40:51.062+0000: 714.521: [GC [PSYoungGen: 899620K->288K(864640K)] 1017518K->118298K(1551616K), 0.0066150 secs] [Times: user=0.03 sys=0.00, real=0.01 secs] 
2014-07-08T05:40:53.052+0000: 716.511: [GC [PSYoungGen: 864608K->946K(832000K)] 982618K->119116K(1518976K), 0.0065360 secs] [Times: user=0.01 sys=0.00, real=0.01 secs] 
2014-07-08T05:40:54.690+0000: 718.150: [GC [PSYoungGen: 831982K->644K(800064K)] 950152K->119054K(1487040K), 0.0106520 secs] [Times: user=0.04 sys=0.00, real=0.01 secs] 
2014-07-08T05:40:56.386+0000: 719.845: [GC [PSYoungGen: 800004K->256K(769408K)] 918414K->118754K(1456384K), 0.0104390 secs] [Times: user=0.03 sys=0.01, real=0.01 secs] 
2014-07-08T05:40:58.181+0000: 721.641: [GC [PSYoungGen: 769408K->754K(741120K)] 887906K->119332K(1428096K), 0.0062860 secs] [Times: user=0.02 sys=0.00, real=0.01 secs] 
2014-07-08T05:40:59.605+0000: 723.065: [GC [PSYoungGen: 741106K->288K(713216K)] 859684K->118986K(1400192K), 0.0130450 secs] [Times: user=0.05 sys=0.00, real=0.02 secs] 
2014-07-08T05:41:01.128+0000: 724.587: [GC [PSYoungGen: 713184K->356K(687104K)] 831882K->119094K(1374080K), 0.0045230 secs] [Times: user=0.01 sys=0.00, real=0.00 secs] 
2014-07-08T05:41:02.592+0000: 726.051: [GC [PSYoungGen: 686991K->292K(662080K)] 805729K->119134K(1349056K), 0.0090020 secs] [Times: user=0.03 sys=0.00, real=0.01 secs] 
2014-07-08T05:41:04.092+0000: 727.551: [GC [PSYoungGen: 662052K->576K(638528K)] 780894K->119514K(1325504K), 0.0125270 secs] [Times: user=0.05 sys=0.00, real=0.01 secs] 
2014-07-08T05:41:05.377+0000: 728.836: [GC [PSYoungGen: 638520K->160K(615488K)] 757458K->119282K(1302464K), 0.0073800 secs] [Times: user=0.01 sys=0.01, real=0.01 secs] 
2014-07-08T05:41:06.694+0000: 730.153: [GC [PSYoungGen: 615418K->352K(594048K)] 734540K->119530K(1281024K), 0.0054280 secs] [Times: user=0.02 sys=0.00, real=0.01 secs] 
2014-07-08T05:41:08.032+0000: 731.491: [GC [PSYoungGen: 594016K->690K(573696K)] 713194K->119924K(1260672K), 0.0088090 secs] [Times: user=0.03 sys=0.00, real=0.01 secs] 
2014-07-08T05:41:09.183+0000: 732.642: [GC [PSYoungGen: 573637K->210K(553536K)] 692871K->119508K(1240512K), 0.0076620 secs] [Times: user=0.02 sys=0.01, real=0.01 secs] 
2014-07-08T05:41:10.404+0000: 733.863: [GC [PSYoungGen: 553490K->224K(534720K)] 672788K->119570K(1221696K), 0.0037810 secs] [Times: user=0.01 sys=0.00, real=0.01 secs] 
2014-07-08T05:41:11.513+0000: 734.972: [GC [PSYoungGen: 534688K->370K(516864K)] 654034K->119780K(1203840K), 0.0108390 secs] [Times: user=0.04 sys=0.00, real=0.01 secs] 
2014-07-08T05:41:12.623+0000: 736.082: [GC [PSYoungGen: 516850K->416K(499712K)] 636260K->119922K(1186688K), 0.0136020 secs] [Times: user=0.05 sys=0.01, real=0.01 secs] 
2014-07-08T05:41:13.723+0000: 737.182: [GC [PSYoungGen: 499680K->882K(483712K)] 619186K->120516K(1170688K), 0.0080470 secs] [Times: user=0.02 sys=0.00, real=0.01 secs] 
2014-07-08T05:41:14.752+0000: 738.211: [GC [PSYoungGen: 483698K->626K(467776K)] 603332K->120404K(1154752K), 0.0117370 secs] [Times: user=0.04 sys=0.00, real=0.01 secs] 
2014-07-08T05:41:15.741+0000: 739.200: [GC [PSYoungGen: 467760K->402K(452544K)] 587539K->120244K(1139520K), 0.0050850 secs] [Times: user=0.01 sys=0.00, real=0.00 secs] 
2014-07-08T05:41:16.716+0000: 740.176: [GC [PSYoungGen: 452498K->576K(438336K)] 572340K->120466K(1125312K), 0.0046990 secs] [Times: user=0.01 sys=0.00, real=0.01 secs] 
2014-07-08T05:41:17.638+0000: 741.097: [GC [PSYoungGen: 438336K->352K(424384K)] 558226K->120330K(1111360K), 0.0039470 secs] [Times: user=0.01 sys=0.01, real=0.01 secs] 
2014-07-08T05:41:18.545+0000: 742.005: [GC [PSYoungGen: 424302K->224K(411072K)] 544280K->120266K(1098048K), 0.0072560 secs] [Times: user=0.03 sys=0.00, real=0.01 secs] 
2014-07-08T05:41:19.427+0000: 742.886: [GC [PSYoungGen: 411040K->292K(398528K)] 531082K->120398K(1085504K), 0.0074370 secs] [Times: user=0.03 sys=0.00, real=0.01 secs] 
2014-07-08T05:41:20.270+0000: 743.730: [GC [PSYoungGen: 398500K->242K(386432K)] 518606K->120380K(1073408K), 0.0049770 secs] [Times: user=0.02 sys=0.00, real=0.00 secs] 
2014-07-08T05:41:21.130+0000: 744.590: [GC [PSYoungGen: 386418K->640K(375296K)] 506556K->120826K(1062272K), 0.0053180 secs] [Times: user=0.02 sys=0.00, real=0.00 secs] 
2014-07-08T05:41:22.000+0000: 745.459: [GC [PSYoungGen: 375294K->594K(450240K)] 495480K->120876K(1137216K), 0.0261430 secs] [Times: user=0.09 sys=0.00, real=0.03 secs] 
2014-07-08T05:41:22.920+0000: 746.379: [GC [PSYoungGen: 450194K->690K(540224K)] 570476K->121244K(1227200K), 0.0044350 secs] [Times: user=0.01 sys=0.00, real=0.00 secs] 
2014-07-08T05:41:24.045+0000: 747.504: [GC [PSYoungGen: 540210K->352K(521664K)] 660764K->120994K(1208640K), 0.0047550 secs] [Times: user=0.01 sys=0.00, real=0.01 secs] 
2014-07-08T05:41:25.119+0000: 748.578: [GC [PSYoungGen: 521632K->192K(625728K)] 642274K->120978K(1312704K), 0.0160240 secs] [Times: user=0.06 sys=0.00, real=0.02 secs] 
2014-07-08T05:41:26.458+0000: 749.917: [GC [PSYoungGen: 625728K->146K(603584K)] 746514K->120988K(1290560K), 0.0057640 secs] [Times: user=0.02 sys=0.00, real=0.01 secs] 
2014-07-08T05:41:27.761+0000: 751.220: [GC [PSYoungGen: 603525K->416K(582720K)] 724367K->121298K(1269696K), 0.0052360 secs] [Times: user=0.01 sys=0.00, real=0.00 secs] 
2014-07-08T05:41:29.021+0000: 752.480: [GC [PSYoungGen: 582688K->288K(562432K)] 703570K->121242K(1249408K), 0.0115210 secs] [Times: user=0.04 sys=0.00, real=0.02 secs] 
2014-07-08T05:41:30.192+0000: 753.651: [GC [PSYoungGen: 562400K->160K(543040K)] 683354K->121194K(1230016K), 0.0041500 secs] [Times: user=0.01 sys=0.00, real=0.00 secs] 
2014-07-08T05:41:31.353+0000: 754.812: [GC [PSYoungGen: 542949K->292K(524800K)] 663983K->121358K(1211776K), 0.0122530 secs] [Times: user=0.04 sys=0.00, real=0.01 secs] 
2014-07-08T05:41:32.468+0000: 755.927: [GC [PSYoungGen: 524772K->288K(507264K)] 645838K->121442K(1194240K), 0.0125340 secs] [Times: user=0.05 sys=0.00, real=0.01 secs] 
2014-07-08T05:41:33.609+0000: 757.068: [GC [PSYoungGen: 507232K->416K(490624K)] 628386K->121674K(1177600K), 0.0044620 secs] [Times: user=0.01 sys=0.01, real=0.01 secs] 
2014-07-08T05:41:34.604+0000: 758.063: [GC [PSYoungGen: 490592K->128K(474304K)] 611850K->121530K(1161280K), 0.0053150 secs] [Times: user=0.02 sys=0.00, real=0.00 secs] 
2014-07-08T05:41:35.626+0000: 759.085: [GC [PSYoungGen: 474291K->288K(459136K)] 595693K->121730K(1146112K), 0.0048620 secs] [Times: user=0.01 sys=0.00, real=0.00 secs] 
2014-07-08T05:41:36.609+0000: 760.069: [GC [PSYoungGen: 459104K->210K(444416K)] 580546K->121700K(1131392K), 0.0069690 secs] [Times: user=0.02 sys=0.00, real=0.01 secs] 
2014-07-08T05:41:37.562+0000: 761.021: [GC [PSYoungGen: 444370K->224K(430400K)] 565860K->121762K(1117376K), 0.0121470 secs] [Times: user=0.04 sys=0.01, real=0.02 secs] 
2014-07-08T05:41:38.488+0000: 761.947: [GC [PSYoungGen: 430368K->256K(416960K)] 551906K->121826K(1103936K), 0.0083650 secs] [Times: user=0.03 sys=0.00, real=0.01 secs] 
2014-07-08T05:41:39.385+0000: 762.844: [GC [PSYoungGen: 416918K->374K(404224K)] 538488K->122032K(1091200K), 0.0084800 secs] [Times: user=0.03 sys=0.00, real=0.01 secs] 
2014-07-08T05:41:40.243+0000: 763.702: [GC [PSYoungGen: 404214K->192K(391744K)] 525872K->121930K(1078720K), 0.0078250 secs] [Times: user=0.02 sys=0.00, real=0.00 secs] 
2014-07-08T05:41:41.072+0000: 764.532: [GC [PSYoungGen: 391744K->260K(470208K)] 513482K->122038K(1157184K), 0.0237590 secs] [Times: user=0.08 sys=0.00, real=0.02 secs] 
2014-07-08T05:41:42.092+0000: 765.551: [GC [PSYoungGen: 470148K->356K(564288K)] 591926K->122198K(1251264K), 0.0099560 secs] [Times: user=0.04 sys=0.00, real=0.01 secs] 
2014-07-08T05:41:43.294+0000: 766.753: [GC [PSYoungGen: 564260K->352K(677120K)] 686102K->122314K(1364096K), 0.0055880 secs] [Times: user=0.02 sys=0.00, real=0.00 secs] 
2014-07-08T05:41:44.749+0000: 768.209: [GC [PSYoungGen: 677085K->562K(812672K)] 799047K->122604K(1499648K), 0.0127230 secs] [Times: user=0.05 sys=0.00, real=0.01 secs] 
2014-07-08T05:41:46.479+0000: 769.938: [GC [PSYoungGen: 812658K->576K(781888K)] 934700K->122714K(1468864K), 0.0066580 secs] [Times: user=0.01 sys=0.00, real=0.01 secs] 
2014-07-08T05:41:48.164+0000: 771.623: [GC [PSYoungGen: 781888K->288K(752320K)] 904026K->122530K(1439296K), 0.0099860 secs] [Times: user=0.03 sys=0.00, real=0.01 secs] 
2014-07-08T05:41:49.782+0000: 773.241: [GC [PSYoungGen: 752253K->662K(724736K)] 874495K->122968K(1411712K), 0.0101830 secs] [Times: user=0.04 sys=0.00, real=0.01 secs] 
2014-07-08T05:41:51.313+0000: 774.772: [GC [PSYoungGen: 724694K->288K(697664K)] 847000K->122674K(1384640K), 0.0043990 secs] [Times: user=0.01 sys=0.00, real=0.01 secs] 
2014-07-08T05:41:52.809+0000: 776.269: [GC [PSYoungGen: 697632K->640K(672576K)] 820018K->123202K(1359552K), 0.0074540 secs] [Times: user=0.02 sys=0.00, real=0.01 secs] 
2014-07-08T05:41:54.228+0000: 777.687: [GC [PSYoungGen: 672576K->256K(647936K)] 795138K->122930K(1334912K), 0.0148240 secs] [Times: user=0.06 sys=0.00, real=0.01 secs] 
2014-07-08T05:41:55.619+0000: 779.078: [GC [PSYoungGen: 647936K->448K(625024K)] 770610K->123274K(1312000K), 0.0076310 secs] [Times: user=0.02 sys=0.01, real=0.01 secs] 
2014-07-08T05:41:57.068+0000: 780.527: [GC [PSYoungGen: 625024K->776K(603328K)] 747850K->123650K(1290304K), 0.0071290 secs] [Times: user=0.01 sys=0.00, real=0.00 secs] 
2014-07-08T05:41:58.252+0000: 781.711: [GC [PSYoungGen: 603272K->192K(581632K)] 726146K->123202K(1268608K), 0.0189950 secs] [Times: user=0.07 sys=0.00, real=0.02 secs] 
2014-07-08T05:41:59.497+0000: 782.956: [GC [PSYoungGen: 581632K->192K(697920K)] 704642K->123274K(1384896K), 0.0182900 secs] [Times: user=0.05 sys=0.00, real=0.01 secs] 
2014-07-08T05:42:01.002+0000: 784.461: [GC [PSYoungGen: 697920K->484K(837824K)] 821002K->123614K(1524800K), 0.0201430 secs] [Times: user=0.07 sys=0.00, real=0.02 secs] 
2014-07-08T05:42:02.806+0000: 786.265: [GC [PSYoungGen: 837796K->512K(805824K)] 960926K->123730K(1492800K), 0.0094340 secs] [Times: user=0.03 sys=0.00, real=0.00 secs] 
2014-07-08T05:42:04.501+0000: 787.960: [GC [PSYoungGen: 805767K->548K(775424K)] 928986K->123926K(1462400K), 0.0074910 secs] [Times: user=0.01 sys=0.00, real=0.01 secs] 
2014-07-08T05:42:06.177+0000: 789.636: [GC [PSYoungGen: 775396K->224K(746048K)] 898774K->123786K(1433024K), 0.0043010 secs] [Times: user=0.01 sys=0.01, real=0.00 secs] 
2014-07-08T05:42:07.799+0000: 791.258: [GC [PSYoungGen: 746016K->882K(718976K)] 869578K->124676K(1405952K), 0.0066860 secs] [Times: user=0.01 sys=0.00, real=0.01 secs] 
2014-07-08T05:42:09.381+0000: 792.840: [GC [PSYoungGen: 718962K->530K(692288K)] 842756K->124388K(1379264K), 0.0141630 secs] [Times: user=0.05 sys=0.00, real=0.01 secs] 
2014-07-08T05:42:10.801+0000: 794.260: [GC [PSYoungGen: 692171K->562K(667136K)] 816029K->124572K(1354112K), 0.0057540 secs] [Times: user=0.01 sys=0.00, real=0.00 secs] 
2014-07-08T05:42:12.208+0000: 795.668: [GC [PSYoungGen: 667122K->192K(642752K)] 791132K->124258K(1329728K), 0.0050410 secs] [Times: user=0.02 sys=0.00, real=0.00 secs] 
2014-07-08T05:42:13.585+0000: 797.045: [GC [PSYoungGen: 642688K->538K(620224K)] 766755K->124732K(1307200K), 0.0086790 secs] [Times: user=0.03 sys=0.00, real=0.01 secs] 
2014-07-08T05:42:14.974+0000: 798.433: [GC [PSYoungGen: 620105K->498K(598336K)] 744299K->124796K(1285312K), 0.0044970 secs] [Times: user=0.01 sys=0.00, real=0.01 secs] 
2014-07-08T05:42:16.211+0000: 799.671: [GC [PSYoungGen: 598322K->224K(577216K)] 722620K->124706K(1264192K), 0.0153480 secs] [Times: user=0.05 sys=0.00, real=0.01 secs] 
2014-07-08T05:42:17.444+0000: 800.903: [GC [PSYoungGen: 577184K->192K(557248K)] 701666K->124722K(1244224K), 0.0065000 secs] [Times: user=0.01 sys=0.00, real=0.01 secs] 
2014-07-08T05:42:18.636+0000: 802.095: [GC [PSYoungGen: 557248K->274K(538368K)] 681778K->124852K(1225344K), 0.0101110 secs] [Times: user=0.04 sys=0.00, real=0.01 secs] 
2014-07-08T05:42:19.828+0000: 803.287: [GC [PSYoungGen: 538322K->754K(520640K)] 662900K->125388K(1207616K), 0.0051910 secs] [Times: user=0.01 sys=0.00, real=0.00 secs] 
2014-07-08T05:42:20.946+0000: 804.406: [GC [PSYoungGen: 520626K->886K(503424K)] 645260K->125600K(1190400K), 0.0075660 secs] [Times: user=0.02 sys=0.00, real=0.01 secs] 
2014-07-08T05:42:22.045+0000: 805.504: [GC [PSYoungGen: 503414K->420K(486400K)] 628128K->125390K(1173376K), 0.0081980 secs] [Times: user=0.02 sys=0.00, real=0.01 secs] 
2014-07-08T05:42:23.037+0000: 806.496: [GC [PSYoungGen: 486372K->420K(470528K)] 611342K->125510K(1157504K), 0.0121920 secs] [Times: user=0.04 sys=0.01, real=0.02 secs] 
2014-07-08T05:42:24.097+0000: 807.556: [GC [PSYoungGen: 470430K->808K(455744K)] 595520K->126034K(1142720K), 0.0071460 secs] [Times: user=0.01 sys=0.00, real=0.01 secs] 
2014-07-08T05:42:25.038+0000: 808.497: [GC [PSYoungGen: 455704K->292K(440768K)] 580930K->125598K(1127744K), 0.0142990 secs] [Times: user=0.05 sys=0.00, real=0.02 secs] 
2014-07-08T05:42:26.066+0000: 809.525: [GC [PSYoungGen: 440718K->790K(427392K)] 566024K->126152K(1114368K), 0.0056230 secs] [Times: user=0.02 sys=0.00, real=0.01 secs] 
2014-07-08T05:42:26.887+0000: 810.346: [GC [PSYoungGen: 427350K->850K(414208K)] 552712K->126292K(1101184K), 0.0057900 secs] [Times: user=0.01 sys=0.00, real=0.01 secs] 
2014-07-08T05:42:27.744+0000: 811.203: [GC [PSYoungGen: 414162K->448K(401088K)] 539604K->125938K(1088064K), 0.0069240 secs] [Times: user=0.01 sys=0.00, real=0.01 secs] 
2014-07-08T05:42:28.595+0000: 812.054: [GC [PSYoungGen: 401085K->228K(388736K)] 526575K->125750K(1075712K), 0.0042540 secs] [Times: user=0.01 sys=0.00, real=0.00 secs] 
2014-07-08T05:42:29.421+0000: 812.880: [GC [PSYoungGen: 388708K->178K(377024K)] 514230K->125732K(1064000K), 0.0059980 secs] [Times: user=0.01 sys=0.00, real=0.00 secs] 
2014-07-08T05:42:30.232+0000: 813.691: [GC [PSYoungGen: 377010K->306K(366016K)] 502564K->125932K(1052992K), 0.0095750 secs] [Times: user=0.03 sys=0.00, real=0.01 secs] 
2014-07-08T05:42:31.104+0000: 814.564: [GC [PSYoungGen: 366002K->854K(355904K)] 491628K->126528K(1042880K), 0.0096020 secs] [Times: user=0.03 sys=0.00, real=0.01 secs] 
2014-07-08T05:42:31.879+0000: 815.339: [GC [PSYoungGen: 355860K->1042K(427136K)] 481534K->126812K(1114112K), 0.0235330 secs] [Times: user=0.09 sys=0.00, real=0.03 secs] 
2014-07-08T05:42:32.696+0000: 816.155: [GC [PSYoungGen: 427090K->484K(511808K)] 552860K->126566K(1198784K), 0.0092740 secs] [Times: user=0.02 sys=0.00, real=0.01 secs] 
2014-07-08T05:42:33.797+0000: 817.256: [GC [PSYoungGen: 511780K->576K(614144K)] 637862K->126738K(1301120K), 0.0174430 secs] [Times: user=0.06 sys=0.00, real=0.02 secs] 
2014-07-08T05:42:35.099+0000: 818.559: [GC [PSYoungGen: 614144K->256K(736576K)] 740306K->126562K(1423552K), 0.0138820 secs] [Times: user=0.05 sys=0.00, real=0.02 secs] 
2014-07-08T05:42:36.673+0000: 820.132: [GC [PSYoungGen: 736576K->680K(884288K)] 862882K->127106K(1571264K), 0.0079240 secs] [Times: user=0.01 sys=0.00, real=0.01 secs] 
2014-07-08T05:42:38.554+0000: 822.013: [GC [PSYoungGen: 884264K->274K(849728K)] 1010690K->126764K(1536704K), 0.0082190 secs] [Times: user=0.02 sys=0.00, real=0.01 secs] 
2014-07-08T05:42:40.373+0000: 823.832: [GC [PSYoungGen: 849681K->320K(817152K)] 976171K->126914K(1504128K), 0.0069910 secs] [Times: user=0.03 sys=0.00, real=0.00 secs] 
2014-07-08T05:42:42.122+0000: 825.581: [GC [PSYoungGen: 817098K->484K(786304K)] 943692K->127182K(1473280K), 0.0119220 secs] [Times: user=0.04 sys=0.00, real=0.01 secs] 
2014-07-08T05:42:43.817+0000: 827.277: [GC [PSYoungGen: 786276K->740K(943744K)] 912974K->127590K(1630720K), 0.0304560 secs] [Times: user=0.11 sys=0.00, real=0.03 secs] 
2014-07-08T05:42:45.842+0000: 829.301: [GC [PSYoungGen: 943716K->544K(906560K)] 1070566K->127538K(1593536K), 0.0052530 secs] [Times: user=0.02 sys=0.00, real=0.01 secs] 
2014-07-08T05:42:47.770+0000: 831.229: [GC [PSYoungGen: 906528K->512K(871232K)] 1033522K->127618K(1558208K), 0.0053890 secs] [Times: user=0.01 sys=0.01, real=0.01 secs] 
2014-07-08T05:42:49.644+0000: 833.103: [GC [PSYoungGen: 871232K->416K(837632K)] 998338K->127618K(1524608K), 0.0082710 secs] [Times: user=0.02 sys=0.00, real=0.00 secs] 
2014-07-08T05:42:51.416+0000: 834.875: [GC [PSYoungGen: 837600K->256K(805440K)] 964802K->127594K(1492416K), 0.0080500 secs] [Times: user=0.00 sys=0.00, real=0.01 secs] 
2014-07-08T05:42:53.152+0000: 836.611: [GC [PSYoungGen: 805440K->320K(775040K)] 932778K->127762K(1462016K), 0.0082010 secs] [Times: user=0.03 sys=0.01, real=0.01 secs] 
2014-07-08T05:42:54.907+0000: 838.367: [GC [PSYoungGen: 775040K->626K(746304K)] 902482K->128236K(1433280K), 0.0079090 secs] [Times: user=0.01 sys=0.00, real=0.01 secs] 
2014-07-08T05:42:56.394+0000: 839.853: [GC [PSYoungGen: 746290K->128K(718144K)] 873900K->127882K(1405120K), 0.0063640 secs] [Times: user=0.02 sys=0.00, real=0.01 secs] 
2014-07-08T05:42:57.966+0000: 841.425: [GC [PSYoungGen: 718144K->512K(692160K)] 845898K->128330K(1379136K), 0.0055490 secs] [Times: user=0.02 sys=0.00, real=0.00 secs] 
2014-07-08T05:42:59.457+0000: 842.916: [GC [PSYoungGen: 692160K->1014K(667520K)] 819978K->129040K(1354496K), 0.0064900 secs] [Times: user=0.01 sys=0.01, real=0.00 secs] 
2014-07-08T05:43:00.892+0000: 844.351: [GC [PSYoungGen: 667509K->768K(643264K)] 795535K->128850K(1330240K), 0.0081510 secs] [Times: user=0.01 sys=0.00, real=0.01 secs] 
2014-07-08T05:43:02.228+0000: 845.687: [GC [PSYoungGen: 643264K->256K(619840K)] 771346K->128506K(1306816K), 0.0070650 secs] [Times: user=0.02 sys=0.00, real=0.01 secs] 
2014-07-08T05:43:03.558+0000: 847.017: [GC [PSYoungGen: 619840K->192K(597952K)] 748090K->128562K(1284928K), 0.0140080 secs] [Times: user=0.05 sys=0.00, real=0.01 secs] 
2014-07-08T05:43:04.908+0000: 848.367: [GC [PSYoungGen: 597946K->928K(577856K)] 726316K->129378K(1264832K), 0.0049580 secs] [Times: user=0.02 sys=0.00, real=0.00 secs] 
2014-07-08T05:43:06.154+0000: 849.613: [GC [PSYoungGen: 577824K->708K(557760K)] 706274K->129286K(1244736K), 0.0246660 secs] [Times: user=0.08 sys=0.00, real=0.03 secs] 
2014-07-08T05:43:07.281+0000: 850.740: [GC [PSYoungGen: 557610K->224K(668672K)] 686188K->128882K(1355648K), 0.0170310 secs] [Times: user=0.05 sys=0.00, real=0.02 secs] 
2014-07-08T05:43:08.703+0000: 852.162: [GC [PSYoungGen: 668640K->498K(802624K)] 797298K->129244K(1489600K), 0.0256880 secs] [Times: user=0.09 sys=0.00, real=0.03 secs] 
2014-07-08T05:43:10.411+0000: 853.870: [GC [PSYoungGen: 802607K->452K(963072K)] 931353K->129262K(1650048K), 0.0182500 secs] [Times: user=0.07 sys=0.00, real=0.02 secs] 
2014-07-08T05:43:12.496+0000: 855.955: [GC [PSYoungGen: 963012K->512K(1155584K)] 1091822K->129418K(1842560K), 0.0145990 secs] [Times: user=0.05 sys=0.00, real=0.02 secs] 
2014-07-08T05:43:15.004+0000: 858.463: [GC [PSYoungGen: 1155584K->416K(1108352K)] 1284490K->129522K(1795328K), 0.0080510 secs] [Times: user=0.03 sys=0.00, real=0.01 secs] 
2014-07-08T05:43:17.324+0000: 860.783: [GC [PSYoungGen: 1108320K->434K(1063424K)] 1237426K->129724K(1750400K), 0.0083880 secs] [Times: user=0.01 sys=0.00, real=0.01 secs] 
2014-07-08T05:43:19.600+0000: 863.059: [GC [PSYoungGen: 1063410K->224K(1020480K)] 1192700K->129594K(1707456K), 0.0176980 secs] [Times: user=0.05 sys=0.00, real=0.02 secs] 
2014-07-08T05:43:21.806+0000: 865.265: [GC [PSYoungGen: 1020448K->736K(980288K)] 1149818K->130234K(1667264K), 0.0100180 secs] [Times: user=0.04 sys=0.00, real=0.01 secs] 
2014-07-08T05:43:23.916+0000: 867.375: [GC [PSYoungGen: 980256K->754K(941568K)] 1109754K->130428K(1628544K), 0.0062510 secs] [Times: user=0.02 sys=0.00, real=0.01 secs] 
2014-07-08T05:43:25.969+0000: 869.428: [GC [PSYoungGen: 941554K->1082K(905024K)] 1071228K->130980K(1592000K), 0.0064350 secs] [Times: user=0.02 sys=0.00, real=0.00 secs] 
2014-07-08T05:43:27.847+0000: 871.306: [GC [PSYoungGen: 905018K->384K(869184K)] 1034916K->130794K(1556160K), 0.0084810 secs] [Times: user=0.01 sys=0.00, real=0.01 secs] 
2014-07-08T05:43:29.689+0000: 873.148: [GC [PSYoungGen: 869184K->466K(835840K)] 999594K->130940K(1522816K), 0.0125440 secs] [Times: user=0.04 sys=0.00, real=0.02 secs] 
2014-07-08T05:43:31.473+0000: 874.932: [GC [PSYoungGen: 835794K->224K(803712K)] 966268K->130866K(1490688K), 0.0108810 secs] [Times: user=0.04 sys=0.00, real=0.01 secs] 
2014-07-08T05:43:33.196+0000: 876.655: [GC [PSYoungGen: 803679K->256K(773312K)] 934322K->131018K(1460288K), 0.0077500 secs] [Times: user=0.01 sys=0.00, real=0.01 secs] 
2014-07-08T05:43:34.877+0000: 878.336: [GC [PSYoungGen: 773312K->1024K(745152K)] 904074K->131938K(1432128K), 0.0052120 secs] [Times: user=0.02 sys=0.00, real=0.01 secs] 
2014-07-08T05:43:36.447+0000: 879.907: [GC [PSYoungGen: 745152K->288K(716864K)] 876066K->131258K(1403840K), 0.0054360 secs] [Times: user=0.01 sys=0.00, real=0.01 secs] 
2014-07-08T05:43:38.022+0000: 881.481: [GC [PSYoungGen: 716825K->338K(690624K)] 847795K->131468K(1377600K), 0.0071870 secs] [Times: user=0.02 sys=0.00, real=0.00 secs] 
2014-07-08T05:43:39.481+0000: 882.940: [GC [PSYoungGen: 690578K->128K(665280K)] 821708K->131330K(1352256K), 0.0042640 secs] [Times: user=0.01 sys=0.00, real=0.00 secs] 
2014-07-08T05:43:41.050+0000: 884.509: [GC [PSYoungGen: 665280K->1120K(642368K)] 796482K->132386K(1329344K), 0.0078230 secs] [Times: user=0.02 sys=0.00, real=0.01 secs] 
2014-07-08T05:43:42.281+0000: 885.741: [GC [PSYoungGen: 642313K->420K(618816K)] 773579K->131830K(1305792K), 0.0089680 secs] [Times: user=0.04 sys=0.00, real=0.00 secs] 
2014-07-08T05:43:43.607+0000: 887.066: [GC [PSYoungGen: 618788K->256K(596864K)] 750198K->131818K(1283840K), 0.0175320 secs] [Times: user=0.06 sys=0.00, real=0.02 secs] 
2014-07-08T05:43:44.925+0000: 888.384: [GC [PSYoungGen: 596782K->644K(576512K)] 728344K->132294K(1263488K), 0.0050160 secs] [Times: user=0.01 sys=0.00, real=0.00 secs] 
2014-07-08T05:43:46.128+0000: 889.587: [GC [PSYoungGen: 576441K->324K(556352K)] 708092K->132062K(1243328K), 0.0039190 secs] [Times: user=0.01 sys=0.00, real=0.01 secs] 
2014-07-08T05:43:47.371+0000: 890.831: [GC [PSYoungGen: 556292K->224K(537280K)] 688030K->132034K(1224256K), 0.0076550 secs] [Times: user=0.01 sys=0.00, real=0.01 secs] 
2014-07-08T05:43:48.474+0000: 891.934: [GC [PSYoungGen: 537240K->292K(519232K)] 669051K->132198K(1206208K), 0.0053440 secs] [Times: user=0.01 sys=0.00, real=0.00 secs] 
2014-07-08T05:43:49.590+0000: 893.049: [GC [PSYoungGen: 519204K->242K(622976K)] 651110K->132188K(1309952K), 0.0297960 secs] [Times: user=0.10 sys=0.00, real=0.03 secs] 
2014-07-08T05:43:50.957+0000: 894.417: [GC [PSYoungGen: 622961K->928K(601664K)] 754907K->132954K(1288640K), 0.0074870 secs] [Times: user=0.01 sys=0.00, real=0.01 secs] 
2014-07-08T05:43:52.298+0000: 895.758: [GC [PSYoungGen: 601632K->694K(721600K)] 733658K->132840K(1408576K), 0.0227200 secs] [Times: user=0.08 sys=0.00, real=0.02 secs] 
2014-07-08T05:43:53.774+0000: 897.233: [GC [PSYoungGen: 721590K->594K(695040K)] 853736K->132900K(1382016K), 0.0059250 secs] [Times: user=0.01 sys=0.00, real=0.00 secs] 
2014-07-08T05:43:55.288+0000: 898.747: [GC [PSYoungGen: 694909K->434K(669568K)] 827215K->132852K(1356544K), 0.0081360 secs] [Times: user=0.03 sys=0.00, real=0.01 secs] 
2014-07-08T05:43:56.684+0000: 900.143: [GC [PSYoungGen: 669550K->402K(645440K)] 801968K->132924K(1332416K), 0.0042180 secs] [Times: user=0.01 sys=0.00, real=0.00 secs] 
2014-07-08T05:43:58.194+0000: 901.653: [GC [PSYoungGen: 645394K->950K(622912K)] 777916K->133528K(1309888K), 0.0062700 secs] [Times: user=0.01 sys=0.00, real=0.00 secs] 
2014-07-08T05:43:59.407+0000: 902.866: [GC [PSYoungGen: 622902K->260K(600320K)] 755480K->132942K(1287296K), 0.0163810 secs] [Times: user=0.05 sys=0.00, real=0.02 secs] 
2014-07-08T05:44:00.703+0000: 904.162: [GC [PSYoungGen: 600258K->662K(579776K)] 732941K->133408K(1266752K), 0.0051850 secs] [Times: user=0.01 sys=0.00, real=0.01 secs] 
2014-07-08T05:44:01.967+0000: 905.426: [GC [PSYoungGen: 579704K->694K(559744K)] 712451K->133488K(1246720K), 0.0051120 secs] [Times: user=0.02 sys=0.01, real=0.00 secs] 
2014-07-08T05:44:03.180+0000: 906.639: [GC [PSYoungGen: 559636K->626K(540608K)] 692430K->133556K(1227584K), 0.0141510 secs] [Times: user=0.04 sys=0.00, real=0.02 secs] 
2014-07-08T05:44:04.288+0000: 907.747: [GC [PSYoungGen: 540594K->338K(522112K)] 673524K->133404K(1209088K), 0.0178800 secs] [Times: user=0.06 sys=0.00, real=0.02 secs] 
2014-07-08T05:44:05.424+0000: 908.883: [GC [PSYoungGen: 522065K->224K(504576K)] 655131K->133346K(1191552K), 0.0064310 secs] [Times: user=0.01 sys=0.01, real=0.01 secs] 
2014-07-08T05:44:06.489+0000: 909.948: [GC [PSYoungGen: 504544K->274K(488000K)] 637666K->133460K(1174976K), 0.0072110 secs] [Times: user=0.03 sys=0.00, real=0.01 secs] 
2014-07-08T05:44:07.538+0000: 910.997: [GC [PSYoungGen: 487954K->128K(471872K)] 621140K->133362K(1158848K), 0.0118500 secs] [Times: user=0.04 sys=0.00, real=0.01 secs] 
2014-07-08T05:44:08.557+0000: 912.017: [GC [PSYoungGen: 471872K->128K(456640K)] 605106K->133394K(1143616K), 0.0048460 secs] [Times: user=0.01 sys=0.00, real=0.00 secs] 
2014-07-08T05:44:09.538+0000: 912.997: [GC [PSYoungGen: 456598K->288K(442304K)] 589864K->133610K(1129280K), 0.0075150 secs] [Times: user=0.01 sys=0.00, real=0.01 secs] 
2014-07-08T05:44:10.509+0000: 913.968: [GC [PSYoungGen: 442272K->352K(428416K)] 575594K->133730K(1115392K), 0.0090880 secs] [Times: user=0.03 sys=0.00, real=0.01 secs] 
2014-07-08T05:44:11.401+0000: 914.860: [GC [PSYoungGen: 428384K->160K(414912K)] 561762K->133626K(1101888K), 0.0099960 secs] [Times: user=0.03 sys=0.00, real=0.01 secs] 
2014-07-08T05:44:12.294+0000: 915.753: [GC [PSYoungGen: 414880K->320K(402304K)] 548346K->133890K(1089280K), 0.0111830 secs] [Times: user=0.03 sys=0.01, real=0.01 secs] 
2014-07-08T05:44:13.173+0000: 916.633: [GC [PSYoungGen: 402304K->676K(390464K)] 535874K->134342K(1077440K), 0.0050280 secs] [Times: user=0.01 sys=0.01, real=0.01 secs] 
2014-07-08T05:44:14.039+0000: 917.498: [GC [PSYoungGen: 390391K->466K(378560K)] 524058K->134204K(1065536K), 0.0042190 secs] [Times: user=0.01 sys=0.00, real=0.00 secs] 
2014-07-08T05:44:14.896+0000: 918.355: [GC [PSYoungGen: 378514K->932K(367808K)] 512252K->134750K(1054784K), 0.0052210 secs] [Times: user=0.02 sys=0.00, real=0.01 secs] 
2014-07-08T05:44:15.630+0000: 919.089: [GC [PSYoungGen: 367780K->256K(356352K)] 501598K->134154K(1043328K), 0.0130490 secs] [Times: user=0.05 sys=0.00, real=0.01 secs] 
2014-07-08T05:44:16.340+0000: 919.799: [GC [PSYoungGen: 356352K->192K(345984K)] 490250K->134178K(1032960K), 0.0071820 secs] [Times: user=0.02 sys=0.00, real=0.01 secs] 
2014-07-08T05:44:17.103+0000: 920.563: [GC [PSYoungGen: 345980K->224K(415232K)] 479966K->134234K(1102208K), 0.0082820 secs] [Times: user=0.03 sys=0.00, real=0.01 secs] 
2014-07-08T05:44:18.011+0000: 921.470: [GC [PSYoungGen: 415196K->662K(402944K)] 549206K->134720K(1089920K), 0.0037090 secs] [Times: user=0.01 sys=0.00, real=0.00 secs] 
2014-07-08T05:44:18.846+0000: 922.305: [GC [PSYoungGen: 402899K->256K(390272K)] 536957K->134346K(1077248K), 0.0120150 secs] [Times: user=0.05 sys=0.00, real=0.02 secs] 
2014-07-08T05:44:19.675+0000: 923.134: [GC [PSYoungGen: 390272K->128K(378432K)] 524362K->134234K(1065408K), 0.0072450 secs] [Times: user=0.01 sys=0.00, real=0.01 secs] 
2014-07-08T05:44:20.536+0000: 923.996: [GC [PSYoungGen: 378432K->882K(368000K)] 512538K->135012K(1054976K), 0.0081690 secs] [Times: user=0.01 sys=0.00, real=0.01 secs] 
2014-07-08T05:44:21.278+0000: 924.737: [GC [PSYoungGen: 367986K->192K(440768K)] 502116K->134370K(1127744K), 0.0168560 secs] [Times: user=0.06 sys=0.00, real=0.01 secs] 
2014-07-08T05:44:22.226+0000: 925.685: [GC [PSYoungGen: 440768K->580K(529344K)] 574946K->134902K(1216320K), 0.0214450 secs] [Times: user=0.07 sys=0.00, real=0.03 secs] 
2014-07-08T05:44:23.357+0000: 926.816: [GC [PSYoungGen: 529284K->192K(634688K)] 663606K->134610K(1321664K), 0.0107890 secs] [Times: user=0.04 sys=0.00, real=0.01 secs] 
2014-07-08T05:44:24.726+0000: 928.185: [GC [PSYoungGen: 634595K->544K(761984K)] 769014K->135042K(1448960K), 0.0077660 secs] [Times: user=0.01 sys=0.00, real=0.01 secs] 
2014-07-08T05:44:26.426+0000: 929.886: [GC [PSYoungGen: 761940K->530K(914304K)] 896438K->135108K(1601280K), 0.0110150 secs] [Times: user=0.03 sys=0.00, real=0.01 secs] 
2014-07-08T05:44:28.315+0000: 931.774: [GC [PSYoungGen: 914258K->128K(878272K)] 1048836K->134834K(1565248K), 0.0115420 secs] [Times: user=0.04 sys=0.01, real=0.01 secs] 
2014-07-08T05:44:30.216+0000: 933.675: [GC [PSYoungGen: 878197K->324K(845312K)] 1012903K->135094K(1532288K), 0.0042210 secs] [Times: user=0.02 sys=0.00, real=0.01 secs] 
2014-07-08T05:44:32.044+0000: 935.503: [GC [PSYoungGen: 844548K->512K(812416K)] 979318K->135346K(1499392K), 0.0053510 secs] [Times: user=0.01 sys=0.00, real=0.01 secs] 
2014-07-08T05:44:33.761+0000: 937.220: [GC [PSYoungGen: 812383K->872K(782016K)] 947217K->135906K(1468992K), 0.0079490 secs] [Times: user=0.02 sys=0.01, real=0.01 secs] 
2014-07-08T05:44:35.429+0000: 938.888: [GC [PSYoungGen: 781951K->292K(752128K)] 916985K->135478K(1439104K), 0.0049680 secs] [Times: user=0.01 sys=0.00, real=0.00 secs] 
2014-07-08T05:44:37.099+0000: 940.558: [GC [PSYoungGen: 752019K->754K(724608K)] 887205K->136028K(1411584K), 0.0059850 secs] [Times: user=0.01 sys=0.00, real=0.01 secs] 
2014-07-08T05:44:38.588+0000: 942.047: [GC [PSYoungGen: 724550K->128K(697280K)] 859824K->135506K(1384256K), 0.0042110 secs] [Times: user=0.01 sys=0.00, real=0.01 secs] 
2014-07-08T05:44:40.095+0000: 943.554: [GC [PSYoungGen: 697280K->388K(672896K)] 832658K->135814K(1359872K), 0.0116900 secs] [Times: user=0.04 sys=0.00, real=0.01 secs] 
2014-07-08T05:44:41.522+0000: 944.981: [GC [PSYoungGen: 672132K->224K(647744K)] 807558K->135770K(1334720K), 0.0050570 secs] [Times: user=0.02 sys=0.00, real=0.00 secs] 
2014-07-08T05:44:42.961+0000: 946.420: [GC [PSYoungGen: 647712K->854K(625280K)] 783258K->136520K(1312256K), 0.0057520 secs] [Times: user=0.01 sys=0.00, real=0.00 secs] 
2014-07-08T05:44:44.345+0000: 947.805: [GC [PSYoungGen: 625238K->658K(603008K)] 760904K->136452K(1289984K), 0.0062000 secs] [Times: user=0.02 sys=0.00, real=0.01 secs] 
2014-07-08T05:44:45.561+0000: 949.020: [GC [PSYoungGen: 602962K->338K(581632K)] 738756K->136260K(1268608K), 0.0032710 secs] [Times: user=0.01 sys=0.00, real=0.00 secs] 
2014-07-08T05:44:46.817+0000: 950.276: [GC [PSYoungGen: 581572K->676K(561856K)] 717494K->136710K(1248832K), 0.0179200 secs] [Times: user=0.05 sys=0.00, real=0.02 secs] 
2014-07-08T05:44:48.062+0000: 951.521: [GC [PSYoungGen: 561828K->580K(542592K)] 697862K->136702K(1229568K), 0.0152220 secs] [Times: user=0.05 sys=0.00, real=0.01 secs] 
2014-07-08T05:44:49.197+0000: 952.656: [GC [PSYoungGen: 542532K->288K(523968K)] 678654K->136474K(1210944K), 0.0144020 secs] [Times: user=0.05 sys=0.00, real=0.02 secs] 
2014-07-08T05:44:50.360+0000: 953.819: [GC [PSYoungGen: 523936K->352K(506496K)] 660122K->136594K(1193472K), 0.0058720 secs] [Times: user=0.02 sys=0.00, real=0.01 secs] 
2014-07-08T05:44:51.388+0000: 954.847: [GC [PSYoungGen: 506464K->320K(489728K)] 642706K->136642K(1176704K), 0.0046800 secs] [Times: user=0.01 sys=0.00, real=0.01 secs] 
2014-07-08T05:44:52.428+0000: 955.887: [GC [PSYoungGen: 489728K->224K(587584K)] 626050K->136682K(1274560K), 0.0207780 secs] [Times: user=0.07 sys=0.00, real=0.02 secs] 
2014-07-08T05:44:53.684+0000: 957.143: [GC [PSYoungGen: 587552K->338K(567360K)] 724010K->136892K(1254336K), 0.0032180 secs] [Times: user=0.01 sys=0.00, real=0.00 secs] 
2014-07-08T05:44:54.926+0000: 958.385: [GC [PSYoungGen: 567301K->480K(548032K)] 703855K->137130K(1235008K), 0.0041790 secs] [Times: user=0.02 sys=0.01, real=0.00 secs] 
2014-07-08T05:44:56.194+0000: 959.653: [GC [PSYoungGen: 548000K->576K(529536K)] 684650K->137298K(1216512K), 0.0125010 secs] [Times: user=0.04 sys=0.01, real=0.01 secs] 
2014-07-08T05:44:57.223+0000: 960.682: [GC [PSYoungGen: 529536K->224K(511488K)] 666258K->137082K(1198464K), 0.0052600 secs] [Times: user=0.02 sys=0.01, real=0.00 secs] 
2014-07-08T05:44:58.311+0000: 961.770: [GC [PSYoungGen: 511456K->160K(494464K)] 648314K->137066K(1181440K), 0.0050230 secs] [Times: user=0.02 sys=0.00, real=0.01 secs] 
2014-07-08T05:44:59.371+0000: 962.830: [GC [PSYoungGen: 494432K->288K(478400K)] 631338K->137242K(1165376K), 0.0222030 secs] [Times: user=0.08 sys=0.00, real=0.02 secs] 
2014-07-08T05:45:00.397+0000: 963.856: [GC [PSYoungGen: 478359K->292K(462912K)] 615313K->137286K(1149888K), 0.0048860 secs] [Times: user=0.01 sys=0.00, real=0.00 secs] 
2014-07-08T05:45:01.525+0000: 964.985: [GC [PSYoungGen: 462870K->790K(448576K)] 599865K->137824K(1135552K), 0.0061590 secs] [Times: user=0.01 sys=0.00, real=0.00 secs] 
2014-07-08T05:45:02.353+0000: 965.813: [GC [PSYoungGen: 448534K->192K(433728K)] 585568K->137386K(1120704K), 0.0042530 secs] [Times: user=0.01 sys=0.00, real=0.00 secs] 
2014-07-08T05:45:03.283+0000: 966.742: [GC [PSYoungGen: 433728K->224K(420224K)] 570922K->137498K(1107200K), 0.0117230 secs] [Times: user=0.04 sys=0.00, real=0.02 secs] 
2014-07-08T05:45:04.191+0000: 967.650: [GC [PSYoungGen: 420192K->160K(407168K)] 557466K->137506K(1094144K), 0.0051020 secs] [Times: user=0.01 sys=0.00, real=0.01 secs] 
2014-07-08T05:45:05.125+0000: 968.585: [GC [PSYoungGen: 407136K->580K(395200K)] 544482K->137990K(1082176K), 0.0044680 secs] [Times: user=0.01 sys=0.00, real=0.00 secs] 
2014-07-08T05:45:05.945+0000: 969.404: [GC [PSYoungGen: 395074K->950K(474432K)] 532484K->138416K(1161408K), 0.0212920 secs] [Times: user=0.07 sys=0.00, real=0.02 secs] 
2014-07-08T05:45:07.054+0000: 970.513: [GC [PSYoungGen: 474397K->1124K(569344K)] 611863K->138662K(1256320K), 0.0070560 secs] [Times: user=0.02 sys=0.00, real=0.01 secs] 
2014-07-08T05:45:08.132+0000: 971.591: [GC [PSYoungGen: 569314K->192K(548864K)] 706852K->137826K(1235840K), 0.0040030 secs] [Times: user=0.01 sys=0.00, real=0.01 secs] 
2014-07-08T05:45:09.309+0000: 972.768: [GC [PSYoungGen: 548864K->96K(530176K)] 686498K->137786K(1217152K), 0.0041960 secs] [Times: user=0.01 sys=0.00, real=0.00 secs] 
2014-07-08T05:45:10.446+0000: 973.905: [GC [PSYoungGen: 530143K->338K(512640K)] 667833K->138092K(1199616K), 0.0097720 secs] [Times: user=0.03 sys=0.00, real=0.01 secs] 
2014-07-08T05:45:11.558+0000: 975.017: [GC [PSYoungGen: 512594K->338K(495616K)] 650348K->138124K(1182592K), 0.0060220 secs] [Times: user=0.01 sys=0.00, real=0.01 secs] 
2014-07-08T05:45:12.622+0000: 976.081: [GC [PSYoungGen: 495570K->406K(479424K)] 633356K->138328K(1166400K), 0.0114040 secs] [Times: user=0.04 sys=0.00, real=0.01 secs] 
2014-07-08T05:45:13.650+0000: 977.109: [GC [PSYoungGen: 479382K->434K(575232K)] 617304K->138444K(1262208K), 0.0206860 secs] [Times: user=0.07 sys=0.00, real=0.02 secs] 
2014-07-08T05:45:14.929+0000: 978.388: [GC [PSYoungGen: 575136K->940K(555904K)] 713146K->139094K(1242880K), 0.0048430 secs] [Times: user=0.01 sys=0.00, real=0.00 secs] 
2014-07-08T05:45:16.141+0000: 979.600: [GC [PSYoungGen: 555871K->566K(536576K)] 694025K->138808K(1223552K), 0.0144700 secs] [Times: user=0.05 sys=0.00, real=0.02 secs] 
2014-07-08T05:45:17.255+0000: 980.714: [GC [PSYoungGen: 536566K->288K(518272K)] 674808K->138642K(1205248K), 0.0039120 secs] [Times: user=0.01 sys=0.00, real=0.00 secs] 
2014-07-08T05:45:18.443+0000: 981.902: [GC [PSYoungGen: 518213K->634K(501312K)] 656568K->139060K(1188288K), 0.0048010 secs] [Times: user=0.01 sys=0.00, real=0.01 secs] 
2014-07-08T05:45:19.406+0000: 982.865: [GC [PSYoungGen: 501306K->388K(484608K)] 639732K->138894K(1171584K), 0.0070890 secs] [Times: user=0.02 sys=0.00, real=0.01 secs] 
2014-07-08T05:45:20.448+0000: 983.907: [GC [PSYoungGen: 484548K->192K(468608K)] 623054K->138762K(1155584K), 0.0092220 secs] [Times: user=0.03 sys=0.00, real=0.01 secs] 
2014-07-08T05:45:21.489+0000: 984.948: [GC [PSYoungGen: 468608K->452K(453824K)] 607178K->139070K(1140800K), 0.0042010 secs] [Times: user=0.01 sys=0.00, real=0.00 secs] 
2014-07-08T05:45:22.428+0000: 985.887: [GC [PSYoungGen: 453764K->320K(544320K)] 592382K->139082K(1231296K), 0.0349660 secs] [Times: user=0.11 sys=0.00, real=0.03 secs] 
2014-07-08T05:45:23.595+0000: 987.054: [GC [PSYoungGen: 544320K->292K(653120K)] 683082K->139150K(1340096K), 0.0091060 secs] [Times: user=0.03 sys=0.01, real=0.01 secs] 
2014-07-08T05:45:25.055+0000: 988.514: [GC [PSYoungGen: 653024K->840K(784256K)] 791882K->139770K(1471232K), 0.0060600 secs] [Times: user=0.02 sys=0.00, real=0.01 secs] 
2014-07-08T05:45:26.685+0000: 990.145: [GC [PSYoungGen: 784200K->160K(754112K)] 923130K->139218K(1441088K), 0.0136700 secs] [Times: user=0.03 sys=0.00, real=0.02 secs] 
2014-07-08T05:45:28.304+0000: 991.763: [GC [PSYoungGen: 754074K->260K(726208K)] 893133K->139398K(1413184K), 0.0039640 secs] [Times: user=0.01 sys=0.00, real=0.01 secs] 
2014-07-08T05:45:29.885+0000: 993.344: [GC [PSYoungGen: 726148K->562K(699712K)] 865286K->139772K(1386688K), 0.0095030 secs] [Times: user=0.03 sys=0.00, real=0.01 secs] 
2014-07-08T05:45:31.385+0000: 994.844: [GC [PSYoungGen: 699698K->996K(674624K)] 838908K->140294K(1361600K), 0.0055710 secs] [Times: user=0.01 sys=0.00, real=0.01 secs] 
2014-07-08T05:45:32.842+0000: 996.301: [GC [PSYoungGen: 674596K->512K(649792K)] 813894K->140282K(1336768K), 0.0171390 secs] [Times: user=0.06 sys=0.01, real=0.02 secs] 
2014-07-08T05:45:34.209+0000: 997.668: [GC [PSYoungGen: 649792K->530K(626624K)] 789562K->140460K(1313600K), 0.0134920 secs] [Times: user=0.04 sys=0.00, real=0.01 secs] 
2014-07-08T05:45:35.596+0000: 999.056: [GC [PSYoungGen: 626578K->306K(604224K)] 766508K->140412K(1291200K), 0.0159640 secs] [Times: user=0.06 sys=0.01, real=0.02 secs] 
2014-07-08T05:45:36.861+0000: 1000.320: [GC [PSYoungGen: 604210K->434K(583232K)] 744316K->140636K(1270208K), 0.0075120 secs] [Times: user=0.03 sys=0.00, real=0.01 secs] 
2014-07-08T05:45:38.114+0000: 1001.573: [GC [PSYoungGen: 583218K->352K(563008K)] 723420K->140642K(1249984K), 0.0181400 secs] [Times: user=0.06 sys=0.00, real=0.02 secs] 
2014-07-08T05:45:39.300+0000: 1002.759: [GC [PSYoungGen: 562976K->128K(543488K)] 703266K->140466K(1230464K), 0.0056950 secs] [Times: user=0.02 sys=0.00, real=0.00 secs] 
2014-07-08T05:45:40.470+0000: 1003.929: [GC [PSYoungGen: 543488K->256K(525248K)] 683826K->140650K(1212224K), 0.0057630 secs] [Times: user=0.02 sys=0.00, real=0.00 secs] 
2014-07-08T05:45:41.659+0000: 1005.118: [GC [PSYoungGen: 525248K->562K(507968K)] 665642K->141020K(1194944K), 0.0158100 secs] [Times: user=0.05 sys=0.00, real=0.01 secs] 
2014-07-08T05:45:42.695+0000: 1006.154: [GC [PSYoungGen: 507954K->274K(490944K)] 648412K->140908K(1177920K), 0.0078550 secs] [Times: user=0.03 sys=0.00, real=0.01 secs] 
2014-07-08T05:45:43.764+0000: 1007.223: [GC [PSYoungGen: 490892K->690K(475264K)] 631526K->141420K(1162240K), 0.0048150 secs] [Times: user=0.01 sys=0.00, real=0.01 secs] 
2014-07-08T05:45:44.784+0000: 1008.243: [GC [PSYoungGen: 475250K->434K(569920K)] 615980K->141228K(1256896K), 0.0184310 secs] [Times: user=0.07 sys=0.00, real=0.02 secs] 
2014-07-08T05:45:46.037+0000: 1009.496: [GC [PSYoungGen: 569906K->832K(550720K)] 710700K->141698K(1237696K), 0.0094540 secs] [Times: user=0.02 sys=0.00, real=0.01 secs] 
2014-07-08T05:45:47.254+0000: 1010.713: [GC [PSYoungGen: 550657K->448K(531648K)] 691523K->141378K(1218624K), 0.0055260 secs] [Times: user=0.01 sys=0.01, real=0.00 secs] 
2014-07-08T05:45:48.307+0000: 1011.766: [GC [PSYoungGen: 531648K->210K(513600K)] 672578K->141252K(1200576K), 0.0095440 secs] [Times: user=0.03 sys=0.00, real=0.01 secs] 
2014-07-08T05:45:49.416+0000: 1012.875: [GC [PSYoungGen: 513554K->224K(496512K)] 654596K->141306K(1183488K), 0.0107710 secs] [Times: user=0.04 sys=0.00, real=0.01 secs] 
2014-07-08T05:45:50.489+0000: 1013.948: [GC [PSYoungGen: 496480K->352K(480320K)] 637562K->141482K(1167296K), 0.0101260 secs] [Times: user=0.04 sys=0.00, real=0.01 secs] 
2014-07-08T05:45:51.513+0000: 1014.972: [GC [PSYoungGen: 480288K->192K(464576K)] 621418K->141354K(1151552K), 0.0131020 secs] [Times: user=0.05 sys=0.00, real=0.01 secs] 
2014-07-08T05:45:52.521+0000: 1015.980: [GC [PSYoungGen: 464576K->384K(449856K)] 605738K->141642K(1136832K), 0.0037380 secs] [Times: user=0.01 sys=0.01, real=0.00 secs] 
2014-07-08T05:45:53.489+0000: 1016.948: [GC [PSYoungGen: 449856K->352K(435584K)] 591114K->141738K(1122560K), 0.0039250 secs] [Times: user=0.02 sys=0.00, real=0.01 secs] 
2014-07-08T05:45:54.418+0000: 1017.877: [GC [PSYoungGen: 435532K->160K(421760K)] 576919K->141690K(1108736K), 0.0155840 secs] [Times: user=0.06 sys=0.00, real=0.02 secs] 
2014-07-08T05:45:55.321+0000: 1018.781: [GC [PSYoungGen: 421728K->224K(408768K)] 563258K->141810K(1095744K), 0.0073710 secs] [Times: user=0.01 sys=0.00, real=0.00 secs] 
2014-07-08T05:45:56.197+0000: 1019.656: [GC [PSYoungGen: 408736K->128K(490368K)] 550322K->141762K(1177344K), 0.0176960 secs] [Times: user=0.06 sys=0.00, real=0.02 secs] 
2014-07-08T05:45:57.315+0000: 1020.774: [GC [PSYoungGen: 490368K->306K(474496K)] 632002K->141988K(1161472K), 0.0041050 secs] [Times: user=0.01 sys=0.00, real=0.00 secs] 
2014-07-08T05:45:58.263+0000: 1021.722: [GC [PSYoungGen: 474482K->256K(569280K)] 616164K->142034K(1256256K), 0.0297660 secs] [Times: user=0.10 sys=0.00, real=0.03 secs] 
2014-07-08T05:45:59.495+0000: 1022.954: [GC [PSYoungGen: 569183K->292K(683200K)] 710962K->142102K(1370176K), 0.0132960 secs] [Times: user=0.05 sys=0.00, real=0.01 secs] 
2014-07-08T05:46:01.006+0000: 1024.465: [GC [PSYoungGen: 683172K->690K(820160K)] 824982K->142580K(1507136K), 0.0068610 secs] [Times: user=0.02 sys=0.01, real=0.01 secs] 
2014-07-08T05:46:02.722+0000: 1026.181: [GC [PSYoungGen: 820143K->288K(788608K)] 962033K->142258K(1475584K), 0.0054600 secs] [Times: user=0.01 sys=0.00, real=0.00 secs] 
2014-07-08T05:46:04.451+0000: 1027.910: [GC [PSYoungGen: 788576K->480K(759104K)] 930546K->142610K(1446080K), 0.0157870 secs] [Times: user=0.06 sys=0.00, real=0.02 secs] 
2014-07-08T05:46:06.074+0000: 1029.534: [GC [PSYoungGen: 758981K->566K(730880K)] 901112K->142856K(1417856K), 0.0090580 secs] [Times: user=0.03 sys=0.00, real=0.01 secs] 
2014-07-08T05:46:07.606+0000: 1031.065: [GC [PSYoungGen: 730792K->242K(703616K)] 873082K->142620K(1390592K), 0.0194060 secs] [Times: user=0.05 sys=0.00, real=0.02 secs] 
2014-07-08T05:46:09.144+0000: 1032.604: [GC [PSYoungGen: 703597K->420K(678080K)] 845975K->142862K(1365056K), 0.0037950 secs] [Times: user=0.01 sys=0.00, real=0.00 secs] 
2014-07-08T05:46:10.596+0000: 1034.055: [GC [PSYoungGen: 678000K->292K(653440K)] 820442K->142798K(1340416K), 0.0135740 secs] [Times: user=0.05 sys=0.00, real=0.01 secs] 
2014-07-08T05:46:12.142+0000: 1035.601: [GC [PSYoungGen: 653412K->768K(630528K)] 795918K->143770K(1317504K), 0.0101120 secs] [Times: user=0.02 sys=0.01, real=0.01 secs] 
2014-07-08T05:46:13.330+0000: 1036.789: [GC [PSYoungGen: 630528K->288K(607744K)] 773530K->143442K(1294720K), 0.0040320 secs] [Times: user=0.01 sys=0.00, real=0.00 secs] 
2014-07-08T05:46:14.633+0000: 1038.092: [GC [PSYoungGen: 607712K->160K(586304K)] 750866K->143530K(1273280K), 0.0100010 secs] [Times: user=0.03 sys=0.00, real=0.01 secs] 
2014-07-08T05:46:15.972+0000: 1039.431: [GC [PSYoungGen: 586272K->836K(566656K)] 729642K->144278K(1253632K), 0.0064180 secs] [Times: user=0.01 sys=0.00, real=0.01 secs] 
2014-07-08T05:46:17.237+0000: 1040.697: [GC [PSYoungGen: 566596K->1014K(547392K)] 710038K->144568K(1234368K), 0.0048500 secs] [Times: user=0.02 sys=0.00, real=0.00 secs] 
2014-07-08T05:46:18.281+0000: 1041.740: [GC [PSYoungGen: 547382K->178K(528000K)] 690936K->143812K(1214976K), 0.0048340 secs] [Times: user=0.02 sys=0.00, real=0.01 secs] 
2014-07-08T05:46:19.419+0000: 1042.879: [GC [PSYoungGen: 527986K->292K(510400K)] 671620K->143958K(1197376K), 0.0040530 secs] [Times: user=0.01 sys=0.00, real=0.00 secs] 
2014-07-08T05:46:20.513+0000: 1043.972: [GC [PSYoungGen: 510372K->96K(493312K)] 654038K->143802K(1180288K), 0.0039800 secs] [Times: user=0.01 sys=0.00, real=0.01 secs] 
2014-07-08T05:46:21.614+0000: 1045.073: [GC [PSYoungGen: 493193K->352K(477376K)] 636899K->144106K(1164352K), 0.0127170 secs] [Times: user=0.04 sys=0.00, real=0.02 secs] 
2014-07-08T05:46:22.604+0000: 1046.063: [GC [PSYoungGen: 477344K->288K(461888K)] 621098K->144178K(1148864K), 0.0086750 secs] [Times: user=0.03 sys=0.00, real=0.01 secs] 
2014-07-08T05:46:23.589+0000: 1047.049: [GC [PSYoungGen: 461856K->192K(446976K)] 605746K->144202K(1133952K), 0.0100910 secs] [Times: user=0.04 sys=0.00, real=0.01 secs] 
2014-07-08T05:46:24.552+0000: 1048.011: [GC [PSYoungGen: 446976K->128K(432768K)] 590986K->144194K(1119744K), 0.0064640 secs] [Times: user=0.01 sys=0.00, real=0.01 secs] 
2014-07-08T05:46:25.488+0000: 1048.948: [GC [PSYoungGen: 432768K->192K(419328K)] 576834K->144306K(1106304K), 0.0042400 secs] [Times: user=0.01 sys=0.00, real=0.00 secs] 
2014-07-08T05:46:26.389+0000: 1049.848: [GC [PSYoungGen: 419327K->146K(406400K)] 563441K->144300K(1093376K), 0.0080340 secs] [Times: user=0.01 sys=0.01, real=0.01 secs] 
2014-07-08T05:46:27.431+0000: 1050.891: [GC [PSYoungGen: 406301K->826K(394624K)] 550455K->145036K(1081600K), 0.0092620 secs] [Times: user=0.03 sys=0.00, real=0.01 secs] 
2014-07-08T05:46:28.178+0000: 1051.637: [GC [PSYoungGen: 394618K->224K(472832K)] 538828K->144538K(1159808K), 0.0200290 secs] [Times: user=0.07 sys=0.00, real=0.02 secs] 
2014-07-08T05:46:29.169+0000: 1052.628: [GC [PSYoungGen: 472800K->224K(567360K)] 617114K->144578K(1254336K), 0.0041400 secs] [Times: user=0.01 sys=0.00, real=0.00 secs] 
2014-07-08T05:46:30.347+0000: 1053.807: [GC [PSYoungGen: 567321K->242K(547904K)] 711675K->144660K(1234880K), 0.0089130 secs] [Times: user=0.04 sys=0.00, real=0.01 secs] 
2014-07-08T05:46:31.521+0000: 1054.980: [GC [PSYoungGen: 547890K->256K(529344K)] 692308K->144722K(1216320K), 0.0038910 secs] [Times: user=0.01 sys=0.00, real=0.00 secs] 
2014-07-08T05:46:32.721+0000: 1056.180: [GC [PSYoungGen: 529344K->658K(512064K)] 673810K->145236K(1199040K), 0.0128100 secs] [Times: user=0.05 sys=0.00, real=0.01 secs] 
2014-07-08T05:46:33.770+0000: 1057.229: [GC [PSYoungGen: 512018K->288K(494720K)] 656596K->145026K(1181696K), 0.0032280 secs] [Times: user=0.00 sys=0.00, real=0.00 secs] 
2014-07-08T05:46:34.840+0000: 1058.299: [GC [PSYoungGen: 494686K->530K(478784K)] 639424K->145340K(1165760K), 0.0130340 secs] [Times: user=0.04 sys=0.00, real=0.01 secs] 
2014-07-08T05:46:35.859+0000: 1059.318: [GC [PSYoungGen: 478738K->352K(463104K)] 623548K->145218K(1150080K), 0.0100670 secs] [Times: user=0.03 sys=0.00, real=0.01 secs] 
2014-07-08T05:46:36.857+0000: 1060.316: [GC [PSYoungGen: 463072K->352K(555648K)] 607938K->145274K(1242624K), 0.0227310 secs] [Times: user=0.08 sys=0.00, real=0.02 secs] 
2014-07-08T05:46:38.092+0000: 1061.551: [GC [PSYoungGen: 555616K->804K(667200K)] 700538K->145998K(1354176K), 0.0179020 secs] [Times: user=0.06 sys=0.00, real=0.02 secs] 
2014-07-08T05:46:39.471+0000: 1062.930: [GC [PSYoungGen: 667169K->224K(799936K)] 812363K->145490K(1486912K), 0.0061070 secs] [Times: user=0.02 sys=0.00, real=0.00 secs] 
2014-07-08T05:46:41.208+0000: 1064.667: [GC [PSYoungGen: 799904K->320K(769792K)] 945170K->145706K(1456768K), 0.0037570 secs] [Times: user=0.01 sys=0.00, real=0.01 secs] 
2014-07-08T05:46:42.862+0000: 1066.321: [GC [PSYoungGen: 769792K->658K(924096K)] 915178K->146164K(1611072K), 0.0280620 secs] [Times: user=0.10 sys=0.01, real=0.03 secs] 
2014-07-08T05:46:44.848+0000: 1068.307: [GC [PSYoungGen: 924050K->996K(888384K)] 1069556K->146654K(1575360K), 0.0061890 secs] [Times: user=0.01 sys=0.00, real=0.01 secs] 
2014-07-08T05:46:46.739+0000: 1070.198: [GC [PSYoungGen: 888356K->224K(853248K)] 1034014K->146034K(1540224K), 0.0094270 secs] [Times: user=0.04 sys=0.00, real=0.00 secs] 
2014-07-08T05:46:48.566+0000: 1072.026: [GC [PSYoungGen: 853194K->356K(820672K)] 999005K->146254K(1507648K), 0.0069190 secs] [Times: user=0.02 sys=0.00, real=0.01 secs] 
2014-07-08T05:46:50.360+0000: 1073.819: [GC [PSYoungGen: 820644K->416K(789568K)] 966542K->146442K(1476544K), 0.0075770 secs] [Times: user=0.01 sys=0.00, real=0.00 secs] 
2014-07-08T05:46:52.079+0000: 1075.538: [GC [PSYoungGen: 789533K->512K(759936K)] 935559K->146650K(1446912K), 0.0069080 secs] [Times: user=0.03 sys=0.00, real=0.01 secs] 
2014-07-08T05:46:53.663+0000: 1077.123: [GC [PSYoungGen: 759936K->352K(731520K)] 906074K->146642K(1418496K), 0.0078450 secs] [Times: user=0.01 sys=0.00, real=0.01 secs] 
2014-07-08T05:46:55.309+0000: 1078.768: [GC [PSYoungGen: 731415K->594K(704768K)] 877705K->147020K(1391744K), 0.0312390 secs] [Times: user=0.11 sys=0.00, real=0.04 secs] 
2014-07-08T05:46:56.752+0000: 1080.211: [GC [PSYoungGen: 704628K->342K(678784K)] 851054K->146872K(1365760K), 0.0096100 secs] [Times: user=0.04 sys=0.00, real=0.01 secs] 
2014-07-08T05:46:58.223+0000: 1081.682: [GC [PSYoungGen: 678742K->256K(654080K)] 825272K->146858K(1341056K), 0.0064430 secs] [Times: user=0.03 sys=0.00, real=0.00 secs] 
2014-07-08T05:46:59.627+0000: 1083.086: [GC [PSYoungGen: 654080K->224K(630656K)] 800682K->146914K(1317632K), 0.0162040 secs] [Times: user=0.05 sys=0.00, real=0.02 secs] 
2014-07-08T05:47:00.995+0000: 1084.454: [GC [PSYoungGen: 630624K->416K(608512K)] 777314K->147170K(1295488K), 0.0066740 secs] [Times: user=0.01 sys=0.00, real=0.01 secs] 
2014-07-08T05:47:02.403+0000: 1085.863: [GC [PSYoungGen: 608480K->754K(587520K)] 755234K->147588K(1274496K), 0.0181990 secs] [Times: user=0.06 sys=0.00, real=0.02 secs] 
2014-07-08T05:47:03.553+0000: 1087.012: [GC [PSYoungGen: 587506K->256K(566656K)] 734340K->147266K(1253632K), 0.0044730 secs] [Times: user=0.01 sys=0.00, real=0.00 secs] 
2014-07-08T05:47:04.764+0000: 1088.223: [GC [PSYoungGen: 566656K->160K(547136K)] 713666K->147298K(1234112K), 0.0035580 secs] [Times: user=0.01 sys=0.00, real=0.00 secs] 
2014-07-08T05:47:05.967+0000: 1089.426: [GC [PSYoungGen: 547104K->448K(528832K)] 694242K->147650K(1215808K), 0.0145500 secs] [Times: user=0.05 sys=0.00, real=0.01 secs] 
2014-07-08T05:47:07.124+0000: 1090.583: [GC [PSYoungGen: 528832K->576K(511232K)] 676034K->147842K(1198208K), 0.0155230 secs] [Times: user=0.06 sys=0.00, real=0.01 secs] 
2014-07-08T05:47:08.270+0000: 1091.729: [GC [PSYoungGen: 511232K->452K(494208K)] 658498K->147766K(1181184K), 0.0049220 secs] [Times: user=0.01 sys=0.00, real=0.01 secs] 
2014-07-08T05:47:09.251+0000: 1092.710: [GC [PSYoungGen: 494148K->256K(477760K)] 641462K->147666K(1164736K), 0.0084560 secs] [Times: user=0.03 sys=0.00, real=0.01 secs] 
2014-07-08T05:47:10.264+0000: 1093.723: [GC [PSYoungGen: 477760K->288K(462336K)] 625170K->147762K(1149312K), 0.0143490 secs] [Times: user=0.04 sys=0.00, real=0.01 secs] 
2014-07-08T05:47:11.277+0000: 1094.736: [GC [PSYoungGen: 462304K->192K(447424K)] 609778K->147698K(1134400K), 0.0044330 secs] [Times: user=0.01 sys=0.00, real=0.00 secs] 
2014-07-08T05:47:12.216+0000: 1095.676: [GC [PSYoungGen: 447424K->224K(536960K)] 594930K->147842K(1223936K), 0.0187720 secs] [Times: user=0.05 sys=0.01, real=0.02 secs] 
2014-07-08T05:47:13.544+0000: 1097.003: [GC [PSYoungGen: 536928K->754K(519360K)] 684546K->148444K(1206336K), 0.0054690 secs] [Times: user=0.01 sys=0.00, real=0.00 secs] 
2014-07-08T05:47:14.506+0000: 1097.965: [GC [PSYoungGen: 519346K->256K(501568K)] 667036K->148122K(1188544K), 0.0066580 secs] [Times: user=0.01 sys=0.00, real=0.01 secs] 
2014-07-08T05:47:15.569+0000: 1099.028: [GC [PSYoungGen: 501568K->128K(484928K)] 649434K->148058K(1171904K), 0.0039900 secs] [Times: user=0.00 sys=0.00, real=0.01 secs] 
2014-07-08T05:47:16.614+0000: 1100.073: [GC [PSYoungGen: 484928K->192K(469184K)] 632858K->148170K(1156160K), 0.0043960 secs] [Times: user=0.01 sys=0.00, real=0.00 secs] 
2014-07-08T05:47:17.629+0000: 1101.088: [GC [PSYoungGen: 469135K->160K(454080K)] 617114K->148186K(1141056K), 0.0057960 secs] [Times: user=0.01 sys=0.00, real=0.01 secs] 
2014-07-08T05:47:18.604+0000: 1102.064: [GC [PSYoungGen: 454048K->370K(439808K)] 602074K->148436K(1126784K), 0.0118480 secs] [Times: user=0.04 sys=0.00, real=0.01 secs] 
2014-07-08T05:47:19.609+0000: 1103.069: [GC [PSYoungGen: 439794K->274K(425920K)] 587860K->148404K(1112896K), 0.0043240 secs] [Times: user=0.01 sys=0.00, real=0.00 secs] 
2014-07-08T05:47:20.471+0000: 1103.931: [GC [PSYoungGen: 425874K->128K(412480K)] 574004K->148314K(1099456K), 0.0055770 secs] [Times: user=0.01 sys=0.00, real=0.01 secs] 
2014-07-08T05:47:21.360+0000: 1104.819: [GC [PSYoungGen: 412414K->320K(400000K)] 560601K->148554K(1086976K), 0.0089920 secs] [Times: user=0.03 sys=0.01, real=0.01 secs] 
2014-07-08T05:47:22.223+0000: 1105.682: [GC [PSYoungGen: 399926K->242K(387840K)] 548160K->148556K(1074816K), 0.0060500 secs] [Times: user=0.01 sys=0.00, real=0.01 secs] 
2014-07-08T05:47:23.190+0000: 1106.649: [GC [PSYoungGen: 387825K->704K(376704K)] 536139K->149426K(1063680K), 0.0116050 secs] [Times: user=0.02 sys=0.00, real=0.01 secs] 
2014-07-08T05:47:23.875+0000: 1107.334: [GC [PSYoungGen: 376704K->498K(365376K)] 525426K->149484K(1052352K), 0.0075300 secs] [Times: user=0.02 sys=0.00, real=0.00 secs] 
2014-07-08T05:47:24.639+0000: 1108.098: [GC [PSYoungGen: 365362K->160K(438080K)] 514348K->149258K(1125056K), 0.0105740 secs] [Times: user=0.04 sys=0.00, real=0.01 secs] 
2014-07-08T05:47:25.645+0000: 1109.105: [GC [PSYoungGen: 438048K->416K(525952K)] 587146K->149586K(1212928K), 0.0150970 secs] [Times: user=0.06 sys=0.00, real=0.01 secs] 
2014-07-08T05:47:26.713+0000: 1110.172: [GC [PSYoungGen: 525908K->306K(630976K)] 675078K->149588K(1317952K), 0.0185260 secs] [Times: user=0.07 sys=0.00, real=0.02 secs] 
2014-07-08T05:47:28.170+0000: 1111.629: [GC [PSYoungGen: 630962K->950K(757760K)] 780244K->150336K(1444736K), 0.0161520 secs] [Times: user=0.06 sys=0.00, real=0.02 secs] 
2014-07-08T05:47:29.693+0000: 1113.152: [GC [PSYoungGen: 757750K->192K(728768K)] 907136K->149658K(1415744K), 0.0045000 secs] [Times: user=0.01 sys=0.00, real=0.01 secs] 
2014-07-08T05:47:31.338+0000: 1114.797: [GC [PSYoungGen: 728684K->754K(702464K)] 878151K->150276K(1389440K), 0.0063860 secs] [Times: user=0.02 sys=0.00, real=0.00 secs] 
2014-07-08T05:47:32.761+0000: 1116.220: [GC [PSYoungGen: 702397K->256K(676352K)] 851919K->149906K(1363328K), 0.0035510 secs] [Times: user=0.01 sys=0.00, real=0.00 secs] 
2014-07-08T05:47:34.227+0000: 1117.686: [GC [PSYoungGen: 676352K->306K(651968K)] 826002K->150060K(1338944K), 0.0046800 secs] [Times: user=0.01 sys=0.00, real=0.00 secs] 
2014-07-08T05:47:35.627+0000: 1119.086: [GC [PSYoungGen: 651954K->242K(628608K)] 801708K->150140K(1315584K), 0.0052680 secs] [Times: user=0.01 sys=0.00, real=0.00 secs] 
2014-07-08T05:47:37.014+0000: 1120.473: [GC [PSYoungGen: 628594K->480K(606592K)] 778492K->150442K(1293568K), 0.0119760 secs] [Times: user=0.04 sys=0.00, real=0.01 secs] 
2014-07-08T05:47:38.459+0000: 1121.919: [GC [PSYoungGen: 606560K->484K(585344K)] 756522K->150494K(1272320K), 0.0163680 secs] [Times: user=0.05 sys=0.00, real=0.01 secs] 
2014-07-08T05:47:39.568+0000: 1123.027: [GC [PSYoungGen: 585316K->292K(564864K)] 735326K->150438K(1251840K), 0.0045030 secs] [Times: user=0.01 sys=0.00, real=0.00 secs] 
2014-07-08T05:47:40.757+0000: 1124.216: [GC [PSYoungGen: 564836K->288K(545536K)] 714982K->150506K(1232512K), 0.0043180 secs] [Times: user=0.01 sys=0.00, real=0.00 secs] 
2014-07-08T05:47:41.967+0000: 1125.427: [GC [PSYoungGen: 545504K->754K(527488K)] 695722K->151044K(1214464K), 0.0071670 secs] [Times: user=0.02 sys=0.00, real=0.00 secs] 
2014-07-08T05:47:43.117+0000: 1126.577: [GC [PSYoungGen: 527474K->932K(510016K)] 677764K->151342K(1196992K), 0.0057330 secs] [Times: user=0.01 sys=0.00, real=0.00 secs] 
2014-07-08T05:47:44.177+0000: 1127.636: [GC [PSYoungGen: 509988K->256K(492416K)] 660398K->150802K(1179392K), 0.0056680 secs] [Times: user=0.01 sys=0.00, real=0.01 secs] 
2014-07-08T05:47:45.237+0000: 1128.696: [GC [PSYoungGen: 492416K->452K(476544K)] 642962K->151086K(1163520K), 0.0042760 secs] [Times: user=0.02 sys=0.00, real=0.01 secs] 
2014-07-08T05:47:46.240+0000: 1129.699: [GC [PSYoungGen: 476463K->260K(460928K)] 627097K->150942K(1147904K), 0.0039500 secs] [Times: user=0.01 sys=0.00, real=0.00 secs] 
2014-07-08T05:47:47.252+0000: 1130.711: [GC [PSYoungGen: 460805K->360K(446272K)] 611488K->151082K(1133248K), 0.0076180 secs] [Times: user=0.02 sys=0.00, real=0.01 secs] 
2014-07-08T05:47:48.238+0000: 1131.697: [GC [PSYoungGen: 446248K->594K(432448K)] 596970K->151364K(1119424K), 0.0108730 secs] [Times: user=0.04 sys=0.00, real=0.01 secs] 
2014-07-08T05:47:49.188+0000: 1132.647: [GC [PSYoungGen: 432402K->256K(418560K)] 583172K->151066K(1105536K), 0.0070790 secs] [Times: user=0.01 sys=0.01, real=0.00 secs] 
2014-07-08T05:47:50.065+0000: 1133.524: [GC [PSYoungGen: 418560K->864K(406272K)] 569370K->151794K(1093248K), 0.0072700 secs] [Times: user=0.02 sys=0.00, real=0.01 secs] 
2014-07-08T05:47:50.905+0000: 1134.364: [GC [PSYoungGen: 406240K->914K(487424K)] 557170K->151892K(1174400K), 0.0378700 secs] [Times: user=0.14 sys=0.00, real=0.04 secs] 
2014-07-08T05:47:51.944+0000: 1135.403: [GC [PSYoungGen: 487378K->370K(584192K)] 638356K->151604K(1271168K), 0.0062180 secs] [Times: user=0.01 sys=0.00, real=0.01 secs] 
2014-07-08T05:47:53.208+0000: 1136.667: [GC [PSYoungGen: 584178K->288K(700928K)] 735412K->151618K(1387904K), 0.0038740 secs] [Times: user=0.01 sys=0.00, real=0.01 secs] 
2014-07-08T05:47:54.694+0000: 1138.153: [GC [PSYoungGen: 700896K->608K(675648K)] 852226K->152098K(1362624K), 0.0058630 secs] [Times: user=0.01 sys=0.01, real=0.01 secs] 
2014-07-08T05:47:56.193+0000: 1139.652: [GC [PSYoungGen: 675616K->402K(651072K)] 827106K->152036K(1338048K), 0.0125770 secs] [Times: user=0.05 sys=0.00, real=0.01 secs] 
2014-07-08T05:47:57.546+0000: 1141.005: [GC [PSYoungGen: 651026K->192K(627520K)] 802660K->151914K(1314496K), 0.0081750 secs] [Times: user=0.03 sys=0.00, real=0.01 secs] 
2014-07-08T05:47:58.912+0000: 1142.371: [GC [PSYoungGen: 627520K->544K(605696K)] 779242K->152306K(1292672K), 0.0047850 secs] [Times: user=0.01 sys=0.00, real=0.00 secs] 
2014-07-08T05:48:00.208+0000: 1143.667: [GC [PSYoungGen: 605664K->256K(584192K)] 757426K->152106K(1271168K), 0.0177620 secs] [Times: user=0.07 sys=0.01, real=0.02 secs] 
2014-07-08T05:48:01.449+0000: 1144.909: [GC [PSYoungGen: 584192K->128K(563840K)] 736042K->152042K(1250816K), 0.0062630 secs] [Times: user=0.01 sys=0.00, real=0.01 secs] 
2014-07-08T05:48:02.659+0000: 1146.118: [GC [PSYoungGen: 563840K->352K(676864K)] 715754K->152370K(1363840K), 0.0237270 secs] [Times: user=0.07 sys=0.00, real=0.03 secs] 
2014-07-08T05:48:04.170+0000: 1147.630: [GC [PSYoungGen: 676825K->754K(652800K)] 828843K->152876K(1339776K), 0.0062040 secs] [Times: user=0.02 sys=0.00, real=0.01 secs] 
2014-07-08T05:48:05.549+0000: 1149.008: [GC [PSYoungGen: 652762K->370K(629056K)] 804885K->152628K(1316032K), 0.0054110 secs] [Times: user=0.01 sys=0.00, real=0.01 secs] 
2014-07-08T05:48:06.887+0000: 1150.346: [GC [PSYoungGen: 629042K->562K(606976K)] 781300K->152908K(1293952K), 0.0062030 secs] [Times: user=0.02 sys=0.00, real=0.01 secs] 
2014-07-08T05:48:08.230+0000: 1151.689: [GC [PSYoungGen: 606962K->740K(585920K)] 759308K->153150K(1272896K), 0.0059550 secs] [Times: user=0.01 sys=0.01, real=0.01 secs] 
2014-07-08T05:48:09.446+0000: 1152.905: [GC [PSYoungGen: 585892K->128K(564992K)] 738302K->152586K(1251968K), 0.0043310 secs] [Times: user=0.01 sys=0.00, real=0.00 secs] 
2014-07-08T05:48:10.666+0000: 1154.125: [GC [PSYoungGen: 564937K->324K(545856K)] 717395K->152862K(1232832K), 0.0097160 secs] [Times: user=0.03 sys=0.00, real=0.01 secs] 
2014-07-08T05:48:11.858+0000: 1155.317: [GC [PSYoungGen: 545796K->704K(527680K)] 698334K->153298K(1214656K), 0.0192740 secs] [Times: user=0.06 sys=0.00, real=0.02 secs] 
2014-07-08T05:48:12.989+0000: 1156.448: [GC [PSYoungGen: 527680K->548K(509888K)] 680274K->153302K(1196864K), 0.0119610 secs] [Times: user=0.05 sys=0.00, real=0.01 secs] 
2014-07-08T05:48:14.095+0000: 1157.554: [GC [PSYoungGen: 509860K->544K(492992K)] 662614K->153394K(1179968K), 0.0053750 secs] [Times: user=0.02 sys=0.00, real=0.00 secs] 
2014-07-08T05:48:15.175+0000: 1158.634: [GC [PSYoungGen: 492960K->712K(591680K)] 645810K->153626K(1278656K), 0.0232950 secs] [Times: user=0.10 sys=0.00, real=0.02 secs] 
2014-07-08T05:48:16.408+0000: 1159.867: [GC [PSYoungGen: 591624K->456K(709632K)] 744538K->153418K(1396608K), 0.0135190 secs] [Times: user=0.05 sys=0.00, real=0.01 secs] 
2014-07-08T05:48:17.942+0000: 1161.401: [GC [PSYoungGen: 709575K->480K(683648K)] 862537K->153490K(1370624K), 0.0053330 secs] [Times: user=0.01 sys=0.01, real=0.01 secs] 
2014-07-08T05:48:19.431+0000: 1162.890: [GC [PSYoungGen: 683616K->288K(658688K)] 836626K->153362K(1345664K), 0.0054790 secs] [Times: user=0.01 sys=0.00, real=0.01 secs] 
2014-07-08T05:48:20.822+0000: 1164.281: [GC [PSYoungGen: 658656K->612K(635392K)] 811730K->153830K(1322368K), 0.0044830 secs] [Times: user=0.01 sys=0.00, real=0.01 secs] 
2014-07-08T05:48:22.265+0000: 1165.724: [GC [PSYoungGen: 635356K->790K(613056K)] 788575K->154064K(1300032K), 0.0244730 secs] [Times: user=0.09 sys=0.00, real=0.02 secs] 
2014-07-08T05:48:23.501+0000: 1166.960: [GC [PSYoungGen: 612938K->292K(591040K)] 766213K->153734K(1278016K), 0.0092960 secs] [Times: user=0.04 sys=0.00, real=0.01 secs] 
2014-07-08T05:48:24.781+0000: 1168.240: [GC [PSYoungGen: 591012K->320K(709184K)] 744454K->153906K(1396160K), 0.0246790 secs] [Times: user=0.08 sys=0.00, real=0.03 secs] 
2014-07-08T05:48:26.301+0000: 1169.761: [GC [PSYoungGen: 709181K->256K(850944K)] 862768K->153938K(1537920K), 0.0099580 secs] [Times: user=0.03 sys=0.00, real=0.01 secs] 
2014-07-08T05:48:28.240+0000: 1171.699: [GC [PSYoungGen: 850920K->950K(1021824K)] 1004602K->154752K(1708800K), 0.0290940 secs] [Times: user=0.10 sys=0.00, real=0.03 secs] 
2014-07-08T05:48:30.339+0000: 1173.798: [GC [PSYoungGen: 1021814K->224K(980416K)] 1175616K->154114K(1667392K), 0.0107030 secs] [Times: user=0.03 sys=0.00, real=0.01 secs] 
2014-07-08T05:48:32.444+0000: 1175.903: [GC [PSYoungGen: 980343K->352K(941760K)] 1134233K->154378K(1628736K), 0.0163370 secs] [Times: user=0.07 sys=0.00, real=0.02 secs] 
2014-07-08T05:48:34.475+0000: 1177.934: [GC [PSYoungGen: 941728K->402K(904896K)] 1095754K->154596K(1591872K), 0.0072870 secs] [Times: user=0.01 sys=0.00, real=0.01 secs] 
2014-07-08T05:48:36.418+0000: 1179.877: [GC [PSYoungGen: 904850K->242K(869568K)] 1059044K->154620K(1556544K), 0.0137460 secs] [Times: user=0.05 sys=0.00, real=0.01 secs] 
2014-07-08T05:48:38.289+0000: 1181.748: [GC [PSYoungGen: 869554K->256K(836096K)] 1023932K->154698K(1523072K), 0.0076140 secs] [Times: user=0.01 sys=0.00, real=0.01 secs] 
2014-07-08T05:48:40.140+0000: 1183.599: [GC [PSYoungGen: 836096K->384K(804288K)] 990538K->154890K(1491264K), 0.0083150 secs] [Times: user=0.02 sys=0.00, real=0.01 secs] 
2014-07-08T05:48:41.804+0000: 1185.263: [GC [PSYoungGen: 804208K->356K(773888K)] 958714K->154998K(1460864K), 0.0100290 secs] [Times: user=0.04 sys=0.00, real=0.01 secs] 
2014-07-08T05:48:43.475+0000: 1186.934: [GC [PSYoungGen: 773860K->224K(744768K)] 928502K->154978K(1431744K), 0.0046380 secs] [Times: user=0.01 sys=0.00, real=0.01 secs] 
2014-07-08T05:48:45.229+0000: 1188.688: [GC [PSYoungGen: 744736K->658K(717568K)] 899490K->155556K(1404544K), 0.0104680 secs] [Times: user=0.04 sys=0.00, real=0.01 secs] 
2014-07-08T05:48:46.620+0000: 1190.079: [GC [PSYoungGen: 717522K->210K(690816K)] 872420K->155276K(1377792K), 0.0050580 secs] [Times: user=0.01 sys=0.01, real=0.00 secs] 
2014-07-08T05:48:48.177+0000: 1191.636: [GC [PSYoungGen: 690770K->932K(666432K)] 845836K->156142K(1353408K), 0.0057650 secs] [Times: user=0.02 sys=0.00, real=0.00 secs] 
2014-07-08T05:48:49.533+0000: 1192.993: [GC [PSYoungGen: 666404K->288K(641856K)] 821614K->155578K(1328832K), 0.0126140 secs] [Times: user=0.05 sys=0.00, real=0.01 secs] 
2014-07-08T05:48:50.935+0000: 1194.394: [GC [PSYoungGen: 641824K->626K(619328K)] 797114K->155996K(1306304K), 0.0064780 secs] [Times: user=0.02 sys=0.00, real=0.01 secs] 
2014-07-08T05:48:52.265+0000: 1195.724: [GC [PSYoungGen: 619314K->448K(597312K)] 774684K->155906K(1284288K), 0.0099190 secs] [Times: user=0.04 sys=0.00, real=0.01 secs] 
2014-07-08T05:48:53.534+0000: 1196.993: [GC [PSYoungGen: 597312K->192K(576256K)] 752770K->155786K(1263232K), 0.0049180 secs] [Times: user=0.01 sys=0.00, real=0.01 secs] 
2014-07-08T05:48:54.775+0000: 1198.234: [GC [PSYoungGen: 576256K->352K(556608K)] 731850K->156042K(1243584K), 0.0245420 secs] [Times: user=0.09 sys=0.00, real=0.03 secs] 
2014-07-08T05:48:56.033+0000: 1199.492: [GC [PSYoungGen: 556576K->978K(538304K)] 712266K->156756K(1225280K), 0.0051140 secs] [Times: user=0.01 sys=0.00, real=0.00 secs] 
2014-07-08T05:48:57.190+0000: 1200.649: [GC [PSYoungGen: 538258K->992K(645760K)] 694036K->156866K(1332736K), 0.0218260 secs] [Times: user=0.07 sys=0.00, real=0.02 secs] 
2014-07-08T05:48:58.513+0000: 1201.972: [GC [PSYoungGen: 645728K->192K(773888K)] 801602K->156170K(1460864K), 0.0122290 secs] [Times: user=0.05 sys=0.00, real=0.01 secs] 
2014-07-08T05:49:00.214+0000: 1203.673: [GC [PSYoungGen: 773850K->288K(745024K)] 929829K->156306K(1432000K), 0.0047640 secs] [Times: user=0.01 sys=0.00, real=0.00 secs] 
2014-07-08T05:49:01.785+0000: 1205.245: [GC [PSYoungGen: 744927K->224K(717312K)] 900945K->156322K(1404288K), 0.0114680 secs] [Times: user=0.04 sys=0.00, real=0.01 secs] 
2014-07-08T05:49:03.332+0000: 1206.791: [GC [PSYoungGen: 717202K->356K(691072K)] 873300K->156542K(1378048K), 0.0106160 secs] [Times: user=0.04 sys=0.00, real=0.01 secs] 
2014-07-08T05:49:04.818+0000: 1208.277: [GC [PSYoungGen: 691015K->256K(665856K)] 847201K->156610K(1352832K), 0.0169660 secs] [Times: user=0.06 sys=0.00, real=0.02 secs] 
2014-07-08T05:49:06.289+0000: 1209.748: [GC [PSYoungGen: 665856K->374K(642048K)] 822210K->156816K(1329024K), 0.0072920 secs] [Times: user=0.01 sys=0.00, real=0.01 secs] 
2014-07-08T05:49:07.638+0000: 1211.097: [GC [PSYoungGen: 642038K->288K(619136K)] 798480K->156810K(1306112K), 0.0076270 secs] [Times: user=0.02 sys=0.00, real=0.01 secs] 
2014-07-08T05:49:09.006+0000: 1212.466: [GC [PSYoungGen: 619104K->690K(597696K)] 775626K->157236K(1284672K), 0.0045610 secs] [Times: user=0.01 sys=0.00, real=0.01 secs] 
2014-07-08T05:49:10.282+0000: 1213.741: [GC [PSYoungGen: 597682K->192K(576384K)] 754228K->156818K(1263360K), 0.0047120 secs] [Times: user=0.01 sys=0.00, real=0.00 secs] 
2014-07-08T05:49:11.490+0000: 1214.949: [GC [PSYoungGen: 576384K->306K(556608K)] 733010K->157004K(1243584K), 0.0157380 secs] [Times: user=0.06 sys=0.00, real=0.02 secs] 
2014-07-08T05:49:12.694+0000: 1216.153: [GC [PSYoungGen: 556594K->356K(537664K)] 713292K->157134K(1224640K), 0.0114980 secs] [Times: user=0.04 sys=0.00, real=0.01 secs] 
2014-07-08T05:49:13.855+0000: 1217.315: [GC [PSYoungGen: 537607K->534K(519744K)] 694385K->157392K(1206720K), 0.0052270 secs] [Times: user=0.01 sys=0.01, real=0.00 secs] 
2014-07-08T05:49:15.073+0000: 1218.532: [GC [PSYoungGen: 519702K->640K(502464K)] 676560K->157578K(1189440K), 0.0058050 secs] [Times: user=0.02 sys=0.00, real=0.00 secs] 
2014-07-08T05:49:16.097+0000: 1219.557: [GC [PSYoungGen: 502464K->562K(485824K)] 659402K->157644K(1172800K), 0.0043100 secs] [Times: user=0.01 sys=0.00, real=0.00 secs] 
2014-07-08T05:49:17.146+0000: 1220.605: [GC [PSYoungGen: 485750K->722K(470208K)] 642832K->157876K(1157184K), 0.0087940 secs] [Times: user=0.01 sys=0.00, real=0.01 secs] 
2014-07-08T05:49:18.143+0000: 1221.602: [GC [PSYoungGen: 470162K->594K(454976K)] 627316K->157796K(1141952K), 0.0055330 secs] [Times: user=0.01 sys=0.00, real=0.00 secs] 
2014-07-08T05:49:19.087+0000: 1222.546: [GC [PSYoungGen: 454863K->598K(440512K)] 612066K->157840K(1127488K), 0.0047020 secs] [Times: user=0.02 sys=0.01, real=0.01 secs] 
2014-07-08T05:49:20.109+0000: 1223.569: [GC [PSYoungGen: 440470K->996K(427072K)] 597712K->158430K(1114048K), 0.0071220 secs] [Times: user=0.02 sys=0.00, real=0.01 secs] 
2014-07-08T05:49:20.981+0000: 1224.440: [GC [PSYoungGen: 427044K->434K(413248K)] 584478K->158052K(1100224K), 0.0056900 secs] [Times: user=0.01 sys=0.00, real=0.01 secs] 
2014-07-08T05:49:21.832+0000: 1225.291: [GC [PSYoungGen: 413145K->224K(400384K)] 570763K->157970K(1087360K), 0.0082500 secs] [Times: user=0.02 sys=0.01, real=0.00 secs] 
2014-07-08T05:49:22.699+0000: 1226.158: [GC [PSYoungGen: 400352K->242K(388224K)] 558098K->158084K(1075200K), 0.0046920 secs] [Times: user=0.01 sys=0.01, real=0.01 secs] 
2014-07-08T05:49:23.532+0000: 1226.991: [GC [PSYoungGen: 388210K->288K(376640K)] 546052K->158258K(1063616K), 0.0148860 secs] [Times: user=0.05 sys=0.00, real=0.02 secs] 
2014-07-08T05:49:24.345+0000: 1227.805: [GC [PSYoungGen: 376608K->338K(451968K)] 534578K->158380K(1138944K), 0.0118790 secs] [Times: user=0.04 sys=0.00, real=0.01 secs] 
2014-07-08T05:49:25.313+0000: 1228.772: [GC [PSYoungGen: 451922K->160K(437440K)] 609964K->158258K(1124416K), 0.0062990 secs] [Times: user=0.02 sys=0.00, real=0.01 secs] 
2014-07-08T05:49:26.353+0000: 1229.812: [GC [PSYoungGen: 437344K->762K(424320K)] 595442K->158916K(1111296K), 0.0049970 secs] [Times: user=0.02 sys=0.00, real=0.01 secs] 
2014-07-08T05:49:27.236+0000: 1230.695: [GC [PSYoungGen: 424284K->452K(508800K)] 582438K->158686K(1195776K), 0.0237810 secs] [Times: user=0.09 sys=0.00, real=0.02 secs] 
2014-07-08T05:49:28.306+0000: 1231.765: [GC [PSYoungGen: 508740K->416K(610432K)] 666974K->158738K(1297408K), 0.0193630 secs] [Times: user=0.06 sys=0.00, real=0.02 secs] 
2014-07-08T05:49:29.595+0000: 1233.054: [GC [PSYoungGen: 610397K->178K(732224K)] 768719K->158524K(1419200K), 0.0036370 secs] [Times: user=0.01 sys=0.01, real=0.00 secs] 
2014-07-08T05:49:31.214+0000: 1234.673: [GC [PSYoungGen: 732208K->658K(879168K)] 890554K->159044K(1566144K), 0.0281610 secs] [Times: user=0.10 sys=0.00, real=0.03 secs] 
2014-07-08T05:49:33.082+0000: 1236.541: [GC [PSYoungGen: 879122K->530K(1054784K)] 1037508K->159036K(1741760K), 0.0047130 secs] [Times: user=0.01 sys=0.00, real=0.01 secs] 
2014-07-08T05:49:35.362+0000: 1238.821: [GC [PSYoungGen: 1054738K->352K(1012288K)] 1213244K->159042K(1699264K), 0.0124600 secs] [Times: user=0.04 sys=0.00, real=0.01 secs] 
2014-07-08T05:49:37.568+0000: 1241.027: [GC [PSYoungGen: 1012256K->576K(972160K)] 1170946K->159410K(1659136K), 0.0077560 secs] [Times: user=0.01 sys=0.00, real=0.01 secs] 
2014-07-08T05:49:39.627+0000: 1243.087: [GC [PSYoungGen: 972160K->160K(933440K)] 1130994K->159082K(1620416K), 0.0122940 secs] [Times: user=0.04 sys=0.00, real=0.01 secs] 
2014-07-08T05:49:41.639+0000: 1245.099: [GC [PSYoungGen: 933408K->288K(897024K)] 1092330K->159282K(1584000K), 0.0079480 secs] [Times: user=0.02 sys=0.00, real=0.01 secs] 
2014-07-08T05:49:43.632+0000: 1247.091: [GC [PSYoungGen: 896992K->416K(862336K)] 1055986K->159594K(1549312K), 0.0073110 secs] [Times: user=0.01 sys=0.00, real=0.01 secs] 
2014-07-08T05:49:45.439+0000: 1248.898: [GC [PSYoungGen: 862241K->384K(829120K)] 1021419K->159754K(1516096K), 0.0068060 secs] [Times: user=0.01 sys=0.00, real=0.00 secs] 
2014-07-08T05:49:47.226+0000: 1250.685: [GC [PSYoungGen: 829120K->384K(797568K)] 988490K->159906K(1484544K), 0.0154130 secs] [Times: user=0.05 sys=0.00, real=0.02 secs] 
2014-07-08T05:49:48.935+0000: 1252.395: [GC [PSYoungGen: 797568K->594K(767744K)] 957090K->160196K(1454720K), 0.0099680 secs] [Times: user=0.04 sys=0.00, real=0.01 secs] 
2014-07-08T05:49:50.592+0000: 1254.051: [GC [PSYoungGen: 767698K->288K(738752K)] 927300K->159946K(1425728K), 0.0037840 secs] [Times: user=0.01 sys=0.01, real=0.00 secs] 
2014-07-08T05:49:52.201+0000: 1255.660: [GC [PSYoungGen: 738720K->594K(711744K)] 898378K->160364K(1398720K), 0.0062580 secs] [Times: user=0.01 sys=0.00, real=0.01 secs] 
2014-07-08T05:49:53.687+0000: 1257.146: [GC [PSYoungGen: 711698K->256K(685312K)] 871468K->160186K(1372288K), 0.0045720 secs] [Times: user=0.02 sys=0.00, real=0.01 secs] 
2014-07-08T05:49:55.331+0000: 1258.790: [GC [PSYoungGen: 685312K->882K(661120K)] 845242K->161044K(1348096K), 0.0047880 secs] [Times: user=0.01 sys=0.01, real=0.00 secs] 
2014-07-08T05:49:56.601+0000: 1260.060: [GC [PSYoungGen: 661104K->448K(636992K)] 821267K->160770K(1323968K), 0.0094900 secs] [Times: user=0.03 sys=0.00, real=0.01 secs] 
2014-07-08T05:49:57.973+0000: 1261.433: [GC [PSYoungGen: 636989K->434K(614400K)] 797312K->160892K(1301376K), 0.0064220 secs] [Times: user=0.02 sys=0.00, real=0.01 secs] 
2014-07-08T05:49:59.276+0000: 1262.735: [GC [PSYoungGen: 614386K->242K(592640K)] 774844K->160732K(1279616K), 0.0093500 secs] [Times: user=0.01 sys=0.00, real=0.01 secs] 
2014-07-08T05:50:00.688+0000: 1264.147: [GC [PSYoungGen: 592624K->480K(572288K)] 753114K->161034K(1259264K), 0.0056710 secs] [Times: user=0.01 sys=0.00, real=0.00 secs] 
2014-07-08T05:50:01.791+0000: 1265.250: [GC [PSYoungGen: 572200K->374K(552512K)] 732755K->161032K(1239488K), 0.0140560 secs] [Times: user=0.05 sys=0.00, real=0.01 secs] 
2014-07-08T05:50:03.001+0000: 1266.460: [GC [PSYoungGen: 552497K->790K(534144K)] 713155K->161560K(1221120K), 0.0062210 secs] [Times: user=0.02 sys=0.00, real=0.00 secs] 
2014-07-08T05:50:04.199+0000: 1267.658: [GC [PSYoungGen: 534102K->630K(516032K)] 694872K->161552K(1203008K), 0.0105190 secs] [Times: user=0.04 sys=0.00, real=0.01 secs] 
2014-07-08T05:50:05.346+0000: 1268.806: [GC [PSYoungGen: 516002K->698K(498944K)] 676924K->161708K(1185920K), 0.0063550 secs] [Times: user=0.01 sys=0.00, real=0.01 secs] 
2014-07-08T05:50:06.417+0000: 1269.876: [GC [PSYoungGen: 498938K->690K(482560K)] 659948K->161796K(1169536K), 0.0111960 secs] [Times: user=0.04 sys=0.00, real=0.01 secs] 
2014-07-08T05:50:07.357+0000: 1270.817: [GC [PSYoungGen: 482546K->416K(578688K)] 643652K->161610K(1265664K), 0.0273350 secs] [Times: user=0.10 sys=0.00, real=0.03 secs] 
2014-07-08T05:50:08.594+0000: 1272.053: [GC [PSYoungGen: 578610K->228K(694144K)] 739804K->161462K(1381120K), 0.0103210 secs] [Times: user=0.04 sys=0.00, real=0.01 secs] 
2014-07-08T05:50:10.133+0000: 1273.592: [GC [PSYoungGen: 694116K->818K(669440K)] 855350K->162100K(1356416K), 0.0046620 secs] [Times: user=0.01 sys=0.00, real=0.00 secs] 
2014-07-08T05:50:11.536+0000: 1274.995: [GC [PSYoungGen: 669421K->292K(644800K)] 830703K->161630K(1331776K), 0.0127340 secs] [Times: user=0.04 sys=0.00, real=0.01 secs] 
2014-07-08T05:50:12.934+0000: 1276.393: [GC [PSYoungGen: 644772K->754K(622272K)] 806110K->162220K(1309248K), 0.0129290 secs] [Times: user=0.04 sys=0.00, real=0.01 secs] 
2014-07-08T05:50:14.312+0000: 1277.771: [GC [PSYoungGen: 622258K->370K(599936K)] 783724K->161988K(1286912K), 0.0051090 secs] [Times: user=0.01 sys=0.00, real=0.00 secs] 
2014-07-08T05:50:15.560+0000: 1279.019: [GC [PSYoungGen: 599922K->192K(578816K)] 761540K->161930K(1265792K), 0.0102510 secs] [Times: user=0.04 sys=0.01, real=0.01 secs] 
2014-07-08T05:50:16.802+0000: 1280.261: [GC [PSYoungGen: 578813K->320K(558976K)] 740551K->162146K(1245952K), 0.0141950 secs] [Times: user=0.05 sys=0.00, real=0.01 secs] 
2014-07-08T05:50:18.047+0000: 1281.506: [GC [PSYoungGen: 558976K->736K(540352K)] 720802K->162610K(1227328K), 0.0059190 secs] [Times: user=0.01 sys=0.00, real=0.01 secs] 
2014-07-08T05:50:19.202+0000: 1282.661: [GC [PSYoungGen: 540228K->406K(521792K)] 702103K->162328K(1208768K), 0.0049760 secs] [Times: user=0.01 sys=0.00, real=0.00 secs] 
2014-07-08T05:50:20.427+0000: 1283.886: [GC [PSYoungGen: 521750K->960K(504896K)] 683672K->162978K(1191872K), 0.0080280 secs] [Times: user=0.01 sys=0.00, real=0.01 secs] 
2014-07-08T05:50:21.374+0000: 1284.833: [GC [PSYoungGen: 504880K->260K(487616K)] 666898K->162350K(1174592K), 0.0104840 secs] [Times: user=0.04 sys=0.00, real=0.01 secs] 
2014-07-08T05:50:22.428+0000: 1285.887: [GC [PSYoungGen: 487556K->224K(471616K)] 649646K->162402K(1158592K), 0.0071390 secs] [Times: user=0.01 sys=0.00, real=0.01 secs] 
2014-07-08T05:50:23.500+0000: 1286.960: [GC [PSYoungGen: 471584K->480K(456640K)] 633762K->162754K(1143616K), 0.0049510 secs] [Times: user=0.02 sys=0.00, real=0.01 secs] 
2014-07-08T05:50:24.429+0000: 1287.888: [GC [PSYoungGen: 456608K->192K(441792K)] 618882K->162570K(1128768K), 0.0059440 secs] [Times: user=0.01 sys=0.00, real=0.01 secs] 
2014-07-08T05:50:25.398+0000: 1288.857: [GC [PSYoungGen: 441792K->946K(428672K)] 604170K->163388K(1115648K), 0.0073040 secs] [Times: user=0.02 sys=0.00, real=0.01 secs] 
2014-07-08T05:50:26.312+0000: 1289.771: [GC [PSYoungGen: 428658K->224K(414656K)] 591100K->162722K(1101632K), 0.0050060 secs] [Times: user=0.01 sys=0.00, real=0.00 secs] 
2014-07-08T05:50:27.232+0000: 1290.691: [GC [PSYoungGen: 414624K->338K(402048K)] 577122K->162892K(1089024K), 0.0044180 secs] [Times: user=0.01 sys=0.00, real=0.00 secs] 
2014-07-08T05:50:28.090+0000: 1291.549: [GC [PSYoungGen: 402002K->804K(390272K)] 564556K->163414K(1077248K), 0.0058920 secs] [Times: user=0.02 sys=0.00, real=0.01 secs] 
2014-07-08T05:50:28.901+0000: 1292.360: [GC [PSYoungGen: 390169K->498K(378240K)] 552780K->163132K(1065216K), 0.0038450 secs] [Times: user=0.01 sys=0.00, real=0.01 secs] 
2014-07-08T05:50:29.706+0000: 1293.165: [GC [PSYoungGen: 378226K->352K(366912K)] 540860K->163034K(1053888K), 0.0069780 secs] [Times: user=0.01 sys=0.00, real=0.00 secs] 
2014-07-08T05:50:30.531+0000: 1293.990: [GC [PSYoungGen: 366880K->1032K(356864K)] 529562K->163794K(1043840K), 0.0131160 secs] [Times: user=0.05 sys=0.01, real=0.02 secs] 
2014-07-08T05:50:31.298+0000: 1294.757: [GC [PSYoungGen: 356713K->502K(345984K)] 519475K->163352K(1032960K), 0.0081170 secs] [Times: user=0.03 sys=0.00, real=0.01 secs] 
2014-07-08T05:50:32.028+0000: 1295.487: [GC [PSYoungGen: 345891K->758K(336384K)] 508742K->163688K(1023360K), 0.0047690 secs] [Times: user=0.01 sys=0.00, real=0.01 secs] 
2014-07-08T05:50:32.738+0000: 1296.197: [GC [PSYoungGen: 336374K->530K(403328K)] 499304K->163532K(1090304K), 0.0353520 secs] [Times: user=0.12 sys=0.00, real=0.04 secs] 
2014-07-08T05:50:33.602+0000: 1297.061: [GC [PSYoungGen: 403282K->242K(483584K)] 566284K->163308K(1170560K), 0.0208330 secs] [Times: user=0.07 sys=0.00, real=0.02 secs] 
2014-07-08T05:50:34.646+0000: 1298.106: [GC [PSYoungGen: 483520K->224K(580288K)] 646586K->163354K(1267264K), 0.0041950 secs] [Times: user=0.01 sys=0.00, real=0.00 secs] 
2014-07-08T05:50:35.984+0000: 1299.443: [GC [PSYoungGen: 580256K->1142K(697216K)] 743386K->164320K(1384192K), 0.0056520 secs] [Times: user=0.01 sys=0.00, real=0.00 secs] 
2014-07-08T05:50:37.395+0000: 1300.854: [GC [PSYoungGen: 697205K->192K(835520K)] 860383K->163466K(1522496K), 0.0043880 secs] [Times: user=0.01 sys=0.00, real=0.00 secs] 
2014-07-08T05:50:39.215+0000: 1302.674: [GC [PSYoungGen: 835520K->388K(803904K)] 998794K->163742K(1490880K), 0.0073200 secs] [Times: user=0.03 sys=0.00, real=0.00 secs] 
2014-07-08T05:50:40.942+0000: 1304.401: [GC [PSYoungGen: 803844K->726K(773824K)] 967198K->164136K(1460800K), 0.0056540 secs] [Times: user=0.01 sys=0.00, real=0.01 secs] 
2014-07-08T05:50:42.583+0000: 1306.043: [GC [PSYoungGen: 773782K->516K(928256K)] 937192K->164046K(1615232K), 0.0338950 secs] [Times: user=0.12 sys=0.00, real=0.04 secs] 
2014-07-08T05:50:44.581+0000: 1308.040: [GC [PSYoungGen: 928196K->256K(891648K)] 1091726K->163946K(1578624K), 0.0044630 secs] [Times: user=0.02 sys=0.00, real=0.01 secs] 
2014-07-08T05:50:46.506+0000: 1309.965: [GC [PSYoungGen: 891648K->224K(857088K)] 1055338K->164034K(1544064K), 0.0153640 secs] [Times: user=0.06 sys=0.00, real=0.01 secs] 
2014-07-08T05:50:48.384+0000: 1311.843: [GC [PSYoungGen: 857055K->320K(824256K)] 1020865K->164242K(1511232K), 0.0215560 secs] [Times: user=0.07 sys=0.00, real=0.02 secs] 
2014-07-08T05:50:50.160+0000: 1313.619: [GC [PSYoungGen: 824256K->544K(989312K)] 988178K->164578K(1676288K), 0.0357200 secs] [Times: user=0.12 sys=0.00, real=0.03 secs] 
2014-07-08T05:50:52.288+0000: 1315.747: [GC [PSYoungGen: 989280K->964K(950592K)] 1153314K->165062K(1637568K), 0.0071190 secs] [Times: user=0.01 sys=0.01, real=0.00 secs] 
2014-07-08T05:50:54.330+0000: 1317.789: [GC [PSYoungGen: 950532K->466K(912768K)] 1114630K->164756K(1599744K), 0.0062670 secs] [Times: user=0.01 sys=0.00, real=0.00 secs] 
2014-07-08T05:50:56.306+0000: 1319.765: [GC [PSYoungGen: 912722K->288K(877056K)] 1077012K->164738K(1564032K), 0.0039420 secs] [Times: user=0.02 sys=0.00, real=0.01 secs] 
2014-07-08T05:50:58.160+0000: 1321.619: [GC [PSYoungGen: 877017K->904K(843840K)] 1041468K->165482K(1530816K), 0.0077790 secs] [Times: user=0.01 sys=0.00, real=0.01 secs] 
2014-07-08T05:50:59.966+0000: 1323.425: [GC [PSYoungGen: 843784K->736K(811392K)] 1008362K->165410K(1498368K), 0.0313380 secs] [Times: user=0.10 sys=0.00, real=0.04 secs] 
2014-07-08T05:51:01.686+0000: 1325.145: [GC [PSYoungGen: 811306K->484K(780416K)] 975980K->165278K(1467392K), 0.0120030 secs] [Times: user=0.03 sys=0.00, real=0.01 secs] 
2014-07-08T05:51:03.375+0000: 1326.834: [GC [PSYoungGen: 780388K->676K(751360K)] 945182K->165638K(1438336K), 0.0152570 secs] [Times: user=0.06 sys=0.00, real=0.02 secs] 
2014-07-08T05:51:05.095+0000: 1328.554: [GC [PSYoungGen: 751332K->914K(723712K)] 916294K->166004K(1410688K), 0.0129560 secs] [Times: user=0.05 sys=0.00, real=0.02 secs] 
2014-07-08T05:51:06.559+0000: 1330.018: [GC [PSYoungGen: 723666K->352K(696512K)] 888756K->165578K(1383488K), 0.0040780 secs] [Times: user=0.02 sys=0.00, real=0.00 secs] 
2014-07-08T05:51:08.073+0000: 1331.532: [GC [PSYoungGen: 696480K->608K(671424K)] 861706K->165962K(1358400K), 0.0057770 secs] [Times: user=0.01 sys=0.01, real=0.01 secs] 
2014-07-08T05:51:09.488+0000: 1332.947: [GC [PSYoungGen: 671392K->288K(646912K)] 836746K->165714K(1333888K), 0.0079950 secs] [Times: user=0.02 sys=0.00, real=0.01 secs] 
2014-07-08T05:51:10.885+0000: 1334.344: [GC [PSYoungGen: 646847K->566K(624064K)] 812274K->166048K(1311040K), 0.0148660 secs] [Times: user=0.06 sys=0.01, real=0.02 secs] 
2014-07-08T05:51:12.268+0000: 1335.727: [GC [PSYoungGen: 624054K->384K(601856K)] 789536K->165938K(1288832K), 0.0123990 secs] [Times: user=0.03 sys=0.00, real=0.02 secs] 
2014-07-08T05:51:13.517+0000: 1336.977: [GC [PSYoungGen: 601853K->342K(580864K)] 767407K->166080K(1267840K), 0.0040980 secs] [Times: user=0.01 sys=0.00, real=0.01 secs] 
2014-07-08T05:51:14.776+0000: 1338.236: [GC [PSYoungGen: 580822K->160K(560576K)] 746560K->165978K(1247552K), 0.0081060 secs] [Times: user=0.03 sys=0.00, real=0.01 secs] 
2014-07-08T05:51:15.995+0000: 1339.454: [GC [PSYoungGen: 560544K->416K(541696K)] 726362K->166298K(1228672K), 0.0053250 secs] [Times: user=0.01 sys=0.01, real=0.01 secs] 
2014-07-08T05:51:17.212+0000: 1340.671: [GC [PSYoungGen: 541664K->384K(523328K)] 707546K->166298K(1210304K), 0.0046810 secs] [Times: user=0.02 sys=0.00, real=0.00 secs] 
2014-07-08T05:51:18.332+0000: 1341.791: [GC [PSYoungGen: 523328K->192K(505664K)] 689242K->166250K(1192640K), 0.0252000 secs] [Times: user=0.08 sys=0.00, real=0.02 secs] 
2014-07-08T05:51:19.381+0000: 1342.840: [GC [PSYoungGen: 505651K->260K(489088K)] 671710K->166366K(1176064K), 0.0112820 secs] [Times: user=0.03 sys=0.00, real=0.01 secs] 
2014-07-08T05:51:20.434+0000: 1343.893: [GC [PSYoungGen: 489028K->224K(473024K)] 655134K->166378K(1160000K), 0.0087950 secs] [Times: user=0.02 sys=0.01, real=0.01 secs] 
2014-07-08T05:51:21.469+0000: 1344.929: [GC [PSYoungGen: 472992K->352K(457856K)] 639146K->166570K(1144832K), 0.0038460 secs] [Times: user=0.01 sys=0.00, real=0.01 secs] 
2014-07-08T05:51:22.504+0000: 1345.963: [GC [PSYoungGen: 457774K->388K(443328K)] 623992K->166718K(1130304K), 0.0047440 secs] [Times: user=0.01 sys=0.00, real=0.00 secs] 
2014-07-08T05:51:23.402+0000: 1346.861: [GC [PSYoungGen: 443268K->228K(429184K)] 609598K->166686K(1116160K), 0.0056440 secs] [Times: user=0.01 sys=0.00, real=0.00 secs] 
2014-07-08T05:51:24.346+0000: 1347.805: [GC [PSYoungGen: 429098K->160K(415744K)] 595556K->166682K(1102720K), 0.0046270 secs] [Times: user=0.01 sys=0.00, real=0.00 secs] 
2014-07-08T05:51:25.248+0000: 1348.708: [GC [PSYoungGen: 415710K->324K(403136K)] 582232K->166902K(1090112K), 0.0112470 secs] [Times: user=0.04 sys=0.00, real=0.01 secs] 
2014-07-08T05:51:26.116+0000: 1349.575: [GC [PSYoungGen: 403069K->352K(390912K)] 569648K->166978K(1077888K), 0.0047620 secs] [Times: user=0.02 sys=0.00, real=0.00 secs] 
2014-07-08T05:51:26.945+0000: 1350.404: [GC [PSYoungGen: 390880K->548K(379392K)] 557506K->167206K(1066368K), 0.0085260 secs] [Times: user=0.03 sys=0.00, real=0.01 secs] 
2014-07-08T05:51:27.783+0000: 1351.242: [GC [PSYoungGen: 379364K->388K(368000K)] 546022K->167110K(1054976K), 0.0039450 secs] [Times: user=0.01 sys=0.00, real=0.00 secs] 
2014-07-08T05:51:28.542+0000: 1352.001: [GC [PSYoungGen: 367940K->192K(356992K)] 534662K->166970K(1043968K), 0.0044080 secs] [Times: user=0.01 sys=0.00, real=0.00 secs] 
2014-07-08T05:51:29.334+0000: 1352.794: [GC [PSYoungGen: 356992K->192K(346688K)] 523770K->167002K(1033664K), 0.0045530 secs] [Times: user=0.01 sys=0.00, real=0.00 secs] 
2014-07-08T05:51:30.090+0000: 1353.549: [GC [PSYoungGen: 346688K->740K(416576K)] 513498K->167606K(1103552K), 0.0296370 secs] [Times: user=0.07 sys=0.00, real=0.03 secs] 
2014-07-08T05:51:30.970+0000: 1354.429: [GC [PSYoungGen: 416548K->626K(499648K)] 583414K->167580K(1186624K), 0.0073760 secs] [Times: user=0.01 sys=0.00, real=0.01 secs] 
2014-07-08T05:51:32.055+0000: 1355.514: [GC [PSYoungGen: 499631K->858K(599744K)] 666585K->167868K(1286720K), 0.0063520 secs] [Times: user=0.02 sys=0.00, real=0.00 secs] 
2014-07-08T05:51:33.440+0000: 1356.899: [GC [PSYoungGen: 599608K->420K(719104K)] 766618K->167862K(1406080K), 0.0252830 secs] [Times: user=0.08 sys=0.00, real=0.03 secs] 
2014-07-08T05:51:34.868+0000: 1358.327: [GC [PSYoungGen: 719076K->256K(862656K)] 886518K->167850K(1549632K), 0.0047010 secs] [Times: user=0.01 sys=0.00, real=0.00 secs] 
2014-07-08T05:51:36.720+0000: 1360.179: [GC [PSYoungGen: 862647K->420K(829696K)] 1030241K->168150K(1516672K), 0.0135650 secs] [Times: user=0.05 sys=0.00, real=0.02 secs] 
2014-07-08T05:51:38.578+0000: 1362.037: [GC [PSYoungGen: 829668K->516K(798208K)] 997398K->168350K(1485184K), 0.0131800 secs] [Times: user=0.05 sys=0.00, real=0.01 secs] 
2014-07-08T05:51:40.242+0000: 1363.701: [GC [PSYoungGen: 798148K->384K(767936K)] 965982K->168314K(1454912K), 0.0122840 secs] [Times: user=0.04 sys=0.00, real=0.02 secs] 
2014-07-08T05:51:41.879+0000: 1365.338: [GC [PSYoungGen: 767936K->256K(739136K)] 935866K->168250K(1426112K), 0.0053160 secs] [Times: user=0.01 sys=0.00, real=0.00 secs] 
2014-07-08T05:51:43.468+0000: 1366.927: [GC [PSYoungGen: 739136K->192K(711744K)] 907130K->168322K(1398720K), 0.0047210 secs] [Times: user=0.01 sys=0.00, real=0.00 secs] 
2014-07-08T05:51:45.016+0000: 1368.475: [GC [PSYoungGen: 711744K->416K(685888K)] 879874K->168690K(1372864K), 0.0104200 secs] [Times: user=0.03 sys=0.00, real=0.01 secs] 
2014-07-08T05:51:46.524+0000: 1369.983: [GC [PSYoungGen: 685829K->868K(661440K)] 854103K->169582K(1348416K), 0.0063720 secs] [Times: user=0.02 sys=0.00, real=0.01 secs] 
2014-07-08T05:51:47.900+0000: 1371.359: [GC [PSYoungGen: 661412K->512K(637312K)] 830126K->169314K(1324288K), 0.0085770 secs] [Times: user=0.02 sys=0.00, real=0.01 secs] 
2014-07-08T05:51:49.299+0000: 1372.758: [GC [PSYoungGen: 637312K->256K(614400K)] 806114K->169194K(1301376K), 0.0048330 secs] [Times: user=0.01 sys=0.00, real=0.00 secs] 
2014-07-08T05:51:50.659+0000: 1374.119: [GC [PSYoungGen: 614400K->626K(593216K)] 783338K->169636K(1280192K), 0.0262440 secs] [Times: user=0.10 sys=0.00, real=0.03 secs] 
2014-07-08T05:51:51.874+0000: 1375.333: [GC [PSYoungGen: 593202K->224K(572224K)] 762212K->169306K(1259200K), 0.0136130 secs] [Times: user=0.05 sys=0.00, real=0.02 secs] 
2014-07-08T05:51:53.127+0000: 1376.586: [GC [PSYoungGen: 572192K->704K(552960K)] 741274K->169930K(1239936K), 0.0062910 secs] [Times: user=0.01 sys=0.00, real=0.00 secs] 
2014-07-08T05:51:54.299+0000: 1377.758: [GC [PSYoungGen: 552960K->224K(533696K)] 722186K->169554K(1220672K), 0.0155450 secs] [Times: user=0.06 sys=0.00, real=0.01 secs] 
2014-07-08T05:51:55.444+0000: 1378.904: [GC [PSYoungGen: 533664K->210K(640384K)] 702994K->169604K(1327360K), 0.0144440 secs] [Times: user=0.05 sys=0.00, real=0.02 secs] 
2014-07-08T05:51:56.849+0000: 1380.308: [GC [PSYoungGen: 640338K->384K(617728K)] 809732K->169858K(1304704K), 0.0114480 secs] [Times: user=0.05 sys=0.00, real=0.01 secs] 
2014-07-08T05:51:58.203+0000: 1381.662: [GC [PSYoungGen: 617728K->704K(741568K)] 787202K->170274K(1428544K), 0.0246640 secs] [Times: user=0.08 sys=0.00, real=0.03 secs] 
2014-07-08T05:51:59.759+0000: 1383.218: [GC [PSYoungGen: 741568K->256K(889344K)] 911138K->169914K(1576320K), 0.0259270 secs] [Times: user=0.09 sys=0.00, real=0.02 secs] 
2014-07-08T05:52:01.731+0000: 1385.191: [GC [PSYoungGen: 889329K->1078K(1068032K)] 1058987K->171040K(1755008K), 0.0052520 secs] [Times: user=0.02 sys=0.00, real=0.00 secs] 
2014-07-08T05:52:03.983+0000: 1387.442: [GC [PSYoungGen: 1068022K->786K(1024832K)] 1237984K->170892K(1711808K), 0.0196790 secs] [Times: user=0.08 sys=0.00, real=0.02 secs] 
2014-07-08T05:52:06.236+0000: 1389.695: [GC [PSYoungGen: 1024786K->740K(983872K)] 1194892K->171110K(1670848K), 0.0052160 secs] [Times: user=0.02 sys=0.01, real=0.01 secs] 
2014-07-08T05:52:08.350+0000: 1391.809: [GC [PSYoungGen: 983844K->370K(944576K)] 1154214K->170836K(1631552K), 0.0049260 secs] [Times: user=0.01 sys=0.00, real=0.00 secs] 
2014-07-08T05:52:10.342+0000: 1393.801: [GC [PSYoungGen: 944562K->320K(907456K)] 1115028K->170914K(1594432K), 0.0067740 secs] [Times: user=0.02 sys=0.00, real=0.01 secs] 
2014-07-08T05:52:12.350+0000: 1395.809: [GC [PSYoungGen: 907456K->544K(872448K)] 1078050K->171226K(1559424K), 0.0130500 secs] [Times: user=0.03 sys=0.00, real=0.01 secs] 
2014-07-08T05:52:14.279+0000: 1397.739: [GC [PSYoungGen: 872416K->850K(839168K)] 1043098K->171732K(1526144K), 0.0086890 secs] [Times: user=0.02 sys=0.00, real=0.00 secs] 
2014-07-08T05:52:15.987+0000: 1399.446: [GC [PSYoungGen: 839122K->672K(806976K)] 1010004K->171738K(1493952K), 0.0060680 secs] [Times: user=0.01 sys=0.01, real=0.01 secs] 
2014-07-08T05:52:17.704+0000: 1401.163: [GC [PSYoungGen: 806944K->192K(775936K)] 978010K->171314K(1462912K), 0.0049550 secs] [Times: user=0.02 sys=0.00, real=0.00 secs] 
2014-07-08T05:52:19.490+0000: 1402.949: [GC [PSYoungGen: 775936K->576K(747264K)] 947058K->171802K(1434240K), 0.0099470 secs] [Times: user=0.03 sys=0.00, real=0.01 secs] 
2014-07-08T05:52:21.021+0000: 1404.480: [GC [PSYoungGen: 747264K->1092K(720128K)] 918490K->172414K(1407104K), 0.0067320 secs] [Times: user=0.02 sys=0.00, real=0.00 secs] 
2014-07-08T05:52:22.544+0000: 1406.003: [GC [PSYoungGen: 720064K->320K(692864K)] 891387K->171722K(1379840K), 0.0071840 secs] [Times: user=0.01 sys=0.01, real=0.01 secs] 
2014-07-08T05:52:24.071+0000: 1407.530: [GC [PSYoungGen: 692864K->864K(668224K)] 864266K->172418K(1355200K), 0.0056620 secs] [Times: user=0.01 sys=0.00, real=0.00 secs] 
2014-07-08T05:52:25.526+0000: 1408.986: [GC [PSYoungGen: 668191K->320K(643584K)] 839745K->171954K(1330560K), 0.0054580 secs] [Times: user=0.01 sys=0.00, real=0.01 secs] 
2014-07-08T05:52:26.867+0000: 1410.326: [GC [PSYoungGen: 643584K->384K(620736K)] 815218K->172162K(1307712K), 0.0235210 secs] [Times: user=0.09 sys=0.00, real=0.02 secs] 
2014-07-08T05:52:28.279+0000: 1411.738: [GC [PSYoungGen: 620736K->868K(599360K)] 792514K->172710K(1286336K), 0.0069320 secs] [Times: user=0.02 sys=0.00, real=0.01 secs] 
2014-07-08T05:52:29.496+0000: 1412.955: [GC [PSYoungGen: 599332K->224K(577856K)] 771174K->172210K(1264832K), 0.0076670 secs] [Times: user=0.02 sys=0.00, real=0.01 secs] 
2014-07-08T05:52:30.777+0000: 1414.236: [GC [PSYoungGen: 577824K->416K(558080K)] 749810K->172458K(1245056K), 0.0150900 secs] [Times: user=0.05 sys=0.00, real=0.02 secs] 
2014-07-08T05:52:31.945+0000: 1415.404: [GC [PSYoungGen: 558048K->594K(539264K)] 730090K->172748K(1226240K), 0.0069220 secs] [Times: user=0.01 sys=0.00, real=0.01 secs] 
2014-07-08T05:52:33.140+0000: 1416.599: [GC [PSYoungGen: 539218K->1028K(521536K)] 711372K->173270K(1208512K), 0.0079430 secs] [Times: user=0.01 sys=0.00, real=0.01 secs] 
2014-07-08T05:52:34.285+0000: 1417.744: [GC [PSYoungGen: 521475K->950K(504064K)] 693717K->173360K(1191040K), 0.0081470 secs] [Times: user=0.01 sys=0.00, real=0.01 secs] 
2014-07-08T05:52:35.336+0000: 1418.795: [GC [PSYoungGen: 504054K->256K(486784K)] 676464K->172738K(1173760K), 0.0048570 secs] [Times: user=0.01 sys=0.00, real=0.00 secs] 
2014-07-08T05:52:36.453+0000: 1419.912: [GC [PSYoungGen: 486762K->658K(471360K)] 659244K->173196K(1158336K), 0.0197900 secs] [Times: user=0.06 sys=0.00, real=0.02 secs] 
2014-07-08T05:52:37.450+0000: 1420.909: [GC [PSYoungGen: 471314K->452K(565312K)] 643852K->173070K(1252288K), 0.0171670 secs] [Times: user=0.06 sys=0.00, real=0.02 secs] 
2014-07-08T05:52:38.603+0000: 1422.062: [GC [PSYoungGen: 565252K->192K(677952K)] 737870K->172890K(1364928K), 0.0087130 secs] [Times: user=0.03 sys=0.00, real=0.00 secs] 
2014-07-08T05:52:40.094+0000: 1423.553: [GC [PSYoungGen: 677885K->1064K(654336K)] 850583K->173826K(1341312K), 0.0074900 secs] [Times: user=0.01 sys=0.01, real=0.00 secs] 
2014-07-08T05:52:41.551+0000: 1425.010: [GC [PSYoungGen: 654308K->608K(630528K)] 827070K->173434K(1317504K), 0.0083440 secs] [Times: user=0.01 sys=0.00, real=0.01 secs] 
2014-07-08T05:52:42.835+0000: 1426.294: [GC [PSYoungGen: 630437K->452K(608064K)] 803264K->173422K(1295040K), 0.0151280 secs] [Times: user=0.06 sys=0.00, real=0.01 secs] 
2014-07-08T05:52:44.186+0000: 1427.646: [GC [PSYoungGen: 608004K->672K(586944K)] 780974K->173778K(1273920K), 0.0051560 secs] [Times: user=0.02 sys=0.00, real=0.00 secs] 
2014-07-08T05:52:45.409+0000: 1428.868: [GC [PSYoungGen: 586912K->192K(566080K)] 760018K->173378K(1253056K), 0.0057800 secs] [Times: user=0.01 sys=0.00, real=0.01 secs] 
2014-07-08T05:52:46.631+0000: 1430.090: [GC [PSYoungGen: 566080K->128K(546624K)] 739266K->173378K(1233600K), 0.0041920 secs] [Times: user=0.01 sys=0.00, real=0.01 secs] 
2014-07-08T05:52:47.890+0000: 1431.349: [GC [PSYoungGen: 546624K->498K(528448K)] 719874K->173812K(1215424K), 0.0074660 secs] [Times: user=0.02 sys=0.00, real=0.01 secs] 
2014-07-08T05:52:48.951+0000: 1432.410: [GC [PSYoungGen: 528434K->470K(510720K)] 701748K->173896K(1197696K), 0.0046020 secs] [Times: user=0.01 sys=0.00, real=0.01 secs] 
2014-07-08T05:52:50.077+0000: 1433.536: [GC [PSYoungGen: 510678K->512K(493824K)] 684104K->173978K(1180800K), 0.0111740 secs] [Times: user=0.04 sys=0.00, real=0.01 secs] 
2014-07-08T05:52:51.129+0000: 1434.588: [GC [PSYoungGen: 493824K->544K(477696K)] 667290K->174074K(1164672K), 0.0044640 secs] [Times: user=0.02 sys=0.00, real=0.00 secs] 
2014-07-08T05:52:52.173+0000: 1435.632: [GC [PSYoungGen: 477664K->640K(462272K)] 651194K->174242K(1149248K), 0.0051540 secs] [Times: user=0.02 sys=0.00, real=0.01 secs] 
2014-07-08T05:52:53.227+0000: 1436.686: [GC [PSYoungGen: 462272K->996K(447872K)] 635874K->174886K(1134848K), 0.0075970 secs] [Times: user=0.01 sys=0.01, real=0.01 secs] 
2014-07-08T05:52:54.111+0000: 1437.570: [GC [PSYoungGen: 447844K->384K(433088K)] 621734K->174418K(1120064K), 0.0042620 secs] [Times: user=0.01 sys=0.00, real=0.01 secs] 
2014-07-08T05:52:55.051+0000: 1438.510: [GC [PSYoungGen: 432992K->384K(519680K)] 607026K->174514K(1206656K), 0.0247220 secs] [Times: user=0.09 sys=0.00, real=0.03 secs] 
2014-07-08T05:52:56.178+0000: 1439.638: [GC [PSYoungGen: 519680K->736K(502720K)] 693810K->174922K(1189696K), 0.0060270 secs] [Times: user=0.01 sys=0.00, real=0.00 secs] 
2014-07-08T05:52:57.302+0000: 1440.761: [GC [PSYoungGen: 502688K->722K(486144K)] 676874K->174972K(1173120K), 0.0112890 secs] [Times: user=0.04 sys=0.00, real=0.01 secs] 
2014-07-08T05:52:58.332+0000: 1441.791: [GC [PSYoungGen: 486098K->666K(470272K)] 660348K->174972K(1157248K), 0.0062640 secs] [Times: user=0.02 sys=0.00, real=0.01 secs] 
2014-07-08T05:52:59.413+0000: 1442.872: [GC [PSYoungGen: 470234K->740K(564288K)] 644540K->175126K(1251264K), 0.0254570 secs] [Times: user=0.10 sys=0.00, real=0.03 secs] 
2014-07-08T05:53:00.511+0000: 1443.970: [GC [PSYoungGen: 564237K->470K(676736K)] 738623K->174952K(1363712K), 0.0100050 secs] [Times: user=0.04 sys=0.00, real=0.01 secs] 
2014-07-08T05:53:01.963+0000: 1445.423: [GC [PSYoungGen: 676627K->420K(811968K)] 851109K->174966K(1498944K), 0.0172760 secs] [Times: user=0.06 sys=0.00, real=0.02 secs] 
2014-07-08T05:53:03.711+0000: 1447.170: [GC [PSYoungGen: 811940K->466K(974336K)] 986486K->175140K(1661312K), 0.0214420 secs] [Times: user=0.08 sys=0.00, real=0.02 secs] 
2014-07-08T05:53:05.806+0000: 1449.265: [GC [PSYoungGen: 974257K->484K(935872K)] 1148931K->175334K(1622848K), 0.0080000 secs] [Times: user=0.03 sys=0.00, real=0.01 secs] 
2014-07-08T05:53:07.822+0000: 1451.282: [GC [PSYoungGen: 935844K->288K(899072K)] 1110694K->175234K(1586048K), 0.0053370 secs] [Times: user=0.02 sys=0.00, real=0.01 secs] 
2014-07-08T05:53:09.764+0000: 1453.223: [GC [PSYoungGen: 899040K->192K(864064K)] 1073986K->175194K(1551040K), 0.0128180 secs] [Times: user=0.05 sys=0.00, real=0.01 secs] 
2014-07-08T05:53:11.639+0000: 1455.099: [GC [PSYoungGen: 863984K->192K(830848K)] 1038986K->175242K(1517824K), 0.0085930 secs] [Times: user=0.01 sys=0.00, real=0.01 secs] 
2014-07-08T05:53:13.472+0000: 1456.931: [GC [PSYoungGen: 830844K->384K(799360K)] 1005894K->175530K(1486336K), 0.0116320 secs] [Times: user=0.03 sys=0.00, real=0.01 secs] 
2014-07-08T05:53:15.188+0000: 1458.647: [GC [PSYoungGen: 799342K->886K(769728K)] 974488K->176248K(1456704K), 0.0059750 secs] [Times: user=0.02 sys=0.00, real=0.00 secs] 
2014-07-08T05:53:16.805+0000: 1460.264: [GC [PSYoungGen: 769713K->342K(740480K)] 945075K->175784K(1427456K), 0.0039330 secs] [Times: user=0.01 sys=0.00, real=0.01 secs] 
2014-07-08T05:53:18.504+0000: 1461.963: [GC [PSYoungGen: 740433K->900K(713664K)] 915875K->176430K(1400640K), 0.0062810 secs] [Times: user=0.02 sys=0.00, real=0.01 secs] 
2014-07-08T05:53:19.947+0000: 1463.406: [GC [PSYoungGen: 713604K->402K(687040K)] 889134K->176052K(1374016K), 0.0263490 secs] [Times: user=0.09 sys=0.00, real=0.03 secs] 
2014-07-08T05:53:21.421+0000: 1464.881: [GC [PSYoungGen: 686994K->192K(661824K)] 862644K->175874K(1348800K), 0.0046940 secs] [Times: user=0.01 sys=0.00, real=0.00 secs] 
2014-07-08T05:53:22.873+0000: 1466.332: [GC [PSYoungGen: 661824K->320K(638208K)] 837506K->176106K(1325184K), 0.0050440 secs] [Times: user=0.02 sys=0.00, real=0.00 secs] 
2014-07-08T05:53:24.325+0000: 1467.785: [GC [PSYoungGen: 638208K->466K(615744K)] 813994K->176396K(1302720K), 0.0260270 secs] [Times: user=0.09 sys=0.00, real=0.03 secs] 
2014-07-08T05:53:25.565+0000: 1469.024: [GC [PSYoungGen: 615697K->274K(593920K)] 791627K->176364K(1280896K), 0.0085590 secs] [Times: user=0.03 sys=0.00, real=0.01 secs] 
2014-07-08T05:53:26.851+0000: 1470.310: [GC [PSYoungGen: 593874K->594K(573568K)] 769964K->176764K(1260544K), 0.0106930 secs] [Times: user=0.05 sys=0.00, real=0.01 secs] 
2014-07-08T05:53:28.153+0000: 1471.613: [GC [PSYoungGen: 573522K->946K(688512K)] 749692K->177172K(1375488K), 0.0215400 secs] [Times: user=0.08 sys=0.00, real=0.02 secs] 
2014-07-08T05:53:29.612+0000: 1473.071: [GC [PSYoungGen: 688494K->256K(662848K)] 864720K->176562K(1349824K), 0.0050470 secs] [Times: user=0.02 sys=0.00, real=0.00 secs] 
2014-07-08T05:53:30.990+0000: 1474.449: [GC [PSYoungGen: 662848K->374K(639168K)] 839154K->176752K(1326144K), 0.0044540 secs] [Times: user=0.01 sys=0.00, real=0.00 secs] 
2014-07-08T05:53:32.370+0000: 1475.830: [GC [PSYoungGen: 639158K->192K(616256K)] 815536K->176626K(1303232K), 0.0168530 secs] [Times: user=0.06 sys=0.00, real=0.02 secs] 
2014-07-08T05:53:33.707+0000: 1477.166: [GC [PSYoungGen: 616256K->370K(594752K)] 792690K->176932K(1281728K), 0.0194590 secs] [Times: user=0.08 sys=0.00, real=0.02 secs] 
2014-07-08T05:53:35.056+0000: 1478.515: [GC [PSYoungGen: 594738K->708K(574464K)] 771300K->177398K(1261440K), 0.0087610 secs] [Times: user=0.03 sys=0.00, real=0.01 secs] 
2014-07-08T05:53:36.318+0000: 1479.778: [GC [PSYoungGen: 574324K->854K(554816K)] 751014K->177640K(1241792K), 0.0058380 secs] [Times: user=0.01 sys=0.00, real=0.01 secs] 
2014-07-08T05:53:37.436+0000: 1480.895: [GC [PSYoungGen: 554774K->242K(535296K)] 731560K->177100K(1222272K), 0.0157330 secs] [Times: user=0.06 sys=0.01, real=0.02 secs] 
2014-07-08T05:53:38.612+0000: 1482.071: [GC [PSYoungGen: 535282K->324K(642432K)] 712140K->177230K(1329408K), 0.0158960 secs] [Times: user=0.06 sys=0.00, real=0.01 secs] 
2014-07-08T05:53:39.989+0000: 1483.448: [GC [PSYoungGen: 642372K->544K(619776K)] 819278K->177538K(1306752K), 0.0052870 secs] [Times: user=0.01 sys=0.01, real=0.01 secs] 
2014-07-08T05:53:41.342+0000: 1484.801: [GC [PSYoungGen: 619727K->648K(598080K)] 796722K->177698K(1285056K), 0.0166380 secs] [Times: user=0.06 sys=0.00, real=0.01 secs] 
2014-07-08T05:53:42.618+0000: 1486.077: [GC [PSYoungGen: 598024K->338K(717248K)] 775074K->177524K(1404224K), 0.0204600 secs] [Times: user=0.08 sys=0.00, real=0.02 secs] 
2014-07-08T05:53:44.188+0000: 1487.647: [GC [PSYoungGen: 717202K->562K(691136K)] 894388K->177860K(1378112K), 0.0059000 secs] [Times: user=0.01 sys=0.00, real=0.01 secs] 
2014-07-08T05:53:45.653+0000: 1489.112: [GC [PSYoungGen: 691122K->256K(828928K)] 868420K->177714K(1515904K), 0.0292080 secs] [Times: user=0.10 sys=0.00, real=0.03 secs] 
2014-07-08T05:53:47.442+0000: 1490.901: [GC [PSYoungGen: 828928K->388K(994880K)] 1006386K->177902K(1681856K), 0.0109460 secs] [Times: user=0.03 sys=0.01, real=0.01 secs] 
2014-07-08T05:53:49.597+0000: 1493.056: [GC [PSYoungGen: 994820K->352K(1193728K)] 1172334K->177994K(1880704K), 0.0307630 secs] [Times: user=0.10 sys=0.00, real=0.03 secs] 
2014-07-08T05:53:52.346+0000: 1495.805: [GC [PSYoungGen: 1193696K->932K(1145280K)] 1371338K->178886K(1832256K), 0.0049900 secs] [Times: user=0.02 sys=0.00, real=0.00 secs] 
2014-07-08T05:53:54.659+0000: 1498.118: [GC [PSYoungGen: 1145252K->448K(1098112K)] 1323206K->178634K(1785088K), 0.0074610 secs] [Times: user=0.01 sys=0.00, real=0.01 secs] 
2014-07-08T05:53:57.048+0000: 1500.508: [GC [PSYoungGen: 1098112K->690K(1053952K)] 1276298K->179108K(1740928K), 0.0101860 secs] [Times: user=0.02 sys=0.01, real=0.01 secs] 
2014-07-08T05:53:59.386+0000: 1502.845: [GC [PSYoungGen: 1053938K->658K(1011648K)] 1232356K->179196K(1698624K), 0.0306730 secs] [Times: user=0.11 sys=0.00, real=0.03 secs] 
2014-07-08T05:54:01.492+0000: 1504.951: [GC [PSYoungGen: 1011602K->256K(970944K)] 1190140K->178962K(1657920K), 0.0133460 secs] [Times: user=0.05 sys=0.00, real=0.02 secs] 
2014-07-08T05:54:03.606+0000: 1507.065: [GC [PSYoungGen: 970944K->384K(932736K)] 1149650K->179218K(1619712K), 0.0082770 secs] [Times: user=0.03 sys=0.00, real=0.00 secs] 
2014-07-08T05:54:05.614+0000: 1509.073: [GC [PSYoungGen: 932733K->452K(896384K)] 1111567K->179510K(1583360K), 0.0141400 secs] [Times: user=0.04 sys=0.00, real=0.02 secs] 
2014-07-08T05:54:07.555+0000: 1511.014: [GC [PSYoungGen: 896324K->406K(861568K)] 1075382K->179560K(1548544K), 0.0128380 secs] [Times: user=0.05 sys=0.00, real=0.02 secs] 
2014-07-08T05:54:09.405+0000: 1512.864: [GC [PSYoungGen: 861526K->388K(828480K)] 1040680K->179630K(1515456K), 0.0173080 secs] [Times: user=0.06 sys=0.00, real=0.02 secs] 
2014-07-08T05:54:11.222+0000: 1514.681: [GC [PSYoungGen: 828420K->740K(797248K)] 1007662K->180110K(1484224K), 0.0064900 secs] [Times: user=0.01 sys=0.00, real=0.01 secs] 
2014-07-08T05:54:12.912+0000: 1516.371: [GC [PSYoungGen: 797220K->320K(956096K)] 976590K->179802K(1643072K), 0.0373350 secs] [Times: user=0.12 sys=0.00, real=0.04 secs] 
2014-07-08T05:54:14.976+0000: 1518.435: [GC [PSYoungGen: 956096K->576K(1147520K)] 1135578K->180178K(1834496K), 0.0193830 secs] [Times: user=0.07 sys=0.01, real=0.02 secs] 
2014-07-08T05:54:17.457+0000: 1520.916: [GC [PSYoungGen: 1147505K->224K(1100416K)] 1327107K->179986K(1787392K), 0.0051180 secs] [Times: user=0.01 sys=0.00, real=0.00 secs] 
2014-07-08T05:54:19.828+0000: 1523.287: [GC [PSYoungGen: 1100305K->356K(1056000K)] 1280067K->180254K(1742976K), 0.0080060 secs] [Times: user=0.02 sys=0.00, real=0.00 secs] 
2014-07-08T05:54:22.136+0000: 1525.595: [GC [PSYoungGen: 1055972K->754K(1014016K)] 1235870K->180788K(1700992K), 0.0175360 secs] [Times: user=0.07 sys=0.01, real=0.02 secs] 
2014-07-08T05:54:24.390+0000: 1527.849: [GC [PSYoungGen: 1013920K->822K(973696K)] 1193954K->181040K(1660672K), 0.0301030 secs] [Times: user=0.11 sys=0.00, real=0.03 secs] 
2014-07-08T05:54:26.401+0000: 1529.860: [GC [PSYoungGen: 973686K->224K(934720K)] 1153904K->180642K(1621696K), 0.0169290 secs] [Times: user=0.05 sys=0.00, real=0.01 secs] 
2014-07-08T05:54:28.415+0000: 1531.874: [GC [PSYoungGen: 934688K->224K(898112K)] 1115106K->180754K(1585088K), 0.0213240 secs] [Times: user=0.08 sys=0.00, real=0.02 secs] 
2014-07-08T05:54:30.427+0000: 1533.886: [GC [PSYoungGen: 898080K->736K(1078208K)] 1078610K->181338K(1765184K), 0.0396020 secs] [Times: user=0.14 sys=0.00, real=0.04 secs] 
2014-07-08T05:54:32.671+0000: 1536.130: [GC [PSYoungGen: 1078176K->352K(1034368K)] 1258778K->181066K(1721344K), 0.0079090 secs] [Times: user=0.03 sys=0.00, real=0.00 secs] 
2014-07-08T05:54:34.921+0000: 1538.380: [GC [PSYoungGen: 1034336K->338K(1241216K)] 1215050K->181252K(1928192K), 0.0335690 secs] [Times: user=0.12 sys=0.00, real=0.03 secs] 
2014-07-08T05:54:37.583+0000: 1541.042: [GC [PSYoungGen: 1241170K->320K(1189824K)] 1422084K->181394K(1876800K), 0.0095590 secs] [Times: user=0.02 sys=0.00, real=0.01 secs] 
2014-07-08T05:54:40.153+0000: 1543.612: [GC [PSYoungGen: 1189824K->352K(1141056K)] 1370898K->181594K(1828032K), 0.0146500 secs] [Times: user=0.06 sys=0.00, real=0.01 secs] 
2014-07-08T05:54:42.612+0000: 1546.071: [GC [PSYoungGen: 1141023K->320K(1094528K)] 1322265K->181658K(1781504K), 0.0063230 secs] [Times: user=0.02 sys=0.00, real=0.00 secs] 
2014-07-08T05:54:44.990+0000: 1548.449: [GC [PSYoungGen: 1094528K->608K(1050624K)] 1275866K->182178K(1737600K), 0.0212130 secs] [Times: user=0.06 sys=0.00, real=0.02 secs] 
2014-07-08T05:54:47.311+0000: 1550.770: [GC [PSYoungGen: 1050592K->832K(1008704K)] 1232162K->182562K(1695680K), 0.0054690 secs] [Times: user=0.01 sys=0.00, real=0.01 secs] 
2014-07-08T05:54:49.458+0000: 1552.917: [GC [PSYoungGen: 1008704K->256K(968000K)] 1190434K->182122K(1654976K), 0.0060400 secs] [Times: user=0.01 sys=0.01, real=0.01 secs] 
2014-07-08T05:54:51.575+0000: 1555.034: [GC [PSYoungGen: 967988K->712K(930304K)] 1149854K->182690K(1617280K), 0.0053380 secs] [Times: user=0.01 sys=0.00, real=0.00 secs] 
2014-07-08T05:54:53.529+0000: 1556.989: [GC [PSYoungGen: 930248K->384K(893568K)] 1112226K->182530K(1580544K), 0.0096370 secs] [Times: user=0.03 sys=0.00, real=0.01 secs] 
2014-07-08T05:54:55.468+0000: 1558.927: [GC [PSYoungGen: 893568K->256K(858816K)] 1075714K->182546K(1545792K), 0.0041420 secs] [Times: user=0.01 sys=0.00, real=0.00 secs] 
2014-07-08T05:54:57.435+0000: 1560.894: [GC [PSYoungGen: 858815K->658K(826304K)] 1041105K->183108K(1513280K), 0.0062380 secs] [Times: user=0.02 sys=0.00, real=0.00 secs] 
2014-07-08T05:54:59.196+0000: 1562.655: [GC [PSYoungGen: 826258K->1078K(795264K)] 1008708K->183784K(1482240K), 0.0296800 secs] [Times: user=0.08 sys=0.00, real=0.03 secs] 
2014-07-08T05:55:00.810+0000: 1564.270: [GC [PSYoungGen: 795254K->256K(764480K)] 977960K->183034K(1451456K), 0.0177890 secs] [Times: user=0.07 sys=0.00, real=0.02 secs] 
2014-07-08T05:55:02.513+0000: 1565.972: [GC [PSYoungGen: 764480K->704K(736384K)] 947258K->183594K(1423360K), 0.0076320 secs] [Times: user=0.02 sys=0.01, real=0.01 secs] 
2014-07-08T05:55:04.070+0000: 1567.530: [GC [PSYoungGen: 736384K->736K(709248K)] 919274K->183826K(1396224K), 0.0279200 secs] [Times: user=0.10 sys=0.00, real=0.03 secs] 
2014-07-08T05:55:05.579+0000: 1569.038: [GC [PSYoungGen: 709216K->256K(682816K)] 892306K->183474K(1369792K), 0.0054890 secs] [Times: user=0.02 sys=0.00, real=0.01 secs] 
2014-07-08T05:55:07.063+0000: 1570.522: [GC [PSYoungGen: 682789K->658K(658496K)] 866007K->184012K(1345472K), 0.0088160 secs] [Times: user=0.02 sys=0.00, real=0.01 secs] 
2014-07-08T05:55:08.550+0000: 1572.009: [GC [PSYoungGen: 658450K->612K(634816K)] 841804K->184014K(1321792K), 0.0201090 secs] [Times: user=0.08 sys=0.00, real=0.02 secs] 
2014-07-08T05:55:09.845+0000: 1573.304: [GC [PSYoungGen: 634786K->402K(612096K)] 818188K->183892K(1299072K), 0.0120330 secs] [Times: user=0.05 sys=0.01, real=0.01 secs] 
2014-07-08T05:55:11.181+0000: 1574.640: [GC [PSYoungGen: 612050K->530K(590720K)] 795540K->184100K(1277696K), 0.0046340 secs] [Times: user=0.02 sys=0.00, real=0.00 secs] 
2014-07-08T05:55:12.438+0000: 1575.897: [GC [PSYoungGen: 590674K->224K(569920K)] 774244K->183874K(1256896K), 0.0151380 secs] [Times: user=0.05 sys=0.00, real=0.01 secs] 
2014-07-08T05:55:13.682+0000: 1577.141: [GC [PSYoungGen: 569869K->388K(550528K)] 753520K->184182K(1237504K), 0.0067890 secs] [Times: user=0.01 sys=0.00, real=0.01 secs] 
2014-07-08T05:55:14.895+0000: 1578.354: [GC [PSYoungGen: 550468K->644K(532096K)] 734262K->184518K(1219072K), 0.0056160 secs] [Times: user=0.01 sys=0.00, real=0.01 secs] 
2014-07-08T05:55:16.032+0000: 1579.491: [GC [PSYoungGen: 532036K->544K(514112K)] 715910K->184554K(1201088K), 0.0104690 secs] [Times: user=0.03 sys=0.00, real=0.01 secs] 
2014-07-08T05:55:17.159+0000: 1580.618: [GC [PSYoungGen: 514080K->640K(497088K)] 698090K->184706K(1184064K), 0.0071870 secs] [Times: user=0.02 sys=0.00, real=0.01 secs] 
2014-07-08T05:55:18.228+0000: 1581.687: [GC [PSYoungGen: 497088K->818K(480960K)] 681154K->184948K(1167936K), 0.0057350 secs] [Times: user=0.02 sys=0.00, real=0.00 secs] 
2014-07-08T05:55:19.291+0000: 1582.751: [GC [PSYoungGen: 480946K->932K(465472K)] 665076K->185086K(1152448K), 0.0053160 secs] [Times: user=0.01 sys=0.00, real=0.00 secs] 
2014-07-08T05:55:20.345+0000: 1583.804: [GC [PSYoungGen: 465425K->424K(450048K)] 649579K->185130K(1137024K), 0.0059870 secs] [Times: user=0.01 sys=0.00, real=0.01 secs] 
2014-07-08T05:55:21.266+0000: 1584.725: [GC [PSYoungGen: 450024K->1138K(436480K)] 634730K->185932K(1123456K), 0.0063500 secs] [Times: user=0.01 sys=0.00, real=0.01 secs] 
2014-07-08T05:55:22.165+0000: 1585.625: [GC [PSYoungGen: 436466K->466K(422208K)] 621260K->185444K(1109184K), 0.0052820 secs] [Times: user=0.02 sys=0.00, real=0.01 secs] 
2014-07-08T05:55:23.074+0000: 1586.533: [GC [PSYoungGen: 422126K->676K(409344K)] 607104K->185710K(1096320K), 0.0057430 secs] [Times: user=0.01 sys=0.00, real=0.01 secs] 
2014-07-08T05:55:23.945+0000: 1587.404: [GC [PSYoungGen: 409315K->342K(396544K)] 594350K->185456K(1083520K), 0.0131880 secs] [Times: user=0.05 sys=0.00, real=0.02 secs] 
2014-07-08T05:55:24.896+0000: 1588.355: [GC [PSYoungGen: 396502K->544K(475968K)] 581616K->185730K(1162944K), 0.0209540 secs] [Times: user=0.08 sys=0.00, real=0.02 secs] 
2014-07-08T05:55:25.828+0000: 1589.287: [GC [PSYoungGen: 475936K->338K(570880K)] 661122K->185652K(1257856K), 0.0062090 secs] [Times: user=0.02 sys=0.00, real=0.01 secs] 
2014-07-08T05:55:27.073+0000: 1590.532: [GC [PSYoungGen: 570834K->790K(551680K)] 756148K->186176K(1238656K), 0.0057430 secs] [Times: user=0.02 sys=0.00, real=0.01 secs] 
2014-07-08T05:55:28.307+0000: 1591.766: [GC [PSYoungGen: 551638K->996K(533120K)] 737024K->186446K(1220096K), 0.0066640 secs] [Times: user=0.01 sys=0.00, real=0.01 secs] 
2014-07-08T05:55:29.425+0000: 1592.884: [GC [PSYoungGen: 533092K->338K(514560K)] 718542K->185860K(1201536K), 0.0081820 secs] [Times: user=0.01 sys=0.00, real=0.01 secs] 
2014-07-08T05:55:30.591+0000: 1594.050: [GC [PSYoungGen: 514513K->722K(497856K)] 700036K->186308K(1184832K), 0.0105280 secs] [Times: user=0.01 sys=0.00, real=0.01 secs] 
2014-07-08T05:55:31.589+0000: 1595.048: [GC [PSYoungGen: 497810K->224K(481024K)] 683396K->185906K(1168000K), 0.0038480 secs] [Times: user=0.01 sys=0.00, real=0.00 secs] 
2014-07-08T05:55:32.629+0000: 1596.088: [GC [PSYoungGen: 480992K->128K(465280K)] 666674K->185898K(1152256K), 0.0045680 secs] [Times: user=0.01 sys=0.00, real=0.01 secs] 
2014-07-08T05:55:33.634+0000: 1597.093: [GC [PSYoungGen: 465280K->160K(450432K)] 651050K->186026K(1137408K), 0.0085590 secs] [Times: user=0.03 sys=0.00, real=0.01 secs] 
2014-07-08T05:55:34.661+0000: 1598.120: [GC [PSYoungGen: 450400K->1256K(437248K)] 636266K->187218K(1124224K), 0.0099660 secs] [Times: user=0.02 sys=0.00, real=0.01 secs] 
2014-07-08T05:55:35.657+0000: 1599.117: [GC [PSYoungGen: 437224K->612K(422912K)] 623186K->186670K(1109888K), 0.0066430 secs] [Times: user=0.01 sys=0.00, real=0.01 secs] 
2014-07-08T05:55:36.500+0000: 1599.959: [GC [PSYoungGen: 422861K->292K(409536K)] 608919K->186446K(1096512K), 0.0045680 secs] [Times: user=0.01 sys=0.00, real=0.00 secs] 
2014-07-08T05:55:37.391+0000: 1600.850: [GC [PSYoungGen: 409508K->224K(396928K)] 595662K->186450K(1083904K), 0.0034650 secs] [Times: user=0.01 sys=0.00, real=0.00 secs] 
2014-07-08T05:55:38.251+0000: 1601.711: [GC [PSYoungGen: 396896K->512K(385216K)] 583122K->186770K(1072192K), 0.0059480 secs] [Times: user=0.01 sys=0.01, real=0.00 secs] 
2014-07-08T05:55:39.061+0000: 1602.520: [GC [PSYoungGen: 385216K->548K(373824K)] 571474K->186822K(1060800K), 0.0060020 secs] [Times: user=0.02 sys=0.00, real=0.00 secs] 
2014-07-08T05:55:39.863+0000: 1603.322: [GC [PSYoungGen: 373716K->192K(362432K)] 559990K->186482K(1049408K), 0.0046070 secs] [Times: user=0.01 sys=0.00, real=0.00 secs] 
2014-07-08T05:55:40.649+0000: 1604.108: [GC [PSYoungGen: 362384K->292K(352000K)] 548674K->186646K(1038976K), 0.0129550 secs] [Times: user=0.04 sys=0.00, real=0.02 secs] 
2014-07-08T05:55:41.502+0000: 1604.961: [GC [PSYoungGen: 351949K->758K(342336K)] 538303K->187136K(1029312K), 0.0048800 secs] [Times: user=0.01 sys=0.00, real=0.00 secs] 
2014-07-08T05:55:42.166+0000: 1605.625: [GC [PSYoungGen: 342326K->576K(332416K)] 528704K->187082K(1019392K), 0.0047940 secs] [Times: user=0.01 sys=0.00, real=0.01 secs] 
2014-07-08T05:55:42.867+0000: 1606.326: [GC [PSYoungGen: 332414K->160K(322752K)] 518920K->186714K(1009728K), 0.0062890 secs] [Times: user=0.02 sys=0.00, real=0.01 secs] 
2014-07-08T05:55:43.566+0000: 1607.026: [GC [PSYoungGen: 322718K->352K(313984K)] 509272K->186994K(1000960K), 0.0075530 secs] [Times: user=0.02 sys=0.00, real=0.01 secs] 
2014-07-08T05:55:44.275+0000: 1607.734: [GC [PSYoungGen: 313950K->690K(305728K)] 500593K->187396K(992704K), 0.0054920 secs] [Times: user=0.02 sys=0.00, real=0.00 secs] 
2014-07-08T05:55:44.907+0000: 1608.366: [GC [PSYoungGen: 305617K->228K(366336K)] 492324K->186966K(1053312K), 0.0177460 secs] [Times: user=0.06 sys=0.00, real=0.02 secs] 
2014-07-08T05:55:45.702+0000: 1609.161: [GC [PSYoungGen: 366224K->274K(439616K)] 552962K->187100K(1126592K), 0.0072140 secs] [Times: user=0.02 sys=0.01, real=0.00 secs] 
2014-07-08T05:55:46.693+0000: 1610.152: [GC [PSYoungGen: 439570K->256K(527424K)] 626396K->187122K(1214400K), 0.0054720 secs] [Times: user=0.02 sys=0.00, real=0.00 secs] 
2014-07-08T05:55:47.800+0000: 1611.259: [GC [PSYoungGen: 527423K->580K(510144K)] 714289K->187534K(1197120K), 0.0079850 secs] [Times: user=0.02 sys=0.00, real=0.01 secs] 
2014-07-08T05:55:48.899+0000: 1612.358: [GC [PSYoungGen: 510084K->224K(492864K)] 697038K->187234K(1179840K), 0.0060930 secs] [Times: user=0.02 sys=0.00, real=0.01 secs] 
2014-07-08T05:55:49.971+0000: 1613.430: [GC [PSYoungGen: 492832K->402K(476928K)] 679842K->187476K(1163904K), 0.0101940 secs] [Times: user=0.03 sys=0.01, real=0.01 secs] 
2014-07-08T05:55:50.991+0000: 1614.450: [GC [PSYoungGen: 476882K->516K(461632K)] 663956K->187654K(1148608K), 0.0055750 secs] [Times: user=0.01 sys=0.00, real=0.01 secs] 
2014-07-08T05:55:52.005+0000: 1615.464: [GC [PSYoungGen: 461572K->658K(446976K)] 648710K->187876K(1133952K), 0.0083480 secs] [Times: user=0.02 sys=0.00, real=0.01 secs] 
2014-07-08T05:55:52.962+0000: 1616.421: [GC [PSYoungGen: 446832K->324K(432512K)] 634050K->187670K(1119488K), 0.0077550 secs] [Times: user=0.02 sys=0.00, real=0.01 secs] 
2014-07-08T05:55:53.895+0000: 1617.354: [GC [PSYoungGen: 432452K->256K(518848K)] 619798K->187690K(1205824K), 0.0170530 secs] [Times: user=0.06 sys=0.00, real=0.02 secs] 
2014-07-08T05:55:55.073+0000: 1618.532: [GC [PSYoungGen: 518848K->740K(502080K)] 706282K->188246K(1189056K), 0.0052520 secs] [Times: user=0.02 sys=0.00, real=0.00 secs] 
2014-07-08T05:55:56.135+0000: 1619.594: [GC [PSYoungGen: 502052K->576K(485376K)] 689558K->188162K(1172352K), 0.0040850 secs] [Times: user=0.01 sys=0.00, real=0.00 secs] 
2014-07-08T05:55:57.232+0000: 1620.691: [GC [PSYoungGen: 485376K->1024K(470016K)] 672962K->188706K(1156992K), 0.0066730 secs] [Times: user=0.01 sys=0.00, real=0.01 secs] 
2014-07-08T05:55:58.188+0000: 1621.647: [GC [PSYoungGen: 470016K->512K(454400K)] 657698K->188306K(1141376K), 0.0089820 secs] [Times: user=0.01 sys=0.00, real=0.01 secs] 
2014-07-08T05:55:59.176+0000: 1622.635: [GC [PSYoungGen: 454400K->562K(440000K)] 642194K->188436K(1126976K), 0.0072000 secs] [Times: user=0.03 sys=0.00, real=0.01 secs] 
2014-07-08T05:56:00.173+0000: 1623.633: [GC [PSYoungGen: 439986K->658K(426304K)] 627860K->188572K(1113280K), 0.0059780 secs] [Times: user=0.01 sys=0.00, real=0.00 secs] 
2014-07-08T05:56:01.019+0000: 1624.479: [GC [PSYoungGen: 426258K->466K(412864K)] 614172K->188460K(1099840K), 0.0091560 secs] [Times: user=0.02 sys=0.01, real=0.01 secs] 
2014-07-08T05:56:01.900+0000: 1625.359: [GC [PSYoungGen: 412816K->192K(399872K)] 600810K->188234K(1086848K), 0.0051210 secs] [Times: user=0.00 sys=0.01, real=0.01 secs] 
2014-07-08T05:56:02.769+0000: 1626.228: [GC [PSYoungGen: 399871K->342K(480000K)] 587913K->188464K(1166976K), 0.0160430 secs] [Times: user=0.05 sys=0.01, real=0.02 secs] 
2014-07-08T05:56:03.809+0000: 1627.268: [GC [PSYoungGen: 479859K->192K(575744K)] 667981K->188402K(1262720K), 0.0165850 secs] [Times: user=0.06 sys=0.00, real=0.02 secs] 
2014-07-08T05:56:05.149+0000: 1628.608: [GC [PSYoungGen: 575744K->1060K(556800K)] 763954K->189414K(1243776K), 0.0074190 secs] [Times: user=0.01 sys=0.00, real=0.01 secs] 
2014-07-08T05:56:06.300+0000: 1629.759: [GC [PSYoungGen: 556761K->640K(667520K)] 745115K->189106K(1354496K), 0.0145550 secs] [Times: user=0.05 sys=0.01, real=0.02 secs] 
2014-07-08T05:56:07.687+0000: 1631.147: [GC [PSYoungGen: 667520K->356K(800640K)] 855986K->188918K(1487616K), 0.0142760 secs] [Times: user=0.05 sys=0.00, real=0.01 secs] 
2014-07-08T05:56:09.507+0000: 1632.966: [GC [PSYoungGen: 800612K->416K(770496K)] 989174K->189034K(1457472K), 0.0092930 secs] [Times: user=0.03 sys=0.00, real=0.01 secs] 
2014-07-08T05:56:11.123+0000: 1634.582: [GC [PSYoungGen: 770439K->928K(925056K)] 959057K->189666K(1612032K), 0.0285320 secs] [Times: user=0.11 sys=0.00, real=0.03 secs] 
2014-07-08T05:56:13.107+0000: 1636.566: [GC [PSYoungGen: 925024K->736K(888768K)] 1113762K->189618K(1575744K), 0.0078730 secs] [Times: user=0.02 sys=0.00, real=0.00 secs] 
2014-07-08T05:56:15.022+0000: 1638.481: [GC [PSYoungGen: 888736K->416K(854080K)] 1077618K->189474K(1541056K), 0.0061290 secs] [Times: user=0.02 sys=0.00, real=0.01 secs] 
2014-07-08T05:56:16.853+0000: 1640.312: [GC [PSYoungGen: 853960K->256K(821120K)] 1043018K->189442K(1508096K), 0.0141230 secs] [Times: user=0.05 sys=0.00, real=0.02 secs] 
2014-07-08T05:56:18.644+0000: 1642.103: [GC [PSYoungGen: 821120K->260K(789952K)] 1010306K->189574K(1476928K), 0.0049520 secs] [Times: user=0.01 sys=0.00, real=0.01 secs] 
2014-07-08T05:56:20.478+0000: 1643.937: [GC [PSYoungGen: 789892K->882K(760768K)] 979206K->190268K(1447744K), 0.0068270 secs] [Times: user=0.02 sys=0.00, real=0.00 secs] 
2014-07-08T05:56:21.977+0000: 1645.436: [GC [PSYoungGen: 760754K->320K(731840K)] 950140K->189826K(1418816K), 0.0136910 secs] [Times: user=0.05 sys=0.00, real=0.01 secs] 
2014-07-08T05:56:23.572+0000: 1647.031: [GC [PSYoungGen: 731832K->448K(704960K)] 921338K->190082K(1391936K), 0.0061720 secs] [Times: user=0.02 sys=0.00, real=0.01 secs] 
2014-07-08T05:56:25.129+0000: 1648.588: [GC [PSYoungGen: 704900K->904K(679744K)] 894535K->190698K(1366720K), 0.0056520 secs] [Times: user=0.02 sys=0.01, real=0.00 secs] 
2014-07-08T05:56:26.563+0000: 1650.022: [GC [PSYoungGen: 679688K->320K(654528K)] 869482K->190210K(1341504K), 0.0103740 secs] [Times: user=0.03 sys=0.00, real=0.01 secs] 
2014-07-08T05:56:27.979+0000: 1651.438: [GC [PSYoungGen: 654528K->288K(631104K)] 844418K->190306K(1318080K), 0.0091530 secs] [Times: user=0.03 sys=0.00, real=0.01 secs] 
2014-07-08T05:56:29.377+0000: 1652.836: [GC [PSYoungGen: 631072K->288K(608768K)] 821090K->190346K(1295744K), 0.0141720 secs] [Times: user=0.05 sys=0.00, real=0.02 secs] 
2014-07-08T05:56:30.790+0000: 1654.249: [GC [PSYoungGen: 608736K->448K(587584K)] 798794K->190602K(1274560K), 0.0152720 secs] [Times: user=0.05 sys=0.00, real=0.01 secs] 
2014-07-08T05:56:31.937+0000: 1655.396: [GC [PSYoungGen: 587543K->352K(567168K)] 777697K->190618K(1254144K), 0.0089530 secs] [Times: user=0.02 sys=0.00, real=0.01 secs] 
2014-07-08T05:56:33.185+0000: 1656.644: [GC [PSYoungGen: 567136K->690K(680896K)] 757402K->191068K(1367872K), 0.0294490 secs] [Times: user=0.11 sys=0.01, real=0.03 secs] 
2014-07-08T05:56:34.636+0000: 1658.095: [GC [PSYoungGen: 680882K->306K(816576K)] 871260K->190812K(1503552K), 0.0082820 secs] [Times: user=0.03 sys=0.00, real=0.01 secs] 
2014-07-08T05:56:36.403+0000: 1659.862: [GC [PSYoungGen: 816562K->160K(785472K)] 1007068K->190778K(1472448K), 0.0141730 secs] [Times: user=0.06 sys=0.00, real=0.01 secs] 
2014-07-08T05:56:38.109+0000: 1661.568: [GC [PSYoungGen: 785437K->740K(756544K)] 976055K->191470K(1443520K), 0.0067870 secs] [Times: user=0.02 sys=0.00, real=0.00 secs] 
2014-07-08T05:56:39.734+0000: 1663.193: [GC [PSYoungGen: 756516K->192K(727808K)] 947246K->190970K(1414784K), 0.0133050 secs] [Times: user=0.05 sys=0.00, real=0.01 secs] 
2014-07-08T05:56:41.432+0000: 1664.891: [GC [PSYoungGen: 727804K->1074K(701888K)] 918582K->191988K(1388864K), 0.0175250 secs] [Times: user=0.06 sys=0.00, real=0.02 secs] 
2014-07-08T05:56:42.831+0000: 1666.290: [GC [PSYoungGen: 701870K->320K(675520K)] 892784K->191386K(1362496K), 0.0054670 secs] [Times: user=0.01 sys=0.00, real=0.00 secs] 
2014-07-08T05:56:44.321+0000: 1667.781: [GC [PSYoungGen: 675520K->434K(651264K)] 866586K->191644K(1338240K), 0.0094350 secs] [Times: user=0.03 sys=0.00, real=0.01 secs] 
2014-07-08T05:56:45.734+0000: 1669.193: [GC [PSYoungGen: 651250K->356K(627904K)] 842460K->191670K(1314880K), 0.0042090 secs] [Times: user=0.01 sys=0.00, real=0.00 secs] 
2014-07-08T05:56:47.082+0000: 1670.541: [GC [PSYoungGen: 627832K->964K(606336K)] 819146K->192358K(1293312K), 0.0085060 secs] [Times: user=0.03 sys=0.00, real=0.01 secs] 
2014-07-08T05:56:48.409+0000: 1671.868: [GC [PSYoungGen: 606276K->562K(584704K)] 797670K->192028K(1271680K), 0.0146560 secs] [Times: user=0.04 sys=0.00, real=0.02 secs] 
2014-07-08T05:56:49.654+0000: 1673.113: [GC [PSYoungGen: 584690K->210K(564160K)] 776156K->191772K(1251136K), 0.0056380 secs] [Times: user=0.02 sys=0.00, real=0.00 secs] 
2014-07-08T05:56:50.874+0000: 1674.333: [GC [PSYoungGen: 564055K->324K(544960K)] 755617K->191926K(1231936K), 0.0102050 secs] [Times: user=0.04 sys=0.00, real=0.01 secs] 
2014-07-08T05:56:52.053+0000: 1675.512: [GC [PSYoungGen: 544900K->480K(526656K)] 736502K->192162K(1213632K), 0.0092610 secs] [Times: user=0.02 sys=0.00, real=0.01 secs] 
2014-07-08T05:56:53.217+0000: 1676.676: [GC [PSYoungGen: 526624K->704K(509248K)] 718306K->192482K(1196224K), 0.0103130 secs] [Times: user=0.03 sys=0.00, real=0.01 secs] 
2014-07-08T05:56:54.343+0000: 1677.802: [GC [PSYoungGen: 509243K->608K(492352K)] 701022K->192530K(1179328K), 0.0066850 secs] [Times: user=0.01 sys=0.00, real=0.00 secs] 
2014-07-08T05:56:55.400+0000: 1678.859: [GC [PSYoungGen: 492320K->320K(475904K)] 684242K->192314K(1162880K), 0.0143590 secs] [Times: user=0.05 sys=0.00, real=0.02 secs] 
2014-07-08T05:56:56.420+0000: 1679.879: [GC [PSYoungGen: 475904K->288K(460544K)] 667898K->192354K(1147520K), 0.0086860 secs] [Times: user=0.02 sys=0.00, real=0.01 secs] 
2014-07-08T05:56:57.410+0000: 1680.869: [GC [PSYoungGen: 460512K->352K(445888K)] 652578K->192514K(1132864K), 0.0068540 secs] [Times: user=0.01 sys=0.00, real=0.01 secs] 
2014-07-08T05:56:58.451+0000: 1681.910: [GC [PSYoungGen: 445856K->608K(432064K)] 638018K->192810K(1119040K), 0.0063140 secs] [Times: user=0.02 sys=0.00, real=0.01 secs] 
2014-07-08T05:56:59.330+0000: 1682.790: [GC [PSYoungGen: 432032K->676K(418624K)] 624234K->192942K(1105600K), 0.0059640 secs] [Times: user=0.01 sys=0.00, real=0.01 secs] 
2014-07-08T05:57:00.211+0000: 1683.670: [GC [PSYoungGen: 418596K->580K(405696K)] 610862K->192902K(1092672K), 0.0084210 secs] [Times: user=0.02 sys=0.00, real=0.01 secs] 
2014-07-08T05:57:01.096+0000: 1684.555: [GC [PSYoungGen: 405636K->512K(393216K)] 597958K->192858K(1080192K), 0.0065830 secs] [Times: user=0.01 sys=0.00, real=0.01 secs] 
2014-07-08T05:57:01.932+0000: 1685.392: [GC [PSYoungGen: 393216K->320K(381184K)] 585562K->192770K(1068160K), 0.0138300 secs] [Times: user=0.04 sys=0.00, real=0.01 secs] 
2014-07-08T05:57:02.755+0000: 1686.214: [GC [PSYoungGen: 381154K->420K(369984K)] 573604K->192974K(1056960K), 0.0073810 secs] [Times: user=0.02 sys=0.00, real=0.00 secs] 
2014-07-08T05:57:03.617+0000: 1687.076: [GC [PSYoungGen: 369956K->566K(444032K)] 562510K->193200K(1131008K), 0.0138550 secs] [Times: user=0.05 sys=0.00, real=0.01 secs] 
2014-07-08T05:57:04.520+0000: 1687.979: [GC [PSYoungGen: 444022K->192K(429632K)] 636656K->192922K(1116608K), 0.0038590 secs] [Times: user=0.01 sys=0.00, real=0.01 secs] 
2014-07-08T05:57:05.470+0000: 1688.929: [GC [PSYoungGen: 429632K->690K(416768K)] 622362K->193500K(1103744K), 0.0083410 secs] [Times: user=0.01 sys=0.00, real=0.01 secs] 
2014-07-08T05:57:06.381+0000: 1689.840: [GC [PSYoungGen: 416754K->338K(403648K)] 609564K->193196K(1090624K), 0.0047540 secs] [Times: user=0.01 sys=0.00, real=0.01 secs] 
2014-07-08T05:57:07.231+0000: 1690.690: [GC [PSYoungGen: 403602K->466K(484480K)] 596460K->193396K(1171456K), 0.0138190 secs] [Times: user=0.03 sys=0.00, real=0.02 secs] 
2014-07-08T05:57:08.312+0000: 1691.771: [GC [PSYoungGen: 484433K->722K(468992K)] 677363K->193684K(1155968K), 0.0061720 secs] [Times: user=0.02 sys=0.00, real=0.01 secs] 
2014-07-08T05:57:09.349+0000: 1692.808: [GC [PSYoungGen: 468946K->562K(562496K)] 661908K->194116K(1249472K), 0.0228820 secs] [Times: user=0.08 sys=0.00, real=0.02 secs] 
2014-07-08T05:57:10.505+0000: 1693.964: [GC [PSYoungGen: 562477K->466K(543232K)] 756031K->194084K(1230208K), 0.0034800 secs] [Times: user=0.01 sys=0.00, real=0.00 secs] 
2014-07-08T05:57:11.672+0000: 1695.132: [GC [PSYoungGen: 543186K->320K(524672K)] 736804K->194130K(1211648K), 0.0044490 secs] [Times: user=0.02 sys=0.00, real=0.01 secs] 
2014-07-08T05:57:12.802+0000: 1696.261: [GC [PSYoungGen: 524672K->224K(507072K)] 718482K->194162K(1194048K), 0.0147570 secs] [Times: user=0.06 sys=0.00, real=0.02 secs] 
2014-07-08T05:57:13.903+0000: 1697.362: [GC [PSYoungGen: 507040K->160K(490240K)] 700978K->194186K(1177216K), 0.0115860 secs] [Times: user=0.04 sys=0.00, real=0.02 secs] 
2014-07-08T05:57:14.966+0000: 1698.425: [GC [PSYoungGen: 490137K->288K(588416K)] 684163K->194386K(1275392K), 0.0124040 secs] [Times: user=0.04 sys=0.00, real=0.01 secs] 
2014-07-08T05:57:16.372+0000: 1699.832: [GC [PSYoungGen: 588384K->498K(568192K)] 782482K->194668K(1255168K), 0.0133230 secs] [Times: user=0.05 sys=0.00, real=0.02 secs] 
2014-07-08T05:57:17.525+0000: 1700.984: [GC [PSYoungGen: 568178K->320K(681536K)] 762348K->194666K(1368512K), 0.0169420 secs] [Times: user=0.07 sys=0.00, real=0.02 secs] 
2014-07-08T05:57:18.940+0000: 1702.399: [GC [PSYoungGen: 681536K->360K(656896K)] 875882K->194762K(1343872K), 0.0047350 secs] [Times: user=0.02 sys=0.00, real=0.00 secs] 
2014-07-08T05:57:20.398+0000: 1703.857: [GC [PSYoungGen: 656872K->288K(788160K)] 851274K->194730K(1475136K), 0.0219160 secs] [Times: user=0.08 sys=0.00, real=0.02 secs] 
2014-07-08T05:57:22.073+0000: 1705.533: [GC [PSYoungGen: 788095K->758K(946176K)] 982537K->195296K(1633152K), 0.0310440 secs] [Times: user=0.08 sys=0.00, real=0.03 secs] 
2014-07-08T05:57:24.125+0000: 1707.584: [GC [PSYoungGen: 946166K->946K(1135488K)] 1140704K->195668K(1822464K), 0.0140990 secs] [Times: user=0.05 sys=0.00, real=0.02 secs] 
2014-07-08T05:57:26.697+0000: 1710.156: [GC [PSYoungGen: 1135474K->370K(1088704K)] 1330196K->195496K(1775680K), 0.0044400 secs] [Times: user=0.02 sys=0.00, real=0.00 secs] 
2014-07-08T05:57:28.943+0000: 1712.402: [GC [PSYoungGen: 1088689K->416K(1044800K)] 1283815K->195792K(1731776K), 0.0175210 secs] [Times: user=0.05 sys=0.00, real=0.02 secs] 
2014-07-08T05:57:31.305+0000: 1714.765: [GC [PSYoungGen: 1044768K->1152K(1003648K)] 1240144K->196624K(1690624K), 0.0051960 secs] [Times: user=0.02 sys=0.00, real=0.01 secs] 
2014-07-08T05:57:33.409+0000: 1716.868: [GC [PSYoungGen: 1003648K->978K(963648K)] 1199120K->196602K(1650624K), 0.0164180 secs] [Times: user=0.06 sys=0.00, real=0.01 secs] 
2014-07-08T05:57:35.460+0000: 1718.919: [GC [PSYoungGen: 963602K->288K(924992K)] 1159226K->196152K(1611968K), 0.0106770 secs] [Times: user=0.04 sys=0.00, real=0.01 secs] 
2014-07-08T05:57:37.483+0000: 1720.942: [GC [PSYoungGen: 924960K->452K(889088K)] 1120824K->196428K(1576064K), 0.0101890 secs] [Times: user=0.03 sys=0.00, real=0.01 secs] 
2014-07-08T05:57:39.391+0000: 1722.850: [GC [PSYoungGen: 889019K->580K(854784K)] 1084996K->196708K(1541760K), 0.0151610 secs] [Times: user=0.06 sys=0.00, real=0.01 secs] 
2014-07-08T05:57:41.220+0000: 1724.679: [GC [PSYoungGen: 854710K->804K(822208K)] 1050838K->197028K(1509184K), 0.0250080 secs] [Times: user=0.09 sys=0.00, real=0.02 secs] 
2014-07-08T05:57:42.984+0000: 1726.444: [GC [PSYoungGen: 822179K->384K(790528K)] 1018403K->196704K(1477504K), 0.0082490 secs] [Times: user=0.03 sys=0.00, real=0.01 secs] 
2014-07-08T05:57:44.689+0000: 1728.148: [GC [PSYoungGen: 790528K->192K(760576K)] 986848K->196712K(1447552K), 0.0066550 secs] [Times: user=0.02 sys=0.00, real=0.01 secs] 
2014-07-08T05:57:46.399+0000: 1729.858: [GC [PSYoungGen: 760576K->1270K(733312K)] 957096K->197910K(1420288K), 0.0047170 secs] [Times: user=0.02 sys=0.00, real=0.01 secs] 
2014-07-08T05:57:47.922+0000: 1731.381: [GC [PSYoungGen: 733302K->434K(705472K)] 929942K->197178K(1392448K), 0.0262260 secs] [Times: user=0.09 sys=0.00, real=0.02 secs] 
2014-07-08T05:57:49.482+0000: 1732.941: [GC [PSYoungGen: 705458K->306K(679552K)] 902202K->197122K(1366528K), 0.0050970 secs] [Times: user=0.01 sys=0.00, real=0.00 secs] 
2014-07-08T05:57:50.926+0000: 1734.385: [GC [PSYoungGen: 679537K->128K(654784K)] 876353K->197056K(1341760K), 0.0047030 secs] [Times: user=0.01 sys=0.00, real=0.01 secs] 
2014-07-08T05:57:52.370+0000: 1735.829: [GC [PSYoungGen: 654684K->548K(631808K)] 851613K->197524K(1318784K), 0.0062000 secs] [Times: user=0.02 sys=0.00, real=0.00 secs] 
2014-07-08T05:57:53.784+0000: 1737.243: [GC [PSYoungGen: 631780K->594K(609472K)] 828756K->197730K(1296448K), 0.0050850 secs] [Times: user=0.01 sys=0.00, real=0.00 secs] 
2014-07-08T05:57:55.044+0000: 1738.503: [GC [PSYoungGen: 609426K->370K(587840K)] 806562K->197650K(1274816K), 0.0116350 secs] [Times: user=0.05 sys=0.00, real=0.01 secs] 
2014-07-08T05:57:56.323+0000: 1739.782: [GC [PSYoungGen: 587778K->534K(567680K)] 785058K->197878K(1254656K), 0.0129420 secs] [Times: user=0.04 sys=0.00, real=0.01 secs] 
2014-07-08T05:57:57.552+0000: 1741.011: [GC [PSYoungGen: 567638K->594K(548288K)] 764982K->197994K(1235264K), 0.0042490 secs] [Times: user=0.02 sys=0.00, real=0.00 secs] 
2014-07-08T05:57:58.735+0000: 1742.195: [GC [PSYoungGen: 548242K->438K(529536K)] 745642K->197950K(1216512K), 0.0139470 secs] [Times: user=0.05 sys=0.00, real=0.01 secs] 
2014-07-08T05:57:59.882+0000: 1743.341: [GC [PSYoungGen: 529520K->128K(511488K)] 727032K->197688K(1198464K), 0.0072090 secs] [Times: user=0.02 sys=0.00, real=0.00 secs] 
2014-07-08T05:58:01.002+0000: 1744.461: [GC [PSYoungGen: 511488K->256K(494656K)] 709048K->197880K(1181632K), 0.0062550 secs] [Times: user=0.01 sys=0.00, real=0.00 secs] 
2014-07-08T05:58:02.069+0000: 1745.528: [GC [PSYoungGen: 494656K->416K(478656K)] 692280K->198112K(1165632K), 0.0062960 secs] [Times: user=0.01 sys=0.00, real=0.01 secs] 
2014-07-08T05:58:03.114+0000: 1746.573: [GC [PSYoungGen: 478586K->576K(463296K)] 676282K->198400K(1150272K), 0.0080080 secs] [Times: user=0.02 sys=0.00, real=0.01 secs] 
2014-07-08T05:58:04.122+0000: 1747.581: [GC [PSYoungGen: 463296K->612K(448512K)] 661120K->198548K(1135488K), 0.0173000 secs] [Times: user=0.06 sys=0.00, real=0.01 secs] 
2014-07-08T05:58:05.104+0000: 1748.563: [GC [PSYoungGen: 448484K->448K(434112K)] 646420K->198440K(1121088K), 0.0065980 secs] [Times: user=0.02 sys=0.00, real=0.00 secs] 
2014-07-08T05:58:06.018+0000: 1749.477: [GC [PSYoungGen: 434112K->128K(420224K)] 632104K->198200K(1107200K), 0.0047350 secs] [Times: user=0.02 sys=0.00, real=0.01 secs] 
2014-07-08T05:58:06.935+0000: 1750.394: [GC [PSYoungGen: 420222K->224K(408128K)] 618295K->198344K(1095104K), 0.0110170 secs] [Times: user=0.02 sys=0.00, real=0.01 secs] 
2014-07-08T05:58:07.816+0000: 1751.275: [GC [PSYoungGen: 407328K->96K(488704K)] 605448K->198288K(1175680K), 0.0142360 secs] [Times: user=0.05 sys=0.00, real=0.01 secs] 
2014-07-08T05:58:08.878+0000: 1752.337: [GC [PSYoungGen: 488672K->274K(472960K)] 686864K->198498K(1159936K), 0.0050260 secs] [Times: user=0.01 sys=0.00, real=0.01 secs] 
2014-07-08T05:58:09.897+0000: 1753.356: [GC [PSYoungGen: 472914K->192K(567360K)] 671138K->198472K(1254336K), 0.0145530 secs] [Times: user=0.05 sys=0.00, real=0.01 secs] 
2014-07-08T05:58:11.132+0000: 1754.592: [GC [PSYoungGen: 567270K->562K(548288K)] 765550K->198882K(1235264K), 0.0059260 secs] [Times: user=0.01 sys=0.00, real=0.01 secs] 
2014-07-08T05:58:12.334+0000: 1755.793: [GC [PSYoungGen: 548274K->594K(657920K)] 746594K->199026K(1344896K), 0.0271470 secs] [Times: user=0.10 sys=0.00, real=0.02 secs] 
2014-07-08T05:58:13.728+0000: 1757.187: [GC [PSYoungGen: 657874K->434K(789184K)] 856306K->199010K(1476160K), 0.0105650 secs] [Times: user=0.04 sys=0.00, real=0.01 secs] 
2014-07-08T05:58:15.480+0000: 1758.940: [GC [PSYoungGen: 789083K->562K(947072K)] 987659K->199226K(1634048K), 0.0166630 secs] [Times: user=0.06 sys=0.00, real=0.02 secs] 
2014-07-08T05:58:17.479+0000: 1760.938: [GC [PSYoungGen: 947058K->260K(1136128K)] 1145722K->199012K(1823104K), 0.0281170 secs] [Times: user=0.10 sys=0.00, real=0.03 secs] 
2014-07-08T05:58:19.936+0000: 1763.396: [GC [PSYoungGen: 1136068K->274K(1089856K)] 1334820K->199138K(1776832K), 0.0041320 secs] [Times: user=0.01 sys=0.00, real=0.00 secs] 
2014-07-08T05:58:22.457+0000: 1765.916: [GC [PSYoungGen: 1089793K->818K(1046336K)] 1288657K->199754K(1733312K), 0.0065140 secs] [Times: user=0.02 sys=0.00, real=0.00 secs] 
2014-07-08T05:58:24.573+0000: 1768.032: [GC [PSYoungGen: 1046322K->288K(1003904K)] 1245258K->199496K(1690880K), 0.0121940 secs] [Times: user=0.03 sys=0.00, real=0.02 secs] 
2014-07-08T05:58:26.766+0000: 1770.225: [GC [PSYoungGen: 1003872K->498K(964224K)] 1203080K->199850K(1651200K), 0.0100130 secs] [Times: user=0.04 sys=0.00, real=0.01 secs] 
2014-07-08T05:58:28.821+0000: 1772.280: [GC [PSYoungGen: 964210K->256K(925952K)] 1163562K->199704K(1612928K), 0.0142090 secs] [Times: user=0.06 sys=0.00, real=0.01 secs] 
2014-07-08T05:58:30.822+0000: 1774.281: [GC [PSYoungGen: 925952K->320K(889856K)] 1125400K->199872K(1576832K), 0.0094650 secs] [Times: user=0.03 sys=0.00, real=0.01 secs] 
2014-07-08T05:58:32.796+0000: 1776.255: [GC [PSYoungGen: 889856K->416K(855552K)] 1089408K->200040K(1542528K), 0.0222780 secs] [Times: user=0.09 sys=0.00, real=0.02 secs] 
2014-07-08T05:58:34.607+0000: 1778.066: [GC [PSYoungGen: 855519K->288K(822592K)] 1055143K->200160K(1509568K), 0.0192050 secs] [Times: user=0.08 sys=0.00, real=0.02 secs] 
2014-07-08T05:58:36.423+0000: 1779.882: [GC [PSYoungGen: 822560K->384K(791360K)] 1022432K->200376K(1478336K), 0.0173390 secs] [Times: user=0.06 sys=0.00, real=0.02 secs] 
2014-07-08T05:58:38.113+0000: 1781.572: [GC [PSYoungGen: 791360K->466K(761664K)] 991352K->200546K(1448640K), 0.0048190 secs] [Times: user=0.02 sys=0.00, real=0.01 secs] 
2014-07-08T05:58:39.757+0000: 1783.216: [GC [PSYoungGen: 761618K->242K(732992K)] 961698K->200410K(1419968K), 0.0047640 secs] [Times: user=0.01 sys=0.00, real=0.00 secs] 
2014-07-08T05:58:41.389+0000: 1784.848: [GC [PSYoungGen: 732978K->754K(706432K)] 933146K->201018K(1393408K), 0.0076710 secs] [Times: user=0.01 sys=0.00, real=0.00 secs] 
2014-07-08T05:58:42.869+0000: 1786.328: [GC [PSYoungGen: 706418K->324K(680256K)] 906682K->200692K(1367232K), 0.0126060 secs] [Times: user=0.04 sys=0.00, real=0.01 secs] 
2014-07-08T05:58:44.409+0000: 1787.868: [GC [PSYoungGen: 680196K->868K(656128K)] 880564K->201388K(1343104K), 0.0141320 secs] [Times: user=0.04 sys=0.00, real=0.01 secs] 
2014-07-08T05:58:45.766+0000: 1789.225: [GC [PSYoungGen: 656100K->356K(632128K)] 856620K->201028K(1319104K), 0.0084590 secs] [Times: user=0.04 sys=0.00, real=0.01 secs] 
2014-07-08T05:58:47.246+0000: 1790.705: [GC [PSYoungGen: 632100K->946K(610304K)] 832772K->201858K(1297280K), 0.0053590 secs] [Times: user=0.02 sys=0.00, real=0.01 secs] 
2014-07-08T05:58:48.530+0000: 1791.989: [GC [PSYoungGen: 610290K->626K(588608K)] 811202K->201610K(1275584K), 0.0107380 secs] [Times: user=0.03 sys=0.00, real=0.01 secs] 
2014-07-08T05:58:49.735+0000: 1793.194: [GC [PSYoungGen: 588534K->288K(705920K)] 789519K->201416K(1392896K), 0.0485160 secs] [Times: user=0.18 sys=0.00, real=0.05 secs] 
2014-07-08T05:58:51.281+0000: 1794.740: [GC [PSYoungGen: 705888K->448K(847168K)] 907016K->201624K(1534144K), 0.0061730 secs] [Times: user=0.02 sys=0.00, real=0.00 secs] 
2014-07-08T05:58:53.104+0000: 1796.563: [GC [PSYoungGen: 847168K->448K(1016512K)] 1048344K->201704K(1703488K), 0.0261370 secs] [Times: user=0.10 sys=0.00, real=0.03 secs] 
2014-07-08T05:58:55.392+0000: 1798.851: [GC [PSYoungGen: 1016512K->868K(1220224K)] 1217768K->202308K(1907200K), 0.0213720 secs] [Times: user=0.07 sys=0.01, real=0.02 secs] 
2014-07-08T05:58:57.945+0000: 1801.404: [GC [PSYoungGen: 1220196K->242K(1169280K)] 1421636K->201882K(1856256K), 0.0071820 secs] [Times: user=0.02 sys=0.00, real=0.01 secs] 
2014-07-08T05:59:00.597+0000: 1804.056: [GC [PSYoungGen: 1169266K->594K(1121792K)] 1370906K->202338K(1808768K), 0.0048440 secs] [Times: user=0.01 sys=0.00, real=0.01 secs] 
2014-07-08T05:59:02.921+0000: 1806.380: [GC [PSYoungGen: 1121746K->626K(1076224K)] 1323490K->202482K(1763200K), 0.0090810 secs] [Times: user=0.02 sys=0.00, real=0.00 secs] 
2014-07-08T05:59:05.288+0000: 1808.747: [GC [PSYoungGen: 1076210K->868K(1033152K)] 1278066K->202956K(1720128K), 0.0054970 secs] [Times: user=0.01 sys=0.00, real=0.01 secs] 
2014-07-08T05:59:07.582+0000: 1811.041: [GC [PSYoungGen: 1033124K->676K(991680K)] 1235212K->202892K(1678656K), 0.0124750 secs] [Times: user=0.05 sys=0.00, real=0.02 secs] 
2014-07-08T05:59:09.637+0000: 1813.097: [GC [PSYoungGen: 991652K->306K(952000K)] 1193868K->202674K(1638976K), 0.0078580 secs] [Times: user=0.01 sys=0.01, real=0.01 secs] 
2014-07-08T05:59:11.758+0000: 1815.217: [GC [PSYoungGen: 951986K->498K(914752K)] 1154354K->202930K(1601728K), 0.0123990 secs] [Times: user=0.05 sys=0.00, real=0.01 secs] 
2014-07-08T05:59:13.678+0000: 1817.137: [GC [PSYoungGen: 914738K->384K(878976K)] 1117170K->202968K(1565952K), 0.0083450 secs] [Times: user=0.02 sys=0.00, real=0.01 secs] 
2014-07-08T05:59:15.580+0000: 1819.039: [GC [PSYoungGen: 878976K->224K(844928K)] 1081560K->202976K(1531904K), 0.0187150 secs] [Times: user=0.06 sys=0.00, real=0.02 secs] 
2014-07-08T05:59:17.480+0000: 1820.939: [GC [PSYoungGen: 844896K->736K(813120K)] 1047648K->203576K(1500096K), 0.0213230 secs] [Times: user=0.08 sys=0.00, real=0.02 secs] 
2014-07-08T05:59:19.176+0000: 1822.635: [GC [PSYoungGen: 813086K->530K(782144K)] 1015926K->203450K(1469120K), 0.0098660 secs] [Times: user=0.02 sys=0.00, real=0.01 secs] 
2014-07-08T05:59:20.870+0000: 1824.329: [GC [PSYoungGen: 782097K->128K(752320K)] 985017K->203128K(1439296K), 0.0209930 secs] [Times: user=0.06 sys=0.00, real=0.02 secs] 
2014-07-08T05:59:22.497+0000: 1825.956: [GC [PSYoungGen: 752312K->288K(725312K)] 955312K->203352K(1412288K), 0.0105500 secs] [Times: user=0.04 sys=0.00, real=0.01 secs] 
2014-07-08T05:59:23.983+0000: 1827.442: [GC [PSYoungGen: 724512K->480K(698048K)] 927576K->203704K(1385024K), 0.0089250 secs] [Times: user=0.02 sys=0.00, real=0.01 secs] 
2014-07-08T05:59:25.414+0000: 1828.874: [GC [PSYoungGen: 698016K->1010K(673152K)] 901240K->204426K(1360128K), 0.0069320 secs] [Times: user=0.02 sys=0.00, real=0.00 secs] 
2014-07-08T05:59:26.617+0000: 1830.076: [GC [PSYoungGen: 673138K->466K(648384K)] 876554K->204010K(1335360K), 0.0096030 secs] [Times: user=0.03 sys=0.00, real=0.01 secs] 
2014-07-08T05:59:28.078+0000: 1831.537: [GC [PSYoungGen: 648338K->768K(625472K)] 851882K->204400K(1312448K), 0.0064130 secs] [Times: user=0.02 sys=0.00, real=0.00 secs] 
2014-07-08T05:59:29.423+0000: 1832.882: [GC [PSYoungGen: 625472K->800K(603456K)] 829104K->204536K(1290432K), 0.0045400 secs] [Times: user=0.02 sys=0.00, real=0.01 secs] 
2014-07-08T05:59:30.579+0000: 1834.038: [GC [PSYoungGen: 603424K->352K(581952K)] 807160K->204184K(1268928K), 0.0169870 secs] [Times: user=0.07 sys=0.00, real=0.02 secs] 
2014-07-08T05:59:31.778+0000: 1835.237: [GC [PSYoungGen: 581920K->612K(562112K)] 785752K->204508K(1249088K), 0.0080140 secs] [Times: user=0.01 sys=0.00, real=0.01 secs] 
2014-07-08T05:59:32.984+0000: 1836.443: [GC [PSYoungGen: 562084K->922K(674752K)] 765980K->204962K(1361728K), 0.0350450 secs] [Times: user=0.13 sys=0.00, real=0.04 secs] 
2014-07-08T05:59:34.301+0000: 1837.760: [GC [PSYoungGen: 674714K->768K(809344K)] 878754K->204992K(1496320K), 0.0239360 secs] [Times: user=0.09 sys=0.00, real=0.02 secs] 
2014-07-08T05:59:35.829+0000: 1839.288: [GC [PSYoungGen: 809344K->544K(970880K)] 1013568K->204928K(1657856K), 0.0120800 secs] [Times: user=0.03 sys=0.00, real=0.01 secs] 
2014-07-08T05:59:37.713+0000: 1841.172: [GC [PSYoungGen: 970848K->384K(1164800K)] 1175232K->204896K(1851776K), 0.0097890 secs] [Times: user=0.04 sys=0.00, real=0.01 secs] 
2014-07-08T05:59:39.992+0000: 1843.451: [GC [PSYoungGen: 1164800K->530K(1117376K)] 1369312K->205154K(1804352K), 0.0183400 secs] [Times: user=0.07 sys=0.00, real=0.02 secs] 
2014-07-08T05:59:42.045+0000: 1845.504: [GC [PSYoungGen: 1117330K->704K(1072192K)] 1321954K->205448K(1759168K), 0.0052620 secs] [Times: user=0.01 sys=0.00, real=0.01 secs] 
2014-07-08T05:59:44.176+0000: 1847.635: [GC [PSYoungGen: 1072190K->1120K(1029504K)] 1276935K->206040K(1716480K), 0.0054900 secs] [Times: user=0.01 sys=0.00, real=0.01 secs] 
2014-07-08T05:59:46.087+0000: 1849.546: [GC [PSYoungGen: 1029472K->512K(987776K)] 1234392K->205704K(1674752K), 0.0168820 secs] [Times: user=0.06 sys=0.01, real=0.02 secs] 
2014-07-08T05:59:48.262+0000: 1851.721: [GC [PSYoungGen: 987776K->1170K(949376K)] 1192968K->206514K(1636352K), 0.0073680 secs] [Times: user=0.01 sys=0.00, real=0.01 secs] 
2014-07-08T05:59:49.868+0000: 1853.327: [GC [PSYoungGen: 949330K->434K(911360K)] 1154674K->205930K(1598336K), 0.0293060 secs] [Times: user=0.11 sys=0.00, real=0.03 secs] 
2014-07-08T05:59:51.650+0000: 1855.109: [GC [PSYoungGen: 911346K->352K(875840K)] 1116842K->205928K(1562816K), 0.0055090 secs] [Times: user=0.01 sys=0.00, real=0.00 secs] 
2014-07-08T05:59:53.505+0000: 1856.964: [GC [PSYoungGen: 875740K->836K(842560K)] 1081316K->206580K(1529536K), 0.0205270 secs] [Times: user=0.07 sys=0.00, real=0.02 secs] 
2014-07-08T05:59:54.950+0000: 1858.409: [GC [PSYoungGen: 842500K->288K(809792K)] 1048244K->206272K(1496768K), 0.0177890 secs] [Times: user=0.06 sys=0.00, real=0.01 secs] 
2014-07-08T05:59:56.527+0000: 1859.986: [GC [PSYoungGen: 809760K->786K(779648K)] 1015744K->206874K(1466624K), 0.0059360 secs] [Times: user=0.02 sys=0.00, real=0.01 secs] 
2014-07-08T05:59:58.051+0000: 1861.510: [GC [PSYoungGen: 779602K->544K(750144K)] 985690K->206752K(1437120K), 0.0076130 secs] [Times: user=0.02 sys=0.01, real=0.01 secs] 
2014-07-08T05:59:59.575+0000: 1863.034: [GC [PSYoungGen: 750106K->452K(722240K)] 956315K->206740K(1409216K), 0.0172120 secs] [Times: user=0.07 sys=0.00, real=0.02 secs] 
2014-07-08T06:00:00.762+0000: 1864.221: [GC [PSYoungGen: 722180K->288K(866432K)] 928468K->206688K(1553408K), 0.0221420 secs] [Times: user=0.08 sys=0.00, real=0.02 secs] 
2014-07-08T06:00:02.487+0000: 1865.946: [GC [PSYoungGen: 866400K->562K(1039936K)] 1072800K->207034K(1726912K), 0.0137430 secs] [Times: user=0.06 sys=0.00, real=0.02 secs] 
2014-07-08T06:00:04.479+0000: 1867.939: [GC [PSYoungGen: 1039922K->630K(998400K)] 1246394K->207310K(1685376K), 0.0116680 secs] [Times: user=0.04 sys=0.00, real=0.02 secs] 
2014-07-08T06:00:06.300+0000: 1869.759: [GC [PSYoungGen: 998390K->626K(958784K)] 1205070K->207522K(1645760K), 0.0149950 secs] [Times: user=0.05 sys=0.00, real=0.01 secs] 
2014-07-08T06:00:08.018+0000: 1871.477: [GC [PSYoungGen: 958770K->466K(920960K)] 1165666K->207466K(1607936K), 0.0057410 secs] [Times: user=0.02 sys=0.00, real=0.01 secs] 
2014-07-08T06:00:09.861+0000: 1873.320: [GC [PSYoungGen: 920914K->466K(885056K)] 1127914K->207538K(1572032K), 0.0164260 secs] [Times: user=0.06 sys=0.00, real=0.01 secs] 
2014-07-08T06:00:11.608+0000: 1875.067: [GC [PSYoungGen: 885010K->740K(851072K)] 1092082K->207940K(1538048K), 0.0097750 secs] [Times: user=0.02 sys=0.00, real=0.01 secs] 
2014-07-08T06:00:13.126+0000: 1876.586: [GC [PSYoungGen: 851044K->882K(818624K)] 1058244K->208258K(1505600K), 0.0046220 secs] [Times: user=0.02 sys=0.00, real=0.01 secs] 
2014-07-08T06:00:14.842+0000: 1878.301: [GC [PSYoungGen: 818571K->548K(787264K)] 1025947K->208060K(1474240K), 0.0058360 secs] [Times: user=0.01 sys=0.00, real=0.00 secs] 
2014-07-08T06:00:16.374+0000: 1879.833: [GC [PSYoungGen: 787233K->790K(757952K)] 994745K->208518K(1444928K), 0.0270300 secs] [Times: user=0.08 sys=0.00, real=0.02 secs] 
2014-07-08T06:00:17.782+0000: 1881.241: [GC [PSYoungGen: 757910K->352K(729280K)] 965638K->208168K(1416256K), 0.0115700 secs] [Times: user=0.04 sys=0.01, real=0.01 secs] 
2014-07-08T06:00:19.332+0000: 1882.791: [GC [PSYoungGen: 729248K->758K(702784K)] 937064K->208638K(1389760K), 0.0056060 secs] [Times: user=0.02 sys=0.00, real=0.01 secs] 
2014-07-08T06:00:20.642+0000: 1884.101: [GC [PSYoungGen: 702774K->384K(676736K)] 910654K->208376K(1363712K), 0.0071860 secs] [Times: user=0.02 sys=0.00, real=0.01 secs] 
2014-07-08T06:00:21.914+0000: 1885.373: [GC [PSYoungGen: 676736K->434K(652352K)] 884728K->208506K(1339328K), 0.0187410 secs] [Times: user=0.07 sys=0.00, real=0.01 secs] 
2014-07-08T06:00:23.055+0000: 1886.515: [GC [PSYoungGen: 652338K->516K(629184K)] 860410K->208716K(1316160K), 0.0076810 secs] [Times: user=0.01 sys=0.00, real=0.01 secs] 
2014-07-08T06:00:24.470+0000: 1887.929: [GC [PSYoungGen: 629124K->480K(606848K)] 837324K->208792K(1293824K), 0.0144260 secs] [Times: user=0.05 sys=0.00, real=0.02 secs] 
2014-07-08T06:00:25.655+0000: 1889.114: [GC [PSYoungGen: 606759K->452K(585600K)] 815071K->208956K(1272576K), 0.0135020 secs] [Times: user=0.05 sys=0.00, real=0.01 secs] 
2014-07-08T06:00:26.733+0000: 1890.192: [GC [PSYoungGen: 585540K->384K(565184K)] 794044K->208976K(1252160K), 0.0069860 secs] [Times: user=0.02 sys=0.01, real=0.01 secs] 
2014-07-08T06:00:27.958+0000: 1891.417: [GC [PSYoungGen: 565181K->722K(546240K)] 773773K->209394K(1233216K), 0.0072510 secs] [Times: user=0.01 sys=0.00, real=0.01 secs] 
2014-07-08T06:00:29.080+0000: 1892.539: [GC [PSYoungGen: 546194K->352K(654976K)] 754866K->209088K(1341952K), 0.0292800 secs] [Times: user=0.12 sys=0.00, real=0.03 secs] 
2014-07-08T06:00:30.301+0000: 1893.760: [GC [PSYoungGen: 654942K->690K(786240K)] 863679K->209506K(1473216K), 0.0046720 secs] [Times: user=0.02 sys=0.00, real=0.01 secs] 
2014-07-08T06:00:31.774+0000: 1895.233: [GC [PSYoungGen: 786226K->480K(756480K)] 995042K->209360K(1443456K), 0.0089510 secs] [Times: user=0.01 sys=0.00, real=0.00 secs] 
2014-07-08T06:00:33.292+0000: 1896.751: [GC [PSYoungGen: 756448K->936K(728768K)] 965328K->210208K(1415744K), 0.0070440 secs] [Times: user=0.02 sys=0.00, real=0.01 secs] 
2014-07-08T06:00:34.728+0000: 1898.187: [GC [PSYoungGen: 728744K->512K(701504K)] 938016K->209968K(1388480K), 0.0172980 secs] [Times: user=0.06 sys=0.00, real=0.01 secs] 
2014-07-08T06:00:36.003+0000: 1899.462: [GC [PSYoungGen: 701504K->448K(841664K)] 910960K->210104K(1528640K), 0.0271170 secs] [Times: user=0.08 sys=0.00, real=0.03 secs] 
2014-07-08T06:00:37.781+0000: 1901.240: [GC [PSYoungGen: 841664K->480K(1009984K)] 1051320K->210200K(1696960K), 0.0132770 secs] [Times: user=0.05 sys=0.00, real=0.01 secs] 
2014-07-08T06:00:39.657+0000: 1903.116: [GC [PSYoungGen: 1009952K->480K(969792K)] 1219672K->210312K(1656768K), 0.0048480 secs] [Times: user=0.02 sys=0.00, real=0.00 secs] 
2014-07-08T06:00:41.486+0000: 1904.946: [GC [PSYoungGen: 969739K->580K(931648K)] 1179572K->210500K(1618624K), 0.0135510 secs] [Times: user=0.05 sys=0.00, real=0.01 secs] 
2014-07-08T06:00:43.099+0000: 1906.558: [GC [PSYoungGen: 931588K->530K(895168K)] 1141508K->210586K(1582144K), 0.0048610 secs] [Times: user=0.02 sys=0.00, real=0.00 secs] 
2014-07-08T06:00:44.999+0000: 1908.458: [GC [PSYoungGen: 895121K->626K(860544K)] 1105178K->210818K(1547520K), 0.0091340 secs] [Times: user=0.03 sys=0.00, real=0.01 secs] 
2014-07-08T06:00:46.670+0000: 1910.129: [GC [PSYoungGen: 860530K->520K(827456K)] 1070722K->210928K(1514432K), 0.0159370 secs] [Times: user=0.06 sys=0.00, real=0.01 secs] 
2014-07-08T06:00:48.063+0000: 1911.522: [GC [PSYoungGen: 827400K->480K(795904K)] 1037808K->210992K(1482880K), 0.0228550 secs] [Times: user=0.09 sys=0.01, real=0.02 secs] 
2014-07-08T06:00:49.826+0000: 1913.285: [GC [PSYoungGen: 795872K->680K(766080K)] 1006384K->211232K(1453056K), 0.0104190 secs] [Times: user=0.03 sys=0.00, real=0.01 secs] 
2014-07-08T06:00:51.289+0000: 1914.748: [GC [PSYoungGen: 766056K->740K(737536K)] 976608K->211596K(1424512K), 0.0163230 secs] [Times: user=0.05 sys=0.00, real=0.01 secs] 
2014-07-08T06:00:52.667+0000: 1916.127: [GC [PSYoungGen: 737508K->626K(884800K)] 948364K->211634K(1571776K), 0.0316650 secs] [Times: user=0.11 sys=0.00, real=0.03 secs] 
2014-07-08T06:00:54.513+0000: 1917.972: [GC [PSYoungGen: 884786K->704K(1061696K)] 1095794K->211904K(1748672K), 0.0062130 secs] [Times: user=0.02 sys=0.00, real=0.01 secs] 
2014-07-08T06:00:56.386+0000: 1919.845: [GC [PSYoungGen: 1061626K->758K(1019136K)] 1272826K->212174K(1706112K), 0.0091150 secs] [Times: user=0.02 sys=0.00, real=0.01 secs] 
2014-07-08T06:00:58.189+0000: 1921.648: [GC [PSYoungGen: 1019126K->626K(978432K)] 1230542K->212218K(1665408K), 0.0054780 secs] [Times: user=0.01 sys=0.00, real=0.00 secs] 
2014-07-08T06:01:00.270+0000: 1923.730: [GC [PSYoungGen: 978418K->1078K(940224K)] 1190010K->212758K(1627200K), 0.0087170 secs] [Times: user=0.02 sys=0.00, real=0.01 secs] 
2014-07-08T06:01:02.018+0000: 1925.477: [GC [PSYoungGen: 940213K->512K(902848K)] 1151894K->212352K(1589824K), 0.0101360 secs] [Times: user=0.03 sys=0.00, real=0.01 secs] 
2014-07-08T06:01:03.794+0000: 1927.253: [GC [PSYoungGen: 902848K->644K(867968K)] 1114688K->212676K(1554944K), 0.0109190 secs] [Times: user=0.04 sys=0.00, real=0.01 secs] 
2014-07-08T06:01:05.572+0000: 1929.031: [GC [PSYoungGen: 867907K->594K(834496K)] 1079940K->212794K(1521472K), 0.0086440 secs] [Times: user=0.03 sys=0.00, real=0.01 secs] 
2014-07-08T06:01:07.009+0000: 1930.468: [GC [PSYoungGen: 834450K->416K(802496K)] 1046650K->212816K(1489472K), 0.0194980 secs] [Times: user=0.07 sys=0.00, real=0.02 secs] 
2014-07-08T06:01:08.621+0000: 1932.080: [GC [PSYoungGen: 802464K->658K(772416K)] 1014864K->213130K(1459392K), 0.0083620 secs] [Times: user=0.02 sys=0.00, real=0.00 secs] 
2014-07-08T06:01:10.123+0000: 1933.582: [GC [PSYoungGen: 772370K->480K(743360K)] 984842K->213040K(1430336K), 0.0111850 secs] [Times: user=0.04 sys=0.01, real=0.01 secs] 
2014-07-08T06:01:11.586+0000: 1935.045: [GC [PSYoungGen: 743328K->740K(716096K)] 955888K->213396K(1403072K), 0.0085540 secs] [Times: user=0.02 sys=0.00, real=0.01 secs] 
2014-07-08T06:01:12.790+0000: 1936.249: [GC [PSYoungGen: 716011K->388K(689536K)] 928667K->213188K(1376512K), 0.0213080 secs] [Times: user=0.08 sys=0.00, real=0.03 secs] 
2014-07-08T06:01:14.290+0000: 1937.749: [GC [PSYoungGen: 689476K->900K(665024K)] 902276K->213820K(1352000K), 0.0105630 secs] [Times: user=0.04 sys=0.00, real=0.01 secs] 
2014-07-08T06:01:15.613+0000: 1939.072: [GC [PSYoungGen: 664964K->480K(640704K)] 877884K->213584K(1327680K), 0.0140030 secs] [Times: user=0.05 sys=0.00, real=0.01 secs] 
2014-07-08T06:01:16.743+0000: 1940.202: [GC [PSYoungGen: 640671K->434K(617856K)] 853775K->213666K(1304832K), 0.0067710 secs] [Times: user=0.01 sys=0.00, real=0.00 secs] 
2014-07-08T06:01:17.924+0000: 1941.383: [GC [PSYoungGen: 617786K->886K(596544K)] 831019K->214182K(1283520K), 0.0108400 secs] [Times: user=0.03 sys=0.01, real=0.01 secs] 
2014-07-08T06:01:19.179+0000: 1942.638: [GC [PSYoungGen: 596508K->576K(715392K)] 809804K->213944K(1402368K), 0.0202680 secs] [Times: user=0.07 sys=0.00, real=0.02 secs] 
2014-07-08T06:01:20.553+0000: 1944.012: [GC [PSYoungGen: 715392K->384K(688960K)] 928760K->213840K(1375936K), 0.0100030 secs] [Times: user=0.03 sys=0.00, real=0.01 secs] 
2014-07-08T06:01:21.781+0000: 1945.241: [GC [PSYoungGen: 688960K->420K(664000K)] 902416K->213964K(1350976K), 0.0097750 secs] [Times: user=0.04 sys=0.00, real=0.01 secs] 
2014-07-08T06:01:22.964+0000: 1946.423: [GC [PSYoungGen: 663972K->416K(640128K)] 877516K->214104K(1327104K), 0.0088320 secs] [Times: user=0.02 sys=0.00, real=0.01 secs] 
2014-07-08T06:01:24.415+0000: 1947.874: [GC [PSYoungGen: 640096K->900K(768576K)] 853784K->214716K(1455552K), 0.0214470 secs] [Times: user=0.07 sys=0.00, real=0.02 secs] 
2014-07-08T06:01:25.808+0000: 1949.267: [GC [PSYoungGen: 768516K->402K(739392K)] 982332K->214370K(1426368K), 0.0057770 secs] [Times: user=0.02 sys=0.00, real=0.01 secs] 
2014-07-08T06:01:27.183+0000: 1950.642: [GC [PSYoungGen: 739346K->864K(712448K)] 953314K->214960K(1399424K), 0.0174360 secs] [Times: user=0.06 sys=0.01, real=0.02 secs] 
2014-07-08T06:01:28.616+0000: 1952.075: [GC [PSYoungGen: 712416K->352K(685824K)] 926512K->214520K(1372800K), 0.0064000 secs] [Times: user=0.02 sys=0.00, real=0.00 secs] 
2014-07-08T06:01:30.061+0000: 1953.520: [GC [PSYoungGen: 685792K->434K(660992K)] 899960K->214674K(1347968K), 0.0047850 secs] [Times: user=0.02 sys=0.00, real=0.01 secs] 
2014-07-08T06:01:31.255+0000: 1954.714: [GC [PSYoungGen: 660909K->736K(637568K)] 875150K->215104K(1324544K), 0.0149570 secs] [Times: user=0.06 sys=0.00, real=0.01 secs] 
2014-07-08T06:01:32.564+0000: 1956.023: [GC [PSYoungGen: 637536K->754K(614912K)] 851904K->215202K(1301888K), 0.0063680 secs] [Times: user=0.01 sys=0.00, real=0.00 secs] 
2014-07-08T06:01:33.636+0000: 1957.095: [GC [PSYoungGen: 614898K->384K(592960K)] 829346K->215016K(1279936K), 0.0078160 secs] [Times: user=0.02 sys=0.00, real=0.01 secs] 
2014-07-08T06:01:34.855+0000: 1958.314: [GC [PSYoungGen: 592960K->548K(572544K)] 807592K->215276K(1259520K), 0.0107060 secs] [Times: user=0.04 sys=0.00, real=0.01 secs] 
2014-07-08T06:01:35.866+0000: 1959.325: [GC [PSYoungGen: 572516K->466K(552768K)] 787244K->215346K(1239744K), 0.0129940 secs] [Times: user=0.05 sys=0.00, real=0.01 secs] 
2014-07-08T06:01:36.905+0000: 1960.364: [GC [PSYoungGen: 552722K->338K(533824K)] 767602K->215274K(1220800K), 0.0051290 secs] [Times: user=0.01 sys=0.00, real=0.00 secs] 
2014-07-08T06:01:37.893+0000: 1961.353: [GC [PSYoungGen: 533778K->224K(515776K)] 748714K->215216K(1202752K), 0.0084790 secs] [Times: user=0.01 sys=0.00, real=0.01 secs] 
2014-07-08T06:01:38.838+0000: 1962.297: [GC [PSYoungGen: 515744K->288K(498688K)] 730736K->215336K(1185664K), 0.0102700 secs] [Times: user=0.03 sys=0.00, real=0.01 secs] 
2014-07-08T06:01:39.932+0000: 1963.392: [GC [PSYoungGen: 498656K->502K(482496K)] 713704K->215598K(1169472K), 0.0051510 secs] [Times: user=0.01 sys=0.00, real=0.01 secs] 
2014-07-08T06:01:40.818+0000: 1964.277: [GC [PSYoungGen: 482486K->288K(466624K)] 697582K->215472K(1153600K), 0.0132760 secs] [Times: user=0.05 sys=0.00, real=0.01 secs] 
2014-07-08T06:01:41.712+0000: 1965.171: [GC [PSYoungGen: 466592K->498K(451840K)] 681776K->215754K(1138816K), 0.0101220 secs] [Times: user=0.03 sys=0.00, real=0.01 secs] 
2014-07-08T06:01:42.612+0000: 1966.071: [GC [PSYoungGen: 451826K->740K(542400K)] 667082K->216116K(1229376K), 0.0205000 secs] [Times: user=0.07 sys=0.00, real=0.02 secs] 
2014-07-08T06:01:43.621+0000: 1967.080: [GC [PSYoungGen: 542335K->452K(650496K)] 757712K->215940K(1337472K), 0.0181170 secs] [Times: user=0.06 sys=0.00, real=0.02 secs] 
2014-07-08T06:01:44.947+0000: 1968.407: [GC [PSYoungGen: 650426K->790K(780864K)] 865914K->216374K(1467840K), 0.0084580 secs] [Times: user=0.03 sys=0.00, real=0.01 secs] 
2014-07-08T06:01:46.382+0000: 1969.842: [GC [PSYoungGen: 780822K->768K(936832K)] 996406K->216512K(1623808K), 0.0466150 secs] [Times: user=0.18 sys=0.00, real=0.05 secs] 
2014-07-08T06:01:48.055+0000: 1971.514: [GC [PSYoungGen: 936832K->416K(1123776K)] 1152576K->216248K(1810752K), 0.0109220 secs] [Times: user=0.04 sys=0.00, real=0.01 secs] 
2014-07-08T06:01:50.384+0000: 1973.843: [GC [PSYoungGen: 1123744K->950K(1348992K)] 1339576K->216854K(2035968K), 0.0070300 secs] [Times: user=0.02 sys=0.00, real=0.01 secs] 
2014-07-08T06:01:52.785+0000: 1976.244: [GC [PSYoungGen: 1348982K->544K(1457536K)] 1564886K->216608K(2144512K), 0.0146350 secs] [Times: user=0.05 sys=0.00, real=0.02 secs] 
2014-07-08T06:01:55.698+0000: 1979.158: [GC [PSYoungGen: 1457376K->512K(1395456K)] 1673440K->216816K(2082432K), 0.0086030 secs] [Times: user=0.02 sys=0.00, real=0.01 secs] 
2014-07-08T06:01:58.373+0000: 1981.832: [GC [PSYoungGen: 1395456K->626K(1336768K)] 1611760K->217426K(2023744K), 0.0094720 secs] [Times: user=0.03 sys=0.01, real=0.01 secs] 
2014-07-08T06:02:01.098+0000: 1984.557: [GC [PSYoungGen: 1336754K->868K(1281024K)] 1553554K->217836K(1968000K), 0.0084290 secs] [Times: user=0.02 sys=0.00, real=0.01 secs] 
2014-07-08T06:02:03.690+0000: 1987.149: [GC [PSYoungGen: 1280992K->932K(1227840K)] 1497960K->218196K(1914816K), 0.0078530 secs] [Times: user=0.02 sys=0.00, real=0.01 secs] 
2014-07-08T06:02:05.993+0000: 1989.452: [GC [PSYoungGen: 1227812K->594K(1176832K)] 1445076K->218138K(1863808K), 0.0146510 secs] [Times: user=0.06 sys=0.00, real=0.01 secs] 
2014-07-08T06:02:08.253+0000: 1991.713: [GC [PSYoungGen: 1176786K->1060K(1129088K)] 1394330K->218788K(1816064K), 0.0118590 secs] [Times: user=0.04 sys=0.01, real=0.01 secs] 
2014-07-08T06:02:10.583+0000: 1994.042: [GC [PSYoungGen: 1129060K->754K(1082880K)] 1346788K->218594K(1769856K), 0.0155720 secs] [Times: user=0.05 sys=0.00, real=0.02 secs] 
2014-07-08T06:02:12.591+0000: 1996.050: [GC [PSYoungGen: 1082866K->772K(1039296K)] 1300706K->218780K(1726272K), 0.0265550 secs] [Times: user=0.09 sys=0.00, real=0.02 secs] 
2014-07-08T06:02:14.574+0000: 1998.033: [GC [PSYoungGen: 1039236K->594K(997568K)] 1257244K->218818K(1684544K), 0.0062100 secs] [Times: user=0.02 sys=0.00, real=0.00 secs] 
2014-07-08T06:02:16.475+0000: 1999.935: [GC [PSYoungGen: 997432K->1042K(958464K)] 1215656K->219474K(1645440K), 0.0078790 secs] [Times: user=0.02 sys=0.00, real=0.01 secs] 
2014-07-08T06:02:18.045+0000: 2001.504: [GC [PSYoungGen: 958418K->480K(920192K)] 1176850K->219064K(1607168K), 0.0264710 secs] [Times: user=0.09 sys=0.00, real=0.03 secs] 
2014-07-08T06:02:19.944+0000: 2003.403: [GC [PSYoungGen: 920160K->384K(1104000K)] 1138744K->219024K(1790976K), 0.0345090 secs] [Times: user=0.11 sys=0.00, real=0.03 secs] 
2014-07-08T06:02:22.083+0000: 2005.542: [GC [PSYoungGen: 1104000K->626K(1324992K)] 1322640K->219370K(2011968K), 0.0219490 secs] [Times: user=0.07 sys=0.00, real=0.02 secs] 
2014-07-08T06:02:24.723+0000: 2008.182: [GC [PSYoungGen: 1324978K->644K(1269632K)] 1543722K->219588K(1956608K), 0.0059320 secs] [Times: user=0.01 sys=0.00, real=0.00 secs] 
2014-07-08T06:02:27.164+0000: 2010.623: [GC [PSYoungGen: 1269572K->786K(1217088K)] 1488516K->219994K(1904064K), 0.0065300 secs] [Times: user=0.01 sys=0.00, real=0.00 secs] 
2014-07-08T06:02:29.652+0000: 2013.111: [GC [PSYoungGen: 1217042K->722K(1166848K)] 1436250K->220082K(1853824K), 0.0334750 secs] [Times: user=0.12 sys=0.00, real=0.04 secs] 
2014-07-08T06:02:31.850+0000: 2015.309: [GC [PSYoungGen: 1166802K->544K(1118912K)] 1386162K->220064K(1805888K), 0.0207640 secs] [Times: user=0.08 sys=0.00, real=0.02 secs] 
2014-07-08T06:02:34.123+0000: 2017.582: [GC [PSYoungGen: 1118880K->608K(1073536K)] 1338400K->220304K(1760512K), 0.0073200 secs] [Times: user=0.02 sys=0.00, real=0.01 secs] 
2014-07-08T06:02:36.076+0000: 2019.535: [GC [PSYoungGen: 1073504K->466K(1030208K)] 1293200K->220410K(1717184K), 0.0245390 secs] [Times: user=0.09 sys=0.00, real=0.02 secs] 
2014-07-08T06:02:38.052+0000: 2021.511: [GC [PSYoungGen: 1030162K->466K(989056K)] 1250106K->220522K(1676032K), 0.0059120 secs] [Times: user=0.02 sys=0.00, real=0.01 secs] 
2014-07-08T06:02:40.130+0000: 2023.589: [GC [PSYoungGen: 989010K->416K(949824K)] 1209066K->220584K(1636800K), 0.0145920 secs] [Times: user=0.05 sys=0.00, real=0.02 secs] 
2014-07-08T06:02:42.045+0000: 2025.504: [GC [PSYoungGen: 949792K->626K(912704K)] 1169960K->220946K(1599680K), 0.0216150 secs] [Times: user=0.08 sys=0.00, real=0.02 secs] 
2014-07-08T06:02:43.976+0000: 2027.435: [GC [PSYoungGen: 912651K->868K(877440K)] 1132972K->221372K(1564416K), 0.0272380 secs] [Times: user=0.10 sys=0.00, real=0.02 secs] 
2014-07-08T06:02:45.744+0000: 2029.203: [GC [PSYoungGen: 877412K->704K(843392K)] 1097916K->221872K(1530368K), 0.0163780 secs] [Times: user=0.06 sys=0.00, real=0.02 secs] 
2014-07-08T06:02:47.215+0000: 2030.674: [GC [PSYoungGen: 843392K->772K(811264K)] 1064560K->222068K(1498240K), 0.0082770 secs] [Times: user=0.02 sys=0.00, real=0.00 secs] 
2014-07-08T06:02:48.793+0000: 2032.253: [GC [PSYoungGen: 811204K->352K(780096K)] 1032500K->221824K(1467072K), 0.0067880 secs] [Times: user=0.02 sys=0.00, real=0.01 secs] 
2014-07-08T06:02:50.291+0000: 2033.751: [GC [PSYoungGen: 780064K->786K(751296K)] 1001536K->222362K(1438272K), 0.0095060 secs] [Times: user=0.02 sys=0.00, real=0.01 secs] 
2014-07-08T06:02:51.699+0000: 2035.158: [GC [PSYoungGen: 751250K->416K(723008K)] 972826K->222072K(1409984K), 0.0206650 secs] [Times: user=0.07 sys=0.00, real=0.02 secs] 
2014-07-08T06:02:53.032+0000: 2036.491: [GC [PSYoungGen: 722976K->434K(696384K)] 944632K->222226K(1383360K), 0.0047680 secs] [Times: user=0.02 sys=0.00, real=0.01 secs] 
2014-07-08T06:02:54.376+0000: 2037.835: [GC [PSYoungGen: 696370K->1042K(836224K)] 918162K->222994K(1523200K), 0.0240530 secs] [Times: user=0.09 sys=0.00, real=0.03 secs] 
2014-07-08T06:02:56.076+0000: 2039.535: [GC [PSYoungGen: 836178K->690K(803968K)] 1058130K->222746K(1490944K), 0.0123730 secs] [Times: user=0.03 sys=0.01, real=0.02 secs] 
2014-07-08T06:02:57.583+0000: 2041.042: [GC [PSYoungGen: 803954K->416K(773312K)] 1026010K->222640K(1460288K), 0.0059060 secs] [Times: user=0.02 sys=0.00, real=0.01 secs] 
2014-07-08T06:02:59.039+0000: 2042.498: [GC [PSYoungGen: 773280K->384K(744320K)] 995504K->222696K(1431296K), 0.0122520 secs] [Times: user=0.04 sys=0.00, real=0.01 secs] 
2014-07-08T06:03:00.679+0000: 2044.138: [GC [PSYoungGen: 744320K->530K(716928K)] 966632K->222938K(1403904K), 0.0115630 secs] [Times: user=0.04 sys=0.00, real=0.01 secs] 
2014-07-08T06:03:01.982+0000: 2045.441: [GC [PSYoungGen: 716882K->480K(690560K)] 939290K->223000K(1377536K), 0.0140780 secs] [Times: user=0.06 sys=0.00, real=0.01 secs] 
2014-07-08T06:03:03.434+0000: 2046.894: [GC [PSYoungGen: 690528K->978K(665984K)] 913048K->223658K(1352960K), 0.0087960 secs] [Times: user=0.02 sys=0.00, real=0.01 secs] 
2014-07-08T06:03:04.655+0000: 2048.114: [GC [PSYoungGen: 665906K->484K(798464K)] 888587K->223340K(1485440K), 0.0209500 secs] [Times: user=0.08 sys=0.00, real=0.02 secs] 
2014-07-08T06:03:06.250+0000: 2049.709: [GC [PSYoungGen: 798432K->964K(768832K)] 1021288K->223924K(1455808K), 0.0150750 secs] [Times: user=0.04 sys=0.01, real=0.01 secs] 
2014-07-08T06:03:07.707+0000: 2051.166: [GC [PSYoungGen: 768696K->320K(739392K)] 991656K->223408K(1426368K), 0.0058340 secs] [Times: user=0.01 sys=0.00, real=0.01 secs] 
2014-07-08T06:03:09.094+0000: 2052.553: [GC [PSYoungGen: 739392K->402K(712128K)] 962480K->223578K(1399104K), 0.0156740 secs] [Times: user=0.05 sys=0.00, real=0.02 secs] 
2014-07-08T06:03:10.442+0000: 2053.902: [GC [PSYoungGen: 712082K->896K(686464K)] 935258K->224136K(1373440K), 0.0056490 secs] [Times: user=0.01 sys=0.00, real=0.01 secs] 
2014-07-08T06:03:11.792+0000: 2055.251: [GC [PSYoungGen: 686464K->512K(661184K)] 909704K->223832K(1348160K), 0.0076740 secs] [Times: user=0.01 sys=0.00, real=0.01 secs] 
2014-07-08T06:03:13.032+0000: 2056.491: [GC [PSYoungGen: 661184K->448K(637376K)] 884504K->223936K(1324352K), 0.0186300 secs] [Times: user=0.06 sys=0.00, real=0.02 secs] 
2014-07-08T06:03:14.196+0000: 2057.655: [GC [PSYoungGen: 637376K->672K(614976K)] 860864K->224320K(1301952K), 0.0065240 secs] [Times: user=0.02 sys=0.00, real=0.01 secs] 
2014-07-08T06:03:15.616+0000: 2059.075: [GC [PSYoungGen: 614944K->1202K(738368K)] 838592K->224946K(1425344K), 0.0223020 secs] [Times: user=0.08 sys=0.01, real=0.02 secs] 
2014-07-08T06:03:16.999+0000: 2060.458: [GC [PSYoungGen: 738354K->448K(885056K)] 962098K->224360K(1572032K), 0.0259120 secs] [Times: user=0.10 sys=0.00, real=0.02 secs] 
2014-07-08T06:03:18.649+0000: 2062.108: [GC [PSYoungGen: 885056K->520K(850944K)] 1108968K->224536K(1537920K), 0.0053540 secs] [Times: user=0.01 sys=0.00, real=0.01 secs] 
2014-07-08T06:03:20.118+0000: 2063.577: [GC [PSYoungGen: 850888K->448K(818240K)] 1074904K->224568K(1505216K), 0.0121230 secs] [Times: user=0.03 sys=0.01, real=0.02 secs] 
2014-07-08T06:03:21.910+0000: 2065.369: [GC [PSYoungGen: 818240K->594K(787392K)] 1042360K->224762K(1474368K), 0.0072200 secs] [Times: user=0.02 sys=0.00, real=0.01 secs] 
2014-07-08T06:03:23.447+0000: 2066.906: [GC [PSYoungGen: 787338K->1028K(758272K)] 1011507K->225444K(1445248K), 0.0102400 secs] [Times: user=0.02 sys=0.00, real=0.01 secs] 
2014-07-08T06:03:24.916+0000: 2068.375: [GC [PSYoungGen: 758212K->480K(729472K)] 982628K->225056K(1416448K), 0.0054250 secs] [Times: user=0.01 sys=0.00, real=0.01 secs] 
2014-07-08T06:03:26.609+0000: 2070.068: [GC [PSYoungGen: 729440K->822K(702912K)] 954016K->225542K(1389888K), 0.0112740 secs] [Times: user=0.03 sys=0.00, real=0.01 secs] 
2014-07-08T06:03:27.775+0000: 2071.234: [GC [PSYoungGen: 702900K->402K(676864K)] 927620K->225290K(1363840K), 0.0089280 secs] [Times: user=0.03 sys=0.00, real=0.01 secs] 
2014-07-08T06:03:29.018+0000: 2072.477: [GC [PSYoungGen: 676793K->384K(652352K)] 901681K->225328K(1339328K), 0.0158540 secs] [Times: user=0.06 sys=0.00, real=0.02 secs] 
2014-07-08T06:03:30.204+0000: 2073.664: [GC [PSYoungGen: 652352K->544K(782976K)] 877296K->225552K(1469952K), 0.0208950 secs] [Times: user=0.07 sys=0.00, real=0.02 secs] 
2014-07-08T06:03:32.035+0000: 2075.494: [GC [PSYoungGen: 782944K->772K(939712K)] 1007952K->225852K(1626688K), 0.0221570 secs] [Times: user=0.09 sys=0.00, real=0.02 secs] 
2014-07-08T06:03:33.802+0000: 2077.261: [GC [PSYoungGen: 939652K->576K(1127232K)] 1164732K->225920K(1814208K), 0.0199500 secs] [Times: user=0.07 sys=0.00, real=0.02 secs] 
2014-07-08T06:03:36.128+0000: 2079.587: [GC [PSYoungGen: 1127231K->640K(1352640K)] 1352575K->226184K(2039616K), 0.0263720 secs] [Times: user=0.09 sys=0.00, real=0.03 secs] 
2014-07-08T06:03:38.793+0000: 2082.252: [GC [PSYoungGen: 1352640K->512K(1426752K)] 1578184K->226272K(2113728K), 0.0224210 secs] [Times: user=0.08 sys=0.00, real=0.02 secs] 
2014-07-08T06:03:41.674+0000: 2085.134: [GC [PSYoungGen: 1426176K->594K(1365952K)] 1651936K->226506K(2052928K), 0.0173520 secs] [Times: user=0.07 sys=0.00, real=0.01 secs] 
2014-07-08T06:03:44.097+0000: 2087.556: [GC [PSYoungGen: 1365906K->594K(1308544K)] 1591818K->226738K(1995520K), 0.0112500 secs] [Times: user=0.02 sys=0.00, real=0.01 secs] 
2014-07-08T06:03:46.838+0000: 2090.297: [GC [PSYoungGen: 1308498K->480K(1253824K)] 1534642K->226832K(1940800K), 0.0143450 secs] [Times: user=0.05 sys=0.00, real=0.01 secs] 
2014-07-08T06:03:49.171+0000: 2092.630: [GC [PSYoungGen: 1253792K->384K(1201728K)] 1480144K->226952K(1888704K), 0.0067630 secs] [Times: user=0.02 sys=0.00, real=0.01 secs] 
2014-07-08T06:03:51.651+0000: 2095.110: [GC [PSYoungGen: 1201728K->946K(1152896K)] 1428296K->227906K(1839872K), 0.0054950 secs] [Times: user=0.02 sys=0.00, real=0.01 secs] 
2014-07-08T06:03:53.799+0000: 2097.258: [GC [PSYoungGen: 1152882K->576K(1105472K)] 1379842K->227744K(1792448K), 0.0106640 secs] [Times: user=0.03 sys=0.00, real=0.01 secs] 
2014-07-08T06:03:55.962+0000: 2099.421: [GC [PSYoungGen: 1105472K->690K(1060864K)] 1332640K->228146K(1747840K), 0.0136660 secs] [Times: user=0.04 sys=0.00, real=0.02 secs] 
2014-07-08T06:03:58.002+0000: 2101.461: [GC [PSYoungGen: 1060850K->448K(1017984K)] 1288306K->228064K(1704960K), 0.0102820 secs] [Times: user=0.04 sys=0.01, real=0.01 secs] 
2014-07-08T06:03:59.961+0000: 2103.420: [GC [PSYoungGen: 1017984K->352K(977344K)] 1245600K->228088K(1664320K), 0.0129670 secs] [Times: user=0.05 sys=0.00, real=0.01 secs] 
2014-07-08T06:04:02.086+0000: 2105.545: [GC [PSYoungGen: 977213K->644K(939072K)] 1204950K->228468K(1626048K), 0.0051390 secs] [Times: user=0.01 sys=0.00, real=0.00 secs] 
2014-07-08T06:04:03.962+0000: 2107.422: [GC [PSYoungGen: 939012K->736K(902336K)] 1166836K->228784K(1589312K), 0.0240010 secs] [Times: user=0.09 sys=0.00, real=0.02 secs] 
2014-07-08T06:04:05.776+0000: 2109.235: [GC [PSYoungGen: 902304K->612K(867200K)] 1130352K->228868K(1554176K), 0.0262490 secs] [Times: user=0.10 sys=0.00, real=0.03 secs] 
2014-07-08T06:04:07.581+0000: 2111.041: [GC [PSYoungGen: 867086K->786K(1040704K)] 1095342K->229186K(1727680K), 0.0372220 secs] [Times: user=0.14 sys=0.00, real=0.04 secs] 
2014-07-08T06:04:09.433+0000: 2112.892: [GC [PSYoungGen: 1040658K->690K(998912K)] 1269058K->229218K(1685888K), 0.0090720 secs] [Times: user=0.01 sys=0.00, real=0.01 secs] 
2014-07-08T06:04:11.301+0000: 2114.760: [GC [PSYoungGen: 998898K->690K(959296K)] 1227426K->229338K(1646272K), 0.0157420 secs] [Times: user=0.05 sys=0.01, real=0.01 secs] 
2014-07-08T06:04:13.201+0000: 2116.660: [GC [PSYoungGen: 959281K->900K(921792K)] 1187929K->229684K(1608768K), 0.0058410 secs] [Times: user=0.01 sys=0.00, real=0.00 secs] 
2014-07-08T06:04:14.888+0000: 2118.347: [GC [PSYoungGen: 921687K->548K(885440K)] 1150471K->229636K(1572416K), 0.0126670 secs] [Times: user=0.05 sys=0.00, real=0.01 secs] 
2014-07-08T06:04:16.660+0000: 2120.119: [GC [PSYoungGen: 885408K->836K(851520K)] 1114496K->230060K(1538496K), 0.0200100 secs] [Times: user=0.07 sys=0.00, real=0.02 secs] 
2014-07-08T06:04:18.389+0000: 2121.848: [GC [PSYoungGen: 851460K->868K(818880K)] 1080684K->230404K(1505856K), 0.0118810 secs] [Times: user=0.03 sys=0.01, real=0.01 secs] 
2014-07-08T06:04:19.898+0000: 2123.357: [GC [PSYoungGen: 818852K->534K(787520K)] 1048388K->230214K(1474496K), 0.0145260 secs] [Times: user=0.05 sys=0.00, real=0.02 secs] 
2014-07-08T06:04:21.532+0000: 2124.991: [GC [PSYoungGen: 787478K->1152K(758464K)] 1017158K->230968K(1445440K), 0.0056370 secs] [Times: user=0.02 sys=0.01, real=0.00 secs] 
2014-07-08T06:04:22.868+0000: 2126.327: [GC [PSYoungGen: 758464K->562K(729664K)] 988280K->230546K(1416640K), 0.0123660 secs] [Times: user=0.02 sys=0.00, real=0.02 secs] 
2014-07-08T06:04:24.308+0000: 2127.767: [GC [PSYoungGen: 729595K->672K(702912K)] 959579K->230832K(1389888K), 0.0214530 secs] [Times: user=0.08 sys=0.00, real=0.02 secs] 
2014-07-08T06:04:25.698+0000: 2129.157: [GC [PSYoungGen: 702872K->840K(677440K)] 933032K->231128K(1364416K), 0.0125500 secs] [Times: user=0.04 sys=0.00, real=0.02 secs] 
2014-07-08T06:04:26.992+0000: 2130.451: [GC [PSYoungGen: 677384K->402K(652544K)] 907672K->230786K(1339520K), 0.0047080 secs] [Times: user=0.01 sys=0.00, real=0.00 secs] 
2014-07-08T06:04:28.325+0000: 2131.784: [GC [PSYoungGen: 652498K->978K(629760K)] 882882K->231442K(1316736K), 0.0167500 secs] [Times: user=0.06 sys=0.00, real=0.02 secs] 
2014-07-08T06:04:29.613+0000: 2133.072: [GC [PSYoungGen: 629714K->754K(607232K)] 860178K->231306K(1294208K), 0.0061370 secs] [Times: user=0.02 sys=0.00, real=0.00 secs] 
2014-07-08T06:04:30.856+0000: 2134.315: [GC [PSYoungGen: 607218K->836K(586112K)] 837770K->231484K(1273088K), 0.0069330 secs] [Times: user=0.02 sys=0.00, real=0.01 secs] 
2014-07-08T06:04:32.047+0000: 2135.506: [GC [PSYoungGen: 585992K->644K(565632K)] 816640K->231396K(1252608K), 0.0053990 secs] [Times: user=0.01 sys=0.00, real=0.01 secs] 
2014-07-08T06:04:33.124+0000: 2136.583: [GC [PSYoungGen: 565572K->416K(545984K)] 796324K->231312K(1232960K), 0.0102270 secs] [Times: user=0.03 sys=0.00, real=0.01 secs] 
2014-07-08T06:04:34.143+0000: 2137.602: [GC [PSYoungGen: 545952K->434K(527488K)] 776848K->231434K(1214464K), 0.0180450 secs] [Times: user=0.07 sys=0.00, real=0.02 secs] 
2014-07-08T06:04:35.162+0000: 2138.621: [GC [PSYoungGen: 527474K->548K(509952K)] 758474K->231660K(1196928K), 0.0059750 secs] [Times: user=0.02 sys=0.00, real=0.00 secs] 
2014-07-08T06:04:36.150+0000: 2139.609: [GC [PSYoungGen: 509924K->598K(611904K)] 741036K->231806K(1298880K), 0.0145450 secs] [Times: user=0.05 sys=0.00, real=0.02 secs] 
2014-07-08T06:04:37.665+0000: 2141.125: [GC [PSYoungGen: 611861K->1138K(590976K)] 843070K->232410K(1277952K), 0.0049690 secs] [Times: user=0.01 sys=0.01, real=0.00 secs] 
2014-07-08T06:04:38.713+0000: 2142.172: [GC [PSYoungGen: 590962K->384K(569728K)] 822234K->231816K(1256704K), 0.0135070 secs] [Times: user=0.04 sys=0.00, real=0.01 secs] 
2014-07-08T06:04:39.762+0000: 2143.221: [GC [PSYoungGen: 569728K->384K(683648K)] 801160K->231896K(1370624K), 0.0486720 secs] [Times: user=0.15 sys=0.00, real=0.05 secs] 
2014-07-08T06:04:41.031+0000: 2144.490: [GC [PSYoungGen: 683585K->352K(820352K)] 915098K->231912K(1507328K), 0.0154640 secs] [Times: user=0.05 sys=0.00, real=0.02 secs] 
2014-07-08T06:04:42.792+0000: 2146.251: [GC [PSYoungGen: 820320K->544K(984576K)] 1051880K->232176K(1671552K), 0.0097510 secs] [Times: user=0.04 sys=0.00, real=0.00 secs] 
2014-07-08T06:04:44.667+0000: 2148.126: [GC [PSYoungGen: 984544K->498K(1181312K)] 1216176K->232378K(1868288K), 0.0315010 secs] [Times: user=0.12 sys=0.00, real=0.03 secs] 
2014-07-08T06:04:46.893+0000: 2150.352: [GC [PSYoungGen: 1181294K->594K(1417600K)] 1413174K->232642K(2104576K), 0.0104670 secs] [Times: user=0.03 sys=0.00, real=0.02 secs] 
2014-07-08T06:04:49.514+0000: 2152.973: [GC [PSYoungGen: 1417554K->886K(1604288K)] 1649602K->233070K(2291264K), 0.0107400 secs] [Times: user=0.04 sys=0.01, real=0.01 secs] 
2014-07-08T06:04:52.738+0000: 2156.197: [GC [PSYoungGen: 1604022K->1202K(1535360K)] 1836206K->233610K(2222336K), 0.0222040 secs] [Times: user=0.08 sys=0.00, real=0.02 secs] 
2014-07-08T06:04:55.578+0000: 2159.037: [GC [PSYoungGen: 1535346K->64K(1468544K)] 1767754K->233128K(2155520K), 0.0186470 secs] [Times: user=0.06 sys=0.00, real=0.02 secs] 
2014-07-08T06:04:58.513+0000: 2161.972: [GC [PSYoungGen: 1468544K->1138K(1407232K)] 1701608K->234274K(2094208K), 0.0082740 secs] [Times: user=0.02 sys=0.00, real=0.01 secs] 
2014-07-08T06:05:01.022+0000: 2164.481: [GC [PSYoungGen: 1407218K->448K(1347136K)] 1640354K->233792K(2034112K), 0.0153130 secs] [Times: user=0.06 sys=0.00, real=0.02 secs] 
2014-07-08T06:05:03.911+0000: 2167.370: [GC [PSYoungGen: 1347136K->968K(1291200K)] 1580480K->234464K(1978176K), 0.0163370 secs] [Times: user=0.05 sys=0.00, real=0.02 secs] 
2014-07-08T06:05:06.323+0000: 2169.782: [GC [PSYoungGen: 1291144K->914K(1237376K)] 1524640K->234746K(1924352K), 0.0099310 secs] [Times: user=0.02 sys=0.00, real=0.01 secs] 
2014-07-08T06:05:08.900+0000: 2172.359: [GC [PSYoungGen: 1237330K->480K(1185792K)] 1471162K->234472K(1872768K), 0.0083100 secs] [Times: user=0.01 sys=0.00, real=0.01 secs] 
2014-07-08T06:05:11.098+0000: 2174.557: [GC [PSYoungGen: 1185760K->512K(1137152K)] 1419752K->234680K(1824128K), 0.0191290 secs] [Times: user=0.07 sys=0.00, real=0.02 secs] 
2014-07-08T06:05:13.561+0000: 2177.020: [GC [PSYoungGen: 1137152K->672K(1091072K)] 1371320K->234952K(1778048K), 0.0255690 secs] [Times: user=0.09 sys=0.00, real=0.02 secs] 
2014-07-08T06:05:15.659+0000: 2179.118: [GC [PSYoungGen: 1091040K->640K(1046976K)] 1325320K->235232K(1733952K), 0.0258250 secs] [Times: user=0.09 sys=0.00, real=0.02 secs] 
2014-07-08T06:05:17.736+0000: 2181.195: [GC [PSYoungGen: 1046976K->402K(1004864K)] 1281568K->235138K(1691840K), 0.0053640 secs] [Times: user=0.01 sys=0.00, real=0.01 secs] 
2014-07-08T06:05:19.723+0000: 2183.182: [GC [PSYoungGen: 1004818K->544K(965056K)] 1239554K->235416K(1652032K), 0.0198460 secs] [Times: user=0.07 sys=0.00, real=0.02 secs] 
2014-07-08T06:05:21.655+0000: 2185.114: [GC [PSYoungGen: 965024K->868K(927360K)] 1199896K->235868K(1614336K), 0.0067830 secs] [Times: user=0.01 sys=0.00, real=0.01 secs] 
2014-07-08T06:05:23.654+0000: 2187.113: [GC [PSYoungGen: 927313K->640K(890880K)] 1162314K->235816K(1577856K), 0.0085590 secs] [Times: user=0.02 sys=0.00, real=0.01 secs] 
2014-07-08T06:05:25.155+0000: 2188.614: [GC [PSYoungGen: 890880K->416K(856192K)] 1126056K->235840K(1543168K), 0.0281560 secs] [Times: user=0.11 sys=0.00, real=0.03 secs] 
2014-07-08T06:05:26.933+0000: 2190.392: [GC [PSYoungGen: 856160K->530K(823488K)] 1091584K->236034K(1510464K), 0.0215820 secs] [Times: user=0.08 sys=0.00, real=0.02 secs] 
2014-07-08T06:05:28.595+0000: 2192.054: [GC [PSYoungGen: 823442K->776K(988352K)] 1058946K->236424K(1675328K), 0.0402200 secs] [Times: user=0.15 sys=0.00, real=0.04 secs] 
2014-07-08T06:05:30.425+0000: 2193.884: [GC [PSYoungGen: 988296K->804K(1185856K)] 1223944K->236548K(1872832K), 0.0050300 secs] [Times: user=0.02 sys=0.00, real=0.01 secs] 
2014-07-08T06:05:32.812+0000: 2196.271: [GC [PSYoungGen: 1185828K->936K(1137344K)] 1421572K->236784K(1824320K), 0.0176310 secs] [Times: user=0.04 sys=0.00, real=0.01 secs] 
2014-07-08T06:05:34.971+0000: 2198.430: [GC [PSYoungGen: 1137320K->544K(1090688K)] 1373168K->236680K(1777664K), 0.0187660 secs] [Times: user=0.06 sys=0.00, real=0.01 secs] 
2014-07-08T06:05:37.160+0000: 2200.620: [GC [PSYoungGen: 1090656K->530K(1046656K)] 1326792K->236858K(1733632K), 0.0048550 secs] [Times: user=0.01 sys=0.01, real=0.01 secs] 
2014-07-08T06:05:39.141+0000: 2202.600: [GC [PSYoungGen: 1046599K->388K(1004608K)] 1282927K->236868K(1691584K), 0.0131790 secs] [Times: user=0.05 sys=0.00, real=0.01 secs] 
2014-07-08T06:05:41.055+0000: 2204.515: [GC [PSYoungGen: 1004524K->434K(964672K)] 1241004K->237018K(1651648K), 0.0107280 secs] [Times: user=0.04 sys=0.00, real=0.01 secs] 
2014-07-08T06:05:42.963+0000: 2206.422: [GC [PSYoungGen: 964658K->608K(926848K)] 1201242K->237336K(1613824K), 0.0095530 secs] [Times: user=0.02 sys=0.00, real=0.01 secs] 
2014-07-08T06:05:44.790+0000: 2208.250: [GC [PSYoungGen: 926816K->434K(890432K)] 1163544K->237378K(1577408K), 0.0168210 secs] [Times: user=0.07 sys=0.00, real=0.02 secs] 
2014-07-08T06:05:46.434+0000: 2209.893: [GC [PSYoungGen: 890418K->704K(856192K)] 1127362K->237840K(1543168K), 0.0076280 secs] [Times: user=0.02 sys=0.01, real=0.00 secs] 
2014-07-08T06:05:48.151+0000: 2211.610: [GC [PSYoungGen: 856192K->530K(823232K)] 1093328K->237754K(1510208K), 0.0232670 secs] [Times: user=0.09 sys=0.00, real=0.03 secs] 
2014-07-08T06:05:49.793+0000: 2213.252: [GC [PSYoungGen: 823186K->466K(791872K)] 1060410K->237794K(1478848K), 0.0055070 secs] [Times: user=0.01 sys=0.01, real=0.01 secs] 
2014-07-08T06:05:51.153+0000: 2214.612: [GC [PSYoungGen: 791826K->416K(761984K)] 1029154K->237856K(1448960K), 0.0070770 secs] [Times: user=0.01 sys=0.00, real=0.01 secs] 
2014-07-08T06:05:52.704+0000: 2216.163: [GC [PSYoungGen: 761952K->996K(734144K)] 999392K->238524K(1421120K), 0.0214850 secs] [Times: user=0.08 sys=0.00, real=0.02 secs] 
2014-07-08T06:05:54.061+0000: 2217.520: [GC [PSYoungGen: 734116K->576K(706624K)] 971644K->238320K(1393600K), 0.0068380 secs] [Times: user=0.02 sys=0.00, real=0.01 secs] 
2014-07-08T06:05:55.423+0000: 2218.882: [GC [PSYoungGen: 706624K->722K(680960K)] 944368K->238618K(1367936K), 0.0104270 secs] [Times: user=0.02 sys=0.00, real=0.02 secs] 
2014-07-08T06:05:56.694+0000: 2220.153: [GC [PSYoungGen: 680914K->384K(655936K)] 918810K->238384K(1342912K), 0.0100540 secs] [Times: user=0.04 sys=0.00, real=0.01 secs] 
2014-07-08T06:05:57.969+0000: 2221.428: [GC [PSYoungGen: 655936K->480K(632576K)] 893936K->238568K(1319552K), 0.0044670 secs] [Times: user=0.01 sys=0.00, real=0.00 secs] 
2014-07-08T06:05:59.129+0000: 2222.588: [GC [PSYoungGen: 632544K->466K(610176K)] 870632K->238642K(1297152K), 0.0088150 secs] [Times: user=0.02 sys=0.00, real=0.01 secs] 
2014-07-08T06:06:00.288+0000: 2223.747: [GC [PSYoungGen: 610130K->576K(588864K)] 848306K->238808K(1275840K), 0.0070830 secs] [Times: user=0.02 sys=0.00, real=0.01 secs] 
2014-07-08T06:06:01.411+0000: 2224.870: [GC [PSYoungGen: 588864K->918K(568832K)] 827096K->239198K(1255808K), 0.0057890 secs] [Times: user=0.01 sys=0.00, real=0.01 secs] 
2014-07-08T06:06:02.577+0000: 2226.036: [GC [PSYoungGen: 568790K->576K(682048K)] 807070K->239504K(1369024K), 0.0324150 secs] [Times: user=0.12 sys=0.00, real=0.03 secs] 
2014-07-08T06:06:03.968+0000: 2227.428: [GC [PSYoungGen: 682048K->882K(818688K)] 920976K->239970K(1505664K), 0.0232030 secs] [Times: user=0.09 sys=0.00, real=0.02 secs] 
2014-07-08T06:06:05.573+0000: 2229.032: [GC [PSYoungGen: 818674K->992K(982400K)] 1057762K->240392K(1669376K), 0.0060250 secs] [Times: user=0.02 sys=0.00, real=0.01 secs] 
2014-07-08T06:06:07.477+0000: 2230.937: [GC [PSYoungGen: 982368K->1306K(943872K)] 1221768K->240802K(1630848K), 0.0080310 secs] [Times: user=0.02 sys=0.00, real=0.01 secs] 
2014-07-08T06:06:09.379+0000: 2232.838: [GC [PSYoungGen: 943834K->370K(905920K)] 1183330K->240274K(1592896K), 0.0056600 secs] [Times: user=0.02 sys=0.00, real=0.00 secs] 
2014-07-08T06:06:11.061+0000: 2234.520: [GC [PSYoungGen: 905906K->544K(870912K)] 1145810K->240576K(1557888K), 0.0130150 secs] [Times: user=0.04 sys=0.01, real=0.01 secs] 
2014-07-08T06:06:12.863+0000: 2236.323: [GC [PSYoungGen: 870880K->562K(837376K)] 1110912K->240754K(1524352K), 0.0052410 secs] [Times: user=0.02 sys=0.00, real=0.01 secs] 
2014-07-08T06:06:14.552+0000: 2238.011: [GC [PSYoungGen: 837362K->946K(805824K)] 1077554K->241394K(1492800K), 0.0126260 secs] [Times: user=0.02 sys=0.00, real=0.01 secs] 
2014-07-08T06:06:16.013+0000: 2239.472: [GC [PSYoungGen: 805806K->452K(774912K)] 1046254K->241044K(1461888K), 0.0217610 secs] [Times: user=0.08 sys=0.00, real=0.02 secs] 
2014-07-08T06:06:17.585+0000: 2241.044: [GC [PSYoungGen: 774852K->1188K(746624K)] 1015444K->241876K(1433600K), 0.0047990 secs] [Times: user=0.02 sys=0.00, real=0.01 secs] 
2014-07-08T06:06:19.027+0000: 2242.486: [GC [PSYoungGen: 746596K->384K(718144K)] 987284K->241160K(1405120K), 0.0048110 secs] [Times: user=0.02 sys=0.00, real=0.01 secs] 
2014-07-08T06:06:20.444+0000: 2243.904: [GC [PSYoungGen: 718144K->1046K(692480K)] 958920K->241918K(1379456K), 0.0069650 secs] [Times: user=0.02 sys=0.00, real=0.01 secs] 
2014-07-08T06:06:21.786+0000: 2245.246: [GC [PSYoungGen: 692438K->740K(667008K)] 933310K->241692K(1353984K), 0.0230500 secs] [Times: user=0.07 sys=0.00, real=0.03 secs] 
2014-07-08T06:06:23.044+0000: 2246.503: [GC [PSYoungGen: 666980K->448K(799936K)] 907932K->241552K(1486912K), 0.0370770 secs] [Times: user=0.13 sys=0.00, real=0.04 secs] 
2014-07-08T06:06:24.683+0000: 2248.142: [GC [PSYoungGen: 799936K->480K(959936K)] 1041040K->241752K(1646912K), 0.0113760 secs] [Times: user=0.04 sys=0.00, real=0.01 secs] 
2014-07-08T06:06:26.555+0000: 2250.014: [GC [PSYoungGen: 959904K->370K(922048K)] 1201176K->241794K(1609024K), 0.0054710 secs] [Times: user=0.02 sys=0.00, real=0.01 secs] 
2014-07-08T06:06:28.353+0000: 2251.812: [GC [PSYoungGen: 922034K->950K(886656K)] 1163458K->242486K(1573632K), 0.0099580 secs] [Times: user=0.03 sys=0.01, real=0.01 secs] 
2014-07-08T06:06:30.035+0000: 2253.494: [GC [PSYoungGen: 886558K->562K(852032K)] 1128094K->242226K(1539008K), 0.0126640 secs] [Times: user=0.03 sys=0.01, real=0.01 secs] 
2014-07-08T06:06:31.718+0000: 2255.177: [GC [PSYoungGen: 852018K->676K(819520K)] 1093682K->242452K(1506496K), 0.0205000 secs] [Times: user=0.07 sys=0.00, real=0.02 secs] 
2014-07-08T06:06:33.414+0000: 2256.873: [GC [PSYoungGen: 819492K->964K(788736K)] 1061268K->242908K(1475712K), 0.0086220 secs] [Times: user=0.03 sys=0.00, real=0.01 secs] 
2014-07-08T06:06:34.983+0000: 2258.442: [GC [PSYoungGen: 788676K->402K(758528K)] 1030620K->242522K(1445504K), 0.0096370 secs] [Times: user=0.04 sys=0.00, real=0.01 secs] 
2014-07-08T06:06:36.443+0000: 2259.902: [GC [PSYoungGen: 758476K->900K(730816K)] 1000596K->243188K(1417792K), 0.0084040 secs] [Times: user=0.02 sys=0.01, real=0.01 secs] 
2014-07-08T06:06:37.842+0000: 2261.301: [GC [PSYoungGen: 730756K->512K(703424K)] 973044K->242880K(1390400K), 0.0071360 secs] [Times: user=0.02 sys=0.00, real=0.00 secs] 
2014-07-08T06:06:39.206+0000: 2262.665: [GC [PSYoungGen: 703424K->1188K(678464K)] 945792K->243636K(1365440K), 0.0086510 secs] [Times: user=0.02 sys=0.00, real=0.01 secs] 
2014-07-08T06:06:40.545+0000: 2264.004: [GC [PSYoungGen: 678436K->768K(653504K)] 920884K->243296K(1340480K), 0.0060130 secs] [Times: user=0.02 sys=0.00, real=0.01 secs] 
2014-07-08T06:06:41.762+0000: 2265.221: [GC [PSYoungGen: 653504K->512K(629888K)] 896032K->243128K(1316864K), 0.0167860 secs] [Times: user=0.07 sys=0.00, real=0.01 secs] 
2014-07-08T06:06:43.042+0000: 2266.501: [GC [PSYoungGen: 629888K->530K(755840K)] 872504K->243290K(1442816K), 0.0399080 secs] [Times: user=0.14 sys=0.00, real=0.04 secs] 
2014-07-08T06:06:44.576+0000: 2268.035: [GC [PSYoungGen: 755794K->658K(907072K)] 998554K->243570K(1594048K), 0.0073580 secs] [Times: user=0.02 sys=0.00, real=0.01 secs] 
2014-07-08T06:06:46.109+0000: 2269.568: [GC [PSYoungGen: 907026K->320K(871424K)] 1149938K->243392K(1558400K), 0.0059520 secs] [Times: user=0.01 sys=0.00, real=0.01 secs] 
2014-07-08T06:06:47.874+0000: 2271.333: [GC [PSYoungGen: 871398K->936K(1046336K)] 1114470K->244112K(1733312K), 0.0350730 secs] [Times: user=0.13 sys=0.00, real=0.03 secs] 
2014-07-08T06:06:49.917+0000: 2273.376: [GC [PSYoungGen: 1046249K->566K(1004032K)] 1289425K->243846K(1691008K), 0.0078910 secs] [Times: user=0.02 sys=0.00, real=0.01 secs] 
2014-07-08T06:06:51.825+0000: 2275.284: [GC [PSYoungGen: 1004022K->448K(964032K)] 1247302K->243872K(1651008K), 0.0121970 secs] [Times: user=0.04 sys=0.01, real=0.01 secs] 
2014-07-08T06:06:53.782+0000: 2277.241: [GC [PSYoungGen: 964032K->448K(1156800K)] 1207456K->244056K(1843776K), 0.0280360 secs] [Times: user=0.11 sys=0.00, real=0.02 secs] 
2014-07-08T06:06:56.029+0000: 2279.488: [GC [PSYoungGen: 1156800K->644K(1109824K)] 1400408K->244484K(1796800K), 0.0165670 secs] [Times: user=0.06 sys=0.00, real=0.02 secs] 
2014-07-08T06:06:58.294+0000: 2281.753: [GC [PSYoungGen: 1109764K->960K(1065088K)] 1353604K->244992K(1752064K), 0.0071380 secs] [Times: user=0.02 sys=0.00, real=0.00 secs] 
2014-07-08T06:07:00.386+0000: 2283.845: [GC [PSYoungGen: 1065045K->836K(1022208K)] 1309077K->244988K(1709184K), 0.0056110 secs] [Times: user=0.02 sys=0.01, real=0.00 secs] 
2014-07-08T06:07:02.192+0000: 2285.651: [GC [PSYoungGen: 1022148K->448K(980992K)] 1266300K->244720K(1667968K), 0.0042180 secs] [Times: user=0.01 sys=0.00, real=0.01 secs] 
2014-07-08T06:07:04.304+0000: 2287.763: [GC [PSYoungGen: 980992K->1206K(942976K)] 1225264K->245654K(1629952K), 0.0090930 secs] [Times: user=0.02 sys=0.01, real=0.01 secs] 
2014-07-08T06:07:06.112+0000: 2289.571: [GC [PSYoungGen: 942966K->448K(905280K)] 1187414K->245152K(1592256K), 0.0254310 secs] [Times: user=0.09 sys=0.00, real=0.03 secs] 
2014-07-08T06:07:07.987+0000: 2291.446: [GC [PSYoungGen: 905280K->762K(870400K)] 1149984K->245594K(1557376K), 0.0042820 secs] [Times: user=0.02 sys=0.00, real=0.00 secs] 
2014-07-08T06:07:09.747+0000: 2293.206: [GC [PSYoungGen: 870393K->1060K(837184K)] 1115225K->246004K(1524160K), 0.0058990 secs] [Times: user=0.01 sys=0.00, real=0.00 secs] 
2014-07-08T06:07:11.224+0000: 2294.683: [GC [PSYoungGen: 837156K->672K(804864K)] 1082100K->245736K(1491840K), 0.0185060 secs] [Times: user=0.06 sys=0.00, real=0.02 secs] 
2014-07-08T06:07:12.874+0000: 2296.334: [GC [PSYoungGen: 804832K->950K(774720K)] 1049896K->246118K(1461696K), 0.0071460 secs] [Times: user=0.01 sys=0.00, real=0.01 secs] 
2014-07-08T06:07:14.288+0000: 2297.748: [GC [PSYoungGen: 774626K->772K(745600K)] 1019794K->246164K(1432576K), 0.0141030 secs] [Times: user=0.05 sys=0.00, real=0.01 secs] 
2014-07-08T06:07:15.791+0000: 2299.250: [GC [PSYoungGen: 745540K->370K(717504K)] 990932K->245866K(1404480K), 0.0185570 secs] [Times: user=0.06 sys=0.00, real=0.02 secs] 
2014-07-08T06:07:17.085+0000: 2300.544: [GC [PSYoungGen: 717490K->416K(860992K)] 962986K->246064K(1547968K), 0.0225830 secs] [Times: user=0.08 sys=0.00, real=0.03 secs] 
2014-07-08T06:07:18.878+0000: 2302.338: [GC [PSYoungGen: 860960K->352K(827840K)] 1106608K->246056K(1514816K), 0.0049220 secs] [Times: user=0.02 sys=0.00, real=0.00 secs] 
2014-07-08T06:07:20.462+0000: 2303.921: [GC [PSYoungGen: 827808K->576K(796544K)] 1073512K->246376K(1483520K), 0.0049790 secs] [Times: user=0.01 sys=0.00, real=0.01 secs] 
2014-07-08T06:07:21.923+0000: 2305.383: [GC [PSYoungGen: 796544K->548K(766528K)] 1042344K->246428K(1453504K), 0.0150020 secs] [Times: user=0.05 sys=0.00, real=0.02 secs] 
2014-07-08T06:07:23.261+0000: 2306.720: [GC [PSYoungGen: 766500K->872K(738240K)] 1012380K->246904K(1425216K), 0.0203730 secs] [Times: user=0.07 sys=0.00, real=0.02 secs] 
2014-07-08T06:07:24.781+0000: 2308.240: [GC [PSYoungGen: 738216K->352K(710464K)] 984248K->246496K(1397440K), 0.0060230 secs] [Times: user=0.01 sys=0.00, real=0.01 secs] 
2014-07-08T06:07:26.112+0000: 2309.572: [GC [PSYoungGen: 710432K->416K(684480K)] 956576K->246728K(1371456K), 0.0186270 secs] [Times: user=0.05 sys=0.00, real=0.02 secs] 
2014-07-08T06:07:27.432+0000: 2310.892: [GC [PSYoungGen: 684448K->640K(821504K)] 930760K->247056K(1508480K), 0.0275530 secs] [Times: user=0.10 sys=0.00, real=0.03 secs] 
2014-07-08T06:07:29.103+0000: 2312.562: [GC [PSYoungGen: 821501K->448K(985536K)] 1067917K->246960K(1672512K), 0.0240990 secs] [Times: user=0.08 sys=0.00, real=0.02 secs] 
2014-07-08T06:07:31.111+0000: 2314.570: [GC [PSYoungGen: 985536K->512K(1182656K)] 1232048K->247144K(1869632K), 0.0152540 secs] [Times: user=0.06 sys=0.00, real=0.01 secs] 
2014-07-08T06:07:33.616+0000: 2317.075: [GC [PSYoungGen: 1182656K->1074K(1419712K)] 1429288K->248162K(2106688K), 0.0274300 secs] [Times: user=0.10 sys=0.00, real=0.03 secs] 
2014-07-08T06:07:36.300+0000: 2319.759: [GC [PSYoungGen: 1419698K->640K(1359296K)] 1666786K->248104K(2046272K), 0.0092570 secs] [Times: user=0.03 sys=0.00, real=0.01 secs] 
2014-07-08T06:07:38.946+0000: 2322.405: [GC [PSYoungGen: 1359296K->448K(1302016K)] 1606760K->248192K(1988992K), 0.0071310 secs] [Times: user=0.01 sys=0.00, real=0.01 secs] 
2014-07-08T06:07:41.481+0000: 2324.940: [GC [PSYoungGen: 1302016K->960K(1248256K)] 1549760K->248872K(1935232K), 0.0098680 secs] [Times: user=0.02 sys=0.00, real=0.01 secs] 
2014-07-08T06:07:43.948+0000: 2327.407: [GC [PSYoungGen: 1248256K->882K(1196544K)] 1496168K->248978K(1883520K), 0.0235460 secs] [Times: user=0.08 sys=0.01, real=0.03 secs] 
2014-07-08T06:07:46.256+0000: 2329.715: [GC [PSYoungGen: 1196530K->786K(1147328K)] 1444626K->249146K(1834304K), 0.0137230 secs] [Times: user=0.05 sys=0.00, real=0.01 secs] 
2014-07-08T06:07:48.649+0000: 2332.109: [GC [PSYoungGen: 1147282K->1138K(1100864K)] 1395642K->249706K(1787840K), 0.0230230 secs] [Times: user=0.09 sys=0.00, real=0.03 secs] 
2014-07-08T06:07:50.759+0000: 2334.218: [GC [PSYoungGen: 1100850K->864K(1056064K)] 1349418K->249632K(1743040K), 0.0134230 secs] [Times: user=0.04 sys=0.00, real=0.02 secs] 
2014-07-08T06:07:52.696+0000: 2336.156: [GC [PSYoungGen: 1056032K->768K(1013568K)] 1304800K->249672K(1700544K), 0.0167110 secs] [Times: user=0.05 sys=0.00, real=0.02 secs] 
2014-07-08T06:07:54.690+0000: 2338.149: [GC [PSYoungGen: 1013568K->672K(973184K)] 1262472K->249792K(1660160K), 0.0071860 secs] [Times: user=0.02 sys=0.00, real=0.01 secs] 
2014-07-08T06:07:56.645+0000: 2340.104: [GC [PSYoungGen: 973138K->640K(934720K)] 1222259K->249976K(1621696K), 0.0117040 secs] [Times: user=0.04 sys=0.00, real=0.01 secs] 
2014-07-08T06:07:58.410+0000: 2341.869: [GC [PSYoungGen: 934720K->1238K(898816K)] 1184056K->250742K(1585792K), 0.0179010 secs] [Times: user=0.06 sys=0.00, real=0.02 secs] 
2014-07-08T06:08:00.174+0000: 2343.633: [GC [PSYoungGen: 898721K->726K(863488K)] 1148225K->250334K(1550464K), 0.0122850 secs] [Times: user=0.03 sys=0.00, real=0.01 secs] 
2014-07-08T06:08:01.915+0000: 2345.375: [GC [PSYoungGen: 863446K->416K(830016K)] 1113054K->250128K(1516992K), 0.0053620 secs] [Times: user=0.01 sys=0.01, real=0.00 secs] 
2014-07-08T06:08:03.597+0000: 2347.056: [GC [PSYoungGen: 829984K->1266K(799232K)] 1079696K->251170K(1486208K), 0.0052030 secs] [Times: user=0.02 sys=0.00, real=0.00 secs] 
2014-07-08T06:08:05.139+0000: 2348.598: [GC [PSYoungGen: 799218K->544K(768384K)] 1049122K->250632K(1455360K), 0.0294990 secs] [Times: user=0.11 sys=0.00, real=0.03 secs] 
2014-07-08T06:08:06.849+0000: 2350.308: [GC [PSYoungGen: 768352K->512K(739584K)] 1018440K->250752K(1426560K), 0.0125600 secs] [Times: user=0.04 sys=0.01, real=0.01 secs] 
2014-07-08T06:08:08.286+0000: 2351.745: [GC [PSYoungGen: 739532K->928K(712640K)] 989772K->251344K(1399616K), 0.0114960 secs] [Times: user=0.03 sys=0.00, real=0.01 secs] 
2014-07-08T06:08:09.786+0000: 2353.245: [GC [PSYoungGen: 712608K->616K(686208K)] 963024K->251112K(1373184K), 0.0053270 secs] [Times: user=0.01 sys=0.00, real=0.00 secs] 
2014-07-08T06:08:11.046+0000: 2354.505: [GC [PSYoungGen: 686184K->352K(661056K)] 936680K->250960K(1348032K), 0.0069240 secs] [Times: user=0.01 sys=0.00, real=0.00 secs] 
2014-07-08T06:08:12.345+0000: 2355.804: [GC [PSYoungGen: 661024K->900K(637888K)] 911632K->251604K(1324864K), 0.0241640 secs] [Times: user=0.09 sys=0.00, real=0.02 secs] 
2014-07-08T06:08:13.754+0000: 2357.213: [GC [PSYoungGen: 637828K->498K(614784K)] 888532K->251354K(1301760K), 0.0053800 secs] [Times: user=0.01 sys=0.00, real=0.01 secs] 
2014-07-08T06:08:14.838+0000: 2358.298: [GC [PSYoungGen: 614770K->416K(593088K)] 865626K->251472K(1280064K), 0.0117520 secs] [Times: user=0.05 sys=0.00, real=0.01 secs] 
2014-07-08T06:08:16.064+0000: 2359.523: [GC [PSYoungGen: 593056K->416K(572480K)] 844112K->251568K(1259456K), 0.0156100 secs] [Times: user=0.05 sys=0.00, real=0.02 secs] 
2014-07-08T06:08:17.078+0000: 2360.537: [GC [PSYoungGen: 572448K->384K(552704K)] 823600K->251680K(1239680K), 0.0103890 secs] [Times: user=0.02 sys=0.00, real=0.01 secs] 
2014-07-08T06:08:18.149+0000: 2361.608: [GC [PSYoungGen: 552704K->804K(534336K)] 804000K->252140K(1221312K), 0.0107180 secs] [Times: user=0.04 sys=0.00, real=0.01 secs] 
2014-07-08T06:08:19.255+0000: 2362.714: [GC [PSYoungGen: 534308K->800K(641088K)] 785644K->252232K(1328064K), 0.0292240 secs] [Times: user=0.07 sys=0.00, real=0.02 secs] 
2014-07-08T06:08:20.504+0000: 2363.963: [GC [PSYoungGen: 641056K->772K(769152K)] 892488K->252292K(1456128K), 0.0299560 secs] [Times: user=0.10 sys=0.01, real=0.03 secs] 
2014-07-08T06:08:21.995+0000: 2365.454: [GC [PSYoungGen: 769092K->562K(922560K)] 1020612K->252178K(1609536K), 0.0123420 secs] [Times: user=0.03 sys=0.00, real=0.02 secs] 
2014-07-08T06:08:23.848+0000: 2367.307: [GC [PSYoungGen: 922529K->772K(1107264K)] 1174146K->252572K(1794240K), 0.0257810 secs] [Times: user=0.09 sys=0.00, real=0.02 secs] 
2014-07-08T06:08:25.892+0000: 2369.351: [GC [PSYoungGen: 1107204K->448K(1328192K)] 1359004K->252456K(2015168K), 0.0061910 secs] [Times: user=0.01 sys=0.00, real=0.01 secs] 
2014-07-08T06:08:28.327+0000: 2371.786: [GC [PSYoungGen: 1328192K->754K(1536064K)] 1580200K->252922K(2223040K), 0.0257020 secs] [Times: user=0.09 sys=0.00, real=0.02 secs] 
2014-07-08T06:08:31.517+0000: 2374.976: [GC [PSYoungGen: 1535602K->864K(1470080K)] 1787770K->253144K(2157056K), 0.0214700 secs] [Times: user=0.07 sys=0.00, real=0.02 secs] 
2014-07-08T06:08:34.489+0000: 2377.948: [GC [PSYoungGen: 1470048K->384K(1407104K)] 1722328K->253458K(2094080K), 0.0294670 secs] [Times: user=0.10 sys=0.00, real=0.03 secs] 
2014-07-08T06:08:37.130+0000: 2380.589: [GC [PSYoungGen: 1407087K->822K(1348160K)] 1660161K->254200K(2035136K), 0.0067570 secs] [Times: user=0.02 sys=0.00, real=0.00 secs] 
2014-07-08T06:08:39.780+0000: 2383.240: [GC [PSYoungGen: 1348150K->416K(1291264K)] 1601528K->254082K(1978240K), 0.0114010 secs] [Times: user=0.04 sys=0.00, real=0.01 secs] 
2014-07-08T06:08:42.206+0000: 2385.665: [GC [PSYoungGen: 1291232K->576K(1237632K)] 1544898K->254394K(1924608K), 0.0161990 secs] [Times: user=0.06 sys=0.00, real=0.02 secs] 
2014-07-08T06:08:44.804+0000: 2388.263: [GC [PSYoungGen: 1237632K->608K(1186560K)] 1491450K->254642K(1873536K), 0.0179960 secs] [Times: user=0.06 sys=0.00, real=0.02 secs] 
2014-07-08T06:08:47.056+0000: 2390.515: [GC [PSYoungGen: 1186528K->448K(1137664K)] 1440562K->254730K(1824640K), 0.0112940 secs] [Times: user=0.04 sys=0.00, real=0.01 secs] 
2014-07-08T06:08:49.333+0000: 2392.792: [GC [PSYoungGen: 1137664K->768K(1091648K)] 1391946K->255202K(1778624K), 0.0078130 secs] [Times: user=0.02 sys=0.00, real=0.01 secs] 
2014-07-08T06:08:51.572+0000: 2395.031: [GC [PSYoungGen: 1091648K->786K(1047616K)] 1346082K->255348K(1734592K), 0.0111020 secs] [Times: user=0.04 sys=0.00, real=0.01 secs] 
2014-07-08T06:08:53.647+0000: 2397.106: [GC [PSYoungGen: 1047525K->882K(1005696K)] 1302088K->255996K(1692672K), 0.0123060 secs] [Times: user=0.03 sys=0.00, real=0.01 secs] 
2014-07-08T06:08:55.553+0000: 2399.012: [GC [PSYoungGen: 1005682K->800K(965696K)] 1260796K->256138K(1652672K), 0.0061610 secs] [Times: user=0.02 sys=0.00, real=0.00 secs] 
2014-07-08T06:08:57.467+0000: 2400.926: [GC [PSYoungGen: 965664K->786K(927680K)] 1221002K->256340K(1614656K), 0.0115330 secs] [Times: user=0.04 sys=0.00, real=0.01 secs] 
2014-07-08T06:08:59.322+0000: 2402.781: [GC [PSYoungGen: 927634K->736K(891392K)] 1183188K->256426K(1578368K), 0.0069800 secs] [Times: user=0.01 sys=0.00, real=0.00 secs] 
2014-07-08T06:09:01.024+0000: 2404.483: [GC [PSYoungGen: 891360K->384K(856512K)] 1147050K->256186K(1543488K), 0.0058590 secs] [Times: user=0.01 sys=0.00, real=0.00 secs] 
2014-07-08T06:09:02.767+0000: 2406.226: [GC [PSYoungGen: 856512K->772K(824064K)] 1112314K->256678K(1511040K), 0.0238740 secs] [Times: user=0.09 sys=0.00, real=0.02 secs] 
2014-07-08T06:09:04.452+0000: 2407.911: [GC [PSYoungGen: 823913K->1010K(792960K)] 1079820K->257148K(1479936K), 0.0060170 secs] [Times: user=0.02 sys=0.01, real=0.01 secs] 
2014-07-08T06:09:06.053+0000: 2409.512: [GC [PSYoungGen: 792946K->722K(762880K)] 1049084K->257036K(1449856K), 0.0288990 secs] [Times: user=0.10 sys=0.00, real=0.03 secs] 
2014-07-08T06:09:07.643+0000: 2411.102: [GC [PSYoungGen: 762834K->818K(734528K)] 1019148K->257260K(1421504K), 0.0052960 secs] [Times: user=0.01 sys=0.00, real=0.01 secs] 
2014-07-08T06:09:09.055+0000: 2412.514: [GC [PSYoungGen: 734427K->502K(707072K)] 990869K->257064K(1394048K), 0.0173180 secs] [Times: user=0.07 sys=0.00, real=0.01 secs] 
2014-07-08T06:09:10.408+0000: 2413.867: [GC [PSYoungGen: 707034K->922K(681664K)] 963597K->257556K(1368640K), 0.0056780 secs] [Times: user=0.02 sys=0.00, real=0.01 secs] 
2014-07-08T06:09:11.832+0000: 2415.291: [GC [PSYoungGen: 681626K->836K(656960K)] 938260K->257526K(1343936K), 0.0061440 secs] [Times: user=0.02 sys=0.00, real=0.01 secs] 
2014-07-08T06:09:12.956+0000: 2416.415: [GC [PSYoungGen: 656900K->384K(632960K)] 913590K->257274K(1319936K), 0.0047880 secs] [Times: user=0.01 sys=0.00, real=0.00 secs] 
2014-07-08T06:09:14.265+0000: 2417.724: [GC [PSYoungGen: 632960K->384K(610496K)] 889850K->257386K(1297472K), 0.0051110 secs] [Times: user=0.02 sys=0.00, real=0.00 secs] 
2014-07-08T06:09:15.440+0000: 2418.899: [GC [PSYoungGen: 610496K->886K(733056K)] 867498K->258040K(1420032K), 0.0352760 secs] [Times: user=0.13 sys=0.00, real=0.04 secs] 
2014-07-08T06:09:16.893+0000: 2420.352: [GC [PSYoungGen: 733046K->416K(705536K)] 990200K->257658K(1392512K), 0.0050190 secs] [Times: user=0.01 sys=0.01, real=0.01 secs] 
2014-07-08T06:09:18.199+0000: 2421.658: [GC [PSYoungGen: 705504K->288K(679616K)] 962746K->257642K(1366592K), 0.0045970 secs] [Times: user=0.01 sys=0.01, real=0.00 secs] 
2014-07-08T06:09:19.715+0000: 2423.175: [GC [PSYoungGen: 679584K->850K(655616K)] 936938K->258260K(1342592K), 0.0088020 secs] [Times: user=0.01 sys=0.00, real=0.00 secs] 
2014-07-08T06:09:20.882+0000: 2424.341: [GC [PSYoungGen: 655570K->320K(631552K)] 912980K->257826K(1318528K), 0.0114700 secs] [Times: user=0.04 sys=0.00, real=0.01 secs] 
2014-07-08T06:09:22.178+0000: 2425.637: [GC [PSYoungGen: 631552K->864K(609728K)] 889058K->258466K(1296704K), 0.0098420 secs] [Times: user=0.02 sys=0.00, real=0.01 secs] 
2014-07-08T06:09:23.304+0000: 2426.763: [GC [PSYoungGen: 609696K->868K(731520K)] 867298K->258670K(1418496K), 0.0233740 secs] [Times: user=0.08 sys=0.00, real=0.03 secs] 
2014-07-08T06:09:24.829+0000: 2428.289: [GC [PSYoungGen: 731492K->416K(877248K)] 989294K->258338K(1564224K), 0.0215520 secs] [Times: user=0.07 sys=0.00, real=0.02 secs] 
2014-07-08T06:09:26.576+0000: 2430.035: [GC [PSYoungGen: 877216K->868K(1053056K)] 1135138K->258958K(1740032K), 0.0108950 secs] [Times: user=0.04 sys=0.00, real=0.01 secs] 
2014-07-08T06:09:28.794+0000: 2432.253: [GC [PSYoungGen: 1052944K->946K(1263552K)] 1311035K->259132K(1950528K), 0.0267360 secs] [Times: user=0.10 sys=0.00, real=0.03 secs] 
2014-07-08T06:09:31.192+0000: 2434.652: [GC [PSYoungGen: 1263538K->480K(1515648K)] 1521724K->258818K(2202624K), 0.0246290 secs] [Times: user=0.09 sys=0.00, real=0.03 secs] 
2014-07-08T06:09:34.271+0000: 2437.730: [GC [PSYoungGen: 1515616K->800K(1516928K)] 1773954K->259282K(2203904K), 0.0360240 secs] [Times: user=0.13 sys=0.00, real=0.04 secs] 
2014-07-08T06:09:37.247+0000: 2440.706: [GC [PSYoungGen: 1516384K->544K(1819584K)] 1774866K->259370K(2506560K), 0.0276170 secs] [Times: user=0.09 sys=0.00, real=0.02 secs] 
2014-07-08T06:09:40.862+0000: 2444.321: [GC [PSYoungGen: 1818784K->498K(1739136K)] 2077610K->259508K(2426112K), 0.0062100 secs] [Times: user=0.01 sys=0.00, real=0.01 secs] 
2014-07-08T06:09:44.260+0000: 2447.719: [GC [PSYoungGen: 1739122K->800K(1663808K)] 1998132K->260010K(2350784K), 0.0165520 secs] [Times: user=0.06 sys=0.00, real=0.01 secs] 
2014-07-08T06:09:47.693+0000: 2451.152: [GC [PSYoungGen: 1663776K->1216K(1592256K)] 1922986K->260778K(2279232K), 0.0186390 secs] [Times: user=0.06 sys=0.01, real=0.02 secs] 
2014-07-08T06:09:50.725+0000: 2454.184: [GC [PSYoungGen: 1592256K->480K(1523136K)] 1851818K->260298K(2210112K), 0.0088990 secs] [Times: user=0.03 sys=0.00, real=0.01 secs] 
2014-07-08T06:09:53.800+0000: 2457.259: [GC [PSYoungGen: 1523104K->640K(1458176K)] 1782922K->260626K(2145152K), 0.0104700 secs] [Times: user=0.03 sys=0.00, real=0.01 secs] 
2014-07-08T06:09:56.621+0000: 2460.080: [GC [PSYoungGen: 1458176K->1010K(1396672K)] 1718162K->261356K(2083648K), 0.0055030 secs] [Times: user=0.02 sys=0.00, real=0.00 secs] 
2014-07-08T06:09:59.232+0000: 2462.691: [GC [PSYoungGen: 1396608K->448K(1337216K)] 1656954K->260970K(2024192K), 0.0071520 secs] [Times: user=0.02 sys=0.00, real=0.00 secs] 
2014-07-08T06:10:01.838+0000: 2465.297: [GC [PSYoungGen: 1337216K->640K(1281408K)] 1597738K->261338K(1968384K), 0.0216070 secs] [Times: user=0.08 sys=0.00, real=0.02 secs] 
2014-07-08T06:10:04.459+0000: 2467.918: [GC [PSYoungGen: 1281408K->896K(1228416K)] 1542106K->261770K(1915392K), 0.0308030 secs] [Times: user=0.12 sys=0.00, real=0.03 secs] 
2014-07-08T06:10:06.843+0000: 2470.302: [GC [PSYoungGen: 1228416K->480K(1177344K)] 1489290K->261666K(1864320K), 0.0069760 secs] [Times: user=0.02 sys=0.00, real=0.00 secs] 
2014-07-08T06:10:09.181+0000: 2472.640: [GC [PSYoungGen: 1177312K->612K(1129216K)] 1438498K->261942K(1816192K), 0.0076450 secs] [Times: user=0.03 sys=0.00, real=0.01 secs] 
2014-07-08T06:10:11.378+0000: 2474.837: [GC [PSYoungGen: 1129188K->1106K(1083840K)] 1390518K->262588K(1770816K), 0.0220160 secs] [Times: user=0.08 sys=0.01, real=0.02 secs] 
2014-07-08T06:10:13.668+0000: 2477.127: [GC [PSYoungGen: 1083794K->804K(1039808K)] 1345276K->262438K(1726784K), 0.0130400 secs] [Times: user=0.05 sys=0.00, real=0.01 secs] 
2014-07-08T06:10:15.589+0000: 2479.048: [GC [PSYoungGen: 1039780K->758K(998144K)] 1301414K->262816K(1685120K), 0.0144420 secs] [Times: user=0.04 sys=0.00, real=0.02 secs] 
2014-07-08T06:10:17.634+0000: 2481.093: [GC [PSYoungGen: 998134K->1170K(958976K)] 1260192K->263356K(1645952K), 0.0291080 secs] [Times: user=0.10 sys=0.01, real=0.03 secs] 
2014-07-08T06:10:19.559+0000: 2483.018: [GC [PSYoungGen: 958930K->914K(1150272K)] 1221116K->263260K(1837248K), 0.0326620 secs] [Times: user=0.12 sys=0.00, real=0.03 secs] 
2014-07-08T06:10:21.789+0000: 2485.248: [GC [PSYoungGen: 1150226K->608K(1103040K)] 1412572K->263098K(1790016K), 0.0181920 secs] [Times: user=0.06 sys=0.00, real=0.02 secs] 
2014-07-08T06:10:24.018+0000: 2487.477: [GC [PSYoungGen: 1103008K->594K(1058368K)] 1365498K->263284K(1745344K), 0.0053630 secs] [Times: user=0.02 sys=0.00, real=0.00 secs] 
2014-07-08T06:10:26.156+0000: 2489.615: [GC [PSYoungGen: 1058322K->480K(1015744K)] 1321012K->263426K(1702720K), 0.0190650 secs] [Times: user=0.07 sys=0.00, real=0.01 secs] 
2014-07-08T06:10:28.306+0000: 2491.765: [GC [PSYoungGen: 1015612K->804K(1219136K)] 1278558K->263926K(1906112K), 0.0339200 secs] [Times: user=0.12 sys=0.00, real=0.03 secs] 
2014-07-08T06:10:30.697+0000: 2494.157: [GC [PSYoungGen: 1219108K->672K(1168768K)] 1482230K->263954K(1855744K), 0.0090960 secs] [Times: user=0.02 sys=0.00, real=0.01 secs] 
2014-07-08T06:10:33.036+0000: 2496.495: [GC [PSYoungGen: 1168718K->832K(1121088K)] 1432000K->264242K(1808064K), 0.0172310 secs] [Times: user=0.07 sys=0.00, real=0.02 secs] 
2014-07-08T06:10:35.102+0000: 2498.561: [GC [PSYoungGen: 1121088K->580K(1075392K)] 1384498K->264310K(1762368K), 0.0047930 secs] [Times: user=0.02 sys=0.00, real=0.01 secs] 
2014-07-08T06:10:37.301+0000: 2500.760: [GC [PSYoungGen: 1075332K->722K(1032192K)] 1339062K->264628K(1719168K), 0.0220860 secs] [Times: user=0.07 sys=0.01, real=0.02 secs] 
2014-07-08T06:10:39.268+0000: 2502.727: [GC [PSYoungGen: 1032146K->434K(990656K)] 1296052K->264476K(1677632K), 0.0299050 secs] [Times: user=0.12 sys=0.00, real=0.03 secs] 
2014-07-08T06:10:41.135+0000: 2504.594: [GC [PSYoungGen: 990642K->576K(951552K)] 1254684K->264730K(1638528K), 0.0120750 secs] [Times: user=0.04 sys=0.00, real=0.01 secs] 
2014-07-08T06:10:43.119+0000: 2506.578: [GC [PSYoungGen: 951552K->640K(914240K)] 1215706K->264922K(1601216K), 0.0139080 secs] [Times: user=0.05 sys=0.00, real=0.01 secs] 
2014-07-08T06:10:44.922+0000: 2508.381: [GC [PSYoungGen: 914240K->498K(878528K)] 1178522K->265028K(1565504K), 0.0192770 secs] [Times: user=0.07 sys=0.00, real=0.02 secs] 
2014-07-08T06:10:46.640+0000: 2510.099: [GC [PSYoungGen: 878509K->1078K(845184K)] 1143039K->265792K(1532160K), 0.0075250 secs] [Times: user=0.02 sys=0.00, real=0.00 secs] 
2014-07-08T06:10:48.394+0000: 2511.854: [GC [PSYoungGen: 845174K->754K(812544K)] 1109888K->265802K(1499520K), 0.0273040 secs] [Times: user=0.09 sys=0.00, real=0.03 secs] 
2014-07-08T06:10:49.881+0000: 2513.340: [GC [PSYoungGen: 812530K->434K(781440K)] 1077578K->265602K(1468416K), 0.0048370 secs] [Times: user=0.02 sys=0.00, real=0.00 secs] 
2014-07-08T06:10:51.372+0000: 2514.831: [GC [PSYoungGen: 781426K->672K(752384K)] 1046594K->265936K(1439360K), 0.0173770 secs] [Times: user=0.06 sys=0.01, real=0.02 secs] 
2014-07-08T06:10:52.999+0000: 2516.458: [GC [PSYoungGen: 752352K->1280K(903296K)] 1017616K->266680K(1590272K), 0.0324600 secs] [Times: user=0.11 sys=0.00, real=0.03 secs] 
2014-07-08T06:10:54.726+0000: 2518.185: [GC [PSYoungGen: 903244K->616K(867584K)] 1168644K->266624K(1554560K), 0.0061810 secs] [Times: user=0.01 sys=0.01, real=0.01 secs] 
2014-07-08T06:10:56.265+0000: 2519.724: [GC [PSYoungGen: 867560K->626K(834176K)] 1133568K->266778K(1521152K), 0.0056790 secs] [Times: user=0.01 sys=0.00, real=0.01 secs] 
2014-07-08T06:10:58.082+0000: 2521.541: [GC [PSYoungGen: 834162K->1316K(803072K)] 1100314K->267660K(1490048K), 0.0073900 secs] [Times: user=0.02 sys=0.00, real=0.00 secs] 
2014-07-08T06:10:59.716+0000: 2523.175: [GC [PSYoungGen: 803000K->744K(772224K)] 1069344K->267216K(1459200K), 0.0068010 secs] [Times: user=0.02 sys=0.00, real=0.01 secs] 
2014-07-08T06:11:01.112+0000: 2524.572: [GC [PSYoungGen: 772200K->352K(742976K)] 1038672K->266912K(1429952K), 0.0179850 secs] [Times: user=0.06 sys=0.00, real=0.02 secs] 
2014-07-08T06:11:02.793+0000: 2526.252: [GC [PSYoungGen: 742944K->836K(715968K)] 1009504K->267484K(1402944K), 0.0256360 secs] [Times: user=0.10 sys=0.00, real=0.02 secs] 
2014-07-08T06:11:04.165+0000: 2527.624: [GC [PSYoungGen: 715908K->448K(858560K)] 982556K->267336K(1545536K), 0.0221830 secs] [Times: user=0.08 sys=0.00, real=0.02 secs] 
2014-07-08T06:11:05.924+0000: 2529.383: [GC [PSYoungGen: 858560K->448K(1030208K)] 1125448K->267472K(1717184K), 0.0113510 secs] [Times: user=0.03 sys=0.00, real=0.01 secs] 
2014-07-08T06:11:07.957+0000: 2531.416: [GC [PSYoungGen: 1030208K->612K(1236352K)] 1297232K->267772K(1923328K), 0.0239420 secs] [Times: user=0.09 sys=0.00, real=0.03 secs] 
2014-07-08T06:11:10.318+0000: 2533.777: [GC [PSYoungGen: 1236324K->672K(1483584K)] 1503484K->267952K(2170560K), 0.0291030 secs] [Times: user=0.11 sys=0.00, real=0.03 secs] 
2014-07-08T06:11:13.150+0000: 2536.609: [GC [PSYoungGen: 1483552K->786K(1420608K)] 1750832K->268194K(2107584K), 0.0086310 secs] [Times: user=0.01 sys=0.00, real=0.01 secs] 
2014-07-08T06:11:15.943+0000: 2539.402: [GC [PSYoungGen: 1420562K->480K(1360256K)] 1687970K->268136K(2047232K), 0.0053410 secs] [Times: user=0.01 sys=0.00, real=0.00 secs] 
2014-07-08T06:11:18.660+0000: 2542.119: [GC [PSYoungGen: 1360224K->946K(1303552K)] 1627880K->268866K(1990528K), 0.0074110 secs] [Times: user=0.02 sys=0.01, real=0.01 secs] 
2014-07-08T06:11:21.070+0000: 2544.529: [GC [PSYoungGen: 1303538K->498K(1248768K)] 1571458K->268586K(1935744K), 0.0222500 secs] [Times: user=0.08 sys=0.00, real=0.02 secs] 
2014-07-08T06:11:23.691+0000: 2547.150: [GC [PSYoungGen: 1248754K->1248K(1197824K)] 1516842K->269480K(1884800K), 0.0299910 secs] [Times: user=0.12 sys=0.00, real=0.03 secs] 
2014-07-08T06:11:25.956+0000: 2549.416: [GC [PSYoungGen: 1197792K->384K(1147712K)] 1466024K->268920K(1834688K), 0.0096850 secs] [Times: user=0.04 sys=0.00, real=0.01 secs] 
2014-07-08T06:11:28.225+0000: 2551.685: [GC [PSYoungGen: 1147712K->598K(1101184K)] 1416248K->269310K(1788160K), 0.0051120 secs] [Times: user=0.02 sys=0.01, real=0.00 secs] 
2014-07-08T06:11:30.251+0000: 2553.710: [GC [PSYoungGen: 1101142K->544K(1056576K)] 1369854K->269408K(1743552K), 0.0120900 secs] [Times: user=0.04 sys=0.00, real=0.01 secs] 
2014-07-08T06:11:32.207+0000: 2555.666: [GC [PSYoungGen: 1056544K->480K(1014080K)] 1325408K->269448K(1701056K), 0.0292540 secs] [Times: user=0.10 sys=0.00, real=0.03 secs] 
2014-07-08T06:11:34.385+0000: 2557.844: [GC [PSYoungGen: 1014048K->1092K(974336K)] 1283016K->270252K(1661312K), 0.0245720 secs] [Times: user=0.09 sys=0.00, real=0.02 secs] 
2014-07-08T06:11:36.133+0000: 2559.593: [GC [PSYoungGen: 974276K->516K(935296K)] 1243436K->269932K(1622272K), 0.0106270 secs] [Times: user=0.04 sys=0.00, real=0.01 secs] 
2014-07-08T06:11:37.937+0000: 2561.397: [GC [PSYoungGen: 935236K->480K(898624K)] 1204652K->270024K(1585600K), 0.0147200 secs] [Times: user=0.06 sys=0.00, real=0.01 secs] 
2014-07-08T06:11:39.790+0000: 2563.249: [GC [PSYoungGen: 898542K->466K(863744K)] 1168087K->270106K(1550720K), 0.0050290 secs] [Times: user=0.01 sys=0.00, real=0.00 secs] 
2014-07-08T06:11:41.335+0000: 2564.794: [GC [PSYoungGen: 863698K->594K(830656K)] 1133338K->270354K(1517632K), 0.0068460 secs] [Times: user=0.02 sys=0.00, real=0.01 secs] 
2014-07-08T06:11:42.929+0000: 2566.388: [GC [PSYoungGen: 830528K->580K(799040K)] 1100288K->270476K(1486016K), 0.0088090 secs] [Times: user=0.02 sys=0.00, real=0.01 secs] 
2014-07-08T06:11:44.641+0000: 2568.100: [GC [PSYoungGen: 798980K->608K(768896K)] 1068876K->270688K(1455872K), 0.0245310 secs] [Times: user=0.09 sys=0.00, real=0.02 secs] 
2014-07-08T06:11:46.029+0000: 2569.488: [GC [PSYoungGen: 768864K->452K(922432K)] 1038944K->270732K(1609408K), 0.0279040 secs] [Times: user=0.10 sys=0.00, real=0.03 secs] 
2014-07-08T06:11:47.792+0000: 2571.251: [GC [PSYoungGen: 922372K->744K(886720K)] 1192652K->271112K(1573696K), 0.0076450 secs] [Times: user=0.01 sys=0.00, real=0.01 secs] 
2014-07-08T06:11:49.599+0000: 2573.058: [GC [PSYoungGen: 886696K->950K(852608K)] 1157064K->271414K(1539584K), 0.0048840 secs] [Times: user=0.02 sys=0.00, real=0.00 secs] 
2014-07-08T06:11:51.082+0000: 2574.542: [GC [PSYoungGen: 852598K->384K(819392K)] 1123062K->270976K(1506368K), 0.0239710 secs] [Times: user=0.09 sys=0.00, real=0.02 secs] 
2014-07-08T06:11:52.883+0000: 2576.342: [GC [PSYoungGen: 819392K->896K(788800K)] 1089984K->271584K(1475776K), 0.0173700 secs] [Times: user=0.06 sys=0.00, real=0.02 secs] 
2014-07-08T06:11:54.508+0000: 2577.967: [GC [PSYoungGen: 788800K->946K(759232K)] 1059488K->271874K(1446208K), 0.0070040 secs] [Times: user=0.01 sys=0.00, real=0.01 secs] 
2014-07-08T06:11:55.940+0000: 2579.399: [GC [PSYoungGen: 759218K->484K(730496K)] 1030146K->271588K(1417472K), 0.0117390 secs] [Times: user=0.04 sys=0.00, real=0.01 secs] 
2014-07-08T06:11:57.316+0000: 2580.775: [GC [PSYoungGen: 730468K->352K(876416K)] 1001572K->271552K(1563392K), 0.0331060 secs] [Times: user=0.12 sys=0.00, real=0.03 secs] 
2014-07-08T06:11:59.227+0000: 2582.686: [GC [PSYoungGen: 876382K->512K(1051776K)] 1147582K->271800K(1738752K), 0.0180820 secs] [Times: user=0.07 sys=0.00, real=0.02 secs] 
2014-07-08T06:12:01.213+0000: 2584.672: [GC [PSYoungGen: 1051776K->352K(1009472K)] 1323064K->271752K(1696448K), 0.0071820 secs] [Times: user=0.01 sys=0.00, real=0.01 secs] 
2014-07-08T06:12:03.335+0000: 2586.794: [GC [PSYoungGen: 1009440K->832K(969792K)] 1280840K->272352K(1656768K), 0.0188310 secs] [Times: user=0.07 sys=0.01, real=0.02 secs] 
2014-07-08T06:12:05.356+0000: 2588.815: [GC [PSYoungGen: 969792K->850K(931648K)] 1241312K->272626K(1618624K), 0.0209600 secs] [Times: user=0.07 sys=0.00, real=0.02 secs] 
2014-07-08T06:12:07.219+0000: 2590.678: [GC [PSYoungGen: 931602K->480K(1117440K)] 1203378K->272448K(1804416K), 0.0223520 secs] [Times: user=0.08 sys=0.00, real=0.03 secs] 
2014-07-08T06:12:09.586+0000: 2593.045: [GC [PSYoungGen: 1117381K->822K(1072384K)] 1389349K->272886K(1759360K), 0.0051170 secs] [Times: user=0.02 sys=0.00, real=0.01 secs] 
2014-07-08T06:12:11.725+0000: 2595.184: [GC [PSYoungGen: 1072374K->1010K(1286912K)] 1344438K->273226K(1973888K), 0.0348590 secs] [Times: user=0.13 sys=0.00, real=0.03 secs] 
2014-07-08T06:12:14.221+0000: 2597.680: [GC [PSYoungGen: 1286898K->1010K(1233408K)] 1559114K->273418K(1920384K), 0.0191360 secs] [Times: user=0.06 sys=0.00, real=0.02 secs] 
2014-07-08T06:12:16.654+0000: 2600.113: [GC [PSYoungGen: 1233394K->676K(1479616K)] 1505802K->273372K(2166592K), 0.0325430 secs] [Times: user=0.11 sys=0.00, real=0.03 secs] 
2014-07-08T06:12:19.652+0000: 2603.111: [GC [PSYoungGen: 1479588K->960K(1416960K)] 1752284K->273824K(2103936K), 0.0067640 secs] [Times: user=0.02 sys=0.00, real=0.00 secs] 
2014-07-08T06:12:22.337+0000: 2605.796: [GC [PSYoungGen: 1416960K->768K(1356928K)] 1689824K->273840K(2043904K), 0.0262710 secs] [Times: user=0.10 sys=0.01, real=0.03 secs] 
2014-07-08T06:12:25.157+0000: 2608.616: [GC [PSYoungGen: 1356928K->576K(1299776K)] 1630000K->273872K(1986752K), 0.0390640 secs] [Times: user=0.15 sys=0.00, real=0.04 secs] 
2014-07-08T06:12:27.897+0000: 2611.356: [GC [PSYoungGen: 1299776K->704K(1559744K)] 1573072K->274296K(2246720K), 0.0285360 secs] [Times: user=0.10 sys=0.00, real=0.03 secs] 
2014-07-08T06:12:30.897+0000: 2614.356: [GC [PSYoungGen: 1559744K->544K(1492736K)] 1833336K->274328K(2179712K), 0.0177200 secs] [Times: user=0.06 sys=0.00, real=0.02 secs] 
2014-07-08T06:12:33.883+0000: 2617.342: [GC [PSYoungGen: 1492704K->658K(1429248K)] 1766488K->274618K(2116224K), 0.0104830 secs] [Times: user=0.04 sys=0.00, real=0.01 secs] 
2014-07-08T06:12:36.604+0000: 2620.063: [GC [PSYoungGen: 1429202K->850K(1368960K)] 1703162K->275146K(2055936K), 0.0186590 secs] [Times: user=0.07 sys=0.00, real=0.02 secs] 
2014-07-08T06:12:39.187+0000: 2622.646: [GC [PSYoungGen: 1368914K->484K(1311040K)] 1643210K->274956K(1998016K), 0.0241010 secs] [Times: user=0.09 sys=0.00, real=0.02 secs] 
2014-07-08T06:12:41.833+0000: 2625.292: [GC [PSYoungGen: 1310971K->1142K(1256960K)] 1585444K->275734K(1943936K), 0.0062980 secs] [Times: user=0.02 sys=0.01, real=0.01 secs] 
2014-07-08T06:12:44.160+0000: 2627.619: [GC [PSYoungGen: 1256950K->576K(1204288K)] 1531542K->275408K(1891264K), 0.0230130 secs] [Times: user=0.09 sys=0.00, real=0.02 secs] 
2014-07-08T06:12:46.548+0000: 2630.008: [GC [PSYoungGen: 1204264K->896K(1155072K)] 1479096K->275928K(1842048K), 0.0145740 secs] [Times: user=0.05 sys=0.00, real=0.01 secs] 
2014-07-08T06:12:48.841+0000: 2632.300: [GC [PSYoungGen: 1155069K->480K(1107520K)] 1430101K->275704K(1794496K), 0.0145360 secs] [Times: user=0.05 sys=0.00, real=0.01 secs] 
2014-07-08T06:12:50.954+0000: 2634.413: [GC [PSYoungGen: 1107488K->498K(1062656K)] 1382712K->275858K(1749632K), 0.0183540 secs] [Times: user=0.07 sys=0.00, real=0.02 secs] 
2014-07-08T06:12:53.032+0000: 2636.491: [GC [PSYoungGen: 1062642K->512K(1019968K)] 1338002K->276016K(1706944K), 0.0322010 secs] [Times: user=0.11 sys=0.00, real=0.03 secs] 
2014-07-08T06:12:55.056+0000: 2638.515: [GC [PSYoungGen: 1019926K->448K(979264K)] 1295430K->276168K(1666240K), 0.0234290 secs] [Times: user=0.08 sys=0.00, real=0.03 secs] 
2014-07-08T06:12:57.043+0000: 2640.502: [GC [PSYoungGen: 979264K->722K(1175360K)] 1254984K->276634K(1862336K), 0.0264800 secs] [Times: user=0.09 sys=0.00, real=0.03 secs] 
2014-07-08T06:12:59.266+0000: 2642.726: [GC [PSYoungGen: 1175314K->512K(1410048K)] 1451226K->276560K(2097024K), 0.0227780 secs] [Times: user=0.08 sys=0.00, real=0.03 secs] 
2014-07-08T06:13:02.237+0000: 2645.696: [GC [PSYoungGen: 1410048K->896K(1692352K)] 1686096K->277056K(2379328K), 0.0254610 secs] [Times: user=0.08 sys=0.00, real=0.03 secs] 
2014-07-08T06:13:05.681+0000: 2649.140: [GC [PSYoungGen: 1692352K->1042K(1619200K)] 1968512K->277490K(2306176K), 0.0061480 secs] [Times: user=0.02 sys=0.00, real=0.00 secs] 
2014-07-08T06:13:08.913+0000: 2652.373: [GC [PSYoungGen: 1619154K->384K(1548736K)] 1895602K->277136K(2235712K), 0.0053020 secs] [Times: user=0.02 sys=0.00, real=0.00 secs] 
2014-07-08T06:13:12.017+0000: 2655.476: [GC [PSYoungGen: 1548648K->690K(1482688K)] 1825400K->277634K(2169664K), 0.0047910 secs] [Times: user=0.02 sys=0.00, real=0.01 secs] 
2014-07-08T06:13:14.909+0000: 2658.368: [GC [PSYoungGen: 1482674K->640K(1419520K)] 1759618K->277840K(2106496K), 0.0165560 secs] [Times: user=0.06 sys=0.00, real=0.02 secs] 
2014-07-08T06:13:17.726+0000: 2661.185: [GC [PSYoungGen: 1419520K->900K(1359808K)] 1696720K->278364K(2046784K), 0.0069040 secs] [Times: user=0.02 sys=0.00, real=0.01 secs] 
2014-07-08T06:13:20.336+0000: 2663.795: [GC [PSYoungGen: 1359690K->648K(1302464K)] 1637154K->278304K(1989440K), 0.0115890 secs] [Times: user=0.04 sys=0.00, real=0.01 secs] 
2014-07-08T06:13:22.962+0000: 2666.421: [GC [PSYoungGen: 1302408K->576K(1248064K)] 1580064K->278368K(1935040K), 0.0235060 secs] [Times: user=0.08 sys=0.00, real=0.02 secs] 
2014-07-08T06:13:25.350+0000: 2668.809: [GC [PSYoungGen: 1248064K->754K(1196608K)] 1525856K->278834K(1883584K), 0.0195610 secs] [Times: user=0.07 sys=0.00, real=0.02 secs] 
2014-07-08T06:13:27.973+0000: 2671.432: [GC [PSYoungGen: 1196594K->594K(1147328K)] 1474674K->278874K(1834304K), 0.0262110 secs] [Times: user=0.10 sys=0.00, real=0.02 secs] 
2014-07-08T06:13:30.286+0000: 2673.745: [GC [PSYoungGen: 1147262K->786K(1100736K)] 1425543K->279282K(1787712K), 0.0084270 secs] [Times: user=0.02 sys=0.00, real=0.01 secs] 
2014-07-08T06:13:32.542+0000: 2676.001: [GC [PSYoungGen: 1100690K->754K(1056128K)] 1379186K->279370K(1743104K), 0.0072800 secs] [Times: user=0.02 sys=0.00, real=0.01 secs] 
2014-07-08T06:13:34.637+0000: 2678.096: [GC [PSYoungGen: 1056114K->754K(1013760K)] 1334730K->279898K(1700736K), 0.0080850 secs] [Times: user=0.01 sys=0.01, real=0.01 secs] 
2014-07-08T06:13:36.703+0000: 2680.162: [GC [PSYoungGen: 1013746K->1216K(973888K)] 1292890K->280544K(1660864K), 0.0071580 secs] [Times: user=0.02 sys=0.00, real=0.01 secs] 
2014-07-08T06:13:38.641+0000: 2682.100: [GC [PSYoungGen: 973865K->634K(934912K)] 1253193K->280490K(1621888K), 0.0088250 secs] [Times: user=0.03 sys=0.00, real=0.01 secs] 
2014-07-08T06:13:40.536+0000: 2683.995: [GC [PSYoungGen: 934906K->1274K(898944K)] 1214762K->281234K(1585920K), 0.0108410 secs] [Times: user=0.03 sys=0.00, real=0.01 secs] 
2014-07-08T06:13:42.347+0000: 2685.806: [GC [PSYoungGen: 898938K->722K(863616K)] 1178898K->280866K(1550592K), 0.0152760 secs] [Times: user=0.05 sys=0.00, real=0.01 secs] 
2014-07-08T06:13:44.020+0000: 2687.479: [GC [PSYoungGen: 863563K->676K(830336K)] 1143707K->281052K(1517312K), 0.0117440 secs] [Times: user=0.03 sys=0.00, real=0.01 secs] 
2014-07-08T06:13:45.726+0000: 2689.186: [GC [PSYoungGen: 830308K->882K(798912K)] 1110684K->281442K(1485888K), 0.0073520 secs] [Times: user=0.01 sys=0.01, real=0.00 secs] 
2014-07-08T06:13:47.277+0000: 2690.736: [GC [PSYoungGen: 798898K->480K(768384K)] 1079458K->281200K(1455360K), 0.0297890 secs] [Times: user=0.11 sys=0.00, real=0.03 secs] 
2014-07-08T06:13:48.862+0000: 2692.321: [GC [PSYoungGen: 768332K->452K(921984K)] 1049052K->281276K(1608960K), 0.0212050 secs] [Times: user=0.08 sys=0.00, real=0.02 secs] 
2014-07-08T06:13:50.723+0000: 2694.182: [GC [PSYoungGen: 921924K->1156K(1107008K)] 1202748K->282068K(1793984K), 0.0223070 secs] [Times: user=0.08 sys=0.00, real=0.02 secs] 
2014-07-08T06:13:52.872+0000: 2696.331: [GC [PSYoungGen: 1106948K->480K(1327488K)] 1387860K->281496K(2014464K), 0.0300580 secs] [Times: user=0.11 sys=0.00, real=0.03 secs] 
2014-07-08T06:13:55.350+0000: 2698.809: [GC [PSYoungGen: 1327456K->626K(1593024K)] 1608472K->281898K(2280000K), 0.0241650 secs] [Times: user=0.09 sys=0.00, real=0.02 secs] 
2014-07-08T06:13:58.751+0000: 2702.210: [GC [PSYoungGen: 1593010K->1060K(1754432K)] 1874282K->282524K(2441408K), 0.0255710 secs] [Times: user=0.08 sys=0.00, real=0.02 secs] 
2014-07-08T06:14:02.320+0000: 2705.780: [GC [PSYoungGen: 1754020K->736K(1677376K)] 2035484K->282456K(2364352K), 0.0112780 secs] [Times: user=0.03 sys=0.00, real=0.01 secs] 
2014-07-08T06:14:05.470+0000: 2708.929: [GC [PSYoungGen: 1677344K->818K(1604800K)] 1959064K->282890K(2291776K), 0.0069920 secs] [Times: user=0.02 sys=0.00, real=0.00 secs] 
2014-07-08T06:14:08.622+0000: 2712.081: [GC [PSYoungGen: 1604786K->850K(1535808K)] 1886858K->283186K(2222784K), 0.0087640 secs] [Times: user=0.03 sys=0.00, real=0.01 secs] 
2014-07-08T06:14:11.782+0000: 2715.241: [GC [PSYoungGen: 1535762K->800K(1470080K)] 1818098K->283344K(2157056K), 0.0087910 secs] [Times: user=0.02 sys=0.00, real=0.01 secs] 
2014-07-08T06:14:14.394+0000: 2717.853: [GC [PSYoungGen: 1470048K->946K(1407744K)] 1752592K->283778K(2094720K), 0.0117620 secs] [Times: user=0.03 sys=0.00, real=0.01 secs] 
2014-07-08T06:14:17.201+0000: 2720.660: [GC [PSYoungGen: 1407702K->630K(1348032K)] 1690534K->283662K(2035008K), 0.0124270 secs] [Times: user=0.04 sys=0.00, real=0.01 secs] 
2014-07-08T06:14:19.878+0000: 2723.337: [GC [PSYoungGen: 1347966K->662K(1291584K)] 1630999K->283910K(1978560K), 0.0080430 secs] [Times: user=0.02 sys=0.00, real=0.01 secs] 
2014-07-08T06:14:22.393+0000: 2725.853: [GC [PSYoungGen: 1291542K->768K(1237888K)] 1574790K->284168K(1924864K), 0.0123260 secs] [Times: user=0.04 sys=0.00, real=0.01 secs] 
2014-07-08T06:14:24.862+0000: 2728.321: [GC [PSYoungGen: 1237888K->548K(1186560K)] 1521288K->284196K(1873536K), 0.0290290 secs] [Times: user=0.09 sys=0.00, real=0.03 secs] 
2014-07-08T06:14:27.281+0000: 2730.740: [GC [PSYoungGen: 1186532K->512K(1137792K)] 1470180K->284376K(1824768K), 0.0298270 secs] [Times: user=0.11 sys=0.00, real=0.03 secs] 
2014-07-08T06:14:29.409+0000: 2732.868: [GC [PSYoungGen: 1137792K->434K(1091392K)] 1421656K->284458K(1778368K), 0.0052840 secs] [Times: user=0.02 sys=0.00, real=0.01 secs] 
2014-07-08T06:14:31.730+0000: 2735.189: [GC [PSYoungGen: 1091378K->1092K(1048000K)] 1375402K->285188K(1734976K), 0.0051210 secs] [Times: user=0.01 sys=0.00, real=0.01 secs] 
2014-07-08T06:14:33.696+0000: 2737.155: [GC [PSYoungGen: 1047854K->978K(1005888K)] 1331951K->285274K(1692864K), 0.0095140 secs] [Times: user=0.03 sys=0.00, real=0.01 secs] 
2014-07-08T06:14:35.529+0000: 2738.988: [GC [PSYoungGen: 1005842K->690K(965632K)] 1290138K->285154K(1652608K), 0.0073750 secs] [Times: user=0.02 sys=0.00, real=0.01 secs] 
2014-07-08T06:14:37.496+0000: 2740.955: [GC [PSYoungGen: 965618K->626K(927552K)] 1250082K->285186K(1614528K), 0.0314670 secs] [Times: user=0.12 sys=0.00, real=0.03 secs] 
2014-07-08T06:14:39.244+0000: 2742.703: [GC [PSYoungGen: 927538K->306K(891008K)] 1212098K->284994K(1577984K), 0.0062420 secs] [Times: user=0.01 sys=0.01, real=0.00 secs] 
2014-07-08T06:14:41.017+0000: 2744.476: [GC [PSYoungGen: 890950K->598K(856832K)] 1175638K->285374K(1543808K), 0.0280730 secs] [Times: user=0.09 sys=0.00, real=0.03 secs] 
2014-07-08T06:14:42.793+0000: 2746.252: [GC [PSYoungGen: 856790K->1106K(824448K)] 1141566K->285970K(1511424K), 0.0080000 secs] [Times: user=0.02 sys=0.00, real=0.01 secs] 
2014-07-08T06:14:44.240+0000: 2747.699: [GC [PSYoungGen: 824348K->466K(792512K)] 1109213K->285538K(1479488K), 0.0097950 secs] [Times: user=0.03 sys=0.00, real=0.01 secs] 
2014-07-08T06:14:45.819+0000: 2749.278: [GC [PSYoungGen: 792466K->306K(762496K)] 1077538K->285466K(1449472K), 0.0187290 secs] [Times: user=0.07 sys=0.00, real=0.02 secs] 
2014-07-08T06:14:47.323+0000: 2750.782: [GC [PSYoungGen: 762482K->384K(734144K)] 1047642K->285640K(1421120K), 0.0041390 secs] [Times: user=0.02 sys=0.00, real=0.01 secs] 
2014-07-08T06:14:48.775+0000: 2752.234: [GC [PSYoungGen: 734144K->712K(707392K)] 1019400K->286088K(1394368K), 0.0057600 secs] [Times: user=0.02 sys=0.00, real=0.00 secs] 
2014-07-08T06:14:50.054+0000: 2753.513: [GC [PSYoungGen: 707336K->288K(681088K)] 992712K->285744K(1368064K), 0.0230030 secs] [Times: user=0.09 sys=0.00, real=0.03 secs] 
2014-07-08T06:14:51.450+0000: 2754.909: [GC [PSYoungGen: 681052K->1302K(657472K)] 966509K->286814K(1344448K), 0.0076680 secs] [Times: user=0.02 sys=0.00, real=0.01 secs] 
2014-07-08T06:14:52.862+0000: 2756.321: [GC [PSYoungGen: 657404K->758K(788160K)] 942916K->286382K(1475136K), 0.0265800 secs] [Times: user=0.09 sys=0.00, real=0.03 secs] 
2014-07-08T06:14:54.291+0000: 2757.750: [GC [PSYoungGen: 788150K->370K(945280K)] 1073774K->286218K(1632256K), 0.0220320 secs] [Times: user=0.09 sys=0.00, real=0.02 secs] 
2014-07-08T06:14:56.173+0000: 2759.632: [GC [PSYoungGen: 945266K->384K(908160K)] 1231114K->286344K(1595136K), 0.0065280 secs] [Times: user=0.01 sys=0.01, real=0.01 secs] 
2014-07-08T06:14:58.138+0000: 2761.597: [GC [PSYoungGen: 908160K->320K(872768K)] 1194120K->286384K(1559744K), 0.0124770 secs] [Times: user=0.05 sys=0.00, real=0.01 secs] 
2014-07-08T06:14:59.886+0000: 2763.345: [GC [PSYoungGen: 872768K->224K(839040K)] 1158832K->286424K(1526016K), 0.0058630 secs] [Times: user=0.01 sys=0.00, real=0.00 secs] 
2014-07-08T06:15:01.526+0000: 2764.985: [GC [PSYoungGen: 839008K->1366K(808128K)] 1125208K->287654K(1495104K), 0.0060370 secs] [Times: user=0.03 sys=0.01, real=0.02 secs] 
2014-07-08T06:15:03.182+0000: 2766.641: [GC [PSYoungGen: 808086K->530K(968640K)] 1094374K->286962K(1655616K), 0.0362570 secs] [Times: user=0.13 sys=0.00, real=0.04 secs] 
2014-07-08T06:15:05.160+0000: 2768.619: [GC [PSYoungGen: 968594K->256K(930112K)] 1255026K->286896K(1617088K), 0.0059390 secs] [Times: user=0.02 sys=0.00, real=0.00 secs] 
2014-07-08T06:15:07.196+0000: 2770.656: [GC [PSYoungGen: 930112K->434K(893952K)] 1216752K->287202K(1580928K), 0.0277700 secs] [Times: user=0.10 sys=0.00, real=0.03 secs] 
2014-07-08T06:15:08.971+0000: 2772.430: [GC [PSYoungGen: 893938K->256K(1072512K)] 1180706K->287176K(1759488K), 0.0326760 secs] [Times: user=0.11 sys=0.00, real=0.03 secs] 
2014-07-08T06:15:11.160+0000: 2774.619: [GC [PSYoungGen: 1072512K->192K(1029248K)] 1359432K->287168K(1716224K), 0.0056490 secs] [Times: user=0.02 sys=0.00, real=0.00 secs] 
2014-07-08T06:15:13.339+0000: 2776.799: [GC [PSYoungGen: 1029248K->448K(988416K)] 1316224K->287536K(1675392K), 0.0087610 secs] [Times: user=0.02 sys=0.00, real=0.01 secs] 
2014-07-08T06:15:15.374+0000: 2778.833: [GC [PSYoungGen: 988337K->420K(949248K)] 1275426K->287740K(1636224K), 0.0317280 secs] [Times: user=0.11 sys=0.00, real=0.03 secs] 
2014-07-08T06:15:17.520+0000: 2780.979: [GC [PSYoungGen: 949220K->608K(912192K)] 1236540K->288032K(1599168K), 0.0096340 secs] [Times: user=0.02 sys=0.00, real=0.01 secs] 
2014-07-08T06:15:19.341+0000: 2782.801: [GC [PSYoungGen: 912160K->274K(876352K)] 1199584K->287858K(1563328K), 0.0209310 secs] [Times: user=0.07 sys=0.00, real=0.02 secs] 
2014-07-08T06:15:21.189+0000: 2784.648: [GC [PSYoungGen: 876220K->324K(1051648K)] 1163805K->287972K(1738624K), 0.0260650 secs] [Times: user=0.09 sys=0.00, real=0.03 secs] 
2014-07-08T06:15:23.449+0000: 2786.909: [GC [PSYoungGen: 1051588K->448K(1262016K)] 1339236K->288200K(1948992K), 0.0289860 secs] [Times: user=0.10 sys=0.00, real=0.03 secs] 
2014-07-08T06:15:26.108+0000: 2789.567: [GC [PSYoungGen: 1262016K->370K(1209600K)] 1549768K->288370K(1896576K), 0.0073220 secs] [Times: user=0.02 sys=0.00, real=0.01 secs] 
2014-07-08T06:15:28.813+0000: 2792.272: [GC [PSYoungGen: 1209586K->672K(1160128K)] 1497586K->288832K(1847104K), 0.0169910 secs] [Times: user=0.06 sys=0.00, real=0.01 secs] 
2014-07-08T06:15:31.198+0000: 2794.657: [GC [PSYoungGen: 1160096K->256K(1391616K)] 1448256K->288592K(2078592K), 0.0510680 secs] [Times: user=0.19 sys=0.00, real=0.05 secs] 
2014-07-08T06:15:34.178+0000: 2797.637: [GC [PSYoungGen: 1391525K->516K(1670208K)] 1679862K->288956K(2357184K), 0.0319120 secs] [Times: user=0.10 sys=0.00, real=0.03 secs] 
2014-07-08T06:15:37.675+0000: 2801.134: [GC [PSYoungGen: 1670119K->704K(1727680K)] 1958560K->289424K(2414656K), 0.0262550 secs] [Times: user=0.08 sys=0.01, real=0.02 secs] 
2014-07-08T06:15:41.308+0000: 2804.767: [GC [PSYoungGen: 1727277K->420K(1652032K)] 2015997K->289276K(2339008K), 0.0141660 secs] [Times: user=0.05 sys=0.00, real=0.01 secs] 
2014-07-08T06:15:44.886+0000: 2808.346: [GC [PSYoungGen: 1652004K->676K(1580864K)] 1940860K->289740K(2267840K), 0.0136310 secs] [Times: user=0.04 sys=0.00, real=0.01 secs] 
2014-07-08T06:15:48.164+0000: 2811.623: [GC [PSYoungGen: 1580836K->598K(1512896K)] 1869900K->289934K(2199872K), 0.0069080 secs] [Times: user=0.02 sys=0.00, real=0.00 secs] 
2014-07-08T06:15:51.385+0000: 2814.844: [GC [PSYoungGen: 1512854K->384K(1448064K)] 1802190K->289888K(2135040K), 0.0095010 secs] [Times: user=0.04 sys=0.00, real=0.01 secs] 
2014-07-08T06:15:54.483+0000: 2817.943: [GC [PSYoungGen: 1447978K->786K(1387072K)] 1737482K->290450K(2074048K), 0.0280450 secs] [Times: user=0.10 sys=0.00, real=0.03 secs] 
2014-07-08T06:15:57.509+0000: 2820.968: [GC [PSYoungGen: 1387026K->800K(1328640K)] 1676690K->290696K(2015616K), 0.0065170 secs] [Times: user=0.02 sys=0.00, real=0.01 secs] 
2014-07-08T06:16:00.344+0000: 2823.803: [GC [PSYoungGen: 1328603K->722K(1273024K)] 1618499K->290794K(1960000K), 0.0195050 secs] [Times: user=0.07 sys=0.00, real=0.02 secs] 
2014-07-08T06:16:03.112+0000: 2826.571: [GC [PSYoungGen: 1272978K->448K(1219840K)] 1563050K->290632K(1906816K), 0.0265730 secs] [Times: user=0.09 sys=0.00, real=0.03 secs] 
2014-07-08T06:16:05.803+0000: 2829.262: [GC [PSYoungGen: 1219840K->640K(1169728K)] 1510024K->291120K(1856704K), 0.0069320 secs] [Times: user=0.02 sys=0.00, real=0.01 secs] 
2014-07-08T06:16:08.300+0000: 2831.759: [GC [PSYoungGen: 1169728K->370K(1121600K)] 1460208K->290994K(1808576K), 0.0205420 secs] [Times: user=0.08 sys=0.00, real=0.02 secs] 
2014-07-08T06:16:10.799+0000: 2834.258: [GC [PSYoungGen: 1121551K->352K(1076032K)] 1412175K->291120K(1763008K), 0.0139450 secs] [Times: user=0.05 sys=0.00, real=0.01 secs] 
2014-07-08T06:16:13.125+0000: 2836.585: [GC [PSYoungGen: 1076000K->594K(1032960K)] 1366768K->291474K(1719936K), 0.0129420 secs] [Times: user=0.05 sys=0.00, real=0.02 secs] 
2014-07-08T06:16:15.382+0000: 2838.841: [GC [PSYoungGen: 1032914K->352K(991424K)] 1323794K->291512K(1678400K), 0.0075710 secs] [Times: user=0.01 sys=0.01, real=0.01 secs] 
2014-07-08T06:16:17.593+0000: 2841.052: [GC [PSYoungGen: 991392K->868K(952640K)] 1282552K->292132K(1639616K), 0.0114680 secs] [Times: user=0.02 sys=0.00, real=0.01 secs] 
2014-07-08T06:16:19.677+0000: 2843.137: [GC [PSYoungGen: 952612K->708K(915072K)] 1243876K->292060K(1602048K), 0.0060890 secs] [Times: user=0.02 sys=0.00, real=0.01 secs] 
2014-07-08T06:16:21.681+0000: 2845.141: [GC [PSYoungGen: 915012K->576K(879232K)] 1206364K->292112K(1566208K), 0.0201560 secs] [Times: user=0.07 sys=0.00, real=0.02 secs] 
2014-07-08T06:16:23.671+0000: 2847.130: [GC [PSYoungGen: 879232K->996K(845760K)] 1170768K->292652K(1532736K), 0.0079680 secs] [Times: user=0.02 sys=0.00, real=0.00 secs] 
2014-07-08T06:16:25.436+0000: 2848.895: [GC [PSYoungGen: 845732K->256K(812672K)] 1137388K->292160K(1499648K), 0.0127410 secs] [Times: user=0.04 sys=0.00, real=0.02 secs] 
2014-07-08T06:16:27.225+0000: 2850.684: [GC [PSYoungGen: 812672K->306K(781952K)] 1104576K->292298K(1468928K), 0.0143960 secs] [Times: user=0.06 sys=0.00, real=0.01 secs] 
2014-07-08T06:16:28.970+0000: 2852.429: [GC [PSYoungGen: 781938K->612K(752896K)] 1073930K->292684K(1439872K), 0.0187210 secs] [Times: user=0.07 sys=0.00, real=0.01 secs] 
2014-07-08T06:16:30.620+0000: 2854.079: [GC [PSYoungGen: 752783K->512K(724800K)] 1044855K->292696K(1411776K), 0.0277020 secs] [Times: user=0.10 sys=0.00, real=0.03 secs] 
2014-07-08T06:16:32.185+0000: 2855.644: [GC [PSYoungGen: 724800K->192K(697792K)] 1016984K->292440K(1384768K), 0.0133140 secs] [Times: user=0.04 sys=0.00, real=0.01 secs] 
2014-07-08T06:16:33.753+0000: 2857.212: [GC [PSYoungGen: 697791K->882K(838016K)] 990039K->293274K(1524992K), 0.0319010 secs] [Times: user=0.12 sys=0.00, real=0.03 secs] 
2014-07-08T06:16:35.570+0000: 2859.029: [GC [PSYoungGen: 838002K->612K(1005184K)] 1130394K->293148K(1692160K), 0.0214700 secs] [Times: user=0.08 sys=0.00, real=0.03 secs] 
2014-07-08T06:16:37.887+0000: 2861.346: [GC [PSYoungGen: 1005095K->1142K(1206656K)] 1297632K->293926K(1893632K), 0.0133980 secs] [Times: user=0.05 sys=0.00, real=0.01 secs] 
2014-07-08T06:16:40.387+0000: 2863.846: [GC [PSYoungGen: 1206646K->320K(1156224K)] 1499430K->293248K(1843200K), 0.0117040 secs] [Times: user=0.02 sys=0.01, real=0.01 secs] 
2014-07-08T06:16:42.985+0000: 2866.444: [GC [PSYoungGen: 1156224K->740K(1109440K)] 1449152K->293796K(1796416K), 0.0284120 secs] [Times: user=0.10 sys=0.00, real=0.03 secs] 
2014-07-08T06:16:45.361+0000: 2868.821: [GC [PSYoungGen: 1109404K->288K(1064064K)] 1402460K->293592K(1751040K), 0.0080400 secs] [Times: user=0.02 sys=0.01, real=0.01 secs] 
2014-07-08T06:16:47.742+0000: 2871.201: [GC [PSYoungGen: 1064027K->754K(1021760K)] 1357332K->294178K(1708736K), 0.0150490 secs] [Times: user=0.04 sys=0.00, real=0.02 secs] 
2014-07-08T06:16:49.947+0000: 2873.406: [GC [PSYoungGen: 1021670K->256K(980544K)] 1315094K->293824K(1667520K), 0.0062050 secs] [Times: user=0.01 sys=0.00, real=0.01 secs] 
2014-07-08T06:16:52.076+0000: 2875.536: [GC [PSYoungGen: 980539K->320K(941824K)] 1274107K->293992K(1628800K), 0.0112990 secs] [Times: user=0.04 sys=0.00, real=0.01 secs] 
2014-07-08T06:16:54.143+0000: 2877.602: [GC [PSYoungGen: 941780K->452K(905088K)] 1235453K->294316K(1592064K), 0.0213620 secs] [Times: user=0.07 sys=0.00, real=0.03 secs] 
2014-07-08T06:16:56.129+0000: 2879.588: [GC [PSYoungGen: 905028K->192K(869632K)] 1198892K->294216K(1556608K), 0.0044530 secs] [Times: user=0.01 sys=0.00, real=0.00 secs] 
2014-07-08T06:16:58.054+0000: 2881.513: [GC [PSYoungGen: 869632K->1106K(837120K)] 1163656K->295226K(1524096K), 0.0062400 secs] [Times: user=0.02 sys=0.00, real=0.00 secs] 
2014-07-08T06:16:59.878+0000: 2883.337: [GC [PSYoungGen: 837074K->384K(804416K)] 1131194K->294624K(1491392K), 0.0092220 secs] [Times: user=0.01 sys=0.00, real=0.01 secs] 
2014-07-08T06:17:01.642+0000: 2885.101: [GC [PSYoungGen: 804324K->512K(774144K)] 1098564K->294832K(1461120K), 0.0118220 secs] [Times: user=0.04 sys=0.00, real=0.01 secs] 
2014-07-08T06:17:03.331+0000: 2886.790: [GC [PSYoungGen: 774073K->352K(745024K)] 1068394K->294760K(1432000K), 0.0292530 secs] [Times: user=0.11 sys=0.00, real=0.03 secs] 
2014-07-08T06:17:04.966+0000: 2888.425: [GC [PSYoungGen: 744992K->288K(717312K)] 1039400K->294904K(1404288K), 0.0102010 secs] [Times: user=0.04 sys=0.00, real=0.01 secs] 
2014-07-08T06:17:06.548+0000: 2890.007: [GC [PSYoungGen: 717253K->612K(691264K)] 1011870K->295340K(1378240K), 0.0121550 secs] [Times: user=0.04 sys=0.00, real=0.01 secs] 
2014-07-08T06:17:08.094+0000: 2891.553: [GC [PSYoungGen: 691230K->320K(665856K)] 985958K->295104K(1352832K), 0.0244290 secs] [Times: user=0.09 sys=0.00, real=0.03 secs] 
2014-07-08T06:17:09.539+0000: 2892.998: [GC [PSYoungGen: 665856K->448K(642048K)] 960640K->295328K(1329024K), 0.0091870 secs] [Times: user=0.02 sys=0.00, real=0.01 secs] 
2014-07-08T06:17:10.969+0000: 2894.428: [GC [PSYoungGen: 642048K->370K(619136K)] 936928K->295354K(1306112K), 0.0174290 secs] [Times: user=0.06 sys=0.00, real=0.02 secs] 
2014-07-08T06:17:12.309+0000: 2895.768: [GC [PSYoungGen: 619063K->128K(597056K)] 914047K->295184K(1284032K), 0.0055960 secs] [Times: user=0.01 sys=0.00, real=0.00 secs] 
2014-07-08T06:17:13.698+0000: 2897.157: [GC [PSYoungGen: 597020K->786K(576960K)] 892076K->295922K(1263936K), 0.0052280 secs] [Times: user=0.02 sys=0.00, real=0.00 secs] 
2014-07-08T06:17:14.922+0000: 2898.381: [GC [PSYoungGen: 576914K->320K(556608K)] 872050K->295648K(1243584K), 0.0169380 secs] [Times: user=0.06 sys=0.00, real=0.02 secs] 
2014-07-08T06:17:16.110+0000: 2899.569: [GC [PSYoungGen: 556534K->392K(537728K)] 851862K->295784K(1224704K), 0.0069770 secs] [Times: user=0.02 sys=0.00, real=0.01 secs] 
2014-07-08T06:17:17.290+0000: 2900.749: [GC [PSYoungGen: 537672K->160K(644928K)] 833064K->295600K(1331904K), 0.0225690 secs] [Times: user=0.08 sys=0.00, real=0.02 secs] 
2014-07-08T06:17:18.879+0000: 2902.339: [GC [PSYoungGen: 644894K->900K(774656K)] 940334K->296404K(1461632K), 0.0309250 secs] [Times: user=0.12 sys=0.00, real=0.03 secs] 
2014-07-08T06:17:20.415+0000: 2903.874: [GC [PSYoungGen: 774596K->224K(928704K)] 1070100K->295856K(1615680K), 0.0126530 secs] [Times: user=0.04 sys=0.00, real=0.01 secs] 
2014-07-08T06:17:22.461+0000: 2905.920: [GC [PSYoungGen: 928672K->530K(1114752K)] 1224304K->296210K(1801728K), 0.0189350 secs] [Times: user=0.07 sys=0.00, real=0.02 secs] 
2014-07-08T06:17:24.930+0000: 2908.389: [GC [PSYoungGen: 1114661K->534K(1069568K)] 1410342K->296382K(1756544K), 0.0058870 secs] [Times: user=0.01 sys=0.00, real=0.00 secs] 
2014-07-08T06:17:27.268+0000: 2910.727: [GC [PSYoungGen: 1069526K->352K(1026368K)] 1365374K->296448K(1713344K), 0.0149190 secs] [Times: user=0.05 sys=0.00, real=0.02 secs] 
2014-07-08T06:17:29.603+0000: 2913.062: [GC [PSYoungGen: 1026336K->992K(986048K)] 1322432K->297208K(1673024K), 0.0298810 secs] [Times: user=0.11 sys=0.00, real=0.03 secs] 
2014-07-08T06:17:31.715+0000: 2915.174: [GC [PSYoungGen: 986016K->676K(946752K)] 1282232K->297276K(1633728K), 0.0099740 secs] [Times: user=0.02 sys=0.00, real=0.01 secs] 
2014-07-08T06:17:33.873+0000: 2917.332: [GC [PSYoungGen: 946724K->850K(909824K)] 1243324K->297626K(1596800K), 0.0190350 secs] [Times: user=0.06 sys=0.00, real=0.02 secs] 
2014-07-08T06:17:35.802+0000: 2919.261: [GC [PSYoungGen: 909778K->722K(874304K)] 1206554K->297738K(1561280K), 0.0255090 secs] [Times: user=0.09 sys=0.00, real=0.02 secs] 
2014-07-08T06:17:37.709+0000: 2921.168: [GC [PSYoungGen: 874258K->918K(840832K)] 1171274K->298070K(1527808K), 0.0085560 secs] [Times: user=0.02 sys=0.00, real=0.01 secs] 
2014-07-08T06:17:39.524+0000: 2922.983: [GC [PSYoungGen: 840790K->594K(808384K)] 1137942K->297834K(1495360K), 0.0079480 secs] [Times: user=0.01 sys=0.00, real=0.01 secs] 
2014-07-08T06:17:41.289+0000: 2924.748: [GC [PSYoungGen: 808338K->420K(777600K)] 1105578K->297756K(1464576K), 0.0105630 secs] [Times: user=0.03 sys=0.00, real=0.01 secs] 
2014-07-08T06:17:43.030+0000: 2926.489: [GC [PSYoungGen: 777572K->498K(748544K)] 1074908K->297978K(1435520K), 0.0112840 secs] [Times: user=0.04 sys=0.00, real=0.02 secs] 
2014-07-08T06:17:44.655+0000: 2928.114: [GC [PSYoungGen: 748530K->384K(720640K)] 1046010K->298056K(1407616K), 0.0225570 secs] [Times: user=0.08 sys=0.01, real=0.02 secs] 
2014-07-08T06:17:46.223+0000: 2929.682: [GC [PSYoungGen: 720579K->192K(693952K)] 1018252K->297968K(1380928K), 0.0059320 secs] [Times: user=0.01 sys=0.00, real=0.00 secs] 
2014-07-08T06:17:47.786+0000: 2931.245: [GC [PSYoungGen: 693950K->420K(668928K)] 991727K->298300K(1355904K), 0.0067600 secs] [Times: user=0.02 sys=0.00, real=0.01 secs] 
2014-07-08T06:17:49.216+0000: 2932.675: [GC [PSYoungGen: 668893K->388K(644864K)] 966773K->298356K(1331840K), 0.0099050 secs] [Times: user=0.02 sys=0.01, real=0.01 secs] 
2014-07-08T06:17:50.660+0000: 2934.120: [GC [PSYoungGen: 644803K->608K(622080K)] 942771K->298648K(1309056K), 0.0141500 secs] [Times: user=0.05 sys=0.00, real=0.02 secs] 
2014-07-08T06:17:51.996+0000: 2935.455: [GC [PSYoungGen: 622046K->288K(599808K)] 920087K->298376K(1286784K), 0.0058360 secs] [Times: user=0.01 sys=0.00, real=0.01 secs] 
2014-07-08T06:17:53.312+0000: 2936.771: [GC [PSYoungGen: 599776K->306K(578880K)] 897864K->298554K(1265856K), 0.0042950 secs] [Times: user=0.01 sys=0.00, real=0.01 secs] 
2014-07-08T06:17:54.591+0000: 2938.051: [GC [PSYoungGen: 578866K->594K(559232K)] 877114K->298938K(1246208K), 0.0128040 secs] [Times: user=0.04 sys=0.00, real=0.02 secs] 
2014-07-08T06:17:55.843+0000: 2939.302: [GC [PSYoungGen: 559186K->626K(670976K)] 857530K->299082K(1357952K), 0.0448620 secs] [Times: user=0.16 sys=0.00, real=0.04 secs] 
2014-07-08T06:17:57.285+0000: 2940.744: [GC [PSYoungGen: 670962K->384K(804800K)] 969418K->298920K(1491776K), 0.0128160 secs] [Times: user=0.04 sys=0.00, real=0.01 secs] 
2014-07-08T06:17:59.063+0000: 2942.522: [GC [PSYoungGen: 804800K->320K(965632K)] 1103336K->298936K(1652608K), 0.0149250 secs] [Times: user=0.06 sys=0.00, real=0.01 secs] 
2014-07-08T06:18:01.174+0000: 2944.633: [GC [PSYoungGen: 965632K->338K(1158784K)] 1264248K->299042K(1845760K), 0.0210580 secs] [Times: user=0.08 sys=0.00, real=0.03 secs] 
2014-07-08T06:18:03.747+0000: 2947.207: [GC [PSYoungGen: 1158738K->786K(1111872K)] 1457442K->299594K(1798848K), 0.0078530 secs] [Times: user=0.02 sys=0.00, real=0.01 secs] 
2014-07-08T06:18:06.164+0000: 2949.623: [GC [PSYoungGen: 1111826K->256K(1066240K)] 1410634K->299280K(1753216K), 0.0064890 secs] [Times: user=0.02 sys=0.00, real=0.01 secs] 
2014-07-08T06:18:08.512+0000: 2951.972: [GC [PSYoungGen: 1066240K->544K(1023680K)] 1365264K->299688K(1710656K), 0.0051300 secs] [Times: user=0.02 sys=0.00, real=0.01 secs] 
2014-07-08T06:18:10.799+0000: 2954.258: [GC [PSYoungGen: 1023648K->672K(982976K)] 1322792K->299912K(1669952K), 0.0390770 secs] [Times: user=0.14 sys=0.00, real=0.04 secs] 
2014-07-08T06:18:12.904+0000: 2956.363: [GC [PSYoungGen: 982944K->352K(943808K)] 1282184K->299720K(1630784K), 0.0087300 secs] [Times: user=0.03 sys=0.00, real=0.01 secs] 
2014-07-08T06:18:15.003+0000: 2958.462: [GC [PSYoungGen: 943776K->548K(907008K)] 1243144K->300092K(1593984K), 0.0178920 secs] [Times: user=0.06 sys=0.00, real=0.02 secs] 
2014-07-08T06:18:16.970+0000: 2960.430: [GC [PSYoungGen: 906980K->242K(871424K)] 1206524K->299954K(1558400K), 0.0287530 secs] [Times: user=0.11 sys=0.00, real=0.03 secs] 
2014-07-08T06:18:18.886+0000: 2962.345: [GC [PSYoungGen: 871410K->192K(837760K)] 1171122K->299976K(1524736K), 0.0098860 secs] [Times: user=0.04 sys=0.00, real=0.01 secs] 
2014-07-08T06:18:20.731+0000: 2964.190: [GC [PSYoungGen: 837697K->580K(806208K)] 1137481K->300436K(1493184K), 0.0246680 secs] [Times: user=0.09 sys=0.00, real=0.02 secs] 
2014-07-08T06:18:22.497+0000: 2965.956: [GC [PSYoungGen: 806148K->530K(775680K)] 1106004K->300506K(1462656K), 0.0092160 secs] [Times: user=0.01 sys=0.01, real=0.00 secs] 
2014-07-08T06:18:24.191+0000: 2967.650: [GC [PSYoungGen: 775634K->288K(746368K)] 1075610K->300400K(1433344K), 0.0161890 secs] [Times: user=0.04 sys=0.00, real=0.02 secs] 
2014-07-08T06:18:25.871+0000: 2969.330: [GC [PSYoungGen: 746336K->644K(719040K)] 1046448K->300900K(1406016K), 0.0171770 secs] [Times: user=0.06 sys=0.00, real=0.02 secs] 
2014-07-08T06:18:27.406+0000: 2970.865: [GC [PSYoungGen: 718980K->192K(692096K)] 1019236K->300560K(1379072K), 0.0187740 secs] [Times: user=0.07 sys=0.00, real=0.02 secs] 
2014-07-08T06:18:28.931+0000: 2972.390: [GC [PSYoungGen: 692096K->256K(667008K)] 992464K->300688K(1353984K), 0.0049900 secs] [Times: user=0.02 sys=0.00, real=0.00 secs] 
2014-07-08T06:18:30.415+0000: 2973.874: [GC [PSYoungGen: 667008K->288K(643072K)] 967440K->300792K(1330048K), 0.0131520 secs] [Times: user=0.06 sys=0.00, real=0.02 secs] 
2014-07-08T06:18:31.852+0000: 2975.311: [GC [PSYoungGen: 643040K->416K(620288K)] 943544K->301032K(1307264K), 0.0125410 secs] [Times: user=0.05 sys=0.00, real=0.01 secs] 
2014-07-08T06:18:33.182+0000: 2976.641: [GC [PSYoungGen: 620256K->434K(598400K)] 920872K->301202K(1285376K), 0.0094530 secs] [Times: user=0.04 sys=0.00, real=0.01 secs] 
2014-07-08T06:18:34.507+0000: 2977.966: [GC [PSYoungGen: 598386K->576K(577664K)] 899154K->301440K(1264640K), 0.0085950 secs] [Times: user=0.02 sys=0.00, real=0.01 secs] 
2014-07-08T06:18:35.791+0000: 2979.250: [GC [PSYoungGen: 577625K->676K(693248K)] 878490K->301644K(1380224K), 0.0241540 secs] [Times: user=0.09 sys=0.00, real=0.02 secs] 
2014-07-08T06:18:37.294+0000: 2980.753: [GC [PSYoungGen: 693194K->324K(831488K)] 994162K->301340K(1518464K), 0.0353490 secs] [Times: user=0.13 sys=0.00, real=0.04 secs] 
2014-07-08T06:18:39.118+0000: 2982.577: [GC [PSYoungGen: 831428K->192K(997568K)] 1132444K->301288K(1684544K), 0.0240220 secs] [Times: user=0.09 sys=0.00, real=0.03 secs] 
2014-07-08T06:18:41.315+0000: 2984.774: [GC [PSYoungGen: 997568K->192K(1197056K)] 1298664K->301352K(1884032K), 0.0246840 secs] [Times: user=0.07 sys=0.00, real=0.02 secs] 
2014-07-08T06:18:43.953+0000: 2987.412: [GC [PSYoungGen: 1197030K->416K(1436736K)] 1498190K->301704K(2123712K), 0.0212790 secs] [Times: user=0.08 sys=0.00, real=0.02 secs] 
2014-07-08T06:18:47.086+0000: 2990.545: [GC [PSYoungGen: 1436704K->256K(1682048K)] 1737992K->301784K(2369024K), 0.0197120 secs] [Times: user=0.07 sys=0.00, real=0.02 secs] 
2014-07-08T06:18:50.853+0000: 2994.312: [GC [PSYoungGen: 1681472K->576K(1608960K)] 1983000K->302256K(2295936K), 0.0250210 secs] [Times: user=0.09 sys=0.00, real=0.02 secs] 
2014-07-08T06:18:54.332+0000: 2997.791: [GC [PSYoungGen: 1608952K->320K(1539392K)] 1910632K->302468K(2226368K), 0.0373980 secs] [Times: user=0.14 sys=0.00, real=0.04 secs] 
2014-07-08T06:18:57.744+0000: 3001.203: [GC [PSYoungGen: 1539392K->864K(1474112K)] 1841540K->303300K(2161088K), 0.0197810 secs] [Times: user=0.07 sys=0.00, real=0.02 secs] 
2014-07-08T06:19:00.947+0000: 3004.406: [GC [PSYoungGen: 1474080K->370K(1680832K)] 1776516K->303006K(2367808K), 0.0471460 secs] [Times: user=0.16 sys=0.00, real=0.05 secs] 
2014-07-08T06:19:04.662+0000: 3008.121: [GC [PSYoungGen: 1680434K->864K(1608192K)] 1983070K->303652K(2295168K), 0.0097480 secs] [Times: user=0.01 sys=0.00, real=0.01 secs] 
2014-07-08T06:19:08.175+0000: 3011.634: [GC [PSYoungGen: 1608160K->192K(1538240K)] 1910948K->303462K(2225216K), 0.0115480 secs] [Times: user=0.03 sys=0.00, real=0.01 secs] 
2014-07-08T06:19:11.565+0000: 3015.024: [GC [PSYoungGen: 1538240K->882K(1473088K)] 1841510K->304344K(2160064K), 0.0112240 secs] [Times: user=0.03 sys=0.00, real=0.01 secs] 
2014-07-08T06:19:14.894+0000: 3018.353: [GC [PSYoungGen: 1473074K->1206K(1410816K)] 1776536K->305116K(2097792K), 0.0287810 secs] [Times: user=0.10 sys=0.00, real=0.03 secs] 
2014-07-08T06:19:17.920+0000: 3021.379: [GC [PSYoungGen: 1410806K->352K(1350400K)] 1714716K->304478K(2037376K), 0.0069460 secs] [Times: user=0.02 sys=0.00, real=0.01 secs] 
2014-07-08T06:19:20.976+0000: 3024.435: [GC [PSYoungGen: 1350293K->1060K(1294464K)] 1654419K->305402K(1981440K), 0.0228680 secs] [Times: user=0.07 sys=0.00, real=0.03 secs] 
2014-07-08T06:19:23.737+0000: 3027.196: [GC [PSYoungGen: 1294362K->992K(1240512K)] 1598704K->305502K(1927488K), 0.0106270 secs] [Times: user=0.02 sys=0.00, real=0.01 secs] 
2014-07-08T06:19:26.443+0000: 3029.902: [GC [PSYoungGen: 1240425K->384K(1188608K)] 1544935K->305166K(1875584K), 0.0247490 secs] [Times: user=0.08 sys=0.00, real=0.03 secs] 
2014-07-08T06:19:29.064+0000: 3032.524: [GC [PSYoungGen: 1188608K->388K(1139904K)] 1493390K->305298K(1826880K), 0.0067950 secs] [Times: user=0.01 sys=0.00, real=0.01 secs] 
2014-07-08T06:19:31.573+0000: 3035.032: [GC [PSYoungGen: 1139844K->562K(1093632K)] 1444754K->305576K(1780608K), 0.0047500 secs] [Times: user=0.02 sys=0.00, real=0.00 secs] 
2014-07-08T06:19:33.988+0000: 3037.447: [GC [PSYoungGen: 1093618K->516K(1049408K)] 1398632K->305698K(1736384K), 0.0125780 secs] [Times: user=0.05 sys=0.00, real=0.02 secs] 
2014-07-08T06:19:36.279+0000: 3039.738: [GC [PSYoungGen: 1049348K->224K(1007040K)] 1354530K->305630K(1694016K), 0.0178440 secs] [Times: user=0.06 sys=0.00, real=0.01 secs] 
2014-07-08T06:19:38.486+0000: 3041.945: [GC [PSYoungGen: 1007008K->288K(967040K)] 1312414K->305798K(1654016K), 0.0313000 secs] [Times: user=0.10 sys=0.00, real=0.03 secs] 
2014-07-08T06:19:40.629+0000: 3044.088: [GC [PSYoungGen: 967008K->612K(929216K)] 1272518K->306250K(1616192K), 0.0096410 secs] [Times: user=0.02 sys=0.00, real=0.01 secs] 
2014-07-08T06:19:42.768+0000: 3046.227: [GC [PSYoungGen: 929188K->1234K(893568K)] 1234826K->306984K(1580544K), 0.0092120 secs] [Times: user=0.02 sys=0.00, real=0.01 secs] 
2014-07-08T06:19:44.650+0000: 3048.109: [GC [PSYoungGen: 893522K->818K(858560K)] 1199272K->306792K(1545536K), 0.0118340 secs] [Times: user=0.01 sys=0.01, real=0.02 secs] 
2014-07-08T06:19:46.508+0000: 3049.967: [GC [PSYoungGen: 858543K->548K(825344K)] 1164518K->306626K(1512320K), 0.0182540 secs] [Times: user=0.07 sys=0.00, real=0.02 secs] 
2014-07-08T06:19:48.322+0000: 3051.781: [GC [PSYoungGen: 825316K->448K(793856K)] 1131394K->306638K(1480832K), 0.0163430 secs] [Times: user=0.06 sys=0.01, real=0.01 secs] 
2014-07-08T06:19:50.063+0000: 3053.522: [GC [PSYoungGen: 793856K->292K(763840K)] 1100046K->306578K(1450816K), 0.0263340 secs] [Times: user=0.10 sys=0.00, real=0.02 secs] 
2014-07-08T06:19:51.761+0000: 3055.220: [GC [PSYoungGen: 763748K->544K(735616K)] 1070034K->306894K(1422592K), 0.0049120 secs] [Times: user=0.02 sys=0.00, real=0.01 secs] 
2014-07-08T06:19:53.356+0000: 3056.815: [GC [PSYoungGen: 735584K->352K(882432K)] 1041934K->306870K(1569408K), 0.0375690 secs] [Times: user=0.13 sys=0.00, real=0.04 secs] 
2014-07-08T06:19:55.305+0000: 3058.764: [GC [PSYoungGen: 882400K->416K(1058944K)] 1188918K->307054K(1745920K), 0.0267960 secs] [Times: user=0.09 sys=0.00, real=0.03 secs] 
2014-07-08T06:19:57.648+0000: 3061.107: [GC [PSYoungGen: 1058870K->640K(1270848K)] 1365509K->307446K(1957824K), 0.0217150 secs] [Times: user=0.06 sys=0.00, real=0.02 secs] 
2014-07-08T06:20:00.426+0000: 3063.885: [GC [PSYoungGen: 1270848K->498K(1217984K)] 1577654K->307464K(1904960K), 0.0062960 secs] [Times: user=0.01 sys=0.01, real=0.01 secs] 
2014-07-08T06:20:03.101+0000: 3066.560: [GC [PSYoungGen: 1217970K->434K(1167744K)] 1524936K->307504K(1854720K), 0.0063140 secs] [Times: user=0.02 sys=0.00, real=0.01 secs] 
2014-07-08T06:20:05.799+0000: 3069.258: [GC [PSYoungGen: 1167730K->1152K(1120640K)] 1474800K->308470K(1807616K), 0.0082990 secs] [Times: user=0.02 sys=0.00, real=0.01 secs] 
2014-07-08T06:20:08.147+0000: 3071.606: [GC [PSYoungGen: 1120584K->192K(1074240K)] 1427903K->307710K(1761216K), 0.0190230 secs] [Times: user=0.07 sys=0.00, real=0.02 secs] 
2014-07-08T06:20:10.518+0000: 3073.977: [GC [PSYoungGen: 1074209K->854K(1031680K)] 1381727K->308476K(1718656K), 0.0062390 secs] [Times: user=0.02 sys=0.00, real=0.01 secs] 
2014-07-08T06:20:12.808+0000: 3076.267: [GC [PSYoungGen: 1031638K->832K(990400K)] 1339260K->308550K(1677376K), 0.0113590 secs] [Times: user=0.03 sys=0.00, real=0.01 secs] 
2014-07-08T06:20:14.982+0000: 3078.441: [GC [PSYoungGen: 990400K->384K(950720K)] 1298118K->308334K(1637696K), 0.0106220 secs] [Times: user=0.01 sys=0.00, real=0.01 secs] 
2014-07-08T06:20:17.072+0000: 3080.531: [GC [PSYoungGen: 950720K->320K(913280K)] 1258670K->308430K(1600256K), 0.0122040 secs] [Times: user=0.05 sys=0.00, real=0.02 secs] 
2014-07-08T06:20:19.109+0000: 3082.568: [GC [PSYoungGen: 913280K->726K(878144K)] 1221390K->308972K(1565120K), 0.0259590 secs] [Times: user=0.09 sys=0.00, real=0.02 secs] 
2014-07-08T06:20:21.067+0000: 3084.526: [GC [PSYoungGen: 878102K->434K(843968K)] 1186348K->308752K(1530944K), 0.0230150 secs] [Times: user=0.09 sys=0.00, real=0.02 secs] 
2014-07-08T06:20:22.914+0000: 3086.374: [GC [PSYoungGen: 843952K->882K(812160K)] 1152271K->309344K(1499136K), 0.0231860 secs] [Times: user=0.08 sys=0.00, real=0.03 secs] 
2014-07-08T06:20:24.653+0000: 3088.112: [GC [PSYoungGen: 812078K->758K(781312K)] 1120540K->309388K(1468288K), 0.0055460 secs] [Times: user=0.02 sys=0.00, real=0.01 secs] 
2014-07-08T06:20:26.347+0000: 3089.806: [GC [PSYoungGen: 781302K->224K(751488K)] 1089932K->308958K(1438464K), 0.0044650 secs] [Times: user=0.02 sys=0.00, real=0.00 secs] 
2014-07-08T06:20:28.019+0000: 3091.478: [GC [PSYoungGen: 751456K->658K(724032K)] 1060190K->309528K(1411008K), 0.0086250 secs] [Times: user=0.02 sys=0.00, real=0.01 secs] 
2014-07-08T06:20:29.593+0000: 3093.052: [GC [PSYoungGen: 723986K->594K(697344K)] 1032856K->309560K(1384320K), 0.0277620 secs] [Times: user=0.11 sys=0.00, real=0.03 secs] 
2014-07-08T06:20:31.110+0000: 3094.569: [GC [PSYoungGen: 697298K->370K(836480K)] 1006264K->309416K(1523456K), 0.0427030 secs] [Times: user=0.16 sys=0.00, real=0.04 secs] 
2014-07-08T06:20:32.972+0000: 3096.431: [GC [PSYoungGen: 836466K->384K(1003712K)] 1145512K->309542K(1690688K), 0.0155620 secs] [Times: user=0.06 sys=0.00, real=0.02 secs] 
2014-07-08T06:20:35.197+0000: 3098.656: [GC [PSYoungGen: 1003712K->548K(1204608K)] 1312870K->309866K(1891584K), 0.0125960 secs] [Times: user=0.05 sys=0.00, real=0.01 secs] 
2014-07-08T06:20:37.850+0000: 3101.309: [GC [PSYoungGen: 1204580K->708K(1155264K)] 1513898K->310146K(1842240K), 0.0130250 secs] [Times: user=0.05 sys=0.00, real=0.01 secs] 
2014-07-08T06:20:40.339+0000: 3103.798: [GC [PSYoungGen: 1155204K->288K(1107648K)] 1464642K->309894K(1794624K), 0.0122230 secs] [Times: user=0.04 sys=0.00, real=0.01 secs] 
2014-07-08T06:20:42.802+0000: 3106.261: [GC [PSYoungGen: 1107616K->896K(1063360K)] 1417222K->310590K(1750336K), 0.0195270 secs] [Times: user=0.07 sys=0.00, real=0.02 secs] 
2014-07-08T06:20:45.108+0000: 3108.567: [GC [PSYoungGen: 1063360K->288K(1020032K)] 1373054K->310246K(1707008K), 0.0179510 secs] [Times: user=0.07 sys=0.00, real=0.02 secs] 
2014-07-08T06:20:47.346+0000: 3110.805: [GC [PSYoungGen: 1019916K->192K(979264K)] 1329874K->310286K(1666240K), 0.0240930 secs] [Times: user=0.09 sys=0.01, real=0.03 secs] 
2014-07-08T06:20:49.509+0000: 3112.968: [GC [PSYoungGen: 979264K->306K(940672K)] 1289358K->310536K(1627648K), 0.0148530 secs] [Times: user=0.05 sys=0.00, real=0.02 secs] 
2014-07-08T06:20:51.627+0000: 3115.087: [GC [PSYoungGen: 940656K->864K(904384K)] 1250887K->311166K(1591360K), 0.0239140 secs] [Times: user=0.09 sys=0.00, real=0.03 secs] 
2014-07-08T06:20:53.575+0000: 3117.035: [GC [PSYoungGen: 904347K->776K(869184K)] 1214650K->311294K(1556160K), 0.0190260 secs] [Times: user=0.05 sys=0.00, real=0.02 secs] 
2014-07-08T06:20:55.466+0000: 3118.926: [GC [PSYoungGen: 869128K->224K(835136K)] 1179646K->310894K(1522112K), 0.0156730 secs] [Times: user=0.04 sys=0.00, real=0.02 secs] 
2014-07-08T06:20:57.310+0000: 3120.769: [GC [PSYoungGen: 835104K->306K(803328K)] 1145774K->311056K(1490304K), 0.0057290 secs] [Times: user=0.01 sys=0.00, real=0.01 secs] 
2014-07-08T06:20:59.084+0000: 3122.543: [GC [PSYoungGen: 803314K->306K(772992K)] 1114064K->311208K(1459968K), 0.0098220 secs] [Times: user=0.02 sys=0.00, real=0.01 secs] 
2014-07-08T06:21:00.788+0000: 3124.247: [GC [PSYoungGen: 772978K->448K(744192K)] 1083880K->311422K(1431168K), 0.0189150 secs] [Times: user=0.07 sys=0.00, real=0.02 secs] 
2014-07-08T06:21:02.423+0000: 3125.882: [GC [PSYoungGen: 744192K->384K(716544K)] 1055166K->311414K(1403520K), 0.0128310 secs] [Times: user=0.04 sys=0.00, real=0.01 secs] 
2014-07-08T06:21:03.992+0000: 3127.452: [GC [PSYoungGen: 716544K->384K(859776K)] 1027574K->311622K(1546752K), 0.0276950 secs] [Times: user=0.10 sys=0.00, real=0.02 secs] 
2014-07-08T06:21:05.906+0000: 3129.366: [GC [PSYoungGen: 859776K->388K(826816K)] 1171014K->311738K(1513792K), 0.0073090 secs] [Times: user=0.02 sys=0.00, real=0.01 secs] 
2014-07-08T06:21:07.710+0000: 3131.169: [GC [PSYoungGen: 826756K->448K(992128K)] 1138106K->311878K(1679104K), 0.0297350 secs] [Times: user=0.11 sys=0.00, real=0.03 secs] 
2014-07-08T06:21:09.901+0000: 3133.360: [GC [PSYoungGen: 992128K->256K(952640K)] 1303558K->311806K(1639616K), 0.0159610 secs] [Times: user=0.06 sys=0.00, real=0.02 secs] 
2014-07-08T06:21:12.009+0000: 3135.468: [GC [PSYoungGen: 952640K->448K(915392K)] 1264190K->312094K(1602368K), 0.0196360 secs] [Times: user=0.08 sys=0.00, real=0.02 secs] 
2014-07-08T06:21:13.981+0000: 3137.440: [GC [PSYoungGen: 915392K->434K(879744K)] 1227038K->312264K(1566720K), 0.0214120 secs] [Times: user=0.08 sys=0.00, real=0.02 secs] 
2014-07-08T06:21:15.946+0000: 3139.405: [GC [PSYoungGen: 879730K->256K(845568K)] 1191560K->312278K(1532544K), 0.0077830 secs] [Times: user=0.03 sys=0.00, real=0.01 secs] 
2014-07-08T06:21:17.859+0000: 3141.318: [GC [PSYoungGen: 845551K->832K(1015232K)] 1157574K->313022K(1702208K), 0.0299790 secs] [Times: user=0.11 sys=0.00, real=0.03 secs] 
2014-07-08T06:21:20.030+0000: 3143.489: [GC [PSYoungGen: 1015172K->356K(974400K)] 1327362K->312658K(1661376K), 0.0071370 secs] [Times: user=0.01 sys=0.00, real=0.01 secs] 
2014-07-08T06:21:22.166+0000: 3145.625: [GC [PSYoungGen: 974372K->370K(935936K)] 1286674K->312776K(1622912K), 0.0176180 secs] [Times: user=0.07 sys=0.00, real=0.01 secs] 
2014-07-08T06:21:24.237+0000: 3147.696: [GC [PSYoungGen: 935922K->416K(899328K)] 1248328K->313014K(1586304K), 0.0310420 secs] [Times: user=0.11 sys=0.00, real=0.03 secs] 
2014-07-08T06:21:26.215+0000: 3149.674: [GC [PSYoungGen: 899296K->352K(1079040K)] 1211894K->313158K(1766016K), 0.0266080 secs] [Times: user=0.10 sys=0.00, real=0.03 secs] 
2014-07-08T06:21:28.586+0000: 3152.045: [GC [PSYoungGen: 1079008K->512K(1035648K)] 1391814K->313438K(1722624K), 0.0161960 secs] [Times: user=0.05 sys=0.00, real=0.01 secs] 
2014-07-08T06:21:30.924+0000: 3154.383: [GC [PSYoungGen: 1035646K->850K(994624K)] 1348572K->313880K(1681600K), 0.0066400 secs] [Times: user=0.02 sys=0.00, real=0.01 secs] 
2014-07-08T06:21:33.055+0000: 3156.514: [GC [PSYoungGen: 994497K->384K(954688K)] 1307527K->313542K(1641664K), 0.0122620 secs] [Times: user=0.04 sys=0.00, real=0.02 secs] 
2014-07-08T06:21:35.215+0000: 3158.674: [GC [PSYoungGen: 954688K->530K(917312K)] 1267846K->313920K(1604288K), 0.0195070 secs] [Times: user=0.07 sys=0.00, real=0.02 secs] 
2014-07-08T06:21:37.233+0000: 3160.692: [GC [PSYoungGen: 917266K->416K(881408K)] 1230656K->313966K(1568384K), 0.0105680 secs] [Times: user=0.02 sys=0.00, real=0.01 secs] 
2014-07-08T06:21:39.123+0000: 3162.583: [GC [PSYoungGen: 881376K->160K(847104K)] 1194926K->313838K(1534080K), 0.0061120 secs] [Times: user=0.01 sys=0.00, real=0.01 secs] 
2014-07-08T06:21:41.004+0000: 3164.463: [GC [PSYoungGen: 847072K->352K(814848K)] 1160750K->314118K(1501824K), 0.0179150 secs] [Times: user=0.06 sys=0.00, real=0.02 secs] 
2014-07-08T06:21:42.794+0000: 3166.253: [GC [PSYoungGen: 814816K->644K(784256K)] 1128582K->314522K(1471232K), 0.0073100 secs] [Times: user=0.02 sys=0.00, real=0.01 secs] 
2014-07-08T06:21:44.502+0000: 3167.961: [GC [PSYoungGen: 784196K->224K(754368K)] 1098074K->314254K(1441344K), 0.0065260 secs] [Times: user=0.02 sys=0.00, real=0.01 secs] 
2014-07-08T06:21:46.195+0000: 3169.654: [GC [PSYoungGen: 754336K->452K(726528K)] 1068366K->314570K(1413504K), 0.0254670 secs] [Times: user=0.09 sys=0.00, real=0.03 secs] 
2014-07-08T06:21:47.789+0000: 3171.248: [GC [PSYoungGen: 726468K->882K(700160K)] 1040586K->315224K(1387136K), 0.0244050 secs] [Times: user=0.08 sys=0.00, real=0.02 secs] 
2014-07-08T06:21:49.301+0000: 3172.760: [GC [PSYoungGen: 700146K->192K(673920K)] 1014488K->314630K(1360896K), 0.0055790 secs] [Times: user=0.02 sys=0.00, real=0.00 secs] 
2014-07-08T06:21:50.814+0000: 3174.273: [GC [PSYoungGen: 673844K->836K(650304K)] 988283K->315362K(1337280K), 0.0056330 secs] [Times: user=0.01 sys=0.00, real=0.01 secs] 
2014-07-08T06:21:52.241+0000: 3175.700: [GC [PSYoungGen: 650244K->466K(626688K)] 964770K->315056K(1313664K), 0.0219920 secs] [Times: user=0.09 sys=0.00, real=0.02 secs] 
2014-07-08T06:21:53.604+0000: 3177.063: [GC [PSYoungGen: 626642K->672K(604736K)] 941232K->315446K(1291712K), 0.0063450 secs] [Times: user=0.02 sys=0.01, real=0.01 secs] 
2014-07-08T06:21:54.985+0000: 3178.444: [GC [PSYoungGen: 604704K->658K(583616K)] 919478K->315552K(1270592K), 0.0183200 secs] [Times: user=0.06 sys=0.00, real=0.02 secs] 
2014-07-08T06:21:56.216+0000: 3179.675: [GC [PSYoungGen: 583511K->416K(699968K)] 898406K->315406K(1386944K), 0.0173450 secs] [Times: user=0.07 sys=0.00, real=0.02 secs] 
2014-07-08T06:21:57.800+0000: 3181.259: [GC [PSYoungGen: 699855K->768K(674752K)] 1014845K->315822K(1361728K), 0.0112260 secs] [Times: user=0.04 sys=0.00, real=0.01 secs] 
2014-07-08T06:21:59.225+0000: 3182.684: [GC [PSYoungGen: 674752K->192K(649856K)] 989806K->315382K(1336832K), 0.0101250 secs] [Times: user=0.04 sys=0.01, real=0.01 secs] 
2014-07-08T06:22:00.685+0000: 3184.144: [GC [PSYoungGen: 649776K->384K(780032K)] 964966K->315630K(1467008K), 0.0269930 secs] [Times: user=0.09 sys=0.00, real=0.03 secs] 
2014-07-08T06:22:02.462+0000: 3185.921: [GC [PSYoungGen: 780032K->612K(936256K)] 1095278K->315898K(1623232K), 0.0206220 secs] [Times: user=0.08 sys=0.00, real=0.02 secs] 
2014-07-08T06:22:04.456+0000: 3187.915: [GC [PSYoungGen: 936228K->466K(899456K)] 1251514K->315992K(1586432K), 0.0107780 secs] [Times: user=0.01 sys=0.00, real=0.01 secs] 
2014-07-08T06:22:06.450+0000: 3189.909: [GC [PSYoungGen: 899410K->288K(864384K)] 1214936K->315934K(1551360K), 0.0162140 secs] [Times: user=0.06 sys=0.00, real=0.02 secs] 
2014-07-08T06:22:08.341+0000: 3191.800: [GC [PSYoungGen: 864352K->416K(831296K)] 1179998K->316150K(1518272K), 0.0073010 secs] [Times: user=0.01 sys=0.00, real=0.00 secs] 
2014-07-08T06:22:10.166+0000: 3193.625: [GC [PSYoungGen: 831264K->456K(799680K)] 1146998K->316334K(1486656K), 0.0099520 secs] [Times: user=0.04 sys=0.00, real=0.01 secs] 
2014-07-08T06:22:11.957+0000: 3195.417: [GC [PSYoungGen: 799624K->534K(769536K)] 1115502K->316484K(1456512K), 0.0195990 secs] [Times: user=0.07 sys=0.00, real=0.02 secs] 
2014-07-08T06:22:13.631+0000: 3197.090: [GC [PSYoungGen: 769494K->786K(741056K)] 1085444K->316912K(1428032K), 0.0124410 secs] [Times: user=0.04 sys=0.00, real=0.02 secs] 
2014-07-08T06:22:15.248+0000: 3198.707: [GC [PSYoungGen: 740989K->356K(713216K)] 1057115K->316658K(1400192K), 0.0107340 secs] [Times: user=0.04 sys=0.00, real=0.01 secs] 
2014-07-08T06:22:16.858+0000: 3200.318: [GC [PSYoungGen: 713173K->580K(687296K)] 1029476K->316954K(1374272K), 0.0119790 secs] [Times: user=0.05 sys=0.00, real=0.01 secs] 
2014-07-08T06:22:18.351+0000: 3201.810: [GC [PSYoungGen: 687222K->224K(661952K)] 1003597K->316670K(1348928K), 0.0156380 secs] [Times: user=0.05 sys=0.00, real=0.02 secs] 
2014-07-08T06:22:19.825+0000: 3203.284: [GC [PSYoungGen: 661829K->644K(794752K)] 978276K->317210K(1481728K), 0.0363320 secs] [Times: user=0.12 sys=0.00, real=0.03 secs] 
2014-07-08T06:22:21.529+0000: 3204.988: [GC [PSYoungGen: 794661K->288K(953216K)] 1111228K->316918K(1640192K), 0.0136780 secs] [Times: user=0.05 sys=0.00, real=0.01 secs] 
2014-07-08T06:22:23.637+0000: 3207.096: [GC [PSYoungGen: 953184K->950K(916416K)] 1269814K->317844K(1603392K), 0.0107720 secs] [Times: user=0.03 sys=0.00, real=0.01 secs] 
2014-07-08T06:22:25.649+0000: 3209.108: [GC [PSYoungGen: 916406K->698K(880448K)] 1233300K->317816K(1567424K), 0.0067870 secs] [Times: user=0.02 sys=0.00, real=0.01 secs] 
2014-07-08T06:22:27.584+0000: 3211.043: [GC [PSYoungGen: 880442K->576K(846336K)] 1197560K->317806K(1533312K), 0.0083150 secs] [Times: user=0.02 sys=0.01, real=0.01 secs] 
2014-07-08T06:22:29.436+0000: 3212.895: [GC [PSYoungGen: 846336K->388K(813824K)] 1163566K->317690K(1500800K), 0.0164170 secs] [Times: user=0.06 sys=0.00, real=0.01 secs] 
2014-07-08T06:22:31.232+0000: 3214.691: [GC [PSYoungGen: 813764K->470K(783040K)] 1131066K->317932K(1470016K), 0.0083020 secs] [Times: user=0.02 sys=0.01, real=0.01 secs] 
2014-07-08T06:22:33.058+0000: 3216.518: [GC [PSYoungGen: 782998K->576K(753728K)] 1100460K->318134K(1440704K), 0.0155960 secs] [Times: user=0.07 sys=0.00, real=0.01 secs] 
2014-07-08T06:22:34.652+0000: 3218.111: [GC [PSYoungGen: 753728K->832K(725952K)] 1071286K->318614K(1412928K), 0.0268050 secs] [Times: user=0.09 sys=0.00, real=0.03 secs] 
2014-07-08T06:22:36.210+0000: 3219.669: [GC [PSYoungGen: 725952K->288K(870464K)] 1043734K->318190K(1557440K), 0.0221050 secs] [Times: user=0.08 sys=0.00, real=0.02 secs] 
2014-07-08T06:22:38.137+0000: 3221.596: [GC [PSYoungGen: 870432K->306K(836928K)] 1188334K->318320K(1523904K), 0.0137750 secs] [Times: user=0.05 sys=0.00, real=0.01 secs] 
2014-07-08T06:22:40.083+0000: 3223.542: [GC [PSYoungGen: 836909K->644K(1004672K)] 1154923K->318746K(1691648K), 0.0242130 secs] [Times: user=0.10 sys=0.00, real=0.03 secs] 
2014-07-08T06:22:42.203+0000: 3225.662: [GC [PSYoungGen: 1004612K->256K(1205056K)] 1322714K->318454K(1892032K), 0.0239240 secs] [Times: user=0.09 sys=0.00, real=0.03 secs] 
2014-07-08T06:22:44.940+0000: 3228.400: [GC [PSYoungGen: 1204998K->836K(1156096K)] 1523196K->319194K(1843072K), 0.0133920 secs] [Times: user=0.05 sys=0.01, real=0.01 secs] 
2014-07-08T06:22:47.395+0000: 3230.854: [GC [PSYoungGen: 1156036K->224K(1108288K)] 1474394K->318806K(1795264K), 0.0052620 secs] [Times: user=0.02 sys=0.00, real=0.01 secs] 
2014-07-08T06:22:49.902+0000: 3233.361: [GC [PSYoungGen: 1108256K->1074K(1064192K)] 1426838K->319768K(1751168K), 0.0121570 secs] [Times: user=0.04 sys=0.00, real=0.01 secs] 
2014-07-08T06:22:52.189+0000: 3235.649: [GC [PSYoungGen: 1064178K->544K(1020928K)] 1382872K->319366K(1707904K), 0.0285530 secs] [Times: user=0.11 sys=0.00, real=0.03 secs] 
2014-07-08T06:22:54.434+0000: 3237.893: [GC [PSYoungGen: 1020809K->448K(980096K)] 1339631K->319446K(1667072K), 0.0297730 secs] [Times: user=0.11 sys=0.00, real=0.03 secs] 
2014-07-08T06:22:56.618+0000: 3240.077: [GC [PSYoungGen: 980096K->644K(941632K)] 1299094K->319818K(1628608K), 0.0256440 secs] [Times: user=0.09 sys=0.00, real=0.03 secs] 
2014-07-08T06:22:58.706+0000: 3242.165: [GC [PSYoungGen: 941572K->676K(904704K)] 1260746K->319994K(1591680K), 0.0062040 secs] [Times: user=0.02 sys=0.00, real=0.01 secs] 
2014-07-08T06:23:00.701+0000: 3244.160: [GC [PSYoungGen: 904674K->850K(1085696K)] 1223993K->320304K(1772672K), 0.0320190 secs] [Times: user=0.10 sys=0.00, real=0.03 secs] 
2014-07-08T06:23:03.055+0000: 3246.514: [GC [PSYoungGen: 1085639K->452K(1041536K)] 1405093K->320010K(1728512K), 0.0126600 secs] [Times: user=0.03 sys=0.00, real=0.01 secs] 
2014-07-08T06:23:05.336+0000: 3248.795: [GC [PSYoungGen: 1041476K->338K(999744K)] 1361034K->320104K(1686720K), 0.0110430 secs] [Times: user=0.04 sys=0.00, real=0.01 secs] 
2014-07-08T06:23:07.538+0000: 3250.997: [GC [PSYoungGen: 999698K->288K(960000K)] 1319464K->320182K(1646976K), 0.0238460 secs] [Times: user=0.08 sys=0.00, real=0.03 secs] 
2014-07-08T06:23:09.652+0000: 3253.111: [GC [PSYoungGen: 959876K->644K(922560K)] 1279771K->320682K(1609536K), 0.0286050 secs] [Times: user=0.11 sys=0.00, real=0.03 secs] 
2014-07-08T06:23:11.688+0000: 3255.147: [GC [PSYoungGen: 922500K->516K(886464K)] 1242538K->320650K(1573440K), 0.0162950 secs] [Times: user=0.05 sys=0.00, real=0.02 secs] 
2014-07-08T06:23:13.638+0000: 3257.097: [GC [PSYoungGen: 886402K->640K(1063744K)] 1206537K->320934K(1750720K), 0.0277920 secs] [Times: user=0.11 sys=0.00, real=0.03 secs] 
2014-07-08T06:23:16.003+0000: 3259.462: [GC [PSYoungGen: 1063744K->416K(1276224K)] 1384038K->320910K(1963200K), 0.0499190 secs] [Times: user=0.19 sys=0.00, real=0.05 secs] 
2014-07-08T06:23:18.806+0000: 3262.265: [GC [PSYoungGen: 1276192K->850K(1531840K)] 1596686K->321496K(2218816K), 0.0075990 secs] [Times: user=0.02 sys=0.00, real=0.01 secs] 
2014-07-08T06:23:22.203+0000: 3265.662: [GC [PSYoungGen: 1531750K->612K(1466112K)] 1852396K->321394K(2153088K), 0.0057820 secs] [Times: user=0.02 sys=0.00, real=0.00 secs] 
2014-07-08T06:23:25.372+0000: 3268.831: [GC [PSYoungGen: 1466084K->320K(1403520K)] 1786866K->321302K(2090496K), 0.0051780 secs] [Times: user=0.02 sys=0.00, real=0.01 secs] 
2014-07-08T06:23:28.512+0000: 3271.972: [GC [PSYoungGen: 1403520K->1088K(1345024K)] 1724502K->322342K(2032000K), 0.0073930 secs] [Times: user=0.02 sys=0.00, real=0.01 secs] 
2014-07-08T06:23:31.414+0000: 3274.873: [GC [PSYoungGen: 1345024K->352K(1288000K)] 1666278K->321766K(1974976K), 0.0116960 secs] [Times: user=0.04 sys=0.00, real=0.01 secs] 
2014-07-08T06:23:34.240+0000: 3277.700: [GC [PSYoungGen: 1287968K->384K(1234368K)] 1609382K->321966K(1921344K), 0.0260100 secs] [Times: user=0.10 sys=0.00, real=0.03 secs] 
2014-07-08T06:23:37.002+0000: 3280.461: [GC [PSYoungGen: 1234368K->352K(1183360K)] 1555950K->322214K(1870336K), 0.0053080 secs] [Times: user=0.01 sys=0.00, real=0.01 secs] 
2014-07-08T06:23:39.579+0000: 3283.038: [GC [PSYoungGen: 1183328K->288K(1134784K)] 1505190K->322270K(1821760K), 0.0258150 secs] [Times: user=0.09 sys=0.00, real=0.02 secs] 
2014-07-08T06:23:42.107+0000: 3285.566: [GC [PSYoungGen: 1134752K->704K(1088960K)] 1456734K->322854K(1775936K), 0.0208670 secs] [Times: user=0.07 sys=0.00, real=0.02 secs] 
2014-07-08T06:23:44.475+0000: 3287.934: [GC [PSYoungGen: 1088877K->648K(1044992K)] 1411028K->322998K(1731968K), 0.0107580 secs] [Times: user=0.04 sys=0.00, real=0.01 secs] 
2014-07-08T06:23:46.813+0000: 3290.272: [GC [PSYoungGen: 1044936K->964K(1003456K)] 1367286K->323514K(1690432K), 0.0053480 secs] [Times: user=0.02 sys=0.00, real=0.01 secs] 
2014-07-08T06:23:49.083+0000: 3292.542: [GC [PSYoungGen: 1003396K->562K(963200K)] 1325946K->323232K(1650176K), 0.0158400 secs] [Times: user=0.06 sys=0.00, real=0.02 secs] 
2014-07-08T06:23:51.107+0000: 3294.566: [GC [PSYoungGen: 963186K->352K(925056K)] 1285856K->323158K(1612032K), 0.0184610 secs] [Times: user=0.07 sys=0.00, real=0.01 secs] 
2014-07-08T06:23:53.147+0000: 3296.606: [GC [PSYoungGen: 925024K->416K(889024K)] 1247830K->323326K(1576000K), 0.0134630 secs] [Times: user=0.05 sys=0.00, real=0.01 secs] 
2014-07-08T06:23:55.099+0000: 3298.558: [GC [PSYoungGen: 888992K->320K(854464K)] 1211902K->323406K(1541440K), 0.0142810 secs] [Times: user=0.05 sys=0.00, real=0.01 secs] 
2014-07-08T06:23:57.008+0000: 3300.467: [GC [PSYoungGen: 854462K->352K(821760K)] 1177549K->323614K(1508736K), 0.0154430 secs] [Times: user=0.06 sys=0.00, real=0.01 secs] 
2014-07-08T06:23:58.833+0000: 3302.292: [GC [PSYoungGen: 821728K->1024K(791168K)] 1144990K->324382K(1478144K), 0.0141660 secs] [Times: user=0.06 sys=0.00, real=0.01 secs] 
2014-07-08T06:24:00.528+0000: 3303.987: [GC [PSYoungGen: 791111K->370K(760768K)] 1114470K->323800K(1447744K), 0.0122270 secs] [Times: user=0.03 sys=0.00, real=0.01 secs] 
2014-07-08T06:24:02.217+0000: 3305.676: [GC [PSYoungGen: 760754K->434K(732480K)] 1084184K->323984K(1419456K), 0.0268770 secs] [Times: user=0.10 sys=0.00, real=0.03 secs] 
2014-07-08T06:24:03.847+0000: 3307.306: [GC [PSYoungGen: 732466K->612K(705664K)] 1056016K->324322K(1392640K), 0.0146150 secs] [Times: user=0.04 sys=0.00, real=0.02 secs] 
2014-07-08T06:24:05.388+0000: 3308.847: [GC [PSYoungGen: 705607K->224K(846336K)] 1029318K->324046K(1533312K), 0.0281000 secs] [Times: user=0.10 sys=0.00, real=0.03 secs] 
2014-07-08T06:24:07.256+0000: 3310.715: [GC [PSYoungGen: 846304K->274K(814016K)] 1170126K->324232K(1500992K), 0.0049170 secs] [Times: user=0.01 sys=0.00, real=0.01 secs] 
2014-07-08T06:24:09.136+0000: 3312.596: [GC [PSYoungGen: 813970K->754K(783616K)] 1137928K->324800K(1470592K), 0.0057340 secs] [Times: user=0.02 sys=0.01, real=0.01 secs] 
2014-07-08T06:24:10.816+0000: 3314.275: [GC [PSYoungGen: 783547K->790K(754240K)] 1107593K->324940K(1441216K), 0.0228790 secs] [Times: user=0.08 sys=0.00, real=0.02 secs] 
2014-07-08T06:24:12.464+0000: 3315.923: [GC [PSYoungGen: 754198K->224K(725632K)] 1078348K->324486K(1412608K), 0.0047910 secs] [Times: user=0.01 sys=0.00, real=0.00 secs] 
2014-07-08T06:24:14.100+0000: 3317.559: [GC [PSYoungGen: 725600K->1010K(699648K)] 1049862K->325416K(1386624K), 0.0108590 secs] [Times: user=0.03 sys=0.01, real=0.01 secs] 
2014-07-08T06:24:15.603+0000: 3319.062: [GC [PSYoungGen: 699633K->356K(673536K)] 1024039K->324906K(1360512K), 0.0132390 secs] [Times: user=0.05 sys=0.00, real=0.01 secs] 
2014-07-08T06:24:17.107+0000: 3320.566: [GC [PSYoungGen: 673508K->224K(649088K)] 998058K->324878K(1336064K), 0.0145710 secs] [Times: user=0.06 sys=0.00, real=0.02 secs] 
2014-07-08T06:24:18.531+0000: 3321.990: [GC [PSYoungGen: 649056K->96K(625792K)] 973710K->324830K(1312768K), 0.0215380 secs] [Times: user=0.08 sys=0.00, real=0.03 secs] 
2014-07-08T06:24:19.953+0000: 3323.412: [GC [PSYoungGen: 625760K->288K(603840K)] 950494K->325070K(1290816K), 0.0052660 secs] [Times: user=0.01 sys=0.00, real=0.00 secs] 
2014-07-08T06:24:21.234+0000: 3324.693: [GC [PSYoungGen: 603808K->416K(582848K)] 928590K->325294K(1269824K), 0.0119540 secs] [Times: user=0.04 sys=0.00, real=0.01 secs] 
2014-07-08T06:24:22.512+0000: 3325.971: [GC [PSYoungGen: 582816K->256K(699136K)] 907694K->325230K(1386112K), 0.0394490 secs] [Times: user=0.15 sys=0.00, real=0.03 secs] 
2014-07-08T06:24:24.055+0000: 3327.514: [GC [PSYoungGen: 699136K->256K(838912K)] 1024110K->325326K(1525888K), 0.0130720 secs] [Times: user=0.04 sys=0.00, real=0.01 secs] 
2014-07-08T06:24:25.949+0000: 3329.408: [GC [PSYoungGen: 838911K->740K(1007168K)] 1163982K->325946K(1694144K), 0.0056140 secs] [Times: user=0.01 sys=0.00, real=0.01 secs] 
2014-07-08T06:24:28.122+0000: 3331.581: [GC [PSYoungGen: 1007096K->324K(966784K)] 1332302K->325674K(1653760K), 0.0075330 secs] [Times: user=0.02 sys=0.00, real=0.01 secs] 
2014-07-08T06:24:30.252+0000: 3333.711: [GC [PSYoungGen: 966626K->292K(928576K)] 1291977K->325706K(1615552K), 0.0246830 secs] [Times: user=0.09 sys=0.00, real=0.03 secs] 
2014-07-08T06:24:32.308+0000: 3335.767: [GC [PSYoungGen: 928477K->470K(892480K)] 1253891K->325996K(1579456K), 0.0067250 secs] [Times: user=0.02 sys=0.00, real=0.01 secs] 
2014-07-08T06:24:34.274+0000: 3337.734: [GC [PSYoungGen: 892438K->352K(857792K)] 1217964K->326094K(1544768K), 0.0112730 secs] [Times: user=0.03 sys=0.00, real=0.01 secs] 
2014-07-08T06:24:36.179+0000: 3339.638: [GC [PSYoungGen: 857712K->548K(825024K)] 1183455K->326410K(1512000K), 0.0185020 secs] [Times: user=0.07 sys=0.00, real=0.02 secs] 
2014-07-08T06:24:38.006+0000: 3341.465: [GC [PSYoungGen: 824996K->288K(793408K)] 1150858K->326270K(1480384K), 0.0131490 secs] [Times: user=0.05 sys=0.00, real=0.01 secs] 
2014-07-08T06:24:39.744+0000: 3343.203: [GC [PSYoungGen: 793376K->480K(763712K)] 1119358K->326590K(1450688K), 0.0075430 secs] [Times: user=0.02 sys=0.00, real=0.00 secs] 
2014-07-08T06:24:41.435+0000: 3344.894: [GC [PSYoungGen: 763680K->882K(735616K)] 1089790K->327184K(1422592K), 0.0336000 secs] [Times: user=0.12 sys=0.00, real=0.03 secs] 
2014-07-08T06:24:43.088+0000: 3346.548: [GC [PSYoungGen: 735602K->512K(882176K)] 1061904K->326926K(1569152K), 0.0282630 secs] [Times: user=0.11 sys=0.00, real=0.03 secs] 
2014-07-08T06:24:45.023+0000: 3348.482: [GC [PSYoungGen: 882176K->644K(848320K)] 1208590K->327306K(1535296K), 0.0058970 secs] [Times: user=0.02 sys=0.00, real=0.01 secs] 
2014-07-08T06:24:46.878+0000: 3350.338: [GC [PSYoungGen: 848260K->530K(815744K)] 1174922K->327272K(1502720K), 0.0089520 secs] [Times: user=0.02 sys=0.00, real=0.01 secs] 
2014-07-08T06:24:48.655+0000: 3352.114: [GC [PSYoungGen: 815698K->512K(784768K)] 1142440K->327342K(1471744K), 0.0175450 secs] [Times: user=0.05 sys=0.01, real=0.02 secs] 
2014-07-08T06:24:50.387+0000: 3353.846: [GC [PSYoungGen: 784764K->356K(755136K)] 1111594K->327290K(1442112K), 0.0061900 secs] [Times: user=0.02 sys=0.00, real=0.00 secs] 
2014-07-08T06:24:52.050+0000: 3355.509: [GC [PSYoungGen: 755094K->516K(906304K)] 1082028K->327586K(1593280K), 0.0413700 secs] [Times: user=0.15 sys=0.00, real=0.04 secs] 
2014-07-08T06:24:54.045+0000: 3357.504: [GC [PSYoungGen: 906243K->370K(1087296K)] 1233314K->327592K(1774272K), 0.0186910 secs] [Times: user=0.07 sys=0.00, real=0.02 secs] 
2014-07-08T06:24:56.453+0000: 3359.912: [GC [PSYoungGen: 1087282K->448K(1304768K)] 1414504K->327830K(1991744K), 0.0248480 secs] [Times: user=0.09 sys=0.00, real=0.03 secs] 
2014-07-08T06:24:59.310+0000: 3362.770: [GC [PSYoungGen: 1304768K->224K(1565440K)] 1632150K->327726K(2252416K), 0.0230570 secs] [Times: user=0.06 sys=0.00, real=0.02 secs] 
2014-07-08T06:25:02.802+0000: 3366.261: [GC [PSYoungGen: 1565408K->886K(1498944K)] 1892910K->328540K(2185920K), 0.0163500 secs] [Times: user=0.06 sys=0.00, real=0.02 secs] 
2014-07-08T06:25:06.097+0000: 3369.556: [GC [PSYoungGen: 1498934K->434K(1434624K)] 1826588K->328328K(2121600K), 0.0051720 secs] [Times: user=0.01 sys=0.00, real=0.01 secs] 
2014-07-08T06:25:09.294+0000: 3372.753: [GC [PSYoungGen: 1434610K->320K(1373760K)] 1762504K->328438K(2060736K), 0.0042060 secs] [Times: user=0.01 sys=0.00, real=0.00 secs] 
2014-07-08T06:25:12.298+0000: 3375.757: [GC [PSYoungGen: 1373760K->370K(1316032K)] 1701878K->328624K(2003008K), 0.0181940 secs] [Times: user=0.07 sys=0.00, real=0.02 secs] 
2014-07-08T06:25:15.278+0000: 3378.737: [GC [PSYoungGen: 1315969K->690K(1261376K)] 1644223K->329144K(1948352K), 0.0071800 secs] [Times: user=0.01 sys=0.00, real=0.01 secs] 
2014-07-08T06:25:18.057+0000: 3381.516: [GC [PSYoungGen: 1261276K->868K(1209280K)] 1589730K->329610K(1896256K), 0.0259250 secs] [Times: user=0.10 sys=0.00, real=0.03 secs] 
2014-07-08T06:25:20.645+0000: 3384.104: [GC [PSYoungGen: 1209248K->356K(1158976K)] 1537990K->329426K(1845952K), 0.0056790 secs] [Times: user=0.02 sys=0.00, real=0.00 secs] 
2014-07-08T06:25:23.196+0000: 3386.655: [GC [PSYoungGen: 1158948K->544K(1111808K)] 1488018K->329734K(1798784K), 0.0193530 secs] [Times: user=0.07 sys=0.00, real=0.02 secs] 
2014-07-08T06:25:25.660+0000: 3389.120: [GC [PSYoungGen: 1111776K->1024K(1067200K)] 1440966K->330518K(1754176K), 0.0172590 secs] [Times: user=0.07 sys=0.00, real=0.02 secs] 
2014-07-08T06:25:28.039+0000: 3391.498: [GC [PSYoungGen: 1067200K->744K(1024064K)] 1396694K->330430K(1711040K), 0.0310340 secs] [Times: user=0.11 sys=0.00, real=0.03 secs] 
2014-07-08T06:25:30.293+0000: 3393.752: [GC [PSYoungGen: 1024040K->416K(982912K)] 1353726K->330238K(1669888K), 0.0289850 secs] [Times: user=0.10 sys=0.00, real=0.03 secs] 
2014-07-08T06:25:32.433+0000: 3395.892: [GC [PSYoungGen: 982791K->356K(943936K)] 1312613K->330298K(1630912K), 0.0042310 secs] [Times: user=0.02 sys=0.00, real=0.00 secs] 
2014-07-08T06:25:34.512+0000: 3397.971: [GC [PSYoungGen: 943878K->580K(907200K)] 1273820K->330682K(1594176K), 0.0183170 secs] [Times: user=0.06 sys=0.00, real=0.02 secs] 
2014-07-08T06:25:36.510+0000: 3399.969: [GC [PSYoungGen: 907138K->384K(871680K)] 1237240K->330622K(1558656K), 0.0123880 secs] [Times: user=0.05 sys=0.00, real=0.01 secs] 
2014-07-08T06:25:38.433+0000: 3401.892: [GC [PSYoungGen: 871680K->224K(837952K)] 1201918K->330590K(1524928K), 0.0186030 secs] [Times: user=0.07 sys=0.00, real=0.01 secs] 
2014-07-08T06:25:40.385+0000: 3403.844: [GC [PSYoungGen: 837920K->964K(1006272K)] 1168286K->331442K(1693248K), 0.0372330 secs] [Times: user=0.13 sys=0.00, real=0.03 secs] 
2014-07-08T06:25:42.509+0000: 3405.968: [GC [PSYoungGen: 1006212K->352K(965632K)] 1336690K->330958K(1652608K), 0.0063860 secs] [Times: user=0.01 sys=0.00, real=0.01 secs] 
2014-07-08T06:25:44.637+0000: 3408.096: [GC [PSYoungGen: 965600K->388K(927616K)] 1296206K->331146K(1614592K), 0.0165950 secs] [Times: user=0.06 sys=0.00, real=0.01 secs] 
2014-07-08T06:25:46.692+0000: 3410.152: [GC [PSYoungGen: 927509K->836K(891840K)] 1258268K->331706K(1578816K), 0.0193110 secs] [Times: user=0.06 sys=0.00, real=0.02 secs] 
2014-07-08T06:25:48.643+0000: 3412.103: [GC [PSYoungGen: 891780K->384K(856832K)] 1222650K->331446K(1543808K), 0.0242640 secs] [Times: user=0.08 sys=0.00, real=0.03 secs] 
2014-07-08T06:25:50.552+0000: 3414.011: [GC [PSYoungGen: 856832K->320K(823872K)] 1187894K->331462K(1510848K), 0.0090050 secs] [Times: user=0.02 sys=0.00, real=0.01 secs] 
2014-07-08T06:25:52.353+0000: 3415.813: [GC [PSYoungGen: 823872K->320K(792512K)] 1155014K->331558K(1479488K), 0.0046550 secs] [Times: user=0.02 sys=0.00, real=0.01 secs] 
2014-07-08T06:25:54.144+0000: 3417.604: [GC [PSYoungGen: 792512K->434K(951104K)] 1123750K->331864K(1638080K), 0.0381740 secs] [Times: user=0.13 sys=0.00, real=0.04 secs] 
2014-07-08T06:25:56.275+0000: 3419.734: [GC [PSYoungGen: 951086K->416K(913728K)] 1282516K->331990K(1600704K), 0.0113940 secs] [Times: user=0.03 sys=0.00, real=0.02 secs] 
2014-07-08T06:25:58.210+0000: 3421.669: [GC [PSYoungGen: 913696K->320K(1096256K)] 1245270K->332046K(1783232K), 0.0342750 secs] [Times: user=0.12 sys=0.00, real=0.03 secs] 
2014-07-08T06:26:00.718+0000: 3424.177: [GC [PSYoungGen: 1096216K->932K(1052544K)] 1427942K->332746K(1739520K), 0.0057310 secs] [Times: user=0.02 sys=0.00, real=0.00 secs] 
2014-07-08T06:26:02.982+0000: 3426.442: [GC [PSYoungGen: 1052516K->512K(1009920K)] 1384330K->332470K(1696896K), 0.0073030 secs] [Times: user=0.02 sys=0.00, real=0.01 secs] 
2014-07-08T06:26:05.201+0000: 3428.660: [GC [PSYoungGen: 1009920K->320K(969536K)] 1341878K->332542K(1656512K), 0.0199310 secs] [Times: user=0.07 sys=0.00, real=0.02 secs] 
2014-07-08T06:26:07.383+0000: 3430.842: [GC [PSYoungGen: 969465K->320K(931264K)] 1301688K->332654K(1618240K), 0.0068480 secs] [Times: user=0.01 sys=0.00, real=0.01 secs] 
2014-07-08T06:26:09.393+0000: 3432.853: [GC [PSYoungGen: 931264K->160K(894720K)] 1263598K->332646K(1581696K), 0.0198850 secs] [Times: user=0.07 sys=0.00, real=0.02 secs] 
2014-07-08T06:26:11.383+0000: 3434.842: [GC [PSYoungGen: 894688K->256K(860096K)] 1227174K->332806K(1547072K), 0.0064830 secs] [Times: user=0.01 sys=0.00, real=0.01 secs] 
2014-07-08T06:26:13.267+0000: 3436.727: [GC [PSYoungGen: 860096K->452K(827328K)] 1192646K->333162K(1514304K), 0.0276140 secs] [Times: user=0.10 sys=0.00, real=0.03 secs] 
2014-07-08T06:26:15.096+0000: 3438.555: [GC [PSYoungGen: 827268K->256K(795584K)] 1159978K->333158K(1482560K), 0.0162890 secs] [Times: user=0.06 sys=0.00, real=0.02 secs] 
2014-07-08T06:26:16.873+0000: 3440.332: [GC [PSYoungGen: 795584K->960K(766272K)] 1128486K->333990K(1453248K), 0.0068620 secs] [Times: user=0.02 sys=0.00, real=0.01 secs] 
2014-07-08T06:26:18.531+0000: 3441.990: [GC [PSYoungGen: 766243K->544K(737280K)] 1099274K->333694K(1424256K), 0.0207890 secs] [Times: user=0.07 sys=0.01, real=0.02 secs] 
2014-07-08T06:26:20.163+0000: 3443.622: [GC [PSYoungGen: 737248K->306K(709760K)] 1070398K->333560K(1396736K), 0.0219040 secs] [Times: user=0.07 sys=0.00, real=0.02 secs] 
2014-07-08T06:26:21.739+0000: 3445.198: [GC [PSYoungGen: 709746K->658K(852032K)] 1043000K->334000K(1539008K), 0.0212340 secs] [Times: user=0.08 sys=0.00, real=0.03 secs] 
2014-07-08T06:26:23.623+0000: 3447.082: [GC [PSYoungGen: 851986K->662K(819392K)] 1185328K->334164K(1506368K), 0.0110110 secs] [Times: user=0.04 sys=0.00, real=0.01 secs] 
2014-07-08T06:26:25.423+0000: 3448.882: [GC [PSYoungGen: 819350K->224K(787840K)] 1152852K->333902K(1474816K), 0.0137450 secs] [Times: user=0.06 sys=0.00, real=0.01 secs] 
2014-07-08T06:26:27.159+0000: 3450.618: [GC [PSYoungGen: 787803K->320K(758272K)] 1121482K->334102K(1445248K), 0.0109500 secs] [Times: user=0.03 sys=0.01, real=0.01 secs] 
2014-07-08T06:26:28.842+0000: 3452.301: [GC [PSYoungGen: 758272K->530K(730304K)] 1092054K->334432K(1417280K), 0.0076620 secs] [Times: user=0.02 sys=0.01, real=0.00 secs] 
2014-07-08T06:26:30.449+0000: 3453.908: [GC [PSYoungGen: 730256K->288K(703104K)] 1064159K->334262K(1390080K), 0.0218310 secs] [Times: user=0.08 sys=0.00, real=0.03 secs] 
2014-07-08T06:26:32.057+0000: 3455.516: [GC [PSYoungGen: 703072K->800K(844224K)] 1037046K->334862K(1531200K), 0.0379050 secs] [Times: user=0.14 sys=0.00, real=0.04 secs] 
2014-07-08T06:26:33.878+0000: 3457.337: [GC [PSYoungGen: 844190K->612K(1012736K)] 1178252K->334858K(1699712K), 0.0090990 secs] [Times: user=0.02 sys=0.01, real=0.01 secs] 
2014-07-08T06:26:36.197+0000: 3459.656: [GC [PSYoungGen: 1012708K->740K(972544K)] 1346954K->335546K(1659520K), 0.0076800 secs] [Times: user=0.02 sys=0.00, real=0.01 secs] 
2014-07-08T06:26:38.224+0000: 3461.683: [GC [PSYoungGen: 972516K->370K(933760K)] 1307322K->335328K(1620736K), 0.0151820 secs] [Times: user=0.05 sys=0.00, real=0.01 secs] 
2014-07-08T06:26:40.288+0000: 3463.747: [GC [PSYoungGen: 933746K->534K(897408K)] 1268704K->335708K(1584384K), 0.0281220 secs] [Times: user=0.10 sys=0.00, real=0.03 secs] 
2014-07-08T06:26:42.268+0000: 3465.727: [GC [PSYoungGen: 897366K->320K(862336K)] 1232540K->335582K(1549312K), 0.0042450 secs] [Times: user=0.01 sys=0.00, real=0.00 secs] 
2014-07-08T06:26:44.170+0000: 3467.629: [GC [PSYoungGen: 862336K->256K(829120K)] 1197598K->335710K(1516096K), 0.0170270 secs] [Times: user=0.05 sys=0.00, real=0.02 secs] 
2014-07-08T06:26:46.048+0000: 3469.508: [GC [PSYoungGen: 829120K->480K(797824K)] 1164574K->336078K(1484800K), 0.0199470 secs] [Times: user=0.07 sys=0.00, real=0.02 secs] 
2014-07-08T06:26:47.788+0000: 3471.247: [GC [PSYoungGen: 797792K->754K(768000K)] 1133390K->336480K(1454976K), 0.0215090 secs] [Times: user=0.08 sys=0.00, real=0.02 secs] 
2014-07-08T06:26:49.469+0000: 3472.928: [GC [PSYoungGen: 767986K->466K(739072K)] 1103712K->336288K(1426048K), 0.0132580 secs] [Times: user=0.04 sys=0.00, real=0.01 secs] 
2014-07-08T06:26:51.123+0000: 3474.582: [GC [PSYoungGen: 739026K->288K(711552K)] 1074848K->336182K(1398528K), 0.0174460 secs] [Times: user=0.06 sys=0.00, real=0.02 secs] 
2014-07-08T06:26:52.684+0000: 3476.143: [GC [PSYoungGen: 711518K->544K(685760K)] 1047412K->336574K(1372736K), 0.0056620 secs] [Times: user=0.02 sys=0.00, real=0.01 secs] 
2014-07-08T06:26:54.200+0000: 3477.659: [GC [PSYoungGen: 685724K->256K(660608K)] 1021755K->336406K(1347584K), 0.0106150 secs] [Times: user=0.02 sys=0.00, real=0.01 secs] 
2014-07-08T06:26:55.661+0000: 3479.120: [GC [PSYoungGen: 660608K->160K(636800K)] 996758K->336422K(1323776K), 0.0165700 secs] [Times: user=0.06 sys=0.00, real=0.02 secs] 
2014-07-08T06:26:57.131+0000: 3480.591: [GC [PSYoungGen: 636768K->352K(764352K)] 973030K->336670K(1451328K), 0.0270810 secs] [Times: user=0.10 sys=0.00, real=0.03 secs] 
2014-07-08T06:26:58.773+0000: 3482.233: [GC [PSYoungGen: 764320K->512K(917312K)] 1100638K->336990K(1604288K), 0.0121860 secs] [Times: user=0.04 sys=0.00, real=0.01 secs] 
2014-07-08T06:27:00.792+0000: 3484.251: [GC [PSYoungGen: 917312K->562K(881600K)] 1253790K->337088K(1568576K), 0.0064660 secs] [Times: user=0.02 sys=0.00, real=0.01 secs] 
2014-07-08T06:27:02.726+0000: 3486.185: [GC [PSYoungGen: 881586K->544K(847552K)] 1218112K->337150K(1534528K), 0.0167140 secs] [Times: user=0.06 sys=0.00, real=0.02 secs] 
2014-07-08T06:27:04.593+0000: 3488.052: [GC [PSYoungGen: 847520K->192K(1016576K)] 1184126K->337006K(1703552K), 0.0329970 secs] [Times: user=0.12 sys=0.00, real=0.04 secs] 
2014-07-08T06:27:06.935+0000: 3490.394: [GC [PSYoungGen: 1016576K->914K(976832K)] 1353390K->337848K(1663808K), 0.0048310 secs] [Times: user=0.02 sys=0.00, real=0.01 secs] 
2014-07-08T06:27:09.031+0000: 3492.490: [GC [PSYoungGen: 976786K->512K(937792K)] 1313720K->337590K(1624768K), 0.0065870 secs] [Times: user=0.01 sys=0.00, real=0.01 secs] 
2014-07-08T06:27:11.120+0000: 3494.579: [GC [PSYoungGen: 937742K->288K(900864K)] 1274820K->337438K(1587840K), 0.0063430 secs] [Times: user=0.01 sys=0.00, real=0.00 secs] 
2014-07-08T06:27:13.115+0000: 3496.574: [GC [PSYoungGen: 900805K->758K(866304K)] 1237955K->338028K(1553280K), 0.0055480 secs] [Times: user=0.02 sys=0.00, real=0.01 secs] 
2014-07-08T06:27:15.025+0000: 3498.484: [GC [PSYoungGen: 866294K->932K(833152K)] 1203564K->338442K(1520128K), 0.0129570 secs] [Times: user=0.04 sys=0.00, real=0.01 secs] 
2014-07-08T06:27:16.974+0000: 3500.433: [GC [PSYoungGen: 833095K->502K(800960K)] 1170606K->338892K(1487936K), 0.0136220 secs] [Times: user=0.05 sys=0.00, real=0.01 secs] 
2014-07-08T06:27:18.574+0000: 3502.033: [GC [PSYoungGen: 800950K->384K(770560K)] 1139340K->338902K(1457536K), 0.0124710 secs] [Times: user=0.04 sys=0.00, real=0.01 secs] 
2014-07-08T06:27:20.276+0000: 3503.735: [GC [PSYoungGen: 770519K->292K(741696K)] 1109038K->339074K(1428672K), 0.0053770 secs] [Times: user=0.01 sys=0.00, real=0.01 secs] 
2014-07-08T06:27:22.054+0000: 3505.513: [GC [PSYoungGen: 741668K->1046K(715008K)] 1080450K->339932K(1401984K), 0.0062350 secs] [Times: user=0.02 sys=0.00, real=0.01 secs] 
2014-07-08T06:27:23.484+0000: 3506.943: [GC [PSYoungGen: 714958K->388K(688192K)] 1053845K->339450K(1375168K), 0.0142940 secs] [Times: user=0.05 sys=0.00, real=0.01 secs] 
2014-07-08T06:27:25.064+0000: 3508.523: [GC [PSYoungGen: 688132K->708K(663552K)] 1027194K->339906K(1350528K), 0.0085380 secs] [Times: user=0.01 sys=0.01, real=0.01 secs] 
2014-07-08T06:27:26.477+0000: 3509.936: [GC [PSYoungGen: 663492K->370K(639360K)] 1002690K->339672K(1326336K), 0.0066970 secs] [Times: user=0.02 sys=0.00, real=0.01 secs] 
2014-07-08T06:27:28.020+0000: 3511.480: [GC [PSYoungGen: 639346K->626K(616896K)] 978648K->340000K(1303872K), 0.0063370 secs] [Times: user=0.02 sys=0.00, real=0.00 secs] 
2014-07-08T06:27:29.240+0000: 3512.699: [GC [PSYoungGen: 616882K->192K(594752K)] 956256K->339702K(1281728K), 0.0062220 secs] [Times: user=0.02 sys=0.00, real=0.01 secs] 
2014-07-08T06:27:30.547+0000: 3514.006: [GC [PSYoungGen: 594752K->160K(574016K)] 934262K->339710K(1260992K), 0.0061480 secs] [Times: user=0.01 sys=0.00, real=0.01 secs] 
2014-07-08T06:27:31.834+0000: 3515.293: [GC [PSYoungGen: 573984K->1060K(555136K)] 913534K->340674K(1242112K), 0.0173610 secs] [Times: user=0.06 sys=0.00, real=0.02 secs] 
2014-07-08T06:27:33.133+0000: 3516.592: [GC [PSYoungGen: 555108K->544K(535744K)] 894722K->340262K(1222720K), 0.0068000 secs] [Times: user=0.02 sys=0.00, real=0.00 secs] 
2014-07-08T06:27:34.222+0000: 3517.681: [GC [PSYoungGen: 535712K->328K(517504K)] 875430K->340230K(1204480K), 0.0113300 secs] [Times: user=0.04 sys=0.00, real=0.01 secs] 
2014-07-08T06:27:35.367+0000: 3518.826: [GC [PSYoungGen: 517448K->324K(500288K)] 857350K->340306K(1187264K), 0.0180270 secs] [Times: user=0.07 sys=0.01, real=0.02 secs] 
2014-07-08T06:27:36.474+0000: 3519.933: [GC [PSYoungGen: 500221K->192K(600128K)] 840203K->340230K(1287104K), 0.0201460 secs] [Times: user=0.07 sys=0.00, real=0.02 secs] 
2014-07-08T06:27:37.812+0000: 3521.271: [GC [PSYoungGen: 600128K->530K(579584K)] 940166K->340632K(1266560K), 0.0059430 secs] [Times: user=0.01 sys=0.00, real=0.00 secs] 
2014-07-08T06:27:39.129+0000: 3522.588: [GC [PSYoungGen: 579470K->448K(695296K)] 919572K->340646K(1382272K), 0.0426390 secs] [Times: user=0.16 sys=0.00, real=0.05 secs] 
2014-07-08T06:27:40.622+0000: 3524.081: [GC [PSYoungGen: 695296K->338K(834240K)] 1035494K->340616K(1521216K), 0.0317160 secs] [Times: user=0.11 sys=0.01, real=0.04 secs] 
2014-07-08T06:27:42.459+0000: 3525.918: [GC [PSYoungGen: 834194K->384K(1001024K)] 1174472K->340726K(1688000K), 0.0060790 secs] [Times: user=0.02 sys=0.00, real=0.01 secs] 
2014-07-08T06:27:44.661+0000: 3528.120: [GC [PSYoungGen: 1000993K->438K(1201216K)] 1341336K->340980K(1888192K), 0.0053190 secs] [Times: user=0.01 sys=0.00, real=0.01 secs] 
2014-07-08T06:27:47.338+0000: 3530.797: [GC [PSYoungGen: 1201206K->320K(1151680K)] 1541748K->341046K(1838656K), 0.0070460 secs] [Times: user=0.02 sys=0.00, real=0.01 secs] 
2014-07-08T06:27:49.895+0000: 3533.354: [GC [PSYoungGen: 1151680K->914K(1105344K)] 1492406K->341824K(1792320K), 0.0165530 secs] [Times: user=0.04 sys=0.00, real=0.01 secs] 
2014-07-08T06:27:52.331+0000: 3535.790: [GC [PSYoungGen: 1105298K->484K(1060160K)] 1446208K->341498K(1747136K), 0.0089820 secs] [Times: user=0.04 sys=0.00, real=0.01 secs] 
2014-07-08T06:27:54.655+0000: 3538.114: [GC [PSYoungGen: 1060132K->320K(1017408K)] 1401146K->341558K(1704384K), 0.0125060 secs] [Times: user=0.02 sys=0.00, real=0.01 secs] 
2014-07-08T06:27:56.924+0000: 3540.383: [GC [PSYoungGen: 1017408K->672K(977280K)] 1358646K->342054K(1664256K), 0.0103520 secs] [Times: user=0.04 sys=0.00, real=0.01 secs] 
2014-07-08T06:27:59.101+0000: 3542.560: [GC [PSYoungGen: 977248K->630K(938624K)] 1318630K->342124K(1625600K), 0.0192640 secs] [Times: user=0.07 sys=0.00, real=0.02 secs] 
2014-07-08T06:28:01.167+0000: 3544.626: [GC [PSYoungGen: 938614K->320K(901568K)] 1280108K->341934K(1588544K), 0.0150240 secs] [Times: user=0.05 sys=0.00, real=0.01 secs] 
2014-07-08T06:28:03.156+0000: 3546.615: [GC [PSYoungGen: 901568K->448K(866688K)] 1243182K->342206K(1553664K), 0.0307780 secs] [Times: user=0.12 sys=0.00, real=0.03 secs] 
2014-07-08T06:28:05.120+0000: 3548.579: [GC [PSYoungGen: 866637K->676K(833600K)] 1208395K->342618K(1520576K), 0.0135220 secs] [Times: user=0.04 sys=0.00, real=0.01 secs] 
2014-07-08T06:28:06.884+0000: 3550.343: [GC [PSYoungGen: 833572K->594K(801792K)] 1175514K->342664K(1488768K), 0.0058480 secs] [Times: user=0.02 sys=0.00, real=0.01 secs] 
2014-07-08T06:28:08.637+0000: 3552.096: [GC [PSYoungGen: 801746K->324K(771264K)] 1143816K->342458K(1458240K), 0.0095980 secs] [Times: user=0.01 sys=0.00, real=0.01 secs] 
2014-07-08T06:28:10.398+0000: 3553.857: [GC [PSYoungGen: 771144K->448K(742464K)] 1113279K->342686K(1429440K), 0.0194370 secs] [Times: user=0.07 sys=0.00, real=0.02 secs] 
2014-07-08T06:28:12.029+0000: 3555.488: [GC [PSYoungGen: 742464K->832K(715328K)] 1084702K->343174K(1402304K), 0.0061640 secs] [Times: user=0.02 sys=0.00, real=0.00 secs] 
2014-07-08T06:28:13.551+0000: 3557.010: [GC [PSYoungGen: 715328K->320K(857728K)] 1057670K->342814K(1544704K), 0.0349250 secs] [Times: user=0.12 sys=0.00, real=0.03 secs] 
2014-07-08T06:28:15.479+0000: 3558.939: [GC [PSYoungGen: 857728K->480K(824960K)] 1200222K->343142K(1511936K), 0.0130250 secs] [Times: user=0.04 sys=0.00, real=0.01 secs] 
2014-07-08T06:28:17.267+0000: 3560.726: [GC [PSYoungGen: 824928K->224K(989632K)] 1167590K->343006K(1676608K), 0.0409190 secs] [Times: user=0.16 sys=0.00, real=0.05 secs] 
2014-07-08T06:28:19.464+0000: 3562.923: [GC [PSYoungGen: 989600K->192K(1187456K)] 1332382K->343046K(1874432K), 0.0065760 secs] [Times: user=0.01 sys=0.00, real=0.01 secs] 
2014-07-08T06:28:22.140+0000: 3565.599: [GC [PSYoungGen: 1187428K->626K(1139136K)] 1530282K->343584K(1826112K), 0.0071590 secs] [Times: user=0.02 sys=0.00, real=0.00 secs] 
2014-07-08T06:28:24.620+0000: 3568.079: [GC [PSYoungGen: 1139119K->800K(1092928K)] 1482078K->344006K(1779904K), 0.0161300 secs] [Times: user=0.05 sys=0.00, real=0.01 secs] 
2014-07-08T06:28:27.050+0000: 3570.509: [GC [PSYoungGen: 1092896K->566K(1048512K)] 1436102K->343956K(1735488K), 0.0054730 secs] [Times: user=0.01 sys=0.00, real=0.00 secs] 
2014-07-08T06:28:29.354+0000: 3572.813: [GC [PSYoungGen: 1048497K->256K(1006144K)] 1391888K->343766K(1693120K), 0.0176010 secs] [Times: user=0.07 sys=0.00, real=0.02 secs] 
2014-07-08T06:28:31.580+0000: 3575.039: [GC [PSYoungGen: 1006144K->224K(966144K)] 1349654K->343838K(1653120K), 0.0175640 secs] [Times: user=0.06 sys=0.00, real=0.02 secs] 
2014-07-08T06:28:33.707+0000: 3577.166: [GC [PSYoungGen: 966112K->352K(928192K)] 1309726K->344062K(1615168K), 0.0192410 secs] [Times: user=0.07 sys=0.01, real=0.02 secs] 
2014-07-08T06:28:35.773+0000: 3579.232: [GC [PSYoungGen: 928160K->658K(892224K)] 1271870K->344624K(1579200K), 0.0177060 secs] [Times: user=0.07 sys=0.00, real=0.02 secs] 
2014-07-08T06:28:37.765+0000: 3581.224: [GC [PSYoungGen: 892178K->882K(857856K)] 1236144K->345236K(1544832K), 0.0079890 secs] [Times: user=0.03 sys=0.00, real=0.01 secs] 
2014-07-08T06:28:39.626+0000: 3583.085: [GC [PSYoungGen: 857842K->352K(824448K)] 1202196K->344818K(1511424K), 0.0247650 secs] [Times: user=0.09 sys=0.00, real=0.02 secs] 
2014-07-08T06:28:41.443+0000: 3584.902: [GC [PSYoungGen: 824360K->456K(793216K)] 1168826K->345082K(1480192K), 0.0122150 secs] [Times: user=0.04 sys=0.00, real=0.01 secs] 
2014-07-08T06:28:43.253+0000: 3586.712: [GC [PSYoungGen: 793083K->352K(763200K)] 1137709K->345090K(1450176K), 0.0212740 secs] [Times: user=0.08 sys=0.00, real=0.02 secs] 
2014-07-08T06:28:44.895+0000: 3588.354: [GC [PSYoungGen: 763168K->480K(734848K)] 1107906K->345442K(1421824K), 0.0071750 secs] [Times: user=0.02 sys=0.01, real=0.01 secs] 
2014-07-08T06:28:46.514+0000: 3589.973: [GC [PSYoungGen: 734816K->434K(707648K)] 1079778K->345468K(1394624K), 0.0131080 secs] [Times: user=0.05 sys=0.00, real=0.01 secs] 
2014-07-08T06:28:48.189+0000: 3591.648: [GC [PSYoungGen: 707634K->886K(682240K)] 1052668K->346016K(1369216K), 0.0203960 secs] [Times: user=0.08 sys=0.00, real=0.02 secs] 
2014-07-08T06:28:49.562+0000: 3593.022: [GC [PSYoungGen: 682230K->224K(817920K)] 1027360K->345482K(1504896K), 0.0228130 secs] [Times: user=0.09 sys=0.00, real=0.02 secs] 
2014-07-08T06:28:51.368+0000: 3594.827: [GC [PSYoungGen: 817834K->324K(981632K)] 1163093K->345630K(1668608K), 0.0198180 secs] [Times: user=0.07 sys=0.00, real=0.02 secs] 
2014-07-08T06:28:53.678+0000: 3597.137: [GC [PSYoungGen: 981572K->872K(1178432K)] 1326878K->346298K(1865408K), 0.0300590 secs] [Times: user=0.11 sys=0.00, real=0.03 secs] 
2014-07-08T06:28:56.144+0000: 3599.603: [GC [PSYoungGen: 1178408K->288K(1413376K)] 1523834K->345962K(2100352K), 0.0304580 secs] [Times: user=0.11 sys=0.00, real=0.03 secs] 
2014-07-08T06:28:59.285+0000: 3602.744: [GC [PSYoungGen: 1413344K->352K(1535552K)] 1759018K->346202K(2222528K), 0.0209430 secs] [Times: user=0.07 sys=0.00, real=0.02 secs] 
2014-07-08T06:29:02.639+0000: 3606.098: [GC [PSYoungGen: 1534752K->384K(1469120K)] 1880602K->346362K(2156096K), 0.0207160 secs] [Times: user=0.08 sys=0.00, real=0.02 secs] 
2014-07-08T06:29:05.894+0000: 3609.353: [GC [PSYoungGen: 1469120K->576K(1406848K)] 1815098K->346762K(2093824K), 0.0283260 secs] [Times: user=0.11 sys=0.00, real=0.03 secs] 
2014-07-08T06:29:09.116+0000: 3612.575: [GC [PSYoungGen: 1406848K->1060K(1347968K)] 1753034K->347558K(2034944K), 0.0088610 secs] [Times: user=0.01 sys=0.00, real=0.01 secs] 
2014-07-08T06:29:12.055+0000: 3615.514: [GC [PSYoungGen: 1347848K->1074K(1291456K)] 1694347K->347764K(1978432K), 0.0165890 secs] [Times: user=0.04 sys=0.00, real=0.02 secs] 
2014-07-08T06:29:14.862+0000: 3618.321: [GC [PSYoungGen: 1291442K->548K(1237184K)] 1638132K->347622K(1924160K), 0.0067510 secs] [Times: user=0.02 sys=0.00, real=0.01 secs] 
2014-07-08T06:29:17.580+0000: 3621.039: [GC [PSYoungGen: 1237156K->384K(1185856K)] 1584230K->347706K(1872832K), 0.0381940 secs] [Times: user=0.13 sys=0.00, real=0.04 secs] 
2014-07-08T06:29:20.201+0000: 3623.660: [GC [PSYoungGen: 1185856K->320K(1137152K)] 1533178K->347802K(1824128K), 0.0110200 secs] [Times: user=0.01 sys=0.00, real=0.01 secs] 
2014-07-08T06:29:24.425+0000: 3627.884: [GC [PSYoungGen: 1137152K->224K(1090752K)] 1484634K->347866K(1777728K), 0.0391330 secs] [Times: user=0.15 sys=0.00, real=0.04 secs] 
2014-07-08T06:29:33.716+0000: 3637.175: [GC [PSYoungGen: 1090720K->1408K(1047808K)] 1438362K->395552K(1734784K), 0.1147740 secs] [Times: user=0.45 sys=0.00, real=0.12 secs] 
Heap
 PSYoungGen      total 1047808K, used 143828K [0x0000000755560000, 0x00000007bcba0000, 0x0000000800000000)
  eden space 1046400K, 13% used [0x0000000755560000,0x000000075e075090,0x0000000795340000)
  from space 1408K, 100% used [0x00000007bca40000,0x00000007bcba0000,0x00000007bcba0000)
  to   space 18816K, 0% used [0x00000007ba6e0000,0x00000007ba6e0000,0x00000007bb940000)
 ParOldGen       total 686976K, used 394144K [0x0000000600000000, 0x0000000629ee0000, 0x0000000755560000)
  object space 686976K, 57% used [0x0000000600000000,0x00000006180e82f0,0x0000000629ee0000)
 PSPermGen       total 21248K, used 11724K [0x00000005f5a00000, 0x00000005f6ec0000, 0x0000000600000000)
  object space 21248K, 55% used [0x00000005f5a00000,0x00000005f6573290,0x00000005f6ec0000)
