2014-07-08T08:03:39.096+0000: 24.646: [GC [PSYoungGen: 257728K->42848K(300608K)] 257728K->57745K(987584K), 0.0648540 secs] [Times: user=0.22 sys=0.03, real=0.07 secs] 
2014-07-08T08:03:39.397+0000: 24.947: [GC [PSYoungGen: 300576K->42870K(300608K)] 315473K->64120K(987584K), 0.0626410 secs] [Times: user=0.21 sys=0.03, real=0.06 secs] 
2014-07-08T08:03:40.745+0000: 26.295: [GC [PSYoungGen: 300598K->42854K(300608K)] 321848K->64624K(987584K), 0.0669360 secs] [Times: user=0.25 sys=0.01, real=0.07 secs] 
2014-07-08T08:03:42.048+0000: 27.598: [GC [PSYoungGen: 300582K->42848K(558336K)] 322352K->65738K(1245312K), 0.0783150 secs] [Times: user=0.27 sys=0.03, real=0.07 secs] 
2014-07-08T08:03:44.010+0000: 29.559: [GC [PSYoungGen: 558249K->42854K(558336K)] 581139K->66224K(1245312K), 0.0556190 secs] [Times: user=0.19 sys=0.03, real=0.05 secs] 
2014-07-08T08:03:46.199+0000: 31.748: [GC [PSYoungGen: 558310K->43030K(1088832K)] 581680K->66401K(1775808K), 0.0787040 secs] [Times: user=0.26 sys=0.02, real=0.07 secs] 
2014-07-08T08:03:50.433+0000: 35.982: [GC [PSYoungGen: 1073942K->2344K(1089600K)] 1097313K->65828K(1776576K), 0.0667320 secs] [Times: user=0.24 sys=0.02, real=0.07 secs] 
2014-07-08T08:03:54.350+0000: 39.900: [GC [PSYoungGen: 1033256K->2614K(2124416K)] 1096740K->66546K(2811392K), 0.0167010 secs] [Times: user=0.07 sys=0.00, real=0.01 secs] 
2014-07-08T08:04:01.214+0000: 46.764: [GC [PSYoungGen: 2060150K->2290K(2128704K)] 2124082K->66582K(2815680K), 0.0266800 secs] [Times: user=0.10 sys=0.00, real=0.02 secs] 
2014-07-08T08:04:07.305+0000: 52.855: [GC [PSYoungGen: 2059826K->1878K(2720576K)] 2124118K->66794K(3407552K), 0.0060480 secs] [Times: user=0.02 sys=0.00, real=0.01 secs] 
2014-07-08T08:04:14.857+0000: 60.407: [GC [PSYoungGen: 2648918K->1618K(2648704K)] 2713834K->67166K(3335680K), 0.0074800 secs] [Times: user=0.03 sys=0.01, real=0.01 secs] 
2014-07-08T08:04:22.234+0000: 67.784: [GC [PSYoungGen: 2648658K->1718K(2721984K)] 2714206K->67754K(3408960K), 0.0080810 secs] [Times: user=0.02 sys=0.00, real=0.00 secs] 
2014-07-08T08:04:29.909+0000: 75.459: [GC [PSYoungGen: 2648950K->1590K(2528256K)] 2714986K->68066K(3215232K), 0.0083640 secs] [Times: user=0.02 sys=0.00, real=0.01 secs] 
2014-07-08T08:04:36.723+0000: 82.272: [GC [PSYoungGen: 2528246K->1600K(2413632K)] 2594722K->68444K(3100608K), 0.0046870 secs] [Times: user=0.01 sys=0.00, real=0.01 secs] 
2014-07-08T08:04:42.643+0000: 88.192: [GC [PSYoungGen: 2413632K->1668K(2374400K)] 2480476K->69008K(3061376K), 0.0249370 secs] [Times: user=0.10 sys=0.00, real=0.03 secs] 
2014-07-08T08:04:48.093+0000: 93.642: [GC [PSYoungGen: 2304772K->1906K(2201472K)] 2372112K->69630K(2888448K), 0.0496220 secs] [Times: user=0.17 sys=0.01, real=0.05 secs] 
2014-07-08T08:04:52.581+0000: 98.131: [GC [PSYoungGen: 2201377K->1746K(2167936K)] 2269101K->69822K(2854912K), 0.0403410 secs] [Times: user=0.14 sys=0.01, real=0.04 secs] 
2014-07-08T08:04:56.665+0000: 102.214: [GC [PSYoungGen: 2102866K->1522K(2009088K)] 2170942K->70054K(2696064K), 0.0168140 secs] [Times: user=0.04 sys=0.01, real=0.02 secs] 
2014-07-08T08:05:00.727+0000: 106.277: [GC [PSYoungGen: 2009074K->904K(1980288K)] 2077606K->69940K(2667264K), 0.0059770 secs] [Times: user=0.01 sys=0.01, real=0.01 secs] 
2014-07-08T08:05:04.436+0000: 109.985: [GC [PSYoungGen: 1919560K->1010K(1835136K)] 1988596K->70390K(2522112K), 0.0274530 secs] [Times: user=0.05 sys=0.01, real=0.03 secs] 
2014-07-08T08:05:07.803+0000: 113.353: [GC [PSYoungGen: 1835122K->1060K(1809920K)] 1904502K->70712K(2496896K), 0.0155860 secs] [Times: user=0.06 sys=0.00, real=0.01 secs] 
2014-07-08T08:05:10.898+0000: 116.448: [GC [PSYoungGen: 1754788K->1072K(1678400K)] 1824440K->71060K(2365376K), 0.0138580 secs] [Times: user=0.01 sys=0.01, real=0.02 secs] 
2014-07-08T08:05:13.953+0000: 119.502: [GC [PSYoungGen: 1678384K->1014K(1655296K)] 1748372K->71282K(2342272K), 0.0053080 secs] [Times: user=0.01 sys=0.01, real=0.00 secs] 
2014-07-08T08:05:16.711+0000: 122.261: [GC [PSYoungGen: 1605628K->548K(1536128K)] 1675896K->71112K(2223104K), 0.0102930 secs] [Times: user=0.01 sys=0.01, real=0.01 secs] 
2014-07-08T08:05:19.698+0000: 125.247: [GC [PSYoungGen: 1536076K->804K(1515136K)] 1606641K->71544K(2202112K), 0.0039350 secs] [Times: user=0.01 sys=0.00, real=0.01 secs] 
2014-07-08T08:05:22.383+0000: 127.932: [GC [PSYoungGen: 1470545K->946K(1408320K)] 1541285K->71910K(2095296K), 0.0196370 secs] [Times: user=0.05 sys=0.01, real=0.02 secs] 
2014-07-08T08:05:24.846+0000: 130.395: [GC [PSYoungGen: 1408306K->712K(1388032K)] 1479270K->71884K(2075008K), 0.0037270 secs] [Times: user=0.01 sys=0.01, real=0.00 secs] 
2014-07-08T08:05:27.148+0000: 132.697: [GC [PSYoungGen: 1348616K->850K(1292224K)] 1419788K->72302K(1979200K), 0.0150710 secs] [Times: user=0.03 sys=0.01, real=0.01 secs] 
2014-07-08T08:05:29.836+0000: 135.385: [GC [PSYoungGen: 1292178K->548K(1272896K)] 1363630K->72144K(1959872K), 0.0042040 secs] [Times: user=0.00 sys=0.01, real=0.00 secs] 
2014-07-08T08:05:32.422+0000: 137.972: [GC [PSYoungGen: 1238052K->1074K(1187392K)] 1309648K->72846K(1874368K), 0.0114690 secs] [Times: user=0.01 sys=0.01, real=0.02 secs] 
2014-07-08T08:05:34.812+0000: 140.362: [GC [PSYoungGen: 1187378K->534K(1168576K)] 1259150K->72482K(1855552K), 0.0120900 secs] [Times: user=0.05 sys=0.00, real=0.01 secs] 
2014-07-08T08:05:37.293+0000: 142.843: [GC [PSYoungGen: 1138132K->854K(1092160K)] 1210081K->72938K(1779136K), 0.0077820 secs] [Times: user=0.02 sys=0.01, real=0.01 secs] 
2014-07-08T08:05:39.561+0000: 145.110: [GC [PSYoungGen: 1092118K->480K(1074240K)] 1164202K->72676K(1761216K), 0.0045790 secs] [Times: user=0.01 sys=0.00, real=0.01 secs] 
2014-07-08T08:05:41.660+0000: 147.210: [GC [PSYoungGen: 1047648K->416K(1005632K)] 1119844K->72724K(1692608K), 0.0218220 secs] [Times: user=0.05 sys=0.00, real=0.02 secs] 
2014-07-08T08:05:43.640+0000: 149.190: [GC [PSYoungGen: 1005600K->1248K(988800K)] 1077908K->73716K(1675776K), 0.0118170 secs] [Times: user=0.04 sys=0.01, real=0.01 secs] 
2014-07-08T08:05:45.525+0000: 151.074: [GC [PSYoungGen: 966432K->416K(927552K)] 1038900K->73068K(1614528K), 0.0147720 secs] [Times: user=0.04 sys=0.00, real=0.02 secs] 
2014-07-08T08:05:47.202+0000: 152.751: [GC [PSYoungGen: 927520K->576K(911296K)] 1000172K->73420K(1598272K), 0.0121410 secs] [Times: user=0.04 sys=0.00, real=0.01 secs] 
2014-07-08T08:05:48.850+0000: 154.399: [GC [PSYoungGen: 891456K->552K(856960K)] 964300K->73468K(1543936K), 0.0082410 secs] [Times: user=0.01 sys=0.00, real=0.01 secs] 
2014-07-08T08:05:50.564+0000: 156.113: [GC [PSYoungGen: 856936K->932K(841152K)] 929852K->73912K(1528128K), 0.0097600 secs] [Times: user=0.03 sys=0.00, real=0.01 secs] 
2014-07-08T08:05:52.026+0000: 157.576: [GC [PSYoungGen: 824420K->480K(792704K)] 897400K->73644K(1479680K), 0.0088980 secs] [Times: user=0.02 sys=0.00, real=0.01 secs] 
2014-07-08T08:05:53.595+0000: 159.144: [GC [PSYoungGen: 792672K->256K(777600K)] 865836K->73556K(1464576K), 0.0039980 secs] [Times: user=0.01 sys=0.00, real=0.01 secs] 
2014-07-08T08:05:54.858+0000: 160.408: [GC [PSYoungGen: 762624K->320K(734208K)] 835924K->73780K(1421184K), 0.0071910 secs] [Times: user=0.02 sys=0.00, real=0.00 secs] 
2014-07-08T08:05:56.299+0000: 161.849: [GC [PSYoungGen: 734204K->530K(719936K)] 807665K->74030K(1406912K), 0.0135090 secs] [Times: user=0.05 sys=0.00, real=0.01 secs] 
2014-07-08T08:05:57.647+0000: 163.197: [GC [PSYoungGen: 707282K->356K(681280K)] 780782K->73952K(1368256K), 0.0058640 secs] [Times: user=0.01 sys=0.00, real=0.01 secs] 
2014-07-08T08:05:59.027+0000: 164.576: [GC [PSYoungGen: 681252K->288K(667648K)] 754848K->73956K(1354624K), 0.0115140 secs] [Times: user=0.04 sys=0.00, real=0.02 secs] 
2014-07-08T08:06:00.165+0000: 165.715: [GC [PSYoungGen: 656544K->854K(633600K)] 730212K->74610K(1320576K), 0.0119030 secs] [Times: user=0.03 sys=0.01, real=0.01 secs] 
2014-07-08T08:06:01.386+0000: 166.936: [GC [PSYoungGen: 633558K->416K(610688K)] 707314K->74236K(1297664K), 0.0045170 secs] [Times: user=0.01 sys=0.01, real=0.01 secs] 
2014-07-08T08:06:02.507+0000: 168.056: [GC [PSYoungGen: 610635K->448K(589248K)] 684456K->74396K(1276224K), 0.0159510 secs] [Times: user=0.05 sys=0.00, real=0.02 secs] 
2014-07-08T08:06:03.702+0000: 169.252: [GC [PSYoungGen: 589248K->1092K(576768K)] 663196K->75128K(1263744K), 0.0061090 secs] [Times: user=0.02 sys=0.00, real=0.00 secs] 
2014-07-08T08:06:04.656+0000: 170.205: [GC [PSYoungGen: 569476K->224K(549120K)] 643512K->74356K(1236096K), 0.0067050 secs] [Times: user=0.02 sys=0.00, real=0.01 secs] 
2014-07-08T08:06:05.687+0000: 171.236: [GC [PSYoungGen: 549088K->324K(537408K)] 623220K->74496K(1224384K), 0.0036670 secs] [Times: user=0.01 sys=0.01, real=0.01 secs] 
2014-07-08T08:06:06.598+0000: 172.147: [GC [PSYoungGen: 530562K->602K(513088K)] 604735K->74846K(1200064K), 0.0039180 secs] [Times: user=0.01 sys=0.00, real=0.01 secs] 
2014-07-08T08:06:07.554+0000: 173.103: [GC [PSYoungGen: 513030K->256K(495680K)] 587275K->74524K(1182656K), 0.0037070 secs] [Times: user=0.01 sys=0.00, real=0.00 secs] 
2014-07-08T08:06:08.393+0000: 173.943: [GC [PSYoungGen: 495609K->434K(479616K)] 569877K->74742K(1166592K), 0.0050610 secs] [Times: user=0.01 sys=0.00, real=0.00 secs] 
2014-07-08T08:06:09.422+0000: 174.972: [GC [PSYoungGen: 479602K->954K(468928K)] 553910K->75278K(1155904K), 0.0059250 secs] [Times: user=0.02 sys=0.00, real=0.00 secs] 
2014-07-08T08:06:10.170+0000: 175.719: [GC [PSYoungGen: 464570K->530K(449344K)] 538894K->74942K(1136320K), 0.0051870 secs] [Times: user=0.01 sys=0.00, real=0.01 secs] 
2014-07-08T08:06:10.919+0000: 176.468: [GC [PSYoungGen: 449298K->192K(434752K)] 523710K->74676K(1121728K), 0.0081430 secs] [Times: user=0.03 sys=0.00, real=0.01 secs] 
2014-07-08T08:06:11.763+0000: 177.312: [GC [PSYoungGen: 434750K->224K(421184K)] 509234K->74756K(1108160K), 0.0042770 secs] [Times: user=0.01 sys=0.00, real=0.00 secs] 
2014-07-08T08:06:12.617+0000: 178.166: [GC [PSYoungGen: 421150K->306K(411968K)] 495683K->74934K(1098944K), 0.0059130 secs] [Times: user=0.01 sys=0.00, real=0.01 secs] 
2014-07-08T08:06:13.374+0000: 178.923: [GC [PSYoungGen: 408242K->708K(396224K)] 482870K->75440K(1083200K), 0.0069650 secs] [Times: user=0.02 sys=0.00, real=0.00 secs] 
2014-07-08T08:06:14.034+0000: 179.583: [GC [PSYoungGen: 396164K->530K(475136K)] 470896K->75334K(1162112K), 0.0181740 secs] [Times: user=0.06 sys=0.00, real=0.02 secs] 
2014-07-08T08:06:14.905+0000: 180.455: [GC [PSYoungGen: 475088K->288K(459520K)] 549893K->75132K(1146496K), 0.0042300 secs] [Times: user=0.01 sys=0.00, real=0.00 secs] 
2014-07-08T08:06:15.868+0000: 181.417: [GC [PSYoungGen: 459488K->192K(444736K)] 534332K->75084K(1131712K), 0.0034880 secs] [Times: user=0.01 sys=0.00, real=0.01 secs] 
2014-07-08T08:06:16.661+0000: 182.210: [GC [PSYoungGen: 444736K->192K(430720K)] 519628K->75172K(1117696K), 0.0083270 secs] [Times: user=0.03 sys=0.00, real=0.00 secs] 
2014-07-08T08:06:17.486+0000: 183.035: [GC [PSYoungGen: 430720K->292K(419776K)] 505700K->75304K(1106752K), 0.0040080 secs] [Times: user=0.01 sys=0.00, real=0.00 secs] 
2014-07-08T08:06:18.197+0000: 183.746: [GC [PSYoungGen: 417321K->544K(404800K)] 492333K->75612K(1091776K), 0.0070450 secs] [Times: user=0.02 sys=0.00, real=0.01 secs] 
2014-07-08T08:06:18.956+0000: 184.506: [GC [PSYoungGen: 404768K->534K(392512K)] 479836K->75618K(1079488K), 0.0039350 secs] [Times: user=0.00 sys=0.00, real=0.00 secs] 
2014-07-08T08:06:19.665+0000: 185.215: [GC [PSYoungGen: 392470K->338K(380544K)] 467554K->75478K(1067520K), 0.0040450 secs] [Times: user=0.00 sys=0.00, real=0.00 secs] 
2014-07-08T08:06:20.367+0000: 185.916: [GC [PSYoungGen: 380498K->530K(369408K)] 455638K->75702K(1056384K), 0.0042780 secs] [Times: user=0.01 sys=0.00, real=0.00 secs] 
2014-07-08T08:06:20.952+0000: 186.502: [GC [PSYoungGen: 369362K->224K(358272K)] 444534K->75476K(1045248K), 0.0058980 secs] [Times: user=0.01 sys=0.00, real=0.00 secs] 
2014-07-08T08:06:21.623+0000: 187.172: [GC [PSYoungGen: 358240K->192K(347840K)] 433492K->75492K(1034816K), 0.0029170 secs] [Times: user=0.01 sys=0.00, real=0.00 secs] 
2014-07-08T08:06:22.260+0000: 187.809: [GC [PSYoungGen: 347835K->928K(338688K)] 423135K->76300K(1025664K), 0.0051630 secs] [Times: user=0.01 sys=0.00, real=0.01 secs] 
2014-07-08T08:06:23.000+0000: 188.549: [GC [PSYoungGen: 338656K->384K(328576K)] 414028K->75836K(1015552K), 0.0053090 secs] [Times: user=0.02 sys=0.00, real=0.01 secs] 
2014-07-08T08:06:23.630+0000: 189.180: [GC [PSYoungGen: 328499K->384K(394240K)] 403952K->75940K(1081216K), 0.0161060 secs] [Times: user=0.06 sys=0.00, real=0.02 secs] 
2014-07-08T08:06:24.496+0000: 190.046: [GC [PSYoungGen: 394240K->448K(382464K)] 469796K->76060K(1069440K), 0.0047030 secs] [Times: user=0.01 sys=0.00, real=0.00 secs] 
2014-07-08T08:06:25.114+0000: 190.664: [GC [PSYoungGen: 382464K->320K(458752K)] 458076K->76020K(1145728K), 0.0085200 secs] [Times: user=0.03 sys=0.00, real=0.01 secs] 
2014-07-08T08:06:25.906+0000: 191.456: [GC [PSYoungGen: 458752K->306K(444096K)] 534452K->76038K(1131072K), 0.0044370 secs] [Times: user=0.02 sys=0.00, real=0.00 secs] 
2014-07-08T08:06:26.783+0000: 192.332: [GC [PSYoungGen: 444082K->288K(430080K)] 519814K->76084K(1117056K), 0.0077210 secs] [Times: user=0.03 sys=0.01, real=0.01 secs] 
2014-07-08T08:06:27.548+0000: 193.097: [GC [PSYoungGen: 430048K->128K(416512K)] 505844K->75988K(1103488K), 0.0035980 secs] [Times: user=0.01 sys=0.00, real=0.00 secs] 
2014-07-08T08:06:28.264+0000: 193.814: [GC [PSYoungGen: 416512K->548K(404160K)] 492372K->76440K(1091136K), 0.0042650 secs] [Times: user=0.01 sys=0.00, real=0.00 secs] 
2014-07-08T08:06:28.986+0000: 194.536: [GC [PSYoungGen: 404132K->1074K(485440K)] 480024K->76990K(1172416K), 0.0158080 secs] [Times: user=0.06 sys=0.00, real=0.01 secs] 
2014-07-08T08:06:29.958+0000: 195.507: [GC [PSYoungGen: 485426K->288K(581568K)] 561342K->76228K(1268544K), 0.0109830 secs] [Times: user=0.04 sys=0.00, real=0.01 secs] 
2014-07-08T08:06:31.033+0000: 196.582: [GC [PSYoungGen: 581536K->256K(561408K)] 657476K->76300K(1248384K), 0.0039720 secs] [Times: user=0.01 sys=0.00, real=0.01 secs] 
2014-07-08T08:06:32.036+0000: 197.585: [GC [PSYoungGen: 561392K->484K(673920K)] 637437K->76648K(1360896K), 0.0154520 secs] [Times: user=0.05 sys=0.00, real=0.01 secs] 
2014-07-08T08:06:33.274+0000: 198.823: [GC [PSYoungGen: 673892K->530K(649664K)] 750056K->76774K(1336640K), 0.0053430 secs] [Times: user=0.02 sys=0.00, real=0.00 secs] 
2014-07-08T08:06:34.572+0000: 200.121: [GC [PSYoungGen: 649618K->626K(626560K)] 725862K->76950K(1313536K), 0.0048430 secs] [Times: user=0.01 sys=0.00, real=0.01 secs] 
2014-07-08T08:06:35.765+0000: 201.314: [GC [PSYoungGen: 626546K->192K(603968K)] 702870K->76628K(1290944K), 0.0061700 secs] [Times: user=0.01 sys=0.00, real=0.00 secs] 
2014-07-08T08:06:36.835+0000: 202.385: [GC [PSYoungGen: 603968K->288K(582976K)] 680404K->76788K(1269952K), 0.0041330 secs] [Times: user=0.01 sys=0.00, real=0.00 secs] 
2014-07-08T08:06:37.857+0000: 203.406: [GC [PSYoungGen: 582944K->242K(562752K)] 659444K->76790K(1249728K), 0.0106300 secs] [Times: user=0.04 sys=0.00, real=0.01 secs] 
2014-07-08T08:06:38.865+0000: 204.415: [GC [PSYoungGen: 562738K->192K(543424K)] 639286K->76756K(1230400K), 0.0055480 secs] [Times: user=0.01 sys=0.00, real=0.00 secs] 
2014-07-08T08:06:39.910+0000: 205.459: [GC [PSYoungGen: 543424K->320K(525184K)] 619988K->76940K(1212160K), 0.0037430 secs] [Times: user=0.01 sys=0.00, real=0.00 secs] 
2014-07-08T08:06:40.830+0000: 206.379: [GC [PSYoungGen: 525184K->338K(507648K)] 601804K->77054K(1194624K), 0.0033670 secs] [Times: user=0.01 sys=0.00, real=0.00 secs] 
2014-07-08T08:06:41.849+0000: 207.398: [GC [PSYoungGen: 507602K->288K(490816K)] 584318K->77076K(1177792K), 0.0053250 secs] [Times: user=0.02 sys=0.00, real=0.00 secs] 
2014-07-08T08:06:42.707+0000: 208.257: [GC [PSYoungGen: 490784K->324K(474816K)] 567572K->77224K(1161792K), 0.0062040 secs] [Times: user=0.01 sys=0.01, real=0.00 secs] 
2014-07-08T08:06:43.566+0000: 209.116: [GC [PSYoungGen: 474756K->224K(459328K)] 551656K->77172K(1146304K), 0.0033590 secs] [Times: user=0.01 sys=0.00, real=0.00 secs] 
2014-07-08T08:06:44.454+0000: 210.004: [GC [PSYoungGen: 459281K->790K(445248K)] 536230K->77802K(1132224K), 0.0041870 secs] [Times: user=0.01 sys=0.00, real=0.01 secs] 
2014-07-08T08:06:45.233+0000: 210.782: [GC [PSYoungGen: 445203K->480K(430912K)] 522216K->77564K(1117888K), 0.0038720 secs] [Times: user=0.01 sys=0.00, real=0.01 secs] 
2014-07-08T08:06:45.915+0000: 211.464: [GC [PSYoungGen: 430880K->192K(417152K)] 507964K->77316K(1104128K), 0.0052660 secs] [Times: user=0.00 sys=0.00, real=0.01 secs] 
2014-07-08T08:06:46.705+0000: 212.254: [GC [PSYoungGen: 417077K->242K(404352K)] 494202K->77382K(1091328K), 0.0036950 secs] [Times: user=0.01 sys=0.00, real=0.01 secs] 
2014-07-08T08:06:47.502+0000: 213.052: [GC [PSYoungGen: 404282K->676K(392512K)] 481423K->77864K(1079488K), 0.0044850 secs] [Times: user=0.01 sys=0.00, real=0.01 secs] 
2014-07-08T08:06:48.263+0000: 213.812: [GC [PSYoungGen: 392484K->256K(380288K)] 469672K->77484K(1067264K), 0.0065680 secs] [Times: user=0.01 sys=0.00, real=0.01 secs] 
2014-07-08T08:06:48.884+0000: 214.433: [GC [PSYoungGen: 380288K->160K(368960K)] 457516K->77412K(1055936K), 0.0053790 secs] [Times: user=0.01 sys=0.00, real=0.01 secs] 
2014-07-08T08:06:49.688+0000: 215.238: [GC [PSYoungGen: 368928K->470K(358464K)] 446180K->77746K(1045440K), 0.0082430 secs] [Times: user=0.03 sys=0.00, real=0.01 secs] 
2014-07-08T08:06:50.274+0000: 215.823: [GC [PSYoungGen: 358415K->288K(347904K)] 435691K->77636K(1034880K), 0.0066990 secs] [Times: user=0.01 sys=0.00, real=0.01 secs] 
2014-07-08T08:06:50.871+0000: 216.420: [GC [PSYoungGen: 347872K->256K(337920K)] 425220K->77652K(1024896K), 0.0035640 secs] [Times: user=0.01 sys=0.00, real=0.00 secs] 
2014-07-08T08:06:51.540+0000: 217.089: [GC [PSYoungGen: 337920K->338K(328512K)] 415316K->77782K(1015488K), 0.0074750 secs] [Times: user=0.02 sys=0.00, real=0.01 secs] 
2014-07-08T08:06:52.052+0000: 217.601: [GC [PSYoungGen: 328466K->480K(319488K)] 405910K->77980K(1006464K), 0.0068360 secs] [Times: user=0.01 sys=0.00, real=0.01 secs] 
2014-07-08T08:06:52.663+0000: 218.213: [GC [PSYoungGen: 319435K->306K(310528K)] 396936K->77830K(997504K), 0.0031300 secs] [Times: user=0.01 sys=0.00, real=0.00 secs] 
2014-07-08T08:06:53.170+0000: 218.719: [GC [PSYoungGen: 310514K->580K(302400K)] 388038K->78152K(989376K), 0.0049040 secs] [Times: user=0.01 sys=0.00, real=0.00 secs] 
2014-07-08T08:06:53.727+0000: 219.277: [GC [PSYoungGen: 302340K->192K(293824K)] 379912K->77788K(980800K), 0.0062900 secs] [Times: user=0.02 sys=0.00, real=0.00 secs] 
2014-07-08T08:06:54.273+0000: 219.822: [GC [PSYoungGen: 293815K->822K(286656K)] 371412K->78474K(973632K), 0.0045080 secs] [Times: user=0.01 sys=0.01, real=0.01 secs] 
2014-07-08T08:06:54.923+0000: 220.473: [GC [PSYoungGen: 286646K->516K(278912K)] 364298K->78232K(965888K), 0.0047580 secs] [Times: user=0.01 sys=0.00, real=0.01 secs] 
2014-07-08T08:06:55.476+0000: 221.025: [GC [PSYoungGen: 278852K->192K(271360K)] 356568K->77996K(958336K), 0.0076670 secs] [Times: user=0.02 sys=0.00, real=0.01 secs] 
2014-07-08T08:06:55.894+0000: 221.443: [GC [PSYoungGen: 271357K->356K(264640K)] 349161K->78192K(951616K), 0.0036260 secs] [Times: user=0.01 sys=0.00, real=0.01 secs] 
2014-07-08T08:06:56.416+0000: 221.966: [GC [PSYoungGen: 264612K->576K(258176K)] 342448K->78428K(945152K), 0.0041910 secs] [Times: user=0.01 sys=0.00, real=0.01 secs] 
2014-07-08T08:06:56.825+0000: 222.374: [GC [PSYoungGen: 258176K->160K(251392K)] 336028K->78036K(938368K), 0.0035810 secs] [Times: user=0.01 sys=0.00, real=0.01 secs] 
2014-07-08T08:06:57.284+0000: 222.834: [GC [PSYoungGen: 251345K->388K(301888K)] 329221K->78280K(988864K), 0.0116850 secs] [Times: user=0.04 sys=0.00, real=0.01 secs] 
2014-07-08T08:06:57.799+0000: 223.349: [GC [PSYoungGen: 301828K->292K(362048K)] 379720K->78208K(1049024K), 0.0116020 secs] [Times: user=0.04 sys=0.00, real=0.01 secs] 
2014-07-08T08:06:58.501+0000: 224.050: [GC [PSYoungGen: 362020K->384K(434496K)] 439936K->78316K(1121472K), 0.0039220 secs] [Times: user=0.00 sys=0.00, real=0.00 secs] 
2014-07-08T08:06:59.210+0000: 224.760: [GC [PSYoungGen: 434496K->352K(521344K)] 512428K->78332K(1208320K), 0.0062970 secs] [Times: user=0.01 sys=0.00, real=0.00 secs] 
2014-07-08T08:07:00.174+0000: 225.723: [GC [PSYoungGen: 521312K->512K(625664K)] 599292K->78524K(1312640K), 0.0135170 secs] [Times: user=0.05 sys=0.00, real=0.01 secs] 
2014-07-08T08:07:01.580+0000: 227.129: [GC [PSYoungGen: 625664K->384K(603456K)] 703676K->78500K(1290432K), 0.0035800 secs] [Times: user=0.01 sys=0.00, real=0.00 secs] 
2014-07-08T08:07:02.632+0000: 228.182: [GC [PSYoungGen: 603456K->224K(582208K)] 681572K->78524K(1269184K), 0.0040810 secs] [Times: user=0.01 sys=0.00, real=0.00 secs] 
2014-07-08T08:07:03.648+0000: 229.197: [GC [PSYoungGen: 582160K->352K(562176K)] 660460K->78716K(1249152K), 0.0056290 secs] [Times: user=0.01 sys=0.00, real=0.01 secs] 
2014-07-08T08:07:04.720+0000: 230.269: [GC [PSYoungGen: 562144K->224K(542848K)] 640508K->78636K(1229824K), 0.0055790 secs] [Times: user=0.01 sys=0.00, real=0.00 secs] 
2014-07-08T08:07:05.669+0000: 231.218: [GC [PSYoungGen: 542724K->324K(524608K)] 621136K->78816K(1211584K), 0.0085750 secs] [Times: user=0.03 sys=0.00, real=0.01 secs] 
2014-07-08T08:07:06.689+0000: 232.238: [GC [PSYoungGen: 524548K->448K(507136K)] 603040K->78980K(1194112K), 0.0038100 secs] [Times: user=0.01 sys=0.00, real=0.00 secs] 
2014-07-08T08:07:07.627+0000: 233.176: [GC [PSYoungGen: 507135K->338K(490304K)] 585668K->78926K(1177280K), 0.0060490 secs] [Times: user=0.02 sys=0.01, real=0.01 secs] 
2014-07-08T08:07:08.538+0000: 234.088: [GC [PSYoungGen: 490165K->616K(474560K)] 568753K->79292K(1161536K), 0.0046150 secs] [Times: user=0.01 sys=0.00, real=0.01 secs] 
2014-07-08T08:07:09.386+0000: 234.935: [GC [PSYoungGen: 474531K->306K(458944K)] 553208K->79310K(1145920K), 0.0070920 secs] [Times: user=0.01 sys=0.00, real=0.01 secs] 
2014-07-08T08:07:10.178+0000: 235.728: [GC [PSYoungGen: 458930K->320K(550720K)] 537934K->79364K(1237696K), 0.0213670 secs] [Times: user=0.08 sys=0.00, real=0.03 secs] 
2014-07-08T08:07:11.201+0000: 236.751: [GC [PSYoungGen: 550717K->658K(661184K)] 629761K->79854K(1348160K), 0.0137920 secs] [Times: user=0.05 sys=0.00, real=0.01 secs] 
2014-07-08T08:07:12.374+0000: 237.924: [GC [PSYoungGen: 661055K->708K(793344K)] 740251K->80016K(1480320K), 0.0067550 secs] [Times: user=0.01 sys=0.00, real=0.01 secs] 
2014-07-08T08:07:13.912+0000: 239.462: [GC [PSYoungGen: 793284K->256K(762944K)] 872592K->79660K(1449920K), 0.0080900 secs] [Times: user=0.03 sys=0.00, real=0.01 secs] 
2014-07-08T08:07:15.320+0000: 240.870: [GC [PSYoungGen: 762944K->402K(734656K)] 842348K->79950K(1421632K), 0.0033240 secs] [Times: user=0.01 sys=0.00, real=0.00 secs] 
2014-07-08T08:07:16.675+0000: 242.224: [GC [PSYoungGen: 734609K->160K(707264K)] 814158K->79780K(1394240K), 0.0040800 secs] [Times: user=0.01 sys=0.00, real=0.00 secs] 
2014-07-08T08:07:17.907+0000: 243.457: [GC [PSYoungGen: 707228K->374K(681600K)] 786848K->80050K(1368576K), 0.0106370 secs] [Times: user=0.04 sys=0.00, real=0.01 secs] 
2014-07-08T08:07:19.222+0000: 244.772: [GC [PSYoungGen: 681590K->352K(656896K)] 761266K->80052K(1343872K), 0.0067910 secs] [Times: user=0.02 sys=0.01, real=0.00 secs] 
2014-07-08T08:07:20.605+0000: 246.154: [GC [PSYoungGen: 656864K->256K(633216K)] 736564K->79996K(1320192K), 0.0118970 secs] [Times: user=0.04 sys=0.00, real=0.01 secs] 
2014-07-08T08:07:21.819+0000: 247.368: [GC [PSYoungGen: 633201K->288K(610816K)] 712941K->80204K(1297792K), 0.0136310 secs] [Times: user=0.05 sys=0.00, real=0.02 secs] 
2014-07-08T08:07:23.032+0000: 248.581: [GC [PSYoungGen: 610784K->288K(589376K)] 690700K->80276K(1276352K), 0.0078320 secs] [Times: user=0.02 sys=0.00, real=0.00 secs] 
2014-07-08T08:07:24.218+0000: 249.768: [GC [PSYoungGen: 589344K->320K(568896K)] 669332K->80388K(1255872K), 0.0131840 secs] [Times: user=0.04 sys=0.00, real=0.02 secs] 
2014-07-08T08:07:25.403+0000: 250.953: [GC [PSYoungGen: 568896K->544K(549632K)] 648964K->80660K(1236608K), 0.0053350 secs] [Times: user=0.01 sys=0.00, real=0.00 secs] 
2014-07-08T08:07:26.561+0000: 252.111: [GC [PSYoungGen: 549598K->288K(659200K)] 629715K->80500K(1346176K), 0.0293140 secs] [Times: user=0.10 sys=0.00, real=0.03 secs] 
2014-07-08T08:07:27.889+0000: 253.438: [GC [PSYoungGen: 659168K->356K(791040K)] 739380K->80632K(1478016K), 0.0096650 secs] [Times: user=0.03 sys=0.00, real=0.01 secs] 
2014-07-08T08:07:29.533+0000: 255.083: [GC [PSYoungGen: 791012K->352K(761280K)] 871288K->80660K(1448256K), 0.0046630 secs] [Times: user=0.01 sys=0.00, real=0.00 secs] 
2014-07-08T08:07:31.067+0000: 256.617: [GC [PSYoungGen: 761248K->224K(732736K)] 841556K->80604K(1419712K), 0.0099910 secs] [Times: user=0.04 sys=0.00, real=0.01 secs] 
2014-07-08T08:07:32.628+0000: 258.178: [GC [PSYoungGen: 732704K->640K(706048K)] 813084K->81156K(1393024K), 0.0119440 secs] [Times: user=0.04 sys=0.01, real=0.01 secs] 
2014-07-08T08:07:34.027+0000: 259.576: [GC [PSYoungGen: 706048K->224K(679872K)] 786564K->80860K(1366848K), 0.0101400 secs] [Times: user=0.03 sys=0.00, real=0.01 secs] 
2014-07-08T08:07:35.465+0000: 261.015: [GC [PSYoungGen: 679821K->384K(655424K)] 760457K->81092K(1342400K), 0.0242110 secs] [Times: user=0.08 sys=0.00, real=0.02 secs] 
2014-07-08T08:07:36.778+0000: 262.328: [GC [PSYoungGen: 655424K->224K(631808K)] 736132K->81012K(1318784K), 0.0093760 secs] [Times: user=0.03 sys=0.00, real=0.01 secs] 
2014-07-08T08:07:38.077+0000: 263.627: [GC [PSYoungGen: 631776K->310K(609472K)] 712564K->81138K(1296448K), 0.0043890 secs] [Times: user=0.01 sys=0.00, real=0.00 secs] 
2014-07-08T08:07:39.366+0000: 264.916: [GC [PSYoungGen: 609462K->448K(588224K)] 690290K->81292K(1275200K), 0.0057520 secs] [Times: user=0.01 sys=0.00, real=0.00 secs] 
2014-07-08T08:07:40.723+0000: 266.272: [GC [PSYoungGen: 588140K->434K(567808K)] 668985K->81302K(1254784K), 0.0128230 secs] [Times: user=0.04 sys=0.00, real=0.02 secs] 
2014-07-08T08:07:41.810+0000: 267.360: [GC [PSYoungGen: 567794K->192K(548096K)] 648662K->81260K(1235072K), 0.0052790 secs] [Times: user=0.01 sys=0.00, real=0.01 secs] 
2014-07-08T08:07:42.978+0000: 268.527: [GC [PSYoungGen: 548096K->516K(529856K)] 629164K->81656K(1216832K), 0.0041950 secs] [Times: user=0.01 sys=0.01, real=0.00 secs] 
2014-07-08T08:07:44.099+0000: 269.649: [GC [PSYoungGen: 529796K->128K(511616K)] 610936K->81300K(1198592K), 0.0035780 secs] [Times: user=0.00 sys=0.00, real=0.00 secs] 
2014-07-08T08:07:45.217+0000: 270.767: [GC [PSYoungGen: 511615K->498K(495040K)] 592788K->81734K(1182016K), 0.0050670 secs] [Times: user=0.01 sys=0.00, real=0.00 secs] 
2014-07-08T08:07:46.235+0000: 271.785: [GC [PSYoungGen: 495026K->288K(478656K)] 576262K->81596K(1165632K), 0.0073350 secs] [Times: user=0.02 sys=0.00, real=0.00 secs] 
2014-07-08T08:07:47.259+0000: 272.809: [GC [PSYoungGen: 478623K->694K(463552K)] 559932K->82042K(1150528K), 0.0115630 secs] [Times: user=0.04 sys=0.00, real=0.01 secs] 
2014-07-08T08:07:48.244+0000: 273.793: [GC [PSYoungGen: 463530K->370K(448384K)] 544878K->81798K(1135360K), 0.0034760 secs] [Times: user=0.01 sys=0.01, real=0.01 secs] 
2014-07-08T08:07:49.200+0000: 274.749: [GC [PSYoungGen: 448370K->480K(434304K)] 529798K->81948K(1121280K), 0.0065960 secs] [Times: user=0.01 sys=0.00, real=0.01 secs] 
2014-07-08T08:07:50.176+0000: 275.726: [GC [PSYoungGen: 434272K->740K(420992K)] 515740K->82224K(1107968K), 0.0056180 secs] [Times: user=0.02 sys=0.00, real=0.00 secs] 
2014-07-08T08:07:51.016+0000: 276.566: [GC [PSYoungGen: 420949K->310K(407552K)] 502434K->81994K(1094528K), 0.0158420 secs] [Times: user=0.06 sys=0.00, real=0.01 secs] 
2014-07-08T08:07:51.878+0000: 277.427: [GC [PSYoungGen: 407542K->320K(395136K)] 489226K->82060K(1082112K), 0.0059560 secs] [Times: user=0.01 sys=0.00, real=0.00 secs] 
2014-07-08T08:07:52.720+0000: 278.269: [GC [PSYoungGen: 395133K->224K(383168K)] 476874K->82052K(1070144K), 0.0097870 secs] [Times: user=0.03 sys=0.00, real=0.01 secs] 
2014-07-08T08:07:53.607+0000: 279.156: [GC [PSYoungGen: 383105K->690K(460224K)] 464934K->82574K(1147200K), 0.0141350 secs] [Times: user=0.05 sys=0.00, real=0.01 secs] 
2014-07-08T08:07:54.519+0000: 280.068: [GC [PSYoungGen: 460210K->374K(445184K)] 542094K->82346K(1132160K), 0.0035690 secs] [Times: user=0.01 sys=0.00, real=0.00 secs] 
2014-07-08T08:07:55.498+0000: 281.047: [GC [PSYoungGen: 445174K->434K(431168K)] 527146K->82470K(1118144K), 0.0064300 secs] [Times: user=0.00 sys=0.00, real=0.00 secs] 
2014-07-08T08:07:56.400+0000: 281.950: [GC [PSYoungGen: 431114K->384K(417664K)] 513151K->82468K(1104640K), 0.0037750 secs] [Times: user=0.01 sys=0.00, real=0.00 secs] 
2014-07-08T08:07:57.280+0000: 282.829: [GC [PSYoungGen: 417655K->484K(404928K)] 499740K->82600K(1091904K), 0.0038310 secs] [Times: user=0.01 sys=0.00, real=0.00 secs] 
2014-07-08T08:07:58.131+0000: 283.681: [GC [PSYoungGen: 404900K->352K(392512K)] 487016K->82492K(1079488K), 0.0065780 secs] [Times: user=0.02 sys=0.01, real=0.01 secs] 
2014-07-08T08:07:58.966+0000: 284.515: [GC [PSYoungGen: 392479K->260K(380672K)] 474619K->82424K(1067648K), 0.0100070 secs] [Times: user=0.03 sys=0.01, real=0.01 secs] 
2014-07-08T08:07:59.778+0000: 285.327: [GC [PSYoungGen: 380586K->342K(369408K)] 462750K->82530K(1056384K), 0.0027870 secs] [Times: user=0.01 sys=0.00, real=0.00 secs] 
2014-07-08T08:08:00.775+0000: 286.325: [GC [PSYoungGen: 369366K->672K(358912K)] 451554K->82916K(1045888K), 0.0054270 secs] [Times: user=0.01 sys=0.00, real=0.01 secs] 
2014-07-08T08:08:01.379+0000: 286.928: [GC [PSYoungGen: 358880K->320K(430208K)] 441124K->82724K(1117184K), 0.0130100 secs] [Times: user=0.03 sys=0.00, real=0.01 secs] 
2014-07-08T08:08:02.247+0000: 287.796: [GC [PSYoungGen: 430208K->128K(416640K)] 512612K->82580K(1103616K), 0.0035820 secs] [Times: user=0.01 sys=0.00, real=0.01 secs] 
2014-07-08T08:08:03.135+0000: 288.685: [GC [PSYoungGen: 416640K->320K(403968K)] 499092K->82828K(1090944K), 0.0064340 secs] [Times: user=0.01 sys=0.00, real=0.01 secs] 
2014-07-08T08:08:03.991+0000: 289.540: [GC [PSYoungGen: 403968K->128K(391488K)] 486476K->82684K(1078464K), 0.0033610 secs] [Times: user=0.01 sys=0.00, real=0.00 secs] 
2014-07-08T08:08:04.827+0000: 290.376: [GC [PSYoungGen: 391485K->192K(469824K)] 474042K->82820K(1156800K), 0.0257680 secs] [Times: user=0.09 sys=0.00, real=0.03 secs] 
2014-07-08T08:08:05.861+0000: 291.410: [GC [PSYoungGen: 469820K->370K(563968K)] 552449K->83030K(1250944K), 0.0050850 secs] [Times: user=0.01 sys=0.00, real=0.00 secs] 
2014-07-08T08:08:07.032+0000: 292.582: [GC [PSYoungGen: 563954K->160K(544448K)] 646614K->82924K(1231424K), 0.0039730 secs] [Times: user=0.01 sys=0.00, real=0.00 secs] 
2014-07-08T08:08:08.236+0000: 293.786: [GC [PSYoungGen: 544411K->384K(526208K)] 627176K->83180K(1213184K), 0.0043110 secs] [Times: user=0.01 sys=0.00, real=0.01 secs] 
2014-07-08T08:08:09.325+0000: 294.874: [GC [PSYoungGen: 526208K->352K(508608K)] 609004K->83236K(1195584K), 0.0050390 secs] [Times: user=0.01 sys=0.00, real=0.01 secs] 
2014-07-08T08:08:10.480+0000: 296.029: [GC [PSYoungGen: 508576K->704K(492096K)] 591460K->83982K(1179072K), 0.0082680 secs] [Times: user=0.01 sys=0.00, real=0.01 secs] 
2014-07-08T08:08:11.482+0000: 297.031: [GC [PSYoungGen: 492096K->370K(475712K)] 575374K->84152K(1162688K), 0.0059490 secs] [Times: user=0.02 sys=0.00, real=0.00 secs] 
2014-07-08T08:08:12.464+0000: 298.013: [GC [PSYoungGen: 475646K->666K(460672K)] 559429K->84608K(1147648K), 0.0083390 secs] [Times: user=0.02 sys=0.01, real=0.01 secs] 
2014-07-08T08:08:13.484+0000: 299.033: [GC [PSYoungGen: 460630K->964K(446272K)] 544572K->85066K(1133248K), 0.0052070 secs] [Times: user=0.02 sys=0.00, real=0.01 secs] 
2014-07-08T08:08:14.403+0000: 299.953: [GC [PSYoungGen: 446212K->886K(432064K)] 530314K->85052K(1119040K), 0.0070320 secs] [Times: user=0.02 sys=0.00, real=0.01 secs] 
2014-07-08T08:08:15.299+0000: 300.849: [GC [PSYoungGen: 431982K->484K(418240K)] 516148K->84706K(1105216K), 0.0093690 secs] [Times: user=0.03 sys=0.00, real=0.00 secs] 
2014-07-08T08:08:16.191+0000: 301.741: [GC [PSYoungGen: 418176K->480K(405376K)] 502399K->84766K(1092352K), 0.0067960 secs] [Times: user=0.01 sys=0.01, real=0.00 secs] 
2014-07-08T08:08:17.044+0000: 302.593: [GC [PSYoungGen: 405343K->128K(392640K)] 489629K->84502K(1079616K), 0.0044000 secs] [Times: user=0.01 sys=0.00, real=0.00 secs] 
2014-07-08T08:08:17.884+0000: 303.433: [GC [PSYoungGen: 392639K->256K(381888K)] 477013K->84646K(1068864K), 0.0043700 secs] [Times: user=0.01 sys=0.00, real=0.00 secs] 
2014-07-08T08:08:18.690+0000: 304.240: [GC [PSYoungGen: 380928K->210K(369600K)] 465318K->84648K(1056576K), 0.0088040 secs] [Times: user=0.03 sys=0.00, real=0.00 secs] 
2014-07-08T08:08:19.492+0000: 305.041: [GC [PSYoungGen: 369554K->630K(359168K)] 453992K->85108K(1046144K), 0.0062630 secs] [Times: user=0.01 sys=0.00, real=0.00 secs] 
2014-07-08T08:08:20.240+0000: 305.789: [GC [PSYoungGen: 359156K->480K(430784K)] 443634K->85006K(1117760K), 0.0221210 secs] [Times: user=0.07 sys=0.00, real=0.03 secs] 
2014-07-08T08:08:21.161+0000: 306.711: [GC [PSYoungGen: 430696K->544K(516928K)] 515222K->85134K(1203904K), 0.0078840 secs] [Times: user=0.02 sys=0.00, real=0.00 secs] 
2014-07-08T08:08:22.342+0000: 307.892: [GC [PSYoungGen: 516896K->832K(620480K)] 601486K->85518K(1307456K), 0.0078130 secs] [Times: user=0.02 sys=0.00, real=0.01 secs] 
2014-07-08T08:08:23.613+0000: 309.163: [GC [PSYoungGen: 620480K->288K(598144K)] 705166K->85134K(1285120K), 0.0079220 secs] [Times: user=0.03 sys=0.00, real=0.01 secs] 
2014-07-08T08:08:24.847+0000: 310.397: [GC [PSYoungGen: 598112K->192K(577152K)] 682958K->85126K(1264128K), 0.0048970 secs] [Times: user=0.01 sys=0.00, real=0.01 secs] 
2014-07-08T08:08:26.072+0000: 311.622: [GC [PSYoungGen: 577152K->388K(557504K)] 662086K->85370K(1244480K), 0.0046870 secs] [Times: user=0.01 sys=0.00, real=0.00 secs] 
2014-07-08T08:08:27.264+0000: 312.813: [GC [PSYoungGen: 557444K->320K(538368K)] 642426K->85374K(1225344K), 0.0052810 secs] [Times: user=0.01 sys=0.00, real=0.00 secs] 
2014-07-08T08:08:28.457+0000: 314.006: [GC [PSYoungGen: 538368K->256K(520128K)] 623422K->85342K(1207104K), 0.0044640 secs] [Times: user=0.00 sys=0.00, real=0.01 secs] 
2014-07-08T08:08:29.523+0000: 315.072: [GC [PSYoungGen: 520128K->224K(502784K)] 605214K->85374K(1189760K), 0.0058980 secs] [Times: user=0.02 sys=0.00, real=0.00 secs] 
2014-07-08T08:08:30.623+0000: 316.173: [GC [PSYoungGen: 502697K->946K(486912K)] 587848K->86128K(1173888K), 0.0042150 secs] [Times: user=0.02 sys=0.00, real=0.00 secs] 
2014-07-08T08:08:31.627+0000: 317.176: [GC [PSYoungGen: 486898K->338K(470464K)] 572080K->85608K(1157440K), 0.0051900 secs] [Times: user=0.02 sys=0.00, real=0.01 secs] 
2014-07-08T08:08:32.626+0000: 318.175: [GC [PSYoungGen: 470418K->256K(455168K)] 555688K->85614K(1142144K), 0.0114250 secs] [Times: user=0.04 sys=0.00, real=0.01 secs] 
2014-07-08T08:08:33.594+0000: 319.143: [GC [PSYoungGen: 455168K->292K(440768K)] 540526K->85706K(1127744K), 0.0046880 secs] [Times: user=0.01 sys=0.00, real=0.00 secs] 
2014-07-08T08:08:34.650+0000: 320.200: [GC [PSYoungGen: 440740K->850K(427456K)] 526154K->86320K(1114432K), 0.0038200 secs] [Times: user=0.01 sys=0.00, real=0.01 secs] 
2014-07-08T08:08:35.503+0000: 321.052: [GC [PSYoungGen: 427316K->534K(413888K)] 512787K->86092K(1100864K), 0.0063640 secs] [Times: user=0.01 sys=0.00, real=0.00 secs] 
2014-07-08T08:08:36.332+0000: 321.882: [GC [PSYoungGen: 413846K->416K(401088K)] 499404K->86046K(1088064K), 0.0053110 secs] [Times: user=0.01 sys=0.01, real=0.00 secs] 
2014-07-08T08:08:37.169+0000: 322.718: [GC [PSYoungGen: 401035K->246K(388736K)] 486665K->85924K(1075712K), 0.0031350 secs] [Times: user=0.01 sys=0.00, real=0.00 secs] 
2014-07-08T08:08:38.003+0000: 323.553: [GC [PSYoungGen: 388726K->356K(377216K)] 474404K->86074K(1064192K), 0.0048200 secs] [Times: user=0.02 sys=0.00, real=0.00 secs] 
2014-07-08T08:08:38.800+0000: 324.350: [GC [PSYoungGen: 377188K->96K(365824K)] 462906K->85838K(1052800K), 0.0047910 secs] [Times: user=0.01 sys=0.00, real=0.01 secs] 
2014-07-08T08:08:39.585+0000: 325.134: [GC [PSYoungGen: 365792K->160K(355200K)] 451534K->85926K(1042176K), 0.0063590 secs] [Times: user=0.03 sys=0.00, real=0.00 secs] 
2014-07-08T08:08:40.357+0000: 325.906: [GC [PSYoungGen: 355168K->530K(345344K)] 440934K->86344K(1032320K), 0.0097080 secs] [Times: user=0.04 sys=0.00, real=0.01 secs] 
2014-07-08T08:08:41.072+0000: 326.622: [GC [PSYoungGen: 345298K->256K(414016K)] 431112K->86134K(1100992K), 0.0123220 secs] [Times: user=0.04 sys=0.00, real=0.02 secs] 
2014-07-08T08:08:41.947+0000: 327.497: [GC [PSYoungGen: 414016K->260K(401344K)] 499894K->86202K(1088320K), 0.0057850 secs] [Times: user=0.01 sys=0.00, real=0.01 secs] 
2014-07-08T08:08:42.806+0000: 328.355: [GC [PSYoungGen: 401284K->224K(481536K)] 487226K->86286K(1168512K), 0.0301990 secs] [Times: user=0.11 sys=0.00, real=0.03 secs] 
2014-07-08T08:08:43.834+0000: 329.384: [GC [PSYoungGen: 481504K->160K(577728K)] 567566K->86270K(1264704K), 0.0035370 secs] [Times: user=0.01 sys=0.00, real=0.00 secs] 
2014-07-08T08:08:45.065+0000: 330.614: [GC [PSYoungGen: 577696K->448K(693504K)] 663806K->86622K(1380480K), 0.0065680 secs] [Times: user=0.01 sys=0.00, real=0.00 secs] 
2014-07-08T08:08:46.537+0000: 332.086: [GC [PSYoungGen: 693504K->352K(668224K)] 779678K->86598K(1355200K), 0.0055180 secs] [Times: user=0.02 sys=0.00, real=0.00 secs] 
2014-07-08T08:08:47.960+0000: 333.510: [GC [PSYoungGen: 668192K->470K(644288K)] 754438K->86796K(1331264K), 0.0081930 secs] [Times: user=0.03 sys=0.00, real=0.01 secs] 
2014-07-08T08:08:49.338+0000: 334.887: [GC [PSYoungGen: 644240K->384K(621184K)] 730567K->86766K(1308160K), 0.0187100 secs] [Times: user=0.06 sys=0.00, real=0.02 secs] 
2014-07-08T08:08:50.647+0000: 336.196: [GC [PSYoungGen: 621184K->192K(599104K)] 707566K->86638K(1286080K), 0.0048260 secs] [Times: user=0.01 sys=0.00, real=0.00 secs] 
2014-07-08T08:08:51.922+0000: 337.471: [GC [PSYoungGen: 599104K->256K(578240K)] 685550K->86814K(1265216K), 0.0042590 secs] [Times: user=0.02 sys=0.00, real=0.01 secs] 
2014-07-08T08:08:53.155+0000: 338.704: [GC [PSYoungGen: 578168K->502K(558528K)] 664727K->87172K(1245504K), 0.0110850 secs] [Times: user=0.04 sys=0.00, real=0.02 secs] 
2014-07-08T08:08:54.343+0000: 339.892: [GC [PSYoungGen: 558443K->452K(539456K)] 645114K->87194K(1226432K), 0.0039250 secs] [Times: user=0.01 sys=0.00, real=0.01 secs] 
2014-07-08T08:08:55.492+0000: 341.041: [GC [PSYoungGen: 539396K->192K(520960K)] 626138K->86990K(1207936K), 0.0042180 secs] [Times: user=0.01 sys=0.00, real=0.01 secs] 
2014-07-08T08:08:56.606+0000: 342.155: [GC [PSYoungGen: 520960K->160K(503552K)] 607758K->87030K(1190528K), 0.0038330 secs] [Times: user=0.01 sys=0.00, real=0.00 secs] 
2014-07-08T08:08:57.684+0000: 343.234: [GC [PSYoungGen: 503520K->502K(487232K)] 590390K->87452K(1174208K), 0.0064950 secs] [Times: user=0.02 sys=0.00, real=0.01 secs] 
2014-07-08T08:08:58.724+0000: 344.273: [GC [PSYoungGen: 487222K->256K(471104K)] 574172K->87238K(1158080K), 0.0060020 secs] [Times: user=0.01 sys=0.00, real=0.01 secs] 
2014-07-08T08:08:59.727+0000: 345.277: [GC [PSYoungGen: 471104K->274K(456000K)] 558086K->87304K(1142976K), 0.0060120 secs] [Times: user=0.01 sys=0.00, real=0.00 secs] 
2014-07-08T08:09:00.700+0000: 346.249: [GC [PSYoungGen: 455884K->356K(441536K)] 542915K->87450K(1128512K), 0.0213060 secs] [Times: user=0.06 sys=0.00, real=0.02 secs] 
2014-07-08T08:09:01.755+0000: 347.304: [GC [PSYoungGen: 441508K->704K(427968K)] 528602K->87982K(1114944K), 0.0081890 secs] [Times: user=0.03 sys=0.00, real=0.01 secs] 
2014-07-08T08:09:02.634+0000: 348.183: [GC [PSYoungGen: 427968K->224K(513024K)] 515246K->87638K(1200000K), 0.0296450 secs] [Times: user=0.11 sys=0.00, real=0.03 secs] 
2014-07-08T08:09:03.651+0000: 349.201: [GC [PSYoungGen: 512946K->552K(615936K)] 600360K->88070K(1302912K), 0.0026280 secs] [Times: user=0.01 sys=0.00, real=0.00 secs] 
2014-07-08T08:09:04.947+0000: 350.497: [GC [PSYoungGen: 615897K->328K(594112K)] 703415K->87902K(1281088K), 0.0036500 secs] [Times: user=0.00 sys=0.00, real=0.00 secs] 
2014-07-08T08:09:06.233+0000: 351.783: [GC [PSYoungGen: 594056K->580K(573696K)] 681630K->88202K(1260672K), 0.0063940 secs] [Times: user=0.01 sys=0.00, real=0.01 secs] 
2014-07-08T08:09:07.439+0000: 352.988: [GC [PSYoungGen: 573636K->480K(553856K)] 661258K->88182K(1240832K), 0.0037020 secs] [Times: user=0.01 sys=0.00, real=0.00 secs] 
2014-07-08T08:09:08.626+0000: 354.176: [GC [PSYoungGen: 553824K->160K(534720K)] 641526K->87894K(1221696K), 0.0055560 secs] [Times: user=0.01 sys=0.00, real=0.01 secs] 
2014-07-08T08:09:09.750+0000: 355.300: [GC [PSYoungGen: 534688K->160K(516736K)] 622422K->87942K(1203712K), 0.0036350 secs] [Times: user=0.01 sys=0.00, real=0.00 secs] 
2014-07-08T08:09:10.852+0000: 356.401: [GC [PSYoungGen: 516704K->580K(499968K)] 604486K->88434K(1186944K), 0.0142990 secs] [Times: user=0.05 sys=0.00, real=0.01 secs] 
2014-07-08T08:09:11.909+0000: 357.458: [GC [PSYoungGen: 499851K->274K(483200K)] 587705K->88216K(1170176K), 0.0110190 secs] [Times: user=0.03 sys=0.00, real=0.01 secs] 
2014-07-08T08:09:12.946+0000: 358.496: [GC [PSYoungGen: 483154K->448K(467648K)] 571096K->88526K(1154624K), 0.0068980 secs] [Times: user=0.01 sys=0.01, real=0.01 secs] 
2014-07-08T08:09:13.935+0000: 359.485: [GC [PSYoungGen: 467648K->128K(452288K)] 555726K->88254K(1139264K), 0.0036050 secs] [Times: user=0.01 sys=0.00, real=0.01 secs] 
2014-07-08T08:09:14.896+0000: 360.446: [GC [PSYoungGen: 452288K->224K(438016K)] 540414K->88390K(1124992K), 0.0095480 secs] [Times: user=0.03 sys=0.00, real=0.01 secs] 
2014-07-08T08:09:15.844+0000: 361.393: [GC [PSYoungGen: 437984K->192K(424192K)] 526150K->88406K(1111168K), 0.0086400 secs] [Times: user=0.03 sys=0.00, real=0.01 secs] 
2014-07-08T08:09:16.754+0000: 362.304: [GC [PSYoungGen: 424094K->356K(411200K)] 512309K->88658K(1098176K), 0.0059590 secs] [Times: user=0.02 sys=0.00, real=0.01 secs] 
2014-07-08T08:09:17.614+0000: 363.164: [GC [PSYoungGen: 411172K->210K(398464K)] 499474K->88592K(1085440K), 0.0035670 secs] [Times: user=0.02 sys=0.00, real=0.00 secs] 
2014-07-08T08:09:18.479+0000: 364.029: [GC [PSYoungGen: 398418K->370K(386560K)] 486800K->88776K(1073536K), 0.0038280 secs] [Times: user=0.01 sys=0.00, real=0.00 secs] 
2014-07-08T08:09:19.306+0000: 364.856: [GC [PSYoungGen: 386542K->338K(375040K)] 474949K->88776K(1062016K), 0.0094210 secs] [Times: user=0.03 sys=0.01, real=0.01 secs] 
2014-07-08T08:09:20.086+0000: 365.635: [GC [PSYoungGen: 374993K->160K(363776K)] 463432K->88614K(1050752K), 0.0054400 secs] [Times: user=0.00 sys=0.00, real=0.01 secs] 
2014-07-08T08:09:20.858+0000: 366.407: [GC [PSYoungGen: 363744K->160K(353152K)] 452198K->88670K(1040128K), 0.0043890 secs] [Times: user=0.01 sys=0.01, real=0.01 secs] 
2014-07-08T08:09:21.695+0000: 367.245: [GC [PSYoungGen: 353120K->448K(343232K)] 441630K->89022K(1030208K), 0.0068980 secs] [Times: user=0.01 sys=0.00, real=0.01 secs] 
2014-07-08T08:09:22.394+0000: 367.944: [GC [PSYoungGen: 343232K->544K(333632K)] 431806K->89238K(1020608K), 0.0101290 secs] [Times: user=0.04 sys=0.00, real=0.01 secs] 
2014-07-08T08:09:23.054+0000: 368.604: [GC [PSYoungGen: 333600K->292K(324032K)] 422294K->89042K(1011008K), 0.0059570 secs] [Times: user=0.01 sys=0.01, real=0.01 secs] 
2014-07-08T08:09:23.740+0000: 369.289: [GC [PSYoungGen: 323995K->260K(315072K)] 412746K->89042K(1002048K), 0.0053210 secs] [Times: user=0.01 sys=0.00, real=0.01 secs] 
2014-07-08T08:09:24.431+0000: 369.980: [GC [PSYoungGen: 315004K->480K(306624K)] 403787K->89318K(993600K), 0.0093480 secs] [Times: user=0.03 sys=0.01, real=0.01 secs] 
2014-07-08T08:09:25.078+0000: 370.627: [GC [PSYoungGen: 306592K->320K(298176K)] 395430K->89214K(985152K), 0.0048420 secs] [Times: user=0.02 sys=0.00, real=0.01 secs] 
2014-07-08T08:09:25.709+0000: 371.258: [GC [PSYoungGen: 298176K->128K(290048K)] 387070K->89038K(977024K), 0.0029840 secs] [Times: user=0.01 sys=0.00, real=0.01 secs] 
2014-07-08T08:09:26.429+0000: 371.978: [GC [PSYoungGen: 290042K->690K(283008K)] 378952K->89904K(969984K), 0.0070520 secs] [Times: user=0.01 sys=0.00, real=0.01 secs] 
2014-07-08T08:09:26.929+0000: 372.479: [GC [PSYoungGen: 282940K->552K(275520K)] 372155K->89846K(962496K), 0.0039590 secs] [Times: user=0.02 sys=0.00, real=0.01 secs] 
2014-07-08T08:09:27.513+0000: 373.062: [GC [PSYoungGen: 275496K->210K(330240K)] 364790K->89608K(1017216K), 0.0098560 secs] [Times: user=0.03 sys=0.00, real=0.01 secs] 
2014-07-08T08:09:28.218+0000: 373.767: [GC [PSYoungGen: 330189K->320K(396352K)] 419587K->89742K(1083328K), 0.0191230 secs] [Times: user=0.07 sys=0.00, real=0.02 secs] 
2014-07-08T08:09:29.061+0000: 374.611: [GC [PSYoungGen: 396350K->224K(475520K)] 485773K->89694K(1162496K), 0.0040180 secs] [Times: user=0.02 sys=0.00, real=0.00 secs] 
2014-07-08T08:09:30.081+0000: 375.631: [GC [PSYoungGen: 475488K->192K(460096K)] 564958K->89702K(1147072K), 0.0044050 secs] [Times: user=0.01 sys=0.00, real=0.00 secs] 
2014-07-08T08:09:31.067+0000: 376.617: [GC [PSYoungGen: 460096K->224K(445440K)] 549606K->89830K(1132416K), 0.0071180 secs] [Times: user=0.02 sys=0.00, real=0.01 secs] 
2014-07-08T08:09:32.009+0000: 377.558: [GC [PSYoungGen: 445408K->192K(431296K)] 535014K->89870K(1118272K), 0.0079730 secs] [Times: user=0.03 sys=0.00, real=0.01 secs] 
2014-07-08T08:09:32.932+0000: 378.481: [GC [PSYoungGen: 431296K->128K(417792K)] 520974K->89902K(1104768K), 0.0036630 secs] [Times: user=0.01 sys=0.00, real=0.00 secs] 
2014-07-08T08:09:33.822+0000: 379.372: [GC [PSYoungGen: 417792K->128K(404928K)] 507566K->89950K(1091904K), 0.0033130 secs] [Times: user=0.00 sys=0.00, real=0.00 secs] 
2014-07-08T08:09:34.685+0000: 380.235: [GC [PSYoungGen: 404880K->360K(392832K)] 494702K->90238K(1079808K), 0.0140320 secs] [Times: user=0.05 sys=0.00, real=0.01 secs] 
2014-07-08T08:09:35.535+0000: 381.085: [GC [PSYoungGen: 392808K->96K(380736K)] 482686K->90006K(1067712K), 0.0052700 secs] [Times: user=0.01 sys=0.01, real=0.00 secs] 
2014-07-08T08:09:36.505+0000: 382.055: [GC [PSYoungGen: 380697K->676K(369984K)] 470608K->91130K(1056960K), 0.0091880 secs] [Times: user=0.03 sys=0.00, real=0.01 secs] 
2014-07-08T08:09:37.129+0000: 382.678: [GC [PSYoungGen: 369956K->612K(443776K)] 460410K->91162K(1130752K), 0.0186910 secs] [Times: user=0.06 sys=0.00, real=0.02 secs] 
2014-07-08T08:09:38.078+0000: 383.627: [GC [PSYoungGen: 443748K->128K(531904K)] 534298K->90830K(1218880K), 0.0025640 secs] [Times: user=0.01 sys=0.00, real=0.00 secs] 
2014-07-08T08:09:39.211+0000: 384.761: [GC [PSYoungGen: 531904K->324K(514944K)] 622606K->91050K(1201920K), 0.0062470 secs] [Times: user=0.01 sys=0.00, real=0.01 secs] 
2014-07-08T08:09:40.311+0000: 385.860: [GC [PSYoungGen: 514244K->384K(497216K)] 604970K->91134K(1184192K), 0.0073960 secs] [Times: user=0.01 sys=0.01, real=0.01 secs] 
2014-07-08T08:09:41.384+0000: 386.933: [GC [PSYoungGen: 497216K->708K(481280K)] 587966K->91530K(1168256K), 0.0055510 secs] [Times: user=0.01 sys=0.01, real=0.01 secs] 
2014-07-08T08:09:42.449+0000: 387.998: [GC [PSYoungGen: 481218K->822K(577472K)] 572041K->92004K(1264448K), 0.0232730 secs] [Times: user=0.08 sys=0.00, real=0.03 secs] 
2014-07-08T08:09:43.705+0000: 389.254: [GC [PSYoungGen: 577419K->630K(692608K)] 668601K->91916K(1379584K), 0.0082730 secs] [Times: user=0.01 sys=0.00, real=0.01 secs] 
2014-07-08T08:09:45.092+0000: 390.641: [GC [PSYoungGen: 692535K->356K(667200K)] 783822K->91850K(1354176K), 0.0108400 secs] [Times: user=0.04 sys=0.00, real=0.01 secs] 
2014-07-08T08:09:46.624+0000: 392.174: [GC [PSYoungGen: 667172K->1028K(643904K)] 758666K->92594K(1330880K), 0.0043260 secs] [Times: user=0.01 sys=0.00, real=0.00 secs] 
2014-07-08T08:09:47.887+0000: 393.437: [GC [PSYoungGen: 643844K->374K(620288K)] 735410K->92012K(1307264K), 0.0131110 secs] [Times: user=0.05 sys=0.00, real=0.01 secs] 
2014-07-08T08:09:49.217+0000: 394.766: [GC [PSYoungGen: 620278K->192K(598208K)] 711916K->91878K(1285184K), 0.0116140 secs] [Times: user=0.05 sys=0.00, real=0.01 secs] 
2014-07-08T08:09:50.524+0000: 396.073: [GC [PSYoungGen: 598208K->530K(577728K)] 689894K->92256K(1264704K), 0.0100220 secs] [Times: user=0.03 sys=0.00, real=0.01 secs] 
2014-07-08T08:09:51.755+0000: 397.304: [GC [PSYoungGen: 577631K->516K(557824K)] 669358K->92394K(1244800K), 0.0126180 secs] [Times: user=0.04 sys=0.00, real=0.01 secs] 
2014-07-08T08:09:52.904+0000: 398.453: [GC [PSYoungGen: 557764K->224K(538496K)] 649642K->92214K(1225472K), 0.0075430 secs] [Times: user=0.03 sys=0.00, real=0.01 secs] 
2014-07-08T08:09:54.050+0000: 399.599: [GC [PSYoungGen: 538464K->256K(520320K)] 630454K->92318K(1207296K), 0.0086510 secs] [Times: user=0.03 sys=0.00, real=0.01 secs] 
2014-07-08T08:09:55.154+0000: 400.704: [GC [PSYoungGen: 520319K->192K(502912K)] 612381K->92326K(1189888K), 0.0104620 secs] [Times: user=0.04 sys=0.00, real=0.01 secs] 
2014-07-08T08:09:56.251+0000: 401.800: [GC [PSYoungGen: 502911K->466K(486656K)] 595046K->92648K(1173632K), 0.0094860 secs] [Times: user=0.03 sys=0.00, real=0.01 secs] 
2014-07-08T08:09:57.269+0000: 402.819: [GC [PSYoungGen: 486610K->352K(470656K)] 578792K->92614K(1157632K), 0.0066010 secs] [Times: user=0.01 sys=0.00, real=0.01 secs] 
2014-07-08T08:09:58.280+0000: 403.829: [GC [PSYoungGen: 470569K->434K(455552K)] 562831K->92744K(1142528K), 0.0104910 secs] [Times: user=0.04 sys=0.00, real=0.01 secs] 
2014-07-08T08:09:59.240+0000: 404.790: [GC [PSYoungGen: 455538K->320K(440960K)] 547848K->92646K(1127936K), 0.0064150 secs] [Times: user=0.01 sys=0.01, real=0.01 secs] 
2014-07-08T08:10:00.178+0000: 405.728: [GC [PSYoungGen: 440960K->352K(427136K)] 533286K->92710K(1114112K), 0.0063930 secs] [Times: user=0.01 sys=0.01, real=0.00 secs] 
2014-07-08T08:10:01.089+0000: 406.638: [GC [PSYoungGen: 427104K->672K(414208K)] 519462K->93102K(1101184K), 0.0094610 secs] [Times: user=0.04 sys=0.01, real=0.01 secs] 
2014-07-08T08:10:02.060+0000: 407.609: [GC [PSYoungGen: 414176K->822K(401600K)] 506606K->93340K(1088576K), 0.0111930 secs] [Times: user=0.04 sys=0.00, real=0.01 secs] 
2014-07-08T08:10:02.829+0000: 408.379: [GC [PSYoungGen: 401590K->320K(481280K)] 494108K->92982K(1168256K), 0.0222770 secs] [Times: user=0.08 sys=0.00, real=0.02 secs] 
2014-07-08T08:10:03.853+0000: 409.402: [GC [PSYoungGen: 481238K->342K(577536K)] 573900K->93076K(1264512K), 0.0065460 secs] [Times: user=0.01 sys=0.00, real=0.01 secs] 
2014-07-08T08:10:05.084+0000: 410.633: [GC [PSYoungGen: 577494K->224K(692864K)] 670228K->93014K(1379840K), 0.0087040 secs] [Times: user=0.03 sys=0.00, real=0.01 secs] 
2014-07-08T08:10:06.576+0000: 412.125: [GC [PSYoungGen: 692832K->498K(667904K)] 785622K->93328K(1354880K), 0.0048710 secs] [Times: user=0.02 sys=0.00, real=0.01 secs] 
2014-07-08T08:10:07.973+0000: 413.523: [GC [PSYoungGen: 667890K->160K(643520K)] 760720K->93038K(1330496K), 0.0096370 secs] [Times: user=0.03 sys=0.00, real=0.01 secs] 
2014-07-08T08:10:09.399+0000: 414.948: [GC [PSYoungGen: 643488K->936K(772992K)] 736366K->94022K(1459968K), 0.0300510 secs] [Times: user=0.10 sys=0.00, real=0.03 secs] 
2014-07-08T08:10:10.981+0000: 416.530: [GC [PSYoungGen: 772927K->434K(743552K)] 866013K->93560K(1430528K), 0.0053000 secs] [Times: user=0.01 sys=0.00, real=0.00 secs] 
2014-07-08T08:10:12.571+0000: 418.121: [GC [PSYoungGen: 743538K->288K(715840K)] 836664K->93590K(1402816K), 0.0042550 secs] [Times: user=0.01 sys=0.00, real=0.00 secs] 
2014-07-08T08:10:14.100+0000: 419.650: [GC [PSYoungGen: 715808K->160K(689472K)] 809110K->93582K(1376448K), 0.0035730 secs] [Times: user=0.01 sys=0.00, real=0.00 secs] 
2014-07-08T08:10:15.617+0000: 421.166: [GC [PSYoungGen: 689440K->448K(664704K)] 782862K->93942K(1351680K), 0.0096610 secs] [Times: user=0.03 sys=0.00, real=0.01 secs] 
2014-07-08T08:10:16.995+0000: 422.544: [GC [PSYoungGen: 664703K->192K(640576K)] 758198K->93750K(1327552K), 0.0037550 secs] [Times: user=0.01 sys=0.00, real=0.01 secs] 
2014-07-08T08:10:18.367+0000: 423.916: [GC [PSYoungGen: 640573K->384K(617984K)] 734132K->94006K(1304960K), 0.0051540 secs] [Times: user=0.02 sys=0.00, real=0.01 secs] 
2014-07-08T08:10:19.678+0000: 425.227: [GC [PSYoungGen: 617984K->416K(596288K)] 711606K->94094K(1283264K), 0.0185680 secs] [Times: user=0.06 sys=0.00, real=0.02 secs] 
2014-07-08T08:10:20.940+0000: 426.489: [GC [PSYoungGen: 596256K->192K(575296K)] 689934K->93926K(1262272K), 0.0044300 secs] [Times: user=0.01 sys=0.00, real=0.00 secs] 
2014-07-08T08:10:22.268+0000: 427.817: [GC [PSYoungGen: 575296K->882K(556160K)] 669030K->94720K(1243136K), 0.0044090 secs] [Times: user=0.01 sys=0.00, real=0.01 secs] 
2014-07-08T08:10:23.446+0000: 428.996: [GC [PSYoungGen: 556146K->928K(537280K)] 649984K->94902K(1224256K), 0.0071740 secs] [Times: user=0.01 sys=0.00, real=0.01 secs] 
2014-07-08T08:10:24.509+0000: 430.058: [GC [PSYoungGen: 537247K->384K(518592K)] 631222K->94470K(1205568K), 0.0063350 secs] [Times: user=0.01 sys=0.00, real=0.01 secs] 
2014-07-08T08:10:25.617+0000: 431.167: [GC [PSYoungGen: 518592K->210K(501184K)] 612678K->94360K(1188160K), 0.0050740 secs] [Times: user=0.01 sys=0.00, real=0.01 secs] 
2014-07-08T08:10:26.670+0000: 432.219: [GC [PSYoungGen: 501138K->402K(484864K)] 595288K->94584K(1171840K), 0.0048130 secs] [Times: user=0.01 sys=0.00, real=0.00 secs] 
2014-07-08T08:10:27.699+0000: 433.249: [GC [PSYoungGen: 484818K->178K(468800K)] 579000K->94384K(1155776K), 0.0041960 secs] [Times: user=0.01 sys=0.00, real=0.00 secs] 
2014-07-08T08:10:28.757+0000: 434.306: [GC [PSYoungGen: 468786K->530K(454080K)] 562992K->94800K(1141056K), 0.0036500 secs] [Times: user=0.02 sys=0.00, real=0.01 secs] 
2014-07-08T08:10:29.679+0000: 435.229: [GC [PSYoungGen: 454034K->160K(439296K)] 548304K->94470K(1126272K), 0.0054720 secs] [Times: user=0.01 sys=0.00, real=0.01 secs] 
2014-07-08T08:10:30.606+0000: 436.155: [GC [PSYoungGen: 439264K->352K(425664K)] 533574K->94734K(1112640K), 0.0175860 secs] [Times: user=0.06 sys=0.01, real=0.02 secs] 
2014-07-08T08:10:31.551+0000: 437.101: [GC [PSYoungGen: 425632K->672K(412800K)] 520014K->95134K(1099776K), 0.0072260 secs] [Times: user=0.01 sys=0.01, real=0.00 secs] 
2014-07-08T08:10:32.405+0000: 437.955: [GC [PSYoungGen: 412768K->512K(399936K)] 507230K->95054K(1086912K), 0.0048150 secs] [Times: user=0.01 sys=0.01, real=0.01 secs] 
2014-07-08T08:10:33.238+0000: 438.787: [GC [PSYoungGen: 399936K->416K(387776K)] 494478K->95022K(1074752K), 0.0035980 secs] [Times: user=0.01 sys=0.00, real=0.01 secs] 
2014-07-08T08:10:34.065+0000: 439.615: [GC [PSYoungGen: 387744K->352K(376128K)] 482350K->94998K(1063104K), 0.0060000 secs] [Times: user=0.02 sys=0.00, real=0.01 secs] 
2014-07-08T08:10:34.863+0000: 440.413: [GC [PSYoungGen: 376093K->160K(364800K)] 470740K->94870K(1051776K), 0.0072820 secs] [Times: user=0.03 sys=0.00, real=0.01 secs] 
2014-07-08T08:10:35.736+0000: 441.286: [GC [PSYoungGen: 364765K->484K(354496K)] 459475K->95226K(1041472K), 0.0037670 secs] [Times: user=0.01 sys=0.00, real=0.00 secs] 
2014-07-08T08:10:36.421+0000: 441.970: [GC [PSYoungGen: 354468K->658K(344448K)] 449210K->95512K(1031424K), 0.0090320 secs] [Times: user=0.03 sys=0.00, real=0.01 secs] 
2014-07-08T08:10:37.168+0000: 442.718: [GC [PSYoungGen: 344397K->544K(334528K)] 439251K->95430K(1021504K), 0.0110600 secs] [Times: user=0.04 sys=0.00, real=0.01 secs] 
2014-07-08T08:10:37.834+0000: 443.383: [GC [PSYoungGen: 334495K->370K(401152K)] 429382K->95320K(1088128K), 0.0261850 secs] [Times: user=0.09 sys=0.00, real=0.02 secs] 
2014-07-08T08:10:38.688+0000: 444.237: [GC [PSYoungGen: 401138K->160K(481152K)] 496088K->95158K(1168128K), 0.0056910 secs] [Times: user=0.02 sys=0.00, real=0.01 secs] 
2014-07-08T08:10:39.721+0000: 445.271: [GC [PSYoungGen: 481120K->192K(577344K)] 576118K->95222K(1264320K), 0.0095530 secs] [Times: user=0.04 sys=0.00, real=0.00 secs] 
2014-07-08T08:10:40.960+0000: 446.509: [GC [PSYoungGen: 577344K->224K(692864K)] 672374K->95294K(1379840K), 0.0064320 secs] [Times: user=0.01 sys=0.00, real=0.01 secs] 
2014-07-08T08:10:42.512+0000: 448.062: [GC [PSYoungGen: 692832K->320K(831488K)] 787902K->95470K(1518464K), 0.0251280 secs] [Times: user=0.08 sys=0.00, real=0.02 secs] 
2014-07-08T08:10:44.217+0000: 449.766: [GC [PSYoungGen: 831488K->804K(998272K)] 926638K->96146K(1685248K), 0.0073380 secs] [Times: user=0.01 sys=0.01, real=0.01 secs] 
2014-07-08T08:10:46.346+0000: 451.895: [GC [PSYoungGen: 998244K->608K(958464K)] 1093586K->96054K(1645440K), 0.0145740 secs] [Times: user=0.05 sys=0.00, real=0.01 secs] 
2014-07-08T08:10:48.528+0000: 454.078: [GC [PSYoungGen: 958432K->626K(920768K)] 1053878K->96160K(1607744K), 0.0049560 secs] [Times: user=0.02 sys=0.00, real=0.01 secs] 
2014-07-08T08:10:50.360+0000: 455.910: [GC [PSYoungGen: 920754K->708K(884992K)] 1016288K->96402K(1571968K), 0.0091470 secs] [Times: user=0.03 sys=0.00, real=0.01 secs] 
2014-07-08T08:10:52.231+0000: 457.781: [GC [PSYoungGen: 884932K->722K(850816K)] 980626K->96552K(1537792K), 0.0237840 secs] [Times: user=0.08 sys=0.00, real=0.03 secs] 
2014-07-08T08:10:54.032+0000: 459.582: [GC [PSYoungGen: 850766K->370K(817856K)] 946597K->96304K(1504832K), 0.0062000 secs] [Times: user=0.01 sys=0.00, real=0.01 secs] 
2014-07-08T08:10:55.775+0000: 461.325: [GC [PSYoungGen: 817839K->370K(786816K)] 913774K->96432K(1473792K), 0.0069890 secs] [Times: user=0.02 sys=0.00, real=0.00 secs] 
2014-07-08T08:10:57.549+0000: 463.098: [GC [PSYoungGen: 786802K->832K(757696K)] 882864K->97006K(1444672K), 0.0071470 secs] [Times: user=0.03 sys=0.00, real=0.01 secs] 
2014-07-08T08:10:59.069+0000: 464.619: [GC [PSYoungGen: 757696K->288K(728960K)] 853870K->96566K(1415936K), 0.0079270 secs] [Times: user=0.01 sys=0.00, real=0.01 secs] 
2014-07-08T08:11:00.620+0000: 466.169: [GC [PSYoungGen: 728928K->224K(702016K)] 825206K->96550K(1388992K), 0.0090970 secs] [Times: user=0.03 sys=0.00, real=0.01 secs] 
2014-07-08T08:11:02.174+0000: 467.723: [GC [PSYoungGen: 701984K->466K(676672K)] 798310K->96912K(1363648K), 0.0095340 secs] [Times: user=0.03 sys=0.00, real=0.01 secs] 
2014-07-08T08:11:03.628+0000: 469.177: [GC [PSYoungGen: 676626K->868K(652608K)] 773072K->97466K(1339584K), 0.0052450 secs] [Times: user=0.01 sys=0.01, real=0.00 secs] 
2014-07-08T08:11:04.953+0000: 470.502: [GC [PSYoungGen: 652580K->224K(628672K)] 749178K->96958K(1315648K), 0.0052850 secs] [Times: user=0.01 sys=0.00, real=0.01 secs] 
2014-07-08T08:11:06.309+0000: 471.858: [GC [PSYoungGen: 628640K->480K(606656K)] 725374K->97270K(1293632K), 0.0070890 secs] [Times: user=0.01 sys=0.00, real=0.01 secs] 
2014-07-08T08:11:07.717+0000: 473.267: [GC [PSYoungGen: 606624K->946K(585856K)] 703414K->97776K(1272832K), 0.0069570 secs] [Times: user=0.01 sys=0.00, real=0.00 secs] 
2014-07-08T08:11:08.830+0000: 474.379: [GC [PSYoungGen: 585836K->342K(564992K)] 682666K->97252K(1251968K), 0.0127930 secs] [Times: user=0.04 sys=0.00, real=0.01 secs] 
2014-07-08T08:11:10.039+0000: 475.588: [GC [PSYoungGen: 564950K->342K(545664K)] 661860K->97308K(1232640K), 0.0097270 secs] [Times: user=0.04 sys=0.00, real=0.01 secs] 
2014-07-08T08:11:11.208+0000: 476.757: [GC [PSYoungGen: 545622K->484K(527296K)] 642588K->97514K(1214272K), 0.0046050 secs] [Times: user=0.02 sys=0.00, real=0.00 secs] 
2014-07-08T08:11:12.328+0000: 477.878: [GC [PSYoungGen: 527268K->480K(509632K)] 624298K->97614K(1196608K), 0.0073310 secs] [Times: user=0.01 sys=0.00, real=0.00 secs] 
2014-07-08T08:11:13.434+0000: 478.983: [GC [PSYoungGen: 509600K->850K(493120K)] 606734K->98064K(1180096K), 0.0081400 secs] [Times: user=0.03 sys=0.00, real=0.01 secs] 
2014-07-08T08:11:14.485+0000: 480.034: [GC [PSYoungGen: 493074K->676K(476800K)] 590288K->97986K(1163776K), 0.0055310 secs] [Times: user=0.02 sys=0.00, real=0.01 secs] 
2014-07-08T08:11:15.490+0000: 481.039: [GC [PSYoungGen: 476772K->562K(461248K)] 574082K->97960K(1148224K), 0.0125730 secs] [Times: user=0.03 sys=0.01, real=0.01 secs] 
2014-07-08T08:11:16.473+0000: 482.022: [GC [PSYoungGen: 461180K->608K(446592K)] 558578K->98046K(1133568K), 0.0076810 secs] [Times: user=0.02 sys=0.01, real=0.01 secs] 
2014-07-08T08:11:17.411+0000: 482.961: [GC [PSYoungGen: 446473K->626K(432512K)] 543912K->98096K(1119488K), 0.0042740 secs] [Times: user=0.02 sys=0.00, real=0.00 secs] 
2014-07-08T08:11:18.332+0000: 483.881: [GC [PSYoungGen: 432498K->544K(418944K)] 529968K->98046K(1105920K), 0.0054310 secs] [Times: user=0.01 sys=0.00, real=0.01 secs] 
2014-07-08T08:11:19.213+0000: 484.762: [GC [PSYoungGen: 418912K->160K(405632K)] 516414K->97718K(1092608K), 0.0041540 secs] [Times: user=0.01 sys=0.00, real=0.01 secs] 
2014-07-08T08:11:20.077+0000: 485.626: [GC [PSYoungGen: 405600K->192K(393280K)] 503158K->97766K(1080256K), 0.0040160 secs] [Times: user=0.01 sys=0.00, real=0.01 secs] 
2014-07-08T08:11:20.925+0000: 486.474: [GC [PSYoungGen: 393280K->538K(381824K)] 490854K->98184K(1068800K), 0.0061170 secs] [Times: user=0.00 sys=0.00, real=0.01 secs] 
2014-07-08T08:11:21.731+0000: 487.280: [GC [PSYoungGen: 381785K->160K(370112K)] 479432K->97926K(1057088K), 0.0040210 secs] [Times: user=0.01 sys=0.00, real=0.00 secs] 
2014-07-08T08:11:22.564+0000: 488.113: [GC [PSYoungGen: 370080K->640K(359680K)] 467846K->98478K(1046656K), 0.0037040 secs] [Times: user=0.01 sys=0.00, real=0.00 secs] 
2014-07-08T08:11:23.300+0000: 488.849: [GC [PSYoungGen: 359680K->512K(349120K)] 457518K->98398K(1036096K), 0.0050490 secs] [Times: user=0.01 sys=0.00, real=0.00 secs] 
2014-07-08T08:11:24.037+0000: 489.586: [GC [PSYoungGen: 349036K->192K(338816K)] 446923K->98134K(1025792K), 0.0033150 secs] [Times: user=0.01 sys=0.00, real=0.01 secs] 
2014-07-08T08:11:24.759+0000: 490.308: [GC [PSYoungGen: 338789K->342K(329408K)] 436731K->98348K(1016384K), 0.0068670 secs] [Times: user=0.02 sys=0.00, real=0.00 secs] 
2014-07-08T08:11:25.480+0000: 491.029: [GC [PSYoungGen: 329363K->576K(320384K)] 427369K->98614K(1007360K), 0.0057130 secs] [Times: user=0.01 sys=0.00, real=0.00 secs] 
2014-07-08T08:11:26.145+0000: 491.694: [GC [PSYoungGen: 320384K->160K(311168K)] 418422K->98230K(998144K), 0.0083480 secs] [Times: user=0.03 sys=0.00, real=0.01 secs] 
2014-07-08T08:11:26.859+0000: 492.409: [GC [PSYoungGen: 311136K->256K(302784K)] 409206K->98350K(989760K), 0.0098970 secs] [Times: user=0.03 sys=0.01, real=0.01 secs] 
2014-07-08T08:11:27.506+0000: 493.056: [GC [PSYoungGen: 302784K->544K(294976K)] 400878K->98726K(981952K), 0.0039790 secs] [Times: user=0.01 sys=0.00, real=0.01 secs] 
2014-07-08T08:11:28.077+0000: 493.627: [GC [PSYoungGen: 294944K->470K(353792K)] 393126K->98692K(1040768K), 0.0088530 secs] [Times: user=0.03 sys=0.00, real=0.01 secs] 
2014-07-08T08:11:28.839+0000: 494.389: [GC [PSYoungGen: 353750K->260K(343424K)] 451972K->98514K(1030400K), 0.0034990 secs] [Times: user=0.01 sys=0.00, real=0.00 secs] 
2014-07-08T08:11:29.580+0000: 495.129: [GC [PSYoungGen: 343364K->416K(333760K)] 441618K->98702K(1020736K), 0.0084970 secs] [Times: user=0.03 sys=0.00, real=0.00 secs] 
2014-07-08T08:11:30.290+0000: 495.839: [GC [PSYoungGen: 333709K->516K(400576K)] 431995K->98834K(1087552K), 0.0095290 secs] [Times: user=0.04 sys=0.00, real=0.01 secs] 
2014-07-08T08:11:31.151+0000: 496.701: [GC [PSYoungGen: 400516K->480K(388352K)] 498834K->98886K(1075328K), 0.0028040 secs] [Times: user=0.01 sys=0.00, real=0.00 secs] 
2014-07-08T08:11:31.963+0000: 497.513: [GC [PSYoungGen: 388320K->274K(376512K)] 486726K->98744K(1063488K), 0.0045200 secs] [Times: user=0.01 sys=0.00, real=0.00 secs] 
2014-07-08T08:11:32.897+0000: 498.446: [GC [PSYoungGen: 376408K->594K(365696K)] 474879K->99128K(1052672K), 0.0095990 secs] [Times: user=0.03 sys=0.00, real=0.01 secs] 
2014-07-08T08:11:33.620+0000: 499.169: [GC [PSYoungGen: 365650K->224K(354624K)] 464184K->98870K(1041600K), 0.0043440 secs] [Times: user=0.01 sys=0.00, real=0.00 secs] 
2014-07-08T08:11:34.306+0000: 499.856: [GC [PSYoungGen: 354585K->320K(344448K)] 453232K->99038K(1031424K), 0.0082080 secs] [Times: user=0.01 sys=0.00, real=0.01 secs] 
2014-07-08T08:11:35.040+0000: 500.589: [GC [PSYoungGen: 344448K->128K(413120K)] 443166K->98870K(1100096K), 0.0107610 secs] [Times: user=0.03 sys=0.00, real=0.02 secs] 
2014-07-08T08:11:35.924+0000: 501.474: [GC [PSYoungGen: 413120K->320K(496448K)] 511862K->99126K(1183424K), 0.0120990 secs] [Times: user=0.05 sys=0.00, real=0.01 secs] 
2014-07-08T08:11:36.979+0000: 502.528: [GC [PSYoungGen: 495929K->192K(479552K)] 594735K->99046K(1166528K), 0.0031860 secs] [Times: user=0.01 sys=0.00, real=0.01 secs] 
2014-07-08T08:11:38.073+0000: 503.622: [GC [PSYoungGen: 479541K->704K(464512K)] 578395K->99582K(1151488K), 0.0036950 secs] [Times: user=0.01 sys=0.00, real=0.00 secs] 
2014-07-08T08:11:39.070+0000: 504.620: [GC [PSYoungGen: 464512K->416K(449408K)] 563390K->99374K(1136384K), 0.0063050 secs] [Times: user=0.01 sys=0.00, real=0.00 secs] 
2014-07-08T08:11:39.956+0000: 505.505: [GC [PSYoungGen: 449376K->192K(434944K)] 548334K->99230K(1121920K), 0.0098740 secs] [Times: user=0.03 sys=0.00, real=0.01 secs] 
2014-07-08T08:11:40.884+0000: 506.434: [GC [PSYoungGen: 434944K->224K(421376K)] 533982K->99326K(1108352K), 0.0029390 secs] [Times: user=0.01 sys=0.00, real=0.00 secs] 
2014-07-08T08:11:41.781+0000: 507.330: [GC [PSYoungGen: 421340K->320K(408384K)] 520443K->99526K(1095360K), 0.0168210 secs] [Times: user=0.06 sys=0.00, real=0.02 secs] 
2014-07-08T08:11:42.658+0000: 508.208: [GC [PSYoungGen: 408381K->128K(395712K)] 507588K->99398K(1082688K), 0.0043310 secs] [Times: user=0.01 sys=0.00, real=0.01 secs] 
2014-07-08T08:11:43.504+0000: 509.053: [GC [PSYoungGen: 395712K->192K(383808K)] 494982K->99502K(1070784K), 0.0037720 secs] [Times: user=0.01 sys=0.00, real=0.00 secs] 
2014-07-08T08:11:44.321+0000: 509.871: [GC [PSYoungGen: 383808K->288K(372480K)] 483118K->99686K(1059456K), 0.0066530 secs] [Times: user=0.01 sys=0.00, real=0.00 secs] 
2014-07-08T08:11:45.126+0000: 510.676: [GC [PSYoungGen: 372448K->192K(361408K)] 471846K->99614K(1048384K), 0.0032940 secs] [Times: user=0.01 sys=0.00, real=0.00 secs] 
2014-07-08T08:11:45.887+0000: 511.436: [GC [PSYoungGen: 361408K->292K(351040K)] 460830K->99786K(1038016K), 0.0047280 secs] [Times: user=0.02 sys=0.00, real=0.01 secs] 
2014-07-08T08:11:46.655+0000: 512.204: [GC [PSYoungGen: 351005K->288K(340992K)] 450500K->99830K(1027968K), 0.0094330 secs] [Times: user=0.03 sys=0.00, real=0.01 secs] 
2014-07-08T08:11:47.376+0000: 512.926: [GC [PSYoungGen: 340892K->612K(409472K)] 440435K->100234K(1096448K), 0.0184950 secs] [Times: user=0.06 sys=0.01, real=0.02 secs] 
2014-07-08T08:11:48.258+0000: 513.807: [GC [PSYoungGen: 409441K->530K(491200K)] 509064K->100168K(1178176K), 0.0046580 secs] [Times: user=0.02 sys=0.00, real=0.01 secs] 
2014-07-08T08:11:49.297+0000: 514.846: [GC [PSYoungGen: 491146K->384K(474944K)] 590784K->100118K(1161920K), 0.0082830 secs] [Times: user=0.02 sys=0.01, real=0.01 secs] 
2014-07-08T08:11:50.318+0000: 515.867: [GC [PSYoungGen: 474890K->512K(459712K)] 574624K->100278K(1146688K), 0.0107530 secs] [Times: user=0.04 sys=0.00, real=0.01 secs] 
2014-07-08T08:11:51.306+0000: 516.855: [GC [PSYoungGen: 459712K->416K(444992K)] 559478K->100262K(1131968K), 0.0098110 secs] [Times: user=0.03 sys=0.00, real=0.01 secs] 
2014-07-08T08:11:52.247+0000: 517.796: [GC [PSYoungGen: 444960K->384K(430912K)] 544806K->100350K(1117888K), 0.0049770 secs] [Times: user=0.01 sys=0.00, real=0.00 secs] 
2014-07-08T08:11:53.190+0000: 518.740: [GC [PSYoungGen: 430911K->420K(417536K)] 530878K->100442K(1104512K), 0.0110810 secs] [Times: user=0.04 sys=0.00, real=0.01 secs] 
2014-07-08T08:11:54.065+0000: 519.614: [GC [PSYoungGen: 417451K->292K(404544K)] 517474K->100394K(1091520K), 0.0043910 secs] [Times: user=0.02 sys=0.00, real=0.00 secs] 
2014-07-08T08:11:54.923+0000: 520.473: [GC [PSYoungGen: 404516K->384K(392320K)] 504618K->100542K(1079296K), 0.0040830 secs] [Times: user=0.01 sys=0.00, real=0.00 secs] 
2014-07-08T08:11:55.756+0000: 521.305: [GC [PSYoungGen: 392320K->192K(380352K)] 492478K->100390K(1067328K), 0.0031150 secs] [Times: user=0.01 sys=0.00, real=0.00 secs] 
2014-07-08T08:11:56.589+0000: 522.138: [GC [PSYoungGen: 380352K->384K(369216K)] 480550K->100614K(1056192K), 0.0040420 secs] [Times: user=0.01 sys=0.00, real=0.00 secs] 
2014-07-08T08:11:57.418+0000: 522.967: [GC [PSYoungGen: 369216K->640K(358656K)] 469446K->101126K(1045632K), 0.0060740 secs] [Times: user=0.01 sys=0.00, real=0.01 secs] 
2014-07-08T08:11:58.171+0000: 523.721: [GC [PSYoungGen: 358656K->320K(347968K)] 459142K->101510K(1034944K), 0.0088010 secs] [Times: user=0.03 sys=0.00, real=0.01 secs] 
2014-07-08T08:11:58.853+0000: 524.402: [GC [PSYoungGen: 347968K->320K(338048K)] 449158K->101614K(1025024K), 0.0054360 secs] [Times: user=0.01 sys=0.01, real=0.00 secs] 
2014-07-08T08:11:59.599+0000: 525.148: [GC [PSYoungGen: 338048K->274K(328512K)] 439342K->101752K(1015488K), 0.0086730 secs] [Times: user=0.03 sys=0.00, real=0.01 secs] 
2014-07-08T08:12:00.290+0000: 525.840: [GC [PSYoungGen: 328466K->612K(319680K)] 429944K->102130K(1006656K), 0.0046470 secs] [Times: user=0.01 sys=0.00, real=0.01 secs] 
2014-07-08T08:12:00.960+0000: 526.509: [GC [PSYoungGen: 319645K->374K(383232K)] 421164K->101940K(1070208K), 0.0146460 secs] [Times: user=0.05 sys=0.00, real=0.02 secs] 
2014-07-08T08:12:01.778+0000: 527.327: [GC [PSYoungGen: 383175K->388K(459904K)] 484742K->102026K(1146880K), 0.0101330 secs] [Times: user=0.04 sys=0.01, real=0.01 secs] 
2014-07-08T08:12:02.769+0000: 528.319: [GC [PSYoungGen: 459842K->160K(551552K)] 561480K->101862K(1238528K), 0.0059370 secs] [Times: user=0.01 sys=0.00, real=0.01 secs] 
2014-07-08T08:12:03.991+0000: 529.540: [GC [PSYoungGen: 551520K->224K(532864K)] 653222K->101998K(1219840K), 0.0089640 secs] [Times: user=0.03 sys=0.00, real=0.01 secs] 
2014-07-08T08:12:05.076+0000: 530.625: [GC [PSYoungGen: 532832K->128K(639296K)] 634606K->101998K(1326272K), 0.0150030 secs] [Times: user=0.04 sys=0.00, real=0.01 secs] 
2014-07-08T08:12:06.460+0000: 532.010: [GC [PSYoungGen: 639296K->416K(767488K)] 741166K->102342K(1454464K), 0.0165650 secs] [Times: user=0.06 sys=0.01, real=0.02 secs] 
2014-07-08T08:12:08.097+0000: 533.647: [GC [PSYoungGen: 767450K->370K(738752K)] 869376K->102360K(1425728K), 0.0071510 secs] [Times: user=0.02 sys=0.00, real=0.00 secs] 
2014-07-08T08:12:09.710+0000: 535.260: [GC [PSYoungGen: 738691K->744K(711808K)] 840682K->102806K(1398784K), 0.0065070 secs] [Times: user=0.03 sys=0.00, real=0.01 secs] 
2014-07-08T08:12:11.190+0000: 536.739: [GC [PSYoungGen: 711784K->192K(685184K)] 813846K->102406K(1372160K), 0.0105930 secs] [Times: user=0.04 sys=0.00, real=0.01 secs] 
2014-07-08T08:12:12.670+0000: 538.220: [GC [PSYoungGen: 685184K->288K(660480K)] 787398K->102638K(1347456K), 0.0236900 secs] [Times: user=0.08 sys=0.00, real=0.02 secs] 
2014-07-08T08:12:14.058+0000: 539.607: [GC [PSYoungGen: 660448K->160K(636672K)] 762798K->102614K(1323648K), 0.0074200 secs] [Times: user=0.01 sys=0.00, real=0.01 secs] 
2014-07-08T08:12:15.435+0000: 540.985: [GC [PSYoungGen: 636632K->790K(614720K)] 739086K->103364K(1301696K), 0.0087290 secs] [Times: user=0.03 sys=0.00, real=0.01 secs] 
2014-07-08T08:12:16.850+0000: 542.400: [GC [PSYoungGen: 614678K->608K(592960K)] 717252K->103238K(1279936K), 0.0035810 secs] [Times: user=0.01 sys=0.00, real=0.00 secs] 
2014-07-08T08:12:18.021+0000: 543.571: [GC [PSYoungGen: 592928K->448K(572160K)] 695558K->103222K(1259136K), 0.0087100 secs] [Times: user=0.03 sys=0.00, real=0.01 secs] 
2014-07-08T08:12:19.217+0000: 544.767: [GC [PSYoungGen: 572160K->384K(552448K)] 674934K->103222K(1239424K), 0.0047920 secs] [Times: user=0.01 sys=0.00, real=0.00 secs] 
2014-07-08T08:12:20.388+0000: 545.938: [GC [PSYoungGen: 552448K->480K(533760K)] 655286K->103390K(1220736K), 0.0096150 secs] [Times: user=0.04 sys=0.00, real=0.01 secs] 
2014-07-08T08:12:21.550+0000: 547.100: [GC [PSYoungGen: 533728K->530K(515904K)] 636638K->103536K(1202880K), 0.0053340 secs] [Times: user=0.01 sys=0.01, real=0.00 secs] 
2014-07-08T08:12:22.699+0000: 548.249: [GC [PSYoungGen: 515858K->708K(498944K)] 618864K->103818K(1185920K), 0.0062300 secs] [Times: user=0.01 sys=0.00, real=0.00 secs] 
2014-07-08T08:12:23.721+0000: 549.270: [GC [PSYoungGen: 498884K->352K(598208K)] 601994K->103566K(1285184K), 0.0257330 secs] [Times: user=0.09 sys=0.00, real=0.02 secs] 
2014-07-08T08:12:24.964+0000: 550.514: [GC [PSYoungGen: 598176K->292K(577280K)] 701390K->103586K(1264256K), 0.0045350 secs] [Times: user=0.01 sys=0.00, real=0.01 secs] 
2014-07-08T08:12:26.202+0000: 551.751: [GC [PSYoungGen: 577238K->288K(692672K)] 680533K->103654K(1379648K), 0.0368090 secs] [Times: user=0.13 sys=0.01, real=0.04 secs] 
2014-07-08T08:12:27.686+0000: 553.236: [GC [PSYoungGen: 692543K->474K(831360K)] 795909K->103880K(1518336K), 0.0061510 secs] [Times: user=0.01 sys=0.00, real=0.01 secs] 
2014-07-08T08:12:29.539+0000: 555.089: [GC [PSYoungGen: 831322K->566K(997632K)] 934728K->104076K(1684608K), 0.0157630 secs] [Times: user=0.06 sys=0.01, real=0.01 secs] 
2014-07-08T08:12:31.599+0000: 557.148: [GC [PSYoungGen: 997554K->470K(958016K)] 1101065K->104076K(1644992K), 0.0071370 secs] [Times: user=0.01 sys=0.00, real=0.00 secs] 
2014-07-08T08:12:33.684+0000: 559.234: [GC [PSYoungGen: 957974K->754K(920576K)] 1061580K->104824K(1607552K), 0.0087510 secs] [Times: user=0.01 sys=0.00, real=0.01 secs] 
2014-07-08T08:12:35.590+0000: 561.139: [GC [PSYoungGen: 920562K->384K(884288K)] 1024632K->104558K(1571264K), 0.0070350 secs] [Times: user=0.01 sys=0.00, real=0.00 secs] 
2014-07-08T08:12:37.484+0000: 563.033: [GC [PSYoungGen: 884288K->576K(850304K)] 988462K->104934K(1537280K), 0.0071920 secs] [Times: user=0.01 sys=0.00, real=0.01 secs] 
2014-07-08T08:12:39.278+0000: 564.827: [GC [PSYoungGen: 850304K->562K(817728K)] 954662K->105000K(1504704K), 0.0046840 secs] [Times: user=0.02 sys=0.00, real=0.01 secs] 
2014-07-08T08:12:41.064+0000: 566.613: [GC [PSYoungGen: 817714K->416K(786560K)] 922152K->104918K(1473536K), 0.0037920 secs] [Times: user=0.01 sys=0.00, real=0.00 secs] 
2014-07-08T08:12:42.707+0000: 568.256: [GC [PSYoungGen: 786470K->452K(757056K)] 890973K->105146K(1444032K), 0.0083220 secs] [Times: user=0.03 sys=0.00, real=0.01 secs] 
2014-07-08T08:12:44.300+0000: 569.849: [GC [PSYoungGen: 756992K->662K(729088K)] 861687K->105460K(1416064K), 0.0058350 secs] [Times: user=0.02 sys=0.00, real=0.00 secs] 
2014-07-08T08:12:45.850+0000: 571.400: [GC [PSYoungGen: 729046K->210K(701760K)] 833844K->105088K(1388736K), 0.0060940 secs] [Times: user=0.01 sys=0.00, real=0.00 secs] 
2014-07-08T08:12:47.387+0000: 572.936: [GC [PSYoungGen: 701714K->900K(676864K)] 806592K->105826K(1363840K), 0.0056620 secs] [Times: user=0.02 sys=0.00, real=0.01 secs] 
2014-07-08T08:12:48.832+0000: 574.381: [GC [PSYoungGen: 676804K->1056K(652544K)] 781730K->106038K(1339520K), 0.0062120 secs] [Times: user=0.02 sys=0.00, real=0.01 secs] 
2014-07-08T08:12:50.169+0000: 575.718: [GC [PSYoungGen: 652512K->192K(628352K)] 757494K->105320K(1315328K), 0.0090400 secs] [Times: user=0.03 sys=0.00, real=0.01 secs] 
2014-07-08T08:12:51.541+0000: 577.090: [GC [PSYoungGen: 628352K->644K(606656K)] 733480K->105860K(1293632K), 0.0100070 secs] [Times: user=0.03 sys=0.00, real=0.01 secs] 
2014-07-08T08:12:52.801+0000: 578.350: [GC [PSYoungGen: 606589K->128K(584832K)] 711806K->105464K(1271808K), 0.0132430 secs] [Times: user=0.05 sys=0.00, real=0.02 secs] 
2014-07-08T08:12:54.155+0000: 579.705: [GC [PSYoungGen: 584832K->512K(565632K)] 690168K->105928K(1252608K), 0.0278380 secs] [Times: user=0.10 sys=0.00, real=0.03 secs] 
2014-07-08T08:12:55.265+0000: 580.814: [GC [PSYoungGen: 564836K->662K(545792K)] 670253K->106198K(1232768K), 0.0041310 secs] [Times: user=0.01 sys=0.00, real=0.00 secs] 
2014-07-08T08:12:56.428+0000: 581.978: [GC [PSYoungGen: 545750K->512K(527104K)] 651286K->106136K(1214080K), 0.0068370 secs] [Times: user=0.01 sys=0.01, real=0.01 secs] 
2014-07-08T08:12:57.568+0000: 583.118: [GC [PSYoungGen: 527104K->644K(509632K)] 632728K->106324K(1196608K), 0.0084970 secs] [Times: user=0.02 sys=0.00, real=0.01 secs] 
2014-07-08T08:12:58.639+0000: 584.188: [GC [PSYoungGen: 509572K->160K(492288K)] 615252K->105872K(1179264K), 0.0053050 secs] [Times: user=0.01 sys=0.00, real=0.01 secs] 
2014-07-08T08:12:59.791+0000: 585.341: [GC [PSYoungGen: 492181K->822K(476800K)] 597894K->106566K(1163776K), 0.0121940 secs] [Times: user=0.04 sys=0.00, real=0.02 secs] 
2014-07-08T08:13:00.705+0000: 586.254: [GC [PSYoungGen: 476787K->274K(460864K)] 582532K->106130K(1147840K), 0.0124910 secs] [Times: user=0.04 sys=0.00, real=0.01 secs] 
2014-07-08T08:13:01.685+0000: 587.234: [GC [PSYoungGen: 460818K->242K(446080K)] 566674K->106178K(1133056K), 0.0043810 secs] [Times: user=0.01 sys=0.00, real=0.00 secs] 
2014-07-08T08:13:02.659+0000: 588.209: [GC [PSYoungGen: 446066K->352K(432128K)] 552002K->106368K(1119104K), 0.0121050 secs] [Times: user=0.03 sys=0.00, real=0.01 secs] 
2014-07-08T08:13:03.568+0000: 589.118: [GC [PSYoungGen: 432096K->160K(418432K)] 538112K->106232K(1105408K), 0.0112280 secs] [Times: user=0.04 sys=0.01, real=0.01 secs] 
2014-07-08T08:13:04.477+0000: 590.026: [GC [PSYoungGen: 418400K->580K(405952K)] 524472K->106708K(1092928K), 0.0039990 secs] [Times: user=0.01 sys=0.00, real=0.00 secs] 
2014-07-08T08:13:05.329+0000: 590.878: [GC [PSYoungGen: 405892K->352K(393344K)] 512020K->106544K(1080320K), 0.0046060 secs] [Times: user=0.01 sys=0.00, real=0.01 secs] 
2014-07-08T08:13:06.166+0000: 591.715: [GC [PSYoungGen: 393310K->438K(381568K)] 499502K->106662K(1068544K), 0.0038970 secs] [Times: user=0.01 sys=0.00, real=0.00 secs] 
2014-07-08T08:13:06.976+0000: 592.526: [GC [PSYoungGen: 381558K->96K(369920K)] 487782K->106384K(1056896K), 0.0076130 secs] [Times: user=0.01 sys=0.00, real=0.01 secs] 
2014-07-08T08:13:07.769+0000: 593.319: [GC [PSYoungGen: 369888K->192K(359104K)] 476176K->106520K(1046080K), 0.0094480 secs] [Times: user=0.03 sys=0.00, real=0.01 secs] 
2014-07-08T08:13:08.567+0000: 594.117: [GC [PSYoungGen: 359102K->480K(431232K)] 465431K->106832K(1118208K), 0.0125410 secs] [Times: user=0.05 sys=0.01, real=0.01 secs] 
2014-07-08T08:13:09.516+0000: 595.065: [GC [PSYoungGen: 431200K->736K(418048K)] 537552K->107120K(1105024K), 0.0078870 secs] [Times: user=0.02 sys=0.00, real=0.00 secs] 
2014-07-08T08:13:10.364+0000: 595.914: [GC [PSYoungGen: 418016K->448K(501184K)] 524400K->106920K(1188160K), 0.0110740 secs] [Times: user=0.04 sys=0.00, real=0.01 secs] 
2014-07-08T08:13:11.459+0000: 597.008: [GC [PSYoungGen: 501108K->794K(601728K)] 607581K->107354K(1288704K), 0.0194780 secs] [Times: user=0.08 sys=0.00, real=0.02 secs] 
2014-07-08T08:13:12.728+0000: 598.277: [GC [PSYoungGen: 601690K->320K(721408K)] 708250K->106984K(1408384K), 0.0083950 secs] [Times: user=0.03 sys=0.00, real=0.01 secs] 
2014-07-08T08:13:14.309+0000: 599.858: [GC [PSYoungGen: 721408K->544K(695104K)] 828072K->107320K(1382080K), 0.0110520 secs] [Times: user=0.03 sys=0.01, real=0.01 secs] 
2014-07-08T08:13:15.741+0000: 601.290: [GC [PSYoungGen: 695072K->274K(669568K)] 801848K->107122K(1356544K), 0.0070390 secs] [Times: user=0.02 sys=0.00, real=0.01 secs] 
2014-07-08T08:13:17.176+0000: 602.725: [GC [PSYoungGen: 669522K->96K(645248K)] 776370K->106992K(1332224K), 0.0056350 secs] [Times: user=0.01 sys=0.00, real=0.00 secs] 
2014-07-08T08:13:18.570+0000: 604.119: [GC [PSYoungGen: 645216K->352K(622464K)] 752112K->107280K(1309440K), 0.0064970 secs] [Times: user=0.01 sys=0.00, real=0.01 secs] 
2014-07-08T08:13:19.950+0000: 605.499: [GC [PSYoungGen: 622432K->288K(600448K)] 729360K->107240K(1287424K), 0.0075160 secs] [Times: user=0.01 sys=0.00, real=0.01 secs] 
2014-07-08T08:13:21.172+0000: 606.721: [GC [PSYoungGen: 600416K->448K(579648K)] 707368K->107552K(1266624K), 0.0056310 secs] [Times: user=0.02 sys=0.00, real=0.01 secs] 
2014-07-08T08:13:22.438+0000: 607.987: [GC [PSYoungGen: 579648K->644K(559872K)] 686752K->107852K(1246848K), 0.0066660 secs] [Times: user=0.01 sys=0.00, real=0.00 secs] 
2014-07-08T08:13:23.639+0000: 609.188: [GC [PSYoungGen: 559812K->224K(540288K)] 667020K->107520K(1227264K), 0.0069410 secs] [Times: user=0.01 sys=0.00, real=0.01 secs] 
2014-07-08T08:13:24.916+0000: 610.465: [GC [PSYoungGen: 540256K->772K(522624K)] 647552K->108164K(1209600K), 0.0065600 secs] [Times: user=0.01 sys=0.01, real=0.01 secs] 
2014-07-08T08:13:25.909+0000: 611.458: [GC [PSYoungGen: 522564K->242K(504640K)] 629956K->107754K(1191616K), 0.0115310 secs] [Times: user=0.04 sys=0.01, real=0.01 secs] 
2014-07-08T08:13:26.966+0000: 612.516: [GC [PSYoungGen: 504626K->484K(488256K)] 612138K->108084K(1175232K), 0.0064160 secs] [Times: user=0.01 sys=0.00, real=0.01 secs] 
2014-07-08T08:13:28.015+0000: 613.564: [GC [PSYoungGen: 488228K->224K(472064K)] 595828K->107872K(1159040K), 0.0057010 secs] [Times: user=0.01 sys=0.00, real=0.01 secs] 
2014-07-08T08:13:29.023+0000: 614.572: [GC [PSYoungGen: 472032K->210K(456832K)] 579680K->107906K(1143808K), 0.0100360 secs] [Times: user=0.03 sys=0.00, real=0.01 secs] 
2014-07-08T08:13:30.001+0000: 615.551: [GC [PSYoungGen: 456786K->288K(442368K)] 564482K->108008K(1129344K), 0.0137470 secs] [Times: user=0.05 sys=0.00, real=0.01 secs] 
2014-07-08T08:13:31.028+0000: 616.577: [GC [PSYoungGen: 442336K->384K(428480K)] 550056K->108200K(1115456K), 0.0060800 secs] [Times: user=0.02 sys=0.00, real=0.00 secs] 
2014-07-08T08:13:31.897+0000: 617.446: [GC [PSYoungGen: 428480K->320K(415104K)] 536296K->108280K(1102080K), 0.0077330 secs] [Times: user=0.03 sys=0.00, real=0.01 secs] 
2014-07-08T08:13:32.792+0000: 618.341: [GC [PSYoungGen: 415104K->466K(402560K)] 523064K->108538K(1089536K), 0.0087070 secs] [Times: user=0.03 sys=0.00, real=0.01 secs] 
2014-07-08T08:13:33.650+0000: 619.199: [GC [PSYoungGen: 402438K->470K(390336K)] 510510K->108622K(1077312K), 0.0062930 secs] [Times: user=0.01 sys=0.00, real=0.00 secs] 
2014-07-08T08:13:34.552+0000: 620.102: [GC [PSYoungGen: 390291K->754K(378880K)] 498443K->109234K(1065856K), 0.0075910 secs] [Times: user=0.02 sys=0.00, real=0.01 secs] 
2014-07-08T08:13:35.267+0000: 620.816: [GC [PSYoungGen: 378777K->292K(367232K)] 487258K->109054K(1054208K), 0.0091800 secs] [Times: user=0.02 sys=0.00, real=0.01 secs] 
2014-07-08T08:13:36.038+0000: 621.587: [GC [PSYoungGen: 367204K->484K(440832K)] 475966K->109366K(1127808K), 0.0203250 secs] [Times: user=0.06 sys=0.00, real=0.03 secs] 
2014-07-08T08:13:37.023+0000: 622.573: [GC [PSYoungGen: 440804K->224K(528640K)] 549686K->109186K(1215616K), 0.0064810 secs] [Times: user=0.01 sys=0.01, real=0.01 secs] 
2014-07-08T08:13:38.112+0000: 623.662: [GC [PSYoungGen: 528532K->388K(511104K)] 637495K->109406K(1198080K), 0.0045270 secs] [Times: user=0.01 sys=0.00, real=0.00 secs] 
2014-07-08T08:13:39.204+0000: 624.753: [GC [PSYoungGen: 511014K->488K(613312K)] 620033K->109546K(1300288K), 0.0124570 secs] [Times: user=0.03 sys=0.00, real=0.01 secs] 
2014-07-08T08:13:40.545+0000: 626.095: [GC [PSYoungGen: 613288K->704K(591936K)] 722346K->109786K(1278912K), 0.0044450 secs] [Times: user=0.01 sys=0.00, real=0.01 secs] 
2014-07-08T08:13:41.774+0000: 627.323: [GC [PSYoungGen: 591936K->384K(571072K)] 701018K->109602K(1258048K), 0.0102020 secs] [Times: user=0.03 sys=0.00, real=0.01 secs] 
2014-07-08T08:13:43.052+0000: 628.601: [GC [PSYoungGen: 571072K->512K(551552K)] 680290K->109826K(1238528K), 0.0087330 secs] [Times: user=0.03 sys=0.00, real=0.01 secs] 
2014-07-08T08:13:44.167+0000: 629.717: [GC [PSYoungGen: 551552K->342K(532672K)] 660866K->109752K(1219648K), 0.0043300 secs] [Times: user=0.01 sys=0.00, real=0.01 secs] 
2014-07-08T08:13:45.314+0000: 630.863: [GC [PSYoungGen: 532630K->498K(514880K)] 642040K->109956K(1201856K), 0.0056480 secs] [Times: user=0.01 sys=0.00, real=0.01 secs] 
2014-07-08T08:13:46.413+0000: 631.962: [GC [PSYoungGen: 514866K->530K(497856K)] 624324K->110060K(1184832K), 0.0053670 secs] [Times: user=0.01 sys=0.01, real=0.00 secs] 
2014-07-08T08:13:47.500+0000: 633.050: [GC [PSYoungGen: 497810K->822K(481792K)] 607340K->110448K(1168768K), 0.0067330 secs] [Times: user=0.01 sys=0.00, real=0.00 secs] 
2014-07-08T08:13:48.517+0000: 634.066: [GC [PSYoungGen: 481782K->320K(465664K)] 591408K->110202K(1152640K), 0.0126350 secs] [Times: user=0.03 sys=0.00, real=0.01 secs] 
2014-07-08T08:13:49.561+0000: 635.110: [GC [PSYoungGen: 465664K->754K(451200K)] 575546K->110700K(1138176K), 0.0079740 secs] [Times: user=0.03 sys=0.00, real=0.00 secs] 
2014-07-08T08:13:50.463+0000: 636.013: [GC [PSYoungGen: 451087K->612K(436800K)] 561034K->110670K(1123776K), 0.0119980 secs] [Times: user=0.04 sys=0.00, real=0.01 secs] 
2014-07-08T08:13:51.394+0000: 636.943: [GC [PSYoungGen: 436772K->434K(523840K)] 546830K->110620K(1210816K), 0.0133390 secs] [Times: user=0.05 sys=0.00, real=0.01 secs] 
2014-07-08T08:13:52.534+0000: 638.083: [GC [PSYoungGen: 523826K->864K(506816K)] 634012K->111130K(1193792K), 0.0055340 secs] [Times: user=0.01 sys=0.00, real=0.00 secs] 
2014-07-08T08:13:53.605+0000: 639.155: [GC [PSYoungGen: 506784K->288K(489536K)] 617050K->110634K(1176512K), 0.0086950 secs] [Times: user=0.03 sys=0.00, real=0.01 secs] 
2014-07-08T08:13:54.692+0000: 640.241: [GC [PSYoungGen: 489421K->886K(587968K)] 599768K->111616K(1274944K), 0.0185410 secs] [Times: user=0.06 sys=0.01, real=0.01 secs] 
2014-07-08T08:13:55.920+0000: 641.469: [GC [PSYoungGen: 587958K->320K(567040K)] 698688K->111098K(1254016K), 0.0094850 secs] [Times: user=0.04 sys=0.00, real=0.01 secs] 
2014-07-08T08:13:57.095+0000: 642.644: [GC [PSYoungGen: 566956K->324K(680448K)] 677735K->111286K(1367424K), 0.0136540 secs] [Times: user=0.05 sys=0.00, real=0.01 secs] 
2014-07-08T08:13:58.585+0000: 644.134: [GC [PSYoungGen: 680388K->644K(656128K)] 791350K->111662K(1343104K), 0.0055350 secs] [Times: user=0.02 sys=0.00, real=0.00 secs] 
2014-07-08T08:13:59.953+0000: 645.502: [GC [PSYoungGen: 656068K->256K(632192K)] 767086K->111314K(1319168K), 0.0041660 secs] [Times: user=0.01 sys=0.00, real=0.00 secs] 
2014-07-08T08:14:01.301+0000: 646.851: [GC [PSYoungGen: 632192K->384K(609920K)] 743250K->111530K(1296896K), 0.0050050 secs] [Times: user=0.01 sys=0.00, real=0.01 secs] 
2014-07-08T08:14:02.637+0000: 648.186: [GC [PSYoungGen: 609914K->562K(588736K)] 721061K->111780K(1275712K), 0.0056200 secs] [Times: user=0.01 sys=0.00, real=0.01 secs] 
2014-07-08T08:14:03.861+0000: 649.410: [GC [PSYoungGen: 588722K->128K(567872K)] 699940K->111490K(1254848K), 0.0087200 secs] [Times: user=0.03 sys=0.00, real=0.01 secs] 
2014-07-08T08:14:05.082+0000: 650.631: [GC [PSYoungGen: 567872K->320K(548544K)] 679234K->111770K(1235520K), 0.0071160 secs] [Times: user=0.01 sys=0.00, real=0.01 secs] 
2014-07-08T08:14:06.246+0000: 651.796: [GC [PSYoungGen: 548544K->192K(529792K)] 659994K->111722K(1216768K), 0.0040670 secs] [Times: user=0.01 sys=0.01, real=0.00 secs] 
2014-07-08T08:14:07.382+0000: 652.932: [GC [PSYoungGen: 529792K->224K(512064K)] 641322K->111778K(1199040K), 0.0085420 secs] [Times: user=0.03 sys=0.00, real=0.01 secs] 
2014-07-08T08:14:08.534+0000: 654.083: [GC [PSYoungGen: 512031K->882K(495744K)] 623585K->112484K(1182720K), 0.0041310 secs] [Times: user=0.02 sys=0.00, real=0.00 secs] 
2014-07-08T08:14:09.570+0000: 655.119: [GC [PSYoungGen: 495730K->672K(479296K)] 607332K->112362K(1166272K), 0.0142710 secs] [Times: user=0.04 sys=0.00, real=0.02 secs] 
2014-07-08T08:14:10.586+0000: 656.136: [GC [PSYoungGen: 479264K->562K(463616K)] 590954K->112308K(1150592K), 0.0046900 secs] [Times: user=0.01 sys=0.00, real=0.00 secs] 
2014-07-08T08:14:11.573+0000: 657.122: [GC [PSYoungGen: 463602K->644K(448896K)] 575348K->112502K(1135872K), 0.0051990 secs] [Times: user=0.01 sys=0.00, real=0.01 secs] 
2014-07-08T08:14:12.522+0000: 658.072: [GC [PSYoungGen: 448836K->672K(434688K)] 560694K->112602K(1121664K), 0.0125770 secs] [Times: user=0.05 sys=0.00, real=0.02 secs] 
2014-07-08T08:14:13.451+0000: 659.000: [GC [PSYoungGen: 434656K->704K(521536K)] 546586K->112690K(1208512K), 0.0177400 secs] [Times: user=0.06 sys=0.00, real=0.02 secs] 
2014-07-08T08:14:14.568+0000: 660.117: [GC [PSYoungGen: 521536K->480K(503936K)] 633522K->112530K(1190912K), 0.0046810 secs] [Times: user=0.01 sys=0.00, real=0.00 secs] 
2014-07-08T08:14:15.621+0000: 661.171: [GC [PSYoungGen: 503904K->224K(487040K)] 615954K->112362K(1174016K), 0.0060890 secs] [Times: user=0.01 sys=0.00, real=0.01 secs] 
2014-07-08T08:14:16.690+0000: 662.240: [GC [PSYoungGen: 487007K->580K(471552K)] 599145K->112806K(1158528K), 0.0033090 secs] [Times: user=0.01 sys=0.00, real=0.00 secs] 
2014-07-08T08:14:17.649+0000: 663.199: [GC [PSYoungGen: 471488K->178K(565312K)] 583715K->112444K(1252288K), 0.0194380 secs] [Times: user=0.06 sys=0.00, real=0.02 secs] 
2014-07-08T08:14:18.869+0000: 664.418: [GC [PSYoungGen: 565298K->96K(545856K)] 677564K->112386K(1232832K), 0.0054710 secs] [Times: user=0.01 sys=0.00, real=0.01 secs] 
2014-07-08T08:14:20.112+0000: 665.661: [GC [PSYoungGen: 545824K->680K(527936K)] 658114K->113010K(1214912K), 0.0074880 secs] [Times: user=0.01 sys=0.00, real=0.01 secs] 
2014-07-08T08:14:21.150+0000: 666.699: [GC [PSYoungGen: 527912K->256K(509824K)] 640242K->112722K(1196800K), 0.0130090 secs] [Times: user=0.05 sys=0.00, real=0.01 secs] 
2014-07-08T08:14:22.248+0000: 667.798: [GC [PSYoungGen: 509824K->288K(492992K)] 622290K->112850K(1179968K), 0.0095370 secs] [Times: user=0.04 sys=0.00, real=0.01 secs] 
2014-07-08T08:14:23.304+0000: 668.853: [GC [PSYoungGen: 492960K->448K(476992K)] 605522K->113074K(1163968K), 0.0048280 secs] [Times: user=0.01 sys=0.00, real=0.01 secs] 
2014-07-08T08:14:24.318+0000: 669.867: [GC [PSYoungGen: 476979K->562K(461696K)] 589605K->113252K(1148672K), 0.0110700 secs] [Times: user=0.03 sys=0.00, real=0.01 secs] 
2014-07-08T08:14:25.410+0000: 670.960: [GC [PSYoungGen: 461682K->1010K(554368K)] 574372K->113788K(1241344K), 0.0188230 secs] [Times: user=0.07 sys=0.00, real=0.02 secs] 
2014-07-08T08:14:26.495+0000: 672.044: [GC [PSYoungGen: 554354K->498K(664576K)] 667132K->113454K(1351552K), 0.0368560 secs] [Times: user=0.14 sys=0.00, real=0.04 secs] 
2014-07-08T08:14:27.887+0000: 673.437: [GC [PSYoungGen: 664551K->584K(797568K)] 777508K->113596K(1484544K), 0.0068080 secs] [Times: user=0.01 sys=0.00, real=0.00 secs] 
2014-07-08T08:14:29.619+0000: 675.169: [GC [PSYoungGen: 797512K->370K(956736K)] 910524K->113430K(1643712K), 0.0117330 secs] [Times: user=0.04 sys=0.00, real=0.01 secs] 
2014-07-08T08:14:31.677+0000: 677.226: [GC [PSYoungGen: 956722K->594K(1148288K)] 1069782K->113742K(1835264K), 0.0247730 secs] [Times: user=0.08 sys=0.00, real=0.02 secs] 
2014-07-08T08:14:34.093+0000: 679.642: [GC [PSYoungGen: 1148214K->538K(1377792K)] 1261363K->113902K(2064768K), 0.0147310 secs] [Times: user=0.05 sys=0.00, real=0.02 secs] 
2014-07-08T08:14:37.036+0000: 682.586: [GC [PSYoungGen: 1377754K->662K(1319936K)] 1491118K->114138K(2006912K), 0.0065260 secs] [Times: user=0.01 sys=0.00, real=0.01 secs] 
2014-07-08T08:14:39.840+0000: 685.389: [GC [PSYoungGen: 1319892K->192K(1264256K)] 1433368K->113836K(1951232K), 0.0131310 secs] [Times: user=0.04 sys=0.00, real=0.01 secs] 
2014-07-08T08:14:42.625+0000: 688.174: [GC [PSYoungGen: 1264256K->626K(1212224K)] 1377900K->114382K(1899200K), 0.0217960 secs] [Times: user=0.08 sys=0.00, real=0.02 secs] 
2014-07-08T08:14:45.124+0000: 690.673: [GC [PSYoungGen: 1212210K->192K(1161856K)] 1325966K->114212K(1848832K), 0.0283290 secs] [Times: user=0.10 sys=0.00, real=0.03 secs] 
2014-07-08T08:14:47.638+0000: 693.188: [GC [PSYoungGen: 1161856K->320K(1114496K)] 1275876K->114452K(1801472K), 0.0044270 secs] [Times: user=0.01 sys=0.00, real=0.01 secs] 
2014-07-08T08:14:49.986+0000: 695.536: [GC [PSYoungGen: 1114496K->288K(1069312K)] 1228628K->114556K(1756288K), 0.0109590 secs] [Times: user=0.04 sys=0.00, real=0.01 secs] 
2014-07-08T08:14:52.275+0000: 697.824: [GC [PSYoungGen: 1069280K->608K(1026624K)] 1183548K->114996K(1713600K), 0.0046610 secs] [Times: user=0.02 sys=0.00, real=0.01 secs] 
2014-07-08T08:14:54.574+0000: 700.123: [GC [PSYoungGen: 1026592K->950K(985984K)] 1140980K->115674K(1672960K), 0.0064920 secs] [Times: user=0.02 sys=0.00, real=0.01 secs] 
2014-07-08T08:14:56.602+0000: 702.151: [GC [PSYoungGen: 985974K->658K(946752K)] 1100698K->115550K(1633728K), 0.0053430 secs] [Times: user=0.02 sys=0.00, real=0.00 secs] 
2014-07-08T08:14:58.637+0000: 704.187: [GC [PSYoungGen: 946700K->822K(909760K)] 1061593K->115882K(1596736K), 0.0087770 secs] [Times: user=0.01 sys=0.00, real=0.01 secs] 
2014-07-08T08:15:00.692+0000: 706.242: [GC [PSYoungGen: 909750K->1056K(874624K)] 1024810K->116196K(1561600K), 0.0066530 secs] [Times: user=0.02 sys=0.00, real=0.00 secs] 
2014-07-08T08:15:02.407+0000: 707.957: [GC [PSYoungGen: 874592K->448K(840320K)] 989732K->115788K(1527296K), 0.0108500 secs] [Times: user=0.03 sys=0.00, real=0.01 secs] 
2014-07-08T08:15:04.192+0000: 709.741: [GC [PSYoungGen: 840320K->288K(808064K)] 955660K->115748K(1495040K), 0.0260840 secs] [Times: user=0.09 sys=0.00, real=0.02 secs] 
2014-07-08T08:15:06.070+0000: 711.620: [GC [PSYoungGen: 808032K->608K(777792K)] 923492K->116180K(1464768K), 0.0069260 secs] [Times: user=0.01 sys=0.00, real=0.01 secs] 
2014-07-08T08:15:07.644+0000: 713.193: [GC [PSYoungGen: 777760K->736K(748800K)] 893332K->116436K(1435776K), 0.0042080 secs] [Times: user=0.01 sys=0.00, real=0.00 secs] 
2014-07-08T08:15:09.181+0000: 714.731: [GC [PSYoungGen: 748766K->288K(720576K)] 864467K->116044K(1407552K), 0.0052740 secs] [Times: user=0.01 sys=0.00, real=0.01 secs] 
2014-07-08T08:15:10.767+0000: 716.316: [GC [PSYoungGen: 720544K->644K(694464K)] 836300K->116448K(1381440K), 0.0076890 secs] [Times: user=0.03 sys=0.00, real=0.01 secs] 
2014-07-08T08:15:12.203+0000: 717.753: [GC [PSYoungGen: 694363K->502K(668992K)] 810168K->116458K(1355968K), 0.0228570 secs] [Times: user=0.08 sys=0.00, real=0.02 secs] 
2014-07-08T08:15:13.647+0000: 719.196: [GC [PSYoungGen: 668982K->544K(644992K)] 784938K->116628K(1331968K), 0.0042090 secs] [Times: user=0.01 sys=0.00, real=0.00 secs] 
2014-07-08T08:15:15.013+0000: 720.562: [GC [PSYoungGen: 644958K->160K(621632K)] 761043K->116332K(1308608K), 0.0086490 secs] [Times: user=0.03 sys=0.00, real=0.00 secs] 
2014-07-08T08:15:16.347+0000: 721.896: [GC [PSYoungGen: 621600K->256K(599744K)] 737772K->116468K(1286720K), 0.0045810 secs] [Times: user=0.01 sys=0.00, real=0.00 secs] 
2014-07-08T08:15:17.749+0000: 723.298: [GC [PSYoungGen: 599744K->448K(579008K)] 715956K->116756K(1265984K), 0.0171750 secs] [Times: user=0.06 sys=0.00, real=0.02 secs] 
2014-07-08T08:15:18.867+0000: 724.416: [GC [PSYoungGen: 579008K->388K(559040K)] 695316K->116816K(1246016K), 0.0139520 secs] [Times: user=0.05 sys=0.00, real=0.01 secs] 
2014-07-08T08:15:20.058+0000: 725.607: [GC [PSYoungGen: 558980K->178K(539712K)] 675408K->116638K(1226688K), 0.0163630 secs] [Times: user=0.05 sys=0.00, real=0.02 secs] 
2014-07-08T08:15:21.215+0000: 726.764: [GC [PSYoungGen: 539698K->192K(521472K)] 656158K->116724K(1208448K), 0.0073130 secs] [Times: user=0.03 sys=0.00, real=0.00 secs] 
2014-07-08T08:15:22.341+0000: 727.891: [GC [PSYoungGen: 521422K->420K(504320K)] 637954K->117048K(1191296K), 0.0048790 secs] [Times: user=0.01 sys=0.00, real=0.01 secs] 
2014-07-08T08:15:23.418+0000: 728.967: [GC [PSYoungGen: 504292K->192K(487424K)] 620920K->116900K(1174400K), 0.0085530 secs] [Times: user=0.03 sys=0.00, real=0.01 secs] 
2014-07-08T08:15:24.502+0000: 730.052: [GC [PSYoungGen: 487424K->836K(472256K)] 604132K->117584K(1159232K), 0.0055160 secs] [Times: user=0.02 sys=0.00, real=0.01 secs] 
2014-07-08T08:15:25.494+0000: 731.043: [GC [PSYoungGen: 472196K->384K(456512K)] 588944K->117196K(1143488K), 0.0044900 secs] [Times: user=0.02 sys=0.00, real=0.01 secs] 
2014-07-08T08:15:26.459+0000: 732.009: [GC [PSYoungGen: 456512K->384K(441984K)] 573324K->117292K(1128960K), 0.0144420 secs] [Times: user=0.04 sys=0.00, real=0.01 secs] 
2014-07-08T08:15:27.406+0000: 732.956: [GC [PSYoungGen: 441982K->480K(428224K)] 558891K->117452K(1115200K), 0.0094780 secs] [Times: user=0.04 sys=0.00, real=0.01 secs] 
2014-07-08T08:15:28.311+0000: 733.860: [GC [PSYoungGen: 428192K->576K(414976K)] 545164K->117596K(1101952K), 0.0066330 secs] [Times: user=0.01 sys=0.00, real=0.01 secs] 
2014-07-08T08:15:29.198+0000: 734.747: [GC [PSYoungGen: 414976K->228K(401920K)] 531996K->117280K(1088896K), 0.0038300 secs] [Times: user=0.01 sys=0.00, real=0.00 secs] 
2014-07-08T08:15:30.123+0000: 735.672: [GC [PSYoungGen: 401892K->448K(389888K)] 518944K->117532K(1076864K), 0.0061420 secs] [Times: user=0.01 sys=0.00, real=0.01 secs] 
2014-07-08T08:15:30.934+0000: 736.483: [GC [PSYoungGen: 389798K->882K(378624K)] 506882K->118278K(1065600K), 0.0050760 secs] [Times: user=0.02 sys=0.00, real=0.01 secs] 
2014-07-08T08:15:31.713+0000: 737.262: [GC [PSYoungGen: 378610K->256K(453568K)] 496006K->117732K(1140544K), 0.0208550 secs] [Times: user=0.07 sys=0.00, real=0.02 secs] 
2014-07-08T08:15:32.707+0000: 738.257: [GC [PSYoungGen: 453568K->434K(544448K)] 571044K->118038K(1231424K), 0.0071100 secs] [Times: user=0.01 sys=0.00, real=0.00 secs] 
2014-07-08T08:15:33.824+0000: 739.373: [GC [PSYoungGen: 544434K->160K(652992K)] 662038K->117828K(1339968K), 0.0101380 secs] [Times: user=0.04 sys=0.00, real=0.01 secs] 
2014-07-08T08:15:35.223+0000: 740.772: [GC [PSYoungGen: 652952K->584K(784000K)] 770621K->118332K(1470976K), 0.0150630 secs] [Times: user=0.05 sys=0.00, real=0.02 secs] 
2014-07-08T08:15:36.904+0000: 742.454: [GC [PSYoungGen: 783860K->256K(754176K)] 901609K->118036K(1441152K), 0.0042500 secs] [Times: user=0.01 sys=0.00, real=0.01 secs] 
2014-07-08T08:15:38.554+0000: 744.104: [GC [PSYoungGen: 754176K->704K(726592K)] 871956K->118612K(1413568K), 0.0047850 secs] [Times: user=0.01 sys=0.00, real=0.01 secs] 
2014-07-08T08:15:40.069+0000: 745.618: [GC [PSYoungGen: 726592K->160K(699328K)] 844500K->118108K(1386304K), 0.0067270 secs] [Times: user=0.01 sys=0.00, real=0.00 secs] 
2014-07-08T08:15:41.717+0000: 747.266: [GC [PSYoungGen: 699296K->694K(674304K)] 817244K->118738K(1361280K), 0.0069470 secs] [Times: user=0.01 sys=0.00, real=0.00 secs] 
2014-07-08T08:15:43.011+0000: 748.561: [GC [PSYoungGen: 674290K->384K(649664K)] 792335K->118652K(1336640K), 0.0183160 secs] [Times: user=0.05 sys=0.00, real=0.02 secs] 
2014-07-08T08:15:44.412+0000: 749.962: [GC [PSYoungGen: 649660K->452K(626560K)] 767928K->118784K(1313536K), 0.0058370 secs] [Times: user=0.02 sys=0.01, real=0.01 secs] 
2014-07-08T08:15:45.747+0000: 751.296: [GC [PSYoungGen: 626500K->288K(604224K)] 744832K->118692K(1291200K), 0.0073380 secs] [Times: user=0.01 sys=0.00, real=0.01 secs] 
2014-07-08T08:15:47.047+0000: 752.596: [GC [PSYoungGen: 604192K->516K(583360K)] 722596K->118968K(1270336K), 0.0067900 secs] [Times: user=0.01 sys=0.00, real=0.01 secs] 
2014-07-08T08:15:48.295+0000: 753.844: [GC [PSYoungGen: 583300K->456K(563136K)] 701752K->118956K(1250112K), 0.0144730 secs] [Times: user=0.05 sys=0.00, real=0.02 secs] 
2014-07-08T08:15:49.516+0000: 755.065: [GC [PSYoungGen: 563080K->594K(544000K)] 681580K->119166K(1230976K), 0.0163730 secs] [Times: user=0.05 sys=0.00, real=0.02 secs] 
2014-07-08T08:15:50.667+0000: 756.217: [GC [PSYoungGen: 543954K->192K(525184K)] 662526K->118820K(1212160K), 0.0105680 secs] [Times: user=0.04 sys=0.00, real=0.01 secs] 
2014-07-08T08:15:51.804+0000: 757.354: [GC [PSYoungGen: 525184K->256K(507648K)] 643812K->118980K(1194624K), 0.0040880 secs] [Times: user=0.01 sys=0.00, real=0.00 secs] 
2014-07-08T08:15:52.884+0000: 758.433: [GC [PSYoungGen: 507648K->224K(490880K)] 626372K->119076K(1177856K), 0.0087970 secs] [Times: user=0.03 sys=0.00, real=0.01 secs] 
2014-07-08T08:15:54.008+0000: 759.557: [GC [PSYoungGen: 490848K->352K(589184K)] 609700K->119260K(1276160K), 0.0216620 secs] [Times: user=0.08 sys=0.00, real=0.03 secs] 
2014-07-08T08:15:55.198+0000: 760.748: [GC [PSYoungGen: 589152K->192K(706752K)] 708060K->119204K(1393728K), 0.0181350 secs] [Times: user=0.06 sys=0.00, real=0.02 secs] 
2014-07-08T08:15:56.764+0000: 762.314: [GC [PSYoungGen: 706752K->370K(681088K)] 825764K->119454K(1368064K), 0.0046260 secs] [Times: user=0.02 sys=0.00, real=0.00 secs] 
2014-07-08T08:15:58.165+0000: 763.714: [GC [PSYoungGen: 681074K->242K(656320K)] 800158K->119446K(1343296K), 0.0053990 secs] [Times: user=0.02 sys=0.00, real=0.01 secs] 
2014-07-08T08:15:59.693+0000: 765.242: [GC [PSYoungGen: 656249K->744K(633344K)] 775454K->120028K(1320320K), 0.0097830 secs] [Times: user=0.03 sys=0.00, real=0.01 secs] 
2014-07-08T08:16:00.924+0000: 766.473: [GC [PSYoungGen: 633238K->452K(610624K)] 752522K->119824K(1297600K), 0.0051400 secs] [Times: user=0.01 sys=0.00, real=0.00 secs] 
2014-07-08T08:16:02.231+0000: 767.780: [GC [PSYoungGen: 610564K->256K(588928K)] 729936K->119732K(1275904K), 0.0137090 secs] [Times: user=0.05 sys=0.00, real=0.01 secs] 
2014-07-08T08:16:03.517+0000: 769.066: [GC [PSYoungGen: 588928K->512K(568768K)] 708404K->120124K(1255744K), 0.0130070 secs] [Times: user=0.05 sys=0.01, real=0.02 secs] 
2014-07-08T08:16:04.710+0000: 770.259: [GC [PSYoungGen: 568768K->160K(548928K)] 688380K->119860K(1235904K), 0.0036830 secs] [Times: user=0.01 sys=0.00, real=0.01 secs] 
2014-07-08T08:16:05.953+0000: 771.502: [GC [PSYoungGen: 548896K->274K(530432K)] 668596K->120030K(1217408K), 0.0076230 secs] [Times: user=0.01 sys=0.00, real=0.00 secs] 
2014-07-08T08:16:07.022+0000: 772.571: [GC [PSYoungGen: 530386K->260K(512640K)] 650142K->120104K(1199616K), 0.0044770 secs] [Times: user=0.01 sys=0.00, real=0.00 secs] 
2014-07-08T08:16:08.114+0000: 773.663: [GC [PSYoungGen: 512496K->210K(495552K)] 632341K->120126K(1182528K), 0.0184540 secs] [Times: user=0.06 sys=0.00, real=0.02 secs] 
2014-07-08T08:16:09.182+0000: 774.731: [GC [PSYoungGen: 495506K->274K(479360K)] 615422K->120230K(1166336K), 0.0145450 secs] [Times: user=0.05 sys=0.00, real=0.01 secs] 
2014-07-08T08:16:10.204+0000: 775.753: [GC [PSYoungGen: 479304K->388K(575296K)] 599260K->120384K(1262272K), 0.0142620 secs] [Times: user=0.05 sys=0.01, real=0.01 secs] 
2014-07-08T08:16:11.463+0000: 777.012: [GC [PSYoungGen: 575233K->740K(555776K)] 695230K->120960K(1242752K), 0.0079860 secs] [Times: user=0.03 sys=0.00, real=0.00 secs] 
2014-07-08T08:16:12.669+0000: 778.218: [GC [PSYoungGen: 555748K->384K(536448K)] 675968K->120868K(1223424K), 0.0054800 secs] [Times: user=0.01 sys=0.00, real=0.01 secs] 
2014-07-08T08:16:13.768+0000: 779.318: [GC [PSYoungGen: 536448K->192K(643520K)] 656932K->120780K(1330496K), 0.0181280 secs] [Times: user=0.06 sys=0.00, real=0.02 secs] 
2014-07-08T08:16:15.147+0000: 780.697: [GC [PSYoungGen: 643487K->292K(772352K)] 764076K->120968K(1459328K), 0.0131500 secs] [Times: user=0.05 sys=0.00, real=0.01 secs] 
2014-07-08T08:16:16.969+0000: 782.518: [GC [PSYoungGen: 772324K->736K(743872K)] 893000K->121468K(1430848K), 0.0135720 secs] [Times: user=0.05 sys=0.00, real=0.02 secs] 
2014-07-08T08:16:18.418+0000: 783.968: [GC [PSYoungGen: 743840K->608K(716160K)] 864572K->121460K(1403136K), 0.0042550 secs] [Times: user=0.01 sys=0.00, real=0.00 secs] 
2014-07-08T08:16:19.937+0000: 785.486: [GC [PSYoungGen: 716128K->192K(689472K)] 836980K->121108K(1376448K), 0.0117560 secs] [Times: user=0.04 sys=0.00, real=0.01 secs] 
2014-07-08T08:16:21.433+0000: 786.983: [GC [PSYoungGen: 689456K->672K(664960K)] 810373K->121692K(1351936K), 0.0196910 secs] [Times: user=0.06 sys=0.00, real=0.02 secs] 
2014-07-08T08:16:22.938+0000: 788.488: [GC [PSYoungGen: 664928K->530K(640960K)] 785948K->121670K(1327936K), 0.0124260 secs] [Times: user=0.04 sys=0.00, real=0.01 secs] 
2014-07-08T08:16:24.217+0000: 789.767: [GC [PSYoungGen: 640914K->256K(617856K)] 762054K->121580K(1304832K), 0.0086900 secs] [Times: user=0.03 sys=0.00, real=0.01 secs] 
2014-07-08T08:16:25.569+0000: 791.118: [GC [PSYoungGen: 617856K->576K(596416K)] 739180K->121964K(1283392K), 0.0052980 secs] [Times: user=0.01 sys=0.00, real=0.01 secs] 
2014-07-08T08:16:26.869+0000: 792.418: [GC [PSYoungGen: 596411K->320K(575424K)] 717800K->121780K(1262400K), 0.0046190 secs] [Times: user=0.01 sys=0.00, real=0.00 secs] 
2014-07-08T08:16:28.048+0000: 793.597: [GC [PSYoungGen: 575424K->96K(555392K)] 696884K->121636K(1242368K), 0.0043360 secs] [Times: user=0.01 sys=0.00, real=0.00 secs] 
2014-07-08T08:16:29.304+0000: 794.854: [GC [PSYoungGen: 555360K->626K(536960K)] 676900K->122206K(1223936K), 0.0214870 secs] [Times: user=0.07 sys=0.00, real=0.02 secs] 
2014-07-08T08:16:30.392+0000: 795.941: [GC [PSYoungGen: 536946K->662K(518912K)] 658526K->122322K(1205888K), 0.0120270 secs] [Times: user=0.05 sys=0.00, real=0.01 secs] 
2014-07-08T08:16:31.499+0000: 797.049: [GC [PSYoungGen: 518870K->480K(501440K)] 640530K->122228K(1188416K), 0.0053160 secs] [Times: user=0.01 sys=0.00, real=0.00 secs] 
2014-07-08T08:16:32.608+0000: 798.157: [GC [PSYoungGen: 501408K->786K(485248K)] 623156K->122654K(1172224K), 0.0084370 secs] [Times: user=0.02 sys=0.00, real=0.01 secs] 
2014-07-08T08:16:33.639+0000: 799.188: [GC [PSYoungGen: 485202K->498K(469120K)] 607070K->122470K(1156096K), 0.0043950 secs] [Times: user=0.01 sys=0.01, real=0.00 secs] 
2014-07-08T08:16:34.715+0000: 800.264: [GC [PSYoungGen: 469106K->1014K(563392K)] 591078K->123138K(1250368K), 0.0335380 secs] [Times: user=0.12 sys=0.00, real=0.04 secs] 
2014-07-08T08:16:35.821+0000: 801.371: [GC [PSYoungGen: 563382K->256K(675136K)] 685506K->122444K(1362112K), 0.0043740 secs] [Times: user=0.02 sys=0.00, real=0.01 secs] 
2014-07-08T08:16:37.269+0000: 802.818: [GC [PSYoungGen: 675136K->356K(810240K)] 797324K->122648K(1497216K), 0.0435680 secs] [Times: user=0.14 sys=0.01, real=0.04 secs] 
2014-07-08T08:16:38.999+0000: 804.549: [GC [PSYoungGen: 810212K->274K(972160K)] 932504K->122638K(1659136K), 0.0086670 secs] [Times: user=0.03 sys=0.00, real=0.01 secs] 
2014-07-08T08:16:41.078+0000: 806.628: [GC [PSYoungGen: 972114K->256K(1166464K)] 1094478K->122676K(1853440K), 0.0044040 secs] [Times: user=0.01 sys=0.00, real=0.00 secs] 
2014-07-08T08:16:43.575+0000: 809.125: [GC [PSYoungGen: 1166379K->576K(1119040K)] 1288800K->123172K(1806016K), 0.0085900 secs] [Times: user=0.01 sys=0.00, real=0.01 secs] 
2014-07-08T08:16:46.032+0000: 811.581: [GC [PSYoungGen: 1119040K->516K(1073600K)] 1241636K->123256K(1760576K), 0.0066140 secs] [Times: user=0.01 sys=0.00, real=0.01 secs] 
2014-07-08T08:16:48.277+0000: 813.826: [GC [PSYoungGen: 1073517K->192K(1030016K)] 1196257K->123060K(1716992K), 0.0343460 secs] [Times: user=0.12 sys=0.00, real=0.03 secs] 
2014-07-08T08:16:50.490+0000: 816.039: [GC [PSYoungGen: 1030016K->512K(989184K)] 1152884K->123468K(1676160K), 0.0145260 secs] [Times: user=0.06 sys=0.00, real=0.01 secs] 
2014-07-08T08:16:52.645+0000: 818.195: [GC [PSYoungGen: 989182K->800K(950336K)] 1112139K->123892K(1637312K), 0.0246030 secs] [Times: user=0.09 sys=0.00, real=0.03 secs] 
2014-07-08T08:16:54.644+0000: 820.194: [GC [PSYoungGen: 950304K->512K(912704K)] 1073396K->123804K(1599680K), 0.0053460 secs] [Times: user=0.01 sys=0.00, real=0.01 secs] 
2014-07-08T08:16:56.598+0000: 822.147: [GC [PSYoungGen: 912704K->690K(877376K)] 1035996K->124062K(1564352K), 0.0057640 secs] [Times: user=0.01 sys=0.00, real=0.01 secs] 
2014-07-08T08:16:58.451+0000: 824.001: [GC [PSYoungGen: 877362K->580K(843456K)] 1000734K->124024K(1530432K), 0.0039960 secs] [Times: user=0.01 sys=0.00, real=0.00 secs] 
2014-07-08T08:17:00.245+0000: 825.795: [GC [PSYoungGen: 843396K->224K(810816K)] 966840K->123804K(1497792K), 0.0071180 secs] [Times: user=0.02 sys=0.00, real=0.01 secs] 
2014-07-08T08:17:01.993+0000: 827.543: [GC [PSYoungGen: 810784K->288K(780160K)] 934364K->123964K(1467136K), 0.0085510 secs] [Times: user=0.02 sys=0.00, real=0.01 secs] 
2014-07-08T08:17:03.732+0000: 829.282: [GC [PSYoungGen: 780128K->384K(750976K)] 903804K->124188K(1437952K), 0.0096840 secs] [Times: user=0.03 sys=0.00, real=0.01 secs] 
2014-07-08T08:17:05.259+0000: 830.809: [GC [PSYoungGen: 750896K->356K(723072K)] 874701K->124360K(1410048K), 0.0042500 secs] [Times: user=0.01 sys=0.00, real=0.01 secs] 
2014-07-08T08:17:06.814+0000: 832.363: [GC [PSYoungGen: 723040K->338K(696448K)] 847045K->124398K(1383424K), 0.0179020 secs] [Times: user=0.06 sys=0.00, real=0.02 secs] 
2014-07-08T08:17:08.310+0000: 833.860: [GC [PSYoungGen: 696402K->192K(670912K)] 820462K->124300K(1357888K), 0.0058570 secs] [Times: user=0.02 sys=0.00, real=0.00 secs] 
2014-07-08T08:17:09.753+0000: 835.303: [GC [PSYoungGen: 670912K->224K(646784K)] 795020K->124412K(1333760K), 0.0131320 secs] [Times: user=0.05 sys=0.00, real=0.01 secs] 
2014-07-08T08:17:11.130+0000: 836.680: [GC [PSYoungGen: 646735K->402K(623872K)] 770923K->124694K(1310848K), 0.0225370 secs] [Times: user=0.08 sys=0.00, real=0.03 secs] 
2014-07-08T08:17:12.588+0000: 838.138: [GC [PSYoungGen: 623826K->640K(748800K)] 748118K->125012K(1435776K), 0.0272270 secs] [Times: user=0.10 sys=0.00, real=0.03 secs] 
2014-07-08T08:17:14.075+0000: 839.625: [GC [PSYoungGen: 748800K->438K(720832K)] 873172K->124954K(1407808K), 0.0057950 secs] [Times: user=0.01 sys=0.01, real=0.00 secs] 
2014-07-08T08:17:15.654+0000: 841.203: [GC [PSYoungGen: 720822K->448K(694336K)] 845338K->125052K(1381312K), 0.0051790 secs] [Times: user=0.01 sys=0.00, real=0.00 secs] 
2014-07-08T08:17:17.095+0000: 842.644: [GC [PSYoungGen: 694242K->356K(668992K)] 818846K->125056K(1355968K), 0.0064520 secs] [Times: user=0.01 sys=0.00, real=0.00 secs] 
2014-07-08T08:17:18.560+0000: 844.110: [GC [PSYoungGen: 668964K->562K(645056K)] 793664K->125310K(1332032K), 0.0056340 secs] [Times: user=0.02 sys=0.00, real=0.01 secs] 
2014-07-08T08:17:19.908+0000: 845.458: [GC [PSYoungGen: 645042K->260K(621824K)] 769790K->125096K(1308800K), 0.0060920 secs] [Times: user=0.02 sys=0.00, real=0.01 secs] 
2014-07-08T08:17:21.240+0000: 846.789: [GC [PSYoungGen: 621738K->448K(600000K)] 746574K->125372K(1286976K), 0.0064580 secs] [Times: user=0.01 sys=0.00, real=0.01 secs] 
2014-07-08T08:17:22.629+0000: 848.178: [GC [PSYoungGen: 600000K->754K(579392K)] 724924K->125990K(1266368K), 0.0062030 secs] [Times: user=0.02 sys=0.00, real=0.01 secs] 
2014-07-08T08:17:23.795+0000: 849.345: [GC [PSYoungGen: 579300K->370K(559040K)] 704537K->125834K(1246016K), 0.0134860 secs] [Times: user=0.05 sys=0.00, real=0.01 secs] 
2014-07-08T08:17:24.965+0000: 850.515: [GC [PSYoungGen: 559026K->306K(670720K)] 684490K->125914K(1357696K), 0.0373190 secs] [Times: user=0.13 sys=0.00, real=0.03 secs] 
2014-07-08T08:17:26.445+0000: 851.995: [GC [PSYoungGen: 670706K->882K(805376K)] 796314K->126530K(1492352K), 0.0070500 secs] [Times: user=0.02 sys=0.00, real=0.00 secs] 
2014-07-08T08:17:28.145+0000: 853.695: [GC [PSYoungGen: 805362K->256K(774272K)] 931010K->125968K(1461248K), 0.0052430 secs] [Times: user=0.01 sys=0.00, real=0.00 secs] 
2014-07-08T08:17:29.809+0000: 855.359: [GC [PSYoungGen: 774272K->224K(745280K)] 899984K->126056K(1432256K), 0.0124070 secs] [Times: user=0.04 sys=0.00, real=0.01 secs] 
2014-07-08T08:17:31.411+0000: 856.960: [GC [PSYoungGen: 745248K->658K(718080K)] 871080K->126570K(1405056K), 0.0055560 secs] [Times: user=0.02 sys=0.00, real=0.01 secs] 
2014-07-08T08:17:33.078+0000: 858.627: [GC [PSYoungGen: 718034K->822K(691840K)] 843946K->126838K(1378816K), 0.0149290 secs] [Times: user=0.05 sys=0.00, real=0.01 secs] 
2014-07-08T08:17:34.428+0000: 859.978: [GC [PSYoungGen: 691830K->1092K(667008K)] 817846K->127292K(1353984K), 0.0066800 secs] [Times: user=0.01 sys=0.00, real=0.01 secs] 
2014-07-08T08:17:35.834+0000: 861.384: [GC [PSYoungGen: 666947K->274K(642176K)] 793148K->126554K(1329152K), 0.0051710 secs] [Times: user=0.02 sys=0.00, real=0.00 secs] 
2014-07-08T08:17:37.207+0000: 862.757: [GC [PSYoungGen: 642130K->128K(619136K)] 768410K->126488K(1306112K), 0.0183080 secs] [Times: user=0.05 sys=0.00, real=0.02 secs] 
2014-07-08T08:17:38.631+0000: 864.181: [GC [PSYoungGen: 619130K->1074K(743936K)] 745490K->127482K(1430912K), 0.0274320 secs] [Times: user=0.10 sys=0.00, real=0.03 secs] 
2014-07-08T08:17:40.129+0000: 865.678: [GC [PSYoungGen: 743922K->256K(715584K)] 870330K->126744K(1402560K), 0.0085810 secs] [Times: user=0.01 sys=0.00, real=0.01 secs] 
2014-07-08T08:17:41.731+0000: 867.280: [GC [PSYoungGen: 715584K->818K(689920K)] 842072K->127434K(1376896K), 0.0082310 secs] [Times: user=0.02 sys=0.01, real=0.01 secs] 
2014-07-08T08:17:43.151+0000: 868.701: [GC [PSYoungGen: 689808K->320K(664384K)] 816424K->127104K(1351360K), 0.0075870 secs] [Times: user=0.03 sys=0.00, real=0.01 secs] 
2014-07-08T08:17:44.649+0000: 870.198: [GC [PSYoungGen: 664384K->928K(641152K)] 791168K->127800K(1328128K), 0.0130290 secs] [Times: user=0.05 sys=0.00, real=0.01 secs] 
2014-07-08T08:17:45.937+0000: 871.487: [GC [PSYoungGen: 641120K->224K(617664K)] 767992K->127216K(1304640K), 0.0124590 secs] [Times: user=0.05 sys=0.00, real=0.01 secs] 
2014-07-08T08:17:47.260+0000: 872.809: [GC [PSYoungGen: 617632K->256K(595904K)] 744624K->127344K(1282880K), 0.0158330 secs] [Times: user=0.06 sys=0.00, real=0.01 secs] 
2014-07-08T08:17:48.550+0000: 874.100: [GC [PSYoungGen: 595903K->612K(575552K)] 722992K->127748K(1262528K), 0.0074680 secs] [Times: user=0.02 sys=0.00, real=0.01 secs] 
2014-07-08T08:17:49.808+0000: 875.357: [GC [PSYoungGen: 575524K->402K(555520K)] 702660K->127642K(1242496K), 0.0139380 secs] [Times: user=0.04 sys=0.00, real=0.01 secs] 
2014-07-08T08:17:50.982+0000: 876.531: [GC [PSYoungGen: 555416K->384K(666496K)] 682657K->127728K(1353472K), 0.0208170 secs] [Times: user=0.07 sys=0.00, real=0.02 secs] 
2014-07-08T08:17:52.408+0000: 877.958: [GC [PSYoungGen: 666496K->758K(642880K)] 793840K->128214K(1329856K), 0.0062510 secs] [Times: user=0.01 sys=0.00, real=0.00 secs] 
2014-07-08T08:17:53.804+0000: 879.354: [GC [PSYoungGen: 642870K->352K(619648K)] 770326K->127912K(1306624K), 0.0143420 secs] [Times: user=0.05 sys=0.00, real=0.02 secs] 
2014-07-08T08:17:55.090+0000: 880.640: [GC [PSYoungGen: 619585K->324K(597824K)] 747146K->127996K(1284800K), 0.0097930 secs] [Times: user=0.04 sys=0.00, real=0.01 secs] 
2014-07-08T08:17:56.371+0000: 881.921: [GC [PSYoungGen: 597686K->594K(577216K)] 725359K->128298K(1264192K), 0.0075790 secs] [Times: user=0.02 sys=0.01, real=0.01 secs] 
2014-07-08T08:17:57.624+0000: 883.174: [GC [PSYoungGen: 577170K->288K(556992K)] 704874K->128056K(1243968K), 0.0063870 secs] [Times: user=0.01 sys=0.00, real=0.01 secs] 
2014-07-08T08:17:58.800+0000: 884.349: [GC [PSYoungGen: 556960K->146K(537856K)] 684728K->128002K(1224832K), 0.0071200 secs] [Times: user=0.00 sys=0.00, real=0.00 secs] 
2014-07-08T08:17:59.962+0000: 885.512: [GC [PSYoungGen: 537756K->288K(519872K)] 665612K->128200K(1206848K), 0.0050230 secs] [Times: user=0.01 sys=0.00, real=0.00 secs] 
2014-07-08T08:18:01.080+0000: 886.629: [GC [PSYoungGen: 519840K->192K(623680K)] 647752K->128192K(1310656K), 0.0244680 secs] [Times: user=0.09 sys=0.00, real=0.02 secs] 
2014-07-08T08:18:02.479+0000: 888.029: [GC [PSYoungGen: 623680K->704K(748928K)] 751680K->128800K(1435904K), 0.0373680 secs] [Times: user=0.13 sys=0.00, real=0.03 secs] 
2014-07-08T08:18:04.021+0000: 889.571: [GC [PSYoungGen: 748871K->224K(898176K)] 876968K->128448K(1585152K), 0.0122540 secs] [Times: user=0.04 sys=0.00, real=0.01 secs] 
2014-07-08T08:18:05.951+0000: 891.501: [GC [PSYoungGen: 898144K->192K(863232K)] 1026368K->128536K(1550208K), 0.0035410 secs] [Times: user=0.01 sys=0.00, real=0.00 secs] 
2014-07-08T08:18:07.891+0000: 893.441: [GC [PSYoungGen: 863218K->744K(830592K)] 991563K->129176K(1517568K), 0.0044640 secs] [Times: user=0.01 sys=0.00, real=0.00 secs] 
2014-07-08T08:18:09.612+0000: 895.161: [GC [PSYoungGen: 830568K->608K(798848K)] 959000K->129128K(1485824K), 0.0163210 secs] [Times: user=0.06 sys=0.00, real=0.01 secs] 
2014-07-08T08:18:11.282+0000: 896.831: [GC [PSYoungGen: 798816K->192K(768256K)] 927336K->128792K(1455232K), 0.0046440 secs] [Times: user=0.00 sys=0.01, real=0.00 secs] 
2014-07-08T08:18:12.932+0000: 898.482: [GC [PSYoungGen: 768256K->224K(739584K)] 896856K->128944K(1426560K), 0.0126040 secs] [Times: user=0.05 sys=0.00, real=0.01 secs] 
2014-07-08T08:18:14.667+0000: 900.217: [GC [PSYoungGen: 739548K->790K(712768K)] 868269K->129614K(1399744K), 0.0043830 secs] [Times: user=0.01 sys=0.00, real=0.01 secs] 
2014-07-08T08:18:16.047+0000: 901.596: [GC [PSYoungGen: 712726K->128K(685952K)] 841550K->129144K(1372928K), 0.0129510 secs] [Times: user=0.05 sys=0.00, real=0.01 secs] 
2014-07-08T08:18:17.537+0000: 903.086: [GC [PSYoungGen: 685952K->758K(661696K)] 814968K->129822K(1348672K), 0.0056600 secs] [Times: user=0.01 sys=0.00, real=0.01 secs] 
2014-07-08T08:18:18.928+0000: 904.478: [GC [PSYoungGen: 661686K->96K(637312K)] 790750K->129192K(1324288K), 0.0061760 secs] [Times: user=0.01 sys=0.00, real=0.01 secs] 
2014-07-08T08:18:20.302+0000: 905.852: [GC [PSYoungGen: 637280K->256K(614784K)] 766376K->129408K(1301760K), 0.0106910 secs] [Times: user=0.04 sys=0.00, real=0.01 secs] 
2014-07-08T08:18:21.675+0000: 907.224: [GC [PSYoungGen: 614784K->836K(593792K)] 743936K->130116K(1280768K), 0.0156990 secs] [Times: user=0.05 sys=0.00, real=0.01 secs] 
2014-07-08T08:18:22.887+0000: 908.436: [GC [PSYoungGen: 593678K->602K(712128K)] 722959K->130010K(1399104K), 0.0286090 secs] [Times: user=0.10 sys=0.00, real=0.03 secs] 
2014-07-08T08:18:24.430+0000: 909.979: [GC [PSYoungGen: 712090K->704K(686080K)] 841498K->130192K(1373056K), 0.0061330 secs] [Times: user=0.01 sys=0.00, real=0.01 secs] 
2014-07-08T08:18:25.912+0000: 911.462: [GC [PSYoungGen: 686080K->416K(822912K)] 815568K->130080K(1509888K), 0.0233120 secs] [Times: user=0.08 sys=0.00, real=0.02 secs] 
2014-07-08T08:18:27.721+0000: 913.271: [GC [PSYoungGen: 822880K->534K(791744K)] 952544K->130302K(1478720K), 0.0039850 secs] [Times: user=0.02 sys=0.00, real=0.01 secs] 
2014-07-08T08:18:29.355+0000: 914.905: [GC [PSYoungGen: 791701K->648K(762048K)] 921470K->130488K(1449024K), 0.0096840 secs] [Times: user=0.04 sys=0.00, real=0.01 secs] 
2014-07-08T08:18:31.042+0000: 916.591: [GC [PSYoungGen: 761992K->370K(733312K)] 891832K->130274K(1420288K), 0.0101430 secs] [Times: user=0.03 sys=0.00, real=0.01 secs] 
2014-07-08T08:18:32.585+0000: 918.134: [GC [PSYoungGen: 733298K->576K(706432K)] 863202K->130704K(1393408K), 0.0097320 secs] [Times: user=0.03 sys=0.00, real=0.01 secs] 
2014-07-08T08:18:34.081+0000: 919.631: [GC [PSYoungGen: 706432K->192K(680256K)] 836560K->130416K(1367232K), 0.0053530 secs] [Times: user=0.01 sys=0.00, real=0.01 secs] 
2014-07-08T08:18:35.578+0000: 921.127: [GC [PSYoungGen: 680177K->726K(656192K)] 810401K->131062K(1343168K), 0.0051660 secs] [Times: user=0.01 sys=0.00, real=0.01 secs] 
2014-07-08T08:18:37.006+0000: 922.556: [GC [PSYoungGen: 656150K->320K(632256K)] 786486K->130736K(1319232K), 0.0245070 secs] [Times: user=0.08 sys=0.00, real=0.02 secs] 
2014-07-08T08:18:38.300+0000: 923.850: [GC [PSYoungGen: 632256K->192K(609728K)] 762672K->130712K(1296704K), 0.0055260 secs] [Times: user=0.02 sys=0.00, real=0.01 secs] 
2014-07-08T08:18:39.642+0000: 925.192: [GC [PSYoungGen: 609728K->658K(588864K)] 740248K->131266K(1275840K), 0.0195230 secs] [Times: user=0.06 sys=0.00, real=0.02 secs] 
2014-07-08T08:18:40.876+0000: 926.425: [GC [PSYoungGen: 588818K->320K(706112K)] 719426K->131032K(1393088K), 0.0255720 secs] [Times: user=0.07 sys=0.00, real=0.02 secs] 
2014-07-08T08:18:42.407+0000: 927.957: [GC [PSYoungGen: 706106K->612K(680640K)] 836818K->131428K(1367616K), 0.0053670 secs] [Times: user=0.02 sys=0.00, real=0.00 secs] 
2014-07-08T08:18:43.922+0000: 929.471: [GC [PSYoungGen: 680612K->562K(816576K)] 811428K->131490K(1503552K), 0.0175950 secs] [Times: user=0.06 sys=0.00, real=0.02 secs] 
2014-07-08T08:18:45.637+0000: 931.186: [GC [PSYoungGen: 816562K->562K(785600K)] 947490K->131658K(1472576K), 0.0051790 secs] [Times: user=0.01 sys=0.01, real=0.00 secs] 
2014-07-08T08:18:47.292+0000: 932.841: [GC [PSYoungGen: 785586K->192K(755712K)] 916682K->131360K(1442688K), 0.0114680 secs] [Times: user=0.04 sys=0.00, real=0.01 secs] 
2014-07-08T08:18:49.037+0000: 934.586: [GC [PSYoungGen: 755712K->580K(728000K)] 886880K->131796K(1414976K), 0.0039570 secs] [Times: user=0.01 sys=0.00, real=0.00 secs] 
2014-07-08T08:18:50.491+0000: 936.040: [GC [PSYoungGen: 727858K->680K(701248K)] 859075K->132000K(1388224K), 0.0051780 secs] [Times: user=0.01 sys=0.00, real=0.00 secs] 
2014-07-08T08:18:51.980+0000: 937.529: [GC [PSYoungGen: 701224K->288K(675264K)] 832544K->131752K(1362240K), 0.0097100 secs] [Times: user=0.02 sys=0.00, real=0.01 secs] 
2014-07-08T08:18:53.441+0000: 938.990: [GC [PSYoungGen: 675232K->402K(651008K)] 806696K->131994K(1337984K), 0.0053550 secs] [Times: user=0.01 sys=0.00, real=0.01 secs] 
2014-07-08T08:18:54.830+0000: 940.380: [GC [PSYoungGen: 650962K->288K(627584K)] 782554K->131944K(1314560K), 0.0040850 secs] [Times: user=0.01 sys=0.00, real=0.00 secs] 
2014-07-08T08:18:56.167+0000: 941.717: [GC [PSYoungGen: 627547K->228K(605312K)] 759204K->132020K(1292288K), 0.0041630 secs] [Times: user=0.01 sys=0.00, real=0.00 secs] 
2014-07-08T08:18:57.496+0000: 943.045: [GC [PSYoungGen: 605284K->608K(584512K)] 737076K->132448K(1271488K), 0.0047460 secs] [Times: user=0.02 sys=0.00, real=0.01 secs] 
2014-07-08T08:18:58.849+0000: 944.398: [GC [PSYoungGen: 584480K->932K(564608K)] 716320K->132988K(1251584K), 0.0263140 secs] [Times: user=0.09 sys=0.01, real=0.02 secs] 
2014-07-08T08:18:59.997+0000: 945.547: [GC [PSYoungGen: 564580K->384K(676800K)] 696636K->132528K(1363776K), 0.0237900 secs] [Times: user=0.09 sys=0.00, real=0.02 secs] 
2014-07-08T08:19:01.378+0000: 946.928: [GC [PSYoungGen: 676742K->580K(652608K)] 808887K->132860K(1339584K), 0.0052550 secs] [Times: user=0.02 sys=0.00, real=0.00 secs] 
2014-07-08T08:19:02.805+0000: 948.354: [GC [PSYoungGen: 652548K->320K(628928K)] 784828K->132712K(1315904K), 0.0140400 secs] [Times: user=0.04 sys=0.00, real=0.02 secs] 
2014-07-08T08:19:04.125+0000: 949.675: [GC [PSYoungGen: 628928K->192K(606528K)] 761320K->132696K(1293504K), 0.0044480 secs] [Times: user=0.01 sys=0.01, real=0.01 secs] 
2014-07-08T08:19:05.424+0000: 950.973: [GC [PSYoungGen: 606528K->562K(585664K)] 739032K->133162K(1272640K), 0.0082630 secs] [Times: user=0.02 sys=0.00, real=0.01 secs] 
2014-07-08T08:19:06.714+0000: 952.264: [GC [PSYoungGen: 585650K->544K(565376K)] 718250K->133216K(1252352K), 0.0045130 secs] [Times: user=0.01 sys=0.00, real=0.01 secs] 
2014-07-08T08:19:07.880+0000: 953.429: [GC [PSYoungGen: 565344K->128K(545600K)] 698016K->132848K(1232576K), 0.0053830 secs] [Times: user=0.01 sys=0.00, real=0.00 secs] 
2014-07-08T08:19:09.068+0000: 954.617: [GC [PSYoungGen: 545600K->224K(527232K)] 678320K->132992K(1214208K), 0.0075720 secs] [Times: user=0.02 sys=0.00, real=0.01 secs] 
2014-07-08T08:19:10.182+0000: 955.731: [GC [PSYoungGen: 527200K->224K(509568K)] 659968K->133056K(1196544K), 0.0083570 secs] [Times: user=0.03 sys=0.00, real=0.01 secs] 
2014-07-08T08:19:11.277+0000: 956.826: [GC [PSYoungGen: 509536K->416K(492864K)] 642368K->133344K(1179840K), 0.0155850 secs] [Times: user=0.05 sys=0.00, real=0.02 secs] 
2014-07-08T08:19:12.334+0000: 957.883: [GC [PSYoungGen: 492832K->224K(476544K)] 625760K->133272K(1163520K), 0.0072010 secs] [Times: user=0.01 sys=0.00, real=0.01 secs] 
2014-07-08T08:19:13.353+0000: 958.902: [GC [PSYoungGen: 476512K->324K(571968K)] 609560K->133444K(1258944K), 0.0255620 secs] [Times: user=0.08 sys=0.00, real=0.02 secs] 
2014-07-08T08:19:14.596+0000: 960.145: [GC [PSYoungGen: 571908K->434K(552384K)] 705028K->133610K(1239360K), 0.0040860 secs] [Times: user=0.01 sys=0.00, real=0.01 secs] 
2014-07-08T08:19:15.778+0000: 961.327: [GC [PSYoungGen: 552368K->488K(662848K)] 685544K->133744K(1349824K), 0.0154380 secs] [Times: user=0.06 sys=0.00, real=0.02 secs] 
2014-07-08T08:19:17.207+0000: 962.756: [GC [PSYoungGen: 662824K->128K(638656K)] 796080K->133416K(1325632K), 0.0038270 secs] [Times: user=0.01 sys=0.00, real=0.01 secs] 
2014-07-08T08:19:18.583+0000: 964.133: [GC [PSYoungGen: 638656K->338K(616192K)] 771944K->133658K(1303168K), 0.0049800 secs] [Times: user=0.01 sys=0.00, real=0.00 secs] 
2014-07-08T08:19:19.909+0000: 965.458: [GC [PSYoungGen: 616092K->288K(594432K)] 749413K->133648K(1281408K), 0.0092260 secs] [Times: user=0.03 sys=0.00, real=0.01 secs] 
2014-07-08T08:19:21.182+0000: 966.731: [GC [PSYoungGen: 594400K->402K(573888K)] 727760K->133922K(1260864K), 0.0085330 secs] [Times: user=0.02 sys=0.00, real=0.01 secs] 
2014-07-08T08:19:22.418+0000: 967.967: [GC [PSYoungGen: 573842K->320K(553984K)] 707362K->133928K(1240960K), 0.0045890 secs] [Times: user=0.01 sys=0.00, real=0.01 secs] 
2014-07-08T08:19:23.606+0000: 969.156: [GC [PSYoungGen: 553984K->480K(535296K)] 687592K->134160K(1222272K), 0.0140310 secs] [Times: user=0.05 sys=0.01, real=0.01 secs] 
2014-07-08T08:19:24.890+0000: 970.439: [GC [PSYoungGen: 535264K->630K(517440K)] 668944K->134590K(1204416K), 0.0054290 secs] [Times: user=0.01 sys=0.00, real=0.01 secs] 
2014-07-08T08:19:25.890+0000: 971.439: [GC [PSYoungGen: 517371K->470K(620672K)] 651332K->134550K(1307648K), 0.0208500 secs] [Times: user=0.07 sys=0.01, real=0.02 secs] 
2014-07-08T08:19:27.180+0000: 972.729: [GC [PSYoungGen: 620615K->224K(598528K)] 754695K->134440K(1285504K), 0.0115270 secs] [Times: user=0.04 sys=0.00, real=0.02 secs] 
2014-07-08T08:19:28.498+0000: 974.048: [GC [PSYoungGen: 598496K->886K(578304K)] 732712K->135182K(1265280K), 0.0118330 secs] [Times: user=0.04 sys=0.00, real=0.01 secs] 
2014-07-08T08:19:29.757+0000: 975.306: [GC [PSYoungGen: 578294K->544K(558080K)] 712590K->134888K(1245056K), 0.0090910 secs] [Times: user=0.04 sys=0.00, real=0.01 secs] 
2014-07-08T08:19:30.904+0000: 976.453: [GC [PSYoungGen: 558048K->388K(538944K)] 692392K->134836K(1225920K), 0.0097710 secs] [Times: user=0.03 sys=0.00, real=0.01 secs] 
2014-07-08T08:19:32.058+0000: 977.607: [GC [PSYoungGen: 538804K->474K(520832K)] 673253K->135050K(1207808K), 0.0093000 secs] [Times: user=0.03 sys=0.00, real=0.01 secs] 
2014-07-08T08:19:33.183+0000: 978.732: [GC [PSYoungGen: 520794K->274K(503296K)] 655370K->134930K(1190272K), 0.0057660 secs] [Times: user=0.02 sys=0.00, real=0.00 secs] 
2014-07-08T08:19:34.286+0000: 979.836: [GC [PSYoungGen: 503250K->580K(487040K)] 637906K->135300K(1174016K), 0.0097690 secs] [Times: user=0.02 sys=0.00, real=0.01 secs] 
2014-07-08T08:19:35.298+0000: 980.848: [GC [PSYoungGen: 486980K->342K(470912K)] 621700K->135150K(1157888K), 0.0071430 secs] [Times: user=0.02 sys=0.00, real=0.01 secs] 
2014-07-08T08:19:36.314+0000: 981.864: [GC [PSYoungGen: 470870K->260K(455680K)] 605678K->135100K(1142656K), 0.0071530 secs] [Times: user=0.02 sys=0.00, real=0.00 secs] 
2014-07-08T08:19:37.298+0000: 982.848: [GC [PSYoungGen: 455620K->356K(441216K)] 590460K->135260K(1128192K), 0.0066480 secs] [Times: user=0.01 sys=0.00, real=0.01 secs] 
2014-07-08T08:19:38.247+0000: 983.796: [GC [PSYoungGen: 441188K->448K(427392K)] 576092K->135408K(1114368K), 0.0035800 secs] [Times: user=0.01 sys=0.00, real=0.00 secs] 
2014-07-08T08:19:39.156+0000: 984.705: [GC [PSYoungGen: 427392K->160K(413888K)] 562352K->135168K(1100864K), 0.0034600 secs] [Times: user=0.01 sys=0.00, real=0.00 secs] 
2014-07-08T08:19:40.046+0000: 985.596: [GC [PSYoungGen: 413856K->256K(401216K)] 548864K->135288K(1088192K), 0.0062120 secs] [Times: user=0.03 sys=0.00, real=0.00 secs] 
2014-07-08T08:19:40.910+0000: 986.459: [GC [PSYoungGen: 401216K->384K(389184K)] 536248K->135528K(1076160K), 0.0062100 secs] [Times: user=0.01 sys=0.00, real=0.01 secs] 
2014-07-08T08:19:41.812+0000: 987.362: [GC [PSYoungGen: 389184K->484K(377664K)] 524328K->135716K(1064640K), 0.0111730 secs] [Times: user=0.03 sys=0.00, real=0.01 secs] 
2014-07-08T08:19:42.550+0000: 988.099: [GC [PSYoungGen: 377563K->548K(453184K)] 512795K->135908K(1140160K), 0.0127130 secs] [Times: user=0.04 sys=0.00, real=0.01 secs] 
2014-07-08T08:19:43.517+0000: 989.066: [GC [PSYoungGen: 453086K->466K(438720K)] 588446K->135858K(1125696K), 0.0047550 secs] [Times: user=0.01 sys=0.00, real=0.00 secs] 
2014-07-08T08:19:44.538+0000: 990.087: [GC [PSYoungGen: 438621K->740K(425216K)] 574014K->136276K(1112192K), 0.0061630 secs] [Times: user=0.02 sys=0.00, real=0.01 secs] 
2014-07-08T08:19:45.361+0000: 990.910: [GC [PSYoungGen: 425174K->320K(411584K)] 560711K->136256K(1098560K), 0.0073190 secs] [Times: user=0.01 sys=0.01, real=0.01 secs] 
2014-07-08T08:19:46.240+0000: 991.789: [GC [PSYoungGen: 411584K->512K(494080K)] 547520K->136536K(1181056K), 0.0382510 secs] [Times: user=0.14 sys=0.00, real=0.04 secs] 
2014-07-08T08:19:47.340+0000: 992.890: [GC [PSYoungGen: 494080K->320K(592640K)] 630104K->136440K(1279616K), 0.0065260 secs] [Times: user=0.01 sys=0.01, real=0.01 secs] 
2014-07-08T08:19:48.587+0000: 994.136: [GC [PSYoungGen: 592640K->384K(711168K)] 728760K->136600K(1398144K), 0.0085710 secs] [Times: user=0.02 sys=0.00, real=0.01 secs] 
2014-07-08T08:19:50.096+0000: 995.646: [GC [PSYoungGen: 711165K->274K(685056K)] 847382K->136530K(1372032K), 0.0045970 secs] [Times: user=0.01 sys=0.00, real=0.00 secs] 
2014-07-08T08:19:51.610+0000: 997.159: [GC [PSYoungGen: 684940K->776K(660736K)] 821197K->137144K(1347712K), 0.0048750 secs] [Times: user=0.01 sys=0.00, real=0.00 secs] 
2014-07-08T08:19:53.035+0000: 998.585: [GC [PSYoungGen: 660679K->516K(636800K)] 797048K->137020K(1323776K), 0.0130900 secs] [Times: user=0.05 sys=0.00, real=0.01 secs] 
2014-07-08T08:19:54.358+0000: 999.908: [GC [PSYoungGen: 636739K->192K(613824K)] 773243K->136808K(1300800K), 0.0077060 secs] [Times: user=0.03 sys=0.00, real=0.01 secs] 
2014-07-08T08:19:55.743+0000: 1001.292: [GC [PSYoungGen: 613824K->800K(592896K)] 750440K->137496K(1279872K), 0.0119640 secs] [Times: user=0.04 sys=0.00, real=0.01 secs] 
2014-07-08T08:19:56.946+0000: 1002.495: [GC [PSYoungGen: 592852K->310K(571776K)] 729549K->137142K(1258752K), 0.0155730 secs] [Times: user=0.05 sys=0.00, real=0.02 secs] 
2014-07-08T08:19:58.183+0000: 1003.732: [GC [PSYoungGen: 571766K->288K(552128K)] 708598K->137168K(1239104K), 0.0149650 secs] [Times: user=0.06 sys=0.00, real=0.02 secs] 
2014-07-08T08:19:59.429+0000: 1004.979: [GC [PSYoungGen: 552096K->932K(534016K)] 688976K->137868K(1220992K), 0.0054570 secs] [Times: user=0.01 sys=0.00, real=0.00 secs] 
2014-07-08T08:20:00.581+0000: 1006.130: [GC [PSYoungGen: 533988K->676K(640384K)] 670924K->137908K(1327360K), 0.0255380 secs] [Times: user=0.09 sys=0.00, real=0.03 secs] 
2014-07-08T08:20:01.953+0000: 1007.502: [GC [PSYoungGen: 640356K->818K(768448K)] 777588K->138226K(1455424K), 0.0082000 secs] [Times: user=0.02 sys=0.00, real=0.01 secs] 
2014-07-08T08:20:03.545+0000: 1009.095: [GC [PSYoungGen: 768390K->448K(739392K)] 905799K->138048K(1426368K), 0.0138670 secs] [Times: user=0.05 sys=0.00, real=0.02 secs] 
2014-07-08T08:20:05.205+0000: 1010.755: [GC [PSYoungGen: 739364K->740K(712320K)] 876965K->138452K(1399296K), 0.0126830 secs] [Times: user=0.04 sys=0.00, real=0.02 secs] 
2014-07-08T08:20:06.680+0000: 1012.229: [GC [PSYoungGen: 712266K->580K(686080K)] 849978K->138436K(1373056K), 0.0046610 secs] [Times: user=0.02 sys=0.00, real=0.00 secs] 
2014-07-08T08:20:08.133+0000: 1013.683: [GC [PSYoungGen: 686020K->128K(660672K)] 823876K->138032K(1347648K), 0.0049800 secs] [Times: user=0.02 sys=0.00, real=0.01 secs] 
2014-07-08T08:20:09.573+0000: 1015.122: [GC [PSYoungGen: 660623K->498K(637312K)] 798528K->138458K(1324288K), 0.0107370 secs] [Times: user=0.03 sys=0.01, real=0.01 secs] 
2014-07-08T08:20:10.996+0000: 1016.546: [GC [PSYoungGen: 637298K->384K(614528K)] 775258K->138392K(1301504K), 0.0151690 secs] [Times: user=0.05 sys=0.00, real=0.02 secs] 
2014-07-08T08:20:12.242+0000: 1017.791: [GC [PSYoungGen: 614528K->242K(592832K)] 752536K->138450K(1279808K), 0.0036680 secs] [Times: user=0.00 sys=0.00, real=0.00 secs] 
2014-07-08T08:20:13.525+0000: 1019.075: [GC [PSYoungGen: 592818K->320K(572288K)] 731026K->138608K(1259264K), 0.0051440 secs] [Times: user=0.01 sys=0.00, real=0.01 secs] 
2014-07-08T08:20:14.843+0000: 1020.393: [GC [PSYoungGen: 572288K->1060K(553344K)] 710576K->139468K(1240320K), 0.0045110 secs] [Times: user=0.02 sys=0.00, real=0.00 secs] 
2014-07-08T08:20:16.003+0000: 1021.553: [GC [PSYoungGen: 553219K->662K(534144K)] 691628K->139190K(1221120K), 0.0118410 secs] [Times: user=0.04 sys=0.00, real=0.01 secs] 
2014-07-08T08:20:17.077+0000: 1022.627: [GC [PSYoungGen: 534090K->342K(515904K)] 672619K->138982K(1202880K), 0.0104640 secs] [Times: user=0.04 sys=0.00, real=0.01 secs] 
2014-07-08T08:20:18.182+0000: 1023.731: [GC [PSYoungGen: 515862K->256K(498624K)] 654502K->138944K(1185600K), 0.0073170 secs] [Times: user=0.02 sys=0.00, real=0.01 secs] 
2014-07-08T08:20:19.260+0000: 1024.810: [GC [PSYoungGen: 498545K->196K(482240K)] 637234K->138916K(1169216K), 0.0045150 secs] [Times: user=0.01 sys=0.00, real=0.00 secs] 
2014-07-08T08:20:20.316+0000: 1025.866: [GC [PSYoungGen: 482180K->288K(466624K)] 620900K->139048K(1153600K), 0.0088750 secs] [Times: user=0.04 sys=0.00, real=0.01 secs] 
2014-07-08T08:20:21.323+0000: 1026.873: [GC [PSYoungGen: 466592K->256K(451584K)] 605352K->139136K(1138560K), 0.0045940 secs] [Times: user=0.01 sys=0.00, real=0.00 secs] 
2014-07-08T08:20:22.274+0000: 1027.823: [GC [PSYoungGen: 451584K->356K(437376K)] 590464K->139380K(1124352K), 0.0117440 secs] [Times: user=0.05 sys=0.00, real=0.01 secs] 
2014-07-08T08:20:23.207+0000: 1028.756: [GC [PSYoungGen: 437348K->178K(423488K)] 576372K->139258K(1110464K), 0.0047240 secs] [Times: user=0.01 sys=0.00, real=0.01 secs] 
2014-07-08T08:20:24.112+0000: 1029.661: [GC [PSYoungGen: 423474K->320K(508288K)] 562554K->139472K(1195264K), 0.0333480 secs] [Times: user=0.11 sys=0.00, real=0.03 secs] 
2014-07-08T08:20:25.204+0000: 1030.753: [GC [PSYoungGen: 508288K->306K(609920K)] 647440K->139498K(1296896K), 0.0135520 secs] [Times: user=0.04 sys=0.00, real=0.01 secs] 
2014-07-08T08:20:26.536+0000: 1032.086: [GC [PSYoungGen: 609906K->576K(732096K)] 749098K->139872K(1419072K), 0.0089420 secs] [Times: user=0.02 sys=0.00, real=0.01 secs] 
2014-07-08T08:20:28.087+0000: 1033.637: [GC [PSYoungGen: 732096K->256K(878080K)] 871392K->139608K(1565056K), 0.0090620 secs] [Times: user=0.02 sys=0.00, real=0.01 secs] 
2014-07-08T08:20:30.019+0000: 1035.568: [GC [PSYoungGen: 878005K->384K(844288K)] 1017358K->139832K(1531264K), 0.0068010 secs] [Times: user=0.03 sys=0.00, real=0.01 secs] 
2014-07-08T08:20:31.814+0000: 1037.364: [GC [PSYoungGen: 844284K->384K(811968K)] 983732K->139968K(1498944K), 0.0071830 secs] [Times: user=0.01 sys=0.00, real=0.01 secs] 
2014-07-08T08:20:33.698+0000: 1039.247: [GC [PSYoungGen: 811968K->804K(781632K)] 951552K->140676K(1468608K), 0.0052420 secs] [Times: user=0.01 sys=0.00, real=0.01 secs] 
2014-07-08T08:20:35.211+0000: 1040.760: [GC [PSYoungGen: 781604K->352K(751872K)] 921476K->140400K(1438848K), 0.0095220 secs] [Times: user=0.02 sys=0.00, real=0.01 secs] 
2014-07-08T08:20:36.834+0000: 1042.384: [GC [PSYoungGen: 751840K->292K(723840K)] 891888K->140468K(1410816K), 0.0109750 secs] [Times: user=0.04 sys=0.00, real=0.01 secs] 
2014-07-08T08:20:38.380+0000: 1043.929: [GC [PSYoungGen: 723812K->324K(697280K)] 863988K->140564K(1384256K), 0.0068110 secs] [Times: user=0.02 sys=0.00, real=0.01 secs] 
2014-07-08T08:20:39.881+0000: 1045.431: [GC [PSYoungGen: 697220K->256K(671744K)] 837460K->140536K(1358720K), 0.0192020 secs] [Times: user=0.07 sys=0.00, real=0.02 secs] 
2014-07-08T08:20:41.319+0000: 1046.868: [GC [PSYoungGen: 671744K->192K(647424K)] 812024K->140576K(1334400K), 0.0047510 secs] [Times: user=0.01 sys=0.00, real=0.01 secs] 
2014-07-08T08:20:42.739+0000: 1048.289: [GC [PSYoungGen: 647424K->498K(624640K)] 787808K->141010K(1311616K), 0.0063190 secs] [Times: user=0.01 sys=0.00, real=0.01 secs] 
2014-07-08T08:20:44.138+0000: 1049.687: [GC [PSYoungGen: 624626K->580K(602688K)] 765138K->141196K(1289664K), 0.0087640 secs] [Times: user=0.03 sys=0.00, real=0.01 secs] 
2014-07-08T08:20:45.349+0000: 1050.899: [GC [PSYoungGen: 602624K->356K(581376K)] 743241K->141068K(1268352K), 0.0070680 secs] [Times: user=0.03 sys=0.00, real=0.01 secs] 
2014-07-08T08:20:46.626+0000: 1052.175: [GC [PSYoungGen: 581348K->370K(561280K)] 722060K->141162K(1248256K), 0.0050200 secs] [Times: user=0.01 sys=0.00, real=0.00 secs] 
2014-07-08T08:20:47.820+0000: 1053.370: [GC [PSYoungGen: 561266K->224K(541952K)] 702058K->141048K(1228928K), 0.0109370 secs] [Times: user=0.04 sys=0.00, real=0.01 secs] 
2014-07-08T08:20:48.971+0000: 1054.520: [GC [PSYoungGen: 541920K->128K(523520K)] 682744K->141008K(1210496K), 0.0043420 secs] [Times: user=0.01 sys=0.00, real=0.01 secs] 
2014-07-08T08:20:50.220+0000: 1055.770: [GC [PSYoungGen: 523520K->818K(506752K)] 664400K->141754K(1193728K), 0.0181290 secs] [Times: user=0.07 sys=0.00, real=0.02 secs] 
2014-07-08T08:20:51.184+0000: 1056.733: [GC [PSYoungGen: 506738K->594K(489856K)] 647674K->141690K(1176832K), 0.0039880 secs] [Times: user=0.01 sys=0.00, real=0.01 secs] 
2014-07-08T08:20:52.235+0000: 1057.785: [GC [PSYoungGen: 489810K->128K(473344K)] 630906K->141312K(1160320K), 0.0145990 secs] [Times: user=0.05 sys=0.01, real=0.01 secs] 
2014-07-08T08:20:53.258+0000: 1058.807: [GC [PSYoungGen: 473342K->342K(458304K)] 614527K->141598K(1145280K), 0.0048850 secs] [Times: user=0.02 sys=0.00, real=0.00 secs] 
2014-07-08T08:20:54.243+0000: 1059.793: [GC [PSYoungGen: 458262K->224K(443584K)] 599518K->141536K(1130560K), 0.0096140 secs] [Times: user=0.03 sys=0.00, real=0.01 secs] 
2014-07-08T08:20:55.239+0000: 1060.789: [GC [PSYoungGen: 443552K->932K(430272K)] 584864K->142300K(1117248K), 0.0048300 secs] [Times: user=0.02 sys=0.00, real=0.00 secs] 
2014-07-08T08:20:56.117+0000: 1061.666: [GC [PSYoungGen: 430244K->224K(416192K)] 571612K->141648K(1103168K), 0.0045520 secs] [Times: user=0.02 sys=0.00, real=0.00 secs] 
2014-07-08T08:20:57.013+0000: 1062.562: [GC [PSYoungGen: 416160K->320K(403456K)] 557584K->141856K(1090432K), 0.0063930 secs] [Times: user=0.01 sys=0.00, real=0.01 secs] 
2014-07-08T08:20:57.875+0000: 1063.424: [GC [PSYoungGen: 403387K->246K(391104K)] 544923K->141814K(1078080K), 0.0050190 secs] [Times: user=0.02 sys=0.01, real=0.01 secs] 
2014-07-08T08:20:58.729+0000: 1064.279: [GC [PSYoungGen: 391094K->288K(379392K)] 532662K->141888K(1066368K), 0.0087590 secs] [Times: user=0.02 sys=0.00, real=0.01 secs] 
2014-07-08T08:20:59.543+0000: 1065.092: [GC [PSYoungGen: 379360K->484K(368320K)] 520960K->142100K(1055296K), 0.0055840 secs] [Times: user=0.02 sys=0.00, real=0.01 secs] 
2014-07-08T08:21:00.351+0000: 1065.900: [GC [PSYoungGen: 368254K->452K(357568K)] 509871K->142100K(1044544K), 0.0055740 secs] [Times: user=0.01 sys=0.00, real=0.01 secs] 
2014-07-08T08:21:01.090+0000: 1066.640: [GC [PSYoungGen: 357508K->324K(347072K)] 499156K->142060K(1034048K), 0.0045980 secs] [Times: user=0.02 sys=0.01, real=0.00 secs] 
2014-07-08T08:21:01.836+0000: 1067.385: [GC [PSYoungGen: 347012K->210K(337024K)] 488748K->142002K(1024000K), 0.0046990 secs] [Times: user=0.01 sys=0.00, real=0.01 secs] 
2014-07-08T08:21:02.576+0000: 1068.125: [GC [PSYoungGen: 336969K->420K(327680K)] 478761K->142260K(1014656K), 0.0052330 secs] [Times: user=0.01 sys=0.01, real=0.01 secs] 
2014-07-08T08:21:03.297+0000: 1068.846: [GC [PSYoungGen: 327652K->256K(318336K)] 469492K->142120K(1005312K), 0.0118380 secs] [Times: user=0.04 sys=0.00, real=0.01 secs] 
2014-07-08T08:21:03.961+0000: 1069.510: [GC [PSYoungGen: 318336K->516K(309888K)] 460200K->142468K(996864K), 0.0070740 secs] [Times: user=0.01 sys=0.00, real=0.01 secs] 
2014-07-08T08:21:04.648+0000: 1070.197: [GC [PSYoungGen: 309828K->384K(371584K)] 451780K->142392K(1058560K), 0.0132280 secs] [Times: user=0.05 sys=0.00, real=0.01 secs] 
2014-07-08T08:21:05.496+0000: 1071.045: [GC [PSYoungGen: 371534K->762K(361024K)] 513542K->142970K(1048000K), 0.0037550 secs] [Times: user=0.01 sys=0.00, real=0.01 secs] 
2014-07-08T08:21:06.204+0000: 1071.753: [GC [PSYoungGen: 360961K->370K(350144K)] 503170K->142666K(1037120K), 0.0044580 secs] [Times: user=0.01 sys=0.00, real=0.01 secs] 
2014-07-08T08:21:06.959+0000: 1072.509: [GC [PSYoungGen: 350130K->256K(339968K)] 492426K->142616K(1026944K), 0.0054670 secs] [Times: user=0.01 sys=0.00, real=0.00 secs] 
2014-07-08T08:21:07.708+0000: 1073.258: [GC [PSYoungGen: 339968K->516K(330688K)] 482328K->142940K(1017664K), 0.0073530 secs] [Times: user=0.02 sys=0.00, real=0.00 secs] 
2014-07-08T08:21:08.427+0000: 1073.976: [GC [PSYoungGen: 330626K->882K(321792K)] 473050K->143418K(1008768K), 0.0050110 secs] [Times: user=0.01 sys=0.00, real=0.01 secs] 
2014-07-08T08:21:09.190+0000: 1074.740: [GC [PSYoungGen: 321778K->320K(385408K)] 464314K->142888K(1072384K), 0.0180280 secs] [Times: user=0.06 sys=0.00, real=0.02 secs] 
2014-07-08T08:21:09.977+0000: 1075.526: [GC [PSYoungGen: 385408K->192K(462336K)] 527976K->142856K(1149312K), 0.0046210 secs] [Times: user=0.01 sys=0.00, real=0.01 secs] 
2014-07-08T08:21:11.004+0000: 1076.553: [GC [PSYoungGen: 462336K->434K(447808K)] 605000K->143186K(1134784K), 0.0083210 secs] [Times: user=0.03 sys=0.00, real=0.01 secs] 
2014-07-08T08:21:11.887+0000: 1077.437: [GC [PSYoungGen: 447794K->452K(537344K)] 590546K->143356K(1224320K), 0.0115310 secs] [Times: user=0.04 sys=0.00, real=0.01 secs] 
2014-07-08T08:21:13.043+0000: 1078.593: [GC [PSYoungGen: 537282K->224K(518976K)] 680187K->143232K(1205952K), 0.0063300 secs] [Times: user=0.02 sys=0.00, real=0.01 secs] 
2014-07-08T08:21:14.145+0000: 1079.695: [GC [PSYoungGen: 518944K->192K(501632K)] 661952K->143288K(1188608K), 0.0043330 secs] [Times: user=0.01 sys=0.00, real=0.01 secs] 
2014-07-08T08:21:15.231+0000: 1080.780: [GC [PSYoungGen: 501632K->224K(485184K)] 644728K->143376K(1172160K), 0.0149670 secs] [Times: user=0.06 sys=0.00, real=0.01 secs] 
2014-07-08T08:21:16.280+0000: 1081.830: [GC [PSYoungGen: 485149K->576K(469696K)] 628301K->143824K(1156672K), 0.0089170 secs] [Times: user=0.02 sys=0.00, real=0.01 secs] 
2014-07-08T08:21:17.285+0000: 1082.835: [GC [PSYoungGen: 469655K->466K(454528K)] 612904K->143794K(1141504K), 0.0119650 secs] [Times: user=0.05 sys=0.00, real=0.01 secs] 
2014-07-08T08:21:18.256+0000: 1083.805: [GC [PSYoungGen: 454464K->192K(439744K)] 597793K->143552K(1126720K), 0.0045620 secs] [Times: user=0.01 sys=0.00, real=0.01 secs] 
2014-07-08T08:21:19.202+0000: 1084.751: [GC [PSYoungGen: 439744K->274K(426048K)] 583104K->143674K(1113024K), 0.0098090 secs] [Times: user=0.04 sys=0.00, real=0.01 secs] 
2014-07-08T08:21:20.165+0000: 1085.714: [GC [PSYoungGen: 426002K->694K(511616K)] 569402K->144142K(1198592K), 0.0143510 secs] [Times: user=0.04 sys=0.00, real=0.02 secs] 
2014-07-08T08:21:21.212+0000: 1086.762: [GC [PSYoungGen: 511606K->352K(494336K)] 655054K->143928K(1181312K), 0.0074790 secs] [Times: user=0.01 sys=0.00, real=0.01 secs] 
2014-07-08T08:21:22.273+0000: 1087.822: [GC [PSYoungGen: 494304K->192K(477952K)] 637880K->143888K(1164928K), 0.0046930 secs] [Times: user=0.01 sys=0.01, real=0.00 secs] 
2014-07-08T08:21:23.299+0000: 1088.848: [GC [PSYoungGen: 477952K->292K(462592K)] 621648K->144060K(1149568K), 0.0047310 secs] [Times: user=0.00 sys=0.00, real=0.01 secs] 
2014-07-08T08:21:24.302+0000: 1089.851: [GC [PSYoungGen: 462564K->256K(555008K)] 606332K->144104K(1241984K), 0.0210690 secs] [Times: user=0.08 sys=0.00, real=0.02 secs] 
2014-07-08T08:21:25.505+0000: 1091.054: [GC [PSYoungGen: 555008K->402K(666176K)] 698856K->144298K(1353152K), 0.0210310 secs] [Times: user=0.08 sys=0.00, real=0.02 secs] 
2014-07-08T08:21:27.005+0000: 1092.554: [GC [PSYoungGen: 666130K->288K(799232K)] 810026K->144248K(1486208K), 0.0125300 secs] [Times: user=0.05 sys=0.00, real=0.01 secs] 
2014-07-08T08:21:28.698+0000: 1094.248: [GC [PSYoungGen: 799200K->576K(959296K)] 943160K->144704K(1646272K), 0.0336090 secs] [Times: user=0.12 sys=0.00, real=0.04 secs] 
2014-07-08T08:21:30.849+0000: 1096.398: [GC [PSYoungGen: 959295K->818K(1151296K)] 1103424K->145378K(1838272K), 0.0069100 secs] [Times: user=0.02 sys=0.00, real=0.01 secs] 
2014-07-08T08:21:33.187+0000: 1098.737: [GC [PSYoungGen: 1151282K->320K(1103808K)] 1295842K->145184K(1790784K), 0.0134180 secs] [Times: user=0.05 sys=0.00, real=0.02 secs] 
2014-07-08T08:21:35.556+0000: 1101.106: [GC [PSYoungGen: 1103733K->434K(1059264K)] 1248598K->145562K(1746240K), 0.0119100 secs] [Times: user=0.04 sys=0.00, real=0.01 secs] 
2014-07-08T08:21:37.895+0000: 1103.444: [GC [PSYoungGen: 1059250K->712K(1017024K)] 1204378K->145968K(1704000K), 0.0047050 secs] [Times: user=0.01 sys=0.00, real=0.00 secs] 
2014-07-08T08:21:40.002+0000: 1105.552: [GC [PSYoungGen: 1016968K->402K(976192K)] 1162224K->145810K(1663168K), 0.0052620 secs] [Times: user=0.02 sys=0.00, real=0.00 secs] 
2014-07-08T08:21:42.110+0000: 1107.659: [GC [PSYoungGen: 976146K->352K(937536K)] 1121554K->145872K(1624512K), 0.0093040 secs] [Times: user=0.04 sys=0.00, real=0.01 secs] 
2014-07-08T08:21:44.179+0000: 1109.729: [GC [PSYoungGen: 937504K->448K(900864K)] 1083024K->146144K(1587840K), 0.0147330 secs] [Times: user=0.05 sys=0.00, real=0.02 secs] 
2014-07-08T08:21:46.083+0000: 1111.633: [GC [PSYoungGen: 900864K->320K(865792K)] 1046560K->146160K(1552768K), 0.0092770 secs] [Times: user=0.03 sys=0.00, real=0.01 secs] 
2014-07-08T08:21:47.949+0000: 1113.499: [GC [PSYoungGen: 865790K->484K(832640K)] 1011631K->146468K(1519616K), 0.0086730 secs] [Times: user=0.03 sys=0.00, real=0.01 secs] 
2014-07-08T08:21:49.758+0000: 1115.308: [GC [PSYoungGen: 832612K->886K(801280K)] 978596K->147174K(1488256K), 0.0055690 secs] [Times: user=0.02 sys=0.00, real=0.01 secs] 
2014-07-08T08:21:51.425+0000: 1116.975: [GC [PSYoungGen: 801270K->448K(770624K)] 947558K->146824K(1457600K), 0.0058930 secs] [Times: user=0.02 sys=0.00, real=0.00 secs] 
2014-07-08T08:21:53.071+0000: 1118.620: [GC [PSYoungGen: 770624K->338K(741760K)] 917000K->146914K(1428736K), 0.0109300 secs] [Times: user=0.04 sys=0.00, real=0.01 secs] 
2014-07-08T08:21:54.759+0000: 1120.308: [GC [PSYoungGen: 741714K->1074K(715008K)] 888290K->147836K(1401984K), 0.0071650 secs] [Times: user=0.01 sys=0.00, real=0.01 secs] 
2014-07-08T08:21:56.223+0000: 1121.772: [GC [PSYoungGen: 714994K->338K(688128K)] 861756K->147196K(1375104K), 0.0134710 secs] [Times: user=0.04 sys=0.01, real=0.02 secs] 
2014-07-08T08:21:57.736+0000: 1123.286: [GC [PSYoungGen: 688082K->754K(663552K)] 834940K->147724K(1350528K), 0.0071310 secs] [Times: user=0.01 sys=0.00, real=0.00 secs] 
2014-07-08T08:21:59.124+0000: 1124.674: [GC [PSYoungGen: 663538K->320K(639296K)] 810508K->147330K(1326272K), 0.0098710 secs] [Times: user=0.03 sys=0.00, real=0.01 secs] 
2014-07-08T08:22:00.494+0000: 1126.044: [GC [PSYoungGen: 639296K->416K(616704K)] 786306K->147474K(1303680K), 0.0073270 secs] [Times: user=0.03 sys=0.00, real=0.01 secs] 
2014-07-08T08:22:01.815+0000: 1127.364: [GC [PSYoungGen: 616672K->320K(594880K)] 763730K->147522K(1281856K), 0.0167460 secs] [Times: user=0.06 sys=0.00, real=0.01 secs] 
2014-07-08T08:22:03.098+0000: 1128.647: [GC [PSYoungGen: 594880K->160K(574016K)] 742082K->147498K(1260992K), 0.0142090 secs] [Times: user=0.05 sys=0.00, real=0.01 secs] 
2014-07-08T08:22:04.341+0000: 1129.890: [GC [PSYoungGen: 573984K->160K(554240K)] 721322K->147570K(1241216K), 0.0151460 secs] [Times: user=0.06 sys=0.00, real=0.02 secs] 
2014-07-08T08:22:05.543+0000: 1131.092: [GC [PSYoungGen: 554208K->434K(535616K)] 701618K->147892K(1222592K), 0.0040650 secs] [Times: user=0.01 sys=0.00, real=0.01 secs] 
2014-07-08T08:22:06.800+0000: 1132.349: [GC [PSYoungGen: 535602K->964K(518144K)] 683060K->148486K(1205120K), 0.0064170 secs] [Times: user=0.01 sys=0.00, real=0.01 secs] 
2014-07-08T08:22:07.814+0000: 1133.364: [GC [PSYoungGen: 518084K->256K(500160K)] 665606K->147906K(1187136K), 0.0069220 secs] [Times: user=0.01 sys=0.00, real=0.01 secs] 
2014-07-08T08:22:08.908+0000: 1134.457: [GC [PSYoungGen: 500160K->388K(483904K)] 647810K->148102K(1170880K), 0.0166270 secs] [Times: user=0.05 sys=0.00, real=0.01 secs] 
2014-07-08T08:22:09.916+0000: 1135.466: [GC [PSYoungGen: 483844K->384K(468096K)] 631558K->148146K(1155072K), 0.0073660 secs] [Times: user=0.03 sys=0.00, real=0.00 secs] 
2014-07-08T08:22:10.915+0000: 1136.465: [GC [PSYoungGen: 468096K->256K(452928K)] 615858K->148106K(1139904K), 0.0111400 secs] [Times: user=0.04 sys=0.00, real=0.02 secs] 
2014-07-08T08:22:11.960+0000: 1137.510: [GC [PSYoungGen: 452928K->448K(438720K)] 600778K->148402K(1125696K), 0.0069340 secs] [Times: user=0.02 sys=0.00, real=0.01 secs] 
2014-07-08T08:22:12.879+0000: 1138.429: [GC [PSYoungGen: 438673K->644K(425216K)] 586628K->148726K(1112192K), 0.0062610 secs] [Times: user=0.01 sys=0.00, real=0.00 secs] 
2014-07-08T08:22:13.767+0000: 1139.316: [GC [PSYoungGen: 425156K->498K(509952K)] 573238K->148668K(1196928K), 0.0262250 secs] [Times: user=0.08 sys=0.00, real=0.03 secs] 
2014-07-08T08:22:14.889+0000: 1140.439: [GC [PSYoungGen: 509938K->452K(611840K)] 658108K->148678K(1298816K), 0.0171560 secs] [Times: user=0.06 sys=0.00, real=0.01 secs] 
2014-07-08T08:22:16.168+0000: 1141.717: [GC [PSYoungGen: 611703K->260K(733952K)] 759930K->148542K(1420928K), 0.0078710 secs] [Times: user=0.01 sys=0.00, real=0.00 secs] 
2014-07-08T08:22:17.885+0000: 1143.434: [GC [PSYoungGen: 733892K->352K(706880K)] 882174K->148666K(1393856K), 0.0049610 secs] [Times: user=0.01 sys=0.00, real=0.01 secs] 
2014-07-08T08:22:19.261+0000: 1144.810: [GC [PSYoungGen: 706845K->228K(680896K)] 855160K->148694K(1367872K), 0.0148850 secs] [Times: user=0.05 sys=0.00, real=0.01 secs] 
2014-07-08T08:22:20.766+0000: 1146.316: [GC [PSYoungGen: 680868K->868K(656896K)] 829334K->149406K(1343872K), 0.0106560 secs] [Times: user=0.04 sys=0.00, real=0.01 secs] 
2014-07-08T08:22:22.139+0000: 1147.688: [GC [PSYoungGen: 656868K->192K(632704K)] 805406K->148866K(1319680K), 0.0059760 secs] [Times: user=0.01 sys=0.00, real=0.00 secs] 
2014-07-08T08:22:23.530+0000: 1149.079: [GC [PSYoungGen: 632704K->708K(610816K)] 781378K->149510K(1297792K), 0.0048650 secs] [Times: user=0.02 sys=0.00, real=0.00 secs] 
2014-07-08T08:22:24.904+0000: 1150.453: [GC [PSYoungGen: 610756K->512K(589120K)] 759558K->149434K(1276096K), 0.0054860 secs] [Times: user=0.01 sys=0.00, real=0.01 secs] 
2014-07-08T08:22:26.081+0000: 1151.630: [GC [PSYoungGen: 589120K->128K(568320K)] 738042K->149170K(1255296K), 0.0034540 secs] [Times: user=0.01 sys=0.00, real=0.00 secs] 
2014-07-08T08:22:27.317+0000: 1152.867: [GC [PSYoungGen: 568266K->292K(548992K)] 717308K->149382K(1235968K), 0.0162760 secs] [Times: user=0.06 sys=0.00, real=0.02 secs] 
2014-07-08T08:22:28.507+0000: 1154.056: [GC [PSYoungGen: 548964K->384K(530432K)] 698054K->149506K(1217408K), 0.0054120 secs] [Times: user=0.01 sys=0.00, real=0.01 secs] 
2014-07-08T08:22:29.682+0000: 1155.231: [GC [PSYoungGen: 530432K->466K(512768K)] 679554K->149636K(1199744K), 0.0215040 secs] [Times: user=0.08 sys=0.00, real=0.02 secs] 
2014-07-08T08:22:30.777+0000: 1156.326: [GC [PSYoungGen: 512722K->832K(496064K)] 661892K->150106K(1183040K), 0.0057540 secs] [Times: user=0.02 sys=0.00, real=0.01 secs] 
2014-07-08T08:22:31.940+0000: 1157.489: [GC [PSYoungGen: 496064K->644K(479680K)] 645338K->150022K(1166656K), 0.0069080 secs] [Times: user=0.02 sys=0.00, real=0.00 secs] 
2014-07-08T08:22:32.878+0000: 1158.428: [GC [PSYoungGen: 479606K->566K(464000K)] 628985K->150168K(1150976K), 0.0076630 secs] [Times: user=0.02 sys=0.00, real=0.01 secs] 
2014-07-08T08:22:33.916+0000: 1159.465: [GC [PSYoungGen: 463990K->512K(449088K)] 613592K->150186K(1136064K), 0.0057770 secs] [Times: user=0.02 sys=0.00, real=0.01 secs] 
2014-07-08T08:22:34.876+0000: 1160.426: [GC [PSYoungGen: 449088K->598K(435008K)] 598762K->150360K(1121984K), 0.0053400 secs] [Times: user=0.01 sys=0.00, real=0.01 secs] 
2014-07-08T08:22:35.795+0000: 1161.344: [GC [PSYoungGen: 434966K->736K(421568K)] 584728K->150562K(1108544K), 0.0061170 secs] [Times: user=0.02 sys=0.00, real=0.01 secs] 
2014-07-08T08:22:36.755+0000: 1162.304: [GC [PSYoungGen: 421536K->704K(408512K)] 571362K->150858K(1095488K), 0.0066790 secs] [Times: user=0.02 sys=0.00, real=0.01 secs] 
2014-07-08T08:22:37.524+0000: 1163.073: [GC [PSYoungGen: 408416K->384K(395712K)] 558571K->150586K(1082688K), 0.0057630 secs] [Times: user=0.01 sys=0.00, real=0.00 secs] 
2014-07-08T08:22:38.373+0000: 1163.923: [GC [PSYoungGen: 395712K->178K(383616K)] 545914K->150476K(1070592K), 0.0042480 secs] [Times: user=0.01 sys=0.00, real=0.00 secs] 
2014-07-08T08:22:39.210+0000: 1164.760: [GC [PSYoungGen: 383602K->288K(372288K)] 533900K->150618K(1059264K), 0.0055160 secs] [Times: user=0.02 sys=0.00, real=0.00 secs] 
2014-07-08T08:22:40.082+0000: 1165.631: [GC [PSYoungGen: 372256K->320K(361344K)] 522586K->150682K(1048320K), 0.0097140 secs] [Times: user=0.04 sys=0.00, real=0.01 secs] 
2014-07-08T08:22:40.832+0000: 1166.382: [GC [PSYoungGen: 361344K->928K(351488K)] 511706K->151418K(1038464K), 0.0062090 secs] [Times: user=0.02 sys=0.00, real=0.00 secs] 
2014-07-08T08:22:41.535+0000: 1167.085: [GC [PSYoungGen: 351451K->320K(340800K)] 501942K->150890K(1027776K), 0.0079310 secs] [Times: user=0.02 sys=0.01, real=0.01 secs] 
2014-07-08T08:22:42.269+0000: 1167.818: [GC [PSYoungGen: 340800K->320K(408896K)] 491370K->150946K(1095872K), 0.0173860 secs] [Times: user=0.05 sys=0.00, real=0.02 secs] 
2014-07-08T08:22:43.150+0000: 1168.699: [GC [PSYoungGen: 408896K->192K(490496K)] 559522K->150914K(1177472K), 0.0036670 secs] [Times: user=0.01 sys=0.00, real=0.01 secs] 
2014-07-08T08:22:44.213+0000: 1169.762: [GC [PSYoungGen: 490496K->242K(474496K)] 641218K->151036K(1161472K), 0.0030800 secs] [Times: user=0.01 sys=0.00, real=0.00 secs] 
2014-07-08T08:22:45.312+0000: 1170.862: [GC [PSYoungGen: 474482K->480K(459392K)] 625276K->151338K(1146368K), 0.0114740 secs] [Times: user=0.05 sys=0.00, real=0.01 secs] 
2014-07-08T08:22:46.220+0000: 1171.770: [GC [PSYoungGen: 459360K->256K(444480K)] 610218K->151202K(1131456K), 0.0053180 secs] [Times: user=0.01 sys=0.00, real=0.01 secs] 
2014-07-08T08:22:47.180+0000: 1172.730: [GC [PSYoungGen: 444480K->256K(430464K)] 595426K->151234K(1117440K), 0.0044830 secs] [Times: user=0.01 sys=0.00, real=0.01 secs] 
2014-07-08T08:22:48.097+0000: 1173.646: [GC [PSYoungGen: 430464K->192K(416960K)] 581442K->151250K(1103936K), 0.0123480 secs] [Times: user=0.05 sys=0.00, real=0.01 secs] 
2014-07-08T08:22:49.006+0000: 1174.556: [GC [PSYoungGen: 416960K->288K(404224K)] 568018K->151394K(1091200K), 0.0066350 secs] [Times: user=0.02 sys=0.00, real=0.01 secs] 
2014-07-08T08:22:49.904+0000: 1175.453: [GC [PSYoungGen: 404192K->274K(391936K)] 555298K->151412K(1078912K), 0.0047330 secs] [Times: user=0.01 sys=0.00, real=0.00 secs] 
2014-07-08T08:22:50.763+0000: 1176.313: [GC [PSYoungGen: 391884K->882K(380736K)] 543023K->152172K(1067712K), 0.0077390 secs] [Times: user=0.01 sys=0.00, real=0.00 secs] 
2014-07-08T08:22:51.568+0000: 1177.117: [GC [PSYoungGen: 380722K->544K(369152K)] 532012K->151906K(1056128K), 0.0108130 secs] [Times: user=0.04 sys=0.00, real=0.01 secs] 
2014-07-08T08:22:52.319+0000: 1177.868: [GC [PSYoungGen: 369120K->160K(357952K)] 520482K->151634K(1044928K), 0.0045810 secs] [Times: user=0.01 sys=0.00, real=0.01 secs] 
2014-07-08T08:22:53.089+0000: 1178.638: [GC [PSYoungGen: 357920K->274K(347712K)] 509394K->151828K(1034688K), 0.0056370 secs] [Times: user=0.01 sys=0.00, real=0.01 secs] 
2014-07-08T08:22:53.872+0000: 1179.421: [GC [PSYoungGen: 347635K->320K(337792K)] 499190K->151930K(1024768K), 0.0052920 secs] [Times: user=0.01 sys=0.00, real=0.01 secs] 
2014-07-08T08:22:54.571+0000: 1180.120: [GC [PSYoungGen: 337792K->320K(328256K)] 489402K->151994K(1015232K), 0.0094880 secs] [Times: user=0.04 sys=0.00, real=0.01 secs] 
2014-07-08T08:22:55.275+0000: 1180.825: [GC [PSYoungGen: 328256K->224K(393792K)] 479930K->151922K(1080768K), 0.0124170 secs] [Times: user=0.04 sys=0.00, real=0.01 secs] 
2014-07-08T08:22:56.118+0000: 1181.668: [GC [PSYoungGen: 393760K->224K(472512K)] 545458K->151970K(1159488K), 0.0154430 secs] [Times: user=0.06 sys=0.00, real=0.02 secs] 
2014-07-08T08:22:57.221+0000: 1182.771: [GC [PSYoungGen: 472480K->288K(567040K)] 624226K->152082K(1254016K), 0.0133760 secs] [Times: user=0.05 sys=0.00, real=0.02 secs] 
2014-07-08T08:22:58.356+0000: 1183.905: [GC [PSYoungGen: 567008K->228K(680320K)] 718802K->152126K(1367296K), 0.0182310 secs] [Times: user=0.06 sys=0.00, real=0.02 secs] 
2014-07-08T08:22:59.859+0000: 1185.408: [GC [PSYoungGen: 680292K->694K(816832K)] 832190K->152632K(1503808K), 0.0084780 secs] [Times: user=0.01 sys=0.00, real=0.01 secs] 
2014-07-08T08:23:01.593+0000: 1187.142: [GC [PSYoungGen: 816792K->384K(979776K)] 968731K->152402K(1666752K), 0.0158420 secs] [Times: user=0.06 sys=0.00, real=0.02 secs] 
2014-07-08T08:23:03.701+0000: 1189.250: [GC [PSYoungGen: 979776K->626K(941312K)] 1131794K->152748K(1628288K), 0.0063580 secs] [Times: user=0.01 sys=0.01, real=0.01 secs] 
2014-07-08T08:23:05.758+0000: 1191.307: [GC [PSYoungGen: 941212K->872K(904704K)] 1093334K->153394K(1591680K), 0.0053960 secs] [Times: user=0.02 sys=0.00, real=0.00 secs] 
2014-07-08T08:23:07.717+0000: 1193.266: [GC [PSYoungGen: 904680K->306K(868992K)] 1057202K->153712K(1555968K), 0.0080700 secs] [Times: user=0.02 sys=0.00, real=0.01 secs] 
2014-07-08T08:23:09.512+0000: 1195.062: [GC [PSYoungGen: 868978K->480K(835712K)] 1022384K->154030K(1522688K), 0.0116370 secs] [Times: user=0.04 sys=0.00, real=0.01 secs] 
2014-07-08T08:23:11.315+0000: 1196.865: [GC [PSYoungGen: 835680K->530K(803904K)] 989230K->154320K(1490880K), 0.0124090 secs] [Times: user=0.05 sys=0.00, real=0.01 secs] 
2014-07-08T08:23:13.042+0000: 1198.592: [GC [PSYoungGen: 803858K->224K(773184K)] 957648K->154150K(1460160K), 0.0123360 secs] [Times: user=0.04 sys=0.00, real=0.01 secs] 
2014-07-08T08:23:14.717+0000: 1200.266: [GC [PSYoungGen: 773132K->388K(744448K)] 927059K->154458K(1431424K), 0.0141000 secs] [Times: user=0.06 sys=0.00, real=0.01 secs] 
2014-07-08T08:23:16.315+0000: 1201.864: [GC [PSYoungGen: 744338K->438K(716864K)] 898408K->154604K(1403840K), 0.0057610 secs] [Times: user=0.01 sys=0.00, real=0.01 secs] 
2014-07-08T08:23:17.861+0000: 1203.410: [GC [PSYoungGen: 716854K->192K(690304K)] 871020K->154414K(1377280K), 0.0162150 secs] [Times: user=0.05 sys=0.00, real=0.02 secs] 
2014-07-08T08:23:19.400+0000: 1204.949: [GC [PSYoungGen: 690299K->224K(665280K)] 844522K->154526K(1352256K), 0.0046620 secs] [Times: user=0.02 sys=0.00, real=0.00 secs] 
2014-07-08T08:23:20.806+0000: 1206.356: [GC [PSYoungGen: 665248K->384K(641472K)] 819550K->154734K(1328448K), 0.0105260 secs] [Times: user=0.03 sys=0.00, real=0.01 secs] 
2014-07-08T08:23:22.166+0000: 1207.715: [GC [PSYoungGen: 641472K->484K(618752K)] 795822K->154946K(1305728K), 0.0057960 secs] [Times: user=0.01 sys=0.01, real=0.01 secs] 
2014-07-08T08:23:23.499+0000: 1209.048: [GC [PSYoungGen: 618724K->370K(596864K)] 773186K->154928K(1283840K), 0.0056120 secs] [Times: user=0.01 sys=0.00, real=0.00 secs] 
2014-07-08T08:23:24.795+0000: 1210.345: [GC [PSYoungGen: 596850K->612K(576320K)] 751408K->155274K(1263296K), 0.0069720 secs] [Times: user=0.01 sys=0.01, real=0.01 secs] 
2014-07-08T08:23:26.044+0000: 1211.594: [GC [PSYoungGen: 576292K->256K(556096K)] 730954K->154966K(1243072K), 0.0072290 secs] [Times: user=0.01 sys=0.00, real=0.01 secs] 
2014-07-08T08:23:27.220+0000: 1212.769: [GC [PSYoungGen: 556073K->388K(537344K)] 710784K->155202K(1224320K), 0.0100500 secs] [Times: user=0.04 sys=0.01, real=0.01 secs] 
2014-07-08T08:23:28.378+0000: 1213.927: [GC [PSYoungGen: 537284K->160K(518976K)] 692098K->155038K(1205952K), 0.0088860 secs] [Times: user=0.04 sys=0.00, real=0.01 secs] 
2014-07-08T08:23:29.497+0000: 1215.046: [GC [PSYoungGen: 518944K->352K(501888K)] 673822K->155310K(1188864K), 0.0102140 secs] [Times: user=0.04 sys=0.00, real=0.01 secs] 
2014-07-08T08:23:30.584+0000: 1216.134: [GC [PSYoungGen: 501856K->288K(485312K)] 656814K->155278K(1172288K), 0.0057110 secs] [Times: user=0.01 sys=0.00, real=0.01 secs] 
2014-07-08T08:23:31.635+0000: 1217.185: [GC [PSYoungGen: 485280K->826K(470016K)] 640270K->155920K(1156992K), 0.0047840 secs] [Times: user=0.01 sys=0.00, real=0.01 secs] 
2014-07-08T08:23:32.696+0000: 1218.245: [GC [PSYoungGen: 470010K->548K(454656K)] 625104K->155946K(1141632K), 0.0089580 secs] [Times: user=0.01 sys=0.00, real=0.01 secs] 
2014-07-08T08:23:33.614+0000: 1219.164: [GC [PSYoungGen: 454542K->512K(440128K)] 609940K->156014K(1127104K), 0.0162450 secs] [Times: user=0.06 sys=0.00, real=0.02 secs] 
2014-07-08T08:23:34.583+0000: 1220.132: [GC [PSYoungGen: 440128K->786K(426624K)] 595630K->156416K(1113600K), 0.0112030 secs] [Times: user=0.02 sys=0.00, real=0.01 secs] 
2014-07-08T08:23:35.489+0000: 1221.038: [GC [PSYoungGen: 426578K->466K(413056K)] 582208K->156152K(1100032K), 0.0038540 secs] [Times: user=0.02 sys=0.00, real=0.00 secs] 
2014-07-08T08:23:36.374+0000: 1221.923: [GC [PSYoungGen: 413010K->256K(400128K)] 568696K->155990K(1087104K), 0.0106800 secs] [Times: user=0.04 sys=0.00, real=0.01 secs] 
2014-07-08T08:23:37.236+0000: 1222.786: [GC [PSYoungGen: 400128K->292K(388096K)] 555862K->156074K(1075072K), 0.0103190 secs] [Times: user=0.04 sys=0.00, real=0.01 secs] 
2014-07-08T08:23:38.071+0000: 1223.620: [GC [PSYoungGen: 388068K->288K(376512K)] 543850K->156166K(1063488K), 0.0066920 secs] [Times: user=0.02 sys=0.00, real=0.00 secs] 
2014-07-08T08:23:38.908+0000: 1224.457: [GC [PSYoungGen: 376480K->626K(452096K)] 532358K->156568K(1139072K), 0.0156560 secs] [Times: user=0.05 sys=0.00, real=0.02 secs] 
2014-07-08T08:23:39.877+0000: 1225.427: [GC [PSYoungGen: 452082K->288K(542080K)] 608024K->156278K(1229056K), 0.0101380 secs] [Times: user=0.04 sys=0.00, real=0.01 secs] 
2014-07-08T08:23:41.018+0000: 1226.568: [GC [PSYoungGen: 542021K->324K(523840K)] 698012K->156386K(1210816K), 0.0050450 secs] [Times: user=0.02 sys=0.00, real=0.01 secs] 
2014-07-08T08:23:42.147+0000: 1227.696: [GC [PSYoungGen: 523755K->392K(506368K)] 679818K->156550K(1193344K), 0.0044750 secs] [Times: user=0.01 sys=0.00, real=0.01 secs] 
2014-07-08T08:23:43.286+0000: 1228.836: [GC [PSYoungGen: 506312K->288K(489536K)] 662470K->156518K(1176512K), 0.0034710 secs] [Times: user=0.01 sys=0.00, real=0.01 secs] 
2014-07-08T08:23:44.296+0000: 1229.846: [GC [PSYoungGen: 489504K->292K(473536K)] 645734K->156642K(1160512K), 0.0045120 secs] [Times: user=0.01 sys=0.00, real=0.01 secs] 
2014-07-08T08:23:45.319+0000: 1230.868: [GC [PSYoungGen: 473508K->210K(458176K)] 629858K->156608K(1145152K), 0.0043980 secs] [Times: user=0.01 sys=0.00, real=0.01 secs] 
2014-07-08T08:23:46.306+0000: 1231.855: [GC [PSYoungGen: 458130K->224K(443584K)] 614528K->156702K(1130560K), 0.0175390 secs] [Times: user=0.05 sys=0.00, real=0.02 secs] 
2014-07-08T08:23:47.258+0000: 1232.808: [GC [PSYoungGen: 443502K->370K(429696K)] 599981K->156912K(1116672K), 0.0039640 secs] [Times: user=0.01 sys=0.00, real=0.01 secs] 
2014-07-08T08:23:48.299+0000: 1233.848: [GC [PSYoungGen: 429658K->616K(416576K)] 586201K->157206K(1103552K), 0.0133290 secs] [Times: user=0.05 sys=0.00, real=0.02 secs] 
2014-07-08T08:23:49.093+0000: 1234.642: [GC [PSYoungGen: 416552K->594K(403776K)] 573142K->157280K(1090752K), 0.0048110 secs] [Times: user=0.01 sys=0.01, real=0.00 secs] 
2014-07-08T08:23:49.967+0000: 1235.517: [GC [PSYoungGen: 403730K->420K(391296K)] 560416K->157154K(1078272K), 0.0091960 secs] [Times: user=0.03 sys=0.00, real=0.01 secs] 
2014-07-08T08:23:50.828+0000: 1236.377: [GC [PSYoungGen: 391268K->626K(379712K)] 548002K->157464K(1066688K), 0.0101100 secs] [Times: user=0.03 sys=0.00, real=0.01 secs] 
2014-07-08T08:23:51.631+0000: 1237.180: [GC [PSYoungGen: 379698K->640K(455552K)] 536536K->157638K(1142528K), 0.0206560 secs] [Times: user=0.06 sys=0.00, real=0.03 secs] 
2014-07-08T08:23:52.599+0000: 1238.148: [GC [PSYoungGen: 455552K->352K(546304K)] 612550K->157398K(1233280K), 0.0052570 secs] [Times: user=0.01 sys=0.00, real=0.01 secs] 
2014-07-08T08:23:53.868+0000: 1239.418: [GC [PSYoungGen: 546216K->928K(528384K)] 703263K->158062K(1215360K), 0.0074520 secs] [Times: user=0.02 sys=0.00, real=0.01 secs] 
2014-07-08T08:23:54.944+0000: 1240.494: [GC [PSYoungGen: 528352K->352K(633344K)] 685486K->157622K(1320320K), 0.0240330 secs] [Times: user=0.09 sys=0.00, real=0.02 secs] 
2014-07-08T08:23:56.261+0000: 1241.810: [GC [PSYoungGen: 633312K->128K(759680K)] 790582K->157470K(1446656K), 0.0051960 secs] [Times: user=0.01 sys=0.00, real=0.01 secs] 
2014-07-08T08:23:58.001+0000: 1243.551: [GC [PSYoungGen: 759680K->690K(731904K)] 917022K->158080K(1418880K), 0.0042640 secs] [Times: user=0.01 sys=0.00, real=0.01 secs] 
2014-07-08T08:23:59.477+0000: 1245.027: [GC [PSYoungGen: 731890K->242K(704448K)] 889280K->157728K(1391424K), 0.0046840 secs] [Times: user=0.01 sys=0.00, real=0.00 secs] 
2014-07-08T08:24:01.011+0000: 1246.561: [GC [PSYoungGen: 704434K->480K(678976K)] 861920K->158038K(1365952K), 0.0234280 secs] [Times: user=0.07 sys=0.00, real=0.03 secs] 
2014-07-08T08:24:02.448+0000: 1247.997: [GC [PSYoungGen: 678887K->374K(654272K)] 836446K->158116K(1341248K), 0.0079560 secs] [Times: user=0.02 sys=0.00, real=0.01 secs] 
2014-07-08T08:24:03.910+0000: 1249.459: [GC [PSYoungGen: 654262K->722K(631232K)] 812004K->158560K(1318208K), 0.0074120 secs] [Times: user=0.01 sys=0.01, real=0.01 secs] 
2014-07-08T08:24:05.218+0000: 1250.768: [GC [PSYoungGen: 631186K->274K(756928K)] 789024K->158248K(1443904K), 0.0408000 secs] [Times: user=0.14 sys=0.01, real=0.04 secs] 
2014-07-08T08:24:06.891+0000: 1252.441: [GC [PSYoungGen: 756877K->416K(908416K)] 914851K->158470K(1595392K), 0.0160680 secs] [Times: user=0.05 sys=0.00, real=0.02 secs] 
2014-07-08T08:24:08.866+0000: 1254.415: [GC [PSYoungGen: 908384K->768K(1090368K)] 1066438K->158942K(1777344K), 0.0087970 secs] [Times: user=0.02 sys=0.00, real=0.01 secs] 
2014-07-08T08:24:11.225+0000: 1256.774: [GC [PSYoungGen: 1090368K->836K(1046464K)] 1248542K->159106K(1733440K), 0.0197240 secs] [Times: user=0.07 sys=0.00, real=0.02 secs] 
2014-07-08T08:24:13.415+0000: 1258.964: [GC [PSYoungGen: 1046404K->224K(1003904K)] 1204674K->158686K(1690880K), 0.0144540 secs] [Times: user=0.05 sys=0.00, real=0.02 secs] 
2014-07-08T08:24:15.606+0000: 1261.155: [GC [PSYoungGen: 1003872K->480K(964288K)] 1162334K->159102K(1651264K), 0.0073390 secs] [Times: user=0.01 sys=0.00, real=0.00 secs] 
2014-07-08T08:24:17.680+0000: 1263.229: [GC [PSYoungGen: 964256K->224K(926016K)] 1122878K->158950K(1612992K), 0.0189130 secs] [Times: user=0.07 sys=0.00, real=0.02 secs] 
2014-07-08T08:24:19.692+0000: 1265.242: [GC [PSYoungGen: 925981K->832K(890432K)] 1084708K->159678K(1577408K), 0.0078640 secs] [Times: user=0.01 sys=0.00, real=0.01 secs] 
2014-07-08T08:24:21.589+0000: 1267.138: [GC [PSYoungGen: 890432K->480K(855680K)] 1049278K->159438K(1542656K), 0.0130110 secs] [Times: user=0.05 sys=0.00, real=0.01 secs] 
2014-07-08T08:24:23.419+0000: 1268.968: [GC [PSYoungGen: 855648K->352K(822720K)] 1014606K->159486K(1509696K), 0.0100260 secs] [Times: user=0.03 sys=0.00, real=0.01 secs] 
2014-07-08T08:24:25.191+0000: 1270.740: [GC [PSYoungGen: 822688K->160K(791232K)] 981822K->159454K(1478208K), 0.0045060 secs] [Times: user=0.01 sys=0.00, real=0.00 secs] 
2014-07-08T08:24:26.907+0000: 1272.456: [GC [PSYoungGen: 791155K->402K(761664K)] 950450K->159776K(1448640K), 0.0100850 secs] [Times: user=0.03 sys=0.00, real=0.02 secs] 
2014-07-08T08:24:28.589+0000: 1274.138: [GC [PSYoungGen: 761618K->690K(733504K)] 920992K->160144K(1420480K), 0.0087970 secs] [Times: user=0.02 sys=0.00, real=0.01 secs] 
2014-07-08T08:24:30.109+0000: 1275.658: [GC [PSYoungGen: 733490K->288K(706048K)] 892944K->159854K(1393024K), 0.0063130 secs] [Times: user=0.02 sys=0.00, real=0.00 secs] 
2014-07-08T08:24:31.642+0000: 1277.192: [GC [PSYoungGen: 706013K->530K(680512K)] 865580K->160208K(1367488K), 0.0145490 secs] [Times: user=0.05 sys=0.00, real=0.01 secs] 
2014-07-08T08:24:33.084+0000: 1278.634: [GC [PSYoungGen: 680466K->320K(655616K)] 840144K->160078K(1342592K), 0.0071570 secs] [Times: user=0.01 sys=0.01, real=0.01 secs] 
2014-07-08T08:24:34.566+0000: 1280.116: [GC [PSYoungGen: 655616K->722K(632576K)] 815374K->160576K(1319552K), 0.0047740 secs] [Times: user=0.02 sys=0.00, real=0.01 secs] 
2014-07-08T08:24:35.927+0000: 1281.477: [GC [PSYoungGen: 632530K->626K(610048K)] 792384K->160608K(1297024K), 0.0090330 secs] [Times: user=0.03 sys=0.00, real=0.01 secs] 
2014-07-08T08:24:37.168+0000: 1282.718: [GC [PSYoungGen: 610034K->128K(588160K)] 770016K->160206K(1275136K), 0.0043580 secs] [Times: user=0.01 sys=0.00, real=0.00 secs] 
2014-07-08T08:24:38.467+0000: 1284.017: [GC [PSYoungGen: 588160K->256K(567872K)] 748238K->160382K(1254848K), 0.0034500 secs] [Times: user=0.01 sys=0.00, real=0.01 secs] 
2014-07-08T08:24:39.720+0000: 1285.270: [GC [PSYoungGen: 567819K->982K(549184K)] 727946K->161180K(1236160K), 0.0156160 secs] [Times: user=0.06 sys=0.00, real=0.01 secs] 
2014-07-08T08:24:40.872+0000: 1286.421: [GC [PSYoungGen: 549142K->420K(529984K)] 709340K->160698K(1216960K), 0.0101490 secs] [Times: user=0.04 sys=0.00, real=0.01 secs] 
2014-07-08T08:24:41.992+0000: 1287.542: [GC [PSYoungGen: 529956K->192K(511936K)] 690234K->160630K(1198912K), 0.0115210 secs] [Times: user=0.02 sys=0.00, real=0.01 secs] 
2014-07-08T08:24:43.098+0000: 1288.648: [GC [PSYoungGen: 511936K->160K(494976K)] 672374K->160662K(1181952K), 0.0143920 secs] [Times: user=0.05 sys=0.00, real=0.02 secs] 
2014-07-08T08:24:44.169+0000: 1289.718: [GC [PSYoungGen: 494881K->762K(594560K)] 655383K->161352K(1281536K), 0.0161090 secs] [Times: user=0.06 sys=0.00, real=0.02 secs] 
2014-07-08T08:24:45.461+0000: 1291.010: [GC [PSYoungGen: 594554K->438K(713024K)] 755144K->161116K(1400000K), 0.0159820 secs] [Times: user=0.06 sys=0.00, real=0.01 secs] 
2014-07-08T08:24:47.004+0000: 1292.554: [GC [PSYoungGen: 712997K->438K(686912K)] 873676K->161212K(1373888K), 0.0112190 secs] [Times: user=0.05 sys=0.00, real=0.01 secs] 
2014-07-08T08:24:48.536+0000: 1294.086: [GC [PSYoungGen: 686867K->800K(662400K)] 847642K->161646K(1349376K), 0.0101280 secs] [Times: user=0.03 sys=0.01, real=0.01 secs] 
2014-07-08T08:24:49.927+0000: 1295.477: [GC [PSYoungGen: 662363K->224K(638080K)] 823210K->161118K(1325056K), 0.0046570 secs] [Times: user=0.01 sys=0.00, real=0.01 secs] 
2014-07-08T08:24:51.291+0000: 1296.840: [GC [PSYoungGen: 638048K->288K(615488K)] 798942K->161286K(1302464K), 0.0055330 secs] [Times: user=0.02 sys=0.00, real=0.00 secs] 
2014-07-08T08:24:52.617+0000: 1298.166: [GC [PSYoungGen: 615365K->694K(594240K)] 776364K->161812K(1281216K), 0.0057130 secs] [Times: user=0.01 sys=0.01, real=0.01 secs] 
2014-07-08T08:24:53.953+0000: 1299.502: [GC [PSYoungGen: 594230K->512K(573376K)] 755348K->161742K(1260352K), 0.0149280 secs] [Times: user=0.04 sys=0.00, real=0.01 secs] 
2014-07-08T08:24:55.109+0000: 1300.659: [GC [PSYoungGen: 573376K->224K(553408K)] 734606K->161598K(1240384K), 0.0082840 secs] [Times: user=0.03 sys=0.00, real=0.01 secs] 
2014-07-08T08:24:56.363+0000: 1301.912: [GC [PSYoungGen: 553376K->420K(534784K)] 714750K->161874K(1221760K), 0.0069110 secs] [Times: user=0.03 sys=0.00, real=0.00 secs] 
2014-07-08T08:24:57.452+0000: 1303.002: [GC [PSYoungGen: 534756K->192K(516544K)] 696210K->161718K(1203520K), 0.0137660 secs] [Times: user=0.05 sys=0.00, real=0.01 secs] 
2014-07-08T08:24:58.631+0000: 1304.181: [GC [PSYoungGen: 516544K->954K(500096K)] 678070K->162720K(1187072K), 0.0059140 secs] [Times: user=0.02 sys=0.00, real=0.01 secs] 
2014-07-08T08:24:59.655+0000: 1305.204: [GC [PSYoungGen: 500038K->640K(483328K)] 661804K->162462K(1170304K), 0.0060330 secs] [Times: user=0.02 sys=0.00, real=0.00 secs] 
2014-07-08T08:25:00.699+0000: 1306.249: [GC [PSYoungGen: 483328K->576K(467584K)] 645150K->162518K(1154560K), 0.0067370 secs] [Times: user=0.01 sys=0.00, real=0.01 secs] 
2014-07-08T08:25:01.705+0000: 1307.254: [GC [PSYoungGen: 467529K->758K(452736K)] 629471K->162796K(1139712K), 0.0063900 secs] [Times: user=0.02 sys=0.00, real=0.00 secs] 
2014-07-08T08:25:02.682+0000: 1308.232: [GC [PSYoungGen: 452726K->882K(438528K)] 614764K->163008K(1125504K), 0.0102890 secs] [Times: user=0.03 sys=0.00, real=0.01 secs] 
2014-07-08T08:25:03.627+0000: 1309.176: [GC [PSYoungGen: 438514K->676K(424576K)] 600640K->163258K(1111552K), 0.0057930 secs] [Times: user=0.02 sys=0.00, real=0.01 secs] 
2014-07-08T08:25:04.504+0000: 1310.054: [GC [PSYoungGen: 424548K->256K(411008K)] 587130K->162902K(1097984K), 0.0037120 secs] [Times: user=0.01 sys=0.00, real=0.00 secs] 
2014-07-08T08:25:05.392+0000: 1310.941: [GC [PSYoungGen: 411008K->192K(398336K)] 573654K->162998K(1085312K), 0.0085440 secs] [Times: user=0.01 sys=0.00, real=0.01 secs] 
2014-07-08T08:25:06.246+0000: 1311.796: [GC [PSYoungGen: 398335K->160K(386304K)] 561142K->163022K(1073280K), 0.0087750 secs] [Times: user=0.03 sys=0.00, real=0.01 secs] 
2014-07-08T08:25:07.079+0000: 1312.628: [GC [PSYoungGen: 386272K->178K(374784K)] 549134K->163072K(1061760K), 0.0102100 secs] [Times: user=0.04 sys=0.00, real=0.01 secs] 
2014-07-08T08:25:07.975+0000: 1313.524: [GC [PSYoungGen: 374769K->786K(364352K)] 537664K->163728K(1051328K), 0.0045940 secs] [Times: user=0.01 sys=0.01, real=0.00 secs] 
2014-07-08T08:25:08.785+0000: 1314.334: [GC [PSYoungGen: 364306K->1270K(437504K)] 527248K->164268K(1124480K), 0.0255640 secs] [Times: user=0.10 sys=0.00, real=0.02 secs] 
2014-07-08T08:25:09.621+0000: 1315.170: [GC [PSYoungGen: 437494K->676K(524224K)] 600492K->163754K(1211200K), 0.0273140 secs] [Times: user=0.09 sys=0.00, real=0.03 secs] 
2014-07-08T08:25:10.751+0000: 1316.300: [GC [PSYoungGen: 524196K->850K(629120K)] 687274K->163992K(1316096K), 0.0058410 secs] [Times: user=0.02 sys=0.00, real=0.01 secs] 
2014-07-08T08:25:12.083+0000: 1317.632: [GC [PSYoungGen: 629074K->192K(754112K)] 792216K->163438K(1441088K), 0.0088250 secs] [Times: user=0.03 sys=0.00, real=0.01 secs] 
2014-07-08T08:25:13.797+0000: 1319.346: [GC [PSYoungGen: 754112K->1284K(906048K)] 917358K->164634K(1593024K), 0.0098950 secs] [Times: user=0.02 sys=0.00, real=0.01 secs] 
2014-07-08T08:25:15.667+0000: 1321.216: [GC [PSYoungGen: 905931K->598K(1086336K)] 1069282K->164052K(1773312K), 0.0133040 secs] [Times: user=0.04 sys=0.00, real=0.01 secs] 
2014-07-08T08:25:17.995+0000: 1323.545: [GC [PSYoungGen: 1086294K->224K(1042112K)] 1249748K->163806K(1729088K), 0.0074180 secs] [Times: user=0.01 sys=0.00, real=0.00 secs] 
2014-07-08T08:25:20.243+0000: 1325.792: [GC [PSYoungGen: 1042080K->288K(1000448K)] 1205662K->163950K(1687424K), 0.0133790 secs] [Times: user=0.05 sys=0.00, real=0.02 secs] 
2014-07-08T08:25:22.417+0000: 1327.967: [GC [PSYoungGen: 1000416K->566K(960960K)] 1164078K->164396K(1647936K), 0.0350350 secs] [Times: user=0.12 sys=0.00, real=0.03 secs] 
2014-07-08T08:25:24.483+0000: 1330.032: [GC [PSYoungGen: 960950K->370K(922944K)] 1124780K->164352K(1609920K), 0.0150530 secs] [Times: user=0.05 sys=0.00, real=0.02 secs] 
2014-07-08T08:25:26.473+0000: 1332.022: [GC [PSYoungGen: 922930K->384K(886912K)] 1086912K->164542K(1573888K), 0.0197320 secs] [Times: user=0.07 sys=0.00, real=0.02 secs] 
2014-07-08T08:25:28.389+0000: 1333.938: [GC [PSYoungGen: 886912K->456K(852736K)] 1051070K->164750K(1539712K), 0.0114120 secs] [Times: user=0.05 sys=0.00, real=0.01 secs] 
2014-07-08T08:25:30.291+0000: 1335.841: [GC [PSYoungGen: 852680K->832K(820352K)] 1016974K->165198K(1507328K), 0.0091440 secs] [Times: user=0.01 sys=0.01, real=0.01 secs] 
2014-07-08T08:25:31.998+0000: 1337.547: [GC [PSYoungGen: 820352K->320K(788672K)] 984718K->164838K(1475648K), 0.0201470 secs] [Times: user=0.05 sys=0.00, real=0.02 secs] 
2014-07-08T08:25:33.695+0000: 1339.244: [GC [PSYoungGen: 788672K->384K(759040K)] 953190K->165030K(1446016K), 0.0043890 secs] [Times: user=0.02 sys=0.00, real=0.01 secs] 
2014-07-08T08:25:35.318+0000: 1340.867: [GC [PSYoungGen: 759040K->192K(730560K)] 923686K->164918K(1417536K), 0.0035060 secs] [Times: user=0.01 sys=0.00, real=0.00 secs] 
2014-07-08T08:25:36.945+0000: 1342.495: [GC [PSYoungGen: 730462K->808K(704256K)] 895189K->165622K(1391232K), 0.0045510 secs] [Times: user=0.01 sys=0.00, real=0.01 secs] 
2014-07-08T08:25:38.422+0000: 1343.972: [GC [PSYoungGen: 704232K->512K(678208K)] 869046K->165414K(1365184K), 0.0050160 secs] [Times: user=0.02 sys=0.00, real=0.00 secs] 
2014-07-08T08:25:39.909+0000: 1345.458: [GC [PSYoungGen: 678208K->612K(653824K)] 843110K->165570K(1340800K), 0.0111560 secs] [Times: user=0.04 sys=0.01, real=0.01 secs] 
2014-07-08T08:25:41.291+0000: 1346.841: [GC [PSYoungGen: 653796K->288K(630144K)] 818754K->165374K(1317120K), 0.0048440 secs] [Times: user=0.02 sys=0.00, real=0.00 secs] 
2014-07-08T08:25:42.698+0000: 1348.247: [GC [PSYoungGen: 630112K->640K(608128K)] 795198K->165830K(1295104K), 0.0090180 secs] [Times: user=0.02 sys=0.01, real=0.00 secs] 
2014-07-08T08:25:43.988+0000: 1349.538: [GC [PSYoungGen: 608128K->256K(586432K)] 773318K->165582K(1273408K), 0.0102300 secs] [Times: user=0.04 sys=0.00, real=0.01 secs] 
2014-07-08T08:25:45.254+0000: 1350.803: [GC [PSYoungGen: 586432K->224K(566080K)] 751758K->165646K(1253056K), 0.0098780 secs] [Times: user=0.03 sys=0.00, real=0.01 secs] 
2014-07-08T08:25:46.457+0000: 1352.007: [GC [PSYoungGen: 566048K->192K(546624K)] 731470K->165710K(1233600K), 0.0124820 secs] [Times: user=0.05 sys=0.00, real=0.02 secs] 
2014-07-08T08:25:47.639+0000: 1353.189: [GC [PSYoungGen: 546623K->320K(528192K)] 712142K->165870K(1215168K), 0.0051850 secs] [Times: user=0.01 sys=0.00, real=0.00 secs] 
2014-07-08T08:25:48.808+0000: 1354.357: [GC [PSYoungGen: 528192K->754K(634240K)] 693742K->166376K(1321216K), 0.0246570 secs] [Times: user=0.08 sys=0.00, real=0.03 secs] 
2014-07-08T08:25:50.147+0000: 1355.696: [GC [PSYoungGen: 634226K->512K(611520K)] 799848K->166198K(1298496K), 0.0125800 secs] [Times: user=0.05 sys=0.00, real=0.02 secs] 
2014-07-08T08:25:51.463+0000: 1357.013: [GC [PSYoungGen: 611520K->438K(733696K)] 777206K->166228K(1420672K), 0.0171940 secs] [Times: user=0.07 sys=0.00, real=0.02 secs] 
2014-07-08T08:25:53.052+0000: 1358.601: [GC [PSYoungGen: 733651K->356K(706560K)] 899442K->166258K(1393536K), 0.0113220 secs] [Times: user=0.04 sys=0.00, real=0.01 secs] 
2014-07-08T08:25:54.572+0000: 1360.122: [GC [PSYoungGen: 706532K->402K(847872K)] 872434K->166424K(1534848K), 0.0228130 secs] [Times: user=0.08 sys=0.00, real=0.02 secs] 
2014-07-08T08:25:56.397+0000: 1361.947: [GC [PSYoungGen: 847826K->160K(815168K)] 1013848K->166254K(1502144K), 0.0058070 secs] [Times: user=0.01 sys=0.00, real=0.01 secs] 
2014-07-08T08:25:58.176+0000: 1363.725: [GC [PSYoungGen: 815136K->402K(784512K)] 981230K->166552K(1471488K), 0.0174640 secs] [Times: user=0.07 sys=0.00, real=0.02 secs] 
2014-07-08T08:25:59.913+0000: 1365.462: [GC [PSYoungGen: 784466K->818K(755392K)] 950616K->167032K(1442368K), 0.0054330 secs] [Times: user=0.02 sys=0.00, real=0.00 secs] 
2014-07-08T08:26:01.470+0000: 1367.020: [GC [PSYoungGen: 755378K->256K(726720K)] 921592K->166622K(1413696K), 0.0204970 secs] [Times: user=0.08 sys=0.00, real=0.02 secs] 
2014-07-08T08:26:03.050+0000: 1368.599: [GC [PSYoungGen: 726719K->192K(699904K)] 893086K->166670K(1386880K), 0.0058270 secs] [Times: user=0.02 sys=0.00, real=0.01 secs] 
2014-07-08T08:26:04.596+0000: 1370.146: [GC [PSYoungGen: 699904K->626K(674816K)] 866382K->167216K(1361792K), 0.0101790 secs] [Times: user=0.03 sys=0.00, real=0.01 secs] 
2014-07-08T08:26:06.015+0000: 1371.564: [GC [PSYoungGen: 674802K->192K(649984K)] 841392K->166878K(1336960K), 0.0215940 secs] [Times: user=0.06 sys=0.00, real=0.02 secs] 
2014-07-08T08:26:07.425+0000: 1372.975: [GC [PSYoungGen: 649978K->306K(626880K)] 816665K->167040K(1313856K), 0.0047120 secs] [Times: user=0.01 sys=0.00, real=0.00 secs] 
2014-07-08T08:26:08.817+0000: 1374.366: [GC [PSYoungGen: 626866K->498K(604928K)] 793600K->167256K(1291904K), 0.0054570 secs] [Times: user=0.01 sys=0.00, real=0.01 secs] 
2014-07-08T08:26:10.090+0000: 1375.639: [GC [PSYoungGen: 604914K->288K(583552K)] 771672K->167094K(1270528K), 0.0045580 secs] [Times: user=0.01 sys=0.00, real=0.01 secs] 
2014-07-08T08:26:11.420+0000: 1376.969: [GC [PSYoungGen: 583520K->672K(563712K)] 750326K->167606K(1250688K), 0.0239470 secs] [Times: user=0.09 sys=0.00, real=0.03 secs] 
2014-07-08T08:26:12.562+0000: 1378.111: [GC [PSYoungGen: 563680K->384K(544128K)] 730614K->167462K(1231104K), 0.0082450 secs] [Times: user=0.03 sys=0.01, real=0.01 secs] 
2014-07-08T08:26:13.753+0000: 1379.303: [GC [PSYoungGen: 544128K->576K(525888K)] 711206K->167750K(1212864K), 0.0123260 secs] [Times: user=0.04 sys=0.00, real=0.01 secs] 
2014-07-08T08:26:14.965+0000: 1380.515: [GC [PSYoungGen: 525888K->836K(508608K)] 693062K->168098K(1195584K), 0.0041020 secs] [Times: user=0.01 sys=0.00, real=0.00 secs] 
2014-07-08T08:26:15.962+0000: 1381.511: [GC [PSYoungGen: 508548K->224K(491136K)] 675810K->167574K(1178112K), 0.0110470 secs] [Times: user=0.04 sys=0.00, real=0.02 secs] 
2014-07-08T08:26:17.015+0000: 1382.564: [GC [PSYoungGen: 491070K->192K(475008K)] 658420K->167598K(1161984K), 0.0058430 secs] [Times: user=0.02 sys=0.00, real=0.00 secs] 
2014-07-08T08:26:18.117+0000: 1383.667: [GC [PSYoungGen: 475008K->388K(459904K)] 642414K->167834K(1146880K), 0.0074080 secs] [Times: user=0.01 sys=0.00, real=0.01 secs] 
2014-07-08T08:26:19.038+0000: 1384.588: [GC [PSYoungGen: 459844K->320K(445120K)] 627290K->167830K(1132096K), 0.0066400 secs] [Times: user=0.01 sys=0.00, real=0.01 secs] 
2014-07-08T08:26:20.060+0000: 1385.610: [GC [PSYoungGen: 445120K->498K(431232K)] 612630K->168048K(1118208K), 0.0154290 secs] [Times: user=0.05 sys=0.00, real=0.02 secs] 
2014-07-08T08:26:20.976+0000: 1386.526: [GC [PSYoungGen: 431120K->882K(418176K)] 598670K->168560K(1105152K), 0.0076900 secs] [Times: user=0.01 sys=0.00, real=0.01 secs] 
2014-07-08T08:26:21.881+0000: 1387.431: [GC [PSYoungGen: 418162K->420K(404864K)] 585840K->168266K(1091840K), 0.0033180 secs] [Times: user=0.01 sys=0.00, real=0.01 secs] 
2014-07-08T08:26:22.718+0000: 1388.268: [GC [PSYoungGen: 404836K->498K(392640K)] 572682K->168408K(1079616K), 0.0054020 secs] [Times: user=0.02 sys=0.00, real=0.00 secs] 
2014-07-08T08:26:23.564+0000: 1389.113: [GC [PSYoungGen: 392626K->480K(380864K)] 560536K->168454K(1067840K), 0.0140370 secs] [Times: user=0.05 sys=0.00, real=0.02 secs] 
2014-07-08T08:26:24.367+0000: 1389.916: [GC [PSYoungGen: 380832K->224K(369280K)] 548806K->168262K(1056256K), 0.0060750 secs] [Times: user=0.02 sys=0.00, real=0.00 secs] 
2014-07-08T08:26:25.199+0000: 1390.748: [GC [PSYoungGen: 369248K->256K(358464K)] 537286K->168342K(1045440K), 0.0055560 secs] [Times: user=0.01 sys=0.00, real=0.00 secs] 
2014-07-08T08:26:25.930+0000: 1391.479: [GC [PSYoungGen: 358464K->192K(348032K)] 526550K->168374K(1035008K), 0.0105980 secs] [Times: user=0.04 sys=0.00, real=0.01 secs] 
2014-07-08T08:26:26.686+0000: 1392.235: [GC [PSYoungGen: 348032K->598K(338496K)] 516214K->168812K(1025472K), 0.0065440 secs] [Times: user=0.02 sys=0.00, real=0.00 secs] 
2014-07-08T08:26:27.408+0000: 1392.958: [GC [PSYoungGen: 338448K->260K(328640K)] 506662K->168490K(1015616K), 0.0066120 secs] [Times: user=0.01 sys=0.00, real=0.00 secs] 
2014-07-08T08:26:28.113+0000: 1393.663: [GC [PSYoungGen: 328580K->178K(319360K)] 496810K->168440K(1006336K), 0.0053430 secs] [Times: user=0.01 sys=0.00, real=0.01 secs] 
2014-07-08T08:26:28.833+0000: 1394.382: [GC [PSYoungGen: 319346K->850K(311296K)] 487608K->169176K(998272K), 0.0086770 secs] [Times: user=0.02 sys=0.00, real=0.01 secs] 
2014-07-08T08:26:29.516+0000: 1395.066: [GC [PSYoungGen: 311250K->384K(302336K)] 479576K->168774K(989312K), 0.0069010 secs] [Times: user=0.01 sys=0.00, real=0.00 secs] 
2014-07-08T08:26:30.153+0000: 1395.703: [GC [PSYoungGen: 302336K->416K(362816K)] 470726K->168886K(1049792K), 0.0102060 secs] [Times: user=0.03 sys=0.00, real=0.01 secs] 
2014-07-08T08:26:30.973+0000: 1396.522: [GC [PSYoungGen: 362784K->466K(435392K)] 531254K->169032K(1122368K), 0.0182130 secs] [Times: user=0.06 sys=0.00, real=0.02 secs] 
2014-07-08T08:26:31.885+0000: 1397.435: [GC [PSYoungGen: 435346K->470K(522368K)] 603912K->169140K(1209344K), 0.0130720 secs] [Times: user=0.05 sys=0.00, real=0.02 secs] 
2014-07-08T08:26:33.020+0000: 1398.570: [GC [PSYoungGen: 522321K->274K(626560K)] 690992K->169008K(1313536K), 0.0045600 secs] [Times: user=0.01 sys=0.00, real=0.00 secs] 
2014-07-08T08:26:34.337+0000: 1399.886: [GC [PSYoungGen: 626514K->192K(751680K)] 795248K->168998K(1438656K), 0.0109880 secs] [Times: user=0.04 sys=0.00, real=0.01 secs] 
2014-07-08T08:26:35.987+0000: 1401.536: [GC [PSYoungGen: 751680K->288K(723840K)] 920486K->169142K(1410816K), 0.0126310 secs] [Times: user=0.04 sys=0.00, real=0.01 secs] 
2014-07-08T08:26:37.536+0000: 1403.085: [GC [PSYoungGen: 723806K->374K(697280K)] 892661K->169364K(1384256K), 0.0102350 secs] [Times: user=0.03 sys=0.00, real=0.01 secs] 
2014-07-08T08:26:39.062+0000: 1404.611: [GC [PSYoungGen: 697270K->352K(671872K)] 866260K->169422K(1358848K), 0.0093250 secs] [Times: user=0.03 sys=0.00, real=0.01 secs] 
2014-07-08T08:26:40.508+0000: 1406.057: [GC [PSYoungGen: 671840K->384K(647616K)] 840910K->169526K(1334592K), 0.0085100 secs] [Times: user=0.02 sys=0.00, real=0.00 secs] 
2014-07-08T08:26:41.901+0000: 1407.450: [GC [PSYoungGen: 647616K->256K(624384K)] 816758K->169534K(1311360K), 0.0063400 secs] [Times: user=0.01 sys=0.00, real=0.01 secs] 
2014-07-08T08:26:43.241+0000: 1408.790: [GC [PSYoungGen: 624377K->356K(602432K)] 793656K->169746K(1289408K), 0.0134810 secs] [Times: user=0.05 sys=0.00, real=0.01 secs] 
2014-07-08T08:26:44.546+0000: 1410.095: [GC [PSYoungGen: 602404K->288K(581312K)] 771794K->169766K(1268288K), 0.0155890 secs] [Times: user=0.06 sys=0.00, real=0.02 secs] 
2014-07-08T08:26:46.082+0000: 1411.632: [GC [PSYoungGen: 581279K->694K(561600K)] 750758K->170268K(1248576K), 0.0209730 secs] [Times: user=0.07 sys=0.01, real=0.02 secs] 
2014-07-08T08:26:47.156+0000: 1412.706: [GC [PSYoungGen: 561590K->224K(541952K)] 731164K->170006K(1228928K), 0.0055150 secs] [Times: user=0.01 sys=0.00, real=0.01 secs] 
2014-07-08T08:26:48.206+0000: 1413.756: [GC [PSYoungGen: 541920K->228K(523648K)] 711702K->170066K(1210624K), 0.0047640 secs] [Times: user=0.01 sys=0.00, real=0.01 secs] 
2014-07-08T08:26:49.321+0000: 1414.870: [GC [PSYoungGen: 523620K->160K(506112K)] 693458K->170046K(1193088K), 0.0033990 secs] [Times: user=0.01 sys=0.00, real=0.00 secs] 
2014-07-08T08:26:50.409+0000: 1415.958: [GC [PSYoungGen: 506080K->256K(489472K)] 675966K->170174K(1176448K), 0.0167630 secs] [Times: user=0.07 sys=0.00, real=0.02 secs] 
2014-07-08T08:26:51.481+0000: 1417.031: [GC [PSYoungGen: 489466K->288K(473536K)] 659385K->170318K(1160512K), 0.0040570 secs] [Times: user=0.01 sys=0.00, real=0.00 secs] 
2014-07-08T08:26:52.496+0000: 1418.045: [GC [PSYoungGen: 473504K->224K(458176K)] 643534K->170382K(1145152K), 0.0136760 secs] [Times: user=0.05 sys=0.00, real=0.02 secs] 
2014-07-08T08:26:53.483+0000: 1419.032: [GC [PSYoungGen: 458130K->356K(443712K)] 628289K->170594K(1130688K), 0.0075650 secs] [Times: user=0.01 sys=0.00, real=0.01 secs] 
2014-07-08T08:26:54.446+0000: 1419.995: [GC [PSYoungGen: 443666K->534K(429888K)] 613904K->170844K(1116864K), 0.0070680 secs] [Times: user=0.02 sys=0.00, real=0.01 secs] 
2014-07-08T08:26:55.369+0000: 1420.918: [GC [PSYoungGen: 429846K->242K(416192K)] 600156K->170584K(1103168K), 0.0056560 secs] [Times: user=0.01 sys=0.00, real=0.00 secs] 
2014-07-08T08:26:56.274+0000: 1421.823: [GC [PSYoungGen: 416178K->160K(403328K)] 586520K->170558K(1090304K), 0.0045650 secs] [Times: user=0.00 sys=0.00, real=0.00 secs] 
2014-07-08T08:26:57.215+0000: 1422.765: [GC [PSYoungGen: 403296K->320K(391168K)] 573694K->170758K(1078144K), 0.0076790 secs] [Times: user=0.03 sys=0.00, real=0.01 secs] 
2014-07-08T08:26:57.981+0000: 1423.531: [GC [PSYoungGen: 391168K->274K(379392K)] 561606K->170784K(1066368K), 0.0050840 secs] [Times: user=0.02 sys=0.00, real=0.00 secs] 
2014-07-08T08:26:58.807+0000: 1424.356: [GC [PSYoungGen: 379346K->502K(368320K)] 549856K->171060K(1055296K), 0.0130220 secs] [Times: user=0.05 sys=0.00, real=0.01 secs] 
2014-07-08T08:26:59.600+0000: 1425.150: [GC [PSYoungGen: 368310K->480K(441920K)] 538868K->171070K(1128896K), 0.0272800 secs] [Times: user=0.10 sys=0.00, real=0.02 secs] 
2014-07-08T08:27:00.544+0000: 1426.093: [GC [PSYoungGen: 441888K->274K(530048K)] 612478K->170904K(1217024K), 0.0058050 secs] [Times: user=0.01 sys=0.00, real=0.00 secs] 
2014-07-08T08:27:01.705+0000: 1427.254: [GC [PSYoungGen: 530002K->690K(636416K)] 700632K->171480K(1323392K), 0.0134330 secs] [Times: user=0.04 sys=0.00, real=0.01 secs] 
2014-07-08T08:27:03.177+0000: 1428.727: [GC [PSYoungGen: 636402K->434K(763328K)] 807192K->171608K(1450304K), 0.0211540 secs] [Times: user=0.07 sys=0.01, real=0.02 secs] 
2014-07-08T08:27:04.747+0000: 1430.297: [GC [PSYoungGen: 763314K->704K(916160K)] 934488K->171990K(1603136K), 0.0072480 secs] [Times: user=0.02 sys=0.00, real=0.01 secs] 
2014-07-08T08:27:06.726+0000: 1432.275: [GC [PSYoungGen: 916160K->704K(1099264K)] 1087446K->172134K(1786240K), 0.0189840 secs] [Times: user=0.06 sys=0.00, real=0.02 secs] 
2014-07-08T08:27:09.069+0000: 1434.619: [GC [PSYoungGen: 1099264K->288K(1054400K)] 1270694K->171814K(1741376K), 0.0050870 secs] [Times: user=0.01 sys=0.01, real=0.01 secs] 
2014-07-08T08:27:11.333+0000: 1436.883: [GC [PSYoungGen: 1054279K->384K(1012160K)] 1225806K->172014K(1699136K), 0.0164190 secs] [Times: user=0.06 sys=0.00, real=0.01 secs] 
2014-07-08T08:27:13.522+0000: 1439.071: [GC [PSYoungGen: 1012160K->306K(971840K)] 1183790K->172112K(1658816K), 0.0064150 secs] [Times: user=0.01 sys=0.00, real=0.00 secs] 
2014-07-08T08:27:15.669+0000: 1441.219: [GC [PSYoungGen: 971826K->740K(933952K)] 1143632K->172666K(1620928K), 0.0047860 secs] [Times: user=0.02 sys=0.00, real=0.01 secs] 
2014-07-08T08:27:17.658+0000: 1443.207: [GC [PSYoungGen: 933844K->644K(897344K)] 1105770K->172746K(1584320K), 0.0056700 secs] [Times: user=0.01 sys=0.00, real=0.01 secs] 
2014-07-08T08:27:19.641+0000: 1445.191: [GC [PSYoungGen: 897284K->626K(862464K)] 1069386K->172864K(1549440K), 0.0188860 secs] [Times: user=0.05 sys=0.01, real=0.02 secs] 
2014-07-08T08:27:21.429+0000: 1446.978: [GC [PSYoungGen: 862450K->388K(829120K)] 1034688K->172730K(1516096K), 0.0099880 secs] [Times: user=0.02 sys=0.00, real=0.01 secs] 
2014-07-08T08:27:23.217+0000: 1448.767: [GC [PSYoungGen: 829060K->338K(797504K)] 1001402K->172896K(1484480K), 0.0080790 secs] [Times: user=0.02 sys=0.00, real=0.01 secs] 
2014-07-08T08:27:25.027+0000: 1450.577: [GC [PSYoungGen: 797434K->626K(767680K)] 969993K->173296K(1454656K), 0.0123720 secs] [Times: user=0.05 sys=0.00, real=0.01 secs] 
2014-07-08T08:27:26.595+0000: 1452.144: [GC [PSYoungGen: 767666K->576K(738944K)] 940336K->173366K(1425920K), 0.0042290 secs] [Times: user=0.01 sys=0.00, real=0.00 secs] 
2014-07-08T08:27:28.177+0000: 1453.727: [GC [PSYoungGen: 738944K->128K(711168K)] 911734K->173014K(1398144K), 0.0092930 secs] [Times: user=0.03 sys=0.00, real=0.01 secs] 
2014-07-08T08:27:29.738+0000: 1455.287: [GC [PSYoungGen: 711168K->676K(685696K)] 884054K->173618K(1372672K), 0.0235300 secs] [Times: user=0.09 sys=0.00, real=0.02 secs] 
2014-07-08T08:27:31.306+0000: 1456.856: [GC [PSYoungGen: 685668K->612K(660800K)] 858610K->173634K(1347776K), 0.0087810 secs] [Times: user=0.03 sys=0.00, real=0.01 secs] 
2014-07-08T08:27:32.626+0000: 1458.176: [GC [PSYoungGen: 660772K->512K(636992K)] 833794K->173726K(1323968K), 0.0061080 secs] [Times: user=0.01 sys=0.00, real=0.00 secs] 
2014-07-08T08:27:33.992+0000: 1459.541: [GC [PSYoungGen: 636992K->352K(614272K)] 810206K->173678K(1301248K), 0.0067290 secs] [Times: user=0.01 sys=0.00, real=0.01 secs] 
2014-07-08T08:27:35.327+0000: 1460.876: [GC [PSYoungGen: 614240K->160K(592512K)] 787566K->173598K(1279488K), 0.0089220 secs] [Times: user=0.03 sys=0.00, real=0.01 secs] 
2014-07-08T08:27:36.687+0000: 1462.237: [GC [PSYoungGen: 592480K->676K(572416K)] 765918K->174178K(1259392K), 0.0062300 secs] [Times: user=0.01 sys=0.00, real=0.00 secs] 
2014-07-08T08:27:37.881+0000: 1463.430: [GC [PSYoungGen: 572388K->676K(552768K)] 745890K->174290K(1239744K), 0.0101640 secs] [Times: user=0.03 sys=0.00, real=0.01 secs] 
2014-07-08T08:27:39.063+0000: 1464.612: [GC [PSYoungGen: 552740K->160K(533440K)] 726354K->173830K(1220416K), 0.0049300 secs] [Times: user=0.01 sys=0.00, real=0.01 secs] 
2014-07-08T08:27:40.185+0000: 1465.734: [GC [PSYoungGen: 533408K->452K(515840K)] 707078K->174170K(1202816K), 0.0119400 secs] [Times: user=0.03 sys=0.00, real=0.02 secs] 
2014-07-08T08:27:41.320+0000: 1466.869: [GC [PSYoungGen: 515780K->288K(498496K)] 689498K->174078K(1185472K), 0.0038710 secs] [Times: user=0.01 sys=0.00, real=0.00 secs] 
2014-07-08T08:27:42.378+0000: 1467.928: [GC [PSYoungGen: 498464K->160K(481984K)] 672254K->174070K(1168960K), 0.0090560 secs] [Times: user=0.01 sys=0.00, real=0.01 secs] 
2014-07-08T08:27:43.418+0000: 1468.967: [GC [PSYoungGen: 481952K->160K(466304K)] 655862K->174158K(1153280K), 0.0056660 secs] [Times: user=0.02 sys=0.00, real=0.00 secs] 
2014-07-08T08:27:44.427+0000: 1469.976: [GC [PSYoungGen: 466272K->452K(451648K)] 640270K->174514K(1138624K), 0.0086980 secs] [Times: user=0.02 sys=0.00, real=0.01 secs] 
2014-07-08T08:27:45.407+0000: 1470.956: [GC [PSYoungGen: 451585K->470K(437312K)] 625648K->174588K(1124288K), 0.0179360 secs] [Times: user=0.07 sys=0.01, real=0.02 secs] 
2014-07-08T08:27:46.348+0000: 1471.897: [GC [PSYoungGen: 437270K->320K(524480K)] 611388K->174502K(1211456K), 0.0160710 secs] [Times: user=0.06 sys=0.00, real=0.01 secs] 
2014-07-08T08:27:47.475+0000: 1473.024: [GC [PSYoungGen: 524480K->160K(629184K)] 698662K->174422K(1316160K), 0.0095020 secs] [Times: user=0.03 sys=0.00, real=0.01 secs] 
2014-07-08T08:27:48.849+0000: 1474.398: [GC [PSYoungGen: 629152K->672K(755520K)] 803414K->175006K(1442496K), 0.0154230 secs] [Times: user=0.06 sys=0.00, real=0.01 secs] 
2014-07-08T08:27:50.469+0000: 1476.019: [GC [PSYoungGen: 755488K->516K(727296K)] 929822K->174906K(1414272K), 0.0119320 secs] [Times: user=0.05 sys=0.00, real=0.01 secs] 
2014-07-08T08:27:52.078+0000: 1477.627: [GC [PSYoungGen: 727208K->676K(700608K)] 901599K->175178K(1387584K), 0.0096360 secs] [Times: user=0.03 sys=0.00, real=0.00 secs] 
2014-07-08T08:27:53.553+0000: 1479.102: [GC [PSYoungGen: 700580K->420K(840384K)] 875082K->175082K(1527360K), 0.0418180 secs] [Times: user=0.14 sys=0.00, real=0.04 secs] 
2014-07-08T08:27:55.378+0000: 1480.927: [GC [PSYoungGen: 840356K->320K(1008256K)] 1015018K->175086K(1695232K), 0.0204390 secs] [Times: user=0.07 sys=0.00, real=0.02 secs] 
2014-07-08T08:27:57.556+0000: 1483.105: [GC [PSYoungGen: 1008256K->634K(1210176K)] 1183022K->175536K(1897152K), 0.0214430 secs] [Times: user=0.07 sys=0.01, real=0.02 secs] 
2014-07-08T08:28:00.166+0000: 1485.715: [GC [PSYoungGen: 1210164K->452K(1160256K)] 1385067K->175466K(1847232K), 0.0075050 secs] [Times: user=0.01 sys=0.01, real=0.01 secs] 
2014-07-08T08:28:02.683+0000: 1488.232: [GC [PSYoungGen: 1160196K->612K(1112960K)] 1335210K->175778K(1799936K), 0.0249530 secs] [Times: user=0.09 sys=0.00, real=0.02 secs] 
2014-07-08T08:28:05.082+0000: 1490.632: [GC [PSYoungGen: 1112932K->320K(1067520K)] 1288098K->175662K(1754496K), 0.0123010 secs] [Times: user=0.05 sys=0.00, real=0.01 secs] 
2014-07-08T08:28:07.381+0000: 1492.930: [GC [PSYoungGen: 1067520K->224K(1024512K)] 1242862K->175726K(1711488K), 0.0043020 secs] [Times: user=0.01 sys=0.00, real=0.00 secs] 
2014-07-08T08:28:09.620+0000: 1495.169: [GC [PSYoungGen: 1024480K->850K(984256K)] 1199982K->176448K(1671232K), 0.0055000 secs] [Times: user=0.01 sys=0.00, real=0.01 secs] 
2014-07-08T08:28:11.724+0000: 1497.273: [GC [PSYoungGen: 984210K->480K(944960K)] 1159808K->176166K(1631936K), 0.0106170 secs] [Times: user=0.03 sys=0.01, real=0.01 secs] 
2014-07-08T08:28:13.785+0000: 1499.335: [GC [PSYoungGen: 944928K->544K(907968K)] 1120614K->176446K(1594944K), 0.0150430 secs] [Times: user=0.05 sys=0.00, real=0.01 secs] 
2014-07-08T08:28:15.731+0000: 1501.280: [GC [PSYoungGen: 907936K->480K(872576K)] 1083838K->176502K(1559552K), 0.0076820 secs] [Times: user=0.01 sys=0.00, real=0.01 secs] 
2014-07-08T08:28:17.602+0000: 1503.151: [GC [PSYoungGen: 872544K->288K(838784K)] 1048566K->176422K(1525760K), 0.0056390 secs] [Times: user=0.01 sys=0.00, real=0.01 secs] 
2014-07-08T08:28:19.408+0000: 1504.957: [GC [PSYoungGen: 838658K->324K(806784K)] 1014793K->176554K(1493760K), 0.0096170 secs] [Times: user=0.03 sys=0.00, real=0.01 secs] 
2014-07-08T08:28:21.213+0000: 1506.763: [GC [PSYoungGen: 806724K->566K(776448K)] 982954K->176868K(1463424K), 0.0095250 secs] [Times: user=0.03 sys=0.00, real=0.01 secs] 
2014-07-08T08:28:22.834+0000: 1508.383: [GC [PSYoungGen: 776418K->580K(747392K)] 952721K->177090K(1434368K), 0.0351690 secs] [Times: user=0.13 sys=0.00, real=0.03 secs] 
2014-07-08T08:28:24.445+0000: 1509.995: [GC [PSYoungGen: 747332K->320K(719360K)] 923842K->176950K(1406336K), 0.0068050 secs] [Times: user=0.01 sys=0.00, real=0.00 secs] 
2014-07-08T08:28:26.063+0000: 1511.613: [GC [PSYoungGen: 719291K->758K(693376K)] 895921K->177476K(1380352K), 0.0051130 secs] [Times: user=0.01 sys=0.01, real=0.00 secs] 
2014-07-08T08:28:27.521+0000: 1513.070: [GC [PSYoungGen: 693366K->530K(667968K)] 870084K->177376K(1354944K), 0.0177300 secs] [Times: user=0.05 sys=0.00, real=0.02 secs] 
2014-07-08T08:28:28.974+0000: 1514.524: [GC [PSYoungGen: 667922K->544K(643904K)] 844768K->177518K(1330880K), 0.0081270 secs] [Times: user=0.01 sys=0.00, real=0.00 secs] 
2014-07-08T08:28:30.325+0000: 1515.875: [GC [PSYoungGen: 643872K->224K(620672K)] 820846K->177254K(1307648K), 0.0091610 secs] [Times: user=0.03 sys=0.00, real=0.01 secs] 
2014-07-08T08:28:31.808+0000: 1517.358: [GC [PSYoungGen: 620640K->868K(599424K)] 797670K->178178K(1286400K), 0.0069730 secs] [Times: user=0.02 sys=0.00, real=0.01 secs] 
2014-07-08T08:28:32.974+0000: 1518.524: [GC [PSYoungGen: 599396K->320K(577984K)] 776706K->177790K(1264960K), 0.0074320 secs] [Times: user=0.03 sys=0.00, real=0.00 secs] 
2014-07-08T08:28:34.207+0000: 1519.757: [GC [PSYoungGen: 577984K->356K(558080K)] 755454K->177970K(1245056K), 0.0090850 secs] [Times: user=0.02 sys=0.00, real=0.01 secs] 
2014-07-08T08:28:35.423+0000: 1520.973: [GC [PSYoungGen: 558052K->388K(539136K)] 735666K->178058K(1226112K), 0.0059550 secs] [Times: user=0.01 sys=0.00, real=0.01 secs] 
2014-07-08T08:28:36.680+0000: 1522.229: [GC [PSYoungGen: 539076K->1014K(521536K)] 716746K->178788K(1208512K), 0.0076520 secs] [Times: user=0.02 sys=0.00, real=0.01 secs] 
2014-07-08T08:28:37.764+0000: 1523.313: [GC [PSYoungGen: 521483K->630K(503808K)] 699258K->178548K(1190784K), 0.0081160 secs] [Times: user=0.01 sys=0.00, real=0.01 secs] 
2014-07-08T08:28:38.832+0000: 1524.382: [GC [PSYoungGen: 503798K->612K(604480K)] 681716K->178618K(1291456K), 0.0281890 secs] [Times: user=0.11 sys=0.00, real=0.03 secs] 
2014-07-08T08:28:40.129+0000: 1525.678: [GC [PSYoungGen: 604452K->548K(725184K)] 782458K->178594K(1412160K), 0.0164930 secs] [Times: user=0.06 sys=0.00, real=0.02 secs] 
2014-07-08T08:28:41.699+0000: 1527.249: [GC [PSYoungGen: 725134K->694K(698624K)] 903181K->178844K(1385600K), 0.0050410 secs] [Times: user=0.02 sys=0.00, real=0.00 secs] 
2014-07-08T08:28:43.255+0000: 1528.805: [GC [PSYoungGen: 698614K->384K(837888K)] 876764K->178654K(1524864K), 0.0248570 secs] [Times: user=0.09 sys=0.00, real=0.03 secs] 
2014-07-08T08:28:45.001+0000: 1530.550: [GC [PSYoungGen: 837888K->370K(1005440K)] 1016158K->178776K(1692416K), 0.0141860 secs] [Times: user=0.05 sys=0.00, real=0.01 secs] 
2014-07-08T08:28:47.182+0000: 1532.732: [GC [PSYoungGen: 1005426K->434K(965568K)] 1183832K->178944K(1652544K), 0.0057870 secs] [Times: user=0.02 sys=0.00, real=0.01 secs] 
2014-07-08T08:28:49.259+0000: 1534.809: [GC [PSYoungGen: 965506K->488K(927552K)] 1144017K->179118K(1614528K), 0.0197400 secs] [Times: user=0.06 sys=0.00, real=0.02 secs] 
2014-07-08T08:28:51.266+0000: 1536.816: [GC [PSYoungGen: 927528K->352K(891200K)] 1106158K->179070K(1578176K), 0.0151640 secs] [Times: user=0.05 sys=0.00, real=0.02 secs] 
2014-07-08T08:28:53.202+0000: 1538.751: [GC [PSYoungGen: 891103K->434K(856768K)] 1069822K->179344K(1543744K), 0.0087600 secs] [Times: user=0.02 sys=0.00, real=0.01 secs] 
2014-07-08T08:28:55.056+0000: 1540.605: [GC [PSYoungGen: 856683K->488K(823936K)] 1035594K->179542K(1510912K), 0.0058540 secs] [Times: user=0.01 sys=0.00, real=0.01 secs] 
2014-07-08T08:28:56.960+0000: 1542.509: [GC [PSYoungGen: 823909K->932K(793088K)] 1002964K->180282K(1480064K), 0.0075910 secs] [Times: user=0.02 sys=0.00, real=0.00 secs] 
2014-07-08T08:28:58.537+0000: 1544.087: [GC [PSYoungGen: 793057K->306K(762624K)] 972408K->179752K(1449600K), 0.0085270 secs] [Times: user=0.03 sys=0.00, real=0.01 secs] 
2014-07-08T08:29:00.216+0000: 1545.765: [GC [PSYoungGen: 762610K->352K(734208K)] 942056K->179894K(1421184K), 0.0159040 secs] [Times: user=0.05 sys=0.00, real=0.02 secs] 
2014-07-08T08:29:01.807+0000: 1547.356: [GC [PSYoungGen: 734078K->978K(707712K)] 913620K->180672K(1394688K), 0.0069720 secs] [Times: user=0.01 sys=0.01, real=0.01 secs] 
2014-07-08T08:29:03.312+0000: 1548.861: [GC [PSYoungGen: 707666K->356K(681216K)] 887360K->180170K(1368192K), 0.0118290 secs] [Times: user=0.03 sys=0.00, real=0.01 secs] 
2014-07-08T08:29:04.791+0000: 1550.341: [GC [PSYoungGen: 681168K->480K(656704K)] 860983K->180430K(1343680K), 0.0158740 secs] [Times: user=0.06 sys=0.00, real=0.01 secs] 
2014-07-08T08:29:06.203+0000: 1551.752: [GC [PSYoungGen: 656635K->566K(633216K)] 836586K->180612K(1320192K), 0.0062000 secs] [Times: user=0.01 sys=0.00, real=0.01 secs] 
2014-07-08T08:29:07.573+0000: 1553.123: [GC [PSYoungGen: 633206K->242K(610432K)] 813252K->180368K(1297408K), 0.0226970 secs] [Times: user=0.07 sys=0.00, real=0.02 secs] 
2014-07-08T08:29:08.937+0000: 1554.487: [GC [PSYoungGen: 610418K->672K(732928K)] 790544K->180878K(1419904K), 0.0240010 secs] [Times: user=0.07 sys=0.00, real=0.03 secs] 
2014-07-08T08:29:10.495+0000: 1556.045: [GC [PSYoungGen: 732896K->288K(705472K)] 913102K->180542K(1392448K), 0.0054870 secs] [Times: user=0.02 sys=0.00, real=0.01 secs] 
2014-07-08T08:29:12.115+0000: 1557.665: [GC [PSYoungGen: 705440K->982K(680384K)] 885694K->181372K(1367360K), 0.0076940 secs] [Times: user=0.01 sys=0.00, real=0.01 secs] 
2014-07-08T08:29:13.482+0000: 1559.031: [GC [PSYoungGen: 680342K->292K(815552K)] 860732K->180850K(1502528K), 0.0243680 secs] [Times: user=0.09 sys=0.00, real=0.02 secs] 
2014-07-08T08:29:15.254+0000: 1560.804: [GC [PSYoungGen: 815524K->160K(784512K)] 996082K->180782K(1471488K), 0.0046210 secs] [Times: user=0.01 sys=0.01, real=0.00 secs] 
2014-07-08T08:29:16.972+0000: 1562.522: [GC [PSYoungGen: 784480K->288K(755136K)] 965102K->180990K(1442112K), 0.0123460 secs] [Times: user=0.04 sys=0.00, real=0.01 secs] 
2014-07-08T08:29:18.580+0000: 1564.129: [GC [PSYoungGen: 755104K->160K(726912K)] 935806K->180966K(1413888K), 0.0045990 secs] [Times: user=0.01 sys=0.00, real=0.01 secs] 
2014-07-08T08:29:20.152+0000: 1565.701: [GC [PSYoungGen: 726880K->288K(700224K)] 907686K->181166K(1387200K), 0.0243260 secs] [Times: user=0.09 sys=0.00, real=0.02 secs] 
2014-07-08T08:29:21.689+0000: 1567.238: [GC [PSYoungGen: 700192K->986K(675392K)] 881070K->181968K(1362368K), 0.0170000 secs] [Times: user=0.07 sys=0.00, real=0.02 secs] 
2014-07-08T08:29:23.123+0000: 1568.672: [GC [PSYoungGen: 675354K->256K(650240K)] 856336K->181350K(1337216K), 0.0143430 secs] [Times: user=0.06 sys=0.00, real=0.01 secs] 
2014-07-08T08:29:24.535+0000: 1570.084: [GC [PSYoungGen: 650240K->384K(627136K)] 831334K->181630K(1314112K), 0.0056680 secs] [Times: user=0.02 sys=0.00, real=0.00 secs] 
2014-07-08T08:29:25.946+0000: 1571.495: [GC [PSYoungGen: 627136K->772K(752960K)] 808382K->182098K(1439936K), 0.0319460 secs] [Times: user=0.12 sys=0.00, real=0.03 secs] 
2014-07-08T08:29:27.557+0000: 1573.107: [GC [PSYoungGen: 752900K->352K(902976K)] 934226K->181774K(1589952K), 0.0091490 secs] [Times: user=0.03 sys=0.00, real=0.01 secs] 
2014-07-08T08:29:29.473+0000: 1575.022: [GC [PSYoungGen: 902944K->160K(867712K)] 1084366K->181678K(1554688K), 0.0046950 secs] [Times: user=0.01 sys=0.01, real=0.01 secs] 
2014-07-08T08:29:31.341+0000: 1576.890: [GC [PSYoungGen: 867680K->192K(834304K)] 1049198K->181766K(1521280K), 0.0074830 secs] [Times: user=0.00 sys=0.01, real=0.01 secs] 
2014-07-08T08:29:33.190+0000: 1578.740: [GC [PSYoungGen: 834214K->648K(803008K)] 1015789K->182358K(1489984K), 0.0069500 secs] [Times: user=0.03 sys=0.00, real=0.01 secs] 
2014-07-08T08:29:34.923+0000: 1580.473: [GC [PSYoungGen: 802952K->896K(772864K)] 984662K->182798K(1459840K), 0.0107680 secs] [Times: user=0.03 sys=0.00, real=0.02 secs] 
2014-07-08T08:29:36.539+0000: 1582.088: [GC [PSYoungGen: 772864K->210K(743296K)] 954766K->182216K(1430272K), 0.0072660 secs] [Times: user=0.01 sys=0.01, real=0.01 secs] 
2014-07-08T08:29:38.241+0000: 1583.791: [GC [PSYoungGen: 743250K->448K(715904K)] 925256K->182534K(1402880K), 0.0041970 secs] [Times: user=0.01 sys=0.00, real=0.01 secs] 
2014-07-08T08:29:39.706+0000: 1585.256: [GC [PSYoungGen: 715904K->644K(689920K)] 897990K->182866K(1376896K), 0.0105700 secs] [Times: user=0.03 sys=0.00, real=0.01 secs] 
2014-07-08T08:29:41.195+0000: 1586.745: [GC [PSYoungGen: 689860K->256K(664448K)] 872082K->182542K(1351424K), 0.0069970 secs] [Times: user=0.02 sys=0.00, real=0.00 secs] 
2014-07-08T08:29:42.652+0000: 1588.201: [GC [PSYoungGen: 664448K->452K(640832K)] 846734K->182866K(1327808K), 0.0162960 secs] [Times: user=0.06 sys=0.01, real=0.02 secs] 
2014-07-08T08:29:44.082+0000: 1589.631: [GC [PSYoungGen: 640772K->288K(617856K)] 823186K->182814K(1304832K), 0.0144120 secs] [Times: user=0.05 sys=0.00, real=0.02 secs] 
2014-07-08T08:29:45.367+0000: 1590.916: [GC [PSYoungGen: 617824K->128K(595904K)] 800350K->182790K(1282880K), 0.0062640 secs] [Times: user=0.01 sys=0.00, real=0.00 secs] 
2014-07-08T08:29:46.660+0000: 1592.209: [GC [PSYoungGen: 595904K->256K(576064K)] 778566K->182966K(1263040K), 0.0115200 secs] [Times: user=0.05 sys=0.00, real=0.01 secs] 
2014-07-08T08:29:47.963+0000: 1593.512: [GC [PSYoungGen: 575296K->822K(556032K)] 758006K->183564K(1243008K), 0.0049850 secs] [Times: user=0.01 sys=0.00, real=0.01 secs] 
2014-07-08T08:29:49.179+0000: 1594.728: [GC [PSYoungGen: 556022K->498K(536768K)] 738764K->183344K(1223744K), 0.0056240 secs] [Times: user=0.01 sys=0.00, real=0.00 secs] 
2014-07-08T08:29:50.264+0000: 1595.814: [GC [PSYoungGen: 536754K->128K(518336K)] 719600K->183022K(1205312K), 0.0043640 secs] [Times: user=0.01 sys=0.00, real=0.01 secs] 
2014-07-08T08:29:51.392+0000: 1596.941: [GC [PSYoungGen: 518334K->192K(501120K)] 701229K->183174K(1188096K), 0.0047830 secs] [Times: user=0.01 sys=0.00, real=0.01 secs] 
2014-07-08T08:29:52.473+0000: 1598.022: [GC [PSYoungGen: 501120K->160K(484608K)] 684102K->183214K(1171584K), 0.0131280 secs] [Times: user=0.04 sys=0.00, real=0.02 secs] 
2014-07-08T08:29:53.518+0000: 1599.068: [GC [PSYoungGen: 484506K->388K(581760K)] 667560K->183514K(1268736K), 0.0223490 secs] [Times: user=0.09 sys=0.00, real=0.02 secs] 
2014-07-08T08:29:54.790+0000: 1600.339: [GC [PSYoungGen: 581636K->580K(698240K)] 764763K->183818K(1385216K), 0.0119210 secs] [Times: user=0.04 sys=0.00, real=0.01 secs] 
2014-07-08T08:29:56.278+0000: 1601.827: [GC [PSYoungGen: 698180K->392K(672640K)] 881418K->183726K(1359616K), 0.0055660 secs] [Times: user=0.02 sys=0.01, real=0.00 secs] 
2014-07-08T08:29:57.816+0000: 1603.366: [GC [PSYoungGen: 672584K->850K(648832K)] 855918K->184248K(1335808K), 0.0048970 secs] [Times: user=0.01 sys=0.00, real=0.01 secs] 
2014-07-08T08:29:59.144+0000: 1604.693: [GC [PSYoungGen: 648786K->192K(624960K)] 832184K->183670K(1311936K), 0.0038780 secs] [Times: user=0.01 sys=0.00, real=0.01 secs] 
2014-07-08T08:30:00.499+0000: 1606.049: [GC [PSYoungGen: 624933K->498K(603200K)] 808412K->184040K(1290176K), 0.0132770 secs] [Times: user=0.04 sys=0.00, real=0.01 secs] 
2014-07-08T08:30:01.817+0000: 1607.367: [GC [PSYoungGen: 603186K->726K(582400K)] 786728K->184396K(1269376K), 0.0188330 secs] [Times: user=0.07 sys=0.00, real=0.02 secs] 
2014-07-08T08:30:03.152+0000: 1608.702: [GC [PSYoungGen: 582358K->466K(562048K)] 766028K->184264K(1249024K), 0.0147900 secs] [Times: user=0.06 sys=0.00, real=0.01 secs] 
2014-07-08T08:30:04.259+0000: 1609.809: [GC [PSYoungGen: 562002K->242K(542592K)] 745800K->184168K(1229568K), 0.0075120 secs] [Times: user=0.03 sys=0.00, real=0.00 secs] 
2014-07-08T08:30:05.429+0000: 1610.979: [GC [PSYoungGen: 542578K->128K(524096K)] 726504K->184102K(1211072K), 0.0047410 secs] [Times: user=0.01 sys=0.00, real=0.00 secs] 
2014-07-08T08:30:06.593+0000: 1612.142: [GC [PSYoungGen: 524060K->588K(507072K)] 708035K->184626K(1194048K), 0.0167850 secs] [Times: user=0.06 sys=0.00, real=0.02 secs] 
2014-07-08T08:30:07.675+0000: 1613.225: [GC [PSYoungGen: 506958K->388K(490112K)] 690997K->184498K(1177088K), 0.0042330 secs] [Times: user=0.01 sys=0.00, real=0.01 secs] 
2014-07-08T08:30:08.755+0000: 1614.304: [GC [PSYoungGen: 490052K->576K(474240K)] 674162K->184734K(1161216K), 0.0133300 secs] [Times: user=0.05 sys=0.00, real=0.01 secs] 
2014-07-08T08:30:09.765+0000: 1615.314: [GC [PSYoungGen: 474240K->480K(458880K)] 658398K->184694K(1145856K), 0.0057530 secs] [Times: user=0.01 sys=0.00, real=0.01 secs] 
2014-07-08T08:30:10.760+0000: 1616.309: [GC [PSYoungGen: 458848K->608K(444352K)] 643062K->184878K(1131328K), 0.0061970 secs] [Times: user=0.02 sys=0.00, real=0.00 secs] 
2014-07-08T08:30:11.721+0000: 1617.270: [GC [PSYoungGen: 444320K->804K(430528K)] 628590K->185178K(1117504K), 0.0062720 secs] [Times: user=0.02 sys=0.00, real=0.00 secs] 
2014-07-08T08:30:12.656+0000: 1618.205: [GC [PSYoungGen: 430500K->868K(417216K)] 614874K->185386K(1104192K), 0.0105150 secs] [Times: user=0.01 sys=0.00, real=0.01 secs] 
2014-07-08T08:30:13.555+0000: 1619.105: [GC [PSYoungGen: 417188K->484K(500096K)] 601706K->185066K(1187072K), 0.0158700 secs] [Times: user=0.06 sys=0.01, real=0.02 secs] 
2014-07-08T08:30:14.637+0000: 1620.186: [GC [PSYoungGen: 500068K->288K(483456K)] 684650K->184958K(1170432K), 0.0053160 secs] [Times: user=0.01 sys=0.00, real=0.01 secs] 
2014-07-08T08:30:15.690+0000: 1621.239: [GC [PSYoungGen: 483333K->256K(467648K)] 668004K->184998K(1154624K), 0.0076080 secs] [Times: user=0.02 sys=0.00, real=0.01 secs] 
2014-07-08T08:30:16.712+0000: 1622.262: [GC [PSYoungGen: 467646K->740K(453120K)] 652388K->185538K(1140096K), 0.0108650 secs] [Times: user=0.04 sys=0.00, real=0.01 secs] 
2014-07-08T08:30:17.688+0000: 1623.237: [GC [PSYoungGen: 453092K->416K(543296K)] 637890K->185254K(1230272K), 0.0195750 secs] [Times: user=0.08 sys=0.00, real=0.02 secs] 
2014-07-08T08:30:18.902+0000: 1624.451: [GC [PSYoungGen: 543264K->640K(525120K)] 728102K->185542K(1212096K), 0.0045720 secs] [Times: user=0.01 sys=0.00, real=0.00 secs] 
2014-07-08T08:30:20.009+0000: 1625.558: [GC [PSYoungGen: 525058K->808K(507776K)] 709961K->185798K(1194752K), 0.0083070 secs] [Times: user=0.02 sys=0.01, real=0.01 secs] 
2014-07-08T08:30:21.083+0000: 1626.633: [GC [PSYoungGen: 507752K->256K(490432K)] 692742K->185326K(1177408K), 0.0050590 secs] [Times: user=0.01 sys=0.00, real=0.00 secs] 
2014-07-08T08:30:22.189+0000: 1627.739: [GC [PSYoungGen: 490432K->580K(474816K)] 675502K->185746K(1161792K), 0.0056630 secs] [Times: user=0.01 sys=0.00, real=0.01 secs] 
2014-07-08T08:30:23.212+0000: 1628.762: [GC [PSYoungGen: 474756K->256K(459072K)] 659922K->185502K(1146048K), 0.0143780 secs] [Times: user=0.05 sys=0.00, real=0.01 secs] 
2014-07-08T08:30:24.157+0000: 1629.707: [GC [PSYoungGen: 459071K->320K(444480K)] 644318K->185694K(1131456K), 0.0066710 secs] [Times: user=0.01 sys=0.00, real=0.01 secs] 
2014-07-08T08:30:25.124+0000: 1630.674: [GC [PSYoungGen: 444480K->288K(430464K)] 629854K->185726K(1117440K), 0.0138730 secs] [Times: user=0.05 sys=0.00, real=0.01 secs] 
2014-07-08T08:30:26.083+0000: 1631.632: [GC [PSYoungGen: 430432K->192K(416896K)] 615870K->185670K(1103872K), 0.0045500 secs] [Times: user=0.01 sys=0.00, real=0.00 secs] 
2014-07-08T08:30:26.998+0000: 1632.547: [GC [PSYoungGen: 416896K->640K(404480K)] 602374K->186182K(1091456K), 0.0101780 secs] [Times: user=0.03 sys=0.00, real=0.01 secs] 
2014-07-08T08:30:27.836+0000: 1633.386: [GC [PSYoungGen: 404480K->448K(392000K)] 590022K->186046K(1078976K), 0.0105590 secs] [Times: user=0.02 sys=0.00, real=0.01 secs] 
2014-07-08T08:30:28.735+0000: 1634.284: [GC [PSYoungGen: 392000K->786K(380608K)] 577598K->186416K(1067584K), 0.0058770 secs] [Times: user=0.02 sys=0.00, real=0.00 secs] 
2014-07-08T08:30:29.481+0000: 1635.031: [GC [PSYoungGen: 380562K->288K(456064K)] 566192K->186030K(1143040K), 0.0220470 secs] [Times: user=0.08 sys=0.00, real=0.03 secs] 
2014-07-08T08:30:30.472+0000: 1636.022: [GC [PSYoungGen: 456032K->320K(547264K)] 641774K->186134K(1234240K), 0.0072770 secs] [Times: user=0.01 sys=0.00, real=0.00 secs] 
2014-07-08T08:30:31.665+0000: 1637.214: [GC [PSYoungGen: 547264K->594K(657024K)] 733078K->186512K(1344000K), 0.0090650 secs] [Times: user=0.03 sys=0.00, real=0.01 secs] 
2014-07-08T08:30:33.182+0000: 1638.732: [GC [PSYoungGen: 656978K->1024K(633856K)] 842896K->187038K(1320832K), 0.0053880 secs] [Times: user=0.01 sys=0.00, real=0.01 secs] 
2014-07-08T08:30:34.461+0000: 1640.011: [GC [PSYoungGen: 633856K->256K(610624K)] 819870K->186398K(1297600K), 0.0077880 secs] [Times: user=0.02 sys=0.00, real=0.01 secs] 
2014-07-08T08:30:35.800+0000: 1641.350: [GC [PSYoungGen: 610624K->512K(589440K)] 796766K->186774K(1276416K), 0.0049350 secs] [Times: user=0.01 sys=0.00, real=0.01 secs] 
2014-07-08T08:30:37.070+0000: 1642.620: [GC [PSYoungGen: 589440K->306K(707072K)] 775702K->186616K(1394048K), 0.0268760 secs] [Times: user=0.09 sys=0.00, real=0.03 secs] 
2014-07-08T08:30:38.708+0000: 1644.258: [GC [PSYoungGen: 707058K->914K(681856K)] 893368K->187288K(1368832K), 0.0118920 secs] [Times: user=0.02 sys=0.01, real=0.01 secs] 
2014-07-08T08:30:40.181+0000: 1645.731: [GC [PSYoungGen: 681810K->384K(817472K)] 868184K->186862K(1504448K), 0.0320620 secs] [Times: user=0.12 sys=0.00, real=0.03 secs] 
2014-07-08T08:30:41.883+0000: 1647.433: [GC [PSYoungGen: 817472K->754K(981312K)] 1003950K->187360K(1668288K), 0.0210070 secs] [Times: user=0.06 sys=0.01, real=0.03 secs] 
2014-07-08T08:30:44.071+0000: 1649.620: [GC [PSYoungGen: 981296K->978K(1177728K)] 1167903K->187760K(1864704K), 0.0259390 secs] [Times: user=0.10 sys=0.01, real=0.03 secs] 
2014-07-08T08:30:46.514+0000: 1652.064: [GC [PSYoungGen: 1177682K->192K(1412288K)] 1364464K->187142K(2099264K), 0.0087120 secs] [Times: user=0.01 sys=0.00, real=0.01 secs] 
2014-07-08T08:30:49.568+0000: 1655.118: [GC [PSYoungGen: 1412288K->192K(1352640K)] 1599238K->187238K(2039616K), 0.0180160 secs] [Times: user=0.07 sys=0.00, real=0.02 secs] 
2014-07-08T08:30:52.493+0000: 1658.043: [GC [PSYoungGen: 1352640K->352K(1296064K)] 1539686K->187486K(1983040K), 0.0167430 secs] [Times: user=0.06 sys=0.00, real=0.02 secs] 
2014-07-08T08:30:55.341+0000: 1660.890: [GC [PSYoungGen: 1296032K->448K(1242112K)] 1483166K->187838K(1929088K), 0.0432120 secs] [Times: user=0.14 sys=0.00, real=0.04 secs] 
2014-07-08T08:30:58.009+0000: 1663.559: [GC [PSYoungGen: 1242042K->416K(1190720K)] 1429433K->188022K(1877696K), 0.0064250 secs] [Times: user=0.02 sys=0.00, real=0.00 secs] 
2014-07-08T08:31:00.573+0000: 1666.122: [GC [PSYoungGen: 1190681K->626K(1142016K)] 1378288K->188352K(1828992K), 0.0217590 secs] [Times: user=0.08 sys=0.00, real=0.02 secs] 
2014-07-08T08:31:03.055+0000: 1668.604: [GC [PSYoungGen: 1142002K->576K(1370240K)] 1329728K->188486K(2057216K), 0.0446920 secs] [Times: user=0.16 sys=0.00, real=0.05 secs] 
2014-07-08T08:31:06.012+0000: 1671.561: [GC [PSYoungGen: 1370240K->320K(1312384K)] 1558150K->188358K(1999360K), 0.0062460 secs] [Times: user=0.02 sys=0.00, real=0.01 secs] 
2014-07-08T08:31:08.944+0000: 1674.493: [GC [PSYoungGen: 1312384K->896K(1258176K)] 1500422K->189046K(1945152K), 0.0083350 secs] [Times: user=0.01 sys=0.00, real=0.01 secs] 
2014-07-08T08:31:11.553+0000: 1677.103: [GC [PSYoungGen: 1258176K->370K(1205504K)] 1446326K->188672K(1892480K), 0.0059800 secs] [Times: user=0.01 sys=0.00, real=0.01 secs] 
2014-07-08T08:31:14.322+0000: 1679.871: [GC [PSYoungGen: 1205490K->872K(1156416K)] 1393792K->189358K(1843392K), 0.0165960 secs] [Times: user=0.05 sys=0.00, real=0.01 secs] 
2014-07-08T08:31:16.670+0000: 1682.220: [GC [PSYoungGen: 1156392K->676K(1108992K)] 1344878K->189410K(1795968K), 0.0153480 secs] [Times: user=0.04 sys=0.00, real=0.01 secs] 
2014-07-08T08:31:19.234+0000: 1684.783: [GC [PSYoungGen: 1108964K->736K(1064128K)] 1297698K->189566K(1751104K), 0.0054230 secs] [Times: user=0.01 sys=0.01, real=0.00 secs] 
2014-07-08T08:31:21.370+0000: 1686.920: [GC [PSYoungGen: 1064096K->370K(1020992K)] 1252926K->189320K(1707968K), 0.0361400 secs] [Times: user=0.13 sys=0.00, real=0.03 secs] 
2014-07-08T08:31:23.586+0000: 1689.136: [GC [PSYoungGen: 1020978K->320K(980224K)] 1209928K->189478K(1667200K), 0.0139350 secs] [Times: user=0.04 sys=0.00, real=0.02 secs] 
2014-07-08T08:31:25.710+0000: 1691.260: [GC [PSYoungGen: 980224K->658K(941824K)] 1169382K->189968K(1628800K), 0.0054290 secs] [Times: user=0.01 sys=0.00, real=0.01 secs] 
2014-07-08T08:31:27.776+0000: 1693.326: [GC [PSYoungGen: 941778K->882K(905088K)] 1131088K->190344K(1592064K), 0.0052770 secs] [Times: user=0.01 sys=0.00, real=0.01 secs] 
2014-07-08T08:31:29.707+0000: 1695.257: [GC [PSYoungGen: 905074K->384K(869440K)] 1094536K->189918K(1556416K), 0.0059130 secs] [Times: user=0.01 sys=0.00, real=0.01 secs] 
2014-07-08T08:31:31.595+0000: 1697.144: [GC [PSYoungGen: 869436K->420K(836032K)] 1058971K->190050K(1523008K), 0.0078810 secs] [Times: user=0.01 sys=0.00, real=0.01 secs] 
2014-07-08T08:31:33.410+0000: 1698.960: [GC [PSYoungGen: 836004K->274K(804032K)] 1025634K->190088K(1491008K), 0.0059360 secs] [Times: user=0.01 sys=0.00, real=0.01 secs] 
2014-07-08T08:31:35.213+0000: 1700.763: [GC [PSYoungGen: 803986K->484K(773824K)] 993800K->190418K(1460800K), 0.0041470 secs] [Times: user=0.01 sys=0.00, real=0.00 secs] 
2014-07-08T08:31:36.831+0000: 1702.380: [GC [PSYoungGen: 773796K->352K(744704K)] 963730K->190430K(1431680K), 0.0061330 secs] [Times: user=0.01 sys=0.00, real=0.01 secs] 
2014-07-08T08:31:38.435+0000: 1703.984: [GC [PSYoungGen: 744671K->160K(716928K)] 934750K->190310K(1403904K), 0.0043660 secs] [Times: user=0.01 sys=0.00, real=0.00 secs] 
2014-07-08T08:31:40.025+0000: 1705.574: [GC [PSYoungGen: 716896K->470K(690944K)] 907046K->190676K(1377920K), 0.0130490 secs] [Times: user=0.04 sys=0.00, real=0.01 secs] 
2014-07-08T08:31:41.483+0000: 1707.032: [GC [PSYoungGen: 690893K->370K(665728K)] 881100K->190696K(1352704K), 0.0063610 secs] [Times: user=0.01 sys=0.01, real=0.01 secs] 
2014-07-08T08:31:42.961+0000: 1708.511: [GC [PSYoungGen: 665711K->640K(642048K)] 856038K->191118K(1329024K), 0.0258660 secs] [Times: user=0.08 sys=0.01, real=0.03 secs] 
2014-07-08T08:31:44.351+0000: 1709.900: [GC [PSYoungGen: 642048K->370K(618944K)] 832526K->190944K(1305920K), 0.0227850 secs] [Times: user=0.08 sys=0.00, real=0.03 secs] 
2014-07-08T08:31:45.675+0000: 1711.225: [GC [PSYoungGen: 618925K->466K(597248K)] 809499K->191136K(1284224K), 0.0071190 secs] [Times: user=0.01 sys=0.00, real=0.00 secs] 
2014-07-08T08:31:47.060+0000: 1712.609: [GC [PSYoungGen: 597202K->370K(576320K)] 787872K->191088K(1263296K), 0.0132440 secs] [Times: user=0.05 sys=0.01, real=0.01 secs] 
2014-07-08T08:31:48.221+0000: 1713.770: [GC [PSYoungGen: 576306K->292K(556416K)] 767024K->191138K(1243392K), 0.0050220 secs] [Times: user=0.01 sys=0.00, real=0.01 secs] 
2014-07-08T08:31:49.441+0000: 1714.990: [GC [PSYoungGen: 556388K->338K(537536K)] 747234K->191232K(1224512K), 0.0106890 secs] [Times: user=0.04 sys=0.00, real=0.01 secs] 
2014-07-08T08:31:50.585+0000: 1716.134: [GC [PSYoungGen: 537490K->192K(519232K)] 728384K->191142K(1206208K), 0.0084630 secs] [Times: user=0.02 sys=0.00, real=0.00 secs] 
2014-07-08T08:31:51.716+0000: 1717.266: [GC [PSYoungGen: 519232K->288K(502080K)] 710182K->191334K(1189056K), 0.0169090 secs] [Times: user=0.07 sys=0.00, real=0.01 secs] 
2014-07-08T08:31:52.808+0000: 1718.357: [GC [PSYoungGen: 502046K->544K(602688K)] 693093K->191694K(1289664K), 0.0277540 secs] [Times: user=0.09 sys=0.00, real=0.03 secs] 
2014-07-08T08:31:54.101+0000: 1719.650: [GC [PSYoungGen: 602656K->256K(722816K)] 793806K->191510K(1409792K), 0.0563330 secs] [Times: user=0.18 sys=0.00, real=0.06 secs] 
2014-07-08T08:31:55.672+0000: 1721.221: [GC [PSYoungGen: 722776K->388K(867520K)] 914031K->191730K(1554496K), 0.0111260 secs] [Times: user=0.04 sys=0.01, real=0.01 secs] 
2014-07-08T08:31:57.544+0000: 1723.094: [GC [PSYoungGen: 867456K->712K(1041280K)] 1058799K->192134K(1728256K), 0.0065450 secs] [Times: user=0.01 sys=0.00, real=0.01 secs] 
2014-07-08T08:31:59.792+0000: 1725.341: [GC [PSYoungGen: 1041224K->370K(1249024K)] 1232646K->192128K(1936000K), 0.0293770 secs] [Times: user=0.09 sys=0.00, real=0.03 secs] 
2014-07-08T08:32:02.488+0000: 1728.038: [GC [PSYoungGen: 1249010K->384K(1498752K)] 1440768K->192278K(2185728K), 0.0038390 secs] [Times: user=0.01 sys=0.00, real=0.00 secs] 
2014-07-08T08:32:05.735+0000: 1731.285: [GC [PSYoungGen: 1498752K->644K(1435200K)] 1690646K->192786K(2122176K), 0.0216110 secs] [Times: user=0.07 sys=0.00, real=0.02 secs] 
2014-07-08T08:32:08.855+0000: 1734.404: [GC [PSYoungGen: 1435061K->594K(1374336K)] 1627204K->192928K(2061312K), 0.0064010 secs] [Times: user=0.02 sys=0.00, real=0.01 secs] 
2014-07-08T08:32:11.847+0000: 1737.396: [GC [PSYoungGen: 1374290K->640K(1316544K)] 1566624K->193118K(2003520K), 0.0062730 secs] [Times: user=0.01 sys=0.00, real=0.01 secs] 
2014-07-08T08:32:14.717+0000: 1740.266: [GC [PSYoungGen: 1316544K->704K(1261632K)] 1509022K->193494K(1948608K), 0.0066990 secs] [Times: user=0.02 sys=0.00, real=0.01 secs] 
2014-07-08T08:32:17.394+0000: 1742.944: [GC [PSYoungGen: 1261632K->530K(1209216K)] 1454422K->193512K(1896192K), 0.0461930 secs] [Times: user=0.17 sys=0.00, real=0.05 secs] 
2014-07-08T08:32:20.201+0000: 1745.751: [GC [PSYoungGen: 1209170K->950K(1159808K)] 1402152K->194044K(1846784K), 0.0042980 secs] [Times: user=0.02 sys=0.00, real=0.00 secs] 
2014-07-08T08:32:22.516+0000: 1748.066: [GC [PSYoungGen: 1159749K->448K(1111936K)] 1352844K->193908K(1798912K), 0.0224980 secs] [Times: user=0.08 sys=0.00, real=0.03 secs] 
2014-07-08T08:32:25.100+0000: 1750.649: [GC [PSYoungGen: 1111936K->1074K(1067520K)] 1305396K->194734K(1754496K), 0.0049850 secs] [Times: user=0.01 sys=0.00, real=0.01 secs] 
2014-07-08T08:32:27.235+0000: 1752.785: [GC [PSYoungGen: 1067503K->192K(1023744K)] 1261164K->194052K(1710720K), 0.0108970 secs] [Times: user=0.04 sys=0.00, real=0.01 secs] 
2014-07-08T08:32:29.458+0000: 1755.007: [GC [PSYoungGen: 1023744K->160K(982912K)] 1217604K->194108K(1669888K), 0.0052530 secs] [Times: user=0.01 sys=0.00, real=0.01 secs] 
2014-07-08T08:32:31.584+0000: 1757.133: [GC [PSYoungGen: 982880K->352K(944192K)] 1176828K->194364K(1631168K), 0.0112080 secs] [Times: user=0.04 sys=0.00, real=0.01 secs] 
2014-07-08T08:32:33.634+0000: 1759.184: [GC [PSYoungGen: 944160K->224K(907008K)] 1138172K->194476K(1593984K), 0.0171220 secs] [Times: user=0.06 sys=0.00, real=0.02 secs] 
2014-07-08T08:32:35.604+0000: 1761.153: [GC [PSYoungGen: 906976K->224K(871744K)] 1101228K->194604K(1558720K), 0.0446540 secs] [Times: user=0.15 sys=0.00, real=0.04 secs] 
2014-07-08T08:32:37.500+0000: 1763.049: [GC [PSYoungGen: 871636K->502K(838400K)] 1066017K->195042K(1525376K), 0.0062760 secs] [Times: user=0.01 sys=0.01, real=0.01 secs] 
2014-07-08T08:32:39.310+0000: 1764.860: [GC [PSYoungGen: 838333K->288K(806208K)] 1032874K->194940K(1493184K), 0.0237450 secs] [Times: user=0.08 sys=0.00, real=0.03 secs] 
2014-07-08T08:32:41.074+0000: 1766.624: [GC [PSYoungGen: 806176K->480K(775872K)] 1000828K->195212K(1462848K), 0.0087080 secs] [Times: user=0.03 sys=0.00, real=0.01 secs] 
2014-07-08T08:32:42.741+0000: 1768.290: [GC [PSYoungGen: 775840K->530K(746880K)] 970572K->195454K(1433856K), 0.0186320 secs] [Times: user=0.07 sys=0.00, real=0.02 secs] 
2014-07-08T08:32:44.361+0000: 1769.911: [GC [PSYoungGen: 746834K->256K(895872K)] 941758K->195340K(1582848K), 0.0287020 secs] [Times: user=0.09 sys=0.00, real=0.03 secs] 
2014-07-08T08:32:46.301+0000: 1771.851: [GC [PSYoungGen: 895872K->306K(1075072K)] 1090956K->195494K(1762048K), 0.0208460 secs] [Times: user=0.07 sys=0.00, real=0.02 secs] 
2014-07-08T08:32:48.630+0000: 1774.179: [GC [PSYoungGen: 1075037K->456K(1031936K)] 1270225K->195756K(1718912K), 0.0133310 secs] [Times: user=0.04 sys=0.00, real=0.02 secs] 
2014-07-08T08:32:50.877+0000: 1776.427: [GC [PSYoungGen: 1031793K->740K(990976K)] 1227094K->196128K(1677952K), 0.0182640 secs] [Times: user=0.07 sys=0.00, real=0.02 secs] 
2014-07-08T08:32:53.091+0000: 1778.641: [GC [PSYoungGen: 990863K->694K(951680K)] 1186252K->196250K(1638656K), 0.0093750 secs] [Times: user=0.02 sys=0.00, real=0.01 secs] 
2014-07-08T08:32:55.111+0000: 1780.661: [GC [PSYoungGen: 951670K->448K(914048K)] 1147226K->196196K(1601024K), 0.0146920 secs] [Times: user=0.05 sys=0.01, real=0.02 secs] 
2014-07-08T08:32:57.113+0000: 1782.663: [GC [PSYoungGen: 913975K->534K(878592K)] 1109724K->196410K(1565568K), 0.0043430 secs] [Times: user=0.01 sys=0.00, real=0.01 secs] 
2014-07-08T08:32:59.009+0000: 1784.558: [GC [PSYoungGen: 878550K->836K(844992K)] 1074426K->196816K(1531968K), 0.0336460 secs] [Times: user=0.11 sys=0.00, real=0.03 secs] 
2014-07-08T08:33:00.811+0000: 1786.360: [GC [PSYoungGen: 844932K->576K(812352K)] 1040912K->196620K(1499328K), 0.0155220 secs] [Times: user=0.05 sys=0.00, real=0.02 secs] 
2014-07-08T08:33:02.540+0000: 1788.089: [GC [PSYoungGen: 812352K->192K(781184K)] 1008396K->196412K(1468160K), 0.0043970 secs] [Times: user=0.02 sys=0.00, real=0.00 secs] 
2014-07-08T08:33:04.236+0000: 1789.785: [GC [PSYoungGen: 781184K->320K(752000K)] 977404K->196668K(1438976K), 0.0060870 secs] [Times: user=0.01 sys=0.00, real=0.00 secs] 
2014-07-08T08:33:05.874+0000: 1791.423: [GC [PSYoungGen: 752000K->466K(724224K)] 948348K->196942K(1411200K), 0.0053830 secs] [Times: user=0.01 sys=0.00, real=0.01 secs] 
2014-07-08T08:33:07.435+0000: 1792.984: [GC [PSYoungGen: 724178K->192K(697280K)] 920654K->196764K(1384256K), 0.0039510 secs] [Times: user=0.01 sys=0.00, real=0.01 secs] 
2014-07-08T08:33:09.039+0000: 1794.588: [GC [PSYoungGen: 697278K->960K(672640K)] 893851K->197580K(1359616K), 0.0068580 secs] [Times: user=0.02 sys=0.00, real=0.00 secs] 
2014-07-08T08:33:10.455+0000: 1796.004: [GC [PSYoungGen: 672629K->626K(648064K)] 869250K->197294K(1335040K), 0.0125500 secs] [Times: user=0.04 sys=0.00, real=0.02 secs] 
2014-07-08T08:33:11.820+0000: 1797.369: [GC [PSYoungGen: 648050K->384K(624704K)] 844718K->197204K(1311680K), 0.0051920 secs] [Times: user=0.01 sys=0.00, real=0.00 secs] 
2014-07-08T08:33:13.180+0000: 1798.730: [GC [PSYoungGen: 624704K->256K(602496K)] 821524K->197180K(1289472K), 0.0174620 secs] [Times: user=0.06 sys=0.01, real=0.02 secs] 
2014-07-08T08:33:14.486+0000: 1800.036: [GC [PSYoungGen: 602496K->740K(581952K)] 799420K->197760K(1268928K), 0.0176660 secs] [Times: user=0.07 sys=0.00, real=0.02 secs] 
2014-07-08T08:33:15.756+0000: 1801.305: [GC [PSYoungGen: 581924K->466K(561600K)] 778944K->197558K(1248576K), 0.0120970 secs] [Times: user=0.05 sys=0.00, real=0.02 secs] 
2014-07-08T08:33:17.019+0000: 1802.569: [GC [PSYoungGen: 561554K->786K(542720K)] 758646K->197998K(1229696K), 0.0052650 secs] [Times: user=0.02 sys=0.00, real=0.00 secs] 
2014-07-08T08:33:18.138+0000: 1803.687: [GC [PSYoungGen: 542674K->128K(523712K)] 739886K->197388K(1210688K), 0.0061450 secs] [Times: user=0.01 sys=0.00, real=0.00 secs] 
2014-07-08T08:33:19.277+0000: 1804.826: [GC [PSYoungGen: 523616K->342K(506432K)] 720877K->197642K(1193408K), 0.0116420 secs] [Times: user=0.04 sys=0.00, real=0.02 secs] 
2014-07-08T08:33:20.410+0000: 1805.959: [GC [PSYoungGen: 506352K->612K(489984K)] 703653K->197960K(1176960K), 0.0049110 secs] [Times: user=0.02 sys=0.00, real=0.00 secs] 
2014-07-08T08:33:21.447+0000: 1806.997: [GC [PSYoungGen: 489956K->388K(473792K)] 687304K->197848K(1160768K), 0.0047540 secs] [Times: user=0.01 sys=0.00, real=0.01 secs] 
2014-07-08T08:33:22.476+0000: 1808.025: [GC [PSYoungGen: 473732K->160K(458240K)] 671192K->197732K(1145216K), 0.0053100 secs] [Times: user=0.02 sys=0.00, real=0.01 secs] 
2014-07-08T08:33:23.468+0000: 1809.018: [GC [PSYoungGen: 458208K->192K(443648K)] 655780K->197820K(1130624K), 0.0038600 secs] [Times: user=0.02 sys=0.00, real=0.00 secs] 
2014-07-08T08:33:24.438+0000: 1809.987: [GC [PSYoungGen: 443648K->96K(429568K)] 641276K->197788K(1116544K), 0.0048340 secs] [Times: user=0.01 sys=0.00, real=0.01 secs] 
2014-07-08T08:33:25.371+0000: 1810.921: [GC [PSYoungGen: 429478K->520K(515904K)] 627171K->198268K(1202880K), 0.0276140 secs] [Times: user=0.09 sys=0.00, real=0.03 secs] 
2014-07-08T08:33:26.575+0000: 1812.125: [GC [PSYoungGen: 515785K->384K(618816K)] 713534K->198164K(1305792K), 0.0135790 secs] [Times: user=0.05 sys=0.00, real=0.02 secs] 
2014-07-08T08:33:27.851+0000: 1813.401: [GC [PSYoungGen: 618816K->576K(742720K)] 816596K->198500K(1429696K), 0.0150900 secs] [Times: user=0.04 sys=0.00, real=0.01 secs] 
2014-07-08T08:33:29.445+0000: 1814.995: [GC [PSYoungGen: 742720K->516K(891200K)] 940644K->198544K(1578176K), 0.0333270 secs] [Times: user=0.12 sys=0.00, real=0.03 secs] 
2014-07-08T08:33:31.471+0000: 1817.020: [GC [PSYoungGen: 891140K->480K(1069312K)] 1089168K->198564K(1756288K), 0.0048430 secs] [Times: user=0.01 sys=0.00, real=0.00 secs] 
2014-07-08T08:33:33.714+0000: 1819.263: [GC [PSYoungGen: 1069280K->352K(1026176K)] 1267364K->198668K(1713152K), 0.0159190 secs] [Times: user=0.05 sys=0.00, real=0.01 secs] 
2014-07-08T08:33:36.101+0000: 1821.651: [GC [PSYoungGen: 1026144K->868K(985728K)] 1224460K->199472K(1672704K), 0.0144660 secs] [Times: user=0.05 sys=0.00, real=0.01 secs] 
2014-07-08T08:33:38.098+0000: 1823.648: [GC [PSYoungGen: 985700K->384K(946240K)] 1184304K->199156K(1633216K), 0.0109020 secs] [Times: user=0.03 sys=0.00, real=0.01 secs] 
2014-07-08T08:33:40.130+0000: 1825.679: [GC [PSYoungGen: 946240K->324K(909120K)] 1145012K->199216K(1596096K), 0.0186380 secs] [Times: user=0.07 sys=0.00, real=0.02 secs] 
2014-07-08T08:33:42.263+0000: 1827.812: [GC [PSYoungGen: 909060K->776K(874176K)] 1107952K->199780K(1561152K), 0.0060630 secs] [Times: user=0.02 sys=0.00, real=0.00 secs] 
2014-07-08T08:33:43.951+0000: 1829.500: [GC [PSYoungGen: 874120K->864K(840576K)] 1073124K->200116K(1527552K), 0.0053350 secs] [Times: user=0.02 sys=0.00, real=0.01 secs] 
2014-07-08T08:33:45.545+0000: 1831.094: [GC [PSYoungGen: 840544K->416K(808064K)] 1039796K->199788K(1495040K), 0.0046690 secs] [Times: user=0.02 sys=0.00, real=0.00 secs] 
2014-07-08T08:33:47.367+0000: 1832.917: [GC [PSYoungGen: 807995K->480K(777536K)] 1007368K->199956K(1464512K), 0.0174740 secs] [Times: user=0.06 sys=0.00, real=0.02 secs] 
2014-07-08T08:33:48.802+0000: 1834.351: [GC [PSYoungGen: 777504K->704K(748608K)] 976980K->200324K(1435584K), 0.0102430 secs] [Times: user=0.03 sys=0.00, real=0.01 secs] 
2014-07-08T08:33:50.316+0000: 1835.866: [GC [PSYoungGen: 748608K->598K(720768K)] 948228K->200290K(1407744K), 0.0046400 secs] [Times: user=0.01 sys=0.00, real=0.00 secs] 
2014-07-08T08:33:51.815+0000: 1837.365: [GC [PSYoungGen: 720726K->1028K(694720K)] 920418K->200896K(1381696K), 0.0078010 secs] [Times: user=0.02 sys=0.00, real=0.01 secs] 
2014-07-08T08:33:53.201+0000: 1838.750: [GC [PSYoungGen: 694660K->484K(668864K)] 894528K->200608K(1355840K), 0.0131650 secs] [Times: user=0.05 sys=0.01, real=0.02 secs] 
2014-07-08T08:33:54.376+0000: 1839.925: [GC [PSYoungGen: 668836K->402K(644736K)] 868960K->200654K(1331712K), 0.0176960 secs] [Times: user=0.06 sys=0.00, real=0.02 secs] 
2014-07-08T08:33:55.586+0000: 1841.135: [GC [PSYoungGen: 644655K->588K(621952K)] 844908K->200936K(1308928K), 0.0089740 secs] [Times: user=0.02 sys=0.00, real=0.01 secs] 
2014-07-08T08:33:57.091+0000: 1842.640: [GC [PSYoungGen: 621900K->1056K(600448K)] 822248K->201508K(1287424K), 0.0080730 secs] [Times: user=0.02 sys=0.00, real=0.01 secs] 
2014-07-08T08:33:58.292+0000: 1843.842: [GC [PSYoungGen: 600411K->512K(578944K)] 800863K->201084K(1265920K), 0.0069830 secs] [Times: user=0.01 sys=0.01, real=0.01 secs] 
2014-07-08T08:33:59.414+0000: 1844.964: [GC [PSYoungGen: 578944K->352K(558848K)] 779516K->200988K(1245824K), 0.0057780 secs] [Times: user=0.02 sys=0.00, real=0.00 secs] 
2014-07-08T08:34:00.432+0000: 1845.982: [GC [PSYoungGen: 558816K->352K(539776K)] 759452K->201076K(1226752K), 0.0052630 secs] [Times: user=0.01 sys=0.01, real=0.01 secs] 
2014-07-08T08:34:01.654+0000: 1847.204: [GC [PSYoungGen: 539744K->608K(521792K)] 740468K->201452K(1208768K), 0.0055940 secs] [Times: user=0.02 sys=0.00, real=0.00 secs] 
2014-07-08T08:34:02.647+0000: 1848.196: [GC [PSYoungGen: 521724K->648K(626112K)] 722569K->201676K(1313088K), 0.0238480 secs] [Times: user=0.08 sys=0.00, real=0.02 secs] 
2014-07-08T08:34:03.877+0000: 1849.426: [GC [PSYoungGen: 626048K->800K(604096K)] 827077K->201932K(1291072K), 0.0108530 secs] [Times: user=0.04 sys=0.00, real=0.01 secs] 
2014-07-08T08:34:04.974+0000: 1850.524: [GC [PSYoungGen: 604064K->690K(582848K)] 805196K->201950K(1269824K), 0.0087590 secs] [Times: user=0.02 sys=0.00, real=0.01 secs] 
2014-07-08T08:34:06.112+0000: 1851.661: [GC [PSYoungGen: 582773K->1028K(563072K)] 784033K->202384K(1250048K), 0.0065780 secs] [Times: user=0.02 sys=0.00, real=0.01 secs] 
2014-07-08T08:34:07.316+0000: 1852.865: [GC [PSYoungGen: 563012K->466K(543232K)] 764368K->201918K(1230208K), 0.0123990 secs] [Times: user=0.04 sys=0.00, real=0.01 secs] 
2014-07-08T08:34:08.343+0000: 1853.892: [GC [PSYoungGen: 543186K->416K(524800K)] 744638K->201980K(1211776K), 0.0106560 secs] [Times: user=0.02 sys=0.00, real=0.01 secs] 
2014-07-08T08:34:09.368+0000: 1854.918: [GC [PSYoungGen: 524761K->384K(507200K)] 726326K->202012K(1194176K), 0.0103140 secs] [Times: user=0.04 sys=0.00, real=0.01 secs] 
2014-07-08T08:34:10.341+0000: 1855.890: [GC [PSYoungGen: 507200K->466K(490560K)] 708828K->202158K(1177536K), 0.0107760 secs] [Times: user=0.04 sys=0.00, real=0.01 secs] 
2014-07-08T08:34:11.302+0000: 1856.852: [GC [PSYoungGen: 490458K->996K(475072K)] 692151K->202824K(1162048K), 0.0078330 secs] [Times: user=0.02 sys=0.01, real=0.01 secs] 
2014-07-08T08:34:12.357+0000: 1857.906: [GC [PSYoungGen: 475044K->548K(569472K)] 676872K->202488K(1256448K), 0.0171490 secs] [Times: user=0.06 sys=0.00, real=0.01 secs] 
2014-07-08T08:34:13.423+0000: 1858.972: [GC [PSYoungGen: 569444K->448K(683136K)] 771384K->202548K(1370112K), 0.0101160 secs] [Times: user=0.04 sys=0.00, real=0.01 secs] 
2014-07-08T08:34:14.620+0000: 1860.170: [GC [PSYoungGen: 683136K->384K(819648K)] 885236K->202580K(1506624K), 0.0211300 secs] [Times: user=0.08 sys=0.00, real=0.02 secs] 
2014-07-08T08:34:16.256+0000: 1861.805: [GC [PSYoungGen: 819583K->434K(983616K)] 1021780K->202694K(1670592K), 0.0116470 secs] [Times: user=0.04 sys=0.00, real=0.01 secs] 
2014-07-08T08:34:18.290+0000: 1863.840: [GC [PSYoungGen: 983602K->576K(944832K)] 1185862K->202956K(1631808K), 0.0120460 secs] [Times: user=0.04 sys=0.00, real=0.01 secs] 
2014-07-08T08:34:20.178+0000: 1865.727: [GC [PSYoungGen: 944764K->726K(907968K)] 1147145K->203234K(1594944K), 0.0134630 secs] [Times: user=0.05 sys=0.00, real=0.01 secs] 
2014-07-08T08:34:22.103+0000: 1867.653: [GC [PSYoungGen: 907926K->836K(872832K)] 1110434K->203512K(1559808K), 0.0052090 secs] [Times: user=0.01 sys=0.00, real=0.01 secs] 
2014-07-08T08:34:23.707+0000: 1869.256: [GC [PSYoungGen: 872772K->416K(838784K)] 1075448K->203324K(1525760K), 0.0221530 secs] [Times: user=0.07 sys=0.00, real=0.03 secs] 
2014-07-08T08:34:25.368+0000: 1870.917: [GC [PSYoungGen: 838752K->402K(806784K)] 1041660K->203414K(1493760K), 0.0057920 secs] [Times: user=0.01 sys=0.01, real=0.01 secs] 
2014-07-08T08:34:27.195+0000: 1872.744: [GC [PSYoungGen: 806738K->512K(776320K)] 1009750K->203644K(1463296K), 0.0048000 secs] [Times: user=0.01 sys=0.00, real=0.01 secs] 
2014-07-08T08:34:28.672+0000: 1874.221: [GC [PSYoungGen: 776320K->690K(747456K)] 979452K->203958K(1434432K), 0.0074980 secs] [Times: user=0.02 sys=0.00, real=0.01 secs] 
2014-07-08T08:34:30.252+0000: 1875.802: [GC [PSYoungGen: 747442K->612K(719680K)] 950710K->203944K(1406656K), 0.0143640 secs] [Times: user=0.06 sys=0.00, real=0.01 secs] 
2014-07-08T08:34:31.466+0000: 1877.015: [GC [PSYoungGen: 719651K->448K(693056K)] 922984K->203940K(1380032K), 0.0128690 secs] [Times: user=0.05 sys=0.00, real=0.01 secs] 
2014-07-08T08:34:33.045+0000: 1878.595: [GC [PSYoungGen: 693052K->996K(668416K)] 896545K->204712K(1355392K), 0.0116680 secs] [Times: user=0.04 sys=0.00, real=0.01 secs] 
2014-07-08T08:34:34.320+0000: 1879.870: [GC [PSYoungGen: 668388K->608K(643968K)] 872104K->204548K(1330944K), 0.0095220 secs] [Times: user=0.02 sys=0.00, real=0.01 secs] 
2014-07-08T08:34:35.541+0000: 1881.090: [GC [PSYoungGen: 643936K->466K(772544K)] 847876K->204542K(1459520K), 0.0301680 secs] [Times: user=0.10 sys=0.00, real=0.03 secs] 
2014-07-08T08:34:37.315+0000: 1882.864: [GC [PSYoungGen: 772498K->754K(927232K)] 976574K->204934K(1614208K), 0.0270230 secs] [Times: user=0.08 sys=0.00, real=0.03 secs] 
2014-07-08T08:34:39.030+0000: 1884.579: [GC [PSYoungGen: 927208K->982K(1112832K)] 1131388K->205314K(1799808K), 0.0122310 secs] [Times: user=0.05 sys=0.00, real=0.02 secs] 
2014-07-08T08:34:41.060+0000: 1886.609: [GC [PSYoungGen: 1112790K->1170K(1067904K)] 1317122K->205582K(1754880K), 0.0077440 secs] [Times: user=0.01 sys=0.01, real=0.01 secs] 
2014-07-08T08:34:43.225+0000: 1888.775: [GC [PSYoungGen: 1067858K->256K(1024000K)] 1272270K->205126K(1710976K), 0.0060470 secs] [Times: user=0.02 sys=0.00, real=0.01 secs] 
2014-07-08T08:34:45.200+0000: 1890.750: [GC [PSYoungGen: 1023995K->416K(983360K)] 1228866K->205510K(1670336K), 0.0050450 secs] [Times: user=0.01 sys=0.00, real=0.01 secs] 
2014-07-08T08:34:47.248+0000: 1892.797: [GC [PSYoungGen: 983328K->818K(944832K)] 1188422K->206112K(1631808K), 0.0062360 secs] [Times: user=0.02 sys=0.00, real=0.01 secs] 
2014-07-08T08:34:49.034+0000: 1894.583: [GC [PSYoungGen: 944818K->1028K(908032K)] 1150112K->206458K(1595008K), 0.0090160 secs] [Times: user=0.01 sys=0.01, real=0.01 secs] 
2014-07-08T08:34:50.968+0000: 1896.517: [GC [PSYoungGen: 907972K->694K(872384K)] 1113402K->206796K(1559360K), 0.0076360 secs] [Times: user=0.02 sys=0.00, real=0.01 secs] 
2014-07-08T08:34:52.604+0000: 1898.154: [GC [PSYoungGen: 872374K->576K(838656K)] 1078476K->206886K(1525632K), 0.0212480 secs] [Times: user=0.08 sys=0.00, real=0.02 secs] 
2014-07-08T08:34:54.272+0000: 1899.821: [GC [PSYoungGen: 838656K->448K(806528K)] 1044966K->207006K(1493504K), 0.0135200 secs] [Times: user=0.05 sys=0.00, real=0.02 secs] 
2014-07-08T08:34:55.775+0000: 1901.325: [GC [PSYoungGen: 806520K->722K(776320K)] 1013079K->207480K(1463296K), 0.0219500 secs] [Times: user=0.08 sys=0.00, real=0.02 secs] 
2014-07-08T08:34:57.564+0000: 1903.113: [GC [PSYoungGen: 776274K->512K(931200K)] 983032K->207374K(1618176K), 0.0343570 secs] [Times: user=0.13 sys=0.00, real=0.03 secs] 
2014-07-08T08:34:59.418+0000: 1904.967: [GC [PSYoungGen: 931200K->480K(894784K)] 1138062K->207502K(1581760K), 0.0086300 secs] [Times: user=0.01 sys=0.00, real=0.01 secs] 
2014-07-08T08:35:01.285+0000: 1906.835: [GC [PSYoungGen: 894752K->1124K(860736K)] 1101774K->208242K(1547712K), 0.0062170 secs] [Times: user=0.02 sys=0.00, real=0.00 secs] 
2014-07-08T08:35:03.116+0000: 1908.665: [GC [PSYoungGen: 860707K->1270K(827840K)] 1067826K->208612K(1514816K), 0.0064720 secs] [Times: user=0.02 sys=0.00, real=0.00 secs] 
2014-07-08T08:35:04.613+0000: 1910.162: [GC [PSYoungGen: 827830K->434K(795520K)] 1035172K->207952K(1482496K), 0.0057040 secs] [Times: user=0.01 sys=0.00, real=0.01 secs] 
2014-07-08T08:35:06.379+0000: 1911.928: [GC [PSYoungGen: 795506K->708K(765824K)] 1003024K->208322K(1452800K), 0.0059970 secs] [Times: user=0.01 sys=0.01, real=0.01 secs] 
2014-07-08T08:35:07.965+0000: 1913.514: [GC [PSYoungGen: 765764K->800K(737280K)] 973378K->208542K(1424256K), 0.0051670 secs] [Times: user=0.01 sys=0.00, real=0.00 secs] 
2014-07-08T08:35:09.459+0000: 1915.008: [GC [PSYoungGen: 737248K->416K(709632K)] 944990K->208254K(1396608K), 0.0058050 secs] [Times: user=0.01 sys=0.00, real=0.00 secs] 
2014-07-08T08:35:10.934+0000: 1916.483: [GC [PSYoungGen: 709600K->1028K(684288K)] 917438K->208970K(1371264K), 0.0258750 secs] [Times: user=0.09 sys=0.00, real=0.03 secs] 
2014-07-08T08:35:12.435+0000: 1917.985: [GC [PSYoungGen: 684228K->946K(659392K)] 892170K->209024K(1346368K), 0.0104000 secs] [Times: user=0.03 sys=0.00, real=0.01 secs] 
2014-07-08T08:35:13.811+0000: 1919.360: [GC [PSYoungGen: 659378K->768K(635584K)] 867456K->208998K(1322560K), 0.0059810 secs] [Times: user=0.02 sys=0.00, real=0.01 secs] 
2014-07-08T08:35:15.224+0000: 1920.774: [GC [PSYoungGen: 635582K->982K(613312K)] 843813K->209308K(1300288K), 0.0048790 secs] [Times: user=0.01 sys=0.00, real=0.01 secs] 
2014-07-08T08:35:16.480+0000: 1922.029: [GC [PSYoungGen: 613270K->612K(591424K)] 821596K->209034K(1278400K), 0.0094830 secs] [Times: user=0.03 sys=0.01, real=0.01 secs] 
2014-07-08T08:35:17.709+0000: 1923.259: [GC [PSYoungGen: 591396K->384K(570624K)] 799818K->208886K(1257600K), 0.0116390 secs] [Times: user=0.05 sys=0.00, real=0.01 secs] 
2014-07-08T08:35:18.859+0000: 1924.408: [GC [PSYoungGen: 570610K->918K(551616K)] 779113K->209492K(1238592K), 0.0206010 secs] [Times: user=0.07 sys=0.00, real=0.02 secs] 
2014-07-08T08:35:20.095+0000: 1925.645: [GC [PSYoungGen: 551574K->1120K(661952K)] 760148K->209766K(1348928K), 0.0207910 secs] [Times: user=0.07 sys=0.00, real=0.03 secs] 
2014-07-08T08:35:21.515+0000: 1927.065: [GC [PSYoungGen: 661920K->754K(793728K)] 870566K->209512K(1480704K), 0.0415700 secs] [Times: user=0.15 sys=0.00, real=0.05 secs] 
2014-07-08T08:35:23.156+0000: 1928.706: [GC [PSYoungGen: 793714K->882K(952448K)] 1002472K->209792K(1639424K), 0.0428540 secs] [Times: user=0.16 sys=0.00, real=0.05 secs] 
2014-07-08T08:35:24.830+0000: 1930.380: [GC [PSYoungGen: 952434K->576K(1142464K)] 1161344K->209694K(1829440K), 0.0081990 secs] [Times: user=0.02 sys=0.01, real=0.01 secs] 
2014-07-08T08:35:27.234+0000: 1932.784: [GC [PSYoungGen: 1142464K->384K(1370688K)] 1351582K->209622K(2057664K), 0.0103370 secs] [Times: user=0.04 sys=0.00, real=0.01 secs] 
2014-07-08T08:35:29.821+0000: 1935.371: [GC [PSYoungGen: 1370688K->800K(1313472K)] 1579926K->210222K(2000448K), 0.0066170 secs] [Times: user=0.01 sys=0.00, real=0.01 secs] 
2014-07-08T08:35:32.408+0000: 1937.957: [GC [PSYoungGen: 1313440K->740K(1258560K)] 1522862K->210298K(1945536K), 0.0054960 secs] [Times: user=0.01 sys=0.00, real=0.01 secs] 
2014-07-08T08:35:34.906+0000: 1940.456: [GC [PSYoungGen: 1258454K->900K(1206592K)] 1468012K->210730K(1893568K), 0.0276680 secs] [Times: user=0.10 sys=0.00, real=0.03 secs] 
2014-07-08T08:35:37.224+0000: 1942.773: [GC [PSYoungGen: 1206505K->384K(1156352K)] 1416336K->210446K(1843328K), 0.0111820 secs] [Times: user=0.04 sys=0.00, real=0.01 secs] 
2014-07-08T08:35:39.469+0000: 1945.019: [GC [PSYoungGen: 1156352K->580K(1109376K)] 1366414K->210794K(1796352K), 0.0072240 secs] [Times: user=0.02 sys=0.00, real=0.00 secs] 
2014-07-08T08:35:41.621+0000: 1947.170: [GC [PSYoungGen: 1109316K->640K(1064448K)] 1319530K->210998K(1751424K), 0.0060720 secs] [Times: user=0.01 sys=0.00, real=0.00 secs] 
2014-07-08T08:35:43.728+0000: 1949.277: [GC [PSYoungGen: 1064448K->754K(1021760K)] 1274806K->211376K(1708736K), 0.0144350 secs] [Times: user=0.05 sys=0.00, real=0.02 secs] 
2014-07-08T08:35:45.801+0000: 1951.351: [GC [PSYoungGen: 1021746K->928K(981248K)] 1232368K->211766K(1668224K), 0.0194620 secs] [Times: user=0.06 sys=0.00, real=0.02 secs] 
2014-07-08T08:35:47.680+0000: 1953.229: [GC [PSYoungGen: 981216K->512K(942016K)] 1192054K->211534K(1628992K), 0.0087480 secs] [Times: user=0.02 sys=0.00, real=0.00 secs] 
2014-07-08T08:35:49.556+0000: 1955.105: [GC [PSYoungGen: 942016K->644K(905280K)] 1153038K->211762K(1592256K), 0.0083040 secs] [Times: user=0.01 sys=0.01, real=0.01 secs] 
2014-07-08T08:35:51.433+0000: 1956.982: [GC [PSYoungGen: 905220K->576K(1086080K)] 1116338K->211822K(1773056K), 0.0547940 secs] [Times: user=0.18 sys=0.00, real=0.05 secs] 
2014-07-08T08:35:53.618+0000: 1959.167: [GC [PSYoungGen: 1086080K->608K(1042304K)] 1297326K->212094K(1729280K), 0.0114760 secs] [Times: user=0.03 sys=0.00, real=0.01 secs] 
2014-07-08T08:35:55.803+0000: 1961.353: [GC [PSYoungGen: 1042267K->836K(1000832K)] 1253753K->212546K(1687808K), 0.0127160 secs] [Times: user=0.04 sys=0.00, real=0.01 secs] 
2014-07-08T08:35:57.868+0000: 1963.418: [GC [PSYoungGen: 1000772K->864K(961088K)] 1212482K->212726K(1648064K), 0.0054450 secs] [Times: user=0.01 sys=0.00, real=0.01 secs] 
2014-07-08T08:35:59.956+0000: 1965.506: [GC [PSYoungGen: 961056K->562K(922944K)] 1172918K->212848K(1609920K), 0.0050110 secs] [Times: user=0.02 sys=0.00, real=0.00 secs] 
2014-07-08T08:36:01.758+0000: 1967.308: [GC [PSYoungGen: 922930K->900K(887296K)] 1135216K->213354K(1574272K), 0.0140300 secs] [Times: user=0.06 sys=0.00, real=0.02 secs] 
2014-07-08T08:36:03.510+0000: 1969.059: [GC [PSYoungGen: 887236K->544K(852608K)] 1099690K->213294K(1539584K), 0.0350090 secs] [Times: user=0.12 sys=0.00, real=0.04 secs] 
2014-07-08T08:36:05.314+0000: 1970.864: [GC [PSYoungGen: 852576K->946K(820288K)] 1065326K->213896K(1507264K), 0.0114030 secs] [Times: user=0.03 sys=0.01, real=0.01 secs] 
2014-07-08T08:36:06.856+0000: 1972.406: [GC [PSYoungGen: 820266K->754K(984000K)] 1033217K->213864K(1670976K), 0.0292990 secs] [Times: user=0.10 sys=0.00, real=0.03 secs] 
2014-07-08T08:36:08.965+0000: 1974.515: [GC [PSYoungGen: 983986K->1028K(1180992K)] 1197096K->214218K(1867968K), 0.0295890 secs] [Times: user=0.10 sys=0.00, real=0.03 secs] 
2014-07-08T08:36:11.322+0000: 1976.872: [GC [PSYoungGen: 1180932K->626K(1132160K)] 1394122K->214048K(1819136K), 0.0053260 secs] [Times: user=0.02 sys=0.00, real=0.01 secs] 
2014-07-08T08:36:13.535+0000: 1979.085: [GC [PSYoungGen: 1132130K->872K(1086336K)] 1345553K->214566K(1773312K), 0.0242160 secs] [Times: user=0.08 sys=0.00, real=0.02 secs] 
2014-07-08T08:36:15.749+0000: 1981.298: [GC [PSYoungGen: 1086312K->594K(1042240K)] 1300006K->214504K(1729216K), 0.0122970 secs] [Times: user=0.05 sys=0.00, real=0.01 secs] 
2014-07-08T08:36:17.778+0000: 1983.328: [GC [PSYoungGen: 1042192K->914K(1000832K)] 1256103K->215008K(1687808K), 0.0095980 secs] [Times: user=0.03 sys=0.00, real=0.01 secs] 
2014-07-08T08:36:19.999+0000: 1985.548: [GC [PSYoungGen: 1000786K->896K(961024K)] 1214880K->215134K(1648000K), 0.0225030 secs] [Times: user=0.07 sys=0.01, real=0.02 secs] 
2014-07-08T08:36:21.758+0000: 1987.307: [GC [PSYoungGen: 961024K->740K(923072K)] 1175262K->215178K(1610048K), 0.0065700 secs] [Times: user=0.02 sys=0.00, real=0.00 secs] 
2014-07-08T08:36:23.607+0000: 1989.157: [GC [PSYoungGen: 923044K->576K(886848K)] 1137482K->215206K(1573824K), 0.0282510 secs] [Times: user=0.10 sys=0.00, real=0.02 secs] 
2014-07-08T08:36:25.498+0000: 1991.048: [GC [PSYoungGen: 886823K->640K(852608K)] 1101454K->215470K(1539584K), 0.0221260 secs] [Times: user=0.08 sys=0.00, real=0.02 secs] 
2014-07-08T08:36:27.180+0000: 1992.729: [GC [PSYoungGen: 852608K->1046K(1023488K)] 1067438K->216028K(1710464K), 0.0217880 secs] [Times: user=0.06 sys=0.00, real=0.02 secs] 
2014-07-08T08:36:29.165+0000: 1994.715: [GC [PSYoungGen: 1023446K->1120K(982784K)] 1238428K->216190K(1669760K), 0.0101580 secs] [Times: user=0.03 sys=0.01, real=0.01 secs] 
2014-07-08T08:36:31.278+0000: 1996.828: [GC [PSYoungGen: 982752K->370K(1178368K)] 1197822K->216168K(1865344K), 0.0317170 secs] [Times: user=0.11 sys=0.01, real=0.03 secs] 
2014-07-08T08:36:33.540+0000: 1999.089: [GC [PSYoungGen: 1178354K->1152K(1414784K)] 1394152K->217182K(2101760K), 0.0282380 secs] [Times: user=0.10 sys=0.01, real=0.03 secs] 
2014-07-08T08:36:36.355+0000: 2001.904: [GC [PSYoungGen: 1414784K->512K(1354368K)] 1630814K->216942K(2041344K), 0.0051320 secs] [Times: user=0.01 sys=0.00, real=0.01 secs] 
2014-07-08T08:36:38.877+0000: 2004.427: [GC [PSYoungGen: 1354358K->1024K(1298048K)] 1570789K->217662K(1985024K), 0.0087310 secs] [Times: user=0.02 sys=0.01, real=0.01 secs] 
2014-07-08T08:36:41.492+0000: 2007.041: [GC [PSYoungGen: 1298048K->480K(1243456K)] 1514686K->217214K(1930432K), 0.0060150 secs] [Times: user=0.02 sys=0.00, real=0.00 secs] 
2014-07-08T08:36:43.871+0000: 2009.420: [GC [PSYoungGen: 1243424K->1426K(1192960K)] 1460158K->218448K(1879936K), 0.0350920 secs] [Times: user=0.12 sys=0.00, real=0.03 secs] 
2014-07-08T08:36:46.231+0000: 2011.780: [GC [PSYoungGen: 1192914K->576K(1143104K)] 1409936K->217838K(1830080K), 0.0275710 secs] [Times: user=0.10 sys=0.00, real=0.02 secs] 
2014-07-08T08:36:48.355+0000: 2013.904: [GC [PSYoungGen: 1143044K->502K(1096448K)] 1360307K->217956K(1783424K), 0.0092080 secs] [Times: user=0.03 sys=0.00, real=0.01 secs] 
2014-07-08T08:36:50.512+0000: 2016.061: [GC [PSYoungGen: 1096438K->480K(1052096K)] 1313892K->218046K(1739072K), 0.0102680 secs] [Times: user=0.02 sys=0.00, real=0.01 secs] 
2014-07-08T08:36:52.504+0000: 2018.053: [GC [PSYoungGen: 1052064K->580K(1010048K)] 1269630K->218338K(1697024K), 0.0207650 secs] [Times: user=0.07 sys=0.00, real=0.02 secs] 
2014-07-08T08:36:54.702+0000: 2020.251: [GC [PSYoungGen: 1009985K->644K(969920K)] 1227744K->218586K(1656896K), 0.0058300 secs] [Times: user=0.02 sys=0.00, real=0.00 secs] 
2014-07-08T08:36:56.519+0000: 2022.069: [GC [PSYoungGen: 969860K->598K(931584K)] 1187802K->218748K(1618560K), 0.0054170 secs] [Times: user=0.01 sys=0.00, real=0.01 secs] 
2014-07-08T08:36:58.376+0000: 2023.925: [GC [PSYoungGen: 931542K->320K(894848K)] 1149692K->218558K(1581824K), 0.0306830 secs] [Times: user=0.09 sys=0.00, real=0.03 secs] 
2014-07-08T08:37:00.371+0000: 2025.920: [GC [PSYoungGen: 894848K->448K(860288K)] 1113086K->218790K(1547264K), 0.0045590 secs] [Times: user=0.01 sys=0.00, real=0.01 secs] 
2014-07-08T08:37:01.983+0000: 2027.532: [GC [PSYoungGen: 860288K->886K(827712K)] 1078630K->219428K(1514688K), 0.0196580 secs] [Times: user=0.08 sys=0.00, real=0.02 secs] 
2014-07-08T08:37:03.661+0000: 2029.211: [GC [PSYoungGen: 827702K->626K(795968K)] 1046244K->219288K(1482944K), 0.0230220 secs] [Times: user=0.08 sys=0.00, real=0.03 secs] 
2014-07-08T08:37:05.287+0000: 2030.837: [GC [PSYoungGen: 795953K->480K(765824K)] 1014616K->219366K(1452800K), 0.0141770 secs] [Times: user=0.06 sys=0.00, real=0.01 secs] 
2014-07-08T08:37:06.683+0000: 2032.233: [GC [PSYoungGen: 765792K->384K(737088K)] 984678K->219414K(1424064K), 0.0044450 secs] [Times: user=0.01 sys=0.00, real=0.00 secs] 
2014-07-08T08:37:08.250+0000: 2033.800: [GC [PSYoungGen: 737027K->1120K(885248K)] 956058K->220230K(1572224K), 0.0313420 secs] [Times: user=0.11 sys=0.01, real=0.03 secs] 
2014-07-08T08:37:10.070+0000: 2035.620: [GC [PSYoungGen: 885149K->1206K(1062144K)] 1104260K->220420K(1749120K), 0.0181370 secs] [Times: user=0.06 sys=0.00, real=0.02 secs] 
2014-07-08T08:37:12.165+0000: 2037.715: [GC [PSYoungGen: 1062134K->634K(1273792K)] 1281348K->220672K(1960768K), 0.0269540 secs] [Times: user=0.08 sys=0.00, real=0.02 secs] 
2014-07-08T08:37:14.756+0000: 2040.306: [GC [PSYoungGen: 1273786K->928K(1221184K)] 1493824K->221134K(1908160K), 0.0159810 secs] [Times: user=0.06 sys=0.00, real=0.01 secs] 
2014-07-08T08:37:17.023+0000: 2042.573: [GC [PSYoungGen: 1221152K->954K(1170816K)] 1441358K->221528K(1857792K), 0.0051760 secs] [Times: user=0.02 sys=0.00, real=0.01 secs] 
2014-07-08T08:37:19.494+0000: 2045.044: [GC [PSYoungGen: 1170810K->644K(1122688K)] 1391384K->221378K(1809664K), 0.0052400 secs] [Times: user=0.02 sys=0.00, real=0.00 secs] 
2014-07-08T08:37:21.675+0000: 2047.225: [GC [PSYoungGen: 1122628K->594K(1077056K)] 1343362K->221512K(1764032K), 0.0054270 secs] [Times: user=0.01 sys=0.00, real=0.00 secs] 
2014-07-08T08:37:24.085+0000: 2049.635: [GC [PSYoungGen: 1076977K->1284K(1034368K)] 1297896K->222442K(1721344K), 0.0255130 secs] [Times: user=0.09 sys=0.00, real=0.02 secs] 
2014-07-08T08:37:26.282+0000: 2051.831: [GC [PSYoungGen: 1034295K->690K(992448K)] 1255454K->222096K(1679424K), 0.0136200 secs] [Times: user=0.05 sys=0.01, real=0.02 secs] 
2014-07-08T08:37:28.213+0000: 2053.763: [GC [PSYoungGen: 992434K->690K(953152K)] 1213840K->222256K(1640128K), 0.0057450 secs] [Times: user=0.02 sys=0.00, real=0.01 secs] 
2014-07-08T08:37:30.223+0000: 2055.772: [GC [PSYoungGen: 953138K->676K(915712K)] 1174704K->222354K(1602688K), 0.0066300 secs] [Times: user=0.02 sys=0.01, real=0.01 secs] 
2014-07-08T08:37:31.995+0000: 2057.545: [GC [PSYoungGen: 915684K->882K(880256K)] 1137362K->222736K(1567232K), 0.0056770 secs] [Times: user=0.01 sys=0.00, real=0.01 secs] 
2014-07-08T08:37:33.842+0000: 2059.391: [GC [PSYoungGen: 880242K->736K(846144K)] 1102096K->222734K(1533120K), 0.0117620 secs] [Times: user=0.03 sys=0.00, real=0.01 secs] 
2014-07-08T08:37:35.539+0000: 2061.088: [GC [PSYoungGen: 846097K->630K(813632K)] 1068096K->222788K(1500608K), 0.0042910 secs] [Times: user=0.01 sys=0.00, real=0.00 secs] 
2014-07-08T08:37:37.255+0000: 2062.805: [GC [PSYoungGen: 813622K->932K(783104K)] 1035780K->223250K(1470080K), 0.0068910 secs] [Times: user=0.01 sys=0.00, real=0.01 secs] 
2014-07-08T08:37:38.823+0000: 2064.373: [GC [PSYoungGen: 783076K->754K(753536K)] 1005394K->223160K(1440512K), 0.0060080 secs] [Times: user=0.02 sys=0.00, real=0.01 secs] 
2014-07-08T08:37:40.343+0000: 2065.892: [GC [PSYoungGen: 753522K->512K(725248K)] 975928K->223022K(1412224K), 0.0166760 secs] [Times: user=0.05 sys=0.00, real=0.02 secs] 
2014-07-08T08:37:41.699+0000: 2067.248: [GC [PSYoungGen: 725248K->384K(698432K)] 947758K->223030K(1385408K), 0.0189670 secs] [Times: user=0.07 sys=0.00, real=0.01 secs] 
2014-07-08T08:37:43.022+0000: 2068.571: [GC [PSYoungGen: 698432K->882K(673472K)] 921078K->223720K(1360448K), 0.0067630 secs] [Times: user=0.02 sys=0.00, real=0.01 secs] 
2014-07-08T08:37:44.436+0000: 2069.986: [GC [PSYoungGen: 673458K->384K(648704K)] 896296K->223342K(1335680K), 0.0251090 secs] [Times: user=0.09 sys=0.00, real=0.03 secs] 
2014-07-08T08:37:45.677+0000: 2071.226: [GC [PSYoungGen: 648704K->416K(625600K)] 871662K->223542K(1312576K), 0.0108360 secs] [Times: user=0.04 sys=0.00, real=0.01 secs] 
2014-07-08T08:37:46.857+0000: 2072.407: [GC [PSYoungGen: 625534K->886K(603968K)] 848661K->224100K(1290944K), 0.0097810 secs] [Times: user=0.02 sys=0.00, real=0.01 secs] 
2014-07-08T08:37:48.045+0000: 2073.594: [GC [PSYoungGen: 603958K->512K(582464K)] 827172K->223782K(1269440K), 0.0063620 secs] [Times: user=0.02 sys=0.00, real=0.01 secs] 
2014-07-08T08:37:49.302+0000: 2074.852: [GC [PSYoungGen: 582464K->384K(562176K)] 805734K->223710K(1249152K), 0.0053970 secs] [Times: user=0.02 sys=0.00, real=0.00 secs] 
2014-07-08T08:37:50.438+0000: 2075.987: [GC [PSYoungGen: 562144K->612K(543232K)] 785470K->224010K(1230208K), 0.0137590 secs] [Times: user=0.05 sys=0.00, real=0.02 secs] 
2014-07-08T08:37:51.470+0000: 2077.020: [GC [PSYoungGen: 543204K->448K(524672K)] 766602K->224022K(1211648K), 0.0149690 secs] [Times: user=0.05 sys=0.00, real=0.01 secs] 
2014-07-08T08:37:52.448+0000: 2077.997: [GC [PSYoungGen: 524672K->452K(629632K)] 748246K->224146K(1316608K), 0.0150370 secs] [Times: user=0.06 sys=0.00, real=0.02 secs] 
2014-07-08T08:37:53.785+0000: 2079.334: [GC [PSYoungGen: 629572K->530K(607424K)] 853266K->224304K(1294400K), 0.0050310 secs] [Times: user=0.01 sys=0.00, real=0.01 secs] 
2014-07-08T08:37:55.127+0000: 2080.676: [GC [PSYoungGen: 607378K->1106K(586752K)] 831152K->225016K(1273728K), 0.0057490 secs] [Times: user=0.01 sys=0.00, real=0.01 secs] 
2014-07-08T08:37:56.276+0000: 2081.825: [GC [PSYoungGen: 586706K->736K(566080K)] 810616K->224758K(1253056K), 0.0068230 secs] [Times: user=0.02 sys=0.00, real=0.01 secs] 
2014-07-08T08:37:57.352+0000: 2082.902: [GC [PSYoungGen: 566048K->530K(546496K)] 790070K->224648K(1233472K), 0.0139020 secs] [Times: user=0.04 sys=0.00, real=0.01 secs] 
2014-07-08T08:37:58.468+0000: 2084.017: [GC [PSYoungGen: 546450K->612K(528064K)] 770568K->224786K(1215040K), 0.0057950 secs] [Times: user=0.01 sys=0.00, real=0.01 secs] 
2014-07-08T08:37:59.532+0000: 2085.081: [GC [PSYoungGen: 528036K->384K(510144K)] 752210K->224646K(1197120K), 0.0086520 secs] [Times: user=0.02 sys=0.00, real=0.01 secs] 
2014-07-08T08:38:00.575+0000: 2086.124: [GC [PSYoungGen: 510144K->562K(612288K)] 734406K->224896K(1299264K), 0.0181380 secs] [Times: user=0.07 sys=0.00, real=0.02 secs] 
2014-07-08T08:38:01.638+0000: 2087.187: [GC [PSYoungGen: 612274K->480K(734592K)] 836608K->224974K(1421568K), 0.0105380 secs] [Times: user=0.02 sys=0.00, real=0.01 secs] 
2014-07-08T08:38:03.079+0000: 2088.629: [GC [PSYoungGen: 734560K->836K(707840K)] 959054K->225426K(1394816K), 0.0083020 secs] [Times: user=0.02 sys=0.00, real=0.01 secs] 
2014-07-08T08:38:04.501+0000: 2090.051: [GC [PSYoungGen: 707780K->530K(681664K)] 932370K->225264K(1368640K), 0.0142290 secs] [Times: user=0.05 sys=0.00, real=0.01 secs] 
2014-07-08T08:38:05.862+0000: 2091.412: [GC [PSYoungGen: 681618K->754K(818112K)] 906352K->225640K(1505088K), 0.0244270 secs] [Times: user=0.08 sys=0.01, real=0.02 secs] 
2014-07-08T08:38:07.503+0000: 2093.053: [GC [PSYoungGen: 818098K->466K(786816K)] 1042984K->225456K(1473792K), 0.0043470 secs] [Times: user=0.01 sys=0.00, real=0.00 secs] 
2014-07-08T08:38:09.182+0000: 2094.731: [GC [PSYoungGen: 786770K->384K(757120K)] 1011760K->225470K(1444096K), 0.0169140 secs] [Times: user=0.06 sys=0.00, real=0.01 secs] 
2014-07-08T08:38:10.624+0000: 2096.174: [GC [PSYoungGen: 757120K->512K(729024K)] 982206K->225702K(1416000K), 0.0147020 secs] [Times: user=0.06 sys=0.00, real=0.01 secs] 
2014-07-08T08:38:12.038+0000: 2097.587: [GC [PSYoungGen: 729021K->576K(702208K)] 954212K->225934K(1389184K), 0.0050590 secs] [Times: user=0.02 sys=0.00, real=0.01 secs] 
2014-07-08T08:38:13.458+0000: 2099.008: [GC [PSYoungGen: 702208K->722K(676800K)] 927566K->226224K(1363776K), 0.0153950 secs] [Times: user=0.05 sys=0.00, real=0.02 secs] 
2014-07-08T08:38:14.671+0000: 2100.220: [GC [PSYoungGen: 676754K->352K(651968K)] 902256K->225998K(1338944K), 0.0167800 secs] [Times: user=0.06 sys=0.00, real=0.02 secs] 
2014-07-08T08:38:16.033+0000: 2101.582: [GC [PSYoungGen: 651936K->608K(628928K)] 877582K->226334K(1315904K), 0.0116840 secs] [Times: user=0.03 sys=0.00, real=0.02 secs] 
2014-07-08T08:38:17.226+0000: 2102.776: [GC [PSYoungGen: 628896K->704K(606720K)] 854622K->226526K(1293696K), 0.0129880 secs] [Times: user=0.04 sys=0.00, real=0.01 secs] 
2014-07-08T08:38:18.429+0000: 2103.979: [GC [PSYoungGen: 606720K->658K(585472K)] 832542K->226544K(1272448K), 0.0046160 secs] [Times: user=0.02 sys=0.00, real=0.01 secs] 
2014-07-08T08:38:19.553+0000: 2105.102: [GC [PSYoungGen: 585426K->466K(702272K)] 811312K->226416K(1389248K), 0.0323630 secs] [Times: user=0.12 sys=0.00, real=0.03 secs] 
2014-07-08T08:38:20.952+0000: 2106.502: [GC [PSYoungGen: 702226K->736K(842880K)] 928176K->226750K(1529856K), 0.0131460 secs] [Times: user=0.04 sys=0.00, real=0.02 secs] 
2014-07-08T08:38:22.501+0000: 2108.050: [GC [PSYoungGen: 842848K->626K(1011200K)] 1068862K->226840K(1698176K), 0.0262390 secs] [Times: user=0.10 sys=0.00, real=0.03 secs] 
2014-07-08T08:38:24.634+0000: 2110.183: [GC [PSYoungGen: 1011151K->676K(1213376K)] 1237366K->227058K(1900352K), 0.0200130 secs] [Times: user=0.07 sys=0.00, real=0.03 secs] 
2014-07-08T08:38:27.206+0000: 2112.756: [GC [PSYoungGen: 1213348K->1010K(1407168K)] 1439730K->227608K(2094144K), 0.0344710 secs] [Times: user=0.13 sys=0.00, real=0.03 secs] 
2014-07-08T08:38:30.006+0000: 2115.555: [GC [PSYoungGen: 1407154K->946K(1456320K)] 1633752K->227704K(2143296K), 0.0124100 secs] [Times: user=0.05 sys=0.00, real=0.01 secs] 
2014-07-08T08:38:32.794+0000: 2118.343: [GC [PSYoungGen: 1456114K->640K(1394048K)] 1682872K->227574K(2081024K), 0.0212220 secs] [Times: user=0.07 sys=0.00, real=0.03 secs] 
2014-07-08T08:38:35.628+0000: 2121.177: [GC [PSYoungGen: 1394048K->640K(1335296K)] 1620982K->228102K(2022272K), 0.0059510 secs] [Times: user=0.02 sys=0.00, real=0.00 secs] 
2014-07-08T08:38:38.219+0000: 2123.768: [GC [PSYoungGen: 1335296K->1074K(1279872K)] 1562758K->228752K(1966848K), 0.0059840 secs] [Times: user=0.02 sys=0.01, real=0.00 secs] 
2014-07-08T08:38:40.701+0000: 2126.251: [GC [PSYoungGen: 1279858K->868K(1226496K)] 1507536K->228842K(1913472K), 0.0094600 secs] [Times: user=0.02 sys=0.00, real=0.01 secs] 
2014-07-08T08:38:42.959+0000: 2128.509: [GC [PSYoungGen: 1226468K->754K(1175744K)] 1454442K->228952K(1862720K), 0.0140590 secs] [Times: user=0.05 sys=0.00, real=0.01 secs] 
2014-07-08T08:38:45.373+0000: 2130.923: [GC [PSYoungGen: 1175730K->562K(1127424K)] 1403928K->228992K(1814400K), 0.0134760 secs] [Times: user=0.04 sys=0.00, real=0.01 secs] 
2014-07-08T08:38:47.544+0000: 2133.093: [GC [PSYoungGen: 1127410K->352K(1081408K)] 1355840K->228998K(1768384K), 0.0079800 secs] [Times: user=0.02 sys=0.00, real=0.01 secs] 
2014-07-08T08:38:49.642+0000: 2135.191: [GC [PSYoungGen: 1081376K->466K(1037952K)] 1310022K->229256K(1724928K), 0.0174960 secs] [Times: user=0.07 sys=0.00, real=0.02 secs] 
2014-07-08T08:38:51.625+0000: 2137.175: [GC [PSYoungGen: 1037906K->544K(996480K)] 1266696K->229446K(1683456K), 0.0194820 secs] [Times: user=0.06 sys=0.00, real=0.02 secs] 
2014-07-08T08:38:53.733+0000: 2139.282: [GC [PSYoungGen: 996448K->822K(957184K)] 1225350K->229948K(1644160K), 0.0074450 secs] [Times: user=0.01 sys=0.00, real=0.01 secs] 
2014-07-08T08:38:55.652+0000: 2141.202: [GC [PSYoungGen: 957174K->640K(919360K)] 1186300K->229982K(1606336K), 0.0060300 secs] [Times: user=0.02 sys=0.00, real=0.00 secs] 
2014-07-08T08:38:57.462+0000: 2143.011: [GC [PSYoungGen: 919311K->676K(883584K)] 1148654K->230170K(1570560K), 0.0305960 secs] [Times: user=0.11 sys=0.00, real=0.03 secs] 
2014-07-08T08:38:59.338+0000: 2144.887: [GC [PSYoungGen: 883556K->466K(849280K)] 1113050K->230080K(1536256K), 0.0050370 secs] [Times: user=0.02 sys=0.00, real=0.01 secs] 
2014-07-08T08:39:01.027+0000: 2146.577: [GC [PSYoungGen: 849234K->1202K(817472K)] 1078848K->231024K(1504448K), 0.0184850 secs] [Times: user=0.07 sys=0.00, real=0.02 secs] 
2014-07-08T08:39:02.696+0000: 2148.246: [GC [PSYoungGen: 817458K->722K(786048K)] 1047280K->230736K(1473024K), 0.0093460 secs] [Times: user=0.03 sys=0.00, real=0.01 secs] 
2014-07-08T08:39:04.344+0000: 2149.894: [GC [PSYoungGen: 786002K->480K(756288K)] 1016016K->230678K(1443264K), 0.0099350 secs] [Times: user=0.01 sys=0.00, real=0.01 secs] 
2014-07-08T08:39:05.781+0000: 2151.331: [GC [PSYoungGen: 756254K->416K(728064K)] 986453K->230806K(1415040K), 0.0147920 secs] [Times: user=0.05 sys=0.00, real=0.01 secs] 
2014-07-08T08:39:07.296+0000: 2152.845: [GC [PSYoungGen: 728014K->630K(701440K)] 958405K->231124K(1388416K), 0.0098240 secs] [Times: user=0.04 sys=0.00, real=0.01 secs] 
2014-07-08T08:39:08.562+0000: 2154.111: [GC [PSYoungGen: 701430K->498K(675712K)] 931924K->231120K(1362688K), 0.0130870 secs] [Times: user=0.05 sys=0.00, real=0.01 secs] 
2014-07-08T08:39:09.820+0000: 2155.370: [GC [PSYoungGen: 675690K->626K(810880K)] 906313K->231320K(1497856K), 0.0321990 secs] [Times: user=0.11 sys=0.00, real=0.04 secs] 
2014-07-08T08:39:11.488+0000: 2157.038: [GC [PSYoungGen: 810866K->740K(973056K)] 1041560K->231546K(1660032K), 0.0287230 secs] [Times: user=0.10 sys=0.00, real=0.03 secs] 
2014-07-08T08:39:13.482+0000: 2159.031: [GC [PSYoungGen: 973028K->704K(1167488K)] 1203834K->231718K(1854464K), 0.0065440 secs] [Times: user=0.02 sys=0.00, real=0.01 secs] 
2014-07-08T08:39:15.620+0000: 2161.169: [GC [PSYoungGen: 1167488K->416K(1400640K)] 1398502K->231638K(2087616K), 0.0163510 secs] [Times: user=0.06 sys=0.01, real=0.02 secs] 
2014-07-08T08:39:18.556+0000: 2164.105: [GC [PSYoungGen: 1400608K->676K(1341824K)] 1631830K->232050K(2028800K), 0.0226980 secs] [Times: user=0.09 sys=0.00, real=0.02 secs] 
2014-07-08T08:39:21.150+0000: 2166.699: [GC [PSYoungGen: 1341791K->914K(1285888K)] 1573166K->232464K(1972864K), 0.0172910 secs] [Times: user=0.07 sys=0.00, real=0.02 secs] 
2014-07-08T08:39:23.897+0000: 2169.446: [GC [PSYoungGen: 1285842K->690K(1232128K)] 1517392K->232656K(1919104K), 0.0138080 secs] [Times: user=0.05 sys=0.00, real=0.01 secs] 
2014-07-08T08:39:26.579+0000: 2172.129: [GC [PSYoungGen: 1232114K->786K(1181376K)] 1464080K->233032K(1868352K), 0.0069630 secs] [Times: user=0.02 sys=0.00, real=0.01 secs] 
2014-07-08T08:39:29.063+0000: 2174.612: [GC [PSYoungGen: 1181330K->850K(1132992K)] 1413576K->233344K(1819968K), 0.0111620 secs] [Times: user=0.04 sys=0.00, real=0.02 secs] 
2014-07-08T08:39:31.332+0000: 2176.882: [GC [PSYoungGen: 1132946K->480K(1086528K)] 1365440K->233118K(1773504K), 0.0048120 secs] [Times: user=0.01 sys=0.00, real=0.01 secs] 
2014-07-08T08:39:33.663+0000: 2179.212: [GC [PSYoungGen: 1086401K->644K(1042880K)] 1319040K->233474K(1729856K), 0.0194450 secs] [Times: user=0.08 sys=0.00, real=0.02 secs] 
2014-07-08T08:39:35.660+0000: 2181.210: [GC [PSYoungGen: 1042820K->416K(1000896K)] 1275650K->233406K(1687872K), 0.0277270 secs] [Times: user=0.10 sys=0.00, real=0.03 secs] 
2014-07-08T08:39:37.617+0000: 2183.166: [GC [PSYoungGen: 1000864K->384K(961088K)] 1233854K->233574K(1648064K), 0.0154570 secs] [Times: user=0.06 sys=0.00, real=0.01 secs] 
2014-07-08T08:39:39.594+0000: 2185.144: [GC [PSYoungGen: 960988K->666K(923584K)] 1194179K->233984K(1610560K), 0.0158130 secs] [Times: user=0.05 sys=0.00, real=0.02 secs] 
2014-07-08T08:39:41.413+0000: 2186.962: [GC [PSYoungGen: 923546K->598K(887488K)] 1156864K->234044K(1574464K), 0.0129440 secs] [Times: user=0.05 sys=0.00, real=0.01 secs] 
2014-07-08T08:39:43.266+0000: 2188.816: [GC [PSYoungGen: 887446K->992K(853568K)] 1120892K->234670K(1540544K), 0.0157520 secs] [Times: user=0.05 sys=0.00, real=0.01 secs] 
2014-07-08T08:39:44.861+0000: 2190.410: [GC [PSYoungGen: 853536K->626K(820480K)] 1087214K->234488K(1507456K), 0.0059490 secs] [Times: user=0.02 sys=0.00, real=0.01 secs] 
2014-07-08T08:39:46.443+0000: 2191.992: [GC [PSYoungGen: 820466K->562K(789248K)] 1054328K->234544K(1476224K), 0.0178970 secs] [Times: user=0.06 sys=0.00, real=0.02 secs] 
2014-07-08T08:39:48.022+0000: 2193.571: [GC [PSYoungGen: 789228K->872K(759872K)] 1023211K->234942K(1446848K), 0.0169900 secs] [Times: user=0.06 sys=0.00, real=0.02 secs] 
2014-07-08T08:39:49.555+0000: 2195.104: [GC [PSYoungGen: 759848K->598K(731328K)] 993918K->234748K(1418304K), 0.0049810 secs] [Times: user=0.02 sys=0.00, real=0.01 secs] 
2014-07-08T08:39:51.045+0000: 2196.594: [GC [PSYoungGen: 731286K->672K(704384K)] 965436K->234926K(1391360K), 0.0153140 secs] [Times: user=0.05 sys=0.00, real=0.02 secs] 
2014-07-08T08:39:52.442+0000: 2197.992: [GC [PSYoungGen: 704352K->448K(678400K)] 938606K->234870K(1365376K), 0.0046850 secs] [Times: user=0.01 sys=0.00, real=0.00 secs] 
2014-07-08T08:39:53.876+0000: 2199.425: [GC [PSYoungGen: 678394K->722K(654208K)] 912817K->235304K(1341184K), 0.0066310 secs] [Times: user=0.02 sys=0.00, real=0.01 secs] 
2014-07-08T08:39:55.253+0000: 2200.802: [GC [PSYoungGen: 654162K->562K(630592K)] 888744K->235280K(1317568K), 0.0055670 secs] [Times: user=0.01 sys=0.00, real=0.01 secs] 
2014-07-08T08:39:56.407+0000: 2201.956: [GC [PSYoungGen: 630573K->452K(608192K)] 865292K->235282K(1295168K), 0.0092810 secs] [Times: user=0.03 sys=0.00, real=0.01 secs] 
2014-07-08T08:39:57.598+0000: 2203.147: [GC [PSYoungGen: 608132K->384K(586752K)] 842962K->235278K(1273728K), 0.0094880 secs] [Times: user=0.03 sys=0.00, real=0.01 secs] 
2014-07-08T08:39:58.907+0000: 2204.457: [GC [PSYoungGen: 586750K->786K(566848K)] 821645K->235744K(1253824K), 0.0058900 secs] [Times: user=0.01 sys=0.00, real=0.01 secs] 
2014-07-08T08:40:00.035+0000: 2205.585: [GC [PSYoungGen: 566802K->662K(547328K)] 801760K->235700K(1234304K), 0.0142260 secs] [Times: user=0.05 sys=0.00, real=0.02 secs] 
2014-07-08T08:40:01.045+0000: 2206.594: [GC [PSYoungGen: 547241K->694K(528768K)] 782280K->235868K(1215744K), 0.0063540 secs] [Times: user=0.02 sys=0.00, real=0.01 secs] 
2014-07-08T08:40:02.083+0000: 2207.633: [GC [PSYoungGen: 528758K->768K(634496K)] 763932K->236054K(1321472K), 0.0269950 secs] [Times: user=0.10 sys=0.00, real=0.03 secs] 
2014-07-08T08:40:03.233+0000: 2208.782: [GC [PSYoungGen: 634496K->530K(761088K)] 869782K->235944K(1448064K), 0.0080410 secs] [Times: user=0.01 sys=0.00, real=0.01 secs] 
2014-07-08T08:40:04.639+0000: 2210.188: [GC [PSYoungGen: 761042K->416K(913088K)] 996456K->235958K(1600064K), 0.0358950 secs] [Times: user=0.13 sys=0.00, real=0.04 secs] 
2014-07-08T08:40:06.440+0000: 2211.990: [GC [PSYoungGen: 913056K->480K(1095680K)] 1148598K->236142K(1782656K), 0.0060680 secs] [Times: user=0.02 sys=0.00, real=0.00 secs] 
2014-07-08T08:40:08.504+0000: 2214.053: [GC [PSYoungGen: 1095648K->288K(1051200K)] 1331310K->236054K(1738176K), 0.0053490 secs] [Times: user=0.01 sys=0.00, real=0.00 secs] 
2014-07-08T08:40:10.573+0000: 2216.123: [GC [PSYoungGen: 1051168K->384K(1009088K)] 1286934K->236254K(1696064K), 0.0044700 secs] [Times: user=0.02 sys=0.00, real=0.00 secs] 
2014-07-08T08:40:12.557+0000: 2218.106: [GC [PSYoungGen: 1009088K->736K(969344K)] 1244958K->236782K(1656320K), 0.0056790 secs] [Times: user=0.01 sys=0.00, real=0.01 secs] 
2014-07-08T08:40:14.526+0000: 2220.075: [GC [PSYoungGen: 969312K->594K(931008K)] 1205358K->236872K(1617984K), 0.0074610 secs] [Times: user=0.02 sys=0.00, real=0.01 secs] 
2014-07-08T08:40:16.295+0000: 2221.844: [GC [PSYoungGen: 930958K->566K(894528K)] 1167236K->237028K(1581504K), 0.0070070 secs] [Times: user=0.02 sys=0.01, real=0.01 secs] 
2014-07-08T08:40:17.990+0000: 2223.539: [GC [PSYoungGen: 894518K->822K(860096K)] 1130980K->237372K(1547072K), 0.0055340 secs] [Times: user=0.02 sys=0.00, real=0.01 secs] 
2014-07-08T08:40:19.700+0000: 2225.249: [GC [PSYoungGen: 860086K->480K(826752K)] 1096636K->237118K(1513728K), 0.0051450 secs] [Times: user=0.01 sys=0.00, real=0.01 secs] 
2014-07-08T08:40:21.422+0000: 2226.972: [GC [PSYoungGen: 826686K->512K(795264K)] 1063325K->237262K(1482240K), 0.0133040 secs] [Times: user=0.04 sys=0.00, real=0.01 secs] 
2014-07-08T08:40:22.945+0000: 2228.495: [GC [PSYoungGen: 795264K->800K(765632K)] 1032014K->237718K(1452608K), 0.0072880 secs] [Times: user=0.02 sys=0.00, real=0.01 secs] 
2014-07-08T08:40:24.676+0000: 2230.225: [GC [PSYoungGen: 765600K->512K(736768K)] 1002518K->237582K(1423744K), 0.0219460 secs] [Times: user=0.08 sys=0.00, real=0.02 secs] 
2014-07-08T08:40:26.047+0000: 2231.597: [GC [PSYoungGen: 736768K->658K(709696K)] 973838K->237920K(1396672K), 0.0065560 secs] [Times: user=0.02 sys=0.00, real=0.01 secs] 
2014-07-08T08:40:27.475+0000: 2233.024: [GC [PSYoungGen: 709650K->726K(683776K)] 946912K->238068K(1370752K), 0.0207540 secs] [Times: user=0.08 sys=0.00, real=0.02 secs] 
2014-07-08T08:40:28.836+0000: 2234.385: [GC [PSYoungGen: 683734K->416K(658688K)] 921076K->237862K(1345664K), 0.0067090 secs] [Times: user=0.02 sys=0.00, real=0.00 secs] 
2014-07-08T08:40:30.068+0000: 2235.617: [GC [PSYoungGen: 658656K->594K(635264K)] 896102K->238112K(1322240K), 0.0052060 secs] [Times: user=0.01 sys=0.00, real=0.01 secs] 
2014-07-08T08:40:31.356+0000: 2236.905: [GC [PSYoungGen: 635218K->950K(613056K)] 872736K->238572K(1300032K), 0.0123630 secs] [Times: user=0.03 sys=0.01, real=0.01 secs] 
2014-07-08T08:40:32.498+0000: 2238.048: [GC [PSYoungGen: 613046K->384K(590976K)] 850668K->238182K(1277952K), 0.0042840 secs] [Times: user=0.01 sys=0.00, real=0.00 secs] 
2014-07-08T08:40:33.794+0000: 2239.343: [GC [PSYoungGen: 590976K->512K(570560K)] 828774K->238438K(1257536K), 0.0080780 secs] [Times: user=0.03 sys=0.00, real=0.01 secs] 
2014-07-08T08:40:34.925+0000: 2240.475: [GC [PSYoungGen: 570481K->804K(551296K)] 808408K->238874K(1238272K), 0.0067960 secs] [Times: user=0.01 sys=0.01, real=0.00 secs] 
2014-07-08T08:40:36.061+0000: 2241.610: [GC [PSYoungGen: 551268K->818K(532608K)] 789338K->238968K(1219584K), 0.0075850 secs] [Times: user=0.02 sys=0.00, real=0.01 secs] 
2014-07-08T08:40:37.151+0000: 2242.700: [GC [PSYoungGen: 532585K->424K(514368K)] 770736K->239264K(1201344K), 0.0063200 secs] [Times: user=0.02 sys=0.01, real=0.01 secs] 
2014-07-08T08:40:38.254+0000: 2243.804: [GC [PSYoungGen: 514344K->882K(617600K)] 753184K->239786K(1304576K), 0.0282260 secs] [Times: user=0.10 sys=0.00, real=0.02 secs] 
2014-07-08T08:40:39.487+0000: 2245.037: [GC [PSYoungGen: 617586K->384K(740480K)] 856490K->239496K(1427456K), 0.0107720 secs] [Times: user=0.03 sys=0.00, real=0.01 secs] 
2014-07-08T08:40:40.819+0000: 2246.369: [GC [PSYoungGen: 740480K->416K(888576K)] 979592K->239608K(1575552K), 0.0164390 secs] [Times: user=0.06 sys=0.00, real=0.02 secs] 
2014-07-08T08:40:42.765+0000: 2248.314: [GC [PSYoungGen: 888544K->608K(854400K)] 1127736K->239936K(1541376K), 0.0038810 secs] [Times: user=0.01 sys=0.00, real=0.01 secs] 
2014-07-08T08:40:44.629+0000: 2250.179: [GC [PSYoungGen: 854368K->562K(821568K)] 1093696K->240114K(1508544K), 0.0234340 secs] [Times: user=0.08 sys=0.00, real=0.02 secs] 
2014-07-08T08:40:46.322+0000: 2251.872: [GC [PSYoungGen: 821486K->1000K(790784K)] 1061039K->240720K(1477760K), 0.0073700 secs] [Times: user=0.02 sys=0.00, real=0.01 secs] 
2014-07-08T08:40:47.725+0000: 2253.274: [GC [PSYoungGen: 790759K->470K(760512K)] 1030480K->240294K(1447488K), 0.0171980 secs] [Times: user=0.06 sys=0.00, real=0.02 secs] 
2014-07-08T08:40:49.362+0000: 2254.912: [GC [PSYoungGen: 760470K->352K(732032K)] 1000294K->240248K(1419008K), 0.0114210 secs] [Times: user=0.05 sys=0.00, real=0.01 secs] 
2014-07-08T08:40:50.734+0000: 2256.284: [GC [PSYoungGen: 732000K->448K(878464K)] 971896K->240440K(1565440K), 0.0223860 secs] [Times: user=0.08 sys=0.00, real=0.03 secs] 
2014-07-08T08:40:52.650+0000: 2258.199: [GC [PSYoungGen: 878461K->1188K(845312K)] 1118454K->241348K(1532288K), 0.0069800 secs] [Times: user=0.02 sys=0.01, real=0.01 secs] 
2014-07-08T08:40:54.504+0000: 2260.053: [GC [PSYoungGen: 845284K->708K(812544K)] 1085444K->241092K(1499520K), 0.0233860 secs] [Times: user=0.08 sys=0.00, real=0.03 secs] 
2014-07-08T08:40:56.126+0000: 2261.676: [GC [PSYoungGen: 812484K->882K(781888K)] 1052868K->241682K(1468864K), 0.0062230 secs] [Times: user=0.02 sys=0.00, real=0.01 secs] 
2014-07-08T08:40:57.770+0000: 2263.320: [GC [PSYoungGen: 781874K->932K(752640K)] 1022674K->241820K(1439616K), 0.0213790 secs] [Times: user=0.08 sys=0.00, real=0.02 secs] 
2014-07-08T08:40:59.387+0000: 2264.936: [GC [PSYoungGen: 752612K->548K(902592K)] 993500K->241604K(1589568K), 0.0223340 secs] [Times: user=0.08 sys=0.00, real=0.03 secs] 
2014-07-08T08:41:01.119+0000: 2266.668: [GC [PSYoungGen: 902564K->850K(867840K)] 1143620K->242002K(1554816K), 0.0056210 secs] [Times: user=0.02 sys=0.00, real=0.00 secs] 
2014-07-08T08:41:02.835+0000: 2268.384: [GC [PSYoungGen: 867794K->722K(834304K)] 1108946K->242058K(1521280K), 0.0057540 secs] [Times: user=0.01 sys=0.00, real=0.01 secs] 
2014-07-08T08:41:04.574+0000: 2270.123: [GC [PSYoungGen: 834258K->740K(802496K)] 1075594K->242244K(1489472K), 0.0135490 secs] [Times: user=0.04 sys=0.00, real=0.01 secs] 
2014-07-08T08:41:06.105+0000: 2271.654: [GC [PSYoungGen: 802466K->690K(772160K)] 1043970K->242378K(1459136K), 0.0063400 secs] [Times: user=0.02 sys=0.00, real=0.01 secs] 
2014-07-08T08:41:07.589+0000: 2273.139: [GC [PSYoungGen: 772146K->434K(743040K)] 1013834K->242194K(1430016K), 0.0048990 secs] [Times: user=0.02 sys=0.00, real=0.00 secs] 
2014-07-08T08:41:09.271+0000: 2274.820: [GC [PSYoungGen: 743026K->864K(715968K)] 984786K->242704K(1402944K), 0.0050270 secs] [Times: user=0.02 sys=0.00, real=0.00 secs] 
2014-07-08T08:41:10.534+0000: 2276.084: [GC [PSYoungGen: 715936K->548K(689408K)] 957776K->242532K(1376384K), 0.0211790 secs] [Times: user=0.07 sys=0.00, real=0.02 secs] 
2014-07-08T08:41:11.886+0000: 2277.435: [GC [PSYoungGen: 689380K->722K(827392K)] 931364K->242842K(1514368K), 0.0273080 secs] [Times: user=0.10 sys=0.00, real=0.03 secs] 
2014-07-08T08:41:13.615+0000: 2279.164: [GC [PSYoungGen: 827344K->690K(992704K)] 1069465K->242970K(1679680K), 0.0396230 secs] [Times: user=0.15 sys=0.00, real=0.04 secs] 
2014-07-08T08:41:15.526+0000: 2281.076: [GC [PSYoungGen: 992690K->448K(1190848K)] 1234970K->242936K(1877824K), 0.0121340 secs] [Times: user=0.05 sys=0.00, real=0.01 secs] 
2014-07-08T08:41:17.860+0000: 2283.409: [GC [PSYoungGen: 1190848K->448K(1408640K)] 1433336K->243088K(2095616K), 0.0152410 secs] [Times: user=0.06 sys=0.01, real=0.11 secs] 
2014-07-08T08:41:20.570+0000: 2286.120: [GC [PSYoungGen: 1407936K->544K(1429632K)] 1650576K->243304K(2116608K), 0.0330030 secs] [Times: user=0.11 sys=0.00, real=0.04 secs] 
2014-07-08T08:41:23.558+0000: 2289.107: [GC [PSYoungGen: 1429024K->872K(1429632K)] 1671784K->243864K(2116608K), 0.0333750 secs] [Times: user=0.12 sys=0.00, real=0.04 secs] 
2014-07-08T08:41:26.334+0000: 2291.884: [GC [PSYoungGen: 1429352K->1106K(1369152K)] 1672344K->244434K(2056128K), 0.0051560 secs] [Times: user=0.02 sys=0.00, real=0.00 secs] 
2014-07-08T08:41:29.090+0000: 2294.639: [GC [PSYoungGen: 1369106K->850K(1311360K)] 1612434K->244338K(1998336K), 0.0114450 secs] [Times: user=0.03 sys=0.00, real=0.01 secs] 
2014-07-08T08:41:31.702+0000: 2297.251: [GC [PSYoungGen: 1311314K->576K(1256320K)] 1554802K->244216K(1943296K), 0.0093500 secs] [Times: user=0.03 sys=0.00, real=0.01 secs] 
2014-07-08T08:41:34.193+0000: 2299.743: [GC [PSYoungGen: 1256319K->946K(1204672K)] 1499960K->244850K(1891648K), 0.0241350 secs] [Times: user=0.08 sys=0.00, real=0.02 secs] 
2014-07-08T08:41:36.510+0000: 2302.060: [GC [PSYoungGen: 1204658K->352K(1154560K)] 1448562K->244496K(1841536K), 0.0128700 secs] [Times: user=0.05 sys=0.00, real=0.02 secs] 
2014-07-08T08:41:38.730+0000: 2304.280: [GC [PSYoungGen: 1154528K->448K(1107456K)] 1398672K->244760K(1794432K), 0.0088870 secs] [Times: user=0.02 sys=0.00, real=0.01 secs] 
2014-07-08T08:41:40.930+0000: 2306.479: [GC [PSYoungGen: 1107456K->818K(1062976K)] 1351768K->245234K(1749952K), 0.0057450 secs] [Times: user=0.02 sys=0.00, real=0.01 secs] 
2014-07-08T08:41:43.038+0000: 2308.587: [GC [PSYoungGen: 1062962K->882K(1020352K)] 1307378K->245498K(1707328K), 0.0094020 secs] [Times: user=0.02 sys=0.01, real=0.01 secs] 
2014-07-08T08:41:45.338+0000: 2310.887: [GC [PSYoungGen: 1020338K->896K(979712K)] 1264954K->245728K(1666688K), 0.0063060 secs] [Times: user=0.02 sys=0.01, real=0.00 secs] 
2014-07-08T08:41:47.313+0000: 2312.863: [GC [PSYoungGen: 979712K->928K(941056K)] 1224544K->245976K(1628032K), 0.0106810 secs] [Times: user=0.04 sys=0.00, real=0.01 secs] 
2014-07-08T08:41:49.191+0000: 2314.741: [GC [PSYoungGen: 941024K->918K(904192K)] 1186072K->246078K(1591168K), 0.0044470 secs] [Times: user=0.02 sys=0.00, real=0.01 secs] 
2014-07-08T08:41:51.184+0000: 2316.734: [GC [PSYoungGen: 904150K->1042K(869248K)] 1149310K->246322K(1556224K), 0.0080960 secs] [Times: user=0.02 sys=0.00, real=0.01 secs] 
2014-07-08T08:41:52.959+0000: 2318.509: [GC [PSYoungGen: 869197K->800K(835584K)] 1114478K->246320K(1522560K), 0.0046470 secs] [Times: user=0.01 sys=0.00, real=0.00 secs] 
2014-07-08T08:41:54.832+0000: 2320.382: [GC [PSYoungGen: 835549K->630K(803520K)] 1081070K->246270K(1490496K), 0.0053140 secs] [Times: user=0.01 sys=0.00, real=0.01 secs] 
2014-07-08T08:41:56.445+0000: 2321.994: [GC [PSYoungGen: 803510K->480K(773056K)] 1049150K->246328K(1460032K), 0.0217330 secs] [Times: user=0.07 sys=0.00, real=0.03 secs] 
2014-07-08T08:41:57.806+0000: 2323.355: [GC [PSYoungGen: 772959K->516K(744192K)] 1018808K->246460K(1431168K), 0.0300980 secs] [Times: user=0.12 sys=0.00, real=0.03 secs] 
2014-07-08T08:41:59.523+0000: 2325.073: [GC [PSYoungGen: 744062K->1032K(717120K)] 990007K->247056K(1404096K), 0.0056880 secs] [Times: user=0.01 sys=0.01, real=0.01 secs] 
2014-07-08T08:42:00.872+0000: 2326.421: [GC [PSYoungGen: 717064K->416K(690176K)] 963088K->246592K(1377152K), 0.0133310 secs] [Times: user=0.04 sys=0.00, real=0.01 secs] 
2014-07-08T08:42:02.218+0000: 2327.768: [GC [PSYoungGen: 690144K->672K(665344K)] 936320K->247008K(1352320K), 0.0128510 secs] [Times: user=0.03 sys=0.00, real=0.01 secs] 
2014-07-08T08:42:03.647+0000: 2329.196: [GC [PSYoungGen: 665312K->1088K(798656K)] 911648K->247568K(1485632K), 0.0309130 secs] [Times: user=0.11 sys=0.00, real=0.03 secs] 
2014-07-08T08:42:05.373+0000: 2330.922: [GC [PSYoungGen: 798656K->466K(768000K)] 1045136K->247106K(1454976K), 0.0058340 secs] [Times: user=0.01 sys=0.00, real=0.01 secs] 
2014-07-08T08:42:06.708+0000: 2332.258: [GC [PSYoungGen: 767954K->512K(921536K)] 1014594K->247304K(1608512K), 0.0222260 secs] [Times: user=0.09 sys=0.00, real=0.02 secs] 
2014-07-08T08:42:08.572+0000: 2334.122: [GC [PSYoungGen: 921536K->416K(1105728K)] 1168328K->247280K(1792704K), 0.0121380 secs] [Times: user=0.05 sys=0.00, real=0.01 secs] 
2014-07-08T08:42:10.871+0000: 2336.420: [GC [PSYoungGen: 1105696K->772K(1061312K)] 1352560K->247756K(1748288K), 0.0136170 secs] [Times: user=0.03 sys=0.00, real=0.01 secs] 
2014-07-08T08:42:13.027+0000: 2338.577: [GC [PSYoungGen: 1061188K->1238K(1273856K)] 1308173K->248470K(1960832K), 0.0280680 secs] [Times: user=0.09 sys=0.00, real=0.03 secs] 
2014-07-08T08:42:15.646+0000: 2341.195: [GC [PSYoungGen: 1273814K->608K(1527744K)] 1521046K->248072K(2214720K), 0.0265620 secs] [Times: user=0.09 sys=0.00, real=0.03 secs] 
2014-07-08T08:42:18.945+0000: 2344.494: [GC [PSYoungGen: 1527712K->1074K(1462912K)] 1775176K->248858K(2149888K), 0.0058360 secs] [Times: user=0.02 sys=0.00, real=0.01 secs] 
2014-07-08T08:42:21.761+0000: 2347.310: [GC [PSYoungGen: 1462842K->918K(1400704K)] 1710627K->248926K(2087680K), 0.0101590 secs] [Times: user=0.01 sys=0.00, real=0.01 secs] 
2014-07-08T08:42:24.770+0000: 2350.319: [GC [PSYoungGen: 1400662K->1068K(1341760K)] 1648670K->249340K(2028736K), 0.0187520 secs] [Times: user=0.07 sys=0.00, real=0.02 secs] 
2014-07-08T08:42:27.490+0000: 2353.039: [GC [PSYoungGen: 1341740K->512K(1284992K)] 1590012K->249120K(1971968K), 0.0075890 secs] [Times: user=0.01 sys=0.01, real=0.01 secs] 
2014-07-08T08:42:30.121+0000: 2355.670: [GC [PSYoungGen: 1284897K->1092K(1232192K)] 1533506K->249876K(1919168K), 0.0161780 secs] [Times: user=0.05 sys=0.01, real=0.01 secs] 
2014-07-08T08:42:32.585+0000: 2358.134: [GC [PSYoungGen: 1232132K->544K(1180736K)] 1480916K->249520K(1867712K), 0.0068700 secs] [Times: user=0.02 sys=0.01, real=0.01 secs] 
2014-07-08T08:42:35.166+0000: 2360.716: [GC [PSYoungGen: 1180704K->1092K(1132928K)] 1429680K->250268K(1819904K), 0.0060300 secs] [Times: user=0.02 sys=0.00, real=0.01 secs] 
2014-07-08T08:42:37.487+0000: 2363.037: [GC [PSYoungGen: 1132868K->544K(1086272K)] 1382044K->249960K(1773248K), 0.0119020 secs] [Times: user=0.02 sys=0.00, real=0.01 secs] 
2014-07-08T08:42:39.712+0000: 2365.261: [GC [PSYoungGen: 1086240K->640K(1042496K)] 1335656K->250192K(1729472K), 0.0191010 secs] [Times: user=0.08 sys=0.00, real=0.02 secs] 
2014-07-08T08:42:41.661+0000: 2367.210: [GC [PSYoungGen: 1042496K->544K(1000704K)] 1292048K->250304K(1687680K), 0.0118080 secs] [Times: user=0.04 sys=0.00, real=0.01 secs] 
2014-07-08T08:42:43.672+0000: 2369.221: [GC [PSYoungGen: 1000672K->544K(960960K)] 1250432K->250520K(1647936K), 0.0125460 secs] [Times: user=0.05 sys=0.01, real=0.02 secs] 
2014-07-08T08:42:45.554+0000: 2371.104: [GC [PSYoungGen: 960928K->416K(923008K)] 1210904K->250584K(1609984K), 0.0348500 secs] [Times: user=0.13 sys=0.00, real=0.03 secs] 
2014-07-08T08:42:47.373+0000: 2372.923: [GC [PSYoungGen: 922945K->512K(887040K)] 1173114K->250824K(1574016K), 0.0102080 secs] [Times: user=0.02 sys=0.00, real=0.01 secs] 
2014-07-08T08:42:49.293+0000: 2374.843: [GC [PSYoungGen: 886959K->1170K(853440K)] 1137272K->251578K(1540416K), 0.0055730 secs] [Times: user=0.02 sys=0.00, real=0.01 secs] 
2014-07-08T08:42:51.016+0000: 2376.565: [GC [PSYoungGen: 853378K->1028K(820608K)] 1103787K->251580K(1507584K), 0.0159160 secs] [Times: user=0.06 sys=0.00, real=0.01 secs] 
2014-07-08T08:42:52.652+0000: 2378.201: [GC [PSYoungGen: 820548K->434K(788800K)] 1071100K->251170K(1475776K), 0.0050690 secs] [Times: user=0.01 sys=0.00, real=0.01 secs] 
2014-07-08T08:42:54.463+0000: 2380.013: [GC [PSYoungGen: 788786K->1028K(759744K)] 1039522K->251892K(1446720K), 0.0060090 secs] [Times: user=0.02 sys=0.00, real=0.01 secs] 
2014-07-08T08:42:55.764+0000: 2381.313: [GC [PSYoungGen: 759684K->562K(730944K)] 1010548K->251626K(1417920K), 0.0126010 secs] [Times: user=0.02 sys=0.01, real=0.02 secs] 
2014-07-08T08:42:57.293+0000: 2382.842: [GC [PSYoungGen: 730867K->982K(704448K)] 981932K->252166K(1391424K), 0.0140140 secs] [Times: user=0.06 sys=0.00, real=0.02 secs] 
2014-07-08T08:42:58.687+0000: 2384.237: [GC [PSYoungGen: 704406K->452K(678208K)] 955590K->251740K(1365184K), 0.0047320 secs] [Times: user=0.01 sys=0.00, real=0.00 secs] 
2014-07-08T08:43:00.035+0000: 2385.584: [GC [PSYoungGen: 678118K->936K(654144K)] 929407K->252320K(1341120K), 0.0066660 secs] [Times: user=0.02 sys=0.00, real=0.01 secs] 
2014-07-08T08:43:01.360+0000: 2386.909: [GC [PSYoungGen: 654120K->996K(630848K)] 905504K->252492K(1317824K), 0.0076630 secs] [Times: user=0.01 sys=0.00, real=0.01 secs] 
2014-07-08T08:43:02.629+0000: 2388.179: [GC [PSYoungGen: 630737K->818K(608320K)] 882234K->252498K(1295296K), 0.0201950 secs] [Times: user=0.07 sys=0.00, real=0.02 secs] 
2014-07-08T08:43:03.726+0000: 2389.275: [GC [PSYoungGen: 608306K->352K(729408K)] 859986K->252168K(1416384K), 0.0209760 secs] [Times: user=0.07 sys=0.00, real=0.03 secs] 
2014-07-08T08:43:05.435+0000: 2390.984: [GC [PSYoungGen: 729376K->512K(875392K)] 981192K->252408K(1562368K), 0.0135220 secs] [Times: user=0.04 sys=0.00, real=0.02 secs] 
2014-07-08T08:43:07.018+0000: 2392.568: [GC [PSYoungGen: 875392K->704K(841856K)] 1127288K->252776K(1528832K), 0.0058700 secs] [Times: user=0.02 sys=0.00, real=0.00 secs] 
2014-07-08T08:43:08.769+0000: 2394.318: [GC [PSYoungGen: 841855K->480K(809472K)] 1093928K->252624K(1496448K), 0.0044990 secs] [Times: user=0.02 sys=0.00, real=0.00 secs] 
2014-07-08T08:43:10.498+0000: 2396.048: [GC [PSYoungGen: 809440K->498K(778816K)] 1061584K->252754K(1465792K), 0.0126590 secs] [Times: user=0.05 sys=0.00, real=0.01 secs] 
2014-07-08T08:43:11.868+0000: 2397.418: [GC [PSYoungGen: 778802K->708K(749888K)] 1031058K->253132K(1436864K), 0.0113830 secs] [Times: user=0.04 sys=0.00, real=0.01 secs] 
2014-07-08T08:43:13.490+0000: 2399.039: [GC [PSYoungGen: 749828K->480K(721792K)] 1002252K->253024K(1408768K), 0.0198430 secs] [Times: user=0.08 sys=0.00, real=0.02 secs] 
2014-07-08T08:43:14.935+0000: 2400.484: [GC [PSYoungGen: 721760K->896K(866432K)] 974304K->253640K(1553408K), 0.0222230 secs] [Times: user=0.07 sys=0.01, real=0.02 secs] 
2014-07-08T08:43:16.603+0000: 2402.153: [GC [PSYoungGen: 866432K->320K(832512K)] 1119176K->253176K(1519488K), 0.0048850 secs] [Times: user=0.02 sys=0.00, real=0.00 secs] 
2014-07-08T08:43:18.403+0000: 2403.952: [GC [PSYoungGen: 832475K->548K(801024K)] 1085332K->253500K(1488000K), 0.0216290 secs] [Times: user=0.08 sys=0.01, real=0.02 secs] 
2014-07-08T08:43:19.917+0000: 2405.466: [GC [PSYoungGen: 800996K->900K(961536K)] 1053948K->253972K(1648512K), 0.0312430 secs] [Times: user=0.12 sys=0.01, real=0.03 secs] 
2014-07-08T08:43:21.721+0000: 2407.270: [GC [PSYoungGen: 961476K->708K(1153472K)] 1214548K->253892K(1840448K), 0.0168180 secs] [Times: user=0.06 sys=0.00, real=0.01 secs] 
2014-07-08T08:43:24.161+0000: 2409.710: [GC [PSYoungGen: 1153412K->1028K(1106752K)] 1406596K->254428K(1793728K), 0.0061190 secs] [Times: user=0.02 sys=0.00, real=0.00 secs] 
2014-07-08T08:43:26.534+0000: 2412.083: [GC [PSYoungGen: 1106692K->562K(1061440K)] 1360092K->254202K(1748416K), 0.0129880 secs] [Times: user=0.04 sys=0.00, real=0.01 secs] 
2014-07-08T08:43:28.768+0000: 2414.318: [GC [PSYoungGen: 1061426K->544K(1018816K)] 1315066K->254360K(1705792K), 0.0079230 secs] [Times: user=0.02 sys=0.00, real=0.01 secs] 
2014-07-08T08:43:30.869+0000: 2416.418: [GC [PSYoungGen: 1018742K->576K(978240K)] 1272559K->254512K(1665216K), 0.0058080 secs] [Times: user=0.01 sys=0.00, real=0.01 secs] 
2014-07-08T08:43:33.013+0000: 2418.562: [GC [PSYoungGen: 978240K->1024K(940032K)] 1232176K->255192K(1627008K), 0.0201070 secs] [Times: user=0.07 sys=0.00, real=0.02 secs] 
2014-07-08T08:43:35.008+0000: 2420.557: [GC [PSYoungGen: 940013K->890K(903104K)] 1194182K->255794K(1590080K), 0.0304390 secs] [Times: user=0.11 sys=0.00, real=0.03 secs] 
2014-07-08T08:43:36.910+0000: 2422.459: [GC [PSYoungGen: 903045K->608K(867776K)] 1157949K->255680K(1554752K), 0.0156560 secs] [Times: user=0.05 sys=0.00, real=0.02 secs] 
2014-07-08T08:43:38.557+0000: 2424.107: [GC [PSYoungGen: 867744K->480K(1041088K)] 1122816K->255816K(1728064K), 0.0321150 secs] [Times: user=0.11 sys=0.00, real=0.03 secs] 
2014-07-08T08:43:40.838+0000: 2426.387: [GC [PSYoungGen: 1040994K->800K(999744K)] 1296331K->256248K(1686720K), 0.0057250 secs] [Times: user=0.01 sys=0.00, real=0.01 secs] 
2014-07-08T08:43:42.727+0000: 2428.276: [GC [PSYoungGen: 999712K->512K(959744K)] 1255160K->256208K(1646720K), 0.0229960 secs] [Times: user=0.09 sys=0.00, real=0.02 secs] 
2014-07-08T08:43:44.574+0000: 2430.123: [GC [PSYoungGen: 959744K->516K(1151680K)] 1215440K->256396K(1838656K), 0.0209080 secs] [Times: user=0.08 sys=0.00, real=0.02 secs] 
2014-07-08T08:43:46.991+0000: 2432.540: [GC [PSYoungGen: 1151588K->640K(1104768K)] 1407469K->256680K(1791744K), 0.0058850 secs] [Times: user=0.02 sys=0.00, real=0.01 secs] 
2014-07-08T08:43:49.057+0000: 2434.606: [GC [PSYoungGen: 1104768K->836K(1060288K)] 1360808K->257036K(1747264K), 0.0056060 secs] [Times: user=0.02 sys=0.00, real=0.00 secs] 
2014-07-08T08:43:51.414+0000: 2436.964: [GC [PSYoungGen: 1060221K->996K(1017856K)] 1316422K->257300K(1704832K), 0.0121130 secs] [Times: user=0.03 sys=0.01, real=0.01 secs] 
2014-07-08T08:43:53.382+0000: 2438.931: [GC [PSYoungGen: 1017828K->818K(977152K)] 1274132K->257418K(1664128K), 0.0071090 secs] [Times: user=0.02 sys=0.01, real=0.01 secs] 
2014-07-08T08:43:55.476+0000: 2441.026: [GC [PSYoungGen: 977138K->914K(938688K)] 1233738K->257730K(1625664K), 0.0071110 secs] [Times: user=0.02 sys=0.00, real=0.00 secs] 
2014-07-08T08:43:57.186+0000: 2442.736: [GC [PSYoungGen: 938642K->850K(901888K)] 1195458K->257834K(1588864K), 0.0134990 secs] [Times: user=0.05 sys=0.00, real=0.01 secs] 
2014-07-08T08:43:58.889+0000: 2444.438: [GC [PSYoungGen: 901842K->576K(866560K)] 1158826K->257664K(1553536K), 0.0143020 secs] [Times: user=0.05 sys=0.00, real=0.01 secs] 
2014-07-08T08:44:00.775+0000: 2446.325: [GC [PSYoungGen: 866560K->530K(833216K)] 1123648K->257698K(1520192K), 0.0052710 secs] [Times: user=0.01 sys=0.00, real=0.00 secs] 
2014-07-08T08:44:02.473+0000: 2448.022: [GC [PSYoungGen: 833084K->562K(801472K)] 1090253K->257938K(1488448K), 0.0148480 secs] [Times: user=0.05 sys=0.00, real=0.02 secs] 
2014-07-08T08:44:03.916+0000: 2449.466: [GC [PSYoungGen: 801458K->480K(771136K)] 1058834K->258016K(1458112K), 0.0270960 secs] [Times: user=0.11 sys=0.00, real=0.02 secs] 
2014-07-08T08:44:05.626+0000: 2451.176: [GC [PSYoungGen: 771089K->708K(742528K)] 1028626K->258404K(1429504K), 0.0068870 secs] [Times: user=0.01 sys=0.00, real=0.00 secs] 
2014-07-08T08:44:07.024+0000: 2452.573: [GC [PSYoungGen: 742468K->562K(714816K)] 1000164K->258418K(1401792K), 0.0081580 secs] [Times: user=0.02 sys=0.00, real=0.01 secs] 
2014-07-08T08:44:08.523+0000: 2454.072: [GC [PSYoungGen: 714802K->850K(688896K)] 972658K->258770K(1375872K), 0.0055610 secs] [Times: user=0.01 sys=0.01, real=0.01 secs] 
2014-07-08T08:44:09.816+0000: 2455.365: [GC [PSYoungGen: 688834K->676K(663680K)] 946755K->258716K(1350656K), 0.0232300 secs] [Times: user=0.08 sys=0.00, real=0.03 secs] 
2014-07-08T08:44:11.204+0000: 2456.753: [GC [PSYoungGen: 663652K->800K(640000K)] 921692K->258928K(1326976K), 0.0048110 secs] [Times: user=0.02 sys=0.00, real=0.01 secs] 
2014-07-08T08:44:12.443+0000: 2457.993: [GC [PSYoungGen: 639968K->416K(616896K)] 898096K->258736K(1303872K), 0.0038840 secs] [Times: user=0.01 sys=0.00, real=0.01 secs] 
2014-07-08T08:44:13.718+0000: 2459.267: [GC [PSYoungGen: 616860K->722K(595520K)] 875181K->259170K(1282496K), 0.0074380 secs] [Times: user=0.02 sys=0.00, real=0.00 secs] 
2014-07-08T08:44:14.890+0000: 2460.440: [GC [PSYoungGen: 595468K->626K(574656K)] 853917K->259210K(1261632K), 0.0096040 secs] [Times: user=0.02 sys=0.00, real=0.01 secs] 
2014-07-08T08:44:16.186+0000: 2461.735: [GC [PSYoungGen: 574642K->850K(555136K)] 833226K->259514K(1242112K), 0.0059440 secs] [Times: user=0.01 sys=0.00, real=0.01 secs] 
2014-07-08T08:44:17.301+0000: 2462.850: [GC [PSYoungGen: 555084K->1096K(536512K)] 813749K->259864K(1223488K), 0.0243180 secs] [Times: user=0.09 sys=0.01, real=0.02 secs] 
2014-07-08T08:44:18.390+0000: 2463.939: [GC [PSYoungGen: 536456K->306K(517632K)] 795224K->259650K(1204608K), 0.0067300 secs] [Times: user=0.01 sys=0.00, real=0.00 secs] 
2014-07-08T08:44:19.424+0000: 2464.974: [GC [PSYoungGen: 517582K->662K(500800K)] 776926K->260062K(1187776K), 0.0111450 secs] [Times: user=0.04 sys=0.00, real=0.01 secs] 
2014-07-08T08:44:20.381+0000: 2465.931: [GC [PSYoungGen: 500758K->662K(600832K)] 760158K->260246K(1287808K), 0.0244860 secs] [Times: user=0.10 sys=0.00, real=0.02 secs] 
2014-07-08T08:44:21.548+0000: 2467.097: [GC [PSYoungGen: 600790K->352K(720576K)] 860374K->260056K(1407552K), 0.0156610 secs] [Times: user=0.06 sys=0.00, real=0.02 secs] 
2014-07-08T08:44:22.894+0000: 2468.443: [GC [PSYoungGen: 720544K->352K(864640K)] 980248K->260200K(1551616K), 0.0138660 secs] [Times: user=0.05 sys=0.00, real=0.01 secs] 
2014-07-08T08:44:24.686+0000: 2470.235: [GC [PSYoungGen: 864608K->612K(1037760K)] 1124456K->260564K(1724736K), 0.0200250 secs] [Times: user=0.07 sys=0.00, real=0.02 secs] 
2014-07-08T08:44:26.770+0000: 2472.319: [GC [PSYoungGen: 1037731K->416K(1244992K)] 1297684K->260560K(1931968K), 0.0285810 secs] [Times: user=0.11 sys=0.00, real=0.02 secs] 
2014-07-08T08:44:29.433+0000: 2474.982: [GC [PSYoungGen: 1244960K->640K(1494144K)] 1505104K->260928K(2181120K), 0.0422580 secs] [Times: user=0.15 sys=0.01, real=0.04 secs] 
2014-07-08T08:44:32.427+0000: 2477.976: [GC [PSYoungGen: 1494144K->1078K(1658432K)] 1754432K->261590K(2345408K), 0.0068090 secs] [Times: user=0.02 sys=0.00, real=0.01 secs] 
2014-07-08T08:44:35.702+0000: 2481.251: [GC [PSYoungGen: 1658422K->658K(1586368K)] 1918934K->261474K(2273344K), 0.0089990 secs] [Times: user=0.02 sys=0.00, real=0.00 secs] 
2014-07-08T08:44:38.909+0000: 2484.458: [GC [PSYoungGen: 1586303K->676K(1518208K)] 1847120K->261748K(2205184K), 0.0265950 secs] [Times: user=0.08 sys=0.00, real=0.03 secs] 
2014-07-08T08:44:41.867+0000: 2487.417: [GC [PSYoungGen: 1518180K->672K(1453376K)] 1779252K->261912K(2140352K), 0.0274790 secs] [Times: user=0.10 sys=0.00, real=0.03 secs] 
2014-07-08T08:44:44.886+0000: 2490.435: [GC [PSYoungGen: 1453344K->626K(1391680K)] 1714584K->262154K(2078656K), 0.0052640 secs] [Times: user=0.01 sys=0.00, real=0.00 secs] 
2014-07-08T08:44:47.655+0000: 2493.205: [GC [PSYoungGen: 1391666K->512K(1332928K)] 1653194K->262304K(2019904K), 0.0208710 secs] [Times: user=0.07 sys=0.00, real=0.02 secs] 
2014-07-08T08:44:50.413+0000: 2495.963: [GC [PSYoungGen: 1332928K->1042K(1277696K)] 1594720K->262986K(1964672K), 0.0261690 secs] [Times: user=0.09 sys=0.00, real=0.02 secs] 
2014-07-08T08:44:53.028+0000: 2498.577: [GC [PSYoungGen: 1277650K->850K(1224448K)] 1539594K->263018K(1911424K), 0.0243020 secs] [Times: user=0.08 sys=0.01, real=0.02 secs] 
2014-07-08T08:44:55.404+0000: 2500.953: [GC [PSYoungGen: 1224400K->498K(1173568K)] 1486569K->262978K(1860544K), 0.0057640 secs] [Times: user=0.01 sys=0.00, real=0.00 secs] 
2014-07-08T08:44:57.725+0000: 2503.274: [GC [PSYoungGen: 1173554K->594K(1125632K)] 1436034K->263282K(1812608K), 0.0086130 secs] [Times: user=0.02 sys=0.00, real=0.00 secs] 
2014-07-08T08:45:00.007+0000: 2505.556: [GC [PSYoungGen: 1125586K->690K(1079936K)] 1388274K->263522K(1766912K), 0.0066760 secs] [Times: user=0.01 sys=0.00, real=0.00 secs] 
2014-07-08T08:45:02.405+0000: 2507.955: [GC [PSYoungGen: 1079922K->1106K(1036864K)] 1342754K->264122K(1723840K), 0.0238290 secs] [Times: user=0.09 sys=0.00, real=0.02 secs] 
2014-07-08T08:45:04.392+0000: 2509.941: [GC [PSYoungGen: 1036818K->498K(994816K)] 1299834K->263770K(1681792K), 0.0048530 secs] [Times: user=0.01 sys=0.00, real=0.01 secs] 
2014-07-08T08:45:06.424+0000: 2511.973: [GC [PSYoungGen: 994799K->1202K(956096K)] 1258072K->264666K(1643072K), 0.0173510 secs] [Times: user=0.07 sys=0.00, real=0.02 secs] 
2014-07-08T08:45:08.374+0000: 2513.923: [GC [PSYoungGen: 955990K->854K(918208K)] 1219455K->264446K(1605184K), 0.0207690 secs] [Times: user=0.07 sys=0.00, real=0.02 secs] 
2014-07-08T08:45:10.145+0000: 2515.695: [GC [PSYoungGen: 918166K->978K(882560K)] 1181758K->264722K(1569536K), 0.0105440 secs] [Times: user=0.02 sys=0.00, real=0.02 secs] 
2014-07-08T08:45:12.073+0000: 2517.623: [GC [PSYoungGen: 882514K->818K(848320K)] 1146258K->265090K(1535296K), 0.0113360 secs] [Times: user=0.02 sys=0.00, real=0.01 secs] 
2014-07-08T08:45:13.916+0000: 2519.465: [GC [PSYoungGen: 848231K->868K(815936K)] 1112504K->265380K(1502912K), 0.0211520 secs] [Times: user=0.08 sys=0.00, real=0.03 secs] 
2014-07-08T08:45:15.627+0000: 2521.176: [GC [PSYoungGen: 815849K->448K(784576K)] 1080362K->265256K(1471552K), 0.0143070 secs] [Times: user=0.05 sys=0.00, real=0.02 secs] 
2014-07-08T08:45:17.479+0000: 2523.028: [GC [PSYoungGen: 784576K->544K(755200K)] 1049384K->265488K(1442176K), 0.0072430 secs] [Times: user=0.01 sys=0.00, real=0.00 secs] 
2014-07-08T08:45:18.976+0000: 2524.525: [GC [PSYoungGen: 755168K->900K(727488K)] 1020112K->266036K(1414464K), 0.0081380 secs] [Times: user=0.01 sys=0.00, real=0.01 secs] 
2014-07-08T08:45:20.499+0000: 2526.048: [GC [PSYoungGen: 727334K->640K(700416K)] 992470K->265864K(1387392K), 0.0193830 secs] [Times: user=0.07 sys=0.00, real=0.02 secs] 
2014-07-08T08:45:21.972+0000: 2527.522: [GC [PSYoungGen: 700416K->800K(840576K)] 965640K->266240K(1527552K), 0.0246140 secs] [Times: user=0.09 sys=0.00, real=0.02 secs] 
2014-07-08T08:45:23.607+0000: 2529.156: [GC [PSYoungGen: 840541K->736K(1008512K)] 1105981K->266352K(1695488K), 0.0203950 secs] [Times: user=0.07 sys=0.00, real=0.02 secs] 
2014-07-08T08:45:25.612+0000: 2531.161: [GC [PSYoungGen: 1008480K->776K(968512K)] 1274096K->266553K(1655488K), 0.0086410 secs] [Times: user=0.02 sys=0.00, real=0.01 secs] 
2014-07-08T08:45:27.614+0000: 2533.164: [GC [PSYoungGen: 968456K->566K(930112K)] 1234233K->266470K(1617088K), 0.0056830 secs] [Times: user=0.01 sys=0.00, real=0.01 secs] 
2014-07-08T08:45:29.403+0000: 2534.953: [GC [PSYoungGen: 930102K->640K(1116096K)] 1196006K->266672K(1803072K), 0.0435290 secs] [Times: user=0.16 sys=0.00, real=0.04 secs] 
2014-07-08T08:45:31.612+0000: 2537.161: [GC [PSYoungGen: 1116096K->762K(1339328K)] 1382128K->266867K(2026304K), 0.0131050 secs] [Times: user=0.05 sys=0.01, real=0.01 secs] 
2014-07-08T08:45:34.246+0000: 2539.796: [GC [PSYoungGen: 1339322K->882K(1283392K)] 1605427K->267226K(1970368K), 0.0050650 secs] [Times: user=0.01 sys=0.00, real=0.01 secs] 
2014-07-08T08:45:36.747+0000: 2542.296: [GC [PSYoungGen: 1283353K->704K(1229824K)] 1549698K->267280K(1916800K), 0.0134580 secs] [Times: user=0.04 sys=0.00, real=0.02 secs] 
2014-07-08T08:45:39.188+0000: 2544.737: [GC [PSYoungGen: 1229724K->850K(1475840K)] 1496301K->267570K(2162816K), 0.0494640 secs] [Times: user=0.19 sys=0.00, real=0.05 secs] 
2014-07-08T08:45:42.316+0000: 2547.865: [GC [PSYoungGen: 1475695K->1124K(1413376K)] 1742416K->268164K(2100352K), 0.0066020 secs] [Times: user=0.02 sys=0.00, real=0.01 secs] 
2014-07-08T08:45:45.083+0000: 2550.633: [GC [PSYoungGen: 1413348K->320K(1352832K)] 1680388K->268582K(2039808K), 0.0130860 secs] [Times: user=0.02 sys=0.00, real=0.01 secs] 
2014-07-08T08:45:47.818+0000: 2553.367: [GC [PSYoungGen: 1352832K->818K(1296576K)] 1621094K->269321K(1983552K), 0.0258960 secs] [Times: user=0.09 sys=0.00, real=0.03 secs] 
2014-07-08T08:45:50.475+0000: 2556.024: [GC [PSYoungGen: 1296562K->1060K(1242816K)] 1565065K->269883K(1929792K), 0.0073600 secs] [Times: user=0.02 sys=0.00, real=0.01 secs] 
2014-07-08T08:45:52.840+0000: 2558.390: [GC [PSYoungGen: 1242788K->576K(1190912K)] 1511611K->269638K(1877888K), 0.0145340 secs] [Times: user=0.05 sys=0.00, real=0.02 secs] 
2014-07-08T08:45:55.199+0000: 2560.748: [GC [PSYoungGen: 1190912K->1206K(1142656K)] 1459974K->270525K(1829632K), 0.0198950 secs] [Times: user=0.07 sys=0.00, real=0.02 secs] 
2014-07-08T08:45:57.572+0000: 2563.121: [GC [PSYoungGen: 1142595K->726K(1095680K)] 1411914K->270229K(1782656K), 0.0173700 secs] [Times: user=0.06 sys=0.00, real=0.02 secs] 
2014-07-08T08:45:59.783+0000: 2565.333: [GC [PSYoungGen: 1095638K->448K(1051072K)] 1365141K->270102K(1738048K), 0.0202930 secs] [Times: user=0.07 sys=0.00, real=0.02 secs] 
2014-07-08T08:46:01.731+0000: 2567.280: [GC [PSYoungGen: 1051072K->544K(1009024K)] 1320726K->270366K(1696000K), 0.0095990 secs] [Times: user=0.04 sys=0.00, real=0.01 secs] 
2014-07-08T08:46:03.762+0000: 2569.312: [GC [PSYoungGen: 1008992K->562K(968896K)] 1278814K->270577K(1655872K), 0.0090430 secs] [Times: user=0.03 sys=0.00, real=0.01 secs] 
2014-07-08T08:46:05.743+0000: 2571.293: [GC [PSYoungGen: 968882K->726K(930880K)] 1238897K->270957K(1617856K), 0.0117840 secs] [Times: user=0.04 sys=0.00, real=0.02 secs] 
2014-07-08T08:46:07.797+0000: 2573.347: [GC [PSYoungGen: 930838K->740K(894528K)] 1201069K->271115K(1581504K), 0.0042920 secs] [Times: user=0.02 sys=0.00, real=0.00 secs] 
2014-07-08T08:46:09.831+0000: 2575.381: [GC [PSYoungGen: 894458K->776K(859968K)] 1164833K->271303K(1546944K), 0.0046360 secs] [Times: user=0.02 sys=0.00, real=0.01 secs] 
2014-07-08T08:46:11.681+0000: 2577.231: [GC [PSYoungGen: 859912K->576K(826688K)] 1130439K->271294K(1513664K), 0.0236350 secs] [Times: user=0.08 sys=0.01, real=0.03 secs] 
2014-07-08T08:46:13.483+0000: 2579.032: [GC [PSYoungGen: 826688K->868K(795584K)] 1097406K->271771K(1482560K), 0.0098200 secs] [Times: user=0.02 sys=0.01, real=0.01 secs] 
2014-07-08T08:46:15.025+0000: 2580.575: [GC [PSYoungGen: 795556K->448K(765184K)] 1066459K->271598K(1452160K), 0.0194690 secs] [Times: user=0.07 sys=0.00, real=0.02 secs] 
2014-07-08T08:46:16.591+0000: 2582.141: [GC [PSYoungGen: 765184K->466K(736704K)] 1036334K->271721K(1423680K), 0.0052530 secs] [Times: user=0.01 sys=0.00, real=0.01 secs] 
2014-07-08T08:46:18.112+0000: 2583.662: [GC [PSYoungGen: 736658K->736K(709696K)] 1007913K->272094K(1396672K), 0.0125490 secs] [Times: user=0.04 sys=0.00, real=0.01 secs] 
2014-07-08T08:46:19.650+0000: 2585.199: [GC [PSYoungGen: 709612K->566K(683520K)] 980971K->272005K(1370496K), 0.0047140 secs] [Times: user=0.01 sys=0.00, real=0.00 secs] 
2014-07-08T08:46:21.003+0000: 2586.553: [GC [PSYoungGen: 683465K->932K(659136K)] 954904K->272507K(1346112K), 0.0222670 secs] [Times: user=0.08 sys=0.00, real=0.02 secs] 
2014-07-08T08:46:22.475+0000: 2588.024: [GC [PSYoungGen: 659108K->882K(635456K)] 930683K->272609K(1322432K), 0.0079040 secs] [Times: user=0.02 sys=0.00, real=0.01 secs] 
2014-07-08T08:46:23.834+0000: 2589.384: [GC [PSYoungGen: 635442K->662K(612736K)] 907169K->272525K(1299712K), 0.0170470 secs] [Times: user=0.06 sys=0.00, real=0.02 secs] 
2014-07-08T08:46:24.967+0000: 2590.516: [GC [PSYoungGen: 612694K->466K(734976K)] 884557K->272465K(1421952K), 0.0303210 secs] [Times: user=0.11 sys=0.00, real=0.03 secs] 
2014-07-08T08:46:26.437+0000: 2591.986: [GC [PSYoungGen: 734922K->896K(882304K)] 1006921K->273030K(1569280K), 0.0131610 secs] [Times: user=0.02 sys=0.00, real=0.02 secs] 
2014-07-08T08:46:28.345+0000: 2593.894: [GC [PSYoungGen: 882299K->850K(848256K)] 1154434K->273097K(1535232K), 0.0057320 secs] [Times: user=0.02 sys=0.01, real=0.01 secs] 
2014-07-08T08:46:29.813+0000: 2595.363: [GC [PSYoungGen: 848210K->576K(1017408K)] 1120457K->272974K(1704384K), 0.0289230 secs] [Times: user=0.11 sys=0.00, real=0.03 secs] 
2014-07-08T08:46:31.780+0000: 2597.329: [GC [PSYoungGen: 1017408K->480K(976832K)] 1289806K->272966K(1663808K), 0.0052680 secs] [Times: user=0.02 sys=0.00, real=0.00 secs] 
2014-07-08T08:46:33.826+0000: 2599.375: [GC [PSYoungGen: 976800K->512K(1172096K)] 1249286K->273214K(1859072K), 0.0291820 secs] [Times: user=0.11 sys=0.00, real=0.03 secs] 
2014-07-08T08:46:36.148+0000: 2601.697: [GC [PSYoungGen: 1172096K->864K(1124480K)] 1444798K->273758K(1811456K), 0.0114330 secs] [Times: user=0.02 sys=0.00, real=0.02 secs] 
2014-07-08T08:46:38.691+0000: 2604.240: [GC [PSYoungGen: 1124448K->594K(1078528K)] 1397342K->273641K(1765504K), 0.0158950 secs] [Times: user=0.06 sys=0.00, real=0.01 secs] 
2014-07-08T08:46:40.853+0000: 2606.402: [GC [PSYoungGen: 1078462K->658K(1035136K)] 1351509K->273905K(1722112K), 0.0109280 secs] [Times: user=0.03 sys=0.01, real=0.01 secs] 
2014-07-08T08:46:42.942+0000: 2608.491: [GC [PSYoungGen: 1035090K->832K(993920K)] 1308337K->274302K(1680896K), 0.0287190 secs] [Times: user=0.11 sys=0.00, real=0.03 secs] 
2014-07-08T08:46:44.948+0000: 2610.497: [GC [PSYoungGen: 993920K->544K(954304K)] 1267390K->274230K(1641280K), 0.0095820 secs] [Times: user=0.03 sys=0.00, real=0.01 secs] 
2014-07-08T08:46:46.832+0000: 2612.381: [GC [PSYoungGen: 954272K->676K(916928K)] 1227958K->274555K(1603904K), 0.0198690 secs] [Times: user=0.07 sys=0.00, real=0.02 secs] 
2014-07-08T08:46:48.769+0000: 2614.318: [GC [PSYoungGen: 916816K->548K(881088K)] 1190695K->274547K(1568064K), 0.0152820 secs] [Times: user=0.05 sys=0.00, real=0.02 secs] 
2014-07-08T08:46:50.609+0000: 2616.158: [GC [PSYoungGen: 881060K->530K(847040K)] 1155059K->274673K(1534016K), 0.0198110 secs] [Times: user=0.07 sys=0.00, real=0.02 secs] 
2014-07-08T08:46:52.388+0000: 2617.937: [GC [PSYoungGen: 846994K->562K(814656K)] 1121137K->274897K(1501632K), 0.0204570 secs] [Times: user=0.08 sys=0.00, real=0.02 secs] 
2014-07-08T08:46:53.881+0000: 2619.431: [GC [PSYoungGen: 814642K->384K(977280K)] 1088977K->274926K(1664256K), 0.0225830 secs] [Times: user=0.07 sys=0.00, real=0.03 secs] 
2014-07-08T08:46:55.809+0000: 2621.359: [GC [PSYoungGen: 977280K->416K(938752K)] 1251822K->275086K(1625728K), 0.0088930 secs] [Times: user=0.03 sys=0.00, real=0.01 secs] 
2014-07-08T08:46:57.768+0000: 2623.318: [GC [PSYoungGen: 938720K->608K(902144K)] 1213390K->275406K(1589120K), 0.0218170 secs] [Times: user=0.09 sys=0.00, real=0.02 secs] 
2014-07-08T08:46:59.649+0000: 2625.199: [GC [PSYoungGen: 902112K->548K(1082432K)] 1176910K->275459K(1769408K), 0.0226970 secs] [Times: user=0.09 sys=0.00, real=0.02 secs] 
2014-07-08T08:47:01.801+0000: 2627.351: [GC [PSYoungGen: 1082404K->626K(1038848K)] 1357315K->275681K(1725824K), 0.0055170 secs] [Times: user=0.01 sys=0.00, real=0.01 secs] 
2014-07-08T08:47:03.896+0000: 2629.445: [GC [PSYoungGen: 1038834K->594K(997312K)] 1313889K->275897K(1684288K), 0.0146540 secs] [Times: user=0.05 sys=0.00, real=0.01 secs] 
2014-07-08T08:47:06.002+0000: 2631.551: [GC [PSYoungGen: 997266K->676K(957824K)] 1272569K->276259K(1644800K), 0.0265870 secs] [Times: user=0.09 sys=0.00, real=0.03 secs] 
2014-07-08T08:47:07.844+0000: 2633.394: [GC [PSYoungGen: 957796K->288K(919744K)] 1233379K->276014K(1606720K), 0.0046970 secs] [Times: user=0.01 sys=0.00, real=0.00 secs] 
2014-07-08T08:47:09.742+0000: 2635.291: [GC [PSYoungGen: 919674K->448K(883968K)] 1195401K->276278K(1570944K), 0.0050480 secs] [Times: user=0.02 sys=0.00, real=0.01 secs] 
2014-07-08T08:47:11.605+0000: 2637.154: [GC [PSYoungGen: 883968K->576K(849920K)] 1159798K->276566K(1536896K), 0.0106070 secs] [Times: user=0.04 sys=0.00, real=0.01 secs] 
2014-07-08T08:47:13.275+0000: 2638.825: [GC [PSYoungGen: 849920K->996K(817792K)] 1125910K->277411K(1504768K), 0.0217790 secs] [Times: user=0.07 sys=0.00, real=0.02 secs] 
2014-07-08T08:47:14.780+0000: 2640.330: [GC [PSYoungGen: 817764K->466K(786240K)] 1094179K->277033K(1473216K), 0.0249640 secs] [Times: user=0.09 sys=0.00, real=0.03 secs] 
2014-07-08T08:47:16.501+0000: 2642.051: [GC [PSYoungGen: 786194K->1014K(943936K)] 1062761K->277757K(1630912K), 0.0179400 secs] [Times: user=0.06 sys=0.00, real=0.02 secs] 
2014-07-08T08:47:18.208+0000: 2643.757: [GC [PSYoungGen: 943926K->996K(1132544K)] 1220669K->277883K(1819520K), 0.0276800 secs] [Times: user=0.10 sys=0.00, real=0.09 secs] 
2014-07-08T08:47:20.630+0000: 2646.180: [GC [PSYoungGen: 1132516K->626K(1358464K)] 1409403K->277593K(2045440K), 0.0207030 secs] [Times: user=0.07 sys=0.00, real=0.02 secs] 
2014-07-08T08:47:23.177+0000: 2648.727: [GC [PSYoungGen: 1358450K->896K(1301696K)] 1635417K->278110K(1988672K), 0.0097780 secs] [Times: user=0.03 sys=0.00, real=0.01 secs] 
2014-07-08T08:47:25.791+0000: 2651.340: [GC [PSYoungGen: 1301696K->544K(1247104K)] 1578910K->278022K(1934080K), 0.0071540 secs] [Times: user=0.02 sys=0.00, real=0.01 secs] 
2014-07-08T08:47:28.230+0000: 2653.780: [GC [PSYoungGen: 1247072K->608K(1195584K)] 1524550K->278294K(1882560K), 0.0059700 secs] [Times: user=0.02 sys=0.01, real=0.00 secs] 
2014-07-08T08:47:30.771+0000: 2656.320: [GC [PSYoungGen: 1195552K->512K(1146368K)] 1473238K->278310K(1833344K), 0.0051550 secs] [Times: user=0.01 sys=0.01, real=0.00 secs] 
2014-07-08T08:47:33.048+0000: 2658.597: [GC [PSYoungGen: 1146311K->800K(1099968K)] 1424110K->278846K(1786944K), 0.0277400 secs] [Times: user=0.11 sys=0.00, real=0.02 secs] 
2014-07-08T08:47:35.575+0000: 2661.124: [GC [PSYoungGen: 1099936K->690K(1055360K)] 1377982K->278897K(1742336K), 0.0237190 secs] [Times: user=0.09 sys=0.00, real=0.03 secs] 
2014-07-08T08:47:37.720+0000: 2663.270: [GC [PSYoungGen: 1055346K->722K(1013056K)] 1333553K->279225K(1700032K), 0.0100300 secs] [Times: user=0.02 sys=0.00, real=0.01 secs] 
2014-07-08T08:47:39.893+0000: 2665.443: [GC [PSYoungGen: 1013007K->722K(972736K)] 1291510K->279369K(1659712K), 0.0175000 secs] [Times: user=0.06 sys=0.00, real=0.02 secs] 
2014-07-08T08:47:41.813+0000: 2667.362: [GC [PSYoungGen: 972690K->512K(934080K)] 1251337K->279318K(1621056K), 0.0047820 secs] [Times: user=0.01 sys=0.00, real=0.00 secs] 
2014-07-08T08:47:43.779+0000: 2669.328: [GC [PSYoungGen: 934080K->1074K(898112K)] 1212886K->280153K(1585088K), 0.0277830 secs] [Times: user=0.10 sys=0.00, real=0.03 secs] 
2014-07-08T08:47:45.511+0000: 2671.060: [GC [PSYoungGen: 898098K->800K(863040K)] 1177177K->280070K(1550016K), 0.0188950 secs] [Times: user=0.07 sys=0.00, real=0.02 secs] 
2014-07-08T08:47:47.124+0000: 2672.673: [GC [PSYoungGen: 863008K->594K(829696K)] 1142278K->279985K(1516672K), 0.0050250 secs] [Times: user=0.01 sys=0.01, real=0.00 secs] 
2014-07-08T08:47:48.876+0000: 2674.425: [GC [PSYoungGen: 829636K->740K(995648K)] 1109027K->280211K(1682624K), 0.0348430 secs] [Times: user=0.12 sys=0.00, real=0.04 secs] 
2014-07-08T08:47:50.767+0000: 2676.316: [GC [PSYoungGen: 995620K->352K(1194240K)] 1275091K->279926K(1881216K), 0.0235840 secs] [Times: user=0.09 sys=0.01, real=0.03 secs] 
2014-07-08T08:47:53.396+0000: 2678.946: [GC [PSYoungGen: 1194208K->1202K(1145984K)] 1473782K->280953K(1832960K), 0.0078050 secs] [Times: user=0.02 sys=0.00, real=0.01 secs] 
2014-07-08T08:47:55.702+0000: 2681.251: [GC [PSYoungGen: 1145970K->662K(1098752K)] 1425721K->280701K(1785728K), 0.0203850 secs] [Times: user=0.07 sys=0.00, real=0.02 secs] 
2014-07-08T08:47:57.894+0000: 2683.444: [GC [PSYoungGen: 1098710K->544K(1318272K)] 1378749K->280742K(2005248K), 0.0389590 secs] [Times: user=0.13 sys=0.00, real=0.04 secs] 
2014-07-08T08:48:00.590+0000: 2686.139: [GC [PSYoungGen: 1318240K->822K(1263424K)] 1598438K->281189K(1950400K), 0.0135890 secs] [Times: user=0.05 sys=0.00, real=0.02 secs] 
2014-07-08T08:48:03.266+0000: 2688.815: [GC [PSYoungGen: 1263408K->1174K(1211392K)] 1543775K->281749K(1898368K), 0.0094750 secs] [Times: user=0.02 sys=0.00, real=0.01 secs] 
2014-07-08T08:48:05.636+0000: 2691.185: [GC [PSYoungGen: 1211350K->416K(1160768K)] 1491925K->281270K(1847744K), 0.0104430 secs] [Times: user=0.04 sys=0.00, real=0.01 secs] 
2014-07-08T08:48:07.946+0000: 2693.495: [GC [PSYoungGen: 1160736K->594K(1113536K)] 1441590K->281649K(1800512K), 0.0168180 secs] [Times: user=0.05 sys=0.00, real=0.01 secs] 
2014-07-08T08:48:10.221+0000: 2695.770: [GC [PSYoungGen: 1113490K->992K(1068800K)] 1394545K->282182K(1755776K), 0.0174830 secs] [Times: user=0.06 sys=0.00, real=0.02 secs] 
2014-07-08T08:48:12.483+0000: 2698.033: [GC [PSYoungGen: 1068716K->740K(1025536K)] 1349907K->282115K(1712512K), 0.0191540 secs] [Times: user=0.07 sys=0.00, real=0.02 secs] 
2014-07-08T08:48:14.552+0000: 2700.102: [GC [PSYoungGen: 1025508K->576K(984448K)] 1306883K->282206K(1671424K), 0.0148520 secs] [Times: user=0.06 sys=0.00, real=0.02 secs] 
2014-07-08T08:48:16.545+0000: 2702.095: [GC [PSYoungGen: 984365K->726K(945664K)] 1265996K->282565K(1632640K), 0.0183620 secs] [Times: user=0.07 sys=0.00, real=0.01 secs] 
2014-07-08T08:48:18.405+0000: 2703.955: [GC [PSYoungGen: 945622K->864K(908672K)] 1227461K->282846K(1595648K), 0.0247050 secs] [Times: user=0.09 sys=0.01, real=0.02 secs] 
2014-07-08T08:48:20.192+0000: 2705.741: [GC [PSYoungGen: 908640K->1028K(1090432K)] 1190622K->283139K(1777408K), 0.0232160 secs] [Times: user=0.07 sys=0.00, real=0.03 secs] 
2014-07-08T08:48:22.443+0000: 2707.992: [GC [PSYoungGen: 1090365K->612K(1307904K)] 1372476K->283211K(1994880K), 0.0232670 secs] [Times: user=0.09 sys=0.00, real=0.03 secs] 
2014-07-08T08:48:25.169+0000: 2710.718: [GC [PSYoungGen: 1307876K->1384K(1254080K)] 1590475K->284231K(1941056K), 0.0135330 secs] [Times: user=0.04 sys=0.00, real=0.01 secs] 
2014-07-08T08:48:27.586+0000: 2713.135: [GC [PSYoungGen: 1254056K->512K(1201280K)] 1536903K->283686K(1888256K), 0.0070360 secs] [Times: user=0.02 sys=0.00, real=0.01 secs] 
2014-07-08T08:48:30.361+0000: 2715.911: [GC [PSYoungGen: 1201263K->1302K(1152704K)] 1484438K->284613K(1839680K), 0.0155200 secs] [Times: user=0.05 sys=0.00, real=0.02 secs] 
2014-07-08T08:48:32.654+0000: 2718.204: [GC [PSYoungGen: 1152662K->480K(1104896K)] 1435973K->284022K(1791872K), 0.0190260 secs] [Times: user=0.07 sys=0.00, real=0.02 secs] 
2014-07-08T08:48:35.011+0000: 2720.560: [GC [PSYoungGen: 1104864K->882K(1060544K)] 1388406K->284601K(1747520K), 0.0318050 secs] [Times: user=0.12 sys=0.00, real=0.03 secs] 
2014-07-08T08:48:36.968+0000: 2722.517: [GC [PSYoungGen: 1060530K->384K(1272000K)] 1344249K->284382K(1958976K), 0.0332310 secs] [Times: user=0.12 sys=0.00, real=0.03 secs] 
2014-07-08T08:48:39.623+0000: 2725.173: [GC [PSYoungGen: 1272000K->1074K(1527040K)] 1555998K->285185K(2214016K), 0.0240100 secs] [Times: user=0.08 sys=0.00, real=0.02 secs] 
2014-07-08T08:48:42.684+0000: 2728.233: [GC [PSYoungGen: 1527026K->658K(1461440K)] 1811137K->284937K(2148416K), 0.0082830 secs] [Times: user=0.02 sys=0.00, real=0.01 secs] 
2014-07-08T08:48:45.498+0000: 2731.047: [GC [PSYoungGen: 1461394K->516K(1399232K)] 1745673K->285115K(2086208K), 0.0201070 secs] [Times: user=0.07 sys=0.00, real=0.02 secs] 
2014-07-08T08:48:48.213+0000: 2733.762: [GC [PSYoungGen: 1399172K->786K(1596672K)] 1683771K->285545K(2283648K), 0.0446900 secs] [Times: user=0.16 sys=0.00, real=0.04 secs] 
2014-07-08T08:48:51.586+0000: 2737.135: [GC [PSYoungGen: 1595836K->612K(1527168K)] 1880595K->285475K(2214144K), 0.0239500 secs] [Times: user=0.09 sys=0.00, real=0.03 secs] 
2014-07-08T08:48:54.622+0000: 2740.171: [GC [PSYoungGen: 1527140K->868K(1462144K)] 1812003K->286115K(2149120K), 0.0159410 secs] [Times: user=0.05 sys=0.00, real=0.01 secs] 
2014-07-08T08:48:57.444+0000: 2742.994: [GC [PSYoungGen: 1462116K->736K(1399936K)] 1747363K->286214K(2086912K), 0.0177220 secs] [Times: user=0.06 sys=0.01, real=0.02 secs] 
2014-07-08T08:49:00.328+0000: 2745.878: [GC [PSYoungGen: 1399904K->914K(1341056K)] 1685382K->286505K(2028032K), 0.0318160 secs] [Times: user=0.11 sys=0.00, real=0.03 secs] 
2014-07-08T08:49:02.878+0000: 2748.427: [GC [PSYoungGen: 1341010K->480K(1284416K)] 1626601K->286302K(1971392K), 0.0108520 secs] [Times: user=0.04 sys=0.00, real=0.01 secs] 
2014-07-08T08:49:05.619+0000: 2751.169: [GC [PSYoungGen: 1284384K->416K(1230912K)] 1570206K->286454K(1917888K), 0.0143820 secs] [Times: user=0.05 sys=0.01, real=0.02 secs] 
2014-07-08T08:49:07.861+0000: 2753.410: [GC [PSYoungGen: 1230880K->288K(1179968K)] 1516918K->286526K(1866944K), 0.0048940 secs] [Times: user=0.02 sys=0.00, real=0.01 secs] 
2014-07-08T08:49:10.312+0000: 2755.861: [GC [PSYoungGen: 1179936K->832K(1132096K)] 1466174K->287134K(1819072K), 0.0054300 secs] [Times: user=0.02 sys=0.00, real=0.01 secs] 
2014-07-08T08:49:12.468+0000: 2758.017: [GC [PSYoungGen: 1132096K->868K(1086144K)] 1418398K->287339K(1773120K), 0.0183950 secs] [Times: user=0.06 sys=0.00, real=0.02 secs] 
2014-07-08T08:49:14.596+0000: 2760.146: [GC [PSYoungGen: 1086116K->754K(1042176K)] 1372587K->287417K(1729152K), 0.0397660 secs] [Times: user=0.15 sys=0.00, real=0.04 secs] 
2014-07-08T08:49:16.611+0000: 2762.161: [GC [PSYoungGen: 1042162K->384K(1000064K)] 1328825K->287230K(1687040K), 0.0089270 secs] [Times: user=0.03 sys=0.00, real=0.01 secs] 
2014-07-08T08:49:18.503+0000: 2764.052: [GC [PSYoungGen: 1000064K->480K(960512K)] 1286910K->287430K(1647488K), 0.0165800 secs] [Times: user=0.06 sys=0.00, real=0.02 secs] 
2014-07-08T08:49:20.585+0000: 2766.135: [GC [PSYoungGen: 960480K->1152K(923328K)] 1247430K->288174K(1610304K), 0.0087380 secs] [Times: user=0.02 sys=0.00, real=0.01 secs] 
2014-07-08T08:49:22.367+0000: 2767.917: [GC [PSYoungGen: 923328K->864K(887040K)] 1210350K->288062K(1574016K), 0.0057240 secs] [Times: user=0.01 sys=0.00, real=0.00 secs] 
2014-07-08T08:49:23.975+0000: 2769.524: [GC [PSYoungGen: 887008K->320K(1063744K)] 1174206K->287726K(1750720K), 0.0410050 secs] [Times: user=0.13 sys=0.00, real=0.04 secs] 
2014-07-08T08:49:26.297+0000: 2771.847: [GC [PSYoungGen: 1063744K->900K(1277120K)] 1351150K->288451K(1964096K), 0.0253040 secs] [Times: user=0.08 sys=0.00, real=0.02 secs] 
2014-07-08T08:49:28.735+0000: 2774.284: [GC [PSYoungGen: 1277060K->224K(1223360K)] 1564611K->287942K(1910336K), 0.0047730 secs] [Times: user=0.01 sys=0.00, real=0.01 secs] 
2014-07-08T08:49:31.276+0000: 2776.825: [GC [PSYoungGen: 1223328K->754K(1173376K)] 1511046K->288569K(1860352K), 0.0079660 secs] [Times: user=0.01 sys=0.00, real=0.01 secs] 
2014-07-08T08:49:33.513+0000: 2779.063: [GC [PSYoungGen: 1173362K->320K(1124864K)] 1461177K->288366K(1811840K), 0.0307470 secs] [Times: user=0.12 sys=0.00, real=0.03 secs] 
2014-07-08T08:49:35.850+0000: 2781.400: [GC [PSYoungGen: 1124846K->516K(1079424K)] 1412893K->288715K(1766400K), 0.0049550 secs] [Times: user=0.01 sys=0.00, real=0.00 secs] 
2014-07-08T08:49:37.850+0000: 2783.400: [GC [PSYoungGen: 1079364K->438K(1035776K)] 1367563K->288805K(1722752K), 0.0252660 secs] [Times: user=0.10 sys=0.00, real=0.02 secs] 
2014-07-08T08:49:39.963+0000: 2785.513: [GC [PSYoungGen: 1035766K->452K(994432K)] 1324133K->288883K(1681408K), 0.0085990 secs] [Times: user=0.04 sys=0.00, real=0.01 secs] 
2014-07-08T08:49:41.930+0000: 2787.480: [GC [PSYoungGen: 994369K->384K(954880K)] 1282800K->288942K(1641856K), 0.0280810 secs] [Times: user=0.10 sys=0.00, real=0.03 secs] 
2014-07-08T08:49:43.800+0000: 2789.349: [GC [PSYoungGen: 954880K->288K(917248K)] 1243438K->289046K(1604224K), 0.0217000 secs] [Times: user=0.08 sys=0.00, real=0.02 secs] 
2014-07-08T08:49:45.783+0000: 2791.333: [GC [PSYoungGen: 917216K->256K(881408K)] 1205974K->289142K(1568384K), 0.0209090 secs] [Times: user=0.07 sys=0.00, real=0.02 secs] 
2014-07-08T08:49:47.460+0000: 2793.010: [GC [PSYoungGen: 881335K->306K(847424K)] 1170222K->289345K(1534400K), 0.0065590 secs] [Times: user=0.01 sys=0.00, real=0.00 secs] 
2014-07-08T08:49:49.004+0000: 2794.553: [GC [PSYoungGen: 847410K->288K(814976K)] 1136449K->289390K(1501952K), 0.0036190 secs] [Times: user=0.01 sys=0.00, real=0.00 secs] 
2014-07-08T08:49:50.760+0000: 2796.310: [GC [PSYoungGen: 814930K->448K(784192K)] 1104033K->289606K(1471168K), 0.0131260 secs] [Times: user=0.03 sys=0.00, real=0.01 secs] 
2014-07-08T08:49:52.182+0000: 2797.731: [GC [PSYoungGen: 784192K->562K(754880K)] 1073350K->289905K(1441856K), 0.0054890 secs] [Times: user=0.02 sys=0.00, real=0.00 secs] 
2014-07-08T08:49:53.630+0000: 2799.179: [GC [PSYoungGen: 754866K->402K(726656K)] 1044209K->289857K(1413632K), 0.0167670 secs] [Times: user=0.06 sys=0.00, real=0.01 secs] 
2014-07-08T08:49:55.144+0000: 2800.693: [GC [PSYoungGen: 726610K->662K(700160K)] 1016065K->290221K(1387136K), 0.0050730 secs] [Times: user=0.01 sys=0.00, real=0.01 secs] 
2014-07-08T08:49:56.611+0000: 2802.160: [GC [PSYoungGen: 700031K->320K(674240K)] 989590K->289998K(1361216K), 0.0047410 secs] [Times: user=0.01 sys=0.00, real=0.00 secs] 
2014-07-08T08:49:57.877+0000: 2803.426: [GC [PSYoungGen: 674240K->320K(649920K)] 963918K->290110K(1336896K), 0.0092940 secs] [Times: user=0.03 sys=0.01, real=0.01 secs] 
2014-07-08T08:49:59.241+0000: 2804.791: [GC [PSYoungGen: 649920K->918K(627328K)] 939710K->290765K(1314304K), 0.0300650 secs] [Times: user=0.10 sys=0.00, real=0.03 secs] 
2014-07-08T08:50:00.602+0000: 2806.151: [GC [PSYoungGen: 627218K->384K(604608K)] 917065K->290294K(1291584K), 0.0086800 secs] [Times: user=0.02 sys=0.00, real=0.01 secs] 
2014-07-08T08:50:01.758+0000: 2807.308: [GC [PSYoungGen: 604608K->466K(725632K)] 894518K->290585K(1412608K), 0.0250200 secs] [Times: user=0.09 sys=0.01, real=0.03 secs] 
2014-07-08T08:50:03.123+0000: 2808.673: [GC [PSYoungGen: 725586K->512K(870656K)] 1015705K->290758K(1557632K), 0.0191410 secs] [Times: user=0.06 sys=0.00, real=0.02 secs] 
2014-07-08T08:50:04.889+0000: 2810.439: [GC [PSYoungGen: 870651K->402K(1044672K)] 1160898K->290737K(1731648K), 0.0333450 secs] [Times: user=0.13 sys=0.00, real=0.04 secs] 
2014-07-08T08:50:06.947+0000: 2812.496: [GC [PSYoungGen: 1044626K->288K(1253440K)] 1334961K->290766K(1940416K), 0.0058750 secs] [Times: user=0.01 sys=0.00, real=0.01 secs] 
2014-07-08T08:50:09.411+0000: 2814.960: [GC [PSYoungGen: 1253408K->946K(1504704K)] 1543886K->291545K(2191680K), 0.0300480 secs] [Times: user=0.11 sys=0.00, real=0.03 secs] 
2014-07-08T08:50:12.286+0000: 2817.835: [GC [PSYoungGen: 1504690K->640K(1440256K)] 1795289K->291342K(2127232K), 0.0094690 secs] [Times: user=0.03 sys=0.00, real=0.01 secs] 
2014-07-08T08:50:15.107+0000: 2820.656: [GC [PSYoungGen: 1440256K->768K(1379392K)] 1730958K->291766K(2066368K), 0.0108310 secs] [Times: user=0.03 sys=0.00, real=0.01 secs] 
2014-07-08T08:50:17.805+0000: 2823.354: [GC [PSYoungGen: 1379392K->352K(1320960K)] 1670390K->291542K(2007936K), 0.0114020 secs] [Times: user=0.03 sys=0.00, real=0.01 secs] 
2014-07-08T08:50:20.430+0000: 2825.979: [GC [PSYoungGen: 1320928K->352K(1265728K)] 1612118K->291678K(1952704K), 0.0202660 secs] [Times: user=0.08 sys=0.00, real=0.02 secs] 
2014-07-08T08:50:22.859+0000: 2828.408: [GC [PSYoungGen: 1265696K->690K(1213504K)] 1557022K->292193K(1900480K), 0.0049710 secs] [Times: user=0.02 sys=0.00, real=0.01 secs] 
2014-07-08T08:50:25.413+0000: 2830.962: [GC [PSYoungGen: 1213490K->1188K(1164032K)] 1504993K->292931K(1851008K), 0.0292280 secs] [Times: user=0.11 sys=0.00, real=0.03 secs] 
2014-07-08T08:50:27.687+0000: 2833.237: [GC [PSYoungGen: 1164004K->338K(1115648K)] 1455747K->292289K(1802624K), 0.0220870 secs] [Times: user=0.08 sys=0.00, real=0.02 secs] 
2014-07-08T08:50:29.908+0000: 2835.457: [GC [PSYoungGen: 1115545K->470K(1070528K)] 1407496K->292533K(1757504K), 0.0248180 secs] [Times: user=0.10 sys=0.00, real=0.02 secs] 
2014-07-08T08:50:31.994+0000: 2837.544: [GC [PSYoungGen: 1070486K->352K(1027328K)] 1362549K->292542K(1714304K), 0.0062520 secs] [Times: user=0.01 sys=0.00, real=0.01 secs] 
2014-07-08T08:50:34.026+0000: 2839.576: [GC [PSYoungGen: 1027296K->416K(986368K)] 1319486K->292814K(1673344K), 0.0251220 secs] [Times: user=0.09 sys=0.00, real=0.02 secs] 
2014-07-08T08:50:35.911+0000: 2841.461: [GC [PSYoungGen: 986336K->288K(947200K)] 1278734K->292838K(1634176K), 0.0044740 secs] [Times: user=0.02 sys=0.00, real=0.01 secs] 
2014-07-08T08:50:37.778+0000: 2843.327: [GC [PSYoungGen: 947168K->548K(910272K)] 1239718K->293251K(1597248K), 0.0255260 secs] [Times: user=0.09 sys=0.01, real=0.02 secs] 
2014-07-08T08:50:39.657+0000: 2845.206: [GC [PSYoungGen: 910239K->288K(874624K)] 1202942K->293086K(1561600K), 0.0091020 secs] [Times: user=0.03 sys=0.00, real=0.00 secs] 
2014-07-08T08:50:41.305+0000: 2846.855: [GC [PSYoungGen: 874592K->608K(841216K)] 1167390K->293518K(1528192K), 0.0200740 secs] [Times: user=0.07 sys=0.00, real=0.02 secs] 
2014-07-08T08:50:42.976+0000: 2848.526: [GC [PSYoungGen: 841184K->352K(1009088K)] 1134094K->293398K(1696064K), 0.0331700 secs] [Times: user=0.13 sys=0.00, real=0.03 secs] 
2014-07-08T08:50:44.998+0000: 2850.548: [GC [PSYoungGen: 1009056K->576K(969152K)] 1302102K->293774K(1656128K), 0.0076240 secs] [Times: user=0.02 sys=0.00, real=0.00 secs] 
2014-07-08T08:50:46.854+0000: 2852.404: [GC [PSYoungGen: 969152K->192K(930560K)] 1262350K->293550K(1617536K), 0.0060770 secs] [Times: user=0.01 sys=0.01, real=0.01 secs] 
2014-07-08T08:50:48.666+0000: 2854.215: [GC [PSYoungGen: 930560K->338K(894336K)] 1223918K->293785K(1581312K), 0.0109060 secs] [Times: user=0.03 sys=0.00, real=0.01 secs] 
2014-07-08T08:50:50.474+0000: 2856.023: [GC [PSYoungGen: 894289K->608K(859904K)] 1187736K->294126K(1546880K), 0.0059500 secs] [Times: user=0.01 sys=0.00, real=0.01 secs] 
2014-07-08T08:50:52.177+0000: 2857.726: [GC [PSYoungGen: 859872K->772K(827072K)] 1153390K->294451K(1514048K), 0.0249390 secs] [Times: user=0.09 sys=0.00, real=0.03 secs] 
2014-07-08T08:50:53.887+0000: 2859.436: [GC [PSYoungGen: 827009K->640K(795392K)] 1120688K->294494K(1482368K), 0.0182440 secs] [Times: user=0.06 sys=0.00, real=0.02 secs] 
2014-07-08T08:50:55.581+0000: 2861.130: [GC [PSYoungGen: 795392K->420K(765248K)] 1089246K->294403K(1452224K), 0.0075470 secs] [Times: user=0.02 sys=0.00, real=0.01 secs] 
2014-07-08T08:50:57.151+0000: 2862.701: [GC [PSYoungGen: 765163K->854K(737152K)] 1059146K->294997K(1424128K), 0.0208520 secs] [Times: user=0.07 sys=0.00, real=0.02 secs] 
2014-07-08T08:50:58.731+0000: 2864.280: [GC [PSYoungGen: 737110K->480K(884032K)] 1031253K->294718K(1571008K), 0.0213000 secs] [Times: user=0.08 sys=0.00, real=0.02 secs] 
2014-07-08T08:51:00.505+0000: 2866.054: [GC [PSYoungGen: 884000K->662K(850048K)] 1178238K->294989K(1537024K), 0.0107770 secs] [Times: user=0.04 sys=0.00, real=0.01 secs] 
2014-07-08T08:51:02.099+0000: 2867.649: [GC [PSYoungGen: 849955K->512K(817280K)] 1144282K->294990K(1504256K), 0.0163660 secs] [Times: user=0.06 sys=0.00, real=0.01 secs] 
2014-07-08T08:51:03.824+0000: 2869.374: [GC [PSYoungGen: 817276K->612K(980800K)] 1111755K->295219K(1667776K), 0.0413590 secs] [Times: user=0.15 sys=0.00, real=0.04 secs] 
2014-07-08T08:51:05.705+0000: 2871.255: [GC [PSYoungGen: 980772K->338K(1176576K)] 1275379K->295105K(1863552K), 0.0062480 secs] [Times: user=0.02 sys=0.01, real=0.01 secs] 
2014-07-08T08:51:07.971+0000: 2873.521: [GC [PSYoungGen: 1176530K->584K(1128640K)] 1471297K->295479K(1815616K), 0.0109930 secs] [Times: user=0.02 sys=0.01, real=0.01 secs] 
2014-07-08T08:51:10.219+0000: 2875.768: [GC [PSYoungGen: 1128584K->480K(1082624K)] 1423479K->295462K(1769600K), 0.0055310 secs] [Times: user=0.02 sys=0.00, real=0.01 secs] 
2014-07-08T08:51:12.416+0000: 2877.966: [GC [PSYoungGen: 1082592K->914K(1039424K)] 1377574K->296065K(1726400K), 0.0093480 secs] [Times: user=0.02 sys=0.00, real=0.01 secs] 
2014-07-08T08:51:14.464+0000: 2880.014: [GC [PSYoungGen: 1039378K->498K(997440K)] 1334529K->296041K(1684416K), 0.0051350 secs] [Times: user=0.02 sys=0.00, real=0.00 secs] 
2014-07-08T08:51:16.246+0000: 2881.795: [GC [PSYoungGen: 997426K->640K(958016K)] 1292969K->296350K(1644992K), 0.0246960 secs] [Times: user=0.09 sys=0.00, real=0.02 secs] 
2014-07-08T08:51:18.307+0000: 2883.857: [GC [PSYoungGen: 957945K->548K(920256K)] 1253656K->296363K(1607232K), 0.0290390 secs] [Times: user=0.10 sys=0.00, real=0.03 secs] 
2014-07-08T08:51:19.970+0000: 2885.520: [GC [PSYoungGen: 920228K->384K(884160K)] 1216043K->296326K(1571136K), 0.0152880 secs] [Times: user=0.06 sys=0.00, real=0.02 secs] 
2014-07-08T08:51:21.707+0000: 2887.257: [GC [PSYoungGen: 884160K->352K(849984K)] 1180102K->296382K(1536960K), 0.0182390 secs] [Times: user=0.06 sys=0.00, real=0.02 secs] 
2014-07-08T08:51:23.663+0000: 2889.212: [GC [PSYoungGen: 849952K->512K(817536K)] 1145982K->296710K(1504512K), 0.0044630 secs] [Times: user=0.02 sys=0.00, real=0.00 secs] 
2014-07-08T08:51:25.173+0000: 2890.722: [GC [PSYoungGen: 817536K->576K(786560K)] 1113734K->297022K(1473536K), 0.0056910 secs] [Times: user=0.02 sys=0.00, real=0.01 secs] 
2014-07-08T08:51:26.723+0000: 2892.272: [GC [PSYoungGen: 786560K->306K(756736K)] 1083006K->296825K(1443712K), 0.0190920 secs] [Times: user=0.07 sys=0.00, real=0.02 secs] 
2014-07-08T08:51:28.396+0000: 2893.946: [GC [PSYoungGen: 756722K->548K(728832K)] 1053241K->297147K(1415808K), 0.0145400 secs] [Times: user=0.04 sys=0.00, real=0.01 secs] 
2014-07-08T08:51:29.719+0000: 2895.268: [GC [PSYoungGen: 728804K->384K(701760K)] 1025403K->297094K(1388736K), 0.0132740 secs] [Times: user=0.04 sys=0.00, real=0.01 secs] 
2014-07-08T08:51:31.057+0000: 2896.607: [GC [PSYoungGen: 701760K->420K(676224K)] 998470K->297203K(1363200K), 0.0179830 secs] [Times: user=0.07 sys=0.00, real=0.02 secs] 
2014-07-08T08:51:32.484+0000: 2898.034: [GC [PSYoungGen: 676196K->886K(652224K)] 972979K->297877K(1339200K), 0.0078990 secs] [Times: user=0.02 sys=0.01, real=0.00 secs] 
2014-07-08T08:51:33.799+0000: 2899.349: [GC [PSYoungGen: 652214K->402K(628480K)] 949205K->297537K(1315456K), 0.0047570 secs] [Times: user=0.02 sys=0.00, real=0.01 secs] 
2014-07-08T08:51:34.999+0000: 2900.548: [GC [PSYoungGen: 628434K->502K(606336K)] 925569K->297797K(1293312K), 0.0110880 secs] [Times: user=0.04 sys=0.00, real=0.01 secs] 
2014-07-08T08:51:36.140+0000: 2901.689: [GC [PSYoungGen: 606270K->996K(585600K)] 903565K->298443K(1272576K), 0.0151120 secs] [Times: user=0.05 sys=0.01, real=0.02 secs] 
2014-07-08T08:51:37.472+0000: 2903.021: [GC [PSYoungGen: 585572K->1170K(565568K)] 883019K->298673K(1252544K), 0.0083000 secs] [Times: user=0.02 sys=0.00, real=0.01 secs] 
2014-07-08T08:51:38.613+0000: 2904.162: [GC [PSYoungGen: 565517K->256K(545280K)] 863020K->297937K(1232256K), 0.0105390 secs] [Times: user=0.03 sys=0.00, real=0.01 secs] 
2014-07-08T08:51:39.636+0000: 2905.186: [GC [PSYoungGen: 545280K->352K(654464K)] 842961K->298145K(1341440K), 0.0450420 secs] [Times: user=0.15 sys=0.00, real=0.04 secs] 
2014-07-08T08:51:40.902+0000: 2906.452: [GC [PSYoungGen: 654429K->370K(785280K)] 952222K->298211K(1472256K), 0.0063280 secs] [Times: user=0.01 sys=0.00, real=0.01 secs] 
2014-07-08T08:51:42.678+0000: 2908.227: [GC [PSYoungGen: 785266K->1138K(943040K)] 1083107K->299115K(1630016K), 0.0051030 secs] [Times: user=0.02 sys=0.00, real=0.00 secs] 
2014-07-08T08:51:44.520+0000: 2910.070: [GC [PSYoungGen: 943026K->352K(1130688K)] 1241003K->298505K(1817664K), 0.0476630 secs] [Times: user=0.16 sys=0.00, real=0.05 secs] 
2014-07-08T08:51:46.681+0000: 2912.230: [GC [PSYoungGen: 1130656K->352K(1356800K)] 1428809K->298673K(2043776K), 0.0145400 secs] [Times: user=0.04 sys=0.00, real=0.01 secs] 
2014-07-08T08:51:49.513+0000: 2915.062: [GC [PSYoungGen: 1356755K->736K(1547968K)] 1655076K->299145K(2234944K), 0.0060750 secs] [Times: user=0.02 sys=0.01, real=0.01 secs] 
2014-07-08T08:51:52.550+0000: 2918.099: [GC [PSYoungGen: 1547360K->1280K(1481664K)] 1845769K->299825K(2168640K), 0.0075170 secs] [Times: user=0.02 sys=0.01, real=0.01 secs] 
2014-07-08T08:51:55.597+0000: 2921.146: [GC [PSYoungGen: 1481664K->128K(1417472K)] 1780209K->299161K(2104448K), 0.0042960 secs] [Times: user=0.02 sys=0.00, real=0.00 secs] 
2014-07-08T08:51:58.561+0000: 2924.110: [GC [PSYoungGen: 1417472K->420K(1358912K)] 1716505K->299581K(2045888K), 0.0230470 secs] [Times: user=0.09 sys=0.00, real=0.02 secs] 
2014-07-08T08:52:01.182+0000: 2926.731: [GC [PSYoungGen: 1357860K->786K(1301248K)] 1657021K->300123K(1988224K), 0.0072900 secs] [Times: user=0.02 sys=0.01, real=0.01 secs] 
2014-07-08T08:52:03.880+0000: 2929.429: [GC [PSYoungGen: 1301202K->612K(1246848K)] 1600539K->300125K(1933824K), 0.0140250 secs] [Times: user=0.06 sys=0.00, real=0.01 secs] 
2014-07-08T08:52:06.421+0000: 2931.970: [GC [PSYoungGen: 1246820K->914K(1195584K)] 1546333K->300659K(1882560K), 0.0050410 secs] [Times: user=0.02 sys=0.00, real=0.00 secs] 
2014-07-08T08:52:08.893+0000: 2934.443: [GC [PSYoungGen: 1195538K->224K(1145792K)] 1495283K->300073K(1832768K), 0.0194940 secs] [Times: user=0.07 sys=0.00, real=0.02 secs] 
2014-07-08T08:52:11.240+0000: 2936.790: [GC [PSYoungGen: 1145760K->594K(1099456K)] 1445609K->300579K(1786432K), 0.0071650 secs] [Times: user=0.02 sys=0.00, real=0.00 secs] 
2014-07-08T08:52:13.655+0000: 2939.205: [GC [PSYoungGen: 1099410K->448K(1054784K)] 1399395K->300601K(1741760K), 0.0064450 secs] [Times: user=0.02 sys=0.00, real=0.01 secs] 
2014-07-08T08:52:15.718+0000: 2941.267: [GC [PSYoungGen: 1054784K->288K(1012352K)] 1354937K->300681K(1699328K), 0.0180010 secs] [Times: user=0.06 sys=0.00, real=0.02 secs] 
2014-07-08T08:52:17.912+0000: 2943.461: [GC [PSYoungGen: 1012320K->1242K(972992K)] 1312713K->301739K(1659968K), 0.0198460 secs] [Times: user=0.07 sys=0.00, real=0.02 secs] 
2014-07-08T08:52:19.853+0000: 2945.402: [GC [PSYoungGen: 972954K->452K(933824K)] 1273451K->301069K(1620800K), 0.0255720 secs] [Times: user=0.09 sys=0.00, real=0.02 secs] 
2014-07-08T08:52:21.810+0000: 2947.359: [GC [PSYoungGen: 933764K->448K(897216K)] 1234381K->301185K(1584192K), 0.0305860 secs] [Times: user=0.10 sys=0.00, real=0.03 secs] 
2014-07-08T08:52:23.810+0000: 2949.360: [GC [PSYoungGen: 897216K->480K(862464K)] 1197953K->301401K(1549440K), 0.0182730 secs] [Times: user=0.06 sys=0.00, real=0.02 secs] 
2014-07-08T08:52:25.634+0000: 2951.183: [GC [PSYoungGen: 862432K->256K(829056K)] 1163353K->301393K(1516032K), 0.0046060 secs] [Times: user=0.02 sys=0.00, real=0.00 secs] 
2014-07-08T08:52:27.401+0000: 2952.950: [GC [PSYoungGen: 829056K->544K(797824K)] 1130193K->301785K(1484800K), 0.0059570 secs] [Times: user=0.02 sys=0.00, real=0.01 secs] 
2014-07-08T08:52:29.101+0000: 2954.651: [GC [PSYoungGen: 797792K->416K(767616K)] 1099033K->301721K(1454592K), 0.0117720 secs] [Times: user=0.05 sys=0.00, real=0.02 secs] 
2014-07-08T08:52:30.721+0000: 2956.270: [GC [PSYoungGen: 767513K->388K(738944K)] 1068818K->301781K(1425920K), 0.0217840 secs] [Times: user=0.08 sys=0.00, real=0.02 secs] 
2014-07-08T08:52:32.295+0000: 2957.844: [GC [PSYoungGen: 738884K->640K(711808K)] 1040277K->302201K(1398784K), 0.0226620 secs] [Times: user=0.08 sys=0.00, real=0.02 secs] 
2014-07-08T08:52:33.833+0000: 2959.382: [GC [PSYoungGen: 711808K->466K(853952K)] 1013369K->302171K(1540928K), 0.0165810 secs] [Times: user=0.05 sys=0.00, real=0.02 secs] 
2014-07-08T08:52:35.656+0000: 2961.206: [GC [PSYoungGen: 853906K->352K(1024512K)] 1155611K->302217K(1711488K), 0.0462880 secs] [Times: user=0.15 sys=0.00, real=0.04 secs] 
2014-07-08T08:52:37.869+0000: 2963.418: [GC [PSYoungGen: 1024399K->384K(1229376K)] 1326264K->302369K(1916352K), 0.0110280 secs] [Times: user=0.04 sys=0.00, real=0.01 secs] 
2014-07-08T08:52:40.491+0000: 2966.040: [GC [PSYoungGen: 1229376K->548K(1178816K)] 1531361K->302621K(1865792K), 0.0054490 secs] [Times: user=0.01 sys=0.00, real=0.01 secs] 
2014-07-08T08:52:42.923+0000: 2968.472: [GC [PSYoungGen: 1178788K->320K(1130240K)] 1480861K->302577K(1817216K), 0.0061300 secs] [Times: user=0.02 sys=0.00, real=0.01 secs] 
2014-07-08T08:52:45.377+0000: 2970.927: [GC [PSYoungGen: 1130240K->722K(1084736K)] 1432497K->303115K(1771712K), 0.0064800 secs] [Times: user=0.02 sys=0.01, real=0.00 secs] 
2014-07-08T08:52:47.677+0000: 2973.226: [GC [PSYoungGen: 1084690K->224K(1040448K)] 1387083K->302809K(1727424K), 0.0071740 secs] [Times: user=0.01 sys=0.00, real=0.00 secs] 
2014-07-08T08:52:49.870+0000: 2975.420: [GC [PSYoungGen: 1040416K->470K(999040K)] 1343001K->303175K(1686016K), 0.0195290 secs] [Times: user=0.07 sys=0.00, real=0.02 secs] 
2014-07-08T08:52:51.982+0000: 2977.532: [GC [PSYoungGen: 998904K->420K(959296K)] 1301609K->303213K(1646272K), 0.0265620 secs] [Times: user=0.09 sys=0.00, real=0.03 secs] 
2014-07-08T08:52:54.144+0000: 2979.694: [GC [PSYoungGen: 959268K->640K(921728K)] 1262061K->303609K(1608704K), 0.0297280 secs] [Times: user=0.11 sys=0.00, real=0.03 secs] 
2014-07-08T08:52:56.033+0000: 2981.582: [GC [PSYoungGen: 921728K->256K(885376K)] 1224697K->303417K(1572352K), 0.0052870 secs] [Times: user=0.02 sys=0.00, real=0.01 secs] 
2014-07-08T08:52:57.892+0000: 2983.441: [GC [PSYoungGen: 885376K->224K(851136K)] 1188537K->303513K(1538112K), 0.0202890 secs] [Times: user=0.08 sys=0.01, real=0.02 secs] 
2014-07-08T08:52:59.737+0000: 2985.286: [GC [PSYoungGen: 851104K->356K(818624K)] 1154393K->303717K(1505600K), 0.0055870 secs] [Times: user=0.02 sys=0.00, real=0.01 secs] 
2014-07-08T08:53:01.502+0000: 2987.052: [GC [PSYoungGen: 818596K->758K(787904K)] 1121957K->304247K(1474880K), 0.0218140 secs] [Times: user=0.08 sys=0.00, real=0.02 secs] 
2014-07-08T08:53:03.110+0000: 2988.660: [GC [PSYoungGen: 787894K->356K(944960K)] 1091383K->304005K(1631936K), 0.0265300 secs] [Times: user=0.10 sys=0.00, real=0.02 secs] 
2014-07-08T08:53:05.159+0000: 2990.708: [GC [PSYoungGen: 944932K->448K(1133952K)] 1248581K->304185K(1820928K), 0.0272240 secs] [Times: user=0.10 sys=0.00, real=0.02 secs] 
2014-07-08T08:53:07.588+0000: 2993.138: [GC [PSYoungGen: 1133946K->288K(1087680K)] 1437683K->304201K(1774656K), 0.0159030 secs] [Times: user=0.06 sys=0.00, real=0.01 secs] 
2014-07-08T08:53:09.889+0000: 2995.438: [GC [PSYoungGen: 1087616K->438K(1305280K)] 1391529K->304439K(1992256K), 0.0346000 secs] [Times: user=0.12 sys=0.00, real=0.04 secs] 
2014-07-08T08:53:12.655+0000: 2998.204: [GC [PSYoungGen: 1305270K->512K(1529216K)] 1609271K->304673K(2216192K), 0.0299160 secs] [Times: user=0.11 sys=0.00, real=0.03 secs] 
2014-07-08T08:53:15.920+0000: 3001.470: [GC [PSYoungGen: 1528896K->384K(1463424K)] 1833057K->304761K(2150400K), 0.0134860 secs] [Times: user=0.04 sys=0.00, real=0.01 secs] 
2014-07-08T08:53:19.106+0000: 3004.655: [GC [PSYoungGen: 1463424K->352K(1401280K)] 1767801K->304929K(2088256K), 0.0167690 secs] [Times: user=0.06 sys=0.00, real=0.02 secs] 
2014-07-08T08:53:22.079+0000: 3007.628: [GC [PSYoungGen: 1401248K->370K(1342144K)] 1705825K->305083K(2029120K), 0.0138090 secs] [Times: user=0.05 sys=0.00, real=0.02 secs] 
2014-07-08T08:53:25.017+0000: 3010.566: [GC [PSYoungGen: 1342119K->630K(1286144K)] 1646832K->305559K(1973120K), 0.0168240 secs] [Times: user=0.06 sys=0.00, real=0.02 secs] 
2014-07-08T08:53:27.853+0000: 3013.403: [GC [PSYoungGen: 1286134K->320K(1232320K)] 1591063K->305481K(1919296K), 0.0110030 secs] [Times: user=0.04 sys=0.00, real=0.01 secs] 
2014-07-08T08:53:30.571+0000: 3016.121: [GC [PSYoungGen: 1232320K->480K(1181632K)] 1537481K->305809K(1868608K), 0.0132500 secs] [Times: user=0.05 sys=0.00, real=0.02 secs] 
2014-07-08T08:53:33.162+0000: 3018.712: [GC [PSYoungGen: 1181600K->594K(1133312K)] 1486929K->306139K(1820288K), 0.0179070 secs] [Times: user=0.06 sys=0.00, real=0.01 secs] 
2014-07-08T08:53:35.644+0000: 3021.194: [GC [PSYoungGen: 1133266K->448K(1087040K)] 1438811K->306177K(1774016K), 0.0283810 secs] [Times: user=0.10 sys=0.00, real=0.02 secs] 
2014-07-08T08:53:38.026+0000: 3023.575: [GC [PSYoungGen: 1087040K->160K(1042880K)] 1392769K->306081K(1729856K), 0.0062190 secs] [Times: user=0.02 sys=0.00, real=0.00 secs] 
2014-07-08T08:53:40.434+0000: 3025.984: [GC [PSYoungGen: 1042809K->868K(1001792K)] 1348730K->306997K(1688768K), 0.0192980 secs] [Times: user=0.06 sys=0.01, real=0.02 secs] 
2014-07-08T08:53:42.576+0000: 3028.125: [GC [PSYoungGen: 1001764K->882K(962048K)] 1307893K->307195K(1649024K), 0.0216120 secs] [Times: user=0.07 sys=0.00, real=0.02 secs] 
2014-07-08T08:53:44.828+0000: 3030.377: [GC [PSYoungGen: 962034K->420K(923712K)] 1268347K->307325K(1610688K), 0.0334700 secs] [Times: user=0.13 sys=0.00, real=0.03 secs] 
2014-07-08T08:53:46.676+0000: 3032.225: [GC [PSYoungGen: 923684K->480K(887744K)] 1230589K->307569K(1574720K), 0.0154060 secs] [Times: user=0.04 sys=0.00, real=0.01 secs] 
2014-07-08T08:53:48.650+0000: 3034.200: [GC [PSYoungGen: 887712K->224K(853120K)] 1194801K->307497K(1540096K), 0.0048390 secs] [Times: user=0.02 sys=0.01, real=0.01 secs] 
2014-07-08T08:53:50.621+0000: 3036.170: [GC [PSYoungGen: 853087K->448K(820608K)] 1160360K->307817K(1507584K), 0.0240000 secs] [Times: user=0.09 sys=0.00, real=0.02 secs] 
2014-07-08T08:53:52.312+0000: 3037.861: [GC [PSYoungGen: 820608K->736K(789760K)] 1127977K->308321K(1476736K), 0.0089820 secs] [Times: user=0.03 sys=0.00, real=0.01 secs] 
2014-07-08T08:53:54.031+0000: 3039.580: [GC [PSYoungGen: 789728K->192K(759488K)] 1097313K->307889K(1446464K), 0.0058700 secs] [Times: user=0.01 sys=0.01, real=0.01 secs] 
2014-07-08T08:53:55.854+0000: 3041.403: [GC [PSYoungGen: 759488K->498K(731520K)] 1067185K->308315K(1418496K), 0.0305130 secs] [Times: user=0.11 sys=0.00, real=0.03 secs] 
2014-07-08T08:53:57.315+0000: 3042.864: [GC [PSYoungGen: 731506K->320K(877568K)] 1039323K->308321K(1564544K), 0.0191480 secs] [Times: user=0.06 sys=0.00, real=0.02 secs] 
2014-07-08T08:53:59.248+0000: 3044.797: [GC [PSYoungGen: 877514K->776K(844224K)] 1185515K->308833K(1531200K), 0.0173000 secs] [Times: user=0.06 sys=0.00, real=0.01 secs] 
2014-07-08T08:54:01.087+0000: 3046.636: [GC [PSYoungGen: 844168K->320K(1012416K)] 1152225K->308433K(1699392K), 0.0254470 secs] [Times: user=0.09 sys=0.00, real=0.03 secs] 
2014-07-08T08:54:03.348+0000: 3048.898: [GC [PSYoungGen: 1012416K->576K(1215104K)] 1320529K->308905K(1902080K), 0.0286360 secs] [Times: user=0.11 sys=0.00, real=0.03 secs] 
2014-07-08T08:54:06.004+0000: 3051.554: [GC [PSYoungGen: 1215104K->384K(1164864K)] 1523433K->308881K(1851840K), 0.0128850 secs] [Times: user=0.04 sys=0.00, real=0.02 secs] 
2014-07-08T08:54:08.568+0000: 3054.117: [GC [PSYoungGen: 1164864K->352K(1117248K)] 1473361K->309017K(1804224K), 0.0173770 secs] [Times: user=0.06 sys=0.00, real=0.02 secs] 
2014-07-08T08:54:11.005+0000: 3056.555: [GC [PSYoungGen: 1117216K->434K(1072000K)] 1425881K->309187K(1758976K), 0.0199650 secs] [Times: user=0.07 sys=0.00, real=0.02 secs] 
2014-07-08T08:54:13.431+0000: 3058.980: [GC [PSYoungGen: 1071906K->950K(1029376K)] 1380659K->310063K(1716352K), 0.0159520 secs] [Times: user=0.07 sys=0.00, real=0.01 secs] 
2014-07-08T08:54:15.687+0000: 3061.236: [GC [PSYoungGen: 1029366K->530K(987904K)] 1338479K->309811K(1674880K), 0.0084850 secs] [Times: user=0.02 sys=0.00, real=0.01 secs] 
2014-07-08T08:54:17.816+0000: 3063.365: [GC [PSYoungGen: 987777K->370K(948608K)] 1297058K->309827K(1635584K), 0.0059970 secs] [Times: user=0.01 sys=0.00, real=0.01 secs] 
2014-07-08T08:54:19.912+0000: 3065.462: [GC [PSYoungGen: 948594K->320K(911296K)] 1258051K->309873K(1598272K), 0.0251440 secs] [Times: user=0.08 sys=0.00, real=0.02 secs] 
2014-07-08T08:54:21.914+0000: 3067.464: [GC [PSYoungGen: 911296K->288K(875840K)] 1220849K->309961K(1562816K), 0.0196110 secs] [Times: user=0.08 sys=0.00, real=0.02 secs] 
2014-07-08T08:54:23.834+0000: 3069.383: [GC [PSYoungGen: 875808K->352K(842112K)] 1185481K->310209K(1529088K), 0.0055590 secs] [Times: user=0.01 sys=0.00, real=0.00 secs] 
2014-07-08T08:54:25.714+0000: 3071.264: [GC [PSYoungGen: 842080K->512K(810048K)] 1151937K->310497K(1497024K), 0.0065990 secs] [Times: user=0.01 sys=0.00, real=0.01 secs] 
2014-07-08T08:54:27.517+0000: 3073.066: [GC [PSYoungGen: 810003K->708K(779648K)] 1119988K->310813K(1466624K), 0.0304540 secs] [Times: user=0.11 sys=0.00, real=0.03 secs] 
2014-07-08T08:54:29.177+0000: 3074.727: [GC [PSYoungGen: 779588K->352K(750016K)] 1089693K->310553K(1436992K), 0.0056420 secs] [Times: user=0.01 sys=0.00, real=0.01 secs] 
2014-07-08T08:54:30.833+0000: 3076.382: [GC [PSYoungGen: 749984K->466K(722304K)] 1060185K->310747K(1409280K), 0.0074760 secs] [Times: user=0.01 sys=0.00, real=0.00 secs] 
2014-07-08T08:54:32.457+0000: 3078.007: [GC [PSYoungGen: 722258K->832K(696064K)] 1032539K->311281K(1383040K), 0.0243860 secs] [Times: user=0.10 sys=0.00, real=0.03 secs] 
2014-07-08T08:54:33.952+0000: 3079.501: [GC [PSYoungGen: 696064K->192K(670080K)] 1006513K->310785K(1357056K), 0.0157910 secs] [Times: user=0.06 sys=0.00, real=0.01 secs] 
2014-07-08T08:54:35.449+0000: 3080.999: [GC [PSYoungGen: 670080K->704K(804608K)] 980673K->311385K(1491584K), 0.0286100 secs] [Times: user=0.08 sys=0.00, real=0.03 secs] 
2014-07-08T08:54:37.194+0000: 3082.743: [GC [PSYoungGen: 804608K->434K(965184K)] 1115289K->311219K(1652160K), 0.0256610 secs] [Times: user=0.09 sys=0.00, real=0.02 secs] 
2014-07-08T08:54:39.331+0000: 3084.880: [GC [PSYoungGen: 965170K->690K(1158400K)] 1275955K->311563K(1845376K), 0.0095950 secs] [Times: user=0.02 sys=0.00, real=0.01 secs] 
2014-07-08T08:54:41.856+0000: 3087.405: [GC [PSYoungGen: 1158386K->384K(1389632K)] 1469259K->311337K(2076608K), 0.0260300 secs] [Times: user=0.10 sys=0.00, real=0.02 secs] 
2014-07-08T08:54:44.916+0000: 3090.465: [GC [PSYoungGen: 1389632K->384K(1331072K)] 1700585K->311609K(2018048K), 0.0103060 secs] [Times: user=0.03 sys=0.00, real=0.01 secs] 
2014-07-08T08:54:47.848+0000: 3093.397: [GC [PSYoungGen: 1331070K->384K(1275392K)] 1642295K->311761K(1962368K), 0.0275110 secs] [Times: user=0.10 sys=0.00, real=0.03 secs] 
2014-07-08T08:54:50.697+0000: 3096.247: [GC [PSYoungGen: 1275392K->384K(1222400K)] 1586769K->311921K(1909376K), 0.0042420 secs] [Times: user=0.01 sys=0.00, real=0.00 secs] 
2014-07-08T08:54:53.355+0000: 3098.904: [GC [PSYoungGen: 1222399K->864K(1172480K)] 1533936K->312609K(1859456K), 0.0234610 secs] [Times: user=0.08 sys=0.00, real=0.02 secs] 
2014-07-08T08:54:55.892+0000: 3101.441: [GC [PSYoungGen: 1172448K->256K(1123840K)] 1484193K->312209K(1810816K), 0.0186200 secs] [Times: user=0.07 sys=0.00, real=0.02 secs] 
2014-07-08T08:54:58.497+0000: 3104.047: [GC [PSYoungGen: 1123840K->1010K(1078912K)] 1435793K->313099K(1765888K), 0.0055350 secs] [Times: user=0.02 sys=0.00, real=0.00 secs] 
2014-07-08T08:55:00.868+0000: 3106.418: [GC [PSYoungGen: 1078894K->626K(1035072K)] 1390983K->312859K(1722048K), 0.0184050 secs] [Times: user=0.06 sys=0.00, real=0.02 secs] 
2014-07-08T08:55:03.014+0000: 3108.564: [GC [PSYoungGen: 1035058K->338K(993472K)] 1347291K->312779K(1680448K), 0.0181790 secs] [Times: user=0.07 sys=0.00, real=0.02 secs] 
2014-07-08T08:55:05.208+0000: 3110.757: [GC [PSYoungGen: 993368K->484K(954240K)] 1305809K->313101K(1641216K), 0.0233920 secs] [Times: user=0.09 sys=0.00, real=0.02 secs] 
2014-07-08T08:55:07.345+0000: 3112.895: [GC [PSYoungGen: 954171K->864K(917120K)] 1266788K->313609K(1604096K), 0.0200590 secs] [Times: user=0.07 sys=0.00, real=0.02 secs] 
2014-07-08T08:55:09.342+0000: 3114.891: [GC [PSYoungGen: 917088K->690K(881216K)] 1229833K->313563K(1568192K), 0.0069890 secs] [Times: user=0.02 sys=0.00, real=0.01 secs] 
2014-07-08T08:55:11.265+0000: 3116.814: [GC [PSYoungGen: 881167K->658K(847168K)] 1194040K->313611K(1534144K), 0.0117110 secs] [Times: user=0.04 sys=0.00, real=0.01 secs] 
2014-07-08T08:55:13.113+0000: 3118.663: [GC [PSYoungGen: 847025K->484K(814592K)] 1159978K->313621K(1501568K), 0.0163020 secs] [Times: user=0.06 sys=0.00, real=0.02 secs] 
2014-07-08T08:55:14.904+0000: 3120.454: [GC [PSYoungGen: 814564K->288K(783488K)] 1127701K->313601K(1470464K), 0.0313930 secs] [Times: user=0.11 sys=0.00, real=0.03 secs] 
2014-07-08T08:55:16.628+0000: 3122.177: [GC [PSYoungGen: 783456K->224K(940096K)] 1096769K->313649K(1627072K), 0.0201080 secs] [Times: user=0.08 sys=0.00, real=0.02 secs] 
2014-07-08T08:55:18.699+0000: 3124.249: [GC [PSYoungGen: 940064K->224K(903232K)] 1253489K->313745K(1590208K), 0.0156250 secs] [Times: user=0.06 sys=0.00, real=0.01 secs] 
2014-07-08T08:55:20.729+0000: 3126.278: [GC [PSYoungGen: 903200K->434K(868352K)] 1216721K->314043K(1555328K), 0.0049010 secs] [Times: user=0.01 sys=0.01, real=0.00 secs] 
2014-07-08T08:55:22.633+0000: 3128.182: [GC [PSYoungGen: 868338K->384K(834880K)] 1181947K->314161K(1521856K), 0.0070480 secs] [Times: user=0.02 sys=0.00, real=0.01 secs] 
2014-07-08T08:55:24.452+0000: 3130.002: [GC [PSYoungGen: 834880K->480K(1001920K)] 1148657K->314409K(1688896K), 0.0383540 secs] [Times: user=0.14 sys=0.00, real=0.04 secs] 
2014-07-08T08:55:26.637+0000: 3132.187: [GC [PSYoungGen: 1001888K->256K(1201984K)] 1315817K->314265K(1888960K), 0.0260010 secs] [Times: user=0.10 sys=0.00, real=0.03 secs] 
2014-07-08T08:55:29.293+0000: 3134.843: [GC [PSYoungGen: 1201984K->644K(1152960K)] 1515993K->314781K(1839936K), 0.0193310 secs] [Times: user=0.08 sys=0.00, real=0.02 secs] 
2014-07-08T08:55:31.819+0000: 3137.368: [GC [PSYoungGen: 1152900K->320K(1105536K)] 1467037K->314561K(1792512K), 0.0178080 secs] [Times: user=0.06 sys=0.00, real=0.02 secs] 
2014-07-08T08:55:34.241+0000: 3139.790: [GC [PSYoungGen: 1105536K->708K(1061184K)] 1419777K->315237K(1748160K), 0.0156090 secs] [Times: user=0.05 sys=0.00, real=0.02 secs] 
2014-07-08T08:55:36.628+0000: 3142.177: [GC [PSYoungGen: 1061124K->466K(1018304K)] 1375653K->315163K(1705280K), 0.0083650 secs] [Times: user=0.03 sys=0.00, real=0.01 secs] 
2014-07-08T08:55:38.865+0000: 3144.415: [GC [PSYoungGen: 1018258K->320K(977536K)] 1332955K->315153K(1664512K), 0.0142590 secs] [Times: user=0.05 sys=0.00, real=0.01 secs] 
2014-07-08T08:55:41.025+0000: 3146.575: [GC [PSYoungGen: 977536K->932K(939520K)] 1292369K->315869K(1626496K), 0.0067210 secs] [Times: user=0.01 sys=0.00, real=0.01 secs] 
2014-07-08T08:55:43.039+0000: 3148.588: [GC [PSYoungGen: 939478K->342K(902144K)] 1254415K->315455K(1589120K), 0.0136350 secs] [Times: user=0.05 sys=0.00, real=0.02 secs] 
2014-07-08T08:55:45.026+0000: 3150.575: [GC [PSYoungGen: 902102K->256K(867008K)] 1217215K->315489K(1553984K), 0.0116680 secs] [Times: user=0.02 sys=0.00, real=0.01 secs] 
2014-07-08T08:55:46.932+0000: 3152.482: [GC [PSYoungGen: 867008K->160K(833600K)] 1182241K->315505K(1520576K), 0.0060070 secs] [Times: user=0.01 sys=0.00, real=0.01 secs] 
2014-07-08T08:55:48.841+0000: 3154.390: [GC [PSYoungGen: 833568K->448K(802048K)] 1148913K->315873K(1489024K), 0.0056800 secs] [Times: user=0.02 sys=0.00, real=0.01 secs] 
2014-07-08T08:55:50.595+0000: 3156.144: [GC [PSYoungGen: 802041K->900K(772288K)] 1117466K->316437K(1459264K), 0.0386530 secs] [Times: user=0.15 sys=0.00, real=0.04 secs] 
2014-07-08T08:55:52.236+0000: 3157.785: [GC [PSYoungGen: 772228K->608K(743104K)] 1087765K->316281K(1430080K), 0.0176020 secs] [Times: user=0.06 sys=0.00, real=0.02 secs] 
2014-07-08T08:55:53.888+0000: 3159.437: [GC [PSYoungGen: 743072K->434K(715392K)] 1058745K->316251K(1402368K), 0.0171960 secs] [Times: user=0.06 sys=0.00, real=0.02 secs] 
2014-07-08T08:55:55.461+0000: 3161.010: [GC [PSYoungGen: 715377K->672K(689408K)] 1031194K->316633K(1376384K), 0.0101130 secs] [Times: user=0.01 sys=0.00, real=0.01 secs] 
2014-07-08T08:55:56.967+0000: 3162.516: [GC [PSYoungGen: 689376K->306K(664000K)] 1005337K->316323K(1350976K), 0.0127020 secs] [Times: user=0.05 sys=0.00, real=0.01 secs] 
2014-07-08T08:55:58.447+0000: 3163.996: [GC [PSYoungGen: 663986K->370K(796800K)] 980003K->316467K(1483776K), 0.0256750 secs] [Times: user=0.09 sys=0.00, real=0.02 secs] 
2014-07-08T08:56:00.184+0000: 3165.733: [GC [PSYoungGen: 796786K->256K(955968K)] 1112883K->316401K(1642944K), 0.0138000 secs] [Times: user=0.05 sys=0.00, real=0.02 secs] 
2014-07-08T08:56:02.322+0000: 3167.872: [GC [PSYoungGen: 955968K->946K(919040K)] 1272113K->317163K(1606016K), 0.0164610 secs] [Times: user=0.05 sys=0.01, real=0.02 secs] 
2014-07-08T08:56:04.349+0000: 3169.898: [GC [PSYoungGen: 919018K->754K(883008K)] 1235235K->317203K(1569984K), 0.0063810 secs] [Times: user=0.02 sys=0.01, real=0.01 secs] 
2014-07-08T08:56:06.325+0000: 3171.874: [GC [PSYoungGen: 882994K->1124K(849280K)] 1199443K->317733K(1536256K), 0.0271340 secs] [Times: user=0.10 sys=0.00, real=0.03 secs] 
2014-07-08T08:56:08.126+0000: 3173.676: [GC [PSYoungGen: 849252K->256K(815872K)] 1165861K->317001K(1502848K), 0.0088650 secs] [Times: user=0.02 sys=0.00, real=0.00 secs] 
2014-07-08T08:56:09.929+0000: 3175.479: [GC [PSYoungGen: 815872K->452K(785152K)] 1132617K->317293K(1472128K), 0.0067850 secs] [Times: user=0.01 sys=0.00, real=0.00 secs] 
2014-07-08T08:56:11.722+0000: 3177.272: [GC [PSYoungGen: 785092K->530K(755712K)] 1101933K->317467K(1442688K), 0.0081040 secs] [Times: user=0.02 sys=0.00, real=0.01 secs] 
2014-07-08T08:56:13.338+0000: 3178.887: [GC [PSYoungGen: 755666K->544K(727616K)] 1072603K->317721K(1414592K), 0.0301540 secs] [Times: user=0.11 sys=0.00, real=0.03 secs] 
2014-07-08T08:56:14.948+0000: 3180.497: [GC [PSYoungGen: 727584K->402K(700672K)] 1044761K->317675K(1387648K), 0.0101860 secs] [Times: user=0.02 sys=0.00, real=0.01 secs] 
2014-07-08T08:56:16.636+0000: 3182.185: [GC [PSYoungGen: 700618K->1128K(675840K)] 1017891K->318577K(1362816K), 0.0066990 secs] [Times: user=0.02 sys=0.00, real=0.01 secs] 
2014-07-08T08:56:17.976+0000: 3183.526: [GC [PSYoungGen: 675816K->160K(809856K)] 993265K->317713K(1496832K), 0.0332650 secs] [Times: user=0.12 sys=0.00, real=0.04 secs] 
2014-07-08T08:56:19.777+0000: 3185.326: [GC [PSYoungGen: 809804K->338K(779392K)] 1127357K->317955K(1466368K), 0.0052390 secs] [Times: user=0.01 sys=0.00, real=0.01 secs] 
2014-07-08T08:56:21.622+0000: 3187.172: [GC [PSYoungGen: 779345K->1316K(936192K)] 1096962K->319053K(1623168K), 0.0289270 secs] [Times: user=0.11 sys=0.00, real=0.03 secs] 
2014-07-08T08:56:23.611+0000: 3189.160: [GC [PSYoungGen: 936162K->918K(899200K)] 1253899K->318839K(1586176K), 0.0070430 secs] [Times: user=0.02 sys=0.00, real=0.01 secs] 
2014-07-08T08:56:25.546+0000: 3191.096: [GC [PSYoungGen: 899158K->576K(863936K)] 1217079K->318657K(1550912K), 0.0056580 secs] [Times: user=0.02 sys=0.00, real=0.01 secs] 
2014-07-08T08:56:27.424+0000: 3192.973: [GC [PSYoungGen: 863936K->786K(830976K)] 1182017K->318987K(1517952K), 0.0188300 secs] [Times: user=0.06 sys=0.00, real=0.02 secs] 
2014-07-08T08:56:29.243+0000: 3194.793: [GC [PSYoungGen: 830930K->716K(799296K)] 1149131K->319029K(1486272K), 0.0100830 secs] [Times: user=0.01 sys=0.00, real=0.01 secs] 
2014-07-08T08:56:31.058+0000: 3196.607: [GC [PSYoungGen: 799145K->598K(769024K)] 1117458K->318967K(1456000K), 0.0207900 secs] [Times: user=0.08 sys=0.00, real=0.02 secs] 
2014-07-08T08:56:32.808+0000: 3198.358: [GC [PSYoungGen: 768982K->352K(740032K)] 1087351K->318897K(1427008K), 0.0128640 secs] [Times: user=0.04 sys=0.00, real=0.02 secs] 
2014-07-08T08:56:34.354+0000: 3199.904: [GC [PSYoungGen: 740000K->982K(713280K)] 1058545K->319711K(1400256K), 0.0093870 secs] [Times: user=0.04 sys=0.00, real=0.01 secs] 
2014-07-08T08:56:35.967+0000: 3201.517: [GC [PSYoungGen: 713238K->434K(686592K)] 1031967K->319283K(1373568K), 0.0251540 secs] [Times: user=0.10 sys=0.00, real=0.03 secs] 
2014-07-08T08:56:37.427+0000: 3202.977: [GC [PSYoungGen: 686578K->658K(824128K)] 1005427K->319619K(1511104K), 0.0308690 secs] [Times: user=0.11 sys=0.00, real=0.03 secs] 
2014-07-08T08:56:39.237+0000: 3204.786: [GC [PSYoungGen: 824082K->224K(988416K)] 1143043K->319233K(1675392K), 0.0059410 secs] [Times: user=0.02 sys=0.00, real=0.01 secs] 
2014-07-08T08:56:41.422+0000: 3206.972: [GC [PSYoungGen: 988384K->786K(1186624K)] 1307393K->319867K(1873600K), 0.0301740 secs] [Times: user=0.11 sys=0.00, real=0.03 secs] 
2014-07-08T08:56:44.019+0000: 3209.568: [GC [PSYoungGen: 1186578K->338K(1137536K)] 1505659K->319595K(1824512K), 0.0062110 secs] [Times: user=0.02 sys=0.00, real=0.01 secs] 
2014-07-08T08:56:46.592+0000: 3212.141: [GC [PSYoungGen: 1137490K->836K(1091712K)] 1456747K->320293K(1778688K), 0.0079930 secs] [Times: user=0.02 sys=0.00, real=0.01 secs] 
2014-07-08T08:56:48.945+0000: 3214.494: [GC [PSYoungGen: 1091652K->370K(1047104K)] 1411109K->319963K(1734080K), 0.0163350 secs] [Times: user=0.06 sys=0.00, real=0.01 secs] 
2014-07-08T08:56:51.254+0000: 3216.803: [GC [PSYoungGen: 1047058K->544K(1005312K)] 1366651K->320249K(1692288K), 0.0177910 secs] [Times: user=0.05 sys=0.01, real=0.01 secs] 
2014-07-08T08:56:53.491+0000: 3219.040: [GC [PSYoungGen: 1005280K->640K(965440K)] 1324985K->320489K(1652416K), 0.0125580 secs] [Times: user=0.04 sys=0.00, real=0.02 secs] 
2014-07-08T08:56:55.638+0000: 3221.187: [GC [PSYoungGen: 965440K->768K(927552K)] 1285289K->320849K(1614528K), 0.0145030 secs] [Times: user=0.04 sys=0.00, real=0.01 secs] 
2014-07-08T08:56:57.723+0000: 3223.272: [GC [PSYoungGen: 927552K->616K(891200K)] 1247633K->320817K(1578176K), 0.0086380 secs] [Times: user=0.04 sys=0.00, real=0.00 secs] 
2014-07-08T08:56:59.592+0000: 3225.141: [GC [PSYoungGen: 891176K->470K(856576K)] 1211377K->320799K(1543552K), 0.0068930 secs] [Times: user=0.01 sys=0.00, real=0.01 secs] 
2014-07-08T08:57:01.519+0000: 3227.068: [GC [PSYoungGen: 856534K->1124K(824320K)] 1176863K->321557K(1511296K), 0.0218470 secs] [Times: user=0.08 sys=0.00, real=0.02 secs] 
2014-07-08T08:57:03.291+0000: 3228.840: [GC [PSYoungGen: 824292K->772K(792704K)] 1144725K->321373K(1479680K), 0.0062160 secs] [Times: user=0.02 sys=0.00, real=0.01 secs] 
2014-07-08T08:57:05.017+0000: 3230.567: [GC [PSYoungGen: 792644K->338K(762432K)] 1113245K->321099K(1449408K), 0.0383880 secs] [Times: user=0.14 sys=0.00, real=0.04 secs] 
2014-07-08T08:57:06.730+0000: 3232.280: [GC [PSYoungGen: 762386K->498K(734144K)] 1083147K->321355K(1421120K), 0.0118730 secs] [Times: user=0.04 sys=0.00, real=0.01 secs] 
2014-07-08T08:57:08.326+0000: 3233.875: [GC [PSYoungGen: 734130K->640K(707136K)] 1054987K->321617K(1394112K), 0.0092290 secs] [Times: user=0.02 sys=0.00, real=0.01 secs] 
2014-07-08T08:57:09.863+0000: 3235.413: [GC [PSYoungGen: 707136K->288K(680960K)] 1028113K->321377K(1367936K), 0.0060620 secs] [Times: user=0.02 sys=0.00, real=0.01 secs] 
2014-07-08T08:57:11.381+0000: 3236.931: [GC [PSYoungGen: 680928K->576K(656576K)] 1002017K->321769K(1343552K), 0.0203020 secs] [Times: user=0.07 sys=0.00, real=0.02 secs] 
2014-07-08T08:57:12.810+0000: 3238.359: [GC [PSYoungGen: 656571K->320K(632832K)] 977764K->321641K(1319808K), 0.0073370 secs] [Times: user=0.01 sys=0.00, real=0.01 secs] 
2014-07-08T08:57:14.194+0000: 3239.743: [GC [PSYoungGen: 632832K->192K(610240K)] 954153K->321673K(1297216K), 0.0044320 secs] [Times: user=0.01 sys=0.01, real=0.01 secs] 
2014-07-08T08:57:15.581+0000: 3241.130: [GC [PSYoungGen: 610240K->338K(588992K)] 931721K->321899K(1275968K), 0.0176400 secs] [Times: user=0.06 sys=0.00, real=0.02 secs] 
2014-07-08T08:57:16.929+0000: 3242.478: [GC [PSYoungGen: 588946K->466K(706880K)] 910507K->322107K(1393856K), 0.0214500 secs] [Times: user=0.07 sys=0.00, real=0.02 secs] 
2014-07-08T08:57:18.461+0000: 3244.010: [GC [PSYoungGen: 706834K->1042K(681600K)] 1028475K->322787K(1368576K), 0.0070940 secs] [Times: user=0.02 sys=0.00, real=0.01 secs] 
2014-07-08T08:57:19.918+0000: 3245.467: [GC [PSYoungGen: 681554K->288K(656192K)] 1003299K->322129K(1343168K), 0.0086340 secs] [Times: user=0.04 sys=0.00, real=0.00 secs] 
2014-07-08T08:57:21.378+0000: 3246.927: [GC [PSYoungGen: 656154K->950K(633344K)] 977995K->322871K(1320320K), 0.0175490 secs] [Times: user=0.06 sys=0.01, real=0.01 secs] 
2014-07-08T08:57:22.857+0000: 3248.406: [GC [PSYoungGen: 633334K->434K(610432K)] 955255K->322475K(1297408K), 0.0052710 secs] [Times: user=0.02 sys=0.00, real=0.01 secs] 
2014-07-08T08:57:24.109+0000: 3249.659: [GC [PSYoungGen: 610390K->488K(589056K)] 932431K->322697K(1276032K), 0.0210050 secs] [Times: user=0.07 sys=0.00, real=0.02 secs] 
2014-07-08T08:57:25.453+0000: 3251.002: [GC [PSYoungGen: 589030K->1078K(569216K)] 911239K->323359K(1256192K), 0.0102760 secs] [Times: user=0.01 sys=0.00, real=0.01 secs] 
2014-07-08T08:57:26.756+0000: 3252.305: [GC [PSYoungGen: 569206K->672K(682496K)] 891487K->323057K(1369472K), 0.0337180 secs] [Times: user=0.12 sys=0.00, real=0.04 secs] 
2014-07-08T08:57:28.237+0000: 3253.786: [GC [PSYoungGen: 682464K->352K(818560K)] 1004849K->322825K(1505536K), 0.0346060 secs] [Times: user=0.13 sys=0.00, real=0.04 secs] 
2014-07-08T08:57:29.981+0000: 3255.530: [GC [PSYoungGen: 818463K->616K(982464K)] 1140936K->323225K(1669440K), 0.0083820 secs] [Times: user=0.01 sys=0.00, real=0.01 secs] 
2014-07-08T08:57:32.148+0000: 3257.697: [GC [PSYoungGen: 982440K->480K(1178752K)] 1305049K->323209K(1865728K), 0.0071790 secs] [Times: user=0.02 sys=0.00, real=0.01 secs] 
2014-07-08T08:57:34.786+0000: 3260.335: [GC [PSYoungGen: 1178720K->512K(1130432K)] 1501449K->323441K(1817408K), 0.0190710 secs] [Times: user=0.07 sys=0.00, real=0.02 secs] 
2014-07-08T08:57:37.246+0000: 3262.795: [GC [PSYoungGen: 1130432K->484K(1084480K)] 1453361K->323669K(1771456K), 0.0067470 secs] [Times: user=0.02 sys=0.00, real=0.01 secs] 
2014-07-08T08:57:39.655+0000: 3265.205: [GC [PSYoungGen: 1084452K->448K(1040640K)] 1407637K->323745K(1727616K), 0.0200050 secs] [Times: user=0.07 sys=0.00, real=0.02 secs] 
2014-07-08T08:57:41.929+0000: 3267.478: [GC [PSYoungGen: 1040640K->566K(999104K)] 1363937K->323999K(1686080K), 0.0147710 secs] [Times: user=0.05 sys=0.00, real=0.02 secs] 
2014-07-08T08:57:44.142+0000: 3269.691: [GC [PSYoungGen: 999094K->320K(959168K)] 1322527K->323953K(1646144K), 0.0258540 secs] [Times: user=0.09 sys=0.00, real=0.02 secs] 
2014-07-08T08:57:46.262+0000: 3271.811: [GC [PSYoungGen: 959168K->566K(921664K)] 1282801K->324351K(1608640K), 0.0152380 secs] [Times: user=0.05 sys=0.00, real=0.01 secs] 
2014-07-08T08:57:48.342+0000: 3273.892: [GC [PSYoungGen: 921654K->672K(885824K)] 1245439K->324577K(1572800K), 0.0197300 secs] [Times: user=0.08 sys=0.00, real=0.02 secs] 
2014-07-08T08:57:50.241+0000: 3275.790: [GC [PSYoungGen: 885792K->530K(851456K)] 1209697K->324563K(1538432K), 0.0214440 secs] [Times: user=0.08 sys=0.00, real=0.03 secs] 
2014-07-08T08:57:52.125+0000: 3277.674: [GC [PSYoungGen: 851410K->224K(818496K)] 1175443K->324369K(1505472K), 0.0154490 secs] [Times: user=0.05 sys=0.00, real=0.01 secs] 
2014-07-08T08:57:53.942+0000: 3279.491: [GC [PSYoungGen: 818464K->448K(787584K)] 1142609K->324753K(1474560K), 0.0217500 secs] [Times: user=0.08 sys=0.00, real=0.03 secs] 
2014-07-08T08:57:55.681+0000: 3281.230: [GC [PSYoungGen: 787584K->352K(944960K)] 1111889K->324825K(1631936K), 0.0307810 secs] [Times: user=0.10 sys=0.00, real=0.03 secs] 
2014-07-08T08:57:57.789+0000: 3283.338: [GC [PSYoungGen: 944928K->434K(1133952K)] 1269401K->325003K(1820928K), 0.0297670 secs] [Times: user=0.11 sys=0.00, real=0.03 secs] 
2014-07-08T08:58:00.258+0000: 3285.807: [GC [PSYoungGen: 1133938K->562K(1360832K)] 1458507K->325219K(2047808K), 0.0341980 secs] [Times: user=0.13 sys=0.00, real=0.03 secs] 
2014-07-08T08:58:03.425+0000: 3288.975: [GC [PSYoungGen: 1360818K->812K(1460672K)] 1685475K->326205K(2147648K), 0.0135200 secs] [Times: user=0.05 sys=0.00, real=0.01 secs] 
2014-07-08T08:58:06.480+0000: 3292.029: [GC [PSYoungGen: 1460652K->722K(1461056K)] 1786045K->326403K(2148032K), 0.0382990 secs] [Times: user=0.15 sys=0.00, real=0.04 secs] 
2014-07-08T08:58:09.732+0000: 3295.281: [GC [PSYoungGen: 1460562K->466K(1398336K)] 1786243K->326443K(2085312K), 0.0151670 secs] [Times: user=0.06 sys=0.00, real=0.02 secs] 
2014-07-08T08:58:12.856+0000: 3298.405: [GC [PSYoungGen: 1398290K->786K(1339648K)] 1724267K->326947K(2026624K), 0.0279260 secs] [Times: user=0.10 sys=0.00, real=0.02 secs] 
2014-07-08T08:58:15.756+0000: 3301.306: [GC [PSYoungGen: 1339601K->320K(1283008K)] 1665762K->326713K(1969984K), 0.0066910 secs] [Times: user=0.01 sys=0.00, real=0.00 secs] 
2014-07-08T08:58:18.688+0000: 3304.237: [GC [PSYoungGen: 1283008K->822K(1230144K)] 1609401K->327367K(1917120K), 0.0058330 secs] [Times: user=0.02 sys=0.00, real=0.00 secs] 
2014-07-08T08:58:21.270+0000: 3306.819: [GC [PSYoungGen: 1230134K->800K(1179392K)] 1556679K->327497K(1866368K), 0.0101280 secs] [Times: user=0.03 sys=0.00, real=0.01 secs] 
2014-07-08T08:58:23.882+0000: 3309.431: [GC [PSYoungGen: 1179360K->416K(1130688K)] 1506057K->327265K(1817664K), 0.0094930 secs] [Times: user=0.02 sys=0.00, real=0.01 secs] 
2014-07-08T08:58:26.395+0000: 3311.945: [GC [PSYoungGen: 1130656K->790K(1085056K)] 1457505K->327879K(1772032K), 0.0053700 secs] [Times: user=0.02 sys=0.00, real=0.01 secs] 
2014-07-08T08:58:28.845+0000: 3314.394: [GC [PSYoungGen: 1085014K->320K(1040768K)] 1412103K->327521K(1727744K), 0.0115840 secs] [Times: user=0.04 sys=0.00, real=0.01 secs] 
2014-07-08T08:58:31.057+0000: 3316.606: [GC [PSYoungGen: 1040768K->356K(999168K)] 1367969K->327693K(1686144K), 0.0056470 secs] [Times: user=0.02 sys=0.00, real=0.01 secs] 
2014-07-08T08:58:33.324+0000: 3318.873: [GC [PSYoungGen: 999140K->576K(959680K)] 1326477K->328073K(1646656K), 0.0351850 secs] [Times: user=0.12 sys=0.00, real=0.04 secs] 
2014-07-08T08:58:35.399+0000: 3320.948: [GC [PSYoungGen: 959637K->626K(921984K)] 1287134K->328307K(1608960K), 0.0309340 secs] [Times: user=0.10 sys=0.00, real=0.03 secs] 
2014-07-08T08:58:37.434+0000: 3322.983: [GC [PSYoungGen: 921970K->512K(885888K)] 1249651K->328353K(1572864K), 0.0081880 secs] [Times: user=0.01 sys=0.00, real=0.01 secs] 
2014-07-08T08:58:39.405+0000: 3324.955: [GC [PSYoungGen: 885808K->640K(851776K)] 1213649K->328593K(1538752K), 0.0314230 secs] [Times: user=0.11 sys=0.00, real=0.03 secs] 
2014-07-08T08:58:41.256+0000: 3326.806: [GC [PSYoungGen: 851776K->434K(818944K)] 1179729K->328499K(1505920K), 0.0110140 secs] [Times: user=0.02 sys=0.01, real=0.01 secs] 
2014-07-08T08:58:43.095+0000: 3328.644: [GC [PSYoungGen: 818930K->566K(982784K)] 1146995K->328783K(1669760K), 0.0298440 secs] [Times: user=0.12 sys=0.00, real=0.03 secs] 
2014-07-08T08:58:45.230+0000: 3330.780: [GC [PSYoungGen: 982774K->416K(1179136K)] 1310991K->328809K(1866112K), 0.0284540 secs] [Times: user=0.10 sys=0.00, real=0.02 secs] 
2014-07-08T08:58:47.840+0000: 3333.389: [GC [PSYoungGen: 1179104K->384K(1414848K)] 1507497K->328929K(2101824K), 0.0191250 secs] [Times: user=0.06 sys=0.00, real=0.02 secs] 
2014-07-08T08:58:50.966+0000: 3336.515: [GC [PSYoungGen: 1414848K->352K(1355072K)] 1743393K->329017K(2042048K), 0.0083790 secs] [Times: user=0.03 sys=0.00, real=0.01 secs] 
2014-07-08T08:58:53.978+0000: 3339.527: [GC [PSYoungGen: 1355040K->384K(1298176K)] 1683705K->329249K(1985152K), 0.0268820 secs] [Times: user=0.10 sys=0.00, real=0.03 secs] 
2014-07-08T08:58:56.836+0000: 3342.385: [GC [PSYoungGen: 1298176K->288K(1244032K)] 1627041K->329377K(1931008K), 0.0091720 secs] [Times: user=0.02 sys=0.00, real=0.01 secs] 
2014-07-08T08:58:59.616+0000: 3345.165: [GC [PSYoungGen: 1244000K->946K(1193216K)] 1573089K->330251K(1880192K), 0.0269900 secs] [Times: user=0.09 sys=0.00, real=0.03 secs] 
2014-07-08T08:59:02.185+0000: 3347.735: [GC [PSYoungGen: 1193202K->512K(1143808K)] 1522507K->329961K(1830784K), 0.0264910 secs] [Times: user=0.09 sys=0.00, real=0.03 secs] 
2014-07-08T08:59:04.760+0000: 3350.309: [GC [PSYoungGen: 1143808K->708K(1097472K)] 1473257K->330341K(1784448K), 0.0059780 secs] [Times: user=0.01 sys=0.00, real=0.01 secs] 
2014-07-08T08:59:07.135+0000: 3352.684: [GC [PSYoungGen: 1097412K->320K(1052672K)] 1427045K->330225K(1739648K), 0.0150720 secs] [Times: user=0.05 sys=0.00, real=0.01 secs] 
2014-07-08T08:59:09.458+0000: 3355.007: [GC [PSYoungGen: 1052672K->480K(1010624K)] 1382577K->330489K(1697600K), 0.0208210 secs] [Times: user=0.08 sys=0.00, real=0.02 secs] 
2014-07-08T08:59:11.693+0000: 3357.242: [GC [PSYoungGen: 1010592K->772K(970752K)] 1340601K->330893K(1657728K), 0.0223190 secs] [Times: user=0.09 sys=0.00, real=0.03 secs] 
2014-07-08T08:59:13.823+0000: 3359.372: [GC [PSYoungGen: 970692K->256K(931904K)] 1300813K->330553K(1618880K), 0.0214110 secs] [Times: user=0.08 sys=0.00, real=0.03 secs] 
2014-07-08T08:59:15.881+0000: 3361.430: [GC [PSYoungGen: 931904K->224K(1118272K)] 1262201K->330641K(1805248K), 0.0332270 secs] [Times: user=0.12 sys=0.00, real=0.04 secs] 
2014-07-08T08:59:18.379+0000: 3363.928: [GC [PSYoungGen: 1118240K->640K(1073280K)] 1448657K->331185K(1760256K), 0.0073400 secs] [Times: user=0.01 sys=0.00, real=0.01 secs] 
2014-07-08T08:59:20.709+0000: 3366.258: [GC [PSYoungGen: 1073280K->288K(1029760K)] 1403825K->330937K(1716736K), 0.0179920 secs] [Times: user=0.06 sys=0.00, real=0.02 secs] 
2014-07-08T08:59:22.970+0000: 3368.519: [GC [PSYoungGen: 1029728K->256K(988544K)] 1360377K->331081K(1675520K), 0.0154300 secs] [Times: user=0.06 sys=0.00, real=0.02 secs] 
2014-07-08T08:59:25.148+0000: 3370.697: [GC [PSYoungGen: 988544K->402K(949568K)] 1319369K->331387K(1636544K), 0.0205380 secs] [Times: user=0.07 sys=0.00, real=0.02 secs] 
2014-07-08T08:59:27.248+0000: 3372.797: [GC [PSYoungGen: 949522K->224K(912064K)] 1280507K->331345K(1599040K), 0.0135170 secs] [Times: user=0.06 sys=0.00, real=0.01 secs] 
2014-07-08T08:59:29.354+0000: 3374.903: [GC [PSYoungGen: 912032K->864K(877184K)] 1243153K->332089K(1564160K), 0.0107820 secs] [Times: user=0.04 sys=0.00, real=0.01 secs] 
2014-07-08T08:59:31.213+0000: 3376.763: [GC [PSYoungGen: 877152K->818K(843264K)] 1208377K->332179K(1530240K), 0.0077930 secs] [Times: user=0.02 sys=0.01, real=0.01 secs] 
2014-07-08T08:59:33.139+0000: 3378.689: [GC [PSYoungGen: 843250K->740K(811008K)] 1174611K->332285K(1497984K), 0.0049180 secs] [Times: user=0.02 sys=0.00, real=0.00 secs] 
2014-07-08T08:59:34.867+0000: 3380.416: [GC [PSYoungGen: 810980K->384K(779904K)] 1142525K->332089K(1466880K), 0.0049790 secs] [Times: user=0.01 sys=0.00, real=0.01 secs] 
2014-07-08T08:59:36.632+0000: 3382.181: [GC [PSYoungGen: 779904K->690K(750976K)] 1111609K->332579K(1437952K), 0.0063690 secs] [Times: user=0.01 sys=0.00, real=0.01 secs] 
2014-07-08T08:59:38.225+0000: 3383.775: [GC [PSYoungGen: 750962K->292K(722688K)] 1082851K->332253K(1409664K), 0.0088220 secs] [Times: user=0.02 sys=0.00, real=0.01 secs] 
2014-07-08T08:59:39.865+0000: 3385.415: [GC [PSYoungGen: 722660K->352K(696192K)] 1054621K->332401K(1383168K), 0.0302040 secs] [Times: user=0.11 sys=0.00, real=0.03 secs] 
2014-07-08T08:59:41.391+0000: 3386.941: [GC [PSYoungGen: 696160K->932K(671424K)] 1028209K->333093K(1358400K), 0.0064880 secs] [Times: user=0.02 sys=0.00, real=0.01 secs] 
2014-07-08T08:59:42.911+0000: 3388.461: [GC [PSYoungGen: 671347K->498K(646784K)] 1003508K->332771K(1333760K), 0.0154370 secs] [Times: user=0.05 sys=0.00, real=0.01 secs] 
2014-07-08T08:59:44.277+0000: 3389.826: [GC [PSYoungGen: 646698K->456K(623744K)] 978971K->332865K(1310720K), 0.0085620 secs] [Times: user=0.01 sys=0.00, real=0.01 secs] 
2014-07-08T08:59:45.707+0000: 3391.257: [GC [PSYoungGen: 623688K->812K(748736K)] 956097K->333325K(1435712K), 0.0280810 secs] [Times: user=0.10 sys=0.00, real=0.03 secs] 
2014-07-08T08:59:47.311+0000: 3392.860: [GC [PSYoungGen: 748716K->416K(897984K)] 1081229K->333081K(1584960K), 0.0269850 secs] [Times: user=0.10 sys=0.00, real=0.02 secs] 
2014-07-08T08:59:49.279+0000: 3394.829: [GC [PSYoungGen: 897935K->292K(863040K)] 1230600K->333005K(1550016K), 0.0057630 secs] [Times: user=0.01 sys=0.01, real=0.00 secs] 
2014-07-08T08:59:51.178+0000: 3396.727: [GC [PSYoungGen: 863012K->288K(1035584K)] 1195725K->333089K(1722560K), 0.0245790 secs] [Times: user=0.09 sys=0.00, real=0.03 secs] 
2014-07-08T08:59:53.488+0000: 3399.037: [GC [PSYoungGen: 1035552K->640K(994496K)] 1368353K->333625K(1681472K), 0.0134440 secs] [Times: user=0.04 sys=0.01, real=0.02 secs] 
2014-07-08T08:59:55.726+0000: 3401.275: [GC [PSYoungGen: 994496K->722K(955200K)] 1327481K->333891K(1642176K), 0.0139250 secs] [Times: user=0.05 sys=0.00, real=0.02 secs] 
2014-07-08T08:59:57.818+0000: 3403.368: [GC [PSYoungGen: 955113K->480K(917376K)] 1288282K->333793K(1604352K), 0.0216850 secs] [Times: user=0.08 sys=0.00, real=0.02 secs] 
2014-07-08T08:59:59.855+0000: 3405.405: [GC [PSYoungGen: 917344K->676K(881792K)] 1250657K->334069K(1568768K), 0.0127890 secs] [Times: user=0.03 sys=0.00, real=0.01 secs] 
2014-07-08T09:00:01.755+0000: 3407.305: [GC [PSYoungGen: 881764K->512K(847552K)] 1215157K->334033K(1534528K), 0.0093320 secs] [Times: user=0.03 sys=0.00, real=0.01 secs] 
2014-07-08T09:00:03.715+0000: 3409.264: [GC [PSYoungGen: 847552K->722K(815360K)] 1181073K->334395K(1502336K), 0.0134490 secs] [Times: user=0.04 sys=0.01, real=0.01 secs] 
2014-07-08T09:00:05.447+0000: 3410.996: [GC [PSYoungGen: 815314K->890K(784576K)] 1148987K->334731K(1471552K), 0.0190540 secs] [Times: user=0.07 sys=0.00, real=0.02 secs] 
2014-07-08T09:00:07.139+0000: 3412.688: [GC [PSYoungGen: 784570K->224K(754496K)] 1118411K->334193K(1441472K), 0.0120670 secs] [Times: user=0.02 sys=0.00, real=0.01 secs] 
2014-07-08T09:00:08.860+0000: 3414.409: [GC [PSYoungGen: 754464K->320K(726464K)] 1088433K->334385K(1413440K), 0.0220740 secs] [Times: user=0.08 sys=0.00, real=0.02 secs] 
2014-07-08T09:00:10.402+0000: 3415.952: [GC [PSYoungGen: 726463K->736K(872192K)] 1060528K->334929K(1559168K), 0.0230500 secs] [Times: user=0.08 sys=0.00, real=0.03 secs] 
2014-07-08T09:00:12.331+0000: 3417.880: [GC [PSYoungGen: 872124K->530K(838400K)] 1206317K->334851K(1525376K), 0.0083600 secs] [Times: user=0.03 sys=0.00, real=0.01 secs] 
2014-07-08T09:00:14.180+0000: 3419.730: [GC [PSYoungGen: 838354K->256K(806080K)] 1172675K->334713K(1493056K), 0.0055650 secs] [Times: user=0.02 sys=0.00, real=0.01 secs] 
2014-07-08T09:00:15.961+0000: 3421.510: [GC [PSYoungGen: 806080K->370K(775744K)] 1140537K->334971K(1462720K), 0.0094850 secs] [Times: user=0.03 sys=0.00, real=0.01 secs] 
2014-07-08T09:00:17.738+0000: 3423.288: [GC [PSYoungGen: 775730K->480K(746816K)] 1110331K->335185K(1433792K), 0.0055600 secs] [Times: user=0.01 sys=0.00, real=0.00 secs] 
2014-07-08T09:00:19.330+0000: 3424.880: [GC [PSYoungGen: 746776K->612K(719232K)] 1081481K->335381K(1406208K), 0.0071180 secs] [Times: user=0.02 sys=0.00, real=0.01 secs] 
2014-07-08T09:00:20.907+0000: 3426.457: [GC [PSYoungGen: 719194K->502K(692672K)] 1053963K->335335K(1379648K), 0.0090220 secs] [Times: user=0.02 sys=0.00, real=0.01 secs] 
2014-07-08T09:00:22.463+0000: 3428.012: [GC [PSYoungGen: 692662K->672K(667648K)] 1027495K->335673K(1354624K), 0.0069960 secs] [Times: user=0.01 sys=0.01, real=0.01 secs] 
2014-07-08T09:00:23.982+0000: 3429.531: [GC [PSYoungGen: 667616K->640K(643584K)] 1002617K->335769K(1330560K), 0.0147190 secs] [Times: user=0.04 sys=0.00, real=0.02 secs] 
2014-07-08T09:00:25.341+0000: 3430.891: [GC [PSYoungGen: 643582K->562K(620608K)] 978711K->335819K(1307584K), 0.0087780 secs] [Times: user=0.03 sys=0.00, real=0.01 secs] 
2014-07-08T09:00:26.715+0000: 3432.264: [GC [PSYoungGen: 620594K->192K(598336K)] 955851K->335529K(1285312K), 0.0061090 secs] [Times: user=0.01 sys=0.00, real=0.00 secs] 
2014-07-08T09:00:28.034+0000: 3433.583: [GC [PSYoungGen: 598336K->562K(577856K)] 933673K->335987K(1264832K), 0.0059190 secs] [Times: user=0.02 sys=0.00, real=0.01 secs] 
2014-07-08T09:00:29.311+0000: 3434.861: [GC [PSYoungGen: 577842K->480K(693248K)] 913267K->335969K(1380224K), 0.0331600 secs] [Times: user=0.12 sys=0.00, real=0.03 secs] 
2014-07-08T09:00:30.836+0000: 3436.385: [GC [PSYoungGen: 693216K->466K(668032K)] 1028705K->336035K(1355008K), 0.0114350 secs] [Times: user=0.03 sys=0.00, real=0.01 secs] 
2014-07-08T09:00:32.319+0000: 3437.869: [GC [PSYoungGen: 667942K->466K(643968K)] 1003511K->336219K(1330944K), 0.0090490 secs] [Times: user=0.02 sys=0.00, real=0.01 secs] 
2014-07-08T09:00:33.872+0000: 3439.422: [GC [PSYoungGen: 643922K->832K(621376K)] 979675K->336689K(1308352K), 0.0150950 secs] [Times: user=0.06 sys=0.01, real=0.02 secs] 
2014-07-08T09:00:35.259+0000: 3440.809: [GC [PSYoungGen: 621376K->384K(745088K)] 957233K->336525K(1432064K), 0.0184670 secs] [Times: user=0.07 sys=0.00, real=0.02 secs] 
2014-07-08T09:00:36.888+0000: 3442.438: [GC [PSYoungGen: 745088K->626K(894336K)] 1081229K->336919K(1581312K), 0.0336170 secs] [Times: user=0.12 sys=0.00, real=0.03 secs] 
2014-07-08T09:00:38.807+0000: 3444.356: [GC [PSYoungGen: 894322K->384K(1072832K)] 1230615K->336821K(1759808K), 0.0284720 secs] [Times: user=0.10 sys=0.00, real=0.02 secs] 
2014-07-08T09:00:41.122+0000: 3446.672: [GC [PSYoungGen: 1072832K->320K(1287296K)] 1409269K->336861K(1974272K), 0.0257210 secs] [Times: user=0.10 sys=0.00, real=0.03 secs] 
2014-07-08T09:00:43.963+0000: 3449.512: [GC [PSYoungGen: 1287295K->498K(1544896K)] 1623837K->337239K(2231872K), 0.0061280 secs] [Times: user=0.02 sys=0.00, real=0.01 secs] 
2014-07-08T09:00:47.404+0000: 3452.953: [GC [PSYoungGen: 1544882K->896K(1479168K)] 1881623K->337885K(2166144K), 0.0131800 secs] [Times: user=0.04 sys=0.00, real=0.01 secs] 
2014-07-08T09:00:50.726+0000: 3456.276: [GC [PSYoungGen: 1479145K->420K(1415808K)] 1816134K->337773K(2102784K), 0.0142550 secs] [Times: user=0.04 sys=0.00, real=0.02 secs] 
2014-07-08T09:00:53.785+0000: 3459.334: [GC [PSYoungGen: 1415780K->416K(1355968K)] 1753133K->337993K(2042944K), 0.0153060 secs] [Times: user=0.06 sys=0.00, real=0.02 secs] 
2014-07-08T09:00:56.757+0000: 3462.307: [GC [PSYoungGen: 1355936K->452K(1299136K)] 1693513K->338253K(1986112K), 0.0053170 secs] [Times: user=0.02 sys=0.00, real=0.01 secs] 
2014-07-08T09:00:59.644+0000: 3465.193: [GC [PSYoungGen: 1299076K->448K(1244928K)] 1636877K->338417K(1931904K), 0.0126800 secs] [Times: user=0.04 sys=0.00, real=0.01 secs] 
2014-07-08T09:01:02.379+0000: 3467.928: [GC [PSYoungGen: 1244927K->946K(1193920K)] 1582896K->339067K(1880896K), 0.0109730 secs] [Times: user=0.02 sys=0.00, real=0.01 secs] 
2014-07-08T09:01:04.987+0000: 3470.537: [GC [PSYoungGen: 1193906K->352K(1144320K)] 1532027K->338721K(1831296K), 0.0320620 secs] [Times: user=0.11 sys=0.00, real=0.03 secs] 
2014-07-08T09:01:07.600+0000: 3473.149: [GC [PSYoungGen: 1144288K->946K(1098240K)] 1482657K->339547K(1785216K), 0.0053330 secs] [Times: user=0.02 sys=0.00, real=0.01 secs] 
2014-07-08T09:01:09.941+0000: 3475.490: [GC [PSYoungGen: 1098226K->370K(1053248K)] 1436827K->339147K(1740224K), 0.0319800 secs] [Times: user=0.12 sys=0.00, real=0.04 secs] 
2014-07-08T09:01:12.265+0000: 3477.814: [GC [PSYoungGen: 1053234K->288K(1263808K)] 1392011K->339217K(1950784K), 0.0470710 secs] [Times: user=0.18 sys=0.00, real=0.05 secs] 
2014-07-08T09:01:15.053+0000: 3480.602: [GC [PSYoungGen: 1263776K->384K(1516608K)] 1602705K->339481K(2203584K), 0.0298940 secs] [Times: user=0.12 sys=0.00, real=0.03 secs] 
2014-07-08T09:01:18.411+0000: 3483.960: [GC [PSYoungGen: 1516515K->512K(1451968K)] 1855612K->339825K(2138944K), 0.0142120 secs] [Times: user=0.05 sys=0.01, real=0.02 secs] 
2014-07-08T09:01:21.627+0000: 3487.177: [GC [PSYoungGen: 1451883K->1078K(1390976K)] 1791196K->340575K(2077952K), 0.0128920 secs] [Times: user=0.03 sys=0.00, real=0.01 secs] 
2014-07-08T09:01:24.667+0000: 3490.216: [GC [PSYoungGen: 1390966K->534K(1331904K)] 1730463K->340263K(2018880K), 0.0270710 secs] [Times: user=0.10 sys=0.00, real=0.02 secs] 
2014-07-08T09:01:27.693+0000: 3493.243: [GC [PSYoungGen: 1331862K->1174K(1276800K)] 1671591K->341119K(1963776K), 0.0096180 secs] [Times: user=0.02 sys=0.01, real=0.01 secs] 
2014-07-08T09:01:30.449+0000: 3495.998: [GC [PSYoungGen: 1276758K->804K(1223360K)] 1616703K->340989K(1910336K), 0.0057580 secs] [Times: user=0.02 sys=0.00, real=0.00 secs] 
2014-07-08T09:01:33.146+0000: 3498.696: [GC [PSYoungGen: 1223332K->480K(1172608K)] 1563517K->340809K(1859584K), 0.0063440 secs] [Times: user=0.02 sys=0.00, real=0.00 secs] 
2014-07-08T09:01:35.764+0000: 3501.314: [GC [PSYoungGen: 1172576K->896K(1124992K)] 1512905K->341457K(1811968K), 0.0194220 secs] [Times: user=0.07 sys=0.00, real=0.02 secs] 
2014-07-08T09:01:38.236+0000: 3503.786: [GC [PSYoungGen: 1124992K->402K(1078848K)] 1465553K->341099K(1765824K), 0.0118750 secs] [Times: user=0.05 sys=0.00, real=0.01 secs] 
2014-07-08T09:01:40.625+0000: 3506.174: [GC [PSYoungGen: 1078716K->854K(1035840K)] 1419413K->341671K(1722816K), 0.0265830 secs] [Times: user=0.10 sys=0.00, real=0.03 secs] 
2014-07-08T09:01:42.902+0000: 3508.451: [GC [PSYoungGen: 1035798K->512K(994048K)] 1376615K->341481K(1681024K), 0.0068840 secs] [Times: user=0.02 sys=0.00, real=0.01 secs] 
2014-07-08T09:01:45.063+0000: 3510.612: [GC [PSYoungGen: 994048K->256K(954368K)] 1335017K->341417K(1641344K), 0.0114350 secs] [Times: user=0.04 sys=0.00, real=0.01 secs] 
2014-07-08T09:01:47.166+0000: 3512.716: [GC [PSYoungGen: 954368K->534K(917184K)] 1295529K->341807K(1604160K), 0.0054250 secs] [Times: user=0.02 sys=0.00, real=0.01 secs] 
2014-07-08T09:01:49.186+0000: 3514.736: [GC [PSYoungGen: 917124K->602K(881536K)] 1258397K->341995K(1568512K), 0.0068470 secs] [Times: user=0.02 sys=0.00, real=0.01 secs] 
2014-07-08T09:01:51.191+0000: 3516.740: [GC [PSYoungGen: 881498K->836K(847744K)] 1222891K->342333K(1534720K), 0.0076280 secs] [Times: user=0.02 sys=0.00, real=0.01 secs] 
2014-07-08T09:01:53.030+0000: 3518.580: [GC [PSYoungGen: 847684K->320K(814720K)] 1189181K->341993K(1501696K), 0.0045400 secs] [Times: user=0.02 sys=0.00, real=0.00 secs] 
2014-07-08T09:01:54.816+0000: 3520.366: [GC [PSYoungGen: 814720K->356K(783872K)] 1156393K->342189K(1470848K), 0.0246510 secs] [Times: user=0.10 sys=0.00, real=0.03 secs] 
2014-07-08T09:01:56.626+0000: 3522.175: [GC [PSYoungGen: 783842K->644K(754752K)] 1125675K->342565K(1441728K), 0.0056590 secs] [Times: user=0.01 sys=0.00, real=0.01 secs] 
2014-07-08T09:01:58.225+0000: 3523.774: [GC [PSYoungGen: 754692K->416K(726400K)] 1096613K->342481K(1413376K), 0.0269840 secs] [Times: user=0.09 sys=0.00, real=0.03 secs] 
2014-07-08T09:01:59.851+0000: 3525.400: [GC [PSYoungGen: 726366K->356K(699584K)] 1068431K->342485K(1386560K), 0.0094910 secs] [Times: user=0.03 sys=0.00, real=0.01 secs] 
2014-07-08T09:02:01.464+0000: 3527.014: [GC [PSYoungGen: 699556K->896K(674560K)] 1041685K->343097K(1361536K), 0.0055540 secs] [Times: user=0.02 sys=0.01, real=0.00 secs] 
2014-07-08T09:02:02.935+0000: 3528.484: [GC [PSYoungGen: 674464K->658K(650048K)] 1016665K->343011K(1337024K), 0.0152900 secs] [Times: user=0.06 sys=0.00, real=0.02 secs] 
2014-07-08T09:02:04.313+0000: 3529.862: [GC [PSYoungGen: 650002K->224K(779520K)] 992355K->342713K(1466496K), 0.0319560 secs] [Times: user=0.11 sys=0.00, real=0.03 secs] 
2014-07-08T09:02:06.025+0000: 3531.574: [GC [PSYoungGen: 779488K->320K(935488K)] 1121977K->342929K(1622464K), 0.0278580 secs] [Times: user=0.10 sys=0.00, real=0.03 secs] 
2014-07-08T09:02:08.128+0000: 3533.678: [GC [PSYoungGen: 935488K->452K(1122752K)] 1278097K->343189K(1809728K), 0.0175610 secs] [Times: user=0.06 sys=0.00, real=0.02 secs] 
2014-07-08T09:02:10.623+0000: 3536.173: [GC [PSYoungGen: 1122692K->932K(1347648K)] 1465429K->343789K(2034624K), 0.0219590 secs] [Times: user=0.07 sys=0.00, real=0.02 secs] 
2014-07-08T09:02:13.578+0000: 3539.128: [GC [PSYoungGen: 1347620K->836K(1616960K)] 1690477K->343869K(2303936K), 0.0385270 secs] [Times: user=0.14 sys=0.00, real=0.04 secs] 
2014-07-08T09:02:17.132+0000: 3542.682: [GC [PSYoungGen: 1616860K->320K(1698304K)] 1959893K->343625K(2385280K), 0.0302560 secs] [Times: user=0.11 sys=0.00, real=0.03 secs] 
2014-07-08T09:02:20.895+0000: 3546.444: [GC [PSYoungGen: 1697984K->598K(1624640K)] 2041289K->344087K(2311616K), 0.0199570 secs] [Times: user=0.07 sys=0.00, real=0.02 secs] 
2014-07-08T09:02:24.486+0000: 3550.036: [GC [PSYoungGen: 1624554K->626K(1554624K)] 1968043K->344467K(2241600K), 0.0151970 secs] [Times: user=0.06 sys=0.00, real=0.01 secs] 
2014-07-08T09:02:27.956+0000: 3553.505: [GC [PSYoungGen: 1554610K->512K(1487872K)] 1898451K->344617K(2174848K), 0.0282350 secs] [Times: user=0.10 sys=0.00, real=0.02 secs] 
2014-07-08T09:02:31.183+0000: 3556.732: [GC [PSYoungGen: 1487872K->544K(1424576K)] 1831977K->344881K(2111552K), 0.0076990 secs] [Times: user=0.02 sys=0.00, real=0.01 secs] 
2014-07-08T09:02:34.347+0000: 3559.896: [GC [PSYoungGen: 1424544K->964K(1364736K)] 1768881K->345493K(2051712K), 0.0068400 secs] [Times: user=0.02 sys=0.00, real=0.00 secs] 
2014-07-08T09:02:37.386+0000: 3562.935: [GC [PSYoungGen: 1364676K->868K(1307264K)] 1709205K->345669K(1994240K), 0.0087320 secs] [Times: user=0.02 sys=0.00, real=0.00 secs] 
2014-07-08T09:02:40.238+0000: 3565.787: [GC [PSYoungGen: 1307236K->320K(1252160K)] 1652037K->345305K(1939136K), 0.0059470 secs] [Times: user=0.02 sys=0.00, real=0.00 secs] 
2014-07-08T09:02:43.090+0000: 3568.640: [GC [PSYoungGen: 1252160K->626K(1200576K)] 1597145K->345787K(1887552K), 0.0490900 secs] [Times: user=0.16 sys=0.00, real=0.05 secs] 
2014-07-08T09:02:45.687+0000: 3571.236: [GC [PSYoungGen: 1200562K->594K(1151232K)] 1545723K->346035K(1838208K), 0.0114270 secs] [Times: user=0.04 sys=0.00, real=0.01 secs] 
2014-07-08T09:02:48.198+0000: 3573.748: [GC [PSYoungGen: 1151186K->224K(1103872K)] 1496627K->345817K(1790848K), 0.0244940 secs] [Times: user=0.08 sys=0.00, real=0.02 secs] 
2014-07-08T09:02:50.697+0000: 3576.246: [GC [PSYoungGen: 1103840K->800K(1059776K)] 1449433K->346545K(1746752K), 0.0130540 secs] [Times: user=0.03 sys=0.00, real=0.02 secs] 
2014-07-08T09:02:52.998+0000: 3578.548: [GC [PSYoungGen: 1059744K->448K(1016832K)] 1405489K->346353K(1703808K), 0.0315120 secs] [Times: user=0.12 sys=0.00, real=0.03 secs] 
2014-07-08T09:02:55.241+0000: 3580.790: [GC [PSYoungGen: 1016740K->402K(976320K)] 1362646K->346523K(1663296K), 0.0227590 secs] [Times: user=0.07 sys=0.00, real=0.02 secs] 
2014-07-08T09:02:57.557+0000: 3583.106: [GC [PSYoungGen: 976274K->1092K(938432K)] 1322395K->347357K(1625408K), 0.0127730 secs] [Times: user=0.02 sys=0.01, real=0.02 secs] 
2014-07-08T09:02:59.503+0000: 3585.053: [GC [PSYoungGen: 938372K->672K(901248K)] 1284637K->347081K(1588224K), 0.0215880 secs] [Times: user=0.08 sys=0.00, real=0.02 secs] 
2014-07-08T09:03:01.476+0000: 3587.026: [GC [PSYoungGen: 901216K->480K(866048K)] 1247625K->346961K(1553024K), 0.0184930 secs] [Times: user=0.06 sys=0.00, real=0.02 secs] 
2014-07-08T09:03:03.452+0000: 3589.001: [GC [PSYoungGen: 866014K->832K(833024K)] 1212495K->347481K(1520000K), 0.0183210 secs] [Times: user=0.07 sys=0.00, real=0.02 secs] 
2014-07-08T09:03:05.211+0000: 3590.760: [GC [PSYoungGen: 833023K->768K(999424K)] 1179672K->347633K(1686400K), 0.0266050 secs] [Times: user=0.10 sys=0.00, real=0.02 secs] 
2014-07-08T09:03:07.552+0000: 3593.101: [GC [PSYoungGen: 999424K->1160K(1199616K)] 1346289K->348145K(1886592K), 0.0318040 secs] [Times: user=0.10 sys=0.00, real=0.03 secs] 
2014-07-08T09:03:10.059+0000: 3595.609: [GC [PSYoungGen: 1199560K->224K(1149376K)] 1546545K->347321K(1836352K), 0.0049410 secs] [Times: user=0.02 sys=0.01, real=0.01 secs] 
2014-07-08T09:03:12.815+0000: 3598.365: [GC [PSYoungGen: 1149270K->1188K(1103424K)] 1496367K->348405K(1790400K), 0.0080190 secs] [Times: user=0.03 sys=0.00, real=0.01 secs] 
2014-07-08T09:03:15.063+0000: 3600.612: [GC [PSYoungGen: 1103393K->256K(1057856K)] 1450610K->347705K(1744832K), 0.0216920 secs] [Times: user=0.07 sys=0.00, real=0.02 secs] 
2014-07-08T09:03:17.485+0000: 3603.035: [GC [PSYoungGen: 1057856K->736K(1015872K)] 1405305K->348329K(1702848K), 0.0153350 secs] [Times: user=0.06 sys=0.00, real=0.01 secs] 
2014-07-08T09:03:19.710+0000: 3605.259: [GC [PSYoungGen: 1015806K->612K(975296K)] 1363399K->348373K(1662272K), 0.0118860 secs] [Times: user=0.03 sys=0.01, real=0.02 secs] 
2014-07-08T09:03:21.862+0000: 3607.411: [GC [PSYoungGen: 975268K->658K(936832K)] 1323029K->348547K(1623808K), 0.0152280 secs] [Times: user=0.05 sys=0.01, real=0.01 secs] 
2014-07-08T09:03:23.938+0000: 3609.487: [GC [PSYoungGen: 936786K->352K(899840K)] 1284675K->348409K(1586816K), 0.0305360 secs] [Times: user=0.11 sys=0.00, real=0.03 secs] 
2014-07-08T09:03:25.898+0000: 3611.447: [GC [PSYoungGen: 899807K->384K(864896K)] 1247864K->348665K(1551872K), 0.0250400 secs] [Times: user=0.09 sys=0.00, real=0.03 secs] 
2014-07-08T09:03:27.986+0000: 3613.536: [GC [PSYoungGen: 864831K->886K(832128K)] 1213112K->349263K(1519104K), 0.0136900 secs] [Times: user=0.04 sys=0.00, real=0.01 secs] 
2014-07-08T09:03:29.689+0000: 3615.239: [GC [PSYoungGen: 832118K->662K(800256K)] 1180495K->349151K(1487232K), 0.0052420 secs] [Times: user=0.02 sys=0.00, real=0.01 secs] 
2014-07-08T09:03:31.408+0000: 3616.957: [GC [PSYoungGen: 800214K->448K(959936K)] 1148703K->349025K(1646912K), 0.0354030 secs] [Times: user=0.13 sys=0.01, real=0.04 secs] 
2014-07-08T09:03:33.741+0000: 3619.290: [GC [PSYoungGen: 959936K->1042K(922816K)] 1308513K->349731K(1609792K), 0.0063710 secs] [Times: user=0.02 sys=0.00, real=0.01 secs] 
2014-07-08T09:03:35.591+0000: 3621.140: [GC [PSYoungGen: 922759K->872K(886656K)] 1271448K->349817K(1573632K), 0.0083650 secs] [Times: user=0.03 sys=0.00, real=0.01 secs] 
2014-07-08T09:03:37.537+0000: 3623.086: [GC [PSYoungGen: 886632K->658K(1063616K)] 1235577K->349715K(1750592K), 0.0367620 secs] [Times: user=0.11 sys=0.00, real=0.03 secs] 
2014-07-08T09:03:40.076+0000: 3625.626: [GC [PSYoungGen: 1063533K->438K(1020608K)] 1412590K->349575K(1707584K), 0.0217040 secs] [Times: user=0.07 sys=0.01, real=0.02 secs] 
Heap
 PSYoungGen      total 1020608K, used 721078K [0x0000000755560000, 0x00000007bbec0000, 0x0000000800000000)
  eden space 1020160K, 70% used [0x0000000755560000,0x0000000781520348,0x00000007939a0000)
  from space 448K, 97% used [0x00000007bbe50000,0x00000007bbebd830,0x00000007bbec0000)
  to   space 1280K, 0% used [0x00000007bbc40000,0x00000007bbc40000,0x00000007bbd80000)
 ParOldGen       total 686976K, used 349137K [0x0000000600000000, 0x0000000629ee0000, 0x0000000755560000)
  object space 686976K, 50% used [0x0000000600000000,0x00000006154f4440,0x0000000629ee0000)
 PSPermGen       total 21248K, used 11718K [0x00000005f5a00000, 0x00000005f6ec0000, 0x0000000600000000)
  object space 21248K, 55% used [0x00000005f5a00000,0x00000005f6571be0,0x00000005f6ec0000)
