2014-07-08T06:46:18.145+0000: 23.235: [GC [PSYoungGen: 257728K->19290K(300608K)] 257728K->19298K(987584K), 0.0190290 secs] [Times: user=0.04 sys=0.01, real=0.02 secs] 
2014-07-08T06:46:22.354+0000: 27.445: [GC [PSYoungGen: 277018K->20788K(300608K)] 277026K->20804K(987584K), 0.0132920 secs] [Times: user=0.06 sys=0.02, real=0.01 secs] 
2014-07-08T06:46:24.359+0000: 29.449: [GC [PSYoungGen: 278516K->23470K(300608K)] 278532K->23494K(987584K), 0.0088910 secs] [Times: user=0.04 sys=0.01, real=0.01 secs] 
2014-07-08T06:46:25.686+0000: 30.776: [GC [PSYoungGen: 281198K->27572K(300608K)] 281222K->27604K(987584K), 0.0140120 secs] [Times: user=0.04 sys=0.01, real=0.01 secs] 
2014-07-08T06:46:27.012+0000: 32.103: [GC [PSYoungGen: 285300K->30831K(282176K)] 285332K->30871K(969152K), 0.0096340 secs] [Times: user=0.03 sys=0.00, real=0.01 secs] 
2014-07-08T06:46:28.510+0000: 33.600: [GC [PSYoungGen: 282159K->28660K(273856K)] 282199K->33435K(960832K), 0.0115680 secs] [Times: user=0.06 sys=0.01, real=0.01 secs] 
2014-07-08T06:46:30.009+0000: 35.099: [GC [PSYoungGen: 273844K->14291K(253568K)] 278619K->36960K(940544K), 0.0110580 secs] [Times: user=0.04 sys=0.01, real=0.01 secs] 
2014-07-08T06:46:31.361+0000: 36.451: [GC [PSYoungGen: 253523K->10586K(267712K)] 276192K->38233K(954688K), 0.0064790 secs] [Times: user=0.03 sys=0.00, real=0.01 secs] 
2014-07-08T06:46:32.745+0000: 37.836: [GC [PSYoungGen: 244122K->6627K(234688K)] 271769K->39302K(921664K), 0.0032420 secs] [Times: user=0.01 sys=0.01, real=0.00 secs] 
2014-07-08T06:46:34.068+0000: 39.158: [GC [PSYoungGen: 234657K->2740K(259648K)] 267332K->40254K(946624K), 0.0048460 secs] [Times: user=0.02 sys=0.00, real=0.00 secs] 
2014-07-08T06:46:35.310+0000: 40.400: [GC [PSYoungGen: 225460K->1009K(218624K)] 262974K->40518K(905600K), 0.0048080 secs] [Times: user=0.01 sys=0.00, real=0.01 secs] 
2014-07-08T06:46:36.591+0000: 41.682: [GC [PSYoungGen: 218600K->1165K(250240K)] 258109K->40994K(937216K), 0.0065460 secs] [Times: user=0.04 sys=0.00, real=0.01 secs] 
2014-07-08T06:46:37.911+0000: 43.001: [GC [PSYoungGen: 213837K->1291K(209216K)] 253666K->41307K(896192K), 0.0061990 secs] [Times: user=0.02 sys=0.00, real=0.01 secs] 
2014-07-08T06:46:39.207+0000: 44.297: [GC [PSYoungGen: 209140K->835K(239616K)] 249156K->41492K(926592K), 0.0065900 secs] [Times: user=0.03 sys=0.00, real=0.00 secs] 
2014-07-08T06:46:40.464+0000: 45.554: [GC [PSYoungGen: 204099K->740K(199552K)] 244756K->41610K(886528K), 0.0068570 secs] [Times: user=0.03 sys=0.00, real=0.01 secs] 
2014-07-08T06:46:41.597+0000: 46.687: [GC [PSYoungGen: 199524K->826K(228736K)] 240394K->41784K(915712K), 0.0052250 secs] [Times: user=0.02 sys=0.00, real=0.00 secs] 
2014-07-08T06:46:42.691+0000: 47.781: [GC [PSYoungGen: 195322K->758K(191104K)] 236280K->41788K(878080K), 0.0081800 secs] [Times: user=0.04 sys=0.01, real=0.01 secs] 
2014-07-08T06:46:43.759+0000: 48.849: [GC [PSYoungGen: 191094K->915K(217856K)] 232124K->42009K(904832K), 0.0036160 secs] [Times: user=0.01 sys=0.00, real=0.00 secs] 
2014-07-08T06:46:44.827+0000: 49.918: [GC [PSYoungGen: 187219K->808K(183232K)] 228313K->41990K(870208K), 0.0062360 secs] [Times: user=0.04 sys=0.00, real=0.00 secs] 
2014-07-08T06:46:45.880+0000: 50.970: [GC [PSYoungGen: 183208K->812K(207168K)] 224390K->42066K(894144K), 0.0070940 secs] [Times: user=0.04 sys=0.00, real=0.01 secs] 
2014-07-08T06:46:46.897+0000: 51.987: [GC [PSYoungGen: 179436K->885K(175872K)] 220690K->42204K(862848K), 0.0084320 secs] [Times: user=0.04 sys=0.00, real=0.00 secs] 
2014-07-08T06:46:48.059+0000: 53.149: [GC [PSYoungGen: 175861K->975K(197056K)] 217180K->42523K(884032K), 0.0043790 secs] [Times: user=0.01 sys=0.00, real=0.00 secs] 
2014-07-08T06:46:48.949+0000: 54.039: [GC [PSYoungGen: 172431K->933K(169024K)] 213979K->42529K(856000K), 0.0055960 secs] [Times: user=0.02 sys=0.00, real=0.00 secs] 
2014-07-08T06:46:49.809+0000: 54.899: [GC [PSYoungGen: 168997K->926K(187456K)] 210593K->42725K(874432K), 0.0060850 secs] [Times: user=0.02 sys=0.00, real=0.00 secs] 
2014-07-08T06:46:50.655+0000: 55.745: [GC [PSYoungGen: 165726K->844K(162496K)] 207525K->42715K(849472K), 0.0050800 secs] [Times: user=0.02 sys=0.00, real=0.01 secs] 
2014-07-08T06:46:51.504+0000: 56.594: [GC [PSYoungGen: 162444K->1128K(178368K)] 204315K->43055K(865344K), 0.0056970 secs] [Times: user=0.01 sys=0.00, real=0.01 secs] 
2014-07-08T06:46:52.325+0000: 57.415: [GC [PSYoungGen: 159644K->722K(156288K)] 201571K->42737K(843264K), 0.0075570 secs] [Times: user=0.04 sys=0.00, real=0.01 secs] 
2014-07-08T06:46:53.165+0000: 58.255: [GC [PSYoungGen: 156242K->612K(170112K)] 198257K->42659K(857088K), 0.0061700 secs] [Times: user=0.02 sys=0.00, real=0.01 secs] 
2014-07-08T06:46:54.000+0000: 59.091: [GC [PSYoungGen: 153252K->858K(150720K)] 195299K->42945K(837696K), 0.0082680 secs] [Times: user=0.02 sys=0.00, real=0.01 secs] 
2014-07-08T06:46:54.860+0000: 59.950: [GC [PSYoungGen: 150682K->876K(162112K)] 192769K->43043K(849088K), 0.0059600 secs] [Times: user=0.04 sys=0.00, real=0.00 secs] 
2014-07-08T06:46:55.689+0000: 60.779: [GC [PSYoungGen: 147948K->818K(145280K)] 190115K->43033K(832256K), 0.0059570 secs] [Times: user=0.03 sys=0.00, real=0.00 secs] 
2014-07-08T06:46:56.590+0000: 61.680: [GC [PSYoungGen: 145265K->744K(154880K)] 187480K->43023K(841856K), 0.0049050 secs] [Times: user=0.02 sys=0.00, real=0.00 secs] 
2014-07-08T06:46:57.336+0000: 62.426: [GC [PSYoungGen: 142632K->914K(140352K)] 184911K->43265K(827328K), 0.0056060 secs] [Times: user=0.03 sys=0.00, real=0.01 secs] 
2014-07-08T06:46:58.059+0000: 63.149: [GC [PSYoungGen: 140300K->1018K(147968K)] 182651K->43433K(834944K), 0.0035200 secs] [Times: user=0.01 sys=0.00, real=0.00 secs] 
2014-07-08T06:46:58.726+0000: 63.816: [GC [PSYoungGen: 137978K->744K(135360K)] 180393K->43239K(822336K), 0.0031930 secs] [Times: user=0.00 sys=0.00, real=0.01 secs] 
2014-07-08T06:46:59.409+0000: 64.499: [GC [PSYoungGen: 135336K->940K(141760K)] 177831K->43539K(828736K), 0.0045670 secs] [Times: user=0.02 sys=0.00, real=0.00 secs] 
2014-07-08T06:47:00.058+0000: 65.148: [GC [PSYoungGen: 133228K->872K(130944K)] 175827K->43551K(817920K), 0.0030170 secs] [Times: user=0.01 sys=0.00, real=0.00 secs] 
2014-07-08T06:47:00.684+0000: 65.775: [GC [PSYoungGen: 130897K->644K(135936K)] 173576K->43387K(822912K), 0.0049210 secs] [Times: user=0.03 sys=0.00, real=0.01 secs] 
2014-07-08T06:47:01.320+0000: 66.410: [GC [PSYoungGen: 128516K->740K(126528K)] 171259K->43539K(813504K), 0.0040890 secs] [Times: user=0.02 sys=0.00, real=0.00 secs] 
2014-07-08T06:47:01.945+0000: 67.035: [GC [PSYoungGen: 126483K->897K(130560K)] 169282K->43760K(817536K), 0.0061910 secs] [Times: user=0.04 sys=0.00, real=0.01 secs] 
2014-07-08T06:47:02.544+0000: 67.634: [GC [PSYoungGen: 124609K->1270K(123008K)] 167472K->44238K(809984K), 0.0035980 secs] [Times: user=0.02 sys=0.00, real=0.00 secs] 
2014-07-08T06:47:03.123+0000: 68.213: [GC [PSYoungGen: 122953K->748K(125568K)] 165921K->43771K(812544K), 0.0043660 secs] [Times: user=0.02 sys=0.00, real=0.00 secs] 
2014-07-08T06:47:03.739+0000: 68.829: [GC [PSYoungGen: 120556K->944K(118912K)] 163579K->44023K(805888K), 0.0077920 secs] [Times: user=0.05 sys=0.01, real=0.01 secs] 
2014-07-08T06:47:04.356+0000: 69.446: [GC [PSYoungGen: 118896K->612K(121024K)] 161975K->43755K(808000K), 0.0063830 secs] [Times: user=0.04 sys=0.00, real=0.01 secs] 
2014-07-08T06:47:04.871+0000: 69.961: [GC [PSYoungGen: 116692K->929K(115328K)] 159835K->44152K(802304K), 0.0068230 secs] [Times: user=0.03 sys=0.00, real=0.00 secs] 
2014-07-08T06:47:05.441+0000: 70.531: [GC [PSYoungGen: 115297K->1014K(116672K)] 158520K->44325K(803648K), 0.0029850 secs] [Times: user=0.01 sys=0.00, real=0.00 secs] 
2014-07-08T06:47:05.982+0000: 71.072: [GC [PSYoungGen: 113654K->908K(111936K)] 156965K->44315K(798912K), 0.0045910 secs] [Times: user=0.02 sys=0.00, real=0.00 secs] 
2014-07-08T06:47:06.554+0000: 71.645: [GC [PSYoungGen: 111883K->1000K(112640K)] 155290K->44479K(799616K), 0.0051850 secs] [Times: user=0.03 sys=0.00, real=0.01 secs] 
2014-07-08T06:47:07.093+0000: 72.184: [GC [PSYoungGen: 110305K->958K(108672K)] 153784K->44517K(795648K), 0.0055940 secs] [Times: user=0.03 sys=0.00, real=0.01 secs] 
2014-07-08T06:47:07.642+0000: 72.733: [GC [PSYoungGen: 108670K->1004K(108992K)] 152229K->44651K(795968K), 0.0060460 secs] [Times: user=0.03 sys=0.00, real=0.00 secs] 
2014-07-08T06:47:08.145+0000: 73.235: [GC [PSYoungGen: 107180K->1154K(105856K)] 150827K->44881K(792832K), 0.0064500 secs] [Times: user=0.04 sys=0.00, real=0.01 secs] 
2014-07-08T06:47:08.653+0000: 73.743: [GC [PSYoungGen: 105794K->662K(105600K)] 149521K->44461K(792576K), 0.0060580 secs] [Times: user=0.03 sys=0.00, real=0.01 secs] 
2014-07-08T06:47:09.143+0000: 74.233: [GC [PSYoungGen: 103830K->1064K(102784K)] 147629K->44943K(789760K), 0.0056370 secs] [Times: user=0.03 sys=0.00, real=0.00 secs] 
2014-07-08T06:47:09.635+0000: 74.725: [GC [PSYoungGen: 102760K->712K(102208K)] 146639K->44663K(789184K), 0.0035780 secs] [Times: user=0.01 sys=0.00, real=0.00 secs] 
2014-07-08T06:47:10.112+0000: 75.202: [GC [PSYoungGen: 101000K->886K(99840K)] 144951K->44917K(786816K), 0.0029520 secs] [Times: user=0.01 sys=0.00, real=0.00 secs] 
2014-07-08T06:47:10.595+0000: 75.685: [GC [PSYoungGen: 99830K->662K(99264K)] 143861K->44733K(786240K), 0.0027490 secs] [Times: user=0.01 sys=0.00, real=0.00 secs] 
2014-07-08T06:47:11.040+0000: 76.130: [GC [PSYoungGen: 98262K->634K(96960K)] 142333K->44713K(783936K), 0.0063740 secs] [Times: user=0.01 sys=0.00, real=0.00 secs] 
2014-07-08T06:47:11.470+0000: 76.560: [GC [PSYoungGen: 96952K->1058K(96448K)] 141031K->45217K(783424K), 0.0039480 secs] [Times: user=0.01 sys=0.00, real=0.01 secs] 
2014-07-08T06:47:11.877+0000: 76.968: [GC [PSYoungGen: 96098K->594K(94400K)] 140257K->44857K(781376K), 0.0041560 secs] [Times: user=0.02 sys=0.00, real=0.01 secs] 
2014-07-08T06:47:12.324+0000: 77.415: [GC [PSYoungGen: 94354K->1135K(96768K)] 138617K->45470K(783744K), 0.0107840 secs] [Times: user=0.07 sys=0.00, real=0.01 secs] 
2014-07-08T06:47:12.776+0000: 77.867: [GC [PSYoungGen: 95151K->808K(96704K)] 139486K->45199K(783680K), 0.0058590 secs] [Times: user=0.02 sys=0.00, real=0.01 secs] 
2014-07-08T06:47:13.215+0000: 78.305: [GC [PSYoungGen: 94799K->736K(115136K)] 139190K->45167K(802112K), 0.0072530 secs] [Times: user=0.05 sys=0.00, real=0.01 secs] 
2014-07-08T06:47:13.751+0000: 78.842: [GC [PSYoungGen: 113568K->858K(115264K)] 157999K->45377K(802240K), 0.0077380 secs] [Times: user=0.05 sys=0.00, real=0.00 secs] 
2014-07-08T06:47:14.279+0000: 79.369: [GC [PSYoungGen: 113690K->1054K(137472K)] 158209K->45669K(824448K), 0.0062230 secs] [Times: user=0.04 sys=0.00, real=0.01 secs] 
2014-07-08T06:47:14.913+0000: 80.003: [GC [PSYoungGen: 136477K->880K(137600K)] 181092K->45551K(824576K), 0.0025660 secs] [Times: user=0.01 sys=0.00, real=0.00 secs] 
2014-07-08T06:47:15.524+0000: 80.614: [GC [PSYoungGen: 136266K->912K(164416K)] 180937K->45639K(851392K), 0.0053220 secs] [Times: user=0.03 sys=0.00, real=0.00 secs] 
2014-07-08T06:47:16.283+0000: 81.373: [GC [PSYoungGen: 163471K->840K(160320K)] 208198K->45655K(847296K), 0.0023540 secs] [Times: user=0.01 sys=0.01, real=0.00 secs] 
2014-07-08T06:47:17.027+0000: 82.117: [GC [PSYoungGen: 160224K->780K(157248K)] 205039K->45643K(844224K), 0.0046250 secs] [Times: user=0.02 sys=0.01, real=0.01 secs] 
2014-07-08T06:47:17.753+0000: 82.844: [GC [PSYoungGen: 157189K->880K(154368K)] 202052K->45767K(841344K), 0.0100410 secs] [Times: user=0.06 sys=0.00, real=0.01 secs] 
2014-07-08T06:47:18.449+0000: 83.539: [GC [PSYoungGen: 154350K->826K(151488K)] 199238K->45785K(838464K), 0.0066500 secs] [Times: user=0.04 sys=0.00, real=0.01 secs] 
2014-07-08T06:47:19.170+0000: 84.260: [GC [PSYoungGen: 151482K->708K(148672K)] 196441K->45763K(835648K), 0.0040310 secs] [Times: user=0.02 sys=0.01, real=0.01 secs] 
2014-07-08T06:47:19.887+0000: 84.978: [GC [PSYoungGen: 148612K->762K(145984K)] 193667K->45865K(832960K), 0.0053650 secs] [Times: user=0.03 sys=0.00, real=0.01 secs] 
2014-07-08T06:47:20.528+0000: 85.618: [GC [PSYoungGen: 145978K->826K(143488K)] 191081K->46001K(830464K), 0.0048270 secs] [Times: user=0.02 sys=0.00, real=0.01 secs] 
2014-07-08T06:47:21.165+0000: 86.255: [GC [PSYoungGen: 143469K->790K(140992K)] 188644K->46061K(827968K), 0.0035440 secs] [Times: user=0.01 sys=0.01, real=0.00 secs] 
2014-07-08T06:47:21.778+0000: 86.869: [GC [PSYoungGen: 140934K->1057K(138816K)] 186205K->46384K(825792K), 0.0037960 secs] [Times: user=0.02 sys=0.00, real=0.01 secs] 
2014-07-08T06:47:22.374+0000: 87.464: [GC [PSYoungGen: 138738K->858K(136256K)] 184065K->46241K(823232K), 0.0043150 secs] [Times: user=0.03 sys=0.00, real=0.00 secs] 
2014-07-08T06:47:22.927+0000: 88.017: [GC [PSYoungGen: 136218K->712K(133824K)] 181601K->46151K(820800K), 0.0078210 secs] [Times: user=0.04 sys=0.00, real=0.01 secs] 
2014-07-08T06:47:23.469+0000: 88.559: [GC [PSYoungGen: 133768K->840K(131712K)] 179207K->46359K(818688K), 0.0037670 secs] [Times: user=0.02 sys=0.00, real=0.01 secs] 
2014-07-08T06:47:24.012+0000: 89.102: [GC [PSYoungGen: 131656K->858K(129536K)] 177175K->46449K(816512K), 0.0048290 secs] [Times: user=0.02 sys=0.00, real=0.00 secs] 
2014-07-08T06:47:24.541+0000: 89.632: [GC [PSYoungGen: 129496K->950K(127488K)] 175087K->46573K(814464K), 0.0073670 secs] [Times: user=0.04 sys=0.00, real=0.01 secs] 
2014-07-08T06:47:25.062+0000: 90.152: [GC [PSYoungGen: 127476K->658K(125184K)] 173099K->46337K(812160K), 0.0039750 secs] [Times: user=0.02 sys=0.01, real=0.01 secs] 
2014-07-08T06:47:25.578+0000: 90.668: [GC [PSYoungGen: 125122K->950K(123456K)] 170801K->46833K(810432K), 0.0028620 secs] [Times: user=0.02 sys=0.00, real=0.00 secs] 
2014-07-08T06:47:26.047+0000: 91.137: [GC [PSYoungGen: 123446K->762K(121344K)] 169329K->46717K(808320K), 0.0055760 secs] [Times: user=0.03 sys=0.00, real=0.01 secs] 
2014-07-08T06:47:26.528+0000: 91.618: [GC [PSYoungGen: 121328K->997K(145728K)] 167283K->47032K(832704K), 0.0088080 secs] [Times: user=0.05 sys=0.00, real=0.01 secs] 
2014-07-08T06:47:27.115+0000: 92.205: [GC [PSYoungGen: 145701K->876K(153536K)] 191736K->46967K(840512K), 0.0061750 secs] [Times: user=0.03 sys=0.01, real=0.00 secs] 
2014-07-08T06:47:27.739+0000: 92.829: [GC [PSYoungGen: 153068K->958K(175040K)] 199159K->47113K(862016K), 0.0093390 secs] [Times: user=0.04 sys=0.00, real=0.01 secs] 
2014-07-08T06:47:28.385+0000: 93.475: [GC [PSYoungGen: 174654K->698K(175040K)] 220809K->46869K(862016K), 0.0049150 secs] [Times: user=0.02 sys=0.00, real=0.00 secs] 
2014-07-08T06:47:29.041+0000: 94.131: [GC [PSYoungGen: 174394K->1057K(171328K)] 220565K->47308K(858304K), 0.0034320 secs] [Times: user=0.01 sys=0.00, real=0.01 secs] 
2014-07-08T06:47:29.673+0000: 94.763: [GC [PSYoungGen: 171297K->1338K(168256K)] 217548K->47645K(855232K), 0.0034960 secs] [Times: user=0.01 sys=0.00, real=0.00 secs] 
2014-07-08T06:47:30.268+0000: 95.359: [GC [PSYoungGen: 168250K->306K(163968K)] 214557K->47281K(850944K), 0.0032230 secs] [Times: user=0.02 sys=0.00, real=0.00 secs] 
2014-07-08T06:47:30.878+0000: 95.968: [GC [PSYoungGen: 163954K->726K(161280K)] 210929K->47749K(848256K), 0.0048760 secs] [Times: user=0.03 sys=0.00, real=0.00 secs] 
2014-07-08T06:47:31.450+0000: 96.540: [GC [PSYoungGen: 161238K->1380K(158848K)] 208261K->48515K(845824K), 0.0036390 secs] [Times: user=0.01 sys=0.01, real=0.01 secs] 
2014-07-08T06:47:32.009+0000: 97.099: [GC [PSYoungGen: 158820K->876K(155392K)] 205955K->48091K(842368K), 0.0066120 secs] [Times: user=0.03 sys=0.00, real=0.01 secs] 
2014-07-08T06:47:32.567+0000: 97.657: [GC [PSYoungGen: 155340K->822K(152448K)] 202556K->48890K(839424K), 0.0049060 secs] [Times: user=0.03 sys=0.01, real=0.00 secs] 
2014-07-08T06:47:33.198+0000: 98.288: [GC [PSYoungGen: 152438K->1706K(150592K)] 200506K->49822K(837568K), 0.0054800 secs] [Times: user=0.02 sys=0.01, real=0.01 secs] 
2014-07-08T06:47:33.750+0000: 98.840: [GC [PSYoungGen: 150570K->854K(147072K)] 198686K->49472K(834048K), 0.0040930 secs] [Times: user=0.02 sys=0.00, real=0.01 secs] 
2014-07-08T06:47:34.167+0000: 99.257: [GC [PSYoungGen: 147030K->644K(176128K)] 195648K->49302K(863104K), 0.0083640 secs] [Times: user=0.05 sys=0.00, real=0.01 secs] 
2014-07-08T06:47:34.804+0000: 99.894: [GC [PSYoungGen: 176060K->1302K(173248K)] 224719K->50040K(860224K), 0.0030130 secs] [Times: user=0.02 sys=0.00, real=0.00 secs] 
2014-07-08T06:47:35.255+0000: 100.345: [GC [PSYoungGen: 173206K->826K(169344K)] 221944K->49620K(856320K), 0.0054880 secs] [Times: user=0.01 sys=0.00, real=0.00 secs] 
2014-07-08T06:47:35.835+0000: 100.925: [GC [PSYoungGen: 169338K->1166K(166400K)] 218132K->50024K(853376K), 0.0047940 secs] [Times: user=0.02 sys=0.00, real=0.00 secs] 
2014-07-08T06:47:36.301+0000: 101.391: [GC [PSYoungGen: 166350K->1220K(163264K)] 215208K->50142K(850240K), 0.0030960 secs] [Times: user=0.01 sys=0.01, real=0.01 secs] 
2014-07-08T06:47:36.868+0000: 101.958: [GC [PSYoungGen: 163204K->1253K(160192K)] 212126K->50231K(847168K), 0.0054040 secs] [Times: user=0.03 sys=0.00, real=0.00 secs] 
2014-07-08T06:47:37.315+0000: 102.405: [GC [PSYoungGen: 160165K->1612K(157568K)] 209143K->50638K(844544K), 0.0046590 secs] [Times: user=0.01 sys=0.00, real=0.00 secs] 
2014-07-08T06:47:37.884+0000: 102.974: [GC [PSYoungGen: 157516K->804K(153856K)] 206542K->50192K(840832K), 0.0075200 secs] [Times: user=0.04 sys=0.00, real=0.01 secs] 
2014-07-08T06:47:38.374+0000: 103.464: [GC [PSYoungGen: 153828K->1552K(151808K)] 203216K->50972K(838784K), 0.0051110 secs] [Times: user=0.01 sys=0.01, real=0.00 secs] 
2014-07-08T06:47:38.877+0000: 103.967: [GC [PSYoungGen: 151760K->1452K(148928K)] 201180K->51386K(835904K), 0.0043360 secs] [Times: user=0.02 sys=0.00, real=0.00 secs] 
2014-07-08T06:47:39.335+0000: 104.425: [GC [PSYoungGen: 148908K->1488K(146368K)] 198842K->51494K(833344K), 0.0050960 secs] [Times: user=0.02 sys=0.00, real=0.00 secs] 
2014-07-08T06:47:39.852+0000: 104.942: [GC [PSYoungGen: 146320K->1402K(175232K)] 196326K->51531K(862208K), 0.0058680 secs] [Times: user=0.04 sys=0.00, real=0.01 secs] 
2014-07-08T06:47:40.318+0000: 105.408: [GC [PSYoungGen: 175226K->1362K(197504K)] 225355K->51563K(884480K), 0.0049780 secs] [Times: user=0.03 sys=0.00, real=0.00 secs] 
2014-07-08T06:47:40.952+0000: 106.042: [GC [PSYoungGen: 196690K->1512K(192704K)] 246891K->51785K(879680K), 0.0035260 secs] [Times: user=0.02 sys=0.00, real=0.01 secs] 
2014-07-08T06:47:41.554+0000: 106.645: [GC [PSYoungGen: 192654K->1584K(188736K)] 242926K->51936K(875712K), 0.0060290 secs] [Times: user=0.04 sys=0.00, real=0.00 secs] 
2014-07-08T06:47:42.295+0000: 107.385: [GC [PSYoungGen: 188720K->1120K(208704K)] 239072K->51903K(895680K), 0.0109060 secs] [Times: user=0.07 sys=0.01, real=0.01 secs] 
2014-07-08T06:47:43.006+0000: 108.096: [GC [PSYoungGen: 208669K->1794K(204800K)] 259452K->52640K(891776K), 0.0048260 secs] [Times: user=0.03 sys=0.00, real=0.00 secs] 
2014-07-08T06:47:43.759+0000: 108.850: [GC [PSYoungGen: 204738K->306K(198848K)] 255584K->52060K(885824K), 0.0046020 secs] [Times: user=0.02 sys=0.00, real=0.00 secs] 
2014-07-08T06:47:44.315+0000: 109.405: [GC [PSYoungGen: 198785K->1614K(195904K)] 250539K->53417K(882880K), 0.0065160 secs] [Times: user=0.04 sys=0.00, real=0.01 secs] 
2014-07-08T06:47:44.974+0000: 110.064: [GC [PSYoungGen: 195814K->1482K(191616K)] 247617K->53917K(878592K), 0.0058820 secs] [Times: user=0.03 sys=0.00, real=0.01 secs] 
2014-07-08T06:47:45.535+0000: 110.626: [GC [PSYoungGen: 191562K->1572K(187648K)] 243997K->54087K(874624K), 0.0056370 secs] [Times: user=0.03 sys=0.00, real=0.00 secs] 
2014-07-08T06:47:46.022+0000: 111.113: [GC [PSYoungGen: 187600K->1126K(183360K)] 240114K->53891K(870336K), 0.0053080 secs] [Times: user=0.03 sys=0.00, real=0.01 secs] 
2014-07-08T06:47:46.702+0000: 111.792: [GC [PSYoungGen: 183334K->1554K(180096K)] 236099K->54423K(867072K), 0.0043320 secs] [Times: user=0.02 sys=0.00, real=0.01 secs] 
2014-07-08T06:47:47.098+0000: 112.188: [GC [PSYoungGen: 180050K->1228K(176128K)] 232919K->54261K(863104K), 0.0057240 secs] [Times: user=0.03 sys=0.00, real=0.00 secs] 
2014-07-08T06:47:47.740+0000: 112.830: [GC [PSYoungGen: 176046K->1616K(172992K)] 229079K->54745K(859968K), 0.0033850 secs] [Times: user=0.02 sys=0.00, real=0.00 secs] 
2014-07-08T06:47:48.140+0000: 113.230: [GC [PSYoungGen: 172920K->1192K(169152K)] 226049K->54483K(856128K), 0.0045360 secs] [Times: user=0.03 sys=0.00, real=0.00 secs] 
2014-07-08T06:47:48.937+0000: 114.028: [GC [PSYoungGen: 169128K->1498K(166208K)] 222419K->54885K(853184K), 0.0072450 secs] [Times: user=0.04 sys=0.00, real=0.00 secs] 
2014-07-08T06:47:49.436+0000: 114.526: [GC [PSYoungGen: 166170K->1028K(162560K)] 219557K->54471K(849536K), 0.0048430 secs] [Times: user=0.03 sys=0.00, real=0.01 secs] 
2014-07-08T06:47:49.992+0000: 115.082: [GC [PSYoungGen: 162500K->1672K(160128K)] 215943K->55187K(847104K), 0.0057810 secs] [Times: user=0.03 sys=0.00, real=0.01 secs] 
2014-07-08T06:47:50.488+0000: 115.578: [GC [PSYoungGen: 160045K->1188K(156608K)] 213560K->55065K(843584K), 0.0051520 secs] [Times: user=0.03 sys=0.00, real=0.00 secs] 
2014-07-08T06:47:50.981+0000: 116.071: [GC [PSYoungGen: 156577K->1998K(154560K)] 210454K->55997K(841536K), 0.0029660 secs] [Times: user=0.01 sys=0.00, real=0.00 secs] 
2014-07-08T06:47:51.403+0000: 116.493: [GC [PSYoungGen: 154510K->890K(150592K)] 208509K->55629K(837568K), 0.0030930 secs] [Times: user=0.02 sys=0.00, real=0.01 secs] 
2014-07-08T06:47:51.876+0000: 116.966: [GC [PSYoungGen: 150575K->1898K(148928K)] 205314K->56725K(835904K), 0.0043960 secs] [Times: user=0.02 sys=0.01, real=0.01 secs] 
2014-07-08T06:47:52.219+0000: 117.309: [GC [PSYoungGen: 148875K->1470K(145856K)] 203702K->56549K(832832K), 0.0054570 secs] [Times: user=0.04 sys=0.00, real=0.00 secs] 
2014-07-08T06:47:52.709+0000: 117.799: [GC [PSYoungGen: 145854K->1400K(143232K)] 200933K->56535K(830208K), 0.0052910 secs] [Times: user=0.02 sys=0.00, real=0.00 secs] 
2014-07-08T06:47:53.075+0000: 118.165: [GC [PSYoungGen: 143208K->1466K(140800K)] 198343K->56713K(827776K), 0.0038630 secs] [Times: user=0.02 sys=0.00, real=0.01 secs] 
2014-07-08T06:47:53.745+0000: 118.835: [GC [PSYoungGen: 140793K->1548K(138496K)] 196040K->56907K(825472K), 0.0056140 secs] [Times: user=0.04 sys=0.00, real=0.01 secs] 
2014-07-08T06:47:54.235+0000: 119.325: [GC [PSYoungGen: 138444K->1200K(135744K)] 193803K->56647K(822720K), 0.0048460 secs] [Times: user=0.02 sys=0.00, real=0.01 secs] 
2014-07-08T06:47:54.704+0000: 119.794: [GC [PSYoungGen: 135694K->2032K(134272K)] 191142K->57552K(821248K), 0.0025020 secs] [Times: user=0.01 sys=0.00, real=0.01 secs] 
2014-07-08T06:47:54.994+0000: 120.084: [GC [PSYoungGen: 134256K->876K(159616K)] 189776K->56869K(846592K), 0.0046720 secs] [Times: user=0.03 sys=0.00, real=0.01 secs] 
2014-07-08T06:47:55.329+0000: 120.419: [GC [PSYoungGen: 159596K->1924K(192448K)] 215589K->57989K(879424K), 0.0064130 secs] [Times: user=0.04 sys=0.00, real=0.00 secs] 
2014-07-08T06:47:55.939+0000: 121.029: [GC [PSYoungGen: 192368K->1504K(193280K)] 248433K->57953K(880256K), 0.0032420 secs] [Times: user=0.02 sys=0.00, real=0.00 secs] 
2014-07-08T06:47:56.561+0000: 121.651: [GC [PSYoungGen: 193248K->2299K(194048K)] 249697K->58894K(881024K), 0.0070560 secs] [Times: user=0.04 sys=0.00, real=0.01 secs] 
2014-07-08T06:47:57.153+0000: 122.244: [GC [PSYoungGen: 194010K->1496K(232512K)] 250605K->58405K(919488K), 0.0109880 secs] [Times: user=0.07 sys=0.00, real=0.01 secs] 
2014-07-08T06:47:57.962+0000: 123.052: [GC [PSYoungGen: 231640K->1078K(232576K)] 288549K->58099K(919552K), 0.0035790 secs] [Times: user=0.02 sys=0.01, real=0.00 secs] 
2014-07-08T06:47:58.763+0000: 123.853: [GC [PSYoungGen: 231200K->1588K(226368K)] 288221K->58721K(913344K), 0.0042960 secs] [Times: user=0.02 sys=0.00, real=0.01 secs] 
2014-07-08T06:47:59.359+0000: 124.449: [GC [PSYoungGen: 226356K->1410K(221056K)] 283489K->58631K(908032K), 0.0067580 secs] [Times: user=0.05 sys=0.00, real=0.00 secs] 
2014-07-08T06:48:00.184+0000: 125.274: [GC [PSYoungGen: 220994K->1718K(216320K)] 278215K->59174K(903296K), 0.0034270 secs] [Times: user=0.02 sys=0.00, real=0.01 secs] 
2014-07-08T06:48:00.898+0000: 125.988: [GC [PSYoungGen: 216276K->1724K(211456K)] 273731K->59275K(898432K), 0.0042610 secs] [Times: user=0.02 sys=0.00, real=0.00 secs] 
2014-07-08T06:48:01.519+0000: 126.609: [GC [PSYoungGen: 211452K->1452K(206528K)] 269003K->59246K(893504K), 0.0037120 secs] [Times: user=0.02 sys=0.00, real=0.00 secs] 
2014-07-08T06:48:02.094+0000: 127.184: [GC [PSYoungGen: 206508K->1632K(202240K)] 264302K->59513K(889216K), 0.0059760 secs] [Times: user=0.03 sys=0.00, real=0.01 secs] 
2014-07-08T06:48:02.772+0000: 127.862: [GC [PSYoungGen: 202172K->1506K(197760K)] 260054K->59704K(884736K), 0.0043110 secs] [Times: user=0.02 sys=0.00, real=0.00 secs] 
2014-07-08T06:48:03.390+0000: 128.480: [GC [PSYoungGen: 197730K->1708K(193728K)] 255928K->59946K(880704K), 0.0053840 secs] [Times: user=0.03 sys=0.01, real=0.00 secs] 
2014-07-08T06:48:04.175+0000: 129.266: [GC [PSYoungGen: 193708K->1277K(189184K)] 251946K->59864K(876160K), 0.0072930 secs] [Times: user=0.04 sys=0.01, real=0.01 secs] 
2014-07-08T06:48:04.842+0000: 129.932: [GC [PSYoungGen: 189181K->1268K(185280K)] 247768K->59919K(872256K), 0.0041810 secs] [Times: user=0.02 sys=0.01, real=0.00 secs] 
2014-07-08T06:48:05.349+0000: 130.440: [GC [PSYoungGen: 185241K->1570K(181824K)] 243892K->60293K(868800K), 0.0045700 secs] [Times: user=0.03 sys=0.00, real=0.00 secs] 
2014-07-08T06:48:05.968+0000: 131.058: [GC [PSYoungGen: 181794K->1578K(178176K)] 240517K->60397K(865152K), 0.0051500 secs] [Times: user=0.02 sys=0.00, real=0.00 secs] 
2014-07-08T06:48:06.414+0000: 131.504: [GC [PSYoungGen: 178154K->1196K(174208K)] 236973K->60281K(861184K), 0.0060630 secs] [Times: user=0.04 sys=0.00, real=0.01 secs] 
2014-07-08T06:48:07.165+0000: 132.255: [GC [PSYoungGen: 174187K->1577K(171136K)] 233272K->60718K(858112K), 0.0095560 secs] [Times: user=0.05 sys=0.00, real=0.01 secs] 
2014-07-08T06:48:07.720+0000: 132.810: [GC [PSYoungGen: 171016K->1456K(167680K)] 230156K->61032K(854656K), 0.0035130 secs] [Times: user=0.01 sys=0.00, real=0.00 secs] 
2014-07-08T06:48:08.172+0000: 133.262: [GC [PSYoungGen: 167664K->1428K(164480K)] 227240K->61068K(851456K), 0.0037280 secs] [Times: user=0.01 sys=0.01, real=0.00 secs] 
2014-07-08T06:48:08.888+0000: 133.978: [GC [PSYoungGen: 164436K->1338K(161216K)] 224076K->61174K(848192K), 0.0090020 secs] [Times: user=0.06 sys=0.00, real=0.01 secs] 
2014-07-08T06:48:09.302+0000: 134.392: [GC [PSYoungGen: 161154K->2045K(158912K)] 220990K->62192K(845888K), 0.0049010 secs] [Times: user=0.03 sys=0.00, real=0.00 secs] 
2014-07-08T06:48:09.858+0000: 134.948: [GC [PSYoungGen: 158909K->744K(154688K)] 219056K->62041K(841664K), 0.0052040 secs] [Times: user=0.03 sys=0.00, real=0.01 secs] 
2014-07-08T06:48:10.175+0000: 135.265: [GC [PSYoungGen: 154664K->2274K(187008K)] 215961K->63643K(873984K), 0.0048480 secs] [Times: user=0.03 sys=0.00, real=0.01 secs] 
2014-07-08T06:48:10.810+0000: 135.901: [GC [PSYoungGen: 186978K->1448K(223168K)] 248347K->63517K(910144K), 0.0054950 secs] [Times: user=0.03 sys=0.00, real=0.00 secs] 
2014-07-08T06:48:11.359+0000: 136.449: [GC [PSYoungGen: 223144K->2046K(264064K)] 285213K->64188K(951040K), 0.0072810 secs] [Times: user=0.05 sys=0.00, real=0.01 secs] 
2014-07-08T06:48:12.227+0000: 137.317: [GC [PSYoungGen: 263614K->1480K(256576K)] 325756K->63694K(943552K), 0.0044230 secs] [Times: user=0.02 sys=0.00, real=0.01 secs] 
2014-07-08T06:48:13.189+0000: 138.279: [GC [PSYoungGen: 256520K->1824K(250560K)] 318734K->64125K(937536K), 0.0045530 secs] [Times: user=0.03 sys=0.00, real=0.01 secs] 
2014-07-08T06:48:14.084+0000: 139.174: [GC [PSYoungGen: 250528K->1642K(244288K)] 312829K->64089K(931264K), 0.0030880 secs] [Times: user=0.02 sys=0.00, real=0.00 secs] 
2014-07-08T06:48:14.800+0000: 139.890: [GC [PSYoungGen: 244257K->1406K(238208K)] 306704K->63933K(925184K), 0.0038320 secs] [Times: user=0.01 sys=0.00, real=0.00 secs] 
2014-07-08T06:48:15.338+0000: 140.428: [GC [PSYoungGen: 238198K->1839K(233024K)] 300725K->64489K(920000K), 0.0052320 secs] [Times: user=0.03 sys=0.00, real=0.01 secs] 
2014-07-08T06:48:16.084+0000: 141.174: [GC [PSYoungGen: 233007K->2136K(227904K)] 295657K->64858K(914880K), 0.0067220 secs] [Times: user=0.04 sys=0.00, real=0.01 secs] 
2014-07-08T06:48:16.787+0000: 141.877: [GC [PSYoungGen: 227864K->890K(221376K)] 290586K->63987K(908352K), 0.0051630 secs] [Times: user=0.03 sys=0.01, real=0.01 secs] 
2014-07-08T06:48:17.278+0000: 142.368: [GC [PSYoungGen: 221370K->1879K(217344K)] 284467K->65048K(904320K), 0.0044590 secs] [Times: user=0.02 sys=0.01, real=0.01 secs] 
2014-07-08T06:48:17.977+0000: 143.067: [GC [PSYoungGen: 217298K->1592K(212160K)] 280467K->64868K(899136K), 0.0035790 secs] [Times: user=0.02 sys=0.00, real=0.01 secs] 
2014-07-08T06:48:18.550+0000: 143.640: [GC [PSYoungGen: 212145K->1833K(207744K)] 275420K->65181K(894720K), 0.0059310 secs] [Times: user=0.04 sys=0.01, real=0.00 secs] 
2014-07-08T06:48:19.345+0000: 144.435: [GC [PSYoungGen: 207707K->1442K(202816K)] 271055K->65092K(889792K), 0.0036140 secs] [Times: user=0.02 sys=0.00, real=0.00 secs] 
2014-07-08T06:48:19.931+0000: 145.021: [GC [PSYoungGen: 202786K->1416K(198464K)] 266436K->65138K(885440K), 0.0043380 secs] [Times: user=0.03 sys=0.00, real=0.00 secs] 
2014-07-08T06:48:20.391+0000: 145.481: [GC [PSYoungGen: 198408K->1524K(194304K)] 262130K->65333K(881280K), 0.0049140 secs] [Times: user=0.02 sys=0.01, real=0.00 secs] 
2014-07-08T06:48:20.999+0000: 146.089: [GC [PSYoungGen: 194260K->1572K(232960K)] 258070K->65438K(919936K), 0.0107350 secs] [Times: user=0.07 sys=0.00, real=0.01 secs] 
2014-07-08T06:48:21.746+0000: 146.837: [GC [PSYoungGen: 232932K->1518K(227456K)] 296798K->65472K(914432K), 0.0039520 secs] [Times: user=0.02 sys=0.00, real=0.00 secs] 
2014-07-08T06:48:22.349+0000: 147.439: [GC [PSYoungGen: 227438K->1706K(222400K)] 291392K->65724K(909376K), 0.0047480 secs] [Times: user=0.03 sys=0.00, real=0.01 secs] 
2014-07-08T06:48:23.039+0000: 148.129: [GC [PSYoungGen: 222341K->1262K(216896K)] 286359K->65846K(903872K), 0.0066580 secs] [Times: user=0.03 sys=0.00, real=0.01 secs] 
2014-07-08T06:48:23.879+0000: 148.969: [GC [PSYoungGen: 216878K->1740K(212544K)] 281462K->66446K(899520K), 0.0038140 secs] [Times: user=0.02 sys=0.00, real=0.01 secs] 
2014-07-08T06:48:24.834+0000: 149.924: [GC [PSYoungGen: 212483K->1444K(207488K)] 277189K->66552K(894464K), 0.0025910 secs] [Times: user=0.02 sys=0.00, real=0.00 secs] 
2014-07-08T06:48:25.461+0000: 150.552: [GC [PSYoungGen: 207424K->1320K(202816K)] 272532K->66566K(889792K), 0.0100510 secs] [Times: user=0.06 sys=0.00, real=0.01 secs] 
2014-07-08T06:48:26.083+0000: 151.173: [GC [PSYoungGen: 202790K->1702K(198784K)] 268036K->67210K(885760K), 0.0040140 secs] [Times: user=0.01 sys=0.00, real=0.00 secs] 
2014-07-08T06:48:26.808+0000: 151.898: [GC [PSYoungGen: 198758K->1260K(194112K)] 264266K->66832K(881088K), 0.0077880 secs] [Times: user=0.04 sys=0.00, real=0.01 secs] 
2014-07-08T06:48:27.246+0000: 152.336: [GC [PSYoungGen: 194092K->1642K(190400K)] 259664K->67761K(877376K), 0.0034600 secs] [Times: user=0.02 sys=0.00, real=0.00 secs] 
2014-07-08T06:48:27.837+0000: 152.927: [GC [PSYoungGen: 190378K->1840K(186624K)] 256497K->68015K(873600K), 0.0044940 secs] [Times: user=0.01 sys=0.00, real=0.01 secs] 
2014-07-08T06:48:28.364+0000: 153.454: [GC [PSYoungGen: 186608K->1384K(182336K)] 252783K->67840K(869312K), 0.0065680 secs] [Times: user=0.04 sys=0.00, real=0.00 secs] 
2014-07-08T06:48:29.122+0000: 154.212: [GC [PSYoungGen: 182312K->1776K(179008K)] 248768K->68313K(865984K), 0.0030500 secs] [Times: user=0.02 sys=0.00, real=0.00 secs] 
2014-07-08T06:48:29.757+0000: 154.847: [GC [PSYoungGen: 178992K->1302K(174976K)] 245529K->67918K(861952K), 0.0038410 secs] [Times: user=0.01 sys=0.00, real=0.00 secs] 
2014-07-08T06:48:30.405+0000: 155.495: [GC [PSYoungGen: 174919K->1590K(171776K)] 241536K->68295K(858752K), 0.0052250 secs] [Times: user=0.03 sys=0.00, real=0.00 secs] 
2014-07-08T06:48:31.007+0000: 156.098: [GC [PSYoungGen: 171766K->1847K(168704K)] 238471K->68639K(855680K), 0.0028070 secs] [Times: user=0.02 sys=0.00, real=0.00 secs] 
2014-07-08T06:48:31.482+0000: 156.572: [GC [PSYoungGen: 168694K->1390K(164992K)] 235487K->68278K(851968K), 0.0027760 secs] [Times: user=0.02 sys=0.00, real=0.01 secs] 
2014-07-08T06:48:32.126+0000: 157.216: [GC [PSYoungGen: 164974K->1396K(161856K)] 231862K->68446K(848832K), 0.0035290 secs] [Times: user=0.01 sys=0.00, real=0.00 secs] 
2014-07-08T06:48:32.782+0000: 157.872: [GC [PSYoungGen: 161823K->1366K(158784K)] 228873K->68505K(845760K), 0.0054740 secs] [Times: user=0.04 sys=0.00, real=0.01 secs] 
2014-07-08T06:48:33.256+0000: 158.346: [GC [PSYoungGen: 158742K->1252K(155712K)] 225881K->68463K(842688K), 0.0056040 secs] [Times: user=0.02 sys=0.00, real=0.00 secs] 
2014-07-08T06:48:33.841+0000: 158.931: [GC [PSYoungGen: 155639K->1750K(153344K)] 222850K->69025K(840320K), 0.0038630 secs] [Times: user=0.02 sys=0.00, real=0.01 secs] 
2014-07-08T06:48:34.363+0000: 159.454: [GC [PSYoungGen: 153291K->1296K(150144K)] 220566K->68658K(837120K), 0.0037390 secs] [Times: user=0.02 sys=0.00, real=0.00 secs] 
2014-07-08T06:48:34.889+0000: 159.979: [GC [PSYoungGen: 150096K->1480K(147648K)] 217458K->68947K(834624K), 0.0040460 secs] [Times: user=0.02 sys=0.00, real=0.01 secs] 
2014-07-08T06:48:35.301+0000: 160.391: [GC [PSYoungGen: 147570K->1384K(144896K)] 215036K->68915K(831872K), 0.0037450 secs] [Times: user=0.02 sys=0.00, real=0.01 secs] 
2014-07-08T06:48:35.845+0000: 160.935: [GC [PSYoungGen: 144872K->1232K(142208K)] 212403K->68850K(829184K), 0.0051580 secs] [Times: user=0.02 sys=0.00, real=0.00 secs] 
2014-07-08T06:48:36.272+0000: 161.362: [GC [PSYoungGen: 142160K->1288K(139840K)] 209778K->69010K(826816K), 0.0034790 secs] [Times: user=0.02 sys=0.01, real=0.01 secs] 
2014-07-08T06:48:36.941+0000: 162.032: [GC [PSYoungGen: 139779K->1658K(137792K)] 207502K->69469K(824768K), 0.0057560 secs] [Times: user=0.04 sys=0.00, real=0.01 secs] 
2014-07-08T06:48:37.382+0000: 162.472: [GC [PSYoungGen: 137786K->1264K(135104K)] 205597K->69194K(822080K), 0.0029470 secs] [Times: user=0.01 sys=0.00, real=0.01 secs] 
2014-07-08T06:48:37.888+0000: 162.978: [GC [PSYoungGen: 135042K->1502K(133120K)] 202973K->69529K(820096K), 0.0072020 secs] [Times: user=0.04 sys=0.00, real=0.01 secs] 
2014-07-08T06:48:38.342+0000: 163.432: [GC [PSYoungGen: 133086K->1218K(159232K)] 201112K->69308K(846208K), 0.0106720 secs] [Times: user=0.07 sys=0.00, real=0.01 secs] 
2014-07-08T06:48:38.998+0000: 164.088: [GC [PSYoungGen: 159170K->1306K(190912K)] 227260K->69476K(877888K), 0.0033750 secs] [Times: user=0.01 sys=0.00, real=0.00 secs] 
2014-07-08T06:48:39.707+0000: 164.797: [GC [PSYoungGen: 190872K->1508K(187136K)] 259042K->69839K(874112K), 0.0034910 secs] [Times: user=0.02 sys=0.00, real=0.00 secs] 
2014-07-08T06:48:40.321+0000: 165.411: [GC [PSYoungGen: 187108K->1320K(183104K)] 255439K->69739K(870080K), 0.0064250 secs] [Times: user=0.03 sys=0.00, real=0.01 secs] 
2014-07-08T06:48:41.072+0000: 166.163: [GC [PSYoungGen: 183080K->1260K(179328K)] 251499K->69925K(866304K), 0.0046280 secs] [Times: user=0.03 sys=0.00, real=0.01 secs] 
2014-07-08T06:48:41.782+0000: 166.872: [GC [PSYoungGen: 179308K->1348K(175872K)] 247973K->70101K(862848K), 0.0033600 secs] [Times: user=0.02 sys=0.00, real=0.01 secs] 
2014-07-08T06:48:42.322+0000: 167.413: [GC [PSYoungGen: 175812K->1326K(172288K)] 244565K->70143K(859264K), 0.0043870 secs] [Times: user=0.01 sys=0.00, real=0.01 secs] 
2014-07-08T06:48:42.930+0000: 168.020: [GC [PSYoungGen: 172229K->1490K(169088K)] 241045K->70371K(856064K), 0.0036660 secs] [Times: user=0.02 sys=0.00, real=0.00 secs] 
2014-07-08T06:48:43.511+0000: 168.601: [GC [PSYoungGen: 169042K->996K(165312K)] 237922K->70239K(852288K), 0.0045010 secs] [Times: user=0.03 sys=0.00, real=0.01 secs] 
2014-07-08T06:48:44.255+0000: 169.345: [GC [PSYoungGen: 165225K->1840K(163008K)] 234468K->71219K(849984K), 0.0056380 secs] [Times: user=0.03 sys=0.00, real=0.00 secs] 
2014-07-08T06:48:44.857+0000: 169.948: [GC [PSYoungGen: 162992K->890K(158976K)] 232371K->70712K(845952K), 0.0058300 secs] [Times: user=0.04 sys=0.00, real=0.00 secs] 
2014-07-08T06:48:45.317+0000: 170.408: [GC [PSYoungGen: 158970K->1374K(156544K)] 228792K->71237K(843520K), 0.0042070 secs] [Times: user=0.01 sys=0.00, real=0.00 secs] 
2014-07-08T06:48:45.910+0000: 171.000: [GC [PSYoungGen: 156510K->982K(153280K)] 226373K->71272K(840256K), 0.0029390 secs] [Times: user=0.01 sys=0.00, real=0.00 secs] 
2014-07-08T06:48:46.377+0000: 171.467: [GC [PSYoungGen: 153238K->1270K(150720K)] 223528K->71641K(837696K), 0.0040780 secs] [Times: user=0.02 sys=0.00, real=0.00 secs] 
2014-07-08T06:48:46.966+0000: 172.057: [GC [PSYoungGen: 150710K->1000K(147776K)] 221081K->71442K(834752K), 0.0034650 secs] [Times: user=0.01 sys=0.01, real=0.00 secs] 
2014-07-08T06:48:47.432+0000: 172.522: [GC [PSYoungGen: 147751K->1118K(145280K)] 218194K->71617K(832256K), 0.0060390 secs] [Times: user=0.03 sys=0.00, real=0.01 secs] 
2014-07-08T06:48:48.002+0000: 173.092: [GC [PSYoungGen: 145232K->1246K(142848K)] 215731K->71817K(829824K), 0.0046600 secs] [Times: user=0.02 sys=0.00, real=0.01 secs] 
2014-07-08T06:48:48.498+0000: 173.588: [GC [PSYoungGen: 142794K->1476K(140608K)] 213365K->72151K(827584K), 0.0031940 secs] [Times: user=0.02 sys=0.00, real=0.00 secs] 
2014-07-08T06:48:48.996+0000: 174.086: [GC [PSYoungGen: 140533K->1054K(137728K)] 211207K->71851K(824704K), 0.0058850 secs] [Times: user=0.03 sys=0.00, real=0.00 secs] 
2014-07-08T06:48:49.511+0000: 174.601: [GC [PSYoungGen: 137694K->1704K(136064K)] 208491K->72565K(823040K), 0.0067810 secs] [Times: user=0.04 sys=0.00, real=0.01 secs] 
2014-07-08T06:48:49.988+0000: 175.078: [GC [PSYoungGen: 136040K->1082K(133184K)] 206901K->72129K(820160K), 0.0046480 secs] [Times: user=0.03 sys=0.00, real=0.00 secs] 
2014-07-08T06:48:50.415+0000: 175.505: [GC [PSYoungGen: 133151K->1124K(131072K)] 204198K->72227K(818048K), 0.0045450 secs] [Times: user=0.02 sys=0.00, real=0.00 secs] 
2014-07-08T06:48:50.946+0000: 176.036: [GC [PSYoungGen: 131043K->886K(156800K)] 202146K->72052K(843776K), 0.0062630 secs] [Times: user=0.04 sys=0.00, real=0.00 secs] 
2014-07-08T06:48:51.467+0000: 176.557: [GC [PSYoungGen: 156790K->1680K(154752K)] 227956K->72911K(841728K), 0.0049590 secs] [Times: user=0.02 sys=0.00, real=0.00 secs] 
2014-07-08T06:48:52.038+0000: 177.128: [GC [PSYoungGen: 154704K->1336K(151552K)] 225935K->72655K(838528K), 0.0036810 secs] [Times: user=0.02 sys=0.00, real=0.00 secs] 
2014-07-08T06:48:52.506+0000: 177.596: [GC [PSYoungGen: 151544K->1328K(181632K)] 222863K->72695K(868608K), 0.0112660 secs] [Times: user=0.06 sys=0.00, real=0.01 secs] 
2014-07-08T06:48:53.112+0000: 178.202: [GC [PSYoungGen: 181585K->972K(217408K)] 252952K->72427K(904384K), 0.0037710 secs] [Times: user=0.02 sys=0.00, real=0.01 secs] 
2014-07-08T06:48:53.804+0000: 178.894: [GC [PSYoungGen: 217356K->1606K(218368K)] 288811K->73125K(905344K), 0.0059910 secs] [Times: user=0.03 sys=0.00, real=0.01 secs] 
2014-07-08T06:48:54.470+0000: 179.560: [GC [PSYoungGen: 218054K->1388K(261696K)] 289573K->73011K(948672K), 0.0071970 secs] [Times: user=0.04 sys=0.00, real=0.01 secs] 
2014-07-08T06:48:55.268+0000: 180.358: [GC [PSYoungGen: 261128K->1078K(254400K)] 332751K->72772K(941376K), 0.0046840 secs] [Times: user=0.03 sys=0.00, real=0.00 secs] 
2014-07-08T06:48:56.108+0000: 181.198: [GC [PSYoungGen: 254366K->754K(247808K)] 326061K->72488K(934784K), 0.0040180 secs] [Times: user=0.02 sys=0.00, real=0.00 secs] 
2014-07-08T06:48:56.878+0000: 181.968: [GC [PSYoungGen: 247784K->1146K(242176K)] 319519K->72961K(929152K), 0.0034160 secs] [Times: user=0.02 sys=0.00, real=0.00 secs] 
2014-07-08T06:48:57.667+0000: 182.757: [GC [PSYoungGen: 242155K->1402K(236672K)] 313970K->73281K(923648K), 0.0039680 secs] [Times: user=0.02 sys=0.00, real=0.00 secs] 
2014-07-08T06:48:58.368+0000: 183.458: [GC [PSYoungGen: 236666K->904K(230656K)] 308545K->72887K(917632K), 0.0025540 secs] [Times: user=0.02 sys=0.01, real=0.00 secs] 
2014-07-08T06:48:59.078+0000: 184.168: [GC [PSYoungGen: 230600K->630K(224960K)] 302583K->72644K(911936K), 0.0062280 secs] [Times: user=0.04 sys=0.00, real=0.00 secs] 
2014-07-08T06:48:59.869+0000: 184.959: [GC [PSYoungGen: 224950K->1022K(220160K)] 296964K->73101K(907136K), 0.0040070 secs] [Times: user=0.02 sys=0.00, real=0.00 secs] 
2014-07-08T06:49:00.476+0000: 185.566: [GC [PSYoungGen: 220158K->1174K(215360K)] 292237K->73317K(902336K), 0.0055600 secs] [Times: user=0.02 sys=0.00, real=0.01 secs] 
2014-07-08T06:49:01.181+0000: 186.271: [GC [PSYoungGen: 215318K->712K(210112K)] 287461K->72879K(897088K), 0.0049350 secs] [Times: user=0.01 sys=0.00, real=0.00 secs] 
2014-07-08T06:49:01.857+0000: 186.947: [GC [PSYoungGen: 210056K->676K(205376K)] 282223K->72890K(892352K), 0.0064920 secs] [Times: user=0.04 sys=0.00, real=0.00 secs] 
2014-07-08T06:49:02.408+0000: 187.498: [GC [PSYoungGen: 205348K->826K(201024K)] 277562K->73073K(888000K), 0.0084200 secs] [Times: user=0.04 sys=0.00, real=0.00 secs] 
2014-07-08T06:49:03.073+0000: 188.163: [GC [PSYoungGen: 201009K->850K(196736K)] 273256K->73216K(883712K), 0.0024850 secs] [Times: user=0.01 sys=0.00, real=0.00 secs] 
2014-07-08T06:49:03.789+0000: 188.879: [GC [PSYoungGen: 196690K->1252K(192896K)] 269056K->73698K(879872K), 0.0081380 secs] [Times: user=0.04 sys=0.00, real=0.01 secs] 
2014-07-08T06:49:04.478+0000: 189.568: [GC [PSYoungGen: 192868K->1462K(189056K)] 265314K->73996K(876032K), 0.0052610 secs] [Times: user=0.03 sys=0.00, real=0.00 secs] 
2014-07-08T06:49:05.039+0000: 190.129: [GC [PSYoungGen: 189046K->790K(184512K)] 261580K->73420K(871488K), 0.0055510 secs] [Times: user=0.03 sys=0.00, real=0.00 secs] 
2014-07-08T06:49:05.586+0000: 190.676: [GC [PSYoungGen: 184470K->1466K(181376K)] 257100K->74261K(868352K), 0.0041070 secs] [Times: user=0.02 sys=0.00, real=0.01 secs] 
2014-07-08T06:49:06.105+0000: 191.195: [GC [PSYoungGen: 181329K->1000K(177280K)] 254124K->73899K(864256K), 0.0047450 secs] [Times: user=0.03 sys=0.00, real=0.01 secs] 
2014-07-08T06:49:06.655+0000: 191.745: [GC [PSYoungGen: 177217K->1124K(173888K)] 250116K->74079K(860864K), 0.0043770 secs] [Times: user=0.03 sys=0.00, real=0.01 secs] 
2014-07-08T06:49:07.126+0000: 192.217: [GC [PSYoungGen: 173860K->1298K(170624K)] 246815K->74341K(857600K), 0.0030940 secs] [Times: user=0.01 sys=0.00, real=0.01 secs] 
2014-07-08T06:49:07.656+0000: 192.746: [GC [PSYoungGen: 170578K->1242K(167232K)] 243621K->74373K(854208K), 0.0032080 secs] [Times: user=0.01 sys=0.01, real=0.01 secs] 
2014-07-08T06:49:08.172+0000: 193.262: [GC [PSYoungGen: 167190K->1021K(163776K)] 240321K->74232K(850752K), 0.0041970 secs] [Times: user=0.03 sys=0.00, real=0.00 secs] 
2014-07-08T06:49:08.700+0000: 193.790: [GC [PSYoungGen: 163750K->1274K(160896K)] 236961K->74589K(847872K), 0.0055260 secs] [Times: user=0.04 sys=0.00, real=0.00 secs] 
2014-07-08T06:49:09.104+0000: 194.194: [GC [PSYoungGen: 160890K->1160K(157824K)] 234205K->74539K(844800K), 0.0029670 secs] [Times: user=0.01 sys=0.00, real=0.00 secs] 
2014-07-08T06:49:09.650+0000: 194.741: [GC [PSYoungGen: 157768K->1128K(154816K)] 231147K->74869K(841792K), 0.0062310 secs] [Times: user=0.04 sys=0.00, real=0.00 secs] 
2014-07-08T06:49:10.247+0000: 195.337: [GC [PSYoungGen: 154749K->1434K(152320K)] 228490K->75271K(839296K), 0.0049280 secs] [Times: user=0.03 sys=0.00, real=0.01 secs] 
2014-07-08T06:49:10.784+0000: 195.874: [GC [PSYoungGen: 152264K->1022K(149120K)] 226101K->75183K(836096K), 0.0039930 secs] [Times: user=0.02 sys=0.01, real=0.00 secs] 
2014-07-08T06:49:11.171+0000: 196.261: [GC [PSYoungGen: 149118K->908K(146368K)] 223279K->75149K(833344K), 0.0029730 secs] [Times: user=0.02 sys=0.01, real=0.00 secs] 
2014-07-08T06:49:11.640+0000: 196.730: [GC [PSYoungGen: 146316K->1214K(144064K)] 220557K->75661K(831040K), 0.0061870 secs] [Times: user=0.03 sys=0.00, real=0.00 secs] 
2014-07-08T06:49:12.086+0000: 197.176: [GC [PSYoungGen: 144062K->1028K(141440K)] 218509K->75539K(828416K), 0.0055600 secs] [Times: user=0.03 sys=0.00, real=0.01 secs] 
2014-07-08T06:49:12.479+0000: 197.569: [GC [PSYoungGen: 141354K->1314K(139264K)] 215865K->75953K(826240K), 0.0042090 secs] [Times: user=0.02 sys=0.01, real=0.00 secs] 
2014-07-08T06:49:12.913+0000: 198.004: [GC [PSYoungGen: 139234K->918K(136512K)] 213873K->75669K(823488K), 0.0030680 secs] [Times: user=0.01 sys=0.00, real=0.00 secs] 
2014-07-08T06:49:13.280+0000: 198.370: [GC [PSYoungGen: 136470K->940K(134208K)] 211221K->75797K(821184K), 0.0030380 secs] [Times: user=0.02 sys=0.00, real=0.00 secs] 
2014-07-08T06:49:13.820+0000: 198.910: [GC [PSYoungGen: 134188K->1256K(132288K)] 209045K->76193K(819264K), 0.0051250 secs] [Times: user=0.03 sys=0.00, real=0.00 secs] 
2014-07-08T06:49:14.154+0000: 199.244: [GC [PSYoungGen: 132263K->936K(129792K)] 207200K->75937K(816768K), 0.0031830 secs] [Times: user=0.02 sys=0.00, real=0.00 secs] 
2014-07-08T06:49:14.688+0000: 199.779: [GC [PSYoungGen: 129768K->1698K(128448K)] 204769K->76851K(815424K), 0.0051520 secs] [Times: user=0.02 sys=0.01, real=0.01 secs] 
2014-07-08T06:49:15.057+0000: 200.147: [GC [PSYoungGen: 128418K->804K(125504K)] 203571K->76151K(812480K), 0.0036180 secs] [Times: user=0.02 sys=0.00, real=0.01 secs] 
2014-07-08T06:49:15.420+0000: 200.511: [GC [PSYoungGen: 125475K->1118K(123840K)] 200822K->76545K(810816K), 0.0027150 secs] [Times: user=0.02 sys=0.00, real=0.00 secs] 
2014-07-08T06:49:15.906+0000: 200.996: [GC [PSYoungGen: 123806K->1392K(122176K)] 199233K->76907K(809152K), 0.0048290 secs] [Times: user=0.03 sys=0.01, real=0.01 secs] 
2014-07-08T06:49:16.295+0000: 201.385: [GC [PSYoungGen: 122160K->1100K(146112K)] 197675K->76671K(833088K), 0.0082700 secs] [Times: user=0.05 sys=0.00, real=0.01 secs] 
2014-07-08T06:49:16.786+0000: 201.876: [GC [PSYoungGen: 146045K->1064K(175040K)] 221616K->76675K(862016K), 0.0032800 secs] [Times: user=0.01 sys=0.00, real=0.01 secs] 
2014-07-08T06:49:17.227+0000: 202.317: [GC [PSYoungGen: 175016K->740K(171264K)] 250627K->76423K(858240K), 0.0031690 secs] [Times: user=0.02 sys=0.00, real=0.01 secs] 
2014-07-08T06:49:17.831+0000: 202.921: [GC [PSYoungGen: 171193K->1357K(168512K)] 246877K->77112K(855488K), 0.0045650 secs] [Times: user=0.02 sys=0.01, real=0.00 secs] 
2014-07-08T06:49:18.255+0000: 203.345: [GC [PSYoungGen: 168387K->840K(201472K)] 244142K->76651K(888448K), 0.0065560 secs] [Times: user=0.03 sys=0.00, real=0.01 secs] 
2014-07-08T06:49:18.963+0000: 204.054: [GC [PSYoungGen: 201416K->1328K(197568K)] 277227K->77219K(884544K), 0.0044980 secs] [Times: user=0.02 sys=0.00, real=0.00 secs] 
2014-07-08T06:49:19.512+0000: 204.602: [GC [PSYoungGen: 197552K->1118K(193152K)] 273443K->77049K(880128K), 0.0047420 secs] [Times: user=0.02 sys=0.00, real=0.00 secs] 
2014-07-08T06:49:20.104+0000: 205.194: [GC [PSYoungGen: 193118K->808K(188736K)] 269049K->76803K(875712K), 0.0050480 secs] [Times: user=0.01 sys=0.00, real=0.01 secs] 
2014-07-08T06:49:20.694+0000: 205.784: [GC [PSYoungGen: 188712K->1352K(185408K)] 264707K->77419K(872384K), 0.0067870 secs] [Times: user=0.04 sys=0.00, real=0.01 secs] 
2014-07-08T06:49:21.215+0000: 206.305: [GC [PSYoungGen: 185352K->1384K(181632K)] 261419K->77483K(868608K), 0.0027650 secs] [Times: user=0.01 sys=0.00, real=0.00 secs] 
2014-07-08T06:49:21.861+0000: 206.951: [GC [PSYoungGen: 181565K->1502K(178112K)] 257664K->77689K(865088K), 0.0072850 secs] [Times: user=0.03 sys=0.00, real=0.00 secs] 
2014-07-08T06:49:22.464+0000: 207.555: [GC [PSYoungGen: 178078K->822K(173824K)] 254265K->77259K(860800K), 0.0039440 secs] [Times: user=0.02 sys=0.00, real=0.00 secs] 
2014-07-08T06:49:23.000+0000: 208.090: [GC [PSYoungGen: 173814K->790K(170368K)] 250251K->77291K(857344K), 0.0039600 secs] [Times: user=0.02 sys=0.01, real=0.00 secs] 
2014-07-08T06:49:23.458+0000: 208.548: [GC [PSYoungGen: 170326K->890K(167104K)] 246827K->77455K(854080K), 0.0055990 secs] [Times: user=0.03 sys=0.00, real=0.01 secs] 
2014-07-08T06:49:24.002+0000: 209.092: [GC [PSYoungGen: 167098K->822K(163840K)] 243663K->77467K(850816K), 0.0037330 secs] [Times: user=0.03 sys=0.00, real=0.00 secs] 
2014-07-08T06:49:24.452+0000: 209.542: [GC [PSYoungGen: 163830K->1092K(161024K)] 240475K->77793K(848000K), 0.0042110 secs] [Times: user=0.01 sys=0.00, real=0.00 secs] 
2014-07-08T06:49:25.030+0000: 210.120: [GC [PSYoungGen: 160964K->914K(157824K)] 237665K->77671K(844800K), 0.0027010 secs] [Times: user=0.01 sys=0.00, real=0.00 secs] 
2014-07-08T06:49:25.437+0000: 210.528: [GC [PSYoungGen: 157778K->1106K(155072K)] 234535K->77927K(842048K), 0.0046800 secs] [Times: user=0.03 sys=0.00, real=0.01 secs] 
2014-07-08T06:49:25.930+0000: 211.020: [GC [PSYoungGen: 155002K->1045K(152192K)] 231823K->77922K(839168K), 0.0044730 secs] [Times: user=0.02 sys=0.00, real=0.00 secs] 
2014-07-08T06:49:26.317+0000: 211.407: [GC [PSYoungGen: 152149K->1088K(149504K)] 229026K->78021K(836480K), 0.0036120 secs] [Times: user=0.01 sys=0.00, real=0.01 secs] 
2014-07-08T06:49:26.845+0000: 211.936: [GC [PSYoungGen: 149437K->1242K(146944K)] 226370K->78271K(833920K), 0.0050990 secs] [Times: user=0.03 sys=0.00, real=0.01 secs] 
2014-07-08T06:49:27.223+0000: 212.313: [GC [PSYoungGen: 146906K->800K(143872K)] 223935K->78147K(830848K), 0.0043060 secs] [Times: user=0.02 sys=0.00, real=0.00 secs] 
2014-07-08T06:49:27.675+0000: 212.765: [GC [PSYoungGen: 143837K->1238K(172928K)] 221184K->78649K(859904K), 0.0066240 secs] [Times: user=0.03 sys=0.01, real=0.01 secs] 
2014-07-08T06:49:28.168+0000: 213.258: [GC [PSYoungGen: 172886K->872K(169152K)] 250297K->78421K(856128K), 0.0023200 secs] [Times: user=0.01 sys=0.00, real=0.00 secs] 
2014-07-08T06:49:28.789+0000: 213.880: [GC [PSYoungGen: 169128K->1504K(166528K)] 246677K->79165K(853504K), 0.0034410 secs] [Times: user=0.03 sys=0.00, real=0.01 secs] 
2014-07-08T06:49:29.265+0000: 214.355: [GC [PSYoungGen: 166496K->694K(162496K)] 244157K->78469K(849472K), 0.0040790 secs] [Times: user=0.03 sys=0.00, real=0.00 secs] 
2014-07-08T06:49:29.877+0000: 214.967: [GC [PSYoungGen: 162486K->996K(159744K)] 240261K->78851K(846720K), 0.0030220 secs] [Times: user=0.01 sys=0.00, real=0.00 secs] 
2014-07-08T06:49:30.267+0000: 215.357: [GC [PSYoungGen: 159668K->890K(156608K)] 237523K->78801K(843584K), 0.0047040 secs] [Times: user=0.03 sys=0.00, real=0.01 secs] 
2014-07-08T06:49:30.809+0000: 215.899: [GC [PSYoungGen: 156602K->1324K(154176K)] 234513K->79339K(841152K), 0.0049550 secs] [Times: user=0.03 sys=0.00, real=0.01 secs] 
2014-07-08T06:49:31.195+0000: 216.285: [GC [PSYoungGen: 154156K->1004K(184448K)] 232171K->79075K(871424K), 0.0095590 secs] [Times: user=0.05 sys=0.01, real=0.01 secs] 
2014-07-08T06:49:31.810+0000: 216.900: [GC [PSYoungGen: 184398K->1282K(216448K)] 262469K->79457K(903424K), 0.0059270 secs] [Times: user=0.04 sys=0.00, real=0.01 secs] 
2014-07-08T06:49:32.387+0000: 217.477: [GC [PSYoungGen: 216130K->1092K(221888K)] 294305K->79331K(908864K), 0.0078850 secs] [Times: user=0.05 sys=0.00, real=0.01 secs] 
2014-07-08T06:49:33.099+0000: 218.189: [GC [PSYoungGen: 221316K->708K(221824K)] 299555K->78995K(908800K), 0.0042270 secs] [Times: user=0.02 sys=0.00, real=0.01 secs] 
2014-07-08T06:49:33.819+0000: 218.909: [GC [PSYoungGen: 220932K->1156K(216384K)] 299219K->79507K(903360K), 0.0056310 secs] [Times: user=0.03 sys=0.00, real=0.01 secs] 
2014-07-08T06:49:34.365+0000: 219.455: [GC [PSYoungGen: 216324K->804K(211136K)] 294675K->79243K(898112K), 0.0028290 secs] [Times: user=0.01 sys=0.01, real=0.00 secs] 
2014-07-08T06:49:35.162+0000: 220.252: [GC [PSYoungGen: 211108K->1170K(206848K)] 289547K->79666K(893824K), 0.0063540 secs] [Times: user=0.04 sys=0.00, real=0.00 secs] 
2014-07-08T06:49:35.815+0000: 220.905: [GC [PSYoungGen: 206802K->1338K(202432K)] 285298K->79921K(889408K), 0.0035400 secs] [Times: user=0.01 sys=0.01, real=0.00 secs] 
2014-07-08T06:49:36.323+0000: 221.413: [GC [PSYoungGen: 202426K->680K(197440K)] 281009K->79581K(884416K), 0.0025910 secs] [Times: user=0.01 sys=0.00, real=0.00 secs] 
2014-07-08T06:49:36.967+0000: 222.057: [GC [PSYoungGen: 197399K->989K(193536K)] 276300K->79962K(880512K), 0.0051620 secs] [Times: user=0.02 sys=0.00, real=0.01 secs] 
2014-07-08T06:49:37.487+0000: 222.577: [GC [PSYoungGen: 193501K->1118K(189568K)] 272474K->80221K(876544K), 0.0045860 secs] [Times: user=0.02 sys=0.00, real=0.00 secs] 
2014-07-08T06:49:38.061+0000: 223.152: [GC [PSYoungGen: 189534K->886K(185344K)] 268637K->80013K(872320K), 0.0072490 secs] [Times: user=0.01 sys=0.00, real=0.01 secs] 
2014-07-08T06:49:38.592+0000: 223.682: [GC [PSYoungGen: 185334K->1071K(181696K)] 264461K->80414K(868672K), 0.0049720 secs] [Times: user=0.03 sys=0.00, real=0.01 secs] 
2014-07-08T06:49:39.146+0000: 224.236: [GC [PSYoungGen: 181679K->872K(177792K)] 261022K->80286K(864768K), 0.0029970 secs] [Times: user=0.01 sys=0.00, real=0.00 secs] 
2014-07-08T06:49:39.680+0000: 224.770: [GC [PSYoungGen: 177727K->1174K(174528K)] 257142K->80744K(861504K), 0.0068910 secs] [Times: user=0.04 sys=0.00, real=0.01 secs] 
2014-07-08T06:49:40.421+0000: 225.511: [GC [PSYoungGen: 174443K->1292K(171200K)] 254014K->80958K(858176K), 0.0036030 secs] [Times: user=0.02 sys=0.00, real=0.01 secs] 
2014-07-08T06:49:41.010+0000: 226.100: [GC [PSYoungGen: 171148K->566K(167104K)] 250814K->80458K(854080K), 0.0047760 secs] [Times: user=0.03 sys=0.00, real=0.01 secs] 
2014-07-08T06:49:41.568+0000: 226.658: [GC [PSYoungGen: 167094K->1584K(164864K)] 246986K->81822K(851840K), 0.0062290 secs] [Times: user=0.04 sys=0.00, real=0.01 secs] 
2014-07-08T06:49:42.080+0000: 227.170: [GC [PSYoungGen: 164848K->1068K(161216K)] 245086K->81642K(848192K), 0.0036760 secs] [Times: user=0.02 sys=0.00, real=0.01 secs] 
2014-07-08T06:49:42.558+0000: 227.648: [GC [PSYoungGen: 161147K->1178K(193408K)] 241721K->81800K(880384K), 0.0103420 secs] [Times: user=0.04 sys=0.01, real=0.01 secs] 
2014-07-08T06:49:43.199+0000: 228.289: [GC [PSYoungGen: 193351K->1231K(189376K)] 273973K->81917K(876352K), 0.0038360 secs] [Times: user=0.02 sys=0.00, real=0.01 secs] 
2014-07-08T06:49:43.831+0000: 228.921: [GC [PSYoungGen: 189327K->1360K(185600K)] 270013K->82134K(872576K), 0.0033060 secs] [Times: user=0.01 sys=0.00, real=0.01 secs] 
2014-07-08T06:49:44.301+0000: 229.391: [GC [PSYoungGen: 185535K->936K(181376K)] 266309K->81832K(868352K), 0.0026160 secs] [Times: user=0.02 sys=0.00, real=0.01 secs] 
2014-07-08T06:49:44.944+0000: 230.034: [GC [PSYoungGen: 181310K->1765K(178496K)] 262206K->82733K(865472K), 0.0057150 secs] [Times: user=0.04 sys=0.01, real=0.01 secs] 
2014-07-08T06:49:45.406+0000: 230.496: [GC [PSYoungGen: 178455K->876K(174016K)] 259423K->82022K(860992K), 0.0050940 secs] [Times: user=0.03 sys=0.00, real=0.00 secs] 
2014-07-08T06:49:45.966+0000: 231.056: [GC [PSYoungGen: 173996K->896K(170624K)] 255142K->82106K(857600K), 0.0036280 secs] [Times: user=0.01 sys=0.00, real=0.00 secs] 
2014-07-08T06:49:46.408+0000: 231.498: [GC [PSYoungGen: 170560K->840K(167232K)] 251770K->82122K(854208K), 0.0045770 secs] [Times: user=0.03 sys=0.00, real=0.00 secs] 
2014-07-08T06:49:47.059+0000: 232.149: [GC [PSYoungGen: 167176K->1218K(164416K)] 248458K->82604K(851392K), 0.0038360 secs] [Times: user=0.02 sys=0.01, real=0.00 secs] 
2014-07-08T06:49:47.523+0000: 232.614: [GC [PSYoungGen: 164347K->1260K(197056K)] 245733K->82694K(884032K), 0.0109800 secs] [Times: user=0.07 sys=0.00, real=0.02 secs] 
2014-07-08T06:49:48.090+0000: 233.180: [GC [PSYoungGen: 197008K->840K(235840K)] 278442K->82346K(922816K), 0.0049780 secs] [Times: user=0.03 sys=0.00, real=0.01 secs] 
2014-07-08T06:49:48.857+0000: 233.947: [GC [PSYoungGen: 235784K->1232K(230656K)] 317290K->82826K(917632K), 0.0045070 secs] [Times: user=0.03 sys=0.00, real=0.00 secs] 
2014-07-08T06:49:49.464+0000: 234.554: [GC [PSYoungGen: 230608K->986K(225024K)] 312202K->82652K(912000K), 0.0066520 secs] [Times: user=0.04 sys=0.00, real=0.01 secs] 
2014-07-08T06:49:50.236+0000: 235.327: [GC [PSYoungGen: 224945K->822K(219648K)] 306611K->82568K(906624K), 0.0047750 secs] [Times: user=0.03 sys=0.00, real=0.00 secs] 
2014-07-08T06:49:50.936+0000: 236.026: [GC [PSYoungGen: 219638K->972K(214848K)] 301384K->82766K(901824K), 0.0078530 secs] [Times: user=0.04 sys=0.00, real=0.00 secs] 
2014-07-08T06:49:51.542+0000: 236.632: [GC [PSYoungGen: 214762K->940K(209984K)] 296556K->82766K(896960K), 0.0045980 secs] [Times: user=0.02 sys=0.00, real=0.01 secs] 
2014-07-08T06:49:52.152+0000: 237.242: [GC [PSYoungGen: 209964K->872K(205248K)] 291790K->82802K(892224K), 0.0033990 secs] [Times: user=0.02 sys=0.00, real=0.01 secs] 
2014-07-08T06:49:52.857+0000: 237.947: [GC [PSYoungGen: 205224K->1476K(201408K)] 287154K->83462K(888384K), 0.0072680 secs] [Times: user=0.04 sys=0.00, real=0.01 secs] 
2014-07-08T06:49:53.456+0000: 238.546: [GC [PSYoungGen: 201348K->1210K(196736K)] 283334K->83276K(883712K), 0.0028110 secs] [Times: user=0.01 sys=0.00, real=0.00 secs] 
2014-07-08T06:49:54.060+0000: 239.150: [GC [PSYoungGen: 196730K->744K(192128K)] 278796K->83068K(879104K), 0.0035430 secs] [Times: user=0.02 sys=0.00, real=0.00 secs] 
2014-07-08T06:49:54.646+0000: 239.736: [GC [PSYoungGen: 192065K->1410K(188800K)] 274389K->83790K(875776K), 0.0047850 secs] [Times: user=0.02 sys=0.00, real=0.00 secs] 
2014-07-08T06:49:55.239+0000: 240.329: [GC [PSYoungGen: 188738K->904K(184384K)] 271118K->83522K(871360K), 0.0041900 secs] [Times: user=0.01 sys=0.00, real=0.00 secs] 
2014-07-08T06:49:55.841+0000: 240.931: [GC [PSYoungGen: 184296K->936K(180608K)] 266914K->83642K(867584K), 0.0045550 secs] [Times: user=0.03 sys=0.00, real=0.01 secs] 
2014-07-08T06:49:56.309+0000: 241.399: [GC [PSYoungGen: 180569K->1046K(177088K)] 263275K->83824K(864064K), 0.0034410 secs] [Times: user=0.02 sys=0.00, real=0.00 secs] 
2014-07-08T06:49:56.936+0000: 242.026: [GC [PSYoungGen: 177046K->1513K(174016K)] 259824K->84339K(860992K), 0.0035460 secs] [Times: user=0.01 sys=0.01, real=0.00 secs] 
2014-07-08T06:49:57.376+0000: 242.466: [GC [PSYoungGen: 173993K->758K(169792K)] 256819K->83868K(856768K), 0.0031960 secs] [Times: user=0.02 sys=0.00, real=0.00 secs] 
2014-07-08T06:49:57.914+0000: 243.004: [GC [PSYoungGen: 169782K->1096K(166848K)] 252892K->84270K(853824K), 0.0044180 secs] [Times: user=0.03 sys=0.00, real=0.01 secs] 
2014-07-08T06:49:58.330+0000: 243.421: [GC [PSYoungGen: 166792K->1010K(163520K)] 249966K->84338K(850496K), 0.0036100 secs] [Times: user=0.02 sys=0.00, real=0.00 secs] 
2014-07-08T06:49:58.956+0000: 244.046: [GC [PSYoungGen: 163494K->1594K(160960K)] 246822K->85027K(847936K), 0.0033360 secs] [Times: user=0.02 sys=0.01, real=0.00 secs] 
2014-07-08T06:49:59.493+0000: 244.584: [GC [PSYoungGen: 160954K->630K(156992K)] 244387K->84368K(843968K), 0.0096820 secs] [Times: user=0.05 sys=0.00, real=0.01 secs] 
2014-07-08T06:49:59.954+0000: 245.044: [GC [PSYoungGen: 156946K->1186K(188864K)] 240684K->85030K(875840K), 0.0055760 secs] [Times: user=0.03 sys=0.00, real=0.01 secs] 
2014-07-08T06:50:00.538+0000: 245.628: [GC [PSYoungGen: 188814K->1221K(226496K)] 272658K->85261K(913472K), 0.0077950 secs] [Times: user=0.04 sys=0.00, real=0.00 secs] 
2014-07-08T06:50:01.200+0000: 246.290: [GC [PSYoungGen: 226437K->626K(220608K)] 310477K->84714K(907584K), 0.0047820 secs] [Times: user=0.03 sys=0.00, real=0.00 secs] 
2014-07-08T06:50:01.879+0000: 246.969: [GC [PSYoungGen: 220594K->1262K(216192K)] 304682K->85406K(903168K), 0.0040620 secs] [Times: user=0.02 sys=0.00, real=0.00 secs] 
2014-07-08T06:50:02.449+0000: 247.539: [GC [PSYoungGen: 216174K->1117K(211200K)] 300318K->85341K(898176K), 0.0033530 secs] [Times: user=0.01 sys=0.00, real=0.00 secs] 
2014-07-08T06:50:03.131+0000: 248.221: [GC [PSYoungGen: 211165K->968K(206400K)] 295389K->85280K(893376K), 0.0025270 secs] [Times: user=0.02 sys=0.00, real=0.00 secs] 
2014-07-08T06:50:03.760+0000: 248.851: [GC [PSYoungGen: 206344K->922K(201792K)] 290656K->85314K(888768K), 0.0045450 secs] [Times: user=0.02 sys=0.00, real=0.00 secs] 
2014-07-08T06:50:04.283+0000: 249.373: [GC [PSYoungGen: 201754K->804K(197312K)] 286146K->85268K(884288K), 0.0027300 secs] [Times: user=0.01 sys=0.00, real=0.00 secs] 
2014-07-08T06:50:04.962+0000: 250.052: [GC [PSYoungGen: 197284K->972K(193280K)] 281748K->85524K(880256K), 0.0036020 secs] [Times: user=0.02 sys=0.00, real=0.00 secs] 
2014-07-08T06:50:05.724+0000: 250.814: [GC [PSYoungGen: 193204K->1392K(189568K)] 277756K->86205K(876544K), 0.0061630 secs] [Times: user=0.04 sys=0.00, real=0.01 secs] 
2014-07-08T06:50:06.192+0000: 251.282: [GC [PSYoungGen: 189552K->758K(184960K)] 274365K->85626K(871936K), 0.0031670 secs] [Times: user=0.02 sys=0.00, real=0.00 secs] 
2014-07-08T06:50:06.779+0000: 251.869: [GC [PSYoungGen: 184912K->1192K(181632K)] 269780K->86124K(868608K), 0.0035560 secs] [Times: user=0.01 sys=0.00, real=0.00 secs] 
2014-07-08T06:50:07.270+0000: 252.360: [GC [PSYoungGen: 181608K->990K(177728K)] 266540K->86002K(864704K), 0.0038540 secs] [Times: user=0.02 sys=0.00, real=0.00 secs] 
2014-07-08T06:50:07.855+0000: 252.945: [GC [PSYoungGen: 177668K->1064K(174208K)] 262680K->86140K(861184K), 0.0042790 secs] [Times: user=0.03 sys=0.00, real=0.01 secs] 
2014-07-08T06:50:08.296+0000: 253.386: [GC [PSYoungGen: 174184K->790K(170496K)] 259260K->85938K(857472K), 0.0051820 secs] [Times: user=0.02 sys=0.01, real=0.01 secs] 
2014-07-08T06:50:08.886+0000: 253.977: [GC [PSYoungGen: 170446K->1054K(167424K)] 255594K->86306K(854400K), 0.0034430 secs] [Times: user=0.01 sys=0.00, real=0.01 secs] 
2014-07-08T06:50:09.298+0000: 254.389: [GC [PSYoungGen: 167390K->754K(163904K)] 252642K->86078K(850880K), 0.0037060 secs] [Times: user=0.02 sys=0.00, real=0.00 secs] 
2014-07-08T06:50:09.837+0000: 254.927: [GC [PSYoungGen: 163890K->722K(160768K)] 249214K->86086K(847744K), 0.0035490 secs] [Times: user=0.02 sys=0.00, real=0.01 secs] 
2014-07-08T06:50:10.307+0000: 255.397: [GC [PSYoungGen: 160722K->1552K(158592K)] 246086K->87028K(845568K), 0.0045620 secs] [Times: user=0.02 sys=0.00, real=0.00 secs] 
2014-07-08T06:50:10.940+0000: 256.030: [GC [PSYoungGen: 158544K->876K(154944K)] 244020K->86838K(841920K), 0.0032400 secs] [Times: user=0.01 sys=0.01, real=0.00 secs] 
2014-07-08T06:50:11.359+0000: 256.449: [GC [PSYoungGen: 154874K->1068K(152256K)] 240837K->87102K(839232K), 0.0040640 secs] [Times: user=0.02 sys=0.00, real=0.00 secs] 
2014-07-08T06:50:11.847+0000: 256.937: [GC [PSYoungGen: 152236K->832K(149312K)] 238270K->87170K(836288K), 0.0068350 secs] [Times: user=0.05 sys=0.00, real=0.00 secs] 
2014-07-08T06:50:12.230+0000: 257.320: [GC [PSYoungGen: 149248K->876K(146624K)] 235586K->87262K(833600K), 0.0026240 secs] [Times: user=0.01 sys=0.00, real=0.00 secs] 
2014-07-08T06:50:12.702+0000: 257.793: [GC [PSYoungGen: 146569K->1064K(144192K)] 232955K->87514K(831168K), 0.0069420 secs] [Times: user=0.03 sys=0.00, real=0.01 secs] 
2014-07-08T06:50:13.137+0000: 258.227: [GC [PSYoungGen: 144168K->822K(141440K)] 230618K->87352K(828416K), 0.0043770 secs] [Times: user=0.02 sys=0.00, real=0.00 secs] 
2014-07-08T06:50:13.537+0000: 258.628: [GC [PSYoungGen: 141430K->1040K(169856K)] 227960K->87610K(856832K), 0.0055530 secs] [Times: user=0.03 sys=0.00, real=0.01 secs] 
2014-07-08T06:50:14.043+0000: 259.133: [GC [PSYoungGen: 169808K->910K(203520K)] 256378K->87536K(890496K), 0.0050310 secs] [Times: user=0.02 sys=0.00, real=0.01 secs] 
2014-07-08T06:50:14.648+0000: 259.738: [GC [PSYoungGen: 203470K->1064K(221248K)] 290096K->87746K(908224K), 0.0055300 secs] [Times: user=0.04 sys=0.00, real=0.00 secs] 
2014-07-08T06:50:15.266+0000: 260.357: [GC [PSYoungGen: 221184K->782K(215936K)] 307867K->87520K(902912K), 0.0042670 secs] [Times: user=0.02 sys=0.00, real=0.01 secs] 
2014-07-08T06:50:16.014+0000: 261.104: [GC [PSYoungGen: 215886K->676K(210944K)] 302624K->87486K(897920K), 0.0052120 secs] [Times: user=0.02 sys=0.00, real=0.01 secs] 
2014-07-08T06:50:16.646+0000: 261.736: [GC [PSYoungGen: 210916K->1454K(207040K)] 297726K->88345K(894016K), 0.0059490 secs] [Times: user=0.03 sys=0.00, real=0.01 secs] 
2014-07-08T06:50:17.400+0000: 262.490: [GC [PSYoungGen: 207022K->826K(201856K)] 293913K->88026K(888832K), 0.0057660 secs] [Times: user=0.02 sys=0.00, real=0.00 secs] 
2014-07-08T06:50:18.045+0000: 263.135: [GC [PSYoungGen: 201849K->1022K(197696K)] 289049K->88286K(884672K), 0.0063530 secs] [Times: user=0.04 sys=0.00, real=0.01 secs] 
2014-07-08T06:50:18.637+0000: 263.727: [GC [PSYoungGen: 197694K->1378K(193856K)] 284958K->88872K(880832K), 0.0033960 secs] [Times: user=0.01 sys=0.00, real=0.01 secs] 
2014-07-08T06:50:19.166+0000: 264.256: [GC [PSYoungGen: 193826K->740K(189120K)] 281320K->88306K(876096K), 0.0041110 secs] [Times: user=0.02 sys=0.00, real=0.01 secs] 
2014-07-08T06:50:19.770+0000: 264.860: [GC [PSYoungGen: 189092K->1186K(185600K)] 276658K->88832K(872576K), 0.0058600 secs] [Times: user=0.03 sys=0.00, real=0.00 secs] 
2014-07-08T06:50:20.243+0000: 265.333: [GC [PSYoungGen: 185570K->694K(181248K)] 273216K->88388K(868224K), 0.0037020 secs] [Times: user=0.01 sys=0.00, real=0.00 secs] 
2014-07-08T06:50:20.884+0000: 265.974: [GC [PSYoungGen: 181238K->914K(177792K)] 268932K->88681K(864768K), 0.0075370 secs] [Times: user=0.05 sys=0.00, real=0.01 secs] 
2014-07-08T06:50:21.347+0000: 266.438: [GC [PSYoungGen: 177746K->694K(173952K)] 265513K->88516K(860928K), 0.0035950 secs] [Times: user=0.01 sys=0.00, real=0.01 secs] 
2014-07-08T06:50:21.936+0000: 267.027: [GC [PSYoungGen: 173942K->890K(170688K)] 261764K->88768K(857664K), 0.0041300 secs] [Times: user=0.02 sys=0.00, real=0.01 secs] 
2014-07-08T06:50:22.392+0000: 267.482: [GC [PSYoungGen: 170680K->840K(167360K)] 258559K->88790K(854336K), 0.0041360 secs] [Times: user=0.02 sys=0.01, real=0.00 secs] 
2014-07-08T06:50:23.052+0000: 268.143: [GC [PSYoungGen: 167304K->1464K(164672K)] 255254K->89510K(851648K), 0.0036790 secs] [Times: user=0.02 sys=0.01, real=0.00 secs] 
2014-07-08T06:50:23.517+0000: 268.607: [GC [PSYoungGen: 164664K->1302K(161408K)] 252710K->89412K(848384K), 0.0069390 secs] [Times: user=0.04 sys=0.00, real=0.01 secs] 
2014-07-08T06:50:23.976+0000: 269.067: [GC [PSYoungGen: 161366K->676K(157760K)] 249476K->88818K(844736K), 0.0037660 secs] [Times: user=0.01 sys=0.01, real=0.01 secs] 
2014-07-08T06:50:24.405+0000: 269.495: [GC [PSYoungGen: 157732K->1131K(155264K)] 245874K->89354K(842240K), 0.0033380 secs] [Times: user=0.02 sys=0.00, real=0.00 secs] 
2014-07-08T06:50:24.942+0000: 270.032: [GC [PSYoungGen: 155236K->1006K(152256K)] 243458K->89292K(839232K), 0.0053840 secs] [Times: user=0.03 sys=0.00, real=0.00 secs] 
2014-07-08T06:50:25.328+0000: 270.419: [GC [PSYoungGen: 152238K->1032K(149568K)] 240524K->89398K(836544K), 0.0026390 secs] [Times: user=0.02 sys=0.01, real=0.01 secs] 
2014-07-08T06:50:25.886+0000: 270.976: [GC [PSYoungGen: 149512K->986K(146816K)] 237878K->89464K(833792K), 0.0044330 secs] [Times: user=0.02 sys=0.00, real=0.01 secs] 
2014-07-08T06:50:26.255+0000: 271.345: [GC [PSYoungGen: 146778K->808K(175808K)] 235256K->89318K(862784K), 0.0074350 secs] [Times: user=0.04 sys=0.00, real=0.01 secs] 
2014-07-08T06:50:26.866+0000: 271.956: [GC [PSYoungGen: 175780K->996K(208512K)] 264291K->89562K(895488K), 0.0066700 secs] [Times: user=0.03 sys=0.00, real=0.01 secs] 
2014-07-08T06:50:27.398+0000: 272.488: [GC [PSYoungGen: 208228K->1256K(208704K)] 296794K->89926K(895680K), 0.0049490 secs] [Times: user=0.03 sys=0.00, real=0.01 secs] 
2014-07-08T06:50:28.060+0000: 273.150: [GC [PSYoungGen: 208488K->896K(203584K)] 297158K->89631K(890560K), 0.0033780 secs] [Times: user=0.01 sys=0.01, real=0.00 secs] 
2014-07-08T06:50:28.735+0000: 273.825: [GC [PSYoungGen: 203520K->1523K(199744K)] 292255K->90483K(886720K), 0.0079860 secs] [Times: user=0.03 sys=0.01, real=0.01 secs] 
2014-07-08T06:50:29.379+0000: 274.469: [GC [PSYoungGen: 199731K->630K(194560K)] 288691K->89995K(881536K), 0.0046600 secs] [Times: user=0.02 sys=0.01, real=0.01 secs] 
2014-07-08T06:50:29.998+0000: 275.089: [GC [PSYoungGen: 194550K->790K(190592K)] 283915K->90219K(877568K), 0.0070830 secs] [Times: user=0.05 sys=0.00, real=0.01 secs] 
2014-07-08T06:50:30.557+0000: 275.648: [GC [PSYoungGen: 190506K->1551K(229312K)] 279935K->91028K(916288K), 0.0106370 secs] [Times: user=0.06 sys=0.00, real=0.01 secs] 
2014-07-08T06:50:31.243+0000: 276.333: [GC [PSYoungGen: 229263K->818K(223232K)] 318740K->90358K(910208K), 0.0031850 secs] [Times: user=0.02 sys=0.00, real=0.00 secs] 
2014-07-08T06:50:31.964+0000: 277.054: [GC [PSYoungGen: 223218K->790K(218112K)] 312758K->90395K(905088K), 0.0035760 secs] [Times: user=0.01 sys=0.01, real=0.00 secs] 
2014-07-08T06:50:32.565+0000: 277.655: [GC [PSYoungGen: 218070K->1206K(213568K)] 307675K->90867K(900544K), 0.0036440 secs] [Times: user=0.02 sys=0.00, real=0.00 secs] 
2014-07-08T06:50:33.215+0000: 278.306: [GC [PSYoungGen: 213558K->858K(208512K)] 303219K->90583K(895488K), 0.0057000 secs] [Times: user=0.02 sys=0.01, real=0.01 secs] 
2014-07-08T06:50:33.886+0000: 278.977: [GC [PSYoungGen: 208474K->1010K(204032K)] 298199K->90783K(891008K), 0.0085430 secs] [Times: user=0.04 sys=0.00, real=0.01 secs] 
2014-07-08T06:50:34.415+0000: 279.505: [GC [PSYoungGen: 203939K->904K(199552K)] 293712K->90709K(886528K), 0.0066870 secs] [Times: user=0.03 sys=0.00, real=0.01 secs] 
2014-07-08T06:50:35.193+0000: 280.283: [GC [PSYoungGen: 199496K->1591K(195904K)] 289301K->91526K(882880K), 0.0058140 secs] [Times: user=0.03 sys=0.00, real=0.00 secs] 
2014-07-08T06:50:35.798+0000: 280.888: [GC [PSYoungGen: 195892K->698K(190848K)] 285826K->90925K(877824K), 0.0035270 secs] [Times: user=0.02 sys=0.00, real=0.01 secs] 
2014-07-08T06:50:36.293+0000: 281.383: [GC [PSYoungGen: 190842K->740K(186880K)] 281069K->91031K(873856K), 0.0045330 secs] [Times: user=0.03 sys=0.00, real=0.00 secs] 
2014-07-08T06:50:36.920+0000: 282.010: [GC [PSYoungGen: 186852K->1018K(183296K)] 277143K->91397K(870272K), 0.0079480 secs] [Times: user=0.05 sys=0.00, real=0.01 secs] 
2014-07-08T06:50:37.371+0000: 282.462: [GC [PSYoungGen: 183290K->868K(219648K)] 273669K->91311K(906624K), 0.0084520 secs] [Times: user=0.05 sys=0.00, real=0.00 secs] 
2014-07-08T06:50:38.060+0000: 283.150: [GC [PSYoungGen: 219613K->758K(240000K)] 310056K->91257K(926976K), 0.0046760 secs] [Times: user=0.03 sys=0.00, real=0.01 secs] 
2014-07-08T06:50:38.801+0000: 283.891: [GC [PSYoungGen: 239251K->1296K(234176K)] 329750K->91867K(921152K), 0.0056710 secs] [Times: user=0.03 sys=0.01, real=0.01 secs] 
2014-07-08T06:50:39.433+0000: 284.523: [GC [PSYoungGen: 234096K->306K(227648K)] 324667K->91593K(914624K), 0.0045990 secs] [Times: user=0.02 sys=0.01, real=0.00 secs] 
2014-07-08T06:50:40.142+0000: 285.232: [GC [PSYoungGen: 227634K->1485K(223552K)] 318921K->92844K(910528K), 0.0054380 secs] [Times: user=0.02 sys=0.00, real=0.01 secs] 
2014-07-08T06:50:41.004+0000: 286.094: [GC [PSYoungGen: 223468K->1260K(218176K)] 314828K->92973K(905152K), 0.0064990 secs] [Times: user=0.03 sys=0.00, real=0.00 secs] 
2014-07-08T06:50:41.553+0000: 286.643: [GC [PSYoungGen: 218156K->1160K(213184K)] 309869K->92945K(900160K), 0.0059660 secs] [Times: user=0.03 sys=0.00, real=0.00 secs] 
2014-07-08T06:50:42.175+0000: 287.265: [GC [PSYoungGen: 213128K->1020K(208256K)] 304913K->92968K(895232K), 0.0046810 secs] [Times: user=0.02 sys=0.00, real=0.00 secs] 
2014-07-08T06:50:42.885+0000: 287.975: [GC [PSYoungGen: 208252K->1254K(203904K)] 300200K->93289K(890880K), 0.0038130 secs] [Times: user=0.01 sys=0.00, real=0.00 secs] 
2014-07-08T06:50:43.396+0000: 288.486: [GC [PSYoungGen: 203878K->978K(199232K)] 295913K->93077K(886208K), 0.0037770 secs] [Times: user=0.02 sys=0.00, real=0.00 secs] 
2014-07-08T06:50:44.047+0000: 289.138: [GC [PSYoungGen: 199186K->1148K(195072K)] 291285K->93288K(882048K), 0.0048350 secs] [Times: user=0.01 sys=0.00, real=0.01 secs] 
2014-07-08T06:50:44.610+0000: 289.700: [GC [PSYoungGen: 195068K->1210K(190976K)] 287208K->93397K(877952K), 0.0043140 secs] [Times: user=0.01 sys=0.00, real=0.01 secs] 
2014-07-08T06:50:45.156+0000: 290.247: [GC [PSYoungGen: 190926K->840K(186688K)] 283113K->93091K(873664K), 0.0071560 secs] [Times: user=0.04 sys=0.00, real=0.01 secs] 
2014-07-08T06:50:45.872+0000: 290.962: [GC [PSYoungGen: 186632K->1142K(183104K)] 278883K->93673K(870080K), 0.0070920 secs] [Times: user=0.04 sys=0.00, real=0.00 secs] 
2014-07-08T06:50:46.399+0000: 291.489: [GC [PSYoungGen: 183094K->1136K(179392K)] 275625K->93731K(866368K), 0.0041030 secs] [Times: user=0.01 sys=0.00, real=0.00 secs] 
2014-07-08T06:50:46.961+0000: 292.052: [GC [PSYoungGen: 179376K->726K(175424K)] 271971K->93607K(862400K), 0.0048200 secs] [Times: user=0.02 sys=0.00, real=0.01 secs] 
2014-07-08T06:50:47.449+0000: 292.539: [GC [PSYoungGen: 175382K->662K(171840K)] 268263K->93575K(858816K), 0.0071950 secs] [Times: user=0.04 sys=0.00, real=0.01 secs] 
2014-07-08T06:50:48.023+0000: 293.114: [GC [PSYoungGen: 171796K->1018K(168768K)] 264709K->94027K(855744K), 0.0044840 secs] [Times: user=0.03 sys=0.00, real=0.00 secs] 
2014-07-08T06:50:48.467+0000: 293.557: [GC [PSYoungGen: 168762K->1078K(165568K)] 261771K->94167K(852544K), 0.0031600 secs] [Times: user=0.02 sys=0.00, real=0.00 secs] 
2014-07-08T06:50:49.028+0000: 294.118: [GC [PSYoungGen: 165558K->982K(162304K)] 258647K->94135K(849280K), 0.0035710 secs] [Times: user=0.02 sys=0.01, real=0.00 secs] 
2014-07-08T06:50:49.472+0000: 294.563: [GC [PSYoungGen: 162224K->872K(194432K)] 255377K->94049K(881408K), 0.0085680 secs] [Times: user=0.05 sys=0.00, real=0.01 secs] 
2014-07-08T06:50:50.086+0000: 295.176: [GC [PSYoungGen: 194408K->886K(229184K)] 287585K->94135K(916160K), 0.0080350 secs] [Times: user=0.05 sys=0.00, real=0.01 secs] 
2014-07-08T06:50:50.863+0000: 295.953: [GC [PSYoungGen: 228854K->1462K(229440K)] 322103K->94875K(916416K), 0.0059540 secs] [Times: user=0.02 sys=0.00, real=0.01 secs] 
2014-07-08T06:50:51.506+0000: 296.596: [GC [PSYoungGen: 229428K->1210K(275264K)] 322842K->94664K(962240K), 0.0070690 secs] [Times: user=0.05 sys=0.00, real=0.01 secs] 
2014-07-08T06:50:52.465+0000: 297.555: [GC [PSYoungGen: 274810K->974K(267584K)] 368264K->94518K(954560K), 0.0045100 secs] [Times: user=0.01 sys=0.00, real=0.00 secs] 
2014-07-08T06:50:53.321+0000: 298.412: [GC [PSYoungGen: 267533K->690K(260544K)] 361077K->94562K(947520K), 0.0027110 secs] [Times: user=0.02 sys=0.01, real=0.01 secs] 
2014-07-08T06:50:54.125+0000: 299.215: [GC [PSYoungGen: 260530K->826K(254208K)] 354402K->94746K(941184K), 0.0032140 secs] [Times: user=0.01 sys=0.01, real=0.00 secs] 
2014-07-08T06:50:54.965+0000: 300.055: [GC [PSYoungGen: 254202K->864K(248000K)] 348122K->94833K(934976K), 0.0079570 secs] [Times: user=0.04 sys=0.00, real=0.00 secs] 
2014-07-08T06:50:55.659+0000: 300.749: [GC [PSYoungGen: 247949K->1210K(242304K)] 341918K->95235K(929280K), 0.0072720 secs] [Times: user=0.04 sys=0.01, real=0.01 secs] 
2014-07-08T06:50:56.370+0000: 301.460: [GC [PSYoungGen: 242298K->840K(236160K)] 336323K->94944K(923136K), 0.0036490 secs] [Times: user=0.02 sys=0.00, real=0.00 secs] 
2014-07-08T06:50:57.115+0000: 302.206: [GC [PSYoungGen: 236073K->726K(230464K)] 330178K->94878K(917440K), 0.0027390 secs] [Times: user=0.01 sys=0.00, real=0.00 secs] 
2014-07-08T06:50:57.875+0000: 302.965: [GC [PSYoungGen: 230373K->964K(225344K)] 324526K->95188K(912320K), 0.0065690 secs] [Times: user=0.04 sys=0.01, real=0.00 secs] 
2014-07-08T06:50:58.604+0000: 303.695: [GC [PSYoungGen: 225283K->1528K(220672K)] 319508K->95891K(907648K), 0.0053990 secs] [Times: user=0.03 sys=0.01, real=0.00 secs] 
2014-07-08T06:50:59.220+0000: 304.310: [GC [PSYoungGen: 220664K->572K(214720K)] 315027K->95226K(901696K), 0.0071430 secs] [Times: user=0.04 sys=0.00, real=0.01 secs] 
2014-07-08T06:50:59.903+0000: 304.993: [GC [PSYoungGen: 214716K->754K(210112K)] 309370K->95464K(897088K), 0.0031120 secs] [Times: user=0.02 sys=0.00, real=0.01 secs] 
2014-07-08T06:51:00.452+0000: 305.542: [GC [PSYoungGen: 210098K->1086K(205760K)] 304808K->95892K(892736K), 0.0047490 secs] [Times: user=0.03 sys=0.00, real=0.01 secs] 
2014-07-08T06:51:01.189+0000: 306.279: [GC [PSYoungGen: 205758K->740K(200960K)] 300564K->95602K(887936K), 0.0044220 secs] [Times: user=0.01 sys=0.00, real=0.00 secs] 
2014-07-08T06:51:01.793+0000: 306.884: [GC [PSYoungGen: 200932K->990K(196864K)] 295794K->95916K(883840K), 0.0049960 secs] [Times: user=0.03 sys=0.00, real=0.01 secs] 
2014-07-08T06:51:02.297+0000: 307.387: [GC [PSYoungGen: 196830K->890K(192512K)] 291756K->95904K(879488K), 0.0026750 secs] [Times: user=0.01 sys=0.00, real=0.00 secs] 
2014-07-08T06:51:02.944+0000: 308.034: [GC [PSYoungGen: 192506K->1122K(188736K)] 287520K->96192K(875712K), 0.0040230 secs] [Times: user=0.02 sys=0.00, real=0.01 secs] 
2014-07-08T06:51:03.426+0000: 308.516: [GC [PSYoungGen: 188706K->744K(184448K)] 283776K->95878K(871424K), 0.0044710 secs] [Times: user=0.02 sys=0.01, real=0.00 secs] 
2014-07-08T06:51:04.010+0000: 309.100: [GC [PSYoungGen: 184424K->1060K(180992K)] 279558K->96291K(867968K), 0.0040490 secs] [Times: user=0.02 sys=0.00, real=0.00 secs] 
2014-07-08T06:51:04.499+0000: 309.589: [GC [PSYoungGen: 180922K->982K(177280K)] 276153K->96276K(864256K), 0.0095740 secs] [Times: user=0.05 sys=0.01, real=0.01 secs] 
2014-07-08T06:51:05.173+0000: 310.263: [GC [PSYoungGen: 177238K->872K(212416K)] 272532K->96214K(899392K), 0.0079800 secs] [Times: user=0.05 sys=0.00, real=0.01 secs] 
2014-07-08T06:51:05.834+0000: 310.925: [GC [PSYoungGen: 212392K->1198K(208000K)] 307734K->96636K(894976K), 0.0042660 secs] [Times: user=0.02 sys=0.00, real=0.01 secs] 
2014-07-08T06:51:06.431+0000: 311.522: [GC [PSYoungGen: 207974K->762K(248960K)] 303413K->96240K(935936K), 0.0083910 secs] [Times: user=0.04 sys=0.00, real=0.01 secs] 
2014-07-08T06:51:07.230+0000: 312.320: [GC [PSYoungGen: 248954K->1462K(243584K)] 344432K->97037K(930560K), 0.0034300 secs] [Times: user=0.01 sys=0.00, real=0.00 secs] 
2014-07-08T06:51:07.994+0000: 313.084: [GC [PSYoungGen: 243574K->762K(237056K)] 339148K->96626K(924032K), 0.0041970 secs] [Times: user=0.01 sys=0.00, real=0.01 secs] 
2014-07-08T06:51:08.711+0000: 313.801: [GC [PSYoungGen: 237050K->1581K(232256K)] 332914K->97634K(919232K), 0.0037590 secs] [Times: user=0.01 sys=0.01, real=0.00 secs] 
2014-07-08T06:51:09.371+0000: 314.461: [GC [PSYoungGen: 232237K->890K(226112K)] 328290K->97163K(913088K), 0.0030240 secs] [Times: user=0.01 sys=0.00, real=0.00 secs] 
2014-07-08T06:51:10.210+0000: 315.300: [GC [PSYoungGen: 226106K->1452K(221440K)] 322379K->97797K(908416K), 0.0107830 secs] [Times: user=0.07 sys=0.00, real=0.01 secs] 
2014-07-08T06:51:10.902+0000: 315.992: [GC [PSYoungGen: 221420K->836K(215808K)] 317765K->97228K(902784K), 0.0038790 secs] [Times: user=0.02 sys=0.00, real=0.01 secs] 
2014-07-08T06:51:11.570+0000: 316.660: [GC [PSYoungGen: 215748K->1100K(211200K)] 312140K->97557K(898176K), 0.0061790 secs] [Times: user=0.02 sys=0.00, real=0.01 secs] 
2014-07-08T06:51:12.197+0000: 317.287: [GC [PSYoungGen: 211148K->936K(253056K)] 307605K->97448K(940032K), 0.0117490 secs] [Times: user=0.08 sys=0.00, real=0.01 secs] 
2014-07-08T06:51:13.045+0000: 318.135: [GC [PSYoungGen: 253032K->840K(246784K)] 349544K->97408K(933760K), 0.0064590 secs] [Times: user=0.04 sys=0.00, real=0.01 secs] 
2014-07-08T06:51:13.753+0000: 318.844: [GC [PSYoungGen: 246728K->1220K(241216K)] 343296K->97877K(928192K), 0.0047270 secs] [Times: user=0.02 sys=0.00, real=0.01 secs] 
2014-07-08T06:51:14.458+0000: 319.548: [GC [PSYoungGen: 241118K->708K(234944K)] 337775K->97428K(921920K), 0.0057950 secs] [Times: user=0.03 sys=0.00, real=0.00 secs] 
2014-07-08T06:51:15.208+0000: 320.298: [GC [PSYoungGen: 234860K->993K(229632K)] 331581K->97786K(916608K), 0.0038170 secs] [Times: user=0.01 sys=0.00, real=0.00 secs] 
2014-07-08T06:51:16.029+0000: 321.119: [GC [PSYoungGen: 229601K->1264K(224576K)] 326394K->98145K(911552K), 0.0039990 secs] [Times: user=0.03 sys=0.00, real=0.00 secs] 
2014-07-08T06:51:16.786+0000: 321.876: [GC [PSYoungGen: 224538K->1074K(219264K)] 321419K->98363K(906240K), 0.0037090 secs] [Times: user=0.02 sys=0.00, real=0.01 secs] 
2014-07-08T06:51:17.379+0000: 322.469: [GC [PSYoungGen: 219231K->1200K(214400K)] 316520K->98561K(901376K), 0.0049480 secs] [Times: user=0.02 sys=0.00, real=0.00 secs] 
2014-07-08T06:51:18.054+0000: 323.144: [GC [PSYoungGen: 214384K->836K(209280K)] 311745K->98467K(896256K), 0.0039300 secs] [Times: user=0.01 sys=0.01, real=0.01 secs] 
2014-07-08T06:51:18.705+0000: 323.795: [GC [PSYoungGen: 209220K->1032K(204864K)] 306851K->98703K(891840K), 0.0091760 secs] [Times: user=0.04 sys=0.00, real=0.01 secs] 
2014-07-08T06:51:19.324+0000: 324.414: [GC [PSYoungGen: 204808K->1438K(200768K)] 302479K->99165K(887744K), 0.0034520 secs] [Times: user=0.02 sys=0.00, real=0.00 secs] 
2014-07-08T06:51:19.958+0000: 325.048: [GC [PSYoungGen: 200734K->822K(195840K)] 298461K->98621K(882816K), 0.0035840 secs] [Times: user=0.01 sys=0.00, real=0.00 secs] 
2014-07-08T06:51:20.542+0000: 325.632: [GC [PSYoungGen: 195830K->1036K(191936K)] 293629K->98915K(878912K), 0.0042210 secs] [Times: user=0.02 sys=0.01, real=0.00 secs] 
2014-07-08T06:51:21.240+0000: 326.330: [GC [PSYoungGen: 191884K->1641K(188480K)] 289763K->99634K(875456K), 0.0053500 secs] [Times: user=0.02 sys=0.00, real=0.00 secs] 
2014-07-08T06:51:21.880+0000: 326.970: [GC [PSYoungGen: 188457K->625K(183552K)] 286450K->99334K(870528K), 0.0046630 secs] [Times: user=0.03 sys=0.00, real=0.00 secs] 
2014-07-08T06:51:22.432+0000: 327.522: [GC [PSYoungGen: 183513K->1610K(180800K)] 282222K->100407K(867776K), 0.0045280 secs] [Times: user=0.03 sys=0.00, real=0.00 secs] 
2014-07-08T06:51:23.016+0000: 328.106: [GC [PSYoungGen: 180746K->740K(176256K)] 279543K->100089K(863232K), 0.0036880 secs] [Times: user=0.01 sys=0.00, real=0.01 secs] 
2014-07-08T06:51:23.549+0000: 328.639: [GC [PSYoungGen: 176228K->1178K(173184K)] 275577K->100567K(860160K), 0.0069650 secs] [Times: user=0.02 sys=0.00, real=0.00 secs] 
2014-07-08T06:51:24.089+0000: 329.179: [GC [PSYoungGen: 173129K->840K(169472K)] 272518K->100325K(856448K), 0.0033610 secs] [Times: user=0.01 sys=0.00, real=0.00 secs] 
2014-07-08T06:51:24.634+0000: 329.724: [GC [PSYoungGen: 169393K->1218K(166528K)] 268878K->100775K(853504K), 0.0049550 secs] [Times: user=0.03 sys=0.00, real=0.01 secs] 
2014-07-08T06:51:25.162+0000: 330.252: [GC [PSYoungGen: 166438K->886K(162944K)] 265995K->100507K(849920K), 0.0033180 secs] [Times: user=0.01 sys=0.00, real=0.00 secs] 
2014-07-08T06:51:25.689+0000: 330.779: [GC [PSYoungGen: 162934K->868K(159872K)] 262555K->100569K(846848K), 0.0051360 secs] [Times: user=0.03 sys=0.00, real=0.00 secs] 
2014-07-08T06:51:26.175+0000: 331.265: [GC [PSYoungGen: 159844K->1156K(157184K)] 259545K->100969K(844160K), 0.0031070 secs] [Times: user=0.02 sys=0.00, real=0.00 secs] 
2014-07-08T06:51:26.762+0000: 331.852: [GC [PSYoungGen: 157124K->1388K(154496K)] 256937K->101273K(841472K), 0.0047540 secs] [Times: user=0.02 sys=0.00, real=0.00 secs] 
2014-07-08T06:51:27.225+0000: 332.315: [GC [PSYoungGen: 154476K->694K(150976K)] 254361K->100619K(837952K), 0.0049610 secs] [Times: user=0.03 sys=0.01, real=0.01 secs] 
2014-07-08T06:51:27.757+0000: 332.848: [GC [PSYoungGen: 150966K->1256K(148800K)] 250891K->101245K(835776K), 0.0059280 secs] [Times: user=0.03 sys=0.00, real=0.01 secs] 
2014-07-08T06:51:28.214+0000: 333.304: [GC [PSYoungGen: 148776K->890K(145792K)] 248765K->100967K(832768K), 0.0048120 secs] [Times: user=0.03 sys=0.00, real=0.00 secs] 
2014-07-08T06:51:28.831+0000: 333.921: [GC [PSYoungGen: 145769K->1466K(143808K)] 245847K->101615K(830784K), 0.0057390 secs] [Times: user=0.04 sys=0.00, real=0.00 secs] 
2014-07-08T06:51:29.253+0000: 334.343: [GC [PSYoungGen: 143802K->1150K(140992K)] 243951K->101371K(827968K), 0.0032800 secs] [Times: user=0.01 sys=0.00, real=0.00 secs] 
2014-07-08T06:51:29.760+0000: 334.850: [GC [PSYoungGen: 140990K->1494K(138944K)] 241211K->101795K(825920K), 0.0058050 secs] [Times: user=0.02 sys=0.00, real=0.00 secs] 
2014-07-08T06:51:30.131+0000: 335.222: [GC [PSYoungGen: 138902K->758K(135808K)] 239203K->101123K(822784K), 0.0043260 secs] [Times: user=0.03 sys=0.00, real=0.00 secs] 
2014-07-08T06:51:30.572+0000: 335.662: [GC [PSYoungGen: 135798K->1004K(133760K)] 236163K->101409K(820736K), 0.0037880 secs] [Times: user=0.02 sys=0.01, real=0.00 secs] 
2014-07-08T06:51:31.036+0000: 336.126: [GC [PSYoungGen: 133725K->612K(159936K)] 234131K->101073K(846912K), 0.0068150 secs] [Times: user=0.04 sys=0.00, real=0.01 secs] 
2014-07-08T06:51:31.579+0000: 336.669: [GC [PSYoungGen: 159908K->1142K(192320K)] 260369K->101683K(879296K), 0.0049380 secs] [Times: user=0.03 sys=0.00, real=0.00 secs] 
2014-07-08T06:51:32.196+0000: 337.286: [GC [PSYoungGen: 192310K->1210K(188352K)] 292851K->101855K(875328K), 0.0044190 secs] [Times: user=0.02 sys=0.00, real=0.01 secs] 
2014-07-08T06:51:32.847+0000: 337.938: [GC [PSYoungGen: 188346K->1078K(184320K)] 288991K->101787K(871296K), 0.0082310 secs] [Times: user=0.04 sys=0.00, real=0.01 secs] 
2014-07-08T06:51:33.418+0000: 338.508: [GC [PSYoungGen: 184310K->840K(180352K)] 285019K->101653K(867328K), 0.0043040 secs] [Times: user=0.02 sys=0.00, real=0.01 secs] 
2014-07-08T06:51:34.031+0000: 339.122: [GC [PSYoungGen: 180296K->954K(176768K)] 281109K->101847K(863744K), 0.0054290 secs] [Times: user=0.03 sys=0.00, real=0.00 secs] 
2014-07-08T06:51:34.616+0000: 339.706: [GC [PSYoungGen: 176761K->1024K(173376K)] 277654K->102005K(860352K), 0.0031130 secs] [Times: user=0.01 sys=0.00, real=0.00 secs] 
2014-07-08T06:51:35.226+0000: 340.316: [GC [PSYoungGen: 173312K->726K(169664K)] 274293K->101787K(856640K), 0.0034260 secs] [Times: user=0.01 sys=0.00, real=0.00 secs] 
2014-07-08T06:51:35.787+0000: 340.877: [GC [PSYoungGen: 169622K->986K(166592K)] 270683K->102087K(853568K), 0.0044450 secs] [Times: user=0.02 sys=0.00, real=0.01 secs] 
2014-07-08T06:51:36.320+0000: 341.411: [GC [PSYoungGen: 166553K->1064K(163456K)] 267654K->102213K(850432K), 0.0049250 secs] [Times: user=0.02 sys=0.00, real=0.00 secs] 
2014-07-08T06:51:36.890+0000: 341.980: [GC [PSYoungGen: 163432K->776K(160064K)] 264581K->101981K(847040K), 0.0045250 secs] [Times: user=0.01 sys=0.00, real=0.00 secs] 
2014-07-08T06:51:37.397+0000: 342.487: [GC [PSYoungGen: 160008K->990K(157248K)] 261213K->102299K(844224K), 0.0053750 secs] [Times: user=0.03 sys=0.00, real=0.01 secs] 
2014-07-08T06:51:37.938+0000: 343.028: [GC [PSYoungGen: 157214K->826K(154112K)] 258523K->102215K(841088K), 0.0066330 secs] [Times: user=0.04 sys=0.00, real=0.01 secs] 
2014-07-08T06:51:38.449+0000: 343.539: [GC [PSYoungGen: 154097K->1212K(151680K)] 255487K->102705K(838656K), 0.0044560 secs] [Times: user=0.02 sys=0.00, real=0.01 secs] 
2014-07-08T06:51:38.958+0000: 344.048: [GC [PSYoungGen: 151676K->890K(148608K)] 253169K->102463K(835584K), 0.0036460 secs] [Times: user=0.01 sys=0.00, real=0.01 secs] 
2014-07-08T06:51:39.431+0000: 344.521: [GC [PSYoungGen: 148602K->886K(145920K)] 250175K->102563K(832896K), 0.0060630 secs] [Times: user=0.04 sys=0.00, real=0.01 secs] 
2014-07-08T06:51:39.936+0000: 345.027: [GC [PSYoungGen: 145910K->794K(174912K)] 247587K->102511K(861888K), 0.0086400 secs] [Times: user=0.03 sys=0.00, real=0.01 secs] 
2014-07-08T06:51:40.506+0000: 345.596: [GC [PSYoungGen: 174874K->940K(209856K)] 276591K->102697K(896832K), 0.0064170 secs] [Times: user=0.03 sys=0.01, real=0.01 secs] 
2014-07-08T06:51:41.279+0000: 346.369: [GC [PSYoungGen: 209836K->1050K(205312K)] 311593K->102895K(892288K), 0.0031430 secs] [Times: user=0.02 sys=0.00, real=0.01 secs] 
2014-07-08T06:51:41.975+0000: 347.065: [GC [PSYoungGen: 205274K->790K(200576K)] 307119K->102723K(887552K), 0.0047150 secs] [Times: user=0.03 sys=0.00, real=0.00 secs] 
2014-07-08T06:51:42.632+0000: 347.722: [GC [PSYoungGen: 200534K->932K(196352K)] 302467K->103171K(883328K), 0.0068680 secs] [Times: user=0.05 sys=0.00, real=0.00 secs] 
2014-07-08T06:51:43.283+0000: 348.373: [GC [PSYoungGen: 196294K->1022K(192256K)] 298534K->103365K(879232K), 0.0033930 secs] [Times: user=0.01 sys=0.00, real=0.00 secs] 
2014-07-08T06:51:43.928+0000: 349.018: [GC [PSYoungGen: 192254K->822K(188032K)] 294597K->103293K(875008K), 0.0057280 secs] [Times: user=0.02 sys=0.01, real=0.01 secs] 
2014-07-08T06:51:44.539+0000: 349.629: [GC [PSYoungGen: 188022K->1152K(224192K)] 290493K->103671K(911168K), 0.0101330 secs] [Times: user=0.06 sys=0.00, real=0.01 secs] 
2014-07-08T06:51:45.263+0000: 350.354: [GC [PSYoungGen: 223936K->708K(218432K)] 326455K->103315K(905408K), 0.0028630 secs] [Times: user=0.02 sys=0.00, real=0.00 secs] 
2014-07-08T06:51:45.999+0000: 351.090: [GC [PSYoungGen: 218372K->758K(213504K)] 320979K->103469K(900480K), 0.0036550 secs] [Times: user=0.02 sys=0.00, real=0.01 secs] 
2014-07-08T06:51:46.900+0000: 351.990: [GC [PSYoungGen: 213471K->1330K(209280K)] 316182K->104161K(896256K), 0.0046750 secs] [Times: user=0.03 sys=0.00, real=0.01 secs] 
2014-07-08T06:51:47.481+0000: 352.572: [GC [PSYoungGen: 209238K->868K(204224K)] 312069K->103763K(891200K), 0.0025820 secs] [Times: user=0.01 sys=0.00, real=0.01 secs] 
2014-07-08T06:51:48.132+0000: 353.222: [GC [PSYoungGen: 204196K->740K(199616K)] 307091K->103715K(886592K), 0.0028590 secs] [Times: user=0.01 sys=0.00, real=0.01 secs] 
2014-07-08T06:51:48.852+0000: 353.943: [GC [PSYoungGen: 199588K->1410K(196032K)] 302563K->104441K(883008K), 0.0066900 secs] [Times: user=0.04 sys=0.00, real=0.00 secs] 
2014-07-08T06:51:49.489+0000: 354.579: [GC [PSYoungGen: 195970K->890K(191296K)] 299001K->104043K(878272K), 0.0035930 secs] [Times: user=0.01 sys=0.00, real=0.01 secs] 
2014-07-08T06:51:50.139+0000: 355.230: [GC [PSYoungGen: 191290K->976K(187392K)] 294443K->104185K(874368K), 0.0039820 secs] [Times: user=0.02 sys=0.00, real=0.01 secs] 
2014-07-08T06:51:50.830+0000: 355.921: [GC [PSYoungGen: 187337K->1324K(183808K)] 290546K->104817K(870784K), 0.0061320 secs] [Times: user=0.04 sys=0.00, real=0.01 secs] 
2014-07-08T06:51:51.415+0000: 356.506: [GC [PSYoungGen: 183788K->1369K(180096K)] 287281K->104935K(867072K), 0.0059290 secs] [Times: user=0.03 sys=0.00, real=0.00 secs] 
2014-07-08T06:51:52.060+0000: 357.150: [GC [PSYoungGen: 180057K->758K(175808K)] 283623K->104535K(862784K), 0.0029230 secs] [Times: user=0.02 sys=0.01, real=0.00 secs] 
2014-07-08T06:51:52.649+0000: 357.739: [GC [PSYoungGen: 175798K->1146K(172672K)] 279575K->104995K(859648K), 0.0060450 secs] [Times: user=0.04 sys=0.00, real=0.01 secs] 
2014-07-08T06:51:53.285+0000: 358.375: [GC [PSYoungGen: 172659K->958K(169088K)] 276509K->104887K(856064K), 0.0024670 secs] [Times: user=0.02 sys=0.00, real=0.00 secs] 
2014-07-08T06:51:53.845+0000: 358.935: [GC [PSYoungGen: 169069K->1522K(166400K)] 272998K->105500K(853376K), 0.0070510 secs] [Times: user=0.05 sys=0.00, real=0.00 secs] 
2014-07-08T06:51:54.386+0000: 359.476: [GC [PSYoungGen: 166386K->676K(162368K)] 270364K->104693K(849344K), 0.0070560 secs] [Times: user=0.04 sys=0.00, real=0.01 secs] 
2014-07-08T06:51:54.949+0000: 360.039: [GC [PSYoungGen: 162300K->890K(194944K)] 266317K->104963K(881920K), 0.0081170 secs] [Times: user=0.05 sys=0.00, real=0.01 secs] 
2014-07-08T06:51:55.617+0000: 360.707: [GC [PSYoungGen: 194938K->968K(190912K)] 299011K->105121K(877888K), 0.0032380 secs] [Times: user=0.02 sys=0.00, real=0.00 secs] 
2014-07-08T06:51:56.267+0000: 361.357: [GC [PSYoungGen: 190847K->1108K(187072K)] 295000K->105333K(874048K), 0.0070620 secs] [Times: user=0.04 sys=0.00, real=0.01 secs] 
2014-07-08T06:51:56.952+0000: 362.043: [GC [PSYoungGen: 187028K->1204K(183296K)] 291253K->105485K(870272K), 0.0048490 secs] [Times: user=0.03 sys=0.01, real=0.01 secs] 
2014-07-08T06:51:57.535+0000: 362.626: [GC [PSYoungGen: 183283K->1132K(179520K)] 287564K->105501K(866496K), 0.0067990 secs] [Times: user=0.04 sys=0.01, real=0.00 secs] 
2014-07-08T06:51:58.153+0000: 363.243: [GC [PSYoungGen: 179499K->993K(175808K)] 283868K->105466K(862784K), 0.0032580 secs] [Times: user=0.02 sys=0.00, real=0.00 secs] 
2014-07-08T06:51:58.809+0000: 363.900: [GC [PSYoungGen: 175764K->1410K(172736K)] 280238K->105963K(859712K), 0.0055230 secs] [Times: user=0.03 sys=0.00, real=0.01 secs] 
2014-07-08T06:51:59.350+0000: 364.440: [GC [PSYoungGen: 172674K->744K(168640K)] 277227K->105459K(855616K), 0.0033600 secs] [Times: user=0.01 sys=0.01, real=0.00 secs] 
2014-07-08T06:52:00.041+0000: 365.132: [GC [PSYoungGen: 168616K->1658K(166272K)] 273331K->106642K(853248K), 0.0055760 secs] [Times: user=0.04 sys=0.00, real=0.01 secs] 
2014-07-08T06:52:00.513+0000: 365.603: [GC [PSYoungGen: 166266K->958K(162368K)] 271250K->106252K(849344K), 0.0060820 secs] [Times: user=0.03 sys=0.00, real=0.01 secs] 
2014-07-08T06:52:01.061+0000: 366.151: [GC [PSYoungGen: 162366K->1164K(159552K)] 267660K->106522K(846528K), 0.0043310 secs] [Times: user=0.02 sys=0.00, real=0.01 secs] 
2014-07-08T06:52:01.617+0000: 366.708: [GC [PSYoungGen: 159466K->1054K(156416K)] 264823K->106492K(843392K), 0.0028610 secs] [Times: user=0.02 sys=0.00, real=0.00 secs] 
2014-07-08T06:52:02.163+0000: 367.253: [GC [PSYoungGen: 156382K->872K(187328K)] 261820K->106350K(874304K), 0.0130270 secs] [Times: user=0.06 sys=0.00, real=0.02 secs] 
2014-07-08T06:52:02.812+0000: 367.902: [GC [PSYoungGen: 187304K->968K(183552K)] 292782K->106542K(870528K), 0.0034680 secs] [Times: user=0.02 sys=0.00, real=0.01 secs] 
2014-07-08T06:52:03.435+0000: 368.525: [GC [PSYoungGen: 183496K->890K(179648K)] 289070K->106544K(866624K), 0.0064110 secs] [Times: user=0.04 sys=0.00, real=0.00 secs] 
2014-07-08T06:52:04.055+0000: 369.146: [GC [PSYoungGen: 179642K->858K(208640K)] 285296K->106600K(895616K), 0.0078010 secs] [Times: user=0.05 sys=0.00, real=0.00 secs] 
2014-07-08T06:52:04.822+0000: 369.913: [GC [PSYoungGen: 207898K->1296K(203776K)] 313640K->107150K(890752K), 0.0046920 secs] [Times: user=0.03 sys=0.00, real=0.01 secs] 
2014-07-08T06:52:05.487+0000: 370.577: [GC [PSYoungGen: 203680K->356K(198400K)] 309534K->106560K(885376K), 0.0030630 secs] [Times: user=0.01 sys=0.00, real=0.00 secs] 
2014-07-08T06:52:06.169+0000: 371.260: [GC [PSYoungGen: 198372K->958K(194688K)] 304576K->107234K(881664K), 0.0056530 secs] [Times: user=0.04 sys=0.00, real=0.01 secs] 
2014-07-08T06:52:07.027+0000: 372.117: [GC [PSYoungGen: 194686K->1288K(190976K)] 300962K->107866K(877952K), 0.0070040 secs] [Times: user=0.05 sys=0.00, real=0.00 secs] 
2014-07-08T06:52:07.555+0000: 372.645: [GC [PSYoungGen: 190920K->1378K(187072K)] 297498K->108052K(874048K), 0.0073610 secs] [Times: user=0.05 sys=0.00, real=0.00 secs] 
2014-07-08T06:52:08.172+0000: 373.262: [GC [PSYoungGen: 187042K->744K(182592K)] 293716K->107538K(869568K), 0.0024380 secs] [Times: user=0.01 sys=0.00, real=0.00 secs] 
2014-07-08T06:52:08.811+0000: 373.901: [GC [PSYoungGen: 182568K->1552K(179712K)] 289362K->108426K(866688K), 0.0029930 secs] [Times: user=0.01 sys=0.00, real=0.00 secs] 
2014-07-08T06:52:09.368+0000: 374.458: [GC [PSYoungGen: 179664K->992K(175552K)] 286538K->107922K(862528K), 0.0054880 secs] [Times: user=0.03 sys=0.00, real=0.00 secs] 
2014-07-08T06:52:09.996+0000: 375.086: [GC [PSYoungGen: 175520K->896K(171968K)] 282450K->107898K(858944K), 0.0042460 secs] [Times: user=0.02 sys=0.00, real=0.00 secs] 
2014-07-08T06:52:10.585+0000: 375.675: [GC [PSYoungGen: 171904K->1092K(168768K)] 278906K->108134K(855744K), 0.0097640 secs] [Times: user=0.07 sys=0.00, real=0.00 secs] 
2014-07-08T06:52:11.157+0000: 376.247: [GC [PSYoungGen: 168708K->940K(165312K)] 275750K->108078K(852288K), 0.0029290 secs] [Times: user=0.02 sys=0.00, real=0.00 secs] 
2014-07-08T06:52:11.742+0000: 376.832: [GC [PSYoungGen: 165292K->1395K(162624K)] 272430K->108719K(849600K), 0.0041320 secs] [Times: user=0.03 sys=0.00, real=0.01 secs] 
2014-07-08T06:52:12.285+0000: 377.375: [GC [PSYoungGen: 162611K->1040K(159232K)] 269935K->108444K(846208K), 0.0036600 secs] [Times: user=0.02 sys=0.00, real=0.01 secs] 
2014-07-08T06:52:12.950+0000: 378.040: [GC [PSYoungGen: 159139K->1132K(156352K)] 266543K->109080K(843328K), 0.0070290 secs] [Times: user=0.04 sys=0.00, real=0.01 secs] 
2014-07-08T06:52:13.379+0000: 378.469: [GC [PSYoungGen: 156305K->1292K(153664K)] 264253K->109304K(840640K), 0.0045970 secs] [Times: user=0.02 sys=0.00, real=0.00 secs] 
2014-07-08T06:52:13.934+0000: 379.024: [GC [PSYoungGen: 153578K->1157K(150720K)] 261590K->109511K(837696K), 0.0037570 secs] [Times: user=0.03 sys=0.00, real=0.01 secs] 
2014-07-08T06:52:14.434+0000: 379.524: [GC [PSYoungGen: 150660K->1036K(147904K)] 259014K->109486K(834880K), 0.0039780 secs] [Times: user=0.02 sys=0.01, real=0.01 secs] 
2014-07-08T06:52:14.941+0000: 380.031: [GC [PSYoungGen: 147794K->965K(145216K)] 256244K->109455K(832192K), 0.0057140 secs] [Times: user=0.03 sys=0.00, real=0.01 secs] 
2014-07-08T06:52:15.445+0000: 380.535: [GC [PSYoungGen: 145157K->900K(142592K)] 253647K->109455K(829568K), 0.0034310 secs] [Times: user=0.03 sys=0.00, real=0.01 secs] 
2014-07-08T06:52:15.954+0000: 381.044: [GC [PSYoungGen: 142532K->1146K(140288K)] 251087K->109781K(827264K), 0.0049100 secs] [Times: user=0.02 sys=0.01, real=0.01 secs] 
2014-07-08T06:52:16.422+0000: 381.512: [GC [PSYoungGen: 140230K->926K(137664K)] 248864K->109616K(824640K), 0.0044360 secs] [Times: user=0.02 sys=0.00, real=0.01 secs] 
2014-07-08T06:52:16.923+0000: 382.013: [GC [PSYoungGen: 137625K->1252K(135616K)] 246316K->110039K(822592K), 0.0073160 secs] [Times: user=0.04 sys=0.00, real=0.01 secs] 
2014-07-08T06:52:17.362+0000: 382.453: [GC [PSYoungGen: 135588K->1234K(162496K)] 244375K->110093K(849472K), 0.0053830 secs] [Times: user=0.03 sys=0.00, real=0.01 secs] 
2014-07-08T06:52:17.949+0000: 383.039: [GC [PSYoungGen: 162442K->829K(158976K)] 271301K->109743K(845952K), 0.0052630 secs] [Times: user=0.03 sys=0.00, real=0.00 secs] 
2014-07-08T06:52:18.472+0000: 383.563: [GC [PSYoungGen: 158973K->926K(190784K)] 267887K->109904K(877760K), 0.0065560 secs] [Times: user=0.04 sys=0.00, real=0.01 secs] 
2014-07-08T06:52:19.133+0000: 384.223: [GC [PSYoungGen: 190748K->904K(186816K)] 299727K->109970K(873792K), 0.0038600 secs] [Times: user=0.02 sys=0.01, real=0.00 secs] 
2014-07-08T06:52:19.860+0000: 384.950: [GC [PSYoungGen: 186760K->1260K(183296K)] 295826K->110406K(870272K), 0.0065560 secs] [Times: user=0.04 sys=0.00, real=0.00 secs] 
2014-07-08T06:52:20.408+0000: 385.498: [GC [PSYoungGen: 183276K->858K(179200K)] 292422K->110060K(866176K), 0.0048900 secs] [Times: user=0.02 sys=0.00, real=0.00 secs] 
2014-07-08T06:52:21.032+0000: 386.122: [GC [PSYoungGen: 179158K->876K(175616K)] 288360K->110174K(862592K), 0.0039460 secs] [Times: user=0.03 sys=0.00, real=0.00 secs] 
2014-07-08T06:52:21.632+0000: 386.722: [GC [PSYoungGen: 175568K->1078K(172288K)] 284866K->110416K(859264K), 0.0040130 secs] [Times: user=0.02 sys=0.01, real=0.00 secs] 
2014-07-08T06:52:22.219+0000: 387.310: [GC [PSYoungGen: 172278K->790K(168640K)] 281616K->110232K(855616K), 0.0032020 secs] [Times: user=0.02 sys=0.00, real=0.00 secs] 
2014-07-08T06:52:22.819+0000: 387.909: [GC [PSYoungGen: 168598K->726K(165312K)] 278040K->110248K(852288K), 0.0028980 secs] [Times: user=0.01 sys=0.00, real=0.00 secs] 
2014-07-08T06:52:23.380+0000: 388.470: [GC [PSYoungGen: 165270K->808K(162176K)] 274792K->110426K(849152K), 0.0072920 secs] [Times: user=0.05 sys=0.00, real=0.01 secs] 
2014-07-08T06:52:23.935+0000: 389.025: [GC [PSYoungGen: 162152K->1102K(159424K)] 271770K->110824K(846400K), 0.0031640 secs] [Times: user=0.02 sys=0.00, real=0.01 secs] 
2014-07-08T06:52:24.469+0000: 389.559: [GC [PSYoungGen: 159374K->894K(156160K)] 269096K->110680K(843136K), 0.0050870 secs] [Times: user=0.02 sys=0.00, real=0.00 secs] 
2014-07-08T06:52:25.002+0000: 390.092: [GC [PSYoungGen: 156158K->826K(186432K)] 265944K->110692K(873408K), 0.0121090 secs] [Times: user=0.08 sys=0.00, real=0.01 secs] 
2014-07-08T06:52:25.666+0000: 390.756: [GC [PSYoungGen: 186169K->1206K(186816K)] 296036K->111136K(873792K), 0.0054880 secs] [Times: user=0.03 sys=0.00, real=0.01 secs] 
2014-07-08T06:52:26.303+0000: 391.393: [GC [PSYoungGen: 186550K->1377K(182912K)] 296480K->111412K(869888K), 0.0032550 secs] [Times: user=0.01 sys=0.00, real=0.00 secs] 
2014-07-08T06:52:26.994+0000: 392.084: [GC [PSYoungGen: 182881K->1420K(179264K)] 292916K->111535K(866240K), 0.0060290 secs] [Times: user=0.04 sys=0.00, real=0.01 secs] 
2014-07-08T06:52:27.542+0000: 392.632: [GC [PSYoungGen: 179212K->356K(174592K)] 289327K->111074K(861568K), 0.0028080 secs] [Times: user=0.01 sys=0.00, real=0.00 secs] 
2014-07-08T06:52:28.147+0000: 393.237: [GC [PSYoungGen: 174564K->1072K(171840K)] 285282K->111894K(858816K), 0.0064270 secs] [Times: user=0.04 sys=0.00, real=0.01 secs] 
2014-07-08T06:52:28.777+0000: 393.868: [GC [PSYoungGen: 171822K->1192K(168576K)] 282645K->112374K(855552K), 0.0045290 secs] [Times: user=0.03 sys=0.00, real=0.01 secs] 
2014-07-08T06:52:29.322+0000: 394.412: [GC [PSYoungGen: 168515K->1278K(165376K)] 279698K->112541K(852352K), 0.0056650 secs] [Times: user=0.04 sys=0.00, real=0.00 secs] 
2014-07-08T06:52:29.936+0000: 395.026: [GC [PSYoungGen: 165362K->758K(161728K)] 276625K->112304K(848704K), 0.0060250 secs] [Times: user=0.03 sys=0.00, real=0.01 secs] 
2014-07-08T06:52:30.439+0000: 395.529: [GC [PSYoungGen: 161716K->990K(158912K)] 273263K->112608K(845888K), 0.0051940 secs] [Times: user=0.02 sys=0.00, real=0.00 secs] 
2014-07-08T06:52:30.990+0000: 396.081: [GC [PSYoungGen: 158849K->1108K(156096K)] 270468K->112973K(843072K), 0.0055330 secs] [Times: user=0.03 sys=0.00, real=0.00 secs] 
2014-07-08T06:52:31.520+0000: 396.610: [GC [PSYoungGen: 156035K->1316K(187328K)] 267900K->113213K(874304K), 0.0124180 secs] [Times: user=0.07 sys=0.01, real=0.01 secs] 
2014-07-08T06:52:32.230+0000: 397.320: [GC [PSYoungGen: 187300K->612K(218560K)] 299197K->112944K(905536K), 0.0073020 secs] [Times: user=0.05 sys=0.00, real=0.00 secs] 
2014-07-08T06:52:32.942+0000: 398.032: [GC [PSYoungGen: 218515K->1136K(219456K)] 330848K->113533K(906432K), 0.0059220 secs] [Times: user=0.03 sys=0.01, real=0.00 secs] 
2014-07-08T06:52:33.679+0000: 398.769: [GC [PSYoungGen: 219056K->1256K(214208K)] 331453K->114065K(901184K), 0.0051720 secs] [Times: user=0.03 sys=0.01, real=0.00 secs] 
2014-07-08T06:52:34.388+0000: 399.478: [GC [PSYoungGen: 214111K->1093K(209280K)] 326920K->113998K(896256K), 0.0052370 secs] [Times: user=0.03 sys=0.00, real=0.01 secs] 
2014-07-08T06:52:35.117+0000: 400.208: [GC [PSYoungGen: 209221K->683K(204224K)] 322126K->113965K(891200K), 0.0053450 secs] [Times: user=0.03 sys=0.00, real=0.01 secs] 
2014-07-08T06:52:35.876+0000: 400.966: [GC [PSYoungGen: 204203K->1442K(200512K)] 317485K->114844K(887488K), 0.0049800 secs] [Times: user=0.03 sys=0.00, real=0.01 secs] 
2014-07-08T06:52:36.499+0000: 401.589: [GC [PSYoungGen: 200482K->814K(195584K)] 313884K->114602K(882560K), 0.0082960 secs] [Times: user=0.06 sys=0.00, real=0.01 secs] 
2014-07-08T06:52:37.186+0000: 402.276: [GC [PSYoungGen: 195566K->904K(191552K)] 309354K->114756K(878528K), 0.0056810 secs] [Times: user=0.03 sys=0.00, real=0.01 secs] 
2014-07-08T06:52:37.891+0000: 402.981: [GC [PSYoungGen: 191496K->1004K(187584K)] 305348K->114912K(874560K), 0.0058000 secs] [Times: user=0.03 sys=0.00, real=0.00 secs] 
2014-07-08T06:52:38.504+0000: 403.594: [GC [PSYoungGen: 187523K->1139K(183808K)] 301431K->115127K(870784K), 0.0029810 secs] [Times: user=0.01 sys=0.00, real=0.00 secs] 
2014-07-08T06:52:39.155+0000: 404.245: [GC [PSYoungGen: 183752K->918K(179840K)] 297740K->115018K(866816K), 0.0043070 secs] [Times: user=0.03 sys=0.00, real=0.00 secs] 
2014-07-08T06:52:39.809+0000: 404.899: [GC [PSYoungGen: 179798K->1278K(176512K)] 293898K->115434K(863488K), 0.0071390 secs] [Times: user=0.04 sys=0.01, real=0.01 secs] 
2014-07-08T06:52:40.381+0000: 405.471: [GC [PSYoungGen: 176510K->890K(172608K)] 290666K->115168K(859584K), 0.0075190 secs] [Times: user=0.05 sys=0.01, real=0.00 secs] 
2014-07-08T06:52:40.986+0000: 406.076: [GC [PSYoungGen: 172602K->1008K(169344K)] 286880K->115406K(856320K), 0.0049770 secs] [Times: user=0.02 sys=0.00, real=0.01 secs] 
2014-07-08T06:52:41.579+0000: 406.669: [GC [PSYoungGen: 169328K->1185K(166272K)] 283726K->115740K(853248K), 0.0029540 secs] [Times: user=0.01 sys=0.00, real=0.01 secs] 
2014-07-08T06:52:42.201+0000: 407.291: [GC [PSYoungGen: 166241K->1352K(199488K)] 280796K->115947K(886464K), 0.0151300 secs] [Times: user=0.08 sys=0.01, real=0.01 secs] 
2014-07-08T06:52:42.847+0000: 407.938: [GC [PSYoungGen: 199432K->502K(238208K)] 314027K->115369K(925184K), 0.0054550 secs] [Times: user=0.02 sys=0.00, real=0.01 secs] 
2014-07-08T06:52:43.676+0000: 408.766: [GC [PSYoungGen: 238197K->1585K(233600K)] 353065K->116548K(920576K), 0.0036930 secs] [Times: user=0.01 sys=0.00, real=0.00 secs] 
2014-07-08T06:52:44.474+0000: 409.565: [GC [PSYoungGen: 233585K->858K(227456K)] 348548K->116051K(914432K), 0.0029840 secs] [Times: user=0.02 sys=0.00, real=0.00 secs] 
2014-07-08T06:52:45.315+0000: 410.405: [GC [PSYoungGen: 227418K->1348K(222720K)] 342611K->116622K(909696K), 0.0042510 secs] [Times: user=0.01 sys=0.01, real=0.00 secs] 
2014-07-08T06:52:46.037+0000: 411.128: [GC [PSYoungGen: 222660K->992K(217280K)] 337934K->116329K(904256K), 0.0041170 secs] [Times: user=0.02 sys=0.00, real=0.01 secs] 
2014-07-08T06:52:46.786+0000: 411.876: [GC [PSYoungGen: 217248K->1396K(212736K)] 332585K->116765K(899712K), 0.0053500 secs] [Times: user=0.02 sys=0.00, real=0.01 secs] 
2014-07-08T06:52:47.504+0000: 412.594: [GC [PSYoungGen: 212724K->840K(207488K)] 328093K->116305K(894464K), 0.0049600 secs] [Times: user=0.03 sys=0.00, real=0.00 secs] 
2014-07-08T06:52:48.230+0000: 413.320: [GC [PSYoungGen: 207432K->972K(203072K)] 322897K->116541K(890048K), 0.0058560 secs] [Times: user=0.04 sys=0.00, real=0.01 secs] 
2014-07-08T06:52:48.937+0000: 414.027: [GC [PSYoungGen: 203020K->940K(198592K)] 318589K->116565K(885568K), 0.0041620 secs] [Times: user=0.02 sys=0.00, real=0.01 secs] 
2014-07-08T06:52:49.639+0000: 414.729: [GC [PSYoungGen: 198572K->1004K(194368K)] 314197K->116693K(881344K), 0.0033650 secs] [Times: user=0.02 sys=0.00, real=0.01 secs] 
2014-07-08T06:52:50.309+0000: 415.399: [GC [PSYoungGen: 194348K->1086K(190336K)] 310037K->116839K(877312K), 0.0037300 secs] [Times: user=0.01 sys=0.00, real=0.01 secs] 
2014-07-08T06:52:50.978+0000: 416.068: [GC [PSYoungGen: 190334K->890K(186176K)] 306087K->116739K(873152K), 0.0042600 secs] [Times: user=0.02 sys=0.00, real=0.01 secs] 
2014-07-08T06:52:51.621+0000: 416.712: [GC [PSYoungGen: 186170K->1146K(182592K)] 302019K->117067K(869568K), 0.0038520 secs] [Times: user=0.01 sys=0.00, real=0.01 secs] 
2014-07-08T06:52:52.292+0000: 417.382: [GC [PSYoungGen: 182586K->708K(178496K)] 298507K->116701K(865472K), 0.0051880 secs] [Times: user=0.02 sys=0.01, real=0.01 secs] 
2014-07-08T06:52:52.903+0000: 417.993: [GC [PSYoungGen: 178436K->772K(174976K)] 294429K->116869K(861952K), 0.0030570 secs] [Times: user=0.02 sys=0.00, real=0.00 secs] 
2014-07-08T06:52:53.458+0000: 418.548: [GC [PSYoungGen: 174883K->780K(171520K)] 290981K->116925K(858496K), 0.0062440 secs] [Times: user=0.04 sys=0.00, real=0.01 secs] 
2014-07-08T06:52:54.062+0000: 419.152: [GC [PSYoungGen: 171468K->836K(168192K)] 287613K->117053K(855168K), 0.0059970 secs] [Times: user=0.04 sys=0.00, real=0.01 secs] 
2014-07-08T06:52:54.642+0000: 419.732: [GC [PSYoungGen: 168097K->1270K(165312K)] 284315K->117552K(852288K), 0.0061690 secs] [Times: user=0.03 sys=0.01, real=0.01 secs] 
2014-07-08T06:52:55.206+0000: 420.296: [GC [PSYoungGen: 165302K->942K(161856K)] 281584K->117393K(848832K), 0.0066700 secs] [Times: user=0.04 sys=0.00, real=0.01 secs] 
2014-07-08T06:52:55.784+0000: 420.874: [GC [PSYoungGen: 161749K->1544K(159424K)] 278200K->118099K(846400K), 0.0037940 secs] [Times: user=0.01 sys=0.01, real=0.00 secs] 
2014-07-08T06:52:56.311+0000: 421.401: [GC [PSYoungGen: 159368K->694K(155584K)] 275923K->117329K(842560K), 0.0056450 secs] [Times: user=0.04 sys=0.00, real=0.01 secs] 
2014-07-08T06:52:56.851+0000: 421.941: [GC [PSYoungGen: 155574K->1252K(153280K)] 272209K->117960K(840256K), 0.0037690 secs] [Times: user=0.02 sys=0.01, real=0.01 secs] 
2014-07-08T06:52:57.427+0000: 422.517: [GC [PSYoungGen: 153252K->1532K(150720K)] 269960K->118408K(837696K), 0.0083780 secs] [Times: user=0.05 sys=0.00, real=0.01 secs] 
2014-07-08T06:52:58.014+0000: 423.104: [GC [PSYoungGen: 150716K->1178K(147712K)] 267592K->118141K(834688K), 0.0041940 secs] [Times: user=0.01 sys=0.01, real=0.00 secs] 
2014-07-08T06:52:58.435+0000: 423.525: [GC [PSYoungGen: 147654K->1128K(145024K)] 264618K->118220K(832000K), 0.0033470 secs] [Times: user=0.01 sys=0.00, real=0.00 secs] 
2014-07-08T06:52:58.909+0000: 423.999: [GC [PSYoungGen: 145000K->1042K(142400K)] 262092K->118205K(829376K), 0.0057630 secs] [Times: user=0.03 sys=0.00, real=0.01 secs] 
2014-07-08T06:52:59.385+0000: 424.475: [GC [PSYoungGen: 142328K->940K(170560K)] 259491K->118191K(857536K), 0.0083990 secs] [Times: user=0.05 sys=0.00, real=0.01 secs] 
2014-07-08T06:52:59.970+0000: 425.060: [GC [PSYoungGen: 170540K->858K(204416K)] 287791K->118197K(891392K), 0.0047220 secs] [Times: user=0.03 sys=0.01, real=0.01 secs] 
2014-07-08T06:53:00.675+0000: 425.765: [GC [PSYoungGen: 204378K->954K(239360K)] 321717K->118341K(926336K), 0.0157860 secs] [Times: user=0.10 sys=0.00, real=0.01 secs] 
2014-07-08T06:53:01.472+0000: 426.562: [GC [PSYoungGen: 238634K->1128K(239360K)] 356021K->118596K(926336K), 0.0046550 secs] [Times: user=0.02 sys=0.00, real=0.01 secs] 
2014-07-08T06:53:02.306+0000: 427.396: [GC [PSYoungGen: 238823K->1046K(286784K)] 356291K->118626K(973760K), 0.0060970 secs] [Times: user=0.04 sys=0.00, real=0.00 secs] 
2014-07-08T06:53:03.289+0000: 428.379: [GC [PSYoungGen: 286290K->1140K(278912K)] 403870K->118823K(965888K), 0.0054290 secs] [Times: user=0.03 sys=0.00, real=0.01 secs] 
2014-07-08T06:53:04.252+0000: 429.342: [GC [PSYoungGen: 278900K->552K(271168K)] 396583K->118567K(958144K), 0.0061700 secs] [Times: user=0.04 sys=0.01, real=0.01 secs] 
2014-07-08T06:53:05.187+0000: 430.277: [GC [PSYoungGen: 271144K->1054K(264768K)] 389159K->119141K(951744K), 0.0085530 secs] [Times: user=0.04 sys=0.00, real=0.01 secs] 
2014-07-08T06:53:06.158+0000: 431.248: [GC [PSYoungGen: 264734K->1050K(258112K)] 382821K->119407K(945088K), 0.0042600 secs] [Times: user=0.02 sys=0.00, real=0.00 secs] 
2014-07-08T06:53:07.005+0000: 432.095: [GC [PSYoungGen: 258047K->840K(251520K)] 376405K->119301K(938496K), 0.0055900 secs] [Times: user=0.04 sys=0.00, real=0.00 secs] 
2014-07-08T06:53:07.977+0000: 433.068: [GC [PSYoungGen: 251464K->1017K(245504K)] 369925K->120003K(932480K), 0.0038580 secs] [Times: user=0.02 sys=0.01, real=0.00 secs] 
2014-07-08T06:53:08.741+0000: 433.831: [GC [PSYoungGen: 245497K->1256K(239872K)] 364483K->120322K(926848K), 0.0050340 secs] [Times: user=0.03 sys=0.00, real=0.01 secs] 
2014-07-08T06:53:09.563+0000: 434.654: [GC [PSYoungGen: 239848K->943K(233856K)] 358914K->120340K(920832K), 0.0144800 secs] [Times: user=0.09 sys=0.00, real=0.02 secs] 
2014-07-08T06:53:10.381+0000: 435.471: [GC [PSYoungGen: 233839K->1124K(228544K)] 353236K->120601K(915520K), 0.0048900 secs] [Times: user=0.02 sys=0.00, real=0.01 secs] 
2014-07-08T06:53:11.165+0000: 436.255: [GC [PSYoungGen: 228516K->726K(222848K)] 347993K->120275K(909824K), 0.0043410 secs] [Times: user=0.03 sys=0.00, real=0.01 secs] 
2014-07-08T06:53:12.044+0000: 437.134: [GC [PSYoungGen: 222760K->1584K(218560K)] 342309K->121369K(905536K), 0.0039240 secs] [Times: user=0.02 sys=0.00, real=0.01 secs] 
2014-07-08T06:53:12.785+0000: 437.875: [GC [PSYoungGen: 218513K->886K(212928K)] 338298K->120881K(899904K), 0.0056310 secs] [Times: user=0.03 sys=0.00, real=0.00 secs] 
2014-07-08T06:53:13.409+0000: 438.499: [GC [PSYoungGen: 212918K->926K(208256K)] 332913K->121059K(895232K), 0.0049240 secs] [Times: user=0.03 sys=0.00, real=0.00 secs] 
2014-07-08T06:53:14.134+0000: 439.224: [GC [PSYoungGen: 208183K->858K(203584K)] 328316K->121229K(890560K), 0.0041540 secs] [Times: user=0.02 sys=0.00, real=0.01 secs] 
2014-07-08T06:53:14.894+0000: 439.984: [GC [PSYoungGen: 203508K->1222K(199552K)] 323880K->121689K(886528K), 0.0028190 secs] [Times: user=0.02 sys=0.00, real=0.01 secs] 
2014-07-08T06:53:15.523+0000: 440.613: [GC [PSYoungGen: 199494K->964K(195008K)] 319961K->121496K(881984K), 0.0034010 secs] [Times: user=0.01 sys=0.00, real=0.01 secs] 
2014-07-08T06:53:16.200+0000: 441.290: [GC [PSYoungGen: 194948K->1154K(191040K)] 315480K->121749K(878016K), 0.0034030 secs] [Times: user=0.02 sys=0.00, real=0.00 secs] 
2014-07-08T06:53:16.938+0000: 442.028: [GC [PSYoungGen: 190934K->1268K(187136K)] 311529K->121967K(874112K), 0.0039160 secs] [Times: user=0.02 sys=0.00, real=0.00 secs] 
2014-07-08T06:53:17.505+0000: 442.595: [GC [PSYoungGen: 187122K->1150K(183168K)] 307822K->121913K(870144K), 0.0038940 secs] [Times: user=0.01 sys=0.01, real=0.00 secs] 
2014-07-08T06:53:18.162+0000: 443.252: [GC [PSYoungGen: 183166K->986K(179328K)] 303929K->121879K(866304K), 0.0036810 secs] [Times: user=0.01 sys=0.00, real=0.00 secs] 
2014-07-08T06:53:18.798+0000: 443.888: [GC [PSYoungGen: 179290K->1160K(175936K)] 300183K->122093K(862912K), 0.0087180 secs] [Times: user=0.06 sys=0.00, real=0.01 secs] 
2014-07-08T06:53:19.357+0000: 444.447: [GC [PSYoungGen: 175857K->940K(172160K)] 296790K->121953K(859136K), 0.0035450 secs] [Times: user=0.02 sys=0.00, real=0.00 secs] 
2014-07-08T06:53:19.981+0000: 445.071: [GC [PSYoungGen: 172140K->808K(168640K)] 293153K->121893K(855616K), 0.0055130 secs] [Times: user=0.04 sys=0.00, real=0.01 secs] 
2014-07-08T06:53:20.556+0000: 445.646: [GC [PSYoungGen: 168616K->1068K(165632K)] 289701K->122233K(852608K), 0.0030860 secs] [Times: user=0.02 sys=0.00, real=0.00 secs] 
2014-07-08T06:53:21.136+0000: 446.226: [GC [PSYoungGen: 165578K->1225K(162624K)] 286743K->122470K(849600K), 0.0052050 secs] [Times: user=0.03 sys=0.00, real=0.00 secs] 
2014-07-08T06:53:21.703+0000: 446.793: [GC [PSYoungGen: 162569K->762K(159040K)] 283814K->122275K(846016K), 0.0075460 secs] [Times: user=0.04 sys=0.00, real=0.01 secs] 
2014-07-08T06:53:22.248+0000: 447.338: [GC [PSYoungGen: 159034K->1072K(156352K)] 280547K->122681K(843328K), 0.0052430 secs] [Times: user=0.02 sys=0.00, real=0.00 secs] 
2014-07-08T06:53:22.921+0000: 448.011: [GC [PSYoungGen: 156336K->1252K(153664K)] 277945K->123007K(840640K), 0.0039200 secs] [Times: user=0.01 sys=0.00, real=0.00 secs] 
2014-07-08T06:53:23.383+0000: 448.473: [GC [PSYoungGen: 153636K->1168K(150784K)] 275391K->123011K(837760K), 0.0039780 secs] [Times: user=0.03 sys=0.00, real=0.01 secs] 
2014-07-08T06:53:23.910+0000: 449.000: [GC [PSYoungGen: 150736K->620K(147520K)] 272579K->123000K(834496K), 0.0048960 secs] [Times: user=0.03 sys=0.00, real=0.00 secs] 
2014-07-08T06:53:24.345+0000: 449.436: [GC [PSYoungGen: 147500K->1200K(145472K)] 269880K->123668K(832448K), 0.0029380 secs] [Times: user=0.02 sys=0.00, real=0.01 secs] 
2014-07-08T06:53:24.888+0000: 449.978: [GC [PSYoungGen: 145456K->1254K(142976K)] 267924K->124058K(829952K), 0.0026510 secs] [Times: user=0.02 sys=0.00, real=0.00 secs] 
2014-07-08T06:53:25.356+0000: 450.447: [GC [PSYoungGen: 142950K->812K(140032K)] 265754K->123688K(827008K), 0.0050230 secs] [Times: user=0.03 sys=0.00, real=0.01 secs] 
2014-07-08T06:53:25.865+0000: 450.955: [GC [PSYoungGen: 140012K->1022K(137792K)] 262888K->123986K(824768K), 0.0046220 secs] [Times: user=0.02 sys=0.01, real=0.01 secs] 
2014-07-08T06:53:26.316+0000: 451.406: [GC [PSYoungGen: 137790K->940K(135360K)] 260754K->124000K(822336K), 0.0043340 secs] [Times: user=0.02 sys=0.01, real=0.01 secs] 
2014-07-08T06:53:26.808+0000: 451.899: [GC [PSYoungGen: 135309K->1017K(162304K)] 258369K->124536K(849280K), 0.0093780 secs] [Times: user=0.05 sys=0.00, real=0.01 secs] 
2014-07-08T06:53:27.348+0000: 452.439: [GC [PSYoungGen: 162297K->908K(159168K)] 285816K->124507K(846144K), 0.0038690 secs] [Times: user=0.02 sys=0.00, real=0.00 secs] 
2014-07-08T06:53:27.958+0000: 453.048: [GC [PSYoungGen: 159085K->1162K(156416K)] 282684K->124915K(843392K), 0.0045680 secs] [Times: user=0.03 sys=0.01, real=0.00 secs] 
2014-07-08T06:53:28.443+0000: 453.533: [GC [PSYoungGen: 156362K->1022K(153344K)] 280115K->124863K(840320K), 0.0058710 secs] [Times: user=0.04 sys=0.00, real=0.01 secs] 
2014-07-08T06:53:29.025+0000: 454.115: [GC [PSYoungGen: 153322K->1004K(150528K)] 277163K->125201K(837504K), 0.0032310 secs] [Times: user=0.02 sys=0.00, real=0.01 secs] 
2014-07-08T06:53:29.491+0000: 454.582: [GC [PSYoungGen: 150508K->954K(180416K)] 274705K->125223K(867392K), 0.0089210 secs] [Times: user=0.05 sys=0.00, real=0.01 secs] 
2014-07-08T06:53:30.116+0000: 455.206: [GC [PSYoungGen: 180367K->1008K(216384K)] 304637K->125333K(903360K), 0.0048290 secs] [Times: user=0.02 sys=0.00, real=0.01 secs] 
2014-07-08T06:53:30.890+0000: 455.980: [GC [PSYoungGen: 216368K->1274K(211776K)] 340693K->125640K(898752K), 0.0043570 secs] [Times: user=0.01 sys=0.00, real=0.00 secs] 
2014-07-08T06:53:31.597+0000: 456.688: [GC [PSYoungGen: 211770K->804K(206656K)] 336136K->125397K(893632K), 0.0059260 secs] [Times: user=0.04 sys=0.01, real=0.01 secs] 
2014-07-08T06:53:32.297+0000: 457.387: [GC [PSYoungGen: 206628K->904K(202240K)] 331221K->125577K(889216K), 0.0048900 secs] [Times: user=0.02 sys=0.00, real=0.01 secs] 
2014-07-08T06:53:33.030+0000: 458.120: [GC [PSYoungGen: 202158K->1171K(198144K)] 326831K->125917K(885120K), 0.0067550 secs] [Times: user=0.04 sys=0.00, real=0.00 secs] 
2014-07-08T06:53:33.673+0000: 458.764: [GC [PSYoungGen: 198018K->1086K(193792K)] 322763K->125927K(880768K), 0.0066100 secs] [Times: user=0.03 sys=0.01, real=0.01 secs] 
2014-07-08T06:53:34.332+0000: 459.422: [GC [PSYoungGen: 193790K->826K(189440K)] 318631K->125945K(876416K), 0.0039220 secs] [Times: user=0.03 sys=0.00, real=0.00 secs] 
2014-07-08T06:53:34.971+0000: 460.061: [GC [PSYoungGen: 189428K->808K(185472K)] 314547K->125983K(872448K), 0.0053230 secs] [Times: user=0.02 sys=0.01, real=0.00 secs] 
2014-07-08T06:53:35.600+0000: 460.691: [GC [PSYoungGen: 185448K->1042K(181888K)] 310623K->126282K(868864K), 0.0034470 secs] [Times: user=0.01 sys=0.00, real=0.00 secs] 
2014-07-08T06:53:36.243+0000: 461.333: [GC [PSYoungGen: 181842K->872K(177984K)] 307082K->126183K(864960K), 0.0034610 secs] [Times: user=0.01 sys=0.00, real=0.00 secs] 
2014-07-08T06:53:36.886+0000: 461.976: [GC [PSYoungGen: 177946K->996K(174528K)] 303258K->126550K(861504K), 0.0064500 secs] [Times: user=0.04 sys=0.01, real=0.01 secs] 
2014-07-08T06:53:37.438+0000: 462.528: [GC [PSYoungGen: 174500K->1072K(171136K)] 300054K->126730K(858112K), 0.0045770 secs] [Times: user=0.02 sys=0.00, real=0.01 secs] 
2014-07-08T06:53:38.052+0000: 463.142: [GC [PSYoungGen: 171120K->886K(167616K)] 296778K->126754K(854592K), 0.0057080 secs] [Times: user=0.03 sys=0.00, real=0.00 secs] 
2014-07-08T06:53:38.615+0000: 463.705: [GC [PSYoungGen: 167557K->1175K(164672K)] 293424K->127139K(851648K), 0.0052580 secs] [Times: user=0.03 sys=0.00, real=0.01 secs] 
2014-07-08T06:53:39.185+0000: 464.275: [GC [PSYoungGen: 164597K->680K(161024K)] 290561K->126773K(848000K), 0.0069020 secs] [Times: user=0.03 sys=0.00, real=0.01 secs] 
2014-07-08T06:53:39.766+0000: 464.856: [GC [PSYoungGen: 160978K->1114K(158400K)] 287072K->127303K(845376K), 0.0048000 secs] [Times: user=0.02 sys=0.00, real=0.01 secs] 
2014-07-08T06:53:40.282+0000: 465.373: [GC [PSYoungGen: 158346K->972K(155328K)] 284536K->127242K(842304K), 0.0048850 secs] [Times: user=0.02 sys=0.00, real=0.00 secs] 
2014-07-08T06:53:40.834+0000: 465.924: [GC [PSYoungGen: 155276K->1396K(186624K)] 281546K->127788K(873600K), 0.0078630 secs] [Times: user=0.05 sys=0.01, real=0.01 secs] 
2014-07-08T06:53:41.457+0000: 466.547: [GC [PSYoungGen: 186612K->434K(181824K)] 313004K->127165K(868800K), 0.0033120 secs] [Times: user=0.01 sys=0.00, real=0.01 secs] 
2014-07-08T06:53:42.128+0000: 467.218: [GC [PSYoungGen: 181810K->1200K(178880K)] 308541K->128036K(865856K), 0.0055090 secs] [Times: user=0.03 sys=0.00, real=0.01 secs] 
2014-07-08T06:53:42.708+0000: 467.798: [GC [PSYoungGen: 178857K->1236K(175360K)] 305693K->128284K(862336K), 0.0048500 secs] [Times: user=0.03 sys=0.00, real=0.01 secs] 
2014-07-08T06:53:43.292+0000: 468.383: [GC [PSYoungGen: 175310K->772K(171456K)] 302358K->127908K(858432K), 0.0068810 secs] [Times: user=0.04 sys=0.00, real=0.01 secs] 
2014-07-08T06:53:43.887+0000: 468.977: [GC [PSYoungGen: 171396K->976K(205824K)] 298532K->128192K(892800K), 0.0076610 secs] [Times: user=0.04 sys=0.00, real=0.01 secs] 
2014-07-08T06:53:44.599+0000: 469.690: [GC [PSYoungGen: 205775K->1337K(247104K)] 332991K->128609K(934080K), 0.0090250 secs] [Times: user=0.05 sys=0.00, real=0.01 secs] 
2014-07-08T06:53:45.459+0000: 470.550: [GC [PSYoungGen: 247097K->758K(252096K)] 374369K->128226K(939072K), 0.0079750 secs] [Times: user=0.04 sys=0.00, real=0.01 secs] 
2014-07-08T06:53:46.338+0000: 471.428: [GC [PSYoungGen: 252086K->1052K(246272K)] 379554K->128592K(933248K), 0.0032170 secs] [Times: user=0.01 sys=0.01, real=0.01 secs] 
2014-07-08T06:53:47.185+0000: 472.275: [GC [PSYoungGen: 246236K->548K(239808K)] 373776K->128486K(926784K), 0.0040370 secs] [Times: user=0.02 sys=0.00, real=0.00 secs] 
2014-07-08T06:53:48.048+0000: 473.138: [GC [PSYoungGen: 239780K->1516K(235072K)] 367718K->129606K(922048K), 0.0042460 secs] [Times: user=0.02 sys=0.00, real=0.01 secs] 
2014-07-08T06:53:48.898+0000: 473.988: [GC [PSYoungGen: 235052K->1018K(229056K)] 363142K->129458K(916032K), 0.0030680 secs] [Times: user=0.01 sys=0.01, real=0.01 secs] 
2014-07-08T06:53:49.641+0000: 474.731: [GC [PSYoungGen: 229050K->1246K(224000K)] 357490K->129742K(910976K), 0.0044450 secs] [Times: user=0.02 sys=0.00, real=0.00 secs] 
2014-07-08T06:53:50.400+0000: 475.490: [GC [PSYoungGen: 223934K->1100K(218752K)] 352430K->129726K(905728K), 0.0036060 secs] [Times: user=0.02 sys=0.00, real=0.01 secs] 
2014-07-08T06:53:51.145+0000: 476.235: [GC [PSYoungGen: 218623K->975K(213696K)] 347249K->129681K(900672K), 0.0031050 secs] [Times: user=0.02 sys=0.00, real=0.00 secs] 
2014-07-08T06:53:51.906+0000: 476.996: [GC [PSYoungGen: 213647K->1186K(209088K)] 342353K->130030K(896064K), 0.0037660 secs] [Times: user=0.01 sys=0.01, real=0.00 secs] 
2014-07-08T06:53:52.618+0000: 477.708: [GC [PSYoungGen: 209058K->1114K(204416K)] 337902K->130022K(891392K), 0.0052960 secs] [Times: user=0.03 sys=0.00, real=0.01 secs] 
2014-07-08T06:53:53.312+0000: 478.402: [GC [PSYoungGen: 204378K->794K(199616K)] 333286K->129816K(886592K), 0.0063140 secs] [Times: user=0.04 sys=0.00, real=0.00 secs] 
2014-07-08T06:53:53.996+0000: 479.086: [GC [PSYoungGen: 199577K->826K(195328K)] 328599K->129912K(882304K), 0.0042960 secs] [Times: user=0.03 sys=0.00, real=0.00 secs] 
2014-07-08T06:53:54.730+0000: 479.821: [GC [PSYoungGen: 195322K->1608K(192000K)] 324408K->130782K(878976K), 0.0032790 secs] [Times: user=0.02 sys=0.00, real=0.01 secs] 
2014-07-08T06:53:55.379+0000: 480.469: [GC [PSYoungGen: 191944K->978K(187328K)] 321118K->130209K(874304K), 0.0035350 secs] [Times: user=0.02 sys=0.00, real=0.01 secs] 
2014-07-08T06:53:56.027+0000: 481.117: [GC [PSYoungGen: 187252K->954K(183360K)] 316483K->130280K(870336K), 0.0033030 secs] [Times: user=0.02 sys=0.00, real=0.00 secs] 
2014-07-08T06:53:56.623+0000: 481.713: [GC [PSYoungGen: 183354K->1136K(179776K)] 312680K->130486K(866752K), 0.0138940 secs] [Times: user=0.08 sys=0.00, real=0.01 secs] 
2014-07-08T06:53:57.239+0000: 482.329: [GC [PSYoungGen: 179760K->950K(175936K)] 309110K->130399K(862912K), 0.0043230 secs] [Times: user=0.02 sys=0.00, real=0.01 secs] 
2014-07-08T06:53:57.877+0000: 482.967: [GC [PSYoungGen: 175926K->1086K(172544K)] 305375K->130606K(859520K), 0.0053360 secs] [Times: user=0.02 sys=0.00, real=0.01 secs] 
2014-07-08T06:53:58.413+0000: 483.503: [GC [PSYoungGen: 172511K->1128K(169216K)] 302032K->130713K(856192K), 0.0027800 secs] [Times: user=0.01 sys=0.00, real=0.00 secs] 
2014-07-08T06:53:59.000+0000: 484.091: [GC [PSYoungGen: 169192K->840K(165696K)] 298777K->130504K(852672K), 0.0029380 secs] [Times: user=0.01 sys=0.00, real=0.01 secs] 
2014-07-08T06:53:59.584+0000: 484.674: [GC [PSYoungGen: 165640K->1072K(162688K)] 295304K->130792K(849664K), 0.0045300 secs] [Times: user=0.03 sys=0.00, real=0.00 secs] 
2014-07-08T06:54:00.138+0000: 485.228: [GC [PSYoungGen: 162672K->976K(159552K)] 292392K->130744K(846528K), 0.0083880 secs] [Times: user=0.04 sys=0.00, real=0.01 secs] 
2014-07-08T06:54:00.703+0000: 485.793: [GC [PSYoungGen: 159504K->1014K(191296K)] 289272K->130838K(878272K), 0.0126300 secs] [Times: user=0.07 sys=0.01, real=0.01 secs] 
2014-07-08T06:54:01.379+0000: 486.469: [GC [PSYoungGen: 191286K->922K(229312K)] 321110K->130770K(916288K), 0.0051210 secs] [Times: user=0.02 sys=0.00, real=0.01 secs] 
2014-07-08T06:54:02.155+0000: 487.245: [GC [PSYoungGen: 229274K->1015K(239616K)] 359122K->131158K(926592K), 0.0071260 secs] [Times: user=0.03 sys=0.00, real=0.01 secs] 
2014-07-08T06:54:02.979+0000: 488.069: [GC [PSYoungGen: 239607K->1042K(233984K)] 369750K->131265K(920960K), 0.0041910 secs] [Times: user=0.02 sys=0.00, real=0.01 secs] 
2014-07-08T06:54:03.776+0000: 488.866: [GC [PSYoungGen: 233889K->502K(227904K)] 364112K->131619K(914880K), 0.0062080 secs] [Times: user=0.04 sys=0.00, real=0.00 secs] 
2014-07-08T06:54:04.565+0000: 489.655: [GC [PSYoungGen: 227894K->1314K(223424K)] 359011K->132519K(910400K), 0.0044360 secs] [Times: user=0.02 sys=0.01, real=0.00 secs] 
2014-07-08T06:54:05.336+0000: 490.426: [GC [PSYoungGen: 223394K->758K(217728K)] 354599K->132465K(904704K), 0.0098070 secs] [Times: user=0.06 sys=0.00, real=0.01 secs] 
2014-07-08T06:54:06.098+0000: 491.188: [GC [PSYoungGen: 217718K->762K(212800K)] 349425K->132525K(899776K), 0.0031410 secs] [Times: user=0.02 sys=0.00, real=0.00 secs] 
2014-07-08T06:54:06.885+0000: 491.975: [GC [PSYoungGen: 212794K->1516K(208832K)] 344557K->133351K(895808K), 0.0089630 secs] [Times: user=0.05 sys=0.01, real=0.01 secs] 
2014-07-08T06:54:07.578+0000: 492.668: [GC [PSYoungGen: 208812K->1050K(203776K)] 340647K->132925K(890752K), 0.0056720 secs] [Times: user=0.01 sys=0.00, real=0.01 secs] 
2014-07-08T06:54:08.296+0000: 493.386: [GC [PSYoungGen: 203738K->876K(199168K)] 335613K->133225K(886144K), 0.0082650 secs] [Times: user=0.05 sys=0.00, real=0.01 secs] 
2014-07-08T06:54:08.946+0000: 494.036: [GC [PSYoungGen: 199148K->1232K(195264K)] 331497K->133629K(882240K), 0.0058810 secs] [Times: user=0.03 sys=0.00, real=0.00 secs] 
2014-07-08T06:54:09.608+0000: 494.698: [GC [PSYoungGen: 195138K->1330K(191168K)] 327536K->134180K(878144K), 0.0052160 secs] [Times: user=0.03 sys=0.00, real=0.01 secs] 
2014-07-08T06:54:10.260+0000: 495.350: [GC [PSYoungGen: 191154K->886K(186752K)] 324004K->133831K(873728K), 0.0052410 secs] [Times: user=0.03 sys=0.00, real=0.01 secs] 
2014-07-08T06:54:10.933+0000: 496.023: [GC [PSYoungGen: 186742K->886K(182912K)] 319687K->133903K(869888K), 0.0040970 secs] [Times: user=0.02 sys=0.00, real=0.01 secs] 
2014-07-08T06:54:11.548+0000: 496.639: [GC [PSYoungGen: 182902K->1260K(179584K)] 315919K->134341K(866560K), 0.0035340 secs] [Times: user=0.02 sys=0.00, real=0.00 secs] 
2014-07-08T06:54:12.155+0000: 497.245: [GC [PSYoungGen: 179564K->876K(175616K)] 312645K->134029K(862592K), 0.0046890 secs] [Times: user=0.03 sys=0.00, real=0.00 secs] 
2014-07-08T06:54:12.784+0000: 497.874: [GC [PSYoungGen: 175580K->1174K(172416K)] 308733K->134399K(859392K), 0.0032420 secs] [Times: user=0.01 sys=0.00, real=0.01 secs] 
2014-07-08T06:54:13.454+0000: 498.544: [GC [PSYoungGen: 172324K->1224K(169088K)] 305550K->134529K(856064K), 0.0044830 secs] [Times: user=0.02 sys=0.01, real=0.00 secs] 
2014-07-08T06:54:13.960+0000: 499.050: [GC [PSYoungGen: 169032K->822K(165376K)] 302337K->134215K(852352K), 0.0028420 secs] [Times: user=0.01 sys=0.00, real=0.00 secs] 
2014-07-08T06:54:14.509+0000: 499.599: [GC [PSYoungGen: 165366K->1160K(162560K)] 298759K->134618K(849536K), 0.0062210 secs] [Times: user=0.03 sys=0.01, real=0.01 secs] 
2014-07-08T06:54:15.070+0000: 500.160: [GC [PSYoungGen: 162504K->1006K(159296K)] 295962K->134551K(846272K), 0.0064340 secs] [Times: user=0.03 sys=0.00, real=0.01 secs] 
2014-07-08T06:54:15.625+0000: 500.715: [GC [PSYoungGen: 159278K->1022K(156288K)] 292823K->134889K(843264K), 0.0054150 secs] [Times: user=0.03 sys=0.01, real=0.00 secs] 
2014-07-08T06:54:16.144+0000: 501.234: [GC [PSYoungGen: 156286K->862K(153280K)] 290153K->134769K(840256K), 0.0058800 secs] [Times: user=0.01 sys=0.00, real=0.01 secs] 
2014-07-08T06:54:16.679+0000: 501.769: [GC [PSYoungGen: 153246K->1398K(150976K)] 287153K->135461K(837952K), 0.0062150 secs] [Times: user=0.04 sys=0.01, real=0.01 secs] 
2014-07-08T06:54:17.194+0000: 502.284: [GC [PSYoungGen: 150966K->1018K(147904K)] 285029K->135129K(834880K), 0.0030550 secs] [Times: user=0.02 sys=0.00, real=0.01 secs] 
2014-07-08T06:54:17.720+0000: 502.810: [GC [PSYoungGen: 147884K->1054K(145344K)] 281995K->135279K(832320K), 0.0067130 secs] [Times: user=0.03 sys=0.01, real=0.01 secs] 
2014-07-08T06:54:18.217+0000: 503.307: [GC [PSYoungGen: 145309K->1593K(174720K)] 279534K->135922K(861696K), 0.0072380 secs] [Times: user=0.04 sys=0.00, real=0.00 secs] 
2014-07-08T06:54:18.895+0000: 503.985: [GC [PSYoungGen: 174713K->552K(170240K)] 309042K->135409K(857216K), 0.0047630 secs] [Times: user=0.03 sys=0.00, real=0.00 secs] 
2014-07-08T06:54:19.405+0000: 504.495: [GC [PSYoungGen: 170215K->1240K(204928K)] 305072K->136153K(891904K), 0.0069240 secs] [Times: user=0.04 sys=0.00, real=0.00 secs] 
2014-07-08T06:54:20.155+0000: 505.246: [GC [PSYoungGen: 204888K->904K(224320K)] 339801K->136145K(911296K), 0.0089730 secs] [Times: user=0.04 sys=0.00, real=0.00 secs] 
2014-07-08T06:54:20.928+0000: 506.018: [GC [PSYoungGen: 223560K->1494K(219072K)] 358801K->136807K(906048K), 0.0040400 secs] [Times: user=0.02 sys=0.00, real=0.00 secs] 
2014-07-08T06:54:21.654+0000: 506.745: [GC [PSYoungGen: 219030K->242K(212864K)] 354343K->136121K(899840K), 0.0039870 secs] [Times: user=0.01 sys=0.01, real=0.01 secs] 
2014-07-08T06:54:22.367+0000: 507.457: [GC [PSYoungGen: 212850K->1600K(209472K)] 348729K->137535K(896448K), 0.0034480 secs] [Times: user=0.02 sys=0.00, real=0.00 secs] 
2014-07-08T06:54:23.067+0000: 508.158: [GC [PSYoungGen: 209408K->876K(204096K)] 345343K->137463K(891072K), 0.0030920 secs] [Times: user=0.01 sys=0.00, real=0.00 secs] 
2014-07-08T06:54:23.840+0000: 508.930: [GC [PSYoungGen: 204069K->1318K(200128K)] 340656K->137985K(887104K), 0.0042990 secs] [Times: user=0.02 sys=0.00, real=0.00 secs] 
2014-07-08T06:54:24.459+0000: 509.549: [GC [PSYoungGen: 200083K->1022K(195520K)] 336751K->137793K(882496K), 0.0048410 secs] [Times: user=0.03 sys=0.00, real=0.00 secs] 
2014-07-08T06:54:25.141+0000: 510.231: [GC [PSYoungGen: 195518K->1142K(191488K)] 332289K->137969K(878464K), 0.0034050 secs] [Times: user=0.01 sys=0.00, real=0.00 secs] 
2014-07-08T06:54:25.858+0000: 510.948: [GC [PSYoungGen: 191478K->1214K(187520K)] 328305K->138121K(874496K), 0.0032060 secs] [Times: user=0.01 sys=0.01, real=0.00 secs] 
2014-07-08T06:54:26.441+0000: 511.531: [GC [PSYoungGen: 187473K->961K(183424K)] 324381K->137972K(870400K), 0.0036400 secs] [Times: user=0.02 sys=0.01, real=0.00 secs] 
2014-07-08T06:54:27.090+0000: 512.180: [GC [PSYoungGen: 183361K->694K(179328K)] 320372K->137753K(866304K), 0.0062530 secs] [Times: user=0.04 sys=0.00, real=0.01 secs] 
2014-07-08T06:54:27.737+0000: 512.827: [GC [PSYoungGen: 179318K->1114K(176128K)] 316377K->138229K(863104K), 0.0072070 secs] [Times: user=0.04 sys=0.00, real=0.00 secs] 
2014-07-08T06:54:28.316+0000: 513.406: [GC [PSYoungGen: 176090K->1110K(172608K)] 313205K->138329K(859584K), 0.0057120 secs] [Times: user=0.04 sys=0.00, real=0.01 secs] 
2014-07-08T06:54:28.991+0000: 514.081: [GC [PSYoungGen: 172543K->1588K(169664K)] 309763K->139202K(856640K), 0.0053990 secs] [Times: user=0.03 sys=0.00, real=0.01 secs] 
2014-07-08T06:54:29.496+0000: 514.586: [GC [PSYoungGen: 169652K->505K(165312K)] 307266K->138576K(852288K), 0.0030510 secs] [Times: user=0.02 sys=0.00, real=0.00 secs] 
2014-07-08T06:54:30.066+0000: 515.157: [GC [PSYoungGen: 165305K->1118K(162752K)] 303376K->139409K(849728K), 0.0037310 secs] [Times: user=0.02 sys=0.00, real=0.01 secs] 
2014-07-08T06:54:30.609+0000: 515.699: [GC [PSYoungGen: 162698K->943K(159488K)] 300990K->139447K(846464K), 0.0055320 secs] [Times: user=0.03 sys=0.00, real=0.00 secs] 
2014-07-08T06:54:31.161+0000: 516.251: [GC [PSYoungGen: 159471K->730K(156288K)] 297975K->139273K(843264K), 0.0028590 secs] [Times: user=0.01 sys=0.00, real=0.00 secs] 
2014-07-08T06:54:31.740+0000: 516.831: [GC [PSYoungGen: 156250K->1402K(154048K)] 294793K->140033K(841024K), 0.0085130 secs] [Times: user=0.05 sys=0.00, real=0.01 secs] 
2014-07-08T06:54:32.286+0000: 517.377: [GC [PSYoungGen: 154002K->1250K(151104K)] 292633K->139977K(838080K), 0.0036230 secs] [Times: user=0.02 sys=0.00, real=0.01 secs] 
2014-07-08T06:54:32.856+0000: 517.946: [GC [PSYoungGen: 151074K->1064K(148160K)] 289801K->139847K(835136K), 0.0032970 secs] [Times: user=0.02 sys=0.00, real=0.01 secs] 
2014-07-08T06:54:33.248+0000: 518.338: [GC [PSYoungGen: 148136K->840K(145344K)] 286919K->139727K(832320K), 0.0042150 secs] [Times: user=0.03 sys=0.00, real=0.00 secs] 
2014-07-08T06:54:33.842+0000: 518.932: [GC [PSYoungGen: 145288K->1340K(143232K)] 284175K->140316K(830208K), 0.0067800 secs] [Times: user=0.04 sys=0.00, real=0.01 secs] 
2014-07-08T06:54:34.235+0000: 519.325: [GC [PSYoungGen: 143228K->808K(140224K)] 282204K->139895K(827200K), 0.0049120 secs] [Times: user=0.03 sys=0.01, real=0.01 secs] 
2014-07-08T06:54:34.740+0000: 519.831: [GC [PSYoungGen: 140200K->1364K(168704K)] 279287K->140532K(855680K), 0.0064870 secs] [Times: user=0.04 sys=0.00, real=0.01 secs] 
2014-07-08T06:54:35.303+0000: 520.393: [GC [PSYoungGen: 168629K->1175K(165248K)] 307797K->140407K(852224K), 0.0048000 secs] [Times: user=0.02 sys=0.00, real=0.01 secs] 
2014-07-08T06:54:35.897+0000: 520.988: [GC [PSYoungGen: 165204K->1014K(161920K)] 304435K->140462K(848896K), 0.0058800 secs] [Times: user=0.03 sys=0.00, real=0.00 secs] 
2014-07-08T06:54:36.415+0000: 521.505: [GC [PSYoungGen: 161910K->1128K(158976K)] 301358K->140656K(845952K), 0.0033500 secs] [Times: user=0.02 sys=0.00, real=0.01 secs] 
2014-07-08T06:54:37.001+0000: 522.091: [GC [PSYoungGen: 158952K->1132K(156032K)] 298480K->140847K(843008K), 0.0041050 secs] [Times: user=0.01 sys=0.00, real=0.00 secs] 
2014-07-08T06:54:37.516+0000: 522.606: [GC [PSYoungGen: 156012K->1004K(153024K)] 295727K->140791K(840000K), 0.0054150 secs] [Times: user=0.02 sys=0.00, real=0.01 secs] 
2014-07-08T06:54:38.123+0000: 523.213: [GC [PSYoungGen: 153004K->1204K(150400K)] 292791K->141136K(837376K), 0.0040340 secs] [Times: user=0.02 sys=0.01, real=0.00 secs] 
2014-07-08T06:54:38.570+0000: 523.660: [GC [PSYoungGen: 150388K->1250K(147776K)] 290320K->141246K(834752K), 0.0059840 secs] [Times: user=0.03 sys=0.00, real=0.00 secs] 
2014-07-08T06:54:39.130+0000: 524.220: [GC [PSYoungGen: 147746K->872K(144768K)] 287742K->141071K(831744K), 0.0062280 secs] [Times: user=0.02 sys=0.00, real=0.00 secs] 
2014-07-08T06:54:39.570+0000: 524.661: [GC [PSYoungGen: 144744K->958K(173632K)] 284943K->141222K(860608K), 0.0060480 secs] [Times: user=0.03 sys=0.00, real=0.00 secs] 
2014-07-08T06:54:40.173+0000: 525.264: [GC [PSYoungGen: 173618K->1160K(170432K)] 313881K->141520K(857408K), 0.0035430 secs] [Times: user=0.02 sys=0.00, real=0.00 secs] 
2014-07-08T06:54:40.869+0000: 525.959: [GC [PSYoungGen: 170376K->1512K(167424K)] 310736K->142010K(854400K), 0.0052270 secs] [Times: user=0.04 sys=0.00, real=0.00 secs] 
2014-07-08T06:54:41.339+0000: 526.429: [GC [PSYoungGen: 167379K->374K(163072K)] 307877K->141447K(850048K), 0.0052590 secs] [Times: user=0.03 sys=0.00, real=0.00 secs] 
2014-07-08T06:54:41.944+0000: 527.034: [GC [PSYoungGen: 163016K->1249K(160832K)] 304089K->142354K(847808K), 0.0038660 secs] [Times: user=0.01 sys=0.00, real=0.00 secs] 
2014-07-08T06:54:42.456+0000: 527.546: [GC [PSYoungGen: 160801K->1206K(157760K)] 301906K->142634K(844736K), 0.0039290 secs] [Times: user=0.02 sys=0.00, real=0.01 secs] 
2014-07-08T06:54:43.012+0000: 528.102: [GC [PSYoungGen: 157749K->762K(154368K)] 299177K->142238K(841344K), 0.0033260 secs] [Times: user=0.02 sys=0.00, real=0.00 secs] 
2014-07-08T06:54:43.542+0000: 528.632: [GC [PSYoungGen: 154345K->1111K(151936K)] 295822K->142643K(838912K), 0.0036020 secs] [Times: user=0.01 sys=0.00, real=0.00 secs] 
2014-07-08T06:54:44.147+0000: 529.237: [GC [PSYoungGen: 151872K->1368K(149440K)] 293404K->142964K(836416K), 0.0065390 secs] [Times: user=0.04 sys=0.00, real=0.01 secs] 
2014-07-08T06:54:44.583+0000: 529.673: [GC [PSYoungGen: 149400K->690K(178368K)] 290996K->142644K(865344K), 0.0093030 secs] [Times: user=0.04 sys=0.00, real=0.01 secs] 
2014-07-08T06:54:45.197+0000: 530.287: [GC [PSYoungGen: 178354K->1450K(175552K)] 320308K->143500K(862528K), 0.0037890 secs] [Times: user=0.02 sys=0.00, real=0.01 secs] 
2014-07-08T06:54:45.831+0000: 530.921: [GC [PSYoungGen: 175530K->1196K(171840K)] 317580K->143830K(858816K), 0.0055710 secs] [Times: user=0.03 sys=0.00, real=0.00 secs] 
2014-07-08T06:54:46.383+0000: 531.473: [GC [PSYoungGen: 171820K->872K(168128K)] 314454K->143578K(855104K), 0.0056450 secs] [Times: user=0.03 sys=0.00, real=0.00 secs] 
2014-07-08T06:54:46.962+0000: 532.053: [GC [PSYoungGen: 168104K->744K(164736K)] 310810K->143506K(851712K), 0.0029930 secs] [Times: user=0.01 sys=0.00, real=0.00 secs] 
2014-07-08T06:54:47.526+0000: 532.617: [GC [PSYoungGen: 164683K->930K(161792K)] 307445K->143748K(848768K), 0.0026740 secs] [Times: user=0.02 sys=0.00, real=0.01 secs] 
2014-07-08T06:54:48.080+0000: 533.170: [GC [PSYoungGen: 161762K->1134K(158912K)] 304580K->144041K(845888K), 0.0036360 secs] [Times: user=0.02 sys=0.00, real=0.00 secs] 
2014-07-08T06:54:48.645+0000: 533.735: [GC [PSYoungGen: 158894K->1110K(155968K)] 301801K->144128K(842944K), 0.0041900 secs] [Times: user=0.03 sys=0.00, real=0.01 secs] 
2014-07-08T06:54:49.216+0000: 534.306: [GC [PSYoungGen: 155926K->958K(152896K)] 298944K->144032K(839872K), 0.0040300 secs] [Times: user=0.02 sys=0.01, real=0.01 secs] 
2014-07-08T06:54:49.701+0000: 534.792: [GC [PSYoungGen: 152894K->1712K(150848K)] 295968K->144859K(837824K), 0.0063300 secs] [Times: user=0.03 sys=0.00, real=0.00 secs] 
2014-07-08T06:54:50.239+0000: 535.330: [GC [PSYoungGen: 150832K->822K(147264K)] 293979K->144040K(834240K), 0.0042070 secs] [Times: user=0.03 sys=0.00, real=0.01 secs] 
2014-07-08T06:54:50.720+0000: 535.810: [GC [PSYoungGen: 147242K->1292K(177088K)] 290461K->144535K(864064K), 0.0167010 secs] [Times: user=0.08 sys=0.00, real=0.02 secs] 
2014-07-08T06:54:51.317+0000: 536.407: [GC [PSYoungGen: 177036K->1142K(190976K)] 320279K->144482K(877952K), 0.0116060 secs] [Times: user=0.07 sys=0.00, real=0.01 secs] 
2014-07-08T06:54:51.994+0000: 537.084: [GC [PSYoungGen: 190518K->840K(191168K)] 333858K->144212K(878144K), 0.0063060 secs] [Times: user=0.03 sys=0.00, real=0.01 secs] 
2014-07-08T06:54:52.635+0000: 537.725: [GC [PSYoungGen: 190132K->1010K(228928K)] 333505K->144422K(915904K), 0.0042860 secs] [Times: user=0.01 sys=0.00, real=0.00 secs] 
2014-07-08T06:54:53.413+0000: 538.503: [GC [PSYoungGen: 228225K->762K(228992K)] 371638K->144238K(915968K), 0.0049040 secs] [Times: user=0.02 sys=0.00, real=0.00 secs] 
2014-07-08T06:54:54.234+0000: 539.324: [GC [PSYoungGen: 228026K->1214K(223168K)] 371502K->144754K(910144K), 0.0037930 secs] [Times: user=0.02 sys=0.00, real=0.00 secs] 
2014-07-08T06:54:54.965+0000: 540.056: [GC [PSYoungGen: 223166K->744K(217600K)] 366706K->144340K(904576K), 0.0038670 secs] [Times: user=0.02 sys=0.00, real=0.00 secs] 
2014-07-08T06:54:55.774+0000: 540.864: [GC [PSYoungGen: 217576K->1192K(213120K)] 361172K->144852K(900096K), 0.0038630 secs] [Times: user=0.02 sys=0.01, real=0.00 secs] 
2014-07-08T06:54:56.452+0000: 541.542: [GC [PSYoungGen: 213064K->944K(208128K)] 356725K->144668K(895104K), 0.0049610 secs] [Times: user=0.04 sys=0.01, real=0.00 secs] 
2014-07-08T06:54:57.161+0000: 542.251: [GC [PSYoungGen: 208112K->922K(203520K)] 351836K->144726K(890496K), 0.0047590 secs] [Times: user=0.03 sys=0.00, real=0.00 secs] 
2014-07-08T06:54:57.915+0000: 543.005: [GC [PSYoungGen: 203435K->1316K(199488K)] 347239K->145169K(886464K), 0.0074260 secs] [Times: user=0.03 sys=0.00, real=0.01 secs] 
2014-07-08T06:54:58.549+0000: 543.639: [GC [PSYoungGen: 199437K->826K(194688K)] 343289K->144766K(881664K), 0.0042990 secs] [Times: user=0.02 sys=0.00, real=0.01 secs] 
2014-07-08T06:54:59.230+0000: 544.320: [GC [PSYoungGen: 194682K->985K(190720K)] 338622K->144966K(877696K), 0.0107310 secs] [Times: user=0.06 sys=0.00, real=0.02 secs] 
2014-07-08T06:54:59.908+0000: 544.998: [GC [PSYoungGen: 190681K->1345K(187136K)] 334662K->145349K(874112K), 0.0064210 secs] [Times: user=0.01 sys=0.00, real=0.01 secs] 
2014-07-08T06:55:00.506+0000: 545.597: [GC [PSYoungGen: 187034K->994K(182912K)] 331039K->145054K(869888K), 0.0053130 secs] [Times: user=0.03 sys=0.00, real=0.01 secs] 
2014-07-08T06:55:01.142+0000: 546.232: [GC [PSYoungGen: 182882K->876K(179072K)] 326942K->145000K(866048K), 0.0061950 secs] [Times: user=0.03 sys=0.00, real=0.00 secs] 
2014-07-08T06:55:01.834+0000: 546.924: [GC [PSYoungGen: 178992K->1561K(176192K)] 323117K->145742K(863168K), 0.0038680 secs] [Times: user=0.02 sys=0.00, real=0.00 secs] 
2014-07-08T06:55:02.374+0000: 547.464: [GC [PSYoungGen: 176139K->758K(171840K)] 320319K->145092K(858816K), 0.0028100 secs] [Times: user=0.02 sys=0.00, real=0.00 secs] 
2014-07-08T06:55:02.973+0000: 548.063: [GC [PSYoungGen: 171830K->1004K(168704K)] 316164K->145394K(855680K), 0.0083460 secs] [Times: user=0.05 sys=0.00, real=0.00 secs] 
2014-07-08T06:55:03.531+0000: 548.621: [GC [PSYoungGen: 168684K->964K(165440K)] 313074K->145427K(852416K), 0.0034260 secs] [Times: user=0.01 sys=0.00, real=0.01 secs] 
2014-07-08T06:55:04.143+0000: 549.233: [GC [PSYoungGen: 165354K->1546K(162816K)] 309817K->146073K(849792K), 0.0069080 secs] [Times: user=0.04 sys=0.00, real=0.00 secs] 
2014-07-08T06:55:04.669+0000: 549.759: [GC [PSYoungGen: 162762K->744K(158912K)] 307289K->145542K(845888K), 0.0036420 secs] [Times: user=0.02 sys=0.00, real=0.01 secs] 
2014-07-08T06:55:05.196+0000: 550.286: [GC [PSYoungGen: 158888K->826K(156032K)] 303686K->145688K(843008K), 0.0064400 secs] [Times: user=0.03 sys=0.00, real=0.01 secs] 
2014-07-08T06:55:05.750+0000: 550.840: [GC [PSYoungGen: 156000K->1086K(187328K)] 300862K->146012K(874304K), 0.0085960 secs] [Times: user=0.04 sys=0.00, real=0.01 secs] 
2014-07-08T06:55:06.382+0000: 551.472: [GC [PSYoungGen: 187326K->826K(224320K)] 332252K->145832K(911296K), 0.0060870 secs] [Times: user=0.04 sys=0.00, real=0.00 secs] 
2014-07-08T06:55:07.170+0000: 552.261: [GC [PSYoungGen: 224314K->1100K(219456K)] 369320K->146194K(906432K), 0.0051680 secs] [Times: user=0.02 sys=0.01, real=0.01 secs] 
2014-07-08T06:55:07.989+0000: 553.079: [GC [PSYoungGen: 219404K->890K(214208K)] 364498K->146040K(901184K), 0.0086220 secs] [Times: user=0.05 sys=0.00, real=0.01 secs] 
2014-07-08T06:55:08.679+0000: 553.769: [GC [PSYoungGen: 214188K->1196K(209728K)] 359339K->146386K(896704K), 0.0063170 secs] [Times: user=0.02 sys=0.01, real=0.01 secs] 
2014-07-08T06:55:09.394+0000: 554.485: [GC [PSYoungGen: 209708K->1056K(204992K)] 354898K->146335K(891968K), 0.0040390 secs] [Times: user=0.02 sys=0.00, real=0.00 secs] 
2014-07-08T06:55:10.107+0000: 555.197: [GC [PSYoungGen: 204960K->947K(200384K)] 350239K->146388K(887360K), 0.0056660 secs] [Times: user=0.02 sys=0.00, real=0.00 secs] 
2014-07-08T06:55:10.833+0000: 555.923: [GC [PSYoungGen: 200371K->1200K(196352K)] 345812K->146738K(883328K), 0.0094670 secs] [Times: user=0.05 sys=0.00, real=0.00 secs] 
2014-07-08T06:55:11.478+0000: 556.569: [GC [PSYoungGen: 196324K->940K(191936K)] 341863K->146690K(878912K), 0.0043340 secs] [Times: user=0.03 sys=0.00, real=0.00 secs] 
2014-07-08T06:55:12.148+0000: 557.238: [GC [PSYoungGen: 191916K->926K(187904K)] 337666K->146756K(874880K), 0.0052550 secs] [Times: user=0.03 sys=0.00, real=0.01 secs] 
2014-07-08T06:55:12.802+0000: 557.892: [GC [PSYoungGen: 187870K->744K(183808K)] 333700K->146606K(870784K), 0.0050320 secs] [Times: user=0.02 sys=0.00, real=0.01 secs] 
2014-07-08T06:55:13.419+0000: 558.509: [GC [PSYoungGen: 183784K->858K(180160K)] 329646K->146800K(867136K), 0.0053270 secs] [Times: user=0.02 sys=0.00, real=0.01 secs] 
2014-07-08T06:55:14.155+0000: 559.245: [GC [PSYoungGen: 180122K->1469K(177088K)] 326064K->147484K(864064K), 0.0059930 secs] [Times: user=0.04 sys=0.01, real=0.00 secs] 
2014-07-08T06:55:14.666+0000: 559.756: [GC [PSYoungGen: 177072K->1074K(173184K)] 323087K->147137K(860160K), 0.0059710 secs] [Times: user=0.02 sys=0.00, real=0.00 secs] 
2014-07-08T06:55:15.248+0000: 560.338: [GC [PSYoungGen: 173170K->786K(169536K)] 319233K->146970K(856512K), 0.0046570 secs] [Times: user=0.04 sys=0.00, real=0.00 secs] 
2014-07-08T06:55:15.864+0000: 560.954: [GC [PSYoungGen: 169470K->1171K(166592K)] 315655K->147420K(853568K), 0.0035550 secs] [Times: user=0.02 sys=0.00, real=0.00 secs] 
2014-07-08T06:55:16.407+0000: 561.497: [GC [PSYoungGen: 166524K->712K(162944K)] 312772K->147008K(849920K), 0.0045640 secs] [Times: user=0.03 sys=0.00, real=0.00 secs] 
2014-07-08T06:55:17.002+0000: 562.092: [GC [PSYoungGen: 162888K->878K(160000K)] 309184K->147239K(846976K), 0.0064560 secs] [Times: user=0.04 sys=0.00, real=0.01 secs] 
2014-07-08T06:55:17.524+0000: 562.614: [GC [PSYoungGen: 159955K->958K(157056K)] 306315K->147382K(844032K), 0.0036980 secs] [Times: user=0.02 sys=0.00, real=0.00 secs] 
2014-07-08T06:55:18.061+0000: 563.151: [GC [PSYoungGen: 157054K->776K(153984K)] 303478K->147264K(840960K), 0.0047260 secs] [Times: user=0.03 sys=0.00, real=0.01 secs] 
2014-07-08T06:55:18.586+0000: 563.677: [GC [PSYoungGen: 153928K->1320K(151680K)] 300416K->147913K(838656K), 0.0078090 secs] [Times: user=0.05 sys=0.00, real=0.01 secs] 
2014-07-08T06:55:19.108+0000: 564.198: [GC [PSYoungGen: 151656K->872K(148480K)] 298249K->147520K(835456K), 0.0046660 secs] [Times: user=0.02 sys=0.00, real=0.00 secs] 
2014-07-08T06:55:19.741+0000: 564.831: [GC [PSYoungGen: 148456K->1022K(145984K)] 295104K->148153K(832960K), 0.0055340 secs] [Times: user=0.04 sys=0.01, real=0.01 secs] 
2014-07-08T06:55:20.142+0000: 565.232: [GC [PSYoungGen: 145982K->1128K(143552K)] 293113K->148339K(830528K), 0.0038390 secs] [Times: user=0.02 sys=0.00, real=0.01 secs] 
2014-07-08T06:55:20.625+0000: 565.715: [GC [PSYoungGen: 143521K->954K(171840K)] 290732K->148335K(858816K), 0.0096500 secs] [Times: user=0.06 sys=0.00, real=0.01 secs] 
2014-07-08T06:55:21.209+0000: 566.299: [GC [PSYoungGen: 171800K->958K(206016K)] 319181K->148411K(892992K), 0.0041830 secs] [Times: user=0.02 sys=0.00, real=0.00 secs] 
2014-07-08T06:55:21.953+0000: 567.043: [GC [PSYoungGen: 205989K->1460K(202048K)] 353442K->149001K(889024K), 0.0054720 secs] [Times: user=0.03 sys=0.01, real=0.01 secs] 
2014-07-08T06:55:22.605+0000: 567.695: [GC [PSYoungGen: 202036K->1536K(197824K)] 349577K->149182K(884800K), 0.0038150 secs] [Times: user=0.02 sys=0.00, real=0.01 secs] 
2014-07-08T06:55:23.274+0000: 568.364: [GC [PSYoungGen: 197711K->420K(192448K)] 345356K->148455K(879424K), 0.0054700 secs] [Times: user=0.03 sys=0.00, real=0.01 secs] 
2014-07-08T06:55:23.961+0000: 569.051: [GC [PSYoungGen: 192419K->1642K(189568K)] 340455K->149741K(876544K), 0.0037590 secs] [Times: user=0.02 sys=0.00, real=0.00 secs] 
2014-07-08T06:55:24.585+0000: 569.675: [GC [PSYoungGen: 189546K->1216K(185280K)] 337645K->149754K(872256K), 0.0103640 secs] [Times: user=0.06 sys=0.01, real=0.01 secs] 
2014-07-08T06:55:25.213+0000: 570.303: [GC [PSYoungGen: 185216K->1044K(181312K)] 333754K->149645K(868288K), 0.0057810 secs] [Times: user=0.04 sys=0.00, real=0.01 secs] 
2014-07-08T06:55:25.940+0000: 571.030: [GC [PSYoungGen: 181254K->1401K(177984K)] 329856K->150091K(864960K), 0.0038080 secs] [Times: user=0.02 sys=0.00, real=0.00 secs] 
2014-07-08T06:55:26.466+0000: 571.556: [GC [PSYoungGen: 177977K->890K(173888K)] 326667K->149691K(860864K), 0.0050190 secs] [Times: user=0.03 sys=0.00, real=0.00 secs] 
2014-07-08T06:55:27.081+0000: 572.172: [GC [PSYoungGen: 173882K->950K(170496K)] 322683K->149823K(857472K), 0.0038580 secs] [Times: user=0.02 sys=0.01, real=0.01 secs] 
2014-07-08T06:55:27.672+0000: 572.762: [GC [PSYoungGen: 170486K->858K(167104K)] 319359K->149787K(854080K), 0.0053750 secs] [Times: user=0.03 sys=0.00, real=0.01 secs] 
2014-07-08T06:55:28.249+0000: 573.339: [GC [PSYoungGen: 167019K->1014K(164032K)] 315948K->150031K(851008K), 0.0035470 secs] [Times: user=0.02 sys=0.01, real=0.00 secs] 
2014-07-08T06:55:28.846+0000: 573.936: [GC [PSYoungGen: 164022K->1246K(161152K)] 313039K->150319K(848128K), 0.0043560 secs] [Times: user=0.02 sys=0.00, real=0.00 secs] 
2014-07-08T06:55:29.430+0000: 574.520: [GC [PSYoungGen: 161118K->1196K(158080K)] 310191K->150623K(845056K), 0.0041700 secs] [Times: user=0.03 sys=0.00, real=0.00 secs] 
2014-07-08T06:55:29.945+0000: 575.036: [GC [PSYoungGen: 158060K->776K(154752K)] 307487K->150267K(841728K), 0.0032600 secs] [Times: user=0.02 sys=0.00, real=0.01 secs] 
2014-07-08T06:55:30.430+0000: 575.520: [GC [PSYoungGen: 154696K->808K(151936K)] 304187K->150363K(838912K), 0.0028110 secs] [Times: user=0.01 sys=0.00, real=0.00 secs] 
2014-07-08T06:55:30.970+0000: 576.060: [GC [PSYoungGen: 151903K->858K(149248K)] 301459K->150477K(836224K), 0.0044650 secs] [Times: user=0.02 sys=0.00, real=0.00 secs] 
2014-07-08T06:55:31.473+0000: 576.564: [GC [PSYoungGen: 149210K->876K(146560K)] 298829K->150527K(833536K), 0.0072640 secs] [Times: user=0.02 sys=0.00, real=0.01 secs] 
2014-07-08T06:55:32.067+0000: 577.157: [GC [PSYoungGen: 146540K->1521K(144576K)] 296191K->151237K(831552K), 0.0031140 secs] [Times: user=0.02 sys=0.00, real=0.00 secs] 
2014-07-08T06:55:32.469+0000: 577.559: [GC [PSYoungGen: 144561K->858K(141440K)] 294277K->150637K(828416K), 0.0047590 secs] [Times: user=0.03 sys=0.00, real=0.00 secs] 
2014-07-08T06:55:32.972+0000: 578.062: [GC [PSYoungGen: 141402K->1022K(139136K)] 291181K->150905K(826112K), 0.0029380 secs] [Times: user=0.02 sys=0.00, real=0.00 secs] 
2014-07-08T06:55:33.442+0000: 578.532: [GC [PSYoungGen: 139134K->1036K(136832K)] 289017K->150983K(823808K), 0.0041570 secs] [Times: user=0.02 sys=0.00, real=0.00 secs] 
2014-07-08T06:55:33.935+0000: 579.025: [GC [PSYoungGen: 136780K->954K(134400K)] 286727K->150973K(821376K), 0.0062190 secs] [Times: user=0.03 sys=0.00, real=0.01 secs] 
2014-07-08T06:55:34.376+0000: 579.466: [GC [PSYoungGen: 134394K->1006K(161152K)] 284413K->151049K(848128K), 0.0159560 secs] [Times: user=0.09 sys=0.00, real=0.01 secs] 
2014-07-08T06:55:34.980+0000: 580.070: [GC [PSYoungGen: 161134K->1363K(193600K)] 311177K->151495K(880576K), 0.0059910 secs] [Times: user=0.03 sys=0.00, real=0.00 secs] 
2014-07-08T06:55:35.585+0000: 580.675: [GC [PSYoungGen: 193552K->826K(231488K)] 343684K->151029K(918464K), 0.0058440 secs] [Times: user=0.03 sys=0.00, real=0.01 secs] 
2014-07-08T06:55:36.374+0000: 581.464: [GC [PSYoungGen: 231431K->993K(232320K)] 381635K->151261K(919296K), 0.0064820 secs] [Times: user=0.03 sys=0.00, real=0.01 secs] 
2014-07-08T06:55:37.163+0000: 582.253: [GC [PSYoungGen: 231649K->1004K(278272K)] 381917K->151327K(965248K), 0.0057300 secs] [Times: user=0.02 sys=0.00, real=0.01 secs] 
2014-07-08T06:55:38.173+0000: 583.263: [GC [PSYoungGen: 277804K->890K(270592K)] 428127K->151285K(957568K), 0.0085880 secs] [Times: user=0.05 sys=0.00, real=0.01 secs] 
2014-07-08T06:55:39.078+0000: 584.168: [GC [PSYoungGen: 270572K->744K(263616K)] 420967K->151319K(950592K), 0.0056570 secs] [Times: user=0.03 sys=0.00, real=0.00 secs] 
2014-07-08T06:55:40.003+0000: 585.093: [GC [PSYoungGen: 263592K->822K(257088K)] 414167K->151485K(944064K), 0.0028800 secs] [Times: user=0.02 sys=0.00, real=0.00 secs] 
2014-07-08T06:55:40.903+0000: 585.993: [GC [PSYoungGen: 257068K->1428K(251392K)] 407732K->152179K(938368K), 0.0082040 secs] [Times: user=0.06 sys=0.00, real=0.01 secs] 
2014-07-08T06:55:41.747+0000: 586.837: [GC [PSYoungGen: 251348K->1288K(245120K)] 402099K->152144K(932096K), 0.0050900 secs] [Times: user=0.03 sys=0.00, real=0.01 secs] 
2014-07-08T06:55:42.593+0000: 587.683: [GC [PSYoungGen: 245064K->438K(238336K)] 395920K->151848K(925312K), 0.0067560 secs] [Times: user=0.05 sys=0.00, real=0.01 secs] 
2014-07-08T06:55:43.406+0000: 588.496: [GC [PSYoungGen: 238326K->1126K(233344K)] 389736K->152600K(920320K), 0.0045070 secs] [Times: user=0.03 sys=0.00, real=0.01 secs] 
2014-07-08T06:55:44.316+0000: 589.406: [GC [PSYoungGen: 233318K->1403K(228160K)] 384792K->153181K(915136K), 0.0040290 secs] [Times: user=0.02 sys=0.00, real=0.01 secs] 
2014-07-08T06:55:45.123+0000: 590.214: [GC [PSYoungGen: 228155K->758K(222272K)] 379933K->152600K(909248K), 0.0045940 secs] [Times: user=0.03 sys=0.00, real=0.01 secs] 
2014-07-08T06:55:45.863+0000: 590.953: [GC [PSYoungGen: 222262K->1185K(217664K)] 374104K->153295K(904640K), 0.0048700 secs] [Times: user=0.03 sys=0.00, real=0.00 secs] 
2014-07-08T06:55:46.518+0000: 591.608: [GC [PSYoungGen: 217633K->908K(212480K)] 369743K->153106K(899456K), 0.0061850 secs] [Times: user=0.04 sys=0.00, real=0.01 secs] 
2014-07-08T06:55:47.261+0000: 592.352: [GC [PSYoungGen: 212428K->808K(207616K)] 364626K->153094K(894592K), 0.0079100 secs] [Times: user=0.05 sys=0.00, real=0.01 secs] 
2014-07-08T06:55:47.979+0000: 593.069: [GC [PSYoungGen: 207592K->872K(203136K)] 359878K->153206K(890112K), 0.0041110 secs] [Times: user=0.02 sys=0.00, real=0.00 secs] 
2014-07-08T06:55:48.702+0000: 593.792: [GC [PSYoungGen: 203111K->1406K(199232K)] 355445K->153788K(886208K), 0.0116800 secs] [Times: user=0.07 sys=0.01, real=0.01 secs] 
2014-07-08T06:55:49.374+0000: 594.464: [GC [PSYoungGen: 199199K->897K(194496K)] 351582K->153343K(881472K), 0.0045550 secs] [Times: user=0.02 sys=0.01, real=0.00 secs] 
2014-07-08T06:55:50.178+0000: 595.268: [GC [PSYoungGen: 194433K->1136K(190592K)] 346879K->153758K(877568K), 0.0037670 secs] [Times: user=0.02 sys=0.00, real=0.01 secs] 
2014-07-08T06:55:50.728+0000: 595.818: [GC [PSYoungGen: 190576K->1288K(186816K)] 343198K->153966K(873792K), 0.0061670 secs] [Times: user=0.04 sys=0.00, real=0.01 secs] 
2014-07-08T06:55:51.316+0000: 596.406: [GC [PSYoungGen: 186760K->844K(182528K)] 339438K->153652K(869504K), 0.0050140 secs] [Times: user=0.03 sys=0.00, real=0.01 secs] 
2014-07-08T06:55:51.955+0000: 597.046: [GC [PSYoungGen: 182476K->858K(218880K)] 335284K->153714K(905856K), 0.0106210 secs] [Times: user=0.06 sys=0.00, real=0.01 secs] 
2014-07-08T06:55:52.701+0000: 597.791: [GC [PSYoungGen: 218842K->1064K(262720K)] 371698K->153960K(949696K), 0.0070430 secs] [Times: user=0.03 sys=0.01, real=0.00 secs] 
2014-07-08T06:55:53.609+0000: 598.699: [GC [PSYoungGen: 262694K->1530K(256640K)] 415590K->154522K(943616K), 0.0042990 secs] [Times: user=0.02 sys=0.00, real=0.01 secs] 
2014-07-08T06:55:54.469+0000: 599.560: [GC [PSYoungGen: 256612K->736K(249536K)] 409604K->154050K(936512K), 0.0030810 secs] [Times: user=0.01 sys=0.01, real=0.00 secs] 
2014-07-08T06:55:55.319+0000: 600.409: [GC [PSYoungGen: 249481K->1176K(243904K)] 402796K->154554K(930880K), 0.0045590 secs] [Times: user=0.03 sys=0.00, real=0.01 secs] 
2014-07-08T06:55:56.212+0000: 601.302: [GC [PSYoungGen: 243864K->972K(237888K)] 397242K->154612K(924864K), 0.0051250 secs] [Times: user=0.03 sys=0.01, real=0.00 secs] 
2014-07-08T06:55:57.008+0000: 602.098: [GC [PSYoungGen: 237836K->986K(232256K)] 391476K->154706K(919232K), 0.0057110 secs] [Times: user=0.03 sys=0.00, real=0.01 secs] 
2014-07-08T06:55:57.807+0000: 602.897: [GC [PSYoungGen: 232218K->1260K(227072K)] 385938K->155052K(914048K), 0.0070240 secs] [Times: user=0.04 sys=0.01, real=0.01 secs] 
2014-07-08T06:55:58.585+0000: 603.675: [GC [PSYoungGen: 227052K->830K(221376K)] 380844K->154654K(908352K), 0.0087350 secs] [Times: user=0.04 sys=0.00, real=0.01 secs] 
2014-07-08T06:55:59.349+0000: 604.439: [GC [PSYoungGen: 221374K->876K(216384K)] 375198K->154788K(903360K), 0.0035870 secs] [Times: user=0.02 sys=0.00, real=0.01 secs] 
2014-07-08T06:56:00.101+0000: 605.191: [GC [PSYoungGen: 216364K->1046K(211712K)] 370276K->155022K(898688K), 0.0052200 secs] [Times: user=0.03 sys=0.00, real=0.00 secs] 
2014-07-08T06:56:00.831+0000: 605.921: [GC [PSYoungGen: 211670K->1118K(207040K)] 365646K->155142K(894016K), 0.0115540 secs] [Times: user=0.05 sys=0.01, real=0.01 secs] 
2014-07-08T06:56:01.545+0000: 606.635: [GC [PSYoungGen: 207006K->900K(248064K)] 361030K->154964K(935040K), 0.0124130 secs] [Times: user=0.07 sys=0.00, real=0.01 secs] 
2014-07-08T06:56:02.423+0000: 607.513: [GC [PSYoungGen: 247978K->1007K(242112K)] 402042K->155183K(929088K), 0.0038340 secs] [Times: user=0.02 sys=0.00, real=0.00 secs] 
2014-07-08T06:56:03.236+0000: 608.327: [GC [PSYoungGen: 242078K->922K(236224K)] 396255K->155202K(923200K), 0.0043200 secs] [Times: user=0.02 sys=0.00, real=0.00 secs] 
2014-07-08T06:56:04.063+0000: 609.154: [GC [PSYoungGen: 236186K->900K(230656K)] 390466K->155236K(917632K), 0.0042060 secs] [Times: user=0.02 sys=0.01, real=0.00 secs] 
2014-07-08T06:56:04.989+0000: 610.079: [GC [PSYoungGen: 230594K->1444K(225792K)] 384930K->155916K(912768K), 0.0081000 secs] [Times: user=0.05 sys=0.00, real=0.01 secs] 
2014-07-08T06:56:05.637+0000: 610.727: [GC [PSYoungGen: 225764K->548K(219712K)] 380236K->155394K(906688K), 0.0085710 secs] [Times: user=0.04 sys=0.00, real=0.01 secs] 
2014-07-08T06:56:06.401+0000: 611.491: [GC [PSYoungGen: 219637K->1236K(215424K)] 374484K->156236K(902400K), 0.0048480 secs] [Times: user=0.02 sys=0.00, real=0.00 secs] 
2014-07-08T06:56:07.131+0000: 612.221: [GC [PSYoungGen: 215380K->762K(210112K)] 370380K->156016K(897088K), 0.0066840 secs] [Times: user=0.03 sys=0.00, real=0.01 secs] 
2014-07-08T06:56:07.896+0000: 612.986: [GC [PSYoungGen: 210106K->1064K(205760K)] 365360K->156390K(892736K), 0.0069320 secs] [Times: user=0.03 sys=0.00, real=0.01 secs] 
2014-07-08T06:56:08.567+0000: 613.657: [GC [PSYoungGen: 205736K->926K(201152K)] 361062K->156308K(888128K), 0.0032760 secs] [Times: user=0.01 sys=0.00, real=0.00 secs] 
2014-07-08T06:56:09.283+0000: 614.373: [GC [PSYoungGen: 201118K->744K(196608K)] 356500K->156182K(883584K), 0.0042580 secs] [Times: user=0.03 sys=0.00, real=0.00 secs] 
2014-07-08T06:56:10.040+0000: 615.130: [GC [PSYoungGen: 196563K->1386K(193024K)] 352002K->156888K(880000K), 0.0048930 secs] [Times: user=0.03 sys=0.00, real=0.01 secs] 
2014-07-08T06:56:10.632+0000: 615.722: [GC [PSYoungGen: 193002K->1004K(188608K)] 348504K->156594K(875584K), 0.0073240 secs] [Times: user=0.04 sys=0.00, real=0.00 secs] 
2014-07-08T06:56:11.275+0000: 616.365: [GC [PSYoungGen: 188588K->950K(184640K)] 344178K->156735K(871616K), 0.0036540 secs] [Times: user=0.02 sys=0.00, real=0.00 secs] 
2014-07-08T06:56:11.935+0000: 617.025: [GC [PSYoungGen: 184630K->1408K(181376K)] 340415K->157264K(868352K), 0.0029500 secs] [Times: user=0.01 sys=0.00, real=0.00 secs] 
2014-07-08T06:56:12.534+0000: 617.624: [GC [PSYoungGen: 181312K->830K(177088K)] 337168K->157030K(864064K), 0.0036570 secs] [Times: user=0.02 sys=0.00, real=0.00 secs] 
2014-07-08T06:56:13.156+0000: 618.247: [GC [PSYoungGen: 177086K->1014K(173760K)] 333286K->157294K(860736K), 0.0033280 secs] [Times: user=0.02 sys=0.00, real=0.00 secs] 
2014-07-08T06:56:13.775+0000: 618.865: [GC [PSYoungGen: 173726K->1264K(170560K)] 330007K->157624K(857536K), 0.0036080 secs] [Times: user=0.02 sys=0.00, real=0.00 secs] 
2014-07-08T06:56:14.359+0000: 619.450: [GC [PSYoungGen: 170544K->946K(166912K)] 326904K->157386K(853888K), 0.0064760 secs] [Times: user=0.04 sys=0.00, real=0.01 secs] 
2014-07-08T06:56:15.127+0000: 620.218: [GC [PSYoungGen: 166898K->1010K(163776K)] 323338K->157873K(850752K), 0.0033850 secs] [Times: user=0.02 sys=0.00, real=0.00 secs] 
2014-07-08T06:56:15.548+0000: 620.638: [GC [PSYoungGen: 163757K->1186K(160832K)] 320620K->158128K(847808K), 0.0047980 secs] [Times: user=0.02 sys=0.00, real=0.00 secs] 
2014-07-08T06:56:16.066+0000: 621.156: [GC [PSYoungGen: 160790K->1114K(157760K)] 317732K->158385K(844736K), 0.0039620 secs] [Times: user=0.02 sys=0.00, real=0.00 secs] 
2014-07-08T06:56:16.589+0000: 621.679: [GC [PSYoungGen: 157722K->986K(154688K)] 314993K->158328K(841664K), 0.0059920 secs] [Times: user=0.03 sys=0.00, real=0.01 secs] 
2014-07-08T06:56:17.135+0000: 622.225: [GC [PSYoungGen: 154620K->890K(151744K)] 311963K->158304K(838720K), 0.0033650 secs] [Times: user=0.01 sys=0.00, real=0.00 secs] 
2014-07-08T06:56:17.674+0000: 622.765: [GC [PSYoungGen: 151738K->1310K(149440K)] 309152K->158788K(836416K), 0.0038470 secs] [Times: user=0.02 sys=0.00, real=0.00 secs] 
2014-07-08T06:56:18.184+0000: 623.274: [GC [PSYoungGen: 149406K->750K(146176K)] 306884K->158276K(833152K), 0.0056190 secs] [Times: user=0.04 sys=0.00, real=0.00 secs] 
2014-07-08T06:56:18.711+0000: 623.801: [GC [PSYoungGen: 146158K->1246K(144128K)] 303684K->158844K(831104K), 0.0055320 secs] [Times: user=0.03 sys=0.00, real=0.01 secs] 
2014-07-08T06:56:19.181+0000: 624.272: [GC [PSYoungGen: 144094K->947K(141312K)] 301692K->158626K(828288K), 0.0054050 secs] [Times: user=0.03 sys=0.01, real=0.01 secs] 
2014-07-08T06:56:19.673+0000: 624.763: [GC [PSYoungGen: 141297K->1456K(139392K)] 298975K->159223K(826368K), 0.0042990 secs] [Times: user=0.02 sys=0.00, real=0.01 secs] 
2014-07-08T06:56:20.218+0000: 625.308: [GC [PSYoungGen: 139376K->822K(136384K)] 297143K->158986K(823360K), 0.0036720 secs] [Times: user=0.02 sys=0.00, real=0.00 secs] 
2014-07-08T06:56:20.720+0000: 625.810: [GC [PSYoungGen: 136374K->1360K(134656K)] 294538K->159597K(821632K), 0.0049720 secs] [Times: user=0.03 sys=0.00, real=0.01 secs] 
2014-07-08T06:56:21.183+0000: 626.273: [GC [PSYoungGen: 134608K->990K(132032K)] 292845K->159431K(819008K), 0.0032340 secs] [Times: user=0.02 sys=0.00, real=0.01 secs] 
2014-07-08T06:56:21.555+0000: 626.645: [GC [PSYoungGen: 131987K->844K(158144K)] 290428K->159325K(845120K), 0.0070940 secs] [Times: user=0.05 sys=0.00, real=0.00 secs] 
2014-07-08T06:56:22.095+0000: 627.185: [GC [PSYoungGen: 158092K->904K(189696K)] 316573K->159481K(876672K), 0.0049210 secs] [Times: user=0.03 sys=0.00, real=0.00 secs] 
2014-07-08T06:56:22.762+0000: 627.852: [GC [PSYoungGen: 189640K->1469K(186240K)] 348217K->160110K(873216K), 0.0035060 secs] [Times: user=0.01 sys=0.00, real=0.01 secs] 
2014-07-08T06:56:23.375+0000: 628.465: [GC [PSYoungGen: 186237K->942K(181888K)] 344878K->159721K(868864K), 0.0068700 secs] [Times: user=0.04 sys=0.00, real=0.00 secs] 
2014-07-08T06:56:24.008+0000: 629.098: [GC [PSYoungGen: 181869K->922K(178176K)] 340648K->159765K(865152K), 0.0044910 secs] [Times: user=0.02 sys=0.00, real=0.00 secs] 
2014-07-08T06:56:24.604+0000: 629.694: [GC [PSYoungGen: 178138K->1064K(174720K)] 336981K->159979K(861696K), 0.0033890 secs] [Times: user=0.01 sys=0.01, real=0.00 secs] 
2014-07-08T06:56:25.226+0000: 630.316: [GC [PSYoungGen: 174695K->658K(170880K)] 333610K->159652K(857856K), 0.0047720 secs] [Times: user=0.02 sys=0.00, real=0.00 secs] 
2014-07-08T06:56:25.824+0000: 630.914: [GC [PSYoungGen: 170834K->1132K(168000K)] 329828K->160207K(854976K), 0.0049400 secs] [Times: user=0.03 sys=0.00, real=0.00 secs] 
2014-07-08T06:56:26.381+0000: 631.471: [GC [PSYoungGen: 167980K->812K(164416K)] 327055K->159943K(851392K), 0.0064300 secs] [Times: user=0.03 sys=0.00, real=0.01 secs] 
2014-07-08T06:56:26.973+0000: 632.064: [GC [PSYoungGen: 164396K->1274K(161728K)] 323527K->160461K(848704K), 0.0074980 secs] [Times: user=0.05 sys=0.00, real=0.01 secs] 
2014-07-08T06:56:27.504+0000: 632.595: [GC [PSYoungGen: 161722K->1022K(158400K)] 320909K->160313K(845376K), 0.0036770 secs] [Times: user=0.02 sys=0.00, real=0.00 secs] 
2014-07-08T06:56:28.062+0000: 633.152: [GC [PSYoungGen: 158381K->808K(155264K)] 317672K->160171K(842240K), 0.0046740 secs] [Times: user=0.03 sys=0.00, real=0.01 secs] 
2014-07-08T06:56:28.591+0000: 633.682: [GC [PSYoungGen: 155240K->1086K(152640K)] 314603K->160521K(839616K), 0.0058980 secs] [Times: user=0.03 sys=0.00, real=0.01 secs] 
2014-07-08T06:56:29.115+0000: 634.205: [GC [PSYoungGen: 152638K->726K(149568K)] 312073K->160241K(836544K), 0.0056900 secs] [Times: user=0.03 sys=0.00, real=0.01 secs] 
2014-07-08T06:56:29.639+0000: 634.729: [GC [PSYoungGen: 149526K->1338K(179904K)] 309041K->160925K(866880K), 0.0064400 secs] [Times: user=0.04 sys=0.00, real=0.01 secs] 
2014-07-08T06:56:30.276+0000: 635.366: [GC [PSYoungGen: 179871K->1140K(215424K)] 339457K->160865K(902400K), 0.0068240 secs] [Times: user=0.03 sys=0.01, real=0.00 secs] 
2014-07-08T06:56:31.034+0000: 636.125: [GC [PSYoungGen: 215412K->1184K(210688K)] 375137K->160989K(897664K), 0.0047170 secs] [Times: user=0.02 sys=0.00, real=0.01 secs] 
2014-07-08T06:56:31.729+0000: 636.819: [GC [PSYoungGen: 210626K->1014K(205824K)] 370431K->160883K(892800K), 0.0056030 secs] [Times: user=0.03 sys=0.00, real=0.00 secs] 
2014-07-08T06:56:32.426+0000: 637.516: [GC [PSYoungGen: 205814K->744K(201088K)] 365683K->160685K(888064K), 0.0087080 secs] [Times: user=0.04 sys=0.01, real=0.01 secs] 
2014-07-08T06:56:33.129+0000: 638.219: [GC [PSYoungGen: 201064K->908K(196928K)] 361005K->160913K(883904K), 0.0069530 secs] [Times: user=0.04 sys=0.00, real=0.01 secs] 
2014-07-08T06:56:33.864+0000: 638.954: [GC [PSYoungGen: 196876K->1288K(193088K)] 356881K->161349K(880064K), 0.0069620 secs] [Times: user=0.05 sys=0.00, real=0.01 secs] 
2014-07-08T06:56:34.467+0000: 639.558: [GC [PSYoungGen: 192996K->940K(188672K)] 353057K->161139K(875648K), 0.0049640 secs] [Times: user=0.03 sys=0.00, real=0.00 secs] 
2014-07-08T06:56:35.132+0000: 640.222: [GC [PSYoungGen: 188652K->904K(184768K)] 348851K->161215K(871744K), 0.0052220 secs] [Times: user=0.03 sys=0.00, real=0.01 secs] 
2014-07-08T06:56:35.777+0000: 640.868: [GC [PSYoungGen: 184712K->1100K(181184K)] 345023K->161475K(868160K), 0.0062460 secs] [Times: user=0.03 sys=0.00, real=0.00 secs] 
2014-07-08T06:56:36.388+0000: 641.478: [GC [PSYoungGen: 181132K->1221K(177664K)] 341507K->161684K(864640K), 0.0059710 secs] [Times: user=0.03 sys=0.00, real=0.00 secs] 
2014-07-08T06:56:37.024+0000: 642.115: [GC [PSYoungGen: 177605K->676K(173568K)] 338068K->161235K(860544K), 0.0052500 secs] [Times: user=0.02 sys=0.00, real=0.01 secs] 
2014-07-08T06:56:37.622+0000: 642.712: [GC [PSYoungGen: 173540K->986K(170432K)] 334099K->161633K(857408K), 0.0057910 secs] [Times: user=0.04 sys=0.00, real=0.01 secs] 
2014-07-08T06:56:38.205+0000: 643.296: [GC [PSYoungGen: 170394K->844K(166976K)] 331041K->161605K(853952K), 0.0051660 secs] [Times: user=0.03 sys=0.00, real=0.01 secs] 
2014-07-08T06:56:38.797+0000: 643.887: [GC [PSYoungGen: 166924K->936K(163840K)] 327685K->161761K(850816K), 0.0055380 secs] [Times: user=0.03 sys=0.00, real=0.00 secs] 
2014-07-08T06:56:39.387+0000: 644.477: [GC [PSYoungGen: 163816K->1054K(160832K)] 324641K->161959K(847808K), 0.0078850 secs] [Times: user=0.05 sys=0.01, real=0.00 secs] 
2014-07-08T06:56:39.947+0000: 645.037: [GC [PSYoungGen: 160798K->1360K(158144K)] 321703K->162353K(845120K), 0.0049230 secs] [Times: user=0.03 sys=0.00, real=0.00 secs] 
2014-07-08T06:56:40.457+0000: 645.547: [GC [PSYoungGen: 158096K->488K(154304K)] 319089K->161877K(841280K), 0.0053870 secs] [Times: user=0.03 sys=0.00, real=0.00 secs] 
2014-07-08T06:56:41.008+0000: 646.098: [GC [PSYoungGen: 154244K->1434K(152448K)] 315633K->162911K(839424K), 0.0030650 secs] [Times: user=0.02 sys=0.00, real=0.00 secs] 
2014-07-08T06:56:41.517+0000: 646.607: [GC [PSYoungGen: 152410K->876K(149120K)] 313887K->162602K(836096K), 0.0037630 secs] [Times: user=0.02 sys=0.00, real=0.01 secs] 
2014-07-08T06:56:42.054+0000: 647.145: [GC [PSYoungGen: 149100K->836K(146432K)] 310826K->162650K(833408K), 0.0041300 secs] [Times: user=0.02 sys=0.00, real=0.01 secs] 
2014-07-08T06:56:42.538+0000: 647.628: [GC [PSYoungGen: 146372K->1010K(143936K)] 308186K->162912K(830912K), 0.0042380 secs] [Times: user=0.02 sys=0.00, real=0.00 secs] 
2014-07-08T06:56:43.054+0000: 648.144: [GC [PSYoungGen: 143922K->758K(141184K)] 305824K->162724K(828160K), 0.0068480 secs] [Times: user=0.04 sys=0.00, real=0.01 secs] 
2014-07-08T06:56:43.529+0000: 648.619: [GC [PSYoungGen: 141174K->844K(169408K)] 303140K->162874K(856384K), 0.0068670 secs] [Times: user=0.05 sys=0.00, real=0.00 secs] 
2014-07-08T06:56:44.116+0000: 649.206: [GC [PSYoungGen: 169356K->776K(203072K)] 331386K->162862K(890048K), 0.0067530 secs] [Times: user=0.04 sys=0.00, real=0.01 secs] 
2014-07-08T06:56:44.904+0000: 649.994: [GC [PSYoungGen: 203014K->1388K(199232K)] 365101K->163554K(886208K), 0.0049270 secs] [Times: user=0.03 sys=0.00, real=0.01 secs] 
2014-07-08T06:56:45.564+0000: 650.655: [GC [PSYoungGen: 199212K->1263K(194816K)] 361378K->163510K(881792K), 0.0054610 secs] [Times: user=0.03 sys=0.01, real=0.01 secs] 
2014-07-08T06:56:46.180+0000: 651.270: [GC [PSYoungGen: 194799K->694K(190144K)] 357046K->163046K(877120K), 0.0033300 secs] [Times: user=0.02 sys=0.00, real=0.00 secs] 
2014-07-08T06:56:46.831+0000: 651.922: [GC [PSYoungGen: 190134K->1424K(186944K)] 352486K->163856K(873920K), 0.0033280 secs] [Times: user=0.01 sys=0.00, real=0.00 secs] 
2014-07-08T06:56:47.456+0000: 652.546: [GC [PSYoungGen: 186896K->986K(182656K)] 349328K->163514K(869632K), 0.0070950 secs] [Times: user=0.04 sys=0.00, real=0.01 secs] 
2014-07-08T06:56:48.091+0000: 653.181: [GC [PSYoungGen: 182618K->790K(178752K)] 345146K->163406K(865728K), 0.0065790 secs] [Times: user=0.04 sys=0.00, real=0.00 secs] 
2014-07-08T06:56:48.727+0000: 653.817: [GC [PSYoungGen: 178672K->1328K(175680K)] 341289K->164024K(862656K), 0.0076450 secs] [Times: user=0.04 sys=0.00, real=0.01 secs] 
2014-07-08T06:56:49.325+0000: 654.416: [GC [PSYoungGen: 175664K->1040K(171968K)] 338360K->163848K(858944K), 0.0055970 secs] [Times: user=0.03 sys=0.01, real=0.01 secs] 
2014-07-08T06:56:49.979+0000: 655.069: [GC [PSYoungGen: 171909K->1078K(168576K)] 334718K->164189K(855552K), 0.0053630 secs] [Times: user=0.04 sys=0.00, real=0.00 secs] 
2014-07-08T06:56:50.527+0000: 655.617: [GC [PSYoungGen: 168566K->1129K(165376K)] 331677K->164287K(852352K), 0.0059760 secs] [Times: user=0.03 sys=0.00, real=0.01 secs] 
2014-07-08T06:56:51.158+0000: 656.248: [GC [PSYoungGen: 165353K->1248K(162368K)] 328511K->164527K(849344K), 0.0035360 secs] [Times: user=0.02 sys=0.00, real=0.01 secs] 
2014-07-08T06:56:51.665+0000: 656.755: [GC [PSYoungGen: 162294K->1391K(159424K)] 325573K->164718K(846400K), 0.0042350 secs] [Times: user=0.02 sys=0.00, real=0.01 secs] 
2014-07-08T06:56:52.197+0000: 657.287: [GC [PSYoungGen: 159407K->826K(155904K)] 322734K->164412K(842880K), 0.0057770 secs] [Times: user=0.03 sys=0.00, real=0.01 secs] 
2014-07-08T06:56:52.790+0000: 657.880: [GC [PSYoungGen: 155898K->1474K(153728K)] 319484K->165140K(840704K), 0.0041780 secs] [Times: user=0.02 sys=0.00, real=0.00 secs] 
2014-07-08T06:56:53.263+0000: 658.353: [GC [PSYoungGen: 153666K->1022K(150400K)] 317332K->164842K(837376K), 0.0038780 secs] [Times: user=0.02 sys=0.00, real=0.00 secs] 
2014-07-08T06:56:53.806+0000: 658.896: [GC [PSYoungGen: 150398K->1448K(148160K)] 314218K->165317K(835136K), 0.0042960 secs] [Times: user=0.02 sys=0.00, real=0.01 secs] 
2014-07-08T06:56:54.301+0000: 659.391: [GC [PSYoungGen: 148136K->1008K(145088K)] 312005K->164972K(832064K), 0.0047250 secs] [Times: user=0.02 sys=0.00, real=0.00 secs] 
2014-07-08T06:56:54.803+0000: 659.893: [GC [PSYoungGen: 145072K->1064K(142592K)] 309036K->165100K(829568K), 0.0036740 secs] [Times: user=0.02 sys=0.00, real=0.00 secs] 
2014-07-08T06:56:55.276+0000: 660.366: [GC [PSYoungGen: 142477K->1026K(140096K)] 306513K->165150K(827072K), 0.0066310 secs] [Times: user=0.04 sys=0.00, real=0.01 secs] 
2014-07-08T06:56:55.842+0000: 660.932: [GC [PSYoungGen: 140034K->1342K(137920K)] 304158K->165554K(824896K), 0.0058690 secs] [Times: user=0.03 sys=0.00, real=0.00 secs] 
2014-07-08T06:56:56.241+0000: 661.331: [GC [PSYoungGen: 137918K->744K(135040K)] 302130K->165028K(822016K), 0.0046780 secs] [Times: user=0.03 sys=0.00, real=0.00 secs] 
2014-07-08T06:56:56.717+0000: 661.808: [GC [PSYoungGen: 135016K->1438K(133504K)] 299300K->165779K(820480K), 0.0048130 secs] [Times: user=0.03 sys=0.00, real=0.01 secs] 
2014-07-08T06:56:57.192+0000: 662.282: [GC [PSYoungGen: 133470K->1253K(159744K)] 297811K->165739K(846720K), 0.0051500 secs] [Times: user=0.04 sys=0.00, real=0.00 secs] 
2014-07-08T06:56:57.720+0000: 662.810: [GC [PSYoungGen: 159717K->1088K(191360K)] 324203K->165686K(878336K), 0.0059320 secs] [Times: user=0.04 sys=0.00, real=0.00 secs] 
2014-07-08T06:56:58.360+0000: 663.450: [GC [PSYoungGen: 191264K->900K(187136K)] 355862K->165579K(874112K), 0.0033240 secs] [Times: user=0.02 sys=0.01, real=0.00 secs] 
2014-07-08T06:56:59.004+0000: 664.095: [GC [PSYoungGen: 187076K->826K(183104K)] 351755K->165576K(870080K), 0.0051240 secs] [Times: user=0.02 sys=0.00, real=0.01 secs] 
2014-07-08T06:56:59.632+0000: 664.722: [GC [PSYoungGen: 183098K->726K(206080K)] 347848K->165500K(893056K), 0.0123720 secs] [Times: user=0.07 sys=0.00, real=0.01 secs] 
2014-07-08T06:57:00.342+0000: 665.432: [GC [PSYoungGen: 205062K->858K(206080K)] 369836K->165704K(893056K), 0.0070840 secs] [Times: user=0.04 sys=0.00, real=0.00 secs] 
2014-07-08T06:57:01.065+0000: 666.155: [GC [PSYoungGen: 205210K->940K(200832K)] 370056K->165842K(887808K), 0.0050370 secs] [Times: user=0.02 sys=0.00, real=0.01 secs] 
2014-07-08T06:57:01.750+0000: 666.840: [GC [PSYoungGen: 200796K->1302K(196864K)] 365698K->166292K(883840K), 0.0067430 secs] [Times: user=0.05 sys=0.00, real=0.00 secs] 
2014-07-08T06:57:02.430+0000: 667.521: [GC [PSYoungGen: 196822K->990K(192384K)] 361812K->166092K(879360K), 0.0053620 secs] [Times: user=0.03 sys=0.01, real=0.00 secs] 
2014-07-08T06:57:03.090+0000: 668.180: [GC [PSYoungGen: 192350K->758K(188096K)] 357452K->165932K(875072K), 0.0054770 secs] [Times: user=0.03 sys=0.00, real=0.01 secs] 
2014-07-08T06:57:03.806+0000: 668.896: [GC [PSYoungGen: 188049K->1526K(184960K)] 353223K->166757K(871936K), 0.0037520 secs] [Times: user=0.02 sys=0.00, real=0.00 secs] 
2014-07-08T06:57:04.386+0000: 669.476: [GC [PSYoungGen: 184950K->644K(180352K)] 350181K->165922K(867328K), 0.0093970 secs] [Times: user=0.04 sys=0.00, real=0.01 secs] 
2014-07-08T06:57:05.007+0000: 670.097: [GC [PSYoungGen: 180278K->950K(216576K)] 345557K->166317K(903552K), 0.0111190 secs] [Times: user=0.08 sys=0.01, real=0.01 secs] 
2014-07-08T06:57:05.872+0000: 670.962: [GC [PSYoungGen: 216564K->1332K(242240K)] 381931K->166746K(929216K), 0.0083530 secs] [Times: user=0.04 sys=0.01, real=0.01 secs] 
2014-07-08T06:57:06.588+0000: 671.679: [GC [PSYoungGen: 241844K->890K(260608K)] 407258K->166384K(947584K), 0.0050770 secs] [Times: user=0.03 sys=0.00, real=0.01 secs] 
2014-07-08T06:57:07.472+0000: 672.562: [GC [PSYoungGen: 259685K->1028K(253440K)] 425180K->166571K(940416K), 0.0057960 secs] [Times: user=0.03 sys=0.00, real=0.00 secs] 
2014-07-08T06:57:08.353+0000: 673.443: [GC [PSYoungGen: 253380K->694K(246848K)] 418923K->166390K(933824K), 0.0044210 secs] [Times: user=0.03 sys=0.00, real=0.00 secs] 
2014-07-08T06:57:09.266+0000: 674.356: [GC [PSYoungGen: 246838K->1488K(241728K)] 412534K->167257K(928704K), 0.0075450 secs] [Times: user=0.04 sys=0.00, real=0.01 secs] 
2014-07-08T06:57:10.072+0000: 675.162: [GC [PSYoungGen: 241680K->936K(235392K)] 407449K->166808K(922368K), 0.0052160 secs] [Times: user=0.03 sys=0.00, real=0.00 secs] 
2014-07-08T06:57:10.949+0000: 676.040: [GC [PSYoungGen: 235368K->1726K(230592K)] 401240K->167861K(917568K), 0.0064530 secs] [Times: user=0.04 sys=0.01, real=0.01 secs] 
2014-07-08T06:57:11.680+0000: 676.770: [GC [PSYoungGen: 230589K->829K(224320K)] 396724K->167544K(911296K), 0.0084190 secs] [Times: user=0.06 sys=0.00, real=0.01 secs] 
2014-07-08T06:57:12.439+0000: 677.530: [GC [PSYoungGen: 224317K->1286K(219648K)] 391032K->168073K(906624K), 0.0051840 secs] [Times: user=0.02 sys=0.00, real=0.01 secs] 
2014-07-08T06:57:13.200+0000: 678.291: [GC [PSYoungGen: 219561K->1122K(214464K)] 386348K->168279K(901440K), 0.0062800 secs] [Times: user=0.04 sys=0.00, real=0.01 secs] 
2014-07-08T06:57:13.982+0000: 679.072: [GC [PSYoungGen: 214434K->1296K(209856K)] 381591K->168557K(896832K), 0.0045520 secs] [Times: user=0.03 sys=0.00, real=0.00 secs] 
2014-07-08T06:57:14.668+0000: 679.758: [GC [PSYoungGen: 209808K->950K(204864K)] 377069K->168299K(891840K), 0.0052760 secs] [Times: user=0.03 sys=0.00, real=0.01 secs] 
2014-07-08T06:57:15.379+0000: 680.469: [GC [PSYoungGen: 204854K->894K(200320K)] 372203K->168307K(887296K), 0.0057410 secs] [Times: user=0.04 sys=0.00, real=0.01 secs] 
2014-07-08T06:57:16.266+0000: 681.356: [GC [PSYoungGen: 200318K->1270K(196416K)] 367731K->168731K(883392K), 0.0085430 secs] [Times: user=0.05 sys=0.00, real=0.01 secs] 
2014-07-08T06:57:16.804+0000: 681.894: [GC [PSYoungGen: 196406K->1558K(192576K)] 363867K->169099K(879552K), 0.0078950 secs] [Times: user=0.05 sys=0.00, real=0.00 secs] 
2014-07-08T06:57:17.415+0000: 682.505: [GC [PSYoungGen: 192534K->750K(187712K)] 360075K->168649K(874688K), 0.0045840 secs] [Times: user=0.01 sys=0.00, real=0.00 secs] 
2014-07-08T06:57:18.088+0000: 683.178: [GC [PSYoungGen: 187694K->904K(184000K)] 355593K->168859K(870976K), 0.0055050 secs] [Times: user=0.03 sys=0.00, real=0.01 secs] 
2014-07-08T06:57:18.722+0000: 683.812: [GC [PSYoungGen: 183944K->1338K(180608K)] 351899K->169423K(867584K), 0.0064530 secs] [Times: user=0.04 sys=0.00, real=0.00 secs] 
2014-07-08T06:57:19.332+0000: 684.422: [GC [PSYoungGen: 180558K->990K(176640K)] 348643K->169163K(863616K), 0.0050710 secs] [Times: user=0.03 sys=0.00, real=0.01 secs] 
2014-07-08T06:57:19.995+0000: 685.085: [GC [PSYoungGen: 176573K->1401K(173504K)] 344746K->169678K(860480K), 0.0060690 secs] [Times: user=0.03 sys=0.01, real=0.00 secs] 
2014-07-08T06:57:20.552+0000: 685.643: [GC [PSYoungGen: 173458K->1022K(169728K)] 341735K->169395K(856704K), 0.0044670 secs] [Times: user=0.03 sys=0.00, real=0.00 secs] 
2014-07-08T06:57:21.150+0000: 686.240: [GC [PSYoungGen: 169726K->1210K(166592K)] 338099K->169639K(853568K), 0.0079120 secs] [Times: user=0.05 sys=0.00, real=0.01 secs] 
2014-07-08T06:57:21.700+0000: 686.790: [GC [PSYoungGen: 166586K->972K(163200K)] 335015K->169457K(850176K), 0.0041960 secs] [Times: user=0.02 sys=0.00, real=0.01 secs] 
2014-07-08T06:57:22.370+0000: 687.460: [GC [PSYoungGen: 163141K->1054K(160192K)] 331626K->169619K(847168K), 0.0032300 secs] [Times: user=0.01 sys=0.00, real=0.01 secs] 
2014-07-08T06:57:22.875+0000: 687.965: [GC [PSYoungGen: 160122K->1132K(157248K)] 328687K->169777K(844224K), 0.0042200 secs] [Times: user=0.01 sys=0.00, real=0.00 secs] 
2014-07-08T06:57:23.367+0000: 688.457: [GC [PSYoungGen: 157228K->1004K(154176K)] 325873K->169753K(841152K), 0.0026770 secs] [Times: user=0.02 sys=0.00, real=0.00 secs] 
2014-07-08T06:57:23.930+0000: 689.020: [GC [PSYoungGen: 154148K->1168K(151552K)] 322897K->169965K(838528K), 0.0034430 secs] [Times: user=0.02 sys=0.00, real=0.01 secs] 
2014-07-08T06:57:24.419+0000: 689.510: [GC [PSYoungGen: 151475K->908K(148544K)] 320272K->169817K(835520K), 0.0051040 secs] [Times: user=0.02 sys=0.00, real=0.01 secs] 
2014-07-08T06:57:24.954+0000: 690.044: [GC [PSYoungGen: 148492K->1104K(146112K)] 317401K->170101K(833088K), 0.0087590 secs] [Times: user=0.05 sys=0.00, real=0.01 secs] 
2014-07-08T06:57:25.427+0000: 690.517: [GC [PSYoungGen: 146064K->1096K(175104K)] 315061K->170189K(862080K), 0.0073810 secs] [Times: user=0.05 sys=0.00, real=0.01 secs] 
2014-07-08T06:57:26.174+0000: 691.264: [GC [PSYoungGen: 175048K->1284K(171840K)] 344141K->170441K(858816K), 0.0036860 secs] [Times: user=0.02 sys=0.00, real=0.00 secs] 
2014-07-08T06:57:26.614+0000: 691.705: [GC [PSYoungGen: 171780K->630K(167744K)] 340937K->169975K(854720K), 0.0043660 secs] [Times: user=0.03 sys=0.00, real=0.00 secs] 
2014-07-08T06:57:27.182+0000: 692.272: [GC [PSYoungGen: 167734K->1146K(164992K)] 337079K->170579K(851968K), 0.0045890 secs] [Times: user=0.03 sys=0.00, real=0.01 secs] 
2014-07-08T06:57:27.761+0000: 692.851: [GC [PSYoungGen: 164986K->762K(197376K)] 334419K->170219K(884352K), 0.0159250 secs] [Times: user=0.09 sys=0.00, real=0.02 secs] 
2014-07-08T06:57:28.522+0000: 693.612: [GC [PSYoungGen: 197323K->1043K(237056K)] 366780K->170580K(924032K), 0.0067020 secs] [Times: user=0.04 sys=0.01, real=0.01 secs] 
2014-07-08T06:57:29.293+0000: 694.383: [GC [PSYoungGen: 237011K->758K(239936K)] 406548K->170391K(926912K), 0.0049640 secs] [Times: user=0.02 sys=0.00, real=0.01 secs] 
2014-07-08T06:57:30.169+0000: 695.259: [GC [PSYoungGen: 239414K->990K(233984K)] 409047K->170695K(920960K), 0.0040110 secs] [Times: user=0.02 sys=0.00, real=0.00 secs] 
2014-07-08T06:57:31.063+0000: 696.154: [GC [PSYoungGen: 233950K->548K(228032K)] 403655K->170807K(915008K), 0.0045900 secs] [Times: user=0.02 sys=0.00, real=0.01 secs] 
2014-07-08T06:57:31.730+0000: 696.820: [GC [PSYoungGen: 227977K->1442K(223616K)] 398236K->171847K(910592K), 0.0089360 secs] [Times: user=0.06 sys=0.00, real=0.01 secs] 
2014-07-08T06:57:32.499+0000: 697.589: [GC [PSYoungGen: 223564K->954K(217984K)] 393969K->171843K(904960K), 0.0090360 secs] [Times: user=0.04 sys=0.01, real=0.01 secs] 
2014-07-08T06:57:33.243+0000: 698.333: [GC [PSYoungGen: 217978K->822K(212928K)] 388867K->171783K(899904K), 0.0049820 secs] [Times: user=0.02 sys=0.00, real=0.01 secs] 
2014-07-08T06:57:34.100+0000: 699.190: [GC [PSYoungGen: 212918K->1388K(208768K)] 383879K->172413K(895744K), 0.0080890 secs] [Times: user=0.05 sys=0.00, real=0.01 secs] 
2014-07-08T06:57:34.703+0000: 699.793: [GC [PSYoungGen: 208748K->986K(203776K)] 379773K->172091K(890752K), 0.0056600 secs] [Times: user=0.03 sys=0.01, real=0.01 secs] 
2014-07-08T06:57:35.392+0000: 700.482: [GC [PSYoungGen: 203738K->1014K(199360K)] 374843K->172191K(886336K), 0.0052440 secs] [Times: user=0.04 sys=0.00, real=0.01 secs] 
2014-07-08T06:57:36.181+0000: 701.271: [GC [PSYoungGen: 199350K->1378K(195456K)] 370527K->172643K(882432K), 0.0040550 secs] [Times: user=0.01 sys=0.01, real=0.01 secs] 
2014-07-08T06:57:36.766+0000: 701.856: [GC [PSYoungGen: 195426K->936K(190848K)] 366691K->172611K(877824K), 0.0055190 secs] [Times: user=0.03 sys=0.00, real=0.00 secs] 
2014-07-08T06:57:37.400+0000: 702.490: [GC [PSYoungGen: 190824K->1086K(187008K)] 362499K->172833K(873984K), 0.0063110 secs] [Times: user=0.05 sys=0.00, real=0.01 secs] 
2014-07-08T06:57:38.116+0000: 703.206: [GC [PSYoungGen: 187006K->1462K(183552K)] 358753K->173636K(870528K), 0.0034530 secs] [Times: user=0.02 sys=0.01, real=0.00 secs] 
2014-07-08T06:57:38.680+0000: 703.770: [GC [PSYoungGen: 183542K->1000K(179392K)] 355716K->173245K(866368K), 0.0059830 secs] [Times: user=0.03 sys=0.01, real=0.01 secs] 
2014-07-08T06:57:39.289+0000: 704.379: [GC [PSYoungGen: 179354K->886K(175680K)] 351600K->173171K(862656K), 0.0067090 secs] [Times: user=0.03 sys=0.00, real=0.01 secs] 
2014-07-08T06:57:39.955+0000: 705.046: [GC [PSYoungGen: 175656K->1343K(172608K)] 347941K->173685K(859584K), 0.0066790 secs] [Times: user=0.04 sys=0.00, real=0.00 secs] 
2014-07-08T06:57:40.501+0000: 705.591: [GC [PSYoungGen: 172607K->726K(168640K)] 344949K->173115K(855616K), 0.0065960 secs] [Times: user=0.03 sys=0.00, real=0.01 secs] 
2014-07-08T06:57:41.145+0000: 706.236: [GC [PSYoungGen: 168598K->1090K(165760K)] 340987K->173519K(852736K), 0.0062290 secs] [Times: user=0.04 sys=0.00, real=0.01 secs] 
2014-07-08T06:57:41.645+0000: 706.735: [GC [PSYoungGen: 165698K->1128K(198720K)] 338127K->173621K(885696K), 0.0079150 secs] [Times: user=0.05 sys=0.00, real=0.01 secs] 
2014-07-08T06:57:42.331+0000: 707.421: [GC [PSYoungGen: 198667K->972K(228544K)] 371161K->173537K(915520K), 0.0048760 secs] [Times: user=0.03 sys=0.00, real=0.00 secs] 
2014-07-08T06:57:43.112+0000: 708.202: [GC [PSYoungGen: 227724K->890K(222400K)] 400289K->173567K(909376K), 0.0048010 secs] [Times: user=0.03 sys=0.00, real=0.01 secs] 
2014-07-08T06:57:43.928+0000: 709.018: [GC [PSYoungGen: 222359K->1324K(217792K)] 395037K->174065K(904768K), 0.0084790 secs] [Times: user=0.06 sys=0.00, real=0.01 secs] 
2014-07-08T06:57:44.636+0000: 709.726: [GC [PSYoungGen: 217732K->943K(237184K)] 390473K->173724K(924160K), 0.0147830 secs] [Times: user=0.08 sys=0.00, real=0.02 secs] 
2014-07-08T06:57:45.449+0000: 710.539: [GC [PSYoungGen: 236847K->1096K(237632K)] 409628K->173981K(924608K), 0.0048970 secs] [Times: user=0.02 sys=0.01, real=0.00 secs] 
2014-07-08T06:57:46.331+0000: 711.421: [GC [PSYoungGen: 237000K->846K(231168K)] 409885K->173795K(918144K), 0.0028160 secs] [Times: user=0.01 sys=0.00, real=0.00 secs] 
2014-07-08T06:57:47.088+0000: 712.178: [GC [PSYoungGen: 231118K->676K(225600K)] 404067K->173681K(912576K), 0.0036980 secs] [Times: user=0.02 sys=0.00, real=0.00 secs] 
2014-07-08T06:57:47.884+0000: 712.974: [GC [PSYoungGen: 225572K->1074K(220800K)] 398577K->174127K(907776K), 0.0045490 secs] [Times: user=0.02 sys=0.00, real=0.01 secs] 
2014-07-08T06:57:48.631+0000: 713.722: [GC [PSYoungGen: 220786K->726K(215488K)] 393839K->173851K(902464K), 0.0064050 secs] [Times: user=0.04 sys=0.00, real=0.01 secs] 
2014-07-08T06:57:49.377+0000: 714.467: [GC [PSYoungGen: 215402K->1199K(211072K)] 388527K->174380K(898048K), 0.0041670 secs] [Times: user=0.01 sys=0.01, real=0.01 secs] 
2014-07-08T06:57:50.116+0000: 715.206: [GC [PSYoungGen: 211055K->808K(206016K)] 384236K->174077K(892992K), 0.0058070 secs] [Times: user=0.03 sys=0.00, real=0.01 secs] 
2014-07-08T06:57:50.829+0000: 715.919: [GC [PSYoungGen: 205992K->1196K(201856K)] 379261K->174505K(888832K), 0.0085640 secs] [Times: user=0.05 sys=0.00, real=0.01 secs] 
2014-07-08T06:57:51.592+0000: 716.683: [GC [PSYoungGen: 201835K->1232K(197568K)] 375145K->174637K(884544K), 0.0071930 secs] [Times: user=0.04 sys=0.00, real=0.01 secs] 
2014-07-08T06:57:52.222+0000: 717.312: [GC [PSYoungGen: 197520K->876K(192960K)] 370925K->174345K(879936K), 0.0066330 secs] [Times: user=0.04 sys=0.00, real=0.01 secs] 
2014-07-08T06:57:52.896+0000: 717.986: [GC [PSYoungGen: 192940K->1530K(189504K)] 366409K->175079K(876480K), 0.0055820 secs] [Times: user=0.03 sys=0.00, real=0.01 secs] 
2014-07-08T06:57:53.528+0000: 718.618: [GC [PSYoungGen: 189498K->804K(184896K)] 363047K->174515K(871872K), 0.0034670 secs] [Times: user=0.02 sys=0.00, real=0.00 secs] 
2014-07-08T06:57:54.167+0000: 719.257: [GC [PSYoungGen: 184868K->1046K(181376K)] 358579K->174822K(868352K), 0.0043720 secs] [Times: user=0.03 sys=0.00, real=0.01 secs] 
2014-07-08T06:57:54.821+0000: 719.912: [GC [PSYoungGen: 181334K->854K(177536K)] 355110K->174685K(864512K), 0.0041740 secs] [Times: user=0.02 sys=0.01, real=0.00 secs] 
2014-07-08T06:57:55.414+0000: 720.505: [GC [PSYoungGen: 177494K->972K(174080K)] 351325K->174915K(861056K), 0.0047770 secs] [Times: user=0.02 sys=0.00, real=0.01 secs] 
2014-07-08T06:57:56.037+0000: 721.128: [GC [PSYoungGen: 174028K->872K(170496K)] 347971K->174895K(857472K), 0.0032320 secs] [Times: user=0.01 sys=0.00, real=0.01 secs] 
2014-07-08T06:57:56.606+0000: 721.696: [GC [PSYoungGen: 170472K->858K(167168K)] 344495K->174969K(854144K), 0.0077470 secs] [Times: user=0.04 sys=0.00, real=0.01 secs] 
2014-07-08T06:57:57.249+0000: 722.339: [GC [PSYoungGen: 167130K->1114K(200704K)] 341241K->175289K(887680K), 0.0100180 secs] [Times: user=0.06 sys=0.00, real=0.01 secs] 
2014-07-08T06:57:57.931+0000: 723.021: [GC [PSYoungGen: 200666K->1360K(240896K)] 374841K->175583K(927872K), 0.0090780 secs] [Times: user=0.03 sys=0.00, real=0.01 secs] 
2014-07-08T06:57:58.730+0000: 723.820: [GC [PSYoungGen: 240848K->555K(273472K)] 415071K->175356K(960448K), 0.0082630 secs] [Times: user=0.05 sys=0.00, real=0.01 secs] 
2014-07-08T06:57:59.689+0000: 724.779: [GC [PSYoungGen: 273451K->1592K(267520K)] 448252K->176531K(954496K), 0.0046190 secs] [Times: user=0.02 sys=0.01, real=0.00 secs] 
2014-07-08T06:58:00.611+0000: 725.701: [GC [PSYoungGen: 267512K->64K(259264K)] 442451K->175973K(946240K), 0.0053380 secs] [Times: user=0.03 sys=0.00, real=0.00 secs] 
2014-07-08T06:58:01.512+0000: 726.602: [GC [PSYoungGen: 259264K->1286K(254080K)] 435173K->177228K(941056K), 0.0093680 secs] [Times: user=0.07 sys=0.00, real=0.01 secs] 
2014-07-08T06:58:02.397+0000: 727.487: [GC [PSYoungGen: 253988K->1086K(247616K)] 429929K->177446K(934592K), 0.0034900 secs] [Times: user=0.02 sys=0.00, real=0.01 secs] 
2014-07-08T06:58:03.303+0000: 728.393: [GC [PSYoungGen: 247613K->1122K(241664K)] 423973K->177538K(928640K), 0.0090470 secs] [Times: user=0.06 sys=0.00, real=0.01 secs] 
2014-07-08T06:58:04.179+0000: 729.269: [GC [PSYoungGen: 241634K->1120K(235904K)] 418050K->177682K(922880K), 0.0049620 secs] [Times: user=0.02 sys=0.00, real=0.00 secs] 
2014-07-08T06:58:04.936+0000: 730.026: [GC [PSYoungGen: 235872K->908K(230144K)] 412434K->177518K(917120K), 0.0049400 secs] [Times: user=0.03 sys=0.00, real=0.01 secs] 
2014-07-08T06:58:05.728+0000: 730.818: [GC [PSYoungGen: 230081K->1018K(224832K)] 406691K->177934K(911808K), 0.0043540 secs] [Times: user=0.02 sys=0.00, real=0.01 secs] 
2014-07-08T06:58:06.504+0000: 731.594: [GC [PSYoungGen: 224819K->957K(219584K)] 401735K->177969K(906560K), 0.0045830 secs] [Times: user=0.03 sys=0.00, real=0.00 secs] 
2014-07-08T06:58:07.252+0000: 732.342: [GC [PSYoungGen: 219581K->940K(214592K)] 396593K->178008K(901568K), 0.0076530 secs] [Times: user=0.05 sys=0.00, real=0.01 secs] 
2014-07-08T06:58:08.025+0000: 733.115: [GC [PSYoungGen: 214506K->1520K(210368K)] 391575K->178700K(897344K), 0.0041290 secs] [Times: user=0.03 sys=0.00, real=0.00 secs] 
2014-07-08T06:58:08.714+0000: 733.804: [GC [PSYoungGen: 210351K->632K(204800K)] 387531K->178611K(891776K), 0.0101700 secs] [Times: user=0.06 sys=0.00, real=0.01 secs] 
2014-07-08T06:58:09.441+0000: 734.531: [GC [PSYoungGen: 204792K->1182K(200896K)] 382771K->179216K(887872K), 0.0062330 secs] [Times: user=0.04 sys=0.00, real=0.00 secs] 
2014-07-08T06:58:10.135+0000: 735.225: [GC [PSYoungGen: 200862K->864K(196224K)] 378896K->179243K(883200K), 0.0040040 secs] [Times: user=0.02 sys=0.00, real=0.00 secs] 
2014-07-08T06:58:10.802+0000: 735.893: [GC [PSYoungGen: 196192K->1000K(192192K)] 374571K->179450K(879168K), 0.0075320 secs] [Times: user=0.05 sys=0.00, real=0.01 secs] 
2014-07-08T06:58:11.508+0000: 736.598: [GC [PSYoungGen: 192151K->1370K(188544K)] 370602K->179884K(875520K), 0.0077670 secs] [Times: user=0.05 sys=0.00, real=0.01 secs] 
2014-07-08T06:58:12.135+0000: 737.225: [GC [PSYoungGen: 188506K->886K(184128K)] 367020K->179448K(871104K), 0.0044580 secs] [Times: user=0.01 sys=0.00, real=0.00 secs] 
2014-07-08T06:58:12.753+0000: 737.843: [GC [PSYoungGen: 184118K->1182K(180672K)] 362680K->179824K(867648K), 0.0038350 secs] [Times: user=0.02 sys=0.00, real=0.00 secs] 
2014-07-08T06:58:13.363+0000: 738.453: [GC [PSYoungGen: 180620K->1250K(177088K)] 359262K->179964K(864064K), 0.0101070 secs] [Times: user=0.06 sys=0.00, real=0.01 secs] 
2014-07-08T06:58:14.010+0000: 739.100: [GC [PSYoungGen: 177058K->868K(173184K)] 355772K->180233K(860160K), 0.0051580 secs] [Times: user=0.03 sys=0.00, real=0.01 secs] 
2014-07-08T06:58:14.569+0000: 739.659: [GC [PSYoungGen: 173156K->1218K(170176K)] 352521K->180655K(857152K), 0.0041760 secs] [Times: user=0.02 sys=0.00, real=0.01 secs] 
2014-07-08T06:58:15.218+0000: 740.308: [GC [PSYoungGen: 170114K->1096K(166720K)] 349551K->180679K(853696K), 0.0047580 secs] [Times: user=0.03 sys=0.00, real=0.01 secs] 
2014-07-08T06:58:15.732+0000: 740.822: [GC [PSYoungGen: 166664K->1060K(163456K)] 346247K->180724K(850432K), 0.0063390 secs] [Times: user=0.03 sys=0.01, real=0.00 secs] 
2014-07-08T06:58:16.293+0000: 741.383: [GC [PSYoungGen: 163428K->854K(160128K)] 343092K->180621K(847104K), 0.0046680 secs] [Times: user=0.03 sys=0.00, real=0.00 secs] 
2014-07-08T06:58:16.918+0000: 742.008: [GC [PSYoungGen: 160086K->1120K(192256K)] 339853K->180919K(879232K), 0.0166720 secs] [Times: user=0.10 sys=0.00, real=0.02 secs] 
2014-07-08T06:58:17.523+0000: 742.614: [GC [PSYoungGen: 192224K->922K(230336K)] 372023K->180809K(917312K), 0.0048470 secs] [Times: user=0.03 sys=0.00, real=0.00 secs] 
2014-07-08T06:58:18.309+0000: 743.399: [GC [PSYoungGen: 230298K->876K(259392K)] 410185K->180835K(946368K), 0.0096540 secs] [Times: user=0.06 sys=0.00, real=0.01 secs] 
2014-07-08T06:58:19.203+0000: 744.293: [GC [PSYoungGen: 258668K->836K(276864K)] 438627K->180883K(963840K), 0.0048480 secs] [Times: user=0.03 sys=0.00, real=0.00 secs] 
2014-07-08T06:58:20.165+0000: 745.255: [GC [PSYoungGen: 276100K->840K(269056K)] 456147K->180983K(956032K), 0.0077240 secs] [Times: user=0.05 sys=0.00, real=0.01 secs] 
2014-07-08T06:58:21.155+0000: 746.245: [GC [PSYoungGen: 269000K->740K(262144K)] 449143K->181618K(949120K), 0.0043120 secs] [Times: user=0.02 sys=0.00, real=0.00 secs] 
2014-07-08T06:58:22.080+0000: 747.170: [GC [PSYoungGen: 262116K->1651K(256512K)] 442994K->182876K(943488K), 0.0058360 secs] [Times: user=0.03 sys=0.00, real=0.01 secs] 
2014-07-08T06:58:22.878+0000: 747.968: [GC [PSYoungGen: 256499K->954K(249536K)] 437724K->182825K(936512K), 0.0104050 secs] [Times: user=0.06 sys=0.00, real=0.01 secs] 
2014-07-08T06:58:23.742+0000: 748.832: [GC [PSYoungGen: 249530K->1018K(243520K)] 431401K->182953K(930496K), 0.0051280 secs] [Times: user=0.03 sys=0.00, real=0.01 secs] 
2014-07-08T06:58:24.564+0000: 749.654: [GC [PSYoungGen: 243514K->1092K(237824K)] 425449K->183173K(924800K), 0.0031740 secs] [Times: user=0.02 sys=0.00, real=0.00 secs] 
2014-07-08T06:58:25.387+0000: 750.478: [GC [PSYoungGen: 237764K->1022K(232064K)] 419845K->183191K(919040K), 0.0062500 secs] [Times: user=0.04 sys=0.00, real=0.01 secs] 
2014-07-08T06:58:26.210+0000: 751.300: [GC [PSYoungGen: 232062K->876K(226496K)] 414231K->183125K(913472K), 0.0049010 secs] [Times: user=0.03 sys=0.00, real=0.01 secs] 
2014-07-08T06:58:27.123+0000: 752.213: [GC [PSYoungGen: 226474K->1694K(222080K)] 408723K->184015K(909056K), 0.0052330 secs] [Times: user=0.02 sys=0.00, real=0.01 secs] 
2014-07-08T06:58:27.778+0000: 752.868: [GC [PSYoungGen: 222046K->1128K(216448K)] 404367K->183709K(903424K), 0.0029940 secs] [Times: user=0.02 sys=0.00, real=0.00 secs] 
2014-07-08T06:58:28.505+0000: 753.595: [GC [PSYoungGen: 216424K->944K(211392K)] 399005K->183605K(898368K), 0.0041870 secs] [Times: user=0.02 sys=0.00, real=0.00 secs] 
2014-07-08T06:58:29.240+0000: 754.330: [GC [PSYoungGen: 211359K->958K(206720K)] 394021K->183723K(893696K), 0.0031990 secs] [Times: user=0.02 sys=0.00, real=0.00 secs] 
2014-07-08T06:58:30.016+0000: 755.106: [GC [PSYoungGen: 206718K->1046K(202304K)] 389483K->183867K(889280K), 0.0038410 secs] [Times: user=0.02 sys=0.00, real=0.00 secs] 
2014-07-08T06:58:30.656+0000: 755.746: [GC [PSYoungGen: 202262K->840K(197760K)] 385083K->183717K(884736K), 0.0074980 secs] [Times: user=0.04 sys=0.00, real=0.01 secs] 
2014-07-08T06:58:31.330+0000: 756.420: [GC [PSYoungGen: 197704K->1064K(193728K)] 380581K->184005K(880704K), 0.0056590 secs] [Times: user=0.03 sys=0.00, real=0.01 secs] 
2014-07-08T06:58:32.145+0000: 757.235: [GC [PSYoungGen: 193693K->1634K(190208K)] 376634K->184655K(877184K), 0.0046330 secs] [Times: user=0.02 sys=0.00, real=0.00 secs] 
2014-07-08T06:58:32.669+0000: 757.759: [GC [PSYoungGen: 190178K->1050K(185664K)] 373199K->184127K(872640K), 0.0044560 secs] [Times: user=0.02 sys=0.00, real=0.01 secs] 
2014-07-08T06:58:33.320+0000: 758.410: [GC [PSYoungGen: 185596K->822K(181568K)] 368673K->183971K(868544K), 0.0067750 secs] [Times: user=0.04 sys=0.00, real=0.01 secs] 
2014-07-08T06:58:33.977+0000: 759.067: [GC [PSYoungGen: 181558K->1526K(178560K)] 364707K->184732K(865536K), 0.0046420 secs] [Times: user=0.03 sys=0.00, real=0.00 secs] 
2014-07-08T06:58:34.560+0000: 759.650: [GC [PSYoungGen: 178550K->858K(174336K)] 361756K->184159K(861312K), 0.0046650 secs] [Times: user=0.03 sys=0.00, real=0.01 secs] 
2014-07-08T06:58:35.161+0000: 760.252: [GC [PSYoungGen: 174298K->968K(171008K)] 357599K->184317K(857984K), 0.0033890 secs] [Times: user=0.01 sys=0.00, real=0.01 secs] 
2014-07-08T06:58:35.755+0000: 760.845: [GC [PSYoungGen: 170952K->1157K(167872K)] 354301K->184554K(854848K), 0.0046250 secs] [Times: user=0.03 sys=0.00, real=0.00 secs] 
2014-07-08T06:58:36.327+0000: 761.417: [GC [PSYoungGen: 167813K->1207K(164608K)] 351210K->184676K(851584K), 0.0046040 secs] [Times: user=0.02 sys=0.00, real=0.00 secs] 
2014-07-08T06:58:37.004+0000: 762.094: [GC [PSYoungGen: 164599K->1202K(161472K)] 348068K->184867K(848448K), 0.0074130 secs] [Times: user=0.05 sys=0.00, real=0.00 secs] 
2014-07-08T06:58:37.448+0000: 762.539: [GC [PSYoungGen: 161426K->694K(157888K)] 345091K->184415K(844864K), 0.0051870 secs] [Times: user=0.03 sys=0.00, real=0.00 secs] 
2014-07-08T06:58:38.059+0000: 763.149: [GC [PSYoungGen: 157855K->1448K(155712K)] 341576K->185249K(842688K), 0.0061130 secs] [Times: user=0.03 sys=0.00, real=0.01 secs] 
2014-07-08T06:58:38.530+0000: 763.620: [GC [PSYoungGen: 155688K->990K(186112K)] 339489K->184863K(873088K), 0.0072960 secs] [Times: user=0.05 sys=0.00, real=0.01 secs] 
2014-07-08T06:58:39.262+0000: 764.352: [GC [PSYoungGen: 186078K->1398K(182656K)] 369951K->185359K(869632K), 0.0058840 secs] [Times: user=0.04 sys=0.00, real=0.01 secs] 
2014-07-08T06:58:39.838+0000: 764.928: [GC [PSYoungGen: 182615K->1174K(178752K)] 366576K->185199K(865728K), 0.0047930 secs] [Times: user=0.02 sys=0.00, real=0.00 secs] 
2014-07-08T06:58:40.409+0000: 765.499: [GC [PSYoungGen: 178710K->790K(174784K)] 362735K->184887K(861760K), 0.0049350 secs] [Times: user=0.03 sys=0.00, real=0.00 secs] 
2014-07-08T06:58:41.021+0000: 766.111: [GC [PSYoungGen: 174742K->936K(171456K)] 358839K->185073K(858432K), 0.0058780 secs] [Times: user=0.02 sys=0.00, real=0.01 secs] 
2014-07-08T06:58:41.615+0000: 766.705: [GC [PSYoungGen: 171405K->1072K(168192K)] 355542K->185289K(855168K), 0.0037570 secs] [Times: user=0.02 sys=0.00, real=0.01 secs] 
2014-07-08T06:58:42.267+0000: 767.357: [GC [PSYoungGen: 168131K->1160K(165056K)] 352348K->185497K(852032K), 0.0033750 secs] [Times: user=0.02 sys=0.00, real=0.00 secs] 
2014-07-08T06:58:42.768+0000: 767.859: [GC [PSYoungGen: 165000K->1199K(161920K)] 349337K->185832K(848896K), 0.0062950 secs] [Times: user=0.04 sys=0.00, real=0.00 secs] 
2014-07-08T06:58:43.322+0000: 768.412: [GC [PSYoungGen: 161903K->996K(193920K)] 346536K->185693K(880896K), 0.0083720 secs] [Times: user=0.06 sys=0.00, real=0.01 secs] 
2014-07-08T06:58:44.027+0000: 769.117: [GC [PSYoungGen: 193890K->1382K(190208K)] 378586K->186373K(877184K), 0.0032340 secs] [Times: user=0.02 sys=0.00, real=0.00 secs] 
2014-07-08T06:58:44.674+0000: 769.764: [GC [PSYoungGen: 190182K->878K(185728K)] 375173K->185925K(872704K), 0.0044050 secs] [Times: user=0.02 sys=0.00, real=0.01 secs] 
2014-07-08T06:58:45.368+0000: 770.458: [GC [PSYoungGen: 185710K->808K(181824K)] 370757K->185911K(868800K), 0.0032340 secs] [Times: user=0.01 sys=0.00, real=0.00 secs] 
2014-07-08T06:58:45.970+0000: 771.060: [GC [PSYoungGen: 181800K->1120K(178432K)] 366903K->186287K(865408K), 0.0097750 secs] [Times: user=0.06 sys=0.00, real=0.01 secs] 
2014-07-08T06:58:46.564+0000: 771.654: [GC [PSYoungGen: 178400K->1004K(213760K)] 363567K->186235K(900736K), 0.0079190 secs] [Times: user=0.04 sys=0.00, real=0.01 secs] 
2014-07-08T06:58:47.298+0000: 772.388: [GC [PSYoungGen: 213740K->896K(208896K)] 398971K->186215K(895872K), 0.0044540 secs] [Times: user=0.02 sys=0.00, real=0.00 secs] 
2014-07-08T06:58:48.043+0000: 773.133: [GC [PSYoungGen: 208815K->1136K(204480K)] 394134K->186511K(891456K), 0.0055180 secs] [Times: user=0.02 sys=0.00, real=0.01 secs] 
2014-07-08T06:58:48.740+0000: 773.830: [GC [PSYoungGen: 204464K->1018K(199872K)] 389839K->186449K(886848K), 0.0058720 secs] [Times: user=0.03 sys=0.01, real=0.01 secs] 
2014-07-08T06:58:49.420+0000: 774.510: [GC [PSYoungGen: 199842K->972K(195584K)] 385273K->186499K(882560K), 0.0048410 secs] [Times: user=0.03 sys=0.00, real=0.00 secs] 
2014-07-08T06:58:50.168+0000: 775.258: [GC [PSYoungGen: 195532K->1164K(191616K)] 381059K->186779K(878592K), 0.0037680 secs] [Times: user=0.01 sys=0.00, real=0.00 secs] 
2014-07-08T06:58:50.801+0000: 775.891: [GC [PSYoungGen: 191564K->992K(187392K)] 377179K->186745K(874368K), 0.0065450 secs] [Times: user=0.05 sys=0.00, real=0.01 secs] 
2014-07-08T06:58:51.397+0000: 776.487: [GC [PSYoungGen: 187360K->1040K(183552K)] 373113K->186873K(870528K), 0.0037370 secs] [Times: user=0.01 sys=0.00, real=0.00 secs] 
2014-07-08T06:58:52.061+0000: 777.152: [GC [PSYoungGen: 183504K->1008K(179712K)] 369337K->186995K(866688K), 0.0065610 secs] [Times: user=0.02 sys=0.00, real=0.01 secs] 
2014-07-08T06:58:52.649+0000: 777.739: [GC [PSYoungGen: 179696K->858K(175936K)] 365683K->186901K(862912K), 0.0032310 secs] [Times: user=0.02 sys=0.01, real=0.00 secs] 
2014-07-08T06:58:53.262+0000: 778.352: [GC [PSYoungGen: 175896K->858K(172416K)] 361939K->186989K(859392K), 0.0034340 secs] [Times: user=0.02 sys=0.00, real=0.00 secs] 
2014-07-08T06:58:53.871+0000: 778.962: [GC [PSYoungGen: 172378K->826K(168960K)] 358509K->187013K(855936K), 0.0091310 secs] [Times: user=0.05 sys=0.00, real=0.01 secs] 
2014-07-08T06:58:54.436+0000: 779.526: [GC [PSYoungGen: 168947K->958K(202752K)] 355134K->187201K(889728K), 0.0092340 secs] [Times: user=0.06 sys=0.00, real=0.01 secs] 
2014-07-08T06:58:55.159+0000: 780.249: [GC [PSYoungGen: 202750K->978K(198400K)] 388993K->187309K(885376K), 0.0053640 secs] [Times: user=0.03 sys=0.00, real=0.00 secs] 
2014-07-08T06:58:55.829+0000: 780.919: [GC [PSYoungGen: 198354K->1022K(194176K)] 384685K->187525K(881152K), 0.0062040 secs] [Times: user=0.03 sys=0.00, real=0.00 secs] 
2014-07-08T06:58:56.490+0000: 781.581: [GC [PSYoungGen: 194174K->1206K(233024K)] 380677K->187797K(920000K), 0.0093010 secs] [Times: user=0.05 sys=0.00, real=0.01 secs] 
2014-07-08T06:58:57.405+0000: 782.495: [GC [PSYoungGen: 232975K->748K(227136K)] 419566K->187719K(914112K), 0.0037410 secs] [Times: user=0.02 sys=0.00, real=0.01 secs] 
2014-07-08T06:58:58.104+0000: 783.194: [GC [PSYoungGen: 227116K->1438K(222592K)] 414087K->188497K(909568K), 0.0038550 secs] [Times: user=0.02 sys=0.00, real=0.01 secs] 
2014-07-08T06:58:58.899+0000: 783.989: [GC [PSYoungGen: 222545K->739K(216832K)] 409604K->189177K(903808K), 0.0034910 secs] [Times: user=0.02 sys=0.01, real=0.00 secs] 
2014-07-08T06:58:59.627+0000: 784.718: [GC [PSYoungGen: 216803K->1124K(212352K)] 405241K->189650K(899328K), 0.0045090 secs] [Times: user=0.03 sys=0.00, real=0.00 secs] 
2014-07-08T06:59:00.360+0000: 785.451: [GC [PSYoungGen: 212324K->1082K(207552K)] 400849K->189810K(894528K), 0.0088860 secs] [Times: user=0.06 sys=0.00, real=0.01 secs] 
2014-07-08T06:59:01.100+0000: 786.190: [GC [PSYoungGen: 207536K->1232K(203200K)] 396264K->190007K(890176K), 0.0043930 secs] [Times: user=0.02 sys=0.00, real=0.00 secs] 
2014-07-08T06:59:01.765+0000: 786.855: [GC [PSYoungGen: 203152K->726K(198272K)] 391927K->189549K(885248K), 0.0039920 secs] [Times: user=0.02 sys=0.00, real=0.01 secs] 
2014-07-08T06:59:02.516+0000: 787.606: [GC [PSYoungGen: 198203K->1196K(194496K)] 387027K->190131K(881472K), 0.0079490 secs] [Times: user=0.05 sys=0.00, real=0.01 secs] 
2014-07-08T06:59:03.172+0000: 788.263: [GC [PSYoungGen: 194476K->776K(190016K)] 383411K->189759K(876992K), 0.0072010 secs] [Times: user=0.04 sys=0.00, real=0.01 secs] 
2014-07-08T06:59:03.781+0000: 788.871: [GC [PSYoungGen: 189932K->1146K(186368K)] 378915K->190209K(873344K), 0.0054900 secs] [Times: user=0.04 sys=0.00, real=0.00 secs] 
2014-07-08T06:59:04.442+0000: 789.532: [GC [PSYoungGen: 186362K->908K(182336K)] 375425K->190091K(869312K), 0.0041290 secs] [Times: user=0.02 sys=0.00, real=0.00 secs] 
2014-07-08T06:59:05.110+0000: 790.201: [GC [PSYoungGen: 182284K->1104K(178816K)] 371467K->190391K(865792K), 0.0050130 secs] [Times: user=0.02 sys=0.01, real=0.00 secs] 
2014-07-08T06:59:05.689+0000: 790.779: [GC [PSYoungGen: 178765K->1274K(175360K)] 368053K->190800K(862336K), 0.0068550 secs] [Times: user=0.02 sys=0.00, real=0.00 secs] 
2014-07-08T06:59:06.292+0000: 791.382: [GC [PSYoungGen: 175305K->964K(171648K)] 364830K->190562K(858624K), 0.0041520 secs] [Times: user=0.02 sys=0.00, real=0.00 secs] 
2014-07-08T06:59:06.907+0000: 791.997: [GC [PSYoungGen: 171588K->1146K(168384K)] 361186K->190915K(855360K), 0.0060650 secs] [Times: user=0.03 sys=0.01, real=0.01 secs] 
2014-07-08T06:59:07.466+0000: 792.556: [GC [PSYoungGen: 168378K->808K(164800K)] 358147K->190657K(851776K), 0.0043990 secs] [Times: user=0.03 sys=0.00, real=0.01 secs] 
2014-07-08T06:59:08.086+0000: 793.176: [GC [PSYoungGen: 164776K->1288K(162176K)] 354625K->191209K(849152K), 0.0037680 secs] [Times: user=0.01 sys=0.00, real=0.01 secs] 
2014-07-08T06:59:08.601+0000: 793.691: [GC [PSYoungGen: 162116K->904K(158720K)] 352038K->190929K(845696K), 0.0044900 secs] [Times: user=0.02 sys=0.00, real=0.00 secs] 
2014-07-08T06:59:09.174+0000: 794.265: [GC [PSYoungGen: 158664K->872K(155712K)] 348689K->190985K(842688K), 0.0059140 secs] [Times: user=0.04 sys=0.00, real=0.01 secs] 
2014-07-08T06:59:09.702+0000: 794.792: [GC [PSYoungGen: 155688K->1303K(153280K)] 345801K->191497K(840256K), 0.0050930 secs] [Times: user=0.02 sys=0.00, real=0.00 secs] 
2014-07-08T06:59:10.228+0000: 795.318: [GC [PSYoungGen: 153239K->858K(150016K)] 343433K->191147K(836992K), 0.0049720 secs] [Times: user=0.03 sys=0.00, real=0.01 secs] 
2014-07-08T06:59:10.765+0000: 795.855: [GC [PSYoungGen: 149978K->1224K(147712K)] 340267K->191578K(834688K), 0.0063990 secs] [Times: user=0.03 sys=0.00, real=0.01 secs] 
2014-07-08T06:59:11.268+0000: 796.359: [GC [PSYoungGen: 147644K->1164K(176960K)] 337998K->191598K(863936K), 0.0082940 secs] [Times: user=0.06 sys=0.00, real=0.01 secs] 
2014-07-08T06:59:11.911+0000: 797.001: [GC [PSYoungGen: 176908K->968K(211968K)] 367342K->191473K(898944K), 0.0062050 secs] [Times: user=0.04 sys=0.00, real=0.00 secs] 
2014-07-08T06:59:12.626+0000: 797.716: [GC [PSYoungGen: 211909K->1104K(207360K)] 402415K->191721K(894336K), 0.0041680 secs] [Times: user=0.02 sys=0.00, real=0.01 secs] 
2014-07-08T06:59:13.342+0000: 798.432: [GC [PSYoungGen: 207312K->1224K(224384K)] 397929K->191930K(911360K), 0.0135360 secs] [Times: user=0.10 sys=0.00, real=0.01 secs] 
2014-07-08T06:59:14.211+0000: 799.301: [GC [PSYoungGen: 224008K->1120K(249152K)] 414714K->191882K(936128K), 0.0088270 secs] [Times: user=0.04 sys=0.00, real=0.00 secs] 
2014-07-08T06:59:15.078+0000: 800.168: [GC [PSYoungGen: 248672K->1346K(242944K)] 439434K->192196K(929920K), 0.0056180 secs] [Times: user=0.03 sys=0.00, real=0.01 secs] 
2014-07-08T06:59:15.827+0000: 800.917: [GC [PSYoungGen: 242882K->192K(235904K)] 433732K->191689K(922880K), 0.0051560 secs] [Times: user=0.03 sys=0.00, real=0.01 secs] 
2014-07-08T06:59:16.636+0000: 801.727: [GC [PSYoungGen: 235904K->1486K(231680K)] 427401K->193032K(918656K), 0.0069460 secs] [Times: user=0.05 sys=0.00, real=0.01 secs] 
2014-07-08T06:59:17.488+0000: 802.578: [GC [PSYoungGen: 231622K->1527K(226304K)] 423168K->193821K(913280K), 0.0054290 secs] [Times: user=0.04 sys=0.01, real=0.01 secs] 
2014-07-08T06:59:18.219+0000: 803.309: [GC [PSYoungGen: 226295K->740K(220352K)] 418589K->193130K(907328K), 0.0061070 secs] [Times: user=0.04 sys=0.00, real=0.01 secs] 
2014-07-08T06:59:18.988+0000: 804.078: [GC [PSYoungGen: 220239K->1288K(215936K)] 412629K->193750K(902912K), 0.0047700 secs] [Times: user=0.03 sys=0.00, real=0.01 secs] 
2014-07-08T06:59:19.728+0000: 804.819: [GC [PSYoungGen: 215880K->1512K(211264K)] 408342K->194046K(898240K), 0.0073830 secs] [Times: user=0.04 sys=0.00, real=0.01 secs] 
2014-07-08T06:59:20.455+0000: 805.545: [GC [PSYoungGen: 211240K->936K(206016K)] 403774K->193550K(892992K), 0.0042090 secs] [Times: user=0.03 sys=0.00, real=0.00 secs] 
2014-07-08T06:59:21.146+0000: 806.236: [GC [PSYoungGen: 205986K->886K(201472K)] 398600K->193580K(888448K), 0.0104110 secs] [Times: user=0.07 sys=0.00, real=0.01 secs] 
2014-07-08T06:59:21.849+0000: 806.939: [GC [PSYoungGen: 201422K->1118K(197376K)] 394116K->193868K(884352K), 0.0070750 secs] [Times: user=0.04 sys=0.00, real=0.01 secs] 
2014-07-08T06:59:22.565+0000: 807.655: [GC [PSYoungGen: 197342K->1104K(193152K)] 390092K->193934K(880128K), 0.0059280 secs] [Times: user=0.03 sys=0.00, real=0.01 secs] 
2014-07-08T06:59:23.198+0000: 808.288: [GC [PSYoungGen: 193055K->922K(188864K)] 385885K->193856K(875840K), 0.0061700 secs] [Times: user=0.04 sys=0.00, real=0.01 secs] 
2014-07-08T06:59:23.865+0000: 808.956: [GC [PSYoungGen: 188826K->1168K(226752K)] 381760K->194134K(913728K), 0.0172700 secs] [Times: user=0.09 sys=0.00, real=0.02 secs] 
2014-07-08T06:59:24.635+0000: 809.725: [GC [PSYoungGen: 226704K->1192K(239360K)] 419670K->194262K(926336K), 0.0056620 secs] [Times: user=0.03 sys=0.00, real=0.00 secs] 
2014-07-08T06:59:25.456+0000: 810.547: [GC [PSYoungGen: 238952K->946K(239488K)] 432022K->194104K(926464K), 0.0046670 secs] [Times: user=0.03 sys=0.00, real=0.01 secs] 
2014-07-08T06:59:26.330+0000: 811.420: [GC [PSYoungGen: 238704K->1078K(233152K)] 431862K->194324K(920128K), 0.0070180 secs] [Times: user=0.04 sys=0.00, real=0.01 secs] 
2014-07-08T06:59:27.109+0000: 812.200: [GC [PSYoungGen: 233136K->1313K(227968K)] 426382K->194631K(914944K), 0.0087170 secs] [Times: user=0.05 sys=0.00, real=0.01 secs] 
2014-07-08T06:59:27.905+0000: 812.995: [GC [PSYoungGen: 227936K->948K(222336K)] 421254K->194900K(909312K), 0.0064700 secs] [Times: user=0.02 sys=0.00, real=0.00 secs] 
2014-07-08T06:59:28.621+0000: 813.711: [GC [PSYoungGen: 222324K->1388K(217728K)] 416276K->195428K(904704K), 0.0042740 secs] [Times: user=0.02 sys=0.00, real=0.01 secs] 
2014-07-08T06:59:29.369+0000: 814.459: [GC [PSYoungGen: 217696K->908K(212352K)] 411736K->195316K(899328K), 0.0043070 secs] [Times: user=0.03 sys=0.00, real=0.01 secs] 
2014-07-08T06:59:30.108+0000: 815.199: [GC [PSYoungGen: 212300K->676K(207360K)] 406708K->195148K(894336K), 0.0034120 secs] [Times: user=0.02 sys=0.00, real=0.01 secs] 
2014-07-08T06:59:30.837+0000: 815.927: [GC [PSYoungGen: 207284K->1068K(203200K)] 401756K->195596K(890176K), 0.0103460 secs] [Times: user=0.05 sys=0.00, real=0.01 secs] 
2014-07-08T06:59:31.527+0000: 816.617: [GC [PSYoungGen: 203180K->1160K(198912K)] 397708K->195800K(885888K), 0.0040740 secs] [Times: user=0.03 sys=0.00, real=0.00 secs] 
2014-07-08T06:59:32.267+0000: 817.357: [GC [PSYoungGen: 198856K->1196K(194624K)] 393496K->195900K(881600K), 0.0062790 secs] [Times: user=0.05 sys=0.00, real=0.01 secs] 
2014-07-08T06:59:32.964+0000: 818.054: [GC [PSYoungGen: 194604K->1616K(190976K)] 389308K->196392K(877952K), 0.0060170 secs] [Times: user=0.04 sys=0.01, real=0.00 secs] 
2014-07-08T06:59:33.545+0000: 818.636: [GC [PSYoungGen: 190927K->634K(185984K)] 385703K->195752K(872960K), 0.0033800 secs] [Times: user=0.02 sys=0.00, real=0.00 secs] 
2014-07-08T06:59:34.189+0000: 819.279: [GC [PSYoungGen: 185935K->740K(182272K)] 381053K->195930K(869248K), 0.0073880 secs] [Times: user=0.04 sys=0.00, real=0.01 secs] 
2014-07-08T06:59:34.828+0000: 819.918: [GC [PSYoungGen: 182243K->1786K(179584K)] 377434K->197073K(866560K), 0.0072810 secs] [Times: user=0.04 sys=0.00, real=0.01 secs] 
2014-07-08T06:59:35.426+0000: 820.516: [GC [PSYoungGen: 179578K->876K(175104K)] 374865K->196250K(862080K), 0.0053540 secs] [Times: user=0.03 sys=0.01, real=0.00 secs] 
2014-07-08T06:59:36.056+0000: 821.146: [GC [PSYoungGen: 175084K->726K(171520K)] 370458K->196172K(858496K), 0.0051200 secs] [Times: user=0.03 sys=0.00, real=0.00 secs] 
2014-07-08T06:59:36.624+0000: 821.714: [GC [PSYoungGen: 171478K->1036K(168448K)] 366924K->196562K(855424K), 0.0056640 secs] [Times: user=0.03 sys=0.00, real=0.00 secs] 
2014-07-08T06:59:37.202+0000: 822.293: [GC [PSYoungGen: 168396K->894K(201728K)] 363922K->196492K(888704K), 0.0085280 secs] [Times: user=0.05 sys=0.00, real=0.01 secs] 
2014-07-08T06:59:38.094+0000: 823.185: [GC [PSYoungGen: 201726K->1348K(197888K)] 397324K->197002K(884864K), 0.0085310 secs] [Times: user=0.05 sys=0.00, real=0.01 secs] 
2014-07-08T06:59:38.601+0000: 823.691: [GC [PSYoungGen: 197826K->1220K(193536K)] 393480K->196923K(880512K), 0.0050250 secs] [Times: user=0.02 sys=0.00, real=0.01 secs] 
2014-07-08T06:59:39.246+0000: 824.336: [GC [PSYoungGen: 193476K->904K(189120K)] 389179K->196686K(876096K), 0.0032090 secs] [Times: user=0.02 sys=0.00, real=0.00 secs] 
2014-07-08T06:59:39.904+0000: 824.994: [GC [PSYoungGen: 189064K->1232K(185472K)] 384846K->197094K(872448K), 0.0049200 secs] [Times: user=0.03 sys=0.01, real=0.00 secs] 
2014-07-08T06:59:40.526+0000: 825.616: [GC [PSYoungGen: 185424K->972K(181440K)] 381286K->196890K(868416K), 0.0034540 secs] [Times: user=0.02 sys=0.00, real=0.00 secs] 
2014-07-08T06:59:41.176+0000: 826.266: [GC [PSYoungGen: 181388K->1150K(177856K)] 377306K->197156K(864832K), 0.0026630 secs] [Times: user=0.01 sys=0.00, real=0.00 secs] 
2014-07-08T06:59:41.772+0000: 826.862: [GC [PSYoungGen: 177854K->1488K(174656K)] 373860K->197550K(861632K), 0.0069610 secs] [Times: user=0.04 sys=0.01, real=0.01 secs] 
2014-07-08T06:59:42.362+0000: 827.452: [GC [PSYoungGen: 174608K->826K(170496K)] 370670K->196952K(857472K), 0.0077830 secs] [Times: user=0.05 sys=0.00, real=0.01 secs] 
2014-07-08T06:59:43.119+0000: 828.209: [GC [PSYoungGen: 170490K->1522K(167872K)] 366616K->197720K(854848K), 0.0066490 secs] [Times: user=0.04 sys=0.00, real=0.01 secs] 
2014-07-08T06:59:43.629+0000: 828.720: [GC [PSYoungGen: 167858K->1068K(164224K)] 364056K->197354K(851200K), 0.0036040 secs] [Times: user=0.02 sys=0.00, real=0.00 secs] 
2014-07-08T06:59:44.123+0000: 829.214: [GC [PSYoungGen: 164168K->858K(160896K)] 360455K->197192K(847872K), 0.0032480 secs] [Times: user=0.02 sys=0.00, real=0.01 secs] 
2014-07-08T06:59:44.638+0000: 829.728: [GC [PSYoungGen: 160858K->972K(158016K)] 357192K->197378K(844992K), 0.0036150 secs] [Times: user=0.02 sys=0.00, real=0.00 secs] 
2014-07-08T06:59:45.189+0000: 830.279: [GC [PSYoungGen: 157944K->974K(155072K)] 354350K->197468K(842048K), 0.0039750 secs] [Times: user=0.02 sys=0.00, real=0.00 secs] 
2014-07-08T06:59:45.722+0000: 830.813: [GC [PSYoungGen: 155022K->1360K(152576K)] 351516K->197918K(839552K), 0.0044230 secs] [Times: user=0.02 sys=0.00, real=0.01 secs] 
2014-07-08T06:59:46.252+0000: 831.342: [GC [PSYoungGen: 152528K->776K(149248K)] 349086K->197382K(836224K), 0.0051070 secs] [Times: user=0.02 sys=0.00, real=0.01 secs] 
2014-07-08T06:59:46.776+0000: 831.866: [GC [PSYoungGen: 149189K->1342K(147072K)] 345795K->198004K(834048K), 0.0047620 secs] [Times: user=0.03 sys=0.00, real=0.00 secs] 
2014-07-08T06:59:47.273+0000: 832.363: [GC [PSYoungGen: 147070K->730K(143872K)] 343732K->197432K(830848K), 0.0036120 secs] [Times: user=0.02 sys=0.00, real=0.01 secs] 
2014-07-08T06:59:47.794+0000: 832.884: [GC [PSYoungGen: 143834K->1442K(173248K)] 340536K->198184K(860224K), 0.0090270 secs] [Times: user=0.05 sys=0.00, real=0.01 secs] 
2014-07-08T06:59:48.374+0000: 833.464: [GC [PSYoungGen: 173218K->776K(169216K)] 369960K->197590K(856192K), 0.0030750 secs] [Times: user=0.01 sys=0.00, real=0.01 secs] 
2014-07-08T06:59:49.030+0000: 834.120: [GC [PSYoungGen: 169160K->1458K(203584K)] 365974K->198344K(890560K), 0.0175700 secs] [Times: user=0.11 sys=0.00, real=0.02 secs] 
2014-07-08T06:59:49.748+0000: 834.838: [GC [PSYoungGen: 203570K->1456K(244032K)] 400456K->198406K(931008K), 0.0151960 secs] [Times: user=0.09 sys=0.00, real=0.01 secs] 
2014-07-08T06:59:50.515+0000: 835.605: [GC [PSYoungGen: 244016K->840K(260864K)] 440966K->197870K(947840K), 0.0067950 secs] [Times: user=0.04 sys=0.01, real=0.00 secs] 
2014-07-08T06:59:51.421+0000: 836.511: [GC [PSYoungGen: 260744K->840K(261888K)] 457774K->197982K(948864K), 0.0046640 secs] [Times: user=0.03 sys=0.01, real=0.01 secs] 
2014-07-08T06:59:52.322+0000: 837.412: [GC [PSYoungGen: 260727K->1264K(313856K)] 457869K->198478K(1000832K), 0.0056110 secs] [Times: user=0.03 sys=0.00, real=0.01 secs] 
2014-07-08T06:59:53.437+0000: 838.527: [GC [PSYoungGen: 313200K->1018K(304448K)] 510414K->198288K(991424K), 0.0043630 secs] [Times: user=0.02 sys=0.00, real=0.00 secs] 
2014-07-08T06:59:54.484+0000: 839.574: [GC [PSYoungGen: 304442K->950K(296192K)] 501712K->198348K(983168K), 0.0050950 secs] [Times: user=0.04 sys=0.00, real=0.01 secs] 
2014-07-08T06:59:55.559+0000: 840.650: [GC [PSYoungGen: 296161K->854K(288256K)] 493559K->198356K(975232K), 0.0029610 secs] [Times: user=0.02 sys=0.01, real=0.00 secs] 
2014-07-08T06:59:56.511+0000: 841.601: [GC [PSYoungGen: 288214K->1068K(280896K)] 485716K->198618K(967872K), 0.0059780 secs] [Times: user=0.04 sys=0.00, real=0.01 secs] 
2014-07-08T06:59:57.480+0000: 842.570: [GC [PSYoungGen: 280836K->1078K(273664K)] 478387K->198700K(960640K), 0.0033490 secs] [Times: user=0.02 sys=0.00, real=0.00 secs] 
2014-07-08T06:59:58.435+0000: 843.525: [GC [PSYoungGen: 273654K->1004K(266624K)] 471276K->198682K(953600K), 0.0033990 secs] [Times: user=0.02 sys=0.00, real=0.01 secs] 
2014-07-08T06:59:59.357+0000: 844.447: [GC [PSYoungGen: 266604K->944K(259840K)] 464282K->198670K(946816K), 0.0046970 secs] [Times: user=0.03 sys=0.01, real=0.00 secs] 
2014-07-08T07:00:00.247+0000: 845.337: [GC [PSYoungGen: 259801K->926K(253376K)] 457527K->198724K(940352K), 0.0059200 secs] [Times: user=0.04 sys=0.01, real=0.00 secs] 
2014-07-08T07:00:01.221+0000: 846.311: [GC [PSYoungGen: 253324K->1353K(247616K)] 451122K->199199K(934592K), 0.0069510 secs] [Times: user=0.04 sys=0.00, real=0.01 secs] 
2014-07-08T07:00:02.000+0000: 847.091: [GC [PSYoungGen: 247552K->748K(241024K)] 445398K->198706K(928000K), 0.0043300 secs] [Times: user=0.02 sys=0.00, real=0.00 secs] 
2014-07-08T07:00:02.817+0000: 847.907: [GC [PSYoungGen: 241004K->1566K(236096K)] 438962K->199580K(923072K), 0.0084880 secs] [Times: user=0.04 sys=0.00, real=0.00 secs] 
2014-07-08T07:00:03.627+0000: 848.717: [GC [PSYoungGen: 236030K->894K(229824K)] 434044K->199032K(916800K), 0.0098730 secs] [Times: user=0.05 sys=0.00, real=0.01 secs] 
2014-07-08T07:00:04.422+0000: 849.512: [GC [PSYoungGen: 229822K->812K(224384K)] 427960K->198998K(911360K), 0.0055830 secs] [Times: user=0.03 sys=0.00, real=0.01 secs] 
2014-07-08T07:00:05.223+0000: 850.313: [GC [PSYoungGen: 224364K->790K(219200K)] 422550K->199040K(906176K), 0.0083340 secs] [Times: user=0.05 sys=0.00, real=0.01 secs] 
2014-07-08T07:00:05.995+0000: 851.085: [GC [PSYoungGen: 219158K->1408K(214848K)] 417408K->199739K(901824K), 0.0068380 secs] [Times: user=0.04 sys=0.00, real=0.01 secs] 
2014-07-08T07:00:06.704+0000: 851.794: [GC [PSYoungGen: 214748K->932K(209536K)] 413078K->199310K(896512K), 0.0033710 secs] [Times: user=0.02 sys=0.01, real=0.00 secs] 
2014-07-08T07:00:07.496+0000: 852.586: [GC [PSYoungGen: 209508K->740K(204736K)] 407886K->199206K(891712K), 0.0052700 secs] [Times: user=0.02 sys=0.00, real=0.01 secs] 
2014-07-08T07:00:08.213+0000: 853.303: [GC [PSYoungGen: 204708K->1060K(200576K)] 403174K->199590K(887552K), 0.0074690 secs] [Times: user=0.04 sys=0.00, real=0.01 secs] 
2014-07-08T07:00:08.870+0000: 853.960: [GC [PSYoungGen: 200548K->1488K(196736K)] 399078K->200091K(883712K), 0.0038030 secs] [Times: user=0.01 sys=0.00, real=0.00 secs] 
2014-07-08T07:00:09.536+0000: 854.626: [GC [PSYoungGen: 196688K->762K(191808K)] 395291K->199776K(878784K), 0.0054370 secs] [Times: user=0.02 sys=0.00, real=0.01 secs] 
2014-07-08T07:00:10.183+0000: 855.274: [GC [PSYoungGen: 191770K->1481K(188544K)] 390785K->200568K(875520K), 0.0099820 secs] [Times: user=0.07 sys=0.01, real=0.01 secs] 
2014-07-08T07:00:10.844+0000: 855.934: [GC [PSYoungGen: 188489K->1192K(184320K)] 387576K->200853K(871296K), 0.0051580 secs] [Times: user=0.03 sys=0.01, real=0.01 secs] 
2014-07-08T07:00:11.459+0000: 856.549: [GC [PSYoungGen: 184296K->1008K(180352K)] 383957K->200772K(867328K), 0.0032470 secs] [Times: user=0.01 sys=0.00, real=0.00 secs] 
2014-07-08T07:00:12.102+0000: 857.192: [GC [PSYoungGen: 180336K->1128K(216384K)] 380100K->201007K(903360K), 0.0137910 secs] [Times: user=0.08 sys=0.00, real=0.01 secs] 
2014-07-08T07:00:12.854+0000: 857.945: [GC [PSYoungGen: 216360K->1330K(259648K)] 416239K->201273K(946624K), 0.0058120 secs] [Times: user=0.03 sys=0.00, real=0.01 secs] 
2014-07-08T07:00:13.733+0000: 858.823: [GC [PSYoungGen: 259634K->908K(252800K)] 459577K->200930K(939776K), 0.0061650 secs] [Times: user=0.04 sys=0.00, real=0.01 secs] 
2014-07-08T07:00:14.613+0000: 859.703: [GC [PSYoungGen: 252748K->808K(246464K)] 452770K->200910K(933440K), 0.0047740 secs] [Times: user=0.03 sys=0.00, real=0.00 secs] 
2014-07-08T07:00:15.468+0000: 860.558: [GC [PSYoungGen: 246440K->996K(240704K)] 446542K->201211K(927680K), 0.0052620 secs] [Times: user=0.04 sys=0.00, real=0.01 secs] 
2014-07-08T07:00:16.313+0000: 861.404: [GC [PSYoungGen: 240633K->858K(234816K)] 440847K->201160K(921792K), 0.0032570 secs] [Times: user=0.01 sys=0.01, real=0.00 secs] 
2014-07-08T07:00:17.162+0000: 862.253: [GC [PSYoungGen: 234778K->758K(229184K)] 435080K->201124K(916160K), 0.0043190 secs] [Times: user=0.03 sys=0.00, real=0.00 secs] 
2014-07-08T07:00:17.950+0000: 863.040: [GC [PSYoungGen: 229174K->1050K(224192K)] 429540K->201504K(911168K), 0.0048680 secs] [Times: user=0.03 sys=0.00, real=0.00 secs] 
2014-07-08T07:00:18.717+0000: 863.807: [GC [PSYoungGen: 224120K->1424K(219456K)] 424575K->201942K(906432K), 0.0068780 secs] [Times: user=0.03 sys=0.00, real=0.01 secs] 
2014-07-08T07:00:19.497+0000: 864.588: [GC [PSYoungGen: 219408K->826K(213824K)] 419926K->201400K(900800K), 0.0087700 secs] [Times: user=0.04 sys=0.00, real=0.01 secs] 
2014-07-08T07:00:20.239+0000: 865.329: [GC [PSYoungGen: 213789K->812K(209024K)] 414364K->201442K(896000K), 0.0053650 secs] [Times: user=0.03 sys=0.01, real=0.01 secs] 
2014-07-08T07:00:20.994+0000: 866.084: [GC [PSYoungGen: 209000K->1182K(204800K)] 409631K->201844K(891776K), 0.0131090 secs] [Times: user=0.07 sys=0.01, real=0.01 secs] 
2014-07-08T07:00:21.663+0000: 866.753: [GC [PSYoungGen: 204766K->1118K(200256K)] 405428K->201852K(887232K), 0.0035730 secs] [Times: user=0.02 sys=0.00, real=0.00 secs] 
2014-07-08T07:00:22.341+0000: 867.431: [GC [PSYoungGen: 200222K->712K(195584K)] 400956K->201510K(882560K), 0.0037370 secs] [Times: user=0.01 sys=0.00, real=0.00 secs] 
2014-07-08T07:00:23.048+0000: 868.139: [GC [PSYoungGen: 195517K->1274K(191936K)] 396315K->202128K(878912K), 0.0069590 secs] [Times: user=0.04 sys=0.00, real=0.01 secs] 
2014-07-08T07:00:23.682+0000: 868.772: [GC [PSYoungGen: 191873K->993K(187648K)] 392727K->201919K(874624K), 0.0059630 secs] [Times: user=0.03 sys=0.00, real=0.00 secs] 
2014-07-08T07:00:24.331+0000: 869.422: [GC [PSYoungGen: 187617K->882K(183616K)] 388543K->201873K(870592K), 0.0055480 secs] [Times: user=0.03 sys=0.00, real=0.00 secs] 
2014-07-08T07:00:25.108+0000: 870.199: [GC [PSYoungGen: 183594K->1384K(180352K)] 384585K->202438K(867328K), 0.0062690 secs] [Times: user=0.04 sys=0.00, real=0.01 secs] 
2014-07-08T07:00:25.655+0000: 870.745: [GC [PSYoungGen: 180273K->940K(176256K)] 381328K->202058K(863232K), 0.0035790 secs] [Times: user=0.02 sys=0.01, real=0.00 secs] 
2014-07-08T07:00:26.314+0000: 871.404: [GC [PSYoungGen: 176236K->890K(172672K)] 377354K->202064K(859648K), 0.0055110 secs] [Times: user=0.03 sys=0.00, real=0.00 secs] 
2014-07-08T07:00:26.843+0000: 871.933: [GC [PSYoungGen: 172666K->1346K(169792K)] 373840K->202600K(856768K), 0.0059860 secs] [Times: user=0.03 sys=0.00, real=0.00 secs] 
2014-07-08T07:00:27.408+0000: 872.498: [GC [PSYoungGen: 169730K->876K(203008K)] 370984K->202154K(889984K), 0.0095950 secs] [Times: user=0.06 sys=0.00, real=0.01 secs] 
2014-07-08T07:00:28.163+0000: 873.253: [GC [PSYoungGen: 202970K->1057K(198784K)] 404249K->202694K(885760K), 0.0042250 secs] [Times: user=0.02 sys=0.00, real=0.00 secs] 
2014-07-08T07:00:28.804+0000: 873.894: [GC [PSYoungGen: 198753K->1394K(194816K)] 400390K->203095K(881792K), 0.0070330 secs] [Times: user=0.04 sys=0.00, real=0.01 secs] 
2014-07-08T07:00:29.460+0000: 874.550: [GC [PSYoungGen: 194781K->812K(232960K)] 396482K->202700K(919936K), 0.0089690 secs] [Times: user=0.05 sys=0.00, real=0.01 secs] 
2014-07-08T07:00:30.283+0000: 875.373: [GC [PSYoungGen: 232940K->890K(279488K)] 434828K->202858K(966464K), 0.0072470 secs] [Times: user=0.05 sys=0.00, real=0.00 secs] 
2014-07-08T07:00:31.276+0000: 876.366: [GC [PSYoungGen: 279482K->1022K(272384K)] 481450K->203062K(959360K), 0.0059530 secs] [Times: user=0.04 sys=0.00, real=0.01 secs] 
2014-07-08T07:00:32.177+0000: 877.267: [GC [PSYoungGen: 272382K->876K(265344K)] 474422K->202964K(952320K), 0.0071170 secs] [Times: user=0.04 sys=0.00, real=0.01 secs] 
2014-07-08T07:00:33.134+0000: 878.225: [GC [PSYoungGen: 265278K->1445K(259264K)] 467367K->203919K(946240K), 0.0096980 secs] [Times: user=0.06 sys=0.00, real=0.01 secs] 
2014-07-08T07:00:34.008+0000: 879.098: [GC [PSYoungGen: 259237K->1400K(252800K)] 461711K->203969K(939776K), 0.0035930 secs] [Times: user=0.02 sys=0.00, real=0.00 secs] 
2014-07-08T07:00:34.859+0000: 879.949: [GC [PSYoungGen: 252792K->996K(246272K)] 455361K->203629K(933248K), 0.0083190 secs] [Times: user=0.04 sys=0.00, real=0.01 secs] 
2014-07-08T07:00:35.698+0000: 880.788: [GC [PSYoungGen: 246244K->912K(240256K)] 448877K->203601K(927232K), 0.0055730 secs] [Times: user=0.03 sys=0.00, real=0.01 secs] 
2014-07-08T07:00:36.556+0000: 881.646: [GC [PSYoungGen: 240208K->840K(234432K)] 442897K->203651K(921408K), 0.0055380 secs] [Times: user=0.02 sys=0.00, real=0.00 secs] 
2014-07-08T07:00:37.345+0000: 882.435: [GC [PSYoungGen: 234376K->990K(229056K)] 437187K->203865K(916032K), 0.0047640 secs] [Times: user=0.03 sys=0.00, real=0.00 secs] 
2014-07-08T07:00:38.160+0000: 883.250: [GC [PSYoungGen: 229022K->1200K(223936K)] 431897K->204163K(910912K), 0.0049760 secs] [Times: user=0.03 sys=0.00, real=0.01 secs] 
2014-07-08T07:00:38.948+0000: 884.038: [GC [PSYoungGen: 223920K->1288K(218944K)] 426883K->204331K(905920K), 0.0045920 secs] [Times: user=0.02 sys=0.00, real=0.00 secs] 
2014-07-08T07:00:39.678+0000: 884.769: [GC [PSYoungGen: 218869K->912K(213632K)] 421912K->204019K(900608K), 0.0036240 secs] [Times: user=0.02 sys=0.00, real=0.00 secs] 
2014-07-08T07:00:40.416+0000: 885.507: [GC [PSYoungGen: 213584K->1040K(208960K)] 416691K->204219K(895936K), 0.0065270 secs] [Times: user=0.04 sys=0.00, real=0.01 secs] 
2014-07-08T07:00:41.147+0000: 886.237: [GC [PSYoungGen: 208911K->968K(204288K)] 412090K->204211K(891264K), 0.0073430 secs] [Times: user=0.04 sys=0.00, real=0.01 secs] 
2014-07-08T07:00:41.864+0000: 886.954: [GC [PSYoungGen: 204232K->1264K(200064K)] 407475K->204571K(887040K), 0.0078200 secs] [Times: user=0.03 sys=0.00, real=0.00 secs] 
2014-07-08T07:00:42.593+0000: 887.683: [GC [PSYoungGen: 200048K->936K(195456K)] 403355K->204307K(882432K), 0.0036310 secs] [Times: user=0.02 sys=0.00, real=0.01 secs] 
2014-07-08T07:00:43.221+0000: 888.312: [GC [PSYoungGen: 195432K->1409K(191808K)] 398803K->204836K(878784K), 0.0044450 secs] [Times: user=0.02 sys=0.00, real=0.01 secs] 
2014-07-08T07:00:43.943+0000: 889.034: [GC [PSYoungGen: 191745K->822K(187136K)] 395172K->204411K(874112K), 0.0038700 secs] [Times: user=0.02 sys=0.00, real=0.00 secs] 
2014-07-08T07:00:44.549+0000: 889.639: [GC [PSYoungGen: 187126K->1136K(183552K)] 390715K->204805K(870528K), 0.0072840 secs] [Times: user=0.04 sys=0.00, real=0.01 secs] 
2014-07-08T07:00:45.182+0000: 890.272: [GC [PSYoungGen: 183536K->744K(179392K)] 387205K->204527K(866368K), 0.0076220 secs] [Times: user=0.05 sys=0.00, real=0.01 secs] 
2014-07-08T07:00:45.804+0000: 890.894: [GC [PSYoungGen: 179312K->908K(215360K)] 383096K->204715K(902336K), 0.0109260 secs] [Times: user=0.05 sys=0.01, real=0.02 secs] 
2014-07-08T07:00:46.538+0000: 891.628: [GC [PSYoungGen: 215308K->840K(210432K)] 419115K->204727K(897408K), 0.0046670 secs] [Times: user=0.02 sys=0.00, real=0.00 secs] 
2014-07-08T07:00:47.271+0000: 892.361: [GC [PSYoungGen: 210376K->922K(205824K)] 414263K->204873K(892800K), 0.0040050 secs] [Times: user=0.02 sys=0.00, real=0.01 secs] 
2014-07-08T07:00:48.002+0000: 893.093: [GC [PSYoungGen: 205736K->1278K(201664K)] 409687K->205301K(888640K), 0.0065990 secs] [Times: user=0.04 sys=0.00, real=0.01 secs] 
2014-07-08T07:00:48.773+0000: 893.863: [GC [PSYoungGen: 201658K->1218K(241792K)] 405682K->205265K(928768K), 0.0147840 secs] [Times: user=0.07 sys=0.00, real=0.02 secs] 
2014-07-08T07:00:49.535+0000: 894.625: [GC [PSYoungGen: 241730K->684K(235456K)] 445777K->204997K(922432K), 0.0031660 secs] [Times: user=0.01 sys=0.00, real=0.00 secs] 
2014-07-08T07:00:50.337+0000: 895.428: [GC [PSYoungGen: 235436K->1100K(230336K)] 439749K->205469K(917312K), 0.0064030 secs] [Times: user=0.04 sys=0.00, real=0.00 secs] 
2014-07-08T07:00:51.135+0000: 896.225: [GC [PSYoungGen: 230247K->890K(224704K)] 434617K->205579K(911680K), 0.0080860 secs] [Times: user=0.05 sys=0.00, real=0.00 secs] 
2014-07-08T07:00:51.932+0000: 897.022: [GC [PSYoungGen: 224698K->1114K(219776K)] 429387K->205875K(906752K), 0.0046020 secs] [Times: user=0.02 sys=0.00, real=0.01 secs] 
2014-07-08T07:00:52.663+0000: 897.753: [GC [PSYoungGen: 219738K->1075K(214720K)] 424499K->205940K(901696K), 0.0068730 secs] [Times: user=0.04 sys=0.00, real=0.01 secs] 
2014-07-08T07:00:53.399+0000: 898.489: [GC [PSYoungGen: 214705K->908K(209792K)] 419571K->205853K(896768K), 0.0053540 secs] [Times: user=0.02 sys=0.01, real=0.00 secs] 
2014-07-08T07:00:54.269+0000: 899.360: [GC [PSYoungGen: 209740K->1074K(205248K)] 414685K->206179K(892224K), 0.0070090 secs] [Times: user=0.05 sys=0.00, real=0.01 secs] 
2014-07-08T07:00:54.865+0000: 899.955: [GC [PSYoungGen: 205233K->1374K(201088K)] 410338K->206559K(888064K), 0.0037670 secs] [Times: user=0.02 sys=0.00, real=0.01 secs] 
2014-07-08T07:00:55.514+0000: 900.604: [GC [PSYoungGen: 201048K->634K(195968K)] 406234K->206055K(882944K), 0.0047580 secs] [Times: user=0.03 sys=0.00, real=0.01 secs] 
2014-07-08T07:00:56.198+0000: 901.288: [GC [PSYoungGen: 195962K->954K(192128K)] 401383K->206471K(879104K), 0.0048240 secs] [Times: user=0.03 sys=0.00, real=0.00 secs] 
2014-07-08T07:00:56.889+0000: 901.979: [GC [PSYoungGen: 192122K->1352K(188544K)] 397639K->206958K(875520K), 0.0036730 secs] [Times: user=0.02 sys=0.00, real=0.00 secs] 
2014-07-08T07:00:57.509+0000: 902.599: [GC [PSYoungGen: 188488K->1008K(184256K)] 394094K->206685K(871232K), 0.0079850 secs] [Times: user=0.04 sys=0.00, real=0.01 secs] 
2014-07-08T07:00:58.177+0000: 903.267: [GC [PSYoungGen: 184204K->812K(180288K)] 389882K->206635K(867264K), 0.0026240 secs] [Times: user=0.02 sys=0.00, real=0.00 secs] 
2014-07-08T07:00:58.770+0000: 903.860: [GC [PSYoungGen: 180268K->1032K(176896K)] 386091K->206912K(863872K), 0.0040150 secs] [Times: user=0.02 sys=0.00, real=0.00 secs] 
2014-07-08T07:00:59.371+0000: 904.461: [GC [PSYoungGen: 176840K->680K(172992K)] 382720K->206607K(859968K), 0.0030350 secs] [Times: user=0.01 sys=0.00, real=0.00 secs] 
2014-07-08T07:01:00.019+0000: 905.109: [GC [PSYoungGen: 172968K->1326K(170240K)] 378895K->207293K(857216K), 0.0125340 secs] [Times: user=0.07 sys=0.01, real=0.01 secs] 
2014-07-08T07:01:00.637+0000: 905.727: [GC [PSYoungGen: 170222K->972K(166592K)] 376189K->206995K(853568K), 0.0044090 secs] [Times: user=0.03 sys=0.00, real=0.00 secs] 
2014-07-08T07:01:01.243+0000: 906.333: [GC [PSYoungGen: 166540K->954K(163328K)] 372563K->207041K(850304K), 0.0041640 secs] [Times: user=0.02 sys=0.01, real=0.01 secs] 
2014-07-08T07:01:01.714+0000: 906.804: [GC [PSYoungGen: 163322K->872K(160128K)] 369409K->207039K(847104K), 0.0045610 secs] [Times: user=0.03 sys=0.00, real=0.01 secs] 
2014-07-08T07:01:02.271+0000: 907.361: [GC [PSYoungGen: 160104K->886K(157120K)] 366271K->207157K(844096K), 0.0058680 secs] [Times: user=0.04 sys=0.00, real=0.01 secs] 
2014-07-08T07:01:02.829+0000: 907.919: [GC [PSYoungGen: 157079K->1333K(154624K)] 363351K->208101K(841600K), 0.0068370 secs] [Times: user=0.04 sys=0.00, real=0.01 secs] 
2014-07-08T07:01:03.363+0000: 908.454: [GC [PSYoungGen: 154568K->908K(151424K)] 361336K->207756K(838400K), 0.0041100 secs] [Times: user=0.03 sys=0.00, real=0.01 secs] 
2014-07-08T07:01:04.066+0000: 909.156: [GC [PSYoungGen: 151372K->1184K(148928K)] 358220K->208232K(835904K), 0.0035080 secs] [Times: user=0.02 sys=0.00, real=0.00 secs] 
2014-07-08T07:01:04.427+0000: 909.517: [GC [PSYoungGen: 148896K->840K(145920K)] 355944K->207976K(832896K), 0.0032300 secs] [Times: user=0.02 sys=0.00, real=0.00 secs] 
2014-07-08T07:01:04.910+0000: 910.000: [GC [PSYoungGen: 145864K->1182K(143680K)] 353000K->208366K(830656K), 0.0063490 secs] [Times: user=0.04 sys=0.00, real=0.00 secs] 
2014-07-08T07:01:05.374+0000: 910.464: [GC [PSYoungGen: 143621K->944K(140928K)] 350805K->208200K(827904K), 0.0057700 secs] [Times: user=0.04 sys=0.00, real=0.01 secs] 
2014-07-08T07:01:05.926+0000: 911.016: [GC [PSYoungGen: 140912K->1192K(169216K)] 348168K->208496K(856192K), 0.0097430 secs] [Times: user=0.06 sys=0.00, real=0.01 secs] 
2014-07-08T07:01:06.455+0000: 911.545: [GC [PSYoungGen: 169192K->964K(202624K)] 376496K->208340K(889600K), 0.0057030 secs] [Times: user=0.04 sys=0.00, real=0.01 secs] 
2014-07-08T07:01:07.141+0000: 912.231: [GC [PSYoungGen: 202564K->762K(242688K)] 409940K->208194K(929664K), 0.0074280 secs] [Times: user=0.05 sys=0.00, real=0.01 secs] 
2014-07-08T07:01:08.027+0000: 913.117: [GC [PSYoungGen: 242682K->1188K(237312K)] 450114K->208668K(924288K), 0.0032900 secs] [Times: user=0.02 sys=0.00, real=0.01 secs] 
2014-07-08T07:01:08.831+0000: 913.922: [GC [PSYoungGen: 237284K->1381K(231872K)] 444764K->208925K(918848K), 0.0038750 secs] [Times: user=0.02 sys=0.00, real=0.00 secs] 
2014-07-08T07:01:09.615+0000: 914.705: [GC [PSYoungGen: 231844K->662K(225792K)] 439388K->208270K(912768K), 0.0069330 secs] [Times: user=0.05 sys=0.00, real=0.01 secs] 
2014-07-08T07:01:10.416+0000: 915.506: [GC [PSYoungGen: 225750K->794K(220736K)] 433358K->208450K(907712K), 0.0032970 secs] [Times: user=0.01 sys=0.01, real=0.01 secs] 
2014-07-08T07:01:11.270+0000: 916.360: [GC [PSYoungGen: 220661K->1054K(215936K)] 428317K->208758K(902912K), 0.0036420 secs] [Times: user=0.01 sys=0.00, real=0.00 secs] 
2014-07-08T07:01:11.932+0000: 917.022: [GC [PSYoungGen: 215902K->1254K(211264K)] 423606K->209014K(898240K), 0.0081130 secs] [Times: user=0.06 sys=0.00, real=0.01 secs] 
2014-07-08T07:01:12.637+0000: 917.727: [GC [PSYoungGen: 211217K->958K(206272K)] 418977K->208790K(893248K), 0.0029200 secs] [Times: user=0.02 sys=0.00, real=0.01 secs] 
2014-07-08T07:01:13.339+0000: 918.429: [GC [PSYoungGen: 206270K->872K(201664K)] 414102K->208792K(888640K), 0.0072430 secs] [Times: user=0.04 sys=0.01, real=0.00 secs] 
2014-07-08T07:01:14.160+0000: 919.250: [GC [PSYoungGen: 201640K->1018K(197440K)] 409560K->208970K(884416K), 0.0054960 secs] [Times: user=0.02 sys=0.01, real=0.00 secs] 
2014-07-08T07:01:14.718+0000: 919.808: [GC [PSYoungGen: 197434K->922K(193152K)] 405386K->208938K(880128K), 0.0041460 secs] [Times: user=0.03 sys=0.00, real=0.01 secs] 
2014-07-08T07:01:15.393+0000: 920.483: [GC [PSYoungGen: 193114K->694K(188800K)] 401130K->208790K(875776K), 0.0039820 secs] [Times: user=0.02 sys=0.00, real=0.00 secs] 
2014-07-08T07:01:16.099+0000: 921.189: [GC [PSYoungGen: 188790K->1186K(185408K)] 396886K->209338K(872384K), 0.0074460 secs] [Times: user=0.05 sys=0.01, real=0.00 secs] 
2014-07-08T07:01:16.684+0000: 921.774: [GC [PSYoungGen: 185378K->900K(181376K)] 393530K->209124K(868352K), 0.0076630 secs] [Times: user=0.04 sys=0.00, real=0.01 secs] 
2014-07-08T07:01:17.390+0000: 922.481: [GC [PSYoungGen: 181316K->936K(177664K)] 389540K->209516K(864640K), 0.0048720 secs] [Times: user=0.03 sys=0.00, real=0.00 secs] 
2014-07-08T07:01:17.954+0000: 923.045: [GC [PSYoungGen: 177640K->976K(174144K)] 386220K->209596K(861120K), 0.0050300 secs] [Times: user=0.02 sys=0.00, real=0.01 secs] 
2014-07-08T07:01:18.529+0000: 923.619: [GC [PSYoungGen: 174096K->798K(208576K)] 382716K->209598K(895552K), 0.0098140 secs] [Times: user=0.05 sys=0.00, real=0.01 secs] 
2014-07-08T07:01:19.281+0000: 924.372: [GC [PSYoungGen: 208542K->968K(204160K)] 417342K->209840K(891136K), 0.0035800 secs] [Times: user=0.02 sys=0.00, real=0.00 secs] 
2014-07-08T07:01:19.950+0000: 925.040: [GC [PSYoungGen: 204104K->1028K(199808K)] 412976K->209980K(886784K), 0.0033130 secs] [Times: user=0.02 sys=0.00, real=0.00 secs] 
2014-07-08T07:01:20.632+0000: 925.722: [GC [PSYoungGen: 199748K->808K(195264K)] 408700K->209848K(882240K), 0.0049600 secs] [Times: user=0.03 sys=0.00, real=0.00 secs] 
2014-07-08T07:01:21.302+0000: 926.392: [GC [PSYoungGen: 195240K->908K(191232K)] 404280K->210028K(878208K), 0.0066620 secs] [Times: user=0.05 sys=0.00, real=0.01 secs] 
2014-07-08T07:01:22.021+0000: 927.111: [GC [PSYoungGen: 191180K->1146K(187392K)] 400300K->210322K(874368K), 0.0081010 secs] [Times: user=0.05 sys=0.01, real=0.01 secs] 
2014-07-08T07:01:22.626+0000: 927.716: [GC [PSYoungGen: 187386K->762K(183104K)] 396562K->210026K(870080K), 0.0043030 secs] [Times: user=0.02 sys=0.00, real=0.01 secs] 
2014-07-08T07:01:23.353+0000: 928.443: [GC [PSYoungGen: 183098K->1296K(179904K)] 392362K->210680K(866880K), 0.0039540 secs] [Times: user=0.02 sys=0.00, real=0.00 secs] 
2014-07-08T07:01:23.893+0000: 928.983: [GC [PSYoungGen: 179845K->750K(175680K)] 389229K->210732K(862656K), 0.0035740 secs] [Times: user=0.02 sys=0.00, real=0.00 secs] 
2014-07-08T07:01:24.481+0000: 929.571: [GC [PSYoungGen: 175662K->1040K(172480K)] 385644K->211126K(859456K), 0.0044200 secs] [Times: user=0.02 sys=0.00, real=0.00 secs] 
2014-07-08T07:01:25.120+0000: 930.210: [GC [PSYoungGen: 172431K->1256K(169280K)] 382517K->211686K(856256K), 0.0065610 secs] [Times: user=0.02 sys=0.01, real=0.00 secs] 
2014-07-08T07:01:25.671+0000: 930.761: [GC [PSYoungGen: 169256K->1160K(165952K)] 379686K->211670K(852928K), 0.0032190 secs] [Times: user=0.01 sys=0.00, real=0.00 secs] 
2014-07-08T07:01:26.264+0000: 931.354: [GC [PSYoungGen: 165891K->612K(162176K)] 376402K->211582K(849152K), 0.0085560 secs] [Times: user=0.06 sys=0.01, real=0.01 secs] 
2014-07-08T07:01:26.802+0000: 931.892: [GC [PSYoungGen: 162148K->1454K(195328K)] 373118K->212538K(882304K), 0.0130490 secs] [Times: user=0.08 sys=0.00, real=0.01 secs] 
2014-07-08T07:01:27.477+0000: 932.567: [GC [PSYoungGen: 195308K->844K(233536K)] 406393K->212296K(920512K), 0.0027700 secs] [Times: user=0.01 sys=0.00, real=0.00 secs] 
2014-07-08T07:01:28.274+0000: 933.364: [GC [PSYoungGen: 233388K->1026K(228224K)] 444841K->212542K(915200K), 0.0055230 secs] [Times: user=0.04 sys=0.00, real=0.00 secs] 
2014-07-08T07:01:29.247+0000: 934.337: [GC [PSYoungGen: 228162K->1128K(222976K)] 439678K->212700K(909952K), 0.0068040 secs] [Times: user=0.04 sys=0.00, real=0.01 secs] 
2014-07-08T07:01:29.835+0000: 934.925: [GC [PSYoungGen: 222916K->958K(217664K)] 434489K->212578K(904640K), 0.0074870 secs] [Times: user=0.05 sys=0.00, real=0.01 secs] 
2014-07-08T07:01:30.580+0000: 935.671: [GC [PSYoungGen: 217643K->1122K(212928K)] 429263K->212822K(899904K), 0.0048980 secs] [Times: user=0.03 sys=0.00, real=0.00 secs] 
2014-07-08T07:01:31.309+0000: 936.399: [GC [PSYoungGen: 212898K->1014K(208064K)] 424598K->212794K(895040K), 0.0069180 secs] [Times: user=0.05 sys=0.00, real=0.01 secs] 
2014-07-08T07:01:32.075+0000: 937.165: [GC [PSYoungGen: 208054K->1064K(203520K)] 419834K->213053K(890496K), 0.0057930 secs] [Times: user=0.03 sys=0.00, real=0.01 secs] 
2014-07-08T07:01:32.723+0000: 937.813: [GC [PSYoungGen: 203496K->976K(199040K)] 415485K->213028K(886016K), 0.0047160 secs] [Times: user=0.02 sys=0.00, real=0.00 secs] 
2014-07-08T07:01:33.409+0000: 938.500: [GC [PSYoungGen: 198991K->840K(194624K)] 411043K->213096K(881600K), 0.0059490 secs] [Times: user=0.04 sys=0.00, real=0.01 secs] 
2014-07-08T07:01:34.094+0000: 939.184: [GC [PSYoungGen: 194568K->1014K(190656K)] 406824K->213334K(877632K), 0.0033920 secs] [Times: user=0.02 sys=0.00, real=0.00 secs] 
2014-07-08T07:01:34.865+0000: 939.955: [GC [PSYoungGen: 190646K->1212K(186880K)] 402966K->213793K(873856K), 0.0043030 secs] [Times: user=0.02 sys=0.01, real=0.00 secs] 
2014-07-08T07:01:35.478+0000: 940.568: [GC [PSYoungGen: 186876K->886K(182720K)] 399457K->213570K(869696K), 0.0039490 secs] [Times: user=0.02 sys=0.00, real=0.01 secs] 
2014-07-08T07:01:36.092+0000: 941.182: [GC [PSYoungGen: 182710K->1138K(179264K)] 395394K->214193K(866240K), 0.0039720 secs] [Times: user=0.02 sys=0.00, real=0.00 secs] 
2014-07-08T07:01:36.676+0000: 941.766: [GC [PSYoungGen: 179249K->1090K(175680K)] 392303K->214208K(862656K), 0.0071750 secs] [Times: user=0.05 sys=0.00, real=0.01 secs] 
2014-07-08T07:01:37.314+0000: 942.404: [GC [PSYoungGen: 175618K->954K(171968K)] 388736K->214400K(858944K), 0.0042820 secs] [Times: user=0.01 sys=0.01, real=0.00 secs] 
2014-07-08T07:01:37.902+0000: 942.992: [GC [PSYoungGen: 171962K->1050K(168704K)] 385408K->214544K(855680K), 0.0039130 secs] [Times: user=0.02 sys=0.00, real=0.01 secs] 
2014-07-08T07:01:38.474+0000: 943.564: [GC [PSYoungGen: 168666K->982K(165376K)] 382160K->214541K(852352K), 0.0074200 secs] [Times: user=0.04 sys=0.00, real=0.00 secs] 
2014-07-08T07:01:39.061+0000: 944.151: [GC [PSYoungGen: 165334K->1508K(162752K)] 378893K->215163K(849728K), 0.0051420 secs] [Times: user=0.03 sys=0.01, real=0.01 secs] 
2014-07-08T07:01:39.648+0000: 944.738: [GC [PSYoungGen: 162693K->680K(158848K)] 376348K->214847K(845824K), 0.0043000 secs] [Times: user=0.03 sys=0.01, real=0.01 secs] 
2014-07-08T07:01:40.227+0000: 945.317: [GC [PSYoungGen: 158824K->990K(156224K)] 372991K->215271K(843200K), 0.0033230 secs] [Times: user=0.02 sys=0.00, real=0.00 secs] 
2014-07-08T07:01:40.678+0000: 945.768: [GC [PSYoungGen: 156189K->958K(187200K)] 370470K->215493K(874176K), 0.0089170 secs] [Times: user=0.06 sys=0.00, real=0.01 secs] 
2014-07-08T07:01:41.342+0000: 946.433: [GC [PSYoungGen: 187186K->1094K(183488K)] 401721K->215677K(870464K), 0.0032280 secs] [Times: user=0.01 sys=0.00, real=0.00 secs] 
2014-07-08T07:01:42.022+0000: 947.112: [GC [PSYoungGen: 183428K->1078K(179648K)] 398012K->215725K(866624K), 0.0033800 secs] [Times: user=0.02 sys=0.00, real=0.01 secs] 
2014-07-08T07:01:42.600+0000: 947.690: [GC [PSYoungGen: 179638K->1210K(176128K)] 394285K->215945K(863104K), 0.0072960 secs] [Times: user=0.05 sys=0.00, real=0.01 secs] 
2014-07-08T07:01:43.215+0000: 948.305: [GC [PSYoungGen: 176107K->808K(172224K)] 390842K->215663K(859200K), 0.0046280 secs] [Times: user=0.02 sys=0.00, real=0.00 secs] 
2014-07-08T07:01:43.810+0000: 948.900: [GC [PSYoungGen: 172200K->1294K(169344K)] 387055K->216213K(856320K), 0.0075390 secs] [Times: user=0.04 sys=0.00, real=0.01 secs] 
2014-07-08T07:01:44.443+0000: 949.534: [GC [PSYoungGen: 169284K->932K(165696K)] 384203K->215979K(852672K), 0.0052450 secs] [Times: user=0.03 sys=0.00, real=0.00 secs] 
2014-07-08T07:01:45.005+0000: 950.095: [GC [PSYoungGen: 165668K->1412K(163008K)] 380715K->216547K(849984K), 0.0061500 secs] [Times: user=0.04 sys=0.01, real=0.00 secs] 
2014-07-08T07:01:45.567+0000: 950.657: [GC [PSYoungGen: 162948K->680K(159168K)] 378083K->215985K(846144K), 0.0035000 secs] [Times: user=0.01 sys=0.00, real=0.00 secs] 
2014-07-08T07:01:46.142+0000: 951.233: [GC [PSYoungGen: 159130K->1054K(156544K)] 374435K->216415K(843520K), 0.0066140 secs] [Times: user=0.04 sys=0.00, real=0.01 secs] 
2014-07-08T07:01:46.631+0000: 951.721: [GC [PSYoungGen: 156510K->808K(187392K)] 371871K->216249K(874368K), 0.0095630 secs] [Times: user=0.06 sys=0.00, real=0.01 secs] 
2014-07-08T07:01:47.266+0000: 952.357: [GC [PSYoungGen: 187368K->1008K(218176K)] 402809K->216505K(905152K), 0.0066420 secs] [Times: user=0.04 sys=0.00, real=0.01 secs] 
2014-07-08T07:01:48.059+0000: 953.150: [GC [PSYoungGen: 217486K->1167K(212864K)] 432984K->216713K(899840K), 0.0036180 secs] [Times: user=0.02 sys=0.01, real=0.01 secs] 
2014-07-08T07:01:48.767+0000: 953.857: [GC [PSYoungGen: 212774K->1074K(208000K)] 428319K->216691K(894976K), 0.0064830 secs] [Times: user=0.03 sys=0.00, real=0.01 secs] 
2014-07-08T07:01:49.538+0000: 954.628: [GC [PSYoungGen: 207977K->826K(203200K)] 423595K->216897K(890176K), 0.0041740 secs] [Times: user=0.02 sys=0.00, real=0.00 secs] 
2014-07-08T07:01:50.210+0000: 955.300: [GC [PSYoungGen: 203194K->808K(198784K)] 419265K->216935K(885760K), 0.0048000 secs] [Times: user=0.03 sys=0.00, real=0.01 secs] 
2014-07-08T07:01:50.933+0000: 956.023: [GC [PSYoungGen: 198760K->1398K(195072K)] 414887K->217647K(882048K), 0.0095380 secs] [Times: user=0.06 sys=0.00, real=0.01 secs] 
2014-07-08T07:01:51.561+0000: 956.652: [GC [PSYoungGen: 195061K->904K(190528K)] 411310K->217241K(877504K), 0.0060290 secs] [Times: user=0.03 sys=0.00, real=0.01 secs] 
2014-07-08T07:01:52.211+0000: 957.301: [GC [PSYoungGen: 190472K->840K(186496K)] 406809K->217281K(873472K), 0.0046160 secs] [Times: user=0.03 sys=0.00, real=0.01 secs] 
2014-07-08T07:01:52.863+0000: 957.953: [GC [PSYoungGen: 186405K->1264K(183040K)] 402847K->217753K(870016K), 0.0052820 secs] [Times: user=0.02 sys=0.00, real=0.01 secs] 
2014-07-08T07:01:53.484+0000: 958.574: [GC [PSYoungGen: 183024K->662K(178752K)] 399513K->217223K(865728K), 0.0065770 secs] [Times: user=0.04 sys=0.00, real=0.00 secs] 
2014-07-08T07:01:54.108+0000: 959.198: [GC [PSYoungGen: 178710K->904K(175424K)] 395271K->217553K(862400K), 0.0046140 secs] [Times: user=0.03 sys=0.00, real=0.00 secs] 
2014-07-08T07:01:54.713+0000: 959.803: [GC [PSYoungGen: 175344K->1288K(172288K)] 391994K->218018K(859264K), 0.0044830 secs] [Times: user=0.02 sys=0.00, real=0.01 secs] 
2014-07-08T07:01:55.307+0000: 960.397: [GC [PSYoungGen: 172232K->872K(168448K)] 388962K->217673K(855424K), 0.0036900 secs] [Times: user=0.01 sys=0.00, real=0.00 secs] 
2014-07-08T07:01:55.904+0000: 960.994: [GC [PSYoungGen: 168424K->1128K(165440K)] 385225K->218073K(852416K), 0.0083190 secs] [Times: user=0.04 sys=0.00, real=0.00 secs] 
2014-07-08T07:01:56.457+0000: 961.547: [GC [PSYoungGen: 165416K->1022K(162176K)] 382361K->218055K(849152K), 0.0050100 secs] [Times: user=0.03 sys=0.00, real=0.00 secs] 
2014-07-08T07:01:57.126+0000: 962.216: [GC [PSYoungGen: 162174K->1210K(159296K)] 379207K->218509K(846272K), 0.0049190 secs] [Times: user=0.02 sys=0.00, real=0.00 secs] 
2014-07-08T07:01:57.578+0000: 962.668: [GC [PSYoungGen: 159290K->876K(156032K)] 376589K->218231K(843008K), 0.0054950 secs] [Times: user=0.03 sys=0.00, real=0.00 secs] 
2014-07-08T07:01:58.115+0000: 963.205: [GC [PSYoungGen: 155976K->690K(152960K)] 373331K->218199K(839936K), 0.0036080 secs] [Times: user=0.02 sys=0.00, real=0.00 secs] 
2014-07-08T07:01:58.649+0000: 963.740: [GC [PSYoungGen: 152946K->1004K(150464K)] 370455K->218617K(837440K), 0.0034570 secs] [Times: user=0.02 sys=0.00, real=0.00 secs] 
2014-07-08T07:01:59.196+0000: 964.286: [GC [PSYoungGen: 150444K->1128K(147904K)] 368057K->218806K(834880K), 0.0058470 secs] [Times: user=0.04 sys=0.00, real=0.00 secs] 
2014-07-08T07:01:59.704+0000: 964.794: [GC [PSYoungGen: 147880K->1140K(145280K)] 365558K->218873K(832256K), 0.0074530 secs] [Times: user=0.05 sys=0.00, real=0.01 secs] 
2014-07-08T07:02:00.175+0000: 965.265: [GC [PSYoungGen: 145220K->929K(142528K)] 362954K->218742K(829504K), 0.0046200 secs] [Times: user=0.03 sys=0.00, real=0.01 secs] 
2014-07-08T07:02:00.673+0000: 965.763: [GC [PSYoungGen: 142465K->990K(140096K)] 360279K->218883K(827072K), 0.0051380 secs] [Times: user=0.03 sys=0.00, real=0.01 secs] 
2014-07-08T07:02:01.180+0000: 966.270: [GC [PSYoungGen: 140062K->612K(137280K)] 357955K->218569K(824256K), 0.0051710 secs] [Times: user=0.03 sys=0.00, real=0.01 secs] 
2014-07-08T07:02:01.627+0000: 966.717: [GC [PSYoungGen: 137230K->1345K(135744K)] 355187K->219375K(822720K), 0.0041630 secs] [Times: user=0.02 sys=0.00, real=0.00 secs] 
2014-07-08T07:02:02.120+0000: 967.210: [GC [PSYoungGen: 135671K->1086K(162304K)] 353701K->219237K(849280K), 0.0061860 secs] [Times: user=0.04 sys=0.00, real=0.01 secs] 
2014-07-08T07:02:02.653+0000: 967.743: [GC [PSYoungGen: 162302K->808K(194304K)] 380453K->219055K(881280K), 0.0070080 secs] [Times: user=0.03 sys=0.01, real=0.01 secs] 
2014-07-08T07:02:03.383+0000: 968.473: [GC [PSYoungGen: 194280K->1122K(190528K)] 412527K->219465K(877504K), 0.0048550 secs] [Times: user=0.03 sys=0.01, real=0.01 secs] 
2014-07-08T07:02:04.032+0000: 969.122: [GC [PSYoungGen: 190498K->1394K(186816K)] 408841K->219802K(873792K), 0.0038830 secs] [Times: user=0.02 sys=0.00, real=0.00 secs] 
2014-07-08T07:02:04.698+0000: 969.789: [GC [PSYoungGen: 186802K->701K(182272K)] 405210K->219857K(869248K), 0.0057510 secs] [Times: user=0.03 sys=0.00, real=0.00 secs] 
2014-07-08T07:02:05.291+0000: 970.381: [GC [PSYoungGen: 182269K->1304K(179200K)] 401425K->220556K(866176K), 0.0037620 secs] [Times: user=0.02 sys=0.00, real=0.00 secs] 
2014-07-08T07:02:05.906+0000: 970.997: [GC [PSYoungGen: 179130K->1136K(175424K)] 398382K->221030K(862400K), 0.0049180 secs] [Times: user=0.02 sys=0.00, real=0.00 secs] 
2014-07-08T07:02:06.495+0000: 971.586: [GC [PSYoungGen: 175408K->1000K(171840K)] 395302K->220998K(858816K), 0.0039480 secs] [Times: user=0.02 sys=0.00, real=0.01 secs] 
2014-07-08T07:02:07.113+0000: 972.203: [GC [PSYoungGen: 171816K->904K(168384K)] 391814K->220958K(855360K), 0.0043890 secs] [Times: user=0.02 sys=0.00, real=0.01 secs] 
2014-07-08T07:02:07.674+0000: 972.764: [GC [PSYoungGen: 168317K->1044K(165248K)] 388371K->221162K(852224K), 0.0095990 secs] [Times: user=0.06 sys=0.00, real=0.01 secs] 
2014-07-08T07:02:08.238+0000: 973.328: [GC [PSYoungGen: 165204K->1014K(198016K)] 385322K->221212K(884992K), 0.0071340 secs] [Times: user=0.05 sys=0.00, real=0.00 secs] 
2014-07-08T07:02:09.030+0000: 974.120: [GC [PSYoungGen: 198006K->1420K(205184K)] 418204K->221658K(892160K), 0.0077060 secs] [Times: user=0.05 sys=0.00, real=0.01 secs] 
2014-07-08T07:02:09.699+0000: 974.789: [GC [PSYoungGen: 205004K->1248K(200384K)] 425242K->221557K(887360K), 0.0046420 secs] [Times: user=0.02 sys=0.00, real=0.00 secs] 
2014-07-08T07:02:10.381+0000: 975.472: [GC [PSYoungGen: 200352K->1164K(196032K)] 420661K->221554K(883008K), 0.0036570 secs] [Times: user=0.02 sys=0.00, real=0.00 secs] 
2014-07-08T07:02:11.099+0000: 976.189: [GC [PSYoungGen: 195980K->868K(191552K)] 416370K->221468K(878528K), 0.0073260 secs] [Times: user=0.05 sys=0.00, real=0.00 secs] 
2014-07-08T07:02:11.668+0000: 976.758: [GC [PSYoungGen: 191524K->1150K(187776K)] 412124K->221798K(874752K), 0.0038960 secs] [Times: user=0.02 sys=0.00, real=0.00 secs] 
2014-07-08T07:02:12.310+0000: 977.401: [GC [PSYoungGen: 187773K->826K(183552K)] 408421K->221588K(870528K), 0.0038730 secs] [Times: user=0.01 sys=0.00, real=0.00 secs] 
2014-07-08T07:02:12.980+0000: 978.070: [GC [PSYoungGen: 183546K->1510K(180480K)] 404308K->222368K(867456K), 0.0062030 secs] [Times: user=0.04 sys=0.00, real=0.00 secs] 
2014-07-08T07:02:13.561+0000: 978.651: [GC [PSYoungGen: 180454K->765K(176064K)] 401312K->221769K(863040K), 0.0067760 secs] [Times: user=0.04 sys=0.00, real=0.01 secs] 
2014-07-08T07:02:14.192+0000: 979.282: [GC [PSYoungGen: 176061K->872K(172672K)] 397065K->221940K(859648K), 0.0031650 secs] [Times: user=0.02 sys=0.00, real=0.00 secs] 
2014-07-08T07:02:14.846+0000: 979.936: [GC [PSYoungGen: 172648K->1402K(169792K)] 393716K->222534K(856768K), 0.0039200 secs] [Times: user=0.02 sys=0.00, real=0.01 secs] 
2014-07-08T07:02:15.477+0000: 980.567: [GC [PSYoungGen: 169758K->1532K(166656K)] 390890K->222760K(853632K), 0.0045160 secs] [Times: user=0.03 sys=0.00, real=0.01 secs] 
2014-07-08T07:02:16.056+0000: 981.146: [GC [PSYoungGen: 166652K->562K(162496K)] 387880K->222144K(849472K), 0.0032350 secs] [Times: user=0.02 sys=0.01, real=0.01 secs] 
2014-07-08T07:02:16.500+0000: 981.590: [GC [PSYoungGen: 162482K->1036K(159936K)] 384064K->222690K(846912K), 0.0037410 secs] [Times: user=0.02 sys=0.01, real=0.00 secs] 
2014-07-08T07:02:17.101+0000: 982.192: [GC [PSYoungGen: 159845K->1420K(157312K)] 381499K->223400K(844288K), 0.0052550 secs] [Times: user=0.04 sys=0.00, real=0.00 secs] 
2014-07-08T07:02:17.603+0000: 982.693: [GC [PSYoungGen: 157260K->844K(153856K)] 379240K->222904K(840832K), 0.0063990 secs] [Times: user=0.05 sys=0.00, real=0.01 secs] 
2014-07-08T07:02:18.141+0000: 983.232: [GC [PSYoungGen: 153804K->780K(150976K)] 375864K->222880K(837952K), 0.0065860 secs] [Times: user=0.05 sys=0.00, real=0.01 secs] 
2014-07-08T07:02:18.669+0000: 983.759: [GC [PSYoungGen: 150924K->808K(148224K)] 373024K->222996K(835200K), 0.0036680 secs] [Times: user=0.02 sys=0.00, real=0.00 secs] 
2014-07-08T07:02:19.187+0000: 984.277: [GC [PSYoungGen: 148200K->726K(145536K)] 370388K->222978K(832512K), 0.0034780 secs] [Times: user=0.02 sys=0.00, real=0.01 secs] 
2014-07-08T07:02:19.690+0000: 984.780: [GC [PSYoungGen: 145494K->794K(143040K)] 367746K->223110K(830016K), 0.0078970 secs] [Times: user=0.06 sys=0.00, real=0.01 secs] 
2014-07-08T07:02:20.230+0000: 985.320: [GC [PSYoungGen: 143002K->908K(171648K)] 365318K->223280K(858624K), 0.0138890 secs] [Times: user=0.09 sys=0.00, real=0.01 secs] 
2014-07-08T07:02:20.793+0000: 985.883: [GC [PSYoungGen: 171589K->1416K(206336K)] 393961K->223860K(893312K), 0.0072490 secs] [Times: user=0.04 sys=0.00, real=0.01 secs] 
2014-07-08T07:02:21.563+0000: 986.653: [GC [PSYoungGen: 206266K->858K(225344K)] 428710K->223350K(912320K), 0.0048330 secs] [Times: user=0.01 sys=0.01, real=0.00 secs] 
2014-07-08T07:02:22.300+0000: 987.391: [GC [PSYoungGen: 225242K->858K(226112K)] 447734K->223406K(913088K), 0.0095310 secs] [Times: user=0.06 sys=0.00, real=0.01 secs] 
2014-07-08T07:02:23.132+0000: 988.222: [GC [PSYoungGen: 225242K->1374K(270912K)] 447790K->223978K(957888K), 0.0086600 secs] [Times: user=0.06 sys=0.00, real=0.01 secs] 
2014-07-08T07:02:24.031+0000: 989.121: [GC [PSYoungGen: 270622K->1260K(270976K)] 493226K->223952K(957952K), 0.0095220 secs] [Times: user=0.05 sys=0.01, real=0.01 secs] 
2014-07-08T07:02:25.047+0000: 990.137: [GC [PSYoungGen: 270508K->1220K(263680K)] 493200K->223984K(950656K), 0.0057250 secs] [Times: user=0.03 sys=0.00, real=0.01 secs] 
2014-07-08T07:02:25.865+0000: 990.955: [GC [PSYoungGen: 263620K->1120K(256960K)] 486384K->223956K(943936K), 0.0068430 secs] [Times: user=0.04 sys=0.00, real=0.01 secs] 
2014-07-08T07:02:26.748+0000: 991.838: [GC [PSYoungGen: 256928K->1111K(250624K)] 479764K->224011K(937600K), 0.0076350 secs] [Times: user=0.03 sys=0.00, real=0.01 secs] 
2014-07-08T07:02:27.640+0000: 992.730: [GC [PSYoungGen: 250583K->1046K(244480K)] 473483K->224026K(931456K), 0.0040710 secs] [Times: user=0.02 sys=0.00, real=0.00 secs] 
2014-07-08T07:02:28.470+0000: 993.561: [GC [PSYoungGen: 244438K->940K(238464K)] 467418K->223992K(925440K), 0.0037020 secs] [Times: user=0.02 sys=0.00, real=0.00 secs] 
2014-07-08T07:02:29.280+0000: 994.370: [GC [PSYoungGen: 238444K->922K(232832K)] 461496K->224046K(919808K), 0.0059160 secs] [Times: user=0.02 sys=0.01, real=0.00 secs] 
2014-07-08T07:02:30.180+0000: 995.270: [GC [PSYoungGen: 232764K->1235K(227712K)] 455888K->224423K(914688K), 0.0041930 secs] [Times: user=0.03 sys=0.00, real=0.00 secs] 
2014-07-08T07:02:30.887+0000: 995.977: [GC [PSYoungGen: 227644K->1196K(222400K)] 450832K->224456K(909376K), 0.0053600 secs] [Times: user=0.02 sys=0.00, real=0.01 secs] 
2014-07-08T07:02:31.653+0000: 996.744: [GC [PSYoungGen: 222380K->751K(216896K)] 445640K->224223K(903872K), 0.0082040 secs] [Times: user=0.05 sys=0.00, real=0.01 secs] 
2014-07-08T07:02:32.392+0000: 997.482: [GC [PSYoungGen: 216879K->794K(212032K)] 440351K->224330K(899008K), 0.0070190 secs] [Times: user=0.04 sys=0.00, real=0.00 secs] 
2014-07-08T07:02:33.274+0000: 998.364: [GC [PSYoungGen: 211994K->1462K(207936K)] 435530K->225054K(894912K), 0.0083270 secs] [Times: user=0.05 sys=0.00, real=0.01 secs] 
2014-07-08T07:02:33.873+0000: 998.963: [GC [PSYoungGen: 207926K->1118K(248960K)] 431518K->224766K(935936K), 0.0099460 secs] [Times: user=0.05 sys=0.00, real=0.01 secs] 
2014-07-08T07:02:34.729+0000: 999.819: [GC [PSYoungGen: 248926K->744K(242560K)] 472574K->224650K(929536K), 0.0056760 secs] [Times: user=0.03 sys=0.00, real=0.01 secs] 
2014-07-08T07:02:35.569+0000: 1000.659: [GC [PSYoungGen: 242536K->1260K(237248K)] 466442K->225270K(924224K), 0.0086060 secs] [Times: user=0.05 sys=0.01, real=0.01 secs] 
2014-07-08T07:02:36.390+0000: 1001.480: [GC [PSYoungGen: 237228K->826K(231168K)] 461238K->225008K(918144K), 0.0048340 secs] [Times: user=0.03 sys=0.01, real=0.01 secs] 
2014-07-08T07:02:37.195+0000: 1002.285: [GC [PSYoungGen: 231162K->886K(225856K)] 455344K->225156K(912832K), 0.0031390 secs] [Times: user=0.02 sys=0.00, real=0.00 secs] 
2014-07-08T07:02:37.994+0000: 1003.084: [GC [PSYoungGen: 225775K->1462K(221248K)] 450045K->225788K(908224K), 0.0045350 secs] [Times: user=0.02 sys=0.01, real=0.00 secs] 
2014-07-08T07:02:38.713+0000: 1003.803: [GC [PSYoungGen: 221193K->1040K(215808K)] 445519K->225454K(902784K), 0.0074900 secs] [Times: user=0.05 sys=0.00, real=0.00 secs] 
2014-07-08T07:02:39.441+0000: 1004.532: [GC [PSYoungGen: 215760K->812K(210688K)] 440174K->225282K(897664K), 0.0044290 secs] [Times: user=0.02 sys=0.01, real=0.00 secs] 
2014-07-08T07:02:40.242+0000: 1005.333: [GC [PSYoungGen: 210668K->1650K(206848K)] 435138K->226242K(893824K), 0.0071570 secs] [Times: user=0.05 sys=0.01, real=0.00 secs] 
2014-07-08T07:02:40.890+0000: 1005.980: [GC [PSYoungGen: 206834K->876K(201536K)] 431426K->225556K(888512K), 0.0030650 secs] [Times: user=0.02 sys=0.00, real=0.01 secs] 
2014-07-08T07:02:41.587+0000: 1006.677: [GC [PSYoungGen: 201516K->1070K(197376K)] 426196K->225815K(884352K), 0.0090830 secs] [Times: user=0.06 sys=0.00, real=0.01 secs] 
2014-07-08T07:02:42.269+0000: 1007.360: [GC [PSYoungGen: 197358K->1160K(193280K)] 422103K->225976K(880256K), 0.0073560 secs] [Times: user=0.03 sys=0.01, real=0.01 secs] 
2014-07-08T07:02:42.948+0000: 1008.038: [GC [PSYoungGen: 193224K->890K(188864K)] 418040K->225778K(875840K), 0.0056890 secs] [Times: user=0.03 sys=0.00, real=0.01 secs] 
2014-07-08T07:02:43.597+0000: 1008.688: [GC [PSYoungGen: 188858K->946K(185024K)] 413746K->225914K(872000K), 0.0068390 secs] [Times: user=0.04 sys=0.00, real=0.01 secs] 
2014-07-08T07:02:44.313+0000: 1009.403: [GC [PSYoungGen: 185010K->1562K(181888K)] 409978K->226587K(868864K), 0.0074770 secs] [Times: user=0.04 sys=0.00, real=0.00 secs] 
2014-07-08T07:02:44.879+0000: 1009.969: [GC [PSYoungGen: 181847K->698K(217088K)] 406871K->226226K(904064K), 0.0114690 secs] [Times: user=0.07 sys=0.00, real=0.01 secs] 
2014-07-08T07:02:45.623+0000: 1010.713: [GC [PSYoungGen: 217082K->1154K(260928K)] 442610K->226778K(947904K), 0.0098380 secs] [Times: user=0.06 sys=0.00, real=0.01 secs] 
2014-07-08T07:02:46.522+0000: 1011.612: [GC [PSYoungGen: 260841K->776K(309248K)] 486466K->226686K(996224K), 0.0053870 secs] [Times: user=0.04 sys=0.00, real=0.01 secs] 
2014-07-08T07:02:47.599+0000: 1012.689: [GC [PSYoungGen: 308424K->1022K(300352K)] 534334K->227020K(987328K), 0.0056770 secs] [Times: user=0.03 sys=0.01, real=0.01 secs] 
2014-07-08T07:02:48.637+0000: 1013.727: [GC [PSYoungGen: 300306K->684K(292032K)] 526304K->226812K(979008K), 0.0041990 secs] [Times: user=0.01 sys=0.00, real=0.00 secs] 
2014-07-08T07:02:49.657+0000: 1014.747: [GC [PSYoungGen: 292012K->844K(284544K)] 518140K->227036K(971520K), 0.0036340 secs] [Times: user=0.02 sys=0.01, real=0.00 secs] 
2014-07-08T07:02:50.666+0000: 1015.757: [GC [PSYoungGen: 284468K->1004K(277248K)] 510661K->227260K(964224K), 0.0061720 secs] [Times: user=0.03 sys=0.00, real=0.00 secs] 
2014-07-08T07:02:51.589+0000: 1016.679: [GC [PSYoungGen: 277228K->904K(270080K)] 503484K->227216K(957056K), 0.0056750 secs] [Times: user=0.03 sys=0.00, real=0.01 secs] 
2014-07-08T07:02:52.536+0000: 1017.626: [GC [PSYoungGen: 270024K->876K(263168K)] 496336K->227260K(950144K), 0.0057140 secs] [Times: user=0.04 sys=0.00, real=0.00 secs] 
2014-07-08T07:02:53.448+0000: 1018.538: [GC [PSYoungGen: 263111K->776K(256512K)] 489496K->227248K(943488K), 0.0049690 secs] [Times: user=0.03 sys=0.00, real=0.01 secs] 
2014-07-08T07:02:54.337+0000: 1019.427: [GC [PSYoungGen: 256456K->808K(250176K)] 482928K->227368K(937152K), 0.0034390 secs] [Times: user=0.01 sys=0.00, real=0.00 secs] 
2014-07-08T07:02:55.243+0000: 1020.334: [GC [PSYoungGen: 250099K->1271K(244544K)] 476660K->227904K(931520K), 0.0081350 secs] [Times: user=0.05 sys=0.00, real=0.00 secs] 
2014-07-08T07:02:56.122+0000: 1021.213: [GC [PSYoungGen: 244533K->886K(238272K)] 471166K->227672K(925248K), 0.0050820 secs] [Times: user=0.03 sys=0.00, real=0.01 secs] 
2014-07-08T07:02:56.921+0000: 1022.011: [GC [PSYoungGen: 238232K->1246K(233024K)] 465019K->228112K(920000K), 0.0070230 secs] [Times: user=0.04 sys=0.00, real=0.01 secs] 
2014-07-08T07:02:57.707+0000: 1022.797: [GC [PSYoungGen: 232990K->758K(227072K)] 459856K->227720K(914048K), 0.0048920 secs] [Times: user=0.04 sys=0.00, real=0.00 secs] 
2014-07-08T07:02:58.502+0000: 1023.592: [GC [PSYoungGen: 227062K->630K(221696K)] 454024K->227648K(908672K), 0.0057970 secs] [Times: user=0.03 sys=0.00, real=0.01 secs] 
2014-07-08T07:02:59.274+0000: 1024.364: [GC [PSYoungGen: 221653K->1049K(217088K)] 448672K->228172K(904064K), 0.0049370 secs] [Times: user=0.04 sys=0.00, real=0.00 secs] 
2014-07-08T07:03:00.046+0000: 1025.136: [GC [PSYoungGen: 217049K->1395K(212544K)] 444172K->228590K(899520K), 0.0066640 secs] [Times: user=0.05 sys=0.00, real=0.00 secs] 
2014-07-08T07:03:00.748+0000: 1025.839: [GC [PSYoungGen: 212509K->634K(207040K)] 439704K->228345K(894016K), 0.0049010 secs] [Times: user=0.03 sys=0.01, real=0.00 secs] 
2014-07-08T07:03:01.532+0000: 1026.622: [GC [PSYoungGen: 207031K->890K(202752K)] 434742K->228673K(889728K), 0.0060360 secs] [Times: user=0.04 sys=0.00, real=0.01 secs] 
2014-07-08T07:03:02.190+0000: 1027.280: [GC [PSYoungGen: 202739K->708K(198208K)] 430522K->228613K(885184K), 0.0052170 secs] [Times: user=0.04 sys=0.00, real=0.01 secs] 
2014-07-08T07:03:02.897+0000: 1027.988: [GC [PSYoungGen: 198119K->1508K(194752K)] 426024K->229478K(881728K), 0.0062430 secs] [Times: user=0.04 sys=0.00, real=0.00 secs] 
2014-07-08T07:03:03.545+0000: 1028.636: [GC [PSYoungGen: 194705K->944K(190080K)] 422674K->229093K(877056K), 0.0038160 secs] [Times: user=0.01 sys=0.00, real=0.00 secs] 
2014-07-08T07:03:04.198+0000: 1029.289: [GC [PSYoungGen: 190064K->1014K(186176K)] 418213K->229235K(873152K), 0.0071570 secs] [Times: user=0.04 sys=0.00, real=0.01 secs] 
2014-07-08T07:03:04.844+0000: 1029.934: [GC [PSYoungGen: 186166K->1330K(223552K)] 414387K->229624K(910528K), 0.0109540 secs] [Times: user=0.08 sys=0.00, real=0.02 secs] 
2014-07-08T07:03:05.609+0000: 1030.699: [GC [PSYoungGen: 223538K->982K(218112K)] 451832K->229331K(905088K), 0.0061030 secs] [Times: user=0.03 sys=0.00, real=0.01 secs] 
2014-07-08T07:03:06.367+0000: 1031.457: [GC [PSYoungGen: 218070K->844K(213056K)] 446419K->229249K(900032K), 0.0041930 secs] [Times: user=0.03 sys=0.00, real=0.00 secs] 
2014-07-08T07:03:07.200+0000: 1032.290: [GC [PSYoungGen: 213004K->1583K(209024K)] 441409K->230162K(896000K), 0.0062270 secs] [Times: user=0.04 sys=0.00, real=0.01 secs] 
2014-07-08T07:03:07.886+0000: 1032.976: [GC [PSYoungGen: 208983K->744K(203584K)] 437561K->229800K(890560K), 0.0065130 secs] [Times: user=0.04 sys=0.00, real=0.00 secs] 
2014-07-08T07:03:08.558+0000: 1033.649: [GC [PSYoungGen: 203560K->1140K(199552K)] 432616K->230342K(886528K), 0.0046950 secs] [Times: user=0.03 sys=0.00, real=0.00 secs] 
2014-07-08T07:03:09.261+0000: 1034.351: [GC [PSYoungGen: 199540K->1000K(195136K)] 428742K->230556K(882112K), 0.0038690 secs] [Times: user=0.02 sys=0.00, real=0.00 secs] 
2014-07-08T07:03:09.939+0000: 1035.029: [GC [PSYoungGen: 195112K->1068K(191040K)] 424668K->230688K(878016K), 0.0037420 secs] [Times: user=0.02 sys=0.00, real=0.00 secs] 
2014-07-08T07:03:10.599+0000: 1035.689: [GC [PSYoungGen: 191020K->1064K(187072K)] 420640K->230741K(874048K), 0.0036240 secs] [Times: user=0.01 sys=0.00, real=0.00 secs] 
2014-07-08T07:03:11.234+0000: 1036.325: [GC [PSYoungGen: 187048K->772K(182976K)] 416725K->230512K(869952K), 0.0069180 secs] [Times: user=0.04 sys=0.00, real=0.01 secs] 
2014-07-08T07:03:11.888+0000: 1036.978: [GC [PSYoungGen: 182883K->1264K(179712K)] 412623K->231084K(866688K), 0.0032600 secs] [Times: user=0.02 sys=0.00, real=0.00 secs] 
2014-07-08T07:03:12.483+0000: 1037.573: [GC [PSYoungGen: 179695K->908K(175744K)] 409516K->230824K(862720K), 0.0040800 secs] [Times: user=0.02 sys=0.01, real=0.01 secs] 
2014-07-08T07:03:13.160+0000: 1038.250: [GC [PSYoungGen: 175692K->1128K(172416K)] 405608K->231124K(859392K), 0.0070190 secs] [Times: user=0.05 sys=0.00, real=0.01 secs] 
2014-07-08T07:03:13.693+0000: 1038.783: [GC [PSYoungGen: 172388K->1203K(169088K)] 402384K->231264K(856064K), 0.0075690 secs] [Times: user=0.05 sys=0.00, real=0.01 secs] 
2014-07-08T07:03:14.277+0000: 1039.367: [GC [PSYoungGen: 169075K->876K(165504K)] 399136K->231024K(852480K), 0.0039720 secs] [Times: user=0.03 sys=0.01, real=0.00 secs] 
2014-07-08T07:03:14.872+0000: 1039.962: [GC [PSYoungGen: 165484K->1154K(162624K)] 395632K->231366K(849600K), 0.0080240 secs] [Times: user=0.05 sys=0.00, real=0.01 secs] 
2014-07-08T07:03:15.422+0000: 1040.512: [GC [PSYoungGen: 162557K->1104K(159488K)] 392769K->231438K(846464K), 0.0046540 secs] [Times: user=0.02 sys=0.01, real=0.01 secs] 
2014-07-08T07:03:15.986+0000: 1041.076: [GC [PSYoungGen: 159371K->1391K(156736K)] 389705K->231798K(843712K), 0.0054160 secs] [Times: user=0.03 sys=0.00, real=0.00 secs] 
2014-07-08T07:03:16.515+0000: 1041.605: [GC [PSYoungGen: 156717K->566K(187008K)] 387123K->231126K(873984K), 0.0068490 secs] [Times: user=0.01 sys=0.00, real=0.01 secs] 
2014-07-08T07:03:17.184+0000: 1042.274: [GC [PSYoungGen: 186998K->1228K(183808K)] 417558K->231861K(870784K), 0.0065340 secs] [Times: user=0.04 sys=0.00, real=0.01 secs] 
2014-07-08T07:03:17.815+0000: 1042.905: [GC [PSYoungGen: 183756K->1018K(179776K)] 414389K->231888K(866752K), 0.0059400 secs] [Times: user=0.03 sys=0.01, real=0.01 secs] 
2014-07-08T07:03:18.438+0000: 1043.528: [GC [PSYoungGen: 179770K->922K(215488K)] 410640K->231888K(902464K), 0.0073490 secs] [Times: user=0.05 sys=0.00, real=0.00 secs] 
2014-07-08T07:03:19.305+0000: 1044.395: [GC [PSYoungGen: 215379K->1271K(210944K)] 446346K->232458K(897920K), 0.0058870 secs] [Times: user=0.03 sys=0.00, real=0.01 secs] 
2014-07-08T07:03:20.019+0000: 1045.109: [GC [PSYoungGen: 210935K->1576K(206592K)] 442122K->232867K(893568K), 0.0072380 secs] [Times: user=0.05 sys=0.00, real=0.00 secs] 
2014-07-08T07:03:20.717+0000: 1045.807: [GC [PSYoungGen: 206568K->488K(201024K)] 437859K->232729K(888000K), 0.0043890 secs] [Times: user=0.02 sys=0.00, real=0.01 secs] 
2014-07-08T07:03:21.411+0000: 1046.502: [GC [PSYoungGen: 200975K->1585K(197760K)] 433216K->233890K(884736K), 0.0096340 secs] [Times: user=0.06 sys=0.00, real=0.01 secs] 
2014-07-08T07:03:22.072+0000: 1047.162: [GC [PSYoungGen: 197745K->1634K(193600K)] 430050K->234529K(880576K), 0.0053880 secs] [Times: user=0.03 sys=0.00, real=0.01 secs] 
2014-07-08T07:03:22.696+0000: 1047.787: [GC [PSYoungGen: 193570K->1000K(188864K)] 426465K->233967K(875840K), 0.0058960 secs] [Times: user=0.03 sys=0.00, real=0.01 secs] 
2014-07-08T07:03:23.362+0000: 1048.452: [GC [PSYoungGen: 188840K->858K(184832K)] 421807K->233929K(871808K), 0.0062120 secs] [Times: user=0.04 sys=0.00, real=0.01 secs] 
2014-07-08T07:03:24.055+0000: 1049.145: [GC [PSYoungGen: 184791K->1616K(222400K)] 417863K->234743K(909376K), 0.0100590 secs] [Times: user=0.06 sys=0.00, real=0.01 secs] 
2014-07-08T07:03:24.810+0000: 1049.901: [GC [PSYoungGen: 222352K->1054K(216768K)] 455479K->234245K(903744K), 0.0057440 secs] [Times: user=0.03 sys=0.00, real=0.00 secs] 
2014-07-08T07:03:25.552+0000: 1050.642: [GC [PSYoungGen: 216695K->954K(211776K)] 449886K->234249K(898752K), 0.0051540 secs] [Times: user=0.03 sys=0.00, real=0.00 secs] 
2014-07-08T07:03:26.297+0000: 1051.388: [GC [PSYoungGen: 211768K->894K(206976K)] 445063K->234237K(893952K), 0.0061250 secs] [Times: user=0.03 sys=0.00, real=0.01 secs] 
2014-07-08T07:03:27.029+0000: 1052.119: [GC [PSYoungGen: 206974K->1004K(202560K)] 440317K->234427K(889536K), 0.0086600 secs] [Times: user=0.03 sys=0.00, real=0.00 secs] 
2014-07-08T07:03:27.710+0000: 1052.800: [GC [PSYoungGen: 202540K->990K(198144K)] 435963K->234493K(885120K), 0.0052440 secs] [Times: user=0.02 sys=0.00, real=0.00 secs] 
2014-07-08T07:03:28.418+0000: 1053.508: [GC [PSYoungGen: 198110K->922K(193856K)] 431613K->234497K(880832K), 0.0057890 secs] [Times: user=0.03 sys=0.00, real=0.00 secs] 
2014-07-08T07:03:29.124+0000: 1054.214: [GC [PSYoungGen: 193818K->872K(189696K)] 427393K->234511K(876672K), 0.0039190 secs] [Times: user=0.02 sys=0.00, real=0.01 secs] 
2014-07-08T07:03:29.757+0000: 1054.847: [GC [PSYoungGen: 189641K->1025K(185920K)] 423280K->234752K(872896K), 0.0049210 secs] [Times: user=0.03 sys=0.00, real=0.01 secs] 
2014-07-08T07:03:30.400+0000: 1055.490: [GC [PSYoungGen: 185857K->776K(181824K)] 419584K->234583K(868800K), 0.0057460 secs] [Times: user=0.04 sys=0.00, real=0.00 secs] 
2014-07-08T07:03:31.172+0000: 1056.262: [GC [PSYoungGen: 181766K->1492K(178816K)] 415574K->235372K(865792K), 0.0039470 secs] [Times: user=0.01 sys=0.00, real=0.00 secs] 
2014-07-08T07:03:31.645+0000: 1056.735: [GC [PSYoungGen: 178772K->890K(174592K)] 412652K->234833K(861568K), 0.0072360 secs] [Times: user=0.04 sys=0.00, real=0.01 secs] 
2014-07-08T07:03:32.261+0000: 1057.351: [GC [PSYoungGen: 174586K->918K(209408K)] 408529K->234917K(896384K), 0.0090550 secs] [Times: user=0.06 sys=0.00, real=0.01 secs] 
2014-07-08T07:03:33.029+0000: 1058.119: [GC [PSYoungGen: 209366K->1448K(205312K)] 443365K->235535K(892288K), 0.0070300 secs] [Times: user=0.05 sys=0.01, real=0.00 secs] 
2014-07-08T07:03:33.689+0000: 1058.779: [GC [PSYoungGen: 205242K->897K(200320K)] 439329K->235072K(887296K), 0.0058780 secs] [Times: user=0.04 sys=0.00, real=0.00 secs] 
2014-07-08T07:03:34.382+0000: 1059.472: [GC [PSYoungGen: 200257K->1224K(196352K)] 434432K->235503K(883328K), 0.0070380 secs] [Times: user=0.04 sys=0.00, real=0.01 secs] 
2014-07-08T07:03:35.109+0000: 1060.199: [GC [PSYoungGen: 196295K->1192K(192128K)] 430574K->235559K(879104K), 0.0060530 secs] [Times: user=0.04 sys=0.00, real=0.01 secs] 
2014-07-08T07:03:35.742+0000: 1060.832: [GC [PSYoungGen: 192104K->808K(187712K)] 426471K->235247K(874688K), 0.0055080 secs] [Times: user=0.03 sys=0.00, real=0.00 secs] 
2014-07-08T07:03:36.518+0000: 1061.608: [GC [PSYoungGen: 187688K->1218K(184256K)] 422127K->235761K(871232K), 0.0060600 secs] [Times: user=0.03 sys=0.00, real=0.01 secs] 
2014-07-08T07:03:37.120+0000: 1062.210: [GC [PSYoungGen: 184194K->1360K(180608K)] 418737K->235991K(867584K), 0.0048820 secs] [Times: user=0.03 sys=0.00, real=0.00 secs] 
2014-07-08T07:03:37.652+0000: 1062.742: [GC [PSYoungGen: 180539K->950K(176512K)] 415171K->235669K(863488K), 0.0046420 secs] [Times: user=0.03 sys=0.00, real=0.00 secs] 
2014-07-08T07:03:38.268+0000: 1063.358: [GC [PSYoungGen: 176502K->958K(172992K)] 411221K->235741K(859968K), 0.0047420 secs] [Times: user=0.02 sys=0.00, real=0.01 secs] 
2014-07-08T07:03:38.851+0000: 1063.941: [GC [PSYoungGen: 172990K->1242K(169920K)] 407773K->236089K(856896K), 0.0070450 secs] [Times: user=0.04 sys=0.01, real=0.00 secs] 
2014-07-08T07:03:39.432+0000: 1064.522: [GC [PSYoungGen: 169882K->1046K(166400K)] 404729K->235989K(853376K), 0.0051600 secs] [Times: user=0.03 sys=0.01, real=0.00 secs] 
2014-07-08T07:03:40.021+0000: 1065.111: [GC [PSYoungGen: 166358K->822K(162944K)] 401301K->235837K(849920K), 0.0075820 secs] [Times: user=0.04 sys=0.01, real=0.00 secs] 
2014-07-08T07:03:40.578+0000: 1065.669: [GC [PSYoungGen: 162934K->971K(160064K)] 397949K->236042K(847040K), 0.0039420 secs] [Times: user=0.02 sys=0.00, real=0.01 secs] 
2014-07-08T07:03:41.209+0000: 1066.300: [GC [PSYoungGen: 160011K->1599K(157632K)] 395082K->236816K(844608K), 0.0046690 secs] [Times: user=0.03 sys=0.00, real=0.01 secs] 
2014-07-08T07:03:41.677+0000: 1066.767: [GC [PSYoungGen: 157631K->608K(153792K)] 392848K->236209K(840768K), 0.0048860 secs] [Times: user=0.03 sys=0.00, real=0.01 secs] 
2014-07-08T07:03:42.325+0000: 1067.415: [GC [PSYoungGen: 153760K->1520K(151872K)] 389361K->237217K(838848K), 0.0033810 secs] [Times: user=0.02 sys=0.00, real=0.00 secs] 
2014-07-08T07:03:42.759+0000: 1067.849: [GC [PSYoungGen: 151856K->808K(148416K)] 387553K->236717K(835392K), 0.0061810 secs] [Times: user=0.04 sys=0.00, real=0.01 secs] 
2014-07-08T07:03:43.273+0000: 1068.363: [GC [PSYoungGen: 148392K->794K(145792K)] 384301K->236799K(832768K), 0.0063730 secs] [Times: user=0.04 sys=0.00, real=0.00 secs] 
2014-07-08T07:03:43.776+0000: 1068.866: [GC [PSYoungGen: 145754K->940K(174912K)] 381759K->237001K(861888K), 0.0080260 secs] [Times: user=0.05 sys=0.00, real=0.01 secs] 
2014-07-08T07:03:44.388+0000: 1069.478: [GC [PSYoungGen: 174892K->782K(209600K)] 410953K->236907K(896576K), 0.0066050 secs] [Times: user=0.04 sys=0.00, real=0.01 secs] 
2014-07-08T07:03:45.127+0000: 1070.218: [GC [PSYoungGen: 209550K->986K(251584K)] 445675K->237215K(938560K), 0.0069550 secs] [Times: user=0.05 sys=0.00, real=0.01 secs] 
2014-07-08T07:03:46.108+0000: 1071.199: [GC [PSYoungGen: 251546K->1090K(245568K)] 487775K->237415K(932544K), 0.0079360 secs] [Times: user=0.05 sys=0.00, real=0.01 secs] 
2014-07-08T07:03:46.852+0000: 1071.942: [GC [PSYoungGen: 245506K->832K(239424K)] 481831K->237205K(926400K), 0.0035670 secs] [Times: user=0.02 sys=0.00, real=0.00 secs] 
2014-07-08T07:03:47.672+0000: 1072.762: [GC [PSYoungGen: 239350K->1000K(233856K)] 475723K->237445K(920832K), 0.0046320 secs] [Times: user=0.03 sys=0.00, real=0.00 secs] 
2014-07-08T07:03:48.533+0000: 1073.624: [GC [PSYoungGen: 233832K->900K(228288K)] 470277K->237433K(915264K), 0.0031450 secs] [Times: user=0.02 sys=0.00, real=0.00 secs] 
2014-07-08T07:03:49.272+0000: 1074.362: [GC [PSYoungGen: 228228K->904K(222976K)] 464761K->237501K(909952K), 0.0059710 secs] [Times: user=0.02 sys=0.00, real=0.00 secs] 
2014-07-08T07:03:50.072+0000: 1075.163: [GC [PSYoungGen: 222903K->1000K(217920K)] 459501K->237661K(904896K), 0.0075960 secs] [Times: user=0.05 sys=0.00, real=0.00 secs] 
2014-07-08T07:03:50.810+0000: 1075.900: [GC [PSYoungGen: 217896K->1200K(213184K)] 454557K->237909K(900160K), 0.0100970 secs] [Times: user=0.06 sys=0.00, real=0.01 secs] 
2014-07-08T07:03:51.546+0000: 1076.636: [GC [PSYoungGen: 213167K->736K(208000K)] 449876K->238060K(894976K), 0.0037860 secs] [Times: user=0.02 sys=0.00, real=0.00 secs] 
2014-07-08T07:03:52.260+0000: 1077.350: [GC [PSYoungGen: 207927K->947K(203584K)] 445251K->238327K(890560K), 0.0039940 secs] [Times: user=0.02 sys=0.00, real=0.01 secs] 
2014-07-08T07:03:52.981+0000: 1078.071: [GC [PSYoungGen: 203544K->1278K(199488K)] 440924K->238746K(886464K), 0.0064590 secs] [Times: user=0.02 sys=0.00, real=0.01 secs] 
2014-07-08T07:03:53.649+0000: 1078.739: [GC [PSYoungGen: 199486K->858K(194816K)] 436954K->238398K(881792K), 0.0115040 secs] [Times: user=0.07 sys=0.00, real=0.01 secs] 
2014-07-08T07:03:54.409+0000: 1079.499: [GC [PSYoungGen: 194763K->1060K(190848K)] 432304K->238850K(877824K), 0.0043860 secs] [Times: user=0.03 sys=0.00, real=0.01 secs] 
2014-07-08T07:03:55.099+0000: 1080.189: [GC [PSYoungGen: 190820K->1506K(187328K)] 428610K->239392K(874304K), 0.0033650 secs] [Times: user=0.02 sys=0.00, real=0.01 secs] 
2014-07-08T07:03:55.617+0000: 1080.707: [GC [PSYoungGen: 187298K->634K(182592K)] 425184K->239015K(869568K), 0.0063500 secs] [Times: user=0.04 sys=0.00, real=0.01 secs] 
2014-07-08T07:03:56.341+0000: 1081.431: [GC [PSYoungGen: 182557K->1649K(179904K)] 420939K->240102K(866880K), 0.0051220 secs] [Times: user=0.03 sys=0.00, real=0.01 secs] 
2014-07-08T07:03:56.889+0000: 1081.979: [GC [PSYoungGen: 179856K->1086K(175744K)] 418310K->239804K(862720K), 0.0046510 secs] [Times: user=0.03 sys=0.00, real=0.01 secs] 
2014-07-08T07:03:57.479+0000: 1082.569: [GC [PSYoungGen: 175742K->840K(172032K)] 414460K->239646K(859008K), 0.0060250 secs] [Times: user=0.04 sys=0.00, real=0.01 secs] 
2014-07-08T07:03:58.116+0000: 1083.206: [GC [PSYoungGen: 171976K->1196K(168960K)] 410782K->240106K(855936K), 0.0035630 secs] [Times: user=0.02 sys=0.00, real=0.00 secs] 
2014-07-08T07:03:58.663+0000: 1083.754: [GC [PSYoungGen: 168903K->872K(165376K)] 407813K->239846K(852352K), 0.0065420 secs] [Times: user=0.04 sys=0.00, real=0.00 secs] 
2014-07-08T07:03:59.230+0000: 1084.320: [GC [PSYoungGen: 165342K->1011K(162304K)] 404316K->240049K(849280K), 0.0044580 secs] [Times: user=0.02 sys=0.00, real=0.01 secs] 
2014-07-08T07:03:59.790+0000: 1084.880: [GC [PSYoungGen: 162291K->1302K(159552K)] 401329K->240452K(846528K), 0.0038300 secs] [Times: user=0.02 sys=0.00, real=0.01 secs] 
2014-07-08T07:04:00.427+0000: 1085.517: [GC [PSYoungGen: 159510K->1122K(156352K)] 398660K->240522K(843328K), 0.0068950 secs] [Times: user=0.05 sys=0.00, real=0.01 secs] 
2014-07-08T07:04:00.913+0000: 1086.003: [GC [PSYoungGen: 156302K->1278K(153600K)] 395702K->240758K(840576K), 0.0071340 secs] [Times: user=0.04 sys=0.00, real=0.01 secs] 
2014-07-08T07:04:01.442+0000: 1086.532: [GC [PSYoungGen: 153574K->999K(150528K)] 393055K->240552K(837504K), 0.0048220 secs] [Times: user=0.03 sys=0.00, real=0.01 secs] 
2014-07-08T07:04:01.947+0000: 1087.037: [GC [PSYoungGen: 150503K->1032K(147904K)] 390056K->240664K(834880K), 0.0049540 secs] [Times: user=0.03 sys=0.00, real=0.00 secs] 
2014-07-08T07:04:02.438+0000: 1087.529: [GC [PSYoungGen: 147848K->826K(145024K)] 387480K->240530K(832000K), 0.0055850 secs] [Times: user=0.03 sys=0.00, real=0.01 secs] 
2014-07-08T07:04:02.947+0000: 1088.037: [GC [PSYoungGen: 145017K->1014K(174080K)] 384721K->240766K(861056K), 0.0083780 secs] [Times: user=0.05 sys=0.00, real=0.01 secs] 
2014-07-08T07:04:03.543+0000: 1088.633: [GC [PSYoungGen: 174043K->1158K(208896K)] 413795K->240982K(895872K), 0.0115750 secs] [Times: user=0.07 sys=0.01, real=0.02 secs] 
2014-07-08T07:04:04.278+0000: 1089.368: [GC [PSYoungGen: 208838K->1050K(237504K)] 448662K->240938K(924480K), 0.0037490 secs] [Times: user=0.01 sys=0.00, real=0.00 secs] 
2014-07-08T07:04:05.137+0000: 1090.227: [GC [PSYoungGen: 236926K->1018K(231296K)] 476815K->240978K(918272K), 0.0037390 secs] [Times: user=0.02 sys=0.00, real=0.00 secs] 
2014-07-08T07:04:05.909+0000: 1090.999: [GC [PSYoungGen: 231290K->1396K(226304K)] 471250K->241452K(913280K), 0.0047720 secs] [Times: user=0.03 sys=0.01, real=0.00 secs] 
2014-07-08T07:04:06.716+0000: 1091.806: [GC [PSYoungGen: 226292K->694K(220416K)] 466348K->240936K(907392K), 0.0044340 secs] [Times: user=0.02 sys=0.00, real=0.00 secs] 
2014-07-08T07:04:07.466+0000: 1092.556: [GC [PSYoungGen: 220406K->840K(215616K)] 460648K->241154K(902592K), 0.0088830 secs] [Times: user=0.06 sys=0.00, real=0.01 secs] 
2014-07-08T07:04:08.238+0000: 1093.328: [GC [PSYoungGen: 215560K->630K(210496K)] 455874K->240984K(897472K), 0.0093400 secs] [Times: user=0.04 sys=0.00, real=0.01 secs] 
2014-07-08T07:04:08.962+0000: 1094.052: [GC [PSYoungGen: 210486K->908K(206144K)] 450840K->241294K(893120K), 0.0043160 secs] [Times: user=0.02 sys=0.00, real=0.01 secs] 
2014-07-08T07:04:09.669+0000: 1094.759: [GC [PSYoungGen: 206092K->936K(201600K)] 446478K->241378K(888576K), 0.0050900 secs] [Times: user=0.02 sys=0.00, real=0.00 secs] 
2014-07-08T07:04:10.370+0000: 1095.460: [GC [PSYoungGen: 201576K->612K(196928K)] 442018K->241094K(883904K), 0.0099280 secs] [Times: user=0.05 sys=0.00, real=0.01 secs] 
2014-07-08T07:04:11.079+0000: 1096.169: [GC [PSYoungGen: 196900K->1260K(236864K)] 437382K->241790K(923840K), 0.0108540 secs] [Times: user=0.06 sys=0.01, real=0.01 secs] 
2014-07-08T07:04:11.955+0000: 1097.045: [GC [PSYoungGen: 236747K->1427K(245312K)] 477277K->242021K(932288K), 0.0101810 secs] [Times: user=0.03 sys=0.00, real=0.02 secs] 
2014-07-08T07:04:12.721+0000: 1097.811: [GC [PSYoungGen: 245139K->964K(284544K)] 485733K->241623K(971520K), 0.0058320 secs] [Times: user=0.03 sys=0.00, real=0.01 secs] 
2014-07-08T07:04:13.698+0000: 1098.788: [GC [PSYoungGen: 283780K->932K(276416K)] 524439K->241646K(963392K), 0.0081160 secs] [Times: user=0.04 sys=0.00, real=0.01 secs] 
2014-07-08T07:04:14.669+0000: 1099.759: [GC [PSYoungGen: 276388K->694K(269056K)] 517102K->241488K(956032K), 0.0063180 secs] [Times: user=0.04 sys=0.00, real=0.01 secs] 
2014-07-08T07:04:15.599+0000: 1100.689: [GC [PSYoungGen: 269046K->890K(262464K)] 509840K->241748K(949440K), 0.0084490 secs] [Times: user=0.03 sys=0.00, real=0.01 secs] 
2014-07-08T07:04:16.533+0000: 1101.623: [GC [PSYoungGen: 262458K->892K(255936K)] 503316K->241830K(942912K), 0.0070050 secs] [Times: user=0.03 sys=0.00, real=0.01 secs] 
2014-07-08T07:04:17.431+0000: 1102.521: [GC [PSYoungGen: 255932K->630K(249344K)] 496870K->241592K(936320K), 0.0049260 secs] [Times: user=0.02 sys=0.00, real=0.00 secs] 
2014-07-08T07:04:18.310+0000: 1103.400: [GC [PSYoungGen: 249334K->744K(243392K)] 490296K->241754K(930368K), 0.0051150 secs] [Times: user=0.01 sys=0.00, real=0.00 secs] 
2014-07-08T07:04:19.140+0000: 1104.231: [GC [PSYoungGen: 243368K->1214K(238016K)] 484378K->242281K(924992K), 0.0071940 secs] [Times: user=0.04 sys=0.00, real=0.01 secs] 
2014-07-08T07:04:19.978+0000: 1105.068: [GC [PSYoungGen: 237998K->1122K(232320K)] 479065K->242228K(919296K), 0.0056220 secs] [Times: user=0.02 sys=0.00, real=0.00 secs] 
2014-07-08T07:04:20.754+0000: 1105.844: [GC [PSYoungGen: 232290K->850K(226624K)] 473396K->242020K(913600K), 0.0032480 secs] [Times: user=0.02 sys=0.00, real=0.01 secs] 
2014-07-08T07:04:21.575+0000: 1106.665: [GC [PSYoungGen: 226578K->1190K(221696K)] 467748K->242498K(908672K), 0.0073050 secs] [Times: user=0.05 sys=0.00, real=0.01 secs] 
2014-07-08T07:04:22.358+0000: 1107.448: [GC [PSYoungGen: 221670K->1118K(216576K)] 462978K->242522K(903552K), 0.0070570 secs] [Times: user=0.04 sys=0.00, real=0.00 secs] 
2014-07-08T07:04:23.090+0000: 1108.180: [GC [PSYoungGen: 216542K->976K(211584K)] 457946K->242420K(898560K), 0.0068830 secs] [Times: user=0.04 sys=0.00, real=0.01 secs] 
2014-07-08T07:04:23.770+0000: 1108.860: [GC [PSYoungGen: 211536K->996K(206912K)] 452980K->242505K(893888K), 0.0071260 secs] [Times: user=0.04 sys=0.00, real=0.01 secs] 
2014-07-08T07:04:24.489+0000: 1109.579: [GC [PSYoungGen: 206842K->908K(202304K)] 448351K->242480K(889280K), 0.0098130 secs] [Times: user=0.06 sys=0.00, real=0.01 secs] 
2014-07-08T07:04:25.204+0000: 1110.294: [GC [PSYoungGen: 202252K->694K(197696K)] 443824K->242330K(884672K), 0.0062800 secs] [Times: user=0.03 sys=0.00, real=0.01 secs] 
2014-07-08T07:04:25.888+0000: 1110.979: [GC [PSYoungGen: 197686K->926K(193728K)] 439322K->242586K(880704K), 0.0047250 secs] [Times: user=0.01 sys=0.00, real=0.00 secs] 
2014-07-08T07:04:26.604+0000: 1111.694: [GC [PSYoungGen: 193693K->1142K(189824K)] 435353K->242834K(876800K), 0.0048480 secs] [Times: user=0.02 sys=0.00, real=0.01 secs] 
2014-07-08T07:04:27.203+0000: 1112.293: [GC [PSYoungGen: 189814K->868K(185600K)] 431506K->242616K(872576K), 0.0062060 secs] [Times: user=0.03 sys=0.00, real=0.01 secs] 
2014-07-08T07:04:27.840+0000: 1112.930: [GC [PSYoungGen: 185572K->1022K(181888K)] 427320K->242802K(868864K), 0.0052550 secs] [Times: user=0.02 sys=0.00, real=0.00 secs] 
2014-07-08T07:04:28.572+0000: 1113.662: [GC [PSYoungGen: 181886K->947K(218048K)] 423666K->243145K(905024K), 0.0140620 secs] [Times: user=0.09 sys=0.00, real=0.01 secs] 
2014-07-08T07:04:29.288+0000: 1114.379: [GC [PSYoungGen: 218035K->840K(261440K)] 460233K->243101K(948416K), 0.0072920 secs] [Times: user=0.04 sys=0.00, real=0.00 secs] 
2014-07-08T07:04:30.201+0000: 1115.292: [GC [PSYoungGen: 261384K->1192K(272064K)] 503645K->243689K(959040K), 0.0092100 secs] [Times: user=0.07 sys=0.00, real=0.01 secs] 
2014-07-08T07:04:31.126+0000: 1116.217: [GC [PSYoungGen: 271951K->1384K(265280K)] 514449K->243930K(952256K), 0.0066810 secs] [Times: user=0.03 sys=0.00, real=0.01 secs] 
2014-07-08T07:04:32.031+0000: 1117.121: [GC [PSYoungGen: 265256K->192K(257408K)] 507802K->243762K(944384K), 0.0044030 secs] [Times: user=0.02 sys=0.00, real=0.00 secs] 
2014-07-08T07:04:32.920+0000: 1118.010: [GC [PSYoungGen: 257405K->1582K(270784K)] 500975K->245280K(957760K), 0.0158350 secs] [Times: user=0.11 sys=0.00, real=0.01 secs] 
2014-07-08T07:04:33.830+0000: 1118.920: [GC [PSYoungGen: 270766K->1334K(310464K)] 514464K->245601K(997440K), 0.0082900 secs] [Times: user=0.04 sys=0.01, real=0.01 secs] 
2014-07-08T07:04:34.916+0000: 1120.006: [GC [PSYoungGen: 310006K->1566K(301888K)] 554273K->245937K(988864K), 0.0084940 secs] [Times: user=0.05 sys=0.00, real=0.01 secs] 
2014-07-08T07:04:35.961+0000: 1121.052: [GC [PSYoungGen: 301854K->242K(292480K)] 546225K->245739K(979456K), 0.0034030 secs] [Times: user=0.02 sys=0.00, real=0.00 secs] 
2014-07-08T07:04:37.018+0000: 1122.108: [GC [PSYoungGen: 292466K->1676K(286208K)] 537963K->247206K(973184K), 0.0082120 secs] [Times: user=0.05 sys=0.00, real=0.01 secs] 
2014-07-08T07:04:37.964+0000: 1123.054: [GC [PSYoungGen: 286156K->946K(278016K)] 531686K->246926K(964992K), 0.0062660 secs] [Times: user=0.03 sys=0.00, real=0.01 secs] 
2014-07-08T07:04:38.944+0000: 1124.034: [GC [PSYoungGen: 277963K->922K(270848K)] 523943K->246942K(957824K), 0.0119860 secs] [Times: user=0.06 sys=0.00, real=0.01 secs] 
2014-07-08T07:04:39.923+0000: 1125.013: [GC [PSYoungGen: 270810K->1186K(264256K)] 516830K->247262K(951232K), 0.0042170 secs] [Times: user=0.02 sys=0.00, real=0.00 secs] 
2014-07-08T07:04:40.800+0000: 1125.890: [GC [PSYoungGen: 264226K->726K(257216K)] 510302K->246890K(944192K), 0.0067470 secs] [Times: user=0.04 sys=0.01, real=0.00 secs] 
2014-07-08T07:04:41.700+0000: 1126.790: [GC [PSYoungGen: 257174K->1654K(251776K)] 503338K->247866K(938752K), 0.0076720 secs] [Times: user=0.03 sys=0.00, real=0.00 secs] 
2014-07-08T07:04:42.563+0000: 1127.654: [GC [PSYoungGen: 251726K->1118K(245120K)] 497938K->247426K(932096K), 0.0034410 secs] [Times: user=0.02 sys=0.00, real=0.00 secs] 
2014-07-08T07:04:43.413+0000: 1128.504: [GC [PSYoungGen: 245086K->858K(238976K)] 491394K->247222K(925952K), 0.0062690 secs] [Times: user=0.04 sys=0.00, real=0.00 secs] 
2014-07-08T07:04:44.257+0000: 1129.347: [GC [PSYoungGen: 238899K->758K(233152K)] 485263K->247178K(920128K), 0.0079850 secs] [Times: user=0.05 sys=0.00, real=0.01 secs] 
2014-07-08T07:04:45.168+0000: 1130.258: [GC [PSYoungGen: 233142K->1394K(228288K)] 479562K->247894K(915264K), 0.0056900 secs] [Times: user=0.04 sys=0.00, real=0.01 secs] 
2014-07-08T07:04:45.872+0000: 1130.962: [GC [PSYoungGen: 228270K->1494K(223168K)] 474770K->248090K(910144K), 0.0047900 secs] [Times: user=0.03 sys=0.00, real=0.00 secs] 
2014-07-08T07:04:46.642+0000: 1131.732: [GC [PSYoungGen: 223091K->940K(217472K)] 469687K->247616K(904448K), 0.0031930 secs] [Times: user=0.02 sys=0.00, real=0.00 secs] 
2014-07-08T07:04:47.435+0000: 1132.525: [GC [PSYoungGen: 217452K->1136K(212736K)] 464128K->247868K(899712K), 0.0037300 secs] [Times: user=0.02 sys=0.00, real=0.00 secs] 
2014-07-08T07:04:48.181+0000: 1133.271: [GC [PSYoungGen: 212720K->1318K(208192K)] 459452K->248122K(895168K), 0.0061220 secs] [Times: user=0.04 sys=0.00, real=0.00 secs] 
2014-07-08T07:04:48.883+0000: 1133.973: [GC [PSYoungGen: 208166K->1604K(203968K)] 454970K->248464K(890944K), 0.0076410 secs] [Times: user=0.05 sys=0.00, real=0.00 secs] 
2014-07-08T07:04:49.562+0000: 1134.652: [GC [PSYoungGen: 203908K->748K(198656K)] 450768K->247840K(885632K), 0.0038990 secs] [Times: user=0.02 sys=0.00, real=0.00 secs] 
2014-07-08T07:04:50.337+0000: 1135.427: [GC [PSYoungGen: 198634K->1392K(195008K)] 445726K->248564K(881984K), 0.0052390 secs] [Times: user=0.03 sys=0.00, real=0.01 secs] 
2014-07-08T07:04:51.013+0000: 1136.104: [GC [PSYoungGen: 194992K->1224K(190784K)] 442164K->248558K(877760K), 0.0123050 secs] [Times: user=0.07 sys=0.01, real=0.01 secs] 
2014-07-08T07:04:51.615+0000: 1136.705: [GC [PSYoungGen: 190691K->879K(186432K)] 438025K->248293K(873408K), 0.0058660 secs] [Times: user=0.02 sys=0.00, real=0.00 secs] 
2014-07-08T07:04:52.354+0000: 1137.445: [GC [PSYoungGen: 186415K->1072K(182784K)] 433829K->248526K(869760K), 0.0037980 secs] [Times: user=0.02 sys=0.00, real=0.00 secs] 
2014-07-08T07:04:52.919+0000: 1138.009: [GC [PSYoungGen: 182696K->1636K(179648K)] 430150K->249154K(866624K), 0.0063470 secs] [Times: user=0.03 sys=0.00, real=0.01 secs] 
2014-07-08T07:04:53.512+0000: 1138.602: [GC [PSYoungGen: 179620K->886K(175296K)] 427138K->248452K(862272K), 0.0041390 secs] [Times: user=0.02 sys=0.00, real=0.00 secs] 
2014-07-08T07:04:54.177+0000: 1139.267: [GC [PSYoungGen: 175286K->1534K(172480K)] 422852K->249220K(859456K), 0.0050920 secs] [Times: user=0.04 sys=0.00, real=0.01 secs] 
2014-07-08T07:04:54.714+0000: 1139.804: [GC [PSYoungGen: 172462K->1036K(168640K)] 420148K->248810K(855616K), 0.0062300 secs] [Times: user=0.04 sys=0.00, real=0.00 secs] 
2014-07-08T07:04:55.306+0000: 1140.396: [GC [PSYoungGen: 168588K->1014K(202112K)] 416362K->248860K(889088K), 0.0110640 secs] [Times: user=0.06 sys=0.00, real=0.01 secs] 
2014-07-08T07:04:56.024+0000: 1141.115: [GC [PSYoungGen: 202096K->1220K(242624K)] 449942K->249154K(929600K), 0.0052850 secs] [Times: user=0.03 sys=0.00, real=0.00 secs] 
2014-07-08T07:04:56.871+0000: 1141.961: [GC [PSYoungGen: 242545K->1234K(290048K)] 490479K->249192K(977024K), 0.0116380 secs] [Times: user=0.05 sys=0.00, real=0.02 secs] 
2014-07-08T07:04:57.869+0000: 1142.959: [GC [PSYoungGen: 289402K->1438K(291392K)] 537360K->249468K(978368K), 0.0072420 secs] [Times: user=0.05 sys=0.00, real=0.01 secs] 
2014-07-08T07:04:58.894+0000: 1143.984: [GC [PSYoungGen: 291038K->1302K(283328K)] 539068K->249420K(970304K), 0.0066770 secs] [Times: user=0.03 sys=0.01, real=0.00 secs] 
2014-07-08T07:04:59.876+0000: 1144.966: [GC [PSYoungGen: 283286K->570K(275200K)] 531404K->249458K(962176K), 0.0074630 secs] [Times: user=0.03 sys=0.01, real=0.01 secs] 
2014-07-08T07:05:00.837+0000: 1145.927: [GC [PSYoungGen: 275194K->1400K(268992K)] 524082K->250376K(955968K), 0.0043160 secs] [Times: user=0.02 sys=0.00, real=0.00 secs] 
2014-07-08T07:05:01.765+0000: 1146.855: [GC [PSYoungGen: 268984K->826K(261632K)] 517960K->250344K(948608K), 0.0076160 secs] [Times: user=0.05 sys=0.00, real=0.00 secs] 
2014-07-08T07:05:02.831+0000: 1147.921: [GC [PSYoungGen: 261626K->1518K(255808K)] 511144K->251117K(942784K), 0.0077190 secs] [Times: user=0.05 sys=0.00, real=0.01 secs] 
2014-07-08T07:05:03.627+0000: 1148.717: [GC [PSYoungGen: 255790K->1093K(249152K)] 505389K->250707K(936128K), 0.0064360 secs] [Times: user=0.02 sys=0.00, real=0.01 secs] 
2014-07-08T07:05:04.458+0000: 1149.548: [GC [PSYoungGen: 249093K->840K(242816K)] 498707K->250510K(929792K), 0.0058230 secs] [Times: user=0.03 sys=0.00, real=0.01 secs] 
2014-07-08T07:05:05.263+0000: 1150.353: [GC [PSYoungGen: 242754K->815K(236928K)] 492425K->250541K(923904K), 0.0064940 secs] [Times: user=0.04 sys=0.00, real=0.01 secs] 
2014-07-08T07:05:06.134+0000: 1151.224: [GC [PSYoungGen: 236910K->1280K(231808K)] 486636K->251094K(918784K), 0.0105960 secs] [Times: user=0.07 sys=0.00, real=0.01 secs] 
2014-07-08T07:05:06.902+0000: 1151.992: [GC [PSYoungGen: 231744K->1536K(226688K)] 481558K->251423K(913664K), 0.0055900 secs] [Times: user=0.04 sys=0.00, real=0.01 secs] 
2014-07-08T07:05:07.688+0000: 1152.778: [GC [PSYoungGen: 226624K->1054K(220992K)] 476511K->251044K(907968K), 0.0054530 secs] [Times: user=0.03 sys=0.00, real=0.01 secs] 
2014-07-08T07:05:08.530+0000: 1153.620: [GC [PSYoungGen: 220914K->1036K(215936K)] 470904K->251098K(902912K), 0.0042400 secs] [Times: user=0.02 sys=0.01, real=0.01 secs] 
2014-07-08T07:05:09.204+0000: 1154.294: [GC [PSYoungGen: 215884K->758K(210752K)] 465946K->250892K(897728K), 0.0052130 secs] [Times: user=0.03 sys=0.01, real=0.00 secs] 
2014-07-08T07:05:09.967+0000: 1155.057: [GC [PSYoungGen: 210742K->1360K(206720K)] 460876K->251566K(893696K), 0.0062210 secs] [Times: user=0.04 sys=0.00, real=0.00 secs] 
2014-07-08T07:05:10.650+0000: 1155.740: [GC [PSYoungGen: 206672K->822K(201600K)] 456878K->251100K(888576K), 0.0043910 secs] [Times: user=0.02 sys=0.00, real=0.01 secs] 
2014-07-08T07:05:11.351+0000: 1156.441: [GC [PSYoungGen: 201584K->790K(197248K)] 451863K->251156K(884224K), 0.0072700 secs] [Times: user=0.05 sys=0.00, real=0.01 secs] 
2014-07-08T07:05:12.165+0000: 1157.255: [GC [PSYoungGen: 197206K->1459K(193664K)] 447572K->251865K(880640K), 0.0108310 secs] [Times: user=0.06 sys=0.00, real=0.01 secs] 
2014-07-08T07:05:12.746+0000: 1157.836: [GC [PSYoungGen: 193651K->1032K(189184K)] 444057K->251510K(876160K), 0.0068170 secs] [Times: user=0.04 sys=0.00, real=0.00 secs] 
2014-07-08T07:05:13.451+0000: 1158.541: [GC [PSYoungGen: 189059K->1232K(185472K)] 439538K->251790K(872448K), 0.0061130 secs] [Times: user=0.04 sys=0.00, real=0.01 secs] 
2014-07-08T07:05:14.114+0000: 1159.205: [GC [PSYoungGen: 185380K->1370K(222464K)] 435939K->252000K(909440K), 0.0102990 secs] [Times: user=0.06 sys=0.00, real=0.01 secs] 
2014-07-08T07:05:14.766+0000: 1159.856: [GC [PSYoungGen: 222408K->876K(266176K)] 473039K->251586K(953152K), 0.0054940 secs] [Times: user=0.03 sys=0.00, real=0.00 secs] 
2014-07-08T07:05:15.702+0000: 1160.792: [GC [PSYoungGen: 266156K->1142K(259712K)] 516866K->251917K(946688K), 0.0083010 secs] [Times: user=0.05 sys=0.00, real=0.01 secs] 
2014-07-08T07:05:16.589+0000: 1161.679: [GC [PSYoungGen: 259702K->1008K(253120K)] 510477K->251862K(940096K), 0.0031690 secs] [Times: user=0.01 sys=0.00, real=0.00 secs] 
2014-07-08T07:05:17.467+0000: 1162.557: [GC [PSYoungGen: 253104K->976K(246912K)] 503958K->251910K(933888K), 0.0059820 secs] [Times: user=0.03 sys=0.00, real=0.00 secs] 
2014-07-08T07:05:18.344+0000: 1163.435: [GC [PSYoungGen: 246864K->726K(240704K)] 497798K->251716K(927680K), 0.0037770 secs] [Times: user=0.02 sys=0.00, real=0.01 secs] 
2014-07-08T07:05:19.214+0000: 1164.304: [GC [PSYoungGen: 240662K->1428K(235648K)] 491652K->252490K(922624K), 0.0109480 secs] [Times: user=0.07 sys=0.01, real=0.01 secs] 
2014-07-08T07:05:19.995+0000: 1165.085: [GC [PSYoungGen: 235604K->1050K(229696K)] 486666K->252168K(916672K), 0.0103140 secs] [Times: user=0.05 sys=0.00, real=0.01 secs] 
2014-07-08T07:05:20.774+0000: 1165.864: [GC [PSYoungGen: 229658K->858K(224192K)] 480776K->252056K(911168K), 0.0061540 secs] [Times: user=0.04 sys=0.01, real=0.01 secs] 
2014-07-08T07:05:21.547+0000: 1166.637: [GC [PSYoungGen: 224154K->862K(219072K)] 475352K->252108K(906048K), 0.0034190 secs] [Times: user=0.02 sys=0.00, real=0.00 secs] 
2014-07-08T07:05:22.414+0000: 1167.505: [GC [PSYoungGen: 219038K->1542K(214784K)] 470284K->252845K(901760K), 0.0032770 secs] [Times: user=0.02 sys=0.00, real=0.01 secs] 
2014-07-08T07:05:23.082+0000: 1168.172: [GC [PSYoungGen: 214693K->1238K(209664K)] 465995K->252652K(896640K), 0.0057820 secs] [Times: user=0.03 sys=0.00, real=0.01 secs] 
2014-07-08T07:05:23.778+0000: 1168.868: [GC [PSYoungGen: 209622K->744K(204544K)] 461036K->252262K(891520K), 0.0051370 secs] [Times: user=0.03 sys=0.00, real=0.00 secs] 
2014-07-08T07:05:24.493+0000: 1169.583: [GC [PSYoungGen: 204520K->808K(200128K)] 456038K->252374K(887104K), 0.0048190 secs] [Times: user=0.02 sys=0.00, real=0.01 secs] 
2014-07-08T07:05:25.305+0000: 1170.395: [GC [PSYoungGen: 200015K->1599K(196608K)] 451581K->253237K(883584K), 0.0123970 secs] [Times: user=0.08 sys=0.00, real=0.02 secs] 
2014-07-08T07:05:25.864+0000: 1170.954: [GC [PSYoungGen: 196605K->1221K(192128K)] 448244K->252915K(879104K), 0.0059400 secs] [Times: user=0.03 sys=0.00, real=0.01 secs] 
2014-07-08T07:05:26.516+0000: 1171.606: [GC [PSYoungGen: 192041K->890K(187712K)] 443736K->252672K(874688K), 0.0052230 secs] [Times: user=0.03 sys=0.00, real=0.00 secs] 
2014-07-08T07:05:27.208+0000: 1172.298: [GC [PSYoungGen: 187706K->1344K(225600K)] 439488K->253167K(912576K), 0.0107910 secs] [Times: user=0.06 sys=0.00, real=0.01 secs] 
2014-07-08T07:05:27.952+0000: 1173.042: [GC [PSYoungGen: 225536K->1206K(220224K)] 477359K->253125K(907200K), 0.0055140 secs] [Times: user=0.02 sys=0.00, real=0.01 secs] 
2014-07-08T07:05:28.710+0000: 1173.800: [GC [PSYoungGen: 220214K->794K(214848K)] 472133K->252784K(901824K), 0.0035870 secs] [Times: user=0.02 sys=0.00, real=0.00 secs] 
2014-07-08T07:05:29.459+0000: 1174.549: [GC [PSYoungGen: 214810K->858K(210112K)] 466800K->252944K(897088K), 0.0034870 secs] [Times: user=0.02 sys=0.00, real=0.00 secs] 
2014-07-08T07:05:30.243+0000: 1175.333: [GC [PSYoungGen: 210051K->1110K(205696K)] 462137K->253268K(892672K), 0.0037110 secs] [Times: user=0.01 sys=0.00, real=0.00 secs] 
2014-07-08T07:05:30.907+0000: 1175.997: [GC [PSYoungGen: 205654K->972K(201088K)] 457812K->253194K(888064K), 0.0029940 secs] [Times: user=0.02 sys=0.01, real=0.00 secs] 
2014-07-08T07:05:31.597+0000: 1176.687: [GC [PSYoungGen: 201010K->880K(196608K)] 453232K->253150K(883584K), 0.0103160 secs] [Times: user=0.05 sys=0.00, real=0.02 secs] 
2014-07-08T07:05:32.300+0000: 1177.390: [GC [PSYoungGen: 196592K->662K(192256K)] 448862K->252964K(879232K), 0.0044040 secs] [Times: user=0.02 sys=0.00, real=0.00 secs] 
2014-07-08T07:05:32.955+0000: 1178.045: [GC [PSYoungGen: 192214K->1516K(189056K)] 444516K->253891K(876032K), 0.0064280 secs] [Times: user=0.04 sys=0.00, real=0.01 secs] 
2014-07-08T07:05:33.599+0000: 1178.689: [GC [PSYoungGen: 189036K->1136K(184768K)] 441411K->253567K(871744K), 0.0042430 secs] [Times: user=0.02 sys=0.00, real=0.00 secs] 
2014-07-08T07:05:34.263+0000: 1179.353: [GC [PSYoungGen: 184719K->1100K(180992K)] 437150K->253578K(867968K), 0.0072580 secs] [Times: user=0.03 sys=0.00, real=0.01 secs] 
2014-07-08T07:05:34.877+0000: 1179.967: [GC [PSYoungGen: 180940K->1252K(217088K)] 433418K->253803K(904064K), 0.0154790 secs] [Times: user=0.10 sys=0.01, real=0.02 secs] 
2014-07-08T07:05:35.617+0000: 1180.707: [GC [PSYoungGen: 217060K->940K(259072K)] 469611K->253594K(946048K), 0.0053730 secs] [Times: user=0.04 sys=0.00, real=0.01 secs] 
2014-07-08T07:05:36.601+0000: 1181.691: [GC [PSYoungGen: 258243K->1104K(260672K)] 510898K->253830K(947648K), 0.0075940 secs] [Times: user=0.05 sys=0.00, real=0.01 secs] 
2014-07-08T07:05:37.577+0000: 1182.667: [GC [PSYoungGen: 260111K->1266K(260672K)] 512838K->254056K(947648K), 0.0100890 secs] [Times: user=0.06 sys=0.01, real=0.01 secs] 
2014-07-08T07:05:38.382+0000: 1183.472: [GC [PSYoungGen: 260274K->1068K(312384K)] 513064K->253938K(999360K), 0.0082740 secs] [Times: user=0.05 sys=0.00, real=0.01 secs] 
2014-07-08T07:05:39.417+0000: 1184.507: [GC [PSYoungGen: 311916K->954K(303360K)] 564786K->253904K(990336K), 0.0070830 secs] [Times: user=0.04 sys=0.00, real=0.01 secs] 
2014-07-08T07:05:40.492+0000: 1185.583: [GC [PSYoungGen: 303325K->748K(295040K)] 556276K->253966K(982016K), 0.0068320 secs] [Times: user=0.04 sys=0.00, real=0.01 secs] 
2014-07-08T07:05:41.560+0000: 1186.650: [GC [PSYoungGen: 295020K->1032K(287552K)] 548238K->254330K(974528K), 0.0075420 secs] [Times: user=0.05 sys=0.00, real=0.00 secs] 
2014-07-08T07:05:42.550+0000: 1187.640: [GC [PSYoungGen: 287496K->1249K(280256K)] 540794K->254903K(967232K), 0.0086690 secs] [Times: user=0.05 sys=0.01, real=0.00 secs] 
2014-07-08T07:05:43.485+0000: 1188.575: [GC [PSYoungGen: 280225K->894K(272640K)] 533879K->254588K(959616K), 0.0082580 secs] [Times: user=0.04 sys=0.01, real=0.01 secs] 
2014-07-08T07:05:44.429+0000: 1189.519: [GC [PSYoungGen: 272638K->812K(265664K)] 526332K->254728K(952640K), 0.0068980 secs] [Times: user=0.04 sys=0.01, real=0.00 secs] 
2014-07-08T07:05:45.357+0000: 1190.447: [GC [PSYoungGen: 265644K->858K(259072K)] 519560K->254854K(946048K), 0.0035160 secs] [Times: user=0.01 sys=0.00, real=0.01 secs] 
2014-07-08T07:05:46.268+0000: 1191.358: [GC [PSYoungGen: 259034K->976K(252800K)] 513030K->255028K(939776K), 0.0088090 secs] [Times: user=0.07 sys=0.00, real=0.01 secs] 
2014-07-08T07:05:47.185+0000: 1192.275: [GC [PSYoungGen: 252730K->1573K(247168K)] 506782K->255746K(934144K), 0.0042720 secs] [Times: user=0.02 sys=0.00, real=0.01 secs] 
2014-07-08T07:05:48.050+0000: 1193.140: [GC [PSYoungGen: 247141K->616K(240256K)] 501314K->255665K(927232K), 0.0082170 secs] [Times: user=0.05 sys=0.00, real=0.01 secs] 
2014-07-08T07:05:48.826+0000: 1193.916: [GC [PSYoungGen: 240232K->1104K(235008K)] 495281K->256217K(921984K), 0.0094610 secs] [Times: user=0.05 sys=0.01, real=0.01 secs] 
2014-07-08T07:05:49.637+0000: 1194.727: [GC [PSYoungGen: 234960K->862K(229248K)] 490073K->256319K(916224K), 0.0079200 secs] [Times: user=0.04 sys=0.00, real=0.01 secs] 
2014-07-08T07:05:50.453+0000: 1195.543: [GC [PSYoungGen: 229214K->1168K(224256K)] 484671K->256697K(911232K), 0.0060810 secs] [Times: user=0.04 sys=0.00, real=0.00 secs] 
2014-07-08T07:05:51.272+0000: 1196.362: [GC [PSYoungGen: 224208K->1289K(219264K)] 479737K->256922K(906240K), 0.0055980 secs] [Times: user=0.04 sys=0.00, real=0.00 secs] 
2014-07-08T07:05:52.003+0000: 1197.093: [GC [PSYoungGen: 219209K->1150K(214080K)] 474842K->256847K(901056K), 0.0099890 secs] [Times: user=0.06 sys=0.00, real=0.01 secs] 
2014-07-08T07:05:52.800+0000: 1197.890: [GC [PSYoungGen: 214078K->1018K(209152K)] 469775K->256867K(896128K), 0.0068420 secs] [Times: user=0.04 sys=0.01, real=0.00 secs] 
2014-07-08T07:05:53.470+0000: 1198.560: [GC [PSYoungGen: 209130K->968K(204544K)] 464979K->256889K(891520K), 0.0052770 secs] [Times: user=0.03 sys=0.00, real=0.00 secs] 
2014-07-08T07:05:54.189+0000: 1199.279: [GC [PSYoungGen: 204488K->914K(200000K)] 460409K->256899K(886976K), 0.0056630 secs] [Times: user=0.03 sys=0.00, real=0.01 secs] 
2014-07-08T07:05:54.866+0000: 1199.956: [GC [PSYoungGen: 199954K->1388K(196160K)] 455939K->257429K(883136K), 0.0090650 secs] [Times: user=0.05 sys=0.00, real=0.01 secs] 
2014-07-08T07:05:55.526+0000: 1200.616: [GC [PSYoungGen: 196138K->876K(191488K)] 452180K->257013K(878464K), 0.0063250 secs] [Times: user=0.05 sys=0.00, real=0.01 secs] 
2014-07-08T07:05:56.203+0000: 1201.293: [GC [PSYoungGen: 191468K->1082K(187648K)] 447605K->257299K(874624K), 0.0048140 secs] [Times: user=0.03 sys=0.00, real=0.00 secs] 
2014-07-08T07:05:56.850+0000: 1201.940: [GC [PSYoungGen: 187642K->1334K(225216K)] 443859K->257681K(912192K), 0.0141890 secs] [Times: user=0.08 sys=0.00, real=0.02 secs] 
2014-07-08T07:05:57.634+0000: 1202.724: [GC [PSYoungGen: 225206K->975K(269696K)] 481553K->257402K(956672K), 0.0037920 secs] [Times: user=0.02 sys=0.00, real=0.00 secs] 
2014-07-08T07:05:58.623+0000: 1203.713: [GC [PSYoungGen: 269647K->1000K(262848K)] 526074K->257507K(949824K), 0.0056140 secs] [Times: user=0.03 sys=0.01, real=0.00 secs] 
2014-07-08T07:05:59.493+0000: 1204.583: [GC [PSYoungGen: 262824K->826K(256064K)] 519331K->257389K(943040K), 0.0040930 secs] [Times: user=0.02 sys=0.00, real=0.00 secs] 
2014-07-08T07:06:00.368+0000: 1205.458: [GC [PSYoungGen: 256011K->926K(249856K)] 512574K->257553K(936832K), 0.0036790 secs] [Times: user=0.02 sys=0.00, real=0.01 secs] 
2014-07-08T07:06:01.277+0000: 1206.367: [GC [PSYoungGen: 249822K->1074K(243904K)] 506449K->257773K(930880K), 0.0081010 secs] [Times: user=0.05 sys=0.00, real=0.01 secs] 
2014-07-08T07:06:02.091+0000: 1207.181: [GC [PSYoungGen: 243865K->1200K(238144K)] 500564K->258047K(925120K), 0.0083260 secs] [Times: user=0.05 sys=0.00, real=0.01 secs] 
2014-07-08T07:06:03.028+0000: 1208.118: [GC [PSYoungGen: 238128K->1356K(232704K)] 494975K->258283K(919680K), 0.0096760 secs] [Times: user=0.05 sys=0.00, real=0.01 secs] 
2014-07-08T07:06:03.790+0000: 1208.880: [GC [PSYoungGen: 232652K->616K(226496K)] 489579K->257705K(913472K), 0.0035260 secs] [Times: user=0.02 sys=0.00, real=0.01 secs] 
2014-07-08T07:06:04.523+0000: 1209.613: [GC [PSYoungGen: 226458K->1040K(221696K)] 483547K->258209K(908672K), 0.0052760 secs] [Times: user=0.03 sys=0.00, real=0.00 secs] 
2014-07-08T07:06:05.296+0000: 1210.387: [GC [PSYoungGen: 221648K->840K(216448K)] 478817K->258089K(903424K), 0.0096780 secs] [Times: user=0.06 sys=0.00, real=0.01 secs] 
2014-07-08T07:06:06.092+0000: 1211.183: [GC [PSYoungGen: 216361K->1192K(211904K)] 473610K->258529K(898880K), 0.0038220 secs] [Times: user=0.02 sys=0.00, real=0.00 secs] 
2014-07-08T07:06:06.788+0000: 1211.878: [GC [PSYoungGen: 211880K->940K(206912K)] 469217K->258333K(893888K), 0.0052000 secs] [Times: user=0.02 sys=0.00, real=0.01 secs] 
2014-07-08T07:06:07.510+0000: 1212.600: [GC [PSYoungGen: 206892K->858K(202304K)] 464285K->258331K(889280K), 0.0053050 secs] [Times: user=0.03 sys=0.00, real=0.01 secs] 
2014-07-08T07:06:08.292+0000: 1213.383: [GC [PSYoungGen: 202235K->1406K(198400K)] 459708K->258943K(885376K), 0.0041530 secs] [Times: user=0.02 sys=0.00, real=0.01 secs] 
2014-07-08T07:06:08.928+0000: 1214.018: [GC [PSYoungGen: 198398K->1662K(194432K)] 455935K->259279K(881408K), 0.0071420 secs] [Times: user=0.04 sys=0.00, real=0.01 secs] 
2014-07-08T07:06:09.690+0000: 1214.780: [GC [PSYoungGen: 194430K->292K(188992K)] 452047K->258913K(875968K), 0.0072310 secs] [Times: user=0.04 sys=0.00, real=0.01 secs] 
2014-07-08T07:06:10.350+0000: 1215.440: [GC [PSYoungGen: 188925K->1610K(186368K)] 447547K->260271K(873344K), 0.0094660 secs] [Times: user=0.06 sys=0.00, real=0.01 secs] 
2014-07-08T07:06:10.907+0000: 1215.997: [GC [PSYoungGen: 186314K->1310K(182208K)] 444975K->260358K(869184K), 0.0036900 secs] [Times: user=0.01 sys=0.00, real=0.00 secs] 
2014-07-08T07:06:11.525+0000: 1216.615: [GC [PSYoungGen: 182174K->1117K(178304K)] 441222K->260269K(865280K), 0.0053610 secs] [Times: user=0.04 sys=0.00, real=0.00 secs] 
2014-07-08T07:06:12.171+0000: 1217.262: [GC [PSYoungGen: 178269K->740K(174336K)] 437421K->259971K(861312K), 0.0057780 secs] [Times: user=0.04 sys=0.00, real=0.01 secs] 
2014-07-08T07:06:12.748+0000: 1217.838: [GC [PSYoungGen: 174308K->1082K(171200K)] 433539K->260378K(858176K), 0.0082580 secs] [Times: user=0.05 sys=0.00, real=0.01 secs] 
2014-07-08T07:06:13.423+0000: 1218.513: [GC [PSYoungGen: 171194K->1644K(168448K)] 430490K->261012K(855424K), 0.0040690 secs] [Times: user=0.02 sys=0.00, real=0.01 secs] 
2014-07-08T07:06:13.939+0000: 1219.029: [GC [PSYoungGen: 168389K->986K(164544K)] 427757K->260409K(851520K), 0.0062200 secs] [Times: user=0.04 sys=0.01, real=0.01 secs] 
2014-07-08T07:06:14.510+0000: 1219.600: [GC [PSYoungGen: 164506K->876K(161280K)] 423929K->260379K(848256K), 0.0066690 secs] [Times: user=0.04 sys=0.00, real=0.01 secs] 
2014-07-08T07:06:15.136+0000: 1220.226: [GC [PSYoungGen: 161260K->1466K(193984K)] 420763K->261049K(880960K), 0.0119210 secs] [Times: user=0.07 sys=0.00, real=0.01 secs] 
2014-07-08T07:06:15.751+0000: 1220.842: [GC [PSYoungGen: 193978K->858K(231936K)] 453561K->260505K(918912K), 0.0081780 secs] [Times: user=0.04 sys=0.00, real=0.01 secs] 
2014-07-08T07:06:16.549+0000: 1221.639: [GC [PSYoungGen: 231898K->1072K(278336K)] 491545K->260807K(965312K), 0.0038550 secs] [Times: user=0.02 sys=0.00, real=0.00 secs] 
2014-07-08T07:06:17.522+0000: 1222.613: [GC [PSYoungGen: 278289K->940K(271040K)] 538025K->260755K(958016K), 0.0076100 secs] [Times: user=0.05 sys=0.00, real=0.01 secs] 
2014-07-08T07:06:18.486+0000: 1223.576: [GC [PSYoungGen: 271020K->744K(264000K)] 530835K->260623K(950976K), 0.0038670 secs] [Times: user=0.02 sys=0.00, real=0.00 secs] 
2014-07-08T07:06:19.377+0000: 1224.467: [GC [PSYoungGen: 263899K->1050K(257728K)] 523779K->261002K(944704K), 0.0078070 secs] [Times: user=0.05 sys=0.00, real=0.01 secs] 
2014-07-08T07:06:20.298+0000: 1225.388: [GC [PSYoungGen: 257690K->1132K(251392K)] 517642K->261163K(938368K), 0.0032880 secs] [Times: user=0.02 sys=0.00, real=0.00 secs] 
2014-07-08T07:06:21.234+0000: 1226.325: [GC [PSYoungGen: 251363K->1256K(245376K)] 511394K->261590K(932352K), 0.0062240 secs] [Times: user=0.04 sys=0.00, real=0.01 secs] 
2014-07-08T07:06:21.998+0000: 1227.088: [GC [PSYoungGen: 245307K->1082K(239296K)] 505641K->261471K(926272K), 0.0069530 secs] [Times: user=0.03 sys=0.01, real=0.01 secs] 
2014-07-08T07:06:22.825+0000: 1227.915: [GC [PSYoungGen: 239290K->958K(233472K)] 499679K->261427K(920448K), 0.0083700 secs] [Times: user=0.06 sys=0.01, real=0.01 secs] 
2014-07-08T07:06:23.635+0000: 1228.725: [GC [PSYoungGen: 233448K->894K(227904K)] 493917K->261435K(914880K), 0.0051960 secs] [Times: user=0.03 sys=0.00, real=0.01 secs] 
2014-07-08T07:06:24.428+0000: 1229.519: [GC [PSYoungGen: 227902K->890K(222592K)] 488443K->261519K(909568K), 0.0030800 secs] [Times: user=0.01 sys=0.00, real=0.00 secs] 
2014-07-08T07:06:25.233+0000: 1230.324: [GC [PSYoungGen: 222572K->1284K(217920K)] 483202K->261986K(904896K), 0.0091610 secs] [Times: user=0.06 sys=0.00, real=0.01 secs] 
2014-07-08T07:06:25.968+0000: 1231.058: [GC [PSYoungGen: 217860K->1082K(212736K)] 478562K->261816K(899712K), 0.0043630 secs] [Times: user=0.02 sys=0.00, real=0.00 secs] 
2014-07-08T07:06:26.694+0000: 1231.784: [GC [PSYoungGen: 212730K->808K(207744K)] 473464K->261621K(894720K), 0.0058640 secs] [Times: user=0.04 sys=0.01, real=0.01 secs] 
2014-07-08T07:06:27.419+0000: 1232.510: [GC [PSYoungGen: 207720K->740K(203136K)] 468533K->261625K(890112K), 0.0054900 secs] [Times: user=0.04 sys=0.00, real=0.00 secs] 
2014-07-08T07:06:28.196+0000: 1233.286: [GC [PSYoungGen: 203108K->1370K(199360K)] 463993K->262295K(886336K), 0.0104010 secs] [Times: user=0.06 sys=0.00, real=0.02 secs] 
2014-07-08T07:06:28.819+0000: 1233.910: [GC [PSYoungGen: 199299K->1011K(194688K)] 460225K->262017K(881664K), 0.0086050 secs] [Times: user=0.06 sys=0.00, real=0.01 secs] 
2014-07-08T07:06:29.481+0000: 1234.572: [GC [PSYoungGen: 194675K->900K(190528K)] 455681K->261970K(877504K), 0.0059850 secs] [Times: user=0.04 sys=0.01, real=0.01 secs] 
2014-07-08T07:06:30.217+0000: 1235.307: [GC [PSYoungGen: 190441K->1396K(228928K)] 451510K->262662K(915904K), 0.0086060 secs] [Times: user=0.05 sys=0.00, real=0.01 secs] 
2014-07-08T07:06:30.966+0000: 1236.056: [GC [PSYoungGen: 228916K->1467K(223680K)] 490182K->262789K(910656K), 0.0046840 secs] [Times: user=0.01 sys=0.00, real=0.00 secs] 
2014-07-08T07:06:31.736+0000: 1236.826: [GC [PSYoungGen: 223644K->758K(267456K)] 484966K->262401K(954432K), 0.0124990 secs] [Times: user=0.09 sys=0.00, real=0.01 secs] 
2014-07-08T07:06:32.680+0000: 1237.770: [GC [PSYoungGen: 267446K->658K(270080K)] 529089K->262349K(957056K), 0.0094180 secs] [Times: user=0.05 sys=0.00, real=0.01 secs] 
2014-07-08T07:06:33.612+0000: 1238.702: [GC [PSYoungGen: 268946K->794K(262336K)] 530637K->262573K(949312K), 0.0029750 secs] [Times: user=0.02 sys=0.00, real=0.00 secs] 
2014-07-08T07:06:34.507+0000: 1239.597: [GC [PSYoungGen: 262296K->1178K(256192K)] 524075K->263029K(943168K), 0.0095930 secs] [Times: user=0.05 sys=0.00, real=0.00 secs] 
2014-07-08T07:06:35.401+0000: 1240.491: [GC [PSYoungGen: 256154K->1104K(249792K)] 518005K->263035K(936768K), 0.0060420 secs] [Times: user=0.03 sys=0.00, real=0.01 secs] 
2014-07-08T07:06:36.293+0000: 1241.383: [GC [PSYoungGen: 249744K->811K(243392K)] 511675K->262822K(930368K), 0.0032910 secs] [Times: user=0.02 sys=0.01, real=0.00 secs] 
2014-07-08T07:06:37.177+0000: 1242.268: [GC [PSYoungGen: 243329K->1498K(238272K)] 505340K->263597K(925248K), 0.0060340 secs] [Times: user=0.04 sys=0.00, real=0.00 secs] 
2014-07-08T07:06:37.959+0000: 1243.049: [GC [PSYoungGen: 238234K->1432K(232576K)] 500333K->263595K(919552K), 0.0061800 secs] [Times: user=0.03 sys=0.00, real=0.00 secs] 
2014-07-08T07:06:38.793+0000: 1243.884: [GC [PSYoungGen: 232494K->630K(226304K)] 494657K->263040K(913280K), 0.0089430 secs] [Times: user=0.05 sys=0.00, real=0.01 secs] 
2014-07-08T07:06:39.547+0000: 1244.637: [GC [PSYoungGen: 226294K->926K(221376K)] 488704K->263400K(908352K), 0.0039910 secs] [Times: user=0.02 sys=0.00, real=0.00 secs] 
2014-07-08T07:06:40.350+0000: 1245.440: [GC [PSYoungGen: 221342K->758K(216128K)] 483816K->263378K(903104K), 0.0043980 secs] [Times: user=0.03 sys=0.00, real=0.00 secs] 
2014-07-08T07:06:41.089+0000: 1246.179: [GC [PSYoungGen: 216118K->1220K(211776K)] 478738K->263912K(898752K), 0.0111900 secs] [Times: user=0.07 sys=0.00, real=0.01 secs] 
2014-07-08T07:06:41.819+0000: 1246.909: [GC [PSYoungGen: 211716K->776K(206656K)] 474408K->263548K(893632K), 0.0051720 secs] [Times: user=0.03 sys=0.00, real=0.00 secs] 
2014-07-08T07:06:42.545+0000: 1247.635: [GC [PSYoungGen: 206600K->958K(202240K)] 469372K->263826K(889216K), 0.0042350 secs] [Times: user=0.02 sys=0.01, real=0.01 secs] 
2014-07-08T07:06:43.268+0000: 1248.358: [GC [PSYoungGen: 202207K->972K(197952K)] 465075K->263928K(884928K), 0.0079890 secs] [Times: user=0.05 sys=0.01, real=0.00 secs] 
2014-07-08T07:06:44.119+0000: 1249.209: [GC [PSYoungGen: 197872K->1288K(194048K)] 460829K->264316K(881024K), 0.0081830 secs] [Times: user=0.05 sys=0.00, real=0.00 secs] 
2014-07-08T07:06:44.686+0000: 1249.776: [GC [PSYoungGen: 193992K->928K(232256K)] 457020K->264020K(919232K), 0.0092210 secs] [Times: user=0.03 sys=0.00, real=0.01 secs] 
2014-07-08T07:06:45.424+0000: 1250.514: [GC [PSYoungGen: 232224K->940K(226816K)] 495316K->264104K(913792K), 0.0043510 secs] [Times: user=0.02 sys=0.00, real=0.01 secs] 
2014-07-08T07:06:46.239+0000: 1251.329: [GC [PSYoungGen: 226796K->1376K(222016K)] 489960K->264628K(908992K), 0.0033130 secs] [Times: user=0.02 sys=0.00, real=0.00 secs] 
2014-07-08T07:06:46.976+0000: 1252.066: [GC [PSYoungGen: 221961K->1303K(216896K)] 485213K->264643K(903872K), 0.0037980 secs] [Times: user=0.02 sys=0.00, real=0.01 secs] 
2014-07-08T07:06:47.703+0000: 1252.793: [GC [PSYoungGen: 216845K->616K(211328K)] 480185K->264274K(898304K), 0.0074210 secs] [Times: user=0.05 sys=0.00, real=0.01 secs] 
2014-07-08T07:06:48.459+0000: 1253.549: [GC [PSYoungGen: 211304K->1248K(207232K)] 474962K->264962K(894208K), 0.0104210 secs] [Times: user=0.04 sys=0.01, real=0.02 secs] 
2014-07-08T07:06:49.264+0000: 1254.354: [GC [PSYoungGen: 207200K->1462K(248640K)] 470914K->265241K(935616K), 0.0105730 secs] [Times: user=0.07 sys=0.00, real=0.01 secs] 
2014-07-08T07:06:50.018+0000: 1255.108: [GC [PSYoungGen: 248599K->912K(297600K)] 512378K->264730K(984576K), 0.0097550 secs] [Times: user=0.06 sys=0.00, real=0.01 secs] 
2014-07-08T07:06:51.072+0000: 1256.162: [GC [PSYoungGen: 297552K->1210K(289920K)] 561370K->265116K(976896K), 0.0062040 secs] [Times: user=0.04 sys=0.00, real=0.00 secs] 
2014-07-08T07:06:52.095+0000: 1257.185: [GC [PSYoungGen: 289914K->1466K(282560K)] 553820K->265421K(969536K), 0.0043180 secs] [Times: user=0.02 sys=0.00, real=0.01 secs] 
2014-07-08T07:06:53.036+0000: 1258.126: [GC [PSYoungGen: 282554K->812K(274624K)] 546509K->265050K(961600K), 0.0053630 secs] [Times: user=0.04 sys=0.00, real=0.01 secs] 
2014-07-08T07:06:53.992+0000: 1259.082: [GC [PSYoungGen: 274604K->1200K(267968K)] 538842K->265526K(954944K), 0.0037620 secs] [Times: user=0.02 sys=0.00, real=0.00 secs] 
2014-07-08T07:06:54.926+0000: 1260.016: [GC [PSYoungGen: 267952K->986K(261056K)] 532278K->265384K(948032K), 0.0068710 secs] [Times: user=0.04 sys=0.01, real=0.01 secs] 
2014-07-08T07:06:55.815+0000: 1260.905: [GC [PSYoungGen: 261018K->872K(254400K)] 525416K->265350K(941376K), 0.0112320 secs] [Times: user=0.07 sys=0.00, real=0.01 secs] 
2014-07-08T07:06:56.716+0000: 1261.806: [GC [PSYoungGen: 254342K->1079K(248320K)] 518821K->265621K(935296K), 0.0105710 secs] [Times: user=0.07 sys=0.01, real=0.01 secs] 
2014-07-08T07:06:57.600+0000: 1262.690: [GC [PSYoungGen: 248311K->1040K(242304K)] 512853K->265662K(929280K), 0.0074910 secs] [Times: user=0.04 sys=0.00, real=0.01 secs] 
2014-07-08T07:06:58.434+0000: 1263.524: [GC [PSYoungGen: 242256K->950K(236352K)] 506878K->265636K(923328K), 0.0031510 secs] [Times: user=0.01 sys=0.00, real=0.00 secs] 
2014-07-08T07:06:59.266+0000: 1264.356: [GC [PSYoungGen: 236342K->992K(230848K)] 501028K->265782K(917824K), 0.0052630 secs] [Times: user=0.03 sys=0.00, real=0.01 secs] 
2014-07-08T07:07:00.125+0000: 1265.215: [GC [PSYoungGen: 230816K->1252K(225728K)] 495606K->266234K(912704K), 0.0044500 secs] [Times: user=0.02 sys=0.00, real=0.00 secs] 
2014-07-08T07:07:00.868+0000: 1265.958: [GC [PSYoungGen: 225700K->1221K(220544K)] 490682K->266259K(907520K), 0.0086620 secs] [Times: user=0.05 sys=0.01, real=0.01 secs] 
2014-07-08T07:07:01.626+0000: 1266.716: [GC [PSYoungGen: 220485K->800K(215104K)] 485523K->266000K(902080K), 0.0046350 secs] [Times: user=0.04 sys=0.00, real=0.00 secs] 
2014-07-08T07:07:02.387+0000: 1267.477: [GC [PSYoungGen: 215072K->822K(210304K)] 480272K->266086K(897280K), 0.0039250 secs] [Times: user=0.02 sys=0.00, real=0.00 secs] 
2014-07-08T07:07:03.155+0000: 1268.245: [GC [PSYoungGen: 210294K->1370K(206208K)] 475558K->266730K(893184K), 0.0104630 secs] [Times: user=0.06 sys=0.00, real=0.01 secs] 
2014-07-08T07:07:03.854+0000: 1268.944: [GC [PSYoungGen: 206151K->1413K(201792K)] 471511K->266861K(888768K), 0.0054370 secs] [Times: user=0.03 sys=0.01, real=0.00 secs] 
2014-07-08T07:07:04.519+0000: 1269.609: [GC [PSYoungGen: 201733K->502K(196480K)] 467181K->266380K(883456K), 0.0075190 secs] [Times: user=0.05 sys=0.00, real=0.01 secs] 
2014-07-08T07:07:05.242+0000: 1270.332: [GC [PSYoungGen: 196470K->1378K(193152K)] 462348K->267320K(880128K), 0.0075480 secs] [Times: user=0.05 sys=0.00, real=0.00 secs] 
2014-07-08T07:07:05.885+0000: 1270.975: [GC [PSYoungGen: 193037K->1314K(231488K)] 458980K->267503K(918464K), 0.0141270 secs] [Times: user=0.08 sys=0.00, real=0.01 secs] 
2014-07-08T07:07:06.673+0000: 1271.764: [GC [PSYoungGen: 231453K->1156K(277440K)] 497642K->267433K(964416K), 0.0057780 secs] [Times: user=0.03 sys=0.00, real=0.00 secs] 
2014-07-08T07:07:07.615+0000: 1272.705: [GC [PSYoungGen: 277351K->950K(270080K)] 543628K->267455K(957056K), 0.0034230 secs] [Times: user=0.02 sys=0.00, real=0.00 secs] 
2014-07-08T07:07:08.555+0000: 1273.645: [GC [PSYoungGen: 270033K->890K(263168K)] 536538K->267498K(950144K), 0.0091250 secs] [Times: user=0.06 sys=0.00, real=0.01 secs] 
2014-07-08T07:07:09.469+0000: 1274.559: [GC [PSYoungGen: 263162K->1038K(256768K)] 529770K->267711K(943744K), 0.0104640 secs] [Times: user=0.07 sys=0.00, real=0.01 secs] 
2014-07-08T07:07:10.351+0000: 1275.442: [GC [PSYoungGen: 256718K->844K(250240K)] 523391K->267589K(937216K), 0.0055460 secs] [Times: user=0.04 sys=0.00, real=0.01 secs] 
2014-07-08T07:07:11.257+0000: 1276.347: [GC [PSYoungGen: 250188K->1252K(244544K)] 516933K->268263K(931520K), 0.0056740 secs] [Times: user=0.04 sys=0.00, real=0.01 secs] 
2014-07-08T07:07:12.071+0000: 1277.161: [GC [PSYoungGen: 244516K->1300K(238720K)] 511527K->268383K(925696K), 0.0053040 secs] [Times: user=0.02 sys=0.00, real=0.01 secs] 
2014-07-08T07:07:12.886+0000: 1277.976: [GC [PSYoungGen: 238658K->868K(232640K)] 505741K->268229K(919616K), 0.0115730 secs] [Times: user=0.07 sys=0.00, real=0.01 secs] 
2014-07-08T07:07:13.679+0000: 1278.769: [GC [PSYoungGen: 232589K->990K(227328K)] 499950K->268431K(914304K), 0.0031330 secs] [Times: user=0.01 sys=0.00, real=0.00 secs] 
2014-07-08T07:07:14.487+0000: 1279.577: [GC [PSYoungGen: 227294K->1214K(222272K)] 494735K->268777K(909248K), 0.0055120 secs] [Times: user=0.04 sys=0.00, real=0.00 secs] 
2014-07-08T07:07:15.302+0000: 1280.392: [GC [PSYoungGen: 222270K->1018K(217024K)] 489833K->268661K(904000K), 0.0059760 secs] [Times: user=0.04 sys=0.00, real=0.01 secs] 
2014-07-08T07:07:16.038+0000: 1281.129: [GC [PSYoungGen: 217018K->1132K(212288K)] 484661K->268879K(899264K), 0.0042750 secs] [Times: user=0.02 sys=0.00, real=0.00 secs] 
2014-07-08T07:07:16.746+0000: 1281.836: [GC [PSYoungGen: 212268K->958K(207360K)] 480015K->268777K(894336K), 0.0041160 secs] [Times: user=0.02 sys=0.01, real=0.00 secs] 
2014-07-08T07:07:17.529+0000: 1282.619: [GC [PSYoungGen: 207358K->1068K(202944K)] 475177K->268983K(889920K), 0.0059360 secs] [Times: user=0.04 sys=0.00, real=0.01 secs] 
2014-07-08T07:07:18.221+0000: 1283.311: [GC [PSYoungGen: 202924K->1456K(198912K)] 470839K->269483K(885888K), 0.0071410 secs] [Times: user=0.04 sys=0.01, real=0.01 secs] 
2014-07-08T07:07:18.939+0000: 1284.029: [GC [PSYoungGen: 198896K->562K(193792K)] 466923K->269263K(880768K), 0.0081500 secs] [Times: user=0.06 sys=0.00, real=0.01 secs] 
2014-07-08T07:07:19.569+0000: 1284.659: [GC [PSYoungGen: 193778K->1468K(190592K)] 462479K->270217K(877568K), 0.0067050 secs] [Times: user=0.04 sys=0.01, real=0.01 secs] 
2014-07-08T07:07:20.220+0000: 1285.310: [GC [PSYoungGen: 190581K->890K(186048K)] 459330K->270355K(873024K), 0.0041910 secs] [Times: user=0.02 sys=0.00, real=0.00 secs] 
2014-07-08T07:07:20.839+0000: 1285.929: [GC [PSYoungGen: 186042K->1110K(182464K)] 455507K->270639K(869440K), 0.0083630 secs] [Times: user=0.05 sys=0.00, real=0.01 secs] 
2014-07-08T07:07:21.480+0000: 1286.570: [GC [PSYoungGen: 182422K->882K(178496K)] 451951K->270499K(865472K), 0.0054050 secs] [Times: user=0.03 sys=0.00, real=0.01 secs] 
2014-07-08T07:07:22.133+0000: 1287.223: [GC [PSYoungGen: 178463K->1317K(175360K)] 448081K->271014K(862336K), 0.0068210 secs] [Times: user=0.04 sys=0.01, real=0.01 secs] 
2014-07-08T07:07:22.700+0000: 1287.790: [GC [PSYoungGen: 175261K->1044K(171648K)] 444958K->270821K(858624K), 0.0039480 secs] [Times: user=0.02 sys=0.00, real=0.01 secs] 
2014-07-08T07:07:23.420+0000: 1288.510: [GC [PSYoungGen: 171587K->1186K(168384K)] 441364K->271035K(855360K), 0.0078000 secs] [Times: user=0.05 sys=0.00, real=0.01 secs] 
2014-07-08T07:07:23.887+0000: 1288.977: [GC [PSYoungGen: 168354K->1078K(201728K)] 438203K->271081K(888704K), 0.0066080 secs] [Times: user=0.05 sys=0.00, real=0.01 secs] 
2014-07-08T07:07:24.577+0000: 1289.667: [GC [PSYoungGen: 201718K->890K(197184K)] 471721K->270957K(884160K), 0.0049070 secs] [Times: user=0.03 sys=0.00, real=0.00 secs] 
2014-07-08T07:07:25.302+0000: 1290.392: [GC [PSYoungGen: 197177K->1014K(193088K)] 467245K->271161K(880064K), 0.0046330 secs] [Times: user=0.03 sys=0.00, real=0.01 secs] 
2014-07-08T07:07:25.941+0000: 1291.031: [GC [PSYoungGen: 193078K->968K(188992K)] 463225K->271187K(875968K), 0.0067190 secs] [Times: user=0.04 sys=0.00, real=0.01 secs] 
2014-07-08T07:07:26.588+0000: 1291.678: [GC [PSYoungGen: 188932K->808K(184896K)] 459151K->271115K(871872K), 0.0043740 secs] [Times: user=0.02 sys=0.00, real=0.00 secs] 
2014-07-08T07:07:27.273+0000: 1292.364: [GC [PSYoungGen: 184865K->1086K(181376K)] 455172K->271449K(868352K), 0.0039010 secs] [Times: user=0.02 sys=0.00, real=0.01 secs] 
2014-07-08T07:07:27.859+0000: 1292.949: [GC [PSYoungGen: 181374K->1064K(177728K)] 451737K->271483K(864704K), 0.0046870 secs] [Times: user=0.03 sys=0.00, real=0.00 secs] 
2014-07-08T07:07:28.561+0000: 1293.651: [GC [PSYoungGen: 177704K->1196K(174272K)] 448123K->271695K(861248K), 0.0043570 secs] [Times: user=0.02 sys=0.00, real=0.01 secs] 
2014-07-08T07:07:29.237+0000: 1294.327: [GC [PSYoungGen: 174220K->694K(170304K)] 444719K->271961K(857280K), 0.0071400 secs] [Times: user=0.05 sys=0.00, real=0.00 secs] 
2014-07-08T07:07:29.703+0000: 1294.793: [GC [PSYoungGen: 170294K->1254K(167552K)] 441561K->272593K(854528K), 0.0039500 secs] [Times: user=0.02 sys=0.00, real=0.01 secs] 
2014-07-08T07:07:30.319+0000: 1295.409: [GC [PSYoungGen: 167526K->972K(164096K)] 438865K->272827K(851072K), 0.0052770 secs] [Times: user=0.02 sys=0.00, real=0.00 secs] 
2014-07-08T07:07:30.848+0000: 1295.939: [GC [PSYoungGen: 164044K->950K(160896K)] 435899K->272885K(847872K), 0.0087060 secs] [Times: user=0.05 sys=0.00, real=0.01 secs] 
2014-07-08T07:07:31.414+0000: 1296.504: [GC [PSYoungGen: 160886K->926K(157888K)] 432821K->272941K(844864K), 0.0050930 secs] [Times: user=0.03 sys=0.01, real=0.01 secs] 
2014-07-08T07:07:31.968+0000: 1297.058: [GC [PSYoungGen: 157854K->1232K(155264K)] 429869K->273327K(842240K), 0.0051150 secs] [Times: user=0.03 sys=0.00, real=0.00 secs] 
2014-07-08T07:07:32.489+0000: 1297.579: [GC [PSYoungGen: 155216K->894K(152064K)] 427311K->273317K(839040K), 0.0061750 secs] [Times: user=0.04 sys=0.00, real=0.01 secs] 
2014-07-08T07:07:33.045+0000: 1298.135: [GC [PSYoungGen: 152062K->1214K(182656K)] 424485K->273685K(869632K), 0.0094520 secs] [Times: user=0.05 sys=0.00, real=0.01 secs] 
2014-07-08T07:07:33.650+0000: 1298.740: [GC [PSYoungGen: 182654K->790K(218560K)] 455125K->273341K(905536K), 0.0098360 secs] [Times: user=0.07 sys=0.00, real=0.01 secs] 
2014-07-08T07:07:34.529+0000: 1299.619: [GC [PSYoungGen: 218518K->1584K(262912K)] 491069K->274232K(949888K), 0.0054210 secs] [Times: user=0.03 sys=0.00, real=0.00 secs] 
2014-07-08T07:07:35.310+0000: 1300.400: [GC [PSYoungGen: 262896K->822K(255616K)] 535544K->273557K(942592K), 0.0052780 secs] [Times: user=0.03 sys=0.00, real=0.00 secs] 
2014-07-08T07:07:36.240+0000: 1301.330: [GC [PSYoungGen: 255585K->1563K(250112K)] 528320K->274394K(937088K), 0.0065980 secs] [Times: user=0.04 sys=0.00, real=0.01 secs] 
2014-07-08T07:07:37.067+0000: 1302.157: [GC [PSYoungGen: 250075K->1086K(243520K)] 522906K->274121K(930496K), 0.0085900 secs] [Times: user=0.05 sys=0.00, real=0.00 secs] 
2014-07-08T07:07:37.884+0000: 1302.974: [GC [PSYoungGen: 243518K->972K(237632K)] 516553K->274055K(924608K), 0.0050830 secs] [Times: user=0.02 sys=0.00, real=0.01 secs] 
2014-07-08T07:07:38.704+0000: 1303.794: [GC [PSYoungGen: 237580K->794K(231808K)] 510663K->273925K(918784K), 0.0083070 secs] [Times: user=0.05 sys=0.00, real=0.01 secs] 
2014-07-08T07:07:39.614+0000: 1304.704: [GC [PSYoungGen: 231729K->1777K(227328K)] 504861K->275062K(914304K), 0.0067570 secs] [Times: user=0.04 sys=0.01, real=0.01 secs] 
2014-07-08T07:07:40.303+0000: 1305.394: [GC [PSYoungGen: 227313K->918K(221248K)] 500598K->274283K(908224K), 0.0083140 secs] [Times: user=0.05 sys=0.00, real=0.01 secs] 
2014-07-08T07:07:41.069+0000: 1306.160: [GC [PSYoungGen: 221206K->972K(216256K)] 494571K->274417K(903232K), 0.0047200 secs] [Times: user=0.03 sys=0.00, real=0.00 secs] 
2014-07-08T07:07:41.803+0000: 1306.894: [GC [PSYoungGen: 216187K->1179K(211584K)] 489633K->274713K(898560K), 0.0034870 secs] [Times: user=0.02 sys=0.00, real=0.01 secs] 
2014-07-08T07:07:42.538+0000: 1307.628: [GC [PSYoungGen: 211547K->954K(206656K)] 485081K->274583K(893632K), 0.0065530 secs] [Times: user=0.05 sys=0.00, real=0.00 secs] 
2014-07-08T07:07:43.283+0000: 1308.374: [GC [PSYoungGen: 206613K->1449K(202624K)] 480243K->275159K(889600K), 0.0036100 secs] [Times: user=0.01 sys=0.00, real=0.01 secs] 
2014-07-08T07:07:43.965+0000: 1309.055: [GC [PSYoungGen: 202601K->1210K(198016K)] 476311K->274976K(884992K), 0.0037810 secs] [Times: user=0.02 sys=0.01, real=0.01 secs] 
2014-07-08T07:07:44.723+0000: 1309.813: [GC [PSYoungGen: 198010K->1078K(193664K)] 471776K->275094K(880640K), 0.0075050 secs] [Times: user=0.04 sys=0.01, real=0.01 secs] 
2014-07-08T07:07:45.400+0000: 1310.490: [GC [PSYoungGen: 193654K->936K(189440K)] 467670K->275039K(876416K), 0.0074200 secs] [Times: user=0.05 sys=0.01, real=0.01 secs] 
2014-07-08T07:07:45.996+0000: 1311.086: [GC [PSYoungGen: 189416K->1182K(185728K)] 463519K->275349K(872704K), 0.0055160 secs] [Times: user=0.03 sys=0.00, real=0.01 secs] 
2014-07-08T07:07:46.622+0000: 1311.713: [GC [PSYoungGen: 185694K->976K(181696K)] 459861K->275239K(868672K), 0.0056400 secs] [Times: user=0.04 sys=0.00, real=0.01 secs] 
2014-07-08T07:07:47.293+0000: 1312.383: [GC [PSYoungGen: 181648K->1274K(178240K)] 455911K->275822K(865216K), 0.0056850 secs] [Times: user=0.04 sys=0.00, real=0.01 secs] 
2014-07-08T07:07:47.864+0000: 1312.955: [GC [PSYoungGen: 178234K->958K(174336K)] 452782K->275602K(861312K), 0.0060790 secs] [Times: user=0.04 sys=0.01, real=0.01 secs] 
2014-07-08T07:07:48.472+0000: 1313.562: [GC [PSYoungGen: 174321K->1092K(171072K)] 448965K->275808K(858048K), 0.0034500 secs] [Times: user=0.02 sys=0.00, real=0.00 secs] 
2014-07-08T07:07:49.094+0000: 1314.185: [GC [PSYoungGen: 170966K->1309K(167936K)] 445682K->276081K(854912K), 0.0075700 secs] [Times: user=0.05 sys=0.00, real=0.01 secs] 
2014-07-08T07:07:49.670+0000: 1314.760: [GC [PSYoungGen: 167901K->644K(164032K)] 442673K->275439K(851008K), 0.0052310 secs] [Times: user=0.02 sys=0.00, real=0.00 secs] 
2014-07-08T07:07:50.324+0000: 1315.414: [GC [PSYoungGen: 163972K->1408K(161664K)] 438767K->276276K(848640K), 0.0091930 secs] [Times: user=0.07 sys=0.00, real=0.01 secs] 
2014-07-08T07:07:50.825+0000: 1315.915: [GC [PSYoungGen: 161600K->1104K(193408K)] 436468K->276068K(880384K), 0.0062420 secs] [Times: user=0.04 sys=0.00, real=0.01 secs] 
2014-07-08T07:07:51.511+0000: 1316.601: [GC [PSYoungGen: 193360K->890K(189056K)] 468324K->275942K(876032K), 0.0048580 secs] [Times: user=0.02 sys=0.00, real=0.00 secs] 
2014-07-08T07:07:52.181+0000: 1317.272: [GC [PSYoungGen: 189050K->1458K(185664K)] 464102K->276590K(872640K), 0.0060630 secs] [Times: user=0.04 sys=0.00, real=0.00 secs] 
2014-07-08T07:07:52.771+0000: 1317.861: [GC [PSYoungGen: 185650K->1270K(181696K)] 460782K->276474K(868672K), 0.0040240 secs] [Times: user=0.02 sys=0.00, real=0.00 secs] 
2014-07-08T07:07:53.418+0000: 1318.508: [GC [PSYoungGen: 181686K->888K(177600K)] 456890K->276300K(864576K), 0.0054920 secs] [Times: user=0.04 sys=0.00, real=0.01 secs] 
2014-07-08T07:07:54.033+0000: 1319.123: [GC [PSYoungGen: 177592K->1118K(174272K)] 453004K->276578K(861248K), 0.0059560 secs] [Times: user=0.04 sys=0.00, real=0.01 secs] 
2014-07-08T07:07:54.644+0000: 1319.734: [GC [PSYoungGen: 174186K->694K(170368K)] 449646K->276210K(857344K), 0.0035790 secs] [Times: user=0.01 sys=0.00, real=0.00 secs] 
2014-07-08T07:07:55.289+0000: 1320.379: [GC [PSYoungGen: 170357K->1396K(167744K)] 445873K->276976K(854720K), 0.0037180 secs] [Times: user=0.02 sys=0.00, real=0.01 secs] 
2014-07-08T07:07:55.820+0000: 1320.910: [GC [PSYoungGen: 167731K->776K(163968K)] 443311K->276436K(850944K), 0.0039400 secs] [Times: user=0.02 sys=0.00, real=0.00 secs] 
2014-07-08T07:07:56.469+0000: 1321.559: [GC [PSYoungGen: 163912K->1462K(161472K)] 439572K->277210K(848448K), 0.0068250 secs] [Times: user=0.02 sys=0.00, real=0.00 secs] 
2014-07-08T07:07:56.945+0000: 1322.035: [GC [PSYoungGen: 161462K->1004K(158016K)] 437210K->276816K(844992K), 0.0058260 secs] [Times: user=0.04 sys=0.00, real=0.01 secs] 
2014-07-08T07:07:57.475+0000: 1322.565: [GC [PSYoungGen: 157996K->876K(154944K)] 433808K->276776K(841920K), 0.0046950 secs] [Times: user=0.02 sys=0.00, real=0.01 secs] 
2014-07-08T07:07:58.026+0000: 1323.116: [GC [PSYoungGen: 154924K->1142K(186048K)] 430824K->277074K(873024K), 0.0146500 secs] [Times: user=0.09 sys=0.00, real=0.02 secs] 
2014-07-08T07:07:58.657+0000: 1323.747: [GC [PSYoungGen: 186001K->1192K(223104K)] 461933K->277212K(910080K), 0.0043570 secs] [Times: user=0.02 sys=0.00, real=0.01 secs] 
2014-07-08T07:07:59.439+0000: 1324.529: [GC [PSYoungGen: 223079K->908K(250752K)] 499099K->277016K(937728K), 0.0061290 secs] [Times: user=0.04 sys=0.01, real=0.01 secs] 
2014-07-08T07:08:00.312+0000: 1325.402: [GC [PSYoungGen: 250508K->662K(244224K)] 526616K->276818K(931200K), 0.0048360 secs] [Times: user=0.02 sys=0.00, real=0.00 secs] 
2014-07-08T07:08:01.200+0000: 1326.290: [GC [PSYoungGen: 244182K->1022K(238656K)] 520338K->277462K(925632K), 0.0058310 secs] [Times: user=0.03 sys=0.00, real=0.01 secs] 
2014-07-08T07:08:02.040+0000: 1327.130: [GC [PSYoungGen: 238654K->1086K(233024K)] 515094K->277582K(920000K), 0.0068650 secs] [Times: user=0.04 sys=0.01, real=0.00 secs] 
2014-07-08T07:08:02.824+0000: 1327.914: [GC [PSYoungGen: 233022K->1128K(248704K)] 509518K->277738K(935680K), 0.0143460 secs] [Times: user=0.10 sys=0.00, real=0.01 secs] 
2014-07-08T07:08:03.685+0000: 1328.775: [GC [PSYoungGen: 248390K->808K(242112K)] 525000K->277490K(929088K), 0.0035010 secs] [Times: user=0.02 sys=0.00, real=0.00 secs] 
2014-07-08T07:08:04.540+0000: 1329.630: [GC [PSYoungGen: 242088K->630K(236096K)] 518770K->277336K(923072K), 0.0055670 secs] [Times: user=0.02 sys=0.00, real=0.01 secs] 
2014-07-08T07:08:05.399+0000: 1330.489: [GC [PSYoungGen: 236086K->1104K(231040K)] 512792K->277890K(918016K), 0.0054110 secs] [Times: user=0.03 sys=0.00, real=0.01 secs] 
2014-07-08T07:08:06.183+0000: 1331.273: [GC [PSYoungGen: 230992K->1360K(225920K)] 507778K->278218K(912896K), 0.0113030 secs] [Times: user=0.07 sys=0.00, real=0.01 secs] 
2014-07-08T07:08:06.948+0000: 1332.038: [GC [PSYoungGen: 225872K->1374K(246336K)] 502730K->278272K(933312K), 0.0132590 secs] [Times: user=0.07 sys=0.00, real=0.02 secs] 
2014-07-08T07:08:07.814+0000: 1332.905: [GC [PSYoungGen: 246046K->854K(271168K)] 522944K->277816K(958144K), 0.0063550 secs] [Times: user=0.03 sys=0.00, real=0.01 secs] 
2014-07-08T07:08:08.748+0000: 1333.838: [GC [PSYoungGen: 270294K->1161K(263808K)] 547256K->278179K(950784K), 0.0038140 secs] [Times: user=0.02 sys=0.00, real=0.01 secs] 
2014-07-08T07:08:09.720+0000: 1334.810: [GC [PSYoungGen: 263752K->566K(256576K)] 540770K->278366K(943552K), 0.0070010 secs] [Times: user=0.05 sys=0.00, real=0.01 secs] 
2014-07-08T07:08:10.550+0000: 1335.640: [GC [PSYoungGen: 256566K->1428K(251136K)] 534366K->279300K(938112K), 0.0071520 secs] [Times: user=0.04 sys=0.01, real=0.01 secs] 
2014-07-08T07:08:11.431+0000: 1336.521: [GC [PSYoungGen: 251040K->1057K(244672K)] 528913K->279459K(931648K), 0.0053610 secs] [Times: user=0.03 sys=0.01, real=0.00 secs] 
2014-07-08T07:08:12.294+0000: 1337.384: [GC [PSYoungGen: 244640K->1486K(239232K)] 523043K->279928K(926208K), 0.0140130 secs] [Times: user=0.08 sys=0.01, real=0.01 secs] 
2014-07-08T07:08:13.145+0000: 1338.235: [GC [PSYoungGen: 239182K->882K(267520K)] 517624K->279542K(954496K), 0.0097710 secs] [Times: user=0.06 sys=0.00, real=0.01 secs] 
2014-07-08T07:08:14.037+0000: 1339.127: [GC [PSYoungGen: 267506K->972K(260928K)] 546166K->279680K(947904K), 0.0045290 secs] [Times: user=0.02 sys=0.00, real=0.00 secs] 
2014-07-08T07:08:14.957+0000: 1340.047: [GC [PSYoungGen: 260876K->814K(254272K)] 539584K->280088K(941248K), 0.0087260 secs] [Times: user=0.07 sys=0.00, real=0.01 secs] 
2014-07-08T07:08:15.810+0000: 1340.900: [GC [PSYoungGen: 254254K->972K(248192K)] 533528K->280334K(935168K), 0.0062950 secs] [Times: user=0.04 sys=0.01, real=0.01 secs] 
2014-07-08T07:08:16.671+0000: 1341.761: [GC [PSYoungGen: 248140K->762K(241920K)] 527502K->280254K(928896K), 0.0055590 secs] [Times: user=0.04 sys=0.00, real=0.01 secs] 
2014-07-08T07:08:17.502+0000: 1342.592: [GC [PSYoungGen: 241914K->794K(236160K)] 521406K->280350K(923136K), 0.0119410 secs] [Times: user=0.09 sys=0.00, real=0.02 secs] 
2014-07-08T07:08:18.384+0000: 1343.474: [GC [PSYoungGen: 236122K->1402K(231168K)] 515678K->281039K(918144K), 0.0098100 secs] [Times: user=0.06 sys=0.00, real=0.01 secs] 
2014-07-08T07:08:19.187+0000: 1344.277: [GC [PSYoungGen: 231067K->1331K(225728K)] 510704K->281016K(912704K), 0.0085290 secs] [Times: user=0.06 sys=0.00, real=0.01 secs] 
2014-07-08T07:08:20.015+0000: 1345.105: [GC [PSYoungGen: 225715K->872K(220096K)] 505400K->280796K(907072K), 0.0076200 secs] [Times: user=0.05 sys=0.00, real=0.00 secs] 
2014-07-08T07:08:20.693+0000: 1345.783: [GC [PSYoungGen: 220061K->1318K(262656K)] 499986K->281322K(949632K), 0.0104800 secs] [Times: user=0.07 sys=0.00, real=0.01 secs] 
2014-07-08T07:08:21.597+0000: 1346.687: [GC [PSYoungGen: 262245K->908K(255360K)] 542250K->281140K(942336K), 0.0056470 secs] [Times: user=0.03 sys=0.00, real=0.01 secs] 
2014-07-08T07:08:22.485+0000: 1347.576: [GC [PSYoungGen: 255281K->876K(249024K)] 535513K->281180K(936000K), 0.0032590 secs] [Times: user=0.02 sys=0.00, real=0.00 secs] 
2014-07-08T07:08:23.360+0000: 1348.450: [GC [PSYoungGen: 248988K->1161K(243264K)] 529292K->281554K(930240K), 0.0066970 secs] [Times: user=0.05 sys=0.00, real=0.01 secs] 
2014-07-08T07:08:24.348+0000: 1349.438: [GC [PSYoungGen: 243173K->1146K(237376K)] 523566K->281594K(924352K), 0.0125020 secs] [Times: user=0.07 sys=0.00, real=0.01 secs] 
2014-07-08T07:08:25.198+0000: 1350.289: [GC [PSYoungGen: 237370K->1148K(261568K)] 517818K->281961K(948544K), 0.0129350 secs] [Times: user=0.08 sys=0.00, real=0.01 secs] 
2014-07-08T07:08:25.950+0000: 1351.040: [GC [PSYoungGen: 261564K->1274K(262144K)] 542377K->282150K(949120K), 0.0089070 secs] [Times: user=0.06 sys=0.00, real=0.01 secs] 
2014-07-08T07:08:26.843+0000: 1351.934: [GC [PSYoungGen: 261690K->1166K(255104K)] 542566K->282203K(942080K), 0.0058670 secs] [Times: user=0.04 sys=0.00, real=0.01 secs] 
2014-07-08T07:08:27.734+0000: 1352.824: [GC [PSYoungGen: 255054K->890K(248512K)] 536091K->282022K(935488K), 0.0074260 secs] [Times: user=0.04 sys=0.00, real=0.01 secs] 
2014-07-08T07:08:28.597+0000: 1353.688: [GC [PSYoungGen: 248465K->833K(242496K)] 529598K->282005K(929472K), 0.0054150 secs] [Times: user=0.02 sys=0.00, real=0.00 secs] 
2014-07-08T07:08:29.449+0000: 1354.539: [GC [PSYoungGen: 242409K->612K(236416K)] 523581K->281840K(923392K), 0.0034180 secs] [Times: user=0.02 sys=0.00, real=0.00 secs] 
2014-07-08T07:08:30.506+0000: 1355.596: [GC [PSYoungGen: 236388K->1042K(231232K)] 517616K->282366K(918208K), 0.0038500 secs] [Times: user=0.01 sys=0.00, real=0.00 secs] 
2014-07-08T07:08:31.176+0000: 1356.266: [GC [PSYoungGen: 231186K->1242K(226048K)] 512510K->282646K(913024K), 0.0105940 secs] [Times: user=0.07 sys=0.00, real=0.01 secs] 
2014-07-08T07:08:31.869+0000: 1356.959: [GC [PSYoungGen: 226010K->872K(220480K)] 507414K->282372K(907456K), 0.0044230 secs] [Times: user=0.02 sys=0.00, real=0.00 secs] 
2014-07-08T07:08:32.626+0000: 1357.716: [GC [PSYoungGen: 220418K->822K(215424K)] 501919K->282410K(902400K), 0.0057740 secs] [Times: user=0.03 sys=0.01, real=0.00 secs] 
2014-07-08T07:08:33.380+0000: 1358.470: [GC [PSYoungGen: 215414K->858K(210624K)] 497002K->282534K(897600K), 0.0068680 secs] [Times: user=0.04 sys=0.00, real=0.01 secs] 
2014-07-08T07:08:34.131+0000: 1359.221: [GC [PSYoungGen: 210586K->1538K(206656K)] 492262K->283302K(893632K), 0.0053800 secs] [Times: user=0.03 sys=0.00, real=0.01 secs] 
2014-07-08T07:08:34.817+0000: 1359.907: [GC [PSYoungGen: 206591K->752K(201344K)] 488356K->282989K(888320K), 0.0074780 secs] [Times: user=0.05 sys=0.00, real=0.00 secs] 
2014-07-08T07:08:35.641+0000: 1360.732: [GC [PSYoungGen: 201328K->1706K(197952K)] 483565K->284073K(884928K), 0.0080550 secs] [Times: user=0.05 sys=0.00, real=0.01 secs] 
2014-07-08T07:08:36.266+0000: 1361.356: [GC [PSYoungGen: 197898K->1000K(193024K)] 480265K->283775K(880000K), 0.0058000 secs] [Times: user=0.04 sys=0.00, real=0.00 secs] 
2014-07-08T07:08:36.860+0000: 1361.950: [GC [PSYoungGen: 193000K->1324K(231744K)] 475775K->284187K(918720K), 0.0100840 secs] [Times: user=0.06 sys=0.00, real=0.01 secs] 
2014-07-08T07:08:37.672+0000: 1362.762: [GC [PSYoungGen: 231714K->940K(277440K)] 514577K->283883K(964416K), 0.0091480 secs] [Times: user=0.06 sys=0.00, real=0.01 secs] 
2014-07-08T07:08:38.653+0000: 1363.744: [GC [PSYoungGen: 277420K->908K(270336K)] 560363K->283923K(957312K), 0.0072950 secs] [Times: user=0.04 sys=0.00, real=0.01 secs] 
2014-07-08T07:08:39.571+0000: 1364.661: [GC [PSYoungGen: 270200K->1079K(263616K)] 553214K->284174K(950592K), 0.0040970 secs] [Times: user=0.02 sys=0.00, real=0.00 secs] 
2014-07-08T07:08:40.614+0000: 1365.704: [GC [PSYoungGen: 263607K->950K(256896K)] 546702K->284125K(943872K), 0.0063400 secs] [Times: user=0.04 sys=0.00, real=0.01 secs] 
2014-07-08T07:08:41.449+0000: 1366.539: [GC [PSYoungGen: 256886K->840K(250496K)] 540061K->284111K(937472K), 0.0093630 secs] [Times: user=0.06 sys=0.00, real=0.01 secs] 
2014-07-08T07:08:42.306+0000: 1367.396: [GC [PSYoungGen: 250440K->1338K(244864K)] 533711K->284657K(931840K), 0.0043450 secs] [Times: user=0.01 sys=0.00, real=0.00 secs] 
2014-07-08T07:08:43.141+0000: 1368.231: [GC [PSYoungGen: 244858K->1270K(238912K)] 528177K->284669K(925888K), 0.0070870 secs] [Times: user=0.05 sys=0.00, real=0.01 secs] 
2014-07-08T07:08:43.922+0000: 1369.012: [GC [PSYoungGen: 238878K->1054K(233024K)] 522276K->284501K(920000K), 0.0096670 secs] [Times: user=0.06 sys=0.00, real=0.01 secs] 
2014-07-08T07:08:44.748+0000: 1369.838: [GC [PSYoungGen: 232988K->930K(227456K)] 516435K->284417K(914432K), 0.0043420 secs] [Times: user=0.02 sys=0.00, real=0.00 secs] 
2014-07-08T07:08:45.530+0000: 1370.621: [GC [PSYoungGen: 227400K->876K(222144K)] 510887K->284427K(909120K), 0.0066350 secs] [Times: user=0.04 sys=0.00, real=0.01 secs] 
2014-07-08T07:08:46.379+0000: 1371.469: [GC [PSYoungGen: 222124K->1516K(217728K)] 505675K->285155K(904704K), 0.0034400 secs] [Times: user=0.02 sys=0.00, real=0.00 secs] 
2014-07-08T07:08:47.081+0000: 1372.171: [GC [PSYoungGen: 217675K->1356K(212672K)] 501314K->285067K(899648K), 0.0033540 secs] [Times: user=0.01 sys=0.01, real=0.00 secs] 
2014-07-08T07:08:47.800+0000: 1372.890: [GC [PSYoungGen: 212603K->684K(207232K)] 496314K->284507K(894208K), 0.0071340 secs] [Times: user=0.05 sys=0.00, real=0.01 secs] 
2014-07-08T07:08:48.521+0000: 1373.611: [GC [PSYoungGen: 207210K->890K(202880K)] 491033K->284761K(889856K), 0.0096180 secs] [Times: user=0.06 sys=0.00, real=0.01 secs] 
2014-07-08T07:08:49.242+0000: 1374.333: [GC [PSYoungGen: 202874K->1164K(198784K)] 486745K->285107K(885760K), 0.0081730 secs] [Times: user=0.04 sys=0.00, real=0.01 secs] 
2014-07-08T07:08:49.920+0000: 1375.010: [GC [PSYoungGen: 198732K->1228K(194624K)] 482675K->285259K(881600K), 0.0076630 secs] [Times: user=0.05 sys=0.00, real=0.01 secs] 
2014-07-08T07:08:50.599+0000: 1375.689: [GC [PSYoungGen: 194572K->872K(190144K)] 478603K->284943K(877120K), 0.0061440 secs] [Times: user=0.03 sys=0.00, real=0.00 secs] 
2014-07-08T07:08:51.256+0000: 1376.346: [GC [PSYoungGen: 190085K->662K(227840K)] 474156K->284773K(914816K), 0.0111030 secs] [Times: user=0.06 sys=0.00, real=0.02 secs] 
2014-07-08T07:08:52.070+0000: 1377.160: [GC [PSYoungGen: 227798K->1412K(274048K)] 511909K->285603K(961024K), 0.0058860 secs] [Times: user=0.04 sys=0.00, real=0.00 secs] 
2014-07-08T07:08:53.061+0000: 1378.151: [GC [PSYoungGen: 273988K->1160K(266816K)] 558179K->285415K(953792K), 0.0036900 secs] [Times: user=0.02 sys=0.00, real=0.00 secs] 
2014-07-08T07:08:53.941+0000: 1379.031: [GC [PSYoungGen: 266760K->954K(259840K)] 551015K->285265K(946816K), 0.0082380 secs] [Times: user=0.04 sys=0.01, real=0.01 secs] 
2014-07-08T07:08:54.831+0000: 1379.922: [GC [PSYoungGen: 259834K->794K(253248K)] 544145K->285169K(940224K), 0.0060480 secs] [Times: user=0.04 sys=0.00, real=0.00 secs] 
2014-07-08T07:08:55.731+0000: 1380.822: [GC [PSYoungGen: 253167K->776K(247040K)] 537542K->285199K(934016K), 0.0055770 secs] [Times: user=0.02 sys=0.00, real=0.00 secs] 
2014-07-08T07:08:56.581+0000: 1381.671: [GC [PSYoungGen: 246984K->922K(241216K)] 531407K->285417K(928192K), 0.0049340 secs] [Times: user=0.02 sys=0.00, real=0.00 secs] 
2014-07-08T07:08:57.421+0000: 1382.512: [GC [PSYoungGen: 241178K->662K(235200K)] 525673K->285213K(922176K), 0.0050980 secs] [Times: user=0.03 sys=0.00, real=0.00 secs] 
2014-07-08T07:08:58.297+0000: 1383.387: [GC [PSYoungGen: 235158K->1202K(230144K)] 519709K->285824K(917120K), 0.0137780 secs] [Times: user=0.08 sys=0.00, real=0.02 secs] 
2014-07-08T07:08:59.120+0000: 1384.210: [GC [PSYoungGen: 230130K->1392K(224960K)] 514752K->286111K(911936K), 0.0054520 secs] [Times: user=0.04 sys=0.00, real=0.00 secs] 
2014-07-08T07:08:59.822+0000: 1384.912: [GC [PSYoungGen: 224944K->1042K(219456K)] 509663K->285841K(906432K), 0.0071240 secs] [Times: user=0.04 sys=0.00, real=0.01 secs] 
2014-07-08T07:09:00.625+0000: 1385.715: [GC [PSYoungGen: 219332K->1004K(214400K)] 504130K->285991K(901376K), 0.0032710 secs] [Times: user=0.02 sys=0.00, real=0.00 secs] 
2014-07-08T07:09:01.358+0000: 1386.448: [GC [PSYoungGen: 214380K->974K(209600K)] 499367K->285993K(896576K), 0.0062730 secs] [Times: user=0.02 sys=0.01, real=0.01 secs] 
2014-07-08T07:09:02.073+0000: 1387.164: [GC [PSYoungGen: 209550K->1114K(251456K)] 494569K->286181K(938432K), 0.0230180 secs] [Times: user=0.14 sys=0.00, real=0.02 secs] 
2014-07-08T07:09:02.930+0000: 1388.020: [GC [PSYoungGen: 251382K->1256K(285184K)] 536449K->286403K(972160K), 0.0038150 secs] [Times: user=0.02 sys=0.00, real=0.00 secs] 
2014-07-08T07:09:03.921+0000: 1389.011: [GC [PSYoungGen: 284839K->1104K(302016K)] 569986K->286307K(988992K), 0.0099260 secs] [Times: user=0.06 sys=0.00, real=0.01 secs] 
2014-07-08T07:09:04.979+0000: 1390.070: [GC [PSYoungGen: 301520K->1164K(302016K)] 586723K->286431K(988992K), 0.0084890 secs] [Times: user=0.05 sys=0.00, real=0.01 secs] 
2014-07-08T07:09:06.037+0000: 1391.127: [GC [PSYoungGen: 301580K->964K(361984K)] 586847K->286255K(1048960K), 0.0155420 secs] [Times: user=0.10 sys=0.01, real=0.02 secs] 
2014-07-08T07:09:07.329+0000: 1392.420: [GC [PSYoungGen: 361469K->1042K(362048K)] 646760K->286389K(1049024K), 0.0092920 secs] [Times: user=0.05 sys=0.00, real=0.01 secs] 
2014-07-08T07:09:08.562+0000: 1393.652: [GC [PSYoungGen: 361554K->1054K(351104K)] 646901K->286489K(1038080K), 0.0071320 secs] [Times: user=0.05 sys=0.01, real=0.00 secs] 
2014-07-08T07:09:09.813+0000: 1394.903: [GC [PSYoungGen: 351070K->872K(340864K)] 636505K->286379K(1027840K), 0.0035580 secs] [Times: user=0.02 sys=0.01, real=0.00 secs] 
2014-07-08T07:09:10.992+0000: 1396.083: [GC [PSYoungGen: 340840K->1008K(331328K)] 626347K->286587K(1018304K), 0.0084320 secs] [Times: user=0.06 sys=0.00, real=0.01 secs] 
2014-07-08T07:09:12.229+0000: 1397.319: [GC [PSYoungGen: 331285K->1388K(322496K)] 616864K->287007K(1009472K), 0.0223830 secs] [Times: user=0.14 sys=0.00, real=0.03 secs] 
2014-07-08T07:09:13.337+0000: 1398.427: [GC [PSYoungGen: 322446K->420K(312640K)] 608065K->286438K(999616K), 0.0052210 secs] [Times: user=0.03 sys=0.00, real=0.01 secs] 
2014-07-08T07:09:14.430+0000: 1399.520: [GC [PSYoungGen: 312612K->1203K(304896K)] 598630K->287277K(991872K), 0.0061960 secs] [Times: user=0.04 sys=0.01, real=0.01 secs] 
2014-07-08T07:09:15.522+0000: 1400.612: [GC [PSYoungGen: 304866K->1236K(296768K)] 590941K->287741K(983744K), 0.0037630 secs] [Times: user=0.02 sys=0.00, real=0.00 secs] 
2014-07-08T07:09:16.505+0000: 1401.595: [GC [PSYoungGen: 296698K->1040K(288704K)] 583203K->287641K(975680K), 0.0035840 secs] [Times: user=0.01 sys=0.00, real=0.00 secs] 
2014-07-08T07:09:17.494+0000: 1402.584: [GC [PSYoungGen: 288656K->754K(280832K)] 575257K->287501K(967808K), 0.0037880 secs] [Times: user=0.02 sys=0.00, real=0.00 secs] 
2014-07-08T07:09:18.485+0000: 1403.575: [GC [PSYoungGen: 280803K->1126K(273984K)] 567551K->287953K(960960K), 0.0044230 secs] [Times: user=0.02 sys=0.00, real=0.00 secs] 
2014-07-08T07:09:19.447+0000: 1404.538: [GC [PSYoungGen: 273935K->808K(266688K)] 560762K->287881K(953664K), 0.0086080 secs] [Times: user=0.05 sys=0.00, real=0.01 secs] 
2014-07-08T07:09:20.406+0000: 1405.496: [GC [PSYoungGen: 266664K->694K(259840K)] 553737K->287815K(946816K), 0.0035190 secs] [Times: user=0.02 sys=0.01, real=0.00 secs] 
2014-07-08T07:09:21.337+0000: 1406.428: [GC [PSYoungGen: 259830K->872K(253568K)] 546951K->288073K(940544K), 0.0037210 secs] [Times: user=0.02 sys=0.00, real=0.00 secs] 
2014-07-08T07:09:22.163+0000: 1407.253: [GC [PSYoungGen: 253544K->1213K(247680K)] 540745K->288463K(934656K), 0.0041620 secs] [Times: user=0.03 sys=0.00, real=0.00 secs] 
2014-07-08T07:09:23.014+0000: 1408.104: [GC [PSYoungGen: 247677K->894K(241344K)] 534927K->288393K(928320K), 0.0063630 secs] [Times: user=0.03 sys=0.00, real=0.00 secs] 
2014-07-08T07:09:23.860+0000: 1408.950: [GC [PSYoungGen: 241342K->944K(235648K)] 528841K->288507K(922624K), 0.0068420 secs] [Times: user=0.05 sys=0.01, real=0.01 secs] 
2014-07-08T07:09:24.681+0000: 1409.771: [GC [PSYoungGen: 235632K->940K(230080K)] 523195K->288615K(917056K), 0.0062790 secs] [Times: user=0.03 sys=0.00, real=0.01 secs] 
2014-07-08T07:09:25.481+0000: 1410.572: [GC [PSYoungGen: 230060K->812K(224576K)] 517735K->288543K(911552K), 0.0068560 secs] [Times: user=0.04 sys=0.01, real=0.01 secs] 
2014-07-08T07:09:26.371+0000: 1411.462: [GC [PSYoungGen: 224556K->1192K(219776K)] 512287K->289011K(906752K), 0.0066690 secs] [Times: user=0.04 sys=0.00, real=0.01 secs] 
2014-07-08T07:09:27.052+0000: 1412.142: [GC [PSYoungGen: 219752K->1296K(214912K)] 507571K->289171K(901888K), 0.0083960 secs] [Times: user=0.05 sys=0.00, real=0.01 secs] 
2014-07-08T07:09:27.787+0000: 1412.877: [GC [PSYoungGen: 214814K->420K(256768K)] 502690K->289124K(943744K), 0.0127520 secs] [Times: user=0.06 sys=0.00, real=0.01 secs] 
2014-07-08T07:09:28.663+0000: 1413.753: [GC [PSYoungGen: 256740K->1490K(251520K)] 545444K->290250K(938496K), 0.0058820 secs] [Times: user=0.04 sys=0.00, real=0.00 secs] 
2014-07-08T07:09:29.524+0000: 1414.614: [GC [PSYoungGen: 251474K->1103K(244992K)] 540234K->290515K(931968K), 0.0064720 secs] [Times: user=0.04 sys=0.00, real=0.00 secs] 
2014-07-08T07:09:30.378+0000: 1415.468: [GC [PSYoungGen: 244943K->708K(238720K)] 534355K->290168K(925696K), 0.0056880 secs] [Times: user=0.03 sys=0.00, real=0.01 secs] 
2014-07-08T07:09:31.264+0000: 1416.354: [GC [PSYoungGen: 238656K->1122K(233408K)] 528116K->290630K(920384K), 0.0122650 secs] [Times: user=0.07 sys=0.00, real=0.02 secs] 
2014-07-08T07:09:32.033+0000: 1417.124: [GC [PSYoungGen: 233378K->1110K(227904K)] 522886K->290658K(914880K), 0.0053030 secs] [Times: user=0.02 sys=0.00, real=0.01 secs] 
2014-07-08T07:09:32.823+0000: 1417.913: [GC [PSYoungGen: 227862K->946K(222464K)] 517410K->290638K(909440K), 0.0036750 secs] [Times: user=0.03 sys=0.00, real=0.01 secs] 
2014-07-08T07:09:33.568+0000: 1418.658: [GC [PSYoungGen: 222447K->780K(217280K)] 512139K->290520K(904256K), 0.0078130 secs] [Times: user=0.06 sys=0.00, real=0.01 secs] 
2014-07-08T07:09:34.384+0000: 1419.474: [GC [PSYoungGen: 217178K->1336K(212864K)] 506918K->291196K(899840K), 0.0056690 secs] [Times: user=0.03 sys=0.00, real=0.00 secs] 
2014-07-08T07:09:35.096+0000: 1420.186: [GC [PSYoungGen: 212856K->876K(207680K)] 502716K->290784K(894656K), 0.0073010 secs] [Times: user=0.05 sys=0.00, real=0.00 secs] 
2014-07-08T07:09:35.800+0000: 1420.890: [GC [PSYoungGen: 207633K->983K(203264K)] 497541K->290981K(890240K), 0.0044860 secs] [Times: user=0.02 sys=0.00, real=0.01 secs] 
2014-07-08T07:09:36.527+0000: 1421.617: [GC [PSYoungGen: 203193K->726K(198592K)] 493192K->290788K(885568K), 0.0079260 secs] [Times: user=0.05 sys=0.00, real=0.01 secs] 
2014-07-08T07:09:37.270+0000: 1422.360: [GC [PSYoungGen: 198550K->1314K(194880K)] 488612K->291448K(881856K), 0.0041840 secs] [Times: user=0.03 sys=0.00, real=0.01 secs] 
2014-07-08T07:09:37.886+0000: 1422.977: [GC [PSYoungGen: 194850K->918K(190400K)] 484984K->291084K(877376K), 0.0051860 secs] [Times: user=0.02 sys=0.00, real=0.00 secs] 
2014-07-08T07:09:38.545+0000: 1423.635: [GC [PSYoungGen: 190317K->1078K(186560K)] 480483K->291366K(873536K), 0.0034690 secs] [Times: user=0.02 sys=0.01, real=0.01 secs] 
2014-07-08T07:09:39.257+0000: 1424.347: [GC [PSYoungGen: 186546K->1338K(182976K)] 476834K->291690K(869952K), 0.0068800 secs] [Times: user=0.05 sys=0.00, real=0.00 secs] 
2014-07-08T07:09:39.830+0000: 1424.920: [GC [PSYoungGen: 182921K->644K(178624K)] 473273K->291068K(865600K), 0.0061120 secs] [Times: user=0.04 sys=0.00, real=0.01 secs] 
2014-07-08T07:09:40.455+0000: 1425.545: [GC [PSYoungGen: 178564K->900K(175296K)] 468988K->291372K(862272K), 0.0033520 secs] [Times: user=0.01 sys=0.00, real=0.01 secs] 
2014-07-08T07:09:41.223+0000: 1426.313: [GC [PSYoungGen: 175236K->1582K(172480K)] 465708K->292119K(859456K), 0.0055790 secs] [Times: user=0.04 sys=0.00, real=0.01 secs] 
2014-07-08T07:09:41.656+0000: 1426.746: [GC [PSYoungGen: 172462K->914K(206016K)] 462999K->291490K(892992K), 0.0110140 secs] [Times: user=0.07 sys=0.01, real=0.01 secs] 
2014-07-08T07:09:42.394+0000: 1427.484: [GC [PSYoungGen: 205970K->822K(246912K)] 496546K->291470K(933888K), 0.0052550 secs] [Times: user=0.04 sys=0.00, real=0.01 secs] 
2014-07-08T07:09:43.357+0000: 1428.447: [GC [PSYoungGen: 246902K->1346K(241536K)] 537550K->292074K(928512K), 0.0057990 secs] [Times: user=0.04 sys=0.01, real=0.00 secs] 
2014-07-08T07:09:44.078+0000: 1429.169: [GC [PSYoungGen: 241474K->1068K(235456K)] 532202K->291836K(922432K), 0.0073380 secs] [Times: user=0.02 sys=0.00, real=0.01 secs] 
2014-07-08T07:09:44.865+0000: 1429.955: [GC [PSYoungGen: 235415K->1072K(229888K)] 526184K->291936K(916864K), 0.0064850 secs] [Times: user=0.05 sys=0.01, real=0.01 secs] 
2014-07-08T07:09:45.661+0000: 1430.751: [GC [PSYoungGen: 229828K->912K(224384K)] 520693K->291848K(911360K), 0.0062030 secs] [Times: user=0.03 sys=0.00, real=0.01 secs] 
2014-07-08T07:09:46.496+0000: 1431.586: [GC [PSYoungGen: 224306K->1040K(219328K)] 515242K->292072K(906304K), 0.0052140 secs] [Times: user=0.04 sys=0.00, real=0.01 secs] 
2014-07-08T07:09:47.280+0000: 1432.370: [GC [PSYoungGen: 219278K->1190K(214464K)] 510311K->292418K(901440K), 0.0047710 secs] [Times: user=0.02 sys=0.00, real=0.00 secs] 
2014-07-08T07:09:47.965+0000: 1433.055: [GC [PSYoungGen: 214438K->972K(209472K)] 505666K->292248K(896448K), 0.0056530 secs] [Times: user=0.02 sys=0.00, real=0.01 secs] 
2014-07-08T07:09:48.707+0000: 1433.797: [GC [PSYoungGen: 209385K->826K(204672K)] 500662K->292266K(891648K), 0.0030210 secs] [Times: user=0.02 sys=0.00, real=0.00 secs] 
2014-07-08T07:09:49.426+0000: 1434.516: [GC [PSYoungGen: 204666K->804K(200192K)] 496106K->292292K(887168K), 0.0042420 secs] [Times: user=0.02 sys=0.00, real=0.01 secs] 
2014-07-08T07:09:50.126+0000: 1435.216: [GC [PSYoungGen: 200164K->1082K(196160K)] 491652K->292618K(883136K), 0.0043490 secs] [Times: user=0.02 sys=0.00, real=0.00 secs] 
2014-07-08T07:09:50.758+0000: 1435.848: [GC [PSYoungGen: 196154K->922K(191872K)] 487690K->292570K(878848K), 0.0053770 secs] [Times: user=0.04 sys=0.00, real=0.00 secs] 
2014-07-08T07:09:51.493+0000: 1436.583: [GC [PSYoungGen: 191834K->1076K(187968K)] 483482K->293174K(874944K), 0.0030610 secs] [Times: user=0.02 sys=0.00, real=0.00 secs] 
2014-07-08T07:09:52.102+0000: 1437.192: [GC [PSYoungGen: 187954K->1164K(184192K)] 480052K->293326K(871168K), 0.0068580 secs] [Times: user=0.04 sys=0.01, real=0.01 secs] 
2014-07-08T07:09:52.720+0000: 1437.810: [GC [PSYoungGen: 184140K->708K(179968K)] 476302K->293066K(866944K), 0.0057700 secs] [Times: user=0.04 sys=0.00, real=0.00 secs] 
2014-07-08T07:09:53.399+0000: 1438.489: [GC [PSYoungGen: 179907K->1398K(176960K)] 472265K->293837K(863936K), 0.0069830 secs] [Times: user=0.03 sys=0.01, real=0.00 secs] 
2014-07-08T07:09:53.977+0000: 1439.067: [GC [PSYoungGen: 176950K->1128K(173184K)] 469389K->293622K(860160K), 0.0048160 secs] [Times: user=0.02 sys=0.00, real=0.01 secs] 
2014-07-08T07:09:54.629+0000: 1439.719: [GC [PSYoungGen: 173160K->804K(169472K)] 465654K->293370K(856448K), 0.0067920 secs] [Times: user=0.04 sys=0.00, real=0.00 secs] 
2014-07-08T07:09:55.190+0000: 1440.281: [GC [PSYoungGen: 169442K->1388K(166720K)] 462008K->294019K(853696K), 0.0065410 secs] [Times: user=0.04 sys=0.00, real=0.01 secs] 
2014-07-08T07:09:55.747+0000: 1440.837: [GC [PSYoungGen: 166700K->876K(163008K)] 459331K->293578K(849984K), 0.0039910 secs] [Times: user=0.02 sys=0.00, real=0.01 secs] 
2014-07-08T07:09:56.397+0000: 1441.487: [GC [PSYoungGen: 162983K->1336K(160384K)] 455685K->294366K(847360K), 0.0037540 secs] [Times: user=0.02 sys=0.00, real=0.01 secs] 
2014-07-08T07:09:56.854+0000: 1441.944: [GC [PSYoungGen: 160376K->922K(156992K)] 453406K->294040K(843968K), 0.0030060 secs] [Times: user=0.02 sys=0.00, real=0.00 secs] 
2014-07-08T07:09:57.415+0000: 1442.505: [GC [PSYoungGen: 156954K->1327K(154496K)] 450072K->294559K(841472K), 0.0051690 secs] [Times: user=0.03 sys=0.00, real=0.01 secs] 
2014-07-08T07:09:57.944+0000: 1443.034: [GC [PSYoungGen: 154476K->1178K(151552K)] 447708K->294467K(838528K), 0.0080930 secs] [Times: user=0.04 sys=0.01, real=0.01 secs] 
2014-07-08T07:09:58.469+0000: 1443.559: [GC [PSYoungGen: 151512K->844K(181312K)] 444800K->294180K(868288K), 0.0066560 secs] [Times: user=0.05 sys=0.01, real=0.00 secs] 
2014-07-08T07:09:59.107+0000: 1444.197: [GC [PSYoungGen: 181260K->1410K(178176K)] 474596K->294818K(865152K), 0.0040760 secs] [Times: user=0.02 sys=0.00, real=0.01 secs] 
2014-07-08T07:09:59.763+0000: 1444.853: [GC [PSYoungGen: 178114K->940K(174080K)] 471522K->294412K(861056K), 0.0079450 secs] [Times: user=0.05 sys=0.00, real=0.01 secs] 
2014-07-08T07:10:00.326+0000: 1445.416: [GC [PSYoungGen: 174060K->794K(170496K)] 467532K->294314K(857472K), 0.0055470 secs] [Times: user=0.03 sys=0.00, real=0.01 secs] 
2014-07-08T07:10:00.893+0000: 1445.983: [GC [PSYoungGen: 170450K->744K(167104K)] 463971K->294320K(854080K), 0.0047120 secs] [Times: user=0.02 sys=0.00, real=0.00 secs] 
2014-07-08T07:10:01.539+0000: 1446.629: [GC [PSYoungGen: 167080K->1136K(164288K)] 460656K->294792K(851264K), 0.0053700 secs] [Times: user=0.03 sys=0.00, real=0.00 secs] 
2014-07-08T07:10:02.059+0000: 1447.149: [GC [PSYoungGen: 164230K->1206K(161216K)] 457886K->294927K(848192K), 0.0067350 secs] [Times: user=0.04 sys=0.00, real=0.00 secs] 
2014-07-08T07:10:02.600+0000: 1447.690: [GC [PSYoungGen: 161196K->1190K(158208K)] 454917K->294998K(845184K), 0.0035100 secs] [Times: user=0.02 sys=0.00, real=0.00 secs] 
2014-07-08T07:10:03.145+0000: 1448.236: [GC [PSYoungGen: 158182K->840K(154944K)] 451990K->294696K(841920K), 0.0037230 secs] [Times: user=0.03 sys=0.00, real=0.01 secs] 
2014-07-08T07:10:03.690+0000: 1448.780: [GC [PSYoungGen: 154888K->858K(152064K)] 448744K->294810K(839040K), 0.0059670 secs] [Times: user=0.03 sys=0.00, real=0.00 secs] 
2014-07-08T07:10:04.233+0000: 1449.323: [GC [PSYoungGen: 152026K->1324K(149760K)] 445978K->295388K(836736K), 0.0051620 secs] [Times: user=0.03 sys=0.00, real=0.01 secs] 
2014-07-08T07:10:04.734+0000: 1449.824: [GC [PSYoungGen: 149740K->958K(179072K)] 443804K->295102K(866048K), 0.0072410 secs] [Times: user=0.04 sys=0.00, real=0.01 secs] 
2014-07-08T07:10:05.467+0000: 1450.557: [GC [PSYoungGen: 179052K->1200K(175744K)] 473197K->295472K(862720K), 0.0058600 secs] [Times: user=0.04 sys=0.00, real=0.01 secs] 
2014-07-08T07:10:06.055+0000: 1451.145: [GC [PSYoungGen: 175728K->1434K(210944K)] 470000K->295771K(897920K), 0.0083160 secs] [Times: user=0.05 sys=0.01, real=0.01 secs] 
2014-07-08T07:10:06.784+0000: 1451.874: [GC [PSYoungGen: 210898K->804K(205632K)] 505234K->295384K(892608K), 0.0046790 secs] [Times: user=0.02 sys=0.01, real=0.01 secs] 
2014-07-08T07:10:07.532+0000: 1452.622: [GC [PSYoungGen: 205604K->1110K(201472K)] 500184K->295771K(888448K), 0.0048860 secs] [Times: user=0.03 sys=0.00, real=0.00 secs] 
2014-07-08T07:10:08.277+0000: 1453.367: [GC [PSYoungGen: 201430K->1298K(197312K)] 496091K->296057K(884288K), 0.0050950 secs] [Times: user=0.03 sys=0.00, real=0.01 secs] 
2014-07-08T07:10:08.848+0000: 1453.938: [GC [PSYoungGen: 197266K->1206K(192960K)] 492025K->296005K(879936K), 0.0060540 secs] [Times: user=0.02 sys=0.00, real=0.01 secs] 
2014-07-08T07:10:09.576+0000: 1454.666: [GC [PSYoungGen: 192921K->830K(230976K)] 487720K->295978K(917952K), 0.0219890 secs] [Times: user=0.12 sys=0.00, real=0.02 secs] 
2014-07-08T07:10:10.374+0000: 1455.465: [GC [PSYoungGen: 230946K->1637K(277888K)] 526094K->296907K(964864K), 0.0062360 secs] [Times: user=0.04 sys=0.00, real=0.01 secs] 
2014-07-08T07:10:11.419+0000: 1456.509: [GC [PSYoungGen: 277860K->882K(332416K)] 573131K->296899K(1019392K), 0.0058340 secs] [Times: user=0.03 sys=0.00, real=0.01 secs] 
2014-07-08T07:10:12.438+0000: 1457.528: [GC [PSYoungGen: 332402K->1332K(323584K)] 628419K->297445K(1010560K), 0.0064940 secs] [Times: user=0.04 sys=0.00, real=0.01 secs] 
2014-07-08T07:10:13.552+0000: 1458.643: [GC [PSYoungGen: 323572K->926K(314304K)] 619685K->297513K(1001280K), 0.0055030 secs] [Times: user=0.04 sys=0.00, real=0.00 secs] 
2014-07-08T07:10:14.653+0000: 1459.743: [GC [PSYoungGen: 314270K->854K(305664K)] 610857K->297481K(992640K), 0.0055180 secs] [Times: user=0.03 sys=0.00, real=0.00 secs] 
2014-07-08T07:10:15.706+0000: 1460.796: [GC [PSYoungGen: 305622K->890K(297408K)] 602249K->297581K(984384K), 0.0038130 secs] [Times: user=0.02 sys=0.00, real=0.01 secs] 
2014-07-08T07:10:16.790+0000: 1461.881: [GC [PSYoungGen: 297402K->918K(289600K)] 594093K->297697K(976576K), 0.0092280 secs] [Times: user=0.06 sys=0.00, real=0.00 secs] 
2014-07-08T07:10:17.753+0000: 1462.843: [GC [PSYoungGen: 289558K->876K(281920K)] 586337K->297735K(968896K), 0.0079560 secs] [Times: user=0.05 sys=0.00, real=0.01 secs] 
2014-07-08T07:10:18.737+0000: 1463.827: [GC [PSYoungGen: 281900K->1174K(274944K)] 578759K->298113K(961920K), 0.0032400 secs] [Times: user=0.01 sys=0.00, real=0.00 secs] 
2014-07-08T07:10:19.693+0000: 1464.783: [GC [PSYoungGen: 274902K->1090K(267840K)] 571841K->298093K(954816K), 0.0065220 secs] [Times: user=0.04 sys=0.01, real=0.00 secs] 
2014-07-08T07:10:20.626+0000: 1465.717: [GC [PSYoungGen: 267768K->662K(260672K)] 564771K->297729K(947648K), 0.0035210 secs] [Times: user=0.02 sys=0.00, real=0.00 secs] 
2014-07-08T07:10:21.619+0000: 1466.709: [GC [PSYoungGen: 260630K->1050K(254592K)] 557697K->298181K(941568K), 0.0069840 secs] [Times: user=0.05 sys=0.00, real=0.01 secs] 
2014-07-08T07:10:22.441+0000: 1467.531: [GC [PSYoungGen: 254554K->808K(248064K)] 551685K->298011K(935040K), 0.0052160 secs] [Times: user=0.04 sys=0.00, real=0.00 secs] 
2014-07-08T07:10:23.295+0000: 1468.385: [GC [PSYoungGen: 248040K->844K(242112K)] 545243K->298087K(929088K), 0.0037270 secs] [Times: user=0.01 sys=0.01, real=0.00 secs] 
2014-07-08T07:10:24.135+0000: 1469.225: [GC [PSYoungGen: 242060K->1026K(236480K)] 539303K->298317K(923456K), 0.0043210 secs] [Times: user=0.02 sys=0.00, real=0.00 secs] 
2014-07-08T07:10:24.950+0000: 1470.040: [GC [PSYoungGen: 236418K->897K(230784K)] 533709K->298236K(917760K), 0.0032790 secs] [Times: user=0.02 sys=0.00, real=0.01 secs] 
2014-07-08T07:10:25.739+0000: 1470.830: [GC [PSYoungGen: 230721K->876K(225344K)] 528060K->298295K(912320K), 0.0065660 secs] [Times: user=0.05 sys=0.00, real=0.01 secs] 
2014-07-08T07:10:26.567+0000: 1471.657: [GC [PSYoungGen: 225302K->1260K(220544K)] 522721K->299017K(907520K), 0.0089030 secs] [Times: user=0.05 sys=0.01, real=0.01 secs] 
2014-07-08T07:10:27.383+0000: 1472.473: [GC [PSYoungGen: 220524K->790K(215104K)] 518281K->298611K(902080K), 0.0035110 secs] [Times: user=0.02 sys=0.01, real=0.00 secs] 
2014-07-08T07:10:28.090+0000: 1473.180: [GC [PSYoungGen: 215058K->1050K(210560K)] 512879K->298927K(897536K), 0.0042010 secs] [Times: user=0.02 sys=0.00, real=0.01 secs] 
2014-07-08T07:10:28.797+0000: 1473.887: [GC [PSYoungGen: 210522K->890K(205696K)] 508399K->298831K(892672K), 0.0040510 secs] [Times: user=0.02 sys=0.01, real=0.00 secs] 
2014-07-08T07:10:29.509+0000: 1474.600: [GC [PSYoungGen: 205688K->1092K(201472K)] 503630K->299089K(888448K), 0.0044360 secs] [Times: user=0.02 sys=0.01, real=0.01 secs] 
2014-07-08T07:10:30.260+0000: 1475.350: [GC [PSYoungGen: 201412K->1334K(197312K)] 499409K->299379K(884288K), 0.0040040 secs] [Times: user=0.02 sys=0.00, real=0.01 secs] 
2014-07-08T07:10:30.890+0000: 1475.980: [GC [PSYoungGen: 197302K->630K(192384K)] 495347K->298795K(879360K), 0.0072030 secs] [Times: user=0.03 sys=0.00, real=0.01 secs] 
2014-07-08T07:10:31.551+0000: 1476.641: [GC [PSYoungGen: 192374K->996K(188736K)] 490539K->299217K(875712K), 0.0124680 secs] [Times: user=0.06 sys=0.01, real=0.02 secs] 
2014-07-08T07:10:32.289+0000: 1477.379: [GC [PSYoungGen: 188686K->1518K(185344K)] 486907K->299917K(872320K), 0.0057400 secs] [Times: user=0.03 sys=0.00, real=0.01 secs] 
2014-07-08T07:10:32.857+0000: 1477.947: [GC [PSYoungGen: 185300K->872K(180928K)] 483699K->299351K(867904K), 0.0055130 secs] [Times: user=0.04 sys=0.00, real=0.00 secs] 
2014-07-08T07:10:33.475+0000: 1478.565: [GC [PSYoungGen: 180904K->926K(217024K)] 479383K->299453K(904000K), 0.0081180 secs] [Times: user=0.05 sys=0.00, real=0.00 secs] 
2014-07-08T07:10:34.263+0000: 1479.353: [GC [PSYoungGen: 216989K->1096K(260480K)] 515516K->299687K(947456K), 0.0166240 secs] [Times: user=0.09 sys=0.01, real=0.02 secs] 
2014-07-08T07:10:35.145+0000: 1480.235: [GC [PSYoungGen: 260424K->1050K(312320K)] 559015K->299697K(999296K), 0.0056710 secs] [Times: user=0.03 sys=0.00, real=0.00 secs] 
2014-07-08T07:10:36.241+0000: 1481.331: [GC [PSYoungGen: 312282K->1260K(304000K)] 610929K->300003K(990976K), 0.0062240 secs] [Times: user=0.04 sys=0.00, real=0.01 secs] 
2014-07-08T07:10:37.289+0000: 1482.380: [GC [PSYoungGen: 303980K->644K(295296K)] 602723K->299451K(982272K), 0.0059720 secs] [Times: user=0.04 sys=0.00, real=0.01 secs] 
2014-07-08T07:10:38.459+0000: 1483.549: [GC [PSYoungGen: 295236K->1534K(288320K)] 594043K->300405K(975296K), 0.0039220 secs] [Times: user=0.02 sys=0.00, real=0.00 secs] 
2014-07-08T07:10:39.381+0000: 1484.471: [GC [PSYoungGen: 288318K->1018K(280256K)] 587189K->299969K(967232K), 0.0031600 secs] [Times: user=0.01 sys=0.01, real=0.01 secs] 
2014-07-08T07:10:40.342+0000: 1485.432: [GC [PSYoungGen: 280206K->1578K(273600K)] 579157K->300617K(960576K), 0.0070510 secs] [Times: user=0.05 sys=0.00, real=0.01 secs] 
2014-07-08T07:10:41.310+0000: 1486.400: [GC [PSYoungGen: 273562K->886K(265920K)] 572601K->300085K(952896K), 0.0088370 secs] [Times: user=0.06 sys=0.00, real=0.01 secs] 
2014-07-08T07:10:42.200+0000: 1487.290: [GC [PSYoungGen: 265910K->1328K(259712K)] 565109K->300607K(946688K), 0.0064640 secs] [Times: user=0.04 sys=0.00, real=0.01 secs] 
2014-07-08T07:10:43.093+0000: 1488.183: [GC [PSYoungGen: 259696K->1152K(253120K)] 558975K->300456K(940096K), 0.0127810 secs] [Times: user=0.08 sys=0.00, real=0.02 secs] 
2014-07-08T07:10:43.966+0000: 1489.056: [GC [PSYoungGen: 253056K->1182K(303552K)] 552360K->300541K(990528K), 0.0233190 secs] [Times: user=0.13 sys=0.00, real=0.02 secs] 
2014-07-08T07:10:45.016+0000: 1490.106: [GC [PSYoungGen: 303518K->1086K(361344K)] 602877K->300727K(1048320K), 0.0115610 secs] [Times: user=0.05 sys=0.00, real=0.01 secs] 
2014-07-08T07:10:46.302+0000: 1491.392: [GC [PSYoungGen: 361342K->1174K(361984K)] 660983K->300855K(1048960K), 0.0121150 secs] [Times: user=0.06 sys=0.00, real=0.01 secs] 
2014-07-08T07:10:47.524+0000: 1492.614: [GC [PSYoungGen: 361430K->990K(350784K)] 661111K->300857K(1037760K), 0.0032040 secs] [Times: user=0.02 sys=0.00, real=0.01 secs] 
2014-07-08T07:10:48.773+0000: 1493.863: [GC [PSYoungGen: 350750K->862K(340608K)] 650617K->300793K(1027584K), 0.0037450 secs] [Times: user=0.03 sys=0.00, real=0.01 secs] 
2014-07-08T07:10:49.974+0000: 1495.064: [GC [PSYoungGen: 340574K->1270K(331392K)] 640505K->301289K(1018368K), 0.0049060 secs] [Times: user=0.02 sys=0.00, real=0.01 secs] 
2014-07-08T07:10:51.129+0000: 1496.219: [GC [PSYoungGen: 331382K->1228K(322176K)] 631401K->301311K(1009152K), 0.0046880 secs] [Times: user=0.02 sys=0.00, real=0.00 secs] 
2014-07-08T07:10:52.340+0000: 1497.430: [GC [PSYoungGen: 322124K->816K(312832K)] 622207K->301668K(999808K), 0.0037220 secs] [Times: user=0.02 sys=0.01, real=0.00 secs] 
2014-07-08T07:10:53.363+0000: 1498.453: [GC [PSYoungGen: 312816K->1236K(304768K)] 613668K->302152K(991744K), 0.0086770 secs] [Times: user=0.06 sys=0.00, real=0.01 secs] 
2014-07-08T07:10:54.422+0000: 1499.512: [GC [PSYoungGen: 304724K->794K(296128K)] 605640K->302064K(983104K), 0.0040950 secs] [Times: user=0.03 sys=0.00, real=0.00 secs] 
2014-07-08T07:10:55.524+0000: 1500.614: [GC [PSYoungGen: 296081K->872K(288320K)] 597351K->302206K(975296K), 0.0060830 secs] [Times: user=0.04 sys=0.00, real=0.01 secs] 
2014-07-08T07:10:56.474+0000: 1501.564: [GC [PSYoungGen: 288296K->1128K(281024K)] 589630K->302550K(968000K), 0.0099670 secs] [Times: user=0.07 sys=0.00, real=0.01 secs] 
2014-07-08T07:10:57.467+0000: 1502.557: [GC [PSYoungGen: 280984K->872K(273536K)] 582407K->302366K(960512K), 0.0071250 secs] [Times: user=0.03 sys=0.01, real=0.01 secs] 
2014-07-08T07:10:58.443+0000: 1503.533: [GC [PSYoungGen: 273507K->829K(266496K)] 575001K->302379K(953472K), 0.0050370 secs] [Times: user=0.02 sys=0.00, real=0.01 secs] 
2014-07-08T07:10:59.326+0000: 1504.416: [GC [PSYoungGen: 266493K->858K(259840K)] 568043K->302480K(946816K), 0.0040340 secs] [Times: user=0.02 sys=0.01, real=0.01 secs] 
2014-07-08T07:11:00.289+0000: 1505.379: [GC [PSYoungGen: 259758K->1220K(253760K)] 561380K->302890K(940736K), 0.0040870 secs] [Times: user=0.02 sys=0.00, real=0.00 secs] 
2014-07-08T07:11:01.191+0000: 1506.281: [GC [PSYoungGen: 253700K->1640K(247936K)] 555370K->303431K(934912K), 0.0042300 secs] [Times: user=0.02 sys=0.00, real=0.00 secs] 
2014-07-08T07:11:02.039+0000: 1507.129: [GC [PSYoungGen: 247912K->448K(240704K)] 549703K->303096K(927680K), 0.0052840 secs] [Times: user=0.03 sys=0.00, real=0.00 secs] 
2014-07-08T07:11:02.809+0000: 1507.899: [GC [PSYoungGen: 240703K->1428K(235968K)] 543352K->304132K(922944K), 0.0076250 secs] [Times: user=0.04 sys=0.01, real=0.00 secs] 
2014-07-08T07:11:03.635+0000: 1508.726: [GC [PSYoungGen: 235894K->776K(229760K)] 538599K->304054K(916736K), 0.0045520 secs] [Times: user=0.02 sys=0.00, real=0.01 secs] 
2014-07-08T07:11:04.459+0000: 1509.549: [GC [PSYoungGen: 229704K->950K(224512K)] 532982K->304300K(911488K), 0.0065430 secs] [Times: user=0.04 sys=0.00, real=0.00 secs] 
2014-07-08T07:11:05.234+0000: 1510.324: [GC [PSYoungGen: 224502K->1334K(219712K)] 527852K->304764K(906688K), 0.0082800 secs] [Times: user=0.05 sys=0.00, real=0.01 secs] 
2014-07-08T07:11:05.971+0000: 1511.061: [GC [PSYoungGen: 219702K->822K(214208K)] 523132K->304300K(901184K), 0.0077420 secs] [Times: user=0.05 sys=0.00, real=0.01 secs] 
2014-07-08T07:11:06.748+0000: 1511.839: [GC [PSYoungGen: 214198K->1060K(209664K)] 517676K->304602K(896640K), 0.0063870 secs] [Times: user=0.04 sys=0.00, real=0.00 secs] 
2014-07-08T07:11:07.519+0000: 1512.609: [GC [PSYoungGen: 209636K->1528K(205504K)] 513178K->305167K(892480K), 0.0074330 secs] [Times: user=0.04 sys=0.00, real=0.00 secs] 
2014-07-08T07:11:08.217+0000: 1513.308: [GC [PSYoungGen: 205496K->1000K(200512K)] 509135K->305045K(887488K), 0.0034860 secs] [Times: user=0.03 sys=0.00, real=0.01 secs] 
2014-07-08T07:11:08.868+0000: 1513.958: [GC [PSYoungGen: 200488K->1054K(196288K)] 504533K->305171K(883264K), 0.0088040 secs] [Times: user=0.06 sys=0.00, real=0.00 secs] 
2014-07-08T07:11:09.534+0000: 1514.624: [GC [PSYoungGen: 196243K->794K(191872K)] 500361K->304983K(878848K), 0.0058910 secs] [Times: user=0.03 sys=0.01, real=0.01 secs] 
2014-07-08T07:11:10.245+0000: 1515.335: [GC [PSYoungGen: 191786K->1086K(188096K)] 495975K->305347K(875072K), 0.0078650 secs] [Times: user=0.05 sys=0.00, real=0.01 secs] 
2014-07-08T07:11:10.842+0000: 1515.933: [GC [PSYoungGen: 188094K->1096K(225600K)] 492355K->305437K(912576K), 0.0080600 secs] [Times: user=0.05 sys=0.00, real=0.01 secs] 
2014-07-08T07:11:11.634+0000: 1516.724: [GC [PSYoungGen: 225544K->829K(220096K)] 529885K->305242K(907072K), 0.0055830 secs] [Times: user=0.03 sys=0.01, real=0.01 secs] 
2014-07-08T07:11:12.615+0000: 1517.705: [GC [PSYoungGen: 220041K->1530K(215808K)] 524454K->306055K(902784K), 0.0069190 secs] [Times: user=0.04 sys=0.00, real=0.01 secs] 
2014-07-08T07:11:13.299+0000: 1518.390: [GC [PSYoungGen: 215802K->1380K(210880K)] 520327K->306009K(897856K), 0.0079840 secs] [Times: user=0.05 sys=0.00, real=0.00 secs] 
2014-07-08T07:11:13.874+0000: 1518.964: [GC [PSYoungGen: 210852K->726K(205568K)] 515481K->305419K(892544K), 0.0030580 secs] [Times: user=0.02 sys=0.00, real=0.00 secs] 
2014-07-08T07:11:14.601+0000: 1519.691: [GC [PSYoungGen: 205526K->978K(201344K)] 510219K->305775K(888320K), 0.0040570 secs] [Times: user=0.02 sys=0.01, real=0.00 secs] 
2014-07-08T07:11:15.314+0000: 1520.405: [GC [PSYoungGen: 201298K->1508K(197504K)] 506095K->306401K(884480K), 0.0037970 secs] [Times: user=0.02 sys=0.01, real=0.00 secs] 
2014-07-08T07:11:15.953+0000: 1521.043: [GC [PSYoungGen: 197436K->1220K(193024K)] 502329K->306177K(880000K), 0.0120320 secs] [Times: user=0.07 sys=0.00, real=0.01 secs] 
2014-07-08T07:11:16.632+0000: 1521.722: [GC [PSYoungGen: 192964K->726K(188480K)] 497921K->305755K(875456K), 0.0032830 secs] [Times: user=0.02 sys=0.00, real=0.00 secs] 
2014-07-08T07:11:17.415+0000: 1522.505: [GC [PSYoungGen: 188438K->1352K(185216K)] 493467K->306445K(872192K), 0.0049950 secs] [Times: user=0.02 sys=0.00, real=0.01 secs] 
2014-07-08T07:11:17.978+0000: 1523.068: [GC [PSYoungGen: 185159K->1206K(181248K)] 490252K->306371K(868224K), 0.0082290 secs] [Times: user=0.05 sys=0.00, real=0.01 secs] 
2014-07-08T07:11:18.565+0000: 1523.655: [GC [PSYoungGen: 181238K->972K(177408K)] 486403K->306225K(864384K), 0.0053370 secs] [Times: user=0.03 sys=0.00, real=0.01 secs] 
2014-07-08T07:11:19.186+0000: 1524.276: [GC [PSYoungGen: 177356K->1000K(173888K)] 482609K->306333K(860864K), 0.0069630 secs] [Times: user=0.04 sys=0.00, real=0.01 secs] 
2014-07-08T07:11:19.777+0000: 1524.867: [GC [PSYoungGen: 173822K->1167K(208704K)] 479155K->306580K(895680K), 0.0079840 secs] [Times: user=0.06 sys=0.00, real=0.01 secs] 
2014-07-08T07:11:20.497+0000: 1525.587: [GC [PSYoungGen: 208655K->1092K(204032K)] 514068K->306585K(891008K), 0.0037110 secs] [Times: user=0.02 sys=0.00, real=0.01 secs] 
2014-07-08T07:11:21.220+0000: 1526.310: [GC [PSYoungGen: 203972K->1088K(199616K)] 509465K->306677K(886592K), 0.0067560 secs] [Times: user=0.04 sys=0.00, real=0.00 secs] 
2014-07-08T07:11:21.873+0000: 1526.963: [GC [PSYoungGen: 199552K->776K(195008K)] 505141K->306429K(881984K), 0.0060190 secs] [Times: user=0.04 sys=0.00, real=0.00 secs] 
2014-07-08T07:11:22.568+0000: 1527.658: [GC [PSYoungGen: 194916K->972K(234048K)] 500569K->306721K(921024K), 0.0104190 secs] [Times: user=0.06 sys=0.00, real=0.01 secs] 
2014-07-08T07:11:23.433+0000: 1528.523: [GC [PSYoungGen: 233952K->1396K(228928K)] 539701K->307447K(915904K), 0.0073250 secs] [Times: user=0.05 sys=0.00, real=0.00 secs] 
2014-07-08T07:11:24.214+0000: 1529.305: [GC [PSYoungGen: 228916K->1430K(223680K)] 534967K->307554K(910656K), 0.0080020 secs] [Times: user=0.03 sys=0.00, real=0.01 secs] 
2014-07-08T07:11:24.934+0000: 1530.024: [GC [PSYoungGen: 223601K->748K(217856K)] 529725K->307171K(904832K), 0.0060830 secs] [Times: user=0.04 sys=0.00, real=0.00 secs] 
2014-07-08T07:11:25.709+0000: 1530.800: [GC [PSYoungGen: 217836K->1122K(261696K)] 524259K->307625K(948672K), 0.0094340 secs] [Times: user=0.06 sys=0.00, real=0.01 secs] 
2014-07-08T07:11:26.633+0000: 1531.723: [GC [PSYoungGen: 261661K->876K(254912K)] 568165K->307525K(941888K), 0.0081800 secs] [Times: user=0.05 sys=0.00, real=0.01 secs] 
2014-07-08T07:11:27.604+0000: 1532.694: [GC [PSYoungGen: 254892K->1232K(249024K)] 561541K->307985K(936000K), 0.0056020 secs] [Times: user=0.03 sys=0.00, real=0.00 secs] 
2014-07-08T07:11:28.467+0000: 1533.557: [GC [PSYoungGen: 248960K->1296K(243072K)] 555713K->308129K(930048K), 0.0100350 secs] [Times: user=0.06 sys=0.00, real=0.01 secs] 
2014-07-08T07:11:29.274+0000: 1534.364: [GC [PSYoungGen: 243024K->936K(236864K)] 549857K->307817K(923840K), 0.0069210 secs] [Times: user=0.03 sys=0.00, real=0.01 secs] 
2014-07-08T07:11:30.081+0000: 1535.171: [GC [PSYoungGen: 236754K->1185K(231488K)] 543635K->308154K(918464K), 0.0070130 secs] [Times: user=0.04 sys=0.00, real=0.01 secs] 
2014-07-08T07:11:30.877+0000: 1535.967: [GC [PSYoungGen: 231419K->1026K(225984K)] 538389K->308075K(912960K), 0.0097560 secs] [Times: user=0.07 sys=0.00, real=0.01 secs] 
2014-07-08T07:11:31.664+0000: 1536.755: [GC [PSYoungGen: 225922K->990K(220736K)] 532971K->308151K(907712K), 0.0057130 secs] [Times: user=0.04 sys=0.00, real=0.00 secs] 
2014-07-08T07:11:32.560+0000: 1537.651: [GC [PSYoungGen: 220702K->1394K(216128K)] 527863K->308620K(903104K), 0.0055260 secs] [Times: user=0.02 sys=0.01, real=0.01 secs] 
2014-07-08T07:11:33.241+0000: 1538.331: [GC [PSYoungGen: 216088K->943K(210816K)] 523313K->308542K(897792K), 0.0066650 secs] [Times: user=0.04 sys=0.00, real=0.01 secs] 
2014-07-08T07:11:33.942+0000: 1539.032: [GC [PSYoungGen: 210789K->1407K(206592K)] 518389K->309103K(893568K), 0.0104090 secs] [Times: user=0.07 sys=0.00, real=0.02 secs] 
2014-07-08T07:11:34.715+0000: 1539.805: [GC [PSYoungGen: 206591K->1082K(201728K)] 514287K->309089K(888704K), 0.0063850 secs] [Times: user=0.04 sys=0.00, real=0.00 secs] 
2014-07-08T07:11:35.355+0000: 1540.445: [GC [PSYoungGen: 201722K->740K(197056K)] 509729K->308811K(884032K), 0.0042540 secs] [Times: user=0.02 sys=0.00, real=0.00 secs] 
2014-07-08T07:11:36.024+0000: 1541.114: [GC [PSYoungGen: 197028K->965K(193088K)] 505099K->309077K(880064K), 0.0092080 secs] [Times: user=0.06 sys=0.00, real=0.01 secs] 
2014-07-08T07:11:36.684+0000: 1541.774: [GC [PSYoungGen: 193029K->964K(188992K)] 501141K->309172K(875968K), 0.0049420 secs] [Times: user=0.01 sys=0.00, real=0.00 secs] 
2014-07-08T07:11:37.356+0000: 1542.446: [GC [PSYoungGen: 188906K->1022K(185088K)] 497114K->309325K(872064K), 0.0055280 secs] [Times: user=0.04 sys=0.00, real=0.00 secs] 
2014-07-08T07:11:38.000+0000: 1543.090: [GC [PSYoungGen: 185086K->1266K(181568K)] 493389K->309626K(868544K), 0.0086990 secs] [Times: user=0.06 sys=0.00, real=0.01 secs] 
2014-07-08T07:11:38.629+0000: 1543.720: [GC [PSYoungGen: 181554K->812K(217216K)] 489914K->309243K(904192K), 0.0069770 secs] [Times: user=0.05 sys=0.00, real=0.01 secs] 
2014-07-08T07:11:39.379+0000: 1544.469: [GC [PSYoungGen: 217196K->1028K(212544K)] 525627K->309532K(899520K), 0.0052790 secs] [Times: user=0.03 sys=0.00, real=0.01 secs] 
2014-07-08T07:11:40.166+0000: 1545.256: [GC [PSYoungGen: 212471K->1468K(208192K)] 520975K->310052K(895168K), 0.0035320 secs] [Times: user=0.02 sys=0.00, real=0.00 secs] 
2014-07-08T07:11:40.845+0000: 1545.936: [GC [PSYoungGen: 208188K->940K(203136K)] 516772K->309603K(890112K), 0.0065120 secs] [Times: user=0.04 sys=0.00, real=0.00 secs] 
2014-07-08T07:11:41.539+0000: 1546.629: [GC [PSYoungGen: 203116K->694K(198464K)] 511779K->309429K(885440K), 0.0066700 secs] [Times: user=0.04 sys=0.00, real=0.01 secs] 
2014-07-08T07:11:42.229+0000: 1547.320: [GC [PSYoungGen: 198453K->1110K(238464K)] 507189K->309910K(925440K), 0.0116270 secs] [Times: user=0.08 sys=0.00, real=0.01 secs] 
2014-07-08T07:11:43.057+0000: 1548.147: [GC [PSYoungGen: 238422K->1082K(232768K)] 547222K->309946K(919744K), 0.0044040 secs] [Times: user=0.02 sys=0.00, real=0.00 secs] 
2014-07-08T07:11:43.867+0000: 1548.958: [GC [PSYoungGen: 232762K->922K(278976K)] 541626K->309857K(965952K), 0.0141040 secs] [Times: user=0.09 sys=0.00, real=0.01 secs] 
2014-07-08T07:11:44.846+0000: 1549.936: [GC [PSYoungGen: 278938K->1213K(334848K)] 587873K->310237K(1021824K), 0.0103000 secs] [Times: user=0.06 sys=0.00, real=0.01 secs] 
2014-07-08T07:11:46.055+0000: 1551.145: [GC [PSYoungGen: 334829K->1366K(325632K)] 643853K->310462K(1012608K), 0.0045800 secs] [Times: user=0.02 sys=0.00, real=0.00 secs] 
2014-07-08T07:11:47.160+0000: 1552.250: [GC [PSYoungGen: 325571K->630K(315840K)] 634667K->310009K(1002816K), 0.0069210 secs] [Times: user=0.05 sys=0.00, real=0.01 secs] 
2014-07-08T07:11:48.273+0000: 1553.363: [GC [PSYoungGen: 315830K->1210K(307776K)] 625209K->310661K(994752K), 0.0051350 secs] [Times: user=0.02 sys=0.00, real=0.01 secs] 
2014-07-08T07:11:49.322+0000: 1554.412: [GC [PSYoungGen: 307735K->1136K(299392K)] 617187K->310768K(986368K), 0.0039700 secs] [Times: user=0.01 sys=0.00, real=0.01 secs] 
2014-07-08T07:11:50.372+0000: 1555.462: [GC [PSYoungGen: 299376K->1572K(291904K)] 609008K->311334K(978880K), 0.0107040 secs] [Times: user=0.06 sys=0.00, real=0.01 secs] 
2014-07-08T07:11:51.415+0000: 1556.505: [GC [PSYoungGen: 291876K->502K(283136K)] 601638K->310726K(970112K), 0.0038220 secs] [Times: user=0.02 sys=0.00, real=0.00 secs] 
2014-07-08T07:11:52.397+0000: 1557.488: [GC [PSYoungGen: 283079K->1586K(276864K)] 593303K->311874K(963840K), 0.0062490 secs] [Times: user=0.04 sys=0.00, real=0.00 secs] 
2014-07-08T07:11:53.349+0000: 1558.439: [GC [PSYoungGen: 276850K->1204K(269376K)] 587138K->311960K(956352K), 0.0058150 secs] [Times: user=0.03 sys=0.00, real=0.01 secs] 
2014-07-08T07:11:54.280+0000: 1559.370: [GC [PSYoungGen: 269364K->1057K(262464K)] 580120K->311861K(949440K), 0.0058770 secs] [Times: user=0.03 sys=0.00, real=0.01 secs] 
2014-07-08T07:11:55.179+0000: 1560.269: [GC [PSYoungGen: 262398K->840K(255744K)] 573202K->311676K(942720K), 0.0064960 secs] [Times: user=0.02 sys=0.00, real=0.01 secs] 
2014-07-08T07:11:56.071+0000: 1561.161: [GC [PSYoungGen: 255688K->1220K(249856K)] 566524K->312128K(936832K), 0.0074820 secs] [Times: user=0.04 sys=0.00, real=0.01 secs] 
2014-07-08T07:11:56.929+0000: 1562.019: [GC [PSYoungGen: 249795K->854K(243392K)] 560703K->311834K(930368K), 0.0077290 secs] [Times: user=0.05 sys=0.00, real=0.01 secs] 
2014-07-08T07:11:57.843+0000: 1562.933: [GC [PSYoungGen: 243350K->1306K(238016K)] 554330K->312358K(924992K), 0.0077080 secs] [Times: user=0.05 sys=0.00, real=0.01 secs] 
2014-07-08T07:11:58.640+0000: 1563.730: [GC [PSYoungGen: 237978K->1110K(232192K)] 549030K->312258K(919168K), 0.0050270 secs] [Times: user=0.03 sys=0.00, real=0.00 secs] 
2014-07-08T07:11:59.455+0000: 1564.545: [GC [PSYoungGen: 232150K->1128K(226752K)] 543298K->312356K(913728K), 0.0039530 secs] [Times: user=0.02 sys=0.00, real=0.01 secs] 
2014-07-08T07:12:00.225+0000: 1565.315: [GC [PSYoungGen: 226728K->1086K(221440K)] 537956K->312510K(908416K), 0.0043520 secs] [Times: user=0.02 sys=0.01, real=0.01 secs] 
2014-07-08T07:12:00.966+0000: 1566.056: [GC [PSYoungGen: 221437K->630K(215936K)] 532861K->312118K(902912K), 0.0037130 secs] [Times: user=0.01 sys=0.00, real=0.00 secs] 
2014-07-08T07:12:01.726+0000: 1566.816: [GC [PSYoungGen: 215881K->808K(211264K)] 527369K->312384K(898240K), 0.0065150 secs] [Times: user=0.03 sys=0.00, real=0.00 secs] 
2014-07-08T07:12:02.526+0000: 1567.617: [GC [PSYoungGen: 211228K->1154K(206976K)] 522804K->312794K(893952K), 0.0086280 secs] [Times: user=0.05 sys=0.00, real=0.00 secs] 
2014-07-08T07:12:03.239+0000: 1568.329: [GC [PSYoungGen: 206914K->1238K(202496K)] 518554K->312942K(889472K), 0.0051810 secs] [Times: user=0.03 sys=0.00, real=0.00 secs] 
2014-07-08T07:12:03.882+0000: 1568.972: [GC [PSYoungGen: 202454K->1022K(197888K)] 514158K->312798K(884864K), 0.0096280 secs] [Times: user=0.06 sys=0.01, real=0.01 secs] 
2014-07-08T07:12:04.572+0000: 1569.662: [GC [PSYoungGen: 197886K->1058K(193728K)] 509662K->312972K(880704K), 0.0037620 secs] [Times: user=0.02 sys=0.01, real=0.00 secs] 
2014-07-08T07:12:05.252+0000: 1570.342: [GC [PSYoungGen: 193698K->1572K(190144K)] 505612K->313723K(877120K), 0.0039600 secs] [Times: user=0.02 sys=0.01, real=0.00 secs] 
2014-07-08T07:12:05.902+0000: 1570.992: [GC [PSYoungGen: 190116K->570K(185152K)] 502267K->313050K(872128K), 0.0074300 secs] [Times: user=0.05 sys=0.01, real=0.01 secs] 
2014-07-08T07:12:06.542+0000: 1571.632: [GC [PSYoungGen: 185104K->1076K(181824K)] 497584K->313604K(868800K), 0.0062960 secs] [Times: user=0.04 sys=0.00, real=0.01 secs] 
2014-07-08T07:12:07.183+0000: 1572.273: [GC [PSYoungGen: 181812K->1086K(178112K)] 494340K->313876K(865088K), 0.0076170 secs] [Times: user=0.05 sys=0.00, real=0.01 secs] 
2014-07-08T07:12:07.782+0000: 1572.873: [GC [PSYoungGen: 178110K->740K(174208K)] 490900K->313626K(861184K), 0.0052320 secs] [Times: user=0.03 sys=0.00, real=0.01 secs] 
2014-07-08T07:12:08.459+0000: 1573.549: [GC [PSYoungGen: 174180K->1064K(171072K)] 487066K->314014K(858048K), 0.0036130 secs] [Times: user=0.01 sys=0.00, real=0.00 secs] 
2014-07-08T07:12:09.015+0000: 1574.106: [GC [PSYoungGen: 171044K->1531K(205568K)] 483994K->314521K(892544K), 0.0115250 secs] [Times: user=0.07 sys=0.01, real=0.02 secs] 
2014-07-08T07:12:09.720+0000: 1574.810: [GC [PSYoungGen: 205562K->744K(245632K)] 518552K->313822K(932608K), 0.0055160 secs] [Times: user=0.03 sys=0.00, real=0.00 secs] 
2014-07-08T07:12:10.590+0000: 1575.680: [GC [PSYoungGen: 245608K->914K(239872K)] 558686K->314080K(926848K), 0.0047590 secs] [Times: user=0.03 sys=0.00, real=0.00 secs] 
2014-07-08T07:12:11.457+0000: 1576.547: [GC [PSYoungGen: 239826K->1385K(234624K)] 552992K->314663K(921600K), 0.0039550 secs] [Times: user=0.02 sys=0.00, real=0.01 secs] 
2014-07-08T07:12:12.300+0000: 1577.390: [GC [PSYoungGen: 234601K->1140K(228864K)] 547879K->314466K(915840K), 0.0050130 secs] [Times: user=0.03 sys=0.00, real=0.00 secs] 
2014-07-08T07:12:13.182+0000: 1578.272: [GC [PSYoungGen: 228852K->1078K(223488K)] 542178K->314580K(910464K), 0.0088720 secs] [Times: user=0.05 sys=0.00, real=0.01 secs] 
2014-07-08T07:12:13.888+0000: 1578.978: [GC [PSYoungGen: 223448K->1004K(218304K)] 536950K->314602K(905280K), 0.0062920 secs] [Times: user=0.04 sys=0.00, real=0.01 secs] 
2014-07-08T07:12:14.597+0000: 1579.687: [GC [PSYoungGen: 218246K->1146K(213504K)] 531844K->314932K(900480K), 0.0103860 secs] [Times: user=0.07 sys=0.00, real=0.01 secs] 
2014-07-08T07:12:15.368+0000: 1580.458: [GC [PSYoungGen: 213498K->1408K(209088K)] 527284K->315242K(896064K), 0.0040470 secs] [Times: user=0.02 sys=0.00, real=0.00 secs] 
2014-07-08T07:12:16.074+0000: 1581.164: [GC [PSYoungGen: 208979K->758K(203776K)] 522813K->314648K(890752K), 0.0063570 secs] [Times: user=0.04 sys=0.00, real=0.01 secs] 
2014-07-08T07:12:16.778+0000: 1581.869: [GC [PSYoungGen: 203766K->826K(199424K)] 517656K->314764K(886400K), 0.0095780 secs] [Times: user=0.06 sys=0.01, real=0.01 secs] 
2014-07-08T07:12:17.476+0000: 1582.566: [GC [PSYoungGen: 199418K->822K(239168K)] 513356K->314832K(926144K), 0.0137020 secs] [Times: user=0.10 sys=0.00, real=0.02 secs] 
2014-07-08T07:12:18.452+0000: 1583.542: [GC [PSYoungGen: 239158K->1256K(287296K)] 553168K->315330K(974272K), 0.0055560 secs] [Times: user=0.03 sys=0.00, real=0.00 secs] 
2014-07-08T07:12:19.445+0000: 1584.535: [GC [PSYoungGen: 287272K->1248K(279808K)] 601346K->315532K(966784K), 0.0082850 secs] [Times: user=0.06 sys=0.00, real=0.01 secs] 
2014-07-08T07:12:20.376+0000: 1585.466: [GC [PSYoungGen: 279738K->1637K(272960K)] 594022K->315993K(959936K), 0.0058780 secs] [Times: user=0.04 sys=0.00, real=0.01 secs] 
2014-07-08T07:12:21.270+0000: 1586.360: [GC [PSYoungGen: 272933K->694K(265088K)] 587289K->315408K(952064K), 0.0077840 secs] [Times: user=0.04 sys=0.00, real=0.00 secs] 
2014-07-08T07:12:22.161+0000: 1587.251: [GC [PSYoungGen: 265078K->1488K(259264K)] 579792K->316259K(946240K), 0.0039740 secs] [Times: user=0.02 sys=0.00, real=0.00 secs] 
2014-07-08T07:12:23.079+0000: 1588.169: [GC [PSYoungGen: 259216K->1298K(310656K)] 573987K->316230K(997632K), 0.0170120 secs] [Times: user=0.10 sys=0.00, real=0.02 secs] 
2014-07-08T07:12:24.165+0000: 1589.255: [GC [PSYoungGen: 310610K->1206K(302144K)] 625542K->316211K(989120K), 0.0070480 secs] [Times: user=0.04 sys=0.00, real=0.01 secs] 
2014-07-08T07:12:25.257+0000: 1590.347: [GC [PSYoungGen: 302111K->1206K(294080K)] 617116K->316338K(981056K), 0.0075360 secs] [Times: user=0.05 sys=0.00, real=0.01 secs] 
2014-07-08T07:12:26.231+0000: 1591.321: [GC [PSYoungGen: 294070K->1494K(286656K)] 609202K->316683K(973632K), 0.0086070 secs] [Times: user=0.05 sys=0.00, real=0.00 secs] 
2014-07-08T07:12:27.236+0000: 1592.326: [GC [PSYoungGen: 286604K->894K(278592K)] 601792K->316358K(965568K), 0.0130450 secs] [Times: user=0.06 sys=0.00, real=0.01 secs] 
2014-07-08T07:12:28.272+0000: 1593.362: [GC [PSYoungGen: 278574K->1504K(272064K)] 594039K->317040K(959040K), 0.0115760 secs] [Times: user=0.07 sys=0.01, real=0.01 secs] 
2014-07-08T07:12:29.168+0000: 1594.258: [GC [PSYoungGen: 272032K->1200K(264832K)] 587568K->316840K(951808K), 0.0035400 secs] [Times: user=0.02 sys=0.00, real=0.01 secs] 
2014-07-08T07:12:30.090+0000: 1595.180: [GC [PSYoungGen: 264816K->1160K(258176K)] 580456K->316872K(945152K), 0.0042960 secs] [Times: user=0.03 sys=0.00, real=0.01 secs] 
2014-07-08T07:12:30.996+0000: 1596.087: [GC [PSYoungGen: 258120K->1200K(251776K)] 573832K->317042K(938752K), 0.0058600 secs] [Times: user=0.02 sys=0.00, real=0.01 secs] 
2014-07-08T07:12:31.871+0000: 1596.961: [GC [PSYoungGen: 251760K->872K(245312K)] 567602K->316786K(932288K), 0.0033030 secs] [Times: user=0.02 sys=0.00, real=0.00 secs] 
2014-07-08T07:12:32.738+0000: 1597.828: [GC [PSYoungGen: 245288K->1434K(240000K)] 561202K->317396K(926976K), 0.0060840 secs] [Times: user=0.02 sys=0.01, real=0.01 secs] 
2014-07-08T07:12:33.593+0000: 1598.683: [GC [PSYoungGen: 239962K->904K(233792K)] 555924K->316930K(920768K), 0.0063990 secs] [Times: user=0.01 sys=0.01, real=0.00 secs] 
2014-07-08T07:12:34.409+0000: 1599.499: [GC [PSYoungGen: 233736K->1200K(228544K)] 549762K->317471K(915520K), 0.0054560 secs] [Times: user=0.04 sys=0.00, real=0.01 secs] 
2014-07-08T07:12:35.202+0000: 1600.292: [GC [PSYoungGen: 228527K->1367K(223424K)] 544798K->317694K(910400K), 0.0045810 secs] [Times: user=0.02 sys=0.00, real=0.00 secs] 
2014-07-08T07:12:35.971+0000: 1601.061: [GC [PSYoungGen: 223383K->878K(217792K)] 539710K->317579K(904768K), 0.0082330 secs] [Times: user=0.05 sys=0.01, real=0.01 secs] 
2014-07-08T07:12:36.749+0000: 1601.840: [GC [PSYoungGen: 217774K->1072K(213056K)] 534475K->317869K(900032K), 0.0064240 secs] [Times: user=0.04 sys=0.00, real=0.01 secs] 
2014-07-08T07:12:37.498+0000: 1602.588: [GC [PSYoungGen: 213040K->1046K(255488K)] 529837K->318007K(942464K), 0.0177290 secs] [Times: user=0.12 sys=0.00, real=0.02 secs] 
2014-07-08T07:12:38.491+0000: 1603.581: [GC [PSYoungGen: 255446K->1414K(306752K)] 572407K->318463K(993728K), 0.0075560 secs] [Times: user=0.05 sys=0.01, real=0.01 secs] 
2014-07-08T07:12:39.460+0000: 1604.550: [GC [PSYoungGen: 306694K->772K(297856K)] 623743K->317901K(984832K), 0.0038390 secs] [Times: user=0.02 sys=0.00, real=0.01 secs] 
2014-07-08T07:12:40.509+0000: 1605.599: [GC [PSYoungGen: 297796K->1274K(290368K)] 614925K->318499K(977344K), 0.0083950 secs] [Times: user=0.05 sys=0.00, real=0.01 secs] 
2014-07-08T07:12:41.590+0000: 1606.680: [GC [PSYoungGen: 290362K->1332K(282816K)] 607587K->318653K(969792K), 0.0066170 secs] [Times: user=0.04 sys=0.00, real=0.01 secs] 
2014-07-08T07:12:42.496+0000: 1607.586: [GC [PSYoungGen: 282804K->744K(274944K)] 600125K->318137K(961920K), 0.0047990 secs] [Times: user=0.02 sys=0.00, real=0.00 secs] 
2014-07-08T07:12:43.569+0000: 1608.659: [GC [PSYoungGen: 274920K->1114K(268288K)] 592313K->318619K(955264K), 0.0046670 secs] [Times: user=0.03 sys=0.01, real=0.01 secs] 
2014-07-08T07:12:44.437+0000: 1609.527: [GC [PSYoungGen: 268250K->990K(261376K)] 585755K->318567K(948352K), 0.0054280 secs] [Times: user=0.03 sys=0.00, real=0.00 secs] 
2014-07-08T07:12:45.332+0000: 1610.422: [GC [PSYoungGen: 261342K->1326K(255168K)] 578919K->318999K(942144K), 0.0057470 secs] [Times: user=0.04 sys=0.00, real=0.01 secs] 
2014-07-08T07:12:46.203+0000: 1611.294: [GC [PSYoungGen: 255150K->1392K(248960K)] 572823K->319129K(935936K), 0.0087350 secs] [Times: user=0.05 sys=0.00, real=0.00 secs] 
2014-07-08T07:12:47.054+0000: 1612.144: [GC [PSYoungGen: 248926K->744K(242304K)] 566663K->318873K(929280K), 0.0068700 secs] [Times: user=0.04 sys=0.00, real=0.00 secs] 
2014-07-08T07:12:47.894+0000: 1612.985: [GC [PSYoungGen: 242262K->926K(236672K)] 560391K->319111K(923648K), 0.0106230 secs] [Times: user=0.05 sys=0.00, real=0.01 secs] 
2014-07-08T07:12:48.725+0000: 1613.815: [GC [PSYoungGen: 236638K->1210K(231360K)] 554823K->319501K(918336K), 0.0054400 secs] [Times: user=0.03 sys=0.00, real=0.00 secs] 
2014-07-08T07:12:49.508+0000: 1614.599: [GC [PSYoungGen: 231354K->1104K(225920K)] 549645K->319467K(912896K), 0.0052150 secs] [Times: user=0.03 sys=0.00, real=0.00 secs] 
2014-07-08T07:12:50.333+0000: 1615.424: [GC [PSYoungGen: 225836K->1014K(220608K)] 544199K->319643K(907584K), 0.0039470 secs] [Times: user=0.02 sys=0.01, real=0.01 secs] 
2014-07-08T07:12:51.081+0000: 1616.171: [GC [PSYoungGen: 220598K->1196K(215808K)] 539227K->319873K(902784K), 0.0091260 secs] [Times: user=0.06 sys=0.00, real=0.01 secs] 
2014-07-08T07:12:51.818+0000: 1616.908: [GC [PSYoungGen: 215788K->662K(210432K)] 534465K->319487K(897408K), 0.0062520 secs] [Times: user=0.03 sys=0.00, real=0.01 secs] 
2014-07-08T07:12:52.579+0000: 1617.669: [GC [PSYoungGen: 210387K->1274K(206336K)] 529212K->320195K(893312K), 0.0100070 secs] [Times: user=0.07 sys=0.00, real=0.01 secs] 
2014-07-08T07:12:53.380+0000: 1618.470: [GC [PSYoungGen: 206330K->1402K(201984K)] 525251K->320419K(888960K), 0.0079950 secs] [Times: user=0.06 sys=0.00, real=0.01 secs] 
2014-07-08T07:12:54.045+0000: 1619.135: [GC [PSYoungGen: 201978K->918K(241664K)] 520995K->319983K(928640K), 0.0094310 secs] [Times: user=0.06 sys=0.00, real=0.01 secs] 
2014-07-08T07:12:54.826+0000: 1619.916: [GC [PSYoungGen: 241622K->986K(289920K)] 560687K->320139K(976896K), 0.0110500 secs] [Times: user=0.08 sys=0.00, real=0.01 secs] 
2014-07-08T07:12:55.836+0000: 1620.926: [GC [PSYoungGen: 289880K->844K(282176K)] 609033K->320061K(969152K), 0.0037650 secs] [Times: user=0.02 sys=0.00, real=0.00 secs] 
2014-07-08T07:12:56.833+0000: 1621.923: [GC [PSYoungGen: 282124K->862K(274880K)] 601341K->320143K(961856K), 0.0034500 secs] [Times: user=0.02 sys=0.00, real=0.01 secs] 
2014-07-08T07:12:57.805+0000: 1622.895: [GC [PSYoungGen: 274846K->908K(267904K)] 594127K->320261K(954880K), 0.0050680 secs] [Times: user=0.02 sys=0.00, real=0.01 secs] 
2014-07-08T07:12:58.842+0000: 1623.932: [GC [PSYoungGen: 267851K->1136K(261312K)] 587204K->320593K(948288K), 0.0057600 secs] [Times: user=0.04 sys=0.00, real=0.01 secs] 
2014-07-08T07:12:59.687+0000: 1624.777: [GC [PSYoungGen: 261296K->1100K(254784K)] 580753K->320661K(941760K), 0.0064100 secs] [Times: user=0.03 sys=0.01, real=0.00 secs] 
2014-07-08T07:13:00.572+0000: 1625.662: [GC [PSYoungGen: 254699K->894K(248256K)] 574260K->320535K(935232K), 0.0046690 secs] [Times: user=0.03 sys=0.01, real=0.01 secs] 
2014-07-08T07:13:01.440+0000: 1626.531: [GC [PSYoungGen: 248225K->990K(242368K)] 567867K->320703K(929344K), 0.0062330 secs] [Times: user=0.04 sys=0.00, real=0.01 secs] 
2014-07-08T07:13:02.304+0000: 1627.394: [GC [PSYoungGen: 242334K->1192K(236736K)] 562047K->321033K(923712K), 0.0075920 secs] [Times: user=0.05 sys=0.00, real=0.01 secs] 
2014-07-08T07:13:03.103+0000: 1628.193: [GC [PSYoungGen: 236712K->1022K(230976K)] 556553K->320943K(917952K), 0.0051580 secs] [Times: user=0.02 sys=0.00, real=0.01 secs] 
2014-07-08T07:13:03.916+0000: 1629.006: [GC [PSYoungGen: 230974K->826K(225408K)] 550895K->320811K(912384K), 0.0055280 secs] [Times: user=0.03 sys=0.00, real=0.01 secs] 
2014-07-08T07:13:04.706+0000: 1629.796: [GC [PSYoungGen: 225402K->676K(220096K)] 545387K->320733K(907072K), 0.0061030 secs] [Times: user=0.03 sys=0.00, real=0.01 secs] 
2014-07-08T07:13:05.463+0000: 1630.554: [GC [PSYoungGen: 220068K->762K(215168K)] 540125K->320875K(902144K), 0.0044610 secs] [Times: user=0.03 sys=0.00, real=0.01 secs] 
2014-07-08T07:13:06.211+0000: 1631.301: [GC [PSYoungGen: 215162K->950K(210496K)] 535275K->321119K(897472K), 0.0074250 secs] [Times: user=0.04 sys=0.00, real=0.01 secs] 
2014-07-08T07:13:06.949+0000: 1632.039: [GC [PSYoungGen: 210486K->1046K(205952K)] 530655K->321319K(892928K), 0.0059010 secs] [Times: user=0.04 sys=0.00, real=0.00 secs] 
2014-07-08T07:13:07.669+0000: 1632.759: [GC [PSYoungGen: 205910K->904K(201344K)] 526183K->321249K(888320K), 0.0051630 secs] [Times: user=0.02 sys=0.00, real=0.00 secs] 
2014-07-08T07:13:08.397+0000: 1633.487: [GC [PSYoungGen: 201288K->950K(196992K)] 521633K->321457K(883968K), 0.0052380 secs] [Times: user=0.03 sys=0.00, real=0.01 secs] 
2014-07-08T07:13:09.063+0000: 1634.153: [GC [PSYoungGen: 196982K->1050K(192896K)] 517489K->321637K(879872K), 0.0090280 secs] [Times: user=0.06 sys=0.00, real=0.01 secs] 
2014-07-08T07:13:09.732+0000: 1634.823: [GC [PSYoungGen: 192858K->928K(188736K)] 513445K->321645K(875712K), 0.0052990 secs] [Times: user=0.03 sys=0.00, real=0.01 secs] 
2014-07-08T07:13:10.414+0000: 1635.504: [GC [PSYoungGen: 188704K->1396K(185280K)] 509421K->322275K(872256K), 0.0086070 secs] [Times: user=0.05 sys=0.00, real=0.01 secs] 
2014-07-08T07:13:11.030+0000: 1636.120: [GC [PSYoungGen: 185268K->488K(180608K)] 506147K->321986K(867584K), 0.0056380 secs] [Times: user=0.02 sys=0.00, real=0.00 secs] 
2014-07-08T07:13:11.672+0000: 1636.762: [GC [PSYoungGen: 180575K->1218K(177728K)] 502073K->322780K(864704K), 0.0076380 secs] [Times: user=0.06 sys=0.00, real=0.01 secs] 
2014-07-08T07:13:12.321+0000: 1637.411: [GC [PSYoungGen: 177655K->1282K(174208K)] 499217K->323162K(861184K), 0.0045300 secs] [Times: user=0.02 sys=0.01, real=0.00 secs] 
2014-07-08T07:13:12.877+0000: 1637.968: [GC [PSYoungGen: 174142K->940K(170368K)] 496023K->322900K(857344K), 0.0058450 secs] [Times: user=0.02 sys=0.01, real=0.00 secs] 
2014-07-08T07:13:13.468+0000: 1638.558: [GC [PSYoungGen: 170348K->858K(166976K)] 492308K->322882K(853952K), 0.0032910 secs] [Times: user=0.02 sys=0.00, real=0.00 secs] 
2014-07-08T07:13:14.077+0000: 1639.167: [GC [PSYoungGen: 166938K->1068K(163968K)] 488962K->323156K(850944K), 0.0075300 secs] [Times: user=0.06 sys=0.00, real=0.01 secs] 
2014-07-08T07:13:14.634+0000: 1639.724: [GC [PSYoungGen: 163948K->858K(160640K)] 486036K->323042K(847616K), 0.0033790 secs] [Times: user=0.02 sys=0.00, real=0.01 secs] 
2014-07-08T07:13:15.206+0000: 1640.297: [GC [PSYoungGen: 160602K->1210K(157952K)] 482786K->323490K(844928K), 0.0064660 secs] [Times: user=0.04 sys=0.00, real=0.01 secs] 
2014-07-08T07:13:15.731+0000: 1640.821: [GC [PSYoungGen: 157946K->744K(154560K)] 480226K->323096K(841536K), 0.0053210 secs] [Times: user=0.03 sys=0.00, real=0.00 secs] 
2014-07-08T07:13:16.328+0000: 1641.418: [GC [PSYoungGen: 154536K->1288K(152320K)] 476888K->323720K(839296K), 0.0051890 secs] [Times: user=0.02 sys=0.01, real=0.00 secs] 
2014-07-08T07:13:16.814+0000: 1641.904: [GC [PSYoungGen: 152264K->676K(148928K)] 474696K->323164K(835904K), 0.0029630 secs] [Times: user=0.02 sys=0.00, real=0.00 secs] 
2014-07-08T07:13:17.341+0000: 1642.431: [GC [PSYoungGen: 148900K->1082K(179008K)] 471388K->323594K(865984K), 0.0191530 secs] [Times: user=0.12 sys=0.00, real=0.02 secs] 
2014-07-08T07:13:17.932+0000: 1643.022: [GC [PSYoungGen: 179000K->1110K(214656K)] 501512K->323670K(901632K), 0.0072940 secs] [Times: user=0.05 sys=0.00, real=0.01 secs] 
2014-07-08T07:13:18.676+0000: 1643.767: [GC [PSYoungGen: 214614K->1018K(257280K)] 537174K->323642K(944256K), 0.0066860 secs] [Times: user=0.04 sys=0.00, real=0.01 secs] 
2014-07-08T07:13:19.582+0000: 1644.672: [GC [PSYoungGen: 257274K->932K(308480K)] 579898K->323670K(995456K), 0.0083100 secs] [Times: user=0.05 sys=0.00, real=0.01 secs] 
2014-07-08T07:13:20.660+0000: 1645.751: [GC [PSYoungGen: 308452K->1104K(320576K)] 631190K->323922K(1007552K), 0.0159490 secs] [Times: user=0.12 sys=0.00, real=0.01 secs] 
2014-07-08T07:13:21.784+0000: 1646.874: [GC [PSYoungGen: 320208K->854K(370496K)] 643026K->323744K(1057472K), 0.0063530 secs] [Times: user=0.04 sys=0.00, real=0.01 secs] 
2014-07-08T07:13:23.070+0000: 1648.160: [GC [PSYoungGen: 369878K->1010K(359232K)] 692768K->323972K(1046208K), 0.0038700 secs] [Times: user=0.02 sys=0.00, real=0.00 secs] 
2014-07-08T07:13:24.397+0000: 1649.487: [GC [PSYoungGen: 359170K->506K(348352K)] 682132K->324439K(1035328K), 0.0037480 secs] [Times: user=0.02 sys=0.00, real=0.01 secs] 
2014-07-08T07:13:25.516+0000: 1650.606: [GC [PSYoungGen: 348346K->1211K(339072K)] 672279K->325259K(1026048K), 0.0043310 secs] [Times: user=0.03 sys=0.00, real=0.01 secs] 
2014-07-08T07:13:26.710+0000: 1651.800: [GC [PSYoungGen: 339067K->808K(329152K)] 663115K->325345K(1016128K), 0.0058030 secs] [Times: user=0.03 sys=0.00, real=0.00 secs] 
2014-07-08T07:13:27.910+0000: 1653.000: [GC [PSYoungGen: 329121K->1000K(320192K)] 653658K->325633K(1007168K), 0.0057660 secs] [Times: user=0.04 sys=0.00, real=0.00 secs] 
2014-07-08T07:13:28.978+0000: 1654.068: [GC [PSYoungGen: 320121K->1072K(311488K)] 644754K->325785K(998464K), 0.0056900 secs] [Times: user=0.03 sys=0.00, real=0.01 secs] 
2014-07-08T07:13:30.086+0000: 1655.176: [GC [PSYoungGen: 311472K->1466K(303424K)] 636185K->326299K(990400K), 0.0056870 secs] [Times: user=0.03 sys=0.00, real=0.01 secs] 
2014-07-08T07:13:31.170+0000: 1656.260: [GC [PSYoungGen: 303418K->438K(294272K)] 628251K->326183K(981248K), 0.0035620 secs] [Times: user=0.02 sys=0.00, real=0.00 secs] 
2014-07-08T07:13:32.201+0000: 1657.291: [GC [PSYoungGen: 294262K->1460K(287488K)] 620007K->327270K(974464K), 0.0111150 secs] [Times: user=0.07 sys=0.01, real=0.01 secs] 
2014-07-08T07:13:33.237+0000: 1658.327: [GC [PSYoungGen: 287427K->1352K(279936K)] 613237K->327688K(966912K), 0.0063340 secs] [Times: user=0.04 sys=0.00, real=0.01 secs] 
2014-07-08T07:13:34.355+0000: 1659.445: [GC [PSYoungGen: 279880K->1522K(272832K)] 606216K->327914K(959808K), 0.0047690 secs] [Times: user=0.02 sys=0.00, real=0.00 secs] 
2014-07-08T07:13:35.163+0000: 1660.253: [GC [PSYoungGen: 272792K->679K(265088K)] 599184K->327339K(952064K), 0.0112410 secs] [Times: user=0.06 sys=0.00, real=0.01 secs] 
2014-07-08T07:13:36.096+0000: 1661.186: [GC [PSYoungGen: 265029K->1190K(258944K)] 591689K->327882K(945920K), 0.0158560 secs] [Times: user=0.10 sys=0.01, real=0.02 secs] 
2014-07-08T07:13:36.983+0000: 1662.073: [GC [PSYoungGen: 258918K->1092K(252480K)] 585610K->328086K(939456K), 0.0056500 secs] [Times: user=0.04 sys=0.01, real=0.00 secs] 
2014-07-08T07:13:37.874+0000: 1662.964: [GC [PSYoungGen: 252411K->694K(245888K)] 579405K->327744K(932864K), 0.0040600 secs] [Times: user=0.02 sys=0.01, real=0.00 secs] 
2014-07-08T07:13:38.775+0000: 1663.866: [GC [PSYoungGen: 245878K->1092K(240384K)] 572928K->328214K(927360K), 0.0061250 secs] [Times: user=0.04 sys=0.00, real=0.01 secs] 
2014-07-08T07:13:39.600+0000: 1664.690: [GC [PSYoungGen: 240324K->776K(234368K)] 567446K->327962K(921344K), 0.0084490 secs] [Times: user=0.05 sys=0.00, real=0.01 secs] 
2014-07-08T07:13:40.407+0000: 1665.497: [GC [PSYoungGen: 234312K->1256K(229312K)] 561498K->328474K(916288K), 0.0065320 secs] [Times: user=0.02 sys=0.00, real=0.01 secs] 
2014-07-08T07:13:41.169+0000: 1666.259: [GC [PSYoungGen: 229288K->1100K(223872K)] 556506K->328390K(910848K), 0.0064430 secs] [Times: user=0.04 sys=0.00, real=0.01 secs] 
2014-07-08T07:13:41.934+0000: 1667.024: [GC [PSYoungGen: 223815K->1085K(218688K)] 551105K->328574K(905664K), 0.0059290 secs] [Times: user=0.04 sys=0.00, real=0.00 secs] 
2014-07-08T07:13:42.700+0000: 1667.790: [GC [PSYoungGen: 218669K->1076K(213760K)] 546158K->328621K(900736K), 0.0079560 secs] [Times: user=0.05 sys=0.00, real=0.01 secs] 
2014-07-08T07:13:43.460+0000: 1668.550: [GC [PSYoungGen: 213748K->1082K(208960K)] 541293K->328741K(895936K), 0.0037820 secs] [Times: user=0.02 sys=0.00, real=0.01 secs] 
2014-07-08T07:13:44.189+0000: 1669.279: [GC [PSYoungGen: 208954K->1182K(204480K)] 536613K->328905K(891456K), 0.0089060 secs] [Times: user=0.05 sys=0.01, real=0.01 secs] 
2014-07-08T07:13:44.901+0000: 1669.992: [GC [PSYoungGen: 204446K->936K(199744K)] 532169K->328763K(886720K), 0.0070220 secs] [Times: user=0.04 sys=0.00, real=0.01 secs] 
2014-07-08T07:13:45.565+0000: 1670.656: [GC [PSYoungGen: 199720K->862K(195392K)] 527547K->328769K(882368K), 0.0074980 secs] [Times: user=0.05 sys=0.00, real=0.01 secs] 
2014-07-08T07:13:46.264+0000: 1671.354: [GC [PSYoungGen: 195358K->1250K(191616K)] 523265K->329205K(878592K), 0.0050740 secs] [Times: user=0.02 sys=0.00, real=0.00 secs] 
2014-07-08T07:13:46.918+0000: 1672.008: [GC [PSYoungGen: 191586K->1004K(229440K)] 519541K->329055K(916416K), 0.0159190 secs] [Times: user=0.09 sys=0.00, real=0.02 secs] 
2014-07-08T07:13:47.711+0000: 1672.802: [GC [PSYoungGen: 229420K->818K(274944K)] 557471K->329281K(961920K), 0.0040980 secs] [Times: user=0.03 sys=0.00, real=0.01 secs] 
2014-07-08T07:13:48.662+0000: 1673.753: [GC [PSYoungGen: 274887K->862K(329856K)] 603350K->329381K(1016832K), 0.0084390 secs] [Times: user=0.04 sys=0.00, real=0.01 secs] 
2014-07-08T07:13:49.897+0000: 1674.987: [GC [PSYoungGen: 329822K->822K(320576K)] 658341K->329455K(1007552K), 0.0044260 secs] [Times: user=0.02 sys=0.00, real=0.00 secs] 
2014-07-08T07:13:50.948+0000: 1676.038: [GC [PSYoungGen: 320533K->758K(311680K)] 649166K->329479K(998656K), 0.0084250 secs] [Times: user=0.05 sys=0.00, real=0.01 secs] 
2014-07-08T07:13:52.028+0000: 1677.118: [GC [PSYoungGen: 311670K->1138K(303616K)] 640391K->329915K(990592K), 0.0063400 secs] [Times: user=0.04 sys=0.00, real=0.01 secs] 
2014-07-08T07:13:53.102+0000: 1678.192: [GC [PSYoungGen: 303597K->1284K(295680K)] 632374K->330117K(982656K), 0.0168890 secs] [Times: user=0.10 sys=0.00, real=0.02 secs] 
2014-07-08T07:13:54.142+0000: 1679.232: [GC [PSYoungGen: 295620K->616K(287168K)] 624453K->329755K(974144K), 0.0083760 secs] [Times: user=0.05 sys=0.00, real=0.01 secs] 
2014-07-08T07:13:55.165+0000: 1680.256: [GC [PSYoungGen: 287144K->1492K(280576K)] 616283K->330711K(967552K), 0.0048570 secs] [Times: user=0.02 sys=0.01, real=0.00 secs] 
2014-07-08T07:13:56.157+0000: 1681.247: [GC [PSYoungGen: 280447K->947K(272768K)] 609667K->330785K(959744K), 0.0128930 secs] [Times: user=0.08 sys=0.00, real=0.01 secs] 
2014-07-08T07:13:57.097+0000: 1682.188: [GC [PSYoungGen: 272755K->1182K(266112K)] 602593K->331099K(953088K), 0.0082430 secs] [Times: user=0.04 sys=0.01, real=0.01 secs] 
2014-07-08T07:13:58.018+0000: 1683.109: [GC [PSYoungGen: 266078K->730K(259008K)] 595995K->330893K(945984K), 0.0061890 secs] [Times: user=0.03 sys=0.00, real=0.01 secs] 
2014-07-08T07:13:58.931+0000: 1684.021: [GC [PSYoungGen: 258969K->776K(252672K)] 589133K->331003K(939648K), 0.0102350 secs] [Times: user=0.05 sys=0.00, real=0.01 secs] 
2014-07-08T07:13:59.801+0000: 1684.891: [GC [PSYoungGen: 252616K->872K(246528K)] 582843K->331171K(933504K), 0.0056650 secs] [Times: user=0.03 sys=0.00, real=0.01 secs] 
2014-07-08T07:14:00.650+0000: 1685.740: [GC [PSYoungGen: 246504K->648K(240384K)] 576803K->330987K(927360K), 0.0044770 secs] [Times: user=0.02 sys=0.00, real=0.01 secs] 
2014-07-08T07:14:01.603+0000: 1686.694: [GC [PSYoungGen: 240304K->1724K(235648K)] 570644K->332210K(922624K), 0.0065800 secs] [Times: user=0.05 sys=0.00, real=0.01 secs] 
2014-07-08T07:14:02.448+0000: 1687.539: [GC [PSYoungGen: 235621K->1506K(229952K)] 566107K->332104K(916928K), 0.0078110 secs] [Times: user=0.05 sys=0.00, real=0.01 secs] 
2014-07-08T07:14:03.109+0000: 1688.199: [GC [PSYoungGen: 229922K->760K(223872K)] 560520K->331856K(910848K), 0.0057570 secs] [Times: user=0.04 sys=0.00, real=0.00 secs] 
2014-07-08T07:14:03.884+0000: 1688.974: [GC [PSYoungGen: 223864K->1150K(219136K)] 554960K->332302K(906112K), 0.0064340 secs] [Times: user=0.03 sys=0.00, real=0.01 secs] 
2014-07-08T07:14:04.768+0000: 1689.858: [GC [PSYoungGen: 219134K->1054K(214080K)] 550286K->332468K(901056K), 0.0053850 secs] [Times: user=0.04 sys=0.00, real=0.00 secs] 
2014-07-08T07:14:05.492+0000: 1690.583: [GC [PSYoungGen: 214043K->822K(209024K)] 545457K->332308K(896000K), 0.0061550 secs] [Times: user=0.03 sys=0.00, real=0.01 secs] 
2014-07-08T07:14:06.147+0000: 1691.238: [GC [PSYoungGen: 209014K->900K(204544K)] 540500K->332466K(891520K), 0.0079720 secs] [Times: user=0.05 sys=0.00, real=0.01 secs] 
2014-07-08T07:14:06.917+0000: 1692.007: [GC [PSYoungGen: 204460K->1000K(200128K)] 536026K->332638K(887104K), 0.0037360 secs] [Times: user=0.02 sys=0.00, real=0.00 secs] 
2014-07-08T07:14:07.590+0000: 1692.680: [GC [PSYoungGen: 200104K->936K(195776K)] 531742K->332662K(882752K), 0.0058700 secs] [Times: user=0.04 sys=0.00, real=0.00 secs] 
2014-07-08T07:14:08.252+0000: 1693.342: [GC [PSYoungGen: 195752K->936K(191616K)] 527478K->332718K(878592K), 0.0061600 secs] [Times: user=0.04 sys=0.00, real=0.01 secs] 
2014-07-08T07:14:08.900+0000: 1693.990: [GC [PSYoungGen: 191592K->1118K(187776K)] 523374K->332996K(874752K), 0.0096440 secs] [Times: user=0.06 sys=0.00, real=0.01 secs] 
2014-07-08T07:14:09.556+0000: 1694.646: [GC [PSYoungGen: 187742K->1124K(225152K)] 519620K->333074K(912128K), 0.0137490 secs] [Times: user=0.08 sys=0.00, real=0.02 secs] 
2014-07-08T07:14:10.368+0000: 1695.458: [GC [PSYoungGen: 225095K->1086K(269888K)] 557045K->333320K(956864K), 0.0071310 secs] [Times: user=0.04 sys=0.00, real=0.00 secs] 
2014-07-08T07:14:11.301+0000: 1696.392: [GC [PSYoungGen: 269886K->1630K(324224K)] 602120K->333985K(1011200K), 0.0080490 secs] [Times: user=0.06 sys=0.00, real=0.01 secs] 
2014-07-08T07:14:12.512+0000: 1697.602: [GC [PSYoungGen: 324190K->616K(314240K)] 656545K->333454K(1001216K), 0.0057550 secs] [Times: user=0.04 sys=0.00, real=0.01 secs] 
2014-07-08T07:14:13.513+0000: 1698.603: [GC [PSYoungGen: 314216K->1780K(306816K)] 647054K->334691K(993792K), 0.0075180 secs] [Times: user=0.04 sys=0.00, real=0.01 secs] 
2014-07-08T07:14:14.560+0000: 1699.650: [GC [PSYoungGen: 306804K->794K(297600K)] 639715K->334214K(984576K), 0.0053600 secs] [Times: user=0.02 sys=0.00, real=0.00 secs] 
2014-07-08T07:14:15.594+0000: 1700.685: [GC [PSYoungGen: 297562K->786K(289664K)] 630982K->334255K(976640K), 0.0068290 secs] [Times: user=0.04 sys=0.00, real=0.01 secs] 
2014-07-08T07:14:16.600+0000: 1701.690: [GC [PSYoungGen: 289618K->929K(282176K)] 623087K->334470K(969152K), 0.0064660 secs] [Times: user=0.03 sys=0.00, real=0.00 secs] 
2014-07-08T07:14:17.641+0000: 1702.732: [GC [PSYoungGen: 282145K->918K(274880K)] 615686K->334530K(961856K), 0.0052970 secs] [Times: user=0.02 sys=0.00, real=0.01 secs] 
2014-07-08T07:14:18.540+0000: 1703.630: [GC [PSYoungGen: 274838K->712K(267648K)] 608450K->334388K(954624K), 0.0036190 secs] [Times: user=0.02 sys=0.00, real=0.00 secs] 
2014-07-08T07:14:19.488+0000: 1704.578: [GC [PSYoungGen: 267592K->676K(260800K)] 601268K->334440K(947776K), 0.0081060 secs] [Times: user=0.05 sys=0.00, real=0.00 secs] 
2014-07-08T07:14:20.366+0000: 1705.456: [GC [PSYoungGen: 260772K->1076K(254656K)] 594536K->334873K(941632K), 0.0069360 secs] [Times: user=0.03 sys=0.00, real=0.01 secs] 
2014-07-08T07:14:21.308+0000: 1706.399: [GC [PSYoungGen: 254639K->1438K(248768K)] 588436K->335354K(935744K), 0.0054110 secs] [Times: user=0.04 sys=0.00, real=0.00 secs] 
2014-07-08T07:14:22.118+0000: 1707.208: [GC [PSYoungGen: 248702K->1064K(242368K)] 582618K->335060K(929344K), 0.0087330 secs] [Times: user=0.06 sys=0.01, real=0.00 secs] 
2014-07-08T07:14:22.970+0000: 1708.060: [GC [PSYoungGen: 242344K->826K(236288K)] 576340K->334902K(923264K), 0.0095510 secs] [Times: user=0.07 sys=0.00, real=0.01 secs] 
2014-07-08T07:14:23.816+0000: 1708.906: [GC [PSYoungGen: 236282K->1252K(231168K)] 570358K->335385K(918144K), 0.0058370 secs] [Times: user=0.02 sys=0.00, real=0.01 secs] 
2014-07-08T07:14:24.586+0000: 1709.676: [GC [PSYoungGen: 231140K->794K(225344K)] 565273K->334982K(912320K), 0.0073190 secs] [Times: user=0.04 sys=0.00, real=0.01 secs] 
2014-07-08T07:14:25.397+0000: 1710.487: [GC [PSYoungGen: 225268K->1505K(220864K)] 559457K->336086K(907840K), 0.0075160 secs] [Times: user=0.05 sys=0.00, real=0.01 secs] 
2014-07-08T07:14:26.152+0000: 1711.242: [GC [PSYoungGen: 220824K->1128K(215488K)] 555405K->335757K(902464K), 0.0040120 secs] [Times: user=0.02 sys=0.00, real=0.00 secs] 
2014-07-08T07:14:26.882+0000: 1711.973: [GC [PSYoungGen: 215464K->1032K(210560K)] 550093K->335709K(897536K), 0.0067810 secs] [Times: user=0.04 sys=0.01, real=0.01 secs] 
2014-07-08T07:14:27.615+0000: 1712.705: [GC [PSYoungGen: 210461K->958K(205760K)] 545138K->335691K(892736K), 0.0052370 secs] [Times: user=0.03 sys=0.00, real=0.01 secs] 
2014-07-08T07:14:28.371+0000: 1713.461: [GC [PSYoungGen: 205758K->990K(201344K)] 540491K->335779K(888320K), 0.0045210 secs] [Times: user=0.03 sys=0.00, real=0.00 secs] 
2014-07-08T07:14:29.061+0000: 1714.152: [GC [PSYoungGen: 201310K->1004K(196992K)] 536099K->335865K(883968K), 0.0062940 secs] [Times: user=0.03 sys=0.00, real=0.00 secs] 
2014-07-08T07:14:29.752+0000: 1714.842: [GC [PSYoungGen: 196972K->854K(192640K)] 531833K->335770K(879616K), 0.0071280 secs] [Times: user=0.05 sys=0.00, real=0.01 secs] 
2014-07-08T07:14:30.432+0000: 1715.522: [GC [PSYoungGen: 192598K->854K(188608K)] 527514K->335842K(875584K), 0.0039990 secs] [Times: user=0.02 sys=0.00, real=0.00 secs] 
2014-07-08T07:14:31.061+0000: 1716.151: [GC [PSYoungGen: 188566K->940K(184768K)] 523554K->335985K(871744K), 0.0065030 secs] [Times: user=0.03 sys=0.00, real=0.00 secs] 
2014-07-08T07:14:31.707+0000: 1716.797: [GC [PSYoungGen: 184660K->912K(180992K)] 519705K->336029K(867968K), 0.0041680 secs] [Times: user=0.03 sys=0.00, real=0.01 secs] 
2014-07-08T07:14:32.354+0000: 1717.444: [GC [PSYoungGen: 180944K->896K(177280K)] 516061K->336052K(864256K), 0.0068460 secs] [Times: user=0.02 sys=0.00, real=0.01 secs] 
2014-07-08T07:14:32.938+0000: 1718.028: [GC [PSYoungGen: 177280K->1008K(173888K)] 512436K->336221K(860864K), 0.0078700 secs] [Times: user=0.04 sys=0.00, real=0.01 secs] 
2014-07-08T07:14:33.546+0000: 1718.636: [GC [PSYoungGen: 173872K->982K(208512K)] 509085K->336251K(895488K), 0.0104910 secs] [Times: user=0.07 sys=0.00, real=0.01 secs] 
2014-07-08T07:14:34.277+0000: 1719.367: [GC [PSYoungGen: 208470K->1000K(250048K)] 543739K->336317K(937024K), 0.0086490 secs] [Times: user=0.05 sys=0.00, real=0.01 secs] 
2014-07-08T07:14:35.341+0000: 1720.431: [GC [PSYoungGen: 250024K->954K(243904K)] 585341K->336342K(930880K), 0.0041560 secs] [Times: user=0.02 sys=0.00, real=0.00 secs] 
2014-07-08T07:14:36.022+0000: 1721.113: [GC [PSYoungGen: 243869K->712K(237824K)] 579258K->336172K(924800K), 0.0054550 secs] [Times: user=0.03 sys=0.00, real=0.00 secs] 
2014-07-08T07:14:36.840+0000: 1721.930: [GC [PSYoungGen: 237768K->1096K(232576K)] 573228K->336629K(919552K), 0.0039210 secs] [Times: user=0.02 sys=0.00, real=0.01 secs] 
2014-07-08T07:14:37.656+0000: 1722.746: [GC [PSYoungGen: 232520K->932K(226944K)] 568053K->336505K(913920K), 0.0055830 secs] [Times: user=0.02 sys=0.00, real=0.01 secs] 
2014-07-08T07:14:38.460+0000: 1723.550: [GC [PSYoungGen: 226916K->754K(221504K)] 562489K->336545K(908480K), 0.0096100 secs] [Times: user=0.06 sys=0.00, real=0.01 secs] 
2014-07-08T07:14:39.227+0000: 1724.318: [GC [PSYoungGen: 221444K->1090K(216832K)] 557235K->336929K(903808K), 0.0061020 secs] [Times: user=0.04 sys=0.00, real=0.01 secs] 
2014-07-08T07:14:40.010+0000: 1725.100: [GC [PSYoungGen: 216770K->814K(211648K)] 552609K->337351K(898624K), 0.0051440 secs] [Times: user=0.02 sys=0.00, real=0.01 secs] 
2014-07-08T07:14:40.738+0000: 1725.828: [GC [PSYoungGen: 211630K->1264K(207360K)] 548167K->337857K(894336K), 0.0044070 secs] [Times: user=0.02 sys=0.00, real=0.01 secs] 
2014-07-08T07:14:41.487+0000: 1726.577: [GC [PSYoungGen: 207315K->997K(202560K)] 543908K->338142K(889536K), 0.0047880 secs] [Times: user=0.04 sys=0.00, real=0.01 secs] 
2014-07-08T07:14:42.154+0000: 1727.244: [GC [PSYoungGen: 202533K->1100K(198272K)] 539678K->338301K(885248K), 0.0055990 secs] [Times: user=0.03 sys=0.00, real=0.00 secs] 
2014-07-08T07:14:42.810+0000: 1727.900: [GC [PSYoungGen: 198219K->712K(193664K)] 535420K->337961K(880640K), 0.0037590 secs] [Times: user=0.02 sys=0.00, real=0.01 secs] 
2014-07-08T07:14:43.513+0000: 1728.603: [GC [PSYoungGen: 193608K->790K(189632K)] 530857K->338095K(876608K), 0.0077490 secs] [Times: user=0.03 sys=0.00, real=0.00 secs] 
2014-07-08T07:14:44.144+0000: 1729.234: [GC [PSYoungGen: 189590K->1380K(186240K)] 526895K->338742K(873216K), 0.0076180 secs] [Times: user=0.05 sys=0.00, real=0.01 secs] 
2014-07-08T07:14:44.780+0000: 1729.870: [GC [PSYoungGen: 186212K->744K(181760K)] 523574K->338185K(868736K), 0.0079730 secs] [Times: user=0.05 sys=0.00, real=0.01 secs] 
2014-07-08T07:14:45.501+0000: 1730.591: [GC [PSYoungGen: 181704K->1332K(178624K)] 519146K->339024K(865600K), 0.0046120 secs] [Times: user=0.02 sys=0.00, real=0.00 secs] 
2014-07-08T07:14:46.034+0000: 1731.124: [GC [PSYoungGen: 178589K->1122K(174848K)] 516281K->338885K(861824K), 0.0059690 secs] [Times: user=0.04 sys=0.00, real=0.00 secs] 
2014-07-08T07:14:46.631+0000: 1731.721: [GC [PSYoungGen: 174818K->996K(171264K)] 512581K->338924K(858240K), 0.0057410 secs] [Times: user=0.03 sys=0.00, real=0.01 secs] 
2014-07-08T07:14:47.254+0000: 1732.345: [GC [PSYoungGen: 171235K->1264K(205568K)] 509162K->339271K(892544K), 0.0119040 secs] [Times: user=0.07 sys=0.00, real=0.01 secs] 
2014-07-08T07:14:47.951+0000: 1733.041: [GC [PSYoungGen: 205552K->922K(246144K)] 543559K->339033K(933120K), 0.0066220 secs] [Times: user=0.04 sys=0.00, real=0.01 secs] 
2014-07-08T07:14:48.816+0000: 1733.906: [GC [PSYoungGen: 246106K->826K(295104K)] 584217K->339001K(982080K), 0.0110400 secs] [Times: user=0.06 sys=0.00, real=0.01 secs] 
2014-07-08T07:14:49.857+0000: 1734.948: [GC [PSYoungGen: 295098K->940K(305408K)] 633273K->339187K(992384K), 0.0068490 secs] [Times: user=0.04 sys=0.00, real=0.01 secs] 
2014-07-08T07:14:50.913+0000: 1736.004: [GC [PSYoungGen: 304662K->1014K(296576K)] 642910K->339326K(983552K), 0.0092410 secs] [Times: user=0.06 sys=0.00, real=0.01 secs] 
2014-07-08T07:14:51.961+0000: 1737.051: [GC [PSYoungGen: 296543K->690K(288384K)] 634855K->339217K(975360K), 0.0077760 secs] [Times: user=0.05 sys=0.00, real=0.01 secs] 
2014-07-08T07:14:52.943+0000: 1738.033: [GC [PSYoungGen: 288369K->780K(280960K)] 626897K->339356K(967936K), 0.0072750 secs] [Times: user=0.04 sys=0.00, real=0.00 secs] 
2014-07-08T07:14:53.931+0000: 1739.021: [GC [PSYoungGen: 280903K->908K(273856K)] 619479K->339648K(960832K), 0.0066420 secs] [Times: user=0.04 sys=0.00, real=0.01 secs] 
2014-07-08T07:14:54.885+0000: 1739.975: [GC [PSYoungGen: 273791K->780K(266752K)] 612531K->339576K(953728K), 0.0072010 secs] [Times: user=0.04 sys=0.00, real=0.00 secs] 
2014-07-08T07:14:55.814+0000: 1740.904: [GC [PSYoungGen: 266700K->726K(259968K)] 605496K->339586K(946944K), 0.0051440 secs] [Times: user=0.03 sys=0.00, real=0.00 secs] 
2014-07-08T07:14:56.711+0000: 1741.802: [GC [PSYoungGen: 259897K->1214K(253952K)] 598757K->340154K(940928K), 0.0098400 secs] [Times: user=0.05 sys=0.01, real=0.01 secs] 
2014-07-08T07:14:57.657+0000: 1742.747: [GC [PSYoungGen: 253950K->1136K(247680K)] 592890K->340164K(934656K), 0.0079380 secs] [Times: user=0.04 sys=0.00, real=0.01 secs] 
2014-07-08T07:14:58.474+0000: 1743.564: [GC [PSYoungGen: 247642K->1000K(241536K)] 586670K->340076K(928512K), 0.0091220 secs] [Times: user=0.05 sys=0.01, real=0.01 secs] 
2014-07-08T07:14:59.316+0000: 1744.406: [GC [PSYoungGen: 241501K->936K(235712K)] 580577K->340132K(922688K), 0.0075040 secs] [Times: user=0.04 sys=0.00, real=0.01 secs] 
2014-07-08T07:15:00.126+0000: 1745.217: [GC [PSYoungGen: 235688K->1196K(230400K)] 574884K->340496K(917376K), 0.0058900 secs] [Times: user=0.04 sys=0.00, real=0.00 secs] 
2014-07-08T07:15:00.922+0000: 1746.012: [GC [PSYoungGen: 230352K->812K(224640K)] 569652K->340168K(911616K), 0.0043430 secs] [Times: user=0.02 sys=0.00, real=0.01 secs] 
2014-07-08T07:15:01.697+0000: 1746.787: [GC [PSYoungGen: 224620K->840K(219520K)] 563976K->340284K(906496K), 0.0092820 secs] [Times: user=0.06 sys=0.00, real=0.01 secs] 
2014-07-08T07:15:02.485+0000: 1747.575: [GC [PSYoungGen: 219464K->758K(214400K)] 558908K->340258K(901376K), 0.0058410 secs] [Times: user=0.04 sys=0.01, real=0.00 secs] 
2014-07-08T07:15:03.276+0000: 1748.366: [GC [PSYoungGen: 214390K->1462K(257856K)] 553890K->341042K(944832K), 0.0142040 secs] [Times: user=0.09 sys=0.00, real=0.01 secs] 
2014-07-08T07:15:04.132+0000: 1749.222: [GC [PSYoungGen: 257846K->758K(296448K)] 597426K->340516K(983424K), 0.0088270 secs] [Times: user=0.06 sys=0.00, real=0.01 secs] 
2014-07-08T07:15:05.182+0000: 1750.273: [GC [PSYoungGen: 296438K->1064K(288896K)] 636196K->340918K(975872K), 0.0040680 secs] [Times: user=0.02 sys=0.00, real=0.01 secs] 
2014-07-08T07:15:06.181+0000: 1751.272: [GC [PSYoungGen: 288872K->570K(280832K)] 628726K->340812K(967808K), 0.0050420 secs] [Times: user=0.04 sys=0.00, real=0.01 secs] 
2014-07-08T07:15:07.172+0000: 1752.262: [GC [PSYoungGen: 280826K->1182K(274176K)] 621068K->341464K(961152K), 0.0162530 secs] [Times: user=0.10 sys=0.00, real=0.02 secs] 
2014-07-08T07:15:08.130+0000: 1753.220: [GC [PSYoungGen: 274142K->1100K(295296K)] 614424K->341644K(982272K), 0.0103000 secs] [Times: user=0.06 sys=0.00, real=0.01 secs] 
2014-07-08T07:15:09.164+0000: 1754.254: [GC [PSYoungGen: 295052K->968K(287168K)] 635596K->341584K(974144K), 0.0087980 secs] [Times: user=0.05 sys=0.00, real=0.01 secs] 
2014-07-08T07:15:10.164+0000: 1755.255: [GC [PSYoungGen: 287112K->552K(279232K)] 627728K->341604K(966208K), 0.0075940 secs] [Times: user=0.05 sys=0.01, real=0.01 secs] 
2014-07-08T07:15:11.218+0000: 1756.308: [GC [PSYoungGen: 279208K->1466K(272896K)] 620260K->342590K(959872K), 0.0094550 secs] [Times: user=0.06 sys=0.01, real=0.01 secs] 
2014-07-08T07:15:12.081+0000: 1757.171: [GC [PSYoungGen: 272890K->840K(265408K)] 614014K->342184K(952384K), 0.0040200 secs] [Times: user=0.02 sys=0.00, real=0.00 secs] 
2014-07-08T07:15:12.993+0000: 1758.083: [GC [PSYoungGen: 265352K->1110K(259008K)] 606696K->342518K(945984K), 0.0078660 secs] [Times: user=0.05 sys=0.00, real=0.01 secs] 
2014-07-08T07:15:13.900+0000: 1758.990: [GC [PSYoungGen: 258966K->1040K(252544K)] 600374K->342528K(939520K), 0.0080800 secs] [Times: user=0.05 sys=0.00, real=0.01 secs] 
2014-07-08T07:15:14.793+0000: 1759.883: [GC [PSYoungGen: 252496K->818K(246080K)] 593984K->342354K(933056K), 0.0046940 secs] [Times: user=0.02 sys=0.00, real=0.01 secs] 
2014-07-08T07:15:15.669+0000: 1760.759: [GC [PSYoungGen: 246066K->1104K(240448K)] 587602K->342720K(927424K), 0.0062860 secs] [Times: user=0.05 sys=0.00, real=0.00 secs] 
2014-07-08T07:15:16.582+0000: 1761.672: [GC [PSYoungGen: 240358K->1300K(234880K)] 581975K->342980K(921856K), 0.0067480 secs] [Times: user=0.04 sys=0.01, real=0.01 secs] 
2014-07-08T07:15:17.314+0000: 1762.404: [GC [PSYoungGen: 234803K->494K(228544K)] 576484K->343149K(915520K), 0.0078070 secs] [Times: user=0.05 sys=0.01, real=0.01 secs] 
2014-07-08T07:15:18.079+0000: 1763.170: [GC [PSYoungGen: 228526K->1357K(224128K)] 571181K->344060K(911104K), 0.0043600 secs] [Times: user=0.02 sys=0.00, real=0.00 secs] 
2014-07-08T07:15:18.854+0000: 1763.944: [GC [PSYoungGen: 224077K->986K(218624K)] 566780K->344292K(905600K), 0.0037870 secs] [Times: user=0.02 sys=0.00, real=0.01 secs] 
2014-07-08T07:15:19.630+0000: 1764.720: [GC [PSYoungGen: 218586K->922K(213632K)] 561892K->344316K(900608K), 0.0056460 secs] [Times: user=0.04 sys=0.00, real=0.00 secs] 
2014-07-08T07:15:20.435+0000: 1765.525: [GC [PSYoungGen: 213542K->1388K(209280K)] 556937K->344863K(896256K), 0.0098420 secs] [Times: user=0.06 sys=0.00, real=0.01 secs] 
2014-07-08T07:15:21.123+0000: 1766.213: [GC [PSYoungGen: 209260K->1434K(204736K)] 552735K->345005K(891712K), 0.0079660 secs] [Times: user=0.06 sys=0.00, real=0.01 secs] 
2014-07-08T07:15:21.827+0000: 1766.917: [GC [PSYoungGen: 204698K->630K(244608K)] 548269K->344388K(931584K), 0.0108180 secs] [Times: user=0.06 sys=0.01, real=0.02 secs] 
2014-07-08T07:15:22.738+0000: 1767.828: [GC [PSYoungGen: 244598K->1061K(239168K)] 588356K->344900K(926144K), 0.0030810 secs] [Times: user=0.02 sys=0.00, real=0.00 secs] 
2014-07-08T07:15:23.526+0000: 1768.616: [GC [PSYoungGen: 239104K->812K(233216K)] 582943K->344772K(920192K), 0.0039620 secs] [Times: user=0.02 sys=0.00, real=0.01 secs] 
2014-07-08T07:15:24.364+0000: 1769.454: [GC [PSYoungGen: 233161K->1270K(228160K)] 577122K->345303K(915136K), 0.0057350 secs] [Times: user=0.04 sys=0.01, real=0.01 secs] 
2014-07-08T07:15:25.141+0000: 1770.231: [GC [PSYoungGen: 228150K->1050K(273344K)] 572183K->345146K(960320K), 0.0162720 secs] [Times: user=0.09 sys=0.00, real=0.02 secs] 
2014-07-08T07:15:26.089+0000: 1771.179: [GC [PSYoungGen: 273306K->908K(266240K)] 617402K->345061K(953216K), 0.0040820 secs] [Times: user=0.02 sys=0.00, real=0.00 secs] 
2014-07-08T07:15:27.013+0000: 1772.103: [GC [PSYoungGen: 266188K->730K(259328K)] 610341K->344914K(946304K), 0.0048280 secs] [Times: user=0.02 sys=0.00, real=0.01 secs] 
2014-07-08T07:15:27.916+0000: 1773.006: [GC [PSYoungGen: 259290K->818K(252928K)] 603474K->345067K(939904K), 0.0062400 secs] [Times: user=0.03 sys=0.01, real=0.01 secs] 
2014-07-08T07:15:28.810+0000: 1773.901: [GC [PSYoungGen: 252906K->982K(246912K)] 597155K->345295K(933888K), 0.0033180 secs] [Times: user=0.01 sys=0.00, real=0.00 secs] 
2014-07-08T07:15:29.677+0000: 1774.767: [GC [PSYoungGen: 246870K->794K(240768K)] 591183K->345162K(927744K), 0.0060550 secs] [Times: user=0.04 sys=0.00, real=0.01 secs] 
2014-07-08T07:15:30.567+0000: 1775.657: [GC [PSYoungGen: 240730K->826K(235008K)] 585098K->345258K(921984K), 0.0056430 secs] [Times: user=0.03 sys=0.01, real=0.01 secs] 
2014-07-08T07:15:31.357+0000: 1776.447: [GC [PSYoungGen: 235002K->1160K(229824K)] 579434K->345688K(916800K), 0.0065710 secs] [Times: user=0.04 sys=0.00, real=0.01 secs] 
2014-07-08T07:15:32.162+0000: 1777.252: [GC [PSYoungGen: 229768K->1064K(224384K)] 574296K->345641K(911360K), 0.0063970 secs] [Times: user=0.02 sys=0.00, real=0.01 secs] 
2014-07-08T07:15:32.933+0000: 1778.023: [GC [PSYoungGen: 224349K->912K(219136K)] 568926K->345537K(906112K), 0.0062430 secs] [Times: user=0.04 sys=0.00, real=0.01 secs] 
2014-07-08T07:15:33.775+0000: 1778.865: [GC [PSYoungGen: 219088K->872K(214080K)] 563713K->345560K(901056K), 0.0033470 secs] [Times: user=0.02 sys=0.00, real=0.00 secs] 
2014-07-08T07:15:34.505+0000: 1779.595: [GC [PSYoungGen: 214056K->822K(209216K)] 558744K->345582K(896192K), 0.0038970 secs] [Times: user=0.02 sys=0.00, real=0.00 secs] 
2014-07-08T07:15:35.208+0000: 1780.299: [GC [PSYoungGen: 209205K->1026K(204864K)] 553966K->345843K(891840K), 0.0081600 secs] [Times: user=0.04 sys=0.00, real=0.01 secs] 
2014-07-08T07:15:35.917+0000: 1781.007: [GC [PSYoungGen: 204802K->1078K(200384K)] 549619K->345959K(887360K), 0.0054970 secs] [Times: user=0.02 sys=0.00, real=0.01 secs] 
2014-07-08T07:15:36.603+0000: 1781.694: [GC [PSYoungGen: 200374K->826K(195840K)] 545255K->345911K(882816K), 0.0069630 secs] [Times: user=0.05 sys=0.00, real=0.01 secs] 
2014-07-08T07:15:37.298+0000: 1782.388: [GC [PSYoungGen: 195834K->1086K(191936K)] 540919K->346235K(878912K), 0.0087590 secs] [Times: user=0.05 sys=0.00, real=0.01 secs] 
2014-07-08T07:15:37.948+0000: 1783.038: [GC [PSYoungGen: 191934K->712K(187584K)] 537083K->345909K(874560K), 0.0079940 secs] [Times: user=0.05 sys=0.00, real=0.01 secs] 
2014-07-08T07:15:38.605+0000: 1783.695: [GC [PSYoungGen: 187528K->1046K(184000K)] 532725K->346322K(870976K), 0.0067590 secs] [Times: user=0.04 sys=0.00, real=0.01 secs] 
2014-07-08T07:15:39.262+0000: 1784.352: [GC [PSYoungGen: 183958K->1004K(220544K)] 529234K->346549K(907520K), 0.0074070 secs] [Times: user=0.05 sys=0.00, real=0.01 secs] 
2014-07-08T07:15:39.982+0000: 1785.073: [GC [PSYoungGen: 220524K->776K(215360K)] 566069K->346401K(902336K), 0.0050000 secs] [Times: user=0.03 sys=0.00, real=0.00 secs] 
2014-07-08T07:15:40.729+0000: 1785.819: [GC [PSYoungGen: 215295K->1014K(258496K)] 560920K->346687K(945472K), 0.0158080 secs] [Times: user=0.09 sys=0.00, real=0.02 secs] 
2014-07-08T07:15:41.623+0000: 1786.713: [GC [PSYoungGen: 258486K->990K(273408K)] 604159K->346727K(960384K), 0.0046300 secs] [Times: user=0.03 sys=0.00, real=0.00 secs] 
2014-07-08T07:15:42.582+0000: 1787.672: [GC [PSYoungGen: 272990K->918K(265984K)] 618727K->346703K(952960K), 0.0041840 secs] [Times: user=0.02 sys=0.01, real=0.00 secs] 
2014-07-08T07:15:43.518+0000: 1788.608: [GC [PSYoungGen: 265942K->808K(259200K)] 611727K->346657K(946176K), 0.0032390 secs] [Times: user=0.02 sys=0.00, real=0.01 secs] 
2014-07-08T07:15:44.437+0000: 1789.528: [GC [PSYoungGen: 259173K->950K(252864K)] 605022K->347133K(939840K), 0.0104360 secs] [Times: user=0.06 sys=0.00, real=0.01 secs] 
2014-07-08T07:15:45.445+0000: 1790.535: [GC [PSYoungGen: 252854K->1466K(303808K)] 599037K->347729K(990784K), 0.0180780 secs] [Times: user=0.12 sys=0.00, real=0.02 secs] 
2014-07-08T07:15:46.454+0000: 1791.544: [GC [PSYoungGen: 303802K->570K(294784K)] 650065K->347677K(981760K), 0.0065670 secs] [Times: user=0.04 sys=0.00, real=0.00 secs] 
2014-07-08T07:15:47.469+0000: 1792.560: [GC [PSYoungGen: 294752K->1662K(288064K)] 641860K->349138K(975040K), 0.0075380 secs] [Times: user=0.04 sys=0.00, real=0.01 secs] 
2014-07-08T07:15:48.459+0000: 1793.549: [GC [PSYoungGen: 288062K->1150K(280064K)] 635538K->349397K(967040K), 0.0034470 secs] [Times: user=0.02 sys=0.00, real=0.01 secs] 
2014-07-08T07:15:49.417+0000: 1794.507: [GC [PSYoungGen: 280062K->1498K(273216K)] 628309K->349843K(960192K), 0.0122920 secs] [Times: user=0.08 sys=0.00, real=0.01 secs] 
2014-07-08T07:15:50.333+0000: 1795.423: [GC [PSYoungGen: 273178K->1668K(266496K)] 621523K->350134K(953472K), 0.0065640 secs] [Times: user=0.04 sys=0.01, real=0.00 secs] 
2014-07-08T07:15:51.309+0000: 1796.399: [GC [PSYoungGen: 266436K->1512K(259648K)] 614902K->350051K(946624K), 0.0110910 secs] [Times: user=0.07 sys=0.00, real=0.01 secs] 
2014-07-08T07:15:52.129+0000: 1797.219: [GC [PSYoungGen: 259624K->990K(252736K)] 608163K->349576K(939712K), 0.0091590 secs] [Times: user=0.05 sys=0.00, real=0.01 secs] 
2014-07-08T07:15:52.999+0000: 1798.089: [GC [PSYoungGen: 252702K->844K(246400K)] 601288K->349502K(933376K), 0.0097690 secs] [Times: user=0.07 sys=0.00, real=0.01 secs] 
2014-07-08T07:15:53.861+0000: 1798.951: [GC [PSYoungGen: 246348K->958K(295616K)] 595006K->349688K(982592K), 0.0114140 secs] [Times: user=0.07 sys=0.01, real=0.02 secs] 
2014-07-08T07:15:54.890+0000: 1799.980: [GC [PSYoungGen: 295614K->858K(287744K)] 644344K->349644K(974720K), 0.0040650 secs] [Times: user=0.02 sys=0.00, real=0.01 secs] 
2014-07-08T07:15:55.904+0000: 1800.994: [GC [PSYoungGen: 287706K->872K(280192K)] 636492K->349730K(967168K), 0.0038800 secs] [Times: user=0.02 sys=0.00, real=0.00 secs] 
2014-07-08T07:15:56.880+0000: 1801.971: [GC [PSYoungGen: 280168K->776K(272896K)] 629026K->349714K(959872K), 0.0049200 secs] [Times: user=0.03 sys=0.00, real=0.01 secs] 
2014-07-08T07:15:57.840+0000: 1802.930: [GC [PSYoungGen: 272837K->958K(266048K)] 621775K->349968K(953024K), 0.0104530 secs] [Times: user=0.06 sys=0.00, real=0.01 secs] 
2014-07-08T07:15:58.777+0000: 1803.867: [GC [PSYoungGen: 266034K->883K(259264K)] 615045K->349941K(946240K), 0.0038180 secs] [Times: user=0.02 sys=0.00, real=0.00 secs] 
2014-07-08T07:15:59.687+0000: 1804.777: [GC [PSYoungGen: 259251K->886K(252800K)] 608309K->350008K(939776K), 0.0040810 secs] [Times: user=0.02 sys=0.00, real=0.00 secs] 
2014-07-08T07:16:00.575+0000: 1805.666: [GC [PSYoungGen: 252790K->808K(246528K)] 601912K->350002K(933504K), 0.0056730 secs] [Times: user=0.03 sys=0.00, real=0.00 secs] 
2014-07-08T07:16:01.549+0000: 1806.639: [GC [PSYoungGen: 246504K->1346K(241152K)] 595698K->350636K(928128K), 0.0073590 secs] [Times: user=0.05 sys=0.00, real=0.01 secs] 
2014-07-08T07:16:02.371+0000: 1807.462: [GC [PSYoungGen: 241090K->1292K(235328K)] 590380K->350614K(922304K), 0.0118520 secs] [Times: user=0.06 sys=0.01, real=0.02 secs] 
2014-07-08T07:16:03.099+0000: 1808.190: [GC [PSYoungGen: 235272K->1146K(229632K)] 584594K->350605K(916608K), 0.0075220 secs] [Times: user=0.01 sys=0.00, real=0.01 secs] 
2014-07-08T07:16:03.900+0000: 1808.990: [GC [PSYoungGen: 229626K->776K(224000K)] 579085K->350290K(910976K), 0.0072320 secs] [Times: user=0.04 sys=0.00, real=0.01 secs] 
2014-07-08T07:16:04.687+0000: 1809.777: [GC [PSYoungGen: 223944K->858K(218944K)] 573458K->350468K(905920K), 0.0068400 secs] [Times: user=0.04 sys=0.01, real=0.01 secs] 
2014-07-08T07:16:05.488+0000: 1810.578: [GC [PSYoungGen: 218906K->1679K(214784K)] 568516K->351361K(901760K), 0.0054600 secs] [Times: user=0.02 sys=0.00, real=0.01 secs] 
2014-07-08T07:16:06.309+0000: 1811.399: [GC [PSYoungGen: 214735K->1138K(256832K)] 564417K->351005K(943808K), 0.0136440 secs] [Times: user=0.08 sys=0.00, real=0.01 secs] 
2014-07-08T07:16:07.083+0000: 1812.173: [GC [PSYoungGen: 256818K->1104K(290432K)] 606685K->351010K(977408K), 0.0147080 secs] [Times: user=0.09 sys=0.01, real=0.02 secs] 
2014-07-08T07:16:08.114+0000: 1813.204: [GC [PSYoungGen: 289552K->918K(308800K)] 639458K->350996K(995776K), 0.0040170 secs] [Times: user=0.03 sys=0.00, real=0.00 secs] 
2014-07-08T07:16:09.174+0000: 1814.264: [GC [PSYoungGen: 307759K->1153K(308736K)] 657837K->351279K(995712K), 0.0104120 secs] [Times: user=0.06 sys=0.00, real=0.01 secs] 
2014-07-08T07:16:10.286+0000: 1815.376: [GC [PSYoungGen: 308033K->1146K(299712K)] 658159K->351336K(986688K), 0.0092700 secs] [Times: user=0.06 sys=0.00, real=0.01 secs] 
2014-07-08T07:16:11.431+0000: 1816.522: [GC [PSYoungGen: 299706K->1128K(291712K)] 649896K->351406K(978688K), 0.0072360 secs] [Times: user=0.04 sys=0.01, real=0.01 secs] 
2014-07-08T07:16:12.363+0000: 1817.453: [GC [PSYoungGen: 291688K->1146K(284032K)] 641966K->351496K(971008K), 0.0056460 secs] [Times: user=0.04 sys=0.00, real=0.01 secs] 
2014-07-08T07:16:13.396+0000: 1818.486: [GC [PSYoungGen: 284026K->1366K(340864K)] 634376K->351765K(1027840K), 0.0258090 secs] [Times: user=0.17 sys=0.00, real=0.02 secs] 
2014-07-08T07:16:14.548+0000: 1819.639: [GC [PSYoungGen: 340822K->808K(367296K)] 691221K->351516K(1054272K), 0.0064290 secs] [Times: user=0.05 sys=0.00, real=0.00 secs] 
2014-07-08T07:16:15.823+0000: 1820.913: [GC [PSYoungGen: 367272K->862K(356608K)] 717980K->351626K(1043584K), 0.0074100 secs] [Times: user=0.05 sys=0.00, real=0.01 secs] 
2014-07-08T07:16:17.065+0000: 1822.156: [GC [PSYoungGen: 356574K->818K(346240K)] 707338K->351745K(1033216K), 0.0066410 secs] [Times: user=0.04 sys=0.00, real=0.00 secs] 
2014-07-08T07:16:18.300+0000: 1823.390: [GC [PSYoungGen: 346190K->1284K(336896K)] 697116K->352259K(1023872K), 0.0044670 secs] [Times: user=0.01 sys=0.01, real=0.00 secs] 
2014-07-08T07:16:19.530+0000: 1824.621: [GC [PSYoungGen: 336836K->940K(327040K)] 687811K->351978K(1014016K), 0.0034830 secs] [Times: user=0.02 sys=0.00, real=0.00 secs] 
2014-07-08T07:16:20.628+0000: 1825.718: [GC [PSYoungGen: 327002K->882K(317888K)] 678040K->351977K(1004864K), 0.0091860 secs] [Times: user=0.06 sys=0.00, real=0.01 secs] 
2014-07-08T07:16:21.731+0000: 1826.822: [GC [PSYoungGen: 317874K->1100K(309440K)] 668969K->352290K(996416K), 0.0065940 secs] [Times: user=0.04 sys=0.00, real=0.01 secs] 
2014-07-08T07:16:22.803+0000: 1827.893: [GC [PSYoungGen: 309388K->894K(300800K)] 660578K->352140K(987776K), 0.0080130 secs] [Times: user=0.05 sys=0.01, real=0.01 secs] 
2014-07-08T07:16:23.769+0000: 1828.859: [GC [PSYoungGen: 300798K->868K(292736K)] 652044K->352155K(979712K), 0.0041730 secs] [Times: user=0.02 sys=0.00, real=0.00 secs] 
2014-07-08T07:16:24.771+0000: 1829.861: [GC [PSYoungGen: 292699K->1168K(285312K)] 643985K->352542K(972288K), 0.0060990 secs] [Times: user=0.04 sys=0.00, real=0.01 secs] 
2014-07-08T07:16:25.644+0000: 1830.735: [GC [PSYoungGen: 285264K->658K(277376K)] 636638K->352088K(964352K), 0.0075620 secs] [Times: user=0.05 sys=0.00, real=0.01 secs] 
2014-07-08T07:16:26.642+0000: 1831.732: [GC [PSYoungGen: 277330K->1416K(271040K)] 628760K->352927K(958016K), 0.0071350 secs] [Times: user=0.05 sys=0.00, real=0.01 secs] 
2014-07-08T07:16:27.448+0000: 1832.538: [GC [PSYoungGen: 270946K->946K(263680K)] 622457K->352889K(950656K), 0.0037230 secs] [Times: user=0.02 sys=0.00, real=0.00 secs] 
2014-07-08T07:16:28.209+0000: 1833.299: [GC [PSYoungGen: 263666K->1638K(257792K)] 615609K->353644K(944768K), 0.0138640 secs] [Times: user=0.08 sys=0.00, real=0.01 secs] 
2014-07-08T07:16:28.968+0000: 1834.059: [GC [PSYoungGen: 257726K->808K(250624K)] 609733K->353110K(937600K), 0.0075070 secs] [Times: user=0.05 sys=0.00, real=0.00 secs] 
2014-07-08T07:16:29.872+0000: 1834.962: [GC [PSYoungGen: 250600K->776K(244480K)] 602902K->353158K(931456K), 0.0063900 secs] [Times: user=0.04 sys=0.00, real=0.01 secs] 
2014-07-08T07:16:30.638+0000: 1835.729: [GC [PSYoungGen: 244424K->1092K(238912K)] 596806K->353547K(925888K), 0.0053290 secs] [Times: user=0.03 sys=0.00, real=0.00 secs] 
2014-07-08T07:16:31.363+0000: 1836.453: [GC [PSYoungGen: 238852K->1260K(233344K)] 591307K->353794K(920320K), 0.0073690 secs] [Times: user=0.05 sys=0.00, real=0.01 secs] 
2014-07-08T07:16:32.082+0000: 1837.172: [GC [PSYoungGen: 233324K->1154K(227840K)] 585858K->353737K(914816K), 0.0051060 secs] [Times: user=0.02 sys=0.00, real=0.01 secs] 
2014-07-08T07:16:32.814+0000: 1837.904: [GC [PSYoungGen: 227778K->858K(222272K)] 580361K->353488K(909248K), 0.0053230 secs] [Times: user=0.02 sys=0.00, real=0.01 secs] 
2014-07-08T07:16:33.580+0000: 1838.670: [GC [PSYoungGen: 222234K->1060K(217408K)] 574864K->353779K(904384K), 0.0077220 secs] [Times: user=0.04 sys=0.01, real=0.00 secs] 
2014-07-08T07:16:34.226+0000: 1839.316: [GC [PSYoungGen: 217364K->1518K(261120K)] 570083K->354285K(948096K), 0.0101780 secs] [Times: user=0.07 sys=0.00, real=0.01 secs] 
2014-07-08T07:16:35.064+0000: 1840.154: [GC [PSYoungGen: 261102K->740K(253888K)] 613869K->353748K(940864K), 0.0043340 secs] [Times: user=0.02 sys=0.00, real=0.01 secs] 
2014-07-08T07:16:35.919+0000: 1841.010: [GC [PSYoungGen: 253860K->1702K(248640K)] 606868K->354807K(935616K), 0.0070340 secs] [Times: user=0.05 sys=0.00, real=0.00 secs] 
2014-07-08T07:16:36.789+0000: 1841.880: [GC [PSYoungGen: 248614K->1000K(241920K)] 601719K->354467K(928896K), 0.0050580 secs] [Times: user=0.03 sys=0.00, real=0.00 secs] 
2014-07-08T07:16:37.562+0000: 1842.653: [GC [PSYoungGen: 241896K->1376K(236544K)] 595363K->354907K(923520K), 0.0040620 secs] [Times: user=0.02 sys=0.00, real=0.00 secs] 
2014-07-08T07:16:38.262+0000: 1843.352: [GC [PSYoungGen: 236484K->1224K(230848K)] 590015K->354803K(917824K), 0.0076460 secs] [Times: user=0.04 sys=0.00, real=0.01 secs] 
2014-07-08T07:16:38.898+0000: 1843.988: [GC [PSYoungGen: 230792K->1028K(225280K)] 584371K->354663K(912256K), 0.0101710 secs] [Times: user=0.07 sys=0.00, real=0.01 secs] 
2014-07-08T07:16:39.709+0000: 1844.800: [GC [PSYoungGen: 225220K->1396K(220416K)] 578855K->355227K(907392K), 0.0057440 secs] [Times: user=0.04 sys=0.00, real=0.00 secs] 
2014-07-08T07:16:40.443+0000: 1845.533: [GC [PSYoungGen: 220391K->1374K(215424K)] 574222K->355253K(902400K), 0.0048030 secs] [Times: user=0.02 sys=0.00, real=0.00 secs] 
2014-07-08T07:16:41.024+0000: 1846.114: [GC [PSYoungGen: 215390K->968K(210240K)] 569269K->354951K(897216K), 0.0085650 secs] [Times: user=0.06 sys=0.00, real=0.01 secs] 
2014-07-08T07:16:41.778+0000: 1846.868: [GC [PSYoungGen: 210163K->1324K(252416K)] 564146K->355379K(939392K), 0.0159480 secs] [Times: user=0.10 sys=0.00, real=0.02 secs] 
2014-07-08T07:16:42.584+0000: 1847.674: [GC [PSYoungGen: 252396K->1160K(302528K)] 606451K->355295K(989504K), 0.0036970 secs] [Times: user=0.03 sys=0.00, real=0.00 secs] 
2014-07-08T07:16:43.535+0000: 1848.625: [GC [PSYoungGen: 302472K->740K(294016K)] 656607K->354939K(980992K), 0.0041750 secs] [Times: user=0.02 sys=0.00, real=0.01 secs] 
2014-07-08T07:16:44.541+0000: 1849.631: [GC [PSYoungGen: 293988K->1609K(287168K)] 648187K->355904K(974144K), 0.0046400 secs] [Times: user=0.02 sys=0.00, real=0.00 secs] 
2014-07-08T07:16:45.456+0000: 1850.546: [GC [PSYoungGen: 287113K->1400K(279424K)] 641408K->355791K(966400K), 0.0072900 secs] [Times: user=0.05 sys=0.01, real=0.01 secs] 
2014-07-08T07:16:46.198+0000: 1851.288: [GC [PSYoungGen: 279416K->800K(271680K)] 633807K->355637K(958656K), 0.0093620 secs] [Times: user=0.07 sys=0.00, real=0.01 secs] 
2014-07-08T07:16:47.166+0000: 1852.257: [GC [PSYoungGen: 271648K->1274K(326336K)] 626485K->356143K(1013312K), 0.0208390 secs] [Times: user=0.12 sys=0.00, real=0.02 secs] 
2014-07-08T07:16:48.108+0000: 1853.199: [GC [PSYoungGen: 326303K->1200K(345984K)] 681172K->356331K(1032960K), 0.0082570 secs] [Times: user=0.04 sys=0.01, real=0.01 secs] 
2014-07-08T07:16:49.451+0000: 1854.541: [GC [PSYoungGen: 345520K->1508K(336064K)] 700651K->356727K(1023040K), 0.0053480 secs] [Times: user=0.03 sys=0.00, real=0.00 secs] 
2014-07-08T07:16:50.541+0000: 1855.631: [GC [PSYoungGen: 335995K->292K(325440K)] 691214K->356361K(1012416K), 0.0071090 secs] [Times: user=0.04 sys=0.00, real=0.00 secs] 
2014-07-08T07:16:51.618+0000: 1856.708: [GC [PSYoungGen: 325412K->1486K(317632K)] 681481K->357619K(1004608K), 0.0084030 secs] [Times: user=0.06 sys=0.00, real=0.01 secs] 
2014-07-08T07:16:52.681+0000: 1857.771: [GC [PSYoungGen: 317582K->1078K(308480K)] 673715K->357705K(995456K), 0.0102160 secs] [Times: user=0.07 sys=0.00, real=0.01 secs] 
2014-07-08T07:16:53.708+0000: 1858.798: [GC [PSYoungGen: 308441K->708K(299840K)] 665068K->357391K(986816K), 0.0070210 secs] [Times: user=0.05 sys=0.01, real=0.01 secs] 
2014-07-08T07:16:54.723+0000: 1859.813: [GC [PSYoungGen: 299780K->1128K(292224K)] 656463K->357859K(979200K), 0.0116290 secs] [Times: user=0.08 sys=0.00, real=0.01 secs] 
2014-07-08T07:16:55.629+0000: 1860.719: [GC [PSYoungGen: 292200K->890K(284288K)] 648931K->357701K(971264K), 0.0060810 secs] [Times: user=0.03 sys=0.00, real=0.01 secs] 
2014-07-08T07:16:56.526+0000: 1861.616: [GC [PSYoungGen: 284282K->1352K(277440K)] 641093K->358219K(964416K), 0.0070570 secs] [Times: user=0.03 sys=0.00, real=0.01 secs] 
2014-07-08T07:16:57.418+0000: 1862.508: [GC [PSYoungGen: 277384K->1374K(270336K)] 634251K->358337K(957312K), 0.0041520 secs] [Times: user=0.02 sys=0.00, real=0.01 secs] 
2014-07-08T07:16:58.212+0000: 1863.302: [GC [PSYoungGen: 270302K->814K(262912K)] 627265K->358183K(949888K), 0.0109390 secs] [Times: user=0.07 sys=0.00, real=0.01 secs] 
2014-07-08T07:16:58.961+0000: 1864.051: [GC [PSYoungGen: 262818K->1364K(256896K)] 620188K->358821K(943872K), 0.0067970 secs] [Times: user=0.03 sys=0.00, real=0.01 secs] 
2014-07-08T07:16:59.889+0000: 1864.980: [GC [PSYoungGen: 256852K->1000K(250176K)] 614309K->358719K(937152K), 0.0058750 secs] [Times: user=0.04 sys=0.00, real=0.01 secs] 
2014-07-08T07:17:00.694+0000: 1865.784: [GC [PSYoungGen: 250121K->974K(244096K)] 607841K->358797K(931072K), 0.0045990 secs] [Times: user=0.03 sys=0.00, real=0.00 secs] 
2014-07-08T07:17:01.480+0000: 1866.571: [GC [PSYoungGen: 244017K->1256K(238464K)] 601841K->359159K(925440K), 0.0067050 secs] [Times: user=0.05 sys=0.01, real=0.01 secs] 
2014-07-08T07:17:02.266+0000: 1867.356: [GC [PSYoungGen: 238437K->1168K(232768K)] 596340K->359143K(919744K), 0.0064970 secs] [Times: user=0.04 sys=0.01, real=0.01 secs] 
2014-07-08T07:17:02.880+0000: 1867.970: [GC [PSYoungGen: 232720K->1000K(278912K)] 590695K->359039K(965888K), 0.0121130 secs] [Times: user=0.08 sys=0.01, real=0.02 secs] 
2014-07-08T07:17:03.986+0000: 1869.076: [GC [PSYoungGen: 278888K->1648K(272384K)] 636927K->359906K(959360K), 0.0043200 secs] [Times: user=0.01 sys=0.00, real=0.00 secs] 
2014-07-08T07:17:04.837+0000: 1869.927: [GC [PSYoungGen: 272368K->676K(264512K)] 630626K->358997K(951488K), 0.0059810 secs] [Times: user=0.04 sys=0.00, real=0.01 secs] 
2014-07-08T07:17:05.738+0000: 1870.828: [GC [PSYoungGen: 264484K->804K(257984K)] 622805K->359197K(944960K), 0.0039980 secs] [Times: user=0.02 sys=0.00, real=0.00 secs] 
2014-07-08T07:17:06.615+0000: 1871.705: [GC [PSYoungGen: 257951K->808K(251584K)] 616344K->359265K(938560K), 0.0120530 secs] [Times: user=0.08 sys=0.01, real=0.01 secs] 
2014-07-08T07:17:07.539+0000: 1872.629: [GC [PSYoungGen: 251560K->1466K(246080K)] 610017K->360004K(933056K), 0.0074800 secs] [Times: user=0.04 sys=0.00, real=0.01 secs] 
2014-07-08T07:17:08.255+0000: 1873.345: [GC [PSYoungGen: 246074K->1266K(294848K)] 604612K->359860K(981824K), 0.0109580 secs] [Times: user=0.07 sys=0.00, real=0.01 secs] 
2014-07-08T07:17:09.361+0000: 1874.451: [GC [PSYoungGen: 294834K->1370K(287168K)] 653428K->360059K(974144K), 0.0083330 secs] [Times: user=0.05 sys=0.00, real=0.01 secs] 
2014-07-08T07:17:10.260+0000: 1875.350: [GC [PSYoungGen: 287130K->1196K(279488K)] 645819K->360006K(966464K), 0.0098790 secs] [Times: user=0.06 sys=0.01, real=0.01 secs] 
2014-07-08T07:17:11.135+0000: 1876.225: [GC [PSYoungGen: 279468K->1334K(330752K)] 638278K->360184K(1017728K), 0.0112370 secs] [Times: user=0.07 sys=0.01, real=0.01 secs] 
2014-07-08T07:17:12.279+0000: 1877.369: [GC [PSYoungGen: 330230K->1338K(321024K)] 689080K->360286K(1008000K), 0.0082590 secs] [Times: user=0.05 sys=0.00, real=0.01 secs] 
2014-07-08T07:17:13.274+0000: 1878.364: [GC [PSYoungGen: 321018K->1530K(312384K)] 679966K->360550K(999360K), 0.0049700 secs] [Times: user=0.02 sys=0.00, real=0.01 secs] 
2014-07-08T07:17:14.419+0000: 1879.509: [GC [PSYoungGen: 312340K->890K(303296K)] 671360K->360214K(990272K), 0.0059270 secs] [Times: user=0.04 sys=0.00, real=0.01 secs] 
2014-07-08T07:17:15.248+0000: 1880.338: [GC [PSYoungGen: 303290K->1466K(295744K)] 662614K->360837K(982720K), 0.0089910 secs] [Times: user=0.06 sys=0.00, real=0.01 secs] 
2014-07-08T07:17:16.137+0000: 1881.227: [GC [PSYoungGen: 295738K->1118K(287616K)] 655109K->360636K(974592K), 0.0112480 secs] [Times: user=0.07 sys=0.00, real=0.01 secs] 
2014-07-08T07:17:16.983+0000: 1882.073: [GC [PSYoungGen: 287582K->808K(279808K)] 647100K->360381K(966784K), 0.0036600 secs] [Times: user=0.02 sys=0.00, real=0.01 secs] 
2014-07-08T07:17:17.959+0000: 1883.049: [GC [PSYoungGen: 279784K->1234K(273024K)] 639357K->360888K(960000K), 0.0082570 secs] [Times: user=0.05 sys=0.00, real=0.01 secs] 
2014-07-08T07:17:18.820+0000: 1883.910: [GC [PSYoungGen: 272978K->836K(265728K)] 632632K->360593K(952704K), 0.0064110 secs] [Times: user=0.05 sys=0.00, real=0.01 secs] 
2014-07-08T07:17:19.866+0000: 1884.956: [GC [PSYoungGen: 265668K->1442K(259648K)] 625425K->361586K(946624K), 0.0041200 secs] [Times: user=0.02 sys=0.00, real=0.00 secs] 
2014-07-08T07:17:20.655+0000: 1885.745: [GC [PSYoungGen: 259607K->658K(252480K)] 619751K->360866K(939456K), 0.0048270 secs] [Times: user=0.03 sys=0.00, real=0.00 secs] 
2014-07-08T07:17:21.584+0000: 1886.674: [GC [PSYoungGen: 252434K->1835K(247424K)] 612642K->362123K(934400K), 0.0054030 secs] [Times: user=0.02 sys=0.00, real=0.01 secs] 
2014-07-08T07:17:22.390+0000: 1887.481: [GC [PSYoungGen: 247403K->1472K(241152K)] 607691K->361832K(928128K), 0.0067390 secs] [Times: user=0.03 sys=0.00, real=0.01 secs] 
2014-07-08T07:17:23.093+0000: 1888.184: [GC [PSYoungGen: 241088K->1122K(235008K)] 601448K->361546K(921984K), 0.0095720 secs] [Times: user=0.06 sys=0.00, real=0.01 secs] 
2014-07-08T07:17:23.994+0000: 1889.084: [GC [PSYoungGen: 234977K->1150K(229504K)] 595401K->361638K(916480K), 0.0066400 secs] [Times: user=0.05 sys=0.00, real=0.01 secs] 
2014-07-08T07:17:24.743+0000: 1889.834: [GC [PSYoungGen: 229502K->804K(223872K)] 589990K->361356K(910848K), 0.0084580 secs] [Times: user=0.05 sys=0.00, real=0.01 secs] 
2014-07-08T07:17:25.456+0000: 1890.546: [GC [PSYoungGen: 223844K->1196K(268864K)] 584396K->361812K(955840K), 0.0125100 secs] [Times: user=0.07 sys=0.00, real=0.02 secs] 
2014-07-08T07:17:26.235+0000: 1891.326: [GC [PSYoungGen: 268810K->1374K(322624K)] 629426K->362062K(1009600K), 0.0072410 secs] [Times: user=0.04 sys=0.00, real=0.01 secs] 
2014-07-08T07:17:27.233+0000: 1892.323: [GC [PSYoungGen: 322590K->1484K(313856K)] 683278K->362268K(1000832K), 0.0087320 secs] [Times: user=0.05 sys=0.00, real=0.01 secs] 
2014-07-08T07:17:28.286+0000: 1893.376: [GC [PSYoungGen: 313804K->1080K(304896K)] 674588K->362301K(991872K), 0.0074130 secs] [Times: user=0.05 sys=0.00, real=0.00 secs] 
2014-07-08T07:17:29.303+0000: 1894.393: [GC [PSYoungGen: 304888K->1270K(296896K)] 666109K->362538K(983872K), 0.0098120 secs] [Times: user=0.07 sys=0.00, real=0.01 secs] 
2014-07-08T07:17:30.265+0000: 1895.355: [GC [PSYoungGen: 296886K->1000K(288768K)] 658154K->362308K(975744K), 0.0101630 secs] [Times: user=0.07 sys=0.00, real=0.01 secs] 
2014-07-08T07:17:31.249+0000: 1896.340: [GC [PSYoungGen: 288744K->1534K(281728K)] 650052K->362906K(968704K), 0.0076670 secs] [Times: user=0.05 sys=0.01, real=0.01 secs] 
2014-07-08T07:17:32.080+0000: 1897.170: [GC [PSYoungGen: 281726K->790K(319104K)] 643098K->362218K(1006080K), 0.0120760 secs] [Times: user=0.08 sys=0.00, real=0.01 secs] 
2014-07-08T07:17:33.071+0000: 1898.161: [GC [PSYoungGen: 318550K->1000K(310016K)] 679978K->362508K(996992K), 0.0057030 secs] [Times: user=0.03 sys=0.00, real=0.00 secs] 
2014-07-08T07:17:34.035+0000: 1899.125: [GC [PSYoungGen: 309918K->922K(301568K)] 671426K->362502K(988544K), 0.0035380 secs] [Times: user=0.02 sys=0.00, real=0.01 secs] 
2014-07-08T07:17:35.063+0000: 1900.153: [GC [PSYoungGen: 301530K->1072K(293632K)] 663110K->362716K(980608K), 0.0037870 secs] [Times: user=0.02 sys=0.00, real=0.00 secs] 
2014-07-08T07:17:35.981+0000: 1901.071: [GC [PSYoungGen: 293579K->1356K(286208K)] 655224K->363080K(973184K), 0.0082230 secs] [Times: user=0.05 sys=0.00, real=0.01 secs] 
2014-07-08T07:17:36.831+0000: 1901.921: [GC [PSYoungGen: 286156K->776K(278208K)] 647880K->362548K(965184K), 0.0121710 secs] [Times: user=0.08 sys=0.00, real=0.01 secs] 
2014-07-08T07:17:37.872+0000: 1902.962: [GC [PSYoungGen: 278152K->1494K(271744K)] 639924K->363338K(958720K), 0.0065010 secs] [Times: user=0.04 sys=0.00, real=0.01 secs] 
2014-07-08T07:17:38.674+0000: 1903.764: [GC [PSYoungGen: 271702K->961K(264320K)] 633546K->362885K(951296K), 0.0047570 secs] [Times: user=0.03 sys=0.00, real=0.01 secs] 
2014-07-08T07:17:39.627+0000: 1904.717: [GC [PSYoungGen: 264257K->1342K(258048K)] 626181K->363418K(945024K), 0.0072250 secs] [Times: user=0.05 sys=0.00, real=0.01 secs] 
2014-07-08T07:17:40.425+0000: 1905.516: [GC [PSYoungGen: 258046K->1584K(251904K)] 620122K->363740K(938880K), 0.0100010 secs] [Times: user=0.06 sys=0.00, real=0.01 secs] 
2014-07-08T07:17:41.105+0000: 1906.196: [GC [PSYoungGen: 251888K->986K(245184K)] 614044K->363272K(932160K), 0.0093930 secs] [Times: user=0.07 sys=0.00, real=0.01 secs] 
2014-07-08T07:17:41.939+0000: 1907.029: [GC [PSYoungGen: 245146K->1032K(239360K)] 607432K->363398K(926336K), 0.0051280 secs] [Times: user=0.02 sys=0.00, real=0.00 secs] 
2014-07-08T07:17:42.763+0000: 1907.853: [GC [PSYoungGen: 239267K->1203K(233792K)] 601634K->363625K(920768K), 0.0051550 secs] [Times: user=0.03 sys=0.01, real=0.01 secs] 
2014-07-08T07:17:43.543+0000: 1908.633: [GC [PSYoungGen: 233779K->1594K(228672K)] 596201K->364088K(915648K), 0.0102920 secs] [Times: user=0.06 sys=0.00, real=0.01 secs] 
2014-07-08T07:17:44.379+0000: 1909.469: [GC [PSYoungGen: 228666K->940K(222720K)] 591160K->363678K(909696K), 0.0077990 secs] [Times: user=0.05 sys=0.00, real=0.00 secs] 
2014-07-08T07:17:44.959+0000: 1910.049: [GC [PSYoungGen: 222700K->1296K(267456K)] 585438K->364098K(954432K), 0.0084150 secs] [Times: user=0.06 sys=0.00, real=0.00 secs] 
2014-07-08T07:17:45.880+0000: 1910.970: [GC [PSYoungGen: 267408K->1178K(260608K)] 630210K->364036K(947584K), 0.0074560 secs] [Times: user=0.05 sys=0.00, real=0.00 secs] 
2014-07-08T07:17:46.797+0000: 1911.887: [GC [PSYoungGen: 260570K->1156K(254144K)] 623428K->364078K(941120K), 0.0065810 secs] [Times: user=0.04 sys=0.00, real=0.01 secs] 
2014-07-08T07:17:47.723+0000: 1912.813: [GC [PSYoungGen: 254084K->1192K(304768K)] 617006K->364170K(991744K), 0.0144600 secs] [Times: user=0.09 sys=0.00, real=0.01 secs] 
2014-07-08T07:17:48.779+0000: 1913.870: [GC [PSYoungGen: 304744K->1338K(296704K)] 667722K->364380K(983680K), 0.0069340 secs] [Times: user=0.04 sys=0.00, real=0.00 secs] 
2014-07-08T07:17:49.766+0000: 1914.856: [GC [PSYoungGen: 296698K->942K(288448K)] 659740K->364072K(975424K), 0.0070790 secs] [Times: user=0.05 sys=0.00, real=0.01 secs] 
2014-07-08T07:17:50.613+0000: 1915.703: [GC [PSYoungGen: 288430K->872K(280832K)] 651560K->364090K(967808K), 0.0068310 secs] [Times: user=0.04 sys=0.00, real=0.01 secs] 
2014-07-08T07:17:51.551+0000: 1916.642: [GC [PSYoungGen: 280791K->1356K(274112K)] 644009K->364688K(961088K), 0.0077590 secs] [Times: user=0.02 sys=0.01, real=0.00 secs] 
2014-07-08T07:17:52.475+0000: 1917.565: [GC [PSYoungGen: 274060K->1674K(267456K)] 637392K->365078K(954432K), 0.0110430 secs] [Times: user=0.05 sys=0.01, real=0.01 secs] 
2014-07-08T07:17:53.336+0000: 1918.427: [GC [PSYoungGen: 267402K->374K(259392K)] 630806K->364646K(946368K), 0.0088280 secs] [Times: user=0.06 sys=0.00, real=0.01 secs] 
2014-07-08T07:17:54.219+0000: 1919.309: [GC [PSYoungGen: 259382K->1784K(254336K)] 623654K->366513K(941312K), 0.0079240 secs] [Times: user=0.05 sys=0.00, real=0.01 secs] 
2014-07-08T07:17:55.000+0000: 1920.090: [GC [PSYoungGen: 254328K->1288K(247680K)] 619057K->366821K(934656K), 0.0076460 secs] [Times: user=0.05 sys=0.01, real=0.00 secs] 
2014-07-08T07:17:55.795+0000: 1920.885: [GC [PSYoungGen: 247624K->708K(241088K)] 613157K->366304K(928064K), 0.0041540 secs] [Times: user=0.02 sys=0.00, real=0.00 secs] 
2014-07-08T07:17:56.605+0000: 1921.695: [GC [PSYoungGen: 241028K->1586K(289984K)] 606624K->367255K(976960K), 0.0176900 secs] [Times: user=0.12 sys=0.00, real=0.02 secs] 
2014-07-08T07:17:57.443+0000: 1922.534: [GC [PSYoungGen: 289970K->1238K(301056K)] 655639K->366963K(988032K), 0.0124460 secs] [Times: user=0.07 sys=0.00, real=0.01 secs] 
2014-07-08T07:17:58.435+0000: 1923.525: [GC [PSYoungGen: 300182K->1352K(348224K)] 665907K->367165K(1035200K), 0.0042660 secs] [Times: user=0.02 sys=0.00, real=0.00 secs] 
2014-07-08T07:17:59.620+0000: 1924.710: [GC [PSYoungGen: 347528K->1221K(337536K)] 713341K->367098K(1024512K), 0.0069000 secs] [Times: user=0.04 sys=0.00, real=0.01 secs] 
2014-07-08T07:18:00.682+0000: 1925.772: [GC [PSYoungGen: 337477K->758K(327552K)] 703354K->366738K(1014528K), 0.0088300 secs] [Times: user=0.06 sys=0.00, real=0.01 secs] 
2014-07-08T07:18:01.747+0000: 1926.838: [GC [PSYoungGen: 327542K->776K(318528K)] 693522K->366797K(1005504K), 0.0092660 secs] [Times: user=0.05 sys=0.00, real=0.01 secs] 
2014-07-08T07:18:02.778+0000: 1927.868: [GC [PSYoungGen: 318450K->954K(309888K)] 684470K->367023K(996864K), 0.0139320 secs] [Times: user=0.08 sys=0.00, real=0.02 secs] 
2014-07-08T07:18:03.922+0000: 1929.012: [GC [PSYoungGen: 309850K->1298K(301888K)] 675919K->367463K(988864K), 0.0086910 secs] [Times: user=0.05 sys=0.01, real=0.00 secs] 
2014-07-08T07:18:04.853+0000: 1929.943: [GC [PSYoungGen: 301842K->840K(293376K)] 668007K->367053K(980352K), 0.0042480 secs] [Times: user=0.02 sys=0.00, real=0.00 secs] 
2014-07-08T07:18:05.747+0000: 1930.837: [GC [PSYoungGen: 293320K->1021K(285760K)] 659533K->367306K(972736K), 0.0039870 secs] [Times: user=0.02 sys=0.00, real=0.00 secs] 
2014-07-08T07:18:06.706+0000: 1931.796: [GC [PSYoungGen: 285757K->1216K(278592K)] 652042K->367581K(965568K), 0.0065950 secs] [Times: user=0.04 sys=0.00, real=0.01 secs] 
2014-07-08T07:18:07.583+0000: 1932.673: [GC [PSYoungGen: 278482K->1405K(271552K)] 644847K->367834K(958528K), 0.0087530 secs] [Times: user=0.05 sys=0.00, real=0.01 secs] 
2014-07-08T07:18:08.470+0000: 1933.560: [GC [PSYoungGen: 271462K->929K(264192K)] 637890K->367946K(951168K), 0.0098080 secs] [Times: user=0.06 sys=0.00, real=0.01 secs] 
2014-07-08T07:18:09.317+0000: 1934.408: [GC [PSYoungGen: 264161K->1730K(258432K)] 631178K->368819K(945408K), 0.0072950 secs] [Times: user=0.04 sys=0.01, real=0.01 secs] 
2014-07-08T07:18:10.122+0000: 1935.212: [GC [PSYoungGen: 258370K->1146K(251392K)] 625459K->368655K(938368K), 0.0086040 secs] [Times: user=0.05 sys=0.00, real=0.00 secs] 
2014-07-08T07:18:10.921+0000: 1936.011: [GC [PSYoungGen: 251386K->936K(245056K)] 618895K->368533K(932032K), 0.0072680 secs] [Times: user=0.04 sys=0.00, real=0.01 secs] 
2014-07-08T07:18:11.747+0000: 1936.838: [GC [PSYoungGen: 245031K->964K(239232K)] 612629K->368633K(926208K), 0.0035570 secs] [Times: user=0.02 sys=0.00, real=0.00 secs] 
2014-07-08T07:18:12.603+0000: 1937.693: [GC [PSYoungGen: 239172K->1078K(233600K)] 606841K->368835K(920576K), 0.0053020 secs] [Times: user=0.03 sys=0.00, real=0.00 secs] 
2014-07-08T07:18:13.438+0000: 1938.529: [GC [PSYoungGen: 233590K->1676K(228736K)] 601347K->369481K(915712K), 0.0130850 secs] [Times: user=0.09 sys=0.00, real=0.01 secs] 
2014-07-08T07:18:13.946+0000: 1939.037: [GC [PSYoungGen: 228684K->1106K(222848K)] 596489K->369007K(909824K), 0.0057770 secs] [Times: user=0.03 sys=0.00, real=0.00 secs] 
2014-07-08T07:18:14.776+0000: 1939.866: [GC [PSYoungGen: 222799K->1270K(217856K)] 590701K->369398K(904832K), 0.0080080 secs] [Times: user=0.05 sys=0.01, real=0.01 secs] 
2014-07-08T07:18:15.466+0000: 1940.557: [GC [PSYoungGen: 217846K->1292K(261248K)] 585974K->369507K(948224K), 0.0102830 secs] [Times: user=0.06 sys=0.01, real=0.01 secs] 
2014-07-08T07:18:16.228+0000: 1941.319: [GC [PSYoungGen: 261190K->1512K(254976K)] 629406K->369815K(941952K), 0.0041440 secs] [Times: user=0.02 sys=0.00, real=0.00 secs] 
2014-07-08T07:18:17.026+0000: 1942.116: [GC [PSYoungGen: 254915K->1054K(248256K)] 623218K->369429K(935232K), 0.0049200 secs] [Times: user=0.03 sys=0.01, real=0.00 secs] 
2014-07-08T07:18:17.802+0000: 1942.893: [GC [PSYoungGen: 248222K->772K(241984K)] 616597K->369211K(928960K), 0.0091730 secs] [Times: user=0.06 sys=0.01, real=0.01 secs] 
2014-07-08T07:18:18.638+0000: 1943.728: [GC [PSYoungGen: 241924K->858K(236224K)] 610363K->369385K(923200K), 0.0060920 secs] [Times: user=0.03 sys=0.00, real=0.01 secs] 
2014-07-08T07:18:19.458+0000: 1944.548: [GC [PSYoungGen: 236160K->1856K(231680K)] 604687K->370472K(918656K), 0.0043990 secs] [Times: user=0.02 sys=0.00, real=0.00 secs] 
2014-07-08T07:18:20.180+0000: 1945.270: [GC [PSYoungGen: 231616K->1160K(225600K)] 600232K->369839K(912576K), 0.0079320 secs] [Times: user=0.05 sys=0.01, real=0.01 secs] 
2014-07-08T07:18:20.897+0000: 1945.987: [GC [PSYoungGen: 225544K->1110K(220352K)] 594223K->369854K(907328K), 0.0033710 secs] [Times: user=0.02 sys=0.00, real=0.00 secs] 
2014-07-08T07:18:21.698+0000: 1946.788: [GC [PSYoungGen: 220310K->1057K(215296K)] 589054K->369864K(902272K), 0.0039190 secs] [Times: user=0.03 sys=0.00, real=0.00 secs] 
2014-07-08T07:18:22.473+0000: 1947.563: [GC [PSYoungGen: 215230K->1092K(210560K)] 584038K->369979K(897536K), 0.0066690 secs] [Times: user=0.04 sys=0.01, real=0.01 secs] 
2014-07-08T07:18:23.038+0000: 1948.129: [GC [PSYoungGen: 210500K->1232K(206016K)] 579387K->370199K(892992K), 0.0039050 secs] [Times: user=0.02 sys=0.00, real=0.00 secs] 
2014-07-08T07:18:23.844+0000: 1948.934: [GC [PSYoungGen: 205968K->1282K(201600K)] 574935K->370353K(888576K), 0.0073730 secs] [Times: user=0.05 sys=0.00, real=0.00 secs] 
2014-07-08T07:18:24.581+0000: 1949.672: [GC [PSYoungGen: 201538K->1490K(197440K)] 570609K->370642K(884416K), 0.0040580 secs] [Times: user=0.03 sys=0.00, real=0.01 secs] 
2014-07-08T07:18:25.186+0000: 1950.276: [GC [PSYoungGen: 197394K->878K(192576K)] 566546K->370133K(879552K), 0.0094850 secs] [Times: user=0.06 sys=0.01, real=0.01 secs] 
2014-07-08T07:18:25.804+0000: 1950.894: [GC [PSYoungGen: 192558K->1032K(188736K)] 561813K->370343K(875712K), 0.0058510 secs] [Times: user=0.02 sys=0.00, real=0.01 secs] 
2014-07-08T07:18:26.420+0000: 1951.510: [GC [PSYoungGen: 188680K->1348K(185152K)] 557991K->370764K(872128K), 0.0058950 secs] [Times: user=0.03 sys=0.01, real=0.01 secs] 
2014-07-08T07:18:26.868+0000: 1951.958: [GC [PSYoungGen: 185092K->1084K(221632K)] 554508K->370556K(908608K), 0.0086610 secs] [Times: user=0.05 sys=0.00, real=0.01 secs] 
2014-07-08T07:18:27.666+0000: 1952.757: [GC [PSYoungGen: 221628K->1168K(265920K)] 591100K->370703K(952896K), 0.0076640 secs] [Times: user=0.05 sys=0.00, real=0.00 secs] 
2014-07-08T07:18:28.546+0000: 1953.636: [GC [PSYoungGen: 265859K->1228K(259328K)] 635395K->370819K(946304K), 0.0044990 secs] [Times: user=0.02 sys=0.00, real=0.00 secs] 
2014-07-08T07:18:29.236+0000: 1954.327: [GC [PSYoungGen: 259269K->1000K(310720K)] 628861K->370891K(997696K), 0.0092390 secs] [Times: user=0.06 sys=0.01, real=0.01 secs] 
2014-07-08T07:18:30.349+0000: 1955.439: [GC [PSYoungGen: 310675K->1224K(302528K)] 680567K->371179K(989504K), 0.0043140 secs] [Times: user=0.02 sys=0.00, real=0.00 secs] 
2014-07-08T07:18:31.233+0000: 1956.323: [GC [PSYoungGen: 302472K->1200K(294400K)] 672427K->371235K(981376K), 0.0119090 secs] [Times: user=0.08 sys=0.00, real=0.01 secs] 
2014-07-08T07:18:32.121+0000: 1957.211: [GC [PSYoungGen: 294338K->1238K(286720K)] 664374K->371337K(973696K), 0.0062810 secs] [Times: user=0.04 sys=0.00, real=0.01 secs] 
2014-07-08T07:18:33.071+0000: 1958.161: [GC [PSYoungGen: 286650K->872K(278848K)] 656750K->371117K(965824K), 0.0080200 secs] [Times: user=0.04 sys=0.00, real=0.01 secs] 
2014-07-08T07:18:34.002+0000: 1959.092: [GC [PSYoungGen: 278824K->822K(271616K)] 649069K->371123K(958592K), 0.0107810 secs] [Times: user=0.06 sys=0.00, real=0.01 secs] 
2014-07-08T07:18:34.997+0000: 1960.087: [GC [PSYoungGen: 271606K->1274K(265152K)] 641907K->371640K(952128K), 0.0062090 secs] [Times: user=0.04 sys=0.00, real=0.00 secs] 
2014-07-08T07:18:35.819+0000: 1960.910: [GC [PSYoungGen: 265146K->772K(258048K)] 635512K->371193K(945024K), 0.0041210 secs] [Times: user=0.02 sys=0.00, real=0.00 secs] 
2014-07-08T07:18:36.697+0000: 1961.787: [GC [PSYoungGen: 257988K->804K(251648K)] 628409K->371289K(938624K), 0.0046410 secs] [Times: user=0.02 sys=0.00, real=0.00 secs] 
2014-07-08T07:18:37.475+0000: 1962.565: [GC [PSYoungGen: 251587K->1455K(246144K)] 622072K->371997K(933120K), 0.0043660 secs] [Times: user=0.03 sys=0.00, real=0.01 secs] 
2014-07-08T07:18:38.181+0000: 1963.271: [GC [PSYoungGen: 246118K->1074K(239808K)] 616659K->371882K(926784K), 0.0042970 secs] [Times: user=0.03 sys=0.00, real=0.00 secs] 
2014-07-08T07:18:38.984+0000: 1964.074: [GC [PSYoungGen: 239794K->1032K(234112K)] 610602K->371887K(921088K), 0.0167410 secs] [Times: user=0.10 sys=0.00, real=0.02 secs] 
2014-07-08T07:18:39.840+0000: 1964.930: [GC [PSYoungGen: 234056K->1296K(228864K)] 604911K->372274K(915840K), 0.0066160 secs] [Times: user=0.04 sys=0.01, real=0.00 secs] 
2014-07-08T07:18:40.646+0000: 1965.736: [GC [PSYoungGen: 228816K->968K(223232K)] 599794K->371993K(910208K), 0.0040360 secs] [Times: user=0.02 sys=0.00, real=0.01 secs] 
2014-07-08T07:18:41.241+0000: 1966.331: [GC [PSYoungGen: 223176K->1139K(218240K)] 594201K->372314K(905216K), 0.0089360 secs] [Times: user=0.05 sys=0.00, real=0.01 secs] 
2014-07-08T07:18:41.911+0000: 1967.001: [GC [PSYoungGen: 218227K->936K(261504K)] 589402K->372182K(948480K), 0.0127810 secs] [Times: user=0.09 sys=0.00, real=0.01 secs] 
2014-07-08T07:18:42.821+0000: 1967.911: [GC [PSYoungGen: 261432K->1352K(311296K)] 632679K->372654K(998272K), 0.0135020 secs] [Times: user=0.08 sys=0.00, real=0.01 secs] 
2014-07-08T07:18:43.903+0000: 1968.993: [GC [PSYoungGen: 311240K->1100K(311616K)] 682542K->372498K(998592K), 0.0071790 secs] [Times: user=0.04 sys=0.00, real=0.01 secs] 
2014-07-08T07:18:44.933+0000: 1970.023: [GC [PSYoungGen: 310908K->1036K(373568K)] 682306K->372482K(1060544K), 0.0078010 secs] [Times: user=0.02 sys=0.01, real=0.01 secs] 
2014-07-08T07:18:46.026+0000: 1971.116: [GC [PSYoungGen: 372860K->986K(361984K)] 744306K->372512K(1048960K), 0.0095140 secs] [Times: user=0.06 sys=0.00, real=0.01 secs] 
2014-07-08T07:18:47.231+0000: 1972.321: [GC [PSYoungGen: 361946K->698K(351168K)] 733472K->372640K(1038144K), 0.0086340 secs] [Times: user=0.06 sys=0.01, real=0.01 secs] 
2014-07-08T07:18:48.345+0000: 1973.435: [GC [PSYoungGen: 351129K->1566K(342016K)] 723072K->373565K(1028992K), 0.0094420 secs] [Times: user=0.07 sys=0.00, real=0.01 secs] 
2014-07-08T07:18:49.711+0000: 1974.802: [GC [PSYoungGen: 341974K->936K(331712K)] 713972K->373627K(1018688K), 0.0038200 secs] [Times: user=0.02 sys=0.00, real=0.00 secs] 
2014-07-08T07:18:50.727+0000: 1975.817: [GC [PSYoungGen: 331688K->1450K(322944K)] 704379K->374221K(1009920K), 0.0073520 secs] [Times: user=0.04 sys=0.00, real=0.01 secs] 
2014-07-08T07:18:51.766+0000: 1976.856: [GC [PSYoungGen: 322922K->772K(313408K)] 695693K->373939K(1000384K), 0.0047520 secs] [Times: user=0.02 sys=0.00, real=0.01 secs] 
2014-07-08T07:18:52.769+0000: 1977.860: [GC [PSYoungGen: 313348K->1390K(305472K)] 686515K->374622K(992448K), 0.0063830 secs] [Times: user=0.03 sys=0.01, real=0.00 secs] 
2014-07-08T07:18:53.940+0000: 1979.031: [GC [PSYoungGen: 305454K->1530K(297408K)] 678686K->374841K(984384K), 0.0050650 secs] [Times: user=0.03 sys=0.00, real=0.00 secs] 
2014-07-08T07:18:54.882+0000: 1979.972: [GC [PSYoungGen: 297402K->1014K(289024K)] 670713K->374389K(976000K), 0.0056630 secs] [Times: user=0.03 sys=0.00, real=0.00 secs] 
2014-07-08T07:18:55.838+0000: 1980.928: [GC [PSYoungGen: 289014K->1074K(281536K)] 662389K->374529K(968512K), 0.0050760 secs] [Times: user=0.03 sys=0.01, real=0.01 secs] 
2014-07-08T07:18:56.763+0000: 1981.853: [GC [PSYoungGen: 281441K->1268K(274432K)] 654897K->374811K(961408K), 0.0076660 secs] [Times: user=0.05 sys=0.01, real=0.01 secs] 
2014-07-08T07:18:57.683+0000: 1982.773: [GC [PSYoungGen: 274420K->925K(267136K)] 647963K->374524K(954112K), 0.0094260 secs] [Times: user=0.06 sys=0.01, real=0.01 secs] 
2014-07-08T07:18:58.571+0000: 1983.661: [GC [PSYoungGen: 267101K->772K(260288K)] 640700K->374435K(947264K), 0.0064320 secs] [Times: user=0.05 sys=0.00, real=0.00 secs] 
2014-07-08T07:18:59.572+0000: 1984.662: [GC [PSYoungGen: 260228K->1466K(254464K)] 633891K->375209K(941440K), 0.0089650 secs] [Times: user=0.06 sys=0.00, real=0.01 secs] 
2014-07-08T07:19:00.444+0000: 1985.534: [GC [PSYoungGen: 254458K->1580K(248384K)] 628201K->375395K(935360K), 0.0085990 secs] [Times: user=0.06 sys=0.00, real=0.01 secs] 
2014-07-08T07:19:01.129+0000: 1986.219: [GC [PSYoungGen: 248364K->694K(241472K)] 622179K->374727K(928448K), 0.0088380 secs] [Times: user=0.06 sys=0.00, real=0.01 secs] 
2014-07-08T07:19:01.928+0000: 1987.018: [GC [PSYoungGen: 241462K->1182K(236224K)] 615495K->375287K(923200K), 0.0076970 secs] [Times: user=0.04 sys=0.00, real=0.01 secs] 
2014-07-08T07:19:02.669+0000: 1987.759: [GC [PSYoungGen: 236190K->950K(230400K)] 610295K->375143K(917376K), 0.0062510 secs] [Times: user=0.04 sys=0.00, real=0.01 secs] 
2014-07-08T07:19:03.392+0000: 1988.483: [GC [PSYoungGen: 230365K->904K(225024K)] 604559K->375153K(912000K), 0.0067270 secs] [Times: user=0.04 sys=0.00, real=0.00 secs] 
2014-07-08T07:19:04.150+0000: 1989.240: [GC [PSYoungGen: 224968K->1284K(270272K)] 599217K->375621K(957248K), 0.0105600 secs] [Times: user=0.06 sys=0.00, real=0.01 secs] 
2014-07-08T07:19:05.066+0000: 1990.156: [GC [PSYoungGen: 270212K->1096K(263232K)] 644549K->375481K(950208K), 0.0048820 secs] [Times: user=0.02 sys=0.00, real=0.00 secs] 
2014-07-08T07:19:05.891+0000: 1990.981: [GC [PSYoungGen: 263176K->722K(256256K)] 637561K->375179K(943232K), 0.0072210 secs] [Times: user=0.05 sys=0.01, real=0.00 secs] 
2014-07-08T07:19:06.698+0000: 1991.788: [GC [PSYoungGen: 256210K->822K(249984K)] 630667K->375351K(936960K), 0.0070510 secs] [Times: user=0.04 sys=0.00, real=0.01 secs] 
2014-07-08T07:19:07.467+0000: 1992.557: [GC [PSYoungGen: 249974K->1396K(244480K)] 624503K->375997K(931456K), 0.0063240 secs] [Times: user=0.04 sys=0.00, real=0.01 secs] 
2014-07-08T07:19:08.176+0000: 1993.266: [GC [PSYoungGen: 244438K->1416K(238656K)] 619039K->376113K(925632K), 0.0079270 secs] [Times: user=0.05 sys=0.01, real=0.01 secs] 
2014-07-08T07:19:08.944+0000: 1994.034: [GC [PSYoungGen: 238600K->766K(232320K)] 613297K->375961K(919296K), 0.0066180 secs] [Times: user=0.04 sys=0.01, real=0.01 secs] 
2014-07-08T07:19:09.805+0000: 1994.896: [GC [PSYoungGen: 232318K->1032K(278976K)] 607513K->376283K(965952K), 0.0174950 secs] [Times: user=0.11 sys=0.00, real=0.02 secs] 
2014-07-08T07:19:10.666+0000: 1995.756: [GC [PSYoungGen: 278914K->1028K(334592K)] 654165K->376425K(1021568K), 0.0062180 secs] [Times: user=0.04 sys=0.00, real=0.01 secs] 
2014-07-08T07:19:11.718+0000: 1996.808: [GC [PSYoungGen: 334532K->1114K(325312K)] 709929K->376583K(1012288K), 0.0049510 secs] [Times: user=0.02 sys=0.00, real=0.01 secs] 
2014-07-08T07:19:12.712+0000: 1997.802: [GC [PSYoungGen: 325274K->758K(315904K)] 700743K->376275K(1002880K), 0.0033880 secs] [Times: user=0.01 sys=0.00, real=0.00 secs] 
2014-07-08T07:19:13.715+0000: 1998.805: [GC [PSYoungGen: 315850K->1121K(307648K)] 691368K->376702K(994624K), 0.0080450 secs] [Times: user=0.05 sys=0.00, real=0.01 secs] 
2014-07-08T07:19:14.829+0000: 1999.919: [GC [PSYoungGen: 307617K->1004K(299200K)] 683198K->376657K(986176K), 0.0049680 secs] [Times: user=0.03 sys=0.00, real=0.01 secs] 
2014-07-08T07:19:15.737+0000: 2000.827: [GC [PSYoungGen: 299167K->890K(291136K)] 674821K->376631K(978112K), 0.0032950 secs] [Times: user=0.01 sys=0.00, real=0.00 secs] 
2014-07-08T07:19:16.643+0000: 2001.733: [GC [PSYoungGen: 291095K->722K(283328K)] 666837K->376535K(970304K), 0.0129130 secs] [Times: user=0.05 sys=0.00, real=0.01 secs] 
2014-07-08T07:19:17.585+0000: 2002.675: [GC [PSYoungGen: 283241K->1595K(276800K)] 659054K->377536K(963776K), 0.0132750 secs] [Times: user=0.07 sys=0.01, real=0.01 secs] 
2014-07-08T07:19:18.433+0000: 2003.523: [GC [PSYoungGen: 276795K->876K(331136K)] 652736K->377035K(1018112K), 0.0115430 secs] [Times: user=0.07 sys=0.00, real=0.01 secs] 
2014-07-08T07:19:19.593+0000: 2004.683: [GC [PSYoungGen: 331076K->1714K(322752K)] 707236K->378042K(1009728K), 0.0051450 secs] [Times: user=0.03 sys=0.00, real=0.01 secs] 
2014-07-08T07:19:20.695+0000: 2005.785: [GC [PSYoungGen: 322738K->882K(313024K)] 699066K->377379K(1000000K), 0.0074880 secs] [Times: user=0.04 sys=0.00, real=0.00 secs] 
2014-07-08T07:19:21.715+0000: 2006.805: [GC [PSYoungGen: 313008K->1296K(304960K)] 689505K->377857K(991936K), 0.0058400 secs] [Times: user=0.04 sys=0.00, real=0.00 secs] 
2014-07-08T07:19:22.696+0000: 2007.786: [GC [PSYoungGen: 304912K->953K(296384K)] 681473K->377554K(983360K), 0.0040580 secs] [Times: user=0.02 sys=0.00, real=0.00 secs] 
2014-07-08T07:19:23.709+0000: 2008.799: [GC [PSYoungGen: 296352K->1218K(288832K)] 672954K->377907K(975808K), 0.0041410 secs] [Times: user=0.02 sys=0.00, real=0.00 secs] 
2014-07-08T07:19:24.778+0000: 2009.868: [GC [PSYoungGen: 288770K->1192K(281216K)] 665459K->377953K(968192K), 0.0134550 secs] [Times: user=0.09 sys=0.00, real=0.01 secs] 
2014-07-08T07:19:25.645+0000: 2010.735: [GC [PSYoungGen: 281176K->1007K(273792K)] 657937K->377856K(960768K), 0.0039070 secs] [Times: user=0.02 sys=0.00, real=0.00 secs] 
2014-07-08T07:19:26.478+0000: 2011.568: [GC [PSYoungGen: 273774K->1380K(267200K)] 650624K->378477K(954176K), 0.0049710 secs] [Times: user=0.02 sys=0.01, real=0.00 secs] 
2014-07-08T07:19:27.274+0000: 2012.364: [GC [PSYoungGen: 267147K->1481K(260608K)] 644245K->378658K(947584K), 0.0101110 secs] [Times: user=0.07 sys=0.00, real=0.01 secs] 
2014-07-08T07:19:28.112+0000: 2013.202: [GC [PSYoungGen: 260553K->810K(253440K)] 637730K->378610K(940416K), 0.0042030 secs] [Times: user=0.02 sys=0.00, real=0.01 secs] 
2014-07-08T07:19:28.930+0000: 2014.020: [GC [PSYoungGen: 253418K->872K(247296K)] 631218K->378727K(934272K), 0.0046800 secs] [Times: user=0.03 sys=0.00, real=0.01 secs] 
2014-07-08T07:19:29.851+0000: 2014.941: [GC [PSYoungGen: 247261K->1136K(241536K)] 625117K->379235K(928512K), 0.0066810 secs] [Times: user=0.04 sys=0.00, real=0.01 secs] 
2014-07-08T07:19:30.600+0000: 2015.691: [GC [PSYoungGen: 241520K->804K(235456K)] 619619K->378967K(922432K), 0.0078240 secs] [Times: user=0.05 sys=0.00, real=0.01 secs] 
2014-07-08T07:19:31.297+0000: 2016.387: [GC [PSYoungGen: 235427K->1306K(230400K)] 613591K->379549K(917376K), 0.0039990 secs] [Times: user=0.02 sys=0.00, real=0.00 secs] 
2014-07-08T07:19:31.981+0000: 2017.072: [GC [PSYoungGen: 230362K->918K(224640K)] 608605K->379241K(911616K), 0.0045440 secs] [Times: user=0.02 sys=0.00, real=0.01 secs] 
2014-07-08T07:19:32.711+0000: 2017.801: [GC [PSYoungGen: 224598K->922K(219456K)] 602921K->379301K(906432K), 0.0087490 secs] [Times: user=0.05 sys=0.00, real=0.01 secs] 
2014-07-08T07:19:33.399+0000: 2018.490: [GC [PSYoungGen: 219418K->1242K(214784K)] 597797K->379677K(901760K), 0.0083250 secs] [Times: user=0.05 sys=0.00, real=0.01 secs] 
2014-07-08T07:19:34.021+0000: 2019.111: [GC [PSYoungGen: 214746K->790K(257088K)] 593181K->379273K(944064K), 0.0109040 secs] [Times: user=0.08 sys=0.00, real=0.01 secs] 
2014-07-08T07:19:34.979+0000: 2020.070: [GC [PSYoungGen: 257046K->1408K(251392K)] 635529K->379972K(938368K), 0.0036870 secs] [Times: user=0.02 sys=0.00, real=0.00 secs] 
2014-07-08T07:19:35.796+0000: 2020.886: [GC [PSYoungGen: 251328K->986K(300928K)] 629892K->379645K(987904K), 0.0106530 secs] [Times: user=0.06 sys=0.00, real=0.01 secs] 
2014-07-08T07:19:36.736+0000: 2021.826: [GC [PSYoungGen: 300890K->772K(292672K)] 679549K->379487K(979648K), 0.0090900 secs] [Times: user=0.07 sys=0.00, real=0.01 secs] 
2014-07-08T07:19:37.684+0000: 2022.774: [GC [PSYoungGen: 292576K->1142K(285248K)] 671292K->379913K(972224K), 0.0080110 secs] [Times: user=0.05 sys=0.00, real=0.01 secs] 
2014-07-08T07:19:38.575+0000: 2023.665: [GC [PSYoungGen: 285238K->1242K(277952K)] 664009K->380117K(964928K), 0.0067330 secs] [Times: user=0.04 sys=0.00, real=0.01 secs] 
2014-07-08T07:19:39.533+0000: 2024.623: [GC [PSYoungGen: 277914K->1064K(270656K)] 656789K->380165K(957632K), 0.0042750 secs] [Times: user=0.02 sys=0.00, real=0.01 secs] 
2014-07-08T07:19:40.403+0000: 2025.493: [GC [PSYoungGen: 270604K->1562K(264320K)] 649706K->380744K(951296K), 0.0077980 secs] [Times: user=0.04 sys=0.00, real=0.01 secs] 
2014-07-08T07:19:41.108+0000: 2026.198: [GC [PSYoungGen: 264282K->826K(256960K)] 643464K->380365K(943936K), 0.0052490 secs] [Times: user=0.03 sys=0.00, real=0.00 secs] 
2014-07-08T07:19:41.933+0000: 2027.023: [GC [PSYoungGen: 256940K->1291K(251136K)] 636480K->380911K(938112K), 0.0085700 secs] [Times: user=0.06 sys=0.00, real=0.01 secs] 
2014-07-08T07:19:42.781+0000: 2027.871: [GC [PSYoungGen: 251083K->786K(244480K)] 630703K->380734K(931456K), 0.0063350 secs] [Times: user=0.02 sys=0.01, real=0.01 secs] 
2014-07-08T07:19:43.600+0000: 2028.691: [GC [PSYoungGen: 244434K->1054K(238848K)] 624382K->381058K(925824K), 0.0073200 secs] [Times: user=0.05 sys=0.00, real=0.01 secs] 
2014-07-08T07:19:44.394+0000: 2029.484: [GC [PSYoungGen: 238814K->1562K(233664K)] 618818K->381654K(920640K), 0.0077260 secs] [Times: user=0.03 sys=0.00, real=0.01 secs] 
2014-07-08T07:19:45.162+0000: 2030.252: [GC [PSYoungGen: 233626K->1288K(279872K)] 613718K->381444K(966848K), 0.0121380 secs] [Times: user=0.07 sys=0.00, real=0.01 secs] 
2014-07-08T07:19:46.029+0000: 2031.119: [GC [PSYoungGen: 279816K->814K(328768K)] 659972K->381092K(1015744K), 0.0206490 secs] [Times: user=0.12 sys=0.00, real=0.02 secs] 
2014-07-08T07:19:47.064+0000: 2032.154: [GC [PSYoungGen: 328714K->1302K(329728K)] 708993K->381660K(1016704K), 0.0093200 secs] [Times: user=0.05 sys=0.00, real=0.01 secs] 
2014-07-08T07:19:48.093+0000: 2033.184: [GC [PSYoungGen: 329237K->758K(395328K)] 709596K->381180K(1082304K), 0.0076020 secs] [Times: user=0.04 sys=0.00, real=0.01 secs] 
2014-07-08T07:19:49.431+0000: 2034.522: [GC [PSYoungGen: 394294K->1480K(383232K)] 774716K->381990K(1070208K), 0.0044610 secs] [Times: user=0.02 sys=0.00, real=0.00 secs] 
2014-07-08T07:19:50.781+0000: 2035.871: [GC [PSYoungGen: 383176K->292K(370624K)] 763686K->381358K(1057600K), 0.0089340 secs] [Times: user=0.06 sys=0.00, real=0.01 secs] 
2014-07-08T07:19:51.916+0000: 2037.006: [GC [PSYoungGen: 370596K->1392K(360832K)] 751662K->382514K(1047808K), 0.0152030 secs] [Times: user=0.07 sys=0.00, real=0.02 secs] 
2014-07-08T07:19:53.035+0000: 2038.125: [GC [PSYoungGen: 360816K->982K(350016K)] 741938K->382582K(1036992K), 0.0079840 secs] [Times: user=0.05 sys=0.00, real=0.01 secs] 
2014-07-08T07:19:54.136+0000: 2039.226: [GC [PSYoungGen: 349952K->1082K(340096K)] 731552K->382722K(1027072K), 0.0063330 secs] [Times: user=0.02 sys=0.00, real=0.01 secs] 
2014-07-08T07:19:55.442+0000: 2040.532: [GC [PSYoungGen: 340084K->1260K(330688K)] 721725K->382972K(1017664K), 0.0044070 secs] [Times: user=0.02 sys=0.00, real=0.00 secs] 
2014-07-08T07:19:56.345+0000: 2041.436: [GC [PSYoungGen: 330668K->1592K(321792K)] 712380K->383368K(1008768K), 0.0078550 secs] [Times: user=0.04 sys=0.01, real=0.01 secs] 
2014-07-08T07:19:57.411+0000: 2042.501: [GC [PSYoungGen: 321784K->758K(312128K)] 703560K->382808K(999104K), 0.0046790 secs] [Times: user=0.02 sys=0.00, real=0.00 secs] 
2014-07-08T07:19:58.351+0000: 2043.441: [GC [PSYoungGen: 312118K->1776K(304640K)] 694168K->383899K(991616K), 0.0101240 secs] [Times: user=0.07 sys=0.01, real=0.01 secs] 
2014-07-08T07:19:59.310+0000: 2044.400: [GC [PSYoungGen: 304624K->1210K(295936K)] 686747K->383636K(982912K), 0.0040390 secs] [Times: user=0.02 sys=0.00, real=0.00 secs] 
2014-07-08T07:20:00.394+0000: 2045.484: [GC [PSYoungGen: 295930K->996K(287936K)] 678356K->383494K(974912K), 0.0086530 secs] [Times: user=0.05 sys=0.00, real=0.01 secs] 
2014-07-08T07:20:01.229+0000: 2046.320: [GC [PSYoungGen: 287908K->1274K(280640K)] 670406K->383860K(967616K), 0.0092270 secs] [Times: user=0.06 sys=0.00, real=0.00 secs] 
2014-07-08T07:20:02.098+0000: 2047.188: [GC [PSYoungGen: 280627K->1074K(273216K)] 663213K->383732K(960192K), 0.0068740 secs] [Times: user=0.05 sys=0.00, real=0.01 secs] 
2014-07-08T07:20:03.002+0000: 2048.092: [GC [PSYoungGen: 273202K->836K(266048K)] 655860K->383598K(953024K), 0.0106710 secs] [Times: user=0.06 sys=0.00, real=0.01 secs] 
2014-07-08T07:20:03.804+0000: 2048.894: [GC [PSYoungGen: 265988K->872K(259328K)] 648750K->383698K(946304K), 0.0059830 secs] [Times: user=0.04 sys=0.00, real=0.00 secs] 
2014-07-08T07:20:04.870+0000: 2049.961: [GC [PSYoungGen: 259304K->1405K(253376K)] 642130K->384319K(940352K), 0.0045350 secs] [Times: user=0.03 sys=0.00, real=0.00 secs] 
2014-07-08T07:20:05.716+0000: 2050.806: [GC [PSYoungGen: 253373K->1222K(247040K)] 636287K->384192K(934016K), 0.0048510 secs] [Times: user=0.03 sys=0.00, real=0.01 secs] 
2014-07-08T07:20:06.479+0000: 2051.569: [GC [PSYoungGen: 246975K->1213K(241024K)] 629946K->384514K(928000K), 0.0098160 secs] [Times: user=0.06 sys=0.00, real=0.01 secs] 
2014-07-08T07:20:07.179+0000: 2052.269: [GC [PSYoungGen: 241021K->1890K(235968K)] 624322K->385433K(922944K), 0.0042680 secs] [Times: user=0.02 sys=0.00, real=0.01 secs] 
2014-07-08T07:20:07.924+0000: 2053.014: [GC [PSYoungGen: 235924K->754K(229248K)] 619467K->384888K(916224K), 0.0076950 secs] [Times: user=0.05 sys=0.00, real=0.01 secs] 
2014-07-08T07:20:08.689+0000: 2053.780: [GC [PSYoungGen: 229234K->982K(224192K)] 613368K->385227K(911168K), 0.0065640 secs] [Times: user=0.04 sys=0.00, real=0.01 secs] 
2014-07-08T07:20:09.348+0000: 2054.438: [GC [PSYoungGen: 224136K->1502K(219584K)] 608382K->385852K(906560K), 0.0079480 secs] [Times: user=0.05 sys=0.00, real=0.01 secs] 
2014-07-08T07:20:10.213+0000: 2055.303: [GC [PSYoungGen: 219550K->1346K(214464K)] 603900K->385751K(901440K), 0.0079660 secs] [Times: user=0.05 sys=0.01, real=0.00 secs] 
2014-07-08T07:20:10.872+0000: 2055.962: [GC [PSYoungGen: 214367K->936K(209216K)] 598772K->385421K(896192K), 0.0036610 secs] [Times: user=0.02 sys=0.00, real=0.00 secs] 
2014-07-08T07:20:11.563+0000: 2056.653: [GC [PSYoungGen: 209192K->854K(204544K)] 593677K->385419K(891520K), 0.0097150 secs] [Times: user=0.06 sys=0.00, real=0.01 secs] 
2014-07-08T07:20:12.103+0000: 2057.194: [GC [PSYoungGen: 204502K->922K(245376K)] 589067K->385535K(932352K), 0.0111560 secs] [Times: user=0.08 sys=0.00, real=0.01 secs] 
2014-07-08T07:20:12.926+0000: 2058.016: [GC [PSYoungGen: 245338K->928K(294272K)] 629951K->385622K(981248K), 0.0081350 secs] [Times: user=0.05 sys=0.00, real=0.01 secs] 
2014-07-08T07:20:13.828+0000: 2058.918: [GC [PSYoungGen: 294240K->954K(286528K)] 678934K->385719K(973504K), 0.0046260 secs] [Times: user=0.02 sys=0.00, real=0.01 secs] 
2014-07-08T07:20:14.913+0000: 2060.003: [GC [PSYoungGen: 286522K->1506K(279616K)] 671287K->386367K(966592K), 0.0071670 secs] [Times: user=0.05 sys=0.00, real=0.00 secs] 
2014-07-08T07:20:15.829+0000: 2060.919: [GC [PSYoungGen: 279586K->964K(271936K)] 664447K->385913K(958912K), 0.0037360 secs] [Times: user=0.02 sys=0.00, real=0.01 secs] 
2014-07-08T07:20:16.781+0000: 2061.871: [GC [PSYoungGen: 271841K->954K(264960K)] 656791K->385967K(951936K), 0.0066530 secs] [Times: user=0.03 sys=0.01, real=0.01 secs] 
2014-07-08T07:20:17.620+0000: 2062.710: [GC [PSYoungGen: 264954K->908K(258304K)] 649967K->385985K(945280K), 0.0036390 secs] [Times: user=0.02 sys=0.00, real=0.01 secs] 
2014-07-08T07:20:18.483+0000: 2063.573: [GC [PSYoungGen: 258252K->1082K(252032K)] 643329K->386215K(939008K), 0.0071280 secs] [Times: user=0.04 sys=0.01, real=0.00 secs] 
2014-07-08T07:20:19.298+0000: 2064.388: [GC [PSYoungGen: 251998K->1136K(245952K)] 637132K->386317K(932928K), 0.0083320 secs] [Times: user=0.06 sys=0.00, real=0.01 secs] 
2014-07-08T07:20:20.150+0000: 2065.240: [GC [PSYoungGen: 245936K->1164K(240064K)] 631117K->386393K(927040K), 0.0051510 secs] [Times: user=0.03 sys=0.00, real=0.01 secs] 
2014-07-08T07:20:20.920+0000: 2066.010: [GC [PSYoungGen: 240012K->1132K(234304K)] 625241K->386449K(921280K), 0.0072120 secs] [Times: user=0.05 sys=0.00, real=0.01 secs] 
2014-07-08T07:20:21.675+0000: 2066.765: [GC [PSYoungGen: 234284K->1058K(228736K)] 619601K->386431K(915712K), 0.0075290 secs] [Times: user=0.05 sys=0.00, real=0.01 secs] 
2014-07-08T07:20:22.415+0000: 2067.505: [GC [PSYoungGen: 228706K->1136K(223488K)] 614079K->386809K(910464K), 0.0055040 secs] [Times: user=0.03 sys=0.00, real=0.00 secs] 
2014-07-08T07:20:23.110+0000: 2068.201: [GC [PSYoungGen: 223472K->1078K(218304K)] 609145K->386816K(905280K), 0.0065230 secs] [Times: user=0.03 sys=0.00, real=0.01 secs] 
2014-07-08T07:20:23.851+0000: 2068.941: [GC [PSYoungGen: 218294K->900K(213248K)] 604032K->386767K(900224K), 0.0051730 secs] [Times: user=0.02 sys=0.00, real=0.01 secs] 
2014-07-08T07:20:24.628+0000: 2069.718: [GC [PSYoungGen: 213188K->1412K(209024K)] 599055K->387352K(896000K), 0.0075620 secs] [Times: user=0.06 sys=0.00, real=0.01 secs] 
2014-07-08T07:20:25.377+0000: 2070.467: [GC [PSYoungGen: 208964K->932K(203904K)] 594904K->387095K(890880K), 0.0091810 secs] [Times: user=0.04 sys=0.00, real=0.01 secs] 
2014-07-08T07:20:25.908+0000: 2070.998: [GC [PSYoungGen: 203876K->1314K(199872K)] 590039K->387582K(886848K), 0.0051840 secs] [Times: user=0.03 sys=0.00, real=0.01 secs] 
2014-07-08T07:20:26.577+0000: 2071.667: [GC [PSYoungGen: 199826K->1004K(239296K)] 586094K->387483K(926272K), 0.0095620 secs] [Times: user=0.06 sys=0.00, real=0.01 secs] 
2014-07-08T07:20:27.232+0000: 2072.322: [GC [PSYoungGen: 239233K->1430K(234048K)] 625713K->387958K(921024K), 0.0046210 secs] [Times: user=0.03 sys=0.00, real=0.01 secs] 
2014-07-08T07:20:27.967+0000: 2073.057: [GC [PSYoungGen: 234006K->883K(227968K)] 620534K->387557K(914944K), 0.0038360 secs] [Times: user=0.02 sys=0.00, real=0.00 secs] 
2014-07-08T07:20:28.702+0000: 2073.793: [GC [PSYoungGen: 227955K->972K(222784K)] 614629K->387710K(909760K), 0.0041540 secs] [Times: user=0.03 sys=0.00, real=0.01 secs] 
2014-07-08T07:20:29.386+0000: 2074.477: [GC [PSYoungGen: 222732K->1346K(218048K)] 609470K->388198K(905024K), 0.0080110 secs] [Times: user=0.05 sys=0.00, real=0.01 secs] 
2014-07-08T07:20:30.213+0000: 2075.303: [GC [PSYoungGen: 217984K->1599K(213312K)] 604836K->388531K(900288K), 0.0093590 secs] [Times: user=0.06 sys=0.00, real=0.01 secs] 
2014-07-08T07:20:30.846+0000: 2075.936: [GC [PSYoungGen: 213311K->502K(207488K)] 600243K->387747K(894464K), 0.0032600 secs] [Times: user=0.02 sys=0.00, real=0.00 secs] 
2014-07-08T07:20:31.571+0000: 2076.661: [GC [PSYoungGen: 207477K->1510K(249920K)] 594722K->388828K(936896K), 0.0129760 secs] [Times: user=0.09 sys=0.00, real=0.02 secs] 
2014-07-08T07:20:32.329+0000: 2077.419: [GC [PSYoungGen: 249894K->1338K(243648K)] 637212K->388916K(930624K), 0.0053680 secs] [Times: user=0.03 sys=0.00, real=0.01 secs] 
2014-07-08T07:20:33.070+0000: 2078.161: [GC [PSYoungGen: 243640K->1160K(237696K)] 631218K->388810K(924672K), 0.0055070 secs] [Times: user=0.03 sys=0.00, real=0.01 secs] 
2014-07-08T07:20:33.846+0000: 2078.937: [GC [PSYoungGen: 237640K->890K(231744K)] 625290K->388588K(918720K), 0.0040250 secs] [Times: user=0.02 sys=0.00, real=0.00 secs] 
2014-07-08T07:20:34.714+0000: 2079.805: [GC [PSYoungGen: 231738K->1232K(226688K)] 619436K->388986K(913664K), 0.0042390 secs] [Times: user=0.02 sys=0.00, real=0.00 secs] 
2014-07-08T07:20:35.604+0000: 2080.694: [GC [PSYoungGen: 226640K->1264K(221440K)] 614394K->389098K(908416K), 0.0078390 secs] [Times: user=0.06 sys=0.00, real=0.01 secs] 
2014-07-08T07:20:36.236+0000: 2081.326: [GC [PSYoungGen: 221424K->1210K(216320K)] 609258K->389060K(903296K), 0.0069170 secs] [Times: user=0.01 sys=0.01, real=0.00 secs] 
2014-07-08T07:20:36.891+0000: 2081.981: [GC [PSYoungGen: 216314K->804K(211072K)] 604164K->388734K(898048K), 0.0057510 secs] [Times: user=0.04 sys=0.00, real=0.01 secs] 
2014-07-08T07:20:37.638+0000: 2082.728: [GC [PSYoungGen: 211044K->1274K(206848K)] 598974K->389284K(893824K), 0.0087530 secs] [Times: user=0.04 sys=0.00, real=0.01 secs] 
2014-07-08T07:20:38.277+0000: 2083.367: [GC [PSYoungGen: 206842K->1402K(248128K)] 594852K->389500K(935104K), 0.0168260 secs] [Times: user=0.11 sys=0.00, real=0.01 secs] 
2014-07-08T07:20:39.047+0000: 2084.138: [GC [PSYoungGen: 248122K->1406K(297472K)] 636220K->389584K(984448K), 0.0077660 secs] [Times: user=0.04 sys=0.00, real=0.01 secs] 
2014-07-08T07:20:39.996+0000: 2085.086: [GC [PSYoungGen: 297470K->826K(354560K)] 685648K->389126K(1041536K), 0.0070800 secs] [Times: user=0.04 sys=0.00, real=0.00 secs] 
2014-07-08T07:20:41.305+0000: 2086.395: [GC [PSYoungGen: 354554K->1410K(345024K)] 742854K->389766K(1032000K), 0.0080770 secs] [Times: user=0.04 sys=0.00, real=0.00 secs] 
2014-07-08T07:20:42.503+0000: 2087.593: [GC [PSYoungGen: 344962K->356K(334144K)] 733318K->389898K(1021120K), 0.0096460 secs] [Times: user=0.06 sys=0.00, real=0.01 secs] 
2014-07-08T07:20:43.498+0000: 2088.588: [GC [PSYoungGen: 334116K->1676K(326080K)] 723658K->391267K(1013056K), 0.0038920 secs] [Times: user=0.02 sys=0.01, real=0.00 secs] 
2014-07-08T07:20:44.552+0000: 2089.643: [GC [PSYoungGen: 326028K->1636K(316992K)] 715619K->391747K(1003968K), 0.0038780 secs] [Times: user=0.02 sys=0.00, real=0.01 secs] 
2014-07-08T07:20:45.720+0000: 2090.810: [GC [PSYoungGen: 316955K->1538K(308288K)] 707066K->391721K(995264K), 0.0059450 secs] [Times: user=0.03 sys=0.00, real=0.01 secs] 
2014-07-08T07:20:46.647+0000: 2091.737: [GC [PSYoungGen: 308226K->854K(299264K)] 698409K->391108K(986240K), 0.0098600 secs] [Times: user=0.05 sys=0.00, real=0.01 secs] 
2014-07-08T07:20:47.568+0000: 2092.658: [GC [PSYoungGen: 299173K->1172K(291584K)] 689428K->391474K(978560K), 0.0041550 secs] [Times: user=0.02 sys=0.00, real=0.00 secs] 
2014-07-08T07:20:48.486+0000: 2093.576: [GC [PSYoungGen: 291540K->1299K(284032K)] 681842K->391665K(971008K), 0.0037600 secs] [Times: user=0.02 sys=0.00, real=0.01 secs] 
2014-07-08T07:20:49.350+0000: 2094.441: [GC [PSYoungGen: 283950K->1363K(276736K)] 674316K->391801K(963712K), 0.0045130 secs] [Times: user=0.02 sys=0.00, real=0.00 secs] 
2014-07-08T07:20:50.445+0000: 2095.535: [GC [PSYoungGen: 276691K->1366K(269632K)] 667129K->391868K(956608K), 0.0143310 secs] [Times: user=0.09 sys=0.00, real=0.02 secs] 
2014-07-08T07:20:51.198+0000: 2096.288: [GC [PSYoungGen: 269590K->1074K(323008K)] 660092K->391609K(1009984K), 0.0190810 secs] [Times: user=0.13 sys=0.01, real=0.01 secs] 
2014-07-08T07:20:52.192+0000: 2097.282: [GC [PSYoungGen: 322994K->1462K(346880K)] 713529K->392085K(1033856K), 0.0081520 secs] [Times: user=0.06 sys=0.00, real=0.01 secs] 
2014-07-08T07:20:53.291+0000: 2098.381: [GC [PSYoungGen: 346805K->1278K(336768K)] 737428K->391948K(1023744K), 0.0048500 secs] [Times: user=0.03 sys=0.00, real=0.00 secs] 
2014-07-08T07:20:54.268+0000: 2099.358: [GC [PSYoungGen: 336766K->750K(326784K)] 727436K->391744K(1013760K), 0.0045660 secs] [Times: user=0.02 sys=0.00, real=0.00 secs] 
2014-07-08T07:20:55.597+0000: 2100.687: [GC [PSYoungGen: 326766K->1598K(318528K)] 717760K->392656K(1005504K), 0.0074790 secs] [Times: user=0.05 sys=0.00, real=0.01 secs] 
2014-07-08T07:20:56.596+0000: 2101.686: [GC [PSYoungGen: 318491K->918K(309184K)] 709550K->392230K(996160K), 0.0051890 secs] [Times: user=0.03 sys=0.00, real=0.01 secs] 
2014-07-08T07:20:57.560+0000: 2102.650: [GC [PSYoungGen: 309142K->1494K(301376K)] 700454K->392871K(988352K), 0.0070610 secs] [Times: user=0.05 sys=0.00, real=0.00 secs] 
2014-07-08T07:20:58.472+0000: 2103.562: [GC [PSYoungGen: 301324K->1452K(293312K)] 692701K->392876K(980288K), 0.0115750 secs] [Times: user=0.05 sys=0.01, real=0.01 secs] 
2014-07-08T07:20:59.396+0000: 2104.486: [GC [PSYoungGen: 293292K->1196K(285312K)] 684716K->392684K(972288K), 0.0100380 secs] [Times: user=0.07 sys=0.01, real=0.01 secs] 
2014-07-08T07:21:00.526+0000: 2105.616: [GC [PSYoungGen: 285292K->1326K(341760K)] 676780K->393197K(1028736K), 0.0182490 secs] [Times: user=0.12 sys=0.00, real=0.02 secs] 
2014-07-08T07:21:01.647+0000: 2106.737: [GC [PSYoungGen: 341742K->1364K(332160K)] 733613K->393290K(1019136K), 0.0088610 secs] [Times: user=0.05 sys=0.00, real=0.01 secs] 
2014-07-08T07:21:02.676+0000: 2107.766: [GC [PSYoungGen: 332116K->608K(322112K)] 724042K->393021K(1009088K), 0.0047530 secs] [Times: user=0.02 sys=0.00, real=0.01 secs] 
2014-07-08T07:21:03.730+0000: 2108.820: [GC [PSYoungGen: 322065K->1154K(313792K)] 714478K->393631K(1000768K), 0.0085020 secs] [Times: user=0.05 sys=0.01, real=0.00 secs] 
2014-07-08T07:21:04.726+0000: 2109.816: [GC [PSYoungGen: 313730K->776K(304896K)] 706207K->393414K(991872K), 0.0105020 secs] [Times: user=0.07 sys=0.00, real=0.01 secs] 
2014-07-08T07:21:05.851+0000: 2110.941: [GC [PSYoungGen: 304840K->1336K(297216K)] 697478K->394063K(984192K), 0.0060530 secs] [Times: user=0.05 sys=0.00, real=0.00 secs] 
2014-07-08T07:21:06.677+0000: 2111.767: [GC [PSYoungGen: 297208K->1074K(289088K)] 689935K->393873K(976064K), 0.0119280 secs] [Times: user=0.03 sys=0.01, real=0.02 secs] 
2014-07-08T07:21:07.606+0000: 2112.697: [GC [PSYoungGen: 289074K->1242K(337536K)] 681873K->394088K(1024512K), 0.0122540 secs] [Times: user=0.08 sys=0.00, real=0.01 secs] 
2014-07-08T07:21:08.640+0000: 2113.731: [GC [PSYoungGen: 336922K->1050K(327296K)] 729768K->393984K(1014272K), 0.0036580 secs] [Times: user=0.02 sys=0.00, real=0.00 secs] 
2014-07-08T07:21:09.712+0000: 2114.802: [GC [PSYoungGen: 327251K->1206K(318336K)] 720186K->394252K(1005312K), 0.0053330 secs] [Times: user=0.03 sys=0.00, real=0.00 secs] 
2014-07-08T07:21:10.837+0000: 2115.927: [GC [PSYoungGen: 318326K->1314K(309760K)] 711372K->394792K(996736K), 0.0131480 secs] [Times: user=0.08 sys=0.01, real=0.02 secs] 
2014-07-08T07:21:11.792+0000: 2116.882: [GC [PSYoungGen: 309730K->840K(300928K)] 703208K->394374K(987904K), 0.0038330 secs] [Times: user=0.02 sys=0.00, real=0.00 secs] 
2014-07-08T07:21:12.726+0000: 2117.816: [GC [PSYoungGen: 300872K->904K(292928K)] 694406K->394618K(979904K), 0.0045380 secs] [Times: user=0.02 sys=0.00, real=0.01 secs] 
2014-07-08T07:21:13.712+0000: 2118.802: [GC [PSYoungGen: 292872K->1022K(285248K)] 686586K->394784K(972224K), 0.0052090 secs] [Times: user=0.02 sys=0.00, real=0.00 secs] 
2014-07-08T07:21:14.575+0000: 2119.665: [GC [PSYoungGen: 285246K->1348K(278208K)] 679008K->395214K(965184K), 0.0130310 secs] [Times: user=0.09 sys=0.00, real=0.01 secs] 
2014-07-08T07:21:15.456+0000: 2120.546: [GC [PSYoungGen: 278148K->1444K(271168K)] 672014K->395374K(958144K), 0.0085180 secs] [Times: user=0.05 sys=0.01, real=0.01 secs] 
2014-07-08T07:21:16.419+0000: 2121.509: [GC [PSYoungGen: 271140K->890K(263744K)] 665070K->395678K(950720K), 0.0092870 secs] [Times: user=0.07 sys=0.00, real=0.01 secs] 
2014-07-08T07:21:17.140+0000: 2122.230: [GC [PSYoungGen: 263707K->1142K(316608K)] 658495K->395978K(1003584K), 0.0121050 secs] [Times: user=0.08 sys=0.00, real=0.02 secs] 
2014-07-08T07:21:18.138+0000: 2123.228: [GC [PSYoungGen: 316598K->982K(307840K)] 711434K->395996K(994816K), 0.0073720 secs] [Times: user=0.04 sys=0.00, real=0.01 secs] 
2014-07-08T07:21:19.123+0000: 2124.213: [GC [PSYoungGen: 307798K->1184K(299712K)] 702812K->396254K(986688K), 0.0056270 secs] [Times: user=0.01 sys=0.00, real=0.00 secs] 
2014-07-08T07:21:20.190+0000: 2125.280: [GC [PSYoungGen: 299680K->1142K(291648K)] 694750K->396260K(978624K), 0.0148250 secs] [Times: user=0.09 sys=0.01, real=0.02 secs] 
2014-07-08T07:21:21.156+0000: 2126.246: [GC [PSYoungGen: 291610K->1288K(284160K)] 686728K->396526K(971136K), 0.0044580 secs] [Times: user=0.02 sys=0.00, real=0.00 secs] 
2014-07-08T07:21:22.080+0000: 2127.170: [GC [PSYoungGen: 284066K->1142K(276608K)] 679304K->396420K(963584K), 0.0082650 secs] [Times: user=0.03 sys=0.00, real=0.01 secs] 
2014-07-08T07:21:22.945+0000: 2128.035: [GC [PSYoungGen: 276598K->904K(269312K)] 671876K->396262K(956288K), 0.0072660 secs] [Times: user=0.05 sys=0.00, real=0.01 secs] 
2014-07-08T07:21:23.816+0000: 2128.906: [GC [PSYoungGen: 269256K->1107K(262720K)] 664614K->396521K(949696K), 0.0040230 secs] [Times: user=0.02 sys=0.00, real=0.00 secs] 
2014-07-08T07:21:24.693+0000: 2129.783: [GC [PSYoungGen: 262667K->1342K(256384K)] 658081K->396860K(943360K), 0.0063430 secs] [Times: user=0.04 sys=0.00, real=0.00 secs] 
2014-07-08T07:21:25.609+0000: 2130.700: [GC [PSYoungGen: 256382K->1020K(249728K)] 651900K->396722K(936704K), 0.0074520 secs] [Times: user=0.04 sys=0.00, real=0.01 secs] 
2014-07-08T07:21:26.460+0000: 2131.551: [GC [PSYoungGen: 249724K->1324K(243968K)] 645426K->397074K(930944K), 0.0051050 secs] [Times: user=0.02 sys=0.00, real=0.01 secs] 
2014-07-08T07:21:27.127+0000: 2132.217: [GC [PSYoungGen: 243948K->992K(237824K)] 639698K->396862K(924800K), 0.0062200 secs] [Times: user=0.04 sys=0.00, real=0.01 secs] 
2014-07-08T07:21:27.860+0000: 2132.951: [GC [PSYoungGen: 237788K->858K(232064K)] 633658K->396800K(919040K), 0.0069420 secs] [Times: user=0.04 sys=0.00, real=0.01 secs] 
2014-07-08T07:21:28.664+0000: 2133.755: [GC [PSYoungGen: 232026K->1402K(227136K)] 627968K->397408K(914112K), 0.0058340 secs] [Times: user=0.04 sys=0.00, real=0.00 secs] 
2014-07-08T07:21:29.348+0000: 2134.438: [GC [PSYoungGen: 227130K->1470K(221952K)] 623136K->397540K(908928K), 0.0092730 secs] [Times: user=0.06 sys=0.00, real=0.01 secs] 
2014-07-08T07:21:30.108+0000: 2135.198: [GC [PSYoungGen: 221950K->630K(216064K)] 618020K->396992K(903040K), 0.0064750 secs] [Times: user=0.04 sys=0.00, real=0.01 secs] 
2014-07-08T07:21:30.811+0000: 2135.901: [GC [PSYoungGen: 216008K->1245K(211840K)] 612370K->397688K(898816K), 0.0083880 secs] [Times: user=0.05 sys=0.00, real=0.01 secs] 
2014-07-08T07:21:31.484+0000: 2136.574: [GC [PSYoungGen: 211805K->1448K(254144K)] 608248K->398062K(941120K), 0.0101800 secs] [Times: user=0.06 sys=0.00, real=0.01 secs] 
2014-07-08T07:21:32.195+0000: 2137.285: [GC [PSYoungGen: 254090K->1246K(247744K)] 650705K->397948K(934720K), 0.0042920 secs] [Times: user=0.02 sys=0.00, real=0.00 secs] 
2014-07-08T07:21:32.994+0000: 2138.084: [GC [PSYoungGen: 247703K->872K(241344K)] 644406K->397990K(928320K), 0.0052540 secs] [Times: user=0.03 sys=0.01, real=0.00 secs] 
2014-07-08T07:21:33.741+0000: 2138.831: [GC [PSYoungGen: 241320K->822K(235520K)] 638438K->397988K(922496K), 0.0075220 secs] [Times: user=0.03 sys=0.00, real=0.01 secs] 
2014-07-08T07:21:34.491+0000: 2139.582: [GC [PSYoungGen: 235510K->1284K(230464K)] 632676K->398589K(917440K), 0.0098330 secs] [Times: user=0.06 sys=0.00, real=0.01 secs] 
2014-07-08T07:21:35.203+0000: 2140.293: [GC [PSYoungGen: 230404K->1050K(224832K)] 627709K->398402K(911808K), 0.0044160 secs] [Times: user=0.02 sys=0.00, real=0.01 secs] 
2014-07-08T07:21:36.143+0000: 2141.233: [GC [PSYoungGen: 224794K->1064K(219648K)] 622146K->398641K(906624K), 0.0040780 secs] [Times: user=0.02 sys=0.00, real=0.01 secs] 
2014-07-08T07:21:36.835+0000: 2141.926: [GC [PSYoungGen: 219624K->1268K(263552K)] 617201K->398950K(950528K), 0.0157170 secs] [Times: user=0.12 sys=0.00, real=0.01 secs] 
2014-07-08T07:21:37.664+0000: 2142.754: [GC [PSYoungGen: 263540K->982K(315776K)] 661222K->398994K(1002752K), 0.0058370 secs] [Times: user=0.02 sys=0.01, real=0.01 secs] 
2014-07-08T07:21:38.729+0000: 2143.819: [GC [PSYoungGen: 315734K->1488K(307648K)] 713746K->399573K(994624K), 0.0058080 secs] [Times: user=0.03 sys=0.00, real=0.01 secs] 
2014-07-08T07:21:39.649+0000: 2144.739: [GC [PSYoungGen: 307600K->808K(298688K)] 705685K->398980K(985664K), 0.0096140 secs] [Times: user=0.06 sys=0.00, real=0.01 secs] 
2014-07-08T07:21:40.731+0000: 2145.821: [GC [PSYoungGen: 298634K->1672K(291648K)] 696807K->399885K(978624K), 0.0066220 secs] [Times: user=0.03 sys=0.00, real=0.01 secs] 
2014-07-08T07:21:41.684+0000: 2146.774: [GC [PSYoungGen: 291587K->940K(283264K)] 689800K->399685K(970240K), 0.0103140 secs] [Times: user=0.06 sys=0.01, real=0.01 secs] 
2014-07-08T07:21:42.635+0000: 2147.726: [GC [PSYoungGen: 283244K->1182K(276160K)] 681989K->400015K(963136K), 0.0085550 secs] [Times: user=0.06 sys=0.01, real=0.00 secs] 
2014-07-08T07:21:43.399+0000: 2148.489: [GC [PSYoungGen: 276126K->1524K(321984K)] 674959K->400437K(1008960K), 0.0104560 secs] [Times: user=0.03 sys=0.00, real=0.01 secs] 
2014-07-08T07:21:44.370+0000: 2149.460: [GC [PSYoungGen: 321748K->1124K(312576K)] 720661K->400117K(999552K), 0.0041760 secs] [Times: user=0.02 sys=0.00, real=0.00 secs] 
2014-07-08T07:21:45.659+0000: 2150.749: [GC [PSYoungGen: 312548K->822K(303744K)] 711541K->400337K(990720K), 0.0080660 secs] [Times: user=0.06 sys=0.01, real=0.01 secs] 
2014-07-08T07:21:46.697+0000: 2151.787: [GC [PSYoungGen: 303734K->1646K(296448K)] 703249K->401249K(983424K), 0.0091680 secs] [Times: user=0.05 sys=0.00, real=0.01 secs] 
2014-07-08T07:21:47.686+0000: 2152.776: [GC [PSYoungGen: 296430K->1210K(288192K)] 696033K->401299K(975168K), 0.0067830 secs] [Times: user=0.05 sys=0.00, real=0.00 secs] 
2014-07-08T07:21:48.673+0000: 2153.763: [GC [PSYoungGen: 288177K->1360K(280832K)] 688266K->401513K(967808K), 0.0038460 secs] [Times: user=0.02 sys=0.00, real=0.01 secs] 
2014-07-08T07:21:49.616+0000: 2154.706: [GC [PSYoungGen: 280784K->1136K(273344K)] 680937K->401419K(960320K), 0.0042270 secs] [Times: user=0.02 sys=0.00, real=0.01 secs] 
2014-07-08T07:21:50.581+0000: 2155.671: [GC [PSYoungGen: 273328K->1284K(266560K)] 673611K->401639K(953536K), 0.0083220 secs] [Times: user=0.05 sys=0.00, real=0.01 secs] 
2014-07-08T07:21:51.393+0000: 2156.483: [GC [PSYoungGen: 266500K->1124K(259648K)] 666855K->401567K(946624K), 0.0034350 secs] [Times: user=0.02 sys=0.00, real=0.01 secs] 
2014-07-08T07:21:52.144+0000: 2157.234: [GC [PSYoungGen: 259620K->854K(252928K)] 660063K->401353K(939904K), 0.0107230 secs] [Times: user=0.07 sys=0.00, real=0.01 secs] 
2014-07-08T07:21:52.957+0000: 2158.047: [GC [PSYoungGen: 252886K->968K(246848K)] 653385K->401531K(933824K), 0.0045960 secs] [Times: user=0.02 sys=0.00, real=0.00 secs] 
2014-07-08T07:21:53.766+0000: 2158.857: [GC [PSYoungGen: 246761K->890K(240768K)] 647324K->401509K(927744K), 0.0038820 secs] [Times: user=0.02 sys=0.00, real=0.00 secs] 
2014-07-08T07:21:54.517+0000: 2159.607: [GC [PSYoungGen: 240762K->1544K(235712K)] 641381K->402251K(922688K), 0.0048720 secs] [Times: user=0.03 sys=0.01, real=0.00 secs] 
2014-07-08T07:21:55.198+0000: 2160.288: [GC [PSYoungGen: 235608K->1392K(229952K)] 636315K->402163K(916928K), 0.0065280 secs] [Times: user=0.03 sys=0.00, real=0.00 secs] 
2014-07-08T07:21:56.025+0000: 2161.115: [GC [PSYoungGen: 229936K->740K(224000K)] 630707K->401591K(910976K), 0.0071620 secs] [Times: user=0.04 sys=0.01, real=0.01 secs] 
2014-07-08T07:21:56.852+0000: 2161.942: [GC [PSYoungGen: 223972K->1752K(219904K)] 624823K->402667K(906880K), 0.0049510 secs] [Times: user=0.03 sys=0.00, real=0.01 secs] 
2014-07-08T07:21:57.523+0000: 2162.613: [GC [PSYoungGen: 219847K->1032K(214208K)] 620762K->402011K(901184K), 0.0076910 secs] [Times: user=0.05 sys=0.00, real=0.01 secs] 
2014-07-08T07:21:58.024+0000: 2163.114: [GC [PSYoungGen: 214152K->858K(256640K)] 615131K->401893K(943616K), 0.0104620 secs] [Times: user=0.07 sys=0.00, real=0.01 secs] 
2014-07-08T07:21:58.888+0000: 2163.978: [GC [PSYoungGen: 256600K->758K(307712K)] 657635K->401857K(994688K), 0.0065320 secs] [Times: user=0.05 sys=0.00, real=0.00 secs] 
2014-07-08T07:21:59.803+0000: 2164.893: [GC [PSYoungGen: 307702K->886K(299520K)] 708801K->402049K(986496K), 0.0047810 secs] [Times: user=0.02 sys=0.00, real=0.01 secs] 
2014-07-08T07:22:00.865+0000: 2165.955: [GC [PSYoungGen: 299510K->1334K(291968K)] 700673K->402561K(978944K), 0.0094330 secs] [Times: user=0.06 sys=0.00, real=0.01 secs] 
2014-07-08T07:22:01.748+0000: 2166.838: [GC [PSYoungGen: 291958K->740K(283712K)] 693185K->402023K(970688K), 0.0054040 secs] [Times: user=0.02 sys=0.00, real=0.00 secs] 
2014-07-08T07:22:02.695+0000: 2167.786: [GC [PSYoungGen: 283652K->1560K(277184K)] 684935K->402907K(964160K), 0.0062350 secs] [Times: user=0.04 sys=0.01, real=0.01 secs] 
2014-07-08T07:22:03.593+0000: 2168.683: [GC [PSYoungGen: 277114K->1622K(270144K)] 678461K->403057K(957120K), 0.0045670 secs] [Times: user=0.03 sys=0.00, real=0.00 secs] 
2014-07-08T07:22:04.388+0000: 2169.478: [GC [PSYoungGen: 270102K->758K(262400K)] 671537K->402757K(949376K), 0.0080400 secs] [Times: user=0.06 sys=0.00, real=0.01 secs] 
2014-07-08T07:22:05.192+0000: 2170.282: [GC [PSYoungGen: 262325K->1847K(256960K)] 664325K->403871K(943936K), 0.0064740 secs] [Times: user=0.02 sys=0.00, real=0.01 secs] 
2014-07-08T07:22:06.068+0000: 2171.158: [GC [PSYoungGen: 256951K->904K(249728K)] 658975K->403329K(936704K), 0.0063800 secs] [Times: user=0.04 sys=0.00, real=0.01 secs] 
2014-07-08T07:22:06.920+0000: 2172.010: [GC [PSYoungGen: 249672K->822K(243520K)] 652097K->403319K(930496K), 0.0077420 secs] [Times: user=0.05 sys=0.00, real=0.01 secs] 
2014-07-08T07:22:07.690+0000: 2172.780: [GC [PSYoungGen: 243508K->822K(237696K)] 646006K->403383K(924672K), 0.0102060 secs] [Times: user=0.07 sys=0.01, real=0.01 secs] 
2014-07-08T07:22:08.415+0000: 2173.506: [GC [PSYoungGen: 237660K->1246K(285568K)] 640221K->403879K(972544K), 0.0119870 secs] [Times: user=0.08 sys=0.00, real=0.01 secs] 
2014-07-08T07:22:09.343+0000: 2174.434: [GC [PSYoungGen: 285534K->1708K(301184K)] 688167K->404406K(988160K), 0.0093820 secs] [Times: user=0.07 sys=0.01, real=0.01 secs] 
2014-07-08T07:22:10.307+0000: 2175.397: [GC [PSYoungGen: 300844K->1650K(301312K)] 703542K->404396K(988288K), 0.0138950 secs] [Times: user=0.09 sys=0.00, real=0.02 secs] 
2014-07-08T07:22:11.296+0000: 2176.386: [GC [PSYoungGen: 300786K->1498K(361216K)] 703532K->404316K(1048192K), 0.0077210 secs] [Times: user=0.05 sys=0.01, real=0.01 secs] 
2014-07-08T07:22:12.564+0000: 2177.654: [GC [PSYoungGen: 360474K->1194K(349760K)] 763292K->404068K(1036736K), 0.0097260 secs] [Times: user=0.06 sys=0.01, real=0.01 secs] 
2014-07-08T07:22:13.676+0000: 2178.766: [GC [PSYoungGen: 349738K->1074K(339648K)] 752612K->404248K(1026624K), 0.0047750 secs] [Times: user=0.02 sys=0.00, real=0.01 secs] 
2014-07-08T07:22:14.704+0000: 2179.794: [GC [PSYoungGen: 339634K->1116K(330112K)] 742808K->404394K(1017088K), 0.0078350 secs] [Times: user=0.05 sys=0.00, real=0.01 secs] 
2014-07-08T07:22:15.825+0000: 2180.915: [GC [PSYoungGen: 330044K->1502K(321280K)] 733321K->404860K(1008256K), 0.0072080 secs] [Times: user=0.03 sys=0.00, real=0.01 secs] 
2014-07-08T07:22:16.876+0000: 2181.966: [GC [PSYoungGen: 321246K->1040K(312000K)] 724604K->404453K(998976K), 0.0056930 secs] [Times: user=0.03 sys=0.00, real=0.01 secs] 
2014-07-08T07:22:17.862+0000: 2182.952: [GC [PSYoungGen: 311952K->936K(303424K)] 715365K->404421K(990400K), 0.0048340 secs] [Times: user=0.02 sys=0.00, real=0.00 secs] 
2014-07-08T07:22:18.763+0000: 2183.853: [GC [PSYoungGen: 303400K->854K(295232K)] 706885K->404419K(982208K), 0.0076970 secs] [Times: user=0.04 sys=0.00, real=0.01 secs] 
2014-07-08T07:22:19.749+0000: 2184.839: [GC [PSYoungGen: 295190K->1254K(287808K)] 698755K->404884K(974784K), 0.0074760 secs] [Times: user=0.05 sys=0.00, real=0.01 secs] 
2014-07-08T07:22:20.752+0000: 2185.842: [GC [PSYoungGen: 287782K->1845K(280896K)] 691412K->405538K(967872K), 0.0129480 secs] [Times: user=0.09 sys=0.01, real=0.01 secs] 
2014-07-08T07:22:21.663+0000: 2186.753: [GC [PSYoungGen: 280885K->868K(335744K)] 684578K->404947K(1022720K), 0.0181300 secs] [Times: user=0.09 sys=0.01, real=0.01 secs] 
2014-07-08T07:22:22.699+0000: 2187.789: [GC [PSYoungGen: 335716K->1039K(326528K)] 739795K->405190K(1013504K), 0.0041490 secs] [Times: user=0.02 sys=0.00, real=0.01 secs] 
2014-07-08T07:22:23.736+0000: 2188.826: [GC [PSYoungGen: 326479K->1160K(317632K)] 730630K->405524K(1004608K), 0.0061210 secs] [Times: user=0.02 sys=0.00, real=0.01 secs] 
2014-07-08T07:22:24.679+0000: 2189.769: [GC [PSYoungGen: 317576K->904K(308672K)] 721940K->405315K(995648K), 0.0061500 secs] [Times: user=0.04 sys=0.00, real=0.01 secs] 
2014-07-08T07:22:25.785+0000: 2190.876: [GC [PSYoungGen: 308616K->1386K(300800K)] 713027K->405862K(987776K), 0.0034490 secs] [Times: user=0.02 sys=0.00, real=0.00 secs] 
2014-07-08T07:22:26.682+0000: 2191.772: [GC [PSYoungGen: 300778K->772K(292224K)] 705254K->405319K(979200K), 0.0062100 secs] [Times: user=0.04 sys=0.00, real=0.00 secs] 
2014-07-08T07:22:27.712+0000: 2192.802: [GC [PSYoungGen: 292161K->1406K(285120K)] 696709K->406034K(972096K), 0.0080400 secs] [Times: user=0.05 sys=0.00, real=0.00 secs] 
2014-07-08T07:22:28.675+0000: 2193.765: [GC [PSYoungGen: 285118K->1216K(277568K)] 689746K->405924K(964544K), 0.0062460 secs] [Times: user=0.03 sys=0.00, real=0.00 secs] 
2014-07-08T07:22:29.486+0000: 2194.576: [GC [PSYoungGen: 277504K->1324K(270528K)] 682212K->406254K(957504K), 0.0124410 secs] [Times: user=0.08 sys=0.00, real=0.01 secs] 
2014-07-08T07:22:30.510+0000: 2195.600: [GC [PSYoungGen: 270508K->1452K(324544K)] 675438K->406462K(1011520K), 0.0152290 secs] [Times: user=0.09 sys=0.01, real=0.02 secs] 
2014-07-08T07:22:31.442+0000: 2196.532: [GC [PSYoungGen: 324524K->1082K(345600K)] 729534K->406468K(1032576K), 0.0099670 secs] [Times: user=0.05 sys=0.00, real=0.02 secs] 
2014-07-08T07:22:32.675+0000: 2197.766: [GC [PSYoungGen: 345594K->1374K(336128K)] 750980K->406848K(1023104K), 0.0046590 secs] [Times: user=0.03 sys=0.00, real=0.00 secs] 
2014-07-08T07:22:33.718+0000: 2198.809: [GC [PSYoungGen: 336051K->630K(325952K)] 741525K->406652K(1012928K), 0.0062370 secs] [Times: user=0.03 sys=0.00, real=0.01 secs] 
2014-07-08T07:22:34.764+0000: 2199.854: [GC [PSYoungGen: 325918K->1282K(317632K)] 731940K->407392K(1004608K), 0.0065070 secs] [Times: user=0.05 sys=0.01, real=0.00 secs] 
2014-07-08T07:22:35.798+0000: 2200.888: [GC [PSYoungGen: 317570K->904K(308544K)] 723680K->407244K(995520K), 0.0094000 secs] [Times: user=0.06 sys=0.00, real=0.01 secs] 
2014-07-08T07:22:36.748+0000: 2201.839: [GC [PSYoungGen: 308488K->826K(300096K)] 714828K->407206K(987072K), 0.0051950 secs] [Times: user=0.02 sys=0.00, real=0.01 secs] 
2014-07-08T07:22:37.751+0000: 2202.841: [GC [PSYoungGen: 300090K->840K(292160K)] 706470K->407284K(979136K), 0.0064900 secs] [Times: user=0.04 sys=0.00, real=0.01 secs] 
2014-07-08T07:22:38.683+0000: 2203.773: [GC [PSYoungGen: 292104K->946K(284544K)] 698548K->407446K(971520K), 0.0041480 secs] [Times: user=0.02 sys=0.00, real=0.00 secs] 
2014-07-08T07:22:39.608+0000: 2204.699: [GC [PSYoungGen: 284530K->1302K(277504K)] 691030K->407906K(964480K), 0.0037560 secs] [Times: user=0.02 sys=0.00, real=0.00 secs] 
2014-07-08T07:22:40.576+0000: 2205.666: [GC [PSYoungGen: 277462K->1438K(270528K)] 684066K->408138K(957504K), 0.0053720 secs] [Times: user=0.03 sys=0.00, real=0.00 secs] 
2014-07-08T07:22:41.389+0000: 2206.479: [GC [PSYoungGen: 270494K->940K(263168K)] 677194K->407856K(950144K), 0.0084750 secs] [Times: user=0.05 sys=0.00, real=0.01 secs] 
2014-07-08T07:22:42.233+0000: 2207.323: [GC [PSYoungGen: 263148K->1270K(256896K)] 670064K->408234K(943872K), 0.0048230 secs] [Times: user=0.02 sys=0.00, real=0.01 secs] 
2014-07-08T07:22:43.062+0000: 2208.152: [GC [PSYoungGen: 256886K->1060K(250368K)] 663850K->408104K(937344K), 0.0063500 secs] [Times: user=0.03 sys=0.00, real=0.01 secs] 
2014-07-08T07:22:43.864+0000: 2208.954: [GC [PSYoungGen: 250254K->1163K(244416K)] 657298K->408279K(931392K), 0.0071230 secs] [Times: user=0.05 sys=0.01, real=0.00 secs] 
2014-07-08T07:22:44.777+0000: 2209.867: [GC [PSYoungGen: 244331K->1186K(238528K)] 651447K->408750K(925504K), 0.0067590 secs] [Times: user=0.05 sys=0.00, real=0.00 secs] 
2014-07-08T07:22:45.628+0000: 2210.718: [GC [PSYoungGen: 238498K->1442K(233152K)] 646062K->409086K(920128K), 0.0084980 secs] [Times: user=0.06 sys=0.01, real=0.01 secs] 
2014-07-08T07:22:46.307+0000: 2211.397: [GC [PSYoungGen: 233122K->932K(227200K)] 640766K->408714K(914176K), 0.0108650 secs] [Times: user=0.05 sys=0.00, real=0.01 secs] 
2014-07-08T07:22:47.007+0000: 2212.097: [GC [PSYoungGen: 227172K->1526K(222528K)] 634954K->409364K(909504K), 0.0071520 secs] [Times: user=0.03 sys=0.00, real=0.00 secs] 
2014-07-08T07:22:47.818+0000: 2212.908: [GC [PSYoungGen: 222518K->954K(216896K)] 630356K->408856K(903872K), 0.0051770 secs] [Times: user=0.03 sys=0.00, real=0.00 secs] 
2014-07-08T07:22:48.602+0000: 2213.692: [GC [PSYoungGen: 216890K->1524K(212608K)] 624792K->409530K(899584K), 0.0089400 secs] [Times: user=0.07 sys=0.00, real=0.01 secs] 
2014-07-08T07:22:49.245+0000: 2214.335: [GC [PSYoungGen: 212596K->1082K(254400K)] 620602K->409152K(941376K), 0.0119010 secs] [Times: user=0.07 sys=0.00, real=0.02 secs] 
2014-07-08T07:22:50.149+0000: 2215.240: [GC [PSYoungGen: 254394K->972K(248064K)] 662464K->409114K(935040K), 0.0039030 secs] [Times: user=0.02 sys=0.00, real=0.00 secs] 
2014-07-08T07:22:50.900+0000: 2215.990: [GC [PSYoungGen: 248012K->886K(241920K)] 656154K->409124K(928896K), 0.0053190 secs] [Times: user=0.02 sys=0.01, real=0.01 secs] 
2014-07-08T07:22:51.724+0000: 2216.814: [GC [PSYoungGen: 241910K->1028K(236352K)] 650148K->409338K(923328K), 0.0066500 secs] [Times: user=0.05 sys=0.00, real=0.01 secs] 
2014-07-08T07:22:52.522+0000: 2217.612: [GC [PSYoungGen: 236290K->1777K(231488K)] 644600K->410337K(918464K), 0.0085410 secs] [Times: user=0.06 sys=0.00, real=0.01 secs] 
2014-07-08T07:22:53.160+0000: 2218.250: [GC [PSYoungGen: 231430K->1359K(225728K)] 639991K->409984K(912704K), 0.0043730 secs] [Times: user=0.02 sys=0.00, real=0.00 secs] 
2014-07-08T07:22:53.877+0000: 2218.967: [GC [PSYoungGen: 225679K->900K(220096K)] 634304K->409612K(907072K), 0.0060520 secs] [Times: user=0.02 sys=0.00, real=0.00 secs] 
2014-07-08T07:22:54.717+0000: 2219.807: [GC [PSYoungGen: 220009K->1538K(215744K)] 628722K->410330K(902720K), 0.0068260 secs] [Times: user=0.04 sys=0.00, real=0.00 secs] 
2014-07-08T07:22:55.376+0000: 2220.466: [GC [PSYoungGen: 215682K->1128K(258176K)] 624474K->409992K(945152K), 0.0182440 secs] [Times: user=0.13 sys=0.00, real=0.02 secs] 
2014-07-08T07:22:56.118+0000: 2221.208: [GC [PSYoungGen: 258152K->996K(309504K)] 667016K->409940K(996480K), 0.0039490 secs] [Times: user=0.02 sys=0.00, real=0.00 secs] 
2014-07-08T07:22:57.099+0000: 2222.189: [GC [PSYoungGen: 309476K->1072K(301184K)] 718420K->410072K(988160K), 0.0039570 secs] [Times: user=0.03 sys=0.00, real=0.00 secs] 
2014-07-08T07:22:58.135+0000: 2223.225: [GC [PSYoungGen: 301161K->850K(292928K)] 710161K->409930K(979904K), 0.0099960 secs] [Times: user=0.06 sys=0.00, real=0.01 secs] 
2014-07-08T07:22:59.076+0000: 2224.166: [GC [PSYoungGen: 292881K->1064K(285376K)] 701961K->410240K(972352K), 0.0061090 secs] [Times: user=0.03 sys=0.00, real=0.01 secs] 
2014-07-08T07:23:00.071+0000: 2225.161: [GC [PSYoungGen: 285352K->950K(277824K)] 694528K->410214K(964800K), 0.0095720 secs] [Times: user=0.07 sys=0.00, real=0.01 secs] 
2014-07-08T07:23:00.948+0000: 2226.039: [GC [PSYoungGen: 277814K->1104K(270848K)] 687078K->410448K(957824K), 0.0074680 secs] [Times: user=0.05 sys=0.00, real=0.00 secs] 
2014-07-08T07:23:01.797+0000: 2226.887: [GC [PSYoungGen: 270800K->758K(263616K)] 680144K->410150K(950592K), 0.0043000 secs] [Times: user=0.01 sys=0.01, real=0.00 secs] 
2014-07-08T07:23:02.765+0000: 2227.855: [GC [PSYoungGen: 263577K->1353K(257664K)] 672969K->410794K(944640K), 0.0057470 secs] [Times: user=0.03 sys=0.00, real=0.01 secs] 
2014-07-08T07:23:03.526+0000: 2228.616: [GC [PSYoungGen: 257607K->1388K(251328K)] 667048K->410885K(938304K), 0.0114260 secs] [Times: user=0.08 sys=0.00, real=0.02 secs] 
2014-07-08T07:23:04.215+0000: 2229.306: [GC [PSYoungGen: 251308K->808K(300736K)] 660805K->410474K(987712K), 0.0149970 secs] [Times: user=0.09 sys=0.00, real=0.02 secs] 
2014-07-08T07:23:05.285+0000: 2230.375: [GC [PSYoungGen: 300712K->1264K(319488K)] 710378K->411010K(1006464K), 0.0070840 secs] [Times: user=0.05 sys=0.00, real=0.01 secs] 
2014-07-08T07:23:06.255+0000: 2231.345: [GC [PSYoungGen: 318960K->1402K(361728K)] 728706K->411197K(1048704K), 0.0103230 secs] [Times: user=0.05 sys=0.00, real=0.01 secs] 
2014-07-08T07:23:07.537+0000: 2232.627: [GC [PSYoungGen: 361338K->1768K(361728K)] 771133K->411666K(1048704K), 0.0109910 secs] [Times: user=0.08 sys=0.00, real=0.02 secs] 
2014-07-08T07:23:08.680+0000: 2233.770: [GC [PSYoungGen: 361690K->1154K(350720K)] 771589K->411116K(1037696K), 0.0085000 secs] [Times: user=0.04 sys=0.00, real=0.01 secs] 
2014-07-08T07:23:09.814+0000: 2234.904: [GC [PSYoungGen: 350658K->1268K(340736K)] 760620K->411294K(1027712K), 0.0070550 secs] [Times: user=0.05 sys=0.01, real=0.01 secs] 
2014-07-08T07:23:10.889+0000: 2235.979: [GC [PSYoungGen: 340724K->940K(330816K)] 750750K->411030K(1017792K), 0.0057520 secs] [Times: user=0.04 sys=0.00, real=0.00 secs] 
2014-07-08T07:23:11.887+0000: 2236.977: [GC [PSYoungGen: 330796K->954K(321600K)] 740886K->411116K(1008576K), 0.0072850 secs] [Times: user=0.05 sys=0.00, real=0.01 secs] 
2014-07-08T07:23:12.976+0000: 2238.066: [GC [PSYoungGen: 321594K->1022K(312832K)] 731756K->411248K(999808K), 0.0035270 secs] [Times: user=0.01 sys=0.00, real=0.01 secs] 
2014-07-08T07:23:13.959+0000: 2239.049: [GC [PSYoungGen: 312830K->1154K(304512K)] 723056K->411452K(991488K), 0.0045750 secs] [Times: user=0.03 sys=0.00, real=0.01 secs] 
2014-07-08T07:23:15.072+0000: 2240.162: [GC [PSYoungGen: 304450K->1392K(296512K)] 714748K->411844K(983488K), 0.0097990 secs] [Times: user=0.07 sys=0.00, real=0.01 secs] 
2014-07-08T07:23:16.024+0000: 2241.114: [GC [PSYoungGen: 296496K->878K(288128K)] 706948K->411410K(975104K), 0.0061380 secs] [Times: user=0.04 sys=0.00, real=0.01 secs] 
2014-07-08T07:23:16.958+0000: 2242.048: [GC [PSYoungGen: 288110K->758K(280448K)] 698642K->411330K(967424K), 0.0046040 secs] [Times: user=0.03 sys=0.00, real=0.01 secs] 
2014-07-08T07:23:17.901+0000: 2242.992: [GC [PSYoungGen: 280435K->1000K(273472K)] 691008K->411676K(960448K), 0.0036080 secs] [Times: user=0.02 sys=0.00, real=0.00 secs] 
2014-07-08T07:23:18.821+0000: 2243.911: [GC [PSYoungGen: 273448K->1264K(266752K)] 684124K->412020K(953728K), 0.0105570 secs] [Times: user=0.07 sys=0.00, real=0.01 secs] 
2014-07-08T07:23:19.807+0000: 2244.897: [GC [PSYoungGen: 266725K->1536K(260352K)] 677482K->412389K(947328K), 0.0076470 secs] [Times: user=0.05 sys=0.00, real=0.01 secs] 
2014-07-08T07:23:20.704+0000: 2245.794: [GC [PSYoungGen: 260288K->744K(253056K)] 671141K->411898K(940032K), 0.0043470 secs] [Times: user=0.02 sys=0.00, real=0.00 secs] 
2014-07-08T07:23:21.528+0000: 2246.618: [GC [PSYoungGen: 253029K->1292K(247424K)] 664184K->412510K(934400K), 0.0097990 secs] [Times: user=0.05 sys=0.00, real=0.01 secs] 
2014-07-08T07:23:22.211+0000: 2247.302: [GC [PSYoungGen: 247372K->1388K(241536K)] 658590K->412737K(928512K), 0.0110790 secs] [Times: user=0.07 sys=0.00, real=0.01 secs] 
2014-07-08T07:23:23.061+0000: 2248.151: [GC [PSYoungGen: 241512K->1060K(235456K)] 652861K->412481K(922432K), 0.0084440 secs] [Times: user=0.06 sys=0.00, real=0.00 secs] 
2014-07-08T07:23:23.850+0000: 2248.940: [GC [PSYoungGen: 235428K->1260K(282560K)] 646849K->412864K(969536K), 0.0094320 secs] [Times: user=0.05 sys=0.00, real=0.00 secs] 
2014-07-08T07:23:24.898+0000: 2249.988: [GC [PSYoungGen: 282540K->1644K(339200K)] 694144K->413329K(1026176K), 0.0123220 secs] [Times: user=0.09 sys=0.00, real=0.02 secs] 
2014-07-08T07:23:25.979+0000: 2251.069: [GC [PSYoungGen: 339180K->808K(328832K)] 750865K->412630K(1015808K), 0.0086130 secs] [Times: user=0.06 sys=0.00, real=0.01 secs] 
2014-07-08T07:23:27.068+0000: 2252.158: [GC [PSYoungGen: 328775K->918K(319808K)] 740598K->412820K(1006784K), 0.0112830 secs] [Times: user=0.08 sys=0.00, real=0.01 secs] 
2014-07-08T07:23:28.136+0000: 2253.226: [GC [PSYoungGen: 319755K->1317K(311424K)] 731658K->413308K(998400K), 0.0066340 secs] [Times: user=0.04 sys=0.00, real=0.01 secs] 
2014-07-08T07:23:29.148+0000: 2254.238: [GC [PSYoungGen: 311397K->1032K(302720K)] 723388K->413094K(989696K), 0.0080160 secs] [Times: user=0.05 sys=0.00, real=0.01 secs] 
2014-07-08T07:23:30.081+0000: 2255.171: [GC [PSYoungGen: 302664K->1124K(294656K)] 714726K->413267K(981632K), 0.0066960 secs] [Times: user=0.05 sys=0.00, real=0.01 secs] 
2014-07-08T07:23:31.135+0000: 2256.225: [GC [PSYoungGen: 294628K->846K(286592K)] 706771K->413061K(973568K), 0.0079640 secs] [Times: user=0.04 sys=0.00, real=0.01 secs] 
2014-07-08T07:23:32.001+0000: 2257.091: [GC [PSYoungGen: 286542K->954K(279168K)] 698757K->413264K(966144K), 0.0043170 secs] [Times: user=0.02 sys=0.00, real=0.00 secs] 
2014-07-08T07:23:33.021+0000: 2258.111: [GC [PSYoungGen: 279162K->1186K(272256K)] 691472K->413585K(959232K), 0.0037040 secs] [Times: user=0.02 sys=0.00, real=0.01 secs] 
2014-07-08T07:23:33.848+0000: 2258.938: [GC [PSYoungGen: 272226K->1018K(265152K)] 684625K->413504K(952128K), 0.0031870 secs] [Times: user=0.02 sys=0.00, real=0.00 secs] 
2014-07-08T07:23:34.738+0000: 2259.829: [GC [PSYoungGen: 265146K->950K(258432K)] 677632K->413524K(945408K), 0.0057240 secs] [Times: user=0.03 sys=0.01, real=0.01 secs] 
2014-07-08T07:23:35.582+0000: 2260.673: [GC [PSYoungGen: 258412K->1380K(252480K)] 670987K->414085K(939456K), 0.0090200 secs] [Times: user=0.06 sys=0.01, real=0.00 secs] 
2014-07-08T07:23:36.294+0000: 2261.384: [GC [PSYoungGen: 252452K->1392K(246336K)] 665157K->414185K(933312K), 0.0080520 secs] [Times: user=0.06 sys=0.00, real=0.00 secs] 
2014-07-08T07:23:37.056+0000: 2262.146: [GC [PSYoungGen: 246320K->804K(239808K)] 659113K->413815K(926784K), 0.0084870 secs] [Times: user=0.05 sys=0.00, real=0.01 secs] 
2014-07-08T07:23:37.911+0000: 2263.002: [GC [PSYoungGen: 239780K->1486K(234816K)] 652791K->414569K(921792K), 0.0074270 secs] [Times: user=0.04 sys=0.01, real=0.01 secs] 
2014-07-08T07:23:38.673+0000: 2263.763: [GC [PSYoungGen: 234766K->1257K(229056K)] 647849K->414476K(916032K), 0.0064320 secs] [Times: user=0.05 sys=0.00, real=0.00 secs] 
2014-07-08T07:23:39.367+0000: 2264.457: [GC [PSYoungGen: 228995K->1508K(224000K)] 642214K->414815K(910976K), 0.0047530 secs] [Times: user=0.03 sys=0.00, real=0.01 secs] 
2014-07-08T07:23:40.167+0000: 2265.257: [GC [PSYoungGen: 223943K->944K(218304K)] 637250K->414527K(905280K), 0.0037810 secs] [Times: user=0.02 sys=0.00, real=0.00 secs] 
2014-07-08T07:23:40.874+0000: 2265.964: [GC [PSYoungGen: 218288K->790K(213248K)] 631871K->414487K(900224K), 0.0082900 secs] [Times: user=0.05 sys=0.00, real=0.00 secs] 
2014-07-08T07:23:41.598+0000: 2266.688: [GC [PSYoungGen: 213188K->1567K(209280K)] 626885K->415460K(896256K), 0.0093770 secs] [Times: user=0.06 sys=0.00, real=0.01 secs] 
2014-07-08T07:23:42.142+0000: 2267.233: [GC [PSYoungGen: 209247K->992K(250240K)] 623140K->414941K(937216K), 0.0080310 secs] [Times: user=0.06 sys=0.00, real=0.01 secs] 
2014-07-08T07:23:43.064+0000: 2268.154: [GC [PSYoungGen: 250208K->1270K(244416K)] 664157K->415487K(931392K), 0.0064720 secs] [Times: user=0.05 sys=0.00, real=0.00 secs] 
2014-07-08T07:23:43.832+0000: 2268.922: [GC [PSYoungGen: 244406K->1128K(238400K)] 658623K->415425K(925376K), 0.0074800 secs] [Times: user=0.04 sys=0.01, real=0.01 secs] 
2014-07-08T07:23:44.722+0000: 2269.812: [GC [PSYoungGen: 238376K->1324K(232960K)] 652673K->415725K(919936K), 0.0042410 secs] [Times: user=0.02 sys=0.00, real=0.01 secs] 
2014-07-08T07:23:45.314+0000: 2270.404: [GC [PSYoungGen: 232940K->1056K(279040K)] 647341K->415505K(966016K), 0.0138280 secs] [Times: user=0.09 sys=0.00, real=0.01 secs] 
2014-07-08T07:23:46.289+0000: 2271.379: [GC [PSYoungGen: 279008K->1340K(334912K)] 693457K->416082K(1021888K), 0.0089750 secs] [Times: user=0.05 sys=0.00, real=0.01 secs] 
2014-07-08T07:23:47.465+0000: 2272.555: [GC [PSYoungGen: 334908K->1586K(325760K)] 749650K->416367K(1012736K), 0.0054900 secs] [Times: user=0.02 sys=0.01, real=0.00 secs] 
2014-07-08T07:23:48.653+0000: 2273.743: [GC [PSYoungGen: 325746K->936K(316096K)] 740527K->416009K(1003072K), 0.0062850 secs] [Times: user=0.04 sys=0.00, real=0.01 secs] 
2014-07-08T07:23:49.680+0000: 2274.771: [GC [PSYoungGen: 316072K->986K(307520K)] 731145K->416123K(994496K), 0.0089080 secs] [Times: user=0.06 sys=0.00, real=0.01 secs] 
2014-07-08T07:23:50.771+0000: 2275.862: [GC [PSYoungGen: 307482K->1102K(299328K)] 722619K->416369K(986304K), 0.0074690 secs] [Times: user=0.03 sys=0.00, real=0.01 secs] 
2014-07-08T07:23:51.721+0000: 2276.811: [GC [PSYoungGen: 299278K->1064K(291328K)] 714545K->416379K(978304K), 0.0039890 secs] [Times: user=0.02 sys=0.00, real=0.01 secs] 
2014-07-08T07:23:52.687+0000: 2277.777: [GC [PSYoungGen: 291272K->1418K(284032K)] 706587K->416821K(971008K), 0.0069740 secs] [Times: user=0.05 sys=0.01, real=0.01 secs] 
2014-07-08T07:23:53.605+0000: 2278.695: [GC [PSYoungGen: 283970K->1060K(276288K)] 699373K->416527K(963264K), 0.0035430 secs] [Times: user=0.02 sys=0.00, real=0.01 secs] 
2014-07-08T07:23:54.426+0000: 2279.516: [GC [PSYoungGen: 276260K->1196K(269312K)] 691727K->416687K(956288K), 0.0059850 secs] [Times: user=0.01 sys=0.01, real=0.00 secs] 
2014-07-08T07:23:55.285+0000: 2280.375: [GC [PSYoungGen: 269258K->1042K(262400K)] 684750K->416637K(949376K), 0.0077150 secs] [Times: user=0.05 sys=0.01, real=0.01 secs] 
2014-07-08T07:23:56.192+0000: 2281.282: [GC [PSYoungGen: 262354K->1338K(256128K)] 677949K->417005K(943104K), 0.0113890 secs] [Times: user=0.08 sys=0.00, real=0.01 secs] 
2014-07-08T07:23:57.001+0000: 2282.091: [GC [PSYoungGen: 256122K->974K(249536K)] 671789K->416705K(936512K), 0.0120960 secs] [Times: user=0.08 sys=0.00, real=0.01 secs] 
2014-07-08T07:23:57.817+0000: 2282.907: [GC [PSYoungGen: 249486K->868K(243328K)] 665217K->416719K(930304K), 0.0036240 secs] [Times: user=0.02 sys=0.00, real=0.00 secs] 
2014-07-08T07:23:58.722+0000: 2283.812: [GC [PSYoungGen: 243300K->1398K(238016K)] 659151K->417313K(924992K), 0.0065180 secs] [Times: user=0.04 sys=0.00, real=0.01 secs] 
2014-07-08T07:23:59.495+0000: 2284.585: [GC [PSYoungGen: 238006K->1096K(232128K)] 653921K->417051K(919104K), 0.0091820 secs] [Times: user=0.05 sys=0.00, real=0.00 secs] 
2014-07-08T07:24:00.182+0000: 2285.272: [GC [PSYoungGen: 232072K->818K(226368K)] 648027K->416861K(913344K), 0.0039570 secs] [Times: user=0.03 sys=0.00, real=0.01 secs] 
2014-07-08T07:24:01.026+0000: 2286.116: [GC [PSYoungGen: 226339K->978K(221312K)] 642382K->417069K(908288K), 0.0100070 secs] [Times: user=0.06 sys=0.00, real=0.01 secs] 
2014-07-08T07:24:01.800+0000: 2286.890: [GC [PSYoungGen: 221264K->1121K(216384K)] 637355K->417284K(903360K), 0.0046930 secs] [Times: user=0.02 sys=0.01, real=0.00 secs] 
2014-07-08T07:24:02.517+0000: 2287.607: [GC [PSYoungGen: 216353K->1238K(259584K)] 632516K->417449K(946560K), 0.0137170 secs] [Times: user=0.08 sys=0.01, real=0.01 secs] 
2014-07-08T07:24:03.345+0000: 2288.436: [GC [PSYoungGen: 259500K->1498K(311552K)] 675712K->417757K(998528K), 0.0162000 secs] [Times: user=0.08 sys=0.00, real=0.02 secs] 
2014-07-08T07:24:04.318+0000: 2289.409: [GC [PSYoungGen: 311514K->572K(372608K)] 727773K->417543K(1059584K), 0.0078580 secs] [Times: user=0.05 sys=0.00, real=0.01 secs] 
2014-07-08T07:24:05.597+0000: 2290.687: [GC [PSYoungGen: 372604K->1724K(362816K)] 789575K->418767K(1049792K), 0.0060250 secs] [Times: user=0.04 sys=0.00, real=0.00 secs] 
2014-07-08T07:24:06.822+0000: 2291.912: [GC [PSYoungGen: 362812K->1100K(351744K)] 779855K->418577K(1038720K), 0.0047080 secs] [Times: user=0.03 sys=0.00, real=0.00 secs] 
2014-07-08T07:24:07.954+0000: 2293.044: [GC [PSYoungGen: 351692K->1074K(341632K)] 769169K->418639K(1028608K), 0.0114800 secs] [Times: user=0.08 sys=0.01, real=0.01 secs] 
2014-07-08T07:24:09.099+0000: 2294.189: [GC [PSYoungGen: 341618K->1042K(331968K)] 759183K->418663K(1018944K), 0.0092830 secs] [Times: user=0.06 sys=0.00, real=0.01 secs] 
2014-07-08T07:24:10.187+0000: 2295.277: [GC [PSYoungGen: 331922K->804K(322432K)] 749543K->418489K(1009408K), 0.0083100 secs] [Times: user=0.06 sys=0.00, real=0.00 secs] 
2014-07-08T07:24:11.197+0000: 2296.287: [GC [PSYoungGen: 322404K->1132K(313856K)] 740089K->418881K(1000832K), 0.0102240 secs] [Times: user=0.06 sys=0.01, real=0.01 secs] 
2014-07-08T07:24:12.316+0000: 2297.406: [GC [PSYoungGen: 313818K->1228K(305472K)] 731568K->419033K(992448K), 0.0047420 secs] [Times: user=0.02 sys=0.01, real=0.01 secs] 
2014-07-08T07:24:13.264+0000: 2298.354: [GC [PSYoungGen: 305410K->1086K(297088K)] 723216K->419013K(984064K), 0.0055160 secs] [Times: user=0.04 sys=0.00, real=0.01 secs] 
2014-07-08T07:24:14.283+0000: 2299.373: [GC [PSYoungGen: 297086K->1199K(289344K)] 715013K->419190K(976320K), 0.0056310 secs] [Times: user=0.02 sys=0.01, real=0.01 secs] 
2014-07-08T07:24:15.204+0000: 2300.294: [GC [PSYoungGen: 289327K->1078K(281664K)] 707318K->419181K(968640K), 0.0066910 secs] [Times: user=0.04 sys=0.00, real=0.01 secs] 
2014-07-08T07:24:16.128+0000: 2301.218: [GC [PSYoungGen: 281611K->918K(274240K)] 699714K->419069K(961216K), 0.0043360 secs] [Times: user=0.03 sys=0.00, real=0.01 secs] 
2014-07-08T07:24:17.161+0000: 2302.251: [GC [PSYoungGen: 274162K->1174K(267520K)] 692314K->419406K(954496K), 0.0077090 secs] [Times: user=0.05 sys=0.00, real=0.01 secs] 
2014-07-08T07:24:18.049+0000: 2303.140: [GC [PSYoungGen: 267478K->854K(260480K)] 685710K->419149K(947456K), 0.0082740 secs] [Times: user=0.05 sys=0.01, real=0.00 secs] 
2014-07-08T07:24:18.926+0000: 2304.016: [GC [PSYoungGen: 260438K->854K(254016K)] 678733K->419205K(940992K), 0.0107990 secs] [Times: user=0.06 sys=0.00, real=0.01 secs] 
2014-07-08T07:24:19.792+0000: 2304.882: [GC [PSYoungGen: 253974K->1160K(248128K)] 672325K->419576K(935104K), 0.0097600 secs] [Times: user=0.06 sys=0.00, real=0.01 secs] 
2014-07-08T07:24:20.601+0000: 2305.691: [GC [PSYoungGen: 248072K->1142K(242048K)] 666488K->419637K(929024K), 0.0053980 secs] [Times: user=0.02 sys=0.00, real=0.00 secs] 
2014-07-08T07:24:21.256+0000: 2306.346: [GC [PSYoungGen: 242038K->1282K(236480K)] 660533K->419833K(923456K), 0.0040060 secs] [Times: user=0.02 sys=0.01, real=0.01 secs] 
2014-07-08T07:24:22.088+0000: 2307.178: [GC [PSYoungGen: 236418K->744K(230336K)] 654969K->419603K(917312K), 0.0082030 secs] [Times: user=0.06 sys=0.00, real=0.01 secs] 
2014-07-08T07:24:22.820+0000: 2307.910: [GC [PSYoungGen: 230312K->946K(225152K)] 649171K->419878K(912128K), 0.0035100 secs] [Times: user=0.02 sys=0.01, real=0.00 secs] 
2014-07-08T07:24:23.652+0000: 2308.742: [GC [PSYoungGen: 225090K->1380K(220416K)] 644022K->420472K(907392K), 0.0123420 secs] [Times: user=0.08 sys=0.00, real=0.01 secs] 
2014-07-08T07:24:24.289+0000: 2309.379: [GC [PSYoungGen: 220388K->1342K(215360K)] 639480K->420546K(902336K), 0.0065380 secs] [Times: user=0.05 sys=0.00, real=0.00 secs] 
2014-07-08T07:24:24.937+0000: 2310.028: [GC [PSYoungGen: 215358K->633K(209856K)] 634562K->420393K(896832K), 0.0045330 secs] [Times: user=0.02 sys=0.00, real=0.01 secs] 
2014-07-08T07:24:25.692+0000: 2310.782: [GC [PSYoungGen: 209847K->1188K(205760K)] 629608K->420996K(892736K), 0.0044070 secs] [Times: user=0.01 sys=0.00, real=0.00 secs] 
2014-07-08T07:24:26.285+0000: 2311.375: [GC [PSYoungGen: 205732K->1462K(201536K)] 625540K->421448K(888512K), 0.0038710 secs] [Times: user=0.02 sys=0.00, real=0.00 secs] 
2014-07-08T07:24:26.997+0000: 2312.087: [GC [PSYoungGen: 201526K->968K(196736K)] 621512K->421018K(883712K), 0.0107930 secs] [Times: user=0.06 sys=0.01, real=0.01 secs] 
2014-07-08T07:24:27.675+0000: 2312.765: [GC [PSYoungGen: 196680K->872K(192448K)] 616730K->421156K(879424K), 0.0045170 secs] [Times: user=0.02 sys=0.00, real=0.00 secs] 
2014-07-08T07:24:28.210+0000: 2313.300: [GC [PSYoungGen: 192424K->1290K(231232K)] 612708K->421622K(918208K), 0.0081460 secs] [Times: user=0.04 sys=0.00, real=0.00 secs] 
2014-07-08T07:24:29.007+0000: 2314.097: [GC [PSYoungGen: 231160K->1142K(225664K)] 651492K->421752K(912640K), 0.0059300 secs] [Times: user=0.04 sys=0.00, real=0.01 secs] 
2014-07-08T07:24:29.782+0000: 2314.872: [GC [PSYoungGen: 225654K->736K(220096K)] 646264K->421418K(907072K), 0.0048220 secs] [Times: user=0.02 sys=0.00, real=0.00 secs] 
2014-07-08T07:24:30.459+0000: 2315.549: [GC [PSYoungGen: 220064K->1448K(215808K)] 640746K->422194K(902784K), 0.0072320 secs] [Times: user=0.05 sys=0.00, real=0.01 secs] 
2014-07-08T07:24:31.124+0000: 2316.214: [GC [PSYoungGen: 215784K->1334K(210816K)] 636530K->422144K(897792K), 0.0047530 secs] [Times: user=0.02 sys=0.01, real=0.00 secs] 
2014-07-08T07:24:31.934+0000: 2317.024: [GC [PSYoungGen: 210806K->822K(252224K)] 631616K->422176K(939200K), 0.0173520 secs] [Times: user=0.12 sys=0.01, real=0.02 secs] 
2014-07-08T07:24:32.701+0000: 2317.791: [GC [PSYoungGen: 252214K->1336K(303040K)] 673568K->422738K(990016K), 0.0118590 secs] [Times: user=0.07 sys=0.00, real=0.02 secs] 
2014-07-08T07:24:33.718+0000: 2318.809: [GC [PSYoungGen: 303032K->1452K(363520K)] 724434K->423202K(1050496K), 0.0046970 secs] [Times: user=0.03 sys=0.00, real=0.01 secs] 
2014-07-08T07:24:34.826+0000: 2319.916: [GC [PSYoungGen: 363500K->1100K(352640K)] 785250K->422930K(1039616K), 0.0040220 secs] [Times: user=0.02 sys=0.00, real=0.00 secs] 
2014-07-08T07:24:35.899+0000: 2320.989: [GC [PSYoungGen: 352588K->1036K(342464K)] 774418K->422898K(1029440K), 0.0075380 secs] [Times: user=0.03 sys=0.00, real=0.01 secs] 
2014-07-08T07:24:37.043+0000: 2322.133: [GC [PSYoungGen: 342412K->950K(332672K)] 764274K->422908K(1019648K), 0.0072030 secs] [Times: user=0.05 sys=0.00, real=0.00 secs] 
2014-07-08T07:24:38.116+0000: 2323.206: [GC [PSYoungGen: 332662K->936K(323392K)] 754620K->422966K(1010368K), 0.0057290 secs] [Times: user=0.03 sys=0.00, real=0.01 secs] 
2014-07-08T07:24:39.226+0000: 2324.316: [GC [PSYoungGen: 323348K->1071K(314624K)] 745378K->423189K(1001600K), 0.0080930 secs] [Times: user=0.05 sys=0.00, real=0.01 secs] 
2014-07-08T07:24:40.209+0000: 2325.299: [GC [PSYoungGen: 314607K->1064K(306048K)] 736725K->423270K(993024K), 0.0039450 secs] [Times: user=0.02 sys=0.00, real=0.01 secs] 
2014-07-08T07:24:41.326+0000: 2326.416: [GC [PSYoungGen: 306024K->996K(297728K)] 728230K->423266K(984704K), 0.0051290 secs] [Times: user=0.02 sys=0.00, real=0.00 secs] 
2014-07-08T07:24:42.284+0000: 2327.374: [GC [PSYoungGen: 297700K->1068K(289856K)] 719970K->423386K(976832K), 0.0104800 secs] [Times: user=0.07 sys=0.00, real=0.01 secs] 
2014-07-08T07:24:43.138+0000: 2328.229: [GC [PSYoungGen: 289829K->1136K(282304K)] 712147K->423534K(969280K), 0.0098020 secs] [Times: user=0.07 sys=0.00, real=0.01 secs] 
2014-07-08T07:24:44.113+0000: 2329.203: [GC [PSYoungGen: 282261K->940K(274816K)] 704660K->423386K(961792K), 0.0037170 secs] [Times: user=0.02 sys=0.00, real=0.00 secs] 
2014-07-08T07:24:44.965+0000: 2330.055: [GC [PSYoungGen: 274796K->790K(267648K)] 697242K->423308K(954624K), 0.0066320 secs] [Times: user=0.04 sys=0.00, real=0.00 secs] 
2014-07-08T07:24:45.864+0000: 2330.954: [GC [PSYoungGen: 267606K->1272K(261312K)] 690124K->423847K(948288K), 0.0110960 secs] [Times: user=0.07 sys=0.01, real=0.01 secs] 
2014-07-08T07:24:46.827+0000: 2331.917: [GC [PSYoungGen: 261277K->1655K(255168K)] 683851K->424378K(942144K), 0.0041610 secs] [Times: user=0.02 sys=0.00, real=0.00 secs] 
2014-07-08T07:24:47.681+0000: 2332.771: [GC [PSYoungGen: 255147K->420K(247680K)] 677871K->423689K(934656K), 0.0036480 secs] [Times: user=0.02 sys=0.00, real=0.01 secs] 
2014-07-08T07:24:48.391+0000: 2333.481: [GC [PSYoungGen: 247652K->1516K(242752K)] 670921K->424842K(929728K), 0.0092720 secs] [Times: user=0.06 sys=0.00, real=0.01 secs] 
2014-07-08T07:24:49.209+0000: 2334.299: [GC [PSYoungGen: 242732K->1050K(236480K)] 666058K->424661K(923456K), 0.0067600 secs] [Times: user=0.05 sys=0.00, real=0.01 secs] 
2014-07-08T07:24:49.995+0000: 2335.085: [GC [PSYoungGen: 236442K->772K(230656K)] 660053K->424423K(917632K), 0.0064190 secs] [Times: user=0.03 sys=0.00, real=0.00 secs] 
2014-07-08T07:24:50.748+0000: 2335.838: [GC [PSYoungGen: 230551K->1285K(225792K)] 654203K->425001K(912768K), 0.0053650 secs] [Times: user=0.03 sys=0.00, real=0.01 secs] 
2014-07-08T07:24:51.503+0000: 2336.594: [GC [PSYoungGen: 225733K->1416K(220736K)] 649449K->425195K(907712K), 0.0051300 secs] [Times: user=0.02 sys=0.00, real=0.00 secs] 
2014-07-08T07:24:52.200+0000: 2337.290: [GC [PSYoungGen: 220663K->928K(215232K)] 644443K->424780K(902208K), 0.0038890 secs] [Times: user=0.02 sys=0.00, real=0.01 secs] 
2014-07-08T07:24:52.895+0000: 2337.986: [GC [PSYoungGen: 215189K->1049K(210560K)] 639041K->424949K(897536K), 0.0041190 secs] [Times: user=0.02 sys=0.00, real=0.00 secs] 
2014-07-08T07:24:53.623+0000: 2338.713: [GC [PSYoungGen: 210521K->1338K(206144K)] 634421K->425285K(893120K), 0.0090400 secs] [Times: user=0.06 sys=0.00, real=0.01 secs] 
2014-07-08T07:24:54.247+0000: 2339.338: [GC [PSYoungGen: 206138K->1188K(201536K)] 630085K->425200K(888512K), 0.0093990 secs] [Times: user=0.05 sys=0.00, real=0.01 secs] 
2014-07-08T07:24:54.877+0000: 2339.967: [GC [PSYoungGen: 201482K->872K(241280K)] 625494K->424947K(928256K), 0.0100250 secs] [Times: user=0.05 sys=0.00, real=0.01 secs] 
2014-07-08T07:24:55.726+0000: 2340.816: [GC [PSYoungGen: 241256K->1672K(290240K)] 665331K->425828K(977216K), 0.0088130 secs] [Times: user=0.06 sys=0.00, real=0.01 secs] 
2014-07-08T07:24:56.656+0000: 2341.746: [GC [PSYoungGen: 290184K->890K(347136K)] 714340K->425409K(1034112K), 0.0102110 secs] [Times: user=0.07 sys=0.00, real=0.01 secs] 
2014-07-08T07:24:57.780+0000: 2342.870: [GC [PSYoungGen: 347097K->1402K(337728K)] 771617K->425986K(1024704K), 0.0036170 secs] [Times: user=0.01 sys=0.00, real=0.01 secs] 
2014-07-08T07:24:58.792+0000: 2343.882: [GC [PSYoungGen: 337722K->626K(355392K)] 762306K->425455K(1042368K), 0.0198880 secs] [Times: user=0.12 sys=0.00, real=0.02 secs] 
2014-07-08T07:24:59.943+0000: 2345.033: [GC [PSYoungGen: 354546K->892K(344640K)] 779375K->425786K(1031616K), 0.0039100 secs] [Times: user=0.02 sys=0.00, real=0.01 secs] 
2014-07-08T07:25:00.968+0000: 2346.058: [GC [PSYoungGen: 344636K->744K(334720K)] 769530K->425669K(1021696K), 0.0111680 secs] [Times: user=0.06 sys=0.00, real=0.01 secs] 
2014-07-08T07:25:02.070+0000: 2347.160: [GC [PSYoungGen: 334696K->950K(325504K)] 759621K->425947K(1012480K), 0.0056310 secs] [Times: user=0.04 sys=0.01, real=0.01 secs] 
2014-07-08T07:25:03.053+0000: 2348.143: [GC [PSYoungGen: 325480K->840K(316416K)] 750478K->425885K(1003392K), 0.0040920 secs] [Times: user=0.02 sys=0.00, real=0.01 secs] 
2014-07-08T07:25:04.197+0000: 2349.287: [GC [PSYoungGen: 316330K->1732K(308672K)] 741376K->426866K(995648K), 0.0058630 secs] [Times: user=0.03 sys=0.01, real=0.00 secs] 
2014-07-08T07:25:05.153+0000: 2350.243: [GC [PSYoungGen: 308580K->954K(299520K)] 733714K->426193K(986496K), 0.0102050 secs] [Times: user=0.05 sys=0.00, real=0.01 secs] 
2014-07-08T07:25:06.232+0000: 2351.322: [GC [PSYoungGen: 299514K->1192K(291776K)] 724753K->426528K(978752K), 0.0035710 secs] [Times: user=0.02 sys=0.00, real=0.00 secs] 
2014-07-08T07:25:07.169+0000: 2352.259: [GC [PSYoungGen: 291740K->886K(283776K)] 717076K->426309K(970752K), 0.0037220 secs] [Times: user=0.02 sys=0.00, real=0.00 secs] 
2014-07-08T07:25:08.141+0000: 2353.231: [GC [PSYoungGen: 283742K->1545K(277120K)] 709165K->427024K(964096K), 0.0058410 secs] [Times: user=0.03 sys=0.00, real=0.01 secs] 
2014-07-08T07:25:09.030+0000: 2354.121: [GC [PSYoungGen: 277061K->1228K(269696K)] 702541K->426779K(956672K), 0.0058850 secs] [Times: user=0.03 sys=0.00, real=0.01 secs] 
2014-07-08T07:25:09.920+0000: 2355.010: [GC [PSYoungGen: 269587K->1217K(262912K)] 695139K->426873K(949888K), 0.0057730 secs] [Times: user=0.04 sys=0.00, real=0.01 secs] 
2014-07-08T07:25:10.833+0000: 2355.924: [GC [PSYoungGen: 262849K->1252K(256384K)] 688505K->427012K(943360K), 0.0084150 secs] [Times: user=0.06 sys=0.00, real=0.01 secs] 
2014-07-08T07:25:11.766+0000: 2356.856: [GC [PSYoungGen: 256356K->1086K(249856K)] 682116K->426909K(936832K), 0.0091790 secs] [Times: user=0.06 sys=0.00, real=0.00 secs] 
2014-07-08T07:25:12.572+0000: 2357.662: [GC [PSYoungGen: 249854K->1256K(243968K)] 675677K->427178K(930944K), 0.0085800 secs] [Times: user=0.06 sys=0.00, real=0.01 secs] 
2014-07-08T07:25:13.337+0000: 2358.427: [GC [PSYoungGen: 243943K->1572K(238464K)] 669864K->427526K(925440K), 0.0072380 secs] [Times: user=0.03 sys=0.00, real=0.01 secs] 
2014-07-08T07:25:14.113+0000: 2359.203: [GC [PSYoungGen: 238436K->754K(232000K)] 664390K->426959K(918976K), 0.0076080 secs] [Times: user=0.05 sys=0.00, real=0.01 secs] 
2014-07-08T07:25:14.984+0000: 2360.074: [GC [PSYoungGen: 231986K->1370K(278912K)] 658191K->427648K(965888K), 0.0146710 secs] [Times: user=0.08 sys=0.00, real=0.02 secs] 
2014-07-08T07:25:15.972+0000: 2361.062: [GC [PSYoungGen: 278874K->1573K(271936K)] 705152K->428157K(958912K), 0.0075860 secs] [Times: user=0.05 sys=0.00, real=0.01 secs] 
2014-07-08T07:25:16.829+0000: 2361.919: [GC [PSYoungGen: 271909K->658K(264128K)] 698493K->427282K(951104K), 0.0086480 secs] [Times: user=0.05 sys=0.00, real=0.01 secs] 
2014-07-08T07:25:17.673+0000: 2362.763: [GC [PSYoungGen: 264082K->1086K(257856K)] 690706K->427798K(944832K), 0.0051840 secs] [Times: user=0.02 sys=0.00, real=0.01 secs] 
2014-07-08T07:25:18.442+0000: 2363.533: [GC [PSYoungGen: 257854K->1480K(251904K)] 684566K->428272K(938880K), 0.0089050 secs] [Times: user=0.06 sys=0.00, real=0.01 secs] 
2014-07-08T07:25:19.198+0000: 2364.288: [GC [PSYoungGen: 251809K->908K(245184K)] 678601K->427756K(932160K), 0.0087810 secs] [Times: user=0.06 sys=0.00, real=0.00 secs] 
2014-07-08T07:25:20.016+0000: 2365.106: [GC [PSYoungGen: 245124K->940K(239296K)] 671972K->427844K(926272K), 0.0059580 secs] [Times: user=0.04 sys=0.00, real=0.01 secs] 
2014-07-08T07:25:20.878+0000: 2365.968: [GC [PSYoungGen: 239274K->1146K(233792K)] 666178K->428114K(920768K), 0.0087070 secs] [Times: user=0.05 sys=0.01, real=0.00 secs] 
2014-07-08T07:25:21.664+0000: 2366.755: [GC [PSYoungGen: 233786K->1092K(228288K)] 660754K->428140K(915264K), 0.0040680 secs] [Times: user=0.03 sys=0.00, real=0.01 secs] 
2014-07-08T07:25:22.257+0000: 2367.348: [GC [PSYoungGen: 228228K->1164K(223040K)] 655276K->428268K(910016K), 0.0059910 secs] [Times: user=0.03 sys=0.00, real=0.01 secs] 
2014-07-08T07:25:23.033+0000: 2368.123: [GC [PSYoungGen: 222988K->808K(217536K)] 650092K->427976K(904512K), 0.0040690 secs] [Times: user=0.02 sys=0.00, real=0.00 secs] 
2014-07-08T07:25:23.748+0000: 2368.838: [GC [PSYoungGen: 217512K->1004K(212800K)] 644680K->428268K(899776K), 0.0075040 secs] [Times: user=0.05 sys=0.01, real=0.01 secs] 
2014-07-08T07:25:24.361+0000: 2369.451: [GC [PSYoungGen: 212775K->1520K(208576K)] 640039K->428872K(895552K), 0.0076330 secs] [Times: user=0.04 sys=0.00, real=0.01 secs] 
2014-07-08T07:25:25.038+0000: 2370.128: [GC [PSYoungGen: 208560K->954K(249408K)] 635912K->428386K(936384K), 0.0159780 secs] [Times: user=0.10 sys=0.01, real=0.02 secs] 
2014-07-08T07:25:25.899+0000: 2370.989: [GC [PSYoungGen: 249399K->1394K(299584K)] 676831K->428898K(986560K), 0.0072910 secs] [Times: user=0.05 sys=0.00, real=0.01 secs] 
2014-07-08T07:25:26.863+0000: 2371.953: [GC [PSYoungGen: 299570K->996K(291264K)] 727074K->428548K(978240K), 0.0046250 secs] [Times: user=0.03 sys=0.00, real=0.00 secs] 
2014-07-08T07:25:27.748+0000: 2372.839: [GC [PSYoungGen: 291236K->922K(333568K)] 718788K->428530K(1020544K), 0.0104150 secs] [Times: user=0.06 sys=0.00, real=0.01 secs] 
2014-07-08T07:25:28.832+0000: 2373.922: [GC [PSYoungGen: 332698K->1390K(323904K)] 760306K->429062K(1010880K), 0.0036870 secs] [Times: user=0.03 sys=0.00, real=0.00 secs] 
2014-07-08T07:25:29.892+0000: 2374.982: [GC [PSYoungGen: 323884K->1430K(315008K)] 751556K->429183K(1001984K), 0.0069120 secs] [Times: user=0.04 sys=0.00, real=0.00 secs] 
2014-07-08T07:25:30.913+0000: 2376.003: [GC [PSYoungGen: 314966K->748K(305728K)] 742719K->428856K(992704K), 0.0063900 secs] [Times: user=0.04 sys=0.00, real=0.01 secs] 
2014-07-08T07:25:31.880+0000: 2376.970: [GC [PSYoungGen: 305708K->1320K(298048K)] 733816K->429524K(985024K), 0.0080780 secs] [Times: user=0.03 sys=0.00, real=0.00 secs] 
2014-07-08T07:25:32.825+0000: 2377.915: [GC [PSYoungGen: 297996K->1154K(289984K)] 726200K->429586K(976960K), 0.0078360 secs] [Times: user=0.04 sys=0.00, real=0.01 secs] 
2014-07-08T07:25:33.734+0000: 2378.824: [GC [PSYoungGen: 289922K->1022K(282176K)] 718354K->429518K(969152K), 0.0083120 secs] [Times: user=0.06 sys=0.00, real=0.01 secs] 
2014-07-08T07:25:34.712+0000: 2379.803: [GC [PSYoungGen: 282174K->1252K(275136K)] 710670K->429908K(962112K), 0.0114420 secs] [Times: user=0.07 sys=0.00, real=0.01 secs] 
2014-07-08T07:25:35.550+0000: 2380.640: [GC [PSYoungGen: 275067K->1701K(268544K)] 703723K->430485K(955520K), 0.0078570 secs] [Times: user=0.04 sys=0.01, real=0.01 secs] 
2014-07-08T07:25:36.397+0000: 2381.488: [GC [PSYoungGen: 268505K->498K(260544K)] 697289K->429802K(947520K), 0.0098850 secs] [Times: user=0.04 sys=0.00, real=0.01 secs] 
2014-07-08T07:25:37.229+0000: 2382.319: [GC [PSYoungGen: 260530K->1318K(254848K)] 689834K->430702K(941824K), 0.0034830 secs] [Times: user=0.02 sys=0.00, real=0.01 secs] 
2014-07-08T07:25:38.072+0000: 2383.162: [GC [PSYoungGen: 254822K->886K(248128K)] 684206K->430664K(935104K), 0.0072250 secs] [Times: user=0.05 sys=0.00, real=0.00 secs] 
2014-07-08T07:25:38.894+0000: 2383.984: [GC [PSYoungGen: 248118K->893K(242112K)] 677896K->430727K(929088K), 0.0045410 secs] [Times: user=0.03 sys=0.00, real=0.00 secs] 
2014-07-08T07:25:39.785+0000: 2384.876: [GC [PSYoungGen: 242060K->1398K(236800K)] 671895K->431336K(923776K), 0.0089350 secs] [Times: user=0.05 sys=0.00, real=0.01 secs] 
2014-07-08T07:25:40.455+0000: 2385.546: [GC [PSYoungGen: 236790K->1256K(231104K)] 666728K->431266K(918080K), 0.0084120 secs] [Times: user=0.06 sys=0.00, real=0.01 secs] 
2014-07-08T07:25:41.258+0000: 2386.348: [GC [PSYoungGen: 231036K->954K(225408K)] 661046K->431028K(912384K), 0.0089320 secs] [Times: user=0.06 sys=0.00, real=0.01 secs] 
2014-07-08T07:25:41.984+0000: 2387.074: [GC [PSYoungGen: 225402K->708K(220032K)] 655476K->430854K(907008K), 0.0066280 secs] [Times: user=0.04 sys=0.00, real=0.00 secs] 
2014-07-08T07:25:42.719+0000: 2387.809: [GC [PSYoungGen: 219972K->1228K(215552K)] 650118K->431478K(902528K), 0.0046910 secs] [Times: user=0.02 sys=0.00, real=0.01 secs] 
2014-07-08T07:25:43.333+0000: 2388.424: [GC [PSYoungGen: 215500K->1530K(258688K)] 645750K->431844K(945664K), 0.0096820 secs] [Times: user=0.05 sys=0.00, real=0.01 secs] 
2014-07-08T07:25:44.133+0000: 2389.223: [GC [PSYoungGen: 258682K->818K(251584K)] 688996K->431212K(938560K), 0.0041120 secs] [Times: user=0.02 sys=0.00, real=0.00 secs] 
2014-07-08T07:25:45.022+0000: 2390.112: [GC [PSYoungGen: 251570K->1007K(245632K)] 681964K->431449K(932608K), 0.0080600 secs] [Times: user=0.05 sys=0.00, real=0.00 secs] 
2014-07-08T07:25:45.868+0000: 2390.958: [GC [PSYoungGen: 245615K->1434K(240128K)] 676057K->431972K(927104K), 0.0039730 secs] [Times: user=0.03 sys=0.00, real=0.01 secs] 
2014-07-08T07:25:46.618+0000: 2391.708: [GC [PSYoungGen: 240090K->1124K(234112K)] 670628K->431742K(921088K), 0.0075730 secs] [Times: user=0.05 sys=0.00, real=0.01 secs] 
2014-07-08T07:25:47.265+0000: 2392.355: [GC [PSYoungGen: 234084K->1134K(280704K)] 664702K->431881K(967680K), 0.0130800 secs] [Times: user=0.09 sys=0.00, real=0.01 secs] 
2014-07-08T07:25:48.133+0000: 2393.223: [GC [PSYoungGen: 280686K->1210K(335552K)] 711433K->432044K(1022528K), 0.0087860 secs] [Times: user=0.06 sys=0.00, real=0.00 secs] 
2014-07-08T07:25:49.236+0000: 2394.326: [GC [PSYoungGen: 334959K->868K(325248K)] 765793K->431766K(1012224K), 0.0070090 secs] [Times: user=0.04 sys=0.00, real=0.01 secs] 
2014-07-08T07:25:50.328+0000: 2395.419: [GC [PSYoungGen: 325220K->1366K(316736K)] 756118K->432304K(1003712K), 0.0066010 secs] [Times: user=0.03 sys=0.00, real=0.01 secs] 
2014-07-08T07:25:51.438+0000: 2396.529: [GC [PSYoungGen: 316694K->1210K(307904K)] 747632K->432228K(994880K), 0.0087600 secs] [Times: user=0.06 sys=0.01, real=0.01 secs] 
2014-07-08T07:25:52.375+0000: 2397.466: [GC [PSYoungGen: 307894K->1566K(299968K)] 738912K->432664K(986944K), 0.0065180 secs] [Times: user=0.04 sys=0.00, real=0.00 secs] 
2014-07-08T07:25:53.360+0000: 2398.450: [GC [PSYoungGen: 299934K->822K(291200K)] 731032K->432148K(978176K), 0.0129810 secs] [Times: user=0.07 sys=0.00, real=0.02 secs] 
2014-07-08T07:25:54.336+0000: 2399.426: [GC [PSYoungGen: 291190K->1118K(283840K)] 722516K->432492K(970816K), 0.0086960 secs] [Times: user=0.05 sys=0.00, real=0.01 secs] 
2014-07-08T07:25:55.412+0000: 2400.502: [GC [PSYoungGen: 283778K->1640K(276992K)] 715153K->433111K(963968K), 0.0066780 secs] [Times: user=0.05 sys=0.00, real=0.01 secs] 
2014-07-08T07:25:56.203+0000: 2401.293: [GC [PSYoungGen: 276968K->1148K(269376K)] 708439K->432683K(956352K), 0.0079630 secs] [Times: user=0.06 sys=0.00, real=0.00 secs] 
2014-07-08T07:25:57.005+0000: 2402.096: [GC [PSYoungGen: 269332K->758K(262208K)] 700867K->432348K(949184K), 0.0111840 secs] [Times: user=0.07 sys=0.00, real=0.01 secs] 
2014-07-08T07:25:57.967+0000: 2403.057: [GC [PSYoungGen: 262187K->1495K(256448K)] 693778K->433142K(943424K), 0.0038680 secs] [Times: user=0.02 sys=0.00, real=0.00 secs] 
2014-07-08T07:25:58.779+0000: 2403.869: [GC [PSYoungGen: 256407K->1040K(249664K)] 688054K->432734K(936640K), 0.0044320 secs] [Times: user=0.02 sys=0.01, real=0.00 secs] 
2014-07-08T07:25:59.460+0000: 2404.550: [GC [PSYoungGen: 249616K->1434K(243968K)] 681310K->433193K(930944K), 0.0109000 secs] [Times: user=0.07 sys=0.00, real=0.01 secs] 
2014-07-08T07:26:00.363+0000: 2405.454: [GC [PSYoungGen: 243930K->1200K(237888K)] 675689K->433142K(924864K), 0.0088500 secs] [Times: user=0.06 sys=0.00, real=0.01 secs] 
2014-07-08T07:26:01.027+0000: 2406.117: [GC [PSYoungGen: 237872K->1263K(285312K)] 669814K->433269K(972288K), 0.0101430 secs] [Times: user=0.06 sys=0.00, real=0.01 secs] 
2014-07-08T07:26:01.950+0000: 2407.040: [GC [PSYoungGen: 285295K->644K(328448K)] 717301K->432706K(1015424K), 0.0119860 secs] [Times: user=0.07 sys=0.00, real=0.01 secs] 
2014-07-08T07:26:02.962+0000: 2408.053: [GC [PSYoungGen: 327684K->790K(328896K)] 759746K->432932K(1015872K), 0.0066410 secs] [Times: user=0.04 sys=0.00, real=0.01 secs] 
2014-07-08T07:26:03.983+0000: 2409.073: [GC [PSYoungGen: 327830K->936K(318912K)] 759972K->433166K(1005888K), 0.0087410 secs] [Times: user=0.04 sys=0.01, real=0.01 secs] 
2014-07-08T07:26:05.160+0000: 2410.250: [GC [PSYoungGen: 318888K->1664K(310912K)] 751118K->433959K(997888K), 0.0061330 secs] [Times: user=0.02 sys=0.01, real=0.01 secs] 
2014-07-08T07:26:06.091+0000: 2411.181: [GC [PSYoungGen: 310829K->1068K(301888K)] 743123K->433546K(988864K), 0.0079500 secs] [Times: user=0.05 sys=0.00, real=0.01 secs] 
2014-07-08T07:26:06.974+0000: 2412.064: [GC [PSYoungGen: 301868K->1200K(293952K)] 734346K->433750K(980928K), 0.0048970 secs] [Times: user=0.02 sys=0.00, real=0.01 secs] 
2014-07-08T07:26:07.932+0000: 2413.023: [GC [PSYoungGen: 293887K->722K(285760K)] 726438K->433386K(972736K), 0.0062140 secs] [Times: user=0.04 sys=0.00, real=0.01 secs] 
2014-07-08T07:26:08.855+0000: 2413.945: [GC [PSYoungGen: 285714K->690K(278272K)] 718378K->433450K(965248K), 0.0038250 secs] [Times: user=0.02 sys=0.00, real=0.00 secs] 
2014-07-08T07:26:09.782+0000: 2414.872: [GC [PSYoungGen: 278258K->1303K(271744K)] 711018K->434128K(958720K), 0.0039850 secs] [Times: user=0.02 sys=0.00, real=0.01 secs] 
2014-07-08T07:26:10.798+0000: 2415.889: [GC [PSYoungGen: 271700K->918K(264448K)] 704525K->433830K(951424K), 0.0063610 secs] [Times: user=0.03 sys=0.00, real=0.01 secs] 
2014-07-08T07:26:11.709+0000: 2416.799: [GC [PSYoungGen: 264325K->1467K(258304K)] 697238K->434679K(945280K), 0.0143270 secs] [Times: user=0.08 sys=0.00, real=0.01 secs] 
2014-07-08T07:26:12.474+0000: 2417.564: [GC [PSYoungGen: 258299K->1446K(251904K)] 691511K->434738K(938880K), 0.0046600 secs] [Times: user=0.03 sys=0.00, real=0.01 secs] 
2014-07-08T07:26:13.256+0000: 2418.346: [GC [PSYoungGen: 251878K->1207K(245504K)] 685170K->434747K(932480K), 0.0082120 secs] [Times: user=0.05 sys=0.01, real=0.00 secs] 
2014-07-08T07:26:14.062+0000: 2419.152: [GC [PSYoungGen: 245495K->818K(239232K)] 679035K->434430K(926208K), 0.0077900 secs] [Times: user=0.05 sys=0.01, real=0.01 secs] 
2014-07-08T07:26:14.852+0000: 2419.943: [GC [PSYoungGen: 239191K->1063K(233792K)] 672804K->434763K(920768K), 0.0082280 secs] [Times: user=0.06 sys=0.00, real=0.01 secs] 
2014-07-08T07:26:15.768+0000: 2420.859: [GC [PSYoungGen: 233735K->1100K(228352K)] 667435K->434872K(915328K), 0.0081270 secs] [Times: user=0.05 sys=0.00, real=0.01 secs] 
2014-07-08T07:26:16.394+0000: 2421.484: [GC [PSYoungGen: 228300K->1128K(223040K)] 662072K->434956K(910016K), 0.0072690 secs] [Times: user=0.05 sys=0.00, real=0.01 secs] 
2014-07-08T07:26:17.083+0000: 2422.174: [GC [PSYoungGen: 223015K->1060K(267392K)] 656843K->434944K(954368K), 0.0084890 secs] [Times: user=0.06 sys=0.00, real=0.01 secs] 
2014-07-08T07:26:17.948+0000: 2423.038: [GC [PSYoungGen: 267361K->892K(320512K)] 701246K->434848K(1007488K), 0.0155290 secs] [Times: user=0.09 sys=0.00, real=0.01 secs] 
2014-07-08T07:26:18.939+0000: 2424.029: [GC [PSYoungGen: 320508K->808K(381312K)] 754464K->434820K(1068288K), 0.0076720 secs] [Times: user=0.05 sys=0.01, real=0.01 secs] 
2014-07-08T07:26:20.136+0000: 2425.226: [GC [PSYoungGen: 380328K->857K(385408K)] 814340K->434933K(1072384K), 0.0097020 secs] [Times: user=0.06 sys=0.00, real=0.01 secs] 
2014-07-08T07:26:21.480+0000: 2426.570: [GC [PSYoungGen: 384473K->1182K(373376K)] 818549K->435322K(1060352K), 0.0098100 secs] [Times: user=0.07 sys=0.00, real=0.01 secs] 
2014-07-08T07:26:22.710+0000: 2427.801: [GC [PSYoungGen: 373304K->566K(361792K)] 807444K->435582K(1048768K), 0.0077280 secs] [Times: user=0.04 sys=0.01, real=0.01 secs] 
2014-07-08T07:26:23.831+0000: 2428.921: [GC [PSYoungGen: 361782K->904K(351680K)] 796798K->435976K(1038656K), 0.0037960 secs] [Times: user=0.02 sys=0.00, real=0.00 secs] 
2014-07-08T07:26:24.886+0000: 2429.976: [GC [PSYoungGen: 351624K->854K(383168K)] 786696K->436130K(1070144K), 0.0200380 secs] [Times: user=0.12 sys=0.00, real=0.02 secs] 
2014-07-08T07:26:26.189+0000: 2431.279: [GC [PSYoungGen: 382228K->1086K(371136K)] 817504K->436451K(1058112K), 0.0067530 secs] [Times: user=0.04 sys=0.00, real=0.00 secs] 
2014-07-08T07:26:27.312+0000: 2432.402: [GC [PSYoungGen: 371128K->680K(359872K)] 806492K->436305K(1046848K), 0.0124830 secs] [Times: user=0.07 sys=0.00, real=0.01 secs] 
2014-07-08T07:26:28.677+0000: 2433.767: [GC [PSYoungGen: 359848K->1652K(350400K)] 795473K->437537K(1037376K), 0.0121920 secs] [Times: user=0.08 sys=0.00, real=0.02 secs] 
2014-07-08T07:26:29.789+0000: 2434.879: [GC [PSYoungGen: 350388K->1004K(339776K)] 786273K->437215K(1026752K), 0.0128440 secs] [Times: user=0.10 sys=0.00, real=0.01 secs] 
2014-07-08T07:26:31.026+0000: 2436.116: [GC [PSYoungGen: 339756K->1860K(331072K)] 775967K->438135K(1018048K), 0.0061700 secs] [Times: user=0.04 sys=0.00, real=0.01 secs] 
2014-07-08T07:26:32.037+0000: 2437.127: [GC [PSYoungGen: 331011K->946K(320896K)] 767286K->437525K(1007872K), 0.0062500 secs] [Times: user=0.03 sys=0.00, real=0.01 secs] 
2014-07-08T07:26:33.003+0000: 2438.094: [GC [PSYoungGen: 320846K->1303K(312448K)] 757425K->437962K(999424K), 0.0085830 secs] [Times: user=0.06 sys=0.00, real=0.01 secs] 
2014-07-08T07:26:34.009+0000: 2439.099: [GC [PSYoungGen: 312407K->1078K(303744K)] 749066K->437835K(990720K), 0.0080170 secs] [Times: user=0.03 sys=0.01, real=0.01 secs] 
2014-07-08T07:26:34.967+0000: 2440.057: [GC [PSYoungGen: 303682K->804K(295360K)] 740439K->437633K(982336K), 0.0040110 secs] [Times: user=0.03 sys=0.00, real=0.01 secs] 
2014-07-08T07:26:36.005+0000: 2441.095: [GC [PSYoungGen: 295332K->726K(287488K)] 732161K->437619K(974464K), 0.0069760 secs] [Times: user=0.04 sys=0.00, real=0.01 secs] 
2014-07-08T07:26:36.879+0000: 2441.969: [GC [PSYoungGen: 287436K->1046K(280320K)] 724329K->437995K(967296K), 0.0072500 secs] [Times: user=0.04 sys=0.00, real=0.01 secs] 
2014-07-08T07:26:37.838+0000: 2442.928: [GC [PSYoungGen: 280243K->1264K(273280K)] 717192K->438261K(960256K), 0.0041550 secs] [Times: user=0.02 sys=0.00, real=0.01 secs] 
2014-07-08T07:26:38.697+0000: 2443.787: [GC [PSYoungGen: 273264K->1392K(266432K)] 710261K->438461K(953408K), 0.0046080 secs] [Times: user=0.03 sys=0.00, real=0.01 secs] 
2014-07-08T07:26:39.439+0000: 2444.529: [GC [PSYoungGen: 266416K->1072K(259456K)] 703485K->438639K(946432K), 0.0155370 secs] [Times: user=0.09 sys=0.01, real=0.02 secs] 
2014-07-08T07:26:40.450+0000: 2445.540: [GC [PSYoungGen: 259407K->1766K(253696K)] 696974K->439421K(940672K), 0.0061510 secs] [Times: user=0.03 sys=0.01, real=0.00 secs] 
2014-07-08T07:26:41.260+0000: 2446.350: [GC [PSYoungGen: 253670K->918K(303296K)] 691325K->438703K(990272K), 0.0145100 secs] [Times: user=0.09 sys=0.00, real=0.01 secs] 
2014-07-08T07:26:42.194+0000: 2447.285: [GC [PSYoungGen: 303254K->1374K(295616K)] 741039K->439207K(982592K), 0.0040690 secs] [Times: user=0.02 sys=0.00, real=0.00 secs] 
2014-07-08T07:26:43.152+0000: 2448.242: [GC [PSYoungGen: 295582K->982K(287424K)] 733415K->438879K(974400K), 0.0122350 secs] [Times: user=0.08 sys=0.01, real=0.01 secs] 
2014-07-08T07:26:44.105+0000: 2449.195: [GC [PSYoungGen: 287382K->1182K(344896K)] 725279K->439159K(1031872K), 0.0105510 secs] [Times: user=0.07 sys=0.00, real=0.01 secs] 
2014-07-08T07:26:45.297+0000: 2450.387: [GC [PSYoungGen: 344862K->1394K(335296K)] 782839K->439443K(1022272K), 0.0045320 secs] [Times: user=0.02 sys=0.00, real=0.01 secs] 
2014-07-08T07:26:46.438+0000: 2451.528: [GC [PSYoungGen: 335282K->1662K(326144K)] 773331K->439815K(1013120K), 0.0062650 secs] [Times: user=0.03 sys=0.01, real=0.01 secs] 
2014-07-08T07:26:47.474+0000: 2452.565: [GC [PSYoungGen: 326142K->826K(316288K)] 764295K->439277K(1003264K), 0.0090180 secs] [Times: user=0.06 sys=0.00, real=0.01 secs] 
2014-07-08T07:26:48.438+0000: 2453.529: [GC [PSYoungGen: 316282K->1356K(308224K)] 754733K->439863K(995200K), 0.0040660 secs] [Times: user=0.02 sys=0.00, real=0.01 secs] 
2014-07-08T07:26:49.391+0000: 2454.481: [GC [PSYoungGen: 308167K->1068K(299584K)] 746674K->439697K(986560K), 0.0093620 secs] [Times: user=0.06 sys=0.00, real=0.01 secs] 
2014-07-08T07:26:50.463+0000: 2455.553: [GC [PSYoungGen: 299564K->1274K(291776K)] 738193K->439967K(978752K), 0.0085800 secs] [Times: user=0.05 sys=0.00, real=0.01 secs] 
2014-07-08T07:26:51.395+0000: 2456.485: [GC [PSYoungGen: 291750K->1174K(284032K)] 730443K->439939K(971008K), 0.0083720 secs] [Times: user=0.05 sys=0.00, real=0.01 secs] 
2014-07-08T07:26:52.261+0000: 2457.352: [GC [PSYoungGen: 283990K->854K(276352K)] 722755K->439675K(963328K), 0.0093920 secs] [Times: user=0.05 sys=0.00, real=0.01 secs] 
2014-07-08T07:26:53.129+0000: 2458.219: [GC [PSYoungGen: 276310K->890K(269248K)] 715131K->439775K(956224K), 0.0045920 secs] [Times: user=0.02 sys=0.00, real=0.01 secs] 
2014-07-08T07:26:53.947+0000: 2459.037: [GC [PSYoungGen: 269242K->722K(262336K)] 708127K->439695K(949312K), 0.0071530 secs] [Times: user=0.05 sys=0.00, real=0.01 secs] 
2014-07-08T07:26:54.867+0000: 2459.957: [GC [PSYoungGen: 262290K->1032K(256128K)] 701263K->440069K(943104K), 0.0130090 secs] [Times: user=0.10 sys=0.01, real=0.01 secs] 
2014-07-08T07:26:55.683+0000: 2460.773: [GC [PSYoungGen: 256068K->1007K(249728K)] 695105K->440100K(936704K), 0.0078340 secs] [Times: user=0.05 sys=0.00, real=0.00 secs] 
2014-07-08T07:26:56.486+0000: 2461.576: [GC [PSYoungGen: 249711K->1342K(243968K)] 688804K->440492K(930944K), 0.0041180 secs] [Times: user=0.03 sys=0.00, real=0.00 secs] 
2014-07-08T07:26:57.207+0000: 2462.298: [GC [PSYoungGen: 243966K->822K(237632K)] 683116K->440043K(924608K), 0.0052470 secs] [Times: user=0.03 sys=0.01, real=0.01 secs] 
2014-07-08T07:26:57.982+0000: 2463.072: [GC [PSYoungGen: 237622K->1118K(232320K)] 676843K->440387K(919296K), 0.0045970 secs] [Times: user=0.02 sys=0.00, real=0.01 secs] 
2014-07-08T07:26:58.787+0000: 2463.878: [GC [PSYoungGen: 232286K->1142K(226880K)] 671555K->440475K(913856K), 0.0077130 secs] [Times: user=0.05 sys=0.00, real=0.01 secs] 
2014-07-08T07:26:59.431+0000: 2464.521: [GC [PSYoungGen: 226853K->1196K(221696K)] 666186K->440593K(908672K), 0.0076680 secs] [Times: user=0.05 sys=0.00, real=0.01 secs] 
2014-07-08T07:27:00.180+0000: 2465.270: [GC [PSYoungGen: 221676K->858K(216320K)] 661073K->440327K(903296K), 0.0063700 secs] [Times: user=0.04 sys=0.01, real=0.01 secs] 
2014-07-08T07:27:00.964+0000: 2466.054: [GC [PSYoungGen: 216281K->1252K(211840K)] 655750K->440794K(898816K), 0.0036710 secs] [Times: user=0.03 sys=0.00, real=0.00 secs] 
2014-07-08T07:27:01.664+0000: 2466.754: [GC [PSYoungGen: 211812K->1466K(207360K)] 651354K->441087K(894336K), 0.0069810 secs] [Times: user=0.05 sys=0.00, real=0.00 secs] 
2014-07-08T07:27:02.200+0000: 2467.290: [GC [PSYoungGen: 207337K->612K(201984K)] 646958K->440597K(888960K), 0.0058350 secs] [Times: user=0.04 sys=0.00, real=0.01 secs] 
2014-07-08T07:27:02.913+0000: 2468.003: [GC [PSYoungGen: 201956K->978K(198016K)] 641941K->441035K(884992K), 0.0044720 secs] [Times: user=0.02 sys=0.01, real=0.01 secs] 
2014-07-08T07:27:03.514+0000: 2468.605: [GC [PSYoungGen: 197953K->1383K(237824K)] 638010K->441586K(924800K), 0.0241840 secs] [Times: user=0.16 sys=0.00, real=0.02 secs] 
2014-07-08T07:27:04.172+0000: 2469.262: [GC [PSYoungGen: 237781K->872K(284608K)] 677984K->441139K(971584K), 0.0043450 secs] [Times: user=0.02 sys=0.01, real=0.01 secs] 
2014-07-08T07:27:05.202+0000: 2470.292: [GC [PSYoungGen: 284579K->1136K(341632K)] 724846K->441499K(1028608K), 0.0086150 secs] [Times: user=0.06 sys=0.00, real=0.01 secs] 
2014-07-08T07:27:06.271+0000: 2471.361: [GC [PSYoungGen: 341616K->1498K(353280K)] 781979K->441949K(1040256K), 0.0093940 secs] [Times: user=0.06 sys=0.00, real=0.01 secs] 
2014-07-08T07:27:07.461+0000: 2472.551: [GC [PSYoungGen: 353114K->1296K(342848K)] 793565K->441803K(1029824K), 0.0072540 secs] [Times: user=0.05 sys=0.00, real=0.01 secs] 
2014-07-08T07:27:08.566+0000: 2473.656: [GC [PSYoungGen: 342800K->1250K(333056K)] 783307K->441829K(1020032K), 0.0081400 secs] [Times: user=0.06 sys=0.00, real=0.00 secs] 
2014-07-08T07:27:09.729+0000: 2474.819: [GC [PSYoungGen: 333026K->868K(323392K)] 773605K->441715K(1010368K), 0.0050090 secs] [Times: user=0.03 sys=0.00, real=0.01 secs] 
2014-07-08T07:27:10.806+0000: 2475.896: [GC [PSYoungGen: 323364K->1320K(314880K)] 764211K->442271K(1001856K), 0.0051030 secs] [Times: user=0.03 sys=0.00, real=0.00 secs] 
2014-07-08T07:27:11.878+0000: 2476.968: [GC [PSYoungGen: 314856K->960K(305984K)] 755807K->442075K(992960K), 0.0071350 secs] [Times: user=0.05 sys=0.00, real=0.01 secs] 
2014-07-08T07:27:12.854+0000: 2477.944: [GC [PSYoungGen: 305920K->790K(297536K)] 747035K->441985K(984512K), 0.0040590 secs] [Times: user=0.02 sys=0.00, real=0.01 secs] 
2014-07-08T07:27:13.803+0000: 2478.893: [GC [PSYoungGen: 297494K->946K(289728K)] 738689K->442197K(976704K), 0.0035230 secs] [Times: user=0.02 sys=0.00, real=0.01 secs] 
2014-07-08T07:27:14.779+0000: 2479.869: [GC [PSYoungGen: 289714K->1662K(282816K)] 730965K->443082K(969792K), 0.0123670 secs] [Times: user=0.09 sys=0.00, real=0.01 secs] 
2014-07-08T07:27:15.698+0000: 2480.788: [GC [PSYoungGen: 282765K->740K(274624K)] 724185K->442247K(961600K), 0.0040110 secs] [Times: user=0.02 sys=0.01, real=0.00 secs] 
2014-07-08T07:27:16.617+0000: 2481.707: [GC [PSYoungGen: 274596K->1288K(268160K)] 716103K->442883K(955136K), 0.0129240 secs] [Times: user=0.07 sys=0.00, real=0.01 secs] 
2014-07-08T07:27:17.418+0000: 2482.508: [GC [PSYoungGen: 268104K->1138K(261184K)] 709699K->442821K(948160K), 0.0078530 secs] [Times: user=0.05 sys=0.01, real=0.00 secs] 
2014-07-08T07:27:18.232+0000: 2483.322: [GC [PSYoungGen: 261170K->1110K(254656K)] 702853K->442874K(941632K), 0.0074610 secs] [Times: user=0.05 sys=0.00, real=0.01 secs] 
2014-07-08T07:27:19.070+0000: 2484.160: [GC [PSYoungGen: 254614K->1153K(248448K)] 696378K->442980K(935424K), 0.0066030 secs] [Times: user=0.04 sys=0.00, real=0.01 secs] 
2014-07-08T07:27:19.906+0000: 2484.996: [GC [PSYoungGen: 248385K->1100K(242368K)] 690212K->443039K(929344K), 0.0061700 secs] [Times: user=0.04 sys=0.01, real=0.01 secs] 
2014-07-08T07:27:20.776+0000: 2485.866: [GC [PSYoungGen: 242288K->1015K(236416K)] 684228K->443180K(923392K), 0.0107680 secs] [Times: user=0.06 sys=0.00, real=0.01 secs] 
2014-07-08T07:27:21.444+0000: 2486.534: [GC [PSYoungGen: 236311K->1656K(231488K)] 678477K->443877K(918464K), 0.0054090 secs] [Times: user=0.02 sys=0.00, real=0.01 secs] 
2014-07-08T07:27:22.104+0000: 2487.194: [GC [PSYoungGen: 231478K->694K(225152K)] 673700K->443405K(912128K), 0.0059540 secs] [Times: user=0.03 sys=0.00, real=0.01 secs] 
2014-07-08T07:27:22.882+0000: 2487.972: [GC [PSYoungGen: 225142K->1050K(220352K)] 667853K->443825K(907328K), 0.0083300 secs] [Times: user=0.05 sys=0.01, real=0.01 secs] 
2014-07-08T07:27:23.582+0000: 2488.672: [GC [PSYoungGen: 220314K->1328K(215616K)] 663089K->444267K(902592K), 0.0055630 secs] [Times: user=0.02 sys=0.00, real=0.01 secs] 
2014-07-08T07:27:24.197+0000: 2489.287: [GC [PSYoungGen: 215600K->1152K(210688K)] 658539K->444180K(897664K), 0.0086540 secs] [Times: user=0.06 sys=0.01, real=0.00 secs] 
2014-07-08T07:27:24.994+0000: 2490.084: [GC [PSYoungGen: 210624K->953K(252352K)] 653652K->444519K(939328K), 0.0201100 secs] [Times: user=0.12 sys=0.00, real=0.02 secs] 
2014-07-08T07:27:25.807+0000: 2490.897: [GC [PSYoungGen: 252345K->1182K(302912K)] 695911K->444796K(989888K), 0.0126690 secs] [Times: user=0.06 sys=0.00, real=0.02 secs] 
2014-07-08T07:27:26.823+0000: 2491.913: [GC [PSYoungGen: 302845K->1328K(363392K)] 746460K->445270K(1050368K), 0.0058630 secs] [Times: user=0.03 sys=0.00, real=0.01 secs] 
2014-07-08T07:27:27.934+0000: 2493.025: [GC [PSYoungGen: 363376K->1256K(397440K)] 807318K->445278K(1084416K), 0.0052130 secs] [Times: user=0.03 sys=0.00, real=0.01 secs] 
2014-07-08T07:27:29.174+0000: 2494.264: [GC [PSYoungGen: 396904K->1100K(384832K)] 840926K->445226K(1071808K), 0.0037390 secs] [Times: user=0.02 sys=0.00, real=0.01 secs] 
2014-07-08T07:27:30.538+0000: 2495.628: [GC [PSYoungGen: 384746K->1626K(373888K)] 828873K->445825K(1060864K), 0.0116360 secs] [Times: user=0.08 sys=0.00, real=0.02 secs] 
2014-07-08T07:27:31.774+0000: 2496.864: [GC [PSYoungGen: 373850K->701K(361984K)] 818049K->445465K(1048960K), 0.0082170 secs] [Times: user=0.06 sys=0.00, real=0.01 secs] 
2014-07-08T07:27:32.859+0000: 2497.949: [GC [PSYoungGen: 361981K->1428K(352256K)] 806745K->446249K(1039232K), 0.0039310 secs] [Times: user=0.02 sys=0.00, real=0.00 secs] 
2014-07-08T07:27:33.874+0000: 2498.964: [GC [PSYoungGen: 352212K->782K(341568K)] 797033K->446067K(1028544K), 0.0077480 secs] [Times: user=0.04 sys=0.00, real=0.01 secs] 
2014-07-08T07:27:35.070+0000: 2500.161: [GC [PSYoungGen: 341518K->872K(331968K)] 786803K->446220K(1018944K), 0.0088200 secs] [Times: user=0.06 sys=0.00, real=0.01 secs] 
2014-07-08T07:27:36.059+0000: 2501.149: [GC [PSYoungGen: 331943K->1046K(322880K)] 777291K->446442K(1009856K), 0.0074250 secs] [Times: user=0.03 sys=0.01, real=0.00 secs] 
2014-07-08T07:27:37.189+0000: 2502.279: [GC [PSYoungGen: 322838K->1032K(313984K)] 768234K->446524K(1000960K), 0.0092430 secs] [Times: user=0.06 sys=0.00, real=0.00 secs] 
2014-07-08T07:27:38.084+0000: 2503.174: [GC [PSYoungGen: 313928K->1018K(305344K)] 759420K->446574K(992320K), 0.0038790 secs] [Times: user=0.02 sys=0.00, real=0.00 secs] 
2014-07-08T07:27:39.105+0000: 2504.195: [GC [PSYoungGen: 305338K->878K(297024K)] 750894K->446514K(984000K), 0.0079220 secs] [Times: user=0.06 sys=0.00, real=0.01 secs] 
2014-07-08T07:27:40.140+0000: 2505.230: [GC [PSYoungGen: 297006K->1232K(289536K)] 742642K->446948K(976512K), 0.0073820 secs] [Times: user=0.04 sys=0.01, real=0.00 secs] 
2014-07-08T07:27:41.062+0000: 2506.152: [GC [PSYoungGen: 289488K->1276K(281984K)] 735204K->447057K(968960K), 0.0054930 secs] [Times: user=0.02 sys=0.00, real=0.00 secs] 
2014-07-08T07:27:42.008+0000: 2507.099: [GC [PSYoungGen: 281980K->956K(274368K)] 727761K->446833K(961344K), 0.0053680 secs] [Times: user=0.02 sys=0.00, real=0.01 secs] 
2014-07-08T07:27:42.924+0000: 2508.014: [GC [PSYoungGen: 274364K->1078K(267520K)] 720241K->447010K(954496K), 0.0070740 secs] [Times: user=0.03 sys=0.01, real=0.01 secs] 
2014-07-08T07:27:43.774+0000: 2508.864: [GC [PSYoungGen: 267510K->900K(260672K)] 713442K->446954K(947648K), 0.0094040 secs] [Times: user=0.06 sys=0.00, real=0.01 secs] 
2014-07-08T07:27:44.598+0000: 2509.688: [GC [PSYoungGen: 260601K->1654K(313344K)] 706656K->447780K(1000320K), 0.0166730 secs] [Times: user=0.10 sys=0.00, real=0.02 secs] 
2014-07-08T07:27:45.680+0000: 2510.771: [GC [PSYoungGen: 313334K->748K(303936K)] 759460K->447242K(990912K), 0.0038300 secs] [Times: user=0.02 sys=0.00, real=0.00 secs] 
2014-07-08T07:27:46.731+0000: 2511.822: [GC [PSYoungGen: 303896K->1769K(296768K)] 750390K->448401K(983744K), 0.0088630 secs] [Times: user=0.06 sys=0.00, real=0.01 secs] 
2014-07-08T07:27:47.674+0000: 2512.765: [GC [PSYoungGen: 296712K->1067K(288256K)] 743345K->448580K(975232K), 0.0073000 secs] [Times: user=0.05 sys=0.00, real=0.01 secs] 
2014-07-08T07:27:48.531+0000: 2513.622: [GC [PSYoungGen: 288235K->1310K(280960K)] 735748K->448894K(967936K), 0.0039760 secs] [Times: user=0.03 sys=0.00, real=0.00 secs] 
2014-07-08T07:27:49.385+0000: 2514.475: [GC [PSYoungGen: 280926K->1376K(273792K)] 728510K->449241K(960768K), 0.0048060 secs] [Times: user=0.02 sys=0.00, real=0.00 secs] 
2014-07-08T07:27:50.292+0000: 2515.382: [GC [PSYoungGen: 273760K->854K(266304K)] 721625K->448750K(953280K), 0.0138090 secs] [Times: user=0.08 sys=0.00, real=0.01 secs] 
2014-07-08T07:27:51.143+0000: 2516.233: [GC [PSYoungGen: 266262K->1054K(259776K)] 714158K->448998K(946752K), 0.0089650 secs] [Times: user=0.05 sys=0.00, real=0.01 secs] 
2014-07-08T07:27:52.052+0000: 2517.142: [GC [PSYoungGen: 259704K->875K(253120K)] 707648K->448883K(940096K), 0.0064400 secs] [Times: user=0.04 sys=0.00, real=0.00 secs] 
2014-07-08T07:27:52.841+0000: 2517.932: [GC [PSYoungGen: 253091K->1032K(247104K)] 701099K->449144K(934080K), 0.0091190 secs] [Times: user=0.07 sys=0.00, real=0.00 secs] 
2014-07-08T07:27:53.624+0000: 2518.714: [GC [PSYoungGen: 247048K->1242K(296512K)] 695160K->449418K(983488K), 0.0121230 secs] [Times: user=0.08 sys=0.00, real=0.01 secs] 
2014-07-08T07:27:54.629+0000: 2519.719: [GC [PSYoungGen: 296474K->1420K(355776K)] 744650K->449652K(1042752K), 0.0095220 secs] [Times: user=0.07 sys=0.00, real=0.01 secs] 
2014-07-08T07:27:55.756+0000: 2520.847: [GC [PSYoungGen: 355724K->1412K(345536K)] 803956K->449733K(1032512K), 0.0085990 secs] [Times: user=0.05 sys=0.00, real=0.01 secs] 
2014-07-08T07:27:56.936+0000: 2522.027: [GC [PSYoungGen: 345460K->936K(335232K)] 793781K->449681K(1022208K), 0.0073140 secs] [Times: user=0.05 sys=0.00, real=0.01 secs] 
2014-07-08T07:27:57.897+0000: 2522.988: [GC [PSYoungGen: 335208K->1260K(326144K)] 783953K->450069K(1013120K), 0.0064690 secs] [Times: user=0.04 sys=0.00, real=0.01 secs] 
2014-07-08T07:27:59.003+0000: 2524.093: [GC [PSYoungGen: 326091K->1448K(317312K)] 774900K->450495K(1004288K), 0.0047510 secs] [Times: user=0.02 sys=0.00, real=0.00 secs] 
2014-07-08T07:27:59.993+0000: 2525.083: [GC [PSYoungGen: 317288K->968K(308224K)] 766335K->450094K(995200K), 0.0047550 secs] [Times: user=0.01 sys=0.01, real=0.00 secs] 
2014-07-08T07:28:00.922+0000: 2526.012: [GC [PSYoungGen: 308168K->804K(299712K)] 757294K->449994K(986688K), 0.0094860 secs] [Times: user=0.06 sys=0.00, real=0.00 secs] 
2014-07-08T07:28:02.003+0000: 2527.093: [GC [PSYoungGen: 299673K->1594K(292480K)] 748864K->450857K(979456K), 0.0068790 secs] [Times: user=0.04 sys=0.00, real=0.00 secs] 
2014-07-08T07:28:02.828+0000: 2527.918: [GC [PSYoungGen: 292474K->890K(284096K)] 741737K->450200K(971072K), 0.0036410 secs] [Times: user=0.02 sys=0.00, real=0.01 secs] 
2014-07-08T07:28:03.791+0000: 2528.881: [GC [PSYoungGen: 284090K->1657K(277504K)] 733400K->451055K(964480K), 0.0063550 secs] [Times: user=0.03 sys=0.00, real=0.01 secs] 
2014-07-08T07:28:04.758+0000: 2529.848: [GC [PSYoungGen: 277497K->968K(269760K)] 726895K->450438K(956736K), 0.0062590 secs] [Times: user=0.04 sys=0.00, real=0.01 secs] 
2014-07-08T07:28:05.650+0000: 2530.740: [GC [PSYoungGen: 269704K->1096K(263040K)] 719174K->450630K(950016K), 0.0040460 secs] [Times: user=0.02 sys=0.00, real=0.01 secs] 
2014-07-08T07:28:06.468+0000: 2531.558: [GC [PSYoungGen: 262984K->1118K(256448K)] 712518K->450724K(943424K), 0.0103610 secs] [Times: user=0.07 sys=0.00, real=0.01 secs] 
2014-07-08T07:28:07.325+0000: 2532.416: [GC [PSYoungGen: 256414K->1344K(250368K)] 706020K->451007K(937344K), 0.0077910 secs] [Times: user=0.04 sys=0.01, real=0.01 secs] 
2014-07-08T07:28:08.154+0000: 2533.244: [GC [PSYoungGen: 250304K->868K(243776K)] 699967K->450610K(930752K), 0.0066900 secs] [Times: user=0.04 sys=0.00, real=0.00 secs] 
2014-07-08T07:28:09.151+0000: 2534.241: [GC [PSYoungGen: 243748K->1584K(238592K)] 693490K->451399K(925568K), 0.0043210 secs] [Times: user=0.02 sys=0.00, real=0.01 secs] 
2014-07-08T07:28:09.929+0000: 2535.019: [GC [PSYoungGen: 238576K->1000K(232384K)] 688391K->450910K(919360K), 0.0066910 secs] [Times: user=0.04 sys=0.00, real=0.01 secs] 
2014-07-08T07:28:10.642+0000: 2535.732: [GC [PSYoungGen: 232341K->1150K(227072K)] 682251K->451148K(914048K), 0.0053040 secs] [Times: user=0.02 sys=0.00, real=0.01 secs] 
2014-07-08T07:28:11.306+0000: 2536.396: [GC [PSYoungGen: 227070K->690K(221376K)] 677068K->450752K(908352K), 0.0048220 secs] [Times: user=0.02 sys=0.00, real=0.00 secs] 
2014-07-08T07:28:12.098+0000: 2537.188: [GC [PSYoungGen: 221362K->754K(216384K)] 671424K->450880K(903360K), 0.0045170 secs] [Times: user=0.02 sys=0.00, real=0.00 secs] 
2014-07-08T07:28:12.849+0000: 2537.939: [GC [PSYoungGen: 216370K->1402K(212160K)] 666496K->451601K(899136K), 0.0082210 secs] [Times: user=0.05 sys=0.00, real=0.01 secs] 
2014-07-08T07:28:13.452+0000: 2538.542: [GC [PSYoungGen: 212144K->1246K(207296K)] 662342K->451540K(894272K), 0.0078880 secs] [Times: user=0.04 sys=0.00, real=0.01 secs] 
2014-07-08T07:28:14.142+0000: 2539.232: [GC [PSYoungGen: 207262K->1102K(202624K)] 657556K->451469K(889600K), 0.0066720 secs] [Times: user=0.03 sys=0.00, real=0.01 secs] 
2014-07-08T07:28:14.840+0000: 2539.930: [GC [PSYoungGen: 202536K->1050K(198144K)] 652903K->451496K(885120K), 0.0052380 secs] [Times: user=0.02 sys=0.00, real=0.01 secs] 
2014-07-08T07:28:15.425+0000: 2540.515: [GC [PSYoungGen: 198106K->1242K(194112K)] 648552K->451760K(881088K), 0.0071500 secs] [Times: user=0.04 sys=0.00, real=0.00 secs] 
2014-07-08T07:28:16.028+0000: 2541.118: [GC [PSYoungGen: 194074K->1124K(189888K)] 644592K->451723K(876864K), 0.0067210 secs] [Times: user=0.04 sys=0.00, real=0.01 secs] 
2014-07-08T07:28:16.659+0000: 2541.750: [GC [PSYoungGen: 189860K->1064K(227584K)] 640459K->451702K(914560K), 0.0128890 secs] [Times: user=0.09 sys=0.00, real=0.01 secs] 
2014-07-08T07:28:17.469+0000: 2542.559: [GC [PSYoungGen: 227519K->1640K(273472K)] 678158K->452407K(960448K), 0.0078920 secs] [Times: user=0.06 sys=0.00, real=0.01 secs] 
2014-07-08T07:28:18.328+0000: 2543.418: [GC [PSYoungGen: 273448K->622K(326848K)] 724215K->451995K(1013824K), 0.0085600 secs] [Times: user=0.05 sys=0.00, real=0.01 secs] 
2014-07-08T07:28:19.366+0000: 2544.457: [GC [PSYoungGen: 326830K->1642K(393152K)] 778203K->453047K(1080128K), 0.0138720 secs] [Times: user=0.09 sys=0.00, real=0.01 secs] 
2014-07-08T07:28:20.752+0000: 2545.842: [GC [PSYoungGen: 393082K->1316K(381056K)] 844487K->453227K(1068032K), 0.0036650 secs] [Times: user=0.02 sys=0.00, real=0.01 secs] 
2014-07-08T07:28:21.850+0000: 2546.941: [GC [PSYoungGen: 381028K->858K(369344K)] 832939K->452841K(1056320K), 0.0058940 secs] [Times: user=0.03 sys=0.00, real=0.01 secs] 
2014-07-08T07:28:23.131+0000: 2548.221: [GC [PSYoungGen: 369306K->968K(358656K)] 821289K->453131K(1045632K), 0.0046110 secs] [Times: user=0.02 sys=0.00, real=0.00 secs] 
2014-07-08T07:28:24.158+0000: 2549.248: [GC [PSYoungGen: 358600K->1046K(348352K)] 810763K->453273K(1035328K), 0.0078220 secs] [Times: user=0.02 sys=0.00, real=0.01 secs] 
2014-07-08T07:28:25.311+0000: 2550.401: [GC [PSYoungGen: 348310K->1182K(338560K)] 800537K->453473K(1025536K), 0.0112580 secs] [Times: user=0.08 sys=0.00, real=0.01 secs] 
2014-07-08T07:28:26.458+0000: 2551.548: [GC [PSYoungGen: 338526K->1516K(329344K)] 790817K->453863K(1016320K), 0.0077170 secs] [Times: user=0.04 sys=0.00, real=0.01 secs] 
2014-07-08T07:28:27.690+0000: 2552.780: [GC [PSYoungGen: 329320K->1128K(319808K)] 781667K->453595K(1006784K), 0.0082840 secs] [Times: user=0.06 sys=0.00, real=0.01 secs] 
2014-07-08T07:28:28.606+0000: 2553.696: [GC [PSYoungGen: 319784K->1572K(311488K)] 772251K->454128K(998464K), 0.0093590 secs] [Times: user=0.06 sys=0.00, real=0.00 secs] 
2014-07-08T07:28:29.573+0000: 2554.663: [GC [PSYoungGen: 311460K->968K(302464K)] 764016K->453571K(989440K), 0.0096740 secs] [Times: user=0.06 sys=0.00, real=0.01 secs] 
2014-07-08T07:28:30.525+0000: 2555.615: [GC [PSYoungGen: 302385K->1250K(294656K)] 754988K->453925K(981632K), 0.0076080 secs] [Times: user=0.05 sys=0.00, real=0.01 secs] 
2014-07-08T07:28:31.384+0000: 2556.474: [GC [PSYoungGen: 294626K->1314K(286912K)] 747301K->454061K(973888K), 0.0126020 secs] [Times: user=0.08 sys=0.00, real=0.01 secs] 
2014-07-08T07:28:32.489+0000: 2557.579: [GC [PSYoungGen: 286842K->1338K(279424K)] 739589K->454165K(966400K), 0.0071090 secs] [Times: user=0.05 sys=0.00, real=0.00 secs] 
2014-07-08T07:28:33.350+0000: 2558.440: [GC [PSYoungGen: 279418K->1074K(272000K)] 732245K->454095K(958976K), 0.0042680 secs] [Times: user=0.03 sys=0.00, real=0.00 secs] 
2014-07-08T07:28:34.149+0000: 2559.240: [GC [PSYoungGen: 271960K->964K(265024K)] 724981K->454057K(952000K), 0.0082880 secs] [Times: user=0.04 sys=0.00, real=0.01 secs] 
2014-07-08T07:28:35.020+0000: 2560.111: [GC [PSYoungGen: 264964K->726K(258112K)] 718057K->453883K(945088K), 0.0050740 secs] [Times: user=0.03 sys=0.00, real=0.00 secs] 
2014-07-08T07:28:35.859+0000: 2560.949: [GC [PSYoungGen: 258068K->1022K(251968K)] 711225K->454243K(938944K), 0.0055420 secs] [Times: user=0.03 sys=0.00, real=0.00 secs] 
2014-07-08T07:28:36.737+0000: 2561.828: [GC [PSYoungGen: 251964K->1654K(246464K)] 705185K->454955K(933440K), 0.0071390 secs] [Times: user=0.05 sys=0.00, real=0.01 secs] 
2014-07-08T07:28:37.687+0000: 2562.777: [GC [PSYoungGen: 246454K->904K(239808K)] 699755K->454261K(926784K), 0.0095550 secs] [Times: user=0.05 sys=0.00, real=0.01 secs] 
2014-07-08T07:28:38.358+0000: 2563.448: [GC [PSYoungGen: 239752K->1278K(234432K)] 693109K->454839K(921408K), 0.0046360 secs] [Times: user=0.02 sys=0.00, real=0.01 secs] 
2014-07-08T07:28:39.150+0000: 2564.240: [GC [PSYoungGen: 234415K->854K(228544K)] 687976K->454479K(915520K), 0.0048330 secs] [Times: user=0.02 sys=0.01, real=0.00 secs] 
2014-07-08T07:28:39.962+0000: 2565.052: [GC [PSYoungGen: 228480K->1118K(223488K)] 682105K->454847K(910464K), 0.0095260 secs] [Times: user=0.07 sys=0.00, real=0.01 secs] 
2014-07-08T07:28:40.746+0000: 2565.836: [GC [PSYoungGen: 223454K->1164K(218432K)] 677183K->454949K(905408K), 0.0073610 secs] [Times: user=0.04 sys=0.00, real=0.01 secs] 
2014-07-08T07:28:41.366+0000: 2566.456: [GC [PSYoungGen: 218380K->1376K(213696K)] 672165K->455202K(900672K), 0.0050860 secs] [Times: user=0.02 sys=0.00, real=0.01 secs] 
2014-07-08T07:28:42.137+0000: 2567.227: [GC [PSYoungGen: 213664K->1150K(208704K)] 667490K->455071K(895680K), 0.0097370 secs] [Times: user=0.05 sys=0.00, real=0.01 secs] 
2014-07-08T07:28:42.927+0000: 2568.017: [GC [PSYoungGen: 208702K->1068K(204032K)] 662623K->455478K(891008K), 0.0068980 secs] [Times: user=0.04 sys=0.00, real=0.01 secs] 
2014-07-08T07:28:43.560+0000: 2568.650: [GC [PSYoungGen: 204012K->1488K(200064K)] 658422K->455962K(887040K), 0.0043360 secs] [Times: user=0.02 sys=0.00, real=0.00 secs] 
2014-07-08T07:28:44.110+0000: 2569.200: [GC [PSYoungGen: 200016K->890K(239168K)] 654490K->455535K(926144K), 0.0109110 secs] [Times: user=0.08 sys=0.00, real=0.01 secs] 
2014-07-08T07:28:44.961+0000: 2570.051: [GC [PSYoungGen: 239162K->1433K(287424K)] 693807K->456150K(974400K), 0.0091490 secs] [Times: user=0.05 sys=0.00, real=0.01 secs] 
2014-07-08T07:28:45.832+0000: 2570.922: [GC [PSYoungGen: 287385K->886K(279360K)] 742102K->455691K(966336K), 0.0048080 secs] [Times: user=0.03 sys=0.00, real=0.00 secs] 
2014-07-08T07:28:46.875+0000: 2571.965: [GC [PSYoungGen: 279350K->1422K(272768K)] 734155K->456308K(959744K), 0.0075550 secs] [Times: user=0.04 sys=0.00, real=0.01 secs] 
2014-07-08T07:28:47.818+0000: 2572.908: [GC [PSYoungGen: 272718K->1412K(265856K)] 727604K->456378K(952832K), 0.0068580 secs] [Times: user=0.05 sys=0.00, real=0.01 secs] 
2014-07-08T07:28:48.681+0000: 2573.772: [GC [PSYoungGen: 265795K->1597K(259328K)] 720761K->456635K(946304K), 0.0047490 secs] [Times: user=0.03 sys=0.00, real=0.00 secs] 
2014-07-08T07:28:49.436+0000: 2574.527: [GC [PSYoungGen: 259314K->815K(252160K)] 714351K->456315K(939136K), 0.0085830 secs] [Times: user=0.05 sys=0.00, real=0.01 secs] 
2014-07-08T07:28:50.193+0000: 2575.283: [GC [PSYoungGen: 252143K->1328K(246528K)] 707643K->456891K(933504K), 0.0099850 secs] [Times: user=0.06 sys=0.00, real=0.01 secs] 
2014-07-08T07:28:51.070+0000: 2576.160: [GC [PSYoungGen: 246512K->1032K(240320K)] 702075K->457015K(927296K), 0.0060370 secs] [Times: user=0.04 sys=0.00, real=0.00 secs] 
2014-07-08T07:28:51.897+0000: 2576.987: [GC [PSYoungGen: 240264K->1306K(234880K)] 696247K->457370K(921856K), 0.0071280 secs] [Times: user=0.04 sys=0.00, real=0.01 secs] 
2014-07-08T07:28:52.830+0000: 2577.920: [GC [PSYoungGen: 234841K->1324K(229376K)] 690905K->457550K(916352K), 0.0082550 secs] [Times: user=0.05 sys=0.00, real=0.01 secs] 
2014-07-08T07:28:53.490+0000: 2578.580: [GC [PSYoungGen: 229356K->1757K(224512K)] 685582K->458039K(911488K), 0.0090000 secs] [Times: user=0.05 sys=0.01, real=0.00 secs] 
2014-07-08T07:28:54.137+0000: 2579.228: [GC [PSYoungGen: 224432K->634K(267904K)] 680714K->457296K(954880K), 0.0112140 secs] [Times: user=0.06 sys=0.01, real=0.01 secs] 
2014-07-08T07:28:55.026+0000: 2580.116: [GC [PSYoungGen: 267898K->1172K(321984K)] 724560K->457898K(1008960K), 0.0080380 secs] [Times: user=0.05 sys=0.01, real=0.01 secs] 
2014-07-08T07:28:56.097+0000: 2581.188: [GC [PSYoungGen: 321940K->940K(312896K)] 778666K->457970K(999872K), 0.0044450 secs] [Times: user=0.02 sys=0.01, real=0.01 secs] 
2014-07-08T07:28:57.226+0000: 2582.316: [GC [PSYoungGen: 312876K->1338K(304768K)] 769906K->458480K(991744K), 0.0074930 secs] [Times: user=0.05 sys=0.00, real=0.01 secs] 
2014-07-08T07:28:58.302+0000: 2583.392: [GC [PSYoungGen: 304762K->1230K(296512K)] 761904K->458428K(983488K), 0.0103730 secs] [Times: user=0.07 sys=0.00, real=0.01 secs] 
2014-07-08T07:28:59.257+0000: 2584.347: [GC [PSYoungGen: 296462K->1010K(288384K)] 753660K->458272K(975360K), 0.0086540 secs] [Times: user=0.06 sys=0.00, real=0.01 secs] 
2014-07-08T07:29:00.145+0000: 2585.235: [GC [PSYoungGen: 288370K->1156K(281024K)] 745632K->458506K(968000K), 0.0063760 secs] [Times: user=0.04 sys=0.00, real=0.01 secs] 
2014-07-08T07:29:01.017+0000: 2586.107: [GC [PSYoungGen: 280964K->986K(273600K)] 738314K->458408K(960576K), 0.0060170 secs] [Times: user=0.03 sys=0.00, real=0.01 secs] 
2014-07-08T07:29:02.033+0000: 2587.124: [GC [PSYoungGen: 273528K->1382K(267008K)] 730950K->458998K(953984K), 0.0059600 secs] [Times: user=0.03 sys=0.00, real=0.00 secs] 
2014-07-08T07:29:02.898+0000: 2587.988: [GC [PSYoungGen: 266982K->1442K(260352K)] 724598K->459138K(947328K), 0.0045660 secs] [Times: user=0.03 sys=0.00, real=0.01 secs] 
2014-07-08T07:29:03.803+0000: 2588.893: [GC [PSYoungGen: 260322K->886K(253312K)] 718018K->459028K(940288K), 0.0084220 secs] [Times: user=0.05 sys=0.01, real=0.00 secs] 
2014-07-08T07:29:04.563+0000: 2589.654: [GC [PSYoungGen: 253302K->1520K(247744K)] 711444K->459710K(934720K), 0.0112930 secs] [Times: user=0.08 sys=0.00, real=0.01 secs] 
2014-07-08T07:29:05.304+0000: 2590.394: [GC [PSYoungGen: 247680K->1150K(241408K)] 705870K->459560K(928384K), 0.0059630 secs] [Times: user=0.04 sys=0.01, real=0.00 secs] 
2014-07-08T07:29:06.330+0000: 2591.420: [GC [PSYoungGen: 241394K->1595K(236096K)] 699804K->460070K(923072K), 0.0040110 secs] [Times: user=0.02 sys=0.00, real=0.01 secs] 
2014-07-08T07:29:07.124+0000: 2592.214: [GC [PSYoungGen: 236091K->936K(229888K)] 694566K->459490K(916864K), 0.0087360 secs] [Times: user=0.06 sys=0.00, real=0.01 secs] 
2014-07-08T07:29:08.012+0000: 2593.102: [GC [PSYoungGen: 229835K->1588K(225152K)] 688389K->460206K(912128K), 0.0056740 secs] [Times: user=0.03 sys=0.00, real=0.00 secs] 
2014-07-08T07:29:08.680+0000: 2593.770: [GC [PSYoungGen: 225140K->1316K(219712K)] 683758K->460046K(906688K), 0.0088500 secs] [Times: user=0.06 sys=0.00, real=0.01 secs] 
2014-07-08T07:29:09.271+0000: 2594.361: [GC [PSYoungGen: 219683K->836K(214272K)] 678413K->459630K(901248K), 0.0043150 secs] [Times: user=0.02 sys=0.00, real=0.01 secs] 
2014-07-08T07:29:09.980+0000: 2595.070: [GC [PSYoungGen: 214212K->1156K(209792K)] 673006K->460038K(896768K), 0.0080060 secs] [Times: user=0.06 sys=0.00, real=0.01 secs] 
2014-07-08T07:29:10.755+0000: 2595.845: [GC [PSYoungGen: 209732K->1736K(205760K)] 668614K->460674K(892736K), 0.0053270 secs] [Times: user=0.02 sys=0.00, real=0.00 secs] 
2014-07-08T07:29:11.445+0000: 2596.535: [GC [PSYoungGen: 205704K->883K(200384K)] 664642K->460345K(887360K), 0.0067710 secs] [Times: user=0.03 sys=0.01, real=0.00 secs] 
2014-07-08T07:29:12.082+0000: 2597.172: [GC [PSYoungGen: 200371K->1456K(240896K)] 659833K->461033K(927872K), 0.0137040 secs] [Times: user=0.09 sys=0.00, real=0.02 secs] 
2014-07-08T07:29:13.045+0000: 2598.135: [GC [PSYoungGen: 240850K->1553K(235264K)] 700426K->461640K(922240K), 0.0044020 secs] [Times: user=0.02 sys=0.00, real=0.00 secs] 
2014-07-08T07:29:13.811+0000: 2598.901: [GC [PSYoungGen: 235217K->836K(229056K)] 695304K->460978K(916032K), 0.0062210 secs] [Times: user=0.03 sys=0.00, real=0.01 secs] 
2014-07-08T07:29:14.433+0000: 2599.524: [GC [PSYoungGen: 228996K->1018K(274816K)] 689138K->461208K(961792K), 0.0105400 secs] [Times: user=0.07 sys=0.01, real=0.01 secs] 
2014-07-08T07:29:15.330+0000: 2600.420: [GC [PSYoungGen: 274810K->1234K(329856K)] 735000K->461521K(1016832K), 0.0102740 secs] [Times: user=0.06 sys=0.00, real=0.01 secs] 
2014-07-08T07:29:16.478+0000: 2601.568: [GC [PSYoungGen: 329810K->1468K(320896K)] 790097K->461811K(1007872K), 0.0067570 secs] [Times: user=0.02 sys=0.00, real=0.01 secs] 
2014-07-08T07:29:17.530+0000: 2602.620: [GC [PSYoungGen: 320892K->1306K(355392K)] 781235K->461720K(1042368K), 0.0168500 secs] [Times: user=0.11 sys=0.00, real=0.02 secs] 
2014-07-08T07:29:18.788+0000: 2603.878: [GC [PSYoungGen: 354711K->1309K(344576K)] 815126K->461788K(1031552K), 0.0046120 secs] [Times: user=0.02 sys=0.00, real=0.00 secs] 
2014-07-08T07:29:19.822+0000: 2604.912: [GC [PSYoungGen: 344538K->1254K(334720K)] 805017K->461788K(1021696K), 0.0068680 secs] [Times: user=0.02 sys=0.00, real=0.01 secs] 
2014-07-08T07:29:20.908+0000: 2605.999: [GC [PSYoungGen: 334694K->1129K(325248K)] 795228K->462056K(1012224K), 0.0074500 secs] [Times: user=0.04 sys=0.00, real=0.01 secs] 
2014-07-08T07:29:21.905+0000: 2606.995: [GC [PSYoungGen: 325225K->1022K(316096K)] 786152K->462004K(1003072K), 0.0063620 secs] [Times: user=0.04 sys=0.00, real=0.00 secs] 
2014-07-08T07:29:22.907+0000: 2607.997: [GC [PSYoungGen: 316094K->890K(307328K)] 777076K->462094K(994304K), 0.0079430 secs] [Times: user=0.05 sys=0.01, real=0.01 secs] 
2014-07-08T07:29:23.879+0000: 2608.969: [GC [PSYoungGen: 307322K->1114K(299264K)] 768526K->462390K(986240K), 0.0078500 secs] [Times: user=0.04 sys=0.00, real=0.01 secs] 
2014-07-08T07:29:24.790+0000: 2609.880: [GC [PSYoungGen: 299226K->776K(291008K)] 760502K->462100K(977984K), 0.0042380 secs] [Times: user=0.02 sys=0.00, real=0.00 secs] 
2014-07-08T07:29:25.824+0000: 2610.914: [GC [PSYoungGen: 290952K->1384K(283904K)] 752276K->462804K(970880K), 0.0116010 secs] [Times: user=0.07 sys=0.01, real=0.02 secs] 
2014-07-08T07:29:26.684+0000: 2611.775: [GC [PSYoungGen: 283880K->1004K(276160K)] 745300K->462488K(963136K), 0.0059690 secs] [Times: user=0.04 sys=0.01, real=0.01 secs] 
2014-07-08T07:29:27.449+0000: 2612.539: [GC [PSYoungGen: 276118K->1253K(269376K)] 737603K->462794K(956352K), 0.0083220 secs] [Times: user=0.05 sys=0.00, real=0.01 secs] 
2014-07-08T07:29:28.671+0000: 2613.762: [GC [PSYoungGen: 269335K->1462K(262784K)] 730876K->463091K(949760K), 0.0099240 secs] [Times: user=0.06 sys=0.00, real=0.01 secs] 
2014-07-08T07:29:29.314+0000: 2614.404: [GC [PSYoungGen: 262768K->1426K(256256K)] 724397K->463159K(943232K), 0.0060300 secs] [Times: user=0.04 sys=0.01, real=0.01 secs] 
2014-07-08T07:29:30.302+0000: 2615.393: [GC [PSYoungGen: 256210K->814K(249344K)] 717943K->462691K(936320K), 0.0066300 secs] [Times: user=0.05 sys=0.00, real=0.01 secs] 
2014-07-08T07:29:31.063+0000: 2616.154: [GC [PSYoungGen: 249326K->1078K(243520K)] 711203K->463027K(930496K), 0.0090520 secs] [Times: user=0.06 sys=0.01, real=0.01 secs] 
2014-07-08T07:29:31.949+0000: 2617.039: [GC [PSYoungGen: 243510K->972K(237632K)] 705459K->463018K(924608K), 0.0053810 secs] [Times: user=0.02 sys=0.00, real=0.00 secs] 
2014-07-08T07:29:32.788+0000: 2617.878: [GC [PSYoungGen: 237577K->1300K(232320K)] 699623K->463410K(919296K), 0.0119180 secs] [Times: user=0.07 sys=0.00, real=0.01 secs] 
2014-07-08T07:29:33.563+0000: 2618.653: [GC [PSYoungGen: 232276K->1210K(278400K)] 694386K->463392K(965376K), 0.0099380 secs] [Times: user=0.07 sys=0.00, real=0.01 secs] 
2014-07-08T07:29:34.387+0000: 2619.477: [GC [PSYoungGen: 278373K->1128K(333824K)] 740556K->463358K(1020800K), 0.0144190 secs] [Times: user=0.08 sys=0.00, real=0.01 secs] 
2014-07-08T07:29:35.677+0000: 2620.767: [GC [PSYoungGen: 333800K->1136K(324480K)] 796030K->463640K(1011456K), 0.0044010 secs] [Times: user=0.02 sys=0.00, real=0.01 secs] 
2014-07-08T07:29:36.755+0000: 2621.845: [GC [PSYoungGen: 324464K->1701K(316096K)] 786968K->464402K(1003072K), 0.0045830 secs] [Times: user=0.02 sys=0.00, real=0.01 secs] 
2014-07-08T07:29:37.814+0000: 2622.904: [GC [PSYoungGen: 316028K->634K(306432K)] 778729K->464269K(993408K), 0.0068590 secs] [Times: user=0.04 sys=0.00, real=0.01 secs] 
2014-07-08T07:29:38.840+0000: 2623.930: [GC [PSYoungGen: 306426K->1536K(299136K)] 770061K->465235K(986112K), 0.0084780 secs] [Times: user=0.06 sys=0.01, real=0.01 secs] 
2014-07-08T07:29:39.831+0000: 2624.922: [GC [PSYoungGen: 299072K->1558K(291200K)] 762771K->465851K(978176K), 0.0133010 secs] [Times: user=0.07 sys=0.00, real=0.01 secs] 
2014-07-08T07:29:40.770+0000: 2625.860: [GC [PSYoungGen: 291158K->872K(282880K)] 755451K->465253K(969856K), 0.0074680 secs] [Times: user=0.05 sys=0.00, real=0.01 secs] 
2014-07-08T07:29:41.641+0000: 2626.731: [GC [PSYoungGen: 282856K->1370K(276032K)] 747237K->465808K(963008K), 0.0089670 secs] [Times: user=0.06 sys=0.00, real=0.01 secs] 
2014-07-08T07:29:42.523+0000: 2627.613: [GC [PSYoungGen: 275994K->1232K(268864K)] 740432K->465741K(955840K), 0.0050210 secs] [Times: user=0.03 sys=0.00, real=0.01 secs] 
2014-07-08T07:29:43.383+0000: 2628.473: [GC [PSYoungGen: 268807K->1322K(262144K)] 733317K->465904K(949120K), 0.0080400 secs] [Times: user=0.05 sys=0.00, real=0.01 secs] 
2014-07-08T07:29:44.221+0000: 2629.311: [GC [PSYoungGen: 262091K->1263K(255552K)] 726672K->465916K(942528K), 0.0091470 secs] [Times: user=0.06 sys=0.01, real=0.01 secs] 
2014-07-08T07:29:45.198+0000: 2630.288: [GC [PSYoungGen: 255535K->1264K(249280K)] 720188K->466005K(936256K), 0.0093070 secs] [Times: user=0.06 sys=0.00, real=0.01 secs] 
2014-07-08T07:29:45.986+0000: 2631.077: [GC [PSYoungGen: 249264K->922K(242880K)] 714005K->465703K(929856K), 0.0076000 secs] [Times: user=0.04 sys=0.00, real=0.01 secs] 
2014-07-08T07:29:46.788+0000: 2631.878: [GC [PSYoungGen: 242842K->1530K(237632K)] 707623K->466392K(924608K), 0.0062840 secs] [Times: user=0.03 sys=0.00, real=0.00 secs] 
2014-07-08T07:29:47.505+0000: 2632.595: [GC [PSYoungGen: 237626K->1128K(284480K)] 702488K->466085K(971456K), 0.0107860 secs] [Times: user=0.07 sys=0.01, real=0.01 secs] 
2014-07-08T07:29:48.494+0000: 2633.584: [GC [PSYoungGen: 284455K->1202K(341248K)] 749413K->466534K(1028224K), 0.0170250 secs] [Times: user=0.10 sys=0.00, real=0.02 secs] 
2014-07-08T07:29:49.573+0000: 2634.663: [GC [PSYoungGen: 341232K->1466K(363520K)] 806564K->466878K(1050496K), 0.0089300 secs] [Times: user=0.06 sys=0.00, real=0.01 secs] 
2014-07-08T07:29:50.804+0000: 2635.895: [GC [PSYoungGen: 363065K->1106K(352256K)] 828477K->466688K(1039232K), 0.0079070 secs] [Times: user=0.05 sys=0.00, real=0.01 secs] 
2014-07-08T07:29:51.909+0000: 2637.000: [GC [PSYoungGen: 352209K->758K(341760K)] 817791K->466379K(1028736K), 0.0049450 secs] [Times: user=0.02 sys=0.00, real=0.00 secs] 
2014-07-08T07:29:52.940+0000: 2638.030: [GC [PSYoungGen: 341750K->1096K(332480K)] 807371K->466774K(1019456K), 0.0044300 secs] [Times: user=0.02 sys=0.01, real=0.00 secs] 
2014-07-08T07:29:54.106+0000: 2639.196: [GC [PSYoungGen: 332424K->1448K(323520K)] 798102K->467190K(1010496K), 0.0111430 secs] [Times: user=0.08 sys=0.00, real=0.01 secs] 
2014-07-08T07:29:55.213+0000: 2640.303: [GC [PSYoungGen: 323496K->890K(314048K)] 789238K->466688K(1001024K), 0.0079980 secs] [Times: user=0.05 sys=0.00, real=0.01 secs] 
2014-07-08T07:29:56.191+0000: 2641.282: [GC [PSYoungGen: 314042K->992K(305600K)] 779840K->466846K(992576K), 0.0113560 secs] [Times: user=0.06 sys=0.01, real=0.01 secs] 
2014-07-08T07:29:57.168+0000: 2642.258: [GC [PSYoungGen: 305568K->936K(297344K)] 771422K->466870K(984320K), 0.0131300 secs] [Times: user=0.08 sys=0.01, real=0.02 secs] 
2014-07-08T07:29:58.125+0000: 2643.215: [GC [PSYoungGen: 297320K->936K(289472K)] 763254K->466958K(976448K), 0.0064280 secs] [Times: user=0.04 sys=0.00, real=0.01 secs] 
2014-07-08T07:29:59.272+0000: 2644.363: [GC [PSYoungGen: 289430K->1478K(282432K)] 755452K->467596K(969408K), 0.0074700 secs] [Times: user=0.05 sys=0.00, real=0.01 secs] 
2014-07-08T07:30:00.126+0000: 2645.216: [GC [PSYoungGen: 282374K->1024K(274688K)] 748492K->467206K(961664K), 0.0076580 secs] [Times: user=0.04 sys=0.01, real=0.01 secs] 
2014-07-08T07:30:01.009+0000: 2646.099: [GC [PSYoungGen: 274624K->908K(267520K)] 740806K->467146K(954496K), 0.0051780 secs] [Times: user=0.03 sys=0.00, real=0.01 secs] 
2014-07-08T07:30:01.937+0000: 2647.027: [GC [PSYoungGen: 267437K->1386K(261248K)] 733675K->467704K(948224K), 0.0043570 secs] [Times: user=0.02 sys=0.00, real=0.01 secs] 
2014-07-08T07:30:02.791+0000: 2647.881: [GC [PSYoungGen: 261226K->1359K(254784K)] 727544K->467733K(941760K), 0.0048480 secs] [Times: user=0.03 sys=0.00, real=0.01 secs] 
2014-07-08T07:30:03.554+0000: 2648.644: [GC [PSYoungGen: 254735K->1380K(248512K)] 721109K->467802K(935488K), 0.0125590 secs] [Times: user=0.07 sys=0.00, real=0.01 secs] 
2014-07-08T07:30:04.649+0000: 2649.739: [GC [PSYoungGen: 248484K->950K(242048K)] 714906K->467736K(929024K), 0.0098440 secs] [Times: user=0.06 sys=0.00, real=0.01 secs] 
2014-07-08T07:30:05.288+0000: 2650.378: [GC [PSYoungGen: 242038K->1232K(236544K)] 708824K->468090K(923520K), 0.0071460 secs] [Times: user=0.04 sys=0.01, real=0.01 secs] 
2014-07-08T07:30:06.098+0000: 2651.188: [GC [PSYoungGen: 236496K->1246K(230976K)] 703354K->468350K(917952K), 0.0095710 secs] [Times: user=0.07 sys=0.00, real=0.01 secs] 
2014-07-08T07:30:06.839+0000: 2651.929: [GC [PSYoungGen: 230942K->1074K(225408K)] 698046K->468234K(912384K), 0.0060430 secs] [Times: user=0.02 sys=0.00, real=0.01 secs] 
2014-07-08T07:30:07.457+0000: 2652.547: [GC [PSYoungGen: 225393K->1140K(220288K)] 692553K->468624K(907264K), 0.0042640 secs] [Times: user=0.02 sys=0.00, real=0.01 secs] 
2014-07-08T07:30:08.204+0000: 2653.294: [GC [PSYoungGen: 220276K->960K(215168K)] 687760K->468524K(902144K), 0.0084770 secs] [Times: user=0.04 sys=0.00, real=0.01 secs] 
2014-07-08T07:30:09.030+0000: 2654.120: [GC [PSYoungGen: 215104K->1274K(210624K)] 682668K->469016K(897600K), 0.0090080 secs] [Times: user=0.05 sys=0.00, real=0.01 secs] 
2014-07-08T07:30:09.781+0000: 2654.872: [GC [PSYoungGen: 210618K->1092K(205824K)] 678360K->468882K(892800K), 0.0047750 secs] [Times: user=0.02 sys=0.00, real=0.01 secs] 
2014-07-08T07:30:10.312+0000: 2655.402: [GC [PSYoungGen: 205764K->790K(201024K)] 673554K->468620K(888000K), 0.0043770 secs] [Times: user=0.02 sys=0.00, real=0.00 secs] 
2014-07-08T07:30:10.989+0000: 2656.079: [GC [PSYoungGen: 200944K->1124K(196992K)] 668775K->469034K(883968K), 0.0085160 secs] [Times: user=0.05 sys=0.00, real=0.01 secs] 
2014-07-08T07:30:11.652+0000: 2656.742: [GC [PSYoungGen: 196964K->1138K(236160K)] 664874K->469104K(923136K), 0.0082860 secs] [Times: user=0.06 sys=0.01, real=0.01 secs] 
2014-07-08T07:30:12.387+0000: 2657.477: [GC [PSYoungGen: 236146K->1352K(283456K)] 704112K->469374K(970432K), 0.0088640 secs] [Times: user=0.04 sys=0.00, real=0.01 secs] 
2014-07-08T07:30:13.299+0000: 2658.389: [GC [PSYoungGen: 283400K->808K(275520K)] 751422K->469102K(962496K), 0.0057870 secs] [Times: user=0.04 sys=0.00, real=0.01 secs] 
2014-07-08T07:30:14.535+0000: 2659.625: [GC [PSYoungGen: 275458K->1652K(269312K)] 743753K->470189K(956288K), 0.0079370 secs] [Times: user=0.05 sys=0.00, real=0.01 secs] 
2014-07-08T07:30:15.270+0000: 2660.360: [GC [PSYoungGen: 269300K->886K(261760K)] 737837K->469713K(948736K), 0.0085180 secs] [Times: user=0.04 sys=0.00, real=0.01 secs] 
2014-07-08T07:30:16.138+0000: 2661.228: [GC [PSYoungGen: 261750K->1114K(255488K)] 730577K->470044K(942464K), 0.0085770 secs] [Times: user=0.05 sys=0.01, real=0.01 secs] 
2014-07-08T07:30:16.984+0000: 2662.074: [GC [PSYoungGen: 255450K->1056K(249152K)] 724380K->470083K(936128K), 0.0043910 secs] [Times: user=0.03 sys=0.00, real=0.00 secs] 
2014-07-08T07:30:17.883+0000: 2662.973: [GC [PSYoungGen: 249120K->1221K(243264K)] 718147K->470311K(930240K), 0.0091010 secs] [Times: user=0.06 sys=0.00, real=0.00 secs] 
2014-07-08T07:30:18.690+0000: 2663.780: [GC [PSYoungGen: 243205K->1131K(291584K)] 712295K->470587K(978560K), 0.0148610 secs] [Times: user=0.08 sys=0.00, real=0.02 secs] 
2014-07-08T07:30:19.776+0000: 2664.867: [GC [PSYoungGen: 291563K->1782K(284544K)] 761019K->471311K(971520K), 0.0043590 secs] [Times: user=0.02 sys=0.00, real=0.00 secs] 
2014-07-08T07:30:20.640+0000: 2665.730: [GC [PSYoungGen: 284534K->680K(340032K)] 754063K->471002K(1027008K), 0.0148640 secs] [Times: user=0.09 sys=0.00, real=0.02 secs] 
2014-07-08T07:30:21.845+0000: 2666.935: [GC [PSYoungGen: 340008K->1968K(387136K)] 810330K->472331K(1074112K), 0.0125630 secs] [Times: user=0.08 sys=0.00, real=0.01 secs] 
2014-07-08T07:30:22.988+0000: 2668.078: [GC [PSYoungGen: 387086K->854K(374528K)] 857448K->471600K(1061504K), 0.0050180 secs] [Times: user=0.02 sys=0.00, real=0.00 secs] 
2014-07-08T07:30:24.329+0000: 2669.419: [GC [PSYoungGen: 374486K->1164K(363840K)] 845232K->472006K(1050816K), 0.0079830 secs] [Times: user=0.05 sys=0.00, real=0.01 secs] 
2014-07-08T07:30:25.527+0000: 2670.617: [GC [PSYoungGen: 363786K->1352K(353472K)] 834629K->472235K(1040448K), 0.0129000 secs] [Times: user=0.08 sys=0.00, real=0.01 secs] 
2014-07-08T07:30:26.730+0000: 2671.820: [GC [PSYoungGen: 353416K->1260K(343232K)] 824299K->472206K(1030208K), 0.0040840 secs] [Times: user=0.02 sys=0.01, real=0.00 secs] 
2014-07-08T07:30:27.817+0000: 2672.907: [GC [PSYoungGen: 343197K->1154K(333440K)] 814144K->472157K(1020416K), 0.0087410 secs] [Times: user=0.05 sys=0.00, real=0.01 secs] 
2014-07-08T07:30:28.983+0000: 2674.073: [GC [PSYoungGen: 333378K->1628K(324544K)] 804381K->472679K(1011520K), 0.0051470 secs] [Times: user=0.02 sys=0.00, real=0.01 secs] 
2014-07-08T07:30:29.995+0000: 2675.086: [GC [PSYoungGen: 324508K->968K(314944K)] 795559K->472090K(1001920K), 0.0039920 secs] [Times: user=0.02 sys=0.00, real=0.00 secs] 
2014-07-08T07:30:30.965+0000: 2676.055: [GC [PSYoungGen: 314888K->740K(306112K)] 786010K->471918K(993088K), 0.0104470 secs] [Times: user=0.06 sys=0.00, real=0.02 secs] 
2014-07-08T07:30:31.954+0000: 2677.044: [GC [PSYoungGen: 306084K->854K(297984K)] 777262K->472112K(984960K), 0.0058030 secs] [Times: user=0.02 sys=0.00, real=0.01 secs] 
2014-07-08T07:30:32.920+0000: 2678.010: [GC [PSYoungGen: 297912K->1050K(290240K)] 769171K->472420K(977216K), 0.0085160 secs] [Times: user=0.06 sys=0.00, real=0.01 secs] 
2014-07-08T07:30:33.931+0000: 2679.022: [GC [PSYoungGen: 290202K->1170K(282752K)] 761572K->472604K(969728K), 0.0043330 secs] [Times: user=0.02 sys=0.00, real=0.01 secs] 
2014-07-08T07:30:34.920+0000: 2680.010: [GC [PSYoungGen: 282706K->1014K(275264K)] 754140K->472560K(962240K), 0.0071580 secs] [Times: user=0.05 sys=0.00, real=0.01 secs] 
2014-07-08T07:30:35.806+0000: 2680.896: [GC [PSYoungGen: 275254K->1444K(268672K)] 746800K->473039K(955648K), 0.0115750 secs] [Times: user=0.07 sys=0.00, real=0.02 secs] 
2014-07-08T07:30:36.629+0000: 2681.719: [GC [PSYoungGen: 268644K->1182K(321856K)] 740239K->472832K(1008832K), 0.0160520 secs] [Times: user=0.10 sys=0.00, real=0.01 secs] 
2014-07-08T07:30:37.695+0000: 2682.785: [GC [PSYoungGen: 321822K->1188K(313024K)] 793472K->473057K(1000000K), 0.0050270 secs] [Times: user=0.02 sys=0.00, real=0.01 secs] 
2014-07-08T07:30:38.840+0000: 2683.930: [GC [PSYoungGen: 312996K->1462K(304768K)] 784865K->473411K(991744K), 0.0068970 secs] [Times: user=0.05 sys=0.00, real=0.01 secs] 
2014-07-08T07:30:39.874+0000: 2684.964: [GC [PSYoungGen: 304709K->1022K(296128K)] 776658K->473026K(983104K), 0.0062710 secs] [Times: user=0.03 sys=0.01, real=0.01 secs] 
2014-07-08T07:30:40.822+0000: 2685.912: [GC [PSYoungGen: 296126K->1845K(289088K)] 768130K->473929K(976064K), 0.0050030 secs] [Times: user=0.03 sys=0.00, real=0.01 secs] 
2014-07-08T07:30:41.724+0000: 2686.814: [GC [PSYoungGen: 289077K->868K(280576K)] 761161K->473519K(967552K), 0.0049620 secs] [Times: user=0.03 sys=0.01, real=0.01 secs] 
2014-07-08T07:30:42.559+0000: 2687.649: [GC [PSYoungGen: 280548K->1428K(273920K)] 753199K->474167K(960896K), 0.0078040 secs] [Times: user=0.05 sys=0.00, real=0.00 secs] 
2014-07-08T07:30:43.369+0000: 2688.459: [GC [PSYoungGen: 273876K->904K(266432K)] 746615K->473985K(953408K), 0.0109100 secs] [Times: user=0.07 sys=0.00, real=0.01 secs] 
2014-07-08T07:30:44.340+0000: 2689.430: [GC [PSYoungGen: 266376K->1206K(259968K)] 739457K->474367K(946944K), 0.0081550 secs] [Times: user=0.05 sys=0.01, real=0.01 secs] 
2014-07-08T07:30:45.144+0000: 2690.235: [GC [PSYoungGen: 259958K->968K(253312K)] 733119K->474217K(940288K), 0.0084880 secs] [Times: user=0.05 sys=0.01, real=0.01 secs] 
2014-07-08T07:30:46.027+0000: 2691.117: [GC [PSYoungGen: 253254K->1036K(247168K)] 726503K->474357K(934144K), 0.0043190 secs] [Times: user=0.02 sys=0.00, real=0.01 secs] 
2014-07-08T07:30:46.865+0000: 2691.955: [GC [PSYoungGen: 247096K->1146K(241280K)] 720417K->474547K(928256K), 0.0103750 secs] [Times: user=0.07 sys=0.00, real=0.01 secs] 
2014-07-08T07:30:47.528+0000: 2692.618: [GC [PSYoungGen: 241270K->1310K(289536K)] 714670K->474807K(976512K), 0.0100800 secs] [Times: user=0.06 sys=0.01, real=0.01 secs] 
2014-07-08T07:30:48.385+0000: 2693.476: [GC [PSYoungGen: 289502K->1256K(347136K)] 762999K->474857K(1034112K), 0.0128040 secs] [Times: user=0.07 sys=0.00, real=0.02 secs] 
2014-07-08T07:30:49.764+0000: 2694.854: [GC [PSYoungGen: 347083K->1517K(337536K)] 820684K->475206K(1024512K), 0.0050260 secs] [Times: user=0.02 sys=0.00, real=0.01 secs] 
2014-07-08T07:30:50.774+0000: 2695.864: [GC [PSYoungGen: 337485K->826K(327360K)] 811174K->474983K(1014336K), 0.0110920 secs] [Times: user=0.07 sys=0.00, real=0.01 secs] 
2014-07-08T07:30:51.757+0000: 2696.847: [GC [PSYoungGen: 327354K->1456K(318912K)] 801511K->475693K(1005888K), 0.0068840 secs] [Times: user=0.05 sys=0.01, real=0.01 secs] 
2014-07-08T07:30:52.783+0000: 2697.873: [GC [PSYoungGen: 318896K->1332K(310080K)] 793133K->476042K(997056K), 0.0045090 secs] [Times: user=0.03 sys=0.00, real=0.00 secs] 
2014-07-08T07:30:53.843+0000: 2698.933: [GC [PSYoungGen: 310068K->1398K(301760K)] 784778K->476211K(988736K), 0.0078910 secs] [Times: user=0.05 sys=0.00, real=0.01 secs] 
2014-07-08T07:30:54.912+0000: 2700.002: [GC [PSYoungGen: 301750K->990K(293312K)] 776563K->475851K(980288K), 0.0042040 secs] [Times: user=0.02 sys=0.00, real=0.00 secs] 
2014-07-08T07:30:55.843+0000: 2700.933: [GC [PSYoungGen: 293278K->954K(351744K)] 768139K->475895K(1038720K), 0.0193620 secs] [Times: user=0.13 sys=0.00, real=0.02 secs] 
2014-07-08T07:30:56.951+0000: 2702.041: [GC [PSYoungGen: 351738K->840K(341632K)] 826679K->475845K(1028608K), 0.0079080 secs] [Times: user=0.05 sys=0.00, real=0.01 secs] 
2014-07-08T07:30:58.015+0000: 2703.105: [GC [PSYoungGen: 341576K->772K(331904K)] 816581K->475849K(1018880K), 0.0056090 secs] [Times: user=0.04 sys=0.00, real=0.01 secs] 
2014-07-08T07:30:59.135+0000: 2704.225: [GC [PSYoungGen: 331844K->1274K(323072K)] 806921K->476416K(1010048K), 0.0066060 secs] [Times: user=0.05 sys=0.00, real=0.01 secs] 
2014-07-08T07:31:00.203+0000: 2705.294: [GC [PSYoungGen: 323029K->1032K(313984K)] 798171K->476261K(1000960K), 0.0070780 secs] [Times: user=0.05 sys=0.00, real=0.01 secs] 
2014-07-08T07:31:01.209+0000: 2706.299: [GC [PSYoungGen: 313850K->907K(305280K)] 789080K->476200K(992256K), 0.0093460 secs] [Times: user=0.05 sys=0.00, real=0.01 secs] 
2014-07-08T07:31:02.164+0000: 2707.255: [GC [PSYoungGen: 305227K->904K(297088K)] 780520K->476253K(984064K), 0.0082320 secs] [Times: user=0.05 sys=0.00, real=0.01 secs] 
2014-07-08T07:31:03.140+0000: 2708.230: [GC [PSYoungGen: 297032K->1238K(289536K)] 772381K->476692K(976512K), 0.0070750 secs] [Times: user=0.04 sys=0.00, real=0.01 secs] 
2014-07-08T07:31:04.006+0000: 2709.097: [GC [PSYoungGen: 289473K->1171K(281920K)] 764927K->476721K(968896K), 0.0078190 secs] [Times: user=0.05 sys=0.00, real=0.01 secs] 
2014-07-08T07:31:05.162+0000: 2710.252: [GC [PSYoungGen: 281875K->1136K(274560K)] 757425K->476920K(961536K), 0.0070630 secs] [Times: user=0.05 sys=0.00, real=0.00 secs] 
2014-07-08T07:31:05.951+0000: 2711.041: [GC [PSYoungGen: 274544K->1043K(267520K)] 750328K->476883K(954496K), 0.0049030 secs] [Times: user=0.02 sys=0.01, real=0.00 secs] 
2014-07-08T07:31:06.851+0000: 2711.941: [GC [PSYoungGen: 267475K->1380K(261120K)] 743315K->477414K(948096K), 0.0047400 secs] [Times: user=0.03 sys=0.00, real=0.00 secs] 
2014-07-08T07:31:07.677+0000: 2712.767: [GC [PSYoungGen: 261092K->1362K(254656K)] 737126K->477492K(941632K), 0.0068570 secs] [Times: user=0.04 sys=0.00, real=0.01 secs] 
2014-07-08T07:31:08.467+0000: 2713.557: [GC [PSYoungGen: 254609K->932K(247936K)] 730739K->477606K(934912K), 0.0087250 secs] [Times: user=0.05 sys=0.00, real=0.01 secs] 
2014-07-08T07:31:09.297+0000: 2714.387: [GC [PSYoungGen: 247908K->1556K(242560K)] 724582K->478286K(929536K), 0.0131550 secs] [Times: user=0.08 sys=0.00, real=0.01 secs] 
2014-07-08T07:31:10.162+0000: 2715.252: [GC [PSYoungGen: 242516K->971K(236224K)] 719246K->477989K(923200K), 0.0086050 secs] [Times: user=0.06 sys=0.00, real=0.00 secs] 
2014-07-08T07:31:10.972+0000: 2716.062: [GC [PSYoungGen: 236171K->1158K(283456K)] 713189K->478232K(970432K), 0.0192180 secs] [Times: user=0.14 sys=0.00, real=0.02 secs] 
2014-07-08T07:31:11.850+0000: 2716.940: [GC [PSYoungGen: 283396K->840K(339584K)] 760471K->478002K(1026560K), 0.0081640 secs] [Times: user=0.05 sys=0.00, real=0.01 secs] 
2014-07-08T07:31:13.003+0000: 2718.093: [GC [PSYoungGen: 339528K->1416K(372736K)] 816690K->478682K(1059712K), 0.0068070 secs] [Times: user=0.05 sys=0.01, real=0.00 secs] 
2014-07-08T07:31:14.042+0000: 2719.132: [GC [PSYoungGen: 372296K->950K(360960K)] 849562K->478272K(1047936K), 0.0075210 secs] [Times: user=0.04 sys=0.00, real=0.01 secs] 
2014-07-08T07:31:15.325+0000: 2720.415: [GC [PSYoungGen: 360950K->890K(350464K)] 838272K->478260K(1037440K), 0.0046720 secs] [Times: user=0.02 sys=0.01, real=0.00 secs] 
2014-07-08T07:31:16.437+0000: 2721.527: [GC [PSYoungGen: 350458K->1266K(340800K)] 827828K->478708K(1027776K), 0.0102980 secs] [Times: user=0.07 sys=0.00, real=0.01 secs] 
2014-07-08T07:31:17.567+0000: 2722.657: [GC [PSYoungGen: 340786K->1380K(406016K)] 818228K->478870K(1092992K), 0.0178260 secs] [Times: user=0.10 sys=0.01, real=0.02 secs] 
2014-07-08T07:31:19.013+0000: 2724.103: [GC [PSYoungGen: 405540K->1694K(393600K)] 883030K->479257K(1080576K), 0.0107200 secs] [Times: user=0.08 sys=0.00, real=0.01 secs] 
2014-07-08T07:31:20.148+0000: 2725.238: [GC [PSYoungGen: 393566K->1220K(381376K)] 871129K->478846K(1068352K), 0.0057790 secs] [Times: user=0.03 sys=0.00, real=0.01 secs] 
2014-07-08T07:31:21.402+0000: 2726.492: [GC [PSYoungGen: 381293K->1014K(369856K)] 858919K->478696K(1056832K), 0.0064380 secs] [Times: user=0.03 sys=0.00, real=0.01 secs] 
2014-07-08T07:31:22.553+0000: 2727.643: [GC [PSYoungGen: 369820K->1424K(359488K)] 847503K->479162K(1046464K), 0.0058480 secs] [Times: user=0.03 sys=0.01, real=0.01 secs] 
2014-07-08T07:31:23.812+0000: 2728.902: [GC [PSYoungGen: 359366K->1263K(348928K)] 837104K->479123K(1035904K), 0.0054720 secs] [Times: user=0.03 sys=0.00, real=0.01 secs] 
2014-07-08T07:31:25.073+0000: 2730.163: [GC [PSYoungGen: 348911K->1660K(339392K)] 826771K->479593K(1026368K), 0.0056290 secs] [Times: user=0.04 sys=0.00, real=0.01 secs] 
2014-07-08T07:31:26.095+0000: 2731.185: [GC [PSYoungGen: 339388K->676K(328896K)] 817321K->478680K(1015872K), 0.0060690 secs] [Times: user=0.04 sys=0.00, real=0.00 secs] 
2014-07-08T07:31:27.136+0000: 2732.227: [GC [PSYoungGen: 328845K->1210K(320256K)] 806850K->479294K(1007232K), 0.0040590 secs] [Times: user=0.02 sys=0.00, real=0.00 secs] 
2014-07-08T07:31:28.152+0000: 2733.242: [GC [PSYoungGen: 320250K->708K(311040K)] 798334K->478880K(998016K), 0.0038860 secs] [Times: user=0.02 sys=0.00, real=0.01 secs] 
2014-07-08T07:31:29.223+0000: 2734.314: [GC [PSYoungGen: 310980K->922K(302784K)] 789152K->479174K(989760K), 0.0041360 secs] [Times: user=0.02 sys=0.00, real=0.01 secs] 
2014-07-08T07:31:30.207+0000: 2735.298: [GC [PSYoungGen: 302746K->776K(294528K)] 780998K->479100K(981504K), 0.0068160 secs] [Times: user=0.05 sys=0.00, real=0.01 secs] 
2014-07-08T07:31:31.141+0000: 2736.231: [GC [PSYoungGen: 294472K->1018K(286912K)] 772796K->479406K(973888K), 0.0108650 secs] [Times: user=0.05 sys=0.00, real=0.01 secs] 
2014-07-08T07:31:32.071+0000: 2737.161: [GC [PSYoungGen: 286898K->972K(279424K)] 765287K->479432K(966400K), 0.0070110 secs] [Times: user=0.03 sys=0.00, real=0.01 secs] 
2014-07-08T07:31:32.972+0000: 2738.063: [GC [PSYoungGen: 279372K->1100K(272384K)] 757832K->479624K(959360K), 0.0045380 secs] [Times: user=0.02 sys=0.00, real=0.01 secs] 
2014-07-08T07:31:33.846+0000: 2738.936: [GC [PSYoungGen: 272332K->1458K(265792K)] 750856K->480087K(952768K), 0.0041170 secs] [Times: user=0.02 sys=0.00, real=0.00 secs] 
2014-07-08T07:31:34.832+0000: 2739.922: [GC [PSYoungGen: 265778K->1022K(258688K)] 744407K->479722K(945664K), 0.0082330 secs] [Times: user=0.06 sys=0.00, real=0.01 secs] 
2014-07-08T07:31:35.730+0000: 2740.820: [GC [PSYoungGen: 258656K->1259K(252544K)] 737357K->480149K(939520K), 0.0112170 secs] [Times: user=0.07 sys=0.01, real=0.01 secs] 
2014-07-08T07:31:36.388+0000: 2741.479: [GC [PSYoungGen: 252511K->1334K(246464K)] 731400K->480280K(933440K), 0.0045840 secs] [Times: user=0.02 sys=0.00, real=0.00 secs] 
2014-07-08T07:31:37.183+0000: 2742.273: [GC [PSYoungGen: 246454K->658K(239872K)] 725400K->479759K(926848K), 0.0046320 secs] [Times: user=0.02 sys=0.00, real=0.01 secs] 
2014-07-08T07:31:37.956+0000: 2743.046: [GC [PSYoungGen: 239826K->1050K(234560K)] 718927K->480223K(921536K), 0.0072450 secs] [Times: user=0.05 sys=0.00, real=0.00 secs] 
2014-07-08T07:31:38.703+0000: 2743.793: [GC [PSYoungGen: 234522K->1128K(229120K)] 713695K->480349K(916096K), 0.0084770 secs] [Times: user=0.05 sys=0.00, real=0.01 secs] 
2014-07-08T07:31:39.500+0000: 2744.590: [GC [PSYoungGen: 229096K->1317K(224000K)] 708317K->480634K(910976K), 0.0095090 secs] [Times: user=0.06 sys=0.00, real=0.01 secs] 
2014-07-08T07:31:40.211+0000: 2745.301: [GC [PSYoungGen: 223973K->808K(218368K)] 703290K->480181K(905344K), 0.0039940 secs] [Times: user=0.02 sys=0.00, real=0.00 secs] 
2014-07-08T07:31:40.938+0000: 2746.028: [GC [PSYoungGen: 218319K->794K(213440K)] 697692K->480215K(900416K), 0.0045430 secs] [Times: user=0.02 sys=0.00, real=0.00 secs] 
2014-07-08T07:31:41.583+0000: 2746.673: [GC [PSYoungGen: 213402K->1150K(208960K)] 692823K->480651K(895936K), 0.0080000 secs] [Times: user=0.06 sys=0.00, real=0.01 secs] 
2014-07-08T07:31:42.190+0000: 2747.280: [GC [PSYoungGen: 208909K->808K(204032K)] 688411K->480357K(891008K), 0.0062990 secs] [Times: user=0.02 sys=0.01, real=0.01 secs] 
2014-07-08T07:31:42.899+0000: 2747.989: [GC [PSYoungGen: 203987K->1196K(200000K)] 683536K->480841K(886976K), 0.0088770 secs] [Times: user=0.06 sys=0.00, real=0.01 secs] 
2014-07-08T07:31:43.487+0000: 2748.577: [GC [PSYoungGen: 199979K->1372K(240000K)] 679624K->481066K(926976K), 0.0101580 secs] [Times: user=0.06 sys=0.00, real=0.01 secs] 
2014-07-08T07:31:44.253+0000: 2749.343: [GC [PSYoungGen: 239923K->882K(287232K)] 719617K->480838K(974208K), 0.0076890 secs] [Times: user=0.05 sys=0.00, real=0.01 secs] 
2014-07-08T07:31:45.245+0000: 2750.335: [GC [PSYoungGen: 287124K->1093K(280000K)] 767080K->481112K(966976K), 0.0042050 secs] [Times: user=0.02 sys=0.00, real=0.01 secs] 
2014-07-08T07:31:46.079+0000: 2751.170: [GC [PSYoungGen: 279941K->1010K(272640K)] 759960K->481135K(959616K), 0.0056910 secs] [Times: user=0.03 sys=0.00, real=0.00 secs] 
2014-07-08T07:31:46.990+0000: 2752.080: [GC [PSYoungGen: 272626K->964K(265728K)] 752751K->481170K(952704K), 0.0040220 secs] [Times: user=0.03 sys=0.00, real=0.00 secs] 
2014-07-08T07:31:47.841+0000: 2752.931: [GC [PSYoungGen: 265668K->1164K(259264K)] 745874K->481465K(946240K), 0.0074030 secs] [Times: user=0.05 sys=0.00, real=0.01 secs] 
2014-07-08T07:31:48.601+0000: 2753.691: [GC [PSYoungGen: 259187K->1182K(252864K)] 739489K->481563K(939840K), 0.0066760 secs] [Times: user=0.04 sys=0.00, real=0.01 secs] 
2014-07-08T07:31:49.551+0000: 2754.641: [GC [PSYoungGen: 252830K->826K(246272K)] 733211K->481742K(933248K), 0.0059840 secs] [Times: user=0.03 sys=0.00, real=0.01 secs] 
2014-07-08T07:31:50.350+0000: 2755.440: [GC [PSYoungGen: 246266K->1192K(295744K)] 727182K->482156K(982720K), 0.0156210 secs] [Times: user=0.11 sys=0.00, real=0.01 secs] 
2014-07-08T07:31:51.266+0000: 2756.357: [GC [PSYoungGen: 295714K->982K(354496K)] 776678K->482148K(1041472K), 0.0133550 secs] [Times: user=0.08 sys=0.00, real=0.02 secs] 
2014-07-08T07:31:52.367+0000: 2757.458: [GC [PSYoungGen: 354454K->1074K(385408K)] 835620K->482304K(1072384K), 0.0067560 secs] [Times: user=0.03 sys=0.00, real=0.00 secs] 
2014-07-08T07:31:53.671+0000: 2758.761: [GC [PSYoungGen: 384882K->1292K(373696K)] 866112K->482602K(1060672K), 0.0100940 secs] [Times: user=0.07 sys=0.01, real=0.01 secs] 
2014-07-08T07:31:54.967+0000: 2760.057: [GC [PSYoungGen: 373644K->975K(362432K)] 854954K->482349K(1049408K), 0.0146630 secs] [Times: user=0.10 sys=0.00, real=0.02 secs] 
2014-07-08T07:31:56.165+0000: 2761.255: [GC [PSYoungGen: 362325K->762K(351680K)] 843699K->482266K(1038656K), 0.0046590 secs] [Times: user=0.02 sys=0.00, real=0.01 secs] 
2014-07-08T07:31:57.245+0000: 2762.335: [GC [PSYoungGen: 351674K->744K(341568K)] 833178K->482304K(1028544K), 0.0041190 secs] [Times: user=0.03 sys=0.00, real=0.01 secs] 
2014-07-08T07:31:58.320+0000: 2763.410: [GC [PSYoungGen: 341544K->794K(331968K)] 823104K->482452K(1018944K), 0.0055870 secs] [Times: user=0.02 sys=0.00, real=0.00 secs] 
2014-07-08T07:31:59.336+0000: 2764.427: [GC [PSYoungGen: 331903K->940K(322816K)] 813562K->482654K(1009792K), 0.0045080 secs] [Times: user=0.02 sys=0.00, real=0.01 secs] 
2014-07-08T07:32:00.494+0000: 2765.584: [GC [PSYoungGen: 322796K->1342K(314304K)] 804510K->483120K(1001280K), 0.0084320 secs] [Times: user=0.05 sys=0.00, real=0.01 secs] 
2014-07-08T07:32:01.470+0000: 2766.560: [GC [PSYoungGen: 314263K->1328K(305728K)] 796041K->483186K(992704K), 0.0094240 secs] [Times: user=0.05 sys=0.00, real=0.01 secs] 
2014-07-08T07:32:02.395+0000: 2767.485: [GC [PSYoungGen: 305712K->552K(296768K)] 787570K->482808K(983744K), 0.0095490 secs] [Times: user=0.05 sys=0.00, real=0.01 secs] 
2014-07-08T07:32:03.314+0000: 2768.405: [GC [PSYoungGen: 296744K->1104K(289472K)] 779000K->483424K(976448K), 0.0041300 secs] [Times: user=0.02 sys=0.00, real=0.00 secs] 
2014-07-08T07:32:04.198+0000: 2769.289: [GC [PSYoungGen: 289424K->1046K(281856K)] 771744K->483646K(968832K), 0.0077610 secs] [Times: user=0.04 sys=0.01, real=0.01 secs] 
2014-07-08T07:32:05.233+0000: 2770.323: [GC [PSYoungGen: 281814K->1444K(274944K)] 764414K->484092K(961920K), 0.0051730 secs] [Times: user=0.02 sys=0.00, real=0.00 secs] 
2014-07-08T07:32:06.173+0000: 2771.264: [GC [PSYoungGen: 274916K->566K(267072K)] 757564K->483520K(954048K), 0.0041340 secs] [Times: user=0.02 sys=0.00, real=0.00 secs] 
2014-07-08T07:32:07.071+0000: 2772.161: [GC [PSYoungGen: 267046K->943K(260736K)] 750001K->483977K(947712K), 0.0071800 secs] [Times: user=0.05 sys=0.00, real=0.00 secs] 
2014-07-08T07:32:07.918+0000: 2773.008: [GC [PSYoungGen: 260719K->1068K(254400K)] 743753K->484306K(941376K), 0.0064220 secs] [Times: user=0.04 sys=0.01, real=0.01 secs] 
2014-07-08T07:32:08.764+0000: 2773.854: [GC [PSYoungGen: 254380K->1322K(248384K)] 737618K->484592K(935360K), 0.0057480 secs] [Times: user=0.02 sys=0.00, real=0.01 secs] 
2014-07-08T07:32:09.504+0000: 2774.594: [GC [PSYoungGen: 248362K->698K(241728K)] 731632K->484602K(928704K), 0.0092000 secs] [Times: user=0.07 sys=0.00, real=0.01 secs] 
2014-07-08T07:32:10.310+0000: 2775.400: [GC [PSYoungGen: 241722K->1264K(236544K)] 725626K->485264K(923520K), 0.0071640 secs] [Times: user=0.05 sys=0.00, real=0.00 secs] 
2014-07-08T07:32:11.137+0000: 2776.227: [GC [PSYoungGen: 236528K->1120K(230848K)] 720528K->485547K(917824K), 0.0077400 secs] [Times: user=0.06 sys=0.00, real=0.01 secs] 
2014-07-08T07:32:11.881+0000: 2776.972: [GC [PSYoungGen: 230816K->890K(225216K)] 715243K->485380K(912192K), 0.0094120 secs] [Times: user=0.06 sys=0.01, real=0.01 secs] 
2014-07-08T07:32:12.540+0000: 2777.630: [GC [PSYoungGen: 225203K->950K(220096K)] 709693K->485504K(907072K), 0.0054510 secs] [Times: user=0.03 sys=0.00, real=0.01 secs] 
2014-07-08T07:32:13.252+0000: 2778.343: [GC [PSYoungGen: 220086K->936K(215104K)] 704640K->485586K(902080K), 0.0055100 secs] [Times: user=0.03 sys=0.00, real=0.00 secs] 
2014-07-08T07:32:13.932+0000: 2779.022: [GC [PSYoungGen: 215080K->918K(210304K)] 699730K->485640K(897280K), 0.0056760 secs] [Times: user=0.04 sys=0.00, real=0.00 secs] 
2014-07-08T07:32:14.594+0000: 2779.684: [GC [PSYoungGen: 210261K->1535K(252800K)] 694983K->486393K(939776K), 0.0115320 secs] [Times: user=0.08 sys=0.00, real=0.01 secs] 
2014-07-08T07:32:15.486+0000: 2780.576: [GC [PSYoungGen: 252795K->630K(302208K)] 737653K->486040K(989184K), 0.0098460 secs] [Times: user=0.06 sys=0.00, real=0.01 secs] 
2014-07-08T07:32:16.409+0000: 2781.499: [GC [PSYoungGen: 302198K->1232K(294720K)] 787608K->486698K(981696K), 0.0043720 secs] [Times: user=0.02 sys=0.00, real=0.01 secs] 
2014-07-08T07:32:17.334+0000: 2782.424: [GC [PSYoungGen: 294672K->922K(286592K)] 780138K->486798K(973568K), 0.0117060 secs] [Times: user=0.07 sys=0.00, real=0.01 secs] 
2014-07-08T07:32:18.230+0000: 2783.320: [GC [PSYoungGen: 286554K->758K(278912K)] 772430K->486682K(965888K), 0.0083090 secs] [Times: user=0.02 sys=0.00, real=0.01 secs] 
2014-07-08T07:32:19.117+0000: 2784.207: [GC [PSYoungGen: 278902K->986K(272000K)] 764826K->487014K(958976K), 0.0095660 secs] [Times: user=0.06 sys=0.00, real=0.01 secs] 
2014-07-08T07:32:20.054+0000: 2785.144: [GC [PSYoungGen: 271962K->840K(264960K)] 757990K->486956K(951936K), 0.0055420 secs] [Times: user=0.04 sys=0.00, real=0.00 secs] 
2014-07-08T07:32:20.991+0000: 2786.082: [GC [PSYoungGen: 264904K->1086K(258496K)] 751020K->487266K(945472K), 0.0072720 secs] [Times: user=0.02 sys=0.00, real=0.01 secs] 
2014-07-08T07:32:21.782+0000: 2786.872: [GC [PSYoungGen: 258494K->1086K(310016K)] 744674K->487330K(996992K), 0.0199710 secs] [Times: user=0.13 sys=0.00, real=0.02 secs] 
2014-07-08T07:32:22.808+0000: 2787.898: [GC [PSYoungGen: 310014K->1078K(371840K)] 796258K->487555K(1058816K), 0.0172860 secs] [Times: user=0.11 sys=0.00, real=0.02 secs] 
2014-07-08T07:32:23.906+0000: 2788.996: [GC [PSYoungGen: 371830K->1140K(407232K)] 858307K->487672K(1094208K), 0.0112290 secs] [Times: user=0.08 sys=0.00, real=0.01 secs] 
2014-07-08T07:32:25.264+0000: 2790.354: [GC [PSYoungGen: 406772K->758K(446400K)] 893304K->487652K(1133376K), 0.0066330 secs] [Times: user=0.04 sys=0.00, real=0.00 secs] 
2014-07-08T07:32:26.768+0000: 2791.858: [GC [PSYoungGen: 445622K->1328K(432128K)] 932516K->488294K(1119104K), 0.0108370 secs] [Times: user=0.07 sys=0.00, real=0.01 secs] 
2014-07-08T07:32:28.009+0000: 2793.100: [GC [PSYoungGen: 432112K->306K(417664K)] 919078K->487846K(1104640K), 0.0074270 secs] [Times: user=0.04 sys=0.00, real=0.01 secs] 
2014-07-08T07:32:29.304+0000: 2794.394: [GC [PSYoungGen: 417650K->1008K(405504K)] 905190K->488589K(1092480K), 0.0044220 secs] [Times: user=0.02 sys=0.00, real=0.00 secs] 
2014-07-08T07:32:30.893+0000: 2795.983: [GC [PSYoungGen: 405488K->1576K(393728K)] 893069K->489527K(1080704K), 0.0096040 secs] [Times: user=0.06 sys=0.00, real=0.01 secs] 
2014-07-08T07:32:32.007+0000: 2797.098: [GC [PSYoungGen: 393704K->1174K(381568K)] 881655K->489213K(1068544K), 0.0096470 secs] [Times: user=0.06 sys=0.00, real=0.01 secs] 
2014-07-08T07:32:33.199+0000: 2798.289: [GC [PSYoungGen: 381526K->832K(369920K)] 869565K->488943K(1056896K), 0.0060260 secs] [Times: user=0.04 sys=0.00, real=0.01 secs] 
2014-07-08T07:32:34.300+0000: 2799.391: [GC [PSYoungGen: 369856K->822K(359040K)] 857967K->489013K(1046016K), 0.0089250 secs] [Times: user=0.06 sys=0.00, real=0.01 secs] 
2014-07-08T07:32:35.710+0000: 2800.800: [GC [PSYoungGen: 359030K->1256K(349120K)] 847221K->489535K(1036096K), 0.0121940 secs] [Times: user=0.08 sys=0.00, real=0.01 secs] 
2014-07-08T07:32:36.828+0000: 2801.918: [GC [PSYoungGen: 349096K->1690K(339584K)] 837375K->490033K(1026560K), 0.0085510 secs] [Times: user=0.06 sys=0.00, real=0.01 secs] 
2014-07-08T07:32:37.858+0000: 2802.948: [GC [PSYoungGen: 339546K->634K(328960K)] 827889K->489321K(1015936K), 0.0085210 secs] [Times: user=0.06 sys=0.00, real=0.01 secs] 
2014-07-08T07:32:38.879+0000: 2803.969: [GC [PSYoungGen: 328944K->1342K(320512K)] 817631K->490093K(1007488K), 0.0067720 secs] [Times: user=0.04 sys=0.00, real=0.01 secs] 
2014-07-08T07:32:39.890+0000: 2804.981: [GC [PSYoungGen: 320478K->1388K(384448K)] 809229K->490303K(1071424K), 0.0238150 secs] [Times: user=0.16 sys=0.00, real=0.02 secs] 
2014-07-08T07:32:41.163+0000: 2806.253: [GC [PSYoungGen: 384428K->722K(372416K)] 873343K->489733K(1059392K), 0.0074080 secs] [Times: user=0.05 sys=0.00, real=0.01 secs] 
2014-07-08T07:32:42.283+0000: 2807.374: [GC [PSYoungGen: 372370K->1128K(361856K)] 861381K->490227K(1048832K), 0.0062630 secs] [Times: user=0.04 sys=0.00, real=0.01 secs] 
2014-07-08T07:32:43.389+0000: 2808.479: [GC [PSYoungGen: 361832K->1014K(351232K)] 850931K->490169K(1038208K), 0.0085440 secs] [Times: user=0.05 sys=0.00, real=0.01 secs] 
2014-07-08T07:32:44.542+0000: 2809.632: [GC [PSYoungGen: 351222K->1046K(341248K)] 840377K->490273K(1028224K), 0.0084950 secs] [Times: user=0.05 sys=0.00, real=0.01 secs] 
2014-07-08T07:32:45.678+0000: 2810.769: [GC [PSYoungGen: 341206K->1394K(409600K)] 830433K->490693K(1096576K), 0.0194750 secs] [Times: user=0.12 sys=0.00, real=0.02 secs] 
2014-07-08T07:32:47.010+0000: 2812.100: [GC [PSYoungGen: 409586K->926K(396672K)] 898885K->490281K(1083648K), 0.0062890 secs] [Times: user=0.04 sys=0.00, real=0.01 secs] 
2014-07-08T07:32:48.217+0000: 2813.307: [GC [PSYoungGen: 396638K->946K(384704K)] 885993K->490389K(1071680K), 0.0087610 secs] [Times: user=0.05 sys=0.00, real=0.01 secs] 
2014-07-08T07:32:49.393+0000: 2814.483: [GC [PSYoungGen: 384689K->1074K(373376K)] 874133K->490573K(1060352K), 0.0073340 secs] [Times: user=0.04 sys=0.01, real=0.01 secs] 
2014-07-08T07:32:50.698+0000: 2815.789: [GC [PSYoungGen: 373362K->1242K(362624K)] 862861K->490805K(1049600K), 0.0102590 secs] [Times: user=0.06 sys=0.00, real=0.01 secs] 
2014-07-08T07:32:51.871+0000: 2816.961: [GC [PSYoungGen: 362586K->996K(351872K)] 852149K->490663K(1038848K), 0.0053920 secs] [Times: user=0.03 sys=0.00, real=0.01 secs] 
2014-07-08T07:32:52.962+0000: 2818.052: [GC [PSYoungGen: 351844K->896K(341696K)] 841511K->490659K(1028672K), 0.0074240 secs] [Times: user=0.04 sys=0.00, real=0.01 secs] 
2014-07-08T07:32:54.104+0000: 2819.194: [GC [PSYoungGen: 341632K->1054K(332160K)] 831395K->490881K(1019136K), 0.0054260 secs] [Times: user=0.03 sys=0.00, real=0.01 secs] 
2014-07-08T07:32:55.164+0000: 2820.254: [GC [PSYoungGen: 332126K->772K(322624K)] 821953K->490671K(1009600K), 0.0084720 secs] [Times: user=0.06 sys=0.00, real=0.01 secs] 
2014-07-08T07:32:56.221+0000: 2821.312: [GC [PSYoungGen: 322536K->1068K(313984K)] 812435K->491047K(1000960K), 0.0068020 secs] [Times: user=0.05 sys=0.00, real=0.01 secs] 
2014-07-08T07:32:57.179+0000: 2822.270: [GC [PSYoungGen: 313964K->1246K(305600K)] 803943K->491313K(992576K), 0.0064430 secs] [Times: user=0.04 sys=0.00, real=0.00 secs] 
2014-07-08T07:32:58.124+0000: 2823.214: [GC [PSYoungGen: 305566K->740K(296896K)] 795633K->490879K(983872K), 0.0037490 secs] [Times: user=0.02 sys=0.00, real=0.01 secs] 
2014-07-08T07:32:59.075+0000: 2824.165: [GC [PSYoungGen: 296868K->854K(289152K)] 787007K->491065K(976128K), 0.0043170 secs] [Times: user=0.03 sys=0.00, real=0.01 secs] 
2014-07-08T07:33:00.029+0000: 2825.119: [GC [PSYoungGen: 289110K->1018K(281728K)] 779321K->491301K(968704K), 0.0081490 secs] [Times: user=0.05 sys=0.00, real=0.00 secs] 
2014-07-08T07:33:00.940+0000: 2826.030: [GC [PSYoungGen: 281722K->1010K(274432K)] 772005K->491405K(961408K), 0.0068280 secs] [Times: user=0.05 sys=0.00, real=0.00 secs] 
2014-07-08T07:33:01.900+0000: 2826.991: [GC [PSYoungGen: 274403K->954K(267392K)] 764799K->491557K(954368K), 0.0118070 secs] [Times: user=0.08 sys=0.01, real=0.01 secs] 
2014-07-08T07:33:02.692+0000: 2827.782: [GC [PSYoungGen: 267334K->1421K(261184K)] 757937K->492096K(948160K), 0.0132280 secs] [Times: user=0.08 sys=0.00, real=0.01 secs] 
2014-07-08T07:33:03.438+0000: 2828.529: [GC [PSYoungGen: 261133K->566K(312256K)] 751808K->491915K(999232K), 0.0080510 secs] [Times: user=0.06 sys=0.00, real=0.00 secs] 
2014-07-08T07:33:04.459+0000: 2829.549: [GC [PSYoungGen: 312246K->1532K(304704K)] 803595K->492937K(991680K), 0.0084440 secs] [Times: user=0.06 sys=0.00, real=0.00 secs] 
2014-07-08T07:33:05.624+0000: 2830.714: [GC [PSYoungGen: 304680K->1132K(296128K)] 796086K->493073K(983104K), 0.0102410 secs] [Times: user=0.07 sys=0.01, real=0.01 secs] 
2014-07-08T07:33:06.639+0000: 2831.730: [GC [PSYoungGen: 296108K->1200K(288384K)] 788049K->493213K(975360K), 0.0084730 secs] [Times: user=0.05 sys=0.00, real=0.00 secs] 
2014-07-08T07:33:07.533+0000: 2832.623: [GC [PSYoungGen: 288368K->1004K(345664K)] 780381K->493115K(1032640K), 0.0159060 secs] [Times: user=0.09 sys=0.01, real=0.02 secs] 
2014-07-08T07:33:08.657+0000: 2833.747: [GC [PSYoungGen: 345644K->1100K(414720K)] 837755K->493315K(1101696K), 0.0093520 secs] [Times: user=0.07 sys=0.00, real=0.01 secs] 
2014-07-08T07:33:10.075+0000: 2835.166: [GC [PSYoungGen: 414668K->1036K(401920K)] 906883K->493331K(1088896K), 0.0068440 secs] [Times: user=0.04 sys=0.00, real=0.01 secs] 
2014-07-08T07:33:11.275+0000: 2836.365: [GC [PSYoungGen: 401868K->826K(389504K)] 894163K->493185K(1076480K), 0.0083740 secs] [Times: user=0.05 sys=0.00, real=0.01 secs] 
2014-07-08T07:33:12.566+0000: 2837.656: [GC [PSYoungGen: 389498K->1328K(378368K)] 881857K->493751K(1065344K), 0.0163000 secs] [Times: user=0.09 sys=0.01, real=0.02 secs] 
2014-07-08T07:33:13.773+0000: 2838.863: [GC [PSYoungGen: 378337K->1232K(367168K)] 870761K->493735K(1054144K), 0.0068130 secs] [Times: user=0.05 sys=0.00, real=0.01 secs] 
2014-07-08T07:33:14.972+0000: 2840.062: [GC [PSYoungGen: 367117K->872K(356096K)] 859621K->493862K(1043072K), 0.0124240 secs] [Times: user=0.08 sys=0.00, real=0.01 secs] 
2014-07-08T07:33:16.083+0000: 2841.173: [GC [PSYoungGen: 356072K->1104K(346112K)] 849062K->494166K(1033088K), 0.0058650 secs] [Times: user=0.04 sys=0.00, real=0.00 secs] 
2014-07-08T07:33:17.247+0000: 2842.337: [GC [PSYoungGen: 346064K->1160K(336320K)] 839126K->494568K(1023296K), 0.0109680 secs] [Times: user=0.07 sys=0.01, real=0.01 secs] 
2014-07-08T07:33:18.265+0000: 2843.355: [GC [PSYoungGen: 336264K->840K(326592K)] 829672K->494312K(1013568K), 0.0078940 secs] [Times: user=0.05 sys=0.00, real=0.01 secs] 
2014-07-08T07:33:19.298+0000: 2844.389: [GC [PSYoungGen: 326536K->1098K(317760K)] 820008K->494658K(1004736K), 0.0059120 secs] [Times: user=0.03 sys=0.00, real=0.01 secs] 
2014-07-08T07:33:20.357+0000: 2845.447: [GC [PSYoungGen: 317706K->928K(308864K)] 811266K->494576K(995840K), 0.0092660 secs] [Times: user=0.06 sys=0.00, real=0.01 secs] 
2014-07-08T07:33:21.340+0000: 2846.430: [GC [PSYoungGen: 308820K->1068K(300672K)] 802469K->494804K(987648K), 0.0085980 secs] [Times: user=0.06 sys=0.00, real=0.01 secs] 
2014-07-08T07:33:22.310+0000: 2847.401: [GC [PSYoungGen: 300652K->776K(292416K)] 794388K->494600K(979392K), 0.0066810 secs] [Times: user=0.04 sys=0.00, real=0.01 secs] 
2014-07-08T07:33:23.247+0000: 2848.337: [GC [PSYoungGen: 292311K->850K(284800K)] 786135K->494730K(971776K), 0.0125540 secs] [Times: user=0.09 sys=0.00, real=0.01 secs] 
2014-07-08T07:33:24.128+0000: 2849.218: [GC [PSYoungGen: 284754K->758K(277248K)] 778634K->494686K(964224K), 0.0037570 secs] [Times: user=0.02 sys=0.00, real=0.01 secs] 
2014-07-08T07:33:25.085+0000: 2850.175: [GC [PSYoungGen: 277238K->854K(270272K)] 771166K->494846K(957248K), 0.0040100 secs] [Times: user=0.02 sys=0.00, real=0.00 secs] 
2014-07-08T07:33:25.939+0000: 2851.029: [GC [PSYoungGen: 270230K->744K(263296K)] 764222K->494816K(950272K), 0.0053500 secs] [Times: user=0.03 sys=0.00, real=0.01 secs] 
2014-07-08T07:33:26.960+0000: 2852.051: [GC [PSYoungGen: 263272K->1384K(257344K)] 757344K->495512K(944320K), 0.0125560 secs] [Times: user=0.08 sys=0.00, real=0.02 secs] 
2014-07-08T07:33:27.756+0000: 2852.846: [GC [PSYoungGen: 257314K->776K(250432K)] 751442K->494960K(937408K), 0.0044500 secs] [Times: user=0.02 sys=0.00, real=0.00 secs] 
2014-07-08T07:33:28.428+0000: 2853.518: [GC [PSYoungGen: 250376K->968K(244544K)] 744560K->495232K(931520K), 0.0080030 secs] [Times: user=0.05 sys=0.00, real=0.01 secs] 
2014-07-08T07:33:29.251+0000: 2854.341: [GC [PSYoungGen: 244488K->1010K(238656K)] 738752K->495354K(925632K), 0.0063260 secs] [Times: user=0.04 sys=0.00, real=0.01 secs] 
2014-07-08T07:33:30.091+0000: 2855.181: [GC [PSYoungGen: 238596K->918K(232896K)] 732940K->495310K(919872K), 0.0051020 secs] [Times: user=0.02 sys=0.00, real=0.01 secs] 
2014-07-08T07:33:30.862+0000: 2855.952: [GC [PSYoungGen: 232854K->1446K(227968K)] 727246K->495960K(914944K), 0.0052680 secs] [Times: user=0.03 sys=0.00, real=0.01 secs] 
2014-07-08T07:33:31.497+0000: 2856.587: [GC [PSYoungGen: 227942K->570K(221824K)] 722456K->495952K(908800K), 0.0042330 secs] [Times: user=0.02 sys=0.00, real=0.00 secs] 
2014-07-08T07:33:32.231+0000: 2857.321: [GC [PSYoungGen: 221796K->1250K(217472K)] 717179K->496688K(904448K), 0.0044830 secs] [Times: user=0.02 sys=0.00, real=0.01 secs] 
2014-07-08T07:33:32.989+0000: 2858.079: [GC [PSYoungGen: 217440K->1136K(212416K)] 712879K->497031K(899392K), 0.0076070 secs] [Times: user=0.05 sys=0.01, real=0.01 secs] 
2014-07-08T07:33:33.662+0000: 2858.752: [GC [PSYoungGen: 212400K->1096K(207680K)] 708295K->497070K(894656K), 0.0099570 secs] [Times: user=0.07 sys=0.00, real=0.01 secs] 
2014-07-08T07:33:34.248+0000: 2859.338: [GC [PSYoungGen: 207624K->996K(203008K)] 703598K->497059K(889984K), 0.0073010 secs] [Times: user=0.04 sys=0.00, real=0.01 secs] 
2014-07-08T07:33:35.085+0000: 2860.175: [GC [PSYoungGen: 202980K->1598K(244032K)] 699043K->497783K(931008K), 0.0165010 secs] [Times: user=0.12 sys=0.00, real=0.01 secs] 
2014-07-08T07:33:35.847+0000: 2860.938: [GC [PSYoungGen: 244030K->630K(291584K)] 740215K->496942K(978560K), 0.0057260 secs] [Times: user=0.04 sys=0.00, real=0.01 secs] 
2014-07-08T07:33:36.717+0000: 2861.807: [GC [PSYoungGen: 291570K->1480K(350720K)] 787883K->497833K(1037696K), 0.0104950 secs] [Times: user=0.06 sys=0.00, real=0.01 secs] 
2014-07-08T07:33:37.919+0000: 2863.009: [GC [PSYoungGen: 350664K->890K(340096K)] 847017K->497314K(1027072K), 0.0052210 secs] [Times: user=0.02 sys=0.00, real=0.01 secs] 
2014-07-08T07:33:38.980+0000: 2864.070: [GC [PSYoungGen: 340090K->1028K(330688K)] 836514K->497549K(1017664K), 0.0065310 secs] [Times: user=0.05 sys=0.00, real=0.01 secs] 
2014-07-08T07:33:40.087+0000: 2865.177: [GC [PSYoungGen: 330628K->1164K(321600K)] 827149K->497749K(1008576K), 0.0049380 secs] [Times: user=0.02 sys=0.00, real=0.00 secs] 
2014-07-08T07:33:41.095+0000: 2866.185: [GC [PSYoungGen: 321548K->726K(312320K)] 818133K->497350K(999296K), 0.0048030 secs] [Times: user=0.02 sys=0.00, real=0.00 secs] 
2014-07-08T07:33:42.138+0000: 2867.228: [GC [PSYoungGen: 312278K->1046K(304128K)] 808902K->497735K(991104K), 0.0111820 secs] [Times: user=0.08 sys=0.00, real=0.01 secs] 
2014-07-08T07:33:43.111+0000: 2868.201: [GC [PSYoungGen: 304086K->858K(295808K)] 800775K->497618K(982784K), 0.0161860 secs] [Times: user=0.10 sys=0.00, real=0.02 secs] 
2014-07-08T07:33:44.057+0000: 2869.148: [GC [PSYoungGen: 295770K->726K(354688K)] 792530K->497526K(1041664K), 0.0184170 secs] [Times: user=0.12 sys=0.01, real=0.02 secs] 
2014-07-08T07:33:45.238+0000: 2870.328: [GC [PSYoungGen: 354646K->928K(400640K)] 851446K->497793K(1087616K), 0.0089970 secs] [Times: user=0.06 sys=0.00, real=0.01 secs] 
2014-07-08T07:33:46.485+0000: 2871.575: [GC [PSYoungGen: 399904K->1072K(426304K)] 896769K->497993K(1113280K), 0.0128150 secs] [Times: user=0.08 sys=0.00, real=0.02 secs] 
2014-07-08T07:33:47.961+0000: 2873.051: [GC [PSYoungGen: 425776K->1470K(412992K)] 922697K->498455K(1099968K), 0.0040480 secs] [Times: user=0.02 sys=0.01, real=0.00 secs] 
2014-07-08T07:33:49.160+0000: 2874.250: [GC [PSYoungGen: 412990K->192K(399104K)] 909975K->497686K(1086080K), 0.0061340 secs] [Times: user=0.03 sys=0.00, real=0.01 secs] 
2014-07-08T07:33:50.602+0000: 2875.692: [GC [PSYoungGen: 399102K->1468K(388288K)] 896597K->499011K(1075264K), 0.0079700 secs] [Times: user=0.05 sys=0.00, real=0.01 secs] 
2014-07-08T07:33:51.844+0000: 2876.934: [GC [PSYoungGen: 388284K->1416K(376704K)] 885827K->499411K(1063680K), 0.0086850 secs] [Times: user=0.05 sys=0.00, real=0.01 secs] 
2014-07-08T07:33:53.020+0000: 2878.111: [GC [PSYoungGen: 376648K->1024K(365248K)] 874643K->499067K(1052224K), 0.0038700 secs] [Times: user=0.02 sys=0.00, real=0.00 secs] 
2014-07-08T07:33:54.165+0000: 2879.255: [GC [PSYoungGen: 365184K->744K(354304K)] 863227K->498843K(1041280K), 0.0038350 secs] [Times: user=0.01 sys=0.00, real=0.01 secs] 
2014-07-08T07:33:55.234+0000: 2880.324: [GC [PSYoungGen: 354280K->1484K(344896K)] 852379K->499647K(1031872K), 0.0069520 secs] [Times: user=0.03 sys=0.00, real=0.01 secs] 
2014-07-08T07:33:56.419+0000: 2881.509: [GC [PSYoungGen: 344844K->922K(334528K)] 843007K->499157K(1021504K), 0.0103990 secs] [Times: user=0.06 sys=0.00, real=0.01 secs] 
2014-07-08T07:33:57.555+0000: 2882.645: [GC [PSYoungGen: 334490K->982K(325184K)] 832725K->499273K(1012160K), 0.0042800 secs] [Times: user=0.02 sys=0.00, real=0.01 secs] 
2014-07-08T07:33:58.581+0000: 2883.671: [GC [PSYoungGen: 325142K->1050K(316224K)] 823433K->499421K(1003200K), 0.0089840 secs] [Times: user=0.06 sys=0.00, real=0.01 secs] 
2014-07-08T07:33:59.525+0000: 2884.615: [GC [PSYoungGen: 316140K->1378K(307904K)] 814511K->499813K(994880K), 0.0145330 secs] [Times: user=0.09 sys=0.00, real=0.02 secs] 
2014-07-08T07:34:00.690+0000: 2885.780: [GC [PSYoungGen: 307874K->858K(299072K)] 806309K->499341K(986048K), 0.0041350 secs] [Times: user=0.02 sys=0.00, real=0.00 secs] 
2014-07-08T07:34:01.590+0000: 2886.680: [GC [PSYoungGen: 299034K->1348K(291648K)] 797517K->499879K(978624K), 0.0074940 secs] [Times: user=0.02 sys=0.00, real=0.01 secs] 
2014-07-08T07:34:02.574+0000: 2887.664: [GC [PSYoungGen: 291588K->1036K(283648K)] 790119K->499639K(970624K), 0.0082370 secs] [Times: user=0.05 sys=0.00, real=0.01 secs] 
2014-07-08T07:34:03.390+0000: 2888.480: [GC [PSYoungGen: 283596K->1132K(276352K)] 782199K->499823K(963328K), 0.0074500 secs] [Times: user=0.05 sys=0.00, real=0.01 secs] 
2014-07-08T07:34:04.294+0000: 2889.384: [GC [PSYoungGen: 276332K->726K(268864K)] 775023K->499481K(955840K), 0.0044870 secs] [Times: user=0.02 sys=0.00, real=0.01 secs] 
2014-07-08T07:34:05.162+0000: 2890.252: [GC [PSYoungGen: 268822K->644K(262016K)] 767577K->499447K(948992K), 0.0038840 secs] [Times: user=0.02 sys=0.00, real=0.00 secs] 
2014-07-08T07:34:06.137+0000: 2891.227: [GC [PSYoungGen: 261912K->1054K(255872K)] 760715K->499913K(942848K), 0.0123390 secs] [Times: user=0.08 sys=0.01, real=0.02 secs] 
2014-07-08T07:34:06.987+0000: 2892.077: [GC [PSYoungGen: 255822K->926K(249472K)] 754681K->499841K(936448K), 0.0092480 secs] [Times: user=0.06 sys=0.00, real=0.01 secs] 
2014-07-08T07:34:07.921+0000: 2893.011: [GC [PSYoungGen: 249438K->1046K(243520K)] 748353K->500025K(930496K), 0.0033500 secs] [Times: user=0.02 sys=0.00, real=0.00 secs] 
2014-07-08T07:34:08.688+0000: 2893.778: [GC [PSYoungGen: 243478K->1018K(237632K)] 742457K->500069K(924608K), 0.0090360 secs] [Times: user=0.06 sys=0.00, real=0.01 secs] 
2014-07-08T07:34:09.393+0000: 2894.483: [GC [PSYoungGen: 237626K->1004K(232000K)] 736677K->500135K(918976K), 0.0057850 secs] [Times: user=0.04 sys=0.00, real=0.01 secs] 
2014-07-08T07:34:10.258+0000: 2895.348: [GC [PSYoungGen: 231979K->1110K(226688K)] 731110K->500313K(913664K), 0.0037250 secs] [Times: user=0.02 sys=0.00, real=0.00 secs] 
2014-07-08T07:34:11.030+0000: 2896.120: [GC [PSYoungGen: 226617K->826K(221120K)] 725820K->500337K(908096K), 0.0042890 secs] [Times: user=0.02 sys=0.00, real=0.00 secs] 
2014-07-08T07:34:11.702+0000: 2896.792: [GC [PSYoungGen: 221114K->1263K(216512K)] 720625K->500806K(903488K), 0.0122640 secs] [Times: user=0.07 sys=0.00, real=0.01 secs] 
2014-07-08T07:34:12.464+0000: 2897.554: [GC [PSYoungGen: 216495K->872K(211264K)] 716038K->500847K(898240K), 0.0052420 secs] [Times: user=0.03 sys=0.00, real=0.01 secs] 
2014-07-08T07:34:13.156+0000: 2898.247: [GC [PSYoungGen: 211238K->908K(206656K)] 711214K->500939K(893632K), 0.0083590 secs] [Times: user=0.05 sys=0.00, real=0.01 secs] 
2014-07-08T07:34:13.863+0000: 2898.953: [GC [PSYoungGen: 206604K->908K(202112K)] 706635K->501011K(889088K), 0.0038420 secs] [Times: user=0.02 sys=0.00, real=0.00 secs] 
2014-07-08T07:34:14.437+0000: 2899.528: [GC [PSYoungGen: 202060K->958K(242368K)] 702163K->501109K(929344K), 0.0115590 secs] [Times: user=0.07 sys=0.00, real=0.02 secs] 
2014-07-08T07:34:15.367+0000: 2900.457: [GC [PSYoungGen: 242366K->854K(290624K)] 742517K->501069K(977600K), 0.0084850 secs] [Times: user=0.07 sys=0.01, real=0.01 secs] 
2014-07-08T07:34:16.279+0000: 2901.370: [GC [PSYoungGen: 290582K->776K(282944K)] 790797K->501055K(969920K), 0.0076950 secs] [Times: user=0.05 sys=0.01, real=0.00 secs] 
2014-07-08T07:34:17.227+0000: 2902.317: [GC [PSYoungGen: 282888K->954K(275712K)] 783167K->501305K(962688K), 0.0048850 secs] [Times: user=0.02 sys=0.00, real=0.01 secs] 
2014-07-08T07:34:18.148+0000: 2903.238: [GC [PSYoungGen: 275706K->776K(330560K)] 776057K->501199K(1017536K), 0.0145280 secs] [Times: user=0.09 sys=0.00, real=0.02 secs] 
2014-07-08T07:34:19.251+0000: 2904.341: [GC [PSYoungGen: 330504K->826K(396544K)] 830927K->501313K(1083520K), 0.0106900 secs] [Times: user=0.06 sys=0.00, real=0.01 secs] 
2014-07-08T07:34:20.630+0000: 2905.720: [GC [PSYoungGen: 396538K->1128K(384896K)] 897025K->501680K(1071872K), 0.0125520 secs] [Times: user=0.08 sys=0.00, real=0.01 secs] 
2014-07-08T07:34:21.927+0000: 2907.017: [GC [PSYoungGen: 384872K->864K(373184K)] 885424K->501796K(1060160K), 0.0036280 secs] [Times: user=0.03 sys=0.00, real=0.01 secs] 
2014-07-08T07:34:23.179+0000: 2908.269: [GC [PSYoungGen: 373152K->976K(362368K)] 874084K->501956K(1049344K), 0.0043850 secs] [Times: user=0.02 sys=0.00, real=0.01 secs] 
2014-07-08T07:34:24.404+0000: 2909.494: [GC [PSYoungGen: 362320K->612K(351488K)] 863300K->501779K(1038464K), 0.0035580 secs] [Times: user=0.03 sys=0.00, real=0.00 secs] 
2014-07-08T07:34:25.753+0000: 2910.844: [GC [PSYoungGen: 351383K->1441K(342208K)] 852551K->502819K(1029184K), 0.0064710 secs] [Times: user=0.03 sys=0.00, real=0.00 secs] 
2014-07-08T07:34:26.890+0000: 2911.980: [GC [PSYoungGen: 342177K->872K(331968K)] 843555K->502345K(1018944K), 0.0093000 secs] [Times: user=0.04 sys=0.00, real=0.01 secs] 
2014-07-08T07:34:27.996+0000: 2913.086: [GC [PSYoungGen: 331942K->964K(322816K)] 833416K->502494K(1009792K), 0.0125530 secs] [Times: user=0.07 sys=0.00, real=0.01 secs] 
2014-07-08T07:34:29.058+0000: 2914.148: [GC [PSYoungGen: 322734K->694K(313600K)] 824264K->502279K(1000576K), 0.0046110 secs] [Times: user=0.02 sys=0.00, real=0.01 secs] 
2014-07-08T07:34:30.082+0000: 2915.173: [GC [PSYoungGen: 313590K->1043K(305408K)] 815175K->502693K(992384K), 0.0083030 secs] [Times: user=0.05 sys=0.00, real=0.00 secs] 
2014-07-08T07:34:31.176+0000: 2916.266: [GC [PSYoungGen: 305338K->1060K(297216K)] 806988K->502790K(984192K), 0.0116420 secs] [Times: user=0.07 sys=0.00, real=0.01 secs] 
2014-07-08T07:34:32.142+0000: 2917.232: [GC [PSYoungGen: 297188K->854K(289152K)] 798918K->502647K(976128K), 0.0115030 secs] [Times: user=0.07 sys=0.00, real=0.01 secs] 
2014-07-08T07:34:33.155+0000: 2918.245: [GC [PSYoungGen: 289110K->946K(281664K)] 790903K->502788K(968640K), 0.0041000 secs] [Times: user=0.01 sys=0.00, real=0.00 secs] 
2014-07-08T07:34:34.076+0000: 2919.166: [GC [PSYoungGen: 281650K->872K(274304K)] 783492K->502801K(961280K), 0.0085300 secs] [Times: user=0.04 sys=0.01, real=0.01 secs] 
2014-07-08T07:34:34.992+0000: 2920.082: [GC [PSYoungGen: 274280K->1022K(267456K)] 776209K->503008K(954432K), 0.0074580 secs] [Times: user=0.05 sys=0.00, real=0.01 secs] 
2014-07-08T07:34:35.978+0000: 2921.068: [GC [PSYoungGen: 267454K->1402K(261120K)] 769440K->503614K(948096K), 0.0078380 secs] [Times: user=0.05 sys=0.00, real=0.01 secs] 
2014-07-08T07:34:36.881+0000: 2921.971: [GC [PSYoungGen: 261114K->438K(253696K)] 763326K->503250K(940672K), 0.0060950 secs] [Times: user=0.04 sys=0.00, real=0.01 secs] 
2014-07-08T07:34:37.803+0000: 2922.893: [GC [PSYoungGen: 253686K->1516K(305472K)] 756498K->504513K(992448K), 0.0190630 secs] [Times: user=0.12 sys=0.01, real=0.01 secs] 
2014-07-08T07:34:38.805+0000: 2923.895: [GC [PSYoungGen: 305452K->1132K(365888K)] 808449K->504448K(1052864K), 0.0111060 secs] [Times: user=0.07 sys=0.00, real=0.01 secs] 
2014-07-08T07:34:39.980+0000: 2925.070: [GC [PSYoungGen: 365868K->872K(355008K)] 869184K->504342K(1041984K), 0.0078060 secs] [Times: user=0.05 sys=0.00, real=0.01 secs] 
2014-07-08T07:34:41.214+0000: 2926.304: [GC [PSYoungGen: 354984K->858K(344768K)] 858454K->504384K(1031744K), 0.0079430 secs] [Times: user=0.05 sys=0.00, real=0.00 secs] 
2014-07-08T07:34:42.375+0000: 2927.465: [GC [PSYoungGen: 344730K->808K(334912K)] 848256K->504422K(1021888K), 0.0070230 secs] [Times: user=0.05 sys=0.00, real=0.00 secs] 
2014-07-08T07:34:43.547+0000: 2928.637: [GC [PSYoungGen: 334888K->1174K(325888K)] 838502K->504852K(1012864K), 0.0046750 secs] [Times: user=0.02 sys=0.00, real=0.00 secs] 
2014-07-08T07:34:44.700+0000: 2929.791: [GC [PSYoungGen: 325834K->1520K(317184K)] 829513K->505271K(1004160K), 0.0153430 secs] [Times: user=0.09 sys=0.00, real=0.02 secs] 
2014-07-08T07:34:45.737+0000: 2930.828: [GC [PSYoungGen: 317168K->758K(307776K)] 820919K->504798K(994752K), 0.0067220 secs] [Times: user=0.04 sys=0.00, real=0.01 secs] 
2014-07-08T07:34:46.903+0000: 2931.994: [GC [PSYoungGen: 307758K->1282K(300032K)] 811799K->505370K(987008K), 0.0044290 secs] [Times: user=0.03 sys=0.00, real=0.01 secs] 
2014-07-08T07:34:47.927+0000: 2933.017: [GC [PSYoungGen: 299947K->1509K(292224K)] 804035K->505693K(979200K), 0.0073830 secs] [Times: user=0.04 sys=0.00, real=0.01 secs] 
2014-07-08T07:34:48.863+0000: 2933.953: [GC [PSYoungGen: 292196K->1000K(284032K)] 796381K->505232K(971008K), 0.0090140 secs] [Times: user=0.06 sys=0.00, real=0.01 secs] 
2014-07-08T07:34:49.828+0000: 2934.918: [GC [PSYoungGen: 283979K->1324K(276992K)] 788212K->505613K(963968K), 0.0048040 secs] [Times: user=0.02 sys=0.00, real=0.00 secs] 
2014-07-08T07:34:50.767+0000: 2935.857: [GC [PSYoungGen: 276972K->1431K(270016K)] 781261K->505767K(956992K), 0.0048150 secs] [Times: user=0.02 sys=0.00, real=0.00 secs] 
2014-07-08T07:34:51.658+0000: 2936.748: [GC [PSYoungGen: 269959K->854K(262592K)] 774295K->505246K(949568K), 0.0095090 secs] [Times: user=0.05 sys=0.00, real=0.01 secs] 
2014-07-08T07:34:52.586+0000: 2937.677: [GC [PSYoungGen: 262550K->1238K(256384K)] 766942K->505735K(943360K), 0.0095350 secs] [Times: user=0.07 sys=0.00, real=0.01 secs] 
2014-07-08T07:34:53.479+0000: 2938.569: [GC [PSYoungGen: 256308K->1122K(249920K)] 760805K->505666K(936896K), 0.0094440 secs] [Times: user=0.07 sys=0.00, real=0.01 secs] 
2014-07-08T07:34:54.322+0000: 2939.412: [GC [PSYoungGen: 249856K->1252K(243968K)] 754401K->505877K(930944K), 0.0071610 secs] [Times: user=0.05 sys=0.00, real=0.01 secs] 
2014-07-08T07:34:55.172+0000: 2940.263: [GC [PSYoungGen: 243940K->744K(237632K)] 748565K->505448K(924608K), 0.0052250 secs] [Times: user=0.04 sys=0.00, real=0.01 secs] 
2014-07-08T07:34:55.980+0000: 2941.070: [GC [PSYoungGen: 237608K->694K(231936K)] 742312K->505454K(918912K), 0.0062610 secs] [Times: user=0.04 sys=0.00, real=0.01 secs] 
2014-07-08T07:34:56.790+0000: 2941.880: [GC [PSYoungGen: 231880K->1270K(227072K)] 736641K->506086K(914048K), 0.0072160 secs] [Times: user=0.04 sys=0.00, real=0.01 secs] 
2014-07-08T07:34:57.576+0000: 2942.666: [GC [PSYoungGen: 227062K->872K(221440K)] 731878K->505752K(908416K), 0.0067210 secs] [Times: user=0.05 sys=0.00, real=0.00 secs] 
2014-07-08T07:34:58.310+0000: 2943.400: [GC [PSYoungGen: 221416K->1448K(216960K)] 726296K->506417K(903936K), 0.0084840 secs] [Times: user=0.06 sys=0.00, real=0.01 secs] 
2014-07-08T07:34:59.059+0000: 2944.149: [GC [PSYoungGen: 216907K->894K(211520K)] 721875K->505934K(898496K), 0.0087100 secs] [Times: user=0.04 sys=0.01, real=0.01 secs] 
2014-07-08T07:34:59.804+0000: 2944.894: [GC [PSYoungGen: 211518K->1079K(206976K)] 716558K->506167K(893952K), 0.0079090 secs] [Times: user=0.05 sys=0.00, real=0.01 secs] 
2014-07-08T07:35:00.483+0000: 2945.573: [GC [PSYoungGen: 206965K->1036K(202432K)] 712054K->506172K(889408K), 0.0045460 secs] [Times: user=0.02 sys=0.01, real=0.01 secs] 
2014-07-08T07:35:01.183+0000: 2946.274: [GC [PSYoungGen: 202380K->826K(197824K)] 707516K->506034K(884800K), 0.0093130 secs] [Times: user=0.06 sys=0.00, real=0.01 secs] 
2014-07-08T07:35:01.873+0000: 2946.963: [GC [PSYoungGen: 197818K->744K(237184K)] 703026K->506008K(924160K), 0.0087740 secs] [Times: user=0.06 sys=0.00, real=0.01 secs] 
2014-07-08T07:35:02.736+0000: 2947.826: [GC [PSYoungGen: 237160K->1302K(232128K)] 742424K->506670K(919104K), 0.0072000 secs] [Times: user=0.05 sys=0.00, real=0.01 secs] 
2014-07-08T07:35:03.486+0000: 2948.577: [GC [PSYoungGen: 232086K->1068K(278080K)] 737454K->506516K(965056K), 0.0080700 secs] [Times: user=0.06 sys=0.00, real=0.00 secs] 
2014-07-08T07:35:04.399+0000: 2949.489: [GC [PSYoungGen: 278060K->944K(333376K)] 783508K->506440K(1020352K), 0.0134540 secs] [Times: user=0.10 sys=0.00, real=0.01 secs] 
2014-07-08T07:35:05.573+0000: 2950.664: [GC [PSYoungGen: 333360K->1302K(324416K)] 838856K->506871K(1011392K), 0.0070900 secs] [Times: user=0.05 sys=0.01, real=0.01 secs] 
2014-07-08T07:35:06.713+0000: 2951.803: [GC [PSYoungGen: 324374K->932K(315072K)] 829943K->506774K(1002048K), 0.0101140 secs] [Times: user=0.07 sys=0.00, real=0.01 secs] 
2014-07-08T07:35:07.817+0000: 2952.907: [GC [PSYoungGen: 315044K->1452K(307008K)] 820886K->507342K(993984K), 0.0110670 secs] [Times: user=0.07 sys=0.00, real=0.01 secs] 
2014-07-08T07:35:08.934+0000: 2954.024: [GC [PSYoungGen: 306988K->940K(298240K)] 812878K->507264K(985216K), 0.0040330 secs] [Times: user=0.03 sys=0.00, real=0.01 secs] 
2014-07-08T07:35:09.886+0000: 2954.976: [GC [PSYoungGen: 298220K->1122K(290496K)] 804544K->507526K(977472K), 0.0078080 secs] [Times: user=0.06 sys=0.00, real=0.01 secs] 
2014-07-08T07:35:10.959+0000: 2956.049: [GC [PSYoungGen: 290466K->1248K(283008K)] 796870K->507750K(969984K), 0.0043750 secs] [Times: user=0.02 sys=0.00, real=0.00 secs] 
2014-07-08T07:35:11.882+0000: 2956.973: [GC [PSYoungGen: 282976K->1442K(275904K)] 789478K->508016K(962880K), 0.0112090 secs] [Times: user=0.07 sys=0.00, real=0.01 secs] 
2014-07-08T07:35:12.882+0000: 2957.973: [GC [PSYoungGen: 275860K->762K(330112K)] 782435K->507764K(1017088K), 0.0155910 secs] [Times: user=0.11 sys=0.00, real=0.02 secs] 
2014-07-08T07:35:13.950+0000: 2959.041: [GC [PSYoungGen: 330106K->1236K(321408K)] 837108K->508319K(1008384K), 0.0073540 secs] [Times: user=0.06 sys=0.00, real=0.00 secs] 
2014-07-08T07:35:15.041+0000: 2960.132: [GC [PSYoungGen: 321343K->890K(312192K)] 828426K->508459K(999168K), 0.0049580 secs] [Times: user=0.02 sys=0.00, real=0.00 secs] 
2014-07-08T07:35:16.101+0000: 2961.192: [GC [PSYoungGen: 312186K->990K(303808K)] 819755K->508639K(990784K), 0.0098530 secs] [Times: user=0.07 sys=0.00, real=0.01 secs] 
2014-07-08T07:35:17.127+0000: 2962.217: [GC [PSYoungGen: 303774K->894K(295552K)] 811423K->508591K(982528K), 0.0044330 secs] [Times: user=0.02 sys=0.00, real=0.01 secs] 
2014-07-08T07:35:18.202+0000: 2963.293: [GC [PSYoungGen: 295528K->1470K(288320K)] 803225K->509247K(975296K), 0.0111260 secs] [Times: user=0.08 sys=0.00, real=0.01 secs] 
2014-07-08T07:35:19.141+0000: 2964.231: [GC [PSYoungGen: 288318K->694K(280000K)] 796095K->508503K(966976K), 0.0061620 secs] [Times: user=0.02 sys=0.00, real=0.00 secs] 
2014-07-08T07:35:20.106+0000: 2965.196: [GC [PSYoungGen: 279990K->922K(273024K)] 787799K->508795K(960000K), 0.0153340 secs] [Times: user=0.09 sys=0.01, real=0.02 secs] 
2014-07-08T07:35:21.050+0000: 2966.140: [GC [PSYoungGen: 272986K->786K(265920K)] 780859K->508730K(952896K), 0.0040200 secs] [Times: user=0.02 sys=0.00, real=0.00 secs] 
2014-07-08T07:35:21.957+0000: 2967.047: [GC [PSYoungGen: 265829K->676K(318848K)] 773774K->508677K(1005824K), 0.0146630 secs] [Times: user=0.08 sys=0.01, real=0.02 secs] 
2014-07-08T07:35:23.114+0000: 2968.204: [GC [PSYoungGen: 318781K->1004K(367808K)] 826782K->509061K(1054784K), 0.0118090 secs] [Times: user=0.07 sys=0.00, real=0.01 secs] 
2014-07-08T07:35:24.360+0000: 2969.450: [GC [PSYoungGen: 367067K->1100K(356544K)] 875124K->509245K(1043520K), 0.0108690 secs] [Times: user=0.07 sys=0.01, real=0.01 secs] 
2014-07-08T07:35:25.621+0000: 2970.711: [GC [PSYoungGen: 356492K->552K(345728K)] 864637K->509133K(1032704K), 0.0050830 secs] [Times: user=0.02 sys=0.00, real=0.00 secs] 
2014-07-08T07:35:26.834+0000: 2971.924: [GC [PSYoungGen: 345704K->1452K(336768K)] 854285K->510081K(1023744K), 0.0070030 secs] [Times: user=0.04 sys=0.00, real=0.01 secs] 
2014-07-08T07:35:27.965+0000: 2973.055: [GC [PSYoungGen: 336748K->1138K(326976K)] 845377K->510146K(1013952K), 0.0095470 secs] [Times: user=0.06 sys=0.00, real=0.01 secs] 
2014-07-08T07:35:29.201+0000: 2974.291: [GC [PSYoungGen: 326919K->1278K(318016K)] 835927K->510389K(1004992K), 0.0082910 secs] [Times: user=0.04 sys=0.00, real=0.00 secs] 
2014-07-08T07:35:30.251+0000: 2975.341: [GC [PSYoungGen: 318014K->932K(308992K)] 827125K->510257K(995968K), 0.0108140 secs] [Times: user=0.08 sys=0.00, real=0.01 secs] 
2014-07-08T07:35:31.357+0000: 2976.447: [GC [PSYoungGen: 308917K->844K(300544K)] 818242K->510233K(987520K), 0.0083700 secs] [Times: user=0.06 sys=0.00, real=0.01 secs] 
2014-07-08T07:35:32.422+0000: 2977.512: [GC [PSYoungGen: 300454K->1122K(292800K)] 809843K->510591K(979776K), 0.0129960 secs] [Times: user=0.08 sys=0.00, real=0.01 secs] 
2014-07-08T07:35:33.526+0000: 2978.616: [GC [PSYoungGen: 292770K->1110K(285120K)] 802239K->510627K(972096K), 0.0143560 secs] [Times: user=0.08 sys=0.00, real=0.01 secs] 
2014-07-08T07:35:34.464+0000: 2979.554: [GC [PSYoungGen: 285077K->946K(341760K)] 794595K->510960K(1028736K), 0.0105980 secs] [Times: user=0.07 sys=0.00, real=0.01 secs] 
2014-07-08T07:35:35.720+0000: 2980.810: [GC [PSYoungGen: 341746K->1651K(332800K)] 851760K->512125K(1019776K), 0.0057320 secs] [Times: user=0.03 sys=0.01, real=0.01 secs] 
2014-07-08T07:35:36.876+0000: 2981.966: [GC [PSYoungGen: 332779K->754K(322624K)] 843253K->511814K(1009600K), 0.0098420 secs] [Times: user=0.07 sys=0.00, real=0.01 secs] 
2014-07-08T07:35:37.967+0000: 2983.058: [GC [PSYoungGen: 322597K->1136K(314112K)] 833658K->512260K(1001088K), 0.0082980 secs] [Times: user=0.05 sys=0.00, real=0.01 secs] 
2014-07-08T07:35:39.099+0000: 2984.189: [GC [PSYoungGen: 314096K->854K(305280K)] 825220K->512240K(992256K), 0.0146310 secs] [Times: user=0.09 sys=0.00, real=0.02 secs] 
2014-07-08T07:35:40.206+0000: 2985.296: [GC [PSYoungGen: 305238K->758K(296960K)] 816624K->512216K(983936K), 0.0037850 secs] [Times: user=0.02 sys=0.00, real=0.00 secs] 
2014-07-08T07:35:41.196+0000: 2986.286: [GC [PSYoungGen: 296950K->826K(289152K)] 808408K->512324K(976128K), 0.0066120 secs] [Times: user=0.03 sys=0.00, real=0.01 secs] 
2014-07-08T07:35:42.209+0000: 2987.299: [GC [PSYoungGen: 289146K->826K(281600K)] 800644K->512380K(968576K), 0.0099560 secs] [Times: user=0.07 sys=0.00, real=0.01 secs] 
2014-07-08T07:35:43.196+0000: 2988.286: [GC [PSYoungGen: 281594K->876K(274368K)] 793148K->512510K(961344K), 0.0076960 secs] [Times: user=0.05 sys=0.00, real=0.01 secs] 
2014-07-08T07:35:44.194+0000: 2989.284: [GC [PSYoungGen: 274348K->946K(267456K)] 785982K->512644K(954432K), 0.0085470 secs] [Times: user=0.05 sys=0.00, real=0.00 secs] 
2014-07-08T07:35:45.172+0000: 2990.262: [GC [PSYoungGen: 267442K->1086K(260864K)] 779140K->512864K(947840K), 0.0101930 secs] [Times: user=0.07 sys=0.01, real=0.01 secs] 
2014-07-08T07:35:46.045+0000: 2991.135: [GC [PSYoungGen: 260862K->922K(254272K)] 772640K->512772K(941248K), 0.0108430 secs] [Times: user=0.08 sys=0.01, real=0.01 secs] 
2014-07-08T07:35:46.967+0000: 2992.057: [GC [PSYoungGen: 254234K->708K(247808K)] 766084K->512622K(934784K), 0.0075970 secs] [Times: user=0.04 sys=0.00, real=0.01 secs] 
2014-07-08T07:35:47.851+0000: 2992.941: [GC [PSYoungGen: 247739K->1508K(242560K)] 759653K->513487K(929536K), 0.0066490 secs] [Times: user=0.04 sys=0.00, real=0.01 secs] 
2014-07-08T07:35:48.806+0000: 2993.896: [GC [PSYoungGen: 242532K->1064K(236352K)] 754511K->513178K(923328K), 0.0105230 secs] [Times: user=0.07 sys=0.00, real=0.01 secs] 
2014-07-08T07:35:49.507+0000: 2994.598: [GC [PSYoungGen: 236328K->1338K(231040K)] 748442K->513524K(918016K), 0.0053070 secs] [Times: user=0.02 sys=0.00, real=0.00 secs] 
2014-07-08T07:35:50.329+0000: 2995.419: [GC [PSYoungGen: 231020K->914K(225280K)] 743207K->513222K(912256K), 0.0048960 secs] [Times: user=0.03 sys=0.00, real=0.01 secs] 
2014-07-08T07:35:51.103+0000: 2996.193: [GC [PSYoungGen: 225234K->1096K(220288K)] 737542K->513468K(907264K), 0.0097200 secs] [Times: user=0.07 sys=0.00, real=0.01 secs] 
2014-07-08T07:35:51.901+0000: 2996.991: [GC [PSYoungGen: 220232K->1156K(215360K)] 732604K->513600K(902336K), 0.0081520 secs] [Times: user=0.05 sys=0.00, real=0.01 secs] 
2014-07-08T07:35:52.655+0000: 2997.745: [GC [PSYoungGen: 215300K->1068K(258112K)] 727744K->513552K(945088K), 0.0120230 secs] [Times: user=0.07 sys=0.00, real=0.01 secs] 
2014-07-08T07:35:53.542+0000: 2998.633: [GC [PSYoungGen: 258092K->1070K(251712K)] 770576K->513780K(938688K), 0.0054330 secs] [Times: user=0.03 sys=0.00, real=0.01 secs] 
2014-07-08T07:35:54.416+0000: 2999.506: [GC [PSYoungGen: 251694K->1058K(245568K)] 764404K->513832K(932544K), 0.0079490 secs] [Times: user=0.05 sys=0.00, real=0.00 secs] 
2014-07-08T07:35:55.309+0000: 3000.399: [GC [PSYoungGen: 245538K->1114K(239744K)] 758312K->514050K(926720K), 0.0075360 secs] [Times: user=0.03 sys=0.01, real=0.01 secs] 
2014-07-08T07:35:56.127+0000: 3001.217: [GC [PSYoungGen: 239706K->894K(233792K)] 752642K->513886K(920768K), 0.0042300 secs] [Times: user=0.02 sys=0.01, real=0.00 secs] 
2014-07-08T07:35:56.979+0000: 3002.069: [GC [PSYoungGen: 233786K->872K(228288K)] 746779K->513920K(915264K), 0.0069970 secs] [Times: user=0.04 sys=0.00, real=0.01 secs] 
2014-07-08T07:35:57.792+0000: 3002.882: [GC [PSYoungGen: 228219K->1110K(223232K)] 741268K->514222K(910208K), 0.0101770 secs] [Times: user=0.05 sys=0.00, real=0.01 secs] 
2014-07-08T07:35:58.563+0000: 3003.653: [GC [PSYoungGen: 223190K->1058K(267584K)] 736302K->514382K(954560K), 0.0124280 secs] [Times: user=0.09 sys=0.00, real=0.02 secs] 
2014-07-08T07:35:59.493+0000: 3004.583: [GC [PSYoungGen: 267554K->1114K(320960K)] 780878K->514502K(1007936K), 0.0108780 secs] [Times: user=0.05 sys=0.00, real=0.01 secs] 
2014-07-08T07:36:00.652+0000: 3005.742: [GC [PSYoungGen: 320903K->890K(344320K)] 834291K->514504K(1031296K), 0.0120430 secs] [Times: user=0.08 sys=0.00, real=0.01 secs] 
2014-07-08T07:36:01.899+0000: 3006.989: [GC [PSYoungGen: 344313K->1204K(344896K)] 857927K->514948K(1031872K), 0.0114170 secs] [Times: user=0.08 sys=0.00, real=0.01 secs] 
2014-07-08T07:36:03.074+0000: 3008.164: [GC [PSYoungGen: 344628K->712K(334400K)] 858372K->514602K(1021376K), 0.0072230 secs] [Times: user=0.05 sys=0.00, real=0.01 secs] 
2014-07-08T07:36:04.246+0000: 3009.336: [GC [PSYoungGen: 334332K->940K(325184K)] 848222K->514918K(1012160K), 0.0107350 secs] [Times: user=0.07 sys=0.00, real=0.02 secs] 
2014-07-08T07:36:05.391+0000: 3010.481: [GC [PSYoungGen: 325164K->794K(316032K)] 839142K->514844K(1003008K), 0.0069300 secs] [Times: user=0.05 sys=0.00, real=0.01 secs] 
2014-07-08T07:36:06.513+0000: 3011.603: [GC [PSYoungGen: 315963K->1164K(307776K)] 830014K->515270K(994752K), 0.0135440 secs] [Times: user=0.09 sys=0.00, real=0.02 secs] 
2014-07-08T07:36:07.589+0000: 3012.679: [GC [PSYoungGen: 307724K->872K(299136K)] 821830K->515010K(986112K), 0.0051340 secs] [Times: user=0.03 sys=0.00, real=0.00 secs] 
2014-07-08T07:36:08.626+0000: 3013.716: [GC [PSYoungGen: 299097K->1046K(291392K)] 813235K->515240K(978368K), 0.0046320 secs] [Times: user=0.03 sys=0.00, real=0.00 secs] 
2014-07-08T07:36:09.659+0000: 3014.749: [GC [PSYoungGen: 291350K->844K(283520K)] 805544K->515086K(970496K), 0.0043860 secs] [Times: user=0.02 sys=0.00, real=0.00 secs] 
2014-07-08T07:36:10.659+0000: 3015.749: [GC [PSYoungGen: 283468K->940K(276224K)] 797710K->515246K(963200K), 0.0055050 secs] [Times: user=0.02 sys=0.01, real=0.00 secs] 
2014-07-08T07:36:11.694+0000: 3016.784: [GC [PSYoungGen: 276203K->1136K(269312K)] 790509K->515710K(956288K), 0.0117940 secs] [Times: user=0.07 sys=0.00, real=0.01 secs] 
2014-07-08T07:36:12.579+0000: 3017.669: [GC [PSYoungGen: 269296K->1114K(262528K)] 783870K->515736K(949504K), 0.0046690 secs] [Times: user=0.03 sys=0.00, real=0.00 secs] 
2014-07-08T07:36:13.491+0000: 3018.581: [GC [PSYoungGen: 262461K->812K(255680K)] 777084K->515646K(942656K), 0.0152540 secs] [Times: user=0.10 sys=0.00, real=0.01 secs] 
2014-07-08T07:36:14.378+0000: 3019.468: [GC [PSYoungGen: 255618K->976K(249600K)] 770452K->515866K(936576K), 0.0060990 secs] [Times: user=0.04 sys=0.00, real=0.00 secs] 
2014-07-08T07:36:15.245+0000: 3020.335: [GC [PSYoungGen: 249552K->762K(243264K)] 764442K->515708K(930240K), 0.0056050 secs] [Times: user=0.02 sys=0.00, real=0.01 secs] 
2014-07-08T07:36:16.108+0000: 3021.198: [GC [PSYoungGen: 243258K->1308K(238016K)] 758204K->516319K(924992K), 0.0110270 secs] [Times: user=0.08 sys=0.01, real=0.01 secs] 
2014-07-08T07:36:16.991+0000: 3022.081: [GC [PSYoungGen: 237980K->872K(231936K)] 752991K->516140K(918912K), 0.0057110 secs] [Times: user=0.04 sys=0.01, real=0.00 secs] 
2014-07-08T07:36:17.796+0000: 3022.887: [GC [PSYoungGen: 231912K->1078K(278336K)] 747180K->516394K(965312K), 0.0236640 secs] [Times: user=0.15 sys=0.00, real=0.03 secs] 
2014-07-08T07:36:18.729+0000: 3023.819: [GC [PSYoungGen: 278298K->1132K(333888K)] 793615K->516603K(1020864K), 0.0078960 secs] [Times: user=0.05 sys=0.00, real=0.00 secs] 
2014-07-08T07:36:19.918+0000: 3025.009: [GC [PSYoungGen: 333868K->936K(400256K)] 849339K->516486K(1087232K), 0.0048560 secs] [Times: user=0.02 sys=0.00, real=0.00 secs] 
2014-07-08T07:36:21.321+0000: 3026.411: [GC [PSYoungGen: 400232K->858K(388096K)] 915782K->516464K(1075072K), 0.0069830 secs] [Times: user=0.04 sys=0.00, real=0.01 secs] 
2014-07-08T07:36:22.719+0000: 3027.809: [GC [PSYoungGen: 388034K->1236K(376896K)] 903641K->516890K(1063872K), 0.0049840 secs] [Times: user=0.02 sys=0.00, real=0.00 secs] 
2014-07-08T07:36:24.052+0000: 3029.143: [GC [PSYoungGen: 376842K->812K(365312K)] 892497K->516620K(1052288K), 0.0078550 secs] [Times: user=0.05 sys=0.00, real=0.01 secs] 
2014-07-08T07:36:25.362+0000: 3030.452: [GC [PSYoungGen: 365292K->1405K(355264K)] 881100K->517270K(1042240K), 0.0040700 secs] [Times: user=0.02 sys=0.00, real=0.00 secs] 
2014-07-08T07:36:26.633+0000: 3031.723: [GC [PSYoungGen: 355261K->754K(344448K)] 871126K->517315K(1031424K), 0.0063910 secs] [Times: user=0.04 sys=0.00, real=0.01 secs] 
2014-07-08T07:36:27.898+0000: 3032.988: [GC [PSYoungGen: 344434K->1522K(335424K)] 860995K->518131K(1022400K), 0.0125500 secs] [Times: user=0.08 sys=0.00, real=0.02 secs] 
2014-07-08T07:36:28.994+0000: 3034.084: [GC [PSYoungGen: 335404K->1086K(325568K)] 852013K->517963K(1012544K), 0.0099890 secs] [Times: user=0.07 sys=0.00, real=0.01 secs] 
2014-07-08T07:36:30.116+0000: 3035.206: [GC [PSYoungGen: 325566K->990K(316480K)] 842443K->517963K(1003456K), 0.0110900 secs] [Times: user=0.06 sys=0.00, real=0.01 secs] 
2014-07-08T07:36:31.249+0000: 3036.339: [GC [PSYoungGen: 316446K->1106K(307968K)] 833419K->518185K(994944K), 0.0080250 secs] [Times: user=0.05 sys=0.00, real=0.01 secs] 
2014-07-08T07:36:32.335+0000: 3037.425: [GC [PSYoungGen: 307919K->936K(299456K)] 824998K->518079K(986432K), 0.0175370 secs] [Times: user=0.11 sys=0.00, real=0.02 secs] 
2014-07-08T07:36:33.431+0000: 3038.521: [GC [PSYoungGen: 299432K->968K(291520K)] 816575K->518207K(978496K), 0.0061800 secs] [Times: user=0.03 sys=0.00, real=0.00 secs] 
2014-07-08T07:36:34.443+0000: 3039.533: [GC [PSYoungGen: 291464K->890K(283712K)] 808703K->518201K(970688K), 0.0042010 secs] [Times: user=0.02 sys=0.01, real=0.00 secs] 
2014-07-08T07:36:35.455+0000: 3040.545: [GC [PSYoungGen: 283706K->950K(276416K)] 801017K->518325K(963392K), 0.0071800 secs] [Times: user=0.05 sys=0.00, real=0.01 secs] 
2014-07-08T07:36:36.469+0000: 3041.560: [GC [PSYoungGen: 276406K->876K(269248K)] 793781K->518323K(956224K), 0.0067450 secs] [Times: user=0.03 sys=0.01, real=0.01 secs] 
2014-07-08T07:36:37.415+0000: 3042.506: [GC [PSYoungGen: 269195K->1214K(262784K)] 786643K->518717K(949760K), 0.0072640 secs] [Times: user=0.03 sys=0.00, real=0.01 secs] 
2014-07-08T07:36:38.355+0000: 3043.445: [GC [PSYoungGen: 262782K->744K(255808K)] 780285K->518287K(942784K), 0.0058510 secs] [Times: user=0.02 sys=0.01, real=0.01 secs] 
2014-07-08T07:36:39.249+0000: 3044.339: [GC [PSYoungGen: 255755K->1044K(249792K)] 773298K->518651K(936768K), 0.0043420 secs] [Times: user=0.03 sys=0.00, real=0.01 secs] 
2014-07-08T07:36:40.137+0000: 3045.227: [GC [PSYoungGen: 249748K->958K(243584K)] 767355K->518621K(930560K), 0.0094070 secs] [Times: user=0.05 sys=0.00, real=0.01 secs] 
2014-07-08T07:36:41.014+0000: 3046.104: [GC [PSYoungGen: 243582K->694K(237504K)] 761245K->518413K(924480K), 0.0046020 secs] [Times: user=0.02 sys=0.00, real=0.00 secs] 
2014-07-08T07:36:41.858+0000: 3046.948: [GC [PSYoungGen: 237483K->1068K(232256K)] 755202K->518843K(919232K), 0.0098310 secs] [Times: user=0.06 sys=0.00, real=0.01 secs] 
2014-07-08T07:36:42.674+0000: 3047.764: [GC [PSYoungGen: 232175K->1259K(227008K)] 749950K->519106K(913984K), 0.0135640 secs] [Times: user=0.09 sys=0.00, real=0.01 secs] 
2014-07-08T07:36:43.450+0000: 3048.540: [GC [PSYoungGen: 226987K->826K(221312K)] 744834K->518729K(908288K), 0.0067030 secs] [Times: user=0.03 sys=0.00, real=0.01 secs] 
2014-07-08T07:36:44.259+0000: 3049.349: [GC [PSYoungGen: 221306K->968K(265600K)] 739209K->518935K(952576K), 0.0125660 secs] [Times: user=0.08 sys=0.00, real=0.01 secs] 
2014-07-08T07:36:45.235+0000: 3050.325: [GC [PSYoungGen: 265544K->890K(258816K)] 783511K->518929K(945792K), 0.0045420 secs] [Times: user=0.02 sys=0.00, real=0.00 secs] 
2014-07-08T07:36:46.089+0000: 3051.179: [GC [PSYoungGen: 258810K->676K(252224K)] 776849K->518787K(939200K), 0.0063140 secs] [Times: user=0.05 sys=0.00, real=0.01 secs] 
2014-07-08T07:36:47.009+0000: 3052.099: [GC [PSYoungGen: 252196K->968K(246336K)] 770307K->519191K(933312K), 0.0041210 secs] [Times: user=0.02 sys=0.00, real=0.01 secs] 
2014-07-08T07:36:47.851+0000: 3052.942: [GC [PSYoungGen: 246249K->776K(240192K)] 764472K->519039K(927168K), 0.0061690 secs] [Times: user=0.03 sys=0.00, real=0.01 secs] 
2014-07-08T07:36:48.681+0000: 3053.771: [GC [PSYoungGen: 240136K->1328K(234944K)] 758399K->519663K(921920K), 0.0104350 secs] [Times: user=0.07 sys=0.01, real=0.01 secs] 
2014-07-08T07:36:49.612+0000: 3054.702: [GC [PSYoungGen: 234924K->704K(228800K)] 753259K->519425K(915776K), 0.0081770 secs] [Times: user=0.05 sys=0.00, real=0.01 secs] 
2014-07-08T07:36:50.303+0000: 3055.393: [GC [PSYoungGen: 228800K->894K(223680K)] 747521K->519671K(910656K), 0.0036430 secs] [Times: user=0.02 sys=0.00, real=0.00 secs] 
2014-07-08T07:36:51.093+0000: 3056.183: [GC [PSYoungGen: 223678K->790K(218496K)] 742455K->519647K(905472K), 0.0104400 secs] [Times: user=0.06 sys=0.00, real=0.01 secs] 
2014-07-08T07:36:51.907+0000: 3056.997: [GC [PSYoungGen: 218454K->1320K(214080K)] 737311K->520233K(901056K), 0.0055710 secs] [Times: user=0.02 sys=0.00, real=0.00 secs] 
2014-07-08T07:36:52.623+0000: 3057.713: [GC [PSYoungGen: 214056K->802K(208768K)] 732969K->520332K(895744K), 0.0088540 secs] [Times: user=0.06 sys=0.00, real=0.01 secs] 
2014-07-08T07:36:53.342+0000: 3058.432: [GC [PSYoungGen: 208738K->1250K(204608K)] 728268K->520843K(891584K), 0.0042780 secs] [Times: user=0.02 sys=0.00, real=0.01 secs] 
2014-07-08T07:36:54.057+0000: 3059.147: [GC [PSYoungGen: 204578K->744K(199616K)] 724171K->520673K(886592K), 0.0043080 secs] [Times: user=0.02 sys=0.00, real=0.00 secs] 
2014-07-08T07:36:54.980+0000: 3060.070: [GC [PSYoungGen: 199539K->1587K(196160K)] 719469K->521604K(883136K), 0.0100180 secs] [Times: user=0.07 sys=0.00, real=0.01 secs] 
2014-07-08T07:36:55.463+0000: 3060.554: [GC [PSYoungGen: 196147K->950K(191360K)] 716164K->521008K(878336K), 0.0054780 secs] [Times: user=0.03 sys=0.00, real=0.00 secs] 
2014-07-08T07:36:56.135+0000: 3061.225: [GC [PSYoungGen: 191327K->944K(229440K)] 711384K->521065K(916416K), 0.0167390 secs] [Times: user=0.10 sys=0.00, real=0.01 secs] 
2014-07-08T07:36:56.980+0000: 3062.070: [GC [PSYoungGen: 229424K->1310K(275520K)] 749545K->521504K(962496K), 0.0073870 secs] [Times: user=0.04 sys=0.00, real=0.01 secs] 
2014-07-08T07:36:57.948+0000: 3063.038: [GC [PSYoungGen: 275486K->822K(329856K)] 795680K->521079K(1016832K), 0.0058560 secs] [Times: user=0.04 sys=0.01, real=0.00 secs] 
2014-07-08T07:36:59.086+0000: 3064.176: [GC [PSYoungGen: 329841K->826K(320640K)] 850098K->521147K(1007616K), 0.0096400 secs] [Times: user=0.07 sys=0.00, real=0.01 secs] 
2014-07-08T07:37:00.294+0000: 3065.385: [GC [PSYoungGen: 320634K->1438K(312448K)] 840955K->521840K(999424K), 0.0049360 secs] [Times: user=0.02 sys=0.00, real=0.00 secs] 
2014-07-08T07:37:01.291+0000: 3066.381: [GC [PSYoungGen: 312413K->830K(303360K)] 832814K->521279K(990336K), 0.0063800 secs] [Times: user=0.03 sys=0.00, real=0.01 secs] 
2014-07-08T07:37:02.365+0000: 3067.455: [GC [PSYoungGen: 303358K->954K(295360K)] 823807K->521491K(982336K), 0.0086960 secs] [Times: user=0.05 sys=0.00, real=0.01 secs] 
2014-07-08T07:37:03.423+0000: 3068.513: [GC [PSYoungGen: 295323K->904K(287552K)] 815860K->521545K(974528K), 0.0058830 secs] [Times: user=0.04 sys=0.00, real=0.01 secs] 
2014-07-08T07:37:04.442+0000: 3069.533: [GC [PSYoungGen: 287495K->976K(280128K)] 808137K->521673K(967104K), 0.0090050 secs] [Times: user=0.05 sys=0.00, real=0.01 secs] 
2014-07-08T07:37:05.469+0000: 3070.559: [GC [PSYoungGen: 280080K->808K(272704K)] 800777K->521561K(959680K), 0.0081750 secs] [Times: user=0.06 sys=0.00, real=0.01 secs] 
2014-07-08T07:37:06.383+0000: 3071.473: [GC [PSYoungGen: 272652K->972K(265920K)] 793405K->521789K(952896K), 0.0113150 secs] [Times: user=0.07 sys=0.00, real=0.01 secs] 
2014-07-08T07:37:07.330+0000: 3072.421: [GC [PSYoungGen: 265862K->972K(259264K)] 786680K->521893K(946240K), 0.0055380 secs] [Times: user=0.03 sys=0.00, real=0.01 secs] 
2014-07-08T07:37:08.252+0000: 3073.342: [GC [PSYoungGen: 259212K->890K(252736K)] 780133K->521899K(939712K), 0.0072170 secs] [Times: user=0.04 sys=0.00, real=0.01 secs] 
2014-07-08T07:37:09.149+0000: 3074.239: [GC [PSYoungGen: 252730K->858K(246528K)] 773739K->521979K(933504K), 0.0080410 secs] [Times: user=0.04 sys=0.00, real=0.01 secs] 
2014-07-08T07:37:10.169+0000: 3075.259: [GC [PSYoungGen: 246441K->1466K(241152K)] 767562K->522783K(928128K), 0.0057430 secs] [Times: user=0.04 sys=0.00, real=0.00 secs] 
2014-07-08T07:37:10.977+0000: 3076.067: [GC [PSYoungGen: 241146K->612K(234560K)] 762463K->522027K(921536K), 0.0127140 secs] [Times: user=0.08 sys=0.00, real=0.01 secs] 
2014-07-08T07:37:11.727+0000: 3076.817: [GC [PSYoungGen: 234532K->950K(229376K)] 755947K->522437K(916352K), 0.0084020 secs] [Times: user=0.04 sys=0.01, real=0.00 secs] 
2014-07-08T07:37:12.524+0000: 3077.614: [GC [PSYoungGen: 229356K->826K(223936K)] 750843K->522393K(910912K), 0.0042290 secs] [Times: user=0.02 sys=0.00, real=0.01 secs] 
2014-07-08T07:37:13.315+0000: 3078.405: [GC [PSYoungGen: 223930K->712K(218752K)] 745497K->522327K(905728K), 0.0044360 secs] [Times: user=0.02 sys=0.00, real=0.01 secs] 
2014-07-08T07:37:14.115+0000: 3079.206: [GC [PSYoungGen: 218696K->986K(214016K)] 740311K->522673K(900992K), 0.0079410 secs] [Times: user=0.05 sys=0.00, real=0.01 secs] 
2014-07-08T07:37:14.994+0000: 3080.084: [GC [PSYoungGen: 213978K->1370K(209600K)] 735665K->523129K(896576K), 0.0085850 secs] [Times: user=0.05 sys=0.00, real=0.01 secs] 
2014-07-08T07:37:15.620+0000: 3080.710: [GC [PSYoungGen: 209533K->680K(204288K)] 731292K->523214K(891264K), 0.0053680 secs] [Times: user=0.03 sys=0.00, real=0.00 secs] 
2014-07-08T07:37:16.352+0000: 3081.442: [GC [PSYoungGen: 204264K->972K(200128K)] 726798K->523562K(887104K), 0.0040990 secs] [Times: user=0.02 sys=0.00, real=0.00 secs] 
2014-07-08T07:37:17.048+0000: 3082.138: [GC [PSYoungGen: 200076K->1004K(195840K)] 722666K->523812K(882816K), 0.0051460 secs] [Times: user=0.04 sys=0.00, real=0.00 secs] 
2014-07-08T07:37:17.729+0000: 3082.819: [GC [PSYoungGen: 195820K->904K(191616K)] 718628K->523792K(878592K), 0.0049430 secs] [Times: user=0.03 sys=0.00, real=0.00 secs] 
2014-07-08T07:37:18.398+0000: 3083.488: [GC [PSYoungGen: 191560K->1044K(187712K)] 714448K->523988K(874688K), 0.0052750 secs] [Times: user=0.03 sys=0.00, real=0.00 secs] 
2014-07-08T07:37:19.060+0000: 3084.150: [GC [PSYoungGen: 187644K->1011K(225024K)] 710588K->524027K(912000K), 0.0202650 secs] [Times: user=0.13 sys=0.00, real=0.02 secs] 
2014-07-08T07:37:19.978+0000: 3085.068: [GC [PSYoungGen: 225011K->1014K(269824K)] 748027K->524190K(956800K), 0.0096080 secs] [Times: user=0.06 sys=0.01, real=0.01 secs] 
2014-07-08T07:37:20.905+0000: 3085.995: [GC [PSYoungGen: 269809K->1512K(324096K)] 792985K->524760K(1011072K), 0.0111130 secs] [Times: user=0.07 sys=0.00, real=0.01 secs] 
2014-07-08T07:37:21.968+0000: 3087.059: [GC [PSYoungGen: 324036K->552K(365248K)] 847284K->524122K(1052224K), 0.0062030 secs] [Times: user=0.03 sys=0.00, real=0.00 secs] 
2014-07-08T07:37:23.263+0000: 3088.353: [GC [PSYoungGen: 365200K->1026K(355136K)] 888770K->524660K(1042112K), 0.0060620 secs] [Times: user=0.04 sys=0.00, real=0.01 secs] 
2014-07-08T07:37:24.513+0000: 3089.603: [GC [PSYoungGen: 355063K->566K(344384K)] 878697K->524566K(1031360K), 0.0074960 secs] [Times: user=0.03 sys=0.00, real=0.01 secs] 
2014-07-08T07:37:25.737+0000: 3090.827: [GC [PSYoungGen: 344374K->1528K(335552K)] 868374K->525584K(1022528K), 0.0061960 secs] [Times: user=0.03 sys=0.01, real=0.01 secs] 
2014-07-08T07:37:27.041+0000: 3092.131: [GC [PSYoungGen: 335544K->1010K(325632K)] 859600K->525540K(1012608K), 0.0095850 secs] [Times: user=0.07 sys=0.00, real=0.01 secs] 
2014-07-08T07:37:28.099+0000: 3093.190: [GC [PSYoungGen: 325618K->1342K(316928K)] 850148K->525944K(1003904K), 0.0137580 secs] [Times: user=0.10 sys=0.00, real=0.01 secs] 
2014-07-08T07:37:29.221+0000: 3094.311: [GC [PSYoungGen: 316888K->950K(307904K)] 841490K->525732K(994880K), 0.0080580 secs] [Times: user=0.05 sys=0.00, real=0.01 secs] 
2014-07-08T07:37:30.308+0000: 3095.398: [GC [PSYoungGen: 307894K->876K(299520K)] 832676K->525714K(986496K), 0.0045240 secs] [Times: user=0.02 sys=0.00, real=0.01 secs] 
2014-07-08T07:37:31.361+0000: 3096.451: [GC [PSYoungGen: 299500K->976K(291648K)] 824338K->525870K(978624K), 0.0087730 secs] [Times: user=0.05 sys=0.00, real=0.01 secs] 
2014-07-08T07:37:32.426+0000: 3097.516: [GC [PSYoungGen: 291600K->986K(349824K)] 816494K->525944K(1036800K), 0.0195850 secs] [Times: user=0.14 sys=0.00, real=0.02 secs] 
2014-07-08T07:37:33.664+0000: 3098.754: [GC [PSYoungGen: 349786K->1168K(340032K)] 874744K->526182K(1027008K), 0.0096600 secs] [Times: user=0.05 sys=0.00, real=0.01 secs] 
2014-07-08T07:37:34.894+0000: 3099.984: [GC [PSYoungGen: 339984K->1416K(330688K)] 864998K->526518K(1017664K), 0.0113880 secs] [Times: user=0.07 sys=0.00, real=0.01 secs] 
2014-07-08T07:37:36.007+0000: 3101.097: [GC [PSYoungGen: 330632K->672K(358848K)] 855734K->526002K(1045824K), 0.0154700 secs] [Times: user=0.10 sys=0.00, real=0.02 secs] 
2014-07-08T07:37:37.333+0000: 3102.423: [GC [PSYoungGen: 358816K->1074K(348864K)] 884146K->526476K(1035840K), 0.0034900 secs] [Times: user=0.02 sys=0.00, real=0.00 secs] 
2014-07-08T07:37:38.544+0000: 3103.635: [GC [PSYoungGen: 348850K->676K(338496K)] 874252K->526242K(1025472K), 0.0048650 secs] [Times: user=0.02 sys=0.00, real=0.00 secs] 
2014-07-08T07:37:39.775+0000: 3104.865: [GC [PSYoungGen: 338468K->1366K(329664K)] 864034K->526988K(1016640K), 0.0070360 secs] [Times: user=0.04 sys=0.00, real=0.01 secs] 
2014-07-08T07:37:40.932+0000: 3106.022: [GC [PSYoungGen: 329622K->946K(320064K)] 855244K->526632K(1007040K), 0.0082470 secs] [Times: user=0.05 sys=0.00, real=0.01 secs] 
2014-07-08T07:37:42.020+0000: 3107.110: [GC [PSYoungGen: 320050K->712K(311104K)] 845736K->526470K(998080K), 0.0094860 secs] [Times: user=0.06 sys=0.00, real=0.01 secs] 
2014-07-08T07:37:43.117+0000: 3108.208: [GC [PSYoungGen: 311048K->946K(302848K)] 836806K->526784K(989824K), 0.0041550 secs] [Times: user=0.02 sys=0.01, real=0.01 secs] 
2014-07-08T07:37:44.197+0000: 3109.287: [GC [PSYoungGen: 302834K->776K(294592K)] 828672K->526686K(981568K), 0.0073410 secs] [Times: user=0.05 sys=0.01, real=0.01 secs] 
2014-07-08T07:37:45.292+0000: 3110.383: [GC [PSYoungGen: 294536K->1050K(287040K)] 820446K->527032K(974016K), 0.0060140 secs] [Times: user=0.03 sys=0.00, real=0.00 secs] 
2014-07-08T07:37:46.264+0000: 3111.355: [GC [PSYoungGen: 286959K->994K(279488K)] 812941K->527048K(966464K), 0.0074970 secs] [Times: user=0.06 sys=0.00, real=0.01 secs] 
2014-07-08T07:37:47.256+0000: 3112.346: [GC [PSYoungGen: 279441K->1050K(272384K)] 805496K->527176K(959360K), 0.0055300 secs] [Times: user=0.03 sys=0.00, real=0.01 secs] 
2014-07-08T07:37:48.323+0000: 3113.413: [GC [PSYoungGen: 272346K->1242K(265664K)] 798472K->527432K(952640K), 0.0104400 secs] [Times: user=0.06 sys=0.00, real=0.01 secs] 
2014-07-08T07:37:49.167+0000: 3114.257: [GC [PSYoungGen: 265626K->616K(258368K)] 791816K->527162K(945344K), 0.0067300 secs] [Times: user=0.05 sys=0.00, real=0.01 secs] 
2014-07-08T07:37:50.048+0000: 3115.138: [GC [PSYoungGen: 258344K->1242K(252608K)] 784890K->527829K(939584K), 0.0071350 secs] [Times: user=0.04 sys=0.00, real=0.01 secs] 
2014-07-08T07:37:50.960+0000: 3116.050: [GC [PSYoungGen: 252570K->854K(246080K)] 779157K->527578K(933056K), 0.0057210 secs] [Times: user=0.04 sys=0.00, real=0.01 secs] 
2014-07-08T07:37:51.858+0000: 3116.948: [GC [PSYoungGen: 246038K->1346K(240640K)] 772762K->528110K(927616K), 0.0126650 secs] [Times: user=0.06 sys=0.00, real=0.01 secs] 
2014-07-08T07:37:52.681+0000: 3117.771: [GC [PSYoungGen: 240578K->812K(287936K)] 767342K->527770K(974912K), 0.0122320 secs] [Times: user=0.08 sys=0.00, real=0.02 secs] 
2014-07-08T07:37:53.702+0000: 3118.792: [GC [PSYoungGen: 287916K->1306K(280896K)] 814874K->528328K(967872K), 0.0086840 secs] [Times: user=0.06 sys=0.00, real=0.01 secs] 
2014-07-08T07:37:54.673+0000: 3119.763: [GC [PSYoungGen: 280835K->758K(273088K)] 807857K->527878K(960064K), 0.0041050 secs] [Times: user=0.02 sys=0.00, real=0.00 secs] 
2014-07-08T07:37:55.656+0000: 3120.746: [GC [PSYoungGen: 273078K->1036K(266432K)] 800198K->528220K(953408K), 0.0125410 secs] [Times: user=0.07 sys=0.00, real=0.01 secs] 
2014-07-08T07:37:56.582+0000: 3121.672: [GC [PSYoungGen: 266380K->968K(259648K)] 793564K->528248K(946624K), 0.0043800 secs] [Times: user=0.03 sys=0.00, real=0.01 secs] 
2014-07-08T07:37:57.487+0000: 3122.577: [GC [PSYoungGen: 259592K->808K(311232K)] 786872K->528160K(998208K), 0.0146470 secs] [Times: user=0.09 sys=0.00, real=0.01 secs] 
2014-07-08T07:37:58.616+0000: 3123.706: [GC [PSYoungGen: 311193K->1210K(347712K)] 838546K->528626K(1034688K), 0.0116120 secs] [Times: user=0.08 sys=0.00, real=0.01 secs] 
2014-07-08T07:37:59.842+0000: 3124.932: [GC [PSYoungGen: 347642K->1192K(337728K)] 875058K->528680K(1024704K), 0.0101060 secs] [Times: user=0.07 sys=0.00, real=0.01 secs] 
2014-07-08T07:38:01.057+0000: 3126.147: [GC [PSYoungGen: 337704K->362K(327424K)] 865192K->528312K(1014400K), 0.0062900 secs] [Times: user=0.03 sys=0.01, real=0.01 secs] 
2014-07-08T07:38:02.169+0000: 3127.259: [GC [PSYoungGen: 327400K->1128K(319104K)] 855351K->529150K(1006080K), 0.0050610 secs] [Times: user=0.02 sys=0.00, real=0.01 secs] 
2014-07-08T07:38:03.310+0000: 3128.400: [GC [PSYoungGen: 319080K->1216K(310464K)] 847102K->529466K(997440K), 0.0144290 secs] [Times: user=0.10 sys=0.00, real=0.02 secs] 
2014-07-08T07:38:04.431+0000: 3129.521: [GC [PSYoungGen: 310399K->1186K(302016K)] 838649K->529516K(988992K), 0.0063170 secs] [Times: user=0.04 sys=0.00, real=0.01 secs] 
2014-07-08T07:38:05.581+0000: 3130.671: [GC [PSYoungGen: 301952K->632K(293376K)] 830282K->529879K(980352K), 0.0175710 secs] [Times: user=0.11 sys=0.01, real=0.02 secs] 
2014-07-08T07:38:06.547+0000: 3131.637: [GC [PSYoungGen: 293368K->1492K(286528K)] 822615K->530861K(973504K), 0.0066070 secs] [Times: user=0.04 sys=0.00, real=0.00 secs] 
2014-07-08T07:38:07.575+0000: 3132.665: [GC [PSYoungGen: 286484K->1210K(278784K)] 815853K->531141K(965760K), 0.0106530 secs] [Times: user=0.07 sys=0.01, real=0.01 secs] 
2014-07-08T07:38:08.540+0000: 3133.630: [GC [PSYoungGen: 278741K->922K(334080K)] 808672K->530925K(1021056K), 0.0134170 secs] [Times: user=0.07 sys=0.00, real=0.01 secs] 
2014-07-08T07:38:09.720+0000: 3134.810: [GC [PSYoungGen: 334042K->1232K(325056K)] 864045K->531323K(1012032K), 0.0081830 secs] [Times: user=0.04 sys=0.00, real=0.01 secs] 
2014-07-08T07:38:10.914+0000: 3136.004: [GC [PSYoungGen: 324994K->1054K(315904K)] 855085K->531201K(1002880K), 0.0050200 secs] [Times: user=0.02 sys=0.00, real=0.01 secs] 
2014-07-08T07:38:12.000+0000: 3137.090: [GC [PSYoungGen: 315870K->1214K(307392K)] 846017K->531457K(994368K), 0.0064880 secs] [Times: user=0.03 sys=0.00, real=0.01 secs] 
2014-07-08T07:38:13.053+0000: 3138.143: [GC [PSYoungGen: 307343K->794K(298752K)] 837586K->531109K(985728K), 0.0137550 secs] [Times: user=0.09 sys=0.01, real=0.02 secs] 
2014-07-08T07:38:14.134+0000: 3139.224: [GC [PSYoungGen: 298713K->744K(290752K)] 829027K->531114K(977728K), 0.0061600 secs] [Times: user=0.04 sys=0.00, real=0.01 secs] 
2014-07-08T07:38:15.187+0000: 3140.277: [GC [PSYoungGen: 290728K->726K(283136K)] 821098K->531160K(970112K), 0.0042490 secs] [Times: user=0.02 sys=0.00, real=0.00 secs] 
2014-07-08T07:38:16.220+0000: 3141.310: [GC [PSYoungGen: 283094K->1090K(276160K)] 813528K->531581K(963136K), 0.0086910 secs] [Times: user=0.05 sys=0.00, real=0.01 secs] 
2014-07-08T07:38:17.153+0000: 3142.243: [GC [PSYoungGen: 276098K->1078K(269056K)] 806589K->531641K(956032K), 0.0081490 secs] [Times: user=0.06 sys=0.00, real=0.01 secs] 
2014-07-08T07:38:18.099+0000: 3143.189: [GC [PSYoungGen: 269039K->861K(262080K)] 799602K->531480K(949056K), 0.0059040 secs] [Times: user=0.04 sys=0.00, real=0.00 secs] 
2014-07-08T07:38:19.025+0000: 3144.116: [GC [PSYoungGen: 262045K->958K(255616K)] 792664K->531665K(942592K), 0.0051920 secs] [Times: user=0.03 sys=0.00, real=0.01 secs] 
2014-07-08T07:38:19.997+0000: 3145.088: [GC [PSYoungGen: 255603K->1522K(249920K)] 786310K->532293K(936896K), 0.0117810 secs] [Times: user=0.07 sys=0.00, real=0.01 secs] 
2014-07-08T07:38:21.001+0000: 3146.091: [GC [PSYoungGen: 249864K->1306K(243648K)] 780635K->532173K(930624K), 0.0085710 secs] [Times: user=0.05 sys=0.00, real=0.01 secs] 
2014-07-08T07:38:21.697+0000: 3146.787: [GC [PSYoungGen: 243605K->630K(237120K)] 774472K->532221K(924096K), 0.0063970 secs] [Times: user=0.04 sys=0.00, real=0.00 secs] 
2014-07-08T07:38:22.497+0000: 3147.587: [GC [PSYoungGen: 237052K->1293K(232192K)] 768643K->532956K(919168K), 0.0040920 secs] [Times: user=0.02 sys=0.01, real=0.01 secs] 
2014-07-08T07:38:23.308+0000: 3148.398: [GC [PSYoungGen: 232140K->932K(226368K)] 763803K->533105K(913344K), 0.0075700 secs] [Times: user=0.06 sys=0.00, real=0.00 secs] 
2014-07-08T07:38:24.113+0000: 3149.204: [GC [PSYoungGen: 226340K->744K(220928K)] 758513K->532989K(907904K), 0.0133550 secs] [Times: user=0.09 sys=0.00, real=0.02 secs] 
2014-07-08T07:38:24.950+0000: 3150.040: [GC [PSYoungGen: 220904K->1402K(265600K)] 753149K->533703K(952576K), 0.0125170 secs] [Times: user=0.09 sys=0.00, real=0.01 secs] 
2014-07-08T07:38:25.964+0000: 3151.054: [GC [PSYoungGen: 265594K->1580K(318656K)] 797895K->533961K(1005632K), 0.0113240 secs] [Times: user=0.07 sys=0.00, real=0.01 secs] 
2014-07-08T07:38:26.965+0000: 3152.055: [GC [PSYoungGen: 318636K->612K(308992K)] 851017K->533137K(995968K), 0.0066700 secs] [Times: user=0.04 sys=0.00, real=0.01 secs] 
2014-07-08T07:38:28.041+0000: 3153.132: [GC [PSYoungGen: 308916K->1090K(301120K)] 841441K->533687K(988096K), 0.0075000 secs] [Times: user=0.05 sys=0.00, real=0.01 secs] 
2014-07-08T07:38:29.108+0000: 3154.198: [GC [PSYoungGen: 301058K->676K(292608K)] 833655K->533395K(979584K), 0.0032570 secs] [Times: user=0.02 sys=0.00, real=0.00 secs] 
2014-07-08T07:38:30.142+0000: 3155.232: [GC [PSYoungGen: 292580K->890K(285056K)] 825299K->533673K(972032K), 0.0088660 secs] [Times: user=0.07 sys=0.00, real=0.01 secs] 
2014-07-08T07:38:31.253+0000: 3156.343: [GC [PSYoungGen: 285050K->1040K(277824K)] 817833K->533895K(964800K), 0.0064120 secs] [Times: user=0.04 sys=0.00, real=0.01 secs] 
2014-07-08T07:38:32.155+0000: 3157.246: [GC [PSYoungGen: 277745K->912K(270592K)] 810600K->533831K(957568K), 0.0045600 secs] [Times: user=0.02 sys=0.00, real=0.01 secs] 
2014-07-08T07:38:33.125+0000: 3158.215: [GC [PSYoungGen: 270544K->972K(263808K)] 803463K->533971K(950784K), 0.0110710 secs] [Times: user=0.08 sys=0.00, real=0.01 secs] 
2014-07-08T07:38:34.061+0000: 3159.151: [GC [PSYoungGen: 263754K->994K(257216K)] 796753K->534073K(944192K), 0.0041350 secs] [Times: user=0.03 sys=0.00, real=0.00 secs] 
2014-07-08T07:38:34.990+0000: 3160.081: [GC [PSYoungGen: 257185K->1032K(250944K)] 790264K->534151K(937920K), 0.0048090 secs] [Times: user=0.02 sys=0.00, real=0.00 secs] 
2014-07-08T07:38:35.893+0000: 3160.983: [GC [PSYoungGen: 250840K->1516K(245248K)] 783960K->534813K(932224K), 0.0192110 secs] [Times: user=0.13 sys=0.01, real=0.02 secs] 
2014-07-08T07:38:36.737+0000: 3161.827: [GC [PSYoungGen: 245228K->508K(292992K)] 778525K->534792K(979968K), 0.0136530 secs] [Times: user=0.08 sys=0.00, real=0.02 secs] 
2014-07-08T07:38:37.753+0000: 3162.843: [GC [PSYoungGen: 292988K->1658K(323008K)] 827272K->536007K(1009984K), 0.0064290 secs] [Times: user=0.04 sys=0.00, real=0.01 secs] 
2014-07-08T07:38:38.921+0000: 3164.011: [GC [PSYoungGen: 322810K->1476K(352960K)] 857159K->536109K(1039936K), 0.0148660 secs] [Times: user=0.09 sys=0.00, real=0.01 secs] 
2014-07-08T07:38:40.107+0000: 3165.197: [GC [PSYoungGen: 352393K->1128K(342016K)] 887026K->535832K(1028992K), 0.0057820 secs] [Times: user=0.04 sys=0.00, real=0.01 secs] 
2014-07-08T07:38:41.415+0000: 3166.505: [GC [PSYoungGen: 341969K->886K(332096K)] 876673K->535991K(1019072K), 0.0066050 secs] [Times: user=0.04 sys=0.00, real=0.01 secs] 
2014-07-08T07:38:42.496+0000: 3167.586: [GC [PSYoungGen: 332086K->1474K(323456K)] 867191K->536634K(1010432K), 0.0130160 secs] [Times: user=0.09 sys=0.00, real=0.01 secs] 
2014-07-08T07:38:43.635+0000: 3168.725: [GC [PSYoungGen: 323388K->890K(313920K)] 858548K->536172K(1000896K), 0.0084010 secs] [Times: user=0.05 sys=0.00, real=0.01 secs] 
2014-07-08T07:38:44.743+0000: 3169.833: [GC [PSYoungGen: 313914K->1096K(305600K)] 849196K->536418K(992576K), 0.0126640 secs] [Times: user=0.07 sys=0.01, real=0.01 secs] 
2014-07-08T07:38:45.851+0000: 3170.941: [GC [PSYoungGen: 305544K->1492K(348864K)] 840866K->536886K(1035840K), 0.0198690 secs] [Times: user=0.12 sys=0.00, real=0.02 secs] 
2014-07-08T07:38:47.133+0000: 3172.223: [GC [PSYoungGen: 348500K->808K(348928K)] 883894K->536282K(1035904K), 0.0118400 secs] [Times: user=0.08 sys=0.00, real=0.01 secs] 
2014-07-08T07:38:48.303+0000: 3173.393: [GC [PSYoungGen: 347816K->1022K(338112K)] 883290K->536568K(1025088K), 0.0074790 secs] [Times: user=0.04 sys=0.00, real=0.00 secs] 
2014-07-08T07:38:49.497+0000: 3174.587: [GC [PSYoungGen: 338110K->794K(328384K)] 873656K->536396K(1015360K), 0.0057180 secs] [Times: user=0.03 sys=0.00, real=0.01 secs] 
2014-07-08T07:38:50.672+0000: 3175.762: [GC [PSYoungGen: 328317K->1210K(319616K)] 863920K->536868K(1006592K), 0.0121770 secs] [Times: user=0.07 sys=0.00, real=0.01 secs] 
2014-07-08T07:38:51.942+0000: 3177.032: [GC [PSYoungGen: 319575K->1426K(311104K)] 855233K->537173K(998080K), 0.0126230 secs] [Times: user=0.09 sys=0.00, real=0.01 secs] 
2014-07-08T07:38:52.927+0000: 3178.017: [GC [PSYoungGen: 311058K->1078K(302272K)] 846805K->537209K(989248K), 0.0098730 secs] [Times: user=0.07 sys=0.00, real=0.01 secs] 
2014-07-08T07:38:54.008+0000: 3179.098: [GC [PSYoungGen: 302262K->1278K(294400K)] 838393K->537480K(981376K), 0.0048750 secs] [Times: user=0.03 sys=0.00, real=0.01 secs] 
2014-07-08T07:38:55.005+0000: 3180.095: [GC [PSYoungGen: 294398K->940K(286336K)] 830600K->537238K(973312K), 0.0060100 secs] [Times: user=0.04 sys=0.00, real=0.00 secs] 
2014-07-08T07:38:56.025+0000: 3181.115: [GC [PSYoungGen: 286316K->936K(278848K)] 822614K->537290K(965824K), 0.0063600 secs] [Times: user=0.03 sys=0.00, real=0.00 secs] 
2014-07-08T07:38:57.102+0000: 3182.192: [GC [PSYoungGen: 278822K->1400K(272128K)] 815176K->537859K(959104K), 0.0114120 secs] [Times: user=0.08 sys=0.01, real=0.01 secs] 
2014-07-08T07:38:58.002+0000: 3183.092: [GC [PSYoungGen: 272120K->1260K(265088K)] 808579K->537791K(952064K), 0.0093370 secs] [Times: user=0.06 sys=0.00, real=0.01 secs] 
2014-07-08T07:38:58.914+0000: 3184.005: [GC [PSYoungGen: 265055K->960K(258176K)] 801586K->537531K(945152K), 0.0059120 secs] [Times: user=0.02 sys=0.00, real=0.00 secs] 
2014-07-08T07:38:59.803+0000: 3184.894: [GC [PSYoungGen: 258085K->1232K(252032K)] 794656K->537866K(939008K), 0.0101520 secs] [Times: user=0.07 sys=0.00, real=0.01 secs] 
2014-07-08T07:39:00.680+0000: 3185.770: [GC [PSYoungGen: 251984K->836K(301824K)] 788618K->537542K(988800K), 0.0168110 secs] [Times: user=0.12 sys=0.00, real=0.02 secs] 
2014-07-08T07:39:01.738+0000: 3186.828: [GC [PSYoungGen: 301764K->1072K(362240K)] 838470K->537835K(1049216K), 0.0071940 secs] [Times: user=0.05 sys=0.00, real=0.01 secs] 
2014-07-08T07:39:03.037+0000: 3188.127: [GC [PSYoungGen: 362224K->900K(351616K)] 898987K->537711K(1038592K), 0.0116860 secs] [Times: user=0.07 sys=0.00, real=0.01 secs] 
2014-07-08T07:39:04.268+0000: 3189.358: [GC [PSYoungGen: 351556K->1090K(341760K)] 888367K->537997K(1028736K), 0.0116650 secs] [Times: user=0.07 sys=0.01, real=0.01 secs] 
2014-07-08T07:39:05.476+0000: 3190.566: [GC [PSYoungGen: 341698K->1178K(406848K)] 878605K->538133K(1093824K), 0.0148790 secs] [Times: user=0.11 sys=0.00, real=0.01 secs] 
2014-07-08T07:39:06.972+0000: 3192.062: [GC [PSYoungGen: 406615K->1456K(394560K)] 943570K->538499K(1081536K), 0.0096870 secs] [Times: user=0.07 sys=0.00, real=0.01 secs] 
2014-07-08T07:39:08.311+0000: 3193.401: [GC [PSYoungGen: 394544K->192K(381440K)] 931587K->537730K(1068416K), 0.0039860 secs] [Times: user=0.03 sys=0.00, real=0.01 secs] 
2014-07-08T07:39:09.655+0000: 3194.745: [GC [PSYoungGen: 381399K->1594K(371520K)] 918938K->539189K(1058496K), 0.0076630 secs] [Times: user=0.06 sys=0.00, real=0.00 secs] 
2014-07-08T07:39:10.996+0000: 3196.086: [GC [PSYoungGen: 371514K->826K(359872K)] 909109K->538791K(1046848K), 0.0109430 secs] [Times: user=0.08 sys=0.00, real=0.01 secs] 
2014-07-08T07:39:12.243+0000: 3197.333: [GC [PSYoungGen: 359866K->826K(349440K)] 897831K->538855K(1036416K), 0.0061610 secs] [Times: user=0.04 sys=0.00, real=0.01 secs] 
2014-07-08T07:39:13.471+0000: 3198.561: [GC [PSYoungGen: 349434K->996K(339648K)] 887463K->539081K(1026624K), 0.0118970 secs] [Times: user=0.08 sys=0.01, real=0.01 secs] 
2014-07-08T07:39:14.687+0000: 3199.777: [GC [PSYoungGen: 339620K->1178K(330240K)] 877705K->539319K(1017216K), 0.0168370 secs] [Times: user=0.12 sys=0.00, real=0.01 secs] 
2014-07-08T07:39:15.888+0000: 3200.979: [GC [PSYoungGen: 330202K->958K(320768K)] 868343K->539179K(1007744K), 0.0068800 secs] [Times: user=0.04 sys=0.01, real=0.01 secs] 
2014-07-08T07:39:17.050+0000: 3202.140: [GC [PSYoungGen: 320766K->594K(311616K)] 858987K->538879K(998592K), 0.0038010 secs] [Times: user=0.02 sys=0.01, real=0.00 secs] 
2014-07-08T07:39:18.134+0000: 3203.224: [GC [PSYoungGen: 311570K->972K(303552K)] 849855K->539337K(990528K), 0.0087430 secs] [Times: user=0.06 sys=0.00, real=0.01 secs] 
2014-07-08T07:39:19.149+0000: 3204.239: [GC [PSYoungGen: 303500K->1156K(295616K)] 841865K->539585K(982592K), 0.0080440 secs] [Times: user=0.05 sys=0.00, real=0.01 secs] 
2014-07-08T07:39:20.201+0000: 3205.291: [GC [PSYoungGen: 295556K->926K(287552K)] 833985K->539427K(974528K), 0.0075230 secs] [Times: user=0.05 sys=0.00, real=0.01 secs] 
2014-07-08T07:39:21.212+0000: 3206.303: [GC [PSYoungGen: 287518K->858K(280000K)] 826019K->539415K(966976K), 0.0043510 secs] [Times: user=0.02 sys=0.00, real=0.01 secs] 
2014-07-08T07:39:22.212+0000: 3207.303: [GC [PSYoungGen: 279950K->944K(272832K)] 818507K->539565K(959808K), 0.0134570 secs] [Times: user=0.09 sys=0.00, real=0.01 secs] 
2014-07-08T07:39:23.252+0000: 3208.342: [GC [PSYoungGen: 272816K->1064K(265984K)] 811437K->539781K(952960K), 0.0110280 secs] [Times: user=0.07 sys=0.00, real=0.01 secs] 
2014-07-08T07:39:24.150+0000: 3209.240: [GC [PSYoungGen: 265960K->722K(259008K)] 804677K->539511K(945984K), 0.0072590 secs] [Times: user=0.05 sys=0.00, real=0.01 secs] 
2014-07-08T07:39:25.044+0000: 3210.134: [GC [PSYoungGen: 258960K->843K(252736K)] 797749K->539704K(939712K), 0.0103660 secs] [Times: user=0.07 sys=0.00, real=0.01 secs] 
2014-07-08T07:39:25.912+0000: 3211.002: [GC [PSYoungGen: 252683K->1004K(246656K)] 791544K->539921K(933632K), 0.0070070 secs] [Times: user=0.04 sys=0.00, real=0.01 secs] 
2014-07-08T07:39:26.865+0000: 3211.955: [GC [PSYoungGen: 246606K->1454K(241152K)] 785523K->540697K(928128K), 0.0085600 secs] [Times: user=0.04 sys=0.00, real=0.01 secs] 
2014-07-08T07:39:27.615+0000: 3212.706: [GC [PSYoungGen: 241134K->484K(234432K)] 780377K->540161K(921408K), 0.0089610 secs] [Times: user=0.06 sys=0.00, real=0.01 secs] 
2014-07-08T07:39:28.461+0000: 3213.551: [GC [PSYoungGen: 234404K->972K(229440K)] 774081K->540713K(916416K), 0.0088410 secs] [Times: user=0.06 sys=0.00, real=0.01 secs] 
2014-07-08T07:39:29.290+0000: 3214.380: [GC [PSYoungGen: 229388K->968K(224128K)] 769129K->540831K(911104K), 0.0048080 secs] [Times: user=0.03 sys=0.00, real=0.00 secs] 
2014-07-08T07:39:30.057+0000: 3215.147: [GC [PSYoungGen: 224072K->862K(218880K)] 763935K->540781K(905856K), 0.0079410 secs] [Times: user=0.06 sys=0.00, real=0.00 secs] 
2014-07-08T07:39:30.890+0000: 3215.980: [GC [PSYoungGen: 218846K->1156K(262848K)] 758765K->541139K(949824K), 0.0156830 secs] [Times: user=0.10 sys=0.01, real=0.01 secs] 
2014-07-08T07:39:31.848+0000: 3216.938: [GC [PSYoungGen: 262788K->1516K(315520K)] 802771K->541587K(1002496K), 0.0087120 secs] [Times: user=0.06 sys=0.00, real=0.00 secs] 
2014-07-08T07:39:32.879+0000: 3217.970: [GC [PSYoungGen: 315500K->370K(377216K)] 855571K->541149K(1064192K), 0.0140830 secs] [Times: user=0.09 sys=0.01, real=0.01 secs] 
2014-07-08T07:39:34.243+0000: 3219.333: [GC [PSYoungGen: 377202K->1422K(367168K)] 917981K->542265K(1054144K), 0.0040060 secs] [Times: user=0.02 sys=0.01, real=0.00 secs] 
2014-07-08T07:39:35.462+0000: 3220.553: [GC [PSYoungGen: 367118K->940K(355968K)] 907961K->542175K(1042944K), 0.0069560 secs] [Times: user=0.05 sys=0.00, real=0.01 secs] 
2014-07-08T07:39:36.756+0000: 3221.847: [GC [PSYoungGen: 355903K->1420K(346240K)] 897139K->542736K(1033216K), 0.0125430 secs] [Times: user=0.08 sys=0.00, real=0.02 secs] 
2014-07-08T07:39:37.994+0000: 3223.084: [GC [PSYoungGen: 346188K->854K(335808K)] 887504K->542233K(1022784K), 0.0039230 secs] [Times: user=0.03 sys=0.00, real=0.01 secs] 
2014-07-08T07:39:39.195+0000: 3224.285: [GC [PSYoungGen: 335747K->1605K(327168K)] 877126K->543056K(1014144K), 0.0082260 secs] [Times: user=0.05 sys=0.00, real=0.01 secs] 
2014-07-08T07:39:40.305+0000: 3225.395: [GC [PSYoungGen: 327109K->944K(317440K)] 868560K->542541K(1004416K), 0.0128130 secs] [Times: user=0.08 sys=0.00, real=0.01 secs] 
2014-07-08T07:39:41.413+0000: 3226.504: [GC [PSYoungGen: 317403K->1128K(308928K)] 859000K->542805K(995904K), 0.0041210 secs] [Times: user=0.02 sys=0.00, real=0.00 secs] 
2014-07-08T07:39:42.522+0000: 3227.612: [GC [PSYoungGen: 308904K->708K(300224K)] 850581K->542499K(987200K), 0.0083410 secs] [Times: user=0.06 sys=0.00, real=0.01 secs] 
2014-07-08T07:39:43.566+0000: 3228.656: [GC [PSYoungGen: 300164K->1000K(292480K)] 841955K->542831K(979456K), 0.0128630 secs] [Times: user=0.08 sys=0.00, real=0.01 secs] 
2014-07-08T07:39:44.624+0000: 3229.714: [GC [PSYoungGen: 292440K->1200K(284992K)] 834271K->543087K(971968K), 0.0124380 secs] [Times: user=0.07 sys=0.00, real=0.01 secs] 
2014-07-08T07:39:45.619+0000: 3230.709: [GC [PSYoungGen: 284971K->1437K(277824K)] 826859K->543397K(964800K), 0.0069170 secs] [Times: user=0.03 sys=0.00, real=0.01 secs] 
2014-07-08T07:39:46.592+0000: 3231.682: [GC [PSYoungGen: 277789K->822K(270080K)] 819749K->543049K(957056K), 0.0069160 secs] [Times: user=0.04 sys=0.01, real=0.00 secs] 
2014-07-08T07:39:47.546+0000: 3232.636: [GC [PSYoungGen: 270070K->812K(263232K)] 812297K->543087K(950208K), 0.0090810 secs] [Times: user=0.05 sys=0.00, real=0.01 secs] 
2014-07-08T07:39:48.478+0000: 3233.568: [GC [PSYoungGen: 263212K->744K(256576K)] 805487K->543107K(943552K), 0.0102200 secs] [Times: user=0.08 sys=0.00, real=0.01 secs] 
2014-07-08T07:39:49.411+0000: 3234.501: [GC [PSYoungGen: 256552K->740K(250240K)] 798915K->543183K(937216K), 0.0074870 secs] [Times: user=0.05 sys=0.00, real=0.00 secs] 
2014-07-08T07:39:50.276+0000: 3235.366: [GC [PSYoungGen: 250212K->826K(244224K)] 792655K->543333K(931200K), 0.0105880 secs] [Times: user=0.07 sys=0.00, real=0.01 secs] 
2014-07-08T07:39:51.129+0000: 3236.219: [GC [PSYoungGen: 244218K->694K(238208K)] 786725K->543241K(925184K), 0.0046810 secs] [Times: user=0.03 sys=0.00, real=0.01 secs] 
2014-07-08T07:39:52.087+0000: 3237.177: [GC [PSYoungGen: 238198K->1444K(233344K)] 780745K->544063K(920320K), 0.0057600 secs] [Times: user=0.03 sys=0.00, real=0.01 secs] 
2014-07-08T07:39:52.809+0000: 3237.899: [GC [PSYoungGen: 233316K->1036K(227520K)] 775935K->543711K(914496K), 0.0090920 secs] [Times: user=0.06 sys=0.01, real=0.01 secs] 
2014-07-08T07:39:53.584+0000: 3238.674: [GC [PSYoungGen: 227430K->1074K(222272K)] 770105K->543848K(909248K), 0.0100380 secs] [Times: user=0.04 sys=0.00, real=0.01 secs] 
2014-07-08T07:39:54.367+0000: 3239.457: [GC [PSYoungGen: 222230K->826K(216960K)] 765004K->543663K(903936K), 0.0037710 secs] [Times: user=0.03 sys=0.00, real=0.01 secs] 
2014-07-08T07:39:55.214+0000: 3240.304: [GC [PSYoungGen: 216954K->1200K(212416K)] 759791K->544093K(899392K), 0.0085450 secs] [Times: user=0.05 sys=0.01, real=0.01 secs] 
2014-07-08T07:39:55.954+0000: 3241.044: [GC [PSYoungGen: 212365K->1652K(208128K)] 755258K->544610K(895104K), 0.0100130 secs] [Times: user=0.07 sys=0.01, real=0.01 secs] 
2014-07-08T07:39:56.617+0000: 3241.707: [GC [PSYoungGen: 208086K->502K(202432K)] 751044K->544352K(889408K), 0.0055600 secs] [Times: user=0.02 sys=0.00, real=0.01 secs] 
2014-07-08T07:39:57.327+0000: 3242.417: [GC [PSYoungGen: 202422K->1436K(243776K)] 746272K->545342K(930752K), 0.0089190 secs] [Times: user=0.05 sys=0.00, real=0.01 secs] 
2014-07-08T07:39:58.190+0000: 3243.280: [GC [PSYoungGen: 243691K->932K(291776K)] 787597K->545496K(978752K), 0.0107350 secs] [Times: user=0.07 sys=0.00, real=0.02 secs] 
2014-07-08T07:39:59.211+0000: 3244.301: [GC [PSYoungGen: 291748K->972K(284160K)] 836312K->545608K(971136K), 0.0079150 secs] [Times: user=0.04 sys=0.00, real=0.01 secs] 
2014-07-08T07:40:00.273+0000: 3245.363: [GC [PSYoungGen: 284092K->940K(276736K)] 828728K->545640K(963712K), 0.0101520 secs] [Times: user=0.08 sys=0.00, real=0.01 secs] 
2014-07-08T07:40:01.182+0000: 3246.273: [GC [PSYoungGen: 276698K->612K(269312K)] 821398K->545376K(956288K), 0.0083360 secs] [Times: user=0.06 sys=0.00, real=0.00 secs] 
2014-07-08T07:40:02.194+0000: 3247.284: [GC [PSYoungGen: 269234K->1086K(262912K)] 813998K->545914K(949888K), 0.0048670 secs] [Times: user=0.03 sys=0.00, real=0.00 secs] 
2014-07-08T07:40:03.067+0000: 3248.157: [GC [PSYoungGen: 262910K->744K(256000K)] 807738K->545628K(942976K), 0.0050610 secs] [Times: user=0.03 sys=0.00, real=0.01 secs] 
2014-07-08T07:40:04.000+0000: 3249.090: [GC [PSYoungGen: 255935K->932K(249856K)] 800819K->545864K(936832K), 0.0103470 secs] [Times: user=0.06 sys=0.01, real=0.01 secs] 
2014-07-08T07:40:04.862+0000: 3249.953: [GC [PSYoungGen: 249828K->1214K(244032K)] 794760K->546210K(931008K), 0.0081510 secs] [Times: user=0.06 sys=0.00, real=0.00 secs] 
2014-07-08T07:40:05.741+0000: 3250.831: [GC [PSYoungGen: 243998K->1150K(238080K)] 788994K->546194K(925056K), 0.0043000 secs] [Times: user=0.03 sys=0.00, real=0.01 secs] 
2014-07-08T07:40:06.547+0000: 3251.637: [GC [PSYoungGen: 238078K->844K(232192K)] 783122K->545960K(919168K), 0.0045680 secs] [Times: user=0.02 sys=0.01, real=0.00 secs] 
2014-07-08T07:40:07.371+0000: 3252.461: [GC [PSYoungGen: 232140K->808K(226688K)] 777256K->545988K(913664K), 0.0104690 secs] [Times: user=0.06 sys=0.00, real=0.01 secs] 
2014-07-08T07:40:08.171+0000: 3253.262: [GC [PSYoungGen: 226664K->1064K(272128K)] 771844K->546348K(959104K), 0.0120720 secs] [Times: user=0.07 sys=0.00, real=0.02 secs] 
2014-07-08T07:40:09.141+0000: 3254.231: [GC [PSYoungGen: 272104K->894K(265024K)] 817388K->546234K(952000K), 0.0079220 secs] [Times: user=0.05 sys=0.00, real=0.01 secs] 
2014-07-08T07:40:10.104+0000: 3255.194: [GC [PSYoungGen: 265022K->762K(258240K)] 810362K->546134K(945216K), 0.0065770 secs] [Times: user=0.02 sys=0.00, real=0.00 secs] 
2014-07-08T07:40:11.078+0000: 3256.168: [GC [PSYoungGen: 258202K->954K(252032K)] 803574K->546382K(939008K), 0.0092500 secs] [Times: user=0.06 sys=0.00, real=0.01 secs] 
2014-07-08T07:40:11.950+0000: 3257.040: [GC [PSYoungGen: 251997K->1444K(246400K)] 797425K->547091K(933376K), 0.0076150 secs] [Times: user=0.04 sys=0.01, real=0.01 secs] 
2014-07-08T07:40:12.772+0000: 3257.863: [GC [PSYoungGen: 246372K->566K(239552K)] 792019K->546568K(926528K), 0.0038040 secs] [Times: user=0.02 sys=0.00, real=0.01 secs] 
2014-07-08T07:40:13.624+0000: 3258.714: [GC [PSYoungGen: 239519K->1156K(234496K)] 785522K->547199K(921472K), 0.0045610 secs] [Times: user=0.02 sys=0.00, real=0.00 secs] 
2014-07-08T07:40:14.445+0000: 3259.535: [GC [PSYoungGen: 234436K->662K(228480K)] 780479K->546808K(915456K), 0.0070150 secs] [Times: user=0.05 sys=0.00, real=0.00 secs] 
2014-07-08T07:40:15.258+0000: 3260.348: [GC [PSYoungGen: 228438K->616K(223104K)] 774584K->546794K(910080K), 0.0091690 secs] [Times: user=0.06 sys=0.01, real=0.01 secs] 
2014-07-08T07:40:16.117+0000: 3261.208: [GC [PSYoungGen: 223080K->1594K(218944K)] 769258K->547861K(905920K), 0.0083330 secs] [Times: user=0.06 sys=0.01, real=0.01 secs] 
2014-07-08T07:40:16.855+0000: 3261.945: [GC [PSYoungGen: 218938K->1358K(213824K)] 765205K->547697K(900800K), 0.0102530 secs] [Times: user=0.07 sys=0.01, real=0.01 secs] 
2014-07-08T07:40:17.586+0000: 3262.676: [GC [PSYoungGen: 213774K->766K(208448K)] 760113K->547232K(895424K), 0.0044140 secs] [Times: user=0.02 sys=0.00, real=0.00 secs] 
2014-07-08T07:40:18.322+0000: 3263.412: [GC [PSYoungGen: 208446K->976K(250240K)] 754912K->547506K(937216K), 0.0109770 secs] [Times: user=0.08 sys=0.00, real=0.01 secs] 
2014-07-08T07:40:19.205+0000: 3264.295: [GC [PSYoungGen: 250192K->776K(299904K)] 796722K->547436K(986880K), 0.0091310 secs] [Times: user=0.05 sys=0.00, real=0.00 secs] 
2014-07-08T07:40:20.266+0000: 3265.356: [GC [PSYoungGen: 299848K->918K(292032K)] 846508K->547643K(979008K), 0.0066380 secs] [Times: user=0.05 sys=0.00, real=0.00 secs] 
2014-07-08T07:40:21.337+0000: 3266.427: [GC [PSYoungGen: 291990K->900K(350272K)] 838715K->547696K(1037248K), 0.0138280 secs] [Times: user=0.08 sys=0.00, real=0.01 secs] 
2014-07-08T07:40:22.537+0000: 3267.627: [GC [PSYoungGen: 350212K->972K(340288K)] 897008K->547816K(1027264K), 0.0045830 secs] [Times: user=0.02 sys=0.00, real=0.00 secs] 
2014-07-08T07:40:23.742+0000: 3268.832: [GC [PSYoungGen: 340236K->936K(330624K)] 887080K->547860K(1017600K), 0.0078540 secs] [Times: user=0.05 sys=0.01, real=0.01 secs] 
2014-07-08T07:40:24.916+0000: 3270.006: [GC [PSYoungGen: 330600K->1150K(321600K)] 877524K->548146K(1008576K), 0.0079960 secs] [Times: user=0.05 sys=0.00, real=0.00 secs] 
2014-07-08T07:40:26.049+0000: 3271.140: [GC [PSYoungGen: 321564K->996K(312640K)] 868561K->548465K(999616K), 0.0042950 secs] [Times: user=0.03 sys=0.01, real=0.00 secs] 
2014-07-08T07:40:27.151+0000: 3272.241: [GC [PSYoungGen: 312612K->936K(304064K)] 860081K->548493K(991040K), 0.0031710 secs] [Times: user=0.02 sys=0.00, real=0.00 secs] 
2014-07-08T07:40:28.213+0000: 3273.304: [GC [PSYoungGen: 304040K->876K(295872K)] 851597K->548563K(982848K), 0.0081570 secs] [Times: user=0.06 sys=0.00, real=0.01 secs] 
2014-07-08T07:40:29.246+0000: 3274.336: [GC [PSYoungGen: 295843K->794K(288000K)] 843530K->548537K(974976K), 0.0060170 secs] [Times: user=0.03 sys=0.00, real=0.01 secs] 
2014-07-08T07:40:30.273+0000: 3275.363: [GC [PSYoungGen: 287962K->762K(280384K)] 835705K->548569K(967360K), 0.0065140 secs] [Times: user=0.05 sys=0.00, real=0.01 secs] 
2014-07-08T07:40:31.283+0000: 3276.373: [GC [PSYoungGen: 280362K->744K(273152K)] 828169K->548615K(960128K), 0.0083750 secs] [Times: user=0.06 sys=0.00, real=0.01 secs] 
2014-07-08T07:40:32.293+0000: 3277.383: [GC [PSYoungGen: 273128K->740K(266176K)] 820999K->548691K(953152K), 0.0073780 secs] [Times: user=0.05 sys=0.00, real=0.01 secs] 
2014-07-08T07:40:33.175+0000: 3278.266: [GC [PSYoungGen: 266148K->1160K(259904K)] 814099K->549167K(946880K), 0.0037490 secs] [Times: user=0.02 sys=0.00, real=0.01 secs] 
2014-07-08T07:40:34.137+0000: 3279.227: [GC [PSYoungGen: 259820K->740K(252992K)] 807827K->548811K(939968K), 0.0042360 secs] [Times: user=0.03 sys=0.00, real=0.01 secs] 
2014-07-08T07:40:35.009+0000: 3280.099: [GC [PSYoungGen: 252964K->862K(246912K)] 801035K->548997K(933888K), 0.0107700 secs] [Times: user=0.07 sys=0.01, real=0.01 secs] 
2014-07-08T07:40:35.963+0000: 3281.053: [GC [PSYoungGen: 246878K->1450K(241536K)] 795013K->549747K(928512K), 0.0043900 secs] [Times: user=0.02 sys=0.00, real=0.01 secs] 
2014-07-08T07:40:36.753+0000: 3281.844: [GC [PSYoungGen: 241514K->1484K(235840K)] 789811K->549869K(922816K), 0.0073790 secs] [Times: user=0.06 sys=0.00, real=0.01 secs] 
2014-07-08T07:40:37.623+0000: 3282.713: [GC [PSYoungGen: 235788K->356K(229120K)] 784173K->550199K(916096K), 0.0063350 secs] [Times: user=0.03 sys=0.00, real=0.01 secs] 
2014-07-08T07:40:38.368+0000: 3283.458: [GC [PSYoungGen: 229092K->1278K(224640K)] 778935K->551177K(911616K), 0.0032290 secs] [Times: user=0.02 sys=0.01, real=0.00 secs] 
2014-07-08T07:40:39.141+0000: 3284.231: [GC [PSYoungGen: 224602K->1129K(219328K)] 774501K->551609K(906304K), 0.0043550 secs] [Times: user=0.02 sys=0.01, real=0.00 secs] 
2014-07-08T07:40:39.997+0000: 3285.088: [GC [PSYoungGen: 219291K->1256K(214464K)] 769771K->551800K(901440K), 0.0094520 secs] [Times: user=0.06 sys=0.00, real=0.01 secs] 
2014-07-08T07:40:40.709+0000: 3285.799: [GC [PSYoungGen: 214440K->972K(209408K)] 764984K->551579K(896384K), 0.0038130 secs] [Times: user=0.02 sys=0.00, real=0.00 secs] 
2014-07-08T07:40:41.427+0000: 3286.517: [GC [PSYoungGen: 209356K->780K(204608K)] 759963K->551443K(891584K), 0.0112710 secs] [Times: user=0.07 sys=0.00, real=0.02 secs] 
2014-07-08T07:40:42.190+0000: 3287.280: [GC [PSYoungGen: 204516K->1072K(200384K)] 755180K->551791K(887360K), 0.0093290 secs] [Times: user=0.06 sys=0.00, real=0.01 secs] 
2014-07-08T07:40:42.987+0000: 3288.077: [GC [PSYoungGen: 200368K->1683K(196736K)] 751087K->552475K(883712K), 0.0088020 secs] [Times: user=0.06 sys=0.00, real=0.01 secs] 
2014-07-08T07:40:43.543+0000: 3288.633: [GC [PSYoungGen: 196675K->830K(234880K)] 747466K->551941K(921856K), 0.0095180 secs] [Times: user=0.07 sys=0.00, real=0.01 secs] 
2014-07-08T07:40:44.370+0000: 3289.460: [GC [PSYoungGen: 234878K->808K(281728K)] 785989K->551999K(968704K), 0.0071590 secs] [Times: user=0.05 sys=0.01, real=0.00 secs] 
2014-07-08T07:40:45.356+0000: 3290.446: [GC [PSYoungGen: 281683K->994K(274624K)] 832875K->552257K(961600K), 0.0065620 secs] [Times: user=0.04 sys=0.00, real=0.01 secs] 
2014-07-08T07:40:46.330+0000: 3291.420: [GC [PSYoungGen: 274594K->1008K(267584K)] 825857K->552327K(954560K), 0.0095130 secs] [Times: user=0.06 sys=0.00, real=0.01 secs] 
2014-07-08T07:40:47.261+0000: 3292.352: [GC [PSYoungGen: 267568K->762K(260608K)] 818887K->552137K(947584K), 0.0082000 secs] [Times: user=0.05 sys=0.00, real=0.01 secs] 
2014-07-08T07:40:48.321+0000: 3293.411: [GC [PSYoungGen: 260587K->1707K(255104K)] 811963K->553287K(942080K), 0.0085760 secs] [Times: user=0.06 sys=0.00, real=0.01 secs] 
2014-07-08T07:40:49.079+0000: 3294.170: [GC [PSYoungGen: 255083K->1011K(248128K)] 806663K->552663K(935104K), 0.0094840 secs] [Times: user=0.05 sys=0.00, real=0.01 secs] 
2014-07-08T07:40:50.031+0000: 3295.121: [GC [PSYoungGen: 248115K->1438K(298048K)] 799767K->553178K(985024K), 0.0155230 secs] [Times: user=0.09 sys=0.00, real=0.01 secs] 
2014-07-08T07:40:51.025+0000: 3296.115: [GC [PSYoungGen: 298014K->1098K(335232K)] 849754K->552910K(1022208K), 0.0076810 secs] [Times: user=0.04 sys=0.00, real=0.01 secs] 
2014-07-08T07:40:52.198+0000: 3297.288: [GC [PSYoungGen: 334913K->940K(325376K)] 886725K->552823K(1012352K), 0.0086060 secs] [Times: user=0.05 sys=0.00, real=0.01 secs] 
2014-07-08T07:40:53.436+0000: 3298.526: [GC [PSYoungGen: 325356K->1008K(334016K)] 877239K->552990K(1020992K), 0.0158910 secs] [Times: user=0.11 sys=0.01, real=0.02 secs] 
2014-07-08T07:40:54.536+0000: 3299.626: [GC [PSYoungGen: 333999K->961K(334784K)] 885981K->553023K(1021760K), 0.0128330 secs] [Times: user=0.08 sys=0.00, real=0.01 secs] 
2014-07-08T07:40:55.728+0000: 3300.818: [GC [PSYoungGen: 333953K->1008K(401280K)] 886015K->553134K(1088256K), 0.0131380 secs] [Times: user=0.09 sys=0.00, real=0.02 secs] 
2014-07-08T07:40:57.151+0000: 3302.241: [GC [PSYoungGen: 400624K->896K(388480K)] 952750K->553118K(1075456K), 0.0034340 secs] [Times: user=0.02 sys=0.00, real=0.00 secs] 
2014-07-08T07:40:58.585+0000: 3303.675: [GC [PSYoungGen: 388416K->868K(376832K)] 940638K->553212K(1063808K), 0.0032650 secs] [Times: user=0.02 sys=0.00, real=0.00 secs] 
2014-07-08T07:40:59.890+0000: 3304.980: [GC [PSYoungGen: 376762K->1350K(366208K)] 929106K->553750K(1053184K), 0.0052350 secs] [Times: user=0.02 sys=0.01, real=0.01 secs] 
2014-07-08T07:41:01.173+0000: 3306.263: [GC [PSYoungGen: 366150K->1067K(355200K)] 918550K->553627K(1042176K), 0.0069540 secs] [Times: user=0.05 sys=0.00, real=0.00 secs] 
2014-07-08T07:41:02.420+0000: 3307.510: [GC [PSYoungGen: 355179K->1040K(344960K)] 907739K->553680K(1031936K), 0.0072760 secs] [Times: user=0.04 sys=0.00, real=0.01 secs] 
2014-07-08T07:41:03.686+0000: 3308.776: [GC [PSYoungGen: 344912K->822K(334912K)] 897552K->553618K(1021888K), 0.0090870 secs] [Times: user=0.06 sys=0.00, real=0.01 secs] 
2014-07-08T07:41:04.856+0000: 3309.947: [GC [PSYoungGen: 334902K->840K(325568K)] 887698K->553692K(1012544K), 0.0093970 secs] [Times: user=0.07 sys=0.00, real=0.01 secs] 
2014-07-08T07:41:05.978+0000: 3311.069: [GC [PSYoungGen: 325512K->676K(316352K)] 878364K->553583K(1003328K), 0.0086580 secs] [Times: user=0.06 sys=0.00, real=0.01 secs] 
2014-07-08T07:41:07.137+0000: 3312.227: [GC [PSYoungGen: 316324K->772K(307840K)] 869231K->553751K(994816K), 0.0086390 secs] [Times: user=0.06 sys=0.00, real=0.01 secs] 
2014-07-08T07:41:08.261+0000: 3313.351: [GC [PSYoungGen: 307780K->1294K(300032K)] 860759K->554346K(987008K), 0.0068000 secs] [Times: user=0.05 sys=0.00, real=0.01 secs] 
2014-07-08T07:41:09.254+0000: 3314.344: [GC [PSYoungGen: 299978K->644K(291392K)] 853030K->553759K(978368K), 0.0122890 secs] [Times: user=0.08 sys=0.00, real=0.01 secs] 
2014-07-08T07:41:10.290+0000: 3315.380: [GC [PSYoungGen: 291332K->794K(283840K)] 844447K->553974K(970816K), 0.0065600 secs] [Times: user=0.05 sys=0.00, real=0.01 secs] 
2014-07-08T07:41:11.284+0000: 3316.375: [GC [PSYoungGen: 283761K->968K(276672K)] 836941K->554212K(963648K), 0.0036970 secs] [Times: user=0.02 sys=0.00, real=0.00 secs] 
2014-07-08T07:41:12.254+0000: 3317.344: [GC [PSYoungGen: 276616K->908K(269504K)] 829860K->554216K(956480K), 0.0074490 secs] [Times: user=0.05 sys=0.00, real=0.00 secs] 
2014-07-08T07:41:13.258+0000: 3318.348: [GC [PSYoungGen: 269452K->1348K(263104K)] 822760K->554712K(950080K), 0.0053680 secs] [Times: user=0.03 sys=0.00, real=0.01 secs] 
2014-07-08T07:41:14.159+0000: 3319.249: [GC [PSYoungGen: 263021K->744K(255872K)] 816385K->554336K(942848K), 0.0060150 secs] [Times: user=0.03 sys=0.00, real=0.01 secs] 
2014-07-08T07:41:15.079+0000: 3320.169: [GC [PSYoungGen: 255823K->776K(249600K)] 809415K->554416K(936576K), 0.0100570 secs] [Times: user=0.06 sys=0.01, real=0.01 secs] 
2014-07-08T07:41:15.976+0000: 3321.066: [GC [PSYoungGen: 249544K->1514K(244224K)] 803184K->555242K(931200K), 0.0084840 secs] [Times: user=0.06 sys=0.00, real=0.01 secs] 
2014-07-08T07:41:16.801+0000: 3321.891: [GC [PSYoungGen: 244202K->936K(237824K)] 797930K->554760K(924800K), 0.0045050 secs] [Times: user=0.03 sys=0.00, real=0.01 secs] 
2014-07-08T07:41:17.624+0000: 3322.714: [GC [PSYoungGen: 237800K->1004K(232256K)] 791624K->554868K(919232K), 0.0060530 secs] [Times: user=0.03 sys=0.00, real=0.00 secs] 
2014-07-08T07:41:18.447+0000: 3323.537: [GC [PSYoungGen: 232206K->708K(226560K)] 786070K->554636K(913536K), 0.0066440 secs] [Times: user=0.03 sys=0.00, real=0.01 secs] 
2014-07-08T07:41:19.271+0000: 3324.361: [GC [PSYoungGen: 226500K->822K(221376K)] 780428K->554798K(908352K), 0.0137990 secs] [Times: user=0.08 sys=0.01, real=0.02 secs] 
2014-07-08T07:41:20.052+0000: 3325.142: [GC [PSYoungGen: 221366K->1474K(266240K)] 775342K->555506K(953216K), 0.0093390 secs] [Times: user=0.06 sys=0.00, real=0.01 secs] 
2014-07-08T07:41:20.988+0000: 3326.078: [GC [PSYoungGen: 266178K->762K(258816K)] 820210K->555294K(945792K), 0.0071760 secs] [Times: user=0.04 sys=0.00, real=0.01 secs] 
2014-07-08T07:41:21.880+0000: 3326.971: [GC [PSYoungGen: 258777K->1398K(253056K)] 813309K->555962K(940032K), 0.0061590 secs] [Times: user=0.02 sys=0.00, real=0.01 secs] 
2014-07-08T07:41:22.767+0000: 3327.858: [GC [PSYoungGen: 253046K->822K(246272K)] 807610K->555500K(933248K), 0.0124380 secs] [Times: user=0.09 sys=0.00, real=0.01 secs] 
2014-07-08T07:41:23.641+0000: 3328.732: [GC [PSYoungGen: 246262K->990K(295552K)] 800940K->555724K(982528K), 0.0105370 secs] [Times: user=0.07 sys=0.00, real=0.01 secs] 
2014-07-08T07:41:24.696+0000: 3329.786: [GC [PSYoungGen: 295518K->890K(287616K)] 850252K->555696K(974592K), 0.0074190 secs] [Times: user=0.04 sys=0.01, real=0.00 secs] 
2014-07-08T07:41:25.737+0000: 3330.827: [GC [PSYoungGen: 287582K->1310K(280576K)] 842388K->556188K(967552K), 0.0110380 secs] [Times: user=0.07 sys=0.00, real=0.01 secs] 
2014-07-08T07:41:26.718+0000: 3331.809: [GC [PSYoungGen: 280542K->1050K(273088K)] 835420K->556008K(960064K), 0.0076030 secs] [Times: user=0.05 sys=0.00, real=0.01 secs] 
2014-07-08T07:41:27.717+0000: 3332.808: [GC [PSYoungGen: 273034K->1232K(327680K)] 827993K->556238K(1014656K), 0.0141710 secs] [Times: user=0.10 sys=0.01, real=0.01 secs] 
2014-07-08T07:41:28.879+0000: 3333.969: [GC [PSYoungGen: 327632K->1010K(381504K)] 882638K->556186K(1068480K), 0.0136480 secs] [Times: user=0.09 sys=0.01, real=0.01 secs] 
2014-07-08T07:41:30.286+0000: 3335.376: [GC [PSYoungGen: 381490K->1661K(370816K)] 936666K->556967K(1057792K), 0.0087680 secs] [Times: user=0.06 sys=0.00, real=0.00 secs] 
2014-07-08T07:41:31.490+0000: 3336.580: [GC [PSYoungGen: 370813K->64K(358400K)] 926119K->556202K(1045376K), 0.0049070 secs] [Times: user=0.03 sys=0.00, real=0.00 secs] 
2014-07-08T07:41:32.769+0000: 3337.859: [GC [PSYoungGen: 358400K->1432K(349824K)] 914538K->557586K(1036800K), 0.0116980 secs] [Times: user=0.09 sys=0.00, real=0.01 secs] 
2014-07-08T07:41:34.066+0000: 3339.156: [GC [PSYoungGen: 349400K->1206K(339200K)] 905554K->557920K(1026176K), 0.0065250 secs] [Times: user=0.02 sys=0.00, real=0.00 secs] 
2014-07-08T07:41:35.215+0000: 3340.305: [GC [PSYoungGen: 339156K->1438K(329920K)] 895871K->558208K(1016896K), 0.0129710 secs] [Times: user=0.09 sys=0.00, real=0.02 secs] 
2014-07-08T07:41:36.337+0000: 3341.427: [GC [PSYoungGen: 329886K->712K(320064K)] 886656K->557522K(1007040K), 0.0119580 secs] [Times: user=0.06 sys=0.01, real=0.01 secs] 
2014-07-08T07:41:37.482+0000: 3342.572: [GC [PSYoungGen: 320008K->876K(311360K)] 876818K->557742K(998336K), 0.0049450 secs] [Times: user=0.03 sys=0.00, real=0.01 secs] 
2014-07-08T07:41:38.645+0000: 3343.735: [GC [PSYoungGen: 311340K->1324K(303360K)] 868206K->558254K(990336K), 0.0154870 secs] [Times: user=0.10 sys=0.00, real=0.02 secs] 
2014-07-08T07:41:39.660+0000: 3344.750: [GC [PSYoungGen: 303340K->1160K(295104K)] 860270K->558178K(982080K), 0.0052580 secs] [Times: user=0.03 sys=0.00, real=0.00 secs] 
2014-07-08T07:41:40.728+0000: 3345.818: [GC [PSYoungGen: 295030K->1188K(287296K)] 852049K->558485K(974272K), 0.0059360 secs] [Times: user=0.04 sys=0.00, real=0.00 secs] 
2014-07-08T07:41:41.712+0000: 3346.802: [GC [PSYoungGen: 287268K->1352K(280000K)] 844565K->558704K(966976K), 0.0105860 secs] [Times: user=0.06 sys=0.00, real=0.01 secs] 
2014-07-08T07:41:42.711+0000: 3347.801: [GC [PSYoungGen: 279931K->1136K(272512K)] 837284K->558552K(959488K), 0.0048590 secs] [Times: user=0.03 sys=0.00, real=0.00 secs] 
2014-07-08T07:41:43.657+0000: 3348.747: [GC [PSYoungGen: 272483K->1228K(265728K)] 829900K->558701K(952704K), 0.0044860 secs] [Times: user=0.02 sys=0.00, real=0.01 secs] 
2014-07-08T07:41:44.599+0000: 3349.689: [GC [PSYoungGen: 265676K->976K(258816K)] 823149K->558528K(945792K), 0.0089800 secs] [Times: user=0.07 sys=0.00, real=0.01 secs] 
2014-07-08T07:41:45.507+0000: 3350.597: [GC [PSYoungGen: 258768K->812K(252224K)] 816320K->558412K(939200K), 0.0093710 secs] [Times: user=0.06 sys=0.00, real=0.01 secs] 
2014-07-08T07:41:46.409+0000: 3351.500: [GC [PSYoungGen: 252204K->740K(246016K)] 809804K->558412K(932992K), 0.0062260 secs] [Times: user=0.03 sys=0.01, real=0.00 secs] 
2014-07-08T07:41:47.270+0000: 3352.360: [GC [PSYoungGen: 245988K->876K(240192K)] 803660K->558620K(927168K), 0.0107980 secs] [Times: user=0.07 sys=0.00, real=0.01 secs] 
2014-07-08T07:41:48.120+0000: 3353.210: [GC [PSYoungGen: 240172K->890K(234432K)] 797916K->558722K(921408K), 0.0051060 secs] [Times: user=0.04 sys=0.00, real=0.00 secs] 
2014-07-08T07:41:49.065+0000: 3354.155: [GC [PSYoungGen: 234426K->1618K(229696K)] 792258K->559547K(916672K), 0.0069690 secs] [Times: user=0.05 sys=0.00, real=0.01 secs] 
2014-07-08T07:41:49.792+0000: 3354.882: [GC [PSYoungGen: 229556K->936K(223680K)] 787485K->559090K(910656K), 0.0080150 secs] [Times: user=0.05 sys=0.00, real=0.01 secs] 
2014-07-08T07:41:50.581+0000: 3355.671: [GC [PSYoungGen: 223656K->808K(218432K)] 781810K->559034K(905408K), 0.0053640 secs] [Times: user=0.03 sys=0.00, real=0.00 secs] 
2014-07-08T07:41:51.310+0000: 3356.400: [GC [PSYoungGen: 218363K->1032K(213760K)] 776590K->559405K(900736K), 0.0075930 secs] [Times: user=0.05 sys=0.00, real=0.00 secs] 
2014-07-08T07:41:52.092+0000: 3357.182: [GC [PSYoungGen: 213704K->744K(208640K)] 772077K->559188K(895616K), 0.0061990 secs] [Times: user=0.04 sys=0.01, real=0.00 secs] 
2014-07-08T07:41:52.801+0000: 3357.891: [GC [PSYoungGen: 208616K->1470K(204736K)] 767060K->559979K(891712K), 0.0047070 secs] [Times: user=0.03 sys=0.00, real=0.00 secs] 
2014-07-08T07:41:53.511+0000: 3358.602: [GC [PSYoungGen: 204734K->886K(199680K)] 763243K->559482K(886656K), 0.0099620 secs] [Times: user=0.06 sys=0.00, real=0.01 secs] 
2014-07-08T07:41:54.260+0000: 3359.351: [GC [PSYoungGen: 199670K->872K(239488K)] 758266K->559548K(926464K), 0.0104870 secs] [Times: user=0.07 sys=0.00, real=0.01 secs] 
2014-07-08T07:41:55.072+0000: 3360.163: [GC [PSYoungGen: 239464K->890K(287232K)] 798140K->559630K(974208K), 0.0082310 secs] [Times: user=0.05 sys=0.00, real=0.01 secs] 
2014-07-08T07:41:56.178+0000: 3361.268: [GC [PSYoungGen: 287212K->1268K(280128K)] 845953K->560072K(967104K), 0.0094030 secs] [Times: user=0.07 sys=0.00, real=0.01 secs] 
2014-07-08T07:41:57.098+0000: 3362.188: [GC [PSYoungGen: 280116K->662K(335360K)] 838920K->559506K(1022336K), 0.0130420 secs] [Times: user=0.07 sys=0.00, real=0.02 secs] 
2014-07-08T07:41:58.282+0000: 3363.372: [GC [PSYoungGen: 335300K->844K(326144K)] 894145K->559752K(1013120K), 0.0066820 secs] [Times: user=0.05 sys=0.00, real=0.00 secs] 
2014-07-08T07:41:59.412+0000: 3364.502: [GC [PSYoungGen: 326081K->708K(316992K)] 884990K->559672K(1003968K), 0.0048540 secs] [Times: user=0.02 sys=0.00, real=0.00 secs] 
2014-07-08T07:42:00.541+0000: 3365.632: [GC [PSYoungGen: 316930K->958K(308480K)] 875895K->559994K(995456K), 0.0045310 secs] [Times: user=0.03 sys=0.00, real=0.00 secs] 
2014-07-08T07:42:01.673+0000: 3366.763: [GC [PSYoungGen: 308449K->1349K(300608K)] 867486K->560449K(987584K), 0.0126030 secs] [Times: user=0.07 sys=0.00, real=0.01 secs] 
2014-07-08T07:42:02.728+0000: 3367.819: [GC [PSYoungGen: 300549K->890K(292096K)] 859649K->560112K(979072K), 0.0084510 secs] [Times: user=0.06 sys=0.00, real=0.01 secs] 
2014-07-08T07:42:03.781+0000: 3368.871: [GC [PSYoungGen: 292090K->1118K(284672K)] 851312K->560388K(971648K), 0.0098480 secs] [Times: user=0.03 sys=0.00, real=0.01 secs] 
2014-07-08T07:42:04.762+0000: 3369.853: [GC [PSYoungGen: 284619K->1196K(277312K)] 843890K->560627K(964288K), 0.0138410 secs] [Times: user=0.10 sys=0.00, real=0.01 secs] 
2014-07-08T07:42:05.758+0000: 3370.848: [GC [PSYoungGen: 277292K->1270K(332608K)] 836723K->560772K(1019584K), 0.0129190 secs] [Times: user=0.09 sys=0.00, real=0.01 secs] 
2014-07-08T07:42:06.968+0000: 3372.058: [GC [PSYoungGen: 332598K->882K(322944K)] 892100K->560865K(1009920K), 0.0105720 secs] [Times: user=0.05 sys=0.00, real=0.01 secs] 
2014-07-08T07:42:08.091+0000: 3373.182: [GC [PSYoungGen: 322925K->954K(314112K)] 882908K->561008K(1001088K), 0.0047040 secs] [Times: user=0.02 sys=0.00, real=0.00 secs] 
2014-07-08T07:42:09.257+0000: 3374.347: [GC [PSYoungGen: 314066K->1090K(305728K)] 874120K->561309K(992704K), 0.0034550 secs] [Times: user=0.02 sys=0.00, real=0.00 secs] 
2014-07-08T07:42:10.272+0000: 3375.362: [GC [PSYoungGen: 305666K->954K(297344K)] 865885K->561260K(984320K), 0.0053230 secs] [Times: user=0.03 sys=0.00, real=0.00 secs] 
2014-07-08T07:42:11.357+0000: 3376.447: [GC [PSYoungGen: 297311K->950K(289472K)] 857618K->561336K(976448K), 0.0099960 secs] [Times: user=0.07 sys=0.00, real=0.01 secs] 
2014-07-08T07:42:12.344+0000: 3377.435: [GC [PSYoungGen: 289462K->890K(281792K)] 849848K->561380K(968768K), 0.0096470 secs] [Times: user=0.06 sys=0.00, real=0.01 secs] 
2014-07-08T07:42:13.344+0000: 3378.435: [GC [PSYoungGen: 281786K->1110K(274752K)] 842276K->561673K(961728K), 0.0097280 secs] [Times: user=0.06 sys=0.00, real=0.01 secs] 
2014-07-08T07:42:14.320+0000: 3379.410: [GC [PSYoungGen: 274710K->890K(267456K)] 835273K->561532K(954432K), 0.0050460 secs] [Times: user=0.04 sys=0.00, real=0.01 secs] 
2014-07-08T07:42:15.272+0000: 3380.362: [GC [PSYoungGen: 267450K->1038K(260928K)] 828092K->561795K(947904K), 0.0045510 secs] [Times: user=0.02 sys=0.00, real=0.01 secs] 
2014-07-08T07:42:16.198+0000: 3381.288: [GC [PSYoungGen: 260878K->1150K(254528K)] 821635K->561987K(941504K), 0.0144670 secs] [Times: user=0.10 sys=0.00, real=0.02 secs] 
2014-07-08T07:42:17.142+0000: 3382.233: [GC [PSYoungGen: 254526K->758K(247872K)] 815363K->561929K(934848K), 0.0110970 secs] [Times: user=0.08 sys=0.00, real=0.01 secs] 
2014-07-08T07:42:18.048+0000: 3383.138: [GC [PSYoungGen: 247862K->1446K(242560K)] 809033K->562795K(929536K), 0.0071510 secs] [Times: user=0.04 sys=0.00, real=0.01 secs] 
2014-07-08T07:42:18.844+0000: 3383.934: [GC [PSYoungGen: 242534K->748K(236032K)] 803883K->562429K(923008K), 0.0087980 secs] [Times: user=0.07 sys=0.00, real=0.00 secs] 
2014-07-08T07:42:19.652+0000: 3384.742: [GC [PSYoungGen: 236012K->1189K(230912K)] 797693K->562958K(917888K), 0.0066150 secs] [Times: user=0.04 sys=0.00, real=0.01 secs] 
2014-07-08T07:42:20.471+0000: 3385.562: [GC [PSYoungGen: 230868K->876K(225216K)] 792637K->562751K(912192K), 0.0058390 secs] [Times: user=0.04 sys=0.00, real=0.01 secs] 
2014-07-08T07:42:21.275+0000: 3386.365: [GC [PSYoungGen: 225196K->958K(270144K)] 787071K->562889K(957120K), 0.0263750 secs] [Times: user=0.18 sys=0.00, real=0.02 secs] 
2014-07-08T07:42:22.287+0000: 3387.378: [GC [PSYoungGen: 270086K->1395K(324480K)] 832017K->563440K(1011456K), 0.0093480 secs] [Times: user=0.06 sys=0.00, real=0.01 secs] 
2014-07-08T07:42:23.369+0000: 3388.460: [GC [PSYoungGen: 324461K->890K(348608K)] 886506K->562999K(1035584K), 0.0088760 secs] [Times: user=0.05 sys=0.00, real=0.01 secs] 
2014-07-08T07:42:24.595+0000: 3389.686: [GC [PSYoungGen: 347834K->758K(389376K)] 909943K->562931K(1076352K), 0.0078230 secs] [Times: user=0.05 sys=0.00, real=0.01 secs] 
2014-07-08T07:42:25.998+0000: 3391.088: [GC [PSYoungGen: 388431K->1566K(377728K)] 950604K->563803K(1064704K), 0.0075240 secs] [Times: user=0.03 sys=0.00, real=0.01 secs] 
2014-07-08T07:42:27.320+0000: 3392.410: [GC [PSYoungGen: 377694K->128K(365120K)] 939931K->563189K(1052096K), 0.0055300 secs] [Times: user=0.03 sys=0.00, real=0.01 secs] 
2014-07-08T07:42:28.586+0000: 3393.676: [GC [PSYoungGen: 365120K->1368K(355712K)] 928181K->564469K(1042688K), 0.0071480 secs] [Times: user=0.05 sys=0.00, real=0.00 secs] 
2014-07-08T07:42:29.833+0000: 3394.923: [GC [PSYoungGen: 355672K->1040K(345152K)] 918773K->564681K(1032128K), 0.0121650 secs] [Times: user=0.08 sys=0.00, real=0.02 secs] 
2014-07-08T07:42:31.051+0000: 3396.141: [GC [PSYoungGen: 345104K->694K(334976K)] 908745K->564391K(1021952K), 0.0076180 secs] [Times: user=0.04 sys=0.00, real=0.01 secs] 
2014-07-08T07:42:32.288+0000: 3397.379: [GC [PSYoungGen: 334966K->936K(325824K)] 898663K->564705K(1012800K), 0.0089320 secs] [Times: user=0.05 sys=0.00, real=0.01 secs] 
2014-07-08T07:42:33.391+0000: 3398.481: [GC [PSYoungGen: 325800K->744K(316608K)] 889569K->564561K(1003584K), 0.0107710 secs] [Times: user=0.07 sys=0.00, real=0.01 secs] 
2014-07-08T07:42:34.511+0000: 3399.601: [GC [PSYoungGen: 316584K->996K(308224K)] 880401K->564861K(995200K), 0.0049560 secs] [Times: user=0.03 sys=0.00, real=0.01 secs] 
2014-07-08T07:42:35.582+0000: 3400.672: [GC [PSYoungGen: 308196K->850K(299776K)] 872061K->564803K(986752K), 0.0094370 secs] [Times: user=0.06 sys=0.00, real=0.01 secs] 
2014-07-08T07:42:36.650+0000: 3401.740: [GC [PSYoungGen: 299715K->864K(291776K)] 863668K->564857K(978752K), 0.0169170 secs] [Times: user=0.10 sys=0.00, real=0.02 secs] 
2014-07-08T07:42:37.683+0000: 3402.774: [GC [PSYoungGen: 291715K->1432K(350528K)] 855709K->565481K(1037504K), 0.0139240 secs] [Times: user=0.08 sys=0.00, real=0.02 secs] 
2014-07-08T07:42:38.947+0000: 3404.038: [GC [PSYoungGen: 350488K->878K(339968K)] 914537K->565546K(1026944K), 0.0086550 secs] [Times: user=0.06 sys=0.00, real=0.01 secs] 
2014-07-08T07:42:40.142+0000: 3405.232: [GC [PSYoungGen: 339950K->1168K(330688K)] 904618K->565899K(1017664K), 0.0069300 secs] [Times: user=0.05 sys=0.00, real=0.01 secs] 
2014-07-08T07:42:41.284+0000: 3406.374: [GC [PSYoungGen: 330640K->972K(321280K)] 895371K->565955K(1008256K), 0.0102160 secs] [Times: user=0.08 sys=0.00, real=0.01 secs] 
2014-07-08T07:42:42.434+0000: 3407.524: [GC [PSYoungGen: 321223K->876K(312320K)] 886207K->565931K(999296K), 0.0115770 secs] [Times: user=0.08 sys=0.00, real=0.01 secs] 
2014-07-08T07:42:43.552+0000: 3408.643: [GC [PSYoungGen: 312300K->858K(303808K)] 877355K->565993K(990784K), 0.0144720 secs] [Times: user=0.10 sys=0.00, real=0.02 secs] 
2014-07-08T07:42:44.667+0000: 3409.758: [GC [PSYoungGen: 303770K->1282K(296128K)] 868905K->566473K(983104K), 0.0100790 secs] [Times: user=0.07 sys=0.00, real=0.01 secs] 
2014-07-08T07:42:45.683+0000: 3410.773: [GC [PSYoungGen: 296066K->1060K(288064K)] 861257K->566315K(975040K), 0.0053640 secs] [Times: user=0.03 sys=0.01, real=0.01 secs] 
2014-07-08T07:42:46.686+0000: 3411.776: [GC [PSYoungGen: 288036K->1128K(280576K)] 853291K->566464K(967552K), 0.0040170 secs] [Times: user=0.02 sys=0.01, real=0.01 secs] 
2014-07-08T07:42:47.690+0000: 3412.780: [GC [PSYoungGen: 280550K->936K(273152K)] 845886K->566327K(960128K), 0.0080160 secs] [Times: user=0.05 sys=0.00, real=0.01 secs] 
2014-07-08T07:42:48.661+0000: 3413.752: [GC [PSYoungGen: 273096K->1040K(266304K)] 838488K->566495K(953280K), 0.0060450 secs] [Times: user=0.04 sys=0.00, real=0.01 secs] 
2014-07-08T07:42:49.634+0000: 3414.725: [GC [PSYoungGen: 266256K->1207K(259712K)] 831711K->566743K(946688K), 0.0047630 secs] [Times: user=0.02 sys=0.00, real=0.01 secs] 
2014-07-08T07:42:50.508+0000: 3415.598: [GC [PSYoungGen: 259701K->1008K(253056K)] 825237K->566599K(940032K), 0.0119170 secs] [Times: user=0.07 sys=0.00, real=0.01 secs] 
2014-07-08T07:42:51.406+0000: 3416.496: [GC [PSYoungGen: 253040K->922K(246784K)] 818631K->566585K(933760K), 0.0052670 secs] [Times: user=0.02 sys=0.00, real=0.01 secs] 
2014-07-08T07:42:52.281+0000: 3417.371: [GC [PSYoungGen: 246716K->915K(240832K)] 812380K->566618K(927808K), 0.0095450 secs] [Times: user=0.05 sys=0.00, real=0.01 secs] 
2014-07-08T07:42:53.226+0000: 3418.317: [GC [PSYoungGen: 240779K->1200K(235328K)] 806483K->566999K(922304K), 0.0044790 secs] [Times: user=0.02 sys=0.01, real=0.01 secs] 
2014-07-08T07:42:53.975+0000: 3419.065: [GC [PSYoungGen: 235312K->1452K(230016K)] 801111K->567316K(916992K), 0.0107020 secs] [Times: user=0.07 sys=0.00, real=0.01 secs] 
2014-07-08T07:42:54.871+0000: 3419.961: [GC [PSYoungGen: 229996K->434K(223680K)] 795859K->567075K(910656K), 0.0079060 secs] [Times: user=0.05 sys=0.01, real=0.01 secs] 
2014-07-08T07:42:55.558+0000: 3420.648: [GC [PSYoungGen: 223666K->1272K(269184K)] 790307K->567970K(956160K), 0.0101350 secs] [Times: user=0.07 sys=0.00, real=0.02 secs] 
2014-07-08T07:42:56.505+0000: 3421.595: [GC [PSYoungGen: 269151K->844K(262016K)] 835848K->568052K(948992K), 0.0071280 secs] [Times: user=0.05 sys=0.00, real=0.01 secs] 
2014-07-08T07:42:57.454+0000: 3422.544: [GC [PSYoungGen: 261964K->990K(314368K)] 829172K->568254K(1001344K), 0.0141750 secs] [Times: user=0.09 sys=0.00, real=0.02 secs] 
2014-07-08T07:42:58.560+0000: 3423.650: [GC [PSYoungGen: 314334K->726K(305536K)] 881598K->568061K(992512K), 0.0077040 secs] [Times: user=0.05 sys=0.00, real=0.00 secs] 
2014-07-08T07:42:59.674+0000: 3424.765: [GC [PSYoungGen: 305477K->1398K(367168K)] 872813K->568781K(1054144K), 0.0221580 secs] [Times: user=0.15 sys=0.00, real=0.02 secs] 
2014-07-08T07:43:00.970+0000: 3426.060: [GC [PSYoungGen: 367158K->992K(368832K)] 934541K->568424K(1055808K), 0.0125740 secs] [Times: user=0.08 sys=0.00, real=0.01 secs] 
2014-07-08T07:43:02.256+0000: 3427.346: [GC [PSYoungGen: 368736K->808K(369408K)] 936168K->568303K(1056384K), 0.0186940 secs] [Times: user=0.13 sys=0.00, real=0.02 secs] 
2014-07-08T07:43:03.564+0000: 3428.655: [GC [PSYoungGen: 368552K->1036K(442880K)] 936047K->568612K(1129856K), 0.0170820 secs] [Times: user=0.10 sys=0.00, real=0.02 secs] 
2014-07-08T07:43:05.209+0000: 3430.299: [GC [PSYoungGen: 442363K->1558K(442944K)] 1009939K->569190K(1129920K), 0.0117920 secs] [Times: user=0.07 sys=0.00, real=0.02 secs] 
2014-07-08T07:43:06.698+0000: 3431.788: [GC [PSYoungGen: 442902K->1264K(428736K)] 1010534K->568952K(1115712K), 0.0054230 secs] [Times: user=0.02 sys=0.00, real=0.01 secs] 
2014-07-08T07:43:08.222+0000: 3433.312: [GC [PSYoungGen: 428720K->882K(415040K)] 996408K->568626K(1102016K), 0.0097910 secs] [Times: user=0.07 sys=0.01, real=0.01 secs] 
2014-07-08T07:43:09.692+0000: 3434.783: [GC [PSYoungGen: 415001K->808K(402240K)] 982745K->568583K(1089216K), 0.0183610 secs] [Times: user=0.13 sys=0.00, real=0.02 secs] 
2014-07-08T07:43:11.138+0000: 3436.229: [GC [PSYoungGen: 402216K->1192K(390464K)] 969991K->569040K(1077440K), 0.0059870 secs] [Times: user=0.04 sys=0.00, real=0.01 secs] 
2014-07-08T07:43:12.496+0000: 3437.586: [GC [PSYoungGen: 390440K->932K(378560K)] 958288K->568836K(1065536K), 0.0144980 secs] [Times: user=0.09 sys=0.00, real=0.01 secs] 
2014-07-08T07:43:13.857+0000: 3438.947: [GC [PSYoungGen: 378532K->1156K(367616K)] 946436K->569148K(1054592K), 0.0074980 secs] [Times: user=0.05 sys=0.00, real=0.01 secs] 
2014-07-08T07:43:15.225+0000: 3440.315: [GC [PSYoungGen: 367556K->1154K(356864K)] 935548K->569210K(1043840K), 0.0035730 secs] [Times: user=0.02 sys=0.00, real=0.00 secs] 
2014-07-08T07:43:16.402+0000: 3441.492: [GC [PSYoungGen: 356800K->808K(346176K)] 924856K->568919K(1033152K), 0.0085280 secs] [Times: user=0.06 sys=0.00, real=0.00 secs] 
2014-07-08T07:43:17.631+0000: 3442.721: [GC [PSYoungGen: 346152K->840K(336384K)] 914263K->569023K(1023360K), 0.0117490 secs] [Times: user=0.06 sys=0.00, real=0.02 secs] 
2014-07-08T07:43:18.850+0000: 3443.940: [GC [PSYoungGen: 336328K->1050K(327104K)] 904511K->569298K(1014080K), 0.0085190 secs] [Times: user=0.06 sys=0.00, real=0.01 secs] 
2014-07-08T07:43:20.077+0000: 3445.168: [GC [PSYoungGen: 326980K->1256K(318208K)] 895228K->569855K(1005184K), 0.0123010 secs] [Times: user=0.08 sys=0.00, real=0.01 secs] 
2014-07-08T07:43:21.119+0000: 3446.209: [GC [PSYoungGen: 318174K->1086K(309312K)] 886774K->569733K(996288K), 0.0120320 secs] [Times: user=0.08 sys=0.00, real=0.01 secs] 
2014-07-08T07:43:22.192+0000: 3447.282: [GC [PSYoungGen: 309310K->826K(300672K)] 877957K->569611K(987648K), 0.0109620 secs] [Times: user=0.06 sys=0.00, real=0.02 secs] 
2014-07-08T07:43:23.262+0000: 3448.352: [GC [PSYoungGen: 300666K->794K(292672K)] 869451K->569635K(979648K), 0.0074690 secs] [Times: user=0.05 sys=0.00, real=0.01 secs] 
2014-07-08T07:43:24.330+0000: 3449.420: [GC [PSYoungGen: 292634K->1142K(285248K)] 861475K->570047K(972224K), 0.0082110 secs] [Times: user=0.05 sys=0.01, real=0.01 secs] 
2014-07-08T07:43:25.343+0000: 3450.433: [GC [PSYoungGen: 285238K->904K(277632K)] 854143K->569889K(964608K), 0.0056690 secs] [Times: user=0.03 sys=0.00, real=0.00 secs] 
2014-07-08T07:43:26.293+0000: 3451.383: [GC [PSYoungGen: 277576K->762K(270336K)] 846561K->569795K(957312K), 0.0078940 secs] [Times: user=0.05 sys=0.00, real=0.01 secs] 
2014-07-08T07:43:27.240+0000: 3452.330: [GC [PSYoungGen: 270330K->790K(263552K)] 839363K->569911K(950528K), 0.0044800 secs] [Times: user=0.02 sys=0.00, real=0.01 secs] 
2014-07-08T07:43:28.174+0000: 3453.264: [GC [PSYoungGen: 263461K->1032K(257216K)] 832582K->570241K(944192K), 0.0095040 secs] [Times: user=0.07 sys=0.00, real=0.01 secs] 
2014-07-08T07:43:29.134+0000: 3454.224: [GC [PSYoungGen: 257160K->1370K(251200K)] 826369K->570643K(938176K), 0.0068020 secs] [Times: user=0.04 sys=0.00, real=0.00 secs] 
2014-07-08T07:43:30.020+0000: 3455.111: [GC [PSYoungGen: 251162K->634K(244288K)] 820435K->570341K(931264K), 0.0065150 secs] [Times: user=0.05 sys=0.00, real=0.01 secs] 
2014-07-08T07:43:30.836+0000: 3455.926: [GC [PSYoungGen: 244282K->972K(293440K)] 813989K->570703K(980416K), 0.0189020 secs] [Times: user=0.11 sys=0.00, real=0.02 secs] 
2014-07-08T07:43:31.871+0000: 3456.961: [GC [PSYoungGen: 293388K->1118K(352064K)] 863119K->570945K(1039040K), 0.0094530 secs] [Times: user=0.06 sys=0.00, real=0.01 secs] 
2014-07-08T07:43:33.123+0000: 3458.213: [GC [PSYoungGen: 352030K->1014K(341824K)] 921857K->570905K(1028800K), 0.0058030 secs] [Times: user=0.03 sys=0.00, real=0.01 secs] 
2014-07-08T07:43:34.372+0000: 3459.462: [GC [PSYoungGen: 341814K->939K(332096K)] 911705K->571392K(1019072K), 0.0086160 secs] [Times: user=0.06 sys=0.00, real=0.01 secs] 
2014-07-08T07:43:35.566+0000: 3460.656: [GC [PSYoungGen: 332075K->1535K(323392K)] 902528K->572068K(1010368K), 0.0102650 secs] [Times: user=0.08 sys=0.00, real=0.01 secs] 
2014-07-08T07:43:36.622+0000: 3461.713: [GC [PSYoungGen: 323391K->762K(313728K)] 893924K->571859K(1000704K), 0.0046470 secs] [Times: user=0.03 sys=0.00, real=0.01 secs] 
2014-07-08T07:43:37.739+0000: 3462.830: [GC [PSYoungGen: 313722K->1192K(305600K)] 884819K->572361K(992576K), 0.0050030 secs] [Times: user=0.02 sys=0.00, real=0.00 secs] 
2014-07-08T07:43:38.857+0000: 3463.947: [GC [PSYoungGen: 305576K->954K(297152K)] 876745K->572287K(984128K), 0.0097090 secs] [Times: user=0.06 sys=0.00, real=0.01 secs] 
2014-07-08T07:43:39.932+0000: 3465.022: [GC [PSYoungGen: 297146K->1374K(289728K)] 868479K->572763K(976704K), 0.0071910 secs] [Times: user=0.02 sys=0.00, real=0.01 secs] 
2014-07-08T07:43:40.992+0000: 3466.082: [GC [PSYoungGen: 289694K->1004K(281792K)] 861083K->572847K(968768K), 0.0089790 secs] [Times: user=0.06 sys=0.00, real=0.01 secs] 
2014-07-08T07:43:41.951+0000: 3467.041: [GC [PSYoungGen: 281772K->1278K(338240K)] 853615K->573185K(1025216K), 0.0195870 secs] [Times: user=0.14 sys=0.01, real=0.02 secs] 
2014-07-08T07:43:43.139+0000: 3468.229: [GC [PSYoungGen: 338238K->918K(328384K)] 910145K->573063K(1015360K), 0.0046170 secs] [Times: user=0.02 sys=0.00, real=0.00 secs] 
2014-07-08T07:43:44.277+0000: 3469.367: [GC [PSYoungGen: 328342K->790K(319104K)] 900487K->573023K(1006080K), 0.0072280 secs] [Times: user=0.04 sys=0.00, real=0.00 secs] 
2014-07-08T07:43:45.525+0000: 3470.615: [GC [PSYoungGen: 319060K->1549K(311104K)] 891294K->573854K(998080K), 0.0039040 secs] [Times: user=0.02 sys=0.00, real=0.01 secs] 
2014-07-08T07:43:46.527+0000: 3471.617: [GC [PSYoungGen: 311053K->990K(302144K)] 883358K->573383K(989120K), 0.0045820 secs] [Times: user=0.03 sys=0.00, real=0.00 secs] 
2014-07-08T07:43:47.587+0000: 3472.677: [GC [PSYoungGen: 302110K->1060K(294144K)] 874503K->573525K(981120K), 0.0115510 secs] [Times: user=0.08 sys=0.00, real=0.01 secs] 
2014-07-08T07:43:48.629+0000: 3473.719: [GC [PSYoungGen: 294080K->748K(286080K)] 866545K->573261K(973056K), 0.0082450 secs] [Times: user=0.05 sys=0.00, real=0.01 secs] 
2014-07-08T07:43:49.659+0000: 3474.750: [GC [PSYoungGen: 286060K->876K(278720K)] 858573K->573453K(965696K), 0.0094390 secs] [Times: user=0.06 sys=0.00, real=0.01 secs] 
2014-07-08T07:43:50.633+0000: 3475.724: [GC [PSYoungGen: 278666K->897K(271616K)] 851243K->573538K(958592K), 0.0035240 secs] [Times: user=0.02 sys=0.00, real=0.01 secs] 
2014-07-08T07:43:51.583+0000: 3476.673: [GC [PSYoungGen: 271553K->964K(264768K)] 844194K->573669K(951744K), 0.0108270 secs] [Times: user=0.07 sys=0.01, real=0.01 secs] 
2014-07-08T07:43:52.515+0000: 3477.605: [GC [PSYoungGen: 264708K->990K(258112K)] 837413K->573799K(945088K), 0.0039920 secs] [Times: user=0.02 sys=0.00, real=0.01 secs] 
2014-07-08T07:43:53.443+0000: 3478.533: [GC [PSYoungGen: 258078K->988K(251712K)] 830887K->573854K(938688K), 0.0049600 secs] [Times: user=0.02 sys=0.00, real=0.01 secs] 
2014-07-08T07:43:54.341+0000: 3479.431: [GC [PSYoungGen: 251667K->872K(245440K)] 824533K->573817K(932416K), 0.0178260 secs] [Times: user=0.13 sys=0.00, real=0.02 secs] 
2014-07-08T07:43:55.220+0000: 3480.310: [GC [PSYoungGen: 245416K->844K(239488K)] 818361K->573853K(926464K), 0.0085030 secs] [Times: user=0.05 sys=0.00, real=0.01 secs] 
2014-07-08T07:43:56.174+0000: 3481.264: [GC [PSYoungGen: 239436K->1476K(234432K)] 812445K->574582K(921408K), 0.0073040 secs] [Times: user=0.05 sys=0.00, real=0.01 secs] 
2014-07-08T07:43:56.938+0000: 3482.028: [GC [PSYoungGen: 234372K->680K(228096K)] 807478K->574355K(915072K), 0.0075640 secs] [Times: user=0.05 sys=0.00, real=0.00 secs] 
2014-07-08T07:43:57.743+0000: 3482.834: [GC [PSYoungGen: 228070K->1628K(223744K)] 801746K->575360K(910720K), 0.0087980 secs] [Times: user=0.06 sys=0.00, real=0.01 secs] 
2014-07-08T07:43:58.504+0000: 3483.594: [GC [PSYoungGen: 223680K->844K(217856K)] 797412K->574995K(904832K), 0.0042670 secs] [Times: user=0.02 sys=0.00, real=0.01 secs] 
2014-07-08T07:43:59.268+0000: 3484.358: [GC [PSYoungGen: 217804K->858K(212928K)] 791955K->575073K(899904K), 0.0065140 secs] [Times: user=0.04 sys=0.01, real=0.01 secs] 
2014-07-08T07:44:00.050+0000: 3485.140: [GC [PSYoungGen: 212890K->1040K(255552K)] 787105K->575328K(942528K), 0.0130560 secs] [Times: user=0.08 sys=0.00, real=0.01 secs] 
2014-07-08T07:44:01.105+0000: 3486.195: [GC [PSYoungGen: 255503K->1716K(249920K)] 829791K->576108K(936896K), 0.0095710 secs] [Times: user=0.07 sys=0.00, real=0.01 secs] 
2014-07-08T07:44:01.838+0000: 3486.928: [GC [PSYoungGen: 249908K->684K(298560K)] 824300K->575646K(985536K), 0.0077140 secs] [Times: user=0.05 sys=0.00, real=0.00 secs] 
2014-07-08T07:44:02.923+0000: 3488.013: [GC [PSYoungGen: 298540K->1886K(291840K)] 873502K->576904K(978816K), 0.0079070 secs] [Times: user=0.04 sys=0.00, real=0.01 secs] 
2014-07-08T07:44:03.951+0000: 3489.041: [GC [PSYoungGen: 291773K->1250K(349184K)] 866791K->576530K(1036160K), 0.0183200 secs] [Times: user=0.12 sys=0.01, real=0.02 secs] 
2014-07-08T07:44:05.182+0000: 3490.272: [GC [PSYoungGen: 349154K->924K(338880K)] 924434K->576284K(1025856K), 0.0053990 secs] [Times: user=0.03 sys=0.01, real=0.00 secs] 
2014-07-08T07:44:06.466+0000: 3491.556: [GC [PSYoungGen: 338809K->1210K(329600K)] 914169K->576658K(1016576K), 0.0040400 secs] [Times: user=0.03 sys=0.00, real=0.01 secs] 
2014-07-08T07:44:07.566+0000: 3492.657: [GC [PSYoungGen: 329594K->1168K(320448K)] 905042K->576696K(1007424K), 0.0059570 secs] [Times: user=0.02 sys=0.00, real=0.01 secs] 
2014-07-08T07:44:08.655+0000: 3493.745: [GC [PSYoungGen: 320400K->1022K(311488K)] 895928K->576654K(998464K), 0.0067500 secs] [Times: user=0.04 sys=0.00, real=0.01 secs] 
2014-07-08T07:44:09.785+0000: 3494.875: [GC [PSYoungGen: 311486K->1616K(303680K)] 887118K->577320K(990656K), 0.0096040 secs] [Times: user=0.06 sys=0.00, real=0.01 secs] 
2014-07-08T07:44:10.967+0000: 3496.057: [GC [PSYoungGen: 303627K->1081K(294976K)] 879331K->577202K(981952K), 0.0040930 secs] [Times: user=0.02 sys=0.00, real=0.01 secs] 
2014-07-08T07:44:12.027+0000: 3497.117: [GC [PSYoungGen: 294969K->1392K(287488K)] 871090K->577569K(974464K), 0.0049940 secs] [Times: user=0.02 sys=0.00, real=0.01 secs] 
2014-07-08T07:44:12.943+0000: 3498.033: [GC [PSYoungGen: 287472K->1390K(280000K)] 863649K->577754K(966976K), 0.0125800 secs] [Times: user=0.07 sys=0.01, real=0.01 secs] 
2014-07-08T07:44:13.943+0000: 3499.033: [GC [PSYoungGen: 279981K->1584K(272960K)] 856345K->578011K(959936K), 0.0113760 secs] [Times: user=0.08 sys=0.01, real=0.01 secs] 
2014-07-08T07:44:14.893+0000: 3499.984: [GC [PSYoungGen: 272868K->886K(326528K)] 849295K->577884K(1013504K), 0.0138180 secs] [Times: user=0.09 sys=0.00, real=0.01 secs] 
2014-07-08T07:44:16.120+0000: 3501.211: [GC [PSYoungGen: 326503K->1606K(318208K)] 903501K->578668K(1005184K), 0.0086610 secs] [Times: user=0.06 sys=0.00, real=0.00 secs] 
2014-07-08T07:44:17.241+0000: 3502.331: [GC [PSYoungGen: 318133K->1422K(309312K)] 895195K->578730K(996288K), 0.0093080 secs] [Times: user=0.07 sys=0.00, real=0.00 secs] 
2014-07-08T07:44:18.247+0000: 3503.338: [GC [PSYoungGen: 309262K->844K(370304K)] 886570K->578215K(1057280K), 0.0135430 secs] [Times: user=0.09 sys=0.00, real=0.02 secs] 
2014-07-08T07:44:19.544+0000: 3504.635: [GC [PSYoungGen: 370252K->986K(359616K)] 947623K->578445K(1046592K), 0.0098200 secs] [Times: user=0.05 sys=0.00, real=0.01 secs] 
2014-07-08T07:44:20.867+0000: 3505.957: [GC [PSYoungGen: 359578K->1334K(349568K)] 937037K->578865K(1036544K), 0.0112240 secs] [Times: user=0.07 sys=0.00, real=0.01 secs] 
2014-07-08T07:44:22.111+0000: 3507.201: [GC [PSYoungGen: 349558K->1556K(339840K)] 927089K->579176K(1026816K), 0.0084900 secs] [Times: user=0.06 sys=0.00, real=0.01 secs] 
2014-07-08T07:44:23.268+0000: 3508.359: [GC [PSYoungGen: 339765K->1096K(329856K)] 917385K->578764K(1016832K), 0.0077820 secs] [Times: user=0.03 sys=0.00, real=0.01 secs] 
2014-07-08T07:44:24.435+0000: 3509.526: [GC [PSYoungGen: 329800K->862K(320448K)] 907468K->578577K(1007424K), 0.0078130 secs] [Times: user=0.05 sys=0.00, real=0.01 secs] 
2014-07-08T07:44:25.578+0000: 3510.668: [GC [PSYoungGen: 320377K->890K(311616K)] 898093K->578693K(998592K), 0.0050740 secs] [Times: user=0.03 sys=0.01, real=0.01 secs] 
2014-07-08T07:44:26.697+0000: 3511.787: [GC [PSYoungGen: 311610K->936K(303232K)] 889413K->578827K(990208K), 0.0089230 secs] [Times: user=0.05 sys=0.01, real=0.01 secs] 
2014-07-08T07:44:27.756+0000: 3512.846: [GC [PSYoungGen: 303208K->1050K(295232K)] 881099K->579005K(982208K), 0.0097120 secs] [Times: user=0.06 sys=0.00, real=0.01 secs] 
2014-07-08T07:44:28.817+0000: 3513.908: [GC [PSYoungGen: 295194K->1054K(287424K)] 873149K->579057K(974400K), 0.0076460 secs] [Times: user=0.04 sys=0.00, real=0.01 secs] 
2014-07-08T07:44:29.816+0000: 3514.906: [GC [PSYoungGen: 287355K->886K(279744K)] 865359K->578937K(966720K), 0.0049660 secs] [Times: user=0.02 sys=0.00, real=0.00 secs] 
2014-07-08T07:44:30.771+0000: 3515.861: [GC [PSYoungGen: 279734K->914K(272576K)] 857785K->579022K(959552K), 0.0084240 secs] [Times: user=0.05 sys=0.01, real=0.01 secs] 
2014-07-08T07:44:31.744+0000: 3516.834: [GC [PSYoungGen: 272530K->1208K(265920K)] 850638K->579356K(952896K), 0.0071220 secs] [Times: user=0.04 sys=0.00, real=0.00 secs] 
2014-07-08T07:44:32.694+0000: 3517.784: [GC [PSYoungGen: 265867K->1178K(259264K)] 844015K->579373K(946240K), 0.0092570 secs] [Times: user=0.03 sys=0.00, real=0.01 secs] 
2014-07-08T07:44:33.600+0000: 3518.690: [GC [PSYoungGen: 259226K->1135K(252800K)] 837421K->579395K(939776K), 0.0091320 secs] [Times: user=0.06 sys=0.00, real=0.01 secs] 
2014-07-08T07:44:34.505+0000: 3519.595: [GC [PSYoungGen: 252783K->762K(246208K)] 831043K->579085K(933184K), 0.0067130 secs] [Times: user=0.04 sys=0.00, real=0.00 secs] 
2014-07-08T07:44:35.381+0000: 3520.471: [GC [PSYoungGen: 246202K->1054K(240576K)] 824525K->579481K(927552K), 0.0102230 secs] [Times: user=0.07 sys=0.00, real=0.01 secs] 
2014-07-08T07:44:36.278+0000: 3521.368: [GC [PSYoungGen: 240542K->1168K(234944K)] 818969K->579676K(921920K), 0.0047490 secs] [Times: user=0.03 sys=0.01, real=0.01 secs] 
2014-07-08T07:44:37.132+0000: 3522.223: [GC [PSYoungGen: 234896K->1476K(229760K)] 813404K->580056K(916736K), 0.0125980 secs] [Times: user=0.08 sys=0.00, real=0.02 secs] 
2014-07-08T07:44:37.927+0000: 3523.017: [GC [PSYoungGen: 229698K->488K(274432K)] 808277K->579842K(961408K), 0.0129940 secs] [Times: user=0.07 sys=0.01, real=0.01 secs] 
2014-07-08T07:44:38.858+0000: 3523.948: [GC [PSYoungGen: 274393K->1636K(330368K)] 853747K->581260K(1017344K), 0.0132170 secs] [Times: user=0.07 sys=0.01, real=0.01 secs] 
2014-07-08T07:44:40.051+0000: 3525.141: [GC [PSYoungGen: 330304K->886K(395392K)] 909928K->581120K(1082368K), 0.0054700 secs] [Times: user=0.03 sys=0.00, real=0.01 secs] 
2014-07-08T07:44:41.448+0000: 3526.538: [GC [PSYoungGen: 395382K->840K(383488K)] 975616K->581130K(1070464K), 0.0114200 secs] [Times: user=0.07 sys=0.00, real=0.01 secs] 
2014-07-08T07:44:42.844+0000: 3527.934: [GC [PSYoungGen: 383432K->1358K(372608K)] 963722K->581696K(1059584K), 0.0052470 secs] [Times: user=0.03 sys=0.00, real=0.01 secs] 
2014-07-08T07:44:44.138+0000: 3529.228: [GC [PSYoungGen: 372539K->1138K(361408K)] 952877K->581540K(1048384K), 0.0133450 secs] [Times: user=0.08 sys=0.00, real=0.01 secs] 
2014-07-08T07:44:45.401+0000: 3530.491: [GC [PSYoungGen: 361392K->972K(350784K)] 941794K->581462K(1037760K), 0.0063340 secs] [Times: user=0.03 sys=0.00, real=0.01 secs] 
2014-07-08T07:44:46.635+0000: 3531.725: [GC [PSYoungGen: 350724K->847K(340608K)] 931214K->581417K(1027584K), 0.0097910 secs] [Times: user=0.06 sys=0.00, real=0.01 secs] 
2014-07-08T07:44:47.837+0000: 3532.928: [GC [PSYoungGen: 340558K->968K(331136K)] 921128K->581634K(1018112K), 0.0082210 secs] [Times: user=0.06 sys=0.00, real=0.01 secs] 
2014-07-08T07:44:49.045+0000: 3534.136: [GC [PSYoungGen: 331080K->1424K(322368K)] 911746K->582154K(1009344K), 0.0138160 secs] [Times: user=0.09 sys=0.00, real=0.01 secs] 
2014-07-08T07:44:50.183+0000: 3535.273: [GC [PSYoungGen: 322320K->758K(312768K)] 903050K->581552K(999744K), 0.0032720 secs] [Times: user=0.02 sys=0.00, real=0.01 secs] 
2014-07-08T07:44:51.287+0000: 3536.377: [GC [PSYoungGen: 312758K->1578K(305088K)] 893552K->582437K(992064K), 0.0085400 secs] [Times: user=0.06 sys=0.01, real=0.00 secs] 
2014-07-08T07:44:52.375+0000: 3537.465: [GC [PSYoungGen: 305066K->1028K(296384K)] 885925K->581974K(983360K), 0.0078710 secs] [Times: user=0.06 sys=0.00, real=0.01 secs] 
2014-07-08T07:44:53.447+0000: 3538.537: [GC [PSYoungGen: 296283K->708K(288192K)] 877229K->581702K(975168K), 0.0098040 secs] [Times: user=0.06 sys=0.00, real=0.01 secs] 
2014-07-08T07:44:54.437+0000: 3539.528: [GC [PSYoungGen: 288132K->844K(280768K)] 869126K->581902K(967744K), 0.0093990 secs] [Times: user=0.06 sys=0.00, real=0.01 secs] 
2014-07-08T07:44:55.442+0000: 3540.533: [GC [PSYoungGen: 280716K->926K(273600K)] 861774K->582048K(960576K), 0.0061930 secs] [Times: user=0.03 sys=0.01, real=0.01 secs] 
2014-07-08T07:44:56.456+0000: 3541.546: [GC [PSYoungGen: 273566K->1686K(267392K)] 854688K->582888K(954368K), 0.0153560 secs] [Times: user=0.10 sys=0.00, real=0.02 secs] 
2014-07-08T07:44:57.344+0000: 3542.434: [GC [PSYoungGen: 267350K->794K(259776K)] 848552K->582060K(946752K), 0.0084530 secs] [Times: user=0.06 sys=0.00, real=0.01 secs] 
2014-07-08T07:44:58.321+0000: 3543.411: [GC [PSYoungGen: 259738K->1192K(312000K)] 841004K->582530K(998976K), 0.0144590 secs] [Times: user=0.08 sys=0.00, real=0.01 secs] 
2014-07-08T07:44:59.358+0000: 3544.448: [GC [PSYoungGen: 311976K->954K(303296K)] 893314K->582372K(990272K), 0.0049610 secs] [Times: user=0.02 sys=0.00, real=0.00 secs] 
2014-07-08T07:45:00.440+0000: 3545.530: [GC [PSYoungGen: 303290K->876K(295104K)] 884708K->582358K(982080K), 0.0080750 secs] [Times: user=0.05 sys=0.00, real=0.01 secs] 
2014-07-08T07:45:01.542+0000: 3546.633: [GC [PSYoungGen: 295063K->1624K(288064K)] 876545K->583170K(975040K), 0.0143740 secs] [Times: user=0.09 sys=0.00, real=0.02 secs] 
2014-07-08T07:45:02.521+0000: 3547.611: [GC [PSYoungGen: 287987K->694K(279616K)] 869534K->582296K(966592K), 0.0075200 secs] [Times: user=0.05 sys=0.01, real=0.01 secs] 
2014-07-08T07:45:03.523+0000: 3548.613: [GC [PSYoungGen: 279606K->914K(272640K)] 861208K->582572K(959616K), 0.0059740 secs] [Times: user=0.03 sys=0.00, real=0.01 secs] 
2014-07-08T07:45:04.488+0000: 3549.578: [GC [PSYoungGen: 272594K->992K(265792K)] 854252K->582698K(952768K), 0.0045850 secs] [Times: user=0.02 sys=0.00, real=0.01 secs] 
2014-07-08T07:45:05.416+0000: 3550.506: [GC [PSYoungGen: 265760K->890K(259008K)] 847466K->582660K(945984K), 0.0057030 secs] [Times: user=0.02 sys=0.00, real=0.01 secs] 
2014-07-08T07:45:06.331+0000: 3551.421: [GC [PSYoungGen: 259002K->876K(252608K)] 840772K->582702K(939584K), 0.0108380 secs] [Times: user=0.07 sys=0.00, real=0.01 secs] 
2014-07-08T07:45:07.226+0000: 3552.316: [GC [PSYoungGen: 252581K->726K(246272K)] 834407K->582624K(933248K), 0.0043470 secs] [Times: user=0.02 sys=0.01, real=0.01 secs] 
2014-07-08T07:45:08.179+0000: 3553.269: [GC [PSYoungGen: 246191K->1286K(240896K)] 828089K->583256K(927872K), 0.0079260 secs] [Times: user=0.05 sys=0.00, real=0.00 secs] 
2014-07-08T07:45:09.081+0000: 3554.172: [GC [PSYoungGen: 240838K->1524K(235328K)] 822808K->583558K(922304K), 0.0058350 secs] [Times: user=0.03 sys=0.00, real=0.00 secs] 
2014-07-08T07:45:09.830+0000: 3554.921: [GC [PSYoungGen: 235316K->616K(228928K)] 817350K->583096K(915904K), 0.0092220 secs] [Times: user=0.06 sys=0.00, real=0.01 secs] 
2014-07-08T07:45:10.627+0000: 3555.717: [GC [PSYoungGen: 228837K->1368K(224384K)] 811317K->583936K(911360K), 0.0083870 secs] [Times: user=0.05 sys=0.01, real=0.01 secs] 
2014-07-08T07:45:11.415+0000: 3556.505: [GC [PSYoungGen: 224344K->1108K(219008K)] 806912K->584104K(905984K), 0.0102450 secs] [Times: user=0.06 sys=0.01, real=0.01 secs] 
2014-07-08T07:45:12.228+0000: 3557.318: [GC [PSYoungGen: 218964K->822K(213760K)] 801960K->583882K(900736K), 0.0051850 secs] [Times: user=0.03 sys=0.00, real=0.01 secs] 
2014-07-08T07:45:12.982+0000: 3558.072: [GC [PSYoungGen: 213750K->1640K(257216K)] 796810K->584877K(944192K), 0.0151550 secs] [Times: user=0.10 sys=0.01, real=0.01 secs] 
2014-07-08T07:45:13.946+0000: 3559.036: [GC [PSYoungGen: 257192K->1576K(308288K)] 840429K->584884K(995264K), 0.0101510 secs] [Times: user=0.07 sys=0.00, real=0.01 secs] 
2014-07-08T07:45:14.958+0000: 3560.048: [GC [PSYoungGen: 308264K->744K(368832K)] 891572K->584248K(1055808K), 0.0106880 secs] [Times: user=0.07 sys=0.00, real=0.01 secs] 
2014-07-08T07:45:16.257+0000: 3561.347: [GC [PSYoungGen: 368800K->880K(442624K)] 952305K->584416K(1129600K), 0.0206130 secs] [Times: user=0.13 sys=0.00, real=0.02 secs] 
2014-07-08T07:45:17.857+0000: 3562.947: [GC [PSYoungGen: 442608K->1122K(449472K)] 1026144K->584690K(1136448K), 0.0146890 secs] [Times: user=0.09 sys=0.00, real=0.02 secs] 
2014-07-08T07:45:19.462+0000: 3564.552: [GC [PSYoungGen: 448610K->954K(434304K)] 1032178K->584618K(1121280K), 0.0043270 secs] [Times: user=0.02 sys=0.00, real=0.00 secs] 
2014-07-08T07:45:21.019+0000: 3566.109: [GC [PSYoungGen: 434298K->900K(420736K)] 1017962K->584612K(1107712K), 0.0077510 secs] [Times: user=0.05 sys=0.00, real=0.01 secs] 
2014-07-08T07:45:22.493+0000: 3567.583: [GC [PSYoungGen: 420676K->1036K(407872K)] 1004388K->584820K(1094848K), 0.0049260 secs] [Times: user=0.03 sys=0.00, real=0.00 secs] 
2014-07-08T07:45:24.019+0000: 3569.110: [GC [PSYoungGen: 407820K->1320K(395712K)] 991604K->585176K(1082688K), 0.0138920 secs] [Times: user=0.10 sys=0.00, real=0.02 secs] 
2014-07-08T07:45:25.363+0000: 3570.454: [GC [PSYoungGen: 395688K->826K(383296K)] 979544K->584738K(1070272K), 0.0103190 secs] [Times: user=0.05 sys=0.00, real=0.01 secs] 
2014-07-08T07:45:26.719+0000: 3571.809: [GC [PSYoungGen: 383290K->1363K(372480K)] 967202K->585316K(1059456K), 0.0136710 secs] [Times: user=0.08 sys=0.00, real=0.02 secs] 
2014-07-08T07:45:28.091+0000: 3573.181: [GC [PSYoungGen: 372435K->886K(361024K)] 956388K->584894K(1048000K), 0.0070240 secs] [Times: user=0.05 sys=0.00, real=0.01 secs] 
2014-07-08T07:45:29.392+0000: 3574.482: [GC [PSYoungGen: 361014K->1334K(351040K)] 945022K->585422K(1038016K), 0.0050540 secs] [Times: user=0.03 sys=0.01, real=0.00 secs] 
2014-07-08T07:45:30.587+0000: 3575.677: [GC [PSYoungGen: 351030K->1054K(340736K)] 935118K->585214K(1027712K), 0.0072260 secs] [Times: user=0.05 sys=0.00, real=0.01 secs] 
2014-07-08T07:45:31.767+0000: 3576.858: [GC [PSYoungGen: 340702K->1313K(331392K)] 924862K->585659K(1018368K), 0.0171490 secs] [Times: user=0.10 sys=0.00, real=0.02 secs] 
2014-07-08T07:45:32.975+0000: 3578.065: [GC [PSYoungGen: 331361K->1278K(322112K)] 915707K->585696K(1009088K), 0.0149710 secs] [Times: user=0.10 sys=0.00, real=0.01 secs] 
2014-07-08T07:45:34.104+0000: 3579.195: [GC [PSYoungGen: 322110K->804K(312832K)] 906528K->585310K(999808K), 0.0076560 secs] [Times: user=0.05 sys=0.00, real=0.01 secs] 
2014-07-08T07:45:35.267+0000: 3580.357: [GC [PSYoungGen: 312804K->1242K(304768K)] 897310K->585820K(991744K), 0.0087230 secs] [Times: user=0.06 sys=0.00, real=0.01 secs] 
2014-07-08T07:45:36.254+0000: 3581.344: [GC [PSYoungGen: 304706K->890K(296192K)] 889285K->585556K(983168K), 0.0046560 secs] [Times: user=0.03 sys=0.01, real=0.00 secs] 
2014-07-08T07:45:37.359+0000: 3582.449: [GC [PSYoungGen: 296165K->1331K(288768K)] 880831K->586085K(975744K), 0.0113460 secs] [Times: user=0.07 sys=0.01, real=0.01 secs] 
2014-07-08T07:45:38.336+0000: 3583.426: [GC [PSYoungGen: 288755K->958K(280832K)] 873509K->585800K(967808K), 0.0110430 secs] [Times: user=0.08 sys=0.00, real=0.01 secs] 
2014-07-08T07:45:39.319+0000: 3584.409: [GC [PSYoungGen: 280810K->794K(273472K)] 865652K->585684K(960448K), 0.0083170 secs] [Times: user=0.05 sys=0.01, real=0.01 secs] 
2014-07-08T07:45:40.357+0000: 3585.447: [GC [PSYoungGen: 273434K->1466K(267136K)] 858324K->586437K(954112K), 0.0146910 secs] [Times: user=0.09 sys=0.00, real=0.01 secs] 
2014-07-08T07:45:41.253+0000: 3586.343: [GC [PSYoungGen: 267130K->694K(259648K)] 852101K->585720K(946624K), 0.0084080 secs] [Times: user=0.05 sys=0.00, real=0.01 secs] 
2014-07-08T07:45:42.244+0000: 3587.335: [GC [PSYoungGen: 259638K->1577K(254080K)] 844664K->586923K(941056K), 0.0073480 secs] [Times: user=0.05 sys=0.00, real=0.00 secs] 
2014-07-08T07:45:43.121+0000: 3588.211: [GC [PSYoungGen: 254057K->1154K(247488K)] 839403K->586564K(934464K), 0.0072040 secs] [Times: user=0.05 sys=0.00, real=0.01 secs] 
2014-07-08T07:45:43.955+0000: 3589.045: [GC [PSYoungGen: 247411K->1132K(296704K)] 832821K->586598K(983680K), 0.0137800 secs] [Times: user=0.08 sys=0.01, real=0.01 secs] 
2014-07-08T07:45:45.057+0000: 3590.147: [GC [PSYoungGen: 296684K->1202K(355904K)] 882150K->586756K(1042880K), 0.0126440 secs] [Times: user=0.08 sys=0.00, real=0.01 secs] 
2014-07-08T07:45:46.251+0000: 3591.341: [GC [PSYoungGen: 355890K->978K(345472K)] 941444K->586605K(1032448K), 0.0046040 secs] [Times: user=0.02 sys=0.00, real=0.01 secs] 
2014-07-08T07:45:47.468+0000: 3592.558: [GC [PSYoungGen: 345426K->758K(335424K)] 931053K->586496K(1022400K), 0.0073770 secs] [Times: user=0.06 sys=0.00, real=0.01 secs] 
2014-07-08T07:45:48.674+0000: 3593.764: [GC [PSYoungGen: 335414K->972K(326272K)] 921152K->586790K(1013248K), 0.0076490 secs] [Times: user=0.05 sys=0.00, real=0.01 secs] 
2014-07-08T07:45:49.852+0000: 3594.942: [GC [PSYoungGen: 326170K->1028K(317312K)] 911989K->586903K(1004288K), 0.0070070 secs] [Times: user=0.04 sys=0.00, real=0.01 secs] 
2014-07-08T07:45:51.010+0000: 3596.101: [GC [PSYoungGen: 317252K->1054K(308608K)] 903127K->586984K(995584K), 0.0054070 secs] [Times: user=0.03 sys=0.00, real=0.01 secs] 
2014-07-08T07:45:52.139+0000: 3597.229: [GC [PSYoungGen: 308574K->1442K(300672K)] 894504K->587428K(987648K), 0.0130930 secs] [Times: user=0.07 sys=0.00, real=0.01 secs] 
2014-07-08T07:45:53.174+0000: 3598.264: [GC [PSYoungGen: 300642K->830K(292032K)] 886628K->587258K(979008K), 0.0035230 secs] [Times: user=0.02 sys=0.01, real=0.01 secs] 
2014-07-08T07:45:54.218+0000: 3599.308: [GC [PSYoungGen: 292030K->1022K(284544K)] 878458K->587490K(971520K), 0.0141900 secs] [Times: user=0.09 sys=0.01, real=0.01 secs] 
2014-07-08T07:45:55.208+0000: 3600.298: [GC [PSYoungGen: 284495K->862K(276992K)] 870963K->587510K(963968K), 0.0078380 secs] [Times: user=0.05 sys=0.00, real=0.01 secs] 
2014-07-08T07:45:56.272+0000: 3601.362: [GC [PSYoungGen: 276958K->1332K(270336K)] 863606K->588069K(957312K), 0.0125170 secs] [Times: user=0.09 sys=0.01, real=0.01 secs] 
2014-07-08T07:45:57.168+0000: 3602.258: [GC [PSYoungGen: 270324K->900K(263104K)] 857061K->587693K(950080K), 0.0079180 secs] [Times: user=0.04 sys=0.00, real=0.01 secs] 
2014-07-08T07:45:58.163+0000: 3603.253: [GC [PSYoungGen: 263044K->1204K(256768K)] 849837K->588061K(943744K), 0.0091440 secs] [Times: user=0.06 sys=0.01, real=0.01 secs] 
2014-07-08T07:45:59.035+0000: 3604.125: [GC [PSYoungGen: 256730K->1214K(250432K)] 843587K->588166K(937408K), 0.0091840 secs] [Times: user=0.06 sys=0.00, real=0.01 secs] 
2014-07-08T07:45:59.926+0000: 3605.016: [GC [PSYoungGen: 250408K->1010K(244160K)] 837360K->588011K(931136K), 0.0092470 secs] [Times: user=0.05 sys=0.01, real=0.01 secs] 
2014-07-08T07:46:00.789+0000: 3605.880: [GC [PSYoungGen: 244146K->886K(292672K)] 831147K->587958K(979648K), 0.0133870 secs] [Times: user=0.07 sys=0.00, real=0.01 secs] 
2014-07-08T07:46:01.846+0000: 3606.936: [GC [PSYoungGen: 292662K->1264K(351424K)] 879734K->588392K(1038400K), 0.0129500 secs] [Times: user=0.09 sys=0.00, real=0.01 secs] 
2014-07-08T07:46:03.086+0000: 3608.176: [GC [PSYoungGen: 351408K->1054K(421312K)] 938536K->588222K(1108288K), 0.0150630 secs] [Times: user=0.09 sys=0.00, real=0.02 secs] 
2014-07-08T07:46:04.561+0000: 3609.651: [GC [PSYoungGen: 421255K->858K(422336K)] 1008424K->588082K(1109312K), 0.0233920 secs] [Times: user=0.16 sys=0.00, real=0.02 secs] 
2014-07-08T07:46:06.117+0000: 3611.208: [GC [PSYoungGen: 421592K->1128K(505984K)] 1008817K->588408K(1192960K), 0.0083940 secs] [Times: user=0.05 sys=0.01, real=0.00 secs] 
2014-07-08T07:46:07.858+0000: 3612.948: [GC [PSYoungGen: 505479K->1405K(489152K)] 1092760K->588742K(1176128K), 0.0057260 secs] [Times: user=0.02 sys=0.00, real=0.00 secs] 
2014-07-08T07:46:09.553+0000: 3614.643: [GC [PSYoungGen: 489149K->192K(472000K)] 1076486K->588237K(1158976K), 0.0041060 secs] [Times: user=0.03 sys=0.00, real=0.00 secs] 
2014-07-08T07:46:11.307+0000: 3616.397: [GC [PSYoungGen: 471976K->1578K(458176K)] 1060022K->589721K(1145152K), 0.0214290 secs] [Times: user=0.15 sys=0.00, real=0.03 secs] 
2014-07-08T07:46:12.869+0000: 3617.960: [GC [PSYoungGen: 458105K->868K(442944K)] 1046249K->589363K(1129920K), 0.0098100 secs] [Times: user=0.07 sys=0.00, real=0.01 secs] 
2014-07-08T07:46:14.409+0000: 3619.499: [GC [PSYoungGen: 442916K->954K(429056K)] 1031411K->589561K(1116032K), 0.0061440 secs] [Times: user=0.04 sys=0.00, real=0.00 secs] 
2014-07-08T07:46:15.951+0000: 3621.042: [GC [PSYoungGen: 428969K->1327K(416128K)] 1017577K->590015K(1103104K), 0.0079730 secs] [Times: user=0.05 sys=0.01, real=0.01 secs] 
2014-07-08T07:46:17.409+0000: 3622.499: [GC [PSYoungGen: 416111K->922K(403008K)] 1004799K->589665K(1089984K), 0.0058620 secs] [Times: user=0.02 sys=0.00, real=0.01 secs] 
2014-07-08T07:46:18.866+0000: 3623.956: [GC [PSYoungGen: 402970K->1168K(391040K)] 991713K->589959K(1078016K), 0.0089440 secs] [Times: user=0.05 sys=0.01, real=0.01 secs] 
2014-07-08T07:46:20.293+0000: 3625.384: [GC [PSYoungGen: 390973K->1022K(379136K)] 979765K->589885K(1066112K), 0.0190310 secs] [Times: user=0.14 sys=0.00, real=0.02 secs] 
2014-07-08T07:46:22.066+0000: 3627.156: [GC [PSYoungGen: 379134K->1164K(368128K)] 967997K->590083K(1055104K), 0.0171360 secs] [Times: user=0.12 sys=0.00, real=0.02 secs] 
Heap
 PSYoungGen      total 368128K, used 362557K [0x0000000755560000, 0x0000000773f10000, 0x0000000800000000)
  eden space 366912K, 98% used [0x0000000755560000,0x000000076b64c5d8,0x000000076bbb0000)
  from space 1216K, 95% used [0x0000000773de0000,0x0000000773f03180,0x0000000773f10000)
  to   space 1664K, 0% used [0x0000000773bd0000,0x0000000773bd0000,0x0000000773d70000)
 ParOldGen       total 686976K, used 588919K [0x0000000600000000, 0x0000000629ee0000, 0x0000000755560000)
  object space 686976K, 85% used [0x0000000600000000,0x0000000623f1de28,0x0000000629ee0000)
 PSPermGen       total 21248K, used 11806K [0x00000005f5a00000, 0x00000005f6ec0000, 0x0000000600000000)
  object space 21248K, 55% used [0x00000005f5a00000,0x00000005f65879a8,0x00000005f6ec0000)
