2014-07-08T04:14:26.408+0000: 24.624: [GC [PSYoungGen: 257728K->42864K(300608K)] 257728K->57771K(987584K), 0.0624950 secs] [Times: user=0.21 sys=0.03, real=0.06 secs] 
2014-07-08T04:14:26.623+0000: 24.839: [GC [PSYoungGen: 300592K->42854K(300608K)] 315499K->64050K(987584K), 0.0735080 secs] [Times: user=0.26 sys=0.03, real=0.07 secs] 
2014-07-08T04:14:26.702+0000: 24.918: [GC [PSYoungGen: 300582K->42678K(300608K)] 321778K->63874K(987584K), 0.0575800 secs] [Times: user=0.21 sys=0.00, real=0.06 secs] 
2014-07-08T04:14:27.017+0000: 25.233: [GC [PSYoungGen: 300406K->42870K(558336K)] 321602K->64915K(1245312K), 0.0550430 secs] [Times: user=0.20 sys=0.02, real=0.06 secs] 
2014-07-08T04:14:29.794+0000: 28.010: [GC [PSYoungGen: 558326K->42860K(558336K)] 580371K->65625K(1245312K), 0.0529640 secs] [Times: user=0.19 sys=0.01, real=0.06 secs] 
2014-07-08T04:14:31.905+0000: 30.121: [GC [PSYoungGen: 558257K->43340K(1088512K)] 581022K->66105K(1775488K), 0.0470750 secs] [Times: user=0.16 sys=0.02, real=0.05 secs] 
2014-07-08T04:14:35.590+0000: 33.806: [GC [PSYoungGen: 1074252K->2290K(1089408K)] 1097017K->65740K(1776384K), 0.0431190 secs] [Times: user=0.13 sys=0.02, real=0.04 secs] 
2014-07-08T04:14:39.179+0000: 37.395: [GC [PSYoungGen: 1033202K->2304K(2124160K)] 1096652K->65930K(2811136K), 0.0283890 secs] [Times: user=0.11 sys=0.00, real=0.02 secs] 
2014-07-08T04:14:44.907+0000: 43.123: [GC [PSYoungGen: 2059696K->2408K(2128512K)] 2123322K->66530K(2815488K), 0.0184960 secs] [Times: user=0.06 sys=0.00, real=0.02 secs] 
2014-07-08T04:14:49.867+0000: 48.082: [GC [PSYoungGen: 2059880K->2226K(2720768K)] 2124002K->67084K(3407744K), 0.0078950 secs] [Times: user=0.02 sys=0.00, real=0.01 secs] 
2014-07-08T04:14:55.582+0000: 53.798: [GC [PSYoungGen: 2649650K->1558K(2649024K)] 2714508K->67080K(3336000K), 0.0054110 secs] [Times: user=0.01 sys=0.00, real=0.00 secs] 
2014-07-08T04:15:00.979+0000: 59.195: [GC [PSYoungGen: 2648982K->1878K(2722240K)] 2714504K->67768K(3409216K), 0.0193690 secs] [Times: user=0.07 sys=0.00, real=0.02 secs] 
2014-07-08T04:15:05.838+0000: 64.054: [GC [PSYoungGen: 2649558K->790K(2648512K)] 2715448K->67256K(3335488K), 0.0071860 secs] [Times: user=0.02 sys=0.00, real=0.01 secs] 
2014-07-08T04:15:10.355+0000: 68.571: [GC [PSYoungGen: 2648470K->1060K(2722176K)] 2714936K->67798K(3409152K), 0.0181420 secs] [Times: user=0.06 sys=0.00, real=0.02 secs] 
2014-07-08T04:15:14.685+0000: 72.901: [GC [PSYoungGen: 2650340K->448K(2720576K)] 2717078K->67602K(3407552K), 0.0154990 secs] [Times: user=0.05 sys=0.00, real=0.01 secs] 
2014-07-08T04:15:19.553+0000: 77.769: [GC [PSYoungGen: 2649728K->448K(2722624K)] 2716882K->67794K(3409600K), 0.0070650 secs] [Times: user=0.02 sys=0.00, real=0.01 secs] 
2014-07-08T04:15:24.130+0000: 82.346: [GC [PSYoungGen: 2654656K->608K(2721344K)] 2722002K->68274K(3408320K), 0.0298860 secs] [Times: user=0.11 sys=0.00, real=0.03 secs] 
2014-07-08T04:15:28.749+0000: 86.965: [GC [PSYoungGen: 2654816K->416K(2533696K)] 2722482K->68282K(3220672K), 0.0090770 secs] [Times: user=0.03 sys=0.00, real=0.01 secs] 
2014-07-08T04:15:33.086+0000: 91.301: [GC [PSYoungGen: 2533664K->448K(2480320K)] 2601530K->68594K(3167296K), 0.0089650 secs] [Times: user=0.03 sys=0.00, real=0.01 secs] 
2014-07-08T04:15:37.548+0000: 95.764: [GC [PSYoungGen: 2418752K->512K(2309568K)] 2486898K->68842K(2996544K), 0.0073390 secs] [Times: user=0.01 sys=0.00, real=0.00 secs] 
2014-07-08T04:15:41.685+0000: 99.901: [GC [PSYoungGen: 2309568K->480K(2261696K)] 2377898K->69106K(2948672K), 0.0057070 secs] [Times: user=0.02 sys=0.00, real=0.01 secs] 
2014-07-08T04:15:45.999+0000: 104.214: [GC [PSYoungGen: 2205728K->320K(2106880K)] 2274354K->69202K(2793856K), 0.0077670 secs] [Times: user=0.01 sys=0.01, real=0.01 secs] 
2014-07-08T04:15:50.513+0000: 108.728: [GC [PSYoungGen: 2106872K->690K(2063552K)] 2175755K->69756K(2750528K), 0.0055700 secs] [Times: user=0.01 sys=0.00, real=0.00 secs] 
2014-07-08T04:15:54.677+0000: 112.893: [GC [PSYoungGen: 2013426K->416K(1924032K)] 2082492K->69866K(2611008K), 0.0134740 secs] [Times: user=0.01 sys=0.00, real=0.02 secs] 
2014-07-08T04:15:58.894+0000: 117.110: [GC [PSYoungGen: 1924000K->1138K(1884032K)] 1993450K->70764K(2571008K), 0.0055080 secs] [Times: user=0.02 sys=0.01, real=0.00 secs] 
2014-07-08T04:16:02.646+0000: 120.862: [GC [PSYoungGen: 1839922K->384K(1758592K)] 1909548K->70298K(2445568K), 0.0098350 secs] [Times: user=0.01 sys=0.00, real=0.01 secs] 
2014-07-08T04:16:06.385+0000: 124.600: [GC [PSYoungGen: 1758592K->786K(1721536K)] 1828506K->70860K(2408512K), 0.0136490 secs] [Times: user=0.04 sys=0.00, real=0.01 secs] 
2014-07-08T04:16:09.922+0000: 128.137: [GC [PSYoungGen: 1682386K->768K(1609472K)] 1752460K->70954K(2296448K), 0.0112030 secs] [Times: user=0.02 sys=0.00, real=0.02 secs] 
2014-07-08T04:16:13.338+0000: 131.554: [GC [PSYoungGen: 1609472K->722K(1574400K)] 1679658K->71204K(2261376K), 0.0061160 secs] [Times: user=0.01 sys=0.00, real=0.01 secs] 
2014-07-08T04:16:16.593+0000: 134.809: [GC [PSYoungGen: 1540114K->352K(1473856K)] 1610596K->71002K(2160832K), 0.0115790 secs] [Times: user=0.02 sys=0.00, real=0.02 secs] 
2014-07-08T04:16:19.695+0000: 137.911: [GC [PSYoungGen: 1473824K->534K(1441408K)] 1544474K->71336K(2128384K), 0.0161410 secs] [Times: user=0.06 sys=0.00, real=0.01 secs] 
2014-07-08T04:16:22.693+0000: 140.909: [GC [PSYoungGen: 1411350K->224K(1351488K)] 1482152K->71290K(2038464K), 0.0075490 secs] [Times: user=0.02 sys=0.00, real=0.01 secs] 
2014-07-08T04:16:25.541+0000: 143.757: [GC [PSYoungGen: 1351456K->192K(1321216K)] 1422522K->71386K(2008192K), 0.0035780 secs] [Times: user=0.01 sys=0.00, real=0.01 secs] 
2014-07-08T04:16:28.275+0000: 146.491: [GC [PSYoungGen: 1294720K->480K(1241088K)] 1365914K->71818K(1928064K), 0.0109930 secs] [Times: user=0.01 sys=0.00, real=0.02 secs] 
2014-07-08T04:16:30.901+0000: 149.117: [GC [PSYoungGen: 1241053K->256K(1212416K)] 1312392K->71730K(1899392K), 0.0055960 secs] [Times: user=0.02 sys=0.00, real=0.01 secs] 
2014-07-08T04:16:33.458+0000: 151.673: [GC [PSYoungGen: 1189504K->1106K(1141568K)] 1260978K->72748K(1828544K), 0.0068540 secs] [Times: user=0.01 sys=0.01, real=0.00 secs] 
2014-07-08T04:16:35.827+0000: 154.043: [GC [PSYoungGen: 1141522K->338K(1113856K)] 1213164K->72124K(1800832K), 0.0087350 secs] [Times: user=0.03 sys=0.00, real=0.00 secs] 
2014-07-08T04:16:38.157+0000: 156.373: [GC [PSYoungGen: 1094290K->480K(1050240K)] 1166076K->72354K(1737216K), 0.0466290 secs] [Times: user=0.15 sys=0.00, real=0.05 secs] 
2014-07-08T04:16:40.482+0000: 158.697: [GC [PSYoungGen: 1050208K->804K(1024832K)] 1122082K->72862K(1711808K), 0.0320680 secs] [Times: user=0.11 sys=0.00, real=0.03 secs] 
2014-07-08T04:16:42.524+0000: 160.740: [GC [PSYoungGen: 1008420K->274K(967872K)] 1080478K->72588K(1654848K), 0.0090180 secs] [Times: user=0.01 sys=0.01, real=0.01 secs] 
2014-07-08T04:16:44.602+0000: 162.818: [GC [PSYoungGen: 967826K->406K(1195200K)] 1040140K->72824K(1882176K), 0.0486890 secs] [Times: user=0.16 sys=0.01, real=0.05 secs] 
2014-07-08T04:16:47.061+0000: 165.276: [GC [PSYoungGen: 1180822K->192K(1132224K)] 1253240K->72690K(1819200K), 0.0114440 secs] [Times: user=0.04 sys=0.00, real=0.01 secs] 
2014-07-08T04:16:49.496+0000: 167.712: [GC [PSYoungGen: 1132224K->804K(1098688K)] 1204722K->73398K(1785664K), 0.0138840 secs] [Times: user=0.05 sys=0.00, real=0.02 secs] 
2014-07-08T04:16:51.742+0000: 169.957: [GC [PSYoungGen: 1086750K->292K(1042432K)] 1159345K->73102K(1729408K), 0.0119650 secs] [Times: user=0.04 sys=0.00, real=0.01 secs] 
2014-07-08T04:16:53.943+0000: 172.159: [GC [PSYoungGen: 1042404K->256K(1011264K)] 1115214K->73130K(1698240K), 0.0079140 secs] [Times: user=0.01 sys=0.00, real=0.01 secs] 
2014-07-08T04:16:56.065+0000: 174.281: [GC [PSYoungGen: 1000640K->128K(960768K)] 1073514K->73050K(1647744K), 0.0072020 secs] [Times: user=0.01 sys=0.01, real=0.01 secs] 
2014-07-08T04:16:58.103+0000: 176.318: [GC [PSYoungGen: 960768K->352K(932224K)] 1033690K->73354K(1619200K), 0.0046020 secs] [Times: user=0.02 sys=0.00, real=0.00 secs] 
2014-07-08T04:17:00.059+0000: 178.274: [GC [PSYoungGen: 923168K->224K(887040K)] 996170K->73410K(1574016K), 0.0150100 secs] [Times: user=0.05 sys=0.00, real=0.02 secs] 
2014-07-08T04:17:01.944+0000: 180.160: [GC [PSYoungGen: 886939K->324K(860544K)] 960126K->73638K(1547520K), 0.0050160 secs] [Times: user=0.01 sys=0.00, real=0.00 secs] 
2014-07-08T04:17:03.749+0000: 181.965: [GC [PSYoungGen: 852797K->274K(820096K)] 926111K->73676K(1507072K), 0.0157570 secs] [Times: user=0.05 sys=0.00, real=0.02 secs] 
2014-07-08T04:17:05.519+0000: 183.735: [GC [PSYoungGen: 820050K->448K(795520K)] 893452K->73882K(1482496K), 0.0067910 secs] [Times: user=0.01 sys=0.01, real=0.01 secs] 
2014-07-08T04:17:07.170+0000: 185.386: [GC [PSYoungGen: 789056K->192K(759104K)] 862490K->73746K(1446080K), 0.0047140 secs] [Times: user=0.01 sys=0.00, real=0.01 secs] 
2014-07-08T04:17:08.796+0000: 187.012: [GC [PSYoungGen: 759104K->320K(736512K)] 832658K->73954K(1423488K), 0.0077640 secs] [Times: user=0.03 sys=0.00, real=0.01 secs] 
2014-07-08T04:17:10.340+0000: 188.556: [GC [PSYoungGen: 730944K->370K(704064K)] 804578K->74156K(1391040K), 0.0215330 secs] [Times: user=0.06 sys=0.00, real=0.02 secs] 
2014-07-08T04:17:11.919+0000: 190.135: [GC [PSYoungGen: 704050K->448K(683008K)] 777836K->74314K(1369984K), 0.0058430 secs] [Times: user=0.01 sys=0.01, real=0.01 secs] 
2014-07-08T04:17:13.278+0000: 191.494: [GC [PSYoungGen: 678400K->658K(654144K)] 752266K->74676K(1341120K), 0.0072800 secs] [Times: user=0.02 sys=0.00, real=0.01 secs] 
2014-07-08T04:17:14.689+0000: 192.904: [GC [PSYoungGen: 654098K->324K(630400K)] 728116K->74382K(1317376K), 0.0060250 secs] [Times: user=0.02 sys=0.00, real=0.01 secs] 
2014-07-08T04:17:16.020+0000: 194.236: [GC [PSYoungGen: 630336K->416K(608128K)] 704395K->74554K(1295104K), 0.0050460 secs] [Times: user=0.01 sys=0.00, real=0.01 secs] 
2014-07-08T04:17:17.311+0000: 195.527: [GC [PSYoungGen: 608072K->480K(586880K)] 682211K->74642K(1273856K), 0.0042370 secs] [Times: user=0.01 sys=0.00, real=0.01 secs] 
2014-07-08T04:17:18.559+0000: 196.775: [GC [PSYoungGen: 586848K->192K(566208K)] 661010K->74426K(1253184K), 0.0042550 secs] [Times: user=0.01 sys=0.00, real=0.01 secs] 
2014-07-08T04:17:19.894+0000: 198.109: [GC [PSYoungGen: 566208K->914K(549760K)] 640442K->75244K(1236736K), 0.0040960 secs] [Times: user=0.02 sys=0.00, real=0.00 secs] 
2014-07-08T04:17:20.935+0000: 199.150: [GC [PSYoungGen: 547538K->420K(528512K)] 621868K->74878K(1215488K), 0.0098860 secs] [Times: user=0.03 sys=0.00, real=0.01 secs] 
2014-07-08T04:17:22.047+0000: 200.262: [GC [PSYoungGen: 528484K->192K(633920K)] 602942K->74754K(1320896K), 0.0304630 secs] [Times: user=0.11 sys=0.00, real=0.03 secs] 
2014-07-08T04:17:23.411+0000: 201.627: [GC [PSYoungGen: 633920K->512K(611776K)] 708482K->75154K(1298752K), 0.0067130 secs] [Times: user=0.01 sys=0.00, real=0.01 secs] 
2014-07-08T04:17:24.740+0000: 202.955: [GC [PSYoungGen: 611776K->662K(590528K)] 686418K->75368K(1277504K), 0.0169630 secs] [Times: user=0.06 sys=0.00, real=0.02 secs] 
2014-07-08T04:17:25.946+0000: 204.162: [GC [PSYoungGen: 590486K->384K(569728K)] 665192K->75194K(1256704K), 0.0062000 secs] [Times: user=0.02 sys=0.00, real=0.00 secs] 
2014-07-08T04:17:27.150+0000: 205.366: [GC [PSYoungGen: 569645K->292K(550080K)] 644455K->75134K(1237056K), 0.0129530 secs] [Times: user=0.04 sys=0.00, real=0.01 secs] 
2014-07-08T04:17:28.340+0000: 206.556: [GC [PSYoungGen: 550033K->576K(531648K)] 624875K->75474K(1218624K), 0.0151350 secs] [Times: user=0.05 sys=0.01, real=0.02 secs] 
2014-07-08T04:17:29.455+0000: 207.671: [GC [PSYoungGen: 531648K->320K(637632K)] 606546K->75394K(1324608K), 0.0183530 secs] [Times: user=0.06 sys=0.00, real=0.01 secs] 
2014-07-08T04:17:30.796+0000: 209.011: [GC [PSYoungGen: 637632K->384K(615040K)] 712706K->75538K(1302016K), 0.0069170 secs] [Times: user=0.01 sys=0.00, real=0.00 secs] 
2014-07-08T04:17:32.102+0000: 210.318: [GC [PSYoungGen: 615040K->292K(593344K)] 690194K->75534K(1280320K), 0.0122590 secs] [Times: user=0.04 sys=0.00, real=0.01 secs] 
2014-07-08T04:17:33.371+0000: 211.587: [GC [PSYoungGen: 593316K->580K(573056K)] 668558K->75870K(1260032K), 0.0108480 secs] [Times: user=0.04 sys=0.01, real=0.01 secs] 
2014-07-08T04:17:34.581+0000: 212.797: [GC [PSYoungGen: 572996K->128K(552832K)] 648286K->75450K(1239808K), 0.0033490 secs] [Times: user=0.01 sys=0.00, real=0.00 secs] 
2014-07-08T04:17:35.839+0000: 214.055: [GC [PSYoungGen: 552832K->530K(534464K)] 628154K->75884K(1221440K), 0.0077070 secs] [Times: user=0.02 sys=0.00, real=0.01 secs] 
2014-07-08T04:17:36.890+0000: 215.105: [GC [PSYoungGen: 534418K->160K(516096K)] 609772K->75626K(1203072K), 0.0093730 secs] [Times: user=0.04 sys=0.00, real=0.01 secs] 
2014-07-08T04:17:37.985+0000: 216.201: [GC [PSYoungGen: 516064K->192K(498944K)] 591530K->75706K(1185920K), 0.0136320 secs] [Times: user=0.05 sys=0.00, real=0.02 secs] 
2014-07-08T04:17:39.058+0000: 217.274: [GC [PSYoungGen: 498944K->352K(483712K)] 574458K->75954K(1170688K), 0.0125300 secs] [Times: user=0.05 sys=0.00, real=0.01 secs] 
2014-07-08T04:17:40.086+0000: 218.302: [GC [PSYoungGen: 482720K->160K(466880K)] 558322K->75826K(1153856K), 0.0075250 secs] [Times: user=0.03 sys=0.00, real=0.01 secs] 
2014-07-08T04:17:41.081+0000: 219.297: [GC [PSYoungGen: 466848K->128K(451840K)] 542514K->75858K(1138816K), 0.0034620 secs] [Times: user=0.01 sys=0.00, real=0.00 secs] 
2014-07-08T04:17:42.046+0000: 220.261: [GC [PSYoungGen: 451840K->128K(437504K)] 527570K->75914K(1124480K), 0.0089400 secs] [Times: user=0.03 sys=0.00, real=0.01 secs] 
2014-07-08T04:17:42.974+0000: 221.190: [GC [PSYoungGen: 437504K->128K(423744K)] 513290K->75946K(1110720K), 0.0034300 secs] [Times: user=0.01 sys=0.00, real=0.01 secs] 
2014-07-08T04:17:43.978+0000: 222.193: [GC [PSYoungGen: 423744K->626K(411136K)] 499562K->76468K(1098112K), 0.0038840 secs] [Times: user=0.01 sys=0.00, real=0.00 secs] 
2014-07-08T04:17:44.748+0000: 222.964: [GC [PSYoungGen: 411120K->96K(398016K)] 486963K->76034K(1084992K), 0.0065180 secs] [Times: user=0.00 sys=0.01, real=0.00 secs] 
2014-07-08T04:17:45.599+0000: 223.815: [GC [PSYoungGen: 397984K->128K(385984K)] 473922K->76098K(1072960K), 0.0061700 secs] [Times: user=0.01 sys=0.00, real=0.00 secs] 
2014-07-08T04:17:46.426+0000: 224.642: [GC [PSYoungGen: 385984K->690K(375040K)] 461954K->76724K(1062016K), 0.0099430 secs] [Times: user=0.03 sys=0.01, real=0.01 secs] 
2014-07-08T04:17:47.216+0000: 225.432: [GC [PSYoungGen: 375026K->224K(363520K)] 451060K->76282K(1050496K), 0.0060570 secs] [Times: user=0.02 sys=0.00, real=0.01 secs] 
2014-07-08T04:17:47.987+0000: 226.203: [GC [PSYoungGen: 363483K->128K(352768K)] 439541K->76242K(1039744K), 0.0051300 secs] [Times: user=0.01 sys=0.01, real=0.01 secs] 
2014-07-08T04:17:48.738+0000: 226.953: [GC [PSYoungGen: 352768K->210K(342720K)] 428882K->76388K(1029696K), 0.0055810 secs] [Times: user=0.01 sys=0.00, real=0.01 secs] 
2014-07-08T04:17:49.478+0000: 227.693: [GC [PSYoungGen: 342674K->288K(333056K)] 418852K->76514K(1020032K), 0.0040790 secs] [Times: user=0.01 sys=0.00, real=0.01 secs] 
2014-07-08T04:17:50.171+0000: 228.387: [GC [PSYoungGen: 332924K->178K(323584K)] 409151K->76436K(1010560K), 0.0035510 secs] [Times: user=0.01 sys=0.00, real=0.00 secs] 
2014-07-08T04:17:50.855+0000: 229.071: [GC [PSYoungGen: 323570K->192K(314624K)] 399828K->76506K(1001600K), 0.0046060 secs] [Times: user=0.01 sys=0.00, real=0.01 secs] 
2014-07-08T04:17:51.559+0000: 229.775: [GC [PSYoungGen: 314623K->498K(377856K)] 390938K->76876K(1064832K), 0.0263740 secs] [Times: user=0.09 sys=0.00, real=0.02 secs] 
2014-07-08T04:17:52.327+0000: 230.543: [GC [PSYoungGen: 377842K->224K(453120K)] 454220K->76658K(1140096K), 0.0246590 secs] [Times: user=0.08 sys=0.01, real=0.03 secs] 
2014-07-08T04:17:53.297+0000: 231.512: [GC [PSYoungGen: 453085K->804K(544320K)] 529520K->77270K(1231296K), 0.0066210 secs] [Times: user=0.01 sys=0.00, real=0.01 secs] 
2014-07-08T04:17:54.494+0000: 232.709: [GC [PSYoungGen: 544292K->946K(653184K)] 620758K->77460K(1340160K), 0.0235720 secs] [Times: user=0.09 sys=0.00, real=0.02 secs] 
2014-07-08T04:17:55.831+0000: 234.047: [GC [PSYoungGen: 653170K->192K(782912K)] 729684K->76908K(1469888K), 0.0116150 secs] [Times: user=0.04 sys=0.00, real=0.01 secs] 
2014-07-08T04:17:57.569+0000: 235.785: [GC [PSYoungGen: 782912K->1074K(940352K)] 859628K->77966K(1627328K), 0.0052980 secs] [Times: user=0.02 sys=0.00, real=0.00 secs] 
2014-07-08T04:17:59.496+0000: 237.712: [GC [PSYoungGen: 940338K->498K(1127680K)] 1017230K->77582K(1814656K), 0.0108970 secs] [Times: user=0.04 sys=0.00, real=0.01 secs] 
2014-07-08T04:18:01.886+0000: 240.102: [GC [PSYoungGen: 1127666K->320K(1081664K)] 1204750K->77540K(1768640K), 0.0039010 secs] [Times: user=0.01 sys=0.00, real=0.01 secs] 
2014-07-08T04:18:04.186+0000: 242.402: [GC [PSYoungGen: 1081662K->306K(1038016K)] 1158882K->77630K(1724992K), 0.0040340 secs] [Times: user=0.01 sys=0.00, real=0.01 secs] 
2014-07-08T04:18:06.421+0000: 244.637: [GC [PSYoungGen: 1037946K->548K(996736K)] 1115270K->77928K(1683712K), 0.0039590 secs] [Times: user=0.01 sys=0.00, real=0.00 secs] 
2014-07-08T04:18:08.536+0000: 246.752: [GC [PSYoungGen: 996708K->864K(957504K)] 1074088K->78332K(1644480K), 0.0100450 secs] [Times: user=0.03 sys=0.00, real=0.01 secs] 
2014-07-08T04:18:10.576+0000: 248.791: [GC [PSYoungGen: 957412K->324K(919360K)] 1034880K->78048K(1606336K), 0.0053080 secs] [Times: user=0.01 sys=0.00, real=0.01 secs] 
2014-07-08T04:18:12.515+0000: 250.731: [GC [PSYoungGen: 919300K->740K(883904K)] 997024K->78576K(1570880K), 0.0050640 secs] [Times: user=0.01 sys=0.00, real=0.00 secs] 
2014-07-08T04:18:14.366+0000: 252.582: [GC [PSYoungGen: 883876K->530K(849536K)] 961712K->78430K(1536512K), 0.0066310 secs] [Times: user=0.02 sys=0.00, real=0.01 secs] 
2014-07-08T04:18:16.176+0000: 254.392: [GC [PSYoungGen: 849490K->256K(816704K)] 927390K->78188K(1503680K), 0.0113870 secs] [Times: user=0.04 sys=0.00, real=0.01 secs] 
2014-07-08T04:18:17.895+0000: 256.111: [GC [PSYoungGen: 816704K->256K(785728K)] 894636K->78308K(1472704K), 0.0042230 secs] [Times: user=0.01 sys=0.00, real=0.00 secs] 
2014-07-08T04:18:19.557+0000: 257.773: [GC [PSYoungGen: 785714K->256K(756160K)] 863767K->78500K(1443136K), 0.0170600 secs] [Times: user=0.06 sys=0.00, real=0.02 secs] 
2014-07-08T04:18:21.170+0000: 259.385: [GC [PSYoungGen: 756160K->370K(728128K)] 834404K->78750K(1415104K), 0.0039790 secs] [Times: user=0.01 sys=0.00, real=0.01 secs] 
2014-07-08T04:18:22.730+0000: 260.946: [GC [PSYoungGen: 728114K->306K(701248K)] 806494K->78798K(1388224K), 0.0143920 secs] [Times: user=0.05 sys=0.01, real=0.02 secs] 
2014-07-08T04:18:24.204+0000: 262.420: [GC [PSYoungGen: 701234K->420K(675776K)] 779726K->78984K(1362752K), 0.0074870 secs] [Times: user=0.03 sys=0.00, real=0.00 secs] 
2014-07-08T04:18:25.708+0000: 263.923: [GC [PSYoungGen: 675748K->406K(651392K)] 754312K->79050K(1338368K), 0.0125440 secs] [Times: user=0.05 sys=0.00, real=0.01 secs] 
2014-07-08T04:18:27.027+0000: 265.243: [GC [PSYoungGen: 651350K->224K(627904K)] 729994K->78980K(1314880K), 0.0138810 secs] [Times: user=0.04 sys=0.00, real=0.01 secs] 
2014-07-08T04:18:28.376+0000: 266.592: [GC [PSYoungGen: 627872K->562K(606016K)] 706628K->79374K(1292992K), 0.0049520 secs] [Times: user=0.01 sys=0.00, real=0.00 secs] 
2014-07-08T04:18:29.643+0000: 267.859: [GC [PSYoungGen: 606002K->224K(584512K)] 684814K->79148K(1271488K), 0.0074550 secs] [Times: user=0.01 sys=0.00, real=0.01 secs] 
2014-07-08T04:18:30.961+0000: 269.177: [GC [PSYoungGen: 584480K->576K(564608K)] 663404K->79572K(1251584K), 0.0071830 secs] [Times: user=0.02 sys=0.01, real=0.01 secs] 
2014-07-08T04:18:32.089+0000: 270.304: [GC [PSYoungGen: 564608K->224K(544960K)] 643604K->79364K(1231936K), 0.0180100 secs] [Times: user=0.06 sys=0.00, real=0.02 secs] 
2014-07-08T04:18:33.253+0000: 271.469: [GC [PSYoungGen: 544928K->384K(526656K)] 624068K->79580K(1213632K), 0.0107670 secs] [Times: user=0.03 sys=0.00, real=0.02 secs] 
2014-07-08T04:18:34.377+0000: 272.593: [GC [PSYoungGen: 526656K->352K(509056K)] 605852K->79596K(1196032K), 0.0056380 secs] [Times: user=0.01 sys=0.01, real=0.00 secs] 
2014-07-08T04:18:35.521+0000: 273.737: [GC [PSYoungGen: 509024K->818K(492672K)] 588268K->80270K(1179648K), 0.0052580 secs] [Times: user=0.02 sys=0.00, real=0.01 secs] 
2014-07-08T04:18:36.500+0000: 274.716: [GC [PSYoungGen: 492658K->704K(476416K)] 572110K->80220K(1163392K), 0.0076660 secs] [Times: user=0.02 sys=0.00, real=0.01 secs] 
2014-07-08T04:18:37.616+0000: 275.832: [GC [PSYoungGen: 476416K->548K(571456K)] 555932K->80752K(1258432K), 0.0336950 secs] [Times: user=0.13 sys=0.00, real=0.03 secs] 
2014-07-08T04:18:38.756+0000: 276.971: [GC [PSYoungGen: 571428K->512K(685568K)] 651632K->80852K(1372544K), 0.0104040 secs] [Times: user=0.04 sys=0.00, real=0.01 secs] 
2014-07-08T04:18:40.170+0000: 278.386: [GC [PSYoungGen: 685568K->242K(822336K)] 765908K->80862K(1509312K), 0.0146310 secs] [Times: user=0.06 sys=0.00, real=0.02 secs] 
2014-07-08T04:18:41.922+0000: 280.138: [GC [PSYoungGen: 822322K->192K(986688K)] 902942K->80892K(1673664K), 0.0331430 secs] [Times: user=0.12 sys=0.00, real=0.03 secs] 
2014-07-08T04:18:44.017+0000: 282.232: [GC [PSYoungGen: 986688K->416K(1184256K)] 1067388K->81180K(1871232K), 0.0111130 secs] [Times: user=0.04 sys=0.00, real=0.01 secs] 
2014-07-08T04:18:46.601+0000: 284.817: [GC [PSYoungGen: 1184224K->256K(1135488K)] 1264988K->81076K(1822464K), 0.0086930 secs] [Times: user=0.03 sys=0.00, real=0.01 secs] 
2014-07-08T04:18:48.953+0000: 287.169: [GC [PSYoungGen: 1135479K->292K(1089344K)] 1216300K->81248K(1776320K), 0.0046060 secs] [Times: user=0.01 sys=0.01, real=0.01 secs] 
2014-07-08T04:18:51.276+0000: 289.492: [GC [PSYoungGen: 1089316K->704K(1045760K)] 1170272K->81828K(1732736K), 0.0046760 secs] [Times: user=0.02 sys=0.00, real=0.01 secs] 
2014-07-08T04:18:53.587+0000: 291.803: [GC [PSYoungGen: 1045760K->960K(1004160K)] 1126884K->82204K(1691136K), 0.0051580 secs] [Times: user=0.01 sys=0.00, real=0.00 secs] 
2014-07-08T04:18:55.735+0000: 293.951: [GC [PSYoungGen: 1004160K->1106K(964480K)] 1085404K->82462K(1651456K), 0.0067160 secs] [Times: user=0.01 sys=0.00, real=0.01 secs] 
2014-07-08T04:18:57.679+0000: 295.895: [GC [PSYoungGen: 964434K->370K(925760K)] 1045790K->82046K(1612736K), 0.0210470 secs] [Times: user=0.08 sys=0.00, real=0.02 secs] 
2014-07-08T04:18:59.658+0000: 297.874: [GC [PSYoungGen: 925746K->352K(889600K)] 1007422K->82172K(1576576K), 0.0123480 secs] [Times: user=0.04 sys=0.00, real=0.01 secs] 
2014-07-08T04:19:01.637+0000: 299.853: [GC [PSYoungGen: 889568K->384K(855168K)] 971388K->82404K(1542144K), 0.0127980 secs] [Times: user=0.04 sys=0.00, real=0.02 secs] 
2014-07-08T04:19:03.352+0000: 301.568: [GC [PSYoungGen: 855168K->576K(822528K)] 937188K->82764K(1509504K), 0.0071570 secs] [Times: user=0.03 sys=0.00, real=0.01 secs] 
2014-07-08T04:19:05.087+0000: 303.302: [GC [PSYoungGen: 822528K->160K(790912K)] 904716K->82404K(1477888K), 0.0072660 secs] [Times: user=0.02 sys=0.00, real=0.01 secs] 
2014-07-08T04:19:06.759+0000: 304.974: [GC [PSYoungGen: 790880K->288K(761280K)] 873124K->82580K(1448256K), 0.0067810 secs] [Times: user=0.02 sys=0.00, real=0.01 secs] 
2014-07-08T04:19:08.386+0000: 306.602: [GC [PSYoungGen: 761248K->772K(733376K)] 843540K->83120K(1420352K), 0.0180710 secs] [Times: user=0.06 sys=0.01, real=0.02 secs] 
2014-07-08T04:19:09.929+0000: 308.145: [GC [PSYoungGen: 733316K->160K(705664K)] 815664K->82612K(1392640K), 0.0059120 secs] [Times: user=0.00 sys=0.00, real=0.01 secs] 
2014-07-08T04:19:11.433+0000: 309.649: [GC [PSYoungGen: 705632K->320K(680000K)] 788084K->82900K(1366976K), 0.0061230 secs] [Times: user=0.01 sys=0.00, real=0.00 secs] 
2014-07-08T04:19:12.884+0000: 311.100: [GC [PSYoungGen: 680000K->320K(655360K)] 762580K->83004K(1342336K), 0.0055750 secs] [Times: user=0.01 sys=0.01, real=0.01 secs] 
2014-07-08T04:19:14.284+0000: 312.500: [GC [PSYoungGen: 655360K->402K(632000K)] 738044K->83126K(1318976K), 0.0213630 secs] [Times: user=0.07 sys=0.00, real=0.02 secs] 
2014-07-08T04:19:15.624+0000: 313.840: [GC [PSYoungGen: 631954K->224K(609408K)] 714678K->82988K(1296384K), 0.0034030 secs] [Times: user=0.01 sys=0.00, real=0.00 secs] 
2014-07-08T04:19:16.935+0000: 315.151: [GC [PSYoungGen: 609331K->438K(588224K)] 692096K->83250K(1275200K), 0.0074920 secs] [Times: user=0.02 sys=0.00, real=0.01 secs] 
2014-07-08T04:19:18.177+0000: 316.393: [GC [PSYoungGen: 588214K->224K(567616K)] 671026K->83196K(1254592K), 0.0144980 secs] [Times: user=0.06 sys=0.01, real=0.02 secs] 
2014-07-08T04:19:19.386+0000: 317.601: [GC [PSYoungGen: 567584K->384K(548288K)] 650556K->83452K(1235264K), 0.0069300 secs] [Times: user=0.02 sys=0.00, real=0.01 secs] 
2014-07-08T04:19:20.575+0000: 318.791: [GC [PSYoungGen: 548288K->562K(529856K)] 631356K->83702K(1216832K), 0.0110120 secs] [Times: user=0.03 sys=0.00, real=0.01 secs] 
2014-07-08T04:19:21.681+0000: 319.896: [GC [PSYoungGen: 529842K->384K(511872K)] 612982K->83620K(1198848K), 0.0074280 secs] [Times: user=0.01 sys=0.00, real=0.01 secs] 
2014-07-08T04:19:22.768+0000: 320.984: [GC [PSYoungGen: 511792K->196K(494784K)] 595028K->83496K(1181760K), 0.0118700 secs] [Times: user=0.04 sys=0.01, real=0.01 secs] 
2014-07-08T04:19:23.840+0000: 322.056: [GC [PSYoungGen: 494724K->320K(478656K)] 578024K->83652K(1165632K), 0.0050620 secs] [Times: user=0.01 sys=0.00, real=0.01 secs] 
2014-07-08T04:19:24.833+0000: 323.049: [GC [PSYoungGen: 478649K->224K(463104K)] 561982K->83588K(1150080K), 0.0043550 secs] [Times: user=0.00 sys=0.01, real=0.00 secs] 
2014-07-08T04:19:25.816+0000: 324.032: [GC [PSYoungGen: 463069K->128K(555584K)] 546434K->83516K(1242560K), 0.0314120 secs] [Times: user=0.11 sys=0.00, real=0.03 secs] 
2014-07-08T04:19:26.999+0000: 325.214: [GC [PSYoungGen: 555584K->192K(666752K)] 638972K->83596K(1353728K), 0.0043300 secs] [Times: user=0.01 sys=0.00, real=0.01 secs] 
2014-07-08T04:19:28.424+0000: 326.640: [GC [PSYoungGen: 666752K->608K(643200K)] 750156K->84092K(1330176K), 0.0052850 secs] [Times: user=0.01 sys=0.00, real=0.00 secs] 
2014-07-08T04:19:29.777+0000: 327.993: [GC [PSYoungGen: 643131K->256K(619904K)] 726615K->83852K(1306880K), 0.0037100 secs] [Times: user=0.01 sys=0.00, real=0.00 secs] 
2014-07-08T04:19:31.158+0000: 329.374: [GC [PSYoungGen: 619898K->804K(598656K)] 703495K->84656K(1285632K), 0.0087080 secs] [Times: user=0.03 sys=0.00, real=0.01 secs] 
2014-07-08T04:19:32.388+0000: 330.604: [GC [PSYoungGen: 598628K->868K(577856K)] 682480K->84832K(1264832K), 0.0075850 secs] [Times: user=0.01 sys=0.00, real=0.01 secs] 
2014-07-08T04:19:33.610+0000: 331.825: [GC [PSYoungGen: 577828K->288K(557376K)] 661792K->84404K(1244352K), 0.0060170 secs] [Times: user=0.01 sys=0.00, real=0.01 secs] 
2014-07-08T04:19:34.786+0000: 333.002: [GC [PSYoungGen: 557287K->128K(538176K)] 641404K->84316K(1225152K), 0.0086120 secs] [Times: user=0.04 sys=0.01, real=0.01 secs] 
2014-07-08T04:19:35.930+0000: 334.145: [GC [PSYoungGen: 538176K->228K(520128K)] 622364K->84440K(1207104K), 0.0056650 secs] [Times: user=0.02 sys=0.00, real=0.01 secs] 
2014-07-08T04:19:37.039+0000: 335.254: [GC [PSYoungGen: 520054K->242K(502784K)] 604266K->84486K(1189760K), 0.0037700 secs] [Times: user=0.01 sys=0.00, real=0.00 secs] 
2014-07-08T04:19:38.110+0000: 336.326: [GC [PSYoungGen: 502715K->256K(486208K)] 586959K->84596K(1173184K), 0.0034750 secs] [Times: user=0.00 sys=0.00, real=0.00 secs] 
2014-07-08T04:19:39.142+0000: 337.358: [GC [PSYoungGen: 486208K->384K(470464K)] 570548K->84828K(1157440K), 0.0103980 secs] [Times: user=0.04 sys=0.00, real=0.01 secs] 
2014-07-08T04:19:40.139+0000: 338.355: [GC [PSYoungGen: 470390K->260K(455232K)] 554835K->84816K(1142208K), 0.0106040 secs] [Times: user=0.03 sys=0.00, real=0.01 secs] 
2014-07-08T04:19:41.108+0000: 339.323: [GC [PSYoungGen: 455172K->192K(440640K)] 539728K->84804K(1127616K), 0.0038220 secs] [Times: user=0.01 sys=0.00, real=0.00 secs] 
2014-07-08T04:19:42.049+0000: 340.265: [GC [PSYoungGen: 440614K->388K(427008K)] 525227K->85064K(1113984K), 0.0059550 secs] [Times: user=0.02 sys=0.00, real=0.01 secs] 
2014-07-08T04:19:42.962+0000: 341.177: [GC [PSYoungGen: 426948K->224K(413568K)] 511624K->84988K(1100544K), 0.0040260 secs] [Times: user=0.01 sys=0.00, real=0.01 secs] 
2014-07-08T04:19:43.841+0000: 342.057: [GC [PSYoungGen: 413531K->320K(496320K)] 498296K->85116K(1183296K), 0.0242130 secs] [Times: user=0.08 sys=0.00, real=0.03 secs] 
2014-07-08T04:19:44.889+0000: 343.105: [GC [PSYoungGen: 496320K->128K(479872K)] 581116K->84940K(1166848K), 0.0051240 secs] [Times: user=0.01 sys=0.01, real=0.00 secs] 
2014-07-08T04:19:45.980+0000: 344.195: [GC [PSYoungGen: 479872K->640K(576384K)] 564684K->85476K(1263360K), 0.0245600 secs] [Times: user=0.08 sys=0.01, real=0.02 secs] 
2014-07-08T04:19:47.134+0000: 345.349: [GC [PSYoungGen: 576384K->338K(691328K)] 661220K->85230K(1378304K), 0.0059930 secs] [Times: user=0.01 sys=0.00, real=0.01 secs] 
2014-07-08T04:19:48.622+0000: 346.838: [GC [PSYoungGen: 691282K->420K(666240K)] 776174K->85440K(1353216K), 0.0041290 secs] [Times: user=0.01 sys=0.00, real=0.01 secs] 
2014-07-08T04:19:50.017+0000: 348.233: [GC [PSYoungGen: 666212K->224K(642112K)] 751232K->85380K(1329088K), 0.0123230 secs] [Times: user=0.05 sys=0.00, real=0.01 secs] 
2014-07-08T04:19:51.455+0000: 349.670: [GC [PSYoungGen: 642045K->758K(619776K)] 727202K->86090K(1306752K), 0.0041000 secs] [Times: user=0.01 sys=0.00, real=0.01 secs] 
2014-07-08T04:19:52.713+0000: 350.929: [GC [PSYoungGen: 619766K->534K(597760K)] 705098K->85962K(1284736K), 0.0114700 secs] [Times: user=0.04 sys=0.00, real=0.01 secs] 
2014-07-08T04:19:53.971+0000: 352.186: [GC [PSYoungGen: 597688K->228K(576640K)] 683117K->85744K(1263616K), 0.0037060 secs] [Times: user=0.00 sys=0.00, real=0.00 secs] 
2014-07-08T04:19:55.199+0000: 353.414: [GC [PSYoungGen: 576612K->192K(556672K)] 662128K->85756K(1243648K), 0.0037580 secs] [Times: user=0.00 sys=0.00, real=0.00 secs] 
2014-07-08T04:19:56.462+0000: 354.677: [GC [PSYoungGen: 556672K->896K(538368K)] 642236K->86580K(1225344K), 0.0070020 secs] [Times: user=0.01 sys=0.00, real=0.01 secs] 
2014-07-08T04:19:57.546+0000: 355.762: [GC [PSYoungGen: 538368K->594K(520000K)] 624052K->86334K(1206976K), 0.0063760 secs] [Times: user=0.01 sys=0.00, real=0.01 secs] 
2014-07-08T04:19:58.628+0000: 356.844: [GC [PSYoungGen: 519865K->292K(502336K)] 605605K->86192K(1189312K), 0.0087680 secs] [Times: user=0.03 sys=0.00, real=0.01 secs] 
2014-07-08T04:19:59.701+0000: 357.917: [GC [PSYoungGen: 502308K->288K(485760K)] 588208K->86260K(1172736K), 0.0043440 secs] [Times: user=0.01 sys=0.00, real=0.00 secs] 
2014-07-08T04:20:00.731+0000: 358.947: [GC [PSYoungGen: 485728K->146K(469824K)] 571700K->86174K(1156800K), 0.0053170 secs] [Times: user=0.01 sys=0.00, real=0.00 secs] 
2014-07-08T04:20:01.841+0000: 360.057: [GC [PSYoungGen: 469729K->826K(455360K)] 555758K->86926K(1142336K), 0.0059450 secs] [Times: user=0.01 sys=0.00, real=0.00 secs] 
2014-07-08T04:20:02.702+0000: 360.918: [GC [PSYoungGen: 455354K->256K(440320K)] 541454K->86476K(1127296K), 0.0043540 secs] [Times: user=0.01 sys=0.01, real=0.00 secs] 
2014-07-08T04:20:03.652+0000: 361.868: [GC [PSYoungGen: 440320K->128K(426368K)] 526540K->86372K(1113344K), 0.0064620 secs] [Times: user=0.01 sys=0.00, real=0.01 secs] 
2014-07-08T04:20:04.567+0000: 362.783: [GC [PSYoungGen: 426368K->192K(413184K)] 512612K->86460K(1100160K), 0.0057800 secs] [Times: user=0.01 sys=0.00, real=0.01 secs] 
2014-07-08T04:20:05.450+0000: 363.666: [GC [PSYoungGen: 413184K->498K(400832K)] 499452K->86790K(1087808K), 0.0036620 secs] [Times: user=0.01 sys=0.00, real=0.00 secs] 
2014-07-08T04:20:06.289+0000: 364.505: [GC [PSYoungGen: 400818K->242K(388416K)] 487110K->86550K(1075392K), 0.0058640 secs] [Times: user=0.01 sys=0.00, real=0.00 secs] 
2014-07-08T04:20:07.110+0000: 365.326: [GC [PSYoungGen: 388402K->224K(376768K)] 474710K->86548K(1063744K), 0.0057000 secs] [Times: user=0.00 sys=0.00, real=0.00 secs] 
2014-07-08T04:20:07.915+0000: 366.131: [GC [PSYoungGen: 376736K->228K(365632K)] 463060K->86656K(1052608K), 0.0171230 secs] [Times: user=0.06 sys=0.00, real=0.02 secs] 
2014-07-08T04:20:08.738+0000: 366.953: [GC [PSYoungGen: 365604K->658K(439168K)] 452032K->87190K(1126144K), 0.0121330 secs] [Times: user=0.04 sys=0.00, real=0.02 secs] 
2014-07-08T04:20:09.628+0000: 367.844: [GC [PSYoungGen: 439025K->292K(425024K)] 525558K->86904K(1112000K), 0.0063980 secs] [Times: user=0.01 sys=0.00, real=0.01 secs] 
2014-07-08T04:20:10.568+0000: 368.783: [GC [PSYoungGen: 424996K->818K(412352K)] 511608K->87494K(1099328K), 0.0073160 secs] [Times: user=0.01 sys=0.00, real=0.01 secs] 
2014-07-08T04:20:11.406+0000: 369.622: [GC [PSYoungGen: 412327K->630K(399552K)] 499003K->87362K(1086528K), 0.0045930 secs] [Times: user=0.02 sys=0.00, real=0.01 secs] 
2014-07-08T04:20:12.246+0000: 370.462: [GC [PSYoungGen: 399542K->160K(387008K)] 486274K->86916K(1073984K), 0.0039420 secs] [Times: user=0.01 sys=0.00, real=0.01 secs] 
2014-07-08T04:20:13.074+0000: 371.290: [GC [PSYoungGen: 386976K->288K(375552K)] 473732K->87116K(1062528K), 0.0123230 secs] [Times: user=0.04 sys=0.00, real=0.01 secs] 
2014-07-08T04:20:13.876+0000: 372.092: [GC [PSYoungGen: 375520K->128K(364288K)] 462348K->86980K(1051264K), 0.0079020 secs] [Times: user=0.03 sys=0.00, real=0.01 secs] 
2014-07-08T04:20:14.666+0000: 372.882: [GC [PSYoungGen: 364288K->128K(353664K)] 451140K->87036K(1040640K), 0.0070710 secs] [Times: user=0.02 sys=0.00, real=0.01 secs] 
2014-07-08T04:20:15.418+0000: 373.634: [GC [PSYoungGen: 353664K->306K(344320K)] 440572K->87246K(1031296K), 0.0052440 secs] [Times: user=0.02 sys=0.01, real=0.01 secs] 
2014-07-08T04:20:16.140+0000: 374.355: [GC [PSYoungGen: 343665K->160K(333760K)] 430606K->87132K(1020736K), 0.0039160 secs] [Times: user=0.01 sys=0.00, real=0.01 secs] 
2014-07-08T04:20:16.950+0000: 375.165: [GC [PSYoungGen: 333728K->754K(324928K)] 420700K->87758K(1011904K), 0.0032800 secs] [Times: user=0.01 sys=0.00, real=0.01 secs] 
2014-07-08T04:20:17.572+0000: 375.787: [GC [PSYoungGen: 324908K->786K(315968K)] 411913K->87918K(1002944K), 0.0046520 secs] [Times: user=0.02 sys=0.00, real=0.00 secs] 
2014-07-08T04:20:18.213+0000: 376.429: [GC [PSYoungGen: 315871K->278K(306816K)] 403004K->87490K(993792K), 0.0030440 secs] [Times: user=0.01 sys=0.00, real=0.00 secs] 
2014-07-08T04:20:18.865+0000: 377.081: [GC [PSYoungGen: 306774K->160K(298368K)] 393986K->87404K(985344K), 0.0077190 secs] [Times: user=0.02 sys=0.00, real=0.01 secs] 
2014-07-08T04:20:19.534+0000: 377.749: [GC [PSYoungGen: 298336K->658K(290944K)] 385580K->87950K(977920K), 0.0053960 secs] [Times: user=0.01 sys=0.00, real=0.00 secs] 
2014-07-08T04:20:20.121+0000: 378.337: [GC [PSYoungGen: 290897K->274K(282880K)] 378189K->87598K(969856K), 0.0061380 secs] [Times: user=0.03 sys=0.00, real=0.00 secs] 
2014-07-08T04:20:20.722+0000: 378.938: [GC [PSYoungGen: 282834K->128K(275328K)] 370158K->87484K(962304K), 0.0043390 secs] [Times: user=0.01 sys=0.00, real=0.00 secs] 
2014-07-08T04:20:21.318+0000: 379.534: [GC [PSYoungGen: 275327K->434K(330688K)] 362684K->87822K(1017664K), 0.0131810 secs] [Times: user=0.05 sys=0.00, real=0.02 secs] 
2014-07-08T04:20:22.017+0000: 380.233: [GC [PSYoungGen: 330674K->224K(396544K)] 418062K->87620K(1083520K), 0.0054740 secs] [Times: user=0.01 sys=0.00, real=0.01 secs] 
2014-07-08T04:20:22.866+0000: 381.081: [GC [PSYoungGen: 396512K->192K(384512K)] 483908K->87652K(1071488K), 0.0044400 secs] [Times: user=0.01 sys=0.00, real=0.00 secs] 
2014-07-08T04:20:23.762+0000: 381.977: [GC [PSYoungGen: 384512K->708K(373632K)] 471972K->88200K(1060608K), 0.0109640 secs] [Times: user=0.04 sys=0.00, real=0.01 secs] 
2014-07-08T04:20:24.505+0000: 382.721: [GC [PSYoungGen: 373572K->640K(448128K)] 461064K->88196K(1135104K), 0.0125360 secs] [Times: user=0.05 sys=0.00, real=0.01 secs] 
2014-07-08T04:20:25.461+0000: 383.676: [GC [PSYoungGen: 448030K->818K(434176K)] 535587K->88414K(1121152K), 0.0048790 secs] [Times: user=0.01 sys=0.00, real=0.01 secs] 
2014-07-08T04:20:26.362+0000: 384.578: [GC [PSYoungGen: 434152K->356K(420160K)] 521749K->87976K(1107136K), 0.0037520 secs] [Times: user=0.01 sys=0.00, real=0.00 secs] 
2014-07-08T04:20:27.258+0000: 385.474: [GC [PSYoungGen: 420132K->320K(407104K)] 507752K->87964K(1094080K), 0.0110680 secs] [Times: user=0.04 sys=0.00, real=0.01 secs] 
2014-07-08T04:20:28.120+0000: 386.336: [GC [PSYoungGen: 407104K->388K(488640K)] 494748K->88152K(1175616K), 0.0353930 secs] [Times: user=0.13 sys=0.00, real=0.04 secs] 
2014-07-08T04:20:29.161+0000: 387.377: [GC [PSYoungGen: 488580K->224K(586112K)] 576344K->88084K(1273088K), 0.0110830 secs] [Times: user=0.03 sys=0.00, real=0.02 secs] 
2014-07-08T04:20:30.423+0000: 388.639: [GC [PSYoungGen: 586080K->658K(703744K)] 673940K->88582K(1390720K), 0.0270140 secs] [Times: user=0.11 sys=0.00, real=0.02 secs] 
2014-07-08T04:20:31.987+0000: 390.203: [GC [PSYoungGen: 703698K->320K(843968K)] 791622K->88292K(1530944K), 0.0041500 secs] [Times: user=0.01 sys=0.00, real=0.00 secs] 
2014-07-08T04:20:33.717+0000: 391.932: [GC [PSYoungGen: 843968K->128K(1012544K)] 931940K->88284K(1699520K), 0.0031060 secs] [Times: user=0.01 sys=0.00, real=0.00 secs] 
2014-07-08T04:20:35.872+0000: 394.088: [GC [PSYoungGen: 1012544K->512K(972608K)] 1100700K->88732K(1659584K), 0.0068210 secs] [Times: user=0.02 sys=0.00, real=0.01 secs] 
2014-07-08T04:20:37.989+0000: 396.205: [GC [PSYoungGen: 972608K->726K(934464K)] 1060828K->89010K(1621440K), 0.0112260 secs] [Times: user=0.04 sys=0.00, real=0.01 secs] 
2014-07-08T04:20:39.938+0000: 398.153: [GC [PSYoungGen: 934422K->338K(897536K)] 1022706K->88846K(1584512K), 0.0153700 secs] [Times: user=0.05 sys=0.01, real=0.01 secs] 
2014-07-08T04:20:41.853+0000: 400.068: [GC [PSYoungGen: 897457K->288K(862656K)] 985965K->88876K(1549632K), 0.0261580 secs] [Times: user=0.08 sys=0.00, real=0.03 secs] 
2014-07-08T04:20:43.704+0000: 401.919: [GC [PSYoungGen: 862624K->306K(1035136K)] 951212K->88990K(1722112K), 0.0271860 secs] [Times: user=0.09 sys=0.00, real=0.03 secs] 
2014-07-08T04:20:45.964+0000: 404.180: [GC [PSYoungGen: 1035089K->658K(994112K)] 1123774K->89406K(1681088K), 0.0041340 secs] [Times: user=0.01 sys=0.00, real=0.00 secs] 
2014-07-08T04:20:48.010+0000: 406.226: [GC [PSYoungGen: 994066K->502K(954496K)] 1082814K->89322K(1641472K), 0.0049090 secs] [Times: user=0.01 sys=0.00, real=0.01 secs] 
2014-07-08T04:20:50.043+0000: 408.259: [GC [PSYoungGen: 954486K->224K(916736K)] 1043306K->89236K(1603712K), 0.0175770 secs] [Times: user=0.07 sys=0.00, real=0.02 secs] 
2014-07-08T04:20:52.017+0000: 410.233: [GC [PSYoungGen: 916704K->484K(881280K)] 1005716K->89592K(1568256K), 0.0056850 secs] [Times: user=0.01 sys=0.00, real=0.00 secs] 
2014-07-08T04:20:53.873+0000: 412.089: [GC [PSYoungGen: 881157K->160K(846912K)] 970266K->89364K(1533888K), 0.0086430 secs] [Times: user=0.03 sys=0.00, real=0.01 secs] 
2014-07-08T04:20:55.693+0000: 413.909: [GC [PSYoungGen: 846880K->320K(814592K)] 936084K->89604K(1501568K), 0.0041110 secs] [Times: user=0.02 sys=0.00, real=0.01 secs] 
2014-07-08T04:20:57.432+0000: 415.648: [GC [PSYoungGen: 814592K->594K(784000K)] 903876K->89934K(1470976K), 0.0072410 secs] [Times: user=0.03 sys=0.00, real=0.01 secs] 
2014-07-08T04:20:59.092+0000: 417.308: [GC [PSYoungGen: 783954K->256K(754176K)] 873294K->89732K(1441152K), 0.0047450 secs] [Times: user=0.02 sys=0.00, real=0.01 secs] 
2014-07-08T04:21:00.693+0000: 418.909: [GC [PSYoungGen: 754176K->242K(726144K)] 843652K->89814K(1413120K), 0.0042100 secs] [Times: user=0.01 sys=0.00, real=0.01 secs] 
2014-07-08T04:21:02.232+0000: 420.448: [GC [PSYoungGen: 726130K->224K(699392K)] 815702K->89940K(1386368K), 0.0065700 secs] [Times: user=0.01 sys=0.00, real=0.01 secs] 
2014-07-08T04:21:03.726+0000: 421.942: [GC [PSYoungGen: 699360K->128K(673728K)] 789076K->89908K(1360704K), 0.0039420 secs] [Times: user=0.01 sys=0.00, real=0.01 secs] 
2014-07-08T04:21:05.164+0000: 423.379: [GC [PSYoungGen: 673728K->256K(649536K)] 763508K->90076K(1336512K), 0.0038880 secs] [Times: user=0.01 sys=0.00, real=0.01 secs] 
2014-07-08T04:21:06.565+0000: 424.780: [GC [PSYoungGen: 649536K->576K(626624K)] 739356K->90420K(1313600K), 0.0037160 secs] [Times: user=0.01 sys=0.00, real=0.01 secs] 
2014-07-08T04:21:07.942+0000: 426.158: [GC [PSYoungGen: 626624K->658K(604608K)] 716468K->90582K(1291584K), 0.0321500 secs] [Times: user=0.11 sys=0.00, real=0.03 secs] 
2014-07-08T04:21:09.174+0000: 427.389: [GC [PSYoungGen: 604562K->256K(583040K)] 694486K->90404K(1270016K), 0.0059500 secs] [Times: user=0.03 sys=0.00, real=0.01 secs] 
2014-07-08T04:21:10.437+0000: 428.652: [GC [PSYoungGen: 583040K->466K(563136K)] 673188K->90718K(1250112K), 0.0066630 secs] [Times: user=0.02 sys=0.00, real=0.01 secs] 
2014-07-08T04:21:11.635+0000: 429.851: [GC [PSYoungGen: 563090K->384K(543744K)] 653342K->90716K(1230720K), 0.0077520 secs] [Times: user=0.02 sys=0.00, real=0.01 secs] 
2014-07-08T04:21:12.775+0000: 430.990: [GC [PSYoungGen: 543744K->338K(525376K)] 634076K->90734K(1212352K), 0.0058150 secs] [Times: user=0.01 sys=0.01, real=0.01 secs] 
2014-07-08T04:21:13.891+0000: 432.107: [GC [PSYoungGen: 525330K->178K(507584K)] 615726K->90622K(1194560K), 0.0034010 secs] [Times: user=0.01 sys=0.00, real=0.00 secs] 
2014-07-08T04:21:15.054+0000: 433.270: [GC [PSYoungGen: 507570K->448K(491072K)] 598014K->90940K(1178048K), 0.0056330 secs] [Times: user=0.02 sys=0.01, real=0.01 secs] 
2014-07-08T04:21:16.025+0000: 434.241: [GC [PSYoungGen: 491072K->96K(474688K)] 581564K->90676K(1161664K), 0.0060520 secs] [Times: user=0.01 sys=0.00, real=0.01 secs] 
2014-07-08T04:21:17.040+0000: 435.256: [GC [PSYoungGen: 474587K->292K(459520K)] 565167K->90904K(1146496K), 0.0062610 secs] [Times: user=0.01 sys=0.00, real=0.00 secs] 
2014-07-08T04:21:18.020+0000: 436.236: [GC [PSYoungGen: 459492K->388K(444992K)] 550104K->91088K(1131968K), 0.0110730 secs] [Times: user=0.03 sys=0.01, real=0.01 secs] 
2014-07-08T04:21:18.969+0000: 437.184: [GC [PSYoungGen: 444932K->178K(430720K)] 535632K->91014K(1117696K), 0.0114200 secs] [Times: user=0.04 sys=0.00, real=0.02 secs] 
2014-07-08T04:21:19.888+0000: 438.103: [GC [PSYoungGen: 430706K->224K(417344K)] 521542K->91132K(1104320K), 0.0100090 secs] [Times: user=0.03 sys=0.01, real=0.01 secs] 
2014-07-08T04:21:20.787+0000: 439.003: [GC [PSYoungGen: 417249K->228K(404480K)] 508158K->91184K(1091456K), 0.0035310 secs] [Times: user=0.01 sys=0.00, real=0.01 secs] 
2014-07-08T04:21:21.687+0000: 439.902: [GC [PSYoungGen: 404452K->608K(485760K)] 495408K->91628K(1172736K), 0.0196250 secs] [Times: user=0.06 sys=0.01, real=0.02 secs] 
2014-07-08T04:21:22.722+0000: 440.938: [GC [PSYoungGen: 485728K->498K(469824K)] 576748K->91582K(1156800K), 0.0072740 secs] [Times: user=0.02 sys=0.00, real=0.00 secs] 
2014-07-08T04:21:23.681+0000: 441.896: [GC [PSYoungGen: 469810K->256K(454464K)] 560894K->91460K(1141440K), 0.0068870 secs] [Times: user=0.03 sys=0.00, real=0.00 secs] 
2014-07-08T04:21:24.676+0000: 442.891: [GC [PSYoungGen: 454464K->242K(545344K)] 545668K->91470K(1232320K), 0.0144970 secs] [Times: user=0.05 sys=0.00, real=0.02 secs] 
2014-07-08T04:21:25.813+0000: 444.028: [GC [PSYoungGen: 545330K->306K(526912K)] 636558K->91566K(1213888K), 0.0083350 secs] [Times: user=0.03 sys=0.00, real=0.01 secs] 
2014-07-08T04:21:26.933+0000: 445.148: [GC [PSYoungGen: 526898K->128K(509056K)] 618158K->91404K(1196032K), 0.0033650 secs] [Times: user=0.00 sys=0.00, real=0.00 secs] 
2014-07-08T04:21:28.027+0000: 446.242: [GC [PSYoungGen: 509056K->484K(492608K)] 600332K->91864K(1179584K), 0.0080730 secs] [Times: user=0.02 sys=0.00, real=0.01 secs] 
2014-07-08T04:21:29.099+0000: 447.314: [GC [PSYoungGen: 492536K->256K(476224K)] 583917K->91764K(1163200K), 0.0039410 secs] [Times: user=0.01 sys=0.00, real=0.01 secs] 
2014-07-08T04:21:30.093+0000: 448.308: [GC [PSYoungGen: 476224K->356K(460928K)] 567732K->91992K(1147904K), 0.0139800 secs] [Times: user=0.05 sys=0.00, real=0.01 secs] 
2014-07-08T04:21:31.077+0000: 449.292: [GC [PSYoungGen: 460900K->406K(446272K)] 552536K->92090K(1133248K), 0.0048710 secs] [Times: user=0.01 sys=0.00, real=0.01 secs] 
2014-07-08T04:21:32.030+0000: 450.245: [GC [PSYoungGen: 446230K->160K(431936K)] 537914K->91908K(1118912K), 0.0040480 secs] [Times: user=0.01 sys=0.00, real=0.01 secs] 
2014-07-08T04:21:32.960+0000: 451.175: [GC [PSYoungGen: 431904K->320K(418560K)] 523652K->92124K(1105536K), 0.0074880 secs] [Times: user=0.01 sys=0.00, real=0.01 secs] 
2014-07-08T04:21:33.857+0000: 452.073: [GC [PSYoungGen: 418560K->320K(405632K)] 510364K->92212K(1092608K), 0.0045960 secs] [Times: user=0.01 sys=0.00, real=0.01 secs] 
2014-07-08T04:21:34.742+0000: 452.957: [GC [PSYoungGen: 405632K->224K(393216K)] 497524K->92140K(1080192K), 0.0056580 secs] [Times: user=0.01 sys=0.00, real=0.01 secs] 
2014-07-08T04:21:35.626+0000: 453.842: [GC [PSYoungGen: 393184K->256K(381376K)] 485100K->92220K(1068352K), 0.0064250 secs] [Times: user=0.02 sys=0.00, real=0.01 secs] 
2014-07-08T04:21:36.371+0000: 454.586: [GC [PSYoungGen: 381376K->562K(370368K)] 473340K->92574K(1057344K), 0.0048020 secs] [Times: user=0.01 sys=0.00, real=0.01 secs] 
2014-07-08T04:21:37.149+0000: 455.364: [GC [PSYoungGen: 370326K->242K(359168K)] 462339K->92278K(1046144K), 0.0115450 secs] [Times: user=0.05 sys=0.00, real=0.01 secs] 
2014-07-08T04:21:37.935+0000: 456.151: [GC [PSYoungGen: 359154K->534K(431296K)] 451190K->92666K(1118272K), 0.0203940 secs] [Times: user=0.07 sys=0.00, real=0.02 secs] 
2014-07-08T04:21:38.842+0000: 457.057: [GC [PSYoungGen: 431254K->128K(516992K)] 523386K->92388K(1203968K), 0.0039290 secs] [Times: user=0.01 sys=0.00, real=0.01 secs] 
2014-07-08T04:21:39.948+0000: 458.164: [GC [PSYoungGen: 516992K->320K(499968K)] 609252K->92644K(1186944K), 0.0046680 secs] [Times: user=0.01 sys=0.00, real=0.01 secs] 
2014-07-08T04:21:41.010+0000: 459.226: [GC [PSYoungGen: 499968K->338K(483584K)] 592292K->92726K(1170560K), 0.0034810 secs] [Times: user=0.01 sys=0.00, real=0.01 secs] 
2014-07-08T04:21:42.045+0000: 460.260: [GC [PSYoungGen: 483458K->128K(467584K)] 575847K->92572K(1154560K), 0.0088020 secs] [Times: user=0.04 sys=0.00, real=0.01 secs] 
2014-07-08T04:21:43.134+0000: 461.350: [GC [PSYoungGen: 467584K->384K(452800K)] 560028K->92884K(1139776K), 0.0081280 secs] [Times: user=0.03 sys=0.00, real=0.00 secs] 
2014-07-08T04:21:44.011+0000: 462.227: [GC [PSYoungGen: 452800K->242K(438272K)] 545300K->92862K(1125248K), 0.0051860 secs] [Times: user=0.01 sys=0.00, real=0.01 secs] 
2014-07-08T04:21:44.958+0000: 463.174: [GC [PSYoungGen: 438258K->128K(424384K)] 530878K->92772K(1111360K), 0.0056150 secs] [Times: user=0.00 sys=0.00, real=0.01 secs] 
2014-07-08T04:21:45.854+0000: 464.070: [GC [PSYoungGen: 424384K->146K(411264K)] 517028K->92822K(1098240K), 0.0071130 secs] [Times: user=0.01 sys=0.00, real=0.01 secs] 
2014-07-08T04:21:46.733+0000: 464.949: [GC [PSYoungGen: 411218K->192K(398656K)] 503894K->92900K(1085632K), 0.0038750 secs] [Times: user=0.00 sys=0.00, real=0.01 secs] 
2014-07-08T04:21:47.647+0000: 465.863: [GC [PSYoungGen: 398656K->612K(478848K)] 491364K->93920K(1165824K), 0.0291300 secs] [Times: user=0.11 sys=0.00, real=0.03 secs] 
2014-07-08T04:21:48.663+0000: 466.879: [GC [PSYoungGen: 478820K->498K(574400K)] 572128K->94474K(1261376K), 0.0056020 secs] [Times: user=0.02 sys=0.00, real=0.01 secs] 
2014-07-08T04:21:49.823+0000: 468.039: [GC [PSYoungGen: 574386K->352K(689088K)] 668362K->94600K(1376064K), 0.0287750 secs] [Times: user=0.10 sys=0.00, real=0.03 secs] 
2014-07-08T04:21:51.290+0000: 469.506: [GC [PSYoungGen: 689056K->384K(826880K)] 783304K->94840K(1513856K), 0.0260540 secs] [Times: user=0.09 sys=0.00, real=0.03 secs] 
2014-07-08T04:21:53.051+0000: 471.267: [GC [PSYoungGen: 826880K->288K(992128K)] 921336K->94808K(1679104K), 0.0033490 secs] [Times: user=0.01 sys=0.00, real=0.00 secs] 
2014-07-08T04:21:55.158+0000: 473.374: [GC [PSYoungGen: 992096K->192K(952640K)] 1086616K->94792K(1639616K), 0.0047620 secs] [Times: user=0.01 sys=0.01, real=0.00 secs] 
2014-07-08T04:21:57.187+0000: 475.403: [GC [PSYoungGen: 952640K->224K(915264K)] 1047240K->94872K(1602240K), 0.0043100 secs] [Times: user=0.01 sys=0.00, real=0.00 secs] 
2014-07-08T04:21:59.136+0000: 477.352: [GC [PSYoungGen: 915232K->416K(879808K)] 1009880K->95216K(1566784K), 0.0071900 secs] [Times: user=0.03 sys=0.00, real=0.00 secs] 
2014-07-08T04:22:01.003+0000: 479.218: [GC [PSYoungGen: 879776K->256K(845632K)] 974576K->95192K(1532608K), 0.0115100 secs] [Times: user=0.04 sys=0.00, real=0.01 secs] 
2014-07-08T04:22:02.868+0000: 481.083: [GC [PSYoungGen: 845632K->882K(813888K)] 940568K->96122K(1500864K), 0.0070840 secs] [Times: user=0.01 sys=0.00, real=0.00 secs] 
2014-07-08T04:22:04.549+0000: 482.764: [GC [PSYoungGen: 813874K->466K(782656K)] 909114K->95794K(1469632K), 0.0085240 secs] [Times: user=0.03 sys=0.00, real=0.01 secs] 
2014-07-08T04:22:06.213+0000: 484.429: [GC [PSYoungGen: 782610K->224K(753024K)] 877938K->95688K(1440000K), 0.0031420 secs] [Times: user=0.01 sys=0.00, real=0.00 secs] 
2014-07-08T04:22:07.865+0000: 486.080: [GC [PSYoungGen: 752992K->1074K(725824K)] 848456K->96610K(1412800K), 0.0089570 secs] [Times: user=0.02 sys=0.00, real=0.01 secs] 
2014-07-08T04:22:09.361+0000: 487.577: [GC [PSYoungGen: 725795K->384K(698432K)] 821332K->96096K(1385408K), 0.0071260 secs] [Times: user=0.01 sys=0.00, real=0.01 secs] 
2014-07-08T04:22:10.848+0000: 489.064: [GC [PSYoungGen: 698432K->384K(672960K)] 794144K->96200K(1359936K), 0.0084270 secs] [Times: user=0.03 sys=0.00, real=0.00 secs] 
2014-07-08T04:22:12.286+0000: 490.502: [GC [PSYoungGen: 672954K->278K(648640K)] 768770K->96238K(1335616K), 0.0075850 secs] [Times: user=0.02 sys=0.00, real=0.01 secs] 
2014-07-08T04:22:13.684+0000: 491.899: [GC [PSYoungGen: 648598K->740K(625920K)] 744558K->96756K(1312896K), 0.0045470 secs] [Times: user=0.01 sys=0.00, real=0.01 secs] 
2014-07-08T04:22:14.997+0000: 493.213: [GC [PSYoungGen: 625892K->224K(603328K)] 721908K->96320K(1290304K), 0.0066270 secs] [Times: user=0.02 sys=0.00, real=0.01 secs] 
2014-07-08T04:22:16.285+0000: 494.500: [GC [PSYoungGen: 603296K->192K(582144K)] 699392K->96336K(1269120K), 0.0159490 secs] [Times: user=0.06 sys=0.00, real=0.02 secs] 
2014-07-08T04:22:17.548+0000: 495.764: [GC [PSYoungGen: 582072K->644K(562496K)] 678217K->96828K(1249472K), 0.0125030 secs] [Times: user=0.04 sys=0.00, real=0.01 secs] 
2014-07-08T04:22:18.733+0000: 496.948: [GC [PSYoungGen: 562436K->484K(543104K)] 658620K->96852K(1230080K), 0.0193260 secs] [Times: user=0.08 sys=0.00, real=0.02 secs] 
2014-07-08T04:22:19.892+0000: 498.108: [GC [PSYoungGen: 543076K->228K(524480K)] 639444K->96716K(1211456K), 0.0068470 secs] [Times: user=0.03 sys=0.00, real=0.01 secs] 
2014-07-08T04:22:21.016+0000: 499.232: [GC [PSYoungGen: 524452K->288K(507008K)] 620940K->96824K(1193984K), 0.0036290 secs] [Times: user=0.01 sys=0.00, real=0.01 secs] 
2014-07-08T04:22:22.103+0000: 500.319: [GC [PSYoungGen: 506976K->242K(490176K)] 603512K->96834K(1177152K), 0.0073210 secs] [Times: user=0.01 sys=0.00, real=0.01 secs] 
2014-07-08T04:22:23.241+0000: 501.457: [GC [PSYoungGen: 490162K->776K(474752K)] 586754K->97400K(1161728K), 0.0049760 secs] [Times: user=0.01 sys=0.00, real=0.00 secs] 
2014-07-08T04:22:24.150+0000: 502.366: [GC [PSYoungGen: 474637K->310K(458944K)] 571262K->97038K(1145920K), 0.0042830 secs] [Times: user=0.01 sys=0.00, real=0.00 secs] 
2014-07-08T04:22:25.133+0000: 503.349: [GC [PSYoungGen: 458934K->224K(444224K)] 555662K->96984K(1131200K), 0.0082520 secs] [Times: user=0.03 sys=0.01, real=0.01 secs] 
2014-07-08T04:22:26.083+0000: 504.299: [GC [PSYoungGen: 444192K->128K(430080K)] 540952K->96920K(1117056K), 0.0041110 secs] [Times: user=0.01 sys=0.00, real=0.00 secs] 
2014-07-08T04:22:27.007+0000: 505.223: [GC [PSYoungGen: 430080K->160K(516992K)] 526872K->96984K(1203968K), 0.0229490 secs] [Times: user=0.07 sys=0.00, real=0.03 secs] 
2014-07-08T04:22:28.169+0000: 506.384: [GC [PSYoungGen: 516066K->932K(499776K)] 612891K->98108K(1186752K), 0.0091280 secs] [Times: user=0.01 sys=0.01, real=0.01 secs] 
2014-07-08T04:22:29.185+0000: 507.400: [GC [PSYoungGen: 499748K->608K(483072K)] 596924K->97896K(1170048K), 0.0053220 secs] [Times: user=0.01 sys=0.00, real=0.01 secs] 
2014-07-08T04:22:30.204+0000: 508.420: [GC [PSYoungGen: 483038K->530K(467328K)] 580327K->97970K(1154304K), 0.0140050 secs] [Times: user=0.05 sys=0.00, real=0.01 secs] 
2014-07-08T04:22:31.196+0000: 509.412: [GC [PSYoungGen: 467279K->274K(452096K)] 564720K->97786K(1139072K), 0.0037900 secs] [Times: user=0.01 sys=0.00, real=0.00 secs] 
2014-07-08T04:22:32.165+0000: 510.381: [GC [PSYoungGen: 452050K->192K(437632K)] 549562K->97760K(1124608K), 0.0063380 secs] [Times: user=0.01 sys=0.00, real=0.01 secs] 
2014-07-08T04:22:33.092+0000: 511.308: [GC [PSYoungGen: 437632K->402K(525376K)] 535200K->98018K(1212352K), 0.0226000 secs] [Times: user=0.08 sys=0.00, real=0.02 secs] 
2014-07-08T04:22:34.215+0000: 512.431: [GC [PSYoungGen: 525241K->224K(630208K)] 622857K->97896K(1317184K), 0.0057960 secs] [Times: user=0.01 sys=0.00, real=0.00 secs] 
2014-07-08T04:22:35.578+0000: 513.794: [GC [PSYoungGen: 630176K->640K(608256K)] 727848K->98376K(1295232K), 0.0059490 secs] [Times: user=0.01 sys=0.00, real=0.01 secs] 
2014-07-08T04:22:36.883+0000: 515.099: [GC [PSYoungGen: 608204K->776K(729984K)] 705941K->98568K(1416960K), 0.0361770 secs] [Times: user=0.12 sys=0.00, real=0.03 secs] 
2014-07-08T04:22:38.478+0000: 516.694: [GC [PSYoungGen: 729928K->886K(875904K)] 827720K->98790K(1562880K), 0.0048880 secs] [Times: user=0.01 sys=0.01, real=0.01 secs] 
2014-07-08T04:22:40.278+0000: 518.493: [GC [PSYoungGen: 875894K->288K(1050368K)] 973798K->98368K(1737344K), 0.0157960 secs] [Times: user=0.05 sys=0.00, real=0.02 secs] 
2014-07-08T04:22:42.536+0000: 520.751: [GC [PSYoungGen: 1050335K->544K(1008512K)] 1148416K->98712K(1695488K), 0.0054520 secs] [Times: user=0.01 sys=0.00, real=0.00 secs] 
2014-07-08T04:22:44.721+0000: 522.937: [GC [PSYoungGen: 1008480K->576K(968384K)] 1106648K->98816K(1655360K), 0.0054640 secs] [Times: user=0.01 sys=0.00, real=0.01 secs] 
2014-07-08T04:22:46.769+0000: 524.984: [GC [PSYoungGen: 968384K->192K(929792K)] 1066624K->98576K(1616768K), 0.0034420 secs] [Times: user=0.01 sys=0.00, real=0.00 secs] 
2014-07-08T04:22:48.739+0000: 526.954: [GC [PSYoungGen: 929737K->420K(893696K)] 1028122K->98876K(1580672K), 0.0051000 secs] [Times: user=0.01 sys=0.00, real=0.01 secs] 
2014-07-08T04:22:50.706+0000: 528.922: [GC [PSYoungGen: 893666K->872K(859520K)] 992123K->99496K(1546496K), 0.0046670 secs] [Times: user=0.02 sys=0.01, real=0.00 secs] 
2014-07-08T04:22:52.493+0000: 530.709: [GC [PSYoungGen: 859496K->708K(826432K)] 958120K->99492K(1513408K), 0.0054780 secs] [Times: user=0.01 sys=0.00, real=0.01 secs] 
2014-07-08T04:22:54.231+0000: 532.446: [GC [PSYoungGen: 826334K->356K(794624K)] 925119K->99204K(1481600K), 0.0046250 secs] [Times: user=0.01 sys=0.00, real=0.01 secs] 
2014-07-08T04:22:55.925+0000: 534.140: [GC [PSYoungGen: 794596K->352K(764672K)] 893444K->99328K(1451648K), 0.0094840 secs] [Times: user=0.03 sys=0.00, real=0.01 secs] 
2014-07-08T04:22:57.594+0000: 535.809: [GC [PSYoungGen: 764640K->786K(736576K)] 863616K->99834K(1423552K), 0.0046680 secs] [Times: user=0.02 sys=0.00, real=0.01 secs] 
2014-07-08T04:22:59.114+0000: 537.330: [GC [PSYoungGen: 736460K->342K(708928K)] 835508K->99526K(1395904K), 0.0158330 secs] [Times: user=0.06 sys=0.01, real=0.02 secs] 
2014-07-08T04:23:00.683+0000: 538.899: [GC [PSYoungGen: 708886K->800K(683456K)] 808070K->100112K(1370432K), 0.0050880 secs] [Times: user=0.01 sys=0.00, real=0.01 secs] 
2014-07-08T04:23:02.106+0000: 540.322: [GC [PSYoungGen: 683424K->434K(658304K)] 782736K->99834K(1345280K), 0.0037970 secs] [Times: user=0.01 sys=0.00, real=0.00 secs] 
2014-07-08T04:23:03.497+0000: 541.713: [GC [PSYoungGen: 658285K->480K(634752K)] 757686K->99952K(1321728K), 0.0056200 secs] [Times: user=0.01 sys=0.00, real=0.00 secs] 
2014-07-08T04:23:04.842+0000: 543.057: [GC [PSYoungGen: 634720K->324K(612096K)] 734192K->99852K(1299072K), 0.0112450 secs] [Times: user=0.04 sys=0.00, real=0.01 secs] 
2014-07-08T04:23:06.146+0000: 544.362: [GC [PSYoungGen: 612036K->288K(590528K)] 711564K->99904K(1277504K), 0.0108880 secs] [Times: user=0.04 sys=0.00, real=0.01 secs] 
2014-07-08T04:23:07.409+0000: 545.625: [GC [PSYoungGen: 590496K->512K(570240K)] 690112K->100168K(1257216K), 0.0236860 secs] [Times: user=0.09 sys=0.00, real=0.02 secs] 
2014-07-08T04:23:08.769+0000: 546.985: [GC [PSYoungGen: 570152K->1000K(551168K)] 669809K->100968K(1238144K), 0.0051670 secs] [Times: user=0.02 sys=0.00, real=0.00 secs] 
2014-07-08T04:23:09.799+0000: 548.015: [GC [PSYoungGen: 551144K->544K(532032K)] 651112K->100704K(1219008K), 0.0091410 secs] [Times: user=0.02 sys=0.00, real=0.01 secs] 
2014-07-08T04:23:10.930+0000: 549.146: [GC [PSYoungGen: 532000K->274K(513920K)] 632160K->100562K(1200896K), 0.0126330 secs] [Times: user=0.04 sys=0.00, real=0.01 secs] 
2014-07-08T04:23:12.028+0000: 550.244: [GC [PSYoungGen: 513874K->260K(496832K)] 614162K->100612K(1183808K), 0.0046700 secs] [Times: user=0.01 sys=0.00, real=0.00 secs] 
2014-07-08T04:23:13.087+0000: 551.303: [GC [PSYoungGen: 496772K->128K(480320K)] 597124K->100520K(1167296K), 0.0066120 secs] [Times: user=0.01 sys=0.00, real=0.00 secs] 
2014-07-08T04:23:14.251+0000: 552.467: [GC [PSYoungGen: 480320K->754K(465344K)] 580712K->101218K(1152320K), 0.0109890 secs] [Times: user=0.03 sys=0.00, real=0.01 secs] 
2014-07-08T04:23:15.115+0000: 553.331: [GC [PSYoungGen: 465330K->128K(449792K)] 565794K->100696K(1136768K), 0.0039480 secs] [Times: user=0.01 sys=0.00, real=0.01 secs] 
2014-07-08T04:23:16.063+0000: 554.278: [GC [PSYoungGen: 449792K->242K(435648K)] 550360K->100866K(1122624K), 0.0162120 secs] [Times: user=0.06 sys=0.01, real=0.02 secs] 
2014-07-08T04:23:16.992+0000: 555.208: [GC [PSYoungGen: 435634K->192K(421952K)] 536258K->100848K(1108928K), 0.0038510 secs] [Times: user=0.01 sys=0.01, real=0.00 secs] 
2014-07-08T04:23:17.890+0000: 556.106: [GC [PSYoungGen: 421926K->274K(409024K)] 522583K->100994K(1096000K), 0.0084400 secs] [Times: user=0.03 sys=0.00, real=0.01 secs] 
2014-07-08T04:23:18.835+0000: 557.051: [GC [PSYoungGen: 408978K->1074K(397312K)] 509698K->101946K(1084288K), 0.0062440 secs] [Times: user=0.02 sys=0.00, real=0.01 secs] 
2014-07-08T04:23:19.636+0000: 557.852: [GC [PSYoungGen: 397253K->804K(385088K)] 498126K->101868K(1072064K), 0.0059400 secs] [Times: user=0.01 sys=0.00, real=0.01 secs] 
2014-07-08T04:23:20.438+0000: 558.654: [GC [PSYoungGen: 385059K->498K(373312K)] 486124K->101610K(1060288K), 0.0079550 secs] [Times: user=0.01 sys=0.00, real=0.00 secs] 
2014-07-08T04:23:21.226+0000: 559.442: [GC [PSYoungGen: 373230K->292K(362112K)] 474343K->101468K(1049088K), 0.0058270 secs] [Times: user=0.02 sys=0.00, real=0.01 secs] 
2014-07-08T04:23:21.998+0000: 560.213: [GC [PSYoungGen: 362084K->256K(434432K)] 463260K->101520K(1121408K), 0.0172030 secs] [Times: user=0.07 sys=0.00, real=0.02 secs] 
2014-07-08T04:23:22.922+0000: 561.137: [GC [PSYoungGen: 434432K->320K(521344K)] 535696K->101640K(1208320K), 0.0071860 secs] [Times: user=0.01 sys=0.00, real=0.01 secs] 
2014-07-08T04:23:24.044+0000: 562.260: [GC [PSYoungGen: 521344K->160K(503808K)] 622664K->101512K(1190784K), 0.0041940 secs] [Times: user=0.01 sys=0.00, real=0.01 secs] 
2014-07-08T04:23:25.111+0000: 563.327: [GC [PSYoungGen: 503776K->192K(487168K)] 605128K->101600K(1174144K), 0.0045140 secs] [Times: user=0.01 sys=0.00, real=0.00 secs] 
2014-07-08T04:23:26.156+0000: 564.372: [GC [PSYoungGen: 487089K->580K(585024K)] 588498K->102044K(1272000K), 0.0317150 secs] [Times: user=0.11 sys=0.00, real=0.03 secs] 
2014-07-08T04:23:27.396+0000: 565.612: [GC [PSYoungGen: 584964K->352K(701696K)] 686428K->101864K(1388672K), 0.0072180 secs] [Times: user=0.02 sys=0.00, real=0.01 secs] 
2014-07-08T04:23:28.934+0000: 567.150: [GC [PSYoungGen: 701664K->1074K(676800K)] 803176K->102722K(1363776K), 0.0074060 secs] [Times: user=0.01 sys=0.00, real=0.01 secs] 
2014-07-08T04:23:30.332+0000: 568.548: [GC [PSYoungGen: 676786K->288K(651584K)] 778434K->102104K(1338560K), 0.0107240 secs] [Times: user=0.04 sys=0.00, real=0.01 secs] 
2014-07-08T04:23:31.732+0000: 569.947: [GC [PSYoungGen: 651552K->242K(628224K)] 753368K->102130K(1315200K), 0.0040100 secs] [Times: user=0.01 sys=0.00, real=0.00 secs] 
2014-07-08T04:23:33.066+0000: 571.281: [GC [PSYoungGen: 628126K->342K(606144K)] 730015K->102310K(1293120K), 0.0139960 secs] [Times: user=0.05 sys=0.00, real=0.01 secs] 
2014-07-08T04:23:34.468+0000: 572.684: [GC [PSYoungGen: 606102K->1028K(585664K)] 708070K->103044K(1272640K), 0.0068560 secs] [Times: user=0.03 sys=0.00, real=0.01 secs] 
2014-07-08T04:23:35.629+0000: 573.845: [GC [PSYoungGen: 585604K->836K(565248K)] 687620K->102940K(1252224K), 0.0044580 secs] [Times: user=0.01 sys=0.00, real=0.01 secs] 
2014-07-08T04:23:36.819+0000: 575.035: [GC [PSYoungGen: 565188K->438K(545472K)] 667292K->102614K(1232448K), 0.0086150 secs] [Times: user=0.03 sys=0.00, real=0.01 secs] 
2014-07-08T04:23:37.972+0000: 576.188: [GC [PSYoungGen: 545462K->292K(526848K)] 647638K->102532K(1213824K), 0.0186990 secs] [Times: user=0.06 sys=0.00, real=0.02 secs] 
2014-07-08T04:23:39.130+0000: 577.346: [GC [PSYoungGen: 526820K->448K(509312K)] 629060K->102784K(1196288K), 0.0053750 secs] [Times: user=0.01 sys=0.00, real=0.01 secs] 
2014-07-08T04:23:40.181+0000: 578.397: [GC [PSYoungGen: 509312K->320K(492352K)] 611648K->102760K(1179328K), 0.0102740 secs] [Times: user=0.04 sys=0.00, real=0.01 secs] 
2014-07-08T04:23:41.249+0000: 579.465: [GC [PSYoungGen: 492352K->224K(476160K)] 594792K->102712K(1163136K), 0.0070790 secs] [Times: user=0.02 sys=0.00, real=0.01 secs] 
2014-07-08T04:23:42.255+0000: 580.470: [GC [PSYoungGen: 476128K->160K(460672K)] 578616K->102744K(1147648K), 0.0040240 secs] [Times: user=0.01 sys=0.00, real=0.00 secs] 
2014-07-08T04:23:43.245+0000: 581.461: [GC [PSYoungGen: 460640K->210K(446016K)] 563224K->102826K(1132992K), 0.0099400 secs] [Times: user=0.04 sys=0.00, real=0.01 secs] 
2014-07-08T04:23:44.207+0000: 582.423: [GC [PSYoungGen: 445970K->274K(432000K)] 548586K->102946K(1118976K), 0.0133340 secs] [Times: user=0.04 sys=0.00, real=0.01 secs] 
2014-07-08T04:23:45.113+0000: 583.329: [GC [PSYoungGen: 431893K->310K(418496K)] 534566K->103038K(1105472K), 0.0045750 secs] [Times: user=0.01 sys=0.00, real=0.00 secs] 
2014-07-08T04:23:46.010+0000: 584.225: [GC [PSYoungGen: 418485K->224K(405504K)] 521214K->102992K(1092480K), 0.0043820 secs] [Times: user=0.02 sys=0.00, real=0.01 secs] 
2014-07-08T04:23:46.874+0000: 585.090: [GC [PSYoungGen: 405472K->210K(486592K)] 508240K->103002K(1173568K), 0.0238660 secs] [Times: user=0.08 sys=0.00, real=0.02 secs] 
2014-07-08T04:23:47.994+0000: 586.210: [GC [PSYoungGen: 486546K->818K(584448K)] 589338K->103682K(1271424K), 0.0110680 secs] [Times: user=0.04 sys=0.00, real=0.01 secs] 
2014-07-08T04:23:49.208+0000: 587.424: [GC [PSYoungGen: 584432K->1060K(564480K)] 687296K->104092K(1251456K), 0.0040840 secs] [Times: user=0.02 sys=0.00, real=0.01 secs] 
2014-07-08T04:23:50.361+0000: 588.577: [GC [PSYoungGen: 564409K->310K(544448K)] 667441K->103422K(1231424K), 0.0087300 secs] [Times: user=0.03 sys=0.00, real=0.01 secs] 
2014-07-08T04:23:51.526+0000: 589.742: [GC [PSYoungGen: 544431K->480K(526208K)] 647544K->103640K(1213184K), 0.0043400 secs] [Times: user=0.02 sys=0.01, real=0.00 secs] 
2014-07-08T04:23:52.682+0000: 590.898: [GC [PSYoungGen: 526176K->672K(508800K)] 629336K->103888K(1195776K), 0.0076540 secs] [Times: user=0.01 sys=0.00, real=0.01 secs] 
2014-07-08T04:23:53.743+0000: 591.959: [GC [PSYoungGen: 508768K->736K(492032K)] 611984K->104008K(1179008K), 0.0081140 secs] [Times: user=0.02 sys=0.01, real=0.00 secs] 
2014-07-08T04:23:54.929+0000: 593.144: [GC [PSYoungGen: 492000K->676K(475904K)] 595272K->103996K(1162880K), 0.0044350 secs] [Times: user=0.01 sys=0.00, real=0.01 secs] 
2014-07-08T04:23:55.822+0000: 594.037: [GC [PSYoungGen: 475874K->256K(460096K)] 579195K->103712K(1147072K), 0.0037210 secs] [Times: user=0.01 sys=0.00, real=0.01 secs] 
2014-07-08T04:23:56.805+0000: 595.021: [GC [PSYoungGen: 460090K->320K(445440K)] 563547K->103824K(1132416K), 0.0100010 secs] [Times: user=0.03 sys=0.00, real=0.01 secs] 
2014-07-08T04:23:57.750+0000: 595.965: [GC [PSYoungGen: 445440K->384K(431424K)] 548944K->103976K(1118400K), 0.0075510 secs] [Times: user=0.03 sys=0.00, real=0.01 secs] 
2014-07-08T04:23:58.683+0000: 596.899: [GC [PSYoungGen: 431424K->626K(418240K)] 535016K->104338K(1105216K), 0.0147090 secs] [Times: user=0.04 sys=0.00, real=0.02 secs] 
2014-07-08T04:23:59.597+0000: 597.812: [GC [PSYoungGen: 418188K->580K(501760K)] 521901K->104364K(1188736K), 0.0136690 secs] [Times: user=0.05 sys=0.00, real=0.01 secs] 
2014-07-08T04:24:00.656+0000: 598.872: [GC [PSYoungGen: 501700K->896K(602240K)] 605484K->104752K(1289216K), 0.0102620 secs] [Times: user=0.03 sys=0.00, real=0.01 secs] 
2014-07-08T04:24:01.906+0000: 600.122: [GC [PSYoungGen: 602238K->338K(722048K)] 706095K->104250K(1409024K), 0.0195000 secs] [Times: user=0.06 sys=0.00, real=0.02 secs] 
2014-07-08T04:24:03.455+0000: 601.670: [GC [PSYoungGen: 721991K->548K(695680K)] 825904K->104540K(1382656K), 0.0048760 secs] [Times: user=0.01 sys=0.01, real=0.00 secs] 
2014-07-08T04:24:04.937+0000: 603.153: [GC [PSYoungGen: 695652K->274K(670080K)] 799644K->104322K(1357056K), 0.0129250 secs] [Times: user=0.04 sys=0.00, real=0.01 secs] 
2014-07-08T04:24:06.369+0000: 604.585: [GC [PSYoungGen: 669996K->224K(645888K)] 774044K->104376K(1332864K), 0.0043660 secs] [Times: user=0.02 sys=0.00, real=0.00 secs] 
2014-07-08T04:24:07.848+0000: 606.064: [GC [PSYoungGen: 645850K->1028K(623680K)] 750003K->105212K(1310656K), 0.0138870 secs] [Times: user=0.05 sys=0.01, real=0.01 secs] 
2014-07-08T04:24:09.080+0000: 607.296: [GC [PSYoungGen: 623620K->210K(600896K)] 727804K->104602K(1287872K), 0.0040710 secs] [Times: user=0.01 sys=0.00, real=0.00 secs] 
2014-07-08T04:24:10.364+0000: 608.580: [GC [PSYoungGen: 600850K->256K(579904K)] 705242K->104744K(1266880K), 0.0073450 secs] [Times: user=0.02 sys=0.00, real=0.01 secs] 
2014-07-08T04:24:11.639+0000: 609.854: [GC [PSYoungGen: 579904K->512K(560128K)] 684392K->105104K(1247104K), 0.0044510 secs] [Times: user=0.02 sys=0.00, real=0.00 secs] 
2014-07-08T04:24:12.821+0000: 611.037: [GC [PSYoungGen: 560128K->224K(540736K)] 664720K->104912K(1227712K), 0.0071260 secs] [Times: user=0.03 sys=0.01, real=0.01 secs] 
2014-07-08T04:24:13.986+0000: 612.201: [GC [PSYoungGen: 540704K->466K(522752K)] 645392K->105226K(1209728K), 0.0215270 secs] [Times: user=0.08 sys=0.00, real=0.03 secs] 
2014-07-08T04:24:15.081+0000: 613.297: [GC [PSYoungGen: 522702K->680K(505472K)] 627463K->105504K(1192448K), 0.0138620 secs] [Times: user=0.06 sys=0.00, real=0.01 secs] 
2014-07-08T04:24:16.156+0000: 614.372: [GC [PSYoungGen: 505448K->96K(488192K)] 610272K->104984K(1175168K), 0.0036100 secs] [Times: user=0.00 sys=0.00, real=0.00 secs] 
2014-07-08T04:24:17.202+0000: 615.417: [GC [PSYoungGen: 488149K->274K(473216K)] 593038K->105186K(1160192K), 0.0042580 secs] [Times: user=0.01 sys=0.00, real=0.00 secs] 
2014-07-08T04:24:18.208+0000: 616.423: [GC [PSYoungGen: 472402K->192K(457088K)] 577314K->105184K(1144064K), 0.0039990 secs] [Times: user=0.00 sys=0.00, real=0.00 secs] 
2014-07-08T04:24:19.185+0000: 617.401: [GC [PSYoungGen: 457036K->292K(442624K)] 562029K->105364K(1129600K), 0.0036920 secs] [Times: user=0.01 sys=0.00, real=0.01 secs] 
2014-07-08T04:24:20.252+0000: 618.468: [GC [PSYoungGen: 442587K->530K(428928K)] 547660K->105706K(1115904K), 0.0122030 secs] [Times: user=0.04 sys=0.00, real=0.01 secs] 
2014-07-08T04:24:21.064+0000: 619.280: [GC [PSYoungGen: 428882K->224K(415296K)] 534058K->105568K(1102272K), 0.0070220 secs] [Times: user=0.03 sys=0.00, real=0.01 secs] 
2014-07-08T04:24:21.947+0000: 620.163: [GC [PSYoungGen: 415190K->516K(402816K)] 520535K->105932K(1089792K), 0.0039520 secs] [Times: user=0.01 sys=0.00, real=0.00 secs] 
2014-07-08T04:24:22.817+0000: 621.033: [GC [PSYoungGen: 402756K->192K(390208K)] 508172K->105680K(1077184K), 0.0131300 secs] [Times: user=0.05 sys=0.00, real=0.01 secs] 
2014-07-08T04:24:23.734+0000: 621.950: [GC [PSYoungGen: 390208K->946K(379264K)] 495696K->106498K(1066240K), 0.0051530 secs] [Times: user=0.01 sys=0.00, real=0.01 secs] 
2014-07-08T04:24:24.441+0000: 622.657: [GC [PSYoungGen: 379250K->480K(454528K)] 484802K->106088K(1141504K), 0.0181850 secs] [Times: user=0.06 sys=0.00, real=0.02 secs] 
2014-07-08T04:24:25.416+0000: 623.632: [GC [PSYoungGen: 454468K->484K(545344K)] 560077K->106116K(1232320K), 0.0038600 secs] [Times: user=0.01 sys=0.00, real=0.01 secs] 
2014-07-08T04:24:26.591+0000: 624.806: [GC [PSYoungGen: 545259K->612K(527040K)] 650892K->106300K(1214016K), 0.0038920 secs] [Times: user=0.01 sys=0.00, real=0.00 secs] 
2014-07-08T04:24:27.760+0000: 625.975: [GC [PSYoungGen: 527012K->928K(509696K)] 632700K->106696K(1196672K), 0.0083390 secs] [Times: user=0.03 sys=0.00, real=0.00 secs] 
2014-07-08T04:24:28.809+0000: 627.025: [GC [PSYoungGen: 509664K->224K(492160K)] 615432K->106144K(1179136K), 0.0036700 secs] [Times: user=0.01 sys=0.00, real=0.00 secs] 
2014-07-08T04:24:29.865+0000: 628.080: [GC [PSYoungGen: 492128K->256K(476032K)] 598048K->106264K(1163008K), 0.0121670 secs] [Times: user=0.04 sys=0.00, real=0.01 secs] 
2014-07-08T04:24:30.875+0000: 629.091: [GC [PSYoungGen: 476032K->256K(460608K)] 582040K->106360K(1147584K), 0.0053580 secs] [Times: user=0.01 sys=0.00, real=0.01 secs] 
2014-07-08T04:24:31.855+0000: 630.071: [GC [PSYoungGen: 460608K->260K(445952K)] 566712K->106420K(1132928K), 0.0039090 secs] [Times: user=0.01 sys=0.00, real=0.01 secs] 
2014-07-08T04:24:32.959+0000: 631.175: [GC [PSYoungGen: 445890K->804K(432384K)] 552051K->107012K(1119360K), 0.0057290 secs] [Times: user=0.01 sys=0.00, real=0.00 secs] 
2014-07-08T04:24:33.750+0000: 631.966: [GC [PSYoungGen: 432356K->338K(418432K)] 538564K->106674K(1105408K), 0.0101050 secs] [Times: user=0.03 sys=0.00, real=0.01 secs] 
2014-07-08T04:24:34.668+0000: 632.883: [GC [PSYoungGen: 418386K->562K(405696K)] 524722K->106946K(1092672K), 0.0039530 secs] [Times: user=0.02 sys=0.00, real=0.01 secs] 
2014-07-08T04:24:35.496+0000: 633.712: [GC [PSYoungGen: 405682K->612K(393408K)] 512066K->107020K(1080384K), 0.0075620 secs] [Times: user=0.01 sys=0.00, real=0.01 secs] 
2014-07-08T04:24:36.323+0000: 634.539: [GC [PSYoungGen: 393302K->178K(381120K)] 499711K->106626K(1068096K), 0.0094620 secs] [Times: user=0.03 sys=0.01, real=0.01 secs] 
2014-07-08T04:24:37.133+0000: 635.349: [GC [PSYoungGen: 381106K->306K(369920K)] 487554K->106786K(1056896K), 0.0108080 secs] [Times: user=0.04 sys=0.00, real=0.01 secs] 
2014-07-08T04:24:37.923+0000: 636.139: [GC [PSYoungGen: 369906K->288K(359040K)] 476386K->106840K(1046016K), 0.0058650 secs] [Times: user=0.01 sys=0.00, real=0.00 secs] 
2014-07-08T04:24:38.720+0000: 636.936: [GC [PSYoungGen: 359007K->576K(348864K)] 465560K->107200K(1035840K), 0.0057980 secs] [Times: user=0.02 sys=0.00, real=0.00 secs] 
2014-07-08T04:24:39.456+0000: 637.672: [GC [PSYoungGen: 348864K->804K(418816K)] 455488K->107500K(1105792K), 0.0421520 secs] [Times: user=0.16 sys=0.00, real=0.04 secs] 
2014-07-08T04:24:40.336+0000: 638.552: [GC [PSYoungGen: 418752K->356K(502016K)] 525449K->107132K(1188992K), 0.0056450 secs] [Times: user=0.02 sys=0.01, real=0.01 secs] 
2014-07-08T04:24:41.404+0000: 639.619: [GC [PSYoungGen: 501988K->548K(602560K)] 608764K->107412K(1289536K), 0.0167290 secs] [Times: user=0.06 sys=0.00, real=0.02 secs] 
2014-07-08T04:24:42.713+0000: 640.929: [GC [PSYoungGen: 602532K->612K(723072K)] 709396K->107548K(1410048K), 0.0106140 secs] [Times: user=0.04 sys=0.01, real=0.01 secs] 
2014-07-08T04:24:44.235+0000: 642.451: [GC [PSYoungGen: 723044K->160K(867136K)] 829980K->107144K(1554112K), 0.0060210 secs] [Times: user=0.01 sys=0.00, real=0.00 secs] 
2014-07-08T04:24:46.084+0000: 644.300: [GC [PSYoungGen: 867104K->192K(1040576K)] 974088K->107224K(1727552K), 0.0116690 secs] [Times: user=0.04 sys=0.00, real=0.01 secs] 
2014-07-08T04:24:48.323+0000: 646.539: [GC [PSYoungGen: 1040526K->516K(999296K)] 1147559K->107668K(1686272K), 0.0066300 secs] [Times: user=0.02 sys=0.00, real=0.00 secs] 
2014-07-08T04:24:50.477+0000: 648.692: [GC [PSYoungGen: 999236K->900K(960000K)] 1106388K->108244K(1646976K), 0.0056810 secs] [Times: user=0.02 sys=0.00, real=0.01 secs] 
2014-07-08T04:24:52.527+0000: 650.743: [GC [PSYoungGen: 959940K->416K(921728K)] 1067284K->107912K(1608704K), 0.0104270 secs] [Times: user=0.04 sys=0.00, real=0.01 secs] 
2014-07-08T04:24:54.485+0000: 652.700: [GC [PSYoungGen: 921638K->598K(885952K)] 1029135K->108230K(1572928K), 0.0090760 secs] [Times: user=0.04 sys=0.00, real=0.01 secs] 
2014-07-08T04:24:56.376+0000: 654.591: [GC [PSYoungGen: 885910K->160K(851264K)] 993542K->107848K(1538240K), 0.0066840 secs] [Times: user=0.02 sys=0.00, real=0.00 secs] 
2014-07-08T04:24:58.192+0000: 656.408: [GC [PSYoungGen: 851232K->192K(818624K)] 958920K->107944K(1505600K), 0.0038930 secs] [Times: user=0.00 sys=0.00, real=0.01 secs] 
2014-07-08T04:24:59.935+0000: 658.150: [GC [PSYoungGen: 818582K->306K(787648K)] 926335K->108202K(1474624K), 0.0060050 secs] [Times: user=0.01 sys=0.00, real=0.00 secs] 
2014-07-08T04:25:01.645+0000: 659.861: [GC [PSYoungGen: 787634K->754K(758464K)] 895530K->108810K(1445440K), 0.0063920 secs] [Times: user=0.02 sys=0.00, real=0.00 secs] 
2014-07-08T04:25:03.237+0000: 661.453: [GC [PSYoungGen: 758450K->192K(729664K)] 866506K->108344K(1416640K), 0.0190790 secs] [Times: user=0.06 sys=0.00, real=0.02 secs] 
2014-07-08T04:25:04.844+0000: 663.060: [GC [PSYoungGen: 729615K->548K(703104K)] 837767K->108748K(1390080K), 0.0037590 secs] [Times: user=0.01 sys=0.00, real=0.00 secs] 
2014-07-08T04:25:06.307+0000: 664.523: [GC [PSYoungGen: 703067K->196K(677120K)] 811268K->108452K(1364096K), 0.0057500 secs] [Times: user=0.01 sys=0.00, real=0.00 secs] 
2014-07-08T04:25:07.755+0000: 665.971: [GC [PSYoungGen: 677060K->352K(652800K)] 785316K->108664K(1339776K), 0.0057180 secs] [Times: user=0.01 sys=0.00, real=0.00 secs] 
2014-07-08T04:25:09.141+0000: 667.357: [GC [PSYoungGen: 652768K->384K(629440K)] 761080K->108880K(1316416K), 0.0083680 secs] [Times: user=0.02 sys=0.00, real=0.01 secs] 
2014-07-08T04:25:10.508+0000: 668.724: [GC [PSYoungGen: 629440K->904K(607744K)] 737936K->109472K(1294720K), 0.0059860 secs] [Times: user=0.02 sys=0.00, real=0.00 secs] 
2014-07-08T04:25:11.847+0000: 670.062: [GC [PSYoungGen: 607675K->484K(586048K)] 716244K->109172K(1273024K), 0.0208390 secs] [Times: user=0.07 sys=0.00, real=0.02 secs] 
2014-07-08T04:25:13.037+0000: 671.253: [GC [PSYoungGen: 585968K->242K(565504K)] 694657K->109050K(1252480K), 0.0038150 secs] [Times: user=0.01 sys=0.00, real=0.00 secs] 
2014-07-08T04:25:14.245+0000: 672.461: [GC [PSYoungGen: 565490K->224K(546112K)] 674298K->109112K(1233088K), 0.0077570 secs] [Times: user=0.02 sys=0.00, real=0.01 secs] 
2014-07-08T04:25:15.421+0000: 673.637: [GC [PSYoungGen: 546080K->384K(527744K)] 654968K->109304K(1214720K), 0.0194540 secs] [Times: user=0.07 sys=0.00, real=0.02 secs] 
2014-07-08T04:25:16.568+0000: 674.784: [GC [PSYoungGen: 527744K->658K(510400K)] 636664K->109642K(1197376K), 0.0079320 secs] [Times: user=0.01 sys=0.00, real=0.01 secs] 
2014-07-08T04:25:17.709+0000: 675.925: [GC [PSYoungGen: 510354K->872K(493696K)] 619338K->110104K(1180672K), 0.0051340 secs] [Times: user=0.02 sys=0.00, real=0.00 secs] 
2014-07-08T04:25:18.736+0000: 676.952: [GC [PSYoungGen: 493672K->882K(477568K)] 602904K->110258K(1164544K), 0.0048520 secs] [Times: user=0.02 sys=0.00, real=0.00 secs] 
2014-07-08T04:25:19.734+0000: 677.950: [GC [PSYoungGen: 477554K->338K(461632K)] 586930K->109866K(1148608K), 0.0096070 secs] [Times: user=0.03 sys=0.00, real=0.01 secs] 
2014-07-08T04:25:20.753+0000: 678.968: [GC [PSYoungGen: 461586K->918K(447424K)] 571114K->110502K(1134400K), 0.0054600 secs] [Times: user=0.02 sys=0.00, real=0.01 secs] 
2014-07-08T04:25:21.663+0000: 679.879: [GC [PSYoungGen: 447382K->594K(432960K)] 556966K->110266K(1119936K), 0.0108890 secs] [Times: user=0.04 sys=0.00, real=0.01 secs] 
2014-07-08T04:25:22.594+0000: 680.810: [GC [PSYoungGen: 432914K->936K(419776K)] 542586K->110648K(1106752K), 0.0139950 secs] [Times: user=0.05 sys=0.00, real=0.02 secs] 
2014-07-08T04:25:23.474+0000: 681.690: [GC [PSYoungGen: 419752K->384K(406272K)] 529464K->110128K(1093248K), 0.0094570 secs] [Times: user=0.03 sys=0.00, real=0.01 secs] 
2014-07-08T04:25:24.337+0000: 682.552: [GC [PSYoungGen: 406272K->224K(393792K)] 516016K->110000K(1080768K), 0.0039780 secs] [Times: user=0.01 sys=0.00, real=0.01 secs] 
2014-07-08T04:25:25.171+0000: 683.386: [GC [PSYoungGen: 393760K->160K(381888K)] 503536K->110024K(1068864K), 0.0075150 secs] [Times: user=0.03 sys=0.00, real=0.01 secs] 
2014-07-08T04:25:25.986+0000: 684.202: [GC [PSYoungGen: 381856K->192K(370496K)] 491720K->110096K(1057472K), 0.0085740 secs] [Times: user=0.04 sys=0.00, real=0.01 secs] 
2014-07-08T04:25:26.790+0000: 685.006: [GC [PSYoungGen: 370496K->288K(359744K)] 480400K->110264K(1046720K), 0.0036160 secs] [Times: user=0.01 sys=0.00, real=0.00 secs] 
2014-07-08T04:25:27.570+0000: 685.786: [GC [PSYoungGen: 359711K->448K(431808K)] 469687K->110472K(1118784K), 0.0301150 secs] [Times: user=0.10 sys=0.00, real=0.03 secs] 
2014-07-08T04:25:28.492+0000: 686.708: [GC [PSYoungGen: 431808K->630K(518272K)] 541832K->110726K(1205248K), 0.0059950 secs] [Times: user=0.01 sys=0.00, real=0.01 secs] 
2014-07-08T04:25:29.603+0000: 687.819: [GC [PSYoungGen: 518254K->694K(621888K)] 628351K->110878K(1308864K), 0.0088990 secs] [Times: user=0.02 sys=0.01, real=0.01 secs] 
2014-07-08T04:25:30.921+0000: 689.136: [GC [PSYoungGen: 621872K->384K(745856K)] 732057K->110672K(1432832K), 0.0081560 secs] [Times: user=0.02 sys=0.01, real=0.01 secs] 
2014-07-08T04:25:32.523+0000: 690.739: [GC [PSYoungGen: 745856K->320K(718144K)] 856144K->110752K(1405120K), 0.0046390 secs] [Times: user=0.01 sys=0.00, real=0.00 secs] 
2014-07-08T04:25:34.048+0000: 692.264: [GC [PSYoungGen: 718144K->160K(691648K)] 828576K->110656K(1378624K), 0.0034300 secs] [Times: user=0.01 sys=0.01, real=0.00 secs] 
2014-07-08T04:25:35.620+0000: 693.836: [GC [PSYoungGen: 691580K->914K(667264K)] 802077K->111458K(1354240K), 0.0051640 secs] [Times: user=0.02 sys=0.01, real=0.00 secs] 
2014-07-08T04:25:37.017+0000: 695.232: [GC [PSYoungGen: 667218K->384K(642688K)] 777762K->110992K(1329664K), 0.0048510 secs] [Times: user=0.02 sys=0.00, real=0.01 secs] 
2014-07-08T04:25:38.332+0000: 696.547: [GC [PSYoungGen: 642688K->402K(619840K)] 753296K->111162K(1306816K), 0.0039350 secs] [Times: user=0.01 sys=0.00, real=0.00 secs] 
2014-07-08T04:25:39.697+0000: 697.913: [GC [PSYoungGen: 619794K->768K(598336K)] 730554K->111664K(1285312K), 0.0096490 secs] [Times: user=0.02 sys=0.00, real=0.01 secs] 
2014-07-08T04:25:40.952+0000: 699.167: [GC [PSYoungGen: 598336K->384K(577088K)] 709232K->111384K(1264064K), 0.0061050 secs] [Times: user=0.01 sys=0.00, real=0.00 secs] 
2014-07-08T04:25:42.157+0000: 700.373: [GC [PSYoungGen: 577013K->96K(556928K)] 688014K->111192K(1243904K), 0.0063280 secs] [Times: user=0.01 sys=0.00, real=0.01 secs] 
2014-07-08T04:25:43.352+0000: 701.568: [GC [PSYoungGen: 556896K->388K(538880K)] 667992K->111556K(1225856K), 0.0077940 secs] [Times: user=0.03 sys=0.01, real=0.01 secs] 
2014-07-08T04:25:44.513+0000: 702.729: [GC [PSYoungGen: 538180K->352K(520000K)] 649348K->111584K(1206976K), 0.0053630 secs] [Times: user=0.01 sys=0.00, real=0.00 secs] 
2014-07-08T04:25:45.722+0000: 703.937: [GC [PSYoungGen: 519946K->996K(503296K)] 631179K->112316K(1190272K), 0.0074340 secs] [Times: user=0.01 sys=0.00, real=0.00 secs] 
2014-07-08T04:25:46.747+0000: 704.963: [GC [PSYoungGen: 503268K->516K(486272K)] 614588K->111908K(1173248K), 0.0097260 secs] [Times: user=0.03 sys=0.01, real=0.01 secs] 
2014-07-08T04:25:47.789+0000: 706.005: [GC [PSYoungGen: 486193K->480K(470400K)] 597585K->111944K(1157376K), 0.0080650 secs] [Times: user=0.03 sys=0.00, real=0.01 secs] 
2014-07-08T04:25:48.771+0000: 706.987: [GC [PSYoungGen: 470368K->594K(455360K)] 581832K->112202K(1142336K), 0.0078100 secs] [Times: user=0.02 sys=0.00, real=0.00 secs] 
2014-07-08T04:25:49.799+0000: 708.015: [GC [PSYoungGen: 455281K->680K(440960K)] 566890K->112352K(1127936K), 0.0049120 secs] [Times: user=0.01 sys=0.00, real=0.01 secs] 
2014-07-08T04:25:50.782+0000: 708.997: [GC [PSYoungGen: 440936K->882K(427328K)] 552608K->112930K(1114304K), 0.0104820 secs] [Times: user=0.02 sys=0.00, real=0.01 secs] 
2014-07-08T04:25:51.584+0000: 709.800: [GC [PSYoungGen: 427314K->722K(512512K)] 539362K->112866K(1199488K), 0.0211670 secs] [Times: user=0.08 sys=0.00, real=0.02 secs] 
2014-07-08T04:25:52.712+0000: 710.928: [GC [PSYoungGen: 512463K->950K(615104K)] 624608K->113190K(1302080K), 0.0053680 secs] [Times: user=0.01 sys=0.00, real=0.00 secs] 
2014-07-08T04:25:53.963+0000: 712.179: [GC [PSYoungGen: 615094K->374K(592960K)] 727334K->112694K(1279936K), 0.0040690 secs] [Times: user=0.02 sys=0.00, real=0.00 secs] 
2014-07-08T04:25:55.225+0000: 713.441: [GC [PSYoungGen: 592950K->160K(572160K)] 705270K->112512K(1259136K), 0.0071510 secs] [Times: user=0.01 sys=0.00, real=0.01 secs] 
2014-07-08T04:25:56.466+0000: 714.682: [GC [PSYoungGen: 572128K->800K(553088K)] 684480K->113184K(1240064K), 0.0039720 secs] [Times: user=0.01 sys=0.00, real=0.00 secs] 
2014-07-08T04:25:57.687+0000: 715.903: [GC [PSYoungGen: 553056K->1078K(534528K)] 665440K->113558K(1221504K), 0.0072310 secs] [Times: user=0.02 sys=0.00, real=0.01 secs] 
2014-07-08T04:25:58.776+0000: 716.991: [GC [PSYoungGen: 534518K->320K(515840K)] 646998K->112928K(1202816K), 0.0047990 secs] [Times: user=0.01 sys=0.01, real=0.00 secs] 
2014-07-08T04:25:59.900+0000: 718.116: [GC [PSYoungGen: 515840K->370K(498752K)] 628448K->113074K(1185728K), 0.0057600 secs] [Times: user=0.01 sys=0.00, real=0.01 secs] 
2014-07-08T04:26:00.959+0000: 719.175: [GC [PSYoungGen: 498738K->192K(482176K)] 611442K->112984K(1169152K), 0.0114900 secs] [Times: user=0.04 sys=0.00, real=0.01 secs] 
2014-07-08T04:26:02.069+0000: 720.285: [GC [PSYoungGen: 482123K->502K(466816K)] 594916K->113382K(1153792K), 0.0110860 secs] [Times: user=0.05 sys=0.00, real=0.01 secs] 
2014-07-08T04:26:02.973+0000: 721.189: [GC [PSYoungGen: 466806K->242K(451584K)] 579686K->113234K(1138560K), 0.0031830 secs] [Times: user=0.01 sys=0.00, real=0.00 secs] 
2014-07-08T04:26:03.945+0000: 722.161: [GC [PSYoungGen: 451570K->338K(437376K)] 564562K->113362K(1124352K), 0.0099370 secs] [Times: user=0.04 sys=0.00, real=0.01 secs] 
2014-07-08T04:26:04.881+0000: 723.096: [GC [PSYoungGen: 437330K->128K(423424K)] 550354K->113200K(1110400K), 0.0036350 secs] [Times: user=0.01 sys=0.00, real=0.01 secs] 
2014-07-08T04:26:05.919+0000: 724.134: [GC [PSYoungGen: 423424K->1024K(411200K)] 536496K->114120K(1098176K), 0.0045540 secs] [Times: user=0.01 sys=0.00, real=0.01 secs] 
2014-07-08T04:26:06.701+0000: 724.917: [GC [PSYoungGen: 411200K->900K(398592K)] 524296K->114052K(1085568K), 0.0047420 secs] [Times: user=0.02 sys=0.01, real=0.01 secs] 
2014-07-08T04:26:07.510+0000: 725.725: [GC [PSYoungGen: 398492K->634K(386240K)] 511645K->113826K(1073216K), 0.0048100 secs] [Times: user=0.02 sys=0.00, real=0.01 secs] 
2014-07-08T04:26:08.330+0000: 726.546: [GC [PSYoungGen: 386234K->320K(374400K)] 499426K->113592K(1061376K), 0.0105590 secs] [Times: user=0.03 sys=0.00, real=0.01 secs] 
2014-07-08T04:26:09.120+0000: 727.335: [GC [PSYoungGen: 374362K->292K(363328K)] 487635K->113708K(1050304K), 0.0093090 secs] [Times: user=0.03 sys=0.00, real=0.01 secs] 
2014-07-08T04:26:09.895+0000: 728.111: [GC [PSYoungGen: 363300K->192K(352640K)] 476716K->113656K(1039616K), 0.0041940 secs] [Times: user=0.01 sys=0.00, real=0.00 secs] 
2014-07-08T04:26:10.682+0000: 728.898: [GC [PSYoungGen: 352615K->1032K(343360K)] 466080K->114576K(1030336K), 0.0049230 secs] [Times: user=0.01 sys=0.00, real=0.01 secs] 
2014-07-08T04:26:11.374+0000: 729.589: [GC [PSYoungGen: 343304K->242K(332800K)] 456848K->113834K(1019776K), 0.0070120 secs] [Times: user=0.02 sys=0.00, real=0.01 secs] 
2014-07-08T04:26:12.094+0000: 730.310: [GC [PSYoungGen: 332745K->160K(323392K)] 446338K->113808K(1010368K), 0.0097340 secs] [Times: user=0.03 sys=0.00, real=0.01 secs] 
2014-07-08T04:26:12.793+0000: 731.009: [GC [PSYoungGen: 323360K->224K(314496K)] 437008K->113936K(1001472K), 0.0057830 secs] [Times: user=0.02 sys=0.01, real=0.01 secs] 
2014-07-08T04:26:13.465+0000: 731.681: [GC [PSYoungGen: 314461K->530K(306240K)] 428174K->114282K(993216K), 0.0052570 secs] [Times: user=0.01 sys=0.00, real=0.00 secs] 
2014-07-08T04:26:14.169+0000: 732.385: [GC [PSYoungGen: 306191K->498K(297920K)] 419944K->114274K(984896K), 0.0083750 secs] [Times: user=0.02 sys=0.01, real=0.01 secs] 
2014-07-08T04:26:14.793+0000: 733.008: [GC [PSYoungGen: 297905K->576K(357504K)] 411682K->114416K(1044480K), 0.0100350 secs] [Times: user=0.04 sys=0.00, real=0.01 secs] 
2014-07-08T04:26:15.533+0000: 733.749: [GC [PSYoungGen: 357504K->690K(429056K)] 471344K->114562K(1116032K), 0.0153020 secs] [Times: user=0.06 sys=0.01, real=0.02 secs] 
2014-07-08T04:26:16.437+0000: 734.653: [GC [PSYoungGen: 429042K->256K(514304K)] 542914K->114152K(1201280K), 0.0130370 secs] [Times: user=0.04 sys=0.00, real=0.01 secs] 
2014-07-08T04:26:17.564+0000: 735.780: [GC [PSYoungGen: 514304K->594K(617536K)] 628200K->114562K(1304512K), 0.0291980 secs] [Times: user=0.11 sys=0.00, real=0.03 secs] 
2014-07-08T04:26:18.871+0000: 737.086: [GC [PSYoungGen: 617402K->374K(740672K)] 731371K->114454K(1427648K), 0.0056190 secs] [Times: user=0.01 sys=0.00, real=0.01 secs] 
2014-07-08T04:26:20.461+0000: 738.677: [GC [PSYoungGen: 740662K->804K(889216K)] 854742K->115004K(1576192K), 0.0050850 secs] [Times: user=0.01 sys=0.01, real=0.01 secs] 
2014-07-08T04:26:22.352+0000: 740.567: [GC [PSYoungGen: 889096K->470K(854528K)] 1003297K->114742K(1541504K), 0.0050270 secs] [Times: user=0.01 sys=0.00, real=0.01 secs] 
2014-07-08T04:26:24.186+0000: 742.402: [GC [PSYoungGen: 854486K->274K(821568K)] 968758K->114698K(1508544K), 0.0034040 secs] [Times: user=0.01 sys=0.00, real=0.00 secs] 
2014-07-08T04:26:25.947+0000: 744.163: [GC [PSYoungGen: 821522K->356K(790400K)] 935946K->114852K(1477376K), 0.0214660 secs] [Times: user=0.07 sys=0.00, real=0.02 secs] 
2014-07-08T04:26:27.667+0000: 745.882: [GC [PSYoungGen: 790330K->836K(761152K)] 904827K->115380K(1448128K), 0.0200380 secs] [Times: user=0.07 sys=0.00, real=0.02 secs] 
2014-07-08T04:26:29.270+0000: 747.485: [GC [PSYoungGen: 761092K->224K(732160K)] 875636K->114992K(1419136K), 0.0162990 secs] [Times: user=0.06 sys=0.00, real=0.01 secs] 
2014-07-08T04:26:30.829+0000: 749.045: [GC [PSYoungGen: 732128K->288K(705216K)] 846896K->115168K(1392192K), 0.0038830 secs] [Times: user=0.01 sys=0.01, real=0.00 secs] 
2014-07-08T04:26:32.352+0000: 750.568: [GC [PSYoungGen: 705184K->402K(679552K)] 820064K->115370K(1366528K), 0.0039560 secs] [Times: user=0.01 sys=0.01, real=0.00 secs] 
2014-07-08T04:26:33.829+0000: 752.045: [GC [PSYoungGen: 679506K->384K(654912K)] 794474K->115472K(1341888K), 0.0059770 secs] [Times: user=0.02 sys=0.00, real=0.00 secs] 
2014-07-08T04:26:35.186+0000: 753.402: [GC [PSYoungGen: 654890K->256K(631360K)] 769979K->115400K(1318336K), 0.0060870 secs] [Times: user=0.01 sys=0.00, real=0.01 secs] 
2014-07-08T04:26:36.557+0000: 754.772: [GC [PSYoungGen: 631360K->544K(609280K)] 746504K->115720K(1296256K), 0.0050580 secs] [Times: user=0.02 sys=0.00, real=0.01 secs] 
2014-07-08T04:26:37.872+0000: 756.088: [GC [PSYoungGen: 609180K->466K(587840K)] 724357K->115714K(1274816K), 0.0338020 secs] [Times: user=0.12 sys=0.00, real=0.03 secs] 
2014-07-08T04:26:39.120+0000: 757.336: [GC [PSYoungGen: 587794K->224K(567232K)] 703042K->115632K(1254208K), 0.0047740 secs] [Times: user=0.02 sys=0.00, real=0.00 secs] 
2014-07-08T04:26:40.312+0000: 758.528: [GC [PSYoungGen: 567200K->288K(547840K)] 682608K->115800K(1234816K), 0.0171470 secs] [Times: user=0.06 sys=0.00, real=0.02 secs] 
2014-07-08T04:26:41.543+0000: 759.759: [GC [PSYoungGen: 547808K->868K(529856K)] 663320K->116460K(1216832K), 0.0050990 secs] [Times: user=0.01 sys=0.00, real=0.00 secs] 
2014-07-08T04:26:42.631+0000: 760.847: [GC [PSYoungGen: 529828K->626K(511872K)] 645420K->116290K(1198848K), 0.0066170 secs] [Times: user=0.01 sys=0.00, real=0.00 secs] 
2014-07-08T04:26:43.740+0000: 761.956: [GC [PSYoungGen: 511858K->900K(495232K)] 627522K->116636K(1182208K), 0.0064590 secs] [Times: user=0.01 sys=0.00, real=0.00 secs] 
2014-07-08T04:26:44.757+0000: 762.973: [GC [PSYoungGen: 495172K->288K(593472K)] 610908K->116072K(1280448K), 0.0353970 secs] [Times: user=0.13 sys=0.00, real=0.04 secs] 
2014-07-08T04:26:46.086+0000: 764.301: [GC [PSYoungGen: 593440K->384K(712192K)] 709224K->116216K(1399168K), 0.0058130 secs] [Times: user=0.01 sys=0.00, real=0.01 secs] 
2014-07-08T04:26:47.560+0000: 765.776: [GC [PSYoungGen: 712143K->882K(686592K)] 827976K->116786K(1373568K), 0.0052180 secs] [Times: user=0.01 sys=0.00, real=0.00 secs] 
2014-07-08T04:26:48.997+0000: 767.213: [GC [PSYoungGen: 686578K->320K(661120K)] 802482K->116384K(1348096K), 0.0119190 secs] [Times: user=0.04 sys=0.00, real=0.01 secs] 
2014-07-08T04:26:50.418+0000: 768.634: [GC [PSYoungGen: 661119K->288K(637376K)] 777184K->116504K(1324352K), 0.0045710 secs] [Times: user=0.01 sys=0.00, real=0.01 secs] 
2014-07-08T04:26:51.943+0000: 770.158: [GC [PSYoungGen: 637344K->900K(615360K)] 753560K->117188K(1302336K), 0.0050120 secs] [Times: user=0.02 sys=0.00, real=0.00 secs] 
2014-07-08T04:26:53.090+0000: 771.306: [GC [PSYoungGen: 615300K->256K(593024K)] 731588K->116696K(1280000K), 0.0144210 secs] [Times: user=0.05 sys=0.00, real=0.01 secs] 
2014-07-08T04:26:54.354+0000: 772.569: [GC [PSYoungGen: 593023K->320K(572480K)] 709464K->116840K(1259456K), 0.0067730 secs] [Times: user=0.01 sys=0.00, real=0.01 secs] 
2014-07-08T04:26:55.610+0000: 773.826: [GC [PSYoungGen: 572480K->768K(553216K)] 689000K->117344K(1240192K), 0.0078330 secs] [Times: user=0.02 sys=0.00, real=0.01 secs] 
2014-07-08T04:26:56.810+0000: 775.026: [GC [PSYoungGen: 553216K->640K(534272K)] 669792K->117264K(1221248K), 0.0060770 secs] [Times: user=0.01 sys=0.01, real=0.01 secs] 
2014-07-08T04:26:57.933+0000: 776.149: [GC [PSYoungGen: 534272K->434K(516096K)] 650896K->117138K(1203072K), 0.0038590 secs] [Times: user=0.01 sys=0.00, real=0.00 secs] 
2014-07-08T04:26:59.006+0000: 777.222: [GC [PSYoungGen: 516082K->224K(498752K)] 632786K->117048K(1185728K), 0.0055680 secs] [Times: user=0.02 sys=0.00, real=0.01 secs] 
2014-07-08T04:27:00.074+0000: 778.290: [GC [PSYoungGen: 498719K->384K(482496K)] 615544K->117328K(1169472K), 0.0139300 secs] [Times: user=0.05 sys=0.01, real=0.01 secs] 
2014-07-08T04:27:01.112+0000: 779.328: [GC [PSYoungGen: 482496K->224K(466688K)] 599440K->117240K(1153664K), 0.0094300 secs] [Times: user=0.03 sys=0.01, real=0.01 secs] 
2014-07-08T04:27:02.124+0000: 780.340: [GC [PSYoungGen: 466656K->324K(451840K)] 583672K->117396K(1138816K), 0.0035990 secs] [Times: user=0.01 sys=0.00, real=0.00 secs] 
2014-07-08T04:27:03.086+0000: 781.301: [GC [PSYoungGen: 451780K->192K(437312K)] 568852K->117376K(1124288K), 0.0112500 secs] [Times: user=0.04 sys=0.01, real=0.01 secs] 
2014-07-08T04:27:04.029+0000: 782.244: [GC [PSYoungGen: 437312K->242K(423680K)] 554496K->117474K(1110656K), 0.0039470 secs] [Times: user=0.01 sys=0.00, real=0.01 secs] 
2014-07-08T04:27:05.090+0000: 783.306: [GC [PSYoungGen: 423666K->896K(411200K)] 540898K->118168K(1098176K), 0.0165980 secs] [Times: user=0.07 sys=0.00, real=0.02 secs] 
2014-07-08T04:27:05.869+0000: 784.084: [GC [PSYoungGen: 411200K->256K(398016K)] 528472K->117608K(1084992K), 0.0061900 secs] [Times: user=0.02 sys=0.00, real=0.01 secs] 
2014-07-08T04:27:06.788+0000: 785.003: [GC [PSYoungGen: 398016K->1074K(478400K)] 515368K->118482K(1165376K), 0.0303340 secs] [Times: user=0.10 sys=0.01, real=0.03 secs] 
2014-07-08T04:27:07.742+0000: 785.958: [GC [PSYoungGen: 478385K->868K(573696K)] 595794K->118428K(1260672K), 0.0062210 secs] [Times: user=0.01 sys=0.01, real=0.01 secs] 
2014-07-08T04:27:08.925+0000: 787.140: [GC [PSYoungGen: 573638K->320K(687680K)] 691198K->118048K(1374656K), 0.0049380 secs] [Times: user=0.01 sys=0.00, real=0.00 secs] 
2014-07-08T04:27:10.384+0000: 788.599: [GC [PSYoungGen: 687680K->288K(825152K)] 805408K->118144K(1512128K), 0.0160100 secs] [Times: user=0.06 sys=0.00, real=0.01 secs] 
2014-07-08T04:27:12.159+0000: 790.374: [GC [PSYoungGen: 825120K->320K(990144K)] 942976K->118240K(1677120K), 0.0210180 secs] [Times: user=0.08 sys=0.00, real=0.02 secs] 
2014-07-08T04:27:14.280+0000: 792.496: [GC [PSYoungGen: 990144K->210K(950848K)] 1108064K->118298K(1637824K), 0.0044110 secs] [Times: user=0.01 sys=0.00, real=0.01 secs] 
2014-07-08T04:27:16.315+0000: 794.531: [GC [PSYoungGen: 950802K->160K(913408K)] 1068890K->118304K(1600384K), 0.0107750 secs] [Times: user=0.04 sys=0.00, real=0.01 secs] 
2014-07-08T04:27:18.269+0000: 796.485: [GC [PSYoungGen: 913376K->416K(878080K)] 1031520K->118632K(1565056K), 0.0104460 secs] [Times: user=0.04 sys=0.00, real=0.01 secs] 
2014-07-08T04:27:20.144+0000: 798.360: [GC [PSYoungGen: 878048K->416K(844160K)] 996264K->118888K(1531136K), 0.0119780 secs] [Times: user=0.03 sys=0.00, real=0.01 secs] 
2014-07-08T04:27:22.043+0000: 800.259: [GC [PSYoungGen: 844120K->708K(812224K)] 962593K->119300K(1499200K), 0.0056370 secs] [Times: user=0.01 sys=0.00, real=0.01 secs] 
2014-07-08T04:27:23.717+0000: 801.933: [GC [PSYoungGen: 812164K->950K(781632K)] 930756K->119678K(1468608K), 0.0093540 secs] [Times: user=0.03 sys=0.01, real=0.01 secs] 
2014-07-08T04:27:25.350+0000: 803.566: [GC [PSYoungGen: 781622K->192K(751552K)] 900350K->118992K(1438528K), 0.0054840 secs] [Times: user=0.01 sys=0.00, real=0.01 secs] 
2014-07-08T04:27:27.023+0000: 805.239: [GC [PSYoungGen: 751552K->384K(723776K)] 870352K->119248K(1410752K), 0.0095470 secs] [Times: user=0.03 sys=0.00, real=0.01 secs] 
2014-07-08T04:27:28.507+0000: 806.723: [GC [PSYoungGen: 723776K->740K(697536K)] 842640K->119748K(1384512K), 0.0050840 secs] [Times: user=0.01 sys=0.00, real=0.00 secs] 
2014-07-08T04:27:29.989+0000: 808.204: [GC [PSYoungGen: 697508K->224K(671616K)] 816516K->119336K(1358592K), 0.0070440 secs] [Times: user=0.01 sys=0.00, real=0.00 secs] 
2014-07-08T04:27:31.423+0000: 809.639: [GC [PSYoungGen: 671584K->256K(647360K)] 790696K->119512K(1334336K), 0.0057110 secs] [Times: user=0.01 sys=0.00, real=0.01 secs] 
2014-07-08T04:27:32.845+0000: 811.060: [GC [PSYoungGen: 647318K->630K(624640K)] 766575K->119974K(1311616K), 0.0101350 secs] [Times: user=0.02 sys=0.00, real=0.01 secs] 
2014-07-08T04:27:34.136+0000: 812.352: [GC [PSYoungGen: 624630K->160K(602112K)] 743974K->119584K(1289088K), 0.0144420 secs] [Times: user=0.04 sys=0.00, real=0.02 secs] 
2014-07-08T04:27:35.424+0000: 813.640: [GC [PSYoungGen: 602080K->370K(581248K)] 721504K->119842K(1268224K), 0.0075640 secs] [Times: user=0.02 sys=0.00, real=0.01 secs] 
2014-07-08T04:27:36.681+0000: 814.897: [GC [PSYoungGen: 581234K->512K(561280K)] 700706K->120032K(1248256K), 0.0082290 secs] [Times: user=0.03 sys=0.00, real=0.01 secs] 
2014-07-08T04:27:37.877+0000: 816.092: [GC [PSYoungGen: 561280K->288K(541888K)] 680800K->119848K(1228864K), 0.0051870 secs] [Times: user=0.01 sys=0.00, real=0.01 secs] 
2014-07-08T04:27:39.026+0000: 817.242: [GC [PSYoungGen: 541856K->160K(523456K)] 661416K->119912K(1210432K), 0.0062220 secs] [Times: user=0.01 sys=0.00, real=0.01 secs] 
2014-07-08T04:27:40.147+0000: 818.363: [GC [PSYoungGen: 523424K->256K(506048K)] 643176K->120072K(1193024K), 0.0065200 secs] [Times: user=0.03 sys=0.00, real=0.00 secs] 
2014-07-08T04:27:41.233+0000: 819.449: [GC [PSYoungGen: 506048K->256K(489344K)] 625864K->120144K(1176320K), 0.0147490 secs] [Times: user=0.05 sys=0.00, real=0.01 secs] 
2014-07-08T04:27:42.319+0000: 820.535: [GC [PSYoungGen: 489344K->466K(473600K)] 609232K->120426K(1160576K), 0.0184930 secs] [Times: user=0.06 sys=0.00, real=0.02 secs] 
2014-07-08T04:27:43.297+0000: 821.512: [GC [PSYoungGen: 473554K->402K(568192K)] 593514K->120498K(1255168K), 0.0118480 secs] [Times: user=0.04 sys=0.00, real=0.02 secs] 
2014-07-08T04:27:44.515+0000: 822.731: [GC [PSYoungGen: 568146K->626K(548864K)] 688242K->120762K(1235840K), 0.0086490 secs] [Times: user=0.03 sys=0.01, real=0.01 secs] 
2014-07-08T04:27:45.698+0000: 823.913: [GC [PSYoungGen: 548790K->416K(530048K)] 668927K->120592K(1217024K), 0.0102200 secs] [Times: user=0.04 sys=0.00, real=0.02 secs] 
2014-07-08T04:27:46.852+0000: 825.067: [GC [PSYoungGen: 530016K->256K(512064K)] 650192K->120472K(1199040K), 0.0066250 secs] [Times: user=0.00 sys=0.01, real=0.01 secs] 
2014-07-08T04:27:47.993+0000: 826.208: [GC [PSYoungGen: 512064K->626K(495488K)] 632280K->120914K(1182464K), 0.0067110 secs] [Times: user=0.01 sys=0.00, real=0.01 secs] 
2014-07-08T04:27:48.979+0000: 827.195: [GC [PSYoungGen: 495473K->484K(479104K)] 615761K->120940K(1166080K), 0.0071060 secs] [Times: user=0.01 sys=0.00, real=0.00 secs] 
2014-07-08T04:27:50.002+0000: 828.218: [GC [PSYoungGen: 479022K->228K(463296K)] 599479K->120764K(1150272K), 0.0033540 secs] [Times: user=0.00 sys=0.00, real=0.00 secs] 
2014-07-08T04:27:50.997+0000: 829.213: [GC [PSYoungGen: 463268K->192K(448384K)] 583804K->120776K(1135360K), 0.0040490 secs] [Times: user=0.00 sys=0.00, real=0.01 secs] 
2014-07-08T04:27:51.957+0000: 830.172: [GC [PSYoungGen: 448384K->160K(434176K)] 568968K->120808K(1121152K), 0.0057540 secs] [Times: user=0.02 sys=0.00, real=0.01 secs] 
2014-07-08T04:27:52.931+0000: 831.147: [GC [PSYoungGen: 434144K->352K(420800K)] 554792K->121048K(1107776K), 0.0055060 secs] [Times: user=0.02 sys=0.00, real=0.00 secs] 
2014-07-08T04:27:53.805+0000: 832.021: [GC [PSYoungGen: 420768K->392K(407872K)] 541464K->121160K(1094848K), 0.0033880 secs] [Times: user=0.01 sys=0.00, real=0.00 secs] 
2014-07-08T04:27:54.763+0000: 832.979: [GC [PSYoungGen: 407816K->744K(395776K)] 528584K->121824K(1082752K), 0.0055850 secs] [Times: user=0.01 sys=0.00, real=0.00 secs] 
2014-07-08T04:27:55.523+0000: 833.738: [GC [PSYoungGen: 395752K->384K(383488K)] 516832K->121672K(1070464K), 0.0174550 secs] [Times: user=0.05 sys=0.00, real=0.02 secs] 
2014-07-08T04:27:56.333+0000: 834.549: [GC [PSYoungGen: 383486K->288K(372032K)] 504775K->121656K(1059008K), 0.0040180 secs] [Times: user=0.01 sys=0.00, real=0.00 secs] 
2014-07-08T04:27:57.131+0000: 835.347: [GC [PSYoungGen: 371988K->228K(361024K)] 493357K->121652K(1048000K), 0.0072180 secs] [Times: user=0.01 sys=0.00, real=0.00 secs] 
2014-07-08T04:27:57.916+0000: 836.132: [GC [PSYoungGen: 360996K->534K(350848K)] 482420K->122062K(1037824K), 0.0031990 secs] [Times: user=0.01 sys=0.00, real=0.00 secs] 
2014-07-08T04:27:58.684+0000: 836.900: [GC [PSYoungGen: 350806K->530K(340800K)] 472334K->122162K(1027776K), 0.0058910 secs] [Times: user=0.01 sys=0.00, real=0.01 secs] 
2014-07-08T04:27:59.389+0000: 837.605: [GC [PSYoungGen: 340753K->178K(330752K)] 462386K->121850K(1017728K), 0.0075160 secs] [Times: user=0.01 sys=0.00, real=0.01 secs] 
2014-07-08T04:28:00.097+0000: 838.313: [GC [PSYoungGen: 330669K->224K(321536K)] 452342K->121944K(1008512K), 0.0095200 secs] [Times: user=0.03 sys=0.00, real=0.01 secs] 
2014-07-08T04:28:00.880+0000: 839.096: [GC [PSYoungGen: 321474K->690K(386240K)] 443195K->122458K(1073216K), 0.0171780 secs] [Times: user=0.06 sys=0.00, real=0.02 secs] 
2014-07-08T04:28:01.628+0000: 839.844: [GC [PSYoungGen: 386219K->836K(463552K)] 507988K->122716K(1150528K), 0.0072600 secs] [Times: user=0.02 sys=0.00, real=0.01 secs] 
2014-07-08T04:28:02.618+0000: 840.834: [GC [PSYoungGen: 463489K->416K(555648K)] 585370K->122336K(1242624K), 0.0070890 secs] [Times: user=0.01 sys=0.00, real=0.01 secs] 
2014-07-08T04:28:03.804+0000: 842.020: [GC [PSYoungGen: 555520K->224K(666496K)] 677440K->122216K(1353472K), 0.0118380 secs] [Times: user=0.04 sys=0.00, real=0.01 secs] 
2014-07-08T04:28:05.232+0000: 843.448: [GC [PSYoungGen: 666464K->260K(642560K)] 788456K->122300K(1329536K), 0.0090350 secs] [Times: user=0.04 sys=0.00, real=0.01 secs] 
2014-07-08T04:28:06.635+0000: 844.851: [GC [PSYoungGen: 642491K->662K(620032K)] 764532K->122726K(1307008K), 0.0131430 secs] [Times: user=0.04 sys=0.00, real=0.01 secs] 
2014-07-08T04:28:07.956+0000: 846.172: [GC [PSYoungGen: 619990K->384K(597888K)] 742054K->122480K(1284864K), 0.0045990 secs] [Times: user=0.01 sys=0.00, real=0.00 secs] 
2014-07-08T04:28:09.215+0000: 847.431: [GC [PSYoungGen: 597886K->128K(576768K)] 719983K->122448K(1263744K), 0.0065280 secs] [Times: user=0.01 sys=0.00, real=0.00 secs] 
2014-07-08T04:28:10.459+0000: 848.675: [GC [PSYoungGen: 576768K->608K(557376K)] 699088K->123008K(1244352K), 0.0104030 secs] [Times: user=0.03 sys=0.00, real=0.01 secs] 
2014-07-08T04:28:11.658+0000: 849.873: [GC [PSYoungGen: 557344K->448K(668544K)] 679744K->122912K(1355520K), 0.0285590 secs] [Times: user=0.10 sys=0.00, real=0.03 secs] 
2014-07-08T04:28:13.196+0000: 851.412: [GC [PSYoungGen: 668544K->612K(802368K)] 791008K->123156K(1489344K), 0.0161130 secs] [Times: user=0.05 sys=0.00, real=0.02 secs] 
2014-07-08T04:28:14.871+0000: 853.087: [GC [PSYoungGen: 802315K->886K(772352K)] 924860K->123622K(1459328K), 0.0057930 secs] [Times: user=0.02 sys=0.00, real=0.01 secs] 
2014-07-08T04:28:16.448+0000: 854.663: [GC [PSYoungGen: 772342K->160K(742784K)] 895078K->122960K(1429760K), 0.0061920 secs] [Times: user=0.03 sys=0.00, real=0.01 secs] 
2014-07-08T04:28:18.038+0000: 856.254: [GC [PSYoungGen: 742752K->388K(715520K)] 865552K->123228K(1402496K), 0.0107710 secs] [Times: user=0.03 sys=0.00, real=0.01 secs] 
2014-07-08T04:28:19.633+0000: 857.849: [GC [PSYoungGen: 715460K->768K(689600K)] 838300K->123832K(1376576K), 0.0130780 secs] [Times: user=0.05 sys=0.00, real=0.01 secs] 
2014-07-08T04:28:21.037+0000: 859.252: [GC [PSYoungGen: 689599K->420K(664256K)] 812664K->123628K(1351232K), 0.0047150 secs] [Times: user=0.01 sys=0.00, real=0.00 secs] 
2014-07-08T04:28:22.457+0000: 860.673: [GC [PSYoungGen: 664228K->192K(640128K)] 787436K->123504K(1327104K), 0.0050760 secs] [Times: user=0.01 sys=0.00, real=0.00 secs] 
2014-07-08T04:28:23.851+0000: 862.067: [GC [PSYoungGen: 640091K->448K(617600K)] 763404K->123832K(1304576K), 0.0159000 secs] [Times: user=0.06 sys=0.00, real=0.02 secs] 
2014-07-08T04:28:25.153+0000: 863.369: [GC [PSYoungGen: 617600K->448K(595840K)] 740984K->123920K(1282816K), 0.0063040 secs] [Times: user=0.01 sys=0.00, real=0.01 secs] 
2014-07-08T04:28:26.420+0000: 864.636: [GC [PSYoungGen: 595840K->256K(574912K)] 719312K->123768K(1261888K), 0.0102310 secs] [Times: user=0.03 sys=0.00, real=0.01 secs] 
2014-07-08T04:28:27.748+0000: 865.963: [GC [PSYoungGen: 574912K->950K(555840K)] 698424K->124806K(1242816K), 0.0075130 secs] [Times: user=0.03 sys=0.00, real=0.01 secs] 
2014-07-08T04:28:28.874+0000: 867.090: [GC [PSYoungGen: 555830K->320K(536256K)] 679686K->124320K(1223232K), 0.0051200 secs] [Times: user=0.02 sys=0.00, real=0.01 secs] 
2014-07-08T04:28:29.992+0000: 868.207: [GC [PSYoungGen: 536256K->192K(518080K)] 660256K->124368K(1205056K), 0.0043350 secs] [Times: user=0.01 sys=0.00, real=0.01 secs] 
2014-07-08T04:28:31.100+0000: 869.316: [GC [PSYoungGen: 518080K->160K(500800K)] 642256K->124408K(1187776K), 0.0031530 secs] [Times: user=0.01 sys=0.00, real=0.00 secs] 
2014-07-08T04:28:32.226+0000: 870.442: [GC [PSYoungGen: 500768K->320K(484416K)] 625016K->124616K(1171392K), 0.0043810 secs] [Times: user=0.01 sys=0.00, real=0.00 secs] 
2014-07-08T04:28:33.206+0000: 871.421: [GC [PSYoungGen: 484416K->388K(468800K)] 608712K->124796K(1155776K), 0.0106590 secs] [Times: user=0.04 sys=0.01, real=0.01 secs] 
2014-07-08T04:28:34.213+0000: 872.429: [GC [PSYoungGen: 468740K->128K(453376K)] 593148K->124608K(1140352K), 0.0039910 secs] [Times: user=0.01 sys=0.00, real=0.01 secs] 
2014-07-08T04:28:35.196+0000: 873.412: [GC [PSYoungGen: 453376K->320K(439168K)] 577856K->124824K(1126144K), 0.0090800 secs] [Times: user=0.04 sys=0.00, real=0.00 secs] 
2014-07-08T04:28:36.127+0000: 874.343: [GC [PSYoungGen: 439168K->192K(425280K)] 563672K->124728K(1112256K), 0.0122480 secs] [Times: user=0.04 sys=0.00, real=0.01 secs] 
2014-07-08T04:28:37.048+0000: 875.264: [GC [PSYoungGen: 425280K->786K(412736K)] 549816K->125346K(1099712K), 0.0067330 secs] [Times: user=0.02 sys=0.01, real=0.00 secs] 
2014-07-08T04:28:38.063+0000: 876.278: [GC [PSYoungGen: 412690K->982K(400320K)] 537250K->125646K(1087296K), 0.0074250 secs] [Times: user=0.03 sys=0.01, real=0.01 secs] 
2014-07-08T04:28:38.857+0000: 877.073: [GC [PSYoungGen: 400274K->374K(387584K)] 524939K->125318K(1074560K), 0.0065360 secs] [Times: user=0.02 sys=0.01, real=0.00 secs] 
2014-07-08T04:28:39.612+0000: 877.828: [GC [PSYoungGen: 387572K->512K(376128K)] 512517K->125586K(1063104K), 0.0053030 secs] [Times: user=0.01 sys=0.00, real=0.01 secs] 
2014-07-08T04:28:40.403+0000: 878.619: [GC [PSYoungGen: 376128K->192K(364672K)] 501202K->125330K(1051648K), 0.0138230 secs] [Times: user=0.05 sys=0.00, real=0.01 secs] 
2014-07-08T04:28:41.181+0000: 879.396: [GC [PSYoungGen: 364672K->288K(354176K)] 489810K->125498K(1041152K), 0.0067490 secs] [Times: user=0.02 sys=0.00, real=0.01 secs] 
2014-07-08T04:28:41.941+0000: 880.157: [GC [PSYoungGen: 354144K->256K(424896K)] 479354K->125522K(1111872K), 0.0125270 secs] [Times: user=0.04 sys=0.00, real=0.01 secs] 
2014-07-08T04:28:42.974+0000: 881.189: [GC [PSYoungGen: 424896K->950K(510528K)] 550162K->126256K(1197504K), 0.0129040 secs] [Times: user=0.04 sys=0.00, real=0.01 secs] 
2014-07-08T04:28:44.022+0000: 882.237: [GC [PSYoungGen: 510478K->612K(493312K)] 635784K->126014K(1180288K), 0.0045970 secs] [Times: user=0.01 sys=0.00, real=0.00 secs] 
2014-07-08T04:28:44.995+0000: 883.211: [GC [PSYoungGen: 493284K->352K(476928K)] 618686K->125834K(1163904K), 0.0068910 secs] [Times: user=0.02 sys=0.00, real=0.01 secs] 
2014-07-08T04:28:46.013+0000: 884.228: [GC [PSYoungGen: 476896K->160K(461312K)] 602378K->125674K(1148288K), 0.0047450 secs] [Times: user=0.01 sys=0.00, real=0.01 secs] 
2014-07-08T04:28:46.998+0000: 885.213: [GC [PSYoungGen: 461280K->274K(446656K)] 586794K->125812K(1133632K), 0.0084070 secs] [Times: user=0.02 sys=0.00, real=0.01 secs] 
2014-07-08T04:28:47.997+0000: 886.213: [GC [PSYoungGen: 446610K->722K(432960K)] 572148K->126340K(1119936K), 0.0061720 secs] [Times: user=0.01 sys=0.00, real=0.01 secs] 
2014-07-08T04:28:48.920+0000: 887.136: [GC [PSYoungGen: 432914K->160K(418880K)] 558532K->125890K(1105856K), 0.0068660 secs] [Times: user=0.01 sys=0.00, real=0.00 secs] 
2014-07-08T04:28:49.848+0000: 888.063: [GC [PSYoungGen: 418848K->658K(406464K)] 544578K->126460K(1093440K), 0.0053470 secs] [Times: user=0.01 sys=0.00, real=0.01 secs] 
2014-07-08T04:28:50.666+0000: 888.882: [GC [PSYoungGen: 406418K->352K(393792K)] 532220K->126234K(1080768K), 0.0106410 secs] [Times: user=0.04 sys=0.00, real=0.01 secs] 
2014-07-08T04:28:51.497+0000: 889.713: [GC [PSYoungGen: 393760K->448K(472576K)] 519642K->126394K(1159552K), 0.0167610 secs] [Times: user=0.05 sys=0.00, real=0.02 secs] 
2014-07-08T04:28:52.515+0000: 890.731: [GC [PSYoungGen: 472576K->594K(567232K)] 598522K->126588K(1254208K), 0.0278660 secs] [Times: user=0.09 sys=0.00, real=0.03 secs] 
2014-07-08T04:28:53.748+0000: 891.964: [GC [PSYoungGen: 567175K->452K(680448K)] 693170K->126502K(1367424K), 0.0087600 secs] [Times: user=0.03 sys=0.00, real=0.01 secs] 
2014-07-08T04:28:55.200+0000: 893.416: [GC [PSYoungGen: 680388K->306K(816256K)] 806438K->126468K(1503232K), 0.0061920 secs] [Times: user=0.02 sys=0.00, real=0.00 secs] 
2014-07-08T04:28:57.005+0000: 895.221: [GC [PSYoungGen: 816242K->448K(785408K)] 942404K->126650K(1472384K), 0.0051060 secs] [Times: user=0.01 sys=0.00, real=0.01 secs] 
2014-07-08T04:28:58.659+0000: 896.875: [GC [PSYoungGen: 785364K->840K(756352K)] 911567K->127210K(1443328K), 0.0108810 secs] [Times: user=0.02 sys=0.00, real=0.01 secs] 
2014-07-08T04:29:00.261+0000: 898.477: [GC [PSYoungGen: 756296K->192K(727488K)] 882666K->126714K(1414464K), 0.0093980 secs] [Times: user=0.03 sys=0.00, real=0.01 secs] 
2014-07-08T04:29:01.899+0000: 900.115: [GC [PSYoungGen: 727488K->914K(701440K)] 854010K->127548K(1388416K), 0.0038280 secs] [Times: user=0.02 sys=0.01, real=0.01 secs] 
2014-07-08T04:29:03.324+0000: 901.540: [GC [PSYoungGen: 701394K->160K(675072K)] 828028K->126882K(1362048K), 0.0070900 secs] [Times: user=0.01 sys=0.01, real=0.01 secs] 
2014-07-08T04:29:04.799+0000: 903.015: [GC [PSYoungGen: 675018K->872K(651392K)] 801741K->127682K(1338368K), 0.0037680 secs] [Times: user=0.01 sys=0.01, real=0.01 secs] 
2014-07-08T04:29:06.171+0000: 904.387: [GC [PSYoungGen: 651368K->324K(627648K)] 778178K->127198K(1314624K), 0.0195650 secs] [Times: user=0.07 sys=0.00, real=0.02 secs] 
2014-07-08T04:29:07.501+0000: 905.717: [GC [PSYoungGen: 627510K->484K(605568K)] 754385K->127422K(1292544K), 0.0068490 secs] [Times: user=0.01 sys=0.00, real=0.00 secs] 
2014-07-08T04:29:08.923+0000: 907.139: [GC [PSYoungGen: 605540K->512K(584384K)] 732478K->127554K(1271360K), 0.0051650 secs] [Times: user=0.01 sys=0.00, real=0.00 secs] 
2014-07-08T04:29:10.054+0000: 908.269: [GC [PSYoungGen: 584384K->384K(564032K)] 711426K->127650K(1251008K), 0.0217820 secs] [Times: user=0.07 sys=0.00, real=0.02 secs] 
2014-07-08T04:29:11.259+0000: 909.475: [GC [PSYoungGen: 564032K->260K(544640K)] 691298K->127574K(1231616K), 0.0063690 secs] [Times: user=0.01 sys=0.00, real=0.01 secs] 
2014-07-08T04:29:12.426+0000: 910.642: [GC [PSYoungGen: 544580K->288K(526208K)] 671894K->127666K(1213184K), 0.0122540 secs] [Times: user=0.05 sys=0.00, real=0.01 secs] 
2014-07-08T04:29:13.564+0000: 911.780: [GC [PSYoungGen: 526095K->448K(508736K)] 653474K->127882K(1195712K), 0.0130950 secs] [Times: user=0.04 sys=0.00, real=0.01 secs] 
2014-07-08T04:29:14.663+0000: 912.879: [GC [PSYoungGen: 508676K->502K(491968K)] 636111K->128000K(1178944K), 0.0033050 secs] [Times: user=0.01 sys=0.00, real=0.00 secs] 
2014-07-08T04:29:15.721+0000: 913.937: [GC [PSYoungGen: 491958K->640K(590400K)] 619456K->128178K(1277376K), 0.0219540 secs] [Times: user=0.08 sys=0.00, real=0.03 secs] 
2014-07-08T04:29:16.967+0000: 915.183: [GC [PSYoungGen: 590400K->292K(569600K)] 717938K->127894K(1256576K), 0.0067150 secs] [Times: user=0.03 sys=0.00, real=0.01 secs] 
2014-07-08T04:29:18.196+0000: 916.411: [GC [PSYoungGen: 569526K->470K(550208K)] 697129K->128192K(1237184K), 0.0072310 secs] [Times: user=0.02 sys=0.00, real=0.01 secs] 
2014-07-08T04:29:19.376+0000: 917.591: [GC [PSYoungGen: 550166K->192K(531200K)] 677888K->128018K(1218176K), 0.0068220 secs] [Times: user=0.01 sys=0.00, real=0.01 secs] 
2014-07-08T04:29:20.515+0000: 918.731: [GC [PSYoungGen: 531198K->498K(513664K)] 659025K->128436K(1200640K), 0.0095500 secs] [Times: user=0.03 sys=0.00, real=0.01 secs] 
2014-07-08T04:29:21.624+0000: 919.840: [GC [PSYoungGen: 513650K->530K(496704K)] 641588K->128524K(1183680K), 0.0072430 secs] [Times: user=0.02 sys=0.00, real=0.00 secs] 
2014-07-08T04:29:22.686+0000: 920.902: [GC [PSYoungGen: 496593K->448K(480256K)] 624588K->128522K(1167232K), 0.0056140 secs] [Times: user=0.02 sys=0.00, real=0.00 secs] 
2014-07-08T04:29:23.784+0000: 922.000: [GC [PSYoungGen: 480256K->516K(464832K)] 608330K->128630K(1151808K), 0.0067690 secs] [Times: user=0.02 sys=0.01, real=0.00 secs] 
2014-07-08T04:29:24.744+0000: 922.960: [GC [PSYoungGen: 464772K->512K(449856K)] 592886K->128714K(1136832K), 0.0038960 secs] [Times: user=0.01 sys=0.00, real=0.00 secs] 
2014-07-08T04:29:25.696+0000: 923.912: [GC [PSYoungGen: 449856K->402K(435520K)] 578058K->128644K(1122496K), 0.0060270 secs] [Times: user=0.01 sys=0.00, real=0.00 secs] 
2014-07-08T04:29:26.635+0000: 924.850: [GC [PSYoungGen: 435474K->626K(422080K)] 563716K->128900K(1109056K), 0.0152480 secs] [Times: user=0.05 sys=0.00, real=0.01 secs] 
2014-07-08T04:29:27.515+0000: 925.730: [GC [PSYoungGen: 422066K->448K(408832K)] 550340K->128746K(1095808K), 0.0072510 secs] [Times: user=0.01 sys=0.00, real=0.00 secs] 
2014-07-08T04:29:28.389+0000: 926.605: [GC [PSYoungGen: 408832K->356K(396288K)] 537130K->128750K(1083264K), 0.0036140 secs] [Times: user=0.01 sys=0.01, real=0.00 secs] 
2014-07-08T04:29:29.240+0000: 927.456: [GC [PSYoungGen: 396259K->544K(475712K)] 524654K->129098K(1162688K), 0.0300190 secs] [Times: user=0.11 sys=0.00, real=0.03 secs] 
2014-07-08T04:29:30.260+0000: 928.476: [GC [PSYoungGen: 475680K->128K(570304K)] 604234K->128794K(1257280K), 0.0093790 secs] [Times: user=0.03 sys=0.00, real=0.01 secs] 
2014-07-08T04:29:31.505+0000: 929.721: [GC [PSYoungGen: 570304K->402K(685056K)] 698970K->129140K(1372032K), 0.0267280 secs] [Times: user=0.08 sys=0.00, real=0.02 secs] 
2014-07-08T04:29:33.034+0000: 931.249: [GC [PSYoungGen: 684626K->672K(821824K)] 813364K->129474K(1508800K), 0.0045800 secs] [Times: user=0.01 sys=0.00, real=0.01 secs] 
2014-07-08T04:29:34.750+0000: 932.966: [GC [PSYoungGen: 821792K->608K(790528K)] 950594K->129506K(1477504K), 0.0045980 secs] [Times: user=0.01 sys=0.01, real=0.00 secs] 
2014-07-08T04:29:36.417+0000: 934.633: [GC [PSYoungGen: 790496K->278K(760448K)] 919394K->129272K(1447424K), 0.0042130 secs] [Times: user=0.01 sys=0.00, real=0.00 secs] 
2014-07-08T04:29:38.048+0000: 936.263: [GC [PSYoungGen: 760361K->288K(732096K)] 889355K->129330K(1419072K), 0.0081460 secs] [Times: user=0.02 sys=0.00, real=0.01 secs] 
2014-07-08T04:29:39.710+0000: 937.925: [GC [PSYoungGen: 732061K->630K(705408K)] 861104K->129848K(1392384K), 0.0079470 secs] [Times: user=0.01 sys=0.00, real=0.01 secs] 
2014-07-08T04:29:41.122+0000: 939.337: [GC [PSYoungGen: 705398K->242K(679232K)] 834616K->129620K(1366208K), 0.0045630 secs] [Times: user=0.01 sys=0.01, real=0.00 secs] 
2014-07-08T04:29:42.587+0000: 940.803: [GC [PSYoungGen: 679218K->566K(654976K)] 808596K->130032K(1341952K), 0.0054820 secs] [Times: user=0.01 sys=0.01, real=0.00 secs] 
2014-07-08T04:29:44.028+0000: 942.244: [GC [PSYoungGen: 654964K->338K(631360K)] 784430K->129844K(1318336K), 0.0080590 secs] [Times: user=0.03 sys=0.00, real=0.01 secs] 
2014-07-08T04:29:45.345+0000: 943.560: [GC [PSYoungGen: 631314K->434K(609088K)] 760820K->130036K(1296064K), 0.0078250 secs] [Times: user=0.03 sys=0.00, real=0.01 secs] 
2014-07-08T04:29:46.655+0000: 944.871: [GC [PSYoungGen: 609074K->384K(587648K)] 738676K->130034K(1274624K), 0.0039960 secs] [Times: user=0.01 sys=0.00, real=0.01 secs] 
2014-07-08T04:29:47.910+0000: 946.126: [GC [PSYoungGen: 587648K->192K(567104K)] 717298K->129906K(1254080K), 0.0062830 secs] [Times: user=0.02 sys=0.00, real=0.00 secs] 
2014-07-08T04:29:49.135+0000: 947.351: [GC [PSYoungGen: 567104K->160K(547648K)] 696818K->130010K(1234624K), 0.0058880 secs] [Times: user=0.02 sys=0.00, real=0.01 secs] 
2014-07-08T04:29:50.314+0000: 948.530: [GC [PSYoungGen: 547616K->320K(529216K)] 677466K->130266K(1216192K), 0.0079090 secs] [Times: user=0.03 sys=0.00, real=0.01 secs] 
2014-07-08T04:29:51.453+0000: 949.668: [GC [PSYoungGen: 529147K->192K(511360K)] 659094K->130194K(1198336K), 0.0062770 secs] [Times: user=0.01 sys=0.00, real=0.01 secs] 
2014-07-08T04:29:52.555+0000: 950.771: [GC [PSYoungGen: 511360K->608K(494848K)] 641362K->130658K(1181824K), 0.0041900 secs] [Times: user=0.02 sys=0.00, real=0.01 secs] 
2014-07-08T04:29:53.611+0000: 951.827: [GC [PSYoungGen: 494816K->370K(478400K)] 624866K->130452K(1165376K), 0.0068840 secs] [Times: user=0.02 sys=0.00, real=0.01 secs] 
2014-07-08T04:29:54.647+0000: 952.862: [GC [PSYoungGen: 478386K->704K(463232K)] 608468K->130850K(1150208K), 0.0136330 secs] [Times: user=0.05 sys=0.00, real=0.02 secs] 
2014-07-08T04:29:55.631+0000: 953.847: [GC [PSYoungGen: 463232K->256K(447936K)] 593378K->130506K(1134912K), 0.0140460 secs] [Times: user=0.04 sys=0.00, real=0.01 secs] 
2014-07-08T04:29:56.603+0000: 954.819: [GC [PSYoungGen: 447936K->626K(434176K)] 578186K->130940K(1121152K), 0.0077500 secs] [Times: user=0.01 sys=0.00, real=0.01 secs] 
2014-07-08T04:29:57.530+0000: 955.746: [GC [PSYoungGen: 434162K->512K(520768K)] 564476K->130890K(1207744K), 0.0359200 secs] [Times: user=0.12 sys=0.00, real=0.03 secs] 
2014-07-08T04:29:58.654+0000: 956.870: [GC [PSYoungGen: 520768K->562K(624896K)] 651146K->131060K(1311872K), 0.0188310 secs] [Times: user=0.06 sys=0.00, real=0.02 secs] 
2014-07-08T04:30:00.050+0000: 958.266: [GC [PSYoungGen: 624882K->480K(749696K)] 755380K->131106K(1436672K), 0.0094670 secs] [Times: user=0.03 sys=0.00, real=0.01 secs] 
2014-07-08T04:30:01.606+0000: 959.822: [GC [PSYoungGen: 749662K->512K(899584K)] 880289K->131314K(1586560K), 0.0086970 secs] [Times: user=0.03 sys=0.00, real=0.01 secs] 
2014-07-08T04:30:03.532+0000: 961.748: [GC [PSYoungGen: 899584K->448K(864640K)] 1030386K->131346K(1551616K), 0.0090460 secs] [Times: user=0.03 sys=0.00, real=0.01 secs] 
2014-07-08T04:30:05.376+0000: 963.592: [GC [PSYoungGen: 864640K->160K(831104K)] 995538K->131106K(1518080K), 0.0038890 secs] [Times: user=0.01 sys=0.00, real=0.01 secs] 
2014-07-08T04:30:07.153+0000: 965.369: [GC [PSYoungGen: 831072K->256K(799488K)] 962018K->131274K(1486464K), 0.0145670 secs] [Times: user=0.06 sys=0.00, real=0.01 secs] 
2014-07-08T04:30:08.935+0000: 967.151: [GC [PSYoungGen: 799488K->704K(769728K)] 930506K->131890K(1456704K), 0.0231440 secs] [Times: user=0.09 sys=0.00, real=0.02 secs] 
2014-07-08T04:30:10.515+0000: 968.731: [GC [PSYoungGen: 769728K->420K(740736K)] 900914K->131790K(1427712K), 0.0059990 secs] [Times: user=0.02 sys=0.00, real=0.01 secs] 
2014-07-08T04:30:12.200+0000: 970.416: [GC [PSYoungGen: 740708K->690K(713600K)] 872078K->132172K(1400576K), 0.0201440 secs] [Times: user=0.08 sys=0.00, real=0.02 secs] 
2014-07-08T04:30:13.665+0000: 971.881: [GC [PSYoungGen: 713586K->854K(687616K)] 845068K->132464K(1374592K), 0.0131920 secs] [Times: user=0.04 sys=0.00, real=0.01 secs] 
2014-07-08T04:30:15.117+0000: 973.333: [GC [PSYoungGen: 687574K->128K(661888K)] 819184K->131794K(1348864K), 0.0042780 secs] [Times: user=0.01 sys=0.00, real=0.01 secs] 
2014-07-08T04:30:16.542+0000: 974.758: [GC [PSYoungGen: 661793K->434K(638976K)] 793460K->132180K(1325952K), 0.0041610 secs] [Times: user=0.01 sys=0.01, real=0.00 secs] 
2014-07-08T04:30:18.004+0000: 976.220: [GC [PSYoungGen: 638386K->928K(616256K)] 770132K->132730K(1303232K), 0.0070390 secs] [Times: user=0.02 sys=0.00, real=0.01 secs] 
2014-07-08T04:30:19.262+0000: 977.477: [GC [PSYoungGen: 616176K->644K(594368K)] 747979K->132630K(1281344K), 0.0052490 secs] [Times: user=0.01 sys=0.00, real=0.01 secs] 
2014-07-08T04:30:20.501+0000: 978.716: [GC [PSYoungGen: 594308K->224K(573248K)] 726294K->132314K(1260224K), 0.0065790 secs] [Times: user=0.00 sys=0.00, real=0.01 secs] 
2014-07-08T04:30:21.737+0000: 979.953: [GC [PSYoungGen: 573215K->416K(553728K)] 705306K->132570K(1240704K), 0.0077820 secs] [Times: user=0.02 sys=0.00, real=0.01 secs] 
2014-07-08T04:30:22.955+0000: 981.171: [GC [PSYoungGen: 553696K->388K(534912K)] 685850K->132622K(1221888K), 0.0106300 secs] [Times: user=0.03 sys=0.01, real=0.01 secs] 
2014-07-08T04:30:24.167+0000: 982.383: [GC [PSYoungGen: 534852K->740K(517248K)] 667086K->133038K(1204224K), 0.0056740 secs] [Times: user=0.01 sys=0.00, real=0.01 secs] 
2014-07-08T04:30:25.175+0000: 983.391: [GC [PSYoungGen: 517220K->292K(499584K)] 649518K->132678K(1186560K), 0.0070620 secs] [Times: user=0.02 sys=0.01, real=0.00 secs] 
2014-07-08T04:30:26.254+0000: 984.470: [GC [PSYoungGen: 499556K->128K(482944K)] 631942K->132554K(1169920K), 0.0063850 secs] [Times: user=0.01 sys=0.00, real=0.00 secs] 
2014-07-08T04:30:27.302+0000: 985.518: [GC [PSYoungGen: 482944K->608K(467776K)] 615370K->133082K(1154752K), 0.0097380 secs] [Times: user=0.03 sys=0.00, real=0.01 secs] 
2014-07-08T04:30:28.299+0000: 986.515: [GC [PSYoungGen: 467705K->424K(452544K)] 600180K->133002K(1139520K), 0.0123440 secs] [Times: user=0.05 sys=0.00, real=0.01 secs] 
2014-07-08T04:30:29.294+0000: 987.510: [GC [PSYoungGen: 452520K->992K(438784K)] 585098K->133674K(1125760K), 0.0136750 secs] [Times: user=0.05 sys=0.01, real=0.01 secs] 
2014-07-08T04:30:30.209+0000: 988.424: [GC [PSYoungGen: 438752K->224K(424256K)] 571434K->132986K(1111232K), 0.0082010 secs] [Times: user=0.04 sys=0.00, real=0.01 secs] 
2014-07-08T04:30:31.124+0000: 989.340: [GC [PSYoungGen: 424224K->128K(410944K)] 556986K->133010K(1097920K), 0.0078670 secs] [Times: user=0.03 sys=0.00, real=0.00 secs] 
2014-07-08T04:30:32.001+0000: 990.216: [GC [PSYoungGen: 410944K->128K(493120K)] 543826K->133058K(1180096K), 0.0156590 secs] [Times: user=0.05 sys=0.00, real=0.02 secs] 
2014-07-08T04:30:33.061+0000: 991.277: [GC [PSYoungGen: 493088K->128K(476992K)] 626019K->133098K(1163968K), 0.0064670 secs] [Times: user=0.01 sys=0.00, real=0.01 secs] 
2014-07-08T04:30:34.090+0000: 992.305: [GC [PSYoungGen: 476992K->498K(461952K)] 609962K->133524K(1148928K), 0.0068720 secs] [Times: user=0.01 sys=0.00, real=0.01 secs] 
2014-07-08T04:30:35.129+0000: 993.345: [GC [PSYoungGen: 461938K->416K(447104K)] 594964K->133498K(1134080K), 0.0082320 secs] [Times: user=0.03 sys=0.00, real=0.01 secs] 
2014-07-08T04:30:36.046+0000: 994.262: [GC [PSYoungGen: 447072K->160K(432704K)] 580154K->133322K(1119680K), 0.0105820 secs] [Times: user=0.04 sys=0.00, real=0.01 secs] 
2014-07-08T04:30:36.981+0000: 995.197: [GC [PSYoungGen: 432671K->438K(519488K)] 565834K->133648K(1206464K), 0.0119520 secs] [Times: user=0.05 sys=0.00, real=0.01 secs] 
2014-07-08T04:30:38.091+0000: 996.307: [GC [PSYoungGen: 519478K->388K(623296K)] 652688K->133678K(1310272K), 0.0127830 secs] [Times: user=0.04 sys=0.00, real=0.02 secs] 
2014-07-08T04:30:39.465+0000: 997.681: [GC [PSYoungGen: 623236K->882K(601728K)] 756526K->134412K(1288704K), 0.0058450 secs] [Times: user=0.01 sys=0.00, real=0.00 secs] 
2014-07-08T04:30:40.741+0000: 998.957: [GC [PSYoungGen: 601667K->722K(580608K)] 735198K->134316K(1267584K), 0.0061170 secs] [Times: user=0.01 sys=0.01, real=0.01 secs] 
2014-07-08T04:30:42.029+0000: 1000.244: [GC [PSYoungGen: 580562K->480K(560320K)] 714156K->134218K(1247296K), 0.0052670 secs] [Times: user=0.02 sys=0.00, real=0.00 secs] 
2014-07-08T04:30:43.166+0000: 1001.382: [GC [PSYoungGen: 560247K->356K(541056K)] 693986K->134190K(1228032K), 0.0054950 secs] [Times: user=0.01 sys=0.00, real=0.00 secs] 
2014-07-08T04:30:44.343+0000: 1002.558: [GC [PSYoungGen: 541025K->288K(522688K)] 674860K->134170K(1209664K), 0.0031020 secs] [Times: user=0.01 sys=0.00, real=0.01 secs] 
2014-07-08T04:30:45.458+0000: 1003.674: [GC [PSYoungGen: 522656K->192K(505088K)] 656538K->134106K(1192064K), 0.0076650 secs] [Times: user=0.01 sys=0.00, real=0.00 secs] 
2014-07-08T04:30:46.548+0000: 1004.763: [GC [PSYoungGen: 505088K->374K(488576K)] 639002K->134360K(1175552K), 0.0053080 secs] [Times: user=0.01 sys=0.01, real=0.00 secs] 
2014-07-08T04:30:47.605+0000: 1005.821: [GC [PSYoungGen: 488470K->448K(472704K)] 622457K->134466K(1159680K), 0.0114080 secs] [Times: user=0.05 sys=0.00, real=0.02 secs] 
2014-07-08T04:30:48.626+0000: 1006.841: [GC [PSYoungGen: 472704K->736K(457792K)] 606722K->134882K(1144768K), 0.0120920 secs] [Times: user=0.05 sys=0.01, real=0.02 secs] 
2014-07-08T04:30:49.651+0000: 1007.866: [GC [PSYoungGen: 457760K->1010K(443456K)] 591906K->135420K(1130432K), 0.0063190 secs] [Times: user=0.02 sys=0.00, real=0.01 secs] 
2014-07-08T04:30:50.540+0000: 1008.756: [GC [PSYoungGen: 443442K->192K(428672K)] 577852K->134682K(1115648K), 0.0041590 secs] [Times: user=0.01 sys=0.00, real=0.00 secs] 
2014-07-08T04:30:51.466+0000: 1009.682: [GC [PSYoungGen: 428672K->274K(415424K)] 563162K->134868K(1102400K), 0.0123140 secs] [Times: user=0.05 sys=0.00, real=0.02 secs] 
2014-07-08T04:30:52.361+0000: 1010.577: [GC [PSYoungGen: 415378K->160K(498368K)] 549972K->134818K(1185344K), 0.0217050 secs] [Times: user=0.08 sys=0.00, real=0.02 secs] 
2014-07-08T04:30:53.434+0000: 1011.650: [GC [PSYoungGen: 498336K->114K(597952K)] 632994K->134804K(1284928K), 0.0060490 secs] [Times: user=0.01 sys=0.00, real=0.01 secs] 
2014-07-08T04:30:54.844+0000: 1013.060: [GC [PSYoungGen: 597938K->1142K(578112K)] 732628K->135936K(1265088K), 0.0056020 secs] [Times: user=0.01 sys=0.00, real=0.01 secs] 
2014-07-08T04:30:55.950+0000: 1014.166: [GC [PSYoungGen: 578102K->192K(557248K)] 712896K->135066K(1244224K), 0.0042530 secs] [Times: user=0.02 sys=0.00, real=0.00 secs] 
2014-07-08T04:30:57.152+0000: 1015.368: [GC [PSYoungGen: 557248K->320K(538368K)] 692122K->135298K(1225344K), 0.0071680 secs] [Times: user=0.01 sys=0.00, real=0.01 secs] 
2014-07-08T04:30:58.307+0000: 1016.523: [GC [PSYoungGen: 538368K->192K(520064K)] 673346K->135274K(1207040K), 0.0041630 secs] [Times: user=0.02 sys=0.00, real=0.01 secs] 
2014-07-08T04:30:59.426+0000: 1017.641: [GC [PSYoungGen: 520064K->352K(502912K)] 655146K->135522K(1189888K), 0.0163850 secs] [Times: user=0.06 sys=0.00, real=0.02 secs] 
2014-07-08T04:31:00.571+0000: 1018.787: [GC [PSYoungGen: 502880K->754K(486720K)] 638050K->136004K(1173696K), 0.0089030 secs] [Times: user=0.03 sys=0.00, real=0.01 secs] 
2014-07-08T04:31:01.551+0000: 1019.767: [GC [PSYoungGen: 486706K->320K(470400K)] 621956K->135714K(1157376K), 0.0142040 secs] [Times: user=0.03 sys=0.00, real=0.01 secs] 
2014-07-08T04:31:02.565+0000: 1020.780: [GC [PSYoungGen: 470400K->388K(455360K)] 605794K->135846K(1142336K), 0.0103780 secs] [Times: user=0.03 sys=0.01, real=0.01 secs] 
2014-07-08T04:31:03.539+0000: 1021.755: [GC [PSYoungGen: 455300K->160K(440640K)] 590758K->135682K(1127616K), 0.0097980 secs] [Times: user=0.03 sys=0.00, real=0.01 secs] 
2014-07-08T04:31:04.488+0000: 1022.703: [GC [PSYoungGen: 440608K->128K(426688K)] 576130K->135690K(1113664K), 0.0040780 secs] [Times: user=0.01 sys=0.00, real=0.01 secs] 
2014-07-08T04:31:05.400+0000: 1023.616: [GC [PSYoungGen: 426688K->356K(413696K)] 562250K->135966K(1100672K), 0.0058470 secs] [Times: user=0.01 sys=0.00, real=0.00 secs] 
2014-07-08T04:31:06.312+0000: 1024.527: [GC [PSYoungGen: 413668K->356K(401024K)] 549278K->135998K(1088000K), 0.0045790 secs] [Times: user=0.01 sys=0.00, real=0.00 secs] 
2014-07-08T04:31:07.148+0000: 1025.364: [GC [PSYoungGen: 400943K->256K(388736K)] 536586K->135954K(1075712K), 0.0106720 secs] [Times: user=0.04 sys=0.00, real=0.02 secs] 
2014-07-08T04:31:07.988+0000: 1026.204: [GC [PSYoungGen: 388736K->274K(466496K)] 524434K->136068K(1153472K), 0.0142570 secs] [Times: user=0.06 sys=0.00, real=0.02 secs] 
2014-07-08T04:31:08.996+0000: 1027.212: [GC [PSYoungGen: 466450K->192K(451392K)] 602244K->136066K(1138368K), 0.0072010 secs] [Times: user=0.01 sys=0.00, real=0.01 secs] 
2014-07-08T04:31:10.059+0000: 1028.275: [GC [PSYoungGen: 451392K->594K(437504K)] 587266K->136524K(1124480K), 0.0054620 secs] [Times: user=0.01 sys=0.00, real=0.00 secs] 
2014-07-08T04:31:10.917+0000: 1029.133: [GC [PSYoungGen: 437458K->352K(423552K)] 573388K->136394K(1110528K), 0.0080300 secs] [Times: user=0.03 sys=0.00, real=0.01 secs] 
2014-07-08T04:31:11.889+0000: 1030.104: [GC [PSYoungGen: 423520K->896K(508736K)] 559562K->137026K(1195712K), 0.0271780 secs] [Times: user=0.09 sys=0.00, real=0.03 secs] 
2014-07-08T04:31:12.932+0000: 1031.148: [GC [PSYoungGen: 508736K->370K(609792K)] 644866K->136572K(1296768K), 0.0034950 secs] [Times: user=0.01 sys=0.00, real=0.00 secs] 
2014-07-08T04:31:14.214+0000: 1032.430: [GC [PSYoungGen: 609778K->160K(588224K)] 745980K->136450K(1275200K), 0.0077160 secs] [Times: user=0.03 sys=0.00, real=0.01 secs] 
2014-07-08T04:31:15.474+0000: 1033.690: [GC [PSYoungGen: 588192K->160K(567808K)] 724482K->136498K(1254784K), 0.0092710 secs] [Times: user=0.04 sys=0.00, real=0.01 secs] 
2014-07-08T04:31:16.711+0000: 1034.926: [GC [PSYoungGen: 567776K->516K(548736K)] 704114K->136902K(1235712K), 0.0048020 secs] [Times: user=0.01 sys=0.00, real=0.00 secs] 
2014-07-08T04:31:17.926+0000: 1036.142: [GC [PSYoungGen: 548676K->832K(530368K)] 685062K->137266K(1217344K), 0.0048720 secs] [Times: user=0.01 sys=0.00, real=0.01 secs] 
2014-07-08T04:31:19.104+0000: 1037.320: [GC [PSYoungGen: 530368K->786K(512576K)] 666802K->137396K(1199552K), 0.0145140 secs] [Times: user=0.05 sys=0.01, real=0.01 secs] 
2014-07-08T04:31:20.140+0000: 1038.355: [GC [PSYoungGen: 512530K->256K(614400K)] 649140K->136978K(1301376K), 0.0177810 secs] [Times: user=0.07 sys=0.00, real=0.02 secs] 
2014-07-08T04:31:21.422+0000: 1039.637: [GC [PSYoungGen: 614400K->192K(592768K)] 751122K->137002K(1279744K), 0.0054180 secs] [Times: user=0.01 sys=0.00, real=0.00 secs] 
2014-07-08T04:31:22.717+0000: 1040.932: [GC [PSYoungGen: 592768K->562K(572544K)] 729578K->137436K(1259520K), 0.0070050 secs] [Times: user=0.01 sys=0.00, real=0.01 secs] 
2014-07-08T04:31:23.965+0000: 1042.181: [GC [PSYoungGen: 572530K->356K(552640K)] 709404K->137294K(1239616K), 0.0100900 secs] [Times: user=0.04 sys=0.00, real=0.01 secs] 
2014-07-08T04:31:25.279+0000: 1043.495: [GC [PSYoungGen: 552612K->594K(534080K)] 689550K->137596K(1221056K), 0.0054630 secs] [Times: user=0.01 sys=0.01, real=0.01 secs] 
2014-07-08T04:31:26.296+0000: 1044.512: [GC [PSYoungGen: 534034K->256K(515776K)] 671036K->137354K(1202752K), 0.0047670 secs] [Times: user=0.02 sys=0.00, real=0.00 secs] 
2014-07-08T04:31:27.386+0000: 1045.601: [GC [PSYoungGen: 515776K->320K(498688K)] 652874K->137450K(1185664K), 0.0218920 secs] [Times: user=0.08 sys=0.00, real=0.02 secs] 
2014-07-08T04:31:28.457+0000: 1046.673: [GC [PSYoungGen: 498688K->256K(598336K)] 635818K->137522K(1285312K), 0.0277590 secs] [Times: user=0.09 sys=0.00, real=0.03 secs] 
2014-07-08T04:31:29.761+0000: 1047.977: [GC [PSYoungGen: 598336K->644K(718400K)] 735602K->138022K(1405376K), 0.0062130 secs] [Times: user=0.02 sys=0.01, real=0.01 secs] 
2014-07-08T04:31:31.286+0000: 1049.501: [GC [PSYoungGen: 718274K->192K(691520K)] 855653K->137658K(1378496K), 0.0043250 secs] [Times: user=0.01 sys=0.00, real=0.00 secs] 
2014-07-08T04:31:32.775+0000: 1050.991: [GC [PSYoungGen: 691518K->576K(666752K)] 828985K->138178K(1353728K), 0.0113110 secs] [Times: user=0.04 sys=0.00, real=0.01 secs] 
2014-07-08T04:31:34.194+0000: 1052.410: [GC [PSYoungGen: 666751K->128K(642304K)] 804354K->137770K(1329280K), 0.0034080 secs] [Times: user=0.01 sys=0.00, real=0.00 secs] 
2014-07-08T04:31:35.588+0000: 1053.804: [GC [PSYoungGen: 642304K->256K(619520K)] 779946K->137946K(1306496K), 0.0049340 secs] [Times: user=0.01 sys=0.00, real=0.01 secs] 
2014-07-08T04:31:36.990+0000: 1055.206: [GC [PSYoungGen: 619520K->822K(598272K)] 757210K->138576K(1285248K), 0.0067920 secs] [Times: user=0.01 sys=0.00, real=0.01 secs] 
2014-07-08T04:31:38.196+0000: 1056.412: [GC [PSYoungGen: 598262K->384K(576960K)] 736016K->138242K(1263936K), 0.0054630 secs] [Times: user=0.01 sys=0.00, real=0.00 secs] 
2014-07-08T04:31:39.433+0000: 1057.649: [GC [PSYoungGen: 576960K->160K(556864K)] 714818K->138146K(1243840K), 0.0046900 secs] [Times: user=0.01 sys=0.00, real=0.01 secs] 
2014-07-08T04:31:40.637+0000: 1058.853: [GC [PSYoungGen: 556831K->306K(537984K)] 694818K->138356K(1224960K), 0.0061230 secs] [Times: user=0.01 sys=0.00, real=0.00 secs] 
2014-07-08T04:31:41.828+0000: 1060.044: [GC [PSYoungGen: 537970K->946K(520512K)] 676020K->139100K(1207488K), 0.0265160 secs] [Times: user=0.09 sys=0.00, real=0.03 secs] 
2014-07-08T04:31:42.984+0000: 1061.200: [GC [PSYoungGen: 520498K->704K(502912K)] 658652K->138914K(1189888K), 0.0056210 secs] [Times: user=0.02 sys=0.01, real=0.01 secs] 
2014-07-08T04:31:43.994+0000: 1062.210: [GC [PSYoungGen: 502912K->224K(602944K)] 641122K->138506K(1289920K), 0.0279490 secs] [Times: user=0.09 sys=0.00, real=0.03 secs] 
2014-07-08T04:31:45.351+0000: 1063.566: [GC [PSYoungGen: 602912K->1120K(724416K)] 741194K->139466K(1411392K), 0.0105320 secs] [Times: user=0.04 sys=0.01, real=0.01 secs] 
2014-07-08T04:31:46.895+0000: 1065.111: [GC [PSYoungGen: 724317K->1078K(869056K)] 862664K->139480K(1556032K), 0.0214850 secs] [Times: user=0.07 sys=0.00, real=0.03 secs] 
2014-07-08T04:31:48.712+0000: 1066.928: [GC [PSYoungGen: 869046K->484K(1042112K)] 1007448K->139014K(1729088K), 0.0144940 secs] [Times: user=0.05 sys=0.00, real=0.02 secs] 
2014-07-08T04:31:50.974+0000: 1069.189: [GC [PSYoungGen: 1042084K->662K(1000576K)] 1180614K->139344K(1687552K), 0.0134630 secs] [Times: user=0.05 sys=0.00, real=0.02 secs] 
2014-07-08T04:31:53.097+0000: 1071.312: [GC [PSYoungGen: 1000459K->192K(960320K)] 1139142K->139082K(1647296K), 0.0114680 secs] [Times: user=0.04 sys=0.00, real=0.01 secs] 
2014-07-08T04:31:55.209+0000: 1073.424: [GC [PSYoungGen: 960320K->672K(923008K)] 1099210K->139666K(1609984K), 0.0061670 secs] [Times: user=0.01 sys=0.00, real=0.00 secs] 
2014-07-08T04:31:57.140+0000: 1075.356: [GC [PSYoungGen: 922976K->306K(886592K)] 1061970K->139364K(1573568K), 0.0062470 secs] [Times: user=0.01 sys=0.00, real=0.01 secs] 
2014-07-08T04:31:59.051+0000: 1077.267: [GC [PSYoungGen: 886578K->402K(852416K)] 1025636K->139612K(1539392K), 0.0177740 secs] [Times: user=0.07 sys=0.01, real=0.02 secs] 
2014-07-08T04:32:01.058+0000: 1079.273: [GC [PSYoungGen: 852370K->1156K(820480K)] 991580K->140526K(1507456K), 0.0089210 secs] [Times: user=0.02 sys=0.00, real=0.00 secs] 
2014-07-08T04:32:02.639+0000: 1080.855: [GC [PSYoungGen: 820420K->612K(788800K)] 959790K->140158K(1475776K), 0.0057650 secs] [Times: user=0.01 sys=0.00, real=0.00 secs] 
2014-07-08T04:32:04.317+0000: 1082.533: [GC [PSYoungGen: 788772K->416K(758912K)] 928318K->140066K(1445888K), 0.0205940 secs] [Times: user=0.08 sys=0.00, real=0.02 secs] 
2014-07-08T04:32:05.993+0000: 1084.208: [GC [PSYoungGen: 758880K->352K(730560K)] 898530K->140050K(1417536K), 0.0119160 secs] [Times: user=0.04 sys=0.00, real=0.01 secs] 
2014-07-08T04:32:07.500+0000: 1085.716: [GC [PSYoungGen: 730463K->580K(876864K)] 870162K->140390K(1563840K), 0.0333170 secs] [Times: user=0.12 sys=0.00, real=0.03 secs] 
2014-07-08T04:32:09.378+0000: 1087.594: [GC [PSYoungGen: 876716K->256K(842688K)] 1016527K->140226K(1529664K), 0.0035830 secs] [Times: user=0.02 sys=0.00, real=0.00 secs] 
2014-07-08T04:32:11.196+0000: 1089.412: [GC [PSYoungGen: 842688K->438K(810688K)] 982658K->140536K(1497664K), 0.0110760 secs] [Times: user=0.04 sys=0.00, real=0.01 secs] 
2014-07-08T04:32:13.000+0000: 1091.216: [GC [PSYoungGen: 810678K->690K(780224K)] 950776K->140956K(1467200K), 0.0236120 secs] [Times: user=0.09 sys=0.00, real=0.02 secs] 
2014-07-08T04:32:14.621+0000: 1092.837: [GC [PSYoungGen: 780210K->712K(751040K)] 920476K->141090K(1438016K), 0.0085970 secs] [Times: user=0.02 sys=0.00, real=0.01 secs] 
2014-07-08T04:32:16.266+0000: 1094.482: [GC [PSYoungGen: 750984K->192K(722560K)] 891362K->140618K(1409536K), 0.0039480 secs] [Times: user=0.01 sys=0.00, real=0.01 secs] 
2014-07-08T04:32:17.834+0000: 1096.050: [GC [PSYoungGen: 722560K->914K(696768K)] 862986K->141420K(1383744K), 0.0055870 secs] [Times: user=0.02 sys=0.00, real=0.00 secs] 
2014-07-08T04:32:19.276+0000: 1097.492: [GC [PSYoungGen: 696722K->384K(670848K)] 837228K->141058K(1357824K), 0.0040580 secs] [Times: user=0.02 sys=0.01, real=0.01 secs] 
2014-07-08T04:32:20.801+0000: 1099.016: [GC [PSYoungGen: 670848K->1152K(647424K)] 811522K->141930K(1334400K), 0.0285030 secs] [Times: user=0.10 sys=0.01, real=0.02 secs] 
2014-07-08T04:32:22.104+0000: 1100.319: [GC [PSYoungGen: 647424K->224K(623488K)] 788202K->141130K(1310464K), 0.0120210 secs] [Times: user=0.02 sys=0.00, real=0.01 secs] 
2014-07-08T04:32:23.445+0000: 1101.661: [GC [PSYoungGen: 623359K->484K(748416K)] 764266K->141518K(1435392K), 0.0293660 secs] [Times: user=0.10 sys=0.00, real=0.03 secs] 
2014-07-08T04:32:25.047+0000: 1103.262: [GC [PSYoungGen: 748388K->292K(720448K)] 889422K->141358K(1407424K), 0.0040620 secs] [Times: user=0.01 sys=0.00, real=0.00 secs] 
2014-07-08T04:32:26.607+0000: 1104.822: [GC [PSYoungGen: 720323K->594K(694272K)] 861390K->141724K(1381248K), 0.0080270 secs] [Times: user=0.03 sys=0.00, real=0.01 secs] 
2014-07-08T04:32:28.067+0000: 1106.283: [GC [PSYoungGen: 694226K->256K(668608K)] 835356K->141482K(1355584K), 0.0061020 secs] [Times: user=0.01 sys=0.00, real=0.01 secs] 
2014-07-08T04:32:29.504+0000: 1107.719: [GC [PSYoungGen: 668600K->128K(644416K)] 809826K->141538K(1331392K), 0.0070370 secs] [Times: user=0.03 sys=0.00, real=0.00 secs] 
2014-07-08T04:32:30.986+0000: 1109.201: [GC [PSYoungGen: 644416K->1188K(622528K)] 785826K->142670K(1309504K), 0.0048470 secs] [Times: user=0.02 sys=0.00, real=0.00 secs] 
2014-07-08T04:32:32.296+0000: 1110.512: [GC [PSYoungGen: 622500K->448K(599808K)] 763982K->142034K(1286784K), 0.0075700 secs] [Times: user=0.01 sys=0.01, real=0.01 secs] 
2014-07-08T04:32:33.517+0000: 1111.733: [GC [PSYoungGen: 599808K->192K(578624K)] 741394K->141890K(1265600K), 0.0038000 secs] [Times: user=0.01 sys=0.00, real=0.00 secs] 
2014-07-08T04:32:34.786+0000: 1113.002: [GC [PSYoungGen: 578624K->562K(559040K)] 720322K->142292K(1246016K), 0.0059780 secs] [Times: user=0.01 sys=0.00, real=0.01 secs] 
2014-07-08T04:32:36.082+0000: 1114.297: [GC [PSYoungGen: 559026K->832K(540224K)] 700756K->142634K(1227200K), 0.0070430 secs] [Times: user=0.01 sys=0.00, real=0.01 secs] 
2014-07-08T04:32:37.126+0000: 1115.342: [GC [PSYoungGen: 540224K->288K(521472K)] 682026K->142170K(1208448K), 0.0120880 secs] [Times: user=0.05 sys=0.00, real=0.01 secs] 
2014-07-08T04:32:38.364+0000: 1116.580: [GC [PSYoungGen: 521440K->800K(504576K)] 663322K->142794K(1191552K), 0.0114180 secs] [Times: user=0.03 sys=0.00, real=0.01 secs] 
2014-07-08T04:32:39.343+0000: 1117.559: [GC [PSYoungGen: 504544K->388K(487552K)] 646538K->142542K(1174528K), 0.0064350 secs] [Times: user=0.01 sys=0.00, real=0.01 secs] 
2014-07-08T04:32:40.379+0000: 1118.595: [GC [PSYoungGen: 487492K->192K(471424K)] 629646K->142426K(1158400K), 0.0055270 secs] [Times: user=0.01 sys=0.00, real=0.01 secs] 
2014-07-08T04:32:41.389+0000: 1119.605: [GC [PSYoungGen: 471424K->388K(565952K)] 613658K->142718K(1252928K), 0.0247080 secs] [Times: user=0.09 sys=0.00, real=0.03 secs] 
2014-07-08T04:32:42.607+0000: 1120.822: [GC [PSYoungGen: 565892K->448K(679104K)] 708222K->142882K(1366080K), 0.0098690 secs] [Times: user=0.03 sys=0.00, real=0.01 secs] 
2014-07-08T04:32:44.176+0000: 1122.392: [GC [PSYoungGen: 679104K->562K(654656K)] 821538K->143044K(1341632K), 0.0053500 secs] [Times: user=0.01 sys=0.00, real=0.00 secs] 
2014-07-08T04:32:45.482+0000: 1123.698: [GC [PSYoungGen: 654642K->210K(630912K)] 797124K->142780K(1317888K), 0.0108960 secs] [Times: user=0.03 sys=0.00, real=0.01 secs] 
2014-07-08T04:32:46.864+0000: 1125.079: [GC [PSYoungGen: 630857K->512K(608832K)] 773428K->143114K(1295808K), 0.0056690 secs] [Times: user=0.01 sys=0.00, real=0.01 secs] 
2014-07-08T04:32:48.148+0000: 1126.364: [GC [PSYoungGen: 608832K->402K(587456K)] 751434K->143108K(1274432K), 0.0122250 secs] [Times: user=0.04 sys=0.00, real=0.01 secs] 
2014-07-08T04:32:49.408+0000: 1127.623: [GC [PSYoungGen: 587410K->192K(566848K)] 730116K->143042K(1253824K), 0.0034210 secs] [Times: user=0.01 sys=0.00, real=0.00 secs] 
2014-07-08T04:32:50.639+0000: 1128.855: [GC [PSYoungGen: 566848K->530K(547776K)] 709698K->143460K(1234752K), 0.0078030 secs] [Times: user=0.03 sys=0.00, real=0.01 secs] 
2014-07-08T04:32:51.816+0000: 1130.031: [GC [PSYoungGen: 547730K->562K(529216K)] 690660K->143604K(1216192K), 0.0085830 secs] [Times: user=0.03 sys=0.00, real=0.00 secs] 
2014-07-08T04:32:53.004+0000: 1131.220: [GC [PSYoungGen: 529202K->804K(635200K)] 672244K->143926K(1322176K), 0.0285140 secs] [Times: user=0.09 sys=0.00, real=0.03 secs] 
2014-07-08T04:32:54.313+0000: 1132.529: [GC [PSYoungGen: 635172K->384K(612224K)] 778294K->143570K(1299200K), 0.0066850 secs] [Times: user=0.01 sys=0.00, real=0.01 secs] 
2014-07-08T04:32:55.631+0000: 1133.847: [GC [PSYoungGen: 612224K->530K(590912K)] 755410K->143756K(1277888K), 0.0050070 secs] [Times: user=0.01 sys=0.00, real=0.01 secs] 
2014-07-08T04:32:56.959+0000: 1135.175: [GC [PSYoungGen: 590866K->672K(570496K)] 734092K->143962K(1257472K), 0.0095240 secs] [Times: user=0.02 sys=0.00, real=0.01 secs] 
2014-07-08T04:32:58.126+0000: 1136.342: [GC [PSYoungGen: 570464K->352K(550592K)] 713754K->143818K(1237568K), 0.0073840 secs] [Times: user=0.01 sys=0.00, real=0.00 secs] 
2014-07-08T04:32:59.308+0000: 1137.524: [GC [PSYoungGen: 550560K->274K(531840K)] 694026K->143836K(1218816K), 0.0052930 secs] [Times: user=0.01 sys=0.00, real=0.00 secs] 
2014-07-08T04:33:00.454+0000: 1138.670: [GC [PSYoungGen: 531794K->242K(513920K)] 675356K->143892K(1200896K), 0.0065080 secs] [Times: user=0.02 sys=0.00, real=0.01 secs] 
2014-07-08T04:33:01.559+0000: 1139.774: [GC [PSYoungGen: 513906K->128K(496704K)] 657556K->143834K(1183680K), 0.0060830 secs] [Times: user=0.02 sys=0.00, real=0.00 secs] 
2014-07-08T04:33:02.640+0000: 1140.856: [GC [PSYoungGen: 496688K->580K(480896K)] 640395K->144374K(1167872K), 0.0153950 secs] [Times: user=0.06 sys=0.00, real=0.01 secs] 
2014-07-08T04:33:03.675+0000: 1141.891: [GC [PSYoungGen: 480836K->612K(465280K)] 624630K->144486K(1152256K), 0.0057980 secs] [Times: user=0.01 sys=0.00, real=0.01 secs] 
2014-07-08T04:33:04.670+0000: 1142.886: [GC [PSYoungGen: 465252K->416K(450176K)] 609126K->144346K(1137152K), 0.0115600 secs] [Times: user=0.04 sys=0.00, real=0.01 secs] 
2014-07-08T04:33:05.637+0000: 1143.853: [GC [PSYoungGen: 450144K->416K(435904K)] 594074K->144386K(1122880K), 0.0050780 secs] [Times: user=0.01 sys=0.00, real=0.00 secs] 
2014-07-08T04:33:06.572+0000: 1144.787: [GC [PSYoungGen: 435872K->320K(522880K)] 579842K->144346K(1209856K), 0.0307610 secs] [Times: user=0.09 sys=0.00, real=0.03 secs] 
2014-07-08T04:33:07.707+0000: 1145.923: [GC [PSYoungGen: 522880K->640K(627712K)] 666906K->144722K(1314688K), 0.0113520 secs] [Times: user=0.03 sys=0.00, real=0.01 secs] 
2014-07-08T04:33:09.068+0000: 1147.284: [GC [PSYoungGen: 627712K->320K(752832K)] 771794K->144562K(1439808K), 0.0076430 secs] [Times: user=0.01 sys=0.00, real=0.00 secs] 
2014-07-08T04:33:10.669+0000: 1148.885: [GC [PSYoungGen: 752832K->882K(725440K)] 897074K->145308K(1412416K), 0.0059790 secs] [Times: user=0.01 sys=0.00, real=0.00 secs] 
2014-07-08T04:33:12.214+0000: 1150.430: [GC [PSYoungGen: 725426K->160K(698048K)] 869852K->144658K(1385024K), 0.0043470 secs] [Times: user=0.01 sys=0.00, real=0.01 secs] 
2014-07-08T04:33:13.722+0000: 1151.938: [GC [PSYoungGen: 698016K->640K(673024K)] 842514K->145218K(1360000K), 0.0207010 secs] [Times: user=0.07 sys=0.00, real=0.02 secs] 
2014-07-08T04:33:15.183+0000: 1153.398: [GC [PSYoungGen: 673024K->384K(648512K)] 817602K->145010K(1335488K), 0.0045210 secs] [Times: user=0.01 sys=0.00, real=0.00 secs] 
2014-07-08T04:33:16.611+0000: 1154.826: [GC [PSYoungGen: 648512K->850K(625856K)] 793138K->145580K(1312832K), 0.0051190 secs] [Times: user=0.02 sys=0.00, real=0.00 secs] 
2014-07-08T04:33:17.959+0000: 1156.175: [GC [PSYoungGen: 625810K->964K(603904K)] 770540K->145758K(1290880K), 0.0063220 secs] [Times: user=0.02 sys=0.01, real=0.01 secs] 
2014-07-08T04:33:19.197+0000: 1157.413: [GC [PSYoungGen: 603841K->256K(582080K)] 748636K->145258K(1269056K), 0.0117830 secs] [Times: user=0.04 sys=0.00, real=0.02 secs] 
2014-07-08T04:33:20.461+0000: 1158.677: [GC [PSYoungGen: 582080K->384K(562048K)] 727082K->145458K(1249024K), 0.0223150 secs] [Times: user=0.08 sys=0.00, real=0.02 secs] 
2014-07-08T04:33:21.714+0000: 1159.929: [GC [PSYoungGen: 562048K->644K(543168K)] 707122K->145838K(1230144K), 0.0050350 secs] [Times: user=0.02 sys=0.00, real=0.00 secs] 
2014-07-08T04:33:22.868+0000: 1161.084: [GC [PSYoungGen: 543102K->932K(525056K)] 688297K->146238K(1212032K), 0.0090610 secs] [Times: user=0.01 sys=0.00, real=0.01 secs] 
2014-07-08T04:33:23.986+0000: 1162.202: [GC [PSYoungGen: 525028K->502K(629440K)] 670334K->145864K(1316416K), 0.0259510 secs] [Times: user=0.10 sys=0.00, real=0.03 secs] 
2014-07-08T04:33:25.311+0000: 1163.527: [GC [PSYoungGen: 629430K->128K(606784K)] 774792K->145530K(1293760K), 0.0057400 secs] [Times: user=0.01 sys=0.00, real=0.00 secs] 
2014-07-08T04:33:26.694+0000: 1164.910: [GC [PSYoungGen: 606784K->864K(586304K)] 752186K->146314K(1273280K), 0.0093640 secs] [Times: user=0.03 sys=0.00, real=0.01 secs] 
2014-07-08T04:33:27.919+0000: 1166.135: [GC [PSYoungGen: 586272K->562K(565696K)] 731722K->146100K(1252672K), 0.0057640 secs] [Times: user=0.01 sys=0.00, real=0.01 secs] 
2014-07-08T04:33:29.102+0000: 1167.318: [GC [PSYoungGen: 565682K->306K(546048K)] 711220K->146012K(1233024K), 0.0048220 secs] [Times: user=0.01 sys=0.00, real=0.00 secs] 
2014-07-08T04:33:30.288+0000: 1168.504: [GC [PSYoungGen: 546034K->256K(527488K)] 691740K->146034K(1214464K), 0.0078530 secs] [Times: user=0.01 sys=0.00, real=0.01 secs] 
2014-07-08T04:33:31.421+0000: 1169.636: [GC [PSYoungGen: 527488K->224K(509824K)] 673266K->146074K(1196800K), 0.0148840 secs] [Times: user=0.05 sys=0.00, real=0.02 secs] 
2014-07-08T04:33:32.523+0000: 1170.738: [GC [PSYoungGen: 509792K->224K(492928K)] 655642K->146122K(1179904K), 0.0050390 secs] [Times: user=0.01 sys=0.00, real=0.00 secs] 
2014-07-08T04:33:33.580+0000: 1171.796: [GC [PSYoungGen: 492896K->64K(476608K)] 638794K->146082K(1163584K), 0.0067810 secs] [Times: user=0.01 sys=0.00, real=0.01 secs] 
2014-07-08T04:33:34.615+0000: 1172.831: [GC [PSYoungGen: 476542K->498K(462272K)] 622561K->146564K(1149248K), 0.0169290 secs] [Times: user=0.06 sys=0.00, real=0.02 secs] 
2014-07-08T04:33:35.602+0000: 1173.818: [GC [PSYoungGen: 461618K->242K(446592K)] 607684K->146332K(1133568K), 0.0041380 secs] [Times: user=0.01 sys=0.00, real=0.00 secs] 
2014-07-08T04:33:36.558+0000: 1174.773: [GC [PSYoungGen: 446486K->260K(432512K)] 592577K->146398K(1119488K), 0.0109600 secs] [Times: user=0.04 sys=0.00, real=0.01 secs] 
2014-07-08T04:33:37.552+0000: 1175.768: [GC [PSYoungGen: 432452K->512K(419200K)] 578590K->146682K(1106176K), 0.0095760 secs] [Times: user=0.03 sys=0.00, real=0.00 secs] 
2014-07-08T04:33:38.402+0000: 1176.617: [GC [PSYoungGen: 419129K->256K(406016K)] 565300K->146650K(1092992K), 0.0091560 secs] [Times: user=0.04 sys=0.00, real=0.01 secs] 
2014-07-08T04:33:39.258+0000: 1177.474: [GC [PSYoungGen: 406012K->228K(393664K)] 552407K->146686K(1080640K), 0.0044620 secs] [Times: user=0.01 sys=0.00, real=0.01 secs] 
2014-07-08T04:33:40.110+0000: 1178.325: [GC [PSYoungGen: 393636K->192K(381760K)] 540094K->146690K(1068736K), 0.0115110 secs] [Times: user=0.04 sys=0.00, real=0.01 secs] 
2014-07-08T04:33:40.936+0000: 1179.152: [GC [PSYoungGen: 381760K->192K(370432K)] 528258K->146730K(1057408K), 0.0042440 secs] [Times: user=0.01 sys=0.00, real=0.00 secs] 
2014-07-08T04:33:41.731+0000: 1179.947: [GC [PSYoungGen: 370429K->320K(359680K)] 516968K->146922K(1046656K), 0.0059410 secs] [Times: user=0.01 sys=0.00, real=0.01 secs] 
2014-07-08T04:33:42.499+0000: 1180.715: [GC [PSYoungGen: 359680K->256K(349184K)] 506282K->146874K(1036160K), 0.0074080 secs] [Times: user=0.01 sys=0.00, real=0.01 secs] 
2014-07-08T04:33:43.249+0000: 1181.464: [GC [PSYoungGen: 349117K->228K(419008K)] 495736K->146918K(1105984K), 0.0140200 secs] [Times: user=0.04 sys=0.00, real=0.01 secs] 
2014-07-08T04:33:44.148+0000: 1182.364: [GC [PSYoungGen: 418980K->338K(502912K)] 565670K->147060K(1189888K), 0.0133910 secs] [Times: user=0.04 sys=0.00, real=0.01 secs] 
2014-07-08T04:33:45.233+0000: 1183.449: [GC [PSYoungGen: 502865K->178K(603264K)] 649588K->146948K(1290240K), 0.0063860 secs] [Times: user=0.02 sys=0.00, real=0.00 secs] 
2014-07-08T04:33:46.559+0000: 1184.775: [GC [PSYoungGen: 603250K->306K(582272K)] 750020K->147108K(1269248K), 0.0051530 secs] [Times: user=0.02 sys=0.00, real=0.01 secs] 
2014-07-08T04:33:47.799+0000: 1186.015: [GC [PSYoungGen: 582258K->690K(562496K)] 729060K->147588K(1249472K), 0.0049700 secs] [Times: user=0.02 sys=0.00, real=0.01 secs] 
2014-07-08T04:33:49.000+0000: 1187.216: [GC [PSYoungGen: 562482K->274K(542912K)] 709380K->147348K(1229888K), 0.0048390 secs] [Times: user=0.01 sys=0.00, real=0.01 secs] 
2014-07-08T04:33:50.167+0000: 1188.382: [GC [PSYoungGen: 542866K->288K(524544K)] 689940K->147450K(1211520K), 0.0097240 secs] [Times: user=0.03 sys=0.00, real=0.01 secs] 
2014-07-08T04:33:51.310+0000: 1189.526: [GC [PSYoungGen: 524512K->96K(506816K)] 671674K->147338K(1193792K), 0.0065600 secs] [Times: user=0.01 sys=0.00, real=0.01 secs] 
2014-07-08T04:33:52.436+0000: 1190.652: [GC [PSYoungGen: 506784K->320K(490688K)] 654026K->147602K(1177664K), 0.0044160 secs] [Times: user=0.01 sys=0.00, real=0.00 secs] 
2014-07-08T04:33:53.455+0000: 1191.671: [GC [PSYoungGen: 490240K->288K(474240K)] 637522K->147690K(1161216K), 0.0092200 secs] [Times: user=0.02 sys=0.00, real=0.01 secs] 
2014-07-08T04:33:54.472+0000: 1192.688: [GC [PSYoungGen: 474208K->160K(568896K)] 621610K->147602K(1255872K), 0.0419040 secs] [Times: user=0.15 sys=0.00, real=0.05 secs] 
2014-07-08T04:33:55.700+0000: 1193.916: [GC [PSYoungGen: 568864K->512K(683008K)] 716306K->148010K(1369984K), 0.0169080 secs] [Times: user=0.05 sys=0.00, real=0.02 secs] 
2014-07-08T04:33:57.325+0000: 1195.541: [GC [PSYoungGen: 683008K->690K(819712K)] 830506K->148364K(1506688K), 0.0114870 secs] [Times: user=0.04 sys=0.00, real=0.01 secs] 
2014-07-08T04:33:58.945+0000: 1197.160: [GC [PSYoungGen: 819629K->256K(983104K)] 967304K->148862K(1670080K), 0.0123070 secs] [Times: user=0.04 sys=0.00, real=0.02 secs] 
2014-07-08T04:34:01.055+0000: 1199.271: [GC [PSYoungGen: 983104K->630K(1180096K)] 1131710K->149373K(1867072K), 0.0279110 secs] [Times: user=0.10 sys=0.00, real=0.02 secs] 
2014-07-08T04:34:03.572+0000: 1201.788: [GC [PSYoungGen: 1180086K->434K(1131520K)] 1328829K->149517K(1818496K), 0.0056170 secs] [Times: user=0.02 sys=0.00, real=0.01 secs] 
2014-07-08T04:34:06.024+0000: 1204.240: [GC [PSYoungGen: 1131506K->452K(1085568K)] 1280589K->149639K(1772544K), 0.0148460 secs] [Times: user=0.06 sys=0.00, real=0.02 secs] 
2014-07-08T04:34:08.337+0000: 1206.552: [GC [PSYoungGen: 1085508K->352K(1041664K)] 1234695K->149667K(1728640K), 0.0078860 secs] [Times: user=0.02 sys=0.00, real=0.00 secs] 
2014-07-08T04:34:10.576+0000: 1208.791: [GC [PSYoungGen: 1041632K->338K(999936K)] 1190947K->149869K(1686912K), 0.0188320 secs] [Times: user=0.07 sys=0.00, real=0.02 secs] 
2014-07-08T04:34:12.739+0000: 1210.955: [GC [PSYoungGen: 999890K->690K(960576K)] 1149421K->150373K(1647552K), 0.0079770 secs] [Times: user=0.02 sys=0.00, real=0.01 secs] 
2014-07-08T04:34:14.824+0000: 1213.040: [GC [PSYoungGen: 960562K->768K(922816K)] 1110245K->150539K(1609792K), 0.0066610 secs] [Times: user=0.01 sys=0.00, real=0.01 secs] 
2014-07-08T04:34:16.806+0000: 1215.021: [GC [PSYoungGen: 922816K->616K(886720K)] 1072587K->150779K(1573696K), 0.0171810 secs] [Times: user=0.06 sys=0.00, real=0.02 secs] 
2014-07-08T04:34:18.682+0000: 1216.898: [GC [PSYoungGen: 886696K->850K(852672K)] 1036859K->151125K(1539648K), 0.0101200 secs] [Times: user=0.01 sys=0.00, real=0.01 secs] 
2014-07-08T04:34:20.512+0000: 1218.728: [GC [PSYoungGen: 852626K->256K(819392K)] 1002901K->150795K(1506368K), 0.0136380 secs] [Times: user=0.06 sys=0.00, real=0.01 secs] 
2014-07-08T04:34:22.429+0000: 1220.645: [GC [PSYoungGen: 819392K->786K(788864K)] 969931K->151437K(1475840K), 0.0069410 secs] [Times: user=0.01 sys=0.00, real=0.00 secs] 
2014-07-08T04:34:24.017+0000: 1222.233: [GC [PSYoungGen: 788818K->352K(758784K)] 939469K->151171K(1445760K), 0.0137250 secs] [Times: user=0.05 sys=0.00, real=0.02 secs] 
2014-07-08T04:34:25.611+0000: 1223.826: [GC [PSYoungGen: 758679K->420K(730560K)] 909498K->151319K(1417536K), 0.0066810 secs] [Times: user=0.02 sys=0.00, real=0.00 secs] 
2014-07-08T04:34:27.185+0000: 1225.401: [GC [PSYoungGen: 730530K->352K(703552K)] 881429K->151299K(1390528K), 0.0072760 secs] [Times: user=0.03 sys=0.00, real=0.01 secs] 
2014-07-08T04:34:28.698+0000: 1226.913: [GC [PSYoungGen: 703520K->722K(678208K)] 854467K->151805K(1365184K), 0.0058100 secs] [Times: user=0.01 sys=0.00, real=0.01 secs] 
2014-07-08T04:34:30.147+0000: 1228.363: [GC [PSYoungGen: 678119K->452K(653440K)] 829202K->151695K(1340416K), 0.0050790 secs] [Times: user=0.01 sys=0.01, real=0.01 secs] 
2014-07-08T04:34:31.549+0000: 1229.765: [GC [PSYoungGen: 653380K->192K(629760K)] 804623K->151547K(1316736K), 0.0094920 secs] [Times: user=0.04 sys=0.00, real=0.01 secs] 
2014-07-08T04:34:32.971+0000: 1231.187: [GC [PSYoungGen: 629760K->1060K(608384K)] 781115K->152471K(1295360K), 0.0064420 secs] [Times: user=0.01 sys=0.00, real=0.00 secs] 
2014-07-08T04:34:34.207+0000: 1232.423: [GC [PSYoungGen: 608356K->320K(586304K)] 759767K->151867K(1273280K), 0.0079790 secs] [Times: user=0.01 sys=0.00, real=0.01 secs] 
2014-07-08T04:34:35.461+0000: 1233.677: [GC [PSYoungGen: 586304K->224K(565952K)] 737851K->151819K(1252928K), 0.0141790 secs] [Times: user=0.05 sys=0.00, real=0.01 secs] 
2014-07-08T04:34:36.682+0000: 1234.898: [GC [PSYoungGen: 565920K->498K(546816K)] 717515K->152117K(1233792K), 0.0046820 secs] [Times: user=0.01 sys=0.00, real=0.00 secs] 
2014-07-08T04:34:37.886+0000: 1236.102: [GC [PSYoungGen: 546802K->704K(528512K)] 698421K->152387K(1215488K), 0.0094520 secs] [Times: user=0.02 sys=0.00, real=0.01 secs] 
2014-07-08T04:34:39.003+0000: 1237.219: [GC [PSYoungGen: 528512K->192K(510272K)] 680195K->152043K(1197248K), 0.0049720 secs] [Times: user=0.01 sys=0.01, real=0.00 secs] 
2014-07-08T04:34:40.170+0000: 1238.386: [GC [PSYoungGen: 510272K->612K(493824K)] 662123K->152535K(1180800K), 0.0084870 secs] [Times: user=0.02 sys=0.00, real=0.01 secs] 
2014-07-08T04:34:41.166+0000: 1239.381: [GC [PSYoungGen: 493796K->448K(477440K)] 645719K->152475K(1164416K), 0.0056370 secs] [Times: user=0.02 sys=0.00, real=0.01 secs] 
2014-07-08T04:34:42.184+0000: 1240.400: [GC [PSYoungGen: 477440K->242K(461824K)] 629467K->152317K(1148800K), 0.0104630 secs] [Times: user=0.04 sys=0.00, real=0.01 secs] 
2014-07-08T04:34:43.184+0000: 1241.400: [GC [PSYoungGen: 461810K->420K(447232K)] 613885K->152567K(1134208K), 0.0130290 secs] [Times: user=0.05 sys=0.00, real=0.01 secs] 
2014-07-08T04:34:44.147+0000: 1242.363: [GC [PSYoungGen: 447204K->128K(432768K)] 599351K->152339K(1119744K), 0.0044360 secs] [Times: user=0.01 sys=0.00, real=0.01 secs] 
2014-07-08T04:34:45.082+0000: 1243.298: [GC [PSYoungGen: 432768K->128K(419264K)] 584979K->152371K(1106240K), 0.0037770 secs] [Times: user=0.01 sys=0.00, real=0.00 secs] 
2014-07-08T04:34:46.061+0000: 1244.277: [GC [PSYoungGen: 419264K->804K(503808K)] 571507K->153111K(1190784K), 0.0396020 secs] [Times: user=0.14 sys=0.00, real=0.04 secs] 
2014-07-08T04:34:47.072+0000: 1245.288: [GC [PSYoungGen: 503780K->384K(603968K)] 656087K->152739K(1290944K), 0.0111650 secs] [Times: user=0.04 sys=0.00, real=0.01 secs] 
2014-07-08T04:34:48.360+0000: 1246.575: [GC [PSYoungGen: 603943K->388K(724800K)] 756298K->152871K(1411776K), 0.0126530 secs] [Times: user=0.05 sys=0.00, real=0.01 secs] 
2014-07-08T04:34:49.951+0000: 1248.167: [GC [PSYoungGen: 724740K->690K(869952K)] 877223K->153309K(1556928K), 0.0071210 secs] [Times: user=0.02 sys=0.00, real=0.01 secs] 
2014-07-08T04:34:51.812+0000: 1250.027: [GC [PSYoungGen: 869903K->754K(836544K)] 1022522K->153469K(1523520K), 0.0048010 secs] [Times: user=0.02 sys=0.01, real=0.01 secs] 
2014-07-08T04:34:53.576+0000: 1251.792: [GC [PSYoungGen: 836530K->256K(804096K)] 989245K->153035K(1491072K), 0.0061410 secs] [Times: user=0.01 sys=0.00, real=0.00 secs] 
2014-07-08T04:34:55.307+0000: 1253.523: [GC [PSYoungGen: 804022K->160K(773632K)] 956801K->153083K(1460608K), 0.0094260 secs] [Times: user=0.03 sys=0.00, real=0.01 secs] 
2014-07-08T04:34:56.991+0000: 1255.207: [GC [PSYoungGen: 773600K->388K(744896K)] 926523K->153375K(1431872K), 0.0075140 secs] [Times: user=0.02 sys=0.00, real=0.01 secs] 
2014-07-08T04:34:58.699+0000: 1256.915: [GC [PSYoungGen: 744820K->800K(717632K)] 897807K->153899K(1404608K), 0.0054480 secs] [Times: user=0.02 sys=0.00, real=0.01 secs] 
2014-07-08T04:35:00.138+0000: 1258.354: [GC [PSYoungGen: 717600K->320K(690816K)] 870699K->153635K(1377792K), 0.0119290 secs] [Times: user=0.05 sys=0.00, real=0.01 secs] 
2014-07-08T04:35:01.616+0000: 1259.832: [GC [PSYoungGen: 690816K->338K(665792K)] 844131K->153781K(1352768K), 0.0088160 secs] [Times: user=0.04 sys=0.00, real=0.00 secs] 
2014-07-08T04:35:03.101+0000: 1261.317: [GC [PSYoungGen: 665681K->224K(641728K)] 819124K->153715K(1328704K), 0.0043600 secs] [Times: user=0.01 sys=0.00, real=0.01 secs] 
2014-07-08T04:35:04.469+0000: 1262.685: [GC [PSYoungGen: 641696K->160K(618816K)] 795187K->153755K(1305792K), 0.0067830 secs] [Times: user=0.02 sys=0.00, real=0.01 secs] 
2014-07-08T04:35:05.767+0000: 1263.983: [GC [PSYoungGen: 618784K->498K(597312K)] 772379K->154165K(1284288K), 0.0084530 secs] [Times: user=0.02 sys=0.00, real=0.01 secs] 
2014-07-08T04:35:07.061+0000: 1265.276: [GC [PSYoungGen: 597219K->484K(576512K)] 750886K->154183K(1263488K), 0.0065680 secs] [Times: user=0.02 sys=0.00, real=0.01 secs] 
2014-07-08T04:35:08.282+0000: 1266.498: [GC [PSYoungGen: 576484K->288K(556480K)] 730183K->154115K(1243456K), 0.0083400 secs] [Times: user=0.01 sys=0.00, real=0.01 secs] 
2014-07-08T04:35:09.479+0000: 1267.694: [GC [PSYoungGen: 556448K->274K(537536K)] 710275K->154229K(1224512K), 0.0066380 secs] [Times: user=0.02 sys=0.00, real=0.00 secs] 
2014-07-08T04:35:10.641+0000: 1268.856: [GC [PSYoungGen: 537490K->192K(519296K)] 691445K->154211K(1206272K), 0.0156370 secs] [Times: user=0.05 sys=0.00, real=0.02 secs] 
2014-07-08T04:35:11.771+0000: 1269.987: [GC [PSYoungGen: 519296K->434K(502208K)] 673315K->154517K(1189184K), 0.0070930 secs] [Times: user=0.00 sys=0.01, real=0.01 secs] 
2014-07-08T04:35:12.852+0000: 1271.068: [GC [PSYoungGen: 502194K->370K(485632K)] 656277K->154541K(1172608K), 0.0039010 secs] [Times: user=0.01 sys=0.00, real=0.01 secs] 
2014-07-08T04:35:13.910+0000: 1272.126: [GC [PSYoungGen: 485618K->818K(470272K)] 639789K->155029K(1157248K), 0.0063390 secs] [Times: user=0.02 sys=0.00, real=0.01 secs] 
2014-07-08T04:35:14.963+0000: 1273.179: [GC [PSYoungGen: 470258K->946K(455296K)] 624469K->155245K(1142272K), 0.0060010 secs] [Times: user=0.01 sys=0.00, real=0.01 secs] 
2014-07-08T04:35:15.942+0000: 1274.157: [GC [PSYoungGen: 455282K->192K(440064K)] 609581K->155371K(1127040K), 0.0150830 secs] [Times: user=0.05 sys=0.00, real=0.01 secs] 
2014-07-08T04:35:16.886+0000: 1275.102: [GC [PSYoungGen: 440064K->1106K(529024K)] 595243K->156317K(1216000K), 0.0261590 secs] [Times: user=0.10 sys=0.00, real=0.03 secs] 
2014-07-08T04:35:17.988+0000: 1276.204: [GC [PSYoungGen: 528978K->288K(633792K)] 684189K->155715K(1320768K), 0.0211300 secs] [Times: user=0.08 sys=0.00, real=0.02 secs] 
2014-07-08T04:35:19.328+0000: 1277.544: [GC [PSYoungGen: 633755K->256K(760448K)] 789182K->155819K(1447424K), 0.0189130 secs] [Times: user=0.07 sys=0.00, real=0.02 secs] 
2014-07-08T04:35:21.036+0000: 1279.252: [GC [PSYoungGen: 760448K->882K(913152K)] 916011K->156525K(1600128K), 0.0080880 secs] [Times: user=0.01 sys=0.01, real=0.01 secs] 
2014-07-08T04:35:23.129+0000: 1281.345: [GC [PSYoungGen: 913138K->1184K(877952K)] 1068781K->156947K(1564928K), 0.0083540 secs] [Times: user=0.01 sys=0.00, real=0.00 secs] 
2014-07-08T04:35:24.825+0000: 1283.041: [GC [PSYoungGen: 877920K->648K(843584K)] 1033683K->156515K(1530560K), 0.0059100 secs] [Times: user=0.02 sys=0.01, real=0.01 secs] 
2014-07-08T04:35:26.625+0000: 1284.840: [GC [PSYoungGen: 843528K->224K(810880K)] 999395K->156187K(1497856K), 0.0178970 secs] [Times: user=0.06 sys=0.00, real=0.02 secs] 
2014-07-08T04:35:28.439+0000: 1286.654: [GC [PSYoungGen: 810821K->676K(973504K)] 966784K->156695K(1660480K), 0.0280840 secs] [Times: user=0.11 sys=0.00, real=0.03 secs] 
2014-07-08T04:35:30.473+0000: 1288.689: [GC [PSYoungGen: 973425K->388K(934848K)] 1129444K->156647K(1621824K), 0.0064290 secs] [Times: user=0.01 sys=0.00, real=0.01 secs] 
2014-07-08T04:35:32.485+0000: 1290.701: [GC [PSYoungGen: 934788K->224K(898048K)] 1091047K->156627K(1585024K), 0.0196600 secs] [Times: user=0.07 sys=0.00, real=0.02 secs] 
2014-07-08T04:35:34.502+0000: 1292.718: [GC [PSYoungGen: 898016K->416K(863424K)] 1054419K->156891K(1550400K), 0.0133230 secs] [Times: user=0.05 sys=0.01, real=0.01 secs] 
2014-07-08T04:35:36.268+0000: 1294.483: [GC [PSYoungGen: 863307K->406K(830208K)] 1019782K->157009K(1517184K), 0.0125160 secs] [Times: user=0.05 sys=0.00, real=0.02 secs] 
2014-07-08T04:35:38.092+0000: 1296.308: [GC [PSYoungGen: 830166K->448K(798592K)] 986769K->157115K(1485568K), 0.0147250 secs] [Times: user=0.06 sys=0.00, real=0.01 secs] 
2014-07-08T04:35:39.776+0000: 1297.992: [GC [PSYoungGen: 798592K->726K(768768K)] 955259K->157585K(1455744K), 0.0052390 secs] [Times: user=0.02 sys=0.00, real=0.01 secs] 
2014-07-08T04:35:41.422+0000: 1299.638: [GC [PSYoungGen: 768726K->320K(739584K)] 925585K->157283K(1426560K), 0.0064180 secs] [Times: user=0.02 sys=0.00, real=0.00 secs] 
2014-07-08T04:35:43.024+0000: 1301.239: [GC [PSYoungGen: 739584K->320K(712192K)] 896547K->157411K(1399168K), 0.0063490 secs] [Times: user=0.01 sys=0.00, real=0.00 secs] 
2014-07-08T04:35:44.559+0000: 1302.775: [GC [PSYoungGen: 712153K->128K(685888K)] 869244K->157283K(1372864K), 0.0166280 secs] [Times: user=0.06 sys=0.00, real=0.02 secs] 
2014-07-08T04:35:46.094+0000: 1304.309: [GC [PSYoungGen: 685888K->758K(661632K)] 843043K->157985K(1348608K), 0.0102240 secs] [Times: user=0.02 sys=0.00, real=0.01 secs] 
2014-07-08T04:35:47.463+0000: 1305.679: [GC [PSYoungGen: 661537K->370K(637504K)] 818764K->157645K(1324480K), 0.0062020 secs] [Times: user=0.01 sys=0.00, real=0.00 secs] 
2014-07-08T04:35:48.852+0000: 1307.068: [GC [PSYoungGen: 637490K->640K(615104K)] 794765K->158043K(1302080K), 0.0133070 secs] [Times: user=0.05 sys=0.00, real=0.01 secs] 
2014-07-08T04:35:50.165+0000: 1308.381: [GC [PSYoungGen: 615018K->288K(593152K)] 772421K->157819K(1280128K), 0.0058900 secs] [Times: user=0.01 sys=0.00, real=0.00 secs] 
2014-07-08T04:35:51.456+0000: 1309.672: [GC [PSYoungGen: 593023K->274K(572544K)] 750554K->157909K(1259520K), 0.0083820 secs] [Times: user=0.03 sys=0.00, real=0.01 secs] 
2014-07-08T04:35:52.695+0000: 1310.911: [GC [PSYoungGen: 572498K->466K(553024K)] 730133K->158157K(1240000K), 0.0112220 secs] [Times: user=0.05 sys=0.00, real=0.01 secs] 
2014-07-08T04:35:53.930+0000: 1312.145: [GC [PSYoungGen: 552978K->768K(534464K)] 710669K->158531K(1221440K), 0.0121400 secs] [Times: user=0.04 sys=0.00, real=0.02 secs] 
2014-07-08T04:35:55.023+0000: 1313.239: [GC [PSYoungGen: 534464K->192K(515904K)] 692227K->158035K(1202880K), 0.0066510 secs] [Times: user=0.02 sys=0.00, real=0.00 secs] 
2014-07-08T04:35:56.151+0000: 1314.367: [GC [PSYoungGen: 515904K->292K(498880K)] 673747K->158167K(1185856K), 0.0043520 secs] [Times: user=0.01 sys=0.00, real=0.01 secs] 
2014-07-08T04:35:57.205+0000: 1315.421: [GC [PSYoungGen: 498852K->402K(482624K)] 656727K->158333K(1169600K), 0.0223490 secs] [Times: user=0.09 sys=0.00, real=0.02 secs] 
2014-07-08T04:35:58.246+0000: 1316.462: [GC [PSYoungGen: 482578K->128K(466624K)] 640509K->158155K(1153600K), 0.0056910 secs] [Times: user=0.01 sys=0.00, real=0.00 secs] 
2014-07-08T04:35:59.286+0000: 1317.502: [GC [PSYoungGen: 466624K->466K(560832K)] 624651K->158597K(1247808K), 0.0297100 secs] [Times: user=0.11 sys=0.00, real=0.03 secs] 
2014-07-08T04:36:00.455+0000: 1318.671: [GC [PSYoungGen: 560274K->192K(672000K)] 718405K->158435K(1358976K), 0.0046990 secs] [Times: user=0.01 sys=0.00, real=0.00 secs] 
2014-07-08T04:36:01.962+0000: 1320.177: [GC [PSYoungGen: 672000K->932K(648512K)] 830243K->159295K(1335488K), 0.0077770 secs] [Times: user=0.02 sys=0.00, real=0.01 secs] 
2014-07-08T04:36:03.296+0000: 1321.512: [GC [PSYoungGen: 648456K->306K(624768K)] 806819K->158749K(1311744K), 0.0074430 secs] [Times: user=0.01 sys=0.00, real=0.00 secs] 
2014-07-08T04:36:04.692+0000: 1322.907: [GC [PSYoungGen: 624754K->822K(603200K)] 783197K->159329K(1290176K), 0.0071060 secs] [Times: user=0.01 sys=0.00, real=0.01 secs] 
2014-07-08T04:36:05.996+0000: 1324.212: [GC [PSYoungGen: 603190K->868K(582208K)] 761697K->159479K(1269184K), 0.0110890 secs] [Times: user=0.03 sys=0.00, real=0.01 secs] 
2014-07-08T04:36:07.195+0000: 1325.411: [GC [PSYoungGen: 582180K->274K(561536K)] 740791K->158933K(1248512K), 0.0042020 secs] [Times: user=0.01 sys=0.00, real=0.00 secs] 
2014-07-08T04:36:08.401+0000: 1326.616: [GC [PSYoungGen: 561490K->274K(542336K)] 720149K->159045K(1229312K), 0.0063910 secs] [Times: user=0.02 sys=0.00, real=0.01 secs] 
2014-07-08T04:36:09.569+0000: 1327.785: [GC [PSYoungGen: 542290K->288K(524032K)] 701061K->159155K(1211008K), 0.0167090 secs] [Times: user=0.06 sys=0.00, real=0.02 secs] 
2014-07-08T04:36:10.732+0000: 1328.948: [GC [PSYoungGen: 524000K->850K(507072K)] 682867K->159821K(1194048K), 0.0045370 secs] [Times: user=0.01 sys=0.00, real=0.01 secs] 
2014-07-08T04:36:11.818+0000: 1330.034: [GC [PSYoungGen: 507026K->804K(490240K)] 665997K->159863K(1177216K), 0.0137860 secs] [Times: user=0.05 sys=0.01, real=0.01 secs] 
2014-07-08T04:36:12.866+0000: 1331.081: [GC [PSYoungGen: 490212K->754K(474176K)] 649271K->159933K(1161152K), 0.0067430 secs] [Times: user=0.01 sys=0.00, real=0.00 secs] 
2014-07-08T04:36:13.966+0000: 1332.182: [GC [PSYoungGen: 474162K->1170K(569344K)] 633341K->160429K(1256320K), 0.0286120 secs] [Times: user=0.07 sys=0.00, real=0.02 secs] 
2014-07-08T04:36:15.077+0000: 1333.292: [GC [PSYoungGen: 569298K->160K(681984K)] 728557K->159483K(1368960K), 0.0152070 secs] [Times: user=0.05 sys=0.00, real=0.01 secs] 
2014-07-08T04:36:16.540+0000: 1334.756: [GC [PSYoungGen: 681946K->292K(818496K)] 841269K->159671K(1505472K), 0.0093930 secs] [Times: user=0.04 sys=0.00, real=0.01 secs] 
2014-07-08T04:36:18.302+0000: 1336.518: [GC [PSYoungGen: 818466K->288K(787392K)] 977845K->159699K(1474368K), 0.0046630 secs] [Times: user=0.01 sys=0.00, real=0.01 secs] 
2014-07-08T04:36:20.053+0000: 1338.268: [GC [PSYoungGen: 787360K->996K(758464K)] 946771K->160639K(1445440K), 0.0063450 secs] [Times: user=0.02 sys=0.00, real=0.01 secs] 
2014-07-08T04:36:21.635+0000: 1339.850: [GC [PSYoungGen: 758429K->192K(729408K)] 918073K->159987K(1416384K), 0.0085070 secs] [Times: user=0.03 sys=0.00, real=0.01 secs] 
2014-07-08T04:36:23.291+0000: 1341.506: [GC [PSYoungGen: 729408K->530K(702912K)] 889203K->160381K(1389888K), 0.0053380 secs] [Times: user=0.01 sys=0.00, real=0.00 secs] 
2014-07-08T04:36:24.734+0000: 1342.950: [GC [PSYoungGen: 702866K->416K(677120K)] 862717K->160395K(1364096K), 0.0163720 secs] [Times: user=0.06 sys=0.00, real=0.02 secs] 
2014-07-08T04:36:26.201+0000: 1344.416: [GC [PSYoungGen: 677088K->288K(652544K)] 837067K->160315K(1339520K), 0.0099760 secs] [Times: user=0.04 sys=0.00, real=0.01 secs] 
2014-07-08T04:36:27.601+0000: 1345.817: [GC [PSYoungGen: 652512K->192K(629056K)] 812539K->160267K(1316032K), 0.0111720 secs] [Times: user=0.04 sys=0.00, real=0.01 secs] 
2014-07-08T04:36:29.027+0000: 1347.243: [GC [PSYoungGen: 629056K->1252K(607872K)] 789131K->161471K(1294848K), 0.0231090 secs] [Times: user=0.07 sys=0.01, real=0.06 secs] 
2014-07-08T04:36:30.268+0000: 1348.483: [GC [PSYoungGen: 607799K->356K(728320K)] 768018K->160687K(1415296K), 0.0155540 secs] [Times: user=0.04 sys=0.00, real=0.02 secs] 
2014-07-08T04:36:31.859+0000: 1350.074: [GC [PSYoungGen: 728246K->416K(701568K)] 888577K->160899K(1388544K), 0.0097830 secs] [Times: user=0.02 sys=0.00, real=0.01 secs] 
2014-07-08T04:36:33.346+0000: 1351.561: [GC [PSYoungGen: 701536K->192K(675712K)] 862019K->160747K(1362688K), 0.0130010 secs] [Times: user=0.04 sys=0.01, real=0.02 secs] 
2014-07-08T04:36:34.832+0000: 1353.048: [GC [PSYoungGen: 675712K->768K(651840K)] 836267K->161379K(1338816K), 0.0080430 secs] [Times: user=0.02 sys=0.00, real=0.01 secs] 
2014-07-08T04:36:36.214+0000: 1354.429: [GC [PSYoungGen: 651840K->224K(628032K)] 812451K->160923K(1315008K), 0.0087570 secs] [Times: user=0.03 sys=0.00, real=0.01 secs] 
2014-07-08T04:36:37.559+0000: 1355.775: [GC [PSYoungGen: 627962K->288K(605888K)] 788661K->161075K(1292864K), 0.0117150 secs] [Times: user=0.04 sys=0.00, real=0.01 secs] 
2014-07-08T04:36:38.889+0000: 1357.105: [GC [PSYoungGen: 605856K->640K(585024K)] 766643K->161555K(1272000K), 0.0095600 secs] [Times: user=0.03 sys=0.00, real=0.01 secs] 
2014-07-08T04:36:40.136+0000: 1358.352: [GC [PSYoungGen: 585024K->256K(564416K)] 745939K->161283K(1251392K), 0.0071720 secs] [Times: user=0.02 sys=0.00, real=0.01 secs] 
2014-07-08T04:36:41.385+0000: 1359.601: [GC [PSYoungGen: 564416K->384K(545216K)] 725443K->161523K(1232192K), 0.0046030 secs] [Times: user=0.01 sys=0.00, real=0.01 secs] 
2014-07-08T04:36:42.521+0000: 1360.737: [GC [PSYoungGen: 545216K->228K(526656K)] 706355K->161431K(1213632K), 0.0066520 secs] [Times: user=0.03 sys=0.01, real=0.00 secs] 
2014-07-08T04:36:43.655+0000: 1361.871: [GC [PSYoungGen: 526628K->128K(508864K)] 687831K->161387K(1195840K), 0.0108700 secs] [Times: user=0.04 sys=0.00, real=0.01 secs] 
2014-07-08T04:36:44.771+0000: 1362.986: [GC [PSYoungGen: 508863K->762K(492672K)] 670122K->162061K(1179648K), 0.0055850 secs] [Times: user=0.01 sys=0.00, real=0.00 secs] 
2014-07-08T04:36:45.839+0000: 1364.054: [GC [PSYoungGen: 492581K->580K(476416K)] 653880K->161959K(1163392K), 0.0144280 secs] [Times: user=0.05 sys=0.00, real=0.02 secs] 
2014-07-08T04:36:46.870+0000: 1365.085: [GC [PSYoungGen: 476356K->946K(461312K)] 637735K->162365K(1148288K), 0.0074250 secs] [Times: user=0.01 sys=0.00, real=0.01 secs] 
2014-07-08T04:36:47.892+0000: 1366.108: [GC [PSYoungGen: 461298K->740K(446400K)] 622717K->162559K(1133376K), 0.0074700 secs] [Times: user=0.02 sys=0.00, real=0.00 secs] 
2014-07-08T04:36:48.832+0000: 1367.047: [GC [PSYoungGen: 446372K->928K(432512K)] 608191K->162931K(1119488K), 0.0108570 secs] [Times: user=0.04 sys=0.01, real=0.01 secs] 
2014-07-08T04:36:49.737+0000: 1367.953: [GC [PSYoungGen: 432480K->562K(518464K)] 594483K->162733K(1205440K), 0.0238630 secs] [Times: user=0.08 sys=0.00, real=0.03 secs] 
2014-07-08T04:36:50.864+0000: 1369.080: [GC [PSYoungGen: 518450K->466K(622016K)] 680621K->162733K(1308992K), 0.0193450 secs] [Times: user=0.07 sys=0.00, real=0.02 secs] 
2014-07-08T04:36:52.188+0000: 1370.404: [GC [PSYoungGen: 621921K->228K(746112K)] 784188K->162567K(1433088K), 0.0053980 secs] [Times: user=0.02 sys=0.00, real=0.01 secs] 
2014-07-08T04:36:53.802+0000: 1372.018: [GC [PSYoungGen: 745996K->530K(718720K)] 908335K->162925K(1405696K), 0.0046840 secs] [Times: user=0.02 sys=0.00, real=0.00 secs] 
2014-07-08T04:36:55.343+0000: 1373.559: [GC [PSYoungGen: 718674K->160K(862016K)] 881069K->162627K(1548992K), 0.0211810 secs] [Times: user=0.07 sys=0.00, real=0.02 secs] 
2014-07-08T04:36:57.198+0000: 1375.413: [GC [PSYoungGen: 861984K->580K(829312K)] 1024451K->163103K(1516288K), 0.0131670 secs] [Times: user=0.05 sys=0.00, real=0.01 secs] 
2014-07-08T04:36:59.035+0000: 1377.250: [GC [PSYoungGen: 829252K->950K(995392K)] 991775K->163609K(1682368K), 0.0246240 secs] [Times: user=0.08 sys=0.01, real=0.02 secs] 
2014-07-08T04:37:01.121+0000: 1379.337: [GC [PSYoungGen: 995336K->484K(1193856K)] 1157995K->163311K(1880832K), 0.0285880 secs] [Times: user=0.10 sys=0.00, real=0.03 secs] 
2014-07-08T04:37:03.703+0000: 1381.919: [GC [PSYoungGen: 1193828K->530K(1144896K)] 1356655K->163485K(1831872K), 0.0077690 secs] [Times: user=0.02 sys=0.00, real=0.00 secs] 
2014-07-08T04:37:06.166+0000: 1384.381: [GC [PSYoungGen: 1144795K->420K(1098112K)] 1307750K->163447K(1785088K), 0.0122620 secs] [Times: user=0.04 sys=0.00, real=0.01 secs] 
2014-07-08T04:37:08.547+0000: 1386.763: [GC [PSYoungGen: 1098021K->772K(1054080K)] 1261048K->163935K(1741056K), 0.0067000 secs] [Times: user=0.02 sys=0.00, real=0.00 secs] 
2014-07-08T04:37:10.811+0000: 1389.026: [GC [PSYoungGen: 1053925K->662K(1011648K)] 1217088K->164025K(1698624K), 0.0213430 secs] [Times: user=0.08 sys=0.00, real=0.02 secs] 
2014-07-08T04:37:12.994+0000: 1391.210: [GC [PSYoungGen: 1011606K->466K(971200K)] 1174969K->163973K(1658176K), 0.0133540 secs] [Times: user=0.05 sys=0.00, real=0.01 secs] 
2014-07-08T04:37:15.092+0000: 1393.308: [GC [PSYoungGen: 971154K->402K(932800K)] 1134661K->164021K(1619776K), 0.0059300 secs] [Times: user=0.01 sys=0.00, real=0.01 secs] 
2014-07-08T04:37:17.133+0000: 1395.349: [GC [PSYoungGen: 932754K->562K(896448K)] 1096373K->164277K(1583424K), 0.0104440 secs] [Times: user=0.03 sys=0.01, real=0.01 secs] 
2014-07-08T04:37:19.023+0000: 1397.239: [GC [PSYoungGen: 896434K->256K(861376K)] 1060149K->164099K(1548352K), 0.0053770 secs] [Times: user=0.02 sys=0.00, real=0.01 secs] 
2014-07-08T04:37:20.902+0000: 1399.118: [GC [PSYoungGen: 861376K->594K(828672K)] 1025219K->164573K(1515648K), 0.0050560 secs] [Times: user=0.02 sys=0.00, real=0.01 secs] 
2014-07-08T04:37:22.659+0000: 1400.874: [GC [PSYoungGen: 828626K->160K(796672K)] 992605K->164275K(1483648K), 0.0181950 secs] [Times: user=0.06 sys=0.00, real=0.02 secs] 
2014-07-08T04:37:24.479+0000: 1402.695: [GC [PSYoungGen: 796640K->530K(766976K)] 960755K->164709K(1453952K), 0.0098120 secs] [Times: user=0.03 sys=0.00, real=0.01 secs] 
2014-07-08T04:37:26.094+0000: 1404.310: [GC [PSYoungGen: 766857K->626K(738368K)] 931037K->164933K(1425344K), 0.0090220 secs] [Times: user=0.01 sys=0.00, real=0.01 secs] 
2014-07-08T04:37:27.618+0000: 1405.834: [GC [PSYoungGen: 738354K->192K(710592K)] 902661K->164563K(1397568K), 0.0040510 secs] [Times: user=0.02 sys=0.00, real=0.00 secs] 
2014-07-08T04:37:29.148+0000: 1407.364: [GC [PSYoungGen: 710592K->502K(684864K)] 874963K->165001K(1371840K), 0.0152010 secs] [Times: user=0.06 sys=0.00, real=0.01 secs] 
2014-07-08T04:37:30.741+0000: 1408.957: [GC [PSYoungGen: 684854K->804K(660352K)] 849353K->165423K(1347328K), 0.0115500 secs] [Times: user=0.04 sys=0.00, real=0.01 secs] 
2014-07-08T04:37:32.140+0000: 1410.356: [GC [PSYoungGen: 660292K->712K(636608K)] 824911K->165523K(1323584K), 0.0205230 secs] [Times: user=0.07 sys=0.00, real=0.02 secs] 
2014-07-08T04:37:33.428+0000: 1411.644: [GC [PSYoungGen: 636552K->128K(613376K)] 801363K->165019K(1300352K), 0.0072370 secs] [Times: user=0.01 sys=0.00, real=0.00 secs] 
2014-07-08T04:37:34.783+0000: 1412.999: [GC [PSYoungGen: 613376K->608K(592320K)] 778267K->165579K(1279296K), 0.0135460 secs] [Times: user=0.05 sys=0.00, real=0.01 secs] 
2014-07-08T04:37:36.118+0000: 1414.334: [GC [PSYoungGen: 592288K->224K(571392K)] 757259K->165235K(1258368K), 0.0094040 secs] [Times: user=0.04 sys=0.00, real=0.00 secs] 
2014-07-08T04:37:37.269+0000: 1415.485: [GC [PSYoungGen: 571360K->256K(551744K)] 736371K->165355K(1238720K), 0.0056010 secs] [Times: user=0.02 sys=0.00, real=0.00 secs] 
2014-07-08T04:37:38.459+0000: 1416.675: [GC [PSYoungGen: 551744K->224K(532992K)] 716843K->165443K(1219968K), 0.0069100 secs] [Times: user=0.01 sys=0.00, real=0.00 secs] 
2014-07-08T04:37:39.608+0000: 1417.824: [GC [PSYoungGen: 532960K->192K(515008K)] 698179K->165507K(1201984K), 0.0047830 secs] [Times: user=0.01 sys=0.00, real=0.01 secs] 
2014-07-08T04:37:40.730+0000: 1418.946: [GC [PSYoungGen: 514966K->516K(498240K)] 680281K->165895K(1185216K), 0.0056000 secs] [Times: user=0.01 sys=0.01, real=0.00 secs] 
2014-07-08T04:37:41.811+0000: 1420.026: [GC [PSYoungGen: 498099K->722K(482048K)] 663478K->166197K(1169024K), 0.0243670 secs] [Times: user=0.07 sys=0.00, real=0.02 secs] 
2014-07-08T04:37:42.846+0000: 1421.061: [GC [PSYoungGen: 482002K->498K(578048K)] 647477K->166045K(1265024K), 0.0151910 secs] [Times: user=0.06 sys=0.01, real=0.02 secs] 
2014-07-08T04:37:44.094+0000: 1422.309: [GC [PSYoungGen: 578033K->242K(557888K)] 743580K->165845K(1244864K), 0.0085740 secs] [Times: user=0.03 sys=0.00, real=0.01 secs] 
2014-07-08T04:37:45.282+0000: 1423.498: [GC [PSYoungGen: 557874K->224K(538880K)] 723477K->165891K(1225856K), 0.0063670 secs] [Times: user=0.00 sys=0.00, real=0.00 secs] 
2014-07-08T04:37:46.442+0000: 1424.657: [GC [PSYoungGen: 538848K->224K(520704K)] 704515K->165939K(1207680K), 0.0133660 secs] [Times: user=0.04 sys=0.00, real=0.01 secs] 
2014-07-08T04:37:47.563+0000: 1425.779: [GC [PSYoungGen: 520672K->192K(503296K)] 686387K->165931K(1190272K), 0.0110870 secs] [Times: user=0.04 sys=0.00, real=0.01 secs] 
2014-07-08T04:37:48.652+0000: 1426.868: [GC [PSYoungGen: 503296K->256K(604032K)] 669035K->166099K(1291008K), 0.0158700 secs] [Times: user=0.06 sys=0.00, real=0.01 secs] 
2014-07-08T04:37:49.995+0000: 1428.211: [GC [PSYoungGen: 604024K->690K(583360K)] 769867K->166661K(1270336K), 0.0051220 secs] [Times: user=0.02 sys=0.00, real=0.01 secs] 
2014-07-08T04:37:51.213+0000: 1429.429: [GC [PSYoungGen: 583292K->324K(562880K)] 749263K->166399K(1249856K), 0.0075590 secs] [Times: user=0.01 sys=0.00, real=0.01 secs] 
2014-07-08T04:37:52.426+0000: 1430.642: [GC [PSYoungGen: 562763K->452K(675520K)] 728838K->166607K(1362496K), 0.0253550 secs] [Times: user=0.07 sys=0.00, real=0.03 secs] 
2014-07-08T04:37:53.904+0000: 1432.119: [GC [PSYoungGen: 675460K->448K(810496K)] 841615K->166651K(1497472K), 0.0151550 secs] [Times: user=0.06 sys=0.00, real=0.01 secs] 
2014-07-08T04:37:55.637+0000: 1433.852: [GC [PSYoungGen: 810496K->288K(779648K)] 976699K->166547K(1466624K), 0.0076300 secs] [Times: user=0.01 sys=0.01, real=0.01 secs] 
2014-07-08T04:37:57.318+0000: 1435.533: [GC [PSYoungGen: 779613K->306K(750400K)] 945872K->166677K(1437376K), 0.0179090 secs] [Times: user=0.05 sys=0.00, real=0.02 secs] 
2014-07-08T04:37:58.977+0000: 1437.193: [GC [PSYoungGen: 750386K->832K(723008K)] 916757K->167379K(1409984K), 0.0096180 secs] [Times: user=0.02 sys=0.01, real=0.01 secs] 
2014-07-08T04:38:00.601+0000: 1438.816: [GC [PSYoungGen: 723008K->498K(696128K)] 889555K->167141K(1383104K), 0.0175610 secs] [Times: user=0.06 sys=0.01, real=0.02 secs] 
2014-07-08T04:38:02.088+0000: 1440.304: [GC [PSYoungGen: 696114K->758K(671040K)] 862757K->167777K(1358016K), 0.0056980 secs] [Times: user=0.01 sys=0.00, real=0.01 secs] 
2014-07-08T04:38:03.471+0000: 1441.686: [GC [PSYoungGen: 671030K->256K(646336K)] 838049K->167395K(1333312K), 0.0092450 secs] [Times: user=0.04 sys=0.00, real=0.01 secs] 
2014-07-08T04:38:04.877+0000: 1443.093: [GC [PSYoungGen: 646333K->448K(623488K)] 813472K->167691K(1310464K), 0.0059280 secs] [Times: user=0.01 sys=0.00, real=0.01 secs] 
2014-07-08T04:38:06.229+0000: 1444.445: [GC [PSYoungGen: 623488K->192K(601216K)] 790731K->167467K(1288192K), 0.0079650 secs] [Times: user=0.01 sys=0.00, real=0.01 secs] 
2014-07-08T04:38:07.508+0000: 1445.724: [GC [PSYoungGen: 601216K->192K(580224K)] 768491K->167547K(1267200K), 0.0062800 secs] [Times: user=0.02 sys=0.00, real=0.01 secs] 
2014-07-08T04:38:08.773+0000: 1446.989: [GC [PSYoungGen: 580224K->804K(560832K)] 747579K->168271K(1247808K), 0.0042820 secs] [Times: user=0.02 sys=0.00, real=0.00 secs] 
2014-07-08T04:38:09.997+0000: 1448.213: [GC [PSYoungGen: 560804K->640K(541504K)] 728271K->168219K(1228480K), 0.0152290 secs] [Times: user=0.06 sys=0.00, real=0.01 secs] 
2014-07-08T04:38:11.144+0000: 1449.360: [GC [PSYoungGen: 541504K->480K(523072K)] 709083K->168171K(1210048K), 0.0218100 secs] [Times: user=0.07 sys=0.00, real=0.02 secs] 
2014-07-08T04:38:12.254+0000: 1450.470: [GC [PSYoungGen: 523038K->192K(627264K)] 690729K->167979K(1314240K), 0.0125130 secs] [Times: user=0.05 sys=0.00, real=0.01 secs] 
2014-07-08T04:38:13.605+0000: 1451.821: [GC [PSYoungGen: 627264K->192K(605056K)] 795051K->168051K(1292032K), 0.0035450 secs] [Times: user=0.01 sys=0.00, real=0.00 secs] 
2014-07-08T04:38:14.925+0000: 1453.141: [GC [PSYoungGen: 605056K->544K(584256K)] 772915K->168443K(1271232K), 0.0095670 secs] [Times: user=0.02 sys=0.00, real=0.01 secs] 
2014-07-08T04:38:16.172+0000: 1454.388: [GC [PSYoungGen: 584224K->160K(563648K)] 752123K->168123K(1250624K), 0.0045860 secs] [Times: user=0.01 sys=0.01, real=0.01 secs] 
2014-07-08T04:38:17.384+0000: 1455.600: [GC [PSYoungGen: 563616K->370K(544512K)] 731579K->168413K(1231488K), 0.0089810 secs] [Times: user=0.02 sys=0.00, real=0.00 secs] 
2014-07-08T04:38:18.616+0000: 1456.832: [GC [PSYoungGen: 544498K->320K(526016K)] 712541K->168475K(1212992K), 0.0048720 secs] [Times: user=0.01 sys=0.00, real=0.00 secs] 
2014-07-08T04:38:19.696+0000: 1457.912: [GC [PSYoungGen: 526006K->192K(508288K)] 694162K->168507K(1195264K), 0.0137310 secs] [Times: user=0.05 sys=0.01, real=0.01 secs] 
2014-07-08T04:38:20.823+0000: 1459.039: [GC [PSYoungGen: 508287K->736K(610496K)] 676602K->169115K(1297472K), 0.0279960 secs] [Times: user=0.09 sys=0.01, real=0.03 secs] 
2014-07-08T04:38:22.122+0000: 1460.338: [GC [PSYoungGen: 610464K->512K(732224K)] 778843K->169051K(1419200K), 0.0204230 secs] [Times: user=0.07 sys=0.00, real=0.02 secs] 
2014-07-08T04:38:23.701+0000: 1461.917: [GC [PSYoungGen: 732224K->470K(878592K)] 900763K->169129K(1565568K), 0.0134780 secs] [Times: user=0.04 sys=0.00, real=0.01 secs] 
2014-07-08T04:38:25.617+0000: 1463.832: [GC [PSYoungGen: 878550K->384K(844544K)] 1047209K->169075K(1531520K), 0.0059150 secs] [Times: user=0.02 sys=0.00, real=0.00 secs] 
2014-07-08T04:38:27.418+0000: 1465.634: [GC [PSYoungGen: 844544K->192K(1013184K)] 1013235K->168971K(1700160K), 0.0213530 secs] [Times: user=0.08 sys=0.00, real=0.02 secs] 
2014-07-08T04:38:29.605+0000: 1467.821: [GC [PSYoungGen: 1013184K->384K(973056K)] 1181963K->169299K(1660032K), 0.0085950 secs] [Times: user=0.03 sys=0.00, real=0.01 secs] 
2014-07-08T04:38:31.714+0000: 1469.929: [GC [PSYoungGen: 973056K->288K(934592K)] 1141971K->169355K(1621568K), 0.0078060 secs] [Times: user=0.03 sys=0.00, real=0.01 secs] 
2014-07-08T04:38:33.740+0000: 1471.956: [GC [PSYoungGen: 934560K->832K(898496K)] 1103627K->170067K(1585472K), 0.0050470 secs] [Times: user=0.02 sys=0.00, real=0.00 secs] 
2014-07-08T04:38:35.712+0000: 1473.928: [GC [PSYoungGen: 898405K->932K(863808K)] 1067640K->170279K(1550784K), 0.0060340 secs] [Times: user=0.01 sys=0.00, real=0.01 secs] 
2014-07-08T04:38:37.520+0000: 1475.736: [GC [PSYoungGen: 863780K->192K(829824K)] 1033127K->169801K(1516800K), 0.0039420 secs] [Times: user=0.01 sys=0.00, real=0.00 secs] 
2014-07-08T04:38:39.317+0000: 1477.532: [GC [PSYoungGen: 829824K->438K(798464K)] 999433K->170239K(1485440K), 0.0248180 secs] [Times: user=0.10 sys=0.00, real=0.03 secs] 
2014-07-08T04:38:41.172+0000: 1479.387: [GC [PSYoungGen: 798454K->978K(768896K)] 968255K->171031K(1455872K), 0.0060030 secs] [Times: user=0.01 sys=0.01, real=0.00 secs] 
2014-07-08T04:38:42.700+0000: 1480.916: [GC [PSYoungGen: 768848K->320K(739456K)] 938901K->170533K(1426432K), 0.0229550 secs] [Times: user=0.09 sys=0.00, real=0.02 secs] 
2014-07-08T04:38:44.300+0000: 1482.515: [GC [PSYoungGen: 739456K->160K(711936K)] 909669K->170453K(1398912K), 0.0049710 secs] [Times: user=0.02 sys=0.00, real=0.00 secs] 
2014-07-08T04:38:45.939+0000: 1484.154: [GC [PSYoungGen: 711813K->1142K(686784K)] 882106K->171507K(1373760K), 0.0058160 secs] [Times: user=0.02 sys=0.00, real=0.01 secs] 
2014-07-08T04:38:47.347+0000: 1485.563: [GC [PSYoungGen: 686774K->544K(661312K)] 857139K->170973K(1348288K), 0.0190480 secs] [Times: user=0.06 sys=0.00, real=0.02 secs] 
2014-07-08T04:38:48.744+0000: 1486.959: [GC [PSYoungGen: 661280K->690K(637696K)] 831709K->171287K(1324672K), 0.0068400 secs] [Times: user=0.02 sys=0.01, real=0.01 secs] 
2014-07-08T04:38:50.123+0000: 1488.339: [GC [PSYoungGen: 637682K->338K(614720K)] 808279K->171039K(1301696K), 0.0145650 secs] [Times: user=0.05 sys=0.00, real=0.01 secs] 
2014-07-08T04:38:51.441+0000: 1489.656: [GC [PSYoungGen: 614674K->320K(737536K)] 785375K->171157K(1424512K), 0.0221140 secs] [Times: user=0.07 sys=0.00, real=0.02 secs] 
2014-07-08T04:38:53.074+0000: 1491.290: [GC [PSYoungGen: 737536K->594K(710592K)] 908373K->171535K(1397568K), 0.0048600 secs] [Times: user=0.01 sys=0.00, real=0.00 secs] 
2014-07-08T04:38:54.569+0000: 1492.784: [GC [PSYoungGen: 710546K->256K(684224K)] 881487K->171277K(1371200K), 0.0149200 secs] [Times: user=0.05 sys=0.00, real=0.02 secs] 
2014-07-08T04:38:56.130+0000: 1494.346: [GC [PSYoungGen: 684178K->908K(660096K)] 855199K->171993K(1347072K), 0.0051530 secs] [Times: user=0.01 sys=0.01, real=0.00 secs] 
2014-07-08T04:38:57.481+0000: 1495.696: [GC [PSYoungGen: 660044K->434K(635904K)] 831129K->171599K(1322880K), 0.0060110 secs] [Times: user=0.01 sys=0.00, real=0.00 secs] 
2014-07-08T04:38:58.866+0000: 1497.081: [GC [PSYoungGen: 635872K->708K(613632K)] 807037K->172009K(1300608K), 0.0134530 secs] [Times: user=0.05 sys=0.00, real=0.01 secs] 
2014-07-08T04:39:00.252+0000: 1498.467: [GC [PSYoungGen: 613572K->658K(592000K)] 784873K->172063K(1278976K), 0.0181830 secs] [Times: user=0.06 sys=0.00, real=0.01 secs] 
2014-07-08T04:39:01.477+0000: 1499.693: [GC [PSYoungGen: 591954K->256K(571008K)] 763359K->171781K(1257984K), 0.0046720 secs] [Times: user=0.01 sys=0.00, real=0.01 secs] 
2014-07-08T04:39:02.677+0000: 1500.893: [GC [PSYoungGen: 571008K->384K(685312K)] 742533K->172029K(1372288K), 0.0236260 secs] [Times: user=0.08 sys=0.00, real=0.03 secs] 
2014-07-08T04:39:04.165+0000: 1502.381: [GC [PSYoungGen: 685312K->352K(660480K)] 856957K->172045K(1347456K), 0.0125110 secs] [Times: user=0.05 sys=0.00, real=0.01 secs] 
2014-07-08T04:39:05.584+0000: 1503.799: [GC [PSYoungGen: 660448K->470K(636928K)] 832141K->172267K(1323904K), 0.0067820 secs] [Times: user=0.01 sys=0.00, real=0.00 secs] 
2014-07-08T04:39:07.003+0000: 1505.219: [GC [PSYoungGen: 636884K->996K(764736K)] 808681K->172833K(1451712K), 0.0440780 secs] [Times: user=0.12 sys=0.00, real=0.04 secs] 
2014-07-08T04:39:08.602+0000: 1506.818: [GC [PSYoungGen: 764708K->416K(916928K)] 936545K->172405K(1603904K), 0.0130770 secs] [Times: user=0.04 sys=0.00, real=0.01 secs] 
2014-07-08T04:39:10.583+0000: 1508.799: [GC [PSYoungGen: 916896K->292K(881088K)] 1088885K->172409K(1568064K), 0.0048850 secs] [Times: user=0.01 sys=0.00, real=0.00 secs] 
2014-07-08T04:39:12.504+0000: 1510.720: [GC [PSYoungGen: 881060K->416K(847168K)] 1053177K->172645K(1534144K), 0.0162670 secs] [Times: user=0.06 sys=0.00, real=0.01 secs] 
2014-07-08T04:39:14.317+0000: 1512.532: [GC [PSYoungGen: 847066K->442K(814720K)] 1019295K->172823K(1501696K), 0.0073250 secs] [Times: user=0.02 sys=0.01, real=0.01 secs] 
2014-07-08T04:39:16.132+0000: 1514.347: [GC [PSYoungGen: 814714K->800K(784192K)] 987095K->173261K(1471168K), 0.0061110 secs] [Times: user=0.02 sys=0.00, real=0.01 secs] 
2014-07-08T04:39:17.772+0000: 1515.988: [GC [PSYoungGen: 784160K->480K(754432K)] 956621K->172997K(1441408K), 0.0047590 secs] [Times: user=0.01 sys=0.00, real=0.01 secs] 
2014-07-08T04:39:19.407+0000: 1517.622: [GC [PSYoungGen: 754400K->370K(726272K)] 926917K->173063K(1413248K), 0.0087130 secs] [Times: user=0.03 sys=0.00, real=0.01 secs] 
2014-07-08T04:39:21.003+0000: 1519.218: [GC [PSYoungGen: 726208K->640K(699776K)] 898901K->173445K(1386752K), 0.0059440 secs] [Times: user=0.01 sys=0.00, real=0.01 secs] 
2014-07-08T04:39:22.490+0000: 1520.706: [GC [PSYoungGen: 699776K->256K(673856K)] 872581K->173173K(1360832K), 0.0107830 secs] [Times: user=0.04 sys=0.00, real=0.01 secs] 
2014-07-08T04:39:23.960+0000: 1522.176: [GC [PSYoungGen: 673856K->690K(649984K)] 846773K->173703K(1336960K), 0.0064570 secs] [Times: user=0.01 sys=0.00, real=0.01 secs] 
2014-07-08T04:39:25.337+0000: 1523.553: [GC [PSYoungGen: 649970K->320K(626368K)] 822983K->173389K(1313344K), 0.0030810 secs] [Times: user=0.01 sys=0.00, real=0.00 secs] 
2014-07-08T04:39:26.687+0000: 1524.903: [GC [PSYoungGen: 626363K->406K(604352K)] 799432K->173523K(1291328K), 0.0145640 secs] [Times: user=0.06 sys=0.00, real=0.01 secs] 
2014-07-08T04:39:28.046+0000: 1526.262: [GC [PSYoungGen: 604310K->964K(583808K)] 777427K->174153K(1270784K), 0.0103280 secs] [Times: user=0.03 sys=0.00, real=0.01 secs] 
2014-07-08T04:39:29.251+0000: 1527.467: [GC [PSYoungGen: 583748K->224K(699648K)] 756937K->173573K(1386624K), 0.0291440 secs] [Times: user=0.10 sys=0.00, real=0.03 secs] 
2014-07-08T04:39:30.774+0000: 1528.990: [GC [PSYoungGen: 699616K->498K(674368K)] 872965K->173927K(1361344K), 0.0042180 secs] [Times: user=0.01 sys=0.00, real=0.01 secs] 
2014-07-08T04:39:32.236+0000: 1530.452: [GC [PSYoungGen: 674354K->256K(649792K)] 847783K->173829K(1336768K), 0.0126420 secs] [Times: user=0.05 sys=0.00, real=0.01 secs] 
2014-07-08T04:39:33.639+0000: 1531.855: [GC [PSYoungGen: 649792K->128K(626432K)] 823365K->173781K(1313408K), 0.0053710 secs] [Times: user=0.01 sys=0.00, real=0.00 secs] 
2014-07-08T04:39:35.005+0000: 1533.221: [GC [PSYoungGen: 626428K->544K(604736K)] 800081K->174229K(1291712K), 0.0063420 secs] [Times: user=0.01 sys=0.00, real=0.01 secs] 
2014-07-08T04:39:36.349+0000: 1534.565: [GC [PSYoungGen: 604704K->740K(583808K)] 778389K->174465K(1270784K), 0.0047730 secs] [Times: user=0.01 sys=0.00, real=0.00 secs] 
2014-07-08T04:39:37.564+0000: 1535.779: [GC [PSYoungGen: 583780K->452K(563392K)] 757505K->174265K(1250368K), 0.0267100 secs] [Times: user=0.09 sys=0.00, real=0.03 secs] 
2014-07-08T04:39:38.797+0000: 1537.012: [GC [PSYoungGen: 563332K->818K(676288K)] 737145K->174807K(1363264K), 0.0236300 secs] [Times: user=0.08 sys=0.00, real=0.03 secs] 
2014-07-08T04:39:40.246+0000: 1538.462: [GC [PSYoungGen: 676274K->224K(810816K)] 850263K->174317K(1497792K), 0.0149980 secs] [Times: user=0.06 sys=0.00, real=0.02 secs] 
2014-07-08T04:39:42.109+0000: 1540.325: [GC [PSYoungGen: 810781K->1074K(780928K)] 984874K->175287K(1467904K), 0.0067330 secs] [Times: user=0.02 sys=0.00, real=0.00 secs] 
2014-07-08T04:39:43.697+0000: 1541.913: [GC [PSYoungGen: 780914K->160K(750784K)] 955127K->174493K(1437760K), 0.0078970 secs] [Times: user=0.01 sys=0.00, real=0.00 secs] 
2014-07-08T04:39:45.309+0000: 1543.524: [GC [PSYoungGen: 750752K->320K(723008K)] 925085K->174741K(1409984K), 0.0094490 secs] [Times: user=0.02 sys=0.00, real=0.01 secs] 
2014-07-08T04:39:46.903+0000: 1545.119: [GC [PSYoungGen: 723008K->530K(696640K)] 897429K->174999K(1383616K), 0.0078470 secs] [Times: user=0.02 sys=0.00, real=0.01 secs] 
2014-07-08T04:39:48.473+0000: 1546.689: [GC [PSYoungGen: 696594K->694K(671424K)] 871063K->175283K(1358400K), 0.0132960 secs] [Times: user=0.05 sys=0.00, real=0.01 secs] 
2014-07-08T04:39:49.834+0000: 1548.050: [GC [PSYoungGen: 671409K->562K(647104K)] 845998K->175367K(1334080K), 0.0086410 secs] [Times: user=0.02 sys=0.00, real=0.01 secs] 
2014-07-08T04:39:51.230+0000: 1549.446: [GC [PSYoungGen: 647090K->128K(623552K)] 821895K->175005K(1310528K), 0.0122420 secs] [Times: user=0.05 sys=0.01, real=0.01 secs] 
2014-07-08T04:39:52.586+0000: 1550.802: [GC [PSYoungGen: 623552K->192K(601600K)] 798429K->175133K(1288576K), 0.0053890 secs] [Times: user=0.01 sys=0.00, real=0.01 secs] 
2014-07-08T04:39:53.907+0000: 1552.122: [GC [PSYoungGen: 601600K->722K(581184K)] 776541K->175751K(1268160K), 0.0062490 secs] [Times: user=0.01 sys=0.00, real=0.01 secs] 
2014-07-08T04:39:55.202+0000: 1553.418: [GC [PSYoungGen: 581138K->640K(560960K)] 756167K->175701K(1247936K), 0.0053470 secs] [Times: user=0.01 sys=0.00, real=0.00 secs] 
2014-07-08T04:39:56.357+0000: 1554.573: [GC [PSYoungGen: 560960K->160K(672576K)] 736021K->175285K(1359552K), 0.0343560 secs] [Times: user=0.12 sys=0.00, real=0.04 secs] 
2014-07-08T04:39:57.821+0000: 1556.037: [GC [PSYoungGen: 672544K->594K(807552K)] 847669K->175775K(1494528K), 0.0216790 secs] [Times: user=0.07 sys=0.00, real=0.02 secs] 
2014-07-08T04:39:59.559+0000: 1557.774: [GC [PSYoungGen: 807453K->192K(968512K)] 982635K->175549K(1655488K), 0.0124160 secs] [Times: user=0.05 sys=0.00, real=0.02 secs] 
2014-07-08T04:40:01.644+0000: 1559.860: [GC [PSYoungGen: 968512K->352K(1162368K)] 1143869K->175845K(1849344K), 0.0263360 secs] [Times: user=0.10 sys=0.01, real=0.03 secs] 
2014-07-08T04:40:04.194+0000: 1562.409: [GC [PSYoungGen: 1162319K->256K(1114688K)] 1337812K->175893K(1801664K), 0.0049160 secs] [Times: user=0.01 sys=0.00, real=0.00 secs] 
2014-07-08T04:40:06.567+0000: 1564.782: [GC [PSYoungGen: 1114688K->224K(1069440K)] 1290325K->176013K(1756416K), 0.0066290 secs] [Times: user=0.01 sys=0.00, real=0.01 secs] 
2014-07-08T04:40:08.883+0000: 1567.099: [GC [PSYoungGen: 1069408K->914K(1027072K)] 1245197K->176775K(1714048K), 0.0076460 secs] [Times: user=0.01 sys=0.01, real=0.01 secs] 
2014-07-08T04:40:11.088+0000: 1569.304: [GC [PSYoungGen: 1027026K->288K(985472K)] 1202887K->176437K(1672448K), 0.0111480 secs] [Times: user=0.04 sys=0.00, real=0.01 secs] 
2014-07-08T04:40:13.221+0000: 1571.437: [GC [PSYoungGen: 985440K->530K(946688K)] 1161589K->176807K(1633664K), 0.0055920 secs] [Times: user=0.02 sys=0.00, real=0.01 secs] 
2014-07-08T04:40:15.251+0000: 1573.466: [GC [PSYoungGen: 946642K->452K(909504K)] 1122919K->176889K(1596480K), 0.0049310 secs] [Times: user=0.01 sys=0.00, real=0.01 secs] 
2014-07-08T04:40:17.265+0000: 1575.481: [GC [PSYoungGen: 909444K->466K(874112K)] 1085881K->176967K(1561088K), 0.0172650 secs] [Times: user=0.06 sys=0.00, real=0.02 secs] 
2014-07-08T04:40:19.191+0000: 1577.407: [GC [PSYoungGen: 874066K->448K(840320K)] 1050567K->177117K(1527296K), 0.0120890 secs] [Times: user=0.04 sys=0.00, real=0.02 secs] 
2014-07-08T04:40:20.927+0000: 1579.143: [GC [PSYoungGen: 840245K->626K(808384K)] 1016914K->177479K(1495360K), 0.0063570 secs] [Times: user=0.02 sys=0.00, real=0.01 secs] 
2014-07-08T04:40:22.666+0000: 1580.881: [GC [PSYoungGen: 808370K->306K(777472K)] 985223K->177247K(1464448K), 0.0093080 secs] [Times: user=0.03 sys=0.00, real=0.01 secs] 
2014-07-08T04:40:24.386+0000: 1582.602: [GC [PSYoungGen: 777458K->448K(748480K)] 954399K->177509K(1435456K), 0.0111510 secs] [Times: user=0.04 sys=0.00, real=0.01 secs] 
2014-07-08T04:40:25.966+0000: 1584.181: [GC [PSYoungGen: 748476K->544K(720832K)] 925538K->177701K(1407808K), 0.0073340 secs] [Times: user=0.02 sys=0.00, real=0.00 secs] 
2014-07-08T04:40:27.510+0000: 1585.726: [GC [PSYoungGen: 720749K->420K(694208K)] 897906K->177625K(1381184K), 0.0220310 secs] [Times: user=0.08 sys=0.00, real=0.02 secs] 
2014-07-08T04:40:29.055+0000: 1587.271: [GC [PSYoungGen: 694180K->818K(669312K)] 871385K->178327K(1356288K), 0.0056080 secs] [Times: user=0.02 sys=0.00, real=0.00 secs] 
2014-07-08T04:40:30.492+0000: 1588.708: [GC [PSYoungGen: 669298K->580K(645056K)] 846807K->178225K(1332032K), 0.0122400 secs] [Times: user=0.04 sys=0.00, real=0.01 secs] 
2014-07-08T04:40:31.843+0000: 1590.058: [GC [PSYoungGen: 644996K->512K(621952K)] 822641K->178309K(1308928K), 0.0089110 secs] [Times: user=0.01 sys=0.00, real=0.01 secs] 
2014-07-08T04:40:33.168+0000: 1591.383: [GC [PSYoungGen: 621946K->242K(599744K)] 799743K->178087K(1286720K), 0.0049100 secs] [Times: user=0.01 sys=0.00, real=0.00 secs] 
2014-07-08T04:40:34.469+0000: 1592.685: [GC [PSYoungGen: 599730K->128K(578688K)] 777575K->178045K(1265664K), 0.0055620 secs] [Times: user=0.01 sys=0.00, real=0.00 secs] 
2014-07-08T04:40:35.729+0000: 1593.945: [GC [PSYoungGen: 578688K->64K(558656K)] 756605K->178013K(1245632K), 0.0053410 secs] [Times: user=0.02 sys=0.00, real=0.00 secs] 
2014-07-08T04:40:36.991+0000: 1595.207: [GC [PSYoungGen: 558656K->1014K(540544K)] 736605K->179067K(1227520K), 0.0068440 secs] [Times: user=0.02 sys=0.01, real=0.01 secs] 
2014-07-08T04:40:38.138+0000: 1596.353: [GC [PSYoungGen: 540534K->736K(522048K)] 718587K->178901K(1209024K), 0.0076750 secs] [Times: user=0.01 sys=0.00, real=0.00 secs] 
2014-07-08T04:40:39.233+0000: 1597.449: [GC [PSYoungGen: 522016K->570K(504448K)] 700181K->178903K(1191424K), 0.0044140 secs] [Times: user=0.01 sys=0.01, real=0.01 secs] 
2014-07-08T04:40:40.320+0000: 1598.536: [GC [PSYoungGen: 504442K->192K(487424K)] 682775K->178581K(1174400K), 0.0065920 secs] [Times: user=0.02 sys=0.00, real=0.01 secs] 
2014-07-08T04:40:41.378+0000: 1599.594: [GC [PSYoungGen: 487424K->114K(471488K)] 665813K->178559K(1158464K), 0.0053160 secs] [Times: user=0.01 sys=0.00, real=0.00 secs] 
2014-07-08T04:40:42.408+0000: 1600.624: [GC [PSYoungGen: 471375K->310K(457344K)] 649821K->178779K(1144320K), 0.0043290 secs] [Times: user=0.01 sys=0.00, real=0.00 secs] 
2014-07-08T04:40:43.415+0000: 1601.631: [GC [PSYoungGen: 456438K->448K(442048K)] 634907K->178981K(1129024K), 0.0108770 secs] [Times: user=0.03 sys=0.01, real=0.02 secs] 
2014-07-08T04:40:44.349+0000: 1602.565: [GC [PSYoungGen: 442048K->192K(427904K)] 620581K->178765K(1114880K), 0.0047140 secs] [Times: user=0.01 sys=0.00, real=0.00 secs] 
2014-07-08T04:40:45.280+0000: 1603.496: [GC [PSYoungGen: 427904K->224K(414656K)] 606477K->178853K(1101632K), 0.0173500 secs] [Times: user=0.07 sys=0.00, real=0.02 secs] 
2014-07-08T04:40:46.180+0000: 1604.395: [GC [PSYoungGen: 414624K->192K(401856K)] 593253K->178861K(1088832K), 0.0049380 secs] [Times: user=0.01 sys=0.00, real=0.00 secs] 
2014-07-08T04:40:47.068+0000: 1605.284: [GC [PSYoungGen: 401856K->448K(389888K)] 580525K->179149K(1076864K), 0.0045600 secs] [Times: user=0.02 sys=0.00, real=0.00 secs] 
2014-07-08T04:40:47.897+0000: 1606.112: [GC [PSYoungGen: 389852K->680K(378432K)] 568553K->179477K(1065408K), 0.0149750 secs] [Times: user=0.06 sys=0.00, real=0.02 secs] 
2014-07-08T04:40:48.701+0000: 1606.917: [GC [PSYoungGen: 378408K->256K(366784K)] 557205K->179133K(1053760K), 0.0062170 secs] [Times: user=0.01 sys=0.00, real=0.01 secs] 
2014-07-08T04:40:49.558+0000: 1607.773: [GC [PSYoungGen: 366784K->516K(440448K)] 545661K->179473K(1127424K), 0.0237080 secs] [Times: user=0.09 sys=0.00, real=0.02 secs] 
2014-07-08T04:40:50.454+0000: 1608.670: [GC [PSYoungGen: 440388K->260K(528192K)] 619345K->179305K(1215168K), 0.0076600 secs] [Times: user=0.01 sys=0.00, real=0.01 secs] 
2014-07-08T04:40:51.589+0000: 1609.805: [GC [PSYoungGen: 528132K->324K(633856K)] 707177K->179417K(1320832K), 0.0080460 secs] [Times: user=0.01 sys=0.01, real=0.00 secs] 
2014-07-08T04:40:52.962+0000: 1611.178: [GC [PSYoungGen: 633796K->434K(760640K)] 812889K->179567K(1447616K), 0.0170990 secs] [Times: user=0.06 sys=0.00, real=0.02 secs] 
2014-07-08T04:40:54.612+0000: 1612.828: [GC [PSYoungGen: 760626K->260K(732160K)] 939759K->179457K(1419136K), 0.0056820 secs] [Times: user=0.01 sys=0.00, real=0.00 secs] 
2014-07-08T04:40:56.328+0000: 1614.544: [GC [PSYoungGen: 732100K->704K(705536K)] 911297K->179949K(1392512K), 0.0086810 secs] [Times: user=0.02 sys=0.00, real=0.00 secs] 
2014-07-08T04:40:57.723+0000: 1615.939: [GC [PSYoungGen: 705536K->480K(679552K)] 884781K->179869K(1366528K), 0.0132520 secs] [Times: user=0.05 sys=0.00, real=0.01 secs] 
2014-07-08T04:40:59.203+0000: 1617.419: [GC [PSYoungGen: 679461K->420K(654912K)] 858850K->179993K(1341888K), 0.0049800 secs] [Times: user=0.01 sys=0.00, real=0.00 secs] 
2014-07-08T04:41:00.613+0000: 1618.829: [GC [PSYoungGen: 654872K->342K(631424K)] 834445K->180051K(1318400K), 0.0190350 secs] [Times: user=0.07 sys=0.00, real=0.02 secs] 
2014-07-08T04:41:02.023+0000: 1620.239: [GC [PSYoungGen: 631343K->832K(758080K)] 811052K->180637K(1445056K), 0.0209070 secs] [Times: user=0.08 sys=0.00, real=0.02 secs] 
2014-07-08T04:41:03.603+0000: 1621.819: [GC [PSYoungGen: 758080K->288K(729344K)] 937885K->180173K(1416320K), 0.0072870 secs] [Times: user=0.02 sys=0.01, real=0.01 secs] 
2014-07-08T04:41:05.181+0000: 1623.396: [GC [PSYoungGen: 729312K->160K(702336K)] 909197K->180141K(1389312K), 0.0059210 secs] [Times: user=0.02 sys=0.00, real=0.00 secs] 
2014-07-08T04:41:06.700+0000: 1624.916: [GC [PSYoungGen: 702304K->480K(676992K)] 882285K->180525K(1363968K), 0.0122780 secs] [Times: user=0.03 sys=0.01, real=0.01 secs] 
2014-07-08T04:41:08.273+0000: 1626.489: [GC [PSYoungGen: 676960K->626K(652672K)] 857005K->180743K(1339648K), 0.0090790 secs] [Times: user=0.02 sys=0.00, real=0.01 secs] 
2014-07-08T04:41:09.581+0000: 1627.797: [GC [PSYoungGen: 652658K->128K(628800K)] 832775K->180493K(1315776K), 0.0052030 secs] [Times: user=0.01 sys=0.00, real=0.00 secs] 
2014-07-08T04:41:10.964+0000: 1629.179: [GC [PSYoungGen: 628744K->822K(607232K)] 809110K->181275K(1294208K), 0.0083480 secs] [Times: user=0.03 sys=0.01, real=0.01 secs] 
2014-07-08T04:41:12.258+0000: 1630.474: [GC [PSYoungGen: 607222K->320K(585472K)] 787675K->180869K(1272448K), 0.0120060 secs] [Times: user=0.04 sys=0.00, real=0.01 secs] 
2014-07-08T04:41:13.545+0000: 1631.761: [GC [PSYoungGen: 585456K->324K(565248K)] 766005K->180945K(1252224K), 0.0135770 secs] [Times: user=0.05 sys=0.00, real=0.01 secs] 
2014-07-08T04:41:14.733+0000: 1632.949: [GC [PSYoungGen: 565188K->402K(545920K)] 745809K->181111K(1232896K), 0.0055860 secs] [Times: user=0.01 sys=0.00, real=0.00 secs] 
2014-07-08T04:41:15.938+0000: 1634.154: [GC [PSYoungGen: 545874K->512K(527488K)] 726583K->181245K(1214464K), 0.0047100 secs] [Times: user=0.02 sys=0.00, real=0.01 secs] 
2014-07-08T04:41:17.108+0000: 1635.324: [GC [PSYoungGen: 527488K->850K(633280K)] 708221K->181647K(1320256K), 0.0402200 secs] [Times: user=0.14 sys=0.00, real=0.04 secs] 
2014-07-08T04:41:18.424+0000: 1636.639: [GC [PSYoungGen: 633234K->480K(759424K)] 814031K->181413K(1446400K), 0.0346070 secs] [Times: user=0.12 sys=0.00, real=0.03 secs] 
2014-07-08T04:41:20.101+0000: 1638.317: [GC [PSYoungGen: 759392K->402K(911168K)] 940325K->181471K(1598144K), 0.0140120 secs] [Times: user=0.05 sys=0.00, real=0.02 secs] 
2014-07-08T04:41:22.082+0000: 1640.297: [GC [PSYoungGen: 911075K->886K(1093760K)] 1092144K->182107K(1780736K), 0.0054080 secs] [Times: user=0.02 sys=0.00, real=0.01 secs] 
2014-07-08T04:41:24.398+0000: 1642.613: [GC [PSYoungGen: 1093750K->192K(1311680K)] 1274971K->181493K(1998656K), 0.0200850 secs] [Times: user=0.08 sys=0.00, real=0.02 secs] 
2014-07-08T04:41:27.235+0000: 1645.450: [GC [PSYoungGen: 1311680K->320K(1257024K)] 1492981K->181733K(1944000K), 0.0115580 secs] [Times: user=0.04 sys=0.00, real=0.01 secs] 
2014-07-08T04:41:29.982+0000: 1648.198: [GC [PSYoungGen: 1257024K->928K(1205568K)] 1438437K->182525K(1892544K), 0.0105610 secs] [Times: user=0.03 sys=0.00, real=0.01 secs] 
2014-07-08T04:41:32.556+0000: 1650.771: [GC [PSYoungGen: 1205536K->566K(1155584K)] 1387133K->182339K(1842560K), 0.0210220 secs] [Times: user=0.08 sys=0.00, real=0.02 secs] 
2014-07-08T04:41:35.125+0000: 1653.340: [GC [PSYoungGen: 1155574K->864K(1108736K)] 1337347K->182845K(1795712K), 0.0060710 secs] [Times: user=0.01 sys=0.00, real=0.00 secs] 
2014-07-08T04:41:37.510+0000: 1655.725: [GC [PSYoungGen: 1108704K->544K(1063488K)] 1290685K->182629K(1750464K), 0.0099880 secs] [Times: user=0.03 sys=0.00, real=0.01 secs] 
2014-07-08T04:41:39.761+0000: 1657.977: [GC [PSYoungGen: 1063456K->758K(1020928K)] 1245541K->183075K(1707904K), 0.0123150 secs] [Times: user=0.04 sys=0.00, real=0.01 secs] 
2014-07-08T04:41:41.979+0000: 1660.195: [GC [PSYoungGen: 1020918K->800K(980288K)] 1203235K->183277K(1667264K), 0.0327120 secs] [Times: user=0.12 sys=0.00, real=0.03 secs] 
2014-07-08T04:41:44.147+0000: 1662.363: [GC [PSYoungGen: 980256K->662K(941440K)] 1162733K->183251K(1628416K), 0.0192400 secs] [Times: user=0.07 sys=0.00, real=0.02 secs] 
2014-07-08T04:41:46.170+0000: 1664.386: [GC [PSYoungGen: 941314K->434K(904320K)] 1123903K->183183K(1591296K), 0.0074320 secs] [Times: user=0.02 sys=0.00, real=0.01 secs] 
2014-07-08T04:41:48.222+0000: 1666.438: [GC [PSYoungGen: 904306K->1152K(869888K)] 1087055K->184155K(1556864K), 0.0283180 secs] [Times: user=0.10 sys=0.00, real=0.03 secs] 
2014-07-08T04:41:49.978+0000: 1668.193: [GC [PSYoungGen: 869888K->626K(1043136K)] 1052891K->183845K(1730112K), 0.0619700 secs] [Times: user=0.23 sys=0.00, real=0.06 secs] 
2014-07-08T04:41:52.242+0000: 1670.458: [GC [PSYoungGen: 1043122K->224K(1251264K)] 1226341K->183603K(1938240K), 0.0193350 secs] [Times: user=0.07 sys=0.00, real=0.02 secs] 
2014-07-08T04:41:54.935+0000: 1673.151: [GC [PSYoungGen: 1251164K->516K(1501824K)] 1434544K->184023K(2188800K), 0.0079390 secs] [Times: user=0.03 sys=0.00, real=0.01 secs] 
2014-07-08T04:41:58.198+0000: 1676.413: [GC [PSYoungGen: 1501764K->630K(1437824K)] 1685271K->184241K(2124800K), 0.0167370 secs] [Times: user=0.06 sys=0.00, real=0.02 secs] 
2014-07-08T04:42:01.271+0000: 1679.487: [GC [PSYoungGen: 1437814K->352K(1376640K)] 1621425K->184171K(2063616K), 0.0070430 secs] [Times: user=0.02 sys=0.00, real=0.01 secs] 
2014-07-08T04:42:04.236+0000: 1682.451: [GC [PSYoungGen: 1376608K->320K(1318656K)] 1560427K->184339K(2005632K), 0.0063750 secs] [Times: user=0.01 sys=0.00, real=0.01 secs] 
2014-07-08T04:42:07.188+0000: 1685.404: [GC [PSYoungGen: 1318656K->1060K(1264320K)] 1502675K->185207K(1951296K), 0.0180890 secs] [Times: user=0.07 sys=0.00, real=0.02 secs] 
2014-07-08T04:42:09.819+0000: 1688.034: [GC [PSYoungGen: 1264263K->676K(1211520K)] 1448410K->185047K(1898496K), 0.0173600 secs] [Times: user=0.06 sys=0.00, real=0.02 secs] 
2014-07-08T04:42:12.475+0000: 1690.691: [GC [PSYoungGen: 1211492K->370K(1161344K)] 1395863K->184925K(1848320K), 0.0205610 secs] [Times: user=0.08 sys=0.00, real=0.02 secs] 
2014-07-08T04:42:14.950+0000: 1693.166: [GC [PSYoungGen: 1161330K->352K(1113856K)] 1345885K->185091K(1800832K), 0.0116130 secs] [Times: user=0.01 sys=0.00, real=0.01 secs] 
2014-07-08T04:42:17.367+0000: 1695.583: [GC [PSYoungGen: 1113824K->448K(1068736K)] 1298563K->185259K(1755712K), 0.0067470 secs] [Times: user=0.02 sys=0.00, real=0.01 secs] 
2014-07-08T04:42:19.684+0000: 1697.900: [GC [PSYoungGen: 1068736K->480K(1025792K)] 1253547K->185451K(1712768K), 0.0100940 secs] [Times: user=0.02 sys=0.00, real=0.01 secs] 
2014-07-08T04:42:21.913+0000: 1700.129: [GC [PSYoungGen: 1025760K->466K(984832K)] 1210731K->185621K(1671808K), 0.0120390 secs] [Times: user=0.05 sys=0.00, real=0.01 secs] 
2014-07-08T04:42:24.142+0000: 1702.358: [GC [PSYoungGen: 984737K->932K(946304K)] 1169892K->186191K(1633280K), 0.0368510 secs] [Times: user=0.14 sys=0.00, real=0.03 secs] 
2014-07-08T04:42:26.113+0000: 1704.329: [GC [PSYoungGen: 946259K->694K(908928K)] 1131518K->186113K(1595904K), 0.0090190 secs] [Times: user=0.02 sys=0.00, real=0.01 secs] 
2014-07-08T04:42:28.096+0000: 1706.312: [GC [PSYoungGen: 908918K->896K(873792K)] 1094337K->186379K(1560768K), 0.0104030 secs] [Times: user=0.02 sys=0.00, real=0.01 secs] 
2014-07-08T04:42:30.007+0000: 1708.223: [GC [PSYoungGen: 873711K->740K(840000K)] 1059194K->186767K(1526976K), 0.0056510 secs] [Times: user=0.02 sys=0.00, real=0.01 secs] 
2014-07-08T04:42:31.761+0000: 1709.976: [GC [PSYoungGen: 839972K->256K(807424K)] 1025999K->186427K(1494400K), 0.0065610 secs] [Times: user=0.01 sys=0.00, real=0.01 secs] 
2014-07-08T04:42:33.514+0000: 1711.730: [GC [PSYoungGen: 807424K->324K(969024K)] 993595K->186687K(1656000K), 0.0463210 secs] [Times: user=0.15 sys=0.00, real=0.04 secs] 
2014-07-08T04:42:35.612+0000: 1713.828: [GC [PSYoungGen: 968964K->384K(930816K)] 1155327K->186827K(1617792K), 0.0158310 secs] [Times: user=0.05 sys=0.00, real=0.02 secs] 
2014-07-08T04:42:37.621+0000: 1715.837: [GC [PSYoungGen: 930816K->416K(894464K)] 1117259K->186979K(1581440K), 0.0145520 secs] [Times: user=0.05 sys=0.00, real=0.02 secs] 
2014-07-08T04:42:39.555+0000: 1717.771: [GC [PSYoungGen: 894369K->484K(859840K)] 1080932K->187215K(1546816K), 0.0053700 secs] [Times: user=0.01 sys=0.00, real=0.00 secs] 
2014-07-08T04:42:41.418+0000: 1719.633: [GC [PSYoungGen: 859812K->256K(826560K)] 1046543K->187155K(1513536K), 0.0141960 secs] [Times: user=0.05 sys=0.00, real=0.01 secs] 
2014-07-08T04:42:43.301+0000: 1721.516: [GC [PSYoungGen: 826560K->576K(795392K)] 1013459K->187587K(1482368K), 0.0054310 secs] [Times: user=0.01 sys=0.01, real=0.01 secs] 
2014-07-08T04:42:44.951+0000: 1723.167: [GC [PSYoungGen: 795392K->882K(765760K)] 982403K->188029K(1452736K), 0.0173670 secs] [Times: user=0.06 sys=0.01, real=0.02 secs] 
2014-07-08T04:42:46.587+0000: 1724.802: [GC [PSYoungGen: 765746K->224K(736576K)] 952893K->187459K(1423552K), 0.0068920 secs] [Times: user=0.01 sys=0.00, real=0.00 secs] 
2014-07-08T04:42:48.256+0000: 1726.472: [GC [PSYoungGen: 736544K->1156K(710272K)] 923779K->188447K(1397248K), 0.0146640 secs] [Times: user=0.05 sys=0.00, real=0.01 secs] 
2014-07-08T04:42:49.713+0000: 1727.929: [GC [PSYoungGen: 710212K->224K(683328K)] 897503K->187707K(1370304K), 0.0043410 secs] [Times: user=0.01 sys=0.01, real=0.01 secs] 
2014-07-08T04:42:51.193+0000: 1729.409: [GC [PSYoungGen: 683271K->260K(658624K)] 870754K->187855K(1345600K), 0.0053550 secs] [Times: user=0.01 sys=0.00, real=0.01 secs] 
2014-07-08T04:42:52.626+0000: 1730.842: [GC [PSYoungGen: 658564K->416K(635136K)] 846159K->188139K(1322112K), 0.0083480 secs] [Times: user=0.01 sys=0.00, real=0.00 secs] 
2014-07-08T04:42:54.118+0000: 1732.334: [GC [PSYoungGen: 635104K->1252K(613440K)] 822827K->189055K(1300416K), 0.0075600 secs] [Times: user=0.02 sys=0.00, real=0.00 secs] 
2014-07-08T04:42:55.337+0000: 1733.553: [GC [PSYoungGen: 613412K->192K(590848K)] 801215K->188067K(1277824K), 0.0049870 secs] [Times: user=0.01 sys=0.01, real=0.00 secs] 
2014-07-08T04:42:56.611+0000: 1734.826: [GC [PSYoungGen: 590848K->224K(570368K)] 778723K->188187K(1257344K), 0.0177090 secs] [Times: user=0.06 sys=0.00, real=0.02 secs] 
2014-07-08T04:42:57.844+0000: 1736.060: [GC [PSYoungGen: 570336K->580K(551168K)] 758299K->188591K(1238144K), 0.0153650 secs] [Times: user=0.06 sys=0.00, real=0.02 secs] 
2014-07-08T04:42:59.053+0000: 1737.268: [GC [PSYoungGen: 551108K->996K(532864K)] 739119K->189135K(1219840K), 0.0058490 secs] [Times: user=0.01 sys=0.00, real=0.01 secs] 
2014-07-08T04:43:00.266+0000: 1738.482: [GC [PSYoungGen: 532836K->256K(514240K)] 720975K->188499K(1201216K), 0.0052180 secs] [Times: user=0.01 sys=0.00, real=0.01 secs] 
2014-07-08T04:43:01.297+0000: 1739.513: [GC [PSYoungGen: 514240K->192K(497088K)] 702483K->188579K(1184064K), 0.0042430 secs] [Times: user=0.02 sys=0.00, real=0.00 secs] 
2014-07-08T04:43:02.381+0000: 1740.597: [GC [PSYoungGen: 497088K->420K(481024K)] 685475K->188879K(1168000K), 0.0071170 secs] [Times: user=0.02 sys=0.00, real=0.01 secs] 
2014-07-08T04:43:03.428+0000: 1741.644: [GC [PSYoungGen: 480996K->128K(465088K)] 669455K->188635K(1152064K), 0.0048020 secs] [Times: user=0.01 sys=0.00, real=0.00 secs] 
2014-07-08T04:43:04.450+0000: 1742.666: [GC [PSYoungGen: 465088K->160K(451392K)] 653595K->188699K(1138368K), 0.0152860 secs] [Times: user=0.05 sys=0.00, real=0.01 secs] 
2014-07-08T04:43:05.475+0000: 1743.691: [GC [PSYoungGen: 450208K->648K(540800K)] 638747K->189275K(1227776K), 0.0206090 secs] [Times: user=0.06 sys=0.00, real=0.02 secs] 
2014-07-08T04:43:06.592+0000: 1744.808: [GC [PSYoungGen: 540744K->256K(648384K)] 729371K->188939K(1335360K), 0.0093650 secs] [Times: user=0.04 sys=0.00, real=0.01 secs] 
2014-07-08T04:43:08.009+0000: 1746.225: [GC [PSYoungGen: 648384K->466K(625472K)] 837067K->189189K(1312448K), 0.0046960 secs] [Times: user=0.02 sys=0.00, real=0.00 secs] 
2014-07-08T04:43:09.408+0000: 1747.624: [GC [PSYoungGen: 625426K->288K(603200K)] 814149K->189179K(1290176K), 0.0041390 secs] [Times: user=0.01 sys=0.00, real=0.01 secs] 
2014-07-08T04:43:10.653+0000: 1748.869: [GC [PSYoungGen: 603168K->160K(582016K)] 792059K->189179K(1268992K), 0.0051830 secs] [Times: user=0.01 sys=0.00, real=0.00 secs] 
2014-07-08T04:43:11.935+0000: 1750.151: [GC [PSYoungGen: 581983K->594K(562304K)] 771002K->189677K(1249280K), 0.0043510 secs] [Times: user=0.02 sys=0.00, real=0.01 secs] 
2014-07-08T04:43:13.159+0000: 1751.375: [GC [PSYoungGen: 562258K->644K(543168K)] 751341K->189815K(1230144K), 0.0214970 secs] [Times: user=0.08 sys=0.00, real=0.02 secs] 
2014-07-08T04:43:14.370+0000: 1752.586: [GC [PSYoungGen: 543104K->680K(524800K)] 732275K->189907K(1211776K), 0.0151260 secs] [Times: user=0.06 sys=0.00, real=0.01 secs] 
2014-07-08T04:43:15.454+0000: 1753.670: [GC [PSYoungGen: 524776K->292K(506880K)] 714003K->189599K(1193856K), 0.0072210 secs] [Times: user=0.02 sys=0.00, real=0.01 secs] 
2014-07-08T04:43:16.548+0000: 1754.763: [GC [PSYoungGen: 506852K->320K(490112K)] 696159K->189699K(1177088K), 0.0092260 secs] [Times: user=0.02 sys=0.01, real=0.01 secs] 
2014-07-08T04:43:17.682+0000: 1755.898: [GC [PSYoungGen: 490112K->544K(474368K)] 679491K->189971K(1161344K), 0.0111380 secs] [Times: user=0.03 sys=0.01, real=0.01 secs] 
2014-07-08T04:43:18.633+0000: 1756.849: [GC [PSYoungGen: 474336K->256K(458752K)] 663763K->189891K(1145728K), 0.0080830 secs] [Times: user=0.02 sys=0.00, real=0.01 secs] 
2014-07-08T04:43:19.628+0000: 1757.844: [GC [PSYoungGen: 458722K->356K(550592K)] 648357K->190071K(1237568K), 0.0148460 secs] [Times: user=0.05 sys=0.00, real=0.02 secs] 
2014-07-08T04:43:20.825+0000: 1759.041: [GC [PSYoungGen: 550564K->288K(531840K)] 740279K->190075K(1218816K), 0.0092980 secs] [Times: user=0.03 sys=0.00, real=0.01 secs] 
2014-07-08T04:43:21.997+0000: 1760.213: [GC [PSYoungGen: 531808K->512K(514176K)] 721595K->190371K(1201152K), 0.0063550 secs] [Times: user=0.01 sys=0.00, real=0.01 secs] 
2014-07-08T04:43:23.134+0000: 1761.350: [GC [PSYoungGen: 514176K->640K(497216K)] 704035K->190555K(1184192K), 0.0144710 secs] [Times: user=0.04 sys=0.01, real=0.01 secs] 
2014-07-08T04:43:24.191+0000: 1762.406: [GC [PSYoungGen: 497216K->320K(480576K)] 687131K->190307K(1167552K), 0.0071650 secs] [Times: user=0.01 sys=0.00, real=0.01 secs] 
2014-07-08T04:43:25.249+0000: 1763.465: [GC [PSYoungGen: 480576K->324K(465024K)] 670563K->190375K(1152000K), 0.0101610 secs] [Times: user=0.04 sys=0.00, real=0.01 secs] 
2014-07-08T04:43:26.219+0000: 1764.435: [GC [PSYoungGen: 464964K->384K(557952K)] 655015K->190531K(1244928K), 0.0245120 secs] [Times: user=0.09 sys=0.00, real=0.03 secs] 
2014-07-08T04:43:27.431+0000: 1765.647: [GC [PSYoungGen: 557952K->274K(669440K)] 748099K->190453K(1356416K), 0.0093760 secs] [Times: user=0.04 sys=0.00, real=0.00 secs] 
2014-07-08T04:43:28.888+0000: 1767.104: [GC [PSYoungGen: 669394K->608K(803584K)] 859573K->190939K(1490560K), 0.0125290 secs] [Times: user=0.05 sys=0.00, real=0.01 secs] 
2014-07-08T04:43:30.620+0000: 1768.836: [GC [PSYoungGen: 803520K->384K(772992K)] 993851K->190795K(1459968K), 0.0070020 secs] [Times: user=0.01 sys=0.00, real=0.01 secs] 
2014-07-08T04:43:32.295+0000: 1770.511: [GC [PSYoungGen: 772992K->434K(744128K)] 963403K->191037K(1431104K), 0.0117090 secs] [Times: user=0.04 sys=0.00, real=0.01 secs] 
2014-07-08T04:43:33.912+0000: 1772.128: [GC [PSYoungGen: 744113K->416K(716544K)] 934716K->191083K(1403520K), 0.0057750 secs] [Times: user=0.01 sys=0.01, real=0.01 secs] 
2014-07-08T04:43:35.490+0000: 1773.706: [GC [PSYoungGen: 716507K->406K(690240K)] 907175K->191105K(1377216K), 0.0050670 secs] [Times: user=0.01 sys=0.01, real=0.01 secs] 
2014-07-08T04:43:36.999+0000: 1775.215: [GC [PSYoungGen: 690198K->768K(665472K)] 880897K->191579K(1352448K), 0.0149880 secs] [Times: user=0.05 sys=0.00, real=0.02 secs] 
2014-07-08T04:43:38.407+0000: 1776.623: [GC [PSYoungGen: 665469K->384K(641152K)] 856280K->191299K(1328128K), 0.0054740 secs] [Times: user=0.02 sys=0.00, real=0.01 secs] 
2014-07-08T04:43:39.799+0000: 1778.015: [GC [PSYoungGen: 641069K->224K(618176K)] 831984K->191275K(1305152K), 0.0069690 secs] [Times: user=0.01 sys=0.00, real=0.01 secs] 
2014-07-08T04:43:41.217+0000: 1779.432: [GC [PSYoungGen: 618144K->800K(596992K)] 809195K->191947K(1283968K), 0.0058840 secs] [Times: user=0.02 sys=0.00, real=0.00 secs] 
2014-07-08T04:43:42.428+0000: 1780.643: [GC [PSYoungGen: 596960K->128K(575488K)] 788107K->191355K(1262464K), 0.0048340 secs] [Times: user=0.01 sys=0.01, real=0.00 secs] 
2014-07-08T04:43:43.676+0000: 1781.891: [GC [PSYoungGen: 575435K->128K(555648K)] 766662K->191419K(1242624K), 0.0110600 secs] [Times: user=0.04 sys=0.00, real=0.01 secs] 
2014-07-08T04:43:44.921+0000: 1783.137: [GC [PSYoungGen: 555591K->758K(537344K)] 746882K->192121K(1224320K), 0.0132470 secs] [Times: user=0.05 sys=0.01, real=0.02 secs] 
2014-07-08T04:43:46.070+0000: 1784.286: [GC [PSYoungGen: 537298K->854K(519360K)] 728661K->192297K(1206336K), 0.0059250 secs] [Times: user=0.01 sys=0.00, real=0.01 secs] 
2014-07-08T04:43:47.274+0000: 1785.490: [GC [PSYoungGen: 519318K->1032K(502272K)] 710761K->192515K(1189248K), 0.0070100 secs] [Times: user=0.02 sys=0.00, real=0.00 secs] 
2014-07-08T04:43:48.289+0000: 1786.505: [GC [PSYoungGen: 502216K->356K(485056K)] 693699K->192055K(1172032K), 0.0166620 secs] [Times: user=0.07 sys=0.00, real=0.02 secs] 
2014-07-08T04:43:49.323+0000: 1787.539: [GC [PSYoungGen: 485028K->260K(469184K)] 676727K->192071K(1156160K), 0.0124220 secs] [Times: user=0.05 sys=0.00, real=0.02 secs] 
2014-07-08T04:43:50.340+0000: 1788.556: [GC [PSYoungGen: 469122K->288K(454080K)] 660933K->192179K(1141056K), 0.0104200 secs] [Times: user=0.03 sys=0.00, real=0.01 secs] 
2014-07-08T04:43:51.327+0000: 1789.543: [GC [PSYoungGen: 454048K->128K(439424K)] 645939K->192115K(1126400K), 0.0063060 secs] [Times: user=0.02 sys=0.00, real=0.00 secs] 
2014-07-08T04:43:52.324+0000: 1790.539: [GC [PSYoungGen: 439423K->434K(425920K)] 631410K->192461K(1112896K), 0.0073640 secs] [Times: user=0.01 sys=0.01, real=0.01 secs] 
2014-07-08T04:43:53.257+0000: 1791.473: [GC [PSYoungGen: 425906K->384K(412608K)] 617933K->192459K(1099584K), 0.0079170 secs] [Times: user=0.02 sys=0.00, real=0.01 secs] 
2014-07-08T04:43:54.141+0000: 1792.357: [GC [PSYoungGen: 412608K->886K(400448K)] 604683K->193017K(1087424K), 0.0086850 secs] [Times: user=0.01 sys=0.00, real=0.01 secs] 
2014-07-08T04:43:55.063+0000: 1793.279: [GC [PSYoungGen: 400427K->950K(388416K)] 592558K->193113K(1075392K), 0.0065380 secs] [Times: user=0.01 sys=0.00, real=0.01 secs] 
2014-07-08T04:43:55.800+0000: 1794.015: [GC [PSYoungGen: 388406K->292K(376192K)] 580569K->192527K(1063168K), 0.0047400 secs] [Times: user=0.01 sys=0.00, real=0.00 secs] 
2014-07-08T04:43:56.610+0000: 1794.826: [GC [PSYoungGen: 376164K->342K(365120K)] 568399K->192601K(1052096K), 0.0048220 secs] [Times: user=0.01 sys=0.00, real=0.00 secs] 
2014-07-08T04:43:57.406+0000: 1795.622: [GC [PSYoungGen: 365078K->466K(354624K)] 557337K->192781K(1041600K), 0.0081970 secs] [Times: user=0.03 sys=0.01, real=0.00 secs] 
2014-07-08T04:43:58.214+0000: 1796.429: [GC [PSYoungGen: 354578K->420K(425408K)] 546893K->192863K(1112384K), 0.0139370 secs] [Times: user=0.05 sys=0.00, real=0.02 secs] 
2014-07-08T04:43:59.188+0000: 1797.404: [GC [PSYoungGen: 425380K->936K(412736K)] 617823K->193483K(1099712K), 0.0061100 secs] [Times: user=0.01 sys=0.00, real=0.00 secs] 
2014-07-08T04:44:00.097+0000: 1798.313: [GC [PSYoungGen: 412712K->1074K(495232K)] 605259K->193725K(1182208K), 0.0204960 secs] [Times: user=0.07 sys=0.01, real=0.02 secs] 
2014-07-08T04:44:01.100+0000: 1799.316: [GC [PSYoungGen: 495209K->420K(593472K)] 687860K->193399K(1280448K), 0.0068730 secs] [Times: user=0.02 sys=0.00, real=0.00 secs] 
2014-07-08T04:44:02.355+0000: 1800.571: [GC [PSYoungGen: 593411K->292K(572736K)] 786390K->193351K(1259712K), 0.0044120 secs] [Times: user=0.01 sys=0.01, real=0.01 secs] 
2014-07-08T04:44:03.600+0000: 1801.816: [GC [PSYoungGen: 572632K->192K(552896K)] 765692K->193363K(1239872K), 0.0107090 secs] [Times: user=0.04 sys=0.00, real=0.01 secs] 
2014-07-08T04:44:04.805+0000: 1803.021: [GC [PSYoungGen: 552896K->146K(663488K)] 746067K->193341K(1350464K), 0.0170060 secs] [Times: user=0.06 sys=0.00, real=0.02 secs] 
2014-07-08T04:44:06.252+0000: 1804.468: [GC [PSYoungGen: 663442K->320K(639744K)] 856637K->193579K(1326720K), 0.0104780 secs] [Times: user=0.04 sys=0.00, real=0.01 secs] 
2014-07-08T04:44:07.632+0000: 1805.848: [GC [PSYoungGen: 639744K->320K(616960K)] 833003K->193683K(1303936K), 0.0119840 secs] [Times: user=0.05 sys=0.00, real=0.01 secs] 
2014-07-08T04:44:08.968+0000: 1807.184: [GC [PSYoungGen: 616960K->576K(595520K)] 810323K->194091K(1282496K), 0.0072680 secs] [Times: user=0.01 sys=0.00, real=0.01 secs] 
2014-07-08T04:44:10.381+0000: 1808.597: [GC [PSYoungGen: 595520K->900K(575168K)] 789035K->194511K(1262144K), 0.0139420 secs] [Times: user=0.05 sys=0.01, real=0.01 secs] 
2014-07-08T04:44:11.489+0000: 1809.705: [GC [PSYoungGen: 575028K->228K(554688K)] 768639K->193983K(1241664K), 0.0056960 secs] [Times: user=0.01 sys=0.00, real=0.00 secs] 
2014-07-08T04:44:12.686+0000: 1810.902: [GC [PSYoungGen: 554660K->306K(535872K)] 748415K->194141K(1222848K), 0.0051330 secs] [Times: user=0.01 sys=0.00, real=0.01 secs] 
2014-07-08T04:44:13.853+0000: 1812.069: [GC [PSYoungGen: 535832K->534K(643264K)] 729667K->194417K(1330240K), 0.0308780 secs] [Times: user=0.09 sys=0.00, real=0.03 secs] 
2014-07-08T04:44:15.303+0000: 1813.519: [GC [PSYoungGen: 643222K->466K(771776K)] 837105K->194405K(1458752K), 0.0303700 secs] [Times: user=0.11 sys=0.00, real=0.03 secs] 
2014-07-08T04:44:16.925+0000: 1815.140: [GC [PSYoungGen: 771730K->658K(926272K)] 965669K->194693K(1613248K), 0.0184840 secs] [Times: user=0.07 sys=0.00, real=0.02 secs] 
2014-07-08T04:44:18.929+0000: 1817.144: [GC [PSYoungGen: 926226K->658K(1111424K)] 1120261K->194789K(1798400K), 0.0149650 secs] [Times: user=0.05 sys=0.00, real=0.02 secs] 
2014-07-08T04:44:21.325+0000: 1819.541: [GC [PSYoungGen: 1111378K->256K(1065920K)] 1305509K->194563K(1752896K), 0.0108210 secs] [Times: user=0.04 sys=0.00, real=0.01 secs] 
2014-07-08T04:44:23.637+0000: 1821.853: [GC [PSYoungGen: 1065920K->192K(1279040K)] 1260227K->194651K(1966016K), 0.0403030 secs] [Times: user=0.15 sys=0.00, real=0.04 secs] 
2014-07-08T04:44:26.412+0000: 1824.628: [GC [PSYoungGen: 1279040K->224K(1534912K)] 1473499K->194803K(2221888K), 0.0133690 secs] [Times: user=0.05 sys=0.00, real=0.01 secs] 
2014-07-08T04:44:29.365+0000: 1827.581: [GC [PSYoungGen: 1534880K->832K(1469824K)] 1729459K->195515K(2156800K), 0.0114900 secs] [Times: user=0.03 sys=0.00, real=0.01 secs] 
2014-07-08T04:44:32.360+0000: 1830.576: [GC [PSYoungGen: 1469771K->1096K(1407680K)] 1664454K->196051K(2094656K), 0.0061470 secs] [Times: user=0.02 sys=0.00, real=0.01 secs] 
2014-07-08T04:44:34.900+0000: 1833.116: [GC [PSYoungGen: 1407624K->882K(1348032K)] 1602579K->196101K(2035008K), 0.0056970 secs] [Times: user=0.01 sys=0.00, real=0.01 secs] 
2014-07-08T04:44:37.523+0000: 1835.739: [GC [PSYoungGen: 1348018K->480K(1291136K)] 1543237K->195811K(1978112K), 0.0241720 secs] [Times: user=0.08 sys=0.00, real=0.02 secs] 
2014-07-08T04:44:39.876+0000: 1838.092: [GC [PSYoungGen: 1291104K->736K(1237632K)] 1486435K->196315K(1924608K), 0.0173930 secs] [Times: user=0.07 sys=0.00, real=0.02 secs] 
2014-07-08T04:44:42.325+0000: 1840.541: [GC [PSYoungGen: 1237600K->776K(1186560K)] 1433179K->196547K(1873536K), 0.0091480 secs] [Times: user=0.03 sys=0.00, real=0.01 secs] 
2014-07-08T04:44:44.446+0000: 1842.662: [GC [PSYoungGen: 1186504K->402K(1137536K)] 1382275K->196405K(1824512K), 0.0034160 secs] [Times: user=0.01 sys=0.00, real=0.00 secs] 
2014-07-08T04:44:46.653+0000: 1844.869: [GC [PSYoungGen: 1137490K->452K(1091264K)] 1333493K->196535K(1778240K), 0.0182920 secs] [Times: user=0.07 sys=0.00, real=0.01 secs] 
2014-07-08T04:44:48.681+0000: 1846.896: [GC [PSYoungGen: 1091204K->416K(1047104K)] 1287287K->196611K(1734080K), 0.0099340 secs] [Times: user=0.04 sys=0.00, real=0.01 secs] 
2014-07-08T04:44:50.778+0000: 1848.994: [GC [PSYoungGen: 1047072K->676K(1005376K)] 1243267K->197119K(1692352K), 0.0074170 secs] [Times: user=0.01 sys=0.00, real=0.01 secs] 
2014-07-08T04:44:52.625+0000: 1850.841: [GC [PSYoungGen: 1005348K->608K(965376K)] 1201791K->197259K(1652352K), 0.0106180 secs] [Times: user=0.04 sys=0.00, real=0.01 secs] 
2014-07-08T04:44:54.423+0000: 1852.638: [GC [PSYoungGen: 965344K->320K(927040K)] 1161995K->197075K(1614016K), 0.0328800 secs] [Times: user=0.11 sys=0.00, real=0.04 secs] 
2014-07-08T04:44:56.327+0000: 1854.542: [GC [PSYoungGen: 927040K->352K(890880K)] 1123795K->197195K(1577856K), 0.0062820 secs] [Times: user=0.03 sys=0.00, real=0.00 secs] 
2014-07-08T04:44:57.849+0000: 1856.065: [GC [PSYoungGen: 890848K->512K(856512K)] 1087691K->197451K(1543488K), 0.0177230 secs] [Times: user=0.07 sys=0.00, real=0.02 secs] 
2014-07-08T04:44:59.485+0000: 1857.701: [GC [PSYoungGen: 856453K->338K(823552K)] 1053393K->197453K(1510528K), 0.0057100 secs] [Times: user=0.01 sys=0.00, real=0.00 secs] 
2014-07-08T04:45:01.270+0000: 1859.486: [GC [PSYoungGen: 823498K->740K(792640K)] 1020613K->198007K(1479616K), 0.0092190 secs] [Times: user=0.04 sys=0.00, real=0.01 secs] 
2014-07-08T04:45:02.745+0000: 1860.961: [GC [PSYoungGen: 792605K->498K(762560K)] 989873K->197973K(1449536K), 0.0110490 secs] [Times: user=0.04 sys=0.00, real=0.02 secs] 
2014-07-08T04:45:04.332+0000: 1862.547: [GC [PSYoungGen: 762546K->786K(915328K)] 960021K->198333K(1602304K), 0.0395470 secs] [Times: user=0.14 sys=0.00, real=0.04 secs] 
2014-07-08T04:45:06.268+0000: 1864.484: [GC [PSYoungGen: 915282K->548K(879424K)] 1112829K->198191K(1566400K), 0.0046510 secs] [Times: user=0.02 sys=0.00, real=0.00 secs] 
2014-07-08T04:45:07.704+0000: 1865.920: [GC [PSYoungGen: 879395K->832K(845760K)] 1077038K->198611K(1532736K), 0.0063840 secs] [Times: user=0.02 sys=0.00, real=0.01 secs] 
2014-07-08T04:45:09.371+0000: 1867.586: [GC [PSYoungGen: 845760K->480K(813120K)] 1043539K->198435K(1500096K), 0.0095260 secs] [Times: user=0.04 sys=0.01, real=0.01 secs] 
2014-07-08T04:45:11.151+0000: 1869.367: [GC [PSYoungGen: 813088K->868K(782720K)] 1011043K->199007K(1469696K), 0.0278700 secs] [Times: user=0.10 sys=0.00, real=0.03 secs] 
2014-07-08T04:45:12.589+0000: 1870.805: [GC [PSYoungGen: 782692K->416K(752896K)] 980831K->198747K(1439872K), 0.0076460 secs] [Times: user=0.01 sys=0.00, real=0.00 secs] 
2014-07-08T04:45:13.901+0000: 1872.117: [GC [PSYoungGen: 752864K->786K(725312K)] 951195K->199213K(1412288K), 0.0060970 secs] [Times: user=0.01 sys=0.01, real=0.00 secs] 
2014-07-08T04:45:15.307+0000: 1873.523: [GC [PSYoungGen: 725266K->402K(698240K)] 923693K->198869K(1385216K), 0.0071760 secs] [Times: user=0.01 sys=0.00, real=0.01 secs] 
2014-07-08T04:45:16.676+0000: 1874.892: [GC [PSYoungGen: 698194K->480K(672832K)] 896661K->199059K(1359808K), 0.0206570 secs] [Times: user=0.06 sys=0.00, real=0.02 secs] 
2014-07-08T04:45:17.825+0000: 1876.041: [GC [PSYoungGen: 672800K->516K(807360K)] 871379K->199191K(1494336K), 0.0284910 secs] [Times: user=0.09 sys=0.00, real=0.03 secs] 
2014-07-08T04:45:19.372+0000: 1877.588: [GC [PSYoungGen: 807300K->416K(968640K)] 1005975K->199243K(1655616K), 0.0111400 secs] [Times: user=0.03 sys=0.00, real=0.01 secs] 
2014-07-08T04:45:21.514+0000: 1879.730: [GC [PSYoungGen: 968515K->996K(931008K)] 1167342K->200209K(1617984K), 0.0093330 secs] [Times: user=0.02 sys=0.00, real=0.01 secs] 
2014-07-08T04:45:23.204+0000: 1881.420: [GC [PSYoungGen: 930980K->626K(894272K)] 1130193K->200239K(1581248K), 0.0083470 secs] [Times: user=0.01 sys=0.00, real=0.01 secs] 
2014-07-08T04:45:24.750+0000: 1882.966: [GC [PSYoungGen: 894258K->562K(859584K)] 1093871K->200319K(1546560K), 0.0122990 secs] [Times: user=0.04 sys=0.00, real=0.01 secs] 
2014-07-08T04:45:26.566+0000: 1884.782: [GC [PSYoungGen: 859471K->1174K(827200K)] 1059229K->201035K(1514176K), 0.0174520 secs] [Times: user=0.06 sys=0.00, real=0.02 secs] 
2014-07-08T04:45:28.054+0000: 1886.270: [GC [PSYoungGen: 827153K->1224K(795840K)] 1027015K->201221K(1482816K), 0.0092910 secs] [Times: user=0.02 sys=0.00, real=0.01 secs] 
2014-07-08T04:45:29.458+0000: 1887.674: [GC [PSYoungGen: 795784K->512K(765120K)] 995781K->200749K(1452096K), 0.0217800 secs] [Times: user=0.07 sys=0.00, real=0.03 secs] 
2014-07-08T04:45:30.864+0000: 1889.079: [GC [PSYoungGen: 765120K->466K(736576K)] 965357K->200839K(1423552K), 0.0077150 secs] [Times: user=0.02 sys=0.00, real=0.01 secs] 
2014-07-08T04:45:32.494+0000: 1890.710: [GC [PSYoungGen: 736530K->448K(883776K)] 936903K->200949K(1570752K), 0.0573770 secs] [Times: user=0.21 sys=0.00, real=0.06 secs] 
2014-07-08T04:45:34.107+0000: 1892.322: [GC [PSYoungGen: 883770K->612K(1060672K)] 1084271K->201281K(1747648K), 0.0059050 secs] [Times: user=0.01 sys=0.00, real=0.01 secs] 
2014-07-08T04:45:36.132+0000: 1894.348: [GC [PSYoungGen: 1060578K->1320K(1273408K)] 1261248K->202069K(1960384K), 0.0071490 secs] [Times: user=0.01 sys=0.00, real=0.00 secs] 
2014-07-08T04:45:38.575+0000: 1896.790: [GC [PSYoungGen: 1273384K->608K(1219840K)] 1474133K->201453K(1906816K), 0.0178140 secs] [Times: user=0.06 sys=0.00, real=0.02 secs] 
2014-07-08T04:45:40.782+0000: 1898.997: [GC [PSYoungGen: 1219805K->672K(1169600K)] 1420650K->201877K(1856576K), 0.0222250 secs] [Times: user=0.08 sys=0.00, real=0.03 secs] 
2014-07-08T04:45:43.210+0000: 1901.426: [GC [PSYoungGen: 1169568K->800K(1121856K)] 1370773K->202157K(1808832K), 0.0055300 secs] [Times: user=0.02 sys=0.00, real=0.01 secs] 
2014-07-08T04:45:45.231+0000: 1903.447: [GC [PSYoungGen: 1121824K->552K(1076032K)] 1323181K->202101K(1763008K), 0.0118400 secs] [Times: user=0.03 sys=0.00, real=0.02 secs] 
2014-07-08T04:45:47.344+0000: 1905.559: [GC [PSYoungGen: 1076008K->1074K(1033216K)] 1277557K->202695K(1720192K), 0.0194520 secs] [Times: user=0.07 sys=0.00, real=0.02 secs] 
2014-07-08T04:45:49.282+0000: 1907.497: [GC [PSYoungGen: 1033202K->498K(991360K)] 1234823K->202311K(1678336K), 0.0252880 secs] [Times: user=0.10 sys=0.00, real=0.03 secs] 
2014-07-08T04:45:51.094+0000: 1909.309: [GC [PSYoungGen: 991346K->960K(952512K)] 1193159K->202981K(1639488K), 0.0073110 secs] [Times: user=0.02 sys=0.00, real=0.00 secs] 
2014-07-08T04:45:52.991+0000: 1911.207: [GC [PSYoungGen: 952512K->722K(914944K)] 1154533K->202871K(1601920K), 0.0057800 secs] [Times: user=0.02 sys=0.00, real=0.01 secs] 
2014-07-08T04:45:54.716+0000: 1912.932: [GC [PSYoungGen: 914895K->498K(879040K)] 1117045K->202799K(1566016K), 0.0068420 secs] [Times: user=0.03 sys=0.00, real=0.00 secs] 
2014-07-08T04:45:56.485+0000: 1914.701: [GC [PSYoungGen: 879026K->1316K(845952K)] 1081327K->203721K(1532928K), 0.0062130 secs] [Times: user=0.02 sys=0.01, real=0.02 secs] 
2014-07-08T04:45:58.133+0000: 1916.348: [GC [PSYoungGen: 845878K->1092K(813440K)] 1048283K->203593K(1500416K), 0.0185870 secs] [Times: user=0.07 sys=0.00, real=0.02 secs] 
2014-07-08T04:45:59.631+0000: 1917.847: [GC [PSYoungGen: 813380K->384K(781888K)] 1015881K->203149K(1468864K), 0.0167090 secs] [Times: user=0.06 sys=0.00, real=0.02 secs] 
2014-07-08T04:46:01.089+0000: 1919.305: [GC [PSYoungGen: 781888K->868K(753024K)] 984653K->203785K(1440000K), 0.0199230 secs] [Times: user=0.07 sys=0.01, real=0.02 secs] 
2014-07-08T04:46:02.676+0000: 1920.892: [GC [PSYoungGen: 752996K->448K(724608K)] 955913K->203469K(1411584K), 0.0051560 secs] [Times: user=0.02 sys=0.00, real=0.00 secs] 
2014-07-08T04:46:04.087+0000: 1922.303: [GC [PSYoungGen: 724608K->996K(698496K)] 927629K->204177K(1385472K), 0.0066840 secs] [Times: user=0.02 sys=0.00, real=0.00 secs] 
2014-07-08T04:46:05.369+0000: 1923.584: [GC [PSYoungGen: 698468K->452K(672576K)] 901649K->203705K(1359552K), 0.0145570 secs] [Times: user=0.06 sys=0.00, real=0.01 secs] 
2014-07-08T04:46:06.544+0000: 1924.759: [GC [PSYoungGen: 672516K->192K(648000K)] 875769K->203501K(1334976K), 0.0048330 secs] [Times: user=0.01 sys=0.00, real=0.01 secs] 
2014-07-08T04:46:07.920+0000: 1926.136: [GC [PSYoungGen: 648000K->914K(625600K)] 851309K->204263K(1312576K), 0.0226560 secs] [Times: user=0.08 sys=0.00, real=0.02 secs] 
2014-07-08T04:46:09.074+0000: 1927.290: [GC [PSYoungGen: 625554K->864K(750464K)] 828903K->204461K(1437440K), 0.0152630 secs] [Times: user=0.06 sys=0.00, real=0.02 secs] 
2014-07-08T04:46:10.462+0000: 1928.677: [GC [PSYoungGen: 750432K->580K(900160K)] 954029K->204281K(1587136K), 0.0191120 secs] [Times: user=0.07 sys=0.00, real=0.02 secs] 
2014-07-08T04:46:12.158+0000: 1930.374: [GC [PSYoungGen: 900099K->914K(1080384K)] 1103801K->204775K(1767360K), 0.0122880 secs] [Times: user=0.03 sys=0.00, real=0.01 secs] 
2014-07-08T04:46:14.412+0000: 1932.628: [GC [PSYoungGen: 1080338K->576K(1036480K)] 1284199K->204565K(1723456K), 0.0039640 secs] [Times: user=0.01 sys=0.00, real=0.00 secs] 
2014-07-08T04:46:16.302+0000: 1934.518: [GC [PSYoungGen: 1036478K->722K(995200K)] 1240467K->204863K(1682176K), 0.0174830 secs] [Times: user=0.06 sys=0.00, real=0.02 secs] 
2014-07-08T04:46:18.170+0000: 1936.386: [GC [PSYoungGen: 995154K->1298K(956352K)] 1199295K->205503K(1643328K), 0.0047610 secs] [Times: user=0.02 sys=0.00, real=0.00 secs] 
2014-07-08T04:46:19.872+0000: 1938.087: [GC [PSYoungGen: 956306K->978K(918464K)] 1160511K->205423K(1605440K), 0.0057730 secs] [Times: user=0.02 sys=0.00, real=0.00 secs] 
2014-07-08T04:46:21.548+0000: 1939.763: [GC [PSYoungGen: 918418K->256K(881920K)] 1122863K->204837K(1568896K), 0.0061340 secs] [Times: user=0.01 sys=0.00, real=0.01 secs] 
2014-07-08T04:46:23.372+0000: 1941.588: [GC [PSYoungGen: 881871K->736K(848384K)] 1086452K->205461K(1535360K), 0.0214270 secs] [Times: user=0.08 sys=0.00, real=0.02 secs] 
2014-07-08T04:46:24.920+0000: 1943.136: [GC [PSYoungGen: 848352K->964K(816192K)] 1053077K->205817K(1503168K), 0.0154090 secs] [Times: user=0.06 sys=0.00, real=0.01 secs] 
2014-07-08T04:46:26.500+0000: 1944.715: [GC [PSYoungGen: 816132K->594K(784896K)] 1020985K->205543K(1471872K), 0.0076430 secs] [Times: user=0.01 sys=0.00, real=0.00 secs] 
2014-07-08T04:46:28.008+0000: 1946.224: [GC [PSYoungGen: 784778K->896K(755648K)] 989727K->205917K(1442624K), 0.0295650 secs] [Times: user=0.10 sys=0.00, real=0.03 secs] 
2014-07-08T04:46:29.544+0000: 1947.760: [GC [PSYoungGen: 755648K->626K(906368K)] 960669K->205879K(1593344K), 0.0183370 secs] [Times: user=0.08 sys=0.00, real=0.02 secs] 
2014-07-08T04:46:31.326+0000: 1949.542: [GC [PSYoungGen: 906354K->676K(871232K)] 1111607K->206105K(1558208K), 0.0138310 secs] [Times: user=0.05 sys=0.00, real=0.02 secs] 
2014-07-08T04:46:32.902+0000: 1951.118: [GC [PSYoungGen: 871203K->576K(837568K)] 1076632K->206181K(1524544K), 0.0128080 secs] [Times: user=0.04 sys=0.00, real=0.01 secs] 
2014-07-08T04:46:34.659+0000: 1952.874: [GC [PSYoungGen: 837568K->512K(805568K)] 1043173K->206221K(1492544K), 0.0187470 secs] [Times: user=0.06 sys=0.00, real=0.02 secs] 
2014-07-08T04:46:36.313+0000: 1954.529: [GC [PSYoungGen: 805567K->740K(775360K)] 1011276K->206561K(1462336K), 0.0183630 secs] [Times: user=0.07 sys=0.00, real=0.02 secs] 
2014-07-08T04:46:37.788+0000: 1956.004: [GC [PSYoungGen: 775332K->644K(746240K)] 981153K->206553K(1433216K), 0.0079570 secs] [Times: user=0.02 sys=0.00, real=0.01 secs] 
2014-07-08T04:46:39.262+0000: 1957.477: [GC [PSYoungGen: 746180K->1202K(719104K)] 952089K->207351K(1406080K), 0.0091060 secs] [Times: user=0.03 sys=0.00, real=0.00 secs] 
2014-07-08T04:46:40.529+0000: 1958.744: [GC [PSYoungGen: 719090K->480K(692032K)] 925239K->206813K(1379008K), 0.0154230 secs] [Times: user=0.05 sys=0.00, real=0.02 secs] 
2014-07-08T04:46:41.821+0000: 1960.037: [GC [PSYoungGen: 692000K->224K(666624K)] 898333K->206677K(1353600K), 0.0106200 secs] [Times: user=0.03 sys=0.00, real=0.01 secs] 
2014-07-08T04:46:43.148+0000: 1961.363: [GC [PSYoungGen: 666592K->914K(800640K)] 873045K->207463K(1487616K), 0.0229900 secs] [Times: user=0.07 sys=0.00, real=0.02 secs] 
2014-07-08T04:46:44.678+0000: 1962.893: [GC [PSYoungGen: 800594K->402K(769920K)] 1007143K->207039K(1456896K), 0.0045140 secs] [Times: user=0.01 sys=0.00, real=0.01 secs] 
2014-07-08T04:46:46.098+0000: 1964.314: [GC [PSYoungGen: 769874K->786K(741504K)] 976511K->207511K(1428480K), 0.0094760 secs] [Times: user=0.02 sys=0.00, real=0.01 secs] 
2014-07-08T04:46:47.511+0000: 1965.727: [GC [PSYoungGen: 741458K->776K(889664K)] 948183K->207557K(1576640K), 0.0304200 secs] [Times: user=0.11 sys=0.00, real=0.03 secs] 
2014-07-08T04:46:49.106+0000: 1967.322: [GC [PSYoungGen: 889604K->1060K(855488K)] 1096385K->208049K(1542464K), 0.0086540 secs] [Times: user=0.01 sys=0.00, real=0.01 secs] 
2014-07-08T04:46:50.740+0000: 1968.956: [GC [PSYoungGen: 855460K->498K(822144K)] 1062449K->207599K(1509120K), 0.0063370 secs] [Times: user=0.01 sys=0.00, real=0.01 secs] 
2014-07-08T04:46:52.384+0000: 1970.600: [GC [PSYoungGen: 822130K->1106K(791552K)] 1029231K->208359K(1478528K), 0.0071790 secs] [Times: user=0.02 sys=0.00, real=0.00 secs] 
2014-07-08T04:46:53.747+0000: 1971.963: [GC [PSYoungGen: 791506K->224K(760896K)] 998759K->207597K(1447872K), 0.0160630 secs] [Times: user=0.06 sys=0.00, real=0.02 secs] 
2014-07-08T04:46:55.228+0000: 1973.444: [GC [PSYoungGen: 760864K->882K(913664K)] 968237K->208351K(1600640K), 0.0262280 secs] [Times: user=0.08 sys=0.00, real=0.03 secs] 
2014-07-08T04:46:56.893+0000: 1975.109: [GC [PSYoungGen: 913650K->544K(1095936K)] 1121119K->208085K(1782912K), 0.0415950 secs] [Times: user=0.13 sys=0.01, real=0.04 secs] 
2014-07-08T04:46:58.995+0000: 1977.211: [GC [PSYoungGen: 1095902K->946K(1315392K)] 1303444K->208575K(2002368K), 0.0056920 secs] [Times: user=0.01 sys=0.00, real=0.00 secs] 
2014-07-08T04:47:01.562+0000: 1979.777: [GC [PSYoungGen: 1315378K->480K(1260032K)] 1523007K->208365K(1947008K), 0.0131380 secs] [Times: user=0.03 sys=0.00, real=0.02 secs] 
2014-07-08T04:47:03.895+0000: 1982.111: [GC [PSYoungGen: 1260000K->662K(1208000K)] 1467885K->208803K(1894976K), 0.0108380 secs] [Times: user=0.02 sys=0.00, real=0.01 secs] 
2014-07-08T04:47:06.419+0000: 1984.635: [GC [PSYoungGen: 1207872K->1078K(1158656K)] 1416013K->209347K(1845632K), 0.0189010 secs] [Times: user=0.06 sys=0.00, real=0.02 secs] 
2014-07-08T04:47:08.562+0000: 1986.777: [GC [PSYoungGen: 1158646K->544K(1110848K)] 1366915K->208981K(1797824K), 0.0061360 secs] [Times: user=0.01 sys=0.00, real=0.01 secs] 
2014-07-08T04:47:10.564+0000: 1988.780: [GC [PSYoungGen: 1110816K->370K(1065664K)] 1319253K->209063K(1752640K), 0.0058220 secs] [Times: user=0.01 sys=0.00, real=0.01 secs] 
2014-07-08T04:47:12.677+0000: 1990.893: [GC [PSYoungGen: 1065650K->608K(1023040K)] 1274343K->209501K(1710016K), 0.0174410 secs] [Times: user=0.06 sys=0.00, real=0.01 secs] 
2014-07-08T04:47:14.615+0000: 1992.831: [GC [PSYoungGen: 1022975K->754K(982400K)] 1231869K->209807K(1669376K), 0.0100110 secs] [Times: user=0.01 sys=0.00, real=0.01 secs] 
2014-07-08T04:47:16.536+0000: 1994.752: [GC [PSYoungGen: 982336K->1000K(943808K)] 1191389K->210133K(1630784K), 0.0073830 secs] [Times: user=0.02 sys=0.01, real=0.00 secs] 
2014-07-08T04:47:18.374+0000: 1996.590: [GC [PSYoungGen: 943784K->562K(906368K)] 1152917K->209783K(1593344K), 0.0190810 secs] [Times: user=0.07 sys=0.00, real=0.02 secs] 
2014-07-08T04:47:19.928+0000: 1998.144: [GC [PSYoungGen: 906354K->640K(871232K)] 1115575K->210133K(1558208K), 0.0189880 secs] [Times: user=0.07 sys=0.00, real=0.02 secs] 
2014-07-08T04:47:21.685+0000: 1999.901: [GC [PSYoungGen: 871229K->992K(838080K)] 1080722K->210581K(1525056K), 0.0085570 secs] [Times: user=0.02 sys=0.01, real=0.01 secs] 
2014-07-08T04:47:23.324+0000: 2001.540: [GC [PSYoungGen: 837977K->420K(805504K)] 1047567K->210161K(1492480K), 0.0056850 secs] [Times: user=0.01 sys=0.00, real=0.01 secs] 
2014-07-08T04:47:24.751+0000: 2002.967: [GC [PSYoungGen: 805476K->594K(775232K)] 1015217K->210447K(1462208K), 0.0283650 secs] [Times: user=0.11 sys=0.00, real=0.03 secs] 
2014-07-08T04:47:26.285+0000: 2004.501: [GC [PSYoungGen: 775186K->882K(746432K)] 985039K->210815K(1433408K), 0.0065080 secs] [Times: user=0.02 sys=0.00, real=0.01 secs] 
2014-07-08T04:47:27.619+0000: 2005.835: [GC [PSYoungGen: 746368K->352K(895040K)] 956301K->210341K(1582016K), 0.0290160 secs] [Times: user=0.11 sys=0.00, real=0.03 secs] 
2014-07-08T04:47:29.395+0000: 2007.610: [GC [PSYoungGen: 895008K->512K(1074112K)] 1104997K->210709K(1761088K), 0.0280680 secs] [Times: user=0.10 sys=0.00, real=0.03 secs] 
2014-07-08T04:47:31.418+0000: 2009.634: [GC [PSYoungGen: 1074081K->384K(1288704K)] 1284278K->210757K(1975680K), 0.0058340 secs] [Times: user=0.02 sys=0.00, real=0.00 secs] 
2014-07-08T04:47:33.902+0000: 2012.118: [GC [PSYoungGen: 1288704K->672K(1235392K)] 1499077K->211221K(1922368K), 0.0243240 secs] [Times: user=0.09 sys=0.00, real=0.02 secs] 
2014-07-08T04:47:36.246+0000: 2014.462: [GC [PSYoungGen: 1235360K->864K(1184512K)] 1445909K->211533K(1871488K), 0.0075430 secs] [Times: user=0.02 sys=0.00, real=0.01 secs] 
2014-07-08T04:47:38.623+0000: 2016.839: [GC [PSYoungGen: 1184480K->640K(1135680K)] 1395149K->211405K(1822656K), 0.0209200 secs] [Times: user=0.08 sys=0.00, real=0.02 secs] 
2014-07-08T04:47:40.735+0000: 2018.951: [GC [PSYoungGen: 1135680K->544K(1089408K)] 1346445K->211653K(1776384K), 0.0223410 secs] [Times: user=0.08 sys=0.00, real=0.02 secs] 
2014-07-08T04:47:43.065+0000: 2021.280: [GC [PSYoungGen: 1089376K->1138K(1046016K)] 1300485K->212439K(1732992K), 0.0067950 secs] [Times: user=0.03 sys=0.00, real=0.01 secs] 
2014-07-08T04:47:44.924+0000: 2023.140: [GC [PSYoungGen: 1046002K->562K(1003584K)] 1257303K->212023K(1690560K), 0.0152970 secs] [Times: user=0.05 sys=0.00, real=0.01 secs] 
2014-07-08T04:47:46.765+0000: 2024.981: [GC [PSYoungGen: 1003570K->352K(963520K)] 1215031K->211901K(1650496K), 0.0057390 secs] [Times: user=0.01 sys=0.00, real=0.01 secs] 
2014-07-08T04:47:48.707+0000: 2026.923: [GC [PSYoungGen: 963488K->640K(925824K)] 1175037K->212285K(1612800K), 0.0222530 secs] [Times: user=0.08 sys=0.01, real=0.02 secs] 
2014-07-08T04:47:50.439+0000: 2028.655: [GC [PSYoungGen: 925824K->822K(889856K)] 1137469K->212755K(1576832K), 0.0150700 secs] [Times: user=0.04 sys=0.00, real=0.02 secs] 
2014-07-08T04:47:51.986+0000: 2030.202: [GC [PSYoungGen: 889846K->690K(855296K)] 1101779K->212783K(1542272K), 0.0044280 secs] [Times: user=0.02 sys=0.00, real=0.00 secs] 
2014-07-08T04:47:53.792+0000: 2032.008: [GC [PSYoungGen: 855282K->576K(822400K)] 1067375K->212741K(1509376K), 0.0067600 secs] [Times: user=0.02 sys=0.00, real=0.00 secs] 
2014-07-08T04:47:55.349+0000: 2033.565: [GC [PSYoungGen: 822400K->416K(791040K)] 1034565K->212733K(1478016K), 0.0061150 secs] [Times: user=0.02 sys=0.00, real=0.01 secs] 
2014-07-08T04:47:56.717+0000: 2034.933: [GC [PSYoungGen: 791008K->306K(761152K)] 1003325K->212687K(1448128K), 0.0053560 secs] [Times: user=0.02 sys=0.00, real=0.01 secs] 
2014-07-08T04:47:58.154+0000: 2036.369: [GC [PSYoungGen: 761138K->1202K(733696K)] 973519K->213655K(1420672K), 0.0241960 secs] [Times: user=0.09 sys=0.00, real=0.02 secs] 
2014-07-08T04:47:59.585+0000: 2037.800: [GC [PSYoungGen: 733664K->512K(705920K)] 946117K->213141K(1392896K), 0.0101650 secs] [Times: user=0.03 sys=0.00, real=0.01 secs] 
2014-07-08T04:48:00.887+0000: 2039.103: [GC [PSYoungGen: 705920K->448K(680064K)] 918549K->213245K(1367040K), 0.0196500 secs] [Times: user=0.08 sys=0.00, real=0.02 secs] 
2014-07-08T04:48:02.294+0000: 2040.510: [GC [PSYoungGen: 680062K->1128K(656192K)] 892860K->214045K(1343168K), 0.0075460 secs] [Times: user=0.02 sys=0.00, real=0.00 secs] 
2014-07-08T04:48:03.526+0000: 2041.742: [GC [PSYoungGen: 656168K->274K(631872K)] 869085K->213295K(1318848K), 0.0088490 secs] [Times: user=0.01 sys=0.00, real=0.01 secs] 
2014-07-08T04:48:04.728+0000: 2042.944: [GC [PSYoungGen: 631826K->320K(609472K)] 844847K->213421K(1296448K), 0.0117190 secs] [Times: user=0.04 sys=0.01, real=0.01 secs] 
2014-07-08T04:48:05.822+0000: 2044.038: [GC [PSYoungGen: 609472K->242K(588032K)] 822573K->213407K(1275008K), 0.0054710 secs] [Times: user=0.02 sys=0.00, real=0.01 secs] 
2014-07-08T04:48:06.992+0000: 2045.208: [GC [PSYoungGen: 588018K->986K(568384K)] 801183K->214191K(1255360K), 0.0080310 secs] [Times: user=0.02 sys=0.00, real=0.01 secs] 
2014-07-08T04:48:07.997+0000: 2046.213: [GC [PSYoungGen: 568346K->800K(548736K)] 781551K->214125K(1235712K), 0.0066810 secs] [Times: user=0.01 sys=0.00, real=0.01 secs] 
2014-07-08T04:48:09.113+0000: 2047.329: [GC [PSYoungGen: 548704K->928K(658496K)] 762029K->214365K(1345472K), 0.0237090 secs] [Times: user=0.06 sys=0.00, real=0.03 secs] 
2014-07-08T04:48:10.490+0000: 2048.706: [GC [PSYoungGen: 658464K->466K(789568K)] 871901K->214055K(1476544K), 0.0271660 secs] [Times: user=0.10 sys=0.00, real=0.03 secs] 
2014-07-08T04:48:11.833+0000: 2050.049: [GC [PSYoungGen: 789521K->320K(947200K)] 1003110K->214093K(1634176K), 0.0080820 secs] [Times: user=0.02 sys=0.00, real=0.01 secs] 
2014-07-08T04:48:13.672+0000: 2051.888: [GC [PSYoungGen: 947200K->530K(1136832K)] 1160973K->214391K(1823808K), 0.0135280 secs] [Times: user=0.05 sys=0.00, real=0.02 secs] 
2014-07-08T04:48:15.805+0000: 2054.021: [GC [PSYoungGen: 1136786K->288K(1090304K)] 1350647K->214245K(1777280K), 0.0136780 secs] [Times: user=0.05 sys=0.00, real=0.02 secs] 
2014-07-08T04:48:17.838+0000: 2056.053: [GC [PSYoungGen: 1090272K->416K(1046400K)] 1304229K->214469K(1733376K), 0.0182520 secs] [Times: user=0.07 sys=0.00, real=0.01 secs] 
2014-07-08T04:48:19.983+0000: 2058.198: [GC [PSYoungGen: 1046360K->882K(1004928K)] 1260413K->215119K(1691904K), 0.0064370 secs] [Times: user=0.01 sys=0.00, real=0.01 secs] 
2014-07-08T04:48:21.778+0000: 2059.994: [GC [PSYoungGen: 1004914K->434K(964544K)] 1219151K->214919K(1651520K), 0.0246790 secs] [Times: user=0.09 sys=0.00, real=0.02 secs] 
2014-07-08T04:48:23.676+0000: 2061.891: [GC [PSYoungGen: 964530K->466K(926592K)] 1179015K->215063K(1613568K), 0.0135220 secs] [Times: user=0.06 sys=0.00, real=0.02 secs] 
2014-07-08T04:48:25.532+0000: 2063.748: [GC [PSYoungGen: 926546K->320K(890240K)] 1141143K->215029K(1577216K), 0.0065150 secs] [Times: user=0.03 sys=0.00, real=0.01 secs] 
2014-07-08T04:48:27.194+0000: 2065.410: [GC [PSYoungGen: 890171K->818K(856256K)] 1104880K->215623K(1543232K), 0.0074180 secs] [Times: user=0.02 sys=0.00, real=0.01 secs] 
2014-07-08T04:48:28.821+0000: 2067.036: [GC [PSYoungGen: 856242K->594K(823232K)] 1071047K->215535K(1510208K), 0.0118030 secs] [Times: user=0.04 sys=0.00, real=0.01 secs] 
2014-07-08T04:48:30.517+0000: 2068.733: [GC [PSYoungGen: 823186K->544K(791872K)] 1038127K->215669K(1478848K), 0.0216510 secs] [Times: user=0.08 sys=0.00, real=0.03 secs] 
2014-07-08T04:48:31.944+0000: 2070.160: [GC [PSYoungGen: 791840K->640K(762112K)] 1006965K->215925K(1449088K), 0.0066470 secs] [Times: user=0.01 sys=0.00, real=0.01 secs] 
2014-07-08T04:48:33.436+0000: 2071.652: [GC [PSYoungGen: 762042K->580K(914432K)] 977327K->215945K(1601408K), 0.0462760 secs] [Times: user=0.16 sys=0.00, real=0.05 secs] 
2014-07-08T04:48:35.358+0000: 2073.574: [GC [PSYoungGen: 914372K->626K(1097216K)] 1129737K->216071K(1784192K), 0.0142600 secs] [Times: user=0.04 sys=0.00, real=0.01 secs] 
2014-07-08T04:48:37.355+0000: 2075.571: [GC [PSYoungGen: 1097202K->946K(1316864K)] 1312647K->216615K(2003840K), 0.0266480 secs] [Times: user=0.09 sys=0.00, real=0.03 secs] 
2014-07-08T04:48:39.908+0000: 2078.123: [GC [PSYoungGen: 1316850K->900K(1580096K)] 1532519K->216753K(2267072K), 0.0183920 secs] [Times: user=0.05 sys=0.01, real=0.02 secs] 
2014-07-08T04:48:42.787+0000: 2081.003: [GC [PSYoungGen: 1579937K->416K(1511744K)] 1795790K->216557K(2198720K), 0.0112820 secs] [Times: user=0.03 sys=0.00, real=0.01 secs] 
2014-07-08T04:48:45.756+0000: 2083.971: [GC [PSYoungGen: 1511712K->850K(1447680K)] 1727853K->217159K(2134656K), 0.0253260 secs] [Times: user=0.09 sys=0.00, real=0.03 secs] 
2014-07-08T04:48:48.434+0000: 2086.650: [GC [PSYoungGen: 1447634K->480K(1385920K)] 1663943K->216941K(2072896K), 0.0080110 secs] [Times: user=0.02 sys=0.00, real=0.01 secs] 
2014-07-08T04:48:51.213+0000: 2089.429: [GC [PSYoungGen: 1385888K->946K(1328000K)] 1602349K->217647K(2014976K), 0.0051230 secs] [Times: user=0.02 sys=0.00, real=0.00 secs] 
2014-07-08T04:48:53.567+0000: 2091.783: [GC [PSYoungGen: 1327986K->320K(1271808K)] 1544687K->217277K(1958784K), 0.0113160 secs] [Times: user=0.04 sys=0.00, real=0.01 secs] 
2014-07-08T04:48:55.958+0000: 2094.174: [GC [PSYoungGen: 1271721K->914K(1219648K)] 1488678K->217991K(1906624K), 0.0255160 secs] [Times: user=0.09 sys=0.00, real=0.03 secs] 
2014-07-08T04:48:58.366+0000: 2096.582: [GC [PSYoungGen: 1219602K->608K(1169088K)] 1436679K->217805K(1856064K), 0.0176960 secs] [Times: user=0.06 sys=0.00, real=0.02 secs] 
2014-07-08T04:49:00.527+0000: 2098.742: [GC [PSYoungGen: 1169037K->452K(1121152K)] 1386234K->217937K(1808128K), 0.0046980 secs] [Times: user=0.02 sys=0.00, real=0.00 secs] 
2014-07-08T04:49:02.773+0000: 2100.989: [GC [PSYoungGen: 1121076K->480K(1075648K)] 1338561K->218149K(1762624K), 0.0349640 secs] [Times: user=0.11 sys=0.01, real=0.03 secs] 
2014-07-08T04:49:04.884+0000: 2103.100: [GC [PSYoungGen: 1075616K->448K(1032256K)] 1293285K->218285K(1719232K), 0.0080150 secs] [Times: user=0.01 sys=0.00, real=0.00 secs] 
2014-07-08T04:49:06.871+0000: 2105.086: [GC [PSYoungGen: 1032256K->626K(991232K)] 1250093K->218567K(1678208K), 0.0061830 secs] [Times: user=0.01 sys=0.00, real=0.01 secs] 
2014-07-08T04:49:08.721+0000: 2106.936: [GC [PSYoungGen: 991218K->576K(951872K)] 1209159K->218629K(1638848K), 0.0136570 secs] [Times: user=0.05 sys=0.00, real=0.02 secs] 
2014-07-08T04:49:10.541+0000: 2108.757: [GC [PSYoungGen: 951872K->498K(914432K)] 1169925K->218775K(1601408K), 0.0142340 secs] [Times: user=0.05 sys=0.00, real=0.02 secs] 
2014-07-08T04:49:12.483+0000: 2110.699: [GC [PSYoungGen: 914418K->608K(878976K)] 1132695K->219061K(1565952K), 0.0156480 secs] [Times: user=0.05 sys=0.00, real=0.02 secs] 
2014-07-08T04:49:14.099+0000: 2112.315: [GC [PSYoungGen: 878944K->886K(845312K)] 1097397K->219515K(1532288K), 0.0114110 secs] [Times: user=0.04 sys=0.00, real=0.01 secs] 
2014-07-08T04:49:15.695+0000: 2113.911: [GC [PSYoungGen: 845302K->320K(812416K)] 1063931K->219005K(1499392K), 0.0056820 secs] [Times: user=0.01 sys=0.01, real=0.00 secs] 
2014-07-08T04:49:17.317+0000: 2115.533: [GC [PSYoungGen: 812416K->996K(782336K)] 1031101K->219929K(1469312K), 0.0177850 secs] [Times: user=0.07 sys=0.00, real=0.02 secs] 
2014-07-08T04:49:18.677+0000: 2116.893: [GC [PSYoungGen: 782308K->448K(752448K)] 1001241K->219549K(1439424K), 0.0048060 secs] [Times: user=0.01 sys=0.01, real=0.00 secs] 
2014-07-08T04:49:20.159+0000: 2118.375: [GC [PSYoungGen: 752405K->672K(724736K)] 971507K->219957K(1411712K), 0.0071300 secs] [Times: user=0.02 sys=0.00, real=0.01 secs] 
2014-07-08T04:49:21.530+0000: 2119.746: [GC [PSYoungGen: 724702K->448K(697792K)] 943987K->219893K(1384768K), 0.0116690 secs] [Times: user=0.04 sys=0.00, real=0.01 secs] 
2014-07-08T04:49:22.820+0000: 2121.036: [GC [PSYoungGen: 697788K->320K(672256K)] 917234K->219869K(1359232K), 0.0083440 secs] [Times: user=0.03 sys=0.00, real=0.01 secs] 
2014-07-08T04:49:24.089+0000: 2122.305: [GC [PSYoungGen: 672256K->868K(648576K)] 891805K->220513K(1335552K), 0.0090300 secs] [Times: user=0.02 sys=0.00, real=0.01 secs] 
2014-07-08T04:49:25.424+0000: 2123.640: [GC [PSYoungGen: 648548K->402K(625024K)] 868193K->220095K(1312000K), 0.0274180 secs] [Times: user=0.09 sys=0.00, real=0.03 secs] 
2014-07-08T04:49:26.514+0000: 2124.730: [GC [PSYoungGen: 624978K->256K(602752K)] 844671K->220029K(1289728K), 0.0079160 secs] [Times: user=0.03 sys=0.00, real=0.01 secs] 
2014-07-08T04:49:27.762+0000: 2125.977: [GC [PSYoungGen: 602669K->758K(582208K)] 822442K->220579K(1269184K), 0.0128500 secs] [Times: user=0.03 sys=0.00, real=0.01 secs] 
2014-07-08T04:49:28.751+0000: 2126.967: [GC [PSYoungGen: 582198K->256K(561600K)] 802019K->220301K(1248576K), 0.0054880 secs] [Times: user=0.01 sys=0.00, real=0.01 secs] 
2014-07-08T04:49:29.819+0000: 2128.035: [GC [PSYoungGen: 561600K->356K(542528K)] 781645K->220473K(1229504K), 0.0104780 secs] [Times: user=0.03 sys=0.00, real=0.01 secs] 
2014-07-08T04:49:30.813+0000: 2129.029: [GC [PSYoungGen: 542496K->416K(651072K)] 762613K->220653K(1338048K), 0.0330800 secs] [Times: user=0.12 sys=0.00, real=0.03 secs] 
2014-07-08T04:49:32.120+0000: 2130.336: [GC [PSYoungGen: 651040K->836K(781696K)] 871277K->221161K(1468672K), 0.0072040 secs] [Times: user=0.02 sys=0.00, real=0.01 secs] 
2014-07-08T04:49:33.682+0000: 2131.898: [GC [PSYoungGen: 781540K->612K(937600K)] 1001865K->221033K(1624576K), 0.0224750 secs] [Times: user=0.08 sys=0.00, real=0.02 secs] 
2014-07-08T04:49:35.576+0000: 2133.791: [GC [PSYoungGen: 937572K->502K(1124864K)] 1157993K->221027K(1811840K), 0.0038860 secs] [Times: user=0.01 sys=0.00, real=0.01 secs] 
2014-07-08T04:49:37.616+0000: 2135.831: [GC [PSYoungGen: 1124854K->544K(1079232K)] 1345379K->221189K(1766208K), 0.0042110 secs] [Times: user=0.01 sys=0.00, real=0.01 secs] 
2014-07-08T04:49:39.672+0000: 2137.887: [GC [PSYoungGen: 1079142K->1074K(1036224K)] 1299787K->222135K(1723200K), 0.0297510 secs] [Times: user=0.09 sys=0.00, real=0.03 secs] 
2014-07-08T04:49:41.616+0000: 2139.831: [GC [PSYoungGen: 1036158K->484K(994240K)] 1257219K->221729K(1681216K), 0.0216780 secs] [Times: user=0.08 sys=0.00, real=0.02 secs] 
2014-07-08T04:49:43.623+0000: 2141.839: [GC [PSYoungGen: 994212K->722K(1193280K)] 1215457K->222159K(1880256K), 0.0284250 secs] [Times: user=0.11 sys=0.00, real=0.03 secs] 
2014-07-08T04:49:45.862+0000: 2144.078: [GC [PSYoungGen: 1193234K->516K(1144064K)] 1414671K->222089K(1831040K), 0.0048410 secs] [Times: user=0.01 sys=0.00, real=0.00 secs] 
2014-07-08T04:49:47.984+0000: 2146.200: [GC [PSYoungGen: 1144004K->832K(1097664K)] 1365577K->222501K(1784640K), 0.0076800 secs] [Times: user=0.02 sys=0.01, real=0.01 secs] 
2014-07-08T04:49:50.197+0000: 2148.413: [GC [PSYoungGen: 1097664K->864K(1053376K)] 1319333K->222733K(1740352K), 0.0055370 secs] [Times: user=0.01 sys=0.00, real=0.01 secs] 
2014-07-08T04:49:52.091+0000: 2150.306: [GC [PSYoungGen: 1053344K->886K(1011136K)] 1275213K->223251K(1698112K), 0.0066070 secs] [Times: user=0.01 sys=0.01, real=0.00 secs] 
2014-07-08T04:49:54.260+0000: 2152.475: [GC [PSYoungGen: 1011126K->1362K(971456K)] 1233491K->223855K(1658432K), 0.0311500 secs] [Times: user=0.11 sys=0.01, real=0.04 secs] 
2014-07-08T04:49:56.039+0000: 2154.255: [GC [PSYoungGen: 971402K->704K(932480K)] 1193895K->223413K(1619456K), 0.0115150 secs] [Times: user=0.04 sys=0.00, real=0.02 secs] 
2014-07-08T04:49:57.827+0000: 2156.043: [GC [PSYoungGen: 932480K->658K(896000K)] 1155189K->223479K(1582976K), 0.0140480 secs] [Times: user=0.05 sys=0.01, real=0.02 secs] 
2014-07-08T04:49:59.607+0000: 2157.823: [GC [PSYoungGen: 895954K->498K(861056K)] 1118775K->223543K(1548032K), 0.0306260 secs] [Times: user=0.11 sys=0.00, real=0.03 secs] 
2014-07-08T04:50:01.296+0000: 2159.512: [GC [PSYoungGen: 861042K->1014K(828480K)] 1084087K->224235K(1515456K), 0.0054230 secs] [Times: user=0.02 sys=0.00, real=0.01 secs] 
2014-07-08T04:50:02.862+0000: 2161.077: [GC [PSYoungGen: 828470K->466K(796480K)] 1051691K->223855K(1483456K), 0.0128120 secs] [Times: user=0.05 sys=0.00, real=0.02 secs] 
2014-07-08T04:50:04.531+0000: 2162.746: [GC [PSYoungGen: 796434K->626K(766592K)] 1019823K->224119K(1453568K), 0.0046960 secs] [Times: user=0.01 sys=0.00, real=0.01 secs] 
2014-07-08T04:50:05.973+0000: 2164.188: [GC [PSYoungGen: 766578K->466K(737856K)] 990071K->224047K(1424832K), 0.0067100 secs] [Times: user=0.01 sys=0.00, real=0.00 secs] 
2014-07-08T04:50:07.456+0000: 2165.672: [GC [PSYoungGen: 737810K->580K(710720K)] 961391K->224233K(1397696K), 0.0119750 secs] [Times: user=0.04 sys=0.00, real=0.01 secs] 
2014-07-08T04:50:08.695+0000: 2166.911: [GC [PSYoungGen: 710653K->580K(684672K)] 934306K->224401K(1371648K), 0.0102620 secs] [Times: user=0.02 sys=0.00, real=0.01 secs] 
2014-07-08T04:50:09.944+0000: 2168.160: [GC [PSYoungGen: 684609K->576K(659776K)] 908430K->224509K(1346752K), 0.0058690 secs] [Times: user=0.01 sys=0.00, real=0.00 secs] 
2014-07-08T04:50:11.369+0000: 2169.585: [GC [PSYoungGen: 659776K->658K(636224K)] 883709K->224703K(1323200K), 0.0069220 secs] [Times: user=0.01 sys=0.00, real=0.01 secs] 
2014-07-08T04:50:12.516+0000: 2170.731: [GC [PSYoungGen: 636171K->384K(613312K)] 860217K->224613K(1300288K), 0.0142440 secs] [Times: user=0.05 sys=0.01, real=0.01 secs] 
2014-07-08T04:50:13.632+0000: 2171.848: [GC [PSYoungGen: 613312K->306K(735872K)] 837541K->224599K(1422848K), 0.0262820 secs] [Times: user=0.09 sys=0.00, real=0.03 secs] 
2014-07-08T04:50:14.964+0000: 2173.180: [GC [PSYoungGen: 735858K->288K(708672K)] 960151K->224629K(1395648K), 0.0060780 secs] [Times: user=0.01 sys=0.00, real=0.00 secs] 
2014-07-08T04:50:16.524+0000: 2174.740: [GC [PSYoungGen: 708640K->448K(682880K)] 932981K->224853K(1369856K), 0.0116820 secs] [Times: user=0.04 sys=0.00, real=0.01 secs] 
2014-07-08T04:50:17.809+0000: 2176.025: [GC [PSYoungGen: 682880K->594K(819584K)] 907285K->225119K(1506560K), 0.0226340 secs] [Times: user=0.09 sys=0.00, real=0.02 secs] 
2014-07-08T04:50:19.492+0000: 2177.708: [GC [PSYoungGen: 819538K->562K(983360K)] 1044063K->225279K(1670336K), 0.0239010 secs] [Times: user=0.08 sys=0.00, real=0.03 secs] 
2014-07-08T04:50:21.480+0000: 2179.696: [GC [PSYoungGen: 983346K->480K(1179904K)] 1208063K->225389K(1866880K), 0.0106190 secs] [Times: user=0.04 sys=0.01, real=0.01 secs] 
2014-07-08T04:50:23.616+0000: 2181.831: [GC [PSYoungGen: 1179872K->320K(1131328K)] 1404781K->225413K(1818304K), 0.0053010 secs] [Times: user=0.02 sys=0.00, real=0.00 secs] 
2014-07-08T04:50:25.847+0000: 2184.063: [GC [PSYoungGen: 1131328K->900K(1085952K)] 1356421K->226089K(1772928K), 0.0159560 secs] [Times: user=0.06 sys=0.00, real=0.01 secs] 
2014-07-08T04:50:27.778+0000: 2185.993: [GC [PSYoungGen: 1085892K->722K(1041984K)] 1311081K->226047K(1728960K), 0.0253760 secs] [Times: user=0.08 sys=0.00, real=0.02 secs] 
2014-07-08T04:50:29.686+0000: 2187.901: [GC [PSYoungGen: 1041931K->416K(1249920K)] 1267256K->225941K(1936896K), 0.0267060 secs] [Times: user=0.09 sys=0.00, real=0.03 secs] 
2014-07-08T04:50:32.122+0000: 2190.337: [GC [PSYoungGen: 1249888K->914K(1198656K)] 1475413K->226607K(1885632K), 0.0093340 secs] [Times: user=0.02 sys=0.00, real=0.01 secs] 
2014-07-08T04:50:34.350+0000: 2192.566: [GC [PSYoungGen: 1198610K->786K(1149248K)] 1424303K->226671K(1836224K), 0.0260120 secs] [Times: user=0.09 sys=0.00, real=0.03 secs] 
2014-07-08T04:50:36.651+0000: 2194.867: [GC [PSYoungGen: 1149202K->644K(1102272K)] 1375087K->226625K(1789248K), 0.0044470 secs] [Times: user=0.01 sys=0.00, real=0.00 secs] 
2014-07-08T04:50:38.695+0000: 2196.910: [GC [PSYoungGen: 1102209K->754K(1057728K)] 1328191K->226871K(1744704K), 0.0073230 secs] [Times: user=0.03 sys=0.00, real=0.01 secs] 
2014-07-08T04:50:40.708+0000: 2198.924: [GC [PSYoungGen: 1057714K->640K(1015168K)] 1283831K->226997K(1702144K), 0.0089230 secs] [Times: user=0.01 sys=0.00, real=0.01 secs] 
2014-07-08T04:50:42.677+0000: 2200.893: [GC [PSYoungGen: 1015168K->530K(974656K)] 1241525K->227071K(1661632K), 0.0243050 secs] [Times: user=0.09 sys=0.00, real=0.03 secs] 
2014-07-08T04:50:44.535+0000: 2202.751: [GC [PSYoungGen: 974610K->384K(936000K)] 1201151K->227077K(1622976K), 0.0102700 secs] [Times: user=0.04 sys=0.00, real=0.01 secs] 
2014-07-08T04:50:46.527+0000: 2204.743: [GC [PSYoungGen: 936000K->704K(899648K)] 1162693K->227477K(1586624K), 0.0110600 secs] [Times: user=0.04 sys=0.00, real=0.02 secs] 
2014-07-08T04:50:48.339+0000: 2206.554: [GC [PSYoungGen: 899607K->1078K(865152K)] 1126380K->228259K(1552128K), 0.0085720 secs] [Times: user=0.01 sys=0.00, real=0.00 secs] 
2014-07-08T04:50:49.853+0000: 2208.069: [GC [PSYoungGen: 865142K->466K(831360K)] 1092323K->227903K(1518336K), 0.0037980 secs] [Times: user=0.01 sys=0.00, real=0.00 secs] 
2014-07-08T04:50:51.518+0000: 2209.734: [GC [PSYoungGen: 831314K->658K(997760K)] 1058751K->228287K(1684736K), 0.0426660 secs] [Times: user=0.16 sys=0.00, real=0.05 secs] 
2014-07-08T04:50:53.477+0000: 2211.692: [GC [PSYoungGen: 997695K->576K(958080K)] 1225324K->228389K(1645056K), 0.0091040 secs] [Times: user=0.03 sys=0.00, real=0.01 secs] 
2014-07-08T04:50:55.222+0000: 2213.437: [GC [PSYoungGen: 958080K->708K(920576K)] 1185893K->228633K(1607552K), 0.0122230 secs] [Times: user=0.02 sys=0.00, real=0.01 secs] 
2014-07-08T04:50:56.885+0000: 2215.101: [GC [PSYoungGen: 920421K->544K(1104384K)] 1148347K->228533K(1791360K), 0.0332840 secs] [Times: user=0.12 sys=0.00, real=0.03 secs] 
2014-07-08T04:50:59.061+0000: 2217.277: [GC [PSYoungGen: 1104352K->960K(1060032K)] 1332341K->229069K(1747008K), 0.0072000 secs] [Times: user=0.01 sys=0.00, real=0.00 secs] 
2014-07-08T04:51:01.063+0000: 2219.279: [GC [PSYoungGen: 1060032K->850K(1017408K)] 1288141K->229223K(1704384K), 0.0059190 secs] [Times: user=0.02 sys=0.00, real=0.00 secs] 
2014-07-08T04:51:03.066+0000: 2221.281: [GC [PSYoungGen: 1017356K->626K(976640K)] 1245729K->229287K(1663616K), 0.0050100 secs] [Times: user=0.01 sys=0.00, real=0.00 secs] 
2014-07-08T04:51:04.877+0000: 2223.092: [GC [PSYoungGen: 976626K->448K(937856K)] 1205287K->229213K(1624832K), 0.0109790 secs] [Times: user=0.03 sys=0.00, real=0.01 secs] 
2014-07-08T04:51:06.802+0000: 2225.018: [GC [PSYoungGen: 937856K->644K(901376K)] 1166621K->229529K(1588352K), 0.0208130 secs] [Times: user=0.08 sys=0.01, real=0.02 secs] 
2014-07-08T04:51:08.647+0000: 2226.863: [GC [PSYoungGen: 901316K->818K(866496K)] 1130201K->229871K(1553472K), 0.0209980 secs] [Times: user=0.08 sys=0.00, real=0.02 secs] 
2014-07-08T04:51:10.446+0000: 2228.661: [GC [PSYoungGen: 866480K->932K(833280K)] 1095533K->230569K(1520256K), 0.0104080 secs] [Times: user=0.02 sys=0.00, real=0.01 secs] 
2014-07-08T04:51:11.923+0000: 2230.139: [GC [PSYoungGen: 833252K->672K(801280K)] 1062889K->230485K(1488256K), 0.0187470 secs] [Times: user=0.07 sys=0.00, real=0.02 secs] 
2014-07-08T04:51:13.539+0000: 2231.755: [GC [PSYoungGen: 801248K->900K(771264K)] 1031061K->230897K(1458240K), 0.0075310 secs] [Times: user=0.02 sys=0.01, real=0.01 secs] 
2014-07-08T04:51:14.867+0000: 2233.083: [GC [PSYoungGen: 771204K->416K(741952K)] 1001201K->230509K(1428928K), 0.0061400 secs] [Times: user=0.02 sys=0.00, real=0.01 secs] 
2014-07-08T04:51:16.495+0000: 2234.710: [GC [PSYoungGen: 741920K->822K(714880K)] 972013K->230987K(1401856K), 0.0078000 secs] [Times: user=0.01 sys=0.00, real=0.00 secs] 
2014-07-08T04:51:17.669+0000: 2235.885: [GC [PSYoungGen: 714870K->388K(688320K)] 945035K->230665K(1375296K), 0.0058250 secs] [Times: user=0.01 sys=0.00, real=0.01 secs] 
2014-07-08T04:51:19.281+0000: 2237.497: [GC [PSYoungGen: 688260K->1110K(664064K)] 918537K->231547K(1351040K), 0.0202990 secs] [Times: user=0.08 sys=0.00, real=0.02 secs] 
2014-07-08T04:51:20.471+0000: 2238.687: [GC [PSYoungGen: 664022K->466K(639616K)] 894459K->231135K(1326592K), 0.0077090 secs] [Times: user=0.03 sys=0.00, real=0.01 secs] 
2014-07-08T04:51:21.693+0000: 2239.909: [GC [PSYoungGen: 639570K->370K(616768K)] 870239K->231159K(1303744K), 0.0190770 secs] [Times: user=0.08 sys=0.00, real=0.01 secs] 
2014-07-08T04:51:22.794+0000: 2241.009: [GC [PSYoungGen: 616754K->352K(740096K)] 847543K->231245K(1427072K), 0.0240160 secs] [Times: user=0.09 sys=0.00, real=0.03 secs] 
2014-07-08T04:51:24.424+0000: 2242.640: [GC [PSYoungGen: 740064K->676K(888384K)] 970957K->231641K(1575360K), 0.0127460 secs] [Times: user=0.04 sys=0.00, real=0.01 secs] 
2014-07-08T04:51:25.962+0000: 2244.178: [GC [PSYoungGen: 888356K->448K(1065664K)] 1119321K->231501K(1752640K), 0.0104720 secs] [Times: user=0.04 sys=0.00, real=0.01 secs] 
2014-07-08T04:51:28.178+0000: 2246.394: [GC [PSYoungGen: 1065664K->1202K(1023552K)] 1296717K->232311K(1710528K), 0.0082940 secs] [Times: user=0.01 sys=0.00, real=0.01 secs] 
2014-07-08T04:51:30.157+0000: 2248.373: [GC [PSYoungGen: 1023450K->722K(982336K)] 1254559K->232119K(1669312K), 0.0208780 secs] [Times: user=0.07 sys=0.00, real=0.02 secs] 
2014-07-08T04:51:32.067+0000: 2250.283: [GC [PSYoungGen: 982290K->672K(943424K)] 1213687K->232277K(1630400K), 0.0106060 secs] [Times: user=0.02 sys=0.00, real=0.01 secs] 
2014-07-08T04:51:33.945+0000: 2252.161: [GC [PSYoungGen: 943298K->544K(906304K)] 1174904K->232309K(1593280K), 0.0273150 secs] [Times: user=0.11 sys=0.00, real=0.02 secs] 
2014-07-08T04:51:35.660+0000: 2253.876: [GC [PSYoungGen: 906272K->320K(870848K)] 1138037K->232181K(1557824K), 0.0061470 secs] [Times: user=0.01 sys=0.00, real=0.01 secs] 
2014-07-08T04:51:37.355+0000: 2255.571: [GC [PSYoungGen: 870848K->740K(837760K)] 1102709K->232681K(1524736K), 0.0062570 secs] [Times: user=0.01 sys=0.00, real=0.01 secs] 
2014-07-08T04:51:38.812+0000: 2257.028: [GC [PSYoungGen: 837732K->608K(805696K)] 1069673K->232741K(1492672K), 0.0158400 secs] [Times: user=0.06 sys=0.00, real=0.02 secs] 
2014-07-08T04:51:40.480+0000: 2258.696: [GC [PSYoungGen: 805664K->626K(775232K)] 1037797K->232871K(1462208K), 0.0056590 secs] [Times: user=0.01 sys=0.00, real=0.01 secs] 
2014-07-08T04:51:41.871+0000: 2260.087: [GC [PSYoungGen: 775218K->338K(745920K)] 1007463K->232767K(1432896K), 0.0059300 secs] [Times: user=0.02 sys=0.00, real=0.01 secs] 
2014-07-08T04:51:43.335+0000: 2261.550: [GC [PSYoungGen: 745874K->768K(718656K)] 978303K->233285K(1405632K), 0.0306940 secs] [Times: user=0.10 sys=0.00, real=0.03 secs] 
2014-07-08T04:51:44.742+0000: 2262.957: [GC [PSYoungGen: 718656K->608K(692160K)] 951173K->233221K(1379136K), 0.0104990 secs] [Times: user=0.03 sys=0.00, real=0.01 secs] 
2014-07-08T04:51:46.000+0000: 2264.216: [GC [PSYoungGen: 692128K->480K(666880K)] 924741K->233173K(1353856K), 0.0054410 secs] [Times: user=0.02 sys=0.01, real=0.00 secs] 
2014-07-08T04:51:47.342+0000: 2265.558: [GC [PSYoungGen: 666848K->1010K(643392K)] 899541K->233775K(1330368K), 0.0085780 secs] [Times: user=0.02 sys=0.00, real=0.01 secs] 
2014-07-08T04:51:48.496+0000: 2266.711: [GC [PSYoungGen: 643378K->416K(619904K)] 876143K->233349K(1306880K), 0.0154550 secs] [Times: user=0.06 sys=0.00, real=0.02 secs] 
2014-07-08T04:51:49.869+0000: 2268.085: [GC [PSYoungGen: 619872K->1014K(598656K)] 852805K->234083K(1285632K), 0.0137520 secs] [Times: user=0.05 sys=0.00, real=0.01 secs] 
2014-07-08T04:51:51.100+0000: 2269.316: [GC [PSYoungGen: 598600K->1010K(577792K)] 831670K->234247K(1264768K), 0.0132620 secs] [Times: user=0.04 sys=0.01, real=0.01 secs] 
2014-07-08T04:51:52.356+0000: 2270.571: [GC [PSYoungGen: 577776K->676K(557568K)] 811013K->234465K(1244544K), 0.0056410 secs] [Times: user=0.01 sys=0.00, real=0.01 secs] 
2014-07-08T04:51:53.499+0000: 2271.715: [GC [PSYoungGen: 557488K->872K(538752K)] 791277K->234765K(1225728K), 0.0047740 secs] [Times: user=0.01 sys=0.01, real=0.00 secs] 
2014-07-08T04:51:54.480+0000: 2272.695: [GC [PSYoungGen: 538728K->740K(520448K)] 772621K->234809K(1207424K), 0.0152120 secs] [Times: user=0.05 sys=0.00, real=0.01 secs] 
2014-07-08T04:51:55.519+0000: 2273.735: [GC [PSYoungGen: 520420K->256K(502592K)] 754489K->234365K(1189568K), 0.0076500 secs] [Times: user=0.01 sys=0.00, real=0.00 secs] 
2014-07-08T04:51:56.486+0000: 2274.702: [GC [PSYoungGen: 502592K->256K(486016K)] 736701K->234413K(1172992K), 0.0083920 secs] [Times: user=0.03 sys=0.00, real=0.01 secs] 
2014-07-08T04:51:57.472+0000: 2275.688: [GC [PSYoungGen: 486016K->466K(470464K)] 720173K->234671K(1157440K), 0.0052080 secs] [Times: user=0.02 sys=0.00, real=0.00 secs] 
2014-07-08T04:51:58.334+0000: 2276.550: [GC [PSYoungGen: 470353K->914K(455744K)] 704558K->235319K(1142720K), 0.0088880 secs] [Times: user=0.02 sys=0.01, real=0.01 secs] 
2014-07-08T04:51:59.137+0000: 2277.353: [GC [PSYoungGen: 455678K->850K(546688K)] 690083K->235367K(1233664K), 0.0315720 secs] [Times: user=0.10 sys=0.01, real=0.03 secs] 
2014-07-08T04:52:00.129+0000: 2278.345: [GC [PSYoungGen: 546640K->864K(655872K)] 781157K->235445K(1342848K), 0.0067030 secs] [Times: user=0.01 sys=0.01, real=0.00 secs] 
2014-07-08T04:52:01.491+0000: 2279.706: [GC [PSYoungGen: 655840K->512K(786496K)] 890421K->235205K(1473472K), 0.0126360 secs] [Times: user=0.04 sys=0.01, real=0.01 secs] 
2014-07-08T04:52:02.898+0000: 2281.114: [GC [PSYoungGen: 786496K->256K(943488K)] 1021189K->235117K(1630464K), 0.0166090 secs] [Times: user=0.06 sys=0.00, real=0.02 secs] 
2014-07-08T04:52:04.670+0000: 2282.886: [GC [PSYoungGen: 943488K->306K(1132224K)] 1178349K->235239K(1819200K), 0.0064450 secs] [Times: user=0.02 sys=0.00, real=0.00 secs] 
2014-07-08T04:52:06.910+0000: 2285.126: [GC [PSYoungGen: 1132210K->786K(1086656K)] 1367143K->235791K(1773632K), 0.0053520 secs] [Times: user=0.02 sys=0.00, real=0.00 secs] 
2014-07-08T04:52:08.844+0000: 2287.060: [GC [PSYoungGen: 1086610K->776K(1042816K)] 1321615K->235925K(1729792K), 0.0118590 secs] [Times: user=0.05 sys=0.00, real=0.01 secs] 
2014-07-08T04:52:10.817+0000: 2289.033: [GC [PSYoungGen: 1042760K->402K(1000704K)] 1277909K->235751K(1687680K), 0.0060510 secs] [Times: user=0.01 sys=0.00, real=0.01 secs] 
2014-07-08T04:52:12.774+0000: 2290.990: [GC [PSYoungGen: 1000658K->480K(961024K)] 1236007K->235997K(1648000K), 0.0341380 secs] [Times: user=0.12 sys=0.00, real=0.03 secs] 
2014-07-08T04:52:14.591+0000: 2292.807: [GC [PSYoungGen: 960992K->320K(923008K)] 1196509K->235981K(1609984K), 0.0080330 secs] [Times: user=0.02 sys=0.00, real=0.01 secs] 
2014-07-08T04:52:16.379+0000: 2294.595: [GC [PSYoungGen: 923008K->964K(887680K)] 1158669K->236697K(1574656K), 0.0105680 secs] [Times: user=0.03 sys=0.00, real=0.01 secs] 
2014-07-08T04:52:18.169+0000: 2296.385: [GC [PSYoungGen: 887620K->960K(853312K)] 1123353K->236773K(1540288K), 0.0078700 secs] [Times: user=0.02 sys=0.00, real=0.01 secs] 
2014-07-08T04:52:19.740+0000: 2297.955: [GC [PSYoungGen: 853260K->548K(820224K)] 1089073K->236601K(1507200K), 0.0048670 secs] [Times: user=0.01 sys=0.00, real=0.01 secs] 
2014-07-08T04:52:21.273+0000: 2299.489: [GC [PSYoungGen: 820103K->786K(789312K)] 1056156K->236999K(1476288K), 0.0190920 secs] [Times: user=0.07 sys=0.00, real=0.01 secs] 
2014-07-08T04:52:22.954+0000: 2301.170: [GC [PSYoungGen: 789266K->384K(759168K)] 1025479K->236701K(1446144K), 0.0289310 secs] [Times: user=0.08 sys=0.00, real=0.03 secs] 
2014-07-08T04:52:24.446+0000: 2302.661: [GC [PSYoungGen: 759168K->1014K(731520K)] 995485K->237475K(1418496K), 0.0095550 secs] [Times: user=0.01 sys=0.00, real=0.01 secs] 
2014-07-08T04:52:25.678+0000: 2303.894: [GC [PSYoungGen: 731510K->402K(877056K)] 967971K->236975K(1564032K), 0.0256400 secs] [Times: user=0.08 sys=0.00, real=0.03 secs] 
2014-07-08T04:52:27.596+0000: 2305.812: [GC [PSYoungGen: 877010K->1028K(843840K)] 1113583K->237633K(1530816K), 0.0051640 secs] [Times: user=0.02 sys=0.00, real=0.00 secs] 
2014-07-08T04:52:29.087+0000: 2307.302: [GC [PSYoungGen: 843780K->850K(811392K)] 1080385K->237687K(1498368K), 0.0055430 secs] [Times: user=0.01 sys=0.00, real=0.00 secs] 
2014-07-08T04:52:30.629+0000: 2308.845: [GC [PSYoungGen: 811264K->484K(780288K)] 1048102K->237465K(1467264K), 0.0046760 secs] [Times: user=0.01 sys=0.01, real=0.01 secs] 
2014-07-08T04:52:32.061+0000: 2310.276: [GC [PSYoungGen: 780260K->690K(751232K)] 1017241K->237847K(1438208K), 0.0235090 secs] [Times: user=0.08 sys=0.00, real=0.03 secs] 
2014-07-08T04:52:33.648+0000: 2311.864: [GC [PSYoungGen: 751218K->566K(723200K)] 988375K->237803K(1410176K), 0.0050370 secs] [Times: user=0.02 sys=0.00, real=0.00 secs] 
2014-07-08T04:52:34.969+0000: 2313.185: [GC [PSYoungGen: 723190K->256K(696256K)] 960427K->237621K(1383232K), 0.0163410 secs] [Times: user=0.06 sys=0.00, real=0.02 secs] 
2014-07-08T04:52:36.374+0000: 2314.589: [GC [PSYoungGen: 696243K->800K(671488K)] 933608K->238213K(1358464K), 0.0050530 secs] [Times: user=0.01 sys=0.00, real=0.01 secs] 
2014-07-08T04:52:37.748+0000: 2315.963: [GC [PSYoungGen: 671417K->932K(647424K)] 908831K->238401K(1334400K), 0.0057580 secs] [Times: user=0.02 sys=0.00, real=0.00 secs] 
2014-07-08T04:52:38.923+0000: 2317.138: [GC [PSYoungGen: 647396K->512K(623872K)] 884865K->238213K(1310848K), 0.0095450 secs] [Times: user=0.03 sys=0.00, real=0.01 secs] 
2014-07-08T04:52:40.085+0000: 2318.301: [GC [PSYoungGen: 623872K->978K(602368K)] 861573K->238823K(1289344K), 0.0170480 secs] [Times: user=0.05 sys=0.00, real=0.01 secs] 
2014-07-08T04:52:41.341+0000: 2319.557: [GC [PSYoungGen: 602318K->960K(581312K)] 840163K->238901K(1268288K), 0.0107570 secs] [Times: user=0.03 sys=0.01, real=0.01 secs] 
2014-07-08T04:52:42.537+0000: 2320.752: [GC [PSYoungGen: 581239K->1206K(561536K)] 819180K->239291K(1248512K), 0.0066160 secs] [Times: user=0.02 sys=0.00, real=0.00 secs] 
2014-07-08T04:52:43.613+0000: 2321.829: [GC [PSYoungGen: 561526K->320K(672704K)] 799611K->238509K(1359680K), 0.0237880 secs] [Times: user=0.09 sys=0.00, real=0.03 secs] 
2014-07-08T04:52:44.788+0000: 2323.003: [GC [PSYoungGen: 672704K->288K(807232K)] 910893K->238549K(1494208K), 0.0086960 secs] [Times: user=0.03 sys=0.00, real=0.01 secs] 
2014-07-08T04:52:46.361+0000: 2324.577: [GC [PSYoungGen: 807200K->804K(777216K)] 1045461K->239105K(1464192K), 0.0076490 secs] [Times: user=0.01 sys=0.01, real=0.01 secs] 
2014-07-08T04:52:47.946+0000: 2326.162: [GC [PSYoungGen: 777144K->1128K(748416K)] 1015445K->239501K(1435392K), 0.0183510 secs] [Times: user=0.06 sys=0.01, real=0.02 secs] 
2014-07-08T04:52:49.311+0000: 2327.527: [GC [PSYoungGen: 748392K->786K(720320K)] 986765K->239407K(1407296K), 0.0061850 secs] [Times: user=0.02 sys=0.01, real=0.01 secs] 
2014-07-08T04:52:50.637+0000: 2328.853: [GC [PSYoungGen: 720274K->484K(863936K)] 958895K->239225K(1550912K), 0.0458510 secs] [Times: user=0.16 sys=0.00, real=0.04 secs] 
2014-07-08T04:52:52.329+0000: 2330.544: [GC [PSYoungGen: 863908K->896K(1037056K)] 1102649K->239781K(1724032K), 0.0229290 secs] [Times: user=0.07 sys=0.00, real=0.02 secs] 
2014-07-08T04:52:54.480+0000: 2332.696: [GC [PSYoungGen: 1037014K->768K(1244160K)] 1275899K->239773K(1931136K), 0.0135350 secs] [Times: user=0.03 sys=0.00, real=0.01 secs] 
2014-07-08T04:52:56.874+0000: 2335.090: [GC [PSYoungGen: 1244157K->708K(1192704K)] 1483163K->239857K(1879680K), 0.0065400 secs] [Times: user=0.02 sys=0.00, real=0.01 secs] 
2014-07-08T04:52:59.417+0000: 2337.633: [GC [PSYoungGen: 1192644K->1234K(1431616K)] 1431793K->240551K(2118592K), 0.0445750 secs] [Times: user=0.17 sys=0.00, real=0.05 secs] 
2014-07-08T04:53:01.956+0000: 2340.172: [GC [PSYoungGen: 1431476K->626K(1370432K)] 1670793K->240287K(2057408K), 0.0063620 secs] [Times: user=0.02 sys=0.00, real=0.01 secs] 
2014-07-08T04:53:04.712+0000: 2342.928: [GC [PSYoungGen: 1370418K->448K(1312640K)] 1610079K->240277K(1999616K), 0.0162800 secs] [Times: user=0.06 sys=0.00, real=0.01 secs] 
2014-07-08T04:53:07.187+0000: 2345.403: [GC [PSYoungGen: 1312640K->928K(1258368K)] 1552469K->240901K(1945344K), 0.0055610 secs] [Times: user=0.02 sys=0.00, real=0.01 secs] 
2014-07-08T04:53:09.612+0000: 2347.827: [GC [PSYoungGen: 1258336K->480K(1205760K)] 1498309K->240605K(1892736K), 0.0048900 secs] [Times: user=0.02 sys=0.00, real=0.00 secs] 
2014-07-08T04:53:11.751+0000: 2349.967: [GC [PSYoungGen: 1205728K->370K(1156032K)] 1445853K->240767K(1843008K), 0.0047550 secs] [Times: user=0.01 sys=0.00, real=0.00 secs] 
2014-07-08T04:53:13.983+0000: 2352.198: [GC [PSYoungGen: 1155952K->740K(1109184K)] 1396349K->241305K(1796160K), 0.0156340 secs] [Times: user=0.04 sys=0.01, real=0.01 secs] 
2014-07-08T04:53:16.152+0000: 2354.368: [GC [PSYoungGen: 1109156K->992K(1064512K)] 1349721K->241685K(1751488K), 0.0078360 secs] [Times: user=0.02 sys=0.00, real=0.00 secs] 
2014-07-08T04:53:18.216+0000: 2356.431: [GC [PSYoungGen: 1064480K->1092K(1021888K)] 1305173K->241905K(1708864K), 0.0373310 secs] [Times: user=0.10 sys=0.00, real=0.04 secs] 
2014-07-08T04:53:20.289+0000: 2358.505: [GC [PSYoungGen: 1021828K->704K(980736K)] 1262641K->242013K(1667712K), 0.0264470 secs] [Times: user=0.07 sys=0.01, real=0.03 secs] 
2014-07-08T04:53:22.015+0000: 2360.230: [GC [PSYoungGen: 980736K->512K(941760K)] 1222045K->242029K(1628736K), 0.0088010 secs] [Times: user=0.01 sys=0.01, real=0.01 secs] 
2014-07-08T04:53:23.921+0000: 2362.137: [GC [PSYoungGen: 941760K->576K(904896K)] 1183277K->242277K(1591872K), 0.0182280 secs] [Times: user=0.07 sys=0.00, real=0.02 secs] 
2014-07-08T04:53:25.886+0000: 2364.102: [GC [PSYoungGen: 904896K->544K(1085760K)] 1146597K->242389K(1772736K), 0.0326230 secs] [Times: user=0.12 sys=0.00, real=0.03 secs] 
2014-07-08T04:53:27.883+0000: 2366.099: [GC [PSYoungGen: 1085728K->1120K(1042496K)] 1327573K->243085K(1729472K), 0.0097570 secs] [Times: user=0.03 sys=0.00, real=0.00 secs] 
2014-07-08T04:53:29.831+0000: 2368.047: [GC [PSYoungGen: 1042464K->722K(1000384K)] 1284429K->242911K(1687360K), 0.0247570 secs] [Times: user=0.09 sys=0.00, real=0.03 secs] 
2014-07-08T04:53:31.823+0000: 2370.038: [GC [PSYoungGen: 1000338K->562K(960512K)] 1242527K->242951K(1647488K), 0.0198110 secs] [Times: user=0.06 sys=0.00, real=0.02 secs] 
2014-07-08T04:53:33.698+0000: 2371.914: [GC [PSYoungGen: 960498K->576K(922688K)] 1202887K->243157K(1609664K), 0.0147700 secs] [Times: user=0.05 sys=0.00, real=0.01 secs] 
2014-07-08T04:53:35.578+0000: 2373.794: [GC [PSYoungGen: 922688K->996K(1107584K)] 1165269K->243689K(1794560K), 0.0243620 secs] [Times: user=0.09 sys=0.00, real=0.02 secs] 
2014-07-08T04:53:37.596+0000: 2375.812: [GC [PSYoungGen: 1107556K->694K(1062400K)] 1350249K->243491K(1749376K), 0.0119980 secs] [Times: user=0.04 sys=0.01, real=0.01 secs] 
2014-07-08T04:53:39.598+0000: 2377.813: [GC [PSYoungGen: 1062390K->690K(1019712K)] 1305187K->243695K(1706688K), 0.0104210 secs] [Times: user=0.03 sys=0.00, real=0.01 secs] 
2014-07-08T04:53:41.523+0000: 2379.739: [GC [PSYoungGen: 1019698K->864K(979264K)] 1262703K->244061K(1666240K), 0.0155510 secs] [Times: user=0.04 sys=0.00, real=0.02 secs] 
2014-07-08T04:53:43.444+0000: 2381.659: [GC [PSYoungGen: 979232K->1060K(940800K)] 1222429K->244425K(1627776K), 0.0088120 secs] [Times: user=0.02 sys=0.00, real=0.01 secs] 
2014-07-08T04:53:45.151+0000: 2383.366: [GC [PSYoungGen: 940772K->776K(903680K)] 1184137K->244253K(1590656K), 0.0140070 secs] [Times: user=0.05 sys=0.00, real=0.01 secs] 
2014-07-08T04:53:46.913+0000: 2385.128: [GC [PSYoungGen: 903606K->384K(868160K)] 1147083K->243917K(1555136K), 0.0160760 secs] [Times: user=0.06 sys=0.00, real=0.02 secs] 
2014-07-08T04:53:48.691+0000: 2386.907: [GC [PSYoungGen: 868160K->576K(1041920K)] 1111693K->244253K(1728896K), 0.0305920 secs] [Times: user=0.12 sys=0.00, real=0.03 secs] 
2014-07-08T04:53:50.608+0000: 2388.824: [GC [PSYoungGen: 1041920K->640K(1000256K)] 1285597K->244557K(1687232K), 0.0075520 secs] [Times: user=0.02 sys=0.00, real=0.01 secs] 
2014-07-08T04:53:52.628+0000: 2390.844: [GC [PSYoungGen: 1000256K->498K(1200064K)] 1244173K->244567K(1887040K), 0.0421560 secs] [Times: user=0.15 sys=0.00, real=0.04 secs] 
2014-07-08T04:53:54.874+0000: 2393.090: [GC [PSYoungGen: 1200050K->388K(1439936K)] 1444119K->244601K(2126912K), 0.0453560 secs] [Times: user=0.15 sys=0.00, real=0.05 secs] 
2014-07-08T04:53:57.780+0000: 2395.996: [GC [PSYoungGen: 1439812K->836K(1501760K)] 1684025K->245161K(2188736K), 0.0063400 secs] [Times: user=0.02 sys=0.00, real=0.00 secs] 
2014-07-08T04:54:00.710+0000: 2398.925: [GC [PSYoungGen: 1501316K->704K(1728768K)] 1745641K->245325K(2415744K), 0.0245010 secs] [Times: user=0.09 sys=0.00, real=0.02 secs] 
2014-07-08T04:54:04.121+0000: 2402.337: [GC [PSYoungGen: 1728192K->786K(1653184K)] 1972813K->245671K(2340160K), 0.0149820 secs] [Times: user=0.05 sys=0.00, real=0.01 secs] 
2014-07-08T04:54:07.156+0000: 2405.372: [GC [PSYoungGen: 1653138K->448K(1581376K)] 1898023K->245845K(2268352K), 0.0296570 secs] [Times: user=0.11 sys=0.00, real=0.03 secs] 
2014-07-08T04:54:10.245+0000: 2408.461: [GC [PSYoungGen: 1581376K->1234K(1514304K)] 1826773K->246831K(2201280K), 0.0108990 secs] [Times: user=0.02 sys=0.00, real=0.01 secs] 
2014-07-08T04:54:13.016+0000: 2411.232: [GC [PSYoungGen: 1514258K->608K(1449024K)] 1759855K->246613K(2136000K), 0.0182480 secs] [Times: user=0.06 sys=0.00, real=0.02 secs] 
2014-07-08T04:54:15.941+0000: 2414.157: [GC [PSYoungGen: 1448992K->480K(1387456K)] 1694997K->246629K(2074432K), 0.0106740 secs] [Times: user=0.04 sys=0.00, real=0.01 secs] 
2014-07-08T04:54:18.708+0000: 2416.924: [GC [PSYoungGen: 1387424K->1330K(1329856K)] 1633573K->247647K(2016832K), 0.0174920 secs] [Times: user=0.06 sys=0.00, real=0.02 secs] 
2014-07-08T04:54:21.073+0000: 2419.289: [GC [PSYoungGen: 1329842K->704K(1273600K)] 1576159K->247333K(1960576K), 0.0086680 secs] [Times: user=0.02 sys=0.00, real=0.01 secs] 
2014-07-08T04:54:23.625+0000: 2421.840: [GC [PSYoungGen: 1273600K->960K(1220928K)] 1520229K->247773K(1907904K), 0.0074240 secs] [Times: user=0.01 sys=0.00, real=0.01 secs] 
2014-07-08T04:54:25.815+0000: 2424.031: [GC [PSYoungGen: 1220928K->548K(1170240K)] 1467741K->247521K(1857216K), 0.0211670 secs] [Times: user=0.08 sys=0.00, real=0.02 secs] 
2014-07-08T04:54:27.992+0000: 2426.207: [GC [PSYoungGen: 1170212K->434K(1122240K)] 1417185K->247495K(1809216K), 0.0115790 secs] [Times: user=0.05 sys=0.00, real=0.02 secs] 
2014-07-08T04:54:30.426+0000: 2428.641: [GC [PSYoungGen: 1122226K->1170K(1077440K)] 1369287K->248423K(1764416K), 0.0057030 secs] [Times: user=0.02 sys=0.00, real=0.00 secs] 
2014-07-08T04:54:32.352+0000: 2430.567: [GC [PSYoungGen: 1077394K->864K(1033728K)] 1324647K->248397K(1720704K), 0.0054370 secs] [Times: user=0.02 sys=0.00, real=0.01 secs] 
2014-07-08T04:54:34.479+0000: 2432.695: [GC [PSYoungGen: 1033696K->1096K(992704K)] 1281229K->248749K(1679680K), 0.0114270 secs] [Times: user=0.02 sys=0.00, real=0.01 secs] 
2014-07-08T04:54:36.249+0000: 2434.464: [GC [PSYoungGen: 992648K->736K(953024K)] 1240301K->248525K(1640000K), 0.0154160 secs] [Times: user=0.06 sys=0.00, real=0.02 secs] 
2014-07-08T04:54:38.009+0000: 2436.225: [GC [PSYoungGen: 952992K->416K(915264K)] 1200781K->248261K(1602240K), 0.0229640 secs] [Times: user=0.09 sys=0.00, real=0.02 secs] 
2014-07-08T04:54:39.859+0000: 2438.075: [GC [PSYoungGen: 915232K->498K(879680K)] 1163077K->248551K(1566656K), 0.0194090 secs] [Times: user=0.07 sys=0.00, real=0.02 secs] 
2014-07-08T04:54:41.586+0000: 2439.802: [GC [PSYoungGen: 879666K->640K(845824K)] 1127719K->248925K(1532800K), 0.0094610 secs] [Times: user=0.02 sys=0.00, real=0.01 secs] 
2014-07-08T04:54:43.107+0000: 2441.323: [GC [PSYoungGen: 845817K->818K(813632K)] 1094102K->249223K(1500608K), 0.0064190 secs] [Times: user=0.02 sys=0.00, real=0.00 secs] 
2014-07-08T04:54:44.792+0000: 2443.008: [GC [PSYoungGen: 813618K->352K(782336K)] 1062023K->248813K(1469312K), 0.0302380 secs] [Times: user=0.10 sys=0.00, real=0.03 secs] 
2014-07-08T04:54:46.291+0000: 2444.506: [GC [PSYoungGen: 782304K->936K(939328K)] 1030765K->249501K(1626304K), 0.0212080 secs] [Times: user=0.08 sys=0.01, real=0.02 secs] 
2014-07-08T04:54:47.987+0000: 2446.203: [GC [PSYoungGen: 939219K->754K(1126848K)] 1187784K->249431K(1813824K), 0.0409650 secs] [Times: user=0.15 sys=0.00, real=0.04 secs] 
2014-07-08T04:54:50.430+0000: 2448.646: [GC [PSYoungGen: 1126834K->1042K(1352384K)] 1375511K->249903K(2039360K), 0.0097270 secs] [Times: user=0.02 sys=0.01, real=0.01 secs] 
2014-07-08T04:54:52.851+0000: 2451.066: [GC [PSYoungGen: 1352338K->544K(1622144K)] 1601199K->249709K(2309120K), 0.0248690 secs] [Times: user=0.09 sys=0.00, real=0.02 secs] 
2014-07-08T04:54:56.094+0000: 2454.310: [GC [PSYoungGen: 1622112K->800K(1552448K)] 1871277K->250085K(2239424K), 0.0051920 secs] [Times: user=0.02 sys=0.00, real=0.01 secs] 
2014-07-08T04:54:58.890+0000: 2457.106: [GC [PSYoungGen: 1552416K->768K(1485888K)] 1801701K->250237K(2172864K), 0.0351180 secs] [Times: user=0.12 sys=0.00, real=0.03 secs] 
2014-07-08T04:55:01.901+0000: 2460.116: [GC [PSYoungGen: 1485888K->708K(1422656K)] 1735357K->250465K(2109632K), 0.0302520 secs] [Times: user=0.11 sys=0.00, real=0.03 secs] 
2014-07-08T04:55:04.806+0000: 2463.021: [GC [PSYoungGen: 1422558K->548K(1362304K)] 1672316K->250617K(2049280K), 0.0122660 secs] [Times: user=0.05 sys=0.00, real=0.02 secs] 
2014-07-08T04:55:07.499+0000: 2465.715: [GC [PSYoungGen: 1362276K->640K(1305152K)] 1612345K->250893K(1992128K), 0.0173890 secs] [Times: user=0.06 sys=0.00, real=0.01 secs] 
2014-07-08T04:55:09.906+0000: 2468.121: [GC [PSYoungGen: 1305152K->544K(1250624K)] 1555405K->251029K(1937600K), 0.0052020 secs] [Times: user=0.02 sys=0.00, real=0.01 secs] 
2014-07-08T04:55:12.460+0000: 2470.676: [GC [PSYoungGen: 1250557K->1156K(1199488K)] 1501042K->251889K(1886464K), 0.0064720 secs] [Times: user=0.02 sys=0.00, real=0.00 secs] 
2014-07-08T04:55:14.689+0000: 2472.905: [GC [PSYoungGen: 1199428K->466K(1149504K)] 1450161K->251399K(1836480K), 0.0242720 secs] [Times: user=0.09 sys=0.00, real=0.02 secs] 
2014-07-08T04:55:16.927+0000: 2475.142: [GC [PSYoungGen: 1149458K->758K(1102848K)] 1400391K->251811K(1789824K), 0.0263290 secs] [Times: user=0.09 sys=0.00, real=0.03 secs] 
2014-07-08T04:55:18.977+0000: 2477.193: [GC [PSYoungGen: 1102838K->690K(1058176K)] 1353891K->251935K(1745152K), 0.0132480 secs] [Times: user=0.03 sys=0.00, real=0.02 secs] 
2014-07-08T04:55:21.147+0000: 2479.363: [GC [PSYoungGen: 1058162K->960K(1015936K)] 1309407K->252421K(1702912K), 0.0245810 secs] [Times: user=0.09 sys=0.00, real=0.03 secs] 
2014-07-08T04:55:23.156+0000: 2481.371: [GC [PSYoungGen: 1015860K->900K(1218944K)] 1267321K->252593K(1905920K), 0.0354820 secs] [Times: user=0.13 sys=0.00, real=0.04 secs] 
2014-07-08T04:55:25.592+0000: 2483.808: [GC [PSYoungGen: 1218794K->548K(1168320K)] 1470488K->252353K(1855296K), 0.0050600 secs] [Times: user=0.02 sys=0.00, real=0.00 secs] 
2014-07-08T04:55:27.865+0000: 2486.080: [GC [PSYoungGen: 1168292K->626K(1120576K)] 1420097K->252575K(1807552K), 0.0140720 secs] [Times: user=0.04 sys=0.00, real=0.01 secs] 
2014-07-08T04:55:30.150+0000: 2488.366: [GC [PSYoungGen: 1120562K->1174K(1075648K)] 1372511K->253371K(1762624K), 0.0279650 secs] [Times: user=0.10 sys=0.01, real=0.03 secs] 
2014-07-08T04:55:32.311+0000: 2490.527: [GC [PSYoungGen: 1075606K->1056K(1032192K)] 1327803K->253493K(1719168K), 0.0061930 secs] [Times: user=0.02 sys=0.01, real=0.01 secs] 
2014-07-08T04:55:34.285+0000: 2492.501: [GC [PSYoungGen: 1032160K->448K(990336K)] 1284597K->253133K(1677312K), 0.0221050 secs] [Times: user=0.07 sys=0.00, real=0.02 secs] 
2014-07-08T04:55:36.229+0000: 2494.445: [GC [PSYoungGen: 990336K->836K(951552K)] 1243021K->253625K(1638528K), 0.0064610 secs] [Times: user=0.01 sys=0.00, real=0.01 secs] 
2014-07-08T04:55:38.047+0000: 2496.262: [GC [PSYoungGen: 951475K->608K(913920K)] 1204264K->253501K(1600896K), 0.0190140 secs] [Times: user=0.07 sys=0.00, real=0.02 secs] 
2014-07-08T04:55:39.852+0000: 2498.067: [GC [PSYoungGen: 913888K->690K(878400K)] 1166781K->253823K(1565376K), 0.0066470 secs] [Times: user=0.01 sys=0.00, real=0.01 secs] 
2014-07-08T04:55:41.524+0000: 2499.740: [GC [PSYoungGen: 878386K->978K(844800K)] 1131519K->254303K(1531776K), 0.0058910 secs] [Times: user=0.02 sys=0.00, real=0.00 secs] 
2014-07-08T04:55:43.210+0000: 2501.426: [GC [PSYoungGen: 844754K->914K(812480K)] 1098079K->254351K(1499456K), 0.0354470 secs] [Times: user=0.11 sys=0.00, real=0.04 secs] 
2014-07-08T04:55:44.664+0000: 2502.880: [GC [PSYoungGen: 812434K->544K(974400K)] 1065871K->254117K(1661376K), 0.0234320 secs] [Times: user=0.07 sys=0.00, real=0.02 secs] 
2014-07-08T04:55:46.605+0000: 2504.821: [GC [PSYoungGen: 974368K->288K(935680K)] 1227941K->253917K(1622656K), 0.0070270 secs] [Times: user=0.01 sys=0.00, real=0.00 secs] 
2014-07-08T04:55:48.501+0000: 2506.717: [GC [PSYoungGen: 935648K->672K(899456K)] 1189277K->254397K(1586432K), 0.0127620 secs] [Times: user=0.05 sys=0.00, real=0.02 secs] 
2014-07-08T04:55:50.170+0000: 2508.385: [GC [PSYoungGen: 899366K->946K(1079488K)] 1153092K->254951K(1766464K), 0.0345140 secs] [Times: user=0.11 sys=0.01, real=0.04 secs] 
2014-07-08T04:55:52.138+0000: 2510.354: [GC [PSYoungGen: 1079457K->922K(1295232K)] 1333462K->255229K(1982208K), 0.0227980 secs] [Times: user=0.08 sys=0.00, real=0.02 secs] 
2014-07-08T04:55:54.690+0000: 2512.905: [GC [PSYoungGen: 1295194K->434K(1240768K)] 1549501K->254869K(1927744K), 0.0135480 secs] [Times: user=0.05 sys=0.00, real=0.01 secs] 
2014-07-08T04:55:57.055+0000: 2515.271: [GC [PSYoungGen: 1240754K->608K(1189632K)] 1495189K->255203K(1876608K), 0.0205190 secs] [Times: user=0.07 sys=0.00, real=0.02 secs] 
2014-07-08T04:55:59.528+0000: 2517.743: [GC [PSYoungGen: 1189600K->512K(1140672K)] 1444195K->255243K(1827648K), 0.0203750 secs] [Times: user=0.08 sys=0.00, real=0.02 secs] 
2014-07-08T04:56:01.686+0000: 2519.901: [GC [PSYoungGen: 1140672K->530K(1094272K)] 1395403K->255549K(1781248K), 0.0107490 secs] [Times: user=0.03 sys=0.00, real=0.02 secs] 
2014-07-08T04:56:03.946+0000: 2522.161: [GC [PSYoungGen: 1094226K->640K(1313088K)] 1349245K->255843K(2000064K), 0.0383060 secs] [Times: user=0.14 sys=0.00, real=0.04 secs] 
2014-07-08T04:56:06.699+0000: 2524.915: [GC [PSYoungGen: 1313088K->722K(1258368K)] 1568291K->256061K(1945344K), 0.0174270 secs] [Times: user=0.06 sys=0.00, real=0.01 secs] 
2014-07-08T04:56:09.337+0000: 2527.552: [GC [PSYoungGen: 1258322K->1138K(1206592K)] 1513661K->256677K(1893568K), 0.0093660 secs] [Times: user=0.02 sys=0.00, real=0.01 secs] 
2014-07-08T04:56:11.598+0000: 2529.813: [GC [PSYoungGen: 1206578K->434K(1156288K)] 1462117K->256349K(1843264K), 0.0047970 secs] [Times: user=0.02 sys=0.00, real=0.01 secs] 
2014-07-08T04:56:13.754+0000: 2531.969: [GC [PSYoungGen: 1156274K->736K(1109376K)] 1412189K->256843K(1796352K), 0.0209200 secs] [Times: user=0.09 sys=0.00, real=0.02 secs] 
2014-07-08T04:56:15.941+0000: 2534.157: [GC [PSYoungGen: 1109344K->498K(1064192K)] 1365451K->256717K(1751168K), 0.0092050 secs] [Times: user=0.04 sys=0.00, real=0.01 secs] 
2014-07-08T04:56:17.901+0000: 2536.117: [GC [PSYoungGen: 1064178K->544K(1021504K)] 1320397K->256883K(1708480K), 0.0134890 secs] [Times: user=0.05 sys=0.00, real=0.01 secs] 
2014-07-08T04:56:19.891+0000: 2538.107: [GC [PSYoungGen: 1021472K->448K(980672K)] 1277811K->256995K(1667648K), 0.0114330 secs] [Times: user=0.03 sys=0.00, real=0.01 secs] 
2014-07-08T04:56:21.752+0000: 2539.967: [GC [PSYoungGen: 980672K->402K(941888K)] 1237219K->257141K(1628864K), 0.0047580 secs] [Times: user=0.02 sys=0.00, real=0.00 secs] 
2014-07-08T04:56:23.566+0000: 2541.781: [GC [PSYoungGen: 941842K->740K(905280K)] 1198581K->257631K(1592256K), 0.0062990 secs] [Times: user=0.02 sys=0.00, real=0.01 secs] 
2014-07-08T04:56:25.265+0000: 2543.481: [GC [PSYoungGen: 905252K->786K(870208K)] 1162143K->257773K(1557184K), 0.0209770 secs] [Times: user=0.06 sys=0.00, real=0.02 secs] 
2014-07-08T04:56:26.869+0000: 2545.084: [GC [PSYoungGen: 870162K->416K(836352K)] 1127149K->257491K(1523328K), 0.0195050 secs] [Times: user=0.07 sys=0.00, real=0.02 secs] 
2014-07-08T04:56:28.558+0000: 2546.774: [GC [PSYoungGen: 836319K->836K(804864K)] 1093395K->258023K(1491840K), 0.0056380 secs] [Times: user=0.02 sys=0.00, real=0.01 secs] 
2014-07-08T04:56:30.051+0000: 2548.266: [GC [PSYoungGen: 804804K->530K(774144K)] 1061991K->257949K(1461120K), 0.0239340 secs] [Times: user=0.08 sys=0.00, real=0.02 secs] 
2014-07-08T04:56:31.600+0000: 2549.816: [GC [PSYoungGen: 774098K->448K(745024K)] 1031517K->258011K(1432000K), 0.0099340 secs] [Times: user=0.03 sys=0.00, real=0.01 secs] 
2014-07-08T04:56:32.889+0000: 2551.105: [GC [PSYoungGen: 744926K->320K(893824K)] 1002490K->258027K(1580800K), 0.0207640 secs] [Times: user=0.09 sys=0.00, real=0.02 secs] 
2014-07-08T04:56:34.709+0000: 2552.925: [GC [PSYoungGen: 893824K->672K(859584K)] 1151531K->258443K(1546560K), 0.0063790 secs] [Times: user=0.02 sys=0.00, real=0.01 secs] 
2014-07-08T04:56:36.450+0000: 2554.666: [GC [PSYoungGen: 859552K->1106K(827008K)] 1117323K->259013K(1513984K), 0.0175170 secs] [Times: user=0.06 sys=0.00, real=0.02 secs] 
2014-07-08T04:56:37.888+0000: 2556.104: [GC [PSYoungGen: 826962K->480K(991552K)] 1084869K->258491K(1678528K), 0.0232920 secs] [Times: user=0.08 sys=0.00, real=0.02 secs] 
2014-07-08T04:56:39.765+0000: 2557.980: [GC [PSYoungGen: 991520K->480K(952256K)] 1249531K->258699K(1639232K), 0.0108990 secs] [Times: user=0.04 sys=0.00, real=0.01 secs] 
2014-07-08T04:56:41.647+0000: 2559.863: [GC [PSYoungGen: 952224K->416K(914752K)] 1210443K->258787K(1601728K), 0.0141270 secs] [Times: user=0.04 sys=0.00, real=0.01 secs] 
2014-07-08T04:56:43.329+0000: 2561.545: [GC [PSYoungGen: 914720K->786K(879488K)] 1173091K->259349K(1566464K), 0.0067320 secs] [Times: user=0.02 sys=0.00, real=0.01 secs] 
2014-07-08T04:56:44.918+0000: 2563.134: [GC [PSYoungGen: 879442K->356K(845120K)] 1138005K->258983K(1532096K), 0.0174600 secs] [Times: user=0.06 sys=0.00, real=0.02 secs] 
2014-07-08T04:56:46.696+0000: 2564.912: [GC [PSYoungGen: 845024K->466K(812928K)] 1103651K->259165K(1499904K), 0.0104710 secs] [Times: user=0.04 sys=0.00, real=0.01 secs] 
2014-07-08T04:56:48.214+0000: 2566.430: [GC [PSYoungGen: 812850K->886K(782528K)] 1071549K->259705K(1469504K), 0.0057070 secs] [Times: user=0.02 sys=0.00, real=0.00 secs] 
2014-07-08T04:56:49.691+0000: 2567.907: [GC [PSYoungGen: 782518K->352K(752640K)] 1041337K->259379K(1439616K), 0.0063120 secs] [Times: user=0.02 sys=0.00, real=0.01 secs] 
2014-07-08T04:56:51.287+0000: 2569.503: [GC [PSYoungGen: 752608K->922K(725248K)] 1011635K->260109K(1412224K), 0.0124580 secs] [Times: user=0.04 sys=0.00, real=0.01 secs] 
2014-07-08T04:56:52.618+0000: 2570.834: [GC [PSYoungGen: 725210K->384K(697984K)] 984397K->259755K(1384960K), 0.0230580 secs] [Times: user=0.08 sys=0.00, real=0.02 secs] 
2014-07-08T04:56:53.916+0000: 2572.132: [GC [PSYoungGen: 697984K->466K(837632K)] 957355K->259917K(1524608K), 0.0223210 secs] [Times: user=0.08 sys=0.00, real=0.02 secs] 
2014-07-08T04:56:55.570+0000: 2573.785: [GC [PSYoungGen: 837586K->736K(1005312K)] 1097037K->260259K(1692288K), 0.0281890 secs] [Times: user=0.11 sys=0.00, real=0.03 secs] 
2014-07-08T04:56:57.572+0000: 2575.788: [GC [PSYoungGen: 1005280K->576K(1206080K)] 1264803K->260187K(1893056K), 0.0178430 secs] [Times: user=0.07 sys=0.00, real=0.02 secs] 
2014-07-08T04:56:59.783+0000: 2577.999: [GC [PSYoungGen: 1206080K->498K(1447168K)] 1465691K->260325K(2134144K), 0.0183600 secs] [Times: user=0.07 sys=0.00, real=0.02 secs] 
2014-07-08T04:57:02.872+0000: 2581.088: [GC [PSYoungGen: 1447154K->576K(1385856K)] 1706981K->260579K(2072832K), 0.0076900 secs] [Times: user=0.02 sys=0.00, real=0.01 secs] 
2014-07-08T04:57:05.617+0000: 2583.833: [GC [PSYoungGen: 1385856K->626K(1327552K)] 1645859K->260909K(2014528K), 0.0189020 secs] [Times: user=0.07 sys=0.00, real=0.02 secs] 
2014-07-08T04:57:08.204+0000: 2586.419: [GC [PSYoungGen: 1327538K->1010K(1272384K)] 1587821K->261477K(1959360K), 0.0283780 secs] [Times: user=0.09 sys=0.00, real=0.03 secs] 
2014-07-08T04:57:10.613+0000: 2588.829: [GC [PSYoungGen: 1272350K->434K(1219008K)] 1532817K->261213K(1905984K), 0.0245340 secs] [Times: user=0.10 sys=0.00, real=0.03 secs] 
2014-07-08T04:57:12.885+0000: 2591.100: [GC [PSYoungGen: 1218994K->416K(1168768K)] 1479773K->261403K(1855744K), 0.0203200 secs] [Times: user=0.08 sys=0.00, real=0.02 secs] 
2014-07-08T04:57:15.060+0000: 2593.276: [GC [PSYoungGen: 1168736K->452K(1121024K)] 1429723K->261583K(1808000K), 0.0067320 secs] [Times: user=0.01 sys=0.00, real=0.01 secs] 
2014-07-08T04:57:17.420+0000: 2595.636: [GC [PSYoungGen: 1120964K->1110K(1076160K)] 1382095K->262337K(1763136K), 0.0076180 secs] [Times: user=0.02 sys=0.00, real=0.01 secs] 
2014-07-08T04:57:19.391+0000: 2597.607: [GC [PSYoungGen: 1076118K->676K(1032384K)] 1337345K->262383K(1719360K), 0.0243990 secs] [Times: user=0.09 sys=0.00, real=0.02 secs] 
2014-07-08T04:57:21.414+0000: 2599.630: [GC [PSYoungGen: 1032356K->1312K(1239360K)] 1294063K->263219K(1926336K), 0.0344000 secs] [Times: user=0.13 sys=0.00, real=0.04 secs] 
2014-07-08T04:57:23.744+0000: 2601.959: [GC [PSYoungGen: 1239328K->512K(1486144K)] 1501235K->262659K(2173120K), 0.0307510 secs] [Times: user=0.12 sys=0.00, real=0.03 secs] 
2014-07-08T04:57:26.562+0000: 2604.778: [GC [PSYoungGen: 1486144K->804K(1423168K)] 1748291K->263103K(2110144K), 0.0148720 secs] [Times: user=0.05 sys=0.00, real=0.01 secs] 
2014-07-08T04:57:29.220+0000: 2607.435: [GC [PSYoungGen: 1423140K->1170K(1363392K)] 1685439K->263605K(2050368K), 0.0107830 secs] [Times: user=0.02 sys=0.01, real=0.01 secs] 
2014-07-08T04:57:32.085+0000: 2610.301: [GC [PSYoungGen: 1363346K->1024K(1305984K)] 1625781K->263787K(1992960K), 0.0186620 secs] [Times: user=0.06 sys=0.00, real=0.02 secs] 
2014-07-08T04:57:34.543+0000: 2612.758: [GC [PSYoungGen: 1305984K->982K(1251520K)] 1568747K->264033K(1938496K), 0.0260650 secs] [Times: user=0.10 sys=0.00, real=0.02 secs] 
2014-07-08T04:57:37.040+0000: 2615.256: [GC [PSYoungGen: 1251404K->1142K(1199808K)] 1514456K->264313K(1886784K), 0.0098300 secs] [Times: user=0.02 sys=0.00, real=0.01 secs] 
2014-07-08T04:57:39.242+0000: 2617.457: [GC [PSYoungGen: 1199798K->932K(1150336K)] 1462969K->264303K(1837312K), 0.0051330 secs] [Times: user=0.01 sys=0.00, real=0.00 secs] 
2014-07-08T04:57:41.698+0000: 2619.914: [GC [PSYoungGen: 1150308K->1152K(1103616K)] 1413679K->264763K(1790592K), 0.0298050 secs] [Times: user=0.10 sys=0.00, real=0.03 secs] 
2014-07-08T04:57:43.785+0000: 2622.000: [GC [PSYoungGen: 1103616K->580K(1058432K)] 1367227K->264439K(1745408K), 0.0288780 secs] [Times: user=0.10 sys=0.00, real=0.03 secs] 
2014-07-08T04:57:45.802+0000: 2624.018: [GC [PSYoungGen: 1058372K->256K(1015552K)] 1322231K->264227K(1702528K), 0.0064780 secs] [Times: user=0.01 sys=0.00, real=0.00 secs] 
2014-07-08T04:57:47.861+0000: 2626.076: [GC [PSYoungGen: 1015552K->626K(975488K)] 1279523K->264701K(1662464K), 0.0242750 secs] [Times: user=0.08 sys=0.00, real=0.03 secs] 
2014-07-08T04:57:49.759+0000: 2627.975: [GC [PSYoungGen: 975474K->498K(936832K)] 1239549K->264821K(1623808K), 0.0176460 secs] [Times: user=0.06 sys=0.01, real=0.02 secs] 
2014-07-08T04:57:51.658+0000: 2629.874: [GC [PSYoungGen: 936818K->1284K(1124928K)] 1201141K->265783K(1811904K), 0.0310820 secs] [Times: user=0.12 sys=0.00, real=0.03 secs] 
2014-07-08T04:57:53.842+0000: 2632.058: [GC [PSYoungGen: 1124868K->448K(1078336K)] 1389367K->265107K(1765312K), 0.0108640 secs] [Times: user=0.02 sys=0.00, real=0.01 secs] 
2014-07-08T04:57:55.822+0000: 2634.038: [GC [PSYoungGen: 1078336K->384K(1034816K)] 1342995K->265187K(1721792K), 0.0129250 secs] [Times: user=0.05 sys=0.00, real=0.02 secs] 
2014-07-08T04:57:57.964+0000: 2636.179: [GC [PSYoungGen: 1034797K->790K(993920K)] 1299600K->265689K(1680896K), 0.0305600 secs] [Times: user=0.12 sys=0.00, real=0.04 secs] 
2014-07-08T04:57:59.882+0000: 2638.098: [GC [PSYoungGen: 993878K->562K(954304K)] 1258777K->265725K(1641280K), 0.0121530 secs] [Times: user=0.04 sys=0.00, real=0.02 secs] 
2014-07-08T04:58:01.779+0000: 2639.995: [GC [PSYoungGen: 954252K->1334K(917568K)] 1219415K->266681K(1604544K), 0.0083620 secs] [Times: user=0.02 sys=0.00, real=0.01 secs] 
2014-07-08T04:58:03.718+0000: 2641.934: [GC [PSYoungGen: 917558K->480K(881024K)] 1182905K->265987K(1568000K), 0.0165950 secs] [Times: user=0.06 sys=0.00, real=0.01 secs] 
2014-07-08T04:58:05.437+0000: 2643.652: [GC [PSYoungGen: 880992K->768K(847232K)] 1146499K->266427K(1534208K), 0.0173390 secs] [Times: user=0.06 sys=0.01, real=0.01 secs] 
2014-07-08T04:58:07.042+0000: 2645.258: [GC [PSYoungGen: 847232K->512K(814592K)] 1112891K->266243K(1501568K), 0.0093820 secs] [Times: user=0.02 sys=0.00, real=0.01 secs] 
2014-07-08T04:58:08.754+0000: 2646.970: [GC [PSYoungGen: 814592K->544K(783744K)] 1080323K->266419K(1470720K), 0.0130530 secs] [Times: user=0.04 sys=0.00, real=0.02 secs] 
2014-07-08T04:58:10.257+0000: 2648.472: [GC [PSYoungGen: 783712K->1124K(754880K)] 1049587K->267255K(1441856K), 0.0078470 secs] [Times: user=0.02 sys=0.00, real=0.00 secs] 
2014-07-08T04:58:11.714+0000: 2649.930: [GC [PSYoungGen: 754852K->448K(726144K)] 1020983K->266699K(1413120K), 0.0192410 secs] [Times: user=0.07 sys=0.00, real=0.02 secs] 
2014-07-08T04:58:13.394+0000: 2651.610: [GC [PSYoungGen: 726124K->1120K(872000K)] 992375K->267523K(1558976K), 0.0352640 secs] [Times: user=0.10 sys=0.00, real=0.04 secs] 
2014-07-08T04:58:14.895+0000: 2653.111: [GC [PSYoungGen: 871968K->288K(1045376K)] 1138371K->266827K(1732352K), 0.0179780 secs] [Times: user=0.06 sys=0.00, real=0.02 secs] 
2014-07-08T04:58:16.869+0000: 2655.085: [GC [PSYoungGen: 1045251K->612K(1254720K)] 1311790K->267223K(1941696K), 0.0161590 secs] [Times: user=0.06 sys=0.00, real=0.01 secs] 
2014-07-08T04:58:19.443+0000: 2657.659: [GC [PSYoungGen: 1254692K->1106K(1203264K)] 1521303K->267837K(1890240K), 0.0066170 secs] [Times: user=0.02 sys=0.00, real=0.01 secs] 
2014-07-08T04:58:21.741+0000: 2659.956: [GC [PSYoungGen: 1203218K->434K(1153088K)] 1469949K->267469K(1840064K), 0.0275710 secs] [Times: user=0.10 sys=0.00, real=0.03 secs] 
2014-07-08T04:58:24.057+0000: 2662.273: [GC [PSYoungGen: 1153074K->704K(1106304K)] 1420109K->267939K(1793280K), 0.0193850 secs] [Times: user=0.08 sys=0.00, real=0.02 secs] 
2014-07-08T04:58:26.068+0000: 2664.284: [GC [PSYoungGen: 1106304K->448K(1327168K)] 1373539K->267819K(2014144K), 0.0269790 secs] [Times: user=0.09 sys=0.00, real=0.02 secs] 
2014-07-08T04:58:28.790+0000: 2667.006: [GC [PSYoungGen: 1327168K->704K(1592768K)] 1594539K->268147K(2279744K), 0.0324910 secs] [Times: user=0.12 sys=0.00, real=0.03 secs] 
2014-07-08T04:58:31.792+0000: 2670.008: [GC [PSYoungGen: 1592768K->448K(1524032K)] 1860211K->268251K(2211008K), 0.0148840 secs] [Times: user=0.03 sys=0.00, real=0.01 secs] 
2014-07-08T04:58:34.879+0000: 2673.095: [GC [PSYoungGen: 1524005K->676K(1459136K)] 1791808K->268711K(2146112K), 0.0342870 secs] [Times: user=0.12 sys=0.00, real=0.03 secs] 
2014-07-08T04:58:37.770+0000: 2675.986: [GC [PSYoungGen: 1459108K->740K(1656896K)] 1727143K->268959K(2343872K), 0.0336760 secs] [Times: user=0.12 sys=0.00, real=0.03 secs] 
2014-07-08T04:58:40.905+0000: 2679.121: [GC [PSYoungGen: 1656356K->672K(1656896K)] 1924575K->269163K(2343872K), 0.0363230 secs] [Times: user=0.12 sys=0.00, real=0.04 secs] 
2014-07-08T04:58:44.362+0000: 2682.578: [GC [PSYoungGen: 1656288K->1028K(1585088K)] 1924779K->269783K(2272064K), 0.0230250 secs] [Times: user=0.08 sys=0.01, real=0.02 secs] 
2014-07-08T04:58:47.360+0000: 2685.576: [GC [PSYoungGen: 1584955K->1270K(1517184K)] 1853710K->270305K(2204160K), 0.0099670 secs] [Times: user=0.02 sys=0.00, real=0.01 secs] 
2014-07-08T04:58:50.348+0000: 2688.563: [GC [PSYoungGen: 1517108K->256K(1451392K)] 1786143K->270147K(2138368K), 0.0156690 secs] [Times: user=0.05 sys=0.00, real=0.02 secs] 
2014-07-08T04:58:53.074+0000: 2691.290: [GC [PSYoungGen: 1451384K->804K(1390400K)] 1721276K->270951K(2077376K), 0.0301560 secs] [Times: user=0.12 sys=0.00, real=0.03 secs] 
2014-07-08T04:58:55.867+0000: 2694.083: [GC [PSYoungGen: 1390372K->576K(1331584K)] 1660519K->271127K(2018560K), 0.0215790 secs] [Times: user=0.09 sys=0.00, real=0.02 secs] 
2014-07-08T04:58:58.423+0000: 2696.639: [GC [PSYoungGen: 1331584K->1380K(1276672K)] 1602135K->272099K(1963648K), 0.0078390 secs] [Times: user=0.02 sys=0.01, real=0.00 secs] 
2014-07-08T04:59:00.913+0000: 2699.129: [GC [PSYoungGen: 1276644K->544K(1222848K)] 1547363K->271551K(1909824K), 0.0458400 secs] [Times: user=0.15 sys=0.00, real=0.04 secs] 
2014-07-08T04:59:03.551+0000: 2701.766: [GC [PSYoungGen: 1222816K->1330K(1173184K)] 1493823K->272593K(1860160K), 0.0271120 secs] [Times: user=0.10 sys=0.00, real=0.03 secs] 
2014-07-08T04:59:05.798+0000: 2704.014: [GC [PSYoungGen: 1173170K->466K(1124352K)] 1444433K->271913K(1811328K), 0.0100180 secs] [Times: user=0.04 sys=0.00, real=0.01 secs] 
2014-07-08T04:59:07.967+0000: 2706.182: [GC [PSYoungGen: 1124306K->644K(1078848K)] 1395753K->272219K(1765824K), 0.0185930 secs] [Times: user=0.06 sys=0.00, real=0.02 secs] 
2014-07-08T04:59:10.088+0000: 2708.304: [GC [PSYoungGen: 1078788K->800K(1294656K)] 1350363K->272615K(1981632K), 0.0390310 secs] [Times: user=0.14 sys=0.00, real=0.04 secs] 
2014-07-08T04:59:12.752+0000: 2710.967: [GC [PSYoungGen: 1294621K->914K(1240896K)] 1566436K->272977K(1927872K), 0.0168810 secs] [Times: user=0.06 sys=0.00, real=0.02 secs] 
2014-07-08T04:59:15.050+0000: 2713.266: [GC [PSYoungGen: 1240850K->466K(1189184K)] 1512913K->272737K(1876160K), 0.0182440 secs] [Times: user=0.05 sys=0.00, real=0.02 secs] 
2014-07-08T04:59:17.353+0000: 2715.569: [GC [PSYoungGen: 1189138K->996K(1140864K)] 1461409K->273363K(1827840K), 0.0064780 secs] [Times: user=0.02 sys=0.00, real=0.01 secs] 
2014-07-08T04:59:19.693+0000: 2717.908: [GC [PSYoungGen: 1140767K->1046K(1094464K)] 1413134K->273597K(1781440K), 0.0298810 secs] [Times: user=0.10 sys=0.01, real=0.03 secs] 
2014-07-08T04:59:21.762+0000: 2719.978: [GC [PSYoungGen: 1094422K->626K(1049792K)] 1366973K->273465K(1736768K), 0.0252630 secs] [Times: user=0.09 sys=0.00, real=0.03 secs] 
2014-07-08T04:59:23.799+0000: 2722.015: [GC [PSYoungGen: 1049778K->352K(1259392K)] 1322617K->273335K(1946368K), 0.0326490 secs] [Times: user=0.12 sys=0.00, real=0.03 secs] 
2014-07-08T04:59:26.301+0000: 2724.517: [GC [PSYoungGen: 1259360K->914K(1207744K)] 1532343K->274009K(1894720K), 0.0139030 secs] [Times: user=0.04 sys=0.00, real=0.01 secs] 
2014-07-08T04:59:28.662+0000: 2726.878: [GC [PSYoungGen: 1207698K->480K(1157632K)] 1480793K->273671K(1844608K), 0.0242080 secs] [Times: user=0.10 sys=0.00, real=0.02 secs] 
2014-07-08T04:59:31.030+0000: 2729.246: [GC [PSYoungGen: 1157600K->384K(1388928K)] 1430791K->273863K(2075904K), 0.0276090 secs] [Times: user=0.09 sys=0.00, real=0.02 secs] 
2014-07-08T04:59:33.970+0000: 2732.186: [GC [PSYoungGen: 1388928K->402K(1330496K)] 1662407K->274033K(2017472K), 0.0074000 secs] [Times: user=0.02 sys=0.00, real=0.00 secs] 
2014-07-08T04:59:36.837+0000: 2735.053: [GC [PSYoungGen: 1330424K->716K(1275136K)] 1604055K->274507K(1962112K), 0.0229080 secs] [Times: user=0.07 sys=0.00, real=0.03 secs] 
2014-07-08T04:59:39.554+0000: 2737.770: [GC [PSYoungGen: 1275084K->448K(1221824K)] 1548875K->274367K(1908800K), 0.0060200 secs] [Times: user=0.01 sys=0.00, real=0.01 secs] 
2014-07-08T04:59:42.208+0000: 2740.424: [GC [PSYoungGen: 1221752K->840K(1171904K)] 1495671K->274991K(1858880K), 0.0096070 secs] [Times: user=0.03 sys=0.00, real=0.01 secs] 
2014-07-08T04:59:44.756+0000: 2742.972: [GC [PSYoungGen: 1171848K->288K(1123392K)] 1445999K->274551K(1810368K), 0.0062500 secs] [Times: user=0.02 sys=0.00, real=0.01 secs] 
2014-07-08T04:59:47.226+0000: 2745.442: [GC [PSYoungGen: 1123360K->818K(1078272K)] 1397623K->275233K(1765248K), 0.0244430 secs] [Times: user=0.09 sys=0.00, real=0.03 secs] 
2014-07-08T04:59:49.567+0000: 2747.783: [GC [PSYoungGen: 1078258K->512K(1034496K)] 1352673K->275111K(1721472K), 0.0470940 secs] [Times: user=0.15 sys=0.00, real=0.05 secs] 
2014-07-08T04:59:51.809+0000: 2750.025: [GC [PSYoungGen: 1034496K->320K(1241152K)] 1309095K->275143K(1928128K), 0.0335160 secs] [Times: user=0.12 sys=0.00, real=0.04 secs] 
2014-07-08T04:59:54.575+0000: 2752.791: [GC [PSYoungGen: 1241150K->900K(1190464K)] 1515974K->275859K(1877440K), 0.0090940 secs] [Times: user=0.03 sys=0.00, real=0.01 secs] 
2014-07-08T04:59:57.127+0000: 2755.342: [GC [PSYoungGen: 1190401K->402K(1141120K)] 1465361K->275521K(1828096K), 0.0213420 secs] [Times: user=0.08 sys=0.00, real=0.02 secs] 
2014-07-08T04:59:59.624+0000: 2757.840: [GC [PSYoungGen: 1141074K->352K(1369216K)] 1416193K->275575K(2056192K), 0.0350710 secs] [Times: user=0.13 sys=0.00, real=0.03 secs] 
2014-07-08T05:00:02.633+0000: 2760.848: [GC [PSYoungGen: 1369184K->384K(1311680K)] 1644407K->275879K(1998656K), 0.0082010 secs] [Times: user=0.01 sys=0.00, real=0.01 secs] 
2014-07-08T05:00:05.531+0000: 2763.746: [GC [PSYoungGen: 1311680K->498K(1257024K)] 1587175K->276145K(1944000K), 0.0176040 secs] [Times: user=0.06 sys=0.00, real=0.02 secs] 
2014-07-08T05:00:08.259+0000: 2766.475: [GC [PSYoungGen: 1257008K->1092K(1205568K)] 1532656K->276923K(1892544K), 0.0316220 secs] [Times: user=0.11 sys=0.00, real=0.03 secs] 
2014-07-08T05:00:10.882+0000: 2769.098: [GC [PSYoungGen: 1205508K->548K(1155392K)] 1481339K->276539K(1842368K), 0.0049320 secs] [Times: user=0.02 sys=0.00, real=0.01 secs] 
2014-07-08T05:00:13.531+0000: 2771.747: [GC [PSYoungGen: 1155364K->1280K(1108928K)] 1431355K->277559K(1795904K), 0.0228940 secs] [Times: user=0.08 sys=0.00, real=0.03 secs] 
2014-07-08T05:00:15.879+0000: 2774.095: [GC [PSYoungGen: 1108889K->420K(1063168K)] 1385168K->276843K(1750144K), 0.0247580 secs] [Times: user=0.09 sys=0.00, real=0.02 secs] 
2014-07-08T05:00:18.184+0000: 2776.400: [GC [PSYoungGen: 1063137K->658K(1020672K)] 1339561K->277193K(1707648K), 0.0153730 secs] [Times: user=0.04 sys=0.00, real=0.02 secs] 
2014-07-08T05:00:20.444+0000: 2778.659: [GC [PSYoungGen: 1020626K->640K(979904K)] 1297161K->277351K(1666880K), 0.0127310 secs] [Times: user=0.04 sys=0.00, real=0.02 secs] 
2014-07-08T05:00:22.615+0000: 2780.831: [GC [PSYoungGen: 979904K->320K(940864K)] 1256615K->277199K(1627840K), 0.0247370 secs] [Times: user=0.09 sys=0.00, real=0.03 secs] 
2014-07-08T05:00:24.659+0000: 2782.875: [GC [PSYoungGen: 940864K->256K(903936K)] 1217743K->277279K(1590912K), 0.0059150 secs] [Times: user=0.01 sys=0.00, real=0.00 secs] 
2014-07-08T05:00:26.667+0000: 2784.883: [GC [PSYoungGen: 903936K->416K(868992K)] 1180959K->277535K(1555968K), 0.0052630 secs] [Times: user=0.01 sys=0.01, real=0.00 secs] 
2014-07-08T05:00:28.603+0000: 2786.818: [GC [PSYoungGen: 868960K->1270K(836352K)] 1146079K->278469K(1523328K), 0.0063360 secs] [Times: user=0.02 sys=0.00, real=0.01 secs] 
2014-07-08T05:00:30.400+0000: 2788.616: [GC [PSYoungGen: 836295K->868K(804096K)] 1113494K->278267K(1491072K), 0.0063660 secs] [Times: user=0.02 sys=0.01, real=0.00 secs] 
2014-07-08T05:00:32.122+0000: 2790.337: [GC [PSYoungGen: 804067K->388K(773248K)] 1081466K->277907K(1460224K), 0.0128220 secs] [Times: user=0.04 sys=0.00, real=0.01 secs] 
2014-07-08T05:00:33.817+0000: 2792.033: [GC [PSYoungGen: 773188K->406K(744320K)] 1050707K->278005K(1431296K), 0.0045730 secs] [Times: user=0.01 sys=0.00, real=0.00 secs] 
2014-07-08T05:00:35.469+0000: 2793.685: [GC [PSYoungGen: 744278K->562K(716864K)] 1021877K->278281K(1403840K), 0.0381160 secs] [Times: user=0.14 sys=0.00, real=0.03 secs] 
2014-07-08T05:00:37.011+0000: 2795.227: [GC [PSYoungGen: 716848K->288K(859904K)] 994567K->278071K(1546880K), 0.0364180 secs] [Times: user=0.11 sys=0.00, real=0.03 secs] 
2014-07-08T05:00:38.991+0000: 2797.207: [GC [PSYoungGen: 859872K->562K(1032128K)] 1137655K->278441K(1719104K), 0.0195940 secs] [Times: user=0.07 sys=0.00, real=0.02 secs] 
2014-07-08T05:00:41.162+0000: 2799.378: [GC [PSYoungGen: 1032114K->402K(1238336K)] 1309993K->278529K(1925312K), 0.0205410 secs] [Times: user=0.08 sys=0.00, real=0.02 secs] 
2014-07-08T05:00:43.952+0000: 2802.167: [GC [PSYoungGen: 1238287K->850K(1187584K)] 1516414K->279081K(1874560K), 0.0090360 secs] [Times: user=0.02 sys=0.00, real=0.01 secs] 
2014-07-08T05:00:46.524+0000: 2804.740: [GC [PSYoungGen: 1187538K->690K(1138688K)] 1465769K->279049K(1825664K), 0.0121370 secs] [Times: user=0.05 sys=0.00, real=0.01 secs] 
2014-07-08T05:00:49.003+0000: 2807.219: [GC [PSYoungGen: 1138674K->640K(1092288K)] 1417033K->279151K(1779264K), 0.0227520 secs] [Times: user=0.09 sys=0.00, real=0.02 secs] 
2014-07-08T05:00:51.401+0000: 2809.617: [GC [PSYoungGen: 1092220K->772K(1048384K)] 1370731K->279555K(1735360K), 0.0122210 secs] [Times: user=0.03 sys=0.00, real=0.01 secs] 
2014-07-08T05:00:53.686+0000: 2811.902: [GC [PSYoungGen: 1048324K->224K(1005824K)] 1327107K->279143K(1692800K), 0.0093600 secs] [Times: user=0.04 sys=0.00, real=0.01 secs] 
2014-07-08T05:00:55.876+0000: 2814.092: [GC [PSYoungGen: 1005792K->320K(965888K)] 1284711K->279319K(1652864K), 0.0135150 secs] [Times: user=0.04 sys=0.00, real=0.01 secs] 
2014-07-08T05:00:57.993+0000: 2816.209: [GC [PSYoungGen: 965888K->594K(928128K)] 1244887K->279737K(1615104K), 0.0380370 secs] [Times: user=0.14 sys=0.00, real=0.04 secs] 
2014-07-08T05:01:00.034+0000: 2818.250: [GC [PSYoungGen: 928082K->704K(891904K)] 1207225K->280007K(1578880K), 0.0079060 secs] [Times: user=0.02 sys=0.01, real=0.01 secs] 
2014-07-08T05:01:01.982+0000: 2820.198: [GC [PSYoungGen: 891904K->320K(856960K)] 1171207K->279767K(1543936K), 0.0287300 secs] [Times: user=0.10 sys=0.00, real=0.02 secs] 
2014-07-08T05:01:03.869+0000: 2822.084: [GC [PSYoungGen: 856960K->192K(1028160K)] 1136407K->279783K(1715136K), 0.0220630 secs] [Times: user=0.08 sys=0.00, real=0.02 secs] 
2014-07-08T05:01:06.127+0000: 2824.343: [GC [PSYoungGen: 1028160K->672K(987584K)] 1307751K->280327K(1674560K), 0.0156900 secs] [Times: user=0.06 sys=0.00, real=0.02 secs] 
2014-07-08T05:01:08.296+0000: 2826.512: [GC [PSYoungGen: 987535K->896K(948672K)] 1267191K->280655K(1635648K), 0.0210820 secs] [Times: user=0.07 sys=0.01, real=0.02 secs] 
2014-07-08T05:01:10.381+0000: 2828.597: [GC [PSYoungGen: 948672K->626K(1137984K)] 1228431K->280649K(1824960K), 0.0346660 secs] [Times: user=0.12 sys=0.00, real=0.04 secs] 
2014-07-08T05:01:12.902+0000: 2831.118: [GC [PSYoungGen: 1137970K->416K(1091456K)] 1417993K->280591K(1778432K), 0.0138880 secs] [Times: user=0.05 sys=0.00, real=0.02 secs] 
2014-07-08T05:01:15.259+0000: 2833.475: [GC [PSYoungGen: 1091424K->1046K(1048000K)] 1371599K->281405K(1734976K), 0.0065040 secs] [Times: user=0.02 sys=0.00, real=0.01 secs] 
2014-07-08T05:01:17.575+0000: 2835.790: [GC [PSYoungGen: 1047924K->648K(1005632K)] 1328284K->281087K(1692608K), 0.0116910 secs] [Times: user=0.03 sys=0.00, real=0.01 secs] 
2014-07-08T05:01:19.874+0000: 2838.089: [GC [PSYoungGen: 1005576K->480K(965504K)] 1286015K->281103K(1652480K), 0.0093010 secs] [Times: user=0.02 sys=0.00, real=0.01 secs] 
2014-07-08T05:01:21.867+0000: 2840.083: [GC [PSYoungGen: 965445K->320K(927296K)] 1246068K->281191K(1614272K), 0.0243040 secs] [Times: user=0.10 sys=0.00, real=0.02 secs] 
2014-07-08T05:01:23.945+0000: 2842.160: [GC [PSYoungGen: 927211K->420K(891200K)] 1208082K->281419K(1578176K), 0.0188080 secs] [Times: user=0.07 sys=0.00, real=0.02 secs] 
2014-07-08T05:01:25.864+0000: 2844.079: [GC [PSYoungGen: 891172K->370K(856640K)] 1172171K->281465K(1543616K), 0.0296270 secs] [Times: user=0.11 sys=0.00, real=0.03 secs] 
2014-07-08T05:01:27.745+0000: 2845.960: [GC [PSYoungGen: 856624K->388K(823808K)] 1137719K->281571K(1510784K), 0.0108360 secs] [Times: user=0.04 sys=0.00, real=0.01 secs] 
2014-07-08T05:01:29.710+0000: 2847.926: [GC [PSYoungGen: 823748K->1074K(793152K)] 1104931K->282441K(1480128K), 0.0262320 secs] [Times: user=0.09 sys=0.00, real=0.03 secs] 
2014-07-08T05:01:31.306+0000: 2849.521: [GC [PSYoungGen: 793137K->626K(762880K)] 1074504K->282145K(1449856K), 0.0046710 secs] [Times: user=0.01 sys=0.00, real=0.01 secs] 
2014-07-08T05:01:32.971+0000: 2851.186: [GC [PSYoungGen: 762866K->292K(734080K)] 1044385K->281923K(1421056K), 0.0182800 secs] [Times: user=0.06 sys=0.00, real=0.02 secs] 
2014-07-08T05:01:34.676+0000: 2852.891: [GC [PSYoungGen: 734052K->754K(707392K)] 1015683K->282457K(1394368K), 0.0080140 secs] [Times: user=0.02 sys=0.00, real=0.01 secs] 
2014-07-08T05:01:36.142+0000: 2854.357: [GC [PSYoungGen: 707378K->192K(680960K)] 989081K->281991K(1367936K), 0.0195090 secs] [Times: user=0.07 sys=0.00, real=0.02 secs] 
2014-07-08T05:01:37.672+0000: 2855.888: [GC [PSYoungGen: 680960K->352K(656512K)] 962759K->282207K(1343488K), 0.0047630 secs] [Times: user=0.01 sys=0.01, real=0.00 secs] 
2014-07-08T05:01:39.074+0000: 2857.290: [GC [PSYoungGen: 656480K->224K(632832K)] 938335K->282239K(1319808K), 0.0166860 secs] [Times: user=0.06 sys=0.00, real=0.02 secs] 
2014-07-08T05:01:40.494+0000: 2858.710: [GC [PSYoungGen: 632800K->978K(611136K)] 914815K->283097K(1298112K), 0.0072160 secs] [Times: user=0.01 sys=0.00, real=0.01 secs] 
2014-07-08T05:01:41.857+0000: 2860.073: [GC [PSYoungGen: 611090K->384K(589056K)] 893209K->282647K(1276032K), 0.0113260 secs] [Times: user=0.05 sys=0.00, real=0.02 secs] 
2014-07-08T05:01:43.078+0000: 2861.294: [GC [PSYoungGen: 589056K->192K(568448K)] 871319K->282567K(1255424K), 0.0043300 secs] [Times: user=0.01 sys=0.00, real=0.01 secs] 
2014-07-08T05:01:44.336+0000: 2862.552: [GC [PSYoungGen: 568448K->448K(549184K)] 850823K->282871K(1236160K), 0.0169530 secs] [Times: user=0.06 sys=0.00, real=0.02 secs] 
2014-07-08T05:01:45.589+0000: 2863.804: [GC [PSYoungGen: 549184K->882K(659392K)] 831607K->283369K(1346368K), 0.0223490 secs] [Times: user=0.09 sys=0.00, real=0.02 secs] 
2014-07-08T05:01:46.990+0000: 2865.206: [GC [PSYoungGen: 659378K->320K(790528K)] 941865K->282903K(1477504K), 0.0210480 secs] [Times: user=0.07 sys=0.00, real=0.02 secs] 
2014-07-08T05:01:48.713+0000: 2866.928: [GC [PSYoungGen: 790528K->256K(760704K)] 1073111K->282943K(1447680K), 0.0046090 secs] [Times: user=0.02 sys=0.00, real=0.00 secs] 
2014-07-08T05:01:50.400+0000: 2868.616: [GC [PSYoungGen: 760622K->644K(732800K)] 1043310K->283491K(1419776K), 0.0113940 secs] [Times: user=0.03 sys=0.01, real=0.01 secs] 
2014-07-08T05:01:51.983+0000: 2870.198: [GC [PSYoungGen: 732740K->424K(705472K)] 1015587K->283391K(1392448K), 0.0122180 secs] [Times: user=0.05 sys=0.00, real=0.01 secs] 
2014-07-08T05:01:53.628+0000: 2871.843: [GC [PSYoungGen: 705349K->1124K(847232K)] 988316K->284203K(1534208K), 0.0261930 secs] [Times: user=0.10 sys=0.00, real=0.03 secs] 
2014-07-08T05:01:55.404+0000: 2873.620: [GC [PSYoungGen: 847204K->704K(814400K)] 1130283K->283911K(1501376K), 0.0069340 secs] [Times: user=0.02 sys=0.00, real=0.01 secs] 
2014-07-08T05:01:57.171+0000: 2875.387: [GC [PSYoungGen: 814400K->288K(783168K)] 1097607K->283583K(1470144K), 0.0246550 secs] [Times: user=0.08 sys=0.00, real=0.02 secs] 
2014-07-08T05:01:58.889+0000: 2877.105: [GC [PSYoungGen: 783136K->320K(753728K)] 1066431K->283703K(1440704K), 0.0058160 secs] [Times: user=0.02 sys=0.00, real=0.01 secs] 
2014-07-08T05:02:00.579+0000: 2878.795: [GC [PSYoungGen: 753650K->704K(726080K)] 1037034K->284263K(1413056K), 0.0049270 secs] [Times: user=0.02 sys=0.00, real=0.01 secs] 
2014-07-08T05:02:02.124+0000: 2880.340: [GC [PSYoungGen: 726080K->224K(698880K)] 1009639K->283911K(1385856K), 0.0285020 secs] [Times: user=0.10 sys=0.00, real=0.03 secs] 
2014-07-08T05:02:03.666+0000: 2881.882: [GC [PSYoungGen: 698848K->224K(673408K)] 982535K->283959K(1360384K), 0.0096650 secs] [Times: user=0.04 sys=0.00, real=0.01 secs] 
2014-07-08T05:02:05.161+0000: 2883.377: [GC [PSYoungGen: 673372K->292K(649152K)] 957107K->284091K(1336128K), 0.0060530 secs] [Times: user=0.01 sys=0.00, real=0.00 secs] 
2014-07-08T05:02:06.609+0000: 2884.825: [GC [PSYoungGen: 649124K->640K(626304K)] 932923K->284567K(1313280K), 0.0206780 secs] [Times: user=0.08 sys=0.01, real=0.02 secs] 
2014-07-08T05:02:07.936+0000: 2886.151: [GC [PSYoungGen: 626271K->338K(603904K)] 910199K->284321K(1290880K), 0.0154410 secs] [Times: user=0.06 sys=0.00, real=0.01 secs] 
2014-07-08T05:02:09.263+0000: 2887.479: [GC [PSYoungGen: 603858K->740K(724992K)] 887841K->284859K(1411968K), 0.0227640 secs] [Times: user=0.08 sys=0.01, real=0.02 secs] 
2014-07-08T05:02:10.866+0000: 2889.082: [GC [PSYoungGen: 724879K->608K(869760K)] 1008999K->284855K(1556736K), 0.0263650 secs] [Times: user=0.08 sys=0.00, real=0.03 secs] 
2014-07-08T05:02:12.760+0000: 2890.976: [GC [PSYoungGen: 869728K->274K(1043264K)] 1153975K->284697K(1730240K), 0.0186720 secs] [Times: user=0.07 sys=0.00, real=0.02 secs] 
2014-07-08T05:02:15.076+0000: 2893.291: [GC [PSYoungGen: 1043218K->580K(1252224K)] 1327641K->285091K(1939200K), 0.0282440 secs] [Times: user=0.09 sys=0.00, real=0.03 secs] 
2014-07-08T05:02:17.822+0000: 2896.038: [GC [PSYoungGen: 1252159K->448K(1502400K)] 1536671K->285063K(2189376K), 0.0237190 secs] [Times: user=0.07 sys=0.00, real=0.03 secs] 
2014-07-08T05:02:21.119+0000: 2899.335: [GC [PSYoungGen: 1502339K->694K(1803072K)] 1786954K->285509K(2490048K), 0.0305470 secs] [Times: user=0.11 sys=0.00, real=0.03 secs] 
2014-07-08T05:02:25.071+0000: 2903.287: [GC [PSYoungGen: 1803062K->1010K(1724608K)] 2087877K->286025K(2411584K), 0.0258510 secs] [Times: user=0.08 sys=0.01, real=0.03 secs] 
2014-07-08T05:02:28.833+0000: 2907.049: [GC [PSYoungGen: 1724589K->498K(1649152K)] 2009604K->285785K(2336128K), 0.0250060 secs] [Times: user=0.09 sys=0.00, real=0.03 secs] 
2014-07-08T05:02:32.501+0000: 2910.716: [GC [PSYoungGen: 1649138K->1156K(1578624K)] 1934425K->286771K(2265600K), 0.0265720 secs] [Times: user=0.09 sys=0.00, real=0.03 secs] 
2014-07-08T05:02:35.915+0000: 2914.131: [GC [PSYoungGen: 1578516K->402K(1510080K)] 1864131K->286289K(2197056K), 0.0243920 secs] [Times: user=0.09 sys=0.00, real=0.03 secs] 
2014-07-08T05:02:39.227+0000: 2917.443: [GC [PSYoungGen: 1510034K->612K(1445824K)] 1795921K->286627K(2132800K), 0.0067110 secs] [Times: user=0.02 sys=0.00, real=0.00 secs] 
2014-07-08T05:02:42.436+0000: 2920.651: [GC [PSYoungGen: 1445796K->886K(1384768K)] 1731811K->287133K(2071744K), 0.0209690 secs] [Times: user=0.07 sys=0.00, real=0.02 secs] 
2014-07-08T05:02:45.542+0000: 2923.758: [GC [PSYoungGen: 1384758K->1202K(1326784K)] 1671005K->287665K(2013760K), 0.0108390 secs] [Times: user=0.02 sys=0.00, real=0.01 secs] 
2014-07-08T05:02:48.365+0000: 2926.581: [GC [PSYoungGen: 1326770K->612K(1270720K)] 1613233K->287395K(1957696K), 0.0211240 secs] [Times: user=0.07 sys=0.01, real=0.02 secs] 
2014-07-08T05:02:51.172+0000: 2929.388: [GC [PSYoungGen: 1270692K->1238K(1218624K)] 1557475K->288213K(1905600K), 0.0353640 secs] [Times: user=0.11 sys=0.00, real=0.03 secs] 
2014-07-08T05:02:53.807+0000: 2932.023: [GC [PSYoungGen: 1218582K->402K(1167616K)] 1505557K->287641K(1854592K), 0.0187830 secs] [Times: user=0.06 sys=0.00, real=0.02 secs] 
2014-07-08T05:02:56.396+0000: 2934.612: [GC [PSYoungGen: 1167570K->416K(1119872K)] 1454809K->287791K(1806848K), 0.0073360 secs] [Times: user=0.02 sys=0.00, real=0.01 secs] 
2014-07-08T05:02:58.833+0000: 2937.049: [GC [PSYoungGen: 1119840K->448K(1074432K)] 1407215K->287935K(1761408K), 0.0425620 secs] [Times: user=0.15 sys=0.00, real=0.04 secs] 
2014-07-08T05:03:01.189+0000: 2939.405: [GC [PSYoungGen: 1074432K->352K(1031104K)] 1361919K->288087K(1718080K), 0.0115770 secs] [Times: user=0.02 sys=0.00, real=0.02 secs] 
2014-07-08T05:03:03.540+0000: 2941.756: [GC [PSYoungGen: 1031072K->1088K(990592K)] 1318807K->288975K(1677568K), 0.0245030 secs] [Times: user=0.09 sys=0.01, real=0.02 secs] 
2014-07-08T05:03:05.744+0000: 2943.960: [GC [PSYoungGen: 990592K->1028K(1188544K)] 1278479K->289115K(1875520K), 0.0343850 secs] [Times: user=0.13 sys=0.00, real=0.03 secs] 
2014-07-08T05:03:08.236+0000: 2946.451: [GC [PSYoungGen: 1188484K->722K(1139456K)] 1476571K->288921K(1826432K), 0.0189620 secs] [Times: user=0.07 sys=0.00, real=0.02 secs] 
2014-07-08T05:03:10.786+0000: 2949.001: [GC [PSYoungGen: 1139403K->836K(1093184K)] 1427603K->289251K(1780160K), 0.0214700 secs] [Times: user=0.07 sys=0.00, real=0.02 secs] 
2014-07-08T05:03:13.136+0000: 2951.352: [GC [PSYoungGen: 1093124K->224K(1048384K)] 1381539K->288799K(1735360K), 0.0105440 secs] [Times: user=0.04 sys=0.00, real=0.01 secs] 
2014-07-08T05:03:15.449+0000: 2953.665: [GC [PSYoungGen: 1048352K->466K(1006592K)] 1336927K->289169K(1693568K), 0.0077160 secs] [Times: user=0.02 sys=0.00, real=0.01 secs] 
2014-07-08T05:03:17.690+0000: 2955.905: [GC [PSYoungGen: 1006546K->448K(966528K)] 1295249K->289207K(1653504K), 0.0178830 secs] [Times: user=0.07 sys=0.00, real=0.02 secs] 
2014-07-08T05:03:19.792+0000: 2958.008: [GC [PSYoungGen: 966528K->352K(928384K)] 1255287K->289303K(1615360K), 0.0152310 secs] [Times: user=0.05 sys=0.00, real=0.02 secs] 
2014-07-08T05:03:21.837+0000: 2960.053: [GC [PSYoungGen: 928352K->320K(892032K)] 1217303K->289455K(1579008K), 0.0245540 secs] [Times: user=0.08 sys=0.00, real=0.02 secs] 
2014-07-08T05:03:23.787+0000: 2962.003: [GC [PSYoungGen: 892032K->256K(1070336K)] 1181167K->289471K(1757312K), 0.0304130 secs] [Times: user=0.11 sys=0.00, real=0.03 secs] 
2014-07-08T05:03:26.127+0000: 2964.343: [GC [PSYoungGen: 1070336K->288K(1027328K)] 1359551K->289599K(1714304K), 0.0106460 secs] [Times: user=0.04 sys=0.00, real=0.01 secs] 
2014-07-08T05:03:28.406+0000: 2966.622: [GC [PSYoungGen: 1027258K->736K(986752K)] 1316569K->290159K(1673728K), 0.0051870 secs] [Times: user=0.02 sys=0.01, real=0.00 secs] 
2014-07-08T05:03:30.576+0000: 2968.791: [GC [PSYoungGen: 986720K->704K(947648K)] 1276143K->290311K(1634624K), 0.0183900 secs] [Times: user=0.06 sys=0.00, real=0.02 secs] 
2014-07-08T05:03:32.655+0000: 2970.870: [GC [PSYoungGen: 947644K->416K(910208K)] 1237251K->290183K(1597184K), 0.0195610 secs] [Times: user=0.07 sys=0.00, real=0.02 secs] 
2014-07-08T05:03:34.661+0000: 2972.876: [GC [PSYoungGen: 910168K->502K(874880K)] 1199936K->290381K(1561856K), 0.0219050 secs] [Times: user=0.09 sys=0.00, real=0.02 secs] 
2014-07-08T05:03:36.706+0000: 2974.922: [GC [PSYoungGen: 874809K->740K(841408K)] 1164689K->290683K(1528384K), 0.0198150 secs] [Times: user=0.07 sys=0.00, real=0.02 secs] 
2014-07-08T05:03:38.411+0000: 2976.626: [GC [PSYoungGen: 841286K->818K(1009600K)] 1131230K->290929K(1696576K), 0.0309810 secs] [Times: user=0.12 sys=0.00, real=0.03 secs] 
2014-07-08T05:03:40.626+0000: 2978.842: [GC [PSYoungGen: 1009586K->704K(969344K)] 1299697K->290983K(1656320K), 0.0069460 secs] [Times: user=0.01 sys=0.01, real=0.00 secs] 
2014-07-08T05:03:42.754+0000: 2980.970: [GC [PSYoungGen: 969338K->352K(930816K)] 1259618K->290759K(1617792K), 0.0094780 secs] [Times: user=0.03 sys=0.00, real=0.01 secs] 
2014-07-08T05:03:44.795+0000: 2983.011: [GC [PSYoungGen: 930784K->338K(894400K)] 1221191K->290865K(1581376K), 0.0096250 secs] [Times: user=0.03 sys=0.00, real=0.01 secs] 
2014-07-08T05:03:46.797+0000: 2985.012: [GC [PSYoungGen: 894333K->388K(859776K)] 1184861K->290963K(1546752K), 0.0051090 secs] [Times: user=0.01 sys=0.00, real=0.01 secs] 
2014-07-08T05:03:48.676+0000: 2986.892: [GC [PSYoungGen: 859716K->512K(826816K)] 1150291K->291223K(1513792K), 0.0156160 secs] [Times: user=0.05 sys=0.00, real=0.02 secs] 
2014-07-08T05:03:50.474+0000: 2988.689: [GC [PSYoungGen: 826816K->384K(795200K)] 1117527K->291311K(1482176K), 0.0331520 secs] [Times: user=0.12 sys=0.00, real=0.03 secs] 
2014-07-08T05:03:52.196+0000: 2990.412: [GC [PSYoungGen: 795200K->224K(765120K)] 1086127K->291223K(1452096K), 0.0102760 secs] [Times: user=0.02 sys=0.00, real=0.01 secs] 
2014-07-08T05:03:53.899+0000: 2992.114: [GC [PSYoungGen: 765087K->466K(736832K)] 1056087K->291601K(1423808K), 0.0125950 secs] [Times: user=0.04 sys=0.01, real=0.01 secs] 
2014-07-08T05:03:55.529+0000: 2993.745: [GC [PSYoungGen: 736786K->676K(709760K)] 1027921K->291923K(1396736K), 0.0097110 secs] [Times: user=0.02 sys=0.00, real=0.01 secs] 
2014-07-08T05:03:57.058+0000: 2995.273: [GC [PSYoungGen: 709686K->192K(683264K)] 1000933K->291487K(1370240K), 0.0073090 secs] [Times: user=0.01 sys=0.00, real=0.01 secs] 
2014-07-08T05:03:58.618+0000: 2996.834: [GC [PSYoungGen: 683264K->818K(659136K)] 974559K->292209K(1346112K), 0.0084380 secs] [Times: user=0.02 sys=0.00, real=0.01 secs] 
2014-07-08T05:04:00.013+0000: 2998.229: [GC [PSYoungGen: 659119K->288K(635008K)] 950510K->291847K(1321984K), 0.0120220 secs] [Times: user=0.04 sys=0.00, real=0.01 secs] 
2014-07-08T05:04:01.488+0000: 2999.704: [GC [PSYoungGen: 634976K->1060K(613248K)] 926535K->292755K(1300224K), 0.0068200 secs] [Times: user=0.01 sys=0.00, real=0.01 secs] 
2014-07-08T05:04:02.750+0000: 3000.965: [GC [PSYoungGen: 613220K->160K(590848K)] 904915K->291935K(1277824K), 0.0070280 secs] [Times: user=0.01 sys=0.00, real=0.00 secs] 
2014-07-08T05:04:04.050+0000: 3002.266: [GC [PSYoungGen: 590816K->224K(570368K)] 882591K->292103K(1257344K), 0.0206480 secs] [Times: user=0.07 sys=0.00, real=0.02 secs] 
2014-07-08T05:04:05.312+0000: 3003.528: [GC [PSYoungGen: 570336K->480K(551040K)] 862215K->292407K(1238016K), 0.0081600 secs] [Times: user=0.02 sys=0.00, real=0.01 secs] 
2014-07-08T05:04:06.646+0000: 3004.862: [GC [PSYoungGen: 551008K->1124K(532992K)] 842935K->293147K(1219968K), 0.0071210 secs] [Times: user=0.03 sys=0.00, real=0.01 secs] 
2014-07-08T05:04:07.721+0000: 3005.937: [GC [PSYoungGen: 532964K->384K(514368K)] 824987K->292495K(1201344K), 0.0049830 secs] [Times: user=0.01 sys=0.00, real=0.00 secs] 
2014-07-08T05:04:08.826+0000: 3007.041: [GC [PSYoungGen: 514368K->192K(497088K)] 806479K->292471K(1184064K), 0.0043670 secs] [Times: user=0.01 sys=0.00, real=0.00 secs] 
2014-07-08T05:04:09.922+0000: 3008.137: [GC [PSYoungGen: 497088K->352K(480960K)] 789367K->292711K(1167936K), 0.0244710 secs] [Times: user=0.07 sys=0.00, real=0.02 secs] 
2014-07-08T05:04:11.030+0000: 3009.245: [GC [PSYoungGen: 480916K->516K(577280K)] 773275K->292955K(1264256K), 0.0140730 secs] [Times: user=0.03 sys=0.00, real=0.02 secs] 
2014-07-08T05:04:12.251+0000: 3010.467: [GC [PSYoungGen: 577220K->370K(692480K)] 869659K->292921K(1379456K), 0.0236060 secs] [Times: user=0.09 sys=0.00, real=0.02 secs] 
2014-07-08T05:04:13.791+0000: 3012.007: [GC [PSYoungGen: 692466K->384K(830912K)] 985017K->293055K(1517888K), 0.0112650 secs] [Times: user=0.03 sys=0.00, real=0.01 secs] 
2014-07-08T05:04:15.621+0000: 3013.836: [GC [PSYoungGen: 830912K->676K(997376K)] 1123583K->293435K(1684352K), 0.0154870 secs] [Times: user=0.04 sys=0.00, real=0.02 secs] 
2014-07-08T05:04:17.796+0000: 3016.012: [GC [PSYoungGen: 997318K->448K(957568K)] 1290077K->293279K(1644544K), 0.0138950 secs] [Times: user=0.05 sys=0.00, real=0.01 secs] 
2014-07-08T05:04:19.888+0000: 3018.104: [GC [PSYoungGen: 957568K->338K(919808K)] 1250399K->293393K(1606784K), 0.0048260 secs] [Times: user=0.01 sys=0.00, real=0.01 secs] 
2014-07-08T05:04:22.029+0000: 3020.244: [GC [PSYoungGen: 919762K->672K(884224K)] 1212817K->293831K(1571200K), 0.0080650 secs] [Times: user=0.02 sys=0.00, real=0.01 secs] 
2014-07-08T05:04:23.868+0000: 3022.083: [GC [PSYoungGen: 884192K->352K(849728K)] 1177351K->293663K(1536704K), 0.0051540 secs] [Times: user=0.02 sys=0.00, real=0.01 secs] 
2014-07-08T05:04:25.749+0000: 3023.965: [GC [PSYoungGen: 849696K->516K(817344K)] 1143007K->293955K(1504320K), 0.0122110 secs] [Times: user=0.04 sys=0.00, real=0.01 secs] 
2014-07-08T05:04:27.551+0000: 3025.767: [GC [PSYoungGen: 817284K->544K(786304K)] 1110723K->294063K(1473280K), 0.0063520 secs] [Times: user=0.02 sys=0.00, real=0.01 secs] 
2014-07-08T05:04:29.236+0000: 3027.452: [GC [PSYoungGen: 786272K->256K(756416K)] 1079791K->293975K(1443392K), 0.0228540 secs] [Times: user=0.07 sys=0.00, real=0.02 secs] 
2014-07-08T05:04:30.908+0000: 3029.123: [GC [PSYoungGen: 756416K->370K(728384K)] 1050135K->294193K(1415360K), 0.0179510 secs] [Times: user=0.06 sys=0.00, real=0.02 secs] 
2014-07-08T05:04:32.600+0000: 3030.815: [GC [PSYoungGen: 728285K->882K(702016K)] 1022108K->295065K(1388992K), 0.0241930 secs] [Times: user=0.08 sys=0.00, real=0.02 secs] 
2014-07-08T05:04:34.055+0000: 3032.270: [GC [PSYoungGen: 702002K->466K(841856K)] 996185K->294769K(1528832K), 0.0235010 secs] [Times: user=0.08 sys=0.00, real=0.02 secs] 
2014-07-08T05:04:35.905+0000: 3034.121: [GC [PSYoungGen: 841810K->306K(1009984K)] 1136113K->294737K(1696960K), 0.0295560 secs] [Times: user=0.11 sys=0.00, real=0.03 secs] 
2014-07-08T05:04:38.128+0000: 3036.344: [GC [PSYoungGen: 1009970K->722K(1212416K)] 1304401K->295249K(1899392K), 0.0224860 secs] [Times: user=0.08 sys=0.00, real=0.02 secs] 
2014-07-08T05:04:40.796+0000: 3039.012: [GC [PSYoungGen: 1212370K->712K(1454784K)] 1506897K->295471K(2141760K), 0.0231340 secs] [Times: user=0.08 sys=0.00, real=0.02 secs] 
2014-07-08T05:04:44.039+0000: 3042.254: [GC [PSYoungGen: 1454728K->466K(1392832K)] 1749487K->295377K(2079808K), 0.0207580 secs] [Times: user=0.08 sys=0.00, real=0.02 secs] 
2014-07-08T05:04:47.049+0000: 3045.265: [GC [PSYoungGen: 1392786K->640K(1334272K)] 1687697K->295743K(2021248K), 0.0211470 secs] [Times: user=0.08 sys=0.00, real=0.02 secs] 
2014-07-08T05:04:49.998+0000: 3048.214: [GC [PSYoungGen: 1334272K->672K(1278464K)] 1629375K->295983K(1965440K), 0.0198940 secs] [Times: user=0.07 sys=0.00, real=0.02 secs] 
2014-07-08T05:04:52.778+0000: 3050.994: [GC [PSYoungGen: 1278432K->356K(1225024K)] 1573743K->295915K(1912000K), 0.0145880 secs] [Times: user=0.06 sys=0.00, real=0.01 secs] 
2014-07-08T05:04:55.500+0000: 3053.716: [GC [PSYoungGen: 1224996K->850K(1174976K)] 1520555K->296545K(1861952K), 0.0072680 secs] [Times: user=0.01 sys=0.00, real=0.01 secs] 
2014-07-08T05:04:58.059+0000: 3056.274: [GC [PSYoungGen: 1174930K->352K(1126336K)] 1470625K->296135K(1813312K), 0.0138550 secs] [Times: user=0.05 sys=0.00, real=0.01 secs] 
2014-07-08T05:05:00.562+0000: 3058.778: [GC [PSYoungGen: 1126304K->448K(1080640K)] 1422087K->296447K(1767616K), 0.0199970 secs] [Times: user=0.06 sys=0.00, real=0.02 secs] 
2014-07-08T05:05:02.933+0000: 3061.149: [GC [PSYoungGen: 1080640K->850K(1037504K)] 1376639K->297017K(1724480K), 0.0073110 secs] [Times: user=0.02 sys=0.00, real=0.01 secs] 
2014-07-08T05:05:05.214+0000: 3063.429: [GC [PSYoungGen: 1037453K->484K(995648K)] 1333620K->296819K(1682624K), 0.0228590 secs] [Times: user=0.08 sys=0.00, real=0.02 secs] 
2014-07-08T05:05:07.484+0000: 3065.700: [GC [PSYoungGen: 995620K->964K(956672K)] 1291955K->297363K(1643648K), 0.0293640 secs] [Times: user=0.11 sys=0.00, real=0.03 secs] 
2014-07-08T05:05:09.512+0000: 3067.727: [GC [PSYoungGen: 956612K->544K(918592K)] 1253011K->297127K(1605568K), 0.0114060 secs] [Times: user=0.04 sys=0.01, real=0.01 secs] 
2014-07-08T05:05:11.552+0000: 3069.768: [GC [PSYoungGen: 918560K->736K(883008K)] 1215143K->297463K(1569984K), 0.0080590 secs] [Times: user=0.03 sys=0.01, real=0.01 secs] 
2014-07-08T05:05:13.510+0000: 3071.726: [GC [PSYoungGen: 882976K->914K(849088K)] 1179703K->297745K(1536064K), 0.0260070 secs] [Times: user=0.10 sys=0.00, real=0.02 secs] 
2014-07-08T05:05:15.334+0000: 3073.550: [GC [PSYoungGen: 849042K->932K(816576K)] 1145873K->297915K(1503552K), 0.0059880 secs] [Times: user=0.02 sys=0.00, real=0.01 secs] 
2014-07-08T05:05:17.122+0000: 3075.338: [GC [PSYoungGen: 816548K->256K(784896K)] 1113531K->297295K(1471872K), 0.0111270 secs] [Times: user=0.03 sys=0.00, real=0.01 secs] 
2014-07-08T05:05:18.881+0000: 3077.096: [GC [PSYoungGen: 784892K->644K(755840K)] 1081932K->297795K(1442816K), 0.0058970 secs] [Times: user=0.02 sys=0.01, real=0.01 secs] 
2014-07-08T05:05:20.567+0000: 3078.783: [GC [PSYoungGen: 755780K->1060K(728128K)] 1052931K->298483K(1415104K), 0.0296520 secs] [Times: user=0.11 sys=0.00, real=0.03 secs] 
2014-07-08T05:05:22.113+0000: 3080.328: [GC [PSYoungGen: 728100K->128K(700352K)] 1025523K->297671K(1387328K), 0.0094590 secs] [Times: user=0.02 sys=0.00, real=0.01 secs] 
2014-07-08T05:05:23.725+0000: 3081.941: [GC [PSYoungGen: 700253K->808K(675520K)] 997796K->298431K(1362496K), 0.0076950 secs] [Times: user=0.01 sys=0.00, real=0.01 secs] 
2014-07-08T05:05:25.137+0000: 3083.353: [GC [PSYoungGen: 675493K->128K(650432K)] 973116K->297879K(1337408K), 0.0076470 secs] [Times: user=0.02 sys=0.00, real=0.01 secs] 
2014-07-08T05:05:26.590+0000: 3084.806: [GC [PSYoungGen: 650431K->882K(627968K)] 948182K->298697K(1314944K), 0.0255020 secs] [Times: user=0.08 sys=0.00, real=0.03 secs] 
2014-07-08T05:05:27.948+0000: 3086.164: [GC [PSYoungGen: 627954K->320K(752832K)] 925769K->298183K(1439808K), 0.0194620 secs] [Times: user=0.07 sys=0.00, real=0.02 secs] 
2014-07-08T05:05:29.658+0000: 3087.873: [GC [PSYoungGen: 752832K->946K(725504K)] 1050695K->298993K(1412480K), 0.0082300 secs] [Times: user=0.02 sys=0.00, real=0.01 secs] 
2014-07-08T05:05:31.204+0000: 3089.420: [GC [PSYoungGen: 725490K->676K(870208K)] 1023537K->298867K(1557184K), 0.0460650 secs] [Times: user=0.18 sys=0.00, real=0.04 secs] 
2014-07-08T05:05:33.114+0000: 3091.329: [GC [PSYoungGen: 870180K->434K(1043904K)] 1168371K->298705K(1730880K), 0.0272260 secs] [Times: user=0.10 sys=0.00, real=0.02 secs] 
2014-07-08T05:05:35.422+0000: 3093.637: [GC [PSYoungGen: 1043791K->790K(1252992K)] 1342062K->299237K(1939968K), 0.0196560 secs] [Times: user=0.07 sys=0.00, real=0.02 secs] 
2014-07-08T05:05:38.147+0000: 3096.363: [GC [PSYoungGen: 1252950K->544K(1503168K)] 1551397K->299095K(2190144K), 0.0149130 secs] [Times: user=0.05 sys=0.00, real=0.01 secs] 
2014-07-08T05:05:41.478+0000: 3099.693: [GC [PSYoungGen: 1503136K->936K(1439424K)] 1801687K->299711K(2126400K), 0.0064810 secs] [Times: user=0.02 sys=0.01, real=0.01 secs] 
2014-07-08T05:05:44.640+0000: 3102.856: [GC [PSYoungGen: 1439400K->452K(1377984K)] 1738175K->299443K(2064960K), 0.0066850 secs] [Times: user=0.02 sys=0.00, real=0.01 secs] 
2014-07-08T05:05:47.753+0000: 3105.969: [GC [PSYoungGen: 1377924K->1266K(1320768K)] 1676915K->300393K(2007744K), 0.0286350 secs] [Times: user=0.11 sys=0.00, real=0.03 secs] 
2014-07-08T05:05:50.607+0000: 3108.823: [GC [PSYoungGen: 1320754K->832K(1265152K)] 1619881K->300191K(1952128K), 0.0341250 secs] [Times: user=0.13 sys=0.00, real=0.03 secs] 
2014-07-08T05:05:53.346+0000: 3111.562: [GC [PSYoungGen: 1265152K->786K(1212672K)] 1564511K->300329K(1899648K), 0.0206190 secs] [Times: user=0.06 sys=0.00, real=0.02 secs] 
2014-07-08T05:05:56.007+0000: 3114.222: [GC [PSYoungGen: 1212615K->242K(1162176K)] 1512159K->299969K(1849152K), 0.0049280 secs] [Times: user=0.02 sys=0.00, real=0.00 secs] 
2014-07-08T05:05:58.577+0000: 3116.793: [GC [PSYoungGen: 1162162K->1028K(1115520K)] 1461889K->300867K(1802496K), 0.0050700 secs] [Times: user=0.02 sys=0.00, real=0.00 secs] 
2014-07-08T05:06:01.020+0000: 3119.236: [GC [PSYoungGen: 1115381K->424K(1069632K)] 1415221K->300503K(1756608K), 0.0169230 secs] [Times: user=0.06 sys=0.00, real=0.01 secs] 
2014-07-08T05:06:03.376+0000: 3121.591: [GC [PSYoungGen: 1069590K->576K(1026688K)] 1369669K->300783K(1713664K), 0.0054350 secs] [Times: user=0.02 sys=0.00, real=0.01 secs] 
2014-07-08T05:06:05.666+0000: 3123.881: [GC [PSYoungGen: 1026688K->928K(986112K)] 1326895K->301311K(1673088K), 0.0261530 secs] [Times: user=0.10 sys=0.00, real=0.03 secs] 
2014-07-08T05:06:07.796+0000: 3126.012: [GC [PSYoungGen: 986080K->672K(946816K)] 1286463K->301143K(1633792K), 0.0153310 secs] [Times: user=0.06 sys=0.00, real=0.02 secs] 
2014-07-08T05:06:09.868+0000: 3128.084: [GC [PSYoungGen: 946779K->416K(909440K)] 1247250K->301063K(1596416K), 0.0110340 secs] [Times: user=0.03 sys=0.00, real=0.01 secs] 
2014-07-08T05:06:11.874+0000: 3130.089: [GC [PSYoungGen: 909357K->256K(873856K)] 1210004K->301079K(1560832K), 0.0090250 secs] [Times: user=0.03 sys=0.00, real=0.01 secs] 
2014-07-08T05:06:13.823+0000: 3132.039: [GC [PSYoungGen: 873856K->320K(840192K)] 1174679K->301255K(1527168K), 0.0164690 secs] [Times: user=0.06 sys=0.00, real=0.02 secs] 
2014-07-08T05:06:15.693+0000: 3133.908: [GC [PSYoungGen: 840139K->516K(808320K)] 1141075K->301587K(1495296K), 0.0074870 secs] [Times: user=0.01 sys=0.00, real=0.01 secs] 
2014-07-08T05:06:17.432+0000: 3135.648: [GC [PSYoungGen: 808260K->662K(777856K)] 1109331K->301813K(1464832K), 0.0211350 secs] [Times: user=0.08 sys=0.00, real=0.02 secs] 
2014-07-08T05:06:19.126+0000: 3137.341: [GC [PSYoungGen: 777811K->320K(748352K)] 1078962K->301591K(1435328K), 0.0186090 secs] [Times: user=0.07 sys=0.00, real=0.02 secs] 
2014-07-08T05:06:20.769+0000: 3138.984: [GC [PSYoungGen: 748352K->324K(898048K)] 1049623K->301803K(1585024K), 0.0297030 secs] [Times: user=0.09 sys=0.01, real=0.03 secs] 
2014-07-08T05:06:22.740+0000: 3140.955: [GC [PSYoungGen: 897988K->320K(1077568K)] 1199467K->301919K(1764544K), 0.0179960 secs] [Times: user=0.07 sys=0.00, real=0.02 secs] 
2014-07-08T05:06:25.123+0000: 3143.339: [GC [PSYoungGen: 1077568K->402K(1293184K)] 1379167K->302089K(1980160K), 0.0289560 secs] [Times: user=0.11 sys=0.00, real=0.03 secs] 
2014-07-08T05:06:27.960+0000: 3146.175: [GC [PSYoungGen: 1293138K->256K(1239104K)] 1594825K->302071K(1926080K), 0.0191680 secs] [Times: user=0.07 sys=0.00, real=0.02 secs] 
2014-07-08T05:06:30.740+0000: 3148.956: [GC [PSYoungGen: 1239104K->640K(1188224K)] 1540919K->302607K(1875200K), 0.0049970 secs] [Times: user=0.01 sys=0.00, real=0.01 secs] 
2014-07-08T05:06:33.383+0000: 3151.599: [GC [PSYoungGen: 1188224K->1056K(1139904K)] 1490191K->303199K(1826880K), 0.0072770 secs] [Times: user=0.02 sys=0.00, real=0.00 secs] 
2014-07-08T05:06:35.868+0000: 3154.084: [GC [PSYoungGen: 1139872K->626K(1093056K)] 1442015K->302897K(1780032K), 0.0163410 secs] [Times: user=0.06 sys=0.00, real=0.02 secs] 
2014-07-08T05:06:38.203+0000: 3156.419: [GC [PSYoungGen: 1093033K->644K(1048960K)] 1395305K->303059K(1735936K), 0.0230250 secs] [Times: user=0.07 sys=0.00, real=0.02 secs] 
2014-07-08T05:06:40.545+0000: 3158.761: [GC [PSYoungGen: 1048898K->786K(1007040K)] 1351314K->303401K(1694016K), 0.0096390 secs] [Times: user=0.01 sys=0.00, real=0.01 secs] 
2014-07-08T05:06:42.757+0000: 3160.973: [GC [PSYoungGen: 1006994K->562K(966784K)] 1309609K->303393K(1653760K), 0.0085090 secs] [Times: user=0.01 sys=0.00, real=0.01 secs] 
2014-07-08T05:06:44.860+0000: 3163.076: [GC [PSYoungGen: 966682K->356K(928512K)] 1269513K->303347K(1615488K), 0.0143030 secs] [Times: user=0.04 sys=0.00, real=0.02 secs] 
2014-07-08T05:06:46.904+0000: 3165.120: [GC [PSYoungGen: 928484K->384K(892224K)] 1231475K->303487K(1579200K), 0.0104440 secs] [Times: user=0.03 sys=0.00, real=0.01 secs] 
2014-07-08T05:06:48.905+0000: 3167.121: [GC [PSYoungGen: 892224K->498K(857792K)] 1195327K->303705K(1544768K), 0.0165670 secs] [Times: user=0.06 sys=0.00, real=0.01 secs] 
2014-07-08T05:06:50.789+0000: 3169.005: [GC [PSYoungGen: 857778K->434K(824832K)] 1160985K->303865K(1511808K), 0.0167710 secs] [Times: user=0.06 sys=0.00, real=0.02 secs] 
2014-07-08T05:06:52.623+0000: 3170.839: [GC [PSYoungGen: 824720K->900K(793984K)] 1128151K->304467K(1480960K), 0.0072900 secs] [Times: user=0.02 sys=0.01, real=0.01 secs] 
2014-07-08T05:06:54.326+0000: 3172.542: [GC [PSYoungGen: 793924K->484K(763648K)] 1097491K->304139K(1450624K), 0.0114320 secs] [Times: user=0.05 sys=0.00, real=0.01 secs] 
2014-07-08T05:06:56.002+0000: 3174.218: [GC [PSYoungGen: 763620K->292K(734976K)] 1067275K->304059K(1421952K), 0.0222280 secs] [Times: user=0.08 sys=0.00, real=0.02 secs] 
2014-07-08T05:06:57.661+0000: 3175.877: [GC [PSYoungGen: 734948K->722K(708288K)] 1038715K->304561K(1395264K), 0.0121120 secs] [Times: user=0.03 sys=0.00, real=0.01 secs] 
2014-07-08T05:06:59.260+0000: 3177.476: [GC [PSYoungGen: 708241K->384K(849408K)] 1012080K->304391K(1536384K), 0.0387400 secs] [Times: user=0.13 sys=0.00, real=0.04 secs] 
2014-07-08T05:07:01.054+0000: 3179.270: [GC [PSYoungGen: 849408K->370K(1019264K)] 1153415K->304561K(1706240K), 0.0504760 secs] [Times: user=0.17 sys=0.00, real=0.05 secs] 
2014-07-08T05:07:03.296+0000: 3181.512: [GC [PSYoungGen: 1019250K->498K(1223168K)] 1323441K->304809K(1910144K), 0.0201310 secs] [Times: user=0.07 sys=0.00, real=0.02 secs] 
2014-07-08T05:07:05.981+0000: 3184.196: [GC [PSYoungGen: 1223154K->352K(1467584K)] 1527465K->304751K(2154560K), 0.0154550 secs] [Times: user=0.06 sys=0.00, real=0.01 secs] 
2014-07-08T05:07:09.202+0000: 3187.418: [GC [PSYoungGen: 1467551K->512K(1761152K)] 1771951K->305055K(2448128K), 0.0240720 secs] [Times: user=0.09 sys=0.00, real=0.02 secs] 
2014-07-08T05:07:13.084+0000: 3191.299: [GC [PSYoungGen: 1761081K->416K(1684352K)] 2065624K->305199K(2371328K), 0.0186360 secs] [Times: user=0.06 sys=0.00, real=0.02 secs] 
2014-07-08T05:07:16.798+0000: 3195.014: [GC [PSYoungGen: 1684320K->498K(1611456K)] 1989103K->305481K(2298432K), 0.0166500 secs] [Times: user=0.07 sys=0.00, real=0.02 secs] 
2014-07-08T05:07:20.341+0000: 3198.557: [GC [PSYoungGen: 1611442K->516K(1542144K)] 1916425K->305683K(2229120K), 0.0048800 secs] [Times: user=0.01 sys=0.00, real=0.00 secs] 
2014-07-08T05:07:23.734+0000: 3201.949: [GC [PSYoungGen: 1542084K->352K(1475968K)] 1847251K->305759K(2162944K), 0.0119230 secs] [Times: user=0.04 sys=0.00, real=0.01 secs] 
2014-07-08T05:07:26.996+0000: 3205.211: [GC [PSYoungGen: 1475936K->562K(1413376K)] 1781343K->306121K(2100352K), 0.0304450 secs] [Times: user=0.12 sys=0.00, real=0.03 secs] 
2014-07-08T05:07:30.074+0000: 3208.290: [GC [PSYoungGen: 1413362K->416K(1353536K)] 1718921K->306135K(2040512K), 0.0235970 secs] [Times: user=0.09 sys=0.00, real=0.02 secs] 
2014-07-08T05:07:33.050+0000: 3211.266: [GC [PSYoungGen: 1353504K->320K(1296640K)] 1659223K->306279K(1983616K), 0.0125950 secs] [Times: user=0.04 sys=0.00, real=0.02 secs] 
2014-07-08T05:07:35.905+0000: 3214.120: [GC [PSYoungGen: 1296640K->320K(1242624K)] 1602599K->306431K(1929600K), 0.0111990 secs] [Times: user=0.03 sys=0.00, real=0.01 secs] 
2014-07-08T05:07:38.703+0000: 3216.918: [GC [PSYoungGen: 1242624K->804K(1191744K)] 1548735K->307363K(1878720K), 0.0258270 secs] [Times: user=0.09 sys=0.01, real=0.02 secs] 
2014-07-08T05:07:41.254+0000: 3219.470: [GC [PSYoungGen: 1191716K->576K(1142592K)] 1498275K->307367K(1829568K), 0.0097820 secs] [Times: user=0.02 sys=0.00, real=0.01 secs] 
2014-07-08T05:07:43.833+0000: 3222.049: [GC [PSYoungGen: 1142592K->594K(1096128K)] 1449383K->307657K(1783104K), 0.0389930 secs] [Times: user=0.15 sys=0.00, real=0.04 secs] 
2014-07-08T05:07:46.196+0000: 3224.412: [GC [PSYoungGen: 1096082K->370K(1051584K)] 1403145K->307561K(1738560K), 0.0138080 secs] [Times: user=0.05 sys=0.00, real=0.01 secs] 
2014-07-08T05:07:48.544+0000: 3226.760: [GC [PSYoungGen: 1051570K->704K(1009728K)] 1358761K->308023K(1696704K), 0.0171530 secs] [Times: user=0.07 sys=0.00, real=0.01 secs] 
2014-07-08T05:07:50.796+0000: 3229.012: [GC [PSYoungGen: 1009728K->854K(969792K)] 1317047K->308365K(1656768K), 0.0208910 secs] [Times: user=0.08 sys=0.01, real=0.02 secs] 
2014-07-08T05:07:52.890+0000: 3231.105: [GC [PSYoungGen: 969750K->356K(931072K)] 1277261K->308059K(1618048K), 0.0065660 secs] [Times: user=0.02 sys=0.00, real=0.01 secs] 
2014-07-08T05:07:55.038+0000: 3233.253: [GC [PSYoungGen: 931022K->662K(894976K)] 1238726K->308477K(1581952K), 0.0256270 secs] [Times: user=0.10 sys=0.00, real=0.02 secs] 
2014-07-08T05:07:56.887+0000: 3235.102: [GC [PSYoungGen: 894934K->370K(1073536K)] 1202749K->308313K(1760512K), 0.0379020 secs] [Times: user=0.15 sys=0.00, real=0.03 secs] 
2014-07-08T05:07:59.253+0000: 3237.469: [GC [PSYoungGen: 1073522K->352K(1030272K)] 1381465K->308391K(1717248K), 0.0106890 secs] [Times: user=0.04 sys=0.00, real=0.01 secs] 
2014-07-08T05:08:01.558+0000: 3239.774: [GC [PSYoungGen: 1030240K->946K(989696K)] 1338279K->309161K(1676672K), 0.0092930 secs] [Times: user=0.02 sys=0.01, real=0.01 secs] 
2014-07-08T05:08:03.724+0000: 3241.939: [GC [PSYoungGen: 989682K->416K(950016K)] 1297897K->308895K(1636992K), 0.0207230 secs] [Times: user=0.05 sys=0.00, real=0.02 secs] 
2014-07-08T05:08:05.804+0000: 3244.019: [GC [PSYoungGen: 949984K->288K(912576K)] 1258463K->308887K(1599552K), 0.0066480 secs] [Times: user=0.01 sys=0.00, real=0.01 secs] 
2014-07-08T05:08:07.804+0000: 3246.020: [GC [PSYoungGen: 912544K->288K(877056K)] 1221143K->308983K(1564032K), 0.0068830 secs] [Times: user=0.01 sys=0.00, real=0.01 secs] 
2014-07-08T05:08:09.803+0000: 3248.019: [GC [PSYoungGen: 877024K->548K(843456K)] 1185719K->309411K(1530432K), 0.0058160 secs] [Times: user=0.02 sys=0.00, real=0.01 secs] 
2014-07-08T05:08:11.648+0000: 3249.863: [GC [PSYoungGen: 843428K->946K(811584K)] 1152291K->309993K(1498560K), 0.0078850 secs] [Times: user=0.02 sys=0.00, real=0.00 secs] 
2014-07-08T05:08:13.390+0000: 3251.605: [GC [PSYoungGen: 811570K->900K(780864K)] 1120617K->310123K(1467840K), 0.0112840 secs] [Times: user=0.03 sys=0.01, real=0.01 secs] 
2014-07-08T05:08:15.103+0000: 3253.318: [GC [PSYoungGen: 780804K->356K(751040K)] 1090027K->309643K(1438016K), 0.0131480 secs] [Times: user=0.05 sys=0.00, real=0.01 secs] 
2014-07-08T05:08:16.829+0000: 3255.045: [GC [PSYoungGen: 751012K->658K(723456K)] 1060299K->310033K(1410432K), 0.0258460 secs] [Times: user=0.10 sys=0.00, real=0.02 secs] 
2014-07-08T05:08:18.362+0000: 3256.578: [GC [PSYoungGen: 723410K->466K(696640K)] 1032785K->309937K(1383616K), 0.0101150 secs] [Times: user=0.01 sys=0.01, real=0.01 secs] 
2014-07-08T05:08:19.922+0000: 3258.138: [GC [PSYoungGen: 696594K->352K(671168K)] 1006065K->309983K(1358144K), 0.0178590 secs] [Times: user=0.07 sys=0.00, real=0.02 secs] 
2014-07-08T05:08:21.375+0000: 3259.590: [GC [PSYoungGen: 671132K->580K(805632K)] 980764K->310355K(1492608K), 0.0224490 secs] [Times: user=0.09 sys=0.00, real=0.02 secs] 
2014-07-08T05:08:23.148+0000: 3261.364: [GC [PSYoungGen: 805555K->438K(774976K)] 1115331K->310277K(1461952K), 0.0044570 secs] [Times: user=0.02 sys=0.00, real=0.01 secs] 
2014-07-08T05:08:24.913+0000: 3263.129: [GC [PSYoungGen: 774966K->306K(745792K)] 1084805K->310257K(1432768K), 0.0137880 secs] [Times: user=0.05 sys=0.00, real=0.01 secs] 
2014-07-08T05:08:26.494+0000: 3264.710: [GC [PSYoungGen: 745778K->306K(718144K)] 1055729K->310337K(1405120K), 0.0127710 secs] [Times: user=0.04 sys=0.00, real=0.01 secs] 
2014-07-08T05:08:28.088+0000: 3266.304: [GC [PSYoungGen: 718130K->900K(692416K)] 1028161K->311035K(1379392K), 0.0213290 secs] [Times: user=0.07 sys=0.00, real=0.02 secs] 
2014-07-08T05:08:29.601+0000: 3267.816: [GC [PSYoungGen: 692275K->470K(666816K)] 1002411K->310789K(1353792K), 0.0163280 secs] [Times: user=0.06 sys=0.01, real=0.01 secs] 
2014-07-08T05:08:31.067+0000: 3269.282: [GC [PSYoungGen: 666774K->288K(799936K)] 977093K->310711K(1486912K), 0.0180740 secs] [Times: user=0.06 sys=0.00, real=0.02 secs] 
2014-07-08T05:08:32.834+0000: 3271.049: [GC [PSYoungGen: 799904K->434K(769856K)] 1110327K->310961K(1456832K), 0.0127330 secs] [Times: user=0.03 sys=0.00, real=0.01 secs] 
2014-07-08T05:08:34.576+0000: 3272.792: [GC [PSYoungGen: 769842K->786K(924160K)] 1080369K->311377K(1611136K), 0.0250680 secs] [Times: user=0.10 sys=0.00, real=0.03 secs] 
2014-07-08T05:08:36.575+0000: 3274.790: [GC [PSYoungGen: 924114K->768K(888064K)] 1234705K->311479K(1575040K), 0.0072690 secs] [Times: user=0.01 sys=0.00, real=0.01 secs] 
2014-07-08T05:08:38.522+0000: 3276.738: [GC [PSYoungGen: 888064K->626K(1065408K)] 1198775K->311449K(1752384K), 0.0295680 secs] [Times: user=0.11 sys=0.00, real=0.03 secs] 
2014-07-08T05:08:40.869+0000: 3279.085: [GC [PSYoungGen: 1065394K->338K(1022336K)] 1376217K->311337K(1709312K), 0.0050730 secs] [Times: user=0.02 sys=0.00, real=0.01 secs] 
2014-07-08T05:08:43.097+0000: 3281.313: [GC [PSYoungGen: 1022290K->242K(981440K)] 1333289K->311441K(1668416K), 0.0206120 secs] [Times: user=0.07 sys=0.00, real=0.02 secs] 
2014-07-08T05:08:45.310+0000: 3283.526: [GC [PSYoungGen: 981393K->612K(942976K)] 1292593K->311923K(1629952K), 0.0171010 secs] [Times: user=0.05 sys=0.00, real=0.02 secs] 
2014-07-08T05:08:47.343+0000: 3285.559: [GC [PSYoungGen: 942948K->288K(905664K)] 1254259K->311671K(1592640K), 0.0064440 secs] [Times: user=0.01 sys=0.00, real=0.00 secs] 
2014-07-08T05:08:49.335+0000: 3287.551: [GC [PSYoungGen: 905628K->370K(870528K)] 1217011K->311881K(1557504K), 0.0290540 secs] [Times: user=0.10 sys=0.00, real=0.03 secs] 
2014-07-08T05:08:51.261+0000: 3289.477: [GC [PSYoungGen: 870514K->402K(837056K)] 1182025K->312041K(1524032K), 0.0208190 secs] [Times: user=0.08 sys=0.00, real=0.02 secs] 
2014-07-08T05:08:53.110+0000: 3291.326: [GC [PSYoungGen: 837010K->256K(804928K)] 1148649K->312079K(1491904K), 0.0065110 secs] [Times: user=0.01 sys=0.00, real=0.01 secs] 
2014-07-08T05:08:54.887+0000: 3293.103: [GC [PSYoungGen: 804928K->470K(774720K)] 1116751K->312381K(1461696K), 0.0170100 secs] [Times: user=0.06 sys=0.00, real=0.02 secs] 
2014-07-08T05:08:56.649+0000: 3294.865: [GC [PSYoungGen: 774678K->932K(930048K)] 1086589K->312963K(1617024K), 0.0361040 secs] [Times: user=0.13 sys=0.00, real=0.04 secs] 
2014-07-08T05:08:58.667+0000: 3296.883: [GC [PSYoungGen: 929948K->498K(1115456K)] 1241979K->312945K(1802432K), 0.0348420 secs] [Times: user=0.12 sys=0.00, real=0.03 secs] 
2014-07-08T05:09:01.097+0000: 3299.313: [GC [PSYoungGen: 1115398K->370K(1338368K)] 1427845K->313041K(2025344K), 0.0151720 secs] [Times: user=0.06 sys=0.00, real=0.01 secs] 
2014-07-08T05:09:04.039+0000: 3302.254: [GC [PSYoungGen: 1338302K->320K(1282240K)] 1650974K->313223K(1969216K), 0.0140510 secs] [Times: user=0.04 sys=0.00, real=0.01 secs] 
2014-07-08T05:09:06.868+0000: 3305.083: [GC [PSYoungGen: 1282240K->416K(1229056K)] 1595143K->313415K(1916032K), 0.0165390 secs] [Times: user=0.07 sys=0.00, real=0.01 secs] 
2014-07-08T05:09:09.602+0000: 3307.818: [GC [PSYoungGen: 1229024K->964K(1178880K)] 1542023K->314131K(1865856K), 0.0175660 secs] [Times: user=0.06 sys=0.01, real=0.02 secs] 
2014-07-08T05:09:12.147+0000: 3310.362: [GC [PSYoungGen: 1178820K->416K(1130048K)] 1491987K->313815K(1817024K), 0.0105490 secs] [Times: user=0.01 sys=0.00, real=0.01 secs] 
2014-07-08T05:09:14.722+0000: 3312.937: [GC [PSYoungGen: 1129996K->1018K(1084672K)] 1443396K->314657K(1771648K), 0.0306880 secs] [Times: user=0.11 sys=0.00, real=0.03 secs] 
2014-07-08T05:09:17.035+0000: 3315.251: [GC [PSYoungGen: 1084666K->384K(1040320K)] 1398305K->314127K(1727296K), 0.0235440 secs] [Times: user=0.09 sys=0.00, real=0.03 secs] 
2014-07-08T05:09:19.331+0000: 3317.547: [GC [PSYoungGen: 1040317K->448K(998720K)] 1354061K->314343K(1685696K), 0.0134460 secs] [Times: user=0.05 sys=0.00, real=0.01 secs] 
2014-07-08T05:09:21.542+0000: 3319.758: [GC [PSYoungGen: 998720K->608K(959296K)] 1312615K->314695K(1646272K), 0.0179010 secs] [Times: user=0.06 sys=0.00, real=0.02 secs] 
2014-07-08T05:09:23.676+0000: 3321.892: [GC [PSYoungGen: 959187K->772K(921728K)] 1273274K->315019K(1608704K), 0.0060920 secs] [Times: user=0.02 sys=0.00, real=0.01 secs] 
2014-07-08T05:09:25.806+0000: 3324.022: [GC [PSYoungGen: 921668K->832K(885760K)] 1235915K->315183K(1572736K), 0.0056110 secs] [Times: user=0.02 sys=0.00, real=0.01 secs] 
2014-07-08T05:09:27.683+0000: 3325.898: [GC [PSYoungGen: 885757K->960K(851648K)] 1200109K->315423K(1538624K), 0.0090400 secs] [Times: user=0.02 sys=0.00, real=0.01 secs] 
2014-07-08T05:09:29.531+0000: 3327.746: [GC [PSYoungGen: 851648K->644K(818752K)] 1166111K->315267K(1505728K), 0.0160250 secs] [Times: user=0.05 sys=0.00, real=0.01 secs] 
2014-07-08T05:09:31.314+0000: 3329.530: [GC [PSYoungGen: 818692K->416K(787456K)] 1133315K->315191K(1474432K), 0.0352520 secs] [Times: user=0.12 sys=0.00, real=0.04 secs] 
2014-07-08T05:09:33.052+0000: 3331.267: [GC [PSYoungGen: 787424K->192K(944640K)] 1102199K->315103K(1631616K), 0.0253460 secs] [Times: user=0.09 sys=0.00, real=0.02 secs] 
2014-07-08T05:09:35.138+0000: 3333.354: [GC [PSYoungGen: 944548K->192K(907584K)] 1259459K->315167K(1594560K), 0.0150640 secs] [Times: user=0.05 sys=0.00, real=0.02 secs] 
2014-07-08T05:09:37.141+0000: 3335.356: [GC [PSYoungGen: 907584K->288K(872384K)] 1222559K->315335K(1559360K), 0.0110360 secs] [Times: user=0.03 sys=0.00, real=0.01 secs] 
2014-07-08T05:09:39.060+0000: 3337.276: [GC [PSYoungGen: 872352K->370K(838848K)] 1187399K->315585K(1525824K), 0.0068860 secs] [Times: user=0.02 sys=0.00, real=0.00 secs] 
2014-07-08T05:09:40.903+0000: 3339.118: [GC [PSYoungGen: 838834K->224K(806656K)] 1154049K->315599K(1493632K), 0.0192430 secs] [Times: user=0.07 sys=0.00, real=0.02 secs] 
2014-07-08T05:09:42.759+0000: 3340.975: [GC [PSYoungGen: 806624K->978K(776896K)] 1121999K->316441K(1463872K), 0.0081470 secs] [Times: user=0.03 sys=0.00, real=0.01 secs] 
2014-07-08T05:09:44.395+0000: 3342.611: [GC [PSYoungGen: 776850K->352K(747136K)] 1092313K->315927K(1434112K), 0.0083080 secs] [Times: user=0.03 sys=0.00, real=0.01 secs] 
2014-07-08T05:09:46.090+0000: 3344.306: [GC [PSYoungGen: 747104K->548K(719616K)] 1062679K->316243K(1406592K), 0.0266330 secs] [Times: user=0.08 sys=0.00, real=0.03 secs] 
2014-07-08T05:09:47.632+0000: 3345.848: [GC [PSYoungGen: 719588K->452K(693120K)] 1035283K->316235K(1380096K), 0.0184840 secs] [Times: user=0.07 sys=0.00, real=0.02 secs] 
2014-07-08T05:09:49.159+0000: 3347.375: [GC [PSYoungGen: 693060K->388K(831616K)] 1008843K->316299K(1518592K), 0.0270850 secs] [Times: user=0.10 sys=0.00, real=0.03 secs] 
2014-07-08T05:09:51.016+0000: 3349.232: [GC [PSYoungGen: 831556K->744K(998208K)] 1147467K->316791K(1685184K), 0.0105410 secs] [Times: user=0.03 sys=0.00, real=0.01 secs] 
2014-07-08T05:09:53.188+0000: 3351.403: [GC [PSYoungGen: 998142K->338K(1197312K)] 1314190K->316529K(1884288K), 0.0278090 secs] [Times: user=0.11 sys=0.00, real=0.03 secs] 
2014-07-08T05:09:55.873+0000: 3354.089: [GC [PSYoungGen: 1197266K->274K(1148032K)] 1513457K->316561K(1835008K), 0.0107640 secs] [Times: user=0.04 sys=0.00, real=0.01 secs] 
2014-07-08T05:09:58.366+0000: 3356.581: [GC [PSYoungGen: 1147986K->320K(1101184K)] 1464273K->316711K(1788160K), 0.0149950 secs] [Times: user=0.04 sys=0.00, real=0.01 secs] 
2014-07-08T05:10:00.832+0000: 3359.048: [GC [PSYoungGen: 1101184K->498K(1056832K)] 1417575K->317073K(1743808K), 0.0204820 secs] [Times: user=0.07 sys=0.00, real=0.02 secs] 
2014-07-08T05:10:03.151+0000: 3361.367: [GC [PSYoungGen: 1056809K->306K(1014208K)] 1373384K->317073K(1701184K), 0.0132960 secs] [Times: user=0.05 sys=0.00, real=0.02 secs] 
2014-07-08T05:10:05.404+0000: 3363.620: [GC [PSYoungGen: 1014194K->740K(974272K)] 1330961K->317635K(1661248K), 0.0280050 secs] [Times: user=0.10 sys=0.00, real=0.02 secs] 
2014-07-08T05:10:07.563+0000: 3365.778: [GC [PSYoungGen: 974244K->672K(1168960K)] 1291139K->317679K(1855936K), 0.0304180 secs] [Times: user=0.11 sys=0.00, real=0.03 secs] 
2014-07-08T05:10:10.129+0000: 3368.345: [GC [PSYoungGen: 1168928K->352K(1120832K)] 1485935K->317527K(1807808K), 0.0129130 secs] [Times: user=0.04 sys=0.00, real=0.01 secs] 
2014-07-08T05:10:12.627+0000: 3370.842: [GC [PSYoungGen: 1120800K->736K(1075712K)] 1437975K->318087K(1762688K), 0.0214610 secs] [Times: user=0.08 sys=0.00, real=0.02 secs] 
2014-07-08T05:10:14.977+0000: 3373.193: [GC [PSYoungGen: 1075680K->192K(1031808K)] 1393031K->317719K(1718784K), 0.0054580 secs] [Times: user=0.02 sys=0.00, real=0.00 secs] 
2014-07-08T05:10:17.268+0000: 3375.483: [GC [PSYoungGen: 1031808K->352K(990784K)] 1349335K->317975K(1677760K), 0.0130420 secs] [Times: user=0.04 sys=0.00, real=0.01 secs] 
2014-07-08T05:10:19.448+0000: 3377.664: [GC [PSYoungGen: 990752K->704K(951872K)] 1308375K->318535K(1638848K), 0.0088540 secs] [Times: user=0.01 sys=0.00, real=0.01 secs] 
2014-07-08T05:10:21.713+0000: 3379.928: [GC [PSYoungGen: 951872K->1010K(914816K)] 1269703K->319193K(1601792K), 0.0305850 secs] [Times: user=0.10 sys=0.00, real=0.03 secs] 
2014-07-08T05:10:23.589+0000: 3381.804: [GC [PSYoungGen: 914802K->832K(879040K)] 1232985K->319207K(1566016K), 0.0107820 secs] [Times: user=0.02 sys=0.00, real=0.01 secs] 
2014-07-08T05:10:25.504+0000: 3383.720: [GC [PSYoungGen: 879040K->658K(844992K)] 1197415K->319161K(1531968K), 0.0080810 secs] [Times: user=0.02 sys=0.00, real=0.01 secs] 
2014-07-08T05:10:27.345+0000: 3385.561: [GC [PSYoungGen: 844946K->288K(812288K)] 1163449K->318847K(1499264K), 0.0218410 secs] [Times: user=0.08 sys=0.00, real=0.02 secs] 
2014-07-08T05:10:29.131+0000: 3387.347: [GC [PSYoungGen: 812256K->324K(781568K)] 1130815K->319059K(1468544K), 0.0079160 secs] [Times: user=0.01 sys=0.00, real=0.01 secs] 
2014-07-08T05:10:30.863+0000: 3389.078: [GC [PSYoungGen: 781508K->288K(752192K)] 1100243K->319167K(1439168K), 0.0073620 secs] [Times: user=0.01 sys=0.01, real=0.01 secs] 
2014-07-08T05:10:32.560+0000: 3390.776: [GC [PSYoungGen: 752160K->960K(724864K)] 1071039K->319951K(1411840K), 0.0225410 secs] [Times: user=0.07 sys=0.01, real=0.02 secs] 
2014-07-08T05:10:34.122+0000: 3392.338: [GC [PSYoungGen: 724864K->338K(697600K)] 1043855K->319457K(1384576K), 0.0133540 secs] [Times: user=0.04 sys=0.00, real=0.01 secs] 
2014-07-08T05:10:35.710+0000: 3393.926: [GC [PSYoungGen: 697553K->768K(672576K)] 1016672K->319975K(1359552K), 0.0076240 secs] [Times: user=0.01 sys=0.01, real=0.00 secs] 
2014-07-08T05:10:37.148+0000: 3395.364: [GC [PSYoungGen: 672576K->420K(648000K)] 991783K->319675K(1334976K), 0.0047990 secs] [Times: user=0.02 sys=0.00, real=0.01 secs] 
2014-07-08T05:10:38.606+0000: 3396.822: [GC [PSYoungGen: 647972K->754K(625216K)] 967227K->320153K(1312192K), 0.0314480 secs] [Times: user=0.12 sys=0.00, real=0.03 secs] 
2014-07-08T05:10:39.956+0000: 3398.172: [GC [PSYoungGen: 625202K->224K(749632K)] 944601K->319775K(1436608K), 0.0139160 secs] [Times: user=0.06 sys=0.01, real=0.01 secs] 
2014-07-08T05:10:41.710+0000: 3399.926: [GC [PSYoungGen: 749600K->1234K(900544K)] 1069151K->320889K(1587520K), 0.0182790 secs] [Times: user=0.06 sys=0.00, real=0.01 secs] 
2014-07-08T05:10:43.626+0000: 3401.841: [GC [PSYoungGen: 900498K->1138K(865472K)] 1220153K->320913K(1552448K), 0.0137420 secs] [Times: user=0.03 sys=0.01, real=0.01 secs] 
2014-07-08T05:10:45.492+0000: 3403.708: [GC [PSYoungGen: 865458K->402K(831488K)] 1185233K->320281K(1518464K), 0.0091510 secs] [Times: user=0.02 sys=0.00, real=0.01 secs] 
2014-07-08T05:10:47.322+0000: 3405.537: [GC [PSYoungGen: 831442K->434K(799808K)] 1151321K->320417K(1486784K), 0.0226510 secs] [Times: user=0.08 sys=0.00, real=0.02 secs] 
2014-07-08T05:10:49.092+0000: 3407.307: [GC [PSYoungGen: 799794K->288K(769472K)] 1119777K->320423K(1456448K), 0.0051290 secs] [Times: user=0.02 sys=0.00, real=0.00 secs] 
2014-07-08T05:10:50.837+0000: 3409.053: [GC [PSYoungGen: 769440K->416K(740800K)] 1089575K->320695K(1427776K), 0.0233580 secs] [Times: user=0.08 sys=0.00, real=0.02 secs] 
2014-07-08T05:10:52.432+0000: 3410.648: [GC [PSYoungGen: 740768K->516K(889024K)] 1061047K->320963K(1576000K), 0.0525580 secs] [Times: user=0.18 sys=0.00, real=0.05 secs] 
2014-07-08T05:10:54.377+0000: 3412.592: [GC [PSYoungGen: 888964K->192K(1066368K)] 1209411K->320719K(1753344K), 0.0048260 secs] [Times: user=0.01 sys=0.00, real=0.00 secs] 
2014-07-08T05:10:56.761+0000: 3414.976: [GC [PSYoungGen: 1066368K->690K(1024000K)] 1386895K->321281K(1710976K), 0.0053750 secs] [Times: user=0.01 sys=0.00, real=0.01 secs] 
2014-07-08T05:10:58.996+0000: 3417.212: [GC [PSYoungGen: 1023986K->416K(1228416K)] 1344577K->321127K(1915392K), 0.0451030 secs] [Times: user=0.16 sys=0.00, real=0.04 secs] 
2014-07-08T05:11:01.747+0000: 3419.963: [GC [PSYoungGen: 1228384K->1078K(1474688K)] 1549095K->322061K(2161664K), 0.0125740 secs] [Times: user=0.03 sys=0.00, real=0.01 secs] 
2014-07-08T05:11:04.951+0000: 3423.167: [GC [PSYoungGen: 1474678K->352K(1411328K)] 1795661K->321487K(2098304K), 0.0062570 secs] [Times: user=0.01 sys=0.00, real=0.01 secs] 
2014-07-08T05:11:08.062+0000: 3426.278: [GC [PSYoungGen: 1411296K->288K(1351616K)] 1732431K->321551K(2038592K), 0.0054750 secs] [Times: user=0.01 sys=0.00, real=0.01 secs] 
2014-07-08T05:11:11.064+0000: 3429.280: [GC [PSYoungGen: 1351584K->484K(1295104K)] 1672847K->321995K(1982080K), 0.0339120 secs] [Times: user=0.13 sys=0.00, real=0.03 secs] 
2014-07-08T05:11:13.931+0000: 3432.146: [GC [PSYoungGen: 1295076K->288K(1240960K)] 1616587K->321927K(1927936K), 0.0047440 secs] [Times: user=0.01 sys=0.00, real=0.01 secs] 
2014-07-08T05:11:16.694+0000: 3434.910: [GC [PSYoungGen: 1240928K->786K(1190144K)] 1562567K->322585K(1877120K), 0.0274720 secs] [Times: user=0.09 sys=0.00, real=0.03 secs] 
2014-07-08T05:11:19.302+0000: 3437.518: [GC [PSYoungGen: 1190098K->434K(1140928K)] 1511897K->322305K(1827904K), 0.0054730 secs] [Times: user=0.01 sys=0.00, real=0.01 secs] 
2014-07-08T05:11:21.856+0000: 3440.072: [GC [PSYoungGen: 1140914K->352K(1094400K)] 1462785K->322487K(1781376K), 0.0179780 secs] [Times: user=0.07 sys=0.00, real=0.01 secs] 
2014-07-08T05:11:24.275+0000: 3442.491: [GC [PSYoungGen: 1094368K->626K(1050432K)] 1416503K->322913K(1737408K), 0.0190840 secs] [Times: user=0.07 sys=0.00, real=0.02 secs] 
2014-07-08T05:11:26.548+0000: 3444.764: [GC [PSYoungGen: 1050418K->576K(1008256K)] 1372705K->323023K(1695232K), 0.0278220 secs] [Times: user=0.09 sys=0.00, real=0.02 secs] 
2014-07-08T05:11:28.774+0000: 3446.990: [GC [PSYoungGen: 1008256K->448K(968064K)] 1330703K->322975K(1655040K), 0.0192970 secs] [Times: user=0.07 sys=0.00, real=0.02 secs] 
2014-07-08T05:11:30.890+0000: 3449.106: [GC [PSYoungGen: 967989K->420K(929920K)] 1290516K->323179K(1616896K), 0.0071180 secs] [Times: user=0.02 sys=0.00, real=0.01 secs] 
2014-07-08T05:11:32.941+0000: 3451.157: [GC [PSYoungGen: 929892K->352K(893504K)] 1252651K->323279K(1580480K), 0.0293140 secs] [Times: user=0.10 sys=0.00, real=0.03 secs] 
2014-07-08T05:11:34.932+0000: 3453.148: [GC [PSYoungGen: 893472K->320K(858816K)] 1216399K->323335K(1545792K), 0.0064310 secs] [Times: user=0.01 sys=0.00, real=0.01 secs] 
2014-07-08T05:11:36.815+0000: 3455.030: [GC [PSYoungGen: 858778K->338K(825920K)] 1181794K->323417K(1512896K), 0.0175690 secs] [Times: user=0.06 sys=0.00, real=0.02 secs] 
2014-07-08T05:11:38.639+0000: 3456.855: [GC [PSYoungGen: 825874K->722K(794880K)] 1148953K->323913K(1481856K), 0.0193220 secs] [Times: user=0.07 sys=0.00, real=0.02 secs] 
2014-07-08T05:11:40.386+0000: 3458.601: [GC [PSYoungGen: 794834K->736K(764928K)] 1118025K->324127K(1451904K), 0.0060750 secs] [Times: user=0.02 sys=0.00, real=0.01 secs] 
2014-07-08T05:11:42.058+0000: 3460.273: [GC [PSYoungGen: 764852K->356K(736000K)] 1088243K->323851K(1422976K), 0.0129660 secs] [Times: user=0.03 sys=0.00, real=0.02 secs] 
2014-07-08T05:11:43.746+0000: 3461.962: [GC [PSYoungGen: 735972K->1014K(883776K)] 1059467K->324653K(1570752K), 0.0483890 secs] [Times: user=0.18 sys=0.00, real=0.05 secs] 
2014-07-08T05:11:45.683+0000: 3463.899: [GC [PSYoungGen: 883686K->1010K(1060352K)] 1207325K->324777K(1747328K), 0.0077780 secs] [Times: user=0.02 sys=0.01, real=0.01 secs] 
2014-07-08T05:11:47.968+0000: 3466.184: [GC [PSYoungGen: 1060338K->288K(1271552K)] 1384105K->324135K(1958528K), 0.0223000 secs] [Times: user=0.08 sys=0.00, real=0.03 secs] 
2014-07-08T05:11:50.810+0000: 3469.025: [GC [PSYoungGen: 1271520K->384K(1218816K)] 1595367K->324431K(1905792K), 0.0264390 secs] [Times: user=0.10 sys=0.00, real=0.03 secs] 
2014-07-08T05:11:53.465+0000: 3471.681: [GC [PSYoungGen: 1218816K->544K(1168768K)] 1542863K->324759K(1855744K), 0.0129050 secs] [Times: user=0.05 sys=0.00, real=0.01 secs] 
2014-07-08T05:11:56.054+0000: 3474.270: [GC [PSYoungGen: 1168736K->530K(1120960K)] 1492951K->324953K(1807936K), 0.0197050 secs] [Times: user=0.07 sys=0.00, real=0.02 secs] 
2014-07-08T05:11:58.557+0000: 3476.773: [GC [PSYoungGen: 1120914K->864K(1075776K)] 1445337K->325375K(1762752K), 0.0138350 secs] [Times: user=0.04 sys=0.00, real=0.02 secs] 
2014-07-08T05:12:00.912+0000: 3479.127: [GC [PSYoungGen: 1075744K->306K(1031872K)] 1400255K->325105K(1718848K), 0.0043830 secs] [Times: user=0.02 sys=0.00, real=0.01 secs] 
2014-07-08T05:12:03.195+0000: 3481.411: [GC [PSYoungGen: 1031858K->530K(990912K)] 1356657K->325505K(1677888K), 0.0263920 secs] [Times: user=0.09 sys=0.00, real=0.02 secs] 
2014-07-08T05:12:05.379+0000: 3483.595: [GC [PSYoungGen: 990866K->228K(951360K)] 1315841K->325339K(1638336K), 0.0101390 secs] [Times: user=0.03 sys=0.00, real=0.01 secs] 
2014-07-08T05:12:07.480+0000: 3485.695: [GC [PSYoungGen: 951332K->672K(914432K)] 1276443K->325839K(1601408K), 0.0155750 secs] [Times: user=0.05 sys=0.00, real=0.02 secs] 
2014-07-08T05:12:09.497+0000: 3487.713: [GC [PSYoungGen: 914400K->832K(878976K)] 1239567K->326143K(1565952K), 0.0164140 secs] [Times: user=0.05 sys=0.00, real=0.02 secs] 
2014-07-08T05:12:11.435+0000: 3489.651: [GC [PSYoungGen: 878976K->224K(844480K)] 1204287K->325735K(1531456K), 0.0238310 secs] [Times: user=0.08 sys=0.00, real=0.02 secs] 
2014-07-08T05:12:13.308+0000: 3491.524: [GC [PSYoungGen: 844448K->274K(1013440K)] 1169959K->325905K(1700416K), 0.0392700 secs] [Times: user=0.13 sys=0.00, real=0.04 secs] 
2014-07-08T05:12:15.551+0000: 3493.767: [GC [PSYoungGen: 1013394K->676K(973504K)] 1339025K->326427K(1660480K), 0.0111560 secs] [Times: user=0.04 sys=0.00, real=0.01 secs] 
2014-07-08T05:12:17.737+0000: 3495.953: [GC [PSYoungGen: 973476K->1014K(935424K)] 1299227K->326877K(1622400K), 0.0086300 secs] [Times: user=0.02 sys=0.00, real=0.01 secs] 
2014-07-08T05:12:19.824+0000: 3498.039: [GC [PSYoungGen: 935414K->612K(898432K)] 1261277K->326935K(1585408K), 0.0229170 secs] [Times: user=0.08 sys=0.00, real=0.03 secs] 
2014-07-08T05:12:21.754+0000: 3499.970: [GC [PSYoungGen: 898404K->448K(863424K)] 1224727K->326955K(1550400K), 0.0121690 secs] [Times: user=0.05 sys=0.00, real=0.02 secs] 
2014-07-08T05:12:23.659+0000: 3501.875: [GC [PSYoungGen: 863424K->626K(830400K)] 1189931K->327261K(1517376K), 0.0082920 secs] [Times: user=0.02 sys=0.00, real=0.01 secs] 
2014-07-08T05:12:25.475+0000: 3503.691: [GC [PSYoungGen: 830386K->704K(798848K)] 1157021K->327459K(1485824K), 0.0247270 secs] [Times: user=0.08 sys=0.01, real=0.03 secs] 
2014-07-08T05:12:27.241+0000: 3505.457: [GC [PSYoungGen: 798848K->338K(768384K)] 1125603K->327173K(1455360K), 0.0062470 secs] [Times: user=0.01 sys=0.00, real=0.01 secs] 
2014-07-08T05:12:28.953+0000: 3507.169: [GC [PSYoungGen: 768338K->320K(739584K)] 1095173K->327299K(1426560K), 0.0041460 secs] [Times: user=0.02 sys=0.00, real=0.01 secs] 
2014-07-08T05:12:30.642+0000: 3508.858: [GC [PSYoungGen: 739584K->1206K(713088K)] 1066563K->328361K(1400064K), 0.0143080 secs] [Times: user=0.04 sys=0.01, real=0.02 secs] 
2014-07-08T05:12:32.157+0000: 3510.373: [GC [PSYoungGen: 713078K->388K(686208K)] 1040233K->327655K(1373184K), 0.0105610 secs] [Times: user=0.02 sys=0.00, real=0.01 secs] 
2014-07-08T05:12:33.678+0000: 3511.894: [GC [PSYoungGen: 686148K->708K(661632K)] 1013415K->328119K(1348608K), 0.0256240 secs] [Times: user=0.09 sys=0.00, real=0.02 secs] 
2014-07-08T05:12:35.124+0000: 3513.340: [GC [PSYoungGen: 661572K->338K(637504K)] 988983K->327829K(1324480K), 0.0096180 secs] [Times: user=0.03 sys=0.00, real=0.01 secs] 
2014-07-08T05:12:36.543+0000: 3514.759: [GC [PSYoungGen: 637456K->320K(764864K)] 964947K->327859K(1451840K), 0.0224680 secs] [Times: user=0.08 sys=0.00, real=0.02 secs] 
2014-07-08T05:12:38.238+0000: 3516.454: [GC [PSYoungGen: 764864K->512K(918016K)] 1092403K->328131K(1604992K), 0.0213260 secs] [Times: user=0.07 sys=0.00, real=0.02 secs] 
2014-07-08T05:12:40.265+0000: 3518.481: [GC [PSYoungGen: 918010K->256K(1101312K)] 1245630K->328083K(1788288K), 0.0219160 secs] [Times: user=0.08 sys=0.00, real=0.02 secs] 
2014-07-08T05:12:42.724+0000: 3520.939: [GC [PSYoungGen: 1101304K->736K(1057216K)] 1429132K->328699K(1744192K), 0.0133370 secs] [Times: user=0.05 sys=0.00, real=0.01 secs] 
2014-07-08T05:12:45.035+0000: 3523.251: [GC [PSYoungGen: 1057184K->530K(1268352K)] 1385147K->328645K(1955328K), 0.0368620 secs] [Times: user=0.14 sys=0.00, real=0.04 secs] 
2014-07-08T05:12:47.859+0000: 3526.075: [GC [PSYoungGen: 1268306K->672K(1215808K)] 1596421K->328907K(1902784K), 0.0128170 secs] [Times: user=0.02 sys=0.00, real=0.02 secs] 
2014-07-08T05:12:50.522+0000: 3528.738: [GC [PSYoungGen: 1215776K->434K(1165440K)] 1544011K->328885K(1852416K), 0.0149290 secs] [Times: user=0.04 sys=0.00, real=0.01 secs] 
2014-07-08T05:12:53.085+0000: 3531.301: [GC [PSYoungGen: 1165424K->256K(1117568K)] 1493876K->328843K(1804544K), 0.0059630 secs] [Times: user=0.02 sys=0.00, real=0.01 secs] 
2014-07-08T05:12:55.546+0000: 3533.762: [GC [PSYoungGen: 1117476K->320K(1072256K)] 1446063K->328995K(1759232K), 0.0066360 secs] [Times: user=0.01 sys=0.00, real=0.01 secs] 
2014-07-08T05:12:57.921+0000: 3536.137: [GC [PSYoungGen: 1072256K->416K(1029184K)] 1400931K->329211K(1716160K), 0.0123550 secs] [Times: user=0.02 sys=0.00, real=0.02 secs] 
2014-07-08T05:13:00.187+0000: 3538.403: [GC [PSYoungGen: 1029152K->562K(988224K)] 1357947K->329541K(1675200K), 0.0336720 secs] [Times: user=0.13 sys=0.00, real=0.03 secs] 
2014-07-08T05:13:02.362+0000: 3540.578: [GC [PSYoungGen: 988210K->402K(948992K)] 1317189K->329589K(1635968K), 0.0226260 secs] [Times: user=0.07 sys=0.00, real=0.02 secs] 
2014-07-08T05:13:04.553+0000: 3542.769: [GC [PSYoungGen: 948939K->946K(912256K)] 1278126K->330237K(1599232K), 0.0068050 secs] [Times: user=0.02 sys=0.00, real=0.00 secs] 
2014-07-08T05:13:06.478+0000: 3544.694: [GC [PSYoungGen: 912242K->562K(1094144K)] 1241533K->330005K(1781120K), 0.0691400 secs] [Times: user=0.25 sys=0.00, real=0.07 secs] 
2014-07-08T05:13:08.934+0000: 3547.149: [GC [PSYoungGen: 1094071K->626K(1312960K)] 1423514K->330173K(1999936K), 0.0276350 secs] [Times: user=0.10 sys=0.00, real=0.02 secs] 
2014-07-08T05:13:11.836+0000: 3550.052: [GC [PSYoungGen: 1312945K->992K(1575808K)] 1642492K->330835K(2262784K), 0.0088700 secs] [Times: user=0.02 sys=0.00, real=0.01 secs] 
2014-07-08T05:13:15.257+0000: 3553.473: [GC [PSYoungGen: 1575683K->352K(1775488K)] 1905527K->330363K(2462464K), 0.0375650 secs] [Times: user=0.14 sys=0.00, real=0.04 secs] 
2014-07-08T05:13:19.170+0000: 3557.386: [GC [PSYoungGen: 1775264K->498K(1697984K)] 2105275K->330629K(2384960K), 0.0191320 secs] [Times: user=0.08 sys=0.00, real=0.02 secs] 
2014-07-08T05:13:22.906+0000: 3561.121: [GC [PSYoungGen: 1697898K->580K(1624448K)] 2028029K->331023K(2311424K), 0.0347870 secs] [Times: user=0.13 sys=0.00, real=0.03 secs] 
2014-07-08T05:13:26.504+0000: 3564.720: [GC [PSYoungGen: 1624388K->786K(1554624K)] 1954831K->331461K(2241600K), 0.0098820 secs] [Times: user=0.02 sys=0.01, real=0.01 secs] 
2014-07-08T05:13:29.956+0000: 3568.172: [GC [PSYoungGen: 1554578K->562K(1487744K)] 1885253K->331365K(2174720K), 0.0316630 secs] [Times: user=0.12 sys=0.00, real=0.03 secs] 
2014-07-08T05:13:33.208+0000: 3571.424: [GC [PSYoungGen: 1487726K->452K(1424320K)] 1818530K->331551K(2111296K), 0.0149130 secs] [Times: user=0.05 sys=0.00, real=0.01 secs] 
2014-07-08T05:13:36.350+0000: 3574.565: [GC [PSYoungGen: 1424260K->416K(1364032K)] 1755359K->331699K(2051008K), 0.0173910 secs] [Times: user=0.05 sys=0.01, real=0.02 secs] 
2014-07-08T05:13:39.383+0000: 3577.599: [GC [PSYoungGen: 1364000K->384K(1306688K)] 1695283K->331771K(1993664K), 0.0271700 secs] [Times: user=0.10 sys=0.00, real=0.03 secs] 
2014-07-08T05:13:42.276+0000: 3580.491: [GC [PSYoungGen: 1306688K->448K(1252224K)] 1638075K->332107K(1939200K), 0.0187460 secs] [Times: user=0.06 sys=0.00, real=0.02 secs] 
2014-07-08T05:13:45.044+0000: 3583.260: [GC [PSYoungGen: 1252224K->352K(1200320K)] 1583883K->332155K(1887296K), 0.0140730 secs] [Times: user=0.05 sys=0.00, real=0.02 secs] 
2014-07-08T05:13:47.707+0000: 3585.922: [GC [PSYoungGen: 1200267K->754K(1151360K)] 1532070K->332733K(1838336K), 0.0267360 secs] [Times: user=0.09 sys=0.00, real=0.03 secs] 
2014-07-08T05:13:50.232+0000: 3588.447: [GC [PSYoungGen: 1151295K->352K(1104000K)] 1483275K->332515K(1790976K), 0.0424860 secs] [Times: user=0.16 sys=0.00, real=0.04 secs] 
2014-07-08T05:13:52.684+0000: 3590.900: [GC [PSYoungGen: 1103968K->626K(1059584K)] 1436131K->333029K(1746560K), 0.0213190 secs] [Times: user=0.06 sys=0.00, real=0.02 secs] 
2014-07-08T05:13:55.069+0000: 3593.285: [GC [PSYoungGen: 1059568K->626K(1271424K)] 1391971K->333125K(1958400K), 0.0436240 secs] [Times: user=0.17 sys=0.00, real=0.04 secs] 
2014-07-08T05:13:57.816+0000: 3596.032: [GC [PSYoungGen: 1271410K->402K(1218432K)] 1603909K->333021K(1905408K), 0.0053560 secs] [Times: user=0.02 sys=0.00, real=0.01 secs] 
2014-07-08T05:14:00.516+0000: 3598.732: [GC [PSYoungGen: 1218386K->960K(1168704K)] 1551005K->333795K(1855680K), 0.0095540 secs] [Times: user=0.02 sys=0.00, real=0.01 secs] 
2014-07-08T05:14:03.091+0000: 3601.307: [GC [PSYoungGen: 1168704K->288K(1120256K)] 1501539K->333307K(1807232K), 0.0322410 secs] [Times: user=0.12 sys=0.00, real=0.03 secs] 
2014-07-08T05:14:05.570+0000: 3603.786: [GC [PSYoungGen: 1120224K->448K(1074880K)] 1453243K->333587K(1761856K), 0.0105440 secs] [Times: user=0.03 sys=0.00, real=0.01 secs] 
2014-07-08T05:14:07.939+0000: 3606.154: [GC [PSYoungGen: 1074868K->672K(1031808K)] 1408007K->333915K(1718784K), 0.0154230 secs] [Times: user=0.05 sys=0.00, real=0.02 secs] 
2014-07-08T05:14:10.214+0000: 3608.430: [GC [PSYoungGen: 1031776K->530K(990464K)] 1365019K->334005K(1677440K), 0.0342720 secs] [Times: user=0.13 sys=0.00, real=0.03 secs] 
2014-07-08T05:14:12.407+0000: 3610.623: [GC [PSYoungGen: 990418K->370K(951040K)] 1323893K->333997K(1638016K), 0.0166710 secs] [Times: user=0.04 sys=0.00, real=0.02 secs] 
2014-07-08T05:14:14.599+0000: 3612.815: [GC [PSYoungGen: 951026K->1014K(1141824K)] 1284653K->334889K(1828800K), 0.0350630 secs] [Times: user=0.13 sys=0.00, real=0.04 secs] 
2014-07-08T05:14:17.017+0000: 3615.232: [GC [PSYoungGen: 1141814K->448K(1094720K)] 1475689K->334459K(1781696K), 0.0136830 secs] [Times: user=0.02 sys=0.00, real=0.01 secs] 
2014-07-08T05:14:19.450+0000: 3617.666: [GC [PSYoungGen: 1094720K->1202K(1051264K)] 1428731K->335405K(1738240K), 0.0084840 secs] [Times: user=0.02 sys=0.00, real=0.01 secs] 
2014-07-08T05:14:21.784+0000: 3619.999: [GC [PSYoungGen: 1051250K->704K(1008640K)] 1385453K->335107K(1695616K), 0.0309790 secs] [Times: user=0.11 sys=0.00, real=0.03 secs] 
2014-07-08T05:14:23.985+0000: 3622.201: [GC [PSYoungGen: 1008640K->192K(1209728K)] 1343043K->334755K(1896704K), 0.0287540 secs] [Times: user=0.11 sys=0.00, real=0.02 secs] 
2014-07-08T05:14:26.676+0000: 3624.892: [GC [PSYoungGen: 1209728K->324K(1160128K)] 1544291K->334983K(1847104K), 0.0236070 secs] [Times: user=0.09 sys=0.01, real=0.02 secs] 
Heap
 PSYoungGen      total 1160128K, used 765526K [0x0000000755560000, 0x00000007c1180000, 0x0000000800000000)
  eden space 1159744K, 65% used [0x0000000755560000,0x00000007840a49e0,0x000000079c1f0000)
  from space 384K, 84% used [0x00000007c1120000,0x00000007c1171010,0x00000007c1180000)
  to   space 1344K, 0% used [0x00000007c0ee0000,0x00000007c0ee0000,0x00000007c1030000)
 ParOldGen       total 686976K, used 334659K [0x0000000600000000, 0x0000000629ee0000, 0x0000000755560000)
  object space 686976K, 48% used [0x0000000600000000,0x00000006146d0dc0,0x0000000629ee0000)
 PSPermGen       total 21248K, used 11726K [0x00000005f5a00000, 0x00000005f6ec0000, 0x0000000600000000)
  object space 21248K, 55% used [0x00000005f5a00000,0x00000005f65738a8,0x00000005f6ec0000)
