2014-07-08T04:14:24.719+0000: 22.935: [GC [PSYoungGen: 257728K->14267K(300608K)] 257728K->14275K(987584K), 0.0265540 secs] [Times: user=0.07 sys=0.01, real=0.02 secs] 
2014-07-08T04:14:29.423+0000: 27.639: [GC [PSYoungGen: 271995K->14979K(300608K)] 272003K->14995K(987584K), 0.0129620 secs] [Times: user=0.05 sys=0.02, real=0.01 secs] 
2014-07-08T04:14:31.321+0000: 29.537: [GC [PSYoungGen: 272707K->19270K(300608K)] 272723K->19294K(987584K), 0.0170940 secs] [Times: user=0.12 sys=0.01, real=0.02 secs] 
2014-07-08T04:14:33.121+0000: 31.337: [GC [PSYoungGen: 276998K->21567K(300608K)] 277022K->21599K(987584K), 0.0190250 secs] [Times: user=0.12 sys=0.01, real=0.02 secs] 
2014-07-08T04:14:34.855+0000: 33.070: [GC [PSYoungGen: 279295K->23914K(275264K)] 279327K->23946K(962240K), 0.0181840 secs] [Times: user=0.11 sys=0.00, real=0.02 secs] 
2014-07-08T04:14:36.562+0000: 34.777: [GC [PSYoungGen: 275242K->22371K(267584K)] 275274K->25092K(954560K), 0.0203180 secs] [Times: user=0.10 sys=0.02, real=0.02 secs] 
2014-07-08T04:14:38.033+0000: 36.248: [GC [PSYoungGen: 267555K->10257K(249536K)] 270276K->26197K(936512K), 0.0103140 secs] [Times: user=0.05 sys=0.01, real=0.01 secs] 
2014-07-08T04:14:39.581+0000: 37.796: [GC [PSYoungGen: 249489K->4945K(260096K)] 265429K->26619K(947072K), 0.0067660 secs] [Times: user=0.03 sys=0.00, real=0.00 secs] 
2014-07-08T04:14:40.721+0000: 38.937: [GC [PSYoungGen: 238481K->2521K(230592K)] 260155K->27133K(917568K), 0.0054980 secs] [Times: user=0.03 sys=0.00, real=0.00 secs] 
2014-07-08T04:14:41.764+0000: 39.979: [GC [PSYoungGen: 230553K->1694K(250688K)] 255165K->27748K(937664K), 0.0045430 secs] [Times: user=0.02 sys=0.01, real=0.00 secs] 
2014-07-08T04:14:42.856+0000: 41.072: [GC [PSYoungGen: 224414K->750K(218368K)] 250468K->27802K(905344K), 0.0049050 secs] [Times: user=0.01 sys=0.00, real=0.01 secs] 
2014-07-08T04:14:43.972+0000: 42.187: [GC [PSYoungGen: 218350K->636K(240768K)] 245402K->27984K(927744K), 0.0029310 secs] [Times: user=0.01 sys=0.00, real=0.00 secs] 
2014-07-08T04:14:44.993+0000: 43.208: [GC [PSYoungGen: 213308K->466K(208384K)] 240656K->27984K(895360K), 0.0051190 secs] [Times: user=0.00 sys=0.00, real=0.00 secs] 
2014-07-08T04:14:45.851+0000: 44.067: [GC [PSYoungGen: 208338K->718K(230080K)] 235856K->28309K(917056K), 0.0037830 secs] [Times: user=0.02 sys=0.00, real=0.00 secs] 
2014-07-08T04:14:46.707+0000: 44.923: [GC [PSYoungGen: 203958K->616K(199424K)] 231548K->28279K(886400K), 0.0030080 secs] [Times: user=0.01 sys=0.00, real=0.01 secs] 
2014-07-08T04:14:47.560+0000: 45.776: [GC [PSYoungGen: 199386K->947K(219456K)] 227049K->28682K(906432K), 0.0059470 secs] [Times: user=0.04 sys=0.00, real=0.00 secs] 
2014-07-08T04:14:48.393+0000: 46.609: [GC [PSYoungGen: 195443K->986K(191360K)] 223178K->28777K(878336K), 0.0040010 secs] [Times: user=0.02 sys=0.00, real=0.00 secs] 
2014-07-08T04:14:49.177+0000: 47.392: [GC [PSYoungGen: 191322K->790K(209152K)] 219113K->28755K(896128K), 0.0038210 secs] [Times: user=0.02 sys=0.01, real=0.01 secs] 
2014-07-08T04:14:49.971+0000: 48.187: [GC [PSYoungGen: 187092K->762K(183168K)] 215058K->28823K(870144K), 0.0028150 secs] [Times: user=0.01 sys=0.00, real=0.00 secs] 
2014-07-08T04:14:50.720+0000: 48.936: [GC [PSYoungGen: 183162K->630K(199360K)] 211223K->28803K(886336K), 0.0024390 secs] [Times: user=0.02 sys=0.00, real=0.00 secs] 
2014-07-08T04:14:51.413+0000: 49.629: [GC [PSYoungGen: 179254K->712K(175744K)] 207427K->28957K(862720K), 0.0030160 secs] [Times: user=0.02 sys=0.00, real=0.00 secs] 
2014-07-08T04:14:51.977+0000: 50.192: [GC [PSYoungGen: 175686K->569K(189888K)] 203931K->28846K(876864K), 0.0033050 secs] [Times: user=0.01 sys=0.01, real=0.00 secs] 
2014-07-08T04:14:52.634+0000: 50.850: [GC [PSYoungGen: 172025K->626K(168704K)] 200302K->28983K(855680K), 0.0039580 secs] [Times: user=0.02 sys=0.00, real=0.00 secs] 
2014-07-08T04:14:53.254+0000: 51.470: [GC [PSYoungGen: 168686K->896K(181056K)] 197044K->29293K(868032K), 0.0033690 secs] [Times: user=0.01 sys=0.00, real=0.00 secs] 
2014-07-08T04:14:53.829+0000: 52.045: [GC [PSYoungGen: 165696K->434K(162048K)] 194093K->28863K(849024K), 0.0034250 secs] [Times: user=0.01 sys=0.00, real=0.01 secs] 
2014-07-08T04:14:54.439+0000: 52.655: [GC [PSYoungGen: 162034K->580K(172736K)] 190463K->29073K(859712K), 0.0050960 secs] [Times: user=0.03 sys=0.00, real=0.01 secs] 
2014-07-08T04:14:55.062+0000: 53.277: [GC [PSYoungGen: 159104K->666K(156224K)] 187598K->29207K(843200K), 0.0042000 secs] [Times: user=0.02 sys=0.00, real=0.00 secs] 
2014-07-08T04:14:55.663+0000: 53.878: [GC [PSYoungGen: 156186K->684K(164928K)] 184727K->29249K(851904K), 0.0032320 secs] [Times: user=0.01 sys=0.01, real=0.00 secs] 
2014-07-08T04:14:56.212+0000: 54.427: [GC [PSYoungGen: 153324K->800K(150656K)] 181889K->29413K(837632K), 0.0057020 secs] [Times: user=0.03 sys=0.00, real=0.00 secs] 
2014-07-08T04:14:56.762+0000: 54.977: [GC [PSYoungGen: 150624K->352K(157760K)] 179237K->28989K(844736K), 0.0032580 secs] [Times: user=0.01 sys=0.00, real=0.00 secs] 
2014-07-08T04:14:57.332+0000: 55.547: [GC [PSYoungGen: 147400K->1046K(145536K)] 176037K->29755K(832512K), 0.0039530 secs] [Times: user=0.01 sys=0.00, real=0.00 secs] 
2014-07-08T04:14:57.834+0000: 56.050: [GC [PSYoungGen: 145491K->726K(150848K)] 174201K->29515K(837824K), 0.0044620 secs] [Times: user=0.02 sys=0.01, real=0.00 secs] 
2014-07-08T04:14:58.426+0000: 56.642: [GC [PSYoungGen: 142614K->1078K(140480K)] 171403K->29899K(827456K), 0.0037640 secs] [Times: user=0.01 sys=0.00, real=0.00 secs] 
2014-07-08T04:14:58.870+0000: 57.086: [GC [PSYoungGen: 140470K->644K(144576K)] 169291K->29561K(831552K), 0.0030470 secs] [Times: user=0.02 sys=0.00, real=0.01 secs] 
2014-07-08T04:14:59.359+0000: 57.574: [GC [PSYoungGen: 137604K->1304K(135936K)] 166521K->30286K(822912K), 0.0056170 secs] [Times: user=0.03 sys=0.00, real=0.01 secs] 
2014-07-08T04:14:59.778+0000: 57.994: [GC [PSYoungGen: 135896K->598K(138688K)] 164878K->29635K(825664K), 0.0046400 secs] [Times: user=0.02 sys=0.00, real=0.01 secs] 
2014-07-08T04:15:00.222+0000: 58.438: [GC [PSYoungGen: 132886K->886K(130944K)] 161923K->29979K(817920K), 0.0031430 secs] [Times: user=0.02 sys=0.00, real=0.00 secs] 
2014-07-08T04:15:00.661+0000: 58.877: [GC [PSYoungGen: 130934K->994K(133248K)] 160027K->30159K(820224K), 0.0043860 secs] [Times: user=0.02 sys=0.00, real=0.01 secs] 
2014-07-08T04:15:01.067+0000: 59.283: [GC [PSYoungGen: 128866K->580K(126400K)] 158031K->29809K(813376K), 0.0043040 secs] [Times: user=0.02 sys=0.00, real=0.00 secs] 
2014-07-08T04:15:01.551+0000: 59.767: [GC [PSYoungGen: 126340K->548K(128256K)] 155569K->29785K(815232K), 0.0051920 secs] [Times: user=0.01 sys=0.00, real=0.01 secs] 
2014-07-08T04:15:01.898+0000: 60.114: [GC [PSYoungGen: 124260K->772K(130816K)] 153497K->30041K(817792K), 0.0053950 secs] [Times: user=0.03 sys=0.00, real=0.01 secs] 
2014-07-08T04:15:02.370+0000: 60.586: [GC [PSYoungGen: 124484K->1337K(123072K)] 153753K->30662K(810048K), 0.0028700 secs] [Times: user=0.02 sys=0.00, real=0.01 secs] 
2014-07-08T04:15:02.739+0000: 60.955: [GC [PSYoungGen: 123065K->926K(152832K)] 152390K->30299K(839808K), 0.0214280 secs] [Times: user=0.13 sys=0.00, real=0.02 secs] 
2014-07-08T04:15:03.110+0000: 61.326: [GC [PSYoungGen: 147571K->894K(154624K)] 176945K->30355K(841600K), 0.0031010 secs] [Times: user=0.02 sys=0.00, real=0.01 secs] 
2014-07-08T04:15:03.653+0000: 61.869: [GC [PSYoungGen: 149780K->1218K(154240K)] 179241K->30735K(841216K), 0.0029900 secs] [Times: user=0.01 sys=0.00, real=0.00 secs] 
2014-07-08T04:15:03.975+0000: 62.190: [GC [PSYoungGen: 150137K->1136K(185856K)] 179654K->30741K(872832K), 0.0026270 secs] [Times: user=0.02 sys=0.00, real=0.00 secs] 
2014-07-08T04:15:04.510+0000: 62.726: [GC [PSYoungGen: 182832K->1357K(186240K)] 212437K->31003K(873216K), 0.0038260 secs] [Times: user=0.02 sys=0.01, real=0.01 secs] 
2014-07-08T04:15:04.886+0000: 63.102: [GC [PSYoungGen: 183053K->1264K(225472K)] 212699K->30965K(912448K), 0.0042030 secs] [Times: user=0.03 sys=0.01, real=0.00 secs] 
2014-07-08T04:15:05.524+0000: 63.739: [GC [PSYoungGen: 222943K->942K(217536K)] 252644K->30659K(904512K), 0.0033910 secs] [Times: user=0.00 sys=0.00, real=0.00 secs] 
2014-07-08T04:15:05.985+0000: 64.200: [GC [PSYoungGen: 217487K->1574K(213248K)] 247205K->31371K(900224K), 0.0031400 secs] [Times: user=0.02 sys=0.00, real=0.00 secs] 
2014-07-08T04:15:06.738+0000: 64.953: [GC [PSYoungGen: 213184K->890K(207808K)] 242981K->30743K(894784K), 0.0038930 secs] [Times: user=0.02 sys=0.00, real=0.00 secs] 
2014-07-08T04:15:07.331+0000: 65.546: [GC [PSYoungGen: 207802K->1046K(203456K)] 237655K->30931K(890432K), 0.0034600 secs] [Times: user=0.01 sys=0.00, real=0.01 secs] 
2014-07-08T04:15:07.765+0000: 65.981: [GC [PSYoungGen: 203407K->1074K(199040K)] 233293K->31008K(886016K), 0.0044620 secs] [Times: user=0.02 sys=0.01, real=0.00 secs] 
2014-07-08T04:15:08.226+0000: 66.442: [GC [PSYoungGen: 199026K->890K(194560K)] 228960K->30879K(881536K), 0.0033810 secs] [Times: user=0.02 sys=0.00, real=0.00 secs] 
2014-07-08T04:15:08.739+0000: 66.954: [GC [PSYoungGen: 194517K->1580K(191168K)] 224506K->31625K(878144K), 0.0026710 secs] [Times: user=0.01 sys=0.00, real=0.00 secs] 
2014-07-08T04:15:09.132+0000: 67.347: [GC [PSYoungGen: 191080K->1421K(187072K)] 221126K->31507K(874048K), 0.0035160 secs] [Times: user=0.01 sys=0.00, real=0.01 secs] 
2014-07-08T04:15:09.612+0000: 67.828: [GC [PSYoungGen: 187021K->1189K(182976K)] 217107K->31315K(869952K), 0.0049410 secs] [Times: user=0.03 sys=0.00, real=0.01 secs] 
2014-07-08T04:15:09.954+0000: 68.170: [GC [PSYoungGen: 182935K->1253K(179328K)] 213060K->31435K(866304K), 0.0042660 secs] [Times: user=0.02 sys=0.00, real=0.00 secs] 
2014-07-08T04:15:10.459+0000: 68.675: [GC [PSYoungGen: 179284K->1254K(175744K)] 209465K->31483K(862720K), 0.0041270 secs] [Times: user=0.01 sys=0.00, real=0.01 secs] 
2014-07-08T04:15:10.782+0000: 68.997: [GC [PSYoungGen: 175718K->1239K(172224K)] 205947K->31540K(859200K), 0.0037670 secs] [Times: user=0.02 sys=0.00, real=0.01 secs] 
2014-07-08T04:15:11.184+0000: 69.400: [GC [PSYoungGen: 172181K->872K(168448K)] 202483K->31221K(855424K), 0.0052600 secs] [Times: user=0.03 sys=0.00, real=0.00 secs] 
2014-07-08T04:15:11.630+0000: 69.846: [GC [PSYoungGen: 168421K->1371K(202496K)] 198770K->31792K(889472K), 0.0056790 secs] [Times: user=0.03 sys=0.01, real=0.01 secs] 
2014-07-08T04:15:12.017+0000: 70.233: [GC [PSYoungGen: 202422K->1178K(205312K)] 232843K->31679K(892288K), 0.0043810 secs] [Times: user=0.02 sys=0.00, real=0.00 secs] 
2014-07-08T04:15:12.566+0000: 70.781: [GC [PSYoungGen: 204228K->1278K(199936K)] 234730K->31867K(886912K), 0.0026650 secs] [Times: user=0.01 sys=0.01, real=0.00 secs] 
2014-07-08T04:15:12.995+0000: 71.210: [GC [PSYoungGen: 199934K->1484K(195904K)] 230523K->32202K(882880K), 0.0035870 secs] [Times: user=0.02 sys=0.00, real=0.00 secs] 
2014-07-08T04:15:13.639+0000: 71.854: [GC [PSYoungGen: 195852K->1186K(191424K)] 226570K->32023K(878400K), 0.0022980 secs] [Times: user=0.01 sys=0.00, real=0.00 secs] 
2014-07-08T04:15:14.070+0000: 72.286: [GC [PSYoungGen: 191394K->658K(186880K)] 222231K->31591K(873856K), 0.0031720 secs] [Times: user=0.02 sys=0.00, real=0.00 secs] 
2014-07-08T04:15:14.639+0000: 72.854: [GC [PSYoungGen: 186834K->694K(182976K)] 217767K->31723K(869952K), 0.0034920 secs] [Times: user=0.02 sys=0.01, real=0.00 secs] 
2014-07-08T04:15:15.148+0000: 73.364: [GC [PSYoungGen: 182966K->640K(179200K)] 213995K->31717K(866176K), 0.0027110 secs] [Times: user=0.01 sys=0.00, real=0.00 secs] 
2014-07-08T04:15:15.745+0000: 73.960: [GC [PSYoungGen: 179200K->918K(175872K)] 210277K->32067K(862848K), 0.0042120 secs] [Times: user=0.02 sys=0.00, real=0.00 secs] 
2014-07-08T04:15:16.367+0000: 74.583: [GC [PSYoungGen: 175830K->1054K(172480K)] 206979K->32283K(859456K), 0.0028560 secs] [Times: user=0.01 sys=0.00, real=0.00 secs] 
2014-07-08T04:15:16.816+0000: 75.032: [GC [PSYoungGen: 172446K->762K(168768K)] 203675K->32047K(855744K), 0.0035290 secs] [Times: user=0.01 sys=0.00, real=0.00 secs] 
2014-07-08T04:15:17.380+0000: 75.595: [GC [PSYoungGen: 168754K->1160K(165952K)] 200039K->32525K(852928K), 0.0032060 secs] [Times: user=0.02 sys=0.01, real=0.00 secs] 
2014-07-08T04:15:17.795+0000: 76.011: [GC [PSYoungGen: 165896K->672K(162240K)] 197261K->32077K(849216K), 0.0034870 secs] [Times: user=0.02 sys=0.00, real=0.00 secs] 
2014-07-08T04:15:18.320+0000: 76.536: [GC [PSYoungGen: 162208K->972K(159488K)] 193613K->32473K(846464K), 0.0037850 secs] [Times: user=0.03 sys=0.01, real=0.00 secs] 
2014-07-08T04:15:18.800+0000: 77.016: [GC [PSYoungGen: 159436K->946K(156416K)] 190937K->32527K(843392K), 0.0031620 secs] [Times: user=0.01 sys=0.00, real=0.00 secs] 
2014-07-08T04:15:19.271+0000: 77.487: [GC [PSYoungGen: 156364K->908K(153536K)] 187945K->32521K(840512K), 0.0029530 secs] [Times: user=0.01 sys=0.01, real=0.00 secs] 
2014-07-08T04:15:19.713+0000: 77.929: [GC [PSYoungGen: 153474K->758K(150528K)] 185087K->32443K(837504K), 0.0028590 secs] [Times: user=0.01 sys=0.00, real=0.01 secs] 
2014-07-08T04:15:20.124+0000: 78.340: [GC [PSYoungGen: 150518K->922K(148032K)] 182203K->32663K(835008K), 0.0036890 secs] [Times: user=0.02 sys=0.00, real=0.01 secs] 
2014-07-08T04:15:20.616+0000: 78.832: [GC [PSYoungGen: 147994K->708K(145216K)] 179735K->32505K(832192K), 0.0037890 secs] [Times: user=0.02 sys=0.01, real=0.00 secs] 
2014-07-08T04:15:20.983+0000: 79.199: [GC [PSYoungGen: 145156K->822K(142720K)] 176953K->32691K(829696K), 0.0037860 secs] [Times: user=0.02 sys=0.00, real=0.01 secs] 
2014-07-08T04:15:21.461+0000: 79.677: [GC [PSYoungGen: 142710K->772K(140224K)] 174579K->32697K(827200K), 0.0039370 secs] [Times: user=0.01 sys=0.00, real=0.01 secs] 
2014-07-08T04:15:21.811+0000: 80.027: [GC [PSYoungGen: 140164K->640K(137600K)] 172089K->32629K(824576K), 0.0047880 secs] [Times: user=0.02 sys=0.01, real=0.01 secs] 
2014-07-08T04:15:22.216+0000: 80.432: [GC [PSYoungGen: 137600K->694K(135296K)] 169589K->32715K(822272K), 0.0036910 secs] [Times: user=0.01 sys=0.01, real=0.00 secs] 
2014-07-08T04:15:22.633+0000: 80.849: [GC [PSYoungGen: 135286K->690K(132992K)] 167307K->32775K(819968K), 0.0054870 secs] [Times: user=0.03 sys=0.00, real=0.01 secs] 
2014-07-08T04:15:22.988+0000: 81.203: [GC [PSYoungGen: 132978K->598K(159424K)] 165063K->32715K(846400K), 0.0042230 secs] [Times: user=0.02 sys=0.00, real=0.00 secs] 
2014-07-08T04:15:23.567+0000: 81.783: [GC [PSYoungGen: 159379K->976K(156800K)] 191496K->33157K(843776K), 0.0036030 secs] [Times: user=0.01 sys=0.01, real=0.00 secs] 
2014-07-08T04:15:23.957+0000: 82.172: [GC [PSYoungGen: 156752K->772K(153728K)] 188933K->33049K(840704K), 0.0024870 secs] [Times: user=0.01 sys=0.00, real=0.00 secs] 
2014-07-08T04:15:24.469+0000: 82.685: [GC [PSYoungGen: 153668K->466K(150592K)] 185945K->32791K(837568K), 0.0050180 secs] [Times: user=0.03 sys=0.00, real=0.00 secs] 
2014-07-08T04:15:24.853+0000: 83.069: [GC [PSYoungGen: 150546K->1010K(148352K)] 182871K->33415K(835328K), 0.0026460 secs] [Times: user=0.01 sys=0.00, real=0.00 secs] 
2014-07-08T04:15:25.328+0000: 83.543: [GC [PSYoungGen: 148338K->758K(145472K)] 180743K->33211K(832448K), 0.0030170 secs] [Times: user=0.01 sys=0.00, real=0.00 secs] 
2014-07-08T04:15:25.727+0000: 83.942: [GC [PSYoungGen: 145462K->548K(174272K)] 177915K->33017K(861248K), 0.0103200 secs] [Times: user=0.05 sys=0.00, real=0.01 secs] 
2014-07-08T04:15:26.207+0000: 84.422: [GC [PSYoungGen: 174244K->740K(209216K)] 206713K->33273K(896192K), 0.0046670 secs] [Times: user=0.03 sys=0.00, real=0.00 secs] 
2014-07-08T04:15:26.828+0000: 85.044: [GC [PSYoungGen: 209185K->758K(221056K)] 241719K->33371K(908032K), 0.0044150 secs] [Times: user=0.03 sys=0.00, real=0.00 secs] 
2014-07-08T04:15:27.516+0000: 85.732: [GC [PSYoungGen: 220494K->986K(215744K)] 253108K->33687K(902720K), 0.0028480 secs] [Times: user=0.01 sys=0.00, real=0.00 secs] 
2014-07-08T04:15:28.073+0000: 86.288: [GC [PSYoungGen: 215706K->298K(210176K)] 248407K->33411K(897152K), 0.0040800 secs] [Times: user=0.02 sys=0.00, real=0.01 secs] 
2014-07-08T04:15:28.762+0000: 86.977: [GC [PSYoungGen: 210154K->1040K(206272K)] 243267K->34217K(893248K), 0.0038830 secs] [Times: user=0.02 sys=0.00, real=0.00 secs] 
2014-07-08T04:15:29.343+0000: 87.559: [GC [PSYoungGen: 206224K->868K(201536K)] 239401K->34349K(888512K), 0.0034720 secs] [Times: user=0.02 sys=0.01, real=0.01 secs] 
2014-07-08T04:15:29.885+0000: 88.101: [GC [PSYoungGen: 201508K->672K(196992K)] 234989K->34217K(883968K), 0.0028710 secs] [Times: user=0.01 sys=0.00, real=0.01 secs] 
2014-07-08T04:15:30.515+0000: 88.730: [GC [PSYoungGen: 196960K->612K(192704K)] 230505K->34221K(879680K), 0.0030650 secs] [Times: user=0.02 sys=0.00, real=0.01 secs] 
2014-07-08T04:15:30.985+0000: 89.201: [GC [PSYoungGen: 192676K->580K(188608K)] 226285K->34245K(875584K), 0.0057440 secs] [Times: user=0.03 sys=0.00, real=0.01 secs] 
2014-07-08T04:15:31.606+0000: 89.821: [GC [PSYoungGen: 188548K->530K(184640K)] 222213K->34235K(871616K), 0.0056400 secs] [Times: user=0.03 sys=0.00, real=0.01 secs] 
2014-07-08T04:15:32.096+0000: 90.312: [GC [PSYoungGen: 184594K->648K(180992K)] 218299K->34393K(867968K), 0.0036690 secs] [Times: user=0.02 sys=0.00, real=0.01 secs] 
2014-07-08T04:15:32.668+0000: 90.884: [GC [PSYoungGen: 180936K->818K(177472K)] 214681K->34619K(864448K), 0.0024320 secs] [Times: user=0.01 sys=0.00, real=0.00 secs] 
2014-07-08T04:15:33.156+0000: 91.372: [GC [PSYoungGen: 177442K->861K(173952K)] 211243K->34718K(860928K), 0.0027030 secs] [Times: user=0.01 sys=0.00, real=0.01 secs] 
2014-07-08T04:15:33.745+0000: 91.961: [GC [PSYoungGen: 173917K->766K(170368K)] 207774K->34799K(857344K), 0.0023390 secs] [Times: user=0.01 sys=0.00, real=0.01 secs] 
2014-07-08T04:15:34.351+0000: 92.567: [GC [PSYoungGen: 170344K->1184K(167488K)] 204378K->35290K(854464K), 0.0033800 secs] [Times: user=0.02 sys=0.00, real=0.00 secs] 
2014-07-08T04:15:34.815+0000: 93.031: [GC [PSYoungGen: 167456K->498K(163584K)] 201562K->34903K(850560K), 0.0042710 secs] [Times: user=0.03 sys=0.00, real=0.01 secs] 
2014-07-08T04:15:35.308+0000: 93.524: [GC [PSYoungGen: 163570K->968K(160960K)] 197975K->35437K(847936K), 0.0051900 secs] [Times: user=0.03 sys=0.00, real=0.00 secs] 
2014-07-08T04:15:35.780+0000: 93.996: [GC [PSYoungGen: 160904K->662K(157632K)] 195373K->35261K(844608K), 0.0029990 secs] [Times: user=0.01 sys=0.00, real=0.00 secs] 
2014-07-08T04:15:36.245+0000: 94.461: [GC [PSYoungGen: 157563K->1022K(155008K)] 192163K->35669K(841984K), 0.0027380 secs] [Times: user=0.01 sys=0.00, real=0.01 secs] 
2014-07-08T04:15:36.731+0000: 94.947: [GC [PSYoungGen: 155006K->598K(151808K)] 189653K->35293K(838784K), 0.0036020 secs] [Times: user=0.01 sys=0.00, real=0.00 secs] 
2014-07-08T04:15:37.122+0000: 95.337: [GC [PSYoungGen: 151766K->648K(149120K)] 186461K->35383K(836096K), 0.0028020 secs] [Times: user=0.01 sys=0.00, real=0.00 secs] 
2014-07-08T04:15:37.614+0000: 95.830: [GC [PSYoungGen: 149062K->584K(146368K)] 183798K->35351K(833344K), 0.0029570 secs] [Times: user=0.01 sys=0.00, real=0.00 secs] 
2014-07-08T04:15:37.998+0000: 96.213: [GC [PSYoungGen: 146312K->804K(143936K)] 181079K->35635K(830912K), 0.0033800 secs] [Times: user=0.02 sys=0.01, real=0.01 secs] 
2014-07-08T04:15:38.547+0000: 96.763: [GC [PSYoungGen: 143892K->1076K(141696K)] 178724K->35979K(828672K), 0.0039570 secs] [Times: user=0.02 sys=0.00, real=0.01 secs] 
2014-07-08T04:15:38.919+0000: 97.134: [GC [PSYoungGen: 141684K->758K(138944K)] 176587K->35749K(825920K), 0.0033680 secs] [Times: user=0.01 sys=0.00, real=0.00 secs] 
2014-07-08T04:15:39.353+0000: 97.568: [GC [PSYoungGen: 138934K->872K(136704K)] 173925K->36001K(823680K), 0.0030410 secs] [Times: user=0.02 sys=0.00, real=0.00 secs] 
2014-07-08T04:15:39.735+0000: 97.951: [GC [PSYoungGen: 136680K->708K(134272K)] 171809K->35909K(821248K), 0.0045110 secs] [Times: user=0.02 sys=0.00, real=0.01 secs] 
2014-07-08T04:15:40.100+0000: 98.316: [GC [PSYoungGen: 134212K->818K(132096K)] 169413K->36092K(819072K), 0.0037260 secs] [Times: user=0.02 sys=0.00, real=0.00 secs] 
2014-07-08T04:15:40.591+0000: 98.807: [GC [PSYoungGen: 132082K->644K(129792K)] 167356K->35965K(816768K), 0.0030040 secs] [Times: user=0.01 sys=0.01, real=0.00 secs] 
2014-07-08T04:15:40.922+0000: 99.137: [GC [PSYoungGen: 129732K->626K(127616K)] 165053K->36019K(814592K), 0.0028640 secs] [Times: user=0.01 sys=0.00, real=0.00 secs] 
2014-07-08T04:15:41.312+0000: 99.528: [GC [PSYoungGen: 127594K->1064K(126016K)] 162988K->36505K(812992K), 0.0036040 secs] [Times: user=0.02 sys=0.00, real=0.00 secs] 
2014-07-08T04:15:41.712+0000: 99.928: [GC [PSYoungGen: 125992K->758K(123712K)] 161433K->36445K(810688K), 0.0032090 secs] [Times: user=0.02 sys=0.00, real=0.00 secs] 
2014-07-08T04:15:42.128+0000: 100.344: [GC [PSYoungGen: 123702K->1224K(122240K)] 159389K->37000K(809216K), 0.0043400 secs] [Times: user=0.02 sys=0.00, real=0.00 secs] 
2014-07-08T04:15:42.574+0000: 100.790: [GC [PSYoungGen: 122184K->676K(119744K)] 157960K->36728K(806720K), 0.0029790 secs] [Times: user=0.02 sys=0.00, real=0.00 secs] 
2014-07-08T04:15:42.889+0000: 101.105: [GC [PSYoungGen: 119685K->954K(118144K)] 155737K->37118K(805120K), 0.0025800 secs] [Times: user=0.02 sys=0.00, real=0.00 secs] 
2014-07-08T04:15:43.274+0000: 101.489: [GC [PSYoungGen: 118138K->1118K(116544K)] 154302K->37354K(803520K), 0.0040590 secs] [Times: user=0.02 sys=0.00, real=0.00 secs] 
2014-07-08T04:15:43.657+0000: 101.873: [GC [PSYoungGen: 116510K->644K(114368K)] 152746K->36944K(801344K), 0.0038010 secs] [Times: user=0.02 sys=0.00, real=0.01 secs] 
2014-07-08T04:15:44.010+0000: 102.226: [GC [PSYoungGen: 114308K->872K(112832K)] 150608K->37260K(799808K), 0.0039670 secs] [Times: user=0.02 sys=0.00, real=0.00 secs] 
2014-07-08T04:15:44.416+0000: 102.632: [GC [PSYoungGen: 112768K->1174K(111488K)] 149156K->37634K(798464K), 0.0049170 secs] [Times: user=0.02 sys=0.00, real=0.01 secs] 
2014-07-08T04:15:44.729+0000: 102.945: [GC [PSYoungGen: 111446K->580K(109312K)] 147906K->37088K(796288K), 0.0032980 secs] [Times: user=0.01 sys=0.00, real=0.00 secs] 
2014-07-08T04:15:45.066+0000: 103.281: [GC [PSYoungGen: 109252K->794K(131264K)] 145760K->37374K(818240K), 0.0038180 secs] [Times: user=0.01 sys=0.00, real=0.01 secs] 
2014-07-08T04:15:45.546+0000: 103.761: [GC [PSYoungGen: 131223K->498K(157056K)] 167803K->37142K(844032K), 0.0048320 secs] [Times: user=0.03 sys=0.00, real=0.01 secs] 
2014-07-08T04:15:46.036+0000: 104.252: [GC [PSYoungGen: 157042K->747K(154368K)] 193686K->37463K(841344K), 0.0028610 secs] [Times: user=0.01 sys=0.00, real=0.00 secs] 
2014-07-08T04:15:46.566+0000: 104.781: [GC [PSYoungGen: 154347K->972K(151808K)] 191063K->37784K(838784K), 0.0023990 secs] [Times: user=0.01 sys=0.00, real=0.00 secs] 
2014-07-08T04:15:47.073+0000: 105.288: [GC [PSYoungGen: 151755K->1014K(149056K)] 188567K->37874K(836032K), 0.0038530 secs] [Times: user=0.01 sys=0.00, real=0.00 secs] 
2014-07-08T04:15:47.603+0000: 105.818: [GC [PSYoungGen: 149046K->694K(146048K)] 185906K->37658K(833024K), 0.0028080 secs] [Times: user=0.02 sys=0.00, real=0.00 secs] 
2014-07-08T04:15:48.097+0000: 106.312: [GC [PSYoungGen: 146005K->812K(143616K)] 182970K->37848K(830592K), 0.0036790 secs] [Times: user=0.02 sys=0.00, real=0.01 secs] 
2014-07-08T04:15:48.588+0000: 106.803: [GC [PSYoungGen: 143596K->808K(141120K)] 180632K->37940K(828096K), 0.0031740 secs] [Times: user=0.02 sys=0.00, real=0.01 secs] 
2014-07-08T04:15:49.065+0000: 107.281: [GC [PSYoungGen: 141076K->850K(138752K)] 178208K->38062K(825728K), 0.0026380 secs] [Times: user=0.02 sys=0.00, real=0.00 secs] 
2014-07-08T04:15:49.643+0000: 107.859: [GC [PSYoungGen: 138706K->868K(136384K)] 175918K->38210K(823360K), 0.0055320 secs] [Times: user=0.03 sys=0.00, real=0.00 secs] 
2014-07-08T04:15:50.108+0000: 108.324: [GC [PSYoungGen: 136356K->882K(134080K)] 173698K->38296K(821056K), 0.0039600 secs] [Times: user=0.02 sys=0.00, real=0.01 secs] 
2014-07-08T04:15:50.564+0000: 108.780: [GC [PSYoungGen: 134025K->744K(131712K)] 171439K->38246K(818688K), 0.0027040 secs] [Times: user=0.01 sys=0.00, real=0.00 secs] 
2014-07-08T04:15:50.958+0000: 109.173: [GC [PSYoungGen: 131688K->680K(129472K)] 169190K->38254K(816448K), 0.0026880 secs] [Times: user=0.01 sys=0.00, real=0.01 secs] 
2014-07-08T04:15:51.473+0000: 109.689: [GC [PSYoungGen: 129448K->1022K(127680K)] 167022K->38676K(814656K), 0.0038300 secs] [Times: user=0.02 sys=0.00, real=0.00 secs] 
2014-07-08T04:15:51.833+0000: 110.048: [GC [PSYoungGen: 127678K->636K(125248K)] 165332K->38378K(812224K), 0.0032170 secs] [Times: user=0.02 sys=0.00, real=0.00 secs] 
2014-07-08T04:15:52.284+0000: 110.500: [GC [PSYoungGen: 125244K->730K(123392K)] 162986K->38496K(810368K), 0.0031760 secs] [Times: user=0.01 sys=0.00, real=0.00 secs] 
2014-07-08T04:15:52.691+0000: 110.907: [GC [PSYoungGen: 123354K->680K(121408K)] 161120K->38502K(808384K), 0.0025330 secs] [Times: user=0.01 sys=0.01, real=0.00 secs] 
2014-07-08T04:15:53.112+0000: 111.327: [GC [PSYoungGen: 121350K->890K(119680K)] 159172K->38792K(806656K), 0.0051590 secs] [Times: user=0.03 sys=0.00, real=0.00 secs] 
2014-07-08T04:15:53.552+0000: 111.768: [GC [PSYoungGen: 119674K->747K(117696K)] 157576K->38705K(804672K), 0.0051790 secs] [Times: user=0.03 sys=0.00, real=0.00 secs] 
2014-07-08T04:15:53.932+0000: 112.147: [GC [PSYoungGen: 117675K->680K(115840K)] 155633K->38726K(802816K), 0.0029900 secs] [Times: user=0.02 sys=0.00, real=0.00 secs] 
2014-07-08T04:15:54.360+0000: 112.575: [GC [PSYoungGen: 115806K->726K(114176K)] 153852K->38828K(801152K), 0.0056790 secs] [Times: user=0.03 sys=0.00, real=0.01 secs] 
2014-07-08T04:15:54.733+0000: 112.949: [GC [PSYoungGen: 114134K->1010K(112704K)] 152236K->39184K(799680K), 0.0024590 secs] [Times: user=0.01 sys=0.00, real=0.00 secs] 
2014-07-08T04:15:55.108+0000: 113.324: [GC [PSYoungGen: 112686K->612K(110656K)] 150860K->38866K(797632K), 0.0027870 secs] [Times: user=0.02 sys=0.01, real=0.01 secs] 
2014-07-08T04:15:55.510+0000: 113.725: [GC [PSYoungGen: 110628K->818K(109248K)] 148882K->39226K(796224K), 0.0030240 secs] [Times: user=0.02 sys=0.00, real=0.01 secs] 
2014-07-08T04:15:55.860+0000: 114.076: [GC [PSYoungGen: 109234K->911K(107776K)] 147642K->39399K(794752K), 0.0024520 secs] [Times: user=0.01 sys=0.00, real=0.00 secs] 
2014-07-08T04:15:56.253+0000: 114.469: [GC [PSYoungGen: 107709K->694K(105984K)] 146197K->39410K(792960K), 0.0028730 secs] [Times: user=0.02 sys=0.00, real=0.00 secs] 
2014-07-08T04:15:56.603+0000: 114.818: [GC [PSYoungGen: 105974K->796K(104640K)] 144690K->39529K(791616K), 0.0041420 secs] [Times: user=0.01 sys=0.00, real=0.00 secs] 
2014-07-08T04:15:56.955+0000: 115.171: [GC [PSYoungGen: 104604K->928K(103296K)] 143337K->39772K(790272K), 0.0022880 secs] [Times: user=0.01 sys=0.01, real=0.00 secs] 
2014-07-08T04:15:57.325+0000: 115.540: [GC [PSYoungGen: 103264K->1160K(102144K)] 142108K->40052K(789120K), 0.0057180 secs] [Times: user=0.03 sys=0.00, real=0.00 secs] 
2014-07-08T04:15:57.649+0000: 115.865: [GC [PSYoungGen: 102065K->292K(99840K)] 140957K->39650K(786816K), 0.0025540 secs] [Times: user=0.01 sys=0.00, real=0.01 secs] 
2014-07-08T04:15:57.995+0000: 116.210: [GC [PSYoungGen: 99812K->1182K(99392K)] 139170K->40620K(786368K), 0.0030550 secs] [Times: user=0.01 sys=0.00, real=0.00 secs] 
2014-07-08T04:15:58.363+0000: 116.578: [GC [PSYoungGen: 99345K->940K(97792K)] 138784K->40724K(784768K), 0.0047950 secs] [Times: user=0.02 sys=0.00, real=0.00 secs] 
2014-07-08T04:15:58.758+0000: 116.974: [GC [PSYoungGen: 97772K->1136K(96704K)] 137556K->40984K(783680K), 0.0027370 secs] [Times: user=0.02 sys=0.00, real=0.01 secs] 
2014-07-08T04:15:59.052+0000: 117.268: [GC [PSYoungGen: 96688K->612K(94912K)] 136536K->40516K(781888K), 0.0029420 secs] [Times: user=0.01 sys=0.00, real=0.00 secs] 
2014-07-08T04:15:59.366+0000: 117.582: [GC [PSYoungGen: 94863K->1086K(94144K)] 134767K->41070K(781120K), 0.0038590 secs] [Times: user=0.02 sys=0.00, real=0.00 secs] 
2014-07-08T04:15:59.654+0000: 117.870: [GC [PSYoungGen: 94142K->648K(92544K)] 134126K->40704K(779520K), 0.0032580 secs] [Times: user=0.02 sys=0.00, real=0.00 secs] 
2014-07-08T04:15:59.970+0000: 118.186: [GC [PSYoungGen: 92440K->794K(111040K)] 132497K->40954K(798016K), 0.0037580 secs] [Times: user=0.02 sys=0.00, real=0.01 secs] 
2014-07-08T04:16:00.358+0000: 118.573: [GC [PSYoungGen: 111002K->890K(109504K)] 151162K->41106K(796480K), 0.0030750 secs] [Times: user=0.02 sys=0.00, real=0.00 secs] 
2014-07-08T04:16:00.726+0000: 118.941: [GC [PSYoungGen: 109498K->836K(107904K)] 149714K->41124K(794880K), 0.0027840 secs] [Times: user=0.01 sys=0.00, real=0.00 secs] 
2014-07-08T04:16:01.102+0000: 119.318: [GC [PSYoungGen: 107844K->950K(106432K)] 148132K->41368K(793408K), 0.0024930 secs] [Times: user=0.01 sys=0.00, real=0.00 secs] 
2014-07-08T04:16:01.496+0000: 119.712: [GC [PSYoungGen: 106385K->1255K(105280K)] 146804K->41786K(792256K), 0.0051440 secs] [Times: user=0.02 sys=0.00, real=0.01 secs] 
2014-07-08T04:16:01.813+0000: 120.028: [GC [PSYoungGen: 105236K->370K(102912K)] 145767K->41084K(789888K), 0.0032340 secs] [Times: user=0.02 sys=0.00, real=0.00 secs] 
2014-07-08T04:16:02.160+0000: 120.376: [GC [PSYoungGen: 102898K->986K(102144K)] 143612K->41764K(789120K), 0.0025150 secs] [Times: user=0.01 sys=0.00, real=0.01 secs] 
2014-07-08T04:16:02.531+0000: 120.747: [GC [PSYoungGen: 102071K->662K(100416K)] 142850K->41670K(787392K), 0.0036630 secs] [Times: user=0.02 sys=0.00, real=0.00 secs] 
2014-07-08T04:16:02.854+0000: 121.070: [GC [PSYoungGen: 100364K->726K(99136K)] 141373K->41798K(786112K), 0.0031430 secs] [Times: user=0.01 sys=0.00, real=0.00 secs] 
2014-07-08T04:16:03.197+0000: 121.413: [GC [PSYoungGen: 99063K->932K(97984K)] 140135K->42060K(784960K), 0.0025130 secs] [Times: user=0.01 sys=0.00, real=0.00 secs] 
2014-07-08T04:16:03.534+0000: 121.750: [GC [PSYoungGen: 97956K->562K(96320K)] 139084K->41754K(783296K), 0.0025870 secs] [Times: user=0.01 sys=0.00, real=0.00 secs] 
2014-07-08T04:16:03.880+0000: 122.096: [GC [PSYoungGen: 96269K->861K(115840K)] 137461K->42077K(802816K), 0.0068620 secs] [Times: user=0.03 sys=0.00, real=0.01 secs] 
2014-07-08T04:16:04.268+0000: 122.483: [GC [PSYoungGen: 115789K->1070K(139072K)] 157005K->42342K(826048K), 0.0036310 secs] [Times: user=0.01 sys=0.00, real=0.00 secs] 
2014-07-08T04:16:04.741+0000: 122.957: [GC [PSYoungGen: 139054K->694K(136320K)] 180326K->42030K(823296K), 0.0031070 secs] [Times: user=0.01 sys=0.01, real=0.01 secs] 
2014-07-08T04:16:05.220+0000: 123.436: [GC [PSYoungGen: 136309K->1088K(163904K)] 177645K->42488K(850880K), 0.0059950 secs] [Times: user=0.04 sys=0.00, real=0.01 secs] 
2014-07-08T04:16:05.795+0000: 124.011: [GC [PSYoungGen: 163840K->498K(160128K)] 205240K->41938K(847104K), 0.0045410 secs] [Times: user=0.03 sys=0.00, real=0.00 secs] 
2014-07-08T04:16:06.374+0000: 124.590: [GC [PSYoungGen: 160114K->1042K(157696K)] 201554K->42571K(844672K), 0.0044480 secs] [Times: user=0.03 sys=0.00, real=0.00 secs] 
2014-07-08T04:16:06.897+0000: 125.113: [GC [PSYoungGen: 157649K->690K(154368K)] 199178K->42266K(841344K), 0.0038980 secs] [Times: user=0.02 sys=0.00, real=0.00 secs] 
2014-07-08T04:16:07.537+0000: 125.753: [GC [PSYoungGen: 154354K->1230K(152128K)] 195930K->42887K(839104K), 0.0027400 secs] [Times: user=0.01 sys=0.00, real=0.00 secs] 
2014-07-08T04:16:07.968+0000: 126.183: [GC [PSYoungGen: 152078K->812K(148928K)] 193735K->42532K(835904K), 0.0031210 secs] [Times: user=0.01 sys=0.00, real=0.00 secs] 
2014-07-08T04:16:08.492+0000: 126.707: [GC [PSYoungGen: 148895K->822K(146240K)] 190615K->42622K(833216K), 0.0034700 secs] [Times: user=0.01 sys=0.00, real=0.01 secs] 
2014-07-08T04:16:09.016+0000: 127.232: [GC [PSYoungGen: 146208K->946K(143808K)] 188009K->42786K(830784K), 0.0030120 secs] [Times: user=0.02 sys=0.00, real=0.00 secs] 
2014-07-08T04:16:09.503+0000: 127.719: [GC [PSYoungGen: 143794K->1036K(141440K)] 185634K->42972K(828416K), 0.0030390 secs] [Times: user=0.01 sys=0.00, real=0.00 secs] 
2014-07-08T04:16:09.950+0000: 128.166: [GC [PSYoungGen: 141369K->822K(138752K)] 183305K->42880K(825728K), 0.0030220 secs] [Times: user=0.02 sys=0.01, real=0.01 secs] 
2014-07-08T04:16:10.498+0000: 128.714: [GC [PSYoungGen: 138742K->940K(136512K)] 180800K->43038K(823488K), 0.0047060 secs] [Times: user=0.03 sys=0.00, real=0.00 secs] 
2014-07-08T04:16:10.888+0000: 129.104: [GC [PSYoungGen: 136458K->897K(134208K)] 178557K->43141K(821184K), 0.0020080 secs] [Times: user=0.01 sys=0.00, real=0.00 secs] 
2014-07-08T04:16:11.383+0000: 129.599: [GC [PSYoungGen: 134145K->1110K(132160K)] 176389K->43442K(819136K), 0.0032790 secs] [Times: user=0.02 sys=0.01, real=0.00 secs] 
2014-07-08T04:16:11.812+0000: 130.027: [GC [PSYoungGen: 132110K->498K(129344K)] 174442K->42942K(816320K), 0.0046920 secs] [Times: user=0.02 sys=0.00, real=0.01 secs] 
2014-07-08T04:16:12.255+0000: 130.471: [GC [PSYoungGen: 129330K->932K(127680K)] 171774K->43441K(814656K), 0.0033280 secs] [Times: user=0.02 sys=0.00, real=0.00 secs] 
2014-07-08T04:16:12.688+0000: 130.904: [GC [PSYoungGen: 127652K->598K(125312K)] 170161K->43186K(812288K), 0.0024230 secs] [Times: user=0.02 sys=0.00, real=0.00 secs] 
2014-07-08T04:16:13.117+0000: 131.333: [GC [PSYoungGen: 125270K->858K(123584K)] 167858K->43502K(810560K), 0.0053720 secs] [Times: user=0.02 sys=0.00, real=0.00 secs] 
2014-07-08T04:16:13.557+0000: 131.773: [GC [PSYoungGen: 123546K->694K(121472K)] 166190K->43442K(808448K), 0.0019440 secs] [Times: user=0.01 sys=0.00, real=0.00 secs] 
2014-07-08T04:16:13.991+0000: 132.207: [GC [PSYoungGen: 121462K->974K(119872K)] 164210K->43786K(806848K), 0.0035630 secs] [Times: user=0.02 sys=0.00, real=0.01 secs] 
2014-07-08T04:16:14.392+0000: 132.608: [GC [PSYoungGen: 119822K->747K(117760K)] 162634K->43599K(804736K), 0.0049750 secs] [Times: user=0.02 sys=0.00, real=0.01 secs] 
2014-07-08T04:16:14.785+0000: 133.001: [GC [PSYoungGen: 117739K->826K(116032K)] 160591K->43766K(803008K), 0.0032480 secs] [Times: user=0.02 sys=0.00, real=0.00 secs] 
2014-07-08T04:16:15.179+0000: 133.395: [GC [PSYoungGen: 116026K->982K(114496K)] 158966K->43978K(801472K), 0.0043840 secs] [Times: user=0.02 sys=0.00, real=0.01 secs] 
2014-07-08T04:16:15.668+0000: 133.884: [GC [PSYoungGen: 114454K->1032K(112832K)] 157450K->44132K(799808K), 0.0031960 secs] [Times: user=0.02 sys=0.00, real=0.00 secs] 
2014-07-08T04:16:15.968+0000: 134.184: [GC [PSYoungGen: 112776K->491K(110592K)] 155876K->43886K(797568K), 0.0042470 secs] [Times: user=0.03 sys=0.00, real=0.00 secs] 
2014-07-08T04:16:16.389+0000: 134.605: [GC [PSYoungGen: 110571K->854K(109376K)] 153966K->44297K(796352K), 0.0026130 secs] [Times: user=0.01 sys=0.00, real=0.00 secs] 
2014-07-08T04:16:16.733+0000: 134.948: [GC [PSYoungGen: 109334K->722K(130944K)] 152777K->44248K(817920K), 0.0084200 secs] [Times: user=0.04 sys=0.00, real=0.01 secs] 
2014-07-08T04:16:17.188+0000: 135.404: [GC [PSYoungGen: 130898K->886K(157120K)] 174424K->44499K(844096K), 0.0032620 secs] [Times: user=0.01 sys=0.00, real=0.00 secs] 
2014-07-08T04:16:17.721+0000: 135.936: [GC [PSYoungGen: 157110K->808K(167744K)] 200723K->44509K(854720K), 0.0046350 secs] [Times: user=0.02 sys=0.00, real=0.01 secs] 
2014-07-08T04:16:18.307+0000: 136.522: [GC [PSYoungGen: 167720K->858K(164544K)] 211421K->44631K(851520K), 0.0025470 secs] [Times: user=0.01 sys=0.00, real=0.00 secs] 
2014-07-08T04:16:18.865+0000: 137.081: [GC [PSYoungGen: 164506K->306K(160832K)] 208279K->44443K(847808K), 0.0025760 secs] [Times: user=0.01 sys=0.00, real=0.00 secs] 
2014-07-08T04:16:19.498+0000: 137.714: [GC [PSYoungGen: 160818K->1136K(158592K)] 204955K->45459K(845568K), 0.0049490 secs] [Times: user=0.03 sys=0.00, real=0.00 secs] 
2014-07-08T04:16:19.961+0000: 138.177: [GC [PSYoungGen: 158576K->516K(155072K)] 202899K->44969K(842048K), 0.0039390 secs] [Times: user=0.02 sys=0.00, real=0.01 secs] 
2014-07-08T04:16:20.551+0000: 138.767: [GC [PSYoungGen: 155012K->968K(152640K)] 199465K->45501K(839616K), 0.0044880 secs] [Times: user=0.03 sys=0.00, real=0.01 secs] 
2014-07-08T04:16:21.011+0000: 139.227: [GC [PSYoungGen: 152584K->776K(149696K)] 197117K->45381K(836672K), 0.0034520 secs] [Times: user=0.01 sys=0.00, real=0.01 secs] 
2014-07-08T04:16:21.549+0000: 139.765: [GC [PSYoungGen: 149640K->1006K(147200K)] 194245K->45668K(834176K), 0.0042370 secs] [Times: user=0.02 sys=0.00, real=0.00 secs] 
2014-07-08T04:16:22.028+0000: 140.244: [GC [PSYoungGen: 147182K->755K(144320K)] 191844K->45663K(831296K), 0.0033980 secs] [Times: user=0.01 sys=0.01, real=0.00 secs] 
2014-07-08T04:16:22.518+0000: 140.733: [GC [PSYoungGen: 144307K->654K(141696K)] 189215K->45602K(828672K), 0.0021780 secs] [Times: user=0.01 sys=0.00, real=0.00 secs] 
2014-07-08T04:16:23.016+0000: 141.231: [GC [PSYoungGen: 141646K->708K(139328K)] 186594K->45703K(826304K), 0.0043080 secs] [Times: user=0.02 sys=0.00, real=0.00 secs] 
2014-07-08T04:16:23.485+0000: 141.701: [GC [PSYoungGen: 139268K->918K(137152K)] 184263K->45986K(824128K), 0.0033890 secs] [Times: user=0.02 sys=0.00, real=0.00 secs] 
2014-07-08T04:16:23.962+0000: 142.177: [GC [PSYoungGen: 137081K->854K(134784K)] 182149K->46001K(821760K), 0.0043670 secs] [Times: user=0.02 sys=0.00, real=0.01 secs] 
2014-07-08T04:16:24.558+0000: 142.774: [GC [PSYoungGen: 134649K->1257K(132928K)] 179797K->46609K(819904K), 0.0036360 secs] [Times: user=0.02 sys=0.00, real=0.00 secs] 
2014-07-08T04:16:24.886+0000: 143.101: [GC [PSYoungGen: 132905K->448K(129920K)] 178257K->45903K(816896K), 0.0032920 secs] [Times: user=0.02 sys=0.01, real=0.00 secs] 
2014-07-08T04:16:25.350+0000: 143.565: [GC [PSYoungGen: 129879K->840K(128256K)] 175335K->46336K(815232K), 0.0035510 secs] [Times: user=0.01 sys=0.00, real=0.00 secs] 
2014-07-08T04:16:25.774+0000: 143.990: [GC [PSYoungGen: 128200K->690K(126016K)] 173696K->46257K(812992K), 0.0045480 secs] [Times: user=0.03 sys=0.00, real=0.01 secs] 
2014-07-08T04:16:26.208+0000: 144.423: [GC [PSYoungGen: 126002K->1028K(124352K)] 171569K->46660K(811328K), 0.0031130 secs] [Times: user=0.01 sys=0.00, real=0.00 secs] 
2014-07-08T04:16:26.633+0000: 144.849: [GC [PSYoungGen: 124291K->598K(121920K)] 169923K->46270K(808896K), 0.0063860 secs] [Times: user=0.04 sys=0.00, real=0.01 secs] 
2014-07-08T04:16:27.049+0000: 145.264: [GC [PSYoungGen: 121838K->626K(146176K)] 167510K->46361K(833152K), 0.0051330 secs] [Times: user=0.03 sys=0.00, real=0.00 secs] 
2014-07-08T04:16:27.559+0000: 145.775: [GC [PSYoungGen: 146126K->830K(159360K)] 191862K->46630K(846336K), 0.0065230 secs] [Times: user=0.04 sys=0.01, real=0.01 secs] 
2014-07-08T04:16:28.106+0000: 146.322: [GC [PSYoungGen: 158846K->662K(159296K)] 204646K->46526K(846272K), 0.0047620 secs] [Times: user=0.02 sys=0.00, real=0.00 secs] 
2014-07-08T04:16:28.647+0000: 146.862: [GC [PSYoungGen: 158652K->758K(155840K)] 204516K->46662K(842816K), 0.0035060 secs] [Times: user=0.01 sys=0.00, real=0.00 secs] 
2014-07-08T04:16:29.213+0000: 147.429: [GC [PSYoungGen: 155830K->886K(153088K)] 201734K->46838K(840064K), 0.0027910 secs] [Times: user=0.01 sys=0.00, real=0.01 secs] 
2014-07-08T04:16:29.703+0000: 147.919: [GC [PSYoungGen: 153078K->544K(149952K)] 199030K->46599K(836928K), 0.0028130 secs] [Times: user=0.01 sys=0.00, real=0.00 secs] 
2014-07-08T04:16:30.228+0000: 148.443: [GC [PSYoungGen: 149920K->772K(147520K)] 195975K->46900K(834496K), 0.0025570 secs] [Times: user=0.01 sys=0.00, real=0.00 secs] 
2014-07-08T04:16:30.721+0000: 148.937: [GC [PSYoungGen: 147460K->993K(145088K)] 193588K->47193K(832064K), 0.0097750 secs] [Times: user=0.06 sys=0.00, real=0.01 secs] 
2014-07-08T04:16:31.233+0000: 149.448: [GC [PSYoungGen: 145057K->790K(142336K)] 191257K->47094K(829312K), 0.0032420 secs] [Times: user=0.02 sys=0.00, real=0.00 secs] 
2014-07-08T04:16:31.740+0000: 149.955: [GC [PSYoungGen: 142294K->622K(139648K)] 188598K->47805K(826624K), 0.0042670 secs] [Times: user=0.02 sys=0.00, real=0.00 secs] 
2014-07-08T04:16:32.195+0000: 150.410: [GC [PSYoungGen: 139630K->1030K(137664K)] 186813K->48260K(824640K), 0.0051150 secs] [Times: user=0.02 sys=0.00, real=0.01 secs] 
2014-07-08T04:16:32.710+0000: 150.926: [GC [PSYoungGen: 137606K->822K(135104K)] 184836K->48390K(822080K), 0.0046200 secs] [Times: user=0.03 sys=0.00, real=0.00 secs] 
2014-07-08T04:16:33.146+0000: 151.362: [GC [PSYoungGen: 135073K->708K(132800K)] 182641K->48380K(819776K), 0.0026230 secs] [Times: user=0.01 sys=0.00, real=0.00 secs] 
2014-07-08T04:16:33.618+0000: 151.834: [GC [PSYoungGen: 132740K->726K(130624K)] 180412K->48478K(817600K), 0.0029320 secs] [Times: user=0.01 sys=0.00, real=0.00 secs] 
2014-07-08T04:16:34.061+0000: 152.276: [GC [PSYoungGen: 130582K->762K(128512K)] 178334K->48610K(815488K), 0.0025910 secs] [Times: user=0.01 sys=0.00, real=0.00 secs] 
2014-07-08T04:16:34.534+0000: 152.750: [GC [PSYoungGen: 128506K->936K(126592K)] 176354K->48888K(813568K), 0.0024340 secs] [Times: user=0.01 sys=0.00, real=0.01 secs] 
2014-07-08T04:16:34.941+0000: 153.157: [GC [PSYoungGen: 126568K->854K(124480K)] 174520K->48854K(811456K), 0.0047580 secs] [Times: user=0.02 sys=0.01, real=0.01 secs] 
2014-07-08T04:16:35.385+0000: 153.600: [GC [PSYoungGen: 124412K->762K(122368K)] 172413K->48858K(809344K), 0.0050140 secs] [Times: user=0.03 sys=0.00, real=0.01 secs] 
2014-07-08T04:16:35.791+0000: 154.007: [GC [PSYoungGen: 122362K->826K(120512K)] 170458K->49010K(807488K), 0.0043140 secs] [Times: user=0.02 sys=0.00, real=0.00 secs] 
2014-07-08T04:16:36.211+0000: 154.427: [GC [PSYoungGen: 120506K->708K(118592K)] 168690K->48948K(805568K), 0.0024700 secs] [Times: user=0.01 sys=0.00, real=0.00 secs] 
2014-07-08T04:16:36.623+0000: 154.838: [GC [PSYoungGen: 118532K->872K(116928K)] 166772K->49224K(803904K), 0.0035810 secs] [Times: user=0.02 sys=0.00, real=0.00 secs] 
2014-07-08T04:16:37.015+0000: 155.230: [GC [PSYoungGen: 116904K->676K(114944K)] 165256K->49124K(801920K), 0.0035830 secs] [Times: user=0.02 sys=0.00, real=0.01 secs] 
2014-07-08T04:16:37.474+0000: 155.689: [GC [PSYoungGen: 114916K->1149K(113664K)] 163364K->49823K(800640K), 0.0028610 secs] [Times: user=0.01 sys=0.00, real=0.00 secs] 
2014-07-08T04:16:37.802+0000: 156.017: [GC [PSYoungGen: 113661K->488K(135552K)] 162335K->49218K(822528K), 0.0118720 secs] [Times: user=0.06 sys=0.00, real=0.01 secs] 
2014-07-08T04:16:38.346+0000: 156.561: [GC [PSYoungGen: 135528K->986K(163072K)] 184258K->49796K(850048K), 0.0027290 secs] [Times: user=0.01 sys=0.01, real=0.01 secs] 
2014-07-08T04:16:38.845+0000: 157.060: [GC [PSYoungGen: 163034K->946K(181056K)] 211844K->49812K(868032K), 0.0033570 secs] [Times: user=0.01 sys=0.00, real=0.01 secs] 
2014-07-08T04:16:39.588+0000: 157.804: [GC [PSYoungGen: 180786K->1090K(177344K)] 229652K->50028K(864320K), 0.0030240 secs] [Times: user=0.01 sys=0.00, real=0.00 secs] 
2014-07-08T04:16:40.134+0000: 158.350: [GC [PSYoungGen: 177282K->234K(172928K)] 226220K->49786K(859904K), 0.0036570 secs] [Times: user=0.02 sys=0.00, real=0.01 secs] 
2014-07-08T04:16:40.719+0000: 158.934: [GC [PSYoungGen: 172906K->1290K(170560K)] 222458K->50890K(857536K), 0.0055000 secs] [Times: user=0.03 sys=0.00, real=0.00 secs] 
2014-07-08T04:16:41.293+0000: 159.509: [GC [PSYoungGen: 170498K->986K(166912K)] 220098K->51362K(853888K), 0.0043640 secs] [Times: user=0.01 sys=0.01, real=0.01 secs] 
2014-07-08T04:16:41.842+0000: 160.058: [GC [PSYoungGen: 166874K->826K(163520K)] 217250K->51282K(850496K), 0.0030220 secs] [Times: user=0.02 sys=0.00, real=0.00 secs] 
2014-07-08T04:16:42.436+0000: 160.651: [GC [PSYoungGen: 163514K->1000K(178496K)] 213970K->51623K(865472K), 0.0111950 secs] [Times: user=0.06 sys=0.00, real=0.02 secs] 
2014-07-08T04:16:43.028+0000: 161.244: [GC [PSYoungGen: 178472K->897K(174848K)] 229095K->51600K(861824K), 0.0033800 secs] [Times: user=0.02 sys=0.00, real=0.00 secs] 
2014-07-08T04:16:43.658+0000: 161.873: [GC [PSYoungGen: 174739K->555K(171008K)] 225442K->51463K(857984K), 0.0032730 secs] [Times: user=0.02 sys=0.00, real=0.01 secs] 
2014-07-08T04:16:44.277+0000: 162.493: [GC [PSYoungGen: 170984K->850K(167936K)] 221893K->51782K(854912K), 0.0078370 secs] [Times: user=0.04 sys=0.01, real=0.01 secs] 
2014-07-08T04:16:44.815+0000: 163.031: [GC [PSYoungGen: 167859K->808K(164608K)] 218792K->51828K(851584K), 0.0029440 secs] [Times: user=0.02 sys=0.00, real=0.01 secs] 
2014-07-08T04:16:45.414+0000: 163.630: [GC [PSYoungGen: 164584K->1160K(161856K)] 215604K->52244K(848832K), 0.0029800 secs] [Times: user=0.01 sys=0.00, real=0.00 secs] 
2014-07-08T04:16:45.927+0000: 164.143: [GC [PSYoungGen: 161785K->701K(158272K)] 212869K->51973K(845248K), 0.0027610 secs] [Times: user=0.01 sys=0.00, real=0.01 secs] 
2014-07-08T04:16:46.490+0000: 164.706: [GC [PSYoungGen: 158269K->1196K(155840K)] 209541K->52548K(842816K), 0.0050570 secs] [Times: user=0.03 sys=0.01, real=0.00 secs] 
2014-07-08T04:16:47.025+0000: 165.240: [GC [PSYoungGen: 155820K->808K(152576K)] 207172K->52240K(839552K), 0.0023740 secs] [Times: user=0.01 sys=0.00, real=0.00 secs] 
2014-07-08T04:16:47.553+0000: 165.769: [GC [PSYoungGen: 152552K->562K(149568K)] 203984K->52066K(836544K), 0.0047340 secs] [Times: user=0.03 sys=0.00, real=0.01 secs] 
2014-07-08T04:16:48.074+0000: 166.290: [GC [PSYoungGen: 149541K->722K(147072K)] 201045K->52298K(834048K), 0.0031270 secs] [Times: user=0.01 sys=0.00, real=0.00 secs] 
2014-07-08T04:16:48.670+0000: 166.885: [GC [PSYoungGen: 147026K->975K(144704K)] 198602K->52639K(831680K), 0.0047610 secs] [Times: user=0.02 sys=0.00, real=0.00 secs] 
2014-07-08T04:16:49.110+0000: 167.325: [GC [PSYoungGen: 144646K->744K(141888K)] 196311K->52480K(828864K), 0.0030330 secs] [Times: user=0.02 sys=0.00, real=0.00 secs] 
2014-07-08T04:16:49.606+0000: 167.822: [GC [PSYoungGen: 141864K->530K(139200K)] 193600K->52306K(826176K), 0.0044150 secs] [Times: user=0.02 sys=0.00, real=0.01 secs] 
2014-07-08T04:16:50.080+0000: 168.296: [GC [PSYoungGen: 139154K->634K(136896K)] 190930K->52458K(823872K), 0.0056690 secs] [Times: user=0.03 sys=0.00, real=0.00 secs] 
2014-07-08T04:16:50.556+0000: 168.772: [GC [PSYoungGen: 136880K->744K(134720K)] 188704K->52656K(821696K), 0.0033790 secs] [Times: user=0.02 sys=0.00, real=0.01 secs] 
2014-07-08T04:16:51.029+0000: 169.244: [GC [PSYoungGen: 134696K->876K(132608K)] 186608K->52868K(819584K), 0.0038700 secs] [Times: user=0.02 sys=0.00, real=0.01 secs] 
2014-07-08T04:16:51.489+0000: 169.705: [GC [PSYoungGen: 132588K->812K(130368K)] 184580K->52884K(817344K), 0.0037150 secs] [Times: user=0.03 sys=0.00, real=0.00 secs] 
2014-07-08T04:16:51.935+0000: 170.150: [GC [PSYoungGen: 130341K->876K(128320K)] 182413K->53044K(815296K), 0.0027500 secs] [Times: user=0.01 sys=0.00, real=0.00 secs] 
2014-07-08T04:16:52.383+0000: 170.598: [GC [PSYoungGen: 128300K->840K(126272K)] 180468K->53088K(813248K), 0.0035610 secs] [Times: user=0.02 sys=0.00, real=0.00 secs] 
2014-07-08T04:16:52.809+0000: 171.025: [GC [PSYoungGen: 126216K->776K(124160K)] 178464K->53112K(811136K), 0.0042350 secs] [Times: user=0.02 sys=0.00, real=0.00 secs] 
2014-07-08T04:16:53.249+0000: 171.465: [GC [PSYoungGen: 124066K->648K(122048K)] 176402K->53024K(809024K), 0.0050120 secs] [Times: user=0.03 sys=0.00, real=0.01 secs] 
2014-07-08T04:16:53.667+0000: 171.882: [GC [PSYoungGen: 121990K->676K(120128K)] 174367K->53108K(807104K), 0.0029200 secs] [Times: user=0.01 sys=0.00, real=0.01 secs] 
2014-07-08T04:16:54.082+0000: 172.298: [GC [PSYoungGen: 120067K->712K(118336K)] 172500K->53232K(805312K), 0.0041530 secs] [Times: user=0.02 sys=0.00, real=0.00 secs] 
2014-07-08T04:16:54.550+0000: 172.766: [GC [PSYoungGen: 118280K->992K(116800K)] 170800K->53680K(803776K), 0.0052990 secs] [Times: user=0.03 sys=0.00, real=0.00 secs] 
2014-07-08T04:16:54.884+0000: 173.100: [GC [PSYoungGen: 116768K->744K(114752K)] 169456K->53504K(801728K), 0.0045400 secs] [Times: user=0.03 sys=0.00, real=0.01 secs] 
2014-07-08T04:16:55.291+0000: 173.506: [GC [PSYoungGen: 114728K->826K(137664K)] 167488K->53724K(824640K), 0.0041790 secs] [Times: user=0.02 sys=0.00, real=0.00 secs] 
2014-07-08T04:16:55.761+0000: 173.977: [GC [PSYoungGen: 137657K->648K(164928K)] 190555K->53602K(851904K), 0.0050310 secs] [Times: user=0.03 sys=0.00, real=0.00 secs] 
2014-07-08T04:16:56.404+0000: 174.619: [GC [PSYoungGen: 164872K->1088K(162240K)] 217826K->54122K(849216K), 0.0042170 secs] [Times: user=0.02 sys=0.00, real=0.00 secs] 
2014-07-08T04:16:56.916+0000: 175.132: [GC [PSYoungGen: 162176K->911K(158976K)] 215210K->54041K(845952K), 0.0024600 secs] [Times: user=0.01 sys=0.01, real=0.00 secs] 
2014-07-08T04:16:57.485+0000: 175.701: [GC [PSYoungGen: 158927K->626K(155712K)] 212057K->54237K(842688K), 0.0065410 secs] [Times: user=0.04 sys=0.00, real=0.01 secs] 
2014-07-08T04:16:58.010+0000: 176.226: [GC [PSYoungGen: 155698K->1154K(153408K)] 209309K->54821K(840384K), 0.0039800 secs] [Times: user=0.02 sys=0.01, real=0.00 secs] 
2014-07-08T04:16:58.540+0000: 176.756: [GC [PSYoungGen: 153346K->865K(150272K)] 207013K->54928K(837248K), 0.0025210 secs] [Times: user=0.01 sys=0.00, real=0.00 secs] 
2014-07-08T04:16:59.064+0000: 177.280: [GC [PSYoungGen: 150241K->794K(147520K)] 204304K->54929K(834496K), 0.0029590 secs] [Times: user=0.01 sys=0.00, real=0.00 secs] 
2014-07-08T04:16:59.596+0000: 177.811: [GC [PSYoungGen: 147438K->1004K(145088K)] 201573K->55353K(832064K), 0.0029210 secs] [Times: user=0.01 sys=0.00, real=0.00 secs] 
2014-07-08T04:17:00.082+0000: 178.298: [GC [PSYoungGen: 145068K->910K(142464K)] 199417K->55363K(829440K), 0.0022930 secs] [Times: user=0.01 sys=0.00, real=0.00 secs] 
2014-07-08T04:17:00.574+0000: 178.789: [GC [PSYoungGen: 142414K->893K(139904K)] 196867K->55500K(826880K), 0.0035510 secs] [Times: user=0.02 sys=0.00, real=0.00 secs] 
2014-07-08T04:17:01.054+0000: 179.270: [GC [PSYoungGen: 139901K->694K(137280K)] 194508K->55365K(824256K), 0.0047120 secs] [Times: user=0.03 sys=0.01, real=0.00 secs] 
2014-07-08T04:17:01.523+0000: 179.739: [GC [PSYoungGen: 137270K->718K(135040K)] 191941K->55469K(822016K), 0.0021960 secs] [Times: user=0.01 sys=0.00, real=0.00 secs] 
2014-07-08T04:17:01.981+0000: 180.197: [GC [PSYoungGen: 134977K->832K(132928K)] 189728K->55663K(819904K), 0.0039650 secs] [Times: user=0.01 sys=0.00, real=0.00 secs] 
2014-07-08T04:17:02.443+0000: 180.659: [GC [PSYoungGen: 132864K->740K(130624K)] 187695K->55651K(817600K), 0.0036700 secs] [Times: user=0.03 sys=0.00, real=0.00 secs] 
2014-07-08T04:17:02.885+0000: 181.101: [GC [PSYoungGen: 130596K->598K(128384K)] 185507K->55581K(815360K), 0.0053050 secs] [Times: user=0.04 sys=0.00, real=0.00 secs] 
2014-07-08T04:17:03.342+0000: 181.558: [GC [PSYoungGen: 128342K->808K(126464K)] 183325K->55879K(813440K), 0.0041770 secs] [Times: user=0.03 sys=0.00, real=0.00 secs] 
2014-07-08T04:17:03.779+0000: 181.995: [GC [PSYoungGen: 126440K->922K(124544K)] 181511K->56073K(811520K), 0.0040250 secs] [Times: user=0.02 sys=0.01, real=0.01 secs] 
2014-07-08T04:17:04.205+0000: 182.421: [GC [PSYoungGen: 124501K->776K(122432K)] 179652K->56067K(809408K), 0.0058150 secs] [Times: user=0.03 sys=0.00, real=0.00 secs] 
2014-07-08T04:17:04.745+0000: 182.961: [GC [PSYoungGen: 122375K->968K(120704K)] 177667K->56363K(807680K), 0.0037670 secs] [Times: user=0.02 sys=0.00, real=0.00 secs] 
2014-07-08T04:17:05.034+0000: 183.250: [GC [PSYoungGen: 120624K->612K(144256K)] 176019K->56063K(831232K), 0.0040090 secs] [Times: user=0.02 sys=0.00, real=0.00 secs] 
2014-07-08T04:17:05.541+0000: 183.757: [GC [PSYoungGen: 144197K->958K(142016K)] 199648K->56489K(828992K), 0.0023700 secs] [Times: user=0.01 sys=0.01, real=0.00 secs] 
2014-07-08T04:17:06.019+0000: 184.235: [GC [PSYoungGen: 141966K->960K(139648K)] 197497K->56556K(826624K), 0.0038470 secs] [Times: user=0.02 sys=0.00, real=0.01 secs] 
2014-07-08T04:17:06.519+0000: 184.734: [GC [PSYoungGen: 139584K->850K(137152K)] 195180K->56541K(824128K), 0.0039110 secs] [Times: user=0.02 sys=0.00, real=0.01 secs] 
2014-07-08T04:17:06.984+0000: 185.200: [GC [PSYoungGen: 137106K->698K(134656K)] 192797K->56487K(821632K), 0.0047660 secs] [Times: user=0.02 sys=0.01, real=0.00 secs] 
2014-07-08T04:17:07.472+0000: 185.688: [GC [PSYoungGen: 134650K->1032K(132800K)] 190439K->56861K(819776K), 0.0032840 secs] [Times: user=0.01 sys=0.00, real=0.00 secs] 
2014-07-08T04:17:07.897+0000: 186.112: [GC [PSYoungGen: 132722K->680K(130240K)] 188552K->56573K(817216K), 0.0041950 secs] [Times: user=0.02 sys=0.00, real=0.00 secs] 
2014-07-08T04:17:08.342+0000: 186.557: [GC [PSYoungGen: 130167K->862K(128320K)] 186060K->56819K(815296K), 0.0023370 secs] [Times: user=0.01 sys=0.00, real=0.00 secs] 
2014-07-08T04:17:08.777+0000: 186.992: [GC [PSYoungGen: 128286K->512K(125888K)] 184243K->56517K(812864K), 0.0032080 secs] [Times: user=0.02 sys=0.00, real=0.00 secs] 
2014-07-08T04:17:09.213+0000: 187.429: [GC [PSYoungGen: 125874K->1167K(124544K)] 181879K->57244K(811520K), 0.0063150 secs] [Times: user=0.04 sys=0.00, real=0.00 secs] 
2014-07-08T04:17:09.658+0000: 187.873: [GC [PSYoungGen: 124479K->736K(122112K)] 180556K->56909K(809088K), 0.0028410 secs] [Times: user=0.02 sys=0.00, real=0.00 secs] 
2014-07-08T04:17:10.047+0000: 188.262: [GC [PSYoungGen: 122046K->880K(146560K)] 178219K->57101K(833536K), 0.0111160 secs] [Times: user=0.06 sys=0.00, real=0.01 secs] 
2014-07-08T04:17:10.594+0000: 188.809: [GC [PSYoungGen: 146531K->772K(152320K)] 202753K->57073K(839296K), 0.0051640 secs] [Times: user=0.03 sys=0.00, real=0.00 secs] 
2014-07-08T04:17:11.077+0000: 189.293: [GC [PSYoungGen: 152112K->911K(152640K)] 208413K->57276K(839616K), 0.0061840 secs] [Times: user=0.04 sys=0.00, real=0.01 secs] 
2014-07-08T04:17:11.671+0000: 189.887: [GC [PSYoungGen: 152254K->1172K(182720K)] 208620K->57585K(869696K), 0.0078610 secs] [Times: user=0.03 sys=0.00, real=0.01 secs] 
2014-07-08T04:17:12.233+0000: 190.449: [GC [PSYoungGen: 182643K->1018K(182848K)] 239056K->57487K(869824K), 0.0047180 secs] [Times: user=0.02 sys=0.00, real=0.00 secs] 
2014-07-08T04:17:12.875+0000: 191.091: [GC [PSYoungGen: 182522K->666K(178496K)] 238991K->57167K(865472K), 0.0031980 secs] [Times: user=0.01 sys=0.00, real=0.00 secs] 
2014-07-08T04:17:13.493+0000: 191.708: [GC [PSYoungGen: 178458K->694K(174912K)] 234959K->57267K(861888K), 0.0041830 secs] [Times: user=0.02 sys=0.00, real=0.00 secs] 
2014-07-08T04:17:14.097+0000: 192.312: [GC [PSYoungGen: 174902K->790K(171584K)] 231475K->57451K(858560K), 0.0047620 secs] [Times: user=0.02 sys=0.00, real=0.00 secs] 
2014-07-08T04:17:14.701+0000: 192.917: [GC [PSYoungGen: 171489K->907K(168320K)] 228150K->57632K(855296K), 0.0084470 secs] [Times: user=0.05 sys=0.01, real=0.01 secs] 
2014-07-08T04:17:15.251+0000: 193.467: [GC [PSYoungGen: 168267K->808K(164928K)] 224992K->57655K(851904K), 0.0054570 secs] [Times: user=0.03 sys=0.00, real=0.01 secs] 
2014-07-08T04:17:15.813+0000: 194.028: [GC [PSYoungGen: 164904K->644K(161664K)] 221751K->57571K(848640K), 0.0059060 secs] [Times: user=0.03 sys=0.00, real=0.01 secs] 
2014-07-08T04:17:16.373+0000: 194.588: [GC [PSYoungGen: 161604K->858K(158784K)] 218531K->57865K(845760K), 0.0040790 secs] [Times: user=0.02 sys=0.00, real=0.01 secs] 
2014-07-08T04:17:16.907+0000: 195.123: [GC [PSYoungGen: 158746K->904K(155904K)] 215753K->57983K(842880K), 0.0032450 secs] [Times: user=0.02 sys=0.01, real=0.00 secs] 
2014-07-08T04:17:17.457+0000: 195.672: [GC [PSYoungGen: 155848K->620K(152704K)] 212927K->58087K(839680K), 0.0029760 secs] [Times: user=0.02 sys=0.00, real=0.00 secs] 
2014-07-08T04:17:17.962+0000: 196.177: [GC [PSYoungGen: 152684K->1022K(150272K)] 210151K->58545K(837248K), 0.0030620 secs] [Times: user=0.02 sys=0.00, real=0.01 secs] 
2014-07-08T04:17:18.483+0000: 196.699: [GC [PSYoungGen: 150234K->804K(147392K)] 207758K->58681K(834368K), 0.0038280 secs] [Times: user=0.01 sys=0.00, real=0.00 secs] 
2014-07-08T04:17:18.971+0000: 197.187: [GC [PSYoungGen: 147269K->954K(144896K)] 205147K->58912K(831872K), 0.0025810 secs] [Times: user=0.01 sys=0.01, real=0.01 secs] 
2014-07-08T04:17:19.500+0000: 197.716: [GC [PSYoungGen: 144816K->946K(142336K)] 202774K->59037K(829312K), 0.0065620 secs] [Times: user=0.03 sys=0.00, real=0.01 secs] 
2014-07-08T04:17:20.077+0000: 198.293: [GC [PSYoungGen: 142297K->826K(139712K)] 200388K->58981K(826688K), 0.0041830 secs] [Times: user=0.02 sys=0.00, real=0.00 secs] 
2014-07-08T04:17:20.552+0000: 198.768: [GC [PSYoungGen: 139706K->708K(137280K)] 197861K->59008K(824256K), 0.0039480 secs] [Times: user=0.02 sys=0.00, real=0.01 secs] 
2014-07-08T04:17:20.922+0000: 199.138: [GC [PSYoungGen: 137220K->658K(134912K)] 195520K->59046K(821888K), 0.0045680 secs] [Times: user=0.02 sys=0.00, real=0.01 secs] 
2014-07-08T04:17:21.400+0000: 199.615: [GC [PSYoungGen: 134849K->1188K(133184K)] 193238K->59649K(820160K), 0.0040700 secs] [Times: user=0.02 sys=0.00, real=0.01 secs] 
2014-07-08T04:17:21.828+0000: 200.044: [GC [PSYoungGen: 133156K->776K(130624K)] 191617K->59293K(817600K), 0.0038910 secs] [Times: user=0.02 sys=0.00, real=0.00 secs] 
2014-07-08T04:17:22.294+0000: 200.510: [GC [PSYoungGen: 130568K->818K(128512K)] 189085K->59431K(815488K), 0.0049180 secs] [Times: user=0.03 sys=0.00, real=0.00 secs] 
2014-07-08T04:17:22.719+0000: 200.934: [GC [PSYoungGen: 128498K->680K(126272K)] 187111K->59389K(813248K), 0.0039850 secs] [Times: user=0.02 sys=0.00, real=0.00 secs] 
2014-07-08T04:17:23.157+0000: 201.373: [GC [PSYoungGen: 126248K->840K(124416K)] 184957K->59721K(811392K), 0.0033610 secs] [Times: user=0.01 sys=0.00, real=0.00 secs] 
2014-07-08T04:17:23.614+0000: 201.830: [GC [PSYoungGen: 124360K->662K(122240K)] 183241K->59607K(809216K), 0.0035930 secs] [Times: user=0.02 sys=0.00, real=0.00 secs] 
2014-07-08T04:17:24.018+0000: 202.234: [GC [PSYoungGen: 122189K->644K(120320K)] 181134K->59637K(807296K), 0.0038790 secs] [Times: user=0.02 sys=0.00, real=0.00 secs] 
2014-07-08T04:17:24.492+0000: 202.707: [GC [PSYoungGen: 120249K->1004K(118784K)] 179242K->60061K(805760K), 0.0048950 secs] [Times: user=0.03 sys=0.01, real=0.01 secs] 
2014-07-08T04:17:24.846+0000: 203.062: [GC [PSYoungGen: 118764K->680K(142016K)] 177821K->59785K(828992K), 0.0063450 secs] [Times: user=0.03 sys=0.00, real=0.00 secs] 
2014-07-08T04:17:25.329+0000: 203.545: [GC [PSYoungGen: 141992K->776K(170432K)] 201097K->59953K(857408K), 0.0043990 secs] [Times: user=0.03 sys=0.00, real=0.00 secs] 
2014-07-08T04:17:25.918+0000: 204.134: [GC [PSYoungGen: 170376K->833K(167168K)] 229553K->60082K(854144K), 0.0044000 secs] [Times: user=0.03 sys=0.01, real=0.00 secs] 
2014-07-08T04:17:26.507+0000: 204.722: [GC [PSYoungGen: 167105K->922K(164032K)] 226354K->60275K(851008K), 0.0030250 secs] [Times: user=0.01 sys=0.00, real=0.00 secs] 
2014-07-08T04:17:27.065+0000: 205.280: [GC [PSYoungGen: 163994K->612K(160576K)] 223347K->60255K(847552K), 0.0036880 secs] [Times: user=0.02 sys=0.00, real=0.00 secs] 
2014-07-08T04:17:27.702+0000: 205.918: [GC [PSYoungGen: 160548K->1206K(158144K)] 220191K->60897K(845120K), 0.0057950 secs] [Times: user=0.04 sys=0.00, real=0.01 secs] 
2014-07-08T04:17:28.178+0000: 206.394: [GC [PSYoungGen: 158134K->608K(154624K)] 217825K->60575K(841600K), 0.0024870 secs] [Times: user=0.01 sys=0.01, real=0.00 secs] 
2014-07-08T04:17:28.707+0000: 206.923: [GC [PSYoungGen: 154592K->801K(152000K)] 214559K->60824K(838976K), 0.0042160 secs] [Times: user=0.02 sys=0.00, real=0.00 secs] 
2014-07-08T04:17:29.238+0000: 207.454: [GC [PSYoungGen: 151967K->840K(149312K)] 211990K->60951K(836288K), 0.0044010 secs] [Times: user=0.03 sys=0.00, real=0.00 secs] 
2014-07-08T04:17:29.785+0000: 208.001: [GC [PSYoungGen: 149255K->1135K(146880K)] 209367K->61366K(833856K), 0.0040830 secs] [Times: user=0.01 sys=0.01, real=0.00 secs] 
2014-07-08T04:17:30.257+0000: 208.473: [GC [PSYoungGen: 146863K->420K(143552K)] 207094K->60843K(830528K), 0.0037020 secs] [Times: user=0.01 sys=0.00, real=0.00 secs] 
2014-07-08T04:17:30.753+0000: 208.968: [GC [PSYoungGen: 143524K->844K(141504K)] 203947K->61315K(828480K), 0.0030780 secs] [Times: user=0.02 sys=0.00, real=0.01 secs] 
2014-07-08T04:17:31.251+0000: 209.467: [GC [PSYoungGen: 141452K->964K(139200K)] 201923K->61573K(826176K), 0.0043230 secs] [Times: user=0.03 sys=0.00, real=0.01 secs] 
2014-07-08T04:17:31.724+0000: 209.940: [GC [PSYoungGen: 139140K->694K(136512K)] 199749K->61391K(823488K), 0.0038080 secs] [Times: user=0.02 sys=0.00, real=0.01 secs] 
2014-07-08T04:17:32.195+0000: 210.411: [GC [PSYoungGen: 136489K->894K(134400K)] 197186K->61647K(821376K), 0.0042310 secs] [Times: user=0.02 sys=0.00, real=0.00 secs] 
2014-07-08T04:17:32.664+0000: 210.880: [GC [PSYoungGen: 134398K->690K(131968K)] 195151K->61547K(818944K), 0.0065820 secs] [Times: user=0.04 sys=0.00, real=0.01 secs] 
2014-07-08T04:17:33.113+0000: 211.328: [GC [PSYoungGen: 131954K->830K(129920K)] 192811K->61735K(816896K), 0.0045570 secs] [Times: user=0.03 sys=0.00, real=0.01 secs] 
2014-07-08T04:17:33.572+0000: 211.787: [GC [PSYoungGen: 129917K->680K(155648K)] 190822K->61617K(842624K), 0.0064180 secs] [Times: user=0.01 sys=0.00, real=0.01 secs] 
2014-07-08T04:17:34.091+0000: 212.307: [GC [PSYoungGen: 155612K->544K(186560K)] 216549K->61537K(873536K), 0.0068410 secs] [Times: user=0.04 sys=0.00, real=0.01 secs] 
2014-07-08T04:17:34.740+0000: 212.955: [GC [PSYoungGen: 186528K->857K(183040K)] 247521K->61906K(870016K), 0.0031040 secs] [Times: user=0.02 sys=0.00, real=0.00 secs] 
2014-07-08T04:17:35.414+0000: 213.630: [GC [PSYoungGen: 183001K->918K(179392K)] 244050K->62039K(866368K), 0.0054140 secs] [Times: user=0.04 sys=0.01, real=0.01 secs] 
2014-07-08T04:17:36.001+0000: 214.217: [GC [PSYoungGen: 179350K->872K(175680K)] 240471K->62081K(862656K), 0.0032540 secs] [Times: user=0.01 sys=0.00, real=0.00 secs] 
2014-07-08T04:17:36.598+0000: 214.814: [GC [PSYoungGen: 175656K->630K(171904K)] 236865K->62075K(858880K), 0.0051090 secs] [Times: user=0.03 sys=0.00, real=0.00 secs] 
2014-07-08T04:17:37.194+0000: 215.410: [GC [PSYoungGen: 171844K->826K(168704K)] 233289K->62351K(855680K), 0.0025650 secs] [Times: user=0.01 sys=0.00, real=0.01 secs] 
2014-07-08T04:17:37.780+0000: 215.995: [GC [PSYoungGen: 168696K->868K(165504K)] 230221K->62515K(852480K), 0.0062320 secs] [Times: user=0.04 sys=0.00, real=0.01 secs] 
2014-07-08T04:17:38.350+0000: 216.566: [GC [PSYoungGen: 165473K->904K(162368K)] 227120K->62599K(849344K), 0.0079650 secs] [Times: user=0.05 sys=0.01, real=0.01 secs] 
2014-07-08T04:17:38.912+0000: 217.128: [GC [PSYoungGen: 162312K->502K(158848K)] 224007K->62445K(845824K), 0.0029610 secs] [Times: user=0.01 sys=0.01, real=0.00 secs] 
2014-07-08T04:17:39.462+0000: 217.677: [GC [PSYoungGen: 158838K->1046K(156416K)] 220781K->63029K(843392K), 0.0038620 secs] [Times: user=0.01 sys=0.00, real=0.00 secs] 
2014-07-08T04:17:39.981+0000: 218.197: [GC [PSYoungGen: 156374K->761K(153216K)] 218357K->63082K(840192K), 0.0044140 secs] [Times: user=0.02 sys=0.00, real=0.00 secs] 
2014-07-08T04:17:40.531+0000: 218.747: [GC [PSYoungGen: 153209K->936K(150592K)] 215530K->63313K(837568K), 0.0041360 secs] [Times: user=0.01 sys=0.00, real=0.00 secs] 
2014-07-08T04:17:41.037+0000: 219.252: [GC [PSYoungGen: 150568K->700K(147648K)] 212945K->63133K(834624K), 0.0031630 secs] [Times: user=0.02 sys=0.00, real=0.00 secs] 
2014-07-08T04:17:41.546+0000: 219.761: [GC [PSYoungGen: 147644K->730K(145088K)] 210077K->63219K(832064K), 0.0028360 secs] [Times: user=0.01 sys=0.00, real=0.01 secs] 
2014-07-08T04:17:42.057+0000: 220.273: [GC [PSYoungGen: 145050K->808K(142592K)] 207539K->63361K(829568K), 0.0047510 secs] [Times: user=0.03 sys=0.00, real=0.00 secs] 
2014-07-08T04:17:42.543+0000: 220.759: [GC [PSYoungGen: 142568K->882K(140160K)] 205121K->63507K(827136K), 0.0036190 secs] [Times: user=0.02 sys=0.00, real=0.01 secs] 
2014-07-08T04:17:43.021+0000: 221.236: [GC [PSYoungGen: 140112K->754K(137600K)] 202737K->63541K(824576K), 0.0026210 secs] [Times: user=0.01 sys=0.00, real=0.00 secs] 
2014-07-08T04:17:43.567+0000: 221.782: [GC [PSYoungGen: 137584K->1064K(135552K)] 200372K->63923K(822528K), 0.0033560 secs] [Times: user=0.01 sys=0.00, real=0.01 secs] 
2014-07-08T04:17:44.031+0000: 222.246: [GC [PSYoungGen: 135528K->488K(132672K)] 198387K->63769K(819648K), 0.0038770 secs] [Times: user=0.02 sys=0.00, real=0.00 secs] 
2014-07-08T04:17:44.448+0000: 222.664: [GC [PSYoungGen: 132648K->911K(130944K)] 195929K->64256K(817920K), 0.0043480 secs] [Times: user=0.02 sys=0.00, real=0.00 secs] 
2014-07-08T04:17:44.917+0000: 223.133: [GC [PSYoungGen: 130895K->968K(128832K)] 194240K->64443K(815808K), 0.0048060 secs] [Times: user=0.04 sys=0.00, real=0.00 secs] 
2014-07-08T04:17:45.323+0000: 223.538: [GC [PSYoungGen: 128776K->1067K(126784K)] 192251K->64630K(813760K), 0.0036170 secs] [Times: user=0.02 sys=0.00, real=0.00 secs] 
2014-07-08T04:17:45.752+0000: 223.968: [GC [PSYoungGen: 126763K->374K(124032K)] 190326K->64197K(811008K), 0.0030250 secs] [Times: user=0.02 sys=0.00, real=0.00 secs] 
2014-07-08T04:17:46.175+0000: 224.390: [GC [PSYoungGen: 124022K->818K(122496K)] 187845K->64721K(809472K), 0.0038620 secs] [Times: user=0.03 sys=0.00, real=0.01 secs] 
2014-07-08T04:17:46.578+0000: 224.794: [GC [PSYoungGen: 122482K->890K(120640K)] 186385K->64889K(807616K), 0.0028780 secs] [Times: user=0.01 sys=0.00, real=0.00 secs] 
2014-07-08T04:17:46.989+0000: 225.205: [GC [PSYoungGen: 120620K->844K(118784K)] 184619K->64915K(805760K), 0.0034750 secs] [Times: user=0.02 sys=0.00, real=0.00 secs] 
2014-07-08T04:17:47.409+0000: 225.625: [GC [PSYoungGen: 118724K->680K(116800K)] 182796K->64847K(803776K), 0.0059210 secs] [Times: user=0.04 sys=0.00, real=0.00 secs] 
2014-07-08T04:17:47.797+0000: 226.013: [GC [PSYoungGen: 116770K->616K(114944K)] 180938K->64847K(801920K), 0.0028250 secs] [Times: user=0.01 sys=0.00, real=0.00 secs] 
2014-07-08T04:17:48.193+0000: 226.409: [GC [PSYoungGen: 114920K->648K(113280K)] 179151K->64967K(800256K), 0.0026180 secs] [Times: user=0.01 sys=0.00, real=0.00 secs] 
2014-07-08T04:17:48.590+0000: 226.806: [GC [PSYoungGen: 113224K->640K(111552K)] 177543K->65047K(798528K), 0.0028590 secs] [Times: user=0.01 sys=0.00, real=0.00 secs] 
2014-07-08T04:17:48.972+0000: 227.187: [GC [PSYoungGen: 111527K->612K(109888K)] 175934K->65083K(796864K), 0.0042210 secs] [Times: user=0.02 sys=0.00, real=0.00 secs] 
2014-07-08T04:17:49.369+0000: 227.585: [GC [PSYoungGen: 109860K->876K(108544K)] 174331K->65387K(795520K), 0.0036500 secs] [Times: user=0.01 sys=0.01, real=0.00 secs] 
2014-07-08T04:17:49.739+0000: 227.955: [GC [PSYoungGen: 108524K->758K(106880K)] 173035K->65365K(793856K), 0.0049530 secs] [Times: user=0.03 sys=0.00, real=0.00 secs] 
2014-07-08T04:17:50.113+0000: 228.328: [GC [PSYoungGen: 106824K->748K(105344K)] 171431K->65411K(792320K), 0.0041200 secs] [Times: user=0.02 sys=0.01, real=0.00 secs] 
2014-07-08T04:17:50.492+0000: 228.708: [GC [PSYoungGen: 105286K->708K(126272K)] 169949K->65435K(813248K), 0.0047950 secs] [Times: user=0.03 sys=0.00, real=0.00 secs] 
2014-07-08T04:17:50.906+0000: 229.122: [GC [PSYoungGen: 126212K->612K(151296K)] 190939K->65387K(838272K), 0.0061740 secs] [Times: user=0.04 sys=0.00, real=0.01 secs] 
2014-07-08T04:17:51.463+0000: 229.678: [GC [PSYoungGen: 151268K->818K(181632K)] 216043K->65974K(868608K), 0.0043970 secs] [Times: user=0.03 sys=0.00, real=0.00 secs] 
2014-07-08T04:17:52.065+0000: 230.281: [GC [PSYoungGen: 181618K->1115K(178240K)] 246774K->66367K(865216K), 0.0029490 secs] [Times: user=0.01 sys=0.01, real=0.01 secs] 
2014-07-08T04:17:52.678+0000: 230.894: [GC [PSYoungGen: 178203K->502K(174016K)] 243455K->66325K(860992K), 0.0033450 secs] [Times: user=0.02 sys=0.00, real=0.00 secs] 
2014-07-08T04:17:53.282+0000: 231.498: [GC [PSYoungGen: 174006K->794K(170880K)] 239829K->66658K(857856K), 0.0053280 secs] [Times: user=0.03 sys=0.00, real=0.00 secs] 
2014-07-08T04:17:53.875+0000: 232.090: [GC [PSYoungGen: 170842K->826K(167552K)] 236706K->66836K(854528K), 0.0036570 secs] [Times: user=0.02 sys=0.00, real=0.01 secs] 
2014-07-08T04:17:54.492+0000: 232.708: [GC [PSYoungGen: 167546K->960K(164480K)] 233556K->67042K(851456K), 0.0055440 secs] [Times: user=0.03 sys=0.00, real=0.00 secs] 
2014-07-08T04:17:55.058+0000: 233.273: [GC [PSYoungGen: 164416K->748K(161088K)] 230498K->66910K(848064K), 0.0050190 secs] [Times: user=0.03 sys=0.00, real=0.01 secs] 
2014-07-08T04:17:55.629+0000: 233.845: [GC [PSYoungGen: 161049K->964K(158272K)] 227211K->67206K(845248K), 0.0027890 secs] [Times: user=0.02 sys=0.00, real=0.00 secs] 
2014-07-08T04:17:56.128+0000: 234.344: [GC [PSYoungGen: 158212K->580K(154944K)] 224454K->66901K(841920K), 0.0044680 secs] [Times: user=0.02 sys=0.00, real=0.01 secs] 
2014-07-08T04:17:56.681+0000: 234.896: [GC [PSYoungGen: 154884K->544K(183168K)] 221205K->66913K(870144K), 0.0098650 secs] [Times: user=0.06 sys=0.00, real=0.01 secs] 
2014-07-08T04:17:57.296+0000: 235.512: [GC [PSYoungGen: 182432K->644K(178880K)] 248801K->67061K(865856K), 0.0046470 secs] [Times: user=0.02 sys=0.00, real=0.01 secs] 
2014-07-08T04:17:57.916+0000: 236.131: [GC [PSYoungGen: 178781K->744K(175360K)] 245199K->67210K(862336K), 0.0067500 secs] [Times: user=0.04 sys=0.00, real=0.01 secs] 
2014-07-08T04:17:58.537+0000: 236.753: [GC [PSYoungGen: 175336K->974K(172096K)] 241802K->67512K(859072K), 0.0043300 secs] [Times: user=0.02 sys=0.00, real=0.01 secs] 
2014-07-08T04:17:59.130+0000: 237.346: [GC [PSYoungGen: 172046K->786K(168512K)] 238584K->67364K(855488K), 0.0029790 secs] [Times: user=0.02 sys=0.00, real=0.00 secs] 
2014-07-08T04:17:59.722+0000: 237.938: [GC [PSYoungGen: 168465K->747K(165184K)] 235043K->67645K(852160K), 0.0086250 secs] [Times: user=0.05 sys=0.00, real=0.01 secs] 
2014-07-08T04:18:00.295+0000: 238.510: [GC [PSYoungGen: 165119K->1221K(162496K)] 232017K->68199K(849472K), 0.0054700 secs] [Times: user=0.03 sys=0.00, real=0.01 secs] 
2014-07-08T04:18:00.857+0000: 239.072: [GC [PSYoungGen: 162437K->552K(158720K)] 229415K->67798K(845696K), 0.0030530 secs] [Times: user=0.02 sys=0.00, real=0.01 secs] 
2014-07-08T04:18:01.408+0000: 239.623: [GC [PSYoungGen: 158696K->1006K(156224K)] 225942K->68308K(843200K), 0.0031740 secs] [Times: user=0.01 sys=0.00, real=0.01 secs] 
2014-07-08T04:18:01.935+0000: 240.151: [GC [PSYoungGen: 156206K->762K(153088K)] 223508K->68152K(840064K), 0.0031100 secs] [Times: user=0.01 sys=0.00, real=0.00 secs] 
2014-07-08T04:18:02.489+0000: 240.705: [GC [PSYoungGen: 153082K->1010K(150528K)] 220472K->68472K(837504K), 0.0046760 secs] [Times: user=0.03 sys=0.00, real=0.01 secs] 
2014-07-08T04:18:02.980+0000: 241.196: [GC [PSYoungGen: 150493K->769K(147648K)] 217955K->68287K(834624K), 0.0036910 secs] [Times: user=0.01 sys=0.00, real=0.00 secs] 
2014-07-08T04:18:03.495+0000: 241.711: [GC [PSYoungGen: 147585K->1160K(145408K)] 215103K->68766K(832384K), 0.0034530 secs] [Times: user=0.02 sys=0.00, real=0.00 secs] 
2014-07-08T04:18:03.985+0000: 242.200: [GC [PSYoungGen: 145352K->566K(142208K)] 212958K->68418K(829184K), 0.0071030 secs] [Times: user=0.04 sys=0.01, real=0.01 secs] 
2014-07-08T04:18:04.487+0000: 242.702: [GC [PSYoungGen: 142198K->726K(139904K)] 210050K->68658K(826880K), 0.0028670 secs] [Times: user=0.01 sys=0.00, real=0.00 secs] 
2014-07-08T04:18:04.955+0000: 243.171: [GC [PSYoungGen: 139862K->900K(137664K)] 207794K->68896K(824640K), 0.0027790 secs] [Times: user=0.01 sys=0.00, real=0.00 secs] 
2014-07-08T04:18:05.457+0000: 243.672: [GC [PSYoungGen: 137604K->964K(135360K)] 205600K->68984K(822336K), 0.0039630 secs] [Times: user=0.01 sys=0.00, real=0.01 secs] 
2014-07-08T04:18:05.899+0000: 244.114: [GC [PSYoungGen: 135298K->630K(132736K)] 203318K->68794K(819712K), 0.0059390 secs] [Times: user=0.03 sys=0.00, real=0.01 secs] 
2014-07-08T04:18:06.368+0000: 244.584: [GC [PSYoungGen: 132710K->964K(130944K)] 200874K->69184K(817920K), 0.0046730 secs] [Times: user=0.02 sys=0.00, real=0.01 secs] 
2014-07-08T04:18:06.832+0000: 245.048: [GC [PSYoungGen: 130884K->676K(128448K)] 199104K->68976K(815424K), 0.0047590 secs] [Times: user=0.03 sys=0.01, real=0.00 secs] 
2014-07-08T04:18:07.251+0000: 245.467: [GC [PSYoungGen: 128420K->1054K(126720K)] 196720K->69442K(813696K), 0.0034290 secs] [Times: user=0.02 sys=0.01, real=0.00 secs] 
2014-07-08T04:18:07.760+0000: 245.976: [GC [PSYoungGen: 126686K->818K(124416K)] 195074K->69334K(811392K), 0.0061150 secs] [Times: user=0.04 sys=0.00, real=0.00 secs] 
2014-07-08T04:18:08.124+0000: 246.340: [GC [PSYoungGen: 124402K->960K(122624K)] 192918K->69532K(809600K), 0.0033390 secs] [Times: user=0.01 sys=0.01, real=0.00 secs] 
2014-07-08T04:18:08.565+0000: 246.780: [GC [PSYoungGen: 122560K->754K(146688K)] 191132K->69548K(833664K), 0.0070980 secs] [Times: user=0.03 sys=0.00, real=0.01 secs] 
2014-07-08T04:18:09.043+0000: 247.259: [GC [PSYoungGen: 146674K->516K(143872K)] 215468K->69374K(830848K), 0.0030500 secs] [Times: user=0.01 sys=0.00, real=0.00 secs] 
2014-07-08T04:18:09.556+0000: 247.772: [GC [PSYoungGen: 143812K->997K(141760K)] 212670K->69903K(828736K), 0.0042810 secs] [Times: user=0.03 sys=0.00, real=0.00 secs] 
2014-07-08T04:18:10.032+0000: 248.248: [GC [PSYoungGen: 141733K->776K(169728K)] 210639K->69754K(856704K), 0.0081750 secs] [Times: user=0.05 sys=0.01, real=0.00 secs] 
2014-07-08T04:18:10.647+0000: 248.863: [GC [PSYoungGen: 169672K->594K(166208K)] 238650K->69628K(853184K), 0.0026010 secs] [Times: user=0.01 sys=0.00, real=0.00 secs] 
2014-07-08T04:18:11.213+0000: 249.429: [GC [PSYoungGen: 166162K->1039K(163456K)] 235196K->70121K(850432K), 0.0040330 secs] [Times: user=0.02 sys=0.00, real=0.00 secs] 
2014-07-08T04:18:11.775+0000: 249.991: [GC [PSYoungGen: 163407K->512K(159744K)] 232489K->69666K(846720K), 0.0062280 secs] [Times: user=0.04 sys=0.00, real=0.01 secs] 
2014-07-08T04:18:12.343+0000: 250.559: [GC [PSYoungGen: 159744K->626K(156864K)] 228898K->69860K(843840K), 0.0036690 secs] [Times: user=0.02 sys=0.00, real=0.00 secs] 
2014-07-08T04:18:12.892+0000: 251.108: [GC [PSYoungGen: 156850K->748K(154048K)] 226084K->70070K(841024K), 0.0040910 secs] [Times: user=0.02 sys=0.00, real=0.00 secs] 
2014-07-08T04:18:13.430+0000: 251.645: [GC [PSYoungGen: 153999K->826K(151296K)] 223321K->70236K(838272K), 0.0029540 secs] [Times: user=0.01 sys=0.00, real=0.01 secs] 
2014-07-08T04:18:13.952+0000: 252.168: [GC [PSYoungGen: 151256K->833K(148608K)] 220666K->70315K(835584K), 0.0042870 secs] [Times: user=0.03 sys=0.01, real=0.00 secs] 
2014-07-08T04:18:14.479+0000: 252.694: [GC [PSYoungGen: 148521K->936K(145984K)] 218003K->70474K(832960K), 0.0054880 secs] [Times: user=0.02 sys=0.00, real=0.01 secs] 
2014-07-08T04:18:14.966+0000: 253.181: [GC [PSYoungGen: 145960K->638K(143104K)] 215498K->70500K(830080K), 0.0031700 secs] [Times: user=0.01 sys=0.00, real=0.00 secs] 
2014-07-08T04:18:15.561+0000: 253.776: [GC [PSYoungGen: 143102K->790K(140800K)] 212964K->70708K(827776K), 0.0039240 secs] [Times: user=0.02 sys=0.00, real=0.01 secs] 
2014-07-08T04:18:15.991+0000: 254.207: [GC [PSYoungGen: 140758K->826K(138368K)] 210676K->70882K(825344K), 0.0072370 secs] [Times: user=0.05 sys=0.00, real=0.01 secs] 
2014-07-08T04:18:16.468+0000: 254.684: [GC [PSYoungGen: 138331K->1142K(136320K)] 208388K->71369K(823296K), 0.0037860 secs] [Times: user=0.01 sys=0.00, real=0.00 secs] 
2014-07-08T04:18:16.881+0000: 255.097: [GC [PSYoungGen: 136310K->374K(133248K)] 206537K->71105K(820224K), 0.0033850 secs] [Times: user=0.01 sys=0.00, real=0.01 secs] 
2014-07-08T04:18:17.367+0000: 255.583: [GC [PSYoungGen: 133237K->1174K(131840K)] 203968K->71953K(818816K), 0.0067850 secs] [Times: user=0.04 sys=0.00, real=0.01 secs] 
2014-07-08T04:18:17.794+0000: 256.010: [GC [PSYoungGen: 131798K->594K(129088K)] 202577K->71493K(816064K), 0.0035280 secs] [Times: user=0.02 sys=0.00, real=0.00 secs] 
2014-07-08T04:18:18.255+0000: 256.471: [GC [PSYoungGen: 129042K->1008K(155200K)] 199941K->71955K(842176K), 0.0066290 secs] [Times: user=0.03 sys=0.00, real=0.01 secs] 
2014-07-08T04:18:18.794+0000: 257.009: [GC [PSYoungGen: 155184K->512K(151808K)] 226131K->71507K(838784K), 0.0046710 secs] [Times: user=0.03 sys=0.00, real=0.00 secs] 
2014-07-08T04:18:19.327+0000: 257.542: [GC [PSYoungGen: 151808K->758K(167744K)] 222803K->71793K(854720K), 0.0109020 secs] [Times: user=0.06 sys=0.00, real=0.01 secs] 
2014-07-08T04:18:19.900+0000: 258.116: [GC [PSYoungGen: 167094K->876K(182912K)] 238129K->71991K(869888K), 0.0048830 secs] [Times: user=0.02 sys=0.00, real=0.01 secs] 
2014-07-08T04:18:20.601+0000: 258.817: [GC [PSYoungGen: 182439K->865K(182912K)] 253555K->72012K(869888K), 0.0078370 secs] [Times: user=0.05 sys=0.00, real=0.01 secs] 
2014-07-08T04:18:21.150+0000: 259.366: [GC [PSYoungGen: 182433K->812K(219200K)] 253580K->72015K(906176K), 0.0069110 secs] [Times: user=0.03 sys=0.00, real=0.01 secs] 
2014-07-08T04:18:21.893+0000: 260.109: [GC [PSYoungGen: 218732K->850K(213824K)] 289935K->72117K(900800K), 0.0033570 secs] [Times: user=0.02 sys=0.00, real=0.00 secs] 
2014-07-08T04:18:22.664+0000: 260.880: [GC [PSYoungGen: 213778K->448K(208576K)] 285045K->72001K(895552K), 0.0027610 secs] [Times: user=0.02 sys=0.00, real=0.00 secs] 
2014-07-08T04:18:23.397+0000: 261.612: [GC [PSYoungGen: 208557K->1157K(204736K)] 280110K->72766K(891712K), 0.0032970 secs] [Times: user=0.02 sys=0.00, real=0.00 secs] 
2014-07-08T04:18:24.063+0000: 262.279: [GC [PSYoungGen: 204641K->812K(199872K)] 276251K->72517K(886848K), 0.0031330 secs] [Times: user=0.02 sys=0.00, real=0.00 secs] 
2014-07-08T04:18:24.751+0000: 262.967: [GC [PSYoungGen: 199852K->854K(195648K)] 271557K->72623K(882624K), 0.0066180 secs] [Times: user=0.03 sys=0.00, real=0.01 secs] 
2014-07-08T04:18:25.529+0000: 263.745: [GC [PSYoungGen: 195606K->886K(191488K)] 267375K->72793K(878464K), 0.0031280 secs] [Times: user=0.02 sys=0.00, real=0.00 secs] 
2014-07-08T04:18:26.088+0000: 264.303: [GC [PSYoungGen: 191478K->744K(187328K)] 263385K->72731K(874304K), 0.0063260 secs] [Times: user=0.04 sys=0.00, real=0.01 secs] 
2014-07-08T04:18:26.738+0000: 264.953: [GC [PSYoungGen: 187302K->562K(183232K)] 259290K->72629K(870208K), 0.0042290 secs] [Times: user=0.02 sys=0.00, real=0.00 secs] 
2014-07-08T04:18:27.380+0000: 265.596: [GC [PSYoungGen: 183212K->1117K(180032K)] 255280K->73264K(867008K), 0.0050600 secs] [Times: user=0.03 sys=0.00, real=0.01 secs] 
2014-07-08T04:18:27.992+0000: 266.208: [GC [PSYoungGen: 179997K->872K(176128K)] 252144K->73091K(863104K), 0.0033760 secs] [Times: user=0.02 sys=0.00, real=0.01 secs] 
2014-07-08T04:18:28.600+0000: 266.815: [GC [PSYoungGen: 176104K->548K(172288K)] 248323K->72847K(859264K), 0.0060090 secs] [Times: user=0.03 sys=0.00, real=0.01 secs] 
2014-07-08T04:18:29.188+0000: 267.404: [GC [PSYoungGen: 172234K->946K(169280K)] 244534K->73317K(856256K), 0.0028660 secs] [Times: user=0.02 sys=0.00, real=0.00 secs] 
2014-07-08T04:18:29.775+0000: 267.991: [GC [PSYoungGen: 169266K->747K(165824K)] 241637K->73182K(852800K), 0.0058430 secs] [Times: user=0.03 sys=0.00, real=0.00 secs] 
2014-07-08T04:18:30.514+0000: 268.729: [GC [PSYoungGen: 165803K->890K(162752K)] 238238K->73463K(849728K), 0.0050520 secs] [Times: user=0.03 sys=0.00, real=0.01 secs] 
2014-07-08T04:18:30.976+0000: 269.191: [GC [PSYoungGen: 162746K->826K(159616K)] 235319K->73463K(846592K), 0.0046860 secs] [Times: user=0.03 sys=0.00, real=0.00 secs] 
2014-07-08T04:18:31.499+0000: 269.715: [GC [PSYoungGen: 159610K->872K(156672K)] 232247K->73623K(843648K), 0.0063580 secs] [Times: user=0.04 sys=0.00, real=0.01 secs] 
2014-07-08T04:18:32.011+0000: 270.227: [GC [PSYoungGen: 156635K->1181K(154112K)] 229387K->74013K(841088K), 0.0046560 secs] [Times: user=0.02 sys=0.00, real=0.01 secs] 
2014-07-08T04:18:32.536+0000: 270.751: [GC [PSYoungGen: 154077K->502K(150592K)] 226909K->73591K(837568K), 0.0047130 secs] [Times: user=0.02 sys=0.00, real=0.00 secs] 
2014-07-08T04:18:33.065+0000: 271.280: [GC [PSYoungGen: 150558K->1139K(148480K)] 223647K->74285K(835456K), 0.0042890 secs] [Times: user=0.02 sys=0.00, real=0.00 secs] 
2014-07-08T04:18:33.609+0000: 271.825: [GC [PSYoungGen: 148467K->772K(145536K)] 221613K->74113K(832512K), 0.0027760 secs] [Times: user=0.02 sys=0.00, real=0.00 secs] 
2014-07-08T04:18:34.086+0000: 272.302: [GC [PSYoungGen: 145476K->712K(142912K)] 218817K->74109K(829888K), 0.0033890 secs] [Times: user=0.01 sys=0.01, real=0.00 secs] 
2014-07-08T04:18:34.568+0000: 272.784: [GC [PSYoungGen: 142855K->686K(140352K)] 216253K->74163K(827328K), 0.0036590 secs] [Times: user=0.02 sys=0.01, real=0.00 secs] 
2014-07-08T04:18:35.049+0000: 273.265: [GC [PSYoungGen: 140334K->876K(138112K)] 213811K->74417K(825088K), 0.0053320 secs] [Times: user=0.02 sys=0.00, real=0.00 secs] 
2014-07-08T04:18:35.623+0000: 273.838: [GC [PSYoungGen: 138092K->924K(135808K)] 211633K->74537K(822784K), 0.0039420 secs] [Times: user=0.02 sys=0.00, real=0.01 secs] 
2014-07-08T04:18:35.984+0000: 274.200: [GC [PSYoungGen: 135772K->1022K(133568K)] 209385K->74691K(820544K), 0.0027960 secs] [Times: user=0.01 sys=0.00, real=0.01 secs] 
2014-07-08T04:18:36.445+0000: 274.660: [GC [PSYoungGen: 133566K->562K(130880K)] 207235K->74287K(817856K), 0.0036250 secs] [Times: user=0.02 sys=0.00, real=0.01 secs] 
2014-07-08T04:18:36.899+0000: 275.115: [GC [PSYoungGen: 130866K->876K(129024K)] 204591K->74665K(816000K), 0.0066930 secs] [Times: user=0.04 sys=0.00, real=0.01 secs] 
2014-07-08T04:18:37.340+0000: 275.555: [GC [PSYoungGen: 129004K->932K(126976K)] 202793K->74777K(813952K), 0.0035960 secs] [Times: user=0.02 sys=0.00, real=0.00 secs] 
2014-07-08T04:18:37.898+0000: 276.113: [GC [PSYoungGen: 126900K->1104K(125120K)] 200746K->75045K(812096K), 0.0031160 secs] [Times: user=0.01 sys=0.00, real=0.00 secs] 
2014-07-08T04:18:38.250+0000: 276.466: [GC [PSYoungGen: 125072K->498K(122496K)] 199013K->74673K(809472K), 0.0037500 secs] [Times: user=0.03 sys=0.00, real=0.00 secs] 
2014-07-08T04:18:38.683+0000: 276.899: [GC [PSYoungGen: 122482K->690K(120768K)] 196657K->74953K(807744K), 0.0036770 secs] [Times: user=0.02 sys=0.01, real=0.01 secs] 
2014-07-08T04:18:39.038+0000: 277.253: [GC [PSYoungGen: 120751K->844K(119104K)] 195014K->75205K(806080K), 0.0047160 secs] [Times: user=0.02 sys=0.00, real=0.00 secs] 
2014-07-08T04:18:39.481+0000: 277.696: [GC [PSYoungGen: 119005K->886K(142784K)] 193366K->75319K(829760K), 0.0058790 secs] [Times: user=0.03 sys=0.00, real=0.01 secs] 
2014-07-08T04:18:39.944+0000: 278.159: [GC [PSYoungGen: 142774K->790K(171136K)] 217207K->75303K(858112K), 0.0079060 secs] [Times: user=0.05 sys=0.01, real=0.01 secs] 
2014-07-08T04:18:40.543+0000: 278.759: [GC [PSYoungGen: 171056K->1135K(204480K)] 245569K->75729K(891456K), 0.0033000 secs] [Times: user=0.02 sys=0.00, real=0.01 secs] 
2014-07-08T04:18:41.223+0000: 279.439: [GC [PSYoungGen: 204378K->840K(199680K)] 278972K->75521K(886656K), 0.0061270 secs] [Times: user=0.03 sys=0.00, real=0.01 secs] 
2014-07-08T04:18:41.909+0000: 280.125: [GC [PSYoungGen: 199624K->786K(195328K)] 274305K->75547K(882304K), 0.0035940 secs] [Times: user=0.01 sys=0.00, real=0.00 secs] 
2014-07-08T04:18:42.604+0000: 280.820: [GC [PSYoungGen: 195282K->840K(191232K)] 270043K->75705K(878208K), 0.0040090 secs] [Times: user=0.03 sys=0.00, real=0.01 secs] 
2014-07-08T04:18:43.263+0000: 281.479: [GC [PSYoungGen: 191176K->718K(187072K)] 266041K->75631K(874048K), 0.0036520 secs] [Times: user=0.02 sys=0.00, real=0.01 secs] 
2014-07-08T04:18:43.921+0000: 282.137: [GC [PSYoungGen: 187022K->776K(183232K)] 261935K->75785K(870208K), 0.0040820 secs] [Times: user=0.02 sys=0.00, real=0.00 secs] 
2014-07-08T04:18:44.565+0000: 282.780: [GC [PSYoungGen: 183176K->868K(179520K)] 258185K->75958K(866496K), 0.0039020 secs] [Times: user=0.03 sys=0.00, real=0.01 secs] 
2014-07-08T04:18:45.174+0000: 283.390: [GC [PSYoungGen: 179492K->619K(175616K)] 254582K->75822K(862592K), 0.0027410 secs] [Times: user=0.02 sys=0.00, real=0.01 secs] 
2014-07-08T04:18:45.962+0000: 284.178: [GC [PSYoungGen: 175595K->1142K(172608K)] 250798K->76524K(859584K), 0.0051660 secs] [Times: user=0.03 sys=0.00, real=0.01 secs] 
2014-07-08T04:18:46.445+0000: 284.661: [GC [PSYoungGen: 172554K->552K(168640K)] 247936K->76175K(855616K), 0.0040650 secs] [Times: user=0.02 sys=0.00, real=0.01 secs] 
2014-07-08T04:18:46.956+0000: 285.172: [GC [PSYoungGen: 168616K->598K(165440K)] 244239K->76285K(852416K), 0.0057360 secs] [Times: user=0.04 sys=0.00, real=0.01 secs] 
2014-07-08T04:18:47.543+0000: 285.759: [GC [PSYoungGen: 165385K->690K(162304K)] 241073K->76433K(849280K), 0.0040690 secs] [Times: user=0.02 sys=0.00, real=0.01 secs] 
2014-07-08T04:18:48.091+0000: 286.307: [GC [PSYoungGen: 162290K->754K(159296K)] 238033K->76593K(846272K), 0.0050160 secs] [Times: user=0.03 sys=0.00, real=0.00 secs] 
2014-07-08T04:18:48.642+0000: 286.857: [GC [PSYoungGen: 159282K->712K(156288K)] 235121K->76655K(843264K), 0.0050020 secs] [Times: user=0.03 sys=0.00, real=0.00 secs] 
2014-07-08T04:18:49.184+0000: 287.400: [GC [PSYoungGen: 156232K->658K(153344K)] 232175K->76657K(840320K), 0.0038470 secs] [Times: user=0.02 sys=0.00, real=0.01 secs] 
2014-07-08T04:18:49.721+0000: 287.937: [GC [PSYoungGen: 153298K->808K(150656K)] 229297K->76903K(837632K), 0.0039260 secs] [Times: user=0.02 sys=0.00, real=0.00 secs] 
2014-07-08T04:18:50.233+0000: 288.449: [GC [PSYoungGen: 150632K->886K(147968K)] 226727K->77054K(834944K), 0.0053620 secs] [Times: user=0.03 sys=0.00, real=0.01 secs] 
2014-07-08T04:18:50.751+0000: 288.967: [GC [PSYoungGen: 147958K->616K(145088K)] 224126K->76905K(832064K), 0.0031380 secs] [Times: user=0.02 sys=0.00, real=0.00 secs] 
2014-07-08T04:18:51.263+0000: 289.478: [GC [PSYoungGen: 145064K->826K(142720K)] 221353K->77171K(829696K), 0.0029740 secs] [Times: user=0.02 sys=0.00, real=0.00 secs] 
2014-07-08T04:18:51.749+0000: 289.964: [GC [PSYoungGen: 142710K->748K(140160K)] 219056K->77133K(827136K), 0.0058840 secs] [Times: user=0.03 sys=0.00, real=0.00 secs] 
2014-07-08T04:18:52.237+0000: 290.452: [GC [PSYoungGen: 140140K->694K(137664K)] 216525K->77151K(824640K), 0.0066950 secs] [Times: user=0.03 sys=0.00, real=0.01 secs] 
2014-07-08T04:18:52.718+0000: 290.934: [GC [PSYoungGen: 137654K->612K(135232K)] 214111K->77165K(822208K), 0.0047710 secs] [Times: user=0.03 sys=0.00, real=0.00 secs] 
2014-07-08T04:18:53.183+0000: 291.398: [GC [PSYoungGen: 135204K->658K(132992K)] 211757K->77275K(819968K), 0.0046180 secs] [Times: user=0.02 sys=0.00, real=0.01 secs] 
2014-07-08T04:18:53.731+0000: 291.946: [GC [PSYoungGen: 132946K->894K(130944K)] 209563K->77707K(817920K), 0.0038880 secs] [Times: user=0.02 sys=0.00, real=0.00 secs] 
2014-07-08T04:18:54.099+0000: 292.315: [GC [PSYoungGen: 130942K->794K(156928K)] 207755K->77679K(843904K), 0.0060220 secs] [Times: user=0.03 sys=0.00, real=0.00 secs] 
2014-07-08T04:18:54.639+0000: 292.854: [GC [PSYoungGen: 156890K->616K(153792K)] 233775K->77851K(840768K), 0.0033380 secs] [Times: user=0.02 sys=0.00, real=0.00 secs] 
2014-07-08T04:18:55.167+0000: 293.383: [GC [PSYoungGen: 153741K->894K(151232K)] 230977K->78177K(838208K), 0.0036600 secs] [Times: user=0.02 sys=0.01, real=0.01 secs] 
2014-07-08T04:18:55.770+0000: 293.986: [GC [PSYoungGen: 151230K->801K(148416K)] 228513K->78310K(835392K), 0.0055780 secs] [Times: user=0.03 sys=0.01, real=0.00 secs] 
2014-07-08T04:18:56.194+0000: 294.410: [GC [PSYoungGen: 148385K->812K(145792K)] 225894K->78417K(832768K), 0.0031360 secs] [Times: user=0.01 sys=0.00, real=0.00 secs] 
2014-07-08T04:18:56.695+0000: 294.911: [GC [PSYoungGen: 145772K->812K(143232K)] 223377K->78653K(830208K), 0.0034540 secs] [Times: user=0.01 sys=0.00, real=0.01 secs] 
2014-07-08T04:18:57.188+0000: 295.403: [GC [PSYoungGen: 143212K->754K(140672K)] 221053K->78652K(827648K), 0.0040450 secs] [Times: user=0.02 sys=0.00, real=0.01 secs] 
2014-07-08T04:18:57.676+0000: 295.891: [GC [PSYoungGen: 140658K->636K(138112K)] 218556K->78590K(825088K), 0.0037350 secs] [Times: user=0.02 sys=0.00, real=0.01 secs] 
2014-07-08T04:18:58.147+0000: 296.363: [GC [PSYoungGen: 138018K->726K(135872K)] 215972K->78743K(822848K), 0.0035460 secs] [Times: user=0.02 sys=0.00, real=0.01 secs] 
2014-07-08T04:18:58.658+0000: 296.874: [GC [PSYoungGen: 135830K->1061K(133888K)] 213847K->79309K(820864K), 0.0050290 secs] [Times: user=0.02 sys=0.00, real=0.00 secs] 
2014-07-08T04:18:59.071+0000: 297.287: [GC [PSYoungGen: 133861K->672K(160064K)] 212109K->78983K(847040K), 0.0072410 secs] [Times: user=0.05 sys=0.00, real=0.01 secs] 
2014-07-08T04:18:59.640+0000: 297.856: [GC [PSYoungGen: 160032K->808K(157184K)] 238343K->79215K(844160K), 0.0037540 secs] [Times: user=0.03 sys=0.00, real=0.00 secs] 
2014-07-08T04:19:00.175+0000: 298.390: [GC [PSYoungGen: 157160K->712K(154176K)] 235567K->79191K(841152K), 0.0036770 secs] [Times: user=0.02 sys=0.00, real=0.01 secs] 
2014-07-08T04:19:00.730+0000: 298.946: [GC [PSYoungGen: 154075K->822K(151424K)] 232555K->79357K(838400K), 0.0042470 secs] [Times: user=0.03 sys=0.00, real=0.00 secs] 
2014-07-08T04:19:01.343+0000: 299.559: [GC [PSYoungGen: 151414K->1124K(148992K)] 229949K->79716K(835968K), 0.0042570 secs] [Times: user=0.02 sys=0.00, real=0.00 secs] 
2014-07-08T04:19:01.813+0000: 300.029: [GC [PSYoungGen: 148964K->370K(145536K)] 227556K->79017K(832512K), 0.0060320 secs] [Times: user=0.01 sys=0.00, real=0.01 secs] 
2014-07-08T04:19:02.264+0000: 300.480: [GC [PSYoungGen: 145522K->794K(175040K)] 224169K->79481K(862016K), 0.0065850 secs] [Times: user=0.04 sys=0.00, real=0.01 secs] 
2014-07-08T04:19:02.870+0000: 301.086: [GC [PSYoungGen: 175002K->598K(171392K)] 253689K->79457K(858368K), 0.0027770 secs] [Times: user=0.01 sys=0.00, real=0.00 secs] 
2014-07-08T04:19:03.491+0000: 301.706: [GC [PSYoungGen: 171345K->862K(168256K)] 250205K->79802K(855232K), 0.0043650 secs] [Times: user=0.02 sys=0.01, real=0.00 secs] 
2014-07-08T04:19:04.064+0000: 302.280: [GC [PSYoungGen: 168181K->798K(164928K)] 247121K->79786K(851904K), 0.0039670 secs] [Times: user=0.02 sys=0.00, real=0.00 secs] 
2014-07-08T04:19:04.635+0000: 302.851: [GC [PSYoungGen: 164892K->644K(188288K)] 243880K->79679K(875264K), 0.0113670 secs] [Times: user=0.07 sys=0.00, real=0.01 secs] 
2014-07-08T04:19:05.276+0000: 303.492: [GC [PSYoungGen: 187716K->772K(184000K)] 266751K->79855K(870976K), 0.0031960 secs] [Times: user=0.02 sys=0.01, real=0.01 secs] 
2014-07-08T04:19:05.911+0000: 304.126: [GC [PSYoungGen: 183940K->932K(180352K)] 263023K->80120K(867328K), 0.0031830 secs] [Times: user=0.02 sys=0.00, real=0.00 secs] 
2014-07-08T04:19:06.551+0000: 304.767: [GC [PSYoungGen: 180323K->566K(176320K)] 259511K->80188K(863296K), 0.0034740 secs] [Times: user=0.02 sys=0.00, real=0.00 secs] 
2014-07-08T04:19:07.158+0000: 305.373: [GC [PSYoungGen: 176267K->944K(173184K)] 255889K->80638K(860160K), 0.0039910 secs] [Times: user=0.02 sys=0.00, real=0.01 secs] 
2014-07-08T04:19:07.759+0000: 305.975: [GC [PSYoungGen: 173168K->946K(169792K)] 252862K->80794K(856768K), 0.0027540 secs] [Times: user=0.01 sys=0.00, real=0.01 secs] 
2014-07-08T04:19:08.354+0000: 306.569: [GC [PSYoungGen: 169769K->872K(166400K)] 249617K->80776K(853376K), 0.0071340 secs] [Times: user=0.04 sys=0.00, real=0.01 secs] 
2014-07-08T04:19:08.981+0000: 307.197: [GC [PSYoungGen: 166376K->740K(163072K)] 246280K->80724K(850048K), 0.0033140 secs] [Times: user=0.01 sys=0.00, real=0.00 secs] 
2014-07-08T04:19:09.510+0000: 307.726: [GC [PSYoungGen: 163044K->954K(160192K)] 243028K->81042K(847168K), 0.0031660 secs] [Times: user=0.02 sys=0.00, real=0.00 secs] 
2014-07-08T04:19:10.057+0000: 308.273: [GC [PSYoungGen: 160186K->680K(156928K)] 240274K->80816K(843904K), 0.0034160 secs] [Times: user=0.02 sys=0.00, real=0.01 secs] 
2014-07-08T04:19:10.618+0000: 308.833: [GC [PSYoungGen: 156904K->612K(153920K)] 237040K->80796K(840896K), 0.0083010 secs] [Times: user=0.04 sys=0.00, real=0.01 secs] 
2014-07-08T04:19:11.142+0000: 309.358: [GC [PSYoungGen: 153892K->676K(151168K)] 234076K->80948K(838144K), 0.0063630 secs] [Times: user=0.04 sys=0.00, real=0.00 secs] 
2014-07-08T04:19:11.661+0000: 309.877: [GC [PSYoungGen: 151140K->914K(148672K)] 231412K->81266K(835648K), 0.0061740 secs] [Times: user=0.04 sys=0.00, real=0.00 secs] 
2014-07-08T04:19:12.167+0000: 310.383: [GC [PSYoungGen: 148590K->822K(145856K)] 228942K->81312K(832832K), 0.0031960 secs] [Times: user=0.01 sys=0.01, real=0.01 secs] 
2014-07-08T04:19:12.667+0000: 310.882: [GC [PSYoungGen: 145820K->865K(143360K)] 226310K->81427K(830336K), 0.0049740 secs] [Times: user=0.03 sys=0.00, real=0.01 secs] 
2014-07-08T04:19:13.159+0000: 311.375: [GC [PSYoungGen: 143329K->758K(140736K)] 223891K->81524K(827712K), 0.0032600 secs] [Times: user=0.02 sys=0.00, real=0.01 secs] 
2014-07-08T04:19:13.649+0000: 311.865: [GC [PSYoungGen: 140720K->950K(138496K)] 221486K->81804K(825472K), 0.0039780 secs] [Times: user=0.03 sys=0.01, real=0.01 secs] 
2014-07-08T04:19:14.126+0000: 312.342: [GC [PSYoungGen: 138486K->544K(135744K)] 219340K->81462K(822720K), 0.0033170 secs] [Times: user=0.01 sys=0.00, real=0.00 secs] 
2014-07-08T04:19:14.627+0000: 312.843: [GC [PSYoungGen: 135712K->972K(133888K)] 216630K->81970K(820864K), 0.0067200 secs] [Times: user=0.03 sys=0.00, real=0.01 secs] 
2014-07-08T04:19:15.055+0000: 313.270: [GC [PSYoungGen: 133836K->694K(131328K)] 214834K->81740K(818304K), 0.0044610 secs] [Times: user=0.02 sys=0.00, real=0.00 secs] 
2014-07-08T04:19:15.519+0000: 313.734: [GC [PSYoungGen: 131318K->814K(129280K)] 212364K->81884K(816256K), 0.0043570 secs] [Times: user=0.01 sys=0.01, real=0.01 secs] 
2014-07-08T04:19:15.989+0000: 314.204: [GC [PSYoungGen: 129262K->776K(155008K)] 210332K->81894K(841984K), 0.0063540 secs] [Times: user=0.04 sys=0.00, real=0.01 secs] 
2014-07-08T04:19:16.595+0000: 314.811: [GC [PSYoungGen: 154952K->1124K(152448K)] 236070K->82354K(839424K), 0.0040410 secs] [Times: user=0.02 sys=0.00, real=0.00 secs] 
2014-07-08T04:19:17.016+0000: 315.232: [GC [PSYoungGen: 152420K->384K(148928K)] 233650K->81928K(835904K), 0.0023370 secs] [Times: user=0.02 sys=0.00, real=0.00 secs] 
2014-07-08T04:19:17.545+0000: 315.761: [GC [PSYoungGen: 148928K->894K(146752K)] 230472K->82478K(833728K), 0.0032030 secs] [Times: user=0.01 sys=0.00, real=0.00 secs] 
2014-07-08T04:19:18.032+0000: 316.247: [GC [PSYoungGen: 146750K->808K(144064K)] 228334K->82588K(831040K), 0.0032550 secs] [Times: user=0.01 sys=0.00, real=0.00 secs] 
2014-07-08T04:19:18.580+0000: 316.796: [GC [PSYoungGen: 144009K->1031K(141824K)] 225789K->82860K(828800K), 0.0043300 secs] [Times: user=0.02 sys=0.01, real=0.01 secs] 
2014-07-08T04:19:19.044+0000: 317.260: [GC [PSYoungGen: 141671K->570K(138880K)] 223499K->82528K(825856K), 0.0024330 secs] [Times: user=0.01 sys=0.00, real=0.00 secs] 
2014-07-08T04:19:19.533+0000: 317.748: [GC [PSYoungGen: 138874K->844K(136832K)] 220832K->82818K(823808K), 0.0050070 secs] [Times: user=0.01 sys=0.00, real=0.00 secs] 
2014-07-08T04:19:19.994+0000: 318.209: [GC [PSYoungGen: 136779K->794K(134464K)] 218753K->82848K(821440K), 0.0028250 secs] [Times: user=0.01 sys=0.00, real=0.00 secs] 
2014-07-08T04:19:20.463+0000: 318.678: [GC [PSYoungGen: 134426K->982K(132416K)] 216480K->83092K(819392K), 0.0029750 secs] [Times: user=0.01 sys=0.00, real=0.00 secs] 
2014-07-08T04:19:20.902+0000: 319.118: [GC [PSYoungGen: 132374K->616K(129856K)] 214484K->82806K(816832K), 0.0030700 secs] [Times: user=0.02 sys=0.00, real=0.00 secs] 
2014-07-08T04:19:21.366+0000: 319.582: [GC [PSYoungGen: 129832K->858K(128000K)] 212022K->83088K(814976K), 0.0027950 secs] [Times: user=0.01 sys=0.00, real=0.00 secs] 
2014-07-08T04:19:21.799+0000: 320.014: [GC [PSYoungGen: 127962K->762K(125824K)] 210192K->83064K(812800K), 0.0024610 secs] [Times: user=0.02 sys=0.00, real=0.00 secs] 
2014-07-08T04:19:22.232+0000: 320.448: [GC [PSYoungGen: 125795K->812K(123904K)] 208097K->83202K(810880K), 0.0031580 secs] [Times: user=0.01 sys=0.00, real=0.00 secs] 
2014-07-08T04:19:22.657+0000: 320.873: [GC [PSYoungGen: 123829K->733K(121856K)] 206219K->83203K(808832K), 0.0035240 secs] [Times: user=0.02 sys=0.00, real=0.00 secs] 
2014-07-08T04:19:23.073+0000: 321.289: [GC [PSYoungGen: 121821K->608K(119808K)] 204291K->83118K(806784K), 0.0037360 secs] [Times: user=0.02 sys=0.00, real=0.00 secs] 
2014-07-08T04:19:23.507+0000: 321.723: [GC [PSYoungGen: 119743K->929K(118272K)] 202253K->83583K(805248K), 0.0045480 secs] [Times: user=0.02 sys=0.00, real=0.00 secs] 
2014-07-08T04:19:23.904+0000: 322.120: [GC [PSYoungGen: 118241K->804K(116352K)] 200895K->83546K(803328K), 0.0029620 secs] [Times: user=0.01 sys=0.00, real=0.00 secs] 
2014-07-08T04:19:24.287+0000: 322.503: [GC [PSYoungGen: 116324K->676K(114496K)] 199066K->83684K(801472K), 0.0043270 secs] [Times: user=0.02 sys=0.00, real=0.00 secs] 
2014-07-08T04:19:24.683+0000: 322.899: [GC [PSYoungGen: 114468K->840K(112960K)] 197476K->83936K(799936K), 0.0051610 secs] [Times: user=0.04 sys=0.00, real=0.00 secs] 
2014-07-08T04:19:25.076+0000: 323.292: [GC [PSYoungGen: 112881K->662K(111104K)] 195977K->83946K(798080K), 0.0035780 secs] [Times: user=0.02 sys=0.00, real=0.00 secs] 
2014-07-08T04:19:25.474+0000: 323.690: [GC [PSYoungGen: 111061K->1110K(133632K)] 194346K->84466K(820608K), 0.0051410 secs] [Times: user=0.02 sys=0.00, real=0.00 secs] 
2014-07-08T04:19:25.912+0000: 324.128: [GC [PSYoungGen: 133590K->484K(130752K)] 216946K->83978K(817728K), 0.0036410 secs] [Times: user=0.02 sys=0.00, real=0.00 secs] 
2014-07-08T04:19:26.370+0000: 324.585: [GC [PSYoungGen: 130724K->612K(128704K)] 214218K->84122K(815680K), 0.0048360 secs] [Times: user=0.01 sys=0.00, real=0.01 secs] 
2014-07-08T04:19:26.813+0000: 325.028: [GC [PSYoungGen: 128676K->630K(126592K)] 212186K->84220K(813568K), 0.0028050 secs] [Times: user=0.01 sys=0.00, real=0.00 secs] 
2014-07-08T04:19:27.255+0000: 325.471: [GC [PSYoungGen: 126582K->858K(124800K)] 210172K->84472K(811776K), 0.0047350 secs] [Times: user=0.02 sys=0.00, real=0.00 secs] 
2014-07-08T04:19:27.675+0000: 325.891: [GC [PSYoungGen: 124762K->726K(122688K)] 208376K->84428K(809664K), 0.0032810 secs] [Times: user=0.01 sys=0.00, real=0.00 secs] 
2014-07-08T04:19:28.102+0000: 326.318: [GC [PSYoungGen: 122646K->890K(120896K)] 206348K->84656K(807872K), 0.0024600 secs] [Times: user=0.01 sys=0.00, real=0.01 secs] 
2014-07-08T04:19:28.543+0000: 326.759: [GC [PSYoungGen: 120890K->676K(118848K)] 204656K->84498K(805824K), 0.0068460 secs] [Times: user=0.04 sys=0.00, real=0.01 secs] 
2014-07-08T04:19:28.940+0000: 327.155: [GC [PSYoungGen: 118820K->694K(142528K)] 202642K->84596K(829504K), 0.0054540 secs] [Times: user=0.04 sys=0.00, real=0.01 secs] 
2014-07-08T04:19:29.454+0000: 327.670: [GC [PSYoungGen: 142518K->953K(140288K)] 226420K->84919K(827264K), 0.0037600 secs] [Times: user=0.03 sys=0.00, real=0.00 secs] 
2014-07-08T04:19:29.922+0000: 328.138: [GC [PSYoungGen: 140281K->402K(137344K)] 224247K->84384K(824320K), 0.0044120 secs] [Times: user=0.02 sys=0.00, real=0.01 secs] 
2014-07-08T04:19:30.412+0000: 328.628: [GC [PSYoungGen: 137270K->782K(135360K)] 221253K->84828K(822336K), 0.0022240 secs] [Times: user=0.01 sys=0.01, real=0.01 secs] 
2014-07-08T04:19:30.864+0000: 329.080: [GC [PSYoungGen: 135310K->662K(132928K)] 219356K->84780K(819904K), 0.0033180 secs] [Times: user=0.02 sys=0.00, real=0.00 secs] 
2014-07-08T04:19:31.439+0000: 329.655: [GC [PSYoungGen: 132886K->822K(130816K)] 217004K->85004K(817792K), 0.0053310 secs] [Times: user=0.02 sys=0.00, real=0.01 secs] 
2014-07-08T04:19:31.814+0000: 330.029: [GC [PSYoungGen: 130806K->594K(128448K)] 214988K->84832K(815424K), 0.0030130 secs] [Times: user=0.01 sys=0.00, real=0.00 secs] 
2014-07-08T04:19:32.213+0000: 330.429: [GC [PSYoungGen: 128402K->812K(126528K)] 212640K->85130K(813504K), 0.0036980 secs] [Times: user=0.02 sys=0.00, real=0.00 secs] 
2014-07-08T04:19:32.686+0000: 330.901: [GC [PSYoungGen: 126502K->1128K(124800K)] 210821K->85610K(811776K), 0.0028980 secs] [Times: user=0.01 sys=0.00, real=0.00 secs] 
2014-07-08T04:19:33.076+0000: 331.292: [GC [PSYoungGen: 124776K->380K(122048K)] 209258K->85279K(809024K), 0.0029040 secs] [Times: user=0.01 sys=0.00, real=0.00 secs] 
2014-07-08T04:19:33.519+0000: 331.735: [GC [PSYoungGen: 122004K->1278K(121024K)] 206903K->86365K(808000K), 0.0058180 secs] [Times: user=0.03 sys=0.00, real=0.01 secs] 
2014-07-08T04:19:33.900+0000: 332.116: [GC [PSYoungGen: 121022K->744K(118656K)] 206109K->86092K(805632K), 0.0030220 secs] [Times: user=0.02 sys=0.00, real=0.00 secs] 
2014-07-08T04:19:34.312+0000: 332.527: [GC [PSYoungGen: 118632K->762K(116864K)] 203980K->86150K(803840K), 0.0044290 secs] [Times: user=0.01 sys=0.00, real=0.01 secs] 
2014-07-08T04:19:34.706+0000: 332.922: [GC [PSYoungGen: 116827K->833K(115200K)] 202216K->86278K(802176K), 0.0040390 secs] [Times: user=0.01 sys=0.01, real=0.00 secs] 
2014-07-08T04:19:35.114+0000: 333.330: [GC [PSYoungGen: 115135K->698K(113280K)] 200580K->86190K(800256K), 0.0026980 secs] [Times: user=0.01 sys=0.00, real=0.00 secs] 
2014-07-08T04:19:35.525+0000: 333.741: [GC [PSYoungGen: 113263K->1123K(136256K)] 198756K->86672K(823232K), 0.0069340 secs] [Times: user=0.04 sys=0.00, real=0.00 secs] 
2014-07-08T04:19:35.971+0000: 334.186: [GC [PSYoungGen: 136205K->712K(133568K)] 221754K->86340K(820544K), 0.0028520 secs] [Times: user=0.02 sys=0.00, real=0.00 secs] 
2014-07-08T04:19:36.471+0000: 334.687: [GC [PSYoungGen: 133481K->808K(131392K)] 219110K->86468K(818368K), 0.0056800 secs] [Times: user=0.03 sys=0.00, real=0.01 secs] 
2014-07-08T04:19:36.873+0000: 335.089: [GC [PSYoungGen: 131368K->794K(129216K)] 217028K->86534K(816192K), 0.0033000 secs] [Times: user=0.02 sys=0.00, real=0.01 secs] 
2014-07-08T04:19:37.312+0000: 335.528: [GC [PSYoungGen: 129178K->990K(127296K)] 214918K->86818K(814272K), 0.0034320 secs] [Times: user=0.01 sys=0.00, real=0.01 secs] 
2014-07-08T04:19:37.744+0000: 335.960: [GC [PSYoungGen: 127260K->716K(124992K)] 213089K->86592K(811968K), 0.0054300 secs] [Times: user=0.03 sys=0.00, real=0.01 secs] 
2014-07-08T04:19:38.183+0000: 336.399: [GC [PSYoungGen: 124940K->726K(123008K)] 210816K->86650K(809984K), 0.0041820 secs] [Times: user=0.03 sys=0.00, real=0.01 secs] 
2014-07-08T04:19:38.665+0000: 336.881: [GC [PSYoungGen: 122966K->1018K(147712K)] 208890K->87022K(834688K), 0.0059300 secs] [Times: user=0.03 sys=0.00, real=0.00 secs] 
2014-07-08T04:19:39.114+0000: 337.330: [GC [PSYoungGen: 147706K->598K(168512K)] 233710K->86658K(855488K), 0.0049620 secs] [Times: user=0.02 sys=0.00, real=0.00 secs] 
2014-07-08T04:19:39.698+0000: 337.914: [GC [PSYoungGen: 168278K->712K(165184K)] 254338K->86844K(852160K), 0.0032200 secs] [Times: user=0.02 sys=0.00, real=0.00 secs] 
2014-07-08T04:19:40.293+0000: 338.508: [GC [PSYoungGen: 165128K->570K(161792K)] 251260K->86992K(848768K), 0.0044730 secs] [Times: user=0.02 sys=0.00, real=0.01 secs] 
2014-07-08T04:19:40.833+0000: 339.049: [GC [PSYoungGen: 161785K->986K(159168K)] 248208K->87448K(846144K), 0.0040240 secs] [Times: user=0.02 sys=0.00, real=0.01 secs] 
2014-07-08T04:19:41.506+0000: 339.722: [GC [PSYoungGen: 159130K->954K(156160K)] 245592K->87620K(843136K), 0.0087180 secs] [Times: user=0.05 sys=0.00, real=0.00 secs] 
2014-07-08T04:19:41.916+0000: 340.132: [GC [PSYoungGen: 156132K->812K(153152K)] 242799K->87566K(840128K), 0.0023270 secs] [Times: user=0.01 sys=0.01, real=0.00 secs] 
2014-07-08T04:19:42.442+0000: 340.658: [GC [PSYoungGen: 153130K->829K(150336K)] 239885K->87672K(837312K), 0.0027590 secs] [Times: user=0.01 sys=0.00, real=0.00 secs] 
2014-07-08T04:19:42.964+0000: 341.180: [GC [PSYoungGen: 150333K->480K(147328K)] 237176K->87402K(834304K), 0.0040570 secs] [Times: user=0.02 sys=0.00, real=0.01 secs] 
2014-07-08T04:19:43.475+0000: 341.691: [GC [PSYoungGen: 147296K->580K(144832K)] 234218K->87542K(831808K), 0.0044760 secs] [Times: user=0.02 sys=0.01, real=0.00 secs] 
2014-07-08T04:19:43.992+0000: 342.207: [GC [PSYoungGen: 144772K->908K(142592K)] 231734K->87950K(829568K), 0.0042590 secs] [Times: user=0.02 sys=0.00, real=0.01 secs] 
2014-07-08T04:19:44.503+0000: 342.718: [GC [PSYoungGen: 142540K->876K(140032K)] 229582K->88014K(827008K), 0.0031700 secs] [Times: user=0.02 sys=0.00, real=0.01 secs] 
2014-07-08T04:19:44.974+0000: 343.190: [GC [PSYoungGen: 140012K->982K(137728K)] 227150K->88209K(824704K), 0.0024270 secs] [Times: user=0.01 sys=0.00, real=0.01 secs] 
2014-07-08T04:19:45.478+0000: 343.693: [GC [PSYoungGen: 137686K->548K(134912K)] 224913K->88405K(821888K), 0.0039190 secs] [Times: user=0.02 sys=0.00, real=0.00 secs] 
2014-07-08T04:19:46.008+0000: 344.223: [GC [PSYoungGen: 134884K->908K(133056K)] 222741K->88861K(820032K), 0.0033300 secs] [Times: user=0.02 sys=0.00, real=0.00 secs] 
2014-07-08T04:19:46.527+0000: 344.743: [GC [PSYoungGen: 133004K->878K(130816K)] 220957K->88887K(817792K), 0.0038130 secs] [Times: user=0.01 sys=0.00, real=0.00 secs] 
2014-07-08T04:19:46.884+0000: 345.099: [GC [PSYoungGen: 130797K->736K(128512K)] 218806K->88801K(815488K), 0.0033720 secs] [Times: user=0.02 sys=0.00, real=0.01 secs] 
2014-07-08T04:19:47.293+0000: 345.508: [GC [PSYoungGen: 128480K->858K(126528K)] 216545K->88987K(813504K), 0.0037760 secs] [Times: user=0.02 sys=0.00, real=0.01 secs] 
2014-07-08T04:19:47.718+0000: 345.934: [GC [PSYoungGen: 126490K->544K(124160K)] 214619K->88769K(811136K), 0.0033380 secs] [Times: user=0.02 sys=0.00, real=0.00 secs] 
2014-07-08T04:19:48.129+0000: 346.345: [GC [PSYoungGen: 124086K->900K(122560K)] 212312K->89165K(809536K), 0.0045690 secs] [Times: user=0.03 sys=0.00, real=0.00 secs] 
2014-07-08T04:19:48.582+0000: 346.798: [GC [PSYoungGen: 122500K->1116K(120832K)] 210765K->89470K(807808K), 0.0038240 secs] [Times: user=0.02 sys=0.00, real=0.01 secs] 
2014-07-08T04:19:48.974+0000: 347.190: [GC [PSYoungGen: 120796K->356K(118208K)] 209150K->89115K(805184K), 0.0023080 secs] [Times: user=0.01 sys=0.00, real=0.01 secs] 
2014-07-08T04:19:49.389+0000: 347.604: [GC [PSYoungGen: 118180K->890K(116928K)] 206939K->89681K(803904K), 0.0032660 secs] [Times: user=0.02 sys=0.00, real=0.00 secs] 
2014-07-08T04:19:49.791+0000: 348.007: [GC [PSYoungGen: 116922K->730K(115008K)] 205713K->89665K(801984K), 0.0026760 secs] [Times: user=0.01 sys=0.00, real=0.00 secs] 
2014-07-08T04:19:50.186+0000: 348.402: [GC [PSYoungGen: 114951K->1163K(113728K)] 203886K->90163K(800704K), 0.0041960 secs] [Times: user=0.02 sys=0.00, real=0.00 secs] 
2014-07-08T04:19:50.597+0000: 348.812: [GC [PSYoungGen: 113675K->494K(111360K)] 202675K->89807K(798336K), 0.0024350 secs] [Times: user=0.01 sys=0.00, real=0.00 secs] 
2014-07-08T04:19:50.946+0000: 349.161: [GC [PSYoungGen: 111342K->924K(110144K)] 200655K->90286K(797120K), 0.0046920 secs] [Times: user=0.02 sys=0.00, real=0.01 secs] 
2014-07-08T04:19:51.382+0000: 349.598: [GC [PSYoungGen: 110043K->1000K(108608K)] 199405K->90473K(795584K), 0.0051510 secs] [Times: user=0.03 sys=0.00, real=0.01 secs] 
2014-07-08T04:19:51.720+0000: 349.935: [GC [PSYoungGen: 108584K->480K(106560K)] 198057K->90001K(793536K), 0.0029290 secs] [Times: user=0.01 sys=0.01, real=0.00 secs] 
2014-07-08T04:19:52.068+0000: 350.284: [GC [PSYoungGen: 106528K->726K(105280K)] 196049K->90295K(792256K), 0.0038140 secs] [Times: user=0.02 sys=0.00, real=0.00 secs] 
2014-07-08T04:19:52.445+0000: 350.660: [GC [PSYoungGen: 105216K->726K(103808K)] 194785K->90327K(790784K), 0.0031310 secs] [Times: user=0.01 sys=0.00, real=0.01 secs] 
2014-07-08T04:19:52.814+0000: 351.030: [GC [PSYoungGen: 103742K->1032K(102720K)] 193344K->90697K(789696K), 0.0034200 secs] [Times: user=0.02 sys=0.00, real=0.01 secs] 
2014-07-08T04:19:53.165+0000: 351.381: [GC [PSYoungGen: 102634K->772K(122816K)] 192300K->90501K(809792K), 0.0089270 secs] [Times: user=0.05 sys=0.00, real=0.01 secs] 
2014-07-08T04:19:53.593+0000: 351.809: [GC [PSYoungGen: 122756K->690K(147136K)] 212485K->90647K(834112K), 0.0037950 secs] [Times: user=0.02 sys=0.00, real=0.01 secs] 
2014-07-08T04:19:54.088+0000: 352.304: [GC [PSYoungGen: 147122K->712K(154816K)] 237079K->90733K(841792K), 0.0037960 secs] [Times: user=0.02 sys=0.01, real=0.00 secs] 
2014-07-08T04:19:54.626+0000: 352.841: [GC [PSYoungGen: 154248K->740K(151488K)] 244269K->90907K(838464K), 0.0036990 secs] [Times: user=0.03 sys=0.00, real=0.01 secs] 
2014-07-08T04:19:55.160+0000: 353.376: [GC [PSYoungGen: 151460K->758K(148736K)] 241627K->90997K(835712K), 0.0040010 secs] [Times: user=0.02 sys=0.00, real=0.00 secs] 
2014-07-08T04:19:55.667+0000: 353.883: [GC [PSYoungGen: 148713K->862K(146176K)] 238953K->91181K(833152K), 0.0048950 secs] [Times: user=0.03 sys=0.00, real=0.00 secs] 
2014-07-08T04:19:56.170+0000: 354.385: [GC [PSYoungGen: 146135K->797K(143552K)] 236455K->91189K(830528K), 0.0024130 secs] [Times: user=0.01 sys=0.00, real=0.00 secs] 
2014-07-08T04:19:56.745+0000: 354.961: [GC [PSYoungGen: 143517K->624K(140864K)] 233909K->91640K(827840K), 0.0030990 secs] [Times: user=0.02 sys=0.00, real=0.01 secs] 
2014-07-08T04:19:57.151+0000: 355.367: [GC [PSYoungGen: 140848K->1058K(138880K)] 231864K->92146K(825856K), 0.0036410 secs] [Times: user=0.02 sys=0.00, real=0.00 secs] 
2014-07-08T04:19:57.649+0000: 355.865: [GC [PSYoungGen: 138849K->700K(136128K)] 229937K->92168K(823104K), 0.0033850 secs] [Times: user=0.02 sys=0.00, real=0.00 secs] 
2014-07-08T04:19:58.091+0000: 356.307: [GC [PSYoungGen: 136124K->594K(133760K)] 227592K->92118K(820736K), 0.0063210 secs] [Times: user=0.04 sys=0.00, real=0.01 secs] 
2014-07-08T04:19:58.579+0000: 356.795: [GC [PSYoungGen: 133714K->836K(131776K)] 225238K->92416K(818752K), 0.0027990 secs] [Times: user=0.02 sys=0.00, real=0.00 secs] 
2014-07-08T04:19:59.025+0000: 357.241: [GC [PSYoungGen: 131716K->996K(158080K)] 223296K->92632K(845056K), 0.0107450 secs] [Times: user=0.06 sys=0.00, real=0.01 secs] 
2014-07-08T04:19:59.591+0000: 357.807: [GC [PSYoungGen: 158052K->672K(172288K)] 249688K->92468K(859264K), 0.0044470 secs] [Times: user=0.03 sys=0.00, real=0.00 secs] 
2014-07-08T04:20:00.168+0000: 358.384: [GC [PSYoungGen: 172256K->698K(168896K)] 264052K->92542K(855872K), 0.0029730 secs] [Times: user=0.02 sys=0.00, real=0.00 secs] 
2014-07-08T04:20:00.758+0000: 358.974: [GC [PSYoungGen: 168873K->630K(165568K)] 260717K->92816K(852544K), 0.0023830 secs] [Times: user=0.02 sys=0.00, real=0.00 secs] 
2014-07-08T04:20:01.343+0000: 359.559: [GC [PSYoungGen: 165558K->808K(162560K)] 257744K->93058K(849536K), 0.0027090 secs] [Times: user=0.01 sys=0.00, real=0.00 secs] 
2014-07-08T04:20:01.947+0000: 360.163: [GC [PSYoungGen: 162536K->694K(159360K)] 254786K->93016K(846336K), 0.0042810 secs] [Times: user=0.03 sys=0.00, real=0.01 secs] 
2014-07-08T04:20:02.461+0000: 360.676: [GC [PSYoungGen: 159350K->808K(156480K)] 251672K->93186K(843456K), 0.0032750 secs] [Times: user=0.01 sys=0.01, real=0.00 secs] 
2014-07-08T04:20:03.000+0000: 361.215: [GC [PSYoungGen: 156456K->666K(153472K)] 248834K->93100K(840448K), 0.0032680 secs] [Times: user=0.02 sys=0.00, real=0.00 secs] 
2014-07-08T04:20:03.550+0000: 361.766: [GC [PSYoungGen: 153434K->744K(150720K)] 245868K->93218K(837696K), 0.0076700 secs] [Times: user=0.04 sys=0.00, real=0.01 secs] 
2014-07-08T04:20:04.063+0000: 362.279: [GC [PSYoungGen: 150696K->712K(147968K)] 243170K->93266K(834944K), 0.0034370 secs] [Times: user=0.02 sys=0.00, real=0.00 secs] 
2014-07-08T04:20:04.583+0000: 362.799: [GC [PSYoungGen: 147912K->530K(145152K)] 240466K->93132K(832128K), 0.0040780 secs] [Times: user=0.02 sys=0.00, real=0.00 secs] 
2014-07-08T04:20:05.060+0000: 363.276: [GC [PSYoungGen: 145106K->662K(142720K)] 237708K->93344K(829696K), 0.0051830 secs] [Times: user=0.03 sys=0.00, real=0.00 secs] 
2014-07-08T04:20:05.576+0000: 363.791: [GC [PSYoungGen: 142678K->790K(168064K)] 235360K->93512K(855040K), 0.0138900 secs] [Times: user=0.07 sys=0.00, real=0.02 secs] 
2014-07-08T04:20:06.128+0000: 364.344: [GC [PSYoungGen: 167681K->612K(171520K)] 260403K->93414K(858496K), 0.0044310 secs] [Times: user=0.03 sys=0.00, real=0.00 secs] 
2014-07-08T04:20:06.750+0000: 364.966: [GC [PSYoungGen: 171044K->872K(167936K)] 263846K->93762K(854912K), 0.0029800 secs] [Times: user=0.02 sys=0.00, real=0.00 secs] 
2014-07-08T04:20:07.317+0000: 365.533: [GC [PSYoungGen: 167912K->242K(164032K)] 260802K->93536K(851008K), 0.0039530 secs] [Times: user=0.02 sys=0.01, real=0.01 secs] 
2014-07-08T04:20:07.889+0000: 366.104: [GC [PSYoungGen: 164003K->1076K(161728K)] 257297K->94526K(848704K), 0.0050210 secs] [Times: user=0.03 sys=0.00, real=0.01 secs] 
2014-07-08T04:20:08.470+0000: 366.686: [GC [PSYoungGen: 161716K->876K(158464K)] 255166K->94754K(845440K), 0.0046260 secs] [Times: user=0.01 sys=0.00, real=0.00 secs] 
2014-07-08T04:20:09.020+0000: 367.236: [GC [PSYoungGen: 158439K->769K(155456K)] 252317K->94711K(842432K), 0.0036420 secs] [Times: user=0.01 sys=0.00, real=0.00 secs] 
2014-07-08T04:20:09.582+0000: 367.798: [GC [PSYoungGen: 155360K->1057K(152832K)] 249303K->95087K(839808K), 0.0052800 secs] [Times: user=0.03 sys=0.00, real=0.00 secs] 
2014-07-08T04:20:10.083+0000: 368.299: [GC [PSYoungGen: 152801K->776K(149824K)] 246831K->94870K(836800K), 0.0032130 secs] [Times: user=0.02 sys=0.00, real=0.00 secs] 
2014-07-08T04:20:10.632+0000: 368.848: [GC [PSYoungGen: 149767K->730K(147072K)] 243862K->94904K(834048K), 0.0036420 secs] [Times: user=0.02 sys=0.00, real=0.00 secs] 
2014-07-08T04:20:11.114+0000: 369.329: [GC [PSYoungGen: 147034K->804K(144512K)] 241208K->95002K(831488K), 0.0060770 secs] [Times: user=0.03 sys=0.00, real=0.01 secs] 
2014-07-08T04:20:11.679+0000: 369.895: [GC [PSYoungGen: 144483K->1126K(142272K)] 238681K->95396K(829248K), 0.0042790 secs] [Times: user=0.01 sys=0.00, real=0.00 secs] 
2014-07-08T04:20:12.109+0000: 370.325: [GC [PSYoungGen: 142246K->886K(139520K)] 236516K->95212K(826496K), 0.0045820 secs] [Times: user=0.02 sys=0.00, real=0.00 secs] 
2014-07-08T04:20:12.602+0000: 370.818: [GC [PSYoungGen: 139510K->698K(136960K)] 233836K->95162K(823936K), 0.0053110 secs] [Times: user=0.02 sys=0.00, real=0.00 secs] 
2014-07-08T04:20:13.089+0000: 371.305: [GC [PSYoungGen: 136906K->826K(134784K)] 231371K->95378K(821760K), 0.0040720 secs] [Times: user=0.02 sys=0.00, real=0.00 secs] 
2014-07-08T04:20:13.561+0000: 371.777: [GC [PSYoungGen: 134778K->890K(132608K)] 229330K->95490K(819584K), 0.0053520 secs] [Times: user=0.02 sys=0.00, real=0.00 secs] 
2014-07-08T04:20:13.999+0000: 372.214: [GC [PSYoungGen: 132576K->826K(130368K)] 227176K->95514K(817344K), 0.0038550 secs] [Times: user=0.02 sys=0.00, real=0.01 secs] 
2014-07-08T04:20:14.455+0000: 372.670: [GC [PSYoungGen: 130362K->698K(128128K)] 225050K->95466K(815104K), 0.0033770 secs] [Times: user=0.02 sys=0.00, real=0.00 secs] 
2014-07-08T04:20:14.879+0000: 373.095: [GC [PSYoungGen: 128122K->812K(126208K)] 222890K->95644K(813184K), 0.0033860 secs] [Times: user=0.01 sys=0.00, real=0.01 secs] 
2014-07-08T04:20:15.320+0000: 373.535: [GC [PSYoungGen: 126185K->790K(124160K)] 221018K->95710K(811136K), 0.0037470 secs] [Times: user=0.03 sys=0.00, real=0.01 secs] 
2014-07-08T04:20:15.746+0000: 373.962: [GC [PSYoungGen: 124118K->758K(122112K)] 219038K->95742K(809088K), 0.0034180 secs] [Times: user=0.02 sys=0.00, real=0.00 secs] 
2014-07-08T04:20:16.168+0000: 374.384: [GC [PSYoungGen: 122102K->552K(120000K)] 217086K->95584K(806976K), 0.0032140 secs] [Times: user=0.02 sys=0.00, real=0.01 secs] 
2014-07-08T04:20:16.690+0000: 374.905: [GC [PSYoungGen: 119976K->1038K(118656K)] 215008K->96150K(805632K), 0.0057620 secs] [Times: user=0.03 sys=0.00, real=0.01 secs] 
2014-07-08T04:20:17.042+0000: 375.258: [GC [PSYoungGen: 118606K->680K(116480K)] 213718K->95890K(803456K), 0.0022470 secs] [Times: user=0.01 sys=0.00, real=0.00 secs] 
2014-07-08T04:20:17.401+0000: 375.616: [GC [PSYoungGen: 116456K->990K(115008K)] 211666K->96272K(801984K), 0.0033350 secs] [Times: user=0.02 sys=0.00, real=0.00 secs] 
2014-07-08T04:20:17.801+0000: 376.017: [GC [PSYoungGen: 114974K->630K(112896K)] 210256K->96124K(799872K), 0.0025270 secs] [Times: user=0.01 sys=0.00, real=0.00 secs] 
2014-07-08T04:20:18.190+0000: 376.406: [GC [PSYoungGen: 112886K->812K(111424K)] 208380K->96370K(798400K), 0.0047930 secs] [Times: user=0.03 sys=0.00, real=0.00 secs] 
2014-07-08T04:20:18.591+0000: 376.807: [GC [PSYoungGen: 111382K->846K(109888K)] 206940K->96600K(796864K), 0.0032230 secs] [Times: user=0.01 sys=0.01, real=0.00 secs] 
2014-07-08T04:20:18.962+0000: 377.177: [GC [PSYoungGen: 109836K->844K(108288K)] 205590K->96646K(795264K), 0.0029590 secs] [Times: user=0.01 sys=0.00, real=0.00 secs] 
2014-07-08T04:20:19.346+0000: 377.561: [GC [PSYoungGen: 108206K->548K(106432K)] 204008K->96799K(793408K), 0.0036360 secs] [Times: user=0.01 sys=0.00, real=0.00 secs] 
2014-07-08T04:20:19.712+0000: 377.928: [GC [PSYoungGen: 106404K->552K(104896K)] 202655K->96827K(791872K), 0.0039770 secs] [Times: user=0.01 sys=0.00, real=0.00 secs] 
2014-07-08T04:20:20.066+0000: 378.282: [GC [PSYoungGen: 104872K->882K(103744K)] 201147K->97221K(790720K), 0.0026770 secs] [Times: user=0.02 sys=0.00, real=0.00 secs] 
2014-07-08T04:20:20.423+0000: 378.639: [GC [PSYoungGen: 103730K->808K(102272K)] 200069K->97219K(789248K), 0.0045230 secs] [Times: user=0.02 sys=0.00, real=0.00 secs] 
2014-07-08T04:20:20.772+0000: 378.987: [GC [PSYoungGen: 102248K->630K(100672K)] 198659K->97145K(787648K), 0.0040170 secs] [Times: user=0.02 sys=0.00, real=0.00 secs] 
2014-07-08T04:20:21.106+0000: 379.322: [GC [PSYoungGen: 100662K->726K(99456K)] 197177K->97313K(786432K), 0.0027580 secs] [Times: user=0.01 sys=0.00, real=0.00 secs] 
2014-07-08T04:20:21.464+0000: 379.679: [GC [PSYoungGen: 99370K->812K(98176K)] 195957K->97699K(785152K), 0.0035330 secs] [Times: user=0.02 sys=0.00, real=0.00 secs] 
2014-07-08T04:20:21.803+0000: 380.019: [GC [PSYoungGen: 98156K->810K(96896K)] 195043K->97753K(783872K), 0.0032410 secs] [Times: user=0.01 sys=0.00, real=0.00 secs] 
2014-07-08T04:20:22.129+0000: 380.345: [GC [PSYoungGen: 96874K->662K(95488K)] 193817K->97799K(782464K), 0.0030610 secs] [Times: user=0.02 sys=0.01, real=0.01 secs] 
2014-07-08T04:20:22.459+0000: 380.675: [GC [PSYoungGen: 95446K->954K(114752K)] 192583K->98187K(801728K), 0.0047830 secs] [Times: user=0.03 sys=0.00, real=0.01 secs] 
2014-07-08T04:20:22.853+0000: 381.069: [GC [PSYoungGen: 114700K->684K(137280K)] 211934K->98082K(824256K), 0.0063490 secs] [Times: user=0.04 sys=0.00, real=0.00 secs] 
2014-07-08T04:20:23.331+0000: 381.547: [GC [PSYoungGen: 137260K->729K(156608K)] 234658K->98175K(843584K), 0.0054150 secs] [Times: user=0.03 sys=0.00, real=0.00 secs] 
2014-07-08T04:20:23.927+0000: 382.143: [GC [PSYoungGen: 156113K->1143K(164928K)] 253560K->98661K(851904K), 0.0052370 secs] [Times: user=0.03 sys=0.00, real=0.01 secs] 
2014-07-08T04:20:24.456+0000: 382.672: [GC [PSYoungGen: 164916K->1008K(165056K)] 262434K->98582K(852032K), 0.0080650 secs] [Times: user=0.05 sys=0.00, real=0.01 secs] 
2014-07-08T04:20:25.018+0000: 383.234: [GC [PSYoungGen: 164784K->776K(197824K)] 262358K->98398K(884800K), 0.0047400 secs] [Times: user=0.03 sys=0.00, real=0.01 secs] 
2014-07-08T04:20:25.700+0000: 383.916: [GC [PSYoungGen: 197320K->694K(193024K)] 294942K->98388K(880000K), 0.0044300 secs] [Times: user=0.02 sys=0.00, real=0.01 secs] 
2014-07-08T04:20:26.363+0000: 384.579: [GC [PSYoungGen: 193014K->616K(188864K)] 290708K->98350K(875840K), 0.0026850 secs] [Times: user=0.01 sys=0.00, real=0.00 secs] 
2014-07-08T04:20:27.001+0000: 385.216: [GC [PSYoungGen: 188840K->1078K(185344K)] 286574K->98892K(872320K), 0.0049160 secs] [Times: user=0.02 sys=0.00, real=0.01 secs] 
2014-07-08T04:20:27.665+0000: 385.881: [GC [PSYoungGen: 185334K->846K(181312K)] 283148K->98724K(868288K), 0.0078290 secs] [Times: user=0.04 sys=0.00, real=0.01 secs] 
2014-07-08T04:20:28.288+0000: 386.504: [GC [PSYoungGen: 181262K->662K(177408K)] 279140K->98588K(864384K), 0.0034180 secs] [Times: user=0.01 sys=0.00, real=0.00 secs] 
2014-07-08T04:20:28.900+0000: 387.116: [GC [PSYoungGen: 177366K->648K(173824K)] 275292K->98630K(860800K), 0.0043410 secs] [Times: user=0.03 sys=0.00, real=0.01 secs] 
2014-07-08T04:20:29.511+0000: 387.726: [GC [PSYoungGen: 173768K->826K(170496K)] 271750K->98864K(857472K), 0.0046090 secs] [Times: user=0.02 sys=0.00, real=0.01 secs] 
2014-07-08T04:20:30.105+0000: 388.321: [GC [PSYoungGen: 170490K->812K(167168K)] 268528K->98938K(854144K), 0.0026020 secs] [Times: user=0.02 sys=0.00, real=0.00 secs] 
2014-07-08T04:20:30.758+0000: 388.974: [GC [PSYoungGen: 167144K->914K(164096K)] 265271K->99128K(851072K), 0.0039970 secs] [Times: user=0.02 sys=0.00, real=0.01 secs] 
2014-07-08T04:20:31.313+0000: 389.528: [GC [PSYoungGen: 164050K->552K(160576K)] 262264K->99050K(847552K), 0.0071870 secs] [Times: user=0.05 sys=0.00, real=0.00 secs] 
2014-07-08T04:20:31.900+0000: 390.115: [GC [PSYoungGen: 160552K->712K(157760K)] 259050K->99266K(844736K), 0.0030910 secs] [Times: user=0.02 sys=0.00, real=0.01 secs] 
2014-07-08T04:20:32.346+0000: 390.561: [GC [PSYoungGen: 157704K->978K(155072K)] 256258K->99886K(842048K), 0.0040490 secs] [Times: user=0.02 sys=0.00, real=0.00 secs] 
2014-07-08T04:20:32.872+0000: 391.087: [GC [PSYoungGen: 155006K->1032K(152256K)] 253914K->100005K(839232K), 0.0032960 secs] [Times: user=0.01 sys=0.00, real=0.01 secs] 
2014-07-08T04:20:33.398+0000: 391.614: [GC [PSYoungGen: 152200K->256K(148672K)] 251173K->99666K(835648K), 0.0048390 secs] [Times: user=0.02 sys=0.00, real=0.01 secs] 
2014-07-08T04:20:33.909+0000: 392.125: [GC [PSYoungGen: 148672K->1208K(146944K)] 248082K->100740K(833920K), 0.0029130 secs] [Times: user=0.01 sys=0.00, real=0.00 secs] 
2014-07-08T04:20:34.430+0000: 392.646: [GC [PSYoungGen: 146936K->744K(143872K)] 246468K->100630K(830848K), 0.0027120 secs] [Times: user=0.02 sys=0.00, real=0.01 secs] 
2014-07-08T04:20:34.916+0000: 393.131: [GC [PSYoungGen: 143832K->766K(141376K)] 243719K->100692K(828352K), 0.0025520 secs] [Times: user=0.01 sys=0.00, real=0.00 secs] 
2014-07-08T04:20:35.414+0000: 393.630: [GC [PSYoungGen: 141325K->812K(139008K)] 241251K->100810K(825984K), 0.0058900 secs] [Times: user=0.04 sys=0.00, real=0.00 secs] 
2014-07-08T04:20:35.896+0000: 394.112: [GC [PSYoungGen: 138988K->762K(136576K)] 238986K->100824K(823552K), 0.0047760 secs] [Times: user=0.02 sys=0.00, real=0.00 secs] 
2014-07-08T04:20:36.374+0000: 394.590: [GC [PSYoungGen: 136569K->594K(134144K)] 236632K->100696K(821120K), 0.0069990 secs] [Times: user=0.04 sys=0.01, real=0.00 secs] 
2014-07-08T04:20:36.861+0000: 395.077: [GC [PSYoungGen: 134098K->1004K(132288K)] 234200K->101194K(819264K), 0.0033050 secs] [Times: user=0.02 sys=0.00, real=0.01 secs] 
2014-07-08T04:20:37.281+0000: 395.496: [GC [PSYoungGen: 132268K->730K(129856K)] 232458K->100984K(816832K), 0.0025750 secs] [Times: user=0.01 sys=0.00, real=0.01 secs] 
2014-07-08T04:20:37.769+0000: 395.985: [GC [PSYoungGen: 129814K->1166K(128192K)] 230069K->101501K(815168K), 0.0049610 secs] [Times: user=0.03 sys=0.00, real=0.01 secs] 
2014-07-08T04:20:38.190+0000: 396.405: [GC [PSYoungGen: 128142K->484K(125440K)] 228477K->101076K(812416K), 0.0036590 secs] [Times: user=0.02 sys=0.00, real=0.01 secs] 
2014-07-08T04:20:38.624+0000: 396.840: [GC [PSYoungGen: 125412K->776K(123776K)] 226004K->101440K(810752K), 0.0027620 secs] [Times: user=0.01 sys=0.01, real=0.00 secs] 
2014-07-08T04:20:39.046+0000: 397.261: [GC [PSYoungGen: 123720K->762K(121728K)] 224384K->101548K(808704K), 0.0047600 secs] [Times: user=0.02 sys=0.00, real=0.00 secs] 
2014-07-08T04:20:39.475+0000: 397.691: [GC [PSYoungGen: 121722K->958K(120000K)] 222508K->101793K(806976K), 0.0048960 secs] [Times: user=0.02 sys=0.01, real=0.00 secs] 
2014-07-08T04:20:39.870+0000: 398.085: [GC [PSYoungGen: 119998K->630K(117824K)] 220833K->101536K(804800K), 0.0034410 secs] [Times: user=0.02 sys=0.00, real=0.00 secs] 
2014-07-08T04:20:40.273+0000: 398.489: [GC [PSYoungGen: 117814K->680K(141376K)] 218720K->101634K(828352K), 0.0062790 secs] [Times: user=0.04 sys=0.00, real=0.01 secs] 
2014-07-08T04:20:40.771+0000: 398.987: [GC [PSYoungGen: 141350K->786K(139072K)] 242305K->101813K(826048K), 0.0042240 secs] [Times: user=0.02 sys=0.00, real=0.01 secs] 
2014-07-08T04:20:41.258+0000: 399.474: [GC [PSYoungGen: 139012K->765K(136640K)] 240039K->101856K(823616K), 0.0030160 secs] [Times: user=0.01 sys=0.00, real=0.00 secs] 
2014-07-08T04:20:41.731+0000: 399.946: [GC [PSYoungGen: 136608K->712K(134336K)] 237699K->101882K(821312K), 0.0024070 secs] [Times: user=0.01 sys=0.00, real=0.00 secs] 
2014-07-08T04:20:42.193+0000: 400.409: [GC [PSYoungGen: 134236K->776K(132160K)] 235407K->101994K(819136K), 0.0027660 secs] [Times: user=0.02 sys=0.00, real=0.01 secs] 
2014-07-08T04:20:42.657+0000: 400.872: [GC [PSYoungGen: 132104K->680K(129856K)] 233322K->101954K(816832K), 0.0041860 secs] [Times: user=0.02 sys=0.01, real=0.00 secs] 
2014-07-08T04:20:43.083+0000: 401.298: [GC [PSYoungGen: 129769K->812K(127872K)] 231044K->102150K(814848K), 0.0024150 secs] [Times: user=0.01 sys=0.00, real=0.01 secs] 
2014-07-08T04:20:43.569+0000: 401.785: [GC [PSYoungGen: 127838K->698K(125696K)] 229177K->102228K(812672K), 0.0046640 secs] [Times: user=0.03 sys=0.00, real=0.00 secs] 
2014-07-08T04:20:43.960+0000: 402.176: [GC [PSYoungGen: 125690K->612K(123648K)] 227220K->102214K(810624K), 0.0049240 secs] [Times: user=0.03 sys=0.00, real=0.01 secs] 
2014-07-08T04:20:44.397+0000: 402.613: [GC [PSYoungGen: 123615K->879K(121920K)] 225218K->102546K(808896K), 0.0055230 secs] [Times: user=0.03 sys=0.00, real=0.00 secs] 
2014-07-08T04:20:44.815+0000: 403.031: [GC [PSYoungGen: 121903K->914K(120064K)] 223570K->102677K(807040K), 0.0040210 secs] [Times: user=0.02 sys=0.01, real=0.00 secs] 
2014-07-08T04:20:45.235+0000: 403.451: [GC [PSYoungGen: 120018K->370K(117632K)] 221781K->102424K(804608K), 0.0035040 secs] [Times: user=0.02 sys=0.00, real=0.00 secs] 
2014-07-08T04:20:45.691+0000: 403.907: [GC [PSYoungGen: 117600K->1132K(116608K)] 219655K->103291K(803584K), 0.0030070 secs] [Times: user=0.02 sys=0.00, real=0.01 secs] 
2014-07-08T04:20:46.080+0000: 404.295: [GC [PSYoungGen: 116588K->548K(114304K)] 218747K->102754K(801280K), 0.0053910 secs] [Times: user=0.03 sys=0.00, real=0.01 secs] 
2014-07-08T04:20:46.455+0000: 404.671: [GC [PSYoungGen: 114254K->1160K(137728K)] 216460K->103439K(824704K), 0.0069340 secs] [Times: user=0.05 sys=0.00, real=0.01 secs] 
2014-07-08T04:20:46.956+0000: 405.171: [GC [PSYoungGen: 137672K->812K(164672K)] 239951K->103369K(851648K), 0.0042040 secs] [Times: user=0.02 sys=0.00, real=0.00 secs] 
2014-07-08T04:20:47.493+0000: 405.708: [GC [PSYoungGen: 164652K->804K(161536K)] 267209K->103449K(848512K), 0.0041690 secs] [Times: user=0.03 sys=0.00, real=0.01 secs] 
2014-07-08T04:20:48.048+0000: 406.263: [GC [PSYoungGen: 161508K->844K(158528K)] 264153K->103569K(845504K), 0.0030070 secs] [Times: user=0.02 sys=0.01, real=0.00 secs] 
2014-07-08T04:20:48.599+0000: 406.815: [GC [PSYoungGen: 158437K->932K(155648K)] 261162K->103713K(842624K), 0.0053930 secs] [Times: user=0.03 sys=0.00, real=0.00 secs] 
2014-07-08T04:20:49.121+0000: 407.336: [GC [PSYoungGen: 155620K->876K(152704K)] 258401K->103745K(839680K), 0.0038250 secs] [Times: user=0.02 sys=0.00, real=0.00 secs] 
2014-07-08T04:20:49.668+0000: 407.884: [GC [PSYoungGen: 152684K->712K(149824K)] 255553K->103661K(836800K), 0.0045330 secs] [Times: user=0.03 sys=0.01, real=0.00 secs] 
2014-07-08T04:20:50.182+0000: 408.398: [GC [PSYoungGen: 149768K->530K(146944K)] 252717K->103542K(833920K), 0.0042600 secs] [Times: user=0.02 sys=0.00, real=0.01 secs] 
2014-07-08T04:20:50.696+0000: 408.911: [GC [PSYoungGen: 146895K->868K(144640K)] 249908K->103945K(831616K), 0.0036460 secs] [Times: user=0.01 sys=0.00, real=0.00 secs] 
2014-07-08T04:20:51.191+0000: 409.407: [GC [PSYoungGen: 144612K->812K(142016K)] 247689K->103945K(828992K), 0.0052720 secs] [Times: user=0.03 sys=0.00, real=0.01 secs] 
2014-07-08T04:20:51.689+0000: 409.904: [GC [PSYoungGen: 141996K->744K(139456K)] 245129K->103981K(826432K), 0.0029450 secs] [Times: user=0.02 sys=0.00, real=0.00 secs] 
2014-07-08T04:20:52.155+0000: 410.371: [GC [PSYoungGen: 139416K->762K(137088K)] 242653K->104047K(824064K), 0.0026720 secs] [Times: user=0.01 sys=0.00, real=0.00 secs] 
2014-07-08T04:20:52.664+0000: 410.880: [GC [PSYoungGen: 137082K->1050K(135104K)] 240367K->104447K(822080K), 0.0032920 secs] [Times: user=0.02 sys=0.00, real=0.01 secs] 
2014-07-08T04:20:53.104+0000: 411.319: [GC [PSYoungGen: 135066K->616K(132416K)] 238463K->104045K(819392K), 0.0025030 secs] [Times: user=0.01 sys=0.00, real=0.01 secs] 
2014-07-08T04:20:53.580+0000: 411.795: [GC [PSYoungGen: 132392K->1082K(130688K)] 235821K->104567K(817664K), 0.0046330 secs] [Times: user=0.02 sys=0.00, real=0.00 secs] 
2014-07-08T04:20:54.017+0000: 412.233: [GC [PSYoungGen: 130666K->754K(128256K)] 234151K->104459K(815232K), 0.0030290 secs] [Times: user=0.02 sys=0.01, real=0.00 secs] 
2014-07-08T04:20:54.482+0000: 412.697: [GC [PSYoungGen: 128225K->1040K(126528K)] 231930K->104817K(813504K), 0.0035220 secs] [Times: user=0.03 sys=0.00, real=0.00 secs] 
2014-07-08T04:20:54.912+0000: 413.128: [GC [PSYoungGen: 126480K->762K(124160K)] 230257K->104719K(811136K), 0.0055550 secs] [Times: user=0.03 sys=0.00, real=0.01 secs] 
2014-07-08T04:20:55.340+0000: 413.555: [GC [PSYoungGen: 124140K->694K(122112K)] 228097K->104715K(809088K), 0.0043780 secs] [Times: user=0.03 sys=0.00, real=0.00 secs] 
2014-07-08T04:20:55.759+0000: 413.975: [GC [PSYoungGen: 122102K->694K(120192K)] 226123K->104787K(807168K), 0.0027310 secs] [Times: user=0.01 sys=0.01, real=0.00 secs] 
2014-07-08T04:20:56.169+0000: 414.384: [GC [PSYoungGen: 120158K->748K(118400K)] 224251K->104889K(805376K), 0.0035010 secs] [Times: user=0.02 sys=0.00, real=0.00 secs] 
2014-07-08T04:20:56.603+0000: 414.818: [GC [PSYoungGen: 118380K->872K(116736K)] 222521K->105101K(803712K), 0.0039880 secs] [Times: user=0.02 sys=0.00, real=0.01 secs] 
2014-07-08T04:20:57.035+0000: 415.251: [GC [PSYoungGen: 116712K->904K(115008K)] 220941K->105173K(801984K), 0.0053870 secs] [Times: user=0.03 sys=0.00, real=0.01 secs] 
2014-07-08T04:20:57.389+0000: 415.604: [GC [PSYoungGen: 114914K->626K(137536K)] 219183K->105357K(824512K), 0.0047660 secs] [Times: user=0.03 sys=0.01, real=0.00 secs] 
2014-07-08T04:20:57.840+0000: 416.055: [GC [PSYoungGen: 137522K->972K(135552K)] 242253K->105799K(822528K), 0.0029840 secs] [Times: user=0.02 sys=0.00, real=0.00 secs] 
2014-07-08T04:20:58.317+0000: 416.532: [GC [PSYoungGen: 135500K->950K(162432K)] 240327K->106031K(849408K), 0.0096230 secs] [Times: user=0.04 sys=0.01, real=0.01 secs] 
2014-07-08T04:20:58.860+0000: 417.075: [GC [PSYoungGen: 162422K->869K(169984K)] 267503K->106006K(856960K), 0.0027480 secs] [Times: user=0.01 sys=0.00, real=0.00 secs] 
2014-07-08T04:20:59.474+0000: 417.689: [GC [PSYoungGen: 169507K->1138K(166464K)] 274644K->106323K(853440K), 0.0028820 secs] [Times: user=0.02 sys=0.00, real=0.00 secs] 
2014-07-08T04:21:00.090+0000: 418.306: [GC [PSYoungGen: 166361K->726K(162880K)] 271546K->105975K(849856K), 0.0047450 secs] [Times: user=0.01 sys=0.00, real=0.00 secs] 
2014-07-08T04:21:00.609+0000: 418.825: [GC [PSYoungGen: 162838K->715K(159808K)] 268087K->106036K(846784K), 0.0041710 secs] [Times: user=0.03 sys=0.00, real=0.00 secs] 
2014-07-08T04:21:01.148+0000: 419.363: [GC [PSYoungGen: 159755K->648K(156736K)] 265076K->106025K(843712K), 0.0052810 secs] [Times: user=0.03 sys=0.00, real=0.00 secs] 
2014-07-08T04:21:01.707+0000: 419.923: [GC [PSYoungGen: 156680K->801K(153984K)] 262057K->106218K(840960K), 0.0071900 secs] [Times: user=0.04 sys=0.00, real=0.00 secs] 
2014-07-08T04:21:02.240+0000: 420.456: [GC [PSYoungGen: 153953K->812K(151168K)] 259370K->106293K(838144K), 0.0052670 secs] [Times: user=0.03 sys=0.00, real=0.00 secs] 
2014-07-08T04:21:02.765+0000: 420.980: [GC [PSYoungGen: 151148K->698K(148288K)] 256629K->106243K(835264K), 0.0047830 secs] [Times: user=0.02 sys=0.00, real=0.01 secs] 
2014-07-08T04:21:03.288+0000: 421.504: [GC [PSYoungGen: 148282K->776K(145792K)] 253827K->106369K(832768K), 0.0044510 secs] [Times: user=0.02 sys=0.00, real=0.00 secs] 
2014-07-08T04:21:03.794+0000: 422.009: [GC [PSYoungGen: 145736K->808K(143232K)] 251329K->106505K(830208K), 0.0027720 secs] [Times: user=0.01 sys=0.00, real=0.00 secs] 
2014-07-08T04:21:04.286+0000: 422.501: [GC [PSYoungGen: 143193K->772K(171712K)] 248891K->106509K(858688K), 0.0090550 secs] [Times: user=0.06 sys=0.00, real=0.01 secs] 
2014-07-08T04:21:04.880+0000: 423.095: [GC [PSYoungGen: 171603K->680K(168192K)] 277340K->106489K(855168K), 0.0039780 secs] [Times: user=0.02 sys=0.00, real=0.00 secs] 
2014-07-08T04:21:05.472+0000: 423.688: [GC [PSYoungGen: 168168K->872K(165120K)] 273977K->106737K(852096K), 0.0030610 secs] [Times: user=0.01 sys=0.00, real=0.00 secs] 
2014-07-08T04:21:06.035+0000: 424.251: [GC [PSYoungGen: 165096K->740K(161856K)] 270961K->106693K(848832K), 0.0082230 secs] [Times: user=0.05 sys=0.01, real=0.01 secs] 
2014-07-08T04:21:06.621+0000: 424.836: [GC [PSYoungGen: 161810K->1124K(159168K)] 267763K->107181K(846144K), 0.0037040 secs] [Times: user=0.03 sys=0.00, real=0.00 secs] 
2014-07-08T04:21:07.175+0000: 425.390: [GC [PSYoungGen: 159140K->430K(188352K)] 265197K->107033K(875328K), 0.0123430 secs] [Times: user=0.08 sys=0.00, real=0.01 secs] 
2014-07-08T04:21:07.859+0000: 426.075: [GC [PSYoungGen: 188334K->1197K(189120K)] 294937K->108102K(876096K), 0.0027090 secs] [Times: user=0.01 sys=0.00, real=0.00 secs] 
2014-07-08T04:21:08.471+0000: 426.687: [GC [PSYoungGen: 189094K->936K(184960K)] 296000K->108221K(871936K), 0.0049290 secs] [Times: user=0.03 sys=0.01, real=0.00 secs] 
2014-07-08T04:21:09.072+0000: 427.288: [GC [PSYoungGen: 184936K->772K(181056K)] 292221K->108211K(868032K), 0.0063210 secs] [Times: user=0.04 sys=0.01, real=0.01 secs] 
2014-07-08T04:21:09.694+0000: 427.909: [GC [PSYoungGen: 180996K->572K(177152K)] 288435K->108075K(864128K), 0.0033670 secs] [Times: user=0.02 sys=0.00, real=0.00 secs] 
2014-07-08T04:21:10.307+0000: 428.522: [GC [PSYoungGen: 177067K->993K(174016K)] 284570K->108584K(860992K), 0.0057630 secs] [Times: user=0.04 sys=0.00, real=0.01 secs] 
2014-07-08T04:21:10.899+0000: 429.115: [GC [PSYoungGen: 173985K->950K(170496K)] 281576K->108637K(857472K), 0.0055360 secs] [Times: user=0.04 sys=0.00, real=0.00 secs] 
2014-07-08T04:21:11.497+0000: 429.712: [GC [PSYoungGen: 170486K->864K(167104K)] 278173K->108583K(854080K), 0.0037380 secs] [Times: user=0.02 sys=0.00, real=0.01 secs] 
2014-07-08T04:21:12.066+0000: 430.281: [GC [PSYoungGen: 167063K->854K(163904K)] 274783K->108720K(850880K), 0.0027160 secs] [Times: user=0.01 sys=0.00, real=0.01 secs] 
2014-07-08T04:21:12.647+0000: 430.863: [GC [PSYoungGen: 163862K->612K(160512K)] 271728K->108533K(847488K), 0.0024300 secs] [Times: user=0.01 sys=0.00, real=0.01 secs] 
2014-07-08T04:21:13.212+0000: 431.428: [GC [PSYoungGen: 160476K->876K(157760K)] 268398K->108893K(844736K), 0.0047090 secs] [Times: user=0.03 sys=0.00, real=0.00 secs] 
2014-07-08T04:21:13.759+0000: 431.975: [GC [PSYoungGen: 157704K->1003K(154944K)] 265722K->109085K(841920K), 0.0053940 secs] [Times: user=0.04 sys=0.00, real=0.00 secs] 
2014-07-08T04:21:14.295+0000: 432.511: [GC [PSYoungGen: 154918K->672K(151808K)] 263000K->108841K(838784K), 0.0041300 secs] [Times: user=0.02 sys=0.00, real=0.01 secs] 
2014-07-08T04:21:14.924+0000: 433.139: [GC [PSYoungGen: 151776K->1192K(149568K)] 259945K->109466K(836544K), 0.0034590 secs] [Times: user=0.03 sys=0.00, real=0.00 secs] 
2014-07-08T04:21:15.345+0000: 433.560: [GC [PSYoungGen: 149543K->698K(146368K)] 257816K->109183K(833344K), 0.0040940 secs] [Times: user=0.02 sys=0.00, real=0.01 secs] 
2014-07-08T04:21:15.836+0000: 434.052: [GC [PSYoungGen: 146337K->634K(143680K)] 254823K->109159K(830656K), 0.0033240 secs] [Times: user=0.01 sys=0.00, real=0.01 secs] 
2014-07-08T04:21:16.325+0000: 434.541: [GC [PSYoungGen: 143674K->744K(141312K)] 252199K->109357K(828288K), 0.0050090 secs] [Times: user=0.03 sys=0.00, real=0.01 secs] 
2014-07-08T04:21:16.827+0000: 435.042: [GC [PSYoungGen: 141288K->776K(138944K)] 249901K->109493K(825920K), 0.0046800 secs] [Times: user=0.03 sys=0.00, real=0.01 secs] 
2014-07-08T04:21:17.342+0000: 435.558: [GC [PSYoungGen: 138888K->896K(136704K)] 247605K->109670K(823680K), 0.0030260 secs] [Times: user=0.01 sys=0.00, real=0.00 secs] 
2014-07-08T04:21:17.797+0000: 436.013: [GC [PSYoungGen: 136640K->566K(134016K)] 245414K->109387K(820992K), 0.0064410 secs] [Times: user=0.04 sys=0.00, real=0.01 secs] 
2014-07-08T04:21:18.240+0000: 436.456: [GC [PSYoungGen: 134006K->832K(132096K)] 242827K->109694K(819072K), 0.0044400 secs] [Times: user=0.02 sys=0.01, real=0.00 secs] 
2014-07-08T04:21:18.714+0000: 436.930: [GC [PSYoungGen: 132032K->680K(129728K)] 240894K->109637K(816704K), 0.0029340 secs] [Times: user=0.02 sys=0.00, real=0.00 secs] 
2014-07-08T04:21:19.159+0000: 437.375: [GC [PSYoungGen: 129704K->883K(127808K)] 238661K->109963K(814784K), 0.0045740 secs] [Times: user=0.02 sys=0.00, real=0.01 secs] 
2014-07-08T04:21:19.629+0000: 437.844: [GC [PSYoungGen: 127795K->972K(125888K)] 236875K->110131K(812864K), 0.0039590 secs] [Times: user=0.01 sys=0.00, real=0.01 secs] 
2014-07-08T04:21:20.046+0000: 438.261: [GC [PSYoungGen: 125815K->566K(123456K)] 234975K->109813K(810432K), 0.0034230 secs] [Times: user=0.02 sys=0.00, real=0.00 secs] 
2014-07-08T04:21:20.463+0000: 438.679: [GC [PSYoungGen: 123385K->865K(121856K)] 232633K->110161K(808832K), 0.0040310 secs] [Times: user=0.03 sys=0.00, real=0.00 secs] 
2014-07-08T04:21:20.878+0000: 439.093: [GC [PSYoungGen: 121825K->712K(119808K)] 231121K->110079K(806784K), 0.0043560 secs] [Times: user=0.02 sys=0.00, real=0.01 secs] 
2014-07-08T04:21:21.300+0000: 439.516: [GC [PSYoungGen: 119737K->776K(118016K)] 229104K->110175K(804992K), 0.0035600 secs] [Times: user=0.02 sys=0.00, real=0.00 secs] 
2014-07-08T04:21:21.743+0000: 439.959: [GC [PSYoungGen: 117960K->872K(116288K)] 227359K->110343K(803264K), 0.0045580 secs] [Times: user=0.03 sys=0.00, real=0.00 secs] 
2014-07-08T04:21:22.105+0000: 440.321: [GC [PSYoungGen: 116264K->744K(139264K)] 225735K->110263K(826240K), 0.0051810 secs] [Times: user=0.02 sys=0.00, real=0.01 secs] 
2014-07-08T04:21:22.663+0000: 440.879: [GC [PSYoungGen: 139240K->683K(136832K)] 248759K->110467K(823808K), 0.0049610 secs] [Times: user=0.03 sys=0.00, real=0.00 secs] 
2014-07-08T04:21:23.065+0000: 441.281: [GC [PSYoungGen: 136794K->798K(134656K)] 246579K->110662K(821632K), 0.0035440 secs] [Times: user=0.02 sys=0.00, real=0.00 secs] 
2014-07-08T04:21:23.543+0000: 441.758: [GC [PSYoungGen: 134622K->826K(132416K)] 244486K->110826K(819392K), 0.0051050 secs] [Times: user=0.03 sys=0.00, real=0.00 secs] 
2014-07-08T04:21:23.991+0000: 442.207: [GC [PSYoungGen: 132410K->894K(130304K)] 242410K->110990K(817280K), 0.0035280 secs] [Times: user=0.01 sys=0.00, real=0.00 secs] 
2014-07-08T04:21:24.468+0000: 442.684: [GC [PSYoungGen: 130282K->634K(127936K)] 240379K->110956K(814912K), 0.0051530 secs] [Times: user=0.03 sys=0.01, real=0.01 secs] 
2014-07-08T04:21:24.891+0000: 443.107: [GC [PSYoungGen: 127930K->580K(125888K)] 238252K->110942K(812864K), 0.0036340 secs] [Times: user=0.02 sys=0.00, real=0.00 secs] 
2014-07-08T04:21:25.334+0000: 443.549: [GC [PSYoungGen: 125828K->1000K(124224K)] 236190K->111466K(811200K), 0.0040310 secs] [Times: user=0.03 sys=0.00, real=0.00 secs] 
2014-07-08T04:21:25.761+0000: 443.977: [GC [PSYoungGen: 124200K->776K(148672K)] 234666K->111338K(835648K), 0.0061680 secs] [Times: user=0.04 sys=0.00, real=0.00 secs] 
2014-07-08T04:21:26.271+0000: 444.487: [GC [PSYoungGen: 148616K->616K(178048K)] 259178K->111348K(865024K), 0.0076690 secs] [Times: user=0.05 sys=0.01, real=0.00 secs] 
2014-07-08T04:21:26.888+0000: 445.104: [GC [PSYoungGen: 177974K->683K(174528K)] 288707K->111480K(861504K), 0.0037540 secs] [Times: user=0.02 sys=0.00, real=0.01 secs] 
2014-07-08T04:21:27.566+0000: 445.781: [GC [PSYoungGen: 174486K->994K(171392K)] 285283K->111979K(858368K), 0.0048440 secs] [Times: user=0.03 sys=0.00, real=0.00 secs] 
2014-07-08T04:21:28.076+0000: 446.291: [GC [PSYoungGen: 171355K->946K(168000K)] 282340K->112035K(854976K), 0.0034300 secs] [Times: user=0.02 sys=0.00, real=0.00 secs] 
2014-07-08T04:21:28.751+0000: 446.966: [GC [PSYoungGen: 167984K->498K(164288K)] 279073K->111862K(851264K), 0.0089420 secs] [Times: user=0.06 sys=0.00, real=0.01 secs] 
2014-07-08T04:21:29.221+0000: 447.437: [GC [PSYoungGen: 164268K->780K(197376K)] 275632K->112201K(884352K), 0.0083520 secs] [Times: user=0.05 sys=0.00, real=0.00 secs] 
2014-07-08T04:21:29.913+0000: 448.128: [GC [PSYoungGen: 197324K->658K(193024K)] 308745K->112209K(880000K), 0.0028050 secs] [Times: user=0.01 sys=0.00, real=0.00 secs] 
2014-07-08T04:21:30.605+0000: 448.820: [GC [PSYoungGen: 192968K->1128K(189376K)] 304519K->112743K(876352K), 0.0025710 secs] [Times: user=0.02 sys=0.00, real=0.00 secs] 
2014-07-08T04:21:31.221+0000: 449.437: [GC [PSYoungGen: 189352K->630K(184896K)] 300967K->112461K(871872K), 0.0056060 secs] [Times: user=0.04 sys=0.00, real=0.00 secs] 
2014-07-08T04:21:31.861+0000: 450.077: [GC [PSYoungGen: 184880K->1018K(181440K)] 296711K->112937K(868416K), 0.0031820 secs] [Times: user=0.01 sys=0.00, real=0.00 secs] 
2014-07-08T04:21:32.582+0000: 450.797: [GC [PSYoungGen: 181434K->822K(177536K)] 293353K->112921K(864512K), 0.0049110 secs] [Times: user=0.03 sys=0.00, real=0.01 secs] 
2014-07-08T04:21:33.107+0000: 451.323: [GC [PSYoungGen: 177526K->598K(173760K)] 289625K->112753K(860736K), 0.0058250 secs] [Times: user=0.04 sys=0.00, real=0.01 secs] 
2014-07-08T04:21:33.696+0000: 451.911: [GC [PSYoungGen: 173702K->989K(170688K)] 285857K->113240K(857664K), 0.0040010 secs] [Times: user=0.02 sys=0.00, real=0.00 secs] 
2014-07-08T04:21:34.300+0000: 452.516: [GC [PSYoungGen: 170653K->666K(167040K)] 282904K->112989K(854016K), 0.0039850 secs] [Times: user=0.01 sys=0.00, real=0.01 secs] 
2014-07-08T04:21:34.875+0000: 453.091: [GC [PSYoungGen: 166997K->812K(163968K)] 279320K->113159K(850944K), 0.0090180 secs] [Times: user=0.03 sys=0.00, real=0.01 secs] 
2014-07-08T04:21:35.497+0000: 453.712: [GC [PSYoungGen: 163936K->904K(160960K)] 276283K->113323K(847936K), 0.0044960 secs] [Times: user=0.02 sys=0.01, real=0.00 secs] 
2014-07-08T04:21:35.990+0000: 454.206: [GC [PSYoungGen: 160904K->812K(157824K)] 273323K->113311K(844800K), 0.0037240 secs] [Times: user=0.02 sys=0.00, real=0.01 secs] 
2014-07-08T04:21:36.574+0000: 454.790: [GC [PSYoungGen: 157804K->1024K(155136K)] 270303K->113611K(842112K), 0.0044720 secs] [Times: user=0.03 sys=0.00, real=0.00 secs] 
2014-07-08T04:21:37.073+0000: 455.289: [GC [PSYoungGen: 155046K->566K(151744K)] 267633K->113389K(838720K), 0.0040520 secs] [Times: user=0.01 sys=0.00, real=0.00 secs] 
2014-07-08T04:21:37.700+0000: 455.916: [GC [PSYoungGen: 151732K->1110K(149568K)] 264556K->114029K(836544K), 0.0033560 secs] [Times: user=0.02 sys=0.00, real=0.01 secs] 
2014-07-08T04:21:38.132+0000: 456.348: [GC [PSYoungGen: 149526K->744K(146496K)] 262445K->113775K(833472K), 0.0052890 secs] [Times: user=0.03 sys=0.00, real=0.00 secs] 
2014-07-08T04:21:38.658+0000: 456.874: [GC [PSYoungGen: 146472K->836K(144000K)] 259503K->113923K(830976K), 0.0042920 secs] [Times: user=0.02 sys=0.00, real=0.01 secs] 
2014-07-08T04:21:39.136+0000: 457.351: [GC [PSYoungGen: 143940K->630K(141248K)] 257027K->113781K(828224K), 0.0035380 secs] [Times: user=0.01 sys=0.01, real=0.00 secs] 
2014-07-08T04:21:39.655+0000: 457.870: [GC [PSYoungGen: 141193K->1022K(139200K)] 254344K->114229K(826176K), 0.0056290 secs] [Times: user=0.03 sys=0.00, real=0.00 secs] 
2014-07-08T04:21:40.102+0000: 458.318: [GC [PSYoungGen: 139197K->844K(136704K)] 252404K->114123K(823680K), 0.0028170 secs] [Times: user=0.02 sys=0.00, real=0.01 secs] 
2014-07-08T04:21:40.589+0000: 458.805: [GC [PSYoungGen: 136652K->922K(134464K)] 249931K->114273K(821440K), 0.0039010 secs] [Times: user=0.02 sys=0.01, real=0.01 secs] 
2014-07-08T04:21:41.045+0000: 459.260: [GC [PSYoungGen: 134398K->580K(131904K)] 247750K->114011K(818880K), 0.0037090 secs] [Times: user=0.02 sys=0.00, real=0.00 secs] 
2014-07-08T04:21:41.511+0000: 459.727: [GC [PSYoungGen: 131805K->776K(129920K)] 245236K->114255K(816896K), 0.0049760 secs] [Times: user=0.02 sys=0.00, real=0.01 secs] 
2014-07-08T04:21:41.949+0000: 460.164: [GC [PSYoungGen: 129864K->502K(127488K)] 243343K->113997K(814464K), 0.0050530 secs] [Times: user=0.01 sys=0.01, real=0.01 secs] 
2014-07-08T04:21:42.406+0000: 460.622: [GC [PSYoungGen: 127453K->580K(125568K)] 240948K->114123K(812544K), 0.0036130 secs] [Times: user=0.01 sys=0.00, real=0.00 secs] 
2014-07-08T04:21:42.991+0000: 461.206: [GC [PSYoungGen: 125508K->1004K(123968K)] 239051K->114603K(810944K), 0.0064930 secs] [Times: user=0.04 sys=0.00, real=0.01 secs] 
2014-07-08T04:21:43.297+0000: 461.513: [GC [PSYoungGen: 123918K->530K(148160K)] 237518K->114185K(835136K), 0.0055250 secs] [Times: user=0.03 sys=0.00, real=0.00 secs] 
2014-07-08T04:21:43.785+0000: 462.001: [GC [PSYoungGen: 148114K->644K(177856K)] 261769K->114347K(864832K), 0.0059350 secs] [Times: user=0.03 sys=0.00, real=0.00 secs] 
2014-07-08T04:21:44.387+0000: 462.603: [GC [PSYoungGen: 177796K->886K(197824K)] 291499K->114653K(884800K), 0.0047240 secs] [Times: user=0.03 sys=0.00, real=0.00 secs] 
2014-07-08T04:21:45.045+0000: 463.261: [GC [PSYoungGen: 197430K->883K(193216K)] 311197K->114714K(880192K), 0.0040770 secs] [Times: user=0.02 sys=0.00, real=0.00 secs] 
2014-07-08T04:21:45.731+0000: 463.947: [GC [PSYoungGen: 193191K->978K(189248K)] 307023K->114889K(876224K), 0.0034620 secs] [Times: user=0.02 sys=0.00, real=0.01 secs] 
2014-07-08T04:21:46.381+0000: 464.597: [GC [PSYoungGen: 189202K->701K(184960K)] 303113K->115030K(871936K), 0.0030390 secs] [Times: user=0.01 sys=0.00, real=0.01 secs] 
2014-07-08T04:21:47.020+0000: 465.236: [GC [PSYoungGen: 184957K->698K(181120K)] 299286K->115099K(868096K), 0.0031430 secs] [Times: user=0.01 sys=0.00, real=0.00 secs] 
2014-07-08T04:21:47.754+0000: 465.970: [GC [PSYoungGen: 181114K->1266K(177984K)] 295515K->115747K(864960K), 0.0036260 secs] [Times: user=0.01 sys=0.00, real=0.00 secs] 
2014-07-08T04:21:48.260+0000: 466.475: [GC [PSYoungGen: 177970K->768K(173952K)] 292451K->115297K(860928K), 0.0056830 secs] [Times: user=0.03 sys=0.00, real=0.01 secs] 
2014-07-08T04:21:48.923+0000: 467.139: [GC [PSYoungGen: 173881K->890K(170560K)] 288410K->115639K(857536K), 0.0038210 secs] [Times: user=0.02 sys=0.00, real=0.01 secs] 
2014-07-08T04:21:49.450+0000: 467.665: [GC [PSYoungGen: 170554K->990K(167360K)] 285303K->115803K(854336K), 0.0028470 secs] [Times: user=0.01 sys=0.01, real=0.00 secs] 
2014-07-08T04:21:50.027+0000: 468.243: [GC [PSYoungGen: 167326K->616K(163776K)] 282139K->115519K(850752K), 0.0091650 secs] [Times: user=0.05 sys=0.01, real=0.01 secs] 
2014-07-08T04:21:50.623+0000: 468.839: [GC [PSYoungGen: 163752K->1096K(161152K)] 278655K->116071K(848128K), 0.0047670 secs] [Times: user=0.02 sys=0.00, real=0.01 secs] 
2014-07-08T04:21:51.143+0000: 469.358: [GC [PSYoungGen: 161096K->648K(157696K)] 276071K->115695K(844672K), 0.0046570 secs] [Times: user=0.02 sys=0.00, real=0.01 secs] 
2014-07-08T04:21:51.714+0000: 469.929: [GC [PSYoungGen: 157640K->786K(154880K)] 272687K->115881K(841856K), 0.0038740 secs] [Times: user=0.02 sys=0.00, real=0.01 secs] 
2014-07-08T04:21:52.230+0000: 470.446: [GC [PSYoungGen: 154834K->716K(151936K)] 269929K->115891K(838912K), 0.0045430 secs] [Times: user=0.02 sys=0.00, real=0.01 secs] 
2014-07-08T04:21:52.772+0000: 470.988: [GC [PSYoungGen: 151884K->882K(149312K)] 267059K->116129K(836288K), 0.0046310 secs] [Times: user=0.03 sys=0.00, real=0.01 secs] 
2014-07-08T04:21:53.268+0000: 471.484: [GC [PSYoungGen: 149277K->762K(146496K)] 264524K->116081K(833472K), 0.0039350 secs] [Times: user=0.02 sys=0.00, real=0.00 secs] 
2014-07-08T04:21:53.781+0000: 471.996: [GC [PSYoungGen: 146490K->762K(143872K)] 261809K->116177K(830848K), 0.0031810 secs] [Times: user=0.02 sys=0.00, real=0.00 secs] 
2014-07-08T04:21:54.280+0000: 472.495: [GC [PSYoungGen: 143866K->780K(141440K)] 259281K->116283K(828416K), 0.0045640 secs] [Times: user=0.03 sys=0.00, real=0.00 secs] 
2014-07-08T04:21:54.768+0000: 472.983: [GC [PSYoungGen: 141381K->762K(138944K)] 256884K->116345K(825920K), 0.0055220 secs] [Times: user=0.03 sys=0.00, real=0.00 secs] 
2014-07-08T04:21:55.251+0000: 473.467: [GC [PSYoungGen: 138938K->798K(136640K)] 254521K->116429K(823616K), 0.0027730 secs] [Times: user=0.01 sys=0.00, real=0.00 secs] 
2014-07-08T04:21:55.796+0000: 474.011: [GC [PSYoungGen: 136606K->804K(134336K)] 252237K->116515K(821312K), 0.0063800 secs] [Times: user=0.04 sys=0.01, real=0.00 secs] 
2014-07-08T04:21:56.226+0000: 474.441: [GC [PSYoungGen: 134308K->818K(132096K)] 250019K->116693K(819072K), 0.0040650 secs] [Times: user=0.02 sys=0.00, real=0.00 secs] 
2014-07-08T04:21:56.680+0000: 474.896: [GC [PSYoungGen: 132082K->580K(129728K)] 247957K->116511K(816704K), 0.0046530 secs] [Times: user=0.02 sys=0.00, real=0.01 secs] 
2014-07-08T04:21:57.105+0000: 475.321: [GC [PSYoungGen: 129667K->858K(127872K)] 245598K->116885K(814848K), 0.0042890 secs] [Times: user=0.02 sys=0.00, real=0.01 secs] 
2014-07-08T04:21:57.554+0000: 475.770: [GC [PSYoungGen: 127834K->744K(125696K)] 243861K->116827K(812672K), 0.0055380 secs] [Times: user=0.03 sys=0.00, real=0.01 secs] 
2014-07-08T04:21:57.989+0000: 476.205: [GC [PSYoungGen: 125637K->630K(150592K)] 241720K->116777K(837568K), 0.0049320 secs] [Times: user=0.03 sys=0.01, real=0.00 secs] 
2014-07-08T04:21:58.522+0000: 476.737: [GC [PSYoungGen: 150555K->694K(180672K)] 266702K->116897K(867648K), 0.0060050 secs] [Times: user=0.03 sys=0.00, real=0.01 secs] 
2014-07-08T04:21:59.160+0000: 477.376: [GC [PSYoungGen: 180662K->992K(177344K)] 296865K->117431K(864320K), 0.0044340 secs] [Times: user=0.02 sys=0.00, real=0.00 secs] 
2014-07-08T04:21:59.771+0000: 477.986: [GC [PSYoungGen: 177312K->1010K(201152K)] 293751K->117497K(888128K), 0.0086400 secs] [Times: user=0.05 sys=0.00, real=0.01 secs] 
2014-07-08T04:22:00.475+0000: 478.691: [GC [PSYoungGen: 200882K->958K(196480K)] 317369K->117477K(883456K), 0.0035050 secs] [Times: user=0.02 sys=0.00, real=0.01 secs] 
2014-07-08T04:22:01.121+0000: 479.337: [GC [PSYoungGen: 196461K->830K(192192K)] 312980K->117437K(879168K), 0.0059140 secs] [Times: user=0.03 sys=0.00, real=0.01 secs] 
2014-07-08T04:22:01.781+0000: 479.997: [GC [PSYoungGen: 192189K->800K(188160K)] 308796K->117479K(875136K), 0.0038550 secs] [Times: user=0.02 sys=0.00, real=0.00 secs] 
2014-07-08T04:22:02.424+0000: 480.640: [GC [PSYoungGen: 188128K->996K(184448K)] 304807K->117747K(871424K), 0.0063530 secs] [Times: user=0.04 sys=0.00, real=0.01 secs] 
2014-07-08T04:22:03.109+0000: 481.325: [GC [PSYoungGen: 184420K->630K(180288K)] 301171K->117559K(867264K), 0.0037340 secs] [Times: user=0.02 sys=0.00, real=0.00 secs] 
2014-07-08T04:22:03.729+0000: 481.945: [GC [PSYoungGen: 180278K->896K(176960K)] 297207K->117897K(863936K), 0.0035660 secs] [Times: user=0.01 sys=0.01, real=0.00 secs] 
2014-07-08T04:22:04.303+0000: 482.519: [GC [PSYoungGen: 176896K->730K(173248K)] 293897K->117819K(860224K), 0.0041330 secs] [Times: user=0.03 sys=0.00, real=0.01 secs] 
2014-07-08T04:22:04.906+0000: 483.121: [GC [PSYoungGen: 173186K->680K(169728K)] 290275K->117841K(856704K), 0.0051320 secs] [Times: user=0.03 sys=0.00, real=0.01 secs] 
2014-07-08T04:22:05.511+0000: 483.726: [GC [PSYoungGen: 169704K->964K(166720K)] 286865K->118189K(853696K), 0.0058500 secs] [Times: user=0.04 sys=0.01, real=0.00 secs] 
2014-07-08T04:22:06.082+0000: 484.297: [GC [PSYoungGen: 166644K->712K(163264K)] 283870K->118009K(850240K), 0.0048120 secs] [Times: user=0.02 sys=0.00, real=0.00 secs] 
2014-07-08T04:22:06.655+0000: 484.871: [GC [PSYoungGen: 163208K->683K(160064K)] 280505K->118068K(847040K), 0.0076390 secs] [Times: user=0.04 sys=0.00, real=0.01 secs] 
2014-07-08T04:22:07.204+0000: 485.420: [GC [PSYoungGen: 160025K->612K(156992K)] 277410K->118053K(843968K), 0.0027110 secs] [Times: user=0.01 sys=0.00, real=0.01 secs] 
2014-07-08T04:22:07.778+0000: 485.994: [GC [PSYoungGen: 156944K->794K(154240K)] 274385K->118331K(841216K), 0.0032570 secs] [Times: user=0.02 sys=0.00, real=0.00 secs] 
2014-07-08T04:22:08.294+0000: 486.510: [GC [PSYoungGen: 154202K->626K(151232K)] 271739K->118235K(838208K), 0.0057380 secs] [Times: user=0.03 sys=0.00, real=0.01 secs] 
2014-07-08T04:22:08.814+0000: 487.029: [GC [PSYoungGen: 151218K->690K(148544K)] 268827K->118395K(835520K), 0.0062790 secs] [Times: user=0.04 sys=0.00, real=0.01 secs] 
2014-07-08T04:22:09.332+0000: 487.548: [GC [PSYoungGen: 148530K->808K(145984K)] 266235K->118577K(832960K), 0.0038120 secs] [Times: user=0.02 sys=0.00, real=0.00 secs] 
2014-07-08T04:22:09.905+0000: 488.121: [GC [PSYoungGen: 145960K->822K(143424K)] 263729K->118881K(830400K), 0.0038290 secs] [Times: user=0.02 sys=0.00, real=0.01 secs] 
2014-07-08T04:22:10.316+0000: 488.531: [GC [PSYoungGen: 143414K->744K(140864K)] 261473K->118851K(827840K), 0.0055540 secs] [Times: user=0.03 sys=0.00, real=0.01 secs] 
2014-07-08T04:22:10.806+0000: 489.021: [GC [PSYoungGen: 140790K->883K(138560K)] 258898K->119236K(825536K), 0.0055960 secs] [Times: user=0.03 sys=0.00, real=0.01 secs] 
2014-07-08T04:22:11.278+0000: 489.494: [GC [PSYoungGen: 138501K->768K(136128K)] 256854K->119193K(823104K), 0.0037370 secs] [Times: user=0.02 sys=0.00, real=0.00 secs] 
2014-07-08T04:22:11.751+0000: 489.967: [GC [PSYoungGen: 136063K->580K(133632K)] 254489K->119069K(820608K), 0.0044650 secs] [Times: user=0.03 sys=0.00, real=0.00 secs] 
2014-07-08T04:22:12.219+0000: 490.435: [GC [PSYoungGen: 133572K->811K(131584K)] 252061K->119372K(818560K), 0.0025630 secs] [Times: user=0.02 sys=0.00, real=0.00 secs] 
2014-07-08T04:22:12.679+0000: 490.894: [GC [PSYoungGen: 131563K->886K(129472K)] 250124K->119551K(816448K), 0.0029400 secs] [Times: user=0.02 sys=0.00, real=0.00 secs] 
2014-07-08T04:22:13.127+0000: 491.342: [GC [PSYoungGen: 129462K->480K(126976K)] 248127K->119201K(813952K), 0.0052300 secs] [Times: user=0.02 sys=0.00, real=0.01 secs] 
2014-07-08T04:22:13.588+0000: 491.804: [GC [PSYoungGen: 126940K->758K(125184K)] 245661K->119551K(812160K), 0.0054290 secs] [Times: user=0.03 sys=0.00, real=0.01 secs] 
2014-07-08T04:22:14.002+0000: 492.217: [GC [PSYoungGen: 125170K->865K(150208K)] 243964K->119754K(837184K), 0.0055100 secs] [Times: user=0.04 sys=0.00, real=0.00 secs] 
2014-07-08T04:22:14.558+0000: 492.774: [GC [PSYoungGen: 150170K->683K(179904K)] 269060K->119935K(866880K), 0.0056320 secs] [Times: user=0.03 sys=0.00, real=0.00 secs] 
2014-07-08T04:22:15.138+0000: 493.354: [GC [PSYoungGen: 179846K->1015K(202240K)] 299099K->120339K(889216K), 0.0065890 secs] [Times: user=0.05 sys=0.00, real=0.00 secs] 
2014-07-08T04:22:15.841+0000: 494.056: [GC [PSYoungGen: 202022K->616K(197312K)] 321346K->120096K(884288K), 0.0025680 secs] [Times: user=0.02 sys=0.00, real=0.00 secs] 
2014-07-08T04:22:16.603+0000: 494.818: [GC [PSYoungGen: 197266K->1036K(193536K)] 316747K->120596K(880512K), 0.0030200 secs] [Times: user=0.02 sys=0.00, real=0.00 secs] 
2014-07-08T04:22:17.190+0000: 495.406: [GC [PSYoungGen: 193484K->748K(189120K)] 313044K->120372K(876096K), 0.0038210 secs] [Times: user=0.02 sys=0.00, real=0.00 secs] 
2014-07-08T04:22:17.853+0000: 496.069: [GC [PSYoungGen: 189100K->630K(185024K)] 308724K->120342K(872000K), 0.0053500 secs] [Times: user=0.04 sys=0.00, real=0.01 secs] 
2014-07-08T04:22:18.503+0000: 496.718: [GC [PSYoungGen: 185014K->872K(181440K)] 304726K->120632K(868416K), 0.0054380 secs] [Times: user=0.03 sys=0.00, real=0.00 secs] 
2014-07-08T04:22:19.120+0000: 497.335: [GC [PSYoungGen: 181416K->794K(177664K)] 301176K->120642K(864640K), 0.0050900 secs] [Times: user=0.03 sys=0.01, real=0.00 secs] 
2014-07-08T04:22:19.741+0000: 497.957: [GC [PSYoungGen: 177626K->761K(174016K)] 297474K->120771K(860992K), 0.0043240 secs] [Times: user=0.02 sys=0.00, real=0.00 secs] 
2014-07-08T04:22:20.347+0000: 498.562: [GC [PSYoungGen: 174009K->1028K(170880K)] 294019K->121103K(857856K), 0.0078410 secs] [Times: user=0.05 sys=0.00, real=0.01 secs] 
2014-07-08T04:22:20.939+0000: 499.155: [GC [PSYoungGen: 170820K->612K(167104K)] 290895K->120898K(854080K), 0.0060240 secs] [Times: user=0.04 sys=0.01, real=0.00 secs] 
2014-07-08T04:22:21.546+0000: 499.762: [GC [PSYoungGen: 167076K->932K(164160K)] 287362K->121306K(851136K), 0.0050430 secs] [Times: user=0.03 sys=0.00, real=0.01 secs] 
2014-07-08T04:22:22.117+0000: 500.333: [GC [PSYoungGen: 164132K->836K(160960K)] 284506K->121298K(847936K), 0.0043170 secs] [Times: user=0.03 sys=0.00, real=0.01 secs] 
2014-07-08T04:22:22.696+0000: 500.912: [GC [PSYoungGen: 160900K->996K(158080K)] 281362K->121539K(845056K), 0.0033030 secs] [Times: user=0.02 sys=0.00, real=0.01 secs] 
2014-07-08T04:22:23.277+0000: 501.493: [GC [PSYoungGen: 158052K->434K(154560K)] 278595K->121024K(841536K), 0.0044000 secs] [Times: user=0.02 sys=0.00, real=0.01 secs] 
2014-07-08T04:22:23.777+0000: 501.992: [GC [PSYoungGen: 154523K->712K(152000K)] 275113K->121350K(838976K), 0.0026790 secs] [Times: user=0.01 sys=0.00, real=0.01 secs] 
2014-07-08T04:22:24.284+0000: 502.500: [GC [PSYoungGen: 151944K->780K(149312K)] 272582K->121458K(836288K), 0.0029530 secs] [Times: user=0.01 sys=0.00, real=0.00 secs] 
2014-07-08T04:22:24.806+0000: 503.022: [GC [PSYoungGen: 149260K->680K(146496K)] 269938K->121438K(833472K), 0.0056470 secs] [Times: user=0.04 sys=0.00, real=0.01 secs] 
2014-07-08T04:22:25.325+0000: 503.541: [GC [PSYoungGen: 146472K->932K(144128K)] 267230K->121763K(831104K), 0.0048910 secs] [Times: user=0.03 sys=0.01, real=0.01 secs] 
2014-07-08T04:22:25.832+0000: 504.047: [GC [PSYoungGen: 144100K->644K(141376K)] 264931K->121562K(828352K), 0.0056200 secs] [Times: user=0.03 sys=0.00, real=0.00 secs] 
2014-07-08T04:22:26.310+0000: 504.525: [GC [PSYoungGen: 141316K->712K(169600K)] 262234K->121702K(856576K), 0.0074630 secs] [Times: user=0.05 sys=0.00, real=0.01 secs] 
2014-07-08T04:22:26.890+0000: 505.105: [GC [PSYoungGen: 169543K->780K(166336K)] 290534K->121826K(853312K), 0.0032700 secs] [Times: user=0.01 sys=0.00, real=0.01 secs] 
2014-07-08T04:22:27.482+0000: 505.697: [GC [PSYoungGen: 166284K->762K(163072K)] 287330K->122019K(850048K), 0.0051580 secs] [Times: user=0.03 sys=0.00, real=0.00 secs] 
2014-07-08T04:22:28.018+0000: 506.234: [GC [PSYoungGen: 163066K->982K(160256K)] 284323K->122335K(847232K), 0.0039980 secs] [Times: user=0.02 sys=0.00, real=0.01 secs] 
2014-07-08T04:22:28.603+0000: 506.819: [GC [PSYoungGen: 160214K->566K(156800K)] 281567K->122345K(843776K), 0.0063590 secs] [Times: user=0.03 sys=0.01, real=0.00 secs] 
2014-07-08T04:22:29.135+0000: 507.351: [GC [PSYoungGen: 156789K->1090K(154432K)] 278569K->122965K(841408K), 0.0037360 secs] [Times: user=0.01 sys=0.01, real=0.00 secs] 
2014-07-08T04:22:29.698+0000: 507.913: [GC [PSYoungGen: 154370K->744K(151232K)] 276245K->123005K(838208K), 0.0072650 secs] [Times: user=0.05 sys=0.00, real=0.01 secs] 
2014-07-08T04:22:30.194+0000: 508.410: [GC [PSYoungGen: 151175K->925K(148672K)] 273437K->123243K(835648K), 0.0039490 secs] [Times: user=0.02 sys=0.01, real=0.00 secs] 
2014-07-08T04:22:30.731+0000: 508.947: [GC [PSYoungGen: 148630K->996K(146048K)] 270948K->123447K(833024K), 0.0031050 secs] [Times: user=0.01 sys=0.01, real=0.00 secs] 
2014-07-08T04:22:31.217+0000: 509.432: [GC [PSYoungGen: 146020K->804K(143296K)] 268471K->123358K(830272K), 0.0037070 secs] [Times: user=0.01 sys=0.00, real=0.01 secs] 
2014-07-08T04:22:31.713+0000: 509.929: [GC [PSYoungGen: 143256K->889K(140864K)] 265811K->123690K(827840K), 0.0029240 secs] [Times: user=0.01 sys=0.00, real=0.00 secs] 
2014-07-08T04:22:32.215+0000: 510.430: [GC [PSYoungGen: 140857K->940K(138496K)] 263658K->123829K(825472K), 0.0030150 secs] [Times: user=0.01 sys=0.00, real=0.00 secs] 
2014-07-08T04:22:32.719+0000: 510.935: [GC [PSYoungGen: 138476K->882K(136064K)] 261365K->123835K(823040K), 0.0027570 secs] [Times: user=0.01 sys=0.00, real=0.01 secs] 
2014-07-08T04:22:33.207+0000: 511.423: [GC [PSYoungGen: 136050K->1255K(134144K)] 259003K->124280K(821120K), 0.0038440 secs] [Times: user=0.02 sys=0.01, real=0.01 secs] 
2014-07-08T04:22:33.643+0000: 511.858: [GC [PSYoungGen: 134119K->566K(131200K)] 257144K->123984K(818176K), 0.0034130 secs] [Times: user=0.02 sys=0.00, real=0.00 secs] 
2014-07-08T04:22:34.055+0000: 512.271: [GC [PSYoungGen: 131190K->858K(129344K)] 254608K->124348K(816320K), 0.0059360 secs] [Times: user=0.03 sys=0.00, real=0.01 secs] 
2014-07-08T04:22:34.509+0000: 512.725: [GC [PSYoungGen: 129306K->876K(127232K)] 252796K->124538K(814208K), 0.0045180 secs] [Times: user=0.02 sys=0.00, real=0.01 secs] 
2014-07-08T04:22:34.935+0000: 513.151: [GC [PSYoungGen: 127212K->698K(124992K)] 250874K->124416K(811968K), 0.0038390 secs] [Times: user=0.01 sys=0.00, real=0.00 secs] 
2014-07-08T04:22:35.363+0000: 513.578: [GC [PSYoungGen: 124971K->868K(123200K)] 248689K->124626K(810176K), 0.0058420 secs] [Times: user=0.03 sys=0.00, real=0.00 secs] 
2014-07-08T04:22:35.845+0000: 514.061: [GC [PSYoungGen: 123172K->872K(147712K)] 246930K->124702K(834688K), 0.0065590 secs] [Times: user=0.04 sys=0.00, real=0.01 secs] 
2014-07-08T04:22:36.300+0000: 514.516: [GC [PSYoungGen: 147688K->598K(176832K)] 271518K->124492K(863808K), 0.0050400 secs] [Times: user=0.03 sys=0.00, real=0.01 secs] 
2014-07-08T04:22:36.936+0000: 515.151: [GC [PSYoungGen: 176790K->1238K(173952K)] 300684K->125220K(860928K), 0.0050280 secs] [Times: user=0.03 sys=0.00, real=0.00 secs] 
2014-07-08T04:22:37.520+0000: 515.735: [GC [PSYoungGen: 173909K->698K(169920K)] 297892K->124996K(856896K), 0.0047360 secs] [Times: user=0.02 sys=0.01, real=0.01 secs] 
2014-07-08T04:22:38.086+0000: 516.302: [GC [PSYoungGen: 169914K->808K(166720K)] 294212K->125194K(853696K), 0.0046810 secs] [Times: user=0.02 sys=0.00, real=0.00 secs] 
2014-07-08T04:22:38.719+0000: 516.935: [GC [PSYoungGen: 166696K->754K(163456K)] 291082K->125286K(850432K), 0.0041180 secs] [Times: user=0.03 sys=0.00, real=0.01 secs] 
2014-07-08T04:22:39.249+0000: 517.464: [GC [PSYoungGen: 163397K->634K(160192K)] 287929K->125182K(847168K), 0.0058300 secs] [Times: user=0.01 sys=0.00, real=0.01 secs] 
2014-07-08T04:22:39.811+0000: 518.026: [GC [PSYoungGen: 160186K->662K(157248K)] 284734K->125290K(844224K), 0.0037380 secs] [Times: user=0.02 sys=0.00, real=0.01 secs] 
2014-07-08T04:22:40.362+0000: 518.578: [GC [PSYoungGen: 157187K->598K(154240K)] 281815K->125266K(841216K), 0.0054160 secs] [Times: user=0.02 sys=0.00, real=0.00 secs] 
2014-07-08T04:22:40.899+0000: 519.115: [GC [PSYoungGen: 154196K->808K(151616K)] 278865K->125564K(838592K), 0.0044250 secs] [Times: user=0.02 sys=0.00, real=0.01 secs] 
2014-07-08T04:22:41.424+0000: 519.640: [GC [PSYoungGen: 151547K->860K(148928K)] 276303K->125688K(835904K), 0.0043940 secs] [Times: user=0.03 sys=0.00, real=0.00 secs] 
2014-07-08T04:22:41.927+0000: 520.143: [GC [PSYoungGen: 148822K->868K(146240K)] 273650K->125776K(833216K), 0.0035330 secs] [Times: user=0.02 sys=0.00, real=0.00 secs] 
2014-07-08T04:22:42.455+0000: 520.670: [GC [PSYoungGen: 146211K->708K(143552K)] 271119K->125664K(830528K), 0.0063210 secs] [Times: user=0.04 sys=0.00, real=0.00 secs] 
2014-07-08T04:22:42.995+0000: 521.211: [GC [PSYoungGen: 143461K->811K(141120K)] 268418K->125879K(828096K), 0.0037480 secs] [Times: user=0.02 sys=0.00, real=0.00 secs] 
2014-07-08T04:22:43.514+0000: 521.729: [GC [PSYoungGen: 141099K->708K(138624K)] 266167K->125808K(825600K), 0.0076230 secs] [Times: user=0.03 sys=0.00, real=0.00 secs] 
2014-07-08T04:22:43.909+0000: 522.125: [GC [PSYoungGen: 138564K->808K(136320K)] 263664K->126012K(823296K), 0.0028660 secs] [Times: user=0.02 sys=0.00, real=0.00 secs] 
2014-07-08T04:22:44.369+0000: 522.585: [GC [PSYoungGen: 136296K->594K(133824K)] 261500K->125838K(820800K), 0.0030300 secs] [Times: user=0.01 sys=0.00, real=0.01 secs] 
2014-07-08T04:22:44.822+0000: 523.038: [GC [PSYoungGen: 133687K->844K(131840K)] 258931K->126184K(818816K), 0.0061470 secs] [Times: user=0.03 sys=0.00, real=0.01 secs] 
2014-07-08T04:22:45.287+0000: 523.502: [GC [PSYoungGen: 131788K->819K(129600K)] 257128K->126207K(816576K), 0.0044490 secs] [Times: user=0.03 sys=0.00, real=0.00 secs] 
2014-07-08T04:22:45.745+0000: 523.961: [GC [PSYoungGen: 129587K->598K(127296K)] 254975K->126034K(814272K), 0.0051870 secs] [Times: user=0.03 sys=0.00, real=0.00 secs] 
2014-07-08T04:22:46.169+0000: 524.385: [GC [PSYoungGen: 127211K->836K(152896K)] 252647K->126320K(839872K), 0.0057370 secs] [Times: user=0.03 sys=0.00, real=0.01 secs] 
2014-07-08T04:22:46.718+0000: 524.934: [GC [PSYoungGen: 152836K->826K(183232K)] 278320K->126374K(870208K), 0.0048690 secs] [Times: user=0.03 sys=0.00, real=0.01 secs] 
2014-07-08T04:22:47.334+0000: 525.549: [GC [PSYoungGen: 183179K->1010K(179648K)] 308727K->126606K(866624K), 0.0045080 secs] [Times: user=0.01 sys=0.00, real=0.00 secs] 
2014-07-08T04:22:47.966+0000: 526.181: [GC [PSYoungGen: 179634K->377K(175360K)] 305230K->126497K(862336K), 0.0043090 secs] [Times: user=0.02 sys=0.00, real=0.00 secs] 
2014-07-08T04:22:48.620+0000: 526.836: [GC [PSYoungGen: 175353K->1068K(172544K)] 301473K->127236K(859520K), 0.0055300 secs] [Times: user=0.03 sys=0.00, real=0.01 secs] 
2014-07-08T04:22:49.177+0000: 527.392: [GC [PSYoungGen: 172510K->634K(168704K)] 298678K->126950K(855680K), 0.0041880 secs] [Times: user=0.01 sys=0.00, real=0.00 secs] 
2014-07-08T04:22:49.843+0000: 528.059: [GC [PSYoungGen: 168698K->1022K(165824K)] 295014K->127426K(852800K), 0.0028510 secs] [Times: user=0.01 sys=0.00, real=0.00 secs] 
2014-07-08T04:22:50.334+0000: 528.550: [GC [PSYoungGen: 165822K->776K(162432K)] 292226K->127252K(849408K), 0.0057460 secs] [Times: user=0.04 sys=0.00, real=0.00 secs] 
2014-07-08T04:22:50.902+0000: 529.117: [GC [PSYoungGen: 162375K->826K(159360K)] 288851K->127406K(846336K), 0.0049410 secs] [Times: user=0.03 sys=0.00, real=0.01 secs] 
2014-07-08T04:22:51.493+0000: 529.708: [GC [PSYoungGen: 159347K->804K(156352K)] 285927K->127668K(843328K), 0.0057820 secs] [Times: user=0.04 sys=0.00, real=0.01 secs] 
2014-07-08T04:22:52.002+0000: 530.218: [GC [PSYoungGen: 156285K->851K(153536K)] 283150K->127795K(840512K), 0.0044460 secs] [Times: user=0.03 sys=0.00, real=0.01 secs] 
2014-07-08T04:22:52.567+0000: 530.782: [GC [PSYoungGen: 153488K->876K(150720K)] 280432K->128008K(837696K), 0.0058630 secs] [Times: user=0.03 sys=0.00, real=0.00 secs] 
2014-07-08T04:22:53.055+0000: 531.271: [GC [PSYoungGen: 150676K->744K(147840K)] 277809K->127964K(834816K), 0.0040830 secs] [Times: user=0.02 sys=0.00, real=0.00 secs] 
2014-07-08T04:22:53.739+0000: 531.954: [GC [PSYoungGen: 147800K->938K(145408K)] 275021K->128344K(832384K), 0.0053390 secs] [Times: user=0.04 sys=0.00, real=0.01 secs] 
2014-07-08T04:22:54.105+0000: 532.321: [GC [PSYoungGen: 145386K->712K(142656K)] 272792K->128190K(829632K), 0.0032710 secs] [Times: user=0.01 sys=0.00, real=0.00 secs] 
2014-07-08T04:22:54.600+0000: 532.816: [GC [PSYoungGen: 142600K->1014K(171328K)] 270078K->128540K(858304K), 0.0087660 secs] [Times: user=0.05 sys=0.00, real=0.01 secs] 
2014-07-08T04:22:55.162+0000: 533.377: [GC [PSYoungGen: 171318K->594K(167616K)] 298844K->128200K(854592K), 0.0048360 secs] [Times: user=0.02 sys=0.00, real=0.01 secs] 
2014-07-08T04:22:55.741+0000: 533.957: [GC [PSYoungGen: 167570K->662K(185088K)] 295176K->128348K(872064K), 0.0062320 secs] [Times: user=0.03 sys=0.00, real=0.01 secs] 
2014-07-08T04:22:56.382+0000: 534.598: [GC [PSYoungGen: 184655K->858K(181120K)] 312342K->128624K(868096K), 0.0051020 secs] [Times: user=0.03 sys=0.00, real=0.01 secs] 
2014-07-08T04:22:57.008+0000: 535.224: [GC [PSYoungGen: 181056K->505K(177088K)] 308822K->128557K(864064K), 0.0045310 secs] [Times: user=0.03 sys=0.00, real=0.00 secs] 
2014-07-08T04:22:57.648+0000: 535.864: [GC [PSYoungGen: 177081K->1221K(174272K)] 305133K->129345K(861248K), 0.0029580 secs] [Times: user=0.02 sys=0.01, real=0.00 secs] 
2014-07-08T04:22:58.221+0000: 536.437: [GC [PSYoungGen: 174213K->726K(170304K)] 302337K->128946K(857280K), 0.0040120 secs] [Times: user=0.02 sys=0.00, real=0.01 secs] 
2014-07-08T04:22:58.852+0000: 537.068: [GC [PSYoungGen: 170254K->840K(167104K)] 298475K->129156K(854080K), 0.0045200 secs] [Times: user=0.02 sys=0.00, real=0.01 secs] 
2014-07-08T04:22:59.393+0000: 537.608: [GC [PSYoungGen: 167048K->808K(163840K)] 295364K->129196K(850816K), 0.0037190 secs] [Times: user=0.02 sys=0.00, real=0.01 secs] 
2014-07-08T04:22:59.959+0000: 538.175: [GC [PSYoungGen: 163816K->658K(160576K)] 292204K->129142K(847552K), 0.0046370 secs] [Times: user=0.03 sys=0.00, real=0.00 secs] 
2014-07-08T04:23:00.540+0000: 538.756: [GC [PSYoungGen: 160530K->676K(181888K)] 289014K->129184K(868864K), 0.0119390 secs] [Times: user=0.06 sys=0.00, real=0.01 secs] 
2014-07-08T04:23:01.157+0000: 539.373: [GC [PSYoungGen: 181427K->798K(182080K)] 309935K->129378K(869056K), 0.0067230 secs] [Times: user=0.04 sys=0.01, real=0.00 secs] 
2014-07-08T04:23:01.832+0000: 540.048: [GC [PSYoungGen: 181598K->1210K(218048K)] 310178K->129878K(905024K), 0.0074770 secs] [Times: user=0.05 sys=0.00, real=0.01 secs] 
2014-07-08T04:23:02.551+0000: 540.767: [GC [PSYoungGen: 218042K->922K(212864K)] 346710K->129654K(899840K), 0.0053800 secs] [Times: user=0.03 sys=0.00, real=0.01 secs] 
2014-07-08T04:23:03.262+0000: 541.478: [GC [PSYoungGen: 212821K->438K(207616K)] 341553K->129308K(894592K), 0.0029510 secs] [Times: user=0.02 sys=0.00, real=0.01 secs] 
2014-07-08T04:23:03.987+0000: 542.203: [GC [PSYoungGen: 207606K->748K(203328K)] 336476K->129674K(890304K), 0.0045010 secs] [Times: user=0.02 sys=0.00, real=0.00 secs] 
2014-07-08T04:23:04.730+0000: 542.946: [GC [PSYoungGen: 203308K->826K(198976K)] 332234K->129832K(885952K), 0.0063540 secs] [Times: user=0.04 sys=0.00, real=0.01 secs] 
2014-07-08T04:23:05.383+0000: 543.598: [GC [PSYoungGen: 198946K->964K(194880K)] 327953K->130010K(881856K), 0.0036170 secs] [Times: user=0.02 sys=0.01, real=0.01 secs] 
2014-07-08T04:23:06.045+0000: 544.261: [GC [PSYoungGen: 194731K->737K(190464K)] 323778K->129895K(877440K), 0.0036230 secs] [Times: user=0.01 sys=0.01, real=0.01 secs] 
2014-07-08T04:23:06.729+0000: 544.945: [GC [PSYoungGen: 190433K->794K(186560K)] 319591K->130040K(873536K), 0.0028280 secs] [Times: user=0.01 sys=0.00, real=0.00 secs] 
2014-07-08T04:23:07.347+0000: 545.562: [GC [PSYoungGen: 186522K->882K(182784K)] 315768K->130355K(869760K), 0.0043390 secs] [Times: user=0.02 sys=0.00, real=0.00 secs] 
2014-07-08T04:23:07.989+0000: 546.205: [GC [PSYoungGen: 182770K->730K(178944K)] 312243K->130298K(865920K), 0.0061150 secs] [Times: user=0.03 sys=0.00, real=0.00 secs] 
2014-07-08T04:23:08.746+0000: 546.962: [GC [PSYoungGen: 178906K->918K(175552K)] 308474K->130550K(862528K), 0.0040340 secs] [Times: user=0.03 sys=0.00, real=0.00 secs] 
2014-07-08T04:23:09.203+0000: 547.419: [GC [PSYoungGen: 175486K->765K(171840K)] 305119K->130477K(858816K), 0.0043240 secs] [Times: user=0.03 sys=0.00, real=0.01 secs] 
2014-07-08T04:23:09.789+0000: 548.005: [GC [PSYoungGen: 171837K->730K(168448K)] 301549K->130522K(855424K), 0.0059220 secs] [Times: user=0.03 sys=0.00, real=0.00 secs] 
2014-07-08T04:23:10.377+0000: 548.592: [GC [PSYoungGen: 168375K->798K(165248K)] 298167K->130622K(852224K), 0.0041560 secs] [Times: user=0.01 sys=0.00, real=0.00 secs] 
2014-07-08T04:23:10.954+0000: 549.170: [GC [PSYoungGen: 165193K->886K(162112K)] 295018K->130913K(849088K), 0.0032670 secs] [Times: user=0.02 sys=0.01, real=0.01 secs] 
2014-07-08T04:23:11.527+0000: 549.743: [GC [PSYoungGen: 162102K->1246K(159424K)] 292129K->131321K(846400K), 0.0047090 secs] [Times: user=0.03 sys=0.00, real=0.00 secs] 
2014-07-08T04:23:12.067+0000: 550.283: [GC [PSYoungGen: 159389K->420K(155648K)] 289464K->131127K(842624K), 0.0038880 secs] [Times: user=0.02 sys=0.00, real=0.01 secs] 
2014-07-08T04:23:12.676+0000: 550.892: [GC [PSYoungGen: 155620K->1068K(153408K)] 286327K->131871K(840384K), 0.0042530 secs] [Times: user=0.02 sys=0.00, real=0.01 secs] 
2014-07-08T04:23:13.147+0000: 551.363: [GC [PSYoungGen: 153386K->730K(150272K)] 284190K->131671K(837248K), 0.0041060 secs] [Times: user=0.02 sys=0.00, real=0.00 secs] 
2014-07-08T04:23:13.754+0000: 551.969: [GC [PSYoungGen: 150234K->1128K(147968K)] 281175K->132149K(834944K), 0.0060390 secs] [Times: user=0.04 sys=0.01, real=0.01 secs] 
2014-07-08T04:23:14.298+0000: 552.514: [GC [PSYoungGen: 147944K->840K(145088K)] 278965K->131949K(832064K), 0.0043320 secs] [Times: user=0.03 sys=0.00, real=0.00 secs] 
2014-07-08T04:23:14.786+0000: 553.001: [GC [PSYoungGen: 145032K->594K(142272K)] 276141K->131775K(829248K), 0.0069240 secs] [Times: user=0.04 sys=0.00, real=0.01 secs] 
2014-07-08T04:23:15.177+0000: 553.392: [GC [PSYoungGen: 142226K->826K(139968K)] 273407K->132087K(826944K), 0.0044560 secs] [Times: user=0.03 sys=0.00, real=0.01 secs] 
2014-07-08T04:23:15.718+0000: 553.933: [GC [PSYoungGen: 139960K->1266K(137984K)] 271222K->132599K(824960K), 0.0043290 secs] [Times: user=0.02 sys=0.00, real=0.00 secs] 
2014-07-08T04:23:16.130+0000: 554.346: [GC [PSYoungGen: 137970K->636K(134976K)] 269303K->132141K(821952K), 0.0042590 secs] [Times: user=0.02 sys=0.00, real=0.00 secs] 
2014-07-08T04:23:16.640+0000: 554.856: [GC [PSYoungGen: 134910K->986K(162240K)] 266416K->132563K(849216K), 0.0070950 secs] [Times: user=0.03 sys=0.00, real=0.01 secs] 
2014-07-08T04:23:17.167+0000: 555.383: [GC [PSYoungGen: 162177K->758K(194240K)] 293754K->132431K(881216K), 0.0058230 secs] [Times: user=0.04 sys=0.00, real=0.00 secs] 
2014-07-08T04:23:17.844+0000: 556.060: [GC [PSYoungGen: 194230K->776K(190208K)] 325903K->132553K(877184K), 0.0032290 secs] [Times: user=0.02 sys=0.00, real=0.00 secs] 
2014-07-08T04:23:18.524+0000: 556.740: [GC [PSYoungGen: 190152K->844K(186304K)] 321929K->132669K(873280K), 0.0026640 secs] [Times: user=0.01 sys=0.00, real=0.00 secs] 
2014-07-08T04:23:19.162+0000: 557.377: [GC [PSYoungGen: 186252K->904K(182528K)] 318077K->132825K(869504K), 0.0037890 secs] [Times: user=0.02 sys=0.01, real=0.00 secs] 
2014-07-08T04:23:19.804+0000: 558.019: [GC [PSYoungGen: 182472K->814K(178688K)] 314393K->132831K(865664K), 0.0025700 secs] [Times: user=0.01 sys=0.00, real=0.00 secs] 
2014-07-08T04:23:20.441+0000: 558.657: [GC [PSYoungGen: 178656K->698K(174976K)] 310673K->132747K(861952K), 0.0051460 secs] [Times: user=0.02 sys=0.00, real=0.00 secs] 
2014-07-08T04:23:21.072+0000: 559.288: [GC [PSYoungGen: 174962K->836K(171712K)] 307011K->132933K(858688K), 0.0061840 secs] [Times: user=0.03 sys=0.01, real=0.01 secs] 
2014-07-08T04:23:21.675+0000: 559.891: [GC [PSYoungGen: 171652K->982K(168448K)] 303749K->133143K(855424K), 0.0102960 secs] [Times: user=0.06 sys=0.00, real=0.01 secs] 
2014-07-08T04:23:22.227+0000: 560.442: [GC [PSYoungGen: 168406K->562K(164736K)] 300567K->133020K(851712K), 0.0043390 secs] [Times: user=0.02 sys=0.00, real=0.01 secs] 
2014-07-08T04:23:22.801+0000: 561.016: [GC [PSYoungGen: 164720K->812K(161856K)] 297178K->133342K(848832K), 0.0044580 secs] [Times: user=0.02 sys=0.00, real=0.00 secs] 
2014-07-08T04:23:23.372+0000: 561.588: [GC [PSYoungGen: 161836K->726K(158720K)] 294366K->133386K(845696K), 0.0071630 secs] [Times: user=0.05 sys=0.00, real=0.01 secs] 
2014-07-08T04:23:23.953+0000: 562.169: [GC [PSYoungGen: 158678K->1120K(156160K)] 291338K->133926K(843136K), 0.0045300 secs] [Times: user=0.03 sys=0.00, real=0.00 secs] 
2014-07-08T04:23:24.468+0000: 562.684: [GC [PSYoungGen: 156128K->420K(152576K)] 288934K->133444K(839552K), 0.0060280 secs] [Times: user=0.03 sys=0.00, real=0.01 secs] 
2014-07-08T04:23:24.998+0000: 563.214: [GC [PSYoungGen: 152548K->598K(149952K)] 285572K->133662K(836928K), 0.0047560 secs] [Times: user=0.03 sys=0.00, real=0.01 secs] 
2014-07-08T04:23:25.536+0000: 563.752: [GC [PSYoungGen: 149910K->1128K(180352K)] 282974K->134340K(867328K), 0.0073150 secs] [Times: user=0.04 sys=0.01, real=0.01 secs] 
2014-07-08T04:23:26.146+0000: 564.362: [GC [PSYoungGen: 180328K->626K(200768K)] 313540K->133910K(887744K), 0.0066880 secs] [Times: user=0.04 sys=0.00, real=0.01 secs] 
2014-07-08T04:23:26.849+0000: 565.065: [GC [PSYoungGen: 200050K->708K(195904K)] 333334K->134072K(882880K), 0.0047520 secs] [Times: user=0.03 sys=0.01, real=0.01 secs] 
2014-07-08T04:23:27.537+0000: 565.753: [GC [PSYoungGen: 195844K->908K(191936K)] 329208K->134320K(878912K), 0.0060500 secs] [Times: user=0.04 sys=0.00, real=0.01 secs] 
2014-07-08T04:23:28.216+0000: 566.432: [GC [PSYoungGen: 191884K->648K(187648K)] 325296K->134100K(874624K), 0.0051980 secs] [Times: user=0.03 sys=0.00, real=0.01 secs] 
2014-07-08T04:23:28.862+0000: 567.078: [GC [PSYoungGen: 187570K->956K(184000K)] 321022K->134424K(870976K), 0.0051350 secs] [Times: user=0.01 sys=0.00, real=0.00 secs] 
2014-07-08T04:23:29.518+0000: 567.734: [GC [PSYoungGen: 183996K->708K(180032K)] 317464K->134216K(867008K), 0.0032420 secs] [Times: user=0.02 sys=0.00, real=0.01 secs] 
2014-07-08T04:23:30.140+0000: 568.356: [GC [PSYoungGen: 179972K->762K(176384K)] 313480K->134326K(863360K), 0.0057800 secs] [Times: user=0.03 sys=0.00, real=0.00 secs] 
2014-07-08T04:23:30.760+0000: 568.975: [GC [PSYoungGen: 176378K->914K(173056K)] 309942K->134566K(860032K), 0.0049040 secs] [Times: user=0.03 sys=0.01, real=0.01 secs] 
2014-07-08T04:23:31.349+0000: 569.565: [GC [PSYoungGen: 173010K->790K(169536K)] 306662K->134498K(856512K), 0.0037430 secs] [Times: user=0.02 sys=0.01, real=0.01 secs] 
2014-07-08T04:23:31.937+0000: 570.152: [GC [PSYoungGen: 169494K->676K(166080K)] 303202K->134554K(853056K), 0.0088480 secs] [Times: user=0.05 sys=0.00, real=0.01 secs] 
2014-07-08T04:23:32.531+0000: 570.747: [GC [PSYoungGen: 166035K->950K(163136K)] 299913K->134908K(850112K), 0.0045780 secs] [Times: user=0.03 sys=0.01, real=0.00 secs] 
2014-07-08T04:23:33.096+0000: 571.312: [GC [PSYoungGen: 163126K->676K(159808K)] 297084K->134722K(846784K), 0.0040880 secs] [Times: user=0.02 sys=0.00, real=0.01 secs] 
2014-07-08T04:23:33.665+0000: 571.880: [GC [PSYoungGen: 159739K->1104K(157248K)] 293785K->135254K(844224K), 0.0038110 secs] [Times: user=0.02 sys=0.00, real=0.00 secs] 
2014-07-08T04:23:34.249+0000: 572.465: [GC [PSYoungGen: 157200K->484K(153664K)] 291350K->134754K(840640K), 0.0067290 secs] [Times: user=0.03 sys=0.00, real=0.01 secs] 
2014-07-08T04:23:34.799+0000: 573.015: [GC [PSYoungGen: 153636K->798K(151168K)] 287906K->135116K(838144K), 0.0042850 secs] [Times: user=0.02 sys=0.00, real=0.01 secs] 
2014-07-08T04:23:35.244+0000: 573.460: [GC [PSYoungGen: 151134K->722K(148352K)] 285452K->135196K(835328K), 0.0055410 secs] [Times: user=0.04 sys=0.00, real=0.00 secs] 
2014-07-08T04:23:35.762+0000: 573.978: [GC [PSYoungGen: 148306K->932K(145920K)] 282780K->135486K(832896K), 0.0032870 secs] [Times: user=0.02 sys=0.00, real=0.00 secs] 
2014-07-08T04:23:36.270+0000: 574.486: [GC [PSYoungGen: 145892K->750K(143168K)] 280446K->135400K(830144K), 0.0035210 secs] [Times: user=0.02 sys=0.00, real=0.01 secs] 
2014-07-08T04:23:36.769+0000: 574.985: [GC [PSYoungGen: 143150K->662K(140608K)] 277800K->135376K(827584K), 0.0028240 secs] [Times: user=0.01 sys=0.00, real=0.01 secs] 
2014-07-08T04:23:37.240+0000: 575.456: [GC [PSYoungGen: 140566K->818K(138304K)] 275280K->135604K(825280K), 0.0057000 secs] [Times: user=0.03 sys=0.00, real=0.00 secs] 
2014-07-08T04:23:37.724+0000: 575.939: [GC [PSYoungGen: 138256K->736K(135872K)] 273042K->135578K(822848K), 0.0028750 secs] [Times: user=0.01 sys=0.00, real=0.00 secs] 
2014-07-08T04:23:38.191+0000: 576.407: [GC [PSYoungGen: 135840K->698K(133504K)] 270682K->135620K(820480K), 0.0024320 secs] [Times: user=0.02 sys=0.00, real=0.01 secs] 
2014-07-08T04:23:38.689+0000: 576.905: [GC [PSYoungGen: 133498K->1056K(131648K)] 268420K->136140K(818624K), 0.0046850 secs] [Times: user=0.02 sys=0.00, real=0.01 secs] 
2014-07-08T04:23:39.137+0000: 577.352: [GC [PSYoungGen: 131616K->424K(128832K)] 266700K->135982K(815808K), 0.0057450 secs] [Times: user=0.03 sys=0.00, real=0.01 secs] 
2014-07-08T04:23:39.573+0000: 577.789: [GC [PSYoungGen: 128808K->940K(155072K)] 264366K->136522K(842048K), 0.0086840 secs] [Times: user=0.04 sys=0.01, real=0.01 secs] 
2014-07-08T04:23:40.108+0000: 578.324: [GC [PSYoungGen: 155052K->740K(185728K)] 290634K->136526K(872704K), 0.0057290 secs] [Times: user=0.03 sys=0.00, real=0.01 secs] 
2014-07-08T04:23:40.824+0000: 579.040: [GC [PSYoungGen: 185675K->1184K(182336K)] 321461K->137074K(869312K), 0.0039310 secs] [Times: user=0.02 sys=0.00, real=0.00 secs] 
2014-07-08T04:23:41.407+0000: 579.623: [GC [PSYoungGen: 182304K->498K(205824K)] 318194K->136452K(892800K), 0.0073040 secs] [Times: user=0.04 sys=0.01, real=0.01 secs] 
2014-07-08T04:23:42.122+0000: 580.338: [GC [PSYoungGen: 205810K->868K(201664K)] 341764K->136878K(888640K), 0.0050180 secs] [Times: user=0.03 sys=0.00, real=0.00 secs] 
2014-07-08T04:23:42.806+0000: 581.022: [GC [PSYoungGen: 201607K->494K(196928K)] 337617K->136947K(883904K), 0.0075700 secs] [Times: user=0.06 sys=0.00, real=0.01 secs] 
2014-07-08T04:23:43.506+0000: 581.721: [GC [PSYoungGen: 196910K->1036K(193280K)] 333363K->137584K(880256K), 0.0027950 secs] [Times: user=0.02 sys=0.00, real=0.00 secs] 
2014-07-08T04:23:44.185+0000: 582.400: [GC [PSYoungGen: 193205K->922K(189056K)] 329753K->137616K(876032K), 0.0037590 secs] [Times: user=0.02 sys=0.00, real=0.00 secs] 
2014-07-08T04:23:44.834+0000: 583.050: [GC [PSYoungGen: 189018K->598K(184832K)] 325712K->137372K(871808K), 0.0044000 secs] [Times: user=0.03 sys=0.00, real=0.00 secs] 
2014-07-08T04:23:45.502+0000: 583.718: [GC [PSYoungGen: 184789K->904K(181376K)] 321564K->137726K(868352K), 0.0035100 secs] [Times: user=0.01 sys=0.00, real=0.00 secs] 
2014-07-08T04:23:46.123+0000: 584.339: [GC [PSYoungGen: 181320K->730K(177472K)] 318142K->137640K(864448K), 0.0030310 secs] [Times: user=0.01 sys=0.00, real=0.00 secs] 
2014-07-08T04:23:46.754+0000: 584.969: [GC [PSYoungGen: 177434K->580K(173760K)] 314344K->137546K(860736K), 0.0038050 secs] [Times: user=0.02 sys=0.00, real=0.00 secs] 
2014-07-08T04:23:47.350+0000: 585.565: [GC [PSYoungGen: 173700K->690K(170368K)] 310666K->137736K(857344K), 0.0063300 secs] [Times: user=0.04 sys=0.01, real=0.01 secs] 
2014-07-08T04:23:48.017+0000: 586.233: [GC [PSYoungGen: 170354K->978K(167360K)] 307400K->138065K(854336K), 0.0075270 secs] [Times: user=0.04 sys=0.00, real=0.01 secs] 
2014-07-08T04:23:48.513+0000: 586.728: [GC [PSYoungGen: 167314K->758K(163904K)] 304401K->137940K(850880K), 0.0028580 secs] [Times: user=0.02 sys=0.00, real=0.00 secs] 
2014-07-08T04:23:49.073+0000: 587.289: [GC [PSYoungGen: 163849K->751K(160768K)] 301031K->137973K(847744K), 0.0044680 secs] [Times: user=0.02 sys=0.01, real=0.00 secs] 
2014-07-08T04:23:49.654+0000: 587.870: [GC [PSYoungGen: 160751K->990K(158016K)] 297973K->138300K(844992K), 0.0046880 secs] [Times: user=0.03 sys=0.00, real=0.00 secs] 
2014-07-08T04:23:50.185+0000: 588.400: [GC [PSYoungGen: 157982K->672K(154752K)] 295292K->138241K(841728K), 0.0052000 secs] [Times: user=0.03 sys=0.00, real=0.00 secs] 
2014-07-08T04:23:50.747+0000: 588.963: [GC [PSYoungGen: 154720K->900K(152128K)] 292289K->138500K(839104K), 0.0055630 secs] [Times: user=0.01 sys=0.01, real=0.00 secs] 
2014-07-08T04:23:51.244+0000: 589.460: [GC [PSYoungGen: 152068K->812K(149248K)] 289668K->138516K(836224K), 0.0024300 secs] [Times: user=0.01 sys=0.00, real=0.00 secs] 
2014-07-08T04:23:51.777+0000: 589.993: [GC [PSYoungGen: 149228K->868K(146624K)] 286932K->138644K(833600K), 0.0036440 secs] [Times: user=0.02 sys=0.00, real=0.00 secs] 
2014-07-08T04:23:52.278+0000: 590.494: [GC [PSYoungGen: 146596K->736K(143872K)] 284372K->138560K(830848K), 0.0057250 secs] [Times: user=0.03 sys=0.00, real=0.01 secs] 
2014-07-08T04:23:52.790+0000: 591.006: [GC [PSYoungGen: 143840K->726K(141376K)] 281664K->138646K(828352K), 0.0048040 secs] [Times: user=0.03 sys=0.00, real=0.01 secs] 
2014-07-08T04:23:53.275+0000: 591.490: [GC [PSYoungGen: 141334K->548K(138752K)] 279254K->138508K(825728K), 0.0058270 secs] [Times: user=0.03 sys=0.00, real=0.00 secs] 
2014-07-08T04:23:53.762+0000: 591.978: [GC [PSYoungGen: 138724K->712K(136576K)] 276684K->138744K(823552K), 0.0055770 secs] [Times: user=0.04 sys=0.00, real=0.01 secs] 
2014-07-08T04:23:54.274+0000: 592.490: [GC [PSYoungGen: 136520K->1022K(134528K)] 274552K->139110K(821504K), 0.0022770 secs] [Times: user=0.01 sys=0.01, real=0.00 secs] 
2014-07-08T04:23:54.866+0000: 593.082: [GC [PSYoungGen: 134478K->1046K(132352K)] 272567K->139198K(819328K), 0.0052030 secs] [Times: user=0.03 sys=0.00, real=0.00 secs] 
2014-07-08T04:23:55.195+0000: 593.411: [GC [PSYoungGen: 132290K->374K(157952K)] 270443K->138752K(844928K), 0.0077310 secs] [Times: user=0.05 sys=0.00, real=0.01 secs] 
2014-07-08T04:23:55.749+0000: 593.965: [GC [PSYoungGen: 157942K->1015K(190144K)] 296320K->139449K(877120K), 0.0029660 secs] [Times: user=0.01 sys=0.00, real=0.00 secs] 
2014-07-08T04:23:56.371+0000: 594.586: [GC [PSYoungGen: 190114K->815K(185984K)] 328549K->139479K(872960K), 0.0046620 secs] [Times: user=0.03 sys=0.00, real=0.01 secs] 
2014-07-08T04:23:57.019+0000: 595.235: [GC [PSYoungGen: 185964K->598K(181952K)] 324629K->139318K(868928K), 0.0024270 secs] [Times: user=0.01 sys=0.00, real=0.00 secs] 
2014-07-08T04:23:57.684+0000: 595.899: [GC [PSYoungGen: 181910K->1000K(178624K)] 320630K->139792K(865600K), 0.0026870 secs] [Times: user=0.02 sys=0.00, real=0.01 secs] 
2014-07-08T04:23:58.281+0000: 596.496: [GC [PSYoungGen: 178600K->648K(174720K)] 317392K->139488K(861696K), 0.0046830 secs] [Times: user=0.02 sys=0.00, real=0.01 secs] 
2014-07-08T04:23:58.881+0000: 597.096: [GC [PSYoungGen: 174664K->702K(171264K)] 313504K->139574K(858240K), 0.0061190 secs] [Times: user=0.04 sys=0.00, real=0.01 secs] 
2014-07-08T04:23:59.511+0000: 597.727: [GC [PSYoungGen: 171262K->758K(167936K)] 310134K->139670K(854912K), 0.0086840 secs] [Times: user=0.05 sys=0.00, real=0.01 secs] 
2014-07-08T04:24:00.056+0000: 598.272: [GC [PSYoungGen: 167926K->640K(193152K)] 306838K->139593K(880128K), 0.0074640 secs] [Times: user=0.04 sys=0.00, real=0.01 secs] 
2014-07-08T04:24:00.793+0000: 599.009: [GC [PSYoungGen: 192640K->1010K(188928K)] 331593K->140035K(875904K), 0.0050700 secs] [Times: user=0.03 sys=0.00, real=0.01 secs] 
2014-07-08T04:24:01.401+0000: 599.616: [GC [PSYoungGen: 188914K->256K(184256K)] 327939K->139634K(871232K), 0.0060820 secs] [Times: user=0.03 sys=0.00, real=0.01 secs] 
2014-07-08T04:24:02.053+0000: 600.269: [GC [PSYoungGen: 184256K->1186K(181440K)] 323634K->140676K(868416K), 0.0072880 secs] [Times: user=0.04 sys=0.00, real=0.01 secs] 
2014-07-08T04:24:02.721+0000: 600.936: [GC [PSYoungGen: 181410K->996K(177600K)] 320900K->140923K(864576K), 0.0047660 secs] [Times: user=0.02 sys=0.00, real=0.01 secs] 
2014-07-08T04:24:03.288+0000: 601.503: [GC [PSYoungGen: 177572K->844K(173888K)] 317499K->140866K(860864K), 0.0049620 secs] [Times: user=0.03 sys=0.00, real=0.00 secs] 
2014-07-08T04:24:03.886+0000: 602.102: [GC [PSYoungGen: 173814K->598K(170176K)] 313837K->140676K(857152K), 0.0040440 secs] [Times: user=0.02 sys=0.00, real=0.00 secs] 
2014-07-08T04:24:04.605+0000: 602.821: [GC [PSYoungGen: 170134K->892K(167104K)] 310212K->141027K(854080K), 0.0054640 secs] [Times: user=0.03 sys=0.01, real=0.00 secs] 
2014-07-08T04:24:05.050+0000: 603.266: [GC [PSYoungGen: 167100K->826K(163840K)] 307235K->141048K(850816K), 0.0040430 secs] [Times: user=0.02 sys=0.00, real=0.00 secs] 
2014-07-08T04:24:05.656+0000: 603.872: [GC [PSYoungGen: 163746K->836K(160768K)] 303969K->141146K(847744K), 0.0048900 secs] [Times: user=0.02 sys=0.00, real=0.00 secs] 
2014-07-08T04:24:06.183+0000: 604.399: [GC [PSYoungGen: 160708K->676K(157568K)] 301018K->141026K(844544K), 0.0084590 secs] [Times: user=0.04 sys=0.00, real=0.01 secs] 
2014-07-08T04:24:06.771+0000: 604.987: [GC [PSYoungGen: 157540K->950K(154880K)] 297890K->141357K(841856K), 0.0041280 secs] [Times: user=0.02 sys=0.00, real=0.01 secs] 
2014-07-08T04:24:07.269+0000: 605.485: [GC [PSYoungGen: 154782K->1018K(152128K)] 295188K->141497K(839104K), 0.0047570 secs] [Times: user=0.02 sys=0.00, real=0.00 secs] 
2014-07-08T04:24:07.878+0000: 606.094: [GC [PSYoungGen: 152122K->1121K(149504K)] 292601K->141680K(836480K), 0.0046600 secs] [Times: user=0.02 sys=0.01, real=0.00 secs] 
2014-07-08T04:24:08.296+0000: 606.511: [GC [PSYoungGen: 149440K->558K(146240K)] 289999K->141229K(833216K), 0.0028600 secs] [Times: user=0.01 sys=0.01, real=0.00 secs] 
2014-07-08T04:24:08.817+0000: 607.033: [GC [PSYoungGen: 146222K->964K(144064K)] 286893K->141723K(831040K), 0.0029760 secs] [Times: user=0.01 sys=0.01, real=0.00 secs] 
2014-07-08T04:24:09.304+0000: 607.519: [GC [PSYoungGen: 143999K->694K(141248K)] 284757K->141582K(828224K), 0.0040170 secs] [Times: user=0.03 sys=0.00, real=0.01 secs] 
2014-07-08T04:24:09.836+0000: 608.052: [GC [PSYoungGen: 141236K->712K(138880K)] 282125K->141656K(825856K), 0.0060650 secs] [Times: user=0.03 sys=0.00, real=0.00 secs] 
2014-07-08T04:24:10.279+0000: 608.494: [GC [PSYoungGen: 138824K->644K(136448K)] 279768K->141668K(823424K), 0.0045240 secs] [Times: user=0.02 sys=0.00, real=0.00 secs] 
2014-07-08T04:24:10.795+0000: 609.010: [GC [PSYoungGen: 136388K->662K(163648K)] 277412K->141750K(850624K), 0.0073360 secs] [Times: user=0.05 sys=0.00, real=0.01 secs] 
2014-07-08T04:24:11.314+0000: 609.530: [GC [PSYoungGen: 163536K->726K(183232K)] 304624K->141886K(870208K), 0.0054660 secs] [Times: user=0.03 sys=0.00, real=0.01 secs] 
2014-07-08T04:24:11.946+0000: 610.162: [GC [PSYoungGen: 182670K->666K(183232K)] 323831K->141866K(870208K), 0.0082510 secs] [Times: user=0.04 sys=0.00, real=0.00 secs] 
2014-07-08T04:24:12.620+0000: 610.836: [GC [PSYoungGen: 182588K->1000K(219648K)] 323788K->142241K(906624K), 0.0064700 secs] [Times: user=0.03 sys=0.00, real=0.01 secs] 
2014-07-08T04:24:13.344+0000: 611.560: [GC [PSYoungGen: 219368K->836K(214272K)] 360609K->142117K(901248K), 0.0033330 secs] [Times: user=0.02 sys=0.01, real=0.01 secs] 
2014-07-08T04:24:14.122+0000: 612.337: [GC [PSYoungGen: 214212K->434K(209024K)] 355493K->141998K(896000K), 0.0045790 secs] [Times: user=0.03 sys=0.00, real=0.01 secs] 
2014-07-08T04:24:14.907+0000: 613.122: [GC [PSYoungGen: 209010K->1064K(205056K)] 350574K->142677K(892032K), 0.0047250 secs] [Times: user=0.02 sys=0.00, real=0.00 secs] 
2014-07-08T04:24:15.557+0000: 613.773: [GC [PSYoungGen: 205032K->940K(200448K)] 346645K->142683K(887424K), 0.0034580 secs] [Times: user=0.02 sys=0.00, real=0.00 secs] 
2014-07-08T04:24:16.223+0000: 614.438: [GC [PSYoungGen: 200403K->840K(196096K)] 342146K->142662K(883072K), 0.0053530 secs] [Times: user=0.03 sys=0.00, real=0.01 secs] 
2014-07-08T04:24:16.908+0000: 615.124: [GC [PSYoungGen: 195955K->872K(191936K)] 337777K->142735K(878912K), 0.0053250 secs] [Times: user=0.03 sys=0.00, real=0.00 secs] 
2014-07-08T04:24:17.626+0000: 615.842: [GC [PSYoungGen: 191882K->890K(187904K)] 333745K->142777K(874880K), 0.0059320 secs] [Times: user=0.01 sys=0.00, real=0.01 secs] 
2014-07-08T04:24:18.232+0000: 616.448: [GC [PSYoungGen: 187870K->823K(183936K)] 329757K->142856K(870912K), 0.0043000 secs] [Times: user=0.02 sys=0.00, real=0.00 secs] 
2014-07-08T04:24:18.897+0000: 617.113: [GC [PSYoungGen: 183880K->858K(180224K)] 325913K->142979K(867200K), 0.0041690 secs] [Times: user=0.02 sys=0.00, real=0.00 secs] 
2014-07-08T04:24:19.633+0000: 617.849: [GC [PSYoungGen: 180186K->740K(176448K)] 322307K->143047K(863424K), 0.0063690 secs] [Times: user=0.04 sys=0.00, real=0.01 secs] 
2014-07-08T04:24:20.221+0000: 618.436: [GC [PSYoungGen: 176420K->908K(173120K)] 318727K->143303K(860096K), 0.0031970 secs] [Times: user=0.02 sys=0.00, real=0.00 secs] 
2014-07-08T04:24:20.781+0000: 618.997: [GC [PSYoungGen: 173061K->712K(169536K)] 315456K->143179K(856512K), 0.0027210 secs] [Times: user=0.01 sys=0.00, real=0.00 secs] 
2014-07-08T04:24:21.296+0000: 619.511: [GC [PSYoungGen: 169480K->612K(166080K)] 311947K->143151K(853056K), 0.0047010 secs] [Times: user=0.03 sys=0.00, real=0.01 secs] 
2014-07-08T04:24:21.871+0000: 620.087: [GC [PSYoungGen: 166052K->726K(163008K)] 308591K->143337K(849984K), 0.0028650 secs] [Times: user=0.01 sys=0.00, real=0.00 secs] 
2014-07-08T04:24:22.447+0000: 620.662: [GC [PSYoungGen: 162966K->612K(159808K)] 305577K->143247K(846784K), 0.0048490 secs] [Times: user=0.01 sys=0.00, real=0.01 secs] 
2014-07-08T04:24:22.989+0000: 621.204: [GC [PSYoungGen: 159749K->598K(156800K)] 302384K->143305K(843776K), 0.0039100 secs] [Times: user=0.03 sys=0.00, real=0.00 secs] 
2014-07-08T04:24:23.586+0000: 621.802: [GC [PSYoungGen: 156742K->1122K(154368K)] 299449K->143861K(841344K), 0.0092660 secs] [Times: user=0.05 sys=0.00, real=0.01 secs] 
2014-07-08T04:24:24.078+0000: 622.294: [GC [PSYoungGen: 154338K->680K(151104K)] 297077K->143507K(838080K), 0.0050780 secs] [Times: user=0.03 sys=0.00, real=0.00 secs] 
2014-07-08T04:24:24.707+0000: 622.922: [GC [PSYoungGen: 151080K->804K(148480K)] 293907K->143687K(835456K), 0.0063650 secs] [Times: user=0.05 sys=0.00, real=0.01 secs] 
2014-07-08T04:24:25.122+0000: 623.338: [GC [PSYoungGen: 148452K->630K(145600K)] 291335K->143569K(832576K), 0.0033570 secs] [Times: user=0.02 sys=0.00, real=0.00 secs] 
2014-07-08T04:24:25.719+0000: 623.934: [GC [PSYoungGen: 145590K->1210K(143616K)] 288529K->144295K(830592K), 0.0054990 secs] [Times: user=0.02 sys=0.01, real=0.00 secs] 
2014-07-08T04:24:26.194+0000: 624.409: [GC [PSYoungGen: 143610K->640K(140544K)] 286695K->143828K(827520K), 0.0031440 secs] [Times: user=0.02 sys=0.00, real=0.00 secs] 
2014-07-08T04:24:26.643+0000: 624.859: [GC [PSYoungGen: 140543K->1156K(169152K)] 283732K->144409K(856128K), 0.0092580 secs] [Times: user=0.05 sys=0.00, real=0.01 secs] 
2014-07-08T04:24:27.213+0000: 625.429: [GC [PSYoungGen: 169087K->862K(202432K)] 312340K->144253K(889408K), 0.0037460 secs] [Times: user=0.03 sys=0.00, real=0.00 secs] 
2014-07-08T04:24:27.915+0000: 626.131: [GC [PSYoungGen: 202383K->680K(197824K)] 345774K->144143K(884800K), 0.0036980 secs] [Times: user=0.02 sys=0.01, real=0.01 secs] 
2014-07-08T04:24:28.595+0000: 626.811: [GC [PSYoungGen: 197800K->890K(193792K)] 341263K->144409K(880768K), 0.0029610 secs] [Times: user=0.02 sys=0.01, real=0.01 secs] 
2014-07-08T04:24:29.254+0000: 627.470: [GC [PSYoungGen: 193786K->762K(189568K)] 337305K->144345K(876544K), 0.0043440 secs] [Times: user=0.02 sys=0.00, real=0.01 secs] 
2014-07-08T04:24:29.910+0000: 628.126: [GC [PSYoungGen: 189562K->950K(185792K)] 333145K->144581K(872768K), 0.0032590 secs] [Times: user=0.01 sys=0.00, real=0.00 secs] 
2014-07-08T04:24:30.551+0000: 628.766: [GC [PSYoungGen: 185782K->612K(181632K)] 329413K->144307K(868608K), 0.0026090 secs] [Times: user=0.01 sys=0.00, real=0.00 secs] 
2014-07-08T04:24:31.169+0000: 629.384: [GC [PSYoungGen: 181568K->694K(177984K)] 325263K->144477K(864960K), 0.0029720 secs] [Times: user=0.02 sys=0.01, real=0.01 secs] 
2014-07-08T04:24:31.794+0000: 630.010: [GC [PSYoungGen: 177974K->658K(174400K)] 321757K->144497K(861376K), 0.0078660 secs] [Times: user=0.04 sys=0.00, real=0.01 secs] 
2014-07-08T04:24:32.409+0000: 630.625: [GC [PSYoungGen: 174354K->726K(171008K)] 318193K->144597K(857984K), 0.0070930 secs] [Times: user=0.03 sys=0.00, real=0.00 secs] 
2014-07-08T04:24:33.066+0000: 631.281: [GC [PSYoungGen: 170966K->1040K(168000K)] 314837K->145007K(854976K), 0.0033030 secs] [Times: user=0.02 sys=0.00, real=0.00 secs] 
2014-07-08T04:24:33.619+0000: 631.834: [GC [PSYoungGen: 167937K->637K(164288K)] 311904K->144782K(851264K), 0.0062120 secs] [Times: user=0.03 sys=0.00, real=0.01 secs] 
2014-07-08T04:24:34.148+0000: 632.364: [GC [PSYoungGen: 164285K->894K(161408K)] 308430K->145095K(848384K), 0.0044910 secs] [Times: user=0.03 sys=0.00, real=0.01 secs] 
2014-07-08T04:24:34.829+0000: 633.045: [GC [PSYoungGen: 161406K->946K(158400K)] 305607K->145393K(845376K), 0.0053310 secs] [Times: user=0.04 sys=0.00, real=0.00 secs] 
2014-07-08T04:24:35.270+0000: 633.485: [GC [PSYoungGen: 158386K->858K(189824K)] 302833K->145401K(876800K), 0.0074490 secs] [Times: user=0.04 sys=0.00, real=0.00 secs] 
2014-07-08T04:24:35.942+0000: 634.158: [GC [PSYoungGen: 189786K->890K(185856K)] 334329K->145521K(872832K), 0.0063430 secs] [Times: user=0.04 sys=0.00, real=0.00 secs] 
2014-07-08T04:24:36.623+0000: 634.839: [GC [PSYoungGen: 185837K->829K(181952K)] 330468K->145508K(868928K), 0.0053540 secs] [Times: user=0.04 sys=0.00, real=0.00 secs] 
2014-07-08T04:24:37.230+0000: 635.446: [GC [PSYoungGen: 181948K->762K(178176K)] 326627K->145521K(865152K), 0.0041790 secs] [Times: user=0.02 sys=0.00, real=0.01 secs] 
2014-07-08T04:24:37.849+0000: 636.065: [GC [PSYoungGen: 178170K->722K(174592K)] 322929K->145553K(861568K), 0.0046220 secs] [Times: user=0.02 sys=0.00, real=0.01 secs] 
2014-07-08T04:24:38.472+0000: 636.688: [GC [PSYoungGen: 174514K->818K(171200K)] 319345K->145697K(858176K), 0.0031200 secs] [Times: user=0.01 sys=0.00, real=0.00 secs] 
2014-07-08T04:24:39.103+0000: 637.319: [GC [PSYoungGen: 171186K->946K(168000K)] 316065K->145913K(854976K), 0.0036320 secs] [Times: user=0.01 sys=0.00, real=0.00 secs] 
2014-07-08T04:24:39.712+0000: 637.927: [GC [PSYoungGen: 167941K->694K(164480K)] 312908K->146069K(851456K), 0.0053410 secs] [Times: user=0.03 sys=0.00, real=0.00 secs] 
2014-07-08T04:24:40.232+0000: 638.447: [GC [PSYoungGen: 164427K->1094K(161792K)] 309802K->146541K(848768K), 0.0037700 secs] [Times: user=0.02 sys=0.00, real=0.00 secs] 
2014-07-08T04:24:40.809+0000: 639.025: [GC [PSYoungGen: 161734K->644K(158272K)] 307181K->146353K(845248K), 0.0023110 secs] [Times: user=0.02 sys=0.00, real=0.01 secs] 
2014-07-08T04:24:41.337+0000: 639.553: [GC [PSYoungGen: 158212K->666K(155328K)] 303921K->146415K(842304K), 0.0062940 secs] [Times: user=0.04 sys=0.00, real=0.01 secs] 
2014-07-08T04:24:41.884+0000: 640.099: [GC [PSYoungGen: 155290K->844K(152640K)] 301039K->146673K(839616K), 0.0069610 secs] [Times: user=0.04 sys=0.00, real=0.01 secs] 
2014-07-08T04:24:42.421+0000: 640.636: [GC [PSYoungGen: 152588K->1028K(150080K)] 298417K->146921K(837056K), 0.0034470 secs] [Times: user=0.02 sys=0.00, real=0.00 secs] 
2014-07-08T04:24:42.940+0000: 641.155: [GC [PSYoungGen: 150020K->598K(146944K)] 295913K->146563K(833920K), 0.0041420 secs] [Times: user=0.03 sys=0.00, real=0.01 secs] 
2014-07-08T04:24:43.451+0000: 641.667: [GC [PSYoungGen: 146902K->680K(144384K)] 292867K->146677K(831360K), 0.0076650 secs] [Times: user=0.05 sys=0.00, real=0.00 secs] 
2014-07-08T04:24:43.942+0000: 642.158: [GC [PSYoungGen: 144360K->580K(141760K)] 290357K->146633K(828736K), 0.0027000 secs] [Times: user=0.01 sys=0.00, real=0.00 secs] 
2014-07-08T04:24:44.448+0000: 642.664: [GC [PSYoungGen: 141693K->840K(139520K)] 287746K->146957K(826496K), 0.0044200 secs] [Times: user=0.02 sys=0.00, real=0.01 secs] 
2014-07-08T04:24:45.040+0000: 643.255: [GC [PSYoungGen: 139463K->1068K(137344K)] 285580K->147523K(824320K), 0.0043420 secs] [Times: user=0.03 sys=0.00, real=0.01 secs] 
2014-07-08T04:24:45.477+0000: 643.693: [GC [PSYoungGen: 137324K->900K(134912K)] 283779K->147379K(821888K), 0.0049800 secs] [Times: user=0.01 sys=0.00, real=0.01 secs] 
2014-07-08T04:24:45.871+0000: 644.087: [GC [PSYoungGen: 134852K->768K(132544K)] 281331K->147327K(819520K), 0.0026050 secs] [Times: user=0.01 sys=0.00, real=0.01 secs] 
2014-07-08T04:24:46.318+0000: 644.534: [GC [PSYoungGen: 132462K->762K(130304K)] 279021K->147393K(817280K), 0.0062890 secs] [Times: user=0.04 sys=0.00, real=0.01 secs] 
2014-07-08T04:24:46.826+0000: 645.042: [GC [PSYoungGen: 130298K->918K(128384K)] 276929K->147598K(815360K), 0.0034200 secs] [Times: user=0.02 sys=0.00, real=0.00 secs] 
2014-07-08T04:24:47.223+0000: 645.439: [GC [PSYoungGen: 128342K->648K(126080K)] 275022K->147383K(813056K), 0.0046350 secs] [Times: user=0.03 sys=0.00, real=0.00 secs] 
2014-07-08T04:24:47.705+0000: 645.920: [GC [PSYoungGen: 125987K->950K(151424K)] 272722K->147765K(838400K), 0.0099080 secs] [Times: user=0.07 sys=0.00, real=0.01 secs] 
2014-07-08T04:24:48.164+0000: 646.380: [GC [PSYoungGen: 151381K->790K(181440K)] 298197K->147693K(868416K), 0.0055520 secs] [Times: user=0.03 sys=0.00, real=0.00 secs] 
2014-07-08T04:24:48.869+0000: 647.085: [GC [PSYoungGen: 181398K->940K(192704K)] 328301K->147907K(879680K), 0.0079730 secs] [Times: user=0.05 sys=0.00, real=0.01 secs] 
2014-07-08T04:24:49.482+0000: 647.698: [GC [PSYoungGen: 192684K->840K(188608K)] 339651K->147879K(875584K), 0.0029960 secs] [Times: user=0.01 sys=0.00, real=0.00 secs] 
2014-07-08T04:24:50.129+0000: 648.344: [GC [PSYoungGen: 188527K->484K(184320K)] 335566K->147611K(871296K), 0.0047160 secs] [Times: user=0.03 sys=0.00, real=0.01 secs] 
2014-07-08T04:24:50.786+0000: 649.002: [GC [PSYoungGen: 184292K->658K(180736K)] 331419K->147881K(867712K), 0.0047000 secs] [Times: user=0.02 sys=0.01, real=0.00 secs] 
2014-07-08T04:24:51.423+0000: 649.639: [GC [PSYoungGen: 180690K->1124K(177536K)] 327913K->148435K(864512K), 0.0041450 secs] [Times: user=0.03 sys=0.00, real=0.00 secs] 
2014-07-08T04:24:52.014+0000: 650.230: [GC [PSYoungGen: 177508K->708K(173632K)] 324819K->148083K(860608K), 0.0056460 secs] [Times: user=0.03 sys=0.00, real=0.00 secs] 
2014-07-08T04:24:52.624+0000: 650.840: [GC [PSYoungGen: 173548K->808K(170240K)] 320923K->148287K(857216K), 0.0037510 secs] [Times: user=0.03 sys=0.00, real=0.00 secs] 
2014-07-08T04:24:53.214+0000: 651.429: [GC [PSYoungGen: 170216K->876K(166976K)] 317695K->148419K(853952K), 0.0062890 secs] [Times: user=0.04 sys=0.00, real=0.00 secs] 
2014-07-08T04:24:53.823+0000: 652.039: [GC [PSYoungGen: 166956K->580K(163520K)] 314499K->148171K(850496K), 0.0065830 secs] [Times: user=0.04 sys=0.00, real=0.00 secs] 
2014-07-08T04:24:54.364+0000: 652.580: [GC [PSYoungGen: 163460K->552K(189184K)] 311051K->148191K(876160K), 0.0074640 secs] [Times: user=0.05 sys=0.00, real=0.00 secs] 
2014-07-08T04:24:55.034+0000: 653.250: [GC [PSYoungGen: 188456K->694K(184704K)] 336095K->148381K(871680K), 0.0057870 secs] [Times: user=0.04 sys=0.00, real=0.00 secs] 
2014-07-08T04:24:55.678+0000: 653.894: [GC [PSYoungGen: 184673K->1139K(181376K)] 332361K->148859K(868352K), 0.0035120 secs] [Times: user=0.01 sys=0.01, real=0.00 secs] 
2014-07-08T04:24:56.277+0000: 654.492: [GC [PSYoungGen: 181363K->530K(177152K)] 329083K->148305K(864128K), 0.0029990 secs] [Times: user=0.02 sys=0.00, real=0.00 secs] 
2014-07-08T04:24:56.890+0000: 655.106: [GC [PSYoungGen: 177084K->800K(173824K)] 324859K->148663K(860800K), 0.0025110 secs] [Times: user=0.02 sys=0.00, real=0.01 secs] 
2014-07-08T04:24:57.512+0000: 655.727: [GC [PSYoungGen: 173747K->964K(170560K)] 321611K->148891K(857536K), 0.0037230 secs] [Times: user=0.02 sys=0.01, real=0.01 secs] 
2014-07-08T04:24:58.087+0000: 656.303: [GC [PSYoungGen: 170500K->680K(166912K)] 318427K->148671K(853888K), 0.0039010 secs] [Times: user=0.02 sys=0.00, real=0.00 secs] 
2014-07-08T04:24:58.790+0000: 657.006: [GC [PSYoungGen: 166888K->864K(163904K)] 314879K->149126K(850880K), 0.0053520 secs] [Times: user=0.03 sys=0.01, real=0.01 secs] 
2014-07-08T04:24:59.245+0000: 657.460: [GC [PSYoungGen: 163872K->844K(160768K)] 312134K->149170K(847744K), 0.0033640 secs] [Times: user=0.02 sys=0.00, real=0.00 secs] 
2014-07-08T04:24:59.812+0000: 658.028: [GC [PSYoungGen: 160716K->772K(157696K)] 309042K->149236K(844672K), 0.0055860 secs] [Times: user=0.03 sys=0.00, real=0.01 secs] 
2014-07-08T04:25:00.361+0000: 658.577: [GC [PSYoungGen: 157631K->662K(154624K)] 306096K->149174K(841600K), 0.0046420 secs] [Times: user=0.02 sys=0.00, real=0.01 secs] 
2014-07-08T04:25:00.904+0000: 659.120: [GC [PSYoungGen: 154582K->480K(151616K)] 303094K->149064K(838592K), 0.0037050 secs] [Times: user=0.03 sys=0.00, real=0.00 secs] 
2014-07-08T04:25:01.434+0000: 659.650: [GC [PSYoungGen: 151584K->960K(149376K)] 300168K->149600K(836352K), 0.0031610 secs] [Times: user=0.01 sys=0.00, real=0.00 secs] 
2014-07-08T04:25:01.944+0000: 660.160: [GC [PSYoungGen: 149295K->594K(146304K)] 297936K->149322K(833280K), 0.0037950 secs] [Times: user=0.03 sys=0.00, real=0.00 secs] 
2014-07-08T04:25:02.466+0000: 660.681: [GC [PSYoungGen: 146258K->1078K(144128K)] 294986K->149847K(831104K), 0.0031010 secs] [Times: user=0.02 sys=0.00, real=0.00 secs] 
2014-07-08T04:25:02.954+0000: 661.170: [GC [PSYoungGen: 144118K->883K(141440K)] 292887K->149897K(828416K), 0.0028280 secs] [Times: user=0.01 sys=0.00, real=0.00 secs] 
2014-07-08T04:25:03.446+0000: 661.662: [GC [PSYoungGen: 141427K->847K(139008K)] 290441K->149917K(825984K), 0.0046730 secs] [Times: user=0.03 sys=0.01, real=0.00 secs] 
2014-07-08T04:25:03.924+0000: 662.140: [GC [PSYoungGen: 138959K->740K(136512K)] 288029K->149890K(823488K), 0.0051010 secs] [Times: user=0.03 sys=0.00, real=0.00 secs] 
2014-07-08T04:25:04.406+0000: 662.622: [GC [PSYoungGen: 136484K->996K(134464K)] 285634K->150218K(821440K), 0.0058800 secs] [Times: user=0.04 sys=0.00, real=0.00 secs] 
2014-07-08T04:25:04.921+0000: 663.136: [GC [PSYoungGen: 134436K->800K(132032K)] 283658K->150209K(819008K), 0.0028300 secs] [Times: user=0.01 sys=0.00, real=0.00 secs] 
2014-07-08T04:25:05.358+0000: 663.574: [GC [PSYoungGen: 132000K->594K(129664K)] 281409K->150058K(816640K), 0.0043700 secs] [Times: user=0.02 sys=0.00, real=0.00 secs] 
2014-07-08T04:25:05.792+0000: 664.008: [GC [PSYoungGen: 129618K->836K(127808K)] 279082K->150372K(814784K), 0.0051110 secs] [Times: user=0.03 sys=0.01, real=0.01 secs] 
2014-07-08T04:25:06.222+0000: 664.438: [GC [PSYoungGen: 127748K->792K(153152K)] 277284K->150393K(840128K), 0.0064580 secs] [Times: user=0.04 sys=0.00, real=0.01 secs] 
2014-07-08T04:25:06.800+0000: 665.016: [GC [PSYoungGen: 153112K->872K(150400K)] 302713K->150994K(837376K), 0.0042000 secs] [Times: user=0.02 sys=0.00, real=0.01 secs] 
2014-07-08T04:25:07.281+0000: 665.497: [GC [PSYoungGen: 150346K->698K(147520K)] 300467K->150867K(834496K), 0.0032550 secs] [Times: user=0.01 sys=0.00, real=0.01 secs] 
2014-07-08T04:25:07.792+0000: 666.007: [GC [PSYoungGen: 147514K->630K(144832K)] 297683K->150855K(831808K), 0.0027180 secs] [Times: user=0.01 sys=0.00, real=0.01 secs] 
2014-07-08T04:25:08.277+0000: 666.493: [GC [PSYoungGen: 144782K->744K(142400K)] 295008K->151041K(829376K), 0.0052300 secs] [Times: user=0.04 sys=0.00, real=0.00 secs] 
2014-07-08T04:25:08.805+0000: 667.020: [GC [PSYoungGen: 142367K->644K(139840K)] 292664K->151005K(826816K), 0.0059690 secs] [Times: user=0.04 sys=0.00, real=0.00 secs] 
2014-07-08T04:25:09.272+0000: 667.488: [GC [PSYoungGen: 139780K->776K(167808K)] 290141K->151209K(854784K), 0.0064490 secs] [Times: user=0.03 sys=0.00, real=0.01 secs] 
2014-07-08T04:25:09.861+0000: 668.077: [GC [PSYoungGen: 167710K->616K(164352K)] 318144K->151097K(851328K), 0.0028830 secs] [Times: user=0.01 sys=0.00, real=0.00 secs] 
2014-07-08T04:25:10.427+0000: 668.642: [GC [PSYoungGen: 164328K->846K(182336K)] 314809K->151376K(869312K), 0.0084390 secs] [Times: user=0.05 sys=0.00, real=0.01 secs] 
2014-07-08T04:25:11.142+0000: 669.357: [GC [PSYoungGen: 181902K->1064K(178432K)] 332432K->151649K(865408K), 0.0028530 secs] [Times: user=0.01 sys=0.00, real=0.00 secs] 
2014-07-08T04:25:11.750+0000: 669.966: [GC [PSYoungGen: 178408K->850K(174656K)] 328993K->151507K(861632K), 0.0043460 secs] [Times: user=0.02 sys=0.00, real=0.00 secs] 
2014-07-08T04:25:12.286+0000: 670.502: [GC [PSYoungGen: 174610K->634K(170944K)] 325267K->151437K(857920K), 0.0037150 secs] [Times: user=0.02 sys=0.00, real=0.00 secs] 
2014-07-08T04:25:12.890+0000: 671.106: [GC [PSYoungGen: 170918K->712K(167744K)] 321722K->151603K(854720K), 0.0039480 secs] [Times: user=0.02 sys=0.00, real=0.00 secs] 
2014-07-08T04:25:13.493+0000: 671.709: [GC [PSYoungGen: 167688K->776K(164544K)] 318579K->151699K(851520K), 0.0047050 secs] [Times: user=0.02 sys=0.00, real=0.01 secs] 
2014-07-08T04:25:14.035+0000: 672.251: [GC [PSYoungGen: 164488K->722K(161344K)] 315411K->151725K(848320K), 0.0027530 secs] [Times: user=0.02 sys=0.00, real=0.00 secs] 
2014-07-08T04:25:14.624+0000: 672.839: [GC [PSYoungGen: 161265K->754K(158272K)] 312269K->151976K(845248K), 0.0044970 secs] [Times: user=0.03 sys=0.00, real=0.01 secs] 
2014-07-08T04:25:15.177+0000: 673.393: [GC [PSYoungGen: 158258K->1000K(155584K)] 309480K->152270K(842560K), 0.0074660 secs] [Times: user=0.04 sys=0.01, real=0.00 secs] 
2014-07-08T04:25:15.715+0000: 673.931: [GC [PSYoungGen: 155560K->683K(152384K)] 306830K->152250K(839360K), 0.0041450 secs] [Times: user=0.02 sys=0.00, real=0.00 secs] 
2014-07-08T04:25:16.223+0000: 674.439: [GC [PSYoungGen: 152363K->1120K(183168K)] 303930K->152727K(870144K), 0.0103400 secs] [Times: user=0.06 sys=0.01, real=0.01 secs] 
2014-07-08T04:25:16.866+0000: 675.082: [GC [PSYoungGen: 183136K->612K(178944K)] 334743K->152339K(865920K), 0.0038510 secs] [Times: user=0.02 sys=0.00, real=0.00 secs] 
2014-07-08T04:25:17.497+0000: 675.713: [GC [PSYoungGen: 178916K->740K(175488K)] 330643K->152531K(862464K), 0.0039080 secs] [Times: user=0.03 sys=0.00, real=0.00 secs] 
2014-07-08T04:25:18.105+0000: 676.320: [GC [PSYoungGen: 175460K->680K(171904K)] 327251K->152535K(858880K), 0.0028690 secs] [Times: user=0.02 sys=0.00, real=0.01 secs] 
2014-07-08T04:25:18.715+0000: 676.930: [GC [PSYoungGen: 171878K->1124K(168960K)] 323733K->153043K(855936K), 0.0074130 secs] [Times: user=0.04 sys=0.00, real=0.01 secs] 
2014-07-08T04:25:19.271+0000: 677.487: [GC [PSYoungGen: 168932K->762K(165312K)] 320851K->152895K(852288K), 0.0050360 secs] [Times: user=0.03 sys=0.00, real=0.01 secs] 
2014-07-08T04:25:19.847+0000: 678.063: [GC [PSYoungGen: 165306K->580K(161984K)] 317439K->152777K(848960K), 0.0035500 secs] [Times: user=0.02 sys=0.00, real=0.00 secs] 
2014-07-08T04:25:20.443+0000: 678.659: [GC [PSYoungGen: 161924K->932K(159232K)] 314121K->153209K(846208K), 0.0055140 secs] [Times: user=0.04 sys=0.01, real=0.01 secs] 
2014-07-08T04:25:20.978+0000: 679.194: [GC [PSYoungGen: 159204K->576K(155840K)] 311481K->152933K(842816K), 0.0047470 secs] [Times: user=0.03 sys=0.00, real=0.00 secs] 
2014-07-08T04:25:21.524+0000: 679.739: [GC [PSYoungGen: 155840K->516K(152960K)] 308197K->152889K(839936K), 0.0046930 secs] [Times: user=0.02 sys=0.00, real=0.01 secs] 
2014-07-08T04:25:22.045+0000: 680.260: [GC [PSYoungGen: 152900K->651K(150272K)] 305273K->153080K(837248K), 0.0056360 secs] [Times: user=0.04 sys=0.01, real=0.01 secs] 
2014-07-08T04:25:22.579+0000: 680.795: [GC [PSYoungGen: 150216K->762K(180288K)] 302645K->153215K(867264K), 0.0100260 secs] [Times: user=0.06 sys=0.00, real=0.01 secs] 
2014-07-08T04:25:23.183+0000: 681.398: [GC [PSYoungGen: 180282K->612K(176512K)] 332735K->153137K(863488K), 0.0032930 secs] [Times: user=0.02 sys=0.00, real=0.00 secs] 
2014-07-08T04:25:23.892+0000: 682.108: [GC [PSYoungGen: 176484K->1128K(173504K)] 329009K->153725K(860480K), 0.0025910 secs] [Times: user=0.01 sys=0.00, real=0.00 secs] 
2014-07-08T04:25:24.407+0000: 682.623: [GC [PSYoungGen: 173449K->794K(169792K)] 326046K->153447K(856768K), 0.0048100 secs] [Times: user=0.03 sys=0.00, real=0.00 secs] 
2014-07-08T04:25:24.982+0000: 683.197: [GC [PSYoungGen: 169754K->754K(166400K)] 322407K->153471K(853376K), 0.0049930 secs] [Times: user=0.04 sys=0.00, real=0.00 secs] 
2014-07-08T04:25:25.685+0000: 683.900: [GC [PSYoungGen: 166374K->1004K(163456K)] 319091K->153761K(850432K), 0.0101330 secs] [Times: user=0.06 sys=0.00, real=0.01 secs] 
2014-07-08T04:25:26.141+0000: 684.357: [GC [PSYoungGen: 163436K->680K(185600K)] 316193K->153691K(872576K), 0.0072160 secs] [Times: user=0.05 sys=0.00, real=0.01 secs] 
2014-07-08T04:25:26.795+0000: 685.011: [GC [PSYoungGen: 185576K->612K(181696K)] 338587K->153711K(868672K), 0.0040150 secs] [Times: user=0.03 sys=0.00, real=0.01 secs] 
2014-07-08T04:25:27.417+0000: 685.632: [GC [PSYoungGen: 181668K->686K(178048K)] 334767K->153833K(865024K), 0.0060350 secs] [Times: user=0.04 sys=0.00, real=0.01 secs] 
2014-07-08T04:25:28.036+0000: 686.251: [GC [PSYoungGen: 178030K->644K(174464K)] 331177K->153839K(861440K), 0.0039540 secs] [Times: user=0.01 sys=0.00, real=0.01 secs] 
2014-07-08T04:25:28.685+0000: 686.901: [GC [PSYoungGen: 174404K->864K(171200K)] 327599K->154099K(858176K), 0.0079010 secs] [Times: user=0.05 sys=0.00, real=0.01 secs] 
2014-07-08T04:25:29.233+0000: 687.449: [GC [PSYoungGen: 171168K->680K(167680K)] 324403K->153995K(854656K), 0.0055340 secs] [Times: user=0.04 sys=0.00, real=0.01 secs] 
2014-07-08T04:25:29.859+0000: 688.075: [GC [PSYoungGen: 167656K->872K(164608K)] 320971K->154391K(851584K), 0.0036650 secs] [Times: user=0.02 sys=0.01, real=0.00 secs] 
2014-07-08T04:25:30.468+0000: 688.684: [GC [PSYoungGen: 164584K->818K(161408K)] 318103K->154385K(848384K), 0.0036860 secs] [Times: user=0.01 sys=0.00, real=0.01 secs] 
2014-07-08T04:25:30.944+0000: 689.160: [GC [PSYoungGen: 161350K->680K(158208K)] 314918K->154287K(845184K), 0.0039820 secs] [Times: user=0.01 sys=0.00, real=0.01 secs] 
2014-07-08T04:25:31.517+0000: 689.733: [GC [PSYoungGen: 158184K->872K(155456K)] 311791K->154519K(842432K), 0.0030850 secs] [Times: user=0.01 sys=0.00, real=0.01 secs] 
2014-07-08T04:25:32.028+0000: 690.244: [GC [PSYoungGen: 155422K->712K(152448K)] 309069K->154415K(839424K), 0.0060720 secs] [Times: user=0.03 sys=0.00, real=0.00 secs] 
2014-07-08T04:25:32.562+0000: 690.778: [GC [PSYoungGen: 152392K->744K(149696K)] 306095K->154527K(836672K), 0.0051090 secs] [Times: user=0.03 sys=0.00, real=0.00 secs] 
2014-07-08T04:25:33.077+0000: 691.293: [GC [PSYoungGen: 149638K->819K(147072K)] 303422K->154666K(834048K), 0.0043400 secs] [Times: user=0.03 sys=0.00, real=0.01 secs] 
2014-07-08T04:25:33.591+0000: 691.807: [GC [PSYoungGen: 147059K->964K(144640K)] 300906K->154875K(831616K), 0.0036990 secs] [Times: user=0.02 sys=0.00, real=0.00 secs] 
2014-07-08T04:25:34.087+0000: 692.302: [GC [PSYoungGen: 144580K->484K(141568K)] 298491K->154673K(828544K), 0.0046040 secs] [Times: user=0.02 sys=0.01, real=0.01 secs] 
2014-07-08T04:25:34.592+0000: 692.807: [GC [PSYoungGen: 141540K->1149K(139776K)] 295729K->155543K(826752K), 0.0048490 secs] [Times: user=0.02 sys=0.00, real=0.00 secs] 
2014-07-08T04:25:35.058+0000: 693.274: [GC [PSYoungGen: 139733K->701K(136960K)] 294126K->155282K(823936K), 0.0044520 secs] [Times: user=0.03 sys=0.00, real=0.01 secs] 
2014-07-08T04:25:35.632+0000: 693.847: [GC [PSYoungGen: 136957K->836K(134848K)] 291538K->155481K(821824K), 0.0040550 secs] [Times: user=0.02 sys=0.00, real=0.00 secs] 
2014-07-08T04:25:36.021+0000: 694.237: [GC [PSYoungGen: 134784K->1014K(132736K)] 289430K->155789K(819712K), 0.0047740 secs] [Times: user=0.02 sys=0.00, real=0.00 secs] 
2014-07-08T04:25:36.470+0000: 694.686: [GC [PSYoungGen: 132679K->1167K(130752K)] 287455K->156007K(817728K), 0.0032440 secs] [Times: user=0.01 sys=0.00, real=0.00 secs] 
2014-07-08T04:25:36.970+0000: 695.186: [GC [PSYoungGen: 130703K->502K(127936K)] 285543K->155583K(814912K), 0.0053300 secs] [Times: user=0.03 sys=0.00, real=0.00 secs] 
2014-07-08T04:25:37.342+0000: 695.558: [GC [PSYoungGen: 127926K->794K(126208K)] 283007K->155955K(813184K), 0.0026640 secs] [Times: user=0.01 sys=0.00, real=0.00 secs] 
2014-07-08T04:25:37.811+0000: 696.027: [GC [PSYoungGen: 126170K->562K(123904K)] 281331K->155779K(810880K), 0.0043840 secs] [Times: user=0.02 sys=0.00, real=0.00 secs] 
2014-07-08T04:25:38.218+0000: 696.433: [GC [PSYoungGen: 123890K->762K(148800K)] 279107K->156051K(835776K), 0.0063040 secs] [Times: user=0.02 sys=0.00, real=0.01 secs] 
2014-07-08T04:25:38.769+0000: 696.984: [GC [PSYoungGen: 148794K->864K(146240K)] 304083K->156250K(833216K), 0.0050910 secs] [Times: user=0.02 sys=0.01, real=0.01 secs] 
2014-07-08T04:25:39.246+0000: 697.462: [GC [PSYoungGen: 146208K->722K(143552K)] 301594K->156187K(830528K), 0.0031200 secs] [Times: user=0.01 sys=0.00, real=0.01 secs] 
2014-07-08T04:25:39.785+0000: 698.001: [GC [PSYoungGen: 143506K->726K(141056K)] 298971K->156247K(828032K), 0.0056410 secs] [Times: user=0.03 sys=0.00, real=0.01 secs] 
2014-07-08T04:25:40.239+0000: 698.455: [GC [PSYoungGen: 141014K->808K(138688K)] 296535K->156393K(825664K), 0.0045030 secs] [Times: user=0.03 sys=0.01, real=0.00 secs] 
2014-07-08T04:25:40.824+0000: 699.039: [GC [PSYoungGen: 138664K->996K(136512K)] 294249K->156661K(823488K), 0.0043180 secs] [Times: user=0.02 sys=0.00, real=0.00 secs] 
2014-07-08T04:25:41.191+0000: 699.406: [GC [PSYoungGen: 136484K->698K(133888K)] 292149K->156419K(820864K), 0.0046420 secs] [Times: user=0.02 sys=0.00, real=0.00 secs] 
2014-07-08T04:25:41.719+0000: 699.935: [GC [PSYoungGen: 133875K->868K(131840K)] 289596K->156757K(818816K), 0.0043490 secs] [Times: user=0.02 sys=0.00, real=0.00 secs] 
2014-07-08T04:25:42.120+0000: 700.336: [GC [PSYoungGen: 131786K->762K(157952K)] 287676K->156715K(844928K), 0.0094550 secs] [Times: user=0.06 sys=0.01, real=0.01 secs] 
2014-07-08T04:25:42.721+0000: 700.936: [GC [PSYoungGen: 157944K->943K(172224K)] 313898K->157042K(859200K), 0.0031280 secs] [Times: user=0.01 sys=0.00, real=0.00 secs] 
2014-07-08T04:25:43.274+0000: 701.490: [GC [PSYoungGen: 172207K->690K(168576K)] 328306K->156869K(855552K), 0.0024840 secs] [Times: user=0.01 sys=0.00, real=0.00 secs] 
2014-07-08T04:25:43.853+0000: 702.069: [GC [PSYoungGen: 168562K->662K(165312K)] 324741K->156921K(852288K), 0.0052670 secs] [Times: user=0.03 sys=0.01, real=0.00 secs] 
2014-07-08T04:25:44.418+0000: 702.633: [GC [PSYoungGen: 165270K->836K(162304K)] 321529K->157135K(849280K), 0.0031750 secs] [Times: user=0.01 sys=0.00, real=0.01 secs] 
2014-07-08T04:25:44.978+0000: 703.194: [GC [PSYoungGen: 162244K->594K(158976K)] 318543K->156973K(845952K), 0.0026670 secs] [Times: user=0.02 sys=0.01, real=0.01 secs] 
2014-07-08T04:25:45.534+0000: 703.750: [GC [PSYoungGen: 158925K->982K(156352K)] 315305K->157418K(843328K), 0.0041990 secs] [Times: user=0.02 sys=0.00, real=0.00 secs] 
2014-07-08T04:25:46.060+0000: 704.276: [GC [PSYoungGen: 156310K->762K(153216K)] 312746K->157285K(840192K), 0.0042390 secs] [Times: user=0.02 sys=0.00, real=0.00 secs] 
2014-07-08T04:25:46.612+0000: 704.828: [GC [PSYoungGen: 153210K->758K(150400K)] 309733K->157313K(837376K), 0.0040240 secs] [Times: user=0.01 sys=0.00, real=0.00 secs] 
2014-07-08T04:25:47.118+0000: 705.333: [GC [PSYoungGen: 150390K->914K(147904K)] 306945K->157565K(834880K), 0.0035190 secs] [Times: user=0.02 sys=0.00, real=0.01 secs] 
2014-07-08T04:25:47.667+0000: 705.883: [GC [PSYoungGen: 147808K->1199K(145536K)] 304459K->157995K(832512K), 0.0044250 secs] [Times: user=0.02 sys=0.00, real=0.01 secs] 
2014-07-08T04:25:48.140+0000: 706.355: [GC [PSYoungGen: 145518K->306K(142080K)] 302314K->157419K(829056K), 0.0041110 secs] [Times: user=0.03 sys=0.00, real=0.01 secs] 
2014-07-08T04:25:48.639+0000: 706.855: [GC [PSYoungGen: 142066K->662K(139968K)] 299179K->157831K(826944K), 0.0058440 secs] [Times: user=0.03 sys=0.00, real=0.01 secs] 
2014-07-08T04:25:49.168+0000: 707.383: [GC [PSYoungGen: 139926K->804K(137664K)] 297095K->158061K(824640K), 0.0056650 secs] [Times: user=0.03 sys=0.00, real=0.01 secs] 
2014-07-08T04:25:49.681+0000: 707.897: [GC [PSYoungGen: 137611K->978K(135488K)] 294869K->158276K(822464K), 0.0035850 secs] [Times: user=0.01 sys=0.00, real=0.01 secs] 
2014-07-08T04:25:50.075+0000: 708.291: [GC [PSYoungGen: 135442K->648K(132864K)] 292740K->157993K(819840K), 0.0054550 secs] [Times: user=0.03 sys=0.00, real=0.00 secs] 
2014-07-08T04:25:50.548+0000: 708.764: [GC [PSYoungGen: 132808K->1255K(131264K)] 290153K->158673K(818240K), 0.0054810 secs] [Times: user=0.03 sys=0.00, real=0.01 secs] 
2014-07-08T04:25:51.020+0000: 709.236: [GC [PSYoungGen: 131239K->608K(156672K)] 288657K->158325K(843648K), 0.0049470 secs] [Times: user=0.03 sys=0.00, real=0.01 secs] 
2014-07-08T04:25:51.555+0000: 709.771: [GC [PSYoungGen: 156640K->904K(165504K)] 314357K->158669K(852480K), 0.0100040 secs] [Times: user=0.07 sys=0.00, real=0.01 secs] 
2014-07-08T04:25:52.112+0000: 710.327: [GC [PSYoungGen: 165000K->698K(188608K)] 322765K->158543K(875584K), 0.0046830 secs] [Times: user=0.02 sys=0.00, real=0.00 secs] 
2014-07-08T04:25:52.810+0000: 711.025: [GC [PSYoungGen: 187962K->744K(184128K)] 345807K->158637K(871104K), 0.0033920 secs] [Times: user=0.02 sys=0.00, real=0.01 secs] 
2014-07-08T04:25:53.415+0000: 711.631: [GC [PSYoungGen: 184096K->634K(180224K)] 341989K->158607K(867200K), 0.0049510 secs] [Times: user=0.02 sys=0.00, real=0.00 secs] 
2014-07-08T04:25:54.055+0000: 712.270: [GC [PSYoungGen: 180195K->726K(176704K)] 338169K->158787K(863680K), 0.0029310 secs] [Times: user=0.01 sys=0.00, real=0.00 secs] 
2014-07-08T04:25:54.722+0000: 712.937: [GC [PSYoungGen: 176662K->972K(173440K)] 334723K->159073K(860416K), 0.0070550 secs] [Times: user=0.05 sys=0.00, real=0.00 secs] 
2014-07-08T04:25:55.270+0000: 713.485: [GC [PSYoungGen: 173388K->712K(169792K)] 331489K->158917K(856768K), 0.0045970 secs] [Times: user=0.02 sys=0.00, real=0.01 secs] 
2014-07-08T04:25:56.031+0000: 714.247: [GC [PSYoungGen: 169736K->818K(166528K)] 327941K->159424K(853504K), 0.0062700 secs] [Times: user=0.04 sys=0.00, real=0.01 secs] 
2014-07-08T04:25:56.453+0000: 714.668: [GC [PSYoungGen: 166514K->1040K(163584K)] 325120K->159725K(850560K), 0.0061580 secs] [Times: user=0.04 sys=0.00, real=0.00 secs] 
2014-07-08T04:25:56.999+0000: 715.215: [GC [PSYoungGen: 163519K->690K(184768K)] 322205K->159566K(871744K), 0.0070150 secs] [Times: user=0.04 sys=0.00, real=0.01 secs] 
2014-07-08T04:25:57.710+0000: 715.925: [GC [PSYoungGen: 184498K->1092K(181184K)] 343374K->160008K(868160K), 0.0060910 secs] [Times: user=0.04 sys=0.00, real=0.01 secs] 
2014-07-08T04:25:58.278+0000: 716.494: [GC [PSYoungGen: 181124K->320K(176704K)] 340040K->159495K(863680K), 0.0054530 secs] [Times: user=0.03 sys=0.01, real=0.01 secs] 
2014-07-08T04:25:58.903+0000: 717.119: [GC [PSYoungGen: 176704K->876K(173760K)] 335879K->160116K(860736K), 0.0053240 secs] [Times: user=0.03 sys=0.01, real=0.00 secs] 
2014-07-08T04:25:59.531+0000: 717.747: [GC [PSYoungGen: 173740K->1104K(170560K)] 332980K->160616K(857536K), 0.0048740 secs] [Times: user=0.03 sys=0.00, real=0.01 secs] 
2014-07-08T04:26:00.108+0000: 718.324: [GC [PSYoungGen: 170512K->498K(166592K)] 330024K->160074K(853568K), 0.0041810 secs] [Times: user=0.02 sys=0.00, real=0.01 secs] 
2014-07-08T04:26:00.721+0000: 718.937: [GC [PSYoungGen: 166539K->932K(163840K)] 326115K->160556K(850816K), 0.0050930 secs] [Times: user=0.02 sys=0.00, real=0.01 secs] 
2014-07-08T04:26:01.254+0000: 719.469: [GC [PSYoungGen: 163812K->712K(182080K)] 323436K->160424K(869056K), 0.0107040 secs] [Times: user=0.07 sys=0.00, real=0.01 secs] 
2014-07-08T04:26:02.020+0000: 720.236: [GC [PSYoungGen: 181377K->950K(177920K)] 341089K->160750K(864896K), 0.0042590 secs] [Times: user=0.02 sys=0.00, real=0.01 secs] 
2014-07-08T04:26:02.517+0000: 720.733: [GC [PSYoungGen: 177901K->776K(174208K)] 337701K->160600K(861184K), 0.0042530 secs] [Times: user=0.01 sys=0.00, real=0.00 secs] 
2014-07-08T04:26:03.113+0000: 721.329: [GC [PSYoungGen: 174152K->694K(170624K)] 333976K->160606K(857600K), 0.0050510 secs] [Times: user=0.03 sys=0.00, real=0.00 secs] 
2014-07-08T04:26:03.758+0000: 721.974: [GC [PSYoungGen: 170614K->904K(167552K)] 330526K->160848K(854528K), 0.0051890 secs] [Times: user=0.02 sys=0.00, real=0.01 secs] 
2014-07-08T04:26:04.286+0000: 722.501: [GC [PSYoungGen: 167472K->680K(164032K)] 327416K->160712K(851008K), 0.0035490 secs] [Times: user=0.02 sys=0.00, real=0.00 secs] 
2014-07-08T04:26:04.861+0000: 723.076: [GC [PSYoungGen: 164007K->822K(161024K)] 324039K->160918K(848000K), 0.0050560 secs] [Times: user=0.03 sys=0.00, real=0.01 secs] 
2014-07-08T04:26:05.423+0000: 723.638: [GC [PSYoungGen: 161014K->580K(157824K)] 321110K->160740K(844800K), 0.0061790 secs] [Times: user=0.04 sys=0.00, real=0.01 secs] 
2014-07-08T04:26:06.036+0000: 724.252: [GC [PSYoungGen: 157764K->1214K(155456K)] 317924K->161470K(842432K), 0.0031100 secs] [Times: user=0.02 sys=0.00, real=0.00 secs] 
2014-07-08T04:26:06.551+0000: 724.766: [GC [PSYoungGen: 155454K->616K(152000K)] 315710K->161050K(838976K), 0.0073450 secs] [Times: user=0.05 sys=0.00, real=0.01 secs] 
2014-07-08T04:26:07.066+0000: 725.281: [GC [PSYoungGen: 151927K->784K(182464K)] 312361K->161234K(869440K), 0.0064600 secs] [Times: user=0.01 sys=0.01, real=0.00 secs] 
2014-07-08T04:26:07.817+0000: 726.033: [GC [PSYoungGen: 182416K->1050K(179008K)] 342866K->161680K(865984K), 0.0048920 secs] [Times: user=0.03 sys=0.00, real=0.00 secs] 
2014-07-08T04:26:08.355+0000: 726.570: [GC [PSYoungGen: 178970K->712K(175104K)] 339600K->161390K(862080K), 0.0029510 secs] [Times: user=0.02 sys=0.00, real=0.00 secs] 
2014-07-08T04:26:08.956+0000: 727.172: [GC [PSYoungGen: 175048K->872K(171776K)] 335726K->161614K(858752K), 0.0094160 secs] [Times: user=0.07 sys=0.00, real=0.01 secs] 
2014-07-08T04:26:09.569+0000: 727.785: [GC [PSYoungGen: 171752K->1054K(168576K)] 332494K->161868K(855552K), 0.0030690 secs] [Times: user=0.02 sys=0.00, real=0.00 secs] 
2014-07-08T04:26:10.140+0000: 728.356: [GC [PSYoungGen: 168514K->616K(164864K)] 329328K->161774K(851840K), 0.0040040 secs] [Times: user=0.02 sys=0.00, real=0.01 secs] 
2014-07-08T04:26:10.771+0000: 728.986: [GC [PSYoungGen: 164840K->1122K(162240K)] 325998K->162336K(849216K), 0.0034010 secs] [Times: user=0.01 sys=0.00, real=0.01 secs] 
2014-07-08T04:26:11.269+0000: 729.484: [GC [PSYoungGen: 162178K->730K(158784K)] 323392K->162040K(845760K), 0.0060700 secs] [Times: user=0.03 sys=0.00, real=0.01 secs] 
2014-07-08T04:26:11.829+0000: 730.044: [GC [PSYoungGen: 158746K->658K(155776K)] 320056K->162056K(842752K), 0.0033090 secs] [Times: user=0.02 sys=0.00, real=0.00 secs] 
2014-07-08T04:26:12.347+0000: 730.563: [GC [PSYoungGen: 155730K->940K(153152K)] 317128K->162426K(840128K), 0.0031760 secs] [Times: user=0.02 sys=0.00, real=0.00 secs] 
2014-07-08T04:26:12.888+0000: 731.103: [GC [PSYoungGen: 153083K->758K(150144K)] 314569K->162340K(837120K), 0.0044690 secs] [Times: user=0.03 sys=0.00, real=0.00 secs] 
2014-07-08T04:26:13.410+0000: 731.626: [GC [PSYoungGen: 150109K->698K(147392K)] 311691K->162336K(834368K), 0.0040490 secs] [Times: user=0.02 sys=0.00, real=0.01 secs] 
2014-07-08T04:26:13.971+0000: 732.187: [GC [PSYoungGen: 147386K->940K(145024K)] 309024K->162650K(832000K), 0.0067540 secs] [Times: user=0.04 sys=0.00, real=0.01 secs] 
2014-07-08T04:26:14.432+0000: 732.648: [GC [PSYoungGen: 145004K->648K(142208K)] 306714K->162390K(829184K), 0.0034540 secs] [Times: user=0.01 sys=0.00, real=0.01 secs] 
2014-07-08T04:26:14.926+0000: 733.142: [GC [PSYoungGen: 142126K->832K(139904K)] 303868K->162678K(826880K), 0.0059320 secs] [Times: user=0.04 sys=0.00, real=0.00 secs] 
2014-07-08T04:26:15.410+0000: 733.625: [GC [PSYoungGen: 139840K->762K(137344K)] 301686K->162672K(824320K), 0.0046180 secs] [Times: user=0.02 sys=0.00, real=0.00 secs] 
2014-07-08T04:26:15.898+0000: 734.114: [GC [PSYoungGen: 137338K->676K(134976K)] 299248K->162658K(821952K), 0.0045770 secs] [Times: user=0.02 sys=0.00, real=0.00 secs] 
2014-07-08T04:26:16.364+0000: 734.579: [GC [PSYoungGen: 134948K->840K(132928K)] 296930K->162910K(819904K), 0.0045330 secs] [Times: user=0.03 sys=0.01, real=0.01 secs] 
2014-07-08T04:26:16.838+0000: 735.054: [GC [PSYoungGen: 132872K->548K(130432K)] 294942K->162674K(817408K), 0.0047950 secs] [Times: user=0.03 sys=0.00, real=0.00 secs] 
2014-07-08T04:26:17.276+0000: 735.492: [GC [PSYoungGen: 130404K->658K(128448K)] 292530K->162872K(815424K), 0.0046250 secs] [Times: user=0.03 sys=0.01, real=0.00 secs] 
2014-07-08T04:26:17.790+0000: 736.005: [GC [PSYoungGen: 128402K->1128K(126784K)] 290616K->163446K(813760K), 0.0042630 secs] [Times: user=0.03 sys=0.00, real=0.00 secs] 
2014-07-08T04:26:18.154+0000: 736.370: [GC [PSYoungGen: 126760K->484K(124096K)] 289078K->162890K(811072K), 0.0034290 secs] [Times: user=0.02 sys=0.00, real=0.01 secs] 
2014-07-08T04:26:18.604+0000: 736.820: [GC [PSYoungGen: 124028K->1017K(149376K)] 286434K->163463K(836352K), 0.0151490 secs] [Times: user=0.10 sys=0.00, real=0.02 secs] 
2014-07-08T04:26:19.119+0000: 737.335: [GC [PSYoungGen: 149369K->598K(178688K)] 311815K->163100K(865664K), 0.0060880 secs] [Times: user=0.04 sys=0.00, real=0.01 secs] 
2014-07-08T04:26:19.800+0000: 738.015: [GC [PSYoungGen: 178646K->904K(181888K)] 341148K->163486K(868864K), 0.0037570 secs] [Times: user=0.02 sys=0.01, real=0.00 secs] 
2014-07-08T04:26:20.372+0000: 738.588: [GC [PSYoungGen: 181472K->836K(214976K)] 344055K->163506K(901952K), 0.0060420 secs] [Times: user=0.05 sys=0.00, real=0.01 secs] 
2014-07-08T04:26:21.183+0000: 739.399: [GC [PSYoungGen: 214532K->704K(209600K)] 377202K->163470K(896576K), 0.0039430 secs] [Times: user=0.02 sys=0.00, real=0.01 secs] 
2014-07-08T04:26:21.869+0000: 740.085: [GC [PSYoungGen: 209569K->634K(204864K)] 372335K->163631K(891840K), 0.0029870 secs] [Times: user=0.01 sys=0.00, real=0.00 secs] 
2014-07-08T04:26:22.555+0000: 740.771: [GC [PSYoungGen: 204858K->968K(200768K)] 367855K->164021K(887744K), 0.0071670 secs] [Times: user=0.04 sys=0.01, real=0.01 secs] 
2014-07-08T04:26:23.242+0000: 741.458: [GC [PSYoungGen: 200707K->666K(196096K)] 363760K->163791K(883072K), 0.0026780 secs] [Times: user=0.01 sys=0.00, real=0.00 secs] 
2014-07-08T04:26:23.912+0000: 742.128: [GC [PSYoungGen: 196058K->698K(191936K)] 359183K->163879K(878912K), 0.0041510 secs] [Times: user=0.02 sys=0.00, real=0.01 secs] 
2014-07-08T04:26:24.568+0000: 742.784: [GC [PSYoungGen: 191889K->1064K(188288K)] 355071K->164277K(875264K), 0.0096860 secs] [Times: user=0.05 sys=0.00, real=0.01 secs] 
2014-07-08T04:26:25.217+0000: 743.433: [GC [PSYoungGen: 188264K->840K(184192K)] 351477K->164117K(871168K), 0.0057440 secs] [Times: user=0.03 sys=0.00, real=0.00 secs] 
2014-07-08T04:26:25.864+0000: 744.080: [GC [PSYoungGen: 184136K->612K(180160K)] 347413K->163993K(867136K), 0.0055760 secs] [Times: user=0.03 sys=0.00, real=0.01 secs] 
2014-07-08T04:26:26.685+0000: 744.901: [GC [PSYoungGen: 180132K->1074K(176960K)] 343513K->164519K(863936K), 0.0048500 secs] [Times: user=0.02 sys=0.00, real=0.01 secs] 
2014-07-08T04:26:27.151+0000: 745.366: [GC [PSYoungGen: 176924K->644K(173056K)] 340369K->164137K(860032K), 0.0061600 secs] [Times: user=0.04 sys=0.00, real=0.01 secs] 
2014-07-08T04:26:27.746+0000: 745.962: [GC [PSYoungGen: 172996K->1134K(170112K)] 336489K->164675K(857088K), 0.0041940 secs] [Times: user=0.02 sys=0.01, real=0.00 secs] 
2014-07-08T04:26:28.288+0000: 746.504: [GC [PSYoungGen: 170094K->748K(166400K)] 333635K->164435K(853376K), 0.0050980 secs] [Times: user=0.03 sys=0.00, real=0.00 secs] 
2014-07-08T04:26:28.879+0000: 747.095: [GC [PSYoungGen: 166346K->644K(163136K)] 330033K->164411K(850112K), 0.0027580 secs] [Times: user=0.01 sys=0.00, real=0.00 secs] 
2014-07-08T04:26:29.442+0000: 747.658: [GC [PSYoungGen: 163076K->612K(159936K)] 326843K->164443K(846912K), 0.0091440 secs] [Times: user=0.06 sys=0.00, real=0.01 secs] 
2014-07-08T04:26:29.992+0000: 748.208: [GC [PSYoungGen: 159908K->730K(157056K)] 323739K->164673K(844032K), 0.0039350 secs] [Times: user=0.03 sys=0.00, real=0.00 secs] 
2014-07-08T04:26:30.554+0000: 748.770: [GC [PSYoungGen: 157004K->957K(154304K)] 320947K->164980K(841280K), 0.0045090 secs] [Times: user=0.02 sys=0.00, real=0.01 secs] 
2014-07-08T04:26:31.074+0000: 749.289: [GC [PSYoungGen: 154301K->726K(151296K)] 318324K->164829K(838272K), 0.0049090 secs] [Times: user=0.03 sys=0.00, real=0.01 secs] 
2014-07-08T04:26:31.633+0000: 749.849: [GC [PSYoungGen: 151254K->877K(148672K)] 315357K->165037K(835648K), 0.0032940 secs] [Times: user=0.02 sys=0.01, real=0.00 secs] 
2014-07-08T04:26:32.171+0000: 750.387: [GC [PSYoungGen: 148653K->794K(145920K)] 312813K->165001K(832896K), 0.0031360 secs] [Times: user=0.01 sys=0.00, real=0.00 secs] 
2014-07-08T04:26:32.646+0000: 750.862: [GC [PSYoungGen: 145881K->754K(143296K)] 310089K->165327K(830272K), 0.0029150 secs] [Times: user=0.02 sys=0.00, real=0.01 secs] 
2014-07-08T04:26:33.147+0000: 751.363: [GC [PSYoungGen: 143271K->776K(140864K)] 307844K->165445K(827840K), 0.0035070 secs] [Times: user=0.02 sys=0.00, real=0.00 secs] 
2014-07-08T04:26:33.648+0000: 751.864: [GC [PSYoungGen: 140808K->1004K(138624K)] 305477K->165835K(825600K), 0.0033930 secs] [Times: user=0.01 sys=0.00, real=0.00 secs] 
2014-07-08T04:26:34.121+0000: 752.336: [GC [PSYoungGen: 138604K->798K(136064K)] 303435K->165701K(823040K), 0.0039230 secs] [Times: user=0.02 sys=0.00, real=0.00 secs] 
2014-07-08T04:26:34.615+0000: 752.831: [GC [PSYoungGen: 136030K->744K(133696K)] 300933K->165833K(820672K), 0.0029050 secs] [Times: user=0.01 sys=0.00, real=0.01 secs] 
2014-07-08T04:26:35.060+0000: 753.276: [GC [PSYoungGen: 133672K->926K(131648K)] 298761K->166103K(818624K), 0.0067820 secs] [Times: user=0.04 sys=0.00, real=0.00 secs] 
2014-07-08T04:26:35.528+0000: 753.743: [GC [PSYoungGen: 131614K->748K(129280K)] 296791K->165973K(816256K), 0.0055390 secs] [Times: user=0.03 sys=0.00, real=0.01 secs] 
2014-07-08T04:26:35.972+0000: 754.187: [GC [PSYoungGen: 129251K->862K(127296K)] 294477K->166183K(814272K), 0.0036140 secs] [Times: user=0.02 sys=0.00, real=0.00 secs] 
2014-07-08T04:26:36.426+0000: 754.641: [GC [PSYoungGen: 127237K->740K(125120K)] 292558K->166117K(812096K), 0.0042390 secs] [Times: user=0.03 sys=0.00, real=0.01 secs] 
2014-07-08T04:26:36.853+0000: 755.069: [GC [PSYoungGen: 125092K->850K(123264K)] 290469K->166315K(810240K), 0.0043730 secs] [Times: user=0.03 sys=0.00, real=0.00 secs] 
2014-07-08T04:26:37.271+0000: 755.486: [GC [PSYoungGen: 123218K->698K(121152K)] 288683K->166219K(808128K), 0.0050250 secs] [Times: user=0.03 sys=0.00, real=0.00 secs] 
2014-07-08T04:26:37.724+0000: 755.939: [GC [PSYoungGen: 121127K->908K(145536K)] 286649K->166477K(832512K), 0.0058110 secs] [Times: user=0.04 sys=0.00, real=0.01 secs] 
2014-07-08T04:26:38.183+0000: 756.398: [GC [PSYoungGen: 145484K->658K(174208K)] 311053K->166291K(861184K), 0.0075670 secs] [Times: user=0.05 sys=0.00, real=0.01 secs] 
2014-07-08T04:26:38.856+0000: 757.072: [GC [PSYoungGen: 174158K->1122K(201856K)] 339792K->166811K(888832K), 0.0077790 secs] [Times: user=0.04 sys=0.00, real=0.01 secs] 
2014-07-08T04:26:39.495+0000: 757.711: [GC [PSYoungGen: 201826K->850K(209472K)] 367515K->166587K(896448K), 0.0037700 secs] [Times: user=0.02 sys=0.00, real=0.01 secs] 
2014-07-08T04:26:40.213+0000: 758.428: [GC [PSYoungGen: 209106K->762K(204416K)] 374843K->166579K(891392K), 0.0038480 secs] [Times: user=0.02 sys=0.00, real=0.00 secs] 
2014-07-08T04:26:40.931+0000: 759.146: [GC [PSYoungGen: 204410K->484K(199680K)] 370227K->166457K(886656K), 0.0036260 secs] [Times: user=0.02 sys=0.00, real=0.00 secs] 
2014-07-08T04:26:41.727+0000: 759.943: [GC [PSYoungGen: 199652K->960K(195904K)] 365625K->166981K(882880K), 0.0037050 secs] [Times: user=0.02 sys=0.00, real=0.01 secs] 
2014-07-08T04:26:42.316+0000: 760.532: [GC [PSYoungGen: 195838K->790K(191552K)] 361860K->166941K(878528K), 0.0039730 secs] [Times: user=0.02 sys=0.01, real=0.01 secs] 
2014-07-08T04:26:42.976+0000: 761.191: [GC [PSYoungGen: 191510K->634K(187328K)] 357661K->166841K(874304K), 0.0064880 secs] [Times: user=0.04 sys=0.00, real=0.01 secs] 
2014-07-08T04:26:43.653+0000: 761.869: [GC [PSYoungGen: 187322K->886K(183680K)] 353529K->167141K(870656K), 0.0095320 secs] [Times: user=0.04 sys=0.00, real=0.01 secs] 
2014-07-08T04:26:44.271+0000: 762.487: [GC [PSYoungGen: 183670K->680K(179712K)] 349925K->166975K(866688K), 0.0052590 secs] [Times: user=0.03 sys=0.00, real=0.00 secs] 
2014-07-08T04:26:44.898+0000: 763.113: [GC [PSYoungGen: 179679K->766K(176128K)] 345974K->167205K(863104K), 0.0049550 secs] [Times: user=0.03 sys=0.00, real=0.01 secs] 
2014-07-08T04:26:45.510+0000: 763.726: [GC [PSYoungGen: 176111K->1096K(172992K)] 342551K->167607K(859968K), 0.0063430 secs] [Times: user=0.04 sys=0.00, real=0.00 secs] 
2014-07-08T04:26:46.143+0000: 764.359: [GC [PSYoungGen: 172936K->448K(168896K)] 339447K->167119K(855872K), 0.0040250 secs] [Times: user=0.02 sys=0.00, real=0.00 secs] 
2014-07-08T04:26:46.784+0000: 765.000: [GC [PSYoungGen: 168896K->1004K(166144K)] 335567K->167771K(853120K), 0.0037790 secs] [Times: user=0.02 sys=0.01, real=0.00 secs] 
2014-07-08T04:26:47.266+0000: 765.482: [GC [PSYoungGen: 166124K->648K(162624K)] 332891K->167513K(849600K), 0.0048410 secs] [Times: user=0.02 sys=0.00, real=0.01 secs] 
2014-07-08T04:26:47.883+0000: 766.099: [GC [PSYoungGen: 162568K->1277K(160128K)] 329433K->168239K(847104K), 0.0048810 secs] [Times: user=0.03 sys=0.00, real=0.00 secs] 
2014-07-08T04:26:48.400+0000: 766.616: [GC [PSYoungGen: 160125K->630K(156480K)] 327087K->167747K(843456K), 0.0057940 secs] [Times: user=0.04 sys=0.00, real=0.00 secs] 
2014-07-08T04:26:48.943+0000: 767.158: [GC [PSYoungGen: 156417K->708K(153728K)] 323534K->167905K(840704K), 0.0056740 secs] [Times: user=0.04 sys=0.00, real=0.00 secs] 
2014-07-08T04:26:49.489+0000: 767.705: [GC [PSYoungGen: 153668K->946K(151104K)] 320865K->168223K(838080K), 0.0046880 secs] [Times: user=0.03 sys=0.00, real=0.01 secs] 
2014-07-08T04:26:49.994+0000: 768.210: [GC [PSYoungGen: 151090K->680K(148096K)] 318367K->168029K(835072K), 0.0071780 secs] [Times: user=0.03 sys=0.00, real=0.01 secs] 
2014-07-08T04:26:50.520+0000: 768.736: [GC [PSYoungGen: 148038K->940K(177856K)] 315388K->168345K(864832K), 0.0061530 secs] [Times: user=0.04 sys=0.00, real=0.00 secs] 
2014-07-08T04:26:51.125+0000: 769.340: [GC [PSYoungGen: 177836K->580K(173952K)] 345241K->168041K(860928K), 0.0049540 secs] [Times: user=0.03 sys=0.00, real=0.00 secs] 
2014-07-08T04:26:51.894+0000: 770.110: [GC [PSYoungGen: 173892K->836K(170752K)] 341353K->168401K(857728K), 0.0041170 secs] [Times: user=0.02 sys=0.00, real=0.00 secs] 
2014-07-08T04:26:52.323+0000: 770.538: [GC [PSYoungGen: 170652K->730K(167296K)] 338218K->168359K(854272K), 0.0048900 secs] [Times: user=0.03 sys=0.00, real=0.00 secs] 
2014-07-08T04:26:52.912+0000: 771.127: [GC [PSYoungGen: 167258K->694K(163968K)] 334887K->168395K(850944K), 0.0026910 secs] [Times: user=0.01 sys=0.00, real=0.00 secs] 
2014-07-08T04:26:53.490+0000: 771.706: [GC [PSYoungGen: 163958K->822K(160960K)] 331659K->168619K(847936K), 0.0036650 secs] [Times: user=0.03 sys=0.00, real=0.00 secs] 
2014-07-08T04:26:54.047+0000: 772.263: [GC [PSYoungGen: 160920K->716K(157888K)] 328718K->168569K(844864K), 0.0065050 secs] [Times: user=0.04 sys=0.00, real=0.01 secs] 
2014-07-08T04:26:54.616+0000: 772.832: [GC [PSYoungGen: 157802K->976K(155200K)] 325655K->168877K(842176K), 0.0043440 secs] [Times: user=0.02 sys=0.00, real=0.01 secs] 
2014-07-08T04:26:55.132+0000: 773.348: [GC [PSYoungGen: 155152K->684K(152000K)] 323053K->168633K(838976K), 0.0026360 secs] [Times: user=0.01 sys=0.00, real=0.00 secs] 
2014-07-08T04:26:55.733+0000: 773.949: [GC [PSYoungGen: 151980K->1060K(149632K)] 319929K->169081K(836608K), 0.0028310 secs] [Times: user=0.02 sys=0.00, real=0.00 secs] 
2014-07-08T04:26:56.188+0000: 774.404: [GC [PSYoungGen: 149592K->702K(146560K)] 317613K->168958K(833536K), 0.0038820 secs] [Times: user=0.02 sys=0.00, real=0.01 secs] 
2014-07-08T04:26:56.751+0000: 774.966: [GC [PSYoungGen: 146558K->858K(144128K)] 314814K->169177K(831104K), 0.0027540 secs] [Times: user=0.01 sys=0.00, real=0.01 secs] 
2014-07-08T04:26:57.209+0000: 775.425: [GC [PSYoungGen: 144090K->712K(141504K)] 312409K->169185K(828480K), 0.0034670 secs] [Times: user=0.02 sys=0.00, real=0.01 secs] 
2014-07-08T04:26:57.727+0000: 775.943: [GC [PSYoungGen: 141437K->861K(139200K)] 309911K->169383K(826176K), 0.0057760 secs] [Times: user=0.03 sys=0.00, real=0.01 secs] 
2014-07-08T04:26:58.229+0000: 776.444: [GC [PSYoungGen: 139165K->758K(136704K)] 307687K->169351K(823680K), 0.0057450 secs] [Times: user=0.04 sys=0.00, real=0.01 secs] 
2014-07-08T04:26:58.692+0000: 776.907: [GC [PSYoungGen: 136686K->712K(134400K)] 305280K->169345K(821376K), 0.0064740 secs] [Times: user=0.03 sys=0.00, real=0.00 secs] 
2014-07-08T04:26:59.132+0000: 777.348: [GC [PSYoungGen: 134344K->712K(132160K)] 302977K->169401K(819136K), 0.0040330 secs] [Times: user=0.02 sys=0.00, real=0.00 secs] 
2014-07-08T04:26:59.594+0000: 777.810: [GC [PSYoungGen: 132104K->1032K(158784K)] 300793K->169785K(845760K), 0.0106340 secs] [Times: user=0.05 sys=0.01, real=0.01 secs] 
2014-07-08T04:27:00.144+0000: 778.360: [GC [PSYoungGen: 158728K->509K(189760K)] 327481K->169662K(876736K), 0.0079340 secs] [Times: user=0.05 sys=0.00, real=0.01 secs] 
2014-07-08T04:27:00.825+0000: 779.041: [GC [PSYoungGen: 189757K->1204K(194368K)] 358910K->170513K(881344K), 0.0050020 secs] [Times: user=0.03 sys=0.00, real=0.00 secs] 
2014-07-08T04:27:01.567+0000: 779.782: [GC [PSYoungGen: 194356K->1010K(228480K)] 363665K->170507K(915456K), 0.0064410 secs] [Times: user=0.04 sys=0.00, real=0.01 secs] 
2014-07-08T04:27:02.276+0000: 780.492: [GC [PSYoungGen: 228127K->694K(222528K)] 397625K->170255K(909504K), 0.0044270 secs] [Times: user=0.02 sys=0.00, real=0.00 secs] 
2014-07-08T04:27:03.049+0000: 781.265: [GC [PSYoungGen: 222518K->698K(217408K)] 392079K->170373K(904384K), 0.0069140 secs] [Times: user=0.04 sys=0.00, real=0.01 secs] 
2014-07-08T04:27:03.818+0000: 782.033: [GC [PSYoungGen: 217363K->794K(212608K)] 387038K->170533K(899584K), 0.0041260 secs] [Times: user=0.02 sys=0.00, real=0.00 secs] 
2014-07-08T04:27:04.541+0000: 782.757: [GC [PSYoungGen: 212570K->804K(207872K)] 382309K->170575K(894848K), 0.0100480 secs] [Times: user=0.07 sys=0.00, real=0.01 secs] 
2014-07-08T04:27:05.309+0000: 783.525: [GC [PSYoungGen: 207844K->712K(203200K)] 377615K->170539K(890176K), 0.0063290 secs] [Times: user=0.04 sys=0.00, real=0.01 secs] 
2014-07-08T04:27:05.976+0000: 784.191: [GC [PSYoungGen: 203144K->580K(198656K)] 372971K->170471K(885632K), 0.0026220 secs] [Times: user=0.02 sys=0.00, real=0.00 secs] 
2014-07-08T04:27:06.789+0000: 785.005: [GC [PSYoungGen: 198596K->1042K(194816K)] 368487K->170990K(881792K), 0.0066090 secs] [Times: user=0.04 sys=0.01, real=0.01 secs] 
2014-07-08T04:27:07.340+0000: 785.555: [GC [PSYoungGen: 194770K->662K(190336K)] 364718K->170689K(877312K), 0.0038830 secs] [Times: user=0.02 sys=0.00, real=0.01 secs] 
2014-07-08T04:27:08.007+0000: 786.223: [GC [PSYoungGen: 190294K->790K(224320K)] 360321K->170897K(911296K), 0.0130720 secs] [Times: user=0.09 sys=0.00, real=0.01 secs] 
2014-07-08T04:27:08.844+0000: 787.059: [GC [PSYoungGen: 223815K->808K(218752K)] 393923K->171011K(905728K), 0.0023710 secs] [Times: user=0.01 sys=0.00, real=0.00 secs] 
2014-07-08T04:27:09.583+0000: 787.799: [GC [PSYoungGen: 218728K->822K(213760K)] 388931K->171105K(900736K), 0.0044310 secs] [Times: user=0.02 sys=0.00, real=0.00 secs] 
2014-07-08T04:27:10.295+0000: 788.511: [GC [PSYoungGen: 213750K->658K(208832K)] 384033K->171005K(895808K), 0.0069940 secs] [Times: user=0.05 sys=0.00, real=0.00 secs] 
2014-07-08T04:27:11.076+0000: 789.291: [GC [PSYoungGen: 208776K->1099K(204672K)] 379124K->171519K(891648K), 0.0041300 secs] [Times: user=0.02 sys=0.00, real=0.00 secs] 
2014-07-08T04:27:11.837+0000: 790.052: [GC [PSYoungGen: 204619K->508K(199552K)] 375039K->171314K(886528K), 0.0057240 secs] [Times: user=0.03 sys=0.00, real=0.00 secs] 
2014-07-08T04:27:12.402+0000: 790.618: [GC [PSYoungGen: 199547K->994K(195776K)] 370352K->171871K(882752K), 0.0093200 secs] [Times: user=0.06 sys=0.00, real=0.01 secs] 
2014-07-08T04:27:13.091+0000: 791.306: [GC [PSYoungGen: 195746K->544K(191168K)] 366623K->171857K(878144K), 0.0059110 secs] [Times: user=0.04 sys=0.00, real=0.01 secs] 
2014-07-08T04:27:13.794+0000: 792.009: [GC [PSYoungGen: 191087K->996K(187584K)] 362401K->172382K(874560K), 0.0039740 secs] [Times: user=0.02 sys=0.00, real=0.00 secs] 
2014-07-08T04:27:14.409+0000: 792.625: [GC [PSYoungGen: 187542K->648K(183360K)] 358928K->172089K(870336K), 0.0060710 secs] [Times: user=0.04 sys=0.00, real=0.01 secs] 
2014-07-08T04:27:15.057+0000: 793.273: [GC [PSYoungGen: 183289K->826K(179712K)] 354731K->172371K(866688K), 0.0044530 secs] [Times: user=0.02 sys=0.00, real=0.00 secs] 
2014-07-08T04:27:15.725+0000: 793.941: [GC [PSYoungGen: 179682K->928K(176192K)] 351228K->172506K(863168K), 0.0077120 secs] [Times: user=0.04 sys=0.00, real=0.00 secs] 
2014-07-08T04:27:16.294+0000: 794.510: [GC [PSYoungGen: 176160K->676K(172416K)] 347738K->172301K(859392K), 0.0045380 secs] [Times: user=0.02 sys=0.00, real=0.00 secs] 
2014-07-08T04:27:17.054+0000: 795.269: [GC [PSYoungGen: 172388K->808K(169152K)] 344013K->172617K(856128K), 0.0053530 secs] [Times: user=0.03 sys=0.00, real=0.01 secs] 
2014-07-08T04:27:17.479+0000: 795.695: [GC [PSYoungGen: 169092K->1039K(166144K)] 340902K->172905K(853120K), 0.0067010 secs] [Times: user=0.04 sys=0.00, real=0.01 secs] 
2014-07-08T04:27:18.045+0000: 796.261: [GC [PSYoungGen: 166095K->616K(162496K)] 337961K->172587K(849472K), 0.0031250 secs] [Times: user=0.02 sys=0.00, real=0.00 secs] 
2014-07-08T04:27:18.652+0000: 796.867: [GC [PSYoungGen: 162441K->872K(159680K)] 334413K->172899K(846656K), 0.0031420 secs] [Times: user=0.02 sys=0.00, real=0.01 secs] 
2014-07-08T04:27:19.159+0000: 797.375: [GC [PSYoungGen: 159656K->886K(156672K)] 331683K->172978K(843648K), 0.0046230 secs] [Times: user=0.02 sys=0.00, real=0.00 secs] 
2014-07-08T04:27:19.763+0000: 797.979: [GC [PSYoungGen: 156662K->1096K(154048K)] 328754K->173267K(841024K), 0.0035430 secs] [Times: user=0.02 sys=0.00, real=0.01 secs] 
2014-07-08T04:27:20.242+0000: 798.457: [GC [PSYoungGen: 153952K->434K(150528K)] 326124K->173058K(837504K), 0.0067710 secs] [Times: user=0.04 sys=0.01, real=0.01 secs] 
2014-07-08T04:27:20.815+0000: 799.031: [GC [PSYoungGen: 150514K->872K(148224K)] 323138K->173568K(835200K), 0.0041260 secs] [Times: user=0.02 sys=0.00, real=0.00 secs] 
2014-07-08T04:27:21.297+0000: 799.513: [GC [PSYoungGen: 148200K->730K(145472K)] 320896K->173530K(832448K), 0.0065470 secs] [Times: user=0.04 sys=0.00, real=0.00 secs] 
2014-07-08T04:27:21.916+0000: 800.131: [GC [PSYoungGen: 145434K->1010K(174720K)] 318234K->173858K(861696K), 0.0079560 secs] [Times: user=0.04 sys=0.00, real=0.00 secs] 
2014-07-08T04:27:22.479+0000: 800.694: [GC [PSYoungGen: 174706K->694K(170944K)] 347554K->173730K(857920K), 0.0025350 secs] [Times: user=0.01 sys=0.00, real=0.00 secs] 
2014-07-08T04:27:23.032+0000: 801.247: [GC [PSYoungGen: 170934K->722K(167680K)] 343970K->173846K(854656K), 0.0056070 secs] [Times: user=0.02 sys=0.00, real=0.01 secs] 
2014-07-08T04:27:23.597+0000: 801.813: [GC [PSYoungGen: 167614K->890K(164544K)] 340738K->174078K(851520K), 0.0070550 secs] [Times: user=0.04 sys=0.00, real=0.00 secs] 
2014-07-08T04:27:24.128+0000: 802.344: [GC [PSYoungGen: 164497K->786K(161344K)] 337685K->174038K(848320K), 0.0056170 secs] [Times: user=0.03 sys=0.00, real=0.00 secs] 
2014-07-08T04:27:24.727+0000: 802.943: [GC [PSYoungGen: 161298K->672K(158144K)] 334550K->173988K(845120K), 0.0028670 secs] [Times: user=0.01 sys=0.00, real=0.00 secs] 
2014-07-08T04:27:25.241+0000: 803.457: [GC [PSYoungGen: 158079K->812K(155328K)] 331395K->174192K(842304K), 0.0041340 secs] [Times: user=0.02 sys=0.00, real=0.01 secs] 
2014-07-08T04:27:25.825+0000: 804.041: [GC [PSYoungGen: 155308K->758K(152384K)] 328688K->174202K(839360K), 0.0058260 secs] [Times: user=0.03 sys=0.00, real=0.00 secs] 
2014-07-08T04:27:26.315+0000: 804.531: [GC [PSYoungGen: 152374K->726K(149632K)] 325818K->174234K(836608K), 0.0063880 secs] [Times: user=0.04 sys=0.00, real=0.00 secs] 
2014-07-08T04:27:26.948+0000: 805.164: [GC [PSYoungGen: 149590K->754K(146944K)] 323098K->174318K(833920K), 0.0031120 secs] [Times: user=0.02 sys=0.00, real=0.00 secs] 
2014-07-08T04:27:27.343+0000: 805.558: [GC [PSYoungGen: 146923K->890K(144448K)] 320487K->174486K(831424K), 0.0035060 secs] [Times: user=0.02 sys=0.00, real=0.01 secs] 
2014-07-08T04:27:27.858+0000: 806.074: [GC [PSYoungGen: 144442K->530K(141568K)] 318038K->174240K(828544K), 0.0055860 secs] [Times: user=0.03 sys=0.00, real=0.00 secs] 
2014-07-08T04:27:28.347+0000: 806.563: [GC [PSYoungGen: 141522K->616K(139200K)] 315232K->174374K(826176K), 0.0065150 secs] [Times: user=0.04 sys=0.00, real=0.00 secs] 
2014-07-08T04:27:28.946+0000: 807.161: [GC [PSYoungGen: 139175K->1131K(167424K)] 312933K->174937K(854400K), 0.0112430 secs] [Times: user=0.06 sys=0.00, real=0.02 secs] 
2014-07-08T04:27:29.408+0000: 807.624: [GC [PSYoungGen: 167403K->914K(200512K)] 341209K->174784K(887488K), 0.0044940 secs] [Times: user=0.02 sys=0.00, real=0.00 secs] 
2014-07-08T04:27:30.118+0000: 808.333: [GC [PSYoungGen: 200466K->356K(195584K)] 374336K->174616K(882560K), 0.0040150 secs] [Times: user=0.03 sys=0.00, real=0.00 secs] 
2014-07-08T04:27:30.840+0000: 809.056: [GC [PSYoungGen: 195556K->940K(192000K)] 369816K->175272K(878976K), 0.0052140 secs] [Times: user=0.02 sys=0.01, real=0.00 secs] 
2014-07-08T04:27:31.463+0000: 809.678: [GC [PSYoungGen: 191905K->900K(187968K)] 366237K->175296K(874944K), 0.0041740 secs] [Times: user=0.02 sys=0.00, real=0.01 secs] 
2014-07-08T04:27:32.114+0000: 810.330: [GC [PSYoungGen: 187906K->730K(183872K)] 362302K->175198K(870848K), 0.0030870 secs] [Times: user=0.02 sys=0.00, real=0.01 secs] 
2014-07-08T04:27:32.813+0000: 811.028: [GC [PSYoungGen: 183834K->744K(180096K)] 358302K->175414K(867072K), 0.0030020 secs] [Times: user=0.01 sys=0.00, real=0.00 secs] 
2014-07-08T04:27:33.394+0000: 811.609: [GC [PSYoungGen: 180072K->812K(176512K)] 354742K->175570K(863488K), 0.0060570 secs] [Times: user=0.03 sys=0.01, real=0.01 secs] 
2014-07-08T04:27:34.015+0000: 812.230: [GC [PSYoungGen: 176492K->794K(172992K)] 351250K->175624K(859968K), 0.0043110 secs] [Times: user=0.02 sys=0.00, real=0.01 secs] 
2014-07-08T04:27:34.639+0000: 812.855: [GC [PSYoungGen: 172941K->822K(169600K)] 347772K->175732K(856576K), 0.0050620 secs] [Times: user=0.03 sys=0.00, real=0.00 secs] 
2014-07-08T04:27:35.247+0000: 813.462: [GC [PSYoungGen: 169590K->694K(166144K)] 344500K->175718K(853120K), 0.0061090 secs] [Times: user=0.03 sys=0.00, real=0.01 secs] 
2014-07-08T04:27:35.822+0000: 814.038: [GC [PSYoungGen: 166134K->904K(163200K)] 341158K->176008K(850176K), 0.0049470 secs] [Times: user=0.02 sys=0.01, real=0.01 secs] 
2014-07-08T04:27:36.335+0000: 814.550: [GC [PSYoungGen: 163144K->555K(159744K)] 338248K->175950K(846720K), 0.0068380 secs] [Times: user=0.04 sys=0.01, real=0.01 secs] 
2014-07-08T04:27:36.903+0000: 815.118: [GC [PSYoungGen: 159723K->804K(156992K)] 335118K->176287K(843968K), 0.0049890 secs] [Times: user=0.03 sys=0.00, real=0.01 secs] 
2014-07-08T04:27:37.438+0000: 815.653: [GC [PSYoungGen: 156962K->698K(153920K)] 332446K->176245K(840896K), 0.0027480 secs] [Times: user=0.02 sys=0.00, real=0.00 secs] 
2014-07-08T04:27:37.971+0000: 816.187: [GC [PSYoungGen: 153894K->794K(151232K)] 329441K->176421K(838208K), 0.0028890 secs] [Times: user=0.02 sys=0.00, real=0.00 secs] 
2014-07-08T04:27:38.493+0000: 816.709: [GC [PSYoungGen: 151149K->690K(148352K)] 326776K->176604K(835328K), 0.0040600 secs] [Times: user=0.03 sys=0.00, real=0.01 secs] 
2014-07-08T04:27:39.005+0000: 817.221: [GC [PSYoungGen: 148338K->698K(145664K)] 324252K->176675K(832640K), 0.0061410 secs] [Times: user=0.04 sys=0.00, real=0.01 secs] 
2014-07-08T04:27:39.529+0000: 817.744: [GC [PSYoungGen: 145650K->812K(143232K)] 321628K->177017K(830208K), 0.0028870 secs] [Times: user=0.01 sys=0.00, real=0.00 secs] 
2014-07-08T04:27:40.016+0000: 818.232: [GC [PSYoungGen: 143212K->626K(140544K)] 319417K->176911K(827520K), 0.0035050 secs] [Times: user=0.02 sys=0.00, real=0.01 secs] 
2014-07-08T04:27:40.511+0000: 818.727: [GC [PSYoungGen: 140530K->790K(138304K)] 316815K->177115K(825280K), 0.0083950 secs] [Times: user=0.05 sys=0.00, real=0.01 secs] 
2014-07-08T04:27:40.986+0000: 819.202: [GC [PSYoungGen: 138262K->786K(135936K)] 314587K->177184K(822912K), 0.0048520 secs] [Times: user=0.03 sys=0.00, real=0.01 secs] 
2014-07-08T04:27:41.462+0000: 819.678: [GC [PSYoungGen: 135890K->694K(133504K)] 312288K->177195K(820480K), 0.0045260 secs] [Times: user=0.02 sys=0.00, real=0.00 secs] 
2014-07-08T04:27:41.963+0000: 820.178: [GC [PSYoungGen: 133494K->914K(131520K)] 309995K->177480K(818496K), 0.0050360 secs] [Times: user=0.03 sys=0.00, real=0.00 secs] 
2014-07-08T04:27:42.391+0000: 820.606: [GC [PSYoungGen: 131474K->548K(128960K)] 308040K->177447K(815936K), 0.0042730 secs] [Times: user=0.02 sys=0.00, real=0.00 secs] 
2014-07-08T04:27:42.865+0000: 821.081: [GC [PSYoungGen: 128932K->936K(127232K)] 305831K->177915K(814208K), 0.0044320 secs] [Times: user=0.03 sys=0.00, real=0.01 secs] 
2014-07-08T04:27:43.265+0000: 821.481: [GC [PSYoungGen: 127208K->680K(124928K)] 304187K->177789K(811904K), 0.0042400 secs] [Times: user=0.03 sys=0.00, real=0.01 secs] 
2014-07-08T04:27:43.735+0000: 821.951: [GC [PSYoungGen: 124904K->1074K(123328K)] 302013K->178248K(810304K), 0.0033360 secs] [Times: user=0.01 sys=0.00, real=0.01 secs] 
2014-07-08T04:27:44.145+0000: 822.361: [GC [PSYoungGen: 123314K->434K(147136K)] 300488K->177729K(834112K), 0.0064770 secs] [Times: user=0.05 sys=0.00, real=0.01 secs] 
2014-07-08T04:27:44.683+0000: 822.898: [GC [PSYoungGen: 147122K->954K(177024K)] 324417K->178321K(864000K), 0.0055320 secs] [Times: user=0.04 sys=0.00, real=0.01 secs] 
2014-07-08T04:27:45.268+0000: 823.484: [GC [PSYoungGen: 177018K->766K(173312K)] 354385K->178206K(860288K), 0.0045130 secs] [Times: user=0.03 sys=0.00, real=0.00 secs] 
2014-07-08T04:27:45.873+0000: 824.089: [GC [PSYoungGen: 173310K->946K(170048K)] 350750K->178474K(857024K), 0.0030050 secs] [Times: user=0.01 sys=0.01, real=0.00 secs] 
2014-07-08T04:27:46.466+0000: 824.682: [GC [PSYoungGen: 170034K->616K(203584K)] 347562K->178297K(890560K), 0.0103460 secs] [Times: user=0.07 sys=0.00, real=0.01 secs] 
2014-07-08T04:27:47.207+0000: 825.423: [GC [PSYoungGen: 203518K->1076K(199616K)] 381200K->178838K(886592K), 0.0035550 secs] [Times: user=0.02 sys=0.00, real=0.01 secs] 
2014-07-08T04:27:47.952+0000: 826.167: [GC [PSYoungGen: 199569K->494K(194752K)] 377331K->178936K(881728K), 0.0043380 secs] [Times: user=0.03 sys=0.00, real=0.00 secs] 
2014-07-08T04:27:48.565+0000: 826.780: [GC [PSYoungGen: 194734K->1256K(191360K)] 373176K->179746K(878336K), 0.0085900 secs] [Times: user=0.06 sys=0.00, real=0.01 secs] 
2014-07-08T04:27:49.225+0000: 827.441: [GC [PSYoungGen: 191336K->818K(186880K)] 369826K->179470K(873856K), 0.0064780 secs] [Times: user=0.04 sys=0.00, real=0.01 secs] 
2014-07-08T04:27:49.879+0000: 828.095: [GC [PSYoungGen: 186866K->800K(183040K)] 365518K->179556K(870016K), 0.0043140 secs] [Times: user=0.02 sys=0.00, real=0.00 secs] 
2014-07-08T04:27:50.528+0000: 828.744: [GC [PSYoungGen: 183007K->1114K(179648K)] 361763K->179926K(866624K), 0.0030890 secs] [Times: user=0.01 sys=0.00, real=0.01 secs] 
2014-07-08T04:27:51.145+0000: 829.360: [GC [PSYoungGen: 179610K->876K(175744K)] 358422K->179744K(862720K), 0.0078530 secs] [Times: user=0.05 sys=0.01, real=0.01 secs] 
2014-07-08T04:27:51.778+0000: 829.994: [GC [PSYoungGen: 175724K->662K(172032K)] 354592K->179578K(859008K), 0.0032970 secs] [Times: user=0.02 sys=0.00, real=0.01 secs] 
2014-07-08T04:27:52.352+0000: 830.567: [GC [PSYoungGen: 171949K->694K(168640K)] 350865K->179666K(855616K), 0.0029660 secs] [Times: user=0.02 sys=0.00, real=0.00 secs] 
2014-07-08T04:27:52.969+0000: 831.185: [GC [PSYoungGen: 168630K->498K(165184K)] 347602K->179534K(852160K), 0.0041300 secs] [Times: user=0.03 sys=0.00, real=0.00 secs] 
2014-07-08T04:27:53.517+0000: 831.733: [GC [PSYoungGen: 165155K->730K(162240K)] 344191K->179814K(849216K), 0.0028980 secs] [Times: user=0.01 sys=0.00, real=0.01 secs] 
2014-07-08T04:27:54.082+0000: 832.298: [GC [PSYoungGen: 162202K->762K(159168K)] 341286K->179950K(846144K), 0.0085780 secs] [Times: user=0.06 sys=0.00, real=0.01 secs] 
2014-07-08T04:27:54.739+0000: 832.954: [GC [PSYoungGen: 159162K->1000K(156416K)] 338350K->180228K(843392K), 0.0088800 secs] [Times: user=0.04 sys=0.00, real=0.01 secs] 
2014-07-08T04:27:55.179+0000: 833.395: [GC [PSYoungGen: 156392K->694K(187200K)] 335620K->179978K(874176K), 0.0071830 secs] [Times: user=0.04 sys=0.00, real=0.01 secs] 
2014-07-08T04:27:55.844+0000: 834.060: [GC [PSYoungGen: 187156K->662K(197248K)] 366440K->180026K(884224K), 0.0045510 secs] [Times: user=0.02 sys=0.00, real=0.00 secs] 
2014-07-08T04:27:56.525+0000: 834.740: [GC [PSYoungGen: 196566K->954K(192640K)] 375930K->180382K(879616K), 0.0043170 secs] [Times: user=0.03 sys=0.00, real=0.00 secs] 
2014-07-08T04:27:57.217+0000: 835.433: [GC [PSYoungGen: 192614K->1032K(188736K)] 372042K->180508K(875712K), 0.0088000 secs] [Times: user=0.06 sys=0.00, real=0.01 secs] 
2014-07-08T04:27:57.853+0000: 836.069: [GC [PSYoungGen: 188680K->566K(184320K)] 368156K->180198K(871296K), 0.0049740 secs] [Times: user=0.03 sys=0.00, real=0.00 secs] 
2014-07-08T04:27:58.489+0000: 836.704: [GC [PSYoungGen: 184263K->1163K(181184K)] 363895K->180851K(868160K), 0.0066310 secs] [Times: user=0.04 sys=0.00, real=0.01 secs] 
2014-07-08T04:27:59.102+0000: 837.317: [GC [PSYoungGen: 181131K->916K(177280K)] 360819K->180652K(864256K), 0.0048310 secs] [Times: user=0.03 sys=0.00, real=0.00 secs] 
2014-07-08T04:27:59.731+0000: 837.947: [GC [PSYoungGen: 177236K->844K(173696K)] 356972K->180644K(860672K), 0.0053200 secs] [Times: user=0.03 sys=0.00, real=0.00 secs] 
2014-07-08T04:28:00.330+0000: 838.546: [GC [PSYoungGen: 173644K->594K(169984K)] 353444K->180458K(856960K), 0.0063990 secs] [Times: user=0.04 sys=0.00, real=0.00 secs] 
2014-07-08T04:28:01.012+0000: 839.228: [GC [PSYoungGen: 169938K->840K(166912K)] 349802K->180792K(853888K), 0.0038040 secs] [Times: user=0.02 sys=0.00, real=0.00 secs] 
2014-07-08T04:28:01.524+0000: 839.740: [GC [PSYoungGen: 166831K->744K(163584K)] 346783K->180744K(850560K), 0.0056580 secs] [Times: user=0.04 sys=0.00, real=0.00 secs] 
2014-07-08T04:28:02.086+0000: 840.301: [GC [PSYoungGen: 163560K->812K(196224K)] 343560K->180900K(883200K), 0.0093390 secs] [Times: user=0.06 sys=0.00, real=0.01 secs] 
2014-07-08T04:28:02.800+0000: 841.015: [GC [PSYoungGen: 196204K->908K(192192K)] 376292K->181052K(879168K), 0.0059120 secs] [Times: user=0.04 sys=0.00, real=0.01 secs] 
2014-07-08T04:28:03.437+0000: 841.653: [GC [PSYoungGen: 192140K->712K(187968K)] 372284K->180944K(874944K), 0.0031420 secs] [Times: user=0.02 sys=0.00, real=0.00 secs] 
2014-07-08T04:28:04.090+0000: 842.306: [GC [PSYoungGen: 187912K->747K(184064K)] 368144K->181083K(871040K), 0.0033540 secs] [Times: user=0.02 sys=0.01, real=0.01 secs] 
2014-07-08T04:28:04.741+0000: 842.957: [GC [PSYoungGen: 184043K->836K(180416K)] 364379K->181244K(867392K), 0.0055340 secs] [Times: user=0.03 sys=0.00, real=0.01 secs] 
2014-07-08T04:28:05.338+0000: 843.553: [GC [PSYoungGen: 180356K->730K(176640K)] 360764K->181218K(863616K), 0.0046090 secs] [Times: user=0.03 sys=0.00, real=0.01 secs] 
2014-07-08T04:28:05.946+0000: 844.162: [GC [PSYoungGen: 176527K->858K(173248K)] 357015K->181418K(860224K), 0.0075070 secs] [Times: user=0.05 sys=0.01, real=0.01 secs] 
2014-07-08T04:28:06.577+0000: 844.792: [GC [PSYoungGen: 173202K->680K(169664K)] 353762K->181667K(856640K), 0.0044350 secs] [Times: user=0.03 sys=0.00, real=0.01 secs] 
2014-07-08T04:28:07.221+0000: 845.437: [GC [PSYoungGen: 169640K->890K(166528K)] 350627K->181957K(853504K), 0.0086270 secs] [Times: user=0.05 sys=0.00, real=0.01 secs] 
2014-07-08T04:28:07.796+0000: 846.012: [GC [PSYoungGen: 166522K->715K(163200K)] 347589K->181962K(850176K), 0.0028210 secs] [Times: user=0.02 sys=0.00, real=0.00 secs] 
2014-07-08T04:28:08.297+0000: 846.513: [GC [PSYoungGen: 163130K->900K(160256K)] 344377K->182220K(847232K), 0.0042680 secs] [Times: user=0.02 sys=0.00, real=0.00 secs] 
2014-07-08T04:28:08.894+0000: 847.109: [GC [PSYoungGen: 160196K->758K(157056K)] 341516K->182165K(844032K), 0.0042030 secs] [Times: user=0.02 sys=0.01, real=0.00 secs] 
2014-07-08T04:28:09.394+0000: 847.610: [GC [PSYoungGen: 157046K->776K(154176K)] 338453K->182263K(841152K), 0.0063120 secs] [Times: user=0.03 sys=0.00, real=0.00 secs] 
2014-07-08T04:28:09.934+0000: 848.150: [GC [PSYoungGen: 154115K->648K(151232K)] 335603K->182183K(838208K), 0.0071710 secs] [Times: user=0.04 sys=0.00, real=0.00 secs] 
2014-07-08T04:28:10.454+0000: 848.669: [GC [PSYoungGen: 151134K->762K(181440K)] 332670K->182369K(868416K), 0.0067370 secs] [Times: user=0.05 sys=0.00, real=0.00 secs] 
2014-07-08T04:28:11.097+0000: 849.313: [GC [PSYoungGen: 181389K->865K(177856K)] 362996K->182576K(864832K), 0.0035380 secs] [Times: user=0.02 sys=0.00, real=0.00 secs] 
2014-07-08T04:28:11.743+0000: 849.959: [GC [PSYoungGen: 177825K->1131K(174528K)] 359536K->182907K(861504K), 0.0065000 secs] [Times: user=0.04 sys=0.00, real=0.00 secs] 
2014-07-08T04:28:12.319+0000: 850.535: [GC [PSYoungGen: 174469K->306K(170240K)] 356245K->182463K(857216K), 0.0036290 secs] [Times: user=0.02 sys=0.00, real=0.01 secs] 
2014-07-08T04:28:13.066+0000: 851.282: [GC [PSYoungGen: 170201K->1258K(167872K)] 352359K->183463K(854848K), 0.0051960 secs] [Times: user=0.03 sys=0.01, real=0.00 secs] 
2014-07-08T04:28:13.512+0000: 851.728: [GC [PSYoungGen: 167850K->940K(164288K)] 350055K->183267K(851264K), 0.0034630 secs] [Times: user=0.02 sys=0.00, real=0.00 secs] 
2014-07-08T04:28:14.065+0000: 852.281: [GC [PSYoungGen: 164257K->930K(161152K)] 346584K->183345K(848128K), 0.0027360 secs] [Times: user=0.01 sys=0.00, real=0.00 secs] 
2014-07-08T04:28:14.654+0000: 852.870: [GC [PSYoungGen: 161073K->818K(158016K)] 343488K->183475K(844992K), 0.0059020 secs] [Times: user=0.04 sys=0.00, real=0.00 secs] 
2014-07-08T04:28:15.181+0000: 853.396: [GC [PSYoungGen: 158002K->826K(189504K)] 340659K->183562K(876480K), 0.0091180 secs] [Times: user=0.06 sys=0.00, real=0.01 secs] 
2014-07-08T04:28:15.861+0000: 854.076: [GC [PSYoungGen: 189498K->1025K(185792K)] 372234K->183842K(872768K), 0.0026090 secs] [Times: user=0.01 sys=0.00, real=0.01 secs] 
2014-07-08T04:28:16.489+0000: 854.705: [GC [PSYoungGen: 185729K->947K(181824K)] 368546K->183796K(868800K), 0.0055870 secs] [Times: user=0.02 sys=0.00, real=0.01 secs] 
2014-07-08T04:28:17.130+0000: 855.346: [GC [PSYoungGen: 181811K->616K(177792K)] 364660K->183528K(864768K), 0.0044310 secs] [Times: user=0.03 sys=0.01, real=0.01 secs] 
2014-07-08T04:28:17.852+0000: 856.067: [GC [PSYoungGen: 177768K->1064K(174656K)] 360680K->184033K(861632K), 0.0043190 secs] [Times: user=0.01 sys=0.01, real=0.01 secs] 
2014-07-08T04:28:18.366+0000: 856.582: [GC [PSYoungGen: 174632K->644K(170816K)] 357601K->183684K(857792K), 0.0053480 secs] [Times: user=0.02 sys=0.00, real=0.00 secs] 
2014-07-08T04:28:19.048+0000: 857.263: [GC [PSYoungGen: 170756K->1154K(168000K)] 353796K->184275K(854976K), 0.0097100 secs] [Times: user=0.07 sys=0.00, real=0.01 secs] 
2014-07-08T04:28:19.616+0000: 857.832: [GC [PSYoungGen: 167938K->822K(164352K)] 351059K->184006K(851328K), 0.0028500 secs] [Times: user=0.02 sys=0.00, real=0.00 secs] 
2014-07-08T04:28:20.130+0000: 858.345: [GC [PSYoungGen: 164292K->1020K(161408K)] 347477K->184293K(848384K), 0.0059230 secs] [Times: user=0.04 sys=0.00, real=0.01 secs] 
2014-07-08T04:28:20.736+0000: 858.951: [GC [PSYoungGen: 161404K->872K(193408K)] 344677K->184322K(880384K), 0.0104750 secs] [Times: user=0.07 sys=0.00, real=0.01 secs] 
2014-07-08T04:28:21.374+0000: 859.589: [GC [PSYoungGen: 193383K->648K(189120K)] 376834K->184178K(876096K), 0.0037920 secs] [Times: user=0.02 sys=0.00, real=0.01 secs] 
2014-07-08T04:28:22.035+0000: 860.250: [GC [PSYoungGen: 189049K->922K(185408K)] 372580K->184540K(872384K), 0.0071420 secs] [Times: user=0.05 sys=0.00, real=0.00 secs] 
2014-07-08T04:28:22.767+0000: 860.983: [GC [PSYoungGen: 185361K->1131K(181760K)] 368980K->184798K(868736K), 0.0035530 secs] [Times: user=0.02 sys=0.00, real=0.00 secs] 
2014-07-08T04:28:23.305+0000: 861.521: [GC [PSYoungGen: 181739K->623K(177536K)] 365406K->184598K(864512K), 0.0029250 secs] [Times: user=0.01 sys=0.00, real=0.00 secs] 
2014-07-08T04:28:23.935+0000: 862.150: [GC [PSYoungGen: 177519K->698K(174016K)] 361494K->184736K(860992K), 0.0036350 secs] [Times: user=0.02 sys=0.00, real=0.00 secs] 
2014-07-08T04:28:24.550+0000: 862.765: [GC [PSYoungGen: 174010K->922K(170816K)] 358048K->185056K(857792K), 0.0042160 secs] [Times: user=0.03 sys=0.00, real=0.00 secs] 
2014-07-08T04:28:25.142+0000: 863.358: [GC [PSYoungGen: 170778K->922K(167488K)] 354912K->185136K(854464K), 0.0058370 secs] [Times: user=0.03 sys=0.00, real=0.01 secs] 
2014-07-08T04:28:25.812+0000: 864.028: [GC [PSYoungGen: 167450K->822K(164096K)] 351664K->185174K(851072K), 0.0048780 secs] [Times: user=0.03 sys=0.00, real=0.01 secs] 
2014-07-08T04:28:26.296+0000: 864.511: [GC [PSYoungGen: 164084K->811K(160960K)] 348437K->185227K(847936K), 0.0052900 secs] [Times: user=0.04 sys=0.00, real=0.00 secs] 
2014-07-08T04:28:26.875+0000: 865.091: [GC [PSYoungGen: 160939K->548K(157696K)] 345355K->185012K(844672K), 0.0085620 secs] [Times: user=0.05 sys=0.01, real=0.00 secs] 
2014-07-08T04:28:27.400+0000: 865.616: [GC [PSYoungGen: 157668K->914K(189504K)] 342132K->185427K(876480K), 0.0063710 secs] [Times: user=0.04 sys=0.00, real=0.01 secs] 
2014-07-08T04:28:28.067+0000: 866.282: [GC [PSYoungGen: 189414K->812K(185408K)] 373927K->185381K(872384K), 0.0045430 secs] [Times: user=0.03 sys=0.00, real=0.00 secs] 
2014-07-08T04:28:28.705+0000: 866.921: [GC [PSYoungGen: 185388K->954K(181696K)] 369957K->185571K(868672K), 0.0031860 secs] [Times: user=0.01 sys=0.00, real=0.00 secs] 
2014-07-08T04:28:29.314+0000: 867.529: [GC [PSYoungGen: 181690K->694K(177728K)] 366307K->185406K(864704K), 0.0044780 secs] [Times: user=0.03 sys=0.00, real=0.01 secs] 
2014-07-08T04:28:29.949+0000: 868.164: [GC [PSYoungGen: 177718K->616K(174080K)] 362430K->185384K(861056K), 0.0051930 secs] [Times: user=0.03 sys=0.00, real=0.00 secs] 
2014-07-08T04:28:30.568+0000: 868.783: [GC [PSYoungGen: 174056K->758K(170752K)] 358824K->185582K(857728K), 0.0040870 secs] [Times: user=0.02 sys=0.00, real=0.00 secs] 
2014-07-08T04:28:31.165+0000: 869.380: [GC [PSYoungGen: 170742K->826K(167488K)] 355566K->185730K(854464K), 0.0050990 secs] [Times: user=0.03 sys=0.00, real=0.01 secs] 
2014-07-08T04:28:31.816+0000: 870.032: [GC [PSYoungGen: 167420K->893K(164288K)] 352325K->185854K(851264K), 0.0035770 secs] [Times: user=0.01 sys=0.01, real=0.00 secs] 
2014-07-08T04:28:32.333+0000: 870.549: [GC [PSYoungGen: 164285K->856K(161152K)] 349246K->185889K(848128K), 0.0038270 secs] [Times: user=0.01 sys=0.01, real=0.01 secs] 
2014-07-08T04:28:32.972+0000: 871.187: [GC [PSYoungGen: 161112K->698K(157888K)] 346145K->185925K(844864K), 0.0033790 secs] [Times: user=0.02 sys=0.00, real=0.01 secs] 
2014-07-08T04:28:33.435+0000: 871.651: [GC [PSYoungGen: 157882K->712K(155008K)] 343109K->186035K(841984K), 0.0047930 secs] [Times: user=0.03 sys=0.00, real=0.01 secs] 
2014-07-08T04:28:33.968+0000: 872.183: [GC [PSYoungGen: 154952K->826K(152192K)] 340275K->186237K(839168K), 0.0032410 secs] [Times: user=0.02 sys=0.00, real=0.00 secs] 
2014-07-08T04:28:34.507+0000: 872.723: [GC [PSYoungGen: 152144K->662K(149312K)] 337555K->186096K(836288K), 0.0043220 secs] [Times: user=0.01 sys=0.00, real=0.00 secs] 
2014-07-08T04:28:35.019+0000: 873.235: [GC [PSYoungGen: 149265K->690K(146624K)] 334700K->186271K(833600K), 0.0034790 secs] [Times: user=0.02 sys=0.00, real=0.00 secs] 
2014-07-08T04:28:35.541+0000: 873.757: [GC [PSYoungGen: 146610K->772K(144128K)] 332191K->186424K(831104K), 0.0052370 secs] [Times: user=0.03 sys=0.00, real=0.01 secs] 
2014-07-08T04:28:36.052+0000: 874.268: [GC [PSYoungGen: 144068K->644K(141440K)] 329720K->186411K(828416K), 0.0047080 secs] [Times: user=0.03 sys=0.00, real=0.01 secs] 
2014-07-08T04:28:36.552+0000: 874.768: [GC [PSYoungGen: 141376K->794K(139136K)] 327143K->186609K(826112K), 0.0060990 secs] [Times: user=0.04 sys=0.00, real=0.01 secs] 
2014-07-08T04:28:37.037+0000: 875.252: [GC [PSYoungGen: 139094K->690K(166720K)] 324908K->186584K(853696K), 0.0113600 secs] [Times: user=0.07 sys=0.00, real=0.01 secs] 
2014-07-08T04:28:37.630+0000: 875.846: [GC [PSYoungGen: 166705K->886K(197120K)] 352600K->186845K(884096K), 0.0045180 secs] [Times: user=0.03 sys=0.00, real=0.00 secs] 
2014-07-08T04:28:38.372+0000: 876.587: [GC [PSYoungGen: 196918K->726K(192576K)] 382877K->186741K(879552K), 0.0035330 secs] [Times: user=0.01 sys=0.00, real=0.00 secs] 
2014-07-08T04:28:38.988+0000: 877.204: [GC [PSYoungGen: 192456K->598K(188416K)] 378471K->186661K(875392K), 0.0029130 secs] [Times: user=0.01 sys=0.00, real=0.00 secs] 
2014-07-08T04:28:39.642+0000: 877.857: [GC [PSYoungGen: 188349K->794K(184704K)] 374412K->186897K(871680K), 0.0070790 secs] [Times: user=0.04 sys=0.00, real=0.01 secs] 
2014-07-08T04:28:40.266+0000: 878.482: [GC [PSYoungGen: 184650K->780K(180928K)] 370753K->186947K(867904K), 0.0069360 secs] [Times: user=0.03 sys=0.00, real=0.01 secs] 
2014-07-08T04:28:40.924+0000: 879.140: [GC [PSYoungGen: 180861K->426K(176896K)] 367028K->186925K(863872K), 0.0049150 secs] [Times: user=0.03 sys=0.00, real=0.01 secs] 
2014-07-08T04:28:41.522+0000: 879.738: [GC [PSYoungGen: 176857K->840K(173760K)] 363356K->187395K(860736K), 0.0045560 secs] [Times: user=0.03 sys=0.00, real=0.00 secs] 
2014-07-08T04:28:42.113+0000: 880.329: [GC [PSYoungGen: 173704K->762K(170176K)] 360259K->187537K(857152K), 0.0063500 secs] [Times: user=0.04 sys=0.00, real=0.01 secs] 
2014-07-08T04:28:42.772+0000: 880.988: [GC [PSYoungGen: 170156K->858K(166976K)] 356931K->187681K(853952K), 0.0038100 secs] [Times: user=0.03 sys=0.00, real=0.00 secs] 
2014-07-08T04:28:43.303+0000: 881.519: [GC [PSYoungGen: 166938K->556K(163456K)] 353761K->187753K(850432K), 0.0039080 secs] [Times: user=0.03 sys=0.00, real=0.00 secs] 
2014-07-08T04:28:43.944+0000: 882.159: [GC [PSYoungGen: 163435K->954K(160704K)] 350632K->188215K(847680K), 0.0081660 secs] [Times: user=0.06 sys=0.00, real=0.01 secs] 
2014-07-08T04:28:44.439+0000: 882.654: [GC [PSYoungGen: 160698K->680K(157440K)] 347959K->188171K(844416K), 0.0058680 secs] [Times: user=0.04 sys=0.00, real=0.00 secs] 
2014-07-08T04:28:44.993+0000: 883.209: [GC [PSYoungGen: 157416K->676K(154496K)] 344907K->188255K(841472K), 0.0042220 secs] [Times: user=0.02 sys=0.00, real=0.01 secs] 
2014-07-08T04:28:45.525+0000: 883.741: [GC [PSYoungGen: 154468K->790K(151808K)] 342047K->188425K(838784K), 0.0038030 secs] [Times: user=0.02 sys=0.00, real=0.01 secs] 
2014-07-08T04:28:46.046+0000: 884.261: [GC [PSYoungGen: 151766K->1075K(149312K)] 339401K->188806K(836288K), 0.0051270 secs] [Times: user=0.04 sys=0.01, real=0.01 secs] 
2014-07-08T04:28:46.579+0000: 884.795: [GC [PSYoungGen: 149299K->292K(145856K)] 337030K->188443K(832832K), 0.0032320 secs] [Times: user=0.02 sys=0.00, real=0.00 secs] 
2014-07-08T04:28:47.073+0000: 885.289: [GC [PSYoungGen: 145828K->1107K(144064K)] 333979K->189472K(831040K), 0.0067450 secs] [Times: user=0.04 sys=0.00, real=0.01 secs] 
2014-07-08T04:28:47.574+0000: 885.789: [GC [PSYoungGen: 144019K->740K(172288K)] 332384K->189475K(859264K), 0.0080050 secs] [Times: user=0.04 sys=0.00, real=0.01 secs] 
2014-07-08T04:28:48.148+0000: 886.364: [GC [PSYoungGen: 172260K->762K(168896K)] 360995K->189577K(855872K), 0.0030690 secs] [Times: user=0.02 sys=0.00, real=0.00 secs] 
2014-07-08T04:28:48.818+0000: 887.033: [GC [PSYoungGen: 168890K->954K(165824K)] 357705K->189825K(852800K), 0.0029070 secs] [Times: user=0.01 sys=0.00, real=0.01 secs] 
2014-07-08T04:28:49.328+0000: 887.544: [GC [PSYoungGen: 165818K->818K(162496K)] 354689K->189769K(849472K), 0.0060020 secs] [Times: user=0.04 sys=0.00, real=0.00 secs] 
2014-07-08T04:28:49.953+0000: 888.168: [GC [PSYoungGen: 162482K->702K(159296K)] 351433K->189953K(846272K), 0.0031640 secs] [Times: user=0.01 sys=0.01, real=0.00 secs] 
2014-07-08T04:28:50.446+0000: 888.662: [GC [PSYoungGen: 159247K->880K(156480K)] 348499K->190179K(843456K), 0.0049810 secs] [Times: user=0.03 sys=0.00, real=0.01 secs] 
2014-07-08T04:28:51.000+0000: 889.215: [GC [PSYoungGen: 156441K->804K(153536K)] 345741K->190251K(840512K), 0.0065560 secs] [Times: user=0.04 sys=0.00, real=0.00 secs] 
2014-07-08T04:28:51.535+0000: 889.750: [GC [PSYoungGen: 153508K->1114K(151040K)] 342955K->190633K(838016K), 0.0056370 secs] [Times: user=0.03 sys=0.00, real=0.01 secs] 
2014-07-08T04:28:52.056+0000: 890.271: [GC [PSYoungGen: 151002K->374K(147520K)] 340521K->190143K(834496K), 0.0051800 secs] [Times: user=0.02 sys=0.00, real=0.01 secs] 
2014-07-08T04:28:52.598+0000: 890.814: [GC [PSYoungGen: 147510K->904K(145472K)] 337279K->190737K(832448K), 0.0061530 secs] [Times: user=0.03 sys=0.00, real=0.00 secs] 
2014-07-08T04:28:53.131+0000: 891.346: [GC [PSYoungGen: 145416K->662K(142656K)] 335249K->190623K(829632K), 0.0035400 secs] [Times: user=0.02 sys=0.00, real=0.00 secs] 
2014-07-08T04:28:53.574+0000: 891.790: [GC [PSYoungGen: 142614K->676K(171072K)] 332575K->190677K(858048K), 0.0098130 secs] [Times: user=0.06 sys=0.00, real=0.01 secs] 
2014-07-08T04:28:54.167+0000: 892.382: [GC [PSYoungGen: 171000K->982K(190464K)] 361001K->191063K(877440K), 0.0033630 secs] [Times: user=0.01 sys=0.00, real=0.01 secs] 
2014-07-08T04:28:54.878+0000: 893.094: [GC [PSYoungGen: 190358K->612K(190592K)] 380439K->190757K(877568K), 0.0082500 secs] [Times: user=0.06 sys=0.00, real=0.01 secs] 
2014-07-08T04:28:55.506+0000: 893.721: [GC [PSYoungGen: 189988K->730K(228416K)] 380133K->190923K(915392K), 0.0060020 secs] [Times: user=0.03 sys=0.00, real=0.01 secs] 
2014-07-08T04:28:56.351+0000: 894.567: [GC [PSYoungGen: 227994K->772K(222784K)] 418187K->191029K(909760K), 0.0051560 secs] [Times: user=0.03 sys=0.00, real=0.00 secs] 
2014-07-08T04:28:57.094+0000: 895.309: [GC [PSYoungGen: 222695K->505K(217344K)] 412953K->191096K(904320K), 0.0045900 secs] [Times: user=0.03 sys=0.00, real=0.00 secs] 
2014-07-08T04:28:57.857+0000: 896.073: [GC [PSYoungGen: 217337K->912K(212864K)] 407928K->191559K(899840K), 0.0028410 secs] [Times: user=0.02 sys=0.00, real=0.01 secs] 
2014-07-08T04:28:58.571+0000: 896.786: [GC [PSYoungGen: 212816K->854K(208064K)] 403463K->191705K(895040K), 0.0053970 secs] [Times: user=0.03 sys=0.00, real=0.00 secs] 
2014-07-08T04:28:59.289+0000: 897.505: [GC [PSYoungGen: 207972K->962K(203584K)] 398823K->191877K(890560K), 0.0058800 secs] [Times: user=0.02 sys=0.00, real=0.01 secs] 
2014-07-08T04:28:59.999+0000: 898.214: [GC [PSYoungGen: 203522K->434K(198592K)] 394437K->191503K(885568K), 0.0040460 secs] [Times: user=0.01 sys=0.00, real=0.01 secs] 
2014-07-08T04:29:00.714+0000: 898.929: [GC [PSYoungGen: 198578K->644K(194560K)] 389647K->191761K(881536K), 0.0049720 secs] [Times: user=0.04 sys=0.01, real=0.00 secs] 
2014-07-08T04:29:01.384+0000: 899.599: [GC [PSYoungGen: 194500K->730K(190464K)] 385617K->191943K(877440K), 0.0043450 secs] [Times: user=0.02 sys=0.00, real=0.00 secs] 
2014-07-08T04:29:02.128+0000: 900.344: [GC [PSYoungGen: 190426K->1042K(186816K)] 381639K->192336K(873792K), 0.0034750 secs] [Times: user=0.02 sys=0.00, real=0.01 secs] 
2014-07-08T04:29:02.769+0000: 900.985: [GC [PSYoungGen: 186770K->480K(182400K)] 378063K->192268K(869376K), 0.0035710 secs] [Times: user=0.01 sys=0.00, real=0.01 secs] 
2014-07-08T04:29:03.351+0000: 901.567: [GC [PSYoungGen: 182368K->879K(179072K)] 374156K->192738K(866048K), 0.0047950 secs] [Times: user=0.03 sys=0.00, real=0.00 secs] 
2014-07-08T04:29:03.972+0000: 902.188: [GC [PSYoungGen: 179055K->1082K(175680K)] 370914K->193202K(862656K), 0.0046950 secs] [Times: user=0.03 sys=0.01, real=0.00 secs] 
2014-07-08T04:29:04.602+0000: 902.818: [GC [PSYoungGen: 175648K->776K(171904K)] 367768K->192935K(858880K), 0.0032390 secs] [Times: user=0.01 sys=0.00, real=0.00 secs] 
2014-07-08T04:29:05.191+0000: 903.407: [GC [PSYoungGen: 171848K->630K(168320K)] 364007K->192877K(855296K), 0.0041880 secs] [Times: user=0.02 sys=0.00, real=0.00 secs] 
2014-07-08T04:29:05.837+0000: 904.052: [GC [PSYoungGen: 168279K->740K(165184K)] 360526K->193051K(852160K), 0.0033330 secs] [Times: user=0.01 sys=0.00, real=0.01 secs] 
2014-07-08T04:29:06.380+0000: 904.596: [GC [PSYoungGen: 165123K->776K(162048K)] 357435K->193135K(849024K), 0.0063430 secs] [Times: user=0.04 sys=0.00, real=0.01 secs] 
2014-07-08T04:29:06.946+0000: 905.162: [GC [PSYoungGen: 161992K->680K(158848K)] 354351K->193079K(845824K), 0.0075630 secs] [Times: user=0.04 sys=0.00, real=0.01 secs] 
2014-07-08T04:29:07.512+0000: 905.728: [GC [PSYoungGen: 158824K->712K(190592K)] 351223K->193143K(877568K), 0.0105740 secs] [Times: user=0.07 sys=0.00, real=0.01 secs] 
2014-07-08T04:29:08.289+0000: 906.504: [GC [PSYoungGen: 190536K->1212K(187072K)] 382967K->193764K(874048K), 0.0044820 secs] [Times: user=0.03 sys=0.00, real=0.01 secs] 
2014-07-08T04:29:08.927+0000: 907.143: [GC [PSYoungGen: 187068K->502K(182528K)] 379619K->193229K(869504K), 0.0044410 secs] [Times: user=0.03 sys=0.00, real=0.01 secs] 
2014-07-08T04:29:09.464+0000: 907.679: [GC [PSYoungGen: 182518K->964K(219456K)] 375245K->193747K(906432K), 0.0074420 secs] [Times: user=0.05 sys=0.00, real=0.01 secs] 
2014-07-08T04:29:10.220+0000: 908.436: [GC [PSYoungGen: 219396K->926K(219776K)] 412179K->193881K(906752K), 0.0076040 secs] [Times: user=0.05 sys=0.00, real=0.01 secs] 
2014-07-08T04:29:10.989+0000: 909.205: [GC [PSYoungGen: 219309K->730K(214208K)] 412265K->193741K(901184K), 0.0043540 secs] [Times: user=0.03 sys=0.00, real=0.01 secs] 
2014-07-08T04:29:11.749+0000: 909.965: [GC [PSYoungGen: 214170K->630K(209280K)] 407181K->193747K(896256K), 0.0032050 secs] [Times: user=0.02 sys=0.00, real=0.01 secs] 
2014-07-08T04:29:12.466+0000: 910.681: [GC [PSYoungGen: 209249K->862K(204928K)] 402367K->194043K(891904K), 0.0046160 secs] [Times: user=0.03 sys=0.00, real=0.00 secs] 
2014-07-08T04:29:13.179+0000: 911.394: [GC [PSYoungGen: 204894K->566K(200128K)] 398075K->193795K(887104K), 0.0042140 secs] [Times: user=0.01 sys=0.00, real=0.01 secs] 
2014-07-08T04:29:13.878+0000: 912.093: [GC [PSYoungGen: 200104K->783K(196032K)] 393334K->194053K(883008K), 0.0031890 secs] [Times: user=0.02 sys=0.00, real=0.00 secs] 
2014-07-08T04:29:14.552+0000: 912.768: [GC [PSYoungGen: 195983K->826K(191872K)] 389253K->194143K(878848K), 0.0059310 secs] [Times: user=0.04 sys=0.00, real=0.00 secs] 
2014-07-08T04:29:15.277+0000: 913.492: [GC [PSYoungGen: 191866K->840K(187904K)] 385183K->194221K(874880K), 0.0036810 secs] [Times: user=0.02 sys=0.00, real=0.00 secs] 
2014-07-08T04:29:15.891+0000: 914.107: [GC [PSYoungGen: 187848K->762K(183872K)] 381229K->194289K(870848K), 0.0033430 secs] [Times: user=0.01 sys=0.00, real=0.01 secs] 
2014-07-08T04:29:16.516+0000: 914.732: [GC [PSYoungGen: 183866K->1029K(180416K)] 377393K->194597K(867392K), 0.0065980 secs] [Times: user=0.03 sys=0.00, real=0.01 secs] 
2014-07-08T04:29:17.137+0000: 915.353: [GC [PSYoungGen: 180323K->506K(176192K)] 373890K->194371K(863168K), 0.0051330 secs] [Times: user=0.03 sys=0.00, real=0.01 secs] 
2014-07-08T04:29:17.794+0000: 916.010: [GC [PSYoungGen: 176186K->982K(173184K)] 370051K->194880K(860160K), 0.0084250 secs] [Times: user=0.05 sys=0.00, real=0.01 secs] 
2014-07-08T04:29:18.365+0000: 916.581: [GC [PSYoungGen: 173142K->950K(169728K)] 367040K->194985K(856704K), 0.0073000 secs] [Times: user=0.05 sys=0.00, real=0.01 secs] 
2014-07-08T04:29:18.971+0000: 917.187: [GC [PSYoungGen: 169718K->672K(166144K)] 363753K->194771K(853120K), 0.0045290 secs] [Times: user=0.01 sys=0.00, real=0.01 secs] 
2014-07-08T04:29:19.518+0000: 917.734: [GC [PSYoungGen: 166079K->800K(163072K)] 360179K->195044K(850048K), 0.0061980 secs] [Times: user=0.04 sys=0.00, real=0.01 secs] 
2014-07-08T04:29:20.089+0000: 918.305: [GC [PSYoungGen: 163040K->598K(159808K)] 357284K->194939K(846784K), 0.0051930 secs] [Times: user=0.03 sys=0.00, real=0.01 secs] 
2014-07-08T04:29:20.657+0000: 918.873: [GC [PSYoungGen: 159748K->954K(157120K)] 354090K->195460K(844096K), 0.0033730 secs] [Times: user=0.02 sys=0.00, real=0.00 secs] 
2014-07-08T04:29:21.237+0000: 919.453: [GC [PSYoungGen: 157114K->978K(154240K)] 351620K->195556K(841216K), 0.0083410 secs] [Times: user=0.04 sys=0.01, real=0.01 secs] 
2014-07-08T04:29:21.739+0000: 919.955: [GC [PSYoungGen: 154146K->484K(150912K)] 348724K->195418K(837888K), 0.0041630 secs] [Times: user=0.03 sys=0.00, real=0.01 secs] 
2014-07-08T04:29:22.243+0000: 920.459: [GC [PSYoungGen: 150884K->868K(148544K)] 345818K->195858K(835520K), 0.0044480 secs] [Times: user=0.02 sys=0.00, real=0.00 secs] 
2014-07-08T04:29:22.775+0000: 920.991: [GC [PSYoungGen: 148516K->1022K(145984K)] 343506K->196100K(832960K), 0.0057760 secs] [Times: user=0.04 sys=0.00, real=0.00 secs] 
2014-07-08T04:29:23.273+0000: 921.489: [GC [PSYoungGen: 145982K->882K(174848K)] 341060K->196024K(861824K), 0.0089070 secs] [Times: user=0.05 sys=0.00, real=0.00 secs] 
2014-07-08T04:29:23.888+0000: 922.103: [GC [PSYoungGen: 174834K->548K(209344K)] 369976K->195892K(896320K), 0.0048260 secs] [Times: user=0.02 sys=0.00, real=0.00 secs] 
2014-07-08T04:29:24.639+0000: 922.854: [GC [PSYoungGen: 209316K->782K(204992K)] 404660K->196174K(891968K), 0.0058560 secs] [Times: user=0.04 sys=0.00, real=0.01 secs] 
2014-07-08T04:29:25.333+0000: 923.549: [GC [PSYoungGen: 204941K->690K(200384K)] 400333K->196178K(887360K), 0.0068070 secs] [Times: user=0.05 sys=0.00, real=0.00 secs] 
2014-07-08T04:29:26.037+0000: 924.253: [GC [PSYoungGen: 200370K->826K(209792K)] 395858K->196394K(896768K), 0.0091930 secs] [Times: user=0.06 sys=0.00, real=0.01 secs] 
2014-07-08T04:29:26.819+0000: 925.035: [GC [PSYoungGen: 209466K->872K(204928K)] 405034K->196504K(891904K), 0.0029710 secs] [Times: user=0.02 sys=0.00, real=0.00 secs] 
2014-07-08T04:29:27.487+0000: 925.702: [GC [PSYoungGen: 204904K->812K(200384K)] 400536K->196500K(887360K), 0.0037670 secs] [Times: user=0.02 sys=0.00, real=0.00 secs] 
2014-07-08T04:29:28.193+0000: 926.409: [GC [PSYoungGen: 200364K->612K(195840K)] 396052K->196380K(882816K), 0.0069380 secs] [Times: user=0.04 sys=0.00, real=0.01 secs] 
2014-07-08T04:29:28.974+0000: 927.189: [GC [PSYoungGen: 195812K->944K(192000K)] 391580K->196776K(878976K), 0.0054720 secs] [Times: user=0.04 sys=0.00, real=0.01 secs] 
2014-07-08T04:29:29.555+0000: 927.770: [GC [PSYoungGen: 191984K->736K(187776K)] 387816K->196894K(874752K), 0.0050320 secs] [Times: user=0.04 sys=0.00, real=0.00 secs] 
2014-07-08T04:29:30.199+0000: 928.415: [GC [PSYoungGen: 187744K->794K(183936K)] 383902K->197016K(870912K), 0.0055370 secs] [Times: user=0.04 sys=0.00, real=0.01 secs] 
2014-07-08T04:29:30.898+0000: 929.114: [GC [PSYoungGen: 183898K->882K(180224K)] 380120K->197160K(867200K), 0.0028940 secs] [Times: user=0.01 sys=0.00, real=0.00 secs] 
2014-07-08T04:29:31.481+0000: 929.696: [GC [PSYoungGen: 180210K->726K(176448K)] 376488K->197092K(863424K), 0.0056120 secs] [Times: user=0.03 sys=0.00, real=0.01 secs] 
2014-07-08T04:29:32.100+0000: 930.316: [GC [PSYoungGen: 176382K->698K(172864K)] 372749K->197136K(859840K), 0.0039940 secs] [Times: user=0.02 sys=0.00, real=0.01 secs] 
2014-07-08T04:29:32.737+0000: 930.953: [GC [PSYoungGen: 172858K->986K(169792K)] 369296K->197496K(856768K), 0.0034880 secs] [Times: user=0.02 sys=0.00, real=0.00 secs] 
2014-07-08T04:29:33.387+0000: 931.603: [GC [PSYoungGen: 169719K->608K(166080K)] 366229K->197608K(853056K), 0.0050220 secs] [Times: user=0.03 sys=0.00, real=0.00 secs] 
2014-07-08T04:29:34.016+0000: 932.232: [GC [PSYoungGen: 166048K->1122K(163392K)] 363048K->198194K(850368K), 0.0052680 secs] [Times: user=0.04 sys=0.00, real=0.00 secs] 
2014-07-08T04:29:34.449+0000: 932.664: [GC [PSYoungGen: 163362K->698K(159872K)] 360434K->197950K(846848K), 0.0028590 secs] [Times: user=0.01 sys=0.00, real=0.00 secs] 
2014-07-08T04:29:35.024+0000: 933.239: [GC [PSYoungGen: 159866K->530K(156736K)] 357118K->197838K(843712K), 0.0065040 secs] [Times: user=0.03 sys=0.00, real=0.01 secs] 
2014-07-08T04:29:35.553+0000: 933.769: [GC [PSYoungGen: 156658K->826K(154048K)] 353966K->198182K(841024K), 0.0066780 secs] [Times: user=0.04 sys=0.00, real=0.01 secs] 
2014-07-08T04:29:36.091+0000: 934.307: [GC [PSYoungGen: 153993K->680K(151104K)] 351349K->198100K(838080K), 0.0045030 secs] [Times: user=0.02 sys=0.00, real=0.01 secs] 
2014-07-08T04:29:36.634+0000: 934.849: [GC [PSYoungGen: 151080K->744K(181248K)] 348500K->198204K(868224K), 0.0087210 secs] [Times: user=0.04 sys=0.00, real=0.01 secs] 
2014-07-08T04:29:37.256+0000: 935.472: [GC [PSYoungGen: 181224K->562K(177344K)] 378684K->198086K(864320K), 0.0039160 secs] [Times: user=0.01 sys=0.01, real=0.00 secs] 
2014-07-08T04:29:37.870+0000: 936.086: [GC [PSYoungGen: 177330K->786K(174016K)] 374854K->198382K(860992K), 0.0056340 secs] [Times: user=0.04 sys=0.01, real=0.01 secs] 
2014-07-08T04:29:38.482+0000: 936.698: [GC [PSYoungGen: 173941K->851K(170624K)] 371538K->198487K(857600K), 0.0041880 secs] [Times: user=0.03 sys=0.00, real=0.01 secs] 
2014-07-08T04:29:39.216+0000: 937.432: [GC [PSYoungGen: 170579K->758K(167168K)] 368215K->198941K(854144K), 0.0027200 secs] [Times: user=0.01 sys=0.00, real=0.00 secs] 
2014-07-08T04:29:39.769+0000: 937.985: [GC [PSYoungGen: 167157K->922K(164096K)] 365340K->199153K(851072K), 0.0070160 secs] [Times: user=0.04 sys=0.01, real=0.01 secs] 
2014-07-08T04:29:40.233+0000: 938.449: [GC [PSYoungGen: 164058K->680K(160704K)] 362289K->199141K(847680K), 0.0027560 secs] [Times: user=0.02 sys=0.00, real=0.00 secs] 
2014-07-08T04:29:40.881+0000: 939.096: [GC [PSYoungGen: 160680K->854K(157888K)] 359141K->199395K(844864K), 0.0060410 secs] [Times: user=0.04 sys=0.01, real=0.01 secs] 
2014-07-08T04:29:41.342+0000: 939.557: [GC [PSYoungGen: 157846K->954K(155008K)] 356387K->199559K(841984K), 0.0045530 secs] [Times: user=0.03 sys=0.00, real=0.01 secs] 
2014-07-08T04:29:41.891+0000: 940.107: [GC [PSYoungGen: 155002K->716K(151936K)] 353607K->199353K(838912K), 0.0040510 secs] [Times: user=0.01 sys=0.00, real=0.00 secs] 
2014-07-08T04:29:42.412+0000: 940.628: [GC [PSYoungGen: 151884K->894K(149312K)] 350521K->199619K(836288K), 0.0037770 secs] [Times: user=0.03 sys=0.00, real=0.01 secs] 
2014-07-08T04:29:42.964+0000: 941.180: [GC [PSYoungGen: 149293K->1198K(146944K)] 348018K->200096K(833920K), 0.0055820 secs] [Times: user=0.03 sys=0.00, real=0.01 secs] 
2014-07-08T04:29:43.421+0000: 941.637: [GC [PSYoungGen: 146926K->356K(143488K)] 345824K->199601K(830464K), 0.0051300 secs] [Times: user=0.04 sys=0.00, real=0.01 secs] 
2014-07-08T04:29:43.979+0000: 942.194: [GC [PSYoungGen: 143425K->858K(141504K)] 342670K->200201K(828480K), 0.0050120 secs] [Times: user=0.03 sys=0.00, real=0.00 secs] 
2014-07-08T04:29:44.409+0000: 942.624: [GC [PSYoungGen: 141430K->818K(169600K)] 340773K->200283K(856576K), 0.0061650 secs] [Times: user=0.04 sys=0.00, real=0.00 secs] 
2014-07-08T04:29:45.000+0000: 943.216: [GC [PSYoungGen: 169586K->648K(166144K)] 369051K->200161K(853120K), 0.0050860 secs] [Times: user=0.03 sys=0.00, real=0.00 secs] 
2014-07-08T04:29:45.633+0000: 943.848: [GC [PSYoungGen: 166088K->836K(163136K)] 365601K->200389K(850112K), 0.0059690 secs] [Times: user=0.03 sys=0.00, real=0.01 secs] 
2014-07-08T04:29:46.143+0000: 944.359: [GC [PSYoungGen: 163076K->786K(195520K)] 362629K->200387K(882496K), 0.0068510 secs] [Times: user=0.04 sys=0.00, real=0.01 secs] 
2014-07-08T04:29:46.839+0000: 945.055: [GC [PSYoungGen: 195474K->894K(191424K)] 395075K->200599K(878400K), 0.0033430 secs] [Times: user=0.02 sys=0.00, real=0.00 secs] 
2014-07-08T04:29:47.496+0000: 945.711: [GC [PSYoungGen: 191422K->794K(187328K)] 391127K->200595K(874304K), 0.0050560 secs] [Times: user=0.02 sys=0.00, real=0.01 secs] 
2014-07-08T04:29:48.152+0000: 946.368: [GC [PSYoungGen: 187253K->871K(183488K)] 387054K->200893K(870464K), 0.0028100 secs] [Times: user=0.01 sys=0.00, real=0.00 secs] 
2014-07-08T04:29:48.851+0000: 947.066: [GC [PSYoungGen: 183463K->1000K(179840K)] 383485K->201085K(866816K), 0.0046590 secs] [Times: user=0.02 sys=0.01, real=0.00 secs] 
2014-07-08T04:29:49.404+0000: 947.619: [GC [PSYoungGen: 179816K->662K(175872K)] 379901K->200861K(862848K), 0.0049690 secs] [Times: user=0.02 sys=0.00, real=0.01 secs] 
2014-07-08T04:29:50.015+0000: 948.231: [GC [PSYoungGen: 175830K->498K(172160K)] 376029K->200737K(859136K), 0.0034710 secs] [Times: user=0.01 sys=0.00, real=0.01 secs] 
2014-07-08T04:29:50.617+0000: 948.833: [GC [PSYoungGen: 172118K->1050K(169344K)] 372357K->201322K(856320K), 0.0052000 secs] [Times: user=0.03 sys=0.01, real=0.00 secs] 
2014-07-08T04:29:51.197+0000: 949.413: [GC [PSYoungGen: 169306K->698K(165696K)] 369578K->201009K(852672K), 0.0041520 secs] [Times: user=0.02 sys=0.00, real=0.00 secs] 
2014-07-08T04:29:51.779+0000: 949.995: [GC [PSYoungGen: 165645K->947K(162752K)] 365956K->201473K(849728K), 0.0057600 secs] [Times: user=0.03 sys=0.00, real=0.00 secs] 
2014-07-08T04:29:52.336+0000: 950.551: [GC [PSYoungGen: 162739K->754K(159488K)] 363265K->201360K(846464K), 0.0054260 secs] [Times: user=0.03 sys=0.00, real=0.01 secs] 
2014-07-08T04:29:52.905+0000: 951.121: [GC [PSYoungGen: 159474K->544K(156288K)] 360080K->201264K(843264K), 0.0053260 secs] [Times: user=0.03 sys=0.00, real=0.01 secs] 
2014-07-08T04:29:53.439+0000: 951.654: [GC [PSYoungGen: 156256K->680K(153536K)] 356976K->201448K(840512K), 0.0067930 secs] [Times: user=0.04 sys=0.00, real=0.00 secs] 
2014-07-08T04:29:54.112+0000: 952.328: [GC [PSYoungGen: 153487K->726K(150784K)] 354256K->201542K(837760K), 0.0065800 secs] [Times: user=0.04 sys=0.00, real=0.01 secs] 
2014-07-08T04:29:54.499+0000: 952.715: [GC [PSYoungGen: 150742K->797K(180864K)] 351558K->201669K(867840K), 0.0052080 secs] [Times: user=0.03 sys=0.00, real=0.00 secs] 
2014-07-08T04:29:55.127+0000: 953.343: [GC [PSYoungGen: 180829K->530K(176960K)] 381701K->201458K(863936K), 0.0033760 secs] [Times: user=0.01 sys=0.01, real=0.01 secs] 
2014-07-08T04:29:55.785+0000: 954.000: [GC [PSYoungGen: 176888K->922K(173824K)] 377816K->201906K(860800K), 0.0047660 secs] [Times: user=0.02 sys=0.00, real=0.01 secs] 
2014-07-08T04:29:56.345+0000: 954.560: [GC [PSYoungGen: 173786K->566K(169984K)] 374770K->201590K(856960K), 0.0050660 secs] [Times: user=0.02 sys=0.01, real=0.01 secs] 
2014-07-08T04:29:56.957+0000: 955.172: [GC [PSYoungGen: 169972K->740K(166848K)] 370997K->201852K(853824K), 0.0051900 secs] [Times: user=0.03 sys=0.00, real=0.01 secs] 
2014-07-08T04:29:57.528+0000: 955.744: [GC [PSYoungGen: 166820K->790K(200128K)] 367932K->201942K(887104K), 0.0089410 secs] [Times: user=0.05 sys=0.00, real=0.00 secs] 
2014-07-08T04:29:58.227+0000: 956.443: [GC [PSYoungGen: 200086K->548K(216832K)] 401238K->201756K(903808K), 0.0082220 secs] [Times: user=0.05 sys=0.01, real=0.01 secs] 
2014-07-08T04:29:59.115+0000: 957.331: [GC [PSYoungGen: 216164K->854K(240384K)] 417372K->202118K(927360K), 0.0113140 secs] [Times: user=0.07 sys=0.00, real=0.01 secs] 
2014-07-08T04:29:59.909+0000: 958.125: [GC [PSYoungGen: 240022K->868K(234368K)] 441286K->202180K(921344K), 0.0028940 secs] [Times: user=0.01 sys=0.01, real=0.00 secs] 
2014-07-08T04:30:00.643+0000: 958.859: [GC [PSYoungGen: 234340K->370K(228352K)] 435652K->202319K(915328K), 0.0049990 secs] [Times: user=0.03 sys=0.00, real=0.00 secs] 
2014-07-08T04:30:01.407+0000: 959.623: [GC [PSYoungGen: 228338K->790K(223488K)] 430287K->202819K(910464K), 0.0035910 secs] [Times: user=0.02 sys=0.00, real=0.01 secs] 
2014-07-08T04:30:02.190+0000: 960.406: [GC [PSYoungGen: 223446K->836K(218432K)] 425475K->202985K(905408K), 0.0061280 secs] [Times: user=0.04 sys=0.00, real=0.00 secs] 
2014-07-08T04:30:02.969+0000: 961.184: [GC [PSYoungGen: 218372K->790K(213440K)] 420521K->203011K(900416K), 0.0099900 secs] [Times: user=0.05 sys=0.01, real=0.01 secs] 
2014-07-08T04:30:03.716+0000: 961.931: [GC [PSYoungGen: 213390K->616K(237824K)] 415611K->202943K(924800K), 0.0119610 secs] [Times: user=0.05 sys=0.00, real=0.01 secs] 
2014-07-08T04:30:04.543+0000: 962.759: [GC [PSYoungGen: 237800K->562K(232128K)] 440127K->202937K(919104K), 0.0061400 secs] [Times: user=0.03 sys=0.00, real=0.01 secs] 
2014-07-08T04:30:05.334+0000: 963.550: [GC [PSYoungGen: 232114K->634K(237248K)] 434489K->203263K(924224K), 0.0090220 secs] [Times: user=0.06 sys=0.00, real=0.01 secs] 
2014-07-08T04:30:06.194+0000: 964.409: [GC [PSYoungGen: 237242K->530K(231552K)] 439871K->203215K(918528K), 0.0039510 secs] [Times: user=0.01 sys=0.00, real=0.00 secs] 
2014-07-08T04:30:07.001+0000: 965.217: [GC [PSYoungGen: 231506K->622K(226176K)] 434191K->203495K(913152K), 0.0051960 secs] [Times: user=0.03 sys=0.00, real=0.00 secs] 
2014-07-08T04:30:07.847+0000: 966.063: [GC [PSYoungGen: 226158K->786K(221120K)] 429031K->203715K(908096K), 0.0052300 secs] [Times: user=0.04 sys=0.00, real=0.01 secs] 
2014-07-08T04:30:08.531+0000: 966.747: [GC [PSYoungGen: 221074K->868K(216128K)] 424003K->203869K(903104K), 0.0049740 secs] [Times: user=0.02 sys=0.00, real=0.00 secs] 
2014-07-08T04:30:09.293+0000: 967.509: [GC [PSYoungGen: 216100K->694K(211072K)] 419101K->203759K(898048K), 0.0065020 secs] [Times: user=0.04 sys=0.01, real=0.00 secs] 
2014-07-08T04:30:10.020+0000: 968.235: [GC [PSYoungGen: 211062K->698K(206400K)] 414127K->203893K(893376K), 0.0025580 secs] [Times: user=0.02 sys=0.00, real=0.01 secs] 
2014-07-08T04:30:10.799+0000: 969.014: [GC [PSYoungGen: 206394K->922K(202112K)] 409589K->204173K(889088K), 0.0046560 secs] [Times: user=0.03 sys=0.00, real=0.01 secs] 
2014-07-08T04:30:11.459+0000: 969.674: [GC [PSYoungGen: 202074K->548K(197376K)] 405325K->203847K(884352K), 0.0030160 secs] [Times: user=0.02 sys=0.00, real=0.01 secs] 
2014-07-08T04:30:12.244+0000: 970.460: [GC [PSYoungGen: 197310K->754K(193344K)] 400609K->204149K(880320K), 0.0044870 secs] [Times: user=0.03 sys=0.00, real=0.00 secs] 
2014-07-08T04:30:12.863+0000: 971.079: [GC [PSYoungGen: 193330K->1000K(189504K)] 396725K->204467K(876480K), 0.0038570 secs] [Times: user=0.03 sys=0.00, real=0.00 secs] 
2014-07-08T04:30:13.475+0000: 971.690: [GC [PSYoungGen: 189480K->812K(185344K)] 392947K->204351K(872320K), 0.0045900 secs] [Times: user=0.03 sys=0.00, real=0.00 secs] 
2014-07-08T04:30:14.188+0000: 972.404: [GC [PSYoungGen: 185305K->630K(181312K)] 388845K->204423K(868288K), 0.0077750 secs] [Times: user=0.04 sys=0.00, real=0.01 secs] 
2014-07-08T04:30:14.821+0000: 973.036: [GC [PSYoungGen: 181301K->1132K(178112K)] 385094K->205037K(865088K), 0.0077420 secs] [Times: user=0.04 sys=0.00, real=0.01 secs] 
2014-07-08T04:30:15.363+0000: 973.579: [GC [PSYoungGen: 178092K->552K(173952K)] 381997K->204916K(860928K), 0.0031960 secs] [Times: user=0.02 sys=0.00, real=0.00 secs] 
2014-07-08T04:30:15.981+0000: 974.197: [GC [PSYoungGen: 173928K->630K(170560K)] 378292K->205018K(857536K), 0.0104800 secs] [Times: user=0.05 sys=0.00, real=0.01 secs] 
2014-07-08T04:30:16.561+0000: 974.777: [GC [PSYoungGen: 170550K->914K(204864K)] 374938K->205374K(891840K), 0.0085470 secs] [Times: user=0.06 sys=0.00, real=0.01 secs] 
2014-07-08T04:30:17.259+0000: 975.474: [GC [PSYoungGen: 204816K->630K(200064K)] 409276K->205162K(887040K), 0.0044460 secs] [Times: user=0.03 sys=0.00, real=0.01 secs] 
2014-07-08T04:30:18.061+0000: 976.277: [GC [PSYoungGen: 200035K->940K(196096K)] 404567K->205536K(883072K), 0.0027440 secs] [Times: user=0.02 sys=0.00, real=0.00 secs] 
2014-07-08T04:30:18.662+0000: 976.878: [GC [PSYoungGen: 196076K->814K(191808K)] 400672K->205458K(878784K), 0.0030490 secs] [Times: user=0.01 sys=0.00, real=0.00 secs] 
2014-07-08T04:30:19.318+0000: 977.533: [GC [PSYoungGen: 191787K->730K(187712K)] 396431K->205454K(874688K), 0.0070310 secs] [Times: user=0.04 sys=0.01, real=0.01 secs] 
2014-07-08T04:30:19.996+0000: 978.212: [GC [PSYoungGen: 187674K->530K(183616K)] 392398K->205293K(870592K), 0.0054310 secs] [Times: user=0.03 sys=0.00, real=0.01 secs] 
2014-07-08T04:30:20.646+0000: 978.862: [GC [PSYoungGen: 183570K->854K(180160K)] 388333K->205674K(867136K), 0.0042800 secs] [Times: user=0.03 sys=0.00, real=0.00 secs] 
2014-07-08T04:30:21.252+0000: 979.467: [GC [PSYoungGen: 180118K->730K(176384K)] 384938K->205614K(863360K), 0.0052520 secs] [Times: user=0.03 sys=0.00, real=0.01 secs] 
2014-07-08T04:30:21.906+0000: 980.122: [GC [PSYoungGen: 176346K->808K(172928K)] 381230K->205812K(859904K), 0.0063470 secs] [Times: user=0.04 sys=0.00, real=0.01 secs] 
2014-07-08T04:30:22.461+0000: 980.677: [GC [PSYoungGen: 172900K->726K(169472K)] 377904K->205818K(856448K), 0.0044260 secs] [Times: user=0.02 sys=0.00, real=0.01 secs] 
2014-07-08T04:30:23.065+0000: 981.281: [GC [PSYoungGen: 169430K->616K(166016K)] 374522K->205756K(852992K), 0.0060570 secs] [Times: user=0.04 sys=0.00, real=0.00 secs] 
2014-07-08T04:30:23.652+0000: 981.867: [GC [PSYoungGen: 165977K->1046K(163264K)] 371117K->206226K(850240K), 0.0050130 secs] [Times: user=0.03 sys=0.00, real=0.01 secs] 
2014-07-08T04:30:24.337+0000: 982.553: [GC [PSYoungGen: 163217K->634K(159744K)] 368397K->206072K(846720K), 0.0031470 secs] [Times: user=0.01 sys=0.00, real=0.00 secs] 
2014-07-08T04:30:24.822+0000: 983.038: [GC [PSYoungGen: 159700K->858K(156992K)] 365138K->206344K(843968K), 0.0035040 secs] [Times: user=0.01 sys=0.00, real=0.00 secs] 
2014-07-08T04:30:25.313+0000: 983.529: [GC [PSYoungGen: 156954K->801K(153984K)] 362440K->206459K(840960K), 0.0043800 secs] [Times: user=0.03 sys=0.00, real=0.00 secs] 
2014-07-08T04:30:25.882+0000: 984.097: [GC [PSYoungGen: 153953K->1128K(151488K)] 359611K->206973K(838464K), 0.0029580 secs] [Times: user=0.01 sys=0.01, real=0.01 secs] 
2014-07-08T04:30:26.358+0000: 984.574: [GC [PSYoungGen: 151464K->370K(147968K)] 357309K->206484K(834944K), 0.0032160 secs] [Times: user=0.02 sys=0.01, real=0.00 secs] 
2014-07-08T04:30:26.913+0000: 985.129: [GC [PSYoungGen: 147954K->744K(145728K)] 354068K->206922K(832704K), 0.0061800 secs] [Times: user=0.03 sys=0.00, real=0.00 secs] 
2014-07-08T04:30:27.389+0000: 985.605: [GC [PSYoungGen: 145704K->736K(143168K)] 351882K->207021K(830144K), 0.0046270 secs] [Times: user=0.02 sys=0.01, real=0.01 secs] 
2014-07-08T04:30:27.908+0000: 986.124: [GC [PSYoungGen: 143136K->932K(140864K)] 349421K->207313K(827840K), 0.0032150 secs] [Times: user=0.01 sys=0.00, real=0.00 secs] 
2014-07-08T04:30:28.371+0000: 986.586: [GC [PSYoungGen: 140825K->872K(138368K)] 347206K->207309K(825344K), 0.0032540 secs] [Times: user=0.01 sys=0.00, real=0.01 secs] 
2014-07-08T04:30:28.889+0000: 987.105: [GC [PSYoungGen: 138344K->926K(136064K)] 344781K->207402K(823040K), 0.0065020 secs] [Times: user=0.04 sys=0.01, real=0.01 secs] 
2014-07-08T04:30:29.395+0000: 987.611: [GC [PSYoungGen: 136030K->630K(133440K)] 342506K->207611K(820416K), 0.0051580 secs] [Times: user=0.03 sys=0.01, real=0.00 secs] 
2014-07-08T04:30:29.885+0000: 988.100: [GC [PSYoungGen: 133430K->1264K(131840K)] 340411K->208309K(818816K), 0.0029790 secs] [Times: user=0.02 sys=0.00, real=0.00 secs] 
2014-07-08T04:30:30.247+0000: 988.463: [GC [PSYoungGen: 131824K->704K(129088K)] 338869K->207853K(816064K), 0.0045400 secs] [Times: user=0.03 sys=0.00, real=0.00 secs] 
2014-07-08T04:30:30.698+0000: 988.914: [GC [PSYoungGen: 129086K->1086K(127360K)] 336235K->208339K(814336K), 0.0052450 secs] [Times: user=0.03 sys=0.00, real=0.01 secs] 
2014-07-08T04:30:31.141+0000: 989.357: [GC [PSYoungGen: 127357K->844K(125120K)] 334610K->208169K(812096K), 0.0028950 secs] [Times: user=0.02 sys=0.00, real=0.01 secs] 
2014-07-08T04:30:31.565+0000: 989.780: [GC [PSYoungGen: 125068K->730K(149888K)] 332393K->208095K(836864K), 0.0064010 secs] [Times: user=0.04 sys=0.00, real=0.00 secs] 
2014-07-08T04:30:32.085+0000: 990.301: [GC [PSYoungGen: 149850K->918K(147392K)] 357215K->208371K(834368K), 0.0046690 secs] [Times: user=0.03 sys=0.00, real=0.00 secs] 
2014-07-08T04:30:32.623+0000: 990.839: [GC [PSYoungGen: 147350K->864K(144704K)] 354803K->208357K(831680K), 0.0033160 secs] [Times: user=0.01 sys=0.00, real=0.01 secs] 
2014-07-08T04:30:33.111+0000: 991.326: [GC [PSYoungGen: 144672K->758K(142016K)] 352165K->208323K(828992K), 0.0042380 secs] [Times: user=0.02 sys=0.00, real=0.01 secs] 
2014-07-08T04:30:33.607+0000: 991.823: [GC [PSYoungGen: 142006K->776K(139584K)] 349571K->208373K(826560K), 0.0043460 secs] [Times: user=0.01 sys=0.00, real=0.00 secs] 
2014-07-08T04:30:34.084+0000: 992.299: [GC [PSYoungGen: 139528K->898K(137344K)] 347125K->208559K(824320K), 0.0028160 secs] [Times: user=0.01 sys=0.00, real=0.01 secs] 
2014-07-08T04:30:34.594+0000: 992.810: [GC [PSYoungGen: 137282K->964K(135104K)] 344943K->208665K(822080K), 0.0044730 secs] [Times: user=0.02 sys=0.00, real=0.00 secs] 
2014-07-08T04:30:35.072+0000: 993.287: [GC [PSYoungGen: 135044K->484K(132352K)] 342745K->208425K(819328K), 0.0044670 secs] [Times: user=0.03 sys=0.00, real=0.01 secs] 
2014-07-08T04:30:35.519+0000: 993.735: [GC [PSYoungGen: 132293K->976K(159232K)] 340234K->209039K(846208K), 0.0127300 secs] [Times: user=0.08 sys=0.00, real=0.01 secs] 
2014-07-08T04:30:36.077+0000: 994.292: [GC [PSYoungGen: 159176K->730K(190656K)] 367240K->209031K(877632K), 0.0043880 secs] [Times: user=0.03 sys=0.00, real=0.00 secs] 
2014-07-08T04:30:36.764+0000: 994.980: [GC [PSYoungGen: 190618K->872K(216704K)] 398919K->209221K(903680K), 0.0046850 secs] [Times: user=0.03 sys=0.00, real=0.00 secs] 
2014-07-08T04:30:37.497+0000: 995.713: [GC [PSYoungGen: 216360K->612K(211264K)] 424709K->209033K(898240K), 0.0055940 secs] [Times: user=0.04 sys=0.00, real=0.00 secs] 
2014-07-08T04:30:38.232+0000: 996.448: [GC [PSYoungGen: 211236K->762K(206656K)] 419657K->209255K(893632K), 0.0037660 secs] [Times: user=0.03 sys=0.00, real=0.01 secs] 
2014-07-08T04:30:38.953+0000: 997.169: [GC [PSYoungGen: 206650K->722K(202112K)] 415143K->209311K(889088K), 0.0041140 secs] [Times: user=0.03 sys=0.00, real=0.01 secs] 
2014-07-08T04:30:39.704+0000: 997.919: [GC [PSYoungGen: 202066K->836K(197888K)] 410655K->209513K(884864K), 0.0033630 secs] [Times: user=0.02 sys=0.00, real=0.01 secs] 
2014-07-08T04:30:40.334+0000: 998.550: [GC [PSYoungGen: 197821K->694K(193472K)] 406499K->209467K(880448K), 0.0032690 secs] [Times: user=0.01 sys=0.01, real=0.01 secs] 
2014-07-08T04:30:41.017+0000: 999.233: [GC [PSYoungGen: 193462K->676K(189376K)] 402235K->209545K(876352K), 0.0049270 secs] [Times: user=0.03 sys=0.00, real=0.00 secs] 
2014-07-08T04:30:41.738+0000: 999.954: [GC [PSYoungGen: 189348K->954K(185664K)] 398217K->209879K(872640K), 0.0030700 secs] [Times: user=0.02 sys=0.00, real=0.00 secs] 
2014-07-08T04:30:42.348+0000: 1000.564: [GC [PSYoungGen: 185658K->876K(181760K)] 394583K->209897K(868736K), 0.0053480 secs] [Times: user=0.03 sys=0.01, real=0.00 secs] 
2014-07-08T04:30:42.988+0000: 1001.204: [GC [PSYoungGen: 181740K->498K(177664K)] 390761K->209567K(864640K), 0.0072120 secs] [Times: user=0.04 sys=0.00, real=0.01 secs] 
2014-07-08T04:30:43.602+0000: 1001.818: [GC [PSYoungGen: 177650K->1114K(174720K)] 386719K->210247K(861696K), 0.0091760 secs] [Times: user=0.06 sys=0.01, real=0.01 secs] 
2014-07-08T04:30:44.193+0000: 1002.409: [GC [PSYoungGen: 174654K->755K(170880K)] 383787K->209904K(857856K), 0.0055540 secs] [Times: user=0.01 sys=0.00, real=0.01 secs] 
2014-07-08T04:30:44.878+0000: 1003.094: [GC [PSYoungGen: 170867K->1060K(167872K)] 380016K->210265K(854848K), 0.0059610 secs] [Times: user=0.03 sys=0.00, real=0.00 secs] 
2014-07-08T04:30:45.352+0000: 1003.568: [GC [PSYoungGen: 167844K->608K(200832K)] 377049K->210089K(887808K), 0.0060240 secs] [Times: user=0.03 sys=0.00, real=0.01 secs] 
2014-07-08T04:30:46.052+0000: 1004.268: [GC [PSYoungGen: 200800K->612K(196480K)] 410281K->210165K(883456K), 0.0035240 secs] [Times: user=0.01 sys=0.01, real=0.00 secs] 
2014-07-08T04:30:46.759+0000: 1004.975: [GC [PSYoungGen: 196426K->1178K(192832K)] 405980K->210820K(879808K), 0.0053460 secs] [Times: user=0.02 sys=0.01, real=0.00 secs] 
2014-07-08T04:30:47.388+0000: 1005.604: [GC [PSYoungGen: 192794K->718K(188352K)] 402436K->210415K(875328K), 0.0039870 secs] [Times: user=0.03 sys=0.00, real=0.00 secs] 
2014-07-08T04:30:48.141+0000: 1006.357: [GC [PSYoungGen: 188302K->754K(184448K)] 397999K->210531K(871424K), 0.0055630 secs] [Times: user=0.02 sys=0.01, real=0.01 secs] 
2014-07-08T04:30:48.752+0000: 1006.968: [GC [PSYoungGen: 184434K->854K(180800K)] 394211K->210711K(867776K), 0.0030420 secs] [Times: user=0.01 sys=0.00, real=0.00 secs] 
2014-07-08T04:30:49.350+0000: 1007.566: [GC [PSYoungGen: 180758K->772K(177088K)] 390615K->210701K(864064K), 0.0057690 secs] [Times: user=0.03 sys=0.00, real=0.01 secs] 
2014-07-08T04:30:49.998+0000: 1008.214: [GC [PSYoungGen: 177002K->630K(173376K)] 386932K->210591K(860352K), 0.0039770 secs] [Times: user=0.02 sys=0.00, real=0.00 secs] 
2014-07-08T04:30:50.579+0000: 1008.795: [GC [PSYoungGen: 173366K->992K(170304K)] 383327K->211001K(857280K), 0.0043110 secs] [Times: user=0.02 sys=0.00, real=0.00 secs] 
2014-07-08T04:30:51.166+0000: 1009.382: [GC [PSYoungGen: 170262K->644K(166656K)] 380271K->210717K(853632K), 0.0042870 secs] [Times: user=0.02 sys=0.00, real=0.00 secs] 
2014-07-08T04:30:51.785+0000: 1010.001: [GC [PSYoungGen: 166596K->890K(163648K)] 376669K->211231K(850624K), 0.0049880 secs] [Times: user=0.03 sys=0.00, real=0.01 secs] 
2014-07-08T04:30:52.317+0000: 1010.533: [GC [PSYoungGen: 163642K->666K(160320K)] 373983K->211071K(847296K), 0.0030300 secs] [Times: user=0.02 sys=0.00, real=0.01 secs] 
2014-07-08T04:30:52.924+0000: 1011.139: [GC [PSYoungGen: 160280K->708K(157376K)] 370686K->211161K(844352K), 0.0082690 secs] [Times: user=0.04 sys=0.00, real=0.01 secs] 
2014-07-08T04:30:53.443+0000: 1011.659: [GC [PSYoungGen: 157316K->730K(154432K)] 367769K->211239K(841408K), 0.0052750 secs] [Times: user=0.03 sys=0.01, real=0.01 secs] 
2014-07-08T04:30:53.985+0000: 1012.200: [GC [PSYoungGen: 154394K->748K(151616K)] 364903K->211329K(838592K), 0.0030930 secs] [Times: user=0.02 sys=0.00, real=0.01 secs] 
2014-07-08T04:30:54.508+0000: 1012.724: [GC [PSYoungGen: 151574K->630K(148736K)] 362156K->211283K(835712K), 0.0078900 secs] [Times: user=0.04 sys=0.01, real=0.00 secs] 
2014-07-08T04:30:55.184+0000: 1013.400: [GC [PSYoungGen: 148722K->858K(178624K)] 359376K->211583K(865600K), 0.0083060 secs] [Times: user=0.06 sys=0.00, real=0.01 secs] 
2014-07-08T04:30:55.651+0000: 1013.867: [GC [PSYoungGen: 178565K->772K(214144K)] 389290K->211569K(901120K), 0.0054360 secs] [Times: user=0.04 sys=0.00, real=0.00 secs] 
2014-07-08T04:30:56.404+0000: 1014.620: [GC [PSYoungGen: 214073K->744K(209280K)] 424871K->211725K(896256K), 0.0042270 secs] [Times: user=0.03 sys=0.01, real=0.01 secs] 
2014-07-08T04:30:57.121+0000: 1015.337: [GC [PSYoungGen: 209210K->730K(204672K)] 420192K->211799K(891648K), 0.0043250 secs] [Times: user=0.03 sys=0.00, real=0.00 secs] 
2014-07-08T04:30:57.861+0000: 1016.077: [GC [PSYoungGen: 204634K->954K(200384K)] 415703K->212169K(887360K), 0.0048300 secs] [Times: user=0.03 sys=0.00, real=0.00 secs] 
2014-07-08T04:30:58.556+0000: 1016.772: [GC [PSYoungGen: 200375K->840K(196032K)] 411591K->212119K(883008K), 0.0103340 secs] [Times: user=0.06 sys=0.01, real=0.01 secs] 
2014-07-08T04:30:59.248+0000: 1017.464: [GC [PSYoungGen: 195961K->666K(191680K)] 407241K->212043K(878656K), 0.0071980 secs] [Times: user=0.04 sys=0.01, real=0.00 secs] 
2014-07-08T04:31:00.042+0000: 1018.257: [GC [PSYoungGen: 191642K->1088K(188096K)] 403019K->212530K(875072K), 0.0073900 secs] [Times: user=0.05 sys=0.00, real=0.01 secs] 
2014-07-08T04:31:00.619+0000: 1018.835: [GC [PSYoungGen: 188027K->616K(183680K)] 399469K->212269K(870656K), 0.0038240 secs] [Times: user=0.01 sys=0.00, real=0.00 secs] 
2014-07-08T04:31:01.208+0000: 1019.423: [GC [PSYoungGen: 183656K->844K(180160K)] 395309K->212601K(867136K), 0.0038630 secs] [Times: user=0.03 sys=0.00, real=0.01 secs] 
2014-07-08T04:31:01.901+0000: 1020.117: [GC [PSYoungGen: 180088K->939K(176576K)] 391845K->212793K(863552K), 0.0027520 secs] [Times: user=0.01 sys=0.00, real=0.00 secs] 
2014-07-08T04:31:02.453+0000: 1020.669: [GC [PSYoungGen: 176517K->698K(172800K)] 388371K->212623K(859776K), 0.0039590 secs] [Times: user=0.02 sys=0.00, real=0.00 secs] 
2014-07-08T04:31:03.060+0000: 1021.275: [GC [PSYoungGen: 172794K->698K(169408K)] 384719K->212711K(856384K), 0.0046190 secs] [Times: user=0.03 sys=0.00, real=0.00 secs] 
2014-07-08T04:31:03.666+0000: 1021.882: [GC [PSYoungGen: 169402K->1018K(166400K)] 381415K->213071K(853376K), 0.0049090 secs] [Times: user=0.02 sys=0.00, real=0.01 secs] 
2014-07-08T04:31:04.235+0000: 1022.451: [GC [PSYoungGen: 166394K->730K(162944K)] 378447K->212863K(849920K), 0.0042070 secs] [Times: user=0.03 sys=0.00, real=0.01 secs] 
2014-07-08T04:31:04.878+0000: 1023.094: [GC [PSYoungGen: 162906K->886K(160000K)] 375039K->213083K(846976K), 0.0067700 secs] [Times: user=0.03 sys=0.00, real=0.01 secs] 
2014-07-08T04:31:05.359+0000: 1023.575: [GC [PSYoungGen: 159990K->580K(156736K)] 372187K->212849K(843712K), 0.0054650 secs] [Times: user=0.03 sys=0.00, real=0.00 secs] 
2014-07-08T04:31:05.981+0000: 1024.197: [GC [PSYoungGen: 156653K->890K(188224K)] 368923K->213215K(875200K), 0.0093550 secs] [Times: user=0.05 sys=0.00, real=0.01 secs] 
2014-07-08T04:31:06.575+0000: 1024.791: [GC [PSYoungGen: 188211K->694K(209856K)] 400537K->213059K(896832K), 0.0097710 secs] [Times: user=0.06 sys=0.00, real=0.01 secs] 
2014-07-08T04:31:07.307+0000: 1025.523: [GC [PSYoungGen: 209590K->598K(210112K)] 421955K->213011K(897088K), 0.0055340 secs] [Times: user=0.03 sys=0.00, real=0.01 secs] 
2014-07-08T04:31:08.025+0000: 1026.240: [GC [PSYoungGen: 209494K->1160K(205440K)] 421907K->213630K(892416K), 0.0041120 secs] [Times: user=0.03 sys=0.00, real=0.00 secs] 
2014-07-08T04:31:08.764+0000: 1026.980: [GC [PSYoungGen: 205384K->872K(200640K)] 417854K->213397K(887616K), 0.0074910 secs] [Times: user=0.04 sys=0.00, real=0.01 secs] 
2014-07-08T04:31:09.436+0000: 1027.652: [GC [PSYoungGen: 200616K->488K(195904K)] 413141K->213434K(882880K), 0.0043510 secs] [Times: user=0.03 sys=0.00, real=0.01 secs] 
2014-07-08T04:31:10.143+0000: 1028.359: [GC [PSYoungGen: 195880K->576K(191808K)] 408826K->213586K(878784K), 0.0048250 secs] [Times: user=0.01 sys=0.00, real=0.00 secs] 
2014-07-08T04:31:10.816+0000: 1029.032: [GC [PSYoungGen: 191808K->1024K(188288K)] 404818K->214098K(875264K), 0.0055550 secs] [Times: user=0.03 sys=0.00, real=0.01 secs] 
2014-07-08T04:31:11.427+0000: 1029.643: [GC [PSYoungGen: 188224K->768K(184128K)] 401298K->213922K(871104K), 0.0074210 secs] [Times: user=0.04 sys=0.00, real=0.01 secs] 
2014-07-08T04:31:12.134+0000: 1030.349: [GC [PSYoungGen: 184025K->694K(180224K)] 397179K->213978K(867200K), 0.0072540 secs] [Times: user=0.05 sys=0.01, real=0.01 secs] 
2014-07-08T04:31:12.721+0000: 1030.937: [GC [PSYoungGen: 180143K->1211K(177088K)] 393428K->214560K(864064K), 0.0033240 secs] [Times: user=0.02 sys=0.00, real=0.00 secs] 
2014-07-08T04:31:13.314+0000: 1031.529: [GC [PSYoungGen: 177083K->530K(172928K)] 390432K->213934K(859904K), 0.0049200 secs] [Times: user=0.03 sys=0.00, real=0.00 secs] 
2014-07-08T04:31:13.959+0000: 1032.175: [GC [PSYoungGen: 172882K->1064K(170048K)] 386286K->214541K(857024K), 0.0071250 secs] [Times: user=0.04 sys=0.00, real=0.01 secs] 
2014-07-08T04:31:14.496+0000: 1032.711: [GC [PSYoungGen: 170024K->616K(166272K)] 383501K->214140K(853248K), 0.0042140 secs] [Times: user=0.02 sys=0.00, real=0.00 secs] 
2014-07-08T04:31:15.073+0000: 1033.288: [GC [PSYoungGen: 166223K->865K(163328K)] 379748K->214429K(850304K), 0.0045970 secs] [Times: user=0.02 sys=0.00, real=0.00 secs] 
2014-07-08T04:31:15.630+0000: 1033.846: [GC [PSYoungGen: 163297K->594K(159936K)] 376861K->214198K(846912K), 0.0031210 secs] [Times: user=0.01 sys=0.00, real=0.00 secs] 
2014-07-08T04:31:16.187+0000: 1034.403: [GC [PSYoungGen: 159874K->953K(157248K)] 373479K->214629K(844224K), 0.0033890 secs] [Times: user=0.02 sys=0.00, real=0.01 secs] 
2014-07-08T04:31:16.739+0000: 1034.955: [GC [PSYoungGen: 157241K->840K(154240K)] 370917K->214580K(841216K), 0.0049770 secs] [Times: user=0.03 sys=0.00, real=0.01 secs] 
2014-07-08T04:31:17.261+0000: 1035.477: [GC [PSYoungGen: 154155K->712K(151296K)] 367895K->214540K(838272K), 0.0051200 secs] [Times: user=0.03 sys=0.00, real=0.00 secs] 
2014-07-08T04:31:17.819+0000: 1036.035: [GC [PSYoungGen: 151240K->744K(148544K)] 365068K->214620K(835520K), 0.0063370 secs] [Times: user=0.03 sys=0.00, real=0.01 secs] 
2014-07-08T04:31:18.297+0000: 1036.513: [GC [PSYoungGen: 148453K->894K(145984K)] 362329K->214826K(832960K), 0.0051280 secs] [Times: user=0.03 sys=0.00, real=0.01 secs] 
2014-07-08T04:31:18.921+0000: 1037.137: [GC [PSYoungGen: 145982K->954K(143488K)] 359914K->214974K(830464K), 0.0056320 secs] [Times: user=0.04 sys=0.00, real=0.01 secs] 
2014-07-08T04:31:19.316+0000: 1037.532: [GC [PSYoungGen: 143482K->754K(140800K)] 357502K->214830K(827776K), 0.0049680 secs] [Times: user=0.03 sys=0.00, real=0.01 secs] 
2014-07-08T04:31:19.838+0000: 1038.054: [GC [PSYoungGen: 140768K->772K(168896K)] 354845K->214920K(855872K), 0.0066630 secs] [Times: user=0.04 sys=0.00, real=0.01 secs] 
2014-07-08T04:31:20.381+0000: 1038.597: [GC [PSYoungGen: 168836K->766K(165568K)] 382984K->214962K(852544K), 0.0044920 secs] [Times: user=0.02 sys=0.00, real=0.00 secs] 
2014-07-08T04:31:20.969+0000: 1039.184: [GC [PSYoungGen: 165566K->648K(162304K)] 379762K->214908K(849280K), 0.0049020 secs] [Times: user=0.03 sys=0.00, real=0.01 secs] 
2014-07-08T04:31:21.538+0000: 1039.753: [GC [PSYoungGen: 162248K->530K(159104K)] 376508K->214838K(846080K), 0.0053480 secs] [Times: user=0.03 sys=0.00, real=0.01 secs] 
2014-07-08T04:31:22.091+0000: 1040.307: [GC [PSYoungGen: 159004K->747K(156288K)] 373312K->215127K(843264K), 0.0049740 secs] [Times: user=0.02 sys=0.01, real=0.00 secs] 
2014-07-08T04:31:22.646+0000: 1040.862: [GC [PSYoungGen: 156236K->1000K(153664K)] 370616K->215444K(840640K), 0.0072200 secs] [Times: user=0.04 sys=0.00, real=0.01 secs] 
2014-07-08T04:31:23.170+0000: 1041.386: [GC [PSYoungGen: 153640K->566K(183744K)] 368084K->215206K(870720K), 0.0108870 secs] [Times: user=0.08 sys=0.00, real=0.01 secs] 
2014-07-08T04:31:23.854+0000: 1042.070: [GC [PSYoungGen: 183734K->904K(220800K)] 398374K->215624K(907776K), 0.0069490 secs] [Times: user=0.04 sys=0.00, real=0.01 secs] 
2014-07-08T04:31:24.582+0000: 1042.798: [GC [PSYoungGen: 220744K->942K(239360K)] 435464K->215931K(926336K), 0.0032750 secs] [Times: user=0.02 sys=0.00, real=0.01 secs] 
2014-07-08T04:31:25.495+0000: 1043.710: [GC [PSYoungGen: 239342K->626K(233344K)] 454331K->215670K(920320K), 0.0066390 secs] [Times: user=0.04 sys=0.00, real=0.00 secs] 
2014-07-08T04:31:26.260+0000: 1044.476: [GC [PSYoungGen: 233330K->598K(227840K)] 448374K->215698K(914816K), 0.0057870 secs] [Times: user=0.04 sys=0.00, real=0.01 secs] 
2014-07-08T04:31:27.059+0000: 1045.274: [GC [PSYoungGen: 227791K->733K(222656K)] 442892K->215906K(909632K), 0.0070270 secs] [Times: user=0.05 sys=0.00, real=0.01 secs] 
2014-07-08T04:31:27.886+0000: 1046.102: [GC [PSYoungGen: 222608K->922K(217728K)] 437781K->216190K(904704K), 0.0049960 secs] [Times: user=0.03 sys=0.00, real=0.00 secs] 
2014-07-08T04:31:28.597+0000: 1046.813: [GC [PSYoungGen: 217690K->1088K(212992K)] 432958K->216421K(899968K), 0.0060110 secs] [Times: user=0.03 sys=0.00, real=0.01 secs] 
2014-07-08T04:31:29.334+0000: 1047.549: [GC [PSYoungGen: 212928K->498K(207616K)] 428261K->216058K(894592K), 0.0071420 secs] [Times: user=0.05 sys=0.00, real=0.00 secs] 
2014-07-08T04:31:30.082+0000: 1048.298: [GC [PSYoungGen: 207602K->1174K(203712K)] 423162K->216799K(890688K), 0.0037860 secs] [Times: user=0.02 sys=0.00, real=0.00 secs] 
2014-07-08T04:31:30.834+0000: 1049.049: [GC [PSYoungGen: 203670K->882K(198976K)] 419295K->216725K(885952K), 0.0041780 secs] [Times: user=0.03 sys=0.00, real=0.00 secs] 
2014-07-08T04:31:31.463+0000: 1049.679: [GC [PSYoungGen: 198949K->900K(194752K)] 414792K->216807K(881728K), 0.0032650 secs] [Times: user=0.01 sys=0.00, real=0.00 secs] 
2014-07-08T04:31:32.151+0000: 1050.367: [GC [PSYoungGen: 194691K->1011K(190720K)] 410598K->217080K(877696K), 0.0040370 secs] [Times: user=0.03 sys=0.00, real=0.01 secs] 
2014-07-08T04:31:32.845+0000: 1051.060: [GC [PSYoungGen: 190707K->864K(186624K)] 406776K->216973K(873600K), 0.0076320 secs] [Times: user=0.05 sys=0.00, real=0.00 secs] 
2014-07-08T04:31:33.474+0000: 1051.690: [GC [PSYoungGen: 186592K->844K(182784K)] 402701K->217041K(869760K), 0.0034430 secs] [Times: user=0.02 sys=0.01, real=0.00 secs] 
2014-07-08T04:31:34.106+0000: 1052.322: [GC [PSYoungGen: 182732K->694K(178880K)] 398929K->216955K(865856K), 0.0027710 secs] [Times: user=0.02 sys=0.00, real=0.00 secs] 
2014-07-08T04:31:34.750+0000: 1052.966: [GC [PSYoungGen: 178785K->1022K(175616K)] 395046K->217651K(862592K), 0.0066500 secs] [Times: user=0.04 sys=0.00, real=0.01 secs] 
2014-07-08T04:31:35.323+0000: 1053.538: [GC [PSYoungGen: 175566K->794K(171904K)] 392195K->217511K(858880K), 0.0048060 secs] [Times: user=0.03 sys=0.01, real=0.01 secs] 
2014-07-08T04:31:35.924+0000: 1054.140: [GC [PSYoungGen: 171866K->662K(168384K)] 388583K->217451K(855360K), 0.0030050 secs] [Times: user=0.01 sys=0.00, real=0.00 secs] 
2014-07-08T04:31:36.492+0000: 1054.708: [GC [PSYoungGen: 168342K->876K(165312K)] 385131K->217721K(852288K), 0.0068450 secs] [Times: user=0.04 sys=0.00, real=0.01 secs] 
2014-07-08T04:31:37.145+0000: 1055.360: [GC [PSYoungGen: 165292K->954K(162176K)] 382137K->217895K(849152K), 0.0035970 secs] [Times: user=0.02 sys=0.00, real=0.00 secs] 
2014-07-08T04:31:37.641+0000: 1055.857: [GC [PSYoungGen: 162158K->1014K(159168K)] 379099K->218028K(846144K), 0.0048750 secs] [Times: user=0.03 sys=0.00, real=0.01 secs] 
2014-07-08T04:31:38.190+0000: 1056.405: [GC [PSYoungGen: 159157K->712K(155968K)] 376170K->217789K(842944K), 0.0039330 secs] [Times: user=0.03 sys=0.00, real=0.00 secs] 
2014-07-08T04:31:38.756+0000: 1056.972: [GC [PSYoungGen: 155912K->1086K(153408K)] 372989K->218235K(840384K), 0.0027770 secs] [Times: user=0.01 sys=0.01, real=0.00 secs] 
2014-07-08T04:31:39.278+0000: 1057.494: [GC [PSYoungGen: 153406K->786K(150336K)] 370555K->218007K(837312K), 0.0031280 secs] [Times: user=0.01 sys=0.00, real=0.00 secs] 
2014-07-08T04:31:39.848+0000: 1058.063: [GC [PSYoungGen: 150290K->990K(147840K)] 367511K->218267K(834816K), 0.0054650 secs] [Times: user=0.04 sys=0.00, real=0.00 secs] 
2014-07-08T04:31:40.343+0000: 1058.559: [GC [PSYoungGen: 147806K->730K(144960K)] 365083K->218055K(831936K), 0.0029180 secs] [Times: user=0.02 sys=0.00, real=0.01 secs] 
2014-07-08T04:31:40.871+0000: 1059.086: [GC [PSYoungGen: 144922K->790K(142464K)] 362247K->218187K(829440K), 0.0033680 secs] [Times: user=0.02 sys=0.00, real=0.01 secs] 
2014-07-08T04:31:41.315+0000: 1059.531: [GC [PSYoungGen: 142406K->612K(139776K)] 359803K->218065K(826752K), 0.0036440 secs] [Times: user=0.02 sys=0.00, real=0.00 secs] 
2014-07-08T04:31:41.864+0000: 1060.080: [GC [PSYoungGen: 139748K->918K(137664K)] 357201K->218443K(824640K), 0.0089240 secs] [Times: user=0.06 sys=0.01, real=0.01 secs] 
2014-07-08T04:31:42.295+0000: 1060.510: [GC [PSYoungGen: 137622K->911K(165056K)] 355147K->218500K(852032K), 0.0072550 secs] [Times: user=0.04 sys=0.00, real=0.00 secs] 
2014-07-08T04:31:42.929+0000: 1061.144: [GC [PSYoungGen: 164983K->1010K(161984K)] 382572K->218647K(848960K), 0.0031800 secs] [Times: user=0.02 sys=0.00, real=0.00 secs] 
2014-07-08T04:31:43.441+0000: 1061.657: [GC [PSYoungGen: 161970K->629K(158528K)] 379607K->218608K(845504K), 0.0056510 secs] [Times: user=0.03 sys=0.00, real=0.01 secs] 
2014-07-08T04:31:43.980+0000: 1062.196: [GC [PSYoungGen: 158489K->676K(190208K)] 376468K->218727K(877184K), 0.0062040 secs] [Times: user=0.03 sys=0.00, real=0.01 secs] 
2014-07-08T04:31:44.654+0000: 1062.869: [GC [PSYoungGen: 190180K->900K(186496K)] 408231K->218991K(873472K), 0.0047290 secs] [Times: user=0.01 sys=0.00, real=0.01 secs] 
2014-07-08T04:31:45.356+0000: 1063.571: [GC [PSYoungGen: 186415K->1082K(182784K)] 404507K->219237K(869760K), 0.0082500 secs] [Times: user=0.06 sys=0.00, real=0.00 secs] 
2014-07-08T04:31:45.922+0000: 1064.138: [GC [PSYoungGen: 182778K->512K(178496K)] 400933K->218739K(865472K), 0.0049230 secs] [Times: user=0.03 sys=0.00, real=0.01 secs] 
2014-07-08T04:31:46.546+0000: 1064.762: [GC [PSYoungGen: 178496K->762K(175168K)] 396723K->219037K(862144K), 0.0059380 secs] [Times: user=0.03 sys=0.01, real=0.00 secs] 
2014-07-08T04:31:47.165+0000: 1065.380: [GC [PSYoungGen: 175072K->875K(171840K)] 393348K->219230K(858816K), 0.0041320 secs] [Times: user=0.02 sys=0.00, real=0.01 secs] 
2014-07-08T04:31:47.795+0000: 1066.011: [GC [PSYoungGen: 171819K->1000K(206208K)] 390174K->219387K(893184K), 0.0172300 secs] [Times: user=0.11 sys=0.01, real=0.01 secs] 
2014-07-08T04:31:48.479+0000: 1066.695: [GC [PSYoungGen: 206184K->612K(222208K)] 424571K->219055K(909184K), 0.0052220 secs] [Times: user=0.04 sys=0.00, real=0.00 secs] 
2014-07-08T04:31:49.321+0000: 1067.537: [GC [PSYoungGen: 222116K->758K(222784K)] 440559K->219273K(909760K), 0.0058830 secs] [Times: user=0.04 sys=0.00, real=0.01 secs] 
2014-07-08T04:31:50.033+0000: 1068.248: [GC [PSYoungGen: 222262K->612K(217088K)] 440777K->219199K(904064K), 0.0045680 secs] [Times: user=0.03 sys=0.00, real=0.01 secs] 
2014-07-08T04:31:50.786+0000: 1069.002: [GC [PSYoungGen: 217041K->882K(212416K)] 435628K->219501K(899392K), 0.0042650 secs] [Times: user=0.01 sys=0.00, real=0.01 secs] 
2014-07-08T04:31:51.497+0000: 1069.713: [GC [PSYoungGen: 212376K->598K(207424K)] 430996K->219257K(894400K), 0.0029790 secs] [Times: user=0.01 sys=0.00, real=0.00 secs] 
2014-07-08T04:31:52.216+0000: 1070.432: [GC [PSYoungGen: 207382K->858K(203136K)] 426041K->219565K(890112K), 0.0075870 secs] [Times: user=0.04 sys=0.00, real=0.00 secs] 
2014-07-08T04:31:52.947+0000: 1071.163: [GC [PSYoungGen: 203098K->680K(198528K)] 421805K->219443K(885504K), 0.0070720 secs] [Times: user=0.04 sys=0.00, real=0.00 secs] 
2014-07-08T04:31:53.628+0000: 1071.844: [GC [PSYoungGen: 198504K->946K(194496K)] 417267K->219773K(881472K), 0.0035580 secs] [Times: user=0.02 sys=0.00, real=0.00 secs] 
2014-07-08T04:31:54.296+0000: 1072.512: [GC [PSYoungGen: 194482K->818K(190272K)] 413309K->219733K(877248K), 0.0037290 secs] [Times: user=0.02 sys=0.00, real=0.00 secs] 
2014-07-08T04:31:55.012+0000: 1073.227: [GC [PSYoungGen: 190258K->1207K(186688K)] 409173K->220186K(873664K), 0.0055470 secs] [Times: user=0.04 sys=0.00, real=0.01 secs] 
2014-07-08T04:31:55.662+0000: 1073.878: [GC [PSYoungGen: 186679K->424K(182080K)] 405658K->219781K(869056K), 0.0063590 secs] [Times: user=0.02 sys=0.01, real=0.01 secs] 
2014-07-08T04:31:56.239+0000: 1074.454: [GC [PSYoungGen: 182056K->900K(178880K)] 401413K->220337K(865856K), 0.0042700 secs] [Times: user=0.02 sys=0.00, real=0.00 secs] 
2014-07-08T04:31:56.912+0000: 1075.128: [GC [PSYoungGen: 178795K->1118K(175488K)] 398232K->220807K(862464K), 0.0030790 secs] [Times: user=0.02 sys=0.01, real=0.00 secs] 
2014-07-08T04:31:57.486+0000: 1075.701: [GC [PSYoungGen: 175454K->780K(171712K)] 395143K->220549K(858688K), 0.0058520 secs] [Times: user=0.03 sys=0.00, real=0.01 secs] 
2014-07-08T04:31:58.079+0000: 1076.295: [GC [PSYoungGen: 171660K->566K(168064K)] 391429K->220391K(855040K), 0.0026200 secs] [Times: user=0.02 sys=0.00, real=0.00 secs] 
2014-07-08T04:31:58.680+0000: 1076.895: [GC [PSYoungGen: 168051K->1008K(165248K)] 387876K->220865K(852224K), 0.0031520 secs] [Times: user=0.02 sys=0.00, real=0.00 secs] 
2014-07-08T04:31:59.239+0000: 1077.455: [GC [PSYoungGen: 165205K->904K(162048K)] 385063K->220849K(849024K), 0.0062950 secs] [Times: user=0.03 sys=0.00, real=0.00 secs] 
2014-07-08T04:31:59.821+0000: 1078.037: [GC [PSYoungGen: 161992K->804K(158848K)] 381937K->220829K(845824K), 0.0059130 secs] [Times: user=0.04 sys=0.01, real=0.01 secs] 
2014-07-08T04:32:00.351+0000: 1078.566: [GC [PSYoungGen: 158820K->612K(155712K)] 378845K->220709K(842688K), 0.0047600 secs] [Times: user=0.03 sys=0.00, real=0.00 secs] 
2014-07-08T04:32:01.073+0000: 1079.289: [GC [PSYoungGen: 155684K->1046K(153280K)] 375781K->221191K(840256K), 0.0041300 secs] [Times: user=0.02 sys=0.00, real=0.01 secs] 
2014-07-08T04:32:01.504+0000: 1079.720: [GC [PSYoungGen: 153205K->772K(150208K)] 373350K->220997K(837184K), 0.0057190 secs] [Times: user=0.03 sys=0.00, real=0.01 secs] 
2014-07-08T04:32:02.031+0000: 1080.246: [GC [PSYoungGen: 150148K->874K(147584K)] 370373K->221148K(834560K), 0.0059980 secs] [Times: user=0.03 sys=0.00, real=0.00 secs] 
2014-07-08T04:32:02.468+0000: 1080.683: [GC [PSYoungGen: 147562K->878K(176960K)] 367836K->221224K(863936K), 0.0070460 secs] [Times: user=0.04 sys=0.00, real=0.00 secs] 
2014-07-08T04:32:03.090+0000: 1081.305: [GC [PSYoungGen: 176918K->516K(211904K)] 397264K->220885K(898880K), 0.0177280 secs] [Times: user=0.12 sys=0.00, real=0.02 secs] 
2014-07-08T04:32:03.864+0000: 1082.080: [GC [PSYoungGen: 211813K->926K(254592K)] 432183K->221393K(941568K), 0.0057120 secs] [Times: user=0.04 sys=0.01, real=0.01 secs] 
2014-07-08T04:32:04.760+0000: 1082.975: [GC [PSYoungGen: 254558K->758K(257408K)] 475025K->221289K(944384K), 0.0047390 secs] [Times: user=0.02 sys=0.00, real=0.00 secs] 
2014-07-08T04:32:05.708+0000: 1083.924: [GC [PSYoungGen: 256850K->954K(250752K)] 477382K->221557K(937728K), 0.0034510 secs] [Times: user=0.02 sys=0.01, real=0.00 secs] 
2014-07-08T04:32:06.509+0000: 1084.725: [GC [PSYoungGen: 250733K->819K(244480K)] 471337K->221462K(931456K), 0.0088380 secs] [Times: user=0.06 sys=0.00, real=0.00 secs] 
2014-07-08T04:32:07.372+0000: 1085.587: [GC [PSYoungGen: 244467K->762K(238528K)] 465110K->221485K(925504K), 0.0051880 secs] [Times: user=0.03 sys=0.00, real=0.00 secs] 
2014-07-08T04:32:08.207+0000: 1086.422: [GC [PSYoungGen: 238522K->794K(232896K)] 459245K->221621K(919872K), 0.0058860 secs] [Times: user=0.04 sys=0.01, real=0.01 secs] 
2014-07-08T04:32:09.011+0000: 1087.227: [GC [PSYoungGen: 232832K->776K(227456K)] 453660K->221683K(914432K), 0.0059080 secs] [Times: user=0.03 sys=0.01, real=0.00 secs] 
2014-07-08T04:32:09.853+0000: 1088.069: [GC [PSYoungGen: 227400K->1128K(222528K)] 448307K->222099K(909504K), 0.0034800 secs] [Times: user=0.02 sys=0.00, real=0.00 secs] 
2014-07-08T04:32:10.641+0000: 1088.856: [GC [PSYoungGen: 222504K->384K(216704K)] 443475K->221675K(903680K), 0.0071270 secs] [Times: user=0.05 sys=0.00, real=0.00 secs] 
2014-07-08T04:32:11.323+0000: 1089.539: [GC [PSYoungGen: 216634K->1086K(212480K)] 437926K->222425K(899456K), 0.0027650 secs] [Times: user=0.01 sys=0.00, real=0.00 secs] 
2014-07-08T04:32:12.073+0000: 1090.288: [GC [PSYoungGen: 212478K->690K(207360K)] 433817K->222407K(894336K), 0.0043550 secs] [Times: user=0.02 sys=0.00, real=0.00 secs] 
2014-07-08T04:32:12.815+0000: 1091.031: [GC [PSYoungGen: 207346K->940K(203072K)] 429063K->222705K(890048K), 0.0033730 secs] [Times: user=0.01 sys=0.00, real=0.00 secs] 
2014-07-08T04:32:13.491+0000: 1091.707: [GC [PSYoungGen: 203052K->926K(198656K)] 424817K->222821K(885632K), 0.0077320 secs] [Times: user=0.05 sys=0.00, real=0.00 secs] 
2014-07-08T04:32:14.193+0000: 1092.409: [GC [PSYoungGen: 198622K->744K(194176K)] 420517K->222735K(881152K), 0.0045190 secs] [Times: user=0.02 sys=0.00, real=0.00 secs] 
2014-07-08T04:32:14.900+0000: 1093.115: [GC [PSYoungGen: 194152K->875K(190208K)] 416143K->223290K(877184K), 0.0023930 secs] [Times: user=0.01 sys=0.00, real=0.00 secs] 
2014-07-08T04:32:15.539+0000: 1093.755: [GC [PSYoungGen: 190187K->936K(186304K)] 412602K->223407K(873280K), 0.0056460 secs] [Times: user=0.03 sys=0.00, real=0.00 secs] 
2014-07-08T04:32:16.235+0000: 1094.451: [GC [PSYoungGen: 186280K->662K(182208K)] 408751K->223246K(869184K), 0.0053150 secs] [Times: user=0.04 sys=0.00, real=0.01 secs] 
2014-07-08T04:32:16.861+0000: 1095.077: [GC [PSYoungGen: 182166K->918K(178752K)] 404750K->223566K(865728K), 0.0091020 secs] [Times: user=0.05 sys=0.00, real=0.01 secs] 
2014-07-08T04:32:17.439+0000: 1095.655: [GC [PSYoungGen: 178710K->580K(174848K)] 401358K->223292K(861824K), 0.0035520 secs] [Times: user=0.02 sys=0.00, real=0.01 secs] 
2014-07-08T04:32:18.056+0000: 1096.272: [GC [PSYoungGen: 174788K->730K(171520K)] 397500K->223547K(858496K), 0.0043260 secs] [Times: user=0.02 sys=0.00, real=0.01 secs] 
2014-07-08T04:32:18.669+0000: 1096.885: [GC [PSYoungGen: 171476K->890K(205824K)] 394293K->223755K(892800K), 0.0112540 secs] [Times: user=0.07 sys=0.00, real=0.02 secs] 
2014-07-08T04:32:19.370+0000: 1097.586: [GC [PSYoungGen: 205775K->786K(246784K)] 428640K->223731K(933760K), 0.0072400 secs] [Times: user=0.04 sys=0.00, real=0.00 secs] 
2014-07-08T04:32:20.249+0000: 1098.465: [GC [PSYoungGen: 246738K->862K(240896K)] 469683K->223903K(927872K), 0.0046160 secs] [Times: user=0.03 sys=0.00, real=0.01 secs] 
2014-07-08T04:32:21.100+0000: 1099.316: [GC [PSYoungGen: 240816K->680K(234944K)] 463857K->223777K(921920K), 0.0042860 secs] [Times: user=0.03 sys=0.01, real=0.00 secs] 
2014-07-08T04:32:21.962+0000: 1100.178: [GC [PSYoungGen: 234919K->814K(229504K)] 458015K->223991K(916480K), 0.0060750 secs] [Times: user=0.03 sys=0.00, real=0.00 secs] 
2014-07-08T04:32:22.758+0000: 1100.974: [GC [PSYoungGen: 229486K->740K(224128K)] 452663K->223972K(911104K), 0.0072810 secs] [Times: user=0.04 sys=0.00, real=0.01 secs] 
2014-07-08T04:32:23.509+0000: 1101.724: [GC [PSYoungGen: 224100K->612K(218816K)] 447332K->223916K(905792K), 0.0076870 secs] [Times: user=0.05 sys=0.00, real=0.01 secs] 
2014-07-08T04:32:24.272+0000: 1102.488: [GC [PSYoungGen: 218788K->826K(214016K)] 442092K->224219K(900992K), 0.0069650 secs] [Times: user=0.04 sys=0.00, real=0.00 secs] 
2014-07-08T04:32:25.028+0000: 1103.244: [GC [PSYoungGen: 213990K->866K(209280K)] 437383K->224323K(896256K), 0.0047510 secs] [Times: user=0.03 sys=0.01, real=0.01 secs] 
2014-07-08T04:32:25.846+0000: 1104.062: [GC [PSYoungGen: 209250K->1146K(204928K)] 432707K->224683K(891904K), 0.0083840 secs] [Times: user=0.05 sys=0.01, real=0.01 secs] 
2014-07-08T04:32:26.521+0000: 1104.736: [GC [PSYoungGen: 204922K->292K(199616K)] 428459K->224275K(886592K), 0.0057900 secs] [Times: user=0.04 sys=0.00, real=0.01 secs] 
2014-07-08T04:32:27.183+0000: 1105.399: [GC [PSYoungGen: 199588K->1075K(196096K)] 423571K->225130K(883072K), 0.0070170 secs] [Times: user=0.04 sys=0.00, real=0.00 secs] 
2014-07-08T04:32:27.907+0000: 1106.122: [GC [PSYoungGen: 196083K->872K(191744K)] 420138K->225265K(878720K), 0.0090520 secs] [Times: user=0.05 sys=0.00, real=0.01 secs] 
2014-07-08T04:32:28.525+0000: 1106.741: [GC [PSYoungGen: 191720K->698K(187520K)] 416113K->225155K(874496K), 0.0052240 secs] [Times: user=0.03 sys=0.00, real=0.00 secs] 
2014-07-08T04:32:29.180+0000: 1107.395: [GC [PSYoungGen: 187514K->808K(183744K)] 411971K->225329K(870720K), 0.0079090 secs] [Times: user=0.05 sys=0.00, real=0.01 secs] 
2014-07-08T04:32:29.844+0000: 1108.060: [GC [PSYoungGen: 183696K->1075K(180224K)] 408217K->225652K(867200K), 0.0055200 secs] [Times: user=0.03 sys=0.00, real=0.00 secs] 
2014-07-08T04:32:30.454+0000: 1108.670: [GC [PSYoungGen: 180211K->570K(176064K)] 404788K->225375K(863040K), 0.0043000 secs] [Times: user=0.02 sys=0.00, real=0.00 secs] 
2014-07-08T04:32:31.102+0000: 1109.317: [GC [PSYoungGen: 176058K->906K(172928K)] 400863K->225775K(859904K), 0.0031720 secs] [Times: user=0.02 sys=0.00, real=0.01 secs] 
2014-07-08T04:32:31.694+0000: 1109.910: [GC [PSYoungGen: 172874K->1039K(169664K)] 397743K->225988K(856640K), 0.0046860 secs] [Times: user=0.03 sys=0.00, real=0.00 secs] 
2014-07-08T04:32:32.323+0000: 1110.539: [GC [PSYoungGen: 169615K->904K(166208K)] 394564K->225973K(853184K), 0.0047360 secs] [Times: user=0.02 sys=0.00, real=0.00 secs] 
2014-07-08T04:32:32.876+0000: 1111.092: [GC [PSYoungGen: 166152K->566K(162624K)] 391221K->225847K(849600K), 0.0040810 secs] [Times: user=0.02 sys=0.00, real=0.00 secs] 
2014-07-08T04:32:33.407+0000: 1111.623: [GC [PSYoungGen: 162585K->662K(159680K)] 387866K->226007K(846656K), 0.0063880 secs] [Times: user=0.04 sys=0.00, real=0.01 secs] 
2014-07-08T04:32:33.997+0000: 1112.212: [GC [PSYoungGen: 159638K->544K(156544K)] 384983K->225961K(843520K), 0.0042980 secs] [Times: user=0.02 sys=0.00, real=0.00 secs] 
2014-07-08T04:32:34.518+0000: 1112.734: [GC [PSYoungGen: 156512K->786K(153920K)] 381929K->226275K(840896K), 0.0065950 secs] [Times: user=0.04 sys=0.00, real=0.01 secs] 
2014-07-08T04:32:35.058+0000: 1113.273: [GC [PSYoungGen: 153874K->844K(151168K)] 379363K->226405K(838144K), 0.0060360 secs] [Times: user=0.03 sys=0.00, real=0.01 secs] 
2014-07-08T04:32:35.590+0000: 1113.805: [GC [PSYoungGen: 151116K->840K(181248K)] 376677K->226449K(868224K), 0.0086180 secs] [Times: user=0.05 sys=0.00, real=0.01 secs] 
2014-07-08T04:32:36.238+0000: 1114.454: [GC [PSYoungGen: 181192K->594K(217088K)] 406801K->226275K(904064K), 0.0071540 secs] [Times: user=0.03 sys=0.00, real=0.01 secs] 
2014-07-08T04:32:36.979+0000: 1115.195: [GC [PSYoungGen: 217042K->512K(212032K)] 442723K->226249K(899008K), 0.0040320 secs] [Times: user=0.03 sys=0.00, real=0.01 secs] 
2014-07-08T04:32:37.721+0000: 1115.937: [GC [PSYoungGen: 212028K->990K(207808K)] 437766K->226799K(894784K), 0.0076390 secs] [Times: user=0.05 sys=0.01, real=0.01 secs] 
2014-07-08T04:32:38.514+0000: 1116.730: [GC [PSYoungGen: 207774K->780K(203072K)] 433583K->226637K(890048K), 0.0056750 secs] [Times: user=0.03 sys=0.00, real=0.00 secs] 
2014-07-08T04:32:39.191+0000: 1117.407: [GC [PSYoungGen: 203020K->612K(198464K)] 428877K->226549K(885440K), 0.0035740 secs] [Times: user=0.02 sys=0.00, real=0.01 secs] 
2014-07-08T04:32:39.906+0000: 1118.122: [GC [PSYoungGen: 198419K->936K(194496K)] 424357K->226921K(881472K), 0.0070340 secs] [Times: user=0.05 sys=0.00, real=0.01 secs] 
2014-07-08T04:32:40.528+0000: 1118.744: [GC [PSYoungGen: 194455K->762K(190208K)] 420440K->226935K(877184K), 0.0038420 secs] [Times: user=0.02 sys=0.00, real=0.00 secs] 
2014-07-08T04:32:41.214+0000: 1119.429: [GC [PSYoungGen: 190202K->768K(186304K)] 416375K->226997K(873280K), 0.0029340 secs] [Times: user=0.01 sys=0.00, real=0.00 secs] 
2014-07-08T04:32:41.866+0000: 1120.082: [GC [PSYoungGen: 186240K->886K(182528K)] 412469K->227229K(869504K), 0.0045050 secs] [Times: user=0.02 sys=0.00, real=0.00 secs] 
2014-07-08T04:32:42.464+0000: 1120.680: [GC [PSYoungGen: 182511K->718K(178688K)] 408854K->227117K(865664K), 0.0100600 secs] [Times: user=0.07 sys=0.00, real=0.01 secs] 
2014-07-08T04:32:43.075+0000: 1121.291: [GC [PSYoungGen: 178638K->800K(214336K)] 405037K->227321K(901312K), 0.0126400 secs] [Times: user=0.08 sys=0.01, real=0.01 secs] 
2014-07-08T04:32:43.918+0000: 1122.134: [GC [PSYoungGen: 214304K->942K(257216K)] 440825K->227543K(944192K), 0.0039560 secs] [Times: user=0.01 sys=0.00, real=0.00 secs] 
2014-07-08T04:32:44.733+0000: 1122.949: [GC [PSYoungGen: 257198K->562K(250496K)] 483799K->227651K(937472K), 0.0036310 secs] [Times: user=0.02 sys=0.00, real=0.01 secs] 
2014-07-08T04:32:45.617+0000: 1123.833: [GC [PSYoungGen: 250482K->840K(244672K)] 477571K->228001K(931648K), 0.0073630 secs] [Times: user=0.04 sys=0.01, real=0.01 secs] 
2014-07-08T04:32:46.463+0000: 1124.678: [GC [PSYoungGen: 244616K->644K(238592K)] 471777K->228043K(925568K), 0.0077790 secs] [Times: user=0.05 sys=0.00, real=0.01 secs] 
2014-07-08T04:32:47.304+0000: 1125.520: [GC [PSYoungGen: 238499K->833K(233088K)] 465899K->228336K(920064K), 0.0039270 secs] [Times: user=0.02 sys=0.00, real=0.00 secs] 
2014-07-08T04:32:48.120+0000: 1126.336: [GC [PSYoungGen: 233025K->680K(227456K)] 460528K->228239K(914432K), 0.0042440 secs] [Times: user=0.02 sys=0.00, real=0.01 secs] 
2014-07-08T04:32:48.949+0000: 1127.164: [GC [PSYoungGen: 227432K->1028K(222592K)] 454991K->228660K(909568K), 0.0055290 secs] [Times: user=0.04 sys=0.01, real=0.01 secs] 
2014-07-08T04:32:49.705+0000: 1127.921: [GC [PSYoungGen: 222532K->562K(217024K)] 450164K->228445K(904000K), 0.0028590 secs] [Times: user=0.02 sys=0.00, real=0.00 secs] 
2014-07-08T04:32:50.440+0000: 1128.656: [GC [PSYoungGen: 217010K->744K(212288K)] 444893K->228715K(899264K), 0.0100020 secs] [Times: user=0.05 sys=0.00, real=0.01 secs] 
2014-07-08T04:32:51.219+0000: 1129.435: [GC [PSYoungGen: 212249K->858K(207680K)] 440221K->229001K(894656K), 0.0075730 secs] [Times: user=0.04 sys=0.01, real=0.01 secs] 
2014-07-08T04:32:51.940+0000: 1130.156: [GC [PSYoungGen: 207642K->1078K(203328K)] 435785K->229326K(890304K), 0.0057040 secs] [Times: user=0.04 sys=0.00, real=0.01 secs] 
2014-07-08T04:32:52.621+0000: 1130.836: [GC [PSYoungGen: 203318K->370K(198208K)] 431566K->229001K(885184K), 0.0057580 secs] [Times: user=0.03 sys=0.01, real=0.01 secs] 
2014-07-08T04:32:53.314+0000: 1131.529: [GC [PSYoungGen: 198194K->758K(194304K)] 426825K->229493K(881280K), 0.0064620 secs] [Times: user=0.04 sys=0.00, real=0.01 secs] 
2014-07-08T04:32:53.982+0000: 1132.197: [GC [PSYoungGen: 194294K->712K(190208K)] 423029K->229527K(877184K), 0.0081170 secs] [Times: user=0.04 sys=0.00, real=0.01 secs] 
2014-07-08T04:32:54.653+0000: 1132.868: [GC [PSYoungGen: 190152K->840K(186368K)] 418967K->229711K(873344K), 0.0030600 secs] [Times: user=0.01 sys=0.00, real=0.01 secs] 
2014-07-08T04:32:55.291+0000: 1133.507: [GC [PSYoungGen: 186312K->680K(182336K)] 415183K->229615K(869312K), 0.0043240 secs] [Times: user=0.02 sys=0.00, real=0.01 secs] 
2014-07-08T04:32:56.004+0000: 1134.219: [GC [PSYoungGen: 182312K->928K(178880K)] 411247K->229952K(865856K), 0.0060760 secs] [Times: user=0.04 sys=0.00, real=0.01 secs] 
2014-07-08T04:32:56.558+0000: 1134.773: [GC [PSYoungGen: 178848K->694K(175040K)] 407872K->229863K(862016K), 0.0049830 secs] [Times: user=0.04 sys=0.00, real=0.00 secs] 
2014-07-08T04:32:57.160+0000: 1135.376: [GC [PSYoungGen: 175030K->776K(171712K)] 404199K->230017K(858688K), 0.0060980 secs] [Times: user=0.03 sys=0.00, real=0.01 secs] 
2014-07-08T04:32:57.781+0000: 1135.996: [GC [PSYoungGen: 171655K->684K(168192K)] 400897K->230159K(855168K), 0.0041860 secs] [Times: user=0.03 sys=0.00, real=0.00 secs] 
2014-07-08T04:32:58.344+0000: 1136.560: [GC [PSYoungGen: 168147K->1044K(165312K)] 397623K->230592K(852288K), 0.0055710 secs] [Times: user=0.03 sys=0.00, real=0.01 secs] 
2014-07-08T04:32:58.977+0000: 1137.193: [GC [PSYoungGen: 165268K->438K(161536K)] 394816K->230646K(848512K), 0.0053510 secs] [Times: user=0.03 sys=0.00, real=0.00 secs] 
2014-07-08T04:32:59.499+0000: 1137.714: [GC [PSYoungGen: 161526K->918K(194304K)] 391734K->231190K(881280K), 0.0082650 secs] [Times: user=0.05 sys=0.01, real=0.01 secs] 
2014-07-08T04:33:00.183+0000: 1138.398: [GC [PSYoungGen: 194262K->480K(232576K)] 424534K->231022K(919552K), 0.0078370 secs] [Times: user=0.05 sys=0.00, real=0.01 secs] 
2014-07-08T04:33:01.015+0000: 1139.231: [GC [PSYoungGen: 232544K->480K(227136K)] 463086K->231070K(914112K), 0.0032280 secs] [Times: user=0.02 sys=0.00, real=0.01 secs] 
2014-07-08T04:33:01.895+0000: 1140.111: [GC [PSYoungGen: 227104K->950K(222336K)] 457694K->231636K(909312K), 0.0057660 secs] [Times: user=0.03 sys=0.00, real=0.01 secs] 
2014-07-08T04:33:02.573+0000: 1140.789: [GC [PSYoungGen: 222326K->764K(217088K)] 453012K->231514K(904064K), 0.0053950 secs] [Times: user=0.02 sys=0.00, real=0.01 secs] 
2014-07-08T04:33:03.326+0000: 1141.542: [GC [PSYoungGen: 217083K->876K(212288K)] 447833K->231698K(899264K), 0.0043010 secs] [Times: user=0.02 sys=0.00, real=0.01 secs] 
2014-07-08T04:33:04.061+0000: 1142.277: [GC [PSYoungGen: 212268K->1046K(207744K)] 443090K->231956K(894720K), 0.0036640 secs] [Times: user=0.02 sys=0.00, real=0.00 secs] 
2014-07-08T04:33:04.797+0000: 1143.013: [GC [PSYoungGen: 207702K->484K(202624K)] 438612K->232007K(889600K), 0.0044740 secs] [Times: user=0.02 sys=0.00, real=0.00 secs] 
2014-07-08T04:33:05.495+0000: 1143.710: [GC [PSYoungGen: 202596K->862K(198592K)] 434119K->232433K(885568K), 0.0045830 secs] [Times: user=0.02 sys=0.00, real=0.01 secs] 
2014-07-08T04:33:06.185+0000: 1144.400: [GC [PSYoungGen: 198512K->1003K(194432K)] 430083K->232712K(881408K), 0.0106220 secs] [Times: user=0.06 sys=0.00, real=0.01 secs] 
2014-07-08T04:33:06.934+0000: 1145.150: [GC [PSYoungGen: 194411K->1028K(190400K)] 426120K->232777K(877376K), 0.0034670 secs] [Times: user=0.01 sys=0.00, real=0.01 secs] 
2014-07-08T04:33:07.539+0000: 1145.755: [GC [PSYoungGen: 190340K->502K(185856K)] 422089K->232530K(872832K), 0.0029750 secs] [Times: user=0.02 sys=0.00, real=0.00 secs] 
2014-07-08T04:33:08.257+0000: 1146.473: [GC [PSYoungGen: 185846K->936K(182464K)] 417874K->233036K(869440K), 0.0078440 secs] [Times: user=0.05 sys=0.00, real=0.00 secs] 
2014-07-08T04:33:08.855+0000: 1147.071: [GC [PSYoungGen: 182407K->776K(178624K)] 414507K->232940K(865600K), 0.0032000 secs] [Times: user=0.02 sys=0.00, real=0.01 secs] 
2014-07-08T04:33:09.453+0000: 1147.668: [GC [PSYoungGen: 178568K->762K(174976K)] 410732K->233006K(861952K), 0.0039270 secs] [Times: user=0.02 sys=0.00, real=0.00 secs] 
2014-07-08T04:33:10.064+0000: 1148.279: [GC [PSYoungGen: 174943K->622K(171392K)] 407187K->232914K(858368K), 0.0027470 secs] [Times: user=0.01 sys=0.00, real=0.00 secs] 
2014-07-08T04:33:10.660+0000: 1148.876: [GC [PSYoungGen: 171374K->662K(168064K)] 403666K->232994K(855040K), 0.0071160 secs] [Times: user=0.04 sys=0.00, real=0.00 secs] 
2014-07-08T04:33:11.241+0000: 1149.457: [GC [PSYoungGen: 168022K->712K(164864K)] 400354K->233116K(851840K), 0.0095270 secs] [Times: user=0.07 sys=0.00, real=0.01 secs] 
2014-07-08T04:33:11.857+0000: 1150.072: [GC [PSYoungGen: 164808K->1068K(162048K)] 397212K->233552K(849024K), 0.0056350 secs] [Times: user=0.04 sys=0.01, real=0.01 secs] 
2014-07-08T04:33:12.385+0000: 1150.601: [GC [PSYoungGen: 162028K->630K(158528K)] 394512K->233228K(845504K), 0.0027610 secs] [Times: user=0.01 sys=0.00, real=0.01 secs] 
2014-07-08T04:33:12.957+0000: 1151.173: [GC [PSYoungGen: 158518K->562K(155520K)] 391116K->233216K(842496K), 0.0040450 secs] [Times: user=0.02 sys=0.00, real=0.01 secs] 
2014-07-08T04:33:13.482+0000: 1151.698: [GC [PSYoungGen: 155483K->698K(152768K)] 388137K->233408K(839744K), 0.0036030 secs] [Times: user=0.02 sys=0.00, real=0.00 secs] 
2014-07-08T04:33:14.074+0000: 1152.289: [GC [PSYoungGen: 152762K->1185K(150464K)] 385472K->234077K(837440K), 0.0063820 secs] [Times: user=0.04 sys=0.00, real=0.01 secs] 
2014-07-08T04:33:14.556+0000: 1152.772: [GC [PSYoungGen: 150417K->552K(147136K)] 383309K->233611K(834112K), 0.0047300 secs] [Times: user=0.02 sys=0.00, real=0.01 secs] 
2014-07-08T04:33:15.068+0000: 1153.284: [GC [PSYoungGen: 147112K->914K(176832K)] 380171K->234079K(863808K), 0.0101590 secs] [Times: user=0.05 sys=0.01, real=0.01 secs] 
2014-07-08T04:33:15.677+0000: 1153.892: [GC [PSYoungGen: 176785K->982K(212096K)] 409950K->234262K(899072K), 0.0083650 secs] [Times: user=0.05 sys=0.00, real=0.01 secs] 
2014-07-08T04:33:16.498+0000: 1154.714: [GC [PSYoungGen: 212004K->1068K(207424K)] 445284K->234411K(894400K), 0.0032700 secs] [Times: user=0.02 sys=0.00, real=0.01 secs] 
2014-07-08T04:33:17.168+0000: 1155.384: [GC [PSYoungGen: 207375K->630K(202432K)] 440719K->234195K(889408K), 0.0026640 secs] [Times: user=0.02 sys=0.00, real=0.01 secs] 
2014-07-08T04:33:17.903+0000: 1156.119: [GC [PSYoungGen: 202380K->1292K(198720K)] 435946K->234906K(885696K), 0.0053260 secs] [Times: user=0.03 sys=0.00, real=0.00 secs] 
2014-07-08T04:33:18.538+0000: 1156.754: [GC [PSYoungGen: 198668K->762K(193920K)] 432282K->234489K(880896K), 0.0049300 secs] [Times: user=0.03 sys=0.00, real=0.01 secs] 
2014-07-08T04:33:19.221+0000: 1157.436: [GC [PSYoungGen: 193914K->938K(190016K)] 427641K->234706K(876992K), 0.0034090 secs] [Times: user=0.01 sys=0.00, real=0.00 secs] 
2014-07-08T04:33:19.956+0000: 1158.172: [GC [PSYoungGen: 189994K->1142K(186240K)] 423762K->234990K(873216K), 0.0066660 secs] [Times: user=0.05 sys=0.00, real=0.01 secs] 
2014-07-08T04:33:20.548+0000: 1158.763: [GC [PSYoungGen: 186219K->612K(181888K)] 420067K->234507K(868864K), 0.0074050 secs] [Times: user=0.04 sys=0.00, real=0.01 secs] 
2014-07-08T04:33:21.166+0000: 1159.382: [GC [PSYoungGen: 181860K->686K(178240K)] 415755K->234637K(865216K), 0.0029860 secs] [Times: user=0.02 sys=0.00, real=0.01 secs] 
2014-07-08T04:33:21.841+0000: 1160.057: [GC [PSYoungGen: 178192K->918K(174912K)] 412143K->234925K(861888K), 0.0059340 secs] [Times: user=0.04 sys=0.00, real=0.00 secs] 
2014-07-08T04:33:22.399+0000: 1160.615: [GC [PSYoungGen: 174868K->794K(171328K)] 408875K->234865K(858304K), 0.0080140 secs] [Times: user=0.05 sys=0.00, real=0.00 secs] 
2014-07-08T04:33:23.012+0000: 1161.227: [GC [PSYoungGen: 171290K->858K(168000K)] 405361K->235049K(854976K), 0.0047920 secs] [Times: user=0.03 sys=0.00, real=0.00 secs] 
2014-07-08T04:33:23.565+0000: 1161.781: [GC [PSYoungGen: 167946K->915K(164800K)] 402138K->235163K(851776K), 0.0034600 secs] [Times: user=0.02 sys=0.01, real=0.00 secs] 
2014-07-08T04:33:24.141+0000: 1162.357: [GC [PSYoungGen: 164755K->914K(161664K)] 399003K->235250K(848640K), 0.0061250 secs] [Times: user=0.03 sys=0.00, real=0.00 secs] 
2014-07-08T04:33:24.736+0000: 1162.952: [GC [PSYoungGen: 161618K->698K(193600K)] 395954K->235317K(880576K), 0.0097600 secs] [Times: user=0.06 sys=0.00, real=0.01 secs] 
2014-07-08T04:33:25.384+0000: 1163.600: [GC [PSYoungGen: 193593K->930K(189760K)] 428213K->235598K(876736K), 0.0031680 secs] [Times: user=0.01 sys=0.00, real=0.00 secs] 
2014-07-08T04:33:26.123+0000: 1164.339: [GC [PSYoungGen: 189709K->958K(185792K)] 424377K->235914K(872768K), 0.0045650 secs] [Times: user=0.04 sys=0.00, real=0.00 secs] 
2014-07-08T04:33:26.790+0000: 1165.006: [GC [PSYoungGen: 185790K->690K(181696K)] 420746K->235701K(868672K), 0.0098810 secs] [Times: user=0.05 sys=0.00, real=0.01 secs] 
2014-07-08T04:33:27.333+0000: 1165.549: [GC [PSYoungGen: 181667K->698K(177984K)] 416679K->235774K(864960K), 0.0028050 secs] [Times: user=0.01 sys=0.00, real=0.00 secs] 
2014-07-08T04:33:27.989+0000: 1166.205: [GC [PSYoungGen: 177978K->676K(174400K)] 413054K->235824K(861376K), 0.0075280 secs] [Times: user=0.04 sys=0.01, real=0.01 secs] 
2014-07-08T04:33:28.565+0000: 1166.780: [GC [PSYoungGen: 174372K->854K(171136K)] 409520K->236058K(858112K), 0.0046250 secs] [Times: user=0.02 sys=0.00, real=0.00 secs] 
2014-07-08T04:33:29.166+0000: 1167.382: [GC [PSYoungGen: 171087K->744K(205056K)] 406291K->235996K(892032K), 0.0137290 secs] [Times: user=0.08 sys=0.00, real=0.01 secs] 
2014-07-08T04:33:29.932+0000: 1168.148: [GC [PSYoungGen: 205025K->804K(246016K)] 440277K->236096K(932992K), 0.0078420 secs] [Times: user=0.05 sys=0.00, real=0.00 secs] 
2014-07-08T04:33:30.774+0000: 1168.990: [GC [PSYoungGen: 245988K->676K(252800K)] 481280K->235992K(939776K), 0.0131920 secs] [Times: user=0.08 sys=0.00, real=0.01 secs] 
2014-07-08T04:33:31.683+0000: 1169.899: [GC [PSYoungGen: 252196K->900K(295488K)] 487512K->236288K(982464K), 0.0119920 secs] [Times: user=0.08 sys=0.00, real=0.01 secs] 
2014-07-08T04:33:32.670+0000: 1170.886: [GC [PSYoungGen: 295133K->922K(295488K)] 530520K->236374K(982464K), 0.0056970 secs] [Times: user=0.04 sys=0.01, real=0.01 secs] 
2014-07-08T04:33:33.735+0000: 1171.950: [GC [PSYoungGen: 295194K->1098K(287616K)] 530646K->236606K(974592K), 0.0060740 secs] [Times: user=0.04 sys=0.00, real=0.00 secs] 
2014-07-08T04:33:34.720+0000: 1172.936: [GC [PSYoungGen: 287558K->957K(279936K)] 523066K->236529K(966912K), 0.0059580 secs] [Times: user=0.04 sys=0.00, real=0.01 secs] 
2014-07-08T04:33:35.697+0000: 1173.912: [GC [PSYoungGen: 279933K->484K(272256K)] 515505K->236382K(959232K), 0.0107220 secs] [Times: user=0.07 sys=0.00, real=0.01 secs] 
2014-07-08T04:33:36.666+0000: 1174.881: [GC [PSYoungGen: 272228K->1234K(266112K)] 508126K->237180K(953088K), 0.0058630 secs] [Times: user=0.04 sys=0.00, real=0.00 secs] 
2014-07-08T04:33:37.629+0000: 1175.845: [GC [PSYoungGen: 266055K->800K(259008K)] 502001K->236966K(945984K), 0.0033670 secs] [Times: user=0.02 sys=0.00, real=0.01 secs] 
2014-07-08T04:33:38.513+0000: 1176.729: [GC [PSYoungGen: 258976K->858K(252672K)] 495142K->237112K(939648K), 0.0042910 secs] [Times: user=0.02 sys=0.01, real=0.00 secs] 
2014-07-08T04:33:39.398+0000: 1177.614: [GC [PSYoungGen: 252599K->957K(246528K)] 488853K->237267K(933504K), 0.0062130 secs] [Times: user=0.04 sys=0.00, real=0.01 secs] 
2014-07-08T04:33:40.262+0000: 1178.477: [GC [PSYoungGen: 246525K->776K(240448K)] 482835K->237174K(927424K), 0.0049010 secs] [Times: user=0.03 sys=0.00, real=0.01 secs] 
2014-07-08T04:33:41.104+0000: 1179.319: [GC [PSYoungGen: 240392K->598K(234496K)] 476790K->237044K(921472K), 0.0069160 secs] [Times: user=0.04 sys=0.00, real=0.00 secs] 
2014-07-08T04:33:42.005+0000: 1180.221: [GC [PSYoungGen: 234454K->968K(229376K)] 470900K->237502K(916352K), 0.0049300 secs] [Times: user=0.02 sys=0.00, real=0.00 secs] 
2014-07-08T04:33:42.713+0000: 1180.928: [GC [PSYoungGen: 229320K->914K(224000K)] 465854K->237562K(910976K), 0.0071270 secs] [Times: user=0.05 sys=0.00, real=0.01 secs] 
2014-07-08T04:33:43.482+0000: 1181.698: [GC [PSYoungGen: 223954K->822K(218752K)] 460602K->237550K(905728K), 0.0112690 secs] [Times: user=0.07 sys=0.01, real=0.02 secs] 
2014-07-08T04:33:44.245+0000: 1182.461: [GC [PSYoungGen: 218742K->812K(213760K)] 455470K->237644K(900736K), 0.0046850 secs] [Times: user=0.03 sys=0.00, real=0.00 secs] 
2014-07-08T04:33:45.002+0000: 1183.217: [GC [PSYoungGen: 213731K->794K(208960K)] 450563K->237698K(895936K), 0.0043790 secs] [Times: user=0.03 sys=0.00, real=0.01 secs] 
2014-07-08T04:33:45.747+0000: 1183.963: [GC [PSYoungGen: 208922K->822K(204352K)] 445826K->237790K(891328K), 0.0054590 secs] [Times: user=0.03 sys=0.01, real=0.00 secs] 
2014-07-08T04:33:46.473+0000: 1184.689: [GC [PSYoungGen: 204342K->1010K(200064K)] 441310K->238066K(887040K), 0.0040660 secs] [Times: user=0.03 sys=0.00, real=0.00 secs] 
2014-07-08T04:33:47.164+0000: 1185.380: [GC [PSYoungGen: 200050K->608K(195392K)] 437106K->237728K(882368K), 0.0063130 secs] [Times: user=0.04 sys=0.00, real=0.00 secs] 
2014-07-08T04:33:47.825+0000: 1186.040: [GC [PSYoungGen: 195320K->644K(191296K)] 432440K->237812K(878272K), 0.0048700 secs] [Times: user=0.02 sys=0.00, real=0.00 secs] 
2014-07-08T04:33:48.477+0000: 1186.693: [GC [PSYoungGen: 191236K->644K(187264K)] 428404K->237884K(874240K), 0.0053390 secs] [Times: user=0.04 sys=0.00, real=0.00 secs] 
2014-07-08T04:33:49.133+0000: 1187.349: [GC [PSYoungGen: 187204K->794K(183488K)] 424444K->238122K(870464K), 0.0047670 secs] [Times: user=0.02 sys=0.01, real=0.01 secs] 
2014-07-08T04:33:49.808+0000: 1188.023: [GC [PSYoungGen: 183378K->779K(179712K)] 420706K->238155K(866688K), 0.0062510 secs] [Times: user=0.04 sys=0.00, real=0.01 secs] 
2014-07-08T04:33:50.407+0000: 1188.623: [GC [PSYoungGen: 179613K->747K(176000K)] 416990K->238187K(862976K), 0.0061220 secs] [Times: user=0.04 sys=0.00, real=0.00 secs] 
2014-07-08T04:33:51.008+0000: 1189.223: [GC [PSYoungGen: 175977K->730K(172480K)] 413417K->238226K(859456K), 0.0035400 secs] [Times: user=0.02 sys=0.00, real=0.00 secs] 
2014-07-08T04:33:51.613+0000: 1189.829: [GC [PSYoungGen: 172442K->804K(206912K)] 409938K->238340K(893888K), 0.0118160 secs] [Times: user=0.08 sys=0.00, real=0.02 secs] 
2014-07-08T04:33:52.383+0000: 1190.598: [GC [PSYoungGen: 206884K->580K(202176K)] 444420K->238172K(889152K), 0.0064310 secs] [Times: user=0.04 sys=0.00, real=0.01 secs] 
2014-07-08T04:33:53.041+0000: 1191.256: [GC [PSYoungGen: 202116K->780K(197952K)] 439708K->238468K(884928K), 0.0042120 secs] [Times: user=0.03 sys=0.00, real=0.01 secs] 
2014-07-08T04:33:53.759+0000: 1191.974: [GC [PSYoungGen: 197900K->744K(193664K)] 435588K->238568K(880640K), 0.0057010 secs] [Times: user=0.04 sys=0.00, real=0.01 secs] 
2014-07-08T04:33:54.417+0000: 1192.632: [GC [PSYoungGen: 193625K->712K(189568K)] 431449K->238608K(876544K), 0.0038210 secs] [Times: user=0.03 sys=0.00, real=0.00 secs] 
2014-07-08T04:33:55.097+0000: 1193.313: [GC [PSYoungGen: 189512K->684K(185536K)] 427408K->238734K(872512K), 0.0056010 secs] [Times: user=0.03 sys=0.00, real=0.00 secs] 
2014-07-08T04:33:55.765+0000: 1193.981: [GC [PSYoungGen: 185516K->872K(181888K)] 423566K->238978K(868864K), 0.0063150 secs] [Times: user=0.03 sys=0.00, real=0.00 secs] 
2014-07-08T04:33:56.375+0000: 1194.590: [GC [PSYoungGen: 181864K->634K(177920K)] 419970K->238804K(864896K), 0.0030230 secs] [Times: user=0.02 sys=0.00, real=0.01 secs] 
2014-07-08T04:33:57.156+0000: 1195.371: [GC [PSYoungGen: 177914K->924K(174656K)] 416084K->239166K(861632K), 0.0097310 secs] [Times: user=0.06 sys=0.00, real=0.01 secs] 
2014-07-08T04:33:57.678+0000: 1195.894: [GC [PSYoungGen: 174620K->616K(170880K)] 412862K->239062K(857856K), 0.0035520 secs] [Times: user=0.02 sys=0.00, real=0.00 secs] 
2014-07-08T04:33:58.203+0000: 1196.419: [GC [PSYoungGen: 170856K->598K(167552K)] 409302K->239108K(854528K), 0.0044670 secs] [Times: user=0.02 sys=0.00, real=0.01 secs] 
2014-07-08T04:33:58.800+0000: 1197.016: [GC [PSYoungGen: 167510K->794K(164480K)] 406020K->239402K(851456K), 0.0052330 secs] [Times: user=0.02 sys=0.00, real=0.01 secs] 
2014-07-08T04:33:59.361+0000: 1197.576: [GC [PSYoungGen: 164442K->766K(161280K)] 403050K->239430K(848256K), 0.0026600 secs] [Times: user=0.01 sys=0.01, real=0.00 secs] 
2014-07-08T04:33:59.944+0000: 1198.160: [GC [PSYoungGen: 161278K->634K(158080K)] 399942K->239532K(845056K), 0.0074490 secs] [Times: user=0.05 sys=0.00, real=0.01 secs] 
2014-07-08T04:34:00.479+0000: 1198.694: [GC [PSYoungGen: 157975K->744K(155264K)] 396873K->239698K(842240K), 0.0036160 secs] [Times: user=0.01 sys=0.00, real=0.00 secs] 
2014-07-08T04:34:01.037+0000: 1199.252: [GC [PSYoungGen: 155240K->680K(152320K)] 394194K->239756K(839296K), 0.0034460 secs] [Times: user=0.02 sys=0.00, real=0.00 secs] 
2014-07-08T04:34:01.564+0000: 1199.779: [GC [PSYoungGen: 152265K->980K(149888K)] 391342K->240120K(836864K), 0.0043820 secs] [Times: user=0.03 sys=0.00, real=0.01 secs] 
2014-07-08T04:34:02.129+0000: 1200.345: [GC [PSYoungGen: 149844K->370K(146560K)] 388984K->239913K(833536K), 0.0029370 secs] [Times: user=0.02 sys=0.00, real=0.00 secs] 
2014-07-08T04:34:02.606+0000: 1200.822: [GC [PSYoungGen: 146546K->1011K(144576K)] 386089K->240618K(831552K), 0.0050380 secs] [Times: user=0.03 sys=0.00, real=0.00 secs] 
2014-07-08T04:34:03.118+0000: 1201.333: [GC [PSYoungGen: 144550K->648K(141696K)] 384158K->240530K(828672K), 0.0033780 secs] [Times: user=0.01 sys=0.00, real=0.00 secs] 
2014-07-08T04:34:03.600+0000: 1201.815: [GC [PSYoungGen: 141597K->822K(139392K)] 381480K->240760K(826368K), 0.0040340 secs] [Times: user=0.03 sys=0.00, real=0.00 secs] 
2014-07-08T04:34:04.189+0000: 1202.405: [GC [PSYoungGen: 139382K->830K(137024K)] 379320K->241036K(824000K), 0.0045500 secs] [Times: user=0.03 sys=0.00, real=0.00 secs] 
2014-07-08T04:34:04.572+0000: 1202.788: [GC [PSYoungGen: 137022K->576K(164032K)] 377228K->240830K(851008K), 0.0108390 secs] [Times: user=0.07 sys=0.00, real=0.01 secs] 
2014-07-08T04:34:05.135+0000: 1203.351: [GC [PSYoungGen: 164032K->662K(196864K)] 404286K->241004K(883840K), 0.0048390 secs] [Times: user=0.03 sys=0.00, real=0.01 secs] 
2014-07-08T04:34:05.856+0000: 1204.072: [GC [PSYoungGen: 196822K->996K(236416K)] 437164K->241386K(923392K), 0.0088350 secs] [Times: user=0.05 sys=0.00, real=0.00 secs] 
2014-07-08T04:34:06.673+0000: 1204.889: [GC [PSYoungGen: 236388K->644K(283200K)] 476778K->241090K(970176K), 0.0062130 secs] [Times: user=0.03 sys=0.00, real=0.01 secs] 
2014-07-08T04:34:07.649+0000: 1205.864: [GC [PSYoungGen: 283140K->826K(275968K)] 523586K->241312K(962944K), 0.0080880 secs] [Times: user=0.05 sys=0.01, real=0.01 secs] 
2014-07-08T04:34:08.604+0000: 1206.819: [GC [PSYoungGen: 275962K->680K(268800K)] 516448K->241230K(955776K), 0.0042860 secs] [Times: user=0.03 sys=0.00, real=0.01 secs] 
2014-07-08T04:34:09.532+0000: 1207.748: [GC [PSYoungGen: 268776K->598K(261952K)] 509326K->241220K(948928K), 0.0043380 secs] [Times: user=0.03 sys=0.00, real=0.00 secs] 
2014-07-08T04:34:10.458+0000: 1208.673: [GC [PSYoungGen: 261910K->762K(255552K)] 502532K->241480K(942528K), 0.0046990 secs] [Times: user=0.03 sys=0.00, real=0.00 secs] 
2014-07-08T04:34:11.354+0000: 1209.570: [GC [PSYoungGen: 255502K->826K(249344K)] 496220K->241600K(936320K), 0.0063570 secs] [Times: user=0.04 sys=0.00, real=0.01 secs] 
2014-07-08T04:34:12.253+0000: 1210.469: [GC [PSYoungGen: 249297K->762K(243200K)] 490071K->241824K(930176K), 0.0037900 secs] [Times: user=0.02 sys=0.00, real=0.01 secs] 
2014-07-08T04:34:13.092+0000: 1211.308: [GC [PSYoungGen: 243194K->680K(237312K)] 484256K->241822K(924288K), 0.0052680 secs] [Times: user=0.03 sys=0.00, real=0.01 secs] 
2014-07-08T04:34:13.954+0000: 1212.170: [GC [PSYoungGen: 237288K->996K(232000K)] 478430K->242250K(918976K), 0.0025470 secs] [Times: user=0.01 sys=0.00, real=0.00 secs] 
2014-07-08T04:34:14.728+0000: 1212.944: [GC [PSYoungGen: 231931K->954K(226496K)] 473186K->242256K(913472K), 0.0073460 secs] [Times: user=0.04 sys=0.01, real=0.00 secs] 
2014-07-08T04:34:15.507+0000: 1213.722: [GC [PSYoungGen: 226462K->630K(220928K)] 467764K->242068K(907904K), 0.0047460 secs] [Times: user=0.03 sys=0.00, real=0.01 secs] 
2014-07-08T04:34:16.268+0000: 1214.484: [GC [PSYoungGen: 220918K->780K(216064K)] 462356K->242356K(903040K), 0.0069580 secs] [Times: user=0.05 sys=0.00, real=0.00 secs] 
2014-07-08T04:34:17.037+0000: 1215.253: [GC [PSYoungGen: 216008K->890K(211264K)] 457584K->242570K(898240K), 0.0052460 secs] [Times: user=0.04 sys=0.00, real=0.01 secs] 
2014-07-08T04:34:17.775+0000: 1215.991: [GC [PSYoungGen: 211246K->790K(206528K)] 452927K->242534K(893504K), 0.0060150 secs] [Times: user=0.03 sys=0.00, real=0.01 secs] 
2014-07-08T04:34:18.486+0000: 1216.702: [GC [PSYoungGen: 206486K->584K(201792K)] 448230K->242360K(888768K), 0.0103140 secs] [Times: user=0.06 sys=0.00, real=0.01 secs] 
2014-07-08T04:34:19.198+0000: 1217.414: [GC [PSYoungGen: 201736K->680K(197504K)] 443512K->242512K(884480K), 0.0058010 secs] [Times: user=0.03 sys=0.00, real=0.01 secs] 
2014-07-08T04:34:19.930+0000: 1218.146: [GC [PSYoungGen: 197449K->758K(193344K)] 439281K->242654K(880320K), 0.0042130 secs] [Times: user=0.03 sys=0.00, real=0.00 secs] 
2014-07-08T04:34:20.569+0000: 1218.785: [GC [PSYoungGen: 193334K->698K(189184K)] 435230K->242650K(876160K), 0.0042810 secs] [Times: user=0.03 sys=0.00, real=0.00 secs] 
2014-07-08T04:34:21.216+0000: 1219.431: [GC [PSYoungGen: 189178K->662K(185216K)] 431130K->242702K(872192K), 0.0035190 secs] [Times: user=0.02 sys=0.00, real=0.01 secs] 
2014-07-08T04:34:21.942+0000: 1220.158: [GC [PSYoungGen: 185143K->1064K(181760K)] 427184K->243168K(868736K), 0.0050140 secs] [Times: user=0.03 sys=0.01, real=0.00 secs] 
2014-07-08T04:34:22.554+0000: 1220.769: [GC [PSYoungGen: 181736K->434K(177408K)] 423840K->242724K(864384K), 0.0086670 secs] [Times: user=0.05 sys=0.00, real=0.01 secs] 
2014-07-08T04:34:23.161+0000: 1221.376: [GC [PSYoungGen: 177394K->986K(174400K)] 419684K->243340K(861376K), 0.0069790 secs] [Times: user=0.04 sys=0.00, real=0.00 secs] 
2014-07-08T04:34:23.744+0000: 1221.960: [GC [PSYoungGen: 174317K->911K(170880K)] 416672K->243345K(857856K), 0.0046850 secs] [Times: user=0.01 sys=0.00, real=0.00 secs] 
2014-07-08T04:34:24.325+0000: 1222.540: [GC [PSYoungGen: 170831K->901K(167552K)] 413265K->243424K(854528K), 0.0049940 secs] [Times: user=0.03 sys=0.00, real=0.01 secs] 
2014-07-08T04:34:24.967+0000: 1223.183: [GC [PSYoungGen: 167493K->562K(200512K)] 410016K->243503K(887488K), 0.0128430 secs] [Times: user=0.08 sys=0.00, real=0.02 secs] 
2014-07-08T04:34:25.601+0000: 1223.816: [GC [PSYoungGen: 200498K->930K(196544K)] 443439K->244027K(883520K), 0.0025440 secs] [Times: user=0.02 sys=0.00, real=0.00 secs] 
2014-07-08T04:34:26.298+0000: 1224.514: [GC [PSYoungGen: 196490K->836K(192320K)] 439587K->244155K(879296K), 0.0032790 secs] [Times: user=0.02 sys=0.00, real=0.01 secs] 
2014-07-08T04:34:27.014+0000: 1225.229: [GC [PSYoungGen: 192246K->690K(188096K)] 435565K->244048K(875072K), 0.0080750 secs] [Times: user=0.04 sys=0.00, real=0.01 secs] 
2014-07-08T04:34:27.741+0000: 1225.957: [GC [PSYoungGen: 188082K->886K(184384K)] 431440K->244341K(871360K), 0.0041080 secs] [Times: user=0.03 sys=0.00, real=0.00 secs] 
2014-07-08T04:34:28.290+0000: 1226.505: [GC [PSYoungGen: 184374K->826K(180544K)] 427829K->244353K(867520K), 0.0067130 secs] [Times: user=0.04 sys=0.00, real=0.00 secs] 
2014-07-08T04:34:28.960+0000: 1227.175: [GC [PSYoungGen: 180538K->750K(216448K)] 424065K->244639K(903424K), 0.0102620 secs] [Times: user=0.07 sys=0.01, real=0.02 secs] 
2014-07-08T04:34:29.688+0000: 1227.904: [GC [PSYoungGen: 216399K->726K(259584K)] 460288K->244671K(946560K), 0.0079930 secs] [Times: user=0.05 sys=0.00, real=0.01 secs] 
2014-07-08T04:34:30.592+0000: 1228.808: [GC [PSYoungGen: 259542K->878K(311488K)] 503487K->244895K(998464K), 0.0077780 secs] [Times: user=0.05 sys=0.00, real=0.01 secs] 
2014-07-08T04:34:31.683+0000: 1229.899: [GC [PSYoungGen: 311470K->1061K(303232K)] 555487K->245134K(990208K), 0.0081610 secs] [Times: user=0.05 sys=0.00, real=0.01 secs] 
2014-07-08T04:34:32.751+0000: 1230.966: [GC [PSYoungGen: 303205K->506K(294528K)] 547278K->244959K(981504K), 0.0031500 secs] [Times: user=0.02 sys=0.00, real=0.00 secs] 
2014-07-08T04:34:33.769+0000: 1231.985: [GC [PSYoungGen: 294521K->1196K(287424K)] 538974K->245729K(974400K), 0.0050540 secs] [Times: user=0.03 sys=0.00, real=0.01 secs] 
2014-07-08T04:34:34.754+0000: 1232.970: [GC [PSYoungGen: 287402K->744K(279488K)] 531935K->245763K(966464K), 0.0067930 secs] [Times: user=0.04 sys=0.00, real=0.01 secs] 
2014-07-08T04:34:35.749+0000: 1233.964: [GC [PSYoungGen: 279464K->1004K(272512K)] 524483K->246087K(959488K), 0.0065140 secs] [Times: user=0.05 sys=0.00, real=0.01 secs] 
2014-07-08T04:34:36.707+0000: 1234.923: [GC [PSYoungGen: 272492K->758K(265344K)] 517575K->245897K(952320K), 0.0079020 secs] [Times: user=0.05 sys=0.00, real=0.01 secs] 
2014-07-08T04:34:37.648+0000: 1235.864: [GC [PSYoungGen: 265334K->864K(258816K)] 510473K->246059K(945792K), 0.0056370 secs] [Times: user=0.03 sys=0.00, real=0.01 secs] 
2014-07-08T04:34:38.548+0000: 1236.764: [GC [PSYoungGen: 258784K->794K(252352K)] 503979K->246045K(939328K), 0.0089170 secs] [Times: user=0.05 sys=0.00, real=0.01 secs] 
2014-07-08T04:34:39.418+0000: 1237.634: [GC [PSYoungGen: 252314K->634K(245952K)] 497565K->245933K(932928K), 0.0032810 secs] [Times: user=0.01 sys=0.00, real=0.01 secs] 
2014-07-08T04:34:40.323+0000: 1238.539: [GC [PSYoungGen: 245946K->480K(239872K)] 491245K->245827K(926848K), 0.0046730 secs] [Times: user=0.03 sys=0.00, real=0.00 secs] 
2014-07-08T04:34:41.127+0000: 1239.342: [GC [PSYoungGen: 239840K->640K(234240K)] 485187K->246059K(921216K), 0.0030680 secs] [Times: user=0.02 sys=0.00, real=0.00 secs] 
2014-07-08T04:34:42.012+0000: 1240.228: [GC [PSYoungGen: 234240K->1012K(229120K)] 479659K->246479K(916096K), 0.0042370 secs] [Times: user=0.02 sys=0.00, real=0.01 secs] 
2014-07-08T04:34:42.804+0000: 1241.020: [GC [PSYoungGen: 229016K->1176K(224000K)] 474484K->246699K(910976K), 0.0094490 secs] [Times: user=0.06 sys=0.00, real=0.01 secs] 
2014-07-08T04:34:43.534+0000: 1241.749: [GC [PSYoungGen: 223960K->498K(218176K)] 469483K->246207K(905152K), 0.0065220 secs] [Times: user=0.04 sys=0.00, real=0.00 secs] 
2014-07-08T04:34:44.290+0000: 1242.506: [GC [PSYoungGen: 218162K->812K(213568K)] 463871K->246593K(900544K), 0.0074450 secs] [Times: user=0.06 sys=0.00, real=0.01 secs] 
2014-07-08T04:34:45.045+0000: 1243.261: [GC [PSYoungGen: 213548K->512K(208448K)] 459329K->246415K(895424K), 0.0042310 secs] [Times: user=0.02 sys=0.00, real=0.00 secs] 
2014-07-08T04:34:45.785+0000: 1244.001: [GC [PSYoungGen: 208448K->854K(204224K)] 454351K->246829K(891200K), 0.0050840 secs] [Times: user=0.03 sys=0.01, real=0.00 secs] 
2014-07-08T04:34:46.500+0000: 1244.716: [GC [PSYoungGen: 204178K->779K(199680K)] 450154K->246818K(886656K), 0.0056060 secs] [Times: user=0.04 sys=0.00, real=0.01 secs] 
2014-07-08T04:34:47.179+0000: 1245.395: [GC [PSYoungGen: 199627K->698K(195264K)] 445666K->246817K(882240K), 0.0049790 secs] [Times: user=0.03 sys=0.01, real=0.01 secs] 
2014-07-08T04:34:47.970+0000: 1246.186: [GC [PSYoungGen: 195258K->1068K(191488K)] 441377K->247359K(878464K), 0.0042110 secs] [Times: user=0.02 sys=0.00, real=0.01 secs] 
2014-07-08T04:34:48.535+0000: 1246.750: [GC [PSYoungGen: 191395K->765K(187136K)] 437686K->247128K(874112K), 0.0041940 secs] [Times: user=0.01 sys=0.00, real=0.00 secs] 
2014-07-08T04:34:49.183+0000: 1247.399: [GC [PSYoungGen: 187133K->616K(183104K)] 433496K->247027K(870080K), 0.0032240 secs] [Times: user=0.01 sys=0.00, real=0.00 secs] 
2014-07-08T04:34:49.831+0000: 1248.047: [GC [PSYoungGen: 183080K->790K(179520K)] 429491K->247273K(866496K), 0.0063480 secs] [Times: user=0.04 sys=0.00, real=0.01 secs] 
2014-07-08T04:34:50.448+0000: 1248.663: [GC [PSYoungGen: 179476K->822K(175872K)] 425959K->247353K(862848K), 0.0028160 secs] [Times: user=0.01 sys=0.00, real=0.00 secs] 
2014-07-08T04:34:51.070+0000: 1249.286: [GC [PSYoungGen: 175862K->662K(172224K)] 422393K->247265K(859200K), 0.0032970 secs] [Times: user=0.02 sys=0.01, real=0.01 secs] 
2014-07-08T04:34:51.680+0000: 1249.896: [GC [PSYoungGen: 172182K->1004K(169152K)] 418785K->247695K(856128K), 0.0032630 secs] [Times: user=0.02 sys=0.00, real=0.01 secs] 
2014-07-08T04:34:52.308+0000: 1250.524: [GC [PSYoungGen: 169132K->658K(165568K)] 415823K->247405K(852544K), 0.0064810 secs] [Times: user=0.04 sys=0.00, real=0.01 secs] 
2014-07-08T04:34:52.948+0000: 1251.164: [GC [PSYoungGen: 165522K->884K(162560K)] 412269K->247801K(849536K), 0.0116700 secs] [Times: user=0.07 sys=0.00, real=0.01 secs] 
2014-07-08T04:34:53.415+0000: 1251.631: [GC [PSYoungGen: 162548K->748K(159360K)] 409465K->247721K(846336K), 0.0031470 secs] [Times: user=0.02 sys=0.00, real=0.00 secs] 
2014-07-08T04:34:54.014+0000: 1252.230: [GC [PSYoungGen: 159317K->862K(156480K)] 406291K->247949K(843456K), 0.0045110 secs] [Times: user=0.02 sys=0.00, real=0.00 secs] 
2014-07-08T04:34:54.511+0000: 1252.726: [GC [PSYoungGen: 156446K->694K(153408K)] 403533K->247845K(840384K), 0.0060900 secs] [Times: user=0.04 sys=0.00, real=0.01 secs] 
2014-07-08T04:34:55.042+0000: 1253.258: [GC [PSYoungGen: 153398K->844K(184192K)] 400549K->248051K(871168K), 0.0093890 secs] [Times: user=0.05 sys=0.00, real=0.01 secs] 
2014-07-08T04:34:55.682+0000: 1253.898: [GC [PSYoungGen: 184130K->858K(220864K)] 431338K->248105K(907840K), 0.0043380 secs] [Times: user=0.01 sys=0.00, real=0.01 secs] 
2014-07-08T04:34:56.448+0000: 1254.664: [GC [PSYoungGen: 220826K->648K(215616K)] 468073K->247943K(902592K), 0.0054400 secs] [Times: user=0.03 sys=0.00, real=0.00 secs] 
2014-07-08T04:34:57.195+0000: 1255.410: [GC [PSYoungGen: 215532K->982K(211072K)] 462828K->248341K(898048K), 0.0089790 secs] [Times: user=0.05 sys=0.00, real=0.00 secs] 
2014-07-08T04:34:58.106+0000: 1256.322: [GC [PSYoungGen: 211030K->740K(206144K)] 458389K->248203K(893120K), 0.0056820 secs] [Times: user=0.04 sys=0.00, real=0.00 secs] 
2014-07-08T04:34:58.770+0000: 1256.986: [GC [PSYoungGen: 206116K->1022K(201856K)] 453579K->248541K(888832K), 0.0082330 secs] [Times: user=0.05 sys=0.00, real=0.02 secs] 
2014-07-08T04:34:59.375+0000: 1257.590: [GC [PSYoungGen: 201853K->680K(197184K)] 449372K->248313K(884160K), 0.0046230 secs] [Times: user=0.03 sys=0.00, real=0.00 secs] 
2014-07-08T04:35:00.081+0000: 1258.297: [GC [PSYoungGen: 197160K->644K(192960K)] 444793K->248325K(879936K), 0.0031320 secs] [Times: user=0.01 sys=0.00, real=0.01 secs] 
2014-07-08T04:35:00.727+0000: 1258.943: [GC [PSYoungGen: 192900K->644K(188864K)] 440581K->248365K(875840K), 0.0075420 secs] [Times: user=0.04 sys=0.00, real=0.01 secs] 
2014-07-08T04:35:01.378+0000: 1259.593: [GC [PSYoungGen: 188804K->616K(184832K)] 436525K->248393K(871808K), 0.0032360 secs] [Times: user=0.02 sys=0.00, real=0.00 secs] 
2014-07-08T04:35:02.054+0000: 1260.270: [GC [PSYoungGen: 184801K->758K(181184K)] 432578K->248607K(868160K), 0.0031240 secs] [Times: user=0.02 sys=0.00, real=0.01 secs] 
2014-07-08T04:35:02.640+0000: 1260.856: [GC [PSYoungGen: 181174K->758K(177472K)] 429023K->248687K(864448K), 0.0034840 secs] [Times: user=0.02 sys=0.00, real=0.00 secs] 
2014-07-08T04:35:03.273+0000: 1261.489: [GC [PSYoungGen: 177462K->744K(173888K)] 425391K->248761K(860864K), 0.0044920 secs] [Times: user=0.03 sys=0.00, real=0.01 secs] 
2014-07-08T04:35:03.918+0000: 1262.134: [GC [PSYoungGen: 173864K->776K(170496K)] 421881K->248825K(857472K), 0.0093640 secs] [Times: user=0.05 sys=0.00, real=0.01 secs] 
2014-07-08T04:35:04.511+0000: 1262.727: [GC [PSYoungGen: 170440K->630K(166976K)] 418489K->248833K(853952K), 0.0062340 secs] [Times: user=0.04 sys=0.00, real=0.01 secs] 
2014-07-08T04:35:05.084+0000: 1263.299: [GC [PSYoungGen: 166948K->832K(164032K)] 415152K->249092K(851008K), 0.0068900 secs] [Times: user=0.03 sys=0.00, real=0.01 secs] 
2014-07-08T04:35:05.653+0000: 1263.869: [GC [PSYoungGen: 163968K->562K(160576K)] 412228K->249039K(847552K), 0.0052560 secs] [Times: user=0.03 sys=0.00, real=0.01 secs] 
2014-07-08T04:35:06.206+0000: 1264.422: [GC [PSYoungGen: 160562K->716K(192768K)] 409039K->249241K(879744K), 0.0065520 secs] [Times: user=0.04 sys=0.00, real=0.00 secs] 
2014-07-08T04:35:06.919+0000: 1265.135: [GC [PSYoungGen: 192708K->754K(231168K)] 441234K->249550K(918144K), 0.0072660 secs] [Times: user=0.04 sys=0.00, real=0.01 secs] 
2014-07-08T04:35:07.722+0000: 1265.937: [GC [PSYoungGen: 231154K->1076K(226112K)] 479950K->250009K(913088K), 0.0041320 secs] [Times: user=0.01 sys=0.01, real=0.01 secs] 
2014-07-08T04:35:08.500+0000: 1266.716: [GC [PSYoungGen: 226100K->356K(220224K)] 475033K->249847K(907200K), 0.0034560 secs] [Times: user=0.02 sys=0.00, real=0.00 secs] 
2014-07-08T04:35:09.262+0000: 1267.477: [GC [PSYoungGen: 220172K->880K(215680K)] 469664K->250436K(902656K), 0.0030700 secs] [Times: user=0.01 sys=0.00, real=0.00 secs] 
2014-07-08T04:35:10.013+0000: 1268.229: [GC [PSYoungGen: 215664K->680K(210624K)] 465220K->250323K(897600K), 0.0034900 secs] [Times: user=0.02 sys=0.00, real=0.01 secs] 
2014-07-08T04:35:10.814+0000: 1269.029: [GC [PSYoungGen: 210600K->992K(206272K)] 460243K->250660K(893248K), 0.0041650 secs] [Times: user=0.02 sys=0.00, real=0.01 secs] 
2014-07-08T04:35:11.459+0000: 1269.675: [GC [PSYoungGen: 206240K->694K(201408K)] 455908K->250433K(888384K), 0.0045750 secs] [Times: user=0.02 sys=0.00, real=0.00 secs] 
2014-07-08T04:35:12.166+0000: 1270.381: [GC [PSYoungGen: 201398K->676K(197056K)] 451137K->250503K(884032K), 0.0058600 secs] [Times: user=0.03 sys=0.00, real=0.01 secs] 
2014-07-08T04:35:12.865+0000: 1271.080: [GC [PSYoungGen: 197028K->758K(192896K)] 446855K->250641K(879872K), 0.0075770 secs] [Times: user=0.05 sys=0.00, real=0.01 secs] 
2014-07-08T04:35:13.537+0000: 1271.753: [GC [PSYoungGen: 192886K->648K(188736K)] 442769K->250587K(875712K), 0.0050820 secs] [Times: user=0.03 sys=0.00, real=0.00 secs] 
2014-07-08T04:35:14.189+0000: 1272.405: [GC [PSYoungGen: 188680K->730K(184896K)] 438619K->250726K(871872K), 0.0034220 secs] [Times: user=0.02 sys=0.00, real=0.00 secs] 
2014-07-08T04:35:14.855+0000: 1273.070: [GC [PSYoungGen: 184858K->758K(181120K)] 434854K->250809K(868096K), 0.0083270 secs] [Times: user=0.05 sys=0.00, real=0.01 secs] 
2014-07-08T04:35:15.475+0000: 1273.690: [GC [PSYoungGen: 181110K->812K(177472K)] 431161K->250912K(864448K), 0.0034960 secs] [Times: user=0.02 sys=0.00, real=0.01 secs] 
2014-07-08T04:35:16.123+0000: 1274.339: [GC [PSYoungGen: 177427K->946K(174016K)] 427527K->251134K(860992K), 0.0063680 secs] [Times: user=0.03 sys=0.00, real=0.01 secs] 
2014-07-08T04:35:16.694+0000: 1274.910: [GC [PSYoungGen: 173956K->441K(170048K)] 424143K->251283K(857024K), 0.0047160 secs] [Times: user=0.02 sys=0.00, real=0.01 secs] 
2014-07-08T04:35:17.291+0000: 1275.507: [GC [PSYoungGen: 170041K->1014K(167296K)] 420883K->251920K(854272K), 0.0035190 secs] [Times: user=0.02 sys=0.00, real=0.00 secs] 
2014-07-08T04:35:17.941+0000: 1276.157: [GC [PSYoungGen: 167286K->890K(163968K)] 418192K->251984K(850944K), 0.0030740 secs] [Times: user=0.01 sys=0.00, real=0.00 secs] 
2014-07-08T04:35:18.455+0000: 1276.670: [GC [PSYoungGen: 163962K->1015K(160960K)] 415056K->252173K(847936K), 0.0065660 secs] [Times: user=0.04 sys=0.00, real=0.01 secs] 
2014-07-08T04:35:19.055+0000: 1277.271: [GC [PSYoungGen: 160912K->566K(157504K)] 412070K->252158K(844480K), 0.0053310 secs] [Times: user=0.04 sys=0.00, real=0.01 secs] 
2014-07-08T04:35:19.561+0000: 1277.776: [GC [PSYoungGen: 157494K->780K(154816K)] 409086K->252436K(841792K), 0.0060160 secs] [Times: user=0.03 sys=0.01, real=0.00 secs] 
2014-07-08T04:35:20.093+0000: 1278.309: [GC [PSYoungGen: 154760K->708K(151936K)] 406417K->252444K(838912K), 0.0052820 secs] [Times: user=0.03 sys=0.00, real=0.01 secs] 
2014-07-08T04:35:20.627+0000: 1278.843: [GC [PSYoungGen: 151796K->630K(149056K)] 403533K->252414K(836032K), 0.0049010 secs] [Times: user=0.02 sys=0.00, real=0.00 secs] 
2014-07-08T04:35:21.159+0000: 1279.375: [GC [PSYoungGen: 149046K->630K(146368K)] 400830K->252462K(833344K), 0.0054600 secs] [Times: user=0.02 sys=0.01, real=0.00 secs] 
2014-07-08T04:35:21.665+0000: 1279.881: [GC [PSYoungGen: 146358K->922K(144064K)] 398190K->252810K(831040K), 0.0048520 secs] [Times: user=0.01 sys=0.01, real=0.01 secs] 
2014-07-08T04:35:22.185+0000: 1280.401: [GC [PSYoungGen: 143971K->765K(141376K)] 395860K->252717K(828352K), 0.0064570 secs] [Times: user=0.04 sys=0.00, real=0.01 secs] 
2014-07-08T04:35:22.682+0000: 1280.897: [GC [PSYoungGen: 141373K->794K(169600K)] 393325K->252802K(856576K), 0.0069920 secs] [Times: user=0.05 sys=0.00, real=0.01 secs] 
2014-07-08T04:35:23.419+0000: 1281.635: [GC [PSYoungGen: 169562K->876K(166336K)] 421570K->253237K(853312K), 0.0051750 secs] [Times: user=0.03 sys=0.00, real=0.00 secs] 
2014-07-08T04:35:23.915+0000: 1282.130: [GC [PSYoungGen: 166316K->964K(163264K)] 418677K->253381K(850240K), 0.0037730 secs] [Times: user=0.02 sys=0.00, real=0.01 secs] 
2014-07-08T04:35:24.436+0000: 1282.652: [GC [PSYoungGen: 163204K->676K(159872K)] 415621K->253503K(846848K), 0.0056590 secs] [Times: user=0.04 sys=0.00, real=0.01 secs] 
2014-07-08T04:35:25.018+0000: 1283.233: [GC [PSYoungGen: 159844K->890K(157056K)] 412671K->253781K(844032K), 0.0066760 secs] [Times: user=0.03 sys=0.00, real=0.01 secs] 
2014-07-08T04:35:25.526+0000: 1283.742: [GC [PSYoungGen: 157050K->580K(188032K)] 409941K->253535K(875008K), 0.0094250 secs] [Times: user=0.06 sys=0.00, real=0.01 secs] 
2014-07-08T04:35:26.166+0000: 1284.382: [GC [PSYoungGen: 187954K->648K(225600K)] 440910K->253627K(912576K), 0.0044950 secs] [Times: user=0.02 sys=0.00, real=0.01 secs] 
2014-07-08T04:35:27.021+0000: 1285.237: [GC [PSYoungGen: 225544K->1074K(220800K)] 478523K->254117K(907776K), 0.0062330 secs] [Times: user=0.04 sys=0.01, real=0.00 secs] 
2014-07-08T04:35:27.732+0000: 1285.948: [GC [PSYoungGen: 220786K->1114K(215872K)] 473829K->254253K(902848K), 0.0048470 secs] [Times: user=0.03 sys=0.00, real=0.00 secs] 
2014-07-08T04:35:28.567+0000: 1286.783: [GC [PSYoungGen: 215834K->508K(210368K)] 468973K->254039K(897344K), 0.0056950 secs] [Times: user=0.02 sys=0.01, real=0.01 secs] 
2014-07-08T04:35:29.244+0000: 1287.459: [GC [PSYoungGen: 210336K->1110K(206336K)] 463867K->254705K(893312K), 0.0072870 secs] [Times: user=0.05 sys=0.00, real=0.01 secs] 
2014-07-08T04:35:29.994+0000: 1288.210: [GC [PSYoungGen: 206285K->904K(247232K)] 459881K->254655K(934208K), 0.0146570 secs] [Times: user=0.09 sys=0.00, real=0.01 secs] 
2014-07-08T04:35:30.816+0000: 1289.032: [GC [PSYoungGen: 247176K->626K(286272K)] 500927K->254433K(973248K), 0.0048160 secs] [Times: user=0.03 sys=0.01, real=0.01 secs] 
2014-07-08T04:35:31.816+0000: 1290.031: [GC [PSYoungGen: 285554K->1014K(278528K)] 539361K->254861K(965504K), 0.0056100 secs] [Times: user=0.02 sys=0.00, real=0.01 secs] 
2014-07-08T04:35:32.794+0000: 1291.010: [GC [PSYoungGen: 278518K->1100K(296576K)] 532365K->254995K(983552K), 0.0196870 secs] [Times: user=0.13 sys=0.00, real=0.02 secs] 
2014-07-08T04:35:33.847+0000: 1292.062: [GC [PSYoungGen: 296328K->822K(334528K)] 550223K->254789K(1021504K), 0.0124580 secs] [Times: user=0.08 sys=0.00, real=0.02 secs] 
2014-07-08T04:35:35.046+0000: 1293.261: [GC [PSYoungGen: 333924K->726K(324544K)] 587891K->254749K(1011520K), 0.0054860 secs] [Times: user=0.03 sys=0.00, real=0.01 secs] 
2014-07-08T04:35:36.154+0000: 1294.370: [GC [PSYoungGen: 324502K->630K(315456K)] 578525K->254767K(1002432K), 0.0042810 secs] [Times: user=0.02 sys=0.01, real=0.00 secs] 
2014-07-08T04:35:37.232+0000: 1295.448: [GC [PSYoungGen: 315435K->648K(306880K)] 569572K->254825K(993856K), 0.0066770 secs] [Times: user=0.04 sys=0.00, real=0.00 secs] 
2014-07-08T04:35:38.378+0000: 1296.593: [GC [PSYoungGen: 306824K->1018K(298944K)] 561001K->255267K(985920K), 0.0034670 secs] [Times: user=0.02 sys=0.00, real=0.01 secs] 
2014-07-08T04:35:39.360+0000: 1297.576: [GC [PSYoungGen: 298921K->730K(290752K)] 553171K->255027K(977728K), 0.0049370 secs] [Times: user=0.03 sys=0.00, real=0.00 secs] 
2014-07-08T04:35:40.421+0000: 1298.636: [GC [PSYoungGen: 290714K->932K(283328K)] 545011K->255344K(970304K), 0.0032900 secs] [Times: user=0.01 sys=0.00, real=0.00 secs] 
2014-07-08T04:35:41.381+0000: 1299.597: [GC [PSYoungGen: 283271K->940K(275968K)] 537682K->255415K(962944K), 0.0053630 secs] [Times: user=0.03 sys=0.00, real=0.00 secs] 
2014-07-08T04:35:42.351+0000: 1300.567: [GC [PSYoungGen: 275948K->566K(268544K)] 530423K->255089K(955520K), 0.0031510 secs] [Times: user=0.02 sys=0.00, real=0.00 secs] 
2014-07-08T04:35:43.290+0000: 1301.506: [GC [PSYoungGen: 268534K->612K(261824K)] 523057K->255191K(948800K), 0.0038130 secs] [Times: user=0.02 sys=0.00, real=0.01 secs] 
2014-07-08T04:35:44.207+0000: 1302.423: [GC [PSYoungGen: 261796K->748K(255424K)] 516375K->255399K(942400K), 0.0055070 secs] [Times: user=0.02 sys=0.00, real=0.01 secs] 
2014-07-08T04:35:45.101+0000: 1303.317: [GC [PSYoungGen: 255330K->898K(249344K)] 509981K->255629K(936320K), 0.0029190 secs] [Times: user=0.02 sys=0.00, real=0.00 secs] 
2014-07-08T04:35:46.023+0000: 1304.239: [GC [PSYoungGen: 249282K->804K(243136K)] 504013K->255607K(930112K), 0.0045550 secs] [Times: user=0.03 sys=0.01, real=0.00 secs] 
2014-07-08T04:35:46.843+0000: 1305.059: [GC [PSYoungGen: 243108K->830K(237312K)] 497911K->255665K(924288K), 0.0037110 secs] [Times: user=0.02 sys=0.00, real=0.00 secs] 
2014-07-08T04:35:47.660+0000: 1305.875: [GC [PSYoungGen: 237310K->744K(231616K)] 492145K->255651K(918592K), 0.0087590 secs] [Times: user=0.05 sys=0.00, real=0.01 secs] 
2014-07-08T04:35:48.521+0000: 1306.737: [GC [PSYoungGen: 231568K->1074K(226496K)] 486475K->256054K(913472K), 0.0058740 secs] [Times: user=0.04 sys=0.00, real=0.01 secs] 
2014-07-08T04:35:49.253+0000: 1307.469: [GC [PSYoungGen: 226482K->484K(220672K)] 481461K->255577K(907648K), 0.0061130 secs] [Times: user=0.04 sys=0.01, real=0.00 secs] 
2014-07-08T04:35:50.055+0000: 1308.271: [GC [PSYoungGen: 220644K->982K(216128K)] 475737K->256139K(903104K), 0.0046500 secs] [Times: user=0.03 sys=0.00, real=0.00 secs] 
2014-07-08T04:35:50.780+0000: 1308.996: [GC [PSYoungGen: 216051K->939K(211200K)] 471208K->256233K(898176K), 0.0044350 secs] [Times: user=0.03 sys=0.00, real=0.01 secs] 
2014-07-08T04:35:51.519+0000: 1309.735: [GC [PSYoungGen: 211179K->1082K(206656K)] 466473K->256471K(893632K), 0.0056490 secs] [Times: user=0.04 sys=0.00, real=0.01 secs] 
2014-07-08T04:35:52.277+0000: 1310.492: [GC [PSYoungGen: 206648K->552K(201600K)] 462038K->256149K(888576K), 0.0044150 secs] [Times: user=0.02 sys=0.00, real=0.00 secs] 
2014-07-08T04:35:52.981+0000: 1311.196: [GC [PSYoungGen: 201576K->1331K(198016K)] 457173K->257008K(884992K), 0.0064560 secs] [Times: user=0.05 sys=0.00, real=0.01 secs] 
2014-07-08T04:35:53.649+0000: 1311.864: [GC [PSYoungGen: 198003K->758K(193216K)] 453680K->256597K(880192K), 0.0046530 secs] [Times: user=0.03 sys=0.01, real=0.01 secs] 
2014-07-08T04:35:54.303+0000: 1312.519: [GC [PSYoungGen: 193206K->744K(189120K)] 449045K->256679K(876096K), 0.0049830 secs] [Times: user=0.03 sys=0.00, real=0.01 secs] 
2014-07-08T04:35:54.975+0000: 1313.191: [GC [PSYoungGen: 189096K->548K(184960K)] 445031K->256515K(871936K), 0.0035730 secs] [Times: user=0.02 sys=0.01, real=0.00 secs] 
2014-07-08T04:35:55.611+0000: 1313.827: [GC [PSYoungGen: 184932K->516K(181120K)] 440899K->256547K(868096K), 0.0054350 secs] [Times: user=0.03 sys=0.00, real=0.01 secs] 
2014-07-08T04:35:56.250+0000: 1314.465: [GC [PSYoungGen: 181027K->716K(177600K)] 437058K->256795K(864576K), 0.0059740 secs] [Times: user=0.04 sys=0.00, real=0.01 secs] 
2014-07-08T04:35:56.915+0000: 1315.131: [GC [PSYoungGen: 177548K->1004K(174272K)] 433627K->257139K(861248K), 0.0066220 secs] [Times: user=0.04 sys=0.00, real=0.00 secs] 
2014-07-08T04:35:57.495+0000: 1315.710: [GC [PSYoungGen: 174252K->680K(170496K)] 430387K->256879K(857472K), 0.0031610 secs] [Times: user=0.01 sys=0.00, real=0.00 secs] 
2014-07-08T04:35:58.100+0000: 1316.316: [GC [PSYoungGen: 170472K->730K(167232K)] 426671K->256985K(854208K), 0.0035530 secs] [Times: user=0.02 sys=0.00, real=0.01 secs] 
2014-07-08T04:35:58.785+0000: 1317.001: [GC [PSYoungGen: 167166K->900K(164160K)] 423422K->257219K(851136K), 0.0048720 secs] [Times: user=0.03 sys=0.00, real=0.00 secs] 
2014-07-08T04:35:59.273+0000: 1317.488: [GC [PSYoungGen: 164100K->658K(160768K)] 420419K->257033K(847744K), 0.0034360 secs] [Times: user=0.01 sys=0.00, real=0.01 secs] 
2014-07-08T04:35:59.842+0000: 1318.058: [GC [PSYoungGen: 160689K->1082K(158144K)] 417064K->257529K(845120K), 0.0055150 secs] [Times: user=0.03 sys=0.00, real=0.01 secs] 
2014-07-08T04:36:00.361+0000: 1318.577: [GC [PSYoungGen: 158138K->1000K(155136K)] 414585K->257544K(842112K), 0.0040640 secs] [Times: user=0.03 sys=0.00, real=0.01 secs] 
2014-07-08T04:36:00.932+0000: 1319.148: [GC [PSYoungGen: 155079K->751K(152000K)] 411622K->257550K(838976K), 0.0041030 secs] [Times: user=0.03 sys=0.00, real=0.01 secs] 
2014-07-08T04:36:01.434+0000: 1319.650: [GC [PSYoungGen: 151903K->751K(149248K)] 408702K->257606K(836224K), 0.0027110 secs] [Times: user=0.02 sys=0.00, real=0.01 secs] 
2014-07-08T04:36:02.010+0000: 1320.225: [GC [PSYoungGen: 149187K->1125K(146944K)] 406042K->258094K(833920K), 0.0036300 secs] [Times: user=0.02 sys=0.00, real=0.00 secs] 
2014-07-08T04:36:02.461+0000: 1320.677: [GC [PSYoungGen: 146917K->626K(143808K)] 403886K->257674K(830784K), 0.0091790 secs] [Times: user=0.05 sys=0.00, real=0.01 secs] 
2014-07-08T04:36:02.994+0000: 1321.210: [GC [PSYoungGen: 143794K->594K(172480K)] 400842K->257666K(859456K), 0.0073620 secs] [Times: user=0.01 sys=0.00, real=0.00 secs] 
2014-07-08T04:36:03.564+0000: 1321.779: [GC [PSYoungGen: 172414K->730K(169216K)] 429487K->257858K(856192K), 0.0028570 secs] [Times: user=0.02 sys=0.00, real=0.01 secs] 
2014-07-08T04:36:04.312+0000: 1322.528: [GC [PSYoungGen: 169177K->990K(166144K)] 426306K->258198K(853120K), 0.0025940 secs] [Times: user=0.02 sys=0.00, real=0.01 secs] 
2014-07-08T04:36:04.788+0000: 1323.004: [GC [PSYoungGen: 166020K->997K(162944K)] 423228K->258246K(849920K), 0.0039910 secs] [Times: user=0.02 sys=0.00, real=0.00 secs] 
2014-07-08T04:36:05.299+0000: 1323.514: [GC [PSYoungGen: 162893K->818K(159680K)] 420141K->258197K(846656K), 0.0052420 secs] [Times: user=0.03 sys=0.00, real=0.01 secs] 
2014-07-08T04:36:05.901+0000: 1324.116: [GC [PSYoungGen: 159666K->944K(156800K)] 417045K->258379K(843776K), 0.0066540 secs] [Times: user=0.04 sys=0.00, real=0.01 secs] 
2014-07-08T04:36:06.426+0000: 1324.642: [GC [PSYoungGen: 156765K->612K(187648K)] 414200K->258110K(874624K), 0.0108210 secs] [Times: user=0.08 sys=0.00, real=0.01 secs] 
2014-07-08T04:36:07.074+0000: 1325.290: [GC [PSYoungGen: 187620K->818K(225280K)] 445118K->258365K(912256K), 0.0062270 secs] [Times: user=0.04 sys=0.00, real=0.00 secs] 
2014-07-08T04:36:07.899+0000: 1326.114: [GC [PSYoungGen: 225219K->1274K(220544K)] 482766K->258909K(907520K), 0.0041710 secs] [Times: user=0.03 sys=0.00, real=0.00 secs] 
2014-07-08T04:36:08.638+0000: 1326.853: [GC [PSYoungGen: 220498K->698K(214976K)] 478133K->258420K(901952K), 0.0048600 secs] [Times: user=0.03 sys=0.00, real=0.00 secs] 
2014-07-08T04:36:09.385+0000: 1327.600: [GC [PSYoungGen: 214970K->840K(210368K)] 472692K->258650K(897344K), 0.0032430 secs] [Times: user=0.01 sys=0.00, real=0.01 secs] 
2014-07-08T04:36:10.123+0000: 1328.339: [GC [PSYoungGen: 210312K->680K(205504K)] 468122K->258530K(892480K), 0.0105180 secs] [Times: user=0.06 sys=0.00, real=0.01 secs] 
2014-07-08T04:36:10.952+0000: 1329.168: [GC [PSYoungGen: 205480K->804K(201152K)] 463330K->258710K(888128K), 0.0074010 secs] [Times: user=0.05 sys=0.01, real=0.01 secs] 
2014-07-08T04:36:11.553+0000: 1329.768: [GC [PSYoungGen: 201124K->804K(196800K)] 459030K->258798K(883776K), 0.0074280 secs] [Times: user=0.04 sys=0.00, real=0.01 secs] 
2014-07-08T04:36:12.237+0000: 1330.452: [GC [PSYoungGen: 196772K->776K(192576K)] 454766K->258818K(879552K), 0.0055950 secs] [Times: user=0.03 sys=0.00, real=0.00 secs] 
2014-07-08T04:36:12.935+0000: 1331.150: [GC [PSYoungGen: 192518K->1000K(188736K)] 450561K->259075K(875712K), 0.0061150 secs] [Times: user=0.01 sys=0.00, real=0.01 secs] 
2014-07-08T04:36:13.573+0000: 1331.789: [GC [PSYoungGen: 188712K->498K(184320K)] 446787K->258628K(871296K), 0.0058930 secs] [Times: user=0.03 sys=0.00, real=0.01 secs] 
2014-07-08T04:36:14.275+0000: 1332.490: [GC [PSYoungGen: 184306K->580K(180672K)] 442436K->258766K(867648K), 0.0046420 secs] [Times: user=0.03 sys=0.00, real=0.01 secs] 
2014-07-08T04:36:14.875+0000: 1333.091: [GC [PSYoungGen: 180612K->1168K(177600K)] 438798K->259443K(864576K), 0.0044230 secs] [Times: user=0.03 sys=0.00, real=0.01 secs] 
2014-07-08T04:36:15.474+0000: 1333.690: [GC [PSYoungGen: 177552K->844K(173760K)] 435827K->259198K(860736K), 0.0041210 secs] [Times: user=0.02 sys=0.00, real=0.01 secs] 
2014-07-08T04:36:16.124+0000: 1334.339: [GC [PSYoungGen: 173708K->766K(170176K)] 432062K->259275K(857152K), 0.0075390 secs] [Times: user=0.05 sys=0.00, real=0.01 secs] 
2014-07-08T04:36:16.695+0000: 1334.910: [GC [PSYoungGen: 170174K->630K(166720K)] 428683K->259186K(853696K), 0.0034350 secs] [Times: user=0.02 sys=0.00, real=0.01 secs] 
2014-07-08T04:36:17.300+0000: 1335.515: [GC [PSYoungGen: 166710K->712K(163648K)] 425266K->259364K(850624K), 0.0047500 secs] [Times: user=0.03 sys=0.00, real=0.00 secs] 
2014-07-08T04:36:17.864+0000: 1336.079: [GC [PSYoungGen: 163592K->840K(160640K)] 422244K->259572K(847616K), 0.0035350 secs] [Times: user=0.02 sys=0.00, real=0.01 secs] 
2014-07-08T04:36:18.401+0000: 1336.617: [GC [PSYoungGen: 160584K->780K(157568K)] 419316K->259601K(844544K), 0.0074210 secs] [Times: user=0.05 sys=0.00, real=0.01 secs] 
2014-07-08T04:36:19.060+0000: 1337.276: [GC [PSYoungGen: 157516K->804K(154624K)] 416337K->259672K(841600K), 0.0085360 secs] [Times: user=0.06 sys=0.00, real=0.01 secs] 
2014-07-08T04:36:19.479+0000: 1337.695: [GC [PSYoungGen: 154596K->644K(185280K)] 413464K->259600K(872256K), 0.0050520 secs] [Times: user=0.03 sys=0.00, real=0.00 secs] 
2014-07-08T04:36:20.145+0000: 1338.361: [GC [PSYoungGen: 185220K->548K(222080K)] 444176K->259544K(909056K), 0.0074730 secs] [Times: user=0.04 sys=0.00, real=0.01 secs] 
2014-07-08T04:36:20.930+0000: 1339.146: [GC [PSYoungGen: 221960K->989K(217472K)] 480957K->260034K(904448K), 0.0042560 secs] [Times: user=0.02 sys=0.01, real=0.00 secs] 
2014-07-08T04:36:21.670+0000: 1339.886: [GC [PSYoungGen: 217437K->676K(212224K)] 476482K->259816K(899200K), 0.0055630 secs] [Times: user=0.03 sys=0.00, real=0.00 secs] 
2014-07-08T04:36:22.417+0000: 1340.633: [GC [PSYoungGen: 212182K->630K(207424K)] 471323K->259834K(894400K), 0.0041590 secs] [Times: user=0.02 sys=0.01, real=0.01 secs] 
2014-07-08T04:36:23.234+0000: 1341.449: [GC [PSYoungGen: 207413K->772K(203072K)] 466618K->260048K(890048K), 0.0077530 secs] [Times: user=0.05 sys=0.00, real=0.01 secs] 
2014-07-08T04:36:23.855+0000: 1342.070: [GC [PSYoungGen: 203012K->708K(198592K)] 462288K->260040K(885568K), 0.0057620 secs] [Times: user=0.03 sys=0.00, real=0.01 secs] 
2014-07-08T04:36:24.535+0000: 1342.750: [GC [PSYoungGen: 198532K->747K(194304K)] 457864K->260144K(881280K), 0.0053630 secs] [Times: user=0.04 sys=0.00, real=0.01 secs] 
2014-07-08T04:36:25.225+0000: 1343.441: [GC [PSYoungGen: 194283K->616K(190080K)] 453680K->260076K(877056K), 0.0075450 secs] [Times: user=0.05 sys=0.01, real=0.01 secs] 
2014-07-08T04:36:25.924+0000: 1344.140: [GC [PSYoungGen: 190056K->868K(186368K)] 449516K->260376K(873344K), 0.0064420 secs] [Times: user=0.03 sys=0.00, real=0.01 secs] 
2014-07-08T04:36:26.553+0000: 1344.769: [GC [PSYoungGen: 186340K->594K(182272K)] 445848K->260182K(869248K), 0.0054210 secs] [Times: user=0.03 sys=0.00, real=0.01 secs] 
2014-07-08T04:36:27.191+0000: 1345.407: [GC [PSYoungGen: 182226K->648K(178624K)] 441814K->260292K(865600K), 0.0027970 secs] [Times: user=0.01 sys=0.00, real=0.00 secs] 
2014-07-08T04:36:27.829+0000: 1346.045: [GC [PSYoungGen: 178568K->872K(175232K)] 438212K->260572K(862208K), 0.0035790 secs] [Times: user=0.01 sys=0.00, real=0.00 secs] 
2014-07-08T04:36:28.442+0000: 1346.657: [GC [PSYoungGen: 175208K->562K(171456K)] 434908K->260334K(858432K), 0.0052300 secs] [Times: user=0.03 sys=0.00, real=0.00 secs] 
2014-07-08T04:36:29.164+0000: 1347.380: [GC [PSYoungGen: 171419K->746K(168256K)] 431192K->260941K(855232K), 0.0071350 secs] [Times: user=0.05 sys=0.00, real=0.01 secs] 
2014-07-08T04:36:29.657+0000: 1347.872: [GC [PSYoungGen: 168200K->762K(164992K)] 428395K->261021K(851968K), 0.0036020 secs] [Times: user=0.01 sys=0.00, real=0.01 secs] 
2014-07-08T04:36:30.222+0000: 1348.438: [GC [PSYoungGen: 164986K->562K(161664K)] 425245K->260985K(848640K), 0.0035480 secs] [Times: user=0.02 sys=0.00, real=0.00 secs] 
2014-07-08T04:36:30.781+0000: 1348.997: [GC [PSYoungGen: 161650K->940K(158976K)] 422073K->261419K(845952K), 0.0064060 secs] [Times: user=0.04 sys=0.01, real=0.00 secs] 
2014-07-08T04:36:31.308+0000: 1349.523: [GC [PSYoungGen: 158956K->798K(190464K)] 419435K->261333K(877440K), 0.0090500 secs] [Times: user=0.05 sys=0.00, real=0.01 secs] 
2014-07-08T04:36:32.014+0000: 1350.230: [GC [PSYoungGen: 190388K->1060K(228672K)] 450923K->261635K(915648K), 0.0077250 secs] [Times: user=0.05 sys=0.00, real=0.01 secs] 
2014-07-08T04:36:32.791+0000: 1351.007: [GC [PSYoungGen: 228644K->548K(273728K)] 489219K->261469K(960704K), 0.0155500 secs] [Times: user=0.10 sys=0.00, real=0.01 secs] 
2014-07-08T04:36:33.754+0000: 1351.970: [GC [PSYoungGen: 273700K->772K(295232K)] 534621K->261781K(982208K), 0.0041100 secs] [Times: user=0.02 sys=0.00, real=0.00 secs] 
2014-07-08T04:36:34.770+0000: 1352.986: [GC [PSYoungGen: 294760K->840K(287104K)] 555769K->261921K(974080K), 0.0052720 secs] [Times: user=0.03 sys=0.00, real=0.00 secs] 
2014-07-08T04:36:35.795+0000: 1354.011: [GC [PSYoungGen: 287048K->772K(279552K)] 548129K->261909K(966528K), 0.0064970 secs] [Times: user=0.04 sys=0.01, real=0.01 secs] 
2014-07-08T04:36:36.774+0000: 1354.989: [GC [PSYoungGen: 279449K->744K(272256K)] 540587K->262059K(959232K), 0.0085340 secs] [Times: user=0.05 sys=0.00, real=0.01 secs] 
2014-07-08T04:36:37.724+0000: 1355.940: [GC [PSYoungGen: 272232K->946K(265536K)] 533547K->262373K(952512K), 0.0050770 secs] [Times: user=0.03 sys=0.00, real=0.01 secs] 
2014-07-08T04:36:38.671+0000: 1356.886: [GC [PSYoungGen: 265522K->622K(258560K)] 526949K->262285K(945536K), 0.0053730 secs] [Times: user=0.02 sys=0.01, real=0.00 secs] 
2014-07-08T04:36:39.588+0000: 1357.803: [GC [PSYoungGen: 258542K->612K(252160K)] 520205K->262339K(939136K), 0.0057030 secs] [Times: user=0.04 sys=0.00, real=0.01 secs] 
2014-07-08T04:36:40.480+0000: 1358.696: [GC [PSYoungGen: 252098K->680K(246016K)] 513825K->262463K(932992K), 0.0057320 secs] [Times: user=0.03 sys=0.00, real=0.00 secs] 
2014-07-08T04:36:41.358+0000: 1359.573: [GC [PSYoungGen: 245992K->932K(240320K)] 507775K->262787K(927296K), 0.0058040 secs] [Times: user=0.04 sys=0.00, real=0.01 secs] 
2014-07-08T04:36:42.180+0000: 1360.395: [GC [PSYoungGen: 240292K->694K(234304K)] 502147K->262661K(921280K), 0.0046920 secs] [Times: user=0.03 sys=0.01, real=0.01 secs] 
2014-07-08T04:36:43.038+0000: 1361.254: [GC [PSYoungGen: 234294K->850K(228992K)] 496261K->262881K(915968K), 0.0048110 secs] [Times: user=0.03 sys=0.00, real=0.01 secs] 
2014-07-08T04:36:43.824+0000: 1362.040: [GC [PSYoungGen: 228903K->736K(223552K)] 490934K->262855K(910528K), 0.0052620 secs] [Times: user=0.02 sys=0.00, real=0.00 secs] 
2014-07-08T04:36:44.583+0000: 1362.798: [GC [PSYoungGen: 223498K->968K(218688K)] 485617K->263143K(905664K), 0.0045580 secs] [Times: user=0.03 sys=0.00, real=0.00 secs] 
2014-07-08T04:36:45.336+0000: 1363.552: [GC [PSYoungGen: 218632K->442K(213184K)] 480807K->262959K(900160K), 0.0126350 secs] [Times: user=0.09 sys=0.01, real=0.01 secs] 
2014-07-08T04:36:46.097+0000: 1364.312: [GC [PSYoungGen: 213178K->894K(256192K)] 475695K->263427K(943168K), 0.0134930 secs] [Times: user=0.08 sys=0.00, real=0.02 secs] 
2014-07-08T04:36:47.071+0000: 1365.287: [GC [PSYoungGen: 256190K->864K(249856K)] 518723K->263861K(936832K), 0.0041600 secs] [Times: user=0.02 sys=0.00, real=0.00 secs] 
2014-07-08T04:36:47.904+0000: 1366.120: [GC [PSYoungGen: 249824K->1072K(243968K)] 512821K->264133K(930944K), 0.0079610 secs] [Times: user=0.04 sys=0.00, real=0.01 secs] 
2014-07-08T04:36:48.694+0000: 1366.910: [GC [PSYoungGen: 243952K->622K(237632K)] 507013K->263863K(924608K), 0.0047830 secs] [Times: user=0.03 sys=0.00, real=0.00 secs] 
2014-07-08T04:36:49.532+0000: 1367.748: [GC [PSYoungGen: 237614K->662K(232064K)] 500855K->263967K(919040K), 0.0041280 secs] [Times: user=0.02 sys=0.00, real=0.00 secs] 
2014-07-08T04:36:50.323+0000: 1368.539: [GC [PSYoungGen: 232016K->1210K(227136K)] 495321K->264635K(914112K), 0.0074140 secs] [Times: user=0.04 sys=0.00, real=0.00 secs] 
2014-07-08T04:36:51.130+0000: 1369.345: [GC [PSYoungGen: 227130K->662K(221376K)] 490555K->264151K(908352K), 0.0031770 secs] [Times: user=0.01 sys=0.00, real=0.01 secs] 
2014-07-08T04:36:51.893+0000: 1370.109: [GC [PSYoungGen: 221273K->935K(216576K)] 484763K->264480K(903552K), 0.0044880 secs] [Times: user=0.03 sys=0.00, real=0.00 secs] 
2014-07-08T04:36:52.630+0000: 1370.846: [GC [PSYoungGen: 216538K->630K(211392K)] 480083K->264247K(898368K), 0.0057380 secs] [Times: user=0.04 sys=0.01, real=0.01 secs] 
2014-07-08T04:36:53.414+0000: 1371.630: [GC [PSYoungGen: 211382K->548K(206592K)] 474999K->264221K(893568K), 0.0046950 secs] [Times: user=0.03 sys=0.01, real=0.00 secs] 
2014-07-08T04:36:54.105+0000: 1372.321: [GC [PSYoungGen: 206564K->548K(202048K)] 470237K->264253K(889024K), 0.0071440 secs] [Times: user=0.04 sys=0.00, real=0.01 secs] 
2014-07-08T04:36:54.823+0000: 1373.039: [GC [PSYoungGen: 202020K->976K(198080K)] 465725K->264713K(885056K), 0.0047590 secs] [Times: user=0.03 sys=0.00, real=0.00 secs] 
2014-07-08T04:36:55.492+0000: 1373.708: [GC [PSYoungGen: 198032K->680K(193536K)] 461769K->264489K(880512K), 0.0073250 secs] [Times: user=0.05 sys=0.00, real=0.00 secs] 
2014-07-08T04:36:56.169+0000: 1374.385: [GC [PSYoungGen: 193512K->680K(189440K)] 457321K->264569K(876416K), 0.0046870 secs] [Times: user=0.03 sys=0.00, real=0.01 secs] 
2014-07-08T04:36:56.859+0000: 1375.075: [GC [PSYoungGen: 189416K->882K(185664K)] 453305K->264827K(872640K), 0.0073660 secs] [Times: user=0.03 sys=0.00, real=0.01 secs] 
2014-07-08T04:36:57.494+0000: 1375.710: [GC [PSYoungGen: 185650K->580K(181568K)] 449595K->264581K(868544K), 0.0053790 secs] [Times: user=0.02 sys=0.00, real=0.00 secs] 
2014-07-08T04:36:58.144+0000: 1376.360: [GC [PSYoungGen: 181508K->544K(177792K)] 445509K->264617K(864768K), 0.0039990 secs] [Times: user=0.02 sys=0.00, real=0.00 secs] 
2014-07-08T04:36:58.759+0000: 1376.974: [GC [PSYoungGen: 177760K->950K(174592K)] 441833K->265095K(861568K), 0.0068650 secs] [Times: user=0.04 sys=0.00, real=0.01 secs] 
2014-07-08T04:36:59.444+0000: 1377.660: [GC [PSYoungGen: 174540K->868K(209280K)] 438685K->265077K(896256K), 0.0127440 secs] [Times: user=0.09 sys=0.00, real=0.01 secs] 
2014-07-08T04:37:00.114+0000: 1378.329: [GC [PSYoungGen: 209252K->755K(204544K)] 473461K->265084K(891520K), 0.0043690 secs] [Times: user=0.03 sys=0.00, real=0.00 secs] 
2014-07-08T04:37:00.797+0000: 1379.013: [GC [PSYoungGen: 204531K->762K(200064K)] 468860K->265139K(887040K), 0.0056540 secs] [Times: user=0.03 sys=0.00, real=0.01 secs] 
2014-07-08T04:37:01.498+0000: 1379.714: [GC [PSYoungGen: 200058K->480K(195520K)] 464435K->265029K(882496K), 0.0051610 secs] [Times: user=0.03 sys=0.00, real=0.01 secs] 
2014-07-08T04:37:02.188+0000: 1380.404: [GC [PSYoungGen: 195488K->790K(191680K)] 460037K->265379K(878656K), 0.0034300 secs] [Times: user=0.02 sys=0.00, real=0.00 secs] 
2014-07-08T04:37:02.886+0000: 1381.101: [GC [PSYoungGen: 191625K->936K(187776K)] 456214K->265589K(874752K), 0.0034920 secs] [Times: user=0.02 sys=0.00, real=0.00 secs] 
2014-07-08T04:37:03.515+0000: 1381.730: [GC [PSYoungGen: 187752K->548K(183488K)] 452405K->265257K(870464K), 0.0049630 secs] [Times: user=0.02 sys=0.00, real=0.00 secs] 
2014-07-08T04:37:04.165+0000: 1382.380: [GC [PSYoungGen: 183460K->676K(179840K)] 448169K->265457K(866816K), 0.0054480 secs] [Times: user=0.03 sys=0.00, real=0.00 secs] 
2014-07-08T04:37:04.812+0000: 1383.028: [GC [PSYoungGen: 179766K->946K(176448K)] 444547K->265791K(863424K), 0.0061570 secs] [Times: user=0.04 sys=0.00, real=0.01 secs] 
2014-07-08T04:37:05.426+0000: 1383.641: [GC [PSYoungGen: 176434K->740K(172736K)] 441279K->265681K(859712K), 0.0079580 secs] [Times: user=0.05 sys=0.01, real=0.01 secs] 
2014-07-08T04:37:06.063+0000: 1384.279: [GC [PSYoungGen: 172708K->950K(169536K)] 437649K->265947K(856512K), 0.0048670 secs] [Times: user=0.03 sys=0.00, real=0.00 secs] 
2014-07-08T04:37:06.629+0000: 1384.845: [GC [PSYoungGen: 169504K->712K(166016K)] 434501K->265773K(852992K), 0.0043880 secs] [Times: user=0.03 sys=0.00, real=0.00 secs] 
2014-07-08T04:37:07.220+0000: 1385.435: [GC [PSYoungGen: 165960K->576K(198912K)] 431021K->265693K(885888K), 0.0116920 secs] [Times: user=0.08 sys=0.00, real=0.01 secs] 
2014-07-08T04:37:07.932+0000: 1386.148: [GC [PSYoungGen: 198912K->1057K(239104K)] 464029K->266254K(926080K), 0.0069540 secs] [Times: user=0.04 sys=0.00, real=0.01 secs] 
2014-07-08T04:37:08.739+0000: 1386.955: [GC [PSYoungGen: 239073K->1078K(286720K)] 504270K->266315K(973696K), 0.0104750 secs] [Times: user=0.07 sys=0.00, real=0.01 secs] 
2014-07-08T04:37:09.755+0000: 1387.971: [GC [PSYoungGen: 286672K->420K(308480K)] 551909K->266129K(995456K), 0.0068470 secs] [Times: user=0.04 sys=0.00, real=0.00 secs] 
2014-07-08T04:37:10.854+0000: 1389.070: [GC [PSYoungGen: 308452K->1064K(300736K)] 574161K->266829K(987712K), 0.0078200 secs] [Times: user=0.06 sys=0.00, real=0.00 secs] 
2014-07-08T04:37:11.909+0000: 1390.124: [GC [PSYoungGen: 300712K->242K(291904K)] 566477K->266739K(978880K), 0.0055180 secs] [Times: user=0.04 sys=0.00, real=0.01 secs] 
2014-07-08T04:37:12.914+0000: 1391.130: [GC [PSYoungGen: 291890K->908K(284928K)] 558387K->267445K(971904K), 0.0071120 secs] [Times: user=0.04 sys=0.00, real=0.00 secs] 
2014-07-08T04:37:13.950+0000: 1392.166: [GC [PSYoungGen: 284876K->772K(277376K)] 551413K->267619K(964352K), 0.0030070 secs] [Times: user=0.01 sys=0.00, real=0.00 secs] 
2014-07-08T04:37:14.941+0000: 1393.157: [GC [PSYoungGen: 277316K->1274K(270720K)] 544163K->268244K(957696K), 0.0038350 secs] [Times: user=0.02 sys=0.00, real=0.01 secs] 
2014-07-08T04:37:15.846+0000: 1394.062: [GC [PSYoungGen: 270714K->498K(263104K)] 537684K->267667K(950080K), 0.0053070 secs] [Times: user=0.03 sys=0.00, real=0.00 secs] 
2014-07-08T04:37:16.777+0000: 1394.992: [GC [PSYoungGen: 263090K->1174K(257216K)] 530259K->268408K(944192K), 0.0063610 secs] [Times: user=0.05 sys=0.00, real=0.00 secs] 
2014-07-08T04:37:17.672+0000: 1395.888: [GC [PSYoungGen: 257174K->758K(250432K)] 524408K->268189K(937408K), 0.0065350 secs] [Times: user=0.04 sys=0.00, real=0.01 secs] 
2014-07-08T04:37:18.538+0000: 1396.753: [GC [PSYoungGen: 250422K->644K(244288K)] 517853K->268139K(931264K), 0.0053620 secs] [Times: user=0.03 sys=0.00, real=0.00 secs] 
2014-07-08T04:37:19.402+0000: 1397.618: [GC [PSYoungGen: 244228K->790K(238528K)] 511723K->268373K(925504K), 0.0115590 secs] [Times: user=0.08 sys=0.00, real=0.01 secs] 
2014-07-08T04:37:20.249+0000: 1398.465: [GC [PSYoungGen: 238486K->718K(232768K)] 506069K->268358K(919744K), 0.0059160 secs] [Times: user=0.04 sys=0.00, real=0.00 secs] 
2014-07-08T04:37:21.055+0000: 1399.270: [GC [PSYoungGen: 232718K->800K(227392K)] 500358K->268496K(914368K), 0.0068260 secs] [Times: user=0.05 sys=0.00, real=0.01 secs] 
2014-07-08T04:37:21.857+0000: 1400.073: [GC [PSYoungGen: 227360K->1110K(222464K)] 495056K->268878K(909440K), 0.0107820 secs] [Times: user=0.07 sys=0.00, real=0.01 secs] 
2014-07-08T04:37:22.620+0000: 1400.835: [GC [PSYoungGen: 222422K->680K(216960K)] 490190K->268543K(903936K), 0.0052520 secs] [Times: user=0.03 sys=0.00, real=0.00 secs] 
2014-07-08T04:37:23.374+0000: 1401.589: [GC [PSYoungGen: 216936K->634K(211968K)] 484799K->268553K(898944K), 0.0054690 secs] [Times: user=0.03 sys=0.00, real=0.01 secs] 
2014-07-08T04:37:24.245+0000: 1402.460: [GC [PSYoungGen: 211944K->1254K(207872K)] 479864K->269238K(894848K), 0.0037170 secs] [Times: user=0.02 sys=0.00, real=0.01 secs] 
2014-07-08T04:37:24.931+0000: 1403.147: [GC [PSYoungGen: 207830K->744K(202816K)] 475814K->268759K(889792K), 0.0042110 secs] [Times: user=0.01 sys=0.00, real=0.00 secs] 
2014-07-08T04:37:25.547+0000: 1403.762: [GC [PSYoungGen: 202792K->918K(198592K)] 470807K->269006K(885568K), 0.0028230 secs] [Times: user=0.02 sys=0.00, real=0.00 secs] 
2014-07-08T04:37:26.260+0000: 1404.475: [GC [PSYoungGen: 198545K->630K(193984K)] 466633K->268757K(880960K), 0.0065630 secs] [Times: user=0.02 sys=0.00, real=0.00 secs] 
2014-07-08T04:37:26.977+0000: 1405.193: [GC [PSYoungGen: 193974K->1271K(190528K)] 462101K->269478K(877504K), 0.0056090 secs] [Times: user=0.04 sys=0.00, real=0.01 secs] 
2014-07-08T04:37:27.594+0000: 1405.810: [GC [PSYoungGen: 190495K->580K(185920K)] 458703K->268883K(872896K), 0.0062070 secs] [Times: user=0.04 sys=0.00, real=0.01 secs] 
2014-07-08T04:37:28.248+0000: 1406.463: [GC [PSYoungGen: 185853K->530K(182016K)] 454156K->268897K(868992K), 0.0052160 secs] [Times: user=0.03 sys=0.00, real=0.00 secs] 
2014-07-08T04:37:28.905+0000: 1407.121: [GC [PSYoungGen: 181970K->1156K(178944K)] 450337K->269612K(865920K), 0.0061450 secs] [Times: user=0.04 sys=0.00, real=0.01 secs] 
2014-07-08T04:37:29.510+0000: 1407.725: [GC [PSYoungGen: 178883K->730K(174912K)] 447339K->269265K(861888K), 0.0070590 secs] [Times: user=0.05 sys=0.01, real=0.00 secs] 
2014-07-08T04:37:30.402+0000: 1408.618: [GC [PSYoungGen: 174874K->974K(171712K)] 443409K->269582K(858688K), 0.0070310 secs] [Times: user=0.04 sys=0.00, real=0.01 secs] 
2014-07-08T04:37:30.844+0000: 1409.059: [GC [PSYoungGen: 171659K->914K(168256K)] 440267K->269578K(855232K), 0.0035430 secs] [Times: user=0.02 sys=0.00, real=0.01 secs] 
2014-07-08T04:37:31.329+0000: 1409.544: [GC [PSYoungGen: 168210K->562K(164608K)] 436874K->269289K(851584K), 0.0050810 secs] [Times: user=0.03 sys=0.01, real=0.00 secs] 
2014-07-08T04:37:31.936+0000: 1410.151: [GC [PSYoungGen: 164594K->840K(161792K)] 433321K->269623K(848768K), 0.0032250 secs] [Times: user=0.01 sys=0.00, real=0.01 secs] 
2014-07-08T04:37:32.454+0000: 1410.669: [GC [PSYoungGen: 161736K->912K(158784K)] 430519K->269776K(845760K), 0.0050320 secs] [Times: user=0.03 sys=0.00, real=0.01 secs] 
2014-07-08T04:37:33.120+0000: 1411.336: [GC [PSYoungGen: 158736K->790K(155712K)] 427600K->269709K(842688K), 0.0058520 secs] [Times: user=0.03 sys=0.00, real=0.00 secs] 
2014-07-08T04:37:33.545+0000: 1411.761: [GC [PSYoungGen: 155670K->616K(186496K)] 424589K->269591K(873472K), 0.0082540 secs] [Times: user=0.06 sys=0.00, real=0.01 secs] 
2014-07-08T04:37:34.188+0000: 1412.404: [GC [PSYoungGen: 186388K->1017K(183040K)] 455363K->270089K(870016K), 0.0048570 secs] [Times: user=0.02 sys=0.00, real=0.00 secs] 
2014-07-08T04:37:34.946+0000: 1413.161: [GC [PSYoungGen: 183033K->1082K(179392K)] 452105K->270217K(866368K), 0.0077990 secs] [Times: user=0.05 sys=0.00, real=0.01 secs] 
2014-07-08T04:37:35.576+0000: 1413.792: [GC [PSYoungGen: 179385K->634K(175360K)] 448521K->270000K(862336K), 0.0037160 secs] [Times: user=0.01 sys=0.00, real=0.01 secs] 
2014-07-08T04:37:36.136+0000: 1414.351: [GC [PSYoungGen: 175354K->694K(210368K)] 444720K->270115K(897344K), 0.0112300 secs] [Times: user=0.08 sys=0.00, real=0.01 secs] 
2014-07-08T04:37:36.812+0000: 1415.027: [GC [PSYoungGen: 210358K->814K(252480K)] 479779K->270276K(939456K), 0.0089250 secs] [Times: user=0.05 sys=0.00, real=0.01 secs] 
2014-07-08T04:37:37.705+0000: 1415.921: [GC [PSYoungGen: 252460K->790K(290240K)] 521922K->270307K(977216K), 0.0046410 secs] [Times: user=0.03 sys=0.00, real=0.01 secs] 
2014-07-08T04:37:38.735+0000: 1416.950: [GC [PSYoungGen: 289750K->1200K(282560K)] 559267K->270766K(969536K), 0.0078970 secs] [Times: user=0.03 sys=0.01, real=0.01 secs] 
2014-07-08T04:37:39.737+0000: 1417.953: [GC [PSYoungGen: 282544K->854K(274944K)] 552110K->270507K(961920K), 0.0054220 secs] [Times: user=0.03 sys=0.00, real=0.01 secs] 
2014-07-08T04:37:40.686+0000: 1418.902: [GC [PSYoungGen: 274886K->498K(267520K)] 544540K->270207K(954496K), 0.0050060 secs] [Times: user=0.04 sys=0.00, real=0.01 secs] 
2014-07-08T04:37:41.620+0000: 1419.835: [GC [PSYoungGen: 267502K->1124K(261376K)] 537212K->270930K(948352K), 0.0046480 secs] [Times: user=0.03 sys=0.00, real=0.00 secs] 
2014-07-08T04:37:42.546+0000: 1420.762: [GC [PSYoungGen: 261348K->680K(254400K)] 531154K->270541K(941376K), 0.0059420 secs] [Times: user=0.03 sys=0.01, real=0.01 secs] 
2014-07-08T04:37:43.443+0000: 1421.659: [GC [PSYoungGen: 254360K->762K(248192K)] 524222K->270703K(935168K), 0.0038540 secs] [Times: user=0.02 sys=0.01, real=0.00 secs] 
2014-07-08T04:37:44.317+0000: 1422.532: [GC [PSYoungGen: 248186K->726K(242176K)] 518127K->270763K(929152K), 0.0031750 secs] [Times: user=0.02 sys=0.00, real=0.01 secs] 
2014-07-08T04:37:45.194+0000: 1423.410: [GC [PSYoungGen: 242134K->750K(236352K)] 512171K->270852K(923328K), 0.0058880 secs] [Times: user=0.03 sys=0.00, real=0.01 secs] 
2014-07-08T04:37:46.017+0000: 1424.233: [GC [PSYoungGen: 236316K->890K(230912K)] 506418K->271039K(917888K), 0.0061110 secs] [Times: user=0.04 sys=0.00, real=0.01 secs] 
2014-07-08T04:37:46.807+0000: 1425.023: [GC [PSYoungGen: 230872K->968K(225664K)] 501022K->271158K(912640K), 0.0036990 secs] [Times: user=0.02 sys=0.00, real=0.01 secs] 
2014-07-08T04:37:47.605+0000: 1425.821: [GC [PSYoungGen: 225608K->598K(220096K)] 495798K->270835K(907072K), 0.0034870 secs] [Times: user=0.01 sys=0.00, real=0.00 secs] 
2014-07-08T04:37:48.391+0000: 1426.607: [GC [PSYoungGen: 220054K->616K(215104K)] 490291K->270885K(902080K), 0.0038160 secs] [Times: user=0.02 sys=0.00, real=0.00 secs] 
2014-07-08T04:37:49.113+0000: 1427.328: [GC [PSYoungGen: 215079K->950K(210560K)] 485349K->271284K(897536K), 0.0044610 secs] [Times: user=0.02 sys=0.01, real=0.00 secs] 
2014-07-08T04:37:49.868+0000: 1428.084: [GC [PSYoungGen: 210550K->840K(205824K)] 480884K->271221K(892800K), 0.0062670 secs] [Times: user=0.02 sys=0.01, real=0.01 secs] 
2014-07-08T04:37:50.561+0000: 1428.777: [GC [PSYoungGen: 205768K->754K(201216K)] 476149K->271266K(888192K), 0.0036010 secs] [Times: user=0.02 sys=0.00, real=0.00 secs] 
2014-07-08T04:37:51.255+0000: 1429.471: [GC [PSYoungGen: 201202K->630K(196736K)] 471714K->271205K(883712K), 0.0032790 secs] [Times: user=0.01 sys=0.00, real=0.00 secs] 
2014-07-08T04:37:51.971+0000: 1430.187: [GC [PSYoungGen: 196709K->940K(192832K)] 467285K->271596K(879808K), 0.0029560 secs] [Times: user=0.02 sys=0.00, real=0.00 secs] 
2014-07-08T04:37:52.610+0000: 1430.826: [GC [PSYoungGen: 192812K->580K(188480K)] 463468K->271291K(875456K), 0.0092690 secs] [Times: user=0.06 sys=0.00, real=0.01 secs] 
2014-07-08T04:37:53.281+0000: 1431.497: [GC [PSYoungGen: 188420K->885K(184832K)] 459131K->271785K(871808K), 0.0058750 secs] [Times: user=0.04 sys=0.01, real=0.01 secs] 
2014-07-08T04:37:54.009+0000: 1432.224: [GC [PSYoungGen: 184821K->882K(181056K)] 455721K->271853K(868032K), 0.0070430 secs] [Times: user=0.04 sys=0.01, real=0.01 secs] 
2014-07-08T04:37:54.556+0000: 1432.772: [GC [PSYoungGen: 180991K->825K(177344K)] 451963K->272012K(864320K), 0.0035970 secs] [Times: user=0.02 sys=0.00, real=0.00 secs] 
2014-07-08T04:37:55.238+0000: 1433.454: [GC [PSYoungGen: 177337K->982K(173952K)] 448524K->272249K(860928K), 0.0048660 secs] [Times: user=0.03 sys=0.00, real=0.01 secs] 
2014-07-08T04:37:55.780+0000: 1433.996: [GC [PSYoungGen: 173910K->868K(170368K)] 445177K->272273K(857344K), 0.0048070 secs] [Times: user=0.03 sys=0.00, real=0.01 secs] 
2014-07-08T04:37:56.368+0000: 1434.584: [GC [PSYoungGen: 170340K->708K(166912K)] 441745K->272193K(853888K), 0.0046470 secs] [Times: user=0.02 sys=0.00, real=0.01 secs] 
2014-07-08T04:37:56.987+0000: 1435.203: [GC [PSYoungGen: 166831K->1067K(164032K)] 438316K->272740K(851008K), 0.0059880 secs] [Times: user=0.04 sys=0.00, real=0.01 secs] 
2014-07-08T04:37:57.511+0000: 1435.726: [GC [PSYoungGen: 164011K->818K(160640K)] 435684K->272587K(847616K), 0.0047030 secs] [Times: user=0.03 sys=0.00, real=0.01 secs] 
2014-07-08T04:37:58.105+0000: 1436.321: [GC [PSYoungGen: 160626K->894K(157696K)] 432395K->272719K(844672K), 0.0052350 secs] [Times: user=0.03 sys=0.00, real=0.00 secs] 
2014-07-08T04:37:58.628+0000: 1436.843: [GC [PSYoungGen: 157694K->580K(188800K)] 429519K->272453K(875776K), 0.0093730 secs] [Times: user=0.06 sys=0.00, real=0.01 secs] 
2014-07-08T04:37:59.288+0000: 1437.504: [GC [PSYoungGen: 188740K->748K(184960K)] 460613K->272677K(871936K), 0.0051630 secs] [Times: user=0.03 sys=0.00, real=0.01 secs] 
2014-07-08T04:37:59.962+0000: 1438.178: [GC [PSYoungGen: 184940K->1216K(181696K)] 456869K->273185K(868672K), 0.0069900 secs] [Times: user=0.05 sys=0.00, real=0.00 secs] 
2014-07-08T04:38:00.641+0000: 1438.857: [GC [PSYoungGen: 181632K->680K(177408K)] 453601K->273313K(864384K), 0.0056480 secs] [Times: user=0.03 sys=0.00, real=0.01 secs] 
2014-07-08T04:38:01.249+0000: 1439.464: [GC [PSYoungGen: 177384K->630K(173760K)] 450017K->273327K(860736K), 0.0050070 secs] [Times: user=0.03 sys=0.00, real=0.01 secs] 
2014-07-08T04:38:01.808+0000: 1440.024: [GC [PSYoungGen: 173720K->1036K(208832K)] 446417K->273831K(895808K), 0.0084940 secs] [Times: user=0.05 sys=0.00, real=0.01 secs] 
2014-07-08T04:38:02.520+0000: 1440.735: [GC [PSYoungGen: 208780K->904K(250304K)] 481575K->273771K(937280K), 0.0092120 secs] [Times: user=0.05 sys=0.00, real=0.01 secs] 
2014-07-08T04:38:03.387+0000: 1441.603: [GC [PSYoungGen: 250183K->697K(243968K)] 523051K->273620K(930944K), 0.0036650 secs] [Times: user=0.02 sys=0.00, real=0.00 secs] 
2014-07-08T04:38:04.256+0000: 1442.471: [GC [PSYoungGen: 243928K->744K(238144K)] 516852K->273715K(925120K), 0.0056850 secs] [Times: user=0.03 sys=0.00, real=0.00 secs] 
2014-07-08T04:38:05.101+0000: 1443.317: [GC [PSYoungGen: 238120K->744K(232512K)] 511091K->273755K(919488K), 0.0062660 secs] [Times: user=0.04 sys=0.00, real=0.01 secs] 
2014-07-08T04:38:05.975+0000: 1444.191: [GC [PSYoungGen: 232488K->996K(279168K)] 505499K->274048K(966144K), 0.0175350 secs] [Times: user=0.11 sys=0.00, real=0.01 secs] 
2014-07-08T04:38:06.877+0000: 1445.093: [GC [PSYoungGen: 279140K->740K(284608K)] 552192K->273855K(971584K), 0.0084010 secs] [Times: user=0.06 sys=0.00, real=0.01 secs] 
2014-07-08T04:38:07.877+0000: 1446.093: [GC [PSYoungGen: 284260K->978K(277120K)] 557375K->274158K(964096K), 0.0061640 secs] [Times: user=0.04 sys=0.00, real=0.01 secs] 
2014-07-08T04:38:08.827+0000: 1447.042: [GC [PSYoungGen: 277074K->374K(283584K)] 550254K->273843K(970560K), 0.0145670 secs] [Times: user=0.07 sys=0.01, real=0.01 secs] 
2014-07-08T04:38:09.811+0000: 1448.026: [GC [PSYoungGen: 283574K->1154K(277056K)] 557043K->274695K(964032K), 0.0074740 secs] [Times: user=0.05 sys=0.00, real=0.01 secs] 
2014-07-08T04:38:10.785+0000: 1449.000: [GC [PSYoungGen: 276994K->192K(268928K)] 550535K->274691K(955904K), 0.0096310 secs] [Times: user=0.05 sys=0.01, real=0.01 secs] 
2014-07-08T04:38:11.730+0000: 1449.945: [GC [PSYoungGen: 268928K->1136K(263040K)] 543427K->275732K(950016K), 0.0058660 secs] [Times: user=0.03 sys=0.00, real=0.01 secs] 
2014-07-08T04:38:12.629+0000: 1450.845: [GC [PSYoungGen: 263024K->666K(256000K)] 537620K->275474K(942976K), 0.0027430 secs] [Times: user=0.02 sys=0.00, real=0.00 secs] 
2014-07-08T04:38:13.521+0000: 1451.736: [GC [PSYoungGen: 255962K->734K(249728K)] 530770K->275598K(936704K), 0.0030250 secs] [Times: user=0.02 sys=0.00, real=0.00 secs] 
2014-07-08T04:38:14.405+0000: 1452.620: [GC [PSYoungGen: 249694K->498K(243392K)] 524558K->275410K(930368K), 0.0040250 secs] [Times: user=0.02 sys=0.00, real=0.00 secs] 
2014-07-08T04:38:15.252+0000: 1453.468: [GC [PSYoungGen: 243378K->762K(237760K)] 518290K->275730K(924736K), 0.0053390 secs] [Times: user=0.03 sys=0.00, real=0.01 secs] 
2014-07-08T04:38:16.122+0000: 1454.338: [GC [PSYoungGen: 237754K->1038K(232448K)] 512722K->276070K(919424K), 0.0031820 secs] [Times: user=0.01 sys=0.00, real=0.01 secs] 
2014-07-08T04:38:16.923+0000: 1455.139: [GC [PSYoungGen: 232398K->726K(226688K)] 507430K->275798K(913664K), 0.0101310 secs] [Times: user=0.06 sys=0.00, real=0.01 secs] 
2014-07-08T04:38:17.712+0000: 1455.928: [GC [PSYoungGen: 226644K->758K(221440K)] 501716K->275902K(908416K), 0.0049080 secs] [Times: user=0.03 sys=0.00, real=0.01 secs] 
2014-07-08T04:38:18.543+0000: 1456.759: [GC [PSYoungGen: 221430K->644K(216320K)] 496574K->275860K(903296K), 0.0039250 secs] [Times: user=0.01 sys=0.00, real=0.01 secs] 
2014-07-08T04:38:19.237+0000: 1457.453: [GC [PSYoungGen: 216260K->630K(211392K)] 491476K->275894K(898368K), 0.0038070 secs] [Times: user=0.02 sys=0.00, real=0.00 secs] 
2014-07-08T04:38:20.017+0000: 1458.233: [GC [PSYoungGen: 211382K->900K(206976K)] 486646K->276236K(893952K), 0.0046020 secs] [Times: user=0.02 sys=0.00, real=0.00 secs] 
2014-07-08T04:38:20.705+0000: 1458.920: [GC [PSYoungGen: 206906K->512K(201984K)] 482242K->275887K(888960K), 0.0070460 secs] [Times: user=0.04 sys=0.00, real=0.01 secs] 
2014-07-08T04:38:21.423+0000: 1459.639: [GC [PSYoungGen: 201984K->548K(197632K)] 477359K->275980K(884608K), 0.0080530 secs] [Times: user=0.05 sys=0.00, real=0.01 secs] 
2014-07-08T04:38:22.122+0000: 1460.337: [GC [PSYoungGen: 197604K->726K(193600K)] 473036K->276222K(880576K), 0.0070640 secs] [Times: user=0.05 sys=0.00, real=0.01 secs] 
2014-07-08T04:38:22.779+0000: 1460.994: [GC [PSYoungGen: 193558K->861K(189632K)] 469054K->276397K(876608K), 0.0066810 secs] [Times: user=0.05 sys=0.00, real=0.01 secs] 
2014-07-08T04:38:23.439+0000: 1461.655: [GC [PSYoungGen: 189597K->790K(185600K)] 465133K->276430K(872576K), 0.0074610 secs] [Times: user=0.05 sys=0.00, real=0.01 secs] 
2014-07-08T04:38:24.173+0000: 1462.388: [GC [PSYoungGen: 185558K->858K(181824K)] 461198K->276570K(868800K), 0.0036900 secs] [Times: user=0.02 sys=0.00, real=0.01 secs] 
2014-07-08T04:38:24.725+0000: 1462.941: [GC [PSYoungGen: 181758K->626K(177856K)] 457470K->276386K(864832K), 0.0064800 secs] [Times: user=0.04 sys=0.00, real=0.00 secs] 
2014-07-08T04:38:25.340+0000: 1463.555: [GC [PSYoungGen: 177842K->794K(174464K)] 453602K->276634K(861440K), 0.0060000 secs] [Times: user=0.04 sys=0.01, real=0.01 secs] 
2014-07-08T04:38:25.966+0000: 1464.182: [GC [PSYoungGen: 174426K->932K(171136K)] 450266K->276868K(858112K), 0.0054280 secs] [Times: user=0.03 sys=0.00, real=0.00 secs] 
2014-07-08T04:38:26.541+0000: 1464.756: [GC [PSYoungGen: 171104K->1000K(167872K)] 447040K->277016K(854848K), 0.0037160 secs] [Times: user=0.02 sys=0.00, real=0.00 secs] 
2014-07-08T04:38:27.135+0000: 1465.351: [GC [PSYoungGen: 167848K->484K(164096K)] 443864K->276580K(851072K), 0.0055780 secs] [Times: user=0.03 sys=0.00, real=0.01 secs] 
2014-07-08T04:38:27.712+0000: 1465.928: [GC [PSYoungGen: 164068K->762K(161216K)] 440164K->276890K(848192K), 0.0042150 secs] [Times: user=0.02 sys=0.00, real=0.01 secs] 
2014-07-08T04:38:28.261+0000: 1466.477: [GC [PSYoungGen: 161210K->787K(158208K)] 437338K->276963K(845184K), 0.0034710 secs] [Times: user=0.02 sys=0.01, real=0.00 secs] 
2014-07-08T04:38:28.832+0000: 1467.047: [GC [PSYoungGen: 158163K->1004K(155456K)] 434339K->277220K(842432K), 0.0061750 secs] [Times: user=0.04 sys=0.00, real=0.01 secs] 
2014-07-08T04:38:29.374+0000: 1467.590: [GC [PSYoungGen: 155436K->488K(152064K)] 431652K->276884K(839040K), 0.0035650 secs] [Times: user=0.02 sys=0.00, real=0.01 secs] 
2014-07-08T04:38:29.990+0000: 1468.206: [GC [PSYoungGen: 152040K->836K(149696K)] 428436K->277296K(836672K), 0.0043850 secs] [Times: user=0.02 sys=0.00, real=0.00 secs] 
2014-07-08T04:38:30.439+0000: 1468.655: [GC [PSYoungGen: 149636K->712K(146880K)] 426096K->277260K(833856K), 0.0061400 secs] [Times: user=0.03 sys=0.00, real=0.00 secs] 
2014-07-08T04:38:31.017+0000: 1469.233: [GC [PSYoungGen: 146783K->1104K(176512K)] 423331K->277708K(863488K), 0.0123000 secs] [Times: user=0.08 sys=0.00, real=0.01 secs] 
2014-07-08T04:38:31.565+0000: 1469.780: [GC [PSYoungGen: 176463K->420K(210880K)] 453067K->277360K(897856K), 0.0049340 secs] [Times: user=0.03 sys=0.00, real=0.01 secs] 
2014-07-08T04:38:32.288+0000: 1470.504: [GC [PSYoungGen: 210851K->936K(206720K)] 487791K->277948K(893696K), 0.0042420 secs] [Times: user=0.02 sys=0.00, real=0.00 secs] 
2014-07-08T04:38:33.038+0000: 1471.253: [GC [PSYoungGen: 206696K->808K(202048K)] 483708K->277868K(889024K), 0.0066270 secs] [Times: user=0.04 sys=0.01, real=0.00 secs] 
2014-07-08T04:38:33.720+0000: 1471.936: [GC [PSYoungGen: 202024K->918K(242432K)] 479084K->278050K(929408K), 0.0130570 secs] [Times: user=0.08 sys=0.01, real=0.01 secs] 
2014-07-08T04:38:34.570+0000: 1472.786: [GC [PSYoungGen: 242390K->676K(267392K)] 519522K->277928K(954368K), 0.0055690 secs] [Times: user=0.04 sys=0.00, real=0.00 secs] 
2014-07-08T04:38:35.498+0000: 1473.714: [GC [PSYoungGen: 267364K->794K(260800K)] 544616K->278126K(947776K), 0.0058020 secs] [Times: user=0.02 sys=0.00, real=0.00 secs] 
2014-07-08T04:38:36.489+0000: 1474.705: [GC [PSYoungGen: 260715K->356K(253888K)] 538047K->278366K(940864K), 0.0042470 secs] [Times: user=0.03 sys=0.01, real=0.00 secs] 
2014-07-08T04:38:37.314+0000: 1475.530: [GC [PSYoungGen: 253844K->990K(248256K)] 531854K->279056K(935232K), 0.0082230 secs] [Times: user=0.05 sys=0.01, real=0.01 secs] 
2014-07-08T04:38:38.180+0000: 1476.396: [GC [PSYoungGen: 248222K->598K(241856K)] 526288K->278902K(928832K), 0.0063530 secs] [Times: user=0.03 sys=0.00, real=0.00 secs] 
2014-07-08T04:38:39.080+0000: 1477.296: [GC [PSYoungGen: 241814K->944K(236352K)] 520118K->279296K(923328K), 0.0047680 secs] [Times: user=0.03 sys=0.00, real=0.00 secs] 
2014-07-08T04:38:39.880+0000: 1478.095: [GC [PSYoungGen: 236308K->868K(230720K)] 514661K->279440K(917696K), 0.0039710 secs] [Times: user=0.01 sys=0.00, real=0.00 secs] 
2014-07-08T04:38:40.662+0000: 1478.878: [GC [PSYoungGen: 230692K->758K(225216K)] 509264K->279418K(912192K), 0.0051110 secs] [Times: user=0.03 sys=0.01, real=0.00 secs] 
2014-07-08T04:38:41.544+0000: 1479.759: [GC [PSYoungGen: 225204K->776K(220096K)] 503865K->279558K(907072K), 0.0082980 secs] [Times: user=0.06 sys=0.00, real=0.01 secs] 
2014-07-08T04:38:42.231+0000: 1480.446: [GC [PSYoungGen: 220040K->801K(215104K)] 498822K->279647K(902080K), 0.0067440 secs] [Times: user=0.05 sys=0.00, real=0.00 secs] 
2014-07-08T04:38:43.067+0000: 1481.282: [GC [PSYoungGen: 215068K->830K(210304K)] 493915K->280201K(897280K), 0.0026440 secs] [Times: user=0.01 sys=0.00, real=0.01 secs] 
2014-07-08T04:38:43.728+0000: 1481.944: [GC [PSYoungGen: 210302K->708K(205568K)] 489673K->280151K(892544K), 0.0070400 secs] [Times: user=0.05 sys=0.00, real=0.00 secs] 
2014-07-08T04:38:44.429+0000: 1482.644: [GC [PSYoungGen: 205497K->830K(201152K)] 484940K->280353K(888128K), 0.0044050 secs] [Times: user=0.02 sys=0.00, real=0.00 secs] 
2014-07-08T04:38:45.147+0000: 1483.362: [GC [PSYoungGen: 201150K->786K(196800K)] 480673K->280357K(883776K), 0.0091510 secs] [Times: user=0.05 sys=0.00, real=0.01 secs] 
2014-07-08T04:38:45.930+0000: 1484.145: [GC [PSYoungGen: 196754K->868K(192640K)] 476325K->280479K(879616K), 0.0041150 secs] [Times: user=0.02 sys=0.00, real=0.00 secs] 
2014-07-08T04:38:46.499+0000: 1484.714: [GC [PSYoungGen: 192612K->864K(188608K)] 472223K->280539K(875584K), 0.0076670 secs] [Times: user=0.04 sys=0.00, real=0.01 secs] 
2014-07-08T04:38:47.184+0000: 1485.399: [GC [PSYoungGen: 188576K->726K(184576K)] 468251K->280481K(871552K), 0.0071960 secs] [Times: user=0.04 sys=0.00, real=0.01 secs] 
2014-07-08T04:38:47.810+0000: 1486.025: [GC [PSYoungGen: 184504K->890K(180928K)] 464260K->280685K(867904K), 0.0043380 secs] [Times: user=0.03 sys=0.00, real=0.00 secs] 
2014-07-08T04:38:48.443+0000: 1486.659: [GC [PSYoungGen: 180922K->466K(176896K)] 460717K->280301K(863872K), 0.0040140 secs] [Times: user=0.02 sys=0.00, real=0.00 secs] 
2014-07-08T04:38:49.086+0000: 1487.302: [GC [PSYoungGen: 176850K->712K(173632K)] 456685K->280603K(860608K), 0.0052390 secs] [Times: user=0.02 sys=0.00, real=0.01 secs] 
2014-07-08T04:38:49.659+0000: 1487.875: [GC [PSYoungGen: 173576K->666K(170112K)] 453467K->280613K(857088K), 0.0055150 secs] [Times: user=0.03 sys=0.00, real=0.00 secs] 
2014-07-08T04:38:50.258+0000: 1488.473: [GC [PSYoungGen: 170040K->690K(166784K)] 449987K->280701K(853760K), 0.0048530 secs] [Times: user=0.03 sys=0.00, real=0.01 secs] 
2014-07-08T04:38:50.918+0000: 1489.134: [GC [PSYoungGen: 166770K->1056K(163968K)] 446781K->281123K(850944K), 0.0056880 secs] [Times: user=0.03 sys=0.00, real=0.01 secs] 
2014-07-08T04:38:51.416+0000: 1489.631: [GC [PSYoungGen: 163910K->804K(160576K)] 443977K->280951K(847552K), 0.0059410 secs] [Times: user=0.03 sys=0.00, real=0.01 secs] 
2014-07-08T04:38:52.014+0000: 1490.230: [GC [PSYoungGen: 160548K->552K(157312K)] 440695K->280909K(844288K), 0.0044340 secs] [Times: user=0.01 sys=0.00, real=0.00 secs] 
2014-07-08T04:38:52.538+0000: 1490.753: [GC [PSYoungGen: 157247K->936K(154752K)] 437604K->281341K(841728K), 0.0051810 secs] [Times: user=0.03 sys=0.00, real=0.01 secs] 
2014-07-08T04:38:53.104+0000: 1491.319: [GC [PSYoungGen: 154728K->808K(151808K)] 435133K->281557K(838784K), 0.0049130 secs] [Times: user=0.03 sys=0.01, real=0.00 secs] 
2014-07-08T04:38:53.631+0000: 1491.847: [GC [PSYoungGen: 151720K->747K(148992K)] 432469K->281568K(835968K), 0.0053580 secs] [Times: user=0.04 sys=0.00, real=0.00 secs] 
2014-07-08T04:38:54.130+0000: 1492.346: [GC [PSYoungGen: 148971K->712K(146304K)] 429792K->281589K(833280K), 0.0065520 secs] [Times: user=0.04 sys=0.00, real=0.00 secs] 
2014-07-08T04:38:54.624+0000: 1492.840: [GC [PSYoungGen: 146248K->712K(175424K)] 427125K->281669K(862400K), 0.0062280 secs] [Times: user=0.05 sys=0.00, real=0.01 secs] 
2014-07-08T04:38:55.239+0000: 1493.454: [GC [PSYoungGen: 175344K->776K(171968K)] 456301K->281845K(858944K), 0.0053390 secs] [Times: user=0.04 sys=0.00, real=0.01 secs] 
2014-07-08T04:38:55.856+0000: 1494.071: [GC [PSYoungGen: 171912K->794K(168576K)] 452981K->281919K(855552K), 0.0052070 secs] [Times: user=0.03 sys=0.00, real=0.01 secs] 
2014-07-08T04:38:56.443+0000: 1494.659: [GC [PSYoungGen: 168538K->694K(165184K)] 449663K->281883K(852160K), 0.0064180 secs] [Times: user=0.03 sys=0.01, real=0.00 secs] 
2014-07-08T04:38:57.051+0000: 1495.267: [GC [PSYoungGen: 165174K->826K(198208K)] 446363K->282047K(885184K), 0.0095220 secs] [Times: user=0.05 sys=0.00, real=0.01 secs] 
2014-07-08T04:38:57.732+0000: 1495.947: [GC [PSYoungGen: 198161K->598K(237504K)] 479382K->281875K(924480K), 0.0050630 secs] [Times: user=0.03 sys=0.00, real=0.00 secs] 
2014-07-08T04:38:58.573+0000: 1496.789: [GC [PSYoungGen: 237462K->744K(232000K)] 518739K->282101K(918976K), 0.0061650 secs] [Times: user=0.03 sys=0.00, real=0.00 secs] 
2014-07-08T04:38:59.388+0000: 1497.604: [GC [PSYoungGen: 231951K->598K(226432K)] 513308K->282019K(913408K), 0.0038900 secs] [Times: user=0.02 sys=0.00, real=0.01 secs] 
2014-07-08T04:39:00.277+0000: 1498.492: [GC [PSYoungGen: 226390K->862K(221440K)] 507811K->282355K(908416K), 0.0063610 secs] [Times: user=0.04 sys=0.01, real=0.01 secs] 
2014-07-08T04:39:01.061+0000: 1499.276: [GC [PSYoungGen: 221313K->686K(216192K)] 502806K->282561K(903168K), 0.0107400 secs] [Times: user=0.08 sys=0.00, real=0.02 secs] 
2014-07-08T04:39:01.731+0000: 1499.947: [GC [PSYoungGen: 216174K->1210K(211840K)] 498049K->283150K(898816K), 0.0031790 secs] [Times: user=0.01 sys=0.01, real=0.00 secs] 
2014-07-08T04:39:02.475+0000: 1500.691: [GC [PSYoungGen: 211834K->548K(206464K)] 493774K->283071K(893440K), 0.0033760 secs] [Times: user=0.02 sys=0.00, real=0.00 secs] 
2014-07-08T04:39:03.217+0000: 1501.433: [GC [PSYoungGen: 206436K->626K(201984K)] 488959K->283205K(888960K), 0.0082180 secs] [Times: user=0.05 sys=0.00, real=0.01 secs] 
2014-07-08T04:39:03.946+0000: 1502.162: [GC [PSYoungGen: 201970K->1128K(198144K)] 484549K->283803K(885120K), 0.0062390 secs] [Times: user=0.04 sys=0.00, real=0.01 secs] 
2014-07-08T04:39:04.587+0000: 1502.802: [GC [PSYoungGen: 198120K->598K(193408K)] 480795K->283353K(880384K), 0.0069440 secs] [Times: user=0.04 sys=0.00, real=0.01 secs] 
2014-07-08T04:39:05.266+0000: 1503.482: [GC [PSYoungGen: 193334K->780K(189504K)] 476090K->283591K(876480K), 0.0047840 secs] [Times: user=0.02 sys=0.00, real=0.00 secs] 
2014-07-08T04:39:05.986+0000: 1504.202: [GC [PSYoungGen: 189389K->1175K(185920K)] 472201K->284011K(872896K), 0.0104190 secs] [Times: user=0.05 sys=0.00, real=0.01 secs] 
2014-07-08T04:39:06.554+0000: 1504.770: [GC [PSYoungGen: 185878K->764K(181632K)] 468714K->283696K(868608K), 0.0056760 secs] [Times: user=0.03 sys=0.00, real=0.00 secs] 
2014-07-08T04:39:07.202+0000: 1505.418: [GC [PSYoungGen: 181628K->942K(178112K)] 464560K->283946K(865088K), 0.0060780 secs] [Times: user=0.03 sys=0.00, real=0.00 secs] 
2014-07-08T04:39:07.815+0000: 1506.030: [GC [PSYoungGen: 178094K->758K(174336K)] 461098K->283809K(861312K), 0.0039150 secs] [Times: user=0.01 sys=0.00, real=0.00 secs] 
2014-07-08T04:39:08.416+0000: 1506.632: [GC [PSYoungGen: 174326K->918K(171072K)] 457377K->284050K(858048K), 0.0040270 secs] [Times: user=0.02 sys=0.00, real=0.00 secs] 
2014-07-08T04:39:09.055+0000: 1507.271: [GC [PSYoungGen: 171030K->992K(167808K)] 454162K->284276K(854784K), 0.0033900 secs] [Times: user=0.02 sys=0.00, real=0.00 secs] 
2014-07-08T04:39:09.588+0000: 1507.803: [GC [PSYoungGen: 167776K->712K(164288K)] 451060K->284043K(851264K), 0.0064680 secs] [Times: user=0.03 sys=0.00, real=0.01 secs] 
2014-07-08T04:39:10.170+0000: 1508.385: [GC [PSYoungGen: 164232K->1000K(161408K)] 447563K->284428K(848384K), 0.0057970 secs] [Times: user=0.04 sys=0.00, real=0.01 secs] 
2014-07-08T04:39:10.726+0000: 1508.941: [GC [PSYoungGen: 161384K->654K(158016K)] 444812K->284138K(844992K), 0.0054580 secs] [Times: user=0.03 sys=0.00, real=0.00 secs] 
2014-07-08T04:39:11.374+0000: 1509.589: [GC [PSYoungGen: 157966K->978K(155392K)] 441450K->284534K(842368K), 0.0033710 secs] [Times: user=0.02 sys=0.00, real=0.00 secs] 
2014-07-08T04:39:11.944+0000: 1510.159: [GC [PSYoungGen: 155346K->1054K(152576K)] 438902K->284673K(839552K), 0.0036410 secs] [Times: user=0.02 sys=0.00, real=0.00 secs] 
2014-07-08T04:39:12.400+0000: 1510.615: [GC [PSYoungGen: 152514K->626K(149376K)] 436134K->284425K(836352K), 0.0042100 secs] [Times: user=0.03 sys=0.00, real=0.01 secs] 
2014-07-08T04:39:12.927+0000: 1511.143: [GC [PSYoungGen: 149362K->904K(147008K)] 433161K->284767K(833984K), 0.0057210 secs] [Times: user=0.04 sys=0.01, real=0.00 secs] 
2014-07-08T04:39:13.407+0000: 1511.623: [GC [PSYoungGen: 146952K->768K(144256K)] 430815K->284704K(831232K), 0.0050350 secs] [Times: user=0.04 sys=0.00, real=0.00 secs] 
2014-07-08T04:39:13.923+0000: 1512.139: [GC [PSYoungGen: 144192K->890K(173056K)] 428128K->284897K(860032K), 0.0081030 secs] [Times: user=0.05 sys=0.00, real=0.00 secs] 
2014-07-08T04:39:14.516+0000: 1512.732: [GC [PSYoungGen: 173050K->772K(169600K)] 457057K->284851K(856576K), 0.0049260 secs] [Times: user=0.02 sys=0.00, real=0.00 secs] 
2014-07-08T04:39:15.129+0000: 1513.344: [GC [PSYoungGen: 169518K->616K(166080K)] 453598K->284751K(853056K), 0.0056700 secs] [Times: user=0.03 sys=0.00, real=0.01 secs] 
2014-07-08T04:39:15.708+0000: 1513.924: [GC [PSYoungGen: 166056K->844K(163136K)] 450191K->285051K(850112K), 0.0037840 secs] [Times: user=0.01 sys=0.00, real=0.00 secs] 
2014-07-08T04:39:16.327+0000: 1514.542: [GC [PSYoungGen: 163084K->744K(195456K)] 447291K->285007K(882432K), 0.0089100 secs] [Times: user=0.05 sys=0.00, real=0.01 secs] 
2014-07-08T04:39:16.971+0000: 1515.187: [GC [PSYoungGen: 195371K->829K(191360K)] 479635K->285355K(878336K), 0.0057340 secs] [Times: user=0.04 sys=0.00, real=0.01 secs] 
2014-07-08T04:39:17.632+0000: 1515.847: [GC [PSYoungGen: 191357K->698K(229376K)] 475883K->285279K(916352K), 0.0073220 secs] [Times: user=0.05 sys=0.00, real=0.01 secs] 
2014-07-08T04:39:18.420+0000: 1516.635: [GC [PSYoungGen: 229370K->844K(224256K)] 513951K->285556K(911232K), 0.0054720 secs] [Times: user=0.03 sys=0.00, real=0.01 secs] 
2014-07-08T04:39:19.184+0000: 1517.400: [GC [PSYoungGen: 224204K->612K(218816K)] 508916K->285379K(905792K), 0.0053320 secs] [Times: user=0.03 sys=0.00, real=0.00 secs] 
2014-07-08T04:39:19.990+0000: 1518.205: [GC [PSYoungGen: 218788K->846K(214080K)] 503555K->285678K(901056K), 0.0027950 secs] [Times: user=0.02 sys=0.00, real=0.00 secs] 
2014-07-08T04:39:20.699+0000: 1518.914: [GC [PSYoungGen: 214030K->648K(209088K)] 498862K->285527K(896064K), 0.0041990 secs] [Times: user=0.02 sys=0.00, real=0.00 secs] 
2014-07-08T04:39:21.437+0000: 1519.652: [GC [PSYoungGen: 209032K->874K(204672K)] 493911K->285868K(891648K), 0.0056790 secs] [Times: user=0.04 sys=0.00, real=0.00 secs] 
2014-07-08T04:39:22.160+0000: 1520.376: [GC [PSYoungGen: 204650K->786K(200128K)] 489644K->285836K(887104K), 0.0052490 secs] [Times: user=0.03 sys=0.00, real=0.01 secs] 
2014-07-08T04:39:22.846+0000: 1521.062: [GC [PSYoungGen: 200082K->736K(195776K)] 485132K->285982K(882752K), 0.0066790 secs] [Times: user=0.05 sys=0.00, real=0.00 secs] 
2014-07-08T04:39:23.521+0000: 1521.737: [GC [PSYoungGen: 195744K->698K(191552K)] 480990K->286016K(878528K), 0.0055530 secs] [Times: user=0.03 sys=0.00, real=0.01 secs] 
2014-07-08T04:39:24.186+0000: 1522.402: [GC [PSYoungGen: 191515K->701K(187520K)] 476833K->286075K(874496K), 0.0049830 secs] [Times: user=0.03 sys=0.01, real=0.00 secs] 
2014-07-08T04:39:24.850+0000: 1523.066: [GC [PSYoungGen: 187517K->1114K(184064K)] 472891K->286528K(871040K), 0.0038410 secs] [Times: user=0.01 sys=0.01, real=0.00 secs] 
2014-07-08T04:39:25.530+0000: 1523.746: [GC [PSYoungGen: 184000K->498K(179648K)] 469414K->286228K(866624K), 0.0064600 secs] [Times: user=0.04 sys=0.00, real=0.01 secs] 
2014-07-08T04:39:26.129+0000: 1524.344: [GC [PSYoungGen: 179597K->862K(176384K)] 465327K->286664K(863360K), 0.0052630 secs] [Times: user=0.03 sys=0.00, real=0.00 secs] 
2014-07-08T04:39:26.730+0000: 1524.945: [GC [PSYoungGen: 176321K->666K(172672K)] 462123K->286724K(859648K), 0.0047250 secs] [Times: user=0.03 sys=0.00, real=0.00 secs] 
2014-07-08T04:39:27.330+0000: 1525.545: [GC [PSYoungGen: 172634K->676K(169280K)] 458692K->286822K(856256K), 0.0035490 secs] [Times: user=0.02 sys=0.00, real=0.00 secs] 
2014-07-08T04:39:27.945+0000: 1526.160: [GC [PSYoungGen: 169252K->878K(203200K)] 455398K->287088K(890176K), 0.0125760 secs] [Times: user=0.08 sys=0.00, real=0.02 secs] 
2014-07-08T04:39:28.639+0000: 1526.855: [GC [PSYoungGen: 203162K->766K(198656K)] 489372K->287024K(885632K), 0.0056960 secs] [Times: user=0.04 sys=0.00, real=0.00 secs] 
2014-07-08T04:39:29.318+0000: 1527.534: [GC [PSYoungGen: 198622K->687K(231872K)] 484880K->287067K(918848K), 0.0075320 secs] [Times: user=0.05 sys=0.00, real=0.01 secs] 
2014-07-08T04:39:30.226+0000: 1528.441: [GC [PSYoungGen: 231826K->1046K(226816K)] 518206K->287498K(913792K), 0.0035430 secs] [Times: user=0.02 sys=0.00, real=0.00 secs] 
2014-07-08T04:39:30.929+0000: 1529.145: [GC [PSYoungGen: 226774K->64K(220544K)] 513226K->287066K(907520K), 0.0030350 secs] [Times: user=0.02 sys=0.01, real=0.00 secs] 
2014-07-08T04:39:31.693+0000: 1529.909: [GC [PSYoungGen: 220505K->1162K(216640K)] 507507K->288188K(903616K), 0.0029880 secs] [Times: user=0.01 sys=0.00, real=0.01 secs] 
2014-07-08T04:39:32.447+0000: 1530.663: [GC [PSYoungGen: 216576K->662K(211264K)] 503602K->288280K(898240K), 0.0049070 secs] [Times: user=0.04 sys=0.01, real=0.00 secs] 
2014-07-08T04:39:33.198+0000: 1531.414: [GC [PSYoungGen: 211222K->448K(206336K)] 498840K->288122K(893312K), 0.0030550 secs] [Times: user=0.01 sys=0.00, real=0.00 secs] 
2014-07-08T04:39:33.950+0000: 1532.166: [GC [PSYoungGen: 206312K->962K(202368K)] 493986K->288684K(889344K), 0.0041950 secs] [Times: user=0.02 sys=0.00, real=0.00 secs] 
2014-07-08T04:39:34.647+0000: 1532.863: [GC [PSYoungGen: 202282K->847K(197888K)] 490004K->288625K(884864K), 0.0091810 secs] [Times: user=0.06 sys=0.00, real=0.01 secs] 
2014-07-08T04:39:35.340+0000: 1533.556: [GC [PSYoungGen: 197837K->698K(193472K)] 485616K->288548K(880448K), 0.0030150 secs] [Times: user=0.02 sys=0.00, real=0.00 secs] 
2014-07-08T04:39:36.068+0000: 1534.284: [GC [PSYoungGen: 193466K->840K(189568K)] 481316K->288730K(876544K), 0.0081450 secs] [Times: user=0.04 sys=0.00, real=0.01 secs] 
2014-07-08T04:39:36.714+0000: 1534.929: [GC [PSYoungGen: 189512K->708K(185472K)] 477402K->288638K(872448K), 0.0039110 secs] [Times: user=0.01 sys=0.00, real=0.01 secs] 
2014-07-08T04:39:37.362+0000: 1535.578: [GC [PSYoungGen: 185412K->772K(181696K)] 473342K->288726K(868672K), 0.0050990 secs] [Times: user=0.02 sys=0.00, real=0.01 secs] 
2014-07-08T04:39:37.998+0000: 1536.214: [GC [PSYoungGen: 181636K->662K(217792K)] 469590K->288640K(904768K), 0.0168830 secs] [Times: user=0.09 sys=0.00, real=0.01 secs] 
2014-07-08T04:39:38.751+0000: 1536.966: [GC [PSYoungGen: 217744K->772K(227136K)] 505722K->288774K(914112K), 0.0128700 secs] [Times: user=0.07 sys=0.00, real=0.01 secs] 
2014-07-08T04:39:39.549+0000: 1537.765: [GC [PSYoungGen: 226756K->648K(261760K)] 514758K->288714K(948736K), 0.0067710 secs] [Times: user=0.05 sys=0.00, real=0.00 secs] 
2014-07-08T04:39:40.473+0000: 1538.689: [GC [PSYoungGen: 261237K->1014K(255104K)] 549303K->289152K(942080K), 0.0030760 secs] [Times: user=0.02 sys=0.00, real=0.00 secs] 
2014-07-08T04:39:41.377+0000: 1539.593: [GC [PSYoungGen: 255094K->128K(247936K)] 543232K->288598K(934912K), 0.0032140 secs] [Times: user=0.02 sys=0.00, real=0.01 secs] 
2014-07-08T04:39:42.324+0000: 1540.540: [GC [PSYoungGen: 247936K->1164K(243008K)] 536406K->289690K(929984K), 0.0064900 secs] [Times: user=0.04 sys=0.00, real=0.01 secs] 
2014-07-08T04:39:43.099+0000: 1541.315: [GC [PSYoungGen: 242941K->630K(236608K)] 531467K->289344K(923584K), 0.0107280 secs] [Times: user=0.07 sys=0.00, real=0.01 secs] 
2014-07-08T04:39:43.943+0000: 1542.159: [GC [PSYoungGen: 236587K->708K(231104K)] 525302K->289470K(918080K), 0.0060120 secs] [Times: user=0.04 sys=0.00, real=0.01 secs] 
2014-07-08T04:39:44.752+0000: 1542.967: [GC [PSYoungGen: 231044K->830K(259392K)] 519806K->289632K(946368K), 0.0173970 secs] [Times: user=0.11 sys=0.00, real=0.02 secs] 
2014-07-08T04:39:45.675+0000: 1543.890: [GC [PSYoungGen: 259006K->648K(252480K)] 547808K->289506K(939456K), 0.0038790 secs] [Times: user=0.02 sys=0.00, real=0.01 secs] 
2014-07-08T04:39:46.577+0000: 1544.793: [GC [PSYoungGen: 252424K->562K(258304K)] 541282K->289596K(945280K), 0.0105160 secs] [Times: user=0.05 sys=0.00, real=0.01 secs] 
2014-07-08T04:39:47.456+0000: 1545.672: [GC [PSYoungGen: 258288K->1022K(252352K)] 547323K->290152K(939328K), 0.0032800 secs] [Times: user=0.01 sys=0.00, real=0.01 secs] 
2014-07-08T04:39:48.433+0000: 1546.648: [GC [PSYoungGen: 252339K->192K(245376K)] 541469K->290024K(932352K), 0.0057020 secs] [Times: user=0.04 sys=0.00, real=0.01 secs] 
2014-07-08T04:39:49.216+0000: 1547.431: [GC [PSYoungGen: 245376K->1072K(240320K)] 535208K->290936K(927296K), 0.0085060 secs] [Times: user=0.05 sys=0.00, real=0.01 secs] 
2014-07-08T04:39:50.056+0000: 1548.272: [GC [PSYoungGen: 240304K->1128K(234688K)] 530168K->291379K(921664K), 0.0048760 secs] [Times: user=0.03 sys=0.00, real=0.01 secs] 
2014-07-08T04:39:50.857+0000: 1549.073: [GC [PSYoungGen: 234656K->858K(228928K)] 524907K->291164K(915904K), 0.0068700 secs] [Times: user=0.04 sys=0.00, real=0.01 secs] 
2014-07-08T04:39:51.710+0000: 1549.926: [GC [PSYoungGen: 228854K->680K(223424K)] 519161K->291575K(910400K), 0.0057950 secs] [Times: user=0.04 sys=0.00, real=0.00 secs] 
2014-07-08T04:39:52.434+0000: 1550.650: [GC [PSYoungGen: 223371K->1050K(218688K)] 514266K->292067K(905664K), 0.0051970 secs] [Times: user=0.03 sys=0.00, real=0.01 secs] 
2014-07-08T04:39:53.196+0000: 1551.412: [GC [PSYoungGen: 218650K->684K(213376K)] 509667K->292055K(900352K), 0.0068200 secs] [Times: user=0.05 sys=0.00, real=0.01 secs] 
2014-07-08T04:39:53.969+0000: 1552.185: [GC [PSYoungGen: 213356K->1234K(209152K)] 504727K->292654K(896128K), 0.0055140 secs] [Times: user=0.04 sys=0.00, real=0.00 secs] 
2014-07-08T04:39:54.686+0000: 1552.901: [GC [PSYoungGen: 209106K->680K(203968K)] 500526K->292139K(890944K), 0.0063410 secs] [Times: user=0.04 sys=0.00, real=0.01 secs] 
2014-07-08T04:39:55.408+0000: 1553.624: [GC [PSYoungGen: 203944K->783K(199616K)] 495403K->292298K(886592K), 0.0054900 secs] [Times: user=0.03 sys=0.00, real=0.01 secs] 
2014-07-08T04:39:56.155+0000: 1554.371: [GC [PSYoungGen: 199519K->798K(195328K)] 491035K->292361K(882304K), 0.0032480 secs] [Times: user=0.02 sys=0.00, real=0.00 secs] 
2014-07-08T04:39:56.926+0000: 1555.142: [GC [PSYoungGen: 195294K->822K(191168K)] 486857K->292409K(878144K), 0.0051680 secs] [Times: user=0.02 sys=0.00, real=0.01 secs] 
2014-07-08T04:39:57.472+0000: 1555.687: [GC [PSYoungGen: 191134K->1083K(187392K)] 482721K->292743K(874368K), 0.0033190 secs] [Times: user=0.02 sys=0.00, real=0.00 secs] 
2014-07-08T04:39:58.161+0000: 1556.377: [GC [PSYoungGen: 187387K->750K(183168K)] 479047K->292473K(870144K), 0.0052730 secs] [Times: user=0.04 sys=0.00, real=0.00 secs] 
2014-07-08T04:39:58.794+0000: 1557.010: [GC [PSYoungGen: 183150K->854K(179520K)] 474873K->292609K(866496K), 0.0084240 secs] [Times: user=0.04 sys=0.00, real=0.01 secs] 
2014-07-08T04:39:59.391+0000: 1557.606: [GC [PSYoungGen: 179473K->570K(214976K)] 471229K->292341K(901952K), 0.0136150 secs] [Times: user=0.06 sys=0.00, real=0.01 secs] 
2014-07-08T04:40:00.182+0000: 1558.398: [GC [PSYoungGen: 214970K->662K(250304K)] 506741K->292481K(937280K), 0.0054750 secs] [Times: user=0.04 sys=0.00, real=0.00 secs] 
2014-07-08T04:40:01.086+0000: 1559.302: [GC [PSYoungGen: 249649K->1182K(250368K)] 541469K->293034K(937344K), 0.0126170 secs] [Times: user=0.07 sys=0.00, real=0.01 secs] 
2014-07-08T04:40:02.036+0000: 1560.251: [GC [PSYoungGen: 250170K->1042K(244032K)] 542021K->292965K(931008K), 0.0056170 secs] [Times: user=0.03 sys=0.00, real=0.01 secs] 
2014-07-08T04:40:02.759+0000: 1560.975: [GC [PSYoungGen: 243986K->658K(237760K)] 535909K->292621K(924736K), 0.0038950 secs] [Times: user=0.02 sys=0.00, real=0.01 secs] 
2014-07-08T04:40:03.591+0000: 1561.807: [GC [PSYoungGen: 237714K->754K(232192K)] 529677K->292797K(919168K), 0.0076410 secs] [Times: user=0.04 sys=0.00, real=0.00 secs] 
2014-07-08T04:40:04.414+0000: 1562.630: [GC [PSYoungGen: 232178K->762K(226752K)] 524221K->292877K(913728K), 0.0051900 secs] [Times: user=0.03 sys=0.01, real=0.00 secs] 
2014-07-08T04:40:05.220+0000: 1563.436: [GC [PSYoungGen: 226746K->580K(221376K)] 518861K->292759K(908352K), 0.0056880 secs] [Times: user=0.03 sys=0.00, real=0.01 secs] 
2014-07-08T04:40:06.047+0000: 1564.262: [GC [PSYoungGen: 221316K->964K(216704K)] 513495K->293191K(903680K), 0.0075320 secs] [Times: user=0.04 sys=0.00, real=0.01 secs] 
2014-07-08T04:40:06.770+0000: 1564.985: [GC [PSYoungGen: 216635K->961K(211840K)] 508863K->293244K(898816K), 0.0087380 secs] [Times: user=0.05 sys=0.00, real=0.02 secs] 
2014-07-08T04:40:07.568+0000: 1565.784: [GC [PSYoungGen: 211777K->808K(206912K)] 504060K->293171K(893888K), 0.0055090 secs] [Times: user=0.03 sys=0.00, real=0.01 secs] 
2014-07-08T04:40:08.252+0000: 1566.468: [GC [PSYoungGen: 206888K->662K(202240K)] 499251K->293113K(889216K), 0.0050800 secs] [Times: user=0.03 sys=0.00, real=0.00 secs] 
2014-07-08T04:40:08.972+0000: 1567.188: [GC [PSYoungGen: 202198K->996K(198144K)] 494649K->293479K(885120K), 0.0038950 secs] [Times: user=0.02 sys=0.00, real=0.00 secs] 
2014-07-08T04:40:09.629+0000: 1567.845: [GC [PSYoungGen: 198116K->708K(193664K)] 490599K->293303K(880640K), 0.0037390 secs] [Times: user=0.02 sys=0.00, real=0.01 secs] 
2014-07-08T04:40:10.299+0000: 1568.515: [GC [PSYoungGen: 193604K->712K(189568K)] 486199K->293387K(876544K), 0.0042750 secs] [Times: user=0.03 sys=0.00, real=0.01 secs] 
2014-07-08T04:40:10.982+0000: 1569.197: [GC [PSYoungGen: 189512K->1078K(185920K)] 482187K->293801K(872896K), 0.0064660 secs] [Times: user=0.04 sys=0.00, real=0.01 secs] 
2014-07-08T04:40:11.635+0000: 1569.851: [GC [PSYoungGen: 185910K->794K(181824K)] 478633K->293629K(868800K), 0.0050620 secs] [Times: user=0.02 sys=0.01, real=0.00 secs] 
2014-07-08T04:40:12.315+0000: 1570.531: [GC [PSYoungGen: 181761K->814K(178112K)] 474596K->293713K(865088K), 0.0058310 secs] [Times: user=0.04 sys=0.00, real=0.00 secs] 
2014-07-08T04:40:12.978+0000: 1571.194: [GC [PSYoungGen: 178094K->942K(174656K)] 470993K->293897K(861632K), 0.0034580 secs] [Times: user=0.01 sys=0.00, real=0.00 secs] 
2014-07-08T04:40:13.513+0000: 1571.728: [GC [PSYoungGen: 174638K->598K(170880K)] 467593K->293625K(857856K), 0.0027510 secs] [Times: user=0.01 sys=0.00, real=0.00 secs] 
2014-07-08T04:40:14.145+0000: 1572.361: [GC [PSYoungGen: 170838K->480K(167424K)] 463865K->293563K(854400K), 0.0029660 secs] [Times: user=0.01 sys=0.00, real=0.00 secs] 
2014-07-08T04:40:14.702+0000: 1572.918: [GC [PSYoungGen: 167392K->544K(164224K)] 460475K->293691K(851200K), 0.0079040 secs] [Times: user=0.03 sys=0.00, real=0.00 secs] 
2014-07-08T04:40:15.275+0000: 1573.491: [GC [PSYoungGen: 164192K->562K(161088K)] 457339K->293781K(848064K), 0.0058430 secs] [Times: user=0.03 sys=0.01, real=0.00 secs] 
2014-07-08T04:40:15.848+0000: 1574.064: [GC [PSYoungGen: 161074K->924K(158400K)] 454293K->294215K(845376K), 0.0068170 secs] [Times: user=0.04 sys=0.00, real=0.01 secs] 
2014-07-08T04:40:16.384+0000: 1574.600: [GC [PSYoungGen: 158362K->708K(155264K)] 451654K->294103K(842240K), 0.0050530 secs] [Times: user=0.03 sys=0.00, real=0.00 secs] 
2014-07-08T04:40:16.945+0000: 1575.160: [GC [PSYoungGen: 155164K->744K(152384K)] 448560K->294163K(839360K), 0.0051410 secs] [Times: user=0.01 sys=0.00, real=0.00 secs] 
2014-07-08T04:40:17.471+0000: 1575.687: [GC [PSYoungGen: 152336K->798K(149696K)] 445756K->294281K(836672K), 0.0043800 secs] [Times: user=0.02 sys=0.00, real=0.01 secs] 
2014-07-08T04:40:18.025+0000: 1576.240: [GC [PSYoungGen: 149650K->876K(179584K)] 443134K->294447K(866560K), 0.0075400 secs] [Times: user=0.05 sys=0.00, real=0.00 secs] 
2014-07-08T04:40:18.634+0000: 1576.850: [GC [PSYoungGen: 179564K->968K(176064K)] 473135K->294651K(863040K), 0.0056520 secs] [Times: user=0.04 sys=0.00, real=0.00 secs] 
2014-07-08T04:40:19.283+0000: 1577.499: [GC [PSYoungGen: 176008K->566K(172096K)] 469691K->294393K(859072K), 0.0053260 secs] [Times: user=0.03 sys=0.00, real=0.00 secs] 
2014-07-08T04:40:19.844+0000: 1578.059: [GC [PSYoungGen: 172086K->1114K(206976K)] 465913K->295014K(893952K), 0.0071390 secs] [Times: user=0.04 sys=0.01, real=0.00 secs] 
2014-07-08T04:40:20.547+0000: 1578.763: [GC [PSYoungGen: 206938K->744K(202048K)] 500838K->294807K(889024K), 0.0044290 secs] [Times: user=0.02 sys=0.00, real=0.00 secs] 
2014-07-08T04:40:21.243+0000: 1579.458: [GC [PSYoungGen: 202024K->840K(197824K)] 496087K->294983K(884800K), 0.0061050 secs] [Times: user=0.04 sys=0.00, real=0.01 secs] 
2014-07-08T04:40:21.950+0000: 1580.166: [GC [PSYoungGen: 197768K->826K(193536K)] 491911K->295033K(880512K), 0.0057320 secs] [Times: user=0.03 sys=0.00, real=0.01 secs] 
2014-07-08T04:40:22.610+0000: 1580.826: [GC [PSYoungGen: 193510K->516K(189184K)] 487718K->294763K(876160K), 0.0037490 secs] [Times: user=0.02 sys=0.00, real=0.01 secs] 
2014-07-08T04:40:23.284+0000: 1581.499: [GC [PSYoungGen: 189123K->662K(185344K)] 483371K->294981K(872320K), 0.0061310 secs] [Times: user=0.04 sys=0.00, real=0.00 secs] 
2014-07-08T04:40:23.950+0000: 1582.166: [GC [PSYoungGen: 185302K->740K(181568K)] 479621K->295107K(868544K), 0.0101690 secs] [Times: user=0.03 sys=0.00, real=0.01 secs] 
2014-07-08T04:40:24.614+0000: 1582.830: [GC [PSYoungGen: 181540K->915K(178048K)] 475907K->295354K(865024K), 0.0036110 secs] [Times: user=0.01 sys=0.01, real=0.00 secs] 
2014-07-08T04:40:25.211+0000: 1583.427: [GC [PSYoungGen: 178003K->712K(174272K)] 472442K->295215K(861248K), 0.0070910 secs] [Times: user=0.04 sys=0.00, real=0.01 secs] 
2014-07-08T04:40:25.823+0000: 1584.039: [GC [PSYoungGen: 174191K->623K(170688K)] 468695K->295446K(857664K), 0.0036680 secs] [Times: user=0.02 sys=0.00, real=0.01 secs] 
2014-07-08T04:40:26.418+0000: 1584.633: [GC [PSYoungGen: 170671K->848K(167616K)] 465494K->295710K(854592K), 0.0038740 secs] [Times: user=0.02 sys=0.00, real=0.00 secs] 
2014-07-08T04:40:27.004+0000: 1585.219: [GC [PSYoungGen: 167546K->694K(164160K)] 462409K->295678K(851136K), 0.0066290 secs] [Times: user=0.03 sys=0.00, real=0.01 secs] 
2014-07-08T04:40:27.583+0000: 1585.799: [GC [PSYoungGen: 164140K->901K(161280K)] 459125K->295950K(848256K), 0.0042180 secs] [Times: user=0.02 sys=0.00, real=0.01 secs] 
2014-07-08T04:40:28.170+0000: 1586.385: [GC [PSYoungGen: 161221K->698K(157952K)] 456270K->295802K(844928K), 0.0026670 secs] [Times: user=0.02 sys=0.00, real=0.00 secs] 
2014-07-08T04:40:28.688+0000: 1586.904: [GC [PSYoungGen: 157917K->950K(155264K)] 453022K->296143K(842240K), 0.0048660 secs] [Times: user=0.03 sys=0.00, real=0.00 secs] 
2014-07-08T04:40:29.226+0000: 1587.442: [GC [PSYoungGen: 155254K->694K(152128K)] 450447K->296094K(839104K), 0.0037550 secs] [Times: user=0.02 sys=0.00, real=0.00 secs] 
2014-07-08T04:40:29.764+0000: 1587.979: [GC [PSYoungGen: 152118K->804K(149504K)] 447518K->296252K(836480K), 0.0048330 secs] [Times: user=0.03 sys=0.00, real=0.01 secs] 
2014-07-08T04:40:30.354+0000: 1588.570: [GC [PSYoungGen: 149476K->808K(146816K)] 444924K->296468K(833792K), 0.0058150 secs] [Times: user=0.03 sys=0.00, real=0.01 secs] 
2014-07-08T04:40:30.818+0000: 1589.034: [GC [PSYoungGen: 146792K->840K(144256K)] 442452K->296580K(831232K), 0.0055130 secs] [Times: user=0.03 sys=0.00, real=0.00 secs] 
2014-07-08T04:40:31.321+0000: 1589.537: [GC [PSYoungGen: 144200K->616K(141440K)] 439940K->296462K(828416K), 0.0054130 secs] [Times: user=0.04 sys=0.00, real=0.01 secs] 
2014-07-08T04:40:31.819+0000: 1590.035: [GC [PSYoungGen: 141416K->876K(139264K)] 437262K->296778K(826240K), 0.0030360 secs] [Times: user=0.01 sys=0.00, real=0.00 secs] 
2014-07-08T04:40:32.332+0000: 1590.548: [GC [PSYoungGen: 139244K->612K(136640K)] 435146K->296610K(823616K), 0.0052940 secs] [Times: user=0.04 sys=0.00, real=0.01 secs] 
2014-07-08T04:40:32.797+0000: 1591.013: [GC [PSYoungGen: 136612K->758K(163968K)] 432610K->296804K(850944K), 0.0069190 secs] [Times: user=0.04 sys=0.00, real=0.00 secs] 
2014-07-08T04:40:33.385+0000: 1591.601: [GC [PSYoungGen: 163958K->598K(160704K)] 460004K->296708K(847680K), 0.0032020 secs] [Times: user=0.02 sys=0.00, real=0.00 secs] 
2014-07-08T04:40:33.958+0000: 1592.173: [GC [PSYoungGen: 160662K->940K(158016K)] 456772K->297122K(844992K), 0.0071110 secs] [Times: user=0.04 sys=0.00, real=0.01 secs] 
2014-07-08T04:40:34.486+0000: 1592.702: [GC [PSYoungGen: 157996K->765K(154880K)] 454178K->297085K(841856K), 0.0041880 secs] [Times: user=0.02 sys=0.00, real=0.00 secs] 
2014-07-08T04:40:35.060+0000: 1593.276: [GC [PSYoungGen: 154877K->928K(185920K)] 451197K->297312K(872896K), 0.0116600 secs] [Times: user=0.07 sys=0.00, real=0.01 secs] 
2014-07-08T04:40:35.689+0000: 1593.905: [GC [PSYoungGen: 185888K->620K(222592K)] 482272K->297238K(909568K), 0.0091860 secs] [Times: user=0.06 sys=0.01, real=0.01 secs] 
2014-07-08T04:40:36.474+0000: 1594.689: [GC [PSYoungGen: 222572K->698K(267072K)] 519190K->297364K(954048K), 0.0073380 secs] [Times: user=0.05 sys=0.00, real=0.01 secs] 
2014-07-08T04:40:37.450+0000: 1595.666: [GC [PSYoungGen: 267066K->616K(260288K)] 563732K->297338K(947264K), 0.0050020 secs] [Times: user=0.02 sys=0.00, real=0.00 secs] 
2014-07-08T04:40:38.336+0000: 1596.551: [GC [PSYoungGen: 260225K->684K(276032K)] 556947K->297446K(963008K), 0.0094110 secs] [Times: user=0.06 sys=0.00, real=0.01 secs] 
2014-07-08T04:40:39.292+0000: 1597.508: [GC [PSYoungGen: 275564K->662K(268544K)] 572326K->297472K(955520K), 0.0079500 secs] [Times: user=0.05 sys=0.00, real=0.01 secs] 
2014-07-08T04:40:40.225+0000: 1598.441: [GC [PSYoungGen: 268502K->890K(261952K)] 565312K->297756K(948928K), 0.0061820 secs] [Times: user=0.02 sys=0.01, real=0.01 secs] 
2014-07-08T04:40:41.151+0000: 1599.366: [GC [PSYoungGen: 261895K->758K(255296K)] 558761K->297696K(942272K), 0.0059590 secs] [Times: user=0.03 sys=0.00, real=0.01 secs] 
2014-07-08T04:40:42.057+0000: 1600.272: [GC [PSYoungGen: 255286K->758K(249024K)] 552224K->297744K(936000K), 0.0041150 secs] [Times: user=0.02 sys=0.00, real=0.00 secs] 
2014-07-08T04:40:42.936+0000: 1601.152: [GC [PSYoungGen: 249014K->630K(242816K)] 546000K->297656K(929792K), 0.0062830 secs] [Times: user=0.04 sys=0.00, real=0.00 secs] 
2014-07-08T04:40:43.780+0000: 1601.995: [GC [PSYoungGen: 242806K->708K(237120K)] 539832K->297830K(924096K), 0.0084180 secs] [Times: user=0.05 sys=0.00, real=0.01 secs] 
2014-07-08T04:40:44.602+0000: 1602.817: [GC [PSYoungGen: 237060K->830K(231552K)] 534182K->298032K(918528K), 0.0032780 secs] [Times: user=0.02 sys=0.00, real=0.00 secs] 
2014-07-08T04:40:45.419+0000: 1603.635: [GC [PSYoungGen: 231550K->630K(225920K)] 528752K->297904K(912896K), 0.0072280 secs] [Times: user=0.04 sys=0.01, real=0.00 secs] 
2014-07-08T04:40:46.220+0000: 1604.436: [GC [PSYoungGen: 225910K->640K(220672K)] 523184K->298010K(907648K), 0.0051910 secs] [Times: user=0.03 sys=0.00, real=0.00 secs] 
2014-07-08T04:40:47.006+0000: 1605.221: [GC [PSYoungGen: 220672K->846K(215872K)] 518042K->298272K(902848K), 0.0053550 secs] [Times: user=0.03 sys=0.00, real=0.01 secs] 
2014-07-08T04:40:47.749+0000: 1605.965: [GC [PSYoungGen: 215794K->694K(210816K)] 513220K->298208K(897792K), 0.0033340 secs] [Times: user=0.02 sys=0.01, real=0.00 secs] 
2014-07-08T04:40:48.481+0000: 1606.697: [GC [PSYoungGen: 210806K->594K(206080K)] 508320K->298188K(893056K), 0.0067860 secs] [Times: user=0.05 sys=0.00, real=0.01 secs] 
2014-07-08T04:40:49.259+0000: 1607.474: [GC [PSYoungGen: 206033K->886K(201792K)] 503627K->298815K(888768K), 0.0033930 secs] [Times: user=0.02 sys=0.00, real=0.00 secs] 
2014-07-08T04:40:49.917+0000: 1608.133: [GC [PSYoungGen: 201782K->662K(197248K)] 499711K->298654K(884224K), 0.0062300 secs] [Times: user=0.04 sys=0.00, real=0.00 secs] 
2014-07-08T04:40:50.608+0000: 1608.823: [GC [PSYoungGen: 197206K->676K(193024K)] 495198K->298764K(880000K), 0.0065900 secs] [Times: user=0.04 sys=0.00, real=0.01 secs] 
2014-07-08T04:40:51.297+0000: 1609.513: [GC [PSYoungGen: 192996K->748K(188992K)] 491084K->298908K(875968K), 0.0056390 secs] [Times: user=0.03 sys=0.00, real=0.01 secs] 
2014-07-08T04:40:51.963+0000: 1610.179: [GC [PSYoungGen: 188970K->886K(185152K)] 487131K->299102K(872128K), 0.0084980 secs] [Times: user=0.05 sys=0.00, real=0.01 secs] 
2014-07-08T04:40:52.610+0000: 1610.826: [GC [PSYoungGen: 185120K->854K(181312K)] 483337K->299134K(868288K), 0.0034170 secs] [Times: user=0.01 sys=0.00, real=0.00 secs] 
2014-07-08T04:40:53.258+0000: 1611.474: [GC [PSYoungGen: 181270K->548K(177280K)] 479550K->298958K(864256K), 0.0032270 secs] [Times: user=0.01 sys=0.00, real=0.00 secs] 
2014-07-08T04:40:53.898+0000: 1612.114: [GC [PSYoungGen: 177252K->1110K(174272K)] 475662K->299577K(861248K), 0.0046590 secs] [Times: user=0.02 sys=0.00, real=0.00 secs] 
2014-07-08T04:40:54.498+0000: 1612.714: [GC [PSYoungGen: 174230K->580K(170304K)] 472697K->299118K(857280K), 0.0099000 secs] [Times: user=0.07 sys=0.00, real=0.01 secs] 
2014-07-08T04:40:55.128+0000: 1613.344: [GC [PSYoungGen: 170243K->662K(167040K)] 468782K->299240K(854016K), 0.0041830 secs] [Times: user=0.02 sys=0.00, real=0.00 secs] 
2014-07-08T04:40:55.680+0000: 1613.895: [GC [PSYoungGen: 166998K->680K(163840K)] 465576K->299322K(850816K), 0.0035950 secs] [Times: user=0.02 sys=0.00, real=0.00 secs] 
2014-07-08T04:40:56.384+0000: 1614.600: [GC [PSYoungGen: 163797K->961K(161024K)] 462440K->299675K(848000K), 0.0046790 secs] [Times: user=0.03 sys=0.00, real=0.01 secs] 
2014-07-08T04:40:56.826+0000: 1615.041: [GC [PSYoungGen: 160961K->740K(157760K)] 459675K->299977K(844736K), 0.0065480 secs] [Times: user=0.04 sys=0.00, real=0.01 secs] 
2014-07-08T04:40:57.365+0000: 1615.581: [GC [PSYoungGen: 157732K->936K(189376K)] 456969K->300245K(876352K), 0.0071590 secs] [Times: user=0.04 sys=0.01, real=0.01 secs] 
2014-07-08T04:40:58.108+0000: 1616.323: [GC [PSYoungGen: 189347K->994K(185472K)] 488656K->300607K(872448K), 0.0050270 secs] [Times: user=0.02 sys=0.00, real=0.01 secs] 
2014-07-08T04:40:58.685+0000: 1616.901: [GC [PSYoungGen: 185442K->676K(181312K)] 485055K->300345K(868288K), 0.0041110 secs] [Times: user=0.02 sys=0.00, real=0.01 secs] 
2014-07-08T04:40:59.319+0000: 1617.535: [GC [PSYoungGen: 181284K->864K(177792K)] 480953K->300621K(864768K), 0.0053380 secs] [Times: user=0.03 sys=0.00, real=0.00 secs] 
2014-07-08T04:40:59.951+0000: 1618.167: [GC [PSYoungGen: 177760K->1018K(174336K)] 477517K->300855K(861312K), 0.0051020 secs] [Times: user=0.03 sys=0.00, real=0.00 secs] 
2014-07-08T04:41:00.544+0000: 1618.760: [GC [PSYoungGen: 174330K->804K(170688K)] 474167K->300729K(857664K), 0.0039220 secs] [Times: user=0.02 sys=0.00, real=0.00 secs] 
2014-07-08T04:41:01.157+0000: 1619.372: [GC [PSYoungGen: 170660K->598K(167168K)] 470585K->300587K(854144K), 0.0058900 secs] [Times: user=0.04 sys=0.00, real=0.01 secs] 
2014-07-08T04:41:01.743+0000: 1619.958: [GC [PSYoungGen: 167126K->851K(164160K)] 467115K->300904K(851136K), 0.0056710 secs] [Times: user=0.03 sys=0.01, real=0.00 secs] 
2014-07-08T04:41:02.376+0000: 1620.591: [GC [PSYoungGen: 164115K->762K(160896K)] 464168K->300879K(847872K), 0.0034670 secs] [Times: user=0.01 sys=0.00, real=0.01 secs] 
2014-07-08T04:41:02.902+0000: 1621.117: [GC [PSYoungGen: 160890K->1070K(158208K)] 461007K->301228K(845184K), 0.0072340 secs] [Times: user=0.04 sys=0.00, real=0.01 secs] 
2014-07-08T04:41:03.430+0000: 1621.646: [GC [PSYoungGen: 158190K->734K(154944K)] 458348K->300939K(841920K), 0.0061830 secs] [Times: user=0.04 sys=0.01, real=0.00 secs] 
2014-07-08T04:41:03.993+0000: 1622.209: [GC [PSYoungGen: 154910K->890K(152192K)] 455115K->301175K(839168K), 0.0035260 secs] [Times: user=0.01 sys=0.00, real=0.00 secs] 
2014-07-08T04:41:04.503+0000: 1622.719: [GC [PSYoungGen: 152169K->926K(182528K)] 452455K->301299K(869504K), 0.0080260 secs] [Times: user=0.04 sys=0.00, real=0.01 secs] 
2014-07-08T04:41:05.147+0000: 1623.363: [GC [PSYoungGen: 182464K->712K(218688K)] 482838K->301125K(905664K), 0.0084810 secs] [Times: user=0.05 sys=0.00, real=0.01 secs] 
2014-07-08T04:41:05.920+0000: 1624.135: [GC [PSYoungGen: 218632K->950K(262464K)] 519045K->301435K(949440K), 0.0096340 secs] [Times: user=0.06 sys=0.00, real=0.01 secs] 
2014-07-08T04:41:06.828+0000: 1625.043: [GC [PSYoungGen: 262454K->882K(295616K)] 562939K->301439K(982592K), 0.0077630 secs] [Times: user=0.05 sys=0.00, real=0.01 secs] 
2014-07-08T04:41:08.011+0000: 1626.227: [GC [PSYoungGen: 295595K->1027K(288000K)] 596153K->301632K(974976K), 0.0033200 secs] [Times: user=0.02 sys=0.00, real=0.00 secs] 
2014-07-08T04:41:08.874+0000: 1627.090: [GC [PSYoungGen: 287939K->256K(279616K)] 588544K->301455K(966592K), 0.0053570 secs] [Times: user=0.04 sys=0.00, real=0.00 secs] 
2014-07-08T04:41:09.863+0000: 1628.079: [GC [PSYoungGen: 279616K->990K(273152K)] 580815K->302261K(960128K), 0.0031080 secs] [Times: user=0.02 sys=0.00, real=0.00 secs] 
2014-07-08T04:41:10.813+0000: 1629.028: [GC [PSYoungGen: 273118K->940K(266112K)] 574389K->302523K(953088K), 0.0078310 secs] [Times: user=0.06 sys=0.00, real=0.00 secs] 
2014-07-08T04:41:11.732+0000: 1629.948: [GC [PSYoungGen: 266072K->808K(259264K)] 567656K->302471K(946240K), 0.0055970 secs] [Times: user=0.03 sys=0.00, real=0.00 secs] 
2014-07-08T04:41:12.701+0000: 1630.917: [GC [PSYoungGen: 259240K->822K(252800K)] 560903K->302683K(939776K), 0.0039430 secs] [Times: user=0.01 sys=0.00, real=0.00 secs] 
2014-07-08T04:41:13.579+0000: 1631.795: [GC [PSYoungGen: 252772K->1082K(246848K)] 554633K->303015K(933824K), 0.0037380 secs] [Times: user=0.02 sys=0.00, real=0.01 secs] 
2014-07-08T04:41:14.411+0000: 1632.627: [GC [PSYoungGen: 246842K->684K(240512K)] 548775K->302731K(927488K), 0.0031210 secs] [Times: user=0.01 sys=0.00, real=0.00 secs] 
2014-07-08T04:41:15.271+0000: 1633.487: [GC [PSYoungGen: 240492K->876K(234944K)] 542539K->302979K(921920K), 0.0090770 secs] [Times: user=0.06 sys=0.00, real=0.00 secs] 
2014-07-08T04:41:16.107+0000: 1634.323: [GC [PSYoungGen: 234924K->512K(228992K)] 537027K->302678K(915968K), 0.0056620 secs] [Times: user=0.03 sys=0.00, real=0.01 secs] 
2014-07-08T04:41:16.899+0000: 1635.115: [GC [PSYoungGen: 228947K->1028K(224256K)] 531114K->303259K(911232K), 0.0037420 secs] [Times: user=0.03 sys=0.00, real=0.01 secs] 
2014-07-08T04:41:17.650+0000: 1635.865: [GC [PSYoungGen: 224177K->868K(218944K)] 526408K->303187K(905920K), 0.0041670 secs] [Times: user=0.03 sys=0.00, real=0.01 secs] 
2014-07-08T04:41:18.424+0000: 1636.639: [GC [PSYoungGen: 218916K->754K(213824K)] 521235K->303152K(900800K), 0.0136010 secs] [Times: user=0.08 sys=0.00, real=0.01 secs] 
2014-07-08T04:41:19.269+0000: 1637.485: [GC [PSYoungGen: 213768K->957K(209216K)] 516167K->303536K(896192K), 0.0040550 secs] [Times: user=0.02 sys=0.00, real=0.01 secs] 
2014-07-08T04:41:19.951+0000: 1638.167: [GC [PSYoungGen: 209187K->928K(204608K)] 511766K->303611K(891584K), 0.0050140 secs] [Times: user=0.03 sys=0.00, real=0.01 secs] 
2014-07-08T04:41:20.626+0000: 1638.842: [GC [PSYoungGen: 204576K->708K(199936K)] 507259K->303471K(886912K), 0.0035630 secs] [Times: user=0.01 sys=0.00, real=0.00 secs] 
2014-07-08T04:41:21.326+0000: 1639.541: [GC [PSYoungGen: 199876K->1036K(195968K)] 502639K->303871K(882944K), 0.0060730 secs] [Times: user=0.04 sys=0.00, real=0.00 secs] 
2014-07-08T04:41:22.044+0000: 1640.260: [GC [PSYoungGen: 195916K->744K(191488K)] 498751K->303749K(878464K), 0.0030330 secs] [Times: user=0.02 sys=0.00, real=0.00 secs] 
2014-07-08T04:41:22.675+0000: 1640.890: [GC [PSYoungGen: 191464K->880K(187584K)] 494469K->303941K(874560K), 0.0072930 secs] [Times: user=0.04 sys=0.01, real=0.01 secs] 
2014-07-08T04:41:23.361+0000: 1641.577: [GC [PSYoungGen: 187568K->772K(183616K)] 490629K->303929K(870592K), 0.0038950 secs] [Times: user=0.02 sys=0.01, real=0.01 secs] 
2014-07-08T04:41:24.055+0000: 1642.270: [GC [PSYoungGen: 183556K->886K(179904K)] 486713K->304107K(866880K), 0.0035880 secs] [Times: user=0.02 sys=0.00, real=0.00 secs] 
2014-07-08T04:41:24.619+0000: 1642.834: [GC [PSYoungGen: 179852K->748K(176128K)] 483073K->304091K(863104K), 0.0080700 secs] [Times: user=0.05 sys=0.00, real=0.01 secs] 
2014-07-08T04:41:25.276+0000: 1643.491: [GC [PSYoungGen: 176108K->926K(172800K)] 479451K->304325K(859776K), 0.0035530 secs] [Times: user=0.01 sys=0.00, real=0.00 secs] 
2014-07-08T04:41:25.842+0000: 1644.058: [GC [PSYoungGen: 172738K->633K(169088K)] 476137K->304234K(856064K), 0.0058250 secs] [Times: user=0.03 sys=0.00, real=0.01 secs] 
2014-07-08T04:41:26.424+0000: 1644.640: [GC [PSYoungGen: 169081K->984K(203200K)] 472682K->304689K(890176K), 0.0096440 secs] [Times: user=0.07 sys=0.00, real=0.01 secs] 
2014-07-08T04:41:27.165+0000: 1645.381: [GC [PSYoungGen: 203160K->608K(198400K)] 506865K->304385K(885376K), 0.0058960 secs] [Times: user=0.03 sys=0.00, real=0.00 secs] 
2014-07-08T04:41:27.897+0000: 1646.112: [GC [PSYoungGen: 198368K->836K(238208K)] 502145K->304669K(925184K), 0.0092630 secs] [Times: user=0.05 sys=0.00, real=0.01 secs] 
2014-07-08T04:41:28.668+0000: 1646.884: [GC [PSYoungGen: 238122K->818K(232512K)] 541955K->304747K(919488K), 0.0067490 secs] [Times: user=0.05 sys=0.00, real=0.01 secs] 
2014-07-08T04:41:29.488+0000: 1647.703: [GC [PSYoungGen: 232498K->726K(227008K)] 536427K->304727K(913984K), 0.0061880 secs] [Times: user=0.03 sys=0.00, real=0.01 secs] 
2014-07-08T04:41:30.268+0000: 1648.483: [GC [PSYoungGen: 226958K->766K(221760K)] 530959K->304931K(908736K), 0.0060960 secs] [Times: user=0.04 sys=0.00, real=0.01 secs] 
2014-07-08T04:41:31.095+0000: 1649.310: [GC [PSYoungGen: 221758K->928K(216896K)] 525923K->305133K(903872K), 0.0053150 secs] [Times: user=0.03 sys=0.00, real=0.00 secs] 
2014-07-08T04:41:31.943+0000: 1650.158: [GC [PSYoungGen: 216855K->630K(211712K)] 521060K->305151K(898688K), 0.0046520 secs] [Times: user=0.03 sys=0.00, real=0.01 secs] 
2014-07-08T04:41:32.578+0000: 1650.794: [GC [PSYoungGen: 211702K->794K(207168K)] 516223K->305419K(894144K), 0.0073720 secs] [Times: user=0.05 sys=0.00, real=0.01 secs] 
2014-07-08T04:41:33.305+0000: 1651.521: [GC [PSYoungGen: 207095K->886K(202688K)] 511720K->305715K(889664K), 0.0067140 secs] [Times: user=0.04 sys=0.00, real=0.00 secs] 
2014-07-08T04:41:34.020+0000: 1652.236: [GC [PSYoungGen: 202645K->922K(198336K)] 507475K->305783K(885312K), 0.0046670 secs] [Times: user=0.02 sys=0.00, real=0.01 secs] 
2014-07-08T04:41:34.687+0000: 1652.903: [GC [PSYoungGen: 198298K->598K(193792K)] 503159K->305531K(880768K), 0.0035920 secs] [Times: user=0.01 sys=0.00, real=0.00 secs] 
2014-07-08T04:41:35.362+0000: 1653.578: [GC [PSYoungGen: 193750K->844K(189952K)] 498683K->305849K(876928K), 0.0056250 secs] [Times: user=0.04 sys=0.00, real=0.01 secs] 
2014-07-08T04:41:36.068+0000: 1654.284: [GC [PSYoungGen: 189877K->932K(186048K)] 494883K->306049K(873024K), 0.0053040 secs] [Times: user=0.04 sys=0.00, real=0.00 secs] 
2014-07-08T04:41:36.675+0000: 1654.890: [GC [PSYoungGen: 186015K->748K(182016K)] 491132K->305929K(868992K), 0.0056910 secs] [Times: user=0.04 sys=0.00, real=0.01 secs] 
2014-07-08T04:41:37.374+0000: 1655.590: [GC [PSYoungGen: 181996K->762K(178304K)] 487177K->306097K(865280K), 0.0061830 secs] [Times: user=0.04 sys=0.00, real=0.01 secs] 
2014-07-08T04:41:38.053+0000: 1656.269: [GC [PSYoungGen: 178268K->1096K(175104K)] 483603K->306511K(862080K), 0.0044120 secs] [Times: user=0.03 sys=0.01, real=0.01 secs] 
2014-07-08T04:41:38.545+0000: 1656.761: [GC [PSYoungGen: 175048K->570K(171072K)] 480463K->306131K(858048K), 0.0036240 secs] [Times: user=0.03 sys=0.00, real=0.00 secs] 
2014-07-08T04:41:39.199+0000: 1657.415: [GC [PSYoungGen: 171066K->1154K(168320K)] 476627K->306771K(855296K), 0.0034990 secs] [Times: user=0.02 sys=0.00, real=0.00 secs] 
2014-07-08T04:41:39.751+0000: 1657.966: [GC [PSYoungGen: 168258K->648K(164544K)] 473875K->306413K(851520K), 0.0044750 secs] [Times: user=0.02 sys=0.00, real=0.01 secs] 
2014-07-08T04:41:40.323+0000: 1658.538: [GC [PSYoungGen: 164463K->566K(161280K)] 470229K->306395K(848256K), 0.0030950 secs] [Times: user=0.02 sys=0.00, real=0.01 secs] 
2014-07-08T04:41:40.910+0000: 1659.125: [GC [PSYoungGen: 161238K->929K(193856K)] 467067K->306806K(880832K), 0.0124070 secs] [Times: user=0.08 sys=0.00, real=0.01 secs] 
2014-07-08T04:41:41.580+0000: 1659.796: [GC [PSYoungGen: 193825K->680K(189504K)] 499702K->306613K(876480K), 0.0038090 secs] [Times: user=0.02 sys=0.00, real=0.00 secs] 
2014-07-08T04:41:42.246+0000: 1660.462: [GC [PSYoungGen: 189480K->812K(185664K)] 495413K->306801K(872640K), 0.0055200 secs] [Times: user=0.04 sys=0.00, real=0.00 secs] 
2014-07-08T04:41:42.904+0000: 1661.120: [GC [PSYoungGen: 185644K->914K(181952K)] 491633K->306968K(868928K), 0.0034260 secs] [Times: user=0.02 sys=0.01, real=0.01 secs] 
2014-07-08T04:41:43.622+0000: 1661.838: [GC [PSYoungGen: 181860K->819K(178112K)] 487914K->307249K(865088K), 0.0048870 secs] [Times: user=0.03 sys=0.01, real=0.01 secs] 
2014-07-08T04:41:44.203+0000: 1662.418: [GC [PSYoungGen: 178099K->932K(174656K)] 484529K->307410K(861632K), 0.0053770 secs] [Times: user=0.03 sys=0.00, real=0.01 secs] 
2014-07-08T04:41:44.777+0000: 1662.992: [GC [PSYoungGen: 174628K->544K(170816K)] 481106K->307093K(857792K), 0.0053920 secs] [Times: user=0.03 sys=0.00, real=0.00 secs] 
2014-07-08T04:41:45.380+0000: 1663.595: [GC [PSYoungGen: 170784K->744K(167680K)] 477333K->307382K(854656K), 0.0056660 secs] [Times: user=0.03 sys=0.00, real=0.00 secs] 
2014-07-08T04:41:46.018+0000: 1664.234: [GC [PSYoungGen: 167656K->1153K(164864K)] 474294K->307839K(851840K), 0.0059870 secs] [Times: user=0.03 sys=0.00, real=0.00 secs] 
2014-07-08T04:41:46.553+0000: 1664.769: [GC [PSYoungGen: 164801K->580K(161152K)] 471487K->307338K(848128K), 0.0048650 secs] [Times: user=0.02 sys=0.00, real=0.01 secs] 
2014-07-08T04:41:47.164+0000: 1665.380: [GC [PSYoungGen: 161092K->1000K(158464K)] 467850K->308018K(845440K), 0.0069940 secs] [Times: user=0.04 sys=0.00, real=0.01 secs] 
2014-07-08T04:41:47.658+0000: 1665.874: [GC [PSYoungGen: 158440K->616K(155136K)] 465458K->307698K(842112K), 0.0041370 secs] [Times: user=0.02 sys=0.00, real=0.00 secs] 
2014-07-08T04:41:48.355+0000: 1666.570: [GC [PSYoungGen: 155100K->1263K(152896K)] 462182K->308409K(839872K), 0.0036500 secs] [Times: user=0.02 sys=0.00, real=0.01 secs] 
2014-07-08T04:41:48.846+0000: 1667.061: [GC [PSYoungGen: 152879K->1018K(182976K)] 460025K->308228K(869952K), 0.0109320 secs] [Times: user=0.07 sys=0.00, real=0.02 secs] 
2014-07-08T04:41:49.392+0000: 1667.608: [GC [PSYoungGen: 182970K->954K(219328K)] 490180K->308318K(906304K), 0.0041590 secs] [Times: user=0.02 sys=0.00, real=0.00 secs] 
2014-07-08T04:41:50.217+0000: 1668.433: [GC [PSYoungGen: 219322K->922K(214336K)] 526686K->308366K(901312K), 0.0054810 secs] [Times: user=0.03 sys=0.00, real=0.00 secs] 
2014-07-08T04:41:50.902+0000: 1669.118: [GC [PSYoungGen: 214298K->858K(209472K)] 521742K->308358K(896448K), 0.0075900 secs] [Times: user=0.05 sys=0.00, real=0.01 secs] 
2014-07-08T04:41:51.634+0000: 1669.850: [GC [PSYoungGen: 209434K->868K(204864K)] 516934K->308480K(891840K), 0.0071740 secs] [Times: user=0.05 sys=0.00, real=0.01 secs] 
2014-07-08T04:41:52.369+0000: 1670.585: [GC [PSYoungGen: 204835K->726K(200256K)] 512447K->308434K(887232K), 0.0037220 secs] [Times: user=0.01 sys=0.00, real=0.00 secs] 
2014-07-08T04:41:53.093+0000: 1671.309: [GC [PSYoungGen: 200214K->1124K(196352K)] 507922K->308896K(883328K), 0.0073470 secs] [Times: user=0.06 sys=0.00, real=0.01 secs] 
2014-07-08T04:41:53.754+0000: 1671.969: [GC [PSYoungGen: 196324K->748K(191808K)] 504096K->308584K(878784K), 0.0055100 secs] [Times: user=0.04 sys=0.00, real=0.01 secs] 
2014-07-08T04:41:54.506+0000: 1672.722: [GC [PSYoungGen: 191786K->1139K(188160K)] 499622K->309079K(875136K), 0.0088970 secs] [Times: user=0.06 sys=0.00, real=0.01 secs] 
2014-07-08T04:41:55.112+0000: 1673.327: [GC [PSYoungGen: 188147K->936K(184064K)] 496087K->308940K(871040K), 0.0069730 secs] [Times: user=0.04 sys=0.00, real=0.01 secs] 
2014-07-08T04:41:55.732+0000: 1673.947: [GC [PSYoungGen: 184011K->968K(180352K)] 492015K->309052K(867328K), 0.0066320 secs] [Times: user=0.05 sys=0.00, real=0.01 secs] 
2014-07-08T04:41:56.362+0000: 1674.577: [GC [PSYoungGen: 180296K->866K(176576K)] 488380K->308990K(863552K), 0.0059010 secs] [Times: user=0.03 sys=0.00, real=0.00 secs] 
2014-07-08T04:41:56.990+0000: 1675.205: [GC [PSYoungGen: 176546K->612K(211456K)] 484670K->308784K(898432K), 0.0070990 secs] [Times: user=0.04 sys=0.00, real=0.00 secs] 
2014-07-08T04:41:57.720+0000: 1675.936: [GC [PSYoungGen: 211428K->676K(206784K)] 519600K->308920K(893760K), 0.0044240 secs] [Times: user=0.02 sys=0.00, real=0.00 secs] 
2014-07-08T04:41:58.463+0000: 1676.678: [GC [PSYoungGen: 206756K->662K(202240K)] 515000K->308962K(889216K), 0.0090610 secs] [Times: user=0.07 sys=0.00, real=0.01 secs] 
2014-07-08T04:41:59.180+0000: 1677.395: [GC [PSYoungGen: 202198K->1064K(198208K)] 510498K->309420K(885184K), 0.0033790 secs] [Times: user=0.02 sys=0.00, real=0.00 secs] 
2014-07-08T04:41:59.847+0000: 1678.063: [GC [PSYoungGen: 198184K->1050K(193984K)] 506540K->309478K(880960K), 0.0070560 secs] [Times: user=0.05 sys=0.00, real=0.01 secs] 
2014-07-08T04:42:00.533+0000: 1678.749: [GC [PSYoungGen: 193946K->608K(189440K)] 502374K->309132K(876416K), 0.0055420 secs] [Times: user=0.04 sys=0.00, real=0.01 secs] 
2014-07-08T04:42:01.196+0000: 1679.412: [GC [PSYoungGen: 189408K->712K(185600K)] 497932K->309316K(872576K), 0.0049680 secs] [Times: user=0.03 sys=0.00, real=0.01 secs] 
2014-07-08T04:42:01.828+0000: 1680.043: [GC [PSYoungGen: 185544K->826K(181824K)] 494148K->309478K(868800K), 0.0071930 secs] [Times: user=0.03 sys=0.00, real=0.01 secs] 
2014-07-08T04:42:02.455+0000: 1680.671: [GC [PSYoungGen: 181818K->886K(178176K)] 490470K->309618K(865152K), 0.0037370 secs] [Times: user=0.02 sys=0.01, real=0.01 secs] 
2014-07-08T04:42:03.120+0000: 1681.335: [GC [PSYoungGen: 178166K->993K(174720K)] 486898K->309805K(861696K), 0.0030350 secs] [Times: user=0.02 sys=0.00, real=0.00 secs] 
2014-07-08T04:42:03.695+0000: 1681.911: [GC [PSYoungGen: 174689K->876K(171136K)] 483501K->309776K(858112K), 0.0065160 secs] [Times: user=0.04 sys=0.00, real=0.01 secs] 
2014-07-08T04:42:04.297+0000: 1682.513: [GC [PSYoungGen: 171116K->651K(167616K)] 480016K->309623K(854592K), 0.0066450 secs] [Times: user=0.04 sys=0.00, real=0.01 secs] 
2014-07-08T04:42:04.913+0000: 1683.128: [GC [PSYoungGen: 167563K->676K(201024K)] 476535K->309688K(888000K), 0.0113200 secs] [Times: user=0.08 sys=0.00, real=0.01 secs] 
2014-07-08T04:42:05.611+0000: 1683.827: [GC [PSYoungGen: 200971K->922K(241344K)] 509983K->309982K(928320K), 0.0092510 secs] [Times: user=0.04 sys=0.00, real=0.01 secs] 
2014-07-08T04:42:06.530+0000: 1684.745: [GC [PSYoungGen: 241306K->712K(258752K)] 550366K->309852K(945728K), 0.0068930 secs] [Times: user=0.04 sys=0.00, real=0.00 secs] 
2014-07-08T04:42:07.389+0000: 1685.605: [GC [PSYoungGen: 258182K->676K(289856K)] 567323K->309848K(976832K), 0.0112500 secs] [Times: user=0.06 sys=0.01, real=0.01 secs] 
2014-07-08T04:42:08.444+0000: 1686.659: [GC [PSYoungGen: 289252K->800K(281792K)] 598424K->310028K(968768K), 0.0061740 secs] [Times: user=0.04 sys=0.00, real=0.01 secs] 
2014-07-08T04:42:09.406+0000: 1687.622: [GC [PSYoungGen: 281760K->437K(274112K)] 590988K->309808K(961088K), 0.0034840 secs] [Times: user=0.02 sys=0.00, real=0.01 secs] 
2014-07-08T04:42:10.382+0000: 1688.598: [GC [PSYoungGen: 274101K->826K(267456K)] 583472K->310285K(954432K), 0.0051210 secs] [Times: user=0.04 sys=0.00, real=0.00 secs] 
2014-07-08T04:42:11.328+0000: 1689.543: [GC [PSYoungGen: 267450K->758K(260672K)] 576909K->310281K(947648K), 0.0066060 secs] [Times: user=0.04 sys=0.00, real=0.01 secs] 
2014-07-08T04:42:12.300+0000: 1690.516: [GC [PSYoungGen: 260662K->864K(254336K)] 570185K->310467K(941312K), 0.0034160 secs] [Times: user=0.02 sys=0.00, real=0.00 secs] 
2014-07-08T04:42:13.190+0000: 1691.406: [GC [PSYoungGen: 254272K->684K(247872K)] 563875K->310635K(934848K), 0.0047690 secs] [Times: user=0.03 sys=0.00, real=0.00 secs] 
2014-07-08T04:42:14.057+0000: 1692.272: [GC [PSYoungGen: 247852K->1210K(242368K)] 557803K->311242K(929344K), 0.0072800 secs] [Times: user=0.05 sys=0.00, real=0.01 secs] 
2014-07-08T04:42:14.877+0000: 1693.092: [GC [PSYoungGen: 242313K->562K(235904K)] 552344K->310789K(922880K), 0.0062770 secs] [Times: user=0.04 sys=0.00, real=0.01 secs] 
2014-07-08T04:42:15.693+0000: 1693.908: [GC [PSYoungGen: 235890K->712K(230528K)] 546117K->311011K(917504K), 0.0067710 secs] [Times: user=0.05 sys=0.00, real=0.00 secs] 
2014-07-08T04:42:16.506+0000: 1694.721: [GC [PSYoungGen: 230472K->730K(225152K)] 540771K->311101K(912128K), 0.0055840 secs] [Times: user=0.04 sys=0.00, real=0.01 secs] 
2014-07-08T04:42:17.296+0000: 1695.512: [GC [PSYoungGen: 225114K->626K(219840K)] 535485K->311061K(906816K), 0.0079330 secs] [Times: user=0.05 sys=0.00, real=0.01 secs] 
2014-07-08T04:42:18.121+0000: 1696.336: [GC [PSYoungGen: 219824K->982K(215232K)] 530259K->311465K(902208K), 0.0034630 secs] [Times: user=0.02 sys=0.00, real=0.01 secs] 
2014-07-08T04:42:18.823+0000: 1697.039: [GC [PSYoungGen: 215142K->844K(210304K)] 525625K->311383K(897280K), 0.0037000 secs] [Times: user=0.02 sys=0.00, real=0.00 secs] 
2014-07-08T04:42:19.539+0000: 1697.755: [GC [PSYoungGen: 210252K->672K(205440K)] 520791K->311339K(892416K), 0.0069860 secs] [Times: user=0.05 sys=0.00, real=0.01 secs] 
2014-07-08T04:42:20.267+0000: 1698.482: [GC [PSYoungGen: 205350K->719K(201024K)] 516018K->311426K(888000K), 0.0048920 secs] [Times: user=0.03 sys=0.00, real=0.01 secs] 
2014-07-08T04:42:20.990+0000: 1699.206: [GC [PSYoungGen: 200954K->1000K(241344K)] 511662K->311829K(928320K), 0.0169000 secs] [Times: user=0.11 sys=0.00, real=0.02 secs] 
2014-07-08T04:42:21.840+0000: 1700.055: [GC [PSYoungGen: 241320K->758K(235328K)] 552149K->311675K(922304K), 0.0035870 secs] [Times: user=0.02 sys=0.00, real=0.01 secs] 
2014-07-08T04:42:22.659+0000: 1700.874: [GC [PSYoungGen: 235318K->801K(229824K)] 546235K->311906K(916800K), 0.0085940 secs] [Times: user=0.05 sys=0.00, real=0.01 secs] 
2014-07-08T04:42:23.463+0000: 1701.679: [GC [PSYoungGen: 229793K->744K(275584K)] 540898K->311929K(962560K), 0.0117780 secs] [Times: user=0.07 sys=0.01, real=0.01 secs] 
2014-07-08T04:42:24.489+0000: 1702.705: [GC [PSYoungGen: 275513K->708K(281216K)] 586698K->311965K(968192K), 0.0086680 secs] [Times: user=0.04 sys=0.00, real=0.01 secs] 
2014-07-08T04:42:25.433+0000: 1703.648: [GC [PSYoungGen: 280900K->516K(273472K)] 592157K->311813K(960448K), 0.0057070 secs] [Times: user=0.04 sys=0.00, real=0.00 secs] 
2014-07-08T04:42:26.384+0000: 1704.599: [GC [PSYoungGen: 273412K->694K(266624K)] 584709K->312095K(953600K), 0.0043810 secs] [Times: user=0.03 sys=0.00, real=0.00 secs] 
2014-07-08T04:42:27.331+0000: 1705.547: [GC [PSYoungGen: 266576K->676K(280256K)] 577978K->312133K(967232K), 0.0158860 secs] [Times: user=0.09 sys=0.01, real=0.02 secs] 
2014-07-08T04:42:28.315+0000: 1706.531: [GC [PSYoungGen: 279690K->997K(272832K)] 591147K->312510K(959808K), 0.0046050 secs] [Times: user=0.03 sys=0.00, real=0.00 secs] 
2014-07-08T04:42:29.275+0000: 1707.491: [GC [PSYoungGen: 272805K->644K(265600K)] 584318K->312205K(952576K), 0.0058010 secs] [Times: user=0.03 sys=0.00, real=0.00 secs] 
2014-07-08T04:42:30.277+0000: 1708.493: [GC [PSYoungGen: 265526K->766K(259008K)] 577088K->312455K(945984K), 0.0084950 secs] [Times: user=0.06 sys=0.00, real=0.01 secs] 
2014-07-08T04:42:31.107+0000: 1709.323: [GC [PSYoungGen: 259006K->960K(252864K)] 570695K->312713K(939840K), 0.0092830 secs] [Times: user=0.05 sys=0.00, real=0.01 secs] 
2014-07-08T04:42:31.991+0000: 1710.206: [GC [PSYoungGen: 252758K->680K(246336K)] 564512K->312693K(933312K), 0.0049300 secs] [Times: user=0.03 sys=0.00, real=0.01 secs] 
2014-07-08T04:42:32.837+0000: 1711.053: [GC [PSYoungGen: 246312K->882K(240576K)] 558325K->312960K(927552K), 0.0086940 secs] [Times: user=0.05 sys=0.00, real=0.01 secs] 
2014-07-08T04:42:33.677+0000: 1711.893: [GC [PSYoungGen: 240562K->680K(234624K)] 552640K->312829K(921600K), 0.0052410 secs] [Times: user=0.04 sys=0.00, real=0.00 secs] 
2014-07-08T04:42:34.508+0000: 1712.724: [GC [PSYoungGen: 234600K->644K(229120K)] 546749K->312881K(916096K), 0.0060770 secs] [Times: user=0.04 sys=0.00, real=0.01 secs] 
2014-07-08T04:42:35.319+0000: 1713.535: [GC [PSYoungGen: 229060K->818K(223936K)] 541297K->313095K(910912K), 0.0043560 secs] [Times: user=0.02 sys=0.00, real=0.01 secs] 
2014-07-08T04:42:36.168+0000: 1714.383: [GC [PSYoungGen: 223922K->1186K(219200K)] 536199K->313535K(906176K), 0.0056990 secs] [Times: user=0.04 sys=0.00, real=0.00 secs] 
2014-07-08T04:42:36.869+0000: 1715.085: [GC [PSYoungGen: 219136K->420K(213440K)] 531485K->313322K(900416K), 0.0035130 secs] [Times: user=0.01 sys=0.01, real=0.00 secs] 
2014-07-08T04:42:37.601+0000: 1715.817: [GC [PSYoungGen: 213412K->1243K(209472K)] 526314K->314276K(896448K), 0.0053040 secs] [Times: user=0.03 sys=0.00, real=0.01 secs] 
2014-07-08T04:42:38.342+0000: 1716.557: [GC [PSYoungGen: 209435K->762K(204352K)] 522468K->314218K(891328K), 0.0074430 secs] [Times: user=0.05 sys=0.00, real=0.01 secs] 
2014-07-08T04:42:39.170+0000: 1717.386: [GC [PSYoungGen: 204346K->776K(199936K)] 517802K->314288K(886912K), 0.0034400 secs] [Times: user=0.02 sys=0.00, real=0.00 secs] 
2014-07-08T04:42:39.777+0000: 1717.993: [GC [PSYoungGen: 199880K->715K(195584K)] 513392K->314291K(882560K), 0.0052550 secs] [Times: user=0.02 sys=0.00, real=0.00 secs] 
2014-07-08T04:42:40.460+0000: 1718.676: [GC [PSYoungGen: 195531K->608K(191296K)] 509107K->314255K(878272K), 0.0056840 secs] [Times: user=0.03 sys=0.00, real=0.01 secs] 
2014-07-08T04:42:41.187+0000: 1719.402: [GC [PSYoungGen: 191264K->978K(187648K)] 504911K->314706K(874624K), 0.0078090 secs] [Times: user=0.05 sys=0.00, real=0.01 secs] 
2014-07-08T04:42:41.778+0000: 1719.993: [GC [PSYoungGen: 187591K->797K(183552K)] 501319K->314605K(870528K), 0.0035370 secs] [Times: user=0.03 sys=0.00, real=0.00 secs] 
2014-07-08T04:42:42.493+0000: 1720.708: [GC [PSYoungGen: 183517K->868K(179840K)] 497325K->314838K(866816K), 0.0037620 secs] [Times: user=0.02 sys=0.00, real=0.01 secs] 
2014-07-08T04:42:43.161+0000: 1721.376: [GC [PSYoungGen: 179812K->1086K(176384K)] 493782K->315120K(863360K), 0.0061830 secs] [Times: user=0.04 sys=0.00, real=0.01 secs] 
2014-07-08T04:42:43.694+0000: 1721.910: [GC [PSYoungGen: 176360K->756K(172544K)] 490394K->315053K(859520K), 0.0043080 secs] [Times: user=0.03 sys=0.00, real=0.01 secs] 
2014-07-08T04:42:44.335+0000: 1722.551: [GC [PSYoungGen: 172470K->833K(169280K)] 486768K->315178K(856256K), 0.0042430 secs] [Times: user=0.02 sys=0.01, real=0.00 secs] 
2014-07-08T04:42:44.890+0000: 1723.106: [GC [PSYoungGen: 169217K->708K(165888K)] 483562K->315159K(852864K), 0.0061180 secs] [Times: user=0.04 sys=0.00, real=0.01 secs] 
2014-07-08T04:42:45.462+0000: 1723.677: [GC [PSYoungGen: 165828K->825K(162752K)] 480279K->315356K(849728K), 0.0054610 secs] [Times: user=0.04 sys=0.01, real=0.01 secs] 
2014-07-08T04:42:46.076+0000: 1724.291: [GC [PSYoungGen: 162745K->1036K(195392K)] 477276K->315639K(882368K), 0.0108800 secs] [Times: user=0.07 sys=0.00, real=0.01 secs] 
2014-07-08T04:42:46.719+0000: 1724.935: [GC [PSYoungGen: 195340K->576K(233792K)] 509943K->315267K(920768K), 0.0093860 secs] [Times: user=0.06 sys=0.00, real=0.01 secs] 
2014-07-08T04:42:47.559+0000: 1725.775: [GC [PSYoungGen: 233748K->748K(280640K)] 548439K->315495K(967616K), 0.0076000 secs] [Times: user=0.05 sys=0.00, real=0.01 secs] 
2014-07-08T04:42:48.584+0000: 1726.800: [GC [PSYoungGen: 280620K->940K(273600K)] 595367K->315767K(960576K), 0.0055010 secs] [Times: user=0.03 sys=0.00, real=0.01 secs] 
2014-07-08T04:42:49.526+0000: 1727.742: [GC [PSYoungGen: 273580K->666K(266368K)] 588407K->315557K(953344K), 0.0045030 secs] [Times: user=0.03 sys=0.00, real=0.00 secs] 
2014-07-08T04:42:50.472+0000: 1728.688: [GC [PSYoungGen: 266296K->950K(259904K)] 581187K->315929K(946880K), 0.0054340 secs] [Times: user=0.03 sys=0.00, real=0.01 secs] 
2014-07-08T04:42:51.379+0000: 1729.595: [GC [PSYoungGen: 259862K->712K(253248K)] 574841K->315763K(940224K), 0.0052120 secs] [Times: user=0.02 sys=0.00, real=0.00 secs] 
2014-07-08T04:42:52.306+0000: 1730.522: [GC [PSYoungGen: 253175K->744K(247040K)] 568226K->315867K(934016K), 0.0036240 secs] [Times: user=0.02 sys=0.00, real=0.00 secs] 
2014-07-08T04:42:53.147+0000: 1731.363: [GC [PSYoungGen: 246978K->676K(240960K)] 562101K->315871K(927936K), 0.0100880 secs] [Times: user=0.07 sys=0.00, real=0.01 secs] 
2014-07-08T04:42:54.075+0000: 1732.290: [GC [PSYoungGen: 240931K->1188K(235712K)] 556126K->316447K(922688K), 0.0032480 secs] [Times: user=0.02 sys=0.00, real=0.01 secs] 
2014-07-08T04:42:54.845+0000: 1733.060: [GC [PSYoungGen: 235684K->544K(229504K)] 550943K->316075K(916480K), 0.0077300 secs] [Times: user=0.04 sys=0.00, real=0.01 secs] 
2014-07-08T04:42:55.597+0000: 1733.813: [GC [PSYoungGen: 229470K->826K(224384K)] 545002K->316413K(911360K), 0.0054200 secs] [Times: user=0.03 sys=0.00, real=0.00 secs] 
2014-07-08T04:42:56.388+0000: 1734.603: [GC [PSYoungGen: 224378K->686K(219072K)] 539965K->316469K(906048K), 0.0031390 secs] [Times: user=0.01 sys=0.00, real=0.00 secs] 
2014-07-08T04:42:57.163+0000: 1735.378: [GC [PSYoungGen: 219054K->634K(262720K)] 534837K->316433K(949696K), 0.0198320 secs] [Times: user=0.10 sys=0.00, real=0.02 secs] 
2014-07-08T04:42:58.125+0000: 1736.341: [GC [PSYoungGen: 262714K->1120K(302912K)] 578513K->316976K(989888K), 0.0113970 secs] [Times: user=0.08 sys=0.00, real=0.02 secs] 
2014-07-08T04:42:59.244+0000: 1737.460: [GC [PSYoungGen: 302880K->1264K(303104K)] 618736K->317199K(990080K), 0.0081140 secs] [Times: user=0.05 sys=0.00, real=0.01 secs] 
2014-07-08T04:43:00.282+0000: 1738.498: [GC [PSYoungGen: 303024K->914K(294592K)] 618959K->316937K(981568K), 0.0032170 secs] [Times: user=0.02 sys=0.00, real=0.00 secs] 
2014-07-08T04:43:01.245+0000: 1739.460: [GC [PSYoungGen: 294546K->584K(286464K)] 610569K->316639K(973440K), 0.0129050 secs] [Times: user=0.08 sys=0.00, real=0.02 secs] 
2014-07-08T04:43:02.287+0000: 1740.503: [GC [PSYoungGen: 286408K->868K(279232K)] 602463K->316979K(966208K), 0.0033010 secs] [Times: user=0.02 sys=0.01, real=0.01 secs] 
2014-07-08T04:43:03.248+0000: 1741.463: [GC [PSYoungGen: 279204K->758K(271936K)] 595315K->316933K(958912K), 0.0040590 secs] [Times: user=0.02 sys=0.01, real=0.01 secs] 
2014-07-08T04:43:04.273+0000: 1742.489: [GC [PSYoungGen: 271926K->1064K(265344K)] 588101K->317327K(952320K), 0.0072010 secs] [Times: user=0.05 sys=0.00, real=0.01 secs] 
2014-07-08T04:43:05.156+0000: 1743.372: [GC [PSYoungGen: 265320K->992K(258624K)] 581583K->317311K(945600K), 0.0068070 secs] [Times: user=0.04 sys=0.00, real=0.01 secs] 
2014-07-08T04:43:06.033+0000: 1744.249: [GC [PSYoungGen: 258592K->612K(251840K)] 574911K->317029K(938816K), 0.0121810 secs] [Times: user=0.08 sys=0.00, real=0.01 secs] 
2014-07-08T04:43:06.910+0000: 1745.126: [GC [PSYoungGen: 251809K->1284K(246400K)] 568226K->317774K(933376K), 0.0060680 secs] [Times: user=0.04 sys=0.00, real=0.00 secs] 
2014-07-08T04:43:07.761+0000: 1745.977: [GC [PSYoungGen: 246340K->762K(239872K)] 562830K->317323K(926848K), 0.0103120 secs] [Times: user=0.07 sys=0.00, real=0.01 secs] 
2014-07-08T04:43:08.612+0000: 1746.828: [GC [PSYoungGen: 239865K->616K(234048K)] 556426K->317265K(921024K), 0.0093400 secs] [Times: user=0.06 sys=0.00, real=0.01 secs] 
2014-07-08T04:43:09.467+0000: 1747.683: [GC [PSYoungGen: 234024K->680K(228608K)] 550673K->317385K(915584K), 0.0062440 secs] [Times: user=0.04 sys=0.00, real=0.01 secs] 
2014-07-08T04:43:10.241+0000: 1748.456: [GC [PSYoungGen: 228540K->911K(223552K)] 545246K->317696K(910528K), 0.0054140 secs] [Times: user=0.02 sys=0.00, real=0.00 secs] 
2014-07-08T04:43:11.026+0000: 1749.241: [GC [PSYoungGen: 223503K->890K(218368K)] 540288K->317731K(905344K), 0.0072460 secs] [Times: user=0.05 sys=0.00, real=0.01 secs] 
2014-07-08T04:43:11.799+0000: 1750.015: [GC [PSYoungGen: 218359K->748K(213312K)] 535200K->317669K(900288K), 0.0039960 secs] [Times: user=0.03 sys=0.00, real=0.00 secs] 
2014-07-08T04:43:12.548+0000: 1750.764: [GC [PSYoungGen: 213292K->1006K(208768K)] 530213K->317984K(895744K), 0.0057250 secs] [Times: user=0.04 sys=0.00, real=0.01 secs] 
2014-07-08T04:43:13.286+0000: 1751.502: [GC [PSYoungGen: 208750K->765K(203904K)] 525727K->317798K(890880K), 0.0051740 secs] [Times: user=0.03 sys=0.00, real=0.01 secs] 
2014-07-08T04:43:14.025+0000: 1752.240: [GC [PSYoungGen: 203898K->644K(199424K)] 520932K->317725K(886400K), 0.0089240 secs] [Times: user=0.05 sys=0.00, real=0.01 secs] 
2014-07-08T04:43:14.673+0000: 1752.888: [GC [PSYoungGen: 199364K->666K(195136K)] 516445K->317803K(882112K), 0.0066390 secs] [Times: user=0.05 sys=0.00, real=0.01 secs] 
2014-07-08T04:43:15.343+0000: 1753.558: [GC [PSYoungGen: 195052K->566K(190848K)] 512189K->317759K(877824K), 0.0049130 secs] [Times: user=0.03 sys=0.00, real=0.00 secs] 
2014-07-08T04:43:16.038+0000: 1754.254: [GC [PSYoungGen: 190838K->1002K(187264K)] 508031K->318259K(874240K), 0.0038170 secs] [Times: user=0.02 sys=0.00, real=0.01 secs] 
2014-07-08T04:43:16.663+0000: 1754.879: [GC [PSYoungGen: 187242K->808K(183168K)] 504499K->318161K(870144K), 0.0064040 secs] [Times: user=0.04 sys=0.00, real=0.00 secs] 
2014-07-08T04:43:17.371+0000: 1755.587: [GC [PSYoungGen: 183144K->822K(179392K)] 500497K->318239K(866368K), 0.0048940 secs] [Times: user=0.03 sys=0.00, real=0.00 secs] 
2014-07-08T04:43:18.014+0000: 1756.230: [GC [PSYoungGen: 179382K->808K(175744K)] 496799K->318257K(862720K), 0.0082220 secs] [Times: user=0.05 sys=0.00, real=0.01 secs] 
2014-07-08T04:43:18.557+0000: 1756.773: [GC [PSYoungGen: 175680K->712K(172160K)] 493129K->318249K(859136K), 0.0045490 secs] [Times: user=0.02 sys=0.00, real=0.01 secs] 
2014-07-08T04:43:19.181+0000: 1757.397: [GC [PSYoungGen: 172104K->880K(168896K)] 489641K->318521K(855872K), 0.0075940 secs] [Times: user=0.04 sys=0.00, real=0.00 secs] 
2014-07-08T04:43:19.747+0000: 1757.963: [GC [PSYoungGen: 168880K->648K(165440K)] 486521K->318353K(852416K), 0.0044320 secs] [Times: user=0.03 sys=0.00, real=0.01 secs] 
2014-07-08T04:43:20.323+0000: 1758.539: [GC [PSYoungGen: 165360K->790K(162368K)] 483065K->318591K(849344K), 0.0043300 secs] [Times: user=0.02 sys=0.00, real=0.00 secs] 
2014-07-08T04:43:20.910+0000: 1759.125: [GC [PSYoungGen: 162326K->1071K(159552K)] 480127K->318952K(846528K), 0.0057000 secs] [Times: user=0.04 sys=0.00, real=0.01 secs] 
2014-07-08T04:43:21.439+0000: 1759.654: [GC [PSYoungGen: 159535K->420K(190656K)] 477416K->318529K(877632K), 0.0144100 secs] [Times: user=0.08 sys=0.00, real=0.02 secs] 
2014-07-08T04:43:22.148+0000: 1760.364: [GC [PSYoungGen: 190622K->986K(229312K)] 508731K->319175K(916288K), 0.0083640 secs] [Times: user=0.05 sys=0.00, real=0.01 secs] 
2014-07-08T04:43:22.928+0000: 1761.143: [GC [PSYoungGen: 229272K->1014K(275008K)] 547462K->319291K(961984K), 0.0050520 secs] [Times: user=0.03 sys=0.01, real=0.01 secs] 
2014-07-08T04:43:23.883+0000: 1762.098: [GC [PSYoungGen: 274998K->1022K(267968K)] 593275K->319363K(954944K), 0.0042250 secs] [Times: user=0.02 sys=0.00, real=0.00 secs] 
2014-07-08T04:43:24.818+0000: 1763.034: [GC [PSYoungGen: 267941K->684K(260864K)] 586282K->319073K(947840K), 0.0065690 secs] [Times: user=0.05 sys=0.00, real=0.01 secs] 
2014-07-08T04:43:25.740+0000: 1763.956: [GC [PSYoungGen: 260844K->676K(254336K)] 579233K->319137K(941312K), 0.0055660 secs] [Times: user=0.03 sys=0.00, real=0.01 secs] 
2014-07-08T04:43:26.630+0000: 1764.846: [GC [PSYoungGen: 254302K->1018K(248384K)] 572763K->319551K(935360K), 0.0099350 secs] [Times: user=0.08 sys=0.00, real=0.01 secs] 
2014-07-08T04:43:27.514+0000: 1765.730: [GC [PSYoungGen: 248378K->776K(242176K)] 566911K->319357K(929152K), 0.0074600 secs] [Times: user=0.04 sys=0.00, real=0.01 secs] 
2014-07-08T04:43:28.369+0000: 1766.585: [GC [PSYoungGen: 242120K->750K(236288K)] 560701K->319395K(923264K), 0.0068610 secs] [Times: user=0.03 sys=0.01, real=0.01 secs] 
2014-07-08T04:43:29.249+0000: 1767.465: [GC [PSYoungGen: 236270K->908K(230912K)] 554915K->319633K(917888K), 0.0036370 secs] [Times: user=0.02 sys=0.00, real=0.01 secs] 
2014-07-08T04:43:30.051+0000: 1768.267: [GC [PSYoungGen: 230860K->872K(225472K)] 549585K->319745K(912448K), 0.0105480 secs] [Times: user=0.06 sys=0.00, real=0.02 secs] 
2014-07-08T04:43:30.780+0000: 1768.996: [GC [PSYoungGen: 225374K->893K(220288K)] 544248K->319854K(907264K), 0.0058570 secs] [Times: user=0.04 sys=0.00, real=0.01 secs] 
2014-07-08T04:43:31.545+0000: 1769.761: [GC [PSYoungGen: 220284K->648K(215104K)] 539245K->319673K(902080K), 0.0056990 secs] [Times: user=0.04 sys=0.00, real=0.00 secs] 
2014-07-08T04:43:32.315+0000: 1770.530: [GC [PSYoungGen: 215048K->826K(210368K)] 534073K->319915K(897344K), 0.0061570 secs] [Times: user=0.04 sys=0.00, real=0.00 secs] 
2014-07-08T04:43:33.037+0000: 1771.253: [GC [PSYoungGen: 210325K->708K(205632K)] 529414K->319837K(892608K), 0.0066320 secs] [Times: user=0.05 sys=0.00, real=0.01 secs] 
2014-07-08T04:43:33.759+0000: 1771.974: [GC [PSYoungGen: 205570K->818K(201216K)] 524699K->320011K(888192K), 0.0080180 secs] [Times: user=0.05 sys=0.00, real=0.01 secs] 
2014-07-08T04:43:34.453+0000: 1772.669: [GC [PSYoungGen: 201183K->748K(196800K)] 520376K->320055K(883776K), 0.0047290 secs] [Times: user=0.03 sys=0.00, real=0.00 secs] 
2014-07-08T04:43:35.249+0000: 1773.465: [GC [PSYoungGen: 196780K->858K(192704K)] 516087K->320221K(879680K), 0.0044610 secs] [Times: user=0.02 sys=0.01, real=0.01 secs] 
2014-07-08T04:43:35.833+0000: 1774.048: [GC [PSYoungGen: 192666K->686K(188480K)] 512029K->320408K(875456K), 0.0073010 secs] [Times: user=0.05 sys=0.00, real=0.01 secs] 
2014-07-08T04:43:36.485+0000: 1774.701: [GC [PSYoungGen: 188462K->630K(184512K)] 508184K->320407K(871488K), 0.0044130 secs] [Times: user=0.03 sys=0.00, real=0.00 secs] 
2014-07-08T04:43:37.173+0000: 1775.388: [GC [PSYoungGen: 184502K->776K(180928K)] 504279K->320617K(867904K), 0.0041950 secs] [Times: user=0.02 sys=0.00, real=0.01 secs] 
2014-07-08T04:43:37.755+0000: 1775.971: [GC [PSYoungGen: 180872K->598K(177088K)] 500713K->320495K(864064K), 0.0050390 secs] [Times: user=0.03 sys=0.00, real=0.00 secs] 
2014-07-08T04:43:38.373+0000: 1776.589: [GC [PSYoungGen: 177046K->854K(173760K)] 496943K->320808K(860736K), 0.0028440 secs] [Times: user=0.01 sys=0.00, real=0.00 secs] 
2014-07-08T04:43:38.994+0000: 1777.210: [GC [PSYoungGen: 173718K->790K(170240K)] 493672K->320783K(857216K), 0.0042110 secs] [Times: user=0.02 sys=0.00, real=0.00 secs] 
2014-07-08T04:43:39.572+0000: 1777.788: [GC [PSYoungGen: 170156K->612K(166720K)] 490150K->320685K(853696K), 0.0078760 secs] [Times: user=0.06 sys=0.00, real=0.01 secs] 
2014-07-08T04:43:40.174+0000: 1778.390: [GC [PSYoungGen: 166691K->1078K(163968K)] 486764K->321200K(850944K), 0.0035050 secs] [Times: user=0.02 sys=0.00, real=0.00 secs] 
2014-07-08T04:43:40.742+0000: 1778.957: [GC [PSYoungGen: 163958K->509K(160256K)] 484080K->320860K(847232K), 0.0028690 secs] [Times: user=0.02 sys=0.00, real=0.01 secs] 
2014-07-08T04:43:41.370+0000: 1779.585: [GC [PSYoungGen: 160253K->1090K(157888K)] 480604K->321505K(844864K), 0.0050190 secs] [Times: user=0.04 sys=0.00, real=0.01 secs] 
2014-07-08T04:43:41.861+0000: 1780.077: [GC [PSYoungGen: 157826K->662K(154496K)] 478241K->321249K(841472K), 0.0053470 secs] [Times: user=0.03 sys=0.00, real=0.01 secs] 
2014-07-08T04:43:42.400+0000: 1780.616: [GC [PSYoungGen: 154454K->666K(151680K)] 475041K->321317K(838656K), 0.0063060 secs] [Times: user=0.04 sys=0.00, real=0.01 secs] 
2014-07-08T04:43:42.937+0000: 1781.153: [GC [PSYoungGen: 151642K->918K(182144K)] 472293K->321617K(869120K), 0.0138890 secs] [Times: user=0.08 sys=0.00, real=0.01 secs] 
2014-07-08T04:43:43.568+0000: 1781.783: [GC [PSYoungGen: 182102K->548K(218048K)] 502801K->321295K(905024K), 0.0084530 secs] [Times: user=0.06 sys=0.00, real=0.01 secs] 
2014-07-08T04:43:44.347+0000: 1782.562: [GC [PSYoungGen: 218020K->662K(261696K)] 538767K->321465K(948672K), 0.0070880 secs] [Times: user=0.04 sys=0.00, real=0.00 secs] 
2014-07-08T04:43:45.302+0000: 1783.518: [GC [PSYoungGen: 261654K->772K(255296K)] 582457K->321639K(942272K), 0.0035800 secs] [Times: user=0.02 sys=0.00, real=0.01 secs] 
2014-07-08T04:43:46.169+0000: 1784.385: [GC [PSYoungGen: 255191K->932K(249152K)] 576058K->321871K(936128K), 0.0049170 secs] [Times: user=0.03 sys=0.00, real=0.01 secs] 
2014-07-08T04:43:47.057+0000: 1785.273: [GC [PSYoungGen: 249124K->1022K(243136K)] 570063K->322009K(930112K), 0.0034490 secs] [Times: user=0.02 sys=0.00, real=0.00 secs] 
2014-07-08T04:43:47.863+0000: 1786.079: [GC [PSYoungGen: 243134K->502K(236800K)] 564121K->321945K(923776K), 0.0048230 secs] [Times: user=0.03 sys=0.00, real=0.01 secs] 
2014-07-08T04:43:48.712+0000: 1786.928: [GC [PSYoungGen: 236769K->1014K(231680K)] 558213K->322529K(918656K), 0.0068190 secs] [Times: user=0.04 sys=0.00, real=0.01 secs] 
2014-07-08T04:43:49.506+0000: 1787.722: [GC [PSYoungGen: 231670K->616K(225856K)] 553185K->322253K(912832K), 0.0030140 secs] [Times: user=0.02 sys=0.00, real=0.00 secs] 
2014-07-08T04:43:50.312+0000: 1788.528: [GC [PSYoungGen: 225832K->544K(220544K)] 547469K->322229K(907520K), 0.0041170 secs] [Times: user=0.02 sys=0.00, real=0.01 secs] 
2014-07-08T04:43:51.100+0000: 1789.316: [GC [PSYoungGen: 220482K->929K(215872K)] 542167K->322670K(902848K), 0.0062110 secs] [Times: user=0.04 sys=0.00, real=0.01 secs] 
2014-07-08T04:43:51.846+0000: 1790.062: [GC [PSYoungGen: 215833K->822K(210880K)] 537575K->322635K(897856K), 0.0089850 secs] [Times: user=0.06 sys=0.00, real=0.01 secs] 
2014-07-08T04:43:52.614+0000: 1790.830: [GC [PSYoungGen: 210870K->830K(206208K)] 532683K->322691K(893184K), 0.0074560 secs] [Times: user=0.04 sys=0.00, real=0.01 secs] 
2014-07-08T04:43:53.336+0000: 1791.551: [GC [PSYoungGen: 206206K->580K(201472K)] 528067K->322489K(888448K), 0.0037780 secs] [Times: user=0.02 sys=0.00, real=0.00 secs] 
2014-07-08T04:43:54.020+0000: 1792.235: [GC [PSYoungGen: 201412K->822K(197312K)] 523321K->322835K(884288K), 0.0049120 secs] [Times: user=0.02 sys=0.00, real=0.00 secs] 
2014-07-08T04:43:54.694+0000: 1792.910: [GC [PSYoungGen: 197293K->748K(193024K)] 519306K->322809K(880000K), 0.0036960 secs] [Times: user=0.01 sys=0.01, real=0.01 secs] 
2014-07-08T04:43:55.404+0000: 1793.620: [GC [PSYoungGen: 193004K->562K(188736K)] 515065K->322679K(875712K), 0.0039710 secs] [Times: user=0.02 sys=0.01, real=0.01 secs] 
2014-07-08T04:43:56.084+0000: 1794.300: [GC [PSYoungGen: 188722K->836K(185088K)] 510839K->323025K(872064K), 0.0071800 secs] [Times: user=0.05 sys=0.00, real=0.01 secs] 
2014-07-08T04:43:56.695+0000: 1794.910: [GC [PSYoungGen: 184987K->904K(181376K)] 507177K->323149K(868352K), 0.0045930 secs] [Times: user=0.02 sys=0.00, real=0.01 secs] 
2014-07-08T04:43:57.333+0000: 1795.548: [GC [PSYoungGen: 181222K->783K(177536K)] 503468K->323092K(864512K), 0.0066160 secs] [Times: user=0.04 sys=0.00, real=0.01 secs] 
2014-07-08T04:43:57.976+0000: 1796.191: [GC [PSYoungGen: 177487K->562K(173696K)] 499796K->323081K(860672K), 0.0068000 secs] [Times: user=0.04 sys=0.01, real=0.01 secs] 
2014-07-08T04:43:58.575+0000: 1796.791: [GC [PSYoungGen: 173682K->808K(208576K)] 496201K->323423K(895552K), 0.0153910 secs] [Times: user=0.10 sys=0.00, real=0.02 secs] 
2014-07-08T04:43:59.374+0000: 1797.590: [GC [PSYoungGen: 208552K->825K(250176K)] 531167K->323724K(937152K), 0.0086310 secs] [Times: user=0.05 sys=0.01, real=0.01 secs] 
2014-07-08T04:44:00.240+0000: 1798.456: [GC [PSYoungGen: 250169K->872K(300160K)] 573068K->323850K(987136K), 0.0048390 secs] [Times: user=0.03 sys=0.00, real=0.00 secs] 
2014-07-08T04:44:01.264+0000: 1799.480: [GC [PSYoungGen: 300136K->744K(292032K)] 623114K->323794K(979008K), 0.0031300 secs] [Times: user=0.01 sys=0.00, real=0.01 secs] 
2014-07-08T04:44:02.279+0000: 1800.495: [GC [PSYoungGen: 292004K->783K(284416K)] 615055K->323889K(971392K), 0.0043160 secs] [Times: user=0.02 sys=0.00, real=0.00 secs] 
2014-07-08T04:44:03.274+0000: 1801.489: [GC [PSYoungGen: 284367K->694K(276864K)] 607473K->323856K(963840K), 0.0041190 secs] [Times: user=0.01 sys=0.00, real=0.01 secs] 
2014-07-08T04:44:04.262+0000: 1802.478: [GC [PSYoungGen: 276854K->1071K(270144K)] 600016K->324305K(957120K), 0.0039230 secs] [Times: user=0.02 sys=0.00, real=0.00 secs] 
2014-07-08T04:44:05.383+0000: 1803.599: [GC [PSYoungGen: 270085K->438K(262656K)] 593320K->324068K(949632K), 0.0071800 secs] [Times: user=0.05 sys=0.01, real=0.01 secs] 
2014-07-08T04:44:06.124+0000: 1804.340: [GC [PSYoungGen: 262641K->1072K(256704K)] 586272K->324750K(943680K), 0.0081050 secs] [Times: user=0.05 sys=0.00, real=0.01 secs] 
2014-07-08T04:44:07.008+0000: 1805.224: [GC [PSYoungGen: 256688K->822K(250112K)] 580366K->324832K(937088K), 0.0030100 secs] [Times: user=0.02 sys=0.01, real=0.00 secs] 
2014-07-08T04:44:07.876+0000: 1806.092: [GC [PSYoungGen: 250102K->846K(244096K)] 574112K->324929K(931072K), 0.0062880 secs] [Times: user=0.04 sys=0.00, real=0.01 secs] 
2014-07-08T04:44:08.724+0000: 1806.940: [GC [PSYoungGen: 244046K->850K(238208K)] 568129K->324989K(925184K), 0.0105550 secs] [Times: user=0.07 sys=0.00, real=0.01 secs] 
2014-07-08T04:44:09.572+0000: 1807.788: [GC [PSYoungGen: 238162K->658K(232384K)] 562301K->324852K(919360K), 0.0095710 secs] [Times: user=0.07 sys=0.00, real=0.01 secs] 
2014-07-08T04:44:10.523+0000: 1808.739: [GC [PSYoungGen: 232338K->850K(227136K)] 556532K->325117K(914112K), 0.0068940 secs] [Times: user=0.05 sys=0.00, real=0.01 secs] 
2014-07-08T04:44:11.241+0000: 1809.457: [GC [PSYoungGen: 227090K->961K(222016K)] 551357K->325300K(908992K), 0.0045110 secs] [Times: user=0.03 sys=0.00, real=0.00 secs] 
2014-07-08T04:44:11.991+0000: 1810.207: [GC [PSYoungGen: 221953K->552K(216512K)] 546292K->325223K(903488K), 0.0048740 secs] [Times: user=0.02 sys=0.00, real=0.00 secs] 
2014-07-08T04:44:12.724+0000: 1810.940: [GC [PSYoungGen: 216488K->936K(212032K)] 541159K->325679K(899008K), 0.0112020 secs] [Times: user=0.07 sys=0.01, real=0.01 secs] 
2014-07-08T04:44:13.473+0000: 1811.689: [GC [PSYoungGen: 212008K->716K(207104K)] 536751K->325597K(894080K), 0.0091430 secs] [Times: user=0.06 sys=0.00, real=0.01 secs] 
2014-07-08T04:44:14.227+0000: 1812.443: [GC [PSYoungGen: 207052K->516K(248192K)] 531933K->325428K(935168K), 0.0133750 secs] [Times: user=0.07 sys=0.00, real=0.02 secs] 
2014-07-08T04:44:15.179+0000: 1813.395: [GC [PSYoungGen: 248132K->1018K(298176K)] 573044K->326011K(985152K), 0.0059820 secs] [Times: user=0.04 sys=0.01, real=0.00 secs] 
2014-07-08T04:44:16.130+0000: 1814.345: [GC [PSYoungGen: 298170K->1068K(290304K)] 623163K->326141K(977280K), 0.0083780 secs] [Times: user=0.05 sys=0.00, real=0.00 secs] 
2014-07-08T04:44:17.162+0000: 1815.377: [GC [PSYoungGen: 290284K->491K(321600K)] 615357K->326139K(1008576K), 0.0124910 secs] [Times: user=0.07 sys=0.01, real=0.01 secs] 
2014-07-08T04:44:18.288+0000: 1816.504: [GC [PSYoungGen: 321579K->1208K(313408K)] 647227K->326904K(1000384K), 0.0065240 secs] [Times: user=0.04 sys=0.00, real=0.01 secs] 
2014-07-08T04:44:19.340+0000: 1817.556: [GC [PSYoungGen: 313353K->192K(303872K)] 639049K->326786K(990848K), 0.0033100 secs] [Times: user=0.02 sys=0.01, real=0.00 secs] 
2014-07-08T04:44:20.455+0000: 1818.670: [GC [PSYoungGen: 303872K->940K(296448K)] 630466K->327606K(983424K), 0.0073910 secs] [Times: user=0.05 sys=0.00, real=0.01 secs] 
2014-07-08T04:44:21.464+0000: 1819.680: [GC [PSYoungGen: 296380K->644K(288320K)] 623046K->327472K(975296K), 0.0045650 secs] [Times: user=0.02 sys=0.01, real=0.00 secs] 
2014-07-08T04:44:22.529+0000: 1820.745: [GC [PSYoungGen: 288260K->904K(281024K)] 615088K->327820K(968000K), 0.0087000 secs] [Times: user=0.06 sys=0.00, real=0.01 secs] 
2014-07-08T04:44:23.467+0000: 1821.683: [GC [PSYoungGen: 280968K->684K(273536K)] 607884K->327664K(960512K), 0.0027720 secs] [Times: user=0.01 sys=0.00, real=0.00 secs] 
2014-07-08T04:44:24.426+0000: 1822.642: [GC [PSYoungGen: 273516K->566K(266432K)] 600496K->327602K(953408K), 0.0072170 secs] [Times: user=0.05 sys=0.00, real=0.01 secs] 
2014-07-08T04:44:25.364+0000: 1823.579: [GC [PSYoungGen: 266422K->808K(259968K)] 593458K->327892K(946944K), 0.0094610 secs] [Times: user=0.06 sys=0.00, real=0.01 secs] 
2014-07-08T04:44:26.287+0000: 1824.503: [GC [PSYoungGen: 259944K->651K(311680K)] 587028K->327759K(998656K), 0.0175960 secs] [Times: user=0.10 sys=0.00, real=0.02 secs] 
2014-07-08T04:44:27.302+0000: 1825.518: [GC [PSYoungGen: 311627K->562K(303104K)] 638735K->327734K(990080K), 0.0027800 secs] [Times: user=0.01 sys=0.00, real=0.00 secs] 
2014-07-08T04:44:28.283+0000: 1826.498: [GC [PSYoungGen: 303061K->1170K(295616K)] 630234K->328375K(982592K), 0.0125700 secs] [Times: user=0.08 sys=0.00, real=0.01 secs] 
2014-07-08T04:44:29.177+0000: 1827.392: [GC [PSYoungGen: 295547K->932K(287552K)] 622752K->328357K(974528K), 0.0098110 secs] [Times: user=0.07 sys=0.01, real=0.01 secs] 
2014-07-08T04:44:30.303+0000: 1828.519: [GC [PSYoungGen: 287524K->1276K(280384K)] 614949K->328781K(967360K), 0.0098080 secs] [Times: user=0.06 sys=0.00, real=0.01 secs] 
2014-07-08T04:44:31.148+0000: 1829.364: [GC [PSYoungGen: 280377K->744K(272640K)] 607882K->328658K(959616K), 0.0033290 secs] [Times: user=0.02 sys=0.00, real=0.01 secs] 
2014-07-08T04:44:31.874+0000: 1830.090: [GC [PSYoungGen: 272579K->808K(265728K)] 600494K->328770K(952704K), 0.0090430 secs] [Times: user=0.06 sys=0.00, real=0.01 secs] 
2014-07-08T04:44:32.722+0000: 1830.938: [GC [PSYoungGen: 265704K->882K(259136K)] 593666K->328901K(946112K), 0.0089100 secs] [Times: user=0.04 sys=0.00, real=0.01 secs] 
2014-07-08T04:44:33.528+0000: 1831.744: [GC [PSYoungGen: 259120K->676K(252544K)] 587139K->328758K(939520K), 0.0032310 secs] [Times: user=0.02 sys=0.00, real=0.01 secs] 
2014-07-08T04:44:34.407+0000: 1832.622: [GC [PSYoungGen: 252516K->944K(246592K)] 580598K->329082K(933568K), 0.0054550 secs] [Times: user=0.04 sys=0.00, real=0.01 secs] 
2014-07-08T04:44:35.223+0000: 1833.439: [GC [PSYoungGen: 246576K->818K(240512K)] 574714K->329044K(927488K), 0.0072160 secs] [Times: user=0.05 sys=0.00, real=0.00 secs] 
2014-07-08T04:44:35.938+0000: 1834.154: [GC [PSYoungGen: 240469K->940K(234880K)] 568696K->329198K(921856K), 0.0107260 secs] [Times: user=0.07 sys=0.00, real=0.01 secs] 
2014-07-08T04:44:36.612+0000: 1834.827: [GC [PSYoungGen: 234832K->648K(229120K)] 563091K->328954K(916096K), 0.0034270 secs] [Times: user=0.01 sys=0.00, real=0.01 secs] 
2014-07-08T04:44:37.393+0000: 1835.609: [GC [PSYoungGen: 229064K->744K(223872K)] 557370K->329098K(910848K), 0.0121210 secs] [Times: user=0.07 sys=0.00, real=0.01 secs] 
2014-07-08T04:44:38.081+0000: 1836.297: [GC [PSYoungGen: 223847K->1224K(219264K)] 552202K->329659K(906240K), 0.0057030 secs] [Times: user=0.03 sys=0.00, real=0.01 secs] 
2014-07-08T04:44:38.686+0000: 1836.901: [GC [PSYoungGen: 219208K->690K(213696K)] 547643K->329278K(900672K), 0.0065320 secs] [Times: user=0.04 sys=0.00, real=0.01 secs] 
2014-07-08T04:44:39.420+0000: 1837.635: [GC [PSYoungGen: 213682K->708K(256384K)] 542270K->329352K(943360K), 0.0114950 secs] [Times: user=0.07 sys=0.00, real=0.01 secs] 
2014-07-08T04:44:40.287+0000: 1838.503: [GC [PSYoungGen: 256324K->1382K(308160K)] 584968K->330114K(995136K), 0.0068390 secs] [Times: user=0.04 sys=0.00, real=0.01 secs] 
2014-07-08T04:44:41.267+0000: 1839.483: [GC [PSYoungGen: 308134K->829K(299264K)] 636866K->329617K(986240K), 0.0071460 secs] [Times: user=0.04 sys=0.01, real=0.01 secs] 
2014-07-08T04:44:42.130+0000: 1840.346: [GC [PSYoungGen: 299261K->892K(291328K)] 628049K->329899K(978304K), 0.0055290 secs] [Times: user=0.04 sys=0.00, real=0.01 secs] 
2014-07-08T04:44:43.013+0000: 1841.229: [GC [PSYoungGen: 291324K->758K(283520K)] 620331K->329820K(970496K), 0.0070620 secs] [Times: user=0.04 sys=0.00, real=0.00 secs] 
2014-07-08T04:44:43.811+0000: 1842.027: [GC [PSYoungGen: 283510K->782K(276224K)] 612572K->329925K(963200K), 0.0079670 secs] [Times: user=0.06 sys=0.00, real=0.01 secs] 
2014-07-08T04:44:44.667+0000: 1842.883: [GC [PSYoungGen: 276174K->516K(268864K)] 605317K->329706K(955840K), 0.0060870 secs] [Times: user=0.04 sys=0.00, real=0.01 secs] 
2014-07-08T04:44:45.686+0000: 1843.901: [GC [PSYoungGen: 268772K->1121K(262656K)] 597963K->330344K(949632K), 0.0074910 secs] [Times: user=0.05 sys=0.00, real=0.01 secs] 
2014-07-08T04:44:46.464+0000: 1844.680: [GC [PSYoungGen: 262625K->783K(255808K)] 591848K->330038K(942784K), 0.0042510 secs] [Times: user=0.01 sys=0.00, real=0.00 secs] 
2014-07-08T04:44:47.314+0000: 1845.530: [GC [PSYoungGen: 255759K->994K(249664K)] 585014K->330328K(936640K), 0.0039200 secs] [Times: user=0.02 sys=0.00, real=0.00 secs] 
2014-07-08T04:44:48.016+0000: 1846.231: [GC [PSYoungGen: 249634K->914K(243520K)] 578968K->330281K(930496K), 0.0052770 secs] [Times: user=0.01 sys=0.00, real=0.00 secs] 
2014-07-08T04:44:48.742+0000: 1846.958: [GC [PSYoungGen: 243474K->548K(237312K)] 572841K->329954K(924288K), 0.0087250 secs] [Times: user=0.05 sys=0.00, real=0.01 secs] 
2014-07-08T04:44:49.520+0000: 1847.735: [GC [PSYoungGen: 237217K->903K(232064K)] 566624K->330358K(919040K), 0.0118160 secs] [Times: user=0.08 sys=0.00, real=0.01 secs] 
2014-07-08T04:44:50.374+0000: 1848.590: [GC [PSYoungGen: 232007K->1224K(226944K)] 561462K->330759K(913920K), 0.0075320 secs] [Times: user=0.05 sys=0.00, real=0.00 secs] 
2014-07-08T04:44:51.062+0000: 1849.277: [GC [PSYoungGen: 226888K->972K(221440K)] 556423K->330554K(908416K), 0.0062380 secs] [Times: user=0.04 sys=0.00, real=0.01 secs] 
2014-07-08T04:44:51.673+0000: 1849.888: [GC [PSYoungGen: 221388K->672K(265216K)] 550970K->330401K(952192K), 0.0144900 secs] [Times: user=0.10 sys=0.00, real=0.02 secs] 
2014-07-08T04:44:52.516+0000: 1850.732: [GC [PSYoungGen: 265143K->726K(300608K)] 594872K->330550K(987584K), 0.0056930 secs] [Times: user=0.04 sys=0.00, real=0.00 secs] 
2014-07-08T04:44:53.464+0000: 1851.679: [GC [PSYoungGen: 299926K->712K(291968K)] 629750K->330608K(978944K), 0.0034230 secs] [Times: user=0.02 sys=0.00, real=0.01 secs] 
2014-07-08T04:44:54.366+0000: 1852.581: [GC [PSYoungGen: 291912K->630K(284160K)] 621808K->330574K(971136K), 0.0073070 secs] [Times: user=0.05 sys=0.00, real=0.00 secs] 
2014-07-08T04:44:55.315+0000: 1853.531: [GC [PSYoungGen: 284150K->808K(276928K)] 614094K->330808K(963904K), 0.0075630 secs] [Times: user=0.05 sys=0.00, real=0.01 secs] 
2014-07-08T04:44:56.244+0000: 1854.460: [GC [PSYoungGen: 276888K->794K(269824K)] 606889K->330850K(956800K), 0.0045470 secs] [Times: user=0.01 sys=0.00, real=0.01 secs] 
2014-07-08T04:44:57.033+0000: 1855.249: [GC [PSYoungGen: 269786K->1070K(263232K)] 599842K->331215K(950208K), 0.0054880 secs] [Times: user=0.03 sys=0.00, real=0.01 secs] 
2014-07-08T04:44:57.751+0000: 1855.966: [GC [PSYoungGen: 263214K->1042K(256640K)] 593359K->331251K(943616K), 0.0097080 secs] [Times: user=0.06 sys=0.00, real=0.01 secs] 
2014-07-08T04:44:58.589+0000: 1856.805: [GC [PSYoungGen: 256594K->562K(249792K)] 586803K->330842K(936768K), 0.0062480 secs] [Times: user=0.04 sys=0.00, real=0.01 secs] 
2014-07-08T04:44:59.367+0000: 1857.583: [GC [PSYoungGen: 249778K->754K(243904K)] 580058K->331082K(930880K), 0.0078660 secs] [Times: user=0.04 sys=0.00, real=0.01 secs] 
2014-07-08T04:45:00.155+0000: 1858.370: [GC [PSYoungGen: 243855K->1142K(238400K)] 574184K->331551K(925376K), 0.0033490 secs] [Times: user=0.02 sys=0.00, real=0.01 secs] 
2014-07-08T04:45:01.099+0000: 1859.315: [GC [PSYoungGen: 238390K->886K(232512K)] 568799K->331358K(919488K), 0.0101720 secs] [Times: user=0.07 sys=0.01, real=0.01 secs] 
2014-07-08T04:45:01.708+0000: 1859.924: [GC [PSYoungGen: 232486K->726K(226944K)] 562959K->331270K(913920K), 0.0086900 secs] [Times: user=0.06 sys=0.00, real=0.01 secs] 
2014-07-08T04:45:02.480+0000: 1860.696: [GC [PSYoungGen: 226902K->910K(221888K)] 557446K->331527K(908864K), 0.0036840 secs] [Times: user=0.02 sys=0.00, real=0.00 secs] 
2014-07-08T04:45:03.257+0000: 1861.472: [GC [PSYoungGen: 221838K->1012K(216896K)] 552455K->331817K(903872K), 0.0061520 secs] [Times: user=0.04 sys=0.00, real=0.00 secs] 
2014-07-08T04:45:03.825+0000: 1862.040: [GC [PSYoungGen: 216884K->740K(211776K)] 547689K->331592K(898752K), 0.0069430 secs] [Times: user=0.04 sys=0.00, real=0.01 secs] 
2014-07-08T04:45:04.579+0000: 1862.794: [GC [PSYoungGen: 211748K->708K(207040K)] 542600K->331616K(894016K), 0.0059550 secs] [Times: user=0.02 sys=0.00, real=0.00 secs] 
2014-07-08T04:45:05.353+0000: 1863.568: [GC [PSYoungGen: 206963K->1317K(203072K)] 537872K->332314K(890048K), 0.0063470 secs] [Times: user=0.05 sys=0.00, real=0.01 secs] 
2014-07-08T04:45:06.125+0000: 1864.340: [GC [PSYoungGen: 203038K->633K(197952K)] 534035K->331986K(884928K), 0.0033170 secs] [Times: user=0.02 sys=0.00, real=0.01 secs] 
2014-07-08T04:45:06.583+0000: 1864.798: [GC [PSYoungGen: 197939K->1050K(194176K)] 529292K->332467K(881152K), 0.0070770 secs] [Times: user=0.04 sys=0.00, real=0.01 secs] 
2014-07-08T04:45:07.235+0000: 1865.451: [GC [PSYoungGen: 194138K->1050K(190080K)] 525555K->332855K(877056K), 0.0029920 secs] [Times: user=0.02 sys=0.00, real=0.01 secs] 
2014-07-08T04:45:07.694+0000: 1865.909: [GC [PSYoungGen: 190042K->730K(185792K)] 521847K->332583K(872768K), 0.0059680 secs] [Times: user=0.03 sys=0.00, real=0.01 secs] 
2014-07-08T04:45:08.399+0000: 1866.614: [GC [PSYoungGen: 185729K->990K(182208K)] 517582K->332939K(869184K), 0.0030760 secs] [Times: user=0.02 sys=0.00, real=0.00 secs] 
2014-07-08T04:45:08.860+0000: 1867.076: [GC [PSYoungGen: 182174K->794K(218304K)] 514123K->332783K(905280K), 0.0105440 secs] [Times: user=0.07 sys=0.00, real=0.01 secs] 
2014-07-08T04:45:09.540+0000: 1867.755: [GC [PSYoungGen: 218223K->701K(261696K)] 550212K->332738K(948672K), 0.0053310 secs] [Times: user=0.03 sys=0.00, real=0.00 secs] 
2014-07-08T04:45:10.508+0000: 1868.724: [GC [PSYoungGen: 261693K->972K(307456K)] 593730K->333057K(994432K), 0.0134560 secs] [Times: user=0.08 sys=0.01, real=0.01 secs] 
2014-07-08T04:45:11.473+0000: 1869.689: [GC [PSYoungGen: 307020K->708K(298560K)] 639105K->332849K(985536K), 0.0058360 secs] [Times: user=0.04 sys=0.01, real=0.01 secs] 
2014-07-08T04:45:12.503+0000: 1870.718: [GC [PSYoungGen: 298500K->854K(290752K)] 630641K->333067K(977728K), 0.0063410 secs] [Times: user=0.04 sys=0.00, real=0.01 secs] 
2014-07-08T04:45:13.360+0000: 1871.575: [GC [PSYoungGen: 290710K->672K(282944K)] 622923K->332973K(969920K), 0.0082230 secs] [Times: user=0.05 sys=0.00, real=0.01 secs] 
2014-07-08T04:45:14.317+0000: 1872.533: [GC [PSYoungGen: 282912K->886K(275776K)] 615213K->333235K(962752K), 0.0062750 secs] [Times: user=0.04 sys=0.00, real=0.01 secs] 
2014-07-08T04:45:15.137+0000: 1873.353: [GC [PSYoungGen: 275762K->1139K(268992K)] 608111K->333560K(955968K), 0.0031950 secs] [Times: user=0.02 sys=0.00, real=0.01 secs] 
2014-07-08T04:45:15.827+0000: 1874.042: [GC [PSYoungGen: 268979K->1086K(262144K)] 601400K->333579K(949120K), 0.0084630 secs] [Times: user=0.05 sys=0.00, real=0.01 secs] 
2014-07-08T04:45:16.780+0000: 1874.996: [GC [PSYoungGen: 262098K->484K(255040K)] 594591K->333163K(942016K), 0.0056960 secs] [Times: user=0.04 sys=0.01, real=0.00 secs] 
2014-07-08T04:45:17.508+0000: 1875.723: [GC [PSYoungGen: 254982K->868K(249152K)] 587661K->333603K(936128K), 0.0054860 secs] [Times: user=0.03 sys=0.01, real=0.01 secs] 
2014-07-08T04:45:18.417+0000: 1876.633: [GC [PSYoungGen: 249111K->1046K(243264K)] 581846K->333869K(930240K), 0.0063760 secs] [Times: user=0.03 sys=0.00, real=0.01 secs] 
2014-07-08T04:45:19.091+0000: 1877.307: [GC [PSYoungGen: 243200K->986K(237376K)] 576023K->333897K(924352K), 0.0075310 secs] [Times: user=0.04 sys=0.01, real=0.01 secs] 
2014-07-08T04:45:19.731+0000: 1877.946: [GC [PSYoungGen: 237314K->630K(231360K)] 570225K->333605K(918336K), 0.0032560 secs] [Times: user=0.01 sys=0.00, real=0.00 secs] 
2014-07-08T04:45:20.508+0000: 1878.724: [GC [PSYoungGen: 231331K->804K(226112K)] 564306K->333827K(913088K), 0.0032720 secs] [Times: user=0.01 sys=0.00, real=0.01 secs] 
2014-07-08T04:45:21.493+0000: 1879.709: [GC [PSYoungGen: 226084K->1262K(221312K)] 559107K->334530K(908288K), 0.0047610 secs] [Times: user=0.04 sys=0.00, real=0.00 secs] 
2014-07-08T04:45:22.065+0000: 1880.280: [GC [PSYoungGen: 221266K->1255K(216256K)] 554534K->334563K(903232K), 0.0124280 secs] [Times: user=0.08 sys=0.00, real=0.01 secs] 
2014-07-08T04:45:22.676+0000: 1880.892: [GC [PSYoungGen: 216231K->552K(258560K)] 549539K->334027K(945536K), 0.0117910 secs] [Times: user=0.09 sys=0.00, real=0.01 secs] 
2014-07-08T04:45:23.461+0000: 1881.677: [GC [PSYoungGen: 258536K->726K(307520K)] 592011K->334233K(994496K), 0.0056840 secs] [Times: user=0.04 sys=0.00, real=0.00 secs] 
2014-07-08T04:45:24.466+0000: 1882.681: [GC [PSYoungGen: 306684K->726K(298496K)] 640192K->334421K(985472K), 0.0032080 secs] [Times: user=0.02 sys=0.00, real=0.01 secs] 
2014-07-08T04:45:25.330+0000: 1883.545: [GC [PSYoungGen: 298454K->544K(290368K)] 632149K->334303K(977344K), 0.0072160 secs] [Times: user=0.04 sys=0.00, real=0.00 secs] 
2014-07-08T04:45:26.394+0000: 1884.609: [GC [PSYoungGen: 290336K->1180K(283392K)] 624095K->334996K(970368K), 0.0095860 secs] [Times: user=0.06 sys=0.00, real=0.01 secs] 
2014-07-08T04:45:27.236+0000: 1885.452: [GC [PSYoungGen: 283356K->790K(309312K)] 617172K->334661K(996288K), 0.0228410 secs] [Times: user=0.13 sys=0.00, real=0.02 secs] 
2014-07-08T04:45:28.248+0000: 1886.463: [GC [PSYoungGen: 308502K->1248K(340096K)] 642373K->335184K(1027072K), 0.0069800 secs] [Times: user=0.04 sys=0.00, real=0.01 secs] 
2014-07-08T04:45:29.264+0000: 1887.480: [GC [PSYoungGen: 339808K->1047K(330048K)] 673744K->335015K(1017024K), 0.0041520 secs] [Times: user=0.01 sys=0.00, real=0.00 secs] 
2014-07-08T04:45:30.304+0000: 1888.519: [GC [PSYoungGen: 330007K->544K(320320K)] 663975K->335058K(1007296K), 0.0056250 secs] [Times: user=0.03 sys=0.00, real=0.00 secs] 
2014-07-08T04:45:31.463+0000: 1889.678: [GC [PSYoungGen: 320280K->1502K(312448K)] 654794K->336080K(999424K), 0.0072080 secs] [Times: user=0.04 sys=0.00, real=0.00 secs] 
2014-07-08T04:45:32.406+0000: 1890.621: [GC [PSYoungGen: 312414K->708K(303232K)] 646992K->335721K(990208K), 0.0029230 secs] [Times: user=0.01 sys=0.00, real=0.00 secs] 
2014-07-08T04:45:33.342+0000: 1891.557: [GC [PSYoungGen: 303172K->658K(295040K)] 638185K->335743K(982016K), 0.0039370 secs] [Times: user=0.02 sys=0.00, real=0.00 secs] 
2014-07-08T04:45:34.205+0000: 1892.420: [GC [PSYoungGen: 294993K->1377K(287936K)] 630079K->336535K(974912K), 0.0063120 secs] [Times: user=0.04 sys=0.00, real=0.01 secs] 
2014-07-08T04:45:35.056+0000: 1893.271: [GC [PSYoungGen: 287897K->1039K(280128K)] 623055K->336293K(967104K), 0.0070170 secs] [Times: user=0.05 sys=0.00, real=0.01 secs] 
2014-07-08T04:45:35.863+0000: 1894.078: [GC [PSYoungGen: 280032K->1000K(272832K)] 615286K->336318K(959808K), 0.0084950 secs] [Times: user=0.05 sys=0.00, real=0.01 secs] 
2014-07-08T04:45:36.851+0000: 1895.067: [GC [PSYoungGen: 272808K->904K(265856K)] 608126K->336310K(952832K), 0.0038520 secs] [Times: user=0.02 sys=0.00, real=0.00 secs] 
2014-07-08T04:45:37.681+0000: 1895.897: [GC [PSYoungGen: 265800K->658K(258944K)] 601206K->336119K(945920K), 0.0070350 secs] [Times: user=0.03 sys=0.00, real=0.00 secs] 
2014-07-08T04:45:38.516+0000: 1896.732: [GC [PSYoungGen: 258898K->640K(252480K)] 594359K->336173K(939456K), 0.0088660 secs] [Times: user=0.05 sys=0.00, real=0.01 secs] 
2014-07-08T04:45:39.381+0000: 1897.597: [GC [PSYoungGen: 252477K->1134K(246784K)] 588011K->336724K(933760K), 0.0082710 secs] [Times: user=0.05 sys=0.00, real=0.00 secs] 
2014-07-08T04:45:40.100+0000: 1898.316: [GC [PSYoungGen: 246766K->804K(240512K)] 582356K->336449K(927488K), 0.0072110 secs] [Times: user=0.05 sys=0.00, real=0.01 secs] 
2014-07-08T04:45:40.754+0000: 1898.969: [GC [PSYoungGen: 240484K->872K(234816K)] 576129K->336606K(921792K), 0.0055490 secs] [Times: user=0.04 sys=0.00, real=0.00 secs] 
2014-07-08T04:45:41.717+0000: 1899.933: [GC [PSYoungGen: 234792K->960K(229440K)] 570526K->336742K(916416K), 0.0066890 secs] [Times: user=0.04 sys=0.01, real=0.01 secs] 
2014-07-08T04:45:42.407+0000: 1900.622: [GC [PSYoungGen: 229375K->694K(223808K)] 565157K->336524K(910784K), 0.0059870 secs] [Times: user=0.03 sys=0.00, real=0.01 secs] 
2014-07-08T04:45:43.060+0000: 1901.275: [GC [PSYoungGen: 223797K->1028K(268864K)] 559627K->336914K(955840K), 0.0110730 secs] [Times: user=0.07 sys=0.01, real=0.01 secs] 
2014-07-08T04:45:43.833+0000: 1902.048: [GC [PSYoungGen: 268804K->864K(261888K)] 604690K->336798K(948864K), 0.0068220 secs] [Times: user=0.04 sys=0.00, real=0.00 secs] 
2014-07-08T04:45:44.658+0000: 1902.873: [GC [PSYoungGen: 261816K->776K(255296K)] 597750K->336790K(942272K), 0.0032050 secs] [Times: user=0.01 sys=0.01, real=0.00 secs] 
2014-07-08T04:45:45.436+0000: 1903.651: [GC [PSYoungGen: 255213K->744K(248960K)] 591227K->336838K(935936K), 0.0072350 secs] [Times: user=0.04 sys=0.00, real=0.01 secs] 
2014-07-08T04:45:46.262+0000: 1904.478: [GC [PSYoungGen: 248903K->1216K(243392K)] 584997K->337374K(930368K), 0.0066340 secs] [Times: user=0.04 sys=0.00, real=0.01 secs] 
2014-07-08T04:45:47.009+0000: 1905.224: [GC [PSYoungGen: 243315K->680K(236992K)] 579473K->336910K(923968K), 0.0065740 secs] [Times: user=0.04 sys=0.00, real=0.01 secs] 
2014-07-08T04:45:47.779+0000: 1905.995: [GC [PSYoungGen: 236968K->708K(231424K)] 573198K->337041K(918400K), 0.0052870 secs] [Times: user=0.03 sys=0.01, real=0.01 secs] 
2014-07-08T04:45:48.547+0000: 1906.762: [GC [PSYoungGen: 231364K->776K(226048K)] 567697K->337158K(913024K), 0.0065050 secs] [Times: user=0.04 sys=0.00, real=0.01 secs] 
2014-07-08T04:45:49.266+0000: 1907.482: [GC [PSYoungGen: 225992K->1088K(221120K)] 562374K->337534K(908096K), 0.0048710 secs] [Times: user=0.02 sys=0.00, real=0.00 secs] 
2014-07-08T04:45:49.856+0000: 1908.071: [GC [PSYoungGen: 221056K->700K(215616K)] 557502K->337210K(902592K), 0.0058450 secs] [Times: user=0.03 sys=0.00, real=0.00 secs] 
2014-07-08T04:45:50.595+0000: 1908.810: [GC [PSYoungGen: 215612K->694K(210752K)] 552122K->337260K(897728K), 0.0098110 secs] [Times: user=0.05 sys=0.00, real=0.01 secs] 
2014-07-08T04:45:51.294+0000: 1909.509: [GC [PSYoungGen: 210742K->1323K(206720K)] 547308K->337969K(893696K), 0.0070130 secs] [Times: user=0.03 sys=0.00, real=0.00 secs] 
2014-07-08T04:45:51.872+0000: 1910.087: [GC [PSYoungGen: 206684K->882K(201728K)] 543330K->337576K(888704K), 0.0037090 secs] [Times: user=0.01 sys=0.00, real=0.01 secs] 
2014-07-08T04:45:52.617+0000: 1910.832: [GC [PSYoungGen: 201714K->786K(197312K)] 538408K->337528K(884288K), 0.0060580 secs] [Times: user=0.04 sys=0.00, real=0.01 secs] 
2014-07-08T04:45:53.254+0000: 1911.470: [GC [PSYoungGen: 197211K->943K(193216K)] 533953K->337749K(880192K), 0.0052680 secs] [Times: user=0.03 sys=0.00, real=0.00 secs] 
2014-07-08T04:45:53.734+0000: 1911.950: [GC [PSYoungGen: 193199K->858K(189056K)] 530005K->337728K(876032K), 0.0053560 secs] [Times: user=0.03 sys=0.01, real=0.00 secs] 
2014-07-08T04:45:54.488+0000: 1912.703: [GC [PSYoungGen: 189018K->1039K(185280K)] 525888K->337981K(872256K), 0.0083440 secs] [Times: user=0.05 sys=0.00, real=0.01 secs] 
2014-07-08T04:45:54.968+0000: 1913.184: [GC [PSYoungGen: 185231K->740K(221824K)] 522173K->337769K(908800K), 0.0081780 secs] [Times: user=0.04 sys=0.00, real=0.01 secs] 
2014-07-08T04:45:55.580+0000: 1913.796: [GC [PSYoungGen: 221796K->644K(216704K)] 558825K->337753K(903680K), 0.0034370 secs] [Times: user=0.02 sys=0.00, real=0.00 secs] 
2014-07-08T04:45:56.417+0000: 1914.632: [GC [PSYoungGen: 216644K->1138K(260352K)] 553753K->338320K(947328K), 0.0095470 secs] [Times: user=0.06 sys=0.00, real=0.01 secs] 
2014-07-08T04:45:57.319+0000: 1915.534: [GC [PSYoungGen: 260298K->1174K(253952K)] 597480K->338428K(940928K), 0.0065030 secs] [Times: user=0.04 sys=0.00, real=0.01 secs] 
2014-07-08T04:45:58.054+0000: 1916.270: [GC [PSYoungGen: 253910K->484K(247040K)] 591164K->338060K(934016K), 0.0077690 secs] [Times: user=0.05 sys=0.00, real=0.00 secs] 
2014-07-08T04:45:58.797+0000: 1917.012: [GC [PSYoungGen: 246970K->1008K(241536K)] 584546K->338640K(928512K), 0.0037880 secs] [Times: user=0.02 sys=0.00, real=0.00 secs] 
2014-07-08T04:45:59.593+0000: 1917.809: [GC [PSYoungGen: 241520K->890K(235648K)] 579152K->338876K(922624K), 0.0036250 secs] [Times: user=0.02 sys=0.00, real=0.01 secs] 
2014-07-08T04:46:00.348+0000: 1918.564: [GC [PSYoungGen: 235642K->658K(229888K)] 573628K->338724K(916864K), 0.0083700 secs] [Times: user=0.05 sys=0.00, real=0.01 secs] 
2014-07-08T04:46:00.999+0000: 1919.214: [GC [PSYoungGen: 229842K->978K(276096K)] 567908K->339068K(963072K), 0.0154370 secs] [Times: user=0.08 sys=0.00, real=0.01 secs] 
2014-07-08T04:46:01.924+0000: 1920.140: [GC [PSYoungGen: 276050K->904K(317248K)] 614140K->339042K(1004224K), 0.0094140 secs] [Times: user=0.05 sys=0.00, real=0.01 secs] 
2014-07-08T04:46:03.048+0000: 1921.263: [GC [PSYoungGen: 316808K->1072K(331456K)] 654946K->339274K(1018432K), 0.0085430 secs] [Times: user=0.05 sys=0.00, real=0.01 secs] 
2014-07-08T04:46:04.076+0000: 1922.291: [GC [PSYoungGen: 331163K->1170K(322112K)] 669365K->339444K(1009088K), 0.0061670 secs] [Times: user=0.04 sys=0.00, real=0.00 secs] 
2014-07-08T04:46:05.003+0000: 1923.218: [GC [PSYoungGen: 322007K->192K(312192K)] 660282K->339216K(999168K), 0.0034710 secs] [Times: user=0.02 sys=0.00, real=0.01 secs] 
2014-07-08T04:46:05.962+0000: 1924.178: [GC [PSYoungGen: 312192K->1300K(304832K)] 651216K->340356K(991808K), 0.0074130 secs] [Times: user=0.05 sys=0.00, real=0.01 secs] 
2014-07-08T04:46:06.924+0000: 1925.140: [GC [PSYoungGen: 304788K->1004K(296320K)] 643844K->340694K(983296K), 0.0068940 secs] [Times: user=0.04 sys=0.00, real=0.01 secs] 
2014-07-08T04:46:07.957+0000: 1926.172: [GC [PSYoungGen: 296300K->1050K(288512K)] 635990K->340804K(975488K), 0.0063650 secs] [Times: user=0.05 sys=0.00, real=0.00 secs] 
2014-07-08T04:46:08.767+0000: 1926.983: [GC [PSYoungGen: 288474K->740K(280640K)] 628228K->340566K(967616K), 0.0039180 secs] [Times: user=0.02 sys=0.00, real=0.00 secs] 
2014-07-08T04:46:09.602+0000: 1927.818: [GC [PSYoungGen: 280612K->864K(273536K)] 620438K->340762K(960512K), 0.0051690 secs] [Times: user=0.03 sys=0.00, real=0.01 secs] 
2014-07-08T04:46:10.510+0000: 1928.725: [GC [PSYoungGen: 273504K->932K(266624K)] 613402K->340910K(953600K), 0.0040700 secs] [Times: user=0.02 sys=0.00, real=0.00 secs] 
2014-07-08T04:46:11.331+0000: 1929.547: [GC [PSYoungGen: 266596K->804K(259776K)] 606574K->340886K(946752K), 0.0053300 secs] [Times: user=0.03 sys=0.00, real=0.01 secs] 
2014-07-08T04:46:12.163+0000: 1930.378: [GC [PSYoungGen: 259715K->950K(253440K)] 599798K->341096K(940416K), 0.0063290 secs] [Times: user=0.04 sys=0.00, real=0.01 secs] 
2014-07-08T04:46:13.135+0000: 1931.351: [GC [PSYoungGen: 253430K->1068K(247360K)] 593576K->341286K(934336K), 0.0083830 secs] [Times: user=0.06 sys=0.00, real=0.01 secs] 
2014-07-08T04:46:13.833+0000: 1932.049: [GC [PSYoungGen: 247340K->676K(240960K)] 587558K->341000K(927936K), 0.0042030 secs] [Times: user=0.02 sys=0.00, real=0.01 secs] 
2014-07-08T04:46:14.605+0000: 1932.821: [GC [PSYoungGen: 240932K->644K(235200K)] 581256K->341024K(922176K), 0.0055880 secs] [Times: user=0.02 sys=0.00, real=0.01 secs] 
2014-07-08T04:46:15.385+0000: 1933.600: [GC [PSYoungGen: 235140K->808K(229760K)] 575520K->341294K(916736K), 0.0041020 secs] [Times: user=0.02 sys=0.00, real=0.01 secs] 
2014-07-08T04:46:16.011+0000: 1934.227: [GC [PSYoungGen: 229736K->854K(224448K)] 570222K->341404K(911424K), 0.0041830 secs] [Times: user=0.03 sys=0.00, real=0.00 secs] 
2014-07-08T04:46:16.657+0000: 1934.873: [GC [PSYoungGen: 224406K->576K(218944K)] 564956K->341198K(905920K), 0.0059110 secs] [Times: user=0.04 sys=0.00, real=0.00 secs] 
2014-07-08T04:46:17.402+0000: 1935.618: [GC [PSYoungGen: 218944K->644K(214080K)] 559566K->341354K(901056K), 0.0065760 secs] [Times: user=0.04 sys=0.00, real=0.01 secs] 
2014-07-08T04:46:18.100+0000: 1936.316: [GC [PSYoungGen: 213990K->1200K(209792K)] 554700K->341966K(896768K), 0.0078180 secs] [Times: user=0.05 sys=0.00, real=0.01 secs] 
2014-07-08T04:46:18.770+0000: 1936.985: [GC [PSYoungGen: 209776K->804K(204800K)] 550542K->341650K(891776K), 0.0062070 secs] [Times: user=0.04 sys=0.00, real=0.00 secs] 
2014-07-08T04:46:19.411+0000: 1937.626: [GC [PSYoungGen: 204772K->826K(200320K)] 545618K->341810K(887296K), 0.0056810 secs] [Times: user=0.03 sys=0.00, real=0.00 secs] 
2014-07-08T04:46:19.964+0000: 1938.179: [GC [PSYoungGen: 200299K->1110K(196352K)] 541283K->342166K(883328K), 0.0036870 secs] [Times: user=0.02 sys=0.01, real=0.00 secs] 
2014-07-08T04:46:20.579+0000: 1938.794: [GC [PSYoungGen: 196310K->758K(191808K)] 537366K->341960K(878784K), 0.0054750 secs] [Times: user=0.04 sys=0.00, real=0.00 secs] 
2014-07-08T04:46:21.205+0000: 1939.421: [GC [PSYoungGen: 191798K->804K(187840K)] 533000K->342078K(874816K), 0.0057840 secs] [Times: user=0.03 sys=0.00, real=0.01 secs] 
2014-07-08T04:46:21.680+0000: 1939.896: [GC [PSYoungGen: 187812K->648K(225152K)] 529086K->341994K(912128K), 0.0080250 secs] [Times: user=0.06 sys=0.00, real=0.01 secs] 
2014-07-08T04:46:22.471+0000: 1940.687: [GC [PSYoungGen: 225096K->758K(220032K)] 566442K->342168K(907008K), 0.0046920 secs] [Times: user=0.03 sys=0.00, real=0.00 secs] 
2014-07-08T04:46:23.186+0000: 1941.401: [GC [PSYoungGen: 220022K->918K(215232K)] 561432K->342384K(902208K), 0.0051260 secs] [Times: user=0.03 sys=0.00, real=0.01 secs] 
2014-07-08T04:46:23.829+0000: 1942.045: [GC [PSYoungGen: 215190K->846K(210368K)] 556656K->342384K(897344K), 0.0060640 secs] [Times: user=0.03 sys=0.00, real=0.00 secs] 
2014-07-08T04:46:24.523+0000: 1942.739: [GC [PSYoungGen: 210318K->654K(205504K)] 551856K->342232K(892480K), 0.0034830 secs] [Times: user=0.01 sys=0.00, real=0.00 secs] 
2014-07-08T04:46:25.219+0000: 1943.434: [GC [PSYoungGen: 205454K->886K(201216K)] 547032K->342496K(888192K), 0.0061250 secs] [Times: user=0.02 sys=0.00, real=0.00 secs] 
2014-07-08T04:46:25.721+0000: 1943.937: [GC [PSYoungGen: 201188K->647K(196672K)] 542799K->342313K(883648K), 0.0063900 secs] [Times: user=0.04 sys=0.00, real=0.00 secs] 
2014-07-08T04:46:26.431+0000: 1944.647: [GC [PSYoungGen: 196615K->890K(192640K)] 538281K->342644K(879616K), 0.0048680 secs] [Times: user=0.03 sys=0.00, real=0.00 secs] 
2014-07-08T04:46:27.099+0000: 1945.315: [GC [PSYoungGen: 192634K->890K(188608K)] 534388K->342724K(875584K), 0.0054900 secs] [Times: user=0.03 sys=0.00, real=0.00 secs] 
2014-07-08T04:46:27.630+0000: 1945.846: [GC [PSYoungGen: 188602K->800K(184640K)] 530436K->342690K(871616K), 0.0055770 secs] [Times: user=0.02 sys=0.00, real=0.00 secs] 
2014-07-08T04:46:28.310+0000: 1946.525: [GC [PSYoungGen: 184608K->748K(180800K)] 526498K->342872K(867776K), 0.0064020 secs] [Times: user=0.04 sys=0.00, real=0.00 secs] 
2014-07-08T04:46:28.832+0000: 1947.047: [GC [PSYoungGen: 180780K->722K(216832K)] 522904K->342894K(903808K), 0.0090270 secs] [Times: user=0.05 sys=0.00, real=0.01 secs] 
2014-07-08T04:46:29.529+0000: 1947.745: [GC [PSYoungGen: 216786K->840K(212096K)] 558958K->343108K(899072K), 0.0046750 secs] [Times: user=0.03 sys=0.00, real=0.00 secs] 
2014-07-08T04:46:30.256+0000: 1948.472: [GC [PSYoungGen: 212040K->1100K(207616K)] 554308K->343440K(894592K), 0.0069490 secs] [Times: user=0.05 sys=0.01, real=0.01 secs] 
2014-07-08T04:46:30.809+0000: 1949.025: [GC [PSYoungGen: 207564K->306K(202240K)] 549904K->342978K(889216K), 0.0029200 secs] [Times: user=0.01 sys=0.01, real=0.00 secs] 
2014-07-08T04:46:31.496+0000: 1949.712: [GC [PSYoungGen: 202226K->904K(198464K)] 544898K->343640K(885440K), 0.0065960 secs] [Times: user=0.04 sys=0.00, real=0.01 secs] 
2014-07-08T04:46:32.202+0000: 1950.418: [GC [PSYoungGen: 198408K->1042K(194368K)] 541144K->343990K(881344K), 0.0052530 secs] [Times: user=0.03 sys=0.01, real=0.00 secs] 
2014-07-08T04:46:32.738+0000: 1950.954: [GC [PSYoungGen: 194322K->608K(189824K)] 537270K->343628K(876800K), 0.0077680 secs] [Times: user=0.05 sys=0.00, real=0.01 secs] 
2014-07-08T04:46:33.459+0000: 1951.675: [GC [PSYoungGen: 189792K->890K(227968K)] 532812K->344032K(914944K), 0.0085600 secs] [Times: user=0.05 sys=0.00, real=0.01 secs] 
2014-07-08T04:46:34.269+0000: 1952.484: [GC [PSYoungGen: 227951K->954K(222720K)] 571094K->344176K(909696K), 0.0058220 secs] [Times: user=0.03 sys=0.00, real=0.01 secs] 
2014-07-08T04:46:34.855+0000: 1953.071: [GC [PSYoungGen: 222714K->726K(217408K)] 565936K->344062K(904384K), 0.0054380 secs] [Times: user=0.03 sys=0.00, real=0.01 secs] 
2014-07-08T04:46:35.596+0000: 1953.812: [GC [PSYoungGen: 217366K->612K(212352K)] 560702K->343996K(899328K), 0.0080800 secs] [Times: user=0.05 sys=0.00, real=0.01 secs] 
2014-07-08T04:46:36.341+0000: 1954.557: [GC [PSYoungGen: 212324K->818K(207808K)] 555708K->344283K(894784K), 0.0056510 secs] [Times: user=0.03 sys=0.00, real=0.00 secs] 
2014-07-08T04:46:36.889+0000: 1955.105: [GC [PSYoungGen: 207794K->814K(203200K)] 551259K->344350K(890176K), 0.0034850 secs] [Times: user=0.02 sys=0.00, real=0.01 secs] 
2014-07-08T04:46:37.650+0000: 1955.866: [GC [PSYoungGen: 203165K->808K(198784K)] 546702K->344416K(885760K), 0.0049140 secs] [Times: user=0.04 sys=0.00, real=0.00 secs] 
2014-07-08T04:46:38.281+0000: 1956.497: [GC [PSYoungGen: 198741K->1129K(194816K)] 542350K->344826K(881792K), 0.0064310 secs] [Times: user=0.04 sys=0.00, real=0.00 secs] 
2014-07-08T04:46:38.754+0000: 1956.969: [GC [PSYoungGen: 194793K->370K(232832K)] 538490K->344276K(919808K), 0.0152600 secs] [Times: user=0.08 sys=0.00, real=0.01 secs] 
2014-07-08T04:46:39.609+0000: 1957.825: [GC [PSYoungGen: 232818K->943K(279936K)] 576724K->344898K(966912K), 0.0078130 secs] [Times: user=0.05 sys=0.01, real=0.01 secs] 
2014-07-08T04:46:40.434+0000: 1958.649: [GC [PSYoungGen: 279905K->544K(309312K)] 623859K->344668K(996288K), 0.0059570 secs] [Times: user=0.04 sys=0.00, real=0.00 secs] 
2014-07-08T04:46:41.476+0000: 1959.692: [GC [PSYoungGen: 308576K->1242K(300928K)] 652700K->345447K(987904K), 0.0049700 secs] [Times: user=0.03 sys=0.00, real=0.01 secs] 
2014-07-08T04:46:42.442+0000: 1960.658: [GC [PSYoungGen: 300890K->64K(291712K)] 645094K->344956K(978688K), 0.0059660 secs] [Times: user=0.04 sys=0.00, real=0.00 secs] 
2014-07-08T04:46:43.317+0000: 1961.533: [GC [PSYoungGen: 291698K->1322K(285312K)] 636591K->346305K(972288K), 0.0064090 secs] [Times: user=0.03 sys=0.00, real=0.01 secs] 
2014-07-08T04:46:44.195+0000: 1962.410: [GC [PSYoungGen: 285290K->1192K(277760K)] 630273K->346693K(964736K), 0.0083150 secs] [Times: user=0.06 sys=0.00, real=0.01 secs] 
2014-07-08T04:46:45.084+0000: 1963.300: [GC [PSYoungGen: 277735K->954K(270400K)] 623236K->346519K(957376K), 0.0040820 secs] [Times: user=0.02 sys=0.00, real=0.00 secs] 
2014-07-08T04:46:45.851+0000: 1964.067: [GC [PSYoungGen: 270359K->957K(263552K)] 615924K->346636K(950528K), 0.0049480 secs] [Times: user=0.02 sys=0.00, real=0.01 secs] 
2014-07-08T04:46:46.657+0000: 1964.872: [GC [PSYoungGen: 263508K->648K(256704K)] 609187K->346391K(943680K), 0.0050800 secs] [Times: user=0.03 sys=0.00, real=0.01 secs] 
2014-07-08T04:46:47.549+0000: 1965.765: [GC [PSYoungGen: 256648K->908K(250624K)] 602391K->346723K(937600K), 0.0036410 secs] [Times: user=0.01 sys=0.00, real=0.01 secs] 
2014-07-08T04:46:48.310+0000: 1966.526: [GC [PSYoungGen: 250572K->708K(244352K)] 596387K->346587K(931328K), 0.0074390 secs] [Times: user=0.05 sys=0.00, real=0.01 secs] 
2014-07-08T04:46:48.964+0000: 1967.180: [GC [PSYoungGen: 244292K->804K(238528K)] 590171K->346779K(925504K), 0.0081980 secs] [Times: user=0.06 sys=0.00, real=0.01 secs] 
2014-07-08T04:46:49.678+0000: 1967.894: [GC [PSYoungGen: 238500K->808K(232832K)] 584475K->346847K(919808K), 0.0042440 secs] [Times: user=0.02 sys=0.00, real=0.01 secs] 
2014-07-08T04:46:50.482+0000: 1968.697: [GC [PSYoungGen: 232808K->708K(227328K)] 578847K->346811K(914304K), 0.0035950 secs] [Times: user=0.02 sys=0.01, real=0.01 secs] 
2014-07-08T04:46:51.262+0000: 1969.478: [GC [PSYoungGen: 227268K->1160K(222528K)] 573371K->347327K(909504K), 0.0034850 secs] [Times: user=0.02 sys=0.00, real=0.01 secs] 
2014-07-08T04:46:51.814+0000: 1970.030: [GC [PSYoungGen: 222472K->762K(217024K)] 568639K->347165K(904000K), 0.0055370 secs] [Times: user=0.04 sys=0.00, real=0.00 secs] 
2014-07-08T04:46:52.576+0000: 1970.792: [GC [PSYoungGen: 216973K->936K(212288K)] 563376K->347411K(899264K), 0.0074430 secs] [Times: user=0.04 sys=0.00, real=0.01 secs] 
2014-07-08T04:46:53.267+0000: 1971.483: [GC [PSYoungGen: 212263K->954K(207552K)] 558738K->347567K(894528K), 0.0106220 secs] [Times: user=0.06 sys=0.00, real=0.01 secs] 
2014-07-08T04:46:53.832+0000: 1972.048: [GC [PSYoungGen: 207546K->740K(202816K)] 554159K->347409K(889792K), 0.0047130 secs] [Times: user=0.03 sys=0.00, real=0.01 secs] 
2014-07-08T04:46:54.483+0000: 1972.699: [GC [PSYoungGen: 202788K->598K(198272K)] 549457K->347323K(885248K), 0.0032820 secs] [Times: user=0.01 sys=0.00, real=0.00 secs] 
2014-07-08T04:46:55.103+0000: 1973.319: [GC [PSYoungGen: 198230K->854K(194240K)] 544955K->347651K(881216K), 0.0073020 secs] [Times: user=0.05 sys=0.01, real=0.00 secs] 
2014-07-08T04:46:55.781+0000: 1973.996: [GC [PSYoungGen: 194198K->708K(190016K)] 540995K->347553K(876992K), 0.0059920 secs] [Times: user=0.04 sys=0.00, real=0.01 secs] 
2014-07-08T04:46:56.361+0000: 1974.577: [GC [PSYoungGen: 189956K->608K(185920K)] 536801K->347533K(872896K), 0.0053790 secs] [Times: user=0.03 sys=0.00, real=0.01 secs] 
2014-07-08T04:46:56.838+0000: 1975.053: [GC [PSYoungGen: 185888K->790K(223168K)] 532813K->347787K(910144K), 0.0076660 secs] [Times: user=0.05 sys=0.00, real=0.01 secs] 
2014-07-08T04:46:57.653+0000: 1975.869: [GC [PSYoungGen: 223126K->744K(217984K)] 570123K->347797K(904960K), 0.0035930 secs] [Times: user=0.02 sys=0.00, real=0.00 secs] 
2014-07-08T04:46:58.338+0000: 1976.554: [GC [PSYoungGen: 217960K->776K(261504K)] 565013K->347909K(948480K), 0.0108000 secs] [Times: user=0.06 sys=0.00, real=0.01 secs] 
2014-07-08T04:46:59.070+0000: 1977.286: [GC [PSYoungGen: 261448K->790K(254976K)] 608581K->347987K(941952K), 0.0059050 secs] [Times: user=0.04 sys=0.00, real=0.01 secs] 
2014-07-08T04:46:59.818+0000: 1978.034: [GC [PSYoungGen: 254892K->822K(248704K)] 602089K->348157K(935680K), 0.0051900 secs] [Times: user=0.04 sys=0.00, real=0.00 secs] 
2014-07-08T04:47:00.568+0000: 1978.784: [GC [PSYoungGen: 248694K->694K(242560K)] 596029K->348093K(929536K), 0.0057580 secs] [Times: user=0.04 sys=0.00, real=0.01 secs] 
2014-07-08T04:47:01.468+0000: 1979.684: [GC [PSYoungGen: 242550K->828K(236864K)] 589949K->348655K(923840K), 0.0059450 secs] [Times: user=0.04 sys=0.00, real=0.01 secs] 
2014-07-08T04:47:02.151+0000: 1980.367: [GC [PSYoungGen: 236860K->772K(231232K)] 584687K->348655K(918208K), 0.0053710 secs] [Times: user=0.04 sys=0.00, real=0.01 secs] 
2014-07-08T04:47:02.836+0000: 1981.051: [GC [PSYoungGen: 231172K->680K(225728K)] 579055K->348603K(912704K), 0.0043340 secs] [Times: user=0.02 sys=0.00, real=0.00 secs] 
2014-07-08T04:47:03.585+0000: 1981.801: [GC [PSYoungGen: 225662K->826K(220672K)] 573586K->348821K(907648K), 0.0056090 secs] [Times: user=0.04 sys=0.00, real=0.00 secs] 
2014-07-08T04:47:04.345+0000: 1982.561: [GC [PSYoungGen: 220632K->1021K(215808K)] 568627K->349088K(902784K), 0.0051990 secs] [Times: user=0.04 sys=0.00, real=0.00 secs] 
2014-07-08T04:47:04.875+0000: 1983.090: [GC [PSYoungGen: 215785K->844K(210816K)] 563852K->348975K(897792K), 0.0066210 secs] [Times: user=0.05 sys=0.00, real=0.00 secs] 
2014-07-08T04:47:05.696+0000: 1983.912: [GC [PSYoungGen: 210764K->696K(205952K)] 558895K->349292K(892928K), 0.0058550 secs] [Times: user=0.03 sys=0.01, real=0.00 secs] 
2014-07-08T04:47:06.412+0000: 1984.628: [GC [PSYoungGen: 205944K->1182K(201920K)] 554540K->349833K(888896K), 0.0062570 secs] [Times: user=0.04 sys=0.00, real=0.01 secs] 
2014-07-08T04:47:06.991+0000: 1985.207: [GC [PSYoungGen: 201886K->698K(197056K)] 550537K->349741K(884032K), 0.0069020 secs] [Times: user=0.04 sys=0.00, real=0.01 secs] 
2014-07-08T04:47:07.673+0000: 1985.889: [GC [PSYoungGen: 197049K->858K(193024K)] 546092K->349981K(880000K), 0.0040070 secs] [Times: user=0.02 sys=0.00, real=0.01 secs] 
2014-07-08T04:47:08.304+0000: 1986.520: [GC [PSYoungGen: 192986K->872K(188928K)] 542109K->350167K(875904K), 0.0034100 secs] [Times: user=0.02 sys=0.00, real=0.01 secs] 
2014-07-08T04:47:08.772+0000: 1986.987: [GC [PSYoungGen: 188904K->786K(184960K)] 538199K->350106K(871936K), 0.0048130 secs] [Times: user=0.02 sys=0.00, real=0.01 secs] 
2014-07-08T04:47:09.409+0000: 1987.625: [GC [PSYoungGen: 184914K->808K(181184K)] 534234K->350207K(868160K), 0.0057440 secs] [Times: user=0.03 sys=0.00, real=0.01 secs] 
2014-07-08T04:47:09.870+0000: 1988.085: [GC [PSYoungGen: 181160K->758K(177408K)] 530559K->350205K(864384K), 0.0034970 secs] [Times: user=0.02 sys=0.00, real=0.00 secs] 
2014-07-08T04:47:10.462+0000: 1988.678: [GC [PSYoungGen: 177398K->690K(173760K)] 526845K->350201K(860736K), 0.0031280 secs] [Times: user=0.02 sys=0.00, real=0.01 secs] 
2014-07-08T04:47:10.950+0000: 1989.166: [GC [PSYoungGen: 173746K->786K(170432K)] 523257K->350377K(857408K), 0.0051910 secs] [Times: user=0.03 sys=0.00, real=0.01 secs] 
2014-07-08T04:47:11.588+0000: 1989.804: [GC [PSYoungGen: 170386K->808K(167104K)] 519977K->350479K(854080K), 0.0060810 secs] [Times: user=0.04 sys=0.00, real=0.00 secs] 
2014-07-08T04:47:12.094+0000: 1990.310: [GC [PSYoungGen: 167078K->1122K(164224K)] 516750K->350857K(851200K), 0.0050930 secs] [Times: user=0.03 sys=0.00, real=0.01 secs] 
2014-07-08T04:47:12.648+0000: 1990.864: [GC [PSYoungGen: 164194K->508K(160448K)] 513929K->350718K(847424K), 0.0035090 secs] [Times: user=0.02 sys=0.01, real=0.00 secs] 
2014-07-08T04:47:13.210+0000: 1991.425: [GC [PSYoungGen: 160444K->1050K(158016K)] 510654K->351323K(844992K), 0.0083170 secs] [Times: user=0.06 sys=0.00, real=0.01 secs] 
2014-07-08T04:47:13.615+0000: 1991.831: [GC [PSYoungGen: 157978K->594K(154624K)] 508251K->351097K(841600K), 0.0037010 secs] [Times: user=0.01 sys=0.00, real=0.01 secs] 
2014-07-08T04:47:14.132+0000: 1992.348: [GC [PSYoungGen: 154578K->1010K(152192K)] 505081K->351602K(839168K), 0.0036390 secs] [Times: user=0.02 sys=0.00, real=0.00 secs] 
2014-07-08T04:47:14.603+0000: 1992.819: [GC [PSYoungGen: 152178K->954K(182400K)] 502770K->351618K(869376K), 0.0072480 secs] [Times: user=0.04 sys=0.00, real=0.01 secs] 
2014-07-08T04:47:15.191+0000: 1993.407: [GC [PSYoungGen: 182394K->804K(218560K)] 533058K->351515K(905536K), 0.0064770 secs] [Times: user=0.03 sys=0.00, real=0.01 secs] 
2014-07-08T04:47:15.784+0000: 1994.000: [GC [PSYoungGen: 218503K->790K(262144K)] 569215K->351565K(949120K), 0.0055580 secs] [Times: user=0.03 sys=0.00, real=0.01 secs] 
2014-07-08T04:47:16.725+0000: 1994.940: [GC [PSYoungGen: 262102K->708K(255552K)] 612877K->351555K(942528K), 0.0064170 secs] [Times: user=0.04 sys=0.00, real=0.01 secs] 
2014-07-08T04:47:17.529+0000: 1995.745: [GC [PSYoungGen: 255492K->832K(249408K)] 606339K->351744K(936384K), 0.0056880 secs] [Times: user=0.02 sys=0.01, real=0.00 secs] 
2014-07-08T04:47:18.404+0000: 1996.620: [GC [PSYoungGen: 249344K->1075K(243520K)] 600256K->352051K(930496K), 0.0044460 secs] [Times: user=0.03 sys=0.00, real=0.01 secs] 
2014-07-08T04:47:19.118+0000: 1997.333: [GC [PSYoungGen: 243507K->512K(237120K)] 594483K->351639K(924096K), 0.0065110 secs] [Times: user=0.04 sys=0.00, real=0.00 secs] 
2014-07-08T04:47:19.748+0000: 1997.963: [GC [PSYoungGen: 237118K->818K(231808K)] 588246K->351986K(918784K), 0.0078050 secs] [Times: user=0.05 sys=0.00, real=0.00 secs] 
2014-07-08T04:47:20.536+0000: 1998.751: [GC [PSYoungGen: 231794K->576K(226112K)] 582962K->351881K(913088K), 0.0063540 secs] [Times: user=0.04 sys=0.00, real=0.01 secs] 
2014-07-08T04:47:21.237+0000: 1999.453: [GC [PSYoungGen: 226112K->772K(221120K)] 577417K->352117K(908096K), 0.0058920 secs] [Times: user=0.03 sys=0.00, real=0.01 secs] 
2014-07-08T04:47:21.975+0000: 2000.191: [GC [PSYoungGen: 221060K->1124K(216384K)] 572405K->352518K(903360K), 0.0078760 secs] [Times: user=0.05 sys=0.00, real=0.01 secs] 
2014-07-08T04:47:22.613+0000: 2000.828: [GC [PSYoungGen: 216356K->850K(211264K)] 567750K->352308K(898240K), 0.0055850 secs] [Times: user=0.04 sys=0.00, real=0.01 secs] 
2014-07-08T04:47:23.353+0000: 2001.569: [GC [PSYoungGen: 211218K->562K(206272K)] 562676K->352099K(893248K), 0.0058010 secs] [Times: user=0.04 sys=0.00, real=0.01 secs] 
2014-07-08T04:47:23.906+0000: 2002.121: [GC [PSYoungGen: 206258K->772K(201984K)] 557795K->352389K(888960K), 0.0073110 secs] [Times: user=0.04 sys=0.01, real=0.01 secs] 
2014-07-08T04:47:24.573+0000: 2002.789: [GC [PSYoungGen: 201888K->765K(197568K)] 553506K->352447K(884544K), 0.0043940 secs] [Times: user=0.02 sys=0.00, real=0.01 secs] 
2014-07-08T04:47:25.248+0000: 2003.464: [GC [PSYoungGen: 197565K->926K(193536K)] 549247K->352656K(880512K), 0.0037940 secs] [Times: user=0.02 sys=0.00, real=0.00 secs] 
2014-07-08T04:47:25.738+0000: 2003.954: [GC [PSYoungGen: 193502K->608K(189120K)] 545232K->352401K(876096K), 0.0068270 secs] [Times: user=0.05 sys=0.00, real=0.00 secs] 
2014-07-08T04:47:26.399+0000: 2004.615: [GC [PSYoungGen: 189074K->1205K(185728K)] 540868K->353063K(872704K), 0.0055480 secs] [Times: user=0.03 sys=0.00, real=0.00 secs] 
2014-07-08T04:47:26.914+0000: 2005.129: [GC [PSYoungGen: 185717K->636K(181312K)] 537575K->352616K(868288K), 0.0034350 secs] [Times: user=0.02 sys=0.00, real=0.00 secs] 
2014-07-08T04:47:27.510+0000: 2005.726: [GC [PSYoungGen: 181300K->744K(177728K)] 533280K->352796K(864704K), 0.0064930 secs] [Times: user=0.04 sys=0.00, real=0.00 secs] 
2014-07-08T04:47:28.183+0000: 2006.399: [GC [PSYoungGen: 177704K->990K(174400K)] 529756K->353140K(861376K), 0.0040740 secs] [Times: user=0.02 sys=0.00, real=0.00 secs] 
2014-07-08T04:47:28.656+0000: 2006.872: [GC [PSYoungGen: 174366K->676K(170624K)] 526516K->352914K(857600K), 0.0076260 secs] [Times: user=0.05 sys=0.00, real=0.01 secs] 
2014-07-08T04:47:29.220+0000: 2007.436: [GC [PSYoungGen: 170596K->854K(204800K)] 522834K->353132K(891776K), 0.0085100 secs] [Times: user=0.05 sys=0.01, real=0.01 secs] 
2014-07-08T04:47:29.793+0000: 2008.009: [GC [PSYoungGen: 204758K->992K(245760K)] 557036K->353350K(932736K), 0.0086500 secs] [Times: user=0.06 sys=0.00, real=0.01 secs] 
2014-07-08T04:47:30.601+0000: 2008.817: [GC [PSYoungGen: 245704K->566K(275712K)] 598061K->353221K(962688K), 0.0073060 secs] [Times: user=0.05 sys=0.01, real=0.01 secs] 
2014-07-08T04:47:31.461+0000: 2009.676: [GC [PSYoungGen: 275702K->626K(268736K)] 628357K->353353K(955712K), 0.0042180 secs] [Times: user=0.02 sys=0.01, real=0.00 secs] 
2014-07-08T04:47:32.419+0000: 2010.634: [GC [PSYoungGen: 268722K->626K(261952K)] 621449K->353417K(948928K), 0.0035970 secs] [Times: user=0.02 sys=0.00, real=0.01 secs] 
2014-07-08T04:47:33.249+0000: 2011.465: [GC [PSYoungGen: 261938K->850K(255680K)] 614729K->353729K(942656K), 0.0084230 secs] [Times: user=0.05 sys=0.00, real=0.00 secs] 
2014-07-08T04:47:34.006+0000: 2012.222: [GC [PSYoungGen: 255634K->910K(274624K)] 608513K->353821K(961600K), 0.0160820 secs] [Times: user=0.10 sys=0.00, real=0.02 secs] 
2014-07-08T04:47:34.804+0000: 2013.020: [GC [PSYoungGen: 274574K->626K(267264K)] 627485K->353633K(954240K), 0.0033880 secs] [Times: user=0.01 sys=0.00, real=0.00 secs] 
2014-07-08T04:47:35.617+0000: 2013.833: [GC [PSYoungGen: 267250K->548K(260480K)] 620257K->353595K(947456K), 0.0065710 secs] [Times: user=0.03 sys=0.00, real=0.01 secs] 
2014-07-08T04:47:36.486+0000: 2014.701: [GC [PSYoungGen: 260443K->726K(254208K)] 613491K->353837K(941184K), 0.0067080 secs] [Times: user=0.05 sys=0.00, real=0.01 secs] 
2014-07-08T04:47:37.336+0000: 2015.551: [GC [PSYoungGen: 254159K->1042K(248256K)] 607271K->354217K(935232K), 0.0088340 secs] [Times: user=0.07 sys=0.00, real=0.01 secs] 
2014-07-08T04:47:38.291+0000: 2016.507: [GC [PSYoungGen: 248210K->1192K(242368K)] 601385K->354431K(929344K), 0.0062550 secs] [Times: user=0.04 sys=0.00, real=0.00 secs] 
2014-07-08T04:47:38.904+0000: 2017.120: [GC [PSYoungGen: 242344K->192K(235520K)] 595583K->353745K(922496K), 0.0052490 secs] [Times: user=0.03 sys=0.00, real=0.00 secs] 
2014-07-08T04:47:39.665+0000: 2017.880: [GC [PSYoungGen: 235517K->1010K(230784K)] 589070K->354619K(917760K), 0.0056210 secs] [Times: user=0.03 sys=0.00, real=0.01 secs] 
2014-07-08T04:47:40.455+0000: 2018.671: [GC [PSYoungGen: 230770K->630K(225024K)] 584379K->354377K(912000K), 0.0111390 secs] [Times: user=0.07 sys=0.00, real=0.01 secs] 
2014-07-08T04:47:41.178+0000: 2019.394: [GC [PSYoungGen: 225003K->854K(270208K)] 578750K->354633K(957184K), 0.0113240 secs] [Times: user=0.06 sys=0.00, real=0.01 secs] 
2014-07-08T04:47:41.938+0000: 2020.154: [GC [PSYoungGen: 270119K->808K(263296K)] 623898K->354627K(950272K), 0.0036770 secs] [Times: user=0.02 sys=0.00, real=0.01 secs] 
2014-07-08T04:47:42.930+0000: 2021.146: [GC [PSYoungGen: 263272K->772K(256704K)] 617091K->354615K(943680K), 0.0049830 secs] [Times: user=0.01 sys=0.00, real=0.00 secs] 
2014-07-08T04:47:43.716+0000: 2021.932: [GC [PSYoungGen: 256644K->722K(250304K)] 610487K->354653K(937280K), 0.0050000 secs] [Times: user=0.02 sys=0.01, real=0.01 secs] 
2014-07-08T04:47:44.546+0000: 2022.761: [GC [PSYoungGen: 250258K->690K(244160K)] 604189K->354701K(931136K), 0.0055680 secs] [Times: user=0.04 sys=0.00, real=0.01 secs] 
2014-07-08T04:47:45.320+0000: 2023.535: [GC [PSYoungGen: 244146K->836K(238464K)] 598157K->354911K(925440K), 0.0030840 secs] [Times: user=0.02 sys=0.01, real=0.01 secs] 
2014-07-08T04:47:45.911+0000: 2024.127: [GC [PSYoungGen: 238404K->776K(232704K)] 592479K->354891K(919680K), 0.0089140 secs] [Times: user=0.05 sys=0.00, real=0.00 secs] 
2014-07-08T04:47:46.682+0000: 2024.898: [GC [PSYoungGen: 232648K->626K(267712K)] 586763K->354797K(954688K), 0.0144200 secs] [Times: user=0.10 sys=0.00, real=0.01 secs] 
2014-07-08T04:47:47.520+0000: 2025.735: [GC [PSYoungGen: 267676K->932K(261248K)] 621848K->355183K(948224K), 0.0054190 secs] [Times: user=0.04 sys=0.00, real=0.01 secs] 
2014-07-08T04:47:48.523+0000: 2026.738: [GC [PSYoungGen: 261174K->256K(254016K)] 615425K->355085K(940992K), 0.0057620 secs] [Times: user=0.04 sys=0.00, real=0.00 secs] 
2014-07-08T04:47:49.229+0000: 2027.444: [GC [PSYoungGen: 254015K->1144K(248640K)] 608844K->356233K(935616K), 0.0076000 secs] [Times: user=0.05 sys=0.00, real=0.01 secs] 
2014-07-08T04:47:49.847+0000: 2028.062: [GC [PSYoungGen: 248632K->946K(266624K)] 603721K->356472K(953600K), 0.0109920 secs] [Times: user=0.07 sys=0.00, real=0.01 secs] 
2014-07-08T04:47:50.730+0000: 2028.945: [GC [PSYoungGen: 266610K->911K(259904K)] 622136K->356525K(946880K), 0.0049700 secs] [Times: user=0.03 sys=0.00, real=0.01 secs] 
2014-07-08T04:47:51.531+0000: 2029.747: [GC [PSYoungGen: 259855K->562K(253056K)] 615469K->356329K(940032K), 0.0036140 secs] [Times: user=0.01 sys=0.01, real=0.01 secs] 
2014-07-08T04:47:52.440+0000: 2030.656: [GC [PSYoungGen: 253042K->1330K(265792K)] 608809K->357146K(952768K), 0.0156610 secs] [Times: user=0.10 sys=0.00, real=0.02 secs] 
2014-07-08T04:47:53.439+0000: 2031.654: [GC [PSYoungGen: 265714K->900K(258688K)] 621530K->356795K(945664K), 0.0064710 secs] [Times: user=0.04 sys=0.00, real=0.01 secs] 
2014-07-08T04:47:54.146+0000: 2032.362: [GC [PSYoungGen: 258628K->1004K(252352K)] 614523K->356971K(939328K), 0.0074030 secs] [Times: user=0.04 sys=0.00, real=0.01 secs] 
2014-07-08T04:47:54.874+0000: 2033.090: [GC [PSYoungGen: 252332K->676K(245888K)] 608299K->356707K(932864K), 0.0038060 secs] [Times: user=0.02 sys=0.00, real=0.00 secs] 
2014-07-08T04:47:55.614+0000: 2033.829: [GC [PSYoungGen: 245860K->928K(240192K)] 601891K->357040K(927168K), 0.0076810 secs] [Times: user=0.05 sys=0.00, real=0.00 secs] 
2014-07-08T04:47:56.426+0000: 2034.642: [GC [PSYoungGen: 240118K->964K(234560K)] 596230K->357156K(921536K), 0.0032320 secs] [Times: user=0.02 sys=0.00, real=0.00 secs] 
2014-07-08T04:47:57.085+0000: 2035.300: [GC [PSYoungGen: 234497K->975K(229056K)] 590688K->357215K(916032K), 0.0069370 secs] [Times: user=0.04 sys=0.01, real=0.00 secs] 
2014-07-08T04:47:57.727+0000: 2035.943: [GC [PSYoungGen: 229007K->730K(223488K)] 585247K->357049K(910464K), 0.0031800 secs] [Times: user=0.02 sys=0.00, real=0.00 secs] 
2014-07-08T04:47:58.616+0000: 2036.832: [GC [PSYoungGen: 223427K->1170K(218816K)] 579747K->357530K(905792K), 0.0127240 secs] [Times: user=0.08 sys=0.00, real=0.01 secs] 
2014-07-08T04:47:59.302+0000: 2037.517: [GC [PSYoungGen: 218770K->750K(213440K)] 575130K->357304K(900416K), 0.0041800 secs] [Times: user=0.02 sys=0.00, real=0.01 secs] 
2014-07-08T04:47:59.826+0000: 2038.042: [GC [PSYoungGen: 213422K->876K(256128K)] 569976K->357502K(943104K), 0.0122130 secs] [Times: user=0.07 sys=0.00, real=0.01 secs] 
2014-07-08T04:48:00.666+0000: 2038.882: [GC [PSYoungGen: 256076K->729K(299520K)] 612702K->357477K(986496K), 0.0068290 secs] [Times: user=0.04 sys=0.00, real=0.00 secs] 
2014-07-08T04:48:01.616+0000: 2039.831: [GC [PSYoungGen: 299161K->794K(291264K)] 655909K->357606K(978240K), 0.0052770 secs] [Times: user=0.04 sys=0.00, real=0.00 secs] 
2014-07-08T04:48:02.580+0000: 2040.796: [GC [PSYoungGen: 291226K->548K(283328K)] 648038K->357489K(970304K), 0.0060020 secs] [Times: user=0.04 sys=0.00, real=0.01 secs] 
2014-07-08T04:48:03.489+0000: 2041.704: [GC [PSYoungGen: 283284K->712K(276160K)] 640226K->357734K(963136K), 0.0066280 secs] [Times: user=0.05 sys=0.00, real=0.01 secs] 
2014-07-08T04:48:04.443+0000: 2042.659: [GC [PSYoungGen: 276098K->808K(269120K)] 633120K->357901K(956096K), 0.0062210 secs] [Times: user=0.04 sys=0.01, real=0.01 secs] 
2014-07-08T04:48:05.278+0000: 2043.493: [GC [PSYoungGen: 269081K->1078K(262592K)] 626175K->358236K(949568K), 0.0036390 secs] [Times: user=0.02 sys=0.00, real=0.00 secs] 
2014-07-08T04:48:05.997+0000: 2044.213: [GC [PSYoungGen: 262582K->676K(255680K)] 619740K->358012K(942656K), 0.0074870 secs] [Times: user=0.05 sys=0.00, real=0.01 secs] 
2014-07-08T04:48:06.817+0000: 2045.032: [GC [PSYoungGen: 255652K->1124K(249792K)] 612988K->358548K(936768K), 0.0074870 secs] [Times: user=0.05 sys=0.00, real=0.01 secs] 
2014-07-08T04:48:07.567+0000: 2045.782: [GC [PSYoungGen: 249764K->740K(243328K)] 607188K->358302K(930304K), 0.0057400 secs] [Times: user=0.03 sys=0.00, real=0.00 secs] 
2014-07-08T04:48:08.473+0000: 2046.688: [GC [PSYoungGen: 243300K->992K(237760K)] 600862K->358618K(924736K), 0.0065460 secs] [Times: user=0.04 sys=0.01, real=0.01 secs] 
2014-07-08T04:48:09.092+0000: 2047.308: [GC [PSYoungGen: 237728K->804K(231936K)] 595354K->358534K(918912K), 0.0048770 secs] [Times: user=0.03 sys=0.00, real=0.01 secs] 
2014-07-08T04:48:09.875+0000: 2048.091: [GC [PSYoungGen: 231908K->800K(226496K)] 589638K->358570K(913472K), 0.0066980 secs] [Times: user=0.05 sys=0.00, real=0.00 secs] 
2014-07-08T04:48:10.622+0000: 2048.838: [GC [PSYoungGen: 226464K->644K(221120K)] 584234K->358470K(908096K), 0.0078580 secs] [Times: user=0.05 sys=0.00, real=0.01 secs] 
2014-07-08T04:48:11.329+0000: 2049.545: [GC [PSYoungGen: 221060K->612K(216000K)] 578886K->358478K(902976K), 0.0037880 secs] [Times: user=0.02 sys=0.00, real=0.00 secs] 
2014-07-08T04:48:11.888+0000: 2050.103: [GC [PSYoungGen: 215895K->844K(211392K)] 573761K->358758K(898368K), 0.0077420 secs] [Times: user=0.05 sys=0.00, real=0.01 secs] 
2014-07-08T04:48:12.591+0000: 2050.807: [GC [PSYoungGen: 211340K->644K(206528K)] 569254K->358606K(893504K), 0.0061990 secs] [Times: user=0.04 sys=0.00, real=0.01 secs] 
2014-07-08T04:48:13.262+0000: 2051.478: [GC [PSYoungGen: 206468K->896K(202176K)] 564430K->359012K(889152K), 0.0054630 secs] [Times: user=0.04 sys=0.00, real=0.01 secs] 
2014-07-08T04:48:13.824+0000: 2052.040: [GC [PSYoungGen: 202176K->1006K(197952K)] 560292K->359210K(884928K), 0.0032930 secs] [Times: user=0.01 sys=0.01, real=0.01 secs] 
2014-07-08T04:48:14.621+0000: 2052.836: [GC [PSYoungGen: 197934K->676K(193408K)] 556138K->358936K(880384K), 0.0075390 secs] [Times: user=0.05 sys=0.00, real=0.01 secs] 
2014-07-08T04:48:15.181+0000: 2053.397: [GC [PSYoungGen: 193380K->1168K(189824K)] 551640K->359492K(876800K), 0.0044730 secs] [Times: user=0.02 sys=0.00, real=0.01 secs] 
2014-07-08T04:48:15.657+0000: 2053.873: [GC [PSYoungGen: 189776K->612K(185280K)] 548100K->359024K(872256K), 0.0050850 secs] [Times: user=0.04 sys=0.00, real=0.00 secs] 
2014-07-08T04:48:16.303+0000: 2054.519: [GC [PSYoungGen: 185219K->1084K(181888K)] 543631K->359576K(868864K), 0.0080300 secs] [Times: user=0.05 sys=0.00, real=0.01 secs] 
2014-07-08T04:48:16.810+0000: 2055.026: [GC [PSYoungGen: 181884K->658K(217664K)] 540376K->359222K(904640K), 0.0074440 secs] [Times: user=0.05 sys=0.00, real=0.01 secs] 
2014-07-08T04:48:17.485+0000: 2055.701: [GC [PSYoungGen: 217618K->630K(260992K)] 576182K->359250K(947968K), 0.0070670 secs] [Times: user=0.05 sys=0.00, real=0.00 secs] 
2014-07-08T04:48:18.362+0000: 2056.578: [GC [PSYoungGen: 260948K->954K(254784K)] 619569K->359622K(941760K), 0.0051360 secs] [Times: user=0.03 sys=0.00, real=0.01 secs] 
2014-07-08T04:48:19.181+0000: 2057.396: [GC [PSYoungGen: 254778K->1106K(248704K)] 613446K->359846K(935680K), 0.0041120 secs] [Times: user=0.03 sys=0.01, real=0.00 secs] 
2014-07-08T04:48:19.940+0000: 2058.156: [GC [PSYoungGen: 248658K->630K(242176K)] 607398K->359620K(929152K), 0.0051240 secs] [Times: user=0.03 sys=0.00, real=0.00 secs] 
2014-07-08T04:48:20.685+0000: 2058.901: [GC [PSYoungGen: 242166K->882K(236608K)] 601156K->359936K(923584K), 0.0060350 secs] [Times: user=0.04 sys=0.00, real=0.01 secs] 
2014-07-08T04:48:21.443+0000: 2059.658: [GC [PSYoungGen: 236594K->576K(230720K)] 595648K->359752K(917696K), 0.0073360 secs] [Times: user=0.05 sys=0.00, real=0.01 secs] 
2014-07-08T04:48:22.161+0000: 2060.377: [GC [PSYoungGen: 230697K->1154K(225984K)] 589873K->360362K(912960K), 0.0090030 secs] [Times: user=0.06 sys=0.00, real=0.01 secs] 
2014-07-08T04:48:22.804+0000: 2061.019: [GC [PSYoungGen: 225893K->938K(270720K)] 585101K->360242K(957696K), 0.0090620 secs] [Times: user=0.07 sys=0.00, real=0.01 secs] 
2014-07-08T04:48:23.707+0000: 2061.923: [GC [PSYoungGen: 270698K->783K(263744K)] 630002K->360143K(950720K), 0.0056930 secs] [Times: user=0.03 sys=0.00, real=0.00 secs] 
2014-07-08T04:48:24.639+0000: 2062.855: [GC [PSYoungGen: 263695K->1046K(257408K)] 623055K->360462K(944384K), 0.0076140 secs] [Times: user=0.06 sys=0.00, real=0.00 secs] 
2014-07-08T04:48:25.436+0000: 2063.651: [GC [PSYoungGen: 257366K->662K(250688K)] 616782K->360150K(937664K), 0.0051260 secs] [Times: user=0.04 sys=0.00, real=0.01 secs] 
2014-07-08T04:48:26.173+0000: 2064.389: [GC [PSYoungGen: 250646K->758K(244608K)] 610134K->360286K(931584K), 0.0064850 secs] [Times: user=0.04 sys=0.01, real=0.01 secs] 
2014-07-08T04:48:26.897+0000: 2065.112: [GC [PSYoungGen: 244572K->861K(238848K)] 604100K->360477K(925824K), 0.0047110 secs] [Times: user=0.02 sys=0.00, real=0.01 secs] 
2014-07-08T04:48:27.647+0000: 2065.863: [GC [PSYoungGen: 238798K->740K(233024K)] 598415K->360436K(920000K), 0.0075360 secs] [Times: user=0.04 sys=0.00, real=0.00 secs] 
2014-07-08T04:48:28.437+0000: 2066.652: [GC [PSYoungGen: 232996K->858K(227648K)] 592692K->360642K(914624K), 0.0056600 secs] [Times: user=0.04 sys=0.00, real=0.01 secs] 
2014-07-08T04:48:29.178+0000: 2067.393: [GC [PSYoungGen: 227610K->886K(222400K)] 587394K->360742K(909376K), 0.0068750 secs] [Times: user=0.05 sys=0.00, real=0.00 secs] 
2014-07-08T04:48:29.905+0000: 2068.120: [GC [PSYoungGen: 222390K->772K(217280K)] 582246K->360692K(904256K), 0.0067220 secs] [Times: user=0.05 sys=0.00, real=0.01 secs] 
2014-07-08T04:48:30.611+0000: 2068.827: [GC [PSYoungGen: 217217K->744K(212288K)] 577137K->360728K(899264K), 0.0026990 secs] [Times: user=0.02 sys=0.00, real=0.00 secs] 
2014-07-08T04:48:31.308+0000: 2069.524: [GC [PSYoungGen: 212264K->808K(207616K)] 572248K->360832K(894592K), 0.0043690 secs] [Times: user=0.02 sys=0.00, real=0.01 secs] 
2014-07-08T04:48:31.855+0000: 2070.071: [GC [PSYoungGen: 207592K->754K(203008K)] 567616K->360858K(889984K), 0.0031370 secs] [Times: user=0.02 sys=0.00, real=0.01 secs] 
2014-07-08T04:48:32.531+0000: 2070.747: [GC [PSYoungGen: 202994K->786K(198656K)] 563098K->360962K(885632K), 0.0040710 secs] [Times: user=0.02 sys=0.00, real=0.00 secs] 
2014-07-08T04:48:33.118+0000: 2071.333: [GC [PSYoungGen: 198568K->726K(194304K)] 558744K->360966K(881280K), 0.0064770 secs] [Times: user=0.05 sys=0.01, real=0.01 secs] 
2014-07-08T04:48:33.786+0000: 2072.002: [GC [PSYoungGen: 194236K->712K(190208K)] 554476K->361000K(877184K), 0.0035270 secs] [Times: user=0.02 sys=0.01, real=0.01 secs] 
2014-07-08T04:48:34.448+0000: 2072.664: [GC [PSYoungGen: 190152K->690K(186176K)] 550440K->361156K(873152K), 0.0094110 secs] [Times: user=0.06 sys=0.00, real=0.01 secs] 
2014-07-08T04:48:35.037+0000: 2073.252: [GC [PSYoungGen: 186162K->800K(182464K)] 546628K->361330K(869440K), 0.0039990 secs] [Times: user=0.02 sys=0.00, real=0.01 secs] 
2014-07-08T04:48:35.593+0000: 2073.808: [GC [PSYoungGen: 182427K->694K(218688K)] 542957K->361344K(905664K), 0.0133200 secs] [Times: user=0.08 sys=0.00, real=0.01 secs] 
2014-07-08T04:48:36.312+0000: 2074.528: [GC [PSYoungGen: 218678K->1018K(262656K)] 579328K->361812K(949632K), 0.0034970 secs] [Times: user=0.02 sys=0.01, real=0.00 secs] 
2014-07-08T04:48:37.028+0000: 2075.244: [GC [PSYoungGen: 262650K->356K(255488K)] 623444K->361786K(942464K), 0.0038450 secs] [Times: user=0.02 sys=0.00, real=0.00 secs] 
2014-07-08T04:48:37.799+0000: 2076.015: [GC [PSYoungGen: 255460K->1140K(249920K)] 616890K->362776K(936896K), 0.0076550 secs] [Times: user=0.06 sys=0.01, real=0.00 secs] 
2014-07-08T04:48:38.577+0000: 2076.793: [GC [PSYoungGen: 249908K->598K(243328K)] 611544K->362720K(930304K), 0.0088140 secs] [Times: user=0.06 sys=0.00, real=0.01 secs] 
2014-07-08T04:48:39.444+0000: 2077.660: [GC [PSYoungGen: 243268K->1206K(238080K)] 605391K->363433K(925056K), 0.0061300 secs] [Times: user=0.03 sys=0.00, real=0.01 secs] 
2014-07-08T04:48:40.371+0000: 2078.586: [GC [PSYoungGen: 238070K->894K(232128K)] 600297K->363160K(919104K), 0.0074270 secs] [Times: user=0.04 sys=0.00, real=0.00 secs] 
2014-07-08T04:48:40.997+0000: 2079.212: [GC [PSYoungGen: 232125K->1352K(227200K)] 594392K->363683K(914176K), 0.0059400 secs] [Times: user=0.04 sys=0.00, real=0.01 secs] 
2014-07-08T04:48:41.675+0000: 2079.891: [GC [PSYoungGen: 227144K->558K(271552K)] 589475K->363000K(958528K), 0.0095190 secs] [Times: user=0.06 sys=0.00, real=0.01 secs] 
2014-07-08T04:48:42.508+0000: 2080.724: [GC [PSYoungGen: 271534K->765K(264832K)] 633976K->363255K(951808K), 0.0064020 secs] [Times: user=0.04 sys=0.00, real=0.01 secs] 
2014-07-08T04:48:43.405+0000: 2081.621: [GC [PSYoungGen: 264802K->1100K(258560K)] 627293K->363712K(945536K), 0.0064390 secs] [Times: user=0.04 sys=0.00, real=0.01 secs] 
2014-07-08T04:48:44.228+0000: 2082.444: [GC [PSYoungGen: 258508K->1096K(252160K)] 621120K->363772K(939136K), 0.0037110 secs] [Times: user=0.02 sys=0.00, real=0.01 secs] 
2014-07-08T04:48:44.875+0000: 2083.090: [GC [PSYoungGen: 252104K->680K(245568K)] 614780K->363965K(932544K), 0.0100420 secs] [Times: user=0.08 sys=0.00, real=0.01 secs] 
2014-07-08T04:48:45.747+0000: 2083.963: [GC [PSYoungGen: 245544K->922K(239872K)] 608829K->364287K(926848K), 0.0071010 secs] [Times: user=0.05 sys=0.00, real=0.01 secs] 
2014-07-08T04:48:46.505+0000: 2084.720: [GC [PSYoungGen: 239834K->726K(233984K)] 603199K->364279K(920960K), 0.0068850 secs] [Times: user=0.04 sys=0.00, real=0.01 secs] 
2014-07-08T04:48:47.236+0000: 2085.452: [GC [PSYoungGen: 233942K->772K(228544K)] 597495K->364373K(915520K), 0.0087920 secs] [Times: user=0.07 sys=0.00, real=0.01 secs] 
2014-07-08T04:48:47.889+0000: 2086.104: [GC [PSYoungGen: 228484K->740K(223168K)] 592085K->364413K(910144K), 0.0031730 secs] [Times: user=0.02 sys=0.00, real=0.01 secs] 
2014-07-08T04:48:48.584+0000: 2086.800: [GC [PSYoungGen: 223140K->844K(218176K)] 586813K->364605K(905152K), 0.0067660 secs] [Times: user=0.05 sys=0.00, real=0.01 secs] 
2014-07-08T04:48:49.382+0000: 2087.598: [GC [PSYoungGen: 218124K->708K(213120K)] 581885K->364533K(900096K), 0.0052100 secs] [Times: user=0.03 sys=0.01, real=0.00 secs] 
2014-07-08T04:48:49.944+0000: 2088.160: [GC [PSYoungGen: 213060K->918K(255808K)] 576885K->364799K(942784K), 0.0132560 secs] [Times: user=0.09 sys=0.00, real=0.01 secs] 
2014-07-08T04:48:50.861+0000: 2089.077: [GC [PSYoungGen: 255766K->712K(269568K)] 619647K->364657K(956544K), 0.0057510 secs] [Times: user=0.03 sys=0.00, real=0.00 secs] 
2014-07-08T04:48:51.659+0000: 2089.874: [GC [PSYoungGen: 269128K->694K(262336K)] 633073K->364687K(949312K), 0.0028970 secs] [Times: user=0.01 sys=0.00, real=0.01 secs] 
2014-07-08T04:48:52.485+0000: 2090.700: [GC [PSYoungGen: 262326K->682K(255808K)] 626319K->364861K(942784K), 0.0071550 secs] [Times: user=0.05 sys=0.00, real=0.01 secs] 
2014-07-08T04:48:53.289+0000: 2091.504: [GC [PSYoungGen: 255785K->1242K(250048K)] 619965K->365485K(937024K), 0.0056690 secs] [Times: user=0.04 sys=0.00, real=0.01 secs] 
2014-07-08T04:48:54.072+0000: 2092.288: [GC [PSYoungGen: 250010K->612K(243328K)] 614253K->365353K(930304K), 0.0079940 secs] [Times: user=0.05 sys=0.00, real=0.00 secs] 
2014-07-08T04:48:54.784+0000: 2093.000: [GC [PSYoungGen: 243300K->740K(237632K)] 608041K->365545K(924608K), 0.0054210 secs] [Times: user=0.03 sys=0.00, real=0.00 secs] 
2014-07-08T04:48:55.562+0000: 2093.777: [GC [PSYoungGen: 237604K->676K(267200K)] 602409K->365561K(954176K), 0.0155720 secs] [Times: user=0.10 sys=0.00, real=0.01 secs] 
2014-07-08T04:48:56.486+0000: 2094.701: [GC [PSYoungGen: 266429K->1403K(260480K)] 631315K->366485K(947456K), 0.0060190 secs] [Times: user=0.03 sys=0.00, real=0.01 secs] 
2014-07-08T04:48:57.253+0000: 2095.469: [GC [PSYoungGen: 260475K->64K(265664K)] 625557K->366057K(952640K), 0.0103220 secs] [Times: user=0.07 sys=0.00, real=0.01 secs] 
2014-07-08T04:48:58.041+0000: 2096.257: [GC [PSYoungGen: 265664K->900K(259840K)] 631657K->366917K(946816K), 0.0030960 secs] [Times: user=0.02 sys=0.00, real=0.01 secs] 
2014-07-08T04:48:58.794+0000: 2097.010: [GC [PSYoungGen: 259765K->644K(253120K)] 625783K->366837K(940096K), 0.0051460 secs] [Times: user=0.03 sys=0.00, real=0.00 secs] 
2014-07-08T04:48:59.680+0000: 2097.896: [GC [PSYoungGen: 253060K->708K(246976K)] 619253K->366965K(933952K), 0.0082160 secs] [Times: user=0.05 sys=0.00, real=0.01 secs] 
2014-07-08T04:49:00.427+0000: 2098.642: [GC [PSYoungGen: 246915K->680K(240960K)] 613173K->366969K(927936K), 0.0040030 secs] [Times: user=0.02 sys=0.00, real=0.00 secs] 
2014-07-08T04:49:01.193+0000: 2099.409: [GC [PSYoungGen: 240922K->1274K(235776K)] 607212K->367620K(922752K), 0.0076000 secs] [Times: user=0.04 sys=0.00, real=0.00 secs] 
2014-07-08T04:49:01.985+0000: 2100.201: [GC [PSYoungGen: 235770K->992K(229952K)] 602116K->367517K(916928K), 0.0105370 secs] [Times: user=0.06 sys=0.00, real=0.01 secs] 
2014-07-08T04:49:02.734+0000: 2100.950: [GC [PSYoungGen: 229920K->850K(224448K)] 596445K->367430K(911424K), 0.0081120 secs] [Times: user=0.05 sys=0.01, real=0.01 secs] 
2014-07-08T04:49:03.523+0000: 2101.739: [GC [PSYoungGen: 224374K->744K(219136K)] 590954K->367430K(906112K), 0.0057370 secs] [Times: user=0.04 sys=0.00, real=0.00 secs] 
2014-07-08T04:49:04.301+0000: 2102.516: [GC [PSYoungGen: 219104K->922K(214336K)] 585790K->367648K(901312K), 0.0061180 secs] [Times: user=0.04 sys=0.00, real=0.01 secs] 
2014-07-08T04:49:04.866+0000: 2103.081: [GC [PSYoungGen: 214298K->708K(209344K)] 581024K->367490K(896320K), 0.0064040 secs] [Times: user=0.04 sys=0.00, real=0.00 secs] 
2014-07-08T04:49:05.532+0000: 2103.747: [GC [PSYoungGen: 209284K->580K(204608K)] 576066K->367426K(891584K), 0.0052740 secs] [Times: user=0.03 sys=0.00, real=0.01 secs] 
2014-07-08T04:49:06.194+0000: 2104.409: [GC [PSYoungGen: 204548K->924K(200448K)] 571394K->367810K(887424K), 0.0090490 secs] [Times: user=0.05 sys=0.00, real=0.00 secs] 
2014-07-08T04:49:06.817+0000: 2105.032: [GC [PSYoungGen: 200412K->712K(195968K)] 567298K->367662K(882944K), 0.0061720 secs] [Times: user=0.03 sys=0.00, real=0.00 secs] 
2014-07-08T04:49:07.472+0000: 2105.687: [GC [PSYoungGen: 195912K->644K(191744K)] 562862K->367658K(878720K), 0.0037280 secs] [Times: user=0.02 sys=0.00, real=0.01 secs] 
2014-07-08T04:49:07.999+0000: 2106.215: [GC [PSYoungGen: 191684K->982K(188032K)] 558698K->368068K(875008K), 0.0042150 secs] [Times: user=0.02 sys=0.01, real=0.01 secs] 
2014-07-08T04:49:08.620+0000: 2106.835: [GC [PSYoungGen: 187990K->562K(183680K)] 555076K->367720K(870656K), 0.0054500 secs] [Times: user=0.04 sys=0.00, real=0.01 secs] 
2014-07-08T04:49:09.280+0000: 2107.496: [GC [PSYoungGen: 183666K->932K(180288K)] 550824K->368170K(867264K), 0.0088760 secs] [Times: user=0.06 sys=0.00, real=0.01 secs] 
2014-07-08T04:49:09.764+0000: 2107.980: [GC [PSYoungGen: 180260K->758K(176448K)] 547498K->368092K(863424K), 0.0054980 secs] [Times: user=0.04 sys=0.00, real=0.00 secs] 
2014-07-08T04:49:10.389+0000: 2108.605: [GC [PSYoungGen: 176438K->740K(172928K)] 543772K->368154K(859904K), 0.0035390 secs] [Times: user=0.02 sys=0.00, real=0.00 secs] 
2014-07-08T04:49:10.814+0000: 2109.029: [GC [PSYoungGen: 172900K->672K(169472K)] 540314K->368166K(856448K), 0.0060510 secs] [Times: user=0.04 sys=0.00, real=0.01 secs] 
2014-07-08T04:49:11.495+0000: 2109.711: [GC [PSYoungGen: 169438K->922K(166400K)] 536932K->368480K(853376K), 0.0034540 secs] [Times: user=0.02 sys=0.00, real=0.00 secs] 
2014-07-08T04:49:12.048+0000: 2110.263: [GC [PSYoungGen: 166362K->886K(163136K)] 533920K->368508K(850112K), 0.0061600 secs] [Times: user=0.04 sys=0.00, real=0.00 secs] 
2014-07-08T04:49:12.592+0000: 2110.807: [GC [PSYoungGen: 163126K->612K(159808K)] 530748K->368282K(846784K), 0.0033920 secs] [Times: user=0.02 sys=0.00, real=0.01 secs] 
2014-07-08T04:49:13.067+0000: 2111.282: [GC [PSYoungGen: 159738K->929K(157120K)] 527408K->368639K(844096K), 0.0039250 secs] [Times: user=0.01 sys=0.00, real=0.00 secs] 
2014-07-08T04:49:13.600+0000: 2111.816: [GC [PSYoungGen: 157089K->812K(154048K)] 524799K->368562K(841024K), 0.0040140 secs] [Times: user=0.02 sys=0.00, real=0.01 secs] 
2014-07-08T04:49:14.039+0000: 2112.255: [GC [PSYoungGen: 154028K->822K(184704K)] 521778K->368684K(871680K), 0.0079680 secs] [Times: user=0.04 sys=0.00, real=0.01 secs] 
2014-07-08T04:49:14.680+0000: 2112.895: [GC [PSYoungGen: 184694K->680K(221376K)] 552556K->368582K(908352K), 0.0079680 secs] [Times: user=0.04 sys=0.00, real=0.01 secs] 
2014-07-08T04:49:15.410+0000: 2113.626: [GC [PSYoungGen: 221352K->940K(251648K)] 589254K->369014K(938624K), 0.0065340 secs] [Times: user=0.04 sys=0.00, real=0.01 secs] 
2014-07-08T04:49:16.126+0000: 2114.342: [GC [PSYoungGen: 251628K->996K(251968K)] 619702K->369126K(938944K), 0.0115410 secs] [Times: user=0.08 sys=0.01, real=0.01 secs] 
2014-07-08T04:49:16.833+0000: 2115.049: [GC [PSYoungGen: 251684K->1084K(302080K)] 619814K->369279K(989056K), 0.0082180 secs] [Times: user=0.05 sys=0.00, real=0.01 secs] 
2014-07-08T04:49:17.863+0000: 2116.078: [GC [PSYoungGen: 301884K->872K(302144K)] 670079K->369130K(989120K), 0.0073200 secs] [Times: user=0.05 sys=0.00, real=0.01 secs] 
2014-07-08T04:49:18.742+0000: 2116.958: [GC [PSYoungGen: 301672K->644K(293440K)] 669930K->368982K(980416K), 0.0045860 secs] [Times: user=0.03 sys=0.00, real=0.01 secs] 
2014-07-08T04:49:19.712+0000: 2117.928: [GC [PSYoungGen: 293380K->530K(285568K)] 661718K->368932K(972544K), 0.0057560 secs] [Times: user=0.03 sys=0.01, real=0.01 secs] 
2014-07-08T04:49:20.568+0000: 2118.783: [GC [PSYoungGen: 285522K->718K(278336K)] 653924K->369176K(965312K), 0.0029610 secs] [Times: user=0.01 sys=0.00, real=0.00 secs] 
2014-07-08T04:49:21.493+0000: 2119.709: [GC [PSYoungGen: 278286K->1104K(271552K)] 646744K->369602K(958528K), 0.0113200 secs] [Times: user=0.07 sys=0.00, real=0.01 secs] 
2014-07-08T04:49:22.364+0000: 2120.580: [GC [PSYoungGen: 271504K->680K(264192K)] 640002K->369390K(951168K), 0.0036150 secs] [Times: user=0.02 sys=0.00, real=0.01 secs] 
2014-07-08T04:49:23.168+0000: 2121.384: [GC [PSYoungGen: 264140K->726K(257600K)] 632850K->369468K(944576K), 0.0040790 secs] [Times: user=0.02 sys=0.00, real=0.00 secs] 
2014-07-08T04:49:23.906+0000: 2122.122: [GC [PSYoungGen: 257530K->768K(251200K)] 626272K->369582K(938176K), 0.0097090 secs] [Times: user=0.05 sys=0.00, real=0.01 secs] 
2014-07-08T04:49:24.758+0000: 2122.973: [GC [PSYoungGen: 251191K->783K(245120K)] 620006K->369629K(932096K), 0.0045300 secs] [Times: user=0.02 sys=0.00, real=0.00 secs] 
2014-07-08T04:49:25.568+0000: 2123.784: [GC [PSYoungGen: 245071K->626K(239040K)] 613917K->369528K(926016K), 0.0037510 secs] [Times: user=0.02 sys=0.00, real=0.00 secs] 
2014-07-08T04:49:26.327+0000: 2124.542: [GC [PSYoungGen: 239026K->996K(233728K)] 607928K->369946K(920704K), 0.0085130 secs] [Times: user=0.05 sys=0.00, real=0.00 secs] 
2014-07-08T04:49:26.965+0000: 2125.180: [GC [PSYoungGen: 233700K->804K(228032K)] 602650K->369922K(915008K), 0.0085510 secs] [Times: user=0.06 sys=0.00, real=0.01 secs] 
2014-07-08T04:49:27.801+0000: 2126.017: [GC [PSYoungGen: 228003K->932K(222848K)] 597122K->370122K(909824K), 0.0045580 secs] [Times: user=0.03 sys=0.00, real=0.00 secs] 
2014-07-08T04:49:28.461+0000: 2126.677: [GC [PSYoungGen: 222804K->818K(217600K)] 591994K->370096K(904576K), 0.0050150 secs] [Times: user=0.03 sys=0.00, real=0.01 secs] 
2014-07-08T04:49:29.141+0000: 2127.357: [GC [PSYoungGen: 217586K->1212K(213056K)] 586864K->370619K(900032K), 0.0072490 secs] [Times: user=0.05 sys=0.01, real=0.01 secs] 
2014-07-08T04:49:29.764+0000: 2127.979: [GC [PSYoungGen: 213052K->434K(207552K)] 582459K->370172K(894528K), 0.0043100 secs] [Times: user=0.02 sys=0.00, real=0.01 secs] 
2014-07-08T04:49:30.444+0000: 2128.660: [GC [PSYoungGen: 207511K->1096K(203648K)] 577250K->370898K(890624K), 0.0064460 secs] [Times: user=0.02 sys=0.00, real=0.01 secs] 
2014-07-08T04:49:31.061+0000: 2129.277: [GC [PSYoungGen: 203592K->904K(199040K)] 573394K->370820K(886016K), 0.0079400 secs] [Times: user=0.05 sys=0.00, real=0.01 secs] 
2014-07-08T04:49:31.683+0000: 2129.899: [GC [PSYoungGen: 198956K->758K(238464K)] 568873K->370730K(925440K), 0.0090880 secs] [Times: user=0.07 sys=0.00, real=0.01 secs] 
2014-07-08T04:49:32.427+0000: 2130.643: [GC [PSYoungGen: 238434K->829K(232832K)] 608406K->370865K(919808K), 0.0053880 secs] [Times: user=0.04 sys=0.00, real=0.01 secs] 
2014-07-08T04:49:33.146+0000: 2131.362: [GC [PSYoungGen: 232820K->1007K(227584K)] 602856K->371099K(914560K), 0.0037380 secs] [Times: user=0.02 sys=0.00, real=0.01 secs] 
2014-07-08T04:49:33.914+0000: 2132.130: [GC [PSYoungGen: 227567K->580K(221952K)] 597659K->370744K(908928K), 0.0072750 secs] [Times: user=0.05 sys=0.00, real=0.01 secs] 
2014-07-08T04:49:34.732+0000: 2132.948: [GC [PSYoungGen: 221887K->1082K(217344K)] 592052K->371318K(904320K), 0.0052360 secs] [Times: user=0.04 sys=0.01, real=0.01 secs] 
2014-07-08T04:49:35.454+0000: 2133.669: [GC [PSYoungGen: 217317K->944K(212288K)] 587553K->371244K(899264K), 0.0031620 secs] [Times: user=0.02 sys=0.00, real=0.01 secs] 
2014-07-08T04:49:36.000+0000: 2134.216: [GC [PSYoungGen: 212272K->872K(207488K)] 582572K->371220K(894464K), 0.0077830 secs] [Times: user=0.05 sys=0.00, real=0.01 secs] 
2014-07-08T04:49:36.600+0000: 2134.816: [GC [PSYoungGen: 207453K->626K(248576K)] 577802K->371038K(935552K), 0.0095220 secs] [Times: user=0.06 sys=0.00, real=0.01 secs] 
2014-07-08T04:49:37.478+0000: 2135.694: [GC [PSYoungGen: 248562K->1270K(243200K)] 618974K->371747K(930176K), 0.0070710 secs] [Times: user=0.05 sys=0.00, real=0.00 secs] 
2014-07-08T04:49:38.255+0000: 2136.471: [GC [PSYoungGen: 243190K->690K(236800K)] 613667K->371230K(923776K), 0.0078950 secs] [Times: user=0.05 sys=0.00, real=0.01 secs] 
2014-07-08T04:49:38.857+0000: 2137.072: [GC [PSYoungGen: 236786K->900K(284288K)] 607326K->371496K(971264K), 0.0087930 secs] [Times: user=0.05 sys=0.00, real=0.01 secs] 
2014-07-08T04:49:39.826+0000: 2138.041: [GC [PSYoungGen: 284206K->850K(276864K)] 654803K->371502K(963840K), 0.0060240 secs] [Times: user=0.04 sys=0.00, real=0.01 secs] 
2014-07-08T04:49:40.700+0000: 2138.916: [GC [PSYoungGen: 276818K->758K(269632K)] 647470K->371474K(956608K), 0.0069600 secs] [Times: user=0.05 sys=0.01, real=0.00 secs] 
2014-07-08T04:49:41.545+0000: 2139.761: [GC [PSYoungGen: 269622K->512K(262528K)] 640338K->371284K(949504K), 0.0058090 secs] [Times: user=0.04 sys=0.00, real=0.01 secs] 
2014-07-08T04:49:42.439+0000: 2140.655: [GC [PSYoungGen: 262528K->954K(256384K)] 633300K->371798K(943360K), 0.0064690 secs] [Times: user=0.04 sys=0.00, real=0.00 secs] 
2014-07-08T04:49:43.223+0000: 2141.439: [GC [PSYoungGen: 256374K->1004K(250112K)] 627219K->371880K(937088K), 0.0104370 secs] [Times: user=0.06 sys=0.00, real=0.01 secs] 
2014-07-08T04:49:44.036+0000: 2142.252: [GC [PSYoungGen: 250092K->1104K(244160K)] 620968K->372044K(931136K), 0.0074960 secs] [Times: user=0.05 sys=0.00, real=0.01 secs] 
2014-07-08T04:49:44.836+0000: 2143.052: [GC [PSYoungGen: 244112K->544K(237696K)] 615052K->372050K(924672K), 0.0094380 secs] [Times: user=0.05 sys=0.00, real=0.01 secs] 
2014-07-08T04:49:45.579+0000: 2143.795: [GC [PSYoungGen: 237664K->890K(232384K)] 609170K->372460K(919360K), 0.0054410 secs] [Times: user=0.04 sys=0.00, real=0.00 secs] 
2014-07-08T04:49:46.342+0000: 2144.557: [GC [PSYoungGen: 232378K->772K(226880K)] 603948K->372638K(913856K), 0.0035340 secs] [Times: user=0.02 sys=0.00, real=0.00 secs] 
2014-07-08T04:49:46.932+0000: 2145.148: [GC [PSYoungGen: 226820K->900K(221760K)] 598686K->372815K(908736K), 0.0036480 secs] [Times: user=0.02 sys=0.00, real=0.00 secs] 
2014-07-08T04:49:47.647+0000: 2145.862: [GC [PSYoungGen: 221672K->846K(216640K)] 593586K->372849K(903616K), 0.0053930 secs] [Times: user=0.04 sys=0.00, real=0.01 secs] 
2014-07-08T04:49:48.364+0000: 2146.580: [GC [PSYoungGen: 216559K->1160K(212096K)] 588562K->373235K(899072K), 0.0076040 secs] [Times: user=0.04 sys=0.00, real=0.01 secs] 
2014-07-08T04:49:49.021+0000: 2147.237: [GC [PSYoungGen: 212040K->484K(206656K)] 584115K->372850K(893632K), 0.0055400 secs] [Times: user=0.02 sys=0.01, real=0.00 secs] 
2014-07-08T04:49:49.646+0000: 2147.862: [GC [PSYoungGen: 206588K->772K(202432K)] 578955K->373202K(889408K), 0.0063080 secs] [Times: user=0.04 sys=0.00, real=0.01 secs] 
2014-07-08T04:49:50.362+0000: 2148.578: [GC [PSYoungGen: 202322K->1188K(198400K)] 574753K->373749K(885376K), 0.0097010 secs] [Times: user=0.06 sys=0.01, real=0.01 secs] 
2014-07-08T04:49:50.865+0000: 2149.080: [GC [PSYoungGen: 198372K->1134K(194112K)] 570933K->373751K(881088K), 0.0038450 secs] [Times: user=0.02 sys=0.00, real=0.00 secs] 
2014-07-08T04:49:51.528+0000: 2149.743: [GC [PSYoungGen: 194094K->484K(189376K)] 566711K->373268K(876352K), 0.0057270 secs] [Times: user=0.04 sys=0.00, real=0.01 secs] 
2014-07-08T04:49:52.073+0000: 2150.289: [GC [PSYoungGen: 189348K->1092K(227840K)] 562132K->373933K(914816K), 0.0081100 secs] [Times: user=0.05 sys=0.00, real=0.01 secs] 
2014-07-08T04:49:52.741+0000: 2150.956: [GC [PSYoungGen: 227757K->758K(272832K)] 600598K->373662K(959808K), 0.0070630 secs] [Times: user=0.04 sys=0.00, real=0.00 secs] 
2014-07-08T04:49:53.749+0000: 2151.965: [GC [PSYoungGen: 272822K->972K(266112K)] 645726K->373932K(953088K), 0.0062260 secs] [Times: user=0.04 sys=0.00, real=0.01 secs] 
2014-07-08T04:49:54.632+0000: 2152.848: [GC [PSYoungGen: 266060K->936K(259328K)] 639020K->373992K(946304K), 0.0072190 secs] [Times: user=0.04 sys=0.00, real=0.00 secs] 
2014-07-08T04:49:55.520+0000: 2153.735: [GC [PSYoungGen: 259258K->850K(252800K)] 632314K->373955K(939776K), 0.0031610 secs] [Times: user=0.02 sys=0.01, real=0.01 secs] 
2014-07-08T04:49:56.336+0000: 2154.551: [GC [PSYoungGen: 252754K->872K(246592K)] 625859K->374040K(933568K), 0.0060890 secs] [Times: user=0.04 sys=0.00, real=0.01 secs] 
2014-07-08T04:49:56.994+0000: 2155.210: [GC [PSYoungGen: 246568K->1032K(240832K)] 619736K->374241K(927808K), 0.0109340 secs] [Times: user=0.06 sys=0.00, real=0.01 secs] 
2014-07-08T04:49:57.773+0000: 2155.989: [GC [PSYoungGen: 240776K->626K(288384K)] 613985K->374054K(975360K), 0.0155800 secs] [Times: user=0.10 sys=0.00, real=0.01 secs] 
2014-07-08T04:49:58.710+0000: 2156.926: [GC [PSYoungGen: 288332K->926K(338496K)] 661761K->374427K(1025472K), 0.0081190 secs] [Times: user=0.05 sys=0.00, real=0.01 secs] 
2014-07-08T04:49:59.800+0000: 2158.016: [GC [PSYoungGen: 338103K->776K(328512K)] 711604K->374340K(1015488K), 0.0061260 secs] [Times: user=0.04 sys=0.00, real=0.01 secs] 
2014-07-08T04:50:00.806+0000: 2159.022: [GC [PSYoungGen: 328456K->694K(319232K)] 702020K->374306K(1006208K), 0.0066810 secs] [Times: user=0.04 sys=0.00, real=0.01 secs] 
2014-07-08T04:50:01.890+0000: 2160.106: [GC [PSYoungGen: 319222K->1078K(310848K)] 692834K->374763K(997824K), 0.0138840 secs] [Times: user=0.10 sys=0.00, real=0.02 secs] 
2014-07-08T04:50:02.877+0000: 2161.092: [GC [PSYoungGen: 310838K->872K(302208K)] 684523K->374636K(989184K), 0.0066100 secs] [Times: user=0.04 sys=0.00, real=0.01 secs] 
2014-07-08T04:50:03.836+0000: 2162.052: [GC [PSYoungGen: 302184K->594K(293888K)] 675948K->374406K(980864K), 0.0057840 secs] [Times: user=0.04 sys=0.00, real=0.00 secs] 
2014-07-08T04:50:04.827+0000: 2163.043: [GC [PSYoungGen: 293842K->700K(286208K)] 667654K->374561K(973184K), 0.0064780 secs] [Times: user=0.04 sys=0.00, real=0.01 secs] 
2014-07-08T04:50:05.754+0000: 2163.969: [GC [PSYoungGen: 286204K->626K(278656K)] 660065K->374550K(965632K), 0.0038340 secs] [Times: user=0.01 sys=0.00, real=0.00 secs] 
2014-07-08T04:50:06.652+0000: 2164.868: [GC [PSYoungGen: 278640K->676K(271552K)] 652565K->374656K(958528K), 0.0062550 secs] [Times: user=0.03 sys=0.00, real=0.00 secs] 
2014-07-08T04:50:07.526+0000: 2165.742: [GC [PSYoungGen: 271524K->708K(264704K)] 645504K->374736K(951680K), 0.0081220 secs] [Times: user=0.05 sys=0.00, real=0.01 secs] 
2014-07-08T04:50:08.334+0000: 2166.549: [GC [PSYoungGen: 264644K->854K(258176K)] 638672K->374946K(945152K), 0.0072720 secs] [Times: user=0.04 sys=0.00, real=0.00 secs] 
2014-07-08T04:50:09.101+0000: 2167.316: [GC [PSYoungGen: 258134K->872K(251776K)] 632226K->375012K(938752K), 0.0115190 secs] [Times: user=0.08 sys=0.00, real=0.02 secs] 
2014-07-08T04:50:09.813+0000: 2168.029: [GC [PSYoungGen: 251752K->704K(245440K)] 625892K->374908K(932416K), 0.0048900 secs] [Times: user=0.02 sys=0.01, real=0.00 secs] 
2014-07-08T04:50:10.711+0000: 2168.926: [GC [PSYoungGen: 245440K->780K(239616K)] 619644K->375040K(926592K), 0.0061890 secs] [Times: user=0.04 sys=0.00, real=0.01 secs] 
2014-07-08T04:50:11.450+0000: 2169.665: [GC [PSYoungGen: 239564K->796K(233920K)] 613824K->375129K(920896K), 0.0040700 secs] [Times: user=0.02 sys=0.01, real=0.01 secs] 
2014-07-08T04:50:12.141+0000: 2170.356: [GC [PSYoungGen: 233884K->680K(228288K)] 608217K->375172K(915264K), 0.0080410 secs] [Times: user=0.05 sys=0.00, real=0.01 secs] 
2014-07-08T04:50:12.794+0000: 2171.010: [GC [PSYoungGen: 228262K->943K(223232K)] 602754K->375516K(910208K), 0.0035750 secs] [Times: user=0.02 sys=0.00, real=0.00 secs] 
2014-07-08T04:50:13.525+0000: 2171.740: [GC [PSYoungGen: 223215K->572K(217728K)] 597788K->375355K(904704K), 0.0057410 secs] [Times: user=0.03 sys=0.00, real=0.00 secs] 
2014-07-08T04:50:14.227+0000: 2172.442: [GC [PSYoungGen: 217705K->1086K(213312K)] 592488K->376095K(900288K), 0.0119010 secs] [Times: user=0.07 sys=0.00, real=0.01 secs] 
2014-07-08T04:50:14.826+0000: 2173.041: [GC [PSYoungGen: 213286K->552K(208064K)] 588295K->376011K(895040K), 0.0032420 secs] [Times: user=0.02 sys=0.00, real=0.00 secs] 
2014-07-08T04:50:15.711+0000: 2173.927: [GC [PSYoungGen: 208040K->1042K(203968K)] 583499K->376655K(890944K), 0.0061820 secs] [Times: user=0.04 sys=0.00, real=0.01 secs] 
2014-07-08T04:50:16.348+0000: 2174.564: [GC [PSYoungGen: 203920K->758K(199232K)] 579533K->376501K(886208K), 0.0056200 secs] [Times: user=0.04 sys=0.00, real=0.01 secs] 
2014-07-08T04:50:16.867+0000: 2175.082: [GC [PSYoungGen: 199222K->982K(239232K)] 574965K->376789K(926208K), 0.0118870 secs] [Times: user=0.07 sys=0.00, real=0.01 secs] 
2014-07-08T04:50:17.679+0000: 2175.895: [GC [PSYoungGen: 239190K->544K(286464K)] 614997K->376407K(973440K), 0.0072870 secs] [Times: user=0.05 sys=0.00, real=0.01 secs] 
2014-07-08T04:50:18.602+0000: 2176.817: [GC [PSYoungGen: 286391K->662K(279104K)] 662254K->376573K(966080K), 0.0062790 secs] [Times: user=0.04 sys=0.00, real=0.01 secs] 
2014-07-08T04:50:19.553+0000: 2177.769: [GC [PSYoungGen: 279062K->1028K(272320K)] 654973K->376979K(959296K), 0.0088540 secs] [Times: user=0.05 sys=0.00, real=0.01 secs] 
2014-07-08T04:50:20.523+0000: 2178.738: [GC [PSYoungGen: 272260K->1262K(265600K)] 648211K->377269K(952576K), 0.0037100 secs] [Times: user=0.02 sys=0.01, real=0.01 secs] 
2014-07-08T04:50:21.360+0000: 2179.576: [GC [PSYoungGen: 265582K->384K(258048K)] 641589K->376641K(945024K), 0.0063910 secs] [Times: user=0.04 sys=0.00, real=0.01 secs] 
2014-07-08T04:50:22.081+0000: 2180.297: [GC [PSYoungGen: 258048K->1054K(252352K)] 634305K->377359K(939328K), 0.0039540 secs] [Times: user=0.03 sys=0.00, real=0.01 secs] 
2014-07-08T04:50:22.821+0000: 2181.037: [GC [PSYoungGen: 252318K->694K(245824K)] 628623K->377055K(932800K), 0.0036950 secs] [Times: user=0.02 sys=0.00, real=0.00 secs] 
2014-07-08T04:50:23.604+0000: 2181.819: [GC [PSYoungGen: 245814K->768K(240000K)] 622175K->377185K(926976K), 0.0036100 secs] [Times: user=0.02 sys=0.00, real=0.01 secs] 
2014-07-08T04:50:24.375+0000: 2182.591: [GC [PSYoungGen: 239914K->962K(234496K)] 616331K->377419K(921472K), 0.0059360 secs] [Times: user=0.04 sys=0.00, real=0.01 secs] 
2014-07-08T04:50:24.977+0000: 2183.193: [GC [PSYoungGen: 234434K->908K(228928K)] 610891K->377389K(915904K), 0.0065740 secs] [Times: user=0.02 sys=0.01, real=0.00 secs] 
2014-07-08T04:50:25.910+0000: 2184.126: [GC [PSYoungGen: 228874K->832K(223552K)] 605355K->377377K(910528K), 0.0031260 secs] [Times: user=0.02 sys=0.00, real=0.00 secs] 
2014-07-08T04:50:26.567+0000: 2184.782: [GC [PSYoungGen: 223488K->950K(218496K)] 600033K->377551K(905472K), 0.0105130 secs] [Times: user=0.07 sys=0.00, real=0.01 secs] 
2014-07-08T04:50:27.274+0000: 2185.490: [GC [PSYoungGen: 218486K->758K(213376K)] 595087K->377495K(900352K), 0.0070850 secs] [Times: user=0.04 sys=0.00, real=0.01 secs] 
2014-07-08T04:50:27.869+0000: 2186.085: [GC [PSYoungGen: 213366K->594K(255808K)] 590103K->377395K(942784K), 0.0085970 secs] [Times: user=0.05 sys=0.00, real=0.01 secs] 
2014-07-08T04:50:28.640+0000: 2186.855: [GC [PSYoungGen: 255762K->662K(249536K)] 632563K->377535K(936512K), 0.0070390 secs] [Times: user=0.04 sys=0.00, real=0.01 secs] 
2014-07-08T04:50:29.461+0000: 2187.676: [GC [PSYoungGen: 249494K->818K(299456K)] 626367K->377763K(986432K), 0.0097320 secs] [Times: user=0.06 sys=0.01, real=0.01 secs] 
2014-07-08T04:50:30.430+0000: 2188.646: [GC [PSYoungGen: 299442K->1070K(329344K)] 676387K->378071K(1016320K), 0.0103520 secs] [Times: user=0.07 sys=0.01, real=0.01 secs] 
2014-07-08T04:50:31.490+0000: 2189.706: [GC [PSYoungGen: 329326K->893K(320000K)] 706327K->377990K(1006976K), 0.0055470 secs] [Times: user=0.04 sys=0.01, real=0.00 secs] 
2014-07-08T04:50:32.435+0000: 2190.650: [GC [PSYoungGen: 319970K->420K(310784K)] 697067K->377727K(997760K), 0.0028600 secs] [Times: user=0.01 sys=0.00, real=0.01 secs] 
2014-07-08T04:50:33.439+0000: 2191.655: [GC [PSYoungGen: 310756K->1050K(302976K)] 688063K->378421K(989952K), 0.0071480 secs] [Times: user=0.05 sys=0.00, real=0.01 secs] 
2014-07-08T04:50:34.324+0000: 2192.539: [GC [PSYoungGen: 302938K->694K(294464K)] 680309K->378137K(981440K), 0.0033710 secs] [Times: user=0.02 sys=0.00, real=0.01 secs] 
2014-07-08T04:50:35.233+0000: 2193.449: [GC [PSYoungGen: 294448K->836K(286848K)] 671891K->378351K(973824K), 0.0041280 secs] [Times: user=0.02 sys=0.00, real=0.01 secs] 
2014-07-08T04:50:36.200+0000: 2194.415: [GC [PSYoungGen: 286788K->942K(279424K)] 664303K->378513K(966400K), 0.0132100 secs] [Times: user=0.08 sys=0.00, real=0.01 secs] 
2014-07-08T04:50:37.077+0000: 2195.293: [GC [PSYoungGen: 279406K->836K(272192K)] 656977K->378503K(959168K), 0.0091130 secs] [Times: user=0.06 sys=0.00, real=0.00 secs] 
2014-07-08T04:50:37.914+0000: 2196.129: [GC [PSYoungGen: 272132K->754K(265152K)] 649799K->378493K(952128K), 0.0066290 secs] [Times: user=0.05 sys=0.00, real=0.01 secs] 
2014-07-08T04:50:38.755+0000: 2196.970: [GC [PSYoungGen: 265138K->708K(258496K)] 642877K->378495K(945472K), 0.0061550 secs] [Times: user=0.04 sys=0.00, real=0.01 secs] 
2014-07-08T04:50:39.594+0000: 2197.810: [GC [PSYoungGen: 258436K->644K(252032K)] 636223K->378537K(939008K), 0.0035090 secs] [Times: user=0.02 sys=0.00, real=0.01 secs] 
2014-07-08T04:50:40.376+0000: 2198.591: [GC [PSYoungGen: 251972K->886K(246080K)] 629865K->378851K(933056K), 0.0120620 secs] [Times: user=0.07 sys=0.00, real=0.02 secs] 
2014-07-08T04:50:41.123+0000: 2199.339: [GC [PSYoungGen: 246046K->879K(240128K)] 624011K->378924K(927104K), 0.0086140 secs] [Times: user=0.06 sys=0.01, real=0.01 secs] 
2014-07-08T04:50:41.934+0000: 2200.150: [GC [PSYoungGen: 240021K->765K(234304K)] 618066K->378858K(921280K), 0.0041160 secs] [Times: user=0.01 sys=0.00, real=0.01 secs] 
2014-07-08T04:50:42.629+0000: 2200.844: [GC [PSYoungGen: 234301K->612K(228672K)] 612394K->378745K(915648K), 0.0061360 secs] [Times: user=0.04 sys=0.00, real=0.00 secs] 
2014-07-08T04:50:43.450+0000: 2201.665: [GC [PSYoungGen: 228644K->900K(223680K)] 606777K->379089K(910656K), 0.0089480 secs] [Times: user=0.06 sys=0.00, real=0.01 secs] 
2014-07-08T04:50:44.067+0000: 2202.283: [GC [PSYoungGen: 223620K->750K(268032K)] 601809K->379011K(955008K), 0.0085910 secs] [Times: user=0.05 sys=0.00, real=0.01 secs] 
2014-07-08T04:50:44.838+0000: 2203.054: [GC [PSYoungGen: 268014K->694K(261184K)] 646275K->379003K(948160K), 0.0033030 secs] [Times: user=0.01 sys=0.01, real=0.00 secs] 
2014-07-08T04:50:45.804+0000: 2204.020: [GC [PSYoungGen: 261153K->879K(254848K)] 639462K->379384K(941824K), 0.0047220 secs] [Times: user=0.02 sys=0.00, real=0.01 secs] 
2014-07-08T04:50:46.721+0000: 2204.937: [GC [PSYoungGen: 254831K->1192K(248896K)] 633336K->379761K(935872K), 0.0043360 secs] [Times: user=0.02 sys=0.00, real=0.00 secs] 
2014-07-08T04:50:47.545+0000: 2205.760: [GC [PSYoungGen: 248836K->370K(242048K)] 627405K->379249K(929024K), 0.0036590 secs] [Times: user=0.02 sys=0.00, real=0.01 secs] 
2014-07-08T04:50:48.327+0000: 2206.542: [GC [PSYoungGen: 242034K->922K(236800K)] 620913K->379841K(923776K), 0.0115040 secs] [Times: user=0.07 sys=0.00, real=0.02 secs] 
2014-07-08T04:50:48.971+0000: 2207.187: [GC [PSYoungGen: 236728K->1132K(231360K)] 615647K->380123K(918336K), 0.0072210 secs] [Times: user=0.05 sys=0.00, real=0.00 secs] 
2014-07-08T04:50:49.709+0000: 2207.924: [GC [PSYoungGen: 231292K->765K(225600K)] 610283K->379820K(912576K), 0.0055310 secs] [Times: user=0.03 sys=0.01, real=0.01 secs] 
2014-07-08T04:50:50.426+0000: 2208.641: [GC [PSYoungGen: 225557K->782K(220480K)] 604612K->379909K(907456K), 0.0068950 secs] [Times: user=0.05 sys=0.00, real=0.01 secs] 
2014-07-08T04:50:51.107+0000: 2209.323: [GC [PSYoungGen: 220423K->1014K(264640K)] 599550K->380197K(951616K), 0.0105590 secs] [Times: user=0.07 sys=0.00, real=0.01 secs] 
2014-07-08T04:50:51.910+0000: 2210.125: [GC [PSYoungGen: 264588K->894K(317248K)] 643771K->380125K(1004224K), 0.0117210 secs] [Times: user=0.08 sys=0.00, real=0.01 secs] 
2014-07-08T04:50:52.947+0000: 2211.163: [GC [PSYoungGen: 317246K->776K(308480K)] 696477K->380063K(995456K), 0.0035760 secs] [Times: user=0.02 sys=0.00, real=0.01 secs] 
2014-07-08T04:50:53.917+0000: 2212.133: [GC [PSYoungGen: 308424K->882K(300224K)] 687711K->380233K(987200K), 0.0072150 secs] [Times: user=0.05 sys=0.00, real=0.01 secs] 
2014-07-08T04:50:54.834+0000: 2213.049: [GC [PSYoungGen: 300166K->800K(292160K)] 679517K->380207K(979136K), 0.0069490 secs] [Times: user=0.05 sys=0.00, real=0.01 secs] 
2014-07-08T04:50:55.825+0000: 2214.041: [GC [PSYoungGen: 292128K->868K(284544K)] 671535K->380643K(971520K), 0.0035800 secs] [Times: user=0.02 sys=0.00, real=0.00 secs] 
2014-07-08T04:50:56.629+0000: 2214.845: [GC [PSYoungGen: 284516K->772K(277056K)] 664291K->380619K(964032K), 0.0048010 secs] [Times: user=0.02 sys=0.01, real=0.01 secs] 
2014-07-08T04:50:57.672+0000: 2215.888: [GC [PSYoungGen: 276996K->772K(269952K)] 656843K->380691K(956928K), 0.0077110 secs] [Times: user=0.06 sys=0.00, real=0.00 secs] 
2014-07-08T04:50:58.473+0000: 2216.689: [GC [PSYoungGen: 269892K->872K(263168K)] 649811K->380839K(950144K), 0.0088820 secs] [Times: user=0.05 sys=0.00, real=0.01 secs] 
2014-07-08T04:50:59.275+0000: 2217.490: [GC [PSYoungGen: 263144K->758K(256448K)] 643111K->380805K(943424K), 0.0069530 secs] [Times: user=0.05 sys=0.00, real=0.01 secs] 
2014-07-08T04:50:59.989+0000: 2218.205: [GC [PSYoungGen: 256388K->690K(250048K)] 636435K->380817K(937024K), 0.0039750 secs] [Times: user=0.02 sys=0.00, real=0.01 secs] 
2014-07-08T04:51:00.739+0000: 2218.955: [GC [PSYoungGen: 250033K->608K(243904K)] 630160K->380799K(930880K), 0.0059080 secs] [Times: user=0.04 sys=0.00, real=0.01 secs] 
2014-07-08T04:51:01.575+0000: 2219.791: [GC [PSYoungGen: 243829K->772K(238208K)] 624020K->381043K(925184K), 0.0048760 secs] [Times: user=0.03 sys=0.00, real=0.01 secs] 
2014-07-08T04:51:02.347+0000: 2220.562: [GC [PSYoungGen: 238140K->996K(232768K)] 618411K->381340K(919744K), 0.0083330 secs] [Times: user=0.06 sys=0.00, real=0.01 secs] 
2014-07-08T04:51:03.120+0000: 2221.335: [GC [PSYoungGen: 232702K->1143K(227456K)] 613045K->381567K(914432K), 0.0053830 secs] [Times: user=0.04 sys=0.00, real=0.01 secs] 
2014-07-08T04:51:03.789+0000: 2222.005: [GC [PSYoungGen: 227430K->434K(221504K)] 607854K->381259K(908480K), 0.0044720 secs] [Times: user=0.03 sys=0.00, real=0.01 secs] 
2014-07-08T04:51:04.516+0000: 2222.732: [GC [PSYoungGen: 221490K->644K(216704K)] 602315K->381517K(903680K), 0.0036290 secs] [Times: user=0.02 sys=0.00, real=0.00 secs] 
2014-07-08T04:51:05.193+0000: 2223.409: [GC [PSYoungGen: 216632K->886K(212032K)] 597506K->381831K(899008K), 0.0053920 secs] [Times: user=0.04 sys=0.00, real=0.00 secs] 
2014-07-08T04:51:05.888+0000: 2224.104: [GC [PSYoungGen: 212015K->786K(207232K)] 592961K->381787K(894208K), 0.0056410 secs] [Times: user=0.04 sys=0.01, real=0.01 secs] 
2014-07-08T04:51:06.587+0000: 2224.803: [GC [PSYoungGen: 207140K->879K(202752K)] 588141K->381960K(889728K), 0.0040780 secs] [Times: user=0.01 sys=0.00, real=0.01 secs] 
2014-07-08T04:51:07.274+0000: 2225.490: [GC [PSYoungGen: 202735K->922K(198400K)] 583816K->382059K(885376K), 0.0039710 secs] [Times: user=0.02 sys=0.01, real=0.00 secs] 
2014-07-08T04:51:07.859+0000: 2226.075: [GC [PSYoungGen: 198362K->612K(193856K)] 579499K->381813K(880832K), 0.0066520 secs] [Times: user=0.04 sys=0.01, real=0.01 secs] 
2014-07-08T04:51:08.554+0000: 2226.770: [GC [PSYoungGen: 193804K->826K(189952K)] 575006K->382083K(876928K), 0.0037980 secs] [Times: user=0.02 sys=0.00, real=0.00 secs] 
2014-07-08T04:51:09.112+0000: 2227.327: [GC [PSYoungGen: 189931K->993K(186176K)] 571188K->382461K(873152K), 0.0058610 secs] [Times: user=0.03 sys=0.00, real=0.01 secs] 
2014-07-08T04:51:09.720+0000: 2227.936: [GC [PSYoungGen: 186145K->676K(182016K)] 567613K->382215K(868992K), 0.0051050 secs] [Times: user=0.03 sys=0.00, real=0.01 secs] 
2014-07-08T04:51:10.417+0000: 2228.632: [GC [PSYoungGen: 181988K->886K(218496K)] 563527K->382643K(905472K), 0.0143390 secs] [Times: user=0.10 sys=0.00, real=0.01 secs] 
2014-07-08T04:51:11.075+0000: 2229.291: [GC [PSYoungGen: 218486K->868K(262016K)] 600243K->382705K(948992K), 0.0063950 secs] [Times: user=0.04 sys=0.00, real=0.00 secs] 
2014-07-08T04:51:11.788+0000: 2230.003: [GC [PSYoungGen: 261947K->957K(255552K)] 643785K->383035K(942528K), 0.0052450 secs] [Times: user=0.03 sys=0.00, real=0.01 secs] 
2014-07-08T04:51:12.577+0000: 2230.793: [GC [PSYoungGen: 255549K->865K(249216K)] 637627K->382991K(936192K), 0.0045410 secs] [Times: user=0.02 sys=0.00, real=0.00 secs] 
2014-07-08T04:51:13.483+0000: 2231.699: [GC [PSYoungGen: 249185K->886K(243136K)] 631311K->383179K(930112K), 0.0065510 secs] [Times: user=0.05 sys=0.00, real=0.00 secs] 
2014-07-08T04:51:14.232+0000: 2232.448: [GC [PSYoungGen: 243126K->1010K(237440K)] 625419K->383376K(924416K), 0.0062920 secs] [Times: user=0.04 sys=0.01, real=0.00 secs] 
2014-07-08T04:51:14.839+0000: 2233.055: [GC [PSYoungGen: 237415K->804K(231616K)] 619781K->383241K(918592K), 0.0052970 secs] [Times: user=0.03 sys=0.00, real=0.01 secs] 
2014-07-08T04:51:15.651+0000: 2233.867: [GC [PSYoungGen: 231588K->936K(226304K)] 614025K->383469K(913280K), 0.0052260 secs] [Times: user=0.03 sys=0.01, real=0.01 secs] 
2014-07-08T04:51:16.476+0000: 2234.692: [GC [PSYoungGen: 226280K->942K(221056K)] 608813K->383606K(908032K), 0.0058680 secs] [Times: user=0.03 sys=0.00, real=0.00 secs] 
2014-07-08T04:51:17.064+0000: 2235.280: [GC [PSYoungGen: 221038K->872K(215936K)] 603702K->383599K(902912K), 0.0080510 secs] [Times: user=0.06 sys=0.00, real=0.00 secs] 
2014-07-08T04:51:17.680+0000: 2235.896: [GC [PSYoungGen: 215912K->726K(210944K)] 598639K->383583K(897920K), 0.0078430 secs] [Times: user=0.05 sys=0.01, real=0.01 secs] 
2014-07-08T04:51:18.520+0000: 2236.735: [GC [PSYoungGen: 210902K->868K(206400K)] 593759K->383789K(893376K), 0.0079330 secs] [Times: user=0.06 sys=0.00, real=0.01 secs] 
2014-07-08T04:51:19.251+0000: 2237.467: [GC [PSYoungGen: 206362K->936K(201920K)] 589284K->383905K(888896K), 0.0039500 secs] [Times: user=0.02 sys=0.00, real=0.01 secs] 
2014-07-08T04:51:19.741+0000: 2237.957: [GC [PSYoungGen: 201896K->822K(197440K)] 584865K->383863K(884416K), 0.0035720 secs] [Times: user=0.02 sys=0.00, real=0.01 secs] 
2014-07-08T04:51:20.420+0000: 2238.635: [GC [PSYoungGen: 197430K->672K(193088K)] 580471K->383950K(880064K), 0.0058710 secs] [Times: user=0.04 sys=0.00, real=0.01 secs] 
2014-07-08T04:51:20.928+0000: 2239.144: [GC [PSYoungGen: 193056K->858K(189184K)] 576334K->384183K(876160K), 0.0046670 secs] [Times: user=0.02 sys=0.00, real=0.00 secs] 
2014-07-08T04:51:21.634+0000: 2239.849: [GC [PSYoungGen: 189146K->790K(185152K)] 572471K->384245K(872128K), 0.0064330 secs] [Times: user=0.05 sys=0.00, real=0.00 secs] 
2014-07-08T04:51:22.187+0000: 2240.403: [GC [PSYoungGen: 185110K->1134K(181632K)] 568565K->384696K(868608K), 0.0073980 secs] [Times: user=0.05 sys=0.00, real=0.01 secs] 
2014-07-08T04:51:22.723+0000: 2240.939: [GC [PSYoungGen: 181614K->356K(177152K)] 565176K->384308K(864128K), 0.0034300 secs] [Times: user=0.01 sys=0.00, real=0.01 secs] 
2014-07-08T04:51:23.397+0000: 2241.612: [GC [PSYoungGen: 177124K->1182K(174400K)] 561076K->385190K(861376K), 0.0040460 secs] [Times: user=0.02 sys=0.00, real=0.00 secs] 
2014-07-08T04:51:23.945+0000: 2242.161: [GC [PSYoungGen: 174350K->886K(170624K)] 558359K->385316K(857600K), 0.0067970 secs] [Times: user=0.04 sys=0.00, real=0.00 secs] 
2014-07-08T04:51:24.532+0000: 2242.748: [GC [PSYoungGen: 170614K->836K(167296K)] 555044K->385353K(854272K), 0.0037390 secs] [Times: user=0.02 sys=0.00, real=0.01 secs] 
2014-07-08T04:51:24.975+0000: 2243.191: [GC [PSYoungGen: 167236K->872K(164032K)] 551753K->385511K(851008K), 0.0056800 secs] [Times: user=0.04 sys=0.00, real=0.00 secs] 
2014-07-08T04:51:25.526+0000: 2243.741: [GC [PSYoungGen: 163977K->676K(196480K)] 548617K->385395K(883456K), 0.0082890 secs] [Times: user=0.04 sys=0.00, real=0.01 secs] 
2014-07-08T04:51:26.155+0000: 2244.370: [GC [PSYoungGen: 196452K->1006K(235968K)] 581171K->385789K(922944K), 0.0055950 secs] [Times: user=0.04 sys=0.00, real=0.00 secs] 
2014-07-08T04:51:26.917+0000: 2245.133: [GC [PSYoungGen: 235932K->712K(282752K)] 620716K->385551K(969728K), 0.0081860 secs] [Times: user=0.05 sys=0.00, real=0.01 secs] 
2014-07-08T04:51:27.821+0000: 2246.036: [GC [PSYoungGen: 282696K->758K(297984K)] 667535K->385661K(984960K), 0.0089870 secs] [Times: user=0.05 sys=0.00, real=0.01 secs] 
2014-07-08T04:51:28.778+0000: 2246.993: [GC [PSYoungGen: 297782K->832K(289984K)] 682685K->385807K(976960K), 0.0073290 secs] [Times: user=0.05 sys=0.00, real=0.01 secs] 
2014-07-08T04:51:29.754+0000: 2247.970: [GC [PSYoungGen: 289920K->498K(281984K)] 674895K->385545K(968960K), 0.0075530 secs] [Times: user=0.05 sys=0.00, real=0.01 secs] 
2014-07-08T04:51:30.652+0000: 2248.868: [GC [PSYoungGen: 281970K->680K(274880K)] 667017K->385783K(961856K), 0.0056570 secs] [Times: user=0.04 sys=0.00, real=0.01 secs] 
2014-07-08T04:51:31.671+0000: 2249.887: [GC [PSYoungGen: 274856K->1210K(268352K)] 659959K->386377K(955328K), 0.0053290 secs] [Times: user=0.04 sys=0.00, real=0.01 secs] 
2014-07-08T04:51:32.442+0000: 2250.658: [GC [PSYoungGen: 268346K->594K(260992K)] 653513K->385825K(947968K), 0.0051310 secs] [Times: user=0.02 sys=0.00, real=0.01 secs] 
2014-07-08T04:51:33.205+0000: 2251.420: [GC [PSYoungGen: 260919K->940K(254784K)] 646150K->386235K(941760K), 0.0038520 secs] [Times: user=0.02 sys=0.00, real=0.01 secs] 
2014-07-08T04:51:34.122+0000: 2252.338: [GC [PSYoungGen: 254764K->1124K(248704K)] 640059K->386499K(935680K), 0.0065050 secs] [Times: user=0.04 sys=0.01, real=0.01 secs] 
2014-07-08T04:51:34.826+0000: 2253.042: [GC [PSYoungGen: 248676K->736K(242304K)] 634051K->386209K(929280K), 0.0102860 secs] [Times: user=0.06 sys=0.00, real=0.01 secs] 
2014-07-08T04:51:35.612+0000: 2253.828: [GC [PSYoungGen: 242272K->676K(236416K)] 627745K->386253K(923392K), 0.0033780 secs] [Times: user=0.02 sys=0.00, real=0.00 secs] 
2014-07-08T04:51:36.485+0000: 2254.701: [GC [PSYoungGen: 236388K->832K(230976K)] 621965K->386465K(917952K), 0.0057880 secs] [Times: user=0.04 sys=0.00, real=0.01 secs] 
2014-07-08T04:51:37.096+0000: 2255.312: [GC [PSYoungGen: 230976K->953K(225728K)] 616609K->386643K(912704K), 0.0060980 secs] [Times: user=0.04 sys=0.00, real=0.00 secs] 
2014-07-08T04:51:37.750+0000: 2255.966: [GC [PSYoungGen: 225721K->644K(220288K)] 611411K->386389K(907264K), 0.0095070 secs] [Times: user=0.06 sys=0.01, real=0.01 secs] 
2014-07-08T04:51:38.488+0000: 2256.704: [GC [PSYoungGen: 220228K->608K(215232K)] 605973K->386441K(902208K), 0.0059690 secs] [Times: user=0.03 sys=0.00, real=0.00 secs] 
2014-07-08T04:51:39.123+0000: 2257.339: [GC [PSYoungGen: 215200K->1152K(258752K)] 601033K->387057K(945728K), 0.0116560 secs] [Times: user=0.08 sys=0.00, real=0.01 secs] 
2014-07-08T04:51:39.927+0000: 2258.143: [GC [PSYoungGen: 258688K->818K(291328K)] 644593K->386811K(978304K), 0.0076870 secs] [Times: user=0.05 sys=0.01, real=0.00 secs] 
2014-07-08T04:51:40.809+0000: 2259.025: [GC [PSYoungGen: 290692K->776K(283136K)] 676685K->386841K(970112K), 0.0035280 secs] [Times: user=0.02 sys=0.00, real=0.00 secs] 
2014-07-08T04:51:41.747+0000: 2259.963: [GC [PSYoungGen: 283080K->448K(275392K)] 669145K->386561K(962368K), 0.0041430 secs] [Times: user=0.01 sys=0.00, real=0.00 secs] 
2014-07-08T04:51:42.621+0000: 2260.836: [GC [PSYoungGen: 275392K->594K(268544K)] 661505K->386763K(955520K), 0.0059880 secs] [Times: user=0.04 sys=0.00, real=0.00 secs] 
2014-07-08T04:51:43.500+0000: 2261.716: [GC [PSYoungGen: 268498K->858K(262016K)] 654667K->387099K(948992K), 0.0065380 secs] [Times: user=0.03 sys=0.00, real=0.00 secs] 
2014-07-08T04:51:44.292+0000: 2262.508: [GC [PSYoungGen: 261928K->854K(255488K)] 648170K->387151K(942464K), 0.0041240 secs] [Times: user=0.03 sys=0.00, real=0.00 secs] 
2014-07-08T04:51:45.138+0000: 2263.354: [GC [PSYoungGen: 255446K->840K(249216K)] 641743K->387217K(936192K), 0.0086370 secs] [Times: user=0.05 sys=0.00, real=0.01 secs] 
2014-07-08T04:51:45.864+0000: 2264.079: [GC [PSYoungGen: 249160K->826K(243072K)] 635537K->387259K(930048K), 0.0066770 secs] [Times: user=0.04 sys=0.00, real=0.01 secs] 
2014-07-08T04:51:46.658+0000: 2264.873: [GC [PSYoungGen: 243059K->498K(236928K)] 629492K->386979K(923904K), 0.0036710 secs] [Times: user=0.02 sys=0.00, real=0.00 secs] 
2014-07-08T04:51:47.445+0000: 2265.661: [GC [PSYoungGen: 236914K->854K(231680K)] 623395K->387407K(918656K), 0.0044330 secs] [Times: user=0.03 sys=0.01, real=0.01 secs] 
2014-07-08T04:51:48.073+0000: 2266.289: [GC [PSYoungGen: 231638K->854K(226240K)] 618191K->387463K(913216K), 0.0075150 secs] [Times: user=0.06 sys=0.00, real=0.01 secs] 
2014-07-08T04:51:48.741+0000: 2266.956: [GC [PSYoungGen: 226198K->680K(220800K)] 612807K->387403K(907776K), 0.0073030 secs] [Times: user=0.05 sys=0.00, real=0.01 secs] 
2014-07-08T04:51:49.641+0000: 2267.857: [GC [PSYoungGen: 220776K->886K(215936K)] 607499K->387681K(902912K), 0.0043360 secs] [Times: user=0.03 sys=0.00, real=0.00 secs] 
2014-07-08T04:51:50.440+0000: 2268.656: [GC [PSYoungGen: 215860K->765K(210944K)] 602656K->387775K(897920K), 0.0053030 secs] [Times: user=0.04 sys=0.00, real=0.00 secs] 
2014-07-08T04:51:51.060+0000: 2269.275: [GC [PSYoungGen: 210941K->1078K(206592K)] 597951K->388160K(893568K), 0.0070430 secs] [Times: user=0.04 sys=0.01, real=0.00 secs] 
2014-07-08T04:51:51.784+0000: 2270.000: [GC [PSYoungGen: 206582K->530K(247232K)] 593664K->387644K(934208K), 0.0169560 secs] [Times: user=0.10 sys=0.00, real=0.02 secs] 
2014-07-08T04:51:52.613+0000: 2270.829: [GC [PSYoungGen: 247186K->800K(296832K)] 634300K->387963K(983808K), 0.0037680 secs] [Times: user=0.02 sys=0.00, real=0.00 secs] 
2014-07-08T04:51:53.612+0000: 2271.828: [GC [PSYoungGen: 296800K->648K(288832K)] 683963K->387850K(975808K), 0.0091800 secs] [Times: user=0.06 sys=0.00, real=0.01 secs] 
2014-07-08T04:51:54.520+0000: 2272.736: [GC [PSYoungGen: 288776K->1184K(281792K)] 675978K->388483K(968768K), 0.0067130 secs] [Times: user=0.04 sys=0.00, real=0.00 secs] 
2014-07-08T04:51:55.460+0000: 2273.676: [GC [PSYoungGen: 281760K->576K(273856K)] 669059K->387946K(960832K), 0.0050170 secs] [Times: user=0.02 sys=0.00, real=0.00 secs] 
2014-07-08T04:51:56.345+0000: 2274.561: [GC [PSYoungGen: 273856K->968K(267328K)] 661226K->388394K(954304K), 0.0127550 secs] [Times: user=0.08 sys=0.00, real=0.01 secs] 
2014-07-08T04:51:57.186+0000: 2275.402: [GC [PSYoungGen: 267272K->836K(301312K)] 654698K->388384K(988288K), 0.0110710 secs] [Times: user=0.07 sys=0.00, real=0.01 secs] 
2014-07-08T04:51:58.060+0000: 2276.275: [GC [PSYoungGen: 300996K->976K(301440K)] 688544K->388564K(988416K), 0.0079430 secs] [Times: user=0.05 sys=0.00, real=0.00 secs] 
2014-07-08T04:51:58.955+0000: 2277.170: [GC [PSYoungGen: 301105K->900K(361472K)] 688694K->388553K(1048448K), 0.0105720 secs] [Times: user=0.08 sys=0.00, real=0.01 secs] 
2014-07-08T04:52:00.100+0000: 2278.316: [GC [PSYoungGen: 361092K->608K(350336K)] 748745K->388316K(1037312K), 0.0035710 secs] [Times: user=0.01 sys=0.00, real=0.00 secs] 
2014-07-08T04:52:01.329+0000: 2279.545: [GC [PSYoungGen: 350304K->694K(340352K)] 738012K->388522K(1027328K), 0.0069880 secs] [Times: user=0.05 sys=0.00, real=0.01 secs] 
2014-07-08T04:52:02.434+0000: 2280.650: [GC [PSYoungGen: 340322K->1043K(331136K)] 728150K->388936K(1018112K), 0.0062190 secs] [Times: user=0.04 sys=0.01, real=0.01 secs] 
2014-07-08T04:52:03.433+0000: 2281.649: [GC [PSYoungGen: 331043K->690K(321536K)] 718936K->388909K(1008512K), 0.0063810 secs] [Times: user=0.04 sys=0.00, real=0.00 secs] 
2014-07-08T04:52:04.423+0000: 2282.639: [GC [PSYoungGen: 321462K->954K(312960K)] 709681K->389213K(999936K), 0.0090200 secs] [Times: user=0.06 sys=0.01, real=0.01 secs] 
2014-07-08T04:52:05.345+0000: 2283.561: [GC [PSYoungGen: 312913K->958K(304448K)] 701172K->389315K(991424K), 0.0098330 secs] [Times: user=0.07 sys=0.00, real=0.01 secs] 
2014-07-08T04:52:06.379+0000: 2284.595: [GC [PSYoungGen: 304446K->712K(296064K)] 692803K->389125K(983040K), 0.0045260 secs] [Times: user=0.02 sys=0.00, real=0.01 secs] 
2014-07-08T04:52:07.314+0000: 2285.530: [GC [PSYoungGen: 296008K->1014K(288448K)] 684421K->389549K(975424K), 0.0090700 secs] [Times: user=0.06 sys=0.00, real=0.01 secs] 
2014-07-08T04:52:08.106+0000: 2286.322: [GC [PSYoungGen: 288438K->1102K(281024K)] 676973K->389693K(968000K), 0.0042600 secs] [Times: user=0.02 sys=0.00, real=0.00 secs] 
2014-07-08T04:52:08.923+0000: 2287.139: [GC [PSYoungGen: 280967K->566K(273216K)] 669558K->389501K(960192K), 0.0064450 secs] [Times: user=0.04 sys=0.00, real=0.00 secs] 
2014-07-08T04:52:09.788+0000: 2288.004: [GC [PSYoungGen: 273206K->908K(266624K)] 662141K->389923K(953600K), 0.0056740 secs] [Times: user=0.03 sys=0.00, real=0.01 secs] 
2014-07-08T04:52:10.621+0000: 2288.837: [GC [PSYoungGen: 266572K->961K(259968K)] 655587K->390180K(946944K), 0.0055110 secs] [Times: user=0.03 sys=0.00, real=0.00 secs] 
2014-07-08T04:52:11.534+0000: 2289.750: [GC [PSYoungGen: 259905K->1024K(253568K)] 649124K->390299K(940544K), 0.0067160 secs] [Times: user=0.05 sys=0.01, real=0.01 secs] 
2014-07-08T04:52:12.353+0000: 2290.569: [GC [PSYoungGen: 253487K->484K(246784K)] 642762K->390297K(933760K), 0.0044350 secs] [Times: user=0.03 sys=0.01, real=0.00 secs] 
2014-07-08T04:52:13.036+0000: 2291.252: [GC [PSYoungGen: 246756K->1100K(241408K)] 636569K->390993K(928384K), 0.0072730 secs] [Times: user=0.04 sys=0.00, real=0.01 secs] 
2014-07-08T04:52:13.780+0000: 2291.995: [GC [PSYoungGen: 241356K->694K(235200K)] 631249K->390841K(922176K), 0.0053810 secs] [Times: user=0.04 sys=0.00, real=0.01 secs] 
2014-07-08T04:52:14.517+0000: 2292.733: [GC [PSYoungGen: 235190K->612K(229568K)] 625337K->390823K(916544K), 0.0037990 secs] [Times: user=0.02 sys=0.00, real=0.00 secs] 
2014-07-08T04:52:15.253+0000: 2293.468: [GC [PSYoungGen: 229540K->1032K(224640K)] 619751K->391315K(911616K), 0.0132830 secs] [Times: user=0.09 sys=0.00, real=0.01 secs] 
2014-07-08T04:52:15.874+0000: 2294.090: [GC [PSYoungGen: 224584K->762K(219136K)] 614867K->391109K(906112K), 0.0034950 secs] [Times: user=0.01 sys=0.00, real=0.00 secs] 
2014-07-08T04:52:16.660+0000: 2294.876: [GC [PSYoungGen: 219130K->878K(262976K)] 609477K->391379K(949952K), 0.0134350 secs] [Times: user=0.10 sys=0.00, real=0.02 secs] 
2014-07-08T04:52:17.572+0000: 2295.788: [GC [PSYoungGen: 262869K->779K(256320K)] 653371K->391344K(943296K), 0.0044840 secs] [Times: user=0.02 sys=0.00, real=0.00 secs] 
2014-07-08T04:52:18.405+0000: 2296.621: [GC [PSYoungGen: 256231K->840K(250048K)] 646797K->391445K(937024K), 0.0097580 secs] [Times: user=0.06 sys=0.01, real=0.01 secs] 
2014-07-08T04:52:19.074+0000: 2297.290: [GC [PSYoungGen: 249992K->1174K(244288K)] 640597K->391843K(931264K), 0.0060630 secs] [Times: user=0.03 sys=0.00, real=0.00 secs] 
2014-07-08T04:52:19.870+0000: 2298.085: [GC [PSYoungGen: 244246K->512K(237696K)] 634915K->391365K(924672K), 0.0056200 secs] [Times: user=0.03 sys=0.00, real=0.01 secs] 
2014-07-08T04:52:20.626+0000: 2298.842: [GC [PSYoungGen: 237696K->594K(232192K)] 628549K->391495K(919168K), 0.0087750 secs] [Times: user=0.06 sys=0.00, real=0.01 secs] 
2014-07-08T04:52:21.389+0000: 2299.604: [GC [PSYoungGen: 232146K->786K(226944K)] 623047K->391809K(913920K), 0.0063390 secs] [Times: user=0.03 sys=0.00, real=0.01 secs] 
2014-07-08T04:52:22.331+0000: 2300.547: [GC [PSYoungGen: 226898K->1000K(221888K)] 617921K->392095K(908864K), 0.0069440 secs] [Times: user=0.04 sys=0.00, real=0.01 secs] 
2014-07-08T04:52:22.907+0000: 2301.123: [GC [PSYoungGen: 221864K->846K(216704K)] 612959K->392013K(903680K), 0.0064650 secs] [Times: user=0.04 sys=0.00, real=0.01 secs] 
2014-07-08T04:52:23.597+0000: 2301.813: [GC [PSYoungGen: 216654K->708K(259776K)] 607821K->391923K(946752K), 0.0108810 secs] [Times: user=0.06 sys=0.00, real=0.01 secs] 
2014-07-08T04:52:24.462+0000: 2302.678: [GC [PSYoungGen: 259675K->940K(253504K)] 650891K->392195K(940480K), 0.0049110 secs] [Times: user=0.03 sys=0.00, real=0.01 secs] 
2014-07-08T04:52:25.160+0000: 2303.376: [GC [PSYoungGen: 253451K->1202K(304320K)] 644707K->392506K(991296K), 0.0090940 secs] [Times: user=0.06 sys=0.00, real=0.01 secs] 
2014-07-08T04:52:26.088+0000: 2304.304: [GC [PSYoungGen: 304306K->430K(295424K)] 695610K->392506K(982400K), 0.0061530 secs] [Times: user=0.04 sys=0.00, real=0.01 secs] 
2014-07-08T04:52:27.009+0000: 2305.225: [GC [PSYoungGen: 295406K->922K(288128K)] 687482K->393054K(975104K), 0.0036180 secs] [Times: user=0.02 sys=0.00, real=0.00 secs] 
2014-07-08T04:52:28.005+0000: 2306.221: [GC [PSYoungGen: 288090K->708K(280384K)] 680222K->393034K(967360K), 0.0058070 secs] [Times: user=0.04 sys=0.00, real=0.00 secs] 
2014-07-08T04:52:28.870+0000: 2307.086: [GC [PSYoungGen: 280324K->796K(273216K)] 672650K->393186K(960192K), 0.0058270 secs] [Times: user=0.04 sys=0.00, real=0.01 secs] 
2014-07-08T04:52:29.675+0000: 2307.891: [GC [PSYoungGen: 273160K->580K(266048K)] 665550K->393002K(953024K), 0.0053820 secs] [Times: user=0.02 sys=0.00, real=0.00 secs] 
2014-07-08T04:52:30.584+0000: 2308.799: [GC [PSYoungGen: 265988K->1058K(259776K)] 658410K->393528K(946752K), 0.0067600 secs] [Times: user=0.05 sys=0.00, real=0.01 secs] 
2014-07-08T04:52:31.469+0000: 2309.685: [GC [PSYoungGen: 259746K->1002K(253248K)] 652216K->393560K(940224K), 0.0059540 secs] [Times: user=0.04 sys=0.00, real=0.01 secs] 
2014-07-08T04:52:32.132+0000: 2310.348: [GC [PSYoungGen: 253226K->1136K(247168K)] 645784K->393782K(934144K), 0.0034690 secs] [Times: user=0.02 sys=0.00, real=0.01 secs] 
2014-07-08T04:52:33.025+0000: 2311.240: [GC [PSYoungGen: 247152K->694K(240768K)] 639798K->393470K(927744K), 0.0032210 secs] [Times: user=0.02 sys=0.01, real=0.00 secs] 
2014-07-08T04:52:33.745+0000: 2311.960: [GC [PSYoungGen: 240758K->648K(235008K)] 633534K->393448K(921984K), 0.0057030 secs] [Times: user=0.02 sys=0.00, real=0.00 secs] 
2014-07-08T04:52:34.562+0000: 2312.778: [GC [PSYoungGen: 234923K->1070K(229824K)] 627723K->393984K(916800K), 0.0073640 secs] [Times: user=0.05 sys=0.00, real=0.01 secs] 
2014-07-08T04:52:35.215+0000: 2313.431: [GC [PSYoungGen: 229806K->822K(224192K)] 622720K->393792K(911168K), 0.0093930 secs] [Times: user=0.06 sys=0.01, real=0.01 secs] 
2014-07-08T04:52:35.832+0000: 2314.048: [GC [PSYoungGen: 224182K->608K(218816K)] 617152K->393666K(905792K), 0.0041040 secs] [Times: user=0.02 sys=0.00, real=0.01 secs] 
2014-07-08T04:52:36.588+0000: 2314.804: [GC [PSYoungGen: 218784K->882K(214080K)] 611842K->394004K(901056K), 0.0078160 secs] [Times: user=0.04 sys=0.00, real=0.01 secs] 
2014-07-08T04:52:37.269+0000: 2315.485: [GC [PSYoungGen: 214066K->964K(256896K)] 607188K->394150K(943872K), 0.0159340 secs] [Times: user=0.09 sys=0.00, real=0.02 secs] 
2014-07-08T04:52:38.164+0000: 2316.380: [GC [PSYoungGen: 256836K->960K(308096K)] 650022K->394194K(995072K), 0.0084820 secs] [Times: user=0.05 sys=0.01, real=0.01 secs] 
2014-07-08T04:52:39.116+0000: 2317.332: [GC [PSYoungGen: 308032K->700K(339392K)] 701266K->394030K(1026368K), 0.0065540 secs] [Times: user=0.04 sys=0.00, real=0.00 secs] 
2014-07-08T04:52:40.150+0000: 2318.366: [GC [PSYoungGen: 339388K->1103K(330240K)] 732718K->394521K(1017216K), 0.0038830 secs] [Times: user=0.02 sys=0.00, real=0.00 secs] 
2014-07-08T04:52:41.233+0000: 2319.449: [GC [PSYoungGen: 330191K->192K(320064K)] 723609K->394160K(1007040K), 0.0046780 secs] [Times: user=0.03 sys=0.00, real=0.01 secs] 
2014-07-08T04:52:42.236+0000: 2320.451: [GC [PSYoungGen: 320064K->1328K(338688K)] 714032K->395384K(1025664K), 0.0205930 secs] [Times: user=0.14 sys=0.00, real=0.03 secs] 
2014-07-08T04:52:43.472+0000: 2321.688: [GC [PSYoungGen: 338655K->833K(328704K)] 732711K->395317K(1015680K), 0.0037510 secs] [Times: user=0.02 sys=0.00, real=0.01 secs] 
2014-07-08T04:52:44.465+0000: 2322.681: [GC [PSYoungGen: 328624K->1253K(319936K)] 723108K->395793K(1006912K), 0.0069450 secs] [Times: user=0.05 sys=0.00, real=0.01 secs] 
2014-07-08T04:52:45.453+0000: 2323.669: [GC [PSYoungGen: 319909K->804K(310720K)] 714449K->395490K(997696K), 0.0060540 secs] [Times: user=0.03 sys=0.00, real=0.01 secs] 
2014-07-08T04:52:46.380+0000: 2324.596: [GC [PSYoungGen: 310692K->1288K(302784K)] 705378K->396023K(989760K), 0.0079790 secs] [Times: user=0.05 sys=0.00, real=0.01 secs] 
2014-07-08T04:52:47.260+0000: 2325.475: [GC [PSYoungGen: 302728K->740K(294144K)] 697463K->395554K(981120K), 0.0065910 secs] [Times: user=0.04 sys=0.00, real=0.01 secs] 
2014-07-08T04:52:48.354+0000: 2326.569: [GC [PSYoungGen: 294116K->861K(286464K)] 688930K->395731K(973440K), 0.0090480 secs] [Times: user=0.06 sys=0.00, real=0.01 secs] 
2014-07-08T04:52:49.146+0000: 2327.362: [GC [PSYoungGen: 286369K->1036K(279168K)] 681239K->395970K(966144K), 0.0082750 secs] [Times: user=0.05 sys=0.00, real=0.01 secs] 
2014-07-08T04:52:49.958+0000: 2328.174: [GC [PSYoungGen: 279084K->972K(271936K)] 674018K->395970K(958912K), 0.0071860 secs] [Times: user=0.04 sys=0.01, real=0.00 secs] 
2014-07-08T04:52:50.842+0000: 2329.057: [GC [PSYoungGen: 271884K->894K(264896K)] 666882K->396102K(951872K), 0.0041600 secs] [Times: user=0.02 sys=0.01, real=0.00 secs] 
2014-07-08T04:52:51.693+0000: 2329.908: [GC [PSYoungGen: 264894K->594K(257984K)] 660102K->395858K(944960K), 0.0052150 secs] [Times: user=0.03 sys=0.00, real=0.01 secs] 
2014-07-08T04:52:52.571+0000: 2330.787: [GC [PSYoungGen: 257901K->1004K(251968K)] 653166K->396340K(938944K), 0.0068420 secs] [Times: user=0.04 sys=0.01, real=0.01 secs] 
2014-07-08T04:52:53.369+0000: 2331.584: [GC [PSYoungGen: 251948K->818K(245632K)] 647284K->396226K(932608K), 0.0081900 secs] [Times: user=0.05 sys=0.00, real=0.00 secs] 
2014-07-08T04:52:54.258+0000: 2332.474: [GC [PSYoungGen: 245618K->708K(239616K)] 641026K->396156K(926592K), 0.0085790 secs] [Times: user=0.05 sys=0.00, real=0.00 secs] 
2014-07-08T04:52:54.947+0000: 2333.163: [GC [PSYoungGen: 239556K->612K(233792K)] 635004K->396100K(920768K), 0.0055070 secs] [Times: user=0.02 sys=0.00, real=0.01 secs] 
2014-07-08T04:52:55.751+0000: 2333.967: [GC [PSYoungGen: 233764K->908K(228608K)] 629252K->396468K(915584K), 0.0068330 secs] [Times: user=0.04 sys=0.00, real=0.00 secs] 
2014-07-08T04:52:56.608+0000: 2334.824: [GC [PSYoungGen: 228556K->1182K(223552K)] 624116K->396783K(910528K), 0.0048670 secs] [Times: user=0.02 sys=0.00, real=0.00 secs] 
2014-07-08T04:52:57.271+0000: 2335.487: [GC [PSYoungGen: 223518K->548K(217792K)] 619119K->396408K(904768K), 0.0072380 secs] [Times: user=0.05 sys=0.00, real=0.01 secs] 
2014-07-08T04:52:57.959+0000: 2336.175: [GC [PSYoungGen: 217764K->676K(212992K)] 613624K->396608K(899968K), 0.0042750 secs] [Times: user=0.02 sys=0.00, real=0.00 secs] 
2014-07-08T04:52:58.760+0000: 2336.976: [GC [PSYoungGen: 212964K->708K(208320K)] 608896K->396836K(895296K), 0.0073280 secs] [Times: user=0.05 sys=0.00, real=0.00 secs] 
2014-07-08T04:52:59.477+0000: 2337.693: [GC [PSYoungGen: 208260K->1016K(203968K)] 604388K->397201K(890944K), 0.0083890 secs] [Times: user=0.05 sys=0.00, real=0.01 secs] 
2014-07-08T04:52:59.978+0000: 2338.193: [GC [PSYoungGen: 203959K->804K(199360K)] 600144K->397060K(886336K), 0.0037860 secs] [Times: user=0.02 sys=0.00, real=0.01 secs] 
2014-07-08T04:53:00.634+0000: 2338.849: [GC [PSYoungGen: 199332K->644K(194944K)] 595588K->396964K(881920K), 0.0043530 secs] [Times: user=0.02 sys=0.00, real=0.00 secs] 
2014-07-08T04:53:01.220+0000: 2339.435: [GC [PSYoungGen: 194853K->954K(191040K)] 591174K->397355K(878016K), 0.0074850 secs] [Times: user=0.06 sys=0.00, real=0.00 secs] 
2014-07-08T04:53:01.779+0000: 2339.994: [GC [PSYoungGen: 191034K->680K(186752K)] 587435K->397136K(873728K), 0.0065050 secs] [Times: user=0.04 sys=0.00, real=0.01 secs] 
2014-07-08T04:53:02.416+0000: 2340.632: [GC [PSYoungGen: 186728K->872K(183104K)] 583184K->397400K(870080K), 0.0039960 secs] [Times: user=0.02 sys=0.00, real=0.01 secs] 
2014-07-08T04:53:02.943+0000: 2341.158: [GC [PSYoungGen: 183072K->658K(179200K)] 579601K->397250K(866176K), 0.0044440 secs] [Times: user=0.02 sys=0.00, real=0.00 secs] 
2014-07-08T04:53:03.613+0000: 2341.828: [GC [PSYoungGen: 179154K->994K(175872K)] 575746K->397659K(862848K), 0.0037890 secs] [Times: user=0.02 sys=0.00, real=0.00 secs] 
2014-07-08T04:53:04.193+0000: 2342.409: [GC [PSYoungGen: 175842K->1086K(172416K)] 572507K->397831K(859392K), 0.0053570 secs] [Times: user=0.03 sys=0.01, real=0.00 secs] 
2014-07-08T04:53:04.737+0000: 2342.953: [GC [PSYoungGen: 172414K->616K(168576K)] 569159K->397528K(855552K), 0.0058380 secs] [Times: user=0.04 sys=0.00, real=0.01 secs] 
2014-07-08T04:53:05.276+0000: 2343.492: [GC [PSYoungGen: 168552K->1111K(202688K)] 565464K->398072K(889664K), 0.0133380 secs] [Times: user=0.08 sys=0.00, real=0.02 secs] 
2014-07-08T04:53:05.826+0000: 2344.042: [GC [PSYoungGen: 202647K->938K(242816K)] 599608K->398021K(929792K), 0.0067940 secs] [Times: user=0.04 sys=0.00, real=0.01 secs] 
2014-07-08T04:53:06.632+0000: 2344.847: [GC [PSYoungGen: 242794K->938K(291200K)] 639877K->398101K(978176K), 0.0077450 secs] [Times: user=0.05 sys=0.00, real=0.01 secs] 
2014-07-08T04:53:07.565+0000: 2345.781: [GC [PSYoungGen: 291178K->562K(348864K)] 688341K->397780K(1035840K), 0.0179090 secs] [Times: user=0.10 sys=0.00, real=0.02 secs] 
2014-07-08T04:53:08.637+0000: 2346.852: [GC [PSYoungGen: 348850K->648K(368512K)] 746068K->397914K(1055488K), 0.0044000 secs] [Times: user=0.03 sys=0.00, real=0.01 secs] 
2014-07-08T04:53:09.779+0000: 2347.995: [GC [PSYoungGen: 367736K->972K(357376K)] 765003K->398311K(1044352K), 0.0044090 secs] [Times: user=0.03 sys=0.00, real=0.01 secs] 
2014-07-08T04:53:10.829+0000: 2349.045: [GC [PSYoungGen: 357324K->626K(419008K)] 754663K->398012K(1105984K), 0.0139370 secs] [Times: user=0.08 sys=0.00, real=0.02 secs] 
2014-07-08T04:53:12.113+0000: 2350.329: [GC [PSYoungGen: 418290K->726K(428992K)] 815676K->398144K(1115968K), 0.0132530 secs] [Times: user=0.08 sys=0.00, real=0.01 secs] 
2014-07-08T04:53:13.554+0000: 2351.770: [GC [PSYoungGen: 428334K->844K(415232K)] 825753K->398311K(1102208K), 0.0094570 secs] [Times: user=0.06 sys=0.00, real=0.01 secs] 
2014-07-08T04:53:14.899+0000: 2353.114: [GC [PSYoungGen: 415180K->494K(402112K)] 812647K->398361K(1089088K), 0.0112840 secs] [Times: user=0.06 sys=0.00, real=0.01 secs] 
2014-07-08T04:53:16.140+0000: 2354.355: [GC [PSYoungGen: 402094K->1210K(390592K)] 799961K->399093K(1077568K), 0.0077390 secs] [Times: user=0.02 sys=0.00, real=0.01 secs] 
2014-07-08T04:53:17.412+0000: 2355.628: [GC [PSYoungGen: 390551K->876K(378560K)] 788434K->398905K(1065536K), 0.0113450 secs] [Times: user=0.07 sys=0.00, real=0.01 secs] 
2014-07-08T04:53:18.586+0000: 2356.802: [GC [PSYoungGen: 378540K->790K(367296K)] 776569K->398883K(1054272K), 0.0080050 secs] [Times: user=0.04 sys=0.00, real=0.01 secs] 
2014-07-08T04:53:19.788+0000: 2358.004: [GC [PSYoungGen: 367254K->1129K(356864K)] 765347K->399270K(1043840K), 0.0053400 secs] [Times: user=0.02 sys=0.00, real=0.01 secs] 
2014-07-08T04:53:20.887+0000: 2359.103: [GC [PSYoungGen: 356802K->911K(346368K)] 754943K->399124K(1033344K), 0.0104270 secs] [Times: user=0.07 sys=0.00, real=0.01 secs] 
2014-07-08T04:53:21.947+0000: 2360.163: [GC [PSYoungGen: 346319K->612K(336192K)] 744532K->398889K(1023168K), 0.0035970 secs] [Times: user=0.02 sys=0.00, real=0.00 secs] 
2014-07-08T04:53:23.118+0000: 2361.334: [GC [PSYoungGen: 336164K->876K(326976K)] 734441K->399209K(1013952K), 0.0105020 secs] [Times: user=0.07 sys=0.01, real=0.01 secs] 
2014-07-08T04:53:24.180+0000: 2362.395: [GC [PSYoungGen: 326956K->804K(317824K)] 725289K->399201K(1004800K), 0.0055080 secs] [Times: user=0.04 sys=0.00, real=0.01 secs] 
2014-07-08T04:53:25.441+0000: 2363.657: [GC [PSYoungGen: 317796K->936K(309248K)] 716193K->399397K(996224K), 0.0081910 secs] [Times: user=0.06 sys=0.00, real=0.01 secs] 
2014-07-08T04:53:26.388+0000: 2364.603: [GC [PSYoungGen: 309224K->814K(300736K)] 707685K->399545K(987712K), 0.0047080 secs] [Times: user=0.03 sys=0.00, real=0.01 secs] 
2014-07-08T04:53:27.236+0000: 2365.452: [GC [PSYoungGen: 300708K->968K(292864K)] 699439K->399819K(979840K), 0.0068310 secs] [Times: user=0.05 sys=0.01, real=0.01 secs] 
2014-07-08T04:53:28.182+0000: 2366.398: [GC [PSYoungGen: 292759K->864K(284992K)] 691610K->400410K(971968K), 0.0054680 secs] [Times: user=0.02 sys=0.00, real=0.01 secs] 
2014-07-08T04:53:29.006+0000: 2367.222: [GC [PSYoungGen: 284960K->1072K(277760K)] 684506K->400673K(964736K), 0.0038820 secs] [Times: user=0.03 sys=0.00, real=0.00 secs] 
2014-07-08T04:53:29.880+0000: 2368.096: [GC [PSYoungGen: 277744K->936K(270528K)] 677345K->400799K(957504K), 0.0057800 secs] [Times: user=0.04 sys=0.00, real=0.01 secs] 
2014-07-08T04:53:30.800+0000: 2369.016: [GC [PSYoungGen: 270504K->758K(263488K)] 670367K->400677K(950464K), 0.0109640 secs] [Times: user=0.08 sys=0.00, real=0.01 secs] 
2014-07-08T04:53:31.655+0000: 2369.870: [GC [PSYoungGen: 263478K->708K(256896K)] 663397K->400723K(943872K), 0.0045900 secs] [Times: user=0.03 sys=0.00, real=0.00 secs] 
2014-07-08T04:53:32.482+0000: 2370.698: [GC [PSYoungGen: 256836K->676K(250496K)] 656851K->400747K(937472K), 0.0073730 secs] [Times: user=0.03 sys=0.00, real=0.01 secs] 
2014-07-08T04:53:33.324+0000: 2371.540: [GC [PSYoungGen: 250468K->914K(244608K)] 650539K->401033K(931584K), 0.0037610 secs] [Times: user=0.02 sys=0.00, real=0.00 secs] 
2014-07-08T04:53:33.979+0000: 2372.195: [GC [PSYoungGen: 244562K->562K(292992K)] 644681K->400721K(979968K), 0.0155020 secs] [Times: user=0.11 sys=0.00, real=0.02 secs] 
2014-07-08T04:53:34.877+0000: 2373.092: [GC [PSYoungGen: 292978K->630K(351552K)] 693137K->400837K(1038528K), 0.0083260 secs] [Times: user=0.05 sys=0.00, real=0.01 secs] 
2014-07-08T04:53:36.080+0000: 2374.296: [GC [PSYoungGen: 351542K->974K(341824K)] 751749K->401237K(1028800K), 0.0078280 secs] [Times: user=0.05 sys=0.00, real=0.01 secs] 
2014-07-08T04:53:37.068+0000: 2375.284: [GC [PSYoungGen: 341755K->1004K(332160K)] 742019K->401323K(1019136K), 0.0070740 secs] [Times: user=0.03 sys=0.00, real=0.01 secs] 
2014-07-08T04:53:38.200+0000: 2376.416: [GC [PSYoungGen: 332140K->918K(322816K)] 732459K->401293K(1009792K), 0.0081290 secs] [Times: user=0.05 sys=0.00, real=0.01 secs] 
2014-07-08T04:53:39.117+0000: 2377.332: [GC [PSYoungGen: 322759K->882K(313856K)] 723134K->401484K(1000832K), 0.0034770 secs] [Times: user=0.02 sys=0.00, real=0.00 secs] 
2014-07-08T04:53:40.081+0000: 2378.296: [GC [PSYoungGen: 313842K->840K(305280K)] 714444K->401489K(992256K), 0.0085930 secs] [Times: user=0.05 sys=0.00, real=0.01 secs] 
2014-07-08T04:53:40.984+0000: 2379.200: [GC [PSYoungGen: 305224K->750K(296960K)] 705873K->401479K(983936K), 0.0066100 secs] [Times: user=0.05 sys=0.00, real=0.01 secs] 
2014-07-08T04:53:41.992+0000: 2380.207: [GC [PSYoungGen: 296942K->612K(288960K)] 697671K->401405K(975936K), 0.0079980 secs] [Times: user=0.05 sys=0.00, real=0.01 secs] 
2014-07-08T04:53:42.871+0000: 2381.087: [GC [PSYoungGen: 288932K->644K(281472K)] 689725K->401493K(968448K), 0.0080610 secs] [Times: user=0.06 sys=0.00, real=0.01 secs] 
2014-07-08T04:53:43.840+0000: 2382.056: [GC [PSYoungGen: 281412K->612K(274112K)] 682261K->401501K(961088K), 0.0106720 secs] [Times: user=0.06 sys=0.00, real=0.01 secs] 
2014-07-08T04:53:44.683+0000: 2382.899: [GC [PSYoungGen: 274082K->665K(267200K)] 674972K->401618K(954176K), 0.0068570 secs] [Times: user=0.04 sys=0.00, real=0.01 secs] 
2014-07-08T04:53:45.584+0000: 2383.800: [GC [PSYoungGen: 267161K->1054K(260864K)] 668114K->402079K(947840K), 0.0035340 secs] [Times: user=0.02 sys=0.00, real=0.01 secs] 
2014-07-08T04:53:46.376+0000: 2384.592: [GC [PSYoungGen: 260823K->804K(254144K)] 661848K->402344K(941120K), 0.0119360 secs] [Times: user=0.08 sys=0.00, real=0.01 secs] 
2014-07-08T04:53:47.184+0000: 2385.399: [GC [PSYoungGen: 254116K->1218K(305280K)] 655656K->402806K(992256K), 0.0163040 secs] [Times: user=0.10 sys=0.00, real=0.02 secs] 
2014-07-08T04:53:48.141+0000: 2386.356: [GC [PSYoungGen: 305218K->872K(365696K)] 706806K->402674K(1052672K), 0.0149670 secs] [Times: user=0.08 sys=0.00, real=0.02 secs] 
2014-07-08T04:53:49.405+0000: 2387.621: [GC [PSYoungGen: 365644K->896K(410496K)] 767446K->402746K(1097472K), 0.0060300 secs] [Times: user=0.03 sys=0.00, real=0.01 secs] 
2014-07-08T04:53:50.597+0000: 2388.813: [GC [PSYoungGen: 409920K->676K(397184K)] 811770K->402590K(1084160K), 0.0076340 secs] [Times: user=0.06 sys=0.00, real=0.00 secs] 
2014-07-08T04:53:51.960+0000: 2390.176: [GC [PSYoungGen: 397128K->1082K(385600K)] 799042K->403084K(1072576K), 0.0050410 secs] [Times: user=0.03 sys=0.00, real=0.00 secs] 
2014-07-08T04:53:53.162+0000: 2391.377: [GC [PSYoungGen: 385585K->1070K(374144K)] 787587K->403128K(1061120K), 0.0071310 secs] [Times: user=0.05 sys=0.00, real=0.01 secs] 
2014-07-08T04:53:54.460+0000: 2392.676: [GC [PSYoungGen: 374126K->964K(363072K)] 776184K->403102K(1050048K), 0.0058510 secs] [Times: user=0.04 sys=0.00, real=0.00 secs] 
2014-07-08T04:53:55.554+0000: 2393.770: [GC [PSYoungGen: 363012K->850K(352384K)] 765150K->403028K(1039360K), 0.0052480 secs] [Times: user=0.03 sys=0.00, real=0.01 secs] 
2014-07-08T04:53:56.632+0000: 2394.847: [GC [PSYoungGen: 352338K->758K(342144K)] 754516K->403000K(1029120K), 0.0101750 secs] [Times: user=0.07 sys=0.00, real=0.01 secs] 
2014-07-08T04:53:57.780+0000: 2395.996: [GC [PSYoungGen: 342134K->922K(332672K)] 744376K->403212K(1019648K), 0.0099550 secs] [Times: user=0.06 sys=0.00, real=0.01 secs] 
2014-07-08T04:53:58.863+0000: 2397.079: [GC [PSYoungGen: 332634K->882K(323328K)] 734924K->403236K(1010304K), 0.0038910 secs] [Times: user=0.01 sys=0.00, real=0.01 secs] 
2014-07-08T04:53:59.875+0000: 2398.091: [GC [PSYoungGen: 323314K->872K(314432K)] 725668K->403322K(1001408K), 0.0073560 secs] [Times: user=0.04 sys=0.00, real=0.01 secs] 
2014-07-08T04:54:00.868+0000: 2399.083: [GC [PSYoungGen: 314408K->690K(305664K)] 716858K->403188K(992640K), 0.0141310 secs] [Times: user=0.09 sys=0.00, real=0.02 secs] 
2014-07-08T04:54:01.810+0000: 2400.026: [GC [PSYoungGen: 305650K->872K(297600K)] 708148K->403442K(984576K), 0.0066850 secs] [Times: user=0.04 sys=0.00, real=0.00 secs] 
2014-07-08T04:54:02.885+0000: 2401.101: [GC [PSYoungGen: 297562K->1142K(289920K)] 700132K->403768K(976896K), 0.0041500 secs] [Times: user=0.01 sys=0.00, real=0.01 secs] 
2014-07-08T04:54:03.803+0000: 2402.019: [GC [PSYoungGen: 289910K->572K(281728K)] 692536K->403434K(968704K), 0.0032950 secs] [Times: user=0.02 sys=0.00, real=0.00 secs] 
2014-07-08T04:54:04.670+0000: 2402.885: [GC [PSYoungGen: 281636K->1053K(274944K)] 684498K->403963K(961920K), 0.0043210 secs] [Times: user=0.02 sys=0.00, real=0.00 secs] 
2014-07-08T04:54:05.569+0000: 2403.785: [GC [PSYoungGen: 274909K->726K(267584K)] 677819K->403766K(954560K), 0.0068120 secs] [Times: user=0.04 sys=0.01, real=0.00 secs] 
2014-07-08T04:54:06.362+0000: 2404.578: [GC [PSYoungGen: 267540K->925K(260992K)] 670580K->404021K(947968K), 0.0037730 secs] [Times: user=0.02 sys=0.00, real=0.00 secs] 
2014-07-08T04:54:07.094+0000: 2405.309: [GC [PSYoungGen: 260907K->1017K(254528K)] 664003K->404307K(941504K), 0.0105620 secs] [Times: user=0.06 sys=0.00, real=0.01 secs] 
2014-07-08T04:54:07.861+0000: 2406.077: [GC [PSYoungGen: 254476K->826K(248064K)] 657766K->404172K(935040K), 0.0077490 secs] [Times: user=0.04 sys=0.00, real=0.01 secs] 
2014-07-08T04:54:08.779+0000: 2406.995: [GC [PSYoungGen: 248058K->894K(242112K)] 651404K->404346K(929088K), 0.0058370 secs] [Times: user=0.04 sys=0.00, real=0.00 secs] 
2014-07-08T04:54:09.537+0000: 2407.753: [GC [PSYoungGen: 242092K->712K(236160K)] 645544K->404204K(923136K), 0.0042610 secs] [Times: user=0.02 sys=0.00, real=0.01 secs] 
2014-07-08T04:54:10.248+0000: 2408.464: [GC [PSYoungGen: 236104K->700K(230528K)] 639596K->404240K(917504K), 0.0034110 secs] [Times: user=0.02 sys=0.00, real=0.01 secs] 
2014-07-08T04:54:10.878+0000: 2409.094: [GC [PSYoungGen: 230426K->694K(225152K)] 633966K->404290K(912128K), 0.0044880 secs] [Times: user=0.03 sys=0.00, real=0.01 secs] 
2014-07-08T04:54:11.686+0000: 2409.902: [GC [PSYoungGen: 225094K->850K(220160K)] 628690K->404494K(907136K), 0.0108460 secs] [Times: user=0.07 sys=0.00, real=0.01 secs] 
2014-07-08T04:54:12.375+0000: 2410.591: [GC [PSYoungGen: 220092K->726K(215040K)] 623736K->404426K(902016K), 0.0043980 secs] [Times: user=0.02 sys=0.00, real=0.01 secs] 
2014-07-08T04:54:12.941+0000: 2411.157: [GC [PSYoungGen: 214998K->512K(209984K)] 618698K->404260K(896960K), 0.0038790 secs] [Times: user=0.02 sys=0.01, real=0.00 secs] 
2014-07-08T04:54:13.808+0000: 2412.024: [GC [PSYoungGen: 209947K->978K(205824K)] 613695K->404814K(892800K), 0.0035500 secs] [Times: user=0.02 sys=0.00, real=0.01 secs] 
2014-07-08T04:54:14.438+0000: 2412.654: [GC [PSYoungGen: 205778K->958K(201280K)] 609614K->404850K(888256K), 0.0047090 secs] [Times: user=0.02 sys=0.00, real=0.01 secs] 
2014-07-08T04:54:14.967+0000: 2413.183: [GC [PSYoungGen: 201278K->858K(196864K)] 605170K->404822K(883840K), 0.0073890 secs] [Times: user=0.04 sys=0.00, real=0.01 secs] 
2014-07-08T04:54:15.680+0000: 2413.895: [GC [PSYoungGen: 196826K->744K(192512K)] 600790K->404870K(879488K), 0.0051770 secs] [Times: user=0.03 sys=0.00, real=0.01 secs] 
2014-07-08T04:54:16.292+0000: 2414.507: [GC [PSYoungGen: 192488K->912K(188672K)] 596614K->405078K(875648K), 0.0043940 secs] [Times: user=0.02 sys=0.00, real=0.00 secs] 
2014-07-08T04:54:16.792+0000: 2415.007: [GC [PSYoungGen: 188624K->804K(184640K)] 592790K->405066K(871616K), 0.0067790 secs] [Times: user=0.03 sys=0.01, real=0.00 secs] 
2014-07-08T04:54:17.469+0000: 2415.684: [GC [PSYoungGen: 184609K->907K(180992K)] 588871K->405225K(867968K), 0.0063750 secs] [Times: user=0.04 sys=0.00, real=0.01 secs] 
2014-07-08T04:54:17.904+0000: 2416.119: [GC [PSYoungGen: 180939K->530K(176960K)] 585257K->404920K(863936K), 0.0034080 secs] [Times: user=0.02 sys=0.00, real=0.00 secs] 
2014-07-08T04:54:18.588+0000: 2416.803: [GC [PSYoungGen: 176878K->1140K(174016K)] 581268K->405618K(860992K), 0.0082190 secs] [Times: user=0.06 sys=0.00, real=0.01 secs] 
2014-07-08T04:54:19.112+0000: 2417.328: [GC [PSYoungGen: 173982K->750K(208256K)] 578461K->405611K(895232K), 0.0070750 secs] [Times: user=0.04 sys=0.00, real=0.00 secs] 
2014-07-08T04:54:19.738+0000: 2417.954: [GC [PSYoungGen: 208238K->661K(249728K)] 613099K->405602K(936704K), 0.0075450 secs] [Times: user=0.04 sys=0.00, real=0.01 secs] 
2014-07-08T04:54:20.548+0000: 2418.764: [GC [PSYoungGen: 249685K->828K(299712K)] 654626K->405870K(986688K), 0.0079380 secs] [Times: user=0.02 sys=0.00, real=0.01 secs] 
2014-07-08T04:54:21.480+0000: 2419.695: [GC [PSYoungGen: 299703K->996K(359680K)] 704746K->406110K(1046656K), 0.0082970 secs] [Times: user=0.04 sys=0.00, real=0.01 secs] 
2014-07-08T04:54:22.549+0000: 2420.765: [GC [PSYoungGen: 359652K->862K(349120K)] 764766K->406024K(1036096K), 0.0038390 secs] [Times: user=0.02 sys=0.00, real=0.01 secs] 
2014-07-08T04:54:23.803+0000: 2422.019: [GC [PSYoungGen: 349065K->1075K(339328K)] 754228K->406317K(1026304K), 0.0040790 secs] [Times: user=0.02 sys=0.00, real=0.00 secs] 
2014-07-08T04:54:24.742+0000: 2422.958: [GC [PSYoungGen: 339277K->622K(329344K)] 744520K->405986K(1016320K), 0.0043140 secs] [Times: user=0.02 sys=0.01, real=0.00 secs] 
2014-07-08T04:54:25.711+0000: 2423.926: [GC [PSYoungGen: 329326K->630K(320192K)] 734690K->406066K(1007168K), 0.0061580 secs] [Times: user=0.04 sys=0.01, real=0.01 secs] 
2014-07-08T04:54:26.742+0000: 2424.958: [GC [PSYoungGen: 320182K->808K(311552K)] 725618K->406300K(998528K), 0.0052730 secs] [Times: user=0.03 sys=0.00, real=0.00 secs] 
2014-07-08T04:54:27.685+0000: 2425.901: [GC [PSYoungGen: 311528K->854K(303168K)] 717020K->406379K(990144K), 0.0054330 secs] [Times: user=0.01 sys=0.01, real=0.00 secs] 
2014-07-08T04:54:28.739+0000: 2426.955: [GC [PSYoungGen: 303126K->886K(295040K)] 708651K->406509K(982016K), 0.0186760 secs] [Times: user=0.10 sys=0.00, real=0.02 secs] 
2014-07-08T04:54:29.743+0000: 2427.958: [GC [PSYoungGen: 295030K->878K(287232K)] 700653K->406572K(974208K), 0.0052570 secs] [Times: user=0.03 sys=0.00, real=0.00 secs] 
2014-07-08T04:54:30.681+0000: 2428.896: [GC [PSYoungGen: 287214K->676K(279552K)] 692908K->406442K(966528K), 0.0051900 secs] [Times: user=0.02 sys=0.00, real=0.01 secs] 
2014-07-08T04:54:31.528+0000: 2429.744: [GC [PSYoungGen: 279524K->862K(272512K)] 685290K->406684K(959488K), 0.0054000 secs] [Times: user=0.04 sys=0.00, real=0.01 secs] 
2014-07-08T04:54:32.333+0000: 2430.548: [GC [PSYoungGen: 272478K->879K(265600K)] 678300K->406873K(952576K), 0.0057580 secs] [Times: user=0.04 sys=0.00, real=0.00 secs] 
2014-07-08T04:54:33.106+0000: 2431.322: [GC [PSYoungGen: 265573K->1072K(259136K)] 671568K->407130K(946112K), 0.0066280 secs] [Times: user=0.05 sys=0.00, real=0.01 secs] 
2014-07-08T04:54:33.985+0000: 2432.200: [GC [PSYoungGen: 259120K->498K(252160K)] 665178K->407038K(939136K), 0.0058970 secs] [Times: user=0.04 sys=0.00, real=0.00 secs] 
2014-07-08T04:54:34.811+0000: 2433.026: [GC [PSYoungGen: 252146K->822K(246272K)] 658686K->407434K(933248K), 0.0037130 secs] [Times: user=0.02 sys=0.00, real=0.01 secs] 
2014-07-08T04:54:35.597+0000: 2433.813: [GC [PSYoungGen: 246262K->598K(240128K)] 652874K->407266K(927104K), 0.0052820 secs] [Times: user=0.02 sys=0.01, real=0.00 secs] 
2014-07-08T04:54:36.363+0000: 2434.579: [GC [PSYoungGen: 240080K->840K(234624K)] 646748K->407580K(921600K), 0.0058620 secs] [Times: user=0.04 sys=0.00, real=0.00 secs] 
2014-07-08T04:54:36.999+0000: 2435.215: [GC [PSYoungGen: 234529K->964K(229248K)] 641269K->407792K(916224K), 0.0079300 secs] [Times: user=0.05 sys=0.00, real=0.01 secs] 
2014-07-08T04:54:37.741+0000: 2435.956: [GC [PSYoungGen: 229188K->808K(223744K)] 636016K->407700K(910720K), 0.0043810 secs] [Times: user=0.02 sys=0.00, real=0.01 secs] 
2014-07-08T04:54:38.510+0000: 2436.725: [GC [PSYoungGen: 223720K->608K(218432K)] 630612K->407841K(905408K), 0.0090330 secs] [Times: user=0.07 sys=0.00, real=0.01 secs] 
2014-07-08T04:54:39.225+0000: 2437.440: [GC [PSYoungGen: 218400K->1060K(262464K)] 625633K->408316K(949440K), 0.0157240 secs] [Times: user=0.08 sys=0.01, real=0.01 secs] 
2014-07-08T04:54:40.024+0000: 2438.240: [GC [PSYoungGen: 262436K->658K(255552K)] 669692K->408068K(942528K), 0.0034920 secs] [Times: user=0.02 sys=0.00, real=0.00 secs] 
2014-07-08T04:54:40.802+0000: 2439.018: [GC [PSYoungGen: 255506K->598K(306496K)] 662916K->408080K(993472K), 0.0082320 secs] [Times: user=0.04 sys=0.00, real=0.01 secs] 
2014-07-08T04:54:41.781+0000: 2439.997: [GC [PSYoungGen: 306454K->794K(298432K)] 713936K->408340K(985408K), 0.0058910 secs] [Times: user=0.04 sys=0.00, real=0.01 secs] 
2014-07-08T04:54:42.706+0000: 2440.922: [GC [PSYoungGen: 298394K->648K(290368K)] 705940K->408234K(977344K), 0.0055730 secs] [Times: user=0.03 sys=0.00, real=0.00 secs] 
2014-07-08T04:54:43.643+0000: 2441.859: [GC [PSYoungGen: 290312K->822K(282880K)] 697898K->408496K(969856K), 0.0068270 secs] [Times: user=0.04 sys=0.00, real=0.01 secs] 
2014-07-08T04:54:44.659+0000: 2442.874: [GC [PSYoungGen: 282859K->1190K(275904K)] 690534K->408921K(962880K), 0.0082840 secs] [Times: user=0.06 sys=0.00, real=0.01 secs] 
2014-07-08T04:54:45.517+0000: 2443.733: [GC [PSYoungGen: 275878K->444K(268096K)] 683609K->408531K(955072K), 0.0088890 secs] [Times: user=0.06 sys=0.00, real=0.01 secs] 
2014-07-08T04:54:46.344+0000: 2444.560: [GC [PSYoungGen: 268092K->1160K(262080K)] 676179K->409279K(949056K), 0.0104560 secs] [Times: user=0.06 sys=0.00, real=0.01 secs] 
2014-07-08T04:54:47.046+0000: 2445.262: [GC [PSYoungGen: 262024K->662K(255040K)] 670143K->408968K(942016K), 0.0062020 secs] [Times: user=0.04 sys=0.00, real=0.00 secs] 
2014-07-08T04:54:47.877+0000: 2446.093: [GC [PSYoungGen: 254998K->498K(248576K)] 663304K->408868K(935552K), 0.0062570 secs] [Times: user=0.04 sys=0.00, real=0.00 secs] 
2014-07-08T04:54:48.714+0000: 2446.929: [GC [PSYoungGen: 248529K->872K(242880K)] 656899K->409330K(929856K), 0.0064410 secs] [Times: user=0.04 sys=0.00, real=0.01 secs] 
2014-07-08T04:54:49.685+0000: 2447.901: [GC [PSYoungGen: 242856K->754K(236928K)] 651314K->409276K(923904K), 0.0094590 secs] [Times: user=0.05 sys=0.00, real=0.00 secs] 
2014-07-08T04:54:50.398+0000: 2448.613: [GC [PSYoungGen: 236914K->740K(231296K)] 645436K->409310K(918272K), 0.0047390 secs] [Times: user=0.02 sys=0.00, real=0.00 secs] 
2014-07-08T04:54:50.990+0000: 2449.206: [GC [PSYoungGen: 231263K->683K(225792K)] 639834K->409310K(912768K), 0.0084540 secs] [Times: user=0.05 sys=0.00, real=0.01 secs] 
2014-07-08T04:54:51.732+0000: 2449.947: [GC [PSYoungGen: 225771K->686K(270848K)] 634398K->409353K(957824K), 0.0124010 secs] [Times: user=0.07 sys=0.00, real=0.01 secs] 
2014-07-08T04:54:52.620+0000: 2450.836: [GC [PSYoungGen: 270830K->740K(324992K)] 679497K->409478K(1011968K), 0.0066470 secs] [Times: user=0.04 sys=0.00, real=0.01 secs] 
2014-07-08T04:54:53.615+0000: 2451.830: [GC [PSYoungGen: 324964K->626K(389760K)] 733702K->409412K(1076736K), 0.0175280 secs] [Times: user=0.12 sys=0.00, real=0.02 secs] 
2014-07-08T04:54:54.980+0000: 2453.196: [GC [PSYoungGen: 389711K->1078K(405632K)] 798498K->409921K(1092608K), 0.0067640 secs] [Times: user=0.04 sys=0.00, real=0.01 secs] 
2014-07-08T04:54:56.218+0000: 2454.434: [GC [PSYoungGen: 405550K->972K(393152K)] 814393K->409878K(1080128K), 0.0039670 secs] [Times: user=0.02 sys=0.01, real=0.00 secs] 
2014-07-08T04:54:57.447+0000: 2455.663: [GC [PSYoungGen: 393098K->1241K(381632K)] 802005K->410203K(1068608K), 0.0060680 secs] [Times: user=0.04 sys=0.00, real=0.00 secs] 
2014-07-08T04:54:58.575+0000: 2456.791: [GC [PSYoungGen: 381593K->292K(369344K)] 790555K->409625K(1056320K), 0.0051230 secs] [Times: user=0.03 sys=0.00, real=0.01 secs] 
2014-07-08T04:54:59.729+0000: 2457.945: [GC [PSYoungGen: 369284K->958K(359168K)] 778617K->410347K(1046144K), 0.0072240 secs] [Times: user=0.04 sys=0.00, real=0.00 secs] 
2014-07-08T04:55:00.937+0000: 2459.152: [GC [PSYoungGen: 359166K->938K(348800K)] 768555K->410650K(1035776K), 0.0176680 secs] [Times: user=0.10 sys=0.00, real=0.02 secs] 
2014-07-08T04:55:02.066+0000: 2460.282: [GC [PSYoungGen: 348778K->644K(338560K)] 758490K->410395K(1025536K), 0.0057630 secs] [Times: user=0.03 sys=0.00, real=0.01 secs] 
2014-07-08T04:55:03.226+0000: 2461.442: [GC [PSYoungGen: 338500K->1060K(329408K)] 748251K->410923K(1016384K), 0.0040920 secs] [Times: user=0.02 sys=0.01, real=0.01 secs] 
2014-07-08T04:55:04.356+0000: 2462.572: [GC [PSYoungGen: 329348K->836K(320064K)] 739212K->410755K(1007040K), 0.0041570 secs] [Times: user=0.01 sys=0.01, real=0.01 secs] 
2014-07-08T04:55:05.390+0000: 2463.606: [GC [PSYoungGen: 320004K->893K(311296K)] 729923K->410987K(998272K), 0.0036760 secs] [Times: user=0.02 sys=0.00, real=0.00 secs] 
2014-07-08T04:55:06.446+0000: 2464.662: [GC [PSYoungGen: 311293K->936K(302912K)] 721387K->411094K(989888K), 0.0066650 secs] [Times: user=0.04 sys=0.00, real=0.01 secs] 
2014-07-08T04:55:07.369+0000: 2465.585: [GC [PSYoungGen: 302888K->954K(294784K)] 713046K->411168K(981760K), 0.0079170 secs] [Times: user=0.04 sys=0.00, real=0.00 secs] 
2014-07-08T04:55:08.241+0000: 2466.456: [GC [PSYoungGen: 294778K->854K(286912K)] 704992K->411108K(973888K), 0.0043280 secs] [Times: user=0.02 sys=0.00, real=0.00 secs] 
2014-07-08T04:55:09.091+0000: 2467.307: [GC [PSYoungGen: 286870K->882K(279424K)] 697124K->411217K(966400K), 0.0090500 secs] [Times: user=0.06 sys=0.00, real=0.01 secs] 
2014-07-08T04:55:10.012+0000: 2468.227: [GC [PSYoungGen: 279410K->958K(272256K)] 689745K->411372K(959232K), 0.0079390 secs] [Times: user=0.04 sys=0.00, real=0.01 secs] 
2014-07-08T04:55:10.983+0000: 2469.199: [GC [PSYoungGen: 272212K->644K(265088K)] 682626K->411114K(952064K), 0.0065910 secs] [Times: user=0.04 sys=0.00, real=0.01 secs] 
2014-07-08T04:55:11.773+0000: 2469.989: [GC [PSYoungGen: 265028K->722K(258496K)] 675498K->411272K(945472K), 0.0072460 secs] [Times: user=0.05 sys=0.00, real=0.01 secs] 
2014-07-08T04:55:12.621+0000: 2470.837: [GC [PSYoungGen: 258423K->744K(252096K)] 668973K->411358K(939072K), 0.0038870 secs] [Times: user=0.01 sys=0.00, real=0.00 secs] 
2014-07-08T04:55:13.467+0000: 2471.683: [GC [PSYoungGen: 252040K->1136K(246336K)] 662654K->411791K(933312K), 0.0037650 secs] [Times: user=0.02 sys=0.00, real=0.01 secs] 
2014-07-08T04:55:14.127+0000: 2472.343: [GC [PSYoungGen: 246306K->700K(239936K)] 656960K->411601K(926912K), 0.0064960 secs] [Times: user=0.05 sys=0.00, real=0.01 secs] 
2014-07-08T04:55:14.879+0000: 2473.095: [GC [PSYoungGen: 239896K->794K(234368K)] 650797K->411782K(921344K), 0.0081990 secs] [Times: user=0.06 sys=0.00, real=0.00 secs] 
2014-07-08T04:55:15.623+0000: 2473.838: [GC [PSYoungGen: 234330K->744K(228800K)] 645318K->411804K(915776K), 0.0063610 secs] [Times: user=0.04 sys=0.00, real=0.01 secs] 
2014-07-08T04:55:16.345+0000: 2474.561: [GC [PSYoungGen: 228766K->1102K(223872K)] 639826K->412235K(910848K), 0.0071600 secs] [Times: user=0.04 sys=0.01, real=0.01 secs] 
2014-07-08T04:55:17.098+0000: 2475.314: [GC [PSYoungGen: 223822K->612K(218240K)] 634955K->411784K(905216K), 0.0043620 secs] [Times: user=0.02 sys=0.00, real=0.01 secs] 
2014-07-08T04:55:17.748+0000: 2475.964: [GC [PSYoungGen: 218212K->861K(262016K)] 629384K->412081K(948992K), 0.0115200 secs] [Times: user=0.07 sys=0.00, real=0.02 secs] 
2014-07-08T04:55:18.627+0000: 2476.842: [GC [PSYoungGen: 261981K->530K(255168K)] 673201K->411774K(942144K), 0.0056410 secs] [Times: user=0.02 sys=0.00, real=0.01 secs] 
2014-07-08T04:55:19.550+0000: 2477.765: [GC [PSYoungGen: 255122K->996K(249344K)] 666366K->412344K(936320K), 0.0048540 secs] [Times: user=0.03 sys=0.00, real=0.01 secs] 
2014-07-08T04:55:20.252+0000: 2478.467: [GC [PSYoungGen: 249245K->996K(243264K)] 660593K->412440K(930240K), 0.0058860 secs] [Times: user=0.04 sys=0.00, real=0.00 secs] 
2014-07-08T04:55:21.036+0000: 2479.252: [GC [PSYoungGen: 243236K->850K(237312K)] 654680K->412382K(924288K), 0.0057650 secs] [Times: user=0.03 sys=0.00, real=0.01 secs] 
2014-07-08T04:55:21.856+0000: 2480.072: [GC [PSYoungGen: 237266K->812K(231616K)] 648798K->412400K(918592K), 0.0054730 secs] [Times: user=0.04 sys=0.00, real=0.01 secs] 
2014-07-08T04:55:22.625+0000: 2480.840: [GC [PSYoungGen: 231596K->814K(226176K)] 643184K->412450K(913152K), 0.0062730 secs] [Times: user=0.04 sys=0.00, real=0.01 secs] 
2014-07-08T04:55:23.337+0000: 2481.553: [GC [PSYoungGen: 226158K->954K(221056K)] 637794K->412646K(908032K), 0.0059630 secs] [Times: user=0.04 sys=0.00, real=0.01 secs] 
2014-07-08T04:55:23.911+0000: 2482.127: [GC [PSYoungGen: 221050K->790K(215872K)] 632742K->412570K(902848K), 0.0060110 secs] [Times: user=0.03 sys=0.00, real=0.00 secs] 
2014-07-08T04:55:24.788+0000: 2483.003: [GC [PSYoungGen: 215813K->830K(211008K)] 627594K->412922K(897984K), 0.0049420 secs] [Times: user=0.04 sys=0.00, real=0.01 secs] 
2014-07-08T04:55:25.452+0000: 2483.668: [GC [PSYoungGen: 211006K->758K(206272K)] 623098K->412898K(893248K), 0.0039200 secs] [Times: user=0.02 sys=0.01, real=0.00 secs] 
2014-07-08T04:55:25.980+0000: 2484.195: [GC [PSYoungGen: 206217K->996K(201984K)] 618358K->413209K(888960K), 0.0066920 secs] [Times: user=0.05 sys=0.00, real=0.01 secs] 
2014-07-08T04:55:26.804+0000: 2485.020: [GC [PSYoungGen: 201908K->958K(197568K)] 614120K->413234K(884544K), 0.0069700 secs] [Times: user=0.04 sys=0.00, real=0.01 secs] 
2014-07-08T04:55:27.449+0000: 2485.664: [GC [PSYoungGen: 197566K->630K(193024K)] 609842K->412962K(880000K), 0.0033780 secs] [Times: user=0.02 sys=0.00, real=0.01 secs] 
2014-07-08T04:55:27.966+0000: 2486.182: [GC [PSYoungGen: 193014K->566K(231488K)] 605346K->412938K(918464K), 0.0122370 secs] [Times: user=0.07 sys=0.01, real=0.01 secs] 
2014-07-08T04:55:28.766+0000: 2486.982: [GC [PSYoungGen: 231478K->680K(226176K)] 643850K->413116K(913152K), 0.0031150 secs] [Times: user=0.02 sys=0.00, real=0.00 secs] 
2014-07-08T04:55:29.631+0000: 2487.847: [GC [PSYoungGen: 226152K->868K(221120K)] 638588K->413384K(908096K), 0.0088610 secs] [Times: user=0.06 sys=0.00, real=0.00 secs] 
2014-07-08T04:55:30.292+0000: 2488.507: [GC [PSYoungGen: 221092K->1010K(216192K)] 633608K->413599K(903168K), 0.0040890 secs] [Times: user=0.03 sys=0.00, real=0.00 secs] 
2014-07-08T04:55:30.915+0000: 2489.131: [GC [PSYoungGen: 216150K->786K(259072K)] 628738K->413415K(946048K), 0.0090330 secs] [Times: user=0.05 sys=0.00, real=0.01 secs] 
2014-07-08T04:55:31.737+0000: 2489.953: [GC [PSYoungGen: 259026K->544K(252416K)] 671655K->413244K(939392K), 0.0053450 secs] [Times: user=0.03 sys=0.00, real=0.01 secs] 
2014-07-08T04:55:32.645+0000: 2490.861: [GC [PSYoungGen: 252384K->832K(246528K)] 665084K->413589K(933504K), 0.0073520 secs] [Times: user=0.04 sys=0.00, real=0.01 secs] 
2014-07-08T04:55:33.457+0000: 2491.672: [GC [PSYoungGen: 246463K->858K(240576K)] 659220K->413670K(927552K), 0.0034900 secs] [Times: user=0.02 sys=0.00, real=0.00 secs] 
2014-07-08T04:55:34.144+0000: 2492.359: [GC [PSYoungGen: 240538K->886K(234816K)] 653350K->413770K(921792K), 0.0086750 secs] [Times: user=0.06 sys=0.00, real=0.01 secs] 
2014-07-08T04:55:34.943+0000: 2493.159: [GC [PSYoungGen: 234806K->676K(229120K)] 647690K->413698K(916096K), 0.0059850 secs] [Times: user=0.04 sys=0.00, real=0.00 secs] 
2014-07-08T04:55:35.685+0000: 2493.901: [GC [PSYoungGen: 229092K->776K(223936K)] 642114K->413846K(910912K), 0.0082760 secs] [Times: user=0.04 sys=0.00, real=0.01 secs] 
2014-07-08T04:55:36.407+0000: 2494.623: [GC [PSYoungGen: 223856K->811K(218816K)] 636927K->414151K(905792K), 0.0078600 secs] [Times: user=0.04 sys=0.00, real=0.01 secs] 
2014-07-08T04:55:36.978+0000: 2495.194: [GC [PSYoungGen: 218795K->772K(262464K)] 632135K->414176K(949440K), 0.0074110 secs] [Times: user=0.04 sys=0.00, real=0.01 secs] 
2014-07-08T04:55:37.921+0000: 2496.137: [GC [PSYoungGen: 262404K->800K(314816K)] 675808K->414527K(1001792K), 0.0097950 secs] [Times: user=0.05 sys=0.00, real=0.01 secs] 
2014-07-08T04:55:38.875+0000: 2497.090: [GC [PSYoungGen: 314784K->612K(377472K)] 728511K->414395K(1064448K), 0.0109820 secs] [Times: user=0.07 sys=0.01, real=0.01 secs] 
2014-07-08T04:55:40.128+0000: 2498.344: [GC [PSYoungGen: 377444K->822K(366528K)] 791227K->414703K(1053504K), 0.0073490 secs] [Times: user=0.05 sys=0.01, real=0.01 secs] 
2014-07-08T04:55:41.256+0000: 2499.472: [GC [PSYoungGen: 366518K->840K(355904K)] 780399K->414785K(1042880K), 0.0071120 secs] [Times: user=0.05 sys=0.00, real=0.01 secs] 
2014-07-08T04:55:42.458+0000: 2500.674: [GC [PSYoungGen: 355848K->754K(345536K)] 769793K->415081K(1032512K), 0.0057390 secs] [Times: user=0.04 sys=0.00, real=0.01 secs] 
2014-07-08T04:55:43.585+0000: 2501.800: [GC [PSYoungGen: 345522K->758K(335680K)] 759849K->415165K(1022656K), 0.0046220 secs] [Times: user=0.03 sys=0.00, real=0.00 secs] 
2014-07-08T04:55:44.573+0000: 2502.789: [GC [PSYoungGen: 335630K->516K(326080K)] 750038K->414979K(1013056K), 0.0048400 secs] [Times: user=0.02 sys=0.00, real=0.00 secs] 
2014-07-08T04:55:45.692+0000: 2503.907: [GC [PSYoungGen: 326020K->594K(317120K)] 740483K->415129K(1004096K), 0.0070900 secs] [Times: user=0.04 sys=0.00, real=0.01 secs] 
2014-07-08T04:55:46.628+0000: 2504.844: [GC [PSYoungGen: 317074K->662K(308480K)] 731609K->415253K(995456K), 0.0031880 secs] [Times: user=0.02 sys=0.01, real=0.00 secs] 
2014-07-08T04:55:47.664+0000: 2505.879: [GC [PSYoungGen: 308404K->1038K(300544K)] 722996K->415694K(987520K), 0.0083910 secs] [Times: user=0.04 sys=0.00, real=0.01 secs] 
2014-07-08T04:55:48.619+0000: 2506.834: [GC [PSYoungGen: 300494K->580K(292096K)] 715150K->415299K(979072K), 0.0064410 secs] [Times: user=0.04 sys=0.00, real=0.01 secs] 
2014-07-08T04:55:49.558+0000: 2507.774: [GC [PSYoungGen: 292020K->922K(284736K)] 706740K->415713K(971712K), 0.0077890 secs] [Times: user=0.05 sys=0.00, real=0.01 secs] 
2014-07-08T04:55:50.484+0000: 2508.700: [GC [PSYoungGen: 284678K->914K(277312K)] 699470K->415761K(964288K), 0.0084650 secs] [Times: user=0.06 sys=0.00, real=0.00 secs] 
2014-07-08T04:55:51.274+0000: 2509.490: [GC [PSYoungGen: 277221K->1036K(270336K)] 692069K->415963K(957312K), 0.0064210 secs] [Times: user=0.04 sys=0.00, real=0.00 secs] 
2014-07-08T04:55:52.050+0000: 2510.265: [GC [PSYoungGen: 270284K->562K(262976K)] 685211K->415893K(949952K), 0.0070640 secs] [Times: user=0.05 sys=0.00, real=0.01 secs] 
2014-07-08T04:55:52.853+0000: 2511.069: [GC [PSYoungGen: 262962K->876K(256704K)] 678293K->416263K(943680K), 0.0075180 secs] [Times: user=0.03 sys=0.00, real=0.01 secs] 
2014-07-08T04:55:53.753+0000: 2511.969: [GC [PSYoungGen: 256684K->708K(250240K)] 672071K->416315K(937216K), 0.0062370 secs] [Times: user=0.04 sys=0.00, real=0.01 secs] 
2014-07-08T04:55:54.600+0000: 2512.815: [GC [PSYoungGen: 250180K->1214K(244608K)] 665787K->416886K(931584K), 0.0062600 secs] [Times: user=0.04 sys=0.00, real=0.01 secs] 
2014-07-08T04:55:55.362+0000: 2513.577: [GC [PSYoungGen: 244606K->630K(238144K)] 660278K->416441K(925120K), 0.0047100 secs] [Times: user=0.02 sys=0.00, real=0.01 secs] 
2014-07-08T04:55:56.039+0000: 2514.255: [GC [PSYoungGen: 238134K->956K(232832K)] 653945K->416832K(919808K), 0.0035040 secs] [Times: user=0.02 sys=0.00, real=0.00 secs] 
2014-07-08T04:55:56.804+0000: 2515.020: [GC [PSYoungGen: 232828K->580K(227072K)] 648704K->416503K(914048K), 0.0039530 secs] [Times: user=0.02 sys=0.01, real=0.01 secs] 
2014-07-08T04:55:57.606+0000: 2515.821: [GC [PSYoungGen: 227008K->1050K(222272K)] 642931K->417077K(909248K), 0.0076590 secs] [Times: user=0.05 sys=0.00, real=0.00 secs] 
2014-07-08T04:55:58.257+0000: 2516.472: [GC [PSYoungGen: 222232K->904K(217088K)] 638260K->416971K(904064K), 0.0121150 secs] [Times: user=0.06 sys=0.00, real=0.01 secs] 
2014-07-08T04:55:59.024+0000: 2517.239: [GC [PSYoungGen: 217032K->832K(212096K)] 633099K->416964K(899072K), 0.0040660 secs] [Times: user=0.03 sys=0.00, real=0.01 secs] 
2014-07-08T04:55:59.692+0000: 2517.908: [GC [PSYoungGen: 212032K->580K(207104K)] 628164K->416751K(894080K), 0.0038000 secs] [Times: user=0.01 sys=0.01, real=0.01 secs] 
2014-07-08T04:56:00.462+0000: 2518.678: [GC [PSYoungGen: 207025K->1086K(248896K)] 623197K->417289K(935872K), 0.0172880 secs] [Times: user=0.09 sys=0.00, real=0.02 secs] 
2014-07-08T04:56:01.119+0000: 2519.334: [GC [PSYoungGen: 248894K->904K(298368K)] 665097K->417163K(985344K), 0.0115250 secs] [Times: user=0.06 sys=0.00, real=0.01 secs] 
2014-07-08T04:56:02.034+0000: 2520.250: [GC [PSYoungGen: 298312K->868K(357824K)] 714571K->417175K(1044800K), 0.0065410 secs] [Times: user=0.02 sys=0.00, real=0.01 secs] 
2014-07-08T04:56:03.253+0000: 2521.469: [GC [PSYoungGen: 357750K->893K(347520K)] 774058K->417314K(1034496K), 0.0035910 secs] [Times: user=0.02 sys=0.00, real=0.01 secs] 
2014-07-08T04:56:04.542+0000: 2522.758: [GC [PSYoungGen: 347517K->740K(337472K)] 763938K->417233K(1024448K), 0.0116000 secs] [Times: user=0.07 sys=0.00, real=0.01 secs] 
2014-07-08T04:56:05.641+0000: 2523.857: [GC [PSYoungGen: 337444K->958K(328192K)] 753937K->417686K(1015168K), 0.0054390 secs] [Times: user=0.03 sys=0.00, real=0.00 secs] 
2014-07-08T04:56:06.742+0000: 2524.958: [GC [PSYoungGen: 328190K->1114K(319232K)] 744918K->417922K(1006208K), 0.0081300 secs] [Times: user=0.06 sys=0.00, real=0.01 secs] 
2014-07-08T04:56:07.767+0000: 2525.982: [GC [PSYoungGen: 319194K->626K(309952K)] 736002K->417794K(996928K), 0.0046190 secs] [Times: user=0.03 sys=0.00, real=0.01 secs] 
2014-07-08T04:56:08.867+0000: 2527.083: [GC [PSYoungGen: 309920K->1014K(301952K)] 727088K->418238K(988928K), 0.0098240 secs] [Times: user=0.06 sys=0.00, real=0.01 secs] 
2014-07-08T04:56:09.810+0000: 2528.025: [GC [PSYoungGen: 301942K->548K(293440K)] 719166K->417912K(980416K), 0.0048600 secs] [Times: user=0.02 sys=0.00, real=0.00 secs] 
2014-07-08T04:56:10.739+0000: 2528.955: [GC [PSYoungGen: 293412K->950K(286080K)] 710776K->418378K(973056K), 0.0078330 secs] [Times: user=0.06 sys=0.00, real=0.01 secs] 
2014-07-08T04:56:11.635+0000: 2529.851: [GC [PSYoungGen: 286068K->580K(278336K)] 703496K->418072K(965312K), 0.0078000 secs] [Times: user=0.05 sys=0.00, real=0.01 secs] 
2014-07-08T04:56:12.486+0000: 2530.702: [GC [PSYoungGen: 278247K->1053K(271616K)] 695739K->418617K(958592K), 0.0038220 secs] [Times: user=0.02 sys=0.00, real=0.01 secs] 
2014-07-08T04:56:13.235+0000: 2531.451: [GC [PSYoungGen: 271581K->1134K(264768K)] 689145K->418812K(951744K), 0.0041780 secs] [Times: user=0.03 sys=0.00, real=0.01 secs] 
2014-07-08T04:56:14.190+0000: 2532.406: [GC [PSYoungGen: 264750K->1178K(258176K)] 682428K->418896K(945152K), 0.0106140 secs] [Times: user=0.06 sys=0.00, real=0.01 secs] 
2014-07-08T04:56:14.908+0000: 2533.124: [GC [PSYoungGen: 258106K->612K(251200K)] 675824K->418532K(938176K), 0.0049920 secs] [Times: user=0.02 sys=0.00, real=0.00 secs] 
2014-07-08T04:56:15.813+0000: 2534.029: [GC [PSYoungGen: 251172K->904K(245376K)] 669092K->418904K(932352K), 0.0035050 secs] [Times: user=0.02 sys=0.00, real=0.00 secs] 
2014-07-08T04:56:16.557+0000: 2534.773: [GC [PSYoungGen: 245320K->800K(239360K)] 663320K->418856K(926336K), 0.0097210 secs] [Times: user=0.06 sys=0.00, real=0.01 secs] 
2014-07-08T04:56:17.292+0000: 2535.507: [GC [PSYoungGen: 239328K->954K(233792K)] 657384K->419066K(920768K), 0.0039350 secs] [Times: user=0.02 sys=0.00, real=0.00 secs] 
2014-07-08T04:56:17.995+0000: 2536.210: [GC [PSYoungGen: 233786K->911K(228288K)] 651898K->419087K(915264K), 0.0065010 secs] [Times: user=0.05 sys=0.00, real=0.01 secs] 
2014-07-08T04:56:18.701+0000: 2536.916: [GC [PSYoungGen: 228239K->740K(222784K)] 646415K->418996K(909760K), 0.0096920 secs] [Times: user=0.06 sys=0.00, real=0.01 secs] 
2014-07-08T04:56:19.507+0000: 2537.723: [GC [PSYoungGen: 222756K->950K(217856K)] 641012K->419286K(904832K), 0.0070400 secs] [Times: user=0.05 sys=0.00, real=0.01 secs] 
2014-07-08T04:56:20.084+0000: 2538.299: [GC [PSYoungGen: 217811K->932K(212928K)] 636147K->419340K(899904K), 0.0043220 secs] [Times: user=0.02 sys=0.00, real=0.00 secs] 
2014-07-08T04:56:20.823+0000: 2539.039: [GC [PSYoungGen: 212900K->804K(208064K)] 631308K->419308K(895040K), 0.0034810 secs] [Times: user=0.02 sys=0.00, real=0.00 secs] 
2014-07-08T04:56:21.516+0000: 2539.731: [GC [PSYoungGen: 208036K->808K(203456K)] 626540K->419368K(890432K), 0.0037370 secs] [Times: user=0.02 sys=0.00, real=0.01 secs] 
2014-07-08T04:56:22.029+0000: 2540.244: [GC [PSYoungGen: 203402K->758K(198976K)] 621962K->419390K(885952K), 0.0057160 secs] [Times: user=0.04 sys=0.00, real=0.01 secs] 
2014-07-08T04:56:22.706+0000: 2540.921: [GC [PSYoungGen: 198966K->694K(194624K)] 617598K->419390K(881600K), 0.0084100 secs] [Times: user=0.05 sys=0.00, real=0.01 secs] 
2014-07-08T04:56:23.276+0000: 2541.492: [GC [PSYoungGen: 194614K->776K(190592K)] 613310K->419520K(877568K), 0.0040370 secs] [Times: user=0.02 sys=0.00, real=0.01 secs] 
2014-07-08T04:56:23.834+0000: 2542.049: [GC [PSYoungGen: 190536K->740K(186560K)] 609280K->419540K(873536K), 0.0035730 secs] [Times: user=0.02 sys=0.00, real=0.00 secs] 
2014-07-08T04:56:24.525+0000: 2542.741: [GC [PSYoungGen: 186532K->886K(182848K)] 605332K->419848K(869824K), 0.0040620 secs] [Times: user=0.02 sys=0.00, real=0.00 secs] 
2014-07-08T04:56:25.018+0000: 2543.234: [GC [PSYoungGen: 182774K->957K(219328K)] 601737K->419991K(906304K), 0.0099580 secs] [Times: user=0.07 sys=0.00, real=0.01 secs] 
2014-07-08T04:56:25.782+0000: 2543.997: [GC [PSYoungGen: 219325K->744K(214144K)] 638359K->419826K(901120K), 0.0067780 secs] [Times: user=0.03 sys=0.00, real=0.00 secs] 
2014-07-08T04:56:26.465+0000: 2544.681: [GC [PSYoungGen: 214120K->968K(209600K)] 633202K->420114K(896576K), 0.0050760 secs] [Times: user=0.03 sys=0.00, real=0.01 secs] 
2014-07-08T04:56:27.022+0000: 2545.238: [GC [PSYoungGen: 209544K->680K(251008K)] 628690K->419898K(937984K), 0.0080840 secs] [Times: user=0.05 sys=0.01, real=0.01 secs] 
2014-07-08T04:56:27.835+0000: 2546.051: [GC [PSYoungGen: 250984K->822K(301248K)] 670202K->420096K(988224K), 0.0105790 secs] [Times: user=0.06 sys=0.00, real=0.01 secs] 
2014-07-08T04:56:28.797+0000: 2547.013: [GC [PSYoungGen: 301238K->890K(361408K)] 720512K->420220K(1048384K), 0.0070060 secs] [Times: user=0.05 sys=0.00, real=0.01 secs] 
2014-07-08T04:56:29.966+0000: 2548.181: [GC [PSYoungGen: 361402K->790K(350848K)] 780732K->420176K(1037824K), 0.0059870 secs] [Times: user=0.04 sys=0.00, real=0.01 secs] 
2014-07-08T04:56:31.058+0000: 2549.274: [GC [PSYoungGen: 350766K->608K(340608K)] 770152K->420246K(1027584K), 0.0055780 secs] [Times: user=0.04 sys=0.00, real=0.01 secs] 
2014-07-08T04:56:32.095+0000: 2550.310: [GC [PSYoungGen: 340576K->826K(331136K)] 760214K->420512K(1018112K), 0.0041400 secs] [Times: user=0.02 sys=0.00, real=0.00 secs] 
2014-07-08T04:56:33.113+0000: 2551.328: [GC [PSYoungGen: 331130K->840K(321984K)] 750816K->420582K(1008960K), 0.0047530 secs] [Times: user=0.03 sys=0.00, real=0.00 secs] 
2014-07-08T04:56:34.079+0000: 2552.295: [GC [PSYoungGen: 321928K->872K(313088K)] 741670K->420702K(1000064K), 0.0068180 secs] [Times: user=0.05 sys=0.00, real=0.01 secs] 
2014-07-08T04:56:35.252+0000: 2553.467: [GC [PSYoungGen: 313064K->434K(304128K)] 732894K->420618K(991104K), 0.0065560 secs] [Times: user=0.04 sys=0.01, real=0.00 secs] 
2014-07-08T04:56:36.219+0000: 2554.435: [GC [PSYoungGen: 304114K->1074K(296576K)] 724298K->421330K(983552K), 0.0113050 secs] [Times: user=0.08 sys=0.01, real=0.01 secs] 
2014-07-08T04:56:37.078+0000: 2555.293: [GC [PSYoungGen: 296562K->680K(288320K)] 716818K->421082K(975296K), 0.0060640 secs] [Times: user=0.01 sys=0.00, real=0.01 secs] 
2014-07-08T04:56:37.991+0000: 2556.207: [GC [PSYoungGen: 288259K->815K(280896K)] 708661K->421289K(967872K), 0.0042130 secs] [Times: user=0.02 sys=0.01, real=0.01 secs] 
2014-07-08T04:56:38.866+0000: 2557.082: [GC [PSYoungGen: 280879K->740K(273600K)] 701353K->421286K(960576K), 0.0053060 secs] [Times: user=0.03 sys=0.00, real=0.00 secs] 
2014-07-08T04:56:39.734+0000: 2557.950: [GC [PSYoungGen: 273572K->964K(266880K)] 694118K->421558K(953856K), 0.0071380 secs] [Times: user=0.05 sys=0.00, real=0.00 secs] 
2014-07-08T04:56:40.732+0000: 2558.948: [GC [PSYoungGen: 266820K->552K(259712K)] 687414K->421775K(946688K), 0.0069130 secs] [Times: user=0.05 sys=0.00, real=0.00 secs] 
2014-07-08T04:56:41.482+0000: 2559.697: [GC [PSYoungGen: 259688K->1200K(253888K)] 680911K->422697K(940864K), 0.0068720 secs] [Times: user=0.04 sys=0.00, real=0.01 secs] 
2014-07-08T04:56:42.184+0000: 2560.399: [GC [PSYoungGen: 253872K->690K(247168K)] 675369K->422401K(934144K), 0.0031850 secs] [Times: user=0.02 sys=0.00, real=0.00 secs] 
2014-07-08T04:56:42.944+0000: 2561.159: [GC [PSYoungGen: 247127K->956K(241408K)] 668838K->422739K(928384K), 0.0076500 secs] [Times: user=0.05 sys=0.00, real=0.00 secs] 
2014-07-08T04:56:43.720+0000: 2561.936: [GC [PSYoungGen: 241404K->704K(235392K)] 663187K->422583K(922368K), 0.0069470 secs] [Times: user=0.05 sys=0.00, real=0.01 secs] 
2014-07-08T04:56:44.500+0000: 2562.716: [GC [PSYoungGen: 235392K->1056K(230208K)] 657271K->422999K(917184K), 0.0038250 secs] [Times: user=0.02 sys=0.00, real=0.01 secs] 
2014-07-08T04:56:45.163+0000: 2563.379: [GC [PSYoungGen: 230176K->858K(224640K)] 652119K->422833K(911616K), 0.0049310 secs] [Times: user=0.02 sys=0.01, real=0.00 secs] 
2014-07-08T04:56:45.986+0000: 2564.202: [GC [PSYoungGen: 224602K->694K(219264K)] 646577K->422733K(906240K), 0.0069420 secs] [Times: user=0.05 sys=0.00, real=0.01 secs] 
2014-07-08T04:56:46.672+0000: 2564.888: [GC [PSYoungGen: 219254K->612K(214208K)] 641293K->422707K(901184K), 0.0041950 secs] [Times: user=0.03 sys=0.00, real=0.01 secs] 
2014-07-08T04:56:47.357+0000: 2565.572: [GC [PSYoungGen: 214180K->676K(209472K)] 636275K->422827K(896448K), 0.0038440 secs] [Times: user=0.02 sys=0.00, real=0.00 secs] 
2014-07-08T04:56:47.945+0000: 2566.160: [GC [PSYoungGen: 209422K->946K(251520K)] 631574K->423145K(938496K), 0.0249520 secs] [Times: user=0.17 sys=0.00, real=0.02 secs] 
2014-07-08T04:56:48.779+0000: 2566.994: [GC [PSYoungGen: 251506K->762K(301440K)] 673705K->423025K(988416K), 0.0055310 secs] [Times: user=0.04 sys=0.00, real=0.01 secs] 
2014-07-08T04:56:49.717+0000: 2567.933: [GC [PSYoungGen: 301434K->958K(361792K)] 723697K->423285K(1048768K), 0.0060570 secs] [Times: user=0.04 sys=0.01, real=0.01 secs] 
2014-07-08T04:56:50.972+0000: 2569.188: [GC [PSYoungGen: 361790K->744K(351104K)] 784117K->423119K(1038080K), 0.0038990 secs] [Times: user=0.02 sys=0.01, real=0.01 secs] 
2014-07-08T04:56:51.970+0000: 2570.186: [GC [PSYoungGen: 351080K->872K(341184K)] 773455K->423375K(1028160K), 0.0098460 secs] [Times: user=0.07 sys=0.00, real=0.01 secs] 
2014-07-08T04:56:53.049+0000: 2571.265: [GC [PSYoungGen: 341140K->644K(331328K)] 763643K->423195K(1018304K), 0.0052910 secs] [Times: user=0.02 sys=0.00, real=0.01 secs] 
2014-07-08T04:56:54.114+0000: 2572.330: [GC [PSYoungGen: 331268K->708K(322112K)] 753819K->423299K(1009088K), 0.0073830 secs] [Times: user=0.04 sys=0.00, real=0.00 secs] 
2014-07-08T04:56:55.098+0000: 2573.314: [GC [PSYoungGen: 322052K->968K(313472K)] 744643K->423615K(1000448K), 0.0089490 secs] [Times: user=0.05 sys=0.00, real=0.01 secs] 
2014-07-08T04:56:56.218+0000: 2574.433: [GC [PSYoungGen: 313416K->818K(304768K)] 736063K->423693K(991744K), 0.0055390 secs] [Times: user=0.02 sys=0.00, real=0.00 secs] 
2014-07-08T04:56:57.134+0000: 2575.350: [GC [PSYoungGen: 304754K->858K(296640K)] 727629K->423789K(983616K), 0.0036780 secs] [Times: user=0.02 sys=0.01, real=0.00 secs] 
2014-07-08T04:56:58.020+0000: 2576.236: [GC [PSYoungGen: 296602K->612K(288512K)] 719533K->423657K(975488K), 0.0039270 secs] [Times: user=0.02 sys=0.01, real=0.00 secs] 
2014-07-08T04:56:59.009+0000: 2577.225: [GC [PSYoungGen: 288484K->776K(281152K)] 711529K->423893K(968128K), 0.0073580 secs] [Times: user=0.04 sys=0.00, real=0.01 secs] 
2014-07-08T04:56:59.827+0000: 2578.043: [GC [PSYoungGen: 281096K->772K(273856K)] 704213K->423929K(960832K), 0.0104520 secs] [Times: user=0.06 sys=0.00, real=0.01 secs] 
2014-07-08T04:57:00.758+0000: 2578.973: [GC [PSYoungGen: 273796K->740K(266816K)] 696953K->423977K(953792K), 0.0063910 secs] [Times: user=0.04 sys=0.00, real=0.00 secs] 
2014-07-08T04:57:01.806+0000: 2580.022: [GC [PSYoungGen: 266788K->880K(260224K)] 690025K->424213K(947200K), 0.0064740 secs] [Times: user=0.04 sys=0.00, real=0.00 secs] 
2014-07-08T04:57:02.639+0000: 2580.855: [GC [PSYoungGen: 260208K->906K(253824K)] 683541K->424295K(940800K), 0.0033490 secs] [Times: user=0.02 sys=0.00, real=0.00 secs] 
2014-07-08T04:57:03.472+0000: 2581.688: [GC [PSYoungGen: 253770K->630K(247296K)] 677159K->424261K(934272K), 0.0062340 secs] [Times: user=0.04 sys=0.00, real=0.01 secs] 
2014-07-08T04:57:04.208+0000: 2582.424: [GC [PSYoungGen: 247260K->1203K(241856K)] 670891K->424978K(928832K), 0.0108890 secs] [Times: user=0.07 sys=0.00, real=0.01 secs] 
2014-07-08T04:57:04.901+0000: 2583.117: [GC [PSYoungGen: 241843K->612K(235520K)] 665618K->424589K(922496K), 0.0035210 secs] [Times: user=0.01 sys=0.00, real=0.00 secs] 
2014-07-08T04:57:05.731+0000: 2583.947: [GC [PSYoungGen: 235468K->612K(229952K)] 659445K->424677K(916928K), 0.0074230 secs] [Times: user=0.04 sys=0.00, real=0.01 secs] 
2014-07-08T04:57:06.550+0000: 2584.766: [GC [PSYoungGen: 229924K->1179K(225152K)] 653989K->425340K(912128K), 0.0064180 secs] [Times: user=0.04 sys=0.00, real=0.01 secs] 
2014-07-08T04:57:07.205+0000: 2585.421: [GC [PSYoungGen: 225115K->896K(219712K)] 649276K->425097K(906688K), 0.0099500 secs] [Times: user=0.06 sys=0.00, real=0.01 secs] 
2014-07-08T04:57:07.909+0000: 2586.125: [GC [PSYoungGen: 219627K->576K(214336K)] 643829K->424841K(901312K), 0.0056790 secs] [Times: user=0.04 sys=0.00, real=0.00 secs] 
2014-07-08T04:57:08.621+0000: 2586.837: [GC [PSYoungGen: 214336K->1035K(210048K)] 638601K->425364K(897024K), 0.0034490 secs] [Times: user=0.02 sys=0.00, real=0.00 secs] 
2014-07-08T04:57:09.237+0000: 2587.453: [GC [PSYoungGen: 209961K->896K(205248K)] 634290K->425273K(892224K), 0.0049130 secs] [Times: user=0.02 sys=0.00, real=0.00 secs] 
2014-07-08T04:57:09.923+0000: 2588.139: [GC [PSYoungGen: 205184K->544K(200384K)] 629561K->424993K(887360K), 0.0083160 secs] [Times: user=0.06 sys=0.00, real=0.01 secs] 
2014-07-08T04:57:10.559+0000: 2588.775: [GC [PSYoungGen: 200345K->694K(196160K)] 624794K->425207K(883136K), 0.0060270 secs] [Times: user=0.04 sys=0.00, real=0.00 secs] 
2014-07-08T04:57:11.118+0000: 2589.334: [GC [PSYoungGen: 196150K->978K(192320K)] 620663K->425555K(879296K), 0.0045090 secs] [Times: user=0.03 sys=0.00, real=0.00 secs] 
2014-07-08T04:57:11.799+0000: 2590.015: [GC [PSYoungGen: 192241K->900K(188224K)] 616818K->425533K(875200K), 0.0071010 secs] [Times: user=0.04 sys=0.01, real=0.00 secs] 
2014-07-08T04:57:12.387+0000: 2590.603: [GC [PSYoungGen: 188130K->808K(184192K)] 612763K->425505K(871168K), 0.0061780 secs] [Times: user=0.04 sys=0.01, real=0.00 secs] 
2014-07-08T04:57:12.861+0000: 2591.077: [GC [PSYoungGen: 184167K->764K(180352K)] 608865K->425549K(867328K), 0.0058920 secs] [Times: user=0.04 sys=0.00, real=0.01 secs] 
2014-07-08T04:57:13.561+0000: 2591.777: [GC [PSYoungGen: 180307K->1253K(216832K)] 605092K->426102K(903808K), 0.0093470 secs] [Times: user=0.05 sys=0.00, real=0.01 secs] 
2014-07-08T04:57:14.125+0000: 2592.340: [GC [PSYoungGen: 216712K->569K(259264K)] 641561K->425882K(946240K), 0.0075040 secs] [Times: user=0.05 sys=0.00, real=0.01 secs] 
2014-07-08T04:57:14.881+0000: 2593.097: [GC [PSYoungGen: 259257K->844K(311360K)] 684570K->426205K(998336K), 0.0068520 secs] [Times: user=0.04 sys=0.00, real=0.01 secs] 
2014-07-08T04:57:15.888+0000: 2594.103: [GC [PSYoungGen: 311263K->776K(302848K)] 736624K->426317K(989824K), 0.0050110 secs] [Times: user=0.03 sys=0.00, real=0.00 secs] 
2014-07-08T04:57:16.955+0000: 2595.170: [GC [PSYoungGen: 302792K->864K(294784K)] 728333K->426453K(981760K), 0.0049650 secs] [Times: user=0.03 sys=0.00, real=0.01 secs] 
2014-07-08T04:57:17.887+0000: 2596.103: [GC [PSYoungGen: 294752K->747K(286848K)] 720341K->426400K(973824K), 0.0060130 secs] [Times: user=0.03 sys=0.00, real=0.01 secs] 
2014-07-08T04:57:18.753+0000: 2596.969: [GC [PSYoungGen: 286827K->740K(279360K)] 712480K->426505K(966336K), 0.0062860 secs] [Times: user=0.04 sys=0.00, real=0.01 secs] 
2014-07-08T04:57:19.750+0000: 2597.966: [GC [PSYoungGen: 279332K->1040K(272448K)] 705097K->426885K(959424K), 0.0062050 secs] [Times: user=0.04 sys=0.00, real=0.00 secs] 
2014-07-08T04:57:20.548+0000: 2598.763: [GC [PSYoungGen: 272400K->744K(265216K)] 698245K->426661K(952192K), 0.0105650 secs] [Times: user=0.07 sys=0.00, real=0.02 secs] 
2014-07-08T04:57:21.515+0000: 2599.731: [GC [PSYoungGen: 265192K->740K(258560K)] 691109K->426957K(945536K), 0.0042270 secs] [Times: user=0.02 sys=0.00, real=0.01 secs] 
2014-07-08T04:57:22.250+0000: 2600.466: [GC [PSYoungGen: 258469K->1273K(252672K)] 684687K->427571K(939648K), 0.0080400 secs] [Times: user=0.05 sys=0.00, real=0.01 secs] 
2014-07-08T04:57:22.979+0000: 2601.194: [GC [PSYoungGen: 252665K->548K(245824K)] 678963K->426981K(932800K), 0.0053910 secs] [Times: user=0.04 sys=0.00, real=0.00 secs] 
2014-07-08T04:57:23.813+0000: 2602.029: [GC [PSYoungGen: 245796K->825K(240128K)] 672229K->427338K(927104K), 0.0047680 secs] [Times: user=0.02 sys=0.00, real=0.00 secs] 
2014-07-08T04:57:24.576+0000: 2602.791: [GC [PSYoungGen: 240121K->694K(234240K)] 666634K->427263K(921216K), 0.0060300 secs] [Times: user=0.02 sys=0.01, real=0.01 secs] 
2014-07-08T04:57:25.220+0000: 2603.435: [GC [PSYoungGen: 234230K->854K(228928K)] 660799K->427487K(915904K), 0.0086220 secs] [Times: user=0.05 sys=0.00, real=0.00 secs] 
2014-07-08T04:57:25.909+0000: 2604.124: [GC [PSYoungGen: 228886K->701K(223424K)] 655519K->427398K(910400K), 0.0058680 secs] [Times: user=0.03 sys=0.00, real=0.01 secs] 
2014-07-08T04:57:26.677+0000: 2604.893: [GC [PSYoungGen: 223403K->932K(218560K)] 650100K->427686K(905536K), 0.0070860 secs] [Times: user=0.04 sys=0.00, real=0.01 secs] 
2014-07-08T04:57:27.442+0000: 2605.657: [GC [PSYoungGen: 218532K->936K(213632K)] 645286K->427761K(900608K), 0.0078230 secs] [Times: user=0.05 sys=0.00, real=0.01 secs] 
2014-07-08T04:57:27.993+0000: 2606.209: [GC [PSYoungGen: 213608K->744K(256000K)] 640433K->427625K(942976K), 0.0096950 secs] [Times: user=0.07 sys=0.00, real=0.01 secs] 
2014-07-08T04:57:28.798+0000: 2607.013: [GC [PSYoungGen: 255971K->776K(249728K)] 682852K->427721K(936704K), 0.0044680 secs] [Times: user=0.02 sys=0.00, real=0.01 secs] 
2014-07-08T04:57:29.659+0000: 2607.875: [GC [PSYoungGen: 249672K->1000K(243840K)] 676617K->427994K(930816K), 0.0070850 secs] [Times: user=0.04 sys=0.00, real=0.00 secs] 
2014-07-08T04:57:30.396+0000: 2608.611: [GC [PSYoungGen: 243811K->616K(237568K)] 670805K->428051K(924544K), 0.0036010 secs] [Times: user=0.02 sys=0.00, real=0.00 secs] 
2014-07-08T04:57:31.059+0000: 2609.274: [GC [PSYoungGen: 237544K->946K(232256K)] 664979K->428430K(919232K), 0.0068290 secs] [Times: user=0.03 sys=0.00, real=0.01 secs] 
2014-07-08T04:57:32.039+0000: 2610.254: [GC [PSYoungGen: 232203K->971K(226880K)] 659687K->428634K(913856K), 0.0078720 secs] [Times: user=0.05 sys=0.00, real=0.01 secs] 
2014-07-08T04:57:32.727+0000: 2610.943: [GC [PSYoungGen: 226827K->876K(221504K)] 654490K->428612K(908480K), 0.0071390 secs] [Times: user=0.05 sys=0.00, real=0.01 secs] 
2014-07-08T04:57:33.418+0000: 2611.634: [GC [PSYoungGen: 221451K->687K(265472K)] 649187K->428815K(952448K), 0.0111730 secs] [Times: user=0.08 sys=0.00, real=0.01 secs] 
2014-07-08T04:57:34.105+0000: 2612.320: [GC [PSYoungGen: 265451K->1260K(319040K)] 693579K->429492K(1006016K), 0.0081640 secs] [Times: user=0.05 sys=0.00, real=0.01 secs] 
2014-07-08T04:57:35.137+0000: 2613.352: [GC [PSYoungGen: 319020K->612K(381952K)] 747252K->429088K(1068928K), 0.0120100 secs] [Times: user=0.08 sys=0.00, real=0.01 secs] 
2014-07-08T04:57:36.552+0000: 2614.768: [GC [PSYoungGen: 381922K->1100K(371136K)] 810398K->429656K(1058112K), 0.0039760 secs] [Times: user=0.02 sys=0.00, real=0.00 secs] 
2014-07-08T04:57:37.732+0000: 2615.947: [GC [PSYoungGen: 371073K->882K(360000K)] 799629K->429510K(1046976K), 0.0027150 secs] [Times: user=0.02 sys=0.00, real=0.00 secs] 
2014-07-08T04:57:38.782+0000: 2616.997: [GC [PSYoungGen: 359986K->580K(349312K)] 788614K->429272K(1036288K), 0.0033050 secs] [Times: user=0.02 sys=0.00, real=0.00 secs] 
2014-07-08T04:57:39.943+0000: 2618.158: [GC [PSYoungGen: 349252K->1029K(339776K)] 777944K->429777K(1026752K), 0.0045120 secs] [Times: user=0.03 sys=0.00, real=0.00 secs] 
2014-07-08T04:57:40.986+0000: 2619.201: [GC [PSYoungGen: 339703K->876K(329984K)] 768451K->429688K(1016960K), 0.0064220 secs] [Times: user=0.04 sys=0.00, real=0.01 secs] 
2014-07-08T04:57:42.318+0000: 2620.534: [GC [PSYoungGen: 329914K->882K(320768K)] 758726K->429898K(1007744K), 0.0062450 secs] [Times: user=0.05 sys=0.00, real=0.01 secs] 
2014-07-08T04:57:43.186+0000: 2621.401: [GC [PSYoungGen: 320754K->854K(311936K)] 749770K->429934K(998912K), 0.0087220 secs] [Times: user=0.05 sys=0.00, real=0.01 secs] 
2014-07-08T04:57:44.206+0000: 2622.422: [GC [PSYoungGen: 311844K->1060K(303680K)] 740924K->430204K(990656K), 0.0059440 secs] [Times: user=0.04 sys=0.00, real=0.01 secs] 
2014-07-08T04:57:45.135+0000: 2623.351: [GC [PSYoungGen: 303652K->918K(295424K)] 732796K->430118K(982400K), 0.0069900 secs] [Times: user=0.02 sys=0.00, real=0.01 secs] 
2014-07-08T04:57:46.053+0000: 2624.269: [GC [PSYoungGen: 295382K->814K(287488K)] 724582K->430144K(974464K), 0.0104740 secs] [Times: user=0.08 sys=0.01, real=0.01 secs] 
2014-07-08T04:57:47.074+0000: 2625.289: [GC [PSYoungGen: 287470K->922K(280128K)] 716800K->430324K(967104K), 0.0070330 secs] [Times: user=0.05 sys=0.00, real=0.00 secs] 
2014-07-08T04:57:47.982+0000: 2626.198: [GC [PSYoungGen: 280090K->676K(272640K)] 709492K->430142K(959616K), 0.0040110 secs] [Times: user=0.02 sys=0.00, real=0.00 secs] 
2014-07-08T04:57:48.844+0000: 2627.060: [GC [PSYoungGen: 272612K->922K(265920K)] 702078K->430484K(952896K), 0.0059150 secs] [Times: user=0.03 sys=0.00, real=0.00 secs] 
2014-07-08T04:57:49.707+0000: 2627.923: [GC [PSYoungGen: 265860K->612K(258944K)] 695422K->430206K(945920K), 0.0067490 secs] [Times: user=0.03 sys=0.00, real=0.01 secs] 
2014-07-08T04:57:50.582+0000: 2628.798: [GC [PSYoungGen: 258916K->776K(252672K)] 688510K->430418K(939648K), 0.0085340 secs] [Times: user=0.05 sys=0.00, real=0.01 secs] 
2014-07-08T04:57:51.307+0000: 2629.522: [GC [PSYoungGen: 252588K->968K(246656K)] 682230K->430682K(933632K), 0.0072280 secs] [Times: user=0.05 sys=0.00, real=0.01 secs] 
2014-07-08T04:57:52.207+0000: 2630.423: [GC [PSYoungGen: 246600K->950K(240640K)] 676314K->430728K(927616K), 0.0105440 secs] [Times: user=0.08 sys=0.00, real=0.01 secs] 
2014-07-08T04:57:52.947+0000: 2631.162: [GC [PSYoungGen: 240630K->608K(234560K)] 670408K->430726K(921536K), 0.0085090 secs] [Times: user=0.05 sys=0.00, real=0.01 secs] 
2014-07-08T04:57:53.729+0000: 2631.944: [GC [PSYoungGen: 234528K->712K(281472K)] 664646K->430886K(968448K), 0.0092630 secs] [Times: user=0.07 sys=0.00, real=0.01 secs] 
2014-07-08T04:57:54.621+0000: 2632.836: [GC [PSYoungGen: 281416K->744K(274176K)] 711590K->431106K(961152K), 0.0071370 secs] [Times: user=0.04 sys=0.00, real=0.01 secs] 
2014-07-08T04:57:55.477+0000: 2633.693: [GC [PSYoungGen: 274152K->790K(267264K)] 704514K->431192K(954240K), 0.0051140 secs] [Times: user=0.02 sys=0.00, real=0.00 secs] 
2014-07-08T04:57:56.255+0000: 2634.470: [GC [PSYoungGen: 267215K->868K(260608K)] 697617K->431398K(947584K), 0.0088710 secs] [Times: user=0.06 sys=0.00, real=0.01 secs] 
2014-07-08T04:57:57.115+0000: 2635.331: [GC [PSYoungGen: 260565K->776K(254080K)] 691095K->431362K(941056K), 0.0061640 secs] [Times: user=0.05 sys=0.00, real=0.00 secs] 
2014-07-08T04:57:58.015+0000: 2636.231: [GC [PSYoungGen: 254024K->750K(247744K)] 684610K->431554K(934720K), 0.0044190 secs] [Times: user=0.02 sys=0.00, real=0.00 secs] 
2014-07-08T04:57:58.816+0000: 2637.031: [GC [PSYoungGen: 247726K->708K(241728K)] 678530K->431584K(928704K), 0.0065710 secs] [Times: user=0.04 sys=0.00, real=0.00 secs] 
2014-07-08T04:57:59.620+0000: 2637.836: [GC [PSYoungGen: 241660K->928K(236160K)] 672536K->432111K(923136K), 0.0032770 secs] [Times: user=0.02 sys=0.00, real=0.00 secs] 
2014-07-08T04:58:00.310+0000: 2638.526: [GC [PSYoungGen: 236098K->1096K(230784K)] 667281K->432343K(917760K), 0.0034220 secs] [Times: user=0.02 sys=0.00, real=0.00 secs] 
2014-07-08T04:58:00.981+0000: 2639.196: [GC [PSYoungGen: 230728K->626K(224896K)] 661975K->431929K(911872K), 0.0036050 secs] [Times: user=0.02 sys=0.00, real=0.01 secs] 
2014-07-08T04:58:01.800+0000: 2640.016: [GC [PSYoungGen: 224882K->822K(219904K)] 656185K->432197K(906880K), 0.0039630 secs] [Times: user=0.02 sys=0.00, real=0.01 secs] 
2014-07-08T04:58:02.591+0000: 2640.807: [GC [PSYoungGen: 219894K->1050K(215168K)] 651269K->432513K(902144K), 0.0051210 secs] [Times: user=0.03 sys=0.00, real=0.01 secs] 
2014-07-08T04:58:03.301+0000: 2641.517: [GC [PSYoungGen: 215119K->886K(210176K)] 646582K->432405K(897152K), 0.0038440 secs] [Times: user=0.02 sys=0.00, real=0.01 secs] 
2014-07-08T04:58:03.961+0000: 2642.177: [GC [PSYoungGen: 210166K->672K(205312K)] 641685K->432271K(892288K), 0.0089270 secs] [Times: user=0.07 sys=0.00, real=0.01 secs] 
2014-07-08T04:58:04.638+0000: 2642.854: [GC [PSYoungGen: 205180K->1003K(201152K)] 636779K->432675K(888128K), 0.0052050 secs] [Times: user=0.03 sys=0.00, real=0.00 secs] 
2014-07-08T04:58:05.263+0000: 2643.479: [GC [PSYoungGen: 201131K->786K(196608K)] 632803K->432513K(883584K), 0.0035150 secs] [Times: user=0.02 sys=0.00, real=0.01 secs] 
2014-07-08T04:58:05.896+0000: 2644.112: [GC [PSYoungGen: 196535K->765K(192320K)] 628262K->432572K(879296K), 0.0086810 secs] [Times: user=0.05 sys=0.00, real=0.00 secs] 
2014-07-08T04:58:06.529+0000: 2644.745: [GC [PSYoungGen: 192317K->1022K(188544K)] 624124K->432951K(875520K), 0.0056210 secs] [Times: user=0.02 sys=0.01, real=0.00 secs] 
2014-07-08T04:58:07.098+0000: 2645.314: [GC [PSYoungGen: 188496K->1002K(184640K)] 620426K->433004K(871616K), 0.0035390 secs] [Times: user=0.02 sys=0.00, real=0.00 secs] 
2014-07-08T04:58:07.820+0000: 2646.035: [GC [PSYoungGen: 184618K->562K(180416K)] 616620K->432651K(867392K), 0.0045730 secs] [Times: user=0.03 sys=0.00, real=0.00 secs] 
2014-07-08T04:58:08.431+0000: 2646.647: [GC [PSYoungGen: 180402K->1024K(177280K)] 612491K->433161K(864256K), 0.0045630 secs] [Times: user=0.02 sys=0.00, real=0.01 secs] 
2014-07-08T04:58:08.918+0000: 2647.134: [GC [PSYoungGen: 177216K->946K(173632K)] 609353K->433147K(860608K), 0.0036520 secs] [Times: user=0.02 sys=0.00, real=0.00 secs] 
2014-07-08T04:58:09.562+0000: 2647.778: [GC [PSYoungGen: 173576K->832K(170112K)] 605778K->433097K(857088K), 0.0084570 secs] [Times: user=0.06 sys=0.01, real=0.01 secs] 
2014-07-08T04:58:09.980+0000: 2648.195: [GC [PSYoungGen: 170048K->758K(203840K)] 602313K->433111K(890816K), 0.0069660 secs] [Times: user=0.05 sys=0.00, real=0.01 secs] 
2014-07-08T04:58:10.657+0000: 2648.873: [GC [PSYoungGen: 203830K->804K(199488K)] 636183K->433221K(886464K), 0.0053420 secs] [Times: user=0.02 sys=0.00, real=0.00 secs] 
2014-07-08T04:58:11.252+0000: 2649.468: [GC [PSYoungGen: 199458K->940K(195328K)] 631876K->433405K(882304K), 0.0055810 secs] [Times: user=0.02 sys=0.00, real=0.01 secs] 
2014-07-08T04:58:11.981+0000: 2650.196: [GC [PSYoungGen: 195230K->982K(191232K)] 627695K->433535K(878208K), 0.0063150 secs] [Times: user=0.04 sys=0.00, real=0.01 secs] 
2014-07-08T04:58:12.716+0000: 2650.932: [GC [PSYoungGen: 191190K->484K(186688K)] 623743K->433617K(873664K), 0.0036440 secs] [Times: user=0.02 sys=0.00, real=0.00 secs] 
2014-07-08T04:58:13.337+0000: 2651.553: [GC [PSYoungGen: 186658K->1040K(183360K)] 619792K->434238K(870336K), 0.0063170 secs] [Times: user=0.04 sys=0.00, real=0.00 secs] 
2014-07-08T04:58:13.849+0000: 2652.065: [GC [PSYoungGen: 183312K->512K(179072K)] 616510K->433873K(866048K), 0.0035020 secs] [Times: user=0.02 sys=0.00, real=0.00 secs] 
2014-07-08T04:58:14.473+0000: 2652.689: [GC [PSYoungGen: 179072K->960K(215296K)] 612433K->434386K(902272K), 0.0108500 secs] [Times: user=0.07 sys=0.00, real=0.01 secs] 
2014-07-08T04:58:15.044+0000: 2653.260: [GC [PSYoungGen: 215231K->758K(257920K)] 648657K->434247K(944896K), 0.0083120 secs] [Times: user=0.05 sys=0.00, real=0.01 secs] 
2014-07-08T04:58:15.879+0000: 2654.095: [GC [PSYoungGen: 257849K->861K(309504K)] 691339K->434407K(996480K), 0.0091060 secs] [Times: user=0.06 sys=0.00, real=0.01 secs] 
2014-07-08T04:58:16.809+0000: 2655.024: [GC [PSYoungGen: 309469K->630K(361920K)] 743015K->434223K(1048896K), 0.0066890 secs] [Times: user=0.04 sys=0.00, real=0.00 secs] 
2014-07-08T04:58:18.097+0000: 2656.313: [GC [PSYoungGen: 361590K->712K(351232K)] 795183K->434353K(1038208K), 0.0039620 secs] [Times: user=0.02 sys=0.00, real=0.00 secs] 
2014-07-08T04:58:19.166+0000: 2657.382: [GC [PSYoungGen: 351176K->562K(340992K)] 784817K->434555K(1027968K), 0.0036050 secs] [Times: user=0.02 sys=0.01, real=0.01 secs] 
2014-07-08T04:58:20.303+0000: 2658.518: [GC [PSYoungGen: 340978K->946K(331712K)] 774971K->435004K(1018688K), 0.0087200 secs] [Times: user=0.06 sys=0.00, real=0.01 secs] 
2014-07-08T04:58:21.271+0000: 2659.487: [GC [PSYoungGen: 331656K->946K(322432K)] 765714K->435158K(1009408K), 0.0063580 secs] [Times: user=0.05 sys=0.01, real=0.01 secs] 
2014-07-08T04:58:22.366+0000: 2660.582: [GC [PSYoungGen: 322418K->954K(313536K)] 756630K->435222K(1000512K), 0.0039210 secs] [Times: user=0.03 sys=0.00, real=0.01 secs] 
2014-07-08T04:58:23.520+0000: 2661.735: [GC [PSYoungGen: 313529K->694K(304768K)] 747797K->435082K(991744K), 0.0071470 secs] [Times: user=0.05 sys=0.00, real=0.00 secs] 
2014-07-08T04:58:24.410+0000: 2662.625: [GC [PSYoungGen: 304748K->1192K(297088K)] 739136K->435668K(984064K), 0.0074940 secs] [Times: user=0.06 sys=0.00, real=0.00 secs] 
2014-07-08T04:58:25.297+0000: 2663.513: [GC [PSYoungGen: 297064K->672K(288704K)] 731540K->435474K(975680K), 0.0039030 secs] [Times: user=0.02 sys=0.00, real=0.01 secs] 
2014-07-08T04:58:26.168+0000: 2664.384: [GC [PSYoungGen: 288672K->1021K(281472K)] 723474K->435887K(968448K), 0.0155320 secs] [Times: user=0.11 sys=0.00, real=0.02 secs] 
2014-07-08T04:58:27.002+0000: 2665.217: [GC [PSYoungGen: 281469K->758K(273920K)] 716335K->435762K(960896K), 0.0031700 secs] [Times: user=0.02 sys=0.00, real=0.00 secs] 
2014-07-08T04:58:28.100+0000: 2666.315: [GC [PSYoungGen: 273890K->1302K(267520K)] 708894K->436436K(954496K), 0.0066310 secs] [Times: user=0.04 sys=0.00, real=0.00 secs] 
2014-07-08T04:58:28.873+0000: 2667.089: [GC [PSYoungGen: 267386K->622K(260096K)] 702520K->436052K(947072K), 0.0032490 secs] [Times: user=0.02 sys=0.00, real=0.00 secs] 
2014-07-08T04:58:29.709+0000: 2667.925: [GC [PSYoungGen: 260077K->744K(253760K)] 695507K->436230K(940736K), 0.0035600 secs] [Times: user=0.02 sys=0.00, real=0.00 secs] 
2014-07-08T04:58:30.539+0000: 2668.755: [GC [PSYoungGen: 253736K->1128K(247936K)] 689222K->436686K(934912K), 0.0066300 secs] [Times: user=0.04 sys=0.00, real=0.01 secs] 
2014-07-08T04:58:31.196+0000: 2669.411: [GC [PSYoungGen: 247912K->890K(241664K)] 683470K->436488K(928640K), 0.0049220 secs] [Times: user=0.02 sys=0.00, real=0.01 secs] 
2014-07-08T04:58:31.954+0000: 2670.170: [GC [PSYoungGen: 241658K->818K(235840K)] 677256K->436480K(922816K), 0.0079670 secs] [Times: user=0.06 sys=0.00, real=0.01 secs] 
2014-07-08T04:58:32.774+0000: 2670.989: [GC [PSYoungGen: 235826K->804K(230272K)] 671488K->436538K(917248K), 0.0079540 secs] [Times: user=0.05 sys=0.00, real=0.01 secs] 
2014-07-08T04:58:33.602+0000: 2671.818: [GC [PSYoungGen: 230244K->978K(225088K)] 665978K->436776K(912064K), 0.0073680 secs] [Times: user=0.04 sys=0.00, real=0.01 secs] 
2014-07-08T04:58:34.362+0000: 2672.578: [GC [PSYoungGen: 225001K->1010K(219904K)] 660800K->436880K(906880K), 0.0085770 secs] [Times: user=0.04 sys=0.00, real=0.01 secs] 
2014-07-08T04:58:34.997+0000: 2673.213: [GC [PSYoungGen: 219890K->694K(214592K)] 655760K->436676K(901568K), 0.0042920 secs] [Times: user=0.02 sys=0.00, real=0.01 secs] 
2014-07-08T04:58:35.732+0000: 2673.947: [GC [PSYoungGen: 214581K->698K(209792K)] 650564K->436720K(896768K), 0.0090330 secs] [Times: user=0.06 sys=0.00, real=0.01 secs] 
2014-07-08T04:58:36.397+0000: 2674.612: [GC [PSYoungGen: 209786K->800K(205248K)] 645808K->436862K(892224K), 0.0055370 secs] [Times: user=0.02 sys=0.00, real=0.01 secs] 
2014-07-08T04:58:36.901+0000: 2675.117: [GC [PSYoungGen: 205216K->712K(200704K)] 641278K->436814K(887680K), 0.0058170 secs] [Times: user=0.01 sys=0.01, real=0.00 secs] 
2014-07-08T04:58:37.724+0000: 2675.940: [GC [PSYoungGen: 200648K->946K(196544K)] 636750K->437112K(883520K), 0.0062030 secs] [Times: user=0.03 sys=0.00, real=0.01 secs] 
2014-07-08T04:58:38.235+0000: 2676.451: [GC [PSYoungGen: 196530K->854K(235648K)] 632696K->437076K(922624K), 0.0076440 secs] [Times: user=0.04 sys=0.01, real=0.01 secs] 
2014-07-08T04:58:39.048+0000: 2677.264: [GC [PSYoungGen: 235573K->744K(229952K)] 671795K->437030K(916928K), 0.0038120 secs] [Times: user=0.02 sys=0.00, real=0.01 secs] 
2014-07-08T04:58:39.806+0000: 2678.021: [GC [PSYoungGen: 229928K->694K(224512K)] 666214K->437068K(911488K), 0.0078610 secs] [Times: user=0.04 sys=0.00, real=0.01 secs] 
2014-07-08T04:58:40.533+0000: 2678.749: [GC [PSYoungGen: 224502K->750K(219392K)] 660876K->437188K(906368K), 0.0060060 secs] [Times: user=0.04 sys=0.01, real=0.00 secs] 
2014-07-08T04:58:41.140+0000: 2679.356: [GC [PSYoungGen: 219374K->900K(214592K)] 655812K->437394K(901568K), 0.0069260 secs] [Times: user=0.05 sys=0.00, real=0.00 secs] 
2014-07-08T04:58:41.891+0000: 2680.107: [GC [PSYoungGen: 214532K->694K(257088K)] 651026K->437260K(944064K), 0.0133860 secs] [Times: user=0.09 sys=0.00, real=0.01 secs] 
2014-07-08T04:58:42.724+0000: 2680.940: [GC [PSYoungGen: 257078K->726K(308480K)] 693644K->437356K(995456K), 0.0079050 secs] [Times: user=0.04 sys=0.01, real=0.01 secs] 
2014-07-08T04:58:43.814+0000: 2682.029: [GC [PSYoungGen: 308438K->1018K(348480K)] 745068K->437924K(1035456K), 0.0094700 secs] [Times: user=0.07 sys=0.00, real=0.01 secs] 
2014-07-08T04:58:44.834+0000: 2683.050: [GC [PSYoungGen: 348448K->676K(338240K)] 785354K->437638K(1025216K), 0.0076660 secs] [Times: user=0.06 sys=0.00, real=0.01 secs] 
2014-07-08T04:58:45.928+0000: 2684.144: [GC [PSYoungGen: 338212K->630K(328640K)] 775174K->437664K(1015616K), 0.0060600 secs] [Times: user=0.03 sys=0.00, real=0.01 secs] 
2014-07-08T04:58:46.928+0000: 2685.144: [GC [PSYoungGen: 328628K->1046K(319936K)] 765662K->438144K(1006912K), 0.0076460 secs] [Times: user=0.04 sys=0.00, real=0.01 secs] 
2014-07-08T04:58:48.030+0000: 2686.246: [GC [PSYoungGen: 319894K->868K(310976K)] 756992K->438047K(997952K), 0.0092390 secs] [Times: user=0.07 sys=0.00, real=0.01 secs] 
2014-07-08T04:58:49.075+0000: 2687.290: [GC [PSYoungGen: 310933K->940K(302592K)] 748111K->438182K(989568K), 0.0038170 secs] [Times: user=0.02 sys=0.00, real=0.00 secs] 
2014-07-08T04:58:49.988+0000: 2688.203: [GC [PSYoungGen: 302572K->712K(294272K)] 739814K->438002K(981248K), 0.0044750 secs] [Times: user=0.02 sys=0.00, real=0.01 secs] 
2014-07-08T04:58:50.870+0000: 2689.086: [GC [PSYoungGen: 294216K->776K(286528K)] 731506K->438138K(973504K), 0.0069080 secs] [Times: user=0.05 sys=0.00, real=0.01 secs] 
2014-07-08T04:58:51.837+0000: 2690.052: [GC [PSYoungGen: 286472K->626K(278848K)] 723834K->438052K(965824K), 0.0037280 secs] [Times: user=0.02 sys=0.00, real=0.00 secs] 
2014-07-08T04:58:52.791+0000: 2691.007: [GC [PSYoungGen: 278834K->744K(271808K)] 716260K->438234K(958784K), 0.0061330 secs] [Times: user=0.04 sys=0.00, real=0.01 secs] 
2014-07-08T04:58:53.617+0000: 2691.833: [GC [PSYoungGen: 271784K->530K(264704K)] 709274K->438092K(951680K), 0.0066870 secs] [Times: user=0.05 sys=0.01, real=0.01 secs] 
2014-07-08T04:58:54.498+0000: 2692.714: [GC [PSYoungGen: 264658K->1078K(258560K)] 702220K->438728K(945536K), 0.0062470 secs] [Times: user=0.04 sys=0.00, real=0.01 secs] 
2014-07-08T04:58:55.384+0000: 2693.599: [GC [PSYoungGen: 258509K->836K(251968K)] 696159K->438550K(938944K), 0.0041630 secs] [Times: user=0.02 sys=0.00, real=0.00 secs] 
2014-07-08T04:58:56.131+0000: 2694.346: [GC [PSYoungGen: 251874K->694K(245632K)] 689589K->438464K(932608K), 0.0115530 secs] [Times: user=0.08 sys=0.00, real=0.01 secs] 
2014-07-08T04:58:56.871+0000: 2695.087: [GC [PSYoungGen: 245622K->1002K(240000K)] 683392K->438853K(926976K), 0.0069560 secs] [Times: user=0.04 sys=0.00, real=0.01 secs] 
2014-07-08T04:58:57.725+0000: 2695.941: [GC [PSYoungGen: 239973K->1226K(234560K)] 677824K->439157K(921536K), 0.0070720 secs] [Times: user=0.04 sys=0.00, real=0.00 secs] 
2014-07-08T04:58:58.414+0000: 2696.629: [GC [PSYoungGen: 234506K->306K(228096K)] 672437K->438779K(915072K), 0.0076890 secs] [Times: user=0.05 sys=0.00, real=0.00 secs] 
2014-07-08T04:58:59.134+0000: 2697.350: [GC [PSYoungGen: 228043K->1226K(223744K)] 666516K->439739K(910720K), 0.0061470 secs] [Times: user=0.04 sys=0.00, real=0.00 secs] 
2014-07-08T04:58:59.909+0000: 2698.125: [GC [PSYoungGen: 223690K->868K(218240K)] 662203K->439859K(905216K), 0.0068440 secs] [Times: user=0.05 sys=0.00, real=0.01 secs] 
2014-07-08T04:59:00.667+0000: 2698.883: [GC [PSYoungGen: 218212K->1160K(213632K)] 657203K->440223K(900608K), 0.0063580 secs] [Times: user=0.03 sys=0.00, real=0.01 secs] 
2014-07-08T04:59:01.326+0000: 2699.542: [GC [PSYoungGen: 213576K->748K(255680K)] 652639K->440007K(942656K), 0.0157120 secs] [Times: user=0.10 sys=0.00, real=0.01 secs] 
2014-07-08T04:59:02.028+0000: 2700.244: [GC [PSYoungGen: 255649K->1135K(307072K)] 694909K->440458K(994048K), 0.0083700 secs] [Times: user=0.05 sys=0.00, real=0.01 secs] 
2014-07-08T04:59:03.141+0000: 2701.357: [GC [PSYoungGen: 307055K->858K(339136K)] 746378K->440345K(1026112K), 0.0088330 secs] [Times: user=0.07 sys=0.00, real=0.01 secs] 
2014-07-08T04:59:04.244+0000: 2702.460: [GC [PSYoungGen: 339034K->840K(329536K)] 778521K->440391K(1016512K), 0.0073400 secs] [Times: user=0.04 sys=0.00, real=0.00 secs] 
2014-07-08T04:59:05.477+0000: 2703.692: [GC [PSYoungGen: 329468K->558K(320064K)] 769019K->440819K(1007040K), 0.0072550 secs] [Times: user=0.05 sys=0.00, real=0.00 secs] 
2014-07-08T04:59:06.502+0000: 2704.718: [GC [PSYoungGen: 320046K->1192K(311872K)] 760307K->441510K(998848K), 0.0032280 secs] [Times: user=0.02 sys=0.00, real=0.01 secs] 
2014-07-08T04:59:07.546+0000: 2705.762: [GC [PSYoungGen: 311848K->690K(302912K)] 752166K->441253K(989888K), 0.0043820 secs] [Times: user=0.02 sys=0.00, real=0.00 secs] 
2014-07-08T04:59:08.496+0000: 2706.712: [GC [PSYoungGen: 302898K->1156K(295296K)] 743461K->441784K(982272K), 0.0058350 secs] [Times: user=0.03 sys=0.00, real=0.00 secs] 
2014-07-08T04:59:09.347+0000: 2707.562: [GC [PSYoungGen: 295236K->908K(287232K)] 735864K->441575K(974208K), 0.0051280 secs] [Times: user=0.02 sys=0.00, real=0.00 secs] 
2014-07-08T04:59:10.388+0000: 2708.604: [GC [PSYoungGen: 287180K->772K(279616K)] 727847K->441511K(966592K), 0.0035850 secs] [Times: user=0.02 sys=0.00, real=0.00 secs] 
2014-07-08T04:59:11.180+0000: 2709.395: [GC [PSYoungGen: 279556K->854K(272448K)] 720295K->441657K(959424K), 0.0082170 secs] [Times: user=0.04 sys=0.00, real=0.01 secs] 
2014-07-08T04:59:12.074+0000: 2710.289: [GC [PSYoungGen: 272379K->1160K(265856K)] 713182K->442020K(952832K), 0.0052610 secs] [Times: user=0.04 sys=0.00, real=0.01 secs] 
2014-07-08T04:59:12.993+0000: 2711.209: [GC [PSYoungGen: 265799K->736K(258752K)] 706658K->441790K(945728K), 0.0076610 secs] [Times: user=0.06 sys=0.00, real=0.01 secs] 
2014-07-08T04:59:13.809+0000: 2712.025: [GC [PSYoungGen: 258720K->890K(252480K)] 699774K->441983K(939456K), 0.0086660 secs] [Times: user=0.05 sys=0.00, real=0.01 secs] 
2014-07-08T04:59:14.732+0000: 2712.947: [GC [PSYoungGen: 252474K->1104K(246528K)] 693567K->442327K(933504K), 0.0085410 secs] [Times: user=0.07 sys=0.00, real=0.01 secs] 
2014-07-08T04:59:15.482+0000: 2713.698: [GC [PSYoungGen: 246480K->1106K(240576K)] 687703K->442386K(927552K), 0.0055570 secs] [Times: user=0.02 sys=0.00, real=0.01 secs] 
2014-07-08T04:59:16.119+0000: 2714.334: [GC [PSYoungGen: 240507K->552K(234240K)] 681786K->442009K(921216K), 0.0031820 secs] [Times: user=0.02 sys=0.00, real=0.00 secs] 
2014-07-08T04:59:16.885+0000: 2715.101: [GC [PSYoungGen: 234216K->740K(228928K)] 675673K->442253K(915904K), 0.0041480 secs] [Times: user=0.01 sys=0.00, real=0.01 secs] 
2014-07-08T04:59:17.636+0000: 2715.851: [GC [PSYoungGen: 228895K->1018K(223872K)] 670409K->442680K(910848K), 0.0102890 secs] [Times: user=0.06 sys=0.00, real=0.02 secs] 
2014-07-08T04:59:18.352+0000: 2716.568: [GC [PSYoungGen: 223866K->790K(218560K)] 665528K->442523K(905536K), 0.0066090 secs] [Times: user=0.04 sys=0.00, real=0.01 secs] 
2014-07-08T04:59:18.987+0000: 2717.202: [GC [PSYoungGen: 218518K->762K(213568K)] 660251K->442543K(900544K), 0.0080370 secs] [Times: user=0.05 sys=0.01, real=0.00 secs] 
2014-07-08T04:59:19.803+0000: 2718.019: [GC [PSYoungGen: 213562K->772K(208832K)] 655343K->442617K(895808K), 0.0072220 secs] [Times: user=0.05 sys=0.01, real=0.01 secs] 
2014-07-08T04:59:20.447+0000: 2718.662: [GC [PSYoungGen: 208729K->993K(250624K)] 650575K->442887K(937600K), 0.0094540 secs] [Times: user=0.06 sys=0.00, real=0.01 secs] 
2014-07-08T04:59:21.147+0000: 2719.363: [GC [PSYoungGen: 250589K->861K(300416K)] 692483K->442819K(987392K), 0.0071720 secs] [Times: user=0.05 sys=0.00, real=0.00 secs] 
2014-07-08T04:59:22.109+0000: 2720.325: [GC [PSYoungGen: 300381K->740K(292288K)] 742339K->442777K(979264K), 0.0065270 secs] [Times: user=0.04 sys=0.00, real=0.00 secs] 
2014-07-08T04:59:23.076+0000: 2721.292: [GC [PSYoungGen: 292260K->694K(284544K)] 734297K->442771K(971520K), 0.0097190 secs] [Times: user=0.07 sys=0.00, real=0.01 secs] 
2014-07-08T04:59:23.994+0000: 2722.209: [GC [PSYoungGen: 284534K->776K(277248K)] 726611K->442909K(964224K), 0.0098430 secs] [Times: user=0.05 sys=0.00, real=0.01 secs] 
2014-07-08T04:59:24.947+0000: 2723.163: [GC [PSYoungGen: 277192K->804K(270144K)] 719325K->443025K(957120K), 0.0088390 secs] [Times: user=0.07 sys=0.01, real=0.00 secs] 
2014-07-08T04:59:25.821+0000: 2724.037: [GC [PSYoungGen: 270116K->726K(263232K)] 712337K->442995K(950208K), 0.0036900 secs] [Times: user=0.02 sys=0.00, real=0.00 secs] 
2014-07-08T04:59:26.643+0000: 2724.858: [GC [PSYoungGen: 263190K->644K(256576K)] 705459K->442977K(943552K), 0.0064110 secs] [Times: user=0.03 sys=0.00, real=0.01 secs] 
2014-07-08T04:59:27.423+0000: 2725.639: [GC [PSYoungGen: 256516K->996K(250560K)] 698849K->443476K(937536K), 0.0071880 secs] [Times: user=0.05 sys=0.00, real=0.01 secs] 
2014-07-08T04:59:28.244+0000: 2726.460: [GC [PSYoungGen: 250532K->858K(244352K)] 693012K->443393K(931328K), 0.0072920 secs] [Times: user=0.04 sys=0.00, real=0.01 secs] 
2014-07-08T04:59:29.011+0000: 2727.226: [GC [PSYoungGen: 244314K->672K(238272K)] 686849K->443264K(925248K), 0.0040730 secs] [Times: user=0.02 sys=0.00, real=0.00 secs] 
2014-07-08T04:59:29.911+0000: 2728.127: [GC [PSYoungGen: 238240K->938K(232832K)] 680832K->443594K(919808K), 0.0038110 secs] [Times: user=0.02 sys=0.00, real=0.00 secs] 
2014-07-08T04:59:30.640+0000: 2728.856: [GC [PSYoungGen: 232810K->794K(227264K)] 675466K->443553K(914240K), 0.0065530 secs] [Times: user=0.04 sys=0.00, real=0.00 secs] 
2014-07-08T04:59:31.434+0000: 2729.650: [GC [PSYoungGen: 227226K->794K(222016K)] 669985K->443593K(908992K), 0.0045530 secs] [Times: user=0.03 sys=0.00, real=0.01 secs] 
2014-07-08T04:59:32.154+0000: 2730.370: [GC [PSYoungGen: 221978K->516K(216704K)] 664777K->443347K(903680K), 0.0111380 secs] [Times: user=0.06 sys=0.00, real=0.01 secs] 
2014-07-08T04:59:32.958+0000: 2731.174: [GC [PSYoungGen: 216644K->868K(212096K)] 659475K->443779K(899072K), 0.0041930 secs] [Times: user=0.02 sys=0.00, real=0.00 secs] 
2014-07-08T04:59:33.657+0000: 2731.872: [GC [PSYoungGen: 212061K->516K(207040K)] 654973K->443491K(894016K), 0.0071750 secs] [Times: user=0.05 sys=0.00, real=0.01 secs] 
2014-07-08T04:59:34.392+0000: 2732.608: [GC [PSYoungGen: 206980K->878K(202816K)] 649955K->443934K(889792K), 0.0066190 secs] [Times: user=0.04 sys=0.00, real=0.01 secs] 
2014-07-08T04:59:35.128+0000: 2733.344: [GC [PSYoungGen: 202798K->832K(198400K)] 645854K->443936K(885376K), 0.0083470 secs] [Times: user=0.05 sys=0.00, real=0.00 secs] 
2014-07-08T04:59:35.792+0000: 2734.008: [GC [PSYoungGen: 198336K->662K(193984K)] 641440K->443829K(880960K), 0.0033660 secs] [Times: user=0.02 sys=0.00, real=0.00 secs] 
2014-07-08T04:59:36.464+0000: 2734.679: [GC [PSYoungGen: 193902K->776K(190016K)] 637070K->443991K(876992K), 0.0077920 secs] [Times: user=0.05 sys=0.01, real=0.01 secs] 
2014-07-08T04:59:37.071+0000: 2735.287: [GC [PSYoungGen: 189960K->676K(185920K)] 633175K->443995K(872896K), 0.0082540 secs] [Times: user=0.06 sys=0.01, real=0.01 secs] 
2014-07-08T04:59:37.712+0000: 2735.927: [GC [PSYoungGen: 185892K->644K(182080K)] 629211K->444075K(869056K), 0.0053500 secs] [Times: user=0.03 sys=0.00, real=0.00 secs] 
2014-07-08T04:59:38.355+0000: 2736.571: [GC [PSYoungGen: 182009K->1078K(178752K)] 625440K->444582K(865728K), 0.0040550 secs] [Times: user=0.02 sys=0.00, real=0.01 secs] 
2014-07-08T04:59:38.947+0000: 2737.163: [GC [PSYoungGen: 178702K->438K(174528K)] 622206K->444336K(861504K), 0.0046380 secs] [Times: user=0.03 sys=0.00, real=0.01 secs] 
2014-07-08T04:59:39.554+0000: 2737.769: [GC [PSYoungGen: 174507K->662K(171328K)] 618405K->444608K(858304K), 0.0061210 secs] [Times: user=0.04 sys=0.00, real=0.01 secs] 
2014-07-08T04:59:40.143+0000: 2738.359: [GC [PSYoungGen: 171286K->698K(167936K)] 615232K->444758K(854912K), 0.0033100 secs] [Times: user=0.02 sys=0.00, real=0.00 secs] 
2014-07-08T04:59:40.768+0000: 2738.983: [GC [PSYoungGen: 167856K->822K(164800K)] 611916K->444962K(851776K), 0.0067990 secs] [Times: user=0.03 sys=0.00, real=0.01 secs] 
2014-07-08T04:59:41.315+0000: 2739.531: [GC [PSYoungGen: 164774K->808K(161664K)] 608914K->444996K(848640K), 0.0066580 secs] [Times: user=0.04 sys=0.00, real=0.01 secs] 
2014-07-08T04:59:41.868+0000: 2740.083: [GC [PSYoungGen: 161640K->826K(158592K)] 605828K->445110K(845568K), 0.0059070 secs] [Times: user=0.04 sys=0.01, real=0.01 secs] 
2014-07-08T04:59:42.430+0000: 2740.646: [GC [PSYoungGen: 158586K->694K(190016K)] 602870K->445318K(876992K), 0.0066250 secs] [Times: user=0.05 sys=0.00, real=0.00 secs] 
2014-07-08T04:59:43.152+0000: 2741.368: [GC [PSYoungGen: 190006K->1120K(228352K)] 634630K->446045K(915328K), 0.0075700 secs] [Times: user=0.04 sys=0.01, real=0.00 secs] 
2014-07-08T04:59:43.897+0000: 2742.113: [GC [PSYoungGen: 228276K->502K(222400K)] 673201K->445656K(909376K), 0.0037390 secs] [Times: user=0.02 sys=0.00, real=0.01 secs] 
2014-07-08T04:59:44.684+0000: 2742.900: [GC [PSYoungGen: 222355K->612K(217408K)] 667510K->445822K(904384K), 0.0064030 secs] [Times: user=0.05 sys=0.00, real=0.01 secs] 
2014-07-08T04:59:45.479+0000: 2743.694: [GC [PSYoungGen: 217358K->896K(212800K)] 662569K->446155K(899776K), 0.0038860 secs] [Times: user=0.02 sys=0.01, real=0.01 secs] 
2014-07-08T04:59:46.195+0000: 2744.411: [GC [PSYoungGen: 212736K->882K(208000K)] 657995K->446197K(894976K), 0.0083090 secs] [Times: user=0.06 sys=0.01, real=0.01 secs] 
2014-07-08T04:59:46.943+0000: 2745.159: [GC [PSYoungGen: 207986K->874K(203392K)] 653301K->446391K(890368K), 0.0069120 secs] [Times: user=0.04 sys=0.00, real=0.01 secs] 
2014-07-08T04:59:47.647+0000: 2745.863: [GC [PSYoungGen: 203342K->648K(198784K)] 648859K->446196K(885760K), 0.0040530 secs] [Times: user=0.02 sys=0.00, real=0.01 secs] 
2014-07-08T04:59:48.432+0000: 2746.648: [GC [PSYoungGen: 198728K->896K(194752K)] 644276K->446485K(881728K), 0.0098420 secs] [Times: user=0.05 sys=0.00, real=0.01 secs] 
2014-07-08T04:59:49.032+0000: 2747.248: [GC [PSYoungGen: 194688K->716K(190464K)] 640277K->446368K(877440K), 0.0051570 secs] [Times: user=0.03 sys=0.00, real=0.00 secs] 
2014-07-08T04:59:49.709+0000: 2747.924: [GC [PSYoungGen: 190412K->598K(186368K)] 636064K->446306K(873344K), 0.0064740 secs] [Times: user=0.04 sys=0.00, real=0.01 secs] 
2014-07-08T04:59:50.425+0000: 2748.641: [GC [PSYoungGen: 186326K->1136K(224064K)] 632034K->446900K(911040K), 0.0108740 secs] [Times: user=0.07 sys=0.00, real=0.01 secs] 
2014-07-08T04:59:51.168+0000: 2749.384: [GC [PSYoungGen: 224048K->708K(268288K)] 669812K->446528K(955264K), 0.0068000 secs] [Times: user=0.03 sys=0.00, real=0.01 secs] 
2014-07-08T04:59:52.133+0000: 2750.349: [GC [PSYoungGen: 268220K->680K(261440K)] 714041K->446572K(948416K), 0.0040420 secs] [Times: user=0.02 sys=0.00, real=0.00 secs] 
2014-07-08T04:59:53.058+0000: 2751.273: [GC [PSYoungGen: 261416K->780K(255040K)] 707308K->446720K(942016K), 0.0039430 secs] [Times: user=0.02 sys=0.00, real=0.01 secs] 
2014-07-08T04:59:53.972+0000: 2752.188: [GC [PSYoungGen: 254988K->616K(248576K)] 700928K->446620K(935552K), 0.0029290 secs] [Times: user=0.02 sys=0.00, real=0.00 secs] 
2014-07-08T04:59:54.853+0000: 2753.069: [GC [PSYoungGen: 248552K->818K(298368K)] 694556K->446887K(985344K), 0.0193920 secs] [Times: user=0.13 sys=0.01, real=0.02 secs] 
2014-07-08T04:59:55.923+0000: 2754.139: [GC [PSYoungGen: 298354K->715K(290368K)] 744423K->446831K(977344K), 0.0043180 secs] [Times: user=0.02 sys=0.00, real=0.00 secs] 
2014-07-08T04:59:56.962+0000: 2755.177: [GC [PSYoungGen: 290315K->598K(282624K)] 736431K->446762K(969600K), 0.0105680 secs] [Times: user=0.07 sys=0.00, real=0.02 secs] 
2014-07-08T04:59:57.954+0000: 2756.170: [GC [PSYoungGen: 282541K->898K(275584K)] 728706K->447110K(962560K), 0.0071850 secs] [Times: user=0.05 sys=0.00, real=0.00 secs] 
2014-07-08T04:59:58.967+0000: 2757.182: [GC [PSYoungGen: 275522K->666K(268288K)] 721734K->446934K(955264K), 0.0034040 secs] [Times: user=0.02 sys=0.00, real=0.00 secs] 
2014-07-08T04:59:59.870+0000: 2758.085: [GC [PSYoungGen: 268250K->648K(261504K)] 714518K->446972K(948480K), 0.0079870 secs] [Times: user=0.04 sys=0.00, real=0.01 secs] 
2014-07-08T05:00:00.794+0000: 2759.009: [GC [PSYoungGen: 261448K->612K(254912K)] 707772K->447008K(941888K), 0.0062740 secs] [Times: user=0.04 sys=0.00, real=0.00 secs] 
2014-07-08T05:00:01.686+0000: 2759.902: [GC [PSYoungGen: 254884K->754K(248768K)] 701280K->447215K(935744K), 0.0104110 secs] [Times: user=0.07 sys=0.00, real=0.01 secs] 
2014-07-08T05:00:02.590+0000: 2760.806: [GC [PSYoungGen: 248754K->544K(242496K)] 695215K->447044K(929472K), 0.0037920 secs] [Times: user=0.01 sys=0.00, real=0.01 secs] 
2014-07-08T05:00:03.584+0000: 2761.799: [GC [PSYoungGen: 242464K->1128K(237248K)] 688964K->447759K(924224K), 0.0066210 secs] [Times: user=0.04 sys=0.00, real=0.00 secs] 
2014-07-08T05:00:04.318+0000: 2762.534: [GC [PSYoungGen: 237214K->612K(231104K)] 683844K->447314K(918080K), 0.0120910 secs] [Times: user=0.08 sys=0.00, real=0.01 secs] 
2014-07-08T05:00:05.069+0000: 2763.285: [GC [PSYoungGen: 231076K->648K(277312K)] 677778K->447406K(964288K), 0.0097030 secs] [Times: user=0.06 sys=0.00, real=0.01 secs] 
2014-07-08T05:00:06.060+0000: 2764.276: [GC [PSYoungGen: 277255K->900K(270464K)] 724013K->447739K(957440K), 0.0082010 secs] [Times: user=0.05 sys=0.00, real=0.01 secs] 
2014-07-08T05:00:07.013+0000: 2765.229: [GC [PSYoungGen: 270404K->680K(263360K)] 717243K->447582K(950336K), 0.0075350 secs] [Times: user=0.04 sys=0.01, real=0.00 secs] 
2014-07-08T05:00:07.962+0000: 2766.178: [GC [PSYoungGen: 263336K->630K(256704K)] 710238K->447588K(943680K), 0.0071600 secs] [Times: user=0.05 sys=0.00, real=0.01 secs] 
2014-07-08T05:00:08.885+0000: 2767.100: [GC [PSYoungGen: 256694K->722K(250496K)] 703652K->447752K(937472K), 0.0080470 secs] [Times: user=0.05 sys=0.00, real=0.00 secs] 
2014-07-08T05:00:09.818+0000: 2768.033: [GC [PSYoungGen: 250450K->812K(244416K)] 697480K->447882K(931392K), 0.0109690 secs] [Times: user=0.07 sys=0.00, real=0.01 secs] 
2014-07-08T05:00:10.666+0000: 2768.881: [GC [PSYoungGen: 244396K->612K(292992K)] 691466K->447722K(979968K), 0.0137260 secs] [Times: user=0.07 sys=0.00, real=0.01 secs] 
2014-07-08T05:00:11.668+0000: 2769.883: [GC [PSYoungGen: 292964K->566K(285184K)] 740074K->447716K(972160K), 0.0057640 secs] [Times: user=0.04 sys=0.00, real=0.00 secs] 
2014-07-08T05:00:12.680+0000: 2770.896: [GC [PSYoungGen: 285174K->612K(277824K)] 732324K->447826K(964800K), 0.0107950 secs] [Times: user=0.07 sys=0.00, real=0.01 secs] 
2014-07-08T05:00:13.719+0000: 2771.935: [GC [PSYoungGen: 277748K->726K(270784K)] 724963K->448012K(957760K), 0.0092000 secs] [Times: user=0.06 sys=0.01, real=0.01 secs] 
2014-07-08T05:00:14.615+0000: 2772.831: [GC [PSYoungGen: 270742K->718K(263936K)] 718028K->448085K(950912K), 0.0050780 secs] [Times: user=0.03 sys=0.00, real=0.00 secs] 
2014-07-08T05:00:15.594+0000: 2773.809: [GC [PSYoungGen: 263886K->680K(257280K)] 711253K->448336K(944256K), 0.0101560 secs] [Times: user=0.07 sys=0.00, real=0.01 secs] 
2014-07-08T05:00:16.498+0000: 2774.713: [GC [PSYoungGen: 257234K->1064K(251264K)] 704891K->448955K(938240K), 0.0053210 secs] [Times: user=0.02 sys=0.00, real=0.00 secs] 
2014-07-08T05:00:17.347+0000: 2775.563: [GC [PSYoungGen: 251240K->424K(244480K)] 699131K->448851K(931456K), 0.0053330 secs] [Times: user=0.02 sys=0.00, real=0.00 secs] 
2014-07-08T05:00:18.214+0000: 2776.430: [GC [PSYoungGen: 244413K->1260K(239424K)] 692840K->449897K(926400K), 0.0037970 secs] [Times: user=0.02 sys=0.00, real=0.01 secs] 
2014-07-08T05:00:19.049+0000: 2777.265: [GC [PSYoungGen: 239404K->894K(233344K)] 688041K->449893K(920320K), 0.0081830 secs] [Times: user=0.05 sys=0.00, real=0.01 secs] 
2014-07-08T05:00:19.846+0000: 2778.061: [GC [PSYoungGen: 233342K->698K(227648K)] 682341K->449819K(914624K), 0.0086610 secs] [Times: user=0.05 sys=0.00, real=0.00 secs] 
2014-07-08T05:00:20.668+0000: 2778.883: [GC [PSYoungGen: 227642K->534K(222208K)] 676763K->449695K(909184K), 0.0034610 secs] [Times: user=0.01 sys=0.00, real=0.00 secs] 
2014-07-08T05:00:21.552+0000: 2779.768: [GC [PSYoungGen: 222166K->1056K(217600K)] 671327K->450273K(904576K), 0.0091380 secs] [Times: user=0.06 sys=0.00, real=0.01 secs] 
2014-07-08T05:00:22.204+0000: 2780.420: [GC [PSYoungGen: 217521K->794K(212416K)] 666738K->450067K(899392K), 0.0070360 secs] [Times: user=0.05 sys=0.00, real=0.01 secs] 
2014-07-08T05:00:22.944+0000: 2781.160: [GC [PSYoungGen: 212374K->616K(207488K)] 661648K->449953K(894464K), 0.0077770 secs] [Times: user=0.04 sys=0.00, real=0.01 secs] 
2014-07-08T05:00:23.736+0000: 2781.952: [GC [PSYoungGen: 207440K->1326K(249600K)] 656777K->450711K(936576K), 0.0139580 secs] [Times: user=0.09 sys=0.00, real=0.01 secs] 
2014-07-08T05:00:24.602+0000: 2782.818: [GC [PSYoungGen: 249582K->1018K(243200K)] 698967K->450467K(930176K), 0.0040280 secs] [Times: user=0.02 sys=0.00, real=0.01 secs] 
2014-07-08T05:00:25.425+0000: 2783.641: [GC [PSYoungGen: 243153K->580K(236992K)] 692602K->450085K(923968K), 0.0048210 secs] [Times: user=0.03 sys=0.00, real=0.01 secs] 
2014-07-08T05:00:26.288+0000: 2784.503: [GC [PSYoungGen: 236932K->744K(231488K)] 686437K->450297K(918464K), 0.0076570 secs] [Times: user=0.05 sys=0.01, real=0.00 secs] 
2014-07-08T05:00:27.101+0000: 2785.317: [GC [PSYoungGen: 231419K->648K(225984K)] 680972K->450265K(912960K), 0.0036160 secs] [Times: user=0.02 sys=0.00, real=0.00 secs] 
2014-07-08T05:00:27.908+0000: 2786.124: [GC [PSYoungGen: 225901K->616K(220672K)] 675518K->450297K(907648K), 0.0037110 secs] [Times: user=0.02 sys=0.01, real=0.00 secs] 
2014-07-08T05:00:28.755+0000: 2786.971: [GC [PSYoungGen: 220641K->698K(215680K)] 670322K->450435K(902656K), 0.0063710 secs] [Times: user=0.04 sys=0.01, real=0.01 secs] 
2014-07-08T05:00:29.482+0000: 2787.698: [GC [PSYoungGen: 215674K->932K(211072K)] 665411K->450701K(898048K), 0.0079210 secs] [Times: user=0.03 sys=0.00, real=0.01 secs] 
2014-07-08T05:00:30.211+0000: 2788.427: [GC [PSYoungGen: 211011K->580K(206080K)] 660780K->450413K(893056K), 0.0076090 secs] [Times: user=0.05 sys=0.01, real=0.01 secs] 
2014-07-08T05:00:30.942+0000: 2789.158: [GC [PSYoungGen: 206020K->530K(201472K)] 655853K->450411K(888448K), 0.0045570 secs] [Times: user=0.02 sys=0.00, real=0.00 secs] 
2014-07-08T05:00:31.648+0000: 2789.864: [GC [PSYoungGen: 201426K->810K(197376K)] 651307K->450747K(884352K), 0.0046920 secs] [Times: user=0.02 sys=0.00, real=0.00 secs] 
2014-07-08T05:00:32.356+0000: 2790.572: [GC [PSYoungGen: 197342K->882K(193216K)] 647279K->450875K(880192K), 0.0073110 secs] [Times: user=0.04 sys=0.00, real=0.01 secs] 
2014-07-08T05:00:33.050+0000: 2791.266: [GC [PSYoungGen: 193202K->744K(188992K)] 643195K->450817K(875968K), 0.0067510 secs] [Times: user=0.04 sys=0.00, real=0.01 secs] 
2014-07-08T05:00:33.752+0000: 2791.968: [GC [PSYoungGen: 188968K->804K(185088K)] 639041K->450933K(872064K), 0.0043610 secs] [Times: user=0.02 sys=0.00, real=0.00 secs] 
2014-07-08T05:00:34.368+0000: 2792.584: [GC [PSYoungGen: 185060K->996K(181440K)] 635189K->451255K(868416K), 0.0062690 secs] [Times: user=0.04 sys=0.00, real=0.00 secs] 
2014-07-08T05:00:34.985+0000: 2793.201: [GC [PSYoungGen: 181412K->1024K(177792K)] 631671K->451347K(864768K), 0.0069850 secs] [Times: user=0.05 sys=0.00, real=0.01 secs] 
2014-07-08T05:00:35.634+0000: 2793.849: [GC [PSYoungGen: 177728K->630K(212736K)] 628051K->450993K(899712K), 0.0087180 secs] [Times: user=0.05 sys=0.00, real=0.01 secs] 
2014-07-08T05:00:36.404+0000: 2794.620: [GC [PSYoungGen: 212726K->826K(255360K)] 663089K->451221K(942336K), 0.0128750 secs] [Times: user=0.07 sys=0.00, real=0.01 secs] 
2014-07-08T05:00:37.320+0000: 2795.535: [GC [PSYoungGen: 255354K->932K(285824K)] 705749K->451383K(972800K), 0.0071990 secs] [Times: user=0.05 sys=0.00, real=0.00 secs] 
2014-07-08T05:00:38.326+0000: 2796.542: [GC [PSYoungGen: 285432K->744K(277888K)] 735883K->451243K(964864K), 0.0077720 secs] [Times: user=0.05 sys=0.00, real=0.01 secs] 
2014-07-08T05:00:39.327+0000: 2797.542: [GC [PSYoungGen: 277864K->562K(270528K)] 728363K->451339K(957504K), 0.0035900 secs] [Times: user=0.02 sys=0.00, real=0.01 secs] 
2014-07-08T05:00:40.237+0000: 2798.453: [GC [PSYoungGen: 270514K->744K(263872K)] 721291K->451569K(950848K), 0.0072990 secs] [Times: user=0.05 sys=0.00, real=0.01 secs] 
2014-07-08T05:00:41.199+0000: 2799.415: [GC [PSYoungGen: 263848K->1110K(257664K)] 714673K->452000K(944640K), 0.0066590 secs] [Times: user=0.04 sys=0.00, real=0.00 secs] 
2014-07-08T05:00:42.101+0000: 2800.317: [GC [PSYoungGen: 257622K->648K(250880K)] 708512K->451593K(937856K), 0.0046190 secs] [Times: user=0.03 sys=0.00, real=0.00 secs] 
2014-07-08T05:00:42.990+0000: 2801.206: [GC [PSYoungGen: 250818K->684K(244736K)] 701764K->451669K(931712K), 0.0033820 secs] [Times: user=0.02 sys=0.00, real=0.00 secs] 
2014-07-08T05:00:43.955+0000: 2802.171: [GC [PSYoungGen: 244708K->961K(239168K)] 695694K->452003K(926144K), 0.0065480 secs] [Times: user=0.03 sys=0.00, real=0.01 secs] 
2014-07-08T05:00:44.777+0000: 2802.992: [GC [PSYoungGen: 239105K->562K(233024K)] 690147K->451675K(920000K), 0.0078240 secs] [Times: user=0.05 sys=0.01, real=0.01 secs] 
2014-07-08T05:00:45.559+0000: 2803.775: [GC [PSYoungGen: 233010K->708K(227712K)] 684123K->451877K(914688K), 0.0059220 secs] [Times: user=0.04 sys=0.00, real=0.00 secs] 
2014-07-08T05:00:46.373+0000: 2804.588: [GC [PSYoungGen: 227652K->804K(222464K)] 678821K->452045K(909440K), 0.0079090 secs] [Times: user=0.05 sys=0.00, real=0.01 secs] 
2014-07-08T05:00:47.132+0000: 2805.348: [GC [PSYoungGen: 222436K->730K(217280K)] 673677K->452043K(904256K), 0.0060940 secs] [Times: user=0.04 sys=0.00, real=0.00 secs] 
2014-07-08T05:00:47.915+0000: 2806.131: [GC [PSYoungGen: 217216K->794K(212416K)] 668530K->452163K(899392K), 0.0046230 secs] [Times: user=0.01 sys=0.00, real=0.00 secs] 
2014-07-08T05:00:48.666+0000: 2806.882: [GC [PSYoungGen: 212335K->758K(207616K)] 663704K->452191K(894592K), 0.0046120 secs] [Times: user=0.03 sys=0.00, real=0.01 secs] 
2014-07-08T05:00:49.407+0000: 2807.623: [GC [PSYoungGen: 207606K->676K(203008K)] 659039K->452157K(889984K), 0.0097960 secs] [Times: user=0.07 sys=0.00, real=0.01 secs] 
2014-07-08T05:00:50.118+0000: 2808.334: [GC [PSYoungGen: 202980K->616K(198528K)] 654461K->452145K(885504K), 0.0036720 secs] [Times: user=0.02 sys=0.00, real=0.01 secs] 
2014-07-08T05:00:50.823+0000: 2809.038: [GC [PSYoungGen: 198504K->584K(194240K)] 650033K->452177K(881216K), 0.0030680 secs] [Times: user=0.02 sys=0.00, real=0.00 secs] 
2014-07-08T05:00:51.525+0000: 2809.741: [GC [PSYoungGen: 194184K->580K(190144K)] 645777K->452205K(877120K), 0.0047630 secs] [Times: user=0.02 sys=0.00, real=0.00 secs] 
2014-07-08T05:00:52.179+0000: 2810.395: [GC [PSYoungGen: 190084K->804K(186368K)] 641709K->452510K(873344K), 0.0043050 secs] [Times: user=0.03 sys=0.00, real=0.01 secs] 
2014-07-08T05:00:52.833+0000: 2811.049: [GC [PSYoungGen: 186339K->530K(182272K)] 638045K->452299K(869248K), 0.0036640 secs] [Times: user=0.03 sys=0.00, real=0.00 secs] 
2014-07-08T05:00:53.489+0000: 2811.705: [GC [PSYoungGen: 182226K->818K(178816K)] 633995K->452702K(865792K), 0.0051190 secs] [Times: user=0.03 sys=0.00, real=0.01 secs] 
2014-07-08T05:00:54.119+0000: 2812.334: [GC [PSYoungGen: 178792K->516K(174976K)] 630676K->452455K(861952K), 0.0041420 secs] [Times: user=0.02 sys=0.00, real=0.01 secs] 
2014-07-08T05:00:54.741+0000: 2812.957: [GC [PSYoungGen: 174916K->598K(209920K)] 626855K->452601K(896896K), 0.0134460 secs] [Times: user=0.08 sys=0.00, real=0.02 secs] 
2014-07-08T05:00:55.545+0000: 2813.761: [GC [PSYoungGen: 209878K->950K(205568K)] 661881K->453017K(892544K), 0.0074110 secs] [Times: user=0.05 sys=0.00, real=0.01 secs] 
2014-07-08T05:00:56.208+0000: 2814.424: [GC [PSYoungGen: 205554K->630K(200768K)] 657621K->452819K(887744K), 0.0054260 secs] [Times: user=0.02 sys=0.00, real=0.01 secs] 
2014-07-08T05:00:56.920+0000: 2815.135: [GC [PSYoungGen: 200758K->794K(196608K)] 652947K->453039K(883584K), 0.0071720 secs] [Times: user=0.04 sys=0.00, real=0.01 secs] 
2014-07-08T05:00:57.609+0000: 2815.824: [GC [PSYoungGen: 196544K->562K(235520K)] 648790K->452871K(922496K), 0.0086270 secs] [Times: user=0.04 sys=0.00, real=0.01 secs] 
2014-07-08T05:00:58.446+0000: 2816.662: [GC [PSYoungGen: 235506K->580K(230016K)] 687815K->452913K(916992K), 0.0062630 secs] [Times: user=0.02 sys=0.00, real=0.01 secs] 
2014-07-08T05:00:59.242+0000: 2817.457: [GC [PSYoungGen: 229954K->1017K(225024K)] 682288K->453627K(912000K), 0.0076920 secs] [Times: user=0.05 sys=0.00, real=0.00 secs] 
2014-07-08T05:01:00.028+0000: 2818.244: [GC [PSYoungGen: 225017K->812K(219648K)] 677627K->453486K(906624K), 0.0056390 secs] [Times: user=0.04 sys=0.00, real=0.01 secs] 
2014-07-08T05:01:00.797+0000: 2819.012: [GC [PSYoungGen: 219628K->740K(214592K)] 672302K->453560K(901568K), 0.0056920 secs] [Times: user=0.04 sys=0.00, real=0.01 secs] 
2014-07-08T05:01:01.615+0000: 2819.831: [GC [PSYoungGen: 214564K->844K(209920K)] 667384K->453720K(896896K), 0.0070700 secs] [Times: user=0.05 sys=0.00, real=0.01 secs] 
2014-07-08T05:01:02.322+0000: 2820.538: [GC [PSYoungGen: 209868K->958K(205312K)] 662744K->453914K(892288K), 0.0036930 secs] [Times: user=0.02 sys=0.01, real=0.00 secs] 
2014-07-08T05:01:03.021+0000: 2821.237: [GC [PSYoungGen: 205310K->534K(200448K)] 658266K->453538K(887424K), 0.0068090 secs] [Times: user=0.04 sys=0.00, real=0.01 secs] 
2014-07-08T05:01:03.726+0000: 2821.941: [GC [PSYoungGen: 200406K->786K(196352K)] 653410K->453854K(883328K), 0.0029760 secs] [Times: user=0.02 sys=0.00, real=0.00 secs] 
2014-07-08T05:01:04.475+0000: 2822.691: [GC [PSYoungGen: 196306K->858K(192256K)] 649374K->453966K(879232K), 0.0046230 secs] [Times: user=0.03 sys=0.00, real=0.00 secs] 
2014-07-08T05:01:05.109+0000: 2823.325: [GC [PSYoungGen: 192218K->754K(188096K)] 645326K->454308K(875072K), 0.0119730 secs] [Times: user=0.08 sys=0.00, real=0.01 secs] 
2014-07-08T05:01:05.756+0000: 2823.971: [GC [PSYoungGen: 188082K->726K(184192K)] 641636K->454376K(871168K), 0.0035920 secs] [Times: user=0.02 sys=0.00, real=0.00 secs] 
2014-07-08T05:01:06.425+0000: 2824.641: [GC [PSYoungGen: 184150K->608K(180288K)] 637800K->454388K(867264K), 0.0037180 secs] [Times: user=0.02 sys=0.00, real=0.00 secs] 
2014-07-08T05:01:07.100+0000: 2825.316: [GC [PSYoungGen: 180256K->630K(176640K)] 634036K->454466K(863616K), 0.0034270 secs] [Times: user=0.02 sys=0.00, real=0.01 secs] 
2014-07-08T05:01:07.703+0000: 2825.919: [GC [PSYoungGen: 176624K->879K(173376K)] 630461K->454771K(860352K), 0.0104430 secs] [Times: user=0.06 sys=0.01, real=0.01 secs] 
2014-07-08T05:01:08.319+0000: 2826.535: [GC [PSYoungGen: 173319K->762K(169792K)] 627212K->454718K(856768K), 0.0034050 secs] [Times: user=0.02 sys=0.00, real=0.00 secs] 
2014-07-08T05:01:08.891+0000: 2827.107: [GC [PSYoungGen: 169786K->826K(166528K)] 623742K->454870K(853504K), 0.0041750 secs] [Times: user=0.03 sys=0.00, real=0.01 secs] 
2014-07-08T05:01:09.534+0000: 2827.749: [GC [PSYoungGen: 166522K->712K(163264K)] 620566K->454796K(850240K), 0.0038020 secs] [Times: user=0.01 sys=0.01, real=0.00 secs] 
2014-07-08T05:01:10.058+0000: 2828.274: [GC [PSYoungGen: 163208K->822K(160192K)] 617292K->454946K(847168K), 0.0039440 secs] [Times: user=0.02 sys=0.01, real=0.00 secs] 
2014-07-08T05:01:10.648+0000: 2828.864: [GC [PSYoungGen: 160182K->924K(157312K)] 614306K->455105K(844288K), 0.0041160 secs] [Times: user=0.02 sys=0.00, real=0.00 secs] 
2014-07-08T05:01:11.176+0000: 2829.392: [GC [PSYoungGen: 157276K->566K(153984K)] 611457K->454936K(840960K), 0.0038590 secs] [Times: user=0.02 sys=0.01, real=0.00 secs] 
2014-07-08T05:01:11.723+0000: 2829.938: [GC [PSYoungGen: 153974K->960K(151616K)] 608344K->455418K(838592K), 0.0049400 secs] [Times: user=0.03 sys=0.00, real=0.01 secs] 
2014-07-08T05:01:12.285+0000: 2830.501: [GC [PSYoungGen: 151552K->658K(181440K)] 606010K->455164K(868416K), 0.0114290 secs] [Times: user=0.07 sys=0.00, real=0.01 secs] 
2014-07-08T05:01:12.958+0000: 2831.173: [GC [PSYoungGen: 181394K->750K(217664K)] 635900K->455312K(904640K), 0.0082690 secs] [Times: user=0.05 sys=0.00, real=0.01 secs] 
2014-07-08T05:01:13.693+0000: 2831.909: [GC [PSYoungGen: 217599K->566K(260864K)] 672161K->455192K(947840K), 0.0057020 secs] [Times: user=0.04 sys=0.00, real=0.00 secs] 
2014-07-08T05:01:14.643+0000: 2832.859: [GC [PSYoungGen: 260854K->676K(254464K)] 715480K->455374K(941440K), 0.0067410 secs] [Times: user=0.05 sys=0.00, real=0.01 secs] 
2014-07-08T05:01:15.541+0000: 2833.757: [GC [PSYoungGen: 254397K->1080K(248576K)] 709096K->455956K(935552K), 0.0034700 secs] [Times: user=0.02 sys=0.00, real=0.01 secs] 
2014-07-08T05:01:16.401+0000: 2834.617: [GC [PSYoungGen: 248568K->808K(242304K)] 703444K->455748K(929280K), 0.0044080 secs] [Times: user=0.02 sys=0.00, real=0.01 secs] 
2014-07-08T05:01:17.248+0000: 2835.464: [GC [PSYoungGen: 242256K->701K(236352K)] 697197K->455737K(923328K), 0.0035000 secs] [Times: user=0.02 sys=0.01, real=0.00 secs] 
2014-07-08T05:01:18.083+0000: 2836.299: [GC [PSYoungGen: 236340K->736K(230848K)] 691377K->455844K(917824K), 0.0068510 secs] [Times: user=0.05 sys=0.00, real=0.01 secs] 
2014-07-08T05:01:18.982+0000: 2837.198: [GC [PSYoungGen: 230811K->818K(225536K)] 685919K->455982K(912512K), 0.0069320 secs] [Times: user=0.04 sys=0.00, real=0.01 secs] 
2014-07-08T05:01:19.826+0000: 2838.042: [GC [PSYoungGen: 225522K->1147K(220672K)] 680686K->456433K(907648K), 0.0093120 secs] [Times: user=0.05 sys=0.00, real=0.01 secs] 
2014-07-08T05:01:20.561+0000: 2838.777: [GC [PSYoungGen: 220667K->356K(214912K)] 675953K->456070K(901888K), 0.0083980 secs] [Times: user=0.06 sys=0.00, real=0.01 secs] 
2014-07-08T05:01:21.224+0000: 2839.440: [GC [PSYoungGen: 214884K->1076K(210752K)] 670598K->456846K(897728K), 0.0041290 secs] [Times: user=0.02 sys=0.00, real=0.01 secs] 
2014-07-08T05:01:21.968+0000: 2840.183: [GC [PSYoungGen: 210731K->648K(205696K)] 666501K->456898K(892672K), 0.0054780 secs] [Times: user=0.03 sys=0.00, real=0.00 secs] 
2014-07-08T05:01:22.700+0000: 2840.916: [GC [PSYoungGen: 205640K->594K(201152K)] 661890K->456900K(888128K), 0.0077400 secs] [Times: user=0.05 sys=0.00, real=0.01 secs] 
2014-07-08T05:01:23.418+0000: 2841.634: [GC [PSYoungGen: 201061K->672K(196864K)] 657368K->457034K(883840K), 0.0037680 secs] [Times: user=0.02 sys=0.00, real=0.00 secs] 
2014-07-08T05:01:24.114+0000: 2842.329: [GC [PSYoungGen: 196819K->800K(192768K)] 653181K->457226K(879744K), 0.0069070 secs] [Times: user=0.05 sys=0.00, real=0.01 secs] 
2014-07-08T05:01:24.797+0000: 2843.013: [GC [PSYoungGen: 192736K->680K(188544K)] 649162K->457170K(875520K), 0.0058690 secs] [Times: user=0.04 sys=0.00, real=0.00 secs] 
2014-07-08T05:01:25.493+0000: 2843.708: [GC [PSYoungGen: 188520K->1082K(185024K)] 645010K->457644K(872000K), 0.0076800 secs] [Times: user=0.04 sys=0.00, real=0.01 secs] 
2014-07-08T05:01:26.122+0000: 2844.338: [GC [PSYoungGen: 185018K->680K(180864K)] 641580K->457404K(867840K), 0.0047130 secs] [Times: user=0.03 sys=0.00, real=0.01 secs] 
2014-07-08T05:01:26.761+0000: 2844.977: [GC [PSYoungGen: 180840K->698K(177216K)] 637564K->457478K(864192K), 0.0081570 secs] [Times: user=0.05 sys=0.00, real=0.01 secs] 
2014-07-08T05:01:27.420+0000: 2845.635: [GC [PSYoungGen: 177210K->886K(173824K)] 633990K->457690K(860800K), 0.0072610 secs] [Times: user=0.02 sys=0.01, real=0.01 secs] 
2014-07-08T05:01:28.010+0000: 2846.226: [GC [PSYoungGen: 173814K->830K(208384K)] 630618K->457706K(895360K), 0.0231050 secs] [Times: user=0.15 sys=0.00, real=0.02 secs] 
2014-07-08T05:01:28.748+0000: 2846.963: [GC [PSYoungGen: 208382K->744K(249856K)] 665258K->457716K(936832K), 0.0081140 secs] [Times: user=0.06 sys=0.00, real=0.00 secs] 
2014-07-08T05:01:29.796+0000: 2848.012: [GC [PSYoungGen: 249832K->904K(255616K)] 706804K->457932K(942592K), 0.0075390 secs] [Times: user=0.05 sys=0.00, real=0.00 secs] 
2014-07-08T05:01:30.576+0000: 2848.792: [GC [PSYoungGen: 255368K->758K(300096K)] 712396K->457842K(987072K), 0.0038510 secs] [Times: user=0.02 sys=0.00, real=0.00 secs] 
2014-07-08T05:01:31.620+0000: 2849.836: [GC [PSYoungGen: 299702K->712K(300096K)] 756786K->457844K(987072K), 0.0091490 secs] [Times: user=0.06 sys=0.01, real=0.01 secs] 
2014-07-08T05:01:32.669+0000: 2850.885: [GC [PSYoungGen: 299656K->698K(291648K)] 756788K->457886K(978624K), 0.0034850 secs] [Times: user=0.02 sys=0.00, real=0.00 secs] 
2014-07-08T05:01:33.722+0000: 2851.937: [GC [PSYoungGen: 291642K->726K(284032K)] 748830K->457962K(971008K), 0.0059850 secs] [Times: user=0.04 sys=0.00, real=0.01 secs] 
2014-07-08T05:01:34.746+0000: 2852.962: [GC [PSYoungGen: 283985K->872K(276800K)] 741221K->458339K(963776K), 0.0036330 secs] [Times: user=0.02 sys=0.00, real=0.01 secs] 
2014-07-08T05:01:35.774+0000: 2853.989: [GC [PSYoungGen: 276744K->1086K(269888K)] 734211K->458616K(956864K), 0.0061690 secs] [Times: user=0.04 sys=0.00, real=0.01 secs] 
2014-07-08T05:01:36.648+0000: 2854.863: [GC [PSYoungGen: 269886K->502K(262464K)] 727416K->458234K(949440K), 0.0115860 secs] [Times: user=0.07 sys=0.00, real=0.01 secs] 
2014-07-08T05:01:37.631+0000: 2855.847: [GC [PSYoungGen: 262454K->1036K(256448K)] 720186K->458824K(943424K), 0.0065320 secs] [Times: user=0.04 sys=0.01, real=0.01 secs] 
2014-07-08T05:01:38.513+0000: 2856.729: [GC [PSYoungGen: 256396K->894K(249920K)] 714184K->458896K(936896K), 0.0080810 secs] [Times: user=0.05 sys=0.01, real=0.01 secs] 
2014-07-08T05:01:39.378+0000: 2857.594: [GC [PSYoungGen: 249918K->844K(243840K)] 707920K->458886K(930816K), 0.0047480 secs] [Times: user=0.02 sys=0.00, real=0.00 secs] 
2014-07-08T05:01:40.223+0000: 2858.438: [GC [PSYoungGen: 243788K->694K(237760K)] 701830K->458800K(924736K), 0.0085450 secs] [Times: user=0.06 sys=0.00, real=0.01 secs] 
2014-07-08T05:01:41.071+0000: 2859.287: [GC [PSYoungGen: 237750K->594K(232064K)] 695856K->458764K(919040K), 0.0064680 secs] [Times: user=0.03 sys=0.00, real=0.00 secs] 
2014-07-08T05:01:41.930+0000: 2860.145: [GC [PSYoungGen: 232018K->566K(226560K)] 690188K->458784K(913536K), 0.0035910 secs] [Times: user=0.02 sys=0.00, real=0.00 secs] 
2014-07-08T05:01:42.695+0000: 2860.911: [GC [PSYoungGen: 226550K->816K(221568K)] 684768K->459098K(908544K), 0.0032130 secs] [Times: user=0.01 sys=0.00, real=0.01 secs] 
2014-07-08T05:01:43.488+0000: 2861.704: [GC [PSYoungGen: 221552K->744K(216448K)] 679834K->459082K(903424K), 0.0038040 secs] [Times: user=0.02 sys=0.00, real=0.00 secs] 
2014-07-08T05:01:44.245+0000: 2862.461: [GC [PSYoungGen: 216424K->708K(211584K)] 674762K->459094K(898560K), 0.0072810 secs] [Times: user=0.04 sys=0.01, real=0.01 secs] 
2014-07-08T05:01:44.991+0000: 2863.207: [GC [PSYoungGen: 211504K->651K(206784K)] 669891K->459110K(893760K), 0.0053300 secs] [Times: user=0.04 sys=0.00, real=0.00 secs] 
2014-07-08T05:01:45.739+0000: 2863.955: [GC [PSYoungGen: 206731K->686K(202240K)] 665190K->459201K(889216K), 0.0053530 secs] [Times: user=0.02 sys=0.00, real=0.00 secs] 
2014-07-08T05:01:46.456+0000: 2864.671: [GC [PSYoungGen: 202158K->1008K(198144K)] 660672K->459586K(885120K), 0.0063500 secs] [Times: user=0.04 sys=0.01, real=0.01 secs] 
2014-07-08T05:01:47.130+0000: 2865.346: [GC [PSYoungGen: 198116K->694K(193600K)] 656695K->459328K(880576K), 0.0083880 secs] [Times: user=0.06 sys=0.00, real=0.00 secs] 
2014-07-08T05:01:47.817+0000: 2866.033: [GC [PSYoungGen: 193590K->746K(189568K)] 652224K->459585K(876544K), 0.0033170 secs] [Times: user=0.01 sys=0.01, real=0.01 secs] 
2014-07-08T05:01:48.486+0000: 2866.702: [GC [PSYoungGen: 189546K->925K(185792K)] 648385K->459844K(872768K), 0.0063310 secs] [Times: user=0.04 sys=0.00, real=0.01 secs] 
2014-07-08T05:01:49.142+0000: 2867.358: [GC [PSYoungGen: 185757K->648K(181696K)] 644676K->459630K(868672K), 0.0034000 secs] [Times: user=0.01 sys=0.01, real=0.00 secs] 
2014-07-08T05:01:49.835+0000: 2868.050: [GC [PSYoungGen: 181624K->982K(178304K)] 640606K->460029K(865280K), 0.0047300 secs] [Times: user=0.03 sys=0.01, real=0.01 secs] 
2014-07-08T05:01:50.445+0000: 2868.661: [GC [PSYoungGen: 178215K->751K(174464K)] 637262K->459893K(861440K), 0.0039400 secs] [Times: user=0.02 sys=0.00, real=0.01 secs] 
2014-07-08T05:01:51.032+0000: 2869.248: [GC [PSYoungGen: 174447K->868K(171136K)] 633589K->460075K(858112K), 0.0054510 secs] [Times: user=0.03 sys=0.00, real=0.00 secs] 
2014-07-08T05:01:51.700+0000: 2869.916: [GC [PSYoungGen: 171108K->826K(205120K)] 630315K->460112K(892096K), 0.0121340 secs] [Times: user=0.08 sys=0.00, real=0.01 secs] 
2014-07-08T05:01:52.407+0000: 2870.623: [GC [PSYoungGen: 205114K->900K(246144K)] 664400K->460242K(933120K), 0.0166100 secs] [Times: user=0.11 sys=0.00, real=0.02 secs] 
2014-07-08T05:01:53.242+0000: 2871.458: [GC [PSYoungGen: 246062K->680K(294976K)] 705405K->460142K(981952K), 0.0084300 secs] [Times: user=0.06 sys=0.00, real=0.01 secs] 
2014-07-08T05:01:54.281+0000: 2872.496: [GC [PSYoungGen: 294952K->1135K(348672K)] 754414K->460670K(1035648K), 0.0094500 secs] [Times: user=0.07 sys=0.00, real=0.01 secs] 
2014-07-08T05:01:55.555+0000: 2873.771: [GC [PSYoungGen: 348655K->940K(354432K)] 808190K->460580K(1041408K), 0.0114390 secs] [Times: user=0.07 sys=0.00, real=0.01 secs] 
2014-07-08T05:01:56.744+0000: 2874.960: [GC [PSYoungGen: 354092K->648K(343680K)] 813732K->460344K(1030656K), 0.0035850 secs] [Times: user=0.02 sys=0.00, real=0.00 secs] 
2014-07-08T05:01:58.022+0000: 2876.238: [GC [PSYoungGen: 343624K->630K(333888K)] 803320K->460602K(1020864K), 0.0069860 secs] [Times: user=0.05 sys=0.00, real=0.00 secs] 
2014-07-08T05:01:59.179+0000: 2877.395: [GC [PSYoungGen: 333878K->876K(324800K)] 793850K->460929K(1011776K), 0.0108120 secs] [Times: user=0.07 sys=0.00, real=0.01 secs] 
2014-07-08T05:02:00.350+0000: 2878.566: [GC [PSYoungGen: 324725K->953K(315904K)] 784778K->461345K(1002880K), 0.0090430 secs] [Times: user=0.06 sys=0.00, real=0.01 secs] 
2014-07-08T05:02:01.472+0000: 2879.687: [GC [PSYoungGen: 315897K->790K(307136K)] 776289K->461238K(994112K), 0.0094360 secs] [Times: user=0.06 sys=0.00, real=0.01 secs] 
2014-07-08T05:02:02.594+0000: 2880.810: [GC [PSYoungGen: 307083K->872K(298944K)] 767531K->461376K(985920K), 0.0063620 secs] [Times: user=0.04 sys=0.00, real=0.00 secs] 
2014-07-08T05:02:03.623+0000: 2881.838: [GC [PSYoungGen: 298920K->776K(290944K)] 759424K->461352K(977920K), 0.0068550 secs] [Times: user=0.04 sys=0.01, real=0.00 secs] 
2014-07-08T05:02:04.727+0000: 2882.942: [GC [PSYoungGen: 290888K->894K(283328K)] 751464K->461600K(970304K), 0.0035070 secs] [Times: user=0.02 sys=0.00, real=0.00 secs] 
2014-07-08T05:02:05.657+0000: 2883.873: [GC [PSYoungGen: 283326K->584K(275712K)] 744032K->461322K(962688K), 0.0053870 secs] [Times: user=0.02 sys=0.00, real=0.01 secs] 
2014-07-08T05:02:06.666+0000: 2884.881: [GC [PSYoungGen: 275656K->594K(268672K)] 736394K->461438K(955648K), 0.0099060 secs] [Times: user=0.04 sys=0.00, real=0.01 secs] 
2014-07-08T05:02:07.601+0000: 2885.817: [GC [PSYoungGen: 268626K->876K(262144K)] 729470K->461800K(949120K), 0.0074280 secs] [Times: user=0.03 sys=0.00, real=0.01 secs] 
2014-07-08T05:02:08.539+0000: 2886.755: [GC [PSYoungGen: 262124K->1065K(255808K)] 723048K->462109K(942784K), 0.0129440 secs] [Times: user=0.09 sys=0.00, real=0.02 secs] 
2014-07-08T05:02:09.445+0000: 2887.661: [GC [PSYoungGen: 255745K->1078K(249536K)] 716789K->462178K(936512K), 0.0064990 secs] [Times: user=0.04 sys=0.00, real=0.00 secs] 
2014-07-08T05:02:10.406+0000: 2888.622: [GC [PSYoungGen: 249512K->562K(242944K)] 710612K->462004K(929920K), 0.0054560 secs] [Times: user=0.03 sys=0.00, real=0.01 secs] 
2014-07-08T05:02:11.158+0000: 2889.373: [GC [PSYoungGen: 242930K->936K(237504K)] 704372K->462442K(924480K), 0.0086320 secs] [Times: user=0.05 sys=0.00, real=0.01 secs] 
2014-07-08T05:02:11.993+0000: 2890.209: [GC [PSYoungGen: 237480K->1212K(232128K)] 698986K->463155K(919104K), 0.0041600 secs] [Times: user=0.02 sys=0.00, real=0.00 secs] 
2014-07-08T05:02:12.816+0000: 2891.032: [GC [PSYoungGen: 232089K->534K(226048K)] 694031K->462532K(913024K), 0.0059790 secs] [Times: user=0.03 sys=0.01, real=0.01 secs] 
2014-07-08T05:02:13.634+0000: 2891.850: [GC [PSYoungGen: 226006K->954K(221184K)] 688004K->462984K(908160K), 0.0050350 secs] [Times: user=0.02 sys=0.00, real=0.00 secs] 
2014-07-08T05:02:14.401+0000: 2892.616: [GC [PSYoungGen: 221178K->894K(216064K)] 683208K->462980K(903040K), 0.0088650 secs] [Times: user=0.06 sys=0.00, real=0.01 secs] 
2014-07-08T05:02:15.167+0000: 2893.382: [GC [PSYoungGen: 216062K->800K(211136K)] 678148K->462934K(898112K), 0.0087270 secs] [Times: user=0.06 sys=0.00, real=0.01 secs] 
2014-07-08T05:02:15.942+0000: 2894.157: [GC [PSYoungGen: 211104K->914K(206592K)] 673238K->463120K(893568K), 0.0085390 secs] [Times: user=0.06 sys=0.00, real=0.01 secs] 
2014-07-08T05:02:16.637+0000: 2894.853: [GC [PSYoungGen: 206521K->516K(201664K)] 668728K->462778K(888640K), 0.0041610 secs] [Times: user=0.02 sys=0.01, real=0.00 secs] 
2014-07-08T05:02:17.373+0000: 2895.589: [GC [PSYoungGen: 201604K->922K(197696K)] 663866K->463240K(884672K), 0.0080390 secs] [Times: user=0.06 sys=0.00, real=0.00 secs] 
2014-07-08T05:02:18.055+0000: 2896.270: [GC [PSYoungGen: 197658K->904K(193472K)] 659976K->463278K(880448K), 0.0057220 secs] [Times: user=0.03 sys=0.00, real=0.00 secs] 
2014-07-08T05:02:18.739+0000: 2896.955: [GC [PSYoungGen: 193406K->762K(189184K)] 655781K->463240K(876160K), 0.0068900 secs] [Times: user=0.04 sys=0.00, real=0.01 secs] 
2014-07-08T05:02:19.445+0000: 2897.661: [GC [PSYoungGen: 189155K->972K(185472K)] 651633K->463506K(872448K), 0.0036450 secs] [Times: user=0.02 sys=0.00, real=0.00 secs] 
2014-07-08T05:02:20.122+0000: 2898.338: [GC [PSYoungGen: 185420K->978K(181632K)] 647954K->463600K(868608K), 0.0054000 secs] [Times: user=0.03 sys=0.01, real=0.01 secs] 
2014-07-08T05:02:20.730+0000: 2898.945: [GC [PSYoungGen: 181586K->690K(177600K)] 644208K->463558K(864576K), 0.0075390 secs] [Times: user=0.05 sys=0.00, real=0.01 secs] 
2014-07-08T05:02:21.370+0000: 2899.585: [GC [PSYoungGen: 177586K->676K(174016K)] 640454K->463592K(860992K), 0.0035550 secs] [Times: user=0.02 sys=0.00, real=0.00 secs] 
2014-07-08T05:02:22.034+0000: 2900.249: [GC [PSYoungGen: 173988K->808K(170688K)] 636904K->463780K(857664K), 0.0076980 secs] [Times: user=0.05 sys=0.00, real=0.01 secs] 
2014-07-08T05:02:22.619+0000: 2900.835: [GC [PSYoungGen: 170664K->562K(167104K)] 633636K->463590K(854080K), 0.0053930 secs] [Times: user=0.04 sys=0.00, real=0.01 secs] 
2014-07-08T05:02:23.174+0000: 2901.390: [GC [PSYoungGen: 167053K->880K(164160K)] 630082K->463972K(851136K), 0.0046270 secs] [Times: user=0.03 sys=0.00, real=0.00 secs] 
2014-07-08T05:02:23.758+0000: 2901.974: [GC [PSYoungGen: 164144K->800K(160960K)] 627236K->463956K(847936K), 0.0049850 secs] [Times: user=0.02 sys=0.00, real=0.00 secs] 
2014-07-08T05:02:24.340+0000: 2902.555: [GC [PSYoungGen: 160928K->872K(158016K)] 624084K->464208K(844992K), 0.0060780 secs] [Times: user=0.04 sys=0.00, real=0.01 secs] 
2014-07-08T05:02:24.900+0000: 2903.116: [GC [PSYoungGen: 157992K->1050K(155264K)] 621328K->464474K(842240K), 0.0063480 secs] [Times: user=0.04 sys=0.00, real=0.01 secs] 
2014-07-08T05:02:25.493+0000: 2903.709: [GC [PSYoungGen: 155177K->630K(151936K)] 618601K->464583K(838912K), 0.0041680 secs] [Times: user=0.02 sys=0.00, real=0.01 secs] 
2014-07-08T05:02:25.996+0000: 2904.212: [GC [PSYoungGen: 151926K->847K(182464K)] 615879K->464881K(869440K), 0.0095020 secs] [Times: user=0.06 sys=0.00, real=0.01 secs] 
2014-07-08T05:02:26.638+0000: 2904.854: [GC [PSYoungGen: 182360K->975K(218944K)] 646394K->465218K(905920K), 0.0053210 secs] [Times: user=0.03 sys=0.00, real=0.00 secs] 
2014-07-08T05:02:27.424+0000: 2905.640: [GC [PSYoungGen: 218895K->758K(213696K)] 683138K->465049K(900672K), 0.0045220 secs] [Times: user=0.02 sys=0.00, real=0.01 secs] 
2014-07-08T05:02:28.199+0000: 2906.415: [GC [PSYoungGen: 213680K->694K(208832K)] 677971K->465033K(895808K), 0.0035310 secs] [Times: user=0.02 sys=0.00, real=0.00 secs] 
2014-07-08T05:02:28.911+0000: 2907.127: [GC [PSYoungGen: 208822K->648K(204224K)] 673161K->465043K(891200K), 0.0036820 secs] [Times: user=0.02 sys=0.00, real=0.00 secs] 
2014-07-08T05:02:29.674+0000: 2907.890: [GC [PSYoungGen: 204168K->894K(199936K)] 668563K->465345K(886912K), 0.0073560 secs] [Times: user=0.04 sys=0.00, real=0.01 secs] 
2014-07-08T05:02:30.422+0000: 2908.638: [GC [PSYoungGen: 199894K->836K(195648K)] 664345K->465342K(882624K), 0.0068290 secs] [Times: user=0.04 sys=0.00, real=0.01 secs] 
2014-07-08T05:02:31.039+0000: 2909.254: [GC [PSYoungGen: 195588K->758K(191360K)] 660094K->465337K(878336K), 0.0100270 secs] [Times: user=0.07 sys=0.00, real=0.01 secs] 
2014-07-08T05:02:31.737+0000: 2909.953: [GC [PSYoungGen: 191350K->512K(187072K)] 655929K->465138K(874048K), 0.0044730 secs] [Times: user=0.03 sys=0.00, real=0.00 secs] 
2014-07-08T05:02:32.390+0000: 2910.606: [GC [PSYoungGen: 187072K->808K(183488K)] 651698K->465491K(870464K), 0.0038060 secs] [Times: user=0.02 sys=0.00, real=0.00 secs] 
2014-07-08T05:02:33.088+0000: 2911.304: [GC [PSYoungGen: 183464K->794K(179712K)] 648147K->465533K(866688K), 0.0040770 secs] [Times: user=0.02 sys=0.01, real=0.00 secs] 
2014-07-08T05:02:33.691+0000: 2911.906: [GC [PSYoungGen: 179674K->808K(176064K)] 644413K->465603K(863040K), 0.0034590 secs] [Times: user=0.02 sys=0.00, real=0.00 secs] 
2014-07-08T05:02:34.288+0000: 2912.503: [GC [PSYoungGen: 176040K->800K(172544K)] 640835K->465651K(859520K), 0.0093650 secs] [Times: user=0.07 sys=0.00, real=0.01 secs] 
2014-07-08T05:02:34.899+0000: 2913.115: [GC [PSYoungGen: 172512K->698K(206784K)] 637363K->465605K(893760K), 0.0104070 secs] [Times: user=0.07 sys=0.01, real=0.01 secs] 
2014-07-08T05:02:35.670+0000: 2913.886: [GC [PSYoungGen: 206778K->776K(202368K)] 671685K->465739K(889344K), 0.0046240 secs] [Times: user=0.03 sys=0.00, real=0.00 secs] 
2014-07-08T05:02:36.389+0000: 2914.604: [GC [PSYoungGen: 202285K->686K(197824K)] 667248K->466105K(884800K), 0.0061210 secs] [Times: user=0.04 sys=0.00, real=0.00 secs] 
2014-07-08T05:02:37.073+0000: 2915.289: [GC [PSYoungGen: 197806K->904K(237504K)] 663225K->466427K(924480K), 0.0129880 secs] [Times: user=0.08 sys=0.01, real=0.02 secs] 
2014-07-08T05:02:37.908+0000: 2916.123: [GC [PSYoungGen: 237448K->666K(284608K)] 702971K->466329K(971584K), 0.0048020 secs] [Times: user=0.01 sys=0.00, real=0.00 secs] 
2014-07-08T05:02:38.944+0000: 2917.159: [GC [PSYoungGen: 284570K->722K(277248K)] 750233K->466481K(964224K), 0.0084680 secs] [Times: user=0.06 sys=0.00, real=0.01 secs] 
2014-07-08T05:02:39.887+0000: 2918.103: [GC [PSYoungGen: 277202K->544K(328384K)] 742961K->466351K(1015360K), 0.0130020 secs] [Times: user=0.08 sys=0.00, real=0.01 secs] 
2014-07-08T05:02:41.056+0000: 2919.271: [GC [PSYoungGen: 328032K->946K(319296K)] 793839K->466857K(1006272K), 0.0051780 secs] [Times: user=0.03 sys=0.00, real=0.01 secs] 
2014-07-08T05:02:42.191+0000: 2920.407: [GC [PSYoungGen: 319282K->242K(309824K)] 785193K->466429K(996800K), 0.0032950 secs] [Times: user=0.02 sys=0.00, real=0.00 secs] 
2014-07-08T05:02:43.272+0000: 2921.488: [GC [PSYoungGen: 309810K->1140K(302336K)] 775997K->467367K(989312K), 0.0039900 secs] [Times: user=0.02 sys=0.00, real=0.00 secs] 
2014-07-08T05:02:44.381+0000: 2922.596: [GC [PSYoungGen: 302324K->1056K(294208K)] 768551K->467603K(981184K), 0.0116120 secs] [Times: user=0.09 sys=0.00, real=0.01 secs] 
2014-07-08T05:02:45.515+0000: 2923.730: [GC [PSYoungGen: 294174K->1100K(286528K)] 760722K->467711K(973504K), 0.0060380 secs] [Times: user=0.04 sys=0.00, real=0.01 secs] 
2014-07-08T05:02:46.457+0000: 2924.672: [GC [PSYoungGen: 286462K->484K(278400K)] 753074K->467551K(965376K), 0.0040460 secs] [Times: user=0.02 sys=0.00, real=0.01 secs] 
2014-07-08T05:02:47.423+0000: 2925.639: [GC [PSYoungGen: 278371K->1154K(271936K)] 745439K->468269K(958912K), 0.0073500 secs] [Times: user=0.04 sys=0.00, real=0.01 secs] 
2014-07-08T05:02:48.407+0000: 2926.623: [GC [PSYoungGen: 271869K->1000K(264832K)] 738985K->468460K(951808K), 0.0116630 secs] [Times: user=0.08 sys=0.00, real=0.02 secs] 
2014-07-08T05:02:49.330+0000: 2927.546: [GC [PSYoungGen: 264808K->890K(258048K)] 732267K->468405K(945024K), 0.0046310 secs] [Times: user=0.02 sys=0.01, real=0.00 secs] 
2014-07-08T05:02:50.248+0000: 2928.464: [GC [PSYoungGen: 258042K->698K(251456K)] 725557K->468261K(938432K), 0.0036520 secs] [Times: user=0.01 sys=0.00, real=0.00 secs] 
2014-07-08T05:02:51.161+0000: 2929.377: [GC [PSYoungGen: 251450K->938K(245568K)] 719013K->468582K(932544K), 0.0071100 secs] [Times: user=0.05 sys=0.00, real=0.01 secs] 
2014-07-08T05:02:52.014+0000: 2930.229: [GC [PSYoungGen: 245546K->908K(239616K)] 713190K->468639K(926592K), 0.0099470 secs] [Times: user=0.06 sys=0.00, real=0.01 secs] 
2014-07-08T05:02:52.852+0000: 2931.068: [GC [PSYoungGen: 239564K->808K(233792K)] 707295K->468611K(920768K), 0.0096310 secs] [Times: user=0.06 sys=0.00, real=0.01 secs] 
2014-07-08T05:02:53.685+0000: 2931.901: [GC [PSYoungGen: 233764K->832K(280448K)] 701567K->468684K(967424K), 0.0144260 secs] [Times: user=0.10 sys=0.00, real=0.02 secs] 
2014-07-08T05:02:54.703+0000: 2932.919: [GC [PSYoungGen: 280384K->832K(322112K)] 748236K->468756K(1009088K), 0.0095700 secs] [Times: user=0.07 sys=0.00, real=0.01 secs] 
2014-07-08T05:02:55.918+0000: 2934.134: [GC [PSYoungGen: 321597K->1196K(313152K)] 789521K->469176K(1000128K), 0.0061990 secs] [Times: user=0.04 sys=0.00, real=0.01 secs] 
2014-07-08T05:02:56.936+0000: 2935.151: [GC [PSYoungGen: 313132K->936K(304384K)] 781112K->468972K(991360K), 0.0107770 secs] [Times: user=0.06 sys=0.00, real=0.01 secs] 
2014-07-08T05:02:58.011+0000: 2936.227: [GC [PSYoungGen: 304343K->634K(295872K)] 772378K->468709K(982848K), 0.0057840 secs] [Times: user=0.04 sys=0.00, real=0.00 secs] 
2014-07-08T05:02:59.057+0000: 2937.272: [GC [PSYoungGen: 295866K->776K(288192K)] 763941K->468955K(975168K), 0.0071880 secs] [Times: user=0.05 sys=0.00, real=0.01 secs] 
2014-07-08T05:03:00.071+0000: 2938.287: [GC [PSYoungGen: 288136K->612K(280448K)] 756315K->468855K(967424K), 0.0088750 secs] [Times: user=0.06 sys=0.00, real=0.01 secs] 
2014-07-08T05:03:01.060+0000: 2939.276: [GC [PSYoungGen: 280420K->694K(273280K)] 748663K->469033K(960256K), 0.0047580 secs] [Times: user=0.02 sys=0.00, real=0.00 secs] 
2014-07-08T05:03:02.059+0000: 2940.274: [GC [PSYoungGen: 273270K->712K(266368K)] 741609K->469099K(953344K), 0.0077600 secs] [Times: user=0.05 sys=0.00, real=0.01 secs] 
2014-07-08T05:03:02.979+0000: 2941.195: [GC [PSYoungGen: 266312K->626K(259520K)] 734699K->469069K(946496K), 0.0072450 secs] [Times: user=0.05 sys=0.00, real=0.01 secs] 
2014-07-08T05:03:03.922+0000: 2942.138: [GC [PSYoungGen: 259506K->562K(252992K)] 727949K->469061K(939968K), 0.0047530 secs] [Times: user=0.02 sys=0.00, real=0.00 secs] 
2014-07-08T05:03:04.835+0000: 2943.050: [GC [PSYoungGen: 252978K->530K(246784K)] 721477K->469085K(933760K), 0.0087700 secs] [Times: user=0.06 sys=0.00, real=0.01 secs] 
2014-07-08T05:03:05.814+0000: 2944.030: [GC [PSYoungGen: 246738K->1164K(241472K)] 715293K->469768K(928448K), 0.0039960 secs] [Times: user=0.02 sys=0.00, real=0.00 secs] 
2014-07-08T05:03:06.632+0000: 2944.848: [GC [PSYoungGen: 241420K->822K(235328K)] 710024K->469489K(922304K), 0.0075160 secs] [Times: user=0.05 sys=0.00, real=0.00 secs] 
2014-07-08T05:03:07.421+0000: 2945.637: [GC [PSYoungGen: 235268K->826K(229760K)] 703936K->469549K(916736K), 0.0075830 secs] [Times: user=0.05 sys=0.00, real=0.01 secs] 
2014-07-08T05:03:08.227+0000: 2946.443: [GC [PSYoungGen: 229754K->762K(224320K)] 698477K->469549K(911296K), 0.0065250 secs] [Times: user=0.04 sys=0.00, real=0.01 secs] 
2014-07-08T05:03:09.029+0000: 2947.245: [GC [PSYoungGen: 224314K->748K(219136K)] 693101K->469591K(906112K), 0.0076950 secs] [Times: user=0.05 sys=0.00, real=0.01 secs] 
2014-07-08T05:03:09.791+0000: 2948.007: [GC [PSYoungGen: 219116K->662K(214080K)] 687959K->469553K(901056K), 0.0058490 secs] [Times: user=0.03 sys=0.01, real=0.00 secs] 
2014-07-08T05:03:10.584+0000: 2948.800: [GC [PSYoungGen: 214038K->978K(209600K)] 682929K->469918K(896576K), 0.0054460 secs] [Times: user=0.02 sys=0.00, real=0.00 secs] 
2014-07-08T05:03:11.281+0000: 2949.497: [GC [PSYoungGen: 209554K->862K(204864K)] 678494K->469849K(891840K), 0.0044680 secs] [Times: user=0.02 sys=0.00, real=0.00 secs] 
2014-07-08T05:03:11.985+0000: 2950.201: [GC [PSYoungGen: 204830K->568K(200064K)] 673817K->469948K(887040K), 0.0085630 secs] [Times: user=0.06 sys=0.00, real=0.01 secs] 
2014-07-08T05:03:12.763+0000: 2950.979: [GC [PSYoungGen: 200056K->1008K(240448K)] 669436K->470436K(927424K), 0.0120620 secs] [Times: user=0.08 sys=0.01, real=0.01 secs] 
2014-07-08T05:03:13.587+0000: 2951.803: [GC [PSYoungGen: 240432K->890K(234560K)] 709860K->470498K(921536K), 0.0034860 secs] [Times: user=0.02 sys=0.00, real=0.00 secs] 
2014-07-08T05:03:14.403+0000: 2952.619: [GC [PSYoungGen: 234530K->1188K(229376K)] 704138K->470852K(916352K), 0.0095080 secs] [Times: user=0.07 sys=0.00, real=0.01 secs] 
2014-07-08T05:03:15.205+0000: 2953.421: [GC [PSYoungGen: 229302K->612K(223488K)] 698966K->470512K(910464K), 0.0049860 secs] [Times: user=0.03 sys=0.00, real=0.00 secs] 
2014-07-08T05:03:15.985+0000: 2954.201: [GC [PSYoungGen: 223460K->812K(218560K)] 693360K->470784K(905536K), 0.0046180 secs] [Times: user=0.03 sys=0.00, real=0.00 secs] 
2014-07-08T05:03:16.756+0000: 2954.972: [GC [PSYoungGen: 218514K->644K(213504K)] 688486K->470788K(900480K), 0.0062970 secs] [Times: user=0.04 sys=0.00, real=0.01 secs] 
2014-07-08T05:03:17.527+0000: 2955.743: [GC [PSYoungGen: 213444K->964K(209024K)] 683588K->471132K(896000K), 0.0055220 secs] [Times: user=0.01 sys=0.00, real=0.01 secs] 
2014-07-08T05:03:18.273+0000: 2956.488: [GC [PSYoungGen: 208964K->890K(204288K)] 679132K->471114K(891264K), 0.0048410 secs] [Times: user=0.02 sys=0.00, real=0.00 secs] 
2014-07-08T05:03:18.957+0000: 2957.173: [GC [PSYoungGen: 204282K->844K(199808K)] 674506K->471156K(886784K), 0.0062580 secs] [Times: user=0.03 sys=0.00, real=0.01 secs] 
2014-07-08T05:03:19.702+0000: 2957.917: [GC [PSYoungGen: 199724K->772K(195456K)] 670036K->471148K(882432K), 0.0042640 secs] [Times: user=0.02 sys=0.00, real=0.01 secs] 
2014-07-08T05:03:20.370+0000: 2958.586: [GC [PSYoungGen: 195396K->722K(191232K)] 665772K->471186K(878208K), 0.0059160 secs] [Times: user=0.04 sys=0.00, real=0.01 secs] 
2014-07-08T05:03:21.052+0000: 2959.268: [GC [PSYoungGen: 191186K->548K(187008K)] 661650K->471068K(873984K), 0.0065580 secs] [Times: user=0.05 sys=0.00, real=0.01 secs] 
2014-07-08T05:03:21.730+0000: 2959.945: [GC [PSYoungGen: 186958K->747K(183296K)] 657478K->471323K(870272K), 0.0034010 secs] [Times: user=0.01 sys=0.00, real=0.01 secs] 
2014-07-08T05:03:22.382+0000: 2960.598: [GC [PSYoungGen: 183230K->1058K(220160K)] 653806K->471682K(907136K), 0.0141650 secs] [Times: user=0.08 sys=0.01, real=0.02 secs] 
2014-07-08T05:03:23.145+0000: 2961.361: [GC [PSYoungGen: 220130K->908K(263872K)] 690754K->471596K(950848K), 0.0096850 secs] [Times: user=0.07 sys=0.00, real=0.01 secs] 
2014-07-08T05:03:24.083+0000: 2962.299: [GC [PSYoungGen: 263820K->566K(256896K)] 734508K->471360K(943872K), 0.0036630 secs] [Times: user=0.02 sys=0.00, real=0.00 secs] 
2014-07-08T05:03:24.997+0000: 2963.212: [GC [PSYoungGen: 256886K->566K(250560K)] 727680K->471408K(937536K), 0.0094150 secs] [Times: user=0.06 sys=0.00, real=0.01 secs] 
2014-07-08T05:03:25.963+0000: 2964.179: [GC [PSYoungGen: 250550K->1004K(244864K)] 721392K->471926K(931840K), 0.0062380 secs] [Times: user=0.04 sys=0.01, real=0.01 secs] 
2014-07-08T05:03:26.778+0000: 2964.994: [GC [PSYoungGen: 244844K->780K(238784K)] 715766K->471774K(925760K), 0.0035860 secs] [Times: user=0.02 sys=0.00, real=0.00 secs] 
2014-07-08T05:03:27.630+0000: 2965.846: [GC [PSYoungGen: 238693K->762K(233024K)] 709687K->471910K(920000K), 0.0036170 secs] [Times: user=0.02 sys=0.00, real=0.00 secs] 
2014-07-08T05:03:28.467+0000: 2966.682: [GC [PSYoungGen: 232995K->758K(227520K)] 704143K->471962K(914496K), 0.0088420 secs] [Times: user=0.07 sys=0.00, real=0.01 secs] 
2014-07-08T05:03:29.256+0000: 2967.472: [GC [PSYoungGen: 227510K->530K(222080K)] 698714K->471798K(909056K), 0.0090720 secs] [Times: user=0.07 sys=0.00, real=0.01 secs] 
2014-07-08T05:03:30.077+0000: 2968.293: [GC [PSYoungGen: 222032K->979K(217472K)] 693300K->472311K(904448K), 0.0069430 secs] [Times: user=0.05 sys=0.01, real=0.01 secs] 
2014-07-08T05:03:30.828+0000: 2969.043: [GC [PSYoungGen: 217427K->598K(212160K)] 688759K->471994K(899136K), 0.0053410 secs] [Times: user=0.04 sys=0.00, real=0.00 secs] 
2014-07-08T05:03:31.612+0000: 2969.828: [GC [PSYoungGen: 212118K->972K(207808K)] 683514K->472416K(894784K), 0.0065970 secs] [Times: user=0.04 sys=0.00, real=0.01 secs] 
2014-07-08T05:03:32.308+0000: 2970.524: [GC [PSYoungGen: 207756K->958K(203200K)] 679200K->472548K(890176K), 0.0044140 secs] [Times: user=0.03 sys=0.01, real=0.00 secs] 
2014-07-08T05:03:33.026+0000: 2971.241: [GC [PSYoungGen: 203198K->914K(198784K)] 674788K->472608K(885760K), 0.0081980 secs] [Times: user=0.05 sys=0.00, real=0.00 secs] 
2014-07-08T05:03:33.721+0000: 2971.937: [GC [PSYoungGen: 198738K->676K(194240K)] 670432K->472434K(881216K), 0.0102530 secs] [Times: user=0.07 sys=0.00, real=0.01 secs] 
2014-07-08T05:03:34.418+0000: 2972.634: [GC [PSYoungGen: 194165K->812K(190272K)] 665923K->472634K(877248K), 0.0037240 secs] [Times: user=0.02 sys=0.01, real=0.00 secs] 
2014-07-08T05:03:35.078+0000: 2973.294: [GC [PSYoungGen: 190252K->648K(186176K)] 662074K->472526K(873152K), 0.0035490 secs] [Times: user=0.01 sys=0.00, real=0.00 secs] 
2014-07-08T05:03:35.735+0000: 2973.950: [GC [PSYoungGen: 186120K->890K(182528K)] 657998K->472856K(869504K), 0.0078830 secs] [Times: user=0.06 sys=0.00, real=0.01 secs] 
2014-07-08T05:03:36.547+0000: 2974.763: [GC [PSYoungGen: 182521K->992K(178944K)] 654487K->473022K(865920K), 0.0032520 secs] [Times: user=0.01 sys=0.00, real=0.00 secs] 
2014-07-08T05:03:37.037+0000: 2975.252: [GC [PSYoungGen: 178912K->580K(214144K)] 650942K->472682K(901120K), 0.0095300 secs] [Times: user=0.06 sys=0.00, real=0.01 secs] 
2014-07-08T05:03:37.777+0000: 2975.992: [GC [PSYoungGen: 214059K->954K(209664K)] 686161K->473144K(896640K), 0.0033170 secs] [Times: user=0.02 sys=0.00, real=0.00 secs] 
2014-07-08T05:03:38.553+0000: 2976.768: [GC [PSYoungGen: 209658K->1006K(205120K)] 681848K->473292K(892096K), 0.0083170 secs] [Times: user=0.05 sys=0.01, real=0.01 secs] 
2014-07-08T05:03:39.259+0000: 2977.475: [GC [PSYoungGen: 205102K->498K(200128K)] 677388K->472824K(887104K), 0.0040140 secs] [Times: user=0.02 sys=0.00, real=0.00 secs] 
2014-07-08T05:03:39.975+0000: 2978.191: [GC [PSYoungGen: 200114K->730K(196032K)] 672440K->473128K(883008K), 0.0075080 secs] [Times: user=0.04 sys=0.00, real=0.01 secs] 
2014-07-08T05:03:40.692+0000: 2978.907: [GC [PSYoungGen: 195994K->808K(191936K)] 668392K->473262K(878912K), 0.0087430 secs] [Times: user=0.05 sys=0.01, real=0.01 secs] 
2014-07-08T05:03:41.364+0000: 2979.580: [GC [PSYoungGen: 191912K->876K(230272K)] 664366K->473370K(917248K), 0.0112320 secs] [Times: user=0.06 sys=0.00, real=0.01 secs] 
2014-07-08T05:03:42.178+0000: 2980.394: [GC [PSYoungGen: 230252K->868K(276160K)] 702746K->473484K(963136K), 0.0074660 secs] [Times: user=0.04 sys=0.00, real=0.00 secs] 
2014-07-08T05:03:43.159+0000: 2981.375: [GC [PSYoungGen: 276132K->698K(268864K)] 748748K->473370K(955840K), 0.0076820 secs] [Times: user=0.05 sys=0.00, real=0.01 secs] 
2014-07-08T05:03:44.121+0000: 2982.337: [GC [PSYoungGen: 268834K->865K(262272K)] 741506K->473593K(949248K), 0.0033900 secs] [Times: user=0.02 sys=0.01, real=0.00 secs] 
2014-07-08T05:03:45.041+0000: 2983.257: [GC [PSYoungGen: 262241K->648K(255552K)] 734969K->473448K(942528K), 0.0051170 secs] [Times: user=0.04 sys=0.00, real=0.01 secs] 
2014-07-08T05:03:45.942+0000: 2984.157: [GC [PSYoungGen: 255496K->580K(249216K)] 728296K->473444K(936192K), 0.0103270 secs] [Times: user=0.06 sys=0.00, real=0.01 secs] 
2014-07-08T05:03:46.850+0000: 2985.066: [GC [PSYoungGen: 249156K->576K(243072K)] 722020K->473496K(930048K), 0.0070430 secs] [Times: user=0.03 sys=0.00, real=0.01 secs] 
2014-07-08T05:03:47.752+0000: 2985.968: [GC [PSYoungGen: 243054K->890K(237568K)] 715974K->473874K(924544K), 0.0102960 secs] [Times: user=0.07 sys=0.01, real=0.01 secs] 
2014-07-08T05:03:48.535+0000: 2986.751: [GC [PSYoungGen: 237535K->1122K(232192K)] 710519K->474178K(919168K), 0.0093750 secs] [Times: user=0.07 sys=0.00, real=0.01 secs] 
2014-07-08T05:03:49.351+0000: 2987.567: [GC [PSYoungGen: 232118K->441K(226048K)] 705174K->473869K(913024K), 0.0068910 secs] [Times: user=0.04 sys=0.00, real=0.01 secs] 
2014-07-08T05:03:50.161+0000: 2988.377: [GC [PSYoungGen: 226041K->1108K(221504K)] 699469K->474642K(908480K), 0.0094260 secs] [Times: user=0.06 sys=0.00, real=0.01 secs] 
2014-07-08T05:03:50.962+0000: 2989.178: [GC [PSYoungGen: 221460K->858K(265344K)] 694994K->474778K(952320K), 0.0132100 secs] [Times: user=0.08 sys=0.00, real=0.01 secs] 
2014-07-08T05:03:51.917+0000: 2990.132: [GC [PSYoungGen: 265306K->730K(305344K)] 739226K->474706K(992320K), 0.0065670 secs] [Times: user=0.05 sys=0.00, real=0.01 secs] 
2014-07-08T05:03:53.003+0000: 2991.219: [GC [PSYoungGen: 304749K->1007K(296896K)] 778725K->475023K(983872K), 0.0064410 secs] [Times: user=0.03 sys=0.00, real=0.01 secs] 
2014-07-08T05:03:54.055+0000: 2992.271: [GC [PSYoungGen: 296845K->680K(288704K)] 770861K->474760K(975680K), 0.0090600 secs] [Times: user=0.06 sys=0.00, real=0.01 secs] 
2014-07-08T05:03:55.084+0000: 2993.300: [GC [PSYoungGen: 288678K->798K(281280K)] 762758K->474934K(968256K), 0.0038930 secs] [Times: user=0.02 sys=0.00, real=0.01 secs] 
2014-07-08T05:03:56.083+0000: 2994.299: [GC [PSYoungGen: 281214K->680K(273856K)] 755350K->474888K(960832K), 0.0058520 secs] [Times: user=0.04 sys=0.00, real=0.01 secs] 
2014-07-08T05:03:57.067+0000: 2995.283: [GC [PSYoungGen: 273824K->762K(266944K)] 748032K->475058K(953920K), 0.0087910 secs] [Times: user=0.06 sys=0.00, real=0.01 secs] 
2014-07-08T05:03:58.024+0000: 2996.240: [GC [PSYoungGen: 266937K->666K(260160K)] 741233K->475026K(947136K), 0.0074180 secs] [Times: user=0.04 sys=0.00, real=0.01 secs] 
2014-07-08T05:03:58.945+0000: 2997.161: [GC [PSYoungGen: 260116K->772K(253824K)] 734476K->475164K(940800K), 0.0111200 secs] [Times: user=0.06 sys=0.01, real=0.01 secs] 
2014-07-08T05:03:59.899+0000: 2998.115: [GC [PSYoungGen: 253764K->722K(247552K)] 728156K->475146K(934528K), 0.0087550 secs] [Times: user=0.05 sys=0.00, real=0.00 secs] 
2014-07-08T05:04:00.754+0000: 2998.970: [GC [PSYoungGen: 247504K->480K(241280K)] 721929K->474968K(928256K), 0.0039010 secs] [Times: user=0.02 sys=0.00, real=0.00 secs] 
2014-07-08T05:04:01.705+0000: 2999.921: [GC [PSYoungGen: 241248K->1040K(236096K)] 715736K->475592K(923072K), 0.0094210 secs] [Times: user=0.06 sys=0.00, real=0.01 secs] 
2014-07-08T05:04:02.455+0000: 3000.671: [GC [PSYoungGen: 236027K->744K(230208K)] 710580K->475410K(917184K), 0.0041850 secs] [Times: user=0.02 sys=0.00, real=0.01 secs] 
2014-07-08T05:04:03.243+0000: 3001.459: [GC [PSYoungGen: 230144K->730K(224832K)] 704811K->475460K(911808K), 0.0095190 secs] [Times: user=0.06 sys=0.00, real=0.01 secs] 
2014-07-08T05:04:04.039+0000: 3002.255: [GC [PSYoungGen: 224776K->943K(219840K)] 699507K->475721K(906816K), 0.0043210 secs] [Times: user=0.02 sys=0.00, real=0.00 secs] 
2014-07-08T05:04:04.858+0000: 3003.074: [GC [PSYoungGen: 219823K->868K(263552K)] 694601K->475702K(950528K), 0.0163150 secs] [Times: user=0.09 sys=0.00, real=0.02 secs] 
2014-07-08T05:04:05.748+0000: 3003.964: [GC [PSYoungGen: 263524K->534K(312512K)] 738358K->475424K(999488K), 0.0088400 secs] [Times: user=0.06 sys=0.00, real=0.01 secs] 
2014-07-08T05:04:06.867+0000: 3005.082: [GC [PSYoungGen: 312406K->576K(303936K)] 787296K->475522K(990912K), 0.0051830 secs] [Times: user=0.03 sys=0.00, real=0.01 secs] 
2014-07-08T05:04:07.917+0000: 3006.132: [GC [PSYoungGen: 303936K->702K(295872K)] 778882K->475866K(982848K), 0.0068240 secs] [Times: user=0.04 sys=0.00, real=0.01 secs] 
2014-07-08T05:04:08.976+0000: 3007.192: [GC [PSYoungGen: 295870K->730K(288064K)] 771034K->475950K(975040K), 0.0064710 secs] [Times: user=0.03 sys=0.00, real=0.01 secs] 
2014-07-08T05:04:09.982+0000: 3008.197: [GC [PSYoungGen: 288023K->694K(280448K)] 763243K->476060K(967424K), 0.0082540 secs] [Times: user=0.06 sys=0.00, real=0.00 secs] 
2014-07-08T05:04:11.011+0000: 3009.227: [GC [PSYoungGen: 280438K->782K(273344K)] 755804K->476236K(960320K), 0.0091080 secs] [Times: user=0.05 sys=0.00, real=0.01 secs] 
2014-07-08T05:04:11.966+0000: 3010.181: [GC [PSYoungGen: 273294K->616K(266176K)] 748748K->476102K(953152K), 0.0047020 secs] [Times: user=0.02 sys=0.00, real=0.00 secs] 
2014-07-08T05:04:12.887+0000: 3011.102: [GC [PSYoungGen: 266152K->651K(259520K)] 741638K->476193K(946496K), 0.0040690 secs] [Times: user=0.02 sys=0.00, real=0.00 secs] 
2014-07-08T05:04:13.825+0000: 3012.041: [GC [PSYoungGen: 259467K->818K(253184K)] 735009K->476416K(940160K), 0.0107530 secs] [Times: user=0.06 sys=0.00, real=0.01 secs] 
2014-07-08T05:04:14.725+0000: 3012.941: [GC [PSYoungGen: 253170K->790K(246976K)] 728768K->476452K(933952K), 0.0074350 secs] [Times: user=0.05 sys=0.00, real=0.01 secs] 
2014-07-08T05:04:15.606+0000: 3013.821: [GC [PSYoungGen: 246934K->548K(240768K)] 722596K->476274K(927744K), 0.0049420 secs] [Times: user=0.02 sys=0.00, real=0.00 secs] 
2014-07-08T05:04:16.475+0000: 3014.690: [GC [PSYoungGen: 240740K->1063K(235520K)] 716466K->476919K(922496K), 0.0159360 secs] [Times: user=0.05 sys=0.00, real=0.01 secs] 
2014-07-08T05:04:17.281+0000: 3015.496: [GC [PSYoungGen: 235495K->572K(229440K)] 711351K->476670K(916416K), 0.0061980 secs] [Times: user=0.05 sys=0.00, real=0.01 secs] 
2014-07-08T05:04:18.093+0000: 3016.309: [GC [PSYoungGen: 229436K->932K(224448K)] 705534K->477102K(911424K), 0.0073240 secs] [Times: user=0.05 sys=0.01, real=0.00 secs] 
2014-07-08T05:04:18.882+0000: 3017.098: [GC [PSYoungGen: 224420K->694K(219008K)] 700590K->476952K(905984K), 0.0032900 secs] [Times: user=0.02 sys=0.00, real=0.00 secs] 
2014-07-08T05:04:19.701+0000: 3017.916: [GC [PSYoungGen: 218951K->890K(214208K)] 695209K->477204K(901184K), 0.0042740 secs] [Times: user=0.02 sys=0.01, real=0.01 secs] 
2014-07-08T05:04:20.428+0000: 3018.643: [GC [PSYoungGen: 214202K->894K(209408K)] 690516K->477341K(896384K), 0.0100820 secs] [Times: user=0.07 sys=0.00, real=0.01 secs] 
2014-07-08T05:04:21.159+0000: 3019.375: [GC [PSYoungGen: 209406K->798K(204736K)] 685853K->477301K(891712K), 0.0038270 secs] [Times: user=0.02 sys=0.00, real=0.01 secs] 
2014-07-08T05:04:22.015+0000: 3020.231: [GC [PSYoungGen: 204702K->758K(200192K)] 681205K->477367K(887168K), 0.0043240 secs] [Times: user=0.03 sys=0.00, real=0.00 secs] 
2014-07-08T05:04:22.663+0000: 3020.879: [GC [PSYoungGen: 200182K->754K(195904K)] 676791K->477443K(882880K), 0.0108740 secs] [Times: user=0.06 sys=0.00, real=0.01 secs] 
2014-07-08T05:04:23.302+0000: 3021.518: [GC [PSYoungGen: 195890K->828K(191808K)] 672579K->477910K(878784K), 0.0050200 secs] [Times: user=0.03 sys=0.00, real=0.00 secs] 
2014-07-08T05:04:23.975+0000: 3022.191: [GC [PSYoungGen: 191804K->836K(230080K)] 668886K->477966K(917056K), 0.0109840 secs] [Times: user=0.07 sys=0.00, real=0.01 secs] 
2014-07-08T05:04:24.818+0000: 3023.033: [GC [PSYoungGen: 230020K->874K(224704K)] 707150K->478176K(911680K), 0.0057850 secs] [Times: user=0.04 sys=0.00, real=0.01 secs] 
2014-07-08T05:04:25.626+0000: 3023.842: [GC [PSYoungGen: 224682K->1024K(219712K)] 701984K->478422K(906688K), 0.0058630 secs] [Times: user=0.03 sys=0.00, real=0.00 secs] 
2014-07-08T05:04:26.354+0000: 3024.570: [GC [PSYoungGen: 219648K->562K(214208K)] 697046K->478015K(901184K), 0.0051970 secs] [Times: user=0.04 sys=0.00, real=0.00 secs] 
2014-07-08T05:04:27.164+0000: 3025.380: [GC [PSYoungGen: 214194K->1010K(209856K)] 691647K->478528K(896832K), 0.0057430 secs] [Times: user=0.04 sys=0.00, real=0.00 secs] 
2014-07-08T05:04:27.836+0000: 3026.052: [GC [PSYoungGen: 209832K->548K(204736K)] 687350K->478129K(891712K), 0.0033010 secs] [Times: user=0.02 sys=0.00, real=0.00 secs] 
2014-07-08T05:04:28.587+0000: 3026.802: [GC [PSYoungGen: 204685K->1242K(200960K)] 682266K->478904K(887936K), 0.0035620 secs] [Times: user=0.02 sys=0.00, real=0.00 secs] 
2014-07-08T05:04:29.265+0000: 3027.480: [GC [PSYoungGen: 200922K->808K(196160K)] 678584K->478525K(883136K), 0.0064880 secs] [Times: user=0.05 sys=0.00, real=0.00 secs] 
2014-07-08T05:04:29.924+0000: 3028.139: [GC [PSYoungGen: 196136K->890K(192064K)] 673853K->478687K(879040K), 0.0061930 secs] [Times: user=0.04 sys=0.00, real=0.00 secs] 
2014-07-08T05:04:30.637+0000: 3028.853: [GC [PSYoungGen: 192058K->880K(188032K)] 669855K->478749K(875008K), 0.0055180 secs] [Times: user=0.03 sys=0.00, real=0.00 secs] 
2014-07-08T05:04:31.265+0000: 3029.481: [GC [PSYoungGen: 188016K->762K(184000K)] 665885K->478679K(870976K), 0.0054410 secs] [Times: user=0.04 sys=0.00, real=0.00 secs] 
2014-07-08T05:04:31.933+0000: 3030.148: [GC [PSYoungGen: 183994K->566K(180032K)] 661911K->478523K(867008K), 0.0089640 secs] [Times: user=0.05 sys=0.01, real=0.01 secs] 
2014-07-08T05:04:32.658+0000: 3030.874: [GC [PSYoungGen: 180010K->1004K(176832K)] 657968K->479049K(863808K), 0.0054520 secs] [Times: user=0.03 sys=0.00, real=0.00 secs] 
2014-07-08T05:04:33.164+0000: 3031.379: [GC [PSYoungGen: 176812K->630K(172928K)] 654857K->478739K(859904K), 0.0036570 secs] [Times: user=0.02 sys=0.00, real=0.01 secs] 
2014-07-08T05:04:33.770+0000: 3031.986: [GC [PSYoungGen: 172918K->672K(169600K)] 651027K->478830K(856576K), 0.0092920 secs] [Times: user=0.06 sys=0.00, real=0.01 secs] 
2014-07-08T05:04:34.371+0000: 3032.587: [GC [PSYoungGen: 169568K->1110K(166720K)] 647726K->479332K(853696K), 0.0060910 secs] [Times: user=0.04 sys=0.00, real=0.01 secs] 
2014-07-08T05:04:34.960+0000: 3033.175: [GC [PSYoungGen: 166678K->498K(199232K)] 644900K->478791K(886208K), 0.0070020 secs] [Times: user=0.05 sys=0.00, real=0.01 secs] 
2014-07-08T05:04:35.691+0000: 3033.907: [GC [PSYoungGen: 199218K->704K(195200K)] 677511K->479030K(882176K), 0.0037990 secs] [Times: user=0.01 sys=0.00, real=0.01 secs] 
2014-07-08T05:04:36.351+0000: 3034.567: [GC [PSYoungGen: 195136K->776K(234176K)] 673462K->479141K(921152K), 0.0157950 secs] [Times: user=0.11 sys=0.00, real=0.02 secs] 
2014-07-08T05:04:37.168+0000: 3035.384: [GC [PSYoungGen: 234119K->666K(280768K)] 712485K->479087K(967744K), 0.0037920 secs] [Times: user=0.02 sys=0.00, real=0.00 secs] 
2014-07-08T05:04:38.175+0000: 3036.391: [GC [PSYoungGen: 280730K->1231K(274112K)] 759151K->479700K(961088K), 0.0076810 secs] [Times: user=0.05 sys=0.00, real=0.00 secs] 
2014-07-08T05:04:39.148+0000: 3037.364: [GC [PSYoungGen: 274043K->630K(266496K)] 752512K->479357K(953472K), 0.0039230 secs] [Times: user=0.02 sys=0.00, real=0.00 secs] 
2014-07-08T05:04:40.083+0000: 3038.298: [GC [PSYoungGen: 266486K->812K(259968K)] 745213K->479619K(946944K), 0.0066790 secs] [Times: user=0.04 sys=0.00, real=0.01 secs] 
2014-07-08T05:04:40.998+0000: 3039.214: [GC [PSYoungGen: 259948K->580K(253312K)] 738755K->479601K(940288K), 0.0096690 secs] [Times: user=0.06 sys=0.00, real=0.01 secs] 
2014-07-08T05:04:41.937+0000: 3040.153: [GC [PSYoungGen: 253252K->1164K(247680K)] 732273K->480258K(934656K), 0.0078810 secs] [Times: user=0.05 sys=0.00, real=0.00 secs] 
2014-07-08T05:04:42.787+0000: 3041.003: [GC [PSYoungGen: 247628K->684K(241152K)] 726722K->479817K(928128K), 0.0070040 secs] [Times: user=0.03 sys=0.00, real=0.00 secs] 
2014-07-08T05:04:43.745+0000: 3041.961: [GC [PSYoungGen: 241089K->1060K(235776K)] 720222K->480266K(922752K), 0.0039850 secs] [Times: user=0.02 sys=0.00, real=0.00 secs] 
2014-07-08T05:04:44.545+0000: 3042.760: [GC [PSYoungGen: 235748K->836K(230016K)] 714954K->480097K(916992K), 0.0075000 secs] [Times: user=0.05 sys=0.00, real=0.01 secs] 
2014-07-08T05:04:45.292+0000: 3043.508: [GC [PSYoungGen: 229956K->726K(224512K)] 709217K->480035K(911488K), 0.0049520 secs] [Times: user=0.02 sys=0.00, real=0.01 secs] 
2014-07-08T05:04:46.083+0000: 3044.298: [GC [PSYoungGen: 224470K->698K(219264K)] 703779K->480079K(906240K), 0.0031840 secs] [Times: user=0.02 sys=0.00, real=0.00 secs] 
2014-07-08T05:04:46.861+0000: 3045.076: [GC [PSYoungGen: 219258K->616K(214208K)] 698639K->480037K(901184K), 0.0056420 secs] [Times: user=0.02 sys=0.00, real=0.01 secs] 
2014-07-08T05:04:47.664+0000: 3045.879: [GC [PSYoungGen: 214184K->1166K(209984K)] 693605K->480644K(896960K), 0.0086880 secs] [Times: user=0.05 sys=0.00, real=0.01 secs] 
2014-07-08T05:04:48.364+0000: 3046.579: [GC [PSYoungGen: 209934K->708K(251328K)] 689412K->480217K(938304K), 0.0150970 secs] [Times: user=0.09 sys=0.00, real=0.02 secs] 
2014-07-08T05:04:49.243+0000: 3047.458: [GC [PSYoungGen: 251229K->616K(245056K)] 730738K->480181K(932032K), 0.0041040 secs] [Times: user=0.02 sys=0.00, real=0.01 secs] 
2014-07-08T05:04:50.109+0000: 3048.325: [GC [PSYoungGen: 245032K->612K(239168K)] 724597K->480233K(926144K), 0.0035120 secs] [Times: user=0.02 sys=0.00, real=0.00 secs] 
2014-07-08T05:04:50.957+0000: 3049.172: [GC [PSYoungGen: 239140K->598K(233472K)] 718761K->480275K(920448K), 0.0039050 secs] [Times: user=0.02 sys=0.00, real=0.00 secs] 
2014-07-08T05:04:51.781+0000: 3049.997: [GC [PSYoungGen: 233345K->637K(227968K)] 713023K->480354K(914944K), 0.0073460 secs] [Times: user=0.03 sys=0.01, real=0.01 secs] 
2014-07-08T05:04:52.631+0000: 3050.847: [GC [PSYoungGen: 227965K->957K(222976K)] 707682K->480771K(909952K), 0.0065290 secs] [Times: user=0.04 sys=0.00, real=0.01 secs] 
2014-07-08T05:04:53.397+0000: 3051.612: [GC [PSYoungGen: 222973K->864K(217792K)] 702787K->480742K(904768K), 0.0046760 secs] [Times: user=0.02 sys=0.00, real=0.01 secs] 
2014-07-08T05:04:54.151+0000: 3052.367: [GC [PSYoungGen: 217760K->740K(212736K)] 697638K->480650K(899712K), 0.0090740 secs] [Times: user=0.05 sys=0.00, real=0.01 secs] 
2014-07-08T05:04:54.919+0000: 3053.135: [GC [PSYoungGen: 212708K->822K(208064K)] 692618K->480827K(895040K), 0.0067630 secs] [Times: user=0.04 sys=0.00, real=0.00 secs] 
2014-07-08T05:04:55.678+0000: 3053.894: [GC [PSYoungGen: 208034K->890K(203520K)] 688040K->481452K(890496K), 0.0040500 secs] [Times: user=0.02 sys=0.00, real=0.00 secs] 
2014-07-08T05:04:56.361+0000: 3054.577: [GC [PSYoungGen: 203514K->644K(198912K)] 684076K->481246K(885888K), 0.0054350 secs] [Times: user=0.01 sys=0.00, real=0.00 secs] 
2014-07-08T05:04:57.124+0000: 3055.340: [GC [PSYoungGen: 198852K->918K(194880K)] 679454K->481632K(881856K), 0.0071240 secs] [Times: user=0.05 sys=0.00, real=0.01 secs] 
2014-07-08T05:04:57.753+0000: 3055.969: [GC [PSYoungGen: 194838K->680K(190464K)] 675552K->481458K(877440K), 0.0032750 secs] [Times: user=0.01 sys=0.01, real=0.00 secs] 
2014-07-08T05:04:58.458+0000: 3056.673: [GC [PSYoungGen: 190434K->1078K(186880K)] 671212K->481920K(873856K), 0.0039180 secs] [Times: user=0.02 sys=0.00, real=0.01 secs] 
2014-07-08T05:04:59.093+0000: 3057.309: [GC [PSYoungGen: 186870K->1116K(183104K)] 667712K->482015K(870080K), 0.0041250 secs] [Times: user=0.02 sys=0.00, real=0.00 secs] 
2014-07-08T05:04:59.746+0000: 3057.961: [GC [PSYoungGen: 183068K->616K(178880K)] 663967K->481816K(865856K), 0.0039460 secs] [Times: user=0.02 sys=0.00, real=0.01 secs] 
2014-07-08T05:05:00.357+0000: 3058.572: [GC [PSYoungGen: 178856K->812K(175488K)] 660056K->482068K(862464K), 0.0106080 secs] [Times: user=0.08 sys=0.01, real=0.01 secs] 
2014-07-08T05:05:00.975+0000: 3059.191: [GC [PSYoungGen: 175468K->758K(171904K)] 656724K->482194K(858880K), 0.0067880 secs] [Times: user=0.04 sys=0.00, real=0.01 secs] 
2014-07-08T05:05:01.610+0000: 3059.825: [GC [PSYoungGen: 171894K->708K(168512K)] 653330K->482224K(855488K), 0.0072660 secs] [Times: user=0.04 sys=0.00, real=0.00 secs] 
2014-07-08T05:05:02.227+0000: 3060.442: [GC [PSYoungGen: 168452K->1036K(165568K)] 649968K->482624K(852544K), 0.0043430 secs] [Times: user=0.02 sys=0.00, real=0.01 secs] 
2014-07-08T05:05:02.770+0000: 3060.986: [GC [PSYoungGen: 165516K->876K(198272K)] 647104K->482544K(885248K), 0.0093050 secs] [Times: user=0.07 sys=0.00, real=0.01 secs] 
2014-07-08T05:05:03.486+0000: 3061.701: [GC [PSYoungGen: 198252K->598K(193792K)] 679920K->482306K(880768K), 0.0042830 secs] [Times: user=0.02 sys=0.00, real=0.01 secs] 
2014-07-08T05:05:04.148+0000: 3062.364: [GC [PSYoungGen: 193750K->906K(190016K)] 675458K->482702K(876992K), 0.0065510 secs] [Times: user=0.04 sys=0.00, real=0.01 secs] 
2014-07-08T05:05:04.815+0000: 3063.031: [GC [PSYoungGen: 189962K->794K(185920K)] 671758K->482678K(872896K), 0.0071010 secs] [Times: user=0.05 sys=0.00, real=0.01 secs] 
2014-07-08T05:05:05.503+0000: 3063.719: [GC [PSYoungGen: 185882K->946K(182208K)] 667766K->482878K(869184K), 0.0057720 secs] [Times: user=0.02 sys=0.00, real=0.00 secs] 
2014-07-08T05:05:06.160+0000: 3064.376: [GC [PSYoungGen: 182194K->662K(178240K)] 664126K->482650K(865216K), 0.0064530 secs] [Times: user=0.04 sys=0.00, real=0.00 secs] 
2014-07-08T05:05:06.765+0000: 3064.981: [GC [PSYoungGen: 178198K->648K(174656K)] 660186K->482708K(861632K), 0.0071100 secs] [Times: user=0.05 sys=0.00, real=0.01 secs] 
2014-07-08T05:05:07.436+0000: 3065.652: [GC [PSYoungGen: 174570K->1035K(209856K)] 656631K->483120K(896832K), 0.0178190 secs] [Times: user=0.12 sys=0.00, real=0.02 secs] 
2014-07-08T05:05:08.105+0000: 3066.321: [GC [PSYoungGen: 209803K->804K(251392K)] 691888K->482936K(938368K), 0.0039630 secs] [Times: user=0.02 sys=0.00, real=0.01 secs] 
2014-07-08T05:05:08.998+0000: 3067.214: [GC [PSYoungGen: 251364K->530K(275008K)] 733496K->482718K(961984K), 0.0067590 secs] [Times: user=0.04 sys=0.00, real=0.01 secs] 
2014-07-08T05:05:09.980+0000: 3068.196: [GC [PSYoungGen: 274830K->594K(267904K)] 757019K->482862K(954880K), 0.0069640 secs] [Times: user=0.05 sys=0.00, real=0.00 secs] 
2014-07-08T05:05:10.928+0000: 3069.144: [GC [PSYoungGen: 267858K->698K(261184K)] 750126K->483038K(948160K), 0.0032570 secs] [Times: user=0.02 sys=0.00, real=0.01 secs] 
2014-07-08T05:05:11.912+0000: 3070.127: [GC [PSYoungGen: 261178K->850K(254848K)] 743518K->483238K(941824K), 0.0089000 secs] [Times: user=0.06 sys=0.00, real=0.01 secs] 
2014-07-08T05:05:12.772+0000: 3070.988: [GC [PSYoungGen: 254802K->864K(248576K)] 737190K->483332K(935552K), 0.0036170 secs] [Times: user=0.02 sys=0.00, real=0.00 secs] 
2014-07-08T05:05:13.691+0000: 3071.907: [GC [PSYoungGen: 248495K->780K(242496K)] 730963K->483296K(929472K), 0.0069080 secs] [Times: user=0.04 sys=0.00, real=0.00 secs] 
2014-07-08T05:05:14.534+0000: 3072.750: [GC [PSYoungGen: 242444K->740K(236608K)] 724960K->483328K(923584K), 0.0067530 secs] [Times: user=0.05 sys=0.00, real=0.01 secs] 
2014-07-08T05:05:15.357+0000: 3073.572: [GC [PSYoungGen: 236580K->672K(230912K)] 719168K->483332K(917888K), 0.0066740 secs] [Times: user=0.05 sys=0.00, real=0.01 secs] 
2014-07-08T05:05:16.147+0000: 3074.362: [GC [PSYoungGen: 230880K->612K(225472K)] 713540K->483320K(912448K), 0.0058470 secs] [Times: user=0.03 sys=0.00, real=0.01 secs] 
2014-07-08T05:05:16.935+0000: 3075.150: [GC [PSYoungGen: 225396K->868K(220544K)] 708105K->483656K(907520K), 0.0065980 secs] [Times: user=0.04 sys=0.00, real=0.01 secs] 
2014-07-08T05:05:17.920+0000: 3076.136: [GC [PSYoungGen: 220516K->690K(215360K)] 703304K->483830K(902336K), 0.0042990 secs] [Times: user=0.02 sys=0.00, real=0.01 secs] 
2014-07-08T05:05:18.618+0000: 3076.834: [GC [PSYoungGen: 215346K->1074K(210880K)] 698486K->484286K(897856K), 0.0123430 secs] [Times: user=0.08 sys=0.00, real=0.01 secs] 
2014-07-08T05:05:19.237+0000: 3077.453: [GC [PSYoungGen: 210866K->684K(205824K)] 694078K->484084K(892800K), 0.0031020 secs] [Times: user=0.02 sys=0.00, real=0.00 secs] 
2014-07-08T05:05:19.964+0000: 3078.180: [GC [PSYoungGen: 205804K->886K(201472K)] 689204K->484334K(888448K), 0.0086290 secs] [Times: user=0.05 sys=0.00, real=0.01 secs] 
2014-07-08T05:05:20.711+0000: 3078.927: [GC [PSYoungGen: 201462K->876K(197120K)] 684910K->484412K(884096K), 0.0072990 secs] [Times: user=0.05 sys=0.00, real=0.00 secs] 
2014-07-08T05:05:21.382+0000: 3079.598: [GC [PSYoungGen: 197100K->676K(236224K)] 680636K->484260K(923200K), 0.0088120 secs] [Times: user=0.06 sys=0.00, real=0.00 secs] 
2014-07-08T05:05:22.213+0000: 3080.429: [GC [PSYoungGen: 236163K->826K(269376K)] 719747K->484482K(956352K), 0.0098520 secs] [Times: user=0.06 sys=0.00, real=0.01 secs] 
2014-07-08T05:05:23.207+0000: 3081.423: [GC [PSYoungGen: 269306K->498K(262144K)] 752962K->484202K(949120K), 0.0075760 secs] [Times: user=0.05 sys=0.00, real=0.01 secs] 
2014-07-08T05:05:24.120+0000: 3082.336: [GC [PSYoungGen: 262130K->694K(255808K)] 745834K->484552K(942784K), 0.0067470 secs] [Times: user=0.04 sys=0.00, real=0.01 secs] 
2014-07-08T05:05:25.034+0000: 3083.250: [GC [PSYoungGen: 255798K->612K(249408K)] 739656K->484526K(936384K), 0.0068070 secs] [Times: user=0.04 sys=0.01, real=0.00 secs] 
2014-07-08T05:05:25.914+0000: 3084.130: [GC [PSYoungGen: 249380K->616K(243328K)] 733294K->484586K(930304K), 0.0096440 secs] [Times: user=0.06 sys=0.00, real=0.01 secs] 
2014-07-08T05:05:26.767+0000: 3084.983: [GC [PSYoungGen: 243266K->666K(237568K)] 727237K->484692K(924544K), 0.0099660 secs] [Times: user=0.07 sys=0.00, real=0.01 secs] 
2014-07-08T05:05:27.628+0000: 3085.844: [GC [PSYoungGen: 237512K->1000K(232256K)] 721539K->485175K(919232K), 0.0091350 secs] [Times: user=0.05 sys=0.00, real=0.01 secs] 
2014-07-08T05:05:28.436+0000: 3086.652: [GC [PSYoungGen: 232232K->776K(226624K)] 716407K->485006K(913600K), 0.0074960 secs] [Times: user=0.05 sys=0.00, real=0.01 secs] 
2014-07-08T05:05:29.216+0000: 3087.431: [GC [PSYoungGen: 226568K->634K(221184K)] 710798K->484904K(908160K), 0.0043490 secs] [Times: user=0.02 sys=0.00, real=0.00 secs] 
2014-07-08T05:05:30.005+0000: 3088.220: [GC [PSYoungGen: 221178K->666K(216192K)] 705448K->484992K(903168K), 0.0041950 secs] [Times: user=0.02 sys=0.00, real=0.00 secs] 
2014-07-08T05:05:30.760+0000: 3088.975: [GC [PSYoungGen: 216154K->634K(259264K)] 700480K->485000K(946240K), 0.0141950 secs] [Times: user=0.08 sys=0.00, real=0.02 secs] 
2014-07-08T05:05:31.751+0000: 3089.966: [GC [PSYoungGen: 259258K->894K(253056K)] 743624K->485308K(940032K), 0.0040870 secs] [Times: user=0.02 sys=0.00, real=0.01 secs] 
2014-07-08T05:05:32.721+0000: 3090.937: [GC [PSYoungGen: 253054K->824K(246784K)] 737468K->485459K(933760K), 0.0042360 secs] [Times: user=0.02 sys=0.00, real=0.01 secs] 
2014-07-08T05:05:33.472+0000: 3091.688: [GC [PSYoungGen: 246744K->1047K(241088K)] 731378K->485729K(928064K), 0.0045090 secs] [Times: user=0.02 sys=0.00, real=0.01 secs] 
2014-07-08T05:05:34.317+0000: 3092.532: [GC [PSYoungGen: 241047K->548K(263296K)] 725729K->485302K(950272K), 0.0178400 secs] [Times: user=0.09 sys=0.00, real=0.02 secs] 
2014-07-08T05:05:35.252+0000: 3093.468: [GC [PSYoungGen: 263268K->812K(256960K)] 748022K->485614K(943936K), 0.0043740 secs] [Times: user=0.02 sys=0.00, real=0.01 secs] 
2014-07-08T05:05:36.168+0000: 3094.384: [GC [PSYoungGen: 256940K->494K(250304K)] 741742K->485457K(937280K), 0.0038460 secs] [Times: user=0.03 sys=0.00, real=0.00 secs] 
2014-07-08T05:05:37.052+0000: 3095.268: [GC [PSYoungGen: 250286K->612K(244288K)] 735249K->485646K(931264K), 0.0037350 secs] [Times: user=0.02 sys=0.00, real=0.01 secs] 
2014-07-08T05:05:37.964+0000: 3096.179: [GC [PSYoungGen: 244256K->698K(238464K)] 729290K->485804K(925440K), 0.0101830 secs] [Times: user=0.07 sys=0.00, real=0.01 secs] 
2014-07-08T05:05:38.762+0000: 3096.978: [GC [PSYoungGen: 238458K->698K(232768K)] 723564K->485876K(919744K), 0.0061190 secs] [Times: user=0.04 sys=0.00, real=0.01 secs] 
2014-07-08T05:05:39.712+0000: 3097.928: [GC [PSYoungGen: 232712K->904K(227584K)] 717891K->486138K(914560K), 0.0076820 secs] [Times: user=0.05 sys=0.00, real=0.01 secs] 
2014-07-08T05:05:40.419+0000: 3098.635: [GC [PSYoungGen: 227525K->946K(222336K)] 712760K->486221K(909312K), 0.0104150 secs] [Times: user=0.06 sys=0.00, real=0.01 secs] 
2014-07-08T05:05:41.193+0000: 3099.409: [GC [PSYoungGen: 222278K->420K(216768K)] 707553K->485952K(903744K), 0.0086810 secs] [Times: user=0.06 sys=0.00, real=0.01 secs] 
2014-07-08T05:05:41.964+0000: 3100.180: [GC [PSYoungGen: 216716K->886K(212288K)] 702249K->486491K(899264K), 0.0081340 secs] [Times: user=0.06 sys=0.00, real=0.00 secs] 
2014-07-08T05:05:42.793+0000: 3101.009: [GC [PSYoungGen: 212278K->996K(207680K)] 697883K->486763K(894656K), 0.0068640 secs] [Times: user=0.05 sys=0.00, real=0.01 secs] 
2014-07-08T05:05:43.487+0000: 3101.703: [GC [PSYoungGen: 207652K->822K(202944K)] 693419K->486692K(889920K), 0.0072920 secs] [Times: user=0.05 sys=0.00, real=0.01 secs] 
2014-07-08T05:05:44.197+0000: 3102.413: [GC [PSYoungGen: 202934K->622K(198336K)] 688804K->486769K(885312K), 0.0050730 secs] [Times: user=0.03 sys=0.00, real=0.00 secs] 
2014-07-08T05:05:44.902+0000: 3103.118: [GC [PSYoungGen: 198318K->862K(194304K)] 684465K->487064K(881280K), 0.0084130 secs] [Times: user=0.06 sys=0.00, real=0.01 secs] 
2014-07-08T05:05:45.694+0000: 3103.910: [GC [PSYoungGen: 194262K->950K(190272K)] 680464K->487472K(877248K), 0.0066650 secs] [Times: user=0.02 sys=0.00, real=0.01 secs] 
2014-07-08T05:05:46.276+0000: 3104.492: [GC [PSYoungGen: 190262K->626K(227840K)] 676784K->487220K(914816K), 0.0102990 secs] [Times: user=0.06 sys=0.00, real=0.01 secs] 
2014-07-08T05:05:47.083+0000: 3105.298: [GC [PSYoungGen: 227810K->848K(222784K)] 714405K->487565K(909760K), 0.0034660 secs] [Times: user=0.02 sys=0.00, real=0.01 secs] 
2014-07-08T05:05:47.901+0000: 3106.117: [GC [PSYoungGen: 222736K->562K(217344K)] 709453K->487342K(904320K), 0.0062110 secs] [Times: user=0.04 sys=0.00, real=0.01 secs] 
2014-07-08T05:05:48.660+0000: 3106.876: [GC [PSYoungGen: 217330K->850K(212736K)] 704110K->487703K(899712K), 0.0081220 secs] [Times: user=0.06 sys=0.00, real=0.01 secs] 
2014-07-08T05:05:49.407+0000: 3107.622: [GC [PSYoungGen: 212690K->726K(254976K)] 699543K->487618K(941952K), 0.0096600 secs] [Times: user=0.06 sys=0.00, real=0.01 secs] 
2014-07-08T05:05:50.311+0000: 3108.527: [GC [PSYoungGen: 254891K->876K(248832K)] 741783K->487933K(935808K), 0.0059170 secs] [Times: user=0.04 sys=0.01, real=0.01 secs] 
2014-07-08T05:05:51.198+0000: 3109.414: [GC [PSYoungGen: 248806K->758K(242688K)] 735863K->487886K(929664K), 0.0085990 secs] [Times: user=0.06 sys=0.00, real=0.01 secs] 
2014-07-08T05:05:52.054+0000: 3110.270: [GC [PSYoungGen: 242678K->626K(236736K)] 729806K->487826K(923712K), 0.0088560 secs] [Times: user=0.06 sys=0.00, real=0.01 secs] 
2014-07-08T05:05:52.942+0000: 3111.158: [GC [PSYoungGen: 236722K->676K(231168K)] 723922K->487948K(918144K), 0.0067450 secs] [Times: user=0.04 sys=0.00, real=0.01 secs] 
2014-07-08T05:05:53.748+0000: 3111.964: [GC [PSYoungGen: 231140K->744K(225856K)] 718412K->488113K(912832K), 0.0039960 secs] [Times: user=0.02 sys=0.00, real=0.00 secs] 
2014-07-08T05:05:54.531+0000: 3112.747: [GC [PSYoungGen: 225822K->776K(220736K)] 713191K->488201K(907712K), 0.0041740 secs] [Times: user=0.02 sys=0.00, real=0.00 secs] 
2014-07-08T05:05:55.280+0000: 3113.495: [GC [PSYoungGen: 220649K->666K(215552K)] 708074K->488147K(902528K), 0.0039630 secs] [Times: user=0.02 sys=0.00, real=0.00 secs] 
2014-07-08T05:05:56.039+0000: 3114.254: [GC [PSYoungGen: 215514K->698K(210688K)] 702995K->488235K(897664K), 0.0092220 secs] [Times: user=0.07 sys=0.00, real=0.01 secs] 
2014-07-08T05:05:56.824+0000: 3115.040: [GC [PSYoungGen: 210682K->800K(206144K)] 698219K->488507K(893120K), 0.0063680 secs] [Times: user=0.04 sys=0.00, real=0.01 secs] 
2014-07-08T05:05:57.519+0000: 3115.735: [GC [PSYoungGen: 206096K->879K(201664K)] 693803K->488642K(888640K), 0.0073930 secs] [Times: user=0.05 sys=0.00, real=0.00 secs] 
2014-07-08T05:05:58.210+0000: 3116.426: [GC [PSYoungGen: 201644K->638K(197056K)] 689407K->488595K(884032K), 0.0032850 secs] [Times: user=0.02 sys=0.00, real=0.00 secs] 
2014-07-08T05:05:58.906+0000: 3117.122: [GC [PSYoungGen: 197006K->680K(192896K)] 684963K->488685K(879872K), 0.0062190 secs] [Times: user=0.03 sys=0.00, real=0.01 secs] 
2014-07-08T05:05:59.638+0000: 3117.854: [GC [PSYoungGen: 192872K->818K(188928K)] 680877K->488921K(875904K), 0.0118300 secs] [Times: user=0.07 sys=0.00, real=0.01 secs] 
2014-07-08T05:06:00.255+0000: 3118.470: [GC [PSYoungGen: 188914K->566K(226304K)] 677017K->488733K(913280K), 0.0092740 secs] [Times: user=0.06 sys=0.00, real=0.01 secs] 
2014-07-08T05:06:01.062+0000: 3119.278: [GC [PSYoungGen: 226294K->762K(221248K)] 714461K->488985K(908224K), 0.0036050 secs] [Times: user=0.02 sys=0.01, real=0.00 secs] 
2014-07-08T05:06:01.842+0000: 3120.057: [GC [PSYoungGen: 221230K->869K(216320K)] 709453K->489148K(903296K), 0.0036880 secs] [Times: user=0.02 sys=0.00, real=0.00 secs] 
2014-07-08T05:06:02.675+0000: 3120.891: [GC [PSYoungGen: 216293K->562K(211136K)] 704572K->489091K(898112K), 0.0068890 secs] [Times: user=0.05 sys=0.00, real=0.01 secs] 
2014-07-08T05:06:03.343+0000: 3121.559: [GC [PSYoungGen: 211122K->598K(206528K)] 699651K->489191K(893504K), 0.0100150 secs] [Times: user=0.06 sys=0.01, real=0.01 secs] 
2014-07-08T05:06:04.083+0000: 3122.299: [GC [PSYoungGen: 206429K->816K(202176K)] 695022K->489507K(889152K), 0.0038020 secs] [Times: user=0.03 sys=0.00, real=0.00 secs] 
2014-07-08T05:06:04.812+0000: 3123.027: [GC [PSYoungGen: 202160K->434K(197440K)] 690851K->489181K(884416K), 0.0049060 secs] [Times: user=0.03 sys=0.00, real=0.00 secs] 
2014-07-08T05:06:05.528+0000: 3123.744: [GC [PSYoungGen: 197349K->929K(193728K)] 686096K->489748K(880704K), 0.0072240 secs] [Times: user=0.05 sys=0.00, real=0.00 secs] 
2014-07-08T05:06:06.212+0000: 3124.427: [GC [PSYoungGen: 193683K->766K(189440K)] 682502K->489649K(876416K), 0.0030370 secs] [Times: user=0.02 sys=0.00, real=0.00 secs] 
2014-07-08T05:06:06.885+0000: 3125.100: [GC [PSYoungGen: 189438K->612K(185344K)] 678321K->489591K(872320K), 0.0042900 secs] [Times: user=0.03 sys=0.00, real=0.01 secs] 
2014-07-08T05:06:07.557+0000: 3125.772: [GC [PSYoungGen: 185316K->708K(181632K)] 674295K->489751K(868608K), 0.0034260 secs] [Times: user=0.02 sys=0.00, real=0.01 secs] 
2014-07-08T05:06:08.222+0000: 3126.437: [GC [PSYoungGen: 181529K->810K(177984K)] 670572K->489941K(864960K), 0.0041100 secs] [Times: user=0.02 sys=0.00, real=0.00 secs] 
2014-07-08T05:06:08.805+0000: 3127.020: [GC [PSYoungGen: 177962K->730K(174336K)] 667093K->489925K(861312K), 0.0066630 secs] [Times: user=0.04 sys=0.01, real=0.01 secs] 
2014-07-08T05:06:09.428+0000: 3127.644: [GC [PSYoungGen: 174292K->630K(170752K)] 663487K->489961K(857728K), 0.0102600 secs] [Times: user=0.07 sys=0.00, real=0.01 secs] 
2014-07-08T05:06:10.018+0000: 3128.234: [GC [PSYoungGen: 170736K->926K(167744K)] 660067K->490337K(854720K), 0.0043280 secs] [Times: user=0.02 sys=0.00, real=0.01 secs] 
2014-07-08T05:06:10.668+0000: 3128.884: [GC [PSYoungGen: 167710K->484K(164032K)] 657121K->490227K(851008K), 0.0049900 secs] [Times: user=0.02 sys=0.01, real=0.01 secs] 
2014-07-08T05:06:11.207+0000: 3129.423: [GC [PSYoungGen: 164004K->848K(197120K)] 653747K->490655K(884096K), 0.0096990 secs] [Times: user=0.08 sys=0.00, real=0.01 secs] 
2014-07-08T05:06:11.906+0000: 3130.122: [GC [PSYoungGen: 197072K->516K(192576K)] 686879K->490595K(879552K), 0.0038840 secs] [Times: user=0.01 sys=0.00, real=0.01 secs] 
2014-07-08T05:06:12.598+0000: 3130.813: [GC [PSYoungGen: 192500K->776K(188736K)] 682579K->490927K(875712K), 0.0068160 secs] [Times: user=0.04 sys=0.00, real=0.01 secs] 
2014-07-08T05:06:13.275+0000: 3131.491: [GC [PSYoungGen: 188675K->807K(184832K)] 678826K->491152K(871808K), 0.0033270 secs] [Times: user=0.02 sys=0.00, real=0.00 secs] 
2014-07-08T05:06:13.915+0000: 3132.131: [GC [PSYoungGen: 184807K->762K(180992K)] 675152K->491179K(867968K), 0.0035680 secs] [Times: user=0.02 sys=0.00, real=0.00 secs] 
2014-07-08T05:06:14.567+0000: 3132.783: [GC [PSYoungGen: 180974K->758K(177344K)] 671392K->491628K(864320K), 0.0094940 secs] [Times: user=0.06 sys=0.00, real=0.01 secs] 
2014-07-08T05:06:15.175+0000: 3133.390: [GC [PSYoungGen: 177321K->912K(173952K)] 668190K->491845K(860928K), 0.0054200 secs] [Times: user=0.04 sys=0.00, real=0.01 secs] 
2014-07-08T05:06:15.787+0000: 3134.003: [GC [PSYoungGen: 173855K->744K(208384K)] 664789K->491881K(895360K), 0.0111390 secs] [Times: user=0.07 sys=0.00, real=0.01 secs] 
2014-07-08T05:06:16.544+0000: 3134.759: [GC [PSYoungGen: 208360K->644K(242240K)] 699497K->491813K(929216K), 0.0054690 secs] [Times: user=0.02 sys=0.00, real=0.00 secs] 
2014-07-08T05:06:17.384+0000: 3135.600: [GC [PSYoungGen: 241668K->908K(250368K)] 732837K->492109K(937344K), 0.0122850 secs] [Times: user=0.08 sys=0.00, real=0.01 secs] 
2014-07-08T05:06:18.296+0000: 3136.512: [GC [PSYoungGen: 250060K->662K(250368K)] 741261K->491903K(937344K), 0.0106600 secs] [Times: user=0.06 sys=0.01, real=0.01 secs] 
2014-07-08T05:06:19.157+0000: 3137.372: [GC [PSYoungGen: 249814K->1024K(244160K)] 741055K->492330K(931136K), 0.0051240 secs] [Times: user=0.02 sys=0.00, real=0.01 secs] 
2014-07-08T05:06:20.015+0000: 3138.231: [GC [PSYoungGen: 244096K->548K(237760K)] 735402K->491909K(924736K), 0.0035480 secs] [Times: user=0.01 sys=0.00, real=0.00 secs] 
2014-07-08T05:06:20.855+0000: 3139.070: [GC [PSYoungGen: 237636K->648K(232256K)] 728998K->492073K(919232K), 0.0122910 secs] [Times: user=0.08 sys=0.00, real=0.01 secs] 
2014-07-08T05:06:21.685+0000: 3139.901: [GC [PSYoungGen: 232199K->1196K(227328K)] 723625K->492686K(914304K), 0.0086260 secs] [Times: user=0.06 sys=0.00, real=0.01 secs] 
2014-07-08T05:06:22.510+0000: 3140.725: [GC [PSYoungGen: 227260K->566K(221440K)] 718750K->492380K(908416K), 0.0038470 secs] [Times: user=0.02 sys=0.01, real=0.01 secs] 
2014-07-08T05:06:23.304+0000: 3141.520: [GC [PSYoungGen: 221430K->908K(216768K)] 713244K->492786K(903744K), 0.0041760 secs] [Times: user=0.02 sys=0.00, real=0.00 secs] 
2014-07-08T05:06:24.124+0000: 3142.339: [GC [PSYoungGen: 216716K->612K(211584K)] 708594K->492578K(898560K), 0.0088720 secs] [Times: user=0.06 sys=0.00, real=0.01 secs] 
2014-07-08T05:06:24.812+0000: 3143.027: [GC [PSYoungGen: 211556K->512K(206720K)] 703522K->492558K(893696K), 0.0061580 secs] [Times: user=0.04 sys=0.00, real=0.00 secs] 
2014-07-08T05:06:25.529+0000: 3143.745: [GC [PSYoungGen: 206678K->1046K(202752K)] 698724K->493156K(889728K), 0.0040220 secs] [Times: user=0.02 sys=0.00, real=0.01 secs] 
2014-07-08T05:06:26.254+0000: 3144.469: [GC [PSYoungGen: 202710K->726K(198016K)] 694820K->492900K(884992K), 0.0111360 secs] [Times: user=0.07 sys=0.00, real=0.01 secs] 
2014-07-08T05:06:26.967+0000: 3145.182: [GC [PSYoungGen: 197974K->826K(237568K)] 690148K->493104K(924544K), 0.0098480 secs] [Times: user=0.07 sys=0.00, real=0.01 secs] 
2014-07-08T05:06:27.812+0000: 3146.028: [GC [PSYoungGen: 237552K->612K(231744K)] 729830K->492938K(918720K), 0.0056670 secs] [Times: user=0.04 sys=0.00, real=0.00 secs] 
2014-07-08T05:06:28.671+0000: 3146.887: [GC [PSYoungGen: 231716K->598K(226304K)] 724042K->492964K(913280K), 0.0074960 secs] [Times: user=0.04 sys=0.00, real=0.00 secs] 
2014-07-08T05:06:29.457+0000: 3147.672: [GC [PSYoungGen: 226262K->758K(221184K)] 718628K->493172K(908160K), 0.0098560 secs] [Times: user=0.05 sys=0.00, real=0.01 secs] 
2014-07-08T05:06:30.242+0000: 3148.458: [GC [PSYoungGen: 221174K->736K(216128K)] 713588K->493214K(903104K), 0.0028990 secs] [Times: user=0.02 sys=0.00, real=0.00 secs] 
2014-07-08T05:06:31.010+0000: 3149.225: [GC [PSYoungGen: 216096K->748K(211264K)] 708574K->493282K(898240K), 0.0060560 secs] [Times: user=0.04 sys=0.00, real=0.01 secs] 
2014-07-08T05:06:31.774+0000: 3149.989: [GC [PSYoungGen: 211244K->530K(206400K)] 703778K->493120K(893376K), 0.0109820 secs] [Times: user=0.08 sys=0.00, real=0.01 secs] 
2014-07-08T05:06:32.494+0000: 3150.709: [GC [PSYoungGen: 206354K->1138K(202432K)] 698944K->493760K(889408K), 0.0058050 secs] [Times: user=0.02 sys=0.01, real=0.00 secs] 
2014-07-08T05:06:33.180+0000: 3151.396: [GC [PSYoungGen: 202418K->612K(242176K)] 695040K->493390K(929152K), 0.0104100 secs] [Times: user=0.07 sys=0.00, real=0.01 secs] 
2014-07-08T05:06:34.052+0000: 3152.267: [GC [PSYoungGen: 242148K->716K(236480K)] 734926K->493518K(923456K), 0.0055110 secs] [Times: user=0.02 sys=0.00, real=0.01 secs] 
2014-07-08T05:06:34.900+0000: 3153.115: [GC [PSYoungGen: 236428K->812K(230976K)] 729230K->493678K(917952K), 0.0073440 secs] [Times: user=0.04 sys=0.00, real=0.01 secs] 
2014-07-08T05:06:35.769+0000: 3153.984: [GC [PSYoungGen: 230956K->1064K(225856K)] 723822K->493994K(912832K), 0.0070350 secs] [Times: user=0.05 sys=0.01, real=0.01 secs] 
2014-07-08T05:06:36.574+0000: 3154.790: [GC [PSYoungGen: 225803K->438K(220032K)] 718733K->493748K(907008K), 0.0058830 secs] [Times: user=0.04 sys=0.00, real=0.00 secs] 
2014-07-08T05:06:37.315+0000: 3155.530: [GC [PSYoungGen: 220022K->1047K(264640K)] 713332K->494413K(951616K), 0.0137490 secs] [Times: user=0.09 sys=0.00, real=0.01 secs] 
2014-07-08T05:06:38.257+0000: 3156.473: [GC [PSYoungGen: 264524K->953K(257856K)] 757890K->494689K(944832K), 0.0049710 secs] [Times: user=0.03 sys=0.00, real=0.00 secs] 
2014-07-08T05:06:39.160+0000: 3157.375: [GC [PSYoungGen: 257849K->822K(251328K)] 751585K->494614K(938304K), 0.0054830 secs] [Times: user=0.03 sys=0.00, real=0.01 secs] 
2014-07-08T05:06:40.053+0000: 3158.269: [GC [PSYoungGen: 251318K->640K(244992K)] 745110K->494512K(931968K), 0.0124960 secs] [Times: user=0.07 sys=0.00, real=0.01 secs] 
2014-07-08T05:06:40.930+0000: 3159.146: [GC [PSYoungGen: 244992K->666K(239168K)] 738864K->494602K(926144K), 0.0037700 secs] [Times: user=0.02 sys=0.01, real=0.01 secs] 
2014-07-08T05:06:41.843+0000: 3160.059: [GC [PSYoungGen: 239130K->964K(233792K)] 733066K->494964K(920768K), 0.0103080 secs] [Times: user=0.08 sys=0.00, real=0.01 secs] 
2014-07-08T05:06:42.642+0000: 3160.857: [GC [PSYoungGen: 233732K->726K(280128K)] 727732K->494766K(967104K), 0.0162410 secs] [Times: user=0.12 sys=0.00, real=0.02 secs] 
2014-07-08T05:06:43.712+0000: 3161.928: [GC [PSYoungGen: 280052K->772K(272960K)] 774092K->494876K(959936K), 0.0036810 secs] [Times: user=0.02 sys=0.00, real=0.01 secs] 
2014-07-08T05:06:44.587+0000: 3162.802: [GC [PSYoungGen: 272900K->840K(266048K)] 767004K->495000K(953024K), 0.0097680 secs] [Times: user=0.05 sys=0.00, real=0.01 secs] 
2014-07-08T05:06:45.547+0000: 3163.763: [GC [PSYoungGen: 265978K->876K(259328K)] 760138K->495204K(946304K), 0.0075270 secs] [Times: user=0.05 sys=0.00, real=0.01 secs] 
2014-07-08T05:06:46.435+0000: 3164.650: [GC [PSYoungGen: 259263K->1207K(253184K)] 753591K->495599K(940160K), 0.0078110 secs] [Times: user=0.05 sys=0.00, real=0.00 secs] 
2014-07-08T05:06:47.325+0000: 3165.541: [GC [PSYoungGen: 253167K->502K(246272K)] 747559K->495238K(933248K), 0.0089870 secs] [Times: user=0.06 sys=0.00, real=0.01 secs] 
2014-07-08T05:06:48.182+0000: 3166.398: [GC [PSYoungGen: 246262K->758K(284544K)] 740998K->495574K(971520K), 0.0109580 secs] [Times: user=0.08 sys=0.00, real=0.01 secs] 
2014-07-08T05:06:49.169+0000: 3167.384: [GC [PSYoungGen: 283958K->850K(276736K)] 778774K->495754K(963712K), 0.0032880 secs] [Times: user=0.02 sys=0.00, real=0.00 secs] 
2014-07-08T05:06:50.144+0000: 3168.360: [GC [PSYoungGen: 276690K->780K(269568K)] 771594K->495740K(956544K), 0.0059260 secs] [Times: user=0.03 sys=0.01, real=0.01 secs] 
2014-07-08T05:06:51.086+0000: 3169.302: [GC [PSYoungGen: 269516K->882K(262784K)] 764476K->495964K(949760K), 0.0119360 secs] [Times: user=0.07 sys=0.00, real=0.01 secs] 
2014-07-08T05:06:52.025+0000: 3170.241: [GC [PSYoungGen: 262744K->698K(256000K)] 757826K->495820K(942976K), 0.0050350 secs] [Times: user=0.02 sys=0.00, real=0.00 secs] 
2014-07-08T05:06:53.001+0000: 3171.217: [GC [PSYoungGen: 255994K->740K(249728K)] 751116K->495926K(936704K), 0.0041520 secs] [Times: user=0.03 sys=0.00, real=0.01 secs] 
2014-07-08T05:06:53.923+0000: 3172.138: [GC [PSYoungGen: 249700K->1178K(244096K)] 744886K->496428K(931072K), 0.0061420 secs] [Times: user=0.03 sys=0.00, real=0.01 secs] 
2014-07-08T05:06:54.725+0000: 3172.941: [GC [PSYoungGen: 244046K->502K(237504K)] 739296K->496170K(924480K), 0.0040810 secs] [Times: user=0.02 sys=0.00, real=0.00 secs] 
2014-07-08T05:06:55.548+0000: 3173.764: [GC [PSYoungGen: 237489K->990K(232384K)] 733158K->496706K(919360K), 0.0054600 secs] [Times: user=0.02 sys=0.00, real=0.00 secs] 
2014-07-08T05:06:56.367+0000: 3174.583: [GC [PSYoungGen: 232350K->826K(226752K)] 728066K->496764K(913728K), 0.0117670 secs] [Times: user=0.09 sys=0.00, real=0.01 secs] 
2014-07-08T05:06:57.164+0000: 3175.380: [GC [PSYoungGen: 226746K->779K(271936K)] 722684K->496797K(958912K), 0.0136280 secs] [Times: user=0.10 sys=0.00, real=0.02 secs] 
2014-07-08T05:06:58.125+0000: 3176.341: [GC [PSYoungGen: 271883K->648K(291776K)] 767901K->496746K(978752K), 0.0118920 secs] [Times: user=0.09 sys=0.00, real=0.02 secs] 
2014-07-08T05:06:59.220+0000: 3177.436: [GC [PSYoungGen: 291464K->626K(283776K)] 787562K->496788K(970752K), 0.0036400 secs] [Times: user=0.02 sys=0.00, real=0.00 secs] 
2014-07-08T05:07:00.150+0000: 3178.366: [GC [PSYoungGen: 283722K->666K(276480K)] 779884K->496884K(963456K), 0.0094350 secs] [Times: user=0.06 sys=0.01, real=0.01 secs] 
2014-07-08T05:07:01.157+0000: 3179.373: [GC [PSYoungGen: 276433K->848K(269568K)] 772651K->497122K(956544K), 0.0037920 secs] [Times: user=0.02 sys=0.00, real=0.00 secs] 
2014-07-08T05:07:02.106+0000: 3180.322: [GC [PSYoungGen: 269520K->762K(262592K)] 765794K->497100K(949568K), 0.0102830 secs] [Times: user=0.07 sys=0.00, real=0.01 secs] 
2014-07-08T05:07:03.037+0000: 3181.252: [GC [PSYoungGen: 262585K->630K(255872K)] 758923K->497032K(942848K), 0.0035820 secs] [Times: user=0.01 sys=0.00, real=0.01 secs] 
2014-07-08T05:07:04.044+0000: 3182.259: [GC [PSYoungGen: 255838K->1028K(249984K)] 752240K->497494K(936960K), 0.0074460 secs] [Times: user=0.05 sys=0.00, real=0.01 secs] 
2014-07-08T05:07:04.855+0000: 3183.071: [GC [PSYoungGen: 249924K->744K(243584K)] 746390K->497282K(930560K), 0.0061390 secs] [Times: user=0.04 sys=0.00, real=0.01 secs] 
2014-07-08T05:07:05.754+0000: 3183.970: [GC [PSYoungGen: 243560K->608K(237568K)] 740098K->497423K(924544K), 0.0103000 secs] [Times: user=0.06 sys=0.00, real=0.01 secs] 
2014-07-08T05:07:06.574+0000: 3184.789: [GC [PSYoungGen: 237536K->908K(232256K)] 734351K->497762K(919232K), 0.0115450 secs] [Times: user=0.07 sys=0.00, real=0.01 secs] 
2014-07-08T05:07:07.387+0000: 3185.603: [GC [PSYoungGen: 232204K->882K(226752K)] 729058K->497883K(913728K), 0.0066650 secs] [Times: user=0.04 sys=0.00, real=0.00 secs] 
2014-07-08T05:07:08.183+0000: 3186.399: [GC [PSYoungGen: 226738K->744K(271808K)] 723739K->497808K(958784K), 0.0110500 secs] [Times: user=0.08 sys=0.00, real=0.01 secs] 
2014-07-08T05:07:09.151+0000: 3187.367: [GC [PSYoungGen: 271783K->830K(264960K)] 768848K->497958K(951936K), 0.0083020 secs] [Times: user=0.06 sys=0.00, real=0.01 secs] 
2014-07-08T05:07:10.109+0000: 3188.324: [GC [PSYoungGen: 264958K->480K(257984K)] 762086K->497690K(944960K), 0.0056280 secs] [Times: user=0.03 sys=0.00, real=0.00 secs] 
2014-07-08T05:07:11.008+0000: 3189.223: [GC [PSYoungGen: 257924K->634K(251712K)] 755134K->497892K(938688K), 0.0040060 secs] [Times: user=0.02 sys=0.01, real=0.01 secs] 
2014-07-08T05:07:11.916+0000: 3190.132: [GC [PSYoungGen: 251706K->758K(245696K)] 748964K->498080K(932672K), 0.0067650 secs] [Times: user=0.04 sys=0.01, real=0.01 secs] 
2014-07-08T05:07:12.775+0000: 3190.991: [GC [PSYoungGen: 245662K->612K(239616K)] 742985K->497998K(926592K), 0.0041830 secs] [Times: user=0.02 sys=0.00, real=0.01 secs] 
2014-07-08T05:07:13.672+0000: 3191.888: [GC [PSYoungGen: 239588K->722K(234048K)] 736974K->498164K(921024K), 0.0063730 secs] [Times: user=0.04 sys=0.00, real=0.01 secs] 
2014-07-08T05:07:14.481+0000: 3192.697: [GC [PSYoungGen: 234002K->940K(228736K)] 731444K->498446K(915712K), 0.0033030 secs] [Times: user=0.02 sys=0.00, real=0.00 secs] 
2014-07-08T05:07:15.275+0000: 3193.491: [GC [PSYoungGen: 228716K->644K(223168K)] 726222K->498214K(910144K), 0.0038390 secs] [Times: user=0.02 sys=0.01, real=0.01 secs] 
2014-07-08T05:07:16.073+0000: 3194.288: [GC [PSYoungGen: 223102K->662K(218048K)] 720673K->498288K(905024K), 0.0043670 secs] [Times: user=0.02 sys=0.00, real=0.00 secs] 
2014-07-08T05:07:16.853+0000: 3195.069: [GC [PSYoungGen: 217966K->768K(213248K)] 715593K->498459K(900224K), 0.0041940 secs] [Times: user=0.02 sys=0.00, real=0.00 secs] 
2014-07-08T05:07:17.636+0000: 3195.852: [GC [PSYoungGen: 213166K->815K(208512K)] 710857K->498627K(895488K), 0.0108700 secs] [Times: user=0.08 sys=0.00, real=0.01 secs] 
2014-07-08T05:07:18.354+0000: 3196.569: [GC [PSYoungGen: 208495K->964K(204096K)] 706307K->498817K(891072K), 0.0095420 secs] [Times: user=0.06 sys=0.00, real=0.01 secs] 
2014-07-08T05:07:19.086+0000: 3197.302: [GC [PSYoungGen: 204036K->498K(199168K)] 701889K->498612K(886144K), 0.0036750 secs] [Times: user=0.02 sys=0.00, real=0.01 secs] 
2014-07-08T05:07:19.807+0000: 3198.022: [GC [PSYoungGen: 199154K->794K(195200K)] 697268K->498964K(882176K), 0.0033140 secs] [Times: user=0.02 sys=0.00, real=0.01 secs] 
2014-07-08T05:07:20.484+0000: 3198.699: [GC [PSYoungGen: 195162K->940K(191168K)] 693332K->499190K(878144K), 0.0034950 secs] [Times: user=0.02 sys=0.00, real=0.00 secs] 
2014-07-08T05:07:21.145+0000: 3199.361: [GC [PSYoungGen: 191148K->512K(186688K)] 689398K->498818K(873664K), 0.0047790 secs] [Times: user=0.02 sys=0.00, real=0.01 secs] 
2014-07-08T05:07:21.848+0000: 3200.064: [GC [PSYoungGen: 186645K->822K(183104K)] 684952K->499176K(870080K), 0.0100210 secs] [Times: user=0.07 sys=0.00, real=0.01 secs] 
2014-07-08T05:07:22.462+0000: 3200.678: [GC [PSYoungGen: 183067K->926K(179520K)] 681422K->499312K(866496K), 0.0056070 secs] [Times: user=0.03 sys=0.00, real=0.00 secs] 
2014-07-08T05:07:23.092+0000: 3201.307: [GC [PSYoungGen: 179486K->548K(175488K)] 677872K->499006K(862464K), 0.0033730 secs] [Times: user=0.02 sys=0.00, real=0.00 secs] 
2014-07-08T05:07:23.734+0000: 3201.949: [GC [PSYoungGen: 175460K->872K(172288K)] 673918K->499402K(859264K), 0.0035960 secs] [Times: user=0.02 sys=0.00, real=0.00 secs] 
2014-07-08T05:07:24.328+0000: 3202.544: [GC [PSYoungGen: 172264K->744K(206464K)] 670794K->499330K(893440K), 0.0151760 secs] [Times: user=0.09 sys=0.00, real=0.02 secs] 
2014-07-08T05:07:25.066+0000: 3203.282: [GC [PSYoungGen: 206440K->844K(247744K)] 705026K->499470K(934720K), 0.0133320 secs] [Times: user=0.08 sys=0.00, real=0.01 secs] 
2014-07-08T05:07:25.946+0000: 3204.161: [GC [PSYoungGen: 247690K->684K(278080K)] 746316K->499539K(965056K), 0.0074480 secs] [Times: user=0.05 sys=0.00, real=0.01 secs] 
2014-07-08T05:07:26.959+0000: 3205.174: [GC [PSYoungGen: 278012K->1018K(278528K)] 776867K->499977K(965504K), 0.0073890 secs] [Times: user=0.05 sys=0.00, real=0.01 secs] 
2014-07-08T05:07:27.929+0000: 3206.144: [GC [PSYoungGen: 278394K->776K(271040K)] 777353K->499791K(958016K), 0.0060410 secs] [Times: user=0.03 sys=0.00, real=0.01 secs] 
2014-07-08T05:07:28.880+0000: 3207.096: [GC [PSYoungGen: 270976K->1015K(264320K)] 769991K->500118K(951296K), 0.0066210 secs] [Times: user=0.04 sys=0.00, real=0.01 secs] 
2014-07-08T05:07:29.833+0000: 3208.048: [GC [PSYoungGen: 264279K->502K(257216K)] 763383K->499927K(944192K), 0.0097050 secs] [Times: user=0.06 sys=0.01, real=0.01 secs] 
2014-07-08T05:07:30.748+0000: 3208.964: [GC [PSYoungGen: 257206K->594K(250944K)] 756631K->500059K(937920K), 0.0108870 secs] [Times: user=0.07 sys=0.00, real=0.01 secs] 
2014-07-08T05:07:31.651+0000: 3209.866: [GC [PSYoungGen: 250898K->1206K(245376K)] 750363K->500834K(932352K), 0.0082300 secs] [Times: user=0.06 sys=0.00, real=0.01 secs] 
2014-07-08T05:07:32.552+0000: 3210.768: [GC [PSYoungGen: 245365K->804K(239104K)] 744993K->500487K(926080K), 0.0099020 secs] [Times: user=0.06 sys=0.00, real=0.01 secs] 
2014-07-08T05:07:33.354+0000: 3211.569: [GC [PSYoungGen: 239076K->544K(233152K)] 738759K->500602K(920128K), 0.0049030 secs] [Times: user=0.02 sys=0.00, real=0.00 secs] 
2014-07-08T05:07:34.187+0000: 3212.402: [GC [PSYoungGen: 233120K->744K(227840K)] 733178K->500841K(914816K), 0.0068280 secs] [Times: user=0.03 sys=0.00, real=0.01 secs] 
2014-07-08T05:07:34.989+0000: 3213.204: [GC [PSYoungGen: 227816K->680K(222464K)] 727913K->500881K(909440K), 0.0091090 secs] [Times: user=0.06 sys=0.00, real=0.01 secs] 
2014-07-08T05:07:35.790+0000: 3214.006: [GC [PSYoungGen: 222440K->708K(217408K)] 722641K->500997K(904384K), 0.0068710 secs] [Times: user=0.04 sys=0.00, real=0.01 secs] 
2014-07-08T05:07:36.581+0000: 3214.797: [GC [PSYoungGen: 217348K->876K(212608K)] 717637K->501245K(899584K), 0.0071120 secs] [Times: user=0.05 sys=0.00, real=0.01 secs] 
2014-07-08T05:07:37.343+0000: 3215.559: [GC [PSYoungGen: 212548K->819K(207808K)] 712918K->501221K(894784K), 0.0059650 secs] [Times: user=0.02 sys=0.00, real=0.00 secs] 
2014-07-08T05:07:38.089+0000: 3216.305: [GC [PSYoungGen: 207795K->530K(202944K)] 708197K->500987K(889920K), 0.0074260 secs] [Times: user=0.05 sys=0.00, real=0.01 secs] 
2014-07-08T05:07:38.875+0000: 3217.090: [GC [PSYoungGen: 202861K->1094K(199104K)] 703319K->501607K(886080K), 0.0041120 secs] [Times: user=0.02 sys=0.00, real=0.00 secs] 
2014-07-08T05:07:39.631+0000: 3217.847: [GC [PSYoungGen: 198999K->616K(194304K)] 699512K->501544K(881280K), 0.0077250 secs] [Times: user=0.06 sys=0.00, real=0.01 secs] 
2014-07-08T05:07:40.206+0000: 3218.422: [GC [PSYoungGen: 194258K->904K(190528K)] 695187K->501896K(877504K), 0.0041950 secs] [Times: user=0.03 sys=0.00, real=0.00 secs] 
2014-07-08T05:07:40.880+0000: 3219.096: [GC [PSYoungGen: 190460K->748K(186368K)] 691453K->501820K(873344K), 0.0050710 secs] [Times: user=0.03 sys=0.00, real=0.01 secs] 
2014-07-08T05:07:41.557+0000: 3219.773: [GC [PSYoungGen: 186348K->722K(182528K)] 687420K->501858K(869504K), 0.0070130 secs] [Times: user=0.05 sys=0.00, real=0.01 secs] 
2014-07-08T05:07:42.188+0000: 3220.404: [GC [PSYoungGen: 182482K->868K(178944K)] 683618K->502084K(865920K), 0.0086030 secs] [Times: user=0.05 sys=0.01, real=0.01 secs] 
2014-07-08T05:07:42.833+0000: 3221.048: [GC [PSYoungGen: 178916K->612K(214336K)] 680132K->501884K(901312K), 0.0113730 secs] [Times: user=0.08 sys=0.00, real=0.02 secs] 
2014-07-08T05:07:43.688+0000: 3221.904: [GC [PSYoungGen: 214308K->946K(257408K)] 715580K->502274K(944384K), 0.0101230 secs] [Times: user=0.07 sys=0.01, real=0.01 secs] 
2014-07-08T05:07:44.668+0000: 3222.884: [GC [PSYoungGen: 257394K->892K(251008K)] 758722K->502268K(937984K), 0.0037480 secs] [Times: user=0.02 sys=0.00, real=0.00 secs] 
2014-07-08T05:07:45.441+0000: 3223.657: [GC [PSYoungGen: 251002K->612K(300800K)] 752378K->502132K(987776K), 0.0097400 secs] [Times: user=0.07 sys=0.00, real=0.01 secs] 
2014-07-08T05:07:46.493+0000: 3224.708: [GC [PSYoungGen: 300772K->1188K(293312K)] 802292K->502821K(980288K), 0.0075920 secs] [Times: user=0.05 sys=0.00, real=0.01 secs] 
2014-07-08T05:07:47.552+0000: 3225.768: [GC [PSYoungGen: 293284K->630K(284992K)] 794917K->502424K(971968K), 0.0041270 secs] [Times: user=0.03 sys=0.00, real=0.01 secs] 
2014-07-08T05:07:48.552+0000: 3226.768: [GC [PSYoungGen: 284933K->716K(277696K)] 786727K->502574K(964672K), 0.0056920 secs] [Times: user=0.03 sys=0.00, real=0.01 secs] 
2014-07-08T05:07:49.643+0000: 3227.859: [GC [PSYoungGen: 277644K->854K(270656K)] 779502K->502792K(957632K), 0.0136230 secs] [Times: user=0.10 sys=0.00, real=0.02 secs] 
2014-07-08T05:07:50.502+0000: 3228.717: [GC [PSYoungGen: 270614K->822K(263744K)] 772552K->502856K(950720K), 0.0042300 secs] [Times: user=0.03 sys=0.00, real=0.01 secs] 
2014-07-08T05:07:51.440+0000: 3229.656: [GC [PSYoungGen: 263734K->872K(257216K)] 765768K->502970K(944192K), 0.0149310 secs] [Times: user=0.09 sys=0.00, real=0.02 secs] 
2014-07-08T05:07:52.335+0000: 3230.550: [GC [PSYoungGen: 257163K->662K(308288K)] 759261K->502816K(995264K), 0.0132270 secs] [Times: user=0.10 sys=0.00, real=0.01 secs] 
2014-07-08T05:07:53.483+0000: 3231.699: [GC [PSYoungGen: 308246K->772K(300096K)] 810400K->502974K(987072K), 0.0042610 secs] [Times: user=0.02 sys=0.00, real=0.01 secs] 
2014-07-08T05:07:54.657+0000: 3232.873: [GC [PSYoungGen: 300017K->954K(292224K)] 802219K->503204K(979200K), 0.0043000 secs] [Times: user=0.02 sys=0.00, real=0.00 secs] 
2014-07-08T05:07:55.584+0000: 3233.799: [GC [PSYoungGen: 292218K->694K(284288K)] 794468K->503050K(971264K), 0.0069410 secs] [Times: user=0.05 sys=0.00, real=0.01 secs] 
2014-07-08T05:07:56.595+0000: 3234.810: [GC [PSYoungGen: 284278K->694K(276864K)] 786634K->503090K(963840K), 0.0051400 secs] [Times: user=0.02 sys=0.00, real=0.01 secs] 
2014-07-08T05:07:57.609+0000: 3235.825: [GC [PSYoungGen: 276828K->840K(269952K)] 779224K->503300K(956928K), 0.0058180 secs] [Times: user=0.02 sys=0.01, real=0.01 secs] 
2014-07-08T05:07:58.519+0000: 3236.735: [GC [PSYoungGen: 269863K->858K(263104K)] 772323K->503374K(950080K), 0.0041540 secs] [Times: user=0.02 sys=0.00, real=0.00 secs] 
2014-07-08T05:07:59.505+0000: 3237.721: [GC [PSYoungGen: 263062K->576K(256192K)] 765578K->503260K(943168K), 0.0084750 secs] [Times: user=0.03 sys=0.00, real=0.00 secs] 
2014-07-08T05:08:00.455+0000: 3238.670: [GC [PSYoungGen: 256189K->904K(250240K)] 758874K->503660K(937216K), 0.0100710 secs] [Times: user=0.06 sys=0.00, real=0.01 secs] 
2014-07-08T05:08:01.245+0000: 3239.461: [GC [PSYoungGen: 250184K->680K(243904K)] 752940K->503516K(930880K), 0.0039010 secs] [Times: user=0.02 sys=0.00, real=0.00 secs] 
2014-07-08T05:08:02.109+0000: 3240.325: [GC [PSYoungGen: 243880K->630K(237952K)] 746716K->503530K(924928K), 0.0060050 secs] [Times: user=0.04 sys=0.00, real=0.00 secs] 
2014-07-08T05:08:02.961+0000: 3241.177: [GC [PSYoungGen: 237942K->626K(232320K)] 740842K->503606K(919296K), 0.0092450 secs] [Times: user=0.06 sys=0.00, real=0.01 secs] 
2014-07-08T05:08:03.813+0000: 3242.029: [GC [PSYoungGen: 232256K->644K(226944K)] 735237K->503680K(913920K), 0.0102950 secs] [Times: user=0.06 sys=0.00, real=0.01 secs] 
2014-07-08T05:08:04.740+0000: 3242.955: [GC [PSYoungGen: 226884K->904K(221952K)] 729920K->503972K(908928K), 0.0053850 secs] [Times: user=0.03 sys=0.00, real=0.00 secs] 
2014-07-08T05:08:05.451+0000: 3243.667: [GC [PSYoungGen: 221856K->950K(216896K)] 724925K->504114K(903872K), 0.0067700 secs] [Times: user=0.04 sys=0.00, real=0.01 secs] 
2014-07-08T05:08:06.188+0000: 3244.404: [GC [PSYoungGen: 216886K->438K(259584K)] 720050K->503804K(946560K), 0.0178730 secs] [Times: user=0.11 sys=0.00, real=0.02 secs] 
2014-07-08T05:08:07.102+0000: 3245.318: [GC [PSYoungGen: 259548K->1086K(312064K)] 762914K->504500K(999040K), 0.0040180 secs] [Times: user=0.02 sys=0.01, real=0.01 secs] 
2014-07-08T05:08:08.212+0000: 3246.428: [GC [PSYoungGen: 312062K->818K(303360K)] 815476K->504378K(990336K), 0.0059230 secs] [Times: user=0.03 sys=0.01, real=0.01 secs] 
2014-07-08T05:08:09.316+0000: 3247.532: [GC [PSYoungGen: 303338K->594K(295040K)] 806898K->504242K(982016K), 0.0052250 secs] [Times: user=0.03 sys=0.00, real=0.01 secs] 
2014-07-08T05:08:10.363+0000: 3248.579: [GC [PSYoungGen: 294944K->982K(287616K)] 798592K->504686K(974592K), 0.0033590 secs] [Times: user=0.02 sys=0.00, real=0.00 secs] 
2014-07-08T05:08:11.394+0000: 3249.610: [GC [PSYoungGen: 287574K->740K(279872K)] 791278K->504500K(966848K), 0.0063860 secs] [Times: user=0.02 sys=0.00, real=0.01 secs] 
2014-07-08T05:08:12.365+0000: 3250.581: [GC [PSYoungGen: 279844K->644K(272576K)] 783604K->504436K(959552K), 0.0058030 secs] [Times: user=0.02 sys=0.00, real=0.01 secs] 
2014-07-08T05:08:13.323+0000: 3251.538: [GC [PSYoungGen: 272489K->848K(265792K)] 776281K->504712K(952768K), 0.0033520 secs] [Times: user=0.02 sys=0.00, real=0.00 secs] 
2014-07-08T05:08:14.247+0000: 3252.463: [GC [PSYoungGen: 265744K->730K(259008K)] 769608K->504658K(945984K), 0.0097630 secs] [Times: user=0.07 sys=0.00, real=0.01 secs] 
2014-07-08T05:08:15.187+0000: 3253.403: [GC [PSYoungGen: 258959K->939K(252800K)] 762887K->504931K(939776K), 0.0039290 secs] [Times: user=0.02 sys=0.00, real=0.01 secs] 
2014-07-08T05:08:16.082+0000: 3254.298: [GC [PSYoungGen: 252756K->648K(246336K)] 756749K->504704K(933312K), 0.0062870 secs] [Times: user=0.05 sys=0.00, real=0.01 secs] 
2014-07-08T05:08:16.992+0000: 3255.207: [GC [PSYoungGen: 246280K->730K(240448K)] 750336K->504850K(927424K), 0.0103550 secs] [Times: user=0.07 sys=0.00, real=0.01 secs] 
2014-07-08T05:08:17.809+0000: 3256.025: [GC [PSYoungGen: 240410K->758K(234688K)] 744530K->504958K(921664K), 0.0094860 secs] [Times: user=0.05 sys=0.00, real=0.01 secs] 
2014-07-08T05:08:18.673+0000: 3256.889: [GC [PSYoungGen: 234678K->1020K(229440K)] 738878K->505261K(916416K), 0.0053470 secs] [Times: user=0.03 sys=0.00, real=0.01 secs] 
2014-07-08T05:08:19.453+0000: 3257.669: [GC [PSYoungGen: 229436K->548K(223680K)] 733677K->505000K(910656K), 0.0032390 secs] [Times: user=0.02 sys=0.00, real=0.00 secs] 
2014-07-08T05:08:20.231+0000: 3258.446: [GC [PSYoungGen: 223604K->880K(218880K)] 728057K->505388K(905856K), 0.0046350 secs] [Times: user=0.03 sys=0.01, real=0.00 secs] 
2014-07-08T05:08:21.001+0000: 3259.217: [GC [PSYoungGen: 218864K->889K(213888K)] 723372K->505493K(900864K), 0.0101430 secs] [Times: user=0.08 sys=0.00, real=0.01 secs] 
2014-07-08T05:08:21.764+0000: 3259.980: [GC [PSYoungGen: 213881K->726K(208960K)] 718485K->505370K(895936K), 0.0075810 secs] [Times: user=0.02 sys=0.00, real=0.01 secs] 
2014-07-08T05:08:22.513+0000: 3260.728: [GC [PSYoungGen: 208912K->830K(204416K)] 713556K->505546K(891392K), 0.0079260 secs] [Times: user=0.05 sys=0.00, real=0.01 secs] 
2014-07-08T05:08:23.233+0000: 3261.449: [GC [PSYoungGen: 204414K->868K(200000K)] 709130K->505680K(886976K), 0.0040390 secs] [Times: user=0.02 sys=0.00, real=0.00 secs] 
2014-07-08T05:08:23.947+0000: 3262.162: [GC [PSYoungGen: 199935K->630K(195456K)] 704747K->505580K(882432K), 0.0067930 secs] [Times: user=0.04 sys=0.01, real=0.01 secs] 
2014-07-08T05:08:24.687+0000: 3262.902: [GC [PSYoungGen: 195399K->740K(191424K)] 700350K->505738K(878400K), 0.0049140 secs] [Times: user=0.02 sys=0.00, real=0.01 secs] 
2014-07-08T05:08:25.313+0000: 3263.529: [GC [PSYoungGen: 191396K->580K(187264K)] 696394K->505642K(874240K), 0.0041570 secs] [Times: user=0.03 sys=0.00, real=0.00 secs] 
2014-07-08T05:08:25.963+0000: 3264.179: [GC [PSYoungGen: 187192K->818K(183552K)] 692255K->505960K(870528K), 0.0063230 secs] [Times: user=0.04 sys=0.00, real=0.01 secs] 
2014-07-08T05:08:26.619+0000: 3264.835: [GC [PSYoungGen: 183496K->889K(179840K)] 688639K->506088K(866816K), 0.0040450 secs] [Times: user=0.01 sys=0.00, real=0.00 secs] 
2014-07-08T05:08:27.237+0000: 3265.453: [GC [PSYoungGen: 179833K->598K(175936K)] 685032K->505844K(862912K), 0.0054040 secs] [Times: user=0.03 sys=0.00, real=0.01 secs] 
2014-07-08T05:08:27.878+0000: 3266.093: [GC [PSYoungGen: 175894K->818K(211200K)] 681140K->506153K(898176K), 0.0116400 secs] [Times: user=0.08 sys=0.00, real=0.02 secs] 
2014-07-08T05:08:28.652+0000: 3266.867: [GC [PSYoungGen: 211167K->804K(253312K)] 716502K->506202K(940288K), 0.0088290 secs] [Times: user=0.05 sys=0.00, real=0.01 secs] 
2014-07-08T05:08:29.522+0000: 3267.738: [GC [PSYoungGen: 253284K->694K(246976K)] 758682K->506214K(933952K), 0.0051410 secs] [Times: user=0.03 sys=0.01, real=0.00 secs] 
2014-07-08T05:08:30.395+0000: 3268.611: [GC [PSYoungGen: 246966K->874K(241152K)] 752486K->506442K(928128K), 0.0099850 secs] [Times: user=0.06 sys=0.00, real=0.01 secs] 
2014-07-08T05:08:31.249+0000: 3269.464: [GC [PSYoungGen: 241130K->598K(235136K)] 746698K->506280K(922112K), 0.0035100 secs] [Times: user=0.02 sys=0.00, real=0.01 secs] 
2014-07-08T05:08:32.089+0000: 3270.304: [GC [PSYoungGen: 235094K->484K(229440K)] 740776K->506222K(916416K), 0.0077550 secs] [Times: user=0.03 sys=0.00, real=0.01 secs] 
2014-07-08T05:08:32.905+0000: 3271.121: [GC [PSYoungGen: 229412K->612K(224192K)] 735150K->506406K(911168K), 0.0052690 secs] [Times: user=0.03 sys=0.00, real=0.01 secs] 
2014-07-08T05:08:33.733+0000: 3271.949: [GC [PSYoungGen: 224164K->944K(219328K)] 729958K->506794K(906304K), 0.0105800 secs] [Times: user=0.07 sys=0.00, real=0.01 secs] 
2014-07-08T05:08:34.508+0000: 3272.723: [GC [PSYoungGen: 219300K->758K(214144K)] 725150K->506672K(901120K), 0.0069400 secs] [Times: user=0.05 sys=0.00, real=0.01 secs] 
2014-07-08T05:08:35.237+0000: 3273.453: [GC [PSYoungGen: 214134K->562K(209152K)] 720048K->506556K(896128K), 0.0073340 secs] [Times: user=0.05 sys=0.00, real=0.01 secs] 
2014-07-08T05:08:35.972+0000: 3274.188: [GC [PSYoungGen: 209110K->766K(204736K)] 715104K->506816K(891712K), 0.0050780 secs] [Times: user=0.03 sys=0.00, real=0.00 secs] 
2014-07-08T05:08:36.714+0000: 3274.929: [GC [PSYoungGen: 204698K->762K(200256K)] 710748K->506860K(887232K), 0.0039310 secs] [Times: user=0.02 sys=0.00, real=0.00 secs] 
2014-07-08T05:08:37.408+0000: 3275.623: [GC [PSYoungGen: 200250K->815K(196032K)] 706348K->507209K(883008K), 0.0108330 secs] [Times: user=0.08 sys=0.00, real=0.01 secs] 
2014-07-08T05:08:38.107+0000: 3276.322: [GC [PSYoungGen: 196015K->680K(191744K)] 702409K->507138K(878720K), 0.0052050 secs] [Times: user=0.02 sys=0.00, real=0.01 secs] 
2014-07-08T05:08:38.823+0000: 3277.039: [GC [PSYoungGen: 191706K->918K(187968K)] 698164K->507457K(874944K), 0.0069650 secs] [Times: user=0.05 sys=0.00, real=0.00 secs] 
2014-07-08T05:08:39.462+0000: 3277.678: [GC [PSYoungGen: 187878K->1171K(225664K)] 694417K->507765K(912640K), 0.0256230 secs] [Times: user=0.17 sys=0.00, real=0.02 secs] 
2014-07-08T05:08:40.280+0000: 3278.495: [GC [PSYoungGen: 225600K->292K(269696K)] 732194K->507350K(956672K), 0.0046040 secs] [Times: user=0.02 sys=0.00, real=0.01 secs] 
2014-07-08T05:08:41.201+0000: 3279.416: [GC [PSYoungGen: 269668K->992K(299328K)] 776726K->508115K(986304K), 0.0132940 secs] [Times: user=0.08 sys=0.00, real=0.02 secs] 
2014-07-08T05:08:42.252+0000: 3280.468: [GC [PSYoungGen: 298991K->744K(324544K)] 806114K->507954K(1011520K), 0.0109830 secs] [Times: user=0.08 sys=0.00, real=0.01 secs] 
2014-07-08T05:08:43.413+0000: 3281.629: [GC [PSYoungGen: 324008K->708K(324544K)] 831218K->507982K(1011520K), 0.0063860 secs] [Times: user=0.02 sys=0.00, real=0.00 secs] 
2014-07-08T05:08:44.557+0000: 3282.773: [GC [PSYoungGen: 323972K->800K(315136K)] 831246K->508122K(1002112K), 0.0040780 secs] [Times: user=0.02 sys=0.00, real=0.00 secs] 
2014-07-08T05:08:45.758+0000: 3283.974: [GC [PSYoungGen: 315104K->612K(306368K)] 822426K->507998K(993344K), 0.0039400 secs] [Times: user=0.02 sys=0.00, real=0.01 secs] 
2014-07-08T05:08:46.818+0000: 3285.033: [GC [PSYoungGen: 306340K->808K(298304K)] 813726K->508282K(985280K), 0.0049990 secs] [Times: user=0.04 sys=0.00, real=0.01 secs] 
2014-07-08T05:08:47.837+0000: 3286.052: [GC [PSYoungGen: 298279K->798K(290368K)] 805754K->508328K(977344K), 0.0039720 secs] [Times: user=0.02 sys=0.00, real=0.00 secs] 
2014-07-08T05:08:48.855+0000: 3287.071: [GC [PSYoungGen: 290334K->684K(282624K)] 797864K->508294K(969600K), 0.0034710 secs] [Times: user=0.02 sys=0.00, real=0.00 secs] 
2014-07-08T05:08:49.853+0000: 3288.068: [GC [PSYoungGen: 282604K->648K(275264K)] 790214K->508322K(962240K), 0.0045850 secs] [Times: user=0.02 sys=0.00, real=0.01 secs] 
2014-07-08T05:08:50.889+0000: 3289.105: [GC [PSYoungGen: 275208K->808K(268352K)] 782882K->508612K(955328K), 0.0061990 secs] [Times: user=0.04 sys=0.00, real=0.01 secs] 
2014-07-08T05:08:51.776+0000: 3289.992: [GC [PSYoungGen: 268328K->776K(261568K)] 776132K->508644K(948544K), 0.0101530 secs] [Times: user=0.04 sys=0.00, real=0.01 secs] 
2014-07-08T05:08:52.743+0000: 3290.958: [GC [PSYoungGen: 261512K->676K(254912K)] 769380K->508666K(941888K), 0.0035200 secs] [Times: user=0.02 sys=0.00, real=0.01 secs] 
2014-07-08T05:08:53.644+0000: 3291.860: [GC [PSYoungGen: 254884K->1050K(249024K)] 762874K->509128K(936000K), 0.0075910 secs] [Times: user=0.05 sys=0.01, real=0.00 secs] 
2014-07-08T05:08:54.517+0000: 3292.732: [GC [PSYoungGen: 248986K->424K(242368K)] 757064K->508922K(929344K), 0.0094600 secs] [Times: user=0.07 sys=0.00, real=0.01 secs] 
2014-07-08T05:08:55.361+0000: 3293.577: [GC [PSYoungGen: 242333K->1094K(237248K)] 750831K->509681K(924224K), 0.0069500 secs] [Times: user=0.04 sys=0.00, real=0.01 secs] 
2014-07-08T05:08:56.204+0000: 3294.419: [GC [PSYoungGen: 237190K->758K(231232K)] 745777K->509646K(918208K), 0.0105030 secs] [Times: user=0.07 sys=0.00, real=0.02 secs] 
2014-07-08T05:08:57.054+0000: 3295.269: [GC [PSYoungGen: 231222K->794K(277440K)] 740110K->509730K(964416K), 0.0213360 secs] [Times: user=0.15 sys=0.00, real=0.03 secs] 
2014-07-08T05:08:58.025+0000: 3296.241: [GC [PSYoungGen: 277402K->484K(332480K)] 786338K->509468K(1019456K), 0.0078570 secs] [Times: user=0.04 sys=0.00, real=0.00 secs] 
2014-07-08T05:08:59.193+0000: 3297.408: [GC [PSYoungGen: 332429K->598K(323264K)] 841414K->509646K(1010240K), 0.0048430 secs] [Times: user=0.02 sys=0.00, real=0.01 secs] 
2014-07-08T05:09:00.353+0000: 3298.568: [GC [PSYoungGen: 323222K->1020K(314688K)] 832270K->510141K(1001664K), 0.0067300 secs] [Times: user=0.04 sys=0.00, real=0.01 secs] 
2014-07-08T05:09:01.470+0000: 3299.686: [GC [PSYoungGen: 314684K->708K(305856K)] 823805K->509900K(992832K), 0.0040980 secs] [Times: user=0.03 sys=0.00, real=0.00 secs] 
2014-07-08T05:09:02.583+0000: 3300.799: [GC [PSYoungGen: 305796K->676K(297536K)] 814988K->509940K(984512K), 0.0089830 secs] [Times: user=0.06 sys=0.00, real=0.01 secs] 
2014-07-08T05:09:03.635+0000: 3301.851: [GC [PSYoungGen: 297508K->1092K(290048K)] 806772K->510421K(977024K), 0.0038760 secs] [Times: user=0.02 sys=0.00, real=0.00 secs] 
2014-07-08T05:09:04.650+0000: 3302.866: [GC [PSYoungGen: 289988K->622K(281920K)] 799317K->510211K(968896K), 0.0066230 secs] [Times: user=0.04 sys=0.00, real=0.01 secs] 
2014-07-08T05:09:05.690+0000: 3303.905: [GC [PSYoungGen: 281902K->914K(274944K)] 791491K->510551K(961920K), 0.0074460 secs] [Times: user=0.05 sys=0.00, real=0.01 secs] 
2014-07-08T05:09:06.608+0000: 3304.824: [GC [PSYoungGen: 274898K->708K(267712K)] 784535K->510524K(954688K), 0.0084670 secs] [Times: user=0.06 sys=0.00, real=0.01 secs] 
2014-07-08T05:09:07.598+0000: 3305.813: [GC [PSYoungGen: 267652K->1208K(261376K)] 777468K->511105K(948352K), 0.0094050 secs] [Times: user=0.07 sys=0.00, real=0.01 secs] 
2014-07-08T05:09:08.518+0000: 3306.734: [GC [PSYoungGen: 261368K->502K(254144K)] 771265K->510795K(941120K), 0.0069710 secs] [Times: user=0.04 sys=0.00, real=0.00 secs] 
2014-07-08T05:09:09.414+0000: 3307.629: [GC [PSYoungGen: 254134K->1036K(248448K)] 764427K->511385K(935424K), 0.0092670 secs] [Times: user=0.06 sys=0.00, real=0.01 secs] 
2014-07-08T05:09:10.268+0000: 3308.483: [GC [PSYoungGen: 248298K->851K(242240K)] 758647K->511370K(929216K), 0.0090960 secs] [Times: user=0.06 sys=0.00, real=0.01 secs] 
2014-07-08T05:09:11.152+0000: 3309.368: [GC [PSYoungGen: 242148K->758K(236288K)] 752667K->511349K(923264K), 0.0095080 secs] [Times: user=0.06 sys=0.01, real=0.01 secs] 
2014-07-08T05:09:11.965+0000: 3310.181: [GC [PSYoungGen: 236278K->882K(230848K)] 746869K->511529K(917824K), 0.0074110 secs] [Times: user=0.05 sys=0.00, real=0.01 secs] 
2014-07-08T05:09:12.820+0000: 3311.036: [GC [PSYoungGen: 230834K->730K(225344K)] 741481K->511441K(912320K), 0.0034980 secs] [Times: user=0.02 sys=0.00, real=0.00 secs] 
2014-07-08T05:09:13.612+0000: 3311.827: [GC [PSYoungGen: 225306K->772K(220224K)] 736017K->511555K(907200K), 0.0036870 secs] [Times: user=0.03 sys=0.00, real=0.00 secs] 
2014-07-08T05:09:14.368+0000: 3312.583: [GC [PSYoungGen: 220164K->694K(215104K)] 730947K->511549K(902080K), 0.0099320 secs] [Times: user=0.06 sys=0.00, real=0.01 secs] 
2014-07-08T05:09:15.127+0000: 3313.343: [GC [PSYoungGen: 215079K->616K(210176K)] 725934K->511503K(897152K), 0.0049040 secs] [Times: user=0.01 sys=0.00, real=0.01 secs] 
2014-07-08T05:09:15.931+0000: 3314.146: [GC [PSYoungGen: 210152K->762K(205632K)] 721039K->511705K(892608K), 0.0047570 secs] [Times: user=0.02 sys=0.00, real=0.00 secs] 
2014-07-08T05:09:16.639+0000: 3314.855: [GC [PSYoungGen: 205626K->1064K(201472K)] 716569K->512071K(888448K), 0.0034940 secs] [Times: user=0.02 sys=0.01, real=0.00 secs] 
2014-07-08T05:09:17.313+0000: 3315.529: [GC [PSYoungGen: 201448K->594K(196672K)] 712455K->511673K(883648K), 0.0117320 secs] [Times: user=0.09 sys=0.00, real=0.01 secs] 
2014-07-08T05:09:18.016+0000: 3316.232: [GC [PSYoungGen: 196587K->850K(192704K)] 707666K->512035K(879680K), 0.0035990 secs] [Times: user=0.02 sys=0.00, real=0.01 secs] 
2014-07-08T05:09:18.726+0000: 3316.942: [GC [PSYoungGen: 192658K->940K(188736K)] 703843K->512205K(875712K), 0.0096130 secs] [Times: user=0.06 sys=0.00, real=0.01 secs] 
2014-07-08T05:09:19.378+0000: 3317.594: [GC [PSYoungGen: 188716K->616K(225984K)] 699981K->512059K(912960K), 0.0086860 secs] [Times: user=0.05 sys=0.00, real=0.00 secs] 
2014-07-08T05:09:20.175+0000: 3318.391: [GC [PSYoungGen: 225953K->930K(221056K)] 737396K->512429K(908032K), 0.0071430 secs] [Times: user=0.04 sys=0.00, real=0.01 secs] 
2014-07-08T05:09:20.993+0000: 3319.209: [GC [PSYoungGen: 221026K->794K(215872K)] 732525K->512365K(902848K), 0.0074310 secs] [Times: user=0.03 sys=0.00, real=0.01 secs] 
2014-07-08T05:09:21.787+0000: 3320.002: [GC [PSYoungGen: 215834K->1122K(259200K)] 727405K->512757K(946176K), 0.0104340 secs] [Times: user=0.07 sys=0.00, real=0.01 secs] 
2014-07-08T05:09:22.685+0000: 3320.901: [GC [PSYoungGen: 259170K->484K(252160K)] 770805K->512543K(939136K), 0.0055690 secs] [Times: user=0.03 sys=0.01, real=0.01 secs] 
2014-07-08T05:09:23.532+0000: 3321.748: [GC [PSYoungGen: 252132K->858K(246336K)] 764191K->512973K(933312K), 0.0071340 secs] [Times: user=0.04 sys=0.00, real=0.01 secs] 
2014-07-08T05:09:24.384+0000: 3322.600: [GC [PSYoungGen: 246298K->744K(240256K)] 758413K->513005K(927232K), 0.0046320 secs] [Times: user=0.01 sys=0.00, real=0.01 secs] 
2014-07-08T05:09:25.226+0000: 3323.441: [GC [PSYoungGen: 240209K->634K(234368K)] 752470K->512935K(921344K), 0.0059280 secs] [Times: user=0.03 sys=0.00, real=0.01 secs] 
2014-07-08T05:09:26.068+0000: 3324.283: [GC [PSYoungGen: 234362K->680K(228928K)] 746663K->513069K(915904K), 0.0058010 secs] [Times: user=0.03 sys=0.00, real=0.01 secs] 
2014-07-08T05:09:26.864+0000: 3325.079: [GC [PSYoungGen: 228904K->730K(223680K)] 741293K->513199K(910656K), 0.0053030 secs] [Times: user=0.02 sys=0.00, real=0.01 secs] 
2014-07-08T05:09:27.713+0000: 3325.929: [GC [PSYoungGen: 223642K->1004K(218816K)] 736111K->513817K(905792K), 0.0147670 secs] [Times: user=0.11 sys=0.01, real=0.01 secs] 
2014-07-08T05:09:28.450+0000: 3326.666: [GC [PSYoungGen: 218767K->1084K(262464K)] 731580K->513969K(949440K), 0.0104170 secs] [Times: user=0.06 sys=0.00, real=0.01 secs] 
2014-07-08T05:09:29.383+0000: 3327.599: [GC [PSYoungGen: 262460K->616K(255488K)] 775345K->513777K(942464K), 0.0033050 secs] [Times: user=0.02 sys=0.00, real=0.00 secs] 
2014-07-08T05:09:30.287+0000: 3328.502: [GC [PSYoungGen: 255437K->951K(249536K)] 768598K->514168K(936512K), 0.0053930 secs] [Times: user=0.03 sys=0.01, real=0.01 secs] 
2014-07-08T05:09:31.167+0000: 3329.382: [GC [PSYoungGen: 249527K->818K(243328K)] 762744K->514091K(930304K), 0.0039000 secs] [Times: user=0.02 sys=0.00, real=0.01 secs] 
2014-07-08T05:09:32.031+0000: 3330.247: [GC [PSYoungGen: 243314K->680K(237376K)] 756587K->514009K(924352K), 0.0083310 secs] [Times: user=0.05 sys=0.00, real=0.01 secs] 
2014-07-08T05:09:32.871+0000: 3331.086: [GC [PSYoungGen: 237352K->712K(231808K)] 750681K->514129K(918784K), 0.0055240 secs] [Times: user=0.03 sys=0.00, real=0.00 secs] 
2014-07-08T05:09:33.736+0000: 3331.952: [GC [PSYoungGen: 231752K->938K(226560K)] 745169K->514388K(913536K), 0.0054430 secs] [Times: user=0.02 sys=0.00, real=0.01 secs] 
2014-07-08T05:09:34.527+0000: 3332.743: [GC [PSYoungGen: 226538K->762K(271488K)] 739988K->514251K(958464K), 0.0213150 secs] [Times: user=0.15 sys=0.00, real=0.02 secs] 
2014-07-08T05:09:35.491+0000: 3333.707: [GC [PSYoungGen: 271434K->794K(325696K)] 784923K->514371K(1012672K), 0.0069210 secs] [Times: user=0.04 sys=0.01, real=0.00 secs] 
2014-07-08T05:09:36.677+0000: 3334.893: [GC [PSYoungGen: 325658K->978K(316864K)] 839235K->514603K(1003840K), 0.0049350 secs] [Times: user=0.02 sys=0.00, real=0.01 secs] 
2014-07-08T05:09:37.822+0000: 3336.038: [GC [PSYoungGen: 316818K->730K(307968K)] 830443K->514411K(994944K), 0.0034840 secs] [Times: user=0.02 sys=0.00, real=0.00 secs] 
2014-07-08T05:09:38.867+0000: 3337.083: [GC [PSYoungGen: 307930K->548K(299456K)] 821611K->514269K(986432K), 0.0075170 secs] [Times: user=0.05 sys=0.00, real=0.01 secs] 
2014-07-08T05:09:39.935+0000: 3338.151: [GC [PSYoungGen: 299428K->666K(291584K)] 813149K->514443K(978560K), 0.0042330 secs] [Times: user=0.02 sys=0.01, real=0.00 secs] 
2014-07-08T05:09:40.977+0000: 3339.192: [GC [PSYoungGen: 291546K->598K(283840K)] 805323K->514423K(970816K), 0.0033140 secs] [Times: user=0.02 sys=0.00, real=0.00 secs] 
2014-07-08T05:09:41.998+0000: 3340.213: [GC [PSYoungGen: 283798K->630K(276480K)] 797623K->514511K(963456K), 0.0071790 secs] [Times: user=0.04 sys=0.00, real=0.01 secs] 
2014-07-08T05:09:43.043+0000: 3341.259: [GC [PSYoungGen: 276470K->812K(269568K)] 790351K->514749K(956544K), 0.0033340 secs] [Times: user=0.02 sys=0.00, real=0.00 secs] 
2014-07-08T05:09:43.949+0000: 3342.164: [GC [PSYoungGen: 269548K->598K(262528K)] 783485K->514591K(949504K), 0.0039130 secs] [Times: user=0.02 sys=0.00, real=0.01 secs] 
2014-07-08T05:09:44.886+0000: 3343.102: [GC [PSYoungGen: 262486K->740K(256064K)] 776479K->514829K(943040K), 0.0080910 secs] [Times: user=0.05 sys=0.01, real=0.01 secs] 
2014-07-08T05:09:45.935+0000: 3344.150: [GC [PSYoungGen: 256036K->1018K(249984K)] 770125K->515163K(936960K), 0.0080230 secs] [Times: user=0.05 sys=0.00, real=0.01 secs] 
2014-07-08T05:09:46.689+0000: 3344.904: [GC [PSYoungGen: 249978K->573K(243456K)] 764123K->515108K(930432K), 0.0056040 secs] [Times: user=0.04 sys=0.00, real=0.01 secs] 
2014-07-08T05:09:47.551+0000: 3345.767: [GC [PSYoungGen: 243432K->1190K(238208K)] 757967K->515831K(925184K), 0.0043910 secs] [Times: user=0.03 sys=0.01, real=0.01 secs] 
2014-07-08T05:09:48.381+0000: 3346.597: [GC [PSYoungGen: 238182K->698K(232064K)] 752823K->515587K(919040K), 0.0051970 secs] [Times: user=0.02 sys=0.00, real=0.01 secs] 
2014-07-08T05:09:49.206+0000: 3347.422: [GC [PSYoungGen: 232058K->868K(226816K)] 746947K->515853K(913792K), 0.0069870 secs] [Times: user=0.04 sys=0.00, real=0.01 secs] 
2014-07-08T05:09:49.995+0000: 3348.211: [GC [PSYoungGen: 226788K->630K(221312K)] 741773K->515679K(908288K), 0.0041460 secs] [Times: user=0.02 sys=0.00, real=0.00 secs] 
2014-07-08T05:09:50.783+0000: 3348.998: [GC [PSYoungGen: 221302K->694K(216320K)] 736351K->515815K(903296K), 0.0075670 secs] [Times: user=0.05 sys=0.00, real=0.00 secs] 
2014-07-08T05:09:51.590+0000: 3349.805: [GC [PSYoungGen: 216310K->872K(211648K)] 731431K->516041K(898624K), 0.0146280 secs] [Times: user=0.10 sys=0.00, real=0.02 secs] 
2014-07-08T05:09:52.311+0000: 3350.527: [GC [PSYoungGen: 211624K->640K(206656K)] 726793K->515865K(893632K), 0.0038830 secs] [Times: user=0.02 sys=0.00, real=0.01 secs] 
2014-07-08T05:09:53.052+0000: 3351.267: [GC [PSYoungGen: 206656K->630K(202112K)] 721881K->515919K(889088K), 0.0051220 secs] [Times: user=0.03 sys=0.00, real=0.01 secs] 
2014-07-08T05:09:53.831+0000: 3352.046: [GC [PSYoungGen: 202102K->964K(198080K)] 717391K->516349K(885056K), 0.0072720 secs] [Times: user=0.04 sys=0.00, real=0.01 secs] 
2014-07-08T05:09:54.468+0000: 3352.683: [GC [PSYoungGen: 198020K->818K(193664K)] 713405K->516259K(880640K), 0.0039260 secs] [Times: user=0.02 sys=0.00, real=0.00 secs] 
2014-07-08T05:09:55.145+0000: 3353.360: [GC [PSYoungGen: 193650K->548K(189312K)] 709091K->516029K(876288K), 0.0046720 secs] [Times: user=0.02 sys=0.00, real=0.00 secs] 
2014-07-08T05:09:55.854+0000: 3354.069: [GC [PSYoungGen: 189284K->730K(185536K)] 704765K->516259K(872512K), 0.0074300 secs] [Times: user=0.05 sys=0.00, real=0.00 secs] 
2014-07-08T05:09:56.492+0000: 3354.708: [GC [PSYoungGen: 185498K->922K(222720K)] 701027K->516523K(909696K), 0.0179240 secs] [Times: user=0.09 sys=0.00, real=0.02 secs] 
2014-07-08T05:09:57.270+0000: 3355.486: [GC [PSYoungGen: 222682K->744K(266880K)] 738283K->516467K(953856K), 0.0066790 secs] [Times: user=0.05 sys=0.01, real=0.01 secs] 
2014-07-08T05:09:58.199+0000: 3356.415: [GC [PSYoungGen: 266856K->662K(320064K)] 782579K->516457K(1007040K), 0.0067280 secs] [Times: user=0.04 sys=0.00, real=0.01 secs] 
2014-07-08T05:09:59.344+0000: 3357.559: [GC [PSYoungGen: 320022K->698K(311232K)] 835817K->516557K(998208K), 0.0030370 secs] [Times: user=0.02 sys=0.00, real=0.00 secs] 
2014-07-08T05:10:00.450+0000: 3358.666: [GC [PSYoungGen: 311226K->920K(303040K)] 827085K->516844K(990016K), 0.0074770 secs] [Times: user=0.04 sys=0.00, real=0.01 secs] 
2014-07-08T05:10:01.540+0000: 3359.755: [GC [PSYoungGen: 303000K->676K(294656K)] 818924K->516697K(981632K), 0.0105720 secs] [Times: user=0.08 sys=0.00, real=0.01 secs] 
2014-07-08T05:10:02.577+0000: 3360.792: [GC [PSYoungGen: 294628K->914K(287104K)] 810649K->517000K(974080K), 0.0071420 secs] [Times: user=0.04 sys=0.00, real=0.01 secs] 
2014-07-08T05:10:03.592+0000: 3361.808: [GC [PSYoungGen: 287014K->698K(279360K)] 803100K->517116K(966336K), 0.0098910 secs] [Times: user=0.07 sys=0.00, real=0.01 secs] 
2014-07-08T05:10:04.614+0000: 3362.830: [GC [PSYoungGen: 279354K->740K(272192K)] 795772K->517197K(959168K), 0.0054140 secs] [Times: user=0.02 sys=0.01, real=0.01 secs] 
2014-07-08T05:10:05.564+0000: 3363.780: [GC [PSYoungGen: 272164K->812K(265344K)] 788621K->517392K(952320K), 0.0080910 secs] [Times: user=0.05 sys=0.00, real=0.00 secs] 
2014-07-08T05:10:06.481+0000: 3364.697: [GC [PSYoungGen: 265324K->954K(258816K)] 781904K->517606K(945792K), 0.0056800 secs] [Times: user=0.02 sys=0.00, real=0.01 secs] 
2014-07-08T05:10:07.395+0000: 3365.611: [GC [PSYoungGen: 258810K->552K(252032K)] 775462K->517392K(939008K), 0.0037680 secs] [Times: user=0.02 sys=0.00, real=0.00 secs] 
2014-07-08T05:10:08.295+0000: 3366.511: [GC [PSYoungGen: 252008K->680K(245952K)] 768848K->517560K(932928K), 0.0054690 secs] [Times: user=0.02 sys=0.00, real=0.00 secs] 
2014-07-08T05:10:09.185+0000: 3367.400: [GC [PSYoungGen: 245928K->836K(240192K)] 762808K->517788K(927168K), 0.0080710 secs] [Times: user=0.04 sys=0.00, real=0.01 secs] 
2014-07-08T05:10:10.025+0000: 3368.240: [GC [PSYoungGen: 240130K->726K(234304K)] 757082K->517766K(921280K), 0.0044000 secs] [Times: user=0.02 sys=0.00, real=0.01 secs] 
2014-07-08T05:10:10.910+0000: 3369.126: [GC [PSYoungGen: 234262K->630K(228672K)] 751302K->517734K(915648K), 0.0074620 secs] [Times: user=0.05 sys=0.00, real=0.01 secs] 
2014-07-08T05:10:11.715+0000: 3369.931: [GC [PSYoungGen: 228649K->1028K(223808K)] 745753K->518180K(910784K), 0.0044190 secs] [Times: user=0.02 sys=0.01, real=0.00 secs] 
2014-07-08T05:10:12.453+0000: 3370.669: [GC [PSYoungGen: 223728K->638K(218240K)] 740880K->518108K(905216K), 0.0069240 secs] [Times: user=0.04 sys=0.00, real=0.01 secs] 
2014-07-08T05:10:13.232+0000: 3371.447: [GC [PSYoungGen: 218222K->862K(213568K)] 735692K->518380K(900544K), 0.0077870 secs] [Times: user=0.05 sys=0.00, real=0.01 secs] 
2014-07-08T05:10:13.994+0000: 3372.209: [GC [PSYoungGen: 213534K->680K(208576K)] 731052K->518312K(895552K), 0.0106280 secs] [Times: user=0.07 sys=0.01, real=0.01 secs] 
2014-07-08T05:10:14.749+0000: 3372.965: [GC [PSYoungGen: 208549K->762K(250240K)] 726181K->518450K(937216K), 0.0094770 secs] [Times: user=0.06 sys=0.00, real=0.01 secs] 
2014-07-08T05:10:15.674+0000: 3373.890: [GC [PSYoungGen: 250214K->854K(244288K)] 767902K->518614K(931264K), 0.0070980 secs] [Times: user=0.05 sys=0.00, real=0.01 secs] 
2014-07-08T05:10:16.647+0000: 3374.863: [GC [PSYoungGen: 244246K->1124K(238656K)] 762006K->519030K(925632K), 0.0097430 secs] [Times: user=0.06 sys=0.00, real=0.01 secs] 
2014-07-08T05:10:17.352+0000: 3375.568: [GC [PSYoungGen: 238628K->306K(232192K)] 756534K->518877K(919168K), 0.0054340 secs] [Times: user=0.03 sys=0.00, real=0.01 secs] 
2014-07-08T05:10:18.182+0000: 3376.398: [GC [PSYoungGen: 232178K->1044K(227520K)] 750749K->519663K(914496K), 0.0038750 secs] [Times: user=0.02 sys=0.00, real=0.01 secs] 
2014-07-08T05:10:18.995+0000: 3377.211: [GC [PSYoungGen: 227476K->794K(222016K)] 746095K->519901K(908992K), 0.0073990 secs] [Times: user=0.04 sys=0.00, real=0.01 secs] 
2014-07-08T05:10:19.805+0000: 3378.021: [GC [PSYoungGen: 221978K->694K(216832K)] 741085K->519873K(903808K), 0.0059000 secs] [Times: user=0.03 sys=0.00, real=0.01 secs] 
2014-07-08T05:10:20.546+0000: 3378.762: [GC [PSYoungGen: 216822K->1021K(212224K)] 736001K->520264K(899200K), 0.0074050 secs] [Times: user=0.05 sys=0.00, real=0.01 secs] 
2014-07-08T05:10:21.310+0000: 3379.525: [GC [PSYoungGen: 212221K->878K(207360K)] 731464K->520161K(894336K), 0.0097480 secs] [Times: user=0.06 sys=0.00, real=0.01 secs] 
2014-07-08T05:10:22.074+0000: 3380.290: [GC [PSYoungGen: 207318K->676K(202624K)] 726601K->520023K(889600K), 0.0042360 secs] [Times: user=0.01 sys=0.00, real=0.01 secs] 
2014-07-08T05:10:22.791+0000: 3381.007: [GC [PSYoungGen: 202596K->804K(243136K)] 721943K->520223K(930112K), 0.0114340 secs] [Times: user=0.07 sys=0.01, real=0.01 secs] 
2014-07-08T05:10:23.662+0000: 3381.878: [GC [PSYoungGen: 243108K->822K(291648K)] 762527K->520297K(978624K), 0.0085750 secs] [Times: user=0.06 sys=0.00, real=0.01 secs] 
2014-07-08T05:10:24.702+0000: 3382.918: [GC [PSYoungGen: 291638K->1196K(342848K)] 811113K->520736K(1029824K), 0.0115120 secs] [Times: user=0.07 sys=0.00, real=0.01 secs] 
2014-07-08T05:10:25.882+0000: 3384.098: [GC [PSYoungGen: 342828K->662K(332608K)] 862368K->520257K(1019584K), 0.0046980 secs] [Times: user=0.02 sys=0.00, real=0.00 secs] 
2014-07-08T05:10:27.140+0000: 3385.355: [GC [PSYoungGen: 332566K->744K(323392K)] 852161K->520387K(1010368K), 0.0076990 secs] [Times: user=0.04 sys=0.00, real=0.00 secs] 
2014-07-08T05:10:28.263+0000: 3386.478: [GC [PSYoungGen: 323368K->844K(314560K)] 843011K->520551K(1001536K), 0.0073100 secs] [Times: user=0.05 sys=0.00, real=0.01 secs] 
2014-07-08T05:10:29.370+0000: 3387.586: [GC [PSYoungGen: 314500K->686K(305792K)] 834208K->520457K(992768K), 0.0038780 secs] [Times: user=0.03 sys=0.00, real=0.00 secs] 
2014-07-08T05:10:30.464+0000: 3388.680: [GC [PSYoungGen: 305741K->890K(297728K)] 825512K->520717K(984704K), 0.0102160 secs] [Times: user=0.06 sys=0.00, real=0.01 secs] 
2014-07-08T05:10:31.606+0000: 3389.822: [GC [PSYoungGen: 297722K->1106K(290048K)] 817549K->521013K(977024K), 0.0084280 secs] [Times: user=0.06 sys=0.01, real=0.01 secs] 
2014-07-08T05:10:32.598+0000: 3390.813: [GC [PSYoungGen: 290002K->448K(281728K)] 809909K->520753K(968704K), 0.0045680 secs] [Times: user=0.02 sys=0.00, real=0.01 secs] 
2014-07-08T05:10:33.588+0000: 3391.804: [GC [PSYoungGen: 281708K->1068K(275072K)] 802014K->521437K(962048K), 0.0068610 secs] [Times: user=0.05 sys=0.00, real=0.01 secs] 
2014-07-08T05:10:34.555+0000: 3392.771: [GC [PSYoungGen: 275052K->626K(267584K)] 795421K->521175K(954560K), 0.0048830 secs] [Times: user=0.02 sys=0.00, real=0.01 secs] 
2014-07-08T05:10:35.514+0000: 3393.730: [GC [PSYoungGen: 267526K->1260K(261440K)] 788076K->521906K(948416K), 0.0072910 secs] [Times: user=0.05 sys=0.00, real=0.01 secs] 
2014-07-08T05:10:36.433+0000: 3394.648: [GC [PSYoungGen: 261420K->686K(254336K)] 782066K->521478K(941312K), 0.0046760 secs] [Times: user=0.02 sys=0.00, real=0.00 secs] 
2014-07-08T05:10:37.339+0000: 3395.555: [GC [PSYoungGen: 254318K->736K(248128K)] 775110K->521583K(935104K), 0.0047630 secs] [Times: user=0.03 sys=0.00, real=0.00 secs] 
2014-07-08T05:10:38.215+0000: 3396.431: [GC [PSYoungGen: 248096K->712K(242112K)] 768943K->521631K(929088K), 0.0074950 secs] [Times: user=0.04 sys=0.00, real=0.01 secs] 
2014-07-08T05:10:39.062+0000: 3397.278: [GC [PSYoungGen: 242056K->762K(236288K)] 762975K->521769K(923264K), 0.0069890 secs] [Times: user=0.04 sys=0.00, real=0.01 secs] 
2014-07-08T05:10:39.898+0000: 3398.114: [GC [PSYoungGen: 236274K->819K(230784K)] 757282K->521866K(917760K), 0.0078800 secs] [Times: user=0.06 sys=0.00, real=0.01 secs] 
2014-07-08T05:10:40.771+0000: 3398.987: [GC [PSYoungGen: 230771K->1050K(225664K)] 751818K->522169K(912640K), 0.0092880 secs] [Times: user=0.07 sys=0.00, real=0.01 secs] 
2014-07-08T05:10:41.509+0000: 3399.725: [GC [PSYoungGen: 225603K->694K(220096K)] 746722K->521997K(907072K), 0.0100130 secs] [Times: user=0.07 sys=0.00, real=0.01 secs] 
2014-07-08T05:10:42.275+0000: 3400.491: [GC [PSYoungGen: 220086K->780K(264128K)] 741389K->522139K(951104K), 0.0110560 secs] [Times: user=0.08 sys=0.00, real=0.01 secs] 
2014-07-08T05:10:43.208+0000: 3401.423: [GC [PSYoungGen: 264076K->862K(257600K)] 785435K->522477K(944576K), 0.0074140 secs] [Times: user=0.03 sys=0.00, real=0.01 secs] 
2014-07-08T05:10:44.126+0000: 3402.341: [GC [PSYoungGen: 257566K->512K(250816K)] 779181K->522183K(937792K), 0.0077910 secs] [Times: user=0.05 sys=0.00, real=0.01 secs] 
2014-07-08T05:10:45.012+0000: 3403.228: [GC [PSYoungGen: 250816K->584K(244800K)] 772487K->522303K(931776K), 0.0046830 secs] [Times: user=0.02 sys=0.01, real=0.00 secs] 
2014-07-08T05:10:45.889+0000: 3404.105: [GC [PSYoungGen: 244744K->548K(238848K)] 766463K->522299K(925824K), 0.0048840 secs] [Times: user=0.02 sys=0.00, real=0.01 secs] 
2014-07-08T05:10:46.831+0000: 3405.046: [GC [PSYoungGen: 238820K->1270K(233856K)] 760571K->523086K(920832K), 0.0036270 secs] [Times: user=0.02 sys=0.00, real=0.01 secs] 
2014-07-08T05:10:47.562+0000: 3405.778: [GC [PSYoungGen: 233845K->630K(227712K)] 755661K->522509K(914688K), 0.0060960 secs] [Times: user=0.04 sys=0.01, real=0.00 secs] 
2014-07-08T05:10:48.387+0000: 3406.603: [GC [PSYoungGen: 227702K->672K(222464K)] 749581K->522623K(909440K), 0.0118230 secs] [Times: user=0.08 sys=0.00, real=0.01 secs] 
2014-07-08T05:10:49.188+0000: 3407.404: [GC [PSYoungGen: 222432K->666K(217344K)] 744383K->522665K(904320K), 0.0079750 secs] [Times: user=0.05 sys=0.00, real=0.01 secs] 
2014-07-08T05:10:50.036+0000: 3408.252: [GC [PSYoungGen: 217306K->708K(212480K)] 739305K->522763K(899456K), 0.0106300 secs] [Times: user=0.07 sys=0.00, real=0.01 secs] 
2014-07-08T05:10:50.796+0000: 3409.011: [GC [PSYoungGen: 212420K->790K(207808K)] 734475K->522909K(894784K), 0.0069900 secs] [Times: user=0.04 sys=0.00, real=0.01 secs] 
2014-07-08T05:10:51.495+0000: 3409.711: [GC [PSYoungGen: 207766K->776K(249216K)] 729885K->522951K(936192K), 0.0093670 secs] [Times: user=0.07 sys=0.00, real=0.01 secs] 
2014-07-08T05:10:52.368+0000: 3410.583: [GC [PSYoungGen: 249158K->480K(242816K)] 771334K->522719K(929792K), 0.0037070 secs] [Times: user=0.02 sys=0.00, real=0.01 secs] 
2014-07-08T05:10:53.225+0000: 3411.440: [GC [PSYoungGen: 242764K->616K(237120K)] 765004K->522903K(924096K), 0.0044220 secs] [Times: user=0.03 sys=0.00, real=0.00 secs] 
2014-07-08T05:10:54.082+0000: 3412.298: [GC [PSYoungGen: 237096K->762K(231616K)] 759383K->523105K(918592K), 0.0047950 secs] [Times: user=0.02 sys=0.00, real=0.00 secs] 
2014-07-08T05:10:54.903+0000: 3413.119: [GC [PSYoungGen: 231610K->530K(225984K)] 753953K->522937K(912960K), 0.0078860 secs] [Times: user=0.05 sys=0.00, real=0.00 secs] 
2014-07-08T05:10:55.751+0000: 3413.966: [GC [PSYoungGen: 225889K->1145K(221312K)] 748297K->523673K(908288K), 0.0081450 secs] [Times: user=0.05 sys=0.00, real=0.01 secs] 
2014-07-08T05:10:56.485+0000: 3414.701: [GC [PSYoungGen: 221305K->630K(215744K)] 743833K->523245K(902720K), 0.0081770 secs] [Times: user=0.05 sys=0.00, real=0.01 secs] 
2014-07-08T05:10:57.239+0000: 3415.455: [GC [PSYoungGen: 215734K->648K(210944K)] 738349K->523327K(897920K), 0.0077310 secs] [Times: user=0.05 sys=0.00, real=0.01 secs] 
2014-07-08T05:10:57.970+0000: 3416.186: [GC [PSYoungGen: 210888K->498K(252800K)] 733567K->523225K(939776K), 0.0099020 secs] [Times: user=0.06 sys=0.00, real=0.01 secs] 
2014-07-08T05:10:58.896+0000: 3417.111: [GC [PSYoungGen: 252738K->690K(246784K)] 775466K->523489K(933760K), 0.0089520 secs] [Times: user=0.06 sys=0.00, real=0.01 secs] 
2014-07-08T05:10:59.775+0000: 3417.991: [GC [PSYoungGen: 246770K->1110K(241280K)] 769569K->523982K(928256K), 0.0048630 secs] [Times: user=0.02 sys=0.01, real=0.00 secs] 
2014-07-08T05:11:00.603+0000: 3418.818: [GC [PSYoungGen: 241193K->712K(235136K)] 764065K->523631K(922112K), 0.0085300 secs] [Times: user=0.06 sys=0.00, real=0.01 secs] 
2014-07-08T05:11:01.448+0000: 3419.663: [GC [PSYoungGen: 235080K->680K(229504K)] 757999K->523663K(916480K), 0.0082380 secs] [Times: user=0.06 sys=0.00, real=0.01 secs] 
2014-07-08T05:11:02.257+0000: 3420.473: [GC [PSYoungGen: 229480K->896K(224384K)] 752463K->523952K(911360K), 0.0037010 secs] [Times: user=0.03 sys=0.00, real=0.00 secs] 
2014-07-08T05:11:03.052+0000: 3421.268: [GC [PSYoungGen: 224320K->580K(218880K)] 747376K->523749K(905856K), 0.0034900 secs] [Times: user=0.02 sys=0.00, real=0.01 secs] 
2014-07-08T05:11:03.843+0000: 3422.058: [GC [PSYoungGen: 218820K->716K(214016K)] 741989K->523925K(900992K), 0.0041670 secs] [Times: user=0.02 sys=0.00, real=0.01 secs] 
2014-07-08T05:11:04.611+0000: 3422.826: [GC [PSYoungGen: 213964K->1036K(209536K)] 737173K->524317K(896512K), 0.0067160 secs] [Times: user=0.04 sys=0.01, real=0.01 secs] 
2014-07-08T05:11:05.338+0000: 3423.554: [GC [PSYoungGen: 209472K->786K(204672K)] 732753K->524108K(891648K), 0.0137460 secs] [Times: user=0.09 sys=0.00, real=0.01 secs] 
2014-07-08T05:11:06.060+0000: 3424.275: [GC [PSYoungGen: 204626K->570K(199936K)] 727948K->524013K(886912K), 0.0063100 secs] [Times: user=0.04 sys=0.00, real=0.01 secs] 
2014-07-08T05:11:06.806+0000: 3425.022: [GC [PSYoungGen: 199930K->982K(196096K)] 723373K->524490K(883072K), 0.0044050 secs] [Times: user=0.02 sys=0.00, real=0.00 secs] 
2014-07-08T05:11:07.461+0000: 3425.676: [GC [PSYoungGen: 196054K->758K(234880K)] 719562K->524313K(921856K), 0.0102300 secs] [Times: user=0.06 sys=0.00, real=0.01 secs] 
2014-07-08T05:11:08.294+0000: 3426.509: [GC [PSYoungGen: 234870K->829K(229376K)] 758425K->524457K(916352K), 0.0045360 secs] [Times: user=0.02 sys=0.00, real=0.01 secs] 
2014-07-08T05:11:09.117+0000: 3427.333: [GC [PSYoungGen: 229373K->548K(223808K)] 753001K->524223K(910784K), 0.0076670 secs] [Times: user=0.05 sys=0.00, real=0.01 secs] 
2014-07-08T05:11:09.899+0000: 3428.115: [GC [PSYoungGen: 223780K->794K(218944K)] 747455K->524541K(905920K), 0.0078220 secs] [Times: user=0.04 sys=0.00, real=0.01 secs] 
2014-07-08T05:11:10.684+0000: 3428.899: [GC [PSYoungGen: 218906K->708K(213888K)] 742653K->524487K(900864K), 0.0057250 secs] [Times: user=0.02 sys=0.00, real=0.01 secs] 
2014-07-08T05:11:11.434+0000: 3429.650: [GC [PSYoungGen: 213798K->848K(209216K)] 737577K->524675K(896192K), 0.0039060 secs] [Times: user=0.02 sys=0.00, real=0.00 secs] 
2014-07-08T05:11:12.225+0000: 3430.440: [GC [PSYoungGen: 209168K->680K(204416K)] 732995K->524651K(891392K), 0.0100020 secs] [Times: user=0.06 sys=0.00, real=0.01 secs] 
2014-07-08T05:11:12.916+0000: 3431.132: [GC [PSYoungGen: 204341K->730K(200000K)] 728312K->524765K(886976K), 0.0060890 secs] [Times: user=0.04 sys=0.00, real=0.00 secs] 
2014-07-08T05:11:13.647+0000: 3431.863: [GC [PSYoungGen: 199962K->740K(239872K)] 723997K->525188K(926848K), 0.0109800 secs] [Times: user=0.06 sys=0.01, real=0.01 secs] 
2014-07-08T05:11:14.470+0000: 3432.686: [GC [PSYoungGen: 239844K->1142K(288128K)] 764292K->525646K(975104K), 0.0120520 secs] [Times: user=0.07 sys=0.00, real=0.01 secs] 
2014-07-08T05:11:15.513+0000: 3433.728: [GC [PSYoungGen: 288117K->562K(323520K)] 812621K->525766K(1010496K), 0.0074470 secs] [Times: user=0.05 sys=0.00, real=0.01 secs] 
2014-07-08T05:11:16.678+0000: 3434.894: [GC [PSYoungGen: 323506K->940K(314944K)] 848710K->526208K(1001920K), 0.0072020 secs] [Times: user=0.04 sys=0.00, real=0.01 secs] 
2014-07-08T05:11:17.874+0000: 3436.089: [GC [PSYoungGen: 314924K->484K(305920K)] 840192K->526626K(992896K), 0.0104540 secs] [Times: user=0.08 sys=0.00, real=0.01 secs] 
2014-07-08T05:11:18.893+0000: 3437.109: [GC [PSYoungGen: 305892K->862K(322944K)] 832034K->527069K(1009920K), 0.0159480 secs] [Times: user=0.11 sys=0.01, real=0.02 secs] 
2014-07-08T05:11:20.050+0000: 3438.266: [GC [PSYoungGen: 322334K->612K(368000K)] 848541K->526964K(1054976K), 0.0135840 secs] [Times: user=0.10 sys=0.00, real=0.01 secs] 
2014-07-08T05:11:21.334+0000: 3439.549: [GC [PSYoungGen: 367136K->814K(356608K)] 893488K->527223K(1043584K), 0.0055610 secs] [Times: user=0.03 sys=0.00, real=0.01 secs] 
2014-07-08T05:11:22.642+0000: 3440.858: [GC [PSYoungGen: 356590K->694K(346176K)] 882999K->527273K(1033152K), 0.0065580 secs] [Times: user=0.03 sys=0.00, real=0.01 secs] 
2014-07-08T05:11:23.951+0000: 3442.167: [GC [PSYoungGen: 346163K->1114K(336768K)] 872742K->527757K(1023744K), 0.0040560 secs] [Times: user=0.02 sys=0.00, real=0.00 secs] 
2014-07-08T05:11:25.064+0000: 3443.279: [GC [PSYoungGen: 336730K->794K(326976K)] 863373K->527551K(1013952K), 0.0052510 secs] [Times: user=0.02 sys=0.00, real=0.01 secs] 
2014-07-08T05:11:26.234+0000: 3444.450: [GC [PSYoungGen: 326938K->662K(317760K)] 853695K->527467K(1004736K), 0.0137500 secs] [Times: user=0.09 sys=0.00, real=0.02 secs] 
2014-07-08T05:11:27.362+0000: 3445.578: [GC [PSYoungGen: 317718K->648K(309056K)] 844523K->527517K(996032K), 0.0035750 secs] [Times: user=0.03 sys=0.00, real=0.00 secs] 
2014-07-08T05:11:28.451+0000: 3446.667: [GC [PSYoungGen: 309000K->718K(300736K)] 835869K->527627K(987712K), 0.0052380 secs] [Times: user=0.03 sys=0.00, real=0.00 secs] 
2014-07-08T05:11:29.526+0000: 3447.742: [GC [PSYoungGen: 300667K->1072K(292992K)] 827576K->528029K(979968K), 0.0043650 secs] [Times: user=0.02 sys=0.00, real=0.01 secs] 
2014-07-08T05:11:30.564+0000: 3448.780: [GC [PSYoungGen: 292976K->840K(285056K)] 819933K->527893K(972032K), 0.0083950 secs] [Times: user=0.05 sys=0.00, real=0.01 secs] 
2014-07-08T05:11:31.567+0000: 3449.782: [GC [PSYoungGen: 285000K->812K(277568K)] 812053K->527913K(964544K), 0.0139440 secs] [Times: user=0.09 sys=0.01, real=0.02 secs] 
2014-07-08T05:11:32.551+0000: 3450.766: [GC [PSYoungGen: 277548K->612K(270272K)] 804649K->527769K(957248K), 0.0052300 secs] [Times: user=0.02 sys=0.00, real=0.00 secs] 
2014-07-08T05:11:33.518+0000: 3451.734: [GC [PSYoungGen: 270235K->804K(263616K)] 797392K->528033K(950592K), 0.0065230 secs] [Times: user=0.05 sys=0.00, real=0.01 secs] 
2014-07-08T05:11:34.458+0000: 3452.673: [GC [PSYoungGen: 263588K->1044K(257280K)] 790817K->528345K(944256K), 0.0041530 secs] [Times: user=0.02 sys=0.00, real=0.01 secs] 
2014-07-08T05:11:35.376+0000: 3453.592: [GC [PSYoungGen: 257236K->698K(250560K)] 784537K->528063K(937536K), 0.0129260 secs] [Times: user=0.09 sys=0.00, real=0.02 secs] 
2014-07-08T05:11:36.251+0000: 3454.466: [GC [PSYoungGen: 250554K->794K(244544K)] 777919K->528239K(931520K), 0.0097760 secs] [Times: user=0.06 sys=0.00, real=0.01 secs] 
2014-07-08T05:11:37.113+0000: 3455.329: [GC [PSYoungGen: 244506K->1014K(293504K)] 771951K->528515K(980480K), 0.0140270 secs] [Times: user=0.10 sys=0.00, real=0.01 secs] 
2014-07-08T05:11:38.167+0000: 3456.382: [GC [PSYoungGen: 293494K->630K(285376K)] 820995K->528179K(972352K), 0.0052560 secs] [Times: user=0.03 sys=0.00, real=0.01 secs] 
2014-07-08T05:11:39.183+0000: 3457.399: [GC [PSYoungGen: 285366K->680K(278016K)] 812915K->528269K(964992K), 0.0054090 secs] [Times: user=0.03 sys=0.00, real=0.00 secs] 
2014-07-08T05:11:40.168+0000: 3458.384: [GC [PSYoungGen: 277992K->676K(270848K)] 805581K->528313K(957824K), 0.0038500 secs] [Times: user=0.02 sys=0.00, real=0.01 secs] 
2014-07-08T05:11:41.140+0000: 3459.355: [GC [PSYoungGen: 270779K->1028K(264320K)] 798416K->528769K(951296K), 0.0090190 secs] [Times: user=0.06 sys=0.00, real=0.00 secs] 
2014-07-08T05:11:42.079+0000: 3460.294: [GC [PSYoungGen: 264260K->1024K(257728K)] 792001K->528861K(944704K), 0.0062750 secs] [Times: user=0.04 sys=0.01, real=0.01 secs] 
2014-07-08T05:11:42.967+0000: 3461.182: [GC [PSYoungGen: 257664K->438K(250688K)] 785501K->528720K(937664K), 0.0032570 secs] [Times: user=0.02 sys=0.00, real=0.01 secs] 
2014-07-08T05:11:43.898+0000: 3462.114: [GC [PSYoungGen: 250631K->751K(244864K)] 778913K->529089K(931840K), 0.0083850 secs] [Times: user=0.06 sys=0.00, real=0.01 secs] 
2014-07-08T05:11:44.783+0000: 3462.999: [GC [PSYoungGen: 244847K->1276K(239488K)] 773185K->529752K(926464K), 0.0064150 secs] [Times: user=0.04 sys=0.01, real=0.01 secs] 
2014-07-08T05:11:45.641+0000: 3463.857: [GC [PSYoungGen: 239484K->1198K(233728K)] 767960K->529747K(920704K), 0.0075610 secs] [Times: user=0.04 sys=0.00, real=0.00 secs] 
2014-07-08T05:11:46.413+0000: 3464.629: [GC [PSYoungGen: 233710K->370K(227392K)] 762259K->529164K(914368K), 0.0036400 secs] [Times: user=0.03 sys=0.00, real=0.00 secs] 
2014-07-08T05:11:47.218+0000: 3465.434: [GC [PSYoungGen: 227378K->726K(222464K)] 756172K->529600K(909440K), 0.0092230 secs] [Times: user=0.05 sys=0.00, real=0.01 secs] 
2014-07-08T05:11:48.019+0000: 3466.234: [GC [PSYoungGen: 222389K->683K(217280K)] 751263K->529605K(904256K), 0.0052430 secs] [Times: user=0.02 sys=0.00, real=0.01 secs] 
2014-07-08T05:11:48.793+0000: 3467.009: [GC [PSYoungGen: 217259K->594K(212288K)] 746181K->529588K(899264K), 0.0037820 secs] [Times: user=0.03 sys=0.00, real=0.00 secs] 
2014-07-08T05:11:49.568+0000: 3467.784: [GC [PSYoungGen: 212242K->1028K(208000K)] 741236K->530070K(894976K), 0.0105730 secs] [Times: user=0.07 sys=0.01, real=0.01 secs] 
2014-07-08T05:11:50.290+0000: 3468.506: [GC [PSYoungGen: 207940K->762K(203136K)] 736982K->529876K(890112K), 0.0067420 secs] [Times: user=0.04 sys=0.00, real=0.00 secs] 
2014-07-08T05:11:51.014+0000: 3469.229: [GC [PSYoungGen: 203130K->630K(198592K)] 732244K->529808K(885568K), 0.0081640 secs] [Times: user=0.06 sys=0.00, real=0.01 secs] 
2014-07-08T05:11:51.765+0000: 3469.981: [GC [PSYoungGen: 198582K->1116K(194816K)] 727760K->530359K(881792K), 0.0037990 secs] [Times: user=0.02 sys=0.00, real=0.00 secs] 
2014-07-08T05:11:52.463+0000: 3470.678: [GC [PSYoungGen: 194780K->938K(190528K)] 724023K->530261K(877504K), 0.0077130 secs] [Times: user=0.03 sys=0.00, real=0.00 secs] 
2014-07-08T05:11:53.127+0000: 3471.342: [GC [PSYoungGen: 190506K->740K(186368K)] 719829K->530134K(873344K), 0.0059860 secs] [Times: user=0.04 sys=0.00, real=0.01 secs] 
2014-07-08T05:11:53.789+0000: 3472.005: [GC [PSYoungGen: 186294K->844K(182656K)] 715688K->530410K(869632K), 0.0078350 secs] [Times: user=0.04 sys=0.00, real=0.01 secs] 
2014-07-08T05:11:54.390+0000: 3472.606: [GC [PSYoungGen: 182604K->754K(178816K)] 712170K->530385K(865792K), 0.0067420 secs] [Times: user=0.05 sys=0.00, real=0.01 secs] 
2014-07-08T05:11:55.012+0000: 3473.227: [GC [PSYoungGen: 178802K->584K(214336K)] 708433K->530278K(901312K), 0.0097020 secs] [Times: user=0.06 sys=0.00, real=0.01 secs] 
2014-07-08T05:11:55.814+0000: 3474.029: [GC [PSYoungGen: 214256K->1036K(257536K)] 743950K->530810K(944512K), 0.0062940 secs] [Times: user=0.05 sys=0.00, real=0.00 secs] 
2014-07-08T05:11:56.780+0000: 3474.996: [GC [PSYoungGen: 257460K->968K(251136K)] 787234K->530790K(938112K), 0.0087450 secs] [Times: user=0.06 sys=0.00, real=0.01 secs] 
2014-07-08T05:11:57.701+0000: 3475.917: [GC [PSYoungGen: 251080K->968K(244992K)] 780902K->530846K(931968K), 0.0044640 secs] [Times: user=0.02 sys=0.00, real=0.00 secs] 
2014-07-08T05:11:58.468+0000: 3476.683: [GC [PSYoungGen: 244936K->672K(293504K)] 774814K->530754K(980480K), 0.0119800 secs] [Times: user=0.08 sys=0.00, real=0.01 secs] 
2014-07-08T05:11:59.510+0000: 3477.725: [GC [PSYoungGen: 293472K->1110K(286208K)] 823554K->531265K(973184K), 0.0091580 secs] [Times: user=0.07 sys=0.00, real=0.01 secs] 
2014-07-08T05:12:00.535+0000: 3478.751: [GC [PSYoungGen: 286166K->765K(278400K)] 816321K->531232K(965376K), 0.0039180 secs] [Times: user=0.03 sys=0.00, real=0.00 secs] 
2014-07-08T05:12:01.526+0000: 3479.742: [GC [PSYoungGen: 278370K->1058K(271552K)] 808838K->531581K(958528K), 0.0059600 secs] [Times: user=0.02 sys=0.00, real=0.01 secs] 
2014-07-08T05:12:02.489+0000: 3480.704: [GC [PSYoungGen: 271522K->926K(264512K)] 802045K->531613K(951488K), 0.0039780 secs] [Times: user=0.03 sys=0.00, real=0.01 secs] 
2014-07-08T05:12:03.428+0000: 3481.643: [GC [PSYoungGen: 264478K->680K(257600K)] 795165K->531447K(944576K), 0.0054830 secs] [Times: user=0.04 sys=0.00, real=0.01 secs] 
2014-07-08T05:12:04.347+0000: 3482.563: [GC [PSYoungGen: 257576K->648K(251200K)] 788343K->531471K(938176K), 0.0038010 secs] [Times: user=0.02 sys=0.00, real=0.00 secs] 
2014-07-08T05:12:05.233+0000: 3483.449: [GC [PSYoungGen: 251119K->862K(245248K)] 781942K->531749K(932224K), 0.0088580 secs] [Times: user=0.06 sys=0.00, real=0.00 secs] 
2014-07-08T05:12:06.100+0000: 3484.316: [GC [PSYoungGen: 245123K->748K(239232K)] 776011K->531723K(926208K), 0.0053150 secs] [Times: user=0.03 sys=0.00, real=0.01 secs] 
2014-07-08T05:12:06.952+0000: 3485.167: [GC [PSYoungGen: 239212K->566K(233344K)] 770187K->531597K(920320K), 0.0073160 secs] [Times: user=0.05 sys=0.00, real=0.01 secs] 
2014-07-08T05:12:07.917+0000: 3486.133: [GC [PSYoungGen: 233311K->1014K(228288K)] 764342K->532117K(915264K), 0.0067260 secs] [Times: user=0.04 sys=0.01, real=0.01 secs] 
2014-07-08T05:12:08.601+0000: 3486.817: [GC [PSYoungGen: 228191K->844K(222848K)] 759295K->532035K(909824K), 0.0044480 secs] [Times: user=0.03 sys=0.00, real=0.01 secs] 
2014-07-08T05:12:09.381+0000: 3487.596: [GC [PSYoungGen: 222796K->744K(217600K)] 753987K->531991K(904576K), 0.0092670 secs] [Times: user=0.07 sys=0.00, real=0.01 secs] 
2014-07-08T05:12:10.167+0000: 3488.383: [GC [PSYoungGen: 217576K->712K(212672K)] 748823K->532007K(899648K), 0.0046020 secs] [Times: user=0.03 sys=0.00, real=0.00 secs] 
2014-07-08T05:12:10.918+0000: 3489.134: [GC [PSYoungGen: 212616K->762K(207936K)] 743911K->532137K(894912K), 0.0087240 secs] [Times: user=0.07 sys=0.00, real=0.01 secs] 
2014-07-08T05:12:11.700+0000: 3489.916: [GC [PSYoungGen: 207905K->940K(203520K)] 739280K->532355K(890496K), 0.0110870 secs] [Times: user=0.07 sys=0.00, real=0.01 secs] 
2014-07-08T05:12:12.388+0000: 3490.604: [GC [PSYoungGen: 203500K->672K(243776K)] 734915K->532152K(930752K), 0.0094520 secs] [Times: user=0.07 sys=0.00, real=0.01 secs] 
2014-07-08T05:12:13.258+0000: 3491.474: [GC [PSYoungGen: 243725K->701K(292416K)] 775205K->532245K(979392K), 0.0080700 secs] [Times: user=0.06 sys=0.00, real=0.01 secs] 
2014-07-08T05:12:14.297+0000: 3492.513: [GC [PSYoungGen: 292375K->598K(284672K)] 823919K->532197K(971648K), 0.0076870 secs] [Times: user=0.05 sys=0.00, real=0.01 secs] 
2014-07-08T05:12:15.306+0000: 3493.522: [GC [PSYoungGen: 284581K->780K(277440K)] 816181K->532443K(964416K), 0.0035040 secs] [Times: user=0.02 sys=0.01, real=0.00 secs] 
2014-07-08T05:12:16.289+0000: 3494.505: [GC [PSYoungGen: 277387K->898K(270464K)] 809050K->532617K(957440K), 0.0048680 secs] [Times: user=0.03 sys=0.00, real=0.01 secs] 
2014-07-08T05:12:17.239+0000: 3495.454: [GC [PSYoungGen: 270402K->594K(263296K)] 802121K->532377K(950272K), 0.0059750 secs] [Times: user=0.03 sys=0.00, real=0.01 secs] 
2014-07-08T05:12:18.169+0000: 3496.385: [GC [PSYoungGen: 263250K->648K(256768K)] 795033K->532487K(943744K), 0.0058890 secs] [Times: user=0.04 sys=0.00, real=0.01 secs] 
2014-07-08T05:12:19.114+0000: 3497.330: [GC [PSYoungGen: 256686K->1092K(250880K)] 788526K->533028K(937856K), 0.0061790 secs] [Times: user=0.03 sys=0.00, real=0.01 secs] 
2014-07-08T05:12:19.983+0000: 3498.199: [GC [PSYoungGen: 250807K->484K(244096K)] 782743K->532787K(931072K), 0.0068100 secs] [Times: user=0.04 sys=0.00, real=0.01 secs] 
2014-07-08T05:12:20.859+0000: 3499.075: [GC [PSYoungGen: 244068K->740K(238464K)] 776371K->533107K(925440K), 0.0079340 secs] [Times: user=0.05 sys=0.00, real=0.01 secs] 
2014-07-08T05:12:21.677+0000: 3499.893: [GC [PSYoungGen: 238436K->790K(232832K)] 770803K->533237K(919808K), 0.0092350 secs] [Times: user=0.06 sys=0.00, real=0.01 secs] 
2014-07-08T05:12:22.499+0000: 3500.715: [GC [PSYoungGen: 232790K->726K(227328K)] 765237K->533229K(914304K), 0.0062420 secs] [Times: user=0.04 sys=0.00, real=0.01 secs] 
2014-07-08T05:12:23.301+0000: 3501.516: [GC [PSYoungGen: 227286K->666K(222016K)] 759789K->533233K(908992K), 0.0044940 secs] [Times: user=0.03 sys=0.00, real=0.01 secs] 
2014-07-08T05:12:24.100+0000: 3502.316: [GC [PSYoungGen: 221977K->830K(217088K)] 754545K->533454K(904064K), 0.0073140 secs] [Times: user=0.05 sys=0.00, real=0.01 secs] 
2014-07-08T05:12:24.946+0000: 3503.162: [GC [PSYoungGen: 216994K->812K(212160K)] 749618K->533550K(899136K), 0.0033300 secs] [Times: user=0.02 sys=0.00, real=0.00 secs] 
2014-07-08T05:12:25.663+0000: 3503.879: [GC [PSYoungGen: 212102K->922K(207552K)] 744840K->533708K(894528K), 0.0050490 secs] [Times: user=0.02 sys=0.00, real=0.01 secs] 
2014-07-08T05:12:26.343+0000: 3504.559: [GC [PSYoungGen: 207514K->573K(202624K)] 740300K->533770K(889600K), 0.0066650 secs] [Times: user=0.05 sys=0.00, real=0.01 secs] 
2014-07-08T05:12:27.055+0000: 3505.271: [GC [PSYoungGen: 202621K->694K(198336K)] 735818K->533979K(885312K), 0.0074070 secs] [Times: user=0.04 sys=0.00, real=0.01 secs] 
2014-07-08T05:12:27.779+0000: 3505.995: [GC [PSYoungGen: 198326K->698K(194048K)] 731611K->534131K(881024K), 0.0087590 secs] [Times: user=0.05 sys=0.00, real=0.01 secs] 
2014-07-08T05:12:28.469+0000: 3506.685: [GC [PSYoungGen: 194042K->626K(189888K)] 727475K->534107K(876864K), 0.0040120 secs] [Times: user=0.02 sys=0.00, real=0.00 secs] 
2014-07-08T05:12:29.158+0000: 3507.374: [GC [PSYoungGen: 189874K->798K(186112K)] 723355K->534343K(873088K), 0.0094210 secs] [Times: user=0.06 sys=0.00, real=0.01 secs] 
2014-07-08T05:12:29.825+0000: 3508.041: [GC [PSYoungGen: 186078K->1134K(182592K)] 719623K->534956K(869568K), 0.0058380 secs] [Times: user=0.03 sys=0.00, real=0.01 secs] 
2014-07-08T05:12:30.473+0000: 3508.688: [GC [PSYoungGen: 182574K->356K(178112K)] 716396K->534878K(865088K), 0.0062800 secs] [Times: user=0.05 sys=0.00, real=0.01 secs] 
2014-07-08T05:12:31.156+0000: 3509.371: [GC [PSYoungGen: 178084K->836K(175040K)] 712606K->535422K(862016K), 0.0083790 secs] [Times: user=0.06 sys=0.00, real=0.01 secs] 
2014-07-08T05:12:31.784+0000: 3509.999: [GC [PSYoungGen: 174980K->843K(209920K)] 709566K->535549K(896896K), 0.0078440 secs] [Times: user=0.05 sys=0.00, real=0.01 secs] 
2014-07-08T05:12:32.473+0000: 3510.688: [GC [PSYoungGen: 209821K->906K(205312K)] 744527K->535693K(892288K), 0.0060770 secs] [Times: user=0.03 sys=0.01, real=0.01 secs] 
2014-07-08T05:12:33.202+0000: 3511.418: [GC [PSYoungGen: 205220K->648K(200576K)] 740007K->535482K(887552K), 0.0047430 secs] [Times: user=0.02 sys=0.01, real=0.01 secs] 
2014-07-08T05:12:33.904+0000: 3512.120: [GC [PSYoungGen: 200520K->548K(196096K)] 735354K->535422K(883072K), 0.0060940 secs] [Times: user=0.02 sys=0.00, real=0.01 secs] 
2014-07-08T05:12:34.620+0000: 3512.835: [GC [PSYoungGen: 196068K->712K(192128K)] 730942K->535634K(879104K), 0.0077080 secs] [Times: user=0.05 sys=0.00, real=0.01 secs] 
2014-07-08T05:12:35.284+0000: 3513.500: [GC [PSYoungGen: 192072K->684K(230336K)] 726994K->535654K(917312K), 0.0089140 secs] [Times: user=0.06 sys=0.00, real=0.01 secs] 
2014-07-08T05:12:36.136+0000: 3514.351: [GC [PSYoungGen: 230316K->908K(276544K)] 765286K->535942K(963520K), 0.0094050 secs] [Times: user=0.07 sys=0.00, real=0.01 secs] 
2014-07-08T05:12:37.090+0000: 3515.306: [GC [PSYoungGen: 276492K->694K(327424K)] 811526K->535816K(1014400K), 0.0125590 secs] [Times: user=0.08 sys=0.00, real=0.01 secs] 
2014-07-08T05:12:38.283+0000: 3516.499: [GC [PSYoungGen: 326902K->851K(318016K)] 862024K->536013K(1004992K), 0.0032540 secs] [Times: user=0.02 sys=0.00, real=0.00 secs] 
2014-07-08T05:12:39.388+0000: 3517.603: [GC [PSYoungGen: 317971K->815K(309248K)] 853133K->536041K(996224K), 0.0148880 secs] [Times: user=0.10 sys=0.01, real=0.02 secs] 
2014-07-08T05:12:40.482+0000: 3518.698: [GC [PSYoungGen: 309231K->754K(300800K)] 844457K->536243K(987776K), 0.0080910 secs] [Times: user=0.05 sys=0.00, real=0.01 secs] 
2014-07-08T05:12:41.600+0000: 3519.816: [GC [PSYoungGen: 300751K->1192K(330816K)] 836241K->536820K(1017792K), 0.0210630 secs] [Times: user=0.14 sys=0.01, real=0.02 secs] 
2014-07-08T05:12:42.794+0000: 3521.010: [GC [PSYoungGen: 330763K->1266K(361280K)] 866391K->537024K(1048256K), 0.0085600 secs] [Times: user=0.05 sys=0.01, real=0.01 secs] 
2014-07-08T05:12:44.039+0000: 3522.254: [GC [PSYoungGen: 361191K->780K(350336K)] 896949K->536617K(1037312K), 0.0067870 secs] [Times: user=0.05 sys=0.00, real=0.00 secs] 
2014-07-08T05:12:45.292+0000: 3523.508: [GC [PSYoungGen: 350284K->580K(340096K)] 886121K->536489K(1027072K), 0.0047730 secs] [Times: user=0.03 sys=0.00, real=0.00 secs] 
2014-07-08T05:12:46.533+0000: 3524.749: [GC [PSYoungGen: 340036K->772K(330688K)] 875945K->536737K(1017664K), 0.0075860 secs] [Times: user=0.05 sys=0.00, real=0.01 secs] 
2014-07-08T05:12:47.725+0000: 3525.941: [GC [PSYoungGen: 330628K->708K(321408K)] 866593K->536721K(1008384K), 0.0097780 secs] [Times: user=0.06 sys=0.00, real=0.01 secs] 
2014-07-08T05:12:48.873+0000: 3527.089: [GC [PSYoungGen: 321335K->716K(312576K)] 857348K->536801K(999552K), 0.0082430 secs] [Times: user=0.05 sys=0.00, real=0.01 secs] 
2014-07-08T05:12:49.973+0000: 3528.189: [GC [PSYoungGen: 312524K->680K(304000K)] 848609K->536813K(990976K), 0.0035250 secs] [Times: user=0.02 sys=0.00, real=0.00 secs] 
2014-07-08T05:12:51.068+0000: 3529.284: [GC [PSYoungGen: 303976K->762K(295872K)] 840109K->536951K(982848K), 0.0055610 secs] [Times: user=0.03 sys=0.00, real=0.01 secs] 
2014-07-08T05:12:52.129+0000: 3530.345: [GC [PSYoungGen: 295866K->900K(288192K)] 832055K->537178K(975168K), 0.0040070 secs] [Times: user=0.02 sys=0.00, real=0.01 secs] 
2014-07-08T05:12:53.148+0000: 3531.364: [GC [PSYoungGen: 288095K->840K(280576K)] 824373K->537173K(967552K), 0.0090030 secs] [Times: user=0.06 sys=0.01, real=0.01 secs] 
2014-07-08T05:12:54.149+0000: 3532.365: [GC [PSYoungGen: 280520K->726K(273216K)] 816853K->537139K(960192K), 0.0062060 secs] [Times: user=0.04 sys=0.00, real=0.01 secs] 
2014-07-08T05:12:55.128+0000: 3533.344: [GC [PSYoungGen: 273172K->651K(266176K)] 809585K->537121K(953152K), 0.0054050 secs] [Times: user=0.04 sys=0.00, real=0.01 secs] 
2014-07-08T05:12:56.075+0000: 3534.291: [GC [PSYoungGen: 266123K->800K(259584K)] 802593K->537334K(946560K), 0.0064760 secs] [Times: user=0.02 sys=0.00, real=0.01 secs] 
2014-07-08T05:12:56.985+0000: 3535.201: [GC [PSYoungGen: 259552K->666K(252992K)] 796086K->537255K(939968K), 0.0036460 secs] [Times: user=0.03 sys=0.00, real=0.00 secs] 
2014-07-08T05:12:57.885+0000: 3536.101: [GC [PSYoungGen: 252954K->718K(246848K)] 789543K->537372K(933824K), 0.0029960 secs] [Times: user=0.02 sys=0.00, real=0.00 secs] 
2014-07-08T05:12:58.891+0000: 3537.107: [GC [PSYoungGen: 246798K->960K(241152K)] 783452K->537686K(928128K), 0.0057050 secs] [Times: user=0.04 sys=0.01, real=0.00 secs] 
2014-07-08T05:12:59.627+0000: 3537.843: [GC [PSYoungGen: 241088K->566K(234944K)] 777814K->537427K(921920K), 0.0033360 secs] [Times: user=0.01 sys=0.00, real=0.00 secs] 
2014-07-08T05:13:00.466+0000: 3538.682: [GC [PSYoungGen: 234934K->804K(229632K)] 771795K->537729K(916608K), 0.0089540 secs] [Times: user=0.07 sys=0.01, real=0.01 secs] 
2014-07-08T05:13:01.294+0000: 3539.510: [GC [PSYoungGen: 229604K->530K(224000K)] 766529K->537511K(910976K), 0.0038680 secs] [Times: user=0.02 sys=0.00, real=0.00 secs] 
2014-07-08T05:13:02.093+0000: 3540.309: [GC [PSYoungGen: 223954K->644K(218944K)] 760935K->537689K(905920K), 0.0138770 secs] [Times: user=0.09 sys=0.00, real=0.01 secs] 
2014-07-08T05:13:02.875+0000: 3541.090: [GC [PSYoungGen: 218884K->726K(214016K)] 755929K->537875K(900992K), 0.0088640 secs] [Times: user=0.05 sys=0.00, real=0.01 secs] 
2014-07-08T05:13:03.740+0000: 3541.956: [GC [PSYoungGen: 213974K->936K(209408K)] 751123K->538141K(896384K), 0.0068740 secs] [Times: user=0.05 sys=0.00, real=0.01 secs] 
2014-07-08T05:13:04.425+0000: 3542.641: [GC [PSYoungGen: 209384K->508K(204352K)] 746589K->538030K(891328K), 0.0049100 secs] [Times: user=0.02 sys=0.00, real=0.00 secs] 
2014-07-08T05:13:05.107+0000: 3543.323: [GC [PSYoungGen: 204348K->762K(200128K)] 741870K->538340K(887104K), 0.0034350 secs] [Times: user=0.01 sys=0.00, real=0.00 secs] 
2014-07-08T05:13:05.884+0000: 3544.100: [GC [PSYoungGen: 200079K->1068K(196160K)] 737657K->538980K(883136K), 0.0052450 secs] [Times: user=0.03 sys=0.01, real=0.00 secs] 
2014-07-08T05:13:06.581+0000: 3544.797: [GC [PSYoungGen: 196140K->1054K(192000K)] 734052K->539014K(878976K), 0.0040600 secs] [Times: user=0.02 sys=0.00, real=0.01 secs] 
2014-07-08T05:13:07.196+0000: 3545.411: [GC [PSYoungGen: 191966K->438K(187328K)] 729926K->538800K(874304K), 0.0032740 secs] [Times: user=0.03 sys=0.00, real=0.00 secs] 
2014-07-08T05:13:07.919+0000: 3546.134: [GC [PSYoungGen: 187292K->1058K(184064K)] 725654K->539484K(871040K), 0.0037030 secs] [Times: user=0.02 sys=0.00, real=0.01 secs] 
2014-07-08T05:13:08.635+0000: 3546.851: [GC [PSYoungGen: 184003K->1074K(180288K)] 722429K->539564K(867264K), 0.0087170 secs] [Times: user=0.05 sys=0.00, real=0.01 secs] 
2014-07-08T05:13:09.183+0000: 3547.399: [GC [PSYoungGen: 180274K->562K(176128K)] 718764K->539116K(863104K), 0.0038020 secs] [Times: user=0.02 sys=0.00, real=0.00 secs] 
2014-07-08T05:13:09.880+0000: 3548.096: [GC [PSYoungGen: 176114K->858K(172928K)] 714668K->539476K(859904K), 0.0079110 secs] [Times: user=0.04 sys=0.00, real=0.01 secs] 
2014-07-08T05:13:10.426+0000: 3548.642: [GC [PSYoungGen: 172830K->648K(207168K)] 711448K->539306K(894144K), 0.0130640 secs] [Times: user=0.06 sys=0.00, real=0.01 secs] 
2014-07-08T05:13:11.168+0000: 3549.383: [GC [PSYoungGen: 207112K->822K(248640K)] 745770K->539552K(935616K), 0.0085300 secs] [Times: user=0.06 sys=0.01, real=0.01 secs] 
2014-07-08T05:13:12.053+0000: 3550.269: [GC [PSYoungGen: 248630K->644K(298112K)] 787360K->539446K(985088K), 0.0128910 secs] [Times: user=0.08 sys=0.01, real=0.01 secs] 
2014-07-08T05:13:13.106+0000: 3551.321: [GC [PSYoungGen: 298052K->648K(345856K)] 836854K->539490K(1032832K), 0.0046130 secs] [Times: user=0.02 sys=0.00, real=0.00 secs] 
2014-07-08T05:13:14.324+0000: 3552.540: [GC [PSYoungGen: 345391K->912K(335872K)] 884234K->539802K(1022848K), 0.0049810 secs] [Times: user=0.04 sys=0.00, real=0.00 secs] 
2014-07-08T05:13:15.528+0000: 3553.743: [GC [PSYoungGen: 335792K->374K(325888K)] 874683K->539840K(1012864K), 0.0061240 secs] [Times: user=0.04 sys=0.00, real=0.01 secs] 
2014-07-08T05:13:16.723+0000: 3554.939: [GC [PSYoungGen: 325853K->1264K(317760K)] 865320K->541185K(1004736K), 0.0044090 secs] [Times: user=0.02 sys=0.00, real=0.00 secs] 
2014-07-08T05:13:17.849+0000: 3556.064: [GC [PSYoungGen: 317744K->562K(308352K)] 857665K->540903K(995328K), 0.0091240 secs] [Times: user=0.05 sys=0.00, real=0.01 secs] 
2014-07-08T05:13:18.989+0000: 3557.205: [GC [PSYoungGen: 308266K->947K(300416K)] 848607K->541344K(987392K), 0.0096720 secs] [Times: user=0.07 sys=0.01, real=0.01 secs] 
2014-07-08T05:13:19.976+0000: 3558.192: [GC [PSYoungGen: 300403K->666K(292160K)] 840800K->541127K(979136K), 0.0128460 secs] [Times: user=0.09 sys=0.01, real=0.01 secs] 
2014-07-08T05:13:21.018+0000: 3559.234: [GC [PSYoungGen: 292122K->658K(284480K)] 832583K->541207K(971456K), 0.0095950 secs] [Times: user=0.06 sys=0.00, real=0.01 secs] 
2014-07-08T05:13:22.034+0000: 3560.250: [GC [PSYoungGen: 284434K->512K(276864K)] 824983K->541125K(963840K), 0.0073590 secs] [Times: user=0.05 sys=0.00, real=0.00 secs] 
2014-07-08T05:13:23.015+0000: 3561.231: [GC [PSYoungGen: 276837K->548K(269824K)] 817450K->541209K(956800K), 0.0065290 secs] [Times: user=0.04 sys=0.00, real=0.00 secs] 
2014-07-08T05:13:24.029+0000: 3562.245: [GC [PSYoungGen: 269796K->726K(263168K)] 810457K->541467K(950144K), 0.0123480 secs] [Times: user=0.08 sys=0.00, real=0.01 secs] 
2014-07-08T05:13:24.911+0000: 3563.127: [GC [PSYoungGen: 263126K->780K(256640K)] 803867K->541601K(943616K), 0.0034960 secs] [Times: user=0.02 sys=0.00, real=0.00 secs] 
2014-07-08T05:13:25.864+0000: 3564.079: [GC [PSYoungGen: 256588K->1082K(250560K)] 797409K->541983K(937536K), 0.0103220 secs] [Times: user=0.07 sys=0.00, real=0.01 secs] 
2014-07-08T05:13:26.770+0000: 3564.986: [GC [PSYoungGen: 250515K->954K(244352K)] 791416K->541903K(931328K), 0.0104540 secs] [Times: user=0.07 sys=0.00, real=0.01 secs] 
2014-07-08T05:13:27.610+0000: 3565.826: [GC [PSYoungGen: 244294K->829K(292928K)] 785243K->541908K(979904K), 0.0119050 secs] [Times: user=0.09 sys=0.00, real=0.01 secs] 
2014-07-08T05:13:28.655+0000: 3566.871: [GC [PSYoungGen: 292925K->616K(284992K)] 834004K->541759K(971968K), 0.0039050 secs] [Times: user=0.02 sys=0.00, real=0.00 secs] 
2014-07-08T05:13:29.710+0000: 3567.925: [GC [PSYoungGen: 284968K->1028K(278016K)] 826111K->542251K(964992K), 0.0058330 secs] [Times: user=0.03 sys=0.00, real=0.01 secs] 
2014-07-08T05:13:30.675+0000: 3568.891: [GC [PSYoungGen: 277955K->776K(270592K)] 819178K->542055K(957568K), 0.0036130 secs] [Times: user=0.02 sys=0.00, real=0.00 secs] 
2014-07-08T05:13:31.618+0000: 3569.833: [GC [PSYoungGen: 270536K->942K(263872K)] 811815K->542301K(950848K), 0.0042840 secs] [Times: user=0.02 sys=0.00, real=0.00 secs] 
2014-07-08T05:13:32.553+0000: 3570.769: [GC [PSYoungGen: 263854K->1072K(257408K)] 805213K->542487K(944384K), 0.0094640 secs] [Times: user=0.06 sys=0.00, real=0.01 secs] 
2014-07-08T05:13:33.462+0000: 3571.678: [GC [PSYoungGen: 257389K->680K(250688K)] 798804K->542143K(937664K), 0.0043360 secs] [Times: user=0.02 sys=0.00, real=0.01 secs] 
2014-07-08T05:13:34.351+0000: 3572.567: [GC [PSYoungGen: 250664K->498K(244352K)] 792127K->542017K(931328K), 0.0057890 secs] [Times: user=0.03 sys=0.01, real=0.01 secs] 
2014-07-08T05:13:35.226+0000: 3573.442: [GC [PSYoungGen: 244338K->868K(238848K)] 785857K->542475K(925824K), 0.0087590 secs] [Times: user=0.07 sys=0.00, real=0.00 secs] 
2014-07-08T05:13:36.066+0000: 3574.282: [GC [PSYoungGen: 238820K->680K(232960K)] 780427K->542343K(919936K), 0.0091660 secs] [Times: user=0.06 sys=0.00, real=0.00 secs] 
2014-07-08T05:13:36.889+0000: 3575.104: [GC [PSYoungGen: 232936K->818K(227584K)] 774599K->542553K(914560K), 0.0037940 secs] [Times: user=0.02 sys=0.00, real=0.00 secs] 
2014-07-08T05:13:37.714+0000: 3575.929: [GC [PSYoungGen: 227570K->826K(222336K)] 769305K->542665K(909312K), 0.0077260 secs] [Times: user=0.05 sys=0.00, real=0.01 secs] 
2014-07-08T05:13:38.507+0000: 3576.722: [GC [PSYoungGen: 222314K->954K(266816K)] 764153K->542889K(953792K), 0.0149250 secs] [Times: user=0.09 sys=0.00, real=0.02 secs] 
2014-07-08T05:13:39.458+0000: 3577.674: [GC [PSYoungGen: 266810K->992K(260160K)] 808745K->542991K(947136K), 0.0066310 secs] [Times: user=0.04 sys=0.00, real=0.00 secs] 
2014-07-08T05:13:40.381+0000: 3578.596: [GC [PSYoungGen: 260115K->620K(253312K)] 802114K->542865K(940288K), 0.0035560 secs] [Times: user=0.02 sys=0.00, real=0.00 secs] 
2014-07-08T05:13:41.288+0000: 3579.504: [GC [PSYoungGen: 253292K->848K(247360K)] 795537K->543165K(934336K), 0.0051870 secs] [Times: user=0.03 sys=0.00, real=0.00 secs] 
2014-07-08T05:13:42.171+0000: 3580.386: [GC [PSYoungGen: 247312K->648K(241152K)] 789629K->543045K(928128K), 0.0074610 secs] [Times: user=0.05 sys=0.00, real=0.01 secs] 
2014-07-08T05:13:43.033+0000: 3581.249: [GC [PSYoungGen: 241096K->794K(235520K)] 783493K->543255K(922496K), 0.0060880 secs] [Times: user=0.04 sys=0.00, real=0.01 secs] 
2014-07-08T05:13:43.935+0000: 3582.150: [GC [PSYoungGen: 235482K->890K(230016K)] 777943K->543407K(916992K), 0.0046460 secs] [Times: user=0.03 sys=0.00, real=0.01 secs] 
2014-07-08T05:13:44.707+0000: 3582.922: [GC [PSYoungGen: 229975K->858K(224640K)] 772492K->543439K(911616K), 0.0037600 secs] [Times: user=0.02 sys=0.00, real=0.01 secs] 
2014-07-08T05:13:45.482+0000: 3583.698: [GC [PSYoungGen: 224602K->672K(219264K)] 767183K->543545K(906240K), 0.0059460 secs] [Times: user=0.02 sys=0.00, real=0.00 secs] 
2014-07-08T05:13:46.273+0000: 3584.488: [GC [PSYoungGen: 219232K->876K(214464K)] 762105K->543829K(901440K), 0.0113180 secs] [Times: user=0.08 sys=0.00, real=0.01 secs] 
2014-07-08T05:13:47.029+0000: 3585.245: [GC [PSYoungGen: 214444K->883K(209664K)] 757397K->544098K(896640K), 0.0063100 secs] [Times: user=0.03 sys=0.00, real=0.00 secs] 
2014-07-08T05:13:47.836+0000: 3586.051: [GC [PSYoungGen: 209651K->1198K(205376K)] 752866K->544478K(892352K), 0.0046880 secs] [Times: user=0.02 sys=0.00, real=0.01 secs] 
2014-07-08T05:13:48.525+0000: 3586.741: [GC [PSYoungGen: 205335K->484K(200192K)] 748614K->543987K(887168K), 0.0034610 secs] [Times: user=0.02 sys=0.00, real=0.01 secs] 
2014-07-08T05:13:49.268+0000: 3587.483: [GC [PSYoungGen: 200162K->1222K(196608K)] 743666K->544797K(883584K), 0.0050270 secs] [Times: user=0.03 sys=0.00, real=0.01 secs] 
2014-07-08T05:13:49.951+0000: 3588.166: [GC [PSYoungGen: 196550K->612K(191808K)] 740125K->544359K(878784K), 0.0104980 secs] [Times: user=0.07 sys=0.00, real=0.01 secs] 
2014-07-08T05:13:50.638+0000: 3588.854: [GC [PSYoungGen: 191755K->694K(187840K)] 735502K->544497K(874816K), 0.0047270 secs] [Times: user=0.02 sys=0.00, real=0.01 secs] 
2014-07-08T05:13:51.297+0000: 3589.513: [GC [PSYoungGen: 187830K->882K(184128K)] 731633K->544773K(871104K), 0.0047440 secs] [Times: user=0.03 sys=0.00, real=0.01 secs] 
2014-07-08T05:13:51.944+0000: 3590.160: [GC [PSYoungGen: 184100K->719K(180224K)] 727991K->544650K(867200K), 0.0055110 secs] [Times: user=0.02 sys=0.00, real=0.01 secs] 
2014-07-08T05:13:52.602+0000: 3590.817: [GC [PSYoungGen: 180175K->954K(176768K)] 724106K->544941K(863744K), 0.0049940 secs] [Times: user=0.03 sys=0.00, real=0.00 secs] 
2014-07-08T05:13:53.210+0000: 3591.426: [GC [PSYoungGen: 176762K->648K(172992K)] 720749K->544707K(859968K), 0.0081590 secs] [Times: user=0.03 sys=0.00, real=0.00 secs] 
2014-07-08T05:13:53.843+0000: 3592.059: [GC [PSYoungGen: 172936K->726K(169664K)] 716995K->544849K(856640K), 0.0072640 secs] [Times: user=0.05 sys=0.00, real=0.01 secs] 
2014-07-08T05:13:54.415+0000: 3592.631: [GC [PSYoungGen: 169593K->698K(203392K)] 713716K->544893K(890368K), 0.0124800 secs] [Times: user=0.08 sys=0.00, real=0.01 secs] 
2014-07-08T05:13:55.201+0000: 3593.417: [GC [PSYoungGen: 203386K->826K(244096K)] 747581K->545077K(931072K), 0.0061620 secs] [Times: user=0.04 sys=0.00, real=0.00 secs] 
2014-07-08T05:13:56.003+0000: 3594.218: [GC [PSYoungGen: 244090K->666K(238080K)] 788341K->544981K(925056K), 0.0050730 secs] [Times: user=0.03 sys=0.00, real=0.00 secs] 
2014-07-08T05:13:56.874+0000: 3595.090: [GC [PSYoungGen: 238040K->934K(232704K)] 782355K->545443K(919680K), 0.0064060 secs] [Times: user=0.04 sys=0.01, real=0.01 secs] 
2014-07-08T05:13:57.708+0000: 3595.924: [GC [PSYoungGen: 232678K->908K(227264K)] 777187K->545489K(914240K), 0.0084440 secs] [Times: user=0.05 sys=0.00, real=0.01 secs] 
2014-07-08T05:13:58.508+0000: 3596.724: [GC [PSYoungGen: 227212K->676K(272320K)] 771793K->545363K(959296K), 0.0106200 secs] [Times: user=0.07 sys=0.00, real=0.01 secs] 
2014-07-08T05:13:59.467+0000: 3597.683: [GC [PSYoungGen: 272292K->630K(320320K)] 816979K->545365K(1007296K), 0.0165290 secs] [Times: user=0.09 sys=0.00, real=0.02 secs] 
2014-07-08T05:14:00.663+0000: 3598.879: [GC [PSYoungGen: 319670K->1074K(327232K)] 864405K->545881K(1014208K), 0.0081440 secs] [Times: user=0.05 sys=0.00, real=0.01 secs] 
2014-07-08T05:14:01.776+0000: 3599.992: [GC [PSYoungGen: 327026K->1189K(327232K)] 871833K->546052K(1014208K), 0.0189880 secs] [Times: user=0.12 sys=0.01, real=0.02 secs] 
2014-07-08T05:14:02.921+0000: 3601.137: [GC [PSYoungGen: 327141K->790K(392448K)] 872004K->545717K(1079424K), 0.0066960 secs] [Times: user=0.04 sys=0.00, real=0.00 secs] 
2014-07-08T05:14:04.359+0000: 3602.575: [GC [PSYoungGen: 391958K->996K(380416K)] 936885K->545955K(1067392K), 0.0091230 secs] [Times: user=0.06 sys=0.00, real=0.01 secs] 
2014-07-08T05:14:05.688+0000: 3603.903: [GC [PSYoungGen: 380384K->424K(368576K)] 925344K->545695K(1055552K), 0.0076020 secs] [Times: user=0.05 sys=0.00, real=0.01 secs] 
2014-07-08T05:14:06.973+0000: 3605.189: [GC [PSYoungGen: 368552K->1126K(358464K)] 913823K->546461K(1045440K), 0.0079010 secs] [Times: user=0.04 sys=0.00, real=0.01 secs] 
2014-07-08T05:14:08.249+0000: 3606.464: [GC [PSYoungGen: 358395K->634K(347584K)] 903730K->546273K(1034560K), 0.0039310 secs] [Times: user=0.02 sys=0.01, real=0.01 secs] 
2014-07-08T05:14:09.530+0000: 3607.746: [GC [PSYoungGen: 347578K->1185K(338240K)] 893217K->546873K(1025216K), 0.0054740 secs] [Times: user=0.02 sys=0.00, real=0.01 secs] 
2014-07-08T05:14:10.714+0000: 3608.929: [GC [PSYoungGen: 338209K->850K(328384K)] 883897K->546585K(1015360K), 0.0072620 secs] [Times: user=0.04 sys=0.00, real=0.00 secs] 
2014-07-08T05:14:11.937+0000: 3610.152: [GC [PSYoungGen: 328338K->1022K(319360K)] 874073K->546829K(1006336K), 0.0042670 secs] [Times: user=0.02 sys=0.00, real=0.00 secs] 
2014-07-08T05:14:12.999+0000: 3611.215: [GC [PSYoungGen: 319358K->680K(310272K)] 865165K->546551K(997248K), 0.0069390 secs] [Times: user=0.04 sys=0.00, real=0.01 secs] 
2014-07-08T05:14:14.093+0000: 3612.309: [GC [PSYoungGen: 310248K->448K(301632K)] 856119K->546375K(988608K), 0.0041190 secs] [Times: user=0.03 sys=0.00, real=0.00 secs] 
2014-07-08T05:14:15.167+0000: 3613.383: [GC [PSYoungGen: 301612K->744K(293888K)] 847540K->546735K(980864K), 0.0094940 secs] [Times: user=0.05 sys=0.00, real=0.01 secs] 
2014-07-08T05:14:16.216+0000: 3614.431: [GC [PSYoungGen: 293864K->890K(286272K)] 839855K->546961K(973248K), 0.0094880 secs] [Times: user=0.06 sys=0.00, real=0.01 secs] 
2014-07-08T05:14:17.251+0000: 3615.467: [GC [PSYoungGen: 286266K->862K(278784K)] 832337K->547029K(965760K), 0.0077620 secs] [Times: user=0.06 sys=0.01, real=0.01 secs] 
2014-07-08T05:14:18.250+0000: 3616.466: [GC [PSYoungGen: 278750K->566K(271296K)] 824917K->546781K(958272K), 0.0068570 secs] [Times: user=0.05 sys=0.00, real=0.01 secs] 
2014-07-08T05:14:19.194+0000: 3617.409: [GC [PSYoungGen: 271204K->684K(264512K)] 817419K->546963K(951488K), 0.0070240 secs] [Times: user=0.05 sys=0.01, real=0.00 secs] 
2014-07-08T05:14:20.151+0000: 3618.366: [GC [PSYoungGen: 264481K->826K(257984K)] 810761K->547177K(944960K), 0.0095580 secs] [Times: user=0.05 sys=0.01, real=0.01 secs] 
2014-07-08T05:14:21.078+0000: 3619.293: [GC [PSYoungGen: 257931K->766K(251520K)] 804282K->547173K(938496K), 0.0098440 secs] [Times: user=0.05 sys=0.00, real=0.01 secs] 
2014-07-08T05:14:21.988+0000: 3620.203: [GC [PSYoungGen: 251518K->534K(245184K)] 797925K->546981K(932160K), 0.0088950 secs] [Times: user=0.05 sys=0.00, real=0.01 secs] 
2014-07-08T05:14:22.895+0000: 3621.111: [GC [PSYoungGen: 245142K->1146K(294720K)] 791589K->547649K(981696K), 0.0180610 secs] [Times: user=0.14 sys=0.01, real=0.02 secs] 
2014-07-08T05:14:23.892+0000: 3622.107: [GC [PSYoungGen: 294666K->766K(353088K)] 841170K->547325K(1040064K), 0.0078470 secs] [Times: user=0.05 sys=0.00, real=0.01 secs] 
2014-07-08T05:14:25.164+0000: 3623.380: [GC [PSYoungGen: 353086K->562K(342784K)] 899645K->547177K(1029760K), 0.0078650 secs] [Times: user=0.05 sys=0.00, real=0.00 secs] 
2014-07-08T05:14:26.387+0000: 3624.603: [GC [PSYoungGen: 342770K->640K(333120K)] 889385K->547303K(1020096K), 0.0044280 secs] [Times: user=0.02 sys=0.00, real=0.00 secs] 
2014-07-08T05:14:28.350+0000: 3626.566: [GC [PSYoungGen: 333120K->670K(323840K)] 879783K->547333K(1010816K), 0.0041830 secs] [Times: user=0.02 sys=0.00, real=0.01 secs] 
Heap
 PSYoungGen      total 323840K, used 150310K [0x0000000755560000, 0x000000076ca90000, 0x0000000800000000)
  eden space 323136K, 46% used [0x0000000755560000,0x000000075e782040,0x00000007690f0000)
  from space 704K, 95% used [0x000000076c9e0000,0x000000076ca878a8,0x000000076ca90000)
  to   space 1216K, 0% used [0x000000076c830000,0x000000076c830000,0x000000076c960000)
 ParOldGen       total 686976K, used 546663K [0x0000000600000000, 0x0000000629ee0000, 0x0000000755560000)
  object space 686976K, 79% used [0x0000000600000000,0x00000006215d9dc8,0x0000000629ee0000)
 PSPermGen       total 21248K, used 11797K [0x00000005f5a00000, 0x00000005f6ec0000, 0x0000000600000000)
  object space 21248K, 55% used [0x00000005f5a00000,0x00000005f65855a8,0x00000005f6ec0000)
