2014-07-08T06:46:19.735+0000: 24.826: [GC [PSYoungGen: 257728K->42848K(300608K)] 257728K->57749K(987584K), 0.0802280 secs] [Times: user=0.27 sys=0.03, real=0.08 secs] 
2014-07-08T06:46:20.057+0000: 25.147: [GC [PSYoungGen: 300576K->42864K(300608K)] 315477K->63814K(987584K), 0.0800810 secs] [Times: user=0.28 sys=0.02, real=0.08 secs] 
2014-07-08T06:46:21.524+0000: 26.614: [GC [PSYoungGen: 300592K->42854K(300608K)] 321542K->63988K(987584K), 0.0616190 secs] [Times: user=0.24 sys=0.01, real=0.06 secs] 
2014-07-08T06:46:22.879+0000: 27.969: [GC [PSYoungGen: 300582K->42870K(558336K)] 321716K->64692K(1245312K), 0.0557950 secs] [Times: user=0.18 sys=0.02, real=0.06 secs] 
2014-07-08T06:46:24.681+0000: 29.772: [GC [PSYoungGen: 558326K->42868K(558336K)] 580148K->65419K(1245312K), 0.0979790 secs] [Times: user=0.36 sys=0.03, real=0.10 secs] 
2014-07-08T06:46:26.165+0000: 31.255: [GC [PSYoungGen: 558324K->43750K(1088192K)] 580875K->66301K(1775168K), 0.0696630 secs] [Times: user=0.25 sys=0.02, real=0.07 secs] 
2014-07-08T06:46:29.787+0000: 34.878: [GC [PSYoungGen: 1074662K->2098K(1089216K)] 1097213K->65526K(1776192K), 0.0871510 secs] [Times: user=0.30 sys=0.03, real=0.09 secs] 
2014-07-08T06:46:33.460+0000: 38.550: [GC [PSYoungGen: 1033010K->2358K(2124096K)] 1096438K->66098K(2811072K), 0.0179430 secs] [Times: user=0.07 sys=0.00, real=0.02 secs] 
2014-07-08T06:46:40.567+0000: 45.657: [GC [PSYoungGen: 2059830K->2230K(2128448K)] 2123570K->66306K(2815424K), 0.0302540 secs] [Times: user=0.11 sys=0.00, real=0.03 secs] 
2014-07-08T06:46:47.440+0000: 52.530: [GC [PSYoungGen: 2059702K->1874K(2720768K)] 2123778K->66486K(3407744K), 0.0454960 secs] [Times: user=0.17 sys=0.00, real=0.04 secs] 
2014-07-08T06:46:56.072+0000: 61.162: [GC [PSYoungGen: 2649298K->3188K(2721792K)] 2713910K->68504K(3408768K), 0.0258110 secs] [Times: user=0.08 sys=0.00, real=0.02 secs] 
2014-07-08T06:47:04.058+0000: 69.148: [GC [PSYoungGen: 2650612K->1764K(2720704K)] 2715928K->67680K(3407680K), 0.0343470 secs] [Times: user=0.12 sys=0.01, real=0.04 secs] 
2014-07-08T06:47:11.659+0000: 76.749: [GC [PSYoungGen: 2649252K->1636K(2721280K)] 2715168K->68016K(3408256K), 0.0050370 secs] [Times: user=0.02 sys=0.00, real=0.01 secs] 
2014-07-08T06:47:18.976+0000: 84.066: [GC [PSYoungGen: 2649124K->1572K(2528512K)] 2715504K->68408K(3215488K), 0.0050520 secs] [Times: user=0.02 sys=0.00, real=0.00 secs] 
2014-07-08T06:47:25.494+0000: 90.584: [GC [PSYoungGen: 2528484K->1536K(2483328K)] 2595320K->68740K(3170304K), 0.0065890 secs] [Times: user=0.03 sys=0.00, real=0.00 secs] 
2014-07-08T06:47:30.943+0000: 96.033: [GC [PSYoungGen: 2413824K->1536K(2304896K)] 2481028K->69156K(2991872K), 0.0226990 secs] [Times: user=0.08 sys=0.00, real=0.03 secs] 
2014-07-08T06:47:35.667+0000: 100.758: [GC [PSYoungGen: 2304896K->1846K(2266496K)] 2372516K->69866K(2953472K), 0.0136990 secs] [Times: user=0.06 sys=0.01, real=0.01 secs] 
2014-07-08T06:47:39.842+0000: 104.933: [GC [PSYoungGen: 2201654K->1330K(2102720K)] 2269674K->69862K(2789696K), 0.0134570 secs] [Times: user=0.01 sys=0.01, real=0.02 secs] 
2014-07-08T06:47:44.141+0000: 109.231: [GC [PSYoungGen: 2102706K->1138K(2069376K)] 2171238K->70134K(2756352K), 0.0115570 secs] [Times: user=0.01 sys=0.01, real=0.01 secs] 
2014-07-08T06:47:48.067+0000: 113.157: [GC [PSYoungGen: 2008946K->800K(1919680K)] 2077942K->70188K(2606656K), 0.0159750 secs] [Times: user=0.02 sys=0.01, real=0.01 secs] 
2014-07-08T06:47:52.199+0000: 117.290: [GC [PSYoungGen: 1919648K->914K(1890496K)] 1989036K->70550K(2577472K), 0.0086830 secs] [Times: user=0.03 sys=0.00, real=0.01 secs] 
2014-07-08T06:47:55.985+0000: 121.076: [GC [PSYoungGen: 1835218K->1000K(1754944K)] 1904854K->70988K(2441920K), 0.0116620 secs] [Times: user=0.02 sys=0.01, real=0.02 secs] 
2014-07-08T06:47:59.781+0000: 124.871: [GC [PSYoungGen: 1754831K->1046K(1728128K)] 1824819K->71354K(2415104K), 0.0221640 secs] [Times: user=0.08 sys=0.00, real=0.02 secs] 
2014-07-08T06:48:03.225+0000: 128.316: [GC [PSYoungGen: 1678550K->864K(1605696K)] 1748858K->71404K(2292672K), 0.0179280 secs] [Times: user=0.04 sys=0.00, real=0.02 secs] 
2014-07-08T06:48:06.858+0000: 131.948: [GC [PSYoungGen: 1605664K->1220K(1580928K)] 1676204K->71984K(2267904K), 0.0058860 secs] [Times: user=0.01 sys=0.00, real=0.00 secs] 
2014-07-08T06:48:10.045+0000: 135.136: [GC [PSYoungGen: 1536896K->808K(1470784K)] 1607661K->71828K(2157760K), 0.0135830 secs] [Times: user=0.03 sys=0.00, real=0.01 secs] 
2014-07-08T06:48:13.160+0000: 138.251: [GC [PSYoungGen: 1470760K->1064K(1447488K)] 1541780K->72292K(2134464K), 0.0072650 secs] [Times: user=0.01 sys=0.00, real=0.00 secs] 
2014-07-08T06:48:16.034+0000: 141.124: [GC [PSYoungGen: 1408488K->772K(1348800K)] 1479716K->72224K(2035776K), 0.0104450 secs] [Times: user=0.02 sys=0.01, real=0.01 secs] 
2014-07-08T06:48:18.670+0000: 143.761: [GC [PSYoungGen: 1348740K->1074K(1326720K)] 1420192K->72710K(2013696K), 0.0085850 secs] [Times: user=0.02 sys=0.00, real=0.00 secs] 
2014-07-08T06:48:21.176+0000: 146.267: [GC [PSYoungGen: 1292466K->790K(1238400K)] 1364102K->72538K(1925376K), 0.0078090 secs] [Times: user=0.01 sys=0.01, real=0.01 secs] 
2014-07-08T06:48:24.012+0000: 149.102: [GC [PSYoungGen: 1238358K->1284K(1217280K)] 1310106K->73208K(1904256K), 0.0183630 secs] [Times: user=0.06 sys=0.00, real=0.01 secs] 
2014-07-08T06:48:26.747+0000: 151.838: [GC [PSYoungGen: 1187652K->1156K(1138880K)] 1259576K->73272K(1825856K), 0.0140830 secs] [Times: user=0.04 sys=0.00, real=0.02 secs] 
2014-07-08T06:48:29.097+0000: 154.187: [GC [PSYoungGen: 1138820K->786K(1118208K)] 1210936K->73094K(1805184K), 0.0042160 secs] [Times: user=0.01 sys=0.00, real=0.00 secs] 
2014-07-08T06:48:31.561+0000: 156.651: [GC [PSYoungGen: 1092114K->992K(1048256K)] 1164422K->73428K(1735232K), 0.0075220 secs] [Times: user=0.01 sys=0.00, real=0.01 secs] 
2014-07-08T06:48:34.068+0000: 159.159: [GC [PSYoungGen: 1048224K->1330K(1028672K)] 1120660K->73894K(1715648K), 0.0076360 secs] [Times: user=0.02 sys=0.00, real=0.01 secs] 
2014-07-08T06:48:36.156+0000: 161.247: [GC [PSYoungGen: 1006578K->676K(965952K)] 1079142K->73400K(1652928K), 0.0079940 secs] [Times: user=0.01 sys=0.00, real=0.01 secs] 
2014-07-08T06:48:38.450+0000: 163.541: [GC [PSYoungGen: 965924K->900K(947456K)] 1038648K->73736K(1634432K), 0.0049240 secs] [Times: user=0.01 sys=0.00, real=0.01 secs] 
2014-07-08T06:48:40.561+0000: 165.651: [GC [PSYoungGen: 928068K->946K(891904K)] 1000904K->73886K(1578880K), 0.0345560 secs] [Times: user=0.11 sys=0.00, real=0.04 secs] 
2014-07-08T06:48:42.668+0000: 167.758: [GC [PSYoungGen: 891890K->914K(874048K)] 964830K->73966K(1561024K), 0.0073830 secs] [Times: user=0.01 sys=0.00, real=0.01 secs] 
2014-07-08T06:48:44.720+0000: 169.811: [GC [PSYoungGen: 857362K->1096K(824704K)] 930414K->74284K(1511680K), 0.0089360 secs] [Times: user=0.01 sys=0.00, real=0.01 secs] 
2014-07-08T06:48:46.359+0000: 171.450: [GC [PSYoungGen: 824648K->466K(792704K)] 897836K->73830K(1479680K), 0.0084450 secs] [Times: user=0.02 sys=0.00, real=0.01 secs] 
2014-07-08T06:48:48.127+0000: 173.217: [GC [PSYoungGen: 792658K->448K(762816K)] 866022K->73884K(1449792K), 0.0079330 secs] [Times: user=0.01 sys=0.00, real=0.01 secs] 
2014-07-08T06:48:49.860+0000: 174.950: [GC [PSYoungGen: 762816K->844K(747136K)] 836252K->74368K(1434112K), 0.0085650 secs] [Times: user=0.02 sys=0.00, real=0.01 secs] 
2014-07-08T06:48:51.398+0000: 176.488: [GC [PSYoungGen: 734727K->566K(707328K)] 808252K->74178K(1394304K), 0.0366450 secs] [Times: user=0.11 sys=0.01, real=0.03 secs] 
2014-07-08T06:48:52.966+0000: 178.056: [GC [PSYoungGen: 707318K->448K(692352K)] 780930K->74172K(1379328K), 0.0061250 secs] [Times: user=0.01 sys=0.00, real=0.00 secs] 
2014-07-08T06:48:54.174+0000: 179.265: [GC [PSYoungGen: 681344K->370K(656640K)] 755068K->74310K(1343616K), 0.0076530 secs] [Times: user=0.02 sys=0.00, real=0.01 secs] 
2014-07-08T06:48:55.439+0000: 180.529: [GC [PSYoungGen: 656626K->576K(642624K)] 730566K->74636K(1329600K), 0.0148410 secs] [Times: user=0.04 sys=0.00, real=0.01 secs] 
2014-07-08T06:48:56.724+0000: 181.815: [GC [PSYoungGen: 633280K->1028K(611328K)] 707340K->75208K(1298304K), 0.0093690 secs] [Times: user=0.01 sys=0.00, real=0.01 secs] 
2014-07-08T06:48:57.958+0000: 183.049: [GC [PSYoungGen: 611258K->740K(589568K)] 685439K->75016K(1276544K), 0.0049040 secs] [Times: user=0.00 sys=0.00, real=0.00 secs] 
2014-07-08T06:48:58.968+0000: 184.058: [GC [PSYoungGen: 589540K->274K(568704K)] 663816K->74654K(1255680K), 0.0052370 secs] [Times: user=0.01 sys=0.00, real=0.00 secs] 
2014-07-08T06:49:00.066+0000: 185.156: [GC [PSYoungGen: 568658K->320K(556288K)] 643038K->74732K(1243264K), 0.0058130 secs] [Times: user=0.02 sys=0.00, real=0.01 secs] 
2014-07-08T06:49:01.100+0000: 186.190: [GC [PSYoungGen: 549172K->484K(530752K)] 623584K->74984K(1217728K), 0.0070400 secs] [Times: user=0.02 sys=0.00, real=0.00 secs] 
2014-07-08T06:49:02.056+0000: 187.146: [GC [PSYoungGen: 530724K->256K(512704K)] 605224K->74852K(1199680K), 0.0087740 secs] [Times: user=0.03 sys=0.00, real=0.01 secs] 
2014-07-08T06:49:03.028+0000: 188.119: [GC [PSYoungGen: 512704K->192K(495616K)] 587300K->74836K(1182592K), 0.0082120 secs] [Times: user=0.01 sys=0.00, real=0.00 secs] 
2014-07-08T06:49:04.108+0000: 189.198: [GC [PSYoungGen: 495616K->644K(484800K)] 570260K->75352K(1171776K), 0.0051330 secs] [Times: user=0.01 sys=0.01, real=0.00 secs] 
2014-07-08T06:49:05.071+0000: 190.161: [GC [PSYoungGen: 479770K->338K(464000K)] 554479K->75190K(1150976K), 0.0043790 secs] [Times: user=0.01 sys=0.00, real=0.00 secs] 
2014-07-08T06:49:05.918+0000: 191.008: [GC [PSYoungGen: 463954K->274K(453632K)] 538806K->75230K(1140608K), 0.0035670 secs] [Times: user=0.01 sys=0.00, real=0.00 secs] 
2014-07-08T06:49:06.742+0000: 191.832: [GC [PSYoungGen: 449042K->640K(435200K)] 523998K->75652K(1122176K), 0.0050660 secs] [Times: user=0.01 sys=0.00, real=0.01 secs] 
2014-07-08T06:49:07.401+0000: 192.492: [GC [PSYoungGen: 435200K->224K(421184K)] 510212K->75268K(1108160K), 0.0037460 secs] [Times: user=0.01 sys=0.00, real=0.00 secs] 
2014-07-08T06:49:08.233+0000: 193.323: [GC [PSYoungGen: 421152K->274K(408256K)] 496196K->75334K(1095232K), 0.0053520 secs] [Times: user=0.01 sys=0.00, real=0.01 secs] 
2014-07-08T06:49:08.959+0000: 194.050: [GC [PSYoungGen: 408210K->242K(395712K)] 483270K->75358K(1082688K), 0.0035540 secs] [Times: user=0.01 sys=0.00, real=0.00 secs] 
2014-07-08T06:49:09.844+0000: 194.934: [GC [PSYoungGen: 395698K->1302K(384832K)] 470814K->76442K(1071808K), 0.0068270 secs] [Times: user=0.01 sys=0.00, real=0.01 secs] 
2014-07-08T06:49:10.649+0000: 195.740: [GC [PSYoungGen: 384790K->864K(461120K)] 459930K->76076K(1148096K), 0.0195330 secs] [Times: user=0.06 sys=0.01, real=0.02 secs] 
2014-07-08T06:49:11.421+0000: 196.511: [GC [PSYoungGen: 461087K->452K(446016K)] 536300K->75776K(1132992K), 0.0063750 secs] [Times: user=0.02 sys=0.00, real=0.00 secs] 
2014-07-08T06:49:12.282+0000: 197.373: [GC [PSYoungGen: 445956K->452K(431936K)] 521280K->75848K(1118912K), 0.0094750 secs] [Times: user=0.04 sys=0.00, real=0.01 secs] 
2014-07-08T06:49:13.050+0000: 198.140: [GC [PSYoungGen: 431876K->320K(518080K)] 507272K->75796K(1205056K), 0.0144010 secs] [Times: user=0.05 sys=0.00, real=0.01 secs] 
2014-07-08T06:49:14.060+0000: 199.151: [GC [PSYoungGen: 518080K->320K(621632K)] 593556K->75868K(1308608K), 0.0088070 secs] [Times: user=0.03 sys=0.00, real=0.01 secs] 
2014-07-08T06:49:15.308+0000: 200.398: [GC [PSYoungGen: 621630K->484K(746112K)] 697179K->76136K(1433088K), 0.0090110 secs] [Times: user=0.03 sys=0.01, real=0.01 secs] 
2014-07-08T06:49:16.877+0000: 201.968: [GC [PSYoungGen: 746084K->434K(718400K)] 821736K->76238K(1405376K), 0.0081090 secs] [Times: user=0.03 sys=0.00, real=0.01 secs] 
2014-07-08T06:49:18.124+0000: 203.214: [GC [PSYoungGen: 718386K->256K(691840K)] 794190K->76172K(1378816K), 0.0044570 secs] [Times: user=0.01 sys=0.00, real=0.00 secs] 
2014-07-08T06:49:19.402+0000: 204.493: [GC [PSYoungGen: 691840K->192K(666624K)] 767756K->76156K(1353600K), 0.0029430 secs] [Times: user=0.00 sys=0.00, real=0.00 secs] 
2014-07-08T06:49:20.655+0000: 205.746: [GC [PSYoungGen: 666624K->594K(643072K)] 742588K->76606K(1330048K), 0.0050770 secs] [Times: user=0.01 sys=0.00, real=0.01 secs] 
2014-07-08T06:49:21.926+0000: 207.016: [GC [PSYoungGen: 643026K->722K(620288K)] 719038K->76830K(1307264K), 0.0062350 secs] [Times: user=0.01 sys=0.01, real=0.01 secs] 
2014-07-08T06:49:23.123+0000: 208.214: [GC [PSYoungGen: 620242K->288K(598016K)] 696350K->76524K(1284992K), 0.0123550 secs] [Times: user=0.05 sys=0.01, real=0.01 secs] 
2014-07-08T06:49:24.170+0000: 209.260: [GC [PSYoungGen: 597984K->224K(577088K)] 674220K->76548K(1264064K), 0.0036290 secs] [Times: user=0.01 sys=0.00, real=0.01 secs] 
2014-07-08T06:49:25.261+0000: 210.351: [GC [PSYoungGen: 577056K->320K(557248K)] 653380K->76716K(1244224K), 0.0042310 secs] [Times: user=0.01 sys=0.00, real=0.00 secs] 
2014-07-08T06:49:26.217+0000: 211.307: [GC [PSYoungGen: 557248K->324K(538304K)] 633644K->76840K(1225280K), 0.0038150 secs] [Times: user=0.01 sys=0.01, real=0.01 secs] 
2014-07-08T06:49:27.203+0000: 212.294: [GC [PSYoungGen: 538244K->370K(520128K)] 614760K->76934K(1207104K), 0.0043130 secs] [Times: user=0.01 sys=0.00, real=0.00 secs] 
2014-07-08T06:49:28.142+0000: 213.233: [GC [PSYoungGen: 520111K->388K(502848K)] 596676K->77008K(1189824K), 0.0057220 secs] [Times: user=0.01 sys=0.00, real=0.00 secs] 
2014-07-08T06:49:29.179+0000: 214.269: [GC [PSYoungGen: 502788K->338K(486208K)] 579408K->77014K(1173184K), 0.0086990 secs] [Times: user=0.03 sys=0.01, real=0.01 secs] 
2014-07-08T06:49:30.106+0000: 215.196: [GC [PSYoungGen: 486162K->192K(470208K)] 562838K->76940K(1157184K), 0.0116620 secs] [Times: user=0.04 sys=0.01, real=0.01 secs] 
2014-07-08T06:49:30.975+0000: 216.066: [GC [PSYoungGen: 470208K->288K(455168K)] 546956K->77092K(1142144K), 0.0063080 secs] [Times: user=0.02 sys=0.01, real=0.01 secs] 
2014-07-08T06:49:31.825+0000: 216.916: [GC [PSYoungGen: 455136K->530K(440960K)] 531940K->77438K(1127936K), 0.0065040 secs] [Times: user=0.01 sys=0.00, real=0.01 secs] 
2014-07-08T06:49:32.613+0000: 217.704: [GC [PSYoungGen: 440914K->804K(427328K)] 517822K->77776K(1114304K), 0.0039660 secs] [Times: user=0.01 sys=0.00, real=0.00 secs] 
2014-07-08T06:49:33.323+0000: 218.414: [GC [PSYoungGen: 427300K->224K(413504K)] 504272K->77236K(1100480K), 0.0036430 secs] [Times: user=0.01 sys=0.00, real=0.00 secs] 
2014-07-08T06:49:34.115+0000: 219.206: [GC [PSYoungGen: 413472K->224K(400832K)] 490484K->77284K(1087808K), 0.0030680 secs] [Times: user=0.01 sys=0.00, real=0.00 secs] 
2014-07-08T06:49:35.018+0000: 220.109: [GC [PSYoungGen: 400800K->704K(389120K)] 477860K->77836K(1076096K), 0.0043490 secs] [Times: user=0.01 sys=0.01, real=0.01 secs] 
2014-07-08T06:49:35.667+0000: 220.757: [GC [PSYoungGen: 389119K->352K(377152K)] 466251K->77612K(1064128K), 0.0041670 secs] [Times: user=0.01 sys=0.00, real=0.00 secs] 
2014-07-08T06:49:36.281+0000: 221.371: [GC [PSYoungGen: 377120K->192K(365824K)] 454380K->77484K(1052800K), 0.0033290 secs] [Times: user=0.01 sys=0.00, real=0.01 secs] 
2014-07-08T06:49:36.992+0000: 222.083: [GC [PSYoungGen: 365821K->256K(355200K)] 443114K->77572K(1042176K), 0.0062200 secs] [Times: user=0.02 sys=0.00, real=0.00 secs] 
2014-07-08T06:49:37.600+0000: 222.691: [GC [PSYoungGen: 355199K->498K(345216K)] 432516K->77854K(1032192K), 0.0068350 secs] [Times: user=0.02 sys=0.00, real=0.01 secs] 
2014-07-08T06:49:38.200+0000: 223.290: [GC [PSYoungGen: 345202K->160K(335040K)] 422558K->77524K(1022016K), 0.0052740 secs] [Times: user=0.01 sys=0.00, real=0.01 secs] 
2014-07-08T06:49:38.865+0000: 223.955: [GC [PSYoungGen: 335008K->448K(325888K)] 412372K->77876K(1012864K), 0.0055370 secs] [Times: user=0.02 sys=0.00, real=0.00 secs] 
2014-07-08T06:49:39.359+0000: 224.450: [GC [PSYoungGen: 325888K->370K(316800K)] 403316K->77838K(1003776K), 0.0062010 secs] [Times: user=0.02 sys=0.00, real=0.01 secs] 
2014-07-08T06:49:40.106+0000: 225.196: [GC [PSYoungGen: 316786K->836K(308608K)] 394254K->78320K(995584K), 0.0051160 secs] [Times: user=0.01 sys=0.00, real=0.00 secs] 
2014-07-08T06:49:40.854+0000: 225.944: [GC [PSYoungGen: 308548K->548K(299968K)] 386032K->78112K(986944K), 0.0036870 secs] [Times: user=0.00 sys=0.00, real=0.00 secs] 
2014-07-08T06:49:41.408+0000: 226.499: [GC [PSYoungGen: 299874K->352K(359680K)] 377439K->78044K(1046656K), 0.0182320 secs] [Times: user=0.06 sys=0.00, real=0.02 secs] 
2014-07-08T06:49:42.121+0000: 227.211: [GC [PSYoungGen: 359648K->242K(431424K)] 437340K->77966K(1118400K), 0.0055570 secs] [Times: user=0.01 sys=0.00, real=0.01 secs] 
2014-07-08T06:49:43.000+0000: 228.090: [GC [PSYoungGen: 431410K->256K(417984K)] 509134K->78044K(1104960K), 0.0033020 secs] [Times: user=0.01 sys=0.00, real=0.01 secs] 
2014-07-08T06:49:43.822+0000: 228.912: [GC [PSYoungGen: 417984K->662K(405568K)] 495772K->78530K(1092544K), 0.0036740 secs] [Times: user=0.01 sys=0.01, real=0.01 secs] 
2014-07-08T06:49:44.455+0000: 229.545: [GC [PSYoungGen: 405526K->448K(392960K)] 483394K->78388K(1079936K), 0.0033440 secs] [Times: user=0.01 sys=0.00, real=0.00 secs] 
2014-07-08T06:49:45.259+0000: 230.350: [GC [PSYoungGen: 392958K->320K(380992K)] 470899K->78300K(1067968K), 0.0056380 secs] [Times: user=0.02 sys=0.00, real=0.01 secs] 
2014-07-08T06:49:45.977+0000: 231.068: [GC [PSYoungGen: 380992K->530K(369920K)] 458972K->78614K(1056896K), 0.0037640 secs] [Times: user=0.01 sys=0.00, real=0.00 secs] 
2014-07-08T06:49:46.646+0000: 231.737: [GC [PSYoungGen: 369871K->886K(359424K)] 447956K->79066K(1046400K), 0.0039210 secs] [Times: user=0.01 sys=0.00, real=0.00 secs] 
2014-07-08T06:49:47.336+0000: 232.427: [GC [PSYoungGen: 359414K->224K(348416K)] 437594K->78436K(1035392K), 0.0057390 secs] [Times: user=0.00 sys=0.00, real=0.00 secs] 
2014-07-08T06:49:47.973+0000: 233.063: [GC [PSYoungGen: 348359K->448K(338624K)] 426572K->78724K(1025600K), 0.0079470 secs] [Times: user=0.02 sys=0.00, real=0.01 secs] 
2014-07-08T06:49:48.557+0000: 233.647: [GC [PSYoungGen: 338624K->498K(329152K)] 416900K->78798K(1016128K), 0.0032800 secs] [Times: user=0.01 sys=0.00, real=0.00 secs] 
2014-07-08T06:49:49.157+0000: 234.247: [GC [PSYoungGen: 329096K->388K(319936K)] 407396K->78728K(1006912K), 0.0036170 secs] [Times: user=0.02 sys=0.00, real=0.00 secs] 
2014-07-08T06:49:49.800+0000: 234.891: [GC [PSYoungGen: 319876K->480K(311168K)] 398216K->78852K(998144K), 0.0043020 secs] [Times: user=0.01 sys=0.00, real=0.01 secs] 
2014-07-08T06:49:50.379+0000: 235.469: [GC [PSYoungGen: 311136K->320K(302528K)] 389508K->78740K(989504K), 0.0046560 secs] [Times: user=0.02 sys=0.00, real=0.00 secs] 
2014-07-08T06:49:50.982+0000: 236.072: [GC [PSYoungGen: 302524K->192K(294272K)] 380945K->78660K(981248K), 0.0035910 secs] [Times: user=0.01 sys=0.00, real=0.01 secs] 
2014-07-08T06:49:51.439+0000: 236.530: [GC [PSYoungGen: 294272K->256K(286528K)] 372740K->78788K(973504K), 0.0062400 secs] [Times: user=0.01 sys=0.00, real=0.01 secs] 
2014-07-08T06:49:51.974+0000: 237.064: [GC [PSYoungGen: 286528K->512K(279296K)] 365060K->79060K(966272K), 0.0079580 secs] [Times: user=0.01 sys=0.00, real=0.00 secs] 
2014-07-08T06:49:52.404+0000: 237.495: [GC [PSYoungGen: 279296K->242K(271808K)] 357844K->78830K(958784K), 0.0036230 secs] [Times: user=0.01 sys=0.00, real=0.00 secs] 
2014-07-08T06:49:53.085+0000: 238.175: [GC [PSYoungGen: 271794K->754K(265408K)] 350382K->79382K(952384K), 0.0061610 secs] [Times: user=0.02 sys=0.00, real=0.00 secs] 
2014-07-08T06:49:53.540+0000: 238.631: [GC [PSYoungGen: 265394K->512K(258496K)] 344022K->79236K(945472K), 0.0034220 secs] [Times: user=0.01 sys=0.00, real=0.00 secs] 
2014-07-08T06:49:53.993+0000: 239.084: [GC [PSYoungGen: 258496K->224K(251840K)] 337220K->78980K(938816K), 0.0054430 secs] [Times: user=0.01 sys=0.00, real=0.01 secs] 
2014-07-08T06:49:54.390+0000: 239.480: [GC [PSYoungGen: 251808K->192K(245568K)] 330564K->78980K(932544K), 0.0037650 secs] [Times: user=0.01 sys=0.00, real=0.00 secs] 
2014-07-08T06:49:54.929+0000: 240.019: [GC [PSYoungGen: 245568K->192K(239616K)] 324356K->78996K(926592K), 0.0036470 secs] [Times: user=0.01 sys=0.01, real=0.00 secs] 
2014-07-08T06:49:55.361+0000: 240.452: [GC [PSYoungGen: 239616K->274K(287680K)] 318420K->79158K(974656K), 0.0324050 secs] [Times: user=0.11 sys=0.00, real=0.03 secs] 
2014-07-08T06:49:55.934+0000: 241.024: [GC [PSYoungGen: 287634K->224K(345088K)] 366518K->79156K(1032064K), 0.0029190 secs] [Times: user=0.01 sys=0.00, real=0.01 secs] 
2014-07-08T06:49:56.495+0000: 241.585: [GC [PSYoungGen: 345056K->484K(414336K)] 423988K->79456K(1101312K), 0.0043810 secs] [Times: user=0.01 sys=0.00, real=0.01 secs] 
2014-07-08T06:49:57.269+0000: 242.360: [GC [PSYoungGen: 414308K->192K(496832K)] 493280K->79188K(1183808K), 0.0083440 secs] [Times: user=0.03 sys=0.00, real=0.01 secs] 
2014-07-08T06:49:58.149+0000: 243.239: [GC [PSYoungGen: 496832K->274K(596288K)] 575828K->79342K(1283264K), 0.0055340 secs] [Times: user=0.02 sys=0.00, real=0.00 secs] 
2014-07-08T06:49:59.391+0000: 244.481: [GC [PSYoungGen: 596238K->320K(715520K)] 675307K->79428K(1402496K), 0.0203540 secs] [Times: user=0.07 sys=0.01, real=0.02 secs] 
2014-07-08T06:50:00.784+0000: 245.874: [GC [PSYoungGen: 715518K->402K(858688K)] 794627K->79590K(1545664K), 0.0218170 secs] [Times: user=0.07 sys=0.00, real=0.02 secs] 
2014-07-08T06:50:02.224+0000: 247.315: [GC [PSYoungGen: 858642K->192K(1030080K)] 937830K->79484K(1717056K), 0.0040840 secs] [Times: user=0.01 sys=0.00, real=0.01 secs] 
2014-07-08T06:50:04.063+0000: 249.153: [GC [PSYoungGen: 1030080K->338K(989120K)] 1109372K->79686K(1676096K), 0.0061790 secs] [Times: user=0.01 sys=0.00, real=0.01 secs] 
2014-07-08T06:50:06.037+0000: 251.127: [GC [PSYoungGen: 989074K->384K(949952K)] 1068422K->79836K(1636928K), 0.0071540 secs] [Times: user=0.01 sys=0.00, real=0.00 secs] 
2014-07-08T06:50:07.743+0000: 252.833: [GC [PSYoungGen: 949886K->644K(912960K)] 1029339K->80280K(1599936K), 0.0050970 secs] [Times: user=0.01 sys=0.00, real=0.01 secs] 
2014-07-08T06:50:09.329+0000: 254.419: [GC [PSYoungGen: 912900K->470K(877248K)] 992536K->80170K(1564224K), 0.0052480 secs] [Times: user=0.02 sys=0.00, real=0.00 secs] 
2014-07-08T06:50:11.128+0000: 256.218: [GC [PSYoungGen: 877206K->370K(843264K)] 956906K->80198K(1530240K), 0.0105060 secs] [Times: user=0.04 sys=0.00, real=0.01 secs] 
2014-07-08T06:50:12.571+0000: 257.662: [GC [PSYoungGen: 843215K->726K(811392K)] 923044K->80754K(1498368K), 0.0115930 secs] [Times: user=0.03 sys=0.00, real=0.01 secs] 
2014-07-08T06:50:14.061+0000: 259.151: [GC [PSYoungGen: 811350K->288K(780224K)] 891378K->80396K(1467200K), 0.0037630 secs] [Times: user=0.01 sys=0.00, real=0.00 secs] 
2014-07-08T06:50:15.483+0000: 260.573: [GC [PSYoungGen: 780192K->626K(751296K)] 860300K->80830K(1438272K), 0.0057470 secs] [Times: user=0.02 sys=0.00, real=0.01 secs] 
2014-07-08T06:50:17.034+0000: 262.125: [GC [PSYoungGen: 751236K->768K(723520K)] 831441K->81108K(1410496K), 0.0038550 secs] [Times: user=0.01 sys=0.00, real=0.01 secs] 
2014-07-08T06:50:18.353+0000: 263.444: [GC [PSYoungGen: 723520K->256K(696384K)] 803860K->80708K(1383360K), 0.0039410 secs] [Times: user=0.00 sys=0.00, real=0.00 secs] 
2014-07-08T06:50:19.631+0000: 264.722: [GC [PSYoungGen: 696382K->544K(671360K)] 776835K->81092K(1358336K), 0.0082220 secs] [Times: user=0.01 sys=0.00, real=0.01 secs] 
2014-07-08T06:50:20.899+0000: 265.990: [GC [PSYoungGen: 671328K->256K(646848K)] 751876K->80852K(1333824K), 0.0077530 secs] [Times: user=0.02 sys=0.00, real=0.00 secs] 
2014-07-08T06:50:22.035+0000: 267.125: [GC [PSYoungGen: 646840K->288K(623808K)] 727437K->81020K(1310784K), 0.0097560 secs] [Times: user=0.03 sys=0.00, real=0.01 secs] 
2014-07-08T06:50:23.272+0000: 268.362: [GC [PSYoungGen: 623776K->288K(601792K)] 704508K->81084K(1288768K), 0.0043390 secs] [Times: user=0.01 sys=0.00, real=0.00 secs] 
2014-07-08T06:50:24.293+0000: 269.384: [GC [PSYoungGen: 601760K->224K(580736K)] 682556K->81132K(1267712K), 0.0094430 secs] [Times: user=0.03 sys=0.00, real=0.01 secs] 
2014-07-08T06:50:25.363+0000: 270.453: [GC [PSYoungGen: 580704K->466K(560896K)] 661612K->81430K(1247872K), 0.0045670 secs] [Times: user=0.01 sys=0.00, real=0.00 secs] 
2014-07-08T06:50:26.412+0000: 271.502: [GC [PSYoungGen: 560850K->256K(541504K)] 641814K->81300K(1228480K), 0.0106080 secs] [Times: user=0.03 sys=0.00, real=0.01 secs] 
2014-07-08T06:50:27.378+0000: 272.468: [GC [PSYoungGen: 541504K->516K(523520K)] 622548K->81672K(1210496K), 0.0064520 secs] [Times: user=0.01 sys=0.00, real=0.01 secs] 
2014-07-08T06:50:28.340+0000: 273.430: [GC [PSYoungGen: 523460K->288K(627904K)] 604616K->81500K(1314880K), 0.0197460 secs] [Times: user=0.06 sys=0.00, real=0.01 secs] 
2014-07-08T06:50:29.688+0000: 274.779: [GC [PSYoungGen: 627872K->576K(605952K)] 709084K->81844K(1292928K), 0.0070520 secs] [Times: user=0.03 sys=0.00, real=0.01 secs] 
2014-07-08T06:50:30.856+0000: 275.946: [GC [PSYoungGen: 605952K->818K(585024K)] 687220K->82198K(1272000K), 0.0083110 secs] [Times: user=0.03 sys=0.00, real=0.01 secs] 
2014-07-08T06:50:31.879+0000: 276.970: [GC [PSYoungGen: 585010K->338K(564352K)] 666390K->81830K(1251328K), 0.0034520 secs] [Times: user=0.01 sys=0.00, real=0.01 secs] 
2014-07-08T06:50:32.881+0000: 277.971: [GC [PSYoungGen: 564306K->320K(544960K)] 645798K->81884K(1231936K), 0.0061170 secs] [Times: user=0.01 sys=0.00, real=0.00 secs] 
2014-07-08T06:50:33.852+0000: 278.942: [GC [PSYoungGen: 544960K->352K(526592K)] 626524K->82004K(1213568K), 0.0055510 secs] [Times: user=0.01 sys=0.00, real=0.00 secs] 
2014-07-08T06:50:34.859+0000: 279.950: [GC [PSYoungGen: 526560K->868K(509504K)] 608212K->82816K(1196480K), 0.0101730 secs] [Times: user=0.03 sys=0.00, real=0.01 secs] 
2014-07-08T06:50:35.846+0000: 280.937: [GC [PSYoungGen: 509476K->352K(492160K)] 591424K->82404K(1179136K), 0.0098500 secs] [Times: user=0.03 sys=0.00, real=0.01 secs] 
2014-07-08T06:50:36.687+0000: 281.777: [GC [PSYoungGen: 492128K->818K(476480K)] 574180K->83006K(1163456K), 0.0045090 secs] [Times: user=0.01 sys=0.01, real=0.01 secs] 
2014-07-08T06:50:37.487+0000: 282.577: [GC [PSYoungGen: 476445K->626K(460864K)] 558634K->82838K(1147840K), 0.0045960 secs] [Times: user=0.01 sys=0.01, real=0.01 secs] 
2014-07-08T06:50:38.280+0000: 283.370: [GC [PSYoungGen: 460850K->192K(445696K)] 543062K->82436K(1132672K), 0.0035950 secs] [Times: user=0.01 sys=0.00, real=0.01 secs] 
2014-07-08T06:50:39.122+0000: 284.212: [GC [PSYoungGen: 445696K->224K(431680K)] 527940K->82500K(1118656K), 0.0061810 secs] [Times: user=0.00 sys=0.00, real=0.00 secs] 
2014-07-08T06:50:39.923+0000: 285.014: [GC [PSYoungGen: 431646K->192K(418112K)] 513923K->82500K(1105088K), 0.0038080 secs] [Times: user=0.01 sys=0.00, real=0.00 secs] 
2014-07-08T06:50:40.789+0000: 285.879: [GC [PSYoungGen: 418112K->1088K(406144K)] 500420K->83436K(1093120K), 0.0126300 secs] [Times: user=0.05 sys=0.00, real=0.01 secs] 
2014-07-08T06:50:41.450+0000: 286.540: [GC [PSYoungGen: 406144K->370K(486464K)] 488492K->82822K(1173440K), 0.0115420 secs] [Times: user=0.04 sys=0.00, real=0.01 secs] 
2014-07-08T06:50:42.311+0000: 287.401: [GC [PSYoungGen: 486450K->192K(470400K)] 568902K->82708K(1157376K), 0.0063800 secs] [Times: user=0.01 sys=0.00, real=0.01 secs] 
2014-07-08T06:50:43.204+0000: 288.294: [GC [PSYoungGen: 470400K->288K(455360K)] 552916K->82868K(1142336K), 0.0061030 secs] [Times: user=0.01 sys=0.01, real=0.00 secs] 
2014-07-08T06:50:44.072+0000: 289.163: [GC [PSYoungGen: 455328K->256K(546304K)] 537908K->82916K(1233280K), 0.0156180 secs] [Times: user=0.06 sys=0.01, real=0.01 secs] 
2014-07-08T06:50:45.043+0000: 290.133: [GC [PSYoungGen: 546304K->224K(527808K)] 628964K->82948K(1214784K), 0.0065920 secs] [Times: user=0.01 sys=0.00, real=0.00 secs] 
2014-07-08T06:50:46.205+0000: 291.295: [GC [PSYoungGen: 527776K->676K(510592K)] 610500K->83464K(1197568K), 0.0042080 secs] [Times: user=0.01 sys=0.00, real=0.00 secs] 
2014-07-08T06:50:47.071+0000: 292.161: [GC [PSYoungGen: 510564K->192K(493184K)] 593352K->83092K(1180160K), 0.0082550 secs] [Times: user=0.03 sys=0.01, real=0.01 secs] 
2014-07-08T06:50:47.996+0000: 293.086: [GC [PSYoungGen: 493184K->274K(477184K)] 576084K->83206K(1164160K), 0.0085590 secs] [Times: user=0.04 sys=0.00, real=0.01 secs] 
2014-07-08T06:50:48.893+0000: 293.984: [GC [PSYoungGen: 477138K->256K(461696K)] 560070K->83252K(1148672K), 0.0061960 secs] [Times: user=0.03 sys=0.00, real=0.00 secs] 
2014-07-08T06:50:49.699+0000: 294.789: [GC [PSYoungGen: 461696K->448K(447104K)] 544692K->83492K(1134080K), 0.0114790 secs] [Times: user=0.04 sys=0.00, real=0.01 secs] 
2014-07-08T06:50:50.415+0000: 295.506: [GC [PSYoungGen: 447102K->356K(432896K)] 530147K->83416K(1119872K), 0.0040400 secs] [Times: user=0.01 sys=0.01, real=0.00 secs] 
2014-07-08T06:50:51.307+0000: 296.397: [GC [PSYoungGen: 432868K->256K(419264K)] 515928K->83356K(1106240K), 0.0101300 secs] [Times: user=0.04 sys=0.00, real=0.01 secs] 
2014-07-08T06:50:52.234+0000: 297.324: [GC [PSYoungGen: 419264K->402K(503296K)] 502364K->83614K(1190272K), 0.0142360 secs] [Times: user=0.05 sys=0.00, real=0.01 secs] 
2014-07-08T06:50:53.199+0000: 298.289: [GC [PSYoungGen: 503250K->288K(603776K)] 586462K->83604K(1290752K), 0.0096800 secs] [Times: user=0.04 sys=0.00, real=0.01 secs] 
2014-07-08T06:50:54.281+0000: 299.371: [GC [PSYoungGen: 603744K->256K(582592K)] 687060K->83644K(1269568K), 0.0074740 secs] [Times: user=0.02 sys=0.00, real=0.01 secs] 
2014-07-08T06:50:55.358+0000: 300.448: [GC [PSYoungGen: 582495K->370K(562560K)] 665884K->83822K(1249536K), 0.0040770 secs] [Times: user=0.00 sys=0.00, real=0.00 secs] 
2014-07-08T06:50:56.408+0000: 301.499: [GC [PSYoungGen: 562546K->288K(543232K)] 645998K->83844K(1230208K), 0.0033170 secs] [Times: user=0.01 sys=0.00, real=0.00 secs] 
2014-07-08T06:50:57.387+0000: 302.477: [GC [PSYoungGen: 543200K->192K(524736K)] 626756K->83812K(1211712K), 0.0040260 secs] [Times: user=0.01 sys=0.00, real=0.00 secs] 
2014-07-08T06:50:58.463+0000: 303.553: [GC [PSYoungGen: 524736K->448K(629952K)] 608356K->84132K(1316928K), 0.0311130 secs] [Times: user=0.11 sys=0.00, real=0.03 secs] 
2014-07-08T06:50:59.621+0000: 304.711: [GC [PSYoungGen: 629952K->480K(755968K)] 713636K->84236K(1442944K), 0.0127200 secs] [Times: user=0.04 sys=0.00, real=0.01 secs] 
2014-07-08T06:51:01.079+0000: 306.169: [GC [PSYoungGen: 755936K->434K(727744K)] 839692K->84230K(1414720K), 0.0048780 secs] [Times: user=0.01 sys=0.00, real=0.00 secs] 
2014-07-08T06:51:02.273+0000: 307.364: [GC [PSYoungGen: 727730K->224K(700736K)] 811526K->84148K(1387712K), 0.0037520 secs] [Times: user=0.01 sys=0.00, real=0.01 secs] 
2014-07-08T06:51:03.544+0000: 308.634: [GC [PSYoungGen: 700704K->548K(675456K)] 784628K->84536K(1362432K), 0.0093910 secs] [Times: user=0.03 sys=0.00, real=0.01 secs] 
2014-07-08T06:51:04.886+0000: 309.977: [GC [PSYoungGen: 675428K->758K(651264K)] 759416K->85114K(1338240K), 0.0187330 secs] [Times: user=0.07 sys=0.00, real=0.02 secs] 
2014-07-08T06:51:06.109+0000: 311.199: [GC [PSYoungGen: 651254K->256K(627520K)] 735610K->84908K(1314496K), 0.0036150 secs] [Times: user=0.01 sys=0.00, real=0.00 secs] 
2014-07-08T06:51:07.243+0000: 312.333: [GC [PSYoungGen: 627520K->712K(605824K)] 712172K->85548K(1292800K), 0.0039190 secs] [Times: user=0.01 sys=0.00, real=0.01 secs] 
2014-07-08T06:51:08.288+0000: 313.378: [GC [PSYoungGen: 605768K->192K(584064K)] 690604K->85100K(1271040K), 0.0058870 secs] [Times: user=0.01 sys=0.00, real=0.00 secs] 
2014-07-08T06:51:09.357+0000: 314.447: [GC [PSYoungGen: 583969K->274K(563968K)] 668878K->85230K(1250944K), 0.0080940 secs] [Times: user=0.03 sys=0.00, real=0.00 secs] 
2014-07-08T06:51:10.574+0000: 315.665: [GC [PSYoungGen: 563922K->516K(544896K)] 648878K->85512K(1231872K), 0.0056940 secs] [Times: user=0.01 sys=0.00, real=0.01 secs] 
2014-07-08T06:51:11.634+0000: 316.725: [GC [PSYoungGen: 544741K->698K(526592K)] 629738K->85806K(1213568K), 0.0128050 secs] [Times: user=0.05 sys=0.00, real=0.02 secs] 
2014-07-08T06:51:12.570+0000: 317.661: [GC [PSYoungGen: 526586K->448K(508736K)] 611694K->85636K(1195712K), 0.0133480 secs] [Times: user=0.05 sys=0.01, real=0.01 secs] 
2014-07-08T06:51:13.506+0000: 318.596: [GC [PSYoungGen: 508736K->484K(491968K)] 593924K->85728K(1178944K), 0.0046890 secs] [Times: user=0.01 sys=0.00, real=0.01 secs] 
2014-07-08T06:51:14.397+0000: 319.487: [GC [PSYoungGen: 491940K->274K(475712K)] 577184K->85574K(1162688K), 0.0096490 secs] [Times: user=0.03 sys=0.00, real=0.00 secs] 
2014-07-08T06:51:15.291+0000: 320.382: [GC [PSYoungGen: 475666K->224K(460288K)] 560966K->85564K(1147264K), 0.0058330 secs] [Times: user=0.00 sys=0.00, real=0.01 secs] 
2014-07-08T06:51:16.327+0000: 321.418: [GC [PSYoungGen: 460256K->434K(445760K)] 545596K->85854K(1132736K), 0.0082870 secs] [Times: user=0.03 sys=0.00, real=0.01 secs] 
2014-07-08T06:51:17.122+0000: 322.213: [GC [PSYoungGen: 445746K->352K(534784K)] 531166K->85900K(1221760K), 0.0337530 secs] [Times: user=0.12 sys=0.00, real=0.03 secs] 
2014-07-08T06:51:18.109+0000: 323.199: [GC [PSYoungGen: 534752K->242K(641536K)] 620300K->85822K(1328512K), 0.0034180 secs] [Times: user=0.01 sys=0.00, real=0.00 secs] 
2014-07-08T06:51:19.303+0000: 324.393: [GC [PSYoungGen: 641522K->406K(769984K)] 727102K->86026K(1456960K), 0.0099700 secs] [Times: user=0.04 sys=0.01, real=0.01 secs] 
2014-07-08T06:51:20.804+0000: 325.895: [GC [PSYoungGen: 769942K->736K(741504K)] 855562K->86396K(1428480K), 0.0046420 secs] [Times: user=0.02 sys=0.00, real=0.01 secs] 
2014-07-08T06:51:22.296+0000: 327.387: [GC [PSYoungGen: 741472K->288K(713600K)] 827132K->86036K(1400576K), 0.0037180 secs] [Times: user=0.01 sys=0.00, real=0.01 secs] 
2014-07-08T06:51:23.674+0000: 328.764: [GC [PSYoungGen: 713475K->748K(856704K)] 799223K->86728K(1543680K), 0.0277060 secs] [Times: user=0.10 sys=0.00, real=0.03 secs] 
2014-07-08T06:51:25.322+0000: 330.413: [GC [PSYoungGen: 856683K->274K(823424K)] 942664K->86318K(1510400K), 0.0043140 secs] [Times: user=0.01 sys=0.00, real=0.00 secs] 
2014-07-08T06:51:26.993+0000: 332.083: [GC [PSYoungGen: 823378K->256K(792064K)] 909422K->86420K(1479040K), 0.0048890 secs] [Times: user=0.01 sys=0.00, real=0.00 secs] 
2014-07-08T06:51:28.600+0000: 333.690: [GC [PSYoungGen: 792064K->882K(762880K)] 878228K->87142K(1449856K), 0.0046090 secs] [Times: user=0.02 sys=0.01, real=0.00 secs] 
2014-07-08T06:51:30.173+0000: 335.263: [GC [PSYoungGen: 762769K->306K(733888K)] 849030K->86606K(1420864K), 0.0069740 secs] [Times: user=0.01 sys=0.00, real=0.01 secs] 
2014-07-08T06:51:31.704+0000: 336.795: [GC [PSYoungGen: 733874K->576K(707008K)] 820174K->87004K(1393984K), 0.0055810 secs] [Times: user=0.01 sys=0.00, real=0.01 secs] 
2014-07-08T06:51:33.100+0000: 338.191: [GC [PSYoungGen: 707008K->324K(680960K)] 793436K->86872K(1367936K), 0.0069930 secs] [Times: user=0.01 sys=0.00, real=0.00 secs] 
2014-07-08T06:51:34.484+0000: 339.575: [GC [PSYoungGen: 680900K->434K(656384K)] 767448K->87062K(1343360K), 0.0068490 secs] [Times: user=0.01 sys=0.00, real=0.01 secs] 
2014-07-08T06:51:35.868+0000: 340.958: [GC [PSYoungGen: 656277K->292K(632768K)] 742906K->86992K(1319744K), 0.0040160 secs] [Times: user=0.01 sys=0.00, real=0.01 secs] 
2014-07-08T06:51:37.158+0000: 342.248: [GC [PSYoungGen: 632740K->448K(610432K)] 719440K->87260K(1297408K), 0.0046500 secs] [Times: user=0.01 sys=0.00, real=0.01 secs] 
2014-07-08T06:51:38.383+0000: 343.473: [GC [PSYoungGen: 610432K->292K(588864K)] 697244K->87176K(1275840K), 0.0117410 secs] [Times: user=0.04 sys=0.00, real=0.01 secs] 
2014-07-08T06:51:39.633+0000: 344.723: [GC [PSYoungGen: 588836K->676K(568832K)] 675720K->87592K(1255808K), 0.0087040 secs] [Times: user=0.02 sys=0.00, real=0.01 secs] 
2014-07-08T06:51:40.798+0000: 345.888: [GC [PSYoungGen: 568804K->704K(549312K)] 655720K->87668K(1236288K), 0.0044570 secs] [Times: user=0.02 sys=0.00, real=0.01 secs] 
2014-07-08T06:51:41.989+0000: 347.080: [GC [PSYoungGen: 549312K->320K(530304K)] 636276K->87372K(1217280K), 0.0050320 secs] [Times: user=0.01 sys=0.00, real=0.01 secs] 
2014-07-08T06:51:43.043+0000: 348.134: [GC [PSYoungGen: 530304K->452K(512704K)] 617356K->87648K(1199680K), 0.0114170 secs] [Times: user=0.04 sys=0.01, real=0.01 secs] 
2014-07-08T06:51:44.096+0000: 349.186: [GC [PSYoungGen: 512644K->260K(495488K)] 599840K->87520K(1182464K), 0.0040420 secs] [Times: user=0.01 sys=0.00, real=0.00 secs] 
2014-07-08T06:51:45.103+0000: 350.194: [GC [PSYoungGen: 495428K->402K(479360K)] 582688K->87758K(1166336K), 0.0069350 secs] [Times: user=0.01 sys=0.00, real=0.00 secs] 
2014-07-08T06:51:46.081+0000: 351.171: [GC [PSYoungGen: 479314K->256K(463616K)] 566670K->87700K(1150592K), 0.0167340 secs] [Times: user=0.06 sys=0.00, real=0.02 secs] 
2014-07-08T06:51:47.222+0000: 352.312: [GC [PSYoungGen: 463616K->658K(556736K)] 551060K->88174K(1243712K), 0.0273650 secs] [Times: user=0.09 sys=0.00, real=0.03 secs] 
2014-07-08T06:51:48.229+0000: 353.319: [GC [PSYoungGen: 556690K->374K(667648K)] 644206K->88018K(1354624K), 0.0091540 secs] [Times: user=0.03 sys=0.00, real=0.01 secs] 
2014-07-08T06:51:49.690+0000: 354.781: [GC [PSYoungGen: 667638K->658K(801472K)] 755282K->88342K(1488448K), 0.0078630 secs] [Times: user=0.02 sys=0.00, real=0.01 secs] 
2014-07-08T06:51:51.356+0000: 356.446: [GC [PSYoungGen: 801426K->292K(770816K)] 889110K->88024K(1457792K), 0.0051410 secs] [Times: user=0.01 sys=0.00, real=0.00 secs] 
2014-07-08T06:51:53.054+0000: 358.144: [GC [PSYoungGen: 770786K->608K(742272K)] 858519K->88436K(1429248K), 0.0045160 secs] [Times: user=0.01 sys=0.00, real=0.00 secs] 
2014-07-08T06:51:54.585+0000: 359.675: [GC [PSYoungGen: 742240K->612K(714816K)] 830068K->88592K(1401792K), 0.0144170 secs] [Times: user=0.04 sys=0.01, real=0.01 secs] 
2014-07-08T06:51:56.097+0000: 361.188: [GC [PSYoungGen: 714788K->192K(688192K)] 802768K->88268K(1375168K), 0.0133510 secs] [Times: user=0.05 sys=0.00, real=0.01 secs] 
2014-07-08T06:51:57.584+0000: 362.674: [GC [PSYoungGen: 688192K->704K(663680K)] 776268K->88876K(1350656K), 0.0049090 secs] [Times: user=0.01 sys=0.00, real=0.00 secs] 
2014-07-08T06:51:58.970+0000: 364.061: [GC [PSYoungGen: 663680K->242K(639424K)] 751852K->88494K(1326400K), 0.0073000 secs] [Times: user=0.01 sys=0.00, real=0.01 secs] 
2014-07-08T06:52:00.339+0000: 365.430: [GC [PSYoungGen: 639410K->306K(616768K)] 727662K->88630K(1303744K), 0.0119190 secs] [Times: user=0.04 sys=0.00, real=0.01 secs] 
2014-07-08T06:52:01.651+0000: 366.742: [GC [PSYoungGen: 616754K->580K(595392K)] 705078K->89000K(1282368K), 0.0060350 secs] [Times: user=0.02 sys=0.00, real=0.01 secs] 
2014-07-08T06:52:02.915+0000: 368.006: [GC [PSYoungGen: 595332K->516K(714304K)] 683752K->89040K(1401280K), 0.0278990 secs] [Times: user=0.10 sys=0.01, real=0.02 secs] 
2014-07-08T06:52:04.439+0000: 369.529: [GC [PSYoungGen: 714244K->320K(687872K)] 802768K->88980K(1374848K), 0.0147800 secs] [Times: user=0.05 sys=0.00, real=0.01 secs] 
2014-07-08T06:52:05.936+0000: 371.027: [GC [PSYoungGen: 687872K->402K(663040K)] 776532K->89142K(1350016K), 0.0039510 secs] [Times: user=0.01 sys=0.00, real=0.00 secs] 
2014-07-08T06:52:07.400+0000: 372.491: [GC [PSYoungGen: 662994K->402K(639232K)] 751734K->89262K(1326208K), 0.0114550 secs] [Times: user=0.04 sys=0.00, real=0.01 secs] 
2014-07-08T06:52:08.710+0000: 373.800: [GC [PSYoungGen: 639186K->658K(616768K)] 728046K->89638K(1303744K), 0.0043200 secs] [Times: user=0.01 sys=0.00, real=0.00 secs] 
2014-07-08T06:52:10.005+0000: 375.095: [GC [PSYoungGen: 616722K->288K(594688K)] 705702K->89356K(1281664K), 0.0048340 secs] [Times: user=0.02 sys=0.00, real=0.01 secs] 
2014-07-08T06:52:11.255+0000: 376.345: [GC [PSYoungGen: 594654K->256K(573952K)] 683723K->89396K(1260928K), 0.0089610 secs] [Times: user=0.03 sys=0.01, real=0.01 secs] 
2014-07-08T06:52:12.480+0000: 377.571: [GC [PSYoungGen: 573952K->256K(554176K)] 663092K->89476K(1241152K), 0.0081660 secs] [Times: user=0.03 sys=0.00, real=0.01 secs] 
2014-07-08T06:52:13.669+0000: 378.759: [GC [PSYoungGen: 554128K->512K(535552K)] 643349K->89828K(1222528K), 0.0090090 secs] [Times: user=0.04 sys=0.00, real=0.01 secs] 
2014-07-08T06:52:14.810+0000: 379.900: [GC [PSYoungGen: 535544K->288K(517312K)] 624860K->89732K(1204288K), 0.0032110 secs] [Times: user=0.01 sys=0.00, real=0.00 secs] 
2014-07-08T06:52:15.930+0000: 381.020: [GC [PSYoungGen: 517280K->210K(500032K)] 606724K->89734K(1187008K), 0.0037700 secs] [Times: user=0.01 sys=0.00, real=0.00 secs] 
2014-07-08T06:52:16.998+0000: 382.088: [GC [PSYoungGen: 499986K->434K(483776K)] 589510K->90014K(1170752K), 0.0033040 secs] [Times: user=0.01 sys=0.00, real=0.00 secs] 
2014-07-08T06:52:18.001+0000: 383.091: [GC [PSYoungGen: 483762K->160K(467776K)] 573342K->89788K(1154752K), 0.0059490 secs] [Times: user=0.01 sys=0.00, real=0.01 secs] 
2014-07-08T06:52:18.996+0000: 384.087: [GC [PSYoungGen: 467744K->210K(452800K)] 557372K->89886K(1139776K), 0.0045420 secs] [Times: user=0.01 sys=0.00, real=0.01 secs] 
2014-07-08T06:52:20.049+0000: 385.140: [GC [PSYoungGen: 452754K->630K(438784K)] 542430K->90330K(1125760K), 0.0116350 secs] [Times: user=0.04 sys=0.00, real=0.01 secs] 
2014-07-08T06:52:20.904+0000: 385.994: [GC [PSYoungGen: 438736K->608K(526464K)] 528437K->90396K(1213440K), 0.0261060 secs] [Times: user=0.08 sys=0.00, real=0.03 secs] 
2014-07-08T06:52:22.071+0000: 387.161: [GC [PSYoungGen: 526432K->544K(631616K)] 616220K->90404K(1318592K), 0.0137030 secs] [Times: user=0.05 sys=0.00, real=0.01 secs] 
2014-07-08T06:52:23.372+0000: 388.462: [GC [PSYoungGen: 631584K->128K(608768K)] 721444K->90068K(1295744K), 0.0027790 secs] [Times: user=0.01 sys=0.00, real=0.00 secs] 
2014-07-08T06:52:24.672+0000: 389.762: [GC [PSYoungGen: 608768K->288K(730688K)] 698708K->90292K(1417664K), 0.0296410 secs] [Times: user=0.10 sys=0.01, real=0.03 secs] 
2014-07-08T06:52:26.221+0000: 391.312: [GC [PSYoungGen: 730656K->192K(876672K)] 820660K->90268K(1563648K), 0.0074660 secs] [Times: user=0.03 sys=0.00, real=0.01 secs] 
2014-07-08T06:52:28.086+0000: 393.176: [GC [PSYoungGen: 876672K->676K(843328K)] 966748K->90856K(1530304K), 0.0053540 secs] [Times: user=0.02 sys=0.00, real=0.01 secs] 
2014-07-08T06:52:29.928+0000: 395.018: [GC [PSYoungGen: 843300K->448K(810816K)] 933480K->90748K(1497792K), 0.0049120 secs] [Times: user=0.01 sys=0.01, real=0.01 secs] 
2014-07-08T06:52:31.623+0000: 396.713: [GC [PSYoungGen: 810816K->480K(780160K)] 901116K->90836K(1467136K), 0.0038470 secs] [Times: user=0.02 sys=0.00, real=0.00 secs] 
2014-07-08T06:52:33.274+0000: 398.364: [GC [PSYoungGen: 780128K->256K(750656K)] 870484K->90700K(1437632K), 0.0044300 secs] [Times: user=0.02 sys=0.00, real=0.00 secs] 
2014-07-08T06:52:34.882+0000: 399.973: [GC [PSYoungGen: 750656K->256K(722752K)] 841100K->90860K(1409728K), 0.0035180 secs] [Times: user=0.01 sys=0.00, real=0.00 secs] 
2014-07-08T06:52:36.419+0000: 401.509: [GC [PSYoungGen: 722752K->320K(696192K)] 813356K->91052K(1383168K), 0.0133970 secs] [Times: user=0.05 sys=0.00, real=0.01 secs] 
2014-07-08T06:52:37.933+0000: 403.024: [GC [PSYoungGen: 696133K->288K(670848K)] 786866K->91092K(1357824K), 0.0031260 secs] [Times: user=0.01 sys=0.00, real=0.00 secs] 
2014-07-08T06:52:39.326+0000: 404.417: [GC [PSYoungGen: 670816K->210K(646592K)] 761620K->91078K(1333568K), 0.0060380 secs] [Times: user=0.00 sys=0.00, real=0.01 secs] 
2014-07-08T06:52:40.716+0000: 405.806: [GC [PSYoungGen: 646546K->640K(623872K)] 737414K->91580K(1310848K), 0.0089510 secs] [Times: user=0.02 sys=0.00, real=0.01 secs] 
2014-07-08T06:52:42.031+0000: 407.122: [GC [PSYoungGen: 623870K->192K(601408K)] 714811K->91204K(1288384K), 0.0051330 secs] [Times: user=0.02 sys=0.00, real=0.00 secs] 
2014-07-08T06:52:43.314+0000: 408.404: [GC [PSYoungGen: 601408K->192K(580416K)] 692420K->91276K(1267392K), 0.0042550 secs] [Times: user=0.01 sys=0.00, real=0.00 secs] 
2014-07-08T06:52:44.556+0000: 409.646: [GC [PSYoungGen: 580416K->224K(560448K)] 671500K->91404K(1247424K), 0.0073170 secs] [Times: user=0.02 sys=0.00, real=0.01 secs] 
2014-07-08T06:52:45.818+0000: 410.908: [GC [PSYoungGen: 560416K->768K(541824K)] 651596K->92012K(1228800K), 0.0071460 secs] [Times: user=0.01 sys=0.00, real=0.01 secs] 
2014-07-08T06:52:46.902+0000: 411.993: [GC [PSYoungGen: 541824K->210K(523008K)] 633068K->91590K(1209984K), 0.0123920 secs] [Times: user=0.05 sys=0.00, real=0.01 secs] 
2014-07-08T06:52:48.015+0000: 413.105: [GC [PSYoungGen: 522962K->192K(505472K)] 614342K->91620K(1192448K), 0.0064470 secs] [Times: user=0.01 sys=0.00, real=0.01 secs] 
2014-07-08T06:52:49.093+0000: 414.184: [GC [PSYoungGen: 505430K->228K(488832K)] 596858K->91720K(1175808K), 0.0040460 secs] [Times: user=0.01 sys=0.00, real=0.00 secs] 
2014-07-08T06:52:50.128+0000: 415.218: [GC [PSYoungGen: 488804K->210K(472896K)] 580296K->91718K(1159872K), 0.0105630 secs] [Times: user=0.04 sys=0.00, real=0.01 secs] 
2014-07-08T06:52:51.135+0000: 416.226: [GC [PSYoungGen: 472812K->566K(457984K)] 564321K->92162K(1144960K), 0.0068990 secs] [Times: user=0.01 sys=0.00, real=0.01 secs] 
2014-07-08T06:52:52.200+0000: 417.291: [GC [PSYoungGen: 457974K->786K(549760K)] 549570K->92478K(1236736K), 0.0236690 secs] [Times: user=0.08 sys=0.00, real=0.03 secs] 
2014-07-08T06:52:53.280+0000: 418.370: [GC [PSYoungGen: 549708K->192K(658944K)] 641401K->91996K(1345920K), 0.0114700 secs] [Times: user=0.04 sys=0.00, real=0.01 secs] 
2014-07-08T06:52:54.702+0000: 419.792: [GC [PSYoungGen: 658944K->740K(635904K)] 750748K->92656K(1322880K), 0.0100420 secs] [Times: user=0.02 sys=0.00, real=0.01 secs] 
2014-07-08T06:52:56.029+0000: 421.120: [GC [PSYoungGen: 635876K->292K(612928K)] 727792K->92312K(1299904K), 0.0053460 secs] [Times: user=0.01 sys=0.00, real=0.01 secs] 
2014-07-08T06:52:57.332+0000: 422.422: [GC [PSYoungGen: 612900K->210K(591360K)] 704920K->92302K(1278336K), 0.0037450 secs] [Times: user=0.01 sys=0.00, real=0.01 secs] 
2014-07-08T06:52:58.638+0000: 423.729: [GC [PSYoungGen: 591314K->544K(571136K)] 683406K->92684K(1258112K), 0.0147210 secs] [Times: user=0.05 sys=0.00, real=0.02 secs] 
2014-07-08T06:52:59.827+0000: 424.918: [GC [PSYoungGen: 571104K->288K(551232K)] 663244K->92540K(1238208K), 0.0047910 secs] [Times: user=0.01 sys=0.00, real=0.00 secs] 
2014-07-08T06:53:00.982+0000: 426.073: [GC [PSYoungGen: 551200K->192K(532352K)] 643452K->92476K(1219328K), 0.0104700 secs] [Times: user=0.04 sys=0.00, real=0.02 secs] 
2014-07-08T06:53:02.112+0000: 427.203: [GC [PSYoungGen: 532352K->192K(514432K)] 624636K->92548K(1201408K), 0.0033860 secs] [Times: user=0.01 sys=0.00, real=0.01 secs] 
2014-07-08T06:53:03.214+0000: 428.305: [GC [PSYoungGen: 514432K->388K(497600K)] 606788K->92824K(1184576K), 0.0059080 secs] [Times: user=0.01 sys=0.00, real=0.00 secs] 
2014-07-08T06:53:04.277+0000: 429.368: [GC [PSYoungGen: 497540K->128K(480960K)] 589976K->92652K(1167936K), 0.0041000 secs] [Times: user=0.01 sys=0.00, real=0.00 secs] 
2014-07-08T06:53:05.308+0000: 430.399: [GC [PSYoungGen: 480960K->256K(465472K)] 573484K->92852K(1152448K), 0.0034120 secs] [Times: user=0.01 sys=0.00, real=0.00 secs] 
2014-07-08T06:53:06.316+0000: 431.406: [GC [PSYoungGen: 465472K->256K(450560K)] 558068K->92908K(1137536K), 0.0060060 secs] [Times: user=0.01 sys=0.00, real=0.00 secs] 
2014-07-08T06:53:07.262+0000: 432.353: [GC [PSYoungGen: 450560K->128K(436160K)] 543212K->92884K(1123136K), 0.0105360 secs] [Times: user=0.04 sys=0.00, real=0.01 secs] 
2014-07-08T06:53:08.201+0000: 433.291: [GC [PSYoungGen: 436160K->480K(422848K)] 528916K->93308K(1109824K), 0.0063280 secs] [Times: user=0.02 sys=0.00, real=0.01 secs] 
2014-07-08T06:53:09.093+0000: 434.184: [GC [PSYoungGen: 422816K->260K(409600K)] 515644K->93168K(1096576K), 0.0037910 secs] [Times: user=0.01 sys=0.00, real=0.01 secs] 
2014-07-08T06:53:09.968+0000: 435.058: [GC [PSYoungGen: 409540K->228K(396992K)] 502448K->93160K(1083968K), 0.0054120 secs] [Times: user=0.01 sys=0.01, real=0.00 secs] 
2014-07-08T06:53:10.854+0000: 435.945: [GC [PSYoungGen: 396964K->694K(385472K)] 489896K->93658K(1072448K), 0.0048590 secs] [Times: user=0.01 sys=0.00, real=0.00 secs] 
2014-07-08T06:53:11.683+0000: 436.773: [GC [PSYoungGen: 385378K->832K(374080K)] 478343K->93924K(1061056K), 0.0058320 secs] [Times: user=0.01 sys=0.01, real=0.01 secs] 
2014-07-08T06:53:12.420+0000: 437.510: [GC [PSYoungGen: 374079K->192K(362432K)] 467172K->93416K(1049408K), 0.0036740 secs] [Times: user=0.01 sys=0.00, real=0.00 secs] 
2014-07-08T06:53:13.192+0000: 438.282: [GC [PSYoungGen: 362432K->452K(352192K)] 455656K->93796K(1039168K), 0.0062850 secs] [Times: user=0.01 sys=0.00, real=0.01 secs] 
2014-07-08T06:53:13.958+0000: 439.048: [GC [PSYoungGen: 352132K->288K(422336K)] 445476K->93728K(1109312K), 0.0233430 secs] [Times: user=0.08 sys=0.00, real=0.02 secs] 
2014-07-08T06:53:14.893+0000: 439.983: [GC [PSYoungGen: 422304K->370K(506816K)] 515744K->93858K(1193792K), 0.0050670 secs] [Times: user=0.01 sys=0.01, real=0.01 secs] 
2014-07-08T06:53:15.947+0000: 441.037: [GC [PSYoungGen: 506802K->242K(489920K)] 600290K->93802K(1176896K), 0.0059710 secs] [Times: user=0.01 sys=0.00, real=0.00 secs] 
2014-07-08T06:53:17.050+0000: 442.140: [GC [PSYoungGen: 489845K->672K(474368K)] 583406K->94280K(1161344K), 0.0095000 secs] [Times: user=0.03 sys=0.00, real=0.01 secs] 
2014-07-08T06:53:18.069+0000: 443.160: [GC [PSYoungGen: 474336K->434K(458816K)] 567944K->94122K(1145792K), 0.0123440 secs] [Times: user=0.04 sys=0.00, real=0.01 secs] 
2014-07-08T06:53:18.982+0000: 444.072: [GC [PSYoungGen: 458802K->160K(443904K)] 552490K->93936K(1130880K), 0.0067660 secs] [Times: user=0.01 sys=0.00, real=0.01 secs] 
2014-07-08T06:53:19.938+0000: 445.029: [GC [PSYoungGen: 443872K->320K(430016K)] 537648K->94144K(1116992K), 0.0034630 secs] [Times: user=0.01 sys=0.00, real=0.00 secs] 
2014-07-08T06:53:20.848+0000: 445.939: [GC [PSYoungGen: 430016K->672K(417024K)] 523840K->94528K(1104000K), 0.0034620 secs] [Times: user=0.02 sys=0.00, real=0.00 secs] 
2014-07-08T06:53:21.696+0000: 446.786: [GC [PSYoungGen: 416992K->224K(403776K)] 510848K->94144K(1090752K), 0.0039810 secs] [Times: user=0.01 sys=0.00, real=0.01 secs] 
2014-07-08T06:53:22.553+0000: 447.644: [GC [PSYoungGen: 403744K->352K(391616K)] 497664K->94312K(1078592K), 0.0065630 secs] [Times: user=0.03 sys=0.00, real=0.01 secs] 
2014-07-08T06:53:23.452+0000: 448.542: [GC [PSYoungGen: 391584K->370K(379840K)] 485544K->94370K(1066816K), 0.0062090 secs] [Times: user=0.01 sys=0.00, real=0.01 secs] 
2014-07-08T06:53:24.213+0000: 449.304: [GC [PSYoungGen: 379826K->480K(368704K)] 473826K->94600K(1055680K), 0.0045480 secs] [Times: user=0.02 sys=0.00, real=0.01 secs] 
2014-07-08T06:53:24.980+0000: 450.070: [GC [PSYoungGen: 368672K->192K(357568K)] 462792K->94368K(1044544K), 0.0063670 secs] [Times: user=0.01 sys=0.00, real=0.00 secs] 
2014-07-08T06:53:25.781+0000: 450.872: [GC [PSYoungGen: 357568K->434K(347456K)] 451744K->94674K(1034432K), 0.0045160 secs] [Times: user=0.01 sys=0.00, real=0.00 secs] 
2014-07-08T06:53:26.482+0000: 451.573: [GC [PSYoungGen: 347437K->64K(337152K)] 441678K->94336K(1024128K), 0.0061780 secs] [Times: user=0.01 sys=0.00, real=0.01 secs] 
2014-07-08T06:53:27.201+0000: 452.291: [GC [PSYoungGen: 337152K->160K(328320K)] 431424K->94456K(1015296K), 0.0118340 secs] [Times: user=0.04 sys=0.00, real=0.01 secs] 
2014-07-08T06:53:27.954+0000: 453.044: [GC [PSYoungGen: 327712K->338K(318784K)] 422008K->94682K(1005760K), 0.0059580 secs] [Times: user=0.02 sys=0.01, real=0.01 secs] 
2014-07-08T06:53:28.584+0000: 453.674: [GC [PSYoungGen: 318738K->448K(310080K)] 413082K->94872K(997056K), 0.0039010 secs] [Times: user=0.01 sys=0.00, real=0.01 secs] 
2014-07-08T06:53:29.298+0000: 454.388: [GC [PSYoungGen: 310080K->256K(371840K)] 404504K->94696K(1058816K), 0.0290890 secs] [Times: user=0.10 sys=0.00, real=0.03 secs] 
2014-07-08T06:53:30.028+0000: 455.118: [GC [PSYoungGen: 371840K->128K(446080K)] 466280K->94632K(1133056K), 0.0049690 secs] [Times: user=0.01 sys=0.00, real=0.00 secs] 
2014-07-08T06:53:30.980+0000: 456.070: [GC [PSYoungGen: 446072K->192K(535360K)] 540577K->94728K(1222336K), 0.0046800 secs] [Times: user=0.01 sys=0.01, real=0.00 secs] 
2014-07-08T06:53:32.123+0000: 457.213: [GC [PSYoungGen: 535360K->192K(517312K)] 629896K->94808K(1204288K), 0.0055830 secs] [Times: user=0.01 sys=0.00, real=0.01 secs] 
2014-07-08T06:53:33.230+0000: 458.320: [GC [PSYoungGen: 517312K->288K(500224K)] 611928K->94976K(1187200K), 0.0086560 secs] [Times: user=0.03 sys=0.00, real=0.01 secs] 
2014-07-08T06:53:34.297+0000: 459.387: [GC [PSYoungGen: 500191K->160K(483648K)] 594880K->94936K(1170624K), 0.0094160 secs] [Times: user=0.04 sys=0.00, real=0.01 secs] 
2014-07-08T06:53:35.337+0000: 460.427: [GC [PSYoungGen: 483616K->224K(580416K)] 578392K->95064K(1267392K), 0.0224190 secs] [Times: user=0.07 sys=0.00, real=0.03 secs] 
2014-07-08T06:53:36.577+0000: 461.667: [GC [PSYoungGen: 580384K->320K(696512K)] 675224K->95224K(1383488K), 0.0197830 secs] [Times: user=0.06 sys=0.00, real=0.02 secs] 
2014-07-08T06:53:38.089+0000: 463.179: [GC [PSYoungGen: 696512K->192K(835648K)] 791416K->95184K(1522624K), 0.0040930 secs] [Times: user=0.01 sys=0.00, real=0.01 secs] 
2014-07-08T06:53:39.874+0000: 464.964: [GC [PSYoungGen: 835648K->224K(803840K)] 930640K->95304K(1490816K), 0.0072260 secs] [Times: user=0.02 sys=0.00, real=0.01 secs] 
2014-07-08T06:53:41.575+0000: 466.665: [GC [PSYoungGen: 803774K->576K(773760K)] 898855K->95736K(1460736K), 0.0069660 secs] [Times: user=0.02 sys=0.00, real=0.01 secs] 
2014-07-08T06:53:43.216+0000: 468.306: [GC [PSYoungGen: 773746K->320K(744512K)] 868906K->95568K(1431488K), 0.0099720 secs] [Times: user=0.03 sys=0.00, real=0.01 secs] 
2014-07-08T06:53:44.802+0000: 469.893: [GC [PSYoungGen: 744414K->416K(717056K)] 839663K->95832K(1404032K), 0.0098290 secs] [Times: user=0.04 sys=0.00, real=0.01 secs] 
2014-07-08T06:53:46.320+0000: 471.410: [GC [PSYoungGen: 717024K->242K(690560K)] 812440K->95722K(1377536K), 0.0045360 secs] [Times: user=0.01 sys=0.00, real=0.00 secs] 
2014-07-08T06:53:47.825+0000: 472.916: [GC [PSYoungGen: 690546K->612K(665856K)] 786026K->96316K(1352832K), 0.0087200 secs] [Times: user=0.02 sys=0.00, real=0.01 secs] 
2014-07-08T06:53:49.208+0000: 474.298: [GC [PSYoungGen: 665828K->256K(641536K)] 761532K->96032K(1328512K), 0.0115410 secs] [Times: user=0.04 sys=0.01, real=0.01 secs] 
2014-07-08T06:53:50.584+0000: 475.674: [GC [PSYoungGen: 641536K->320K(618752K)] 737312K->96232K(1305728K), 0.0042130 secs] [Times: user=0.01 sys=0.00, real=0.00 secs] 
2014-07-08T06:53:51.930+0000: 477.020: [GC [PSYoungGen: 618666K->256K(596864K)] 714579K->96232K(1283840K), 0.0065410 secs] [Times: user=0.03 sys=0.00, real=0.01 secs] 
2014-07-08T06:53:53.205+0000: 478.295: [GC [PSYoungGen: 596864K->338K(576192K)] 692840K->96402K(1263168K), 0.0043660 secs] [Times: user=0.01 sys=0.00, real=0.00 secs] 
2014-07-08T06:53:54.408+0000: 479.499: [GC [PSYoungGen: 576141K->192K(556160K)] 672206K->96352K(1243136K), 0.0087920 secs] [Times: user=0.04 sys=0.00, real=0.01 secs] 
2014-07-08T06:53:55.683+0000: 480.773: [GC [PSYoungGen: 556160K->690K(667904K)] 652320K->97098K(1354880K), 0.0338820 secs] [Times: user=0.13 sys=0.00, real=0.03 secs] 
2014-07-08T06:53:57.026+0000: 482.116: [GC [PSYoungGen: 667890K->384K(801024K)] 764298K->96936K(1488000K), 0.0251870 secs] [Times: user=0.09 sys=0.00, real=0.02 secs] 
2014-07-08T06:53:58.770+0000: 483.860: [GC [PSYoungGen: 801024K->754K(961536K)] 897576K->97466K(1648512K), 0.0039230 secs] [Times: user=0.01 sys=0.00, real=0.01 secs] 
2014-07-08T06:54:00.852+0000: 485.943: [GC [PSYoungGen: 961522K->864K(923840K)] 1058234K->97656K(1610816K), 0.0052780 secs] [Times: user=0.01 sys=0.00, real=0.00 secs] 
2014-07-08T06:54:02.751+0000: 487.841: [GC [PSYoungGen: 923808K->306K(887232K)] 1020600K->97386K(1574208K), 0.0084170 secs] [Times: user=0.03 sys=0.00, real=0.01 secs] 
2014-07-08T06:54:04.654+0000: 489.745: [GC [PSYoungGen: 887218K->772K(853440K)] 984298K->97964K(1540416K), 0.0147060 secs] [Times: user=0.04 sys=0.01, real=0.01 secs] 
2014-07-08T06:54:06.455+0000: 491.545: [GC [PSYoungGen: 853380K->256K(820160K)] 950572K->97640K(1507136K), 0.0042170 secs] [Times: user=0.01 sys=0.00, real=0.00 secs] 
2014-07-08T06:54:08.209+0000: 493.299: [GC [PSYoungGen: 820102K->324K(789120K)] 917487K->97788K(1476096K), 0.0113860 secs] [Times: user=0.04 sys=0.00, real=0.01 secs] 
2014-07-08T06:54:09.908+0000: 494.998: [GC [PSYoungGen: 789060K->192K(759232K)] 886524K->97752K(1446208K), 0.0038220 secs] [Times: user=0.01 sys=0.00, real=0.00 secs] 
2014-07-08T06:54:11.513+0000: 496.604: [GC [PSYoungGen: 759232K->324K(731136K)] 856792K->97964K(1418112K), 0.0083480 secs] [Times: user=0.03 sys=0.00, real=0.01 secs] 
2014-07-08T06:54:13.121+0000: 498.211: [GC [PSYoungGen: 731071K->512K(704256K)] 828711K->98256K(1391232K), 0.0075930 secs] [Times: user=0.01 sys=0.00, real=0.01 secs] 
2014-07-08T06:54:14.570+0000: 499.660: [GC [PSYoungGen: 704256K->498K(678528K)] 802000K->98362K(1365504K), 0.0043230 secs] [Times: user=0.01 sys=0.00, real=0.01 secs] 
2014-07-08T06:54:16.017+0000: 501.107: [GC [PSYoungGen: 678514K->224K(653760K)] 776378K->98208K(1340736K), 0.0089650 secs] [Times: user=0.03 sys=0.00, real=0.01 secs] 
2014-07-08T06:54:17.408+0000: 502.498: [GC [PSYoungGen: 653728K->352K(630464K)] 751712K->98440K(1317440K), 0.0139180 secs] [Times: user=0.04 sys=0.00, real=0.01 secs] 
2014-07-08T06:54:18.843+0000: 503.933: [GC [PSYoungGen: 630337K->832K(608576K)] 728425K->98960K(1295552K), 0.0044210 secs] [Times: user=0.02 sys=0.00, real=0.01 secs] 
2014-07-08T06:54:20.103+0000: 505.193: [GC [PSYoungGen: 608576K->288K(586752K)] 706704K->98512K(1273728K), 0.0098110 secs] [Times: user=0.02 sys=0.00, real=0.01 secs] 
2014-07-08T06:54:21.298+0000: 506.389: [GC [PSYoungGen: 586720K->192K(566272K)] 684944K->98512K(1253248K), 0.0112240 secs] [Times: user=0.04 sys=0.00, real=0.01 secs] 
2014-07-08T06:54:22.521+0000: 507.611: [GC [PSYoungGen: 566180K->758K(547456K)] 664501K->99158K(1234432K), 0.0133350 secs] [Times: user=0.04 sys=0.00, real=0.01 secs] 
2014-07-08T06:54:23.786+0000: 508.877: [GC [PSYoungGen: 547446K->968K(529152K)] 645846K->99448K(1216128K), 0.0067800 secs] [Times: user=0.01 sys=0.00, real=0.00 secs] 
2014-07-08T06:54:24.848+0000: 509.938: [GC [PSYoungGen: 529096K->690K(511104K)] 627576K->99290K(1198080K), 0.0058500 secs] [Times: user=0.02 sys=0.00, real=0.00 secs] 
2014-07-08T06:54:25.934+0000: 511.024: [GC [PSYoungGen: 511090K->256K(493760K)] 609690K->98928K(1180736K), 0.0040970 secs] [Times: user=0.01 sys=0.00, real=0.01 secs] 
2014-07-08T06:54:26.999+0000: 512.089: [GC [PSYoungGen: 493760K->242K(477568K)] 592432K->99010K(1164544K), 0.0039190 secs] [Times: user=0.01 sys=0.00, real=0.00 secs] 
2014-07-08T06:54:27.991+0000: 513.081: [GC [PSYoungGen: 477554K->352K(462208K)] 576322K->99208K(1149184K), 0.0046920 secs] [Times: user=0.02 sys=0.00, real=0.00 secs] 
2014-07-08T06:54:29.027+0000: 514.118: [GC [PSYoungGen: 462176K->320K(447360K)] 561032K->99216K(1134336K), 0.0132040 secs] [Times: user=0.05 sys=0.00, real=0.01 secs] 
2014-07-08T06:54:29.938+0000: 515.029: [GC [PSYoungGen: 447360K->256K(433152K)] 546256K->99224K(1120128K), 0.0040970 secs] [Times: user=0.01 sys=0.00, real=0.00 secs] 
2014-07-08T06:54:30.868+0000: 515.958: [GC [PSYoungGen: 433152K->480K(419904K)] 532120K->99488K(1106880K), 0.0035280 secs] [Times: user=0.01 sys=0.00, real=0.00 secs] 
2014-07-08T06:54:31.807+0000: 516.897: [GC [PSYoungGen: 419872K->1014K(407488K)] 518880K->100150K(1094464K), 0.0055130 secs] [Times: user=0.02 sys=0.00, real=0.01 secs] 
2014-07-08T06:54:32.685+0000: 517.776: [GC [PSYoungGen: 407478K->960K(395008K)] 506614K->100184K(1081984K), 0.0080010 secs] [Times: user=0.01 sys=0.00, real=0.01 secs] 
2014-07-08T06:54:33.436+0000: 518.526: [GC [PSYoungGen: 395008K->256K(382400K)] 494232K->99592K(1069376K), 0.0098600 secs] [Times: user=0.04 sys=0.01, real=0.01 secs] 
2014-07-08T06:54:34.251+0000: 519.342: [GC [PSYoungGen: 382400K->288K(371072K)] 481736K->99688K(1058048K), 0.0058220 secs] [Times: user=0.02 sys=0.00, real=0.01 secs] 
2014-07-08T06:54:35.045+0000: 520.136: [GC [PSYoungGen: 371040K->242K(360128K)] 470440K->99738K(1047104K), 0.0064470 secs] [Times: user=0.01 sys=0.00, real=0.01 secs] 
2014-07-08T06:54:35.845+0000: 520.935: [GC [PSYoungGen: 360110K->512K(349952K)] 459607K->100072K(1036928K), 0.0052640 secs] [Times: user=0.02 sys=0.00, real=0.01 secs] 
2014-07-08T06:54:36.568+0000: 521.659: [GC [PSYoungGen: 349952K->484K(339904K)] 449512K->100108K(1026880K), 0.0092860 secs] [Times: user=0.03 sys=0.00, real=0.00 secs] 
2014-07-08T06:54:37.285+0000: 522.375: [GC [PSYoungGen: 339825K->256K(407552K)] 439450K->99912K(1094528K), 0.0140690 secs] [Times: user=0.06 sys=0.00, real=0.02 secs] 
2014-07-08T06:54:38.224+0000: 523.314: [GC [PSYoungGen: 407552K->370K(489152K)] 507208K->100082K(1176128K), 0.0100680 secs] [Times: user=0.03 sys=0.00, real=0.01 secs] 
2014-07-08T06:54:39.226+0000: 524.316: [GC [PSYoungGen: 489138K->224K(586816K)] 588850K->100000K(1273792K), 0.0066210 secs] [Times: user=0.02 sys=0.00, real=0.01 secs] 
2014-07-08T06:54:40.454+0000: 525.544: [GC [PSYoungGen: 586784K->260K(566528K)] 686560K->100116K(1253504K), 0.0074220 secs] [Times: user=0.02 sys=0.00, real=0.01 secs] 
2014-07-08T06:54:41.676+0000: 526.766: [GC [PSYoungGen: 566468K->502K(547328K)] 666324K->100398K(1234304K), 0.0052160 secs] [Times: user=0.02 sys=0.00, real=0.01 secs] 
2014-07-08T06:54:42.841+0000: 527.931: [GC [PSYoungGen: 547295K->356K(528640K)] 647192K->100340K(1215616K), 0.0039060 secs] [Times: user=0.00 sys=0.00, real=0.00 secs] 
2014-07-08T06:54:44.055+0000: 529.146: [GC [PSYoungGen: 528612K->858K(511424K)] 628596K->100930K(1198400K), 0.0083040 secs] [Times: user=0.03 sys=0.00, real=0.01 secs] 
2014-07-08T06:54:45.049+0000: 530.139: [GC [PSYoungGen: 511386K->402K(494016K)] 611458K->100586K(1180992K), 0.0083480 secs] [Times: user=0.02 sys=0.00, real=0.01 secs] 
2014-07-08T06:54:46.107+0000: 531.197: [GC [PSYoungGen: 493966K->434K(477824K)] 594151K->100746K(1164800K), 0.0072370 secs] [Times: user=0.03 sys=0.00, real=0.01 secs] 
2014-07-08T06:54:47.133+0000: 532.223: [GC [PSYoungGen: 477810K->96K(462016K)] 578122K->100464K(1148992K), 0.0095170 secs] [Times: user=0.04 sys=0.00, real=0.01 secs] 
2014-07-08T06:54:48.119+0000: 533.209: [GC [PSYoungGen: 461907K->374K(448064K)] 562276K->100790K(1135040K), 0.0033100 secs] [Times: user=0.01 sys=0.00, real=0.00 secs] 
2014-07-08T06:54:49.157+0000: 534.247: [GC [PSYoungGen: 447446K->402K(433408K)] 547863K->100866K(1120384K), 0.0130000 secs] [Times: user=0.04 sys=0.00, real=0.02 secs] 
2014-07-08T06:54:50.102+0000: 535.192: [GC [PSYoungGen: 433362K->662K(420096K)] 533826K->101198K(1107072K), 0.0046360 secs] [Times: user=0.02 sys=0.00, real=0.00 secs] 
2014-07-08T06:54:50.916+0000: 536.007: [GC [PSYoungGen: 419961K->324K(406848K)] 520498K->100924K(1093824K), 0.0108370 secs] [Times: user=0.04 sys=0.00, real=0.01 secs] 
2014-07-08T06:54:51.786+0000: 536.877: [GC [PSYoungGen: 406785K->754K(488576K)] 507386K->101442K(1175552K), 0.0133630 secs] [Times: user=0.05 sys=0.00, real=0.01 secs] 
2014-07-08T06:54:52.821+0000: 537.911: [GC [PSYoungGen: 488562K->626K(472512K)] 589250K->101346K(1159488K), 0.0054520 secs] [Times: user=0.01 sys=0.01, real=0.00 secs] 
2014-07-08T06:54:53.848+0000: 538.938: [GC [PSYoungGen: 472498K->640K(457280K)] 573218K->101424K(1144256K), 0.0052580 secs] [Times: user=0.01 sys=0.00, real=0.01 secs] 
2014-07-08T06:54:54.812+0000: 539.902: [GC [PSYoungGen: 457280K->690K(442752K)] 558064K->101674K(1129728K), 0.0082970 secs] [Times: user=0.01 sys=0.01, real=0.01 secs] 
2014-07-08T06:54:55.806+0000: 540.897: [GC [PSYoungGen: 442738K->1028K(429184K)] 543722K->102132K(1116160K), 0.0055040 secs] [Times: user=0.01 sys=0.00, real=0.01 secs] 
2014-07-08T06:54:56.668+0000: 541.758: [GC [PSYoungGen: 429124K->448K(415232K)] 530228K->101656K(1102208K), 0.0051750 secs] [Times: user=0.01 sys=0.01, real=0.01 secs] 
2014-07-08T06:54:57.543+0000: 542.633: [GC [PSYoungGen: 415232K->128K(402176K)] 516440K->101392K(1089152K), 0.0038120 secs] [Times: user=0.01 sys=0.00, real=0.00 secs] 
2014-07-08T06:54:58.397+0000: 543.487: [GC [PSYoungGen: 402176K->178K(390016K)] 503440K->101474K(1076992K), 0.0064150 secs] [Times: user=0.01 sys=0.00, real=0.01 secs] 
2014-07-08T06:54:59.249+0000: 544.339: [GC [PSYoungGen: 390002K->434K(378560K)] 491298K->101794K(1065536K), 0.0098210 secs] [Times: user=0.03 sys=0.00, real=0.01 secs] 
2014-07-08T06:55:00.043+0000: 545.133: [GC [PSYoungGen: 378521K->306K(367232K)] 479881K->101746K(1054208K), 0.0088310 secs] [Times: user=0.03 sys=0.00, real=0.01 secs] 
2014-07-08T06:55:00.853+0000: 545.943: [GC [PSYoungGen: 367218K->512K(356672K)] 468658K->101984K(1043648K), 0.0037170 secs] [Times: user=0.01 sys=0.00, real=0.00 secs] 
2014-07-08T06:55:01.585+0000: 546.675: [GC [PSYoungGen: 356672K->502K(346368K)] 458144K->102038K(1033344K), 0.0077610 secs] [Times: user=0.02 sys=0.00, real=0.01 secs] 
2014-07-08T06:55:02.351+0000: 547.442: [GC [PSYoungGen: 346350K->256K(336256K)] 447887K->101816K(1023232K), 0.0053320 secs] [Times: user=0.01 sys=0.00, real=0.00 secs] 
2014-07-08T06:55:03.044+0000: 548.134: [GC [PSYoungGen: 336256K->242K(326784K)] 437816K->101906K(1013760K), 0.0101250 secs] [Times: user=0.04 sys=0.00, real=0.01 secs] 
2014-07-08T06:55:03.764+0000: 548.854: [GC [PSYoungGen: 326768K->448K(317888K)] 428433K->102176K(1004864K), 0.0041480 secs] [Times: user=0.01 sys=0.00, real=0.00 secs] 
2014-07-08T06:55:04.419+0000: 549.510: [GC [PSYoungGen: 317888K->694K(309440K)] 419616K->102462K(996416K), 0.0051770 secs] [Times: user=0.01 sys=0.00, real=0.01 secs] 
2014-07-08T06:55:05.072+0000: 550.162: [GC [PSYoungGen: 309368K->260K(300672K)] 411137K->102100K(987648K), 0.0040960 secs] [Times: user=0.01 sys=0.00, real=0.00 secs] 
2014-07-08T06:55:05.726+0000: 550.816: [GC [PSYoungGen: 300578K->488K(292800K)] 402418K->102408K(979776K), 0.0067000 secs] [Times: user=0.01 sys=0.00, real=0.01 secs] 
2014-07-08T06:55:06.337+0000: 551.428: [GC [PSYoungGen: 292688K->342K(284928K)] 394608K->102302K(971904K), 0.0043680 secs] [Times: user=0.01 sys=0.00, real=0.00 secs] 
2014-07-08T06:55:06.960+0000: 552.051: [GC [PSYoungGen: 284886K->160K(277312K)] 386846K->102168K(964288K), 0.0064860 secs] [Times: user=0.02 sys=0.00, real=0.01 secs] 
2014-07-08T06:55:07.594+0000: 552.685: [GC [PSYoungGen: 277280K->818K(333376K)] 379288K->102874K(1020352K), 0.0138510 secs] [Times: user=0.05 sys=0.01, real=0.01 secs] 
2014-07-08T06:55:08.255+0000: 553.345: [GC [PSYoungGen: 333362K->370K(399488K)] 435418K->102482K(1086464K), 0.0109920 secs] [Times: user=0.04 sys=0.00, real=0.01 secs] 
2014-07-08T06:55:09.178+0000: 554.269: [GC [PSYoungGen: 399466K->896K(479872K)] 501578K->103072K(1166848K), 0.0055370 secs] [Times: user=0.01 sys=0.00, real=0.01 secs] 
2014-07-08T06:55:10.134+0000: 555.225: [GC [PSYoungGen: 479872K->192K(574976K)] 582048K->102424K(1261952K), 0.0121560 secs] [Times: user=0.04 sys=0.01, real=0.01 secs] 
2014-07-08T06:55:11.364+0000: 556.454: [GC [PSYoungGen: 574976K->448K(690240K)] 677208K->102768K(1377216K), 0.0080520 secs] [Times: user=0.01 sys=0.00, real=0.00 secs] 
2014-07-08T06:55:12.849+0000: 557.939: [GC [PSYoungGen: 690240K->484K(665216K)] 792560K->102900K(1352192K), 0.0043960 secs] [Times: user=0.02 sys=0.00, real=0.01 secs] 
2014-07-08T06:55:14.354+0000: 559.444: [GC [PSYoungGen: 665188K->402K(641216K)] 767604K->102890K(1328192K), 0.0160770 secs] [Times: user=0.06 sys=0.00, real=0.01 secs] 
2014-07-08T06:55:15.640+0000: 560.731: [GC [PSYoungGen: 641101K->740K(618688K)] 743590K->103396K(1305664K), 0.0109540 secs] [Times: user=0.02 sys=0.00, real=0.01 secs] 
2014-07-08T06:55:16.983+0000: 562.074: [GC [PSYoungGen: 618660K->256K(596416K)] 721316K->102992K(1283392K), 0.0069290 secs] [Times: user=0.02 sys=0.00, real=0.01 secs] 
2014-07-08T06:55:18.227+0000: 563.317: [GC [PSYoungGen: 596416K->192K(575552K)] 699152K->103000K(1262528K), 0.0135710 secs] [Times: user=0.05 sys=0.00, real=0.01 secs] 
2014-07-08T06:55:19.520+0000: 564.610: [GC [PSYoungGen: 575552K->512K(556032K)] 678360K->103352K(1243008K), 0.0034440 secs] [Times: user=0.01 sys=0.00, real=0.00 secs] 
2014-07-08T06:55:20.660+0000: 565.750: [GC [PSYoungGen: 556032K->672K(667328K)] 658872K->103616K(1354304K), 0.0380130 secs] [Times: user=0.13 sys=0.00, real=0.04 secs] 
2014-07-08T06:55:22.068+0000: 567.159: [GC [PSYoungGen: 667296K->192K(800192K)] 770240K->103224K(1487168K), 0.0040990 secs] [Times: user=0.01 sys=0.00, real=0.00 secs] 
2014-07-08T06:55:23.781+0000: 568.872: [GC [PSYoungGen: 800186K->256K(770048K)] 903219K->103400K(1457024K), 0.0070430 secs] [Times: user=0.03 sys=0.00, real=0.01 secs] 
2014-07-08T06:55:25.423+0000: 570.513: [GC [PSYoungGen: 770028K->292K(741312K)] 873173K->103516K(1428288K), 0.0048450 secs] [Times: user=0.02 sys=0.00, real=0.01 secs] 
2014-07-08T06:55:27.004+0000: 572.095: [GC [PSYoungGen: 741284K->256K(713792K)] 844508K->103600K(1400768K), 0.0151750 secs] [Times: user=0.05 sys=0.00, real=0.02 secs] 
2014-07-08T06:55:28.526+0000: 573.616: [GC [PSYoungGen: 713763K->210K(687616K)] 817107K->103666K(1374592K), 0.0040910 secs] [Times: user=0.01 sys=0.00, real=0.00 secs] 
2014-07-08T06:55:30.016+0000: 575.107: [GC [PSYoungGen: 687570K->320K(662720K)] 791026K->103832K(1349696K), 0.0092940 secs] [Times: user=0.03 sys=0.00, real=0.00 secs] 
2014-07-08T06:55:31.402+0000: 576.492: [GC [PSYoungGen: 662720K->256K(638848K)] 766232K->103880K(1325824K), 0.0090850 secs] [Times: user=0.02 sys=0.00, real=0.01 secs] 
2014-07-08T06:55:32.801+0000: 577.892: [GC [PSYoungGen: 638848K->626K(616512K)] 742472K->104330K(1303488K), 0.0108180 secs] [Times: user=0.03 sys=0.00, real=0.01 secs] 
2014-07-08T06:55:34.085+0000: 579.175: [GC [PSYoungGen: 616498K->210K(594432K)] 720202K->104034K(1281408K), 0.0082370 secs] [Times: user=0.01 sys=0.00, real=0.01 secs] 
2014-07-08T06:55:35.360+0000: 580.450: [GC [PSYoungGen: 594386K->388K(573952K)] 698210K->104300K(1260928K), 0.0044270 secs] [Times: user=0.01 sys=0.00, real=0.00 secs] 
2014-07-08T06:55:36.592+0000: 581.682: [GC [PSYoungGen: 573892K->420K(554176K)] 677804K->104444K(1241152K), 0.0045550 secs] [Times: user=0.01 sys=0.00, real=0.00 secs] 
2014-07-08T06:55:37.863+0000: 582.954: [GC [PSYoungGen: 554129K->804K(535680K)] 658154K->105052K(1222656K), 0.0058970 secs] [Times: user=0.02 sys=0.00, real=0.01 secs] 
2014-07-08T06:55:38.943+0000: 584.033: [GC [PSYoungGen: 535652K->274K(517184K)] 639900K->104594K(1204160K), 0.0128780 secs] [Times: user=0.04 sys=0.00, real=0.01 secs] 
2014-07-08T06:55:40.046+0000: 585.137: [GC [PSYoungGen: 517118K->260K(499968K)] 621439K->104660K(1186944K), 0.0072020 secs] [Times: user=0.01 sys=0.00, real=0.01 secs] 
2014-07-08T06:55:41.089+0000: 586.179: [GC [PSYoungGen: 499908K->256K(483456K)] 604308K->104704K(1170432K), 0.0089180 secs] [Times: user=0.03 sys=0.00, real=0.01 secs] 
2014-07-08T06:55:42.132+0000: 587.223: [GC [PSYoungGen: 483433K->160K(467648K)] 587882K->104688K(1154624K), 0.0045150 secs] [Times: user=0.01 sys=0.00, real=0.00 secs] 
2014-07-08T06:55:43.130+0000: 588.220: [GC [PSYoungGen: 467616K->128K(452544K)] 572144K->104704K(1139520K), 0.0038010 secs] [Times: user=0.01 sys=0.00, real=0.00 secs] 
2014-07-08T06:55:44.216+0000: 589.307: [GC [PSYoungGen: 452544K->754K(438784K)] 557120K->105394K(1125760K), 0.0122880 secs] [Times: user=0.04 sys=0.00, real=0.02 secs] 
2014-07-08T06:55:45.168+0000: 590.258: [GC [PSYoungGen: 438770K->352K(424640K)] 543410K->105104K(1111616K), 0.0043300 secs] [Times: user=0.01 sys=0.00, real=0.00 secs] 
2014-07-08T06:55:46.019+0000: 591.110: [GC [PSYoungGen: 424608K->388K(411520K)] 529360K->105284K(1098496K), 0.0074450 secs] [Times: user=0.01 sys=0.00, real=0.00 secs] 
2014-07-08T06:55:46.854+0000: 591.945: [GC [PSYoungGen: 411460K->644K(399168K)] 516356K->105604K(1086144K), 0.0045720 secs] [Times: user=0.01 sys=0.00, real=0.01 secs] 
2014-07-08T06:55:47.690+0000: 592.781: [GC [PSYoungGen: 399108K->594K(387008K)] 504068K->105602K(1073984K), 0.0075330 secs] [Times: user=0.01 sys=0.00, real=0.00 secs] 
2014-07-08T06:55:48.483+0000: 593.573: [GC [PSYoungGen: 386960K->128K(374912K)] 491969K->105168K(1061888K), 0.0054930 secs] [Times: user=0.01 sys=0.00, real=0.01 secs] 
2014-07-08T06:55:49.279+0000: 594.369: [GC [PSYoungGen: 374912K->128K(449920K)] 479952K->105200K(1136896K), 0.0309830 secs] [Times: user=0.11 sys=0.00, real=0.04 secs] 
2014-07-08T06:55:50.342+0000: 595.432: [GC [PSYoungGen: 449920K->416K(540736K)] 554992K->105544K(1227712K), 0.0122840 secs] [Times: user=0.05 sys=0.00, real=0.01 secs] 
2014-07-08T06:55:51.400+0000: 596.491: [GC [PSYoungGen: 540192K->384K(648128K)] 645320K->105640K(1335104K), 0.0078660 secs] [Times: user=0.02 sys=0.00, real=0.00 secs] 
2014-07-08T06:55:52.817+0000: 597.907: [GC [PSYoungGen: 648128K->740K(778112K)] 753384K->106068K(1465088K), 0.0146470 secs] [Times: user=0.05 sys=0.00, real=0.02 secs] 
2014-07-08T06:55:54.450+0000: 599.541: [GC [PSYoungGen: 778084K->224K(748416K)] 883412K->105624K(1435392K), 0.0052830 secs] [Times: user=0.02 sys=0.00, real=0.00 secs] 
2014-07-08T06:55:56.109+0000: 601.200: [GC [PSYoungGen: 748384K->822K(721216K)] 853784K->106326K(1408192K), 0.0070980 secs] [Times: user=0.02 sys=0.00, real=0.01 secs] 
2014-07-08T06:55:57.579+0000: 602.670: [GC [PSYoungGen: 721206K->178K(694080K)] 826710K->105842K(1381056K), 0.0041370 secs] [Times: user=0.01 sys=0.00, real=0.01 secs] 
2014-07-08T06:55:59.076+0000: 604.167: [GC [PSYoungGen: 694066K->224K(668864K)] 799730K->105944K(1355840K), 0.0122700 secs] [Times: user=0.05 sys=0.00, real=0.01 secs] 
2014-07-08T06:56:00.504+0000: 605.594: [GC [PSYoungGen: 668832K->352K(644864K)] 774552K->106152K(1331840K), 0.0045260 secs] [Times: user=0.01 sys=0.00, real=0.00 secs] 
2014-07-08T06:56:01.914+0000: 607.005: [GC [PSYoungGen: 644832K->928K(622464K)] 750632K->106800K(1309440K), 0.0307910 secs] [Times: user=0.11 sys=0.00, real=0.03 secs] 
2014-07-08T06:56:03.211+0000: 608.301: [GC [PSYoungGen: 622411K->456K(600064K)] 728284K->106424K(1287040K), 0.0076910 secs] [Times: user=0.03 sys=0.00, real=0.01 secs] 
2014-07-08T06:56:04.494+0000: 609.584: [GC [PSYoungGen: 600008K->448K(719936K)] 705976K->106560K(1406912K), 0.0222100 secs] [Times: user=0.07 sys=0.00, real=0.02 secs] 
2014-07-08T06:56:06.058+0000: 611.148: [GC [PSYoungGen: 719936K->320K(693376K)] 826048K->106504K(1380352K), 0.0045350 secs] [Times: user=0.01 sys=0.00, real=0.01 secs] 
2014-07-08T06:56:07.523+0000: 612.613: [GC [PSYoungGen: 693376K->178K(668032K)] 799560K->106506K(1355008K), 0.0041110 secs] [Times: user=0.01 sys=0.00, real=0.00 secs] 
2014-07-08T06:56:09.010+0000: 614.101: [GC [PSYoungGen: 668018K->448K(644224K)] 774346K->106832K(1331200K), 0.0055300 secs] [Times: user=0.02 sys=0.00, real=0.01 secs] 
2014-07-08T06:56:10.321+0000: 615.411: [GC [PSYoungGen: 644224K->356K(621184K)] 750608K->106844K(1308160K), 0.0068790 secs] [Times: user=0.03 sys=0.00, real=0.01 secs] 
2014-07-08T06:56:11.650+0000: 616.740: [GC [PSYoungGen: 621156K->548K(599488K)] 727644K->107100K(1286464K), 0.0072500 secs] [Times: user=0.01 sys=0.00, real=0.01 secs] 
2014-07-08T06:56:12.974+0000: 618.064: [GC [PSYoungGen: 599460K->480K(578496K)] 706012K->107120K(1265472K), 0.0113310 secs] [Times: user=0.03 sys=0.00, real=0.01 secs] 
2014-07-08T06:56:14.170+0000: 619.261: [GC [PSYoungGen: 578464K->192K(558208K)] 685104K->106936K(1245184K), 0.0064000 secs] [Times: user=0.01 sys=0.00, real=0.01 secs] 
2014-07-08T06:56:15.450+0000: 620.541: [GC [PSYoungGen: 558208K->644K(539648K)] 664952K->107468K(1226624K), 0.0148950 secs] [Times: user=0.05 sys=0.00, real=0.02 secs] 
2014-07-08T06:56:16.520+0000: 621.610: [GC [PSYoungGen: 539588K->160K(520960K)] 646412K->107128K(1207936K), 0.0088720 secs] [Times: user=0.03 sys=0.00, real=0.01 secs] 
2014-07-08T06:56:17.625+0000: 622.715: [GC [PSYoungGen: 520928K->402K(503808K)] 627896K->107410K(1190784K), 0.0106920 secs] [Times: user=0.04 sys=0.00, real=0.01 secs] 
2014-07-08T06:56:18.724+0000: 623.814: [GC [PSYoungGen: 503762K->640K(487360K)] 610770K->107720K(1174336K), 0.0071070 secs] [Times: user=0.01 sys=0.00, real=0.00 secs] 
2014-07-08T06:56:19.761+0000: 624.851: [GC [PSYoungGen: 487360K->352K(584448K)] 594440K->107472K(1271424K), 0.0302340 secs] [Times: user=0.10 sys=0.00, real=0.03 secs] 
2014-07-08T06:56:21.120+0000: 626.211: [GC [PSYoungGen: 584416K->416K(701376K)] 691536K->107584K(1388352K), 0.0167370 secs] [Times: user=0.07 sys=0.00, real=0.02 secs] 
2014-07-08T06:56:22.492+0000: 627.583: [GC [PSYoungGen: 701344K->256K(841408K)] 808512K->107600K(1528384K), 0.0048050 secs] [Times: user=0.02 sys=0.00, real=0.01 secs] 
2014-07-08T06:56:24.292+0000: 629.382: [GC [PSYoungGen: 841408K->192K(809152K)] 948752K->107608K(1496128K), 0.0044550 secs] [Times: user=0.01 sys=0.00, real=0.01 secs] 
2014-07-08T06:56:26.035+0000: 631.125: [GC [PSYoungGen: 809128K->438K(778752K)] 916544K->107974K(1465728K), 0.0132870 secs] [Times: user=0.05 sys=0.00, real=0.01 secs] 
2014-07-08T06:56:27.717+0000: 632.807: [GC [PSYoungGen: 778742K->676K(749824K)] 886278K->108324K(1436800K), 0.0057640 secs] [Times: user=0.01 sys=0.01, real=0.00 secs] 
2014-07-08T06:56:29.285+0000: 634.376: [GC [PSYoungGen: 749796K->324K(721664K)] 857444K->108036K(1408640K), 0.0066880 secs] [Times: user=0.02 sys=0.00, real=0.00 secs] 
2014-07-08T06:56:30.845+0000: 635.935: [GC [PSYoungGen: 721604K->644K(695424K)] 829316K->108420K(1382400K), 0.0258900 secs] [Times: user=0.09 sys=0.00, real=0.03 secs] 
2014-07-08T06:56:32.309+0000: 637.399: [GC [PSYoungGen: 695364K->320K(669760K)] 803140K->108224K(1356736K), 0.0079010 secs] [Times: user=0.02 sys=0.00, real=0.01 secs] 
2014-07-08T06:56:33.770+0000: 638.860: [GC [PSYoungGen: 669661K->804K(646144K)] 777566K->108820K(1333120K), 0.0044490 secs] [Times: user=0.02 sys=0.00, real=0.00 secs] 
2014-07-08T06:56:35.120+0000: 640.210: [GC [PSYoungGen: 646116K->352K(622656K)] 754132K->108480K(1309632K), 0.0048480 secs] [Times: user=0.01 sys=0.00, real=0.00 secs] 
2014-07-08T06:56:36.456+0000: 641.547: [GC [PSYoungGen: 622624K->288K(600640K)] 730752K->108568K(1287616K), 0.0188100 secs] [Times: user=0.06 sys=0.00, real=0.01 secs] 
2014-07-08T06:56:37.751+0000: 642.842: [GC [PSYoungGen: 600580K->416K(579776K)] 708861K->108768K(1266752K), 0.0081760 secs] [Times: user=0.03 sys=0.00, real=0.01 secs] 
2014-07-08T06:56:39.022+0000: 644.113: [GC [PSYoungGen: 579729K->516K(559872K)] 688082K->108932K(1246848K), 0.0109470 secs] [Times: user=0.04 sys=0.00, real=0.01 secs] 
2014-07-08T06:56:40.174+0000: 645.264: [GC [PSYoungGen: 559812K->324K(540544K)] 668228K->108796K(1227520K), 0.0107810 secs] [Times: user=0.04 sys=0.00, real=0.01 secs] 
2014-07-08T06:56:41.335+0000: 646.425: [GC [PSYoungGen: 540484K->580K(522560K)] 648956K->109108K(1209536K), 0.0056540 secs] [Times: user=0.01 sys=0.00, real=0.01 secs] 
2014-07-08T06:56:42.449+0000: 647.539: [GC [PSYoungGen: 522500K->320K(626624K)] 631028K->108968K(1313600K), 0.0207540 secs] [Times: user=0.07 sys=0.00, real=0.02 secs] 
2014-07-08T06:56:43.786+0000: 648.876: [GC [PSYoungGen: 626624K->320K(751936K)] 735272K->109032K(1438912K), 0.0213760 secs] [Times: user=0.07 sys=0.00, real=0.03 secs] 
2014-07-08T06:56:45.469+0000: 650.560: [GC [PSYoungGen: 751936K->804K(724480K)] 860648K->109772K(1411456K), 0.0066650 secs] [Times: user=0.01 sys=0.00, real=0.00 secs] 
2014-07-08T06:56:46.951+0000: 652.041: [GC [PSYoungGen: 724452K->320K(697344K)] 833420K->109440K(1384320K), 0.0088400 secs] [Times: user=0.03 sys=0.00, real=0.01 secs] 
2014-07-08T06:56:48.428+0000: 653.518: [GC [PSYoungGen: 697344K->160K(671808K)] 806464K->109392K(1358784K), 0.0072840 secs] [Times: user=0.01 sys=0.00, real=0.01 secs] 
2014-07-08T06:56:49.903+0000: 654.994: [GC [PSYoungGen: 671776K->658K(648064K)] 781008K->109922K(1335040K), 0.0063740 secs] [Times: user=0.01 sys=0.01, real=0.01 secs] 
2014-07-08T06:56:51.346+0000: 656.437: [GC [PSYoungGen: 648004K->836K(625152K)] 757269K->110164K(1312128K), 0.0104870 secs] [Times: user=0.04 sys=0.00, real=0.01 secs] 
2014-07-08T06:56:52.596+0000: 657.687: [GC [PSYoungGen: 625092K->466K(749632K)] 734420K->109978K(1436608K), 0.0353570 secs] [Times: user=0.12 sys=0.00, real=0.04 secs] 
2014-07-08T06:56:54.182+0000: 659.272: [GC [PSYoungGen: 749586K->274K(899264K)] 859098K->109866K(1586240K), 0.0124820 secs] [Times: user=0.04 sys=0.00, real=0.01 secs] 
2014-07-08T06:56:56.125+0000: 661.215: [GC [PSYoungGen: 899218K->224K(864320K)] 1008810K->109936K(1551296K), 0.0071160 secs] [Times: user=0.01 sys=0.00, real=0.01 secs] 
2014-07-08T06:56:57.994+0000: 663.085: [GC [PSYoungGen: 864265K->608K(831488K)] 973978K->110440K(1518464K), 0.0081820 secs] [Times: user=0.01 sys=0.00, real=0.01 secs] 
2014-07-08T06:56:59.771+0000: 664.861: [GC [PSYoungGen: 831448K->512K(799680K)] 941281K->110416K(1486656K), 0.0042320 secs] [Times: user=0.02 sys=0.00, real=0.00 secs] 
2014-07-08T06:57:01.452+0000: 666.543: [GC [PSYoungGen: 799677K->402K(769408K)] 909581K->110354K(1456384K), 0.0153530 secs] [Times: user=0.05 sys=0.00, real=0.01 secs] 
2014-07-08T06:57:03.089+0000: 668.179: [GC [PSYoungGen: 769362K->242K(740480K)] 879314K->110314K(1427456K), 0.0044210 secs] [Times: user=0.01 sys=0.00, real=0.01 secs] 
2014-07-08T06:57:04.681+0000: 669.772: [GC [PSYoungGen: 740462K->480K(713344K)] 850535K->110648K(1400320K), 0.0048180 secs] [Times: user=0.01 sys=0.00, real=0.00 secs] 
2014-07-08T06:57:06.207+0000: 671.298: [GC [PSYoungGen: 713312K->242K(686912K)] 823480K->110538K(1373888K), 0.0078480 secs] [Times: user=0.01 sys=0.00, real=0.01 secs] 
2014-07-08T06:57:07.682+0000: 672.773: [GC [PSYoungGen: 686898K->530K(662272K)] 797194K->110938K(1349248K), 0.0054190 secs] [Times: user=0.01 sys=0.00, real=0.00 secs] 
2014-07-08T06:57:09.133+0000: 674.223: [GC [PSYoungGen: 662226K->480K(638400K)] 772634K->110960K(1325376K), 0.0330790 secs] [Times: user=0.12 sys=0.00, real=0.03 secs] 
2014-07-08T06:57:10.454+0000: 675.545: [GC [PSYoungGen: 638368K->288K(615552K)] 748848K->110856K(1302528K), 0.0118650 secs] [Times: user=0.04 sys=0.00, real=0.01 secs] 
2014-07-08T06:57:11.793+0000: 676.883: [GC [PSYoungGen: 615520K->836K(594496K)] 726088K->111492K(1281472K), 0.0073680 secs] [Times: user=0.01 sys=0.00, real=0.00 secs] 
2014-07-08T06:57:13.025+0000: 678.116: [GC [PSYoungGen: 594436K->306K(712640K)] 705092K->111098K(1399616K), 0.0200490 secs] [Times: user=0.07 sys=0.00, real=0.02 secs] 
2014-07-08T06:57:14.552+0000: 679.643: [GC [PSYoungGen: 712626K->324K(855168K)] 823418K->111188K(1542144K), 0.0151760 secs] [Times: user=0.06 sys=0.00, real=0.01 secs] 
2014-07-08T06:57:16.454+0000: 681.544: [GC [PSYoungGen: 855081K->534K(822528K)] 965946K->111510K(1509504K), 0.0076190 secs] [Times: user=0.02 sys=0.00, real=0.00 secs] 
2014-07-08T06:57:18.153+0000: 683.243: [GC [PSYoungGen: 822486K->160K(790912K)] 933462K->111296K(1477888K), 0.0071090 secs] [Times: user=0.01 sys=0.01, real=0.00 secs] 
2014-07-08T06:57:19.854+0000: 684.944: [GC [PSYoungGen: 790880K->544K(761536K)] 902016K->111744K(1448512K), 0.0055910 secs] [Times: user=0.02 sys=0.00, real=0.00 secs] 
2014-07-08T06:57:21.464+0000: 686.555: [GC [PSYoungGen: 761504K->580K(733184K)] 872704K->111860K(1420160K), 0.0062700 secs] [Times: user=0.03 sys=0.00, real=0.00 secs] 
2014-07-08T06:57:23.028+0000: 688.118: [GC [PSYoungGen: 733124K->256K(705728K)] 844404K->111656K(1392704K), 0.0045240 secs] [Times: user=0.01 sys=0.00, real=0.00 secs] 
2014-07-08T06:57:24.537+0000: 689.628: [GC [PSYoungGen: 705728K->320K(680000K)] 817128K->111888K(1366976K), 0.0216780 secs] [Times: user=0.08 sys=0.00, real=0.02 secs] 
2014-07-08T06:57:26.136+0000: 691.226: [GC [PSYoungGen: 680000K->790K(655872K)] 791568K->112470K(1342848K), 0.0204060 secs] [Times: user=0.07 sys=0.00, real=0.02 secs] 
2014-07-08T06:57:27.399+0000: 692.489: [GC [PSYoungGen: 655830K->160K(631744K)] 767510K->111976K(1318720K), 0.0050150 secs] [Times: user=0.01 sys=0.00, real=0.01 secs] 
2014-07-08T06:57:28.873+0000: 693.964: [GC [PSYoungGen: 631712K->960K(610112K)] 743528K->112982K(1297088K), 0.0166960 secs] [Times: user=0.06 sys=0.00, real=0.02 secs] 
2014-07-08T06:57:30.116+0000: 695.207: [GC [PSYoungGen: 610112K->562K(588352K)] 722134K->112696K(1275328K), 0.0110060 secs] [Times: user=0.04 sys=0.00, real=0.01 secs] 
2014-07-08T06:57:31.340+0000: 696.431: [GC [PSYoungGen: 588338K->320K(567680K)] 700472K->112526K(1254656K), 0.0046020 secs] [Times: user=0.01 sys=0.00, real=0.01 secs] 
2014-07-08T06:57:32.519+0000: 697.610: [GC [PSYoungGen: 567680K->388K(548352K)] 679886K->112706K(1235328K), 0.0155160 secs] [Times: user=0.06 sys=0.00, real=0.02 secs] 
2014-07-08T06:57:33.693+0000: 698.783: [GC [PSYoungGen: 548212K->452K(529792K)] 660530K->112866K(1216768K), 0.0108290 secs] [Times: user=0.04 sys=0.00, real=0.01 secs] 
2014-07-08T06:57:34.830+0000: 699.921: [GC [PSYoungGen: 529732K->466K(512000K)] 642146K->112936K(1198976K), 0.0048700 secs] [Times: user=0.02 sys=0.00, real=0.01 secs] 
2014-07-08T06:57:36.046+0000: 701.137: [GC [PSYoungGen: 511954K->946K(495488K)] 624424K->113728K(1182464K), 0.0065890 secs] [Times: user=0.02 sys=0.00, real=0.00 secs] 
2014-07-08T06:57:36.996+0000: 702.086: [GC [PSYoungGen: 495474K->338K(478720K)] 608256K->113192K(1165696K), 0.0076240 secs] [Times: user=0.01 sys=0.00, real=0.00 secs] 
2014-07-08T06:57:38.068+0000: 703.159: [GC [PSYoungGen: 478674K->736K(463616K)] 591528K->113702K(1150592K), 0.0127780 secs] [Times: user=0.05 sys=0.00, real=0.01 secs] 
2014-07-08T06:57:39.011+0000: 704.101: [GC [PSYoungGen: 463584K->256K(448256K)] 576550K->113270K(1135232K), 0.0075690 secs] [Times: user=0.03 sys=0.01, real=0.01 secs] 
2014-07-08T06:57:40.049+0000: 705.139: [GC [PSYoungGen: 448256K->946K(434752K)] 561270K->114008K(1121728K), 0.0079420 secs] [Times: user=0.01 sys=0.01, real=0.01 secs] 
2014-07-08T06:57:40.953+0000: 706.043: [GC [PSYoungGen: 434738K->704K(420928K)] 547800K->113846K(1107904K), 0.0077020 secs] [Times: user=0.02 sys=0.00, real=0.01 secs] 
2014-07-08T06:57:41.805+0000: 706.896: [GC [PSYoungGen: 420928K->512K(407744K)] 534070K->113758K(1094720K), 0.0047520 secs] [Times: user=0.02 sys=0.00, real=0.01 secs] 
2014-07-08T06:57:42.661+0000: 707.751: [GC [PSYoungGen: 407744K->384K(395200K)] 520990K->113702K(1082176K), 0.0111720 secs] [Times: user=0.05 sys=0.00, real=0.01 secs] 
2014-07-08T06:57:43.497+0000: 708.588: [GC [PSYoungGen: 395200K->224K(383168K)] 508518K->113606K(1070144K), 0.0030660 secs] [Times: user=0.01 sys=0.00, real=0.00 secs] 
2014-07-08T06:57:44.314+0000: 709.404: [GC [PSYoungGen: 383102K->128K(371648K)] 496485K->113566K(1058624K), 0.0032120 secs] [Times: user=0.01 sys=0.01, real=0.01 secs] 
2014-07-08T06:57:45.117+0000: 710.207: [GC [PSYoungGen: 371648K->192K(360768K)] 485086K->113718K(1047744K), 0.0123470 secs] [Times: user=0.03 sys=0.00, real=0.01 secs] 
2014-07-08T06:57:45.986+0000: 711.076: [GC [PSYoungGen: 360768K->832K(433536K)] 474294K->114430K(1120512K), 0.0125030 secs] [Times: user=0.04 sys=0.01, real=0.02 secs] 
2014-07-08T06:57:46.829+0000: 711.919: [GC [PSYoungGen: 433536K->384K(519680K)] 547134K->114046K(1206656K), 0.0114380 secs] [Times: user=0.04 sys=0.00, real=0.01 secs] 
2014-07-08T06:57:47.954+0000: 713.044: [GC [PSYoungGen: 519646K->630K(502592K)] 633309K->114356K(1189568K), 0.0057030 secs] [Times: user=0.01 sys=0.00, real=0.01 secs] 
2014-07-08T06:57:49.017+0000: 714.107: [GC [PSYoungGen: 502580K->242K(485632K)] 616307K->114016K(1172608K), 0.0110640 secs] [Times: user=0.04 sys=0.00, real=0.01 secs] 
2014-07-08T06:57:50.063+0000: 715.153: [GC [PSYoungGen: 485618K->370K(469952K)] 599392K->114224K(1156928K), 0.0074210 secs] [Times: user=0.03 sys=0.00, real=0.01 secs] 
2014-07-08T06:57:51.062+0000: 716.153: [GC [PSYoungGen: 469931K->224K(454720K)] 583786K->114110K(1141696K), 0.0040120 secs] [Times: user=0.01 sys=0.00, real=0.00 secs] 
2014-07-08T06:57:52.073+0000: 717.164: [GC [PSYoungGen: 454688K->256K(440256K)] 568574K->114214K(1127232K), 0.0056470 secs] [Times: user=0.01 sys=0.00, real=0.01 secs] 
2014-07-08T06:57:52.993+0000: 718.083: [GC [PSYoungGen: 440256K->886K(427072K)] 554214K->114964K(1114048K), 0.0060810 secs] [Times: user=0.02 sys=0.01, real=0.01 secs] 
2014-07-08T06:57:53.884+0000: 718.974: [GC [PSYoungGen: 427062K->804K(413760K)] 541140K->114930K(1100736K), 0.0058410 secs] [Times: user=0.02 sys=0.00, real=0.01 secs] 
2014-07-08T06:57:54.751+0000: 719.841: [GC [PSYoungGen: 413658K->448K(400704K)] 527785K->114622K(1087680K), 0.0098730 secs] [Times: user=0.03 sys=0.00, real=0.01 secs] 
2014-07-08T06:57:55.592+0000: 720.682: [GC [PSYoungGen: 400702K->160K(388288K)] 514877K->114398K(1075264K), 0.0044830 secs] [Times: user=0.02 sys=0.00, real=0.00 secs] 
2014-07-08T06:57:56.418+0000: 721.509: [GC [PSYoungGen: 388256K->210K(376704K)] 502494K->114496K(1063680K), 0.0097020 secs] [Times: user=0.03 sys=0.00, real=0.01 secs] 
2014-07-08T06:57:57.299+0000: 722.390: [GC [PSYoungGen: 376658K->466K(365824K)] 490944K->114824K(1052800K), 0.0055060 secs] [Times: user=0.01 sys=0.00, real=0.00 secs] 
2014-07-08T06:57:58.057+0000: 723.147: [GC [PSYoungGen: 365740K->224K(354880K)] 480099K->114646K(1041856K), 0.0046690 secs] [Times: user=0.01 sys=0.00, real=0.01 secs] 
2014-07-08T06:57:58.787+0000: 723.877: [GC [PSYoungGen: 354848K->644K(345088K)] 469270K->115114K(1032064K), 0.0052720 secs] [Times: user=0.01 sys=0.00, real=0.01 secs] 
2014-07-08T06:57:59.501+0000: 724.591: [GC [PSYoungGen: 345028K->128K(334720K)] 459498K->114614K(1021696K), 0.0041710 secs] [Times: user=0.01 sys=0.00, real=0.00 secs] 
2014-07-08T06:58:00.219+0000: 725.310: [GC [PSYoungGen: 334720K->128K(325312K)] 449206K->114638K(1012288K), 0.0039130 secs] [Times: user=0.01 sys=0.00, real=0.00 secs] 
2014-07-08T06:58:00.932+0000: 726.023: [GC [PSYoungGen: 325312K->612K(316800K)] 439822K->115170K(1003776K), 0.0073280 secs] [Times: user=0.02 sys=0.00, real=0.01 secs] 
2014-07-08T06:58:01.602+0000: 726.693: [GC [PSYoungGen: 316772K->310K(307776K)] 431330K->114908K(994752K), 0.0074820 secs] [Times: user=0.01 sys=0.00, real=0.01 secs] 
2014-07-08T06:58:02.266+0000: 727.356: [GC [PSYoungGen: 307766K->260K(369280K)] 422364K->114914K(1056256K), 0.0104400 secs] [Times: user=0.04 sys=0.00, real=0.01 secs] 
2014-07-08T06:58:03.095+0000: 728.185: [GC [PSYoungGen: 369153K->808K(443584K)] 483808K->115526K(1130560K), 0.0128230 secs] [Times: user=0.05 sys=0.00, real=0.01 secs] 
2014-07-08T06:58:04.118+0000: 729.209: [GC [PSYoungGen: 443559K->530K(531904K)] 558278K->115312K(1218880K), 0.0176890 secs] [Times: user=0.07 sys=0.00, real=0.02 secs] 
2014-07-08T06:58:05.145+0000: 730.235: [GC [PSYoungGen: 531812K->306K(637952K)] 646594K->115224K(1324928K), 0.0120990 secs] [Times: user=0.04 sys=0.00, real=0.01 secs] 
2014-07-08T06:58:06.538+0000: 731.628: [GC [PSYoungGen: 637938K->384K(765568K)] 752856K->115382K(1452544K), 0.0116960 secs] [Times: user=0.04 sys=0.00, real=0.02 secs] 
2014-07-08T06:58:08.186+0000: 733.276: [GC [PSYoungGen: 765568K->388K(737024K)] 880566K->115474K(1424000K), 0.0039760 secs] [Times: user=0.01 sys=0.01, real=0.00 secs] 
2014-07-08T06:58:09.756+0000: 734.846: [GC [PSYoungGen: 736964K->608K(709952K)] 852050K->115782K(1396928K), 0.0077120 secs] [Times: user=0.01 sys=0.00, real=0.01 secs] 
2014-07-08T06:58:11.263+0000: 736.354: [GC [PSYoungGen: 709920K->192K(683520K)] 825094K->115430K(1370496K), 0.0138380 secs] [Times: user=0.06 sys=0.01, real=0.01 secs] 
2014-07-08T06:58:12.735+0000: 737.826: [GC [PSYoungGen: 683450K->548K(659136K)] 798688K->115890K(1346112K), 0.0145620 secs] [Times: user=0.05 sys=0.00, real=0.01 secs] 
2014-07-08T06:58:14.153+0000: 739.244: [GC [PSYoungGen: 659094K->256K(635200K)] 774437K->115702K(1322176K), 0.0045880 secs] [Times: user=0.01 sys=0.00, real=0.00 secs] 
2014-07-08T06:58:15.502+0000: 740.592: [GC [PSYoungGen: 635200K->306K(612736K)] 750646K->115848K(1299712K), 0.0131640 secs] [Times: user=0.05 sys=0.00, real=0.01 secs] 
2014-07-08T06:58:16.879+0000: 741.969: [GC [PSYoungGen: 612722K->754K(591680K)] 728264K->116408K(1278656K), 0.0178770 secs] [Times: user=0.06 sys=0.00, real=0.02 secs] 
2014-07-08T06:58:18.110+0000: 743.200: [GC [PSYoungGen: 591666K->224K(570624K)] 707320K->115982K(1257600K), 0.0062080 secs] [Times: user=0.02 sys=0.00, real=0.01 secs] 
2014-07-08T06:58:19.302+0000: 744.392: [GC [PSYoungGen: 570592K->434K(551232K)] 686350K->116256K(1238208K), 0.0148020 secs] [Times: user=0.05 sys=0.00, real=0.01 secs] 
2014-07-08T06:58:20.487+0000: 745.578: [GC [PSYoungGen: 551218K->342K(532416K)] 667040K->116180K(1219392K), 0.0039800 secs] [Times: user=0.00 sys=0.01, real=0.00 secs] 
2014-07-08T06:58:21.701+0000: 746.792: [GC [PSYoungGen: 532312K->886K(515008K)] 648151K->116940K(1201984K), 0.0084400 secs] [Times: user=0.02 sys=0.00, real=0.01 secs] 
2014-07-08T06:58:22.746+0000: 747.836: [GC [PSYoungGen: 514953K->790K(497856K)] 631008K->116972K(1184832K), 0.0060960 secs] [Times: user=0.01 sys=0.00, real=0.00 secs] 
2014-07-08T06:58:23.814+0000: 748.905: [GC [PSYoungGen: 497814K->402K(481152K)] 613996K->116712K(1168128K), 0.0037250 secs] [Times: user=0.01 sys=0.00, real=0.00 secs] 
2014-07-08T06:58:24.853+0000: 749.943: [GC [PSYoungGen: 481100K->608K(465728K)] 597411K->116998K(1152704K), 0.0061370 secs] [Times: user=0.02 sys=0.00, real=0.00 secs] 
2014-07-08T06:58:25.834+0000: 750.925: [GC [PSYoungGen: 465617K->808K(451008K)] 582008K->117286K(1137984K), 0.0074460 secs] [Times: user=0.03 sys=0.00, real=0.01 secs] 
2014-07-08T06:58:26.882+0000: 751.972: [GC [PSYoungGen: 450984K->1092K(437056K)] 567462K->117618K(1124032K), 0.0050810 secs] [Times: user=0.01 sys=0.00, real=0.01 secs] 
2014-07-08T06:58:27.698+0000: 752.789: [GC [PSYoungGen: 436989K->370K(422592K)] 553516K->117064K(1109568K), 0.0057630 secs] [Times: user=0.01 sys=0.00, real=0.01 secs] 
2014-07-08T06:58:28.605+0000: 753.695: [GC [PSYoungGen: 422578K->338K(409536K)] 539272K->117088K(1096512K), 0.0045180 secs] [Times: user=0.02 sys=0.00, real=0.00 secs] 
2014-07-08T06:58:29.478+0000: 754.569: [GC [PSYoungGen: 409435K->160K(396800K)] 526186K->116974K(1083776K), 0.0038430 secs] [Times: user=0.01 sys=0.00, real=0.00 secs] 
2014-07-08T06:58:30.331+0000: 755.421: [GC [PSYoungGen: 396768K->96K(384768K)] 513582K->116926K(1071744K), 0.0062730 secs] [Times: user=0.00 sys=0.01, real=0.01 secs] 
2014-07-08T06:58:31.152+0000: 756.242: [GC [PSYoungGen: 384736K->96K(373312K)] 501566K->116990K(1060288K), 0.0032880 secs] [Times: user=0.01 sys=0.00, real=0.01 secs] 
2014-07-08T06:58:32.099+0000: 757.189: [GC [PSYoungGen: 373280K->850K(363072K)] 490174K->117800K(1050048K), 0.0060540 secs] [Times: user=0.01 sys=0.00, real=0.01 secs] 
2014-07-08T06:58:32.729+0000: 757.819: [GC [PSYoungGen: 363026K->608K(352256K)] 479976K->117654K(1039232K), 0.0068760 secs] [Times: user=0.01 sys=0.01, real=0.01 secs] 
2014-07-08T06:58:33.471+0000: 758.562: [GC [PSYoungGen: 352222K->242K(341760K)] 469269K->117328K(1028736K), 0.0034160 secs] [Times: user=0.01 sys=0.00, real=0.01 secs] 
2014-07-08T06:58:34.215+0000: 759.306: [GC [PSYoungGen: 341746K->256K(332032K)] 458832K->117430K(1019008K), 0.0043970 secs] [Times: user=0.01 sys=0.00, real=0.00 secs] 
2014-07-08T06:58:34.951+0000: 760.042: [GC [PSYoungGen: 332032K->612K(323136K)] 449206K->117858K(1010112K), 0.0050900 secs] [Times: user=0.01 sys=0.00, real=0.01 secs] 
2014-07-08T06:58:35.615+0000: 760.705: [GC [PSYoungGen: 323108K->114K(313664K)] 440354K->117408K(1000640K), 0.0068080 secs] [Times: user=0.01 sys=0.00, real=0.00 secs] 
2014-07-08T06:58:36.289+0000: 761.379: [GC [PSYoungGen: 313650K->192K(376448K)] 430944K->117510K(1063424K), 0.0128470 secs] [Times: user=0.05 sys=0.00, real=0.01 secs] 
2014-07-08T06:58:37.147+0000: 762.237: [GC [PSYoungGen: 376448K->502K(365632K)] 493766K->117892K(1052608K), 0.0065000 secs] [Times: user=0.02 sys=0.00, real=0.00 secs] 
2014-07-08T06:58:37.901+0000: 762.991: [GC [PSYoungGen: 365606K->768K(438912K)] 482996K->118230K(1125888K), 0.0205800 secs] [Times: user=0.06 sys=0.00, real=0.02 secs] 
2014-07-08T06:58:38.868+0000: 763.958: [GC [PSYoungGen: 438912K->932K(526784K)] 556374K->118530K(1213760K), 0.0061240 secs] [Times: user=0.02 sys=0.00, real=0.01 secs] 
2014-07-08T06:58:40.061+0000: 765.151: [GC [PSYoungGen: 526756K->850K(631936K)] 644354K->118496K(1318912K), 0.0067240 secs] [Times: user=0.02 sys=0.00, real=0.01 secs] 
2014-07-08T06:58:41.304+0000: 766.394: [GC [PSYoungGen: 631890K->306K(757568K)] 749536K->118080K(1444544K), 0.0216690 secs] [Times: user=0.07 sys=0.00, real=0.03 secs] 
2014-07-08T06:58:42.962+0000: 768.053: [GC [PSYoungGen: 757554K->914K(909696K)] 875328K->118784K(1596672K), 0.0078990 secs] [Times: user=0.02 sys=0.00, real=0.01 secs] 
2014-07-08T06:58:44.934+0000: 770.024: [GC [PSYoungGen: 909632K->1220K(874624K)] 1027503K->119250K(1561600K), 0.0070390 secs] [Times: user=0.02 sys=0.00, real=0.01 secs] 
2014-07-08T06:58:46.739+0000: 771.829: [GC [PSYoungGen: 874564K->676K(840384K)] 992594K->118834K(1527360K), 0.0056570 secs] [Times: user=0.01 sys=0.00, real=0.00 secs] 
2014-07-08T06:58:48.531+0000: 773.621: [GC [PSYoungGen: 840356K->256K(807872K)] 958514K->118526K(1494848K), 0.0156810 secs] [Times: user=0.06 sys=0.01, real=0.02 secs] 
2014-07-08T06:58:50.354+0000: 775.444: [GC [PSYoungGen: 807872K->580K(777664K)] 926142K->118962K(1464640K), 0.0109370 secs] [Times: user=0.04 sys=0.00, real=0.01 secs] 
2014-07-08T06:58:51.969+0000: 777.059: [GC [PSYoungGen: 777604K->772K(748736K)] 895986K->119274K(1435712K), 0.0123470 secs] [Times: user=0.05 sys=0.01, real=0.01 secs] 
2014-07-08T06:58:53.529+0000: 778.619: [GC [PSYoungGen: 748676K->274K(720448K)] 867178K->118880K(1407424K), 0.0056020 secs] [Times: user=0.01 sys=0.00, real=0.00 secs] 
2014-07-08T06:58:55.080+0000: 780.171: [GC [PSYoungGen: 720402K->452K(694144K)] 839008K->119154K(1381120K), 0.0046650 secs] [Times: user=0.01 sys=0.01, real=0.00 secs] 
2014-07-08T06:58:56.550+0000: 781.640: [GC [PSYoungGen: 694084K->356K(668736K)] 812786K->119178K(1355712K), 0.0226590 secs] [Times: user=0.07 sys=0.00, real=0.02 secs] 
2014-07-08T06:58:58.030+0000: 783.120: [GC [PSYoungGen: 668654K->384K(644672K)] 787477K->119270K(1331648K), 0.0084740 secs] [Times: user=0.03 sys=0.00, real=0.01 secs] 
2014-07-08T06:58:59.369+0000: 784.459: [GC [PSYoungGen: 644613K->712K(622080K)] 763500K->119734K(1309056K), 0.0045170 secs] [Times: user=0.00 sys=0.00, real=0.00 secs] 
2014-07-08T06:59:00.701+0000: 785.791: [GC [PSYoungGen: 622024K->480K(599872K)] 741046K->119534K(1286848K), 0.0058020 secs] [Times: user=0.01 sys=0.01, real=0.00 secs] 
2014-07-08T06:59:02.019+0000: 787.109: [GC [PSYoungGen: 599840K->512K(578944K)] 718894K->119638K(1265920K), 0.0152890 secs] [Times: user=0.06 sys=0.01, real=0.01 secs] 
2014-07-08T06:59:03.285+0000: 788.375: [GC [PSYoungGen: 578944K->434K(558912K)] 698070K->119664K(1245888K), 0.0122530 secs] [Times: user=0.04 sys=0.00, real=0.01 secs] 
2014-07-08T06:59:04.424+0000: 789.515: [GC [PSYoungGen: 558898K->178K(539584K)] 678128K->119544K(1226560K), 0.0036930 secs] [Times: user=0.01 sys=0.00, real=0.01 secs] 
2014-07-08T06:59:05.582+0000: 790.672: [GC [PSYoungGen: 539570K->338K(521536K)] 658936K->119776K(1208512K), 0.0127650 secs] [Times: user=0.05 sys=0.00, real=0.01 secs] 
2014-07-08T06:59:06.708+0000: 791.799: [GC [PSYoungGen: 521490K->452K(504256K)] 640928K->119970K(1191232K), 0.0061300 secs] [Times: user=0.01 sys=0.00, real=0.01 secs] 
2014-07-08T06:59:07.789+0000: 792.880: [GC [PSYoungGen: 504196K->530K(487680K)] 623714K->120104K(1174656K), 0.0091380 secs] [Times: user=0.03 sys=0.00, real=0.00 secs] 
2014-07-08T06:59:08.833+0000: 793.923: [GC [PSYoungGen: 487634K->434K(471680K)] 607208K->120080K(1158656K), 0.0061310 secs] [Times: user=0.02 sys=0.01, real=0.00 secs] 
2014-07-08T06:59:09.841+0000: 794.931: [GC [PSYoungGen: 471666K->534K(456640K)] 591312K->120260K(1143616K), 0.0061280 secs] [Times: user=0.01 sys=0.00, real=0.00 secs] 
2014-07-08T06:59:10.818+0000: 795.908: [GC [PSYoungGen: 456553K->548K(442112K)] 576280K->120322K(1129088K), 0.0068080 secs] [Times: user=0.02 sys=0.01, real=0.01 secs] 
2014-07-08T06:59:11.768+0000: 796.858: [GC [PSYoungGen: 441999K->580K(428288K)] 561774K->120418K(1115264K), 0.0076830 secs] [Times: user=0.02 sys=0.00, real=0.01 secs] 
2014-07-08T06:59:12.680+0000: 797.770: [GC [PSYoungGen: 428221K->498K(513728K)] 548059K->120392K(1200704K), 0.0177150 secs] [Times: user=0.06 sys=0.00, real=0.01 secs] 
2014-07-08T06:59:13.782+0000: 798.873: [GC [PSYoungGen: 513623K->420K(496640K)] 633518K->120394K(1183616K), 0.0053550 secs] [Times: user=0.01 sys=0.00, real=0.00 secs] 
2014-07-08T06:59:14.942+0000: 800.033: [GC [PSYoungGen: 496612K->818K(480704K)] 616586K->121008K(1167680K), 0.0066920 secs] [Times: user=0.01 sys=0.00, real=0.00 secs] 
2014-07-08T06:59:15.891+0000: 800.982: [GC [PSYoungGen: 480673K->434K(464768K)] 600863K->120960K(1151744K), 0.0071920 secs] [Times: user=0.01 sys=0.00, real=0.00 secs] 
2014-07-08T06:59:16.920+0000: 802.010: [GC [PSYoungGen: 464754K->1000K(450432K)] 585280K->121678K(1137408K), 0.0063710 secs] [Times: user=0.02 sys=0.01, real=0.00 secs] 
2014-07-08T06:59:17.856+0000: 802.946: [GC [PSYoungGen: 450408K->640K(435776K)] 571086K->121422K(1122752K), 0.0082660 secs] [Times: user=0.03 sys=0.01, real=0.01 secs] 
2014-07-08T06:59:18.776+0000: 803.866: [GC [PSYoungGen: 435776K->512K(422016K)] 556558K->121366K(1108992K), 0.0041130 secs] [Times: user=0.01 sys=0.00, real=0.00 secs] 
2014-07-08T06:59:19.676+0000: 804.766: [GC [PSYoungGen: 422001K->256K(506112K)] 542856K->121150K(1193088K), 0.0340960 secs] [Times: user=0.12 sys=0.00, real=0.03 secs] 
2014-07-08T06:59:20.772+0000: 805.862: [GC [PSYoungGen: 506112K->608K(607680K)] 627006K->121534K(1294656K), 0.0302930 secs] [Times: user=0.11 sys=0.01, real=0.03 secs] 
2014-07-08T06:59:22.056+0000: 807.146: [GC [PSYoungGen: 607648K->160K(728640K)] 728574K->121182K(1415616K), 0.0046980 secs] [Times: user=0.01 sys=0.00, real=0.00 secs] 
2014-07-08T06:59:23.609+0000: 808.699: [GC [PSYoungGen: 728608K->256K(874432K)] 849630K->121366K(1561408K), 0.0034910 secs] [Times: user=0.01 sys=0.00, real=0.01 secs] 
2014-07-08T06:59:25.488+0000: 810.578: [GC [PSYoungGen: 874431K->384K(840832K)] 995542K->121614K(1527808K), 0.0041210 secs] [Times: user=0.01 sys=0.00, real=0.01 secs] 
2014-07-08T06:59:27.288+0000: 812.378: [GC [PSYoungGen: 840832K->256K(808576K)] 962062K->121598K(1495552K), 0.0054000 secs] [Times: user=0.01 sys=0.00, real=0.01 secs] 
2014-07-08T06:59:29.069+0000: 814.160: [GC [PSYoungGen: 808576K->384K(778112K)] 929918K->121838K(1465088K), 0.0104690 secs] [Times: user=0.03 sys=0.00, real=0.01 secs] 
2014-07-08T06:59:30.676+0000: 815.766: [GC [PSYoungGen: 778111K->288K(748864K)] 899565K->121838K(1435840K), 0.0085590 secs] [Times: user=0.03 sys=0.00, real=0.01 secs] 
2014-07-08T06:59:32.330+0000: 817.420: [GC [PSYoungGen: 748832K->256K(720960K)] 870382K->121854K(1407936K), 0.0047330 secs] [Times: user=0.01 sys=0.00, real=0.01 secs] 
2014-07-08T06:59:33.861+0000: 818.952: [GC [PSYoungGen: 720861K->950K(695168K)] 842460K->122692K(1382144K), 0.0048400 secs] [Times: user=0.01 sys=0.00, real=0.01 secs] 
2014-07-08T06:59:35.321+0000: 820.412: [GC [PSYoungGen: 695154K->288K(669248K)] 816897K->122166K(1356224K), 0.0051380 secs] [Times: user=0.02 sys=0.00, real=0.01 secs] 
2014-07-08T06:59:36.771+0000: 821.862: [GC [PSYoungGen: 669214K->512K(645312K)] 791093K->122486K(1332288K), 0.0059330 secs] [Times: user=0.01 sys=0.00, real=0.01 secs] 
2014-07-08T06:59:38.286+0000: 823.376: [GC [PSYoungGen: 645312K->658K(622528K)] 767286K->122680K(1309504K), 0.0058700 secs] [Times: user=0.01 sys=0.00, real=0.00 secs] 
2014-07-08T06:59:39.475+0000: 824.565: [GC [PSYoungGen: 622482K->306K(600192K)] 744504K->122472K(1287168K), 0.0115200 secs] [Times: user=0.04 sys=0.00, real=0.01 secs] 
2014-07-08T06:59:40.784+0000: 825.874: [GC [PSYoungGen: 600178K->704K(579648K)] 722344K->122910K(1266624K), 0.0056580 secs] [Times: user=0.01 sys=0.00, real=0.01 secs] 
2014-07-08T06:59:42.025+0000: 827.116: [GC [PSYoungGen: 579648K->466K(559488K)] 701854K->122728K(1246464K), 0.0048010 secs] [Times: user=0.01 sys=0.00, real=0.00 secs] 
2014-07-08T06:59:43.358+0000: 828.448: [GC [PSYoungGen: 559442K->708K(540672K)] 681704K->123066K(1227648K), 0.0105600 secs] [Times: user=0.03 sys=0.00, real=0.01 secs] 
2014-07-08T06:59:44.357+0000: 829.448: [GC [PSYoungGen: 540612K->224K(521920K)] 662970K->122726K(1208896K), 0.0118090 secs] [Times: user=0.04 sys=0.00, real=0.01 secs] 
2014-07-08T06:59:45.481+0000: 830.571: [GC [PSYoungGen: 521888K->160K(504448K)] 644390K->122734K(1191424K), 0.0116270 secs] [Times: user=0.04 sys=0.00, real=0.01 secs] 
2014-07-08T06:59:46.563+0000: 831.653: [GC [PSYoungGen: 504321K->192K(487808K)] 626896K->122830K(1174784K), 0.0165760 secs] [Times: user=0.06 sys=0.00, real=0.02 secs] 
2014-07-08T06:59:47.615+0000: 832.706: [GC [PSYoungGen: 487788K->260K(472000K)] 610427K->122962K(1158976K), 0.0100850 secs] [Times: user=0.04 sys=0.00, real=0.01 secs] 
2014-07-08T06:59:48.625+0000: 833.715: [GC [PSYoungGen: 471862K->260K(456768K)] 594564K->123010K(1143744K), 0.0047400 secs] [Times: user=0.01 sys=0.00, real=0.01 secs] 
2014-07-08T06:59:49.696+0000: 834.787: [GC [PSYoungGen: 456708K->480K(442432K)] 579458K->123302K(1129408K), 0.0099170 secs] [Times: user=0.03 sys=0.00, real=0.01 secs] 
2014-07-08T06:59:50.555+0000: 835.646: [GC [PSYoungGen: 442400K->242K(530560K)] 565222K->123152K(1217536K), 0.0183850 secs] [Times: user=0.07 sys=0.00, real=0.01 secs] 
2014-07-08T06:59:51.688+0000: 836.778: [GC [PSYoungGen: 530546K->352K(636800K)] 653456K->123342K(1323776K), 0.0093220 secs] [Times: user=0.04 sys=0.00, real=0.01 secs] 
2014-07-08T06:59:53.192+0000: 838.282: [GC [PSYoungGen: 636768K->864K(764608K)] 759758K->123934K(1451584K), 0.0214080 secs] [Times: user=0.07 sys=0.00, real=0.02 secs] 
2014-07-08T06:59:54.679+0000: 839.769: [GC [PSYoungGen: 764576K->128K(735296K)] 887646K->123334K(1422272K), 0.0054840 secs] [Times: user=0.02 sys=0.00, real=0.00 secs] 
2014-07-08T06:59:56.253+0000: 841.344: [GC [PSYoungGen: 735296K->224K(708992K)] 858502K->123502K(1395968K), 0.0042240 secs] [Times: user=0.01 sys=0.00, real=0.01 secs] 
2014-07-08T06:59:57.791+0000: 842.881: [GC [PSYoungGen: 708158K->854K(682944K)] 831437K->124284K(1369920K), 0.0119420 secs] [Times: user=0.04 sys=0.00, real=0.01 secs] 
2014-07-08T06:59:59.249+0000: 844.340: [GC [PSYoungGen: 682902K->416K(657792K)] 806332K->123934K(1344768K), 0.0071010 secs] [Times: user=0.03 sys=0.00, real=0.00 secs] 
2014-07-08T07:00:00.642+0000: 845.732: [GC [PSYoungGen: 657760K->224K(634048K)] 781278K->123830K(1321024K), 0.0048960 secs] [Times: user=0.02 sys=0.00, real=0.01 secs] 
2014-07-08T07:00:02.018+0000: 847.108: [GC [PSYoungGen: 634016K->256K(611520K)] 757622K->123918K(1298496K), 0.0041580 secs] [Times: user=0.00 sys=0.01, real=0.00 secs] 
2014-07-08T07:00:03.357+0000: 848.448: [GC [PSYoungGen: 611473K->352K(590208K)] 735136K->124142K(1277184K), 0.0067730 secs] [Times: user=0.02 sys=0.01, real=0.00 secs] 
2014-07-08T07:00:04.595+0000: 849.686: [GC [PSYoungGen: 590176K->224K(569600K)] 713966K->124118K(1256576K), 0.0047430 secs] [Times: user=0.01 sys=0.00, real=0.01 secs] 
2014-07-08T07:00:05.808+0000: 850.899: [GC [PSYoungGen: 569490K->758K(550528K)] 693385K->124724K(1237504K), 0.0111820 secs] [Times: user=0.03 sys=0.00, real=0.01 secs] 
2014-07-08T07:00:07.098+0000: 852.188: [GC [PSYoungGen: 550518K->1010K(532096K)] 674484K->125080K(1219072K), 0.0084530 secs] [Times: user=0.01 sys=0.00, real=0.00 secs] 
2014-07-08T07:00:08.188+0000: 853.278: [GC [PSYoungGen: 532082K->306K(513536K)] 656152K->124660K(1200512K), 0.0136360 secs] [Times: user=0.05 sys=0.00, real=0.02 secs] 
2014-07-08T07:00:09.243+0000: 854.333: [GC [PSYoungGen: 513522K->320K(496512K)] 637876K->124786K(1183488K), 0.0057920 secs] [Times: user=0.02 sys=0.00, real=0.01 secs] 
2014-07-08T07:00:10.297+0000: 855.388: [GC [PSYoungGen: 496512K->224K(595712K)] 620978K->124770K(1282688K), 0.0211910 secs] [Times: user=0.08 sys=0.00, real=0.03 secs] 
2014-07-08T07:00:11.573+0000: 856.663: [GC [PSYoungGen: 595659K->192K(574912K)] 720206K->124786K(1261888K), 0.0042870 secs] [Times: user=0.01 sys=0.00, real=0.00 secs] 
2014-07-08T07:00:12.831+0000: 857.922: [GC [PSYoungGen: 574909K->868K(555840K)] 699504K->125566K(1242816K), 0.0084510 secs] [Times: user=0.03 sys=0.00, real=0.01 secs] 
2014-07-08T07:00:14.029+0000: 859.119: [GC [PSYoungGen: 555812K->402K(536448K)] 680510K->125172K(1223424K), 0.0140770 secs] [Times: user=0.05 sys=0.00, real=0.01 secs] 
2014-07-08T07:00:15.177+0000: 860.268: [GC [PSYoungGen: 536364K->370K(518336K)] 661135K->125300K(1205312K), 0.0071760 secs] [Times: user=0.03 sys=0.00, real=0.01 secs] 
2014-07-08T07:00:16.259+0000: 861.349: [GC [PSYoungGen: 518251K->128K(500800K)] 643182K->125122K(1187776K), 0.0045870 secs] [Times: user=0.01 sys=0.00, real=0.01 secs] 
2014-07-08T07:00:17.329+0000: 862.419: [GC [PSYoungGen: 500800K->128K(484288K)] 625794K->125178K(1171264K), 0.0139310 secs] [Times: user=0.05 sys=0.00, real=0.02 secs] 
2014-07-08T07:00:18.370+0000: 863.460: [GC [PSYoungGen: 484288K->256K(469504K)] 609338K->125378K(1156480K), 0.0080540 secs] [Times: user=0.03 sys=0.00, real=0.00 secs] 
2014-07-08T07:00:19.415+0000: 864.505: [GC [PSYoungGen: 468672K->356K(453696K)] 593794K->125526K(1140672K), 0.0044730 secs] [Times: user=0.01 sys=0.00, real=0.00 secs] 
2014-07-08T07:00:20.345+0000: 865.436: [GC [PSYoungGen: 453668K->306K(439232K)] 578838K->125564K(1126208K), 0.0116870 secs] [Times: user=0.04 sys=0.00, real=0.01 secs] 
2014-07-08T07:00:21.300+0000: 866.390: [GC [PSYoungGen: 439218K->384K(425472K)] 564476K->125722K(1112448K), 0.0080990 secs] [Times: user=0.03 sys=0.00, real=0.01 secs] 
2014-07-08T07:00:22.201+0000: 867.291: [GC [PSYoungGen: 425472K->242K(510400K)] 550810K->125660K(1197376K), 0.0225060 secs] [Times: user=0.07 sys=0.00, real=0.02 secs] 
2014-07-08T07:00:23.354+0000: 868.444: [GC [PSYoungGen: 510380K->608K(612864K)] 635799K->126074K(1299840K), 0.0042560 secs] [Times: user=0.01 sys=0.01, real=0.00 secs] 
2014-07-08T07:00:24.607+0000: 869.697: [GC [PSYoungGen: 612832K->128K(590848K)] 738298K->125674K(1277824K), 0.0039810 secs] [Times: user=0.01 sys=0.00, real=0.01 secs] 
2014-07-08T07:00:26.059+0000: 871.150: [GC [PSYoungGen: 590820K->886K(571072K)] 716367K->126520K(1258048K), 0.0122600 secs] [Times: user=0.05 sys=0.00, real=0.02 secs] 
2014-07-08T07:00:27.143+0000: 872.234: [GC [PSYoungGen: 571062K->320K(684544K)] 696696K->126122K(1371520K), 0.0265610 secs] [Times: user=0.10 sys=0.00, real=0.02 secs] 
2014-07-08T07:00:28.560+0000: 873.650: [GC [PSYoungGen: 684544K->224K(821376K)] 810346K->126106K(1508352K), 0.0071850 secs] [Times: user=0.01 sys=0.00, real=0.01 secs] 
2014-07-08T07:00:30.323+0000: 875.413: [GC [PSYoungGen: 821344K->292K(790208K)] 947226K->126238K(1477184K), 0.0078240 secs] [Times: user=0.01 sys=0.00, real=0.00 secs] 
2014-07-08T07:00:32.046+0000: 877.136: [GC [PSYoungGen: 790180K->626K(760768K)] 916126K->126636K(1447744K), 0.0055890 secs] [Times: user=0.01 sys=0.00, real=0.00 secs] 
2014-07-08T07:00:33.645+0000: 878.736: [GC [PSYoungGen: 760754K->274K(732096K)] 886764K->126412K(1419072K), 0.0081710 secs] [Times: user=0.01 sys=0.00, real=0.01 secs] 
2014-07-08T07:00:35.218+0000: 880.309: [GC [PSYoungGen: 732042K->274K(705088K)] 858181K->126532K(1392064K), 0.0138670 secs] [Times: user=0.05 sys=0.00, real=0.02 secs] 
2014-07-08T07:00:36.736+0000: 881.827: [GC [PSYoungGen: 705036K->726K(679744K)] 831295K->127096K(1366720K), 0.0045000 secs] [Times: user=0.02 sys=0.00, real=0.00 secs] 
2014-07-08T07:00:38.199+0000: 883.289: [GC [PSYoungGen: 679702K->320K(654720K)] 806072K->126770K(1341696K), 0.0062880 secs] [Times: user=0.01 sys=0.00, real=0.01 secs] 
2014-07-08T07:00:39.581+0000: 884.672: [GC [PSYoungGen: 654720K->224K(631232K)] 781170K->126730K(1318208K), 0.0277580 secs] [Times: user=0.09 sys=0.01, real=0.03 secs] 
2014-07-08T07:00:40.957+0000: 886.047: [GC [PSYoungGen: 631200K->914K(758144K)] 757706K->127492K(1445120K), 0.0218820 secs] [Times: user=0.08 sys=0.00, real=0.02 secs] 
2014-07-08T07:00:42.600+0000: 887.690: [GC [PSYoungGen: 758091K->384K(729344K)] 884669K->127058K(1416320K), 0.0050900 secs] [Times: user=0.01 sys=0.00, real=0.01 secs] 
2014-07-08T07:00:44.176+0000: 889.266: [GC [PSYoungGen: 729341K->388K(875200K)] 856016K->127174K(1562176K), 0.0354550 secs] [Times: user=0.12 sys=0.00, real=0.03 secs] 
2014-07-08T07:00:46.039+0000: 891.130: [GC [PSYoungGen: 875140K->544K(1050304K)] 1001926K->127474K(1737280K), 0.0094730 secs] [Times: user=0.02 sys=0.00, real=0.01 secs] 
2014-07-08T07:00:48.308+0000: 893.399: [GC [PSYoungGen: 1050272K->498K(1008128K)] 1177202K->127524K(1695104K), 0.0063360 secs] [Times: user=0.02 sys=0.00, real=0.01 secs] 
2014-07-08T07:00:50.415+0000: 895.505: [GC [PSYoungGen: 1008086K->388K(968000K)] 1135113K->127510K(1654976K), 0.0113690 secs] [Times: user=0.04 sys=0.01, real=0.01 secs] 
2014-07-08T07:00:52.490+0000: 897.580: [GC [PSYoungGen: 967940K->356K(929792K)] 1095062K->127598K(1616768K), 0.0052540 secs] [Times: user=0.01 sys=0.00, real=0.01 secs] 
2014-07-08T07:00:54.541+0000: 899.632: [GC [PSYoungGen: 929764K->352K(893440K)] 1057006K->127714K(1580416K), 0.0041940 secs] [Times: user=0.01 sys=0.00, real=0.01 secs] 
2014-07-08T07:00:56.404+0000: 901.494: [GC [PSYoungGen: 893408K->256K(858688K)] 1020770K->127802K(1545664K), 0.0093630 secs] [Times: user=0.04 sys=0.01, real=0.01 secs] 
2014-07-08T07:00:58.248+0000: 903.339: [GC [PSYoungGen: 858688K->192K(825664K)] 986234K->127834K(1512640K), 0.0050770 secs] [Times: user=0.02 sys=0.00, real=0.00 secs] 
2014-07-08T07:01:00.091+0000: 905.181: [GC [PSYoungGen: 825662K->804K(794880K)] 953304K->128694K(1481856K), 0.0082760 secs] [Times: user=0.02 sys=0.00, real=0.01 secs] 
2014-07-08T07:01:01.721+0000: 906.811: [GC [PSYoungGen: 794852K->640K(764736K)] 922742K->128610K(1451712K), 0.0068250 secs] [Times: user=0.02 sys=0.00, real=0.01 secs] 
2014-07-08T07:01:03.354+0000: 908.444: [GC [PSYoungGen: 764736K->192K(735744K)] 892706K->128330K(1422720K), 0.0075340 secs] [Times: user=0.02 sys=0.01, real=0.01 secs] 
2014-07-08T07:01:04.961+0000: 910.051: [GC [PSYoungGen: 735744K->722K(709120K)] 863882K->128988K(1396096K), 0.0076520 secs] [Times: user=0.01 sys=0.00, real=0.01 secs] 
2014-07-08T07:01:06.474+0000: 911.564: [GC [PSYoungGen: 709074K->338K(682816K)] 837340K->128772K(1369792K), 0.0062340 secs] [Times: user=0.01 sys=0.00, real=0.01 secs] 
2014-07-08T07:01:07.955+0000: 913.045: [GC [PSYoungGen: 682764K->690K(658432K)] 811199K->129244K(1345408K), 0.0067320 secs] [Times: user=0.01 sys=0.00, real=0.01 secs] 
2014-07-08T07:01:09.354+0000: 914.445: [GC [PSYoungGen: 658410K->352K(634496K)] 786965K->128978K(1321472K), 0.0064340 secs] [Times: user=0.01 sys=0.00, real=0.01 secs] 
2014-07-08T07:01:10.690+0000: 915.780: [GC [PSYoungGen: 634464K->160K(611776K)] 763090K->128858K(1298752K), 0.0143490 secs] [Times: user=0.03 sys=0.00, real=0.01 secs] 
2014-07-08T07:01:12.059+0000: 917.150: [GC [PSYoungGen: 611744K->928K(591040K)] 740442K->129730K(1278016K), 0.0067530 secs] [Times: user=0.02 sys=0.00, real=0.00 secs] 
2014-07-08T07:01:13.263+0000: 918.354: [GC [PSYoungGen: 590982K->228K(569856K)] 719785K->129166K(1256832K), 0.0050160 secs] [Times: user=0.01 sys=0.00, real=0.01 secs] 
2014-07-08T07:01:14.503+0000: 919.594: [GC [PSYoungGen: 569828K->680K(550720K)] 698766K->129714K(1237696K), 0.0109350 secs] [Times: user=0.04 sys=0.00, real=0.01 secs] 
2014-07-08T07:01:15.671+0000: 920.762: [GC [PSYoungGen: 550696K->242K(531584K)] 679730K->129404K(1218560K), 0.0151960 secs] [Times: user=0.05 sys=0.00, real=0.01 secs] 
2014-07-08T07:01:16.825+0000: 921.915: [GC [PSYoungGen: 531570K->608K(514112K)] 660732K->129842K(1201088K), 0.0109200 secs] [Times: user=0.04 sys=0.00, real=0.01 secs] 
2014-07-08T07:01:17.943+0000: 923.033: [GC [PSYoungGen: 514080K->658K(497088K)] 643314K->129972K(1184064K), 0.0080150 secs] [Times: user=0.02 sys=0.00, real=0.01 secs] 
2014-07-08T07:01:19.066+0000: 924.156: [GC [PSYoungGen: 496967K->1014K(481088K)] 626282K->130480K(1168064K), 0.0093030 secs] [Times: user=0.02 sys=0.00, real=0.01 secs] 
2014-07-08T07:01:20.029+0000: 925.119: [GC [PSYoungGen: 481078K->480K(464960K)] 610544K->130002K(1151936K), 0.0046940 secs] [Times: user=0.02 sys=0.00, real=0.01 secs] 
2014-07-08T07:01:21.061+0000: 926.151: [GC [PSYoungGen: 464886K->608K(450176K)] 594409K->130186K(1137152K), 0.0153210 secs] [Times: user=0.05 sys=0.00, real=0.01 secs] 
2014-07-08T07:01:22.023+0000: 927.114: [GC [PSYoungGen: 450144K->818K(436096K)] 579722K->130476K(1123072K), 0.0045950 secs] [Times: user=0.01 sys=0.00, real=0.00 secs] 
2014-07-08T07:01:22.949+0000: 928.040: [GC [PSYoungGen: 436078K->836K(422528K)] 565737K->130542K(1109504K), 0.0059250 secs] [Times: user=0.02 sys=0.00, real=0.00 secs] 
2014-07-08T07:01:23.813+0000: 928.903: [GC [PSYoungGen: 422468K->594K(506624K)] 552174K->130380K(1193600K), 0.0230340 secs] [Times: user=0.07 sys=0.00, real=0.02 secs] 
2014-07-08T07:01:24.903+0000: 929.994: [GC [PSYoungGen: 506578K->516K(607808K)] 636364K->130390K(1294784K), 0.0059530 secs] [Times: user=0.01 sys=0.01, real=0.00 secs] 
2014-07-08T07:01:26.210+0000: 931.300: [GC [PSYoungGen: 607748K->434K(729152K)] 737622K->130428K(1416128K), 0.0354660 secs] [Times: user=0.12 sys=0.00, real=0.04 secs] 
2014-07-08T07:01:27.759+0000: 932.849: [GC [PSYoungGen: 729115K->452K(875008K)] 859110K->130542K(1561984K), 0.0148200 secs] [Times: user=0.04 sys=0.00, real=0.02 secs] 
2014-07-08T07:01:29.648+0000: 934.738: [GC [PSYoungGen: 874948K->192K(1049600K)] 1005038K->130346K(1736576K), 0.0045590 secs] [Times: user=0.01 sys=0.00, real=0.01 secs] 
2014-07-08T07:01:31.917+0000: 937.007: [GC [PSYoungGen: 1049600K->626K(1007936K)] 1179754K->130892K(1694912K), 0.0046590 secs] [Times: user=0.02 sys=0.00, real=0.01 secs] 
2014-07-08T07:01:34.075+0000: 939.166: [GC [PSYoungGen: 1007922K->416K(967680K)] 1138188K->130834K(1654656K), 0.0070260 secs] [Times: user=0.01 sys=0.00, real=0.01 secs] 
2014-07-08T07:01:36.154+0000: 941.244: [GC [PSYoungGen: 967648K->320K(929408K)] 1098066K->130866K(1616384K), 0.0049810 secs] [Times: user=0.01 sys=0.01, real=0.00 secs] 
2014-07-08T07:01:38.170+0000: 943.261: [GC [PSYoungGen: 929393K->480K(893248K)] 1059940K->131250K(1580224K), 0.0365550 secs] [Times: user=0.13 sys=0.00, real=0.04 secs] 
2014-07-08T07:01:40.162+0000: 945.252: [GC [PSYoungGen: 893216K->388K(858560K)] 1023986K->131246K(1545536K), 0.0077510 secs] [Times: user=0.02 sys=0.00, real=0.01 secs] 
2014-07-08T07:01:41.910+0000: 947.001: [GC [PSYoungGen: 858500K->512K(825664K)] 989358K->131482K(1512640K), 0.0046350 secs] [Times: user=0.01 sys=0.00, real=0.01 secs] 
2014-07-08T07:01:43.669+0000: 948.760: [GC [PSYoungGen: 825587K->488K(794240K)] 956558K->131546K(1481216K), 0.0126390 secs] [Times: user=0.05 sys=0.00, real=0.02 secs] 
2014-07-08T07:01:45.439+0000: 950.529: [GC [PSYoungGen: 794214K->818K(764608K)] 925273K->131996K(1451584K), 0.0062600 secs] [Times: user=0.02 sys=0.00, real=0.01 secs] 
2014-07-08T07:01:47.052+0000: 952.142: [GC [PSYoungGen: 764593K->484K(735744K)] 895772K->131838K(1422720K), 0.0041900 secs] [Times: user=0.01 sys=0.00, real=0.01 secs] 
2014-07-08T07:01:48.581+0000: 953.671: [GC [PSYoungGen: 735716K->288K(708352K)] 867070K->131746K(1395328K), 0.0098750 secs] [Times: user=0.02 sys=0.00, real=0.01 secs] 
2014-07-08T07:01:50.145+0000: 955.236: [GC [PSYoungGen: 708234K->954K(683072K)] 839692K->132524K(1370048K), 0.0089760 secs] [Times: user=0.03 sys=0.01, real=0.01 secs] 
2014-07-08T07:01:51.569+0000: 956.660: [GC [PSYoungGen: 683066K->786K(658240K)] 814636K->132428K(1345216K), 0.0092620 secs] [Times: user=0.02 sys=0.01, real=0.01 secs] 
2014-07-08T07:01:53.005+0000: 958.095: [GC [PSYoungGen: 658194K->434K(634304K)] 789836K->132380K(1321280K), 0.0078700 secs] [Times: user=0.02 sys=0.00, real=0.00 secs] 
2014-07-08T07:01:54.339+0000: 959.430: [GC [PSYoungGen: 634290K->352K(611712K)] 766236K->132402K(1298688K), 0.0066070 secs] [Times: user=0.01 sys=0.00, real=0.01 secs] 
2014-07-08T07:01:55.653+0000: 960.743: [GC [PSYoungGen: 611680K->352K(590272K)] 743730K->132538K(1277248K), 0.0281780 secs] [Times: user=0.09 sys=0.00, real=0.03 secs] 
2014-07-08T07:01:56.972+0000: 962.062: [GC [PSYoungGen: 590240K->914K(570368K)] 722426K->133212K(1257344K), 0.0048340 secs] [Times: user=0.02 sys=0.00, real=0.01 secs] 
2014-07-08T07:01:58.143+0000: 963.233: [GC [PSYoungGen: 570322K->160K(550016K)] 702620K->132522K(1236992K), 0.0042910 secs] [Times: user=0.01 sys=0.01, real=0.01 secs] 
2014-07-08T07:01:59.322+0000: 964.413: [GC [PSYoungGen: 549984K->292K(660160K)] 682346K->132726K(1347136K), 0.0237510 secs] [Times: user=0.08 sys=0.00, real=0.03 secs] 
2014-07-08T07:02:00.741+0000: 965.832: [GC [PSYoungGen: 660132K->224K(636416K)] 792566K->132690K(1323392K), 0.0049880 secs] [Times: user=0.01 sys=0.00, real=0.01 secs] 
2014-07-08T07:02:02.138+0000: 967.228: [GC [PSYoungGen: 636384K->452K(763904K)] 768850K->133006K(1450880K), 0.0297610 secs] [Times: user=0.10 sys=0.00, real=0.03 secs] 
2014-07-08T07:02:03.741+0000: 968.831: [GC [PSYoungGen: 763844K->288K(735232K)] 896398K->132946K(1422208K), 0.0067290 secs] [Times: user=0.01 sys=0.00, real=0.01 secs] 
2014-07-08T07:02:05.328+0000: 970.418: [GC [PSYoungGen: 735200K->320K(708032K)] 867858K->133106K(1395008K), 0.0100260 secs] [Times: user=0.03 sys=0.00, real=0.01 secs] 
2014-07-08T07:02:06.859+0000: 971.949: [GC [PSYoungGen: 708032K->466K(682304K)] 840818K->133404K(1369280K), 0.0112230 secs] [Times: user=0.04 sys=0.01, real=0.01 secs] 
2014-07-08T07:02:08.305+0000: 973.396: [GC [PSYoungGen: 682199K->324K(657472K)] 815137K->133318K(1344448K), 0.0065020 secs] [Times: user=0.01 sys=0.01, real=0.01 secs] 
2014-07-08T07:02:09.839+0000: 974.930: [GC [PSYoungGen: 657390K->936K(634496K)] 790385K->134122K(1321472K), 0.0171050 secs] [Times: user=0.05 sys=0.00, real=0.02 secs] 
2014-07-08T07:02:11.166+0000: 976.257: [GC [PSYoungGen: 634460K->480K(611584K)] 767647K->133778K(1298560K), 0.0046790 secs] [Times: user=0.01 sys=0.00, real=0.01 secs] 
2014-07-08T07:02:12.387+0000: 977.478: [GC [PSYoungGen: 611552K->288K(733632K)] 744850K->133730K(1420608K), 0.0388960 secs] [Times: user=0.13 sys=0.00, real=0.03 secs] 
2014-07-08T07:02:13.977+0000: 979.067: [GC [PSYoungGen: 733600K->576K(880576K)] 867042K->134130K(1567552K), 0.0326180 secs] [Times: user=0.11 sys=0.01, real=0.03 secs] 
2014-07-08T07:02:15.930+0000: 981.021: [GC [PSYoungGen: 880576K->836K(1056896K)] 1014130K->134494K(1743872K), 0.0099410 secs] [Times: user=0.02 sys=0.00, real=0.01 secs] 
2014-07-08T07:02:18.109+0000: 983.199: [GC [PSYoungGen: 1056836K->288K(1267520K)] 1190494K->134130K(1954496K), 0.0124210 secs] [Times: user=0.03 sys=0.00, real=0.01 secs] 
2014-07-08T07:02:20.834+0000: 985.925: [GC [PSYoungGen: 1267488K->950K(1215552K)] 1401330K->134904K(1902528K), 0.0135120 secs] [Times: user=0.04 sys=0.00, real=0.01 secs] 
2014-07-08T07:02:23.424+0000: 988.514: [GC [PSYoungGen: 1215542K->320K(1164864K)] 1349496K->134410K(1851840K), 0.0164520 secs] [Times: user=0.07 sys=0.00, real=0.02 secs] 
2014-07-08T07:02:25.967+0000: 991.057: [GC [PSYoungGen: 1164827K->950K(1117888K)] 1298918K->135256K(1804864K), 0.0046590 secs] [Times: user=0.02 sys=0.01, real=0.01 secs] 
2014-07-08T07:02:28.333+0000: 993.423: [GC [PSYoungGen: 1117878K->242K(1071808K)] 1252184K->134700K(1758784K), 0.0049340 secs] [Times: user=0.01 sys=0.00, real=0.00 secs] 
2014-07-08T07:02:30.637+0000: 995.727: [GC [PSYoungGen: 1071750K->438K(1028864K)] 1206208K->135032K(1715840K), 0.0097050 secs] [Times: user=0.04 sys=0.00, real=0.01 secs] 
2014-07-08T07:02:32.889+0000: 997.979: [GC [PSYoungGen: 1028854K->978K(988352K)] 1163448K->135684K(1675328K), 0.0057100 secs] [Times: user=0.02 sys=0.00, real=0.01 secs] 
2014-07-08T07:02:35.079+0000: 1000.169: [GC [PSYoungGen: 988306K->1010K(949248K)] 1123012K->136108K(1636224K), 0.0233030 secs] [Times: user=0.06 sys=0.00, real=0.03 secs] 
2014-07-08T07:02:37.044+0000: 1002.134: [GC [PSYoungGen: 949234K->978K(912000K)] 1084332K->136268K(1598976K), 0.0145630 secs] [Times: user=0.06 sys=0.00, real=0.01 secs] 
2014-07-08T07:02:39.023+0000: 1004.114: [GC [PSYoungGen: 911954K->914K(876480K)] 1047244K->136380K(1563456K), 0.0081920 secs] [Times: user=0.02 sys=0.00, real=0.01 secs] 
2014-07-08T07:02:40.845+0000: 1005.935: [GC [PSYoungGen: 876434K->626K(842368K)] 1011900K->136212K(1529344K), 0.0084850 secs] [Times: user=0.01 sys=0.00, real=0.01 secs] 
2014-07-08T07:02:42.642+0000: 1007.732: [GC [PSYoungGen: 842354K->320K(809856K)] 977940K->136018K(1496832K), 0.0266490 secs] [Times: user=0.10 sys=0.00, real=0.02 secs] 
2014-07-08T07:02:44.472+0000: 1009.562: [GC [PSYoungGen: 809856K->704K(779584K)] 945554K->136498K(1466560K), 0.0045880 secs] [Times: user=0.01 sys=0.00, real=0.01 secs] 
2014-07-08T07:02:46.096+0000: 1011.186: [GC [PSYoungGen: 779584K->370K(750016K)] 915378K->136324K(1436992K), 0.0053240 secs] [Times: user=0.02 sys=0.00, real=0.00 secs] 
2014-07-08T07:02:47.672+0000: 1012.762: [GC [PSYoungGen: 750002K->306K(722112K)] 885956K->136388K(1409088K), 0.0055370 secs] [Times: user=0.02 sys=0.00, real=0.01 secs] 
2014-07-08T07:02:49.244+0000: 1014.335: [GC [PSYoungGen: 722098K->242K(695488K)] 858180K->136372K(1382464K), 0.0045860 secs] [Times: user=0.01 sys=0.01, real=0.00 secs] 
2014-07-08T07:02:50.740+0000: 1015.830: [GC [PSYoungGen: 695474K->288K(670208K)] 831604K->136490K(1357184K), 0.0114140 secs] [Times: user=0.05 sys=0.00, real=0.01 secs] 
2014-07-08T07:02:52.174+0000: 1017.265: [GC [PSYoungGen: 670176K->306K(646080K)] 806378K->136620K(1333056K), 0.0041490 secs] [Times: user=0.01 sys=0.00, real=0.00 secs] 
2014-07-08T07:02:53.543+0000: 1018.633: [GC [PSYoungGen: 646056K->288K(623040K)] 782371K->136738K(1310016K), 0.0069830 secs] [Times: user=0.01 sys=0.00, real=0.01 secs] 
2014-07-08T07:02:54.907+0000: 1019.997: [GC [PSYoungGen: 623008K->576K(601280K)] 759458K->137098K(1288256K), 0.0054870 secs] [Times: user=0.01 sys=0.00, real=0.00 secs] 
2014-07-08T07:02:56.226+0000: 1021.316: [GC [PSYoungGen: 601280K->352K(580096K)] 737802K->136962K(1267072K), 0.0037490 secs] [Times: user=0.01 sys=0.00, real=0.00 secs] 
2014-07-08T07:02:57.425+0000: 1022.515: [GC [PSYoungGen: 580064K->128K(559808K)] 716674K->136874K(1246784K), 0.0055850 secs] [Times: user=0.01 sys=0.00, real=0.00 secs] 
2014-07-08T07:02:58.623+0000: 1023.713: [GC [PSYoungGen: 559808K->192K(540736K)] 696554K->137002K(1227712K), 0.0050210 secs] [Times: user=0.02 sys=0.00, real=0.01 secs] 
2014-07-08T07:02:59.792+0000: 1024.883: [GC [PSYoungGen: 540736K->338K(522688K)] 677546K->137180K(1209664K), 0.0040900 secs] [Times: user=0.01 sys=0.00, real=0.01 secs] 
2014-07-08T07:03:00.935+0000: 1026.026: [GC [PSYoungGen: 522642K->512K(505344K)] 659484K->137418K(1192320K), 0.0036600 secs] [Times: user=0.02 sys=0.00, real=0.00 secs] 
2014-07-08T07:03:02.011+0000: 1027.102: [GC [PSYoungGen: 505344K->320K(488448K)] 642250K->137306K(1175424K), 0.0070400 secs] [Times: user=0.01 sys=0.00, real=0.01 secs] 
2014-07-08T07:03:03.086+0000: 1028.176: [GC [PSYoungGen: 488380K->658K(472896K)] 625367K->137772K(1159872K), 0.0079150 secs] [Times: user=0.01 sys=0.01, real=0.00 secs] 
2014-07-08T07:03:04.101+0000: 1029.192: [GC [PSYoungGen: 472850K->402K(457408K)] 609964K->137588K(1144384K), 0.0044630 secs] [Times: user=0.01 sys=0.00, real=0.01 secs] 
2014-07-08T07:03:05.079+0000: 1030.170: [GC [PSYoungGen: 457362K->736K(443136K)] 594548K->138018K(1130112K), 0.0103220 secs] [Times: user=0.04 sys=0.00, real=0.01 secs] 
2014-07-08T07:03:06.020+0000: 1031.110: [GC [PSYoungGen: 443104K->512K(428928K)] 580386K->137858K(1115904K), 0.0085320 secs] [Times: user=0.02 sys=0.00, real=0.01 secs] 
2014-07-08T07:03:06.955+0000: 1032.045: [GC [PSYoungGen: 428908K->640K(415744K)] 566255K->138066K(1102720K), 0.0058890 secs] [Times: user=0.01 sys=0.00, real=0.00 secs] 
2014-07-08T07:03:07.858+0000: 1032.948: [GC [PSYoungGen: 415744K->626K(402944K)] 553170K->138108K(1089920K), 0.0102720 secs] [Times: user=0.02 sys=0.01, real=0.01 secs] 
2014-07-08T07:03:08.679+0000: 1033.769: [GC [PSYoungGen: 402930K->160K(390272K)] 540412K->137714K(1077248K), 0.0125870 secs] [Times: user=0.04 sys=0.00, real=0.01 secs] 
2014-07-08T07:03:09.523+0000: 1034.613: [GC [PSYoungGen: 390178K->128K(468224K)] 527733K->137706K(1155200K), 0.0216360 secs] [Times: user=0.07 sys=0.00, real=0.02 secs] 
2014-07-08T07:03:10.568+0000: 1035.658: [GC [PSYoungGen: 468224K->936K(562688K)] 605802K->138562K(1249664K), 0.0061850 secs] [Times: user=0.01 sys=0.00, real=0.00 secs] 
2014-07-08T07:03:11.733+0000: 1036.823: [GC [PSYoungGen: 562664K->370K(674496K)] 700290K->138092K(1361472K), 0.0064970 secs] [Times: user=0.01 sys=0.01, real=0.01 secs] 
2014-07-08T07:03:13.248+0000: 1038.339: [GC [PSYoungGen: 674475K->908K(809920K)] 812197K->138702K(1496896K), 0.0244370 secs] [Times: user=0.09 sys=0.00, real=0.02 secs] 
2014-07-08T07:03:14.944+0000: 1040.035: [GC [PSYoungGen: 809868K->416K(778752K)] 947662K->138338K(1465728K), 0.0091000 secs] [Times: user=0.02 sys=0.00, real=0.01 secs] 
2014-07-08T07:03:16.596+0000: 1041.686: [GC [PSYoungGen: 778716K->320K(749440K)] 916639K->138362K(1436416K), 0.0049370 secs] [Times: user=0.01 sys=0.00, real=0.01 secs] 
2014-07-08T07:03:18.204+0000: 1043.294: [GC [PSYoungGen: 749440K->160K(721472K)] 887482K->138298K(1408448K), 0.0036340 secs] [Times: user=0.01 sys=0.00, real=0.01 secs] 
2014-07-08T07:03:19.806+0000: 1044.896: [GC [PSYoungGen: 721440K->808K(695552K)] 859578K->139010K(1382528K), 0.0072530 secs] [Times: user=0.01 sys=0.00, real=0.01 secs] 
2014-07-08T07:03:21.344+0000: 1046.434: [GC [PSYoungGen: 695515K->416K(669888K)] 833718K->138722K(1356864K), 0.0099100 secs] [Times: user=0.03 sys=0.00, real=0.01 secs] 
2014-07-08T07:03:22.692+0000: 1047.782: [GC [PSYoungGen: 669856K->612K(645952K)] 808162K->139070K(1332928K), 0.0176300 secs] [Times: user=0.06 sys=0.00, real=0.02 secs] 
2014-07-08T07:03:24.123+0000: 1049.213: [GC [PSYoungGen: 645924K->950K(623232K)] 784382K->139496K(1310208K), 0.0090450 secs] [Times: user=0.01 sys=0.01, real=0.01 secs] 
2014-07-08T07:03:25.403+0000: 1050.494: [GC [PSYoungGen: 623222K->192K(600512K)] 761768K->138850K(1287488K), 0.0042950 secs] [Times: user=0.01 sys=0.00, real=0.00 secs] 
2014-07-08T07:03:26.689+0000: 1051.780: [GC [PSYoungGen: 600512K->260K(579648K)] 739170K->139014K(1266624K), 0.0155600 secs] [Times: user=0.06 sys=0.00, real=0.01 secs] 
2014-07-08T07:03:27.963+0000: 1053.053: [GC [PSYoungGen: 579588K->544K(559872K)] 718342K->139394K(1246848K), 0.0070660 secs] [Times: user=0.01 sys=0.01, real=0.01 secs] 
2014-07-08T07:03:29.162+0000: 1054.252: [GC [PSYoungGen: 559840K->320K(540480K)] 698690K->139266K(1227456K), 0.0078140 secs] [Times: user=0.02 sys=0.00, real=0.01 secs] 
2014-07-08T07:03:30.299+0000: 1055.389: [GC [PSYoungGen: 540480K->306K(522240K)] 679426K->139316K(1209216K), 0.0156820 secs] [Times: user=0.06 sys=0.00, real=0.02 secs] 
2014-07-08T07:03:31.420+0000: 1056.510: [GC [PSYoungGen: 522226K->320K(504832K)] 661236K->139394K(1191808K), 0.0100570 secs] [Times: user=0.04 sys=0.00, real=0.01 secs] 
2014-07-08T07:03:32.516+0000: 1057.606: [GC [PSYoungGen: 504832K->356K(605824K)] 643906K->139574K(1292800K), 0.0409900 secs] [Times: user=0.15 sys=0.00, real=0.04 secs] 
2014-07-08T07:03:33.829+0000: 1058.919: [GC [PSYoungGen: 605796K->822K(727360K)] 745014K->140104K(1414336K), 0.0064210 secs] [Times: user=0.02 sys=0.01, real=0.02 secs] 
2014-07-08T07:03:35.391+0000: 1060.482: [GC [PSYoungGen: 727350K->384K(872256K)] 866632K->139762K(1559232K), 0.0037420 secs] [Times: user=0.01 sys=0.00, real=0.00 secs] 
2014-07-08T07:03:37.294+0000: 1062.385: [GC [PSYoungGen: 872256K->416K(838720K)] 1011634K->139938K(1525696K), 0.0093340 secs] [Times: user=0.03 sys=0.00, real=0.01 secs] 
2014-07-08T07:03:39.085+0000: 1064.175: [GC [PSYoungGen: 838688K->352K(806656K)] 978210K->140042K(1493632K), 0.0057690 secs] [Times: user=0.01 sys=0.00, real=0.01 secs] 
2014-07-08T07:03:40.784+0000: 1065.874: [GC [PSYoungGen: 806624K->406K(776192K)] 946314K->140152K(1463168K), 0.0055740 secs] [Times: user=0.01 sys=0.00, real=0.00 secs] 
2014-07-08T07:03:42.548+0000: 1067.639: [GC [PSYoungGen: 776150K->594K(747328K)] 915896K->140420K(1434304K), 0.0147960 secs] [Times: user=0.05 sys=0.00, real=0.02 secs] 
2014-07-08T07:03:44.114+0000: 1069.204: [GC [PSYoungGen: 747280K->736K(896832K)] 887107K->140770K(1583808K), 0.0326920 secs] [Times: user=0.11 sys=0.00, real=0.03 secs] 
2014-07-08T07:03:46.077+0000: 1071.168: [GC [PSYoungGen: 896800K->1024K(1076352K)] 1036834K->141170K(1763328K), 0.0288200 secs] [Times: user=0.10 sys=0.00, real=0.03 secs] 
2014-07-08T07:03:48.366+0000: 1073.456: [GC [PSYoungGen: 1076352K->306K(1032320K)] 1216498K->140950K(1719296K), 0.0053580 secs] [Times: user=0.01 sys=0.00, real=0.01 secs] 
2014-07-08T07:03:50.506+0000: 1075.597: [GC [PSYoungGen: 1032298K->288K(991040K)] 1172943K->141060K(1678016K), 0.0096660 secs] [Times: user=0.04 sys=0.00, real=0.01 secs] 
2014-07-08T07:03:52.651+0000: 1077.741: [GC [PSYoungGen: 991008K->402K(951872K)] 1131780K->141334K(1638848K), 0.0069360 secs] [Times: user=0.03 sys=0.00, real=0.01 secs] 
2014-07-08T07:03:54.768+0000: 1079.859: [GC [PSYoungGen: 951826K->612K(914688K)] 1092758K->141696K(1601664K), 0.0169990 secs] [Times: user=0.06 sys=0.01, real=0.02 secs] 
2014-07-08T07:03:56.664+0000: 1081.755: [GC [PSYoungGen: 914596K->324K(878784K)] 1055681K->141568K(1565760K), 0.0077660 secs] [Times: user=0.01 sys=0.00, real=0.00 secs] 
2014-07-08T07:03:58.545+0000: 1083.636: [GC [PSYoungGen: 878724K->356K(844864K)] 1019968K->141736K(1531840K), 0.0093540 secs] [Times: user=0.03 sys=0.00, real=0.01 secs] 
2014-07-08T07:04:00.459+0000: 1085.550: [GC [PSYoungGen: 844799K->776K(812992K)] 986180K->142228K(1499968K), 0.0055760 secs] [Times: user=0.01 sys=0.00, real=0.01 secs] 
2014-07-08T07:04:02.156+0000: 1087.246: [GC [PSYoungGen: 812936K->658K(782080K)] 954388K->142230K(1469056K), 0.0215760 secs] [Times: user=0.07 sys=0.01, real=0.02 secs] 
2014-07-08T07:04:03.787+0000: 1088.877: [GC [PSYoungGen: 782034K->274K(752320K)] 923606K->141982K(1439296K), 0.0048600 secs] [Times: user=0.01 sys=0.00, real=0.00 secs] 
2014-07-08T07:04:05.400+0000: 1090.491: [GC [PSYoungGen: 752274K->256K(724288K)] 893982K->142036K(1411264K), 0.0130080 secs] [Times: user=0.05 sys=0.00, real=0.01 secs] 
2014-07-08T07:04:06.980+0000: 1092.070: [GC [PSYoungGen: 724288K->626K(697984K)] 866068K->142526K(1384960K), 0.0057540 secs] [Times: user=0.01 sys=0.00, real=0.01 secs] 
2014-07-08T07:04:08.451+0000: 1093.541: [GC [PSYoungGen: 697970K->256K(672192K)] 839870K->142292K(1359168K), 0.0272470 secs] [Times: user=0.09 sys=0.00, real=0.03 secs] 
2014-07-08T07:04:09.905+0000: 1094.995: [GC [PSYoungGen: 672192K->416K(648128K)] 814228K->142500K(1335104K), 0.0057100 secs] [Times: user=0.01 sys=0.00, real=0.01 secs] 
2014-07-08T07:04:11.315+0000: 1096.405: [GC [PSYoungGen: 648096K->996K(625600K)] 790180K->143120K(1312576K), 0.0125070 secs] [Times: user=0.05 sys=0.00, real=0.02 secs] 
2014-07-08T07:04:12.639+0000: 1097.730: [GC [PSYoungGen: 625572K->288K(602816K)] 767696K->142532K(1289792K), 0.0135350 secs] [Times: user=0.05 sys=0.00, real=0.01 secs] 
2014-07-08T07:04:13.970+0000: 1099.060: [GC [PSYoungGen: 602784K->690K(582144K)] 745028K->143062K(1269120K), 0.0112470 secs] [Times: user=0.04 sys=0.01, real=0.01 secs] 
2014-07-08T07:04:15.192+0000: 1100.282: [GC [PSYoungGen: 582130K->434K(698176K)] 724502K->142894K(1385152K), 0.0309990 secs] [Times: user=0.11 sys=0.00, real=0.03 secs] 
2014-07-08T07:04:16.684+0000: 1101.774: [GC [PSYoungGen: 698095K->228K(837568K)] 840556K->142784K(1524544K), 0.0046690 secs] [Times: user=0.01 sys=0.01, real=0.01 secs] 
2014-07-08T07:04:18.480+0000: 1103.570: [GC [PSYoungGen: 837540K->224K(805568K)] 980096K->142868K(1492544K), 0.0116410 secs] [Times: user=0.04 sys=0.00, real=0.01 secs] 
2014-07-08T07:04:20.253+0000: 1105.343: [GC [PSYoungGen: 805481K->356K(775232K)] 948126K->143096K(1462208K), 0.0135690 secs] [Times: user=0.05 sys=0.00, real=0.02 secs] 
2014-07-08T07:04:21.900+0000: 1106.991: [GC [PSYoungGen: 775204K->498K(746304K)] 917944K->143310K(1433280K), 0.0042650 secs] [Times: user=0.01 sys=0.00, real=0.00 secs] 
2014-07-08T07:04:23.493+0000: 1108.584: [GC [PSYoungGen: 746290K->402K(718528K)] 889102K->143334K(1405504K), 0.0290470 secs] [Times: user=0.10 sys=0.01, real=0.03 secs] 
2014-07-08T07:04:25.063+0000: 1110.153: [GC [PSYoungGen: 718482K->512K(862208K)] 861414K->143564K(1549184K), 0.0210730 secs] [Times: user=0.08 sys=0.00, real=0.02 secs] 
2014-07-08T07:04:26.910+0000: 1112.000: [GC [PSYoungGen: 862176K->722K(829312K)] 1005229K->143886K(1516288K), 0.0058320 secs] [Times: user=0.02 sys=0.00, real=0.00 secs] 
2014-07-08T07:04:28.764+0000: 1113.854: [GC [PSYoungGen: 829266K->320K(797312K)] 972430K->143588K(1484288K), 0.0047820 secs] [Times: user=0.02 sys=0.00, real=0.01 secs] 
2014-07-08T07:04:30.434+0000: 1115.525: [GC [PSYoungGen: 797312K->484K(767424K)] 940580K->143872K(1454400K), 0.0072850 secs] [Times: user=0.02 sys=0.00, real=0.01 secs] 
2014-07-08T07:04:32.094+0000: 1117.185: [GC [PSYoungGen: 767396K->736K(739008K)] 910784K->144220K(1425984K), 0.0062240 secs] [Times: user=0.02 sys=0.00, real=0.01 secs] 
2014-07-08T07:04:33.632+0000: 1118.723: [GC [PSYoungGen: 738976K->160K(711104K)] 882460K->143764K(1398080K), 0.0080010 secs] [Times: user=0.03 sys=0.00, real=0.01 secs] 
2014-07-08T07:04:35.182+0000: 1120.272: [GC [PSYoungGen: 711072K->384K(685248K)] 854676K->144084K(1372224K), 0.0063420 secs] [Times: user=0.03 sys=0.01, real=0.00 secs] 
2014-07-08T07:04:36.677+0000: 1121.767: [GC [PSYoungGen: 685171K->946K(660992K)] 828872K->144894K(1347968K), 0.0268980 secs] [Times: user=0.10 sys=0.00, real=0.03 secs] 
2014-07-08T07:04:38.112+0000: 1123.202: [GC [PSYoungGen: 660978K->626K(792704K)] 804926K->144990K(1479680K), 0.0232850 secs] [Times: user=0.08 sys=0.00, real=0.02 secs] 
2014-07-08T07:04:39.788+0000: 1124.879: [GC [PSYoungGen: 792690K->498K(762752K)] 937054K->144958K(1449728K), 0.0072460 secs] [Times: user=0.01 sys=0.00, real=0.01 secs] 
2014-07-08T07:04:41.412+0000: 1126.502: [GC [PSYoungGen: 762738K->484K(734272K)] 907198K->145128K(1421248K), 0.0081690 secs] [Times: user=0.02 sys=0.00, real=0.01 secs] 
2014-07-08T07:04:42.998+0000: 1128.088: [GC [PSYoungGen: 734233K->644K(707328K)] 878877K->145400K(1394304K), 0.0054850 secs] [Times: user=0.01 sys=0.00, real=0.01 secs] 
2014-07-08T07:04:44.494+0000: 1129.585: [GC [PSYoungGen: 707254K->338K(681152K)] 852011K->145230K(1368128K), 0.0149300 secs] [Times: user=0.05 sys=0.00, real=0.01 secs] 
2014-07-08T07:04:45.996+0000: 1131.086: [GC [PSYoungGen: 681106K->772K(656960K)] 825998K->145784K(1343936K), 0.0049550 secs] [Times: user=0.01 sys=0.00, real=0.01 secs] 
2014-07-08T07:04:47.411+0000: 1132.502: [GC [PSYoungGen: 656900K->320K(632896K)] 801912K->145460K(1319872K), 0.0068470 secs] [Times: user=0.01 sys=0.00, real=0.00 secs] 
2014-07-08T07:04:48.736+0000: 1133.826: [GC [PSYoungGen: 632896K->128K(610240K)] 778036K->145364K(1297216K), 0.0043530 secs] [Times: user=0.02 sys=0.00, real=0.00 secs] 
2014-07-08T07:04:50.112+0000: 1135.203: [GC [PSYoungGen: 610240K->900K(589632K)] 755476K->146184K(1276608K), 0.0061180 secs] [Times: user=0.02 sys=0.00, real=0.00 secs] 
2014-07-08T07:04:51.328+0000: 1136.419: [GC [PSYoungGen: 589524K->512K(568768K)] 734809K->145876K(1255744K), 0.0043340 secs] [Times: user=0.01 sys=0.00, real=0.01 secs] 
2014-07-08T07:04:52.570+0000: 1137.661: [GC [PSYoungGen: 568768K->352K(549120K)] 714132K->145844K(1236096K), 0.0149020 secs] [Times: user=0.06 sys=0.00, real=0.02 secs] 
2014-07-08T07:04:53.738+0000: 1138.828: [GC [PSYoungGen: 549012K->160K(530304K)] 694505K->145772K(1217280K), 0.0142190 secs] [Times: user=0.05 sys=0.00, real=0.02 secs] 
2014-07-08T07:04:54.891+0000: 1139.981: [GC [PSYoungGen: 530264K->594K(512960K)] 675877K->146294K(1199936K), 0.0152210 secs] [Times: user=0.05 sys=0.00, real=0.02 secs] 
2014-07-08T07:04:56.000+0000: 1141.090: [GC [PSYoungGen: 512838K->640K(495936K)] 658539K->146460K(1182912K), 0.0060050 secs] [Times: user=0.01 sys=0.00, real=0.01 secs] 
2014-07-08T07:04:57.135+0000: 1142.225: [GC [PSYoungGen: 495936K->658K(479744K)] 641756K->146550K(1166720K), 0.0063650 secs] [Times: user=0.01 sys=0.00, real=0.00 secs] 
2014-07-08T07:04:58.124+0000: 1143.215: [GC [PSYoungGen: 479698K->672K(575552K)] 625590K->146668K(1262528K), 0.0296550 secs] [Times: user=0.10 sys=0.00, real=0.03 secs] 
2014-07-08T07:04:59.299+0000: 1144.389: [GC [PSYoungGen: 575520K->160K(690048K)] 721516K->146196K(1377024K), 0.0049410 secs] [Times: user=0.01 sys=0.01, real=0.01 secs] 
2014-07-08T07:05:00.784+0000: 1145.875: [GC [PSYoungGen: 690010K->160K(664960K)] 836046K->146244K(1351936K), 0.0044070 secs] [Times: user=0.01 sys=0.00, real=0.00 secs] 
2014-07-08T07:05:02.365+0000: 1147.455: [GC [PSYoungGen: 664928K->978K(641856K)] 811012K->147134K(1328832K), 0.0132210 secs] [Times: user=0.05 sys=0.00, real=0.01 secs] 
2014-07-08T07:05:03.669+0000: 1148.760: [GC [PSYoungGen: 641810K->804K(618816K)] 787966K->147104K(1305792K), 0.0051220 secs] [Times: user=0.01 sys=0.01, real=0.01 secs] 
2014-07-08T07:05:04.938+0000: 1150.029: [GC [PSYoungGen: 618788K->672K(596928K)] 765088K->147116K(1283904K), 0.0077290 secs] [Times: user=0.01 sys=0.00, real=0.01 secs] 
2014-07-08T07:05:06.271+0000: 1151.361: [GC [PSYoungGen: 596896K->704K(576128K)] 743340K->147276K(1263104K), 0.0094800 secs] [Times: user=0.03 sys=0.00, real=0.01 secs] 
2014-07-08T07:05:07.433+0000: 1152.524: [GC [PSYoungGen: 576128K->256K(555840K)] 722700K->146908K(1242816K), 0.0078920 secs] [Times: user=0.01 sys=0.00, real=0.00 secs] 
2014-07-08T07:05:08.690+0000: 1153.780: [GC [PSYoungGen: 555840K->256K(536896K)] 702492K->146972K(1223872K), 0.0096440 secs] [Times: user=0.03 sys=0.00, real=0.01 secs] 
2014-07-08T07:05:09.797+0000: 1154.888: [GC [PSYoungGen: 536896K->356K(518912K)] 683612K->147168K(1205888K), 0.0073350 secs] [Times: user=0.01 sys=0.00, real=0.01 secs] 
2014-07-08T07:05:10.935+0000: 1156.026: [GC [PSYoungGen: 518884K->516K(501824K)] 665696K->147360K(1188800K), 0.0052370 secs] [Times: user=0.01 sys=0.00, real=0.00 secs] 
2014-07-08T07:05:12.084+0000: 1157.174: [GC [PSYoungGen: 501764K->1124K(485888K)] 648608K->148104K(1172864K), 0.0049100 secs] [Times: user=0.02 sys=0.00, real=0.01 secs] 
2014-07-08T07:05:13.133+0000: 1158.224: [GC [PSYoungGen: 485860K->640K(469568K)] 632840K->147684K(1156544K), 0.0056450 secs] [Times: user=0.01 sys=0.01, real=0.01 secs] 
2014-07-08T07:05:14.210+0000: 1159.300: [GC [PSYoungGen: 469568K->932K(454784K)] 616612K->148120K(1141760K), 0.0176080 secs] [Times: user=0.06 sys=0.00, real=0.02 secs] 
2014-07-08T07:05:15.068+0000: 1160.159: [GC [PSYoungGen: 454756K->850K(440256K)] 601944K->148150K(1127232K), 0.0047140 secs] [Times: user=0.02 sys=0.00, real=0.00 secs] 
2014-07-08T07:05:15.991+0000: 1161.081: [GC [PSYoungGen: 440169K->580K(426176K)] 587470K->147952K(1113152K), 0.0052930 secs] [Times: user=0.02 sys=0.00, real=0.01 secs] 
2014-07-08T07:05:16.898+0000: 1161.988: [GC [PSYoungGen: 426116K->448K(412736K)] 573488K->147860K(1099712K), 0.0055270 secs] [Times: user=0.01 sys=0.00, real=0.00 secs] 
2014-07-08T07:05:17.768+0000: 1162.859: [GC [PSYoungGen: 412736K->260K(399936K)] 560148K->147720K(1086912K), 0.0051910 secs] [Times: user=0.01 sys=0.00, real=0.00 secs] 
2014-07-08T07:05:18.630+0000: 1163.720: [GC [PSYoungGen: 399876K->192K(387712K)] 547336K->147716K(1074688K), 0.0081050 secs] [Times: user=0.03 sys=0.00, real=0.01 secs] 
2014-07-08T07:05:19.513+0000: 1164.603: [GC [PSYoungGen: 387704K->598K(376576K)] 535229K->148178K(1063552K), 0.0096460 secs] [Times: user=0.02 sys=0.01, real=0.01 secs] 
2014-07-08T07:05:20.306+0000: 1165.397: [GC [PSYoungGen: 376534K->256K(365056K)] 524114K->147884K(1052032K), 0.0120590 secs] [Times: user=0.05 sys=0.00, real=0.01 secs] 
2014-07-08T07:05:21.104+0000: 1166.194: [GC [PSYoungGen: 365056K->864K(438656K)] 512684K->148548K(1125632K), 0.0126350 secs] [Times: user=0.04 sys=0.01, real=0.02 secs] 
2014-07-08T07:05:22.030+0000: 1167.120: [GC [PSYoungGen: 438624K->658K(424704K)] 586308K->148390K(1111680K), 0.0059470 secs] [Times: user=0.02 sys=0.00, real=0.01 secs] 
2014-07-08T07:05:22.915+0000: 1168.005: [GC [PSYoungGen: 424658K->402K(411264K)] 572390K->148182K(1098240K), 0.0055840 secs] [Times: user=0.02 sys=0.00, real=0.01 secs] 
2014-07-08T07:05:23.796+0000: 1168.887: [GC [PSYoungGen: 411218K->274K(493312K)] 558998K->148142K(1180288K), 0.0210020 secs] [Times: user=0.07 sys=0.00, real=0.02 secs] 
2014-07-08T07:05:24.866+0000: 1169.956: [GC [PSYoungGen: 493219K->576K(592192K)] 641088K->148500K(1279168K), 0.0055170 secs] [Times: user=0.02 sys=0.00, real=0.01 secs] 
2014-07-08T07:05:26.164+0000: 1171.255: [GC [PSYoungGen: 592192K->932K(710912K)] 740116K->148960K(1397888K), 0.0110240 secs] [Times: user=0.03 sys=0.01, real=0.01 secs] 
2014-07-08T07:05:27.659+0000: 1172.749: [GC [PSYoungGen: 710884K->288K(684288K)] 858912K->148460K(1371264K), 0.0078240 secs] [Times: user=0.01 sys=0.00, real=0.01 secs] 
2014-07-08T07:05:29.166+0000: 1174.256: [GC [PSYoungGen: 684237K->594K(659776K)] 832410K->148846K(1346752K), 0.0046590 secs] [Times: user=0.01 sys=0.00, real=0.01 secs] 
2014-07-08T07:05:30.606+0000: 1175.696: [GC [PSYoungGen: 659730K->480K(635968K)] 807982K->148780K(1322944K), 0.0064030 secs] [Times: user=0.01 sys=0.01, real=0.01 secs] 
2014-07-08T07:05:31.922+0000: 1177.012: [GC [PSYoungGen: 635936K->416K(613312K)] 784236K->148804K(1300288K), 0.0074620 secs] [Times: user=0.02 sys=0.00, real=0.01 secs] 
2014-07-08T07:05:33.261+0000: 1178.351: [GC [PSYoungGen: 613280K->384K(591680K)] 761668K->148860K(1278656K), 0.0065670 secs] [Times: user=0.01 sys=0.00, real=0.01 secs] 
2014-07-08T07:05:34.512+0000: 1179.602: [GC [PSYoungGen: 591680K->192K(570944K)] 740156K->148788K(1257920K), 0.0058780 secs] [Times: user=0.01 sys=0.00, real=0.00 secs] 
2014-07-08T07:05:35.739+0000: 1180.829: [GC [PSYoungGen: 570944K->210K(551360K)] 719540K->148886K(1238336K), 0.0065200 secs] [Times: user=0.02 sys=0.00, real=0.00 secs] 
2014-07-08T07:05:37.077+0000: 1182.167: [GC [PSYoungGen: 551314K->978K(533376K)] 699990K->149718K(1220352K), 0.0046430 secs] [Times: user=0.01 sys=0.00, real=0.01 secs] 
2014-07-08T07:05:38.210+0000: 1183.300: [GC [PSYoungGen: 533330K->850K(515328K)] 682070K->149726K(1202304K), 0.0050910 secs] [Times: user=0.01 sys=0.00, real=0.00 secs] 
2014-07-08T07:05:39.228+0000: 1184.318: [GC [PSYoungGen: 515282K->402K(497792K)] 664158K->149374K(1184768K), 0.0086230 secs] [Times: user=0.03 sys=0.00, real=0.00 secs] 
2014-07-08T07:05:40.307+0000: 1185.398: [GC [PSYoungGen: 497746K->370K(597248K)] 646718K->149382K(1284224K), 0.0322240 secs] [Times: user=0.11 sys=0.00, real=0.04 secs] 
2014-07-08T07:05:41.602+0000: 1186.693: [GC [PSYoungGen: 597234K->690K(576768K)] 746246K->149774K(1263744K), 0.0060760 secs] [Times: user=0.02 sys=0.00, real=0.00 secs] 
2014-07-08T07:05:42.796+0000: 1187.887: [GC [PSYoungGen: 576754K->192K(556416K)] 725838K->149372K(1243392K), 0.0039590 secs] [Times: user=0.01 sys=0.01, real=0.01 secs] 
2014-07-08T07:05:43.984+0000: 1189.075: [GC [PSYoungGen: 556416K->338K(667904K)] 705596K->149606K(1354880K), 0.0274830 secs] [Times: user=0.10 sys=0.00, real=0.03 secs] 
2014-07-08T07:05:45.414+0000: 1190.504: [GC [PSYoungGen: 667858K->402K(801472K)] 817126K->149766K(1488448K), 0.0141860 secs] [Times: user=0.04 sys=0.00, real=0.01 secs] 
2014-07-08T07:05:47.200+0000: 1192.290: [GC [PSYoungGen: 801396K->800K(962112K)] 950760K->150284K(1649088K), 0.0116890 secs] [Times: user=0.03 sys=0.00, real=0.01 secs] 
2014-07-08T07:05:49.254+0000: 1194.344: [GC [PSYoungGen: 962080K->320K(923712K)] 1111564K->149884K(1610688K), 0.0049320 secs] [Times: user=0.01 sys=0.00, real=0.00 secs] 
2014-07-08T07:05:51.242+0000: 1196.332: [GC [PSYoungGen: 923712K->594K(888000K)] 1073276K->150286K(1574976K), 0.0204250 secs] [Times: user=0.08 sys=0.00, real=0.02 secs] 
2014-07-08T07:05:53.233+0000: 1198.324: [GC [PSYoungGen: 887954K->544K(853568K)] 1037646K->150348K(1540544K), 0.0234880 secs] [Times: user=0.08 sys=0.00, real=0.02 secs] 
2014-07-08T07:05:54.974+0000: 1200.064: [GC [PSYoungGen: 853536K->690K(820992K)] 1003340K->150654K(1507968K), 0.0057510 secs] [Times: user=0.02 sys=0.00, real=0.00 secs] 
2014-07-08T07:05:56.710+0000: 1201.801: [GC [PSYoungGen: 820978K->424K(789568K)] 970942K->150492K(1476544K), 0.0148080 secs] [Times: user=0.05 sys=0.00, real=0.02 secs] 
2014-07-08T07:05:58.494+0000: 1203.585: [GC [PSYoungGen: 789544K->416K(759872K)] 939612K->150564K(1446848K), 0.0270360 secs] [Times: user=0.10 sys=0.00, real=0.03 secs] 
2014-07-08T07:06:00.082+0000: 1205.172: [GC [PSYoungGen: 759840K->626K(731776K)] 909988K->150902K(1418752K), 0.0067950 secs] [Times: user=0.02 sys=0.00, real=0.00 secs] 
2014-07-08T07:06:01.619+0000: 1206.710: [GC [PSYoungGen: 731712K->388K(704576K)] 881989K->150728K(1391552K), 0.0051920 secs] [Times: user=0.01 sys=0.00, real=0.01 secs] 
2014-07-08T07:06:03.293+0000: 1208.383: [GC [PSYoungGen: 704516K->936K(679360K)] 854856K->151380K(1366336K), 0.0054070 secs] [Times: user=0.02 sys=0.00, real=0.00 secs] 
2014-07-08T07:06:04.599+0000: 1209.689: [GC [PSYoungGen: 679336K->402K(654272K)] 829780K->150990K(1341248K), 0.0153390 secs] [Times: user=0.05 sys=0.00, real=0.02 secs] 
2014-07-08T07:06:06.033+0000: 1211.123: [GC [PSYoungGen: 654165K->740K(631168K)] 804754K->151448K(1318144K), 0.0253610 secs] [Times: user=0.09 sys=0.00, real=0.02 secs] 
2014-07-08T07:06:07.364+0000: 1212.455: [GC [PSYoungGen: 631140K->256K(608320K)] 781848K->151060K(1295296K), 0.0071360 secs] [Times: user=0.01 sys=0.00, real=0.00 secs] 
2014-07-08T07:06:08.670+0000: 1213.761: [GC [PSYoungGen: 608238K->192K(586944K)] 759043K->151060K(1273920K), 0.0135160 secs] [Times: user=0.04 sys=0.00, real=0.02 secs] 
2014-07-08T07:06:10.078+0000: 1215.168: [GC [PSYoungGen: 586905K->932K(567360K)] 737774K->151880K(1254336K), 0.0050680 secs] [Times: user=0.01 sys=0.00, real=0.01 secs] 
2014-07-08T07:06:11.215+0000: 1216.305: [GC [PSYoungGen: 567332K->918K(680640K)] 718280K->151978K(1367616K), 0.0262630 secs] [Times: user=0.09 sys=0.00, real=0.02 secs] 
2014-07-08T07:06:12.622+0000: 1217.712: [GC [PSYoungGen: 680598K->224K(655296K)] 831658K->151388K(1342272K), 0.0044610 secs] [Times: user=0.01 sys=0.00, real=0.01 secs] 
2014-07-08T07:06:14.035+0000: 1219.126: [GC [PSYoungGen: 655264K->512K(632064K)] 806428K->151780K(1319040K), 0.0111640 secs] [Times: user=0.03 sys=0.01, real=0.01 secs] 
2014-07-08T07:06:15.465+0000: 1220.556: [GC [PSYoungGen: 632064K->416K(609600K)] 783332K->151828K(1296576K), 0.0101420 secs] [Times: user=0.03 sys=0.00, real=0.01 secs] 
2014-07-08T07:06:16.702+0000: 1221.792: [GC [PSYoungGen: 609568K->242K(588032K)] 760980K->151774K(1275008K), 0.0145740 secs] [Times: user=0.05 sys=0.00, real=0.02 secs] 
2014-07-08T07:06:17.968+0000: 1223.058: [GC [PSYoungGen: 588018K->320K(705664K)] 739550K->151916K(1392640K), 0.0192580 secs] [Times: user=0.07 sys=0.00, real=0.02 secs] 
2014-07-08T07:06:19.487+0000: 1224.577: [GC [PSYoungGen: 705664K->160K(679744K)] 857260K->151804K(1366720K), 0.0056780 secs] [Times: user=0.01 sys=0.00, real=0.00 secs] 
2014-07-08T07:06:20.994+0000: 1226.085: [GC [PSYoungGen: 679712K->832K(655808K)] 831356K->152572K(1342784K), 0.0070250 secs] [Times: user=0.02 sys=0.00, real=0.01 secs] 
2014-07-08T07:06:22.361+0000: 1227.451: [GC [PSYoungGen: 655807K->288K(631808K)] 807548K->152140K(1318784K), 0.0128380 secs] [Times: user=0.04 sys=0.00, real=0.01 secs] 
2014-07-08T07:06:23.720+0000: 1228.810: [GC [PSYoungGen: 631776K->256K(609344K)] 783628K->152220K(1296320K), 0.0084440 secs] [Times: user=0.03 sys=0.01, real=0.01 secs] 
2014-07-08T07:06:25.050+0000: 1230.140: [GC [PSYoungGen: 609344K->658K(588416K)] 761308K->152726K(1275392K), 0.0058940 secs] [Times: user=0.01 sys=0.00, real=0.01 secs] 
2014-07-08T07:06:26.333+0000: 1231.423: [GC [PSYoungGen: 588370K->484K(567808K)] 740438K->152664K(1254784K), 0.0109620 secs] [Times: user=0.04 sys=0.00, real=0.01 secs] 
2014-07-08T07:06:27.526+0000: 1232.616: [GC [PSYoungGen: 567778K->438K(548288K)] 719959K->152674K(1235264K), 0.0170840 secs] [Times: user=0.05 sys=0.00, real=0.02 secs] 
2014-07-08T07:06:28.702+0000: 1233.792: [GC [PSYoungGen: 548278K->192K(529408K)] 700514K->152508K(1216384K), 0.0046640 secs] [Times: user=0.01 sys=0.01, real=0.01 secs] 
2014-07-08T07:06:29.845+0000: 1234.935: [GC [PSYoungGen: 529406K->320K(511744K)] 681723K->152708K(1198720K), 0.0092190 secs] [Times: user=0.04 sys=0.00, real=0.01 secs] 
2014-07-08T07:06:30.950+0000: 1236.040: [GC [PSYoungGen: 511744K->384K(494848K)] 664132K->152804K(1181824K), 0.0051260 secs] [Times: user=0.01 sys=0.01, real=0.00 secs] 
2014-07-08T07:06:32.016+0000: 1237.106: [GC [PSYoungGen: 494848K->370K(478656K)] 647268K->152870K(1165632K), 0.0052070 secs] [Times: user=0.02 sys=0.00, real=0.01 secs] 
2014-07-08T07:06:33.045+0000: 1238.135: [GC [PSYoungGen: 478616K->580K(463424K)] 631116K->153152K(1150400K), 0.0056280 secs] [Times: user=0.02 sys=0.00, real=0.01 secs] 
2014-07-08T07:06:34.048+0000: 1239.139: [GC [PSYoungGen: 463361K->672K(448640K)] 615933K->153356K(1135616K), 0.0090570 secs] [Times: user=0.02 sys=0.00, real=0.01 secs] 
2014-07-08T07:06:35.011+0000: 1240.102: [GC [PSYoungGen: 448530K->562K(434304K)] 601215K->153342K(1121280K), 0.0117820 secs] [Times: user=0.03 sys=0.01, real=0.01 secs] 
2014-07-08T07:06:35.943+0000: 1241.033: [GC [PSYoungGen: 434290K->530K(420736K)] 587070K->153390K(1107712K), 0.0041350 secs] [Times: user=0.01 sys=0.00, real=0.01 secs] 
2014-07-08T07:06:36.835+0000: 1241.926: [GC [PSYoungGen: 420690K->160K(407360K)] 573550K->153052K(1094336K), 0.0045750 secs] [Times: user=0.01 sys=0.00, real=0.01 secs] 
2014-07-08T07:06:37.713+0000: 1242.804: [GC [PSYoungGen: 407328K->242K(488896K)] 560220K->153182K(1175872K), 0.0248030 secs] [Times: user=0.10 sys=0.00, real=0.03 secs] 
2014-07-08T07:06:38.806+0000: 1243.897: [GC [PSYoungGen: 488882K->722K(587136K)] 641822K->153726K(1274112K), 0.0197630 secs] [Times: user=0.07 sys=0.01, real=0.02 secs] 
2014-07-08T07:06:40.057+0000: 1245.148: [GC [PSYoungGen: 587090K->768K(704448K)] 740094K->153884K(1391424K), 0.0092840 secs] [Times: user=0.02 sys=0.00, real=0.00 secs] 
2014-07-08T07:06:41.531+0000: 1246.621: [GC [PSYoungGen: 704448K->256K(678208K)] 857564K->153412K(1365184K), 0.0064770 secs] [Times: user=0.01 sys=0.00, real=0.00 secs] 
2014-07-08T07:06:42.992+0000: 1248.082: [GC [PSYoungGen: 678208K->352K(653824K)] 831364K->153612K(1340800K), 0.0072170 secs] [Times: user=0.01 sys=0.01, real=0.01 secs] 
2014-07-08T07:06:44.510+0000: 1249.601: [GC [PSYoungGen: 653792K->448K(784576K)] 807052K->153780K(1471552K), 0.0243230 secs] [Times: user=0.10 sys=0.00, real=0.02 secs] 
2014-07-08T07:06:46.115+0000: 1251.206: [GC [PSYoungGen: 784576K->384K(755008K)] 937908K->153908K(1441984K), 0.0040320 secs] [Times: user=0.01 sys=0.00, real=0.01 secs] 
2014-07-08T07:06:47.729+0000: 1252.819: [GC [PSYoungGen: 755008K->242K(726784K)] 908532K->153854K(1413760K), 0.0036180 secs] [Times: user=0.01 sys=0.00, real=0.00 secs] 
2014-07-08T07:06:49.394+0000: 1254.484: [GC [PSYoungGen: 726770K->584K(700416K)] 880382K->154292K(1387392K), 0.0150700 secs] [Times: user=0.05 sys=0.00, real=0.01 secs] 
2014-07-08T07:06:50.804+0000: 1255.895: [GC [PSYoungGen: 700360K->288K(674560K)] 854068K->154116K(1361536K), 0.0077520 secs] [Times: user=0.02 sys=0.00, real=0.01 secs] 
2014-07-08T07:06:52.285+0000: 1257.376: [GC [PSYoungGen: 674528K->434K(650304K)] 828356K->154358K(1337280K), 0.0078360 secs] [Times: user=0.01 sys=0.00, real=0.01 secs] 
2014-07-08T07:06:53.687+0000: 1258.778: [GC [PSYoungGen: 650290K->448K(627072K)] 804214K->154492K(1314048K), 0.0193970 secs] [Times: user=0.07 sys=0.00, real=0.02 secs] 
2014-07-08T07:06:55.023+0000: 1260.113: [GC [PSYoungGen: 627072K->594K(605120K)] 781116K->154750K(1292096K), 0.0057490 secs] [Times: user=0.01 sys=0.00, real=0.00 secs] 
2014-07-08T07:06:56.311+0000: 1261.401: [GC [PSYoungGen: 605074K->192K(725568K)] 759230K->154476K(1412544K), 0.0253680 secs] [Times: user=0.09 sys=0.00, real=0.02 secs] 
2014-07-08T07:06:57.875+0000: 1262.965: [GC [PSYoungGen: 725523K->292K(698944K)] 879808K->154640K(1385920K), 0.0141090 secs] [Times: user=0.05 sys=0.00, real=0.01 secs] 
2014-07-08T07:06:59.382+0000: 1264.472: [GC [PSYoungGen: 698916K->384K(673536K)] 853264K->154780K(1360512K), 0.0145130 secs] [Times: user=0.05 sys=0.00, real=0.01 secs] 
2014-07-08T07:07:00.826+0000: 1265.916: [GC [PSYoungGen: 673536K->256K(649088K)] 827932K->154740K(1336064K), 0.0053000 secs] [Times: user=0.01 sys=0.00, real=0.01 secs] 
2014-07-08T07:07:02.240+0000: 1267.330: [GC [PSYoungGen: 649086K->448K(626112K)] 803571K->155036K(1313088K), 0.0108140 secs] [Times: user=0.03 sys=0.01, real=0.01 secs] 
2014-07-08T07:07:03.575+0000: 1268.666: [GC [PSYoungGen: 626112K->242K(751104K)] 780700K->154902K(1438080K), 0.0262440 secs] [Times: user=0.09 sys=0.00, real=0.03 secs] 
2014-07-08T07:07:05.211+0000: 1270.301: [GC [PSYoungGen: 751090K->580K(901696K)] 905750K->155336K(1588672K), 0.0160130 secs] [Times: user=0.06 sys=0.00, real=0.02 secs] 
2014-07-08T07:07:07.163+0000: 1272.254: [GC [PSYoungGen: 901636K->626K(866688K)] 1056392K->155518K(1553664K), 0.0128480 secs] [Times: user=0.05 sys=0.00, real=0.01 secs] 
2014-07-08T07:07:09.064+0000: 1274.154: [GC [PSYoungGen: 866613K->644K(833408K)] 1021505K->155672K(1520384K), 0.0142360 secs] [Times: user=0.05 sys=0.00, real=0.01 secs] 
2014-07-08T07:07:10.800+0000: 1275.891: [GC [PSYoungGen: 833348K->292K(801280K)] 988376K->155408K(1488256K), 0.0090340 secs] [Times: user=0.03 sys=0.00, real=0.01 secs] 
2014-07-08T07:07:12.533+0000: 1277.624: [GC [PSYoungGen: 801244K->288K(771008K)] 956361K->155500K(1457984K), 0.0143770 secs] [Times: user=0.06 sys=0.00, real=0.01 secs] 
2014-07-08T07:07:14.197+0000: 1279.287: [GC [PSYoungGen: 770976K->256K(742080K)] 926188K->155604K(1429056K), 0.0083410 secs] [Times: user=0.03 sys=0.00, real=0.01 secs] 
2014-07-08T07:07:15.792+0000: 1280.882: [GC [PSYoungGen: 742080K->224K(714560K)] 897428K->155692K(1401536K), 0.0095950 secs] [Times: user=0.03 sys=0.00, real=0.01 secs] 
2014-07-08T07:07:17.416+0000: 1282.506: [GC [PSYoungGen: 714502K->690K(688768K)] 869971K->156246K(1375744K), 0.0082690 secs] [Times: user=0.03 sys=0.00, real=0.01 secs] 
2014-07-08T07:07:18.882+0000: 1283.972: [GC [PSYoungGen: 688754K->896K(663936K)] 844310K->156628K(1350912K), 0.0047170 secs] [Times: user=0.01 sys=0.00, real=0.01 secs] 
2014-07-08T07:07:20.271+0000: 1285.361: [GC [PSYoungGen: 663936K->256K(639424K)] 819668K->156124K(1326400K), 0.0050330 secs] [Times: user=0.01 sys=0.00, real=0.01 secs] 
2014-07-08T07:07:21.637+0000: 1286.727: [GC [PSYoungGen: 639398K->420K(767488K)] 795267K->156432K(1454464K), 0.0503570 secs] [Times: user=0.17 sys=0.00, real=0.05 secs] 
2014-07-08T07:07:23.414+0000: 1288.504: [GC [PSYoungGen: 767460K->722K(921216K)] 923472K->156838K(1608192K), 0.0203310 secs] [Times: user=0.07 sys=0.00, real=0.03 secs] 
2014-07-08T07:07:25.312+0000: 1290.402: [GC [PSYoungGen: 921170K->580K(1105216K)] 1077286K->156864K(1792192K), 0.0094430 secs] [Times: user=0.02 sys=0.00, real=0.01 secs] 
2014-07-08T07:07:27.659+0000: 1292.750: [GC [PSYoungGen: 1105156K->256K(1060096K)] 1261440K->156716K(1747072K), 0.0085990 secs] [Times: user=0.03 sys=0.00, real=0.01 secs] 
2014-07-08T07:07:29.953+0000: 1295.043: [GC [PSYoungGen: 1060011K->740K(1017984K)] 1216472K->157312K(1704960K), 0.0132090 secs] [Times: user=0.04 sys=0.01, real=0.02 secs] 
2014-07-08T07:07:32.189+0000: 1297.279: [GC [PSYoungGen: 1017956K->1060K(977728K)] 1174528K->157768K(1664704K), 0.0102290 secs] [Times: user=0.03 sys=0.00, real=0.01 secs] 
2014-07-08T07:07:34.427+0000: 1299.517: [GC [PSYoungGen: 977700K->978K(939072K)] 1134408K->157830K(1626048K), 0.0054620 secs] [Times: user=0.02 sys=0.00, real=0.00 secs] 
2014-07-08T07:07:36.304+0000: 1301.394: [GC [PSYoungGen: 939026K->370K(901696K)] 1095878K->157502K(1588672K), 0.0095400 secs] [Times: user=0.03 sys=0.00, real=0.01 secs] 
2014-07-08T07:07:38.258+0000: 1303.348: [GC [PSYoungGen: 901682K->352K(866688K)] 1058814K->157588K(1553664K), 0.0082830 secs] [Times: user=0.03 sys=0.00, real=0.01 secs] 
2014-07-08T07:07:40.107+0000: 1305.198: [GC [PSYoungGen: 866653K->996K(833984K)] 1023890K->158328K(1520960K), 0.0056300 secs] [Times: user=0.02 sys=0.00, real=0.00 secs] 
2014-07-08T07:07:41.867+0000: 1306.957: [GC [PSYoungGen: 833940K->452K(801728K)] 991273K->157888K(1488704K), 0.0085460 secs] [Times: user=0.04 sys=0.00, real=0.00 secs] 
2014-07-08T07:07:43.594+0000: 1308.684: [GC [PSYoungGen: 801668K->256K(771200K)] 959104K->157804K(1458176K), 0.0051930 secs] [Times: user=0.01 sys=0.00, real=0.01 secs] 
2014-07-08T07:07:45.349+0000: 1310.440: [GC [PSYoungGen: 771200K->352K(742464K)] 928748K->158012K(1429440K), 0.0109910 secs] [Times: user=0.04 sys=0.00, real=0.01 secs] 
2014-07-08T07:07:46.849+0000: 1311.939: [GC [PSYoungGen: 742419K->224K(714816K)] 900080K->158076K(1401792K), 0.0086660 secs] [Times: user=0.02 sys=0.00, real=0.00 secs] 
2014-07-08T07:07:48.390+0000: 1313.480: [GC [PSYoungGen: 714784K->128K(688448K)] 872636K->158028K(1375424K), 0.0042740 secs] [Times: user=0.01 sys=0.00, real=0.00 secs] 
2014-07-08T07:07:49.877+0000: 1314.967: [GC [PSYoungGen: 688448K->466K(663808K)] 846348K->158446K(1350784K), 0.0044070 secs] [Times: user=0.02 sys=0.00, real=0.01 secs] 
2014-07-08T07:07:51.383+0000: 1316.473: [GC [PSYoungGen: 663762K->384K(639808K)] 821742K->158436K(1326784K), 0.0278080 secs] [Times: user=0.11 sys=0.00, real=0.03 secs] 
2014-07-08T07:07:52.683+0000: 1317.773: [GC [PSYoungGen: 639808K->306K(616960K)] 797860K->158542K(1303936K), 0.0087820 secs] [Times: user=0.03 sys=0.01, real=0.01 secs] 
2014-07-08T07:07:54.024+0000: 1319.114: [GC [PSYoungGen: 616946K->466K(595456K)] 775182K->158774K(1282432K), 0.0043870 secs] [Times: user=0.01 sys=0.00, real=0.00 secs] 
2014-07-08T07:07:55.330+0000: 1320.420: [GC [PSYoungGen: 595410K->384K(574592K)] 753718K->158796K(1261568K), 0.0086670 secs] [Times: user=0.01 sys=0.00, real=0.00 secs] 
2014-07-08T07:07:56.580+0000: 1321.670: [GC [PSYoungGen: 574592K->356K(554816K)] 733004K->158912K(1241792K), 0.0064290 secs] [Times: user=0.02 sys=0.00, real=0.00 secs] 
2014-07-08T07:07:57.727+0000: 1322.817: [GC [PSYoungGen: 554788K->160K(665536K)] 713344K->158812K(1352512K), 0.0349630 secs] [Times: user=0.12 sys=0.00, real=0.04 secs] 
2014-07-08T07:07:59.187+0000: 1324.278: [GC [PSYoungGen: 665504K->676K(799168K)] 824156K->159368K(1486144K), 0.0062630 secs] [Times: user=0.01 sys=0.00, real=0.01 secs] 
2014-07-08T07:08:00.879+0000: 1325.969: [GC [PSYoungGen: 799140K->320K(768640K)] 957832K->159068K(1455616K), 0.0059530 secs] [Times: user=0.01 sys=0.00, real=0.01 secs] 
2014-07-08T07:08:02.528+0000: 1327.619: [GC [PSYoungGen: 768640K->224K(739840K)] 927388K->159068K(1426816K), 0.0044120 secs] [Times: user=0.02 sys=0.00, real=0.01 secs] 
2014-07-08T07:08:04.148+0000: 1329.239: [GC [PSYoungGen: 739807K->754K(712960K)] 898652K->159750K(1399936K), 0.0082300 secs] [Times: user=0.01 sys=0.00, real=0.01 secs] 
2014-07-08T07:08:05.658+0000: 1330.748: [GC [PSYoungGen: 712946K->274K(686400K)] 871942K->159374K(1373376K), 0.0041530 secs] [Times: user=0.01 sys=0.00, real=0.01 secs] 
2014-07-08T07:08:07.226+0000: 1332.316: [GC [PSYoungGen: 686354K->960K(662144K)] 845454K->160188K(1349120K), 0.0057330 secs] [Times: user=0.02 sys=0.00, real=0.01 secs] 
2014-07-08T07:08:08.567+0000: 1333.658: [GC [PSYoungGen: 662144K->480K(637952K)] 821372K->159820K(1324928K), 0.0070460 secs] [Times: user=0.01 sys=0.00, real=0.01 secs] 
2014-07-08T07:08:09.962+0000: 1335.052: [GC [PSYoungGen: 637920K->626K(615424K)] 797260K->160038K(1302400K), 0.0078830 secs] [Times: user=0.01 sys=0.00, real=0.00 secs] 
2014-07-08T07:08:11.295+0000: 1336.385: [GC [PSYoungGen: 615401K->388K(593600K)] 774814K->159872K(1280576K), 0.0170130 secs] [Times: user=0.07 sys=0.00, real=0.02 secs] 
2014-07-08T07:08:12.591+0000: 1337.681: [GC [PSYoungGen: 593540K->480K(572992K)] 753024K->160084K(1259968K), 0.0124540 secs] [Times: user=0.05 sys=0.00, real=0.02 secs] 
2014-07-08T07:08:13.798+0000: 1338.888: [GC [PSYoungGen: 572960K->224K(553024K)] 732564K->159892K(1240000K), 0.0035860 secs] [Times: user=0.01 sys=0.00, real=0.00 secs] 
2014-07-08T07:08:15.041+0000: 1340.132: [GC [PSYoungGen: 552992K->498K(534464K)] 712660K->160262K(1221440K), 0.0083970 secs] [Times: user=0.01 sys=0.00, real=0.01 secs] 
2014-07-08T07:08:16.177+0000: 1341.267: [GC [PSYoungGen: 534450K->708K(516736K)] 694214K->160608K(1203712K), 0.0070820 secs] [Times: user=0.02 sys=0.00, real=0.01 secs] 
2014-07-08T07:08:17.266+0000: 1342.356: [GC [PSYoungGen: 516619K->292K(499136K)] 676520K->160240K(1186112K), 0.0046480 secs] [Times: user=0.01 sys=0.00, real=0.00 secs] 
2014-07-08T07:08:18.400+0000: 1343.491: [GC [PSYoungGen: 499108K->608K(483072K)] 659056K->160620K(1170048K), 0.0238510 secs] [Times: user=0.09 sys=0.01, real=0.03 secs] 
2014-07-08T07:08:19.372+0000: 1344.463: [GC [PSYoungGen: 483040K->242K(579200K)] 643052K->160318K(1266176K), 0.0146700 secs] [Times: user=0.06 sys=0.00, real=0.02 secs] 
2014-07-08T07:08:20.629+0000: 1345.719: [GC [PSYoungGen: 579186K->356K(559360K)] 739262K->160488K(1246336K), 0.0042220 secs] [Times: user=0.01 sys=0.00, real=0.01 secs] 
2014-07-08T07:08:21.822+0000: 1346.913: [GC [PSYoungGen: 559268K->306K(540224K)] 719401K->160550K(1227200K), 0.0106700 secs] [Times: user=0.03 sys=0.00, real=0.02 secs] 
2014-07-08T07:08:23.018+0000: 1348.109: [GC [PSYoungGen: 540209K->658K(522368K)] 700454K->160974K(1209344K), 0.0063210 secs] [Times: user=0.01 sys=0.00, real=0.01 secs] 
2014-07-08T07:08:24.240+0000: 1349.331: [GC [PSYoungGen: 522314K->804K(505088K)] 682631K->161616K(1192064K), 0.0137970 secs] [Times: user=0.04 sys=0.00, real=0.02 secs] 
2014-07-08T07:08:25.338+0000: 1350.428: [GC [PSYoungGen: 505060K->612K(605760K)] 665872K->161528K(1292736K), 0.0287110 secs] [Times: user=0.10 sys=0.01, real=0.03 secs] 
2014-07-08T07:08:26.519+0000: 1351.609: [GC [PSYoungGen: 605732K->256K(726400K)] 766648K->161436K(1413376K), 0.0091700 secs] [Times: user=0.03 sys=0.00, real=0.01 secs] 
2014-07-08T07:08:28.125+0000: 1353.215: [GC [PSYoungGen: 726398K->886K(700288K)] 887579K->162146K(1387264K), 0.0064300 secs] [Times: user=0.01 sys=0.00, real=0.00 secs] 
2014-07-08T07:08:29.583+0000: 1354.673: [GC [PSYoungGen: 700213K->374K(674240K)] 861474K->161698K(1361216K), 0.0051990 secs] [Times: user=0.01 sys=0.00, real=0.01 secs] 
2014-07-08T07:08:31.122+0000: 1356.212: [GC [PSYoungGen: 674230K->946K(650496K)] 835554K->162318K(1337472K), 0.0073130 secs] [Times: user=0.02 sys=0.00, real=0.01 secs] 
2014-07-08T07:08:32.448+0000: 1357.539: [GC [PSYoungGen: 650482K->320K(626624K)] 811854K->161876K(1313600K), 0.0069570 secs] [Times: user=0.01 sys=0.00, real=0.01 secs] 
2014-07-08T07:08:33.787+0000: 1358.877: [GC [PSYoungGen: 626623K->160K(604352K)] 788180K->161804K(1291328K), 0.0049230 secs] [Times: user=0.01 sys=0.00, real=0.00 secs] 
2014-07-08T07:08:35.203+0000: 1360.293: [GC [PSYoungGen: 604320K->1266K(584320K)] 765964K->162990K(1271296K), 0.0126350 secs] [Times: user=0.04 sys=0.00, real=0.02 secs] 
2014-07-08T07:08:36.382+0000: 1361.472: [GC [PSYoungGen: 584306K->320K(563200K)] 746030K->162164K(1250176K), 0.0054830 secs] [Times: user=0.01 sys=0.00, real=0.01 secs] 
2014-07-08T07:08:37.559+0000: 1362.649: [GC [PSYoungGen: 563200K->96K(543744K)] 725044K->162060K(1230720K), 0.0038220 secs] [Times: user=0.01 sys=0.00, real=0.00 secs] 
2014-07-08T07:08:38.729+0000: 1363.820: [GC [PSYoungGen: 543712K->160K(525376K)] 705676K->162164K(1212352K), 0.0055520 secs] [Times: user=0.01 sys=0.00, real=0.00 secs] 
2014-07-08T07:08:39.864+0000: 1364.954: [GC [PSYoungGen: 525344K->192K(507776K)] 687348K->162244K(1194752K), 0.0137190 secs] [Times: user=0.05 sys=0.00, real=0.02 secs] 
2014-07-08T07:08:41.124+0000: 1366.214: [GC [PSYoungGen: 507721K->978K(491776K)] 669774K->163070K(1178752K), 0.0185660 secs] [Times: user=0.07 sys=0.00, real=0.02 secs] 
2014-07-08T07:08:42.021+0000: 1367.112: [GC [PSYoungGen: 491730K->612K(475328K)] 653822K->162880K(1162304K), 0.0098720 secs] [Times: user=0.04 sys=0.00, real=0.01 secs] 
2014-07-08T07:08:43.048+0000: 1368.138: [GC [PSYoungGen: 475300K->434K(570112K)] 637568K->162750K(1257088K), 0.0429910 secs] [Times: user=0.15 sys=0.00, real=0.04 secs] 
2014-07-08T07:08:44.335+0000: 1369.426: [GC [PSYoungGen: 570063K->594K(684288K)] 732380K->162990K(1371264K), 0.0082830 secs] [Times: user=0.02 sys=0.01, real=0.01 secs] 
2014-07-08T07:08:45.746+0000: 1370.836: [GC [PSYoungGen: 684242K->324K(820800K)] 846638K->162840K(1507776K), 0.0080410 secs] [Times: user=0.03 sys=0.00, real=0.01 secs] 
2014-07-08T07:08:47.511+0000: 1372.601: [GC [PSYoungGen: 820740K->384K(984896K)] 983256K->163036K(1671872K), 0.0096890 secs] [Times: user=0.02 sys=0.00, real=0.01 secs] 
2014-07-08T07:08:49.638+0000: 1374.729: [GC [PSYoungGen: 984896K->292K(945856K)] 1147548K->163040K(1632832K), 0.0080920 secs] [Times: user=0.02 sys=0.00, real=0.00 secs] 
2014-07-08T07:08:51.674+0000: 1376.764: [GC [PSYoungGen: 945828K->388K(908864K)] 1108576K->163200K(1595840K), 0.0106630 secs] [Times: user=0.04 sys=0.00, real=0.01 secs] 
2014-07-08T07:08:53.644+0000: 1378.734: [GC [PSYoungGen: 908804K->256K(873344K)] 1071616K->163212K(1560320K), 0.0189310 secs] [Times: user=0.07 sys=0.00, real=0.02 secs] 
2014-07-08T07:08:55.572+0000: 1380.663: [GC [PSYoungGen: 873344K->416K(839872K)] 1036300K->163516K(1526848K), 0.0041220 secs] [Times: user=0.02 sys=0.00, real=0.00 secs] 
2014-07-08T07:08:57.348+0000: 1382.438: [GC [PSYoungGen: 839838K->288K(807680K)] 1002939K->163556K(1494656K), 0.0109700 secs] [Times: user=0.04 sys=0.00, real=0.02 secs] 
2014-07-08T07:08:59.226+0000: 1384.316: [GC [PSYoungGen: 807590K->996K(777792K)] 970859K->164376K(1464768K), 0.0057470 secs] [Times: user=0.01 sys=0.00, real=0.01 secs] 
2014-07-08T07:09:00.788+0000: 1385.879: [GC [PSYoungGen: 777718K->452K(748160K)] 941099K->163936K(1435136K), 0.0149170 secs] [Times: user=0.05 sys=0.00, real=0.02 secs] 
2014-07-08T07:09:02.395+0000: 1387.485: [GC [PSYoungGen: 748100K->370K(720256K)] 911584K->163974K(1407232K), 0.0074170 secs] [Times: user=0.01 sys=0.00, real=0.01 secs] 
2014-07-08T07:09:03.932+0000: 1389.023: [GC [PSYoungGen: 720242K->978K(694400K)] 883846K->164718K(1381376K), 0.0060310 secs] [Times: user=0.02 sys=0.01, real=0.00 secs] 
2014-07-08T07:09:05.418+0000: 1390.508: [GC [PSYoungGen: 694354K->256K(668416K)] 858094K->164076K(1355392K), 0.0246270 secs] [Times: user=0.09 sys=0.00, real=0.03 secs] 
2014-07-08T07:09:06.863+0000: 1391.953: [GC [PSYoungGen: 668416K->370K(802176K)] 832236K->164358K(1489152K), 0.0238760 secs] [Times: user=0.09 sys=0.00, real=0.02 secs] 
2014-07-08T07:09:08.586+0000: 1393.677: [GC [PSYoungGen: 802162K->160K(771648K)] 966150K->164212K(1458624K), 0.0060560 secs] [Times: user=0.01 sys=0.00, real=0.01 secs] 
2014-07-08T07:09:10.289+0000: 1395.379: [GC [PSYoungGen: 771616K->690K(743296K)] 935668K->164822K(1430272K), 0.0050260 secs] [Times: user=0.02 sys=0.00, real=0.01 secs] 
2014-07-08T07:09:11.856+0000: 1396.947: [GC [PSYoungGen: 743280K->256K(715328K)] 907413K->164468K(1402304K), 0.0077960 secs] [Times: user=0.01 sys=0.00, real=0.01 secs] 
2014-07-08T07:09:13.396+0000: 1398.487: [GC [PSYoungGen: 715328K->448K(689280K)] 879540K->164780K(1376256K), 0.0199040 secs] [Times: user=0.06 sys=0.00, real=0.02 secs] 
2014-07-08T07:09:14.882+0000: 1399.973: [GC [PSYoungGen: 689280K->256K(664064K)] 853612K->164692K(1351040K), 0.0055510 secs] [Times: user=0.02 sys=0.00, real=0.00 secs] 
2014-07-08T07:09:16.361+0000: 1401.451: [GC [PSYoungGen: 664064K->480K(640448K)] 828500K->165028K(1327424K), 0.0099870 secs] [Times: user=0.03 sys=0.00, real=0.01 secs] 
2014-07-08T07:09:17.710+0000: 1402.801: [GC [PSYoungGen: 640391K->160K(617344K)] 804940K->164844K(1304320K), 0.0114150 secs] [Times: user=0.04 sys=0.00, real=0.02 secs] 
2014-07-08T07:09:19.043+0000: 1404.133: [GC [PSYoungGen: 617312K->434K(595840K)] 781996K->165166K(1282816K), 0.0114350 secs] [Times: user=0.04 sys=0.00, real=0.01 secs] 
2014-07-08T07:09:20.349+0000: 1405.440: [GC [PSYoungGen: 595826K->448K(575104K)] 760558K->165244K(1262080K), 0.0176580 secs] [Times: user=0.05 sys=0.00, real=0.02 secs] 
2014-07-08T07:09:21.558+0000: 1406.649: [GC [PSYoungGen: 575104K->224K(555136K)] 739900K->165100K(1242112K), 0.0046690 secs] [Times: user=0.01 sys=0.00, real=0.01 secs] 
2014-07-08T07:09:22.760+0000: 1407.850: [GC [PSYoungGen: 555104K->160K(536128K)] 719980K->165172K(1223104K), 0.0042780 secs] [Times: user=0.01 sys=0.00, real=0.01 secs] 
2014-07-08T07:09:23.922+0000: 1409.013: [GC [PSYoungGen: 536096K->416K(518336K)] 701108K->165492K(1205312K), 0.0082070 secs] [Times: user=0.03 sys=0.00, real=0.00 secs] 
2014-07-08T07:09:25.049+0000: 1410.139: [GC [PSYoungGen: 518304K->726K(501376K)] 683380K->165858K(1188352K), 0.0185370 secs] [Times: user=0.07 sys=0.00, real=0.02 secs] 
2014-07-08T07:09:26.159+0000: 1411.249: [GC [PSYoungGen: 501334K->612K(601408K)] 666466K->165840K(1288384K), 0.0263720 secs] [Times: user=0.09 sys=0.00, real=0.03 secs] 
2014-07-08T07:09:27.416+0000: 1412.506: [GC [PSYoungGen: 601380K->320K(721280K)] 766608K->165668K(1408256K), 0.0112140 secs] [Times: user=0.02 sys=0.00, real=0.01 secs] 
2014-07-08T07:09:28.973+0000: 1414.063: [GC [PSYoungGen: 721280K->594K(865792K)] 886628K->166062K(1552768K), 0.0117500 secs] [Times: user=0.04 sys=0.01, real=0.02 secs] 
2014-07-08T07:09:30.901+0000: 1415.992: [GC [PSYoungGen: 865745K->818K(832704K)] 1031214K->166334K(1519680K), 0.0037340 secs] [Times: user=0.02 sys=0.00, real=0.01 secs] 
2014-07-08T07:09:32.713+0000: 1417.803: [GC [PSYoungGen: 832690K->530K(800704K)] 998206K->166190K(1487680K), 0.0054710 secs] [Times: user=0.01 sys=0.00, real=0.01 secs] 
2014-07-08T07:09:34.407+0000: 1419.498: [GC [PSYoungGen: 800658K->320K(770240K)] 966318K->166140K(1457216K), 0.0049790 secs] [Times: user=0.01 sys=0.00, real=0.00 secs] 
2014-07-08T07:09:36.184+0000: 1421.274: [GC [PSYoungGen: 770240K->960K(742080K)] 936060K->167020K(1429056K), 0.0181770 secs] [Times: user=0.07 sys=0.00, real=0.01 secs] 
2014-07-08T07:09:37.681+0000: 1422.772: [GC [PSYoungGen: 742080K->448K(714112K)] 908140K->166604K(1401088K), 0.0068700 secs] [Times: user=0.01 sys=0.00, real=0.01 secs] 
2014-07-08T07:09:39.217+0000: 1424.307: [GC [PSYoungGen: 714112K->800K(688320K)] 880268K->167052K(1375296K), 0.0172410 secs] [Times: user=0.06 sys=0.00, real=0.01 secs] 
2014-07-08T07:09:40.652+0000: 1425.742: [GC [PSYoungGen: 688288K->160K(662720K)] 854540K->166468K(1349696K), 0.0047970 secs] [Times: user=0.01 sys=0.00, real=0.01 secs] 
2014-07-08T07:09:42.104+0000: 1427.195: [GC [PSYoungGen: 662688K->626K(639360K)] 828996K->167022K(1326336K), 0.0148740 secs] [Times: user=0.05 sys=0.00, real=0.02 secs] 
2014-07-08T07:09:43.550+0000: 1428.640: [GC [PSYoungGen: 639346K->420K(616448K)] 805742K->166928K(1303424K), 0.0060330 secs] [Times: user=0.02 sys=0.00, real=0.01 secs] 
2014-07-08T07:09:44.793+0000: 1429.884: [GC [PSYoungGen: 616418K->242K(594560K)] 782927K->166894K(1281536K), 0.0049690 secs] [Times: user=0.01 sys=0.00, real=0.01 secs] 
2014-07-08T07:09:46.172+0000: 1431.262: [GC [PSYoungGen: 594545K->978K(574656K)] 761198K->167702K(1261632K), 0.0047170 secs] [Times: user=0.01 sys=0.00, real=0.01 secs] 
2014-07-08T07:09:47.345+0000: 1432.436: [GC [PSYoungGen: 574610K->370K(554240K)] 741334K->167206K(1241216K), 0.0217940 secs] [Times: user=0.08 sys=0.00, real=0.03 secs] 
2014-07-08T07:09:48.559+0000: 1433.649: [GC [PSYoungGen: 554199K->356K(535360K)] 721036K->167272K(1222336K), 0.0048110 secs] [Times: user=0.01 sys=0.01, real=0.00 secs] 
2014-07-08T07:09:49.664+0000: 1434.755: [GC [PSYoungGen: 535332K->178K(517120K)] 702248K->167142K(1204096K), 0.0176520 secs] [Times: user=0.06 sys=0.00, real=0.02 secs] 
2014-07-08T07:09:50.788+0000: 1435.878: [GC [PSYoungGen: 517106K->242K(499968K)] 684070K->167270K(1186944K), 0.0072650 secs] [Times: user=0.03 sys=0.00, real=0.00 secs] 
2014-07-08T07:09:51.870+0000: 1436.960: [GC [PSYoungGen: 499954K->292K(483584K)] 666982K->167392K(1170560K), 0.0146650 secs] [Times: user=0.06 sys=0.00, real=0.01 secs] 
2014-07-08T07:09:52.916+0000: 1438.006: [GC [PSYoungGen: 483554K->256K(580224K)] 650655K->167460K(1267200K), 0.0111930 secs] [Times: user=0.04 sys=0.00, real=0.02 secs] 
2014-07-08T07:09:54.270+0000: 1439.360: [GC [PSYoungGen: 580224K->914K(560896K)] 747428K->168166K(1247872K), 0.0045280 secs] [Times: user=0.02 sys=0.00, real=0.00 secs] 
2014-07-08T07:09:55.409+0000: 1440.500: [GC [PSYoungGen: 560850K->384K(541184K)] 728102K->167788K(1228160K), 0.0044040 secs] [Times: user=0.01 sys=0.01, real=0.00 secs] 
2014-07-08T07:09:56.569+0000: 1441.660: [GC [PSYoungGen: 541184K->242K(522752K)] 708588K->167750K(1209728K), 0.0140310 secs] [Times: user=0.06 sys=0.00, real=0.01 secs] 
2014-07-08T07:09:57.673+0000: 1442.763: [GC [PSYoungGen: 522738K->324K(505408K)] 690246K->167928K(1192384K), 0.0070950 secs] [Times: user=0.01 sys=0.00, real=0.01 secs] 
2014-07-08T07:09:58.770+0000: 1443.861: [GC [PSYoungGen: 505348K->306K(488640K)] 672952K->167982K(1175616K), 0.0077840 secs] [Times: user=0.03 sys=0.00, real=0.01 secs] 
2014-07-08T07:09:59.860+0000: 1444.951: [GC [PSYoungGen: 488626K->562K(472960K)] 656302K->168270K(1159936K), 0.0110320 secs] [Times: user=0.04 sys=0.00, real=0.01 secs] 
2014-07-08T07:10:00.846+0000: 1445.936: [GC [PSYoungGen: 472946K->274K(457472K)] 640654K->168030K(1144448K), 0.0053480 secs] [Times: user=0.01 sys=0.00, real=0.01 secs] 
2014-07-08T07:10:01.834+0000: 1446.925: [GC [PSYoungGen: 457426K->224K(442816K)] 625182K->168052K(1129792K), 0.0165410 secs] [Times: user=0.06 sys=0.00, real=0.02 secs] 
2014-07-08T07:10:02.802+0000: 1447.893: [GC [PSYoungGen: 442784K->192K(428800K)] 610612K->168116K(1115776K), 0.0046310 secs] [Times: user=0.01 sys=0.00, real=0.00 secs] 
2014-07-08T07:10:03.725+0000: 1448.815: [GC [PSYoungGen: 428792K->160K(514560K)] 596717K->168148K(1201536K), 0.0152950 secs] [Times: user=0.06 sys=0.00, real=0.02 secs] 
2014-07-08T07:10:04.837+0000: 1449.928: [GC [PSYoungGen: 514442K->260K(497600K)] 682431K->168320K(1184576K), 0.0085040 secs] [Times: user=0.02 sys=0.00, real=0.01 secs] 
2014-07-08T07:10:05.957+0000: 1451.047: [GC [PSYoungGen: 497540K->704K(481664K)] 665600K->168852K(1168640K), 0.0076280 secs] [Times: user=0.02 sys=0.00, real=0.01 secs] 
2014-07-08T07:10:07.042+0000: 1452.133: [GC [PSYoungGen: 481664K->850K(466240K)] 649812K->169110K(1153216K), 0.0051460 secs] [Times: user=0.01 sys=0.00, real=0.00 secs] 
2014-07-08T07:10:07.991+0000: 1453.081: [GC [PSYoungGen: 466194K->370K(450816K)] 634454K->168958K(1137792K), 0.0058090 secs] [Times: user=0.02 sys=0.00, real=0.00 secs] 
2014-07-08T07:10:08.974+0000: 1454.065: [GC [PSYoungGen: 450802K->786K(436992K)] 619390K->169454K(1123968K), 0.0087770 secs] [Times: user=0.01 sys=0.00, real=0.01 secs] 
2014-07-08T07:10:09.905+0000: 1454.995: [GC [PSYoungGen: 436946K->192K(422656K)] 605614K->168956K(1109632K), 0.0091270 secs] [Times: user=0.01 sys=0.00, real=0.01 secs] 
2014-07-08T07:10:10.842+0000: 1455.933: [GC [PSYoungGen: 422656K->352K(409792K)] 591420K->169204K(1096768K), 0.0097900 secs] [Times: user=0.02 sys=0.00, real=0.01 secs] 
2014-07-08T07:10:11.701+0000: 1456.791: [GC [PSYoungGen: 409760K->224K(491584K)] 578612K->169188K(1178560K), 0.0138070 secs] [Times: user=0.05 sys=0.01, real=0.01 secs] 
2014-07-08T07:10:12.731+0000: 1457.822: [GC [PSYoungGen: 491552K->160K(589824K)] 660516K->169204K(1276800K), 0.0138790 secs] [Times: user=0.05 sys=0.00, real=0.01 secs] 
2014-07-08T07:10:14.008+0000: 1459.098: [GC [PSYoungGen: 589792K->498K(708096K)] 758836K->169614K(1395072K), 0.0217730 secs] [Times: user=0.07 sys=0.00, real=0.02 secs] 
2014-07-08T07:10:15.528+0000: 1460.618: [GC [PSYoungGen: 708082K->288K(849472K)] 877198K->169484K(1536448K), 0.0161920 secs] [Times: user=0.06 sys=0.00, real=0.02 secs] 
2014-07-08T07:10:17.412+0000: 1462.503: [GC [PSYoungGen: 849440K->352K(1019392K)] 1018636K->169684K(1706368K), 0.0099460 secs] [Times: user=0.03 sys=0.00, real=0.01 secs] 
2014-07-08T07:10:19.563+0000: 1464.654: [GC [PSYoungGen: 1019360K->644K(979072K)] 1188692K->170120K(1666048K), 0.0155050 secs] [Times: user=0.04 sys=0.00, real=0.01 secs] 
2014-07-08T07:10:21.758+0000: 1466.849: [GC [PSYoungGen: 979012K->484K(940224K)] 1148488K->170024K(1627200K), 0.0040420 secs] [Times: user=0.01 sys=0.00, real=0.01 secs] 
2014-07-08T07:10:23.705+0000: 1468.795: [GC [PSYoungGen: 940195K->352K(903232K)] 1109736K->170076K(1590208K), 0.0102530 secs] [Times: user=0.01 sys=0.00, real=0.01 secs] 
2014-07-08T07:10:25.650+0000: 1470.740: [GC [PSYoungGen: 903200K->352K(868160K)] 1072924K->170196K(1555136K), 0.0139260 secs] [Times: user=0.05 sys=0.00, real=0.02 secs] 
2014-07-08T07:10:27.559+0000: 1472.649: [GC [PSYoungGen: 868128K->288K(834688K)] 1037972K->170252K(1521664K), 0.0049890 secs] [Times: user=0.01 sys=0.00, real=0.01 secs] 
2014-07-08T07:10:29.344+0000: 1474.434: [GC [PSYoungGen: 834656K->320K(802816K)] 1004620K->170436K(1489792K), 0.0117580 secs] [Times: user=0.05 sys=0.00, real=0.01 secs] 
2014-07-08T07:10:31.079+0000: 1476.170: [GC [PSYoungGen: 802816K->416K(772608K)] 972932K->170612K(1459584K), 0.0120920 secs] [Times: user=0.04 sys=0.00, real=0.01 secs] 
2014-07-08T07:10:32.752+0000: 1477.842: [GC [PSYoungGen: 772576K->352K(743616K)] 942772K->170644K(1430592K), 0.0107410 secs] [Times: user=0.04 sys=0.00, real=0.01 secs] 
2014-07-08T07:10:34.393+0000: 1479.484: [GC [PSYoungGen: 743513K->384K(716032K)] 913806K->170820K(1403008K), 0.0046060 secs] [Times: user=0.02 sys=0.01, real=0.00 secs] 
2014-07-08T07:10:35.888+0000: 1480.979: [GC [PSYoungGen: 716032K->192K(689536K)] 886468K->170756K(1376512K), 0.0131040 secs] [Times: user=0.05 sys=0.00, real=0.01 secs] 
2014-07-08T07:10:37.381+0000: 1482.471: [GC [PSYoungGen: 689536K->256K(664576K)] 860100K->170876K(1351552K), 0.0049610 secs] [Times: user=0.01 sys=0.00, real=0.01 secs] 
2014-07-08T07:10:38.860+0000: 1483.950: [GC [PSYoungGen: 664576K->388K(640896K)] 835196K->171104K(1327872K), 0.0037750 secs] [Times: user=0.01 sys=0.01, real=0.00 secs] 
2014-07-08T07:10:40.216+0000: 1485.307: [GC [PSYoungGen: 640836K->598K(618304K)] 811552K->171402K(1305280K), 0.0058920 secs] [Times: user=0.02 sys=0.00, real=0.00 secs] 
2014-07-08T07:10:41.534+0000: 1486.624: [GC [PSYoungGen: 618262K->256K(596160K)] 789066K->171140K(1283136K), 0.0113060 secs] [Times: user=0.04 sys=0.00, real=0.02 secs] 
2014-07-08T07:10:42.821+0000: 1487.911: [GC [PSYoungGen: 596160K->192K(575360K)] 767044K->171172K(1262336K), 0.0278650 secs] [Times: user=0.10 sys=0.00, real=0.03 secs] 
2014-07-08T07:10:44.104+0000: 1489.194: [GC [PSYoungGen: 575360K->708K(556096K)] 746340K->171768K(1243072K), 0.0061010 secs] [Times: user=0.02 sys=0.00, real=0.01 secs] 
2014-07-08T07:10:45.322+0000: 1490.412: [GC [PSYoungGen: 556036K->434K(536832K)] 727096K->171606K(1223808K), 0.0052000 secs] [Times: user=0.01 sys=0.00, real=0.01 secs] 
2014-07-08T07:10:46.449+0000: 1491.539: [GC [PSYoungGen: 536818K->192K(518464K)] 707990K->171460K(1205440K), 0.0144380 secs] [Times: user=0.05 sys=0.01, real=0.01 secs] 
2014-07-08T07:10:47.563+0000: 1492.654: [GC [PSYoungGen: 518464K->242K(501248K)] 689732K->171582K(1188224K), 0.0054540 secs] [Times: user=0.02 sys=0.00, real=0.01 secs] 
2014-07-08T07:10:48.645+0000: 1493.735: [GC [PSYoungGen: 501234K->242K(484736K)] 672574K->171646K(1171712K), 0.0044020 secs] [Times: user=0.02 sys=0.00, real=0.01 secs] 
2014-07-08T07:10:49.702+0000: 1494.792: [GC [PSYoungGen: 484722K->292K(468992K)] 656126K->171744K(1155968K), 0.0048930 secs] [Times: user=0.01 sys=0.00, real=0.01 secs] 
2014-07-08T07:10:50.706+0000: 1495.796: [GC [PSYoungGen: 468964K->192K(453760K)] 640416K->171692K(1140736K), 0.0074300 secs] [Times: user=0.02 sys=0.00, real=0.01 secs] 
2014-07-08T07:10:51.685+0000: 1496.775: [GC [PSYoungGen: 453760K->128K(439296K)] 625260K->171700K(1126272K), 0.0048020 secs] [Times: user=0.02 sys=0.00, real=0.01 secs] 
2014-07-08T07:10:52.632+0000: 1497.722: [GC [PSYoungGen: 439296K->224K(425600K)] 610868K->171852K(1112576K), 0.0129830 secs] [Times: user=0.05 sys=0.00, real=0.01 secs] 
2014-07-08T07:10:53.550+0000: 1498.641: [GC [PSYoungGen: 425565K->192K(412352K)] 597194K->171916K(1099328K), 0.0058420 secs] [Times: user=0.02 sys=0.00, real=0.01 secs] 
2014-07-08T07:10:54.441+0000: 1499.531: [GC [PSYoungGen: 412352K->306K(399808K)] 584076K->172110K(1086784K), 0.0049610 secs] [Times: user=0.01 sys=0.00, real=0.00 secs] 
2014-07-08T07:10:55.413+0000: 1500.504: [GC [PSYoungGen: 399794K->612K(388032K)] 571598K->172504K(1075008K), 0.0098980 secs] [Times: user=0.04 sys=0.01, real=0.01 secs] 
2014-07-08T07:10:56.182+0000: 1501.273: [GC [PSYoungGen: 388004K->370K(465280K)] 559896K->172734K(1152256K), 0.0142530 secs] [Times: user=0.05 sys=0.00, real=0.02 secs] 
2014-07-08T07:10:57.246+0000: 1502.337: [GC [PSYoungGen: 465266K->708K(558656K)] 637630K->173120K(1245632K), 0.0102050 secs] [Times: user=0.03 sys=0.00, real=0.01 secs] 
2014-07-08T07:10:58.409+0000: 1503.499: [GC [PSYoungGen: 558596K->338K(539200K)] 731008K->172926K(1226176K), 0.0086660 secs] [Times: user=0.03 sys=0.00, real=0.01 secs] 
2014-07-08T07:10:59.518+0000: 1504.608: [GC [PSYoungGen: 539154K->128K(520768K)] 711742K->172772K(1207744K), 0.0103580 secs] [Times: user=0.03 sys=0.00, real=0.01 secs] 
2014-07-08T07:11:00.645+0000: 1505.735: [GC [PSYoungGen: 520768K->420K(503680K)] 693412K->173120K(1190656K), 0.0131030 secs] [Times: user=0.04 sys=0.00, real=0.02 secs] 
2014-07-08T07:11:01.740+0000: 1506.830: [GC [PSYoungGen: 503652K->292K(486976K)] 676352K->173072K(1173952K), 0.0096080 secs] [Times: user=0.03 sys=0.00, real=0.01 secs] 
2014-07-08T07:11:02.795+0000: 1507.886: [GC [PSYoungGen: 486897K->374K(471168K)] 659678K->173234K(1158144K), 0.0092180 secs] [Times: user=0.03 sys=0.00, real=0.01 secs] 
2014-07-08T07:11:03.823+0000: 1508.914: [GC [PSYoungGen: 471158K->288K(455936K)] 644018K->173276K(1142912K), 0.0075390 secs] [Times: user=0.02 sys=0.00, real=0.01 secs] 
2014-07-08T07:11:04.804+0000: 1509.894: [GC [PSYoungGen: 455904K->192K(441280K)] 628892K->173260K(1128256K), 0.0045330 secs] [Times: user=0.02 sys=0.00, real=0.01 secs] 
2014-07-08T07:11:05.758+0000: 1510.848: [GC [PSYoungGen: 441280K->128K(427328K)] 614348K->173276K(1114304K), 0.0108960 secs] [Times: user=0.04 sys=0.00, real=0.01 secs] 
2014-07-08T07:11:06.724+0000: 1511.814: [GC [PSYoungGen: 427328K->388K(414336K)] 600476K->173600K(1101312K), 0.0056750 secs] [Times: user=0.01 sys=0.01, real=0.01 secs] 
2014-07-08T07:11:07.618+0000: 1512.708: [GC [PSYoungGen: 414271K->288K(497024K)] 587483K->173572K(1184000K), 0.0257460 secs] [Times: user=0.08 sys=0.00, real=0.03 secs] 
2014-07-08T07:11:08.655+0000: 1513.745: [GC [PSYoungGen: 496992K->128K(596224K)] 670276K->173492K(1283200K), 0.0076390 secs] [Times: user=0.01 sys=0.00, real=0.01 secs] 
2014-07-08T07:11:09.943+0000: 1515.033: [GC [PSYoungGen: 596224K->160K(575488K)] 769588K->173588K(1262464K), 0.0063250 secs] [Times: user=0.01 sys=0.00, real=0.01 secs] 
2014-07-08T07:11:11.259+0000: 1516.349: [GC [PSYoungGen: 575456K->690K(556160K)] 748884K->174198K(1243136K), 0.0053860 secs] [Times: user=0.01 sys=0.01, real=0.01 secs] 
2014-07-08T07:11:12.626+0000: 1517.716: [GC [PSYoungGen: 556146K->804K(537344K)] 729654K->174728K(1224320K), 0.0087020 secs] [Times: user=0.03 sys=0.00, real=0.01 secs] 
2014-07-08T07:11:13.622+0000: 1518.713: [GC [PSYoungGen: 537316K->192K(518592K)] 711240K->174462K(1205568K), 0.0115910 secs] [Times: user=0.03 sys=0.00, real=0.01 secs] 
2014-07-08T07:11:14.681+0000: 1519.771: [GC [PSYoungGen: 518592K->306K(501440K)] 692862K->174736K(1188416K), 0.0045600 secs] [Times: user=0.01 sys=0.01, real=0.00 secs] 
2014-07-08T07:11:15.759+0000: 1520.849: [GC [PSYoungGen: 501426K->192K(484800K)] 675856K->174758K(1171776K), 0.0174470 secs] [Times: user=0.06 sys=0.01, real=0.02 secs] 
2014-07-08T07:11:16.811+0000: 1521.902: [GC [PSYoungGen: 484758K->160K(468992K)] 659325K->174782K(1155968K), 0.0050570 secs] [Times: user=0.01 sys=0.00, real=0.00 secs] 
2014-07-08T07:11:17.880+0000: 1522.970: [GC [PSYoungGen: 468960K->288K(454016K)] 643582K->174958K(1140992K), 0.0092670 secs] [Times: user=0.03 sys=0.00, real=0.01 secs] 
2014-07-08T07:11:18.814+0000: 1523.905: [GC [PSYoungGen: 453984K->320K(439552K)] 628654K->175086K(1126528K), 0.0073500 secs] [Times: user=0.02 sys=0.00, real=0.01 secs] 
2014-07-08T07:11:19.763+0000: 1524.853: [GC [PSYoungGen: 439476K->128K(425536K)] 614243K->174934K(1112512K), 0.0047430 secs] [Times: user=0.00 sys=0.00, real=0.00 secs] 
2014-07-08T07:11:20.689+0000: 1525.780: [GC [PSYoungGen: 425536K->128K(412352K)] 600342K->174966K(1099328K), 0.0046800 secs] [Times: user=0.01 sys=0.00, real=0.01 secs] 
2014-07-08T07:11:21.587+0000: 1526.678: [GC [PSYoungGen: 412352K->242K(399808K)] 587190K->175152K(1086784K), 0.0038500 secs] [Times: user=0.01 sys=0.00, real=0.01 secs] 
2014-07-08T07:11:22.486+0000: 1527.576: [GC [PSYoungGen: 399794K->452K(387968K)] 574704K->175450K(1074944K), 0.0153020 secs] [Times: user=0.05 sys=0.00, real=0.02 secs] 
2014-07-08T07:11:23.351+0000: 1528.441: [GC [PSYoungGen: 387908K->644K(376576K)] 562906K->175714K(1063552K), 0.0119100 secs] [Times: user=0.04 sys=0.00, real=0.02 secs] 
2014-07-08T07:11:24.122+0000: 1529.213: [GC [PSYoungGen: 376516K->722K(451840K)] 551586K->175864K(1138816K), 0.0190110 secs] [Times: user=0.06 sys=0.00, real=0.02 secs] 
2014-07-08T07:11:25.091+0000: 1530.182: [GC [PSYoungGen: 451794K->356K(541696K)] 626936K->176098K(1228672K), 0.0069750 secs] [Times: user=0.01 sys=0.00, real=0.00 secs] 
2014-07-08T07:11:26.308+0000: 1531.399: [GC [PSYoungGen: 541668K->1042K(650688K)] 717410K->176872K(1337664K), 0.0080710 secs] [Times: user=0.02 sys=0.00, real=0.01 secs] 
2014-07-08T07:11:27.688+0000: 1532.778: [GC [PSYoungGen: 650640K->256K(626624K)] 826471K->176286K(1313600K), 0.0052810 secs] [Times: user=0.01 sys=0.00, real=0.01 secs] 
2014-07-08T07:11:29.003+0000: 1534.094: [GC [PSYoungGen: 626624K->594K(752320K)] 802654K->176728K(1439296K), 0.0193040 secs] [Times: user=0.07 sys=0.01, real=0.02 secs] 
2014-07-08T07:11:30.634+0000: 1535.724: [GC [PSYoungGen: 752274K->384K(724096K)] 928408K->176598K(1411072K), 0.0078830 secs] [Times: user=0.03 sys=0.00, real=0.00 secs] 
2014-07-08T07:11:32.211+0000: 1537.302: [GC [PSYoungGen: 724096K->598K(697728K)] 900310K->176908K(1384704K), 0.0051620 secs] [Times: user=0.01 sys=0.00, real=0.01 secs] 
2014-07-08T07:11:33.702+0000: 1538.792: [GC [PSYoungGen: 697686K->210K(671936K)] 873996K->176592K(1358912K), 0.0085810 secs] [Times: user=0.01 sys=0.00, real=0.00 secs] 
2014-07-08T07:11:35.191+0000: 1540.281: [GC [PSYoungGen: 671824K->996K(648448K)] 848207K->177498K(1335424K), 0.0084780 secs] [Times: user=0.02 sys=0.00, real=0.01 secs] 
2014-07-08T07:11:36.562+0000: 1541.652: [GC [PSYoungGen: 648420K->224K(624576K)] 824922K->176862K(1311552K), 0.0108070 secs] [Times: user=0.04 sys=0.00, real=0.02 secs] 
2014-07-08T07:11:37.909+0000: 1543.000: [GC [PSYoungGen: 624544K->480K(602752K)] 801182K->177198K(1289728K), 0.0049280 secs] [Times: user=0.01 sys=0.00, real=0.01 secs] 
2014-07-08T07:11:39.209+0000: 1544.300: [GC [PSYoungGen: 602720K->576K(581760K)] 779438K->177366K(1268736K), 0.0281000 secs] [Times: user=0.10 sys=0.00, real=0.03 secs] 
2014-07-08T07:11:40.546+0000: 1545.636: [GC [PSYoungGen: 581760K->484K(561600K)] 758550K->177330K(1248576K), 0.0047390 secs] [Times: user=0.01 sys=0.00, real=0.00 secs] 
2014-07-08T07:11:41.672+0000: 1546.762: [GC [PSYoungGen: 561572K->192K(542080K)] 738418K->177150K(1229056K), 0.0061420 secs] [Times: user=0.01 sys=0.00, real=0.01 secs] 
2014-07-08T07:11:42.848+0000: 1547.938: [GC [PSYoungGen: 542080K->224K(523840K)] 719038K->177238K(1210816K), 0.0040540 secs] [Times: user=0.01 sys=0.00, real=0.00 secs] 
2014-07-08T07:11:43.987+0000: 1549.077: [GC [PSYoungGen: 523808K->480K(506560K)] 700822K->177598K(1193536K), 0.0214630 secs] [Times: user=0.08 sys=0.00, real=0.02 secs] 
2014-07-08T07:11:45.082+0000: 1550.173: [GC [PSYoungGen: 506528K->434K(489792K)] 683646K->177616K(1176768K), 0.0094590 secs] [Times: user=0.03 sys=0.01, real=0.01 secs] 
2014-07-08T07:11:46.250+0000: 1551.341: [GC [PSYoungGen: 489778K->932K(588224K)] 666960K->178266K(1275200K), 0.0195310 secs] [Times: user=0.07 sys=0.01, real=0.02 secs] 
2014-07-08T07:11:47.422+0000: 1552.512: [GC [PSYoungGen: 588196K->338K(567296K)] 765530K->177816K(1254272K), 0.0075050 secs] [Times: user=0.01 sys=0.01, real=0.01 secs] 
2014-07-08T07:11:48.641+0000: 1553.731: [GC [PSYoungGen: 567250K->256K(547712K)] 744728K->177806K(1234688K), 0.0117860 secs] [Times: user=0.05 sys=0.00, real=0.01 secs] 
2014-07-08T07:11:49.825+0000: 1554.915: [GC [PSYoungGen: 547712K->224K(529152K)] 725262K->177846K(1216128K), 0.0075960 secs] [Times: user=0.02 sys=0.00, real=0.01 secs] 
2014-07-08T07:11:50.979+0000: 1556.070: [GC [PSYoungGen: 529112K->498K(511680K)] 706734K->178160K(1198656K), 0.0058040 secs] [Times: user=0.01 sys=0.00, real=0.01 secs] 
2014-07-08T07:11:52.096+0000: 1557.186: [GC [PSYoungGen: 511666K->480K(494720K)] 689328K->178230K(1181696K), 0.0134940 secs] [Times: user=0.05 sys=0.00, real=0.01 secs] 
2014-07-08T07:11:53.176+0000: 1558.266: [GC [PSYoungGen: 494688K->640K(478656K)] 672438K->178486K(1165632K), 0.0138480 secs] [Times: user=0.04 sys=0.00, real=0.01 secs] 
2014-07-08T07:11:54.203+0000: 1559.294: [GC [PSYoungGen: 478654K->448K(462976K)] 656501K->178398K(1149952K), 0.0046290 secs] [Times: user=0.01 sys=0.00, real=0.01 secs] 
2014-07-08T07:11:55.195+0000: 1560.285: [GC [PSYoungGen: 462976K->384K(555456K)] 640926K->178414K(1242432K), 0.0198310 secs] [Times: user=0.07 sys=0.00, real=0.02 secs] 
2014-07-08T07:11:56.435+0000: 1561.526: [GC [PSYoungGen: 555357K->836K(537024K)] 733388K->178938K(1224000K), 0.0055420 secs] [Times: user=0.01 sys=0.00, real=0.01 secs] 
2014-07-08T07:11:57.535+0000: 1562.625: [GC [PSYoungGen: 536943K->324K(643776K)] 715046K->178482K(1330752K), 0.0139300 secs] [Times: user=0.05 sys=0.00, real=0.02 secs] 
2014-07-08T07:11:58.934+0000: 1564.024: [GC [PSYoungGen: 643716K->306K(620800K)] 821874K->178536K(1307776K), 0.0051250 secs] [Times: user=0.02 sys=0.00, real=0.01 secs] 
2014-07-08T07:12:00.311+0000: 1565.401: [GC [PSYoungGen: 620765K->644K(599296K)] 798996K->178970K(1286272K), 0.0043300 secs] [Times: user=0.01 sys=0.00, real=0.00 secs] 
2014-07-08T07:12:01.565+0000: 1566.656: [GC [PSYoungGen: 599236K->352K(578112K)] 777562K->178790K(1265088K), 0.0076760 secs] [Times: user=0.02 sys=0.00, real=0.01 secs] 
2014-07-08T07:12:02.833+0000: 1567.923: [GC [PSYoungGen: 578080K->896K(558656K)] 756518K->179422K(1245632K), 0.0060390 secs] [Times: user=0.01 sys=0.00, real=0.01 secs] 
2014-07-08T07:12:04.023+0000: 1569.114: [GC [PSYoungGen: 558656K->384K(539072K)] 737182K->178998K(1226048K), 0.0171660 secs] [Times: user=0.07 sys=0.01, real=0.02 secs] 
2014-07-08T07:12:05.185+0000: 1570.275: [GC [PSYoungGen: 539071K->352K(520896K)] 717686K->179086K(1207872K), 0.0043390 secs] [Times: user=0.02 sys=0.00, real=0.01 secs] 
2014-07-08T07:12:06.336+0000: 1571.426: [GC [PSYoungGen: 520864K->576K(503744K)] 699598K->179406K(1190720K), 0.0063370 secs] [Times: user=0.01 sys=0.01, real=0.01 secs] 
2014-07-08T07:12:07.396+0000: 1572.486: [GC [PSYoungGen: 503744K->242K(486848K)] 682574K->179128K(1173824K), 0.0039130 secs] [Times: user=0.01 sys=0.00, real=0.01 secs] 
2014-07-08T07:12:08.514+0000: 1573.605: [GC [PSYoungGen: 486834K->352K(471104K)] 665720K->179286K(1158080K), 0.0044400 secs] [Times: user=0.01 sys=0.00, real=0.01 secs] 
2014-07-08T07:12:09.479+0000: 1574.569: [GC [PSYoungGen: 471064K->192K(455744K)] 649999K->179238K(1142720K), 0.0162760 secs] [Times: user=0.06 sys=0.00, real=0.01 secs] 
2014-07-08T07:12:10.453+0000: 1575.543: [GC [PSYoungGen: 455741K->192K(441216K)] 634788K->179278K(1128192K), 0.0037040 secs] [Times: user=0.01 sys=0.00, real=0.00 secs] 
2014-07-08T07:12:11.435+0000: 1576.526: [GC [PSYoungGen: 441216K->256K(427392K)] 620302K->179422K(1114368K), 0.0033980 secs] [Times: user=0.01 sys=0.00, real=0.01 secs] 
2014-07-08T07:12:12.352+0000: 1577.443: [GC [PSYoungGen: 427389K->352K(414208K)] 606556K->179598K(1101184K), 0.0077240 secs] [Times: user=0.02 sys=0.00, real=0.01 secs] 
2014-07-08T07:12:13.416+0000: 1578.506: [GC [PSYoungGen: 414175K->832K(401920K)] 593422K->180126K(1088896K), 0.0051780 secs] [Times: user=0.02 sys=0.01, real=0.01 secs] 
2014-07-08T07:12:14.156+0000: 1579.246: [GC [PSYoungGen: 401920K->786K(389760K)] 581214K->180192K(1076736K), 0.0059980 secs] [Times: user=0.01 sys=0.01, real=0.01 secs] 
2014-07-08T07:12:14.934+0000: 1580.025: [GC [PSYoungGen: 389714K->256K(377536K)] 569120K->179758K(1064512K), 0.0091410 secs] [Times: user=0.03 sys=0.00, real=0.01 secs] 
2014-07-08T07:12:15.752+0000: 1580.842: [GC [PSYoungGen: 377536K->320K(453056K)] 557038K->179878K(1140032K), 0.0266870 secs] [Times: user=0.09 sys=0.00, real=0.02 secs] 
2014-07-08T07:12:16.737+0000: 1581.827: [GC [PSYoungGen: 453056K->192K(543488K)] 632614K->179798K(1230464K), 0.0117220 secs] [Times: user=0.04 sys=0.00, real=0.01 secs] 
2014-07-08T07:12:17.907+0000: 1582.998: [GC [PSYoungGen: 543488K->160K(652160K)] 723094K->179830K(1339136K), 0.0170240 secs] [Times: user=0.06 sys=0.00, real=0.02 secs] 
2014-07-08T07:12:19.463+0000: 1584.554: [GC [PSYoungGen: 652036K->1010K(783424K)] 831706K->180768K(1470400K), 0.0065670 secs] [Times: user=0.02 sys=0.00, real=0.01 secs] 
2014-07-08T07:12:21.028+0000: 1586.118: [GC [PSYoungGen: 783315K->484K(753536K)] 963074K->180378K(1440512K), 0.0067400 secs] [Times: user=0.02 sys=0.00, real=0.01 secs] 
2014-07-08T07:12:22.652+0000: 1587.743: [GC [PSYoungGen: 753453K->228K(725248K)] 933348K->180234K(1412224K), 0.0051780 secs] [Times: user=0.01 sys=0.00, real=0.00 secs] 
2014-07-08T07:12:24.243+0000: 1589.333: [GC [PSYoungGen: 725132K->626K(698944K)] 905139K->180736K(1385920K), 0.0052640 secs] [Times: user=0.02 sys=0.00, real=0.00 secs] 
2014-07-08T07:12:25.739+0000: 1590.830: [GC [PSYoungGen: 698928K->694K(673536K)] 879039K->180940K(1360512K), 0.0277080 secs] [Times: user=0.11 sys=0.00, real=0.03 secs] 
2014-07-08T07:12:27.193+0000: 1592.283: [GC [PSYoungGen: 673526K->274K(648832K)] 853772K->180648K(1335808K), 0.0099080 secs] [Times: user=0.02 sys=0.00, real=0.01 secs] 
2014-07-08T07:12:28.634+0000: 1593.725: [GC [PSYoungGen: 648786K->274K(625664K)] 829160K->180688K(1312640K), 0.0084940 secs] [Times: user=0.01 sys=0.00, real=0.01 secs] 
2014-07-08T07:12:29.962+0000: 1595.053: [GC [PSYoungGen: 625591K->224K(603520K)] 806006K->180750K(1290496K), 0.0070800 secs] [Times: user=0.02 sys=0.00, real=0.00 secs] 
2014-07-08T07:12:31.283+0000: 1596.373: [GC [PSYoungGen: 603488K->676K(582848K)] 784014K->181242K(1269824K), 0.0058650 secs] [Times: user=0.01 sys=0.00, real=0.00 secs] 
2014-07-08T07:12:32.507+0000: 1597.597: [GC [PSYoungGen: 582795K->484K(562496K)] 763362K->181194K(1249472K), 0.0062960 secs] [Times: user=0.02 sys=0.00, real=0.01 secs] 
2014-07-08T07:12:33.718+0000: 1598.808: [GC [PSYoungGen: 562468K->192K(542912K)] 743178K->180966K(1229888K), 0.0051780 secs] [Times: user=0.02 sys=0.00, real=0.01 secs] 
2014-07-08T07:12:34.893+0000: 1599.983: [GC [PSYoungGen: 542912K->292K(524672K)] 723686K->181170K(1211648K), 0.0098120 secs] [Times: user=0.03 sys=0.00, real=0.01 secs] 
2014-07-08T07:12:36.062+0000: 1601.152: [GC [PSYoungGen: 524644K->900K(507776K)] 705522K->181858K(1194752K), 0.0066980 secs] [Times: user=0.01 sys=0.00, real=0.00 secs] 
2014-07-08T07:12:37.137+0000: 1602.227: [GC [PSYoungGen: 507712K->512K(490560K)] 688671K->181550K(1177536K), 0.0107690 secs] [Times: user=0.03 sys=0.00, real=0.01 secs] 
2014-07-08T07:12:38.200+0000: 1603.290: [GC [PSYoungGen: 490560K->594K(474688K)] 671598K->181720K(1161664K), 0.0173980 secs] [Times: user=0.06 sys=0.00, real=0.02 secs] 
2014-07-08T07:12:39.227+0000: 1604.318: [GC [PSYoungGen: 474642K->448K(459200K)] 655768K->181638K(1146176K), 0.0082190 secs] [Times: user=0.03 sys=0.00, real=0.01 secs] 
2014-07-08T07:12:40.243+0000: 1605.333: [GC [PSYoungGen: 459200K->886K(444992K)] 640390K->182148K(1131968K), 0.0068860 secs] [Times: user=0.02 sys=0.00, real=0.00 secs] 
2014-07-08T07:12:41.178+0000: 1606.269: [GC [PSYoungGen: 444980K->498K(430592K)] 626243K->181816K(1117568K), 0.0059240 secs] [Times: user=0.02 sys=0.00, real=0.01 secs] 
2014-07-08T07:12:42.122+0000: 1607.212: [GC [PSYoungGen: 430566K->480K(417152K)] 611885K->181854K(1104128K), 0.0060920 secs] [Times: user=0.02 sys=0.00, real=0.01 secs] 
2014-07-08T07:12:43.007+0000: 1608.097: [GC [PSYoungGen: 417120K->370K(404160K)] 598494K->181840K(1091136K), 0.0138150 secs] [Times: user=0.05 sys=0.00, real=0.01 secs] 
2014-07-08T07:12:43.878+0000: 1608.968: [GC [PSYoungGen: 404124K->406K(484992K)] 585595K->181924K(1171968K), 0.0367880 secs] [Times: user=0.13 sys=0.00, real=0.04 secs] 
2014-07-08T07:12:44.927+0000: 1610.017: [GC [PSYoungGen: 484950K->224K(581760K)] 666468K->181854K(1268736K), 0.0158760 secs] [Times: user=0.06 sys=0.00, real=0.02 secs] 
2014-07-08T07:12:46.216+0000: 1611.306: [GC [PSYoungGen: 581728K->932K(698816K)] 763358K->182650K(1385792K), 0.0067020 secs] [Times: user=0.01 sys=0.00, real=0.00 secs] 
2014-07-08T07:12:47.745+0000: 1612.836: [GC [PSYoungGen: 698788K->256K(837696K)] 880506K->182046K(1524672K), 0.0041330 secs] [Times: user=0.01 sys=0.00, real=0.00 secs] 
2014-07-08T07:12:49.508+0000: 1614.599: [GC [PSYoungGen: 837696K->224K(1005184K)] 1019486K->182118K(1692160K), 0.0134840 secs] [Times: user=0.05 sys=0.00, real=0.01 secs] 
2014-07-08T07:12:51.702+0000: 1616.793: [GC [PSYoungGen: 1005152K->466K(1206464K)] 1187046K->182464K(1893440K), 0.0371250 secs] [Times: user=0.12 sys=0.00, real=0.04 secs] 
2014-07-08T07:12:54.408+0000: 1619.499: [GC [PSYoungGen: 1206418K->594K(1447808K)] 1388416K->182720K(2134784K), 0.0127880 secs] [Times: user=0.03 sys=0.00, real=0.01 secs] 
2014-07-08T07:12:57.471+0000: 1622.561: [GC [PSYoungGen: 1447688K->466K(1386304K)] 1629815K->182840K(2073280K), 0.0152890 secs] [Times: user=0.05 sys=0.01, real=0.02 secs] 
2014-07-08T07:13:00.454+0000: 1625.545: [GC [PSYoungGen: 1386258K->576K(1328000K)] 1568632K->183134K(2014976K), 0.0131810 secs] [Times: user=0.04 sys=0.00, real=0.02 secs] 
2014-07-08T07:13:03.315+0000: 1628.405: [GC [PSYoungGen: 1328000K->640K(1272512K)] 1510558K->183350K(1959488K), 0.0093380 secs] [Times: user=0.01 sys=0.00, real=0.01 secs] 
2014-07-08T07:13:06.033+0000: 1631.123: [GC [PSYoungGen: 1272512K->512K(1219520K)] 1455222K->183358K(1906496K), 0.0050200 secs] [Times: user=0.01 sys=0.00, real=0.01 secs] 
2014-07-08T07:13:08.648+0000: 1633.738: [GC [PSYoungGen: 1219520K->160K(1168896K)] 1402366K->183182K(1855872K), 0.0063320 secs] [Times: user=0.03 sys=0.00, real=0.00 secs] 
2014-07-08T07:13:11.205+0000: 1636.296: [GC [PSYoungGen: 1168863K->594K(1121472K)] 1351886K->183696K(1808448K), 0.0048380 secs] [Times: user=0.01 sys=0.01, real=0.01 secs] 
2014-07-08T07:13:13.615+0000: 1638.706: [GC [PSYoungGen: 1121426K->320K(1075648K)] 1304528K->183590K(1762624K), 0.0142840 secs] [Times: user=0.05 sys=0.00, real=0.02 secs] 
2014-07-08T07:13:15.936+0000: 1641.026: [GC [PSYoungGen: 1075619K->288K(1032320K)] 1258890K->183686K(1719296K), 0.0136990 secs] [Times: user=0.05 sys=0.00, real=0.02 secs] 
2014-07-08T07:13:18.196+0000: 1643.286: [GC [PSYoungGen: 1032288K->576K(991296K)] 1215686K->184134K(1678272K), 0.0058970 secs] [Times: user=0.02 sys=0.00, real=0.01 secs] 
2014-07-08T07:13:20.357+0000: 1645.448: [GC [PSYoungGen: 991296K->850K(952320K)] 1174854K->184528K(1639296K), 0.0049550 secs] [Times: user=0.02 sys=0.00, real=0.01 secs] 
2014-07-08T07:13:22.514+0000: 1647.604: [GC [PSYoungGen: 952274K->722K(914816K)] 1135952K->184520K(1601792K), 0.0238420 secs] [Times: user=0.08 sys=0.00, real=0.02 secs] 
2014-07-08T07:13:24.432+0000: 1649.523: [GC [PSYoungGen: 914770K->420K(878848K)] 1098568K->184402K(1565824K), 0.0047080 secs] [Times: user=0.01 sys=0.00, real=0.00 secs] 
2014-07-08T07:13:26.293+0000: 1651.383: [GC [PSYoungGen: 878820K->818K(845312K)] 1062802K->184976K(1532288K), 0.0088750 secs] [Times: user=0.02 sys=0.00, real=0.01 secs] 
2014-07-08T07:13:28.162+0000: 1653.252: [GC [PSYoungGen: 845298K->822K(812992K)] 1029456K->185268K(1499968K), 0.0051290 secs] [Times: user=0.01 sys=0.00, real=0.00 secs] 
2014-07-08T07:13:29.831+0000: 1654.921: [GC [PSYoungGen: 812982K->320K(781696K)] 997428K->184878K(1468672K), 0.0078430 secs] [Times: user=0.01 sys=0.00, real=0.00 secs] 
2014-07-08T07:13:31.529+0000: 1656.619: [GC [PSYoungGen: 781696K->402K(752448K)] 966254K->185080K(1439424K), 0.0097320 secs] [Times: user=0.02 sys=0.00, real=0.01 secs] 
2014-07-08T07:13:33.164+0000: 1658.254: [GC [PSYoungGen: 752324K->914K(724992K)] 937003K->185712K(1411968K), 0.0077760 secs] [Times: user=0.02 sys=0.00, real=0.01 secs] 
2014-07-08T07:13:34.755+0000: 1659.845: [GC [PSYoungGen: 724946K->384K(697728K)] 909744K->185254K(1384704K), 0.0093790 secs] [Times: user=0.03 sys=0.00, real=0.01 secs] 
2014-07-08T07:13:36.257+0000: 1661.348: [GC [PSYoungGen: 697728K->950K(672896K)] 882598K->186060K(1359872K), 0.0088230 secs] [Times: user=0.02 sys=0.00, real=0.01 secs] 
2014-07-08T07:13:37.686+0000: 1662.777: [GC [PSYoungGen: 672886K->192K(647872K)] 857996K->185382K(1334848K), 0.0061740 secs] [Times: user=0.02 sys=0.00, real=0.01 secs] 
2014-07-08T07:13:39.116+0000: 1664.207: [GC [PSYoungGen: 647872K->676K(625280K)] 833062K->185946K(1312256K), 0.0067850 secs] [Times: user=0.02 sys=0.00, real=0.01 secs] 
2014-07-08T07:13:40.467+0000: 1665.557: [GC [PSYoungGen: 625166K->224K(602752K)] 810437K->185558K(1289728K), 0.0167330 secs] [Times: user=0.05 sys=0.00, real=0.02 secs] 
2014-07-08T07:13:41.758+0000: 1666.848: [GC [PSYoungGen: 602674K->342K(581824K)] 788009K->185772K(1268800K), 0.0040010 secs] [Times: user=0.01 sys=0.00, real=0.00 secs] 
2014-07-08T07:13:43.022+0000: 1668.112: [GC [PSYoungGen: 581782K->370K(561728K)] 767212K->185864K(1248704K), 0.0063090 secs] [Times: user=0.01 sys=0.00, real=0.01 secs] 
2014-07-08T07:13:44.341+0000: 1669.431: [GC [PSYoungGen: 561714K->1202K(543360K)] 747208K->186768K(1230336K), 0.0056100 secs] [Times: user=0.02 sys=0.00, real=0.01 secs] 
2014-07-08T07:13:45.405+0000: 1670.495: [GC [PSYoungGen: 543346K->256K(524032K)] 728912K->185926K(1211008K), 0.0216310 secs] [Times: user=0.08 sys=0.00, real=0.02 secs] 
2014-07-08T07:13:46.545+0000: 1671.635: [GC [PSYoungGen: 524032K->420K(628992K)] 709702K->186226K(1315968K), 0.0452880 secs] [Times: user=0.15 sys=0.00, real=0.04 secs] 
2014-07-08T07:13:47.905+0000: 1672.995: [GC [PSYoungGen: 628964K->338K(754688K)] 814770K->186232K(1441664K), 0.0199870 secs] [Times: user=0.07 sys=0.00, real=0.02 secs] 
2014-07-08T07:13:49.647+0000: 1674.737: [GC [PSYoungGen: 754567K->712K(905984K)] 940462K->186654K(1592960K), 0.0056690 secs] [Times: user=0.02 sys=0.00, real=0.00 secs] 
2014-07-08T07:13:51.518+0000: 1676.608: [GC [PSYoungGen: 905928K->320K(1086592K)] 1091870K->186358K(1773568K), 0.0157060 secs] [Times: user=0.05 sys=0.00, real=0.02 secs] 
2014-07-08T07:13:53.850+0000: 1678.940: [GC [PSYoungGen: 1086592K->306K(1303872K)] 1272630K->186480K(1990848K), 0.0153870 secs] [Times: user=0.05 sys=0.00, real=0.02 secs] 
2014-07-08T07:13:56.664+0000: 1681.754: [GC [PSYoungGen: 1303858K->480K(1249664K)] 1490032K->186822K(1936640K), 0.0182360 secs] [Times: user=0.07 sys=0.00, real=0.01 secs] 
2014-07-08T07:13:59.390+0000: 1684.480: [GC [PSYoungGen: 1249632K->288K(1197760K)] 1435974K->186830K(1884736K), 0.0138370 secs] [Times: user=0.05 sys=0.00, real=0.01 secs] 
2014-07-08T07:14:02.015+0000: 1687.105: [GC [PSYoungGen: 1197728K->448K(1148672K)] 1384270K->187102K(1835648K), 0.0178420 secs] [Times: user=0.06 sys=0.00, real=0.02 secs] 
2014-07-08T07:14:04.641+0000: 1689.732: [GC [PSYoungGen: 1148672K->1088K(1102464K)] 1335326K->188070K(1789440K), 0.0108070 secs] [Times: user=0.02 sys=0.00, real=0.01 secs] 
2014-07-08T07:14:06.924+0000: 1692.014: [GC [PSYoungGen: 1102464K->690K(1057472K)] 1289446K->187896K(1744448K), 0.0267050 secs] [Times: user=0.09 sys=0.00, real=0.03 secs] 
2014-07-08T07:14:09.134+0000: 1694.224: [GC [PSYoungGen: 1057374K->648K(1015040K)] 1244581K->188079K(1702016K), 0.0075000 secs] [Times: user=0.01 sys=0.00, real=0.01 secs] 
2014-07-08T07:14:11.371+0000: 1696.461: [GC [PSYoungGen: 1014984K->722K(974720K)] 1202415K->188232K(1661696K), 0.0044380 secs] [Times: user=0.01 sys=0.00, real=0.00 secs] 
2014-07-08T07:14:13.470+0000: 1698.560: [GC [PSYoungGen: 974674K->384K(935872K)] 1162184K->188046K(1622848K), 0.0133410 secs] [Times: user=0.05 sys=0.00, real=0.01 secs] 
2014-07-08T07:14:15.478+0000: 1700.568: [GC [PSYoungGen: 935869K->352K(899264K)] 1123532K->188190K(1586240K), 0.0135690 secs] [Times: user=0.05 sys=0.00, real=0.01 secs] 
2014-07-08T07:14:17.482+0000: 1702.573: [GC [PSYoungGen: 899232K->544K(864576K)] 1087070K->188526K(1551552K), 0.0095690 secs] [Times: user=0.03 sys=0.01, real=0.01 secs] 
2014-07-08T07:14:19.314+0000: 1704.405: [GC [PSYoungGen: 864544K->726K(831552K)] 1052526K->188820K(1518528K), 0.0131190 secs] [Times: user=0.03 sys=0.00, real=0.02 secs] 
2014-07-08T07:14:21.087+0000: 1706.177: [GC [PSYoungGen: 831410K->580K(799744K)] 1019505K->188730K(1486720K), 0.0201520 secs] [Times: user=0.07 sys=0.01, real=0.02 secs] 
2014-07-08T07:14:22.815+0000: 1707.905: [GC [PSYoungGen: 799684K->256K(769152K)] 987834K->188510K(1456128K), 0.0034390 secs] [Times: user=0.01 sys=0.00, real=0.01 secs] 
2014-07-08T07:14:24.476+0000: 1709.566: [GC [PSYoungGen: 769152K->370K(740544K)] 957406K->188736K(1427520K), 0.0039660 secs] [Times: user=0.01 sys=0.00, real=0.01 secs] 
2014-07-08T07:14:26.084+0000: 1711.174: [GC [PSYoungGen: 740530K->416K(713216K)] 928896K->188934K(1400192K), 0.0069340 secs] [Times: user=0.02 sys=0.00, real=0.01 secs] 
2014-07-08T07:14:27.636+0000: 1712.727: [GC [PSYoungGen: 713183K->370K(687040K)] 901702K->189000K(1374016K), 0.0092430 secs] [Times: user=0.03 sys=0.00, real=0.01 secs] 
2014-07-08T07:14:29.134+0000: 1714.225: [GC [PSYoungGen: 687026K->836K(662592K)] 875656K->189538K(1349568K), 0.0190820 secs] [Times: user=0.07 sys=0.00, real=0.02 secs] 
2014-07-08T07:14:30.540+0000: 1715.630: [GC [PSYoungGen: 662532K->256K(638144K)] 851234K->189006K(1325120K), 0.0049190 secs] [Times: user=0.01 sys=0.00, real=0.00 secs] 
2014-07-08T07:14:31.927+0000: 1717.018: [GC [PSYoungGen: 638144K->530K(615808K)] 826894K->189440K(1302784K), 0.0131340 secs] [Times: user=0.05 sys=0.00, real=0.02 secs] 
2014-07-08T07:14:33.295+0000: 1718.385: [GC [PSYoungGen: 615762K->900K(594560K)] 804672K->189882K(1281536K), 0.0052750 secs] [Times: user=0.02 sys=0.00, real=0.01 secs] 
2014-07-08T07:14:34.581+0000: 1719.672: [GC [PSYoungGen: 594500K->562K(573504K)] 783482K->189865K(1260480K), 0.0055730 secs] [Times: user=0.01 sys=0.00, real=0.00 secs] 
2014-07-08T07:14:35.832+0000: 1720.923: [GC [PSYoungGen: 573490K->352K(553600K)] 762793K->189775K(1240576K), 0.0077240 secs] [Times: user=0.02 sys=0.00, real=0.01 secs] 
2014-07-08T07:14:36.999+0000: 1722.089: [GC [PSYoungGen: 553568K->562K(534976K)] 742991K->190121K(1221952K), 0.0257820 secs] [Times: user=0.08 sys=0.00, real=0.03 secs] 
2014-07-08T07:14:38.189+0000: 1723.279: [GC [PSYoungGen: 534962K->740K(517184K)] 724521K->190355K(1204160K), 0.0056380 secs] [Times: user=0.01 sys=0.00, real=0.01 secs] 
2014-07-08T07:14:39.286+0000: 1724.377: [GC [PSYoungGen: 517103K->520K(499776K)] 706718K->190199K(1186752K), 0.0053660 secs] [Times: user=0.02 sys=0.00, real=0.01 secs] 
2014-07-08T07:14:40.493+0000: 1725.583: [GC [PSYoungGen: 499720K->608K(483392K)] 689399K->190327K(1170368K), 0.0064080 secs] [Times: user=0.02 sys=0.00, real=0.00 secs] 
2014-07-08T07:14:41.475+0000: 1726.566: [GC [PSYoungGen: 483360K->626K(467712K)] 673079K->190465K(1154688K), 0.0049370 secs] [Times: user=0.02 sys=0.00, real=0.00 secs] 
2014-07-08T07:14:42.420+0000: 1727.511: [GC [PSYoungGen: 467698K->256K(452288K)] 657537K->190191K(1139264K), 0.0081790 secs] [Times: user=0.01 sys=0.00, real=0.01 secs] 
2014-07-08T07:14:43.458+0000: 1728.549: [GC [PSYoungGen: 452217K->626K(438336K)] 642152K->190617K(1125312K), 0.0046300 secs] [Times: user=0.01 sys=0.00, real=0.01 secs] 
2014-07-08T07:14:44.375+0000: 1729.465: [GC [PSYoungGen: 438322K->658K(424640K)] 628313K->190753K(1111616K), 0.0076760 secs] [Times: user=0.01 sys=0.00, real=0.01 secs] 
2014-07-08T07:14:45.371+0000: 1730.461: [GC [PSYoungGen: 424594K->754K(509504K)] 614689K->191009K(1196480K), 0.0324920 secs] [Times: user=0.12 sys=0.00, real=0.04 secs] 
2014-07-08T07:14:46.391+0000: 1731.481: [GC [PSYoungGen: 509490K->320K(610816K)] 699745K->190663K(1297792K), 0.0070910 secs] [Times: user=0.02 sys=0.00, real=0.00 secs] 
2014-07-08T07:14:47.696+0000: 1732.786: [GC [PSYoungGen: 610816K->256K(589312K)] 801159K->190695K(1276288K), 0.0070700 secs] [Times: user=0.02 sys=0.00, real=0.01 secs] 
2014-07-08T07:14:48.971+0000: 1734.062: [GC [PSYoungGen: 589312K->224K(707136K)] 779751K->190719K(1394112K), 0.0146930 secs] [Times: user=0.06 sys=0.01, real=0.02 secs] 
2014-07-08T07:14:50.547+0000: 1735.637: [GC [PSYoungGen: 707104K->338K(681408K)] 897599K->190865K(1368384K), 0.0051380 secs] [Times: user=0.01 sys=0.00, real=0.00 secs] 
2014-07-08T07:14:51.993+0000: 1737.083: [GC [PSYoungGen: 681362K->338K(656768K)] 871889K->191001K(1343744K), 0.0058460 secs] [Times: user=0.01 sys=0.00, real=0.00 secs] 
2014-07-08T07:14:53.462+0000: 1738.553: [GC [PSYoungGen: 656722K->516K(633408K)] 847385K->191283K(1320384K), 0.0137210 secs] [Times: user=0.05 sys=0.00, real=0.01 secs] 
2014-07-08T07:14:54.779+0000: 1739.869: [GC [PSYoungGen: 633348K->160K(610560K)] 824115K->191047K(1297536K), 0.0048350 secs] [Times: user=0.01 sys=0.00, real=0.01 secs] 
2014-07-08T07:14:56.107+0000: 1741.198: [GC [PSYoungGen: 610528K->466K(589440K)] 801415K->191433K(1276416K), 0.0161970 secs] [Times: user=0.06 sys=0.00, real=0.02 secs] 
2014-07-08T07:14:57.460+0000: 1742.551: [GC [PSYoungGen: 589394K->736K(569216K)] 780361K->191807K(1256192K), 0.0077670 secs] [Times: user=0.01 sys=0.00, real=0.01 secs] 
2014-07-08T07:14:58.620+0000: 1743.710: [GC [PSYoungGen: 569184K->292K(549248K)] 760255K->191435K(1236224K), 0.0048370 secs] [Times: user=0.01 sys=0.00, real=0.01 secs] 
2014-07-08T07:14:59.813+0000: 1744.903: [GC [PSYoungGen: 549220K->192K(530496K)] 740363K->191383K(1217472K), 0.0039710 secs] [Times: user=0.01 sys=0.00, real=0.01 secs] 
2014-07-08T07:15:00.961+0000: 1746.051: [GC [PSYoungGen: 530496K->242K(512768K)] 721687K->191465K(1199744K), 0.0057360 secs] [Times: user=0.01 sys=0.00, real=0.01 secs] 
2014-07-08T07:15:02.077+0000: 1747.168: [GC [PSYoungGen: 512754K->288K(495808K)] 703977K->191623K(1182784K), 0.0092780 secs] [Times: user=0.03 sys=0.00, real=0.01 secs] 
2014-07-08T07:15:03.164+0000: 1748.255: [GC [PSYoungGen: 495776K->754K(480000K)] 687111K->192161K(1166976K), 0.0063910 secs] [Times: user=0.01 sys=0.00, real=0.00 secs] 
2014-07-08T07:15:04.200+0000: 1749.290: [GC [PSYoungGen: 479982K->712K(464448K)] 671389K->192207K(1151424K), 0.0073700 secs] [Times: user=0.02 sys=0.00, real=0.01 secs] 
2014-07-08T07:15:05.201+0000: 1750.292: [GC [PSYoungGen: 464376K->562K(449408K)] 655871K->192161K(1136384K), 0.0058970 secs] [Times: user=0.01 sys=0.00, real=0.01 secs] 
2014-07-08T07:15:06.174+0000: 1751.265: [GC [PSYoungGen: 449329K->648K(435328K)] 640928K->192295K(1122304K), 0.0054810 secs] [Times: user=0.01 sys=0.00, real=0.00 secs] 
2014-07-08T07:15:07.119+0000: 1752.210: [GC [PSYoungGen: 435272K->448K(421440K)] 626919K->192183K(1108416K), 0.0104260 secs] [Times: user=0.04 sys=0.01, real=0.01 secs] 
2014-07-08T07:15:08.027+0000: 1753.117: [GC [PSYoungGen: 421391K->192K(408128K)] 613126K->191959K(1095104K), 0.0127410 secs] [Times: user=0.05 sys=0.00, real=0.01 secs] 
2014-07-08T07:15:08.905+0000: 1753.995: [GC [PSYoungGen: 408128K->178K(395648K)] 599895K->191993K(1082624K), 0.0042310 secs] [Times: user=0.01 sys=0.00, real=0.00 secs] 
2014-07-08T07:15:09.776+0000: 1754.866: [GC [PSYoungGen: 395581K->292K(383808K)] 587396K->192155K(1070784K), 0.0075990 secs] [Times: user=0.03 sys=0.00, real=0.00 secs] 
2014-07-08T07:15:10.718+0000: 1755.808: [GC [PSYoungGen: 383780K->950K(372992K)] 575643K->192853K(1059968K), 0.0051350 secs] [Times: user=0.01 sys=0.00, real=0.00 secs] 
2014-07-08T07:15:11.521+0000: 1756.611: [GC [PSYoungGen: 372982K->402K(446912K)] 564885K->192441K(1133888K), 0.0216110 secs] [Times: user=0.08 sys=0.00, real=0.02 secs] 
2014-07-08T07:15:12.440+0000: 1757.531: [GC [PSYoungGen: 446824K->936K(536768K)] 638863K->193127K(1223744K), 0.0054810 secs] [Times: user=0.01 sys=0.00, real=0.01 secs] 
2014-07-08T07:15:13.533+0000: 1758.623: [GC [PSYoungGen: 536744K->192K(643200K)] 728935K->192455K(1330176K), 0.0145160 secs] [Times: user=0.06 sys=0.00, real=0.02 secs] 
2014-07-08T07:15:14.922+0000: 1760.013: [GC [PSYoungGen: 643144K->192K(620288K)] 835407K->192519K(1307264K), 0.0051710 secs] [Times: user=0.02 sys=0.00, real=0.01 secs] 
2014-07-08T07:15:16.372+0000: 1761.462: [GC [PSYoungGen: 620288K->1138K(745280K)] 812615K->193561K(1432256K), 0.0268620 secs] [Times: user=0.10 sys=0.00, real=0.03 secs] 
2014-07-08T07:15:17.874+0000: 1762.964: [GC [PSYoungGen: 745204K->310K(716864K)] 937627K->192861K(1403840K), 0.0064000 secs] [Times: user=0.02 sys=0.00, real=0.01 secs] 
2014-07-08T07:15:19.430+0000: 1764.520: [GC [PSYoungGen: 716854K->224K(690496K)] 909405K->192855K(1377472K), 0.0155390 secs] [Times: user=0.06 sys=0.00, real=0.01 secs] 
2014-07-08T07:15:20.915+0000: 1766.006: [GC [PSYoungGen: 690464K->224K(665408K)] 883095K->192911K(1352384K), 0.0106970 secs] [Times: user=0.04 sys=0.00, real=0.01 secs] 
2014-07-08T07:15:22.476+0000: 1767.567: [GC [PSYoungGen: 665366K->896K(642112K)] 858053K->193687K(1329088K), 0.0120140 secs] [Times: user=0.04 sys=0.00, real=0.02 secs] 
2014-07-08T07:15:23.754+0000: 1768.844: [GC [PSYoungGen: 642097K->352K(769856K)] 834889K->193279K(1456832K), 0.0266550 secs] [Times: user=0.10 sys=0.00, real=0.03 secs] 
2014-07-08T07:15:25.434+0000: 1770.524: [GC [PSYoungGen: 769824K->452K(741184K)] 962751K->193475K(1428160K), 0.0051570 secs] [Times: user=0.01 sys=0.01, real=0.01 secs] 
2014-07-08T07:15:27.023+0000: 1772.113: [GC [PSYoungGen: 741124K->288K(713536K)] 934147K->193431K(1400512K), 0.0058630 secs] [Times: user=0.01 sys=0.00, real=0.01 secs] 
2014-07-08T07:15:28.574+0000: 1773.664: [GC [PSYoungGen: 713504K->192K(687232K)] 906647K->193407K(1374208K), 0.0114420 secs] [Times: user=0.05 sys=0.00, real=0.01 secs] 
2014-07-08T07:15:30.126+0000: 1775.217: [GC [PSYoungGen: 687202K->1142K(663232K)] 880417K->194493K(1350208K), 0.0060440 secs] [Times: user=0.02 sys=0.00, real=0.01 secs] 
2014-07-08T07:15:31.502+0000: 1776.593: [GC [PSYoungGen: 663222K->466K(638784K)] 856573K->193889K(1325760K), 0.0049930 secs] [Times: user=0.02 sys=0.00, real=0.00 secs] 
2014-07-08T07:15:32.881+0000: 1777.972: [GC [PSYoungGen: 638704K->224K(615808K)] 832127K->193799K(1302784K), 0.0052570 secs] [Times: user=0.02 sys=0.00, real=0.00 secs] 
2014-07-08T07:15:34.247+0000: 1779.338: [GC [PSYoungGen: 615776K->708K(594688K)] 809351K->194363K(1281664K), 0.0246510 secs] [Times: user=0.08 sys=0.00, real=0.03 secs] 
2014-07-08T07:15:35.517+0000: 1780.608: [GC [PSYoungGen: 594628K->306K(573568K)] 788283K->194089K(1260544K), 0.0136080 secs] [Times: user=0.05 sys=0.00, real=0.02 secs] 
2014-07-08T07:15:36.759+0000: 1781.850: [GC [PSYoungGen: 573554K->320K(688256K)] 767337K->194199K(1375232K), 0.0248370 secs] [Times: user=0.09 sys=0.00, real=0.02 secs] 
2014-07-08T07:15:38.265+0000: 1783.355: [GC [PSYoungGen: 688256K->516K(663552K)] 882135K->194459K(1350528K), 0.0045850 secs] [Times: user=0.02 sys=0.00, real=0.01 secs] 
2014-07-08T07:15:39.706+0000: 1784.797: [GC [PSYoungGen: 663492K->274K(639488K)] 857435K->194265K(1326464K), 0.0050250 secs] [Times: user=0.01 sys=0.00, real=0.01 secs] 
2014-07-08T07:15:41.075+0000: 1786.165: [GC [PSYoungGen: 639442K->612K(617088K)] 833433K->194699K(1304064K), 0.0108360 secs] [Times: user=0.03 sys=0.00, real=0.01 secs] 
2014-07-08T07:15:42.446+0000: 1787.537: [GC [PSYoungGen: 617060K->434K(595200K)] 811147K->194641K(1282176K), 0.0128030 secs] [Times: user=0.04 sys=0.00, real=0.01 secs] 
2014-07-08T07:15:43.700+0000: 1788.790: [GC [PSYoungGen: 595186K->192K(574208K)] 789393K->194487K(1261184K), 0.0068680 secs] [Times: user=0.01 sys=0.00, real=0.00 secs] 
2014-07-08T07:15:44.965+0000: 1790.055: [GC [PSYoungGen: 574208K->608K(554880K)] 768503K->194983K(1241856K), 0.0076770 secs] [Times: user=0.02 sys=0.00, real=0.01 secs] 
2014-07-08T07:15:46.251+0000: 1791.341: [GC [PSYoungGen: 554848K->1074K(536448K)] 749223K->195569K(1223424K), 0.0097020 secs] [Times: user=0.02 sys=0.00, real=0.01 secs] 
2014-07-08T07:15:47.416+0000: 1792.506: [GC [PSYoungGen: 536434K->868K(518208K)] 730929K->195515K(1205184K), 0.0109430 secs] [Times: user=0.04 sys=0.00, real=0.01 secs] 
2014-07-08T07:15:48.500+0000: 1793.591: [GC [PSYoungGen: 518180K->320K(500416K)] 712827K->195063K(1187392K), 0.0052590 secs] [Times: user=0.01 sys=0.00, real=0.01 secs] 
2014-07-08T07:15:49.567+0000: 1794.657: [GC [PSYoungGen: 500416K->306K(483968K)] 695159K->195097K(1170944K), 0.0157020 secs] [Times: user=0.06 sys=0.00, real=0.02 secs] 
2014-07-08T07:15:50.654+0000: 1795.745: [GC [PSYoungGen: 483954K->594K(468544K)] 678745K->195417K(1155520K), 0.0057930 secs] [Times: user=0.01 sys=0.01, real=0.00 secs] 
2014-07-08T07:15:51.643+0000: 1796.733: [GC [PSYoungGen: 468498K->420K(453312K)] 663321K->195347K(1140288K), 0.0153400 secs] [Times: user=0.05 sys=0.00, real=0.01 secs] 
2014-07-08T07:15:52.594+0000: 1797.684: [GC [PSYoungGen: 453284K->192K(543680K)] 648211K->195223K(1230656K), 0.0160030 secs] [Times: user=0.06 sys=0.00, real=0.01 secs] 
2014-07-08T07:15:53.777+0000: 1798.868: [GC [PSYoungGen: 543680K->128K(525184K)] 738711K->195215K(1212160K), 0.0053810 secs] [Times: user=0.01 sys=0.00, real=0.01 secs] 
2014-07-08T07:15:54.919+0000: 1800.009: [GC [PSYoungGen: 525184K->256K(507712K)] 720271K->195391K(1194688K), 0.0047360 secs] [Times: user=0.02 sys=0.00, real=0.01 secs] 
2014-07-08T07:15:56.083+0000: 1801.173: [GC [PSYoungGen: 507712K->1060K(610048K)] 702847K->196307K(1297024K), 0.0344440 secs] [Times: user=0.12 sys=0.01, real=0.03 secs] 
2014-07-08T07:15:57.381+0000: 1802.471: [GC [PSYoungGen: 610020K->740K(731520K)] 805267K->196051K(1418496K), 0.0062920 secs] [Times: user=0.02 sys=0.00, real=0.01 secs] 
2014-07-08T07:15:58.920+0000: 1804.010: [GC [PSYoungGen: 731492K->192K(877120K)] 926803K->195623K(1564096K), 0.0120730 secs] [Times: user=0.04 sys=0.00, real=0.02 secs] 
2014-07-08T07:16:00.822+0000: 1805.912: [GC [PSYoungGen: 877075K->320K(843392K)] 1072506K->195815K(1530368K), 0.0163240 secs] [Times: user=0.06 sys=0.00, real=0.02 secs] 
2014-07-08T07:16:02.681+0000: 1807.771: [GC [PSYoungGen: 843392K->434K(811264K)] 1038887K->196057K(1498240K), 0.0050900 secs] [Times: user=0.01 sys=0.00, real=0.01 secs] 
2014-07-08T07:16:04.464+0000: 1809.554: [GC [PSYoungGen: 811250K->612K(780736K)] 1006873K->196411K(1467712K), 0.0061390 secs] [Times: user=0.01 sys=0.00, real=0.00 secs] 
2014-07-08T07:16:06.132+0000: 1811.222: [GC [PSYoungGen: 780708K->1106K(751936K)] 976507K->197065K(1438912K), 0.0076000 secs] [Times: user=0.02 sys=0.00, real=0.01 secs] 
2014-07-08T07:16:07.785+0000: 1812.875: [GC [PSYoungGen: 751890K->480K(723392K)] 947849K->196543K(1410368K), 0.0094700 secs] [Times: user=0.04 sys=0.00, real=0.01 secs] 
2014-07-08T07:16:09.336+0000: 1814.427: [GC [PSYoungGen: 723360K->544K(696832K)] 919423K->196735K(1383808K), 0.0049380 secs] [Times: user=0.01 sys=0.01, real=0.00 secs] 
2014-07-08T07:16:10.820+0000: 1815.910: [GC [PSYoungGen: 696800K->192K(671104K)] 892991K->196439K(1358080K), 0.0257890 secs] [Times: user=0.10 sys=0.00, real=0.03 secs] 
2014-07-08T07:16:12.302+0000: 1817.393: [GC [PSYoungGen: 671104K->900K(647680K)] 867351K->197235K(1334656K), 0.0052290 secs] [Times: user=0.02 sys=0.00, real=0.01 secs] 
2014-07-08T07:16:13.678+0000: 1818.769: [GC [PSYoungGen: 647620K->356K(624000K)] 843955K->196811K(1310976K), 0.0101960 secs] [Times: user=0.02 sys=0.01, real=0.01 secs] 
2014-07-08T07:16:15.031+0000: 1820.122: [GC [PSYoungGen: 623897K->192K(601792K)] 820352K->196775K(1288768K), 0.0046760 secs] [Times: user=0.01 sys=0.00, real=0.01 secs] 
2014-07-08T07:16:16.462+0000: 1821.552: [GC [PSYoungGen: 601792K->1042K(581632K)] 798375K->197721K(1268608K), 0.0052520 secs] [Times: user=0.02 sys=0.00, real=0.01 secs] 
2014-07-08T07:16:17.600+0000: 1822.691: [GC [PSYoungGen: 581584K->224K(560704K)] 778263K->196999K(1247680K), 0.0138680 secs] [Times: user=0.05 sys=0.00, real=0.01 secs] 
2014-07-08T07:16:18.897+0000: 1823.988: [GC [PSYoungGen: 560672K->544K(541888K)] 757447K->197383K(1228864K), 0.0053330 secs] [Times: user=0.01 sys=0.00, real=0.00 secs] 
2014-07-08T07:16:19.997+0000: 1825.087: [GC [PSYoungGen: 541852K->192K(523200K)] 738691K->197095K(1210176K), 0.0049380 secs] [Times: user=0.01 sys=0.00, real=0.00 secs] 
2014-07-08T07:16:21.128+0000: 1826.218: [GC [PSYoungGen: 523200K->480K(506048K)] 720103K->197431K(1193024K), 0.0157970 secs] [Times: user=0.04 sys=0.00, real=0.01 secs] 
2014-07-08T07:16:22.249+0000: 1827.339: [GC [PSYoungGen: 506010K->836K(489728K)] 702961K->197883K(1176704K), 0.0054750 secs] [Times: user=0.02 sys=0.00, real=0.00 secs] 
2014-07-08T07:16:23.291+0000: 1828.381: [GC [PSYoungGen: 489668K->580K(473472K)] 686715K->197723K(1160448K), 0.0082020 secs] [Times: user=0.02 sys=0.00, real=0.01 secs] 
2014-07-08T07:16:24.119+0000: 1829.209: [GC [PSYoungGen: 473412K->626K(458176K)] 670555K->197849K(1145152K), 0.0069360 secs] [Times: user=0.01 sys=0.00, real=0.01 secs] 
2014-07-08T07:16:25.071+0000: 1830.161: [GC [PSYoungGen: 458162K->530K(443520K)] 655385K->197817K(1130496K), 0.0102950 secs] [Times: user=0.03 sys=0.00, real=0.01 secs] 
2014-07-08T07:16:25.868+0000: 1830.958: [GC [PSYoungGen: 443474K->434K(429440K)] 640761K->197873K(1116416K), 0.0055750 secs] [Times: user=0.02 sys=0.00, real=0.00 secs] 
2014-07-08T07:16:26.791+0000: 1831.881: [GC [PSYoungGen: 429355K->466K(416128K)] 626794K->197969K(1103104K), 0.0053100 secs] [Times: user=0.01 sys=0.00, real=0.00 secs] 
2014-07-08T07:16:27.588+0000: 1832.678: [GC [PSYoungGen: 416082K->352K(499136K)] 613585K->197975K(1186112K), 0.0210940 secs] [Times: user=0.08 sys=0.00, real=0.02 secs] 
2014-07-08T07:16:28.539+0000: 1833.630: [GC [PSYoungGen: 499104K->466K(599040K)] 696727K->198145K(1286016K), 0.0095940 secs] [Times: user=0.03 sys=0.00, real=0.01 secs] 
2014-07-08T07:16:29.735+0000: 1834.825: [GC [PSYoungGen: 598994K->562K(718848K)] 796673K->198297K(1405824K), 0.0190170 secs] [Times: user=0.07 sys=0.00, real=0.02 secs] 
2014-07-08T07:16:30.974+0000: 1836.065: [GC [PSYoungGen: 718834K->466K(862464K)] 916569K->198297K(1549440K), 0.0047310 secs] [Times: user=0.02 sys=0.00, real=0.01 secs] 
2014-07-08T07:16:32.700+0000: 1837.790: [GC [PSYoungGen: 862418K->612K(829440K)] 1060249K->198555K(1516416K), 0.0088920 secs] [Times: user=0.03 sys=0.00, real=0.01 secs] 
2014-07-08T07:16:34.353+0000: 1839.443: [GC [PSYoungGen: 829358K->698K(797952K)] 1027301K->199297K(1484928K), 0.0044640 secs] [Times: user=0.01 sys=0.00, real=0.00 secs] 
2014-07-08T07:16:35.865+0000: 1840.956: [GC [PSYoungGen: 797946K->640K(957376K)] 996545K->199407K(1644352K), 0.0323260 secs] [Times: user=0.12 sys=0.00, real=0.03 secs] 
2014-07-08T07:16:37.842+0000: 1842.933: [GC [PSYoungGen: 957305K->416K(919552K)] 1156072K->199431K(1606528K), 0.0095320 secs] [Times: user=0.03 sys=0.00, real=0.01 secs] 
2014-07-08T07:16:39.641+0000: 1844.732: [GC [PSYoungGen: 919520K->986K(884288K)] 1118535K->200177K(1571264K), 0.0088070 secs] [Times: user=0.02 sys=0.00, real=0.01 secs] 
2014-07-08T07:16:41.321+0000: 1846.412: [GC [PSYoungGen: 884167K->868K(849984K)] 1083358K->200187K(1536960K), 0.0199660 secs] [Times: user=0.07 sys=0.00, real=0.02 secs] 
2014-07-08T07:16:42.928+0000: 1848.018: [GC [PSYoungGen: 849956K->512K(1019456K)] 1049275K->199983K(1706432K), 0.0357710 secs] [Times: user=0.12 sys=0.00, real=0.04 secs] 
2014-07-08T07:16:44.975+0000: 1850.065: [GC [PSYoungGen: 1019456K->608K(1223424K)] 1218927K->200223K(1910400K), 0.0204280 secs] [Times: user=0.08 sys=0.00, real=0.02 secs] 
2014-07-08T07:16:47.464+0000: 1852.555: [GC [PSYoungGen: 1223392K->772K(1173120K)] 1423007K->200603K(1860096K), 0.0083320 secs] [Times: user=0.02 sys=0.01, real=0.01 secs] 
2014-07-08T07:16:49.758+0000: 1854.849: [GC [PSYoungGen: 1173060K->448K(1124736K)] 1372891K->200487K(1811712K), 0.0042260 secs] [Times: user=0.02 sys=0.00, real=0.01 secs] 
2014-07-08T07:16:52.090+0000: 1857.180: [GC [PSYoungGen: 1124736K->864K(1079488K)] 1324775K->201079K(1766464K), 0.0210810 secs] [Times: user=0.07 sys=0.00, real=0.02 secs] 
2014-07-08T07:16:54.212+0000: 1859.303: [GC [PSYoungGen: 1079456K->1042K(1036160K)] 1279671K->201465K(1723136K), 0.0075530 secs] [Times: user=0.02 sys=0.00, real=0.00 secs] 
2014-07-08T07:16:56.201+0000: 1861.291: [GC [PSYoungGen: 1036114K->900K(994624K)] 1236537K->201539K(1681600K), 0.0066440 secs] [Times: user=0.01 sys=0.00, real=0.00 secs] 
2014-07-08T07:16:58.163+0000: 1863.253: [GC [PSYoungGen: 994486K->694K(954944K)] 1195125K->201749K(1641920K), 0.0082790 secs] [Times: user=0.02 sys=0.00, real=0.01 secs] 
2014-07-08T07:17:00.061+0000: 1865.151: [GC [PSYoungGen: 954934K->662K(917440K)] 1155989K->201837K(1604416K), 0.0177440 secs] [Times: user=0.07 sys=0.00, real=0.02 secs] 
2014-07-08T07:17:01.822+0000: 1866.912: [GC [PSYoungGen: 917398K->576K(881536K)] 1118573K->201927K(1568512K), 0.0052510 secs] [Times: user=0.02 sys=0.00, real=0.01 secs] 
2014-07-08T07:17:03.682+0000: 1868.772: [GC [PSYoungGen: 881536K->1074K(848000K)] 1082887K->202585K(1534976K), 0.0092920 secs] [Times: user=0.02 sys=0.00, real=0.00 secs] 
2014-07-08T07:17:05.459+0000: 1870.549: [GC [PSYoungGen: 847982K->1056K(815552K)] 1049494K->202775K(1502528K), 0.0093750 secs] [Times: user=0.02 sys=0.00, real=0.01 secs] 
2014-07-08T07:17:07.066+0000: 1872.157: [GC [PSYoungGen: 815520K->1024K(784576K)] 1017239K->202919K(1471552K), 0.0066320 secs] [Times: user=0.02 sys=0.00, real=0.01 secs] 
2014-07-08T07:17:08.785+0000: 1873.876: [GC [PSYoungGen: 784576K->786K(754944K)] 986471K->202793K(1441920K), 0.0053530 secs] [Times: user=0.02 sys=0.00, real=0.00 secs] 
2014-07-08T07:17:10.310+0000: 1875.400: [GC [PSYoungGen: 754836K->1110K(727168K)] 956843K->203261K(1414144K), 0.0082460 secs] [Times: user=0.02 sys=0.00, real=0.01 secs] 
2014-07-08T07:17:11.719+0000: 1876.809: [GC [PSYoungGen: 727126K->384K(699648K)] 929277K->202631K(1386624K), 0.0059610 secs] [Times: user=0.02 sys=0.00, real=0.01 secs] 
2014-07-08T07:17:13.026+0000: 1878.117: [GC [PSYoungGen: 699648K->562K(674304K)] 901895K->202937K(1361280K), 0.0232990 secs] [Times: user=0.09 sys=0.00, real=0.02 secs] 
2014-07-08T07:17:14.550+0000: 1879.640: [GC [PSYoungGen: 674289K->480K(649920K)] 876664K->202983K(1336896K), 0.0119140 secs] [Times: user=0.05 sys=0.00, real=0.01 secs] 
2014-07-08T07:17:15.686+0000: 1880.776: [GC [PSYoungGen: 649888K->352K(626560K)] 852391K->203055K(1313536K), 0.0058110 secs] [Times: user=0.01 sys=0.01, real=0.00 secs] 
2014-07-08T07:17:16.803+0000: 1881.893: [GC [PSYoungGen: 626528K->516K(604608K)] 829231K->203315K(1291584K), 0.0053480 secs] [Times: user=0.01 sys=0.00, real=0.01 secs] 
2014-07-08T07:17:18.043+0000: 1883.133: [GC [PSYoungGen: 604548K->434K(583360K)] 807347K->203297K(1270336K), 0.0060870 secs] [Times: user=0.01 sys=0.01, real=0.01 secs] 
2014-07-08T07:17:19.178+0000: 1884.269: [GC [PSYoungGen: 583346K->982K(700544K)] 786209K->203933K(1387520K), 0.0400260 secs] [Times: user=0.12 sys=0.00, real=0.04 secs] 
2014-07-08T07:17:20.704+0000: 1885.795: [GC [PSYoungGen: 700502K->530K(840000K)] 903453K->203545K(1526976K), 0.0110350 secs] [Times: user=0.03 sys=0.01, real=0.02 secs] 
2014-07-08T07:17:22.548+0000: 1887.638: [GC [PSYoungGen: 839954K->1256K(1008640K)] 1042969K->204535K(1695616K), 0.0207560 secs] [Times: user=0.07 sys=0.00, real=0.02 secs] 
2014-07-08T07:17:24.611+0000: 1889.701: [GC [PSYoungGen: 1008519K->576K(1209408K)] 1211798K->204063K(1896384K), 0.0199810 secs] [Times: user=0.07 sys=0.00, real=0.02 secs] 
2014-07-08T07:17:26.851+0000: 1891.941: [GC [PSYoungGen: 1209407K->544K(1159616K)] 1412894K->204279K(1846592K), 0.0116300 secs] [Times: user=0.04 sys=0.00, real=0.01 secs] 
2014-07-08T07:17:29.072+0000: 1894.163: [GC [PSYoungGen: 1159584K->690K(1112384K)] 1363319K->204617K(1799360K), 0.0101850 secs] [Times: user=0.03 sys=0.00, real=0.01 secs] 
2014-07-08T07:17:31.525+0000: 1896.615: [GC [PSYoungGen: 1112370K->946K(1334976K)] 1316297K->205001K(2021952K), 0.0395280 secs] [Times: user=0.15 sys=0.00, real=0.04 secs] 
2014-07-08T07:17:33.914+0000: 1899.004: [GC [PSYoungGen: 1334962K->786K(1278976K)] 1539017K->205105K(1965952K), 0.0219590 secs] [Times: user=0.08 sys=0.00, real=0.02 secs] 
2014-07-08T07:17:36.496+0000: 1901.586: [GC [PSYoungGen: 1278930K->562K(1225600K)] 1483249K->205073K(1912576K), 0.0050140 secs] [Times: user=0.02 sys=0.00, real=0.01 secs] 
2014-07-08T07:17:38.828+0000: 1903.918: [GC [PSYoungGen: 1225586K->676K(1175168K)] 1430097K->205427K(1862144K), 0.0138370 secs] [Times: user=0.06 sys=0.00, real=0.02 secs] 
2014-07-08T07:17:41.087+0000: 1906.178: [GC [PSYoungGen: 1175140K->722K(1127104K)] 1379891K->205617K(1814080K), 0.0141170 secs] [Times: user=0.05 sys=0.00, real=0.02 secs] 
2014-07-08T07:17:43.382+0000: 1908.472: [GC [PSYoungGen: 1127058K->850K(1081408K)] 1331953K->205889K(1768384K), 0.0147140 secs] [Times: user=0.06 sys=0.00, real=0.01 secs] 
2014-07-08T07:17:45.669+0000: 1910.760: [GC [PSYoungGen: 1081362K->640K(1037568K)] 1286401K->205919K(1724544K), 0.0200720 secs] [Times: user=0.07 sys=0.00, real=0.02 secs] 
2014-07-08T07:17:47.840+0000: 1912.930: [GC [PSYoungGen: 1037568K->744K(1245120K)] 1242847K->206271K(1932096K), 0.0400030 secs] [Times: user=0.15 sys=0.00, real=0.04 secs] 
2014-07-08T07:17:50.403+0000: 1915.493: [GC [PSYoungGen: 1245096K->1074K(1193920K)] 1450623K->206785K(1880896K), 0.0062200 secs] [Times: user=0.02 sys=0.00, real=0.00 secs] 
2014-07-08T07:17:52.781+0000: 1917.872: [GC [PSYoungGen: 1193906K->882K(1144704K)] 1399617K->206753K(1831680K), 0.0277470 secs] [Times: user=0.10 sys=0.00, real=0.02 secs] 
2014-07-08T07:17:55.026+0000: 1920.117: [GC [PSYoungGen: 1144690K->576K(1097728K)] 1350561K->206671K(1784704K), 0.0270560 secs] [Times: user=0.10 sys=0.00, real=0.03 secs] 
2014-07-08T07:17:57.039+0000: 1922.129: [GC [PSYoungGen: 1097724K->384K(1053120K)] 1303819K->206687K(1740096K), 0.0059900 secs] [Times: user=0.01 sys=0.00, real=0.01 secs] 
2014-07-08T07:17:59.250+0000: 1924.340: [GC [PSYoungGen: 1053120K->672K(1011200K)] 1259423K->207111K(1698176K), 0.0114620 secs] [Times: user=0.04 sys=0.00, real=0.02 secs] 
2014-07-08T07:18:01.230+0000: 1926.320: [GC [PSYoungGen: 1011168K->982K(971264K)] 1217607K->207541K(1658240K), 0.0105620 secs] [Times: user=0.01 sys=0.00, real=0.01 secs] 
2014-07-08T07:18:03.190+0000: 1928.281: [GC [PSYoungGen: 971222K->868K(932864K)] 1177781K->207563K(1619840K), 0.0092670 secs] [Times: user=0.01 sys=0.01, real=0.01 secs] 
2014-07-08T07:18:05.074+0000: 1930.164: [GC [PSYoungGen: 932818K->594K(896128K)] 1139513K->207465K(1583104K), 0.0182870 secs] [Times: user=0.06 sys=0.00, real=0.02 secs] 
2014-07-08T07:18:06.811+0000: 1931.901: [GC [PSYoungGen: 896074K->384K(861120K)] 1102945K->207463K(1548096K), 0.0094750 secs] [Times: user=0.03 sys=0.00, real=0.01 secs] 
2014-07-08T07:18:08.548+0000: 1933.639: [GC [PSYoungGen: 861120K->804K(828480K)] 1068199K->208019K(1515456K), 0.0081100 secs] [Times: user=0.01 sys=0.00, real=0.01 secs] 
2014-07-08T07:18:10.152+0000: 1935.242: [GC [PSYoungGen: 828452K->768K(796864K)] 1035667K->208079K(1483840K), 0.0166670 secs] [Times: user=0.06 sys=0.00, real=0.02 secs] 
2014-07-08T07:18:11.730+0000: 1936.820: [GC [PSYoungGen: 796851K->498K(766592K)] 1004163K->207897K(1453568K), 0.0065680 secs] [Times: user=0.01 sys=0.00, real=0.01 secs] 
2014-07-08T07:18:13.379+0000: 1938.469: [GC [PSYoungGen: 766521K->1156K(920512K)] 973920K->208739K(1607488K), 0.0392090 secs] [Times: user=0.14 sys=0.01, real=0.04 secs] 
2014-07-08T07:18:15.054+0000: 1940.144: [GC [PSYoungGen: 920452K->576K(884032K)] 1128035K->208327K(1571008K), 0.0082210 secs] [Times: user=0.02 sys=0.01, real=0.00 secs] 
2014-07-08T07:18:16.803+0000: 1941.893: [GC [PSYoungGen: 884032K->466K(849792K)] 1091783K->208409K(1536768K), 0.0159280 secs] [Times: user=0.06 sys=0.00, real=0.01 secs] 
2014-07-08T07:18:18.531+0000: 1943.622: [GC [PSYoungGen: 849746K->594K(817344K)] 1057689K->208689K(1504320K), 0.0064940 secs] [Times: user=0.02 sys=0.00, real=0.01 secs] 
2014-07-08T07:18:20.084+0000: 1945.174: [GC [PSYoungGen: 817298K->548K(786304K)] 1025393K->208747K(1473280K), 0.0050110 secs] [Times: user=0.02 sys=0.00, real=0.01 secs] 
2014-07-08T07:18:21.740+0000: 1946.831: [GC [PSYoungGen: 786276K->498K(943424K)] 994475K->208801K(1630400K), 0.0377280 secs] [Times: user=0.14 sys=0.00, real=0.04 secs] 
2014-07-08T07:18:23.729+0000: 1948.819: [GC [PSYoungGen: 943410K->626K(1132160K)] 1151713K->209097K(1819136K), 0.0260600 secs] [Times: user=0.10 sys=0.01, real=0.03 secs] 
2014-07-08T07:18:26.011+0000: 1951.101: [GC [PSYoungGen: 1132146K->544K(1358400K)] 1340617K->209239K(2045376K), 0.0220580 secs] [Times: user=0.08 sys=0.00, real=0.02 secs] 
2014-07-08T07:18:28.638+0000: 1953.728: [GC [PSYoungGen: 1358271K->676K(1301504K)] 1566966K->209571K(1988480K), 0.0080600 secs] [Times: user=0.03 sys=0.00, real=0.01 secs] 
2014-07-08T07:18:31.100+0000: 1956.190: [GC [PSYoungGen: 1301476K->626K(1247168K)] 1510371K->209697K(1934144K), 0.0055560 secs] [Times: user=0.01 sys=0.00, real=0.00 secs] 
2014-07-08T07:18:33.690+0000: 1958.780: [GC [PSYoungGen: 1247154K->626K(1195584K)] 1456225K->209857K(1882560K), 0.0053540 secs] [Times: user=0.01 sys=0.00, real=0.00 secs] 
2014-07-08T07:18:36.089+0000: 1961.179: [GC [PSYoungGen: 1195570K->658K(1146560K)] 1404801K->210153K(1833536K), 0.0278090 secs] [Times: user=0.10 sys=0.01, real=0.03 secs] 
2014-07-08T07:18:38.311+0000: 1963.402: [GC [PSYoungGen: 1146514K->754K(1099904K)] 1356009K->210505K(1786880K), 0.0093860 secs] [Times: user=0.02 sys=0.00, real=0.01 secs] 
2014-07-08T07:18:40.681+0000: 1965.771: [GC [PSYoungGen: 1099890K->986K(1055680K)] 1309641K->210921K(1742656K), 0.0093490 secs] [Times: user=0.02 sys=0.00, real=0.01 secs] 
2014-07-08T07:18:42.700+0000: 1967.791: [GC [PSYoungGen: 1055642K->420K(1012736K)] 1265577K->210763K(1699712K), 0.0053210 secs] [Times: user=0.02 sys=0.00, real=0.00 secs] 
2014-07-08T07:18:44.844+0000: 1969.934: [GC [PSYoungGen: 1012708K->576K(972544K)] 1223051K->211111K(1659520K), 0.0200790 secs] [Times: user=0.07 sys=0.00, real=0.02 secs] 
2014-07-08T07:18:46.734+0000: 1971.824: [GC [PSYoungGen: 972544K->626K(934208K)] 1183079K->211449K(1621184K), 0.0257810 secs] [Times: user=0.09 sys=0.00, real=0.03 secs] 
2014-07-08T07:18:48.507+0000: 1973.598: [GC [PSYoungGen: 934094K->1136K(898176K)] 1144917K->212519K(1585152K), 0.0094970 secs] [Times: user=0.02 sys=0.00, real=0.01 secs] 
2014-07-08T07:18:50.539+0000: 1975.630: [GC [PSYoungGen: 898160K->576K(862784K)] 1109543K->212159K(1549760K), 0.0060020 secs] [Times: user=0.01 sys=0.00, real=0.00 secs] 
2014-07-08T07:18:52.117+0000: 1977.208: [GC [PSYoungGen: 862734K->608K(829696K)] 1074318K->212471K(1516672K), 0.0098450 secs] [Times: user=0.02 sys=0.00, real=0.01 secs] 
2014-07-08T07:18:54.023+0000: 1979.114: [GC [PSYoungGen: 829664K->982K(798464K)] 1041527K->212989K(1485440K), 0.0053810 secs] [Times: user=0.01 sys=0.00, real=0.01 secs] 
2014-07-08T07:18:55.662+0000: 1980.752: [GC [PSYoungGen: 798422K->580K(768000K)] 1010429K->212779K(1454976K), 0.0047850 secs] [Times: user=0.02 sys=0.00, real=0.00 secs] 
2014-07-08T07:18:57.112+0000: 1982.202: [GC [PSYoungGen: 767940K->480K(739200K)] 980139K->212831K(1426176K), 0.0045410 secs] [Times: user=0.01 sys=0.00, real=0.00 secs] 
2014-07-08T07:18:58.738+0000: 1983.828: [GC [PSYoungGen: 739167K->850K(712256K)] 951518K->213273K(1399232K), 0.0185300 secs] [Times: user=0.06 sys=0.00, real=0.02 secs] 
2014-07-08T07:19:00.248+0000: 1985.338: [GC [PSYoungGen: 712210K->736K(686080K)] 924633K->213255K(1373056K), 0.0057200 secs] [Times: user=0.02 sys=0.00, real=0.01 secs] 
2014-07-08T07:19:01.644+0000: 1986.735: [GC [PSYoungGen: 686048K->658K(661120K)] 898567K->213281K(1348096K), 0.0144540 secs] [Times: user=0.06 sys=0.00, real=0.01 secs] 
2014-07-08T07:19:02.809+0000: 1987.900: [GC [PSYoungGen: 661068K->544K(637248K)] 873691K->213295K(1324224K), 0.0088290 secs] [Times: user=0.03 sys=0.00, real=0.01 secs] 
2014-07-08T07:19:04.128+0000: 1989.218: [GC [PSYoungGen: 637148K->712K(614784K)] 849899K->213591K(1301760K), 0.0057070 secs] [Times: user=0.01 sys=0.00, real=0.01 secs] 
2014-07-08T07:19:05.503+0000: 1990.593: [GC [PSYoungGen: 614671K->1060K(593536K)] 827550K->214091K(1280512K), 0.0072610 secs] [Times: user=0.02 sys=0.00, real=0.00 secs] 
2014-07-08T07:19:06.568+0000: 1991.658: [GC [PSYoungGen: 593508K->690K(572544K)] 806539K->213897K(1259520K), 0.0076180 secs] [Times: user=0.02 sys=0.00, real=0.01 secs] 
2014-07-08T07:19:07.655+0000: 1992.746: [GC [PSYoungGen: 572530K->676K(552896K)] 785737K->213971K(1239872K), 0.0237750 secs] [Times: user=0.09 sys=0.00, real=0.02 secs] 
2014-07-08T07:19:08.631+0000: 1993.721: [GC [PSYoungGen: 552868K->370K(663040K)] 766163K->213737K(1350016K), 0.0102990 secs] [Times: user=0.03 sys=0.00, real=0.02 secs] 
2014-07-08T07:19:10.019+0000: 1995.110: [GC [PSYoungGen: 663026K->320K(639168K)] 876393K->213735K(1326144K), 0.0045100 secs] [Times: user=0.02 sys=0.00, real=0.01 secs] 
2014-07-08T07:19:11.205+0000: 1996.296: [GC [PSYoungGen: 639168K->932K(617088K)] 852583K->214427K(1304064K), 0.0076840 secs] [Times: user=0.02 sys=0.00, real=0.01 secs] 
2014-07-08T07:19:12.483+0000: 1997.574: [GC [PSYoungGen: 616993K->850K(595328K)] 830488K->214449K(1282304K), 0.0195860 secs] [Times: user=0.07 sys=0.00, real=0.02 secs] 
2014-07-08T07:19:13.598+0000: 1998.688: [GC [PSYoungGen: 595282K->968K(574784K)] 808881K->214695K(1261760K), 0.0085540 secs] [Times: user=0.02 sys=0.00, real=0.01 secs] 
2014-07-08T07:19:14.813+0000: 1999.903: [GC [PSYoungGen: 574728K->658K(554688K)] 788455K->214505K(1241664K), 0.0123020 secs] [Times: user=0.03 sys=0.01, real=0.01 secs] 
2014-07-08T07:19:15.826+0000: 2000.917: [GC [PSYoungGen: 554641K->434K(535552K)] 768489K->214433K(1222528K), 0.0047010 secs] [Times: user=0.02 sys=0.00, real=0.00 secs] 
2014-07-08T07:19:16.814+0000: 2001.905: [GC [PSYoungGen: 535538K->320K(642496K)] 749537K->214399K(1329472K), 0.0383010 secs] [Times: user=0.13 sys=0.00, real=0.03 secs] 
2014-07-08T07:19:18.041+0000: 2003.131: [GC [PSYoungGen: 642496K->498K(771136K)] 856575K->214641K(1458112K), 0.0093160 secs] [Times: user=0.02 sys=0.00, real=0.01 secs] 
2014-07-08T07:19:19.734+0000: 2004.825: [GC [PSYoungGen: 771122K->822K(925632K)] 985265K->215029K(1612608K), 0.0049720 secs] [Times: user=0.01 sys=0.00, real=0.00 secs] 
2014-07-08T07:19:21.666+0000: 2006.756: [GC [PSYoungGen: 925620K->680K(889344K)] 1139828K->215007K(1576320K), 0.0124410 secs] [Times: user=0.04 sys=0.00, real=0.01 secs] 
2014-07-08T07:19:23.468+0000: 2008.559: [GC [PSYoungGen: 889285K->1074K(855296K)] 1103612K->215601K(1542272K), 0.0092900 secs] [Times: user=0.02 sys=0.00, real=0.01 secs] 
2014-07-08T07:19:25.320+0000: 2010.411: [GC [PSYoungGen: 855282K->1110K(1026240K)] 1069809K->215829K(1713216K), 0.0403900 secs] [Times: user=0.13 sys=0.00, real=0.04 secs] 
2014-07-08T07:19:27.172+0000: 2012.262: [GC [PSYoungGen: 1026158K->484K(1230656K)] 1240877K->215667K(1917632K), 0.0090750 secs] [Times: user=0.02 sys=0.00, real=0.01 secs] 
2014-07-08T07:19:29.764+0000: 2014.854: [GC [PSYoungGen: 1230602K->722K(1180096K)] 1445785K->216033K(1867072K), 0.0101400 secs] [Times: user=0.03 sys=0.00, real=0.01 secs] 
2014-07-08T07:19:31.942+0000: 2017.032: [GC [PSYoungGen: 1180050K->562K(1131520K)] 1395361K->216097K(1818496K), 0.0065200 secs] [Times: user=0.02 sys=0.00, real=0.01 secs] 
2014-07-08T07:19:34.095+0000: 2019.186: [GC [PSYoungGen: 1131496K->1320K(1086272K)] 1347031K->217031K(1773248K), 0.0238570 secs] [Times: user=0.09 sys=0.00, real=0.02 secs] 
2014-07-08T07:19:36.341+0000: 2021.431: [GC [PSYoungGen: 1086248K->818K(1041984K)] 1301959K->216753K(1728960K), 0.0117040 secs] [Times: user=0.04 sys=0.00, real=0.01 secs] 
2014-07-08T07:19:38.289+0000: 2023.379: [GC [PSYoungGen: 1041970K->672K(1000128K)] 1257905K->216839K(1687104K), 0.0074460 secs] [Times: user=0.01 sys=0.00, real=0.01 secs] 
2014-07-08T07:19:40.368+0000: 2025.458: [GC [PSYoungGen: 1000096K->882K(960640K)] 1216263K->217161K(1647616K), 0.0072070 secs] [Times: user=0.02 sys=0.00, real=0.00 secs] 
2014-07-08T07:19:42.125+0000: 2027.216: [GC [PSYoungGen: 960626K->872K(922816K)] 1176905K->217303K(1609792K), 0.0061570 secs] [Times: user=0.01 sys=0.00, real=0.01 secs] 
2014-07-08T07:19:43.929+0000: 2029.019: [GC [PSYoungGen: 922792K->672K(886656K)] 1139223K->217263K(1573632K), 0.0209380 secs] [Times: user=0.05 sys=0.01, real=0.02 secs] 
2014-07-08T07:19:45.828+0000: 2030.918: [GC [PSYoungGen: 886624K->512K(852160K)] 1103215K->217287K(1539136K), 0.0120550 secs] [Times: user=0.05 sys=0.00, real=0.01 secs] 
2014-07-08T07:19:47.560+0000: 2032.650: [GC [PSYoungGen: 852160K->594K(819648K)] 1068935K->217593K(1506624K), 0.0153550 secs] [Times: user=0.06 sys=0.00, real=0.01 secs] 
2014-07-08T07:19:48.990+0000: 2034.081: [GC [PSYoungGen: 819602K->684K(788608K)] 1036601K->217795K(1475584K), 0.0061100 secs] [Times: user=0.02 sys=0.00, real=0.00 secs] 
2014-07-08T07:19:50.814+0000: 2035.904: [GC [PSYoungGen: 788588K->672K(758976K)] 1005699K->217855K(1445952K), 0.0128260 secs] [Times: user=0.05 sys=0.00, real=0.01 secs] 
2014-07-08T07:19:52.195+0000: 2037.285: [GC [PSYoungGen: 758944K->594K(730624K)] 976127K->217969K(1417600K), 0.0194480 secs] [Times: user=0.07 sys=0.00, real=0.02 secs] 
2014-07-08T07:19:53.680+0000: 2038.771: [GC [PSYoungGen: 730578K->640K(703680K)] 947953K->218143K(1390656K), 0.0221040 secs] [Times: user=0.08 sys=0.00, real=0.02 secs] 
2014-07-08T07:19:55.175+0000: 2040.266: [GC [PSYoungGen: 703680K->768K(844416K)] 921183K->218423K(1531392K), 0.0205740 secs] [Times: user=0.08 sys=0.00, real=0.02 secs] 
2014-07-08T07:19:56.779+0000: 2041.869: [GC [PSYoungGen: 844381K->612K(812032K)] 1062036K->218443K(1499008K), 0.0062660 secs] [Times: user=0.02 sys=0.00, real=0.01 secs] 
2014-07-08T07:19:58.258+0000: 2043.348: [GC [PSYoungGen: 811984K->704K(781312K)] 1029815K->218655K(1468288K), 0.0055330 secs] [Times: user=0.02 sys=0.00, real=0.01 secs] 
2014-07-08T07:19:59.941+0000: 2045.031: [GC [PSYoungGen: 781293K->690K(752000K)] 999244K->218705K(1438976K), 0.0073800 secs] [Times: user=0.01 sys=0.01, real=0.00 secs] 
2014-07-08T07:20:01.358+0000: 2046.448: [GC [PSYoungGen: 751978K->786K(724160K)] 969993K->218921K(1411136K), 0.0049680 secs] [Times: user=0.02 sys=0.00, real=0.01 secs] 
2014-07-08T07:20:02.807+0000: 2047.897: [GC [PSYoungGen: 724114K->480K(697216K)] 942249K->218743K(1384192K), 0.0159340 secs] [Times: user=0.07 sys=0.00, real=0.02 secs] 
2014-07-08T07:20:04.050+0000: 2049.140: [GC [PSYoungGen: 697178K->416K(671744K)] 915442K->218815K(1358720K), 0.0084480 secs] [Times: user=0.02 sys=0.00, real=0.01 secs] 
2014-07-08T07:20:05.671+0000: 2050.761: [GC [PSYoungGen: 671712K->576K(647680K)] 890111K->219095K(1334656K), 0.0172810 secs] [Times: user=0.06 sys=0.00, real=0.01 secs] 
2014-07-08T07:20:06.877+0000: 2051.968: [GC [PSYoungGen: 647680K->416K(624448K)] 866199K->219175K(1311424K), 0.0042030 secs] [Times: user=0.02 sys=0.00, real=0.01 secs] 
2014-07-08T07:20:08.048+0000: 2053.138: [GC [PSYoungGen: 624416K->352K(602304K)] 843175K->219199K(1289280K), 0.0111130 secs] [Times: user=0.04 sys=0.00, real=0.01 secs] 
2014-07-08T07:20:09.172+0000: 2054.262: [GC [PSYoungGen: 602272K->562K(581440K)] 821119K->219481K(1268416K), 0.0076230 secs] [Times: user=0.02 sys=0.00, real=0.00 secs] 
2014-07-08T07:20:10.579+0000: 2055.669: [GC [PSYoungGen: 581416K->626K(561408K)] 800335K->219609K(1248384K), 0.0239260 secs] [Times: user=0.09 sys=0.00, real=0.03 secs] 
2014-07-08T07:20:11.614+0000: 2056.704: [GC [PSYoungGen: 561394K->352K(673344K)] 780377K->219495K(1360320K), 0.0146260 secs] [Times: user=0.05 sys=0.00, real=0.01 secs] 
2014-07-08T07:20:12.855+0000: 2057.945: [GC [PSYoungGen: 673312K->352K(807936K)] 892455K->219591K(1494912K), 0.0165360 secs] [Times: user=0.06 sys=0.00, real=0.02 secs] 
2014-07-08T07:20:14.415+0000: 2059.506: [GC [PSYoungGen: 807904K->864K(969984K)] 1027143K->220207K(1656960K), 0.0281060 secs] [Times: user=0.10 sys=0.00, real=0.03 secs] 
2014-07-08T07:20:16.630+0000: 2061.720: [GC [PSYoungGen: 969952K->704K(1163648K)] 1189295K->220183K(1850624K), 0.0308130 secs] [Times: user=0.11 sys=0.00, real=0.03 secs] 
2014-07-08T07:20:18.916+0000: 2064.006: [GC [PSYoungGen: 1163648K->598K(1396224K)] 1383127K->220309K(2083200K), 0.0173970 secs] [Times: user=0.06 sys=0.00, real=0.02 secs] 
2014-07-08T07:20:21.765+0000: 2066.855: [GC [PSYoungGen: 1396182K->530K(1337280K)] 1615893K->220369K(2024256K), 0.0104220 secs] [Times: user=0.04 sys=0.00, real=0.01 secs] 
2014-07-08T07:20:24.417+0000: 2069.507: [GC [PSYoungGen: 1337218K->1014K(1473344K)] 1557057K->221157K(2160320K), 0.0293340 secs] [Times: user=0.11 sys=0.01, real=0.03 secs] 
2014-07-08T07:20:27.289+0000: 2072.379: [GC [PSYoungGen: 1473334K->736K(1410496K)] 1693477K->221103K(2097472K), 0.0058640 secs] [Times: user=0.01 sys=0.00, real=0.01 secs] 
2014-07-08T07:20:30.154+0000: 2075.245: [GC [PSYoungGen: 1410464K->640K(1350784K)] 1630831K->221255K(2037760K), 0.0050010 secs] [Times: user=0.02 sys=0.00, real=0.00 secs] 
2014-07-08T07:20:32.734+0000: 2077.824: [GC [PSYoungGen: 1350784K->562K(1294080K)] 1571399K->221329K(1981056K), 0.0050670 secs] [Times: user=0.02 sys=0.00, real=0.01 secs] 
2014-07-08T07:20:35.557+0000: 2080.647: [GC [PSYoungGen: 1294066K->868K(1240512K)] 1514833K->221835K(1927488K), 0.0166250 secs] [Times: user=0.06 sys=0.01, real=0.01 secs] 
2014-07-08T07:20:37.915+0000: 2083.006: [GC [PSYoungGen: 1240484K->552K(1188928K)] 1461451K->221791K(1875904K), 0.0054610 secs] [Times: user=0.02 sys=0.00, real=0.00 secs] 
2014-07-08T07:20:40.473+0000: 2085.563: [GC [PSYoungGen: 1188904K->1124K(1140736K)] 1410143K->222563K(1827712K), 0.0063100 secs] [Times: user=0.02 sys=0.00, real=0.01 secs] 
2014-07-08T07:20:42.720+0000: 2087.810: [GC [PSYoungGen: 1140638K->626K(1093760K)] 1362077K->222249K(1780736K), 0.0235060 secs] [Times: user=0.09 sys=0.00, real=0.02 secs] 
2014-07-08T07:20:44.907+0000: 2089.998: [GC [PSYoungGen: 1093746K->914K(1049856K)] 1315369K->222729K(1736832K), 0.0169380 secs] [Times: user=0.06 sys=0.01, real=0.01 secs] 
2014-07-08T07:20:46.931+0000: 2092.022: [GC [PSYoungGen: 1049810K->480K(1007360K)] 1271625K->222543K(1694336K), 0.0340850 secs] [Times: user=0.12 sys=0.00, real=0.03 secs] 
2014-07-08T07:20:48.922+0000: 2094.012: [GC [PSYoungGen: 1007328K->416K(967232K)] 1229391K->222663K(1654208K), 0.0074600 secs] [Times: user=0.02 sys=0.00, real=0.01 secs] 
2014-07-08T07:20:50.951+0000: 2096.041: [GC [PSYoungGen: 967200K->626K(929280K)] 1189447K->223009K(1616256K), 0.0111790 secs] [Times: user=0.03 sys=0.00, real=0.01 secs] 
2014-07-08T07:20:52.713+0000: 2097.803: [GC [PSYoungGen: 929266K->594K(892992K)] 1151649K->223169K(1579968K), 0.0194180 secs] [Times: user=0.06 sys=0.00, real=0.02 secs] 
2014-07-08T07:20:54.292+0000: 2099.382: [GC [PSYoungGen: 892946K->836K(858688K)] 1115521K->223579K(1545664K), 0.0081180 secs] [Times: user=0.02 sys=0.00, real=0.01 secs] 
2014-07-08T07:20:56.114+0000: 2101.204: [GC [PSYoungGen: 858628K->608K(825472K)] 1081371K->223487K(1512448K), 0.0070400 secs] [Times: user=0.02 sys=0.00, real=0.01 secs] 
2014-07-08T07:20:57.786+0000: 2102.877: [GC [PSYoungGen: 825440K->480K(793984K)] 1048319K->223567K(1480960K), 0.0132500 secs] [Times: user=0.03 sys=0.00, real=0.02 secs] 
2014-07-08T07:20:59.355+0000: 2104.445: [GC [PSYoungGen: 793952K->676K(764288K)] 1017039K->223883K(1451264K), 0.0177450 secs] [Times: user=0.07 sys=0.00, real=0.02 secs] 
2014-07-08T07:21:01.009+0000: 2106.099: [GC [PSYoungGen: 764260K->448K(735488K)] 987467K->223727K(1422464K), 0.0047600 secs] [Times: user=0.01 sys=0.00, real=0.00 secs] 
2014-07-08T07:21:02.561+0000: 2107.652: [GC [PSYoungGen: 735488K->708K(708608K)] 958767K->224131K(1395584K), 0.0055790 secs] [Times: user=0.02 sys=0.00, real=0.00 secs] 
2014-07-08T07:21:03.921+0000: 2109.011: [GC [PSYoungGen: 708492K->608K(850048K)] 931915K->224191K(1537024K), 0.0335740 secs] [Times: user=0.11 sys=0.00, real=0.03 secs] 
2014-07-08T07:21:05.761+0000: 2110.852: [GC [PSYoungGen: 850016K->1028K(1020416K)] 1073599K->224747K(1707392K), 0.0255200 secs] [Times: user=0.09 sys=0.00, real=0.02 secs] 
2014-07-08T07:21:07.626+0000: 2112.716: [GC [PSYoungGen: 1020356K->512K(979200K)] 1244075K->224935K(1666176K), 0.0082140 secs] [Times: user=0.02 sys=0.00, real=0.01 secs] 
2014-07-08T07:21:09.457+0000: 2114.547: [GC [PSYoungGen: 979162K->800K(940800K)] 1203585K->225335K(1627776K), 0.0056940 secs] [Times: user=0.02 sys=0.01, real=0.01 secs] 
2014-07-08T07:21:11.555+0000: 2116.645: [GC [PSYoungGen: 940768K->1156K(904320K)] 1165303K->225907K(1591296K), 0.0113070 secs] [Times: user=0.03 sys=0.00, real=0.01 secs] 
2014-07-08T07:21:13.156+0000: 2118.246: [GC [PSYoungGen: 904257K->530K(868608K)] 1129008K->225497K(1555584K), 0.0111180 secs] [Times: user=0.04 sys=0.00, real=0.01 secs] 
2014-07-08T07:21:14.800+0000: 2119.890: [GC [PSYoungGen: 868562K->416K(835072K)] 1093529K->225503K(1522048K), 0.0093940 secs] [Times: user=0.03 sys=0.00, real=0.00 secs] 
2014-07-08T07:21:16.660+0000: 2121.751: [GC [PSYoungGen: 835040K->594K(803392K)] 1060127K->225849K(1490368K), 0.0193930 secs] [Times: user=0.07 sys=0.00, real=0.02 secs] 
2014-07-08T07:21:18.075+0000: 2123.165: [GC [PSYoungGen: 803346K->548K(772992K)] 1028601K->226003K(1459968K), 0.0067100 secs] [Times: user=0.01 sys=0.00, real=0.01 secs] 
2014-07-08T07:21:19.692+0000: 2124.783: [GC [PSYoungGen: 772964K->512K(744000K)] 998419K->226031K(1430976K), 0.0188740 secs] [Times: user=0.07 sys=0.00, real=0.02 secs] 
2014-07-08T07:21:21.236+0000: 2126.327: [GC [PSYoungGen: 743918K->964K(716928K)] 969437K->226571K(1403904K), 0.0055220 secs] [Times: user=0.02 sys=0.00, real=0.01 secs] 
2014-07-08T07:21:22.687+0000: 2127.777: [GC [PSYoungGen: 716868K->480K(690112K)] 942475K->226247K(1377088K), 0.0039880 secs] [Times: user=0.01 sys=0.01, real=0.00 secs] 
2014-07-08T07:21:23.949+0000: 2129.040: [GC [PSYoungGen: 690080K->484K(665024K)] 915847K->226395K(1352000K), 0.0176030 secs] [Times: user=0.07 sys=0.00, real=0.02 secs] 
2014-07-08T07:21:25.365+0000: 2130.456: [GC [PSYoungGen: 664996K->1000K(641600K)] 890907K->227023K(1328576K), 0.0143090 secs] [Times: user=0.05 sys=0.00, real=0.01 secs] 
2014-07-08T07:21:26.742+0000: 2131.833: [GC [PSYoungGen: 641576K->480K(618304K)] 867599K->226647K(1305280K), 0.0071830 secs] [Times: user=0.02 sys=0.00, real=0.00 secs] 
2014-07-08T07:21:27.798+0000: 2132.888: [GC [PSYoungGen: 618272K->384K(596416K)] 844439K->226679K(1283392K), 0.0107920 secs] [Times: user=0.04 sys=0.00, real=0.01 secs] 
2014-07-08T07:21:28.951+0000: 2134.042: [GC [PSYoungGen: 596402K->320K(575552K)] 822697K->226671K(1262528K), 0.0153200 secs] [Times: user=0.06 sys=0.00, real=0.02 secs] 
2014-07-08T07:21:30.141+0000: 2135.231: [GC [PSYoungGen: 575552K->448K(555840K)] 801903K->226847K(1242816K), 0.0051050 secs] [Times: user=0.01 sys=0.00, real=0.01 secs] 
2014-07-08T07:21:31.163+0000: 2136.253: [GC [PSYoungGen: 555840K->612K(537088K)] 782239K->227083K(1224064K), 0.0147500 secs] [Times: user=0.05 sys=0.00, real=0.01 secs] 
2014-07-08T07:21:32.201+0000: 2137.291: [GC [PSYoungGen: 537060K->864K(519232K)] 763531K->227431K(1206208K), 0.0091130 secs] [Times: user=0.02 sys=0.00, real=0.01 secs] 
2014-07-08T07:21:33.208+0000: 2138.299: [GC [PSYoungGen: 519200K->594K(501696K)] 745767K->227257K(1188672K), 0.0110390 secs] [Times: user=0.02 sys=0.00, real=0.01 secs] 
2014-07-08T07:21:34.102+0000: 2139.192: [GC [PSYoungGen: 501625K->534K(485120K)] 728288K->227293K(1172096K), 0.0070960 secs] [Times: user=0.02 sys=0.00, real=0.01 secs] 
2014-07-08T07:21:35.109+0000: 2140.199: [GC [PSYoungGen: 485078K->548K(469312K)] 711837K->227387K(1156288K), 0.0049660 secs] [Times: user=0.02 sys=0.01, real=0.00 secs] 
2014-07-08T07:21:36.283+0000: 2141.373: [GC [PSYoungGen: 469284K->768K(454400K)] 696123K->227719K(1141376K), 0.0066330 secs] [Times: user=0.02 sys=0.00, real=0.01 secs] 
2014-07-08T07:21:37.109+0000: 2142.199: [GC [PSYoungGen: 454396K->630K(439872K)] 681347K->227717K(1126848K), 0.0048620 secs] [Times: user=0.02 sys=0.00, real=0.01 secs] 
2014-07-08T07:21:37.928+0000: 2143.019: [GC [PSYoungGen: 439862K->612K(426048K)] 666949K->227787K(1113024K), 0.0088720 secs] [Times: user=0.01 sys=0.00, real=0.01 secs] 
2014-07-08T07:21:38.859+0000: 2143.950: [GC [PSYoungGen: 426020K->466K(412736K)] 653195K->227689K(1099712K), 0.0054180 secs] [Times: user=0.01 sys=0.00, real=0.01 secs] 
2014-07-08T07:21:39.640+0000: 2144.730: [GC [PSYoungGen: 412690K->352K(399936K)] 639913K->227647K(1086912K), 0.0061360 secs] [Times: user=0.01 sys=0.00, real=0.01 secs] 
2014-07-08T07:21:40.425+0000: 2145.515: [GC [PSYoungGen: 399904K->960K(388416K)] 627199K->228295K(1075392K), 0.0051800 secs] [Times: user=0.02 sys=0.00, real=0.00 secs] 
2014-07-08T07:21:41.332+0000: 2146.422: [GC [PSYoungGen: 388416K->964K(376896K)] 615751K->228363K(1063872K), 0.0115300 secs] [Times: user=0.04 sys=0.01, real=0.01 secs] 
2014-07-08T07:21:42.027+0000: 2147.118: [GC [PSYoungGen: 376836K->384K(451456K)] 604235K->227919K(1138432K), 0.0388720 secs] [Times: user=0.15 sys=0.00, real=0.04 secs] 
2014-07-08T07:21:42.906+0000: 2147.996: [GC [PSYoungGen: 451456K->370K(541696K)] 678991K->227977K(1228672K), 0.0127230 secs] [Times: user=0.04 sys=0.00, real=0.01 secs] 
2014-07-08T07:21:43.873+0000: 2148.964: [GC [PSYoungGen: 541682K->320K(649920K)] 769289K->228007K(1336896K), 0.0061130 secs] [Times: user=0.02 sys=0.00, real=0.01 secs] 
2014-07-08T07:21:45.478+0000: 2150.568: [GC [PSYoungGen: 649920K->1138K(780672K)] 877607K->228913K(1467648K), 0.0080970 secs] [Times: user=0.02 sys=0.00, real=0.01 secs] 
2014-07-08T07:21:47.028+0000: 2152.119: [GC [PSYoungGen: 780658K->448K(935872K)] 1008433K->228415K(1622848K), 0.0051030 secs] [Times: user=0.01 sys=0.00, real=0.00 secs] 
2014-07-08T07:21:48.984+0000: 2154.075: [GC [PSYoungGen: 935872K->498K(1123072K)] 1163839K->228593K(1810048K), 0.0190260 secs] [Times: user=0.07 sys=0.00, real=0.02 secs] 
2014-07-08T07:21:51.334+0000: 2156.424: [GC [PSYoungGen: 1123058K->1152K(1078080K)] 1351153K->229359K(1765056K), 0.0081780 secs] [Times: user=0.02 sys=0.01, real=0.01 secs] 
2014-07-08T07:21:53.407+0000: 2158.498: [GC [PSYoungGen: 1078039K->1092K(1293504K)] 1306247K->229507K(1980480K), 0.0370620 secs] [Times: user=0.14 sys=0.00, real=0.03 secs] 
2014-07-08T07:21:55.939+0000: 2161.029: [GC [PSYoungGen: 1293444K->576K(1239104K)] 1521859K->229159K(1926080K), 0.0109790 secs] [Times: user=0.03 sys=0.00, real=0.01 secs] 
2014-07-08T07:21:58.276+0000: 2163.366: [GC [PSYoungGen: 1239074K->1028K(1188416K)] 1467657K->229867K(1875392K), 0.0090040 secs] [Times: user=0.02 sys=0.01, real=0.01 secs] 
2014-07-08T07:22:00.503+0000: 2165.594: [GC [PSYoungGen: 1188287K->1188K(1139776K)] 1417126K->230187K(1826752K), 0.0150550 secs] [Times: user=0.03 sys=0.00, real=0.02 secs] 
2014-07-08T07:22:02.770+0000: 2167.860: [GC [PSYoungGen: 1139748K->544K(1092736K)] 1368747K->229671K(1779712K), 0.0093500 secs] [Times: user=0.02 sys=0.00, real=0.01 secs] 
2014-07-08T07:22:04.877+0000: 2169.968: [GC [PSYoungGen: 1092704K->448K(1048448K)] 1321831K->229799K(1735424K), 0.0128310 secs] [Times: user=0.04 sys=0.00, real=0.02 secs] 
2014-07-08T07:22:07.011+0000: 2172.102: [GC [PSYoungGen: 1048448K->480K(1006464K)] 1277799K->230015K(1693440K), 0.0200870 secs] [Times: user=0.07 sys=0.00, real=0.02 secs] 
2014-07-08T07:22:08.933+0000: 2174.023: [GC [PSYoungGen: 1006432K->452K(966464K)] 1235967K->230179K(1653440K), 0.0037510 secs] [Times: user=0.01 sys=0.00, real=0.00 secs] 
2014-07-08T07:22:10.904+0000: 2175.994: [GC [PSYoungGen: 966404K->566K(928448K)] 1196131K->230381K(1615424K), 0.0234990 secs] [Times: user=0.09 sys=0.00, real=0.02 secs] 
2014-07-08T07:22:12.765+0000: 2177.855: [GC [PSYoungGen: 928438K->448K(892032K)] 1158253K->230423K(1579008K), 0.0337270 secs] [Times: user=0.13 sys=0.00, real=0.03 secs] 
2014-07-08T07:22:14.517+0000: 2179.607: [GC [PSYoungGen: 892032K->1142K(858176K)] 1122007K->231285K(1545152K), 0.0162800 secs] [Times: user=0.06 sys=0.01, real=0.02 secs] 
2014-07-08T07:22:16.157+0000: 2181.247: [GC [PSYoungGen: 858112K->708K(824896K)] 1088255K->231027K(1511872K), 0.0118950 secs] [Times: user=0.03 sys=0.00, real=0.01 secs] 
2014-07-08T07:22:17.890+0000: 2182.980: [GC [PSYoungGen: 824836K->448K(989440K)] 1055155K->230919K(1676416K), 0.0290580 secs] [Times: user=0.10 sys=0.00, real=0.02 secs] 
2014-07-08T07:22:19.804+0000: 2184.894: [GC [PSYoungGen: 989440K->416K(1187264K)] 1219911K->231015K(1874240K), 0.0153460 secs] [Times: user=0.05 sys=0.00, real=0.01 secs] 
2014-07-08T07:22:22.166+0000: 2187.257: [GC [PSYoungGen: 1187232K->512K(1138624K)] 1417831K->231207K(1825600K), 0.0110980 secs] [Times: user=0.05 sys=0.00, real=0.01 secs] 
2014-07-08T07:22:24.375+0000: 2189.465: [GC [PSYoungGen: 1138624K->1224K(1093056K)] 1369319K->232159K(1780032K), 0.0075210 secs] [Times: user=0.02 sys=0.00, real=0.01 secs] 
2014-07-08T07:22:26.585+0000: 2191.675: [GC [PSYoungGen: 1093000K->608K(1048256K)] 1323935K->231735K(1735232K), 0.0100170 secs] [Times: user=0.03 sys=0.00, real=0.01 secs] 
2014-07-08T07:22:28.725+0000: 2193.815: [GC [PSYoungGen: 1048224K->712K(1006400K)] 1279351K->232047K(1693376K), 0.0110580 secs] [Times: user=0.04 sys=0.00, real=0.01 secs] 
2014-07-08T07:22:30.776+0000: 2195.866: [GC [PSYoungGen: 1006344K->480K(966144K)] 1237679K->231951K(1653120K), 0.0085710 secs] [Times: user=0.03 sys=0.00, real=0.01 secs] 
2014-07-08T07:22:32.721+0000: 2197.812: [GC [PSYoungGen: 966112K->854K(928448K)] 1197583K->232493K(1615424K), 0.0089470 secs] [Times: user=0.02 sys=0.01, real=0.01 secs] 
2014-07-08T07:22:34.459+0000: 2199.550: [GC [PSYoungGen: 928374K->804K(892096K)] 1160013K->232619K(1579072K), 0.0260760 secs] [Times: user=0.10 sys=0.00, real=0.03 secs] 
2014-07-08T07:22:36.237+0000: 2201.328: [GC [PSYoungGen: 892068K->736K(857472K)] 1123883K->232719K(1544448K), 0.0237040 secs] [Times: user=0.09 sys=0.00, real=0.02 secs] 
2014-07-08T07:22:37.968+0000: 2203.059: [GC [PSYoungGen: 857438K->768K(824576K)] 1089421K->232919K(1511552K), 0.0138480 secs] [Times: user=0.05 sys=0.00, real=0.01 secs] 
2014-07-08T07:22:39.657+0000: 2204.748: [GC [PSYoungGen: 824576K->1064K(793536K)] 1056727K->233335K(1480512K), 0.0104590 secs] [Times: user=0.04 sys=0.00, real=0.01 secs] 
2014-07-08T07:22:41.176+0000: 2206.267: [GC [PSYoungGen: 793512K->594K(763200K)] 1025783K->232953K(1450176K), 0.0050890 secs] [Times: user=0.01 sys=0.00, real=0.00 secs] 
2014-07-08T07:22:42.790+0000: 2207.881: [GC [PSYoungGen: 763111K->448K(734528K)] 995470K->232927K(1421504K), 0.0180660 secs] [Times: user=0.07 sys=0.00, real=0.02 secs] 
2014-07-08T07:22:44.155+0000: 2209.246: [GC [PSYoungGen: 734509K->680K(707648K)] 966988K->233335K(1394624K), 0.0168710 secs] [Times: user=0.05 sys=0.00, real=0.01 secs] 
2014-07-08T07:22:45.801+0000: 2210.892: [GC [PSYoungGen: 707621K->480K(681600K)] 940276K->233271K(1368576K), 0.0199800 secs] [Times: user=0.07 sys=0.00, real=0.02 secs] 
2014-07-08T07:22:47.155+0000: 2212.246: [GC [PSYoungGen: 681568K->964K(657408K)] 914359K->233963K(1344384K), 0.0086090 secs] [Times: user=0.02 sys=0.00, real=0.01 secs] 
2014-07-08T07:22:48.583+0000: 2213.673: [GC [PSYoungGen: 657337K->704K(633536K)] 890336K->233799K(1320512K), 0.0145750 secs] [Times: user=0.06 sys=0.00, real=0.02 secs] 
2014-07-08T07:22:49.910+0000: 2215.001: [GC [PSYoungGen: 633536K->776K(760256K)] 866631K->233991K(1447232K), 0.0374300 secs] [Times: user=0.14 sys=0.00, real=0.04 secs] 
2014-07-08T07:22:51.346+0000: 2216.436: [GC [PSYoungGen: 760200K->882K(912256K)] 993415K->234185K(1599232K), 0.0096320 secs] [Times: user=0.01 sys=0.00, real=0.01 secs] 
2014-07-08T07:22:53.132+0000: 2218.222: [GC [PSYoungGen: 912242K->448K(1094080K)] 1145545K->233871K(1781056K), 0.0222850 secs] [Times: user=0.08 sys=0.00, real=0.02 secs] 
2014-07-08T07:22:55.436+0000: 2220.526: [GC [PSYoungGen: 1094032K->968K(1050432K)] 1327455K->234551K(1737408K), 0.0055910 secs] [Times: user=0.02 sys=0.00, real=0.01 secs] 
2014-07-08T07:22:57.586+0000: 2222.677: [GC [PSYoungGen: 1050332K->960K(1008256K)] 1283915K->234799K(1695232K), 0.0069770 secs] [Times: user=0.02 sys=0.00, real=0.00 secs] 
2014-07-08T07:22:59.491+0000: 2224.582: [GC [PSYoungGen: 1008256K->626K(967872K)] 1242095K->234897K(1654848K), 0.0077620 secs] [Times: user=0.02 sys=0.01, real=0.01 secs] 
2014-07-08T07:23:01.416+0000: 2226.506: [GC [PSYoungGen: 967858K->800K(929920K)] 1202129K->235167K(1616896K), 0.0059450 secs] [Times: user=0.02 sys=0.00, real=0.01 secs] 
2014-07-08T07:23:03.194+0000: 2228.285: [GC [PSYoungGen: 929888K->416K(893184K)] 1164255K->234999K(1580160K), 0.0091700 secs] [Times: user=0.03 sys=0.00, real=0.01 secs] 
2014-07-08T07:23:05.014+0000: 2230.105: [GC [PSYoungGen: 893152K->726K(858880K)] 1127735K->235469K(1545856K), 0.0126300 secs] [Times: user=0.04 sys=0.01, real=0.02 secs] 
2014-07-08T07:23:06.720+0000: 2231.811: [GC [PSYoungGen: 858754K->740K(825920K)] 1093497K->235675K(1512896K), 0.0056380 secs] [Times: user=0.02 sys=0.00, real=0.00 secs] 
2014-07-08T07:23:08.233+0000: 2233.323: [GC [PSYoungGen: 825892K->672K(794432K)] 1060827K->235751K(1481408K), 0.0309210 secs] [Times: user=0.11 sys=0.00, real=0.03 secs] 
2014-07-08T07:23:09.857+0000: 2234.947: [GC [PSYoungGen: 794314K->676K(953216K)] 1029393K->235859K(1640192K), 0.0410060 secs] [Times: user=0.14 sys=0.00, real=0.04 secs] 
2014-07-08T07:23:11.712+0000: 2236.803: [GC [PSYoungGen: 953151K->808K(1143872K)] 1188334K->236079K(1830848K), 0.0068370 secs] [Times: user=0.01 sys=0.00, real=0.01 secs] 
2014-07-08T07:23:13.912+0000: 2239.002: [GC [PSYoungGen: 1143848K->644K(1097152K)] 1379119K->236075K(1784128K), 0.0051340 secs] [Times: user=0.02 sys=0.00, real=0.00 secs] 
2014-07-08T07:23:16.229+0000: 2241.319: [GC [PSYoungGen: 1097092K->832K(1052928K)] 1332523K->236463K(1739904K), 0.0133590 secs] [Times: user=0.04 sys=0.01, real=0.02 secs] 
2014-07-08T07:23:18.417+0000: 2243.508: [GC [PSYoungGen: 1052928K->818K(1010688K)] 1288559K->236849K(1697664K), 0.0107680 secs] [Times: user=0.02 sys=0.00, real=0.01 secs] 
2014-07-08T07:23:20.659+0000: 2245.750: [GC [PSYoungGen: 1010674K->640K(970304K)] 1246705K->236799K(1657280K), 0.0053040 secs] [Times: user=0.02 sys=0.00, real=0.01 secs] 
2014-07-08T07:23:22.669+0000: 2247.759: [GC [PSYoungGen: 970304K->1146K(932544K)] 1206463K->237865K(1619520K), 0.0307410 secs] [Times: user=0.12 sys=0.00, real=0.03 secs] 
2014-07-08T07:23:24.517+0000: 2249.607: [GC [PSYoungGen: 932538K->1170K(896192K)] 1169257K->238017K(1583168K), 0.0230990 secs] [Times: user=0.08 sys=0.00, real=0.02 secs] 
2014-07-08T07:23:26.458+0000: 2251.549: [GC [PSYoungGen: 896121K->758K(1074752K)] 1132968K->238117K(1761728K), 0.0281420 secs] [Times: user=0.10 sys=0.00, real=0.03 secs] 
2014-07-08T07:23:28.708+0000: 2253.799: [GC [PSYoungGen: 1074725K->1064K(1289920K)] 1312084K->238599K(1976896K), 0.0303130 secs] [Times: user=0.11 sys=0.00, real=0.03 secs] 
2014-07-08T07:23:31.154+0000: 2256.244: [GC [PSYoungGen: 1289896K->704K(1235840K)] 1527431K->238415K(1922816K), 0.0139110 secs] [Times: user=0.05 sys=0.00, real=0.01 secs] 
2014-07-08T07:23:33.667+0000: 2258.758: [GC [PSYoungGen: 1235840K->544K(1184640K)] 1473551K->238503K(1871616K), 0.0142400 secs] [Times: user=0.06 sys=0.00, real=0.01 secs] 
2014-07-08T07:23:35.925+0000: 2261.015: [GC [PSYoungGen: 1184608K->530K(1136064K)] 1422567K->238737K(1823040K), 0.0144060 secs] [Times: user=0.06 sys=0.00, real=0.01 secs] 
2014-07-08T07:23:38.150+0000: 2263.241: [GC [PSYoungGen: 1136018K->480K(1089792K)] 1374225K->238895K(1776768K), 0.0052500 secs] [Times: user=0.01 sys=0.00, real=0.01 secs] 
2014-07-08T07:23:40.526+0000: 2265.617: [GC [PSYoungGen: 1089760K->900K(1046208K)] 1328175K->239435K(1733184K), 0.0059890 secs] [Times: user=0.01 sys=0.00, real=0.00 secs] 
2014-07-08T07:23:42.554+0000: 2267.645: [GC [PSYoungGen: 1046147K->928K(1004288K)] 1284682K->239623K(1691264K), 0.0062790 secs] [Times: user=0.02 sys=0.00, real=0.00 secs] 
2014-07-08T07:23:44.637+0000: 2269.727: [GC [PSYoungGen: 1004254K->1174K(964672K)] 1242949K->240021K(1651648K), 0.0353320 secs] [Times: user=0.13 sys=0.00, real=0.03 secs] 
2014-07-08T07:23:46.617+0000: 2271.708: [GC [PSYoungGen: 964625K->1178K(926720K)] 1203472K->240201K(1613696K), 0.0076280 secs] [Times: user=0.02 sys=0.00, real=0.01 secs] 
2014-07-08T07:23:48.553+0000: 2273.644: [GC [PSYoungGen: 926607K->818K(890176K)] 1165630K->240097K(1577152K), 0.0077100 secs] [Times: user=0.01 sys=0.01, real=0.01 secs] 
2014-07-08T07:23:50.298+0000: 2275.388: [GC [PSYoungGen: 890162K->704K(855616K)] 1129441K->240103K(1542592K), 0.0074450 secs] [Times: user=0.02 sys=0.00, real=0.01 secs] 
2014-07-08T07:23:52.080+0000: 2277.170: [GC [PSYoungGen: 855616K->562K(822656K)] 1095015K->240073K(1509632K), 0.0224510 secs] [Times: user=0.08 sys=0.01, real=0.02 secs] 
2014-07-08T07:23:53.760+0000: 2278.851: [GC [PSYoungGen: 822642K->608K(791488K)] 1062153K->240279K(1478464K), 0.0161630 secs] [Times: user=0.05 sys=0.01, real=0.02 secs] 
2014-07-08T07:23:55.294+0000: 2280.384: [GC [PSYoungGen: 791456K->1138K(950208K)] 1031127K->241009K(1637184K), 0.0266540 secs] [Times: user=0.10 sys=0.00, real=0.03 secs] 
2014-07-08T07:23:57.202+0000: 2282.293: [GC [PSYoungGen: 950194K->516K(1139456K)] 1190065K->240523K(1826432K), 0.0376710 secs] [Times: user=0.14 sys=0.00, real=0.04 secs] 
2014-07-08T07:23:59.636+0000: 2284.726: [GC [PSYoungGen: 1139396K->992K(1367680K)] 1379403K->241151K(2054656K), 0.0063690 secs] [Times: user=0.02 sys=0.00, real=0.00 secs] 
2014-07-08T07:24:02.381+0000: 2287.471: [GC [PSYoungGen: 1367648K->1124K(1310336K)] 1607807K->241459K(1997312K), 0.0203490 secs] [Times: user=0.08 sys=0.01, real=0.02 secs] 
2014-07-08T07:24:04.963+0000: 2290.054: [GC [PSYoungGen: 1310308K->576K(1255104K)] 1550643K->241127K(1942080K), 0.0055440 secs] [Times: user=0.02 sys=0.00, real=0.01 secs] 
2014-07-08T07:24:07.671+0000: 2292.761: [GC [PSYoungGen: 1255104K->800K(1203328K)] 1495655K->241575K(1890304K), 0.0061830 secs] [Times: user=0.02 sys=0.00, real=0.01 secs] 
2014-07-08T07:24:10.047+0000: 2295.138: [GC [PSYoungGen: 1203296K->448K(1153472K)] 1444071K->241399K(1840448K), 0.0069990 secs] [Times: user=0.02 sys=0.00, real=0.00 secs] 
2014-07-08T07:24:12.464+0000: 2297.554: [GC [PSYoungGen: 1153472K->1024K(1106944K)] 1394423K->242095K(1793920K), 0.0183130 secs] [Times: user=0.07 sys=0.00, real=0.02 secs] 
2014-07-08T07:24:14.691+0000: 2299.782: [GC [PSYoungGen: 1106944K->608K(1061760K)] 1348015K->241935K(1748736K), 0.0045780 secs] [Times: user=0.02 sys=0.01, real=0.00 secs] 
2014-07-08T07:24:16.924+0000: 2302.014: [GC [PSYoungGen: 1061728K->800K(1019328K)] 1303055K->242335K(1706304K), 0.0301300 secs] [Times: user=0.12 sys=0.00, real=0.03 secs] 
2014-07-08T07:24:18.986+0000: 2304.077: [GC [PSYoungGen: 1019296K->352K(978240K)] 1260831K->242063K(1665216K), 0.0057140 secs] [Times: user=0.01 sys=0.00, real=0.01 secs] 
2014-07-08T07:24:20.889+0000: 2305.979: [GC [PSYoungGen: 978208K->416K(939648K)] 1219919K->242279K(1626624K), 0.0123610 secs] [Times: user=0.03 sys=0.00, real=0.02 secs] 
2014-07-08T07:24:22.776+0000: 2307.866: [GC [PSYoungGen: 939616K->530K(902976K)] 1181479K->242537K(1589952K), 0.0042250 secs] [Times: user=0.02 sys=0.00, real=0.01 secs] 
2014-07-08T07:24:24.650+0000: 2309.740: [GC [PSYoungGen: 902930K->672K(868032K)] 1144937K->242847K(1555008K), 0.0102190 secs] [Times: user=0.03 sys=0.00, real=0.01 secs] 
2014-07-08T07:24:26.209+0000: 2311.300: [GC [PSYoungGen: 868000K->448K(834368K)] 1110175K->242823K(1521344K), 0.0206540 secs] [Times: user=0.07 sys=0.00, real=0.03 secs] 
2014-07-08T07:24:27.954+0000: 2313.045: [GC [PSYoungGen: 834338K->676K(802816K)] 1076713K->243155K(1489792K), 0.0093650 secs] [Times: user=0.02 sys=0.00, real=0.01 secs] 
2014-07-08T07:24:29.652+0000: 2314.742: [GC [PSYoungGen: 802788K->850K(772672K)] 1045267K->243449K(1459648K), 0.0084890 secs] [Times: user=0.02 sys=0.01, real=0.01 secs] 
2014-07-08T07:24:31.074+0000: 2316.164: [GC [PSYoungGen: 772581K->598K(743488K)] 1015180K->243301K(1430464K), 0.0265150 secs] [Times: user=0.09 sys=0.01, real=0.03 secs] 
2014-07-08T07:24:32.656+0000: 2317.747: [GC [PSYoungGen: 743446K->548K(715904K)] 986149K->243371K(1402880K), 0.0173280 secs] [Times: user=0.06 sys=0.00, real=0.02 secs] 
2014-07-08T07:24:34.029+0000: 2319.119: [GC [PSYoungGen: 715876K->562K(859008K)] 958699K->243553K(1545984K), 0.0182080 secs] [Times: user=0.07 sys=0.00, real=0.02 secs] 
2014-07-08T07:24:35.739+0000: 2320.829: [GC [PSYoungGen: 858994K->530K(826048K)] 1101985K->243665K(1513024K), 0.0115100 secs] [Times: user=0.04 sys=0.01, real=0.01 secs] 
2014-07-08T07:24:37.355+0000: 2322.445: [GC [PSYoungGen: 825996K->800K(794880K)] 1069132K->244087K(1481856K), 0.0071330 secs] [Times: user=0.01 sys=0.00, real=0.01 secs] 
2014-07-08T07:24:38.995+0000: 2324.086: [GC [PSYoungGen: 794848K->416K(764544K)] 1038135K->243815K(1451520K), 0.0175750 secs] [Times: user=0.06 sys=0.00, real=0.02 secs] 
2014-07-08T07:24:40.506+0000: 2325.597: [GC [PSYoungGen: 764512K->704K(736256K)] 1007911K->244215K(1423232K), 0.0064080 secs] [Times: user=0.02 sys=0.00, real=0.01 secs] 
2014-07-08T07:24:42.034+0000: 2327.124: [GC [PSYoungGen: 736256K->480K(708864K)] 979767K->244087K(1395840K), 0.0182200 secs] [Times: user=0.06 sys=0.00, real=0.02 secs] 
2014-07-08T07:24:43.384+0000: 2328.475: [GC [PSYoungGen: 708832K->640K(683072K)] 952439K->244399K(1370048K), 0.0084690 secs] [Times: user=0.02 sys=0.00, real=0.01 secs] 
2014-07-08T07:24:44.769+0000: 2329.859: [GC [PSYoungGen: 683072K->580K(658368K)] 926831K->244475K(1345344K), 0.0142310 secs] [Times: user=0.05 sys=0.00, real=0.02 secs] 
2014-07-08T07:24:46.014+0000: 2331.104: [GC [PSYoungGen: 658308K->434K(634560K)] 902203K->244489K(1321536K), 0.0110550 secs] [Times: user=0.03 sys=0.00, real=0.01 secs] 
2014-07-08T07:24:47.429+0000: 2332.519: [GC [PSYoungGen: 634546K->882K(761856K)] 878601K->245033K(1448832K), 0.0227660 secs] [Times: user=0.09 sys=0.00, real=0.02 secs] 
2014-07-08T07:24:48.965+0000: 2334.055: [GC [PSYoungGen: 761784K->946K(914112K)] 1005935K->245217K(1601088K), 0.0153830 secs] [Times: user=0.05 sys=0.00, real=0.01 secs] 
2014-07-08T07:24:50.774+0000: 2335.864: [GC [PSYoungGen: 914098K->370K(1096192K)] 1158369K->244793K(1783168K), 0.0236050 secs] [Times: user=0.08 sys=0.00, real=0.02 secs] 
2014-07-08T07:24:52.933+0000: 2338.024: [GC [PSYoungGen: 1096113K->644K(1315712K)] 1340536K->245211K(2002688K), 0.0318120 secs] [Times: user=0.12 sys=0.00, real=0.04 secs] 
2014-07-08T07:24:55.541+0000: 2340.631: [GC [PSYoungGen: 1315652K->1010K(1261120K)] 1560219K->245777K(1948096K), 0.0091750 secs] [Times: user=0.02 sys=0.00, real=0.01 secs] 
2014-07-08T07:24:58.023+0000: 2343.114: [GC [PSYoungGen: 1261106K->512K(1208320K)] 1505873K->245527K(1895296K), 0.0121070 secs] [Times: user=0.03 sys=0.01, real=0.02 secs] 
2014-07-08T07:25:00.346+0000: 2345.437: [GC [PSYoungGen: 1208320K->932K(1159040K)] 1453335K->246123K(1846016K), 0.0255300 secs] [Times: user=0.10 sys=0.00, real=0.02 secs] 
2014-07-08T07:25:02.638+0000: 2347.728: [GC [PSYoungGen: 1159012K->530K(1111296K)] 1404203K->245849K(1798272K), 0.0046960 secs] [Times: user=0.02 sys=0.00, real=0.00 secs] 
2014-07-08T07:25:04.837+0000: 2349.927: [GC [PSYoungGen: 1111190K->544K(1066240K)] 1356510K->246087K(1753216K), 0.0297960 secs] [Times: user=0.10 sys=0.00, real=0.03 secs] 
2014-07-08T07:25:07.054+0000: 2352.145: [GC [PSYoungGen: 1066208K->658K(1023488K)] 1311751K->246417K(1710464K), 0.0114410 secs] [Times: user=0.05 sys=0.00, real=0.01 secs] 
2014-07-08T07:25:09.114+0000: 2354.204: [GC [PSYoungGen: 1023442K->434K(982400K)] 1269201K->246353K(1669376K), 0.0055650 secs] [Times: user=0.01 sys=0.00, real=0.01 secs] 
2014-07-08T07:25:11.207+0000: 2356.297: [GC [PSYoungGen: 982386K->576K(943680K)] 1228305K->246631K(1630656K), 0.0228750 secs] [Times: user=0.08 sys=0.00, real=0.02 secs] 
2014-07-08T07:25:13.107+0000: 2358.197: [GC [PSYoungGen: 943680K->448K(906560K)] 1189735K->246695K(1593536K), 0.0281330 secs] [Times: user=0.10 sys=0.00, real=0.03 secs] 
2014-07-08T07:25:15.083+0000: 2360.173: [GC [PSYoungGen: 906560K->594K(871488K)] 1152807K->246993K(1558464K), 0.0075060 secs] [Times: user=0.03 sys=0.00, real=0.01 secs] 
2014-07-08T07:25:16.897+0000: 2361.988: [GC [PSYoungGen: 871442K->320K(837632K)] 1117841K->246951K(1524608K), 0.0060970 secs] [Times: user=0.01 sys=0.00, real=0.00 secs] 
2014-07-08T07:25:18.487+0000: 2363.577: [GC [PSYoungGen: 837601K->868K(806208K)] 1084232K->247643K(1493184K), 0.0070670 secs] [Times: user=0.01 sys=0.00, real=0.00 secs] 
2014-07-08T07:25:20.053+0000: 2365.143: [GC [PSYoungGen: 806180K->416K(775296K)] 1052955K->247263K(1462272K), 0.0089210 secs] [Times: user=0.03 sys=0.00, real=0.01 secs] 
2014-07-08T07:25:21.706+0000: 2366.796: [GC [PSYoungGen: 775264K->480K(746304K)] 1022111K->247431K(1433280K), 0.0082310 secs] [Times: user=0.02 sys=0.00, real=0.01 secs] 
2014-07-08T07:25:23.067+0000: 2368.157: [GC [PSYoungGen: 746272K->448K(718528K)] 993223K->247583K(1405504K), 0.0167540 secs] [Times: user=0.06 sys=0.00, real=0.02 secs] 
2014-07-08T07:25:24.447+0000: 2369.538: [GC [PSYoungGen: 718522K->768K(692480K)] 965657K->248015K(1379456K), 0.0055090 secs] [Times: user=0.02 sys=0.00, real=0.01 secs] 
2014-07-08T07:25:25.840+0000: 2370.931: [GC [PSYoungGen: 692480K->690K(667264K)] 939727K->248089K(1354240K), 0.0170750 secs] [Times: user=0.06 sys=0.00, real=0.01 secs] 
2014-07-08T07:25:27.078+0000: 2372.168: [GC [PSYoungGen: 667250K->256K(642816K)] 914649K->247775K(1329792K), 0.0062030 secs] [Times: user=0.01 sys=0.01, real=0.01 secs] 
2014-07-08T07:25:28.230+0000: 2373.320: [GC [PSYoungGen: 642810K->384K(771456K)] 890329K->247975K(1458432K), 0.0268040 secs] [Times: user=0.11 sys=0.00, real=0.02 secs] 
2014-07-08T07:25:29.914+0000: 2375.004: [GC [PSYoungGen: 771456K->630K(742848K)] 1019047K->248269K(1429824K), 0.0046760 secs] [Times: user=0.01 sys=0.00, real=0.00 secs] 
2014-07-08T07:25:31.438+0000: 2376.529: [GC [PSYoungGen: 742819K->1014K(715712K)] 990458K->248797K(1402688K), 0.0067140 secs] [Times: user=0.01 sys=0.00, real=0.01 secs] 
2014-07-08T07:25:32.804+0000: 2377.894: [GC [PSYoungGen: 715686K->466K(688960K)] 963470K->248401K(1375936K), 0.0156570 secs] [Times: user=0.06 sys=0.00, real=0.01 secs] 
2014-07-08T07:25:34.027+0000: 2379.117: [GC [PSYoungGen: 688914K->384K(826560K)] 936849K->248439K(1513536K), 0.0212310 secs] [Times: user=0.08 sys=0.00, real=0.02 secs] 
2014-07-08T07:25:35.829+0000: 2380.919: [GC [PSYoungGen: 826560K->736K(992192K)] 1074615K->248895K(1679168K), 0.0214850 secs] [Times: user=0.08 sys=0.01, real=0.03 secs] 
2014-07-08T07:25:37.806+0000: 2382.896: [GC [PSYoungGen: 992160K->416K(1190208K)] 1240319K->248775K(1877184K), 0.0249310 secs] [Times: user=0.10 sys=0.00, real=0.03 secs] 
2014-07-08T07:25:40.136+0000: 2385.226: [GC [PSYoungGen: 1190156K->548K(1428288K)] 1438515K->249043K(2115264K), 0.0193180 secs] [Times: user=0.07 sys=0.01, real=0.02 secs] 
2014-07-08T07:25:42.991+0000: 2388.081: [GC [PSYoungGen: 1428260K->562K(1367872K)] 1676755K->249169K(2054848K), 0.0212970 secs] [Times: user=0.07 sys=0.00, real=0.02 secs] 
2014-07-08T07:25:45.798+0000: 2390.888: [GC [PSYoungGen: 1367858K->900K(1310784K)] 1616465K->249779K(1997760K), 0.0137580 secs] [Times: user=0.03 sys=0.00, real=0.02 secs] 
2014-07-08T07:25:48.211+0000: 2393.301: [GC [PSYoungGen: 1310654K->552K(1255680K)] 1559533K->249711K(1942656K), 0.0265190 secs] [Times: user=0.10 sys=0.00, real=0.03 secs] 
2014-07-08T07:25:50.913+0000: 2396.003: [GC [PSYoungGen: 1255656K->1060K(1204160K)] 1504815K->250331K(1891136K), 0.0215980 secs] [Times: user=0.07 sys=0.00, real=0.02 secs] 
2014-07-08T07:25:53.147+0000: 2398.237: [GC [PSYoungGen: 1204132K->544K(1154112K)] 1453403K->250023K(1841088K), 0.0194690 secs] [Times: user=0.07 sys=0.01, real=0.02 secs] 
2014-07-08T07:25:55.723+0000: 2400.814: [GC [PSYoungGen: 1154080K->996K(1107456K)] 1403559K->250651K(1794432K), 0.0263410 secs] [Times: user=0.09 sys=0.00, real=0.02 secs] 
2014-07-08T07:25:57.840+0000: 2402.930: [GC [PSYoungGen: 1107428K->882K(1062464K)] 1357083K->250929K(1749440K), 0.0189850 secs] [Times: user=0.05 sys=0.00, real=0.02 secs] 
2014-07-08T07:25:59.776+0000: 2404.866: [GC [PSYoungGen: 1062373K->448K(1019328K)] 1312420K->250655K(1706304K), 0.0098300 secs] [Times: user=0.02 sys=0.00, real=0.01 secs] 
2014-07-08T07:26:01.826+0000: 2406.917: [GC [PSYoungGen: 1019328K->576K(978816K)] 1269535K->250903K(1665792K), 0.0241040 secs] [Times: user=0.09 sys=0.00, real=0.02 secs] 
2014-07-08T07:26:03.701+0000: 2408.791: [GC [PSYoungGen: 978816K->1046K(1174976K)] 1229143K->251597K(1861952K), 0.0257420 secs] [Times: user=0.09 sys=0.01, real=0.03 secs] 
2014-07-08T07:26:06.016+0000: 2411.107: [GC [PSYoungGen: 1174934K->690K(1409408K)] 1425485K->251401K(2096384K), 0.0316080 secs] [Times: user=0.12 sys=0.00, real=0.03 secs] 
2014-07-08T07:26:08.742+0000: 2413.832: [GC [PSYoungGen: 1409365K->672K(1507008K)] 1660076K->251599K(2193984K), 0.0229560 secs] [Times: user=0.08 sys=0.00, real=0.02 secs] 
2014-07-08T07:26:11.908+0000: 2416.999: [GC [PSYoungGen: 1506272K->804K(1442176K)] 1757199K->251875K(2129152K), 0.0097100 secs] [Times: user=0.03 sys=0.00, real=0.01 secs] 
2014-07-08T07:26:14.786+0000: 2419.877: [GC [PSYoungGen: 1442148K->512K(1380736K)] 1693219K->251839K(2067712K), 0.0049450 secs] [Times: user=0.02 sys=0.00, real=0.00 secs] 
2014-07-08T07:26:17.565+0000: 2422.655: [GC [PSYoungGen: 1380736K->832K(1322944K)] 1632063K->252423K(2009920K), 0.0070210 secs] [Times: user=0.02 sys=0.01, real=0.01 secs] 
2014-07-08T07:26:20.091+0000: 2425.181: [GC [PSYoungGen: 1322944K->448K(1267264K)] 1574535K->252239K(1954240K), 0.0051460 secs] [Times: user=0.02 sys=0.00, real=0.00 secs] 
2014-07-08T07:26:22.745+0000: 2427.835: [GC [PSYoungGen: 1267264K->736K(1214976K)] 1519055K->252663K(1901952K), 0.0258570 secs] [Times: user=0.09 sys=0.00, real=0.03 secs] 
2014-07-08T07:26:24.975+0000: 2430.065: [GC [PSYoungGen: 1214944K->512K(1164672K)] 1466871K->252695K(1851648K), 0.0214720 secs] [Times: user=0.08 sys=0.00, real=0.02 secs] 
2014-07-08T07:26:27.300+0000: 2432.391: [GC [PSYoungGen: 1164672K->736K(1117312K)] 1416855K->253119K(1804288K), 0.0193320 secs] [Times: user=0.07 sys=0.00, real=0.02 secs] 
2014-07-08T07:26:29.723+0000: 2434.813: [GC [PSYoungGen: 1117280K->804K(1072064K)] 1369663K->253371K(1759040K), 0.0085450 secs] [Times: user=0.02 sys=0.00, real=0.01 secs] 
2014-07-08T07:26:31.940+0000: 2437.030: [GC [PSYoungGen: 1072036K->480K(1028608K)] 1324603K->253215K(1715584K), 0.0241230 secs] [Times: user=0.10 sys=0.00, real=0.02 secs] 
2014-07-08T07:26:33.892+0000: 2438.983: [GC [PSYoungGen: 1028576K->448K(987456K)] 1281311K->253399K(1674432K), 0.0141360 secs] [Times: user=0.05 sys=0.01, real=0.01 secs] 
2014-07-08T07:26:35.920+0000: 2441.011: [GC [PSYoungGen: 987456K->854K(948800K)] 1240407K->253997K(1635776K), 0.0233540 secs] [Times: user=0.08 sys=0.00, real=0.02 secs] 
2014-07-08T07:26:37.798+0000: 2442.888: [GC [PSYoungGen: 948758K->658K(911360K)] 1201901K->254017K(1598336K), 0.0071360 secs] [Times: user=0.01 sys=0.00, real=0.01 secs] 
2014-07-08T07:26:39.390+0000: 2444.480: [GC [PSYoungGen: 911314K->722K(875968K)] 1164673K->254225K(1562944K), 0.0246040 secs] [Times: user=0.08 sys=0.00, real=0.02 secs] 
2014-07-08T07:26:41.395+0000: 2446.486: [GC [PSYoungGen: 875922K->1024K(842432K)] 1129425K->254599K(1529408K), 0.0102360 secs] [Times: user=0.03 sys=0.00, real=0.01 secs] 
2014-07-08T07:26:42.998+0000: 2448.088: [GC [PSYoungGen: 842432K->480K(809728K)] 1096007K->254271K(1496704K), 0.0053270 secs] [Times: user=0.02 sys=0.00, real=0.01 secs] 
2014-07-08T07:26:44.715+0000: 2449.805: [GC [PSYoungGen: 809696K->1152K(779712K)] 1063487K->255079K(1466688K), 0.0103750 secs] [Times: user=0.03 sys=0.01, real=0.01 secs] 
2014-07-08T07:26:46.267+0000: 2451.358: [GC [PSYoungGen: 779712K->448K(749824K)] 1033639K->254567K(1436800K), 0.0089600 secs] [Times: user=0.03 sys=0.00, real=0.01 secs] 
2014-07-08T07:26:47.785+0000: 2452.875: [GC [PSYoungGen: 749824K->402K(721984K)] 1003943K->254665K(1408960K), 0.0147510 secs] [Times: user=0.05 sys=0.00, real=0.01 secs] 
2014-07-08T07:26:49.078+0000: 2454.169: [GC [PSYoungGen: 721938K->434K(866304K)] 976201K->254801K(1553280K), 0.0243930 secs] [Times: user=0.09 sys=0.00, real=0.03 secs] 
2014-07-08T07:26:50.974+0000: 2456.065: [GC [PSYoungGen: 866290K->562K(833088K)] 1120657K->254985K(1520064K), 0.0111800 secs] [Times: user=0.03 sys=0.00, real=0.01 secs] 
2014-07-08T07:26:52.562+0000: 2457.652: [GC [PSYoungGen: 833073K->690K(999744K)] 1087496K->255281K(1686720K), 0.0272900 secs] [Times: user=0.10 sys=0.00, real=0.03 secs] 
2014-07-08T07:26:54.346+0000: 2459.436: [GC [PSYoungGen: 999730K->882K(960256K)] 1254321K->255601K(1647232K), 0.0072410 secs] [Times: user=0.02 sys=0.00, real=0.01 secs] 
2014-07-08T07:26:56.342+0000: 2461.433: [GC [PSYoungGen: 960242K->886K(922496K)] 1214961K->255757K(1609472K), 0.0192490 secs] [Times: user=0.07 sys=0.00, real=0.01 secs] 
2014-07-08T07:26:58.112+0000: 2463.202: [GC [PSYoungGen: 922486K->420K(886080K)] 1177357K->255475K(1573056K), 0.0185860 secs] [Times: user=0.07 sys=0.00, real=0.02 secs] 
2014-07-08T07:26:59.940+0000: 2465.030: [GC [PSYoungGen: 886051K->658K(852096K)] 1141106K->255817K(1539072K), 0.0148670 secs] [Times: user=0.05 sys=0.00, real=0.02 secs] 
2014-07-08T07:27:01.693+0000: 2466.783: [GC [PSYoungGen: 852050K->594K(1022336K)] 1107209K->255881K(1709312K), 0.0222080 secs] [Times: user=0.08 sys=0.00, real=0.03 secs] 
2014-07-08T07:27:03.647+0000: 2468.737: [GC [PSYoungGen: 1022290K->1028K(982016K)] 1277577K->256483K(1668992K), 0.0078700 secs] [Times: user=0.02 sys=0.01, real=0.01 secs] 
2014-07-08T07:27:05.610+0000: 2470.700: [GC [PSYoungGen: 981956K->740K(942912K)] 1237411K->256355K(1629888K), 0.0104010 secs] [Times: user=0.03 sys=0.00, real=0.01 secs] 
2014-07-08T07:27:07.428+0000: 2472.518: [GC [PSYoungGen: 942878K->754K(905984K)] 1198493K->256619K(1592960K), 0.0174690 secs] [Times: user=0.06 sys=0.00, real=0.02 secs] 
2014-07-08T07:27:09.176+0000: 2474.267: [GC [PSYoungGen: 905970K->512K(870528K)] 1161835K->256563K(1557504K), 0.0186660 secs] [Times: user=0.07 sys=0.00, real=0.02 secs] 
2014-07-08T07:27:11.126+0000: 2476.217: [GC [PSYoungGen: 870528K->1224K(1045312K)] 1126579K->257363K(1732288K), 0.0369140 secs] [Times: user=0.14 sys=0.00, real=0.03 secs] 
2014-07-08T07:27:13.184+0000: 2478.274: [GC [PSYoungGen: 1045256K->512K(1253376K)] 1301395K->256835K(1940352K), 0.0304080 secs] [Times: user=0.12 sys=0.00, real=0.03 secs] 
2014-07-08T07:27:15.755+0000: 2480.846: [GC [PSYoungGen: 1253376K->644K(1504192K)] 1509699K->257151K(2191168K), 0.0140200 secs] [Times: user=0.05 sys=0.00, real=0.01 secs] 
2014-07-08T07:27:18.747+0000: 2483.837: [GC [PSYoungGen: 1504132K->832K(1440192K)] 1760639K->257587K(2127168K), 0.0245750 secs] [Times: user=0.08 sys=0.00, real=0.02 secs] 
2014-07-08T07:27:21.567+0000: 2486.657: [GC [PSYoungGen: 1440192K->818K(1379200K)] 1696947K->257725K(2066176K), 0.0057000 secs] [Times: user=0.01 sys=0.00, real=0.00 secs] 
2014-07-08T07:27:24.142+0000: 2489.232: [GC [PSYoungGen: 1379186K->626K(1320960K)] 1636093K->257733K(2007936K), 0.0089840 secs] [Times: user=0.04 sys=0.00, real=0.01 secs] 
2014-07-08T07:27:26.896+0000: 2491.986: [GC [PSYoungGen: 1320946K->626K(1265728K)] 1578053K->257941K(1952704K), 0.0160520 secs] [Times: user=0.05 sys=0.00, real=0.02 secs] 
2014-07-08T07:27:29.263+0000: 2494.353: [GC [PSYoungGen: 1265714K->370K(1212928K)] 1523029K->257933K(1899904K), 0.0067250 secs] [Times: user=0.01 sys=0.00, real=0.01 secs] 
2014-07-08T07:27:31.804+0000: 2496.894: [GC [PSYoungGen: 1212914K->608K(1163200K)] 1470477K->258291K(1850176K), 0.0146140 secs] [Times: user=0.05 sys=0.01, real=0.02 secs] 
2014-07-08T07:27:33.890+0000: 2498.980: [GC [PSYoungGen: 1163168K->566K(1115584K)] 1420851K->258473K(1802560K), 0.0098370 secs] [Times: user=0.03 sys=0.01, real=0.01 secs] 
2014-07-08T07:27:36.097+0000: 2501.187: [GC [PSYoungGen: 1115574K->416K(1070208K)] 1373481K->258491K(1757184K), 0.0080110 secs] [Times: user=0.02 sys=0.00, real=0.01 secs] 
2014-07-08T07:27:38.156+0000: 2503.246: [GC [PSYoungGen: 1070176K->598K(1027328K)] 1328251K->258881K(1714304K), 0.0138290 secs] [Times: user=0.04 sys=0.00, real=0.02 secs] 
2014-07-08T07:27:40.307+0000: 2505.397: [GC [PSYoungGen: 1027286K->594K(986304K)] 1285569K->259005K(1673280K), 0.0056470 secs] [Times: user=0.01 sys=0.00, real=0.01 secs] 
2014-07-08T07:27:42.243+0000: 2507.333: [GC [PSYoungGen: 986222K->612K(947264K)] 1244633K->259175K(1634240K), 0.0060330 secs] [Times: user=0.01 sys=0.00, real=0.01 secs] 
2014-07-08T07:27:44.066+0000: 2509.157: [GC [PSYoungGen: 947236K->480K(909952K)] 1205799K->259211K(1596928K), 0.0099970 secs] [Times: user=0.03 sys=0.00, real=0.01 secs] 
2014-07-08T07:27:45.952+0000: 2511.042: [GC [PSYoungGen: 909920K->562K(874624K)] 1168651K->259493K(1561600K), 0.0251360 secs] [Times: user=0.09 sys=0.00, real=0.02 secs] 
2014-07-08T07:27:47.813+0000: 2512.903: [GC [PSYoungGen: 874610K->512K(1049408K)] 1133541K->259635K(1736384K), 0.0411440 secs] [Times: user=0.14 sys=0.00, real=0.04 secs] 
2014-07-08T07:27:49.922+0000: 2515.013: [GC [PSYoungGen: 1049408K->886K(1259584K)] 1308531K->260161K(1946560K), 0.0227810 secs] [Times: user=0.08 sys=0.00, real=0.02 secs] 
2014-07-08T07:27:52.296+0000: 2517.386: [GC [PSYoungGen: 1259573K->562K(1207040K)] 1518848K->259981K(1894016K), 0.0065470 secs] [Times: user=0.02 sys=0.00, real=0.01 secs] 
2014-07-08T07:27:54.743+0000: 2519.833: [GC [PSYoungGen: 1207026K->996K(1157824K)] 1466445K->260615K(1844800K), 0.0101600 secs] [Times: user=0.03 sys=0.00, real=0.01 secs] 
2014-07-08T07:27:57.033+0000: 2522.123: [GC [PSYoungGen: 1157796K->498K(1110016K)] 1417415K->260461K(1796992K), 0.0160150 secs] [Times: user=0.06 sys=0.00, real=0.01 secs] 
2014-07-08T07:27:59.227+0000: 2524.318: [GC [PSYoungGen: 1110002K->512K(1065024K)] 1369965K->260643K(1752000K), 0.0062660 secs] [Times: user=0.01 sys=0.00, real=0.01 secs] 
2014-07-08T07:28:01.160+0000: 2526.250: [GC [PSYoungGen: 1065024K->562K(1022272K)] 1325155K->260821K(1709248K), 0.0076780 secs] [Times: user=0.02 sys=0.00, real=0.01 secs] 
2014-07-08T07:28:03.195+0000: 2528.285: [GC [PSYoungGen: 1022172K->790K(981760K)] 1282431K->261185K(1668736K), 0.0091300 secs] [Times: user=0.02 sys=0.00, real=0.01 secs] 
2014-07-08T07:28:05.275+0000: 2530.366: [GC [PSYoungGen: 981718K->740K(942912K)] 1242113K->261311K(1629888K), 0.0307400 secs] [Times: user=0.12 sys=0.00, real=0.03 secs] 
2014-07-08T07:28:07.262+0000: 2532.353: [GC [PSYoungGen: 942884K->530K(905792K)] 1203455K->261317K(1592768K), 0.0056990 secs] [Times: user=0.02 sys=0.00, real=0.01 secs] 
2014-07-08T07:28:09.288+0000: 2534.378: [GC [PSYoungGen: 905746K->640K(870656K)] 1166533K->261611K(1557632K), 0.0308770 secs] [Times: user=0.11 sys=0.00, real=0.03 secs] 
2014-07-08T07:28:11.002+0000: 2536.092: [GC [PSYoungGen: 870656K->480K(836992K)] 1131627K->261611K(1523968K), 0.0048990 secs] [Times: user=0.02 sys=0.00, real=0.01 secs] 
2014-07-08T07:28:12.704+0000: 2537.795: [GC [PSYoungGen: 836931K->996K(805568K)] 1098062K->262311K(1492544K), 0.0122300 secs] [Times: user=0.04 sys=0.00, real=0.01 secs] 
2014-07-08T07:28:14.241+0000: 2539.331: [GC [PSYoungGen: 805540K->576K(774656K)] 1066855K->262067K(1461632K), 0.0080780 secs] [Times: user=0.02 sys=0.00, real=0.01 secs] 
2014-07-08T07:28:15.806+0000: 2540.896: [GC [PSYoungGen: 774656K->416K(745536K)] 1036147K->262075K(1432512K), 0.0236190 secs] [Times: user=0.09 sys=0.00, real=0.02 secs] 
2014-07-08T07:28:17.296+0000: 2542.386: [GC [PSYoungGen: 745466K->580K(718080K)] 1007125K->262383K(1405056K), 0.0129250 secs] [Times: user=0.04 sys=0.00, real=0.01 secs] 
2014-07-08T07:28:18.835+0000: 2543.925: [GC [PSYoungGen: 718019K->498K(861440K)] 979822K->262413K(1548416K), 0.0299330 secs] [Times: user=0.11 sys=0.01, real=0.03 secs] 
2014-07-08T07:28:20.431+0000: 2545.521: [GC [PSYoungGen: 861426K->800K(1033984K)] 1123341K->262835K(1720960K), 0.0183450 secs] [Times: user=0.06 sys=0.00, real=0.02 secs] 
2014-07-08T07:28:22.450+0000: 2547.541: [GC [PSYoungGen: 1033933K->1000K(992832K)] 1295968K->263139K(1679808K), 0.0073550 secs] [Times: user=0.02 sys=0.00, real=0.01 secs] 
2014-07-08T07:28:24.417+0000: 2549.508: [GC [PSYoungGen: 992778K->1014K(953472K)] 1254917K->263337K(1640448K), 0.0074700 secs] [Times: user=0.02 sys=0.00, real=0.00 secs] 
2014-07-08T07:28:26.306+0000: 2551.396: [GC [PSYoungGen: 953462K->448K(915456K)] 1215785K->263003K(1602432K), 0.0169310 secs] [Times: user=0.06 sys=0.00, real=0.01 secs] 
2014-07-08T07:28:28.182+0000: 2553.273: [GC [PSYoungGen: 915456K->626K(880000K)] 1178011K->263381K(1566976K), 0.0260160 secs] [Times: user=0.10 sys=0.00, real=0.03 secs] 
2014-07-08T07:28:29.963+0000: 2555.053: [GC [PSYoungGen: 879986K->370K(845760K)] 1142741K->263277K(1532736K), 0.0058490 secs] [Times: user=0.01 sys=0.01, real=0.01 secs] 
2014-07-08T07:28:31.532+0000: 2556.622: [GC [PSYoungGen: 845741K->1014K(814016K)] 1108649K->264041K(1500992K), 0.0163060 secs] [Times: user=0.05 sys=0.00, real=0.02 secs] 
2014-07-08T07:28:33.234+0000: 2558.325: [GC [PSYoungGen: 814006K->690K(976320K)] 1077033K->263861K(1663296K), 0.0393340 secs] [Times: user=0.14 sys=0.00, real=0.04 secs] 
2014-07-08T07:28:35.140+0000: 2560.230: [GC [PSYoungGen: 976306K->562K(1171328K)] 1239477K->263909K(1858304K), 0.0139830 secs] [Times: user=0.05 sys=0.00, real=0.01 secs] 
2014-07-08T07:28:37.701+0000: 2562.792: [GC [PSYoungGen: 1171314K->1092K(1406080K)] 1434661K->264623K(2093056K), 0.0275190 secs] [Times: user=0.10 sys=0.00, real=0.03 secs] 
2014-07-08T07:28:40.518+0000: 2565.608: [GC [PSYoungGen: 1406020K->914K(1346560K)] 1669551K->264653K(2033536K), 0.0071110 secs] [Times: user=0.02 sys=0.00, real=0.01 secs] 
2014-07-08T07:28:43.288+0000: 2568.378: [GC [PSYoungGen: 1346514K->626K(1289792K)] 1610253K->264557K(1976768K), 0.0125010 secs] [Times: user=0.05 sys=0.01, real=0.02 secs] 
2014-07-08T07:28:45.841+0000: 2570.932: [GC [PSYoungGen: 1289775K->658K(1236160K)] 1553706K->264853K(1923136K), 0.0119510 secs] [Times: user=0.04 sys=0.00, real=0.01 secs] 
2014-07-08T07:28:48.448+0000: 2573.538: [GC [PSYoungGen: 1236114K->882K(1185280K)] 1500309K->265309K(1872256K), 0.0088770 secs] [Times: user=0.02 sys=0.00, real=0.01 secs] 
2014-07-08T07:28:50.875+0000: 2575.965: [GC [PSYoungGen: 1185230K->576K(1136384K)] 1449657K->265203K(1823360K), 0.0372500 secs] [Times: user=0.13 sys=0.00, real=0.04 secs] 
2014-07-08T07:28:53.253+0000: 2578.343: [GC [PSYoungGen: 1136384K->928K(1090496K)] 1401011K->265739K(1777472K), 0.0189930 secs] [Times: user=0.07 sys=0.00, real=0.02 secs] 
2014-07-08T07:28:55.375+0000: 2580.466: [GC [PSYoungGen: 1090388K->1078K(1046592K)] 1355199K->266137K(1733568K), 0.0091650 secs] [Times: user=0.02 sys=0.00, real=0.01 secs] 
2014-07-08T07:28:57.841+0000: 2582.931: [GC [PSYoungGen: 1046582K->562K(1004160K)] 1311641K->266453K(1691136K), 0.0259310 secs] [Times: user=0.10 sys=0.00, real=0.03 secs] 
2014-07-08T07:28:59.793+0000: 2584.884: [GC [PSYoungGen: 1004146K->708K(964480K)] 1270037K->266815K(1651456K), 0.0059390 secs] [Times: user=0.01 sys=0.01, real=0.00 secs] 
2014-07-08T07:29:01.637+0000: 2586.727: [GC [PSYoungGen: 964397K->1202K(926912K)] 1230504K->267565K(1613888K), 0.0238000 secs] [Times: user=0.09 sys=0.00, real=0.02 secs] 
2014-07-08T07:29:03.587+0000: 2588.678: [GC [PSYoungGen: 926898K->1220K(1112128K)] 1193261K->267759K(1799104K), 0.0305500 secs] [Times: user=0.11 sys=0.00, real=0.03 secs] 
2014-07-08T07:29:05.976+0000: 2591.066: [GC [PSYoungGen: 1112066K->626K(1066432K)] 1378605K->267781K(1753408K), 0.0064130 secs] [Times: user=0.02 sys=0.00, real=0.01 secs] 
2014-07-08T07:29:08.261+0000: 2593.351: [GC [PSYoungGen: 1066418K->576K(1023488K)] 1333573K->268019K(1710464K), 0.0096180 secs] [Times: user=0.03 sys=0.00, real=0.01 secs] 
2014-07-08T07:29:10.186+0000: 2595.276: [GC [PSYoungGen: 1023488K->416K(982528K)] 1290931K->268107K(1669504K), 0.0258180 secs] [Times: user=0.09 sys=0.00, real=0.02 secs] 
2014-07-08T07:29:12.277+0000: 2597.368: [GC [PSYoungGen: 982496K->800K(944064K)] 1250187K->268603K(1631040K), 0.0085070 secs] [Times: user=0.03 sys=0.00, real=0.01 secs] 
2014-07-08T07:29:14.223+0000: 2599.313: [GC [PSYoungGen: 944032K->644K(906944K)] 1211835K->268655K(1593920K), 0.0262370 secs] [Times: user=0.10 sys=0.00, real=0.03 secs] 
2014-07-08T07:29:16.177+0000: 2601.267: [GC [PSYoungGen: 906884K->480K(871488K)] 1174895K->268691K(1558464K), 0.0058360 secs] [Times: user=0.02 sys=0.00, real=0.00 secs] 
2014-07-08T07:29:17.978+0000: 2603.068: [GC [PSYoungGen: 871456K->1010K(838400K)] 1139667K->269429K(1525376K), 0.0123300 secs] [Times: user=0.03 sys=0.00, real=0.01 secs] 
2014-07-08T07:29:19.542+0000: 2604.632: [GC [PSYoungGen: 838384K->662K(806080K)] 1106804K->269185K(1493056K), 0.0186300 secs] [Times: user=0.07 sys=0.01, real=0.02 secs] 
2014-07-08T07:29:21.113+0000: 2606.203: [GC [PSYoungGen: 806037K->448K(775360K)] 1074560K->269051K(1462336K), 0.0138560 secs] [Times: user=0.06 sys=0.00, real=0.02 secs] 
2014-07-08T07:29:22.635+0000: 2607.725: [GC [PSYoungGen: 775360K->740K(746624K)] 1043963K->269503K(1433600K), 0.0072490 secs] [Times: user=0.02 sys=0.00, real=0.00 secs] 
2014-07-08T07:29:24.026+0000: 2609.117: [GC [PSYoungGen: 746596K->466K(895552K)] 1015359K->269341K(1582528K), 0.0253290 secs] [Times: user=0.07 sys=0.00, real=0.02 secs] 
2014-07-08T07:29:25.868+0000: 2610.958: [GC [PSYoungGen: 895506K->1092K(1075200K)] 1164381K->270127K(1762176K), 0.0259140 secs] [Times: user=0.09 sys=0.01, real=0.02 secs] 
2014-07-08T07:29:28.138+0000: 2613.229: [GC [PSYoungGen: 1075140K->1206K(1032000K)] 1344175K->270569K(1718976K), 0.0073860 secs] [Times: user=0.02 sys=0.00, real=0.01 secs] 
2014-07-08T07:29:30.246+0000: 2615.336: [GC [PSYoungGen: 1031984K->822K(990400K)] 1301348K->270337K(1677376K), 0.0062080 secs] [Times: user=0.01 sys=0.01, real=0.00 secs] 
2014-07-08T07:29:32.235+0000: 2617.325: [GC [PSYoungGen: 990390K->562K(950912K)] 1259905K->270285K(1637888K), 0.0131290 secs] [Times: user=0.05 sys=0.00, real=0.02 secs] 
2014-07-08T07:29:34.180+0000: 2619.270: [GC [PSYoungGen: 950898K->768K(913728K)] 1220621K->270659K(1600704K), 0.0219600 secs] [Times: user=0.08 sys=0.00, real=0.02 secs] 
2014-07-08T07:29:36.160+0000: 2621.250: [GC [PSYoungGen: 913710K->676K(878080K)] 1183601K->270719K(1565056K), 0.0095560 secs] [Times: user=0.03 sys=0.00, real=0.01 secs] 
2014-07-08T07:29:37.993+0000: 2623.084: [GC [PSYoungGen: 878052K->562K(844096K)] 1148095K->270853K(1531072K), 0.0067890 secs] [Times: user=0.01 sys=0.00, real=0.01 secs] 
2014-07-08T07:29:39.721+0000: 2624.811: [GC [PSYoungGen: 844082K->896K(812160K)] 1114373K->271315K(1499136K), 0.0307070 secs] [Times: user=0.11 sys=0.00, real=0.03 secs] 
2014-07-08T07:29:41.253+0000: 2626.344: [GC [PSYoungGen: 812160K->448K(780992K)] 1082579K->270963K(1467968K), 0.0059320 secs] [Times: user=0.01 sys=0.01, real=0.01 secs] 
2014-07-08T07:29:42.849+0000: 2627.940: [GC [PSYoungGen: 780923K->416K(751680K)] 1051439K->271067K(1438656K), 0.0132100 secs] [Times: user=0.04 sys=0.00, real=0.01 secs] 
2014-07-08T07:29:44.322+0000: 2629.412: [GC [PSYoungGen: 751648K->512K(723840K)] 1022299K->271315K(1410816K), 0.0123230 secs] [Times: user=0.04 sys=0.00, real=0.01 secs] 
2014-07-08T07:29:45.928+0000: 2631.018: [GC [PSYoungGen: 723840K->448K(697152K)] 994643K->271403K(1384128K), 0.0038150 secs] [Times: user=0.01 sys=0.00, real=0.01 secs] 
2014-07-08T07:29:47.203+0000: 2632.293: [GC [PSYoungGen: 697152K->448K(671744K)] 968107K->271595K(1358720K), 0.0167850 secs] [Times: user=0.06 sys=0.00, real=0.02 secs] 
2014-07-08T07:29:48.652+0000: 2633.742: [GC [PSYoungGen: 671744K->1110K(648256K)] 942891K->272345K(1335232K), 0.0065370 secs] [Times: user=0.02 sys=0.00, real=0.00 secs] 
2014-07-08T07:29:50.028+0000: 2635.119: [GC [PSYoungGen: 648214K->914K(777536K)] 919449K->272253K(1464512K), 0.0347050 secs] [Times: user=0.13 sys=0.00, real=0.04 secs] 
2014-07-08T07:29:51.452+0000: 2636.543: [GC [PSYoungGen: 777490K->868K(932800K)] 1048829K->272487K(1619776K), 0.0119860 secs] [Times: user=0.04 sys=0.00, real=0.01 secs] 
2014-07-08T07:29:53.233+0000: 2638.324: [GC [PSYoungGen: 932772K->544K(896000K)] 1204391K->272283K(1582976K), 0.0055490 secs] [Times: user=0.01 sys=0.00, real=0.00 secs] 
2014-07-08T07:29:55.246+0000: 2640.337: [GC [PSYoungGen: 895946K->608K(861312K)] 1167685K->272531K(1548288K), 0.0105260 secs] [Times: user=0.04 sys=0.00, real=0.01 secs] 
2014-07-08T07:29:56.941+0000: 2642.031: [GC [PSYoungGen: 861280K->544K(828160K)] 1133203K->272739K(1515136K), 0.0176020 secs] [Times: user=0.06 sys=0.00, real=0.01 secs] 
2014-07-08T07:29:58.654+0000: 2643.744: [GC [PSYoungGen: 828128K->1206K(797248K)] 1100323K->273537K(1484224K), 0.0222700 secs] [Times: user=0.08 sys=0.00, real=0.02 secs] 
2014-07-08T07:30:00.254+0000: 2645.344: [GC [PSYoungGen: 797238K->544K(766592K)] 1069569K->272979K(1453568K), 0.0068820 secs] [Times: user=0.01 sys=0.01, real=0.01 secs] 
2014-07-08T07:30:01.862+0000: 2646.952: [GC [PSYoungGen: 766556K->840K(920128K)] 1038991K->273395K(1607104K), 0.0295080 secs] [Times: user=0.11 sys=0.00, real=0.03 secs] 
2014-07-08T07:30:03.729+0000: 2648.819: [GC [PSYoungGen: 920071K->1384K(1104512K)] 1192627K->274083K(1791488K), 0.0305300 secs] [Times: user=0.11 sys=0.00, real=0.03 secs] 
2014-07-08T07:30:06.077+0000: 2651.167: [GC [PSYoungGen: 1104488K->512K(1058944K)] 1377187K->273387K(1745920K), 0.0049860 secs] [Times: user=0.02 sys=0.00, real=0.01 secs] 
2014-07-08T07:30:08.101+0000: 2653.191: [GC [PSYoungGen: 1058944K->352K(1016320K)] 1331819K->273475K(1703296K), 0.0178250 secs] [Times: user=0.06 sys=0.00, real=0.02 secs] 
2014-07-08T07:30:10.207+0000: 2655.298: [GC [PSYoungGen: 1016288K->434K(975872K)] 1289411K->273669K(1662848K), 0.0157970 secs] [Times: user=0.06 sys=0.00, real=0.02 secs] 
2014-07-08T07:30:12.171+0000: 2657.261: [GC [PSYoungGen: 975858K->480K(937408K)] 1249093K->273843K(1624384K), 0.0179580 secs] [Times: user=0.07 sys=0.00, real=0.02 secs] 
2014-07-08T07:30:14.337+0000: 2659.427: [GC [PSYoungGen: 937376K->932K(901120K)] 1210739K->274479K(1588096K), 0.0051870 secs] [Times: user=0.02 sys=0.00, real=0.00 secs] 
2014-07-08T07:30:16.087+0000: 2661.178: [GC [PSYoungGen: 901092K->416K(865664K)] 1174639K->274211K(1552640K), 0.0090490 secs] [Times: user=0.04 sys=0.00, real=0.01 secs] 
2014-07-08T07:30:17.901+0000: 2662.992: [GC [PSYoungGen: 865632K->754K(832704K)] 1139427K->274693K(1519680K), 0.0049190 secs] [Times: user=0.02 sys=0.00, real=0.01 secs] 
2014-07-08T07:30:19.728+0000: 2664.818: [GC [PSYoungGen: 832690K->996K(801216K)] 1106629K->275047K(1488192K), 0.0115700 secs] [Times: user=0.02 sys=0.01, real=0.01 secs] 
2014-07-08T07:30:21.235+0000: 2666.325: [GC [PSYoungGen: 801118K->612K(960896K)] 1075169K->274791K(1647872K), 0.0374540 secs] [Times: user=0.14 sys=0.00, real=0.03 secs] 
2014-07-08T07:30:23.127+0000: 2668.217: [GC [PSYoungGen: 960843K->530K(1152896K)] 1235022K->274853K(1839872K), 0.0190370 secs] [Times: user=0.07 sys=0.00, real=0.02 secs] 
2014-07-08T07:30:25.732+0000: 2670.823: [GC [PSYoungGen: 1152774K->1138K(1106432K)] 1427098K->275629K(1793408K), 0.0057020 secs] [Times: user=0.02 sys=0.00, real=0.01 secs] 
2014-07-08T07:30:27.879+0000: 2672.969: [GC [PSYoungGen: 1106418K->384K(1060864K)] 1380909K->275171K(1747840K), 0.0110150 secs] [Times: user=0.04 sys=0.00, real=0.01 secs] 
2014-07-08T07:30:30.082+0000: 2675.172: [GC [PSYoungGen: 1060832K->598K(1018496K)] 1335619K->275505K(1705472K), 0.0175760 secs] [Times: user=0.07 sys=0.00, real=0.02 secs] 
2014-07-08T07:30:32.032+0000: 2677.123: [GC [PSYoungGen: 1018454K->466K(977792K)] 1293361K->275501K(1664768K), 0.0097350 secs] [Times: user=0.01 sys=0.00, real=0.01 secs] 
2014-07-08T07:30:34.160+0000: 2679.251: [GC [PSYoungGen: 977746K->1110K(939776K)] 1252781K->276305K(1626752K), 0.0070020 secs] [Times: user=0.02 sys=0.01, real=0.01 secs] 
2014-07-08T07:30:36.015+0000: 2681.106: [GC [PSYoungGen: 939734K->512K(902336K)] 1214929K->275939K(1589312K), 0.0053830 secs] [Times: user=0.02 sys=0.01, real=0.01 secs] 
2014-07-08T07:30:37.872+0000: 2682.962: [GC [PSYoungGen: 902336K->786K(867648K)] 1177763K->276397K(1554624K), 0.0120980 secs] [Times: user=0.03 sys=0.01, real=0.01 secs] 
2014-07-08T07:30:39.793+0000: 2684.883: [GC [PSYoungGen: 867602K->416K(833920K)] 1143213K->276147K(1520896K), 0.0121750 secs] [Times: user=0.04 sys=0.00, real=0.01 secs] 
2014-07-08T07:30:41.298+0000: 2686.389: [GC [PSYoungGen: 833888K->708K(802432K)] 1109619K->276607K(1489408K), 0.0147450 secs] [Times: user=0.04 sys=0.00, real=0.01 secs] 
2014-07-08T07:30:42.889+0000: 2687.979: [GC [PSYoungGen: 802372K->608K(772032K)] 1078271K->276643K(1459008K), 0.0261220 secs] [Times: user=0.09 sys=0.00, real=0.02 secs] 
2014-07-08T07:30:44.468+0000: 2689.558: [GC [PSYoungGen: 771922K->722K(743296K)] 1047958K->276893K(1430272K), 0.0052970 secs] [Times: user=0.02 sys=0.00, real=0.00 secs] 
2014-07-08T07:30:45.945+0000: 2691.036: [GC [PSYoungGen: 743250K->512K(891584K)] 1019421K->276875K(1578560K), 0.0279350 secs] [Times: user=0.11 sys=0.00, real=0.03 secs] 
2014-07-08T07:30:47.656+0000: 2692.747: [GC [PSYoungGen: 891576K->708K(1070080K)] 1167939K->277223K(1757056K), 0.0267750 secs] [Times: user=0.09 sys=0.00, real=0.03 secs] 
2014-07-08T07:30:49.881+0000: 2694.972: [GC [PSYoungGen: 1070020K->676K(1283904K)] 1346535K->277287K(1970880K), 0.0179520 secs] [Times: user=0.07 sys=0.00, real=0.02 secs] 
2014-07-08T07:30:52.217+0000: 2697.308: [GC [PSYoungGen: 1283850K->772K(1230656K)] 1560461K->277543K(1917632K), 0.0174080 secs] [Times: user=0.06 sys=0.00, real=0.02 secs] 
2014-07-08T07:30:54.894+0000: 2699.984: [GC [PSYoungGen: 1230596K->736K(1179776K)] 1507367K->277691K(1866752K), 0.0055260 secs] [Times: user=0.01 sys=0.00, real=0.01 secs] 
2014-07-08T07:30:57.112+0000: 2702.202: [GC [PSYoungGen: 1179744K->480K(1131200K)] 1456699K->277731K(1818176K), 0.0267800 secs] [Times: user=0.08 sys=0.00, real=0.02 secs] 
2014-07-08T07:30:59.498+0000: 2704.589: [GC [PSYoungGen: 1131168K->1088K(1085760K)] 1408419K->278483K(1772736K), 0.0058240 secs] [Times: user=0.03 sys=0.00, real=0.01 secs] 
2014-07-08T07:31:01.599+0000: 2706.690: [GC [PSYoungGen: 1085689K->640K(1041536K)] 1363085K->278275K(1728512K), 0.0085930 secs] [Times: user=0.02 sys=0.00, real=0.01 secs] 
2014-07-08T07:31:03.608+0000: 2708.699: [GC [PSYoungGen: 1041536K->928K(1000192K)] 1319171K->278747K(1687168K), 0.0141150 secs] [Times: user=0.04 sys=0.00, real=0.02 secs] 
2014-07-08T07:31:05.748+0000: 2710.839: [GC [PSYoungGen: 1000160K->804K(960384K)] 1277979K->278807K(1647360K), 0.0078750 secs] [Times: user=0.02 sys=0.00, real=0.01 secs] 
2014-07-08T07:31:07.591+0000: 2712.682: [GC [PSYoungGen: 960356K->914K(922752K)] 1238359K->279157K(1609728K), 0.0083020 secs] [Times: user=0.02 sys=0.00, real=0.00 secs] 
2014-07-08T07:31:09.577+0000: 2714.667: [GC [PSYoungGen: 922706K->818K(886656K)] 1200949K->279533K(1573632K), 0.0092850 secs] [Times: user=0.02 sys=0.00, real=0.01 secs] 
2014-07-08T07:31:11.278+0000: 2716.368: [GC [PSYoungGen: 886642K->544K(852096K)] 1165357K->279379K(1539072K), 0.0365180 secs] [Times: user=0.13 sys=0.00, real=0.04 secs] 
2014-07-08T07:31:13.039+0000: 2718.130: [GC [PSYoungGen: 852064K->836K(819776K)] 1130899K->279895K(1506752K), 0.0050540 secs] [Times: user=0.02 sys=0.00, real=0.01 secs] 
2014-07-08T07:31:14.653+0000: 2719.744: [GC [PSYoungGen: 819694K->1280K(983936K)] 1098753K->280531K(1670912K), 0.0322220 secs] [Times: user=0.12 sys=0.00, real=0.03 secs] 
2014-07-08T07:31:16.671+0000: 2721.762: [GC [PSYoungGen: 983936K->576K(1179776K)] 1263187K->280291K(1866752K), 0.0229330 secs] [Times: user=0.08 sys=0.00, real=0.03 secs] 
2014-07-08T07:31:19.102+0000: 2724.192: [GC [PSYoungGen: 1179776K->928K(1131776K)] 1459491K->280811K(1818752K), 0.0064880 secs] [Times: user=0.01 sys=0.01, real=0.01 secs] 
2014-07-08T07:31:21.238+0000: 2726.329: [GC [PSYoungGen: 1131744K->544K(1085376K)] 1411627K->280675K(1772352K), 0.0281040 secs] [Times: user=0.11 sys=0.00, real=0.03 secs] 
2014-07-08T07:31:23.365+0000: 2728.455: [GC [PSYoungGen: 1085344K->448K(1302208K)] 1365475K->280715K(1989184K), 0.0263560 secs] [Times: user=0.10 sys=0.00, real=0.02 secs] 
2014-07-08T07:31:26.108+0000: 2731.198: [GC [PSYoungGen: 1302150K->512K(1248000K)] 1582417K->280987K(1934976K), 0.0102890 secs] [Times: user=0.03 sys=0.00, real=0.01 secs] 
2014-07-08T07:31:28.500+0000: 2733.590: [GC [PSYoungGen: 1248000K->512K(1196352K)] 1528475K->281227K(1883328K), 0.0079940 secs] [Times: user=0.01 sys=0.00, real=0.01 secs] 
2014-07-08T07:31:30.978+0000: 2736.069: [GC [PSYoungGen: 1196269K->562K(1147264K)] 1476984K->281381K(1834240K), 0.0071960 secs] [Times: user=0.02 sys=0.00, real=0.01 secs] 
2014-07-08T07:31:33.159+0000: 2738.250: [GC [PSYoungGen: 1147250K->434K(1100352K)] 1428069K->281405K(1787328K), 0.0051190 secs] [Times: user=0.02 sys=0.00, real=0.01 secs] 
2014-07-08T07:31:35.584+0000: 2740.675: [GC [PSYoungGen: 1100338K->658K(1056064K)] 1381309K->281765K(1743040K), 0.0266340 secs] [Times: user=0.10 sys=0.00, real=0.03 secs] 
2014-07-08T07:31:37.562+0000: 2742.652: [GC [PSYoungGen: 1055927K->680K(1013696K)] 1337034K->282019K(1700672K), 0.0203200 secs] [Times: user=0.07 sys=0.01, real=0.02 secs] 
2014-07-08T07:31:39.654+0000: 2744.745: [GC [PSYoungGen: 1013645K->672K(973376K)] 1294984K->282115K(1660352K), 0.0059790 secs] [Times: user=0.01 sys=0.00, real=0.01 secs] 
2014-07-08T07:31:41.499+0000: 2746.590: [GC [PSYoungGen: 973344K->690K(934976K)] 1254787K->282237K(1621952K), 0.0085120 secs] [Times: user=0.02 sys=0.00, real=0.01 secs] 
2014-07-08T07:31:43.253+0000: 2748.344: [GC [PSYoungGen: 934962K->352K(898048K)] 1216509K->282051K(1585024K), 0.0328710 secs] [Times: user=0.12 sys=0.00, real=0.04 secs] 
2014-07-08T07:31:45.138+0000: 2750.228: [GC [PSYoungGen: 897916K->1202K(1078464K)] 1179616K->283053K(1765440K), 0.0259970 secs] [Times: user=0.09 sys=0.01, real=0.02 secs] 
2014-07-08T07:31:47.191+0000: 2752.281: [GC [PSYoungGen: 1078450K->352K(1034176K)] 1360301K->282371K(1721152K), 0.0182160 secs] [Times: user=0.07 sys=0.00, real=0.02 secs] 
2014-07-08T07:31:49.285+0000: 2754.376: [GC [PSYoungGen: 1034144K->594K(993088K)] 1316163K->282773K(1680064K), 0.0070900 secs] [Times: user=0.02 sys=0.00, real=0.01 secs] 
2014-07-08T07:31:51.270+0000: 2756.360: [GC [PSYoungGen: 993042K->928K(954048K)] 1275221K->283211K(1641024K), 0.0167000 secs] [Times: user=0.05 sys=0.01, real=0.01 secs] 
2014-07-08T07:31:53.130+0000: 2758.221: [GC [PSYoungGen: 953925K->484K(916096K)] 1236208K->282943K(1603072K), 0.0133750 secs] [Times: user=0.06 sys=0.00, real=0.01 secs] 
2014-07-08T07:31:55.065+0000: 2760.155: [GC [PSYoungGen: 915995K->552K(880448K)] 1198454K->283131K(1567424K), 0.0108430 secs] [Times: user=0.04 sys=0.00, real=0.01 secs] 
2014-07-08T07:31:56.852+0000: 2761.943: [GC [PSYoungGen: 880424K->416K(1056320K)] 1163003K->283155K(1743296K), 0.0382880 secs] [Times: user=0.14 sys=0.00, real=0.04 secs] 
2014-07-08T07:31:58.875+0000: 2763.965: [GC [PSYoungGen: 1056288K->420K(1267520K)] 1339027K->283311K(1954496K), 0.0176940 secs] [Times: user=0.06 sys=0.00, real=0.02 secs] 
2014-07-08T07:32:01.328+0000: 2766.418: [GC [PSYoungGen: 1267490K->448K(1520960K)] 1550381K->283419K(2207936K), 0.0252560 secs] [Times: user=0.10 sys=0.00, real=0.03 secs] 
2014-07-08T07:32:04.260+0000: 2769.350: [GC [PSYoungGen: 1520960K->352K(1455936K)] 1803931K->283491K(2142912K), 0.0248340 secs] [Times: user=0.09 sys=0.00, real=0.02 secs] 
2014-07-08T07:32:07.372+0000: 2772.462: [GC [PSYoungGen: 1455904K->512K(1394240K)] 1739043K->283851K(2081216K), 0.0054620 secs] [Times: user=0.01 sys=0.00, real=0.00 secs] 
2014-07-08T07:32:10.181+0000: 2775.271: [GC [PSYoungGen: 1394240K->416K(1335424K)] 1677579K->284027K(2022400K), 0.0160520 secs] [Times: user=0.05 sys=0.00, real=0.01 secs] 
2014-07-08T07:32:12.883+0000: 2777.973: [GC [PSYoungGen: 1335381K->786K(1279872K)] 1618992K->284557K(1966848K), 0.0068620 secs] [Times: user=0.02 sys=0.00, real=0.01 secs] 
2014-07-08T07:32:15.367+0000: 2780.457: [GC [PSYoungGen: 1279826K->416K(1226304K)] 1563597K->284411K(1913280K), 0.0053750 secs] [Times: user=0.02 sys=0.00, real=0.01 secs] 
2014-07-08T07:32:17.800+0000: 2782.890: [GC [PSYoungGen: 1226272K->384K(1175616K)] 1510267K->284563K(1862592K), 0.0181700 secs] [Times: user=0.07 sys=0.00, real=0.02 secs] 
2014-07-08T07:32:20.079+0000: 2785.170: [GC [PSYoungGen: 1175616K->320K(1127360K)] 1459795K->284659K(1814336K), 0.0477190 secs] [Times: user=0.16 sys=0.00, real=0.05 secs] 
2014-07-08T07:32:22.269+0000: 2787.359: [GC [PSYoungGen: 1127360K->562K(1081792K)] 1411699K->285021K(1768768K), 0.0078550 secs] [Times: user=0.03 sys=0.00, real=0.01 secs] 
2014-07-08T07:32:24.327+0000: 2789.417: [GC [PSYoungGen: 1081778K->498K(1038080K)] 1366237K->285133K(1725056K), 0.0179680 secs] [Times: user=0.07 sys=0.00, real=0.02 secs] 
2014-07-08T07:32:26.532+0000: 2791.622: [GC [PSYoungGen: 1038066K->992K(997056K)] 1322701K->285811K(1684032K), 0.0192840 secs] [Times: user=0.06 sys=0.01, real=0.02 secs] 
2014-07-08T07:32:28.355+0000: 2793.445: [GC [PSYoungGen: 997024K->288K(956800K)] 1281843K->285315K(1643776K), 0.0097730 secs] [Times: user=0.03 sys=0.00, real=0.01 secs] 
2014-07-08T07:32:30.295+0000: 2795.386: [GC [PSYoungGen: 956768K->320K(1148096K)] 1241795K->285459K(1835072K), 0.0461740 secs] [Times: user=0.15 sys=0.00, real=0.04 secs] 
2014-07-08T07:32:32.568+0000: 2797.658: [GC [PSYoungGen: 1148096K->978K(1101952K)] 1433235K->286237K(1788928K), 0.0083880 secs] [Times: user=0.02 sys=0.01, real=0.01 secs] 
2014-07-08T07:32:34.735+0000: 2799.825: [GC [PSYoungGen: 1101906K->1188K(1057600K)] 1387165K->286687K(1744576K), 0.0125020 secs] [Times: user=0.03 sys=0.00, real=0.01 secs] 
2014-07-08T07:32:36.950+0000: 2802.040: [GC [PSYoungGen: 1057572K->256K(1014208K)] 1343071K->286003K(1701184K), 0.0055780 secs] [Times: user=0.02 sys=0.00, real=0.01 secs] 
2014-07-08T07:32:38.905+0000: 2803.995: [GC [PSYoungGen: 1014113K->384K(973952K)] 1299860K->286331K(1660928K), 0.0180620 secs] [Times: user=0.07 sys=0.00, real=0.01 secs] 
2014-07-08T07:32:40.945+0000: 2806.036: [GC [PSYoungGen: 973952K->1344K(936448K)] 1259899K->287403K(1623424K), 0.0086270 secs] [Times: user=0.02 sys=0.00, real=0.00 secs] 
2014-07-08T07:32:42.676+0000: 2807.767: [GC [PSYoungGen: 936448K->772K(899328K)] 1222507K->286991K(1586304K), 0.0284190 secs] [Times: user=0.10 sys=0.00, real=0.02 secs] 
2014-07-08T07:32:44.334+0000: 2809.424: [GC [PSYoungGen: 899266K->438K(864064K)] 1185485K->286777K(1551040K), 0.0114790 secs] [Times: user=0.04 sys=0.01, real=0.02 secs] 
2014-07-08T07:32:46.158+0000: 2811.249: [GC [PSYoungGen: 864054K->626K(831040K)] 1150393K->287109K(1518016K), 0.0202380 secs] [Times: user=0.08 sys=0.00, real=0.02 secs] 
2014-07-08T07:32:47.751+0000: 2812.841: [GC [PSYoungGen: 831026K->672K(799424K)] 1117509K->287355K(1486400K), 0.0160520 secs] [Times: user=0.05 sys=0.01, real=0.02 secs] 
2014-07-08T07:32:49.214+0000: 2814.304: [GC [PSYoungGen: 799392K->224K(768832K)] 1086075K->286963K(1455808K), 0.0088060 secs] [Times: user=0.01 sys=0.00, real=0.01 secs] 
2014-07-08T07:32:50.842+0000: 2815.932: [GC [PSYoungGen: 768800K->434K(740288K)] 1055539K->287221K(1427264K), 0.0060330 secs] [Times: user=0.01 sys=0.00, real=0.01 secs] 
2014-07-08T07:32:52.218+0000: 2817.308: [GC [PSYoungGen: 740274K->288K(712768K)] 1027061K->287219K(1399744K), 0.0048120 secs] [Times: user=0.01 sys=0.00, real=0.00 secs] 
2014-07-08T07:32:53.610+0000: 2818.700: [GC [PSYoungGen: 712736K->544K(686912K)] 999667K->287571K(1373888K), 0.0077020 secs] [Times: user=0.01 sys=0.00, real=0.01 secs] 
2014-07-08T07:32:55.034+0000: 2820.124: [GC [PSYoungGen: 686880K->384K(661824K)] 973907K->287531K(1348800K), 0.0083450 secs] [Times: user=0.03 sys=0.00, real=0.01 secs] 
2014-07-08T07:32:56.323+0000: 2821.413: [GC [PSYoungGen: 661824K->388K(638144K)] 948971K->287663K(1325120K), 0.0129940 secs] [Times: user=0.05 sys=0.00, real=0.01 secs] 
2014-07-08T07:32:57.530+0000: 2822.621: [GC [PSYoungGen: 638084K->640K(765888K)] 925359K->288035K(1452864K), 0.0309920 secs] [Times: user=0.12 sys=0.01, real=0.03 secs] 
2014-07-08T07:32:59.010+0000: 2824.100: [GC [PSYoungGen: 765888K->338K(918720K)] 1053283K->287797K(1605696K), 0.0103790 secs] [Times: user=0.02 sys=0.00, real=0.01 secs] 
2014-07-08T07:33:00.851+0000: 2825.942: [GC [PSYoungGen: 918674K->416K(1102464K)] 1206133K->287955K(1789440K), 0.0285190 secs] [Times: user=0.10 sys=0.00, real=0.03 secs] 
2014-07-08T07:33:03.000+0000: 2828.091: [GC [PSYoungGen: 1102432K->530K(1057984K)] 1389971K->288237K(1744960K), 0.0079380 secs] [Times: user=0.02 sys=0.00, real=0.01 secs] 
2014-07-08T07:33:05.175+0000: 2830.266: [GC [PSYoungGen: 1057938K->448K(1015360K)] 1345645K->288307K(1702336K), 0.0155560 secs] [Times: user=0.06 sys=0.00, real=0.02 secs] 
2014-07-08T07:33:07.251+0000: 2832.341: [GC [PSYoungGen: 1015360K->402K(974912K)] 1303219K->288453K(1661888K), 0.0144480 secs] [Times: user=0.06 sys=0.00, real=0.01 secs] 
2014-07-08T07:33:09.179+0000: 2834.270: [GC [PSYoungGen: 974866K->512K(936448K)] 1262917K->288723K(1623424K), 0.0202050 secs] [Times: user=0.08 sys=0.00, real=0.02 secs] 
2014-07-08T07:33:11.089+0000: 2836.179: [GC [PSYoungGen: 936448K->420K(899712K)] 1224659K->288703K(1586688K), 0.0044550 secs] [Times: user=0.01 sys=0.00, real=0.01 secs] 
2014-07-08T07:33:12.909+0000: 2837.999: [GC [PSYoungGen: 899684K->370K(864704K)] 1187967K->288789K(1551680K), 0.0050720 secs] [Times: user=0.02 sys=0.01, real=0.01 secs] 
2014-07-08T07:33:14.428+0000: 2839.519: [GC [PSYoungGen: 864690K->484K(831552K)] 1153109K->289063K(1518528K), 0.0183040 secs] [Times: user=0.06 sys=0.01, real=0.02 secs] 
2014-07-08T07:33:16.156+0000: 2841.246: [GC [PSYoungGen: 831524K->644K(997952K)] 1120103K->289311K(1684928K), 0.0315010 secs] [Times: user=0.11 sys=0.00, real=0.03 secs] 
2014-07-08T07:33:18.138+0000: 2843.229: [GC [PSYoungGen: 997892K->402K(958080K)] 1286559K->289245K(1645056K), 0.0133430 secs] [Times: user=0.04 sys=0.00, real=0.02 secs] 
2014-07-08T07:33:20.110+0000: 2845.200: [GC [PSYoungGen: 958034K->256K(920192K)] 1246877K->289219K(1607168K), 0.0178920 secs] [Times: user=0.06 sys=0.00, real=0.02 secs] 
2014-07-08T07:33:21.917+0000: 2847.007: [GC [PSYoungGen: 920192K->320K(884352K)] 1209155K->289387K(1571328K), 0.0082070 secs] [Times: user=0.03 sys=0.00, real=0.01 secs] 
2014-07-08T07:33:23.608+0000: 2848.698: [GC [PSYoungGen: 884352K->818K(850688K)] 1173419K->290053K(1537664K), 0.0085330 secs] [Times: user=0.02 sys=0.00, real=0.01 secs] 
2014-07-08T07:33:25.292+0000: 2850.382: [GC [PSYoungGen: 850674K->498K(817792K)] 1139909K->289877K(1504768K), 0.0205410 secs] [Times: user=0.07 sys=0.01, real=0.02 secs] 
2014-07-08T07:33:27.069+0000: 2852.159: [GC [PSYoungGen: 817778K->932K(787200K)] 1107157K->290575K(1474176K), 0.0215900 secs] [Times: user=0.08 sys=0.00, real=0.02 secs] 
2014-07-08T07:33:28.462+0000: 2853.552: [GC [PSYoungGen: 787172K->512K(757184K)] 1076815K->290355K(1444160K), 0.0071280 secs] [Times: user=0.02 sys=0.00, real=0.00 secs] 
2014-07-08T07:33:30.052+0000: 2855.142: [GC [PSYoungGen: 757184K->594K(729152K)] 1047027K->290541K(1416128K), 0.0189580 secs] [Times: user=0.06 sys=0.00, real=0.01 secs] 
2014-07-08T07:33:31.408+0000: 2856.498: [GC [PSYoungGen: 729106K->288K(874560K)] 1019053K->290331K(1561536K), 0.0234780 secs] [Times: user=0.08 sys=0.00, real=0.02 secs] 
2014-07-08T07:33:33.191+0000: 2858.281: [GC [PSYoungGen: 874528K->448K(1049536K)] 1164571K->290603K(1736512K), 0.0160110 secs] [Times: user=0.06 sys=0.00, real=0.02 secs] 
2014-07-08T07:33:35.351+0000: 2860.441: [GC [PSYoungGen: 1049536K->772K(1007872K)] 1339691K->291079K(1694848K), 0.0083340 secs] [Times: user=0.01 sys=0.01, real=0.01 secs] 
2014-07-08T07:33:37.342+0000: 2862.432: [GC [PSYoungGen: 1007812K->434K(967424K)] 1298119K->290941K(1654400K), 0.0061800 secs] [Times: user=0.01 sys=0.01, real=0.01 secs] 
2014-07-08T07:33:39.201+0000: 2864.291: [GC [PSYoungGen: 967410K->288K(929152K)] 1257917K->290939K(1616128K), 0.0223820 secs] [Times: user=0.08 sys=0.00, real=0.02 secs] 
2014-07-08T07:33:41.117+0000: 2866.207: [GC [PSYoungGen: 929120K->516K(893056K)] 1219771K->291247K(1580032K), 0.0150440 secs] [Times: user=0.05 sys=0.00, real=0.01 secs] 
2014-07-08T07:33:42.931+0000: 2868.022: [GC [PSYoungGen: 892996K->448K(858304K)] 1183727K->291315K(1545280K), 0.0213740 secs] [Times: user=0.08 sys=0.00, real=0.02 secs] 
2014-07-08T07:33:44.536+0000: 2869.627: [GC [PSYoungGen: 858304K->772K(825728K)] 1149171K->291775K(1512704K), 0.0072390 secs] [Times: user=0.02 sys=0.00, real=0.00 secs] 
2014-07-08T07:33:46.205+0000: 2871.295: [GC [PSYoungGen: 825668K->512K(793984K)] 1116671K->291643K(1480960K), 0.0228000 secs] [Times: user=0.08 sys=0.00, real=0.02 secs] 
2014-07-08T07:33:47.853+0000: 2872.943: [GC [PSYoungGen: 793984K->562K(764160K)] 1085115K->291829K(1451136K), 0.0063520 secs] [Times: user=0.02 sys=0.00, real=0.01 secs] 
2014-07-08T07:33:49.227+0000: 2874.317: [GC [PSYoungGen: 764146K->192K(735232K)] 1055413K->291563K(1422208K), 0.0184380 secs] [Times: user=0.07 sys=0.00, real=0.02 secs] 
2014-07-08T07:33:50.863+0000: 2875.953: [GC [PSYoungGen: 735232K->384K(708224K)] 1026603K->291803K(1395200K), 0.0161840 secs] [Times: user=0.06 sys=0.00, real=0.02 secs] 
2014-07-08T07:33:52.244+0000: 2877.335: [GC [PSYoungGen: 708224K->320K(849728K)] 999643K->291883K(1536704K), 0.0195700 secs] [Times: user=0.06 sys=0.00, real=0.02 secs] 
2014-07-08T07:33:53.926+0000: 2879.016: [GC [PSYoungGen: 849725K->722K(817600K)] 1141288K->292405K(1504576K), 0.0121920 secs] [Times: user=0.04 sys=0.00, real=0.02 secs] 
2014-07-08T07:33:55.384+0000: 2880.475: [GC [PSYoungGen: 817554K->544K(980800K)] 1109237K->292347K(1667776K), 0.0360230 secs] [Times: user=0.12 sys=0.00, real=0.04 secs] 
2014-07-08T07:33:57.467+0000: 2882.557: [GC [PSYoungGen: 980678K->662K(1177024K)] 1272481K->292553K(1864000K), 0.0198770 secs] [Times: user=0.07 sys=0.01, real=0.02 secs] 
2014-07-08T07:33:59.801+0000: 2884.891: [GC [PSYoungGen: 1176982K->676K(1412288K)] 1468873K->292767K(2099264K), 0.0226130 secs] [Times: user=0.08 sys=0.00, real=0.02 secs] 
2014-07-08T07:34:02.680+0000: 2887.770: [GC [PSYoungGen: 1412260K->800K(1352768K)] 1704351K->293011K(2039744K), 0.0086020 secs] [Times: user=0.02 sys=0.00, real=0.01 secs] 
2014-07-08T07:34:05.245+0000: 2890.335: [GC [PSYoungGen: 1352736K->416K(1295616K)] 1644947K->292867K(1982592K), 0.0136490 secs] [Times: user=0.03 sys=0.00, real=0.02 secs] 
2014-07-08T07:34:08.073+0000: 2893.163: [GC [PSYoungGen: 1295578K->434K(1241664K)] 1588029K->293077K(1928640K), 0.0101570 secs] [Times: user=0.03 sys=0.00, real=0.01 secs] 
2014-07-08T07:34:10.704+0000: 2895.794: [GC [PSYoungGen: 1241650K->786K(1190720K)] 1534293K->293637K(1877696K), 0.0057860 secs] [Times: user=0.01 sys=0.00, real=0.01 secs] 
2014-07-08T07:34:13.066+0000: 2898.157: [GC [PSYoungGen: 1190674K->448K(1141440K)] 1483525K->293451K(1828416K), 0.0153620 secs] [Times: user=0.06 sys=0.00, real=0.02 secs] 
2014-07-08T07:34:15.424+0000: 2900.514: [GC [PSYoungGen: 1141440K->448K(1094912K)] 1434443K->293627K(1781888K), 0.0061580 secs] [Times: user=0.01 sys=0.00, real=0.01 secs] 
2014-07-08T07:34:17.697+0000: 2902.787: [GC [PSYoungGen: 1094865K->932K(1051136K)] 1388044K->294303K(1738112K), 0.0104430 secs] [Times: user=0.02 sys=0.00, real=0.01 secs] 
2014-07-08T07:34:19.813+0000: 2904.904: [GC [PSYoungGen: 1051035K->676K(1008768K)] 1344406K->294359K(1695744K), 0.0366160 secs] [Times: user=0.11 sys=0.00, real=0.04 secs] 
2014-07-08T07:34:21.896+0000: 2906.986: [GC [PSYoungGen: 1008697K->512K(968448K)] 1302381K->294299K(1655424K), 0.0137360 secs] [Times: user=0.05 sys=0.00, real=0.01 secs] 
2014-07-08T07:34:23.927+0000: 2909.017: [GC [PSYoungGen: 968448K->448K(930176K)] 1262235K->294435K(1617152K), 0.0078990 secs] [Times: user=0.01 sys=0.00, real=0.01 secs] 
2014-07-08T07:34:25.937+0000: 2911.028: [GC [PSYoungGen: 930176K->352K(893760K)] 1224163K->294523K(1580736K), 0.0186490 secs] [Times: user=0.07 sys=0.00, real=0.02 secs] 
2014-07-08T07:34:27.881+0000: 2912.972: [GC [PSYoungGen: 893728K->822K(859584K)] 1187899K->295153K(1546560K), 0.0112620 secs] [Times: user=0.03 sys=0.00, real=0.01 secs] 
2014-07-08T07:34:29.585+0000: 2914.675: [GC [PSYoungGen: 859574K->960K(826688K)] 1153905K->295435K(1513664K), 0.0129340 secs] [Times: user=0.04 sys=0.01, real=0.01 secs] 
2014-07-08T07:34:31.317+0000: 2916.408: [GC [PSYoungGen: 826688K->480K(794816K)] 1121163K->295035K(1481792K), 0.0078980 secs] [Times: user=0.03 sys=0.00, real=0.01 secs] 
2014-07-08T07:34:33.064+0000: 2918.154: [GC [PSYoungGen: 794783K->530K(764928K)] 1089338K->295253K(1451904K), 0.0068390 secs] [Times: user=0.01 sys=0.00, real=0.00 secs] 
2014-07-08T07:34:34.575+0000: 2919.666: [GC [PSYoungGen: 764878K->544K(736384K)] 1059602K->295427K(1423360K), 0.0204870 secs] [Times: user=0.07 sys=0.00, real=0.02 secs] 
2014-07-08T07:34:36.213+0000: 2921.303: [GC [PSYoungGen: 736352K->530K(709184K)] 1031235K->295549K(1396160K), 0.0074070 secs] [Times: user=0.02 sys=0.00, real=0.00 secs] 
2014-07-08T07:34:37.766+0000: 2922.856: [GC [PSYoungGen: 709136K->1064K(683776K)] 1004155K->296467K(1370752K), 0.0074860 secs] [Times: user=0.02 sys=0.01, real=0.01 secs] 
2014-07-08T07:34:39.107+0000: 2924.197: [GC [PSYoungGen: 683747K->224K(658176K)] 979150K->295715K(1345152K), 0.0195040 secs] [Times: user=0.07 sys=0.00, real=0.02 secs] 
2014-07-08T07:34:40.491+0000: 2925.581: [GC [PSYoungGen: 658144K->630K(634944K)] 953635K->296249K(1321920K), 0.0053130 secs] [Times: user=0.01 sys=0.00, real=0.01 secs] 
2014-07-08T07:34:41.911+0000: 2927.001: [GC [PSYoungGen: 634868K->480K(612288K)] 930487K->296171K(1299264K), 0.0051110 secs] [Times: user=0.01 sys=0.01, real=0.01 secs] 
2014-07-08T07:34:43.180+0000: 2928.270: [GC [PSYoungGen: 612256K->192K(590464K)] 907947K->296011K(1277440K), 0.0144810 secs] [Times: user=0.05 sys=0.00, real=0.02 secs] 
2014-07-08T07:34:44.402+0000: 2929.493: [GC [PSYoungGen: 590396K->256K(708608K)] 886215K->296179K(1395584K), 0.0341010 secs] [Times: user=0.13 sys=0.00, real=0.04 secs] 
2014-07-08T07:34:45.926+0000: 2931.016: [GC [PSYoungGen: 708602K->384K(850432K)] 1004525K->296387K(1537408K), 0.0076210 secs] [Times: user=0.03 sys=0.00, real=0.00 secs] 
2014-07-08T07:34:47.734+0000: 2932.824: [GC [PSYoungGen: 850432K->868K(818368K)] 1146435K->297007K(1505344K), 0.0053830 secs] [Times: user=0.02 sys=0.01, real=0.01 secs] 
2014-07-08T07:34:49.437+0000: 2934.527: [GC [PSYoungGen: 818340K->256K(786688K)] 1114479K->296499K(1473664K), 0.0076710 secs] [Times: user=0.02 sys=0.00, real=0.01 secs] 
2014-07-08T07:34:51.109+0000: 2936.200: [GC [PSYoungGen: 786688K->338K(757248K)] 1082931K->296669K(1444224K), 0.0280270 secs] [Times: user=0.10 sys=0.00, real=0.03 secs] 
2014-07-08T07:34:52.747+0000: 2937.837: [GC [PSYoungGen: 757202K->800K(729472K)] 1053533K->297299K(1416448K), 0.0113040 secs] [Times: user=0.03 sys=0.00, real=0.01 secs] 
2014-07-08T07:34:54.263+0000: 2939.353: [GC [PSYoungGen: 729427K->324K(702144K)] 1025926K->296935K(1389120K), 0.0063020 secs] [Times: user=0.01 sys=0.00, real=0.01 secs] 
2014-07-08T07:34:55.788+0000: 2940.879: [GC [PSYoungGen: 702084K->576K(676736K)] 998695K->297315K(1363712K), 0.0247950 secs] [Times: user=0.09 sys=0.00, real=0.02 secs] 
2014-07-08T07:34:57.287+0000: 2942.377: [GC [PSYoungGen: 676733K->416K(652160K)] 973472K->297267K(1339136K), 0.0073780 secs] [Times: user=0.02 sys=0.00, real=0.00 secs] 
2014-07-08T07:34:58.623+0000: 2943.713: [GC [PSYoungGen: 652128K->566K(628992K)] 948979K->297513K(1315968K), 0.0060020 secs] [Times: user=0.02 sys=0.00, real=0.01 secs] 
2014-07-08T07:34:59.953+0000: 2945.043: [GC [PSYoungGen: 628982K->128K(606272K)] 925929K->297131K(1293248K), 0.0211140 secs] [Times: user=0.07 sys=0.00, real=0.02 secs] 
2014-07-08T07:35:01.222+0000: 2946.312: [GC [PSYoungGen: 606202K->324K(585280K)] 903205K->297391K(1272256K), 0.0087210 secs] [Times: user=0.01 sys=0.00, real=0.01 secs] 
2014-07-08T07:35:02.435+0000: 2947.525: [GC [PSYoungGen: 585197K->210K(564864K)] 882264K->297365K(1251840K), 0.0054840 secs] [Times: user=0.01 sys=0.00, real=0.01 secs] 
2014-07-08T07:35:03.727+0000: 2948.818: [GC [PSYoungGen: 564818K->626K(545920K)] 861973K->297845K(1232896K), 0.0132420 secs] [Times: user=0.04 sys=0.00, real=0.01 secs] 
2014-07-08T07:35:04.896+0000: 2949.986: [GC [PSYoungGen: 545906K->818K(655168K)] 843125K->298213K(1342144K), 0.0278240 secs] [Times: user=0.10 sys=0.00, real=0.03 secs] 
2014-07-08T07:35:06.214+0000: 2951.305: [GC [PSYoungGen: 655154K->192K(785408K)] 952549K->297691K(1472384K), 0.0274580 secs] [Times: user=0.10 sys=0.00, real=0.03 secs] 
2014-07-08T07:35:07.974+0000: 2953.064: [GC [PSYoungGen: 785408K->736K(943040K)] 1082907K->298315K(1630016K), 0.0064290 secs] [Times: user=0.02 sys=0.00, real=0.01 secs] 
2014-07-08T07:35:09.963+0000: 2955.054: [GC [PSYoungGen: 943008K->384K(905664K)] 1240587K->298083K(1592640K), 0.0085060 secs] [Times: user=0.03 sys=0.00, real=0.01 secs] 
2014-07-08T07:35:11.925+0000: 2957.015: [GC [PSYoungGen: 905664K->470K(870592K)] 1203363K->298273K(1557568K), 0.0180350 secs] [Times: user=0.07 sys=0.00, real=0.02 secs] 
2014-07-08T07:35:13.789+0000: 2958.879: [GC [PSYoungGen: 870550K->932K(837504K)] 1168353K->298911K(1524480K), 0.0183210 secs] [Times: user=0.04 sys=0.00, real=0.01 secs] 
2014-07-08T07:35:15.524+0000: 2960.614: [GC [PSYoungGen: 837476K->640K(805248K)] 1135455K->298795K(1492224K), 0.0134160 secs] [Times: user=0.04 sys=0.00, real=0.01 secs] 
2014-07-08T07:35:17.200+0000: 2962.290: [GC [PSYoungGen: 805248K->256K(965824K)] 1103403K->298515K(1652800K), 0.0213710 secs] [Times: user=0.07 sys=0.00, real=0.02 secs] 
2014-07-08T07:35:19.294+0000: 2964.384: [GC [PSYoungGen: 965824K->658K(928192K)] 1264083K->299021K(1615168K), 0.0088430 secs] [Times: user=0.01 sys=0.00, real=0.01 secs] 
2014-07-08T07:35:21.265+0000: 2966.355: [GC [PSYoungGen: 928146K->370K(891584K)] 1226509K->298853K(1578560K), 0.0198620 secs] [Times: user=0.08 sys=0.00, real=0.02 secs] 
2014-07-08T07:35:23.232+0000: 2968.322: [GC [PSYoungGen: 891570K->576K(857216K)] 1190053K->299171K(1544192K), 0.0091910 secs] [Times: user=0.02 sys=0.00, real=0.01 secs] 
2014-07-08T07:35:25.048+0000: 2970.139: [GC [PSYoungGen: 857216K->192K(823936K)] 1155811K->298915K(1510912K), 0.0040300 secs] [Times: user=0.02 sys=0.00, real=0.01 secs] 
2014-07-08T07:35:26.860+0000: 2971.951: [GC [PSYoungGen: 823936K->736K(793152K)] 1122659K->299587K(1480128K), 0.0248160 secs] [Times: user=0.09 sys=0.00, real=0.02 secs] 
2014-07-08T07:35:28.685+0000: 2973.776: [GC [PSYoungGen: 793120K->1060K(763584K)] 1091971K->300023K(1450560K), 0.0224830 secs] [Times: user=0.09 sys=0.01, real=0.02 secs] 
2014-07-08T07:35:30.220+0000: 2975.310: [GC [PSYoungGen: 763537K->288K(734336K)] 1062500K->299379K(1421312K), 0.0071080 secs] [Times: user=0.01 sys=0.00, real=0.00 secs] 
2014-07-08T07:35:31.856+0000: 2976.946: [GC [PSYoungGen: 734304K->640K(881472K)] 1033395K->299851K(1568448K), 0.0278040 secs] [Times: user=0.10 sys=0.00, real=0.03 secs] 
2014-07-08T07:35:33.876+0000: 2978.966: [GC [PSYoungGen: 881472K->658K(847488K)] 1180683K->299997K(1534464K), 0.0121370 secs] [Times: user=0.04 sys=0.00, real=0.01 secs] 
2014-07-08T07:35:35.653+0000: 2980.744: [GC [PSYoungGen: 847442K->626K(1016832K)] 1146781K->300141K(1703808K), 0.0367690 secs] [Times: user=0.13 sys=0.01, real=0.03 secs] 
2014-07-08T07:35:37.868+0000: 2982.959: [GC [PSYoungGen: 1016818K->384K(1219840K)] 1316333K->300035K(1906816K), 0.0341390 secs] [Times: user=0.11 sys=0.00, real=0.04 secs] 
2014-07-08T07:35:40.541+0000: 2985.631: [GC [PSYoungGen: 1219806K->612K(1464000K)] 1519458K->300359K(2150976K), 0.0053940 secs] [Times: user=0.01 sys=0.00, real=0.02 secs] 
2014-07-08T07:35:43.917+0000: 2989.007: [GC [PSYoungGen: 1463971K->1138K(1402304K)] 1763719K->301077K(2089280K), 0.0196960 secs] [Times: user=0.07 sys=0.00, real=0.02 secs] 
2014-07-08T07:35:46.866+0000: 2991.957: [GC [PSYoungGen: 1402290K->566K(1342592K)] 1702229K->301093K(2029568K), 0.0066000 secs] [Times: user=0.02 sys=0.01, real=0.00 secs] 
2014-07-08T07:35:49.801+0000: 2994.892: [GC [PSYoungGen: 1342582K->768K(1286528K)] 1643109K->301519K(1973504K), 0.0097660 secs] [Times: user=0.03 sys=0.00, real=0.01 secs] 
2014-07-08T07:35:52.604+0000: 2997.694: [GC [PSYoungGen: 1286528K->704K(1232960K)] 1587279K->301631K(1919936K), 0.0175960 secs] [Times: user=0.06 sys=0.00, real=0.02 secs] 
2014-07-08T07:35:55.343+0000: 3000.433: [GC [PSYoungGen: 1232959K->626K(1181952K)] 1533886K->301729K(1868928K), 0.0234530 secs] [Times: user=0.09 sys=0.00, real=0.03 secs] 
2014-07-08T07:35:57.941+0000: 3003.031: [GC [PSYoungGen: 1181938K->288K(1133184K)] 1483041K->301615K(1820160K), 0.0086680 secs] [Times: user=0.03 sys=0.00, real=0.01 secs] 
2014-07-08T07:36:00.401+0000: 3005.491: [GC [PSYoungGen: 1133152K->288K(1087040K)] 1434479K->301727K(1774016K), 0.0225430 secs] [Times: user=0.08 sys=0.00, real=0.02 secs] 
2014-07-08T07:36:02.817+0000: 3007.907: [GC [PSYoungGen: 1087008K->736K(1043584K)] 1388447K->302295K(1730560K), 0.0084110 secs] [Times: user=0.02 sys=0.00, real=0.01 secs] 
2014-07-08T07:36:05.074+0000: 3010.164: [GC [PSYoungGen: 1043552K->352K(1001408K)] 1345111K->302095K(1688384K), 0.0081050 secs] [Times: user=0.02 sys=0.00, real=0.01 secs] 
2014-07-08T07:36:07.276+0000: 3012.366: [GC [PSYoungGen: 1001376K->388K(961728K)] 1303119K->302291K(1648704K), 0.0055530 secs] [Times: user=0.02 sys=0.00, real=0.01 secs] 
2014-07-08T07:36:09.400+0000: 3014.491: [GC [PSYoungGen: 961668K->338K(923776K)] 1263571K->302377K(1610752K), 0.0243640 secs] [Times: user=0.09 sys=0.00, real=0.02 secs] 
2014-07-08T07:36:11.487+0000: 3016.577: [GC [PSYoungGen: 923730K->612K(888000K)] 1225769K->302755K(1574976K), 0.0092110 secs] [Times: user=0.02 sys=0.01, real=0.00 secs] 
2014-07-08T07:36:13.403+0000: 3018.494: [GC [PSYoungGen: 887972K->274K(853312K)] 1190115K->302561K(1540288K), 0.0209320 secs] [Times: user=0.07 sys=0.00, real=0.02 secs] 
2014-07-08T07:36:15.286+0000: 3020.376: [GC [PSYoungGen: 853266K->370K(820672K)] 1155553K->302785K(1507648K), 0.0223250 secs] [Times: user=0.09 sys=0.00, real=0.03 secs] 
2014-07-08T07:36:17.132+0000: 3022.222: [GC [PSYoungGen: 820658K->320K(789440K)] 1123073K->302887K(1476416K), 0.0251350 secs] [Times: user=0.09 sys=0.00, real=0.02 secs] 
2014-07-08T07:36:18.833+0000: 3023.924: [GC [PSYoungGen: 789440K->576K(947520K)] 1092007K->303271K(1634496K), 0.0249160 secs] [Times: user=0.08 sys=0.00, real=0.03 secs] 
2014-07-08T07:36:20.967+0000: 3026.058: [GC [PSYoungGen: 947520K->370K(910144K)] 1250215K->303137K(1597120K), 0.0137850 secs] [Times: user=0.04 sys=0.00, real=0.02 secs] 
2014-07-08T07:36:22.951+0000: 3028.041: [GC [PSYoungGen: 910130K->484K(1092224K)] 1212897K->303387K(1779200K), 0.0261040 secs] [Times: user=0.10 sys=0.00, real=0.02 secs] 
2014-07-08T07:36:25.315+0000: 3030.405: [GC [PSYoungGen: 1092196K->448K(1310528K)] 1395099K->303511K(1997504K), 0.0293900 secs] [Times: user=0.10 sys=0.00, real=0.03 secs] 
2014-07-08T07:36:28.237+0000: 3033.327: [GC [PSYoungGen: 1310528K->320K(1255680K)] 1613591K->303535K(1942656K), 0.0042190 secs] [Times: user=0.01 sys=0.01, real=0.01 secs] 
2014-07-08T07:36:30.978+0000: 3036.068: [GC [PSYoungGen: 1255680K->370K(1203712K)] 1558895K->303729K(1890688K), 0.0052850 secs] [Times: user=0.02 sys=0.00, real=0.01 secs] 
2014-07-08T07:36:33.611+0000: 3038.701: [GC [PSYoungGen: 1203698K->576K(1154368K)] 1507057K->304079K(1841344K), 0.0207400 secs] [Times: user=0.08 sys=0.00, real=0.02 secs] 
2014-07-08T07:36:36.117+0000: 3041.207: [GC [PSYoungGen: 1154368K->416K(1107136K)] 1457871K->304127K(1794112K), 0.0255070 secs] [Times: user=0.09 sys=0.00, real=0.03 secs] 
2014-07-08T07:36:38.565+0000: 3043.655: [GC [PSYoungGen: 1107104K->804K(1062656K)] 1410815K->304699K(1749632K), 0.0258240 secs] [Times: user=0.09 sys=0.00, real=0.02 secs] 
2014-07-08T07:36:40.912+0000: 3046.002: [GC [PSYoungGen: 1062628K->544K(1019712K)] 1366523K->304543K(1706688K), 0.0203340 secs] [Times: user=0.08 sys=0.00, real=0.02 secs] 
2014-07-08T07:36:43.116+0000: 3048.207: [GC [PSYoungGen: 1019680K->338K(978880K)] 1323679K->304529K(1665856K), 0.0109750 secs] [Times: user=0.04 sys=0.00, real=0.01 secs] 
2014-07-08T07:36:45.325+0000: 3050.415: [GC [PSYoungGen: 978834K->562K(1174784K)] 1283025K->304881K(1861760K), 0.0451720 secs] [Times: user=0.15 sys=0.00, real=0.04 secs] 
2014-07-08T07:36:47.878+0000: 3052.968: [GC [PSYoungGen: 1174770K->634K(1126720K)] 1479089K->305177K(1813696K), 0.0177450 secs] [Times: user=0.07 sys=0.00, real=0.02 secs] 
2014-07-08T07:36:50.322+0000: 3055.412: [GC [PSYoungGen: 1126714K->474K(1080832K)] 1431257K->305137K(1767808K), 0.0253800 secs] [Times: user=0.09 sys=0.00, real=0.03 secs] 
2014-07-08T07:36:52.746+0000: 3057.837: [GC [PSYoungGen: 1080794K->822K(1037568K)] 1385457K->305621K(1724544K), 0.0095860 secs] [Times: user=0.02 sys=0.00, real=0.01 secs] 
2014-07-08T07:36:55.136+0000: 3060.227: [GC [PSYoungGen: 1037462K->726K(996032K)] 1342261K->305701K(1683008K), 0.0057860 secs] [Times: user=0.02 sys=0.00, real=0.00 secs] 
2014-07-08T07:36:57.156+0000: 3062.246: [GC [PSYoungGen: 995975K->352K(956160K)] 1300950K->305535K(1643136K), 0.0159400 secs] [Times: user=0.04 sys=0.00, real=0.01 secs] 
2014-07-08T07:36:59.264+0000: 3064.354: [GC [PSYoungGen: 956128K->192K(918336K)] 1261311K->305495K(1605312K), 0.0291920 secs] [Times: user=0.10 sys=0.00, real=0.03 secs] 
2014-07-08T07:37:01.290+0000: 3066.381: [GC [PSYoungGen: 918336K->384K(882688K)] 1223639K->305775K(1569664K), 0.0105010 secs] [Times: user=0.03 sys=0.00, real=0.01 secs] 
2014-07-08T07:37:03.236+0000: 3068.326: [GC [PSYoungGen: 882688K->352K(848576K)] 1188079K->305927K(1535552K), 0.0298320 secs] [Times: user=0.10 sys=0.00, real=0.03 secs] 
2014-07-08T07:37:05.233+0000: 3070.323: [GC [PSYoungGen: 848540K->754K(816448K)] 1154115K->306457K(1503424K), 0.0059960 secs] [Times: user=0.02 sys=0.00, real=0.01 secs] 
2014-07-08T07:37:06.918+0000: 3072.008: [GC [PSYoungGen: 816346K->918K(979776K)] 1122049K->306837K(1666752K), 0.0399830 secs] [Times: user=0.15 sys=0.00, real=0.04 secs] 
2014-07-08T07:37:09.038+0000: 3074.128: [GC [PSYoungGen: 979734K->288K(1174912K)] 1285653K->306303K(1861888K), 0.0271230 secs] [Times: user=0.10 sys=0.00, real=0.02 secs] 
2014-07-08T07:37:11.630+0000: 3076.721: [GC [PSYoungGen: 1174880K->626K(1127104K)] 1480895K->306721K(1814080K), 0.0061740 secs] [Times: user=0.02 sys=0.00, real=0.01 secs] 
2014-07-08T07:37:14.086+0000: 3079.177: [GC [PSYoungGen: 1127090K->480K(1081152K)] 1433185K->306775K(1768128K), 0.0200470 secs] [Times: user=0.07 sys=0.00, real=0.02 secs] 
2014-07-08T07:37:16.467+0000: 3081.557: [GC [PSYoungGen: 1081095K->256K(1037312K)] 1387390K->306687K(1724288K), 0.0114300 secs] [Times: user=0.04 sys=0.00, real=0.01 secs] 
2014-07-08T07:37:18.760+0000: 3083.851: [GC [PSYoungGen: 1037312K->448K(996032K)] 1343743K->307055K(1683008K), 0.0213670 secs] [Times: user=0.08 sys=0.00, real=0.02 secs] 
2014-07-08T07:37:21.009+0000: 3086.099: [GC [PSYoungGen: 996032K->690K(1195456K)] 1302639K->307409K(1882432K), 0.0338190 secs] [Times: user=0.12 sys=0.00, real=0.03 secs] 
2014-07-08T07:37:23.549+0000: 3088.639: [GC [PSYoungGen: 1195442K->512K(1146176K)] 1502161K->307391K(1833152K), 0.0061350 secs] [Times: user=0.01 sys=0.00, real=0.00 secs] 
2014-07-08T07:37:26.075+0000: 3091.165: [GC [PSYoungGen: 1146176K->288K(1099264K)] 1453055K->307311K(1786240K), 0.0143210 secs] [Times: user=0.04 sys=0.00, real=0.02 secs] 
2014-07-08T07:37:28.506+0000: 3093.597: [GC [PSYoungGen: 1099232K->192K(1054656K)] 1406255K->307383K(1741632K), 0.0064520 secs] [Times: user=0.02 sys=0.00, real=0.01 secs] 
2014-07-08T07:37:30.826+0000: 3095.916: [GC [PSYoungGen: 1054656K->626K(1012800K)] 1361847K->307937K(1699776K), 0.0084500 secs] [Times: user=0.02 sys=0.00, real=0.01 secs] 
2014-07-08T07:37:33.052+0000: 3098.143: [GC [PSYoungGen: 1012786K->352K(972224K)] 1320097K->307799K(1659200K), 0.0249280 secs] [Times: user=0.09 sys=0.00, real=0.02 secs] 
2014-07-08T07:37:35.263+0000: 3100.353: [GC [PSYoungGen: 972184K->548K(934016K)] 1279631K->308179K(1620992K), 0.0118670 secs] [Times: user=0.04 sys=0.00, real=0.01 secs] 
2014-07-08T07:37:37.267+0000: 3102.357: [GC [PSYoungGen: 933988K->416K(897344K)] 1241619K->308231K(1584320K), 0.0122310 secs] [Times: user=0.04 sys=0.00, real=0.01 secs] 
2014-07-08T07:37:39.198+0000: 3104.289: [GC [PSYoungGen: 897232K->288K(862400K)] 1205047K->308223K(1549376K), 0.0077510 secs] [Times: user=0.02 sys=0.00, real=0.01 secs] 
2014-07-08T07:37:41.092+0000: 3106.182: [GC [PSYoungGen: 862281K->288K(829248K)] 1170216K->308303K(1516224K), 0.0177200 secs] [Times: user=0.06 sys=0.00, real=0.01 secs] 
2014-07-08T07:37:42.974+0000: 3108.064: [GC [PSYoungGen: 829216K->480K(797824K)] 1137231K->308639K(1484800K), 0.0256310 secs] [Times: user=0.09 sys=0.00, real=0.02 secs] 
2014-07-08T07:37:44.681+0000: 3109.771: [GC [PSYoungGen: 797791K->484K(767744K)] 1105950K->308795K(1454720K), 0.0220080 secs] [Times: user=0.08 sys=0.00, real=0.02 secs] 
2014-07-08T07:37:46.362+0000: 3111.452: [GC [PSYoungGen: 767712K->352K(921088K)] 1076023K->308767K(1608064K), 0.0264340 secs] [Times: user=0.10 sys=0.00, real=0.02 secs] 
2014-07-08T07:37:48.461+0000: 3113.551: [GC [PSYoungGen: 921055K->384K(1105280K)] 1229470K->308919K(1792256K), 0.0161630 secs] [Times: user=0.06 sys=0.00, real=0.01 secs] 
2014-07-08T07:37:50.887+0000: 3115.977: [GC [PSYoungGen: 1105280K->598K(1060800K)] 1413815K->309261K(1747776K), 0.0057980 secs] [Times: user=0.02 sys=0.00, real=0.01 secs] 
2014-07-08T07:37:53.185+0000: 3118.276: [GC [PSYoungGen: 1060758K->544K(1018112K)] 1369421K->309383K(1705088K), 0.0324270 secs] [Times: user=0.12 sys=0.00, real=0.03 secs] 
2014-07-08T07:37:55.440+0000: 3120.531: [GC [PSYoungGen: 1018068K->822K(977792K)] 1326907K->310029K(1664768K), 0.0079910 secs] [Times: user=0.02 sys=0.01, real=0.01 secs] 
2014-07-08T07:37:57.544+0000: 3122.635: [GC [PSYoungGen: 977782K->320K(938688K)] 1286989K->309825K(1625664K), 0.0067380 secs] [Times: user=0.02 sys=0.00, real=0.00 secs] 
2014-07-08T07:37:59.620+0000: 3124.710: [GC [PSYoungGen: 938688K->562K(902144K)] 1248193K->310219K(1589120K), 0.0091030 secs] [Times: user=0.02 sys=0.01, real=0.01 secs] 
2014-07-08T07:38:01.613+0000: 3126.704: [GC [PSYoungGen: 902130K->704K(867264K)] 1211787K->310505K(1554240K), 0.0083190 secs] [Times: user=0.02 sys=0.00, real=0.00 secs] 
2014-07-08T07:38:03.523+0000: 3128.613: [GC [PSYoungGen: 867264K->192K(833408K)] 1177065K->310137K(1520384K), 0.0050680 secs] [Times: user=0.02 sys=0.00, real=0.01 secs] 
2014-07-08T07:38:05.347+0000: 3130.437: [GC [PSYoungGen: 833408K->416K(801856K)] 1143353K->310465K(1488832K), 0.0045120 secs] [Times: user=0.02 sys=0.00, real=0.00 secs] 
2014-07-08T07:38:07.115+0000: 3132.206: [GC [PSYoungGen: 801824K->274K(771456K)] 1111873K->310475K(1458432K), 0.0257200 secs] [Times: user=0.09 sys=0.00, real=0.02 secs] 
2014-07-08T07:38:08.856+0000: 3133.947: [GC [PSYoungGen: 771410K->608K(742912K)] 1081611K->310945K(1429888K), 0.0253910 secs] [Times: user=0.09 sys=0.01, real=0.02 secs] 
2014-07-08T07:38:10.449+0000: 3135.539: [GC [PSYoungGen: 742880K->160K(714944K)] 1053217K->310577K(1401920K), 0.0044310 secs] [Times: user=0.01 sys=0.00, real=0.00 secs] 
2014-07-08T07:38:12.060+0000: 3137.151: [GC [PSYoungGen: 714912K->402K(688960K)] 1025329K->310891K(1375936K), 0.0052070 secs] [Times: user=0.02 sys=0.00, real=0.01 secs] 
2014-07-08T07:38:13.534+0000: 3138.624: [GC [PSYoungGen: 688914K->274K(663808K)] 999403K->310923K(1350784K), 0.0095530 secs] [Times: user=0.03 sys=0.00, real=0.01 secs] 
2014-07-08T07:38:15.064+0000: 3140.154: [GC [PSYoungGen: 663762K->644K(640320K)] 974411K->311365K(1327296K), 0.0079240 secs] [Times: user=0.01 sys=0.00, real=0.01 secs] 
2014-07-08T07:38:16.415+0000: 3141.505: [GC [PSYoungGen: 640163K->384K(617216K)] 950884K->311281K(1304192K), 0.0127780 secs] [Times: user=0.03 sys=0.00, real=0.02 secs] 
2014-07-08T07:38:17.821+0000: 3142.911: [GC [PSYoungGen: 617216K->872K(596032K)] 928113K->311881K(1283008K), 0.0057450 secs] [Times: user=0.01 sys=0.00, real=0.01 secs] 
2014-07-08T07:38:19.095+0000: 3144.185: [GC [PSYoungGen: 596001K->320K(574720K)] 907010K->311401K(1261696K), 0.0214300 secs] [Times: user=0.07 sys=0.00, real=0.03 secs] 
2014-07-08T07:38:20.442+0000: 3145.532: [GC [PSYoungGen: 574709K->452K(555136K)] 885790K->311589K(1242112K), 0.0145350 secs] [Times: user=0.06 sys=0.00, real=0.02 secs] 
2014-07-08T07:38:21.594+0000: 3146.685: [GC [PSYoungGen: 555076K->576K(666176K)] 866213K->311841K(1353152K), 0.0294350 secs] [Times: user=0.10 sys=0.00, real=0.03 secs] 
2014-07-08T07:38:23.062+0000: 3148.152: [GC [PSYoungGen: 666176K->484K(799232K)] 977441K->311877K(1486208K), 0.0130550 secs] [Times: user=0.04 sys=0.00, real=0.01 secs] 
2014-07-08T07:38:24.834+0000: 3149.924: [GC [PSYoungGen: 799160K->868K(959360K)] 1110553K->312389K(1646336K), 0.0241890 secs] [Times: user=0.08 sys=0.00, real=0.03 secs] 
2014-07-08T07:38:26.939+0000: 3152.030: [GC [PSYoungGen: 959332K->320K(921024K)] 1270853K->311969K(1608000K), 0.0049940 secs] [Times: user=0.01 sys=0.00, real=0.00 secs] 
2014-07-08T07:38:28.986+0000: 3154.076: [GC [PSYoungGen: 921024K->288K(885120K)] 1232673K->312105K(1572096K), 0.0083960 secs] [Times: user=0.02 sys=0.00, real=0.01 secs] 
2014-07-08T07:38:31.071+0000: 3156.161: [GC [PSYoungGen: 885088K->946K(851520K)] 1196905K->312843K(1538496K), 0.0310210 secs] [Times: user=0.11 sys=0.01, real=0.03 secs] 
2014-07-08T07:38:32.788+0000: 3157.879: [GC [PSYoungGen: 851506K->544K(818560K)] 1163403K->312593K(1505536K), 0.0085920 secs] [Times: user=0.02 sys=0.00, real=0.00 secs] 
2014-07-08T07:38:34.578+0000: 3159.668: [GC [PSYoungGen: 818449K->452K(982144K)] 1130498K->312597K(1669120K), 0.0382560 secs] [Times: user=0.14 sys=0.00, real=0.04 secs] 
2014-07-08T07:38:36.789+0000: 3161.879: [GC [PSYoungGen: 982001K->736K(1178752K)] 1294146K->313001K(1865728K), 0.0198000 secs] [Times: user=0.07 sys=0.00, real=0.01 secs] 
2014-07-08T07:38:39.348+0000: 3164.438: [GC [PSYoungGen: 1178701K->320K(1413952K)] 1490967K->312761K(2100928K), 0.0360910 secs] [Times: user=0.12 sys=0.00, real=0.04 secs] 
2014-07-08T07:38:42.466+0000: 3167.556: [GC [PSYoungGen: 1413952K->352K(1500544K)] 1726393K->312905K(2187520K), 0.0187520 secs] [Times: user=0.07 sys=0.00, real=0.02 secs] 
2014-07-08T07:38:45.795+0000: 3170.885: [GC [PSYoungGen: 1499747K->786K(1436352K)] 1812301K->313555K(2123328K), 0.0076580 secs] [Times: user=0.03 sys=0.00, real=0.01 secs] 
2014-07-08T07:38:48.958+0000: 3174.049: [GC [PSYoungGen: 1436306K->754K(1375488K)] 1749075K->313739K(2062464K), 0.0075600 secs] [Times: user=0.01 sys=0.00, real=0.01 secs] 
2014-07-08T07:38:52.054+0000: 3177.144: [GC [PSYoungGen: 1375474K->498K(1317376K)] 1688459K->313675K(2004352K), 0.0056570 secs] [Times: user=0.02 sys=0.00, real=0.00 secs] 
2014-07-08T07:38:54.903+0000: 3179.993: [GC [PSYoungGen: 1317362K->1060K(1262912K)] 1630539K->314469K(1949888K), 0.0085150 secs] [Times: user=0.01 sys=0.00, real=0.00 secs] 
2014-07-08T07:38:57.655+0000: 3182.745: [GC [PSYoungGen: 1262884K->480K(1209984K)] 1576293K->314081K(1896960K), 0.0223480 secs] [Times: user=0.08 sys=0.00, real=0.02 secs] 
2014-07-08T07:39:00.305+0000: 3185.396: [GC [PSYoungGen: 1209952K->352K(1160064K)] 1523553K->314137K(1847040K), 0.0146330 secs] [Times: user=0.05 sys=0.00, real=0.01 secs] 
2014-07-08T07:39:02.897+0000: 3187.987: [GC [PSYoungGen: 1160032K->662K(1112960K)] 1473817K->314535K(1799936K), 0.0253940 secs] [Times: user=0.09 sys=0.00, real=0.02 secs] 
2014-07-08T07:39:05.306+0000: 3190.396: [GC [PSYoungGen: 1112918K->288K(1067456K)] 1426791K->314377K(1754432K), 0.0126430 secs] [Times: user=0.05 sys=0.00, real=0.01 secs] 
2014-07-08T07:39:07.647+0000: 3192.737: [GC [PSYoungGen: 1067424K->384K(1024576K)] 1381513K->314617K(1711552K), 0.0157220 secs] [Times: user=0.05 sys=0.00, real=0.01 secs] 
2014-07-08T07:39:09.922+0000: 3195.012: [GC [PSYoungGen: 1024576K->402K(983744K)] 1338809K->314803K(1670720K), 0.0095450 secs] [Times: user=0.03 sys=0.00, real=0.01 secs] 
2014-07-08T07:39:12.063+0000: 3197.154: [GC [PSYoungGen: 983698K->434K(944832K)] 1298099K->314907K(1631808K), 0.0136470 secs] [Times: user=0.05 sys=0.00, real=0.02 secs] 
2014-07-08T07:39:14.148+0000: 3199.238: [GC [PSYoungGen: 944818K->320K(907648K)] 1259291K->314945K(1594624K), 0.0042950 secs] [Times: user=0.02 sys=0.00, real=0.00 secs] 
2014-07-08T07:39:16.139+0000: 3201.229: [GC [PSYoungGen: 907648K->224K(872256K)] 1222273K->315017K(1559232K), 0.0072250 secs] [Times: user=0.02 sys=0.00, real=0.01 secs] 
2014-07-08T07:39:18.120+0000: 3203.210: [GC [PSYoungGen: 872224K->690K(839104K)] 1187017K->315595K(1526080K), 0.0073030 secs] [Times: user=0.02 sys=0.00, real=0.01 secs] 
2014-07-08T07:39:19.922+0000: 3205.012: [GC [PSYoungGen: 839087K->256K(806656K)] 1153993K->315313K(1493632K), 0.0178850 secs] [Times: user=0.07 sys=0.00, real=0.02 secs] 
2014-07-08T07:39:21.766+0000: 3206.856: [GC [PSYoungGen: 806656K->946K(776832K)] 1121713K->316107K(1463808K), 0.0275100 secs] [Times: user=0.09 sys=0.01, real=0.03 secs] 
2014-07-08T07:39:23.476+0000: 3208.566: [GC [PSYoungGen: 776818K->480K(747264K)] 1091979K->315793K(1434240K), 0.0186120 secs] [Times: user=0.06 sys=0.00, real=0.02 secs] 
2014-07-08T07:39:25.078+0000: 3210.168: [GC [PSYoungGen: 747232K->338K(896512K)] 1062545K->315803K(1583488K), 0.0290680 secs] [Times: user=0.11 sys=0.00, real=0.03 secs] 
2014-07-08T07:39:27.107+0000: 3212.197: [GC [PSYoungGen: 896466K->516K(861952K)] 1211931K->316133K(1548928K), 0.0110330 secs] [Times: user=0.03 sys=0.00, real=0.01 secs] 
2014-07-08T07:39:29.017+0000: 3214.107: [GC [PSYoungGen: 861886K->704K(828992K)] 1177503K->316457K(1515968K), 0.0060130 secs] [Times: user=0.02 sys=0.00, real=0.01 secs] 
2014-07-08T07:39:30.730+0000: 3215.821: [GC [PSYoungGen: 828992K->512K(797248K)] 1144745K->316377K(1484224K), 0.0173770 secs] [Times: user=0.06 sys=0.01, real=0.02 secs] 
2014-07-08T07:39:32.478+0000: 3217.569: [GC [PSYoungGen: 797246K->352K(767040K)] 1113111K->316297K(1454016K), 0.0189440 secs] [Times: user=0.06 sys=0.00, real=0.02 secs] 
2014-07-08T07:39:34.253+0000: 3219.344: [GC [PSYoungGen: 767008K->594K(920640K)] 1082953K->316683K(1607616K), 0.0237630 secs] [Times: user=0.09 sys=0.00, real=0.02 secs] 
2014-07-08T07:39:36.191+0000: 3221.282: [GC [PSYoungGen: 920594K->320K(1104320K)] 1236683K->316601K(1791296K), 0.0237020 secs] [Times: user=0.07 sys=0.00, real=0.02 secs] 
2014-07-08T07:39:38.629+0000: 3223.720: [GC [PSYoungGen: 1104320K->704K(1059968K)] 1420601K->317097K(1746944K), 0.0086210 secs] [Times: user=0.02 sys=0.00, real=0.01 secs] 
2014-07-08T07:39:40.974+0000: 3226.064: [GC [PSYoungGen: 1059968K->448K(1017152K)] 1376361K->316945K(1704128K), 0.0215770 secs] [Times: user=0.08 sys=0.00, real=0.02 secs] 
2014-07-08T07:39:43.183+0000: 3228.273: [GC [PSYoungGen: 1017141K->516K(976768K)] 1333638K->317189K(1663744K), 0.0222990 secs] [Times: user=0.07 sys=0.00, real=0.02 secs] 
2014-07-08T07:39:45.334+0000: 3230.424: [GC [PSYoungGen: 976708K->320K(937920K)] 1293381K->317169K(1624896K), 0.0065820 secs] [Times: user=0.01 sys=0.00, real=0.01 secs] 
2014-07-08T07:39:47.403+0000: 3232.493: [GC [PSYoungGen: 937920K->352K(901248K)] 1254769K->317401K(1588224K), 0.0257820 secs] [Times: user=0.08 sys=0.00, real=0.02 secs] 
2014-07-08T07:39:49.440+0000: 3234.530: [GC [PSYoungGen: 901216K->320K(866176K)] 1218265K->317489K(1553152K), 0.0167660 secs] [Times: user=0.06 sys=0.00, real=0.02 secs] 
2014-07-08T07:39:51.303+0000: 3236.394: [GC [PSYoungGen: 866176K->256K(832768K)] 1183345K->317521K(1519744K), 0.0049460 secs] [Times: user=0.02 sys=0.00, real=0.00 secs] 
2014-07-08T07:39:53.129+0000: 3238.219: [GC [PSYoungGen: 832750K->192K(800960K)] 1150015K->317569K(1487936K), 0.0134620 secs] [Times: user=0.05 sys=0.00, real=0.02 secs] 
2014-07-08T07:39:54.993+0000: 3240.083: [GC [PSYoungGen: 800960K->736K(771264K)] 1118337K->318241K(1458240K), 0.0090230 secs] [Times: user=0.02 sys=0.00, real=0.01 secs] 
2014-07-08T07:39:56.596+0000: 3241.687: [GC [PSYoungGen: 771232K->448K(742080K)] 1088737K->318121K(1429056K), 0.0077420 secs] [Times: user=0.02 sys=0.00, real=0.01 secs] 
2014-07-08T07:39:58.236+0000: 3243.326: [GC [PSYoungGen: 742080K->224K(714432K)] 1059753K->317993K(1401408K), 0.0061960 secs] [Times: user=0.01 sys=0.00, real=0.01 secs] 
2014-07-08T07:39:59.822+0000: 3244.913: [GC [PSYoungGen: 714400K->662K(688704K)] 1032169K->318535K(1375680K), 0.0056860 secs] [Times: user=0.02 sys=0.00, real=0.00 secs] 
2014-07-08T07:40:01.308+0000: 3246.398: [GC [PSYoungGen: 688662K->288K(663296K)] 1006535K->318217K(1350272K), 0.0171260 secs] [Times: user=0.07 sys=0.00, real=0.02 secs] 
2014-07-08T07:40:02.798+0000: 3247.888: [GC [PSYoungGen: 663264K->544K(639744K)] 981193K->318593K(1326720K), 0.0095270 secs] [Times: user=0.02 sys=0.00, real=0.01 secs] 
2014-07-08T07:40:04.183+0000: 3249.274: [GC [PSYoungGen: 639660K->224K(616704K)] 957709K->318385K(1303680K), 0.0179630 secs] [Times: user=0.07 sys=0.00, real=0.01 secs] 
2014-07-08T07:40:05.544+0000: 3250.635: [GC [PSYoungGen: 616672K->256K(595008K)] 934833K->318529K(1281984K), 0.0187750 secs] [Times: user=0.06 sys=0.00, real=0.02 secs] 
2014-07-08T07:40:06.878+0000: 3251.969: [GC [PSYoungGen: 594912K->672K(714432K)] 913185K->319057K(1401408K), 0.0281250 secs] [Times: user=0.09 sys=0.00, real=0.03 secs] 
2014-07-08T07:40:08.428+0000: 3253.519: [GC [PSYoungGen: 714400K->224K(856768K)] 1032785K->318697K(1543744K), 0.0120650 secs] [Times: user=0.04 sys=0.00, real=0.01 secs] 
2014-07-08T07:40:10.318+0000: 3255.409: [GC [PSYoungGen: 856736K->256K(823872K)] 1175209K->318833K(1510848K), 0.0052080 secs] [Times: user=0.02 sys=0.00, real=0.01 secs] 
2014-07-08T07:40:12.137+0000: 3257.228: [GC [PSYoungGen: 823872K->470K(792768K)] 1142449K->319119K(1479744K), 0.0100410 secs] [Times: user=0.04 sys=0.00, real=0.01 secs] 
2014-07-08T07:40:13.912+0000: 3259.002: [GC [PSYoungGen: 792724K->800K(763200K)] 1111374K->319601K(1450176K), 0.0195410 secs] [Times: user=0.06 sys=0.00, real=0.02 secs] 
2014-07-08T07:40:15.561+0000: 3260.652: [GC [PSYoungGen: 763068K->452K(734400K)] 1081869K->319389K(1421376K), 0.0117930 secs] [Times: user=0.05 sys=0.00, real=0.01 secs] 
2014-07-08T07:40:17.174+0000: 3262.265: [GC [PSYoungGen: 734340K->324K(707136K)] 1053277K->319357K(1394112K), 0.0130060 secs] [Times: user=0.05 sys=0.00, real=0.01 secs] 
2014-07-08T07:40:18.748+0000: 3263.839: [GC [PSYoungGen: 707076K->594K(681536K)] 1026109K->319755K(1368512K), 0.0166950 secs] [Times: user=0.05 sys=0.00, real=0.02 secs] 
2014-07-08T07:40:20.238+0000: 3265.328: [GC [PSYoungGen: 681490K->288K(656576K)] 1000651K->319545K(1343552K), 0.0102620 secs] [Times: user=0.01 sys=0.00, real=0.01 secs] 
2014-07-08T07:40:21.701+0000: 3266.792: [GC [PSYoungGen: 656460K->704K(788224K)] 975717K->320041K(1475200K), 0.0301590 secs] [Times: user=0.11 sys=0.00, real=0.03 secs] 
2014-07-08T07:40:23.431+0000: 3268.522: [GC [PSYoungGen: 788224K->822K(945856K)] 1107561K->320295K(1632832K), 0.0368690 secs] [Times: user=0.14 sys=0.00, real=0.04 secs] 
2014-07-08T07:40:25.506+0000: 3270.596: [GC [PSYoungGen: 945824K->374K(1134464K)] 1265297K->319967K(1821440K), 0.0055230 secs] [Times: user=0.01 sys=0.01, real=0.00 secs] 
2014-07-08T07:40:28.065+0000: 3273.155: [GC [PSYoungGen: 1134454K->448K(1361344K)] 1454047K->320185K(2048320K), 0.0269840 secs] [Times: user=0.10 sys=0.00, real=0.03 secs] 
2014-07-08T07:40:31.013+0000: 3276.103: [GC [PSYoungGen: 1361344K->288K(1304064K)] 1681081K->320201K(1991040K), 0.0220270 secs] [Times: user=0.08 sys=0.00, real=0.02 secs] 
2014-07-08T07:40:33.911+0000: 3279.001: [GC [PSYoungGen: 1304032K->608K(1249984K)] 1623945K->320657K(1936960K), 0.0121040 secs] [Times: user=0.04 sys=0.00, real=0.01 secs] 
2014-07-08T07:40:36.643+0000: 3281.734: [GC [PSYoungGen: 1249952K->576K(1198144K)] 1570001K->320833K(1885120K), 0.0228230 secs] [Times: user=0.08 sys=0.00, real=0.02 secs] 
2014-07-08T07:40:39.277+0000: 3284.367: [GC [PSYoungGen: 1198144K->288K(1148672K)] 1518401K->320697K(1835648K), 0.0186100 secs] [Times: user=0.07 sys=0.00, real=0.02 secs] 
2014-07-08T07:40:41.836+0000: 3286.926: [GC [PSYoungGen: 1148544K->676K(1102208K)] 1468953K->321245K(1789184K), 0.0085670 secs] [Times: user=0.03 sys=0.01, real=0.01 secs] 
2014-07-08T07:40:44.235+0000: 3289.325: [GC [PSYoungGen: 1102180K->512K(1322368K)] 1422749K->321249K(2009344K), 0.0503290 secs] [Times: user=0.16 sys=0.00, real=0.05 secs] 
2014-07-08T07:40:47.160+0000: 3292.251: [GC [PSYoungGen: 1322356K->416K(1267008K)] 1643094K->321377K(1953984K), 0.0171380 secs] [Times: user=0.06 sys=0.00, real=0.01 secs] 
2014-07-08T07:40:50.035+0000: 3295.126: [GC [PSYoungGen: 1266976K->900K(1214912K)] 1587937K->322029K(1901888K), 0.0066590 secs] [Times: user=0.01 sys=0.00, real=0.01 secs] 
2014-07-08T07:40:52.645+0000: 3297.735: [GC [PSYoungGen: 1214852K->512K(1164416K)] 1535981K->321809K(1851392K), 0.0073280 secs] [Times: user=0.02 sys=0.00, real=0.01 secs] 
2014-07-08T07:40:55.211+0000: 3300.302: [GC [PSYoungGen: 1164416K->548K(1116864K)] 1485713K->321997K(1803840K), 0.0164580 secs] [Times: user=0.07 sys=0.00, real=0.01 secs] 
2014-07-08T07:40:57.673+0000: 3302.763: [GC [PSYoungGen: 1116836K->324K(1071360K)] 1438285K->322053K(1758336K), 0.0103360 secs] [Times: user=0.03 sys=0.00, real=0.01 secs] 
2014-07-08T07:41:00.061+0000: 3305.151: [GC [PSYoungGen: 1071300K->452K(1028352K)] 1393029K->322261K(1715328K), 0.0261000 secs] [Times: user=0.09 sys=0.00, real=0.02 secs] 
2014-07-08T07:41:02.292+0000: 3307.382: [GC [PSYoungGen: 1028292K->320K(987072K)] 1350101K->322305K(1674048K), 0.0186120 secs] [Times: user=0.06 sys=0.00, real=0.01 secs] 
2014-07-08T07:41:04.470+0000: 3309.560: [GC [PSYoungGen: 987071K->602K(948288K)] 1309056K->322747K(1635264K), 0.0250770 secs] [Times: user=0.10 sys=0.00, real=0.03 secs] 
2014-07-08T07:41:06.576+0000: 3311.666: [GC [PSYoungGen: 948250K->512K(910912K)] 1270395K->322833K(1597888K), 0.0043870 secs] [Times: user=0.02 sys=0.00, real=0.00 secs] 
2014-07-08T07:41:08.637+0000: 3313.728: [GC [PSYoungGen: 910829K->576K(875520K)] 1233150K->323001K(1562496K), 0.0119400 secs] [Times: user=0.03 sys=0.00, real=0.01 secs] 
2014-07-08T07:41:10.493+0000: 3315.584: [GC [PSYoungGen: 875520K->320K(841472K)] 1197945K->322889K(1528448K), 0.0049930 secs] [Times: user=0.02 sys=0.00, real=0.00 secs] 
2014-07-08T07:41:12.347+0000: 3317.437: [GC [PSYoungGen: 841472K->288K(809280K)] 1164041K->322913K(1496256K), 0.0170310 secs] [Times: user=0.06 sys=0.00, real=0.02 secs] 
2014-07-08T07:41:14.142+0000: 3319.233: [GC [PSYoungGen: 809238K->384K(778688K)] 1131864K->323153K(1465664K), 0.0119610 secs] [Times: user=0.02 sys=0.00, real=0.02 secs] 
2014-07-08T07:41:15.866+0000: 3320.956: [GC [PSYoungGen: 778688K->690K(934720K)] 1101457K->323643K(1621696K), 0.0472080 secs] [Times: user=0.15 sys=0.01, real=0.05 secs] 
2014-07-08T07:41:17.960+0000: 3323.050: [GC [PSYoungGen: 934616K->868K(1121728K)] 1257569K->323933K(1808704K), 0.0471130 secs] [Times: user=0.18 sys=0.00, real=0.05 secs] 
2014-07-08T07:41:20.371+0000: 3325.461: [GC [PSYoungGen: 1121700K->224K(1345280K)] 1444765K->323385K(2032256K), 0.0218980 secs] [Times: user=0.08 sys=0.00, real=0.02 secs] 
2014-07-08T07:41:23.380+0000: 3328.471: [GC [PSYoungGen: 1345248K->1014K(1615104K)] 1668409K->324463K(2302080K), 0.0135690 secs] [Times: user=0.05 sys=0.00, real=0.01 secs] 
2014-07-08T07:41:26.902+0000: 3331.992: [GC [PSYoungGen: 1615087K->736K(1545280K)] 1938536K->324419K(2232256K), 0.0131340 secs] [Times: user=0.05 sys=0.00, real=0.02 secs] 
2014-07-08T07:41:30.378+0000: 3335.469: [GC [PSYoungGen: 1545165K->680K(1479040K)] 1868849K->324595K(2166016K), 0.0344950 secs] [Times: user=0.13 sys=0.00, real=0.03 secs] 
2014-07-08T07:41:33.583+0000: 3338.673: [GC [PSYoungGen: 1478944K->754K(1416192K)] 1802859K->324893K(2103168K), 0.0221590 secs] [Times: user=0.07 sys=0.00, real=0.02 secs] 
2014-07-08T07:41:36.658+0000: 3341.749: [GC [PSYoungGen: 1416178K->644K(1356288K)] 1740317K->324999K(2043264K), 0.0078100 secs] [Times: user=0.02 sys=0.00, real=0.01 secs] 
2014-07-08T07:41:39.668+0000: 3344.758: [GC [PSYoungGen: 1356228K->896K(1299584K)] 1680583K->325443K(1986560K), 0.0466450 secs] [Times: user=0.17 sys=0.00, real=0.04 secs] 
2014-07-08T07:41:42.519+0000: 3347.610: [GC [PSYoungGen: 1299584K->352K(1244928K)] 1624131K->325035K(1931904K), 0.0152660 secs] [Times: user=0.06 sys=0.00, real=0.01 secs] 
2014-07-08T07:41:45.268+0000: 3350.359: [GC [PSYoungGen: 1244833K->580K(1193664K)] 1569516K->325519K(1880640K), 0.0214150 secs] [Times: user=0.07 sys=0.00, real=0.02 secs] 
2014-07-08T07:41:47.954+0000: 3353.044: [GC [PSYoungGen: 1193576K->836K(1144896K)] 1518515K->325975K(1831872K), 0.0206200 secs] [Times: user=0.06 sys=0.00, real=0.02 secs] 
2014-07-08T07:41:50.497+0000: 3355.587: [GC [PSYoungGen: 1144836K->630K(1097984K)] 1469975K->325945K(1784960K), 0.0077630 secs] [Times: user=0.01 sys=0.00, real=0.01 secs] 
2014-07-08T07:41:52.889+0000: 3357.980: [GC [PSYoungGen: 1097969K->768K(1053696K)] 1423284K->326259K(1740672K), 0.0071500 secs] [Times: user=0.01 sys=0.00, real=0.00 secs] 
2014-07-08T07:41:55.173+0000: 3360.263: [GC [PSYoungGen: 1053671K->448K(1011136K)] 1379163K->326115K(1698112K), 0.0255040 secs] [Times: user=0.09 sys=0.00, real=0.02 secs] 
2014-07-08T07:41:57.403+0000: 3362.494: [GC [PSYoungGen: 1011136K->306K(970752K)] 1336803K->326149K(1657728K), 0.0224410 secs] [Times: user=0.07 sys=0.00, real=0.02 secs] 
2014-07-08T07:41:59.556+0000: 3364.646: [GC [PSYoungGen: 970738K->256K(932352K)] 1296581K->326227K(1619328K), 0.0227180 secs] [Times: user=0.08 sys=0.00, real=0.02 secs] 
2014-07-08T07:42:01.635+0000: 3366.725: [GC [PSYoungGen: 932352K->562K(896192K)] 1258323K->326645K(1583168K), 0.0097440 secs] [Times: user=0.03 sys=0.00, real=0.01 secs] 
2014-07-08T07:42:03.601+0000: 3368.692: [GC [PSYoungGen: 896172K->470K(861376K)] 1222255K->326705K(1548352K), 0.0170610 secs] [Times: user=0.06 sys=0.00, real=0.01 secs] 
2014-07-08T07:42:05.508+0000: 3370.598: [GC [PSYoungGen: 861334K->288K(828096K)] 1187569K->326651K(1515072K), 0.0061850 secs] [Times: user=0.01 sys=0.00, real=0.01 secs] 
2014-07-08T07:42:07.341+0000: 3372.431: [GC [PSYoungGen: 828064K->320K(796544K)] 1154427K->326867K(1483520K), 0.0177910 secs] [Times: user=0.07 sys=0.00, real=0.02 secs] 
2014-07-08T07:42:09.192+0000: 3374.283: [GC [PSYoungGen: 796544K->544K(766784K)] 1123091K->327211K(1453760K), 0.0173110 secs] [Times: user=0.06 sys=0.00, real=0.01 secs] 
2014-07-08T07:42:10.797+0000: 3375.887: [GC [PSYoungGen: 766662K->548K(738176K)] 1093330K->327303K(1425152K), 0.0167160 secs] [Times: user=0.05 sys=0.00, real=0.02 secs] 
2014-07-08T07:42:12.414+0000: 3377.505: [GC [PSYoungGen: 738148K->438K(885568K)] 1064903K->327265K(1572544K), 0.0283050 secs] [Times: user=0.10 sys=0.00, real=0.03 secs] 
2014-07-08T07:42:14.355+0000: 3379.445: [GC [PSYoungGen: 885558K->338K(851264K)] 1212385K->327293K(1538240K), 0.0117040 secs] [Times: user=0.02 sys=0.00, real=0.01 secs] 
2014-07-08T07:42:16.231+0000: 3381.321: [GC [PSYoungGen: 851218K->356K(1021440K)] 1178173K->327479K(1708416K), 0.0220120 secs] [Times: user=0.08 sys=0.00, real=0.03 secs] 
2014-07-08T07:42:18.489+0000: 3383.579: [GC [PSYoungGen: 1021412K->388K(1225728K)] 1348535K->327623K(1912704K), 0.0317520 secs] [Times: user=0.12 sys=0.00, real=0.03 secs] 
2014-07-08T07:42:21.194+0000: 3386.284: [GC [PSYoungGen: 1225661K->434K(1175168K)] 1552896K->327797K(1862144K), 0.0182740 secs] [Times: user=0.06 sys=0.00, real=0.01 secs] 
2014-07-08T07:42:23.822+0000: 3388.912: [GC [PSYoungGen: 1175154K->832K(1127424K)] 1502517K->328363K(1814400K), 0.0071700 secs] [Times: user=0.02 sys=0.00, real=0.01 secs] 
2014-07-08T07:42:26.280+0000: 3391.370: [GC [PSYoungGen: 1127424K->288K(1081088K)] 1454955K->328003K(1768064K), 0.0062770 secs] [Times: user=0.01 sys=0.00, real=0.01 secs] 
2014-07-08T07:42:28.674+0000: 3393.765: [GC [PSYoungGen: 1081056K->530K(1037760K)] 1408771K->328421K(1724736K), 0.0179260 secs] [Times: user=0.06 sys=0.00, real=0.01 secs] 
2014-07-08T07:42:30.993+0000: 3396.083: [GC [PSYoungGen: 1037713K->772K(996480K)] 1365605K->328775K(1683456K), 0.0064740 secs] [Times: user=0.02 sys=0.00, real=0.01 secs] 
2014-07-08T07:42:33.203+0000: 3398.294: [GC [PSYoungGen: 996420K->480K(956672K)] 1324423K->328635K(1643648K), 0.0044050 secs] [Times: user=0.01 sys=0.00, real=0.01 secs] 
2014-07-08T07:42:35.278+0000: 3400.369: [GC [PSYoungGen: 956640K->434K(918976K)] 1284795K->328749K(1605952K), 0.0100970 secs] [Times: user=0.04 sys=0.00, real=0.01 secs] 
2014-07-08T07:42:37.295+0000: 3402.385: [GC [PSYoungGen: 918878K->292K(883008K)] 1247193K->328767K(1569984K), 0.0062800 secs] [Times: user=0.02 sys=0.00, real=0.00 secs] 
2014-07-08T07:42:39.247+0000: 3404.337: [GC [PSYoungGen: 882980K->224K(848832K)] 1211455K->328803K(1535808K), 0.0249330 secs] [Times: user=0.09 sys=0.00, real=0.02 secs] 
2014-07-08T07:42:41.125+0000: 3406.216: [GC [PSYoungGen: 848750K->256K(816320K)] 1177329K->328939K(1503296K), 0.0178950 secs] [Times: user=0.07 sys=0.00, real=0.02 secs] 
2014-07-08T07:42:42.965+0000: 3408.055: [GC [PSYoungGen: 816320K->896K(785984K)] 1145003K->329715K(1472960K), 0.0223560 secs] [Times: user=0.08 sys=0.00, real=0.03 secs] 
2014-07-08T07:42:44.712+0000: 3409.802: [GC [PSYoungGen: 785984K->722K(942912K)] 1114803K->329653K(1629888K), 0.0267670 secs] [Times: user=0.10 sys=0.01, real=0.03 secs] 
2014-07-08T07:42:46.759+0000: 3411.849: [GC [PSYoungGen: 942866K->576K(1131200K)] 1271797K->329715K(1818176K), 0.0227710 secs] [Times: user=0.07 sys=0.00, real=0.02 secs] 
2014-07-08T07:42:49.236+0000: 3414.326: [GC [PSYoungGen: 1131200K->256K(1084864K)] 1460339K->329499K(1771840K), 0.0076080 secs] [Times: user=0.03 sys=0.00, real=0.01 secs] 
2014-07-08T07:42:51.633+0000: 3416.723: [GC [PSYoungGen: 1084849K->192K(1041024K)] 1414092K->329555K(1728000K), 0.0218350 secs] [Times: user=0.09 sys=0.00, real=0.02 secs] 
2014-07-08T07:42:53.957+0000: 3419.048: [GC [PSYoungGen: 1041024K->594K(999808K)] 1370387K->330077K(1686784K), 0.0055110 secs] [Times: user=0.01 sys=0.00, real=0.01 secs] 
2014-07-08T07:42:56.140+0000: 3421.230: [GC [PSYoungGen: 999762K->384K(959872K)] 1329245K->330067K(1646848K), 0.0087460 secs] [Times: user=0.02 sys=0.00, real=0.01 secs] 
2014-07-08T07:42:58.277+0000: 3423.367: [GC [PSYoungGen: 959871K->320K(922048K)] 1289554K->330179K(1609024K), 0.0210900 secs] [Times: user=0.08 sys=0.00, real=0.02 secs] 
2014-07-08T07:43:00.296+0000: 3425.387: [GC [PSYoungGen: 922048K->320K(886080K)] 1251907K->330275K(1573056K), 0.0327020 secs] [Times: user=0.12 sys=0.00, real=0.04 secs] 
2014-07-08T07:43:02.269+0000: 3427.359: [GC [PSYoungGen: 886080K->946K(852416K)] 1216035K->331061K(1539392K), 0.0201950 secs] [Times: user=0.05 sys=0.00, real=0.02 secs] 
2014-07-08T07:43:04.218+0000: 3429.308: [GC [PSYoungGen: 852402K->448K(819264K)] 1182517K->330707K(1506240K), 0.0099880 secs] [Times: user=0.03 sys=0.00, real=0.01 secs] 
2014-07-08T07:43:06.006+0000: 3431.096: [GC [PSYoungGen: 819263K->726K(788480K)] 1149522K->331169K(1475456K), 0.0117980 secs] [Times: user=0.05 sys=0.00, real=0.01 secs] 
2014-07-08T07:43:07.705+0000: 3432.796: [GC [PSYoungGen: 788430K->626K(758720K)] 1118873K->331245K(1445696K), 0.0152280 secs] [Times: user=0.06 sys=0.00, real=0.02 secs] 
2014-07-08T07:43:09.405+0000: 3434.495: [GC [PSYoungGen: 758706K->288K(730176K)] 1089325K->330971K(1417152K), 0.0244100 secs] [Times: user=0.10 sys=0.00, real=0.02 secs] 
2014-07-08T07:43:11.060+0000: 3436.151: [GC [PSYoungGen: 730144K->918K(703872K)] 1060827K->331697K(1390848K), 0.0162910 secs] [Times: user=0.06 sys=0.00, real=0.02 secs] 
2014-07-08T07:43:12.538+0000: 3437.628: [GC [PSYoungGen: 703830K->416K(677696K)] 1034609K->331363K(1364672K), 0.0113970 secs] [Times: user=0.02 sys=0.00, real=0.01 secs] 
2014-07-08T07:43:14.127+0000: 3439.217: [GC [PSYoungGen: 677622K->818K(653568K)] 1008569K->331861K(1340544K), 0.0071270 secs] [Times: user=0.01 sys=0.00, real=0.01 secs] 
2014-07-08T07:43:15.483+0000: 3440.573: [GC [PSYoungGen: 653549K->256K(783552K)] 984592K->331435K(1470528K), 0.0295180 secs] [Times: user=0.11 sys=0.00, real=0.03 secs] 
2014-07-08T07:43:17.207+0000: 3442.297: [GC [PSYoungGen: 783552K->256K(940224K)] 1114731K->331579K(1627200K), 0.0106920 secs] [Times: user=0.03 sys=0.00, real=0.01 secs] 
2014-07-08T07:43:19.351+0000: 3444.441: [GC [PSYoungGen: 940224K->530K(903680K)] 1271547K->331949K(1590656K), 0.0132560 secs] [Times: user=0.06 sys=0.00, real=0.02 secs] 
2014-07-08T07:43:21.266+0000: 3446.356: [GC [PSYoungGen: 903634K->320K(1084096K)] 1235053K->331835K(1771072K), 0.0336200 secs] [Times: user=0.12 sys=0.00, real=0.03 secs] 
2014-07-08T07:43:23.671+0000: 3448.761: [GC [PSYoungGen: 1084093K->384K(1040384K)] 1415608K->332059K(1727360K), 0.0114230 secs] [Times: user=0.04 sys=0.00, real=0.02 secs] 
2014-07-08T07:43:25.991+0000: 3451.082: [GC [PSYoungGen: 1040384K->850K(999232K)] 1372059K->332637K(1686208K), 0.0194550 secs] [Times: user=0.08 sys=0.00, real=0.02 secs] 
2014-07-08T07:43:28.173+0000: 3453.263: [GC [PSYoungGen: 999186K->402K(959168K)] 1330973K->332405K(1646144K), 0.0066570 secs] [Times: user=0.02 sys=0.00, real=0.01 secs] 
2014-07-08T07:43:30.337+0000: 3455.428: [GC [PSYoungGen: 959122K->370K(921344K)] 1291125K->332461K(1608320K), 0.0057680 secs] [Times: user=0.02 sys=0.00, real=0.01 secs] 
2014-07-08T07:43:32.336+0000: 3457.426: [GC [PSYoungGen: 921330K->192K(885184K)] 1253421K->332427K(1572160K), 0.0061960 secs] [Times: user=0.01 sys=0.00, real=0.00 secs] 
2014-07-08T07:43:34.289+0000: 3459.379: [GC [PSYoungGen: 885184K->320K(1062336K)] 1217419K->332683K(1749312K), 0.0674740 secs] [Times: user=0.24 sys=0.00, real=0.07 secs] 
2014-07-08T07:43:36.635+0000: 3461.726: [GC [PSYoungGen: 1062336K->480K(1274944K)] 1394699K->332955K(1961920K), 0.0234170 secs] [Times: user=0.09 sys=0.00, real=0.02 secs] 
2014-07-08T07:43:39.442+0000: 3464.532: [GC [PSYoungGen: 1274912K->320K(1529664K)] 1607387K->332995K(2216640K), 0.0262780 secs] [Times: user=0.09 sys=0.00, real=0.03 secs] 
2014-07-08T07:43:42.844+0000: 3467.935: [GC [PSYoungGen: 1529664K->950K(1464896K)] 1862339K->333777K(2151872K), 0.0066750 secs] [Times: user=0.02 sys=0.00, real=0.01 secs] 
2014-07-08T07:43:46.099+0000: 3471.190: [GC [PSYoungGen: 1464886K->480K(1402240K)] 1797713K->333555K(2089216K), 0.0133660 secs] [Times: user=0.05 sys=0.00, real=0.01 secs] 
2014-07-08T07:43:49.155+0000: 3474.245: [GC [PSYoungGen: 1402208K->484K(1343040K)] 1735283K->333823K(2030016K), 0.0298710 secs] [Times: user=0.11 sys=0.00, real=0.03 secs] 
2014-07-08T07:43:52.138+0000: 3477.228: [GC [PSYoungGen: 1343012K->690K(1286976K)] 1676351K->334165K(1973952K), 0.0255720 secs] [Times: user=0.09 sys=0.00, real=0.02 secs] 
2014-07-08T07:43:54.972+0000: 3480.063: [GC [PSYoungGen: 1286907K->800K(1233536K)] 1620382K->334483K(1920512K), 0.0193840 secs] [Times: user=0.07 sys=0.00, real=0.02 secs] 
2014-07-08T07:43:57.665+0000: 3482.755: [GC [PSYoungGen: 1233504K->480K(1182272K)] 1567187K->334347K(1869248K), 0.0234990 secs] [Times: user=0.09 sys=0.01, real=0.03 secs] 
2014-07-08T07:44:00.267+0000: 3485.357: [GC [PSYoungGen: 1182203K->224K(1133568K)] 1516070K->334283K(1820544K), 0.0151540 secs] [Times: user=0.05 sys=0.00, real=0.02 secs] 
2014-07-08T07:44:02.799+0000: 3487.889: [GC [PSYoungGen: 1133536K->964K(1088192K)] 1467595K->335135K(1775168K), 0.0098730 secs] [Times: user=0.02 sys=0.00, real=0.01 secs] 
2014-07-08T07:44:05.201+0000: 3490.292: [GC [PSYoungGen: 1088132K->480K(1043776K)] 1422303K->334859K(1730752K), 0.0047720 secs] [Times: user=0.01 sys=0.00, real=0.00 secs] 
2014-07-08T07:44:07.522+0000: 3492.613: [GC [PSYoungGen: 1043744K->466K(1001984K)] 1378123K->335029K(1688960K), 0.0140840 secs] [Times: user=0.04 sys=0.01, real=0.01 secs] 
2014-07-08T07:44:09.695+0000: 3494.785: [GC [PSYoungGen: 1001938K->576K(962240K)] 1336501K->335315K(1649216K), 0.0053780 secs] [Times: user=0.02 sys=0.00, real=0.01 secs] 
2014-07-08T07:44:11.968+0000: 3497.059: [GC [PSYoungGen: 962240K->822K(924608K)] 1296979K->335657K(1611584K), 0.0323700 secs] [Times: user=0.12 sys=0.01, real=0.04 secs] 
2014-07-08T07:44:13.883+0000: 3498.973: [GC [PSYoungGen: 924585K->832K(888512K)] 1259420K->335915K(1575488K), 0.0189270 secs] [Times: user=0.07 sys=0.00, real=0.02 secs] 
2014-07-08T07:44:15.883+0000: 3500.974: [GC [PSYoungGen: 888512K->1266K(854592K)] 1223595K->336501K(1541568K), 0.0073240 secs] [Times: user=0.03 sys=0.00, real=0.01 secs] 
2014-07-08T07:44:17.693+0000: 3502.783: [GC [PSYoungGen: 854480K->480K(821056K)] 1189716K->335859K(1508032K), 0.0275760 secs] [Times: user=0.10 sys=0.00, real=0.02 secs] 
2014-07-08T07:44:19.500+0000: 3504.590: [GC [PSYoungGen: 821024K->192K(789568K)] 1156403K->335683K(1476544K), 0.0049050 secs] [Times: user=0.02 sys=0.00, real=0.01 secs] 
2014-07-08T07:44:21.322+0000: 3506.412: [GC [PSYoungGen: 789568K->480K(760192K)] 1125059K->336075K(1447168K), 0.0155990 secs] [Times: user=0.06 sys=0.00, real=0.01 secs] 
2014-07-08T07:44:22.992+0000: 3508.082: [GC [PSYoungGen: 760160K->832K(732160K)] 1095755K->336603K(1419136K), 0.0145680 secs] [Times: user=0.05 sys=0.00, real=0.01 secs] 
2014-07-08T07:44:24.550+0000: 3509.640: [GC [PSYoungGen: 732160K->484K(704832K)] 1067931K->336415K(1391808K), 0.0068300 secs] [Times: user=0.02 sys=0.00, real=0.01 secs] 
2014-07-08T07:44:26.199+0000: 3511.289: [GC [PSYoungGen: 704804K->544K(679168K)] 1040735K->336603K(1366144K), 0.0055440 secs] [Times: user=0.02 sys=0.01, real=0.01 secs] 
2014-07-08T07:44:27.609+0000: 3512.700: [GC [PSYoungGen: 679136K->192K(654208K)] 1015195K->336403K(1341184K), 0.0086470 secs] [Times: user=0.03 sys=0.00, real=0.01 secs] 
2014-07-08T07:44:29.100+0000: 3514.190: [GC [PSYoungGen: 654208K->658K(631296K)] 990419K->336981K(1318272K), 0.0260330 secs] [Times: user=0.09 sys=0.01, real=0.03 secs] 
2014-07-08T07:44:30.451+0000: 3515.541: [GC [PSYoungGen: 631250K->406K(757184K)] 967573K->336809K(1444160K), 0.0296620 secs] [Times: user=0.10 sys=0.00, real=0.03 secs] 
2014-07-08T07:44:32.190+0000: 3517.280: [GC [PSYoungGen: 757142K->448K(908544K)] 1093545K->336923K(1595520K), 0.0193990 secs] [Times: user=0.07 sys=0.00, real=0.02 secs] 
2014-07-08T07:44:34.132+0000: 3519.223: [GC [PSYoungGen: 908544K->224K(1089984K)] 1245019K->336851K(1776960K), 0.0196020 secs] [Times: user=0.07 sys=0.00, real=0.02 secs] 
2014-07-08T07:44:36.545+0000: 3521.636: [GC [PSYoungGen: 1089952K->552K(1046272K)] 1426579K->337315K(1733248K), 0.0108790 secs] [Times: user=0.01 sys=0.00, real=0.01 secs] 
2014-07-08T07:44:38.857+0000: 3523.947: [GC [PSYoungGen: 1046248K->594K(1004416K)] 1383011K->337509K(1691392K), 0.0119200 secs] [Times: user=0.03 sys=0.01, real=0.01 secs] 
2014-07-08T07:44:41.113+0000: 3526.204: [GC [PSYoungGen: 1004370K->320K(964224K)] 1341285K->337371K(1651200K), 0.0252430 secs] [Times: user=0.10 sys=0.00, real=0.03 secs] 
2014-07-08T07:44:43.285+0000: 3528.376: [GC [PSYoungGen: 964224K->548K(926464K)] 1301275K->337719K(1613440K), 0.0062310 secs] [Times: user=0.01 sys=0.00, real=0.00 secs] 
2014-07-08T07:44:45.254+0000: 3530.345: [GC [PSYoungGen: 926436K->352K(890112K)] 1263607K->337699K(1577088K), 0.0252350 secs] [Times: user=0.10 sys=0.00, real=0.03 secs] 
2014-07-08T07:44:47.230+0000: 3532.321: [GC [PSYoungGen: 890075K->338K(855680K)] 1227422K->337805K(1542656K), 0.0060950 secs] [Times: user=0.01 sys=0.00, real=0.01 secs] 
2014-07-08T07:44:49.152+0000: 3534.242: [GC [PSYoungGen: 855634K->256K(822720K)] 1193101K->337851K(1509696K), 0.0070520 secs] [Times: user=0.01 sys=0.00, real=0.01 secs] 
2014-07-08T07:44:50.960+0000: 3536.051: [GC [PSYoungGen: 822720K->932K(792128K)] 1160315K->338647K(1479104K), 0.0232630 secs] [Times: user=0.08 sys=0.01, real=0.02 secs] 
2014-07-08T07:44:52.697+0000: 3537.787: [GC [PSYoungGen: 792100K->708K(950208K)] 1129815K->338535K(1637184K), 0.0299230 secs] [Times: user=0.10 sys=0.00, real=0.03 secs] 
2014-07-08T07:44:54.816+0000: 3539.907: [GC [PSYoungGen: 950144K->630K(912768K)] 1287971K->338801K(1599744K), 0.0124520 secs] [Times: user=0.02 sys=0.01, real=0.01 secs] 
2014-07-08T07:44:56.834+0000: 3541.925: [GC [PSYoungGen: 912758K->640K(877248K)] 1250929K->338979K(1564224K), 0.0080420 secs] [Times: user=0.02 sys=0.00, real=0.01 secs] 
2014-07-08T07:44:58.776+0000: 3543.867: [GC [PSYoungGen: 877248K->790K(843584K)] 1215587K->339321K(1530560K), 0.0246180 secs] [Times: user=0.08 sys=0.00, real=0.03 secs] 
2014-07-08T07:45:00.624+0000: 3545.714: [GC [PSYoungGen: 843542K->224K(1011584K)] 1182073K->338867K(1698560K), 0.0281170 secs] [Times: user=0.10 sys=0.00, real=0.03 secs] 
2014-07-08T07:45:02.866+0000: 3547.957: [GC [PSYoungGen: 1011552K->594K(1214272K)] 1350195K->339317K(1901248K), 0.0210460 secs] [Times: user=0.08 sys=0.00, real=0.02 secs] 
2014-07-08T07:45:05.533+0000: 3550.624: [GC [PSYoungGen: 1214159K->950K(1164544K)] 1552883K->339841K(1851520K), 0.0059370 secs] [Times: user=0.02 sys=0.00, real=0.01 secs] 
2014-07-08T07:45:08.172+0000: 3553.263: [GC [PSYoungGen: 1164534K->690K(1116672K)] 1503425K->339789K(1803648K), 0.0291140 secs] [Times: user=0.11 sys=0.00, real=0.03 secs] 
2014-07-08T07:45:10.565+0000: 3555.655: [GC [PSYoungGen: 1116656K->256K(1070912K)] 1455755K->339515K(1757888K), 0.0096620 secs] [Times: user=0.03 sys=0.01, real=0.01 secs] 
2014-07-08T07:45:12.947+0000: 3558.037: [GC [PSYoungGen: 1070877K->808K(1028352K)] 1410136K->340203K(1715328K), 0.0224870 secs] [Times: user=0.08 sys=0.00, real=0.03 secs] 
2014-07-08T07:45:15.215+0000: 3560.305: [GC [PSYoungGen: 1028328K->448K(1233472K)] 1367723K->340019K(1920448K), 0.0375850 secs] [Times: user=0.15 sys=0.00, real=0.04 secs] 
2014-07-08T07:45:17.972+0000: 3563.062: [GC [PSYoungGen: 1233472K->882K(1182976K)] 1573043K->340661K(1869952K), 0.0257930 secs] [Times: user=0.09 sys=0.00, real=0.02 secs] 
2014-07-08T07:45:20.534+0000: 3565.625: [GC [PSYoungGen: 1182962K->306K(1133888K)] 1522741K->340237K(1820864K), 0.0169840 secs] [Times: user=0.06 sys=0.00, real=0.02 secs] 
2014-07-08T07:45:23.107+0000: 3568.197: [GC [PSYoungGen: 1133874K->768K(1088192K)] 1473805K->340835K(1775168K), 0.0124740 secs] [Times: user=0.04 sys=0.00, real=0.01 secs] 
2014-07-08T07:45:25.456+0000: 3570.546: [GC [PSYoungGen: 1088192K->530K(1044096K)] 1428259K->340813K(1731072K), 0.0248820 secs] [Times: user=0.09 sys=0.00, real=0.02 secs] 
2014-07-08T07:45:27.768+0000: 3572.859: [GC [PSYoungGen: 1044046K->288K(1002048K)] 1384329K->340755K(1689024K), 0.0253630 secs] [Times: user=0.09 sys=0.00, real=0.03 secs] 
2014-07-08T07:45:30.054+0000: 3575.144: [GC [PSYoungGen: 1001939K->516K(962496K)] 1342407K->341119K(1649472K), 0.0107300 secs] [Times: user=0.03 sys=0.00, real=0.01 secs] 
2014-07-08T07:45:32.216+0000: 3577.307: [GC [PSYoungGen: 962436K->658K(924736K)] 1303039K->341381K(1611712K), 0.0086870 secs] [Times: user=0.02 sys=0.00, real=0.01 secs] 
2014-07-08T07:45:34.162+0000: 3579.253: [GC [PSYoungGen: 924690K->306K(888256K)] 1265413K->341197K(1575232K), 0.0238370 secs] [Times: user=0.09 sys=0.00, real=0.02 secs] 
2014-07-08T07:45:36.146+0000: 3581.236: [GC [PSYoungGen: 888166K->630K(854208K)] 1229057K->341673K(1541184K), 0.0250340 secs] [Times: user=0.09 sys=0.00, real=0.02 secs] 
2014-07-08T07:45:38.056+0000: 3583.147: [GC [PSYoungGen: 854196K->608K(821440K)] 1195240K->341795K(1508416K), 0.0058880 secs] [Times: user=0.01 sys=0.00, real=0.00 secs] 
2014-07-08T07:45:39.862+0000: 3584.952: [GC [PSYoungGen: 821407K->900K(790528K)] 1162594K->342199K(1477504K), 0.0061930 secs] [Times: user=0.02 sys=0.00, real=0.01 secs] 
2014-07-08T07:45:41.579+0000: 3586.669: [GC [PSYoungGen: 790468K->352K(760192K)] 1131767K->341707K(1447168K), 0.0177880 secs] [Times: user=0.06 sys=0.00, real=0.02 secs] 
2014-07-08T07:45:43.261+0000: 3588.351: [GC [PSYoungGen: 760160K->224K(731712K)] 1101515K->341755K(1418688K), 0.0110590 secs] [Times: user=0.04 sys=0.00, real=0.01 secs] 
2014-07-08T07:45:44.898+0000: 3589.989: [GC [PSYoungGen: 731680K->818K(705280K)] 1073211K->342485K(1392256K), 0.0134870 secs] [Times: user=0.04 sys=0.01, real=0.01 secs] 
2014-07-08T07:45:46.441+0000: 3591.531: [GC [PSYoungGen: 705259K->256K(678976K)] 1046927K->342043K(1365952K), 0.0205050 secs] [Times: user=0.08 sys=0.00, real=0.02 secs] 
2014-07-08T07:45:47.967+0000: 3593.057: [GC [PSYoungGen: 678936K->882K(815360K)] 1020723K->342781K(1502336K), 0.0260970 secs] [Times: user=0.09 sys=0.01, real=0.02 secs] 
2014-07-08T07:45:49.744+0000: 3594.835: [GC [PSYoungGen: 815346K->288K(783872K)] 1157245K->342259K(1470848K), 0.0057920 secs] [Times: user=0.02 sys=0.00, real=0.01 secs] 
2014-07-08T07:45:51.472+0000: 3596.563: [GC [PSYoungGen: 783840K->288K(754432K)] 1125811K->342323K(1441408K), 0.0107220 secs] [Times: user=0.02 sys=0.00, real=0.01 secs] 
2014-07-08T07:45:53.145+0000: 3598.235: [GC [PSYoungGen: 754394K->256K(726272K)] 1096430K->342443K(1413248K), 0.0219030 secs] [Times: user=0.08 sys=0.00, real=0.03 secs] 
2014-07-08T07:45:54.756+0000: 3599.846: [GC [PSYoungGen: 726272K->576K(699840K)] 1068459K->342915K(1386816K), 0.0062240 secs] [Times: user=0.02 sys=0.00, real=0.00 secs] 
2014-07-08T07:45:56.373+0000: 3601.463: [GC [PSYoungGen: 699840K->320K(674048K)] 1042179K->342771K(1361024K), 0.0179480 secs] [Times: user=0.06 sys=0.00, real=0.02 secs] 
2014-07-08T07:45:57.792+0000: 3602.882: [GC [PSYoungGen: 674048K->288K(808832K)] 1016499K->342875K(1495808K), 0.0352330 secs] [Times: user=0.14 sys=0.00, real=0.04 secs] 
2014-07-08T07:45:59.580+0000: 3604.671: [GC [PSYoungGen: 808800K->224K(970496K)] 1151387K->342851K(1657472K), 0.0067170 secs] [Times: user=0.02 sys=0.00, real=0.01 secs] 
2014-07-08T07:46:01.718+0000: 3606.809: [GC [PSYoungGen: 970464K->384K(932352K)] 1313091K->343099K(1619328K), 0.0117570 secs] [Times: user=0.04 sys=0.00, real=0.01 secs] 
2014-07-08T07:46:03.785+0000: 3608.875: [GC [PSYoungGen: 932351K->676K(896192K)] 1275066K->343503K(1583168K), 0.0088160 secs] [Times: user=0.02 sys=0.00, real=0.01 secs] 
2014-07-08T07:46:05.761+0000: 3610.851: [GC [PSYoungGen: 896164K->512K(861248K)] 1238991K->343523K(1548224K), 0.0270940 secs] [Times: user=0.10 sys=0.00, real=0.03 secs] 
2014-07-08T07:46:07.659+0000: 3612.749: [GC [PSYoungGen: 861204K->758K(828416K)] 1204215K->343897K(1515392K), 0.0209840 secs] [Times: user=0.07 sys=0.00, real=0.02 secs] 
2014-07-08T07:46:09.502+0000: 3614.593: [GC [PSYoungGen: 828406K->370K(796480K)] 1171545K->343645K(1483456K), 0.0044240 secs] [Times: user=0.02 sys=0.00, real=0.00 secs] 
2014-07-08T07:46:11.349+0000: 3616.439: [GC [PSYoungGen: 796466K->768K(766848K)] 1139741K->344115K(1453824K), 0.0162170 secs] [Times: user=0.06 sys=0.00, real=0.01 secs] 
2014-07-08T07:46:12.992+0000: 3618.082: [GC [PSYoungGen: 766848K->896K(738368K)] 1110195K->344395K(1425344K), 0.0089090 secs] [Times: user=0.02 sys=0.00, real=0.01 secs] 
2014-07-08T07:46:14.591+0000: 3619.682: [GC [PSYoungGen: 738368K->288K(710528K)] 1081867K->343915K(1397504K), 0.0263660 secs] [Times: user=0.10 sys=0.00, real=0.02 secs] 
2014-07-08T07:46:16.230+0000: 3621.320: [GC [PSYoungGen: 710496K->822K(853120K)] 1054123K->344585K(1540096K), 0.0251450 secs] [Times: user=0.09 sys=0.00, real=0.02 secs] 
2014-07-08T07:46:18.105+0000: 3623.196: [GC [PSYoungGen: 853106K->338K(1023168K)] 1196869K->344205K(1710144K), 0.0170310 secs] [Times: user=0.06 sys=0.00, real=0.02 secs] 
2014-07-08T07:46:20.420+0000: 3625.510: [GC [PSYoungGen: 1023036K->228K(982208K)] 1366904K->344207K(1669184K), 0.0040090 secs] [Times: user=0.01 sys=0.00, real=0.00 secs] 
2014-07-08T07:46:24.102+0000: 3629.192: [GC [PSYoungGen: 982180K->128K(943232K)] 1326159K->344179K(1630208K), 0.0099970 secs] [Times: user=0.03 sys=0.00, real=0.01 secs] 
Heap
 PSYoungGen      total 943232K, used 248827K [0x0000000755560000, 0x00000007b6d70000, 0x0000000800000000)
  eden space 943104K, 26% used [0x0000000755560000,0x000000076483eea8,0x000000078ee60000)
  from space 128K, 100% used [0x00000007b6d50000,0x00000007b6d70000,0x00000007b6d70000)
  to   space 1152K, 0% used [0x00000007b6b30000,0x00000007b6b30000,0x00000007b6c50000)
 ParOldGen       total 686976K, used 344051K [0x0000000600000000, 0x0000000629ee0000, 0x0000000755560000)
  object space 686976K, 50% used [0x0000000600000000,0x0000000614ffcce8,0x0000000629ee0000)
 PSPermGen       total 21248K, used 11720K [0x00000005f5a00000, 0x00000005f6ec0000, 0x0000000600000000)
  object space 21248K, 55% used [0x00000005f5a00000,0x00000005f6572000,0x00000005f6ec0000)
