2014-07-08T05:29:19.198+0000: 22.657: [GC [PSYoungGen: 257728K->15362K(300608K)] 257728K->15370K(987584K), 0.0386570 secs] [Times: user=0.17 sys=0.01, real=0.04 secs] 
2014-07-08T05:29:22.895+0000: 26.355: [GC [PSYoungGen: 273090K->17042K(300608K)] 273098K->17058K(987584K), 0.0090110 secs] [Times: user=0.04 sys=0.01, real=0.01 secs] 
2014-07-08T05:29:25.463+0000: 28.922: [GC [PSYoungGen: 274770K->16914K(300608K)] 274786K->16938K(987584K), 0.0059110 secs] [Times: user=0.04 sys=0.00, real=0.00 secs] 
2014-07-08T05:29:27.944+0000: 31.404: [GC [PSYoungGen: 274642K->17187K(300608K)] 274666K->17211K(987584K), 0.0300380 secs] [Times: user=0.19 sys=0.00, real=0.03 secs] 
2014-07-08T05:29:30.186+0000: 33.645: [GC [PSYoungGen: 274915K->19919K(271296K)] 274939K->19943K(958272K), 0.0090670 secs] [Times: user=0.04 sys=0.00, real=0.01 secs] 
2014-07-08T05:29:32.132+0000: 35.591: [GC [PSYoungGen: 271247K->20014K(265216K)] 271271K->22878K(952192K), 0.0249180 secs] [Times: user=0.14 sys=0.01, real=0.03 secs] 
2014-07-08T05:29:34.209+0000: 37.668: [GC [PSYoungGen: 265198K->7766K(247040K)] 268062K->25542K(934016K), 0.0286360 secs] [Times: user=0.19 sys=0.02, real=0.03 secs] 
2014-07-08T05:29:36.022+0000: 39.481: [GC [PSYoungGen: 246998K->9333K(253376K)] 264774K->27192K(940352K), 0.0046350 secs] [Times: user=0.03 sys=0.00, real=0.01 secs] 
2014-07-08T05:29:37.711+0000: 41.170: [GC [PSYoungGen: 242869K->5928K(233984K)] 260728K->28277K(920960K), 0.0076360 secs] [Times: user=0.04 sys=0.00, real=0.01 secs] 
2014-07-08T05:29:39.382+0000: 42.842: [GC [PSYoungGen: 233960K->2397K(245184K)] 256309K->29150K(932160K), 0.0042990 secs] [Times: user=0.02 sys=0.01, real=0.01 secs] 
2014-07-08T05:29:40.903+0000: 44.362: [GC [PSYoungGen: 225086K->853K(218496K)] 251840K->29352K(905472K), 0.0030900 secs] [Times: user=0.01 sys=0.00, real=0.00 secs] 
2014-07-08T05:29:42.397+0000: 45.856: [GC [PSYoungGen: 218453K->746K(236224K)] 246952K->29419K(923200K), 0.0039830 secs] [Times: user=0.01 sys=0.00, real=0.00 secs] 
2014-07-08T05:29:43.885+0000: 47.344: [GC [PSYoungGen: 213418K->1017K(208896K)] 242091K->30018K(895872K), 0.0036330 secs] [Times: user=0.01 sys=0.00, real=0.00 secs] 
2014-07-08T05:29:45.351+0000: 48.811: [GC [PSYoungGen: 208888K->887K(226176K)] 237889K->30338K(913152K), 0.0069360 secs] [Times: user=0.03 sys=0.00, real=0.01 secs] 
2014-07-08T05:29:46.700+0000: 50.160: [GC [PSYoungGen: 204144K->801K(199616K)] 233594K->30737K(886592K), 0.0047840 secs] [Times: user=0.02 sys=0.00, real=0.01 secs] 
2014-07-08T05:29:47.869+0000: 51.329: [GC [PSYoungGen: 199585K->858K(216320K)] 229521K->30866K(903296K), 0.0050200 secs] [Times: user=0.03 sys=0.00, real=0.01 secs] 
2014-07-08T05:29:48.954+0000: 52.413: [GC [PSYoungGen: 195354K->704K(191104K)] 225362K->30919K(878080K), 0.0032220 secs] [Times: user=0.01 sys=0.01, real=0.01 secs] 
2014-07-08T05:29:50.028+0000: 53.488: [GC [PSYoungGen: 191023K->904K(206464K)] 221238K->31191K(893440K), 0.0037700 secs] [Times: user=0.01 sys=0.00, real=0.00 secs] 
2014-07-08T05:29:51.101+0000: 54.561: [GC [PSYoungGen: 187191K->822K(183232K)] 217478K->31307K(870208K), 0.0065980 secs] [Times: user=0.02 sys=0.00, real=0.01 secs] 
2014-07-08T05:29:52.126+0000: 55.585: [GC [PSYoungGen: 183222K->630K(197056K)] 213707K->31321K(884032K), 0.0041290 secs] [Times: user=0.01 sys=0.00, real=0.00 secs] 
2014-07-08T05:29:53.118+0000: 56.577: [GC [PSYoungGen: 179206K->676K(175680K)] 209898K->31439K(862656K), 0.0058280 secs] [Times: user=0.02 sys=0.01, real=0.00 secs] 
2014-07-08T05:29:54.215+0000: 57.674: [GC [PSYoungGen: 175652K->648K(188032K)] 206415K->31475K(875008K), 0.0070550 secs] [Times: user=0.03 sys=0.00, real=0.01 secs] 
2014-07-08T05:29:55.223+0000: 58.682: [GC [PSYoungGen: 172104K->612K(168704K)] 202931K->31511K(855680K), 0.0117220 secs] [Times: user=0.05 sys=0.01, real=0.01 secs] 
2014-07-08T05:29:56.163+0000: 59.622: [GC [PSYoungGen: 168676K->704K(179584K)] 199575K->31683K(866560K), 0.0046780 secs] [Times: user=0.02 sys=0.00, real=0.01 secs] 
2014-07-08T05:29:57.101+0000: 60.560: [GC [PSYoungGen: 165504K->698K(162304K)] 196483K->31725K(849280K), 0.0043250 secs] [Times: user=0.02 sys=0.00, real=0.01 secs] 
2014-07-08T05:29:58.003+0000: 61.462: [GC [PSYoungGen: 162298K->452K(171456K)] 193325K->31511K(858432K), 0.0066380 secs] [Times: user=0.03 sys=0.00, real=0.01 secs] 
2014-07-08T05:29:58.890+0000: 62.349: [GC [PSYoungGen: 158955K->566K(156096K)] 190015K->31673K(843072K), 0.0033310 secs] [Times: user=0.01 sys=0.00, real=0.00 secs] 
2014-07-08T05:29:59.791+0000: 63.250: [GC [PSYoungGen: 156086K->584K(164032K)] 187193K->31755K(851008K), 0.0051960 secs] [Times: user=0.02 sys=0.00, real=0.01 secs] 
2014-07-08T05:30:00.746+0000: 64.205: [GC [PSYoungGen: 153224K->516K(150400K)] 184395K->31751K(837376K), 0.0072340 secs] [Times: user=0.03 sys=0.01, real=0.01 secs] 
2014-07-08T05:30:01.704+0000: 65.163: [GC [PSYoungGen: 150337K->580K(156800K)] 181572K->31879K(843776K), 0.0074080 secs] [Times: user=0.04 sys=0.00, real=0.01 secs] 
2014-07-08T05:30:02.682+0000: 66.141: [GC [PSYoungGen: 147605K->548K(145024K)] 178904K->31895K(832000K), 0.0069440 secs] [Times: user=0.02 sys=0.00, real=0.01 secs] 
2014-07-08T05:30:03.515+0000: 66.974: [GC [PSYoungGen: 144996K->833K(150208K)] 176343K->32244K(837184K), 0.0059060 secs] [Times: user=0.03 sys=0.00, real=0.01 secs] 
2014-07-08T05:30:04.337+0000: 67.796: [GC [PSYoungGen: 142710K->798K(140224K)] 174121K->32273K(827200K), 0.0065160 secs] [Times: user=0.03 sys=0.00, real=0.01 secs] 
2014-07-08T05:30:05.165+0000: 68.625: [GC [PSYoungGen: 140190K->616K(144064K)] 171665K->32147K(831040K), 0.0046070 secs] [Times: user=0.02 sys=0.01, real=0.01 secs] 
2014-07-08T05:30:05.954+0000: 69.413: [GC [PSYoungGen: 137539K->666K(135296K)] 169070K->32253K(822272K), 0.0064630 secs] [Times: user=0.03 sys=0.00, real=0.01 secs] 
2014-07-08T05:30:06.741+0000: 70.200: [GC [PSYoungGen: 135250K->648K(138240K)] 166837K->32323K(825216K), 0.0032350 secs] [Times: user=0.01 sys=0.00, real=0.00 secs] 
2014-07-08T05:30:07.444+0000: 70.903: [GC [PSYoungGen: 132897K->786K(130880K)] 164572K->32517K(817856K), 0.0038100 secs] [Times: user=0.01 sys=0.00, real=0.01 secs] 
2014-07-08T05:30:08.168+0000: 71.627: [GC [PSYoungGen: 130834K->516K(132864K)] 162565K->32295K(819840K), 0.0037400 secs] [Times: user=0.02 sys=0.00, real=0.00 secs] 
2014-07-08T05:30:08.911+0000: 72.370: [GC [PSYoungGen: 128377K->630K(126400K)] 160157K->32465K(813376K), 0.0054380 secs] [Times: user=0.02 sys=0.00, real=0.00 secs] 
2014-07-08T05:30:09.621+0000: 73.080: [GC [PSYoungGen: 126390K->470K(128000K)] 158225K->32353K(814976K), 0.0046090 secs] [Times: user=0.02 sys=0.01, real=0.00 secs] 
2014-07-08T05:30:10.296+0000: 73.755: [GC [PSYoungGen: 124155K->484K(122240K)] 156038K->32423K(809216K), 0.0029300 secs] [Times: user=0.01 sys=0.00, real=0.01 secs] 
2014-07-08T05:30:10.987+0000: 74.446: [GC [PSYoungGen: 122212K->566K(123328K)] 154151K->32561K(810304K), 0.0043490 secs] [Times: user=0.02 sys=0.00, real=0.01 secs] 
2014-07-08T05:30:11.704+0000: 75.163: [GC [PSYoungGen: 120374K->634K(118592K)] 152369K->32677K(805568K), 0.0048060 secs] [Times: user=0.02 sys=0.00, real=0.01 secs] 
2014-07-08T05:30:12.338+0000: 75.798: [GC [PSYoungGen: 118586K->672K(119104K)] 150629K->32763K(806080K), 0.0035770 secs] [Times: user=0.02 sys=0.00, real=0.00 secs] 
2014-07-08T05:30:12.983+0000: 76.443: [GC [PSYoungGen: 116832K->822K(115200K)] 148923K->32961K(802176K), 0.0056600 secs] [Times: user=0.03 sys=0.00, real=0.01 secs] 
2014-07-08T05:30:13.631+0000: 77.090: [GC [PSYoungGen: 115179K->680K(115008K)] 147318K->32859K(801984K), 0.0070190 secs] [Times: user=0.03 sys=0.00, real=0.01 secs] 
2014-07-08T05:30:14.245+0000: 77.704: [GC [PSYoungGen: 113320K->634K(117056K)] 145499K->32869K(804032K), 0.0121060 secs] [Times: user=0.07 sys=0.00, real=0.01 secs] 
2014-07-08T05:30:14.900+0000: 78.359: [GC [PSYoungGen: 113229K->737K(111744K)] 145464K->33028K(798720K), 0.0039600 secs] [Times: user=0.02 sys=0.00, real=0.00 secs] 
2014-07-08T05:30:15.543+0000: 79.003: [GC [PSYoungGen: 111680K->566K(109888K)] 143971K->32905K(796864K), 0.0047820 secs] [Times: user=0.02 sys=0.00, real=0.01 secs] 
2014-07-08T05:30:16.161+0000: 79.620: [GC [PSYoungGen: 109878K->552K(108288K)] 142217K->32939K(795264K), 0.0038430 secs] [Times: user=0.02 sys=0.00, real=0.00 secs] 
2014-07-08T05:30:16.794+0000: 80.253: [GC [PSYoungGen: 108233K->748K(106944K)] 140620K->33215K(793920K), 0.0046350 secs] [Times: user=0.03 sys=0.00, real=0.01 secs] 
2014-07-08T05:30:17.364+0000: 80.824: [GC [PSYoungGen: 106924K->648K(105344K)] 139391K->33179K(792320K), 0.0053310 secs] [Times: user=0.03 sys=0.00, real=0.01 secs] 
2014-07-08T05:30:17.988+0000: 81.447: [GC [PSYoungGen: 105288K->630K(103808K)] 137819K->33225K(790784K), 0.0056360 secs] [Times: user=0.03 sys=0.00, real=0.01 secs] 
2014-07-08T05:30:18.593+0000: 82.052: [GC [PSYoungGen: 103758K->580K(102336K)] 136353K->33255K(789312K), 0.0048030 secs] [Times: user=0.02 sys=0.00, real=0.00 secs] 
2014-07-08T05:30:19.136+0000: 82.596: [GC [PSYoungGen: 102276K->484K(100800K)] 134951K->33199K(787776K), 0.0044730 secs] [Times: user=0.02 sys=0.00, real=0.01 secs] 
2014-07-08T05:30:19.699+0000: 83.158: [GC [PSYoungGen: 100772K->502K(99456K)] 133487K->33241K(786432K), 0.0064490 secs] [Times: user=0.03 sys=0.00, real=0.01 secs] 
2014-07-08T05:30:20.267+0000: 83.727: [GC [PSYoungGen: 99446K->716K(98368K)] 132185K->33503K(785344K), 0.0061710 secs] [Times: user=0.03 sys=0.00, real=0.01 secs] 
2014-07-08T05:30:20.787+0000: 84.246: [GC [PSYoungGen: 98316K->566K(96896K)] 131103K->33385K(783872K), 0.0034730 secs] [Times: user=0.01 sys=0.00, real=0.01 secs] 
2014-07-08T05:30:21.286+0000: 84.746: [GC [PSYoungGen: 96886K->684K(95744K)] 129705K->33567K(782720K), 0.0068880 secs] [Times: user=0.04 sys=0.01, real=0.01 secs] 
2014-07-08T05:30:21.817+0000: 85.277: [GC [PSYoungGen: 95724K->748K(94528K)] 128607K->33703K(781504K), 0.0052980 secs] [Times: user=0.02 sys=0.00, real=0.01 secs] 
2014-07-08T05:30:22.297+0000: 85.757: [GC [PSYoungGen: 94506K->466K(93056K)] 127461K->33461K(780032K), 0.0026490 secs] [Times: user=0.01 sys=0.00, real=0.01 secs] 
2014-07-08T05:30:22.790+0000: 86.250: [GC [PSYoungGen: 93010K->466K(91840K)] 126005K->33501K(778816K), 0.0043890 secs] [Times: user=0.01 sys=0.00, real=0.00 secs] 
2014-07-08T05:30:23.265+0000: 86.724: [GC [PSYoungGen: 91794K->1007K(110656K)] 124829K->34098K(797632K), 0.0070850 secs] [Times: user=0.03 sys=0.00, real=0.01 secs] 
2014-07-08T05:30:23.835+0000: 87.295: [GC [PSYoungGen: 110632K->584K(108672K)] 143723K->33715K(795648K), 0.0027250 secs] [Times: user=0.01 sys=0.00, real=0.00 secs] 
2014-07-08T05:30:24.366+0000: 87.825: [GC [PSYoungGen: 108568K->780K(121536K)] 141699K->33943K(808512K), 0.0104320 secs] [Times: user=0.04 sys=0.00, real=0.01 secs] 
2014-07-08T05:30:24.975+0000: 88.435: [GC [PSYoungGen: 120625K->716K(118784K)] 153788K->33927K(805760K), 0.0033090 secs] [Times: user=0.02 sys=0.01, real=0.00 secs] 
2014-07-08T05:30:25.560+0000: 89.020: [GC [PSYoungGen: 118732K->598K(116864K)] 151943K->33857K(803840K), 0.0037930 secs] [Times: user=0.02 sys=0.00, real=0.00 secs] 
2014-07-08T05:30:26.137+0000: 89.596: [GC [PSYoungGen: 116822K->598K(115072K)] 150081K->33921K(802048K), 0.0048460 secs] [Times: user=0.03 sys=0.00, real=0.01 secs] 
2014-07-08T05:30:26.705+0000: 90.165: [GC [PSYoungGen: 115030K->534K(113280K)] 148353K->33905K(800256K), 0.0062490 secs] [Times: user=0.04 sys=0.00, real=0.01 secs] 
2014-07-08T05:30:27.226+0000: 90.686: [GC [PSYoungGen: 113225K->822K(111872K)] 146596K->34241K(798848K), 0.0044380 secs] [Times: user=0.03 sys=0.00, real=0.01 secs] 
2014-07-08T05:30:27.789+0000: 91.248: [GC [PSYoungGen: 111862K->584K(110016K)] 145281K->34043K(796992K), 0.0056880 secs] [Times: user=0.03 sys=0.00, real=0.01 secs] 
2014-07-08T05:30:28.321+0000: 91.781: [GC [PSYoungGen: 109960K->694K(108480K)] 143419K->34241K(795456K), 0.0036240 secs] [Times: user=0.02 sys=0.00, real=0.00 secs] 
2014-07-08T05:30:28.869+0000: 92.328: [GC [PSYoungGen: 108457K->616K(106880K)] 142004K->34227K(793856K), 0.0034180 secs] [Times: user=0.01 sys=0.00, real=0.01 secs] 
2014-07-08T05:30:29.382+0000: 92.841: [GC [PSYoungGen: 106856K->616K(105344K)] 140467K->34267K(792320K), 0.0054710 secs] [Times: user=0.02 sys=0.00, real=0.00 secs] 
2014-07-08T05:30:29.907+0000: 93.366: [GC [PSYoungGen: 105320K->740K(104000K)] 138971K->34423K(790976K), 0.0032200 secs] [Times: user=0.01 sys=0.00, real=0.01 secs] 
2014-07-08T05:30:30.427+0000: 93.886: [GC [PSYoungGen: 103972K->566K(102336K)] 137655K->34305K(789312K), 0.0025970 secs] [Times: user=0.02 sys=0.00, real=0.00 secs] 
2014-07-08T05:30:30.954+0000: 94.413: [GC [PSYoungGen: 102326K->744K(122880K)] 136065K->34539K(809856K), 0.0174130 secs] [Times: user=0.08 sys=0.01, real=0.02 secs] 
2014-07-08T05:30:31.567+0000: 95.026: [GC [PSYoungGen: 122814K->744K(124352K)] 156610K->34619K(811328K), 0.0048000 secs] [Times: user=0.03 sys=0.00, real=0.01 secs] 
2014-07-08T05:30:32.167+0000: 95.626: [GC [PSYoungGen: 124198K->598K(124544K)] 158073K->34537K(811520K), 0.0044720 secs] [Times: user=0.02 sys=0.00, real=0.01 secs] 
2014-07-08T05:30:32.780+0000: 96.239: [GC [PSYoungGen: 124054K->484K(121984K)] 157993K->34479K(808960K), 0.0034770 secs] [Times: user=0.02 sys=0.01, real=0.01 secs] 
2014-07-08T05:30:33.389+0000: 96.849: [GC [PSYoungGen: 121956K->694K(120256K)] 155951K->34753K(807232K), 0.0037490 secs] [Times: user=0.02 sys=0.00, real=0.01 secs] 
2014-07-08T05:30:33.985+0000: 97.444: [GC [PSYoungGen: 120246K->516K(118272K)] 154305K->34623K(805248K), 0.0037010 secs] [Times: user=0.02 sys=0.00, real=0.00 secs] 
2014-07-08T05:30:34.569+0000: 98.028: [GC [PSYoungGen: 118212K->566K(116480K)] 152319K->34729K(803456K), 0.0053490 secs] [Times: user=0.03 sys=0.00, real=0.01 secs] 
2014-07-08T05:30:35.131+0000: 98.590: [GC [PSYoungGen: 116467K->566K(114688K)] 150630K->34761K(801664K), 0.0065800 secs] [Times: user=0.04 sys=0.00, real=0.00 secs] 
2014-07-08T05:30:35.722+0000: 99.182: [GC [PSYoungGen: 114678K->352K(112768K)] 148873K->34579K(799744K), 0.0038400 secs] [Times: user=0.01 sys=0.00, real=0.00 secs] 
2014-07-08T05:30:36.253+0000: 99.712: [GC [PSYoungGen: 112733K->830K(111552K)] 146960K->35113K(798528K), 0.0041760 secs] [Times: user=0.02 sys=0.00, real=0.00 secs] 
2014-07-08T05:30:36.788+0000: 100.247: [GC [PSYoungGen: 111550K->402K(109568K)] 145833K->34709K(796544K), 0.0066270 secs] [Times: user=0.03 sys=0.01, real=0.01 secs] 
2014-07-08T05:30:37.267+0000: 100.727: [GC [PSYoungGen: 109522K->634K(131584K)] 143829K->34981K(818560K), 0.0066660 secs] [Times: user=0.03 sys=0.00, real=0.01 secs] 
2014-07-08T05:30:37.873+0000: 101.332: [GC [PSYoungGen: 131578K->648K(129472K)] 165925K->35083K(816448K), 0.0049840 secs] [Times: user=0.03 sys=0.00, real=0.00 secs] 
2014-07-08T05:30:38.446+0000: 101.905: [GC [PSYoungGen: 129416K->566K(127232K)] 163851K->35049K(814208K), 0.0032630 secs] [Times: user=0.02 sys=0.00, real=0.00 secs] 
2014-07-08T05:30:39.037+0000: 102.496: [GC [PSYoungGen: 127222K->566K(125184K)] 161705K->35105K(812160K), 0.0076420 secs] [Times: user=0.04 sys=0.00, real=0.01 secs] 
2014-07-08T05:30:39.630+0000: 103.089: [GC [PSYoungGen: 125132K->808K(123456K)] 159671K->35419K(810432K), 0.0037820 secs] [Times: user=0.02 sys=0.00, real=0.01 secs] 
2014-07-08T05:30:40.217+0000: 103.676: [GC [PSYoungGen: 123432K->466K(144064K)] 158043K->35141K(831040K), 0.0143590 secs] [Times: user=0.07 sys=0.00, real=0.01 secs] 
2014-07-08T05:30:40.893+0000: 104.352: [GC [PSYoungGen: 143570K->580K(148160K)] 178245K->35327K(835136K), 0.0027990 secs] [Times: user=0.01 sys=0.00, real=0.00 secs] 
2014-07-08T05:30:41.530+0000: 104.989: [GC [PSYoungGen: 147780K->616K(148160K)] 182527K->35411K(835136K), 0.0060270 secs] [Times: user=0.03 sys=0.00, real=0.01 secs] 
2014-07-08T05:30:42.154+0000: 105.613: [GC [PSYoungGen: 147730K->569K(145152K)] 182525K->35404K(832128K), 0.0055900 secs] [Times: user=0.03 sys=0.01, real=0.00 secs] 
2014-07-08T05:30:42.787+0000: 106.247: [GC [PSYoungGen: 145145K->794K(142848K)] 179980K->35685K(829824K), 0.0049290 secs] [Times: user=0.02 sys=0.00, real=0.01 secs] 
2014-07-08T05:30:43.401+0000: 106.861: [GC [PSYoungGen: 142810K->434K(139968K)] 177701K->35469K(826944K), 0.0051920 secs] [Times: user=0.03 sys=0.00, real=0.01 secs] 
2014-07-08T05:30:44.030+0000: 107.489: [GC [PSYoungGen: 139936K->866K(137984K)] 174972K->35949K(824960K), 0.0049350 secs] [Times: user=0.02 sys=0.00, real=0.01 secs] 
2014-07-08T05:30:44.693+0000: 108.152: [GC [PSYoungGen: 137954K->502K(135232K)] 173037K->36381K(822208K), 0.0053960 secs] [Times: user=0.03 sys=0.00, real=0.00 secs] 
2014-07-08T05:30:45.273+0000: 108.732: [GC [PSYoungGen: 135190K->880K(133312K)] 171069K->36791K(820288K), 0.0028890 secs] [Times: user=0.01 sys=0.00, real=0.00 secs] 
2014-07-08T05:30:45.858+0000: 109.317: [GC [PSYoungGen: 133281K->634K(130816K)] 169193K->36847K(817792K), 0.0033230 secs] [Times: user=0.01 sys=0.00, real=0.00 secs] 
2014-07-08T05:30:46.427+0000: 109.887: [GC [PSYoungGen: 130810K->776K(128832K)] 167023K->37061K(815808K), 0.0047390 secs] [Times: user=0.03 sys=0.00, real=0.00 secs] 
2014-07-08T05:30:47.005+0000: 110.464: [GC [PSYoungGen: 128726K->780K(126720K)] 165011K->37129K(813696K), 0.0042190 secs] [Times: user=0.02 sys=0.00, real=0.00 secs] 
2014-07-08T05:30:47.569+0000: 111.029: [GC [PSYoungGen: 126668K->836K(124736K)] 163017K->37258K(811712K), 0.0052370 secs] [Times: user=0.02 sys=0.00, real=0.01 secs] 
2014-07-08T05:30:48.121+0000: 111.581: [GC [PSYoungGen: 124676K->616K(149248K)] 161098K->37109K(836224K), 0.0100460 secs] [Times: user=0.05 sys=0.01, real=0.01 secs] 
2014-07-08T05:30:48.823+0000: 112.282: [GC [PSYoungGen: 149188K->566K(146496K)] 185682K->37107K(833472K), 0.0061820 secs] [Times: user=0.04 sys=0.00, real=0.01 secs] 
2014-07-08T05:30:49.472+0000: 112.932: [GC [PSYoungGen: 146486K->516K(143872K)] 183027K->37097K(830848K), 0.0036480 secs] [Times: user=0.02 sys=0.00, real=0.01 secs] 
2014-07-08T05:30:50.130+0000: 113.589: [GC [PSYoungGen: 143812K->704K(141504K)] 180393K->37349K(828480K), 0.0045170 secs] [Times: user=0.02 sys=0.00, real=0.01 secs] 
2014-07-08T05:30:50.742+0000: 114.201: [GC [PSYoungGen: 141439K->734K(139072K)] 178085K->37419K(826048K), 0.0057850 secs] [Times: user=0.02 sys=0.00, real=0.01 secs] 
2014-07-08T05:30:51.314+0000: 114.774: [GC [PSYoungGen: 139007K->516K(136512K)] 175692K->37257K(823488K), 0.0047710 secs] [Times: user=0.02 sys=0.00, real=0.00 secs] 
2014-07-08T05:30:51.947+0000: 115.406: [GC [PSYoungGen: 136452K->698K(134336K)] 173193K->37503K(821312K), 0.0044450 secs] [Times: user=0.02 sys=0.00, real=0.00 secs] 
2014-07-08T05:30:52.555+0000: 116.014: [GC [PSYoungGen: 134330K->616K(132032K)] 171135K->37461K(819008K), 0.0055690 secs] [Times: user=0.02 sys=0.01, real=0.00 secs] 
2014-07-08T05:30:53.133+0000: 116.593: [GC [PSYoungGen: 132008K->740K(129984K)] 168853K->37700K(816960K), 0.0053840 secs] [Times: user=0.03 sys=0.01, real=0.01 secs] 
2014-07-08T05:30:53.749+0000: 117.208: [GC [PSYoungGen: 129956K->580K(127744K)] 166916K->37619K(814720K), 0.0070330 secs] [Times: user=0.04 sys=0.00, real=0.01 secs] 
2014-07-08T05:30:54.383+0000: 117.843: [GC [PSYoungGen: 127684K->548K(125632K)] 164723K->37659K(812608K), 0.0048220 secs] [Times: user=0.03 sys=0.00, real=0.01 secs] 
2014-07-08T05:30:54.896+0000: 118.355: [GC [PSYoungGen: 125604K->598K(123712K)] 162715K->37773K(810688K), 0.0056400 secs] [Times: user=0.03 sys=0.01, real=0.00 secs] 
2014-07-08T05:30:55.326+0000: 118.786: [GC [PSYoungGen: 123668K->854K(121984K)] 160844K->38077K(808960K), 0.0044550 secs] [Times: user=0.02 sys=0.00, real=0.00 secs] 
2014-07-08T05:30:55.808+0000: 119.267: [GC [PSYoungGen: 121942K->712K(146112K)] 159165K->38007K(833088K), 0.0077810 secs] [Times: user=0.04 sys=0.00, real=0.01 secs] 
2014-07-08T05:30:56.327+0000: 119.786: [GC [PSYoungGen: 146056K->420K(143232K)] 183351K->37845K(830208K), 0.0027870 secs] [Times: user=0.01 sys=0.00, real=0.00 secs] 
2014-07-08T05:30:56.883+0000: 120.342: [GC [PSYoungGen: 143204K->516K(140864K)] 180629K->37981K(827840K), 0.0050390 secs] [Times: user=0.02 sys=0.01, real=0.01 secs] 
2014-07-08T05:30:57.401+0000: 120.861: [GC [PSYoungGen: 140804K->808K(138688K)] 178269K->38371K(825664K), 0.0034640 secs] [Times: user=0.01 sys=0.00, real=0.00 secs] 
2014-07-08T05:30:57.972+0000: 121.431: [GC [PSYoungGen: 138635K->748K(136256K)] 176198K->38375K(823232K), 0.0068230 secs] [Times: user=0.03 sys=0.00, real=0.01 secs] 
2014-07-08T05:30:58.469+0000: 121.928: [GC [PSYoungGen: 136227K->484K(163136K)] 173855K->38563K(850112K), 0.0175160 secs] [Times: user=0.11 sys=0.00, real=0.02 secs] 
2014-07-08T05:30:59.089+0000: 122.548: [GC [PSYoungGen: 163095K->994K(167104K)] 201174K->39129K(854080K), 0.0033040 secs] [Times: user=0.02 sys=0.00, real=0.00 secs] 
2014-07-08T05:30:59.831+0000: 123.290: [GC [PSYoungGen: 167010K->1120K(196096K)] 205145K->39702K(883072K), 0.0042700 secs] [Times: user=0.02 sys=0.00, real=0.01 secs] 
2014-07-08T05:31:00.489+0000: 123.948: [GC [PSYoungGen: 196064K->1374K(192192K)] 234646K->40019K(879168K), 0.0036290 secs] [Times: user=0.02 sys=0.00, real=0.00 secs] 
2014-07-08T05:31:01.097+0000: 124.556: [GC [PSYoungGen: 192158K->64K(186816K)] 230803K->39227K(873792K), 0.0042780 secs] [Times: user=0.03 sys=0.00, real=0.00 secs] 
2014-07-08T05:31:01.783+0000: 125.242: [GC [PSYoungGen: 186782K->936K(184384K)] 225946K->40116K(871360K), 0.0050290 secs] [Times: user=0.01 sys=0.00, real=0.01 secs] 
2014-07-08T05:31:02.277+0000: 125.736: [GC [PSYoungGen: 183784K->1046K(180160K)] 222964K->40544K(867136K), 0.0047230 secs] [Times: user=0.02 sys=0.01, real=0.00 secs] 
2014-07-08T05:31:02.900+0000: 126.359: [GC [PSYoungGen: 180118K->548K(176000K)] 219616K->40101K(862976K), 0.0027280 secs] [Times: user=0.01 sys=0.01, real=0.00 secs] 
2014-07-08T05:31:03.470+0000: 126.930: [GC [PSYoungGen: 175955K->1458K(173376K)] 215509K->41100K(860352K), 0.0040060 secs] [Times: user=0.02 sys=0.00, real=0.00 secs] 
2014-07-08T05:31:04.032+0000: 127.492: [GC [PSYoungGen: 173362K->626K(169152K)] 213004K->40331K(856128K), 0.0051630 secs] [Times: user=0.02 sys=0.00, real=0.01 secs] 
2014-07-08T05:31:04.636+0000: 128.095: [GC [PSYoungGen: 169136K->1376K(166592K)] 208842K->41146K(853568K), 0.0051920 secs] [Times: user=0.03 sys=0.01, real=0.00 secs] 
2014-07-08T05:31:05.122+0000: 128.581: [GC [PSYoungGen: 166560K->1408K(163456K)] 206330K->41258K(850432K), 0.0032420 secs] [Times: user=0.01 sys=0.00, real=0.00 secs] 
2014-07-08T05:31:05.777+0000: 129.236: [GC [PSYoungGen: 163392K->744K(190336K)] 203242K->41004K(877312K), 0.0138380 secs] [Times: user=0.07 sys=0.00, real=0.01 secs] 
2014-07-08T05:31:06.266+0000: 129.726: [GC [PSYoungGen: 190312K->1520K(191424K)] 230572K->41836K(878400K), 0.0151380 secs] [Times: user=0.11 sys=0.00, real=0.01 secs] 
2014-07-08T05:31:06.944+0000: 130.404: [GC [PSYoungGen: 191088K->1202K(229504K)] 231404K->41844K(916480K), 0.0079930 secs] [Times: user=0.05 sys=0.01, real=0.01 secs] 
2014-07-08T05:31:07.894+0000: 131.353: [GC [PSYoungGen: 228722K->1479K(229504K)] 269364K->42201K(916480K), 0.0037550 secs] [Times: user=0.02 sys=0.00, real=0.01 secs] 
2014-07-08T05:31:08.729+0000: 132.189: [GC [PSYoungGen: 228999K->1056K(274816K)] 269721K->41826K(961792K), 0.0065160 secs] [Times: user=0.02 sys=0.00, real=0.01 secs] 
2014-07-08T05:31:09.446+0000: 132.906: [GC [PSYoungGen: 274080K->1184K(267264K)] 314850K->42026K(954240K), 0.0043860 secs] [Times: user=0.01 sys=0.01, real=0.00 secs] 
2014-07-08T05:31:10.320+0000: 133.780: [GC [PSYoungGen: 267229K->882K(260224K)] 308071K->42116K(947200K), 0.0034290 secs] [Times: user=0.02 sys=0.00, real=0.00 secs] 
2014-07-08T05:31:11.148+0000: 134.608: [GC [PSYoungGen: 260210K->1448K(254336K)] 301444K->42746K(941312K), 0.0079180 secs] [Times: user=0.05 sys=0.00, real=0.00 secs] 
2014-07-08T05:31:12.000+0000: 135.459: [GC [PSYoungGen: 254312K->1376K(248064K)] 295610K->42974K(935040K), 0.0061650 secs] [Times: user=0.03 sys=0.00, real=0.00 secs] 
2014-07-08T05:31:12.842+0000: 136.301: [GC [PSYoungGen: 248032K->1578K(242240K)] 289630K->43264K(929216K), 0.0052680 secs] [Times: user=0.02 sys=0.00, real=0.01 secs] 
2014-07-08T05:31:13.574+0000: 137.033: [GC [PSYoungGen: 242200K->1124K(236032K)] 283886K->43132K(923008K), 0.0036900 secs] [Times: user=0.02 sys=0.00, real=0.01 secs] 
2014-07-08T05:31:14.315+0000: 137.774: [GC [PSYoungGen: 236004K->1288K(230656K)] 278012K->43418K(917632K), 0.0057610 secs] [Times: user=0.03 sys=0.00, real=0.01 secs] 
2014-07-08T05:31:15.137+0000: 138.597: [GC [PSYoungGen: 230582K->1342K(225280K)] 272712K->43618K(912256K), 0.0079680 secs] [Times: user=0.04 sys=0.00, real=0.00 secs] 
2014-07-08T05:31:15.899+0000: 139.359: [GC [PSYoungGen: 225278K->1138K(219904K)] 267554K->43494K(906880K), 0.0036650 secs] [Times: user=0.01 sys=0.00, real=0.00 secs] 
2014-07-08T05:31:16.589+0000: 140.048: [GC [PSYoungGen: 219890K->1504K(215296K)] 262246K->43980K(902272K), 0.0077380 secs] [Times: user=0.04 sys=0.00, real=0.00 secs] 
2014-07-08T05:31:17.225+0000: 140.684: [GC [PSYoungGen: 215264K->1274K(210240K)] 257740K->43814K(897216K), 0.0042990 secs] [Times: user=0.01 sys=0.01, real=0.01 secs] 
2014-07-08T05:31:17.934+0000: 141.393: [GC [PSYoungGen: 210234K->1199K(205504K)] 252774K->43843K(892480K), 0.0043220 secs] [Times: user=0.02 sys=0.00, real=0.01 secs] 
2014-07-08T05:31:18.626+0000: 142.085: [GC [PSYoungGen: 205487K->1504K(201344K)] 248131K->44244K(888320K), 0.0052240 secs] [Times: user=0.03 sys=0.00, real=0.01 secs] 
2014-07-08T05:31:19.400+0000: 142.860: [GC [PSYoungGen: 201312K->1006K(196480K)] 244052K->43938K(883456K), 0.0069330 secs] [Times: user=0.05 sys=0.00, real=0.00 secs] 
2014-07-08T05:31:20.079+0000: 143.539: [GC [PSYoungGen: 196462K->1412K(192768K)] 239394K->44432K(879744K), 0.0055530 secs] [Times: user=0.03 sys=0.00, real=0.00 secs] 
2014-07-08T05:31:20.758+0000: 144.218: [GC [PSYoungGen: 192637K->1260K(188544K)] 235657K->44580K(875520K), 0.0058730 secs] [Times: user=0.04 sys=0.00, real=0.00 secs] 
2014-07-08T05:31:21.158+0000: 144.617: [GC [PSYoungGen: 188524K->1088K(184512K)] 231844K->44456K(871488K), 0.0054770 secs] [Times: user=0.02 sys=0.00, real=0.01 secs] 
2014-07-08T05:31:21.819+0000: 145.278: [GC [PSYoungGen: 184441K->1156K(180800K)] 227809K->44580K(867776K), 0.0033680 secs] [Times: user=0.02 sys=0.00, real=0.00 secs] 
2014-07-08T05:31:22.237+0000: 145.697: [GC [PSYoungGen: 180671K->1502K(177472K)] 224095K->44990K(864448K), 0.0039170 secs] [Times: user=0.01 sys=0.01, real=0.01 secs] 
2014-07-08T05:31:22.834+0000: 146.293: [GC [PSYoungGen: 177438K->1014K(173440K)] 220926K->44748K(860416K), 0.0031350 secs] [Times: user=0.01 sys=0.00, real=0.00 secs] 
2014-07-08T05:31:23.231+0000: 146.691: [GC [PSYoungGen: 173402K->1344K(170432K)] 217136K->45150K(857408K), 0.0036880 secs] [Times: user=0.01 sys=0.00, real=0.00 secs] 
2014-07-08T05:31:23.833+0000: 147.292: [GC [PSYoungGen: 170368K->918K(166656K)] 214174K->44836K(853632K), 0.0031710 secs] [Times: user=0.02 sys=0.00, real=0.00 secs] 
2014-07-08T05:31:24.302+0000: 147.761: [GC [PSYoungGen: 166583K->1470K(163968K)] 210501K->45468K(850944K), 0.0067230 secs] [Times: user=0.04 sys=0.00, real=0.00 secs] 
2014-07-08T05:31:24.862+0000: 148.322: [GC [PSYoungGen: 163941K->1172K(160576K)] 207939K->45464K(847552K), 0.0072640 secs] [Times: user=0.05 sys=0.00, real=0.01 secs] 
2014-07-08T05:31:25.272+0000: 148.732: [GC [PSYoungGen: 160529K->1442K(157824K)] 204822K->45823K(844800K), 0.0040300 secs] [Times: user=0.02 sys=0.00, real=0.00 secs] 
2014-07-08T05:31:25.802+0000: 149.261: [GC [PSYoungGen: 157794K->940K(188608K)] 202175K->45799K(875584K), 0.0063850 secs] [Times: user=0.04 sys=0.00, real=0.00 secs] 
2014-07-08T05:31:26.150+0000: 149.610: [GC [PSYoungGen: 188588K->1292K(226560K)] 233447K->46223K(913536K), 0.0040360 secs] [Times: user=0.02 sys=0.00, real=0.00 secs] 
2014-07-08T05:31:26.799+0000: 150.259: [GC [PSYoungGen: 226508K->1328K(221312K)] 271439K->46355K(908288K), 0.0037170 secs] [Times: user=0.02 sys=0.00, real=0.00 secs] 
2014-07-08T05:31:27.302+0000: 150.761: [GC [PSYoungGen: 221290K->1370K(216320K)] 266317K->46493K(903296K), 0.0034540 secs] [Times: user=0.01 sys=0.00, real=0.00 secs] 
2014-07-08T05:31:27.991+0000: 151.450: [GC [PSYoungGen: 216260K->766K(210816K)] 261383K->46165K(897792K), 0.0044370 secs] [Times: user=0.02 sys=0.00, real=0.00 secs] 
2014-07-08T05:31:28.588+0000: 152.048: [GC [PSYoungGen: 210814K->1648K(207040K)] 256213K->47170K(894016K), 0.0054110 secs] [Times: user=0.03 sys=0.00, real=0.01 secs] 
2014-07-08T05:31:29.093+0000: 152.553: [GC [PSYoungGen: 207024K->1086K(201920K)] 252546K->47237K(888896K), 0.0043610 secs] [Times: user=0.02 sys=0.01, real=0.00 secs] 
2014-07-08T05:31:29.851+0000: 153.311: [GC [PSYoungGen: 201918K->1088K(197632K)] 248069K->47312K(884608K), 0.0058650 secs] [Times: user=0.03 sys=0.00, real=0.00 secs] 
2014-07-08T05:31:30.444+0000: 153.903: [GC [PSYoungGen: 197568K->968K(193280K)] 243792K->47263K(880256K), 0.0031960 secs] [Times: user=0.02 sys=0.00, real=0.00 secs] 
2014-07-08T05:31:31.074+0000: 154.533: [GC [PSYoungGen: 193195K->1280K(232064K)] 239490K->47632K(919040K), 0.0130010 secs] [Times: user=0.07 sys=0.01, real=0.01 secs] 
2014-07-08T05:31:31.801+0000: 155.260: [GC [PSYoungGen: 232000K->1256K(226560K)] 278352K->47712K(913536K), 0.0061890 secs] [Times: user=0.03 sys=0.00, real=0.00 secs] 
2014-07-08T05:31:32.307+0000: 155.767: [GC [PSYoungGen: 226536K->1384K(221440K)] 272992K->47920K(908416K), 0.0031260 secs] [Times: user=0.02 sys=0.00, real=0.01 secs] 
2014-07-08T05:31:32.973+0000: 156.433: [GC [PSYoungGen: 221386K->826K(215808K)] 267922K->48180K(902784K), 0.0082700 secs] [Times: user=0.04 sys=0.01, real=0.01 secs] 
2014-07-08T05:31:33.621+0000: 157.081: [GC [PSYoungGen: 215802K->1270K(211392K)] 263156K->48688K(898368K), 0.0034800 secs] [Times: user=0.02 sys=0.01, real=0.00 secs] 
2014-07-08T05:31:34.110+0000: 157.569: [GC [PSYoungGen: 211356K->1242K(206720K)] 258774K->48732K(893696K), 0.0061640 secs] [Times: user=0.03 sys=0.00, real=0.01 secs] 
2014-07-08T05:31:34.814+0000: 158.274: [GC [PSYoungGen: 206682K->1026K(201984K)] 254172K->48596K(888960K), 0.0046450 secs] [Times: user=0.01 sys=0.00, real=0.00 secs] 
2014-07-08T05:31:35.265+0000: 158.724: [GC [PSYoungGen: 201922K->968K(197568K)] 249492K->48618K(884544K), 0.0060260 secs] [Times: user=0.03 sys=0.00, real=0.01 secs] 
2014-07-08T05:31:35.869+0000: 159.328: [GC [PSYoungGen: 197512K->1766K(194112K)] 245162K->49541K(881088K), 0.0032330 secs] [Times: user=0.02 sys=0.00, real=0.01 secs] 
2014-07-08T05:31:36.231+0000: 159.690: [GC [PSYoungGen: 194053K->830K(189056K)] 241829K->48733K(876032K), 0.0043620 secs] [Times: user=0.03 sys=0.00, real=0.00 secs] 
2014-07-08T05:31:36.882+0000: 160.341: [GC [PSYoungGen: 189054K->1692K(185984K)] 236957K->49699K(872960K), 0.0034980 secs] [Times: user=0.02 sys=0.00, real=0.00 secs] 
2014-07-08T05:31:37.220+0000: 160.679: [GC [PSYoungGen: 185948K->1412K(181888K)] 233955K->49484K(868864K), 0.0032050 secs] [Times: user=0.01 sys=0.00, real=0.01 secs] 
2014-07-08T05:31:37.844+0000: 161.303: [GC [PSYoungGen: 181828K->1334K(178048K)] 229900K->49478K(865024K), 0.0033020 secs] [Times: user=0.02 sys=0.00, real=0.00 secs] 
2014-07-08T05:31:38.133+0000: 161.592: [GC [PSYoungGen: 178038K->1338K(213440K)] 226182K->49614K(900416K), 0.0058570 secs] [Times: user=0.02 sys=0.00, real=0.00 secs] 
2014-07-08T05:31:38.824+0000: 162.284: [GC [PSYoungGen: 213434K->1136K(208512K)] 261710K->49491K(895488K), 0.0041270 secs] [Times: user=0.03 sys=0.00, real=0.00 secs] 
2014-07-08T05:31:39.140+0000: 162.599: [GC [PSYoungGen: 208482K->1392K(245056K)] 256838K->50007K(932032K), 0.0048590 secs] [Times: user=0.03 sys=0.00, real=0.01 secs] 
2014-07-08T05:31:40.002+0000: 163.461: [GC [PSYoungGen: 245018K->1296K(239104K)] 293634K->50041K(926080K), 0.0036920 secs] [Times: user=0.01 sys=0.00, real=0.00 secs] 
2014-07-08T05:31:40.881+0000: 164.341: [GC [PSYoungGen: 239045K->689K(232768K)] 287790K->49903K(919744K), 0.0044340 secs] [Times: user=0.03 sys=0.00, real=0.00 secs] 
2014-07-08T05:31:41.349+0000: 164.808: [GC [PSYoungGen: 232753K->1468K(228096K)] 281967K->50745K(915072K), 0.0046830 secs] [Times: user=0.02 sys=0.00, real=0.01 secs] 
2014-07-08T05:31:41.994+0000: 165.453: [GC [PSYoungGen: 228092K->1314K(222720K)] 277369K->50730K(909696K), 0.0044790 secs] [Times: user=0.02 sys=0.00, real=0.00 secs] 
2014-07-08T05:31:42.608+0000: 166.068: [GC [PSYoungGen: 222659K->1180K(217536K)] 272074K->50660K(904512K), 0.0046270 secs] [Times: user=0.02 sys=0.00, real=0.01 secs] 
2014-07-08T05:31:43.068+0000: 166.528: [GC [PSYoungGen: 217500K->1203K(212608K)] 266980K->51037K(899584K), 0.0049080 secs] [Times: user=0.03 sys=0.00, real=0.01 secs] 
2014-07-08T05:31:43.664+0000: 167.123: [GC [PSYoungGen: 212546K->1555K(208256K)] 262380K->51453K(895232K), 0.0057550 secs] [Times: user=0.04 sys=0.00, real=0.00 secs] 
2014-07-08T05:31:44.037+0000: 167.496: [GC [PSYoungGen: 208211K->958K(203072K)] 258109K->51334K(890048K), 0.0045050 secs] [Times: user=0.03 sys=0.00, real=0.00 secs] 
2014-07-08T05:31:44.649+0000: 168.109: [GC [PSYoungGen: 203069K->1294K(199040K)] 253445K->51726K(886016K), 0.0074560 secs] [Times: user=0.04 sys=0.00, real=0.01 secs] 
2014-07-08T05:31:45.388+0000: 168.848: [GC [PSYoungGen: 198948K->1356K(194816K)] 249380K->51844K(881792K), 0.0043170 secs] [Times: user=0.02 sys=0.00, real=0.01 secs] 
2014-07-08T05:31:45.881+0000: 169.341: [GC [PSYoungGen: 194764K->1406K(190720K)] 245252K->51990K(877696K), 0.0039320 secs] [Times: user=0.02 sys=0.00, real=0.01 secs] 
2014-07-08T05:31:46.348+0000: 169.807: [GC [PSYoungGen: 190718K->819K(186176K)] 241302K->51968K(873152K), 0.0070050 secs] [Times: user=0.04 sys=0.00, real=0.01 secs] 
2014-07-08T05:31:46.920+0000: 170.380: [GC [PSYoungGen: 186118K->1336K(223808K)] 237268K->52573K(910784K), 0.0060290 secs] [Times: user=0.03 sys=0.00, real=0.01 secs] 
2014-07-08T05:31:47.376+0000: 170.835: [GC [PSYoungGen: 223800K->1132K(218496K)] 275037K->52597K(905472K), 0.0037080 secs] [Times: user=0.01 sys=0.01, real=0.00 secs] 
2014-07-08T05:31:47.982+0000: 171.441: [GC [PSYoungGen: 218436K->1492K(213952K)] 269902K->53022K(900928K), 0.0052170 secs] [Times: user=0.02 sys=0.01, real=0.01 secs] 
2014-07-08T05:31:48.498+0000: 171.957: [GC [PSYoungGen: 213908K->814K(208512K)] 265438K->52552K(895488K), 0.0042120 secs] [Times: user=0.02 sys=0.01, real=0.01 secs] 
2014-07-08T05:31:49.059+0000: 172.518: [GC [PSYoungGen: 208491K->1478K(204608K)] 260229K->53247K(891584K), 0.0072660 secs] [Times: user=0.04 sys=0.00, real=0.01 secs] 
2014-07-08T05:31:49.590+0000: 173.050: [GC [PSYoungGen: 204513K->1252K(235392K)] 256283K->53301K(922368K), 0.0071440 secs] [Times: user=0.03 sys=0.00, real=0.01 secs] 
2014-07-08T05:31:50.277+0000: 173.737: [GC [PSYoungGen: 235351K->1108K(229696K)] 287400K->53229K(916672K), 0.0046060 secs] [Times: user=0.03 sys=0.00, real=0.00 secs] 
2014-07-08T05:31:51.076+0000: 174.535: [GC [PSYoungGen: 229649K->638K(223872K)] 281771K->53432K(910848K), 0.0051030 secs] [Times: user=0.03 sys=0.00, real=0.00 secs] 
2014-07-08T05:31:51.670+0000: 175.130: [GC [PSYoungGen: 223831K->1719K(219840K)] 276625K->54654K(906816K), 0.0051670 secs] [Times: user=0.03 sys=0.00, real=0.01 secs] 
2014-07-08T05:31:52.196+0000: 175.655: [GC [PSYoungGen: 219792K->1026K(214208K)] 272727K->54391K(901184K), 0.0056260 secs] [Times: user=0.03 sys=0.00, real=0.00 secs] 
2014-07-08T05:31:52.790+0000: 176.249: [GC [PSYoungGen: 214097K->1340K(209664K)] 267462K->54793K(896640K), 0.0046190 secs] [Times: user=0.03 sys=0.00, real=0.01 secs] 
2014-07-08T05:31:53.094+0000: 176.554: [GC [PSYoungGen: 209660K->1292K(205056K)] 263113K->54841K(892032K), 0.0028270 secs] [Times: user=0.01 sys=0.00, real=0.00 secs] 
2014-07-08T05:31:53.761+0000: 177.221: [GC [PSYoungGen: 205004K->1292K(200576K)] 258553K->54937K(887552K), 0.0034490 secs] [Times: user=0.01 sys=0.00, real=0.01 secs] 
2014-07-08T05:31:54.133+0000: 177.592: [GC [PSYoungGen: 200500K->904K(195904K)] 254145K->54637K(882880K), 0.0031860 secs] [Times: user=0.01 sys=0.00, real=0.01 secs] 
2014-07-08T05:31:54.741+0000: 178.201: [GC [PSYoungGen: 195848K->1344K(192192K)] 249581K->55157K(879168K), 0.0041870 secs] [Times: user=0.02 sys=0.00, real=0.01 secs] 
2014-07-08T05:31:55.205+0000: 178.665: [GC [PSYoungGen: 192096K->1271K(188032K)] 245909K->55455K(875008K), 0.0043140 secs] [Times: user=0.02 sys=0.00, real=0.00 secs] 
2014-07-08T05:31:55.773+0000: 179.232: [GC [PSYoungGen: 187983K->1378K(184256K)] 242166K->55665K(871232K), 0.0045140 secs] [Times: user=0.03 sys=0.00, real=0.00 secs] 
2014-07-08T05:31:56.108+0000: 179.568: [GC [PSYoungGen: 184226K->1074K(180160K)] 238513K->55994K(867136K), 0.0039620 secs] [Times: user=0.02 sys=0.00, real=0.00 secs] 
2014-07-08T05:31:56.657+0000: 180.116: [GC [PSYoungGen: 180109K->1616K(177088K)] 235029K->56599K(864064K), 0.0065310 secs] [Times: user=0.04 sys=0.00, real=0.00 secs] 
2014-07-08T05:31:57.011+0000: 180.471: [GC [PSYoungGen: 176997K->1143K(173056K)] 231981K->56513K(860032K), 0.0027840 secs] [Times: user=0.02 sys=0.00, real=0.01 secs] 
2014-07-08T05:31:57.352+0000: 180.811: [GC [PSYoungGen: 173046K->1470K(169984K)] 228416K->56912K(856960K), 0.0036790 secs] [Times: user=0.01 sys=0.00, real=0.01 secs] 
2014-07-08T05:31:57.911+0000: 181.370: [GC [PSYoungGen: 169966K->1399K(166592K)] 225408K->57177K(853568K), 0.0045620 secs] [Times: user=0.03 sys=0.01, real=0.01 secs] 
2014-07-08T05:31:58.174+0000: 181.634: [GC [PSYoungGen: 166582K->1306K(163328K)] 222360K->57140K(850304K), 0.0038130 secs] [Times: user=0.01 sys=0.00, real=0.00 secs] 
2014-07-08T05:31:58.627+0000: 182.086: [GC [PSYoungGen: 163253K->1253K(195712K)] 219086K->57177K(882688K), 0.0069190 secs] [Times: user=0.01 sys=0.01, real=0.00 secs] 
2014-07-08T05:31:59.070+0000: 182.529: [GC [PSYoungGen: 195646K->1585K(225344K)] 251570K->57565K(912320K), 0.0063420 secs] [Times: user=0.03 sys=0.00, real=0.01 secs] 
2014-07-08T05:31:59.814+0000: 183.274: [GC [PSYoungGen: 225009K->1092K(235200K)] 280989K->57151K(922176K), 0.0048330 secs] [Times: user=0.02 sys=0.00, real=0.00 secs] 
2014-07-08T05:32:00.259+0000: 183.718: [GC [PSYoungGen: 234372K->1322K(235264K)] 290431K->57430K(922240K), 0.0056750 secs] [Times: user=0.03 sys=0.01, real=0.01 secs] 
2014-07-08T05:32:01.230+0000: 184.690: [GC [PSYoungGen: 234570K->1170K(228992K)] 290678K->57334K(915968K), 0.0039190 secs] [Times: user=0.02 sys=0.00, real=0.01 secs] 
2014-07-08T05:32:01.871+0000: 185.330: [GC [PSYoungGen: 228929K->1317K(223808K)] 285093K->57577K(910784K), 0.0053960 secs] [Times: user=0.03 sys=0.00, real=0.01 secs] 
2014-07-08T05:32:02.286+0000: 185.745: [GC [PSYoungGen: 223751K->1313K(218688K)] 280011K->57637K(905664K), 0.0037010 secs] [Times: user=0.01 sys=0.00, real=0.00 secs] 
2014-07-08T05:32:02.917+0000: 186.377: [GC [PSYoungGen: 218654K->1322K(213760K)] 274978K->57718K(900736K), 0.0043940 secs] [Times: user=0.02 sys=0.00, real=0.00 secs] 
2014-07-08T05:32:03.342+0000: 186.801: [GC [PSYoungGen: 213738K->1058K(208768K)] 270134K->57912K(895744K), 0.0036370 secs] [Times: user=0.02 sys=0.00, real=0.01 secs] 
2014-07-08T05:32:04.164+0000: 187.623: [GC [PSYoungGen: 208708K->1528K(204608K)] 265562K->58462K(891584K), 0.0056290 secs] [Times: user=0.03 sys=0.00, real=0.01 secs] 
2014-07-08T05:32:04.779+0000: 188.238: [GC [PSYoungGen: 204599K->1018K(199680K)] 261533K->58493K(886656K), 0.0044560 secs] [Times: user=0.02 sys=0.00, real=0.00 secs] 
2014-07-08T05:32:05.156+0000: 188.615: [GC [PSYoungGen: 199674K->1498K(195904K)] 257149K->59053K(882880K), 0.0057090 secs] [Times: user=0.02 sys=0.00, real=0.00 secs] 
2014-07-08T05:32:05.909+0000: 189.368: [GC [PSYoungGen: 195866K->1206K(191424K)] 253421K->59111K(878400K), 0.0071430 secs] [Times: user=0.04 sys=0.00, real=0.01 secs] 
2014-07-08T05:32:06.291+0000: 189.751: [GC [PSYoungGen: 191371K->1634K(187840K)] 249275K->59677K(874816K), 0.0039010 secs] [Times: user=0.02 sys=0.01, real=0.01 secs] 
2014-07-08T05:32:06.851+0000: 190.310: [GC [PSYoungGen: 187787K->886K(183168K)] 245830K->59797K(870144K), 0.0050560 secs] [Times: user=0.02 sys=0.00, real=0.01 secs] 
2014-07-08T05:32:07.224+0000: 190.683: [GC [PSYoungGen: 183158K->1628K(180224K)] 242069K->60603K(867200K), 0.0031830 secs] [Times: user=0.01 sys=0.00, real=0.01 secs] 
2014-07-08T05:32:07.857+0000: 191.316: [GC [PSYoungGen: 180188K->1082K(176000K)] 239163K->60445K(862976K), 0.0043060 secs] [Times: user=0.02 sys=0.00, real=0.00 secs] 
2014-07-08T05:32:08.168+0000: 191.628: [GC [PSYoungGen: 175994K->1571K(172992K)] 235357K->60998K(859968K), 0.0037970 secs] [Times: user=0.01 sys=0.00, real=0.00 secs] 
2014-07-08T05:32:08.750+0000: 192.209: [GC [PSYoungGen: 172957K->790K(168832K)] 232384K->60265K(855808K), 0.0031560 secs] [Times: user=0.02 sys=0.00, real=0.00 secs] 
2014-07-08T05:32:09.059+0000: 192.518: [GC [PSYoungGen: 168742K->1518K(166272K)] 228217K->61065K(853248K), 0.0036550 secs] [Times: user=0.02 sys=0.00, real=0.00 secs] 
2014-07-08T05:32:09.714+0000: 193.173: [GC [PSYoungGen: 166254K->1742K(163328K)] 225801K->61369K(850304K), 0.0029920 secs] [Times: user=0.01 sys=0.00, real=0.01 secs] 
2014-07-08T05:32:10.104+0000: 193.563: [GC [PSYoungGen: 163278K->1374K(159872K)] 222905K->61081K(846848K), 0.0034020 secs] [Times: user=0.02 sys=0.00, real=0.01 secs] 
2014-07-08T05:32:10.620+0000: 194.080: [GC [PSYoungGen: 159798K->1060K(156544K)] 219505K->61063K(843520K), 0.0063500 secs] [Times: user=0.04 sys=0.00, real=0.01 secs] 
2014-07-08T05:32:11.060+0000: 194.520: [GC [PSYoungGen: 156516K->1398K(153984K)] 216519K->61473K(840960K), 0.0047430 secs] [Times: user=0.03 sys=0.00, real=0.00 secs] 
2014-07-08T05:32:11.396+0000: 194.855: [GC [PSYoungGen: 153974K->1214K(184320K)] 214049K->61460K(871296K), 0.0056970 secs] [Times: user=0.02 sys=0.00, real=0.00 secs] 
2014-07-08T05:32:11.976+0000: 195.436: [GC [PSYoungGen: 184318K->790K(180160K)] 244564K->61123K(867136K), 0.0036270 secs] [Times: user=0.02 sys=0.00, real=0.00 secs] 
2014-07-08T05:32:12.421+0000: 195.881: [GC [PSYoungGen: 180100K->1234K(176960K)] 240434K->61631K(863936K), 0.0039290 secs] [Times: user=0.02 sys=0.00, real=0.00 secs] 
2014-07-08T05:32:12.998+0000: 196.458: [GC [PSYoungGen: 176864K->868K(173056K)] 237261K->61329K(860032K), 0.0037020 secs] [Times: user=0.02 sys=0.01, real=0.00 secs] 
2014-07-08T05:32:13.520+0000: 196.979: [GC [PSYoungGen: 173028K->950K(169728K)] 233489K->61523K(856704K), 0.0043090 secs] [Times: user=0.02 sys=0.01, real=0.00 secs] 
2014-07-08T05:32:14.025+0000: 197.484: [GC [PSYoungGen: 169718K->708K(166208K)] 230291K->61345K(853184K), 0.0040510 secs] [Times: user=0.02 sys=0.00, real=0.01 secs] 
2014-07-08T05:32:14.509+0000: 197.968: [GC [PSYoungGen: 166148K->1234K(163520K)] 226785K->61943K(850496K), 0.0062430 secs] [Times: user=0.03 sys=0.00, real=0.00 secs] 
2014-07-08T05:32:14.986+0000: 198.445: [GC [PSYoungGen: 163474K->726K(159936K)] 224183K->61499K(846912K), 0.0049400 secs] [Times: user=0.02 sys=0.01, real=0.01 secs] 
2014-07-08T05:32:15.407+0000: 198.866: [GC [PSYoungGen: 159880K->854K(191936K)] 220654K->61683K(878912K), 0.0061190 secs] [Times: user=0.03 sys=0.00, real=0.00 secs] 
2014-07-08T05:32:16.178+0000: 199.638: [GC [PSYoungGen: 191847K->1154K(188224K)] 252676K->62087K(875200K), 0.0045730 secs] [Times: user=0.03 sys=0.00, real=0.00 secs] 
2014-07-08T05:32:16.734+0000: 200.193: [GC [PSYoungGen: 188162K->722K(183872K)] 249095K->61735K(870848K), 0.0034830 secs] [Times: user=0.01 sys=0.00, real=0.01 secs] 
2014-07-08T05:32:17.201+0000: 200.661: [GC [PSYoungGen: 183826K->989K(180352K)] 244839K->62050K(867328K), 0.0038540 secs] [Times: user=0.01 sys=0.00, real=0.00 secs] 
2014-07-08T05:32:17.870+0000: 201.329: [GC [PSYoungGen: 180317K->1381K(177088K)] 241378K->62531K(864064K), 0.0030900 secs] [Times: user=0.02 sys=0.01, real=0.00 secs] 
2014-07-08T05:32:18.325+0000: 201.784: [GC [PSYoungGen: 177061K->928K(173120K)] 238211K->62141K(860096K), 0.0044570 secs] [Times: user=0.02 sys=0.00, real=0.01 secs] 
2014-07-08T05:32:18.939+0000: 202.398: [GC [PSYoungGen: 173088K->708K(169536K)] 234301K->62001K(856512K), 0.0033470 secs] [Times: user=0.02 sys=0.00, real=0.00 secs] 
2014-07-08T05:32:19.370+0000: 202.830: [GC [PSYoungGen: 169476K->644K(166144K)] 230769K->62009K(853120K), 0.0062670 secs] [Times: user=0.03 sys=0.00, real=0.00 secs] 
2014-07-08T05:32:19.909+0000: 203.369: [GC [PSYoungGen: 166084K->630K(162880K)] 227449K->62043K(849856K), 0.0052450 secs] [Times: user=0.03 sys=0.01, real=0.00 secs] 
2014-07-08T05:32:20.340+0000: 203.800: [GC [PSYoungGen: 162840K->825K(160000K)] 224253K->62326K(846976K), 0.0027540 secs] [Times: user=0.01 sys=0.00, real=0.00 secs] 
2014-07-08T05:32:20.879+0000: 204.339: [GC [PSYoungGen: 159958K->612K(156800K)] 221459K->62225K(843776K), 0.0035170 secs] [Times: user=0.00 sys=0.01, real=0.00 secs] 
2014-07-08T05:32:21.486+0000: 204.945: [GC [PSYoungGen: 156750K->1594K(154816K)] 218363K->63263K(841792K), 0.0084960 secs] [Times: user=0.05 sys=0.00, real=0.01 secs] 
2014-07-08T05:32:21.979+0000: 205.439: [GC [PSYoungGen: 154810K->740K(151168K)] 216479K->62497K(838144K), 0.0031720 secs] [Times: user=0.01 sys=0.00, real=0.00 secs] 
2014-07-08T05:32:22.366+0000: 205.825: [GC [PSYoungGen: 151140K->666K(181184K)] 212897K->62447K(868160K), 0.0079710 secs] [Times: user=0.04 sys=0.00, real=0.01 secs] 
2014-07-08T05:32:22.956+0000: 206.415: [GC [PSYoungGen: 181131K->897K(217536K)] 242912K->62766K(904512K), 0.0046480 secs] [Times: user=0.03 sys=0.00, real=0.01 secs] 
2014-07-08T05:32:23.599+0000: 207.059: [GC [PSYoungGen: 217473K->954K(212608K)] 279342K->62887K(899584K), 0.0052660 secs] [Times: user=0.03 sys=0.00, real=0.00 secs] 
2014-07-08T05:32:24.216+0000: 207.676: [GC [PSYoungGen: 212602K->726K(207680K)] 274535K->62731K(894656K), 0.0032590 secs] [Times: user=0.01 sys=0.00, real=0.01 secs] 
2014-07-08T05:32:24.848+0000: 208.308: [GC [PSYoungGen: 207638K->676K(203072K)] 269643K->62777K(890048K), 0.0046170 secs] [Times: user=0.02 sys=0.00, real=0.00 secs] 
2014-07-08T05:32:25.366+0000: 208.825: [GC [PSYoungGen: 203044K->758K(198720K)] 265145K->62923K(885696K), 0.0049170 secs] [Times: user=0.03 sys=0.00, real=0.01 secs] 
2014-07-08T05:32:26.019+0000: 209.479: [GC [PSYoungGen: 198710K->850K(194560K)] 260875K->63095K(881536K), 0.0037190 secs] [Times: user=0.01 sys=0.00, real=0.00 secs] 
2014-07-08T05:32:26.779+0000: 210.238: [GC [PSYoungGen: 194514K->1058K(190656K)] 256759K->63399K(877632K), 0.0041170 secs] [Times: user=0.02 sys=0.00, real=0.00 secs] 
2014-07-08T05:32:27.248+0000: 210.707: [GC [PSYoungGen: 190626K->690K(186304K)] 252967K->63095K(873280K), 0.0044700 secs] [Times: user=0.02 sys=0.00, real=0.01 secs] 
2014-07-08T05:32:27.970+0000: 211.429: [GC [PSYoungGen: 186290K->1246K(183040K)] 248695K->63724K(870016K), 0.0030690 secs] [Times: user=0.02 sys=0.00, real=0.00 secs] 
2014-07-08T05:32:28.449+0000: 211.909: [GC [PSYoungGen: 183005K->1288K(179392K)] 245482K->63845K(866368K), 0.0038840 secs] [Times: user=0.02 sys=0.00, real=0.00 secs] 
2014-07-08T05:32:29.018+0000: 212.478: [GC [PSYoungGen: 179336K->502K(174976K)] 241893K->63189K(861952K), 0.0032400 secs] [Times: user=0.02 sys=0.00, real=0.01 secs] 
2014-07-08T05:32:29.512+0000: 212.971: [GC [PSYoungGen: 174929K->982K(171968K)] 237616K->63765K(858944K), 0.0042450 secs] [Times: user=0.03 sys=0.00, real=0.00 secs] 
2014-07-08T05:32:30.088+0000: 213.547: [GC [PSYoungGen: 171926K->1098K(168704K)] 234709K->63954K(855680K), 0.0030030 secs] [Times: user=0.02 sys=0.00, real=0.01 secs] 
2014-07-08T05:32:30.609+0000: 214.069: [GC [PSYoungGen: 168589K->1089K(165440K)] 231445K->64016K(852416K), 0.0089250 secs] [Times: user=0.05 sys=0.01, real=0.00 secs] 
2014-07-08T05:32:31.082+0000: 214.541: [GC [PSYoungGen: 165284K->694K(161856K)] 228211K->63693K(848832K), 0.0037450 secs] [Times: user=0.02 sys=0.01, real=0.00 secs] 
2014-07-08T05:32:31.660+0000: 215.120: [GC [PSYoungGen: 161846K->1000K(159104K)] 224845K->64071K(846080K), 0.0033890 secs] [Times: user=0.02 sys=0.00, real=0.00 secs] 
2014-07-08T05:32:32.063+0000: 215.523: [GC [PSYoungGen: 159080K->740K(155904K)] 222151K->63875K(842880K), 0.0052730 secs] [Times: user=0.03 sys=0.00, real=0.00 secs] 
2014-07-08T05:32:32.533+0000: 215.992: [GC [PSYoungGen: 155873K->1004K(153280K)] 219008K->64219K(840256K), 0.0033150 secs] [Times: user=0.02 sys=0.00, real=0.00 secs] 
2014-07-08T05:32:33.013+0000: 216.472: [GC [PSYoungGen: 153220K->580K(150080K)] 216435K->63859K(837056K), 0.0049560 secs] [Times: user=0.03 sys=0.00, real=0.00 secs] 
2014-07-08T05:32:33.515+0000: 216.974: [GC [PSYoungGen: 150005K->1306K(148096K)] 213284K->64673K(835072K), 0.0032490 secs] [Times: user=0.01 sys=0.00, real=0.00 secs] 
2014-07-08T05:32:33.958+0000: 217.418: [GC [PSYoungGen: 148058K->808K(144960K)] 211425K->64239K(831936K), 0.0036490 secs] [Times: user=0.01 sys=0.00, real=0.01 secs] 
2014-07-08T05:32:34.325+0000: 217.784: [GC [PSYoungGen: 144936K->708K(142336K)] 208367K->64219K(829312K), 0.0038910 secs] [Times: user=0.02 sys=0.00, real=0.00 secs] 
2014-07-08T05:32:34.831+0000: 218.291: [GC [PSYoungGen: 142276K->908K(140032K)] 205787K->64483K(827008K), 0.0034020 secs] [Times: user=0.02 sys=0.00, real=0.00 secs] 
2014-07-08T05:32:35.175+0000: 218.634: [GC [PSYoungGen: 139980K->833K(137536K)] 203555K->64456K(824512K), 0.0029680 secs] [Times: user=0.01 sys=0.00, real=0.00 secs] 
2014-07-08T05:32:35.609+0000: 219.068: [GC [PSYoungGen: 137455K->1132K(135488K)] 201079K->64851K(822464K), 0.0035690 secs] [Times: user=0.02 sys=0.00, real=0.01 secs] 
2014-07-08T05:32:35.981+0000: 219.441: [GC [PSYoungGen: 135468K->954K(133056K)] 199187K->64729K(820032K), 0.0052430 secs] [Times: user=0.02 sys=0.00, real=0.00 secs] 
2014-07-08T05:32:36.383+0000: 219.842: [GC [PSYoungGen: 133047K->840K(130816K)] 196823K->64687K(817792K), 0.0048510 secs] [Times: user=0.03 sys=0.00, real=0.00 secs] 
2014-07-08T05:32:36.858+0000: 220.318: [GC [PSYoungGen: 130760K->640K(156544K)] 194607K->64567K(843520K), 0.0061570 secs] [Times: user=0.03 sys=0.00, real=0.01 secs] 
2014-07-08T05:32:37.255+0000: 220.714: [GC [PSYoungGen: 156544K->758K(187904K)] 220471K->64733K(874880K), 0.0065980 secs] [Times: user=0.05 sys=0.00, real=0.01 secs] 
2014-07-08T05:32:37.852+0000: 221.311: [GC [PSYoungGen: 187894K->772K(225408K)] 251869K->64811K(912384K), 0.0041370 secs] [Times: user=0.02 sys=0.00, real=0.00 secs] 
2014-07-08T05:32:38.445+0000: 221.904: [GC [PSYoungGen: 225315K->1072K(220480K)] 289354K->65167K(907456K), 0.0035190 secs] [Times: user=0.01 sys=0.00, real=0.00 secs] 
2014-07-08T05:32:39.149+0000: 222.609: [GC [PSYoungGen: 220464K->886K(215296K)] 284559K->65061K(902272K), 0.0045600 secs] [Times: user=0.02 sys=0.00, real=0.01 secs] 
2014-07-08T05:32:39.893+0000: 223.352: [GC [PSYoungGen: 215286K->872K(210432K)] 279461K->65317K(897408K), 0.0050530 secs] [Times: user=0.03 sys=0.00, real=0.00 secs] 
2014-07-08T05:32:40.487+0000: 223.946: [GC [PSYoungGen: 210408K->1088K(206016K)] 274853K->65621K(892992K), 0.0038920 secs] [Times: user=0.01 sys=0.00, real=0.01 secs] 
2014-07-08T05:32:41.111+0000: 224.571: [GC [PSYoungGen: 205952K->676K(201088K)] 270485K->65297K(888064K), 0.0054560 secs] [Times: user=0.03 sys=0.00, real=0.00 secs] 
2014-07-08T05:32:41.800+0000: 225.259: [GC [PSYoungGen: 201060K->790K(196864K)] 265681K->65491K(883840K), 0.0036510 secs] [Times: user=0.02 sys=0.00, real=0.01 secs] 
2014-07-08T05:32:42.297+0000: 225.756: [GC [PSYoungGen: 196822K->694K(192512K)] 261523K->65467K(879488K), 0.0063470 secs] [Times: user=0.04 sys=0.00, real=0.01 secs] 
2014-07-08T05:32:42.963+0000: 226.422: [GC [PSYoungGen: 192502K->868K(188672K)] 257275K->65729K(875648K), 0.0029270 secs] [Times: user=0.01 sys=0.00, real=0.00 secs] 
2014-07-08T05:32:43.483+0000: 226.942: [GC [PSYoungGen: 188644K->908K(184832K)] 253505K->65817K(871808K), 0.0034530 secs] [Times: user=0.02 sys=0.00, real=0.00 secs] 
2014-07-08T05:32:44.034+0000: 227.493: [GC [PSYoungGen: 184780K->562K(180672K)] 249689K->65519K(867648K), 0.0035630 secs] [Times: user=0.02 sys=0.00, real=0.00 secs] 
2014-07-08T05:32:44.584+0000: 228.043: [GC [PSYoungGen: 180656K->922K(177408K)] 245614K->65943K(864384K), 0.0039420 secs] [Times: user=0.02 sys=0.00, real=0.00 secs] 
2014-07-08T05:32:45.106+0000: 228.565: [GC [PSYoungGen: 177370K->858K(173760K)] 242391K->65951K(860736K), 0.0055190 secs] [Times: user=0.03 sys=0.00, real=0.01 secs] 
2014-07-08T05:32:45.662+0000: 229.121: [GC [PSYoungGen: 173722K->754K(170176K)] 238815K->65999K(857152K), 0.0041590 secs] [Times: user=0.02 sys=0.01, real=0.00 secs] 
2014-07-08T05:32:46.278+0000: 229.737: [GC [PSYoungGen: 170124K->972K(167104K)] 235369K->66305K(854080K), 0.0046080 secs] [Times: user=0.03 sys=0.00, real=0.01 secs] 
2014-07-08T05:32:46.906+0000: 230.366: [GC [PSYoungGen: 167052K->680K(163584K)] 232385K->66249K(850560K), 0.0042170 secs] [Times: user=0.02 sys=0.01, real=0.00 secs] 
2014-07-08T05:32:47.363+0000: 230.823: [GC [PSYoungGen: 163539K->626K(160384K)] 229109K->66243K(847360K), 0.0045630 secs] [Times: user=0.02 sys=0.01, real=0.00 secs] 
2014-07-08T05:32:47.918+0000: 231.377: [GC [PSYoungGen: 160370K->612K(157376K)] 225987K->66301K(844352K), 0.0045640 secs] [Times: user=0.03 sys=0.00, real=0.01 secs] 
2014-07-08T05:32:48.360+0000: 231.820: [GC [PSYoungGen: 157348K->754K(154560K)] 223037K->66531K(841536K), 0.0050150 secs] [Times: user=0.03 sys=0.00, real=0.01 secs] 
2014-07-08T05:32:48.925+0000: 232.384: [GC [PSYoungGen: 154542K->744K(151744K)] 220319K->66601K(838720K), 0.0053310 secs] [Times: user=0.03 sys=0.00, real=0.00 secs] 
2014-07-08T05:32:49.301+0000: 232.761: [GC [PSYoungGen: 151720K->822K(182016K)] 217577K->66759K(868992K), 0.0068220 secs] [Times: user=0.03 sys=0.00, real=0.01 secs] 
2014-07-08T05:32:49.878+0000: 233.337: [GC [PSYoungGen: 182006K->612K(178112K)] 247943K->66605K(865088K), 0.0042110 secs] [Times: user=0.02 sys=0.00, real=0.01 secs] 
2014-07-08T05:32:50.350+0000: 233.809: [GC [PSYoungGen: 178084K->936K(174848K)] 244077K->66993K(861824K), 0.0039160 secs] [Times: user=0.02 sys=0.00, real=0.01 secs] 
2014-07-08T05:32:50.951+0000: 234.410: [GC [PSYoungGen: 174824K->744K(171200K)] 240881K->66929K(858176K), 0.0035700 secs] [Times: user=0.02 sys=0.00, real=0.01 secs] 
2014-07-08T05:32:51.404+0000: 234.864: [GC [PSYoungGen: 171172K->950K(205504K)] 237357K->67191K(892480K), 0.0077030 secs] [Times: user=0.04 sys=0.00, real=0.01 secs] 
2014-07-08T05:32:52.176+0000: 235.635: [GC [PSYoungGen: 205494K->612K(200704K)] 271735K->66967K(887680K), 0.0048300 secs] [Times: user=0.03 sys=0.00, real=0.00 secs] 
2014-07-08T05:32:52.807+0000: 236.267: [GC [PSYoungGen: 200676K->861K(196608K)] 267031K->67280K(883584K), 0.0047850 secs] [Times: user=0.03 sys=0.00, real=0.01 secs] 
2014-07-08T05:32:53.295+0000: 236.754: [GC [PSYoungGen: 196550K->794K(192384K)] 262970K->67293K(879360K), 0.0039660 secs] [Times: user=0.03 sys=0.00, real=0.00 secs] 
2014-07-08T05:32:53.896+0000: 237.356: [GC [PSYoungGen: 192346K->925K(188480K)] 258845K->67488K(875456K), 0.0038260 secs] [Times: user=0.02 sys=0.00, real=0.00 secs] 
2014-07-08T05:32:54.404+0000: 237.863: [GC [PSYoungGen: 188445K->576K(184192K)] 255008K->67359K(871168K), 0.0054370 secs] [Times: user=0.03 sys=0.01, real=0.00 secs] 
2014-07-08T05:32:55.034+0000: 238.493: [GC [PSYoungGen: 184192K->594K(180480K)] 250975K->67441K(867456K), 0.0048880 secs] [Times: user=0.03 sys=0.00, real=0.00 secs] 
2014-07-08T05:32:55.573+0000: 239.033: [GC [PSYoungGen: 180433K->1130K(177344K)] 247280K->68058K(864320K), 0.0045450 secs] [Times: user=0.02 sys=0.00, real=0.00 secs] 
2014-07-08T05:32:56.059+0000: 239.518: [GC [PSYoungGen: 177322K->772K(173504K)] 244250K->67779K(860480K), 0.0047960 secs] [Times: user=0.02 sys=0.00, real=0.01 secs] 
2014-07-08T05:32:56.653+0000: 240.112: [GC [PSYoungGen: 173415K->637K(169856K)] 240422K->68322K(856832K), 0.0066560 secs] [Times: user=0.04 sys=0.00, real=0.00 secs] 
2014-07-08T05:32:57.148+0000: 240.607: [GC [PSYoungGen: 169853K->1100K(204224K)] 237538K->68817K(891200K), 0.0116660 secs] [Times: user=0.06 sys=0.01, real=0.01 secs] 
2014-07-08T05:32:57.866+0000: 241.325: [GC [PSYoungGen: 204172K->1046K(218176K)] 271889K->69169K(905152K), 0.0041020 secs] [Times: user=0.03 sys=0.00, real=0.00 secs] 
2014-07-08T05:32:58.498+0000: 241.958: [GC [PSYoungGen: 218100K->1146K(213312K)] 286224K->69365K(900288K), 0.0037570 secs] [Times: user=0.01 sys=0.00, real=0.00 secs] 
2014-07-08T05:32:59.123+0000: 242.582: [GC [PSYoungGen: 213306K->306K(207744K)] 281525K->68759K(894720K), 0.0045350 secs] [Times: user=0.03 sys=0.00, real=0.00 secs] 
2014-07-08T05:32:59.794+0000: 243.253: [GC [PSYoungGen: 207730K->1104K(203968K)] 276183K->69646K(890944K), 0.0036690 secs] [Times: user=0.02 sys=0.00, real=0.00 secs] 
2014-07-08T05:33:00.322+0000: 243.782: [GC [PSYoungGen: 203920K->676K(199104K)] 272462K->69431K(886080K), 0.0038210 secs] [Times: user=0.02 sys=0.00, real=0.01 secs] 
2014-07-08T05:33:00.996+0000: 244.455: [GC [PSYoungGen: 199076K->790K(194944K)] 267831K->69593K(881920K), 0.0044390 secs] [Times: user=0.02 sys=0.00, real=0.00 secs] 
2014-07-08T05:33:01.621+0000: 245.080: [GC [PSYoungGen: 194902K->1174K(191168K)] 263705K->70041K(878144K), 0.0042060 secs] [Times: user=0.02 sys=0.00, real=0.01 secs] 
2014-07-08T05:33:02.151+0000: 245.611: [GC [PSYoungGen: 191119K->1100K(187136K)] 259987K->70048K(874112K), 0.0033170 secs] [Times: user=0.01 sys=0.00, real=0.01 secs] 
2014-07-08T05:33:02.780+0000: 246.239: [GC [PSYoungGen: 187084K->622K(182784K)] 256032K->69916K(869760K), 0.0096770 secs] [Times: user=0.06 sys=0.00, real=0.01 secs] 
2014-07-08T05:33:03.223+0000: 246.682: [GC [PSYoungGen: 182766K->1040K(179520K)] 252060K->70414K(866496K), 0.0041350 secs] [Times: user=0.02 sys=0.00, real=0.01 secs] 
2014-07-08T05:33:03.889+0000: 247.348: [GC [PSYoungGen: 179469K->1032K(175872K)] 248843K->70734K(862848K), 0.0058740 secs] [Times: user=0.03 sys=0.00, real=0.01 secs] 
2014-07-08T05:33:04.309+0000: 247.768: [GC [PSYoungGen: 175816K->676K(171968K)] 245518K->70466K(858944K), 0.0052210 secs] [Times: user=0.02 sys=0.00, real=0.01 secs] 
2014-07-08T05:33:04.893+0000: 248.352: [GC [PSYoungGen: 171940K->850K(168768K)] 241730K->70712K(855744K), 0.0054980 secs] [Times: user=0.03 sys=0.00, real=0.01 secs] 
2014-07-08T05:33:05.322+0000: 248.781: [GC [PSYoungGen: 168722K->772K(165440K)] 238584K->70690K(852416K), 0.0044710 secs] [Times: user=0.02 sys=0.00, real=0.01 secs] 
2014-07-08T05:33:05.868+0000: 249.327: [GC [PSYoungGen: 165380K->722K(162176K)] 235298K->70752K(849152K), 0.0030790 secs] [Times: user=0.01 sys=0.00, real=0.00 secs] 
2014-07-08T05:33:06.279+0000: 249.739: [GC [PSYoungGen: 162089K->826K(159168K)] 232119K->70944K(846144K), 0.0040520 secs] [Times: user=0.02 sys=0.00, real=0.00 secs] 
2014-07-08T05:33:06.937+0000: 250.397: [GC [PSYoungGen: 159162K->1036K(156416K)] 229280K->71210K(843392K), 0.0058940 secs] [Times: user=0.04 sys=0.00, real=0.00 secs] 
2014-07-08T05:33:07.280+0000: 250.739: [GC [PSYoungGen: 156364K->914K(187392K)] 226538K->71160K(874368K), 0.0063800 secs] [Times: user=0.03 sys=0.00, real=0.01 secs] 
2014-07-08T05:33:07.864+0000: 251.323: [GC [PSYoungGen: 187346K->658K(183232K)] 257592K->70976K(870208K), 0.0035330 secs] [Times: user=0.01 sys=0.00, real=0.01 secs] 
2014-07-08T05:33:08.328+0000: 251.788: [GC [PSYoungGen: 183186K->808K(209024K)] 253504K->71190K(896000K), 0.0100100 secs] [Times: user=0.05 sys=0.00, real=0.01 secs] 
2014-07-08T05:33:09.137+0000: 252.597: [GC [PSYoungGen: 208488K->1042K(220288K)] 278870K->71512K(907264K), 0.0055530 secs] [Times: user=0.03 sys=0.00, real=0.00 secs] 
2014-07-08T05:33:09.796+0000: 253.255: [GC [PSYoungGen: 220043K->822K(214848K)] 290513K->71372K(901824K), 0.0029230 secs] [Times: user=0.02 sys=0.01, real=0.00 secs] 
2014-07-08T05:33:10.345+0000: 253.804: [GC [PSYoungGen: 214838K->548K(209792K)] 285388K->71194K(896768K), 0.0042580 secs] [Times: user=0.03 sys=0.00, real=0.01 secs] 
2014-07-08T05:33:11.008+0000: 254.467: [GC [PSYoungGen: 209764K->612K(205184K)] 280410K->71314K(892160K), 0.0046680 secs] [Times: user=0.02 sys=0.00, real=0.00 secs] 
2014-07-08T05:33:11.585+0000: 255.044: [GC [PSYoungGen: 205122K->890K(200960K)] 275824K->71682K(887936K), 0.0086160 secs] [Times: user=0.05 sys=0.00, real=0.00 secs] 
2014-07-08T05:33:12.174+0000: 255.633: [GC [PSYoungGen: 200954K->708K(196480K)] 271746K->71572K(883456K), 0.0030080 secs] [Times: user=0.01 sys=0.00, real=0.01 secs] 
2014-07-08T05:33:12.845+0000: 256.305: [GC [PSYoungGen: 196415K->826K(192384K)] 267279K->71762K(879360K), 0.0040900 secs] [Times: user=0.03 sys=0.01, real=0.00 secs] 
2014-07-08T05:33:13.319+0000: 256.778: [GC [PSYoungGen: 192378K->580K(188160K)] 263314K->71556K(875136K), 0.0038870 secs] [Times: user=0.02 sys=0.00, real=0.00 secs] 
2014-07-08T05:33:13.918+0000: 257.377: [GC [PSYoungGen: 188100K->612K(184256K)] 259076K->71652K(871232K), 0.0039430 secs] [Times: user=0.02 sys=0.00, real=0.00 secs] 
2014-07-08T05:33:14.409+0000: 257.868: [GC [PSYoungGen: 184228K->694K(180544K)] 255268K->71798K(867520K), 0.0058910 secs] [Times: user=0.03 sys=0.01, real=0.00 secs] 
2014-07-08T05:33:15.003+0000: 258.462: [GC [PSYoungGen: 180534K->858K(177088K)] 251638K->72026K(864064K), 0.0063790 secs] [Times: user=0.04 sys=0.00, real=0.01 secs] 
2014-07-08T05:33:15.472+0000: 258.931: [GC [PSYoungGen: 177041K->1124K(212608K)] 248209K->72388K(899584K), 0.0069450 secs] [Times: user=0.04 sys=0.00, real=0.01 secs] 
2014-07-08T05:33:16.194+0000: 259.653: [GC [PSYoungGen: 212580K->320K(207040K)] 283844K->71938K(894016K), 0.0047770 secs] [Times: user=0.03 sys=0.00, real=0.01 secs] 
2014-07-08T05:33:16.916+0000: 260.375: [GC [PSYoungGen: 207037K->1260K(203456K)] 278655K->73008K(890432K), 0.0026520 secs] [Times: user=0.02 sys=0.00, real=0.00 secs] 
2014-07-08T05:33:17.438+0000: 260.897: [GC [PSYoungGen: 203436K->1002K(198784K)] 275184K->72944K(885760K), 0.0034880 secs] [Times: user=0.01 sys=0.00, real=0.00 secs] 
2014-07-08T05:33:18.057+0000: 261.517: [GC [PSYoungGen: 198733K->890K(194368K)] 270675K->72912K(881344K), 0.0060700 secs] [Times: user=0.03 sys=0.00, real=0.00 secs] 
2014-07-08T05:33:18.671+0000: 262.130: [GC [PSYoungGen: 194361K->1056K(212992K)] 266383K->73306K(899968K), 0.0113690 secs] [Times: user=0.06 sys=0.00, real=0.01 secs] 
2014-07-08T05:33:19.228+0000: 262.687: [GC [PSYoungGen: 212960K->836K(213440K)] 285210K->73176K(900416K), 0.0132390 secs] [Times: user=0.07 sys=0.00, real=0.01 secs] 
2014-07-08T05:33:19.919+0000: 263.378: [GC [PSYoungGen: 212709K->804K(255808K)] 285049K->73266K(942784K), 0.0033030 secs] [Times: user=0.01 sys=0.00, real=0.00 secs] 
2014-07-08T05:33:20.653+0000: 264.112: [GC [PSYoungGen: 255140K->1264K(255808K)] 327602K->73798K(942784K), 0.0085340 secs] [Times: user=0.05 sys=0.00, real=0.01 secs] 
2014-07-08T05:33:21.330+0000: 264.789: [GC [PSYoungGen: 255588K->876K(306624K)] 328122K->73466K(993600K), 0.0069520 secs] [Times: user=0.04 sys=0.00, real=0.01 secs] 
2014-07-08T05:33:22.471+0000: 265.930: [GC [PSYoungGen: 306092K->1181K(298176K)] 378682K->73875K(985152K), 0.0045140 secs] [Times: user=0.02 sys=0.00, real=0.00 secs] 
2014-07-08T05:33:23.344+0000: 266.803: [GC [PSYoungGen: 298141K->370K(289408K)] 370835K->73422K(976384K), 0.0054090 secs] [Times: user=0.02 sys=0.01, real=0.01 secs] 
2014-07-08T05:33:24.169+0000: 267.628: [GC [PSYoungGen: 289394K->940K(282368K)] 362446K->74072K(969344K), 0.0050720 secs] [Times: user=0.03 sys=0.00, real=0.00 secs] 
2014-07-08T05:33:25.058+0000: 268.517: [GC [PSYoungGen: 282348K->840K(275008K)] 355480K->74234K(961984K), 0.0031280 secs] [Times: user=0.02 sys=0.00, real=0.00 secs] 
2014-07-08T05:33:25.871+0000: 269.330: [GC [PSYoungGen: 274952K->726K(267840K)] 348346K->74200K(954816K), 0.0050010 secs] [Times: user=0.02 sys=0.00, real=0.00 secs] 
2014-07-08T05:33:26.658+0000: 270.118: [GC [PSYoungGen: 267798K->964K(261312K)] 341272K->74510K(948288K), 0.0029520 secs] [Times: user=0.02 sys=0.00, real=0.00 secs] 
2014-07-08T05:33:27.682+0000: 271.142: [GC [PSYoungGen: 261252K->1068K(254848K)] 334798K->74686K(941824K), 0.0048230 secs] [Times: user=0.02 sys=0.00, real=0.01 secs] 
2014-07-08T05:33:28.339+0000: 271.798: [GC [PSYoungGen: 254828K->694K(248192K)] 328446K->74360K(935168K), 0.0040920 secs] [Times: user=0.02 sys=0.00, real=0.00 secs] 
2014-07-08T05:33:29.110+0000: 272.570: [GC [PSYoungGen: 248182K->768K(242304K)] 321848K->74490K(929280K), 0.0090420 secs] [Times: user=0.06 sys=0.01, real=0.01 secs] 
2014-07-08T05:33:29.864+0000: 273.323: [GC [PSYoungGen: 242240K->776K(236480K)] 315962K->74578K(923456K), 0.0030530 secs] [Times: user=0.02 sys=0.00, real=0.00 secs] 
2014-07-08T05:33:30.507+0000: 273.966: [GC [PSYoungGen: 236402K->1182K(231296K)] 310205K->75032K(918272K), 0.0086600 secs] [Times: user=0.05 sys=0.00, real=0.01 secs] 
2014-07-08T05:33:31.207+0000: 274.667: [GC [PSYoungGen: 231262K->676K(225408K)] 305112K->74720K(912384K), 0.0025090 secs] [Times: user=0.01 sys=0.00, real=0.01 secs] 
2014-07-08T05:33:31.957+0000: 275.416: [GC [PSYoungGen: 225369K->1270K(220800K)] 299414K->75346K(907776K), 0.0127280 secs] [Times: user=0.07 sys=0.01, real=0.02 secs] 
2014-07-08T05:33:32.625+0000: 276.085: [GC [PSYoungGen: 220790K->758K(215296K)] 294866K->75004K(902272K), 0.0063690 secs] [Times: user=0.03 sys=0.00, real=0.01 secs] 
2014-07-08T05:33:33.403+0000: 276.862: [GC [PSYoungGen: 215286K->598K(210304K)] 289532K->74876K(897280K), 0.0034250 secs] [Times: user=0.01 sys=0.00, real=0.00 secs] 
2014-07-08T05:33:34.048+0000: 277.508: [GC [PSYoungGen: 210262K->644K(205696K)] 284540K->75002K(892672K), 0.0038110 secs] [Times: user=0.02 sys=0.00, real=0.00 secs] 
2014-07-08T05:33:34.688+0000: 278.147: [GC [PSYoungGen: 205636K->1170K(201728K)] 279994K->75600K(888704K), 0.0060840 secs] [Times: user=0.04 sys=0.00, real=0.01 secs] 
2014-07-08T05:33:35.225+0000: 278.684: [GC [PSYoungGen: 201669K->868K(197056K)] 276099K->75370K(884032K), 0.0067900 secs] [Times: user=0.04 sys=0.00, real=0.01 secs] 
2014-07-08T05:33:35.859+0000: 279.318: [GC [PSYoungGen: 197028K->640K(192576K)] 271530K->75198K(879552K), 0.0036720 secs] [Times: user=0.01 sys=0.01, real=0.01 secs] 
2014-07-08T05:33:36.337+0000: 279.796: [GC [PSYoungGen: 192576K->776K(188672K)] 267134K->75390K(875648K), 0.0053080 secs] [Times: user=0.01 sys=0.00, real=0.01 secs] 
2014-07-08T05:33:36.992+0000: 280.452: [GC [PSYoungGen: 188608K->1106K(185088K)] 263223K->75776K(872064K), 0.0062530 secs] [Times: user=0.04 sys=0.00, real=0.00 secs] 
2014-07-08T05:33:37.557+0000: 281.016: [GC [PSYoungGen: 185042K->890K(181056K)] 259712K->75730K(868032K), 0.0043330 secs] [Times: user=0.03 sys=0.00, real=0.01 secs] 
2014-07-08T05:33:38.072+0000: 281.532: [GC [PSYoungGen: 181050K->1014K(177536K)] 255890K->75942K(864512K), 0.0046580 secs] [Times: user=0.02 sys=0.00, real=0.00 secs] 
2014-07-08T05:33:38.636+0000: 282.096: [GC [PSYoungGen: 177526K->1042K(174016K)] 252454K->76018K(860992K), 0.0051770 secs] [Times: user=0.03 sys=0.01, real=0.01 secs] 
2014-07-08T05:33:39.285+0000: 282.744: [GC [PSYoungGen: 173970K->644K(170176K)] 248946K->75676K(857152K), 0.0065220 secs] [Times: user=0.04 sys=0.00, real=0.01 secs] 
2014-07-08T05:33:39.820+0000: 283.280: [GC [PSYoungGen: 170116K->640K(166784K)] 245148K->75744K(853760K), 0.0039130 secs] [Times: user=0.02 sys=0.00, real=0.00 secs] 
2014-07-08T05:33:40.262+0000: 283.721: [GC [PSYoungGen: 166784K->726K(163712K)] 241888K->75886K(850688K), 0.0031920 secs] [Times: user=0.02 sys=0.00, real=0.00 secs] 
2014-07-08T05:33:40.832+0000: 284.291: [GC [PSYoungGen: 163670K->1384K(161216K)] 238830K->76664K(848192K), 0.0048760 secs] [Times: user=0.02 sys=0.00, real=0.00 secs] 
2014-07-08T05:33:41.272+0000: 284.732: [GC [PSYoungGen: 161192K->864K(157696K)] 236472K->76200K(844672K), 0.0040490 secs] [Times: user=0.02 sys=0.00, real=0.00 secs] 
2014-07-08T05:33:41.823+0000: 285.282: [GC [PSYoungGen: 157639K->822K(154688K)] 232975K->76214K(841664K), 0.0059360 secs] [Times: user=0.03 sys=0.00, real=0.00 secs] 
2014-07-08T05:33:42.228+0000: 285.688: [GC [PSYoungGen: 154655K->626K(151680K)] 230047K->76082K(838656K), 0.0032990 secs] [Times: user=0.01 sys=0.00, real=0.01 secs] 
2014-07-08T05:33:42.747+0000: 286.206: [GC [PSYoungGen: 151666K->1110K(149440K)] 227122K->76622K(836416K), 0.0042890 secs] [Times: user=0.02 sys=0.00, real=0.01 secs] 
2014-07-08T05:33:43.124+0000: 286.583: [GC [PSYoungGen: 149398K->914K(146560K)] 224910K->76506K(833536K), 0.0027580 secs] [Times: user=0.01 sys=0.00, real=0.00 secs] 
2014-07-08T05:33:43.568+0000: 287.028: [GC [PSYoungGen: 146512K->1006K(144000K)] 222104K->76829K(830976K), 0.0032580 secs] [Times: user=0.01 sys=0.00, real=0.01 secs] 
2014-07-08T05:33:44.015+0000: 287.474: [GC [PSYoungGen: 143982K->694K(141184K)] 219805K->76572K(828160K), 0.0049170 secs] [Times: user=0.01 sys=0.00, real=0.00 secs] 
2014-07-08T05:33:44.394+0000: 287.853: [GC [PSYoungGen: 141174K->644K(138752K)] 217052K->76578K(825728K), 0.0040960 secs] [Times: user=0.02 sys=0.00, real=0.00 secs] 
2014-07-08T05:33:44.877+0000: 288.336: [GC [PSYoungGen: 138692K->562K(136256K)] 214626K->76560K(823232K), 0.0045850 secs] [Times: user=0.03 sys=0.01, real=0.01 secs] 
2014-07-08T05:33:45.224+0000: 288.683: [GC [PSYoungGen: 136242K->794K(134208K)] 212240K->76848K(821184K), 0.0028210 secs] [Times: user=0.02 sys=0.00, real=0.00 secs] 
2014-07-08T05:33:45.760+0000: 289.220: [GC [PSYoungGen: 134170K->1412K(132608K)] 210224K->77530K(819584K), 0.0034940 secs] [Times: user=0.02 sys=0.00, real=0.00 secs] 
2014-07-08T05:33:46.159+0000: 289.618: [GC [PSYoungGen: 132548K->694K(129664K)] 208666K->76956K(816640K), 0.0063340 secs] [Times: user=0.04 sys=0.00, real=0.01 secs] 
2014-07-08T05:33:46.559+0000: 290.018: [GC [PSYoungGen: 129654K->872K(155648K)] 205916K->77182K(842624K), 0.0050020 secs] [Times: user=0.03 sys=0.00, real=0.01 secs] 
2014-07-08T05:33:47.013+0000: 290.472: [GC [PSYoungGen: 155624K->680K(186432K)] 231934K->77088K(873408K), 0.0076060 secs] [Times: user=0.04 sys=0.01, real=0.01 secs] 
2014-07-08T05:33:47.680+0000: 291.139: [GC [PSYoungGen: 186333K->1135K(224064K)] 262741K->77583K(911040K), 0.0098720 secs] [Times: user=0.06 sys=0.00, real=0.01 secs] 
2014-07-08T05:33:48.297+0000: 291.757: [GC [PSYoungGen: 224047K->708K(268288K)] 300495K->77180K(955264K), 0.0111250 secs] [Times: user=0.07 sys=0.00, real=0.01 secs] 
2014-07-08T05:33:49.084+0000: 292.544: [GC [PSYoungGen: 268228K->676K(282944K)] 344700K->77244K(969920K), 0.0027460 secs] [Times: user=0.02 sys=0.00, real=0.00 secs] 
2014-07-08T05:33:49.989+0000: 293.448: [GC [PSYoungGen: 282147K->715K(274944K)] 358716K->77363K(961920K), 0.0037240 secs] [Times: user=0.02 sys=0.01, real=0.01 secs] 
2014-07-08T05:33:50.863+0000: 294.322: [GC [PSYoungGen: 274891K->964K(268160K)] 351539K->77700K(955136K), 0.0026930 secs] [Times: user=0.01 sys=0.00, real=0.00 secs] 
2014-07-08T05:33:51.780+0000: 295.240: [GC [PSYoungGen: 268100K->1014K(261376K)] 344836K->77831K(948352K), 0.0039680 secs] [Times: user=0.03 sys=0.00, real=0.01 secs] 
2014-07-08T05:33:52.549+0000: 296.008: [GC [PSYoungGen: 261366K->896K(254784K)] 338183K->77768K(941760K), 0.0078130 secs] [Times: user=0.04 sys=0.00, real=0.01 secs] 
2014-07-08T05:33:53.246+0000: 296.705: [GC [PSYoungGen: 254720K->750K(248320K)] 331592K->77686K(935296K), 0.0044150 secs] [Times: user=0.03 sys=0.00, real=0.00 secs] 
2014-07-08T05:33:54.063+0000: 297.523: [GC [PSYoungGen: 248302K->640K(242176K)] 325238K->77616K(929152K), 0.0041520 secs] [Times: user=0.02 sys=0.00, real=0.00 secs] 
2014-07-08T05:33:54.822+0000: 298.282: [GC [PSYoungGen: 242176K->594K(236352K)] 319152K->77650K(923328K), 0.0048650 secs] [Times: user=0.03 sys=0.00, real=0.00 secs] 
2014-07-08T05:33:55.475+0000: 298.934: [GC [PSYoungGen: 236306K->954K(231104K)] 313362K->78082K(918080K), 0.0065320 secs] [Times: user=0.03 sys=0.01, real=0.00 secs] 
2014-07-08T05:33:56.183+0000: 299.643: [GC [PSYoungGen: 231060K->776K(225600K)] 308189K->77952K(912576K), 0.0034640 secs] [Times: user=0.01 sys=0.00, real=0.00 secs] 
2014-07-08T05:33:56.972+0000: 300.431: [GC [PSYoungGen: 225513K->1003K(220608K)] 302689K->78235K(907584K), 0.0035940 secs] [Times: user=0.01 sys=0.00, real=0.01 secs] 
2014-07-08T05:33:57.798+0000: 301.258: [GC [PSYoungGen: 220554K->766K(215360K)] 297787K->78456K(902336K), 0.0033100 secs] [Times: user=0.01 sys=0.01, real=0.00 secs] 
2014-07-08T05:33:58.404+0000: 301.863: [GC [PSYoungGen: 215358K->854K(210624K)] 293048K->78616K(897600K), 0.0026290 secs] [Times: user=0.02 sys=0.00, real=0.00 secs] 
2014-07-08T05:33:59.071+0000: 302.531: [GC [PSYoungGen: 210582K->516K(205632K)] 288344K->78376K(892608K), 0.0044530 secs] [Times: user=0.02 sys=0.00, real=0.01 secs] 
2014-07-08T05:33:59.740+0000: 303.200: [GC [PSYoungGen: 205572K->1132K(201728K)] 283432K->79032K(888704K), 0.0063730 secs] [Times: user=0.01 sys=0.00, real=0.01 secs] 
2014-07-08T05:34:00.227+0000: 303.687: [GC [PSYoungGen: 201708K->644K(196928K)] 279608K->78616K(883904K), 0.0050510 secs] [Times: user=0.02 sys=0.00, real=0.01 secs] 
2014-07-08T05:34:00.888+0000: 304.347: [GC [PSYoungGen: 196849K->548K(192576K)] 274822K->78576K(879552K), 0.0026690 secs] [Times: user=0.01 sys=0.00, real=0.00 secs] 
2014-07-08T05:34:01.383+0000: 304.842: [GC [PSYoungGen: 192548K->736K(188672K)] 270576K->78813K(875648K), 0.0071520 secs] [Times: user=0.04 sys=0.00, real=0.01 secs] 
2014-07-08T05:34:02.001+0000: 305.460: [GC [PSYoungGen: 188622K->836K(184896K)] 266699K->78977K(871872K), 0.0035640 secs] [Times: user=0.01 sys=0.00, real=0.01 secs] 
2014-07-08T05:34:02.688+0000: 306.148: [GC [PSYoungGen: 184807K->1206K(181440K)] 262948K->79410K(868416K), 0.0056910 secs] [Times: user=0.03 sys=0.00, real=0.01 secs] 
2014-07-08T05:34:03.226+0000: 306.685: [GC [PSYoungGen: 181430K->794K(177408K)] 259634K->79046K(864384K), 0.0064330 secs] [Times: user=0.03 sys=0.00, real=0.00 secs] 
2014-07-08T05:34:03.809+0000: 307.268: [GC [PSYoungGen: 177370K->676K(173696K)] 255622K->78992K(860672K), 0.0046570 secs] [Times: user=0.02 sys=0.00, real=0.01 secs] 
2014-07-08T05:34:04.237+0000: 307.697: [GC [PSYoungGen: 173668K->726K(170304K)] 251984K->79114K(857280K), 0.0054440 secs] [Times: user=0.03 sys=0.01, real=0.01 secs] 
2014-07-08T05:34:04.817+0000: 308.277: [GC [PSYoungGen: 170241K->908K(167168K)] 248630K->79360K(854144K), 0.0050930 secs] [Times: user=0.02 sys=0.00, real=0.00 secs] 
2014-07-08T05:34:05.238+0000: 308.697: [GC [PSYoungGen: 167091K->850K(200384K)] 245544K->79342K(887360K), 0.0078280 secs] [Times: user=0.04 sys=0.00, real=0.01 secs] 
2014-07-08T05:34:05.907+0000: 309.366: [GC [PSYoungGen: 200338K->726K(195968K)] 278830K->79322K(882944K), 0.0038630 secs] [Times: user=0.03 sys=0.00, real=0.00 secs] 
2014-07-08T05:34:06.414+0000: 309.873: [GC [PSYoungGen: 195926K->690K(191744K)] 274522K->79358K(878720K), 0.0051910 secs] [Times: user=0.02 sys=0.00, real=0.00 secs] 
2014-07-08T05:34:07.037+0000: 310.497: [GC [PSYoungGen: 191730K->733K(187776K)] 270398K->79449K(874752K), 0.0037980 secs] [Times: user=0.01 sys=0.00, real=0.00 secs] 
2014-07-08T05:34:07.694+0000: 311.154: [GC [PSYoungGen: 187741K->914K(184064K)] 266457K->79678K(871040K), 0.0065740 secs] [Times: user=0.03 sys=0.00, real=0.00 secs] 
2014-07-08T05:34:08.174+0000: 311.634: [GC [PSYoungGen: 184018K->594K(220416K)] 262782K->79430K(907392K), 0.0080520 secs] [Times: user=0.05 sys=0.00, real=0.00 secs] 
2014-07-08T05:34:08.993+0000: 312.452: [GC [PSYoungGen: 220370K->1206K(215936K)] 299206K->80239K(902912K), 0.0034380 secs] [Times: user=0.02 sys=0.00, real=0.01 secs] 
2014-07-08T05:34:09.631+0000: 313.090: [GC [PSYoungGen: 215925K->630K(210496K)] 294958K->79910K(897472K), 0.0036920 secs] [Times: user=0.02 sys=0.00, real=0.01 secs] 
2014-07-08T05:34:10.195+0000: 313.654: [GC [PSYoungGen: 210486K->858K(206080K)] 289766K->80202K(893056K), 0.0067910 secs] [Times: user=0.04 sys=0.00, real=0.00 secs] 
2014-07-08T05:34:10.879+0000: 314.338: [GC [PSYoungGen: 206040K->498K(201152K)] 285385K->80072K(888128K), 0.0059210 secs] [Times: user=0.03 sys=0.00, real=0.01 secs] 
2014-07-08T05:34:11.407+0000: 314.866: [GC [PSYoungGen: 201138K->790K(197120K)] 280712K->80452K(884096K), 0.0061240 secs] [Times: user=0.04 sys=0.00, real=0.00 secs] 
2014-07-08T05:34:12.049+0000: 315.509: [GC [PSYoungGen: 197078K->694K(192768K)] 276740K->80428K(879744K), 0.0058120 secs] [Times: user=0.03 sys=0.00, real=0.01 secs] 
2014-07-08T05:34:12.699+0000: 316.158: [GC [PSYoungGen: 192758K->1230K(189248K)] 272492K->81005K(876224K), 0.0078220 secs] [Times: user=0.04 sys=0.00, real=0.01 secs] 
2014-07-08T05:34:13.209+0000: 316.668: [GC [PSYoungGen: 189198K->630K(184704K)] 268973K->80534K(871680K), 0.0037640 secs] [Times: user=0.02 sys=0.00, real=0.00 secs] 
2014-07-08T05:34:13.821+0000: 317.280: [GC [PSYoungGen: 184668K->1028K(181376K)] 264572K->80997K(868352K), 0.0034910 secs] [Times: user=0.02 sys=0.00, real=0.01 secs] 
2014-07-08T05:34:14.285+0000: 317.745: [GC [PSYoungGen: 181284K->996K(177664K)] 261253K->81021K(864640K), 0.0030120 secs] [Times: user=0.01 sys=0.00, real=0.00 secs] 
2014-07-08T05:34:14.990+0000: 318.450: [GC [PSYoungGen: 177636K->1088K(174208K)] 257661K->81193K(861184K), 0.0048830 secs] [Times: user=0.03 sys=0.00, real=0.01 secs] 
2014-07-08T05:34:15.434+0000: 318.893: [GC [PSYoungGen: 174144K->566K(170176K)] 254249K->80920K(857152K), 0.0047690 secs] [Times: user=0.03 sys=0.00, real=0.01 secs] 
2014-07-08T05:34:15.969+0000: 319.429: [GC [PSYoungGen: 170166K->808K(167104K)] 250520K->81258K(854080K), 0.0029950 secs] [Times: user=0.01 sys=0.00, real=0.00 secs] 
2014-07-08T05:34:16.401+0000: 319.860: [GC [PSYoungGen: 167063K->776K(163904K)] 247514K->81425K(850880K), 0.0058330 secs] [Times: user=0.03 sys=0.00, real=0.01 secs] 
2014-07-08T05:34:16.973+0000: 320.433: [GC [PSYoungGen: 163825K->666K(160640K)] 244474K->81363K(847616K), 0.0064970 secs] [Times: user=0.03 sys=0.00, real=0.01 secs] 
2014-07-08T05:34:17.402+0000: 320.861: [GC [PSYoungGen: 160602K->726K(157696K)] 241299K->81495K(844672K), 0.0030020 secs] [Times: user=0.01 sys=0.00, real=0.00 secs] 
2014-07-08T05:34:17.987+0000: 321.446: [GC [PSYoungGen: 157654K->662K(154688K)] 238423K->81503K(841664K), 0.0040760 secs] [Times: user=0.01 sys=0.00, real=0.00 secs] 
2014-07-08T05:34:18.386+0000: 321.845: [GC [PSYoungGen: 154646K->580K(185472K)] 235487K->81477K(872448K), 0.0066990 secs] [Times: user=0.04 sys=0.00, real=0.00 secs] 
2014-07-08T05:34:18.972+0000: 322.432: [GC [PSYoungGen: 185399K->768K(181824K)] 266296K->81705K(868800K), 0.0056750 secs] [Times: user=0.04 sys=0.00, real=0.01 secs] 
2014-07-08T05:34:19.478+0000: 322.937: [GC [PSYoungGen: 181724K->890K(218112K)] 262661K->81875K(905088K), 0.0065310 secs] [Times: user=0.04 sys=0.00, real=0.00 secs] 
2014-07-08T05:34:20.141+0000: 323.600: [GC [PSYoungGen: 218093K->794K(261504K)] 299078K->81827K(948480K), 0.0071880 secs] [Times: user=0.04 sys=0.00, real=0.01 secs] 
2014-07-08T05:34:21.036+0000: 324.495: [GC [PSYoungGen: 261466K->722K(254912K)] 342499K->81834K(941888K), 0.0049490 secs] [Times: user=0.02 sys=0.00, real=0.00 secs] 
2014-07-08T05:34:21.810+0000: 325.269: [GC [PSYoungGen: 254844K->1136K(249024K)] 335957K->82305K(936000K), 0.0039680 secs] [Times: user=0.01 sys=0.01, real=0.00 secs] 
2014-07-08T05:34:22.477+0000: 325.936: [GC [PSYoungGen: 249008K->426K(242304K)] 330177K->81977K(929280K), 0.0058360 secs] [Times: user=0.03 sys=0.00, real=0.00 secs] 
2014-07-08T05:34:23.284+0000: 326.744: [GC [PSYoungGen: 242282K->862K(236928K)] 323833K->82453K(923904K), 0.0040120 secs] [Times: user=0.02 sys=0.00, real=0.01 secs] 
2014-07-08T05:34:24.025+0000: 327.485: [GC [PSYoungGen: 236894K->626K(231040K)] 318485K->82513K(918016K), 0.0059920 secs] [Times: user=0.03 sys=0.00, real=0.01 secs] 
2014-07-08T05:34:24.769+0000: 328.228: [GC [PSYoungGen: 231005K->996K(226048K)] 312892K->82955K(913024K), 0.0039390 secs] [Times: user=0.02 sys=0.00, real=0.00 secs] 
2014-07-08T05:34:25.379+0000: 328.838: [GC [PSYoungGen: 226020K->644K(220544K)] 307979K->82667K(907520K), 0.0048970 secs] [Times: user=0.02 sys=0.00, real=0.00 secs] 
2014-07-08T05:34:26.075+0000: 329.534: [GC [PSYoungGen: 220463K->694K(215488K)] 302486K->82765K(902464K), 0.0088270 secs] [Times: user=0.05 sys=0.00, real=0.01 secs] 
2014-07-08T05:34:26.923+0000: 330.383: [GC [PSYoungGen: 215476K->1078K(211008K)] 297548K->83229K(897984K), 0.0053720 secs] [Times: user=0.03 sys=0.00, real=0.01 secs] 
2014-07-08T05:34:27.474+0000: 330.933: [GC [PSYoungGen: 210996K->893K(206144K)] 293147K->83092K(893120K), 0.0063910 secs] [Times: user=0.01 sys=0.01, real=0.01 secs] 
2014-07-08T05:34:28.155+0000: 331.614: [GC [PSYoungGen: 206138K->616K(201344K)] 288337K->82945K(888320K), 0.0046790 secs] [Times: user=0.02 sys=0.00, real=0.01 secs] 
2014-07-08T05:34:28.824+0000: 332.284: [GC [PSYoungGen: 201320K->1170K(197568K)] 283649K->83555K(884544K), 0.0060500 secs] [Times: user=0.03 sys=0.00, real=0.01 secs] 
2014-07-08T05:34:29.355+0000: 332.814: [GC [PSYoungGen: 197522K->754K(192896K)] 279907K->83253K(879872K), 0.0051680 secs] [Times: user=0.03 sys=0.00, real=0.01 secs] 
2014-07-08T05:34:29.980+0000: 333.440: [GC [PSYoungGen: 192833K->598K(188672K)] 275332K->83137K(875648K), 0.0033880 secs] [Times: user=0.01 sys=0.00, real=0.00 secs] 
2014-07-08T05:34:30.572+0000: 334.032: [GC [PSYoungGen: 188630K->992K(185152K)] 271169K->83587K(872128K), 0.0037080 secs] [Times: user=0.02 sys=0.00, real=0.00 secs] 
2014-07-08T05:34:31.162+0000: 334.621: [GC [PSYoungGen: 185120K->864K(181248K)] 267715K->83523K(868224K), 0.0059630 secs] [Times: user=0.03 sys=0.01, real=0.01 secs] 
2014-07-08T05:34:31.779+0000: 335.238: [GC [PSYoungGen: 181216K->826K(177472K)] 263875K->83673K(864448K), 0.0031420 secs] [Times: user=0.01 sys=0.00, real=0.00 secs] 
2014-07-08T05:34:32.324+0000: 335.783: [GC [PSYoungGen: 177452K->822K(173888K)] 260299K->83709K(860864K), 0.0037160 secs] [Times: user=0.01 sys=0.01, real=0.01 secs] 
2014-07-08T05:34:33.141+0000: 336.600: [GC [PSYoungGen: 173878K->936K(170560K)] 256765K->84139K(857536K), 0.0050350 secs] [Times: user=0.03 sys=0.00, real=0.00 secs] 
2014-07-08T05:34:33.634+0000: 337.093: [GC [PSYoungGen: 170536K->1328K(167616K)] 253739K->84645K(854592K), 0.0069340 secs] [Times: user=0.03 sys=0.00, real=0.01 secs] 
2014-07-08T05:34:34.146+0000: 337.605: [GC [PSYoungGen: 167600K->444K(200000K)] 250917K->84309K(886976K), 0.0078030 secs] [Times: user=0.04 sys=0.01, real=0.01 secs] 
2014-07-08T05:34:34.853+0000: 338.313: [GC [PSYoungGen: 199996K->1192K(196416K)] 283861K->85105K(883392K), 0.0034780 secs] [Times: user=0.02 sys=0.01, real=0.00 secs] 
2014-07-08T05:34:35.419+0000: 338.878: [GC [PSYoungGen: 196362K->762K(191808K)] 280275K->84847K(878784K), 0.0041320 secs] [Times: user=0.02 sys=0.00, real=0.00 secs] 
2014-07-08T05:34:36.065+0000: 339.524: [GC [PSYoungGen: 191802K->498K(187520K)] 275887K->84631K(874496K), 0.0049660 secs] [Times: user=0.03 sys=0.00, real=0.01 secs] 
2014-07-08T05:34:36.750+0000: 340.210: [GC [PSYoungGen: 187506K->982K(184128K)] 271639K->85155K(871104K), 0.0040870 secs] [Times: user=0.02 sys=0.00, real=0.00 secs] 
2014-07-08T05:34:37.275+0000: 340.734: [GC [PSYoungGen: 184055K->826K(180160K)] 268228K->85071K(867136K), 0.0030350 secs] [Times: user=0.01 sys=0.01, real=0.01 secs] 
2014-07-08T05:34:37.932+0000: 341.391: [GC [PSYoungGen: 180153K->1120K(176832K)] 264399K->85421K(863808K), 0.0037610 secs] [Times: user=0.01 sys=0.00, real=0.00 secs] 
2014-07-08T05:34:38.444+0000: 341.904: [GC [PSYoungGen: 176800K->878K(173056K)] 261101K->85243K(860032K), 0.0036280 secs] [Times: user=0.02 sys=0.00, real=0.01 secs] 
2014-07-08T05:34:39.125+0000: 342.585: [GC [PSYoungGen: 173038K->1006K(169792K)] 257403K->85412K(856768K), 0.0040860 secs] [Times: user=0.01 sys=0.00, real=0.01 secs] 
2014-07-08T05:34:39.654+0000: 343.113: [GC [PSYoungGen: 169774K->932K(166400K)] 254180K->85409K(853376K), 0.0058050 secs] [Times: user=0.03 sys=0.00, real=0.01 secs] 
2014-07-08T05:34:40.159+0000: 343.618: [GC [PSYoungGen: 166372K->797K(163072K)] 250849K->85322K(850048K), 0.0073190 secs] [Times: user=0.03 sys=0.00, real=0.00 secs] 
2014-07-08T05:34:40.733+0000: 344.192: [GC [PSYoungGen: 163037K->1192K(160384K)] 247562K->85797K(847360K), 0.0065830 secs] [Times: user=0.04 sys=0.00, real=0.01 secs] 
2014-07-08T05:34:41.233+0000: 344.693: [GC [PSYoungGen: 160360K->630K(156800K)] 244965K->85299K(843776K), 0.0042440 secs] [Times: user=0.02 sys=0.00, real=0.00 secs] 
2014-07-08T05:34:41.779+0000: 345.239: [GC [PSYoungGen: 156756K->833K(154112K)] 241425K->85566K(841088K), 0.0040570 secs] [Times: user=0.02 sys=0.00, real=0.00 secs] 
2014-07-08T05:34:42.257+0000: 345.717: [GC [PSYoungGen: 154049K->662K(151104K)] 238782K->85451K(838080K), 0.0045370 secs] [Times: user=0.03 sys=0.00, real=0.01 secs] 
2014-07-08T05:34:42.838+0000: 346.298: [GC [PSYoungGen: 151062K->1252K(148928K)] 235851K->86114K(835904K), 0.0058670 secs] [Times: user=0.03 sys=0.00, real=0.01 secs] 
2014-07-08T05:34:43.286+0000: 346.746: [GC [PSYoungGen: 148874K->612K(145600K)] 233736K->85529K(832576K), 0.0031070 secs] [Times: user=0.01 sys=0.00, real=0.01 secs] 
2014-07-08T05:34:43.802+0000: 347.261: [GC [PSYoungGen: 145572K->868K(143296K)] 230489K->85841K(830272K), 0.0033930 secs] [Times: user=0.02 sys=0.00, real=0.00 secs] 
2014-07-08T05:34:44.247+0000: 347.707: [GC [PSYoungGen: 143268K->680K(140608K)] 228241K->85701K(827584K), 0.0065990 secs] [Times: user=0.04 sys=0.00, real=0.01 secs] 
2014-07-08T05:34:44.776+0000: 348.235: [GC [PSYoungGen: 140560K->1160K(169152K)] 225581K->86237K(856128K), 0.0085070 secs] [Times: user=0.06 sys=0.00, real=0.01 secs] 
2014-07-08T05:34:45.318+0000: 348.777: [GC [PSYoungGen: 169096K->896K(202496K)] 254173K->86053K(889472K), 0.0057430 secs] [Times: user=0.03 sys=0.00, real=0.01 secs] 
2014-07-08T05:34:45.989+0000: 349.448: [GC [PSYoungGen: 202432K->894K(242752K)] 287589K->86067K(929728K), 0.0064320 secs] [Times: user=0.02 sys=0.00, real=0.01 secs] 
2014-07-08T05:34:46.856+0000: 350.315: [GC [PSYoungGen: 242750K->1004K(277568K)] 327923K->86379K(964544K), 0.0088760 secs] [Times: user=0.06 sys=0.00, real=0.01 secs] 
2014-07-08T05:34:47.755+0000: 351.214: [GC [PSYoungGen: 277536K->826K(270272K)] 362912K->86273K(957248K), 0.0039810 secs] [Times: user=0.02 sys=0.00, real=0.00 secs] 
2014-07-08T05:34:48.679+0000: 352.138: [GC [PSYoungGen: 270240K->680K(263296K)] 355688K->86566K(950272K), 0.0082110 secs] [Times: user=0.05 sys=0.00, real=0.01 secs] 
2014-07-08T05:34:49.517+0000: 352.976: [GC [PSYoungGen: 263241K->1050K(257088K)] 349127K->87000K(944064K), 0.0035590 secs] [Times: user=0.01 sys=0.00, real=0.01 secs] 
2014-07-08T05:34:50.358+0000: 353.817: [GC [PSYoungGen: 257050K->644K(250368K)] 343000K->86880K(937344K), 0.0064930 secs] [Times: user=0.04 sys=0.00, real=0.01 secs] 
2014-07-08T05:34:51.228+0000: 354.688: [GC [PSYoungGen: 250308K->758K(244352K)] 336544K->87074K(931328K), 0.0043580 secs] [Times: user=0.03 sys=0.00, real=0.01 secs] 
2014-07-08T05:34:52.067+0000: 355.527: [GC [PSYoungGen: 244342K->904K(238656K)] 330658K->87268K(925632K), 0.0033890 secs] [Times: user=0.01 sys=0.00, real=0.01 secs] 
2014-07-08T05:34:52.861+0000: 356.321: [GC [PSYoungGen: 238551K->765K(232768K)] 324915K->87193K(919744K), 0.0066270 secs] [Times: user=0.04 sys=0.00, real=0.00 secs] 
2014-07-08T05:34:53.632+0000: 357.092: [GC [PSYoungGen: 232737K->908K(227520K)] 319165K->87400K(914496K), 0.0050820 secs] [Times: user=0.03 sys=0.00, real=0.00 secs] 
2014-07-08T05:34:54.361+0000: 357.820: [GC [PSYoungGen: 227468K->712K(222080K)] 313960K->87268K(909056K), 0.0048460 secs] [Times: user=0.03 sys=0.00, real=0.00 secs] 
2014-07-08T05:34:55.109+0000: 358.569: [GC [PSYoungGen: 222024K->886K(217152K)] 308580K->87506K(904128K), 0.0036610 secs] [Times: user=0.01 sys=0.00, real=0.01 secs] 
2014-07-08T05:34:55.845+0000: 359.305: [GC [PSYoungGen: 217126K->744K(212096K)] 303746K->87476K(899072K), 0.0053140 secs] [Times: user=0.02 sys=0.00, real=0.00 secs] 
2014-07-08T05:34:56.562+0000: 360.021: [GC [PSYoungGen: 212072K->957K(207552K)] 298804K->87857K(894528K), 0.0056960 secs] [Times: user=0.04 sys=0.00, real=0.00 secs] 
2014-07-08T05:34:57.228+0000: 360.688: [GC [PSYoungGen: 207549K->690K(202752K)] 294449K->87654K(889728K), 0.0031370 secs] [Times: user=0.01 sys=0.01, real=0.01 secs] 
2014-07-08T05:34:57.969+0000: 361.428: [GC [PSYoungGen: 202738K->1074K(198720K)] 289702K->88240K(885696K), 0.0031460 secs] [Times: user=0.02 sys=0.00, real=0.01 secs] 
2014-07-08T05:34:58.612+0000: 362.072: [GC [PSYoungGen: 198706K->922K(194304K)] 285872K->88192K(881280K), 0.0046000 secs] [Times: user=0.03 sys=0.00, real=0.00 secs] 
2014-07-08T05:34:59.251+0000: 362.710: [GC [PSYoungGen: 194266K->466K(189760K)] 281536K->87810K(876736K), 0.0036420 secs] [Times: user=0.01 sys=0.00, real=0.01 secs] 
2014-07-08T05:34:59.890+0000: 363.349: [GC [PSYoungGen: 189714K->744K(186048K)] 277058K->88168K(873024K), 0.0035570 secs] [Times: user=0.02 sys=0.00, real=0.01 secs] 
2014-07-08T05:35:00.502+0000: 363.961: [GC [PSYoungGen: 185975K->1046K(182528K)] 273399K->88542K(869504K), 0.0040030 secs] [Times: user=0.03 sys=0.00, real=0.01 secs] 
2014-07-08T05:35:01.121+0000: 364.580: [GC [PSYoungGen: 182486K->772K(178560K)] 269982K->88316K(865536K), 0.0037940 secs] [Times: user=0.02 sys=0.00, real=0.01 secs] 
2014-07-08T05:35:01.768+0000: 365.227: [GC [PSYoungGen: 178485K->932K(175104K)] 266029K->88780K(862080K), 0.0029420 secs] [Times: user=0.01 sys=0.00, real=0.00 secs] 
2014-07-08T05:35:02.326+0000: 365.786: [GC [PSYoungGen: 175076K->808K(171520K)] 262924K->88712K(858496K), 0.0064240 secs] [Times: user=0.03 sys=0.00, real=0.01 secs] 
2014-07-08T05:35:02.915+0000: 366.374: [GC [PSYoungGen: 171496K->662K(168000K)] 259400K->88630K(854976K), 0.0037660 secs] [Times: user=0.01 sys=0.00, real=0.00 secs] 
2014-07-08T05:35:03.508+0000: 366.968: [GC [PSYoungGen: 167958K->1120K(165184K)] 255926K->89136K(852160K), 0.0062160 secs] [Times: user=0.03 sys=0.00, real=0.01 secs] 
2014-07-08T05:35:04.076+0000: 367.535: [GC [PSYoungGen: 165130K->766K(197632K)] 253147K->88814K(884608K), 0.0113190 secs] [Times: user=0.07 sys=0.00, real=0.01 secs] 
2014-07-08T05:35:04.795+0000: 368.254: [GC [PSYoungGen: 197630K->1014K(193664K)] 285678K->89118K(880640K), 0.0044500 secs] [Times: user=0.03 sys=0.00, real=0.00 secs] 
2014-07-08T05:35:05.419+0000: 368.878: [GC [PSYoungGen: 193646K->808K(189376K)] 281750K->89000K(876352K), 0.0058630 secs] [Times: user=0.04 sys=0.00, real=0.01 secs] 
2014-07-08T05:35:06.068+0000: 369.528: [GC [PSYoungGen: 189352K->716K(185344K)] 277544K->88972K(872320K), 0.0049720 secs] [Times: user=0.03 sys=0.00, real=0.01 secs] 
2014-07-08T05:35:06.752+0000: 370.211: [GC [PSYoungGen: 185292K->1262K(182016K)] 273548K->89638K(868992K), 0.0040450 secs] [Times: user=0.02 sys=0.00, real=0.00 secs] 
2014-07-08T05:35:07.345+0000: 370.805: [GC [PSYoungGen: 181976K->776K(177856K)] 270352K->89232K(864832K), 0.0037320 secs] [Times: user=0.01 sys=0.00, real=0.00 secs] 
2014-07-08T05:35:07.960+0000: 371.419: [GC [PSYoungGen: 177800K->914K(174400K)] 266256K->89442K(861376K), 0.0027370 secs] [Times: user=0.02 sys=0.00, real=0.00 secs] 
2014-07-08T05:35:08.585+0000: 372.044: [GC [PSYoungGen: 174354K->1352K(171392K)] 262882K->89960K(858368K), 0.0087020 secs] [Times: user=0.05 sys=0.00, real=0.01 secs] 
2014-07-08T05:35:09.131+0000: 372.590: [GC [PSYoungGen: 171336K->488K(167168K)] 259944K->89356K(854144K), 0.0041010 secs] [Times: user=0.02 sys=0.00, real=0.01 secs] 
2014-07-08T05:35:09.771+0000: 373.230: [GC [PSYoungGen: 167144K->1430K(164864K)] 256012K->90402K(851840K), 0.0029260 secs] [Times: user=0.01 sys=0.00, real=0.01 secs] 
2014-07-08T05:35:10.343+0000: 373.802: [GC [PSYoungGen: 164785K->1060K(161344K)] 253757K->90220K(848320K), 0.0029730 secs] [Times: user=0.02 sys=0.00, real=0.00 secs] 
2014-07-08T05:35:10.920+0000: 374.379: [GC [PSYoungGen: 161316K->942K(158144K)] 250476K->90174K(845120K), 0.0034070 secs] [Times: user=0.02 sys=0.00, real=0.01 secs] 
2014-07-08T05:35:11.378+0000: 374.837: [GC [PSYoungGen: 158122K->712K(155008K)] 247355K->90016K(841984K), 0.0033730 secs] [Times: user=0.01 sys=0.00, real=0.00 secs] 
2014-07-08T05:35:11.917+0000: 375.376: [GC [PSYoungGen: 154945K->466K(151872K)] 244249K->89818K(838848K), 0.0047240 secs] [Times: user=0.03 sys=0.00, real=0.00 secs] 
2014-07-08T05:35:12.444+0000: 375.903: [GC [PSYoungGen: 151826K->840K(149504K)] 241178K->90256K(836480K), 0.0038480 secs] [Times: user=0.02 sys=0.00, real=0.00 secs] 
2014-07-08T05:35:12.972+0000: 376.431: [GC [PSYoungGen: 149411K->594K(146560K)] 238827K->90082K(833536K), 0.0049530 secs] [Times: user=0.02 sys=0.01, real=0.01 secs] 
2014-07-08T05:35:13.510+0000: 376.970: [GC [PSYoungGen: 146513K->1525K(144832K)] 236001K->91120K(831808K), 0.0033940 secs] [Times: user=0.01 sys=0.00, real=0.00 secs] 
2014-07-08T05:35:13.979+0000: 377.438: [GC [PSYoungGen: 144821K->808K(141568K)] 234416K->90474K(828544K), 0.0046600 secs] [Times: user=0.01 sys=0.00, real=0.00 secs] 
2014-07-08T05:35:14.464+0000: 377.924: [GC [PSYoungGen: 141544K->840K(139200K)] 231210K->90578K(826176K), 0.0042930 secs] [Times: user=0.03 sys=0.00, real=0.00 secs] 
2014-07-08T05:35:14.952+0000: 378.411: [GC [PSYoungGen: 139116K->708K(136704K)] 228854K->90526K(823680K), 0.0046160 secs] [Times: user=0.03 sys=0.00, real=0.01 secs] 
2014-07-08T05:35:15.419+0000: 378.878: [GC [PSYoungGen: 136644K->548K(134208K)] 226462K->90406K(821184K), 0.0045080 secs] [Times: user=0.02 sys=0.00, real=0.00 secs] 
2014-07-08T05:35:15.877+0000: 379.337: [GC [PSYoungGen: 134180K->658K(132096K)] 224038K->90580K(819072K), 0.0038040 secs] [Times: user=0.01 sys=0.00, real=0.00 secs] 
2014-07-08T05:35:16.331+0000: 379.790: [GC [PSYoungGen: 132046K->694K(129920K)] 221969K->90672K(816896K), 0.0034450 secs] [Times: user=0.01 sys=0.00, real=0.01 secs] 
2014-07-08T05:35:16.879+0000: 380.338: [GC [PSYoungGen: 129910K->1170K(128320K)] 219888K->91228K(815296K), 0.0058430 secs] [Times: user=0.03 sys=0.00, real=0.01 secs] 
2014-07-08T05:35:17.262+0000: 380.722: [GC [PSYoungGen: 128274K->708K(153344K)] 218332K->90814K(840320K), 0.0089060 secs] [Times: user=0.05 sys=0.00, real=0.01 secs] 
2014-07-08T05:35:17.782+0000: 381.241: [GC [PSYoungGen: 153284K->644K(183808K)] 243390K->90830K(870784K), 0.0048000 secs] [Times: user=0.03 sys=0.00, real=0.01 secs] 
2014-07-08T05:35:18.448+0000: 381.907: [GC [PSYoungGen: 183706K->1515K(221312K)] 273892K->91843K(908288K), 0.0105860 secs] [Times: user=0.07 sys=0.00, real=0.01 secs] 
2014-07-08T05:35:19.151+0000: 382.610: [GC [PSYoungGen: 221291K->748K(250112K)] 311619K->91163K(937088K), 0.0047860 secs] [Times: user=0.03 sys=0.00, real=0.01 secs] 
2014-07-08T05:35:20.019+0000: 383.478: [GC [PSYoungGen: 249132K->904K(265472K)] 339547K->91367K(952448K), 0.0066630 secs] [Times: user=0.03 sys=0.00, real=0.01 secs] 
2014-07-08T05:35:20.936+0000: 384.395: [GC [PSYoungGen: 264675K->744K(265408K)] 355139K->91263K(952384K), 0.0110720 secs] [Times: user=0.07 sys=0.00, real=0.01 secs] 
2014-07-08T05:35:21.852+0000: 385.312: [GC [PSYoungGen: 264552K->882K(258048K)] 355071K->91473K(945024K), 0.0029860 secs] [Times: user=0.01 sys=0.00, real=0.01 secs] 
2014-07-08T05:35:22.813+0000: 386.273: [GC [PSYoungGen: 258016K->1309K(252096K)] 348607K->91941K(939072K), 0.0054860 secs] [Times: user=0.03 sys=0.00, real=0.01 secs] 
2014-07-08T05:35:23.803+0000: 387.262: [GC [PSYoungGen: 252061K->882K(245504K)] 342693K->91729K(932480K), 0.0042210 secs] [Times: user=0.02 sys=0.00, real=0.01 secs] 
2014-07-08T05:35:24.487+0000: 387.947: [GC [PSYoungGen: 245490K->968K(239680K)] 336337K->91895K(926656K), 0.0033090 secs] [Times: user=0.01 sys=0.00, real=0.00 secs] 
2014-07-08T05:35:25.311+0000: 388.770: [GC [PSYoungGen: 239624K->844K(233856K)] 330551K->91835K(920832K), 0.0042910 secs] [Times: user=0.02 sys=0.00, real=0.01 secs] 
2014-07-08T05:35:26.105+0000: 389.564: [GC [PSYoungGen: 233802K->698K(228160K)] 324793K->91761K(915136K), 0.0038890 secs] [Times: user=0.02 sys=0.00, real=0.01 secs] 
2014-07-08T05:35:26.882+0000: 390.341: [GC [PSYoungGen: 228154K->840K(223040K)] 319217K->91975K(910016K), 0.0032160 secs] [Times: user=0.02 sys=0.00, real=0.00 secs] 
2014-07-08T05:35:27.746+0000: 391.206: [GC [PSYoungGen: 222945K->1458K(218496K)] 314081K->92673K(905472K), 0.0055980 secs] [Times: user=0.02 sys=0.00, real=0.00 secs] 
2014-07-08T05:35:28.417+0000: 391.876: [GC [PSYoungGen: 218482K->516K(212672K)] 309697K->91787K(899648K), 0.0078350 secs] [Times: user=0.05 sys=0.00, real=0.00 secs] 
2014-07-08T05:35:29.154+0000: 392.614: [GC [PSYoungGen: 212612K->776K(208192K)] 303883K->92143K(895168K), 0.0082610 secs] [Times: user=0.05 sys=0.01, real=0.01 secs] 
2014-07-08T05:35:29.951+0000: 393.411: [GC [PSYoungGen: 208135K->1502K(204288K)] 299502K->92934K(891264K), 0.0028910 secs] [Times: user=0.02 sys=0.01, real=0.00 secs] 
2014-07-08T05:35:30.603+0000: 394.062: [GC [PSYoungGen: 204232K->910K(199296K)] 295663K->92405K(886272K), 0.0053360 secs] [Times: user=0.02 sys=0.00, real=0.01 secs] 
2014-07-08T05:35:31.286+0000: 394.745: [GC [PSYoungGen: 199246K->726K(194816K)] 290741K->92285K(881792K), 0.0052680 secs] [Times: user=0.01 sys=0.00, real=0.00 secs] 
2014-07-08T05:35:31.964+0000: 395.423: [GC [PSYoungGen: 194774K->666K(190592K)] 286333K->92265K(877568K), 0.0048380 secs] [Times: user=0.02 sys=0.00, real=0.01 secs] 
2014-07-08T05:35:32.663+0000: 396.122: [GC [PSYoungGen: 190547K->1249K(187200K)] 282146K->92896K(874176K), 0.0046840 secs] [Times: user=0.01 sys=0.00, real=0.01 secs] 
2014-07-08T05:35:33.270+0000: 396.729: [GC [PSYoungGen: 187169K->808K(182912K)] 278816K->92511K(869888K), 0.0104770 secs] [Times: user=0.03 sys=0.01, real=0.01 secs] 
2014-07-08T05:35:33.995+0000: 397.454: [GC [PSYoungGen: 182888K->1054K(179456K)] 274591K->92853K(866432K), 0.0049000 secs] [Times: user=0.03 sys=0.01, real=0.01 secs] 
2014-07-08T05:35:34.519+0000: 397.979: [GC [PSYoungGen: 179386K->897K(175744K)] 271185K->92760K(862720K), 0.0058440 secs] [Times: user=0.03 sys=0.00, real=0.00 secs] 
2014-07-08T05:35:35.126+0000: 398.585: [GC [PSYoungGen: 175681K->808K(172096K)] 267544K->92759K(859072K), 0.0038600 secs] [Times: user=0.02 sys=0.00, real=0.01 secs] 
2014-07-08T05:35:35.787+0000: 399.247: [GC [PSYoungGen: 172039K->1346K(206976K)] 263991K->93345K(893952K), 0.0112220 secs] [Times: user=0.07 sys=0.00, real=0.01 secs] 
2014-07-08T05:35:36.436+0000: 399.895: [GC [PSYoungGen: 206914K->662K(247424K)] 298913K->92725K(934400K), 0.0104330 secs] [Times: user=0.07 sys=0.00, real=0.01 secs] 
2014-07-08T05:35:37.295+0000: 400.754: [GC [PSYoungGen: 247369K->780K(296896K)] 339433K->92915K(983872K), 0.0086980 secs] [Times: user=0.05 sys=0.00, real=0.01 secs] 
2014-07-08T05:35:38.312+0000: 401.772: [GC [PSYoungGen: 296807K->680K(288896K)] 388942K->92871K(975872K), 0.0052890 secs] [Times: user=0.02 sys=0.00, real=0.01 secs] 
2014-07-08T05:35:39.321+0000: 402.780: [GC [PSYoungGen: 288846K->883K(281536K)] 381037K->93130K(968512K), 0.0062670 secs] [Times: user=0.03 sys=0.01, real=0.01 secs] 
2014-07-08T05:35:40.288+0000: 403.747: [GC [PSYoungGen: 281523K->612K(273984K)] 373770K->92947K(960960K), 0.0051190 secs] [Times: user=0.02 sys=0.01, real=0.00 secs] 
2014-07-08T05:35:41.244+0000: 404.704: [GC [PSYoungGen: 273956K->712K(267136K)] 366291K->93119K(954112K), 0.0046640 secs] [Times: user=0.03 sys=0.00, real=0.01 secs] 
2014-07-08T05:35:42.174+0000: 405.633: [GC [PSYoungGen: 267080K->694K(260352K)] 359487K->93173K(947328K), 0.0043580 secs] [Times: user=0.02 sys=0.01, real=0.01 secs] 
2014-07-08T05:35:43.100+0000: 406.559: [GC [PSYoungGen: 260342K->626K(253824K)] 352821K->93185K(940800K), 0.0046280 secs] [Times: user=0.02 sys=0.00, real=0.00 secs] 
2014-07-08T05:35:44.117+0000: 407.576: [GC [PSYoungGen: 253810K->1316K(248256K)] 346369K->93907K(935232K), 0.0092060 secs] [Times: user=0.06 sys=0.00, real=0.01 secs] 
2014-07-08T05:35:44.852+0000: 408.311: [GC [PSYoungGen: 248228K->694K(241600K)] 340819K->93365K(928576K), 0.0040610 secs] [Times: user=0.01 sys=0.01, real=0.00 secs] 
2014-07-08T05:35:45.701+0000: 409.160: [GC [PSYoungGen: 241570K->1068K(236224K)] 334241K->93811K(923200K), 0.0046820 secs] [Times: user=0.02 sys=0.00, real=0.00 secs] 
2014-07-08T05:35:46.509+0000: 409.969: [GC [PSYoungGen: 236204K->1096K(230720K)] 328947K->93911K(917696K), 0.0029020 secs] [Times: user=0.01 sys=0.01, real=0.00 secs] 
2014-07-08T05:35:47.326+0000: 410.786: [GC [PSYoungGen: 230664K->530K(224768K)] 323479K->93401K(911744K), 0.0065450 secs] [Times: user=0.03 sys=0.00, real=0.01 secs] 
2014-07-08T05:35:48.101+0000: 411.560: [GC [PSYoungGen: 224722K->658K(219712K)] 317593K->93601K(906688K), 0.0051070 secs] [Times: user=0.03 sys=0.00, real=0.00 secs] 
2014-07-08T05:35:48.890+0000: 412.349: [GC [PSYoungGen: 219658K->1160K(215232K)] 312601K->94183K(902208K), 0.0056680 secs] [Times: user=0.03 sys=0.00, real=0.00 secs] 
2014-07-08T05:35:49.610+0000: 413.069: [GC [PSYoungGen: 215175K->1082K(210304K)] 308199K->94177K(897280K), 0.0051410 secs] [Times: user=0.03 sys=0.00, real=0.00 secs] 
2014-07-08T05:35:50.337+0000: 413.796: [GC [PSYoungGen: 210298K->666K(205248K)] 303393K->93833K(892224K), 0.0043060 secs] [Times: user=0.01 sys=0.01, real=0.01 secs] 
2014-07-08T05:35:51.060+0000: 414.520: [GC [PSYoungGen: 205210K->726K(200832K)] 298377K->93933K(887808K), 0.0048980 secs] [Times: user=0.02 sys=0.00, real=0.00 secs] 
2014-07-08T05:35:51.939+0000: 415.398: [GC [PSYoungGen: 200787K->1494K(197248K)] 293994K->94757K(884224K), 0.0033940 secs] [Times: user=0.01 sys=0.00, real=0.01 secs] 
2014-07-08T05:35:52.436+0000: 415.895: [GC [PSYoungGen: 197206K->616K(192192K)] 290469K->93927K(879168K), 0.0050770 secs] [Times: user=0.02 sys=0.00, real=0.01 secs] 
2014-07-08T05:35:53.112+0000: 416.572: [GC [PSYoungGen: 192168K->982K(188544K)] 285479K->94373K(875520K), 0.0050280 secs] [Times: user=0.03 sys=0.00, real=0.00 secs] 
2014-07-08T05:35:53.823+0000: 417.282: [GC [PSYoungGen: 188502K->1518K(185152K)] 281893K->94997K(872128K), 0.0055600 secs] [Times: user=0.03 sys=0.00, real=0.00 secs] 
2014-07-08T05:35:54.401+0000: 417.861: [GC [PSYoungGen: 185134K->648K(180544K)] 278613K->94183K(867520K), 0.0042610 secs] [Times: user=0.02 sys=0.00, real=0.00 secs] 
2014-07-08T05:35:55.038+0000: 418.498: [GC [PSYoungGen: 180488K->762K(176960K)] 274023K->94401K(863936K), 0.0048900 secs] [Times: user=0.02 sys=0.01, real=0.01 secs] 
2014-07-08T05:35:55.671+0000: 419.131: [GC [PSYoungGen: 176952K->1302K(174016K)] 270591K->94997K(860992K), 0.0049920 secs] [Times: user=0.03 sys=0.00, real=0.00 secs] 
2014-07-08T05:35:56.252+0000: 419.711: [GC [PSYoungGen: 173947K->726K(169984K)] 267642K->94501K(856960K), 0.0042720 secs] [Times: user=0.02 sys=0.00, real=0.00 secs] 
2014-07-08T05:35:56.874+0000: 420.333: [GC [PSYoungGen: 169942K->978K(166912K)] 263717K->94841K(853888K), 0.0034390 secs] [Times: user=0.02 sys=0.00, real=0.00 secs] 
2014-07-08T05:35:57.419+0000: 420.878: [GC [PSYoungGen: 166850K->876K(163584K)] 260714K->94819K(850560K), 0.0035630 secs] [Times: user=0.02 sys=0.00, real=0.01 secs] 
2014-07-08T05:35:58.055+0000: 421.515: [GC [PSYoungGen: 163564K->1000K(160576K)] 257507K->95023K(847552K), 0.0031660 secs] [Times: user=0.02 sys=0.00, real=0.00 secs] 
2014-07-08T05:35:58.552+0000: 422.012: [GC [PSYoungGen: 160552K->1536K(193088K)] 254575K->95616K(880064K), 0.0138940 secs] [Times: user=0.08 sys=0.00, real=0.01 secs] 
2014-07-08T05:35:59.221+0000: 422.680: [GC [PSYoungGen: 193024K->616K(188096K)] 287104K->94905K(875072K), 0.0038230 secs] [Times: user=0.02 sys=0.00, real=0.00 secs] 
2014-07-08T05:35:59.889+0000: 423.349: [GC [PSYoungGen: 188072K->844K(184448K)] 282361K->95221K(871424K), 0.0043250 secs] [Times: user=0.02 sys=0.00, real=0.01 secs] 
2014-07-08T05:36:00.516+0000: 423.976: [GC [PSYoungGen: 184349K->754K(180544K)] 278727K->95261K(867520K), 0.0055160 secs] [Times: user=0.02 sys=0.00, real=0.01 secs] 
2014-07-08T05:36:01.141+0000: 424.600: [GC [PSYoungGen: 180530K->726K(176896K)] 275037K->95329K(863872K), 0.0032920 secs] [Times: user=0.02 sys=0.00, real=0.00 secs] 
2014-07-08T05:36:01.796+0000: 425.255: [GC [PSYoungGen: 176801K->1067K(173696K)] 271405K->95758K(860672K), 0.0043700 secs] [Times: user=0.03 sys=0.00, real=0.00 secs] 
2014-07-08T05:36:02.345+0000: 425.805: [GC [PSYoungGen: 173641K->928K(170112K)] 268332K->95715K(857088K), 0.0040570 secs] [Times: user=0.02 sys=0.00, real=0.00 secs] 
2014-07-08T05:36:02.934+0000: 426.393: [GC [PSYoungGen: 170055K->790K(166656K)] 264843K->95665K(853632K), 0.0058540 secs] [Times: user=0.04 sys=0.00, real=0.00 secs] 
2014-07-08T05:36:03.514+0000: 426.973: [GC [PSYoungGen: 166614K->776K(163456K)] 261489K->95707K(850432K), 0.0051090 secs] [Times: user=0.03 sys=0.00, real=0.00 secs] 
2014-07-08T05:36:04.174+0000: 427.633: [GC [PSYoungGen: 163400K->1046K(160576K)] 258331K->96065K(847552K), 0.0028870 secs] [Times: user=0.02 sys=0.00, real=0.00 secs] 
2014-07-08T05:36:04.641+0000: 428.100: [GC [PSYoungGen: 160502K->732K(192192K)] 255522K->95783K(879168K), 0.0125410 secs] [Times: user=0.05 sys=0.00, real=0.02 secs] 
2014-07-08T05:36:05.318+0000: 428.778: [GC [PSYoungGen: 192156K->950K(230720K)] 287207K->96081K(917696K), 0.0051230 secs] [Times: user=0.03 sys=0.01, real=0.01 secs] 
2014-07-08T05:36:06.117+0000: 429.576: [GC [PSYoungGen: 230710K->698K(225088K)] 325841K->95901K(912064K), 0.0026270 secs] [Times: user=0.01 sys=0.01, real=0.00 secs] 
2014-07-08T05:36:06.916+0000: 430.375: [GC [PSYoungGen: 225062K->690K(219904K)] 320265K->95973K(906880K), 0.0082180 secs] [Times: user=0.04 sys=0.00, real=0.01 secs] 
2014-07-08T05:36:07.664+0000: 431.123: [GC [PSYoungGen: 219890K->1228K(215488K)] 315173K->96607K(902464K), 0.0061490 secs] [Times: user=0.03 sys=0.00, real=0.00 secs] 
2014-07-08T05:36:08.406+0000: 431.865: [GC [PSYoungGen: 215436K->865K(210304K)] 310815K->96406K(897280K), 0.0041910 secs] [Times: user=0.02 sys=0.00, real=0.00 secs] 
2014-07-08T05:36:09.141+0000: 432.601: [GC [PSYoungGen: 210273K->808K(205568K)] 305814K->96421K(892544K), 0.0073080 secs] [Times: user=0.04 sys=0.00, real=0.01 secs] 
2014-07-08T05:36:09.929+0000: 433.389: [GC [PSYoungGen: 205501K->1106K(201408K)] 301115K->96815K(888384K), 0.0038130 secs] [Times: user=0.02 sys=0.00, real=0.01 secs] 
2014-07-08T05:36:10.554+0000: 434.013: [GC [PSYoungGen: 201362K->854K(196800K)] 297071K->96651K(883776K), 0.0033010 secs] [Times: user=0.02 sys=0.01, real=0.00 secs] 
2014-07-08T05:36:11.226+0000: 434.685: [GC [PSYoungGen: 196758K->958K(192640K)] 292555K->96877K(879616K), 0.0053340 secs] [Times: user=0.03 sys=0.00, real=0.00 secs] 
2014-07-08T05:36:11.887+0000: 435.347: [GC [PSYoungGen: 192624K->1010K(188672K)] 288543K->97017K(875648K), 0.0037010 secs] [Times: user=0.02 sys=0.01, real=0.00 secs] 
2014-07-08T05:36:12.539+0000: 435.999: [GC [PSYoungGen: 188658K->762K(184512K)] 284665K->96825K(871488K), 0.0078900 secs] [Times: user=0.05 sys=0.00, real=0.01 secs] 
2014-07-08T05:36:13.181+0000: 436.640: [GC [PSYoungGen: 184506K->1014K(180992K)] 280569K->97181K(867968K), 0.0083300 secs] [Times: user=0.05 sys=0.01, real=0.01 secs] 
2014-07-08T05:36:13.818+0000: 437.278: [GC [PSYoungGen: 180982K->726K(177088K)] 277149K->96973K(864064K), 0.0050090 secs] [Times: user=0.03 sys=0.00, real=0.01 secs] 
2014-07-08T05:36:14.411+0000: 437.871: [GC [PSYoungGen: 177046K->694K(173504K)] 273293K->97021K(860480K), 0.0050400 secs] [Times: user=0.03 sys=0.00, real=0.01 secs] 
2014-07-08T05:36:15.022+0000: 438.481: [GC [PSYoungGen: 173494K->598K(169984K)] 269821K->96989K(856960K), 0.0050670 secs] [Times: user=0.03 sys=0.00, real=0.01 secs] 
2014-07-08T05:36:15.627+0000: 439.087: [GC [PSYoungGen: 169942K->957K(166976K)] 266333K->97404K(853952K), 0.0062620 secs] [Times: user=0.03 sys=0.00, real=0.01 secs] 
2014-07-08T05:36:16.217+0000: 439.677: [GC [PSYoungGen: 166973K->840K(163712K)] 263420K->97367K(850688K), 0.0037510 secs] [Times: user=0.01 sys=0.01, real=0.00 secs] 
2014-07-08T05:36:16.804+0000: 440.263: [GC [PSYoungGen: 163656K->1128K(160832K)] 260183K->97735K(847808K), 0.0043250 secs] [Times: user=0.02 sys=0.00, real=0.00 secs] 
2014-07-08T05:36:17.325+0000: 440.784: [GC [PSYoungGen: 160808K->580K(192256K)] 257415K->97227K(879232K), 0.0090530 secs] [Times: user=0.05 sys=0.00, real=0.01 secs] 
2014-07-08T05:36:17.990+0000: 441.449: [GC [PSYoungGen: 192196K->893K(188480K)] 288843K->97652K(875456K), 0.0056440 secs] [Times: user=0.03 sys=0.00, real=0.01 secs] 
2014-07-08T05:36:18.664+0000: 442.124: [GC [PSYoungGen: 188440K->986K(184704K)] 285200K->97809K(871680K), 0.0052980 secs] [Times: user=0.03 sys=0.00, real=0.00 secs] 
2014-07-08T05:36:19.286+0000: 442.746: [GC [PSYoungGen: 184655K->612K(180544K)] 281479K->97499K(867520K), 0.0060900 secs] [Times: user=0.04 sys=0.00, real=0.00 secs] 
2014-07-08T05:36:19.905+0000: 443.364: [GC [PSYoungGen: 180515K->726K(177024K)] 277403K->97693K(864000K), 0.0038550 secs] [Times: user=0.02 sys=0.00, real=0.00 secs] 
2014-07-08T05:36:20.521+0000: 443.980: [GC [PSYoungGen: 176982K->1110K(173888K)] 273949K->98173K(860864K), 0.0041650 secs] [Times: user=0.03 sys=0.00, real=0.01 secs] 
2014-07-08T05:36:21.118+0000: 444.577: [GC [PSYoungGen: 173846K->648K(169984K)] 270909K->97783K(856960K), 0.0068920 secs] [Times: user=0.04 sys=0.01, real=0.01 secs] 
2014-07-08T05:36:21.744+0000: 445.203: [GC [PSYoungGen: 169928K->1104K(167104K)] 267063K->98319K(854080K), 0.0043680 secs] [Times: user=0.02 sys=0.00, real=0.01 secs] 
2014-07-08T05:36:22.301+0000: 445.760: [GC [PSYoungGen: 167056K->844K(163648K)] 264271K->98139K(850624K), 0.0042610 secs] [Times: user=0.03 sys=0.00, real=0.01 secs] 
2014-07-08T05:36:22.983+0000: 446.442: [GC [PSYoungGen: 163580K->1204K(160832K)] 260875K->98571K(847808K), 0.0034170 secs] [Times: user=0.02 sys=0.00, real=0.01 secs] 
2014-07-08T05:36:23.417+0000: 446.876: [GC [PSYoungGen: 160785K->580K(157248K)] 258152K->98027K(844224K), 0.0034010 secs] [Times: user=0.01 sys=0.00, real=0.00 secs] 
2014-07-08T05:36:23.955+0000: 447.414: [GC [PSYoungGen: 157188K->800K(154496K)] 254635K->98319K(841472K), 0.0051080 secs] [Times: user=0.02 sys=0.00, real=0.00 secs] 
2014-07-08T05:36:24.502+0000: 447.962: [GC [PSYoungGen: 154446K->858K(151744K)] 251965K->98425K(838720K), 0.0085790 secs] [Times: user=0.06 sys=0.01, real=0.01 secs] 
2014-07-08T05:36:25.025+0000: 448.485: [GC [PSYoungGen: 151658K->726K(148864K)] 249225K->98365K(835840K), 0.0038500 secs] [Times: user=0.01 sys=0.00, real=0.00 secs] 
2014-07-08T05:36:25.554+0000: 449.013: [GC [PSYoungGen: 148822K->854K(146304K)] 246461K->98589K(833280K), 0.0039250 secs] [Times: user=0.02 sys=0.01, real=0.00 secs] 
2014-07-08T05:36:26.057+0000: 449.516: [GC [PSYoungGen: 146262K->804K(143680K)] 243997K->98587K(830656K), 0.0039440 secs] [Times: user=0.02 sys=0.00, real=0.00 secs] 
2014-07-08T05:36:26.553+0000: 450.012: [GC [PSYoungGen: 143627K->872K(141248K)] 241410K->98846K(828224K), 0.0055370 secs] [Times: user=0.03 sys=0.00, real=0.01 secs] 
2014-07-08T05:36:27.048+0000: 450.507: [GC [PSYoungGen: 141203K->729K(138688K)] 239178K->98815K(825664K), 0.0046010 secs] [Times: user=0.02 sys=0.00, real=0.00 secs] 
2014-07-08T05:36:27.540+0000: 450.999: [GC [PSYoungGen: 138649K->932K(166464K)] 236735K->99167K(853440K), 0.0083790 secs] [Times: user=0.04 sys=0.00, real=0.01 secs] 
2014-07-08T05:36:28.107+0000: 451.567: [GC [PSYoungGen: 166436K->754K(199424K)] 264671K->99030K(886400K), 0.0063540 secs] [Times: user=0.03 sys=0.00, real=0.00 secs] 
2014-07-08T05:36:28.910+0000: 452.370: [GC [PSYoungGen: 199410K->786K(195200K)] 297686K->99101K(882176K), 0.0041030 secs] [Times: user=0.01 sys=0.00, real=0.00 secs] 
2014-07-08T05:36:29.593+0000: 453.052: [GC [PSYoungGen: 195115K->1006K(191232K)] 293431K->99394K(878208K), 0.0080000 secs] [Times: user=0.04 sys=0.01, real=0.01 secs] 
2014-07-08T05:36:30.165+0000: 453.625: [GC [PSYoungGen: 191179K->765K(186944K)] 289567K->99225K(873920K), 0.0048090 secs] [Times: user=0.02 sys=0.00, real=0.00 secs] 
2014-07-08T05:36:30.841+0000: 454.300: [GC [PSYoungGen: 186937K->1259K(183552K)] 285397K->99799K(870528K), 0.0057370 secs] [Times: user=0.03 sys=0.00, real=0.01 secs] 
2014-07-08T05:36:31.442+0000: 454.902: [GC [PSYoungGen: 183499K->566K(179136K)] 282039K->99532K(866112K), 0.0035270 secs] [Times: user=0.02 sys=0.00, real=0.01 secs] 
2014-07-08T05:36:32.056+0000: 455.515: [GC [PSYoungGen: 179126K->794K(175744K)] 278092K->99848K(862720K), 0.0048000 secs] [Times: user=0.02 sys=0.00, real=0.00 secs] 
2014-07-08T05:36:32.674+0000: 456.133: [GC [PSYoungGen: 175706K->936K(172352K)] 274760K->100046K(859328K), 0.0072050 secs] [Times: user=0.03 sys=0.00, real=0.01 secs] 
2014-07-08T05:36:33.254+0000: 456.713: [GC [PSYoungGen: 172328K->790K(168832K)] 271438K->99932K(855808K), 0.0038550 secs] [Times: user=0.01 sys=0.01, real=0.01 secs] 
2014-07-08T05:36:33.870+0000: 457.330: [GC [PSYoungGen: 168790K->922K(165696K)] 267932K->100136K(852672K), 0.0045860 secs] [Times: user=0.03 sys=0.00, real=0.00 secs] 
2014-07-08T05:36:34.437+0000: 457.896: [GC [PSYoungGen: 165658K->990K(162560K)] 264872K->100300K(849536K), 0.0032180 secs] [Times: user=0.01 sys=0.00, real=0.00 secs] 
2014-07-08T05:36:35.053+0000: 458.512: [GC [PSYoungGen: 162526K->634K(159104K)] 261835K->100443K(846080K), 0.0035110 secs] [Times: user=0.02 sys=0.00, real=0.01 secs] 
2014-07-08T05:36:35.536+0000: 458.996: [GC [PSYoungGen: 159098K->1339K(156800K)] 258907K->101351K(843776K), 0.0062540 secs] [Times: user=0.04 sys=0.00, real=0.00 secs] 
2014-07-08T05:36:36.069+0000: 459.528: [GC [PSYoungGen: 156795K->744K(153344K)] 256807K->101313K(840320K), 0.0030060 secs] [Times: user=0.01 sys=0.00, real=0.00 secs] 
2014-07-08T05:36:36.616+0000: 460.076: [GC [PSYoungGen: 153319K->854K(150656K)] 253888K->101487K(837632K), 0.0047770 secs] [Times: user=0.02 sys=0.01, real=0.00 secs] 
2014-07-08T05:36:37.132+0000: 460.591: [GC [PSYoungGen: 150614K->712K(147840K)] 251247K->101393K(834816K), 0.0033520 secs] [Times: user=0.01 sys=0.00, real=0.00 secs] 
2014-07-08T05:36:37.678+0000: 461.137: [GC [PSYoungGen: 147742K->1424K(145920K)] 248423K->102177K(832896K), 0.0041190 secs] [Times: user=0.02 sys=0.00, real=0.00 secs] 
2014-07-08T05:36:38.151+0000: 461.611: [GC [PSYoungGen: 145872K->736K(142656K)] 246625K->101675K(829632K), 0.0040830 secs] [Times: user=0.02 sys=0.00, real=0.00 secs] 
2014-07-08T05:36:38.660+0000: 462.120: [GC [PSYoungGen: 142599K->1022K(140416K)] 243539K->102017K(827392K), 0.0075600 secs] [Times: user=0.04 sys=0.00, real=0.01 secs] 
2014-07-08T05:36:39.121+0000: 462.580: [GC [PSYoungGen: 140414K->890K(137856K)] 241409K->102049K(824832K), 0.0052810 secs] [Times: user=0.01 sys=0.00, real=0.00 secs] 
2014-07-08T05:36:39.659+0000: 463.118: [GC [PSYoungGen: 137814K->1281K(165696K)] 238973K->102480K(852672K), 0.0085880 secs] [Times: user=0.04 sys=0.01, real=0.01 secs] 
2014-07-08T05:36:40.187+0000: 463.646: [GC [PSYoungGen: 165633K->744K(198016K)] 266832K->102277K(884992K), 0.0042880 secs] [Times: user=0.02 sys=0.00, real=0.00 secs] 
2014-07-08T05:36:40.915+0000: 464.374: [GC [PSYoungGen: 197965K->1228K(194304K)] 299498K->102817K(881280K), 0.0060070 secs] [Times: user=0.01 sys=0.01, real=0.01 secs] 
2014-07-08T05:36:41.544+0000: 465.003: [GC [PSYoungGen: 194252K->1057K(190016K)] 295841K->102900K(876992K), 0.0040000 secs] [Times: user=0.02 sys=0.00, real=0.01 secs] 
2014-07-08T05:36:42.187+0000: 465.646: [GC [PSYoungGen: 189985K->748K(227520K)] 291828K->102655K(914496K), 0.0123410 secs] [Times: user=0.08 sys=0.01, real=0.02 secs] 
2014-07-08T05:36:42.972+0000: 466.432: [GC [PSYoungGen: 227500K->580K(251712K)] 329407K->102585K(938688K), 0.0067000 secs] [Times: user=0.04 sys=0.00, real=0.01 secs] 
2014-07-08T05:36:43.851+0000: 467.310: [GC [PSYoungGen: 250862K->782K(244992K)] 352867K->102851K(931968K), 0.0044000 secs] [Times: user=0.02 sys=0.00, real=0.00 secs] 
2014-07-08T05:36:44.803+0000: 468.262: [GC [PSYoungGen: 244912K->865K(239168K)] 346982K->103152K(926144K), 0.0030620 secs] [Times: user=0.02 sys=0.00, real=0.00 secs] 
2014-07-08T05:36:45.562+0000: 469.021: [GC [PSYoungGen: 239135K->1143K(233728K)] 341423K->103454K(920704K), 0.0051030 secs] [Times: user=0.01 sys=0.00, real=0.00 secs] 
2014-07-08T05:36:46.348+0000: 469.807: [GC [PSYoungGen: 233718K->922K(228032K)] 336030K->103355K(915008K), 0.0043750 secs] [Times: user=0.02 sys=0.00, real=0.01 secs] 
2014-07-08T05:36:47.129+0000: 470.588: [GC [PSYoungGen: 227976K->712K(222528K)] 330410K->103209K(909504K), 0.0034160 secs] [Times: user=0.02 sys=0.00, real=0.00 secs] 
2014-07-08T05:36:47.980+0000: 471.440: [GC [PSYoungGen: 222472K->1160K(217856K)] 324969K->103721K(904832K), 0.0053980 secs] [Times: user=0.03 sys=0.00, real=0.00 secs] 
2014-07-08T05:36:48.712+0000: 472.171: [GC [PSYoungGen: 217800K->1270K(212992K)] 320361K->103888K(899968K), 0.0086840 secs] [Times: user=0.05 sys=0.01, real=0.01 secs] 
2014-07-08T05:36:49.398+0000: 472.857: [GC [PSYoungGen: 212948K->612K(207616K)] 315566K->103325K(894592K), 0.0070710 secs] [Times: user=0.05 sys=0.00, real=0.01 secs] 
2014-07-08T05:36:50.101+0000: 473.560: [GC [PSYoungGen: 207588K->594K(203008K)] 310301K->103403K(889984K), 0.0035890 secs] [Times: user=0.02 sys=0.00, real=0.00 secs] 
2014-07-08T05:36:50.848+0000: 474.307: [GC [PSYoungGen: 202937K->858K(198848K)] 305747K->103731K(885824K), 0.0062970 secs] [Times: user=0.03 sys=0.00, real=0.01 secs] 
2014-07-08T05:36:51.497+0000: 474.957: [GC [PSYoungGen: 198773K->1007K(194688K)] 301647K->103937K(881664K), 0.0057260 secs] [Times: user=0.03 sys=0.00, real=0.01 secs] 
2014-07-08T05:36:52.171+0000: 475.631: [GC [PSYoungGen: 194671K->716K(190336K)] 297601K->103693K(877312K), 0.0066230 secs] [Times: user=0.04 sys=0.00, real=0.00 secs] 
2014-07-08T05:36:52.855+0000: 476.315: [GC [PSYoungGen: 190256K->818K(186432K)] 293233K->103876K(873408K), 0.0044620 secs] [Times: user=0.02 sys=0.01, real=0.01 secs] 
2014-07-08T05:36:53.478+0000: 476.938: [GC [PSYoungGen: 186418K->708K(182528K)] 289476K->103829K(869504K), 0.0050110 secs] [Times: user=0.03 sys=0.00, real=0.01 secs] 
2014-07-08T05:36:54.139+0000: 477.599: [GC [PSYoungGen: 182468K->1100K(179200K)] 285589K->104293K(866176K), 0.0047830 secs] [Times: user=0.02 sys=0.00, real=0.00 secs] 
2014-07-08T05:36:54.834+0000: 478.294: [GC [PSYoungGen: 179148K->1064K(175552K)] 282341K->104329K(862528K), 0.0045330 secs] [Times: user=0.03 sys=0.01, real=0.00 secs] 
2014-07-08T05:36:55.326+0000: 478.785: [GC [PSYoungGen: 175500K->676K(171648K)] 278765K->104021K(858624K), 0.0083510 secs] [Times: user=0.05 sys=0.00, real=0.01 secs] 
2014-07-08T05:36:55.917+0000: 479.376: [GC [PSYoungGen: 171620K->644K(168256K)] 274965K->104061K(855232K), 0.0036710 secs] [Times: user=0.01 sys=0.00, real=0.01 secs] 
2014-07-08T05:36:56.507+0000: 479.966: [GC [PSYoungGen: 168196K->878K(165184K)] 271613K->104368K(852160K), 0.0050010 secs] [Times: user=0.03 sys=0.00, real=0.01 secs] 
2014-07-08T05:36:57.081+0000: 480.541: [GC [PSYoungGen: 165166K->644K(161856K)] 268656K->104197K(848832K), 0.0039970 secs] [Times: user=0.02 sys=0.00, real=0.00 secs] 
2014-07-08T05:36:57.644+0000: 481.103: [GC [PSYoungGen: 161796K->1006K(159104K)] 265349K->104640K(846080K), 0.0057970 secs] [Times: user=0.03 sys=0.00, real=0.01 secs] 
2014-07-08T05:36:58.180+0000: 481.640: [GC [PSYoungGen: 159086K->598K(155776K)] 262720K->104303K(842752K), 0.0040570 secs] [Times: user=0.02 sys=0.00, real=0.00 secs] 
2014-07-08T05:36:58.773+0000: 482.232: [GC [PSYoungGen: 155703K->1356K(153664K)] 259409K->105141K(840640K), 0.0064870 secs] [Times: user=0.04 sys=0.00, real=0.00 secs] 
2014-07-08T05:36:59.246+0000: 482.706: [GC [PSYoungGen: 153610K->808K(183552K)] 257396K->104657K(870528K), 0.0080000 secs] [Times: user=0.05 sys=0.00, real=0.01 secs] 
2014-07-08T05:37:00.008+0000: 483.468: [GC [PSYoungGen: 183528K->1461K(180416K)] 287377K->105541K(867392K), 0.0034960 secs] [Times: user=0.01 sys=0.00, real=0.01 secs] 
2014-07-08T05:37:00.582+0000: 484.041: [GC [PSYoungGen: 180405K->694K(176000K)] 284485K->105015K(862976K), 0.0073660 secs] [Times: user=0.05 sys=0.00, real=0.00 secs] 
2014-07-08T05:37:01.128+0000: 484.587: [GC [PSYoungGen: 175973K->944K(172736K)] 280295K->105321K(859712K), 0.0042280 secs] [Times: user=0.02 sys=0.00, real=0.01 secs] 
2014-07-08T05:37:01.751+0000: 485.210: [GC [PSYoungGen: 172720K->1224K(169664K)] 277097K->105747K(856640K), 0.0031510 secs] [Times: user=0.02 sys=0.00, real=0.00 secs] 
2014-07-08T05:37:02.312+0000: 485.771: [GC [PSYoungGen: 169608K->904K(166080K)] 274131K->105531K(853056K), 0.0027720 secs] [Times: user=0.01 sys=0.00, real=0.00 secs] 
2014-07-08T05:37:02.917+0000: 486.376: [GC [PSYoungGen: 165997K->1008K(162944K)] 270625K->105723K(849920K), 0.0046740 secs] [Times: user=0.02 sys=0.00, real=0.01 secs] 
2014-07-08T05:37:03.435+0000: 486.895: [GC [PSYoungGen: 162918K->790K(159680K)] 267634K->105585K(846656K), 0.0071590 secs] [Times: user=0.04 sys=0.01, real=0.01 secs] 
2014-07-08T05:37:04.000+0000: 487.459: [GC [PSYoungGen: 159626K->1136K(156992K)] 264422K->106003K(843968K), 0.0039740 secs] [Times: user=0.01 sys=0.00, real=0.01 secs] 
2014-07-08T05:37:04.544+0000: 488.004: [GC [PSYoungGen: 156976K->1082K(154048K)] 261843K->105997K(841024K), 0.0057950 secs] [Times: user=0.03 sys=0.00, real=0.01 secs] 
2014-07-08T05:37:05.115+0000: 488.575: [GC [PSYoungGen: 154042K->892K(151040K)] 258957K->105944K(838016K), 0.0027890 secs] [Times: user=0.02 sys=0.00, real=0.00 secs] 
2014-07-08T05:37:05.611+0000: 489.071: [GC [PSYoungGen: 151036K->876K(148288K)] 256088K->105991K(835264K), 0.0065300 secs] [Times: user=0.04 sys=0.00, real=0.00 secs] 
2014-07-08T05:37:06.115+0000: 489.574: [GC [PSYoungGen: 148268K->854K(145664K)] 253383K->106149K(832640K), 0.0048620 secs] [Times: user=0.03 sys=0.00, real=0.00 secs] 
2014-07-08T05:37:06.666+0000: 490.125: [GC [PSYoungGen: 145622K->1238K(143488K)] 250917K->106597K(830464K), 0.0048560 secs] [Times: user=0.02 sys=0.00, real=0.00 secs] 
2014-07-08T05:37:07.217+0000: 490.677: [GC [PSYoungGen: 143443K->694K(140416K)] 248803K->106241K(827392K), 0.0043880 secs] [Times: user=0.02 sys=0.01, real=0.01 secs] 
2014-07-08T05:37:07.706+0000: 491.166: [GC [PSYoungGen: 140405K->1362K(169088K)] 245952K->106966K(856064K), 0.0079600 secs] [Times: user=0.04 sys=0.00, real=0.01 secs] 
2014-07-08T05:37:08.184+0000: 491.643: [GC [PSYoungGen: 169042K->722K(165184K)] 274646K->106505K(852160K), 0.0030280 secs] [Times: user=0.01 sys=0.00, real=0.00 secs] 
2014-07-08T05:37:08.834+0000: 492.293: [GC [PSYoungGen: 165138K->1128K(198464K)] 270921K->106976K(885440K), 0.0094570 secs] [Times: user=0.04 sys=0.01, real=0.01 secs] 
2014-07-08T05:37:09.459+0000: 492.918: [GC [PSYoungGen: 198440K->744K(193856K)] 304288K->106656K(880832K), 0.0028490 secs] [Times: user=0.01 sys=0.00, real=0.01 secs] 
2014-07-08T05:37:10.127+0000: 493.587: [GC [PSYoungGen: 193794K->825K(189824K)] 299706K->106841K(876800K), 0.0052510 secs] [Times: user=0.02 sys=0.00, real=0.01 secs] 
2014-07-08T05:37:10.814+0000: 494.273: [GC [PSYoungGen: 189775K->954K(185984K)] 295791K->107026K(872960K), 0.0041760 secs] [Times: user=0.02 sys=0.00, real=0.00 secs] 
2014-07-08T05:37:11.438+0000: 494.898: [GC [PSYoungGen: 185978K->712K(181952K)] 292050K->106848K(868928K), 0.0044450 secs] [Times: user=0.02 sys=0.00, real=0.01 secs] 
2014-07-08T05:37:12.070+0000: 495.530: [GC [PSYoungGen: 181896K->726K(178240K)] 288032K->106941K(865216K), 0.0047070 secs] [Times: user=0.03 sys=0.00, real=0.01 secs] 
2014-07-08T05:37:12.720+0000: 496.180: [GC [PSYoungGen: 178173K->982K(174912K)] 284389K->107269K(861888K), 0.0047510 secs] [Times: user=0.03 sys=0.00, real=0.01 secs] 
2014-07-08T05:37:13.324+0000: 496.783: [GC [PSYoungGen: 174870K->936K(171392K)] 281157K->107280K(858368K), 0.0040920 secs] [Times: user=0.02 sys=0.00, real=0.00 secs] 
2014-07-08T05:37:13.908+0000: 497.368: [GC [PSYoungGen: 171368K->896K(168000K)] 277712K->107312K(854976K), 0.0046800 secs] [Times: user=0.02 sys=0.00, real=0.01 secs] 
2014-07-08T05:37:14.472+0000: 497.932: [GC [PSYoungGen: 167877K->844K(164672K)] 274293K->107332K(851648K), 0.0047960 secs] [Times: user=0.03 sys=0.00, real=0.00 secs] 
2014-07-08T05:37:15.073+0000: 498.533: [GC [PSYoungGen: 164585K->744K(161408K)] 271073K->107319K(848384K), 0.0045620 secs] [Times: user=0.02 sys=0.00, real=0.00 secs] 
2014-07-08T05:37:15.623+0000: 499.082: [GC [PSYoungGen: 161321K->861K(158464K)] 267897K->107485K(845440K), 0.0064480 secs] [Times: user=0.04 sys=0.00, real=0.00 secs] 
2014-07-08T05:37:16.171+0000: 499.630: [GC [PSYoungGen: 158429K->836K(155520K)] 265053K->107516K(842496K), 0.0073740 secs] [Times: user=0.05 sys=0.01, real=0.01 secs] 
2014-07-08T05:37:16.735+0000: 500.195: [GC [PSYoungGen: 155460K->826K(152576K)] 262140K->107864K(839552K), 0.0042250 secs] [Times: user=0.02 sys=0.00, real=0.00 secs] 
2014-07-08T05:37:17.239+0000: 500.699: [GC [PSYoungGen: 152570K->812K(149824K)] 259608K->107906K(836800K), 0.0058600 secs] [Times: user=0.02 sys=0.01, real=0.01 secs] 
2014-07-08T05:37:17.791+0000: 501.251: [GC [PSYoungGen: 149804K->1028K(147392K)] 256898K->108252K(834368K), 0.0032990 secs] [Times: user=0.02 sys=0.00, real=0.01 secs] 
2014-07-08T05:37:18.280+0000: 501.739: [GC [PSYoungGen: 147332K->762K(144448K)] 254556K->108066K(831424K), 0.0056900 secs] [Times: user=0.03 sys=0.00, real=0.01 secs] 
2014-07-08T05:37:18.813+0000: 502.272: [GC [PSYoungGen: 144442K->890K(142016K)] 251746K->108290K(828992K), 0.0067210 secs] [Times: user=0.04 sys=0.00, real=0.00 secs] 
2014-07-08T05:37:19.269+0000: 502.729: [GC [PSYoungGen: 142010K->680K(170048K)] 249410K->108160K(857024K), 0.0085250 secs] [Times: user=0.05 sys=0.00, real=0.01 secs] 
2014-07-08T05:37:20.017+0000: 503.476: [GC [PSYoungGen: 170024K->1014K(204288K)] 277504K->108728K(891264K), 0.0046000 secs] [Times: user=0.03 sys=0.00, real=0.00 secs] 
2014-07-08T05:37:20.585+0000: 504.044: [GC [PSYoungGen: 204278K->754K(199552K)] 311992K->108572K(886528K), 0.0030270 secs] [Times: user=0.01 sys=0.00, real=0.00 secs] 
2014-07-08T05:37:21.258+0000: 504.718: [GC [PSYoungGen: 199520K->776K(195328K)] 307338K->108724K(882304K), 0.0045790 secs] [Times: user=0.02 sys=0.00, real=0.01 secs] 
2014-07-08T05:37:21.940+0000: 505.400: [GC [PSYoungGen: 195272K->630K(190976K)] 303220K->108626K(877952K), 0.0062700 secs] [Times: user=0.03 sys=0.00, real=0.01 secs] 
2014-07-08T05:37:22.608+0000: 506.067: [GC [PSYoungGen: 190966K->1256K(187584K)] 298962K->109348K(874560K), 0.0048800 secs] [Times: user=0.03 sys=0.00, real=0.00 secs] 
2014-07-08T05:37:23.247+0000: 506.707: [GC [PSYoungGen: 187560K->932K(183360K)] 295652K->109088K(870336K), 0.0095310 secs] [Times: user=0.06 sys=0.00, real=0.01 secs] 
2014-07-08T05:37:23.913+0000: 507.373: [GC [PSYoungGen: 183319K->754K(179392K)] 291475K->109122K(866368K), 0.0048730 secs] [Times: user=0.03 sys=0.00, real=0.00 secs] 
2014-07-08T05:37:24.502+0000: 507.962: [GC [PSYoungGen: 179378K->826K(175808K)] 287746K->109266K(862784K), 0.0071950 secs] [Times: user=0.04 sys=0.00, real=0.01 secs] 
2014-07-08T05:37:25.129+0000: 508.588: [GC [PSYoungGen: 175802K->612K(172096K)] 284242K->109124K(859072K), 0.0042610 secs] [Times: user=0.02 sys=0.00, real=0.00 secs] 
2014-07-08T05:37:25.792+0000: 509.251: [GC [PSYoungGen: 172067K->1156K(169280K)] 280579K->109756K(856256K), 0.0058770 secs] [Times: user=0.03 sys=0.00, real=0.01 secs] 
2014-07-08T05:37:26.308+0000: 509.767: [GC [PSYoungGen: 169200K->562K(165376K)] 277800K->109218K(852352K), 0.0047300 secs] [Times: user=0.02 sys=0.00, real=0.00 secs] 
2014-07-08T05:37:26.892+0000: 510.351: [GC [PSYoungGen: 165362K->1086K(162688K)] 274018K->109806K(849664K), 0.0043270 secs] [Times: user=0.02 sys=0.00, real=0.01 secs] 
2014-07-08T05:37:27.424+0000: 510.883: [GC [PSYoungGen: 162686K->798K(194752K)] 271406K->109558K(881728K), 0.0088720 secs] [Times: user=0.05 sys=0.00, real=0.00 secs] 
2014-07-08T05:37:28.094+0000: 511.553: [GC [PSYoungGen: 194644K->783K(190592K)] 303404K->109623K(877568K), 0.0034030 secs] [Times: user=0.01 sys=0.00, real=0.01 secs] 
2014-07-08T05:37:28.780+0000: 512.239: [GC [PSYoungGen: 190506K->918K(186752K)] 299346K->109862K(873728K), 0.0058400 secs] [Times: user=0.04 sys=0.00, real=0.01 secs] 
2014-07-08T05:37:29.409+0000: 512.869: [GC [PSYoungGen: 186682K->808K(182784K)] 295626K->109816K(869760K), 0.0037690 secs] [Times: user=0.02 sys=0.00, real=0.00 secs] 
2014-07-08T05:37:30.112+0000: 513.571: [GC [PSYoungGen: 182760K->932K(179200K)] 291768K->110204K(866176K), 0.0068150 secs] [Times: user=0.03 sys=0.01, real=0.01 secs] 
2014-07-08T05:37:30.683+0000: 514.142: [GC [PSYoungGen: 179172K->1096K(175808K)] 288444K->110416K(862784K), 0.0062070 secs] [Times: user=0.03 sys=0.01, real=0.01 secs] 
2014-07-08T05:37:31.281+0000: 514.740: [GC [PSYoungGen: 175752K->744K(171904K)] 285072K->110292K(858880K), 0.0047910 secs] [Times: user=0.03 sys=0.00, real=0.01 secs] 
2014-07-08T05:37:31.981+0000: 515.440: [GC [PSYoungGen: 171859K->1128K(168896K)] 281408K->110748K(855872K), 0.0044890 secs] [Times: user=0.02 sys=0.00, real=0.01 secs] 
2014-07-08T05:37:32.470+0000: 515.930: [GC [PSYoungGen: 168871K->793K(165312K)] 278491K->110501K(852288K), 0.0059430 secs] [Times: user=0.03 sys=0.00, real=0.01 secs] 
2014-07-08T05:37:33.034+0000: 516.494: [GC [PSYoungGen: 165227K->833K(162176K)] 274935K->110613K(849152K), 0.0029790 secs] [Times: user=0.01 sys=0.00, real=0.01 secs] 
2014-07-08T05:37:33.618+0000: 517.077: [GC [PSYoungGen: 162103K->1150K(159360K)] 271883K->111026K(846336K), 0.0041180 secs] [Times: user=0.03 sys=0.00, real=0.00 secs] 
2014-07-08T05:37:34.160+0000: 517.620: [GC [PSYoungGen: 159358K->744K(155968K)] 269234K->110692K(842944K), 0.0036640 secs] [Times: user=0.02 sys=0.00, real=0.00 secs] 
2014-07-08T05:37:34.719+0000: 518.179: [GC [PSYoungGen: 155944K->1082K(153408K)] 265892K->111078K(840384K), 0.0058420 secs] [Times: user=0.02 sys=0.00, real=0.01 secs] 
2014-07-08T05:37:35.249+0000: 518.708: [GC [PSYoungGen: 153402K->1052K(150592K)] 263398K->111104K(837568K), 0.0035150 secs] [Times: user=0.01 sys=0.00, real=0.00 secs] 
2014-07-08T05:37:35.770+0000: 519.230: [GC [PSYoungGen: 150556K->810K(147648K)] 260608K->111276K(834624K), 0.0030580 secs] [Times: user=0.01 sys=0.00, real=0.00 secs] 
2014-07-08T05:37:36.257+0000: 519.717: [GC [PSYoungGen: 147626K->1026K(145280K)] 258092K->111580K(832256K), 0.0049650 secs] [Times: user=0.03 sys=0.00, real=0.00 secs] 
2014-07-08T05:37:36.764+0000: 520.223: [GC [PSYoungGen: 145216K->1014K(142656K)] 255770K->111814K(829632K), 0.0043230 secs] [Times: user=0.02 sys=0.00, real=0.01 secs] 
2014-07-08T05:37:37.248+0000: 520.707: [GC [PSYoungGen: 142646K->1220K(140416K)] 253446K->112084K(827392K), 0.0043060 secs] [Times: user=0.02 sys=0.00, real=0.00 secs] 
2014-07-08T05:37:37.735+0000: 521.195: [GC [PSYoungGen: 140356K->694K(137408K)] 251220K->111638K(824384K), 0.0046890 secs] [Times: user=0.03 sys=0.00, real=0.00 secs] 
2014-07-08T05:37:38.259+0000: 521.718: [GC [PSYoungGen: 137398K->1014K(135360K)] 248342K->112006K(822336K), 0.0038880 secs] [Times: user=0.02 sys=0.00, real=0.00 secs] 
2014-07-08T05:37:38.667+0000: 522.126: [GC [PSYoungGen: 135350K->1104K(133248K)] 246342K->112184K(820224K), 0.0030420 secs] [Times: user=0.01 sys=0.00, real=0.00 secs] 
2014-07-08T05:37:39.113+0000: 522.573: [GC [PSYoungGen: 133200K->762K(130688K)] 244280K->111898K(817664K), 0.0055990 secs] [Times: user=0.03 sys=0.00, real=0.01 secs] 
2014-07-08T05:37:39.574+0000: 523.033: [GC [PSYoungGen: 130682K->1086K(128832K)] 241818K->112310K(815808K), 0.0035500 secs] [Times: user=0.02 sys=0.01, real=0.01 secs] 
2014-07-08T05:37:40.006+0000: 523.466: [GC [PSYoungGen: 128813K->794K(126464K)] 240037K->112122K(813440K), 0.0057080 secs] [Times: user=0.04 sys=0.00, real=0.00 secs] 
2014-07-08T05:37:40.454+0000: 523.913: [GC [PSYoungGen: 126426K->854K(124480K)] 237754K->112238K(811456K), 0.0043380 secs] [Times: user=0.03 sys=0.00, real=0.01 secs] 
2014-07-08T05:37:40.915+0000: 524.374: [GC [PSYoungGen: 124412K->876K(122496K)] 235796K->112364K(809472K), 0.0031750 secs] [Times: user=0.02 sys=0.00, real=0.01 secs] 
2014-07-08T05:37:41.310+0000: 524.770: [GC [PSYoungGen: 122476K->748K(120448K)] 233964K->112292K(807424K), 0.0058490 secs] [Times: user=0.03 sys=0.00, real=0.01 secs] 
2014-07-08T05:37:41.766+0000: 525.225: [GC [PSYoungGen: 120428K->1224K(144896K)] 231972K->112864K(831872K), 0.0067670 secs] [Times: user=0.03 sys=0.01, real=0.00 secs] 
2014-07-08T05:37:42.235+0000: 525.695: [GC [PSYoungGen: 144793K->826K(173184K)] 256433K->112554K(860160K), 0.0053290 secs] [Times: user=0.03 sys=0.00, real=0.01 secs] 
2014-07-08T05:37:42.880+0000: 526.339: [GC [PSYoungGen: 173178K->854K(199552K)] 284906K->112662K(886528K), 0.0045390 secs] [Times: user=0.02 sys=0.00, real=0.00 secs] 
2014-07-08T05:37:43.563+0000: 527.022: [GC [PSYoungGen: 198998K->1330K(195200K)] 310806K->113226K(882176K), 0.0038540 secs] [Times: user=0.02 sys=0.00, real=0.01 secs] 
2014-07-08T05:37:44.311+0000: 527.770: [GC [PSYoungGen: 195186K->986K(190720K)] 307082K->112978K(877696K), 0.0046900 secs] [Times: user=0.03 sys=0.00, real=0.00 secs] 
2014-07-08T05:37:44.946+0000: 528.405: [GC [PSYoungGen: 190682K->634K(186368K)] 302674K->112978K(873344K), 0.0041730 secs] [Times: user=0.02 sys=0.00, real=0.01 secs] 
2014-07-08T05:37:45.508+0000: 528.968: [GC [PSYoungGen: 186360K->690K(182592K)] 298704K->113122K(869568K), 0.0061120 secs] [Times: user=0.04 sys=0.00, real=0.00 secs] 
2014-07-08T05:37:46.148+0000: 529.607: [GC [PSYoungGen: 182578K->794K(179008K)] 295010K->113306K(865984K), 0.0036440 secs] [Times: user=0.02 sys=0.00, real=0.00 secs] 
2014-07-08T05:37:46.787+0000: 530.247: [GC [PSYoungGen: 178963K->1050K(175680K)] 291475K->113610K(862656K), 0.0068160 secs] [Times: user=0.04 sys=0.00, real=0.00 secs] 
2014-07-08T05:37:47.390+0000: 530.849: [GC [PSYoungGen: 175623K->850K(171968K)] 288184K->113482K(858944K), 0.0043890 secs] [Times: user=0.03 sys=0.00, real=0.00 secs] 
2014-07-08T05:37:48.002+0000: 531.462: [GC [PSYoungGen: 171922K->662K(168384K)] 284554K->113334K(855360K), 0.0082770 secs] [Times: user=0.04 sys=0.00, real=0.01 secs] 
2014-07-08T05:37:48.590+0000: 532.050: [GC [PSYoungGen: 168337K->712K(201984K)] 281009K->113424K(888960K), 0.0095630 secs] [Times: user=0.05 sys=0.00, real=0.01 secs] 
2014-07-08T05:37:49.295+0000: 532.754: [GC [PSYoungGen: 201890K->662K(197568K)] 314602K->113462K(884544K), 0.0043220 secs] [Times: user=0.02 sys=0.00, real=0.01 secs] 
2014-07-08T05:37:49.973+0000: 533.433: [GC [PSYoungGen: 197526K->747K(193408K)] 310326K->113627K(880384K), 0.0048860 secs] [Times: user=0.03 sys=0.00, real=0.01 secs] 
2014-07-08T05:37:50.865+0000: 534.325: [GC [PSYoungGen: 193387K->1224K(189824K)] 306267K->114184K(876800K), 0.0035840 secs] [Times: user=0.02 sys=0.00, real=0.01 secs] 
2014-07-08T05:37:51.322+0000: 534.782: [GC [PSYoungGen: 189768K->594K(185216K)] 302728K->113634K(872192K), 0.0067940 secs] [Times: user=0.04 sys=0.01, real=0.01 secs] 
2014-07-08T05:37:51.987+0000: 535.447: [GC [PSYoungGen: 185170K->750K(181504K)] 298210K->113838K(868480K), 0.0065210 secs] [Times: user=0.03 sys=0.00, real=0.01 secs] 
2014-07-08T05:37:52.613+0000: 536.072: [GC [PSYoungGen: 181486K->908K(177984K)] 294574K->114068K(864960K), 0.0053190 secs] [Times: user=0.02 sys=0.01, real=0.01 secs] 
2014-07-08T05:37:53.215+0000: 536.674: [GC [PSYoungGen: 177932K->704K(174208K)] 291092K->113928K(861184K), 0.0052010 secs] [Times: user=0.03 sys=0.00, real=0.01 secs] 
2014-07-08T05:37:53.874+0000: 537.333: [GC [PSYoungGen: 174144K->1014K(171008K)] 287368K->114392K(857984K), 0.0037300 secs] [Times: user=0.02 sys=0.00, real=0.00 secs] 
2014-07-08T05:37:54.410+0000: 537.870: [GC [PSYoungGen: 170998K->876K(167552K)] 284376K->114318K(854528K), 0.0040710 secs] [Times: user=0.01 sys=0.01, real=0.00 secs] 
2014-07-08T05:37:54.996+0000: 538.456: [GC [PSYoungGen: 167506K->780K(164224K)] 280948K->114286K(851200K), 0.0052640 secs] [Times: user=0.02 sys=0.00, real=0.01 secs] 
2014-07-08T05:37:55.574+0000: 539.033: [GC [PSYoungGen: 164172K->986K(161280K)] 277678K->114532K(848256K), 0.0032790 secs] [Times: user=0.02 sys=0.00, real=0.00 secs] 
2014-07-08T05:37:56.104+0000: 539.564: [GC [PSYoungGen: 161242K->726K(157952K)] 274788K->114360K(844928K), 0.0064340 secs] [Times: user=0.03 sys=0.00, real=0.01 secs] 
2014-07-08T05:37:56.714+0000: 540.173: [GC [PSYoungGen: 157910K->1336K(155584K)] 271544K->115131K(842560K), 0.0062650 secs] [Times: user=0.04 sys=0.00, real=0.01 secs] 
2014-07-08T05:37:57.196+0000: 540.655: [GC [PSYoungGen: 155541K->630K(152000K)] 269335K->114620K(838976K), 0.0045040 secs] [Times: user=0.03 sys=0.00, real=0.01 secs] 
2014-07-08T05:37:57.747+0000: 541.206: [GC [PSYoungGen: 151990K->1046K(149696K)] 265980K->115116K(836672K), 0.0044030 secs] [Times: user=0.02 sys=0.00, real=0.01 secs] 
2014-07-08T05:37:58.230+0000: 541.690: [GC [PSYoungGen: 149609K->960K(146944K)] 263680K->115134K(833920K), 0.0063920 secs] [Times: user=0.04 sys=0.00, real=0.00 secs] 
2014-07-08T05:37:58.756+0000: 542.215: [GC [PSYoungGen: 146862K->836K(144192K)] 261036K->115082K(831168K), 0.0034780 secs] [Times: user=0.01 sys=0.00, real=0.01 secs] 
2014-07-08T05:37:59.236+0000: 542.696: [GC [PSYoungGen: 144132K->744K(141504K)] 258378K->115062K(828480K), 0.0067040 secs] [Times: user=0.04 sys=0.00, real=0.01 secs] 
2014-07-08T05:37:59.726+0000: 543.185: [GC [PSYoungGen: 141446K->1402K(139712K)] 255764K->115784K(826688K), 0.0045210 secs] [Times: user=0.02 sys=0.00, real=0.01 secs] 
2014-07-08T05:38:00.204+0000: 543.663: [GC [PSYoungGen: 139706K->698K(166720K)] 254088K->115120K(853696K), 0.0057560 secs] [Times: user=0.02 sys=0.00, real=0.01 secs] 
2014-07-08T05:38:00.861+0000: 544.320: [GC [PSYoungGen: 166714K->740K(163584K)] 281136K->115210K(850560K), 0.0053530 secs] [Times: user=0.02 sys=0.00, real=0.00 secs] 
2014-07-08T05:38:01.355+0000: 544.814: [GC [PSYoungGen: 163556K->876K(160576K)] 278026K->115442K(847552K), 0.0051240 secs] [Times: user=0.03 sys=0.01, real=0.01 secs] 
2014-07-08T05:38:01.951+0000: 545.411: [GC [PSYoungGen: 160556K->854K(157568K)] 275122K->115492K(844544K), 0.0042240 secs] [Times: user=0.02 sys=0.00, real=0.00 secs] 
2014-07-08T05:38:02.472+0000: 545.931: [GC [PSYoungGen: 157526K->658K(154432K)] 272164K->115360K(841408K), 0.0047280 secs] [Times: user=0.02 sys=0.00, real=0.00 secs] 
2014-07-08T05:38:03.000+0000: 546.460: [GC [PSYoungGen: 154386K->726K(151680K)] 269088K->115492K(838656K), 0.0031910 secs] [Times: user=0.01 sys=0.00, real=0.00 secs] 
2014-07-08T05:38:03.521+0000: 546.980: [GC [PSYoungGen: 151638K->1000K(149184K)] 266404K->115822K(836160K), 0.0057070 secs] [Times: user=0.04 sys=0.00, real=0.00 secs] 
2014-07-08T05:38:04.032+0000: 547.491: [GC [PSYoungGen: 149160K->666K(178496K)] 263982K->115536K(865472K), 0.0087000 secs] [Times: user=0.05 sys=0.00, real=0.01 secs] 
2014-07-08T05:38:04.655+0000: 548.115: [GC [PSYoungGen: 178458K->850K(175104K)] 293328K->115816K(862080K), 0.0050600 secs] [Times: user=0.03 sys=0.00, real=0.01 secs] 
2014-07-08T05:38:05.256+0000: 548.715: [GC [PSYoungGen: 175058K->644K(189248K)] 290024K->115690K(876224K), 0.0077460 secs] [Times: user=0.05 sys=0.00, real=0.01 secs] 
2014-07-08T05:38:05.935+0000: 549.394: [GC [PSYoungGen: 188548K->776K(184832K)] 303594K->115886K(871808K), 0.0043640 secs] [Times: user=0.03 sys=0.00, real=0.00 secs] 
2014-07-08T05:38:06.541+0000: 550.001: [GC [PSYoungGen: 184754K->1078K(181312K)] 299864K->116260K(868288K), 0.0034860 secs] [Times: user=0.02 sys=0.00, real=0.00 secs] 
2014-07-08T05:38:07.174+0000: 550.633: [GC [PSYoungGen: 181302K->676K(177280K)] 296484K->115962K(864256K), 0.0078500 secs] [Times: user=0.05 sys=0.00, real=0.01 secs] 
2014-07-08T05:38:07.844+0000: 551.304: [GC [PSYoungGen: 177211K->1146K(174144K)] 292497K->116496K(861120K), 0.0071010 secs] [Times: user=0.04 sys=0.00, real=0.01 secs] 
2014-07-08T05:38:08.397+0000: 551.856: [GC [PSYoungGen: 174138K->598K(208384K)] 289488K->115980K(895360K), 0.0171010 secs] [Times: user=0.10 sys=0.00, real=0.02 secs] 
2014-07-08T05:38:09.159+0000: 552.618: [GC [PSYoungGen: 208168K->790K(209024K)] 323551K->116244K(896000K), 0.0057770 secs] [Times: user=0.01 sys=0.00, real=0.01 secs] 
2014-07-08T05:38:09.888+0000: 553.348: [GC [PSYoungGen: 208406K->1313K(250304K)] 323860K->117001K(937280K), 0.0030060 secs] [Times: user=0.02 sys=0.00, real=0.01 secs] 
2014-07-08T05:38:10.842+0000: 554.302: [GC [PSYoungGen: 250242K->1302K(250496K)] 365929K->117029K(937472K), 0.0087790 secs] [Times: user=0.04 sys=0.00, real=0.01 secs] 
2014-07-08T05:38:11.580+0000: 555.039: [GC [PSYoungGen: 250262K->1220K(244160K)] 365989K->117044K(931136K), 0.0042890 secs] [Times: user=0.02 sys=0.00, real=0.01 secs] 
2014-07-08T05:38:12.423+0000: 555.882: [GC [PSYoungGen: 244100K->794K(237824K)] 359924K->116697K(924800K), 0.0054000 secs] [Times: user=0.02 sys=0.00, real=0.00 secs] 
2014-07-08T05:38:13.249+0000: 556.708: [GC [PSYoungGen: 237761K->672K(232064K)] 353665K->116639K(919040K), 0.0037950 secs] [Times: user=0.01 sys=0.00, real=0.01 secs] 
2014-07-08T05:38:14.072+0000: 557.532: [GC [PSYoungGen: 231956K->965K(226944K)] 347923K->117005K(913920K), 0.0124050 secs] [Times: user=0.08 sys=0.01, real=0.01 secs] 
2014-07-08T05:38:14.973+0000: 558.432: [GC [PSYoungGen: 226885K->1082K(221760K)] 342925K->117193K(908736K), 0.0032700 secs] [Times: user=0.02 sys=0.00, real=0.00 secs] 
2014-07-08T05:38:15.723+0000: 559.182: [GC [PSYoungGen: 221754K->1259K(216896K)] 337865K->117458K(903872K), 0.0053910 secs] [Times: user=0.03 sys=0.01, real=0.00 secs] 
2014-07-08T05:38:16.394+0000: 559.854: [GC [PSYoungGen: 216875K->566K(211328K)] 333074K->116813K(898304K), 0.0052590 secs] [Times: user=0.03 sys=0.00, real=0.00 secs] 
2014-07-08T05:38:17.128+0000: 560.588: [GC [PSYoungGen: 211315K->865K(206912K)] 327563K->117184K(893888K), 0.0057150 secs] [Times: user=0.04 sys=0.00, real=0.01 secs] 
2014-07-08T05:38:17.871+0000: 561.330: [GC [PSYoungGen: 206881K->1435K(202944K)] 323200K->117818K(889920K), 0.0065130 secs] [Times: user=0.04 sys=0.00, real=0.01 secs] 
2014-07-08T05:38:18.538+0000: 561.997: [GC [PSYoungGen: 202897K->886K(197952K)] 319281K->117334K(884928K), 0.0066910 secs] [Times: user=0.04 sys=0.00, real=0.01 secs] 
2014-07-08T05:38:19.229+0000: 562.688: [GC [PSYoungGen: 197942K->448K(193280K)] 314390K->116935K(880256K), 0.0089240 secs] [Times: user=0.06 sys=0.00, real=0.01 secs] 
2014-07-08T05:38:19.921+0000: 563.380: [GC [PSYoungGen: 193280K->776K(189568K)] 309767K->117311K(876544K), 0.0035980 secs] [Times: user=0.01 sys=0.00, real=0.01 secs] 
2014-07-08T05:38:20.585+0000: 564.045: [GC [PSYoungGen: 189512K->900K(185728K)] 306047K->117523K(872704K), 0.0053740 secs] [Times: user=0.03 sys=0.01, real=0.00 secs] 
2014-07-08T05:38:21.430+0000: 564.889: [GC [PSYoungGen: 185668K->1398K(182336K)] 302291K->118102K(869312K), 0.0041530 secs] [Times: user=0.02 sys=0.00, real=0.01 secs] 
2014-07-08T05:38:21.988+0000: 565.447: [GC [PSYoungGen: 182326K->740K(177984K)] 299030K->117597K(864960K), 0.0036900 secs] [Times: user=0.02 sys=0.00, real=0.00 secs] 
2014-07-08T05:38:22.479+0000: 565.938: [GC [PSYoungGen: 177956K->861K(174528K)] 294813K->117790K(861504K), 0.0059160 secs] [Times: user=0.03 sys=0.00, real=0.01 secs] 
2014-07-08T05:38:23.122+0000: 566.582: [GC [PSYoungGen: 174493K->890K(171072K)] 291422K->117875K(858048K), 0.0044740 secs] [Times: user=0.02 sys=0.00, real=0.00 secs] 
2014-07-08T05:38:23.706+0000: 567.165: [GC [PSYoungGen: 171066K->940K(167808K)] 288051K->117981K(854784K), 0.0051310 secs] [Times: user=0.02 sys=0.00, real=0.00 secs] 
2014-07-08T05:38:24.253+0000: 567.712: [GC [PSYoungGen: 167788K->762K(164352K)] 284829K->117891K(851328K), 0.0046630 secs] [Times: user=0.02 sys=0.00, real=0.01 secs] 
2014-07-08T05:38:24.918+0000: 568.378: [GC [PSYoungGen: 164346K->1178K(161664K)] 281475K->118379K(848640K), 0.0044470 secs] [Times: user=0.01 sys=0.00, real=0.01 secs] 
2014-07-08T05:38:25.384+0000: 568.844: [GC [PSYoungGen: 161626K->762K(193344K)] 278827K->118043K(880320K), 0.0093440 secs] [Times: user=0.06 sys=0.00, real=0.01 secs] 
2014-07-08T05:38:26.078+0000: 569.537: [GC [PSYoungGen: 193332K->954K(189440K)] 310614K->118315K(876416K), 0.0039660 secs] [Times: user=0.02 sys=0.00, real=0.00 secs] 
2014-07-08T05:38:26.753+0000: 570.212: [GC [PSYoungGen: 189427K->1256K(185792K)] 306788K->118788K(872768K), 0.0057670 secs] [Times: user=0.03 sys=0.01, real=0.01 secs] 
2014-07-08T05:38:27.403+0000: 570.862: [GC [PSYoungGen: 185740K->808K(181504K)] 303271K->118427K(868480K), 0.0044610 secs] [Times: user=0.02 sys=0.01, real=0.01 secs] 
2014-07-08T05:38:28.019+0000: 571.478: [GC [PSYoungGen: 181479K->758K(177728K)] 299099K->118573K(864704K), 0.0038360 secs] [Times: user=0.02 sys=0.00, real=0.00 secs] 
2014-07-08T05:38:28.643+0000: 572.103: [GC [PSYoungGen: 177718K->978K(174400K)] 295533K->118841K(861376K), 0.0034470 secs] [Times: user=0.02 sys=0.00, real=0.00 secs] 
2014-07-08T05:38:29.237+0000: 572.697: [GC [PSYoungGen: 174354K->808K(170752K)] 292217K->118751K(857728K), 0.0047990 secs] [Times: user=0.02 sys=0.01, real=0.00 secs] 
2014-07-08T05:38:29.888+0000: 573.347: [GC [PSYoungGen: 170728K->1032K(167680K)] 288671K->119039K(854656K), 0.0068790 secs] [Times: user=0.04 sys=0.00, real=0.01 secs] 
2014-07-08T05:38:30.419+0000: 573.879: [GC [PSYoungGen: 167624K->548K(163904K)] 285631K->118619K(850880K), 0.0035180 secs] [Times: user=0.02 sys=0.00, real=0.00 secs] 
2014-07-08T05:38:31.024+0000: 574.484: [GC [PSYoungGen: 163876K->626K(160832K)] 281947K->118785K(847808K), 0.0048270 secs] [Times: user=0.03 sys=0.00, real=0.00 secs] 
2014-07-08T05:38:31.556+0000: 575.015: [GC [PSYoungGen: 160774K->1024K(158272K)] 278934K->119232K(845248K), 0.0038720 secs] [Times: user=0.01 sys=0.00, real=0.00 secs] 
2014-07-08T05:38:32.106+0000: 575.565: [GC [PSYoungGen: 158197K->833K(155136K)] 276405K->119121K(842112K), 0.0033490 secs] [Times: user=0.01 sys=0.00, real=0.00 secs] 
2014-07-08T05:38:32.664+0000: 576.124: [GC [PSYoungGen: 155073K->1014K(152384K)] 273361K->119389K(839360K), 0.0036540 secs] [Times: user=0.02 sys=0.00, real=0.00 secs] 
2014-07-08T05:38:33.180+0000: 576.640: [GC [PSYoungGen: 152374K->886K(149504K)] 270749K->119357K(836480K), 0.0074390 secs] [Times: user=0.05 sys=0.00, real=0.01 secs] 
2014-07-08T05:38:33.751+0000: 577.210: [GC [PSYoungGen: 149494K->1082K(179456K)] 267965K->119610K(866432K), 0.0106790 secs] [Times: user=0.06 sys=0.00, real=0.01 secs] 
2014-07-08T05:38:34.308+0000: 577.768: [GC [PSYoungGen: 179450K->780K(175616K)] 297978K->119387K(862592K), 0.0039520 secs] [Times: user=0.02 sys=0.00, real=0.00 secs] 
2014-07-08T05:38:34.931+0000: 578.390: [GC [PSYoungGen: 175564K->840K(172160K)] 294171K->119527K(859136K), 0.0045650 secs] [Times: user=0.03 sys=0.00, real=0.01 secs] 
2014-07-08T05:38:35.522+0000: 578.982: [GC [PSYoungGen: 172104K->826K(168704K)] 290791K->119577K(855680K), 0.0034840 secs] [Times: user=0.02 sys=0.00, real=0.01 secs] 
2014-07-08T05:38:36.150+0000: 579.610: [GC [PSYoungGen: 168698K->630K(165248K)] 287449K->119437K(852224K), 0.0052290 secs] [Times: user=0.03 sys=0.00, real=0.01 secs] 
2014-07-08T05:38:36.706+0000: 580.166: [GC [PSYoungGen: 165238K->914K(162368K)] 284045K->119778K(849344K), 0.0070680 secs] [Times: user=0.05 sys=0.00, real=0.00 secs] 
2014-07-08T05:38:37.252+0000: 580.711: [GC [PSYoungGen: 162320K->904K(159296K)] 281183K->119847K(846272K), 0.0055960 secs] [Times: user=0.04 sys=0.00, real=0.01 secs] 
2014-07-08T05:38:37.837+0000: 581.297: [GC [PSYoungGen: 159225K->996K(191040K)] 278169K->119971K(878016K), 0.0088230 secs] [Times: user=0.05 sys=0.00, real=0.01 secs] 
2014-07-08T05:38:38.469+0000: 581.928: [GC [PSYoungGen: 191012K->630K(186688K)] 309987K->119733K(873664K), 0.0035760 secs] [Times: user=0.01 sys=0.01, real=0.00 secs] 
2014-07-08T05:38:39.123+0000: 582.582: [GC [PSYoungGen: 186678K->712K(182976K)] 305781K->119887K(869952K), 0.0071680 secs] [Times: user=0.03 sys=0.00, real=0.01 secs] 
2014-07-08T05:38:39.867+0000: 583.327: [GC [PSYoungGen: 182917K->1192K(179712K)] 302093K->120479K(866688K), 0.0062960 secs] [Times: user=0.03 sys=0.01, real=0.00 secs] 
2014-07-08T05:38:40.398+0000: 583.858: [GC [PSYoungGen: 179688K->776K(175680K)] 298975K->120167K(862656K), 0.0054670 secs] [Times: user=0.02 sys=0.01, real=0.00 secs] 
2014-07-08T05:38:41.060+0000: 584.520: [GC [PSYoungGen: 175624K->822K(172160K)] 295015K->120614K(859136K), 0.0053320 secs] [Times: user=0.04 sys=0.00, real=0.01 secs] 
2014-07-08T05:38:41.607+0000: 585.066: [GC [PSYoungGen: 172150K->844K(168832K)] 291942K->120675K(855808K), 0.0054770 secs] [Times: user=0.02 sys=0.00, real=0.00 secs] 
2014-07-08T05:38:42.183+0000: 585.642: [GC [PSYoungGen: 168767K->762K(165440K)] 288599K->120856K(852416K), 0.0057590 secs] [Times: user=0.03 sys=0.00, real=0.01 secs] 
2014-07-08T05:38:42.802+0000: 586.261: [GC [PSYoungGen: 165434K->1018K(162496K)] 285528K->121160K(849472K), 0.0040640 secs] [Times: user=0.01 sys=0.00, real=0.01 secs] 
2014-07-08T05:38:43.328+0000: 586.787: [GC [PSYoungGen: 162490K->876K(159296K)] 282632K->121106K(846272K), 0.0045190 secs] [Times: user=0.03 sys=0.00, real=0.00 secs] 
2014-07-08T05:38:43.910+0000: 587.370: [GC [PSYoungGen: 159276K->1014K(156416K)] 279506K->121323K(843392K), 0.0038050 secs] [Times: user=0.02 sys=0.01, real=0.00 secs] 
2014-07-08T05:38:44.427+0000: 587.886: [GC [PSYoungGen: 156392K->680K(153216K)] 276702K->121061K(840192K), 0.0062060 secs] [Times: user=0.04 sys=0.00, real=0.00 secs] 
2014-07-08T05:38:44.952+0000: 588.412: [GC [PSYoungGen: 153192K->654K(183744K)] 273573K->121084K(870720K), 0.0075950 secs] [Times: user=0.04 sys=0.00, real=0.01 secs] 
2014-07-08T05:38:45.607+0000: 589.066: [GC [PSYoungGen: 183692K->790K(220480K)] 304122K->121259K(907456K), 0.0107380 secs] [Times: user=0.06 sys=0.01, real=0.01 secs] 
2014-07-08T05:38:46.440+0000: 589.900: [GC [PSYoungGen: 220438K->772K(215488K)] 340907K->121313K(902464K), 0.0037680 secs] [Times: user=0.01 sys=0.01, real=0.00 secs] 
2014-07-08T05:38:47.123+0000: 590.582: [GC [PSYoungGen: 215428K->886K(210688K)] 335969K->121491K(897664K), 0.0051790 secs] [Times: user=0.03 sys=0.00, real=0.01 secs] 
2014-07-08T05:38:47.907+0000: 591.367: [GC [PSYoungGen: 210678K->1253K(206400K)] 331283K->121964K(893376K), 0.0038470 secs] [Times: user=0.03 sys=0.00, real=0.00 secs] 
2014-07-08T05:38:48.572+0000: 592.032: [GC [PSYoungGen: 206371K->420K(201024K)] 327083K->121724K(888000K), 0.0041830 secs] [Times: user=0.02 sys=0.00, real=0.01 secs] 
2014-07-08T05:38:49.256+0000: 592.716: [GC [PSYoungGen: 200969K->876K(197120K)] 322273K->122244K(884096K), 0.0046110 secs] [Times: user=0.03 sys=0.00, real=0.00 secs] 
2014-07-08T05:38:49.952+0000: 593.411: [GC [PSYoungGen: 197096K->825K(192832K)] 318464K->122561K(879808K), 0.0035120 secs] [Times: user=0.01 sys=0.00, real=0.00 secs] 
2014-07-08T05:38:50.611+0000: 594.070: [GC [PSYoungGen: 192825K->904K(188864K)] 314561K->122744K(875840K), 0.0053620 secs] [Times: user=0.03 sys=0.00, real=0.00 secs] 
2014-07-08T05:38:51.301+0000: 594.761: [GC [PSYoungGen: 188808K->936K(184960K)] 310648K->122848K(871936K), 0.0037680 secs] [Times: user=0.02 sys=0.00, real=0.00 secs] 
2014-07-08T05:38:51.977+0000: 595.436: [GC [PSYoungGen: 184936K->1060K(181312K)] 306848K->123060K(868288K), 0.0033070 secs] [Times: user=0.02 sys=0.00, real=0.01 secs] 
2014-07-08T05:38:52.514+0000: 595.974: [GC [PSYoungGen: 181262K->566K(177152K)] 303262K->122728K(864128K), 0.0046350 secs] [Times: user=0.02 sys=0.00, real=0.01 secs] 
2014-07-08T05:38:53.129+0000: 596.588: [GC [PSYoungGen: 177106K->862K(173888K)] 299268K->123120K(860864K), 0.0041590 secs] [Times: user=0.03 sys=0.00, real=0.00 secs] 
2014-07-08T05:38:53.740+0000: 597.199: [GC [PSYoungGen: 173854K->740K(170304K)] 296112K->123120K(857280K), 0.0036250 secs] [Times: user=0.01 sys=0.01, real=0.00 secs] 
2014-07-08T05:38:54.325+0000: 597.784: [GC [PSYoungGen: 170276K->530K(166784K)] 292656K->122990K(853760K), 0.0059090 secs] [Times: user=0.03 sys=0.00, real=0.01 secs] 
2014-07-08T05:38:54.946+0000: 598.405: [GC [PSYoungGen: 166738K->1200K(164224K)] 289198K->123700K(851200K), 0.0062920 secs] [Times: user=0.02 sys=0.00, real=0.01 secs] 
2014-07-08T05:38:55.503+0000: 598.962: [GC [PSYoungGen: 164192K->993K(160896K)] 286692K->123565K(847872K), 0.0054140 secs] [Times: user=0.02 sys=0.00, real=0.01 secs] 
2014-07-08T05:38:56.046+0000: 599.506: [GC [PSYoungGen: 160865K->626K(157504K)] 283437K->123352K(844480K), 0.0039660 secs] [Times: user=0.03 sys=0.00, real=0.01 secs] 
2014-07-08T05:38:56.593+0000: 600.052: [GC [PSYoungGen: 157490K->758K(154688K)] 280216K->123580K(841664K), 0.0044010 secs] [Times: user=0.03 sys=0.00, real=0.01 secs] 
2014-07-08T05:38:57.122+0000: 600.581: [GC [PSYoungGen: 154661K->680K(151808K)] 277483K->123582K(838784K), 0.0034020 secs] [Times: user=0.01 sys=0.01, real=0.00 secs] 
2014-07-08T05:38:57.738+0000: 601.197: [GC [PSYoungGen: 151765K->1330K(149696K)] 274667K->124352K(836672K), 0.0086580 secs] [Times: user=0.05 sys=0.00, real=0.00 secs] 
2014-07-08T05:38:58.175+0000: 601.635: [GC [PSYoungGen: 149682K->626K(146304K)] 272704K->123736K(833280K), 0.0039680 secs] [Times: user=0.02 sys=0.00, real=0.01 secs] 
2014-07-08T05:38:58.673+0000: 602.132: [GC [PSYoungGen: 146290K->932K(144000K)] 269400K->124130K(830976K), 0.0057090 secs] [Times: user=0.04 sys=0.00, real=0.01 secs] 
2014-07-08T05:38:59.158+0000: 602.618: [GC [PSYoungGen: 143972K->868K(141440K)] 267170K->124154K(828416K), 0.0043450 secs] [Times: user=0.02 sys=0.00, real=0.00 secs] 
2014-07-08T05:38:59.649+0000: 603.109: [GC [PSYoungGen: 141408K->978K(139136K)] 264694K->124352K(826112K), 0.0059690 secs] [Times: user=0.04 sys=0.00, real=0.00 secs] 
2014-07-08T05:39:00.129+0000: 603.588: [GC [PSYoungGen: 139058K->833K(136640K)] 262433K->124255K(823616K), 0.0035360 secs] [Times: user=0.01 sys=0.00, real=0.00 secs] 
2014-07-08T05:39:00.615+0000: 604.074: [GC [PSYoungGen: 136577K->740K(134208K)] 259999K->124226K(821184K), 0.0062270 secs] [Times: user=0.03 sys=0.00, real=0.01 secs] 
2014-07-08T05:39:01.077+0000: 604.536: [GC [PSYoungGen: 134180K->776K(160960K)] 257666K->124326K(847936K), 0.0052900 secs] [Times: user=0.03 sys=0.00, real=0.01 secs] 
2014-07-08T05:39:01.646+0000: 605.105: [GC [PSYoungGen: 160904K->1266K(158400K)] 284454K->124873K(845376K), 0.0047010 secs] [Times: user=0.03 sys=0.00, real=0.01 secs] 
2014-07-08T05:39:02.197+0000: 605.657: [GC [PSYoungGen: 158291K->494K(189056K)] 281897K->124476K(876032K), 0.0150300 secs] [Times: user=0.08 sys=0.01, real=0.02 secs] 
2014-07-08T05:39:02.901+0000: 606.360: [GC [PSYoungGen: 189038K->1274K(227584K)] 313020K->125312K(914560K), 0.0041490 secs] [Times: user=0.02 sys=0.00, real=0.00 secs] 
2014-07-08T05:39:03.665+0000: 607.124: [GC [PSYoungGen: 227578K->836K(256704K)] 351616K->125154K(943680K), 0.0054620 secs] [Times: user=0.03 sys=0.00, real=0.01 secs] 
2014-07-08T05:39:04.557+0000: 608.016: [GC [PSYoungGen: 256452K->790K(257088K)] 380770K->125196K(944064K), 0.0089360 secs] [Times: user=0.06 sys=0.00, real=0.01 secs] 
2014-07-08T05:39:05.439+0000: 608.899: [GC [PSYoungGen: 256406K->726K(250048K)] 380812K->125204K(937024K), 0.0032500 secs] [Times: user=0.02 sys=0.00, real=0.00 secs] 
2014-07-08T05:39:06.367+0000: 609.827: [GC [PSYoungGen: 250006K->1363K(244608K)] 374484K->125905K(931584K), 0.0082520 secs] [Times: user=0.04 sys=0.00, real=0.01 secs] 
2014-07-08T05:39:07.172+0000: 610.631: [GC [PSYoungGen: 244563K->698K(238016K)] 369105K->125428K(924992K), 0.0055700 secs] [Times: user=0.02 sys=0.01, real=0.00 secs] 
2014-07-08T05:39:08.028+0000: 611.487: [GC [PSYoungGen: 238010K->662K(232384K)] 362740K->125448K(919360K), 0.0054610 secs] [Times: user=0.03 sys=0.00, real=0.01 secs] 
2014-07-08T05:39:08.857+0000: 612.316: [GC [PSYoungGen: 232324K->1452K(227712K)] 357111K->126294K(914688K), 0.0046280 secs] [Times: user=0.02 sys=0.00, real=0.01 secs] 
2014-07-08T05:39:09.612+0000: 613.071: [GC [PSYoungGen: 227686K->950K(221952K)] 352529K->125824K(908928K), 0.0038870 secs] [Times: user=0.02 sys=0.01, real=0.00 secs] 
2014-07-08T05:39:10.429+0000: 613.889: [GC [PSYoungGen: 221942K->676K(216640K)] 346816K->125646K(903616K), 0.0040780 secs] [Times: user=0.02 sys=0.00, real=0.01 secs] 
2014-07-08T05:39:11.134+0000: 614.593: [GC [PSYoungGen: 216611K->882K(211968K)] 341581K->125956K(898944K), 0.0032990 secs] [Times: user=0.01 sys=0.00, real=0.00 secs] 
2014-07-08T05:39:11.917+0000: 615.376: [GC [PSYoungGen: 211954K->1224K(207616K)] 337028K->126386K(894592K), 0.0030350 secs] [Times: user=0.02 sys=0.00, real=0.01 secs] 
2014-07-08T05:39:12.576+0000: 616.035: [GC [PSYoungGen: 207560K->890K(202688K)] 332722K->126124K(889664K), 0.0057940 secs] [Times: user=0.04 sys=0.00, real=0.01 secs] 
2014-07-08T05:39:13.276+0000: 616.735: [GC [PSYoungGen: 202682K->776K(198208K)] 327916K->126098K(885184K), 0.0040820 secs] [Times: user=0.02 sys=0.00, real=0.00 secs] 
2014-07-08T05:39:14.003+0000: 617.462: [GC [PSYoungGen: 198152K->904K(194112K)] 323474K->126298K(881088K), 0.0032260 secs] [Times: user=0.01 sys=0.01, real=0.00 secs] 
2014-07-08T05:39:14.671+0000: 618.131: [GC [PSYoungGen: 194052K->964K(190080K)] 319446K->126462K(877056K), 0.0062150 secs] [Times: user=0.04 sys=0.01, real=0.00 secs] 
2014-07-08T05:39:15.294+0000: 618.754: [GC [PSYoungGen: 190020K->730K(185856K)] 315518K->126284K(872832K), 0.0070860 secs] [Times: user=0.04 sys=0.00, real=0.01 secs] 
2014-07-08T05:39:16.006+0000: 619.465: [GC [PSYoungGen: 185751K->1068K(182336K)] 311305K->126824K(869312K), 0.0043400 secs] [Times: user=0.02 sys=0.00, real=0.01 secs] 
2014-07-08T05:39:16.668+0000: 620.127: [GC [PSYoungGen: 182314K->1192K(178752K)] 308071K->127004K(865728K), 0.0043330 secs] [Times: user=0.02 sys=0.00, real=0.01 secs] 
2014-07-08T05:39:17.191+0000: 620.650: [GC [PSYoungGen: 178728K->694K(174656K)] 304540K->126618K(861632K), 0.0043820 secs] [Times: user=0.03 sys=0.00, real=0.00 secs] 
2014-07-08T05:39:17.832+0000: 621.291: [GC [PSYoungGen: 174646K->868K(171392K)] 300570K->126840K(858368K), 0.0052220 secs] [Times: user=0.02 sys=0.00, real=0.00 secs] 
2014-07-08T05:39:18.396+0000: 621.855: [GC [PSYoungGen: 171364K->480K(167616K)] 297336K->126508K(854592K), 0.0075520 secs] [Times: user=0.04 sys=0.00, real=0.01 secs] 
2014-07-08T05:39:18.980+0000: 622.439: [GC [PSYoungGen: 167584K->790K(164672K)] 293612K->126874K(851648K), 0.0054440 secs] [Times: user=0.03 sys=0.00, real=0.01 secs] 
2014-07-08T05:39:19.545+0000: 623.004: [GC [PSYoungGen: 164630K->804K(197440K)] 290714K->126952K(884416K), 0.0092540 secs] [Times: user=0.06 sys=0.01, real=0.01 secs] 
2014-07-08T05:39:20.229+0000: 623.688: [GC [PSYoungGen: 197410K->630K(236608K)] 323559K->126866K(923584K), 0.0070320 secs] [Times: user=0.04 sys=0.00, real=0.01 secs] 
2014-07-08T05:39:21.058+0000: 624.517: [GC [PSYoungGen: 236598K->826K(231168K)] 362834K->127134K(918144K), 0.0041730 secs] [Times: user=0.03 sys=0.00, real=0.01 secs] 
2014-07-08T05:39:22.047+0000: 625.506: [GC [PSYoungGen: 231111K->1338K(226304K)] 357420K->127951K(913280K), 0.0040240 secs] [Times: user=0.02 sys=0.00, real=0.00 secs] 
2014-07-08T05:39:22.687+0000: 626.147: [GC [PSYoungGen: 226298K->566K(220352K)] 352911K->127478K(907328K), 0.0084600 secs] [Times: user=0.05 sys=0.00, real=0.01 secs] 
2014-07-08T05:39:23.426+0000: 626.885: [GC [PSYoungGen: 220342K->730K(215488K)] 347254K->127690K(902464K), 0.0040760 secs] [Times: user=0.01 sys=0.00, real=0.00 secs] 
2014-07-08T05:39:24.176+0000: 627.635: [GC [PSYoungGen: 215450K->562K(210432K)] 342410K->127676K(897408K), 0.0034600 secs] [Times: user=0.01 sys=0.00, real=0.00 secs] 
2014-07-08T05:39:24.959+0000: 628.418: [GC [PSYoungGen: 210418K->876K(206080K)] 337532K->128046K(893056K), 0.0063860 secs] [Times: user=0.04 sys=0.00, real=0.01 secs] 
2014-07-08T05:39:25.640+0000: 629.099: [GC [PSYoungGen: 206060K->1120K(201792K)] 333230K->128379K(888768K), 0.0039580 secs] [Times: user=0.02 sys=0.00, real=0.01 secs] 
2014-07-08T05:39:26.331+0000: 629.790: [GC [PSYoungGen: 201760K->694K(196992K)] 329019K->128024K(883968K), 0.0060380 secs] [Times: user=0.03 sys=0.00, real=0.01 secs] 
2014-07-08T05:39:27.053+0000: 630.513: [GC [PSYoungGen: 196973K->790K(192896K)] 324303K->128216K(879872K), 0.0046440 secs] [Times: user=0.03 sys=0.00, real=0.00 secs] 
2014-07-08T05:39:27.735+0000: 631.194: [GC [PSYoungGen: 192833K->1260K(189248K)] 320260K->128790K(876224K), 0.0041020 secs] [Times: user=0.02 sys=0.00, real=0.00 secs] 
2014-07-08T05:39:28.345+0000: 631.804: [GC [PSYoungGen: 189222K->616K(184704K)] 316753K->128194K(871680K), 0.0028110 secs] [Times: user=0.01 sys=0.00, real=0.00 secs] 
2014-07-08T05:39:28.996+0000: 632.455: [GC [PSYoungGen: 184680K->744K(181056K)] 312258K->128362K(868032K), 0.0051950 secs] [Times: user=0.03 sys=0.00, real=0.00 secs] 
2014-07-08T05:39:29.650+0000: 633.109: [GC [PSYoungGen: 181032K->1010K(177664K)] 308650K->128708K(864640K), 0.0061570 secs] [Times: user=0.03 sys=0.00, real=0.01 secs] 
2014-07-08T05:39:30.243+0000: 633.702: [GC [PSYoungGen: 177650K->726K(173824K)] 305348K->128512K(860800K), 0.0065060 secs] [Times: user=0.05 sys=0.00, real=0.01 secs] 
2014-07-08T05:39:30.916+0000: 634.375: [GC [PSYoungGen: 173782K->1198K(170816K)] 301568K->129105K(857792K), 0.0035870 secs] [Times: user=0.01 sys=0.00, real=0.00 secs] 
2014-07-08T05:39:31.445+0000: 634.905: [GC [PSYoungGen: 170798K->712K(167040K)] 298705K->128698K(854016K), 0.0053480 secs] [Times: user=0.03 sys=0.00, real=0.00 secs] 
2014-07-08T05:39:32.060+0000: 635.520: [GC [PSYoungGen: 166984K->740K(163840K)] 294970K->128782K(850816K), 0.0035640 secs] [Times: user=0.02 sys=0.00, real=0.01 secs] 
2014-07-08T05:39:32.594+0000: 636.053: [GC [PSYoungGen: 163812K->882K(160832K)] 291854K->128980K(847808K), 0.0036010 secs] [Times: user=0.01 sys=0.00, real=0.00 secs] 
2014-07-08T05:39:33.147+0000: 636.606: [GC [PSYoungGen: 160779K->876K(157824K)] 288878K->129070K(844800K), 0.0045600 secs] [Times: user=0.03 sys=0.00, real=0.00 secs] 
2014-07-08T05:39:33.713+0000: 637.173: [GC [PSYoungGen: 157804K->1164K(155200K)] 285998K->129414K(842176K), 0.0065680 secs] [Times: user=0.03 sys=0.00, real=0.00 secs] 
2014-07-08T05:39:34.288+0000: 637.748: [GC [PSYoungGen: 155148K->761K(151936K)] 283398K->129083K(838912K), 0.0035640 secs] [Times: user=0.02 sys=0.00, real=0.00 secs] 
2014-07-08T05:39:34.804+0000: 638.263: [GC [PSYoungGen: 151895K->1178K(182656K)] 280217K->129564K(869632K), 0.0156410 secs] [Times: user=0.09 sys=0.00, real=0.01 secs] 
2014-07-08T05:39:35.367+0000: 638.827: [GC [PSYoungGen: 182618K->840K(218624K)] 311004K->129340K(905600K), 0.0053100 secs] [Times: user=0.03 sys=0.00, real=0.00 secs] 
2014-07-08T05:39:36.134+0000: 639.593: [GC [PSYoungGen: 218568K->716K(262080K)] 347068K->129264K(949056K), 0.0041960 secs] [Times: user=0.02 sys=0.00, real=0.00 secs] 
2014-07-08T05:39:37.129+0000: 640.588: [GC [PSYoungGen: 262027K->1153K(256000K)] 390576K->129758K(942976K), 0.0037580 secs] [Times: user=0.02 sys=0.00, real=0.00 secs] 
2014-07-08T05:39:37.927+0000: 641.387: [GC [PSYoungGen: 255914K->712K(249280K)] 384518K->129364K(936256K), 0.0058200 secs] [Times: user=0.03 sys=0.00, real=0.00 secs] 
2014-07-08T05:39:38.822+0000: 642.282: [GC [PSYoungGen: 249224K->1006K(243456K)] 377876K->129860K(930432K), 0.0053930 secs] [Times: user=0.03 sys=0.00, real=0.01 secs] 
2014-07-08T05:39:39.641+0000: 643.100: [GC [PSYoungGen: 243438K->940K(237568K)] 372292K->129850K(924544K), 0.0033470 secs] [Times: user=0.02 sys=0.01, real=0.01 secs] 
2014-07-08T05:39:40.464+0000: 643.923: [GC [PSYoungGen: 237506K->833K(231872K)] 366417K->129799K(918848K), 0.0044020 secs] [Times: user=0.02 sys=0.01, real=0.01 secs] 
2014-07-08T05:39:41.295+0000: 644.754: [GC [PSYoungGen: 231790K->498K(226048K)] 360757K->129504K(913024K), 0.0070750 secs] [Times: user=0.05 sys=0.00, real=0.00 secs] 
2014-07-08T05:39:42.075+0000: 645.534: [GC [PSYoungGen: 226034K->712K(221056K)] 355040K->129798K(908032K), 0.0043310 secs] [Times: user=0.03 sys=0.00, real=0.00 secs] 
2014-07-08T05:39:42.858+0000: 646.318: [GC [PSYoungGen: 221000K->1392K(216640K)] 350086K->130582K(903616K), 0.0038580 secs] [Times: user=0.02 sys=0.00, real=0.00 secs] 
2014-07-08T05:39:43.545+0000: 647.004: [GC [PSYoungGen: 216624K->658K(211072K)] 345814K->129904K(898048K), 0.0061090 secs] [Times: user=0.03 sys=0.00, real=0.00 secs] 
2014-07-08T05:39:44.273+0000: 647.732: [GC [PSYoungGen: 211026K->768K(206528K)] 340272K->130087K(893504K), 0.0039860 secs] [Times: user=0.02 sys=0.00, real=0.01 secs] 
2014-07-08T05:39:45.029+0000: 648.488: [GC [PSYoungGen: 206464K->594K(201792K)] 335783K->129976K(888768K), 0.0044080 secs] [Times: user=0.02 sys=0.00, real=0.00 secs] 
2014-07-08T05:39:45.729+0000: 649.188: [GC [PSYoungGen: 201746K->1056K(197888K)] 331128K->130503K(884864K), 0.0071290 secs] [Times: user=0.04 sys=0.00, real=0.01 secs] 
2014-07-08T05:39:46.381+0000: 649.840: [GC [PSYoungGen: 197856K->548K(193152K)] 327303K->130066K(880128K), 0.0058770 secs] [Times: user=0.03 sys=0.00, real=0.01 secs] 
2014-07-08T05:39:47.213+0000: 650.673: [GC [PSYoungGen: 193124K->1022K(189504K)] 322642K->130596K(876480K), 0.0060030 secs] [Times: user=0.03 sys=0.00, real=0.01 secs] 
2014-07-08T05:39:47.736+0000: 651.195: [GC [PSYoungGen: 189494K->1234K(185792K)] 319068K->130865K(872768K), 0.0071520 secs] [Times: user=0.04 sys=0.00, real=0.00 secs] 
2014-07-08T05:39:48.364+0000: 651.823: [GC [PSYoungGen: 185746K->648K(181376K)] 315377K->130334K(868352K), 0.0067930 secs] [Times: user=0.03 sys=0.00, real=0.01 secs] 
2014-07-08T05:39:49.026+0000: 652.486: [GC [PSYoungGen: 181320K->758K(177728K)] 311006K->130500K(864704K), 0.0038460 secs] [Times: user=0.02 sys=0.00, real=0.00 secs] 
2014-07-08T05:39:49.608+0000: 653.068: [GC [PSYoungGen: 177717K->630K(212992K)] 307459K->130404K(899968K), 0.0115140 secs] [Times: user=0.06 sys=0.00, real=0.01 secs] 
2014-07-08T05:39:50.337+0000: 653.796: [GC [PSYoungGen: 212981K->982K(255872K)] 342756K->130804K(942848K), 0.0059110 secs] [Times: user=0.03 sys=0.00, real=0.00 secs] 
2014-07-08T05:39:51.230+0000: 654.690: [GC [PSYoungGen: 255830K->612K(249216K)] 385652K->130514K(936192K), 0.0044250 secs] [Times: user=0.02 sys=0.01, real=0.00 secs] 
2014-07-08T05:39:52.138+0000: 655.597: [GC [PSYoungGen: 249188K->1170K(243712K)] 379090K->131144K(930688K), 0.0083140 secs] [Times: user=0.05 sys=0.00, real=0.01 secs] 
2014-07-08T05:39:52.981+0000: 656.441: [GC [PSYoungGen: 243666K->922K(237632K)] 373640K->130968K(924608K), 0.0041750 secs] [Times: user=0.01 sys=0.00, real=0.00 secs] 
2014-07-08T05:39:53.799+0000: 657.258: [GC [PSYoungGen: 237594K->932K(232000K)] 367640K->131109K(918976K), 0.0082990 secs] [Times: user=0.05 sys=0.00, real=0.01 secs] 
2014-07-08T05:39:54.582+0000: 658.042: [GC [PSYoungGen: 231970K->740K(226368K)] 362147K->130980K(913344K), 0.0103350 secs] [Times: user=0.06 sys=0.00, real=0.01 secs] 
2014-07-08T05:39:55.372+0000: 658.831: [GC [PSYoungGen: 226340K->744K(221120K)] 356580K->131072K(908096K), 0.0042940 secs] [Times: user=0.02 sys=0.00, real=0.01 secs] 
2014-07-08T05:39:56.153+0000: 659.612: [GC [PSYoungGen: 221096K->722K(216064K)] 351424K->131090K(903040K), 0.0039020 secs] [Times: user=0.02 sys=0.00, real=0.01 secs] 
2014-07-08T05:39:57.048+0000: 660.507: [GC [PSYoungGen: 216004K->1402K(211840K)] 346372K->131858K(898816K), 0.0059160 secs] [Times: user=0.03 sys=0.00, real=0.00 secs] 
2014-07-08T05:39:57.640+0000: 661.099: [GC [PSYoungGen: 211834K->864K(253440K)] 342290K->131360K(940416K), 0.0130630 secs] [Times: user=0.06 sys=0.01, real=0.01 secs] 
2014-07-08T05:39:58.517+0000: 661.976: [GC [PSYoungGen: 253406K->879K(247232K)] 383903K->131455K(934208K), 0.0067430 secs] [Times: user=0.05 sys=0.00, real=0.01 secs] 
2014-07-08T05:39:59.386+0000: 662.846: [GC [PSYoungGen: 247215K->1010K(241344K)] 377791K->131667K(928320K), 0.0046630 secs] [Times: user=0.02 sys=0.00, real=0.01 secs] 
2014-07-08T05:40:00.227+0000: 663.686: [GC [PSYoungGen: 241330K->858K(235456K)] 371987K->131586K(922432K), 0.0041170 secs] [Times: user=0.02 sys=0.00, real=0.00 secs] 
2014-07-08T05:40:01.054+0000: 664.514: [GC [PSYoungGen: 235375K->584K(229632K)] 366104K->131352K(916608K), 0.0054510 secs] [Times: user=0.03 sys=0.00, real=0.01 secs] 
2014-07-08T05:40:01.891+0000: 665.350: [GC [PSYoungGen: 229545K->818K(224448K)] 360313K->131658K(911424K), 0.0045910 secs] [Times: user=0.03 sys=0.01, real=0.00 secs] 
2014-07-08T05:40:02.642+0000: 666.101: [GC [PSYoungGen: 224434K->1100K(219584K)] 355274K->132004K(906560K), 0.0036590 secs] [Times: user=0.02 sys=0.00, real=0.00 secs] 
2014-07-08T05:40:03.403+0000: 666.862: [GC [PSYoungGen: 219532K->818K(214272K)] 350436K->131794K(901248K), 0.0067560 secs] [Times: user=0.04 sys=0.01, real=0.01 secs] 
2014-07-08T05:40:04.204+0000: 667.663: [GC [PSYoungGen: 214177K->1018K(209664K)] 345154K->132027K(896640K), 0.0085860 secs] [Times: user=0.05 sys=0.00, real=0.01 secs] 
2014-07-08T05:40:04.906+0000: 668.365: [GC [PSYoungGen: 209658K->1014K(205056K)] 340667K->132151K(892032K), 0.0034150 secs] [Times: user=0.02 sys=0.00, real=0.01 secs] 
2014-07-08T05:40:05.589+0000: 669.048: [GC [PSYoungGen: 205006K->758K(200320K)] 336143K->131966K(887296K), 0.0052670 secs] [Times: user=0.03 sys=0.00, real=0.00 secs] 
2014-07-08T05:40:06.298+0000: 669.757: [GC [PSYoungGen: 200310K->712K(195968K)] 331518K->131976K(882944K), 0.0054150 secs] [Times: user=0.03 sys=0.01, real=0.00 secs] 
2014-07-08T05:40:06.993+0000: 670.452: [GC [PSYoungGen: 195912K->786K(191872K)] 327176K->132091K(878848K), 0.0035510 secs] [Times: user=0.02 sys=0.00, real=0.00 secs] 
2014-07-08T05:40:07.644+0000: 671.103: [GC [PSYoungGen: 191822K->822K(187840K)] 323127K->132190K(874816K), 0.0053480 secs] [Times: user=0.03 sys=0.00, real=0.01 secs] 
2014-07-08T05:40:08.292+0000: 671.751: [GC [PSYoungGen: 187830K->782K(183936K)] 319198K->132239K(870912K), 0.0067030 secs] [Times: user=0.05 sys=0.00, real=0.01 secs] 
2014-07-08T05:40:08.987+0000: 672.446: [GC [PSYoungGen: 183886K->922K(180288K)] 315343K->132458K(867264K), 0.0033340 secs] [Times: user=0.02 sys=0.00, real=0.01 secs] 
2014-07-08T05:40:09.567+0000: 673.026: [GC [PSYoungGen: 180216K->676K(176384K)] 311752K->132268K(863360K), 0.0073640 secs] [Times: user=0.05 sys=0.00, real=0.01 secs] 
2014-07-08T05:40:10.182+0000: 673.641: [GC [PSYoungGen: 176311K->942K(173120K)] 307903K->132599K(860096K), 0.0053660 secs] [Times: user=0.03 sys=0.00, real=0.00 secs] 
2014-07-08T05:40:10.895+0000: 674.354: [GC [PSYoungGen: 173102K->1028K(169856K)] 304759K->132748K(856832K), 0.0064550 secs] [Times: user=0.04 sys=0.00, real=0.01 secs] 
2014-07-08T05:40:11.393+0000: 674.852: [GC [PSYoungGen: 169796K->548K(203136K)] 301516K->132308K(890112K), 0.0074980 secs] [Times: user=0.04 sys=0.00, real=0.01 secs] 
2014-07-08T05:40:12.071+0000: 675.530: [GC [PSYoungGen: 203108K->886K(199040K)] 334868K->132726K(886016K), 0.0034650 secs] [Times: user=0.02 sys=0.00, real=0.00 secs] 
2014-07-08T05:40:12.779+0000: 676.239: [GC [PSYoungGen: 199029K->972K(194880K)] 330870K->132876K(881856K), 0.0081820 secs] [Times: user=0.05 sys=0.00, real=0.00 secs] 
2014-07-08T05:40:13.432+0000: 676.891: [GC [PSYoungGen: 194828K->776K(190528K)] 326732K->132752K(877504K), 0.0039640 secs] [Times: user=0.02 sys=0.00, real=0.00 secs] 
2014-07-08T05:40:14.089+0000: 677.549: [GC [PSYoungGen: 190472K->758K(186496K)] 322448K->132798K(873472K), 0.0033810 secs] [Times: user=0.01 sys=0.00, real=0.00 secs] 
2014-07-08T05:40:14.750+0000: 678.209: [GC [PSYoungGen: 186486K->690K(182592K)] 318526K->132770K(869568K), 0.0039930 secs] [Times: user=0.02 sys=0.00, real=0.00 secs] 
2014-07-08T05:40:15.369+0000: 678.828: [GC [PSYoungGen: 182542K->780K(179008K)] 314623K->132924K(865984K), 0.0031070 secs] [Times: user=0.02 sys=0.00, real=0.01 secs] 
2014-07-08T05:40:15.993+0000: 679.453: [GC [PSYoungGen: 178956K->758K(175360K)] 311100K->132966K(862336K), 0.0050790 secs] [Times: user=0.03 sys=0.00, real=0.00 secs] 
2014-07-08T05:40:16.610+0000: 680.069: [GC [PSYoungGen: 175317K->864K(171968K)] 307526K->133389K(858944K), 0.0085590 secs] [Times: user=0.05 sys=0.00, real=0.01 secs] 
2014-07-08T05:40:17.356+0000: 680.815: [GC [PSYoungGen: 171932K->1252K(168960K)] 304457K->134321K(855936K), 0.0044030 secs] [Times: user=0.02 sys=0.00, real=0.01 secs] 
2014-07-08T05:40:17.874+0000: 681.333: [GC [PSYoungGen: 168932K->434K(164864K)] 302001K->134040K(851840K), 0.0058680 secs] [Times: user=0.03 sys=0.00, real=0.00 secs] 
2014-07-08T05:40:18.347+0000: 681.807: [GC [PSYoungGen: 164850K->912K(162176K)] 298456K->134599K(849152K), 0.0041170 secs] [Times: user=0.02 sys=0.00, real=0.01 secs] 
2014-07-08T05:40:18.979+0000: 682.438: [GC [PSYoungGen: 162083K->1078K(159232K)] 295770K->135179K(846208K), 0.0053200 secs] [Times: user=0.02 sys=0.00, real=0.01 secs] 
2014-07-08T05:40:19.473+0000: 682.932: [GC [PSYoungGen: 159222K->769K(156032K)] 293323K->134926K(843008K), 0.0059520 secs] [Times: user=0.04 sys=0.00, real=0.00 secs] 
2014-07-08T05:40:20.033+0000: 683.492: [GC [PSYoungGen: 155969K->904K(153280K)] 290126K->135133K(840256K), 0.0038350 secs] [Times: user=0.01 sys=0.00, real=0.00 secs] 
2014-07-08T05:40:20.557+0000: 684.016: [GC [PSYoungGen: 153190K->794K(150336K)] 287419K->135111K(837312K), 0.0032940 secs] [Times: user=0.01 sys=0.00, real=0.01 secs] 
2014-07-08T05:40:21.085+0000: 684.545: [GC [PSYoungGen: 150266K->580K(147456K)] 284583K->134969K(834432K), 0.0034830 secs] [Times: user=0.02 sys=0.00, real=0.00 secs] 
2014-07-08T05:40:21.598+0000: 685.058: [GC [PSYoungGen: 147396K->968K(145216K)] 281785K->135437K(832192K), 0.0036950 secs] [Times: user=0.02 sys=0.00, real=0.01 secs] 
2014-07-08T05:40:22.108+0000: 685.568: [GC [PSYoungGen: 145160K->704K(142400K)] 279629K->135237K(829376K), 0.0056350 secs] [Times: user=0.03 sys=0.00, real=0.01 secs] 
2014-07-08T05:40:22.728+0000: 686.187: [GC [PSYoungGen: 142336K->1106K(140288K)] 276869K->135727K(827264K), 0.0043780 secs] [Times: user=0.02 sys=0.00, real=0.01 secs] 
2014-07-08T05:40:23.161+0000: 686.620: [GC [PSYoungGen: 140242K->594K(137344K)] 274863K->135271K(824320K), 0.0039300 secs] [Times: user=0.02 sys=0.00, real=0.01 secs] 
2014-07-08T05:40:23.564+0000: 687.023: [GC [PSYoungGen: 137240K->694K(164800K)] 271917K->135419K(851776K), 0.0099840 secs] [Times: user=0.06 sys=0.01, real=0.01 secs] 
2014-07-08T05:40:24.128+0000: 687.588: [GC [PSYoungGen: 164750K->854K(197824K)] 299475K->135635K(884800K), 0.0087110 secs] [Times: user=0.05 sys=0.00, real=0.01 secs] 
2014-07-08T05:40:24.837+0000: 688.296: [GC [PSYoungGen: 197782K->1100K(237504K)] 332563K->135937K(924480K), 0.0036260 secs] [Times: user=0.02 sys=0.00, real=0.00 secs] 
2014-07-08T05:40:25.633+0000: 689.092: [GC [PSYoungGen: 237452K->690K(231424K)] 372289K->135697K(918400K), 0.0059540 secs] [Times: user=0.03 sys=0.00, real=0.00 secs] 
2014-07-08T05:40:26.436+0000: 689.895: [GC [PSYoungGen: 231410K->876K(226176K)] 366417K->135939K(913152K), 0.0068870 secs] [Times: user=0.03 sys=0.00, real=0.01 secs] 
2014-07-08T05:40:27.227+0000: 690.686: [GC [PSYoungGen: 226156K->776K(220864K)] 361219K->136035K(907840K), 0.0046140 secs] [Times: user=0.03 sys=0.00, real=0.01 secs] 
2014-07-08T05:40:28.054+0000: 691.513: [GC [PSYoungGen: 220807K->956K(215936K)] 356066K->136303K(902912K), 0.0050170 secs] [Times: user=0.03 sys=0.00, real=0.00 secs] 
2014-07-08T05:40:28.778+0000: 692.237: [GC [PSYoungGen: 215932K->804K(243200K)] 351279K->136281K(930176K), 0.0132230 secs] [Times: user=0.07 sys=0.00, real=0.02 secs] 
2014-07-08T05:40:29.591+0000: 693.051: [GC [PSYoungGen: 243148K->894K(237440K)] 378625K->136443K(924416K), 0.0048440 secs] [Times: user=0.03 sys=0.00, real=0.01 secs] 
2014-07-08T05:40:30.414+0000: 693.873: [GC [PSYoungGen: 237438K->448K(231360K)] 372987K->136217K(918336K), 0.0048820 secs] [Times: user=0.03 sys=0.00, real=0.00 secs] 
2014-07-08T05:40:31.220+0000: 694.679: [GC [PSYoungGen: 231360K->862K(226368K)] 367129K->136687K(913344K), 0.0041370 secs] [Times: user=0.03 sys=0.00, real=0.01 secs] 
2014-07-08T05:40:32.033+0000: 695.493: [GC [PSYoungGen: 226334K->790K(221056K)] 362159K->136885K(908032K), 0.0032110 secs] [Times: user=0.01 sys=0.00, real=0.00 secs] 
2014-07-08T05:40:32.851+0000: 696.311: [GC [PSYoungGen: 221014K->1096K(216320K)] 357109K->137287K(903296K), 0.0050890 secs] [Times: user=0.03 sys=0.00, real=0.01 secs] 
2014-07-08T05:40:33.544+0000: 697.003: [GC [PSYoungGen: 216264K->484K(210816K)] 352455K->136893K(897792K), 0.0066060 secs] [Times: user=0.04 sys=0.00, real=0.00 secs] 
2014-07-08T05:40:34.328+0000: 697.787: [GC [PSYoungGen: 210761K->1214K(206848K)] 347170K->137719K(893824K), 0.0043440 secs] [Times: user=0.03 sys=0.01, real=0.01 secs] 
2014-07-08T05:40:34.997+0000: 698.457: [GC [PSYoungGen: 206846K->612K(201728K)] 343351K->137239K(888704K), 0.0030270 secs] [Times: user=0.01 sys=0.00, real=0.00 secs] 
2014-07-08T05:40:35.710+0000: 699.169: [GC [PSYoungGen: 201700K->1170K(197952K)] 338327K->137853K(884928K), 0.0043710 secs] [Times: user=0.02 sys=0.00, real=0.01 secs] 
2014-07-08T05:40:36.367+0000: 699.827: [GC [PSYoungGen: 197906K->776K(193344K)] 334589K->137523K(880320K), 0.0041630 secs] [Times: user=0.01 sys=0.00, real=0.00 secs] 
2014-07-08T05:40:37.035+0000: 700.495: [GC [PSYoungGen: 193288K->662K(189120K)] 330035K->137457K(876096K), 0.0109060 secs] [Times: user=0.07 sys=0.00, real=0.01 secs] 
2014-07-08T05:40:37.798+0000: 701.258: [GC [PSYoungGen: 189078K->1316K(185792K)] 325873K->138184K(872768K), 0.0060460 secs] [Times: user=0.03 sys=0.00, real=0.01 secs] 
2014-07-08T05:40:38.339+0000: 701.799: [GC [PSYoungGen: 185764K->740K(222144K)] 322632K->137671K(909120K), 0.0094350 secs] [Times: user=0.05 sys=0.00, real=0.01 secs] 
2014-07-08T05:40:39.127+0000: 702.586: [GC [PSYoungGen: 222116K->712K(217088K)] 359047K->137699K(904064K), 0.0059160 secs] [Times: user=0.02 sys=0.00, real=0.00 secs] 
2014-07-08T05:40:39.973+0000: 703.433: [GC [PSYoungGen: 217032K->1316K(212736K)] 354019K->138383K(899712K), 0.0088000 secs] [Times: user=0.06 sys=0.00, real=0.00 secs] 
2014-07-08T05:40:40.643+0000: 704.103: [GC [PSYoungGen: 212708K->893K(207552K)] 349775K->138202K(894528K), 0.0052340 secs] [Times: user=0.04 sys=0.00, real=0.00 secs] 
2014-07-08T05:40:41.340+0000: 704.799: [GC [PSYoungGen: 207501K->944K(203072K)] 344810K->138341K(890048K), 0.0036170 secs] [Times: user=0.01 sys=0.00, real=0.01 secs] 
2014-07-08T05:40:42.079+0000: 705.538: [GC [PSYoungGen: 203056K->718K(198464K)] 340453K->138279K(885440K), 0.0052400 secs] [Times: user=0.03 sys=0.00, real=0.01 secs] 
2014-07-08T05:40:42.858+0000: 706.317: [GC [PSYoungGen: 198403K->1533K(194944K)] 335964K->139175K(881920K), 0.0053420 secs] [Times: user=0.04 sys=0.00, real=0.00 secs] 
2014-07-08T05:40:43.424+0000: 706.884: [GC [PSYoungGen: 194941K->768K(190144K)] 332583K->138473K(877120K), 0.0052640 secs] [Times: user=0.03 sys=0.00, real=0.00 secs] 
2014-07-08T05:40:44.119+0000: 707.579: [GC [PSYoungGen: 190080K->1014K(186368K)] 327785K->138799K(873344K), 0.0058800 secs] [Times: user=0.03 sys=0.00, real=0.01 secs] 
2014-07-08T05:40:44.783+0000: 708.242: [GC [PSYoungGen: 186358K->986K(182528K)] 324143K->138835K(869504K), 0.0040440 secs] [Times: user=0.02 sys=0.00, real=0.01 secs] 
2014-07-08T05:40:45.379+0000: 708.838: [GC [PSYoungGen: 182490K->648K(178496K)] 320339K->138553K(865472K), 0.0065950 secs] [Times: user=0.03 sys=0.00, real=0.01 secs] 
2014-07-08T05:40:46.137+0000: 709.596: [GC [PSYoungGen: 178440K->1511K(214912K)] 316345K->139512K(901888K), 0.0122790 secs] [Times: user=0.06 sys=0.00, real=0.01 secs] 
2014-07-08T05:40:46.860+0000: 710.319: [GC [PSYoungGen: 214887K->1178K(209792K)] 352888K->139235K(896768K), 0.0072540 secs] [Times: user=0.03 sys=0.00, real=0.01 secs] 
2014-07-08T05:40:47.479+0000: 710.938: [GC [PSYoungGen: 209754K->744K(204736K)] 347811K->139009K(891712K), 0.0040460 secs] [Times: user=0.02 sys=0.00, real=0.00 secs] 
2014-07-08T05:40:48.200+0000: 711.659: [GC [PSYoungGen: 204712K->968K(200512K)] 342977K->139297K(887488K), 0.0052940 secs] [Times: user=0.03 sys=0.00, real=0.01 secs] 
2014-07-08T05:40:48.934+0000: 712.394: [GC [PSYoungGen: 200456K->1214K(196416K)] 338785K->139673K(883392K), 0.0046540 secs] [Times: user=0.02 sys=0.01, real=0.01 secs] 
2014-07-08T05:40:49.554+0000: 713.013: [GC [PSYoungGen: 196414K->908K(192000K)] 334873K->139431K(878976K), 0.0037020 secs] [Times: user=0.02 sys=0.00, real=0.01 secs] 
2014-07-08T05:40:50.220+0000: 713.679: [GC [PSYoungGen: 191924K->882K(187904K)] 330448K->139469K(874880K), 0.0069320 secs] [Times: user=0.04 sys=0.00, real=0.01 secs] 
2014-07-08T05:40:50.911+0000: 714.371: [GC [PSYoungGen: 187872K->1000K(225472K)] 326459K->139627K(912448K), 0.0146690 secs] [Times: user=0.07 sys=0.00, real=0.02 secs] 
2014-07-08T05:40:51.662+0000: 715.121: [GC [PSYoungGen: 225448K->1096K(220416K)] 364075K->139787K(907392K), 0.0038330 secs] [Times: user=0.02 sys=0.00, real=0.01 secs] 
2014-07-08T05:40:52.423+0000: 715.883: [GC [PSYoungGen: 220315K->915K(215232K)] 359006K->139670K(902208K), 0.0063970 secs] [Times: user=0.04 sys=0.00, real=0.01 secs] 
2014-07-08T05:40:53.201+0000: 716.661: [GC [PSYoungGen: 215187K->840K(210368K)] 353942K->139699K(897344K), 0.0041900 secs] [Times: user=0.02 sys=0.01, real=0.01 secs] 
2014-07-08T05:40:53.918+0000: 717.378: [GC [PSYoungGen: 210312K->1078K(205888K)] 349171K->140033K(892864K), 0.0039160 secs] [Times: user=0.02 sys=0.00, real=0.00 secs] 
2014-07-08T05:40:54.610+0000: 718.069: [GC [PSYoungGen: 205878K->1014K(201344K)] 344833K->140033K(888320K), 0.0062910 secs] [Times: user=0.03 sys=0.00, real=0.01 secs] 
2014-07-08T05:40:55.308+0000: 718.768: [GC [PSYoungGen: 201334K->751K(196736K)] 340353K->139842K(883712K), 0.0052670 secs] [Times: user=0.03 sys=0.00, real=0.00 secs] 
2014-07-08T05:40:56.013+0000: 719.473: [GC [PSYoungGen: 196719K->868K(192640K)] 335810K->140031K(879616K), 0.0043530 secs] [Times: user=0.02 sys=0.00, real=0.01 secs] 
2014-07-08T05:40:56.692+0000: 720.152: [GC [PSYoungGen: 192612K->1174K(188928K)] 331775K->140409K(875904K), 0.0095900 secs] [Times: user=0.05 sys=0.00, real=0.01 secs] 
2014-07-08T05:40:57.350+0000: 720.809: [GC [PSYoungGen: 188885K->694K(184512K)] 328120K->140009K(871488K), 0.0052430 secs] [Times: user=0.04 sys=0.00, real=0.00 secs] 
2014-07-08T05:40:58.148+0000: 721.607: [GC [PSYoungGen: 184471K->1218K(181312K)] 323786K->140589K(868288K), 0.0059150 secs] [Times: user=0.04 sys=0.00, real=0.00 secs] 
2014-07-08T05:40:58.661+0000: 722.120: [GC [PSYoungGen: 181250K->872K(177280K)] 320621K->140315K(864256K), 0.0051610 secs] [Times: user=0.03 sys=0.00, real=0.00 secs] 
2014-07-08T05:40:59.233+0000: 722.692: [GC [PSYoungGen: 177256K->644K(173568K)] 316699K->140183K(860544K), 0.0044980 secs] [Times: user=0.02 sys=0.00, real=0.01 secs] 
2014-07-08T05:40:59.891+0000: 723.350: [GC [PSYoungGen: 173479K->1136K(170560K)] 313019K->140755K(857536K), 0.0052630 secs] [Times: user=0.04 sys=0.00, real=0.01 secs] 
2014-07-08T05:41:00.436+0000: 723.895: [GC [PSYoungGen: 170544K->548K(166656K)] 310163K->140239K(853632K), 0.0063180 secs] [Times: user=0.04 sys=0.00, real=0.01 secs] 
2014-07-08T05:41:01.039+0000: 724.498: [GC [PSYoungGen: 166628K->1070K(163968K)] 306319K->140826K(850944K), 0.0036720 secs] [Times: user=0.02 sys=0.01, real=0.00 secs] 
2014-07-08T05:41:01.572+0000: 725.031: [GC [PSYoungGen: 163947K->744K(160512K)] 303702K->140579K(847488K), 0.0043020 secs] [Times: user=0.02 sys=0.00, real=0.01 secs] 
2014-07-08T05:41:02.134+0000: 725.593: [GC [PSYoungGen: 160488K->730K(157504K)] 300323K->140661K(844480K), 0.0077830 secs] [Times: user=0.05 sys=0.00, real=0.01 secs] 
2014-07-08T05:41:02.700+0000: 726.159: [GC [PSYoungGen: 157466K->1156K(155008K)] 297397K->141151K(841984K), 0.0069690 secs] [Times: user=0.04 sys=0.01, real=0.00 secs] 
2014-07-08T05:41:03.250+0000: 726.710: [GC [PSYoungGen: 154948K->730K(185344K)] 294943K->140773K(872320K), 0.0099560 secs] [Times: user=0.06 sys=0.01, real=0.01 secs] 
2014-07-08T05:41:03.957+0000: 727.416: [GC [PSYoungGen: 185306K->1166K(217088K)] 325349K->141265K(904064K), 0.0069970 secs] [Times: user=0.03 sys=0.00, real=0.00 secs] 
2014-07-08T05:41:04.614+0000: 728.073: [GC [PSYoungGen: 216782K->762K(223040K)] 356881K->140893K(910016K), 0.0101640 secs] [Times: user=0.06 sys=0.00, real=0.01 secs] 
2014-07-08T05:41:05.390+0000: 728.849: [GC [PSYoungGen: 222266K->814K(223040K)] 362397K->141017K(910016K), 0.0030010 secs] [Times: user=0.01 sys=0.00, real=0.00 secs] 
2014-07-08T05:41:06.163+0000: 729.623: [GC [PSYoungGen: 222318K->680K(267328K)] 362521K->140931K(954304K), 0.0081160 secs] [Times: user=0.05 sys=0.01, real=0.01 secs] 
2014-07-08T05:41:07.108+0000: 730.567: [GC [PSYoungGen: 266520K->712K(259904K)] 406771K->140987K(946880K), 0.0075290 secs] [Times: user=0.03 sys=0.00, real=0.00 secs] 
2014-07-08T05:41:08.055+0000: 731.514: [GC [PSYoungGen: 259844K->762K(253440K)] 400120K->141215K(940416K), 0.0053960 secs] [Times: user=0.02 sys=0.00, real=0.01 secs] 
2014-07-08T05:41:08.904+0000: 732.363: [GC [PSYoungGen: 253434K->1392K(247872K)] 393887K->142000K(934848K), 0.0118830 secs] [Times: user=0.07 sys=0.00, real=0.01 secs] 
2014-07-08T05:41:09.770+0000: 733.229: [GC [PSYoungGen: 247856K->694K(241152K)] 388464K->141505K(928128K), 0.0041220 secs] [Times: user=0.02 sys=0.00, real=0.00 secs] 
2014-07-08T05:41:10.608+0000: 734.067: [GC [PSYoungGen: 241142K->744K(235456K)] 381953K->141635K(922432K), 0.0065310 secs] [Times: user=0.03 sys=0.00, real=0.00 secs] 
2014-07-08T05:41:11.424+0000: 734.883: [GC [PSYoungGen: 235432K->733K(229888K)] 376323K->141688K(916864K), 0.0032020 secs] [Times: user=0.01 sys=0.00, real=0.00 secs] 
2014-07-08T05:41:12.239+0000: 735.698: [GC [PSYoungGen: 229853K->800K(224576K)] 370808K->141819K(911552K), 0.0108220 secs] [Times: user=0.05 sys=0.00, real=0.01 secs] 
2014-07-08T05:41:13.112+0000: 736.571: [GC [PSYoungGen: 224512K->1402K(219968K)] 365531K->142544K(906944K), 0.0044830 secs] [Times: user=0.03 sys=0.00, real=0.00 secs] 
2014-07-08T05:41:13.815+0000: 737.274: [GC [PSYoungGen: 219962K->868K(214464K)] 361104K->142089K(901440K), 0.0031810 secs] [Times: user=0.01 sys=0.00, real=0.00 secs] 
2014-07-08T05:41:14.518+0000: 737.977: [GC [PSYoungGen: 214418K->662K(209472K)] 355639K->141963K(896448K), 0.0056220 secs] [Times: user=0.03 sys=0.00, real=0.01 secs] 
2014-07-08T05:41:15.239+0000: 738.698: [GC [PSYoungGen: 209417K->776K(204992K)] 350719K->142157K(891968K), 0.0088150 secs] [Times: user=0.05 sys=0.00, real=0.01 secs] 
2014-07-08T05:41:16.062+0000: 739.521: [GC [PSYoungGen: 204936K->1426K(201152K)] 346317K->142880K(888128K), 0.0094150 secs] [Times: user=0.06 sys=0.00, real=0.01 secs] 
2014-07-08T05:41:16.672+0000: 740.131: [GC [PSYoungGen: 201106K->1352K(196736K)] 342560K->142861K(883712K), 0.0080650 secs] [Times: user=0.04 sys=0.00, real=0.01 secs] 
2014-07-08T05:41:17.346+0000: 740.805: [GC [PSYoungGen: 196680K->502K(234944K)] 338189K->142107K(921920K), 0.0140570 secs] [Times: user=0.09 sys=0.00, real=0.02 secs] 
2014-07-08T05:41:18.202+0000: 741.661: [GC [PSYoungGen: 234934K->986K(259008K)] 376539K->142655K(945984K), 0.0035500 secs] [Times: user=0.02 sys=0.00, real=0.00 secs] 
2014-07-08T05:41:19.053+0000: 742.513: [GC [PSYoungGen: 258266K->854K(251776K)] 399935K->142727K(938752K), 0.0036440 secs] [Times: user=0.02 sys=0.00, real=0.00 secs] 
2014-07-08T05:41:19.976+0000: 743.436: [GC [PSYoungGen: 251734K->1150K(245888K)] 393607K->143087K(932864K), 0.0041830 secs] [Times: user=0.02 sys=0.00, real=0.01 secs] 
2014-07-08T05:41:20.799+0000: 744.258: [GC [PSYoungGen: 245886K->986K(239808K)] 387823K->142987K(926784K), 0.0090300 secs] [Times: user=0.05 sys=0.00, real=0.01 secs] 
2014-07-08T05:41:21.685+0000: 745.144: [GC [PSYoungGen: 239760K->1242K(234368K)] 381761K->143284K(921344K), 0.0083640 secs] [Times: user=0.05 sys=0.00, real=0.01 secs] 
2014-07-08T05:41:22.434+0000: 745.894: [GC [PSYoungGen: 234274K->943K(228544K)] 376315K->143080K(915520K), 0.0054680 secs] [Times: user=0.03 sys=0.00, real=0.00 secs] 
2014-07-08T05:41:23.298+0000: 746.757: [GC [PSYoungGen: 228527K->972K(223296K)] 370664K->143205K(910272K), 0.0036850 secs] [Times: user=0.02 sys=0.00, real=0.01 secs] 
2014-07-08T05:41:24.061+0000: 747.521: [GC [PSYoungGen: 223244K->644K(217856K)] 365477K->142957K(904832K), 0.0048310 secs] [Times: user=0.03 sys=0.00, real=0.00 secs] 
2014-07-08T05:41:24.832+0000: 748.292: [GC [PSYoungGen: 217793K->1100K(213376K)] 360107K->143477K(900352K), 0.0067040 secs] [Times: user=0.03 sys=0.00, real=0.00 secs] 
2014-07-08T05:41:25.535+0000: 748.994: [GC [PSYoungGen: 213240K->943K(208448K)] 355617K->143400K(895424K), 0.0047510 secs] [Times: user=0.03 sys=0.00, real=0.00 secs] 
2014-07-08T05:41:26.259+0000: 749.718: [GC [PSYoungGen: 208382K->862K(203776K)] 350840K->143391K(890752K), 0.0035030 secs] [Times: user=0.02 sys=0.00, real=0.01 secs] 
2014-07-08T05:41:27.028+0000: 750.487: [GC [PSYoungGen: 203742K->754K(199232K)] 346271K->143355K(886208K), 0.0055730 secs] [Times: user=0.03 sys=0.00, real=0.01 secs] 
2014-07-08T05:41:27.666+0000: 751.125: [GC [PSYoungGen: 199218K->1110K(195328K)] 341819K->143775K(882304K), 0.0052940 secs] [Times: user=0.03 sys=0.00, real=0.01 secs] 
2014-07-08T05:41:28.337+0000: 751.796: [GC [PSYoungGen: 195286K->566K(190592K)] 337951K->143271K(877568K), 0.0040590 secs] [Times: user=0.01 sys=0.01, real=0.01 secs] 
2014-07-08T05:41:29.038+0000: 752.498: [GC [PSYoungGen: 190517K->908K(187008K)] 333223K->143685K(873984K), 0.0039440 secs] [Times: user=0.03 sys=0.00, real=0.01 secs] 
2014-07-08T05:41:29.651+0000: 753.110: [GC [PSYoungGen: 186956K->1060K(183296K)] 329733K->143894K(870272K), 0.0100320 secs] [Times: user=0.06 sys=0.00, real=0.01 secs] 
2014-07-08T05:41:30.293+0000: 753.753: [GC [PSYoungGen: 183268K->894K(179392K)] 326102K->143823K(866368K), 0.0092540 secs] [Times: user=0.06 sys=0.00, real=0.01 secs] 
2014-07-08T05:41:30.953+0000: 754.412: [GC [PSYoungGen: 179390K->722K(214976K)] 322319K->143715K(901952K), 0.0084470 secs] [Times: user=0.05 sys=0.00, real=0.01 secs] 
2014-07-08T05:41:31.687+0000: 755.146: [GC [PSYoungGen: 214930K->858K(210304K)] 357923K->143923K(897280K), 0.0039130 secs] [Times: user=0.02 sys=0.00, real=0.00 secs] 
2014-07-08T05:41:32.409+0000: 755.868: [GC [PSYoungGen: 210266K->744K(205504K)] 353331K->143873K(892480K), 0.0047630 secs] [Times: user=0.03 sys=0.01, real=0.01 secs] 
2014-07-08T05:41:33.188+0000: 756.647: [GC [PSYoungGen: 205480K->840K(201152K)] 348609K->144025K(888128K), 0.0083730 secs] [Times: user=0.05 sys=0.00, real=0.01 secs] 
2014-07-08T05:41:33.894+0000: 757.353: [GC [PSYoungGen: 201096K->1068K(196992K)] 344281K->144317K(883968K), 0.0040650 secs] [Times: user=0.02 sys=0.00, real=0.00 secs] 
2014-07-08T05:41:34.521+0000: 757.981: [GC [PSYoungGen: 196972K->686K(192384K)] 340221K->143976K(879360K), 0.0086140 secs] [Times: user=0.04 sys=0.00, real=0.00 secs] 
2014-07-08T05:41:35.182+0000: 758.642: [GC [PSYoungGen: 192366K->758K(188416K)] 335656K->144143K(875392K), 0.0042380 secs] [Times: user=0.03 sys=0.00, real=0.00 secs] 
2014-07-08T05:41:35.846+0000: 759.305: [GC [PSYoungGen: 188368K->758K(184512K)] 331753K->144199K(871488K), 0.0051970 secs] [Times: user=0.03 sys=0.00, real=0.00 secs] 
2014-07-08T05:41:36.467+0000: 759.927: [GC [PSYoungGen: 184502K->964K(180992K)] 327943K->144486K(867968K), 0.0054280 secs] [Times: user=0.03 sys=0.01, real=0.01 secs] 
2014-07-08T05:41:37.094+0000: 760.554: [GC [PSYoungGen: 180932K->826K(177152K)] 324454K->144411K(864128K), 0.0040840 secs] [Times: user=0.02 sys=0.00, real=0.00 secs] 
2014-07-08T05:41:37.747+0000: 761.207: [GC [PSYoungGen: 177146K->762K(173568K)] 320731K->144499K(860544K), 0.0055020 secs] [Times: user=0.04 sys=0.00, real=0.01 secs] 
2014-07-08T05:41:38.387+0000: 761.847: [GC [PSYoungGen: 173560K->1238K(170624K)] 317298K->145047K(857600K), 0.0057010 secs] [Times: user=0.03 sys=0.00, real=0.01 secs] 
2014-07-08T05:41:39.023+0000: 762.482: [GC [PSYoungGen: 170582K->566K(166592K)] 314391K->145021K(853568K), 0.0049850 secs] [Times: user=0.03 sys=0.00, real=0.00 secs] 
2014-07-08T05:41:39.498+0000: 762.957: [GC [PSYoungGen: 166512K->1362K(164224K)] 310967K->145874K(851200K), 0.0070140 secs] [Times: user=0.04 sys=0.00, real=0.01 secs] 
2014-07-08T05:41:40.076+0000: 763.535: [GC [PSYoungGen: 164178K->872K(160576K)] 308690K->146004K(847552K), 0.0056780 secs] [Times: user=0.04 sys=0.00, real=0.00 secs] 
2014-07-08T05:41:40.622+0000: 764.082: [GC [PSYoungGen: 160552K->1017K(192640K)] 305684K->146237K(879616K), 0.0068100 secs] [Times: user=0.04 sys=0.00, real=0.00 secs] 
2014-07-08T05:41:41.304+0000: 764.763: [GC [PSYoungGen: 192627K->829K(188416K)] 337847K->146137K(875392K), 0.0056980 secs] [Times: user=0.04 sys=0.00, real=0.00 secs] 
2014-07-08T05:41:42.008+0000: 765.467: [GC [PSYoungGen: 188413K->1018K(184704K)] 333721K->146358K(871680K), 0.0049970 secs] [Times: user=0.02 sys=0.00, real=0.01 secs] 
2014-07-08T05:41:42.594+0000: 766.054: [GC [PSYoungGen: 184698K->694K(180608K)] 330038K->146106K(867584K), 0.0049300 secs] [Times: user=0.03 sys=0.00, real=0.00 secs] 
2014-07-08T05:41:43.231+0000: 766.690: [GC [PSYoungGen: 180598K->726K(177024K)] 326010K->146218K(864000K), 0.0045470 secs] [Times: user=0.02 sys=0.00, real=0.01 secs] 
2014-07-08T05:41:43.857+0000: 767.316: [GC [PSYoungGen: 176982K->978K(173760K)] 322474K->146558K(860736K), 0.0035620 secs] [Times: user=0.01 sys=0.00, real=0.00 secs] 
2014-07-08T05:41:44.455+0000: 767.914: [GC [PSYoungGen: 173695K->762K(170048K)] 319275K->146422K(857024K), 0.0058110 secs] [Times: user=0.04 sys=0.00, real=0.00 secs] 
2014-07-08T05:41:45.080+0000: 768.540: [GC [PSYoungGen: 170042K->1086K(167040K)] 315702K->146834K(854016K), 0.0040840 secs] [Times: user=0.02 sys=0.00, real=0.01 secs] 
2014-07-08T05:41:45.622+0000: 769.081: [GC [PSYoungGen: 167038K->694K(163456K)] 312786K->146514K(850432K), 0.0049440 secs] [Times: user=0.03 sys=0.00, real=0.01 secs] 
2014-07-08T05:41:46.179+0000: 769.638: [GC [PSYoungGen: 163446K->908K(160576K)] 309266K->146808K(847552K), 0.0037860 secs] [Times: user=0.02 sys=0.00, real=0.00 secs] 
2014-07-08T05:41:46.740+0000: 770.200: [GC [PSYoungGen: 160524K->864K(157504K)] 306424K->146828K(844480K), 0.0053640 secs] [Times: user=0.03 sys=0.00, real=0.01 secs] 
2014-07-08T05:41:47.277+0000: 770.736: [GC [PSYoungGen: 157472K->718K(154432K)] 303436K->146746K(841408K), 0.0072360 secs] [Times: user=0.05 sys=0.00, real=0.01 secs] 
2014-07-08T05:41:47.825+0000: 771.284: [GC [PSYoungGen: 154382K->1224K(152128K)] 300410K->147340K(839104K), 0.0052200 secs] [Times: user=0.03 sys=0.00, real=0.00 secs] 
2014-07-08T05:41:48.322+0000: 771.781: [GC [PSYoungGen: 152072K->572K(148672K)] 298188K->146962K(835648K), 0.0034050 secs] [Times: user=0.02 sys=0.00, real=0.01 secs] 
2014-07-08T05:41:48.874+0000: 772.333: [GC [PSYoungGen: 148668K->1268K(146688K)] 295058K->147714K(833664K), 0.0056510 secs] [Times: user=0.04 sys=0.00, real=0.00 secs] 
2014-07-08T05:41:49.339+0000: 772.798: [GC [PSYoungGen: 146674K->612K(143488K)] 293120K->147304K(830464K), 0.0056910 secs] [Times: user=0.03 sys=0.00, real=0.01 secs] 
2014-07-08T05:41:49.861+0000: 773.320: [GC [PSYoungGen: 143460K->1178K(141568K)] 290152K->147950K(828544K), 0.0053180 secs] [Times: user=0.04 sys=0.00, real=0.01 secs] 
2014-07-08T05:41:50.321+0000: 773.780: [GC [PSYoungGen: 141530K->662K(138624K)] 288302K->147514K(825600K), 0.0037500 secs] [Times: user=0.02 sys=0.00, real=0.01 secs] 
2014-07-08T05:41:50.909+0000: 774.368: [GC [PSYoungGen: 138562K->1252K(166784K)] 285414K->148176K(853760K), 0.0078170 secs] [Times: user=0.05 sys=0.00, real=0.01 secs] 
2014-07-08T05:41:51.396+0000: 774.855: [GC [PSYoungGen: 166755K->864K(163200K)] 313680K->147892K(850176K), 0.0029670 secs] [Times: user=0.01 sys=0.00, real=0.00 secs] 
2014-07-08T05:41:51.986+0000: 775.445: [GC [PSYoungGen: 163168K->1174K(160448K)] 310196K->148274K(847424K), 0.0043730 secs] [Times: user=0.01 sys=0.00, real=0.00 secs] 
2014-07-08T05:41:52.518+0000: 775.977: [GC [PSYoungGen: 160406K->498K(191616K)] 307506K->147654K(878592K), 0.0091280 secs] [Times: user=0.05 sys=0.00, real=0.01 secs] 
2014-07-08T05:41:53.191+0000: 776.650: [GC [PSYoungGen: 191602K->858K(187968K)] 338758K->148078K(874944K), 0.0060680 secs] [Times: user=0.03 sys=0.00, real=0.01 secs] 
2014-07-08T05:41:53.949+0000: 777.409: [GC [PSYoungGen: 187930K->1494K(184704K)] 335150K->148762K(871680K), 0.0048110 secs] [Times: user=0.03 sys=0.00, real=0.01 secs] 
2014-07-08T05:41:54.497+0000: 777.957: [GC [PSYoungGen: 184609K->890K(180288K)] 331877K->148238K(867264K), 0.0041020 secs] [Times: user=0.02 sys=0.00, real=0.00 secs] 
2014-07-08T05:41:55.127+0000: 778.587: [GC [PSYoungGen: 180282K->790K(176576K)] 327630K->148210K(863552K), 0.0054690 secs] [Times: user=0.03 sys=0.00, real=0.00 secs] 
2014-07-08T05:41:55.758+0000: 779.218: [GC [PSYoungGen: 176534K->1404K(173632K)] 323954K->148904K(860608K), 0.0062320 secs] [Times: user=0.04 sys=0.00, real=0.00 secs] 
2014-07-08T05:41:56.308+0000: 779.767: [GC [PSYoungGen: 173628K->701K(169536K)] 321128K->148249K(856512K), 0.0063140 secs] [Times: user=0.04 sys=0.00, real=0.00 secs] 
2014-07-08T05:41:57.014+0000: 780.474: [GC [PSYoungGen: 169533K->1068K(203712K)] 317081K->148688K(890688K), 0.0091750 secs] [Times: user=0.05 sys=0.00, real=0.01 secs] 
2014-07-08T05:41:57.612+0000: 781.072: [GC [PSYoungGen: 203692K->1295K(244544K)] 351312K->149035K(931520K), 0.0070280 secs] [Times: user=0.04 sys=0.01, real=0.01 secs] 
2014-07-08T05:41:58.462+0000: 781.921: [GC [PSYoungGen: 244495K->960K(238336K)] 392235K->148788K(925312K), 0.0036990 secs] [Times: user=0.02 sys=0.00, real=0.01 secs] 
2014-07-08T05:41:59.288+0000: 782.747: [GC [PSYoungGen: 238272K->754K(232448K)] 386100K->148630K(919424K), 0.0098190 secs] [Times: user=0.06 sys=0.00, real=0.01 secs] 
2014-07-08T05:42:00.117+0000: 783.576: [GC [PSYoungGen: 232434K->726K(250624K)] 380310K->148650K(937600K), 0.0105250 secs] [Times: user=0.06 sys=0.00, real=0.01 secs] 
2014-07-08T05:42:00.979+0000: 784.439: [GC [PSYoungGen: 249702K->608K(243584K)] 397626K->148596K(930560K), 0.0070960 secs] [Times: user=0.04 sys=0.00, real=0.01 secs] 
2014-07-08T05:42:01.860+0000: 785.319: [GC [PSYoungGen: 243551K->1443K(238528K)] 391539K->149495K(925504K), 0.0063570 secs] [Times: user=0.04 sys=0.00, real=0.01 secs] 
2014-07-08T05:42:02.672+0000: 786.131: [GC [PSYoungGen: 238496K->1000K(232448K)] 386548K->149108K(919424K), 0.0097630 secs] [Times: user=0.05 sys=0.00, real=0.01 secs] 
2014-07-08T05:42:03.489+0000: 786.948: [GC [PSYoungGen: 232389K->676K(226688K)] 380497K->148832K(913664K), 0.0047380 secs] [Times: user=0.01 sys=0.00, real=0.00 secs] 
2014-07-08T05:42:04.308+0000: 787.768: [GC [PSYoungGen: 226636K->783K(221568K)] 374792K->148995K(908544K), 0.0054340 secs] [Times: user=0.03 sys=0.01, real=0.00 secs] 
2014-07-08T05:42:05.039+0000: 788.499: [GC [PSYoungGen: 221470K->698K(216384K)] 369682K->148958K(903360K), 0.0037280 secs] [Times: user=0.02 sys=0.00, real=0.00 secs] 
2014-07-08T05:42:05.832+0000: 789.292: [GC [PSYoungGen: 216339K->1281K(212160K)] 364599K->149605K(899136K), 0.0062520 secs] [Times: user=0.04 sys=0.00, real=0.01 secs] 
2014-07-08T05:42:06.532+0000: 789.991: [GC [PSYoungGen: 212064K->858K(206976K)] 360388K->149286K(893952K), 0.0053960 secs] [Times: user=0.03 sys=0.01, real=0.01 secs] 
2014-07-08T05:42:07.254+0000: 790.713: [GC [PSYoungGen: 206938K->676K(202240K)] 355366K->149192K(889216K), 0.0052630 secs] [Times: user=0.03 sys=0.00, real=0.01 secs] 
2014-07-08T05:42:08.018+0000: 791.477: [GC [PSYoungGen: 202209K->1216K(198400K)] 350725K->149812K(885376K), 0.0038480 secs] [Times: user=0.02 sys=0.01, real=0.00 secs] 
2014-07-08T05:42:08.627+0000: 792.087: [GC [PSYoungGen: 198336K->864K(193792K)] 346932K->149564K(880768K), 0.0042660 secs] [Times: user=0.02 sys=0.00, real=0.00 secs] 
2014-07-08T05:42:09.368+0000: 792.827: [GC [PSYoungGen: 193760K->744K(189568K)] 342460K->149492K(876544K), 0.0046560 secs] [Times: user=0.02 sys=0.00, real=0.00 secs] 
2014-07-08T05:42:10.015+0000: 793.475: [GC [PSYoungGen: 189544K->1014K(185856K)] 338292K->149818K(872832K), 0.0102760 secs] [Times: user=0.06 sys=0.00, real=0.01 secs] 
2014-07-08T05:42:10.599+0000: 794.059: [GC [PSYoungGen: 185846K->648K(181696K)] 334650K->149516K(868672K), 0.0069730 secs] [Times: user=0.04 sys=0.01, real=0.00 secs] 
2014-07-08T05:42:11.242+0000: 794.701: [GC [PSYoungGen: 181620K->844K(178176K)] 330488K->149784K(865152K), 0.0035540 secs] [Times: user=0.02 sys=0.00, real=0.00 secs] 
2014-07-08T05:42:11.908+0000: 795.367: [GC [PSYoungGen: 178124K->1068K(213824K)] 327064K->150040K(900800K), 0.0114240 secs] [Times: user=0.06 sys=0.01, real=0.01 secs] 
2014-07-08T05:42:12.594+0000: 796.054: [GC [PSYoungGen: 213804K->940K(208896K)] 362776K->149984K(895872K), 0.0036400 secs] [Times: user=0.02 sys=0.00, real=0.01 secs] 
2014-07-08T05:42:13.331+0000: 796.791: [GC [PSYoungGen: 208876K->726K(204096K)] 357920K->149858K(891072K), 0.0054640 secs] [Times: user=0.03 sys=0.00, real=0.00 secs] 
2014-07-08T05:42:14.233+0000: 797.693: [GC [PSYoungGen: 204012K->1142K(200000K)] 353144K->150346K(886976K), 0.0083210 secs] [Times: user=0.05 sys=0.00, real=0.01 secs] 
2014-07-08T05:42:14.769+0000: 798.228: [GC [PSYoungGen: 199990K->872K(195456K)] 349194K->150132K(882432K), 0.0066510 secs] [Times: user=0.04 sys=0.00, real=0.00 secs] 
2014-07-08T05:42:15.392+0000: 798.851: [GC [PSYoungGen: 195432K->950K(191360K)] 344692K->150401K(878336K), 0.0044730 secs] [Times: user=0.03 sys=0.00, real=0.00 secs] 
2014-07-08T05:42:16.104+0000: 799.564: [GC [PSYoungGen: 191344K->744K(187136K)] 340795K->150267K(874112K), 0.0028340 secs] [Times: user=0.02 sys=0.00, real=0.00 secs] 
2014-07-08T05:42:16.711+0000: 800.170: [GC [PSYoungGen: 187111K->772K(183296K)] 336634K->150351K(870272K), 0.0034160 secs] [Times: user=0.02 sys=0.00, real=0.00 secs] 
2014-07-08T05:42:17.343+0000: 800.803: [GC [PSYoungGen: 183236K->480K(179200K)] 332815K->150147K(866176K), 0.0060320 secs] [Times: user=0.03 sys=0.00, real=0.01 secs] 
2014-07-08T05:42:18.061+0000: 801.521: [GC [PSYoungGen: 179168K->1164K(176256K)] 328835K->150911K(863232K), 0.0030840 secs] [Times: user=0.02 sys=0.00, real=0.00 secs] 
2014-07-08T05:42:18.587+0000: 802.046: [GC [PSYoungGen: 176204K->744K(172288K)] 325951K->150555K(859264K), 0.0032520 secs] [Times: user=0.02 sys=0.00, real=0.01 secs] 
2014-07-08T05:42:19.249+0000: 802.708: [GC [PSYoungGen: 172264K->854K(169024K)] 322075K->150761K(856000K), 0.0038840 secs] [Times: user=0.02 sys=0.00, real=0.00 secs] 
2014-07-08T05:42:19.833+0000: 803.292: [GC [PSYoungGen: 168956K->1238K(166144K)] 318863K->151233K(853120K), 0.0030140 secs] [Times: user=0.02 sys=0.01, real=0.00 secs] 
2014-07-08T05:42:20.369+0000: 803.828: [GC [PSYoungGen: 166075K->694K(162368K)] 316070K->150793K(849344K), 0.0038780 secs] [Times: user=0.02 sys=0.00, real=0.00 secs] 
2014-07-08T05:42:20.976+0000: 804.435: [GC [PSYoungGen: 162358K->1164K(159808K)] 312457K->151311K(846784K), 0.0082620 secs] [Times: user=0.04 sys=0.00, real=0.01 secs] 
2014-07-08T05:42:21.474+0000: 804.933: [GC [PSYoungGen: 159738K->786K(156416K)] 309885K->151013K(843392K), 0.0048050 secs] [Times: user=0.02 sys=0.00, real=0.00 secs] 
2014-07-08T05:42:22.079+0000: 805.538: [GC [PSYoungGen: 156370K->1140K(153856K)] 306597K->151463K(840832K), 0.0044820 secs] [Times: user=0.02 sys=0.00, real=0.01 secs] 
2014-07-08T05:42:22.551+0000: 806.011: [GC [PSYoungGen: 153836K->1007K(150912K)] 304159K->151402K(837888K), 0.0068490 secs] [Times: user=0.04 sys=0.00, real=0.00 secs] 
2014-07-08T05:42:23.083+0000: 806.543: [GC [PSYoungGen: 150895K->562K(180480K)] 301290K->151029K(867456K), 0.0066860 secs] [Times: user=0.03 sys=0.00, real=0.01 secs] 
2014-07-08T05:42:23.703+0000: 807.162: [GC [PSYoungGen: 180466K->772K(216768K)] 330933K->151287K(903744K), 0.0087670 secs] [Times: user=0.06 sys=0.00, real=0.01 secs] 
2014-07-08T05:42:24.454+0000: 807.913: [GC [PSYoungGen: 216708K->644K(211776K)] 367223K->151239K(898752K), 0.0042200 secs] [Times: user=0.02 sys=0.00, real=0.00 secs] 
2014-07-08T05:42:25.186+0000: 808.645: [GC [PSYoungGen: 211693K->882K(207232K)] 362288K->151557K(894208K), 0.0032670 secs] [Times: user=0.02 sys=0.00, real=0.01 secs] 
2014-07-08T05:42:26.041+0000: 809.500: [GC [PSYoungGen: 207218K->1398K(203200K)] 357893K->152145K(890176K), 0.0039410 secs] [Times: user=0.02 sys=0.01, real=0.00 secs] 
2014-07-08T05:42:26.610+0000: 810.069: [GC [PSYoungGen: 203190K->562K(197952K)] 353937K->151453K(884928K), 0.0046190 secs] [Times: user=0.02 sys=0.00, real=0.00 secs] 
2014-07-08T05:42:27.306+0000: 810.765: [GC [PSYoungGen: 197938K->878K(194048K)] 348829K->151865K(881024K), 0.0054080 secs] [Times: user=0.04 sys=0.00, real=0.01 secs] 
2014-07-08T05:42:28.032+0000: 811.491: [GC [PSYoungGen: 194030K->918K(190016K)] 345017K->151985K(876992K), 0.0068710 secs] [Times: user=0.05 sys=0.00, real=0.00 secs] 
2014-07-08T05:42:28.637+0000: 812.096: [GC [PSYoungGen: 189974K->772K(185920K)] 341041K->151903K(872896K), 0.0032340 secs] [Times: user=0.01 sys=0.00, real=0.01 secs] 
2014-07-08T05:42:29.277+0000: 812.736: [GC [PSYoungGen: 185860K->730K(182016K)] 336991K->151957K(868992K), 0.0048550 secs] [Times: user=0.03 sys=0.00, real=0.01 secs] 
2014-07-08T05:42:29.969+0000: 813.429: [GC [PSYoungGen: 181978K->1142K(178688K)] 333205K->152457K(865664K), 0.0038770 secs] [Times: user=0.02 sys=0.00, real=0.01 secs] 
2014-07-08T05:42:30.544+0000: 814.004: [GC [PSYoungGen: 178678K->626K(174592K)] 329993K->152013K(861568K), 0.0099060 secs] [Times: user=0.06 sys=0.00, real=0.01 secs] 
2014-07-08T05:42:31.239+0000: 814.699: [GC [PSYoungGen: 174561K->1428K(171968K)] 325948K->152887K(858944K), 0.0074780 secs] [Times: user=0.04 sys=0.01, real=0.01 secs] 
2014-07-08T05:42:31.815+0000: 815.274: [GC [PSYoungGen: 171911K->864K(168000K)] 323370K->152547K(854976K), 0.0052620 secs] [Times: user=0.03 sys=0.01, real=0.01 secs] 
2014-07-08T05:42:32.354+0000: 815.813: [GC [PSYoungGen: 167968K->1382K(165248K)] 319651K->153195K(852224K), 0.0044090 secs] [Times: user=0.03 sys=0.00, real=0.00 secs] 
2014-07-08T05:42:32.951+0000: 816.411: [GC [PSYoungGen: 165208K->954K(161664K)] 317021K->153243K(848640K), 0.0058470 secs] [Times: user=0.04 sys=0.00, real=0.00 secs] 
2014-07-08T05:42:33.462+0000: 816.922: [GC [PSYoungGen: 161658K->816K(193728K)] 313947K->153161K(880704K), 0.0109910 secs] [Times: user=0.07 sys=0.01, real=0.01 secs] 
2014-07-08T05:42:34.188+0000: 817.647: [GC [PSYoungGen: 193694K->1448K(232960K)] 346039K->153973K(919936K), 0.0054340 secs] [Times: user=0.03 sys=0.00, real=0.01 secs] 
2014-07-08T05:42:34.969+0000: 818.428: [GC [PSYoungGen: 232901K->954K(250304K)] 385426K->153543K(937280K), 0.0076070 secs] [Times: user=0.04 sys=0.00, real=0.01 secs] 
2014-07-08T05:42:35.821+0000: 819.280: [GC [PSYoungGen: 249402K->1082K(243456K)] 401991K->153775K(930432K), 0.0061530 secs] [Times: user=0.04 sys=0.00, real=0.01 secs] 
2014-07-08T05:42:36.662+0000: 820.122: [GC [PSYoungGen: 243450K->722K(237312K)] 396143K->153495K(924288K), 0.0031790 secs] [Times: user=0.02 sys=0.00, real=0.00 secs] 
2014-07-08T05:42:37.510+0000: 820.970: [GC [PSYoungGen: 237230K->850K(231808K)] 390003K->153703K(918784K), 0.0043750 secs] [Times: user=0.02 sys=0.00, real=0.01 secs] 
2014-07-08T05:42:38.301+0000: 821.761: [GC [PSYoungGen: 231762K->726K(226240K)] 384615K->153651K(913216K), 0.0105620 secs] [Times: user=0.07 sys=0.01, real=0.01 secs] 
2014-07-08T05:42:39.093+0000: 822.552: [GC [PSYoungGen: 226177K->1120K(221376K)] 379102K->154134K(908352K), 0.0047060 secs] [Times: user=0.02 sys=0.00, real=0.00 secs] 
2014-07-08T05:42:39.894+0000: 823.354: [GC [PSYoungGen: 221334K->986K(216192K)] 374347K->154071K(903168K), 0.0041860 secs] [Times: user=0.02 sys=0.00, real=0.00 secs] 
2014-07-08T05:42:40.617+0000: 824.076: [GC [PSYoungGen: 216154K->822K(211136K)] 369239K->153979K(898112K), 0.0051070 secs] [Times: user=0.03 sys=0.00, real=0.01 secs] 
2014-07-08T05:42:41.351+0000: 824.810: [GC [PSYoungGen: 211107K->868K(206528K)] 364264K->154097K(893504K), 0.0062570 secs] [Times: user=0.03 sys=0.00, real=0.01 secs] 
2014-07-08T05:42:42.090+0000: 825.550: [GC [PSYoungGen: 206500K->754K(201856K)] 359729K->154055K(888832K), 0.0034560 secs] [Times: user=0.02 sys=0.00, real=0.01 secs] 
2014-07-08T05:42:42.784+0000: 826.243: [GC [PSYoungGen: 201842K->854K(197632K)] 355143K->154235K(884608K), 0.0066260 secs] [Times: user=0.04 sys=0.00, real=0.00 secs] 
2014-07-08T05:42:43.459+0000: 826.919: [GC [PSYoungGen: 197590K->694K(193216K)] 350971K->154163K(880192K), 0.0048740 secs] [Times: user=0.03 sys=0.00, real=0.01 secs] 
2014-07-08T05:42:44.141+0000: 827.601: [GC [PSYoungGen: 193206K->712K(189184K)] 346675K->154245K(876160K), 0.0054100 secs] [Times: user=0.04 sys=0.00, real=0.01 secs] 
2014-07-08T05:42:44.815+0000: 828.275: [GC [PSYoungGen: 189110K->1082K(185536K)] 342644K->154671K(872512K), 0.0072640 secs] [Times: user=0.04 sys=0.01, real=0.01 secs] 
2014-07-08T05:42:45.444+0000: 828.903: [GC [PSYoungGen: 185530K->876K(181504K)] 339119K->154537K(868480K), 0.0041380 secs] [Times: user=0.02 sys=0.00, real=0.00 secs] 
2014-07-08T05:42:46.080+0000: 829.540: [GC [PSYoungGen: 181484K->790K(177728K)] 335145K->154539K(864704K), 0.0064450 secs] [Times: user=0.04 sys=0.00, real=0.01 secs] 
2014-07-08T05:42:46.726+0000: 830.185: [GC [PSYoungGen: 177686K->850K(174208K)] 331435K->154663K(861184K), 0.0101390 secs] [Times: user=0.06 sys=0.00, real=0.01 secs] 
2014-07-08T05:42:47.323+0000: 830.782: [GC [PSYoungGen: 174162K->740K(208768K)] 327975K->154657K(895744K), 0.0070080 secs] [Times: user=0.04 sys=0.00, real=0.01 secs] 
2014-07-08T05:42:48.074+0000: 831.534: [GC [PSYoungGen: 208704K->812K(204224K)] 362621K->154793K(891200K), 0.0051330 secs] [Times: user=0.03 sys=0.00, real=0.00 secs] 
2014-07-08T05:42:48.798+0000: 832.258: [GC [PSYoungGen: 204203K->1142K(200064K)] 358184K->155251K(887040K), 0.0045700 secs] [Times: user=0.03 sys=0.00, real=0.00 secs] 
2014-07-08T05:42:49.513+0000: 832.973: [GC [PSYoungGen: 200054K->726K(195392K)] 354163K->154923K(882368K), 0.0049930 secs] [Times: user=0.03 sys=0.01, real=0.00 secs] 
2014-07-08T05:42:50.136+0000: 833.595: [GC [PSYoungGen: 195350K->594K(191104K)] 349547K->154863K(878080K), 0.0088630 secs] [Times: user=0.05 sys=0.00, real=0.01 secs] 
2014-07-08T05:42:50.812+0000: 834.271: [GC [PSYoungGen: 191041K->1146K(187584K)] 345310K->155503K(874560K), 0.0032990 secs] [Times: user=0.01 sys=0.00, real=0.01 secs] 
2014-07-08T05:42:51.441+0000: 834.900: [GC [PSYoungGen: 187578K->594K(183168K)] 341935K->155039K(870144K), 0.0036160 secs] [Times: user=0.02 sys=0.00, real=0.01 secs] 
2014-07-08T05:42:52.084+0000: 835.544: [GC [PSYoungGen: 183122K->644K(179456K)] 337567K->155177K(866432K), 0.0040130 secs] [Times: user=0.03 sys=0.00, real=0.00 secs] 
2014-07-08T05:42:52.710+0000: 836.170: [GC [PSYoungGen: 179396K->864K(176000K)] 333929K->155445K(862976K), 0.0032640 secs] [Times: user=0.01 sys=0.00, real=0.01 secs] 
2014-07-08T05:42:53.310+0000: 836.770: [GC [PSYoungGen: 175968K->786K(172416K)] 330549K->155439K(859392K), 0.0052510 secs] [Times: user=0.03 sys=0.00, real=0.01 secs] 
2014-07-08T05:42:53.951+0000: 837.410: [GC [PSYoungGen: 172370K->1134K(169344K)] 327023K->155867K(856320K), 0.0035830 secs] [Times: user=0.02 sys=0.00, real=0.01 secs] 
2014-07-08T05:42:54.558+0000: 838.017: [GC [PSYoungGen: 169317K->1111K(166080K)] 324051K->155924K(853056K), 0.0065450 secs] [Times: user=0.05 sys=0.00, real=0.01 secs] 
2014-07-08T05:42:55.083+0000: 838.542: [GC [PSYoungGen: 166039K->548K(162304K)] 320852K->155401K(849280K), 0.0052800 secs] [Times: user=0.02 sys=0.00, real=0.01 secs] 
2014-07-08T05:42:55.632+0000: 839.092: [GC [PSYoungGen: 162276K->1060K(159744K)] 317129K->155969K(846720K), 0.0050830 secs] [Times: user=0.02 sys=0.01, real=0.01 secs] 
2014-07-08T05:42:56.182+0000: 839.641: [GC [PSYoungGen: 159716K->758K(156416K)] 314625K->155763K(843392K), 0.0047280 secs] [Times: user=0.03 sys=0.00, real=0.01 secs] 
2014-07-08T05:42:56.727+0000: 840.186: [GC [PSYoungGen: 156405K->804K(153600K)] 311410K->155857K(840576K), 0.0063940 secs] [Times: user=0.04 sys=0.00, real=0.00 secs] 
2014-07-08T05:42:57.247+0000: 840.706: [GC [PSYoungGen: 153572K->680K(150656K)] 308625K->155797K(837632K), 0.0069780 secs] [Times: user=0.03 sys=0.01, real=0.00 secs] 
2014-07-08T05:42:57.788+0000: 841.247: [GC [PSYoungGen: 150632K->886K(148096K)] 305749K->156075K(835072K), 0.0050220 secs] [Times: user=0.02 sys=0.01, real=0.00 secs] 
2014-07-08T05:42:58.292+0000: 841.752: [GC [PSYoungGen: 148072K->798K(145408K)] 303262K->156067K(832384K), 0.0030750 secs] [Times: user=0.02 sys=0.01, real=0.01 secs] 
2014-07-08T05:42:58.813+0000: 842.272: [GC [PSYoungGen: 145374K->850K(142912K)] 300643K->156191K(829888K), 0.0049650 secs] [Times: user=0.03 sys=0.00, real=0.01 secs] 
2014-07-08T05:42:59.307+0000: 842.766: [GC [PSYoungGen: 142866K->662K(140224K)] 298207K->156067K(827200K), 0.0065300 secs] [Times: user=0.03 sys=0.00, real=0.00 secs] 
2014-07-08T05:42:59.828+0000: 843.288: [GC [PSYoungGen: 140124K->1257K(168704K)] 295529K->156824K(855680K), 0.0063010 secs] [Times: user=0.04 sys=0.00, real=0.01 secs] 
2014-07-08T05:43:00.443+0000: 843.903: [GC [PSYoungGen: 168681K->548K(164736K)] 324248K->156179K(851712K), 0.0054960 secs] [Times: user=0.04 sys=0.01, real=0.01 secs] 
2014-07-08T05:43:00.985+0000: 844.444: [GC [PSYoungGen: 164708K->796K(197824K)] 320339K->156507K(884800K), 0.0074410 secs] [Times: user=0.04 sys=0.00, real=0.01 secs] 
2014-07-08T05:43:01.641+0000: 845.100: [GC [PSYoungGen: 197761K->772K(237248K)] 353472K->156555K(924224K), 0.0057580 secs] [Times: user=0.03 sys=0.00, real=0.01 secs] 
2014-07-08T05:43:02.461+0000: 845.921: [GC [PSYoungGen: 237166K->964K(231808K)] 392949K->156811K(918784K), 0.0059850 secs] [Times: user=0.04 sys=0.00, real=0.01 secs] 
2014-07-08T05:43:03.272+0000: 846.731: [GC [PSYoungGen: 231700K->762K(226112K)] 387547K->156673K(913088K), 0.0031850 secs] [Times: user=0.02 sys=0.01, real=0.01 secs] 
2014-07-08T05:43:04.068+0000: 847.527: [GC [PSYoungGen: 226106K->872K(220992K)] 382017K->156871K(907968K), 0.0044910 secs] [Times: user=0.02 sys=0.00, real=0.00 secs] 
2014-07-08T05:43:04.881+0000: 848.341: [GC [PSYoungGen: 220921K->946K(254912K)] 376921K->157137K(941888K), 0.0200420 secs] [Times: user=0.12 sys=0.00, real=0.02 secs] 
2014-07-08T05:43:05.747+0000: 849.206: [GC [PSYoungGen: 254898K->1142K(255296K)] 411089K->157413K(942272K), 0.0051360 secs] [Times: user=0.03 sys=0.00, real=0.00 secs] 
2014-07-08T05:43:06.678+0000: 850.137: [GC [PSYoungGen: 255094K->1280K(249024K)] 411365K->157748K(936000K), 0.0057850 secs] [Times: user=0.03 sys=0.01, real=0.00 secs] 
2014-07-08T05:43:07.495+0000: 850.954: [GC [PSYoungGen: 248926K->1014K(242688K)] 405393K->157545K(929664K), 0.0082560 secs] [Times: user=0.05 sys=0.00, real=0.01 secs] 
2014-07-08T05:43:08.347+0000: 851.806: [GC [PSYoungGen: 242678K->630K(236480K)] 399209K->157421K(923456K), 0.0055230 secs] [Times: user=0.03 sys=0.00, real=0.00 secs] 
2014-07-08T05:43:09.171+0000: 852.630: [GC [PSYoungGen: 236470K->1011K(231232K)] 393261K->157866K(918208K), 0.0047320 secs] [Times: user=0.02 sys=0.00, real=0.00 secs] 
2014-07-08T05:43:10.085+0000: 853.545: [GC [PSYoungGen: 231219K->922K(225792K)] 388074K->157923K(912768K), 0.0065620 secs] [Times: user=0.04 sys=0.00, real=0.01 secs] 
2014-07-08T05:43:10.776+0000: 854.235: [GC [PSYoungGen: 225725K->957K(220608K)] 382727K->158030K(907584K), 0.0057190 secs] [Times: user=0.04 sys=0.00, real=0.00 secs] 
2014-07-08T05:43:11.535+0000: 854.994: [GC [PSYoungGen: 220605K->598K(215296K)] 377678K->157727K(902272K), 0.0030510 secs] [Times: user=0.01 sys=0.00, real=0.01 secs] 
2014-07-08T05:43:12.375+0000: 855.835: [GC [PSYoungGen: 215254K->548K(210368K)] 372383K->157733K(897344K), 0.0042940 secs] [Times: user=0.02 sys=0.00, real=0.01 secs] 
2014-07-08T05:43:13.036+0000: 856.496: [GC [PSYoungGen: 210340K->772K(205952K)] 367525K->158045K(892928K), 0.0036970 secs] [Times: user=0.02 sys=0.00, real=0.00 secs] 
2014-07-08T05:43:13.781+0000: 857.240: [GC [PSYoungGen: 205892K->1312K(201920K)] 363165K->158732K(888896K), 0.0048380 secs] [Times: user=0.03 sys=0.00, real=0.00 secs] 
2014-07-08T05:43:14.469+0000: 857.929: [GC [PSYoungGen: 201888K->555K(196800K)] 359308K->158343K(883776K), 0.0057280 secs] [Times: user=0.03 sys=0.00, real=0.00 secs] 
2014-07-08T05:43:15.171+0000: 858.630: [GC [PSYoungGen: 196779K->844K(192896K)] 354567K->158728K(879872K), 0.0052450 secs] [Times: user=0.03 sys=0.00, real=0.00 secs] 
2014-07-08T05:43:15.882+0000: 859.342: [GC [PSYoungGen: 192843K->1328K(189248K)] 350728K->159358K(876224K), 0.0081470 secs] [Times: user=0.04 sys=0.00, real=0.01 secs] 
2014-07-08T05:43:16.491+0000: 859.951: [GC [PSYoungGen: 189232K->740K(184768K)] 347262K->158858K(871744K), 0.0052190 secs] [Times: user=0.02 sys=0.00, real=0.00 secs] 
2014-07-08T05:43:17.126+0000: 860.585: [GC [PSYoungGen: 184740K->644K(180928K)] 342858K->158866K(867904K), 0.0041920 secs] [Times: user=0.02 sys=0.00, real=0.01 secs] 
2014-07-08T05:43:17.765+0000: 861.225: [GC [PSYoungGen: 180855K->818K(177408K)] 339078K->159112K(864384K), 0.0068370 secs] [Times: user=0.05 sys=0.00, real=0.01 secs] 
2014-07-08T05:43:18.417+0000: 861.877: [GC [PSYoungGen: 177394K->708K(173760K)] 335688K->159074K(860736K), 0.0054950 secs] [Times: user=0.03 sys=0.00, real=0.00 secs] 
2014-07-08T05:43:18.991+0000: 862.451: [GC [PSYoungGen: 173700K->928K(170496K)] 332066K->159391K(857472K), 0.0050250 secs] [Times: user=0.03 sys=0.00, real=0.00 secs] 
2014-07-08T05:43:19.559+0000: 863.018: [GC [PSYoungGen: 170464K->964K(167232K)] 328927K->159531K(854208K), 0.0048960 secs] [Times: user=0.02 sys=0.01, real=0.00 secs] 
2014-07-08T05:43:20.192+0000: 863.652: [GC [PSYoungGen: 167172K->662K(163712K)] 325739K->159300K(850688K), 0.0048140 secs] [Times: user=0.02 sys=0.00, real=0.00 secs] 
2014-07-08T05:43:20.724+0000: 864.183: [GC [PSYoungGen: 163591K->904K(160832K)] 322230K->159598K(847808K), 0.0053220 secs] [Times: user=0.03 sys=0.00, real=0.01 secs] 
2014-07-08T05:43:21.270+0000: 864.729: [GC [PSYoungGen: 160776K->772K(157696K)] 319470K->159546K(844672K), 0.0047680 secs] [Times: user=0.03 sys=0.00, real=0.00 secs] 
2014-07-08T05:43:21.855+0000: 865.315: [GC [PSYoungGen: 157636K->936K(154880K)] 316410K->159920K(841856K), 0.0052640 secs] [Times: user=0.03 sys=0.00, real=0.01 secs] 
2014-07-08T05:43:22.368+0000: 865.827: [GC [PSYoungGen: 154856K->680K(185408K)] 313840K->159728K(872384K), 0.0095040 secs] [Times: user=0.06 sys=0.00, real=0.01 secs] 
2014-07-08T05:43:23.095+0000: 866.554: [GC [PSYoungGen: 185307K->1186K(182080K)] 344355K->160388K(869056K), 0.0053650 secs] [Times: user=0.03 sys=0.00, real=0.01 secs] 
2014-07-08T05:43:23.658+0000: 867.117: [GC [PSYoungGen: 182050K->644K(177856K)] 341252K->159934K(864832K), 0.0039110 secs] [Times: user=0.01 sys=0.00, real=0.00 secs] 
2014-07-08T05:43:24.280+0000: 867.740: [GC [PSYoungGen: 177796K->996K(174592K)] 337086K->160359K(861568K), 0.0047330 secs] [Times: user=0.03 sys=0.00, real=0.00 secs] 
2014-07-08T05:43:25.027+0000: 868.486: [GC [PSYoungGen: 174564K->1142K(171264K)] 333927K->160576K(858240K), 0.0056290 secs] [Times: user=0.03 sys=0.00, real=0.01 secs] 
2014-07-08T05:43:25.477+0000: 868.937: [GC [PSYoungGen: 171254K->662K(167488K)] 330688K->160176K(854464K), 0.0046460 secs] [Times: user=0.03 sys=0.00, real=0.01 secs] 
2014-07-08T05:43:26.084+0000: 869.544: [GC [PSYoungGen: 167446K->644K(164224K)] 326960K->160198K(851200K), 0.0063350 secs] [Times: user=0.03 sys=0.00, real=0.01 secs] 
2014-07-08T05:43:26.629+0000: 870.088: [GC [PSYoungGen: 164135K->712K(196992K)] 323690K->160322K(883968K), 0.0082860 secs] [Times: user=0.05 sys=0.00, real=0.00 secs] 
2014-07-08T05:43:27.299+0000: 870.759: [GC [PSYoungGen: 196936K->882K(192896K)] 356546K->160549K(879872K), 0.0036030 secs] [Times: user=0.02 sys=0.01, real=0.00 secs] 
2014-07-08T05:43:28.016+0000: 871.475: [GC [PSYoungGen: 192868K->1278K(189184K)] 352535K->161032K(876160K), 0.0036430 secs] [Times: user=0.01 sys=0.01, real=0.01 secs] 
2014-07-08T05:43:28.629+0000: 872.088: [GC [PSYoungGen: 189182K->944K(184960K)] 348936K->160794K(871936K), 0.0049650 secs] [Times: user=0.03 sys=0.00, real=0.00 secs] 
2014-07-08T05:43:29.345+0000: 872.804: [GC [PSYoungGen: 184944K->868K(221696K)] 344794K->160830K(908672K), 0.0124080 secs] [Times: user=0.08 sys=0.00, real=0.01 secs] 
2014-07-08T05:43:30.146+0000: 873.605: [GC [PSYoungGen: 221654K->1321K(217088K)] 381617K->161356K(904064K), 0.0060100 secs] [Times: user=0.03 sys=0.00, real=0.01 secs] 
2014-07-08T05:43:30.837+0000: 874.297: [GC [PSYoungGen: 217065K->762K(211648K)] 377100K->161012K(898624K), 0.0059430 secs] [Times: user=0.04 sys=0.00, real=0.01 secs] 
2014-07-08T05:43:31.553+0000: 875.012: [GC [PSYoungGen: 211642K->630K(206784K)] 371892K->160944K(893760K), 0.0053110 secs] [Times: user=0.02 sys=0.00, real=0.00 secs] 
2014-07-08T05:43:32.268+0000: 875.727: [GC [PSYoungGen: 206774K->776K(202432K)] 367088K->161194K(889408K), 0.0074570 secs] [Times: user=0.05 sys=0.00, real=0.01 secs] 
2014-07-08T05:43:32.997+0000: 876.456: [GC [PSYoungGen: 202376K->1078K(198272K)] 362794K->161592K(885248K), 0.0057670 secs] [Times: user=0.03 sys=0.01, real=0.01 secs] 
2014-07-08T05:43:33.671+0000: 877.130: [GC [PSYoungGen: 198262K->598K(193600K)] 358776K->161168K(880576K), 0.0049850 secs] [Times: user=0.03 sys=0.00, real=0.00 secs] 
2014-07-08T05:43:34.346+0000: 877.806: [GC [PSYoungGen: 193558K->836K(189760K)] 354128K->161463K(876736K), 0.0079720 secs] [Times: user=0.05 sys=0.00, real=0.01 secs] 
2014-07-08T05:43:35.173+0000: 878.632: [GC [PSYoungGen: 189700K->1174K(186112K)] 350327K->161896K(873088K), 0.0053780 secs] [Times: user=0.03 sys=0.00, real=0.00 secs] 
2014-07-08T05:43:35.723+0000: 879.183: [GC [PSYoungGen: 186070K->1014K(182080K)] 346792K->161808K(869056K), 0.0045780 secs] [Times: user=0.02 sys=0.00, real=0.00 secs] 
2014-07-08T05:43:36.281+0000: 879.740: [GC [PSYoungGen: 182070K->758K(178112K)] 342864K->161658K(865088K), 0.0080860 secs] [Times: user=0.04 sys=0.00, real=0.00 secs] 
2014-07-08T05:43:36.912+0000: 880.372: [GC [PSYoungGen: 178073K->1252K(175040K)] 338974K->162257K(862016K), 0.0067570 secs] [Times: user=0.04 sys=0.00, real=0.00 secs] 
2014-07-08T05:43:37.498+0000: 880.958: [GC [PSYoungGen: 174924K->804K(209344K)] 335929K->161996K(896320K), 0.0070680 secs] [Times: user=0.04 sys=0.00, real=0.01 secs] 
2014-07-08T05:43:38.220+0000: 881.679: [GC [PSYoungGen: 209316K->640K(204608K)] 370508K->161857K(891584K), 0.0052060 secs] [Times: user=0.01 sys=0.01, real=0.01 secs] 
2014-07-08T05:43:38.962+0000: 882.421: [GC [PSYoungGen: 204454K->1440K(200896K)] 365670K->162745K(887872K), 0.0049220 secs] [Times: user=0.02 sys=0.00, real=0.00 secs] 
2014-07-08T05:43:39.622+0000: 883.082: [GC [PSYoungGen: 200858K->662K(195840K)] 362163K->162030K(882816K), 0.0037300 secs] [Times: user=0.02 sys=0.00, real=0.00 secs] 
2014-07-08T05:43:40.326+0000: 883.785: [GC [PSYoungGen: 195798K->548K(191552K)] 357166K->161956K(878528K), 0.0053930 secs] [Times: user=0.02 sys=0.00, real=0.01 secs] 
2014-07-08T05:43:41.119+0000: 884.579: [GC [PSYoungGen: 191524K->1284K(230528K)] 352932K->162748K(917504K), 0.0139430 secs] [Times: user=0.09 sys=0.00, real=0.02 secs] 
2014-07-08T05:43:41.769+0000: 885.228: [GC [PSYoungGen: 230468K->1258K(276352K)] 391932K->162819K(963328K), 0.0068730 secs] [Times: user=0.04 sys=0.01, real=0.01 secs] 
2014-07-08T05:43:42.724+0000: 886.184: [GC [PSYoungGen: 276330K->790K(268864K)] 437891K->162430K(955840K), 0.0050570 secs] [Times: user=0.03 sys=0.00, real=0.00 secs] 
2014-07-08T05:43:43.668+0000: 887.128: [GC [PSYoungGen: 268822K->922K(262208K)] 430462K->162634K(949184K), 0.0077320 secs] [Times: user=0.03 sys=0.00, real=0.01 secs] 
2014-07-08T05:43:44.581+0000: 888.040: [GC [PSYoungGen: 262166K->744K(255488K)] 423879K->162528K(942464K), 0.0032840 secs] [Times: user=0.02 sys=0.00, real=0.00 secs] 
2014-07-08T05:43:45.482+0000: 888.942: [GC [PSYoungGen: 255440K->744K(249216K)] 417225K->162600K(936192K), 0.0039290 secs] [Times: user=0.02 sys=0.01, real=0.00 secs] 
2014-07-08T05:43:46.349+0000: 889.808: [GC [PSYoungGen: 249192K->612K(243008K)] 411048K->162532K(929984K), 0.0077710 secs] [Times: user=0.05 sys=0.00, real=0.01 secs] 
2014-07-08T05:43:47.276+0000: 890.735: [GC [PSYoungGen: 242980K->1343K(237888K)] 404900K->163328K(924864K), 0.0049130 secs] [Times: user=0.03 sys=0.00, real=0.00 secs] 
2014-07-08T05:43:48.034+0000: 891.494: [GC [PSYoungGen: 237887K->722K(231680K)] 399872K->162802K(918656K), 0.0033160 secs] [Times: user=0.02 sys=0.00, real=0.00 secs] 
2014-07-08T05:43:48.833+0000: 892.292: [GC [PSYoungGen: 231634K->1266K(226752K)] 393714K->163411K(913728K), 0.0087410 secs] [Times: user=0.06 sys=0.00, real=0.00 secs] 
2014-07-08T05:43:49.624+0000: 893.084: [GC [PSYoungGen: 226722K->968K(221248K)] 388867K->163200K(908224K), 0.0094380 secs] [Times: user=0.05 sys=0.00, real=0.01 secs] 
2014-07-08T05:43:50.403+0000: 893.863: [GC [PSYoungGen: 221191K->662K(215872K)] 383424K->162950K(902848K), 0.0067440 secs] [Times: user=0.04 sys=0.00, real=0.00 secs] 
2014-07-08T05:43:51.125+0000: 894.585: [GC [PSYoungGen: 215830K->786K(211136K)] 378118K->163155K(898112K), 0.0053210 secs] [Times: user=0.03 sys=0.00, real=0.00 secs] 
2014-07-08T05:43:51.895+0000: 895.354: [GC [PSYoungGen: 211089K->1078K(206720K)] 373458K->163534K(893696K), 0.0069730 secs] [Times: user=0.04 sys=0.00, real=0.01 secs] 
2014-07-08T05:43:52.613+0000: 896.072: [GC [PSYoungGen: 206710K->946K(202048K)] 369166K->163482K(889024K), 0.0050960 secs] [Times: user=0.03 sys=0.00, real=0.00 secs] 
2014-07-08T05:43:53.296+0000: 896.755: [GC [PSYoungGen: 202034K->964K(197760K)] 364570K->163573K(884736K), 0.0102790 secs] [Times: user=0.06 sys=0.00, real=0.01 secs] 
2014-07-08T05:43:54.046+0000: 897.505: [GC [PSYoungGen: 197667K->1222K(193792K)] 360276K->163911K(880768K), 0.0065260 secs] [Times: user=0.04 sys=0.00, real=0.00 secs] 
2014-07-08T05:43:54.666+0000: 898.125: [GC [PSYoungGen: 193734K->698K(189120K)] 356423K->163474K(876096K), 0.0051820 secs] [Times: user=0.03 sys=0.00, real=0.00 secs] 
2014-07-08T05:43:55.348+0000: 898.807: [GC [PSYoungGen: 189114K->630K(185088K)] 351890K->163454K(872064K), 0.0089350 secs] [Times: user=0.05 sys=0.00, real=0.01 secs] 
2014-07-08T05:43:56.037+0000: 899.496: [GC [PSYoungGen: 185053K->1295K(181952K)] 347877K->164184K(868928K), 0.0038580 secs] [Times: user=0.02 sys=0.00, real=0.00 secs] 
2014-07-08T05:43:56.624+0000: 900.083: [GC [PSYoungGen: 181903K->694K(177600K)] 344792K->163622K(864576K), 0.0054950 secs] [Times: user=0.03 sys=0.00, real=0.00 secs] 
2014-07-08T05:43:57.251+0000: 900.711: [GC [PSYoungGen: 177590K->1070K(174400K)] 340518K->164087K(861376K), 0.0056790 secs] [Times: user=0.03 sys=0.00, real=0.01 secs] 
2014-07-08T05:43:57.951+0000: 901.411: [GC [PSYoungGen: 174332K->1440K(171328K)] 337349K->164489K(858304K), 0.0045320 secs] [Times: user=0.02 sys=0.00, real=0.01 secs] 
2014-07-08T05:43:58.439+0000: 901.898: [GC [PSYoungGen: 171269K->666K(167232K)] 334317K->163762K(854208K), 0.0063200 secs] [Times: user=0.04 sys=0.00, real=0.01 secs] 
2014-07-08T05:43:59.030+0000: 902.490: [GC [PSYoungGen: 167194K->758K(164032K)] 330290K->163934K(851008K), 0.0043960 secs] [Times: user=0.03 sys=0.00, real=0.01 secs] 
2014-07-08T05:43:59.562+0000: 903.021: [GC [PSYoungGen: 164022K->744K(160896K)] 327198K->164008K(847872K), 0.0052880 secs] [Times: user=0.03 sys=0.00, real=0.01 secs] 
2014-07-08T05:44:00.136+0000: 903.595: [GC [PSYoungGen: 160872K->594K(157760K)] 324136K->163906K(844736K), 0.0069920 secs] [Times: user=0.04 sys=0.00, real=0.00 secs] 
2014-07-08T05:44:00.664+0000: 904.123: [GC [PSYoungGen: 157714K->786K(189376K)] 321026K->164147K(876352K), 0.0078560 secs] [Times: user=0.05 sys=0.00, real=0.01 secs] 
2014-07-08T05:44:01.329+0000: 904.788: [GC [PSYoungGen: 189330K->850K(185472K)] 352691K->164315K(872448K), 0.0035130 secs] [Times: user=0.02 sys=0.00, real=0.00 secs] 
2014-07-08T05:44:02.023+0000: 905.482: [GC [PSYoungGen: 185419K->1164K(181952K)] 348884K->164692K(868928K), 0.0069100 secs] [Times: user=0.04 sys=0.01, real=0.01 secs] 
2014-07-08T05:44:02.611+0000: 906.070: [GC [PSYoungGen: 181900K->826K(177856K)] 345428K->164434K(864832K), 0.0045570 secs] [Times: user=0.02 sys=0.00, real=0.01 secs] 
2014-07-08T05:44:03.262+0000: 906.721: [GC [PSYoungGen: 177850K->1010K(174464K)] 341458K->164699K(861440K), 0.0036100 secs] [Times: user=0.02 sys=0.00, real=0.01 secs] 
2014-07-08T05:44:03.835+0000: 907.294: [GC [PSYoungGen: 174450K->1054K(171072K)] 338139K->164814K(858048K), 0.0067070 secs] [Times: user=0.05 sys=0.00, real=0.00 secs] 
2014-07-08T05:44:04.418+0000: 907.877: [GC [PSYoungGen: 171005K->680K(167360K)] 334766K->164520K(854336K), 0.0059950 secs] [Times: user=0.04 sys=0.00, real=0.01 secs] 
2014-07-08T05:44:05.020+0000: 908.479: [GC [PSYoungGen: 167336K->776K(164224K)] 331176K->164680K(851200K), 0.0045750 secs] [Times: user=0.03 sys=0.00, real=0.01 secs] 
2014-07-08T05:44:05.583+0000: 909.042: [GC [PSYoungGen: 164166K->730K(161024K)] 328071K->164706K(848000K), 0.0044980 secs] [Times: user=0.02 sys=0.01, real=0.01 secs] 
2014-07-08T05:44:06.143+0000: 909.602: [GC [PSYoungGen: 160986K->908K(158144K)] 324962K->164988K(845120K), 0.0038030 secs] [Times: user=0.02 sys=0.00, real=0.01 secs] 
2014-07-08T05:44:06.678+0000: 910.138: [GC [PSYoungGen: 158092K->630K(189312K)] 322172K->164750K(876288K), 0.0094080 secs] [Times: user=0.05 sys=0.00, real=0.01 secs] 
2014-07-08T05:44:07.341+0000: 910.800: [GC [PSYoungGen: 189302K->662K(185408K)] 353422K->164846K(872384K), 0.0051110 secs] [Times: user=0.03 sys=0.00, real=0.01 secs] 
2014-07-08T05:44:07.998+0000: 911.457: [GC [PSYoungGen: 185339K->1245K(182144K)] 349523K->165478K(869120K), 0.0062830 secs] [Times: user=0.04 sys=0.00, real=0.00 secs] 
2014-07-08T05:44:08.593+0000: 912.053: [GC [PSYoungGen: 182093K->762K(177920K)] 346326K->165050K(864896K), 0.0039370 secs] [Times: user=0.01 sys=0.00, real=0.01 secs] 
2014-07-08T05:44:09.228+0000: 912.688: [GC [PSYoungGen: 177914K->914K(174528K)] 342202K->165267K(861504K), 0.0051180 secs] [Times: user=0.03 sys=0.00, real=0.00 secs] 
2014-07-08T05:44:09.853+0000: 913.313: [GC [PSYoungGen: 174474K->1071K(171200K)] 338827K->165488K(858176K), 0.0044210 secs] [Times: user=0.02 sys=0.00, real=0.01 secs] 
2014-07-08T05:44:10.455+0000: 913.914: [GC [PSYoungGen: 171183K->816K(167616K)] 335600K->165535K(854592K), 0.0075800 secs] [Times: user=0.04 sys=0.00, real=0.01 secs] 
2014-07-08T05:44:11.047+0000: 914.506: [GC [PSYoungGen: 167600K->972K(201216K)] 332319K->165821K(888192K), 0.0110560 secs] [Times: user=0.08 sys=0.00, real=0.01 secs] 
2014-07-08T05:44:11.708+0000: 915.167: [GC [PSYoungGen: 201164K->1006K(241280K)] 366013K->165995K(928256K), 0.0110430 secs] [Times: user=0.05 sys=0.00, real=0.01 secs] 
2014-07-08T05:44:12.537+0000: 915.997: [GC [PSYoungGen: 241262K->886K(252416K)] 406251K->165955K(939392K), 0.0035840 secs] [Times: user=0.01 sys=0.00, real=0.00 secs] 
2014-07-08T05:44:13.439+0000: 916.898: [GC [PSYoungGen: 251894K->712K(245632K)] 416963K->165853K(932608K), 0.0034530 secs] [Times: user=0.02 sys=0.00, real=0.00 secs] 
2014-07-08T05:44:14.295+0000: 917.754: [GC [PSYoungGen: 245556K->876K(239808K)] 410697K->166113K(926784K), 0.0059410 secs] [Times: user=0.03 sys=0.00, real=0.01 secs] 
2014-07-08T05:44:15.206+0000: 918.665: [GC [PSYoungGen: 239788K->858K(234112K)] 405025K->166159K(921088K), 0.0047890 secs] [Times: user=0.03 sys=0.00, real=0.01 secs] 
2014-07-08T05:44:16.011+0000: 919.471: [GC [PSYoungGen: 234074K->872K(228608K)] 399375K->166221K(915584K), 0.0073370 secs] [Times: user=0.04 sys=0.01, real=0.01 secs] 
2014-07-08T05:44:16.753+0000: 920.213: [GC [PSYoungGen: 228584K->808K(223232K)] 393933K->166261K(910208K), 0.0076860 secs] [Times: user=0.05 sys=0.00, real=0.01 secs] 
2014-07-08T05:44:17.522+0000: 920.982: [GC [PSYoungGen: 223208K->780K(218112K)] 388661K->166329K(905088K), 0.0049870 secs] [Times: user=0.03 sys=0.00, real=0.01 secs] 
2014-07-08T05:44:18.283+0000: 921.743: [GC [PSYoungGen: 218060K->648K(213056K)] 383609K->166237K(900032K), 0.0056070 secs] [Times: user=0.04 sys=0.00, real=0.01 secs] 
2014-07-08T05:44:19.040+0000: 922.499: [GC [PSYoungGen: 213000K->1196K(208832K)] 378589K->166849K(895808K), 0.0055570 secs] [Times: user=0.01 sys=0.01, real=0.00 secs] 
2014-07-08T05:44:19.748+0000: 923.208: [GC [PSYoungGen: 208812K->548K(203584K)] 374465K->166453K(890560K), 0.0035220 secs] [Times: user=0.02 sys=0.00, real=0.00 secs] 
2014-07-08T05:44:20.512+0000: 923.971: [GC [PSYoungGen: 203556K->1264K(199872K)] 369461K->167443K(886848K), 0.0061970 secs] [Times: user=0.03 sys=0.00, real=0.01 secs] 
2014-07-08T05:44:21.182+0000: 924.641: [GC [PSYoungGen: 199856K->580K(194944K)] 366035K->166931K(881920K), 0.0053820 secs] [Times: user=0.03 sys=0.00, real=0.01 secs] 
2014-07-08T05:44:21.850+0000: 925.309: [GC [PSYoungGen: 194884K->676K(190848K)] 361235K->167059K(877824K), 0.0059490 secs] [Times: user=0.01 sys=0.00, real=0.00 secs] 
2014-07-08T05:44:22.493+0000: 925.952: [GC [PSYoungGen: 190731K->847K(187008K)] 357115K->167318K(873984K), 0.0047970 secs] [Times: user=0.03 sys=0.00, real=0.01 secs] 
2014-07-08T05:44:23.153+0000: 926.613: [GC [PSYoungGen: 186959K->812K(183104K)] 353430K->167355K(870080K), 0.0040120 secs] [Times: user=0.02 sys=0.00, real=0.01 secs] 
2014-07-08T05:44:23.802+0000: 927.262: [GC [PSYoungGen: 183084K->1036K(179648K)] 349627K->167667K(866624K), 0.0066870 secs] [Times: user=0.04 sys=0.00, real=0.01 secs] 
2014-07-08T05:44:24.420+0000: 927.879: [GC [PSYoungGen: 179596K->584K(175552K)] 346227K->167255K(862528K), 0.0047950 secs] [Times: user=0.01 sys=0.00, real=0.00 secs] 
2014-07-08T05:44:25.078+0000: 928.537: [GC [PSYoungGen: 175496K->982K(172416K)] 342167K->167733K(859392K), 0.0030350 secs] [Times: user=0.01 sys=0.00, real=0.00 secs] 
2014-07-08T05:44:25.663+0000: 929.122: [GC [PSYoungGen: 172374K->954K(168960K)] 339125K->167801K(855936K), 0.0055730 secs] [Times: user=0.04 sys=0.01, real=0.01 secs] 
2014-07-08T05:44:26.297+0000: 929.757: [GC [PSYoungGen: 168954K->886K(165632K)] 335801K->167837K(852608K), 0.0041260 secs] [Times: user=0.02 sys=0.01, real=0.01 secs] 
2014-07-08T05:44:26.817+0000: 930.276: [GC [PSYoungGen: 165622K->790K(162368K)] 332573K->167797K(849344K), 0.0064020 secs] [Times: user=0.04 sys=0.00, real=0.01 secs] 
2014-07-08T05:44:27.363+0000: 930.822: [GC [PSYoungGen: 162326K->680K(159168K)] 329333K->167743K(846144K), 0.0076290 secs] [Times: user=0.04 sys=0.00, real=0.01 secs] 
2014-07-08T05:44:27.931+0000: 931.390: [GC [PSYoungGen: 159102K->1082K(156544K)] 326165K->168217K(843520K), 0.0046670 secs] [Times: user=0.03 sys=0.00, real=0.00 secs] 
2014-07-08T05:44:28.464+0000: 931.924: [GC [PSYoungGen: 156494K->908K(153536K)] 323629K->168123K(840512K), 0.0034010 secs] [Times: user=0.02 sys=0.00, real=0.00 secs] 
2014-07-08T05:44:29.044+0000: 932.504: [GC [PSYoungGen: 153484K->1032K(150848K)] 320699K->168343K(837824K), 0.0046990 secs] [Times: user=0.03 sys=0.00, real=0.01 secs] 
2014-07-08T05:44:29.530+0000: 932.990: [GC [PSYoungGen: 150792K->686K(147776K)] 318103K->168093K(834752K), 0.0029900 secs] [Times: user=0.02 sys=0.00, real=0.00 secs] 
2014-07-08T05:44:30.062+0000: 933.521: [GC [PSYoungGen: 147758K->512K(144960K)] 315165K->167967K(831936K), 0.0033600 secs] [Times: user=0.02 sys=0.00, real=0.00 secs] 
2014-07-08T05:44:30.596+0000: 934.055: [GC [PSYoungGen: 144917K->1338K(143232K)] 312372K->168865K(830208K), 0.0086060 secs] [Times: user=0.06 sys=0.00, real=0.01 secs] 
2014-07-08T05:44:31.104+0000: 934.563: [GC [PSYoungGen: 143226K->994K(140416K)] 310753K->168609K(827392K), 0.0044510 secs] [Times: user=0.02 sys=0.00, real=0.01 secs] 
2014-07-08T05:44:31.521+0000: 934.980: [GC [PSYoungGen: 140358K->616K(137600K)] 307973K->168303K(824576K), 0.0031040 secs] [Times: user=0.01 sys=0.01, real=0.00 secs] 
2014-07-08T05:44:32.036+0000: 935.495: [GC [PSYoungGen: 137576K->712K(135360K)] 305263K->168463K(822336K), 0.0049560 secs] [Times: user=0.03 sys=0.00, real=0.01 secs] 
2014-07-08T05:44:32.482+0000: 935.942: [GC [PSYoungGen: 135304K->758K(133056K)] 303055K->168605K(820032K), 0.0043390 secs] [Times: user=0.03 sys=0.00, real=0.00 secs] 
2014-07-08T05:44:33.051+0000: 936.510: [GC [PSYoungGen: 133009K->1394K(131456K)] 300856K->169337K(818432K), 0.0066840 secs] [Times: user=0.04 sys=0.00, real=0.00 secs] 
2014-07-08T05:44:33.392+0000: 936.852: [GC [PSYoungGen: 131442K->662K(156800K)] 299385K->168653K(843776K), 0.0070260 secs] [Times: user=0.04 sys=0.00, real=0.01 secs] 
2014-07-08T05:44:33.974+0000: 937.433: [GC [PSYoungGen: 156755K->1298K(188672K)] 324746K->169338K(875648K), 0.0107310 secs] [Times: user=0.07 sys=0.00, real=0.01 secs] 
2014-07-08T05:44:34.577+0000: 938.037: [GC [PSYoungGen: 188626K->1070K(225920K)] 356666K->169214K(912896K), 0.0040720 secs] [Times: user=0.03 sys=0.00, real=0.01 secs] 
2014-07-08T05:44:35.372+0000: 938.831: [GC [PSYoungGen: 225902K->794K(270656K)] 394046K->169025K(957632K), 0.0064400 secs] [Times: user=0.04 sys=0.00, real=0.00 secs] 
2014-07-08T05:44:36.330+0000: 939.789: [GC [PSYoungGen: 270618K->712K(263744K)] 438849K->169015K(950720K), 0.0054780 secs] [Times: user=0.03 sys=0.00, real=0.00 secs] 
2014-07-08T05:44:37.259+0000: 940.718: [GC [PSYoungGen: 263671K->726K(257152K)] 431974K->169101K(944128K), 0.0059730 secs] [Times: user=0.02 sys=0.01, real=0.01 secs] 
2014-07-08T05:44:38.160+0000: 941.620: [GC [PSYoungGen: 257110K->648K(250752K)] 425485K->169111K(937728K), 0.0056600 secs] [Times: user=0.03 sys=0.00, real=0.00 secs] 
2014-07-08T05:44:39.178+0000: 942.637: [GC [PSYoungGen: 250696K->1288K(245248K)] 419159K->169775K(932224K), 0.0142700 secs] [Times: user=0.08 sys=0.00, real=0.02 secs] 
2014-07-08T05:44:39.948+0000: 943.407: [GC [PSYoungGen: 245169K->1025K(239104K)] 413657K->169552K(926080K), 0.0037120 secs] [Times: user=0.02 sys=0.01, real=0.01 secs] 
2014-07-08T05:44:40.817+0000: 944.276: [GC [PSYoungGen: 239041K->1376K(233728K)] 407568K->169967K(920704K), 0.0049370 secs] [Times: user=0.03 sys=0.01, real=0.01 secs] 
2014-07-08T05:44:41.562+0000: 945.021: [GC [PSYoungGen: 233696K->516K(227392K)] 402287K->169163K(914368K), 0.0060200 secs] [Times: user=0.03 sys=0.00, real=0.00 secs] 
2014-07-08T05:44:42.360+0000: 945.820: [GC [PSYoungGen: 227332K->900K(222528K)] 395979K->169611K(909504K), 0.0066470 secs] [Times: user=0.04 sys=0.00, real=0.00 secs] 
2014-07-08T05:44:43.181+0000: 946.640: [GC [PSYoungGen: 222468K->1111K(217600K)] 391179K->169870K(904576K), 0.0071220 secs] [Times: user=0.04 sys=0.00, real=0.00 secs] 
2014-07-08T05:44:43.919+0000: 947.379: [GC [PSYoungGen: 217559K->1132K(212672K)] 386318K->169955K(899648K), 0.0068530 secs] [Times: user=0.04 sys=0.00, real=0.01 secs] 
2014-07-08T05:44:44.682+0000: 948.142: [GC [PSYoungGen: 212581K->1082K(207872K)] 381404K->169977K(894848K), 0.0038210 secs] [Times: user=0.01 sys=0.00, real=0.00 secs] 
2014-07-08T05:44:45.391+0000: 948.850: [GC [PSYoungGen: 207866K->1160K(203456K)] 376761K->170135K(890432K), 0.0034040 secs] [Times: user=0.02 sys=0.00, real=0.00 secs] 
2014-07-08T05:44:46.158+0000: 949.617: [GC [PSYoungGen: 203400K->1075K(198912K)] 372375K->170212K(885888K), 0.0069210 secs] [Times: user=0.02 sys=0.00, real=0.01 secs] 
2014-07-08T05:44:46.719+0000: 950.178: [GC [PSYoungGen: 198857K->1022K(194560K)] 367995K->170231K(881536K), 0.0040710 secs] [Times: user=0.02 sys=0.00, real=0.01 secs] 
2014-07-08T05:44:47.387+0000: 950.846: [GC [PSYoungGen: 194550K->847K(190336K)] 363759K->170352K(877312K), 0.0063320 secs] [Times: user=0.04 sys=0.00, real=0.01 secs] 
2014-07-08T05:44:48.093+0000: 951.552: [GC [PSYoungGen: 190287K->1338K(186816K)] 359792K->170931K(873792K), 0.0049250 secs] [Times: user=0.02 sys=0.00, real=0.00 secs] 
2014-07-08T05:44:48.701+0000: 952.161: [GC [PSYoungGen: 186799K->712K(182400K)] 356393K->170337K(869376K), 0.0100350 secs] [Times: user=0.05 sys=0.00, real=0.01 secs] 
2014-07-08T05:44:49.333+0000: 952.792: [GC [PSYoungGen: 182344K->872K(178816K)] 351969K->170545K(865792K), 0.0044470 secs] [Times: user=0.02 sys=0.00, real=0.00 secs] 
2014-07-08T05:44:50.057+0000: 953.517: [GC [PSYoungGen: 178792K->1238K(175616K)] 348465K->170992K(862592K), 0.0054160 secs] [Times: user=0.03 sys=0.00, real=0.01 secs] 
2014-07-08T05:44:50.563+0000: 954.023: [GC [PSYoungGen: 175574K->676K(171584K)] 345328K->170485K(858560K), 0.0040640 secs] [Times: user=0.02 sys=0.00, real=0.00 secs] 
2014-07-08T05:44:51.252+0000: 954.712: [GC [PSYoungGen: 171554K->1118K(168640K)] 341364K->170967K(855616K), 0.0046750 secs] [Times: user=0.02 sys=0.00, real=0.00 secs] 
2014-07-08T05:44:51.773+0000: 955.232: [GC [PSYoungGen: 168606K->893K(165120K)] 338455K->170838K(852096K), 0.0052420 secs] [Times: user=0.04 sys=0.00, real=0.00 secs] 
2014-07-08T05:44:52.351+0000: 955.810: [GC [PSYoungGen: 165094K->865K(161984K)] 335039K->170882K(848960K), 0.0066340 secs] [Times: user=0.04 sys=0.00, real=0.01 secs] 
2014-07-08T05:44:52.948+0000: 956.407: [GC [PSYoungGen: 161953K->1168K(159232K)] 331970K->171233K(846208K), 0.0041250 secs] [Times: user=0.02 sys=0.00, real=0.01 secs] 
2014-07-08T05:44:53.462+0000: 956.922: [GC [PSYoungGen: 159151K->1014K(156096K)] 329216K->171168K(843072K), 0.0039100 secs] [Times: user=0.02 sys=0.00, real=0.00 secs] 
2014-07-08T05:44:54.042+0000: 957.501: [GC [PSYoungGen: 156086K->1104K(153344K)] 326240K->171321K(840320K), 0.0082160 secs] [Times: user=0.05 sys=0.00, real=0.00 secs] 
2014-07-08T05:44:54.555+0000: 958.014: [GC [PSYoungGen: 153260K->794K(150208K)] 323478K->171099K(837184K), 0.0060040 secs] [Times: user=0.04 sys=0.00, real=0.00 secs] 
2014-07-08T05:44:55.152+0000: 958.611: [GC [PSYoungGen: 150170K->1100K(147840K)] 320475K->171469K(834816K), 0.0029310 secs] [Times: user=0.02 sys=0.00, real=0.01 secs] 
2014-07-08T05:44:55.647+0000: 959.106: [GC [PSYoungGen: 147788K->958K(145024K)] 318157K->171415K(832000K), 0.0030620 secs] [Times: user=0.01 sys=0.00, real=0.00 secs] 
2014-07-08T05:44:56.188+0000: 959.648: [GC [PSYoungGen: 145022K->986K(142528K)] 315479K->171515K(829504K), 0.0035760 secs] [Times: user=0.02 sys=0.01, real=0.01 secs] 
2014-07-08T05:44:56.606+0000: 960.065: [GC [PSYoungGen: 142490K->680K(139712K)] 313019K->171281K(826688K), 0.0056690 secs] [Times: user=0.03 sys=0.00, real=0.00 secs] 
2014-07-08T05:44:57.132+0000: 960.591: [GC [PSYoungGen: 139688K->1186K(137792K)] 310289K->171883K(824768K), 0.0055960 secs] [Times: user=0.02 sys=0.00, real=0.01 secs] 
2014-07-08T05:44:57.549+0000: 961.008: [GC [PSYoungGen: 137743K->908K(164864K)] 308441K->171685K(851840K), 0.0072630 secs] [Times: user=0.04 sys=0.00, real=0.01 secs] 
2014-07-08T05:44:58.116+0000: 961.575: [GC [PSYoungGen: 164812K->786K(197568K)] 335589K->171620K(884544K), 0.0044230 secs] [Times: user=0.02 sys=0.00, real=0.00 secs] 
2014-07-08T05:44:58.807+0000: 962.267: [GC [PSYoungGen: 197481K->968K(193536K)] 368314K->171873K(880512K), 0.0059970 secs] [Times: user=0.03 sys=0.00, real=0.01 secs] 
2014-07-08T05:44:59.470+0000: 962.929: [GC [PSYoungGen: 193480K->648K(189120K)] 364385K->171617K(876096K), 0.0048490 secs] [Times: user=0.02 sys=0.00, real=0.01 secs] 
2014-07-08T05:45:00.144+0000: 963.603: [GC [PSYoungGen: 189064K->730K(185216K)] 360033K->171747K(872192K), 0.0047360 secs] [Times: user=0.02 sys=0.00, real=0.00 secs] 
2014-07-08T05:45:00.809+0000: 964.268: [GC [PSYoungGen: 185178K->1124K(222528K)] 356195K->172213K(909504K), 0.0101340 secs] [Times: user=0.06 sys=0.00, real=0.01 secs] 
2014-07-08T05:45:01.647+0000: 965.107: [GC [PSYoungGen: 222494K->644K(217024K)] 393584K->171797K(904000K), 0.0062320 secs] [Times: user=0.03 sys=0.00, real=0.01 secs] 
2014-07-08T05:45:02.333+0000: 965.792: [GC [PSYoungGen: 216964K->680K(212096K)] 388117K->171897K(899072K), 0.0050040 secs] [Times: user=0.02 sys=0.00, real=0.00 secs] 
2014-07-08T05:45:03.115+0000: 966.574: [GC [PSYoungGen: 212072K->972K(207680K)] 383289K->172253K(894656K), 0.0080680 secs] [Times: user=0.04 sys=0.00, real=0.00 secs] 
2014-07-08T05:45:03.803+0000: 967.263: [GC [PSYoungGen: 207628K->1090K(203264K)] 378909K->172411K(890240K), 0.0041850 secs] [Times: user=0.02 sys=0.00, real=0.00 secs] 
2014-07-08T05:45:04.491+0000: 967.950: [GC [PSYoungGen: 203164K->701K(198400K)] 374485K->172152K(885376K), 0.0068850 secs] [Times: user=0.04 sys=0.00, real=0.01 secs] 
2014-07-08T05:45:05.207+0000: 968.666: [GC [PSYoungGen: 198397K->776K(194240K)] 369848K->172307K(881216K), 0.0039830 secs] [Times: user=0.01 sys=0.00, real=0.00 secs] 
2014-07-08T05:45:05.887+0000: 969.347: [GC [PSYoungGen: 194184K->982K(190336K)] 365715K->172601K(877312K), 0.0069750 secs] [Times: user=0.05 sys=0.00, real=0.01 secs] 
2014-07-08T05:45:06.520+0000: 969.979: [GC [PSYoungGen: 190276K->762K(186112K)] 361895K->172461K(873088K), 0.0031310 secs] [Times: user=0.02 sys=0.00, real=0.00 secs] 
2014-07-08T05:45:07.275+0000: 970.735: [GC [PSYoungGen: 186106K->958K(182464K)] 357805K->173009K(869440K), 0.0080990 secs] [Times: user=0.05 sys=0.00, real=0.00 secs] 
2014-07-08T05:45:07.801+0000: 971.260: [GC [PSYoungGen: 182462K->1022K(178816K)] 354513K->173129K(865792K), 0.0038340 secs] [Times: user=0.02 sys=0.00, real=0.01 secs] 
2014-07-08T05:45:08.414+0000: 971.874: [GC [PSYoungGen: 178813K->972K(175232K)] 350921K->173217K(862208K), 0.0045080 secs] [Times: user=0.03 sys=0.00, real=0.00 secs] 
2014-07-08T05:45:09.086+0000: 972.546: [GC [PSYoungGen: 175150K->1290K(172096K)] 347395K->173599K(859072K), 0.0050060 secs] [Times: user=0.01 sys=0.00, real=0.00 secs] 
2014-07-08T05:45:09.628+0000: 973.087: [GC [PSYoungGen: 172039K->502K(167872K)] 344349K->172965K(854848K), 0.0033360 secs] [Times: user=0.02 sys=0.00, real=0.00 secs] 
2014-07-08T05:45:10.208+0000: 973.667: [GC [PSYoungGen: 167862K->726K(164864K)] 340325K->173293K(851840K), 0.0057520 secs] [Times: user=0.03 sys=0.00, real=0.00 secs] 
2014-07-08T05:45:10.792+0000: 974.251: [GC [PSYoungGen: 164813K->1110K(162112K)] 337380K->173766K(849088K), 0.0042730 secs] [Times: user=0.02 sys=0.00, real=0.01 secs] 
2014-07-08T05:45:11.400+0000: 974.859: [GC [PSYoungGen: 162051K->836K(158784K)] 334707K->173547K(845760K), 0.0037360 secs] [Times: user=0.02 sys=0.00, real=0.00 secs] 
2014-07-08T05:45:11.928+0000: 975.387: [GC [PSYoungGen: 158724K->772K(155776K)] 331435K->173563K(842752K), 0.0051250 secs] [Times: user=0.03 sys=0.00, real=0.00 secs] 
2014-07-08T05:45:12.444+0000: 975.903: [GC [PSYoungGen: 155716K->630K(152704K)] 328507K->173477K(839680K), 0.0048120 secs] [Times: user=0.03 sys=0.00, real=0.01 secs] 
2014-07-08T05:45:13.139+0000: 976.599: [GC [PSYoungGen: 152679K->1149K(150400K)] 325527K->174060K(837376K), 0.0056320 secs] [Times: user=0.04 sys=0.00, real=0.01 secs] 
2014-07-08T05:45:13.522+0000: 976.981: [GC [PSYoungGen: 150397K->762K(147328K)] 323308K->173753K(834304K), 0.0057820 secs] [Times: user=0.03 sys=0.00, real=0.01 secs] 
2014-07-08T05:45:14.052+0000: 977.511: [GC [PSYoungGen: 147322K->1086K(145024K)] 320313K->174315K(832000K), 0.0046770 secs] [Times: user=0.03 sys=0.00, real=0.01 secs] 
2014-07-08T05:45:14.506+0000: 977.966: [GC [PSYoungGen: 145022K->676K(173440K)] 318251K->173961K(860416K), 0.0091140 secs] [Times: user=0.05 sys=0.01, real=0.01 secs] 
2014-07-08T05:45:15.162+0000: 978.622: [GC [PSYoungGen: 173412K->1136K(208448K)] 346697K->174501K(895424K), 0.0035130 secs] [Times: user=0.02 sys=0.00, real=0.01 secs] 
2014-07-08T05:45:15.925+0000: 979.385: [GC [PSYoungGen: 208432K->1338K(204032K)] 381797K->174775K(891008K), 0.0072430 secs] [Times: user=0.03 sys=0.00, real=0.00 secs] 
2014-07-08T05:45:16.560+0000: 980.020: [GC [PSYoungGen: 204026K->662K(198976K)] 377463K->174179K(885952K), 0.0039160 secs] [Times: user=0.03 sys=0.00, real=0.00 secs] 
2014-07-08T05:45:17.276+0000: 980.735: [GC [PSYoungGen: 198934K->726K(194752K)] 372451K->174339K(881728K), 0.0045820 secs] [Times: user=0.03 sys=0.00, real=0.00 secs] 
2014-07-08T05:45:18.042+0000: 981.501: [GC [PSYoungGen: 194710K->1238K(191104K)] 368323K->174939K(878080K), 0.0073920 secs] [Times: user=0.05 sys=0.00, real=0.01 secs] 
2014-07-08T05:45:18.645+0000: 982.105: [GC [PSYoungGen: 191062K->890K(186752K)] 364763K->174663K(873728K), 0.0038550 secs] [Times: user=0.02 sys=0.00, real=0.01 secs] 
2014-07-08T05:45:19.297+0000: 982.757: [GC [PSYoungGen: 186746K->858K(182912K)] 360519K->174695K(869888K), 0.0073240 secs] [Times: user=0.03 sys=0.01, real=0.00 secs] 
2014-07-08T05:45:19.990+0000: 983.449: [GC [PSYoungGen: 182788K->1300K(179648K)] 356626K->175169K(866624K), 0.0048940 secs] [Times: user=0.02 sys=0.00, real=0.00 secs] 
2014-07-08T05:45:20.562+0000: 984.022: [GC [PSYoungGen: 179604K->616K(175360K)] 353473K->174525K(862336K), 0.0073580 secs] [Times: user=0.04 sys=0.00, real=0.01 secs] 
2014-07-08T05:45:21.188+0000: 984.647: [GC [PSYoungGen: 175334K->964K(172224K)] 349244K->174938K(859200K), 0.0043640 secs] [Times: user=0.02 sys=0.00, real=0.00 secs] 
2014-07-08T05:45:21.777+0000: 985.237: [GC [PSYoungGen: 172164K->1182K(169024K)] 346138K->175219K(856000K), 0.0052730 secs] [Times: user=0.02 sys=0.01, real=0.00 secs] 
2014-07-08T05:45:22.362+0000: 985.822: [GC [PSYoungGen: 168990K->666K(165248K)] 343027K->174751K(852224K), 0.0036500 secs] [Times: user=0.02 sys=0.00, real=0.01 secs] 
2014-07-08T05:45:22.970+0000: 986.430: [GC [PSYoungGen: 165170K->1299K(198848K)] 339255K->175433K(885824K), 0.0141290 secs] [Times: user=0.07 sys=0.00, real=0.01 secs] 
2014-07-08T05:45:23.628+0000: 987.088: [GC [PSYoungGen: 198803K->876K(232640K)] 372937K->175105K(919616K), 0.0046150 secs] [Times: user=0.02 sys=0.00, real=0.00 secs] 
2014-07-08T05:45:24.447+0000: 987.906: [GC [PSYoungGen: 231852K->794K(226368K)] 406081K->175103K(913344K), 0.0050000 secs] [Times: user=0.03 sys=0.00, real=0.00 secs] 
2014-07-08T05:45:25.228+0000: 988.687: [GC [PSYoungGen: 226330K->466K(220800K)] 400639K->174807K(907776K), 0.0038860 secs] [Times: user=0.02 sys=0.00, real=0.00 secs] 
2014-07-08T05:45:26.064+0000: 989.523: [GC [PSYoungGen: 220754K->776K(216064K)] 395095K->175165K(903040K), 0.0035290 secs] [Times: user=0.01 sys=0.01, real=0.01 secs] 
2014-07-08T05:45:26.761+0000: 990.221: [GC [PSYoungGen: 215931K->1104K(211520K)] 390320K->175573K(898496K), 0.0036720 secs] [Times: user=0.01 sys=0.00, real=0.00 secs] 
2014-07-08T05:45:27.490+0000: 990.950: [GC [PSYoungGen: 211471K->708K(206464K)] 385941K->175265K(893440K), 0.0055790 secs] [Times: user=0.03 sys=0.00, real=0.00 secs] 
2014-07-08T05:45:28.196+0000: 991.655: [GC [PSYoungGen: 206404K->726K(201920K)] 380961K->175387K(888896K), 0.0036180 secs] [Times: user=0.02 sys=0.00, real=0.01 secs] 
2014-07-08T05:45:28.906+0000: 992.366: [GC [PSYoungGen: 201874K->1202K(198016K)] 376536K->175952K(884992K), 0.0079010 secs] [Times: user=0.05 sys=0.00, real=0.01 secs] 
2014-07-08T05:45:29.602+0000: 993.061: [GC [PSYoungGen: 198002K->594K(193216K)] 372752K->175407K(880192K), 0.0060510 secs] [Times: user=0.02 sys=0.01, real=0.01 secs] 
2014-07-08T05:45:30.253+0000: 993.712: [GC [PSYoungGen: 193128K->662K(189184K)] 367942K->175571K(876160K), 0.0052510 secs] [Times: user=0.03 sys=0.00, real=0.01 secs] 
2014-07-08T05:45:30.933+0000: 994.393: [GC [PSYoungGen: 189142K->1020K(185536K)] 364051K->175970K(872512K), 0.0067230 secs] [Times: user=0.04 sys=0.00, real=0.01 secs] 
2014-07-08T05:45:31.578+0000: 995.037: [GC [PSYoungGen: 185532K->644K(181376K)] 360482K->175665K(868352K), 0.0033210 secs] [Times: user=0.01 sys=0.00, real=0.00 secs] 
2014-07-08T05:45:32.200+0000: 995.659: [GC [PSYoungGen: 181316K->630K(177600K)] 356337K->175715K(864576K), 0.0065460 secs] [Times: user=0.04 sys=0.00, real=0.00 secs] 
2014-07-08T05:45:32.835+0000: 996.295: [GC [PSYoungGen: 177561K->1050K(174464K)] 352647K->176191K(861440K), 0.0038930 secs] [Times: user=0.02 sys=0.00, real=0.01 secs] 
2014-07-08T05:45:33.417+0000: 996.877: [GC [PSYoungGen: 174424K->676K(170624K)] 349566K->175889K(857600K), 0.0055300 secs] [Times: user=0.03 sys=0.00, real=0.01 secs] 
2014-07-08T05:45:34.043+0000: 997.503: [GC [PSYoungGen: 170596K->1124K(167744K)] 345809K->176402K(854720K), 0.0076080 secs] [Times: user=0.05 sys=0.00, real=0.01 secs] 
2014-07-08T05:45:34.586+0000: 998.045: [GC [PSYoungGen: 167693K->698K(164032K)] 342971K->176023K(851008K), 0.0074030 secs] [Times: user=0.04 sys=0.00, real=0.01 secs] 
2014-07-08T05:45:35.223+0000: 998.682: [GC [PSYoungGen: 164026K->1248K(161472K)] 339351K->176662K(848448K), 0.0030570 secs] [Times: user=0.02 sys=0.00, real=0.00 secs] 
2014-07-08T05:45:35.719+0000: 999.178: [GC [PSYoungGen: 161440K->598K(157824K)] 336854K->176067K(844800K), 0.0058690 secs] [Times: user=0.03 sys=0.00, real=0.00 secs] 
2014-07-08T05:45:36.262+0000: 999.721: [GC [PSYoungGen: 157736K->794K(155072K)] 333206K->176359K(842048K), 0.0050210 secs] [Times: user=0.04 sys=0.00, real=0.00 secs] 
2014-07-08T05:45:36.810+0000: 1000.269: [GC [PSYoungGen: 155034K->1157K(152576K)] 330599K->176803K(839552K), 0.0066120 secs] [Times: user=0.05 sys=0.00, real=0.00 secs] 
2014-07-08T05:45:37.331+0000: 1000.791: [GC [PSYoungGen: 152517K->762K(149376K)] 328163K->176463K(836352K), 0.0031270 secs] [Times: user=0.01 sys=0.00, real=0.00 secs] 
2014-07-08T05:45:37.870+0000: 1001.330: [GC [PSYoungGen: 149370K->1004K(146944K)] 325071K->176753K(833920K), 0.0066000 secs] [Times: user=0.04 sys=0.00, real=0.00 secs] 
2014-07-08T05:45:38.375+0000: 1001.834: [GC [PSYoungGen: 146924K->612K(143936K)] 322673K->176417K(830912K), 0.0031960 secs] [Times: user=0.02 sys=0.00, real=0.00 secs] 
2014-07-08T05:45:38.910+0000: 1002.370: [GC [PSYoungGen: 143908K->1118K(173120K)] 319713K->176979K(860096K), 0.0095670 secs] [Times: user=0.04 sys=0.00, real=0.01 secs] 
2014-07-08T05:45:39.494+0000: 1002.954: [GC [PSYoungGen: 173073K->826K(169408K)] 348934K->176775K(856384K), 0.0046000 secs] [Times: user=0.03 sys=0.00, real=0.01 secs] 
2014-07-08T05:45:40.118+0000: 1003.577: [GC [PSYoungGen: 169402K->612K(165888K)] 345351K->176625K(852864K), 0.0064190 secs] [Times: user=0.04 sys=0.00, real=0.01 secs] 
2014-07-08T05:45:40.669+0000: 1004.128: [GC [PSYoungGen: 165860K->808K(162880K)] 341873K->176909K(849856K), 0.0033980 secs] [Times: user=0.02 sys=0.00, real=0.01 secs] 
2014-07-08T05:45:41.305+0000: 1004.764: [GC [PSYoungGen: 162856K->1132K(160128K)] 338957K->177313K(847104K), 0.0082150 secs] [Times: user=0.05 sys=0.00, real=0.01 secs] 
2014-07-08T05:45:41.850+0000: 1005.310: [GC [PSYoungGen: 160108K->786K(191616K)] 336289K->177015K(878592K), 0.0064680 secs] [Times: user=0.03 sys=0.00, real=0.00 secs] 
2014-07-08T05:45:42.462+0000: 1005.921: [GC [PSYoungGen: 191562K->826K(187584K)] 367792K->177143K(874560K), 0.0051790 secs] [Times: user=0.03 sys=0.00, real=0.00 secs] 
2014-07-08T05:45:43.124+0000: 1006.584: [GC [PSYoungGen: 187578K->1188K(184064K)] 363895K->177686K(871040K), 0.0050420 secs] [Times: user=0.03 sys=0.00, real=0.01 secs] 
2014-07-08T05:45:43.724+0000: 1007.183: [GC [PSYoungGen: 183998K->993K(180096K)] 360495K->177579K(867072K), 0.0056140 secs] [Times: user=0.04 sys=0.00, real=0.01 secs] 
2014-07-08T05:45:44.341+0000: 1007.800: [GC [PSYoungGen: 180023K->751K(176192K)] 356609K->177416K(863168K), 0.0043310 secs] [Times: user=0.03 sys=0.00, real=0.00 secs] 
2014-07-08T05:45:44.978+0000: 1008.438: [GC [PSYoungGen: 176175K->1110K(173056K)] 352840K->177832K(860032K), 0.0047000 secs] [Times: user=0.03 sys=0.00, real=0.01 secs] 
2014-07-08T05:45:45.570+0000: 1009.029: [GC [PSYoungGen: 173014K->776K(169344K)] 349736K->177595K(856320K), 0.0049180 secs] [Times: user=0.02 sys=0.01, real=0.01 secs] 
2014-07-08T05:45:46.157+0000: 1009.616: [GC [PSYoungGen: 169283K->800K(166016K)] 346103K->177716K(852992K), 0.0042660 secs] [Times: user=0.01 sys=0.01, real=0.01 secs] 
2014-07-08T05:45:46.853+0000: 1010.313: [GC [PSYoungGen: 165984K->1198K(163200K)] 342900K->178298K(850176K), 0.0078460 secs] [Times: user=0.05 sys=0.00, real=0.01 secs] 
2014-07-08T05:45:47.360+0000: 1010.819: [GC [PSYoungGen: 163182K->1036K(160000K)] 340282K->178223K(846976K), 0.0033340 secs] [Times: user=0.01 sys=0.00, real=0.01 secs] 
2014-07-08T05:45:47.899+0000: 1011.359: [GC [PSYoungGen: 159948K->804K(156736K)] 337135K->178317K(843712K), 0.0064680 secs] [Times: user=0.04 sys=0.00, real=0.01 secs] 
2014-07-08T05:45:48.404+0000: 1011.863: [GC [PSYoungGen: 156707K->744K(153792K)] 334220K->178321K(840768K), 0.0067200 secs] [Times: user=0.02 sys=0.00, real=0.01 secs] 
2014-07-08T05:45:48.955+0000: 1012.415: [GC [PSYoungGen: 153768K->868K(184576K)] 331345K->178501K(871552K), 0.0063580 secs] [Times: user=0.04 sys=0.00, real=0.01 secs] 
2014-07-08T05:45:49.572+0000: 1013.031: [GC [PSYoungGen: 184548K->712K(180672K)] 362181K->178449K(867648K), 0.0053010 secs] [Times: user=0.03 sys=0.00, real=0.00 secs] 
2014-07-08T05:45:50.196+0000: 1013.655: [GC [PSYoungGen: 180616K->644K(176960K)] 358353K->178453K(863936K), 0.0035850 secs] [Times: user=0.02 sys=0.00, real=0.00 secs] 
2014-07-08T05:45:50.839+0000: 1014.298: [GC [PSYoungGen: 176900K->954K(212480K)] 354709K->178851K(899456K), 0.0096860 secs] [Times: user=0.05 sys=0.01, real=0.01 secs] 
2014-07-08T05:45:51.569+0000: 1015.029: [GC [PSYoungGen: 212474K->744K(207552K)] 390371K->178721K(894528K), 0.0035220 secs] [Times: user=0.02 sys=0.00, real=0.01 secs] 
2014-07-08T05:45:52.277+0000: 1015.736: [GC [PSYoungGen: 207491K->850K(203136K)] 385469K->178892K(890112K), 0.0056270 secs] [Times: user=0.03 sys=0.00, real=0.01 secs] 
2014-07-08T05:45:53.132+0000: 1016.592: [GC [PSYoungGen: 203047K->968K(198848K)] 381089K->179089K(885824K), 0.0052230 secs] [Times: user=0.03 sys=0.00, real=0.00 secs] 
2014-07-08T05:45:53.677+0000: 1017.137: [GC [PSYoungGen: 198792K->548K(194112K)] 376913K->178709K(881088K), 0.0074590 secs] [Times: user=0.05 sys=0.00, real=0.01 secs] 
2014-07-08T05:45:54.364+0000: 1017.824: [GC [PSYoungGen: 194084K->812K(190272K)] 372245K->179070K(877248K), 0.0042370 secs] [Times: user=0.03 sys=0.00, real=0.00 secs] 
2014-07-08T05:45:55.090+0000: 1018.550: [GC [PSYoungGen: 190246K->964K(186496K)] 368504K->179285K(873472K), 0.0089290 secs] [Times: user=0.05 sys=0.00, real=0.01 secs] 
2014-07-08T05:45:55.676+0000: 1019.135: [GC [PSYoungGen: 186420K->744K(209472K)] 364742K->179137K(896448K), 0.0086080 secs] [Times: user=0.04 sys=0.00, real=0.01 secs] 
2014-07-08T05:45:56.414+0000: 1019.873: [GC [PSYoungGen: 209320K->694K(204672K)] 387713K->179159K(891648K), 0.0047160 secs] [Times: user=0.02 sys=0.00, real=0.00 secs] 
2014-07-08T05:45:57.223+0000: 1020.682: [GC [PSYoungGen: 204623K->626K(200128K)] 383089K->179624K(887104K), 0.0043740 secs] [Times: user=0.02 sys=0.00, real=0.00 secs] 
2014-07-08T05:45:57.832+0000: 1021.291: [GC [PSYoungGen: 200114K->1328K(196544K)] 379112K->180416K(883520K), 0.0076990 secs] [Times: user=0.04 sys=0.01, real=0.00 secs] 
2014-07-08T05:45:58.511+0000: 1021.970: [GC [PSYoungGen: 196528K->750K(191808K)] 375616K->180300K(878784K), 0.0056630 secs] [Times: user=0.03 sys=0.00, real=0.01 secs] 
2014-07-08T05:45:59.289+0000: 1022.749: [GC [PSYoungGen: 191790K->1531K(188544K)] 371340K->181270K(875520K), 0.0070530 secs] [Times: user=0.04 sys=0.00, real=0.01 secs] 
2014-07-08T05:45:59.844+0000: 1023.303: [GC [PSYoungGen: 188539K->808K(183936K)] 368278K->180754K(870912K), 0.0057910 secs] [Times: user=0.03 sys=0.01, real=0.00 secs] 
2014-07-08T05:46:00.466+0000: 1023.926: [GC [PSYoungGen: 183912K->1128K(180480K)] 363858K->181146K(867456K), 0.0065900 secs] [Times: user=0.03 sys=0.00, real=0.01 secs] 
2014-07-08T05:46:01.145+0000: 1024.604: [GC [PSYoungGen: 180449K->1254K(176960K)] 360467K->181394K(863936K), 0.0058730 secs] [Times: user=0.03 sys=0.00, real=0.00 secs] 
2014-07-08T05:46:01.701+0000: 1025.161: [GC [PSYoungGen: 176934K->772K(172992K)] 357074K->181008K(859968K), 0.0054910 secs] [Times: user=0.03 sys=0.00, real=0.01 secs] 
2014-07-08T05:46:02.341+0000: 1025.801: [GC [PSYoungGen: 172932K->786K(169600K)] 353168K->181102K(856576K), 0.0036090 secs] [Times: user=0.01 sys=0.00, real=0.01 secs] 
2014-07-08T05:46:02.937+0000: 1026.397: [GC [PSYoungGen: 169554K->1490K(166976K)] 349870K->181879K(853952K), 0.0040140 secs] [Times: user=0.01 sys=0.00, real=0.00 secs] 
2014-07-08T05:46:03.471+0000: 1026.931: [GC [PSYoungGen: 166903K->858K(163136K)] 347291K->181342K(850112K), 0.0061060 secs] [Times: user=0.03 sys=0.00, real=0.01 secs] 
2014-07-08T05:46:04.088+0000: 1027.547: [GC [PSYoungGen: 163059K->1362K(160576K)] 343543K->181887K(847552K), 0.0073360 secs] [Times: user=0.04 sys=0.00, real=0.01 secs] 
2014-07-08T05:46:04.631+0000: 1028.091: [GC [PSYoungGen: 160530K->1206K(157376K)] 341055K->181826K(844352K), 0.0044700 secs] [Times: user=0.02 sys=0.00, real=0.01 secs] 
2014-07-08T05:46:05.159+0000: 1028.618: [GC [PSYoungGen: 157366K->914K(154176K)] 337986K->181614K(841152K), 0.0055380 secs] [Times: user=0.03 sys=0.00, real=0.01 secs] 
2014-07-08T05:46:05.660+0000: 1029.120: [GC [PSYoungGen: 154130K->680K(184576K)] 334830K->181460K(871552K), 0.0070050 secs] [Times: user=0.04 sys=0.00, real=0.01 secs] 
2014-07-08T05:46:06.317+0000: 1029.776: [GC [PSYoungGen: 184552K->940K(200384K)] 365332K->181792K(887360K), 0.0107810 secs] [Times: user=0.06 sys=0.00, real=0.01 secs] 
2014-07-08T05:46:07.064+0000: 1030.524: [GC [PSYoungGen: 199532K->1331K(222336K)] 380384K->182247K(909312K), 0.0132480 secs] [Times: user=0.07 sys=0.00, real=0.01 secs] 
2014-07-08T05:46:07.793+0000: 1031.252: [GC [PSYoungGen: 221919K->1204K(222400K)] 402836K->182200K(909376K), 0.0037940 secs] [Times: user=0.02 sys=0.00, real=0.00 secs] 
2014-07-08T05:46:08.573+0000: 1032.032: [GC [PSYoungGen: 221812K->929K(266496K)] 402808K->182013K(953472K), 0.0075860 secs] [Times: user=0.05 sys=0.00, real=0.01 secs] 
2014-07-08T05:46:09.501+0000: 1032.960: [GC [PSYoungGen: 265689K->1025K(259200K)] 446773K->182189K(946176K), 0.0036030 secs] [Times: user=0.02 sys=0.01, real=0.01 secs] 
2014-07-08T05:46:10.472+0000: 1033.932: [GC [PSYoungGen: 259137K->680K(252416K)] 440301K->182192K(939392K), 0.0050410 secs] [Times: user=0.02 sys=0.00, real=0.01 secs] 
2014-07-08T05:46:11.299+0000: 1034.759: [GC [PSYoungGen: 252392K->922K(246464K)] 433904K->182490K(933440K), 0.0044360 secs] [Times: user=0.02 sys=0.00, real=0.00 secs] 
2014-07-08T05:46:12.275+0000: 1035.734: [GC [PSYoungGen: 246426K->1136K(240704K)] 427994K->182842K(927680K), 0.0036300 secs] [Times: user=0.02 sys=0.01, real=0.00 secs] 
2014-07-08T05:46:13.024+0000: 1036.484: [GC [PSYoungGen: 240665K->978K(234816K)] 422371K->182764K(921792K), 0.0075360 secs] [Times: user=0.05 sys=0.00, real=0.00 secs] 
2014-07-08T05:46:13.809+0000: 1037.268: [GC [PSYoungGen: 234770K->950K(229248K)] 416556K->182824K(916224K), 0.0060210 secs] [Times: user=0.03 sys=0.00, real=0.01 secs] 
2014-07-08T05:46:14.605+0000: 1038.065: [GC [PSYoungGen: 229213K->762K(223744K)] 411087K->182700K(910720K), 0.0084740 secs] [Times: user=0.05 sys=0.00, real=0.00 secs] 
2014-07-08T05:46:15.376+0000: 1038.835: [GC [PSYoungGen: 223738K->708K(218624K)] 405676K->182734K(905600K), 0.0048490 secs] [Times: user=0.03 sys=0.00, real=0.00 secs] 
2014-07-08T05:46:16.171+0000: 1039.631: [GC [PSYoungGen: 218564K->676K(213632K)] 400590K->182774K(900608K), 0.0053240 secs] [Times: user=0.03 sys=0.00, real=0.01 secs] 
2014-07-08T05:46:16.921+0000: 1040.380: [GC [PSYoungGen: 213579K->890K(209024K)] 395677K->183044K(896000K), 0.0077220 secs] [Times: user=0.04 sys=0.00, real=0.01 secs] 
2014-07-08T05:46:17.609+0000: 1041.069: [GC [PSYoungGen: 208997K->840K(204416K)] 391152K->183074K(891392K), 0.0067750 secs] [Times: user=0.04 sys=0.00, real=0.01 secs] 
2014-07-08T05:46:18.329+0000: 1041.789: [GC [PSYoungGen: 204360K->598K(199680K)] 386594K->182888K(886656K), 0.0075740 secs] [Times: user=0.05 sys=0.00, real=0.01 secs] 
2014-07-08T05:46:19.060+0000: 1042.519: [GC [PSYoungGen: 199638K->1386K(196160K)] 381928K->183772K(883136K), 0.0037650 secs] [Times: user=0.02 sys=0.00, real=0.00 secs] 
2014-07-08T05:46:19.706+0000: 1043.166: [GC [PSYoungGen: 196138K->730K(191360K)] 378524K->183172K(878336K), 0.0053480 secs] [Times: user=0.03 sys=0.00, real=0.00 secs] 
2014-07-08T05:46:20.374+0000: 1043.833: [GC [PSYoungGen: 191322K->844K(187456K)] 373764K->183366K(874432K), 0.0037190 secs] [Times: user=0.02 sys=0.00, real=0.01 secs] 
2014-07-08T05:46:21.113+0000: 1044.572: [GC [PSYoungGen: 187404K->1356K(184064K)] 369926K->183982K(871040K), 0.0035310 secs] [Times: user=0.02 sys=0.00, real=0.01 secs] 
2014-07-08T05:46:21.701+0000: 1045.160: [GC [PSYoungGen: 184012K->882K(179776K)] 366638K->183572K(866752K), 0.0068390 secs] [Times: user=0.02 sys=0.00, real=0.01 secs] 
2014-07-08T05:46:22.352+0000: 1045.812: [GC [PSYoungGen: 179762K->612K(175872K)] 362452K->183374K(862848K), 0.0033910 secs] [Times: user=0.02 sys=0.00, real=0.01 secs] 
2014-07-08T05:46:22.919+0000: 1046.378: [GC [PSYoungGen: 175844K->1146K(172864K)] 358606K->184012K(859840K), 0.0037450 secs] [Times: user=0.02 sys=0.00, real=0.00 secs] 
2014-07-08T05:46:23.519+0000: 1046.979: [GC [PSYoungGen: 172858K->826K(169152K)] 355724K->183772K(856128K), 0.0043340 secs] [Times: user=0.02 sys=0.00, real=0.00 secs] 
2014-07-08T05:46:24.135+0000: 1047.595: [GC [PSYoungGen: 169146K->942K(166016K)] 352092K->183976K(852992K), 0.0057310 secs] [Times: user=0.03 sys=0.00, real=0.00 secs] 
2014-07-08T05:46:24.677+0000: 1048.136: [GC [PSYoungGen: 165998K->740K(162624K)] 349032K->183870K(849600K), 0.0027560 secs] [Times: user=0.01 sys=0.00, real=0.00 secs] 
2014-07-08T05:46:25.237+0000: 1048.697: [GC [PSYoungGen: 162596K->882K(159680K)] 345726K->184076K(846656K), 0.0033770 secs] [Times: user=0.01 sys=0.00, real=0.00 secs] 
2014-07-08T05:46:25.790+0000: 1049.249: [GC [PSYoungGen: 159666K->1134K(156928K)] 342860K->184385K(843904K), 0.0056750 secs] [Times: user=0.04 sys=0.00, real=0.00 secs] 
2014-07-08T05:46:26.338+0000: 1049.798: [GC [PSYoungGen: 156910K->736K(187712K)] 340161K->184026K(874688K), 0.0143200 secs] [Times: user=0.08 sys=0.00, real=0.01 secs] 
2014-07-08T05:46:27.102+0000: 1050.561: [GC [PSYoungGen: 187680K->1078K(225472K)] 370970K->184578K(912448K), 0.0084320 secs] [Times: user=0.06 sys=0.00, real=0.01 secs] 
2014-07-08T05:46:27.814+0000: 1051.274: [GC [PSYoungGen: 225458K->1064K(250944K)] 408958K->184636K(937920K), 0.0074800 secs] [Times: user=0.04 sys=0.00, real=0.01 secs] 
2014-07-08T05:46:28.658+0000: 1052.117: [GC [PSYoungGen: 250472K->940K(244288K)] 434044K->184608K(931264K), 0.0045720 secs] [Times: user=0.03 sys=0.00, real=0.00 secs] 
2014-07-08T05:46:29.514+0000: 1052.973: [GC [PSYoungGen: 244257K->762K(238208K)] 427925K->184510K(925184K), 0.0037650 secs] [Times: user=0.02 sys=0.00, real=0.01 secs] 
2014-07-08T05:46:30.357+0000: 1053.816: [GC [PSYoungGen: 238202K->726K(232576K)] 421950K->184562K(919552K), 0.0061350 secs] [Times: user=0.03 sys=0.00, real=0.00 secs] 
2014-07-08T05:46:31.169+0000: 1054.629: [GC [PSYoungGen: 232534K->886K(227264K)] 416370K->184810K(914240K), 0.0047750 secs] [Times: user=0.01 sys=0.00, real=0.00 secs] 
2014-07-08T05:46:31.966+0000: 1055.425: [GC [PSYoungGen: 227254K->1040K(222208K)] 411178K->185020K(909184K), 0.0030680 secs] [Times: user=0.02 sys=0.00, real=0.01 secs] 
2014-07-08T05:46:32.783+0000: 1056.242: [GC [PSYoungGen: 222160K->1228K(217344K)] 406140K->185272K(904320K), 0.0078560 secs] [Times: user=0.04 sys=0.00, real=0.01 secs] 
2014-07-08T05:46:33.466+0000: 1056.925: [GC [PSYoungGen: 217285K->502K(211712K)] 401330K->184764K(898688K), 0.0064820 secs] [Times: user=0.04 sys=0.00, real=0.01 secs] 
2014-07-08T05:46:34.200+0000: 1057.659: [GC [PSYoungGen: 211702K->758K(207232K)] 395964K->185084K(894208K), 0.0044260 secs] [Times: user=0.02 sys=0.00, real=0.00 secs] 
2014-07-08T05:46:34.953+0000: 1058.412: [GC [PSYoungGen: 207222K->1082K(203008K)] 391548K->185554K(889984K), 0.0034040 secs] [Times: user=0.02 sys=0.00, real=0.00 secs] 
2014-07-08T05:46:35.633+0000: 1059.092: [GC [PSYoungGen: 202970K->826K(198336K)] 387443K->185370K(885312K), 0.0057260 secs] [Times: user=0.03 sys=0.00, real=0.01 secs] 
2014-07-08T05:46:36.325+0000: 1059.784: [GC [PSYoungGen: 198330K->712K(194048K)] 382874K->185336K(881024K), 0.0040510 secs] [Times: user=0.02 sys=0.00, real=0.01 secs] 
2014-07-08T05:46:37.026+0000: 1060.486: [GC [PSYoungGen: 193992K->1196K(190400K)] 378616K->185884K(877376K), 0.0057170 secs] [Times: user=0.04 sys=0.01, real=0.01 secs] 
2014-07-08T05:46:37.659+0000: 1061.119: [GC [PSYoungGen: 190380K->868K(186112K)] 375068K->185613K(873088K), 0.0051270 secs] [Times: user=0.03 sys=0.00, real=0.00 secs] 
2014-07-08T05:46:38.348+0000: 1061.807: [GC [PSYoungGen: 186084K->974K(182400K)] 370829K->185822K(869376K), 0.0036440 secs] [Times: user=0.02 sys=0.00, real=0.00 secs] 
2014-07-08T05:46:38.952+0000: 1062.412: [GC [PSYoungGen: 182337K->886K(178560K)] 367186K->185830K(865536K), 0.0038440 secs] [Times: user=0.03 sys=0.00, real=0.00 secs] 
2014-07-08T05:46:39.553+0000: 1063.013: [GC [PSYoungGen: 178550K->808K(174912K)] 363494K->185848K(861888K), 0.0081620 secs] [Times: user=0.05 sys=0.00, real=0.01 secs] 
2014-07-08T05:46:40.176+0000: 1063.635: [GC [PSYoungGen: 174888K->662K(171328K)] 359928K->185766K(858304K), 0.0066030 secs] [Times: user=0.04 sys=0.00, real=0.01 secs] 
2014-07-08T05:46:40.773+0000: 1064.233: [GC [PSYoungGen: 171281K->1164K(168448K)] 356385K->186356K(855424K), 0.0074530 secs] [Times: user=0.05 sys=0.01, real=0.01 secs] 
2014-07-08T05:46:41.348+0000: 1064.807: [GC [PSYoungGen: 168396K->800K(164800K)] 353588K->186082K(851776K), 0.0066590 secs] [Times: user=0.03 sys=0.00, real=0.00 secs] 
2014-07-08T05:46:41.934+0000: 1065.393: [GC [PSYoungGen: 164768K->1000K(161856K)] 350050K->186338K(848832K), 0.0058020 secs] [Times: user=0.02 sys=0.00, real=0.01 secs] 
2014-07-08T05:46:42.512+0000: 1065.972: [GC [PSYoungGen: 161832K->918K(193984K)] 347170K->186304K(880960K), 0.0072940 secs] [Times: user=0.05 sys=0.00, real=0.01 secs] 
2014-07-08T05:46:43.181+0000: 1066.640: [GC [PSYoungGen: 193942K->580K(232320K)] 379328K->186022K(919296K), 0.0070540 secs] [Times: user=0.04 sys=0.00, real=0.00 secs] 
2014-07-08T05:46:44.029+0000: 1067.488: [GC [PSYoungGen: 232260K->1042K(227328K)] 417702K->186548K(914304K), 0.0058220 secs] [Times: user=0.04 sys=0.00, real=0.00 secs] 
2014-07-08T05:46:44.750+0000: 1068.210: [GC [PSYoungGen: 227219K->751K(221760K)] 412726K->186305K(908736K), 0.0068060 secs] [Times: user=0.04 sys=0.00, real=0.00 secs] 
2014-07-08T05:46:45.531+0000: 1068.990: [GC [PSYoungGen: 221743K->712K(216704K)] 407297K->186354K(903680K), 0.0044990 secs] [Times: user=0.02 sys=0.00, real=0.00 secs] 
2014-07-08T05:46:46.288+0000: 1069.747: [GC [PSYoungGen: 216648K->758K(211840K)] 402290K->186480K(898816K), 0.0074330 secs] [Times: user=0.04 sys=0.00, real=0.01 secs] 
2014-07-08T05:46:47.100+0000: 1070.560: [GC [PSYoungGen: 211829K->1156K(207552K)] 397552K->186910K(894528K), 0.0092050 secs] [Times: user=0.05 sys=0.00, real=0.01 secs] 
2014-07-08T05:46:47.752+0000: 1071.212: [GC [PSYoungGen: 207492K->822K(202624K)] 393246K->186632K(889600K), 0.0055730 secs] [Times: user=0.02 sys=0.00, real=0.00 secs] 
2014-07-08T05:46:48.465+0000: 1071.925: [GC [PSYoungGen: 202614K->804K(198208K)] 388424K->186662K(885184K), 0.0081750 secs] [Times: user=0.05 sys=0.01, real=0.01 secs] 
2014-07-08T05:46:49.197+0000: 1072.656: [GC [PSYoungGen: 198170K->1093K(194304K)] 384028K->187047K(881280K), 0.0052950 secs] [Times: user=0.03 sys=0.01, real=0.01 secs] 
2014-07-08T05:46:49.891+0000: 1073.350: [GC [PSYoungGen: 194245K->612K(189696K)] 380199K->186864K(876672K), 0.0083540 secs] [Times: user=0.04 sys=0.01, real=0.01 secs] 
2014-07-08T05:46:50.499+0000: 1073.958: [GC [PSYoungGen: 189639K->762K(185856K)] 375892K->187086K(872832K), 0.0038800 secs] [Times: user=0.02 sys=0.01, real=0.00 secs] 
2014-07-08T05:46:51.183+0000: 1074.642: [GC [PSYoungGen: 185850K->908K(182208K)] 372174K->187368K(869184K), 0.0087350 secs] [Times: user=0.06 sys=0.00, real=0.01 secs] 
2014-07-08T05:46:51.787+0000: 1075.247: [GC [PSYoungGen: 182111K->1075K(178624K)] 368571K->187615K(865600K), 0.0063650 secs] [Times: user=0.04 sys=0.00, real=0.01 secs] 
2014-07-08T05:46:52.415+0000: 1075.874: [GC [PSYoungGen: 178611K->555K(213632K)] 365151K->187313K(900608K), 0.0133810 secs] [Times: user=0.09 sys=0.00, real=0.01 secs] 
2014-07-08T05:46:53.201+0000: 1076.661: [GC [PSYoungGen: 213611K->1139K(254208K)] 400369K->187969K(941184K), 0.0036170 secs] [Times: user=0.01 sys=0.00, real=0.00 secs] 
2014-07-08T05:46:54.095+0000: 1077.555: [GC [PSYoungGen: 254064K->1262K(248000K)] 440894K->188263K(934976K), 0.0039250 secs] [Times: user=0.02 sys=0.00, real=0.00 secs] 
2014-07-08T05:46:54.950+0000: 1078.409: [GC [PSYoungGen: 247939K->1294K(242048K)] 434940K->188367K(929024K), 0.0041220 secs] [Times: user=0.02 sys=0.01, real=0.00 secs] 
2014-07-08T05:46:55.787+0000: 1079.247: [GC [PSYoungGen: 241998K->242K(235200K)] 429071K->187792K(922176K), 0.0037780 secs] [Times: user=0.02 sys=0.00, real=0.01 secs] 
2014-07-08T05:46:56.598+0000: 1080.057: [GC [PSYoungGen: 235186K->1262K(230656K)] 422736K->188868K(917632K), 0.0095040 secs] [Times: user=0.06 sys=0.00, real=0.01 secs] 
2014-07-08T05:46:57.395+0000: 1080.855: [GC [PSYoungGen: 230638K->762K(224768K)] 418244K->188686K(911744K), 0.0105920 secs] [Times: user=0.07 sys=0.00, real=0.01 secs] 
2014-07-08T05:46:58.198+0000: 1081.657: [GC [PSYoungGen: 224762K->776K(219648K)] 412686K->188804K(906624K), 0.0037680 secs] [Times: user=0.02 sys=0.00, real=0.01 secs] 
2014-07-08T05:46:58.976+0000: 1082.435: [GC [PSYoungGen: 219592K->1380K(215232K)] 407620K->189465K(902208K), 0.0057990 secs] [Times: user=0.03 sys=0.00, real=0.01 secs] 
2014-07-08T05:46:59.681+0000: 1083.141: [GC [PSYoungGen: 215204K->832K(209920K)] 403289K->188997K(896896K), 0.0044850 secs] [Times: user=0.02 sys=0.00, real=0.00 secs] 
2014-07-08T05:47:00.408+0000: 1083.867: [GC [PSYoungGen: 209856K->730K(205120K)] 398021K->188966K(892096K), 0.0082010 secs] [Times: user=0.05 sys=0.00, real=0.01 secs] 
2014-07-08T05:47:01.160+0000: 1084.619: [GC [PSYoungGen: 205076K->662K(200576K)] 393312K->188970K(887552K), 0.0044670 secs] [Times: user=0.02 sys=0.00, real=0.01 secs] 
2014-07-08T05:47:01.834+0000: 1085.293: [GC [PSYoungGen: 200530K->858K(196416K)] 388839K->189230K(883392K), 0.0071790 secs] [Times: user=0.04 sys=0.01, real=0.01 secs] 
2014-07-08T05:47:02.564+0000: 1086.024: [GC [PSYoungGen: 196378K->626K(192000K)] 384750K->189054K(878976K), 0.0105720 secs] [Times: user=0.06 sys=0.00, real=0.01 secs] 
2014-07-08T05:47:03.266+0000: 1086.726: [GC [PSYoungGen: 191919K->790K(188160K)] 380348K->189298K(875136K), 0.0062130 secs] [Times: user=0.04 sys=0.00, real=0.01 secs] 
2014-07-08T05:47:03.850+0000: 1087.309: [GC [PSYoungGen: 188118K->1078K(225920K)] 376626K->189643K(912896K), 0.0095370 secs] [Times: user=0.05 sys=0.00, real=0.01 secs] 
2014-07-08T05:47:04.630+0000: 1088.089: [GC [PSYoungGen: 225910K->794K(248384K)] 414475K->189446K(935360K), 0.0076290 secs] [Times: user=0.05 sys=0.00, real=0.01 secs] 
2014-07-08T05:47:05.484+0000: 1088.943: [GC [PSYoungGen: 248090K->1046K(242368K)] 436742K->189763K(929344K), 0.0040200 secs] [Times: user=0.02 sys=0.00, real=0.00 secs] 
2014-07-08T05:47:06.326+0000: 1089.786: [GC [PSYoungGen: 242326K->434K(235904K)] 431043K->189378K(922880K), 0.0062440 secs] [Times: user=0.04 sys=0.00, real=0.01 secs] 
2014-07-08T05:47:07.169+0000: 1090.629: [GC [PSYoungGen: 235890K->872K(230784K)] 424834K->189912K(917760K), 0.0055290 secs] [Times: user=0.03 sys=0.00, real=0.01 secs] 
2014-07-08T05:47:08.101+0000: 1091.560: [GC [PSYoungGen: 230760K->1398K(225920K)] 419800K->190635K(912896K), 0.0062810 secs] [Times: user=0.04 sys=0.00, real=0.01 secs] 
2014-07-08T05:47:08.729+0000: 1092.189: [GC [PSYoungGen: 225910K->828K(220160K)] 415147K->190129K(907136K), 0.0047240 secs] [Times: user=0.02 sys=0.00, real=0.01 secs] 
2014-07-08T05:47:09.498+0000: 1092.958: [GC [PSYoungGen: 220156K->676K(215040K)] 409457K->190064K(902016K), 0.0046500 secs] [Times: user=0.02 sys=0.00, real=0.01 secs] 
2014-07-08T05:47:10.235+0000: 1093.694: [GC [PSYoungGen: 214962K->730K(210240K)] 404351K->190190K(897216K), 0.0047820 secs] [Times: user=0.02 sys=0.00, real=0.00 secs] 
2014-07-08T05:47:10.995+0000: 1094.455: [GC [PSYoungGen: 210188K->1050K(205888K)] 399649K->190614K(892864K), 0.0052360 secs] [Times: user=0.03 sys=0.00, real=0.00 secs] 
2014-07-08T05:47:11.709+0000: 1095.169: [GC [PSYoungGen: 205850K->826K(201152K)] 395414K->190478K(888128K), 0.0073880 secs] [Times: user=0.04 sys=0.01, real=0.01 secs] 
2014-07-08T05:47:12.422+0000: 1095.881: [GC [PSYoungGen: 201146K->648K(196672K)] 390798K->190356K(883648K), 0.0050620 secs] [Times: user=0.02 sys=0.01, real=0.01 secs] 
2014-07-08T05:47:13.299+0000: 1096.758: [GC [PSYoungGen: 196616K->1248K(193024K)] 386324K->191013K(880000K), 0.0036230 secs] [Times: user=0.02 sys=0.00, real=0.00 secs] 
2014-07-08T05:47:13.916+0000: 1097.375: [GC [PSYoungGen: 192992K->872K(188608K)] 382757K->190724K(875584K), 0.0044360 secs] [Times: user=0.02 sys=0.01, real=0.00 secs] 
2014-07-08T05:47:14.450+0000: 1097.909: [GC [PSYoungGen: 188584K->676K(184512K)] 378436K->190632K(871488K), 0.0065660 secs] [Times: user=0.03 sys=0.00, real=0.01 secs] 
2014-07-08T05:47:15.102+0000: 1098.561: [GC [PSYoungGen: 184464K->836K(180928K)] 374421K->190840K(867904K), 0.0074560 secs] [Times: user=0.04 sys=0.00, real=0.01 secs] 
2014-07-08T05:47:15.683+0000: 1099.143: [GC [PSYoungGen: 180839K->776K(216896K)] 370844K->190860K(903872K), 0.0124440 secs] [Times: user=0.08 sys=0.00, real=0.01 secs] 
2014-07-08T05:47:16.433+0000: 1099.892: [GC [PSYoungGen: 216840K->676K(240320K)] 406924K->190840K(927296K), 0.0066750 secs] [Times: user=0.04 sys=0.00, real=0.01 secs] 
2014-07-08T05:47:17.269+0000: 1100.729: [GC [PSYoungGen: 239844K->676K(234176K)] 430008K->190920K(921152K), 0.0036590 secs] [Times: user=0.01 sys=0.00, real=0.00 secs] 
2014-07-08T05:47:18.216+0000: 1101.675: [GC [PSYoungGen: 234124K->672K(228672K)] 424369K->191631K(915648K), 0.0067260 secs] [Times: user=0.05 sys=0.00, real=0.00 secs] 
2014-07-08T05:47:18.872+0000: 1102.331: [GC [PSYoungGen: 228640K->1461K(224128K)] 419599K->192806K(911104K), 0.0042770 secs] [Times: user=0.02 sys=0.00, real=0.01 secs] 
2014-07-08T05:47:19.673+0000: 1103.132: [GC [PSYoungGen: 224117K->758K(218304K)] 415462K->192690K(905280K), 0.0067080 secs] [Times: user=0.04 sys=0.00, real=0.01 secs] 
2014-07-08T05:47:20.402+0000: 1103.862: [GC [PSYoungGen: 218294K->766K(213376K)] 410226K->192820K(900352K), 0.0068620 secs] [Times: user=0.04 sys=0.00, real=0.01 secs] 
2014-07-08T05:47:21.174+0000: 1104.633: [GC [PSYoungGen: 213374K->1384K(209216K)] 405428K->193502K(896192K), 0.0064710 secs] [Times: user=0.04 sys=0.00, real=0.01 secs] 
2014-07-08T05:47:21.863+0000: 1105.322: [GC [PSYoungGen: 209163K->790K(204032K)] 401281K->192972K(891008K), 0.0103420 secs] [Times: user=0.07 sys=0.00, real=0.01 secs] 
2014-07-08T05:47:22.577+0000: 1106.037: [GC [PSYoungGen: 203990K->926K(199744K)] 396172K->193188K(886720K), 0.0068090 secs] [Times: user=0.04 sys=0.00, real=0.01 secs] 
2014-07-08T05:47:23.330+0000: 1106.790: [GC [PSYoungGen: 199710K->1043K(195584K)] 391972K->193385K(882560K), 0.0063870 secs] [Times: user=0.04 sys=0.01, real=0.01 secs] 
2014-07-08T05:47:23.977+0000: 1107.437: [GC [PSYoungGen: 195539K->822K(234560K)] 387881K->193212K(921536K), 0.0162260 secs] [Times: user=0.10 sys=0.00, real=0.01 secs] 
2014-07-08T05:47:24.775+0000: 1108.234: [GC [PSYoungGen: 234038K->964K(234816K)] 426428K->193434K(921792K), 0.0073470 secs] [Times: user=0.04 sys=0.00, real=0.01 secs] 
2014-07-08T05:47:25.646+0000: 1109.105: [GC [PSYoungGen: 234180K->662K(281408K)] 426650K->193204K(968384K), 0.0079620 secs] [Times: user=0.05 sys=0.00, real=0.00 secs] 
2014-07-08T05:47:26.571+0000: 1110.030: [GC [PSYoungGen: 280525K->716K(281408K)] 473067K->193314K(968384K), 0.0065970 secs] [Times: user=0.04 sys=0.00, real=0.01 secs] 
2014-07-08T05:47:27.545+0000: 1111.005: [GC [PSYoungGen: 280588K->580K(273280K)] 473186K->193234K(960256K), 0.0055590 secs] [Times: user=0.03 sys=0.00, real=0.00 secs] 
2014-07-08T05:47:28.515+0000: 1111.974: [GC [PSYoungGen: 273220K->730K(266432K)] 465874K->193440K(953408K), 0.0038470 secs] [Times: user=0.02 sys=0.00, real=0.00 secs] 
2014-07-08T05:47:29.439+0000: 1112.898: [GC [PSYoungGen: 266394K->694K(259648K)] 459104K->193468K(946624K), 0.0035640 secs] [Times: user=0.01 sys=0.00, real=0.00 secs] 
2014-07-08T05:47:30.364+0000: 1113.823: [GC [PSYoungGen: 259638K->868K(253376K)] 452412K->193714K(940352K), 0.0054110 secs] [Times: user=0.03 sys=0.00, real=0.01 secs] 
2014-07-08T05:47:31.328+0000: 1114.787: [GC [PSYoungGen: 253348K->1114K(247424K)] 446194K->194024K(934400K), 0.0060720 secs] [Times: user=0.04 sys=0.00, real=0.00 secs] 
2014-07-08T05:47:32.143+0000: 1115.603: [GC [PSYoungGen: 247386K->776K(241088K)] 440296K->193758K(928064K), 0.0028250 secs] [Times: user=0.02 sys=0.00, real=0.01 secs] 
2014-07-08T05:47:33.025+0000: 1116.484: [GC [PSYoungGen: 240989K->1021K(235520K)] 433971K->194165K(922496K), 0.0124630 secs] [Times: user=0.08 sys=0.00, real=0.02 secs] 
2014-07-08T05:47:33.807+0000: 1117.266: [GC [PSYoungGen: 235508K->886K(229824K)] 428652K->194054K(916800K), 0.0118990 secs] [Times: user=0.07 sys=0.00, real=0.01 secs] 
2014-07-08T05:47:34.605+0000: 1118.064: [GC [PSYoungGen: 229812K->786K(275584K)] 422980K->194160K(962560K), 0.0121920 secs] [Times: user=0.07 sys=0.00, real=0.02 secs] 
2014-07-08T05:47:35.573+0000: 1119.032: [GC [PSYoungGen: 275536K->662K(330432K)] 468911K->194108K(1017408K), 0.0098650 secs] [Times: user=0.06 sys=0.00, real=0.01 secs] 
2014-07-08T05:47:36.712+0000: 1120.172: [GC [PSYoungGen: 330390K->498K(321024K)] 523836K->194000K(1008000K), 0.0043030 secs] [Times: user=0.01 sys=0.00, real=0.01 secs] 
2014-07-08T05:47:37.917+0000: 1121.376: [GC [PSYoungGen: 321005K->1368K(313088K)] 514507K->194918K(1000064K), 0.0051420 secs] [Times: user=0.02 sys=0.00, real=0.01 secs] 
2014-07-08T05:47:39.049+0000: 1122.508: [GC [PSYoungGen: 313048K->954K(304128K)] 506598K->194722K(991104K), 0.0152050 secs] [Times: user=0.10 sys=0.00, real=0.01 secs] 
2014-07-08T05:47:40.067+0000: 1123.527: [GC [PSYoungGen: 304122K->1188K(296192K)] 497890K->195036K(983168K), 0.0037550 secs] [Times: user=0.01 sys=0.00, real=0.00 secs] 
2014-07-08T05:47:41.041+0000: 1124.500: [GC [PSYoungGen: 296164K->740K(287936K)] 490012K->194710K(974912K), 0.0096180 secs] [Times: user=0.05 sys=0.00, real=0.01 secs] 
2014-07-08T05:47:42.065+0000: 1125.525: [GC [PSYoungGen: 287908K->1170K(280832K)] 481878K->195204K(967808K), 0.0084900 secs] [Times: user=0.05 sys=0.00, real=0.01 secs] 
2014-07-08T05:47:43.026+0000: 1126.486: [GC [PSYoungGen: 280786K->1270K(273664K)] 474820K->195384K(960640K), 0.0071470 secs] [Times: user=0.05 sys=0.00, real=0.01 secs] 
2014-07-08T05:47:43.972+0000: 1127.431: [GC [PSYoungGen: 273654K->1206K(266624K)] 467768K->195392K(953600K), 0.0078060 secs] [Times: user=0.04 sys=0.00, real=0.01 secs] 
2014-07-08T05:47:44.921+0000: 1128.381: [GC [PSYoungGen: 266614K->1004K(259712K)] 460800K->195310K(946688K), 0.0138260 secs] [Times: user=0.08 sys=0.00, real=0.01 secs] 
2014-07-08T05:47:45.804+0000: 1129.264: [GC [PSYoungGen: 259692K->1074K(311552K)] 453998K->195436K(998528K), 0.0119850 secs] [Times: user=0.07 sys=0.00, real=0.01 secs] 
2014-07-08T05:47:46.903+0000: 1130.363: [GC [PSYoungGen: 311538K->808K(302848K)] 505900K->195218K(989824K), 0.0063080 secs] [Times: user=0.04 sys=0.00, real=0.01 secs] 
2014-07-08T05:47:47.977+0000: 1131.436: [GC [PSYoungGen: 302824K->996K(294912K)] 497234K->195494K(981888K), 0.0050090 secs] [Times: user=0.03 sys=0.00, real=0.01 secs] 
2014-07-08T05:47:49.074+0000: 1132.534: [GC [PSYoungGen: 294884K->1096K(287232K)] 489382K->195666K(974208K), 0.0073410 secs] [Times: user=0.04 sys=0.00, real=0.01 secs] 
2014-07-08T05:47:50.036+0000: 1133.496: [GC [PSYoungGen: 287176K->918K(279552K)] 481746K->195552K(966528K), 0.0051830 secs] [Times: user=0.01 sys=0.00, real=0.01 secs] 
2014-07-08T05:47:51.011+0000: 1134.470: [GC [PSYoungGen: 279510K->942K(272320K)] 474144K->195616K(959296K), 0.0043000 secs] [Times: user=0.03 sys=0.00, real=0.00 secs] 
2014-07-08T05:47:51.932+0000: 1135.391: [GC [PSYoungGen: 272302K->840K(265344K)] 466976K->195570K(952320K), 0.0038440 secs] [Times: user=0.02 sys=0.00, real=0.00 secs] 
2014-07-08T05:47:52.838+0000: 1136.298: [GC [PSYoungGen: 265288K->790K(258624K)] 460018K->195568K(945600K), 0.0071250 secs] [Times: user=0.04 sys=0.01, real=0.01 secs] 
2014-07-08T05:47:53.813+0000: 1137.272: [GC [PSYoungGen: 258533K->1320K(252736K)] 453312K->196178K(939712K), 0.0055850 secs] [Times: user=0.04 sys=0.01, real=0.00 secs] 
2014-07-08T05:47:54.625+0000: 1138.084: [GC [PSYoungGen: 252673K->780K(246080K)] 447532K->195734K(933056K), 0.0038540 secs] [Times: user=0.02 sys=0.01, real=0.00 secs] 
2014-07-08T05:47:55.488+0000: 1138.948: [GC [PSYoungGen: 246028K->530K(239872K)] 440982K->195540K(926848K), 0.0078200 secs] [Times: user=0.04 sys=0.00, real=0.01 secs] 
2014-07-08T05:47:56.339+0000: 1139.798: [GC [PSYoungGen: 239794K->758K(234304K)] 434805K->195832K(921280K), 0.0050770 secs] [Times: user=0.02 sys=0.00, real=0.00 secs] 
2014-07-08T05:47:57.170+0000: 1140.630: [GC [PSYoungGen: 234294K->594K(228672K)] 429368K->195756K(915648K), 0.0054810 secs] [Times: user=0.04 sys=0.00, real=0.00 secs] 
2014-07-08T05:47:57.976+0000: 1141.435: [GC [PSYoungGen: 228626K->1138K(223872K)] 423788K->196364K(910848K), 0.0142590 secs] [Times: user=0.09 sys=0.00, real=0.02 secs] 
2014-07-08T05:47:58.729+0000: 1142.188: [GC [PSYoungGen: 223809K->911K(218560K)] 419036K->196217K(905536K), 0.0032560 secs] [Times: user=0.02 sys=0.00, real=0.01 secs] 
2014-07-08T05:47:59.533+0000: 1142.992: [GC [PSYoungGen: 218511K->676K(213376K)] 413817K->196054K(900352K), 0.0052700 secs] [Times: user=0.04 sys=0.00, real=0.00 secs] 
2014-07-08T05:48:00.263+0000: 1143.722: [GC [PSYoungGen: 213348K->726K(208640K)] 408726K->196168K(895616K), 0.0050210 secs] [Times: user=0.03 sys=0.00, real=0.00 secs] 
2014-07-08T05:48:00.984+0000: 1144.444: [GC [PSYoungGen: 208548K->1302K(204608K)] 403990K->196824K(891584K), 0.0062800 secs] [Times: user=0.04 sys=0.00, real=0.01 secs] 
2014-07-08T05:48:01.682+0000: 1145.142: [GC [PSYoungGen: 204566K->780K(199616K)] 400088K->196366K(886592K), 0.0041530 secs] [Times: user=0.02 sys=0.01, real=0.00 secs] 
2014-07-08T05:48:02.370+0000: 1145.830: [GC [PSYoungGen: 199564K->918K(195456K)] 395150K->196560K(882432K), 0.0051950 secs] [Times: user=0.03 sys=0.01, real=0.00 secs] 
2014-07-08T05:48:03.060+0000: 1146.519: [GC [PSYoungGen: 195414K->1437K(191808K)] 391056K->197127K(878784K), 0.0094460 secs] [Times: user=0.05 sys=0.00, real=0.01 secs] 
2014-07-08T05:48:03.706+0000: 1147.166: [GC [PSYoungGen: 191773K->566K(186880K)] 387463K->196564K(873856K), 0.0062370 secs] [Times: user=0.03 sys=0.00, real=0.01 secs] 
2014-07-08T05:48:04.347+0000: 1147.807: [GC [PSYoungGen: 186870K->844K(183296K)] 382868K->196922K(870272K), 0.0057240 secs] [Times: user=0.04 sys=0.00, real=0.01 secs] 
2014-07-08T05:48:05.025+0000: 1148.484: [GC [PSYoungGen: 183244K->964K(179648K)] 379322K->197106K(866624K), 0.0040360 secs] [Times: user=0.02 sys=0.00, real=0.00 secs] 
2014-07-08T05:48:05.604+0000: 1149.064: [GC [PSYoungGen: 179571K->750K(175744K)] 375713K->196988K(862720K), 0.0037940 secs] [Times: user=0.02 sys=0.00, real=0.00 secs] 
2014-07-08T05:48:06.246+0000: 1149.706: [GC [PSYoungGen: 175726K->580K(172096K)] 371964K->196874K(859072K), 0.0045810 secs] [Times: user=0.03 sys=0.01, real=0.01 secs] 
2014-07-08T05:48:06.823+0000: 1150.282: [GC [PSYoungGen: 172036K->1096K(169216K)] 368330K->197478K(856192K), 0.0047120 secs] [Times: user=0.02 sys=0.01, real=0.00 secs] 
2014-07-08T05:48:07.410+0000: 1150.870: [GC [PSYoungGen: 169160K->844K(165696K)] 365542K->197314K(852672K), 0.0048640 secs] [Times: user=0.03 sys=0.00, real=0.01 secs] 
2014-07-08T05:48:08.007+0000: 1151.467: [GC [PSYoungGen: 165644K->1246K(162880K)] 362114K->197764K(849856K), 0.0050160 secs] [Times: user=0.01 sys=0.00, real=0.01 secs] 
2014-07-08T05:48:08.591+0000: 1152.050: [GC [PSYoungGen: 162846K->814K(159360K)] 359364K->197756K(846336K), 0.0081630 secs] [Times: user=0.05 sys=0.00, real=0.01 secs] 
2014-07-08T05:48:09.128+0000: 1152.587: [GC [PSYoungGen: 159342K->1581K(191872K)] 356284K->198651K(878848K), 0.0126070 secs] [Times: user=0.07 sys=0.00, real=0.01 secs] 
2014-07-08T05:48:09.756+0000: 1153.215: [GC [PSYoungGen: 191853K->794K(229184K)] 388923K->198206K(916160K), 0.0074860 secs] [Times: user=0.05 sys=0.00, real=0.01 secs] 
2014-07-08T05:48:10.547+0000: 1154.006: [GC [PSYoungGen: 229146K->630K(274688K)] 426558K->198188K(961664K), 0.0052770 secs] [Times: user=0.03 sys=0.00, real=0.01 secs] 
2014-07-08T05:48:11.534+0000: 1154.993: [GC [PSYoungGen: 274661K->676K(267712K)] 472220K->198314K(954688K), 0.0041350 secs] [Times: user=0.02 sys=0.00, real=0.00 secs] 
2014-07-08T05:48:12.446+0000: 1155.906: [GC [PSYoungGen: 267667K->566K(260800K)] 465306K->198260K(947776K), 0.0041960 secs] [Times: user=0.02 sys=0.01, real=0.00 secs] 
2014-07-08T05:48:13.358+0000: 1156.818: [GC [PSYoungGen: 260751K->730K(254464K)] 458445K->198488K(941440K), 0.0035380 secs] [Times: user=0.01 sys=0.00, real=0.01 secs] 
2014-07-08T05:48:14.262+0000: 1157.721: [GC [PSYoungGen: 254426K->950K(248384K)] 452184K->198788K(935360K), 0.0047110 secs] [Times: user=0.02 sys=0.00, real=0.00 secs] 
2014-07-08T05:48:15.159+0000: 1158.618: [GC [PSYoungGen: 248374K->1007K(242432K)] 446212K->198909K(929408K), 0.0071110 secs] [Times: user=0.03 sys=0.01, real=0.01 secs] 
2014-07-08T05:48:16.000+0000: 1159.459: [GC [PSYoungGen: 242415K->1068K(236672K)] 440317K->199034K(923648K), 0.0064850 secs] [Times: user=0.04 sys=0.00, real=0.01 secs] 
2014-07-08T05:48:16.803+0000: 1160.262: [GC [PSYoungGen: 236652K->772K(230848K)] 434618K->198786K(917824K), 0.0093530 secs] [Times: user=0.05 sys=0.00, real=0.00 secs] 
2014-07-08T05:48:17.633+0000: 1161.092: [GC [PSYoungGen: 230788K->726K(225408K)] 428802K->198812K(912384K), 0.0062360 secs] [Times: user=0.03 sys=0.01, real=0.00 secs] 
2014-07-08T05:48:18.365+0000: 1161.825: [GC [PSYoungGen: 225366K->744K(220224K)] 423452K->198902K(907200K), 0.0063080 secs] [Times: user=0.03 sys=0.00, real=0.00 secs] 
2014-07-08T05:48:19.246+0000: 1162.706: [GC [PSYoungGen: 220200K->1346K(215872K)] 418358K->199584K(902848K), 0.0034220 secs] [Times: user=0.02 sys=0.00, real=0.00 secs] 
2014-07-08T05:48:19.887+0000: 1163.346: [GC [PSYoungGen: 215810K->826K(210432K)] 414048K->199242K(897408K), 0.0057750 secs] [Times: user=0.03 sys=0.00, real=0.00 secs] 
2014-07-08T05:48:20.619+0000: 1164.079: [GC [PSYoungGen: 210426K->694K(205632K)] 408842K->199198K(892608K), 0.0065910 secs] [Times: user=0.04 sys=0.00, real=0.01 secs] 
2014-07-08T05:48:21.337+0000: 1164.796: [GC [PSYoungGen: 205622K->712K(201216K)] 404126K->199296K(888192K), 0.0047080 secs] [Times: user=0.02 sys=0.00, real=0.00 secs] 
2014-07-08T05:48:22.142+0000: 1165.601: [GC [PSYoungGen: 201159K->1520K(197632K)] 399744K->200200K(884608K), 0.0070500 secs] [Times: user=0.04 sys=0.01, real=0.01 secs] 
2014-07-08T05:48:22.761+0000: 1166.221: [GC [PSYoungGen: 197616K->808K(192704K)] 396296K->199592K(879680K), 0.0046270 secs] [Times: user=0.03 sys=0.00, real=0.01 secs] 
2014-07-08T05:48:23.403+0000: 1166.862: [GC [PSYoungGen: 192680K->648K(188544K)] 391464K->199488K(875520K), 0.0036620 secs] [Times: user=0.02 sys=0.00, real=0.01 secs] 
2014-07-08T05:48:24.170+0000: 1167.629: [GC [PSYoungGen: 188440K->1086K(185024K)] 387281K->200022K(872000K), 0.0086450 secs] [Times: user=0.06 sys=0.00, real=0.01 secs] 
2014-07-08T05:48:24.682+0000: 1168.142: [GC [PSYoungGen: 185022K->680K(180864K)] 383958K->199664K(867840K), 0.0063480 secs] [Times: user=0.04 sys=0.00, real=0.01 secs] 
2014-07-08T05:48:25.324+0000: 1168.783: [GC [PSYoungGen: 180834K->630K(177152K)] 379818K->199654K(864128K), 0.0039390 secs] [Times: user=0.01 sys=0.01, real=0.01 secs] 
2014-07-08T05:48:25.976+0000: 1169.435: [GC [PSYoungGen: 177115K->1452K(174400K)] 376139K->200548K(861376K), 0.0064770 secs] [Times: user=0.04 sys=0.00, real=0.00 secs] 
2014-07-08T05:48:26.553+0000: 1170.013: [GC [PSYoungGen: 174371K->794K(170304K)] 373468K->199970K(857280K), 0.0056710 secs] [Times: user=0.03 sys=0.00, real=0.01 secs] 
2014-07-08T05:48:27.173+0000: 1170.632: [GC [PSYoungGen: 170266K->562K(203968K)] 369442K->199786K(890944K), 0.0127470 secs] [Times: user=0.08 sys=0.00, real=0.02 secs] 
2014-07-08T05:48:27.875+0000: 1171.334: [GC [PSYoungGen: 203935K->1174K(245312K)] 403159K->200454K(932288K), 0.0060530 secs] [Times: user=0.03 sys=0.01, real=0.00 secs] 
2014-07-08T05:48:28.727+0000: 1172.186: [GC [PSYoungGen: 245269K->730K(238976K)] 444550K->200066K(925952K), 0.0033560 secs] [Times: user=0.02 sys=0.00, real=0.00 secs] 
2014-07-08T05:48:29.563+0000: 1173.022: [GC [PSYoungGen: 238938K->644K(233216K)] 438274K->200060K(920192K), 0.0043120 secs] [Times: user=0.02 sys=0.00, real=0.01 secs] 
2014-07-08T05:48:30.369+0000: 1173.828: [GC [PSYoungGen: 233156K->626K(227648K)] 432572K->200090K(914624K), 0.0058050 secs] [Times: user=0.02 sys=0.00, real=0.00 secs] 
2014-07-08T05:48:31.206+0000: 1174.666: [GC [PSYoungGen: 227634K->1368K(223104K)] 427098K->200889K(910080K), 0.0072370 secs] [Times: user=0.04 sys=0.00, real=0.00 secs] 
2014-07-08T05:48:31.946+0000: 1175.406: [GC [PSYoungGen: 223064K->1066K(217664K)] 422585K->200651K(904640K), 0.0054920 secs] [Times: user=0.03 sys=0.01, real=0.00 secs] 
2014-07-08T05:48:32.702+0000: 1176.161: [GC [PSYoungGen: 217642K->783K(212480K)] 417227K->200463K(899456K), 0.0037530 secs] [Times: user=0.02 sys=0.00, real=0.01 secs] 
2014-07-08T05:48:33.514+0000: 1176.973: [GC [PSYoungGen: 212431K->1068K(208000K)] 412111K->200860K(894976K), 0.0075220 secs] [Times: user=0.04 sys=0.00, real=0.01 secs] 
2014-07-08T05:48:34.274+0000: 1177.733: [GC [PSYoungGen: 207980K->1342K(203712K)] 407772K->201206K(890688K), 0.0032040 secs] [Times: user=0.01 sys=0.00, real=0.01 secs] 
2014-07-08T05:48:34.883+0000: 1178.342: [GC [PSYoungGen: 203709K->876K(198848K)] 403573K->200796K(885824K), 0.0050880 secs] [Times: user=0.03 sys=0.00, real=0.01 secs] 
2014-07-08T05:48:35.581+0000: 1179.041: [GC [PSYoungGen: 198828K->822K(194496K)] 398748K->200830K(881472K), 0.0031760 secs] [Times: user=0.01 sys=0.00, real=0.00 secs] 
2014-07-08T05:48:36.261+0000: 1179.721: [GC [PSYoungGen: 194486K->744K(190336K)] 394494K->200816K(877312K), 0.0057870 secs] [Times: user=0.04 sys=0.00, real=0.01 secs] 
2014-07-08T05:48:36.950+0000: 1180.409: [GC [PSYoungGen: 190312K->918K(186560K)] 390384K->201054K(873536K), 0.0045340 secs] [Times: user=0.03 sys=0.00, real=0.00 secs] 
2014-07-08T05:48:37.582+0000: 1181.042: [GC [PSYoungGen: 186518K->858K(182656K)] 386654K->201082K(869632K), 0.0059630 secs] [Times: user=0.04 sys=0.00, real=0.01 secs] 
2014-07-08T05:48:38.236+0000: 1181.696: [GC [PSYoungGen: 182618K->580K(178688K)] 382842K->200884K(865664K), 0.0032280 secs] [Times: user=0.02 sys=0.00, real=0.00 secs] 
2014-07-08T05:48:38.835+0000: 1182.294: [GC [PSYoungGen: 178628K->864K(175360K)] 378932K->201232K(862336K), 0.0076330 secs] [Times: user=0.04 sys=0.00, real=0.01 secs] 
2014-07-08T05:48:39.553+0000: 1183.012: [GC [PSYoungGen: 175328K->1040K(172032K)] 375696K->201480K(859008K), 0.0045580 secs] [Times: user=0.02 sys=0.00, real=0.01 secs] 
2014-07-08T05:48:40.117+0000: 1183.576: [GC [PSYoungGen: 171984K->1220K(168832K)] 372424K->201764K(855808K), 0.0046710 secs] [Times: user=0.03 sys=0.00, real=0.00 secs] 
2014-07-08T05:48:40.619+0000: 1184.079: [GC [PSYoungGen: 168742K->502K(164800K)] 369286K->201449K(851776K), 0.0066320 secs] [Times: user=0.04 sys=0.00, real=0.01 secs] 
2014-07-08T05:48:41.250+0000: 1184.710: [GC [PSYoungGen: 164790K->982K(162176K)] 365737K->202002K(849152K), 0.0055680 secs] [Times: user=0.03 sys=0.00, real=0.00 secs] 
2014-07-08T05:48:41.764+0000: 1185.223: [GC [PSYoungGen: 162134K->680K(158784K)] 363154K->201837K(845760K), 0.0034660 secs] [Times: user=0.01 sys=0.01, real=0.01 secs] 
2014-07-08T05:48:42.325+0000: 1185.784: [GC [PSYoungGen: 158760K->762K(155904K)] 359917K->201991K(842880K), 0.0070240 secs] [Times: user=0.04 sys=0.00, real=0.01 secs] 
2014-07-08T05:48:42.881+0000: 1186.340: [GC [PSYoungGen: 155898K->1004K(153280K)] 357127K->202273K(840256K), 0.0053010 secs] [Times: user=0.02 sys=0.00, real=0.00 secs] 
2014-07-08T05:48:43.388+0000: 1186.847: [GC [PSYoungGen: 153217K->786K(150272K)] 354487K->202144K(837248K), 0.0034740 secs] [Times: user=0.02 sys=0.00, real=0.00 secs] 
2014-07-08T05:48:43.915+0000: 1187.375: [GC [PSYoungGen: 150225K->826K(180160K)] 351583K->202231K(867136K), 0.0153070 secs] [Times: user=0.08 sys=0.01, real=0.02 secs] 
2014-07-08T05:48:44.675+0000: 1188.134: [GC [PSYoungGen: 180154K->1342K(216576K)] 381559K->202964K(903552K), 0.0044820 secs] [Times: user=0.02 sys=0.01, real=0.01 secs] 
2014-07-08T05:48:45.372+0000: 1188.831: [GC [PSYoungGen: 216551K->569K(258880K)] 418173K->202560K(945856K), 0.0085920 secs] [Times: user=0.06 sys=0.00, real=0.01 secs] 
2014-07-08T05:48:46.234+0000: 1189.693: [GC [PSYoungGen: 258873K->762K(277632K)] 460864K->202825K(964608K), 0.0050740 secs] [Times: user=0.03 sys=0.01, real=0.01 secs] 
2014-07-08T05:48:47.230+0000: 1190.690: [GC [PSYoungGen: 276922K->1000K(270080K)] 478985K->203177K(957056K), 0.0038220 secs] [Times: user=0.02 sys=0.00, real=0.00 secs] 
2014-07-08T05:48:48.168+0000: 1191.628: [GC [PSYoungGen: 270056K->850K(263104K)] 472233K->203099K(950080K), 0.0075500 secs] [Times: user=0.04 sys=0.00, real=0.00 secs] 
2014-07-08T05:48:49.062+0000: 1192.522: [GC [PSYoungGen: 263058K->1067K(256704K)] 465307K->203506K(943680K), 0.0053790 secs] [Times: user=0.02 sys=0.00, real=0.01 secs] 
2014-07-08T05:48:49.945+0000: 1193.404: [GC [PSYoungGen: 256683K->954K(250240K)] 459122K->203449K(937216K), 0.0036610 secs] [Times: user=0.02 sys=0.01, real=0.01 secs] 
2014-07-08T05:48:50.815+0000: 1194.275: [GC [PSYoungGen: 250234K->754K(243968K)] 452729K->203429K(930944K), 0.0058900 secs] [Times: user=0.03 sys=0.00, real=0.01 secs] 
2014-07-08T05:48:51.657+0000: 1195.116: [GC [PSYoungGen: 243954K->644K(238016K)] 446629K->203399K(924992K), 0.0058850 secs] [Times: user=0.03 sys=0.00, real=0.01 secs] 
2014-07-08T05:48:52.479+0000: 1195.939: [GC [PSYoungGen: 237880K->1100K(232832K)] 440635K->203935K(919808K), 0.0058210 secs] [Times: user=0.03 sys=0.01, real=0.00 secs] 
2014-07-08T05:48:53.290+0000: 1196.749: [GC [PSYoungGen: 232780K->694K(226944K)] 435615K->203593K(913920K), 0.0049850 secs] [Times: user=0.03 sys=0.00, real=0.00 secs] 
2014-07-08T05:48:54.122+0000: 1197.582: [GC [PSYoungGen: 226934K->1146K(222144K)] 429833K->204117K(909120K), 0.0060490 secs] [Times: user=0.03 sys=0.00, real=0.01 secs] 
2014-07-08T05:48:54.880+0000: 1198.339: [GC [PSYoungGen: 222138K->960K(216960K)] 425109K->203995K(903936K), 0.0044180 secs] [Times: user=0.01 sys=0.01, real=0.00 secs] 
2014-07-08T05:48:55.617+0000: 1199.077: [GC [PSYoungGen: 216896K->612K(211712K)] 419931K->203727K(898688K), 0.0058140 secs] [Times: user=0.03 sys=0.00, real=0.01 secs] 
2014-07-08T05:48:56.426+0000: 1199.885: [GC [PSYoungGen: 211650K->868K(207232K)] 414765K->204039K(894208K), 0.0052240 secs] [Times: user=0.03 sys=0.00, real=0.01 secs] 
2014-07-08T05:48:57.122+0000: 1200.581: [GC [PSYoungGen: 207187K->954K(202752K)] 410358K->204157K(889728K), 0.0143130 secs] [Times: user=0.09 sys=0.01, real=0.01 secs] 
2014-07-08T05:48:57.789+0000: 1201.248: [GC [PSYoungGen: 202746K->890K(198272K)] 405949K->204189K(885248K), 0.0057600 secs] [Times: user=0.03 sys=0.00, real=0.00 secs] 
2014-07-08T05:48:58.481+0000: 1201.940: [GC [PSYoungGen: 198266K->772K(193984K)] 401565K->204127K(880960K), 0.0032480 secs] [Times: user=0.02 sys=0.00, real=0.00 secs] 
2014-07-08T05:48:59.202+0000: 1202.661: [GC [PSYoungGen: 193924K->1317K(190400K)] 397279K->205007K(877376K), 0.0039280 secs] [Times: user=0.02 sys=0.00, real=0.00 secs] 
2014-07-08T05:48:59.823+0000: 1203.283: [GC [PSYoungGen: 190340K->573K(185664K)] 394030K->204572K(872640K), 0.0083750 secs] [Times: user=0.05 sys=0.00, real=0.01 secs] 
2014-07-08T05:49:00.470+0000: 1203.930: [GC [PSYoungGen: 185628K->936K(182208K)] 389628K->205015K(869184K), 0.0063260 secs] [Times: user=0.03 sys=0.00, real=0.00 secs] 
2014-07-08T05:49:01.108+0000: 1204.567: [GC [PSYoungGen: 182184K->1284K(178880K)] 386263K->205501K(865856K), 0.0042530 secs] [Times: user=0.01 sys=0.01, real=0.01 secs] 
2014-07-08T05:49:01.708+0000: 1205.167: [GC [PSYoungGen: 178778K->915K(174912K)] 382995K->205204K(861888K), 0.0046550 secs] [Times: user=0.03 sys=0.00, real=0.01 secs] 
2014-07-08T05:49:02.408+0000: 1205.867: [GC [PSYoungGen: 174867K->826K(171328K)] 379156K->205269K(858304K), 0.0059920 secs] [Times: user=0.03 sys=0.00, real=0.01 secs] 
2014-07-08T05:49:02.932+0000: 1206.392: [GC [PSYoungGen: 171322K->886K(168000K)] 375765K->205377K(854976K), 0.0052840 secs] [Times: user=0.02 sys=0.00, real=0.00 secs] 
2014-07-08T05:49:03.499+0000: 1206.958: [GC [PSYoungGen: 167975K->780K(164672K)] 372466K->205383K(851648K), 0.0082920 secs] [Times: user=0.06 sys=0.00, real=0.01 secs] 
2014-07-08T05:49:04.120+0000: 1207.579: [GC [PSYoungGen: 164620K->1142K(197760K)] 369223K->205785K(884736K), 0.0120150 secs] [Times: user=0.07 sys=0.00, real=0.01 secs] 
2014-07-08T05:49:04.760+0000: 1208.220: [GC [PSYoungGen: 197737K->730K(236736K)] 402380K->205477K(923712K), 0.0053790 secs] [Times: user=0.03 sys=0.00, real=0.00 secs] 
2014-07-08T05:49:05.595+0000: 1209.054: [GC [PSYoungGen: 236686K->876K(284096K)] 441433K->205711K(971072K), 0.0061420 secs] [Times: user=0.03 sys=0.00, real=0.01 secs] 
2014-07-08T05:49:06.583+0000: 1210.042: [GC [PSYoungGen: 284076K->698K(276544K)] 488911K->205597K(963520K), 0.0061290 secs] [Times: user=0.04 sys=0.00, real=0.00 secs] 
2014-07-08T05:49:07.546+0000: 1211.005: [GC [PSYoungGen: 276538K->644K(269440K)] 481437K->205607K(956416K), 0.0059690 secs] [Times: user=0.04 sys=0.00, real=0.01 secs] 
2014-07-08T05:49:08.480+0000: 1211.940: [GC [PSYoungGen: 269380K->858K(262784K)] 474343K->205893K(949760K), 0.0078990 secs] [Times: user=0.03 sys=0.01, real=0.00 secs] 
2014-07-08T05:49:09.464+0000: 1212.923: [GC [PSYoungGen: 262746K->1170K(256512K)] 467781K->206285K(943488K), 0.0076200 secs] [Times: user=0.05 sys=0.00, real=0.01 secs] 
2014-07-08T05:49:10.331+0000: 1213.790: [GC [PSYoungGen: 256466K->612K(249600K)] 461581K->205881K(936576K), 0.0068460 secs] [Times: user=0.04 sys=0.00, real=0.01 secs] 
2014-07-08T05:49:11.190+0000: 1214.649: [GC [PSYoungGen: 249572K->876K(243776K)] 454841K->206241K(930752K), 0.0065020 secs] [Times: user=0.04 sys=0.01, real=0.01 secs] 
2014-07-08T05:49:12.042+0000: 1215.501: [GC [PSYoungGen: 243723K->822K(237824K)] 449088K->206409K(924800K), 0.0036620 secs] [Times: user=0.02 sys=0.01, real=0.00 secs] 
2014-07-08T05:49:12.850+0000: 1216.309: [GC [PSYoungGen: 237814K->797K(232192K)] 443401K->206440K(919168K), 0.0045710 secs] [Times: user=0.02 sys=0.01, real=0.01 secs] 
2014-07-08T05:49:13.659+0000: 1217.118: [GC [PSYoungGen: 232156K->864K(226816K)] 437800K->206579K(913792K), 0.0040940 secs] [Times: user=0.01 sys=0.00, real=0.01 secs] 
2014-07-08T05:49:14.562+0000: 1218.021: [GC [PSYoungGen: 226784K->1266K(221952K)] 432499K->207069K(908928K), 0.0079440 secs] [Times: user=0.05 sys=0.00, real=0.00 secs] 
2014-07-08T05:49:15.250+0000: 1218.709: [GC [PSYoungGen: 221938K->434K(216064K)] 427741K->206413K(903040K), 0.0058920 secs] [Times: user=0.03 sys=0.00, real=0.01 secs] 
2014-07-08T05:49:16.008+0000: 1219.467: [GC [PSYoungGen: 216050K->1182K(259968K)] 422029K->207291K(946944K), 0.0179550 secs] [Times: user=0.12 sys=0.01, real=0.02 secs] 
2014-07-08T05:49:16.905+0000: 1220.364: [GC [PSYoungGen: 259915K->882K(253184K)] 466025K->207211K(940160K), 0.0037370 secs] [Times: user=0.02 sys=0.00, real=0.00 secs] 
2014-07-08T05:49:17.776+0000: 1221.235: [GC [PSYoungGen: 253161K->1050K(291904K)] 459491K->207451K(978880K), 0.0115660 secs] [Times: user=0.07 sys=0.01, real=0.01 secs] 
2014-07-08T05:49:18.792+0000: 1222.251: [GC [PSYoungGen: 291546K->882K(283712K)] 497947K->207379K(970688K), 0.0048010 secs] [Times: user=0.02 sys=0.01, real=0.01 secs] 
2014-07-08T05:49:19.789+0000: 1223.248: [GC [PSYoungGen: 283646K->684K(276160K)] 490143K->207237K(963136K), 0.0038260 secs] [Times: user=0.01 sys=0.00, real=0.01 secs] 
2014-07-08T05:49:20.767+0000: 1224.226: [GC [PSYoungGen: 276140K->1081K(269440K)] 482693K->207715K(956416K), 0.0056970 secs] [Times: user=0.03 sys=0.00, real=0.01 secs] 
2014-07-08T05:49:21.674+0000: 1225.133: [GC [PSYoungGen: 269433K->708K(262336K)] 476067K->207437K(949312K), 0.0061570 secs] [Times: user=0.03 sys=0.00, real=0.00 secs] 
2014-07-08T05:49:22.583+0000: 1226.042: [GC [PSYoungGen: 262276K->726K(255808K)] 469005K->207543K(942784K), 0.0089420 secs] [Times: user=0.04 sys=0.00, real=0.01 secs] 
2014-07-08T05:49:23.477+0000: 1226.937: [GC [PSYoungGen: 255766K->680K(249408K)] 462583K->207545K(936384K), 0.0046350 secs] [Times: user=0.03 sys=0.00, real=0.00 secs] 
2014-07-08T05:49:24.343+0000: 1227.803: [GC [PSYoungGen: 249347K->694K(243328K)] 456212K->207647K(930304K), 0.0037280 secs] [Times: user=0.02 sys=0.00, real=0.00 secs] 
2014-07-08T05:49:25.225+0000: 1228.684: [GC [PSYoungGen: 243306K->890K(237696K)] 450260K->207947K(924672K), 0.0052470 secs] [Times: user=0.03 sys=0.00, real=0.00 secs] 
2014-07-08T05:49:26.132+0000: 1229.591: [GC [PSYoungGen: 237690K->1124K(232320K)] 444747K->208309K(919296K), 0.0038750 secs] [Times: user=0.02 sys=0.00, real=0.01 secs] 
2014-07-08T05:49:26.853+0000: 1230.312: [GC [PSYoungGen: 232284K->826K(226560K)] 439469K->208059K(913536K), 0.0091120 secs] [Times: user=0.06 sys=0.00, real=0.01 secs] 
2014-07-08T05:49:27.642+0000: 1231.101: [GC [PSYoungGen: 226515K->878K(221376K)] 433749K->208256K(908352K), 0.0043900 secs] [Times: user=0.02 sys=0.00, real=0.01 secs] 
2014-07-08T05:49:28.416+0000: 1231.875: [GC [PSYoungGen: 221358K->630K(216064K)] 428736K->208071K(903040K), 0.0037110 secs] [Times: user=0.01 sys=0.00, real=0.00 secs] 
2014-07-08T05:49:29.176+0000: 1232.635: [GC [PSYoungGen: 216054K->1082K(211648K)] 423495K->208653K(898624K), 0.0040910 secs] [Times: user=0.02 sys=0.01, real=0.00 secs] 
2014-07-08T05:49:29.946+0000: 1233.406: [GC [PSYoungGen: 211642K->1376K(207296K)] 419213K->209036K(894272K), 0.0034860 secs] [Times: user=0.02 sys=0.00, real=0.00 secs] 
2014-07-08T05:49:30.633+0000: 1234.093: [GC [PSYoungGen: 207264K->374K(201728K)] 414923K->208423K(888704K), 0.0037900 secs] [Times: user=0.03 sys=0.00, real=0.01 secs] 
2014-07-08T05:49:31.347+0000: 1234.807: [GC [PSYoungGen: 201718K->876K(197888K)] 409767K->208997K(884864K), 0.0063440 secs] [Times: user=0.03 sys=0.00, real=0.00 secs] 
2014-07-08T05:49:32.148+0000: 1235.608: [GC [PSYoungGen: 197868K->1366K(194176K)] 405989K->209741K(881152K), 0.0046010 secs] [Times: user=0.02 sys=0.01, real=0.00 secs] 
2014-07-08T05:49:32.717+0000: 1236.176: [GC [PSYoungGen: 194123K->676K(189376K)] 402499K->209099K(876352K), 0.0034110 secs] [Times: user=0.01 sys=0.01, real=0.00 secs] 
2014-07-08T05:49:33.374+0000: 1236.833: [GC [PSYoungGen: 189348K->648K(185408K)] 397771K->209135K(872384K), 0.0065870 secs] [Times: user=0.04 sys=0.00, real=0.01 secs] 
2014-07-08T05:49:34.044+0000: 1237.503: [GC [PSYoungGen: 185352K->1002K(181888K)] 393839K->209530K(868864K), 0.0112630 secs] [Times: user=0.06 sys=0.00, real=0.02 secs] 
2014-07-08T05:49:34.663+0000: 1238.122: [GC [PSYoungGen: 181866K->680K(177856K)] 390394K->209271K(864832K), 0.0074600 secs] [Times: user=0.04 sys=0.01, real=0.01 secs] 
2014-07-08T05:49:35.307+0000: 1238.767: [GC [PSYoungGen: 177832K->758K(174336K)] 386423K->209429K(861312K), 0.0042060 secs] [Times: user=0.02 sys=0.00, real=0.00 secs] 
2014-07-08T05:49:35.899+0000: 1239.358: [GC [PSYoungGen: 174326K->940K(171072K)] 382997K->209683K(858048K), 0.0034950 secs] [Times: user=0.01 sys=0.00, real=0.00 secs] 
2014-07-08T05:49:36.479+0000: 1239.938: [GC [PSYoungGen: 171052K->879K(167680K)] 379795K->209702K(854656K), 0.0084490 secs] [Times: user=0.04 sys=0.00, real=0.01 secs] 
2014-07-08T05:49:37.094+0000: 1240.553: [GC [PSYoungGen: 167645K->1124K(201344K)] 376469K->210134K(888320K), 0.0084290 secs] [Times: user=0.06 sys=0.00, real=0.01 secs] 
2014-07-08T05:49:37.763+0000: 1241.222: [GC [PSYoungGen: 201316K->940K(196800K)] 410326K->210021K(883776K), 0.0029570 secs] [Times: user=0.02 sys=0.00, real=0.01 secs] 
2014-07-08T05:49:38.458+0000: 1241.917: [GC [PSYoungGen: 196780K->698K(192320K)] 405861K->209935K(879296K), 0.0083780 secs] [Times: user=0.05 sys=0.00, real=0.01 secs] 
2014-07-08T05:49:39.147+0000: 1242.606: [GC [PSYoungGen: 192314K->1142K(231104K)] 401551K->210428K(918080K), 0.0083420 secs] [Times: user=0.02 sys=0.00, real=0.01 secs] 
2014-07-08T05:49:40.058+0000: 1243.517: [GC [PSYoungGen: 231094K->1124K(225728K)] 440380K->210611K(912704K), 0.0056760 secs] [Times: user=0.04 sys=0.00, real=0.00 secs] 
2014-07-08T05:49:40.703+0000: 1244.162: [GC [PSYoungGen: 225671K->926K(220352K)] 435159K->210509K(907328K), 0.0052910 secs] [Times: user=0.04 sys=0.00, real=0.01 secs] 
2014-07-08T05:49:41.469+0000: 1244.928: [GC [PSYoungGen: 220318K->662K(215104K)] 429901K->210349K(902080K), 0.0099260 secs] [Times: user=0.07 sys=0.01, real=0.01 secs] 
2014-07-08T05:49:42.246+0000: 1245.706: [GC [PSYoungGen: 215062K->722K(210304K)] 424749K->210481K(897280K), 0.0057020 secs] [Times: user=0.03 sys=0.00, real=0.00 secs] 
2014-07-08T05:49:42.963+0000: 1246.422: [GC [PSYoungGen: 210258K->1061K(205952K)] 420017K->210869K(892928K), 0.0067590 secs] [Times: user=0.03 sys=0.00, real=0.01 secs] 
2014-07-08T05:49:43.698+0000: 1247.158: [GC [PSYoungGen: 205925K->630K(201024K)] 415733K->210485K(888000K), 0.0079650 secs] [Times: user=0.05 sys=0.00, real=0.01 secs] 
2014-07-08T05:49:44.378+0000: 1247.838: [GC [PSYoungGen: 201014K->928K(196992K)] 410869K->210872K(883968K), 0.0071620 secs] [Times: user=0.04 sys=0.00, real=0.00 secs] 
2014-07-08T05:49:45.230+0000: 1248.690: [GC [PSYoungGen: 196875K->1067K(192896K)] 406818K->211083K(879872K), 0.0065610 secs] [Times: user=0.03 sys=0.00, real=0.01 secs] 
2014-07-08T05:49:45.735+0000: 1249.195: [GC [PSYoungGen: 192874K->762K(188544K)] 402890K->210873K(875520K), 0.0044090 secs] [Times: user=0.03 sys=0.00, real=0.01 secs] 
2014-07-08T05:49:46.393+0000: 1249.853: [GC [PSYoungGen: 188538K->694K(184576K)] 398649K->210901K(871552K), 0.0036150 secs] [Times: user=0.02 sys=0.01, real=0.01 secs] 
2014-07-08T05:49:47.093+0000: 1250.553: [GC [PSYoungGen: 184566K->964K(181120K)] 394773K->211243K(868096K), 0.0079510 secs] [Times: user=0.04 sys=0.01, real=0.01 secs] 
2014-07-08T05:49:47.678+0000: 1251.137: [GC [PSYoungGen: 181060K->730K(177216K)] 391339K->211073K(864192K), 0.0042940 secs] [Times: user=0.02 sys=0.00, real=0.00 secs] 
2014-07-08T05:49:48.327+0000: 1251.786: [GC [PSYoungGen: 177148K->872K(173760K)] 387492K->211311K(860736K), 0.0063510 secs] [Times: user=0.04 sys=0.00, real=0.00 secs] 
2014-07-08T05:49:48.907+0000: 1252.366: [GC [PSYoungGen: 173696K->1178K(170624K)] 384136K->211666K(857600K), 0.0081590 secs] [Times: user=0.05 sys=0.00, real=0.01 secs] 
2014-07-08T05:49:49.518+0000: 1252.977: [GC [PSYoungGen: 170586K->626K(166720K)] 381074K->211235K(853696K), 0.0030900 secs] [Times: user=0.01 sys=0.00, real=0.00 secs] 
2014-07-08T05:49:50.224+0000: 1253.683: [GC [PSYoungGen: 166706K->1406K(164288K)] 377315K->212119K(851264K), 0.0066180 secs] [Times: user=0.04 sys=0.00, real=0.01 secs] 
2014-07-08T05:49:50.645+0000: 1254.104: [GC [PSYoungGen: 164286K->750K(160512K)] 374999K->211544K(847488K), 0.0053860 secs] [Times: user=0.03 sys=0.00, real=0.01 secs] 
2014-07-08T05:49:51.208+0000: 1254.668: [GC [PSYoungGen: 160494K->562K(157312K)] 371288K->211443K(844288K), 0.0050930 secs] [Times: user=0.03 sys=0.00, real=0.00 secs] 
2014-07-08T05:49:51.746+0000: 1255.206: [GC [PSYoungGen: 157298K->868K(188992K)] 368179K->211830K(875968K), 0.0093050 secs] [Times: user=0.06 sys=0.00, real=0.01 secs] 
2014-07-08T05:49:52.400+0000: 1255.859: [GC [PSYoungGen: 188964K->616K(184832K)] 399926K->211625K(871808K), 0.0036920 secs] [Times: user=0.02 sys=0.00, real=0.00 secs] 
2014-07-08T05:49:53.061+0000: 1256.520: [GC [PSYoungGen: 184808K->1142K(222208K)] 395817K->212223K(909184K), 0.0115190 secs] [Times: user=0.06 sys=0.00, real=0.01 secs] 
2014-07-08T05:49:53.820+0000: 1257.279: [GC [PSYoungGen: 222198K->722K(266048K)] 433279K->211867K(953024K), 0.0065460 secs] [Times: user=0.03 sys=0.00, real=0.00 secs] 
2014-07-08T05:49:54.761+0000: 1258.220: [GC [PSYoungGen: 266002K->915K(259520K)] 477147K->212133K(946496K), 0.0034330 secs] [Times: user=0.02 sys=0.00, real=0.00 secs] 
2014-07-08T05:49:55.736+0000: 1259.195: [GC [PSYoungGen: 259448K->800K(252928K)] 470666K->212081K(939904K), 0.0062760 secs] [Times: user=0.04 sys=0.00, real=0.01 secs] 
2014-07-08T05:49:56.563+0000: 1260.022: [GC [PSYoungGen: 252896K->858K(246784K)] 464177K->212203K(933760K), 0.0077150 secs] [Times: user=0.04 sys=0.00, real=0.01 secs] 
2014-07-08T05:49:57.406+0000: 1260.865: [GC [PSYoungGen: 246746K->790K(240768K)] 458091K->212215K(927744K), 0.0055680 secs] [Times: user=0.03 sys=0.00, real=0.01 secs] 
2014-07-08T05:49:58.288+0000: 1261.748: [GC [PSYoungGen: 240726K->890K(235072K)] 452151K->212387K(922048K), 0.0032230 secs] [Times: user=0.01 sys=0.00, real=0.00 secs] 
2014-07-08T05:49:59.078+0000: 1262.538: [GC [PSYoungGen: 235066K->1248K(229888K)] 446563K->212842K(916864K), 0.0037820 secs] [Times: user=0.02 sys=0.00, real=0.00 secs] 
2014-07-08T05:49:59.873+0000: 1263.332: [GC [PSYoungGen: 229845K->438K(223744K)] 441439K->212395K(910720K), 0.0032300 secs] [Times: user=0.01 sys=0.00, real=0.00 secs] 
2014-07-08T05:50:00.764+0000: 1264.223: [GC [PSYoungGen: 223734K->1314K(219520K)] 435691K->213370K(906496K), 0.0036210 secs] [Times: user=0.02 sys=0.00, real=0.00 secs] 
2014-07-08T05:50:01.417+0000: 1264.877: [GC [PSYoungGen: 219490K->626K(213824K)] 431546K->212985K(900800K), 0.0064480 secs] [Times: user=0.03 sys=0.00, real=0.01 secs] 
2014-07-08T05:50:02.233+0000: 1265.692: [GC [PSYoungGen: 213810K->1274K(209664K)] 426169K->213698K(896640K), 0.0102060 secs] [Times: user=0.06 sys=0.00, real=0.01 secs] 
2014-07-08T05:50:02.884+0000: 1266.343: [GC [PSYoungGen: 209619K->858K(204672K)] 422043K->213354K(891648K), 0.0068450 secs] [Times: user=0.03 sys=0.00, real=0.01 secs] 
2014-07-08T05:50:03.581+0000: 1267.041: [GC [PSYoungGen: 204634K->676K(200000K)] 417130K->213259K(886976K), 0.0066120 secs] [Times: user=0.04 sys=0.00, real=0.00 secs] 
2014-07-08T05:50:04.294+0000: 1267.753: [GC [PSYoungGen: 199972K->576K(195584K)] 412555K->213223K(882560K), 0.0065100 secs] [Times: user=0.05 sys=0.00, real=0.01 secs] 
2014-07-08T05:50:04.982+0000: 1268.441: [GC [PSYoungGen: 195579K->1505K(235584K)] 408227K->214243K(922560K), 0.0112620 secs] [Times: user=0.07 sys=0.00, real=0.01 secs] 
2014-07-08T05:50:05.770+0000: 1269.229: [GC [PSYoungGen: 235553K->648K(229184K)] 448291K->213442K(916160K), 0.0050830 secs] [Times: user=0.02 sys=0.00, real=0.00 secs] 
2014-07-08T05:50:06.591+0000: 1270.051: [GC [PSYoungGen: 229128K->758K(223936K)] 441922K->213632K(910912K), 0.0044820 secs] [Times: user=0.02 sys=0.00, real=0.00 secs] 
2014-07-08T05:50:07.353+0000: 1270.812: [GC [PSYoungGen: 223883K->566K(218624K)] 436757K->213480K(905600K), 0.0072500 secs] [Times: user=0.04 sys=0.00, real=0.01 secs] 
2014-07-08T05:50:08.161+0000: 1271.620: [GC [PSYoungGen: 218614K->1128K(214208K)] 431528K->214090K(901184K), 0.0044620 secs] [Times: user=0.02 sys=0.01, real=0.00 secs] 
2014-07-08T05:50:08.878+0000: 1272.337: [GC [PSYoungGen: 214184K->1196K(209472K)] 427146K->214238K(896448K), 0.0043640 secs] [Times: user=0.02 sys=0.00, real=0.01 secs] 
2014-07-08T05:50:09.597+0000: 1273.057: [GC [PSYoungGen: 209452K->648K(204352K)] 422494K->213746K(891328K), 0.0037050 secs] [Times: user=0.02 sys=0.00, real=0.01 secs] 
2014-07-08T05:50:10.388+0000: 1273.847: [GC [PSYoungGen: 204296K->1175K(200384K)] 417394K->214353K(887360K), 0.0047740 secs] [Times: user=0.02 sys=0.00, real=0.01 secs] 
2014-07-08T05:50:11.010+0000: 1274.469: [GC [PSYoungGen: 200343K->1092K(196032K)] 413521K->214334K(883008K), 0.0060050 secs] [Times: user=0.03 sys=0.00, real=0.00 secs] 
2014-07-08T05:50:11.691+0000: 1275.150: [GC [PSYoungGen: 195972K->694K(191424K)] 409214K->214016K(878400K), 0.0034750 secs] [Times: user=0.02 sys=0.00, real=0.00 secs] 
2014-07-08T05:50:12.440+0000: 1275.900: [GC [PSYoungGen: 191413K->1242K(187968K)] 404735K->214676K(874944K), 0.0066310 secs] [Times: user=0.04 sys=0.00, real=0.00 secs] 
2014-07-08T05:50:13.032+0000: 1276.491: [GC [PSYoungGen: 187890K->1224K(184064K)] 401324K->214714K(871040K), 0.0039050 secs] [Times: user=0.02 sys=0.00, real=0.00 secs] 
2014-07-08T05:50:13.624+0000: 1277.084: [GC [PSYoungGen: 184008K->882K(179904K)] 397498K->214436K(866880K), 0.0085440 secs] [Times: user=0.06 sys=0.00, real=0.01 secs] 
2014-07-08T05:50:14.290+0000: 1277.750: [GC [PSYoungGen: 179890K->1330K(176704K)] 393444K->214956K(863680K), 0.0051300 secs] [Times: user=0.03 sys=0.00, real=0.00 secs] 
2014-07-08T05:50:14.859+0000: 1278.318: [GC [PSYoungGen: 176690K->1092K(172992K)] 390316K->214790K(859968K), 0.0074280 secs] [Times: user=0.04 sys=0.00, real=0.01 secs] 
2014-07-08T05:50:15.461+0000: 1278.921: [GC [PSYoungGen: 172932K->712K(169216K)] 386630K->214482K(856192K), 0.0042880 secs] [Times: user=0.02 sys=0.00, real=0.00 secs] 
2014-07-08T05:50:16.074+0000: 1279.533: [GC [PSYoungGen: 169144K->1046K(166208K)] 382914K->214864K(853184K), 0.0056150 secs] [Times: user=0.03 sys=0.00, real=0.00 secs] 
2014-07-08T05:50:16.629+0000: 1280.088: [GC [PSYoungGen: 166164K->833K(162816K)] 379982K->214715K(849792K), 0.0073340 secs] [Times: user=0.04 sys=0.00, real=0.01 secs] 
2014-07-08T05:50:17.215+0000: 1280.674: [GC [PSYoungGen: 162735K->612K(159488K)] 376617K->214557K(846464K), 0.0065460 secs] [Times: user=0.04 sys=0.00, real=0.01 secs] 
2014-07-08T05:50:17.762+0000: 1281.221: [GC [PSYoungGen: 159460K->776K(156672K)] 373405K->214802K(843648K), 0.0043610 secs] [Times: user=0.02 sys=0.00, real=0.00 secs] 
2014-07-08T05:50:18.399+0000: 1281.859: [GC [PSYoungGen: 156616K->1000K(153984K)] 370642K->215106K(840960K), 0.0064600 secs] [Times: user=0.04 sys=0.00, real=0.01 secs] 
2014-07-08T05:50:18.851+0000: 1282.311: [GC [PSYoungGen: 153937K->669K(184256K)] 368043K->214831K(871232K), 0.0065030 secs] [Times: user=0.04 sys=0.00, real=0.00 secs] 
2014-07-08T05:50:19.496+0000: 1282.956: [GC [PSYoungGen: 184221K->964K(221312K)] 398383K->215222K(908288K), 0.0058230 secs] [Times: user=0.03 sys=0.00, real=0.01 secs] 
2014-07-08T05:50:20.403+0000: 1283.862: [GC [PSYoungGen: 221252K->1206K(216448K)] 435510K->215520K(903424K), 0.0051150 secs] [Times: user=0.02 sys=0.01, real=0.00 secs] 
2014-07-08T05:50:21.081+0000: 1284.541: [GC [PSYoungGen: 216438K->1028K(211456K)] 430752K->215381K(898432K), 0.0060800 secs] [Times: user=0.02 sys=0.01, real=0.00 secs] 
2014-07-08T05:50:21.774+0000: 1285.234: [GC [PSYoungGen: 211395K->790K(206528K)] 425749K->215282K(893504K), 0.0053730 secs] [Times: user=0.03 sys=0.00, real=0.00 secs] 
2014-07-08T05:50:22.490+0000: 1285.949: [GC [PSYoungGen: 206486K->566K(201728K)] 420978K->215114K(888704K), 0.0070150 secs] [Times: user=0.05 sys=0.00, real=0.01 secs] 
2014-07-08T05:50:23.261+0000: 1286.721: [GC [PSYoungGen: 201718K->1280K(198144K)] 416266K->215892K(885120K), 0.0071220 secs] [Times: user=0.04 sys=0.00, real=0.01 secs] 
2014-07-08T05:50:23.894+0000: 1287.354: [GC [PSYoungGen: 198080K->1120K(193728K)] 412692K->215772K(880704K), 0.0070420 secs] [Times: user=0.03 sys=0.00, real=0.00 secs] 
2014-07-08T05:50:24.555+0000: 1288.014: [GC [PSYoungGen: 193696K->754K(189248K)] 408348K->215634K(876224K), 0.0033990 secs] [Times: user=0.02 sys=0.01, real=0.00 secs] 
2014-07-08T05:50:25.260+0000: 1288.720: [GC [PSYoungGen: 189216K->904K(185472K)] 404096K->215864K(872448K), 0.0036220 secs] [Times: user=0.02 sys=0.01, real=0.01 secs] 
2014-07-08T05:50:25.884+0000: 1289.343: [GC [PSYoungGen: 185376K->630K(181312K)] 400336K->215646K(868288K), 0.0060950 secs] [Times: user=0.04 sys=0.00, real=0.00 secs] 
2014-07-08T05:50:26.508+0000: 1289.968: [GC [PSYoungGen: 181302K->826K(177792K)] 396318K->215930K(864768K), 0.0042580 secs] [Times: user=0.02 sys=0.00, real=0.01 secs] 
2014-07-08T05:50:27.191+0000: 1290.651: [GC [PSYoungGen: 177786K->1042K(174464K)] 392890K->216202K(861440K), 0.0104290 secs] [Times: user=0.06 sys=0.00, real=0.01 secs] 
2014-07-08T05:50:27.737+0000: 1291.196: [GC [PSYoungGen: 174418K->790K(208896K)] 389578K->216022K(895872K), 0.0069710 secs] [Times: user=0.05 sys=0.00, real=0.01 secs] 
2014-07-08T05:50:28.475+0000: 1291.934: [GC [PSYoungGen: 208854K->808K(204288K)] 424086K->216120K(891264K), 0.0054940 secs] [Times: user=0.03 sys=0.00, real=0.00 secs] 
2014-07-08T05:50:29.288+0000: 1292.748: [GC [PSYoungGen: 204264K->1404K(245568K)] 419576K->216804K(932544K), 0.0131270 secs] [Times: user=0.08 sys=0.01, real=0.01 secs] 
2014-07-08T05:50:30.071+0000: 1293.530: [GC [PSYoungGen: 245528K->630K(238912K)] 460928K->216406K(925888K), 0.0043530 secs] [Times: user=0.02 sys=0.01, real=0.01 secs] 
2014-07-08T05:50:30.881+0000: 1294.340: [GC [PSYoungGen: 238875K->1332K(233920K)] 454651K->217164K(920896K), 0.0056330 secs] [Times: user=0.04 sys=0.00, real=0.01 secs] 
2014-07-08T05:50:31.681+0000: 1295.140: [GC [PSYoungGen: 233908K->776K(227904K)] 449740K->217068K(914880K), 0.0056380 secs] [Times: user=0.03 sys=0.00, real=0.01 secs] 
2014-07-08T05:50:32.479+0000: 1295.938: [GC [PSYoungGen: 227833K->790K(222592K)] 444125K->217154K(909568K), 0.0035740 secs] [Times: user=0.02 sys=0.00, real=0.00 secs] 
2014-07-08T05:50:33.254+0000: 1296.714: [GC [PSYoungGen: 222550K->896K(217600K)] 438914K->217348K(904576K), 0.0050250 secs] [Times: user=0.03 sys=0.00, real=0.00 secs] 
2014-07-08T05:50:34.018+0000: 1297.477: [GC [PSYoungGen: 217536K->1000K(212736K)] 433988K->217532K(899712K), 0.0064090 secs] [Times: user=0.04 sys=0.00, real=0.01 secs] 
2014-07-08T05:50:34.748+0000: 1298.208: [GC [PSYoungGen: 212684K->658K(207680K)] 429216K->217254K(894656K), 0.0033690 secs] [Times: user=0.02 sys=0.00, real=0.00 secs] 
2014-07-08T05:50:35.477+0000: 1298.937: [GC [PSYoungGen: 207634K->882K(203264K)] 424230K->217519K(890240K), 0.0092830 secs] [Times: user=0.04 sys=0.00, real=0.01 secs] 
2014-07-08T05:50:36.262+0000: 1299.721: [GC [PSYoungGen: 203250K->1082K(199040K)] 419887K->217799K(886016K), 0.0049660 secs] [Times: user=0.03 sys=0.00, real=0.01 secs] 
2014-07-08T05:50:36.877+0000: 1300.337: [GC [PSYoungGen: 199034K->1128K(194816K)] 415751K->217901K(881792K), 0.0054550 secs] [Times: user=0.03 sys=0.01, real=0.00 secs] 
2014-07-08T05:50:37.554+0000: 1301.013: [GC [PSYoungGen: 194788K->616K(190208K)] 411560K->217476K(877184K), 0.0030980 secs] [Times: user=0.02 sys=0.00, real=0.01 secs] 
2014-07-08T05:50:38.244+0000: 1301.703: [GC [PSYoungGen: 190173K->1036K(186688K)] 407034K->217944K(873664K), 0.0043850 secs] [Times: user=0.01 sys=0.00, real=0.01 secs] 
2014-07-08T05:50:38.875+0000: 1302.335: [GC [PSYoungGen: 186605K->990K(182784K)] 403514K->217962K(869760K), 0.0059810 secs] [Times: user=0.04 sys=0.00, real=0.00 secs] 
2014-07-08T05:50:39.512+0000: 1302.972: [GC [PSYoungGen: 182732K->698K(178752K)] 399705K->217742K(865728K), 0.0061860 secs] [Times: user=0.04 sys=0.01, real=0.01 secs] 
2014-07-08T05:50:40.175+0000: 1303.634: [GC [PSYoungGen: 178744K->1128K(175616K)] 395788K->218292K(862592K), 0.0070520 secs] [Times: user=0.05 sys=0.00, real=0.00 secs] 
2014-07-08T05:50:40.738+0000: 1304.198: [GC [PSYoungGen: 175592K->1180K(172160K)] 392756K->218449K(859136K), 0.0055870 secs] [Times: user=0.04 sys=0.00, real=0.01 secs] 
2014-07-08T05:50:41.343+0000: 1304.802: [GC [PSYoungGen: 172124K->616K(168192K)] 389393K->218120K(855168K), 0.0054910 secs] [Times: user=0.04 sys=0.00, real=0.01 secs] 
2014-07-08T05:50:41.933+0000: 1305.393: [GC [PSYoungGen: 168138K->1164K(202304K)] 385642K->218732K(889280K), 0.0085220 secs] [Times: user=0.05 sys=0.01, real=0.01 secs] 
2014-07-08T05:50:42.651+0000: 1306.111: [GC [PSYoungGen: 202251K->1149K(237248K)] 419820K->218873K(924224K), 0.0123740 secs] [Times: user=0.08 sys=0.01, real=0.01 secs] 
2014-07-08T05:50:43.447+0000: 1306.906: [GC [PSYoungGen: 237243K->836K(237696K)] 454968K->218625K(924672K), 0.0081590 secs] [Times: user=0.05 sys=0.00, real=0.00 secs] 
2014-07-08T05:50:44.298+0000: 1307.757: [GC [PSYoungGen: 236932K->680K(284864K)] 454721K->218524K(971840K), 0.0059400 secs] [Times: user=0.04 sys=0.00, real=0.00 secs] 
2014-07-08T05:50:45.288+0000: 1308.747: [GC [PSYoungGen: 284008K->712K(276736K)] 501852K->218612K(963712K), 0.0079580 secs] [Times: user=0.05 sys=0.00, real=0.01 secs] 
2014-07-08T05:50:46.277+0000: 1309.736: [GC [PSYoungGen: 276660K->762K(269632K)] 494561K->218742K(956608K), 0.0056040 secs] [Times: user=0.03 sys=0.00, real=0.00 secs] 
2014-07-08T05:50:47.230+0000: 1310.690: [GC [PSYoungGen: 269626K->1242K(263296K)] 487606K->219311K(950272K), 0.0064940 secs] [Times: user=0.04 sys=0.00, real=0.01 secs] 
2014-07-08T05:50:48.232+0000: 1311.691: [GC [PSYoungGen: 263258K->1086K(256512K)] 481327K->219366K(943488K), 0.0062390 secs] [Times: user=0.03 sys=0.00, real=0.01 secs] 
2014-07-08T05:50:49.030+0000: 1312.490: [GC [PSYoungGen: 256510K->1284K(250432K)] 474790K->219613K(937408K), 0.0059270 secs] [Times: user=0.02 sys=0.00, real=0.01 secs] 
2014-07-08T05:50:49.875+0000: 1313.334: [GC [PSYoungGen: 250372K->886K(243904K)] 468701K->219318K(930880K), 0.0049980 secs] [Times: user=0.03 sys=0.00, real=0.01 secs] 
2014-07-08T05:50:50.780+0000: 1314.240: [GC [PSYoungGen: 243874K->1288K(238464K)] 462307K->219816K(925440K), 0.0091810 secs] [Times: user=0.05 sys=0.00, real=0.01 secs] 
2014-07-08T05:50:51.558+0000: 1315.017: [GC [PSYoungGen: 238370K->1128K(232640K)] 456899K->219753K(919616K), 0.0076110 secs] [Times: user=0.04 sys=0.00, real=0.00 secs] 
2014-07-08T05:50:52.396+0000: 1315.855: [GC [PSYoungGen: 232616K->786K(226880K)] 451241K->219482K(913856K), 0.0036480 secs] [Times: user=0.01 sys=0.00, real=0.00 secs] 
2014-07-08T05:50:53.236+0000: 1316.695: [GC [PSYoungGen: 226834K->1106K(221952K)] 445530K->219891K(908928K), 0.0034620 secs] [Times: user=0.02 sys=0.00, real=0.01 secs] 
2014-07-08T05:50:53.983+0000: 1317.442: [GC [PSYoungGen: 221906K->904K(216704K)] 440691K->219712K(903680K), 0.0058910 secs] [Times: user=0.02 sys=0.00, real=0.01 secs] 
2014-07-08T05:50:54.715+0000: 1318.174: [GC [PSYoungGen: 216621K->736K(211648K)] 435430K->219617K(898624K), 0.0080690 secs] [Times: user=0.05 sys=0.00, real=0.01 secs] 
2014-07-08T05:50:55.468+0000: 1318.928: [GC [PSYoungGen: 211616K->598K(206784K)] 430497K->219534K(893760K), 0.0052390 secs] [Times: user=0.03 sys=0.00, real=0.00 secs] 
2014-07-08T05:50:56.268+0000: 1319.728: [GC [PSYoungGen: 206742K->776K(202432K)] 425678K->219768K(889408K), 0.0073450 secs] [Times: user=0.04 sys=0.00, real=0.00 secs] 
2014-07-08T05:50:56.902+0000: 1320.362: [GC [PSYoungGen: 202351K->1071K(198272K)] 421343K->220136K(885248K), 0.0073330 secs] [Times: user=0.05 sys=0.00, real=0.01 secs] 
2014-07-08T05:50:57.580+0000: 1321.039: [GC [PSYoungGen: 198224K->808K(193792K)] 417289K->219960K(880768K), 0.0042160 secs] [Times: user=0.02 sys=0.00, real=0.00 secs] 
2014-07-08T05:50:58.285+0000: 1321.745: [GC [PSYoungGen: 193768K->1254K(190144K)] 412920K->220470K(877120K), 0.0085940 secs] [Times: user=0.05 sys=0.00, real=0.01 secs] 
2014-07-08T05:50:58.915+0000: 1322.375: [GC [PSYoungGen: 190118K->928K(227648K)] 409334K->220185K(914624K), 0.0155080 secs] [Times: user=0.10 sys=0.00, real=0.02 secs] 
2014-07-08T05:50:59.702+0000: 1323.161: [GC [PSYoungGen: 227616K->598K(272704K)] 446873K->219918K(959680K), 0.0065740 secs] [Times: user=0.04 sys=0.01, real=0.01 secs] 
2014-07-08T05:51:00.667+0000: 1324.126: [GC [PSYoungGen: 272633K->912K(266048K)] 491953K->220280K(953024K), 0.0044210 secs] [Times: user=0.01 sys=0.00, real=0.00 secs] 
2014-07-08T05:51:01.601+0000: 1325.060: [GC [PSYoungGen: 265972K->530K(258944K)] 485341K->219978K(945920K), 0.0048230 secs] [Times: user=0.03 sys=0.00, real=0.00 secs] 
2014-07-08T05:51:02.512+0000: 1325.971: [GC [PSYoungGen: 258898K->836K(252800K)] 478346K->220341K(939776K), 0.0055060 secs] [Times: user=0.03 sys=0.00, real=0.00 secs] 
2014-07-08T05:51:03.405+0000: 1326.865: [GC [PSYoungGen: 252740K->1264K(246976K)] 472245K->220832K(933952K), 0.0042280 secs] [Times: user=0.02 sys=0.00, real=0.01 secs] 
2014-07-08T05:51:04.341+0000: 1327.800: [GC [PSYoungGen: 246960K->826K(240576K)] 466528K->220626K(927552K), 0.0053220 secs] [Times: user=0.03 sys=0.00, real=0.00 secs] 
2014-07-08T05:51:05.207+0000: 1328.666: [GC [PSYoungGen: 240518K->1414K(235456K)] 460319K->221287K(922432K), 0.0054510 secs] [Times: user=0.03 sys=0.01, real=0.01 secs] 
2014-07-08T05:51:06.044+0000: 1329.503: [GC [PSYoungGen: 235394K->800K(229312K)] 455267K->221307K(916288K), 0.0047140 secs] [Times: user=0.02 sys=0.00, real=0.01 secs] 
2014-07-08T05:51:06.737+0000: 1330.196: [GC [PSYoungGen: 229280K->744K(223936K)] 449787K->221298K(910912K), 0.0038750 secs] [Times: user=0.02 sys=0.00, real=0.01 secs] 
2014-07-08T05:51:07.521+0000: 1330.981: [GC [PSYoungGen: 223911K->762K(218816K)] 444465K->221550K(905792K), 0.0052990 secs] [Times: user=0.02 sys=0.00, real=0.00 secs] 
2014-07-08T05:51:08.308+0000: 1331.767: [GC [PSYoungGen: 218771K->762K(213824K)] 439560K->221622K(900800K), 0.0048040 secs] [Times: user=0.03 sys=0.00, real=0.01 secs] 
2014-07-08T05:51:09.078+0000: 1332.537: [GC [PSYoungGen: 213784K->1423K(209728K)] 434645K->222380K(896704K), 0.0039230 secs] [Times: user=0.02 sys=0.00, real=0.01 secs] 
2014-07-08T05:51:09.767+0000: 1333.227: [GC [PSYoungGen: 209679K->598K(204288K)] 430636K->221602K(891264K), 0.0035910 secs] [Times: user=0.01 sys=0.00, real=0.01 secs] 
2014-07-08T05:51:10.541+0000: 1334.001: [GC [PSYoungGen: 204246K->804K(200000K)] 425250K->221904K(886976K), 0.0064550 secs] [Times: user=0.04 sys=0.01, real=0.00 secs] 
2014-07-08T05:51:11.290+0000: 1334.750: [GC [PSYoungGen: 199972K->1334K(196224K)] 421072K->222483K(883200K), 0.0045260 secs] [Times: user=0.02 sys=0.00, real=0.00 secs] 
2014-07-08T05:51:11.857+0000: 1335.316: [GC [PSYoungGen: 196214K->680K(191424K)] 417363K->221908K(878400K), 0.0036380 secs] [Times: user=0.02 sys=0.00, real=0.01 secs] 
2014-07-08T05:51:12.528+0000: 1335.988: [GC [PSYoungGen: 191397K->712K(187456K)] 412625K->222028K(874432K), 0.0070390 secs] [Times: user=0.04 sys=0.00, real=0.01 secs] 
2014-07-08T05:51:13.217+0000: 1336.677: [GC [PSYoungGen: 187400K->1220K(184064K)] 408716K->222609K(871040K), 0.0056680 secs] [Times: user=0.04 sys=0.00, real=0.01 secs] 
2014-07-08T05:51:13.823+0000: 1337.282: [GC [PSYoungGen: 184004K->722K(179776K)] 405393K->222190K(866752K), 0.0053630 secs] [Times: user=0.03 sys=0.00, real=0.00 secs] 
2014-07-08T05:51:14.456+0000: 1337.915: [GC [PSYoungGen: 179730K->904K(176320K)] 401198K->222428K(863296K), 0.0078990 secs] [Times: user=0.05 sys=0.00, real=0.01 secs] 
2014-07-08T05:51:15.068+0000: 1338.527: [GC [PSYoungGen: 176264K->672K(172544K)] 397788K->222236K(859520K), 0.0077030 secs] [Times: user=0.04 sys=0.00, real=0.01 secs] 
2014-07-08T05:51:15.660+0000: 1339.119: [GC [PSYoungGen: 172494K->872K(169344K)] 394059K->222509K(856320K), 0.0037390 secs] [Times: user=0.02 sys=0.00, real=0.00 secs] 
2014-07-08T05:51:16.430+0000: 1339.890: [GC [PSYoungGen: 169275K->1308K(166464K)] 390912K->223001K(853440K), 0.0057820 secs] [Times: user=0.03 sys=0.00, real=0.00 secs] 
2014-07-08T05:51:16.867+0000: 1340.326: [GC [PSYoungGen: 166428K->676K(162624K)] 388121K->222448K(849600K), 0.0062040 secs] [Times: user=0.05 sys=0.00, real=0.01 secs] 
2014-07-08T05:51:17.394+0000: 1340.853: [GC [PSYoungGen: 162596K->548K(159424K)] 384368K->222376K(846400K), 0.0052130 secs] [Times: user=0.03 sys=0.00, real=0.00 secs] 
2014-07-08T05:51:17.952+0000: 1341.411: [GC [PSYoungGen: 159396K->936K(156800K)] 381224K->222828K(843776K), 0.0064300 secs] [Times: user=0.03 sys=0.00, real=0.00 secs] 
2014-07-08T05:51:18.492+0000: 1341.951: [GC [PSYoungGen: 156776K->808K(153792K)] 378668K->222788K(840768K), 0.0031160 secs] [Times: user=0.02 sys=0.00, real=0.00 secs] 
2014-07-08T05:51:19.040+0000: 1342.499: [GC [PSYoungGen: 153768K->858K(184448K)] 375748K->222870K(871424K), 0.0081530 secs] [Times: user=0.04 sys=0.00, real=0.01 secs] 
2014-07-08T05:51:19.674+0000: 1343.133: [GC [PSYoungGen: 184410K->662K(180480K)] 406422K->222730K(867456K), 0.0050680 secs] [Times: user=0.03 sys=0.00, real=0.00 secs] 
2014-07-08T05:51:20.330+0000: 1343.789: [GC [PSYoungGen: 180438K->594K(176768K)] 402506K->222718K(863744K), 0.0072940 secs] [Times: user=0.04 sys=0.00, real=0.01 secs] 
2014-07-08T05:51:20.920+0000: 1344.379: [GC [PSYoungGen: 176693K->996K(212416K)] 398818K->223169K(899392K), 0.0114830 secs] [Times: user=0.06 sys=0.00, real=0.02 secs] 
2014-07-08T05:51:21.656+0000: 1345.116: [GC [PSYoungGen: 212388K->548K(253568K)] 434561K->222776K(940544K), 0.0062080 secs] [Times: user=0.04 sys=0.01, real=0.01 secs] 
2014-07-08T05:51:22.578+0000: 1346.037: [GC [PSYoungGen: 252898K->644K(246848K)] 475127K->222904K(933824K), 0.0049100 secs] [Times: user=0.02 sys=0.00, real=0.01 secs] 
2014-07-08T05:51:23.414+0000: 1346.874: [GC [PSYoungGen: 246765K->744K(252480K)] 469026K->223060K(939456K), 0.0121060 secs] [Times: user=0.07 sys=0.00, real=0.01 secs] 
2014-07-08T05:51:24.323+0000: 1347.782: [GC [PSYoungGen: 252456K->786K(246336K)] 474772K->223174K(933312K), 0.0042760 secs] [Times: user=0.02 sys=0.00, real=0.00 secs] 
2014-07-08T05:51:25.198+0000: 1348.657: [GC [PSYoungGen: 246289K->573K(240128K)] 468677K->223373K(927104K), 0.0039050 secs] [Times: user=0.02 sys=0.00, real=0.01 secs] 
2014-07-08T05:51:26.018+0000: 1349.478: [GC [PSYoungGen: 240125K->1192K(235008K)] 462925K->224056K(921984K), 0.0044140 secs] [Times: user=0.02 sys=0.00, real=0.01 secs] 
2014-07-08T05:51:26.822+0000: 1350.281: [GC [PSYoungGen: 234984K->840K(229184K)] 457848K->223954K(916160K), 0.0054330 secs] [Times: user=0.02 sys=0.00, real=0.00 secs] 
2014-07-08T05:51:27.673+0000: 1351.132: [GC [PSYoungGen: 229128K->1132K(224128K)] 452242K->224302K(911104K), 0.0082550 secs] [Times: user=0.05 sys=0.00, real=0.00 secs] 
2014-07-08T05:51:28.403+0000: 1351.863: [GC [PSYoungGen: 224108K->662K(218560K)] 447278K->223904K(905536K), 0.0041680 secs] [Times: user=0.02 sys=0.00, real=0.00 secs] 
2014-07-08T05:51:29.219+0000: 1352.679: [GC [PSYoungGen: 218505K->1028K(214016K)] 441747K->224326K(900992K), 0.0068160 secs] [Times: user=0.04 sys=0.00, real=0.01 secs] 
2014-07-08T05:51:29.910+0000: 1353.370: [GC [PSYoungGen: 213956K->1032K(209216K)] 437254K->224418K(896192K), 0.0058610 secs] [Times: user=0.04 sys=0.01, real=0.01 secs] 
2014-07-08T05:51:30.628+0000: 1354.087: [GC [PSYoungGen: 209160K->644K(204224K)] 432546K->224126K(891200K), 0.0036920 secs] [Times: user=0.02 sys=0.00, real=0.00 secs] 
2014-07-08T05:51:31.418+0000: 1354.877: [GC [PSYoungGen: 204164K->886K(199936K)] 427646K->224440K(886912K), 0.0051940 secs] [Times: user=0.02 sys=0.00, real=0.01 secs] 
2014-07-08T05:51:32.059+0000: 1355.518: [GC [PSYoungGen: 199907K->848K(195648K)] 423461K->224442K(882624K), 0.0048730 secs] [Times: user=0.02 sys=0.00, real=0.01 secs] 
2014-07-08T05:51:32.715+0000: 1356.175: [GC [PSYoungGen: 195600K->566K(191168K)] 419194K->224224K(878144K), 0.0082790 secs] [Times: user=0.06 sys=0.00, real=0.01 secs] 
2014-07-08T05:51:33.497+0000: 1356.956: [GC [PSYoungGen: 191077K->1267K(187840K)] 414735K->225005K(874816K), 0.0046550 secs] [Times: user=0.03 sys=0.00, real=0.00 secs] 
2014-07-08T05:51:34.066+0000: 1357.525: [GC [PSYoungGen: 187792K->890K(183552K)] 411530K->224978K(870528K), 0.0042960 secs] [Times: user=0.02 sys=0.00, real=0.00 secs] 
2014-07-08T05:51:34.678+0000: 1358.138: [GC [PSYoungGen: 183516K->958K(179840K)] 407604K->225102K(866816K), 0.0034390 secs] [Times: user=0.01 sys=0.00, real=0.00 secs] 
2014-07-08T05:51:35.318+0000: 1358.777: [GC [PSYoungGen: 179795K->662K(175936K)] 403939K->224862K(862912K), 0.0102040 secs] [Times: user=0.06 sys=0.00, real=0.01 secs] 
2014-07-08T05:51:35.928+0000: 1359.387: [GC [PSYoungGen: 175894K->1074K(172800K)] 400094K->225362K(859776K), 0.0060340 secs] [Times: user=0.03 sys=0.01, real=0.01 secs] 
2014-07-08T05:51:36.540+0000: 1360.000: [GC [PSYoungGen: 172786K->910K(169280K)] 397074K->225310K(856256K), 0.0034060 secs] [Times: user=0.01 sys=0.00, real=0.01 secs] 
2014-07-08T05:51:37.158+0000: 1360.617: [GC [PSYoungGen: 169230K->1120K(166208K)] 393630K->225600K(853184K), 0.0089310 secs] [Times: user=0.03 sys=0.00, real=0.01 secs] 
2014-07-08T05:51:37.701+0000: 1361.160: [GC [PSYoungGen: 166175K->680K(162560K)] 390655K->225232K(849536K), 0.0036060 secs] [Times: user=0.02 sys=0.00, real=0.01 secs] 
2014-07-08T05:51:38.326+0000: 1361.786: [GC [PSYoungGen: 162536K->1138K(159936K)] 387088K->225770K(846912K), 0.0060010 secs] [Times: user=0.03 sys=0.00, real=0.00 secs] 
2014-07-08T05:51:38.846+0000: 1362.305: [GC [PSYoungGen: 159922K->726K(156544K)] 384554K->225430K(843520K), 0.0046180 secs] [Times: user=0.02 sys=0.00, real=0.00 secs] 
2014-07-08T05:51:39.405+0000: 1362.864: [GC [PSYoungGen: 156502K->854K(153792K)] 381206K->225614K(840768K), 0.0054770 secs] [Times: user=0.02 sys=0.00, real=0.00 secs] 
2014-07-08T05:51:39.930+0000: 1363.390: [GC [PSYoungGen: 153750K->1298K(151424K)] 378510K->226130K(838400K), 0.0037580 secs] [Times: user=0.02 sys=0.00, real=0.01 secs] 
2014-07-08T05:51:40.452+0000: 1363.911: [GC [PSYoungGen: 151378K->822K(180928K)] 376210K->225710K(867904K), 0.0097210 secs] [Times: user=0.05 sys=0.01, real=0.01 secs] 
2014-07-08T05:51:41.107+0000: 1364.567: [GC [PSYoungGen: 180902K->958K(217088K)] 405790K->225910K(904064K), 0.0084390 secs] [Times: user=0.05 sys=0.00, real=0.01 secs] 
2014-07-08T05:51:41.841+0000: 1365.300: [GC [PSYoungGen: 217084K->900K(240384K)] 442037K->225908K(927360K), 0.0087470 secs] [Times: user=0.06 sys=0.01, real=0.01 secs] 
2014-07-08T05:51:42.684+0000: 1366.143: [GC [PSYoungGen: 239812K->808K(260800K)] 464820K->225912K(947776K), 0.0059350 secs] [Times: user=0.04 sys=0.00, real=0.01 secs] 
2014-07-08T05:51:43.583+0000: 1367.042: [GC [PSYoungGen: 260200K->662K(260800K)] 485304K->225830K(947776K), 0.0139030 secs] [Times: user=0.10 sys=0.00, real=0.02 secs] 
2014-07-08T05:51:44.532+0000: 1367.991: [GC [PSYoungGen: 260054K->694K(253632K)] 485222K->225918K(940608K), 0.0037370 secs] [Times: user=0.01 sys=0.00, real=0.01 secs] 
2014-07-08T05:51:45.400+0000: 1368.859: [GC [PSYoungGen: 253622K->712K(247488K)] 478846K->226008K(934464K), 0.0058370 secs] [Times: user=0.03 sys=0.01, real=0.01 secs] 
2014-07-08T05:51:46.289+0000: 1369.748: [GC [PSYoungGen: 247432K->1267K(241984K)] 472728K->226635K(928960K), 0.0082760 secs] [Times: user=0.05 sys=0.01, real=0.01 secs] 
2014-07-08T05:51:47.114+0000: 1370.573: [GC [PSYoungGen: 241966K->1236K(236224K)] 467335K->226660K(923200K), 0.0053230 secs] [Times: user=0.02 sys=0.00, real=0.01 secs] 
2014-07-08T05:51:47.942+0000: 1371.402: [GC [PSYoungGen: 236178K->434K(229824K)] 461602K->226074K(916800K), 0.0090650 secs] [Times: user=0.06 sys=0.00, real=0.01 secs] 
2014-07-08T05:51:48.740+0000: 1372.200: [GC [PSYoungGen: 229810K->798K(224832K)] 455450K->226478K(911808K), 0.0062870 secs] [Times: user=0.03 sys=0.01, real=0.01 secs] 
2014-07-08T05:51:49.519+0000: 1372.979: [GC [PSYoungGen: 224798K->826K(219648K)] 450478K->226752K(906624K), 0.0036470 secs] [Times: user=0.02 sys=0.00, real=0.00 secs] 
2014-07-08T05:51:50.327+0000: 1373.787: [GC [PSYoungGen: 219642K->1196K(215040K)] 445568K->227202K(902016K), 0.0085710 secs] [Times: user=0.05 sys=0.00, real=0.01 secs] 
2014-07-08T05:51:51.080+0000: 1374.539: [GC [PSYoungGen: 215020K->946K(209984K)] 441026K->227048K(896960K), 0.0039980 secs] [Times: user=0.02 sys=0.00, real=0.00 secs] 
2014-07-08T05:51:51.790+0000: 1375.249: [GC [PSYoungGen: 209970K->733K(205120K)] 436072K->226891K(892096K), 0.0044310 secs] [Times: user=0.02 sys=0.01, real=0.00 secs] 
2014-07-08T05:51:52.512+0000: 1375.971: [GC [PSYoungGen: 205085K->832K(200768K)] 431243K->227078K(887744K), 0.0050460 secs] [Times: user=0.03 sys=0.00, real=0.01 secs] 
2014-07-08T05:51:53.223+0000: 1376.683: [GC [PSYoungGen: 200704K->954K(196480K)] 426950K->227264K(883456K), 0.0069920 secs] [Times: user=0.03 sys=0.00, real=0.01 secs] 
2014-07-08T05:51:53.878+0000: 1377.338: [GC [PSYoungGen: 196447K->662K(192064K)] 422757K->227044K(879040K), 0.0052170 secs] [Times: user=0.03 sys=0.00, real=0.00 secs] 
2014-07-08T05:51:54.554+0000: 1378.014: [GC [PSYoungGen: 192022K->812K(188160K)] 418404K->227250K(875136K), 0.0055870 secs] [Times: user=0.02 sys=0.00, real=0.01 secs] 
2014-07-08T05:51:55.260+0000: 1378.720: [GC [PSYoungGen: 188140K->864K(184320K)] 414578K->227382K(871296K), 0.0080010 secs] [Times: user=0.03 sys=0.00, real=0.01 secs] 
2014-07-08T05:51:55.865+0000: 1379.324: [GC [PSYoungGen: 184266K->936K(180608K)] 410784K->227526K(867584K), 0.0080690 secs] [Times: user=0.06 sys=0.00, real=0.01 secs] 
2014-07-08T05:51:56.538+0000: 1379.998: [GC [PSYoungGen: 180562K->644K(176704K)] 407152K->227290K(863680K), 0.0045120 secs] [Times: user=0.02 sys=0.00, real=0.00 secs] 
2014-07-08T05:51:57.180+0000: 1380.640: [GC [PSYoungGen: 176644K->1220K(173760K)] 403290K->227930K(860736K), 0.0083860 secs] [Times: user=0.05 sys=0.00, real=0.01 secs] 
2014-07-08T05:51:57.715+0000: 1381.174: [GC [PSYoungGen: 173700K->630K(169664K)] 400410K->227446K(856640K), 0.0055720 secs] [Times: user=0.02 sys=0.01, real=0.01 secs] 
2014-07-08T05:51:58.314+0000: 1381.774: [GC [PSYoungGen: 169654K->768K(166528K)] 396470K->227656K(853504K), 0.0055360 secs] [Times: user=0.03 sys=0.01, real=0.01 secs] 
2014-07-08T05:51:58.894+0000: 1382.353: [GC [PSYoungGen: 166464K->548K(163072K)] 393352K->227492K(850048K), 0.0058920 secs] [Times: user=0.04 sys=0.00, real=0.01 secs] 
2014-07-08T05:51:59.471+0000: 1382.930: [GC [PSYoungGen: 163012K->598K(160000K)] 389956K->227598K(846976K), 0.0053760 secs] [Times: user=0.03 sys=0.00, real=0.01 secs] 
2014-07-08T05:52:00.054+0000: 1383.513: [GC [PSYoungGen: 159928K->954K(192192K)] 386928K->228010K(879168K), 0.0079970 secs] [Times: user=0.05 sys=0.00, real=0.01 secs] 
2014-07-08T05:52:00.699+0000: 1384.158: [GC [PSYoungGen: 192168K->662K(230208K)] 419224K->227806K(917184K), 0.0086750 secs] [Times: user=0.06 sys=0.00, real=0.01 secs] 
2014-07-08T05:52:01.506+0000: 1384.966: [GC [PSYoungGen: 230166K->662K(276160K)] 457310K->227870K(963136K), 0.0132460 secs] [Times: user=0.08 sys=0.00, real=0.02 secs] 
2014-07-08T05:52:02.537+0000: 1385.997: [GC [PSYoungGen: 276118K->840K(299520K)] 503326K->228128K(986496K), 0.0046370 secs] [Times: user=0.02 sys=0.01, real=0.00 secs] 
2014-07-08T05:52:03.529+0000: 1386.988: [GC [PSYoungGen: 299080K->718K(291072K)] 526368K->228070K(978048K), 0.0058410 secs] [Times: user=0.04 sys=0.00, real=0.00 secs] 
2014-07-08T05:52:04.536+0000: 1387.995: [GC [PSYoungGen: 291007K->694K(283328K)] 518359K->228150K(970304K), 0.0070430 secs] [Times: user=0.04 sys=0.00, real=0.01 secs] 
2014-07-08T05:52:05.529+0000: 1388.989: [GC [PSYoungGen: 283318K->758K(276032K)] 510774K->228286K(963008K), 0.0051070 secs] [Times: user=0.03 sys=0.00, real=0.00 secs] 
2014-07-08T05:52:06.498+0000: 1389.957: [GC [PSYoungGen: 276022K->1067K(269248K)] 503550K->228675K(956224K), 0.0091480 secs] [Times: user=0.06 sys=0.00, real=0.00 secs] 
2014-07-08T05:52:07.499+0000: 1390.959: [GC [PSYoungGen: 269227K->494K(261888K)] 496835K->228604K(948864K), 0.0032710 secs] [Times: user=0.02 sys=0.00, real=0.00 secs] 
2014-07-08T05:52:08.379+0000: 1391.839: [GC [PSYoungGen: 261870K->676K(255552K)] 489980K->228850K(942528K), 0.0043830 secs] [Times: user=0.01 sys=0.00, real=0.00 secs] 
2014-07-08T05:52:09.284+0000: 1392.743: [GC [PSYoungGen: 255524K->744K(249344K)] 483698K->229064K(936320K), 0.0085080 secs] [Times: user=0.05 sys=0.00, real=0.01 secs] 
2014-07-08T05:52:10.143+0000: 1393.602: [GC [PSYoungGen: 249315K->1164K(243712K)] 477635K->229564K(930688K), 0.0128350 secs] [Times: user=0.08 sys=0.00, real=0.01 secs] 
2014-07-08T05:52:10.983+0000: 1394.442: [GC [PSYoungGen: 243660K->502K(237184K)] 472060K->229160K(924160K), 0.0093620 secs] [Times: user=0.05 sys=0.01, real=0.01 secs] 
2014-07-08T05:52:11.845+0000: 1395.304: [GC [PSYoungGen: 237174K->1260K(232320K)] 465832K->230126K(919296K), 0.0057020 secs] [Times: user=0.04 sys=0.00, real=0.01 secs] 
2014-07-08T05:52:12.604+0000: 1396.063: [GC [PSYoungGen: 232300K->800K(226432K)] 461166K->230052K(913408K), 0.0078450 secs] [Times: user=0.05 sys=0.00, real=0.01 secs] 
2014-07-08T05:52:13.475+0000: 1396.934: [GC [PSYoungGen: 226390K->1174K(221568K)] 455642K->230490K(908544K), 0.0070700 secs] [Times: user=0.04 sys=0.00, real=0.01 secs] 
2014-07-08T05:52:14.277+0000: 1397.736: [GC [PSYoungGen: 221526K->1064K(216384K)] 450842K->230510K(903360K), 0.0087230 secs] [Times: user=0.06 sys=0.00, real=0.01 secs] 
2014-07-08T05:52:14.929+0000: 1398.388: [GC [PSYoungGen: 216344K->1100K(259520K)] 445790K->230602K(946496K), 0.0096240 secs] [Times: user=0.06 sys=0.00, real=0.00 secs] 
2014-07-08T05:52:15.838+0000: 1399.297: [GC [PSYoungGen: 259468K->776K(252736K)] 488970K->230408K(939712K), 0.0056990 secs] [Times: user=0.03 sys=0.01, real=0.01 secs] 
2014-07-08T05:52:16.731+0000: 1400.190: [GC [PSYoungGen: 252653K->644K(246400K)] 482286K->230348K(933376K), 0.0106100 secs] [Times: user=0.07 sys=0.01, real=0.01 secs] 
2014-07-08T05:52:17.589+0000: 1401.049: [GC [PSYoungGen: 246340K->950K(240704K)] 476044K->230758K(927680K), 0.0060880 secs] [Times: user=0.04 sys=0.00, real=0.00 secs] 
2014-07-08T05:52:18.435+0000: 1401.894: [GC [PSYoungGen: 240694K->548K(234560K)] 470502K->230412K(921536K), 0.0097830 secs] [Times: user=0.06 sys=0.00, real=0.01 secs] 
2014-07-08T05:52:19.372+0000: 1402.831: [GC [PSYoungGen: 234525K->1280K(229824K)] 464390K->231209K(916800K), 0.0069220 secs] [Times: user=0.04 sys=0.00, real=0.00 secs] 
2014-07-08T05:52:20.100+0000: 1403.560: [GC [PSYoungGen: 229760K->992K(224192K)] 459689K->230976K(911168K), 0.0071960 secs] [Times: user=0.04 sys=0.00, real=0.00 secs] 
2014-07-08T05:52:20.827+0000: 1404.286: [GC [PSYoungGen: 224160K->744K(218816K)] 454144K->230800K(905792K), 0.0075890 secs] [Times: user=0.05 sys=0.00, real=0.01 secs] 
2014-07-08T05:52:21.596+0000: 1405.055: [GC [PSYoungGen: 218792K->730K(213824K)] 448848K->230874K(900800K), 0.0077200 secs] [Times: user=0.04 sys=0.00, real=0.01 secs] 
2014-07-08T05:52:22.354+0000: 1405.813: [GC [PSYoungGen: 213786K->644K(208960K)] 443930K->230852K(895936K), 0.0065010 secs] [Times: user=0.03 sys=0.00, real=0.01 secs] 
2014-07-08T05:52:23.089+0000: 1406.548: [GC [PSYoungGen: 208899K->1000K(204672K)] 439108K->231272K(891648K), 0.0053510 secs] [Times: user=0.03 sys=0.00, real=0.01 secs] 
2014-07-08T05:52:23.787+0000: 1407.246: [GC [PSYoungGen: 204643K->932K(200128K)] 434916K->231269K(887104K), 0.0076130 secs] [Times: user=0.05 sys=0.00, real=0.01 secs] 
2014-07-08T05:52:24.484+0000: 1407.943: [GC [PSYoungGen: 200100K->826K(195712K)] 430437K->231250K(882688K), 0.0053850 secs] [Times: user=0.04 sys=0.00, real=0.00 secs] 
2014-07-08T05:52:25.268+0000: 1408.727: [GC [PSYoungGen: 195706K->986K(234880K)] 426130K->231474K(921856K), 0.0111250 secs] [Times: user=0.08 sys=0.00, real=0.01 secs] 
2014-07-08T05:52:25.999+0000: 1409.459: [GC [PSYoungGen: 234842K->836K(229248K)] 465330K->231412K(916224K), 0.0040930 secs] [Times: user=0.02 sys=0.00, real=0.01 secs] 
2014-07-08T05:52:26.795+0000: 1410.255: [GC [PSYoungGen: 229188K->946K(224000K)] 459764K->231703K(910976K), 0.0059610 secs] [Times: user=0.03 sys=0.00, real=0.01 secs] 
2014-07-08T05:52:27.571+0000: 1411.031: [GC [PSYoungGen: 223986K->662K(218624K)] 454743K->231490K(905600K), 0.0036900 secs] [Times: user=0.02 sys=0.00, real=0.00 secs] 
2014-07-08T05:52:28.368+0000: 1411.827: [GC [PSYoungGen: 218582K->1054K(214016K)] 449410K->231954K(900992K), 0.0037540 secs] [Times: user=0.01 sys=0.00, real=0.01 secs] 
2014-07-08T05:52:29.081+0000: 1412.541: [GC [PSYoungGen: 213948K->986K(209152K)] 444849K->231942K(896128K), 0.0065010 secs] [Times: user=0.02 sys=0.01, real=0.00 secs] 
2014-07-08T05:52:29.797+0000: 1413.256: [GC [PSYoungGen: 209114K->744K(204288K)] 440070K->231764K(891264K), 0.0045060 secs] [Times: user=0.02 sys=0.01, real=0.01 secs] 
2014-07-08T05:52:30.591+0000: 1414.050: [GC [PSYoungGen: 204264K->1167K(200256K)] 435284K->232283K(887232K), 0.0069450 secs] [Times: user=0.04 sys=0.01, real=0.01 secs] 
2014-07-08T05:52:31.249+0000: 1414.708: [GC [PSYoungGen: 200191K->876K(195648K)] 431308K->232168K(882624K), 0.0080300 secs] [Times: user=0.05 sys=0.00, real=0.01 secs] 
2014-07-08T05:52:31.904+0000: 1415.364: [GC [PSYoungGen: 195628K->908K(191552K)] 426920K->232272K(878528K), 0.0049970 secs] [Times: user=0.02 sys=0.00, real=0.00 secs] 
2014-07-08T05:52:32.585+0000: 1416.044: [GC [PSYoungGen: 191495K->744K(187328K)] 422860K->232296K(874304K), 0.0058360 secs] [Times: user=0.04 sys=0.00, real=0.00 secs] 
2014-07-08T05:52:33.258+0000: 1416.717: [GC [PSYoungGen: 187304K->1392K(184064K)] 418856K->233104K(871040K), 0.0055530 secs] [Times: user=0.02 sys=0.00, real=0.01 secs] 
2014-07-08T05:52:33.847+0000: 1417.306: [GC [PSYoungGen: 184048K->676K(179584K)] 415760K->232582K(866560K), 0.0071420 secs] [Times: user=0.05 sys=0.00, real=0.01 secs] 
2014-07-08T05:52:34.475+0000: 1417.934: [GC [PSYoungGen: 179556K->890K(176128K)] 411462K->232884K(863104K), 0.0050310 secs] [Times: user=0.03 sys=0.00, real=0.00 secs] 
2014-07-08T05:52:35.126+0000: 1418.585: [GC [PSYoungGen: 176122K->850K(211200K)] 408116K->232958K(898176K), 0.0096550 secs] [Times: user=0.05 sys=0.00, real=0.01 secs] 
2014-07-08T05:52:35.849+0000: 1419.309: [GC [PSYoungGen: 211154K->712K(206400K)] 443262K->232868K(893376K), 0.0055780 secs] [Times: user=0.03 sys=0.01, real=0.01 secs] 
2014-07-08T05:52:36.598+0000: 1420.057: [GC [PSYoungGen: 206344K->840K(201984K)] 438500K->233076K(888960K), 0.0059920 secs] [Times: user=0.03 sys=0.00, real=0.01 secs] 
2014-07-08T05:52:37.383+0000: 1420.842: [GC [PSYoungGen: 201926K->1330K(198080K)] 434162K->233780K(885056K), 0.0049310 secs] [Times: user=0.02 sys=0.00, real=0.00 secs] 
2014-07-08T05:52:37.975+0000: 1421.434: [GC [PSYoungGen: 198025K->502K(193024K)] 430475K->233450K(880000K), 0.0044780 secs] [Times: user=0.02 sys=0.00, real=0.00 secs] 
2014-07-08T05:52:38.649+0000: 1422.109: [GC [PSYoungGen: 192981K->1140K(189568K)] 425929K->234176K(876544K), 0.0100160 secs] [Times: user=0.06 sys=0.00, real=0.01 secs] 
2014-07-08T05:52:39.339+0000: 1422.799: [GC [PSYoungGen: 189556K->648K(185152K)] 422592K->234064K(872128K), 0.0040960 secs] [Times: user=0.02 sys=0.01, real=0.01 secs] 
2014-07-08T05:52:39.972+0000: 1423.432: [GC [PSYoungGen: 185096K->840K(181504K)] 418512K->234280K(868480K), 0.0054900 secs] [Times: user=0.02 sys=0.00, real=0.01 secs] 
2014-07-08T05:52:40.607+0000: 1424.067: [GC [PSYoungGen: 181448K->1042K(177984K)] 414888K->234570K(864960K), 0.0078160 secs] [Times: user=0.03 sys=0.00, real=0.01 secs] 
2014-07-08T05:52:41.292+0000: 1424.751: [GC [PSYoungGen: 177845K->1191K(174528K)] 411374K->234823K(861504K), 0.0041230 secs] [Times: user=0.02 sys=0.00, real=0.01 secs] 
2014-07-08T05:52:41.832+0000: 1425.292: [GC [PSYoungGen: 174503K->672K(170560K)] 408135K->234474K(857536K), 0.0036980 secs] [Times: user=0.01 sys=0.00, real=0.01 secs] 
2014-07-08T05:52:42.476+0000: 1425.936: [GC [PSYoungGen: 170518K->979K(167552K)] 404320K->234853K(854528K), 0.0054800 secs] [Times: user=0.03 sys=0.00, real=0.00 secs] 
2014-07-08T05:52:43.022+0000: 1426.481: [GC [PSYoungGen: 167507K->972K(164288K)] 401381K->234976K(851264K), 0.0053470 secs] [Times: user=0.04 sys=0.00, real=0.01 secs] 
2014-07-08T05:52:43.577+0000: 1427.037: [GC [PSYoungGen: 164236K->1022K(196992K)] 398240K->235154K(883968K), 0.0101950 secs] [Times: user=0.06 sys=0.00, real=0.01 secs] 
2014-07-08T05:52:44.300+0000: 1427.760: [GC [PSYoungGen: 196990K->726K(192512K)] 431122K->234914K(879488K), 0.0052990 secs] [Times: user=0.03 sys=0.00, real=0.01 secs] 
2014-07-08T05:52:44.966+0000: 1428.426: [GC [PSYoungGen: 192456K->1136K(188864K)] 426644K->235388K(875840K), 0.0034810 secs] [Times: user=0.01 sys=0.01, real=0.00 secs] 
2014-07-08T05:52:45.603+0000: 1429.062: [GC [PSYoungGen: 188847K->722K(184576K)] 423100K->235022K(871552K), 0.0072940 secs] [Times: user=0.04 sys=0.00, real=0.00 secs] 
2014-07-08T05:52:46.269+0000: 1429.728: [GC [PSYoungGen: 184529K->726K(180800K)] 418829K->235090K(867776K), 0.0044510 secs] [Times: user=0.02 sys=0.00, real=0.00 secs] 
2014-07-08T05:52:46.887+0000: 1430.347: [GC [PSYoungGen: 180758K->712K(177152K)] 415122K->235156K(864128K), 0.0060990 secs] [Times: user=0.04 sys=0.00, real=0.00 secs] 
2014-07-08T05:52:47.641+0000: 1431.100: [GC [PSYoungGen: 177096K->1326K(174208K)] 411540K->235859K(861184K), 0.0037120 secs] [Times: user=0.02 sys=0.01, real=0.01 secs] 
2014-07-08T05:52:48.237+0000: 1431.696: [GC [PSYoungGen: 174190K->744K(170176K)] 408723K->235516K(857152K), 0.0069240 secs] [Times: user=0.04 sys=0.00, real=0.00 secs] 
2014-07-08T05:52:48.702+0000: 1432.162: [GC [PSYoungGen: 170152K->684K(204032K)] 404924K->235496K(891008K), 0.0076090 secs] [Times: user=0.04 sys=0.00, real=0.01 secs] 
2014-07-08T05:52:49.436+0000: 1432.895: [GC [PSYoungGen: 203970K->797K(244864K)] 438782K->235689K(931840K), 0.0067900 secs] [Times: user=0.04 sys=0.00, real=0.00 secs] 
2014-07-08T05:52:50.291+0000: 1433.750: [GC [PSYoungGen: 244829K->826K(238976K)] 479721K->235766K(925952K), 0.0069720 secs] [Times: user=0.04 sys=0.00, real=0.01 secs] 
2014-07-08T05:52:51.124+0000: 1434.584: [GC [PSYoungGen: 238926K->722K(233216K)] 473866K->235734K(920192K), 0.0050900 secs] [Times: user=0.03 sys=0.00, real=0.00 secs] 
2014-07-08T05:52:51.947+0000: 1435.406: [GC [PSYoungGen: 233170K->1110K(228096K)] 468182K->236194K(915072K), 0.0045100 secs] [Times: user=0.02 sys=0.01, real=0.00 secs] 
2014-07-08T05:52:52.758+0000: 1436.217: [GC [PSYoungGen: 228010K->908K(222592K)] 463094K->236064K(909568K), 0.0056150 secs] [Times: user=0.03 sys=0.00, real=0.00 secs] 
2014-07-08T05:52:53.581+0000: 1437.041: [GC [PSYoungGen: 222540K->700K(217216K)] 457696K->235920K(904192K), 0.0059310 secs] [Times: user=0.03 sys=0.00, real=0.01 secs] 
2014-07-08T05:52:54.287+0000: 1437.747: [GC [PSYoungGen: 217212K->612K(212224K)] 452432K->235912K(899200K), 0.0033910 secs] [Times: user=0.02 sys=0.00, real=0.00 secs] 
2014-07-08T05:52:55.027+0000: 1438.487: [GC [PSYoungGen: 212196K->928K(207808K)] 447496K->236276K(894784K), 0.0053990 secs] [Times: user=0.03 sys=0.00, real=0.00 secs] 
2014-07-08T05:52:55.751+0000: 1439.210: [GC [PSYoungGen: 207776K->626K(202944K)] 443124K->236054K(889920K), 0.0058750 secs] [Times: user=0.03 sys=0.00, real=0.01 secs] 
2014-07-08T05:52:56.482+0000: 1439.941: [GC [PSYoungGen: 202930K->876K(198784K)] 438358K->236376K(885760K), 0.0075770 secs] [Times: user=0.04 sys=0.01, real=0.01 secs] 
2014-07-08T05:52:57.211+0000: 1440.671: [GC [PSYoungGen: 198738K->1192K(238720K)] 434238K->236862K(925696K), 0.0136530 secs] [Times: user=0.09 sys=0.00, real=0.02 secs] 
2014-07-08T05:52:57.993+0000: 1441.452: [GC [PSYoungGen: 238690K->740K(232640K)] 474361K->236490K(919616K), 0.0054560 secs] [Times: user=0.03 sys=0.00, real=0.01 secs] 
2014-07-08T05:52:58.822+0000: 1442.281: [GC [PSYoungGen: 232612K->580K(227072K)] 468362K->236386K(914048K), 0.0067190 secs] [Times: user=0.05 sys=0.00, real=0.01 secs] 
2014-07-08T05:52:59.630+0000: 1443.089: [GC [PSYoungGen: 227012K->580K(221824K)] 462818K->236466K(908800K), 0.0069730 secs] [Times: user=0.05 sys=0.00, real=0.01 secs] 
2014-07-08T05:53:00.404+0000: 1443.863: [GC [PSYoungGen: 221764K->758K(216896K)] 457650K->236740K(903872K), 0.0044170 secs] [Times: user=0.03 sys=0.00, real=0.01 secs] 
2014-07-08T05:53:01.167+0000: 1444.627: [GC [PSYoungGen: 216850K->1320K(212544K)] 452832K->237367K(899520K), 0.0044650 secs] [Times: user=0.02 sys=0.00, real=0.00 secs] 
2014-07-08T05:53:01.876+0000: 1445.336: [GC [PSYoungGen: 212520K->616K(207104K)] 448567K->236790K(894080K), 0.0068240 secs] [Times: user=0.04 sys=0.00, real=0.00 secs] 
2014-07-08T05:53:02.616+0000: 1446.075: [GC [PSYoungGen: 207080K->750K(202688K)] 443254K->236988K(889664K), 0.0055270 secs] [Times: user=0.04 sys=0.00, real=0.01 secs] 
2014-07-08T05:53:03.337+0000: 1446.796: [GC [PSYoungGen: 202670K->962K(198528K)] 438908K->237272K(885504K), 0.0052280 secs] [Times: user=0.03 sys=0.00, real=0.00 secs] 
2014-07-08T05:53:04.003+0000: 1447.462: [GC [PSYoungGen: 198455K->1196K(194496K)] 434766K->237594K(881472K), 0.0064730 secs] [Times: user=0.04 sys=0.00, real=0.01 secs] 
2014-07-08T05:53:04.706+0000: 1448.165: [GC [PSYoungGen: 194476K->630K(189824K)] 430874K->237148K(876800K), 0.0033410 secs] [Times: user=0.02 sys=0.00, real=0.01 secs] 
2014-07-08T05:53:05.347+0000: 1448.806: [GC [PSYoungGen: 189814K->754K(185984K)] 426332K->237328K(872960K), 0.0065590 secs] [Times: user=0.04 sys=0.00, real=0.00 secs] 
2014-07-08T05:53:06.010+0000: 1449.470: [GC [PSYoungGen: 185970K->1000K(182400K)] 422544K->237614K(869376K), 0.0061520 secs] [Times: user=0.02 sys=0.00, real=0.00 secs] 
2014-07-08T05:53:06.650+0000: 1450.110: [GC [PSYoungGen: 182376K->712K(178432K)] 418990K->237398K(865408K), 0.0064900 secs] [Times: user=0.04 sys=0.00, real=0.01 secs] 
2014-07-08T05:53:07.284+0000: 1450.743: [GC [PSYoungGen: 178376K->1018K(175104K)] 415062K->237792K(862080K), 0.0057870 secs] [Times: user=0.03 sys=0.00, real=0.01 secs] 
2014-07-08T05:53:07.872+0000: 1451.332: [GC [PSYoungGen: 175098K->612K(171264K)] 411872K->237482K(858240K), 0.0070640 secs] [Times: user=0.04 sys=0.00, real=0.01 secs] 
2014-07-08T05:53:08.475+0000: 1451.934: [GC [PSYoungGen: 171236K->890K(168128K)] 408106K->237864K(855104K), 0.0046210 secs] [Times: user=0.03 sys=0.00, real=0.01 secs] 
2014-07-08T05:53:09.076+0000: 1452.535: [GC [PSYoungGen: 168122K->776K(164800K)] 405096K->237806K(851776K), 0.0084150 secs] [Times: user=0.05 sys=0.00, real=0.01 secs] 
2014-07-08T05:53:09.635+0000: 1453.095: [GC [PSYoungGen: 164744K->694K(161536K)] 401774K->237780K(848512K), 0.0036450 secs] [Times: user=0.02 sys=0.00, real=0.01 secs] 
2014-07-08T05:53:10.209+0000: 1453.668: [GC [PSYoungGen: 161526K->776K(158592K)] 398612K->237918K(845568K), 0.0058280 secs] [Times: user=0.03 sys=0.00, real=0.00 secs] 
2014-07-08T05:53:10.747+0000: 1454.206: [GC [PSYoungGen: 158536K->712K(155584K)] 395678K->237918K(842560K), 0.0052840 secs] [Times: user=0.02 sys=0.00, real=0.01 secs] 
2014-07-08T05:53:11.299+0000: 1454.758: [GC [PSYoungGen: 155528K->922K(152896K)] 392734K->238216K(839872K), 0.0052650 secs] [Times: user=0.03 sys=0.00, real=0.00 secs] 
2014-07-08T05:53:11.829+0000: 1455.289: [GC [PSYoungGen: 152858K->886K(150016K)] 390152K->238284K(836992K), 0.0048940 secs] [Times: user=0.03 sys=0.00, real=0.00 secs] 
2014-07-08T05:53:12.354+0000: 1455.813: [GC [PSYoungGen: 150006K->890K(179840K)] 387404K->238344K(866816K), 0.0119330 secs] [Times: user=0.08 sys=0.00, real=0.01 secs] 
2014-07-08T05:53:13.116+0000: 1456.575: [GC [PSYoungGen: 179834K->814K(215616K)] 417288K->238688K(902592K), 0.0068840 secs] [Times: user=0.03 sys=0.00, real=0.01 secs] 
2014-07-08T05:53:13.735+0000: 1457.194: [GC [PSYoungGen: 215598K->858K(258688K)] 453472K->238812K(945664K), 0.0152130 secs] [Times: user=0.09 sys=0.00, real=0.02 secs] 
2014-07-08T05:53:14.641+0000: 1458.100: [GC [PSYoungGen: 258650K->598K(281856K)] 496604K->238738K(968832K), 0.0058960 secs] [Times: user=0.03 sys=0.00, real=0.00 secs] 
2014-07-08T05:53:15.632+0000: 1459.092: [GC [PSYoungGen: 281412K->826K(282176K)] 519553K->239062K(969152K), 0.0091990 secs] [Times: user=0.06 sys=0.00, real=0.01 secs] 
2014-07-08T05:53:16.627+0000: 1460.086: [GC [PSYoungGen: 281655K->762K(338304K)] 519891K->239070K(1025280K), 0.0111590 secs] [Times: user=0.07 sys=0.00, real=0.02 secs] 
2014-07-08T05:53:17.825+0000: 1461.284: [GC [PSYoungGen: 337786K->872K(328384K)] 576094K->239292K(1015360K), 0.0046600 secs] [Times: user=0.03 sys=0.00, real=0.01 secs] 
2014-07-08T05:53:18.962+0000: 1462.421: [GC [PSYoungGen: 328360K->420K(318784K)] 566780K->239263K(1005760K), 0.0070530 secs] [Times: user=0.04 sys=0.01, real=0.01 secs] 
2014-07-08T05:53:20.133+0000: 1463.593: [GC [PSYoungGen: 318721K->1204K(310784K)] 557564K->240310K(997760K), 0.0113800 secs] [Times: user=0.05 sys=0.01, real=0.01 secs] 
2014-07-08T05:53:21.205+0000: 1464.664: [GC [PSYoungGen: 310772K->829K(302016K)] 549878K->240720K(988992K), 0.0060990 secs] [Times: user=0.04 sys=0.00, real=0.01 secs] 
2014-07-08T05:53:22.305+0000: 1465.764: [GC [PSYoungGen: 302012K->1279K(294400K)] 541903K->241379K(981376K), 0.0081400 secs] [Times: user=0.05 sys=0.00, real=0.01 secs] 
2014-07-08T05:53:23.357+0000: 1466.816: [GC [PSYoungGen: 294393K->1122K(286528K)] 534493K->241681K(973504K), 0.0038990 secs] [Times: user=0.02 sys=0.00, real=0.01 secs] 
2014-07-08T05:53:24.405+0000: 1467.864: [GC [PSYoungGen: 286451K->1082K(278976K)] 527011K->241697K(965952K), 0.0044750 secs] [Times: user=0.02 sys=0.00, real=0.01 secs] 
2014-07-08T05:53:25.339+0000: 1468.798: [GC [PSYoungGen: 278970K->1260K(272000K)] 519585K->242005K(958976K), 0.0045800 secs] [Times: user=0.03 sys=0.00, real=0.01 secs] 
2014-07-08T05:53:26.269+0000: 1469.728: [GC [PSYoungGen: 271980K->808K(264640K)] 512725K->241633K(951616K), 0.0048160 secs] [Times: user=0.03 sys=0.00, real=0.01 secs] 
2014-07-08T05:53:27.190+0000: 1470.649: [GC [PSYoungGen: 264616K->1188K(258368K)] 505441K->242078K(945344K), 0.0088470 secs] [Times: user=0.05 sys=0.00, real=0.00 secs] 
2014-07-08T05:53:28.144+0000: 1471.603: [GC [PSYoungGen: 258305K->1018K(251776K)] 499195K->241955K(938752K), 0.0048790 secs] [Times: user=0.02 sys=0.01, real=0.00 secs] 
2014-07-08T05:53:28.946+0000: 1472.406: [GC [PSYoungGen: 251770K->1136K(245760K)] 492707K->242145K(932736K), 0.0043740 secs] [Times: user=0.02 sys=0.00, real=0.01 secs] 
2014-07-08T05:53:29.804+0000: 1473.263: [GC [PSYoungGen: 245709K->594K(239296K)] 486719K->241691K(926272K), 0.0053510 secs] [Times: user=0.03 sys=0.00, real=0.00 secs] 
2014-07-08T05:53:30.644+0000: 1474.104: [GC [PSYoungGen: 239248K->712K(233728K)] 480346K->241865K(920704K), 0.0069190 secs] [Times: user=0.05 sys=0.00, real=0.01 secs] 
2014-07-08T05:53:31.460+0000: 1474.920: [GC [PSYoungGen: 233640K->762K(228224K)] 474794K->242011K(915200K), 0.0070180 secs] [Times: user=0.05 sys=0.00, real=0.00 secs] 
2014-07-08T05:53:32.281+0000: 1475.740: [GC [PSYoungGen: 228173K->780K(222976K)] 469423K->242077K(909952K), 0.0061910 secs] [Times: user=0.03 sys=0.00, real=0.01 secs] 
2014-07-08T05:53:33.132+0000: 1476.591: [GC [PSYoungGen: 222923K->1216K(218304K)] 464221K->242578K(905280K), 0.0081080 secs] [Times: user=0.05 sys=0.00, real=0.00 secs] 
2014-07-08T05:53:33.799+0000: 1477.258: [GC [PSYoungGen: 218229K->946K(213056K)] 459590K->242404K(900032K), 0.0047500 secs] [Times: user=0.03 sys=0.00, real=0.01 secs] 
2014-07-08T05:53:34.591+0000: 1478.050: [GC [PSYoungGen: 213042K->1564K(208960K)] 454500K->243102K(895936K), 0.0082780 secs] [Times: user=0.06 sys=0.00, real=0.01 secs] 
2014-07-08T05:53:35.283+0000: 1478.742: [GC [PSYoungGen: 208924K->548K(203328K)] 450462K->242125K(890304K), 0.0065980 secs] [Times: user=0.04 sys=0.00, real=0.00 secs] 
2014-07-08T05:53:35.994+0000: 1479.453: [GC [PSYoungGen: 203300K->1138K(199488K)] 444877K->242780K(886464K), 0.0075290 secs] [Times: user=0.04 sys=0.00, real=0.01 secs] 
2014-07-08T05:53:36.659+0000: 1480.118: [GC [PSYoungGen: 199427K->548K(194624K)] 441068K->242253K(881600K), 0.0075520 secs] [Times: user=0.05 sys=0.00, real=0.01 secs] 
2014-07-08T05:53:37.327+0000: 1480.786: [GC [PSYoungGen: 194596K->1224K(191168K)] 436301K->242986K(878144K), 0.0074120 secs] [Times: user=0.05 sys=0.01, real=0.01 secs] 
2014-07-08T05:53:38.104+0000: 1481.564: [GC [PSYoungGen: 191042K->1537K(229504K)] 432804K->243371K(916480K), 0.0087550 secs] [Times: user=0.06 sys=0.00, real=0.01 secs] 
2014-07-08T05:53:38.786+0000: 1482.245: [GC [PSYoungGen: 229441K->690K(223296K)] 471275K->242603K(910272K), 0.0045040 secs] [Times: user=0.02 sys=0.00, real=0.00 secs] 
2014-07-08T05:53:39.566+0000: 1483.025: [GC [PSYoungGen: 223280K->747K(218240K)] 465194K->242765K(905216K), 0.0043570 secs] [Times: user=0.03 sys=0.00, real=0.00 secs] 
2014-07-08T05:53:40.410+0000: 1483.869: [GC [PSYoungGen: 218219K->1316K(213888K)] 460237K->243406K(900864K), 0.0049620 secs] [Times: user=0.03 sys=0.00, real=0.01 secs] 
2014-07-08T05:53:41.152+0000: 1484.611: [GC [PSYoungGen: 213860K->1078K(208832K)] 455950K->243207K(895808K), 0.0063330 secs] [Times: user=0.02 sys=0.00, real=0.01 secs] 
2014-07-08T05:53:41.807+0000: 1485.267: [GC [PSYoungGen: 208822K->644K(203840K)] 450951K->242837K(890816K), 0.0085920 secs] [Times: user=0.04 sys=0.00, real=0.01 secs] 
2014-07-08T05:53:42.512+0000: 1485.971: [GC [PSYoungGen: 203780K->712K(199488K)] 445973K->242985K(886464K), 0.0086360 secs] [Times: user=0.05 sys=0.01, real=0.00 secs] 
2014-07-08T05:53:43.332+0000: 1486.792: [GC [PSYoungGen: 199432K->1046K(195520K)] 441705K->243376K(882496K), 0.0059320 secs] [Times: user=0.03 sys=0.00, real=0.00 secs] 
2014-07-08T05:53:43.896+0000: 1487.355: [GC [PSYoungGen: 195478K->758K(191040K)] 437808K->243183K(878016K), 0.0039990 secs] [Times: user=0.01 sys=0.00, real=0.00 secs] 
2014-07-08T05:53:44.555+0000: 1488.014: [GC [PSYoungGen: 191014K->868K(187136K)] 433440K->243358K(874112K), 0.0060990 secs] [Times: user=0.04 sys=0.00, real=0.00 secs] 
2014-07-08T05:53:45.245+0000: 1488.705: [GC [PSYoungGen: 187108K->1260K(183616K)] 429598K->243814K(870592K), 0.0055110 secs] [Times: user=0.03 sys=0.01, real=0.00 secs] 
2014-07-08T05:53:45.853+0000: 1489.312: [GC [PSYoungGen: 183596K->882K(179456K)] 426150K->243532K(866432K), 0.0088810 secs] [Times: user=0.05 sys=0.00, real=0.00 secs] 
2014-07-08T05:53:46.550+0000: 1490.009: [GC [PSYoungGen: 179376K->844K(175808K)] 422025K->243557K(862784K), 0.0061590 secs] [Times: user=0.04 sys=0.00, real=0.01 secs] 
2014-07-08T05:53:47.117+0000: 1490.576: [GC [PSYoungGen: 175756K->1394K(211328K)] 418469K->244172K(898304K), 0.0151710 secs] [Times: user=0.07 sys=0.00, real=0.01 secs] 
2014-07-08T05:53:47.827+0000: 1491.286: [GC [PSYoungGen: 211287K->844K(252800K)] 454065K->243701K(939776K), 0.0055560 secs] [Times: user=0.04 sys=0.00, real=0.00 secs] 
2014-07-08T05:53:48.712+0000: 1492.171: [GC [PSYoungGen: 252748K->612K(302976K)] 495605K->243517K(989952K), 0.0050290 secs] [Times: user=0.01 sys=0.01, real=0.01 secs] 
2014-07-08T05:53:49.775+0000: 1493.234: [GC [PSYoungGen: 302948K->694K(294912K)] 545853K->243655K(981888K), 0.0048710 secs] [Times: user=0.02 sys=0.01, real=0.00 secs] 
2014-07-08T05:53:50.822+0000: 1494.282: [GC [PSYoungGen: 294902K->1028K(287488K)] 537863K->244078K(974464K), 0.0050260 secs] [Times: user=0.03 sys=0.01, real=0.01 secs] 
2014-07-08T05:53:51.833+0000: 1495.292: [GC [PSYoungGen: 287428K->676K(279616K)] 530478K->243805K(966592K), 0.0040760 secs] [Times: user=0.01 sys=0.01, real=0.01 secs] 
2014-07-08T05:53:52.821+0000: 1496.280: [GC [PSYoungGen: 279588K->730K(272448K)] 522717K->243915K(959424K), 0.0051090 secs] [Times: user=0.03 sys=0.00, real=0.01 secs] 
2014-07-08T05:53:53.791+0000: 1497.251: [GC [PSYoungGen: 272410K->616K(265408K)] 515595K->243857K(952384K), 0.0115590 secs] [Times: user=0.07 sys=0.00, real=0.01 secs] 
2014-07-08T05:53:54.718+0000: 1498.177: [GC [PSYoungGen: 265384K->900K(259072K)] 508625K->244262K(946048K), 0.0059120 secs] [Times: user=0.03 sys=0.01, real=0.00 secs] 
2014-07-08T05:53:55.621+0000: 1499.081: [GC [PSYoungGen: 259012K->562K(252288K)] 502374K->244003K(939264K), 0.0044420 secs] [Times: user=0.02 sys=0.00, real=0.01 secs] 
2014-07-08T05:53:56.529+0000: 1499.988: [GC [PSYoungGen: 252274K->612K(246144K)] 495715K->244133K(933120K), 0.0059690 secs] [Times: user=0.03 sys=0.00, real=0.01 secs] 
2014-07-08T05:53:57.551+0000: 1501.010: [GC [PSYoungGen: 246071K->1202K(240768K)] 489593K->244804K(927744K), 0.0038410 secs] [Times: user=0.02 sys=0.01, real=0.01 secs] 
2014-07-08T05:53:58.427+0000: 1501.886: [GC [PSYoungGen: 240754K->1448K(235264K)] 484356K->245154K(922240K), 0.0064580 secs] [Times: user=0.03 sys=0.00, real=0.00 secs] 
2014-07-08T05:53:59.108+0000: 1502.567: [GC [PSYoungGen: 235240K->438K(228736K)] 478946K->244661K(915712K), 0.0044240 secs] [Times: user=0.02 sys=0.00, real=0.00 secs] 
2014-07-08T05:53:59.864+0000: 1503.323: [GC [PSYoungGen: 228707K->1246K(224256K)] 472931K->245558K(911232K), 0.0090810 secs] [Times: user=0.05 sys=0.00, real=0.01 secs] 
2014-07-08T05:54:00.655+0000: 1504.114: [GC [PSYoungGen: 224222K->516K(218432K)] 468534K->245230K(905408K), 0.0062830 secs] [Times: user=0.04 sys=0.00, real=0.01 secs] 
2014-07-08T05:54:01.419+0000: 1504.878: [GC [PSYoungGen: 218372K->768K(213760K)] 463086K->245530K(900736K), 0.0064840 secs] [Times: user=0.04 sys=0.00, real=0.01 secs] 
2014-07-08T05:54:02.210+0000: 1505.669: [GC [PSYoungGen: 213696K->1392K(209536K)] 458458K->246226K(896512K), 0.0092420 secs] [Times: user=0.06 sys=0.00, real=0.01 secs] 
2014-07-08T05:54:02.891+0000: 1506.350: [GC [PSYoungGen: 209520K->762K(204288K)] 454354K->245660K(891264K), 0.0051120 secs] [Times: user=0.02 sys=0.01, real=0.01 secs] 
2014-07-08T05:54:03.617+0000: 1507.077: [GC [PSYoungGen: 204282K->726K(199808K)] 449180K->245704K(886784K), 0.0048380 secs] [Times: user=0.03 sys=0.01, real=0.00 secs] 
2014-07-08T05:54:04.331+0000: 1507.790: [GC [PSYoungGen: 199766K->1068K(195840K)] 444744K->246118K(882816K), 0.0044410 secs] [Times: user=0.02 sys=0.01, real=0.01 secs] 
2014-07-08T05:54:04.965+0000: 1508.425: [GC [PSYoungGen: 195820K->1174K(191808K)] 440870K->246328K(878784K), 0.0034070 secs] [Times: user=0.02 sys=0.00, real=0.01 secs] 
2014-07-08T05:54:05.638+0000: 1509.098: [GC [PSYoungGen: 191756K->1156K(187776K)] 436910K->246406K(874752K), 0.0049470 secs] [Times: user=0.02 sys=0.00, real=0.00 secs] 
2014-07-08T05:54:06.317+0000: 1509.776: [GC [PSYoungGen: 187716K->822K(183488K)] 432966K->246144K(870464K), 0.0058970 secs] [Times: user=0.03 sys=0.00, real=0.00 secs] 
2014-07-08T05:54:06.917+0000: 1510.376: [GC [PSYoungGen: 183478K->594K(179520K)] 428800K->245980K(866496K), 0.0044690 secs] [Times: user=0.02 sys=0.00, real=0.00 secs] 
2014-07-08T05:54:07.538+0000: 1510.997: [GC [PSYoungGen: 179454K->1142K(176384K)] 424840K->246600K(863360K), 0.0041400 secs] [Times: user=0.02 sys=0.00, real=0.00 secs] 
2014-07-08T05:54:08.213+0000: 1511.672: [GC [PSYoungGen: 176373K->1174K(172928K)] 421831K->246696K(859904K), 0.0093560 secs] [Times: user=0.05 sys=0.00, real=0.01 secs] 
2014-07-08T05:54:08.782+0000: 1512.241: [GC [PSYoungGen: 172886K->662K(169024K)] 418408K->246272K(856000K), 0.0058770 secs] [Times: user=0.04 sys=0.00, real=0.01 secs] 
2014-07-08T05:54:09.345+0000: 1512.804: [GC [PSYoungGen: 168929K->911K(166016K)] 414539K->246625K(852992K), 0.0067370 secs] [Times: user=0.04 sys=0.00, real=0.01 secs] 
2014-07-08T05:54:09.905+0000: 1513.365: [GC [PSYoungGen: 165967K->890K(162752K)] 411681K->246660K(849728K), 0.0041930 secs] [Times: user=0.02 sys=0.00, real=0.01 secs] 
2014-07-08T05:54:10.485+0000: 1513.945: [GC [PSYoungGen: 162745K->812K(195072K)] 408515K->246662K(882048K), 0.0080940 secs] [Times: user=0.05 sys=0.00, real=0.01 secs] 
2014-07-08T05:54:11.199+0000: 1514.658: [GC [PSYoungGen: 195028K->832K(233920K)] 440878K->246729K(920896K), 0.0079320 secs] [Times: user=0.04 sys=0.00, real=0.01 secs] 
2014-07-08T05:54:12.000+0000: 1515.459: [GC [PSYoungGen: 233883K->968K(228608K)] 479781K->246954K(915584K), 0.0070080 secs] [Times: user=0.04 sys=0.00, real=0.00 secs] 
2014-07-08T05:54:12.792+0000: 1516.251: [GC [PSYoungGen: 228552K->730K(223040K)] 474538K->246788K(910016K), 0.0044990 secs] [Times: user=0.02 sys=0.00, real=0.00 secs] 
2014-07-08T05:54:13.625+0000: 1517.085: [GC [PSYoungGen: 223002K->993K(218176K)] 469060K->247107K(905152K), 0.0070070 secs] [Times: user=0.04 sys=0.00, real=0.01 secs] 
2014-07-08T05:54:14.385+0000: 1517.844: [GC [PSYoungGen: 218145K->740K(212992K)] 464259K->246942K(899968K), 0.0055610 secs] [Times: user=0.04 sys=0.00, real=0.01 secs] 
2014-07-08T05:54:15.118+0000: 1518.578: [GC [PSYoungGen: 212964K->850K(208384K)] 459166K->247116K(895360K), 0.0051520 secs] [Times: user=0.02 sys=0.00, real=0.00 secs] 
2014-07-08T05:54:15.825+0000: 1519.284: [GC [PSYoungGen: 208335K->854K(203776K)] 454601K->247176K(890752K), 0.0092510 secs] [Times: user=0.06 sys=0.00, real=0.01 secs] 
2014-07-08T05:54:16.528+0000: 1519.988: [GC [PSYoungGen: 203734K->548K(199040K)] 450056K->246926K(886016K), 0.0054970 secs] [Times: user=0.03 sys=0.00, real=0.00 secs] 
2014-07-08T05:54:17.306+0000: 1520.765: [GC [PSYoungGen: 199012K->996K(195200K)] 445390K->247446K(882176K), 0.0060110 secs] [Times: user=0.02 sys=0.00, real=0.01 secs] 
2014-07-08T05:54:17.949+0000: 1521.408: [GC [PSYoungGen: 195172K->996K(191040K)] 441622K->247542K(878016K), 0.0072250 secs] [Times: user=0.05 sys=0.00, real=0.00 secs] 
2014-07-08T05:54:18.665+0000: 1522.124: [GC [PSYoungGen: 191012K->676K(186752K)] 437558K->247588K(873728K), 0.0051670 secs] [Times: user=0.02 sys=0.00, real=0.01 secs] 
2014-07-08T05:54:19.360+0000: 1522.819: [GC [PSYoungGen: 186724K->1172K(183424K)] 433636K->248156K(870400K), 0.0056650 secs] [Times: user=0.04 sys=0.00, real=0.00 secs] 
2014-07-08T05:54:19.895+0000: 1523.355: [GC [PSYoungGen: 183380K->822K(179328K)] 430364K->248268K(866304K), 0.0041370 secs] [Times: user=0.02 sys=0.00, real=0.01 secs] 
2014-07-08T05:54:20.526+0000: 1523.986: [GC [PSYoungGen: 179318K->612K(175488K)] 426764K->248138K(862464K), 0.0102000 secs] [Times: user=0.06 sys=0.00, real=0.01 secs] 
2014-07-08T05:54:21.203+0000: 1524.662: [GC [PSYoungGen: 175459K->964K(210880K)] 422985K->248530K(897856K), 0.0113500 secs] [Times: user=0.06 sys=0.00, real=0.01 secs] 
2014-07-08T05:54:21.884+0000: 1525.344: [GC [PSYoungGen: 210820K->776K(252672K)] 458386K->248430K(939648K), 0.0055090 secs] [Times: user=0.02 sys=0.00, real=0.01 secs] 
2014-07-08T05:54:22.779+0000: 1526.238: [GC [PSYoungGen: 252616K->648K(246336K)] 500270K->248374K(933312K), 0.0049660 secs] [Times: user=0.02 sys=0.00, real=0.00 secs] 
2014-07-08T05:54:23.688+0000: 1527.147: [GC [PSYoungGen: 246280K->1326K(241024K)] 494006K->249108K(928000K), 0.0079690 secs] [Times: user=0.05 sys=0.00, real=0.01 secs] 
2014-07-08T05:54:24.552+0000: 1528.011: [GC [PSYoungGen: 241006K->702K(234624K)] 488788K->248598K(921600K), 0.0054130 secs] [Times: user=0.02 sys=0.00, real=0.00 secs] 
2014-07-08T05:54:25.343+0000: 1528.802: [GC [PSYoungGen: 234622K->978K(229440K)] 482518K->248954K(916416K), 0.0037610 secs] [Times: user=0.02 sys=0.00, real=0.00 secs] 
2014-07-08T05:54:26.144+0000: 1529.604: [GC [PSYoungGen: 229394K->1102K(224256K)] 477370K->249142K(911232K), 0.0076080 secs] [Times: user=0.04 sys=0.00, real=0.01 secs] 
2014-07-08T05:54:26.911+0000: 1530.370: [GC [PSYoungGen: 224206K->712K(218752K)] 472246K->248816K(905728K), 0.0107250 secs] [Times: user=0.06 sys=0.00, real=0.01 secs] 
2014-07-08T05:54:27.699+0000: 1531.158: [GC [PSYoungGen: 218696K->712K(213760K)] 466800K->248904K(900736K), 0.0067950 secs] [Times: user=0.04 sys=0.00, real=0.01 secs] 
2014-07-08T05:54:28.465+0000: 1531.925: [GC [PSYoungGen: 213704K->630K(208832K)] 461896K->248886K(895808K), 0.0032080 secs] [Times: user=0.02 sys=0.00, real=0.00 secs] 
2014-07-08T05:54:29.255+0000: 1532.715: [GC [PSYoungGen: 208804K->1380K(204992K)] 457060K->249774K(891968K), 0.0062080 secs] [Times: user=0.04 sys=0.00, real=0.01 secs] 
2014-07-08T05:54:29.918+0000: 1533.378: [GC [PSYoungGen: 204933K->666K(199808K)] 453327K->249108K(886784K), 0.0065990 secs] [Times: user=0.03 sys=0.00, real=0.01 secs] 
2014-07-08T05:54:30.689+0000: 1534.149: [GC [PSYoungGen: 199770K->918K(195776K)] 448212K->249416K(882752K), 0.0119930 secs] [Times: user=0.07 sys=0.00, real=0.01 secs] 
2014-07-08T05:54:31.342+0000: 1534.801: [GC [PSYoungGen: 195734K->758K(234560K)] 444232K->249328K(921536K), 0.0087440 secs] [Times: user=0.04 sys=0.00, real=0.01 secs] 
2014-07-08T05:54:32.162+0000: 1535.621: [GC [PSYoungGen: 234550K->840K(229184K)] 483120K->249466K(916160K), 0.0038250 secs] [Times: user=0.02 sys=0.00, real=0.00 secs] 
2014-07-08T05:54:32.939+0000: 1536.398: [GC [PSYoungGen: 229128K->818K(223808K)] 477754K->249516K(910784K), 0.0034260 secs] [Times: user=0.02 sys=0.00, real=0.01 secs] 
2014-07-08T05:54:33.811+0000: 1537.270: [GC [PSYoungGen: 223794K->1096K(219008K)] 472492K->249850K(905984K), 0.0040840 secs] [Times: user=0.02 sys=0.00, real=0.00 secs] 
2014-07-08T05:54:34.474+0000: 1537.933: [GC [PSYoungGen: 218939K->748K(213696K)] 467693K->249582K(900672K), 0.0098430 secs] [Times: user=0.05 sys=0.01, real=0.01 secs] 
2014-07-08T05:54:35.333+0000: 1538.792: [GC [PSYoungGen: 213663K->948K(209088K)] 462497K->250056K(896064K), 0.0036400 secs] [Times: user=0.02 sys=0.00, real=0.00 secs] 
2014-07-08T05:54:35.978+0000: 1539.437: [GC [PSYoungGen: 209076K->1100K(204672K)] 458184K->250330K(891648K), 0.0045700 secs] [Times: user=0.02 sys=0.00, real=0.01 secs] 
2014-07-08T05:54:36.657+0000: 1540.116: [GC [PSYoungGen: 204620K->762K(244992K)] 453850K->250256K(931968K), 0.0142010 secs] [Times: user=0.08 sys=0.00, real=0.02 secs] 
2014-07-08T05:54:37.524+0000: 1540.984: [GC [PSYoungGen: 244986K->566K(238912K)] 494480K->250108K(925888K), 0.0046270 secs] [Times: user=0.02 sys=0.01, real=0.00 secs] 
2014-07-08T05:54:38.387+0000: 1541.846: [GC [PSYoungGen: 238902K->996K(275392K)] 488444K->250594K(962368K), 0.0108880 secs] [Times: user=0.07 sys=0.00, real=0.01 secs] 
2014-07-08T05:54:39.356+0000: 1542.815: [GC [PSYoungGen: 274916K->708K(267648K)] 524514K->250402K(954624K), 0.0068710 secs] [Times: user=0.04 sys=0.01, real=0.01 secs] 
2014-07-08T05:54:40.323+0000: 1543.782: [GC [PSYoungGen: 267588K->754K(274048K)] 517282K->250528K(961024K), 0.0139320 secs] [Times: user=0.09 sys=0.00, real=0.01 secs] 
2014-07-08T05:54:41.374+0000: 1544.833: [GC [PSYoungGen: 274034K->1330K(267648K)] 523808K->251200K(954624K), 0.0043970 secs] [Times: user=0.03 sys=0.00, real=0.00 secs] 
2014-07-08T05:54:42.221+0000: 1545.680: [GC [PSYoungGen: 267634K->128K(259712K)] 517504K->250936K(946688K), 0.0072810 secs] [Times: user=0.04 sys=0.00, real=0.01 secs] 
2014-07-08T05:54:43.099+0000: 1546.558: [GC [PSYoungGen: 259712K->1232K(254400K)] 510520K->252072K(941376K), 0.0068740 secs] [Times: user=0.03 sys=0.01, real=0.01 secs] 
2014-07-08T05:54:44.044+0000: 1547.503: [GC [PSYoungGen: 254340K->1596K(272704K)] 505181K->253041K(959680K), 0.0149790 secs] [Times: user=0.09 sys=0.00, real=0.01 secs] 
2014-07-08T05:54:44.928+0000: 1548.387: [GC [PSYoungGen: 272700K->1312K(265536K)] 524145K->252805K(952512K), 0.0085000 secs] [Times: user=0.05 sys=0.00, real=0.01 secs] 
2014-07-08T05:54:45.851+0000: 1549.310: [GC [PSYoungGen: 265483K->680K(271168K)] 516976K->252294K(958144K), 0.0096740 secs] [Times: user=0.06 sys=0.00, real=0.01 secs] 
2014-07-08T05:54:46.817+0000: 1550.276: [GC [PSYoungGen: 271144K->744K(264320K)] 522758K->252422K(951296K), 0.0072010 secs] [Times: user=0.04 sys=0.01, real=0.01 secs] 
2014-07-08T05:54:47.739+0000: 1551.198: [GC [PSYoungGen: 264249K->790K(257728K)] 515928K->252540K(944704K), 0.0043330 secs] [Times: user=0.02 sys=0.00, real=0.01 secs] 
2014-07-08T05:54:48.638+0000: 1552.097: [GC [PSYoungGen: 257650K->708K(251264K)] 509401K->252506K(938240K), 0.0046110 secs] [Times: user=0.02 sys=0.00, real=0.01 secs] 
2014-07-08T05:54:49.517+0000: 1552.976: [GC [PSYoungGen: 251204K->612K(244992K)] 503002K->252466K(931968K), 0.0123540 secs] [Times: user=0.07 sys=0.00, real=0.01 secs] 
2014-07-08T05:54:50.387+0000: 1553.847: [GC [PSYoungGen: 244964K->708K(239232K)] 496818K->252658K(926208K), 0.0034820 secs] [Times: user=0.01 sys=0.00, real=0.00 secs] 
2014-07-08T05:54:51.220+0000: 1554.679: [GC [PSYoungGen: 239150K->1150K(233920K)] 491101K->253148K(920896K), 0.0045110 secs] [Times: user=0.03 sys=0.00, real=0.01 secs] 
2014-07-08T05:54:52.008+0000: 1555.467: [GC [PSYoungGen: 233870K->904K(228224K)] 485868K->252974K(915200K), 0.0090470 secs] [Times: user=0.05 sys=0.00, real=0.01 secs] 
2014-07-08T05:54:52.793+0000: 1556.252: [GC [PSYoungGen: 228168K->776K(222784K)] 480238K->252942K(909760K), 0.0053790 secs] [Times: user=0.03 sys=0.00, real=0.01 secs] 
2014-07-08T05:54:53.573+0000: 1557.032: [GC [PSYoungGen: 222710K->990K(217856K)] 474877K->253244K(904832K), 0.0060600 secs] [Times: user=0.04 sys=0.00, real=0.01 secs] 
2014-07-08T05:54:54.447+0000: 1557.907: [GC [PSYoungGen: 217820K->936K(212864K)] 470075K->253294K(899840K), 0.0068310 secs] [Times: user=0.04 sys=0.00, real=0.01 secs] 
2014-07-08T05:54:55.102+0000: 1558.561: [GC [PSYoungGen: 212840K->1006K(255360K)] 465198K->253413K(942336K), 0.0118290 secs] [Times: user=0.07 sys=0.01, real=0.02 secs] 
2014-07-08T05:54:55.965+0000: 1559.425: [GC [PSYoungGen: 255342K->900K(249024K)] 507749K->253363K(936000K), 0.0050590 secs] [Times: user=0.03 sys=0.00, real=0.00 secs] 
2014-07-08T05:54:56.823+0000: 1560.283: [GC [PSYoungGen: 248953K->861K(242880K)] 501416K->253395K(929856K), 0.0065960 secs] [Times: user=0.03 sys=0.01, real=0.00 secs] 
2014-07-08T05:54:57.711+0000: 1561.170: [GC [PSYoungGen: 242845K->690K(236864K)] 495379K->253280K(923840K), 0.0038640 secs] [Times: user=0.02 sys=0.00, real=0.01 secs] 
2014-07-08T05:54:58.505+0000: 1561.964: [GC [PSYoungGen: 236850K->580K(231168K)] 489440K->253250K(918144K), 0.0100800 secs] [Times: user=0.06 sys=0.00, real=0.01 secs] 
2014-07-08T05:54:59.426+0000: 1562.885: [GC [PSYoungGen: 231071K->858K(225984K)] 483742K->253608K(912960K), 0.0069140 secs] [Times: user=0.03 sys=0.00, real=0.00 secs] 
2014-07-08T05:55:00.126+0000: 1563.586: [GC [PSYoungGen: 225946K->986K(220928K)] 478696K->253824K(907904K), 0.0036050 secs] [Times: user=0.02 sys=0.00, real=0.00 secs] 
2014-07-08T05:55:00.892+0000: 1564.351: [GC [PSYoungGen: 220882K->943K(215808K)] 473720K->253885K(902784K), 0.0043400 secs] [Times: user=0.03 sys=0.00, real=0.01 secs] 
2014-07-08T05:55:01.646+0000: 1565.105: [GC [PSYoungGen: 215791K->744K(210752K)] 468733K->253758K(897728K), 0.0108860 secs] [Times: user=0.06 sys=0.00, real=0.01 secs] 
2014-07-08T05:55:02.424+0000: 1565.883: [GC [PSYoungGen: 210728K->936K(206272K)] 463742K->254030K(893248K), 0.0032160 secs] [Times: user=0.02 sys=0.00, real=0.01 secs] 
2014-07-08T05:55:03.130+0000: 1566.590: [GC [PSYoungGen: 206248K->1320K(247744K)] 459342K->254536K(934720K), 0.0131080 secs] [Times: user=0.06 sys=0.01, real=0.01 secs] 
2014-07-08T05:55:03.964+0000: 1567.423: [GC [PSYoungGen: 247720K->434K(240832K)] 500936K->253894K(927808K), 0.0074590 secs] [Times: user=0.04 sys=0.00, real=0.00 secs] 
2014-07-08T05:55:04.799+0000: 1568.259: [GC [PSYoungGen: 240818K->880K(235520K)] 494278K->254404K(922496K), 0.0034900 secs] [Times: user=0.02 sys=0.00, real=0.00 secs] 
2014-07-08T05:55:05.632+0000: 1569.091: [GC [PSYoungGen: 235504K->794K(229888K)] 489028K->254590K(916864K), 0.0049240 secs] [Times: user=0.02 sys=0.00, real=0.01 secs] 
2014-07-08T05:55:06.441+0000: 1569.900: [GC [PSYoungGen: 229850K->822K(224512K)] 483646K->254706K(911488K), 0.0042340 secs] [Times: user=0.02 sys=0.01, real=0.01 secs] 
2014-07-08T05:55:07.249+0000: 1570.708: [GC [PSYoungGen: 224502K->1070K(219584K)] 478386K->254995K(906560K), 0.0093790 secs] [Times: user=0.06 sys=0.00, real=0.01 secs] 
2014-07-08T05:55:08.005+0000: 1571.465: [GC [PSYoungGen: 219566K->1398K(256192K)] 473491K->255395K(943168K), 0.0163280 secs] [Times: user=0.09 sys=0.01, real=0.01 secs] 
2014-07-08T05:55:08.899+0000: 1572.358: [GC [PSYoungGen: 256182K->694K(263744K)] 510179K->254754K(950720K), 0.0063730 secs] [Times: user=0.03 sys=0.00, real=0.01 secs] 
2014-07-08T05:55:09.826+0000: 1573.286: [GC [PSYoungGen: 262812K->812K(256448K)] 516873K->254936K(943424K), 0.0060370 secs] [Times: user=0.04 sys=0.00, real=0.00 secs] 
2014-07-08T05:55:10.727+0000: 1574.186: [GC [PSYoungGen: 256428K->712K(250048K)] 510552K->254924K(937024K), 0.0067760 secs] [Times: user=0.05 sys=0.00, real=0.00 secs] 
2014-07-08T05:55:11.603+0000: 1575.062: [GC [PSYoungGen: 249992K->562K(243776K)] 504204K->254830K(930752K), 0.0052160 secs] [Times: user=0.03 sys=0.00, real=0.01 secs] 
2014-07-08T05:55:12.458+0000: 1575.917: [GC [PSYoungGen: 243762K->858K(238208K)] 498030K->255206K(925184K), 0.0034380 secs] [Times: user=0.01 sys=0.00, real=0.00 secs] 
2014-07-08T05:55:13.311+0000: 1576.770: [GC [PSYoungGen: 238170K->1038K(232768K)] 492518K->255451K(919744K), 0.0066050 secs] [Times: user=0.04 sys=0.00, real=0.01 secs] 
2014-07-08T05:55:14.095+0000: 1577.554: [GC [PSYoungGen: 232718K->886K(227136K)] 487131K->255514K(914112K), 0.0038310 secs] [Times: user=0.02 sys=0.00, real=0.01 secs] 
2014-07-08T05:55:14.883+0000: 1578.343: [GC [PSYoungGen: 227107K->862K(221888K)] 481736K->255546K(908864K), 0.0071210 secs] [Times: user=0.04 sys=0.00, real=0.01 secs] 
2014-07-08T05:55:15.647+0000: 1579.106: [GC [PSYoungGen: 221806K->712K(216704K)] 476491K->255708K(903680K), 0.0037760 secs] [Times: user=0.01 sys=0.00, real=0.00 secs] 
2014-07-08T05:55:16.424+0000: 1579.884: [GC [PSYoungGen: 216648K->630K(211712K)] 471644K->255690K(898688K), 0.0094010 secs] [Times: user=0.05 sys=0.00, real=0.01 secs] 
2014-07-08T05:55:17.197+0000: 1580.656: [GC [PSYoungGen: 211702K->1118K(207488K)] 466762K->256235K(894464K), 0.0103470 secs] [Times: user=0.06 sys=0.00, real=0.01 secs] 
2014-07-08T05:55:17.872+0000: 1581.332: [GC [PSYoungGen: 207419K->900K(202752K)] 462536K->256097K(889728K), 0.0053740 secs] [Times: user=0.03 sys=0.00, real=0.01 secs] 
2014-07-08T05:55:18.589+0000: 1582.049: [GC [PSYoungGen: 202692K->808K(198208K)] 457889K->256076K(885184K), 0.0035970 secs] [Times: user=0.02 sys=0.00, real=0.00 secs] 
2014-07-08T05:55:19.389+0000: 1582.849: [GC [PSYoungGen: 198184K->1302K(194496K)] 453452K->256666K(881472K), 0.0059670 secs] [Times: user=0.04 sys=0.00, real=0.00 secs] 
2014-07-08T05:55:19.992+0000: 1583.451: [GC [PSYoungGen: 194454K->576K(189632K)] 449818K->256176K(876608K), 0.0076220 secs] [Times: user=0.05 sys=0.00, real=0.01 secs] 
2014-07-08T05:55:20.611+0000: 1584.071: [GC [PSYoungGen: 189626K->869K(185984K)] 445226K->256534K(872960K), 0.0081360 secs] [Times: user=0.04 sys=0.01, real=0.01 secs] 
2014-07-08T05:55:21.312+0000: 1584.771: [GC [PSYoungGen: 185929K->1282K(182592K)] 441594K->257069K(869568K), 0.0034780 secs] [Times: user=0.02 sys=0.00, real=0.00 secs] 
2014-07-08T05:55:21.899+0000: 1585.358: [GC [PSYoungGen: 182487K->744K(178304K)] 438274K->256611K(865280K), 0.0053370 secs] [Times: user=0.03 sys=0.01, real=0.00 secs] 
2014-07-08T05:55:22.530+0000: 1585.989: [GC [PSYoungGen: 178280K->836K(174848K)] 434147K->256751K(861824K), 0.0045000 secs] [Times: user=0.02 sys=0.00, real=0.00 secs] 
2014-07-08T05:55:23.166+0000: 1586.625: [GC [PSYoungGen: 174735K->1100K(171648K)] 430650K->257087K(858624K), 0.0069020 secs] [Times: user=0.05 sys=0.00, real=0.01 secs] 
2014-07-08T05:55:23.746+0000: 1587.206: [GC [PSYoungGen: 171596K->716K(167872K)] 427582K->256751K(854848K), 0.0043930 secs] [Times: user=0.02 sys=0.00, real=0.01 secs] 
2014-07-08T05:55:24.375+0000: 1587.834: [GC [PSYoungGen: 167820K->936K(164800K)] 423855K->257051K(851776K), 0.0080930 secs] [Times: user=0.05 sys=0.00, real=0.01 secs] 
2014-07-08T05:55:25.043+0000: 1588.503: [GC [PSYoungGen: 164734K->1128K(161856K)] 420849K->257315K(848832K), 0.0070580 secs] [Times: user=0.04 sys=0.00, real=0.01 secs] 
2014-07-08T05:55:25.535+0000: 1588.995: [GC [PSYoungGen: 161783K->882K(193792K)] 417969K->257141K(880768K), 0.0092410 secs] [Times: user=0.05 sys=0.00, real=0.01 secs] 
2014-07-08T05:55:26.172+0000: 1589.632: [GC [PSYoungGen: 193778K->826K(232320K)] 450037K->257157K(919296K), 0.0106010 secs] [Times: user=0.07 sys=0.00, real=0.01 secs] 
2014-07-08T05:55:26.979+0000: 1590.439: [GC [PSYoungGen: 232314K->918K(251520K)] 488645K->257328K(938496K), 0.0048440 secs] [Times: user=0.03 sys=0.00, real=0.00 secs] 
2014-07-08T05:55:27.864+0000: 1591.323: [GC [PSYoungGen: 251094K->768K(279168K)] 507504K->257235K(966144K), 0.0081060 secs] [Times: user=0.05 sys=0.00, real=0.01 secs] 
2014-07-08T05:55:28.844+0000: 1592.303: [GC [PSYoungGen: 278592K->900K(271616K)] 535059K->257423K(958592K), 0.0051070 secs] [Times: user=0.02 sys=0.00, real=0.01 secs] 
2014-07-08T05:55:29.803+0000: 1593.263: [GC [PSYoungGen: 271556K->434K(264192K)] 528079K->257307K(951168K), 0.0063470 secs] [Times: user=0.04 sys=0.00, real=0.01 secs] 
2014-07-08T05:55:30.750+0000: 1594.209: [GC [PSYoungGen: 264178K->826K(257920K)] 521051K->257763K(944896K), 0.0059600 secs] [Times: user=0.03 sys=0.00, real=0.00 secs] 
2014-07-08T05:55:31.637+0000: 1595.097: [GC [PSYoungGen: 257914K->744K(251456K)] 514851K->257869K(938432K), 0.0122780 secs] [Times: user=0.07 sys=0.00, real=0.02 secs] 
2014-07-08T05:55:32.524+0000: 1595.983: [GC [PSYoungGen: 251432K->908K(245504K)] 508557K->258129K(932480K), 0.0061710 secs] [Times: user=0.04 sys=0.01, real=0.01 secs] 
2014-07-08T05:55:33.409+0000: 1596.868: [GC [PSYoungGen: 245452K->594K(239232K)] 502673K->257879K(926208K), 0.0068480 secs] [Times: user=0.04 sys=0.00, real=0.01 secs] 
2014-07-08T05:55:34.282+0000: 1597.742: [GC [PSYoungGen: 239186K->940K(233856K)] 496471K->258265K(920832K), 0.0046350 secs] [Times: user=0.02 sys=0.00, real=0.00 secs] 
2014-07-08T05:55:35.077+0000: 1598.537: [GC [PSYoungGen: 233836K->872K(228288K)] 491161K->258375K(915264K), 0.0081540 secs] [Times: user=0.05 sys=0.00, real=0.01 secs] 
2014-07-08T05:55:35.881+0000: 1599.340: [GC [PSYoungGen: 228172K->1117K(274048K)] 485675K->258684K(961024K), 0.0140320 secs] [Times: user=0.08 sys=0.00, real=0.01 secs] 
2014-07-08T05:55:36.813+0000: 1600.272: [GC [PSYoungGen: 274003K->566K(266496K)] 531570K->258465K(953472K), 0.0070520 secs] [Times: user=0.05 sys=0.01, real=0.01 secs] 
2014-07-08T05:55:37.764+0000: 1601.224: [GC [PSYoungGen: 266486K->712K(259968K)] 524385K->258675K(946944K), 0.0048520 secs] [Times: user=0.02 sys=0.01, real=0.00 secs] 
2014-07-08T05:55:38.674+0000: 1602.134: [GC [PSYoungGen: 259912K->712K(253504K)] 517875K->258863K(940480K), 0.0060310 secs] [Times: user=0.03 sys=0.01, real=0.01 secs] 
2014-07-08T05:55:39.558+0000: 1603.018: [GC [PSYoungGen: 253448K->534K(247104K)] 511599K->258709K(934080K), 0.0053210 secs] [Times: user=0.01 sys=0.00, real=0.01 secs] 
2014-07-08T05:55:40.418+0000: 1603.877: [GC [PSYoungGen: 247062K->776K(241344K)] 505237K->259039K(928320K), 0.0080010 secs] [Times: user=0.05 sys=0.00, real=0.01 secs] 
2014-07-08T05:55:41.378+0000: 1604.837: [GC [PSYoungGen: 241288K->850K(235648K)] 499551K->259177K(922624K), 0.0065370 secs] [Times: user=0.04 sys=0.00, real=0.01 secs] 
2014-07-08T05:55:42.097+0000: 1605.556: [GC [PSYoungGen: 235602K->878K(230080K)] 493929K->259344K(917056K), 0.0037990 secs] [Times: user=0.01 sys=0.00, real=0.01 secs] 
2014-07-08T05:55:42.915+0000: 1606.375: [GC [PSYoungGen: 230062K->598K(224448K)] 488528K->259095K(911424K), 0.0045790 secs] [Times: user=0.01 sys=0.00, real=0.01 secs] 
2014-07-08T05:55:43.700+0000: 1607.159: [GC [PSYoungGen: 224406K->776K(219456K)] 482903K->259337K(906432K), 0.0077630 secs] [Times: user=0.05 sys=0.00, real=0.01 secs] 
2014-07-08T05:55:44.476+0000: 1607.935: [GC [PSYoungGen: 219400K->800K(214464K)] 477961K->259433K(901440K), 0.0047380 secs] [Times: user=0.03 sys=0.00, real=0.00 secs] 
2014-07-08T05:55:45.269+0000: 1608.728: [GC [PSYoungGen: 214414K->830K(209664K)] 473047K->259994K(896640K), 0.0040750 secs] [Times: user=0.02 sys=0.00, real=0.01 secs] 
2014-07-08T05:55:45.966+0000: 1609.426: [GC [PSYoungGen: 209662K->926K(205120K)] 468826K->260130K(892096K), 0.0096140 secs] [Times: user=0.06 sys=0.01, real=0.01 secs] 
2014-07-08T05:55:46.718+0000: 1610.177: [GC [PSYoungGen: 205086K->794K(200512K)] 464290K->260178K(887488K), 0.0054250 secs] [Times: user=0.04 sys=0.00, real=0.01 secs] 
2014-07-08T05:55:47.426+0000: 1610.885: [GC [PSYoungGen: 200474K->808K(196160K)] 459858K->260232K(883136K), 0.0060010 secs] [Times: user=0.02 sys=0.00, real=0.01 secs] 
2014-07-08T05:55:48.103+0000: 1611.563: [GC [PSYoungGen: 196136K->954K(192128K)] 455560K->260450K(879104K), 0.0060330 secs] [Times: user=0.04 sys=0.00, real=0.00 secs] 
2014-07-08T05:55:48.748+0000: 1612.207: [GC [PSYoungGen: 192100K->726K(187904K)] 451596K->260302K(874880K), 0.0059490 secs] [Times: user=0.03 sys=0.00, real=0.01 secs] 
2014-07-08T05:55:49.440+0000: 1612.900: [GC [PSYoungGen: 187862K->872K(184128K)] 447438K->260562K(871104K), 0.0078370 secs] [Times: user=0.04 sys=0.00, real=0.01 secs] 
2014-07-08T05:55:50.069+0000: 1613.528: [GC [PSYoungGen: 184054K->1270K(221184K)] 443744K->261098K(908160K), 0.0086980 secs] [Times: user=0.05 sys=0.00, real=0.01 secs] 
2014-07-08T05:55:50.813+0000: 1614.272: [GC [PSYoungGen: 221174K->438K(264384K)] 481002K->260510K(951360K), 0.0076520 secs] [Times: user=0.04 sys=0.00, real=0.00 secs] 
2014-07-08T05:55:51.803+0000: 1615.263: [GC [PSYoungGen: 264374K->976K(258304K)] 524446K->261096K(945280K), 0.0060740 secs] [Times: user=0.04 sys=0.00, real=0.00 secs] 
2014-07-08T05:55:52.659+0000: 1616.119: [GC [PSYoungGen: 258256K->534K(251456K)] 518376K->260826K(938432K), 0.0056630 secs] [Times: user=0.03 sys=0.00, real=0.01 secs] 
2014-07-08T05:55:53.536+0000: 1616.995: [GC [PSYoungGen: 251414K->804K(245568K)] 511706K->261144K(932544K), 0.0050600 secs] [Times: user=0.03 sys=0.00, real=0.00 secs] 
2014-07-08T05:55:54.395+0000: 1617.854: [GC [PSYoungGen: 245448K->854K(239680K)] 505788K->261234K(926656K), 0.0055840 secs] [Times: user=0.02 sys=0.00, real=0.00 secs] 
2014-07-08T05:55:55.313+0000: 1618.773: [GC [PSYoungGen: 239638K->1082K(234176K)] 500018K->261526K(921152K), 0.0060290 secs] [Times: user=0.04 sys=0.00, real=0.00 secs] 
2014-07-08T05:55:56.056+0000: 1619.516: [GC [PSYoungGen: 234158K->765K(228352K)] 494602K->261493K(915328K), 0.0102310 secs] [Times: user=0.06 sys=0.00, real=0.01 secs] 
2014-07-08T05:55:56.840+0000: 1620.299: [GC [PSYoungGen: 228349K->1062K(223360K)] 489077K->261896K(910336K), 0.0103050 secs] [Times: user=0.06 sys=0.00, real=0.01 secs] 
2014-07-08T05:55:57.679+0000: 1621.139: [GC [PSYoungGen: 223334K->1006K(218176K)] 484168K->262244K(905152K), 0.0066360 secs] [Times: user=0.04 sys=0.00, real=0.01 secs] 
2014-07-08T05:55:58.376+0000: 1621.835: [GC [PSYoungGen: 218158K->658K(212928K)] 479396K->261976K(899904K), 0.0034370 secs] [Times: user=0.02 sys=0.00, real=0.00 secs] 
2014-07-08T05:55:59.154+0000: 1622.613: [GC [PSYoungGen: 212840K->932K(208448K)] 474159K->262346K(895424K), 0.0068320 secs] [Times: user=0.04 sys=0.00, real=0.00 secs] 
2014-07-08T05:55:59.860+0000: 1623.319: [GC [PSYoungGen: 208420K->712K(203648K)] 469834K->262166K(890624K), 0.0104230 secs] [Times: user=0.05 sys=0.00, real=0.01 secs] 
2014-07-08T05:56:00.581+0000: 1624.041: [GC [PSYoungGen: 203592K->712K(199232K)] 465046K->262238K(886208K), 0.0060920 secs] [Times: user=0.04 sys=0.00, real=0.01 secs] 
2014-07-08T05:56:01.311+0000: 1624.770: [GC [PSYoungGen: 199176K->1192K(195392K)] 460702K->262782K(882368K), 0.0071350 secs] [Times: user=0.05 sys=0.00, real=0.01 secs] 
2014-07-08T05:56:01.954+0000: 1625.413: [GC [PSYoungGen: 195368K->708K(190784K)] 456958K->262378K(877760K), 0.0032860 secs] [Times: user=0.02 sys=0.00, real=0.00 secs] 
2014-07-08T05:56:02.619+0000: 1626.079: [GC [PSYoungGen: 190705K->858K(186944K)] 452375K->262584K(873920K), 0.0059500 secs] [Times: user=0.04 sys=0.01, real=0.01 secs] 
2014-07-08T05:56:03.382+0000: 1626.841: [GC [PSYoungGen: 186874K->1150K(183360K)] 448600K->262948K(870336K), 0.0034680 secs] [Times: user=0.02 sys=0.00, real=0.01 secs] 
2014-07-08T05:56:03.918+0000: 1627.378: [GC [PSYoungGen: 183358K->794K(179328K)] 445156K->262648K(866304K), 0.0069730 secs] [Times: user=0.04 sys=0.00, real=0.01 secs] 
2014-07-08T05:56:04.535+0000: 1627.994: [GC [PSYoungGen: 179290K->676K(214912K)] 441144K->262626K(901888K), 0.0101310 secs] [Times: user=0.07 sys=0.00, real=0.01 secs] 
2014-07-08T05:56:05.366+0000: 1628.825: [GC [PSYoungGen: 214884K->1008K(256640K)] 476834K->263022K(943616K), 0.0079930 secs] [Times: user=0.05 sys=0.00, real=0.00 secs] 
2014-07-08T05:56:06.236+0000: 1629.695: [GC [PSYoungGen: 256176K->1092K(249984K)] 518190K->263202K(936960K), 0.0058220 secs] [Times: user=0.04 sys=0.00, real=0.00 secs] 
2014-07-08T05:56:07.074+0000: 1630.533: [GC [PSYoungGen: 249924K->900K(258176K)] 512034K->263042K(945152K), 0.0108750 secs] [Times: user=0.06 sys=0.01, real=0.02 secs] 
2014-07-08T05:56:07.968+0000: 1631.428: [GC [PSYoungGen: 257604K->858K(251200K)] 519746K->263064K(938176K), 0.0041360 secs] [Times: user=0.02 sys=0.00, real=0.00 secs] 
2014-07-08T05:56:08.904+0000: 1632.363: [GC [PSYoungGen: 251162K->782K(244992K)] 513368K->263068K(931968K), 0.0096390 secs] [Times: user=0.06 sys=0.00, real=0.01 secs] 
2014-07-08T05:56:09.732+0000: 1633.191: [GC [PSYoungGen: 244942K->612K(238912K)] 507228K->262970K(925888K), 0.0075330 secs] [Times: user=0.05 sys=0.00, real=0.01 secs] 
2014-07-08T05:56:10.600+0000: 1634.059: [GC [PSYoungGen: 238884K->690K(233280K)] 501242K->263112K(920256K), 0.0040730 secs] [Times: user=0.02 sys=0.00, real=0.00 secs] 
2014-07-08T05:56:11.410+0000: 1634.869: [GC [PSYoungGen: 233266K->1161K(228288K)] 495688K->263647K(915264K), 0.0049650 secs] [Times: user=0.03 sys=0.00, real=0.01 secs] 
2014-07-08T05:56:12.201+0000: 1635.661: [GC [PSYoungGen: 228227K->1032K(222848K)] 490714K->263590K(909824K), 0.0052130 secs] [Times: user=0.03 sys=0.01, real=0.01 secs] 
2014-07-08T05:56:12.925+0000: 1636.385: [GC [PSYoungGen: 222790K->566K(217216K)] 485349K->263172K(904192K), 0.0036170 secs] [Times: user=0.02 sys=0.00, real=0.00 secs] 
2014-07-08T05:56:13.739+0000: 1637.198: [GC [PSYoungGen: 217184K->1228K(212992K)] 479790K->263922K(899968K), 0.0060300 secs] [Times: user=0.03 sys=0.00, real=0.00 secs] 
2014-07-08T05:56:14.453+0000: 1637.912: [GC [PSYoungGen: 212940K->480K(207488K)] 475634K->263214K(894464K), 0.0070530 secs] [Times: user=0.05 sys=0.00, real=0.01 secs] 
2014-07-08T05:56:15.281+0000: 1638.740: [GC [PSYoungGen: 207456K->1526K(203904K)] 470190K->264340K(890880K), 0.0094970 secs] [Times: user=0.05 sys=0.00, real=0.01 secs] 
2014-07-08T05:56:15.866+0000: 1639.326: [GC [PSYoungGen: 203894K->626K(198592K)] 466708K->263504K(885568K), 0.0054250 secs] [Times: user=0.02 sys=0.00, real=0.00 secs] 
2014-07-08T05:56:16.574+0000: 1640.033: [GC [PSYoungGen: 198578K->712K(194432K)] 461456K->263670K(881408K), 0.0069880 secs] [Times: user=0.04 sys=0.00, real=0.01 secs] 
2014-07-08T05:56:17.300+0000: 1640.759: [GC [PSYoungGen: 194376K->1228K(190848K)] 457334K->264258K(877824K), 0.0038170 secs] [Times: user=0.01 sys=0.00, real=0.00 secs] 
2014-07-08T05:56:17.935+0000: 1641.395: [GC [PSYoungGen: 190782K->758K(186368K)] 453813K->263892K(873344K), 0.0067260 secs] [Times: user=0.04 sys=0.00, real=0.01 secs] 
2014-07-08T05:56:18.587+0000: 1642.047: [GC [PSYoungGen: 186358K->748K(182528K)] 449492K->263954K(869504K), 0.0049480 secs] [Times: user=0.03 sys=0.00, real=0.00 secs] 
2014-07-08T05:56:19.280+0000: 1642.739: [GC [PSYoungGen: 182508K->1444K(179520K)] 445714K->264730K(866496K), 0.0062640 secs] [Times: user=0.03 sys=0.00, real=0.01 secs] 
2014-07-08T05:56:19.854+0000: 1643.313: [GC [PSYoungGen: 179492K->758K(175232K)] 442778K->264092K(862208K), 0.0045950 secs] [Times: user=0.02 sys=0.00, real=0.01 secs] 
2014-07-08T05:56:20.554+0000: 1644.014: [GC [PSYoungGen: 175221K->1044K(172032K)] 438555K->264458K(859008K), 0.0064860 secs] [Times: user=0.04 sys=0.00, real=0.01 secs] 
2014-07-08T05:56:21.080+0000: 1644.539: [GC [PSYoungGen: 171988K->890K(168448K)] 435402K->264360K(855424K), 0.0080350 secs] [Times: user=0.04 sys=0.01, real=0.01 secs] 
2014-07-08T05:56:21.674+0000: 1645.134: [GC [PSYoungGen: 168442K->662K(201792K)] 431912K->264196K(888768K), 0.0093560 secs] [Times: user=0.06 sys=0.00, real=0.01 secs] 
2014-07-08T05:56:22.430+0000: 1645.890: [GC [PSYoungGen: 201707K->1285K(242688K)] 465241K->264884K(929664K), 0.0080870 secs] [Times: user=0.05 sys=0.01, real=0.01 secs] 
2014-07-08T05:56:23.254+0000: 1646.713: [GC [PSYoungGen: 242629K->1224K(288128K)] 506228K->264902K(975104K), 0.0080780 secs] [Times: user=0.04 sys=0.00, real=0.01 secs] 
2014-07-08T05:56:24.252+0000: 1647.711: [GC [PSYoungGen: 287688K->1288K(280320K)] 551366K->265014K(967296K), 0.0046980 secs] [Times: user=0.02 sys=0.01, real=0.00 secs] 
2014-07-08T05:56:25.301+0000: 1648.760: [GC [PSYoungGen: 280264K->1696K(273472K)] 543990K->265737K(960448K), 0.0102480 secs] [Times: user=0.06 sys=0.00, real=0.01 secs] 
2014-07-08T05:56:26.188+0000: 1649.647: [GC [PSYoungGen: 273440K->434K(265280K)] 537481K->265165K(952256K), 0.0042030 secs] [Times: user=0.03 sys=0.01, real=0.00 secs] 
2014-07-08T05:56:27.104+0000: 1650.564: [GC [PSYoungGen: 265191K->1482K(259712K)] 529923K->266261K(946688K), 0.0091840 secs] [Times: user=0.06 sys=0.00, real=0.01 secs] 
2014-07-08T05:56:28.013+0000: 1651.473: [GC [PSYoungGen: 259658K->1302K(253120K)] 524437K->266409K(940096K), 0.0062530 secs] [Times: user=0.03 sys=0.00, real=0.01 secs] 
2014-07-08T05:56:28.907+0000: 1652.366: [GC [PSYoungGen: 253078K->950K(246528K)] 518185K->266121K(933504K), 0.0133950 secs] [Times: user=0.05 sys=0.00, real=0.02 secs] 
2014-07-08T05:56:29.767+0000: 1653.227: [GC [PSYoungGen: 246512K->694K(240320K)] 511684K->265953K(927296K), 0.0081790 secs] [Times: user=0.05 sys=0.00, real=0.01 secs] 
2014-07-08T05:56:30.749+0000: 1654.208: [GC [PSYoungGen: 240310K->1210K(235072K)] 505569K->266573K(922048K), 0.0047010 secs] [Times: user=0.03 sys=0.00, real=0.00 secs] 
2014-07-08T05:56:31.483+0000: 1654.942: [GC [PSYoungGen: 235066K->676K(229056K)] 500429K->266103K(916032K), 0.0067170 secs] [Times: user=0.04 sys=0.00, real=0.01 secs] 
2014-07-08T05:56:32.327+0000: 1655.786: [GC [PSYoungGen: 229028K->1238K(224320K)] 494455K->266721K(911296K), 0.0067110 secs] [Times: user=0.02 sys=0.00, real=0.01 secs] 
2014-07-08T05:56:33.047+0000: 1656.506: [GC [PSYoungGen: 224278K->968K(218944K)] 489761K->266531K(905920K), 0.0073320 secs] [Times: user=0.05 sys=0.00, real=0.01 secs] 
2014-07-08T05:56:33.806+0000: 1657.266: [GC [PSYoungGen: 218838K->847K(213824K)] 484401K->266466K(900800K), 0.0056690 secs] [Times: user=0.03 sys=0.01, real=0.01 secs] 
2014-07-08T05:56:34.550+0000: 1658.010: [GC [PSYoungGen: 213761K->666K(208832K)] 479381K->266349K(895808K), 0.0068440 secs] [Times: user=0.04 sys=0.00, real=0.00 secs] 
2014-07-08T05:56:35.314+0000: 1658.773: [GC [PSYoungGen: 208779K->1046K(204608K)] 474462K->266785K(891584K), 0.0099170 secs] [Times: user=0.06 sys=0.00, real=0.01 secs] 
2014-07-08T05:56:36.018+0000: 1659.477: [GC [PSYoungGen: 204566K->612K(244864K)] 470305K->266375K(931840K), 0.0136250 secs] [Times: user=0.08 sys=0.00, real=0.01 secs] 
2014-07-08T05:56:36.867+0000: 1660.326: [GC [PSYoungGen: 244836K->680K(279168K)] 510599K->266523K(966144K), 0.0094090 secs] [Times: user=0.06 sys=0.00, real=0.01 secs] 
2014-07-08T05:56:37.850+0000: 1661.309: [GC [PSYoungGen: 278081K->1050K(271360K)] 543924K->266965K(958336K), 0.0043530 secs] [Times: user=0.02 sys=0.00, real=0.00 secs] 
2014-07-08T05:56:38.808+0000: 1662.267: [GC [PSYoungGen: 271322K->928K(264320K)] 537237K->266939K(951296K), 0.0037630 secs] [Times: user=0.02 sys=0.00, real=0.01 secs] 
2014-07-08T05:56:39.753+0000: 1663.213: [GC [PSYoungGen: 264288K->886K(257664K)] 530299K->266977K(944640K), 0.0103280 secs] [Times: user=0.07 sys=0.00, real=0.01 secs] 
2014-07-08T05:56:40.694+0000: 1664.153: [GC [PSYoungGen: 257654K->800K(251200K)] 523745K->266963K(938176K), 0.0066830 secs] [Times: user=0.03 sys=0.00, real=0.01 secs] 
2014-07-08T05:56:41.658+0000: 1665.117: [GC [PSYoungGen: 251157K->1388K(245632K)] 517321K->267623K(932608K), 0.0037120 secs] [Times: user=0.01 sys=0.00, real=0.01 secs] 
2014-07-08T05:56:42.446+0000: 1665.906: [GC [PSYoungGen: 245570K->986K(239360K)] 511805K->267317K(926336K), 0.0064380 secs] [Times: user=0.04 sys=0.00, real=0.01 secs] 
2014-07-08T05:56:43.250+0000: 1666.710: [GC [PSYoungGen: 239322K->958K(233600K)] 505653K->267393K(920576K), 0.0103930 secs] [Times: user=0.07 sys=0.00, real=0.01 secs] 
2014-07-08T05:56:44.062+0000: 1667.521: [GC [PSYoungGen: 233572K->886K(228032K)] 500008K->267401K(915008K), 0.0083330 secs] [Times: user=0.05 sys=0.00, real=0.01 secs] 
2014-07-08T05:56:44.853+0000: 1668.313: [GC [PSYoungGen: 228022K->844K(222720K)] 494537K->267423K(909696K), 0.0037060 secs] [Times: user=0.02 sys=0.00, real=0.00 secs] 
2014-07-08T05:56:45.675+0000: 1669.134: [GC [PSYoungGen: 222668K->1000K(217728K)] 489247K->267667K(904704K), 0.0041630 secs] [Times: user=0.02 sys=0.00, real=0.00 secs] 
2014-07-08T05:56:46.397+0000: 1669.857: [GC [PSYoungGen: 217704K->776K(212608K)] 484371K->267531K(899584K), 0.0064030 secs] [Times: user=0.04 sys=0.00, real=0.01 secs] 
2014-07-08T05:56:47.199+0000: 1670.659: [GC [PSYoungGen: 212552K->1465K(208512K)] 479307K->268374K(895488K), 0.0078180 secs] [Times: user=0.05 sys=0.00, real=0.01 secs] 
2014-07-08T05:56:47.868+0000: 1671.328: [GC [PSYoungGen: 208505K->676K(203136K)] 475414K->267665K(890112K), 0.0066830 secs] [Times: user=0.05 sys=0.00, real=0.01 secs] 
2014-07-08T05:56:48.576+0000: 1672.035: [GC [PSYoungGen: 203108K->854K(198912K)] 470097K->267947K(885888K), 0.0047880 secs] [Times: user=0.03 sys=0.00, real=0.01 secs] 
2014-07-08T05:56:49.274+0000: 1672.733: [GC [PSYoungGen: 198838K->940K(194688K)] 465931K->268097K(881664K), 0.0064480 secs] [Times: user=0.04 sys=0.00, real=0.01 secs] 
2014-07-08T05:56:49.951+0000: 1673.411: [GC [PSYoungGen: 194668K->928K(190592K)] 461825K->268165K(877568K), 0.0052860 secs] [Times: user=0.03 sys=0.00, real=0.00 secs] 
2014-07-08T05:56:50.696+0000: 1674.155: [GC [PSYoungGen: 190542K->1150K(186816K)] 457779K->268443K(873792K), 0.0084180 secs] [Times: user=0.05 sys=0.00, real=0.01 secs] 
2014-07-08T05:56:51.301+0000: 1674.760: [GC [PSYoungGen: 186814K->950K(182784K)] 454107K->268291K(869760K), 0.0062730 secs] [Times: user=0.02 sys=0.00, real=0.01 secs] 
2014-07-08T05:56:51.924+0000: 1675.383: [GC [PSYoungGen: 182758K->730K(178880K)] 450099K->268127K(865856K), 0.0070840 secs] [Times: user=0.04 sys=0.00, real=0.00 secs] 
2014-07-08T05:56:52.602+0000: 1676.061: [GC [PSYoungGen: 178842K->872K(175424K)] 446239K->268365K(862400K), 0.0068730 secs] [Times: user=0.05 sys=0.00, real=0.00 secs] 
2014-07-08T05:56:53.190+0000: 1676.650: [GC [PSYoungGen: 175382K->1214K(172224K)] 442875K->268795K(859200K), 0.0062200 secs] [Times: user=0.03 sys=0.00, real=0.01 secs] 
2014-07-08T05:56:53.771+0000: 1677.231: [GC [PSYoungGen: 172222K->744K(168384K)] 439803K->268413K(855360K), 0.0062850 secs] [Times: user=0.04 sys=0.00, real=0.00 secs] 
2014-07-08T05:56:54.399+0000: 1677.858: [GC [PSYoungGen: 168360K->993K(165376K)] 436029K->268718K(852352K), 0.0039800 secs] [Times: user=0.02 sys=0.00, real=0.01 secs] 
2014-07-08T05:56:54.939+0000: 1678.398: [GC [PSYoungGen: 165303K->648K(161920K)] 433028K->268429K(848896K), 0.0039850 secs] [Times: user=0.01 sys=0.00, real=0.01 secs] 
2014-07-08T05:56:55.514+0000: 1678.973: [GC [PSYoungGen: 161836K->744K(158912K)] 429617K->268655K(845888K), 0.0062140 secs] [Times: user=0.04 sys=0.00, real=0.00 secs] 
2014-07-08T05:56:56.067+0000: 1679.526: [GC [PSYoungGen: 158888K->1422K(191296K)] 426799K->269373K(878272K), 0.0093000 secs] [Times: user=0.05 sys=0.01, real=0.01 secs] 
2014-07-08T05:56:56.725+0000: 1680.184: [GC [PSYoungGen: 191246K->768K(186624K)] 459197K->268987K(873600K), 0.0037730 secs] [Times: user=0.02 sys=0.00, real=0.00 secs] 
2014-07-08T05:56:57.425+0000: 1680.884: [GC [PSYoungGen: 186624K->768K(223808K)] 454843K->269075K(910784K), 0.0093680 secs] [Times: user=0.06 sys=0.00, real=0.01 secs] 
2014-07-08T05:56:58.244+0000: 1681.703: [GC [PSYoungGen: 223808K->1220K(268928K)] 492115K->269599K(955904K), 0.0084290 secs] [Times: user=0.06 sys=0.00, real=0.01 secs] 
2014-07-08T05:56:59.129+0000: 1682.589: [GC [PSYoungGen: 268868K->836K(278720K)] 537247K->269295K(965696K), 0.0111750 secs] [Times: user=0.06 sys=0.00, real=0.01 secs] 
2014-07-08T05:57:00.097+0000: 1683.556: [GC [PSYoungGen: 277926K->1050K(271040K)] 546385K->269613K(958016K), 0.0073500 secs] [Times: user=0.04 sys=0.00, real=0.01 secs] 
2014-07-08T05:57:01.038+0000: 1684.498: [GC [PSYoungGen: 271002K->960K(322304K)] 539565K->269587K(1009280K), 0.0141130 secs] [Times: user=0.09 sys=0.00, real=0.02 secs] 
2014-07-08T05:57:02.174+0000: 1685.634: [GC [PSYoungGen: 321728K->1014K(325440K)] 590355K->269729K(1012416K), 0.0076930 secs] [Times: user=0.05 sys=0.00, real=0.01 secs] 
2014-07-08T05:57:03.344+0000: 1686.804: [GC [PSYoungGen: 324981K->1248K(325440K)] 593696K->270011K(1012416K), 0.0190440 secs] [Times: user=0.12 sys=0.00, real=0.02 secs] 
2014-07-08T05:57:04.445+0000: 1687.904: [GC [PSYoungGen: 325216K->826K(315840K)] 593979K->269653K(1002816K), 0.0045600 secs] [Times: user=0.02 sys=0.01, real=0.00 secs] 
2014-07-08T05:57:05.572+0000: 1689.031: [GC [PSYoungGen: 315819K->808K(307200K)] 584646K->269699K(994176K), 0.0069640 secs] [Times: user=0.05 sys=0.00, real=0.01 secs] 
2014-07-08T05:57:06.657+0000: 1690.116: [GC [PSYoungGen: 307176K->676K(298816K)] 576067K->269631K(985792K), 0.0061500 secs] [Times: user=0.03 sys=0.00, real=0.01 secs] 
2014-07-08T05:57:07.703+0000: 1691.163: [GC [PSYoungGen: 298788K->698K(290880K)] 567743K->269733K(977856K), 0.0058840 secs] [Times: user=0.04 sys=0.00, real=0.00 secs] 
2014-07-08T05:57:08.712+0000: 1692.171: [GC [PSYoungGen: 290869K->740K(283264K)] 559905K->269847K(970240K), 0.0112450 secs] [Times: user=0.08 sys=0.00, real=0.02 secs] 
2014-07-08T05:57:09.725+0000: 1693.184: [GC [PSYoungGen: 283236K->928K(276096K)] 552343K->270091K(963072K), 0.0116340 secs] [Times: user=0.07 sys=0.00, real=0.01 secs] 
2014-07-08T05:57:10.646+0000: 1694.105: [GC [PSYoungGen: 276064K->744K(268864K)] 545227K->269971K(955840K), 0.0122890 secs] [Times: user=0.09 sys=0.00, real=0.01 secs] 
2014-07-08T05:57:11.578+0000: 1695.037: [GC [PSYoungGen: 268840K->776K(262144K)] 538067K->270091K(949120K), 0.0061710 secs] [Times: user=0.03 sys=0.00, real=0.01 secs] 
2014-07-08T05:57:12.509+0000: 1695.968: [GC [PSYoungGen: 262088K->864K(255680K)] 531403K->270259K(942656K), 0.0116780 secs] [Times: user=0.09 sys=0.00, real=0.01 secs] 
2014-07-08T05:57:13.424+0000: 1696.883: [GC [PSYoungGen: 255648K->882K(249408K)] 525043K->270325K(936384K), 0.0063870 secs] [Times: user=0.03 sys=0.01, real=0.00 secs] 
2014-07-08T05:57:14.307+0000: 1697.767: [GC [PSYoungGen: 249394K->812K(243264K)] 518837K->270503K(930240K), 0.0076590 secs] [Times: user=0.05 sys=0.00, real=0.01 secs] 
2014-07-08T05:57:15.118+0000: 1698.577: [GC [PSYoungGen: 243244K->1140K(237760K)] 512935K->270879K(924736K), 0.0094490 secs] [Times: user=0.06 sys=0.00, real=0.01 secs] 
2014-07-08T05:57:16.087+0000: 1699.546: [GC [PSYoungGen: 237748K->636K(231616K)] 507487K->271338K(918592K), 0.0038530 secs] [Times: user=0.02 sys=0.00, real=0.00 secs] 
2014-07-08T05:57:16.795+0000: 1700.255: [GC [PSYoungGen: 231578K->1480K(278720K)] 502279K->272246K(965696K), 0.0151270 secs] [Times: user=0.10 sys=0.01, real=0.01 secs] 
2014-07-08T05:57:17.749+0000: 1701.209: [GC [PSYoungGen: 278642K->876K(333568K)] 549408K->272001K(1020544K), 0.0062980 secs] [Times: user=0.02 sys=0.00, real=0.01 secs] 
2014-07-08T05:57:18.914+0000: 1702.374: [GC [PSYoungGen: 333548K->612K(323968K)] 604673K->271793K(1010944K), 0.0075140 secs] [Times: user=0.05 sys=0.00, real=0.01 secs] 
2014-07-08T05:57:20.082+0000: 1703.541: [GC [PSYoungGen: 323940K->1260K(315648K)] 595121K->272497K(1002624K), 0.0045010 secs] [Times: user=0.02 sys=0.01, real=0.01 secs] 
2014-07-08T05:57:21.337+0000: 1704.796: [GC [PSYoungGen: 315628K->1302K(307136K)] 586865K->272611K(994112K), 0.0095280 secs] [Times: user=0.06 sys=0.00, real=0.01 secs] 
2014-07-08T05:57:22.294+0000: 1705.754: [GC [PSYoungGen: 307094K->878K(298432K)] 578403K->272342K(985408K), 0.0077440 secs] [Times: user=0.05 sys=0.00, real=0.01 secs] 
2014-07-08T05:57:23.332+0000: 1706.791: [GC [PSYoungGen: 298414K->918K(290560K)] 569877K->272453K(977536K), 0.0082930 secs] [Times: user=0.06 sys=0.00, real=0.01 secs] 
2014-07-08T05:57:24.328+0000: 1707.788: [GC [PSYoungGen: 290518K->1018K(283008K)] 562053K->272625K(969984K), 0.0083590 secs] [Times: user=0.05 sys=0.00, real=0.01 secs] 
2014-07-08T05:57:25.361+0000: 1708.821: [GC [PSYoungGen: 283002K->1014K(275648K)] 554609K->272677K(962624K), 0.0084520 secs] [Times: user=0.05 sys=0.01, real=0.01 secs] 
2014-07-08T05:57:26.456+0000: 1709.915: [GC [PSYoungGen: 275638K->1202K(268800K)] 547301K->273018K(955776K), 0.0051410 secs] [Times: user=0.02 sys=0.00, real=0.01 secs] 
2014-07-08T05:57:27.248+0000: 1710.708: [GC [PSYoungGen: 268762K->1068K(261888K)] 540578K->272955K(948864K), 0.0085230 secs] [Times: user=0.05 sys=0.00, real=0.01 secs] 
2014-07-08T05:57:28.113+0000: 1711.572: [GC [PSYoungGen: 261868K->936K(255232K)] 533755K->272903K(942208K), 0.0057820 secs] [Times: user=0.02 sys=0.00, real=0.01 secs] 
2014-07-08T05:57:29.002+0000: 1712.462: [GC [PSYoungGen: 255178K->1032K(249088K)] 527146K->273087K(936064K), 0.0034720 secs] [Times: user=0.02 sys=0.00, real=0.00 secs] 
2014-07-08T05:57:29.856+0000: 1713.315: [GC [PSYoungGen: 249032K->850K(242816K)] 521087K->272978K(929792K), 0.0060990 secs] [Times: user=0.05 sys=0.00, real=0.01 secs] 
2014-07-08T05:57:30.706+0000: 1714.166: [GC [PSYoungGen: 242770K->978K(237120K)] 514898K->273194K(924096K), 0.0085990 secs] [Times: user=0.05 sys=0.00, real=0.01 secs] 
2014-07-08T05:57:31.722+0000: 1715.182: [GC [PSYoungGen: 237074K->1082K(231552K)] 509290K->273518K(918528K), 0.0060060 secs] [Times: user=0.03 sys=0.00, real=0.01 secs] 
2014-07-08T05:57:32.418+0000: 1715.877: [GC [PSYoungGen: 231544K->1330K(226432K)] 503980K->273846K(913408K), 0.0037800 secs] [Times: user=0.02 sys=0.00, real=0.00 secs] 
2014-07-08T05:57:33.127+0000: 1716.587: [GC [PSYoungGen: 226418K->686K(220608K)] 498934K->273290K(907584K), 0.0071770 secs] [Times: user=0.05 sys=0.00, real=0.00 secs] 
2014-07-08T05:57:33.908+0000: 1717.367: [GC [PSYoungGen: 220590K->864K(215744K)] 493194K->273524K(902720K), 0.0125990 secs] [Times: user=0.08 sys=0.00, real=0.01 secs] 
2014-07-08T05:57:34.668+0000: 1718.127: [GC [PSYoungGen: 215712K->882K(210880K)] 488372K->273654K(897856K), 0.0074420 secs] [Times: user=0.05 sys=0.00, real=0.00 secs] 
2014-07-08T05:57:35.441+0000: 1718.900: [GC [PSYoungGen: 210866K->758K(206080K)] 483638K->273609K(893056K), 0.0049500 secs] [Times: user=0.02 sys=0.01, real=0.00 secs] 
2014-07-08T05:57:36.172+0000: 1719.632: [GC [PSYoungGen: 206070K->972K(201792K)] 478921K->273872K(888768K), 0.0075080 secs] [Times: user=0.04 sys=0.00, real=0.01 secs] 
2014-07-08T05:57:36.946+0000: 1720.406: [GC [PSYoungGen: 201740K->982K(197440K)] 474640K->273954K(884416K), 0.0068180 secs] [Times: user=0.04 sys=0.00, real=0.01 secs] 
2014-07-08T05:57:37.576+0000: 1721.035: [GC [PSYoungGen: 197398K->694K(192896K)] 470370K->273745K(879872K), 0.0080000 secs] [Times: user=0.05 sys=0.00, real=0.01 secs] 
2014-07-08T05:57:38.276+0000: 1721.735: [GC [PSYoungGen: 192886K->1452K(189568K)] 465937K->274600K(876544K), 0.0058200 secs] [Times: user=0.04 sys=0.01, real=0.01 secs] 
2014-07-08T05:57:38.900+0000: 1722.359: [GC [PSYoungGen: 189548K->704K(184960K)] 462696K->273908K(871936K), 0.0070970 secs] [Times: user=0.04 sys=0.00, real=0.00 secs] 
2014-07-08T05:57:39.553+0000: 1723.013: [GC [PSYoungGen: 184864K->911K(181376K)] 458068K->274179K(868352K), 0.0070280 secs] [Times: user=0.04 sys=0.01, real=0.01 secs] 
2014-07-08T05:57:40.202+0000: 1723.661: [GC [PSYoungGen: 181326K->974K(217536K)] 454594K->274314K(904512K), 0.0083980 secs] [Times: user=0.06 sys=0.00, real=0.01 secs] 
2014-07-08T05:57:40.960+0000: 1724.420: [GC [PSYoungGen: 217485K->748K(212352K)] 490825K->274136K(899328K), 0.0045890 secs] [Times: user=0.01 sys=0.00, real=0.00 secs] 
2014-07-08T05:57:41.694+0000: 1725.153: [GC [PSYoungGen: 212332K->630K(254592K)] 485720K->274089K(941568K), 0.0090690 secs] [Times: user=0.06 sys=0.00, real=0.01 secs] 
2014-07-08T05:57:42.674+0000: 1726.133: [GC [PSYoungGen: 254560K->950K(305728K)] 528020K->274497K(992704K), 0.0114940 secs] [Times: user=0.07 sys=0.00, real=0.01 secs] 
2014-07-08T05:57:43.646+0000: 1727.105: [GC [PSYoungGen: 305718K->758K(297280K)] 579265K->274377K(984256K), 0.0042060 secs] [Times: user=0.02 sys=0.00, real=0.01 secs] 
2014-07-08T05:57:44.699+0000: 1728.158: [GC [PSYoungGen: 297261K->776K(289472K)] 570881K->274483K(976448K), 0.0102560 secs] [Times: user=0.06 sys=0.00, real=0.02 secs] 
2014-07-08T05:57:45.713+0000: 1729.173: [GC [PSYoungGen: 289416K->548K(281600K)] 563123K->274303K(968576K), 0.0045820 secs] [Times: user=0.02 sys=0.00, real=0.00 secs] 
2014-07-08T05:57:46.704+0000: 1730.163: [GC [PSYoungGen: 281572K->744K(274496K)] 555327K->274563K(961472K), 0.0066780 secs] [Times: user=0.04 sys=0.00, real=0.01 secs] 
2014-07-08T05:57:47.657+0000: 1731.116: [GC [PSYoungGen: 274472K->680K(267392K)] 548291K->274571K(954368K), 0.0079640 secs] [Times: user=0.05 sys=0.00, real=0.01 secs] 
2014-07-08T05:57:48.705+0000: 1732.164: [GC [PSYoungGen: 267368K->1100K(261120K)] 541259K->275080K(948096K), 0.0056860 secs] [Times: user=0.03 sys=0.00, real=0.01 secs] 
2014-07-08T05:57:49.539+0000: 1732.998: [GC [PSYoungGen: 261068K->744K(254272K)] 535048K->274795K(941248K), 0.0058050 secs] [Times: user=0.04 sys=0.00, real=0.01 secs] 
2014-07-08T05:57:50.452+0000: 1733.911: [GC [PSYoungGen: 254248K->694K(247936K)] 528299K->274817K(934912K), 0.0064000 secs] [Times: user=0.04 sys=0.00, real=0.00 secs] 
2014-07-08T05:57:51.336+0000: 1734.795: [GC [PSYoungGen: 247926K->1202K(242432K)] 522049K->275406K(929408K), 0.0032670 secs] [Times: user=0.02 sys=0.00, real=0.00 secs] 
2014-07-08T05:57:52.139+0000: 1735.599: [GC [PSYoungGen: 242381K->1232K(236672K)] 516585K->275532K(923648K), 0.0050660 secs] [Times: user=0.03 sys=0.00, real=0.01 secs] 
2014-07-08T05:57:52.976+0000: 1736.435: [GC [PSYoungGen: 236624K->370K(230208K)] 510924K->274725K(917184K), 0.0090040 secs] [Times: user=0.06 sys=0.00, real=0.01 secs] 
2014-07-08T05:57:53.828+0000: 1737.287: [GC [PSYoungGen: 230194K->882K(225344K)] 504549K->275302K(912320K), 0.0107160 secs] [Times: user=0.07 sys=0.00, real=0.01 secs] 
2014-07-08T05:57:54.575+0000: 1738.034: [GC [PSYoungGen: 225330K->730K(220032K)] 499750K->275230K(907008K), 0.0051500 secs] [Times: user=0.03 sys=0.00, real=0.01 secs] 
2014-07-08T05:57:55.371+0000: 1738.830: [GC [PSYoungGen: 219994K->762K(215040K)] 494494K->275326K(902016K), 0.0063220 secs] [Times: user=0.04 sys=0.00, real=0.01 secs] 
2014-07-08T05:57:56.108+0000: 1739.567: [GC [PSYoungGen: 215024K->1082K(210560K)] 489587K->275750K(897536K), 0.0064000 secs] [Times: user=0.04 sys=0.00, real=0.01 secs] 
2014-07-08T05:57:56.832+0000: 1740.292: [GC [PSYoungGen: 210554K->858K(205696K)] 485222K->275598K(892672K), 0.0045600 secs] [Times: user=0.02 sys=0.01, real=0.00 secs] 
2014-07-08T05:57:57.546+0000: 1741.006: [GC [PSYoungGen: 205658K->694K(201024K)] 480398K->275521K(888000K), 0.0088700 secs] [Times: user=0.05 sys=0.00, real=0.01 secs] 
2014-07-08T05:57:58.271+0000: 1741.730: [GC [PSYoungGen: 201012K->1086K(241472K)] 475839K->275962K(928448K), 0.0165780 secs] [Times: user=0.09 sys=0.00, real=0.02 secs] 
2014-07-08T05:57:59.125+0000: 1742.584: [GC [PSYoungGen: 241470K->936K(289472K)] 516346K->275907K(976448K), 0.0122260 secs] [Times: user=0.06 sys=0.00, real=0.01 secs] 
2014-07-08T05:58:00.114+0000: 1743.573: [GC [PSYoungGen: 289400K->1150K(347392K)] 564372K->276202K(1034368K), 0.0110490 secs] [Times: user=0.06 sys=0.01, real=0.01 secs] 
2014-07-08T05:58:01.353+0000: 1744.813: [GC [PSYoungGen: 347390K->744K(354880K)] 622442K->276138K(1041856K), 0.0051540 secs] [Times: user=0.03 sys=0.00, real=0.00 secs] 
2014-07-08T05:58:02.566+0000: 1746.026: [GC [PSYoungGen: 354856K->1278K(355584K)] 630250K->276752K(1042560K), 0.0145070 secs] [Times: user=0.09 sys=0.00, real=0.01 secs] 
2014-07-08T05:58:03.814+0000: 1747.274: [GC [PSYoungGen: 355390K->798K(344704K)] 630864K->276702K(1031680K), 0.0054460 secs] [Times: user=0.03 sys=0.00, real=0.00 secs] 
2014-07-08T05:58:05.022+0000: 1748.481: [GC [PSYoungGen: 344670K->1192K(335296K)] 620574K->277192K(1022272K), 0.0046910 secs] [Times: user=0.03 sys=0.01, real=0.01 secs] 
2014-07-08T05:58:06.209+0000: 1749.668: [GC [PSYoungGen: 335265K->1082K(325760K)] 611265K->277194K(1012736K), 0.0044400 secs] [Times: user=0.03 sys=0.00, real=0.01 secs] 
2014-07-08T05:58:07.357+0000: 1750.816: [GC [PSYoungGen: 325754K->1072K(316736K)] 601866K->277256K(1003712K), 0.0036820 secs] [Times: user=0.02 sys=0.00, real=0.00 secs] 
2014-07-08T05:58:08.469+0000: 1751.928: [GC [PSYoungGen: 316720K->1078K(308096K)] 592904K->277416K(995072K), 0.0062730 secs] [Times: user=0.03 sys=0.00, real=0.01 secs] 
2014-07-08T05:58:09.511+0000: 1752.971: [GC [PSYoungGen: 308073K->730K(299456K)] 584411K->277156K(986432K), 0.0055130 secs] [Times: user=0.03 sys=0.00, real=0.01 secs] 
2014-07-08T05:58:10.650+0000: 1754.109: [GC [PSYoungGen: 299380K->1146K(291840K)] 575806K->277702K(978816K), 0.0050480 secs] [Times: user=0.02 sys=0.01, real=0.01 secs] 
2014-07-08T05:58:11.574+0000: 1755.033: [GC [PSYoungGen: 291834K->830K(283840K)] 568390K->277442K(970816K), 0.0064010 secs] [Times: user=0.04 sys=0.01, real=0.00 secs] 
2014-07-08T05:58:12.582+0000: 1756.041: [GC [PSYoungGen: 283838K->776K(276480K)] 560450K->277484K(963456K), 0.0068220 secs] [Times: user=0.04 sys=0.01, real=0.01 secs] 
2014-07-08T05:58:13.537+0000: 1756.997: [GC [PSYoungGen: 276397K->712K(269312K)] 553105K->277524K(956288K), 0.0109120 secs] [Times: user=0.07 sys=0.00, real=0.01 secs] 
2014-07-08T05:58:14.507+0000: 1757.967: [GC [PSYoungGen: 269256K->726K(262464K)] 546068K->277594K(949440K), 0.0063930 secs] [Times: user=0.04 sys=0.00, real=0.01 secs] 
2014-07-08T05:58:15.442+0000: 1758.901: [GC [PSYoungGen: 262422K->836K(256000K)] 539290K->277776K(942976K), 0.0159520 secs] [Times: user=0.12 sys=0.00, real=0.02 secs] 
2014-07-08T05:58:16.356+0000: 1759.815: [GC [PSYoungGen: 255939K->1328K(250112K)] 532879K->278348K(937088K), 0.0078290 secs] [Times: user=0.05 sys=0.00, real=0.00 secs] 
2014-07-08T05:58:17.217+0000: 1760.676: [GC [PSYoungGen: 250089K->940K(243648K)] 527109K->278008K(930624K), 0.0078840 secs] [Times: user=0.05 sys=0.00, real=0.01 secs] 
2014-07-08T05:58:18.060+0000: 1761.519: [GC [PSYoungGen: 243628K->808K(237696K)] 520696K->277932K(924672K), 0.0073310 secs] [Times: user=0.04 sys=0.00, real=0.01 secs] 
2014-07-08T05:58:18.886+0000: 1762.345: [GC [PSYoungGen: 237672K->698K(231936K)] 514796K->277878K(918912K), 0.0060730 secs] [Times: user=0.02 sys=0.00, real=0.00 secs] 
2014-07-08T05:58:19.713+0000: 1763.172: [GC [PSYoungGen: 231885K->726K(226560K)] 509065K->278002K(913536K), 0.0052180 secs] [Times: user=0.03 sys=0.00, real=0.01 secs] 
2014-07-08T05:58:20.523+0000: 1763.983: [GC [PSYoungGen: 226518K->700K(221248K)] 503794K->278064K(908224K), 0.0069360 secs] [Times: user=0.05 sys=0.00, real=0.01 secs] 
2014-07-08T05:58:21.388+0000: 1764.847: [GC [PSYoungGen: 221244K->1352K(216896K)] 498608K->278796K(903872K), 0.0067070 secs] [Times: user=0.04 sys=0.00, real=0.01 secs] 
2014-07-08T05:58:22.125+0000: 1765.585: [GC [PSYoungGen: 216840K->978K(211648K)] 494284K->278502K(898624K), 0.0047150 secs] [Times: user=0.03 sys=0.00, real=0.00 secs] 
2014-07-08T05:58:22.866+0000: 1766.326: [GC [PSYoungGen: 211602K->690K(206592K)] 489126K->278420K(893568K), 0.0109920 secs] [Times: user=0.06 sys=0.01, real=0.01 secs] 
2014-07-08T05:58:23.556+0000: 1767.016: [GC [PSYoungGen: 206578K->776K(202176K)] 484308K->278554K(889152K), 0.0066100 secs] [Times: user=0.03 sys=0.01, real=0.00 secs] 
2014-07-08T05:58:24.274+0000: 1767.733: [GC [PSYoungGen: 202120K->726K(242432K)] 479898K->278536K(929408K), 0.0219240 secs] [Times: user=0.15 sys=0.00, real=0.03 secs] 
2014-07-08T05:58:25.104+0000: 1768.564: [GC [PSYoungGen: 242388K->1128K(291200K)] 520198K->279026K(978176K), 0.0075090 secs] [Times: user=0.04 sys=0.01, real=0.01 secs] 
2014-07-08T05:58:26.126+0000: 1769.585: [GC [PSYoungGen: 291176K->940K(349056K)] 569074K->279042K(1036032K), 0.0036560 secs] [Times: user=0.02 sys=0.00, real=0.00 secs] 
2014-07-08T05:58:27.443+0000: 1770.903: [GC [PSYoungGen: 348988K->1004K(339136K)] 627090K->279186K(1026112K), 0.0040210 secs] [Times: user=0.02 sys=0.00, real=0.01 secs] 
2014-07-08T05:58:28.536+0000: 1771.995: [GC [PSYoungGen: 339116K->712K(329344K)] 617298K->278982K(1016320K), 0.0041040 secs] [Times: user=0.03 sys=0.00, real=0.01 secs] 
2014-07-08T05:58:29.715+0000: 1773.174: [GC [PSYoungGen: 329288K->794K(320256K)] 607558K->279144K(1007232K), 0.0086860 secs] [Times: user=0.05 sys=0.00, real=0.01 secs] 
2014-07-08T05:58:30.842+0000: 1774.301: [GC [PSYoungGen: 320218K->1036K(311680K)] 598568K->279474K(998656K), 0.0066250 secs] [Times: user=0.04 sys=0.00, real=0.01 secs] 
2014-07-08T05:58:31.927+0000: 1775.386: [GC [PSYoungGen: 311628K->936K(303104K)] 590066K->279430K(990080K), 0.0141520 secs] [Times: user=0.08 sys=0.00, real=0.01 secs] 
2014-07-08T05:58:32.990+0000: 1776.450: [GC [PSYoungGen: 303025K->829K(294848K)] 581519K->279419K(981824K), 0.0072530 secs] [Times: user=0.05 sys=0.00, real=0.01 secs] 
2014-07-08T05:58:34.027+0000: 1777.487: [GC [PSYoungGen: 294845K->829K(287040K)] 573435K->279491K(974016K), 0.0063600 secs] [Times: user=0.03 sys=0.01, real=0.00 secs] 
2014-07-08T05:58:35.048+0000: 1778.508: [GC [PSYoungGen: 287021K->765K(279488K)] 565684K->279507K(966464K), 0.0059330 secs] [Times: user=0.04 sys=0.00, real=0.00 secs] 
2014-07-08T05:58:36.030+0000: 1779.490: [GC [PSYoungGen: 279475K->1064K(272576K)] 558218K->279902K(959552K), 0.0071240 secs] [Times: user=0.05 sys=0.00, real=0.01 secs] 
2014-07-08T05:58:36.979+0000: 1780.439: [GC [PSYoungGen: 272552K->630K(265216K)] 551390K->279524K(952192K), 0.0048510 secs] [Times: user=0.02 sys=0.00, real=0.00 secs] 
2014-07-08T05:58:37.931+0000: 1781.390: [GC [PSYoungGen: 265206K->668K(258624K)] 544100K->279626K(945600K), 0.0051910 secs] [Times: user=0.03 sys=0.00, real=0.00 secs] 
2014-07-08T05:58:38.832+0000: 1782.292: [GC [PSYoungGen: 258588K->844K(252416K)] 537546K->279890K(939392K), 0.0036150 secs] [Times: user=0.01 sys=0.00, real=0.00 secs] 
2014-07-08T05:58:39.703+0000: 1783.163: [GC [PSYoungGen: 252348K->794K(246144K)] 531394K->279928K(933120K), 0.0038180 secs] [Times: user=0.02 sys=0.00, real=0.01 secs] 
2014-07-08T05:58:40.575+0000: 1784.034: [GC [PSYoungGen: 246106K->680K(240064K)] 525240K->279894K(927040K), 0.0127490 secs] [Times: user=0.08 sys=0.00, real=0.02 secs] 
2014-07-08T05:58:41.470+0000: 1784.930: [GC [PSYoungGen: 240040K->1092K(234752K)] 519254K->280402K(921728K), 0.0082980 secs] [Times: user=0.04 sys=0.01, real=0.01 secs] 
2014-07-08T05:58:42.352+0000: 1785.812: [GC [PSYoungGen: 234680K->762K(228864K)] 513990K->280308K(915840K), 0.0041090 secs] [Times: user=0.02 sys=0.01, real=0.00 secs] 
2014-07-08T05:58:43.035+0000: 1786.494: [GC [PSYoungGen: 228858K->903K(223744K)] 508404K->280497K(910720K), 0.0065860 secs] [Times: user=0.03 sys=0.00, real=0.01 secs] 
2014-07-08T05:58:43.861+0000: 1787.320: [GC [PSYoungGen: 223686K->918K(218624K)] 503281K->280584K(905600K), 0.0073850 secs] [Times: user=0.05 sys=0.01, real=0.01 secs] 
2014-07-08T05:58:44.587+0000: 1788.046: [GC [PSYoungGen: 218563K->669K(213440K)] 498230K->280391K(900416K), 0.0067890 secs] [Times: user=0.04 sys=0.00, real=0.01 secs] 
2014-07-08T05:58:45.389+0000: 1788.849: [GC [PSYoungGen: 213400K->928K(208896K)] 493123K->280898K(895872K), 0.0049910 secs] [Times: user=0.03 sys=0.00, real=0.00 secs] 
2014-07-08T05:58:46.077+0000: 1789.536: [GC [PSYoungGen: 208864K->1250K(204608K)] 488834K->281292K(891584K), 0.0101260 secs] [Times: user=0.05 sys=0.00, real=0.01 secs] 
2014-07-08T05:58:46.761+0000: 1790.221: [GC [PSYoungGen: 204578K->502K(199360K)] 484620K->281134K(886336K), 0.0046510 secs] [Times: user=0.02 sys=0.00, real=0.00 secs] 
2014-07-08T05:58:47.546+0000: 1791.005: [GC [PSYoungGen: 199350K->794K(195392K)] 479982K->281498K(882368K), 0.0058090 secs] [Times: user=0.03 sys=0.00, real=0.01 secs] 
2014-07-08T05:58:48.167+0000: 1791.627: [GC [PSYoungGen: 195354K->940K(191360K)] 476058K->281724K(878336K), 0.0062290 secs] [Times: user=0.04 sys=0.01, real=0.01 secs] 
2014-07-08T05:58:48.854+0000: 1792.313: [GC [PSYoungGen: 191340K->1276K(187648K)] 472124K->282109K(874624K), 0.0078500 secs] [Times: user=0.05 sys=0.00, real=0.01 secs] 
2014-07-08T05:58:49.483+0000: 1792.943: [GC [PSYoungGen: 187636K->612K(183104K)] 468468K->281788K(870080K), 0.0037550 secs] [Times: user=0.02 sys=0.00, real=0.00 secs] 
2014-07-08T05:58:50.108+0000: 1793.568: [GC [PSYoungGen: 182995K->1057K(179776K)] 464171K->282313K(866752K), 0.0049310 secs] [Times: user=0.02 sys=0.00, real=0.01 secs] 
2014-07-08T05:58:50.739+0000: 1794.198: [GC [PSYoungGen: 179745K->748K(175808K)] 461001K->282068K(862784K), 0.0067180 secs] [Times: user=0.04 sys=0.00, real=0.01 secs] 
2014-07-08T05:58:51.416+0000: 1794.876: [GC [PSYoungGen: 175767K->854K(172416K)] 457087K->282238K(859392K), 0.0068440 secs] [Times: user=0.05 sys=0.00, real=0.01 secs] 
2014-07-08T05:58:51.964+0000: 1795.423: [GC [PSYoungGen: 172338K->858K(169024K)] 453723K->282322K(856000K), 0.0047000 secs] [Times: user=0.03 sys=0.00, real=0.00 secs] 
2014-07-08T05:58:52.626+0000: 1796.085: [GC [PSYoungGen: 168986K->1328K(166208K)] 450450K->282873K(853184K), 0.0038550 secs] [Times: user=0.02 sys=0.00, real=0.01 secs] 
2014-07-08T05:58:53.144+0000: 1796.603: [GC [PSYoungGen: 166155K->502K(162176K)] 447699K->282880K(849152K), 0.0074020 secs] [Times: user=0.04 sys=0.00, real=0.01 secs] 
2014-07-08T05:58:53.693+0000: 1797.153: [GC [PSYoungGen: 162166K->1107K(159744K)] 444544K->283558K(846720K), 0.0053160 secs] [Times: user=0.03 sys=0.00, real=0.00 secs] 
2014-07-08T05:58:54.305+0000: 1797.765: [GC [PSYoungGen: 159699K->1220K(191616K)] 442150K->284079K(878592K), 0.0085070 secs] [Times: user=0.07 sys=0.00, real=0.01 secs] 
2014-07-08T05:58:54.965+0000: 1798.424: [GC [PSYoungGen: 191556K->978K(229440K)] 474415K->283909K(916416K), 0.0106590 secs] [Times: user=0.06 sys=0.00, real=0.01 secs] 
2014-07-08T05:58:55.712+0000: 1799.171: [GC [PSYoungGen: 229394K->694K(274816K)] 512325K->283721K(961792K), 0.0057650 secs] [Times: user=0.03 sys=0.01, real=0.00 secs] 
2014-07-08T05:58:56.683+0000: 1800.143: [GC [PSYoungGen: 274783K->1053K(330048K)] 557810K->284136K(1017024K), 0.0079150 secs] [Times: user=0.05 sys=0.01, real=0.01 secs] 
2014-07-08T05:58:57.851+0000: 1801.310: [GC [PSYoungGen: 330013K->900K(320704K)] 613096K->284071K(1007680K), 0.0059170 secs] [Times: user=0.04 sys=0.00, real=0.00 secs] 
2014-07-08T05:58:58.978+0000: 1802.438: [GC [PSYoungGen: 320620K->712K(311680K)] 603791K->283963K(998656K), 0.0078620 secs] [Times: user=0.04 sys=0.01, real=0.01 secs] 
2014-07-08T05:59:00.072+0000: 1803.531: [GC [PSYoungGen: 311575K->1018K(303488K)] 594826K->284325K(990464K), 0.0077240 secs] [Times: user=0.05 sys=0.00, real=0.00 secs] 
2014-07-08T05:59:01.140+0000: 1804.600: [GC [PSYoungGen: 303439K->858K(295232K)] 586746K->284213K(982208K), 0.0066650 secs] [Times: user=0.03 sys=0.00, real=0.01 secs] 
2014-07-08T05:59:02.190+0000: 1805.649: [GC [PSYoungGen: 295194K->1060K(287616K)] 578549K->284511K(974592K), 0.0045530 secs] [Times: user=0.03 sys=0.00, real=0.01 secs] 
2014-07-08T05:59:03.225+0000: 1806.684: [GC [PSYoungGen: 287564K->1298K(280384K)] 571015K->284837K(967360K), 0.0065220 secs] [Times: user=0.05 sys=0.00, real=0.01 secs] 
2014-07-08T05:59:04.196+0000: 1807.656: [GC [PSYoungGen: 280337K->562K(272384K)] 563875K->284557K(959360K), 0.0055970 secs] [Times: user=0.04 sys=0.00, real=0.01 secs] 
2014-07-08T05:59:05.139+0000: 1808.599: [GC [PSYoungGen: 272370K->926K(265856K)] 556365K->284961K(952832K), 0.0130090 secs] [Times: user=0.06 sys=0.00, real=0.02 secs] 
2014-07-08T05:59:06.067+0000: 1809.527: [GC [PSYoungGen: 265822K->846K(259136K)] 549857K->285127K(946112K), 0.0068970 secs] [Times: user=0.03 sys=0.00, real=0.01 secs] 
2014-07-08T05:59:06.973+0000: 1810.432: [GC [PSYoungGen: 259062K->512K(252352K)] 543343K->284865K(939328K), 0.0105210 secs] [Times: user=0.06 sys=0.00, real=0.01 secs] 
2014-07-08T05:59:07.859+0000: 1811.318: [GC [PSYoungGen: 252352K->708K(246400K)] 536705K->285173K(933376K), 0.0037060 secs] [Times: user=0.03 sys=0.00, real=0.01 secs] 
2014-07-08T05:59:08.724+0000: 1812.183: [GC [PSYoungGen: 246340K->762K(240448K)] 530805K->285331K(927424K), 0.0063700 secs] [Times: user=0.04 sys=0.00, real=0.00 secs] 
2014-07-08T05:59:09.560+0000: 1813.020: [GC [PSYoungGen: 240442K->680K(234624K)] 525011K->285297K(921600K), 0.0064730 secs] [Times: user=0.04 sys=0.00, real=0.01 secs] 
2014-07-08T05:59:10.400+0000: 1813.859: [GC [PSYoungGen: 234600K->758K(229184K)] 519217K->285479K(916160K), 0.0066850 secs] [Times: user=0.04 sys=0.00, real=0.01 secs] 
2014-07-08T05:59:11.190+0000: 1814.650: [GC [PSYoungGen: 229174K->690K(223808K)] 513895K->285483K(910784K), 0.0066310 secs] [Times: user=0.04 sys=0.00, real=0.01 secs] 
2014-07-08T05:59:11.972+0000: 1815.431: [GC [PSYoungGen: 223794K->580K(218624K)] 508587K->285437K(905600K), 0.0038320 secs] [Times: user=0.02 sys=0.00, real=0.00 secs] 
2014-07-08T05:59:12.748+0000: 1816.207: [GC [PSYoungGen: 218564K->726K(213760K)] 503421K->285679K(900736K), 0.0073390 secs] [Times: user=0.04 sys=0.00, real=0.01 secs] 
2014-07-08T05:59:13.511+0000: 1816.970: [GC [PSYoungGen: 213620K->1010K(209216K)] 498573K->286027K(896192K), 0.0109380 secs] [Times: user=0.06 sys=0.00, real=0.01 secs] 
2014-07-08T05:59:14.255+0000: 1817.714: [GC [PSYoungGen: 209202K->942K(204544K)] 494219K->286089K(891520K), 0.0066950 secs] [Times: user=0.05 sys=0.00, real=0.00 secs] 
2014-07-08T05:59:14.956+0000: 1818.415: [GC [PSYoungGen: 204514K->662K(199808K)] 489662K->285889K(886784K), 0.0089820 secs] [Times: user=0.05 sys=0.01, real=0.01 secs] 
2014-07-08T05:59:15.676+0000: 1819.135: [GC [PSYoungGen: 199766K->704K(195584K)] 484993K->285987K(882560K), 0.0072220 secs] [Times: user=0.05 sys=0.00, real=0.01 secs] 
2014-07-08T05:59:16.393+0000: 1819.853: [GC [PSYoungGen: 195520K->758K(234560K)] 480803K->286105K(921536K), 0.0088730 secs] [Times: user=0.06 sys=0.00, real=0.00 secs] 
2014-07-08T05:59:17.194+0000: 1820.654: [GC [PSYoungGen: 234550K->840K(281472K)] 519897K->286251K(968448K), 0.0085890 secs] [Times: user=0.05 sys=0.00, real=0.01 secs] 
2014-07-08T05:59:18.188+0000: 1821.647: [GC [PSYoungGen: 281380K->1060K(337792K)] 566791K->286511K(1024768K), 0.0108530 secs] [Times: user=0.06 sys=0.00, real=0.01 secs] 
2014-07-08T05:59:19.358+0000: 1822.817: [GC [PSYoungGen: 337717K->498K(327744K)] 623169K->286315K(1014720K), 0.0069090 secs] [Times: user=0.05 sys=0.00, real=0.01 secs] 
2014-07-08T05:59:20.493+0000: 1823.953: [GC [PSYoungGen: 327689K->1026K(319168K)] 613506K->286955K(1006144K), 0.0035610 secs] [Times: user=0.01 sys=0.00, real=0.00 secs] 
2014-07-08T05:59:21.626+0000: 1825.085: [GC [PSYoungGen: 319106K->776K(310144K)] 605035K->286917K(997120K), 0.0053890 secs] [Times: user=0.04 sys=0.00, real=0.00 secs] 
2014-07-08T05:59:22.756+0000: 1826.215: [GC [PSYoungGen: 310088K->1256K(302208K)] 596229K->287493K(989184K), 0.0036720 secs] [Times: user=0.02 sys=0.00, real=0.00 secs] 
2014-07-08T05:59:23.746+0000: 1827.205: [GC [PSYoungGen: 302184K->512K(293376K)] 588421K->286879K(980352K), 0.0075190 secs] [Times: user=0.05 sys=0.00, real=0.00 secs] 
2014-07-08T05:59:24.683+0000: 1828.143: [GC [PSYoungGen: 293376K->956K(286080K)] 579743K->287387K(973056K), 0.0050330 secs] [Times: user=0.02 sys=0.00, real=0.01 secs] 
2014-07-08T05:59:25.649+0000: 1829.108: [GC [PSYoungGen: 286076K->872K(278592K)] 572507K->287359K(965568K), 0.0044020 secs] [Times: user=0.02 sys=0.00, real=0.00 secs] 
2014-07-08T05:59:26.475+0000: 1829.935: [GC [PSYoungGen: 278568K->700K(271232K)] 565055K->287243K(958208K), 0.0042570 secs] [Times: user=0.02 sys=0.00, real=0.00 secs] 
2014-07-08T05:59:27.309+0000: 1830.768: [GC [PSYoungGen: 271228K->1028K(264704K)] 557771K->287643K(951680K), 0.0083200 secs] [Times: user=0.05 sys=0.00, real=0.01 secs] 
2014-07-08T05:59:28.400+0000: 1831.859: [GC [PSYoungGen: 264644K->1054K(258048K)] 551259K->287749K(945024K), 0.0074820 secs] [Times: user=0.05 sys=0.00, real=0.01 secs] 
2014-07-08T05:59:29.181+0000: 1832.640: [GC [PSYoungGen: 258014K->544K(251136K)] 544709K->288007K(938112K), 0.0047480 secs] [Times: user=0.02 sys=0.00, real=0.01 secs] 
2014-07-08T05:59:30.012+0000: 1833.471: [GC [PSYoungGen: 251104K->1100K(245568K)] 538567K->288669K(932544K), 0.0050660 secs] [Times: user=0.03 sys=0.00, real=0.01 secs] 
2014-07-08T05:59:30.785+0000: 1834.244: [GC [PSYoungGen: 245513K->861K(239424K)] 533083K->288838K(926400K), 0.0078870 secs] [Times: user=0.05 sys=0.00, real=0.01 secs] 
2014-07-08T05:59:31.654+0000: 1835.113: [GC [PSYoungGen: 239389K->786K(233664K)] 527366K->288811K(920640K), 0.0109150 secs] [Times: user=0.05 sys=0.00, real=0.01 secs] 
2014-07-08T05:59:32.499+0000: 1835.959: [GC [PSYoungGen: 233618K->1274K(228608K)] 521643K->289395K(915584K), 0.0053260 secs] [Times: user=0.03 sys=0.01, real=0.00 secs] 
2014-07-08T05:59:33.388+0000: 1836.847: [GC [PSYoungGen: 228602K->1106K(223168K)] 516723K->289283K(910144K), 0.0116830 secs] [Times: user=0.07 sys=0.00, real=0.01 secs] 
2014-07-08T05:59:33.917+0000: 1837.377: [GC [PSYoungGen: 223073K->694K(217600K)] 511250K->289023K(904576K), 0.0057410 secs] [Times: user=0.03 sys=0.00, real=0.00 secs] 
2014-07-08T05:59:34.646+0000: 1838.105: [GC [PSYoungGen: 217590K->790K(261120K)] 505919K->289183K(948096K), 0.0095650 secs] [Times: user=0.05 sys=0.00, real=0.01 secs] 
2014-07-08T05:59:35.534+0000: 1838.994: [GC [PSYoungGen: 261078K->1198K(254976K)] 549471K->289705K(941952K), 0.0078740 secs] [Times: user=0.04 sys=0.01, real=0.01 secs] 
2014-07-08T05:59:36.255+0000: 1839.715: [GC [PSYoungGen: 254958K->1188K(248704K)] 543465K->289799K(935680K), 0.0063910 secs] [Times: user=0.02 sys=0.00, real=0.01 secs] 
2014-07-08T05:59:37.010+0000: 1840.470: [GC [PSYoungGen: 248669K->680K(242176K)] 537280K->289485K(929152K), 0.0039780 secs] [Times: user=0.02 sys=0.00, real=0.00 secs] 
2014-07-08T05:59:37.843+0000: 1841.302: [GC [PSYoungGen: 242151K->1504K(237184K)] 530956K->290366K(924160K), 0.0114000 secs] [Times: user=0.06 sys=0.01, real=0.01 secs] 
2014-07-08T05:59:38.694+0000: 1842.153: [GC [PSYoungGen: 237106K->850K(283712K)] 525968K->289775K(970688K), 0.0105420 secs] [Times: user=0.06 sys=0.00, real=0.01 secs] 
2014-07-08T05:59:39.590+0000: 1843.049: [GC [PSYoungGen: 283666K->672K(276160K)] 572591K->289669K(963136K), 0.0044830 secs] [Times: user=0.02 sys=0.00, real=0.00 secs] 
2014-07-08T05:59:40.443+0000: 1843.902: [GC [PSYoungGen: 276086K->1070K(269440K)] 565083K->290148K(956416K), 0.0061860 secs] [Times: user=0.04 sys=0.00, real=0.01 secs] 
2014-07-08T05:59:41.220+0000: 1844.679: [GC [PSYoungGen: 269422K->936K(262528K)] 558500K->290077K(949504K), 0.0049460 secs] [Times: user=0.02 sys=0.00, real=0.00 secs] 
2014-07-08T05:59:42.018+0000: 1845.477: [GC [PSYoungGen: 262477K->911K(256000K)] 551619K->290116K(942976K), 0.0100640 secs] [Times: user=0.06 sys=0.01, real=0.01 secs] 
2014-07-08T05:59:42.798+0000: 1846.257: [GC [PSYoungGen: 255951K->946K(249664K)] 545156K->290232K(936640K), 0.0041830 secs] [Times: user=0.02 sys=0.00, real=0.00 secs] 
2014-07-08T05:59:43.717+0000: 1847.176: [GC [PSYoungGen: 249650K->1191K(243840K)] 538936K->290564K(930816K), 0.0065510 secs] [Times: user=0.04 sys=0.00, real=0.01 secs] 
2014-07-08T05:59:44.504+0000: 1847.963: [GC [PSYoungGen: 243815K->868K(237696K)] 533188K->290353K(924672K), 0.0036570 secs] [Times: user=0.02 sys=0.00, real=0.01 secs] 
2014-07-08T05:59:45.169+0000: 1848.628: [GC [PSYoungGen: 237668K->1014K(232192K)] 527153K->290579K(919168K), 0.0068640 secs] [Times: user=0.04 sys=0.00, real=0.00 secs] 
2014-07-08T05:59:45.913+0000: 1849.373: [GC [PSYoungGen: 232182K->694K(226432K)] 521747K->290315K(913408K), 0.0088310 secs] [Times: user=0.05 sys=0.00, real=0.01 secs] 
2014-07-08T05:59:46.676+0000: 1850.135: [GC [PSYoungGen: 226422K->644K(221184K)] 516043K->290313K(908160K), 0.0043060 secs] [Times: user=0.02 sys=0.00, real=0.01 secs] 
2014-07-08T05:59:47.445+0000: 1850.904: [GC [PSYoungGen: 221124K->1106K(216576K)] 510793K->290839K(903552K), 0.0046100 secs] [Times: user=0.02 sys=0.00, real=0.01 secs] 
2014-07-08T05:59:48.298+0000: 1851.758: [GC [PSYoungGen: 216530K->1142K(211712K)] 506263K->290939K(898688K), 0.0098640 secs] [Times: user=0.06 sys=0.00, real=0.01 secs] 
2014-07-08T05:59:48.822+0000: 1852.281: [GC [PSYoungGen: 211702K->818K(206720K)] 501499K->290695K(893696K), 0.0035790 secs] [Times: user=0.02 sys=0.00, real=0.00 secs] 
2014-07-08T05:59:49.531+0000: 1852.990: [GC [PSYoungGen: 206706K->712K(202112K)] 496583K->290637K(889088K), 0.0059600 secs] [Times: user=0.04 sys=0.00, real=0.00 secs] 
2014-07-08T05:59:50.057+0000: 1853.516: [GC [PSYoungGen: 202046K->1306K(243008K)] 491971K->291304K(929984K), 0.0165440 secs] [Times: user=0.09 sys=0.00, real=0.02 secs] 
2014-07-08T05:59:50.842+0000: 1854.301: [GC [PSYoungGen: 242970K->722K(290816K)] 532968K->290767K(977792K), 0.0038570 secs] [Times: user=0.02 sys=0.00, real=0.00 secs] 
2014-07-08T05:59:51.732+0000: 1855.191: [GC [PSYoungGen: 290770K->804K(283264K)] 580815K->290953K(970240K), 0.0042990 secs] [Times: user=0.02 sys=0.00, real=0.00 secs] 
2014-07-08T05:59:52.683+0000: 1856.143: [GC [PSYoungGen: 283210K->1132K(340096K)] 573359K->291345K(1027072K), 0.0122770 secs] [Times: user=0.08 sys=0.00, real=0.01 secs] 
2014-07-08T05:59:53.792+0000: 1857.251: [GC [PSYoungGen: 340076K->858K(330240K)] 630289K->291159K(1017216K), 0.0067100 secs] [Times: user=0.04 sys=0.01, real=0.00 secs] 
2014-07-08T05:59:54.813+0000: 1858.272: [GC [PSYoungGen: 330202K->612K(320768K)] 620503K->290961K(1007744K), 0.0060930 secs] [Times: user=0.04 sys=0.00, real=0.00 secs] 
2014-07-08T05:59:55.793+0000: 1859.252: [GC [PSYoungGen: 320740K->530K(311872K)] 611089K->290927K(998848K), 0.0061860 secs] [Times: user=0.03 sys=0.01, real=0.01 secs] 
2014-07-08T05:59:56.757+0000: 1860.216: [GC [PSYoungGen: 311826K->1077K(303872K)] 602223K->291539K(990848K), 0.0066610 secs] [Times: user=0.04 sys=0.01, real=0.01 secs] 
2014-07-08T05:59:57.792+0000: 1861.251: [GC [PSYoungGen: 303830K->1046K(295744K)] 594292K->291595K(982720K), 0.0055490 secs] [Times: user=0.04 sys=0.00, real=0.00 secs] 
2014-07-08T05:59:58.818+0000: 1862.278: [GC [PSYoungGen: 295702K->928K(287808K)] 586251K->291573K(974784K), 0.0048270 secs] [Times: user=0.03 sys=0.00, real=0.01 secs] 
2014-07-08T05:59:59.693+0000: 1863.153: [GC [PSYoungGen: 287776K->626K(279936K)] 578421K->291327K(966912K), 0.0037200 secs] [Times: user=0.02 sys=0.00, real=0.00 secs] 
2014-07-08T06:00:00.539+0000: 1863.998: [GC [PSYoungGen: 279922K->968K(273088K)] 570623K->291741K(960064K), 0.0040160 secs] [Times: user=0.01 sys=0.00, real=0.01 secs] 
2014-07-08T06:00:01.384+0000: 1864.844: [GC [PSYoungGen: 273032K->1230K(266368K)] 563805K->292099K(953344K), 0.0054660 secs] [Times: user=0.03 sys=0.01, real=0.01 secs] 
2014-07-08T06:00:02.168+0000: 1865.627: [GC [PSYoungGen: 266318K->700K(259072K)] 557187K->291853K(946048K), 0.0046330 secs] [Times: user=0.02 sys=0.01, real=0.01 secs] 
2014-07-08T06:00:02.893+0000: 1866.352: [GC [PSYoungGen: 259048K->1068K(252992K)] 550202K->292317K(939968K), 0.0060310 secs] [Times: user=0.03 sys=0.00, real=0.00 secs] 
2014-07-08T06:00:03.848+0000: 1867.307: [GC [PSYoungGen: 252972K->1124K(246848K)] 544221K->292578K(933824K), 0.0034510 secs] [Times: user=0.02 sys=0.01, real=0.01 secs] 
2014-07-08T06:00:04.588+0000: 1868.047: [GC [PSYoungGen: 246820K->580K(240384K)] 538274K->292089K(927360K), 0.0034380 secs] [Times: user=0.02 sys=0.00, real=0.01 secs] 
2014-07-08T06:00:05.325+0000: 1868.784: [GC [PSYoungGen: 240324K->1324K(235328K)] 531833K->292921K(922304K), 0.0043750 secs] [Times: user=0.03 sys=0.00, real=0.00 secs] 
2014-07-08T06:00:06.004+0000: 1869.463: [GC [PSYoungGen: 235304K->900K(229440K)] 526902K->292569K(916416K), 0.0065640 secs] [Times: user=0.04 sys=0.00, real=0.01 secs] 
2014-07-08T06:00:06.686+0000: 1870.145: [GC [PSYoungGen: 229338K->790K(224000K)] 521008K->292539K(910976K), 0.0076480 secs] [Times: user=0.04 sys=0.00, real=0.01 secs] 
2014-07-08T06:00:07.400+0000: 1870.860: [GC [PSYoungGen: 223958K->1118K(219200K)] 515707K->292915K(906176K), 0.0041500 secs] [Times: user=0.02 sys=0.01, real=0.01 secs] 
2014-07-08T06:00:08.035+0000: 1871.494: [GC [PSYoungGen: 219158K->960K(214080K)] 510956K->292830K(901056K), 0.0105040 secs] [Times: user=0.07 sys=0.00, real=0.01 secs] 
2014-07-08T06:00:08.831+0000: 1872.291: [GC [PSYoungGen: 214016K->640K(208896K)] 505886K->292581K(895872K), 0.0073270 secs] [Times: user=0.04 sys=0.01, real=0.00 secs] 
2014-07-08T06:00:09.520+0000: 1872.979: [GC [PSYoungGen: 208896K->1455K(251392K)] 500837K->293476K(938368K), 0.0092160 secs] [Times: user=0.05 sys=0.00, real=0.01 secs] 
2014-07-08T06:00:10.245+0000: 1873.705: [GC [PSYoungGen: 251375K->1188K(244992K)] 543396K->293281K(931968K), 0.0054140 secs] [Times: user=0.02 sys=0.00, real=0.01 secs] 
2014-07-08T06:00:10.932+0000: 1874.391: [GC [PSYoungGen: 244964K->683K(238592K)] 537057K->293154K(925568K), 0.0047880 secs] [Times: user=0.03 sys=0.00, real=0.00 secs] 
2014-07-08T06:00:11.765+0000: 1875.224: [GC [PSYoungGen: 238571K->662K(232896K)] 531042K->293165K(919872K), 0.0046480 secs] [Times: user=0.02 sys=0.00, real=0.00 secs] 
2014-07-08T06:00:12.546+0000: 1876.005: [GC [PSYoungGen: 232854K->1312K(228096K)] 525357K->293946K(915072K), 0.0085910 secs] [Times: user=0.05 sys=0.00, real=0.01 secs] 
2014-07-08T06:00:13.203+0000: 1876.663: [GC [PSYoungGen: 228064K->1256K(222784K)] 520697K->293993K(909760K), 0.0073760 secs] [Times: user=0.05 sys=0.00, real=0.01 secs] 
2014-07-08T06:00:14.001+0000: 1877.460: [GC [PSYoungGen: 222719K->744K(217216K)] 515456K->293643K(904192K), 0.0033840 secs] [Times: user=0.02 sys=0.00, real=0.01 secs] 
2014-07-08T06:00:14.727+0000: 1878.186: [GC [PSYoungGen: 217192K->658K(212224K)] 510091K->293597K(899200K), 0.0073310 secs] [Times: user=0.04 sys=0.00, real=0.01 secs] 
2014-07-08T06:00:15.433+0000: 1878.893: [GC [PSYoungGen: 212178K->1341K(208128K)] 505117K->294434K(895104K), 0.0079560 secs] [Times: user=0.05 sys=0.00, real=0.00 secs] 
2014-07-08T06:00:15.988+0000: 1879.447: [GC [PSYoungGen: 208125K->996K(203264K)] 501218K->294177K(890240K), 0.0053040 secs] [Times: user=0.03 sys=0.00, real=0.01 secs] 
2014-07-08T06:00:16.690+0000: 1880.150: [GC [PSYoungGen: 203236K->904K(198784K)] 496417K->294157K(885760K), 0.0073400 secs] [Times: user=0.05 sys=0.00, real=0.01 secs] 
2014-07-08T06:00:17.302+0000: 1880.761: [GC [PSYoungGen: 198728K->1060K(238528K)] 491981K->294385K(925504K), 0.0128160 secs] [Times: user=0.07 sys=0.00, real=0.01 secs] 
2014-07-08T06:00:18.025+0000: 1881.484: [GC [PSYoungGen: 238500K->1148K(286080K)] 531825K->294538K(973056K), 0.0081630 secs] [Times: user=0.05 sys=0.01, real=0.01 secs] 
2014-07-08T06:00:19.013+0000: 1882.473: [GC [PSYoungGen: 286076K->854K(278400K)] 579466K->294323K(965376K), 0.0033690 secs] [Times: user=0.01 sys=0.00, real=0.00 secs] 
2014-07-08T06:00:19.906+0000: 1883.365: [GC [PSYoungGen: 278355K->921K(271296K)] 571825K->294446K(958272K), 0.0051710 secs] [Times: user=0.02 sys=0.01, real=0.00 secs] 
2014-07-08T06:00:20.762+0000: 1884.222: [GC [PSYoungGen: 271257K->790K(264256K)] 564782K->294403K(951232K), 0.0072270 secs] [Times: user=0.05 sys=0.00, real=0.01 secs] 
2014-07-08T06:00:21.642+0000: 1885.101: [GC [PSYoungGen: 264214K->822K(257600K)] 557827K->294499K(944576K), 0.0037840 secs] [Times: user=0.02 sys=0.00, real=0.01 secs] 
2014-07-08T06:00:22.468+0000: 1885.928: [GC [PSYoungGen: 257549K->986K(251392K)] 551227K->294759K(938368K), 0.0047900 secs] [Times: user=0.03 sys=0.00, real=0.01 secs] 
2014-07-08T06:00:23.137+0000: 1886.596: [GC [PSYoungGen: 251354K->1032K(245312K)] 545127K->294861K(932288K), 0.0086120 secs] [Times: user=0.06 sys=0.01, real=0.01 secs] 
2014-07-08T06:00:24.037+0000: 1887.496: [GC [PSYoungGen: 245256K->860K(239232K)] 539085K->294777K(926208K), 0.0083620 secs] [Times: user=0.05 sys=0.00, real=0.01 secs] 
2014-07-08T06:00:24.763+0000: 1888.222: [GC [PSYoungGen: 239196K->878K(233536K)] 533113K->294883K(920512K), 0.0054360 secs] [Times: user=0.03 sys=0.01, real=0.00 secs] 
2014-07-08T06:00:25.597+0000: 1889.056: [GC [PSYoungGen: 233517K->996K(228160K)] 527523K->295097K(915136K), 0.0051800 secs] [Times: user=0.03 sys=0.00, real=0.00 secs] 
2014-07-08T06:00:26.264+0000: 1889.724: [GC [PSYoungGen: 228131K->940K(222784K)] 522232K->295447K(909760K), 0.0039800 secs] [Times: user=0.02 sys=0.01, real=0.00 secs] 
2014-07-08T06:00:26.919+0000: 1890.378: [GC [PSYoungGen: 222761K->1008K(217728K)] 517268K->295571K(904704K), 0.0081210 secs] [Times: user=0.05 sys=0.00, real=0.01 secs] 
2014-07-08T06:00:27.729+0000: 1891.188: [GC [PSYoungGen: 217712K->1010K(212800K)] 512275K->296156K(899776K), 0.0045310 secs] [Times: user=0.01 sys=0.01, real=0.00 secs] 
2014-07-08T06:00:28.539+0000: 1891.998: [GC [PSYoungGen: 212786K->854K(207936K)] 507932K->296063K(894912K), 0.0064450 secs] [Times: user=0.04 sys=0.00, real=0.01 secs] 
2014-07-08T06:00:29.183+0000: 1892.642: [GC [PSYoungGen: 207894K->1096K(203584K)] 503103K->296449K(890560K), 0.0096920 secs] [Times: user=0.06 sys=0.00, real=0.01 secs] 
2014-07-08T06:00:29.781+0000: 1893.240: [GC [PSYoungGen: 203528K->956K(198976K)] 498881K->296374K(885952K), 0.0046360 secs] [Times: user=0.02 sys=0.00, real=0.01 secs] 
2014-07-08T06:00:30.424+0000: 1893.883: [GC [PSYoungGen: 198972K->1010K(194752K)] 494390K->296540K(881728K), 0.0035000 secs] [Times: user=0.02 sys=0.00, real=0.01 secs] 
2014-07-08T06:00:30.974+0000: 1894.434: [GC [PSYoungGen: 194738K->1135K(190784K)] 490268K->296736K(877760K), 0.0063230 secs] [Times: user=0.04 sys=0.00, real=0.00 secs] 
2014-07-08T06:00:31.625+0000: 1895.085: [GC [PSYoungGen: 190767K->790K(186496K)] 486368K->296471K(873472K), 0.0066360 secs] [Times: user=0.04 sys=0.00, real=0.00 secs] 
2014-07-08T06:00:32.170+0000: 1895.629: [GC [PSYoungGen: 186454K->1356K(224256K)] 482135K->297109K(911232K), 0.0149540 secs] [Times: user=0.09 sys=0.00, real=0.02 secs] 
2014-07-08T06:00:32.850+0000: 1896.310: [GC [PSYoungGen: 224204K->758K(268224K)] 519957K->296791K(955200K), 0.0075330 secs] [Times: user=0.05 sys=0.00, real=0.01 secs] 
2014-07-08T06:00:33.836+0000: 1897.295: [GC [PSYoungGen: 268187K->1106K(322112K)] 564220K->297204K(1009088K), 0.0050450 secs] [Times: user=0.02 sys=0.00, real=0.00 secs] 
2014-07-08T06:00:34.833+0000: 1898.292: [GC [PSYoungGen: 322066K->932K(313024K)] 618164K->297078K(1000000K), 0.0051560 secs] [Times: user=0.03 sys=0.00, real=0.01 secs] 
2014-07-08T06:00:35.787+0000: 1899.247: [GC [PSYoungGen: 312996K->676K(304256K)] 609142K->296885K(991232K), 0.0055680 secs] [Times: user=0.02 sys=0.00, real=0.00 secs] 
2014-07-08T06:00:36.806+0000: 1900.265: [GC [PSYoungGen: 304228K->658K(296064K)] 600437K->296963K(983040K), 0.0035480 secs] [Times: user=0.02 sys=0.00, real=0.00 secs] 
2014-07-08T06:00:37.824+0000: 1901.284: [GC [PSYoungGen: 296017K->1118K(288640K)] 592323K->297479K(975616K), 0.0042200 secs] [Times: user=0.03 sys=0.01, real=0.01 secs] 
2014-07-08T06:00:38.721+0000: 1902.180: [GC [PSYoungGen: 288606K->1000K(280960K)] 584967K->297401K(967936K), 0.0060160 secs] [Times: user=0.02 sys=0.00, real=0.01 secs] 
2014-07-08T06:00:39.590+0000: 1903.050: [GC [PSYoungGen: 280936K->672K(273408K)] 577337K->297137K(960384K), 0.0112480 secs] [Times: user=0.07 sys=0.00, real=0.01 secs] 
2014-07-08T06:00:40.451+0000: 1903.911: [GC [PSYoungGen: 273376K->1160K(266944K)] 569841K->297705K(953920K), 0.0054620 secs] [Times: user=0.04 sys=0.00, real=0.01 secs] 
2014-07-08T06:00:41.232+0000: 1904.692: [GC [PSYoungGen: 266888K->1114K(260160K)] 563433K->297707K(947136K), 0.0059600 secs] [Times: user=0.02 sys=0.00, real=0.01 secs] 
2014-07-08T06:00:41.969+0000: 1905.428: [GC [PSYoungGen: 260122K->740K(253312K)] 556715K->297397K(940288K), 0.0078340 secs] [Times: user=0.06 sys=0.00, real=0.01 secs] 
2014-07-08T06:00:42.782+0000: 1906.242: [GC [PSYoungGen: 253284K->1064K(247424K)] 549941K->297801K(934400K), 0.0032020 secs] [Times: user=0.02 sys=0.00, real=0.00 secs] 
2014-07-08T06:00:43.635+0000: 1907.095: [GC [PSYoungGen: 247374K->1135K(241472K)] 544111K->297944K(928448K), 0.0075480 secs] [Times: user=0.05 sys=0.00, real=0.01 secs] 
2014-07-08T06:00:44.535+0000: 1907.994: [GC [PSYoungGen: 241455K->886K(235456K)] 538264K->297783K(922432K), 0.0054770 secs] [Times: user=0.03 sys=0.00, real=0.01 secs] 
2014-07-08T06:00:45.215+0000: 1908.675: [GC [PSYoungGen: 235446K->1056K(230080K)] 532343K->298164K(917056K), 0.0077200 secs] [Times: user=0.05 sys=0.00, real=0.01 secs] 
2014-07-08T06:00:45.878+0000: 1909.338: [GC [PSYoungGen: 230048K->804K(224448K)] 527156K->297991K(911424K), 0.0060110 secs] [Times: user=0.03 sys=0.01, real=0.00 secs] 
2014-07-08T06:00:46.659+0000: 1910.118: [GC [PSYoungGen: 224420K->1078K(219520K)] 521607K->298364K(906496K), 0.0044570 secs] [Times: user=0.02 sys=0.00, real=0.00 secs] 
2014-07-08T06:00:47.305+0000: 1910.765: [GC [PSYoungGen: 219508K->968K(214464K)] 516793K->298325K(901440K), 0.0041090 secs] [Times: user=0.02 sys=0.00, real=0.01 secs] 
2014-07-08T06:00:47.864+0000: 1911.324: [GC [PSYoungGen: 214408K->680K(209344K)] 511765K->298077K(896320K), 0.0101400 secs] [Times: user=0.07 sys=0.00, real=0.01 secs] 
2014-07-08T06:00:48.732+0000: 1912.191: [GC [PSYoungGen: 209320K->1465K(205504K)] 506717K->299115K(892480K), 0.0092420 secs] [Times: user=0.05 sys=0.00, real=0.01 secs] 
2014-07-08T06:00:49.503+0000: 1912.963: [GC [PSYoungGen: 205497K->808K(200384K)] 503147K->298860K(887360K), 0.0035310 secs] [Times: user=0.02 sys=0.00, real=0.01 secs] 
2014-07-08T06:00:49.977+0000: 1913.436: [GC [PSYoungGen: 200359K->1334K(196544K)] 498411K->299566K(883520K), 0.0067030 secs] [Times: user=0.04 sys=0.00, real=0.01 secs] 
2014-07-08T06:00:50.657+0000: 1914.116: [GC [PSYoungGen: 196534K->822K(191872K)] 494766K->299506K(878848K), 0.0065610 secs] [Times: user=0.04 sys=0.00, real=0.01 secs] 
2014-07-08T06:00:51.226+0000: 1914.685: [GC [PSYoungGen: 191857K->1513K(230784K)] 490542K->300269K(917760K), 0.0096820 secs] [Times: user=0.05 sys=0.00, real=0.01 secs] 
2014-07-08T06:00:51.923+0000: 1915.382: [GC [PSYoungGen: 230717K->950K(224832K)] 529474K->299778K(911808K), 0.0037280 secs] [Times: user=0.01 sys=0.01, real=0.00 secs] 
2014-07-08T06:00:52.651+0000: 1916.110: [GC [PSYoungGen: 224791K->1038K(219776K)] 523620K->299946K(906752K), 0.0034730 secs] [Times: user=0.02 sys=0.00, real=0.00 secs] 
2014-07-08T06:00:53.385+0000: 1916.845: [GC [PSYoungGen: 219726K->1284K(215040K)] 518634K->300240K(902016K), 0.0058460 secs] [Times: user=0.02 sys=0.00, real=0.01 secs] 
2014-07-08T06:00:54.137+0000: 1917.596: [GC [PSYoungGen: 214980K->1562K(210496K)] 513936K->300622K(897472K), 0.0079750 secs] [Times: user=0.05 sys=0.00, real=0.01 secs] 
2014-07-08T06:00:54.767+0000: 1918.226: [GC [PSYoungGen: 210458K->576K(204800K)] 509518K->299732K(891776K), 0.0042250 secs] [Times: user=0.02 sys=0.00, real=0.01 secs] 
2014-07-08T06:00:55.396+0000: 1918.855: [GC [PSYoungGen: 204800K->918K(200704K)] 503956K->300130K(887680K), 0.0038010 secs] [Times: user=0.02 sys=0.00, real=0.01 secs] 
2014-07-08T06:00:55.943+0000: 1919.402: [GC [PSYoungGen: 200662K->1080K(196480K)] 499874K->300380K(883456K), 0.0062690 secs] [Times: user=0.04 sys=0.00, real=0.01 secs] 
2014-07-08T06:00:56.598+0000: 1920.057: [GC [PSYoungGen: 196472K->626K(191872K)] 495772K->299998K(878848K), 0.0045950 secs] [Times: user=0.03 sys=0.00, real=0.00 secs] 
2014-07-08T06:00:57.084+0000: 1920.544: [GC [PSYoungGen: 191858K->814K(230336K)] 491230K->300234K(917312K), 0.0100920 secs] [Times: user=0.07 sys=0.00, real=0.01 secs] 
2014-07-08T06:00:57.824+0000: 1921.284: [GC [PSYoungGen: 230234K->726K(276224K)] 529654K->300218K(963200K), 0.0057470 secs] [Times: user=0.04 sys=0.01, real=0.01 secs] 
2014-07-08T06:00:58.693+0000: 1922.152: [GC [PSYoungGen: 276181K->932K(311424K)] 575673K->300496K(998400K), 0.0087820 secs] [Times: user=0.06 sys=0.00, real=0.01 secs] 
2014-07-08T06:00:59.850+0000: 1923.309: [GC [PSYoungGen: 310628K->1136K(302400K)] 610192K->300780K(989376K), 0.0077210 secs] [Times: user=0.05 sys=0.00, real=0.00 secs] 
2014-07-08T06:01:00.764+0000: 1924.224: [GC [PSYoungGen: 302384K->562K(293760K)] 602028K->300320K(980736K), 0.0051180 secs] [Times: user=0.02 sys=0.00, real=0.01 secs] 
2014-07-08T06:01:01.719+0000: 1925.178: [GC [PSYoungGen: 293746K->1277K(286720K)] 593504K->301115K(973696K), 0.0080560 secs] [Times: user=0.06 sys=0.00, real=0.01 secs] 
2014-07-08T06:01:02.646+0000: 1926.105: [GC [PSYoungGen: 286707K->992K(278976K)] 586545K->300944K(965952K), 0.0112670 secs] [Times: user=0.08 sys=0.00, real=0.01 secs] 
2014-07-08T06:01:03.587+0000: 1927.046: [GC [PSYoungGen: 278944K->1096K(271936K)] 578896K->301128K(958912K), 0.0043470 secs] [Times: user=0.02 sys=0.00, real=0.01 secs] 
2014-07-08T06:01:04.571+0000: 1928.030: [GC [PSYoungGen: 271880K->1060K(264960K)] 571912K->301416K(951936K), 0.0101550 secs] [Times: user=0.07 sys=0.00, real=0.01 secs] 
2014-07-08T06:01:05.287+0000: 1928.747: [GC [PSYoungGen: 264932K->1426K(258688K)] 565288K->301862K(945664K), 0.0046100 secs] [Times: user=0.02 sys=0.00, real=0.01 secs] 
2014-07-08T06:01:06.029+0000: 1929.488: [GC [PSYoungGen: 258642K->818K(251648K)] 559078K->301671K(938624K), 0.0046460 secs] [Times: user=0.01 sys=0.00, real=0.01 secs] 
2014-07-08T06:01:06.831+0000: 1930.290: [GC [PSYoungGen: 251634K->924K(245632K)] 552487K->301857K(932608K), 0.0038950 secs] [Times: user=0.02 sys=0.00, real=0.00 secs] 
2014-07-08T06:01:07.656+0000: 1931.115: [GC [PSYoungGen: 245596K->530K(239296K)] 546529K->301534K(926272K), 0.0047780 secs] [Times: user=0.02 sys=0.00, real=0.01 secs] 
2014-07-08T06:01:08.418+0000: 1931.877: [GC [PSYoungGen: 239218K->1146K(234176K)] 540223K->302215K(921152K), 0.0069980 secs] [Times: user=0.05 sys=0.00, real=0.01 secs] 
2014-07-08T06:01:09.192+0000: 1932.651: [GC [PSYoungGen: 234170K->1366K(228928K)] 535239K->302499K(915904K), 0.0050880 secs] [Times: user=0.02 sys=0.00, real=0.00 secs] 
2014-07-08T06:01:09.926+0000: 1933.386: [GC [PSYoungGen: 228869K->580K(222848K)] 530002K->301776K(909824K), 0.0035130 secs] [Times: user=0.01 sys=0.00, real=0.00 secs] 
2014-07-08T06:01:10.610+0000: 1934.070: [GC [PSYoungGen: 222781K->580K(217728K)] 523977K->301832K(904704K), 0.0066050 secs] [Times: user=0.04 sys=0.00, real=0.00 secs] 
2014-07-08T06:01:11.265+0000: 1934.725: [GC [PSYoungGen: 217668K->1014K(213184K)] 518920K->302314K(900160K), 0.0085610 secs] [Times: user=0.05 sys=0.00, real=0.01 secs] 
2014-07-08T06:01:11.911+0000: 1935.370: [GC [PSYoungGen: 213174K->804K(208256K)] 514474K->302160K(895232K), 0.0053040 secs] [Times: user=0.02 sys=0.00, real=0.00 secs] 
2014-07-08T06:01:12.583+0000: 1936.042: [GC [PSYoungGen: 208228K->758K(203584K)] 509584K->302194K(890560K), 0.0060530 secs] [Times: user=0.04 sys=0.00, real=0.00 secs] 
2014-07-08T06:01:13.144+0000: 1936.603: [GC [PSYoungGen: 203574K->836K(199296K)] 505010K->302320K(886272K), 0.0075580 secs] [Times: user=0.05 sys=0.00, real=0.01 secs] 
2014-07-08T06:01:13.941+0000: 1937.401: [GC [PSYoungGen: 199213K->1502K(195648K)] 500698K->303051K(882624K), 0.0048470 secs] [Times: user=0.02 sys=0.00, real=0.00 secs] 
2014-07-08T06:01:14.629+0000: 1938.088: [GC [PSYoungGen: 195614K->812K(190784K)] 497163K->302683K(877760K), 0.0062980 secs] [Times: user=0.03 sys=0.00, real=0.01 secs] 
2014-07-08T06:01:15.138+0000: 1938.597: [GC [PSYoungGen: 190764K->1314K(187328K)] 492635K->303273K(874304K), 0.0037890 secs] [Times: user=0.02 sys=0.00, real=0.01 secs] 
2014-07-08T06:01:15.744+0000: 1939.203: [GC [PSYoungGen: 187298K->690K(182848K)] 489257K->302979K(869824K), 0.0055240 secs] [Times: user=0.04 sys=0.00, real=0.00 secs] 
2014-07-08T06:01:16.271+0000: 1939.731: [GC [PSYoungGen: 182834K->968K(179456K)] 485123K->303329K(866432K), 0.0075270 secs] [Times: user=0.04 sys=0.00, real=0.00 secs] 
2014-07-08T06:01:16.811+0000: 1940.271: [GC [PSYoungGen: 179400K->822K(175616K)] 481761K->303255K(862592K), 0.0060260 secs] [Times: user=0.04 sys=0.00, real=0.00 secs] 
2014-07-08T06:01:17.422+0000: 1940.881: [GC [PSYoungGen: 175606K->1110K(172416K)] 478039K->303615K(859392K), 0.0044340 secs] [Times: user=0.02 sys=0.00, real=0.00 secs] 
2014-07-08T06:01:17.927+0000: 1941.386: [GC [PSYoungGen: 172335K->1110K(169024K)] 474840K->303671K(856000K), 0.0053600 secs] [Times: user=0.01 sys=0.00, real=0.01 secs] 
2014-07-08T06:01:18.569+0000: 1942.028: [GC [PSYoungGen: 168949K->1170K(165824K)] 471510K->303819K(852800K), 0.0052980 secs] [Times: user=0.03 sys=0.00, real=0.01 secs] 
2014-07-08T06:01:19.075+0000: 1942.535: [GC [PSYoungGen: 165759K->878K(162304K)] 468408K->303771K(849280K), 0.0065810 secs] [Times: user=0.04 sys=0.01, real=0.01 secs] 
2014-07-08T06:01:19.705+0000: 1943.165: [GC [PSYoungGen: 162286K->1198K(159552K)] 465179K->304187K(846528K), 0.0054890 secs] [Times: user=0.03 sys=0.01, real=0.00 secs] 
2014-07-08T06:01:20.077+0000: 1943.536: [GC [PSYoungGen: 159534K->726K(156096K)] 462523K->303813K(843072K), 0.0041080 secs] [Times: user=0.02 sys=0.00, real=0.00 secs] 
2014-07-08T06:01:20.607+0000: 1944.067: [GC [PSYoungGen: 156051K->1546K(188032K)] 459138K->304729K(875008K), 0.0069920 secs] [Times: user=0.04 sys=0.00, real=0.01 secs] 
2014-07-08T06:01:21.095+0000: 1944.555: [GC [PSYoungGen: 187978K->868K(224640K)] 491161K->304197K(911616K), 0.0062020 secs] [Times: user=0.02 sys=0.00, real=0.00 secs] 
2014-07-08T06:01:21.816+0000: 1945.275: [GC [PSYoungGen: 224612K->1036K(219648K)] 527941K->304437K(906624K), 0.0035560 secs] [Times: user=0.02 sys=0.00, real=0.00 secs] 
2014-07-08T06:01:22.551+0000: 1946.011: [GC [PSYoungGen: 219596K->972K(214592K)] 522997K->304453K(901568K), 0.0071250 secs] [Times: user=0.04 sys=0.01, real=0.01 secs] 
2014-07-08T06:01:23.109+0000: 1946.569: [GC [PSYoungGen: 214495K->843K(257216K)] 517976K->304412K(944192K), 0.0076470 secs] [Times: user=0.05 sys=0.01, real=0.01 secs] 
2014-07-08T06:01:24.050+0000: 1947.510: [GC [PSYoungGen: 257163K->904K(250944K)] 560732K->304569K(937920K), 0.0049710 secs] [Times: user=0.03 sys=0.00, real=0.01 secs] 
2014-07-08T06:01:24.856+0000: 1948.315: [GC [PSYoungGen: 250888K->840K(244736K)] 554553K->304569K(931712K), 0.0050820 secs] [Times: user=0.02 sys=0.00, real=0.00 secs] 
2014-07-08T06:01:25.646+0000: 1949.106: [GC [PSYoungGen: 244669K->1093K(239104K)] 548398K->304910K(926080K), 0.0058700 secs] [Times: user=0.04 sys=0.00, real=0.01 secs] 
2014-07-08T06:01:26.360+0000: 1949.819: [GC [PSYoungGen: 239045K->1038K(233344K)] 542862K->304919K(920320K), 0.0044470 secs] [Times: user=0.02 sys=0.00, real=0.01 secs] 
2014-07-08T06:01:27.026+0000: 1950.485: [GC [PSYoungGen: 233294K->850K(227648K)] 537175K->304787K(914624K), 0.0068910 secs] [Times: user=0.04 sys=0.00, real=0.00 secs] 
2014-07-08T06:01:27.795+0000: 1951.254: [GC [PSYoungGen: 227602K->1074K(222592K)] 531539K->305115K(909568K), 0.0047330 secs] [Times: user=0.03 sys=0.00, real=0.00 secs] 
2014-07-08T06:01:28.527+0000: 1951.986: [GC [PSYoungGen: 222559K->943K(217408K)] 526600K->305032K(904384K), 0.0089550 secs] [Times: user=0.05 sys=0.01, real=0.01 secs] 
2014-07-08T06:01:29.140+0000: 1952.600: [GC [PSYoungGen: 217391K->1184K(212736K)] 521480K->305361K(899712K), 0.0082210 secs] [Times: user=0.06 sys=0.00, real=0.01 secs] 
2014-07-08T06:01:29.989+0000: 1953.448: [GC [PSYoungGen: 212688K->680K(207488K)] 516866K->305269K(894464K), 0.0083530 secs] [Times: user=0.05 sys=0.00, real=0.01 secs] 
2014-07-08T06:01:30.651+0000: 1954.110: [GC [PSYoungGen: 207462K->858K(249088K)] 512051K->305511K(936064K), 0.0087530 secs] [Times: user=0.06 sys=0.00, real=0.01 secs] 
2014-07-08T06:01:31.394+0000: 1954.854: [GC [PSYoungGen: 249050K->1266K(283712K)] 553703K->306291K(970688K), 0.0067840 secs] [Times: user=0.03 sys=0.01, real=0.00 secs] 
2014-07-08T06:01:32.255+0000: 1955.715: [GC [PSYoungGen: 283698K->1114K(276224K)] 588723K->306219K(963200K), 0.0071780 secs] [Times: user=0.04 sys=0.00, real=0.00 secs] 
2014-07-08T06:01:33.043+0000: 1956.503: [GC [PSYoungGen: 276186K->490K(268544K)] 581291K->305885K(955520K), 0.0046600 secs] [Times: user=0.03 sys=0.00, real=0.01 secs] 
2014-07-08T06:01:33.902+0000: 1957.362: [GC [PSYoungGen: 268522K->844K(262144K)] 573917K->306327K(949120K), 0.0089750 secs] [Times: user=0.05 sys=0.00, real=0.01 secs] 
2014-07-08T06:01:34.868+0000: 1958.327: [GC [PSYoungGen: 262092K->1346K(256128K)] 567575K->307073K(943104K), 0.0055430 secs] [Times: user=0.03 sys=0.00, real=0.00 secs] 
2014-07-08T06:01:35.628+0000: 1959.088: [GC [PSYoungGen: 256066K->772K(249280K)] 561793K->306571K(936256K), 0.0074860 secs] [Times: user=0.04 sys=0.00, real=0.01 secs] 
2014-07-08T06:01:36.429+0000: 1959.888: [GC [PSYoungGen: 249220K->950K(243328K)] 555019K->306789K(930304K), 0.0091420 secs] [Times: user=0.06 sys=0.00, real=0.01 secs] 
2014-07-08T06:01:37.092+0000: 1960.552: [GC [PSYoungGen: 243318K->906K(237504K)] 549157K->306793K(924480K), 0.0038550 secs] [Times: user=0.01 sys=0.01, real=0.01 secs] 
2014-07-08T06:01:37.840+0000: 1961.299: [GC [PSYoungGen: 237450K->662K(231616K)] 543337K->306589K(918592K), 0.0074620 secs] [Times: user=0.03 sys=0.01, real=0.01 secs] 
2014-07-08T06:01:38.615+0000: 1962.075: [GC [PSYoungGen: 231573K->690K(226176K)] 537500K->306681K(913152K), 0.0039070 secs] [Times: user=0.02 sys=0.01, real=0.00 secs] 
2014-07-08T06:01:39.313+0000: 1962.772: [GC [PSYoungGen: 226162K->1298K(221568K)] 532153K->307361K(908544K), 0.0070800 secs] [Times: user=0.04 sys=0.00, real=0.01 secs] 
2014-07-08T06:01:40.045+0000: 1963.504: [GC [PSYoungGen: 221522K->868K(216064K)] 527585K->307011K(903040K), 0.0056870 secs] [Times: user=0.03 sys=0.01, real=0.00 secs] 
2014-07-08T06:01:40.729+0000: 1964.188: [GC [PSYoungGen: 216036K->662K(211008K)] 522179K->306853K(897984K), 0.0051040 secs] [Times: user=0.02 sys=0.01, real=0.00 secs] 
2014-07-08T06:01:41.405+0000: 1964.864: [GC [PSYoungGen: 210966K->1182K(206848K)] 517157K->307421K(893824K), 0.0089380 secs] [Times: user=0.06 sys=0.00, real=0.01 secs] 
2014-07-08T06:01:41.968+0000: 1965.427: [GC [PSYoungGen: 206814K->800K(201920K)] 513053K->307119K(888896K), 0.0033210 secs] [Times: user=0.02 sys=0.00, real=0.00 secs] 
2014-07-08T06:01:42.667+0000: 1966.127: [GC [PSYoungGen: 201888K->840K(197632K)] 508207K->307263K(884608K), 0.0054860 secs] [Times: user=0.03 sys=0.00, real=0.00 secs] 
2014-07-08T06:01:43.205+0000: 1966.665: [GC [PSYoungGen: 197563K->1184K(193728K)] 503986K->307688K(880704K), 0.0072880 secs] [Times: user=0.04 sys=0.00, real=0.00 secs] 
2014-07-08T06:01:43.844+0000: 1967.303: [GC [PSYoungGen: 193696K->790K(189248K)] 500200K->307333K(876224K), 0.0073250 secs] [Times: user=0.02 sys=0.00, real=0.01 secs] 
2014-07-08T06:01:44.516+0000: 1967.975: [GC [PSYoungGen: 189206K->992K(185472K)] 495749K->307599K(872448K), 0.0047490 secs] [Times: user=0.02 sys=0.00, real=0.00 secs] 
2014-07-08T06:01:45.092+0000: 1968.551: [GC [PSYoungGen: 185436K->854K(181504K)] 492044K->307525K(868480K), 0.0072890 secs] [Times: user=0.03 sys=0.00, real=0.01 secs] 
2014-07-08T06:01:45.675+0000: 1969.134: [GC [PSYoungGen: 181462K->804K(177728K)] 488133K->307531K(864704K), 0.0038080 secs] [Times: user=0.01 sys=0.00, real=0.01 secs] 
2014-07-08T06:01:46.183+0000: 1969.643: [GC [PSYoungGen: 177700K->946K(174272K)] 484427K->307753K(861248K), 0.0037770 secs] [Times: user=0.02 sys=0.00, real=0.01 secs] 
2014-07-08T06:01:46.716+0000: 1970.175: [GC [PSYoungGen: 174258K->598K(170496K)] 481065K->307461K(857472K), 0.0047200 secs] [Times: user=0.02 sys=0.00, real=0.00 secs] 
2014-07-08T06:01:47.227+0000: 1970.686: [GC [PSYoungGen: 170454K->1228K(167808K)] 477317K->308163K(854784K), 0.0040760 secs] [Times: user=0.02 sys=0.00, real=0.00 secs] 
2014-07-08T06:01:47.784+0000: 1971.243: [GC [PSYoungGen: 167756K->640K(163904K)] 474691K->307655K(850880K), 0.0040540 secs] [Times: user=0.02 sys=0.00, real=0.01 secs] 
2014-07-08T06:01:48.278+0000: 1971.737: [GC [PSYoungGen: 163882K->932K(161088K)] 470898K->308027K(848064K), 0.0063070 secs] [Times: user=0.04 sys=0.01, real=0.00 secs] 
2014-07-08T06:01:48.755+0000: 1972.215: [GC [PSYoungGen: 161060K->694K(192896K)] 468155K->307877K(879872K), 0.0076360 secs] [Times: user=0.04 sys=0.01, real=0.01 secs] 
2014-07-08T06:01:49.435+0000: 1972.894: [GC [PSYoungGen: 192886K->1078K(189184K)] 500069K->308317K(876160K), 0.0048070 secs] [Times: user=0.03 sys=0.00, real=0.01 secs] 
2014-07-08T06:01:50.066+0000: 1973.525: [GC [PSYoungGen: 189174K->1024K(185280K)] 496413K->308359K(872256K), 0.0043770 secs] [Times: user=0.02 sys=0.00, real=0.01 secs] 
2014-07-08T06:01:50.639+0000: 1974.099: [GC [PSYoungGen: 185192K->562K(180992K)] 492527K->307937K(867968K), 0.0074070 secs] [Times: user=0.04 sys=0.00, real=0.01 secs] 
2014-07-08T06:01:51.127+0000: 1974.586: [GC [PSYoungGen: 180978K->964K(217536K)] 488353K->308395K(904512K), 0.0136870 secs] [Times: user=0.09 sys=0.00, real=0.01 secs] 
2014-07-08T06:01:51.860+0000: 1975.319: [GC [PSYoungGen: 217465K->708K(260608K)] 524896K->308195K(947584K), 0.0100700 secs] [Times: user=0.06 sys=0.00, real=0.01 secs] 
2014-07-08T06:01:52.665+0000: 1976.125: [GC [PSYoungGen: 260532K->726K(265408K)] 568019K->308277K(952384K), 0.0086390 secs] [Times: user=0.05 sys=0.00, real=0.01 secs] 
2014-07-08T06:01:53.541+0000: 1977.000: [GC [PSYoungGen: 265046K->1280K(265728K)] 572597K->308887K(952704K), 0.0057090 secs] [Times: user=0.02 sys=0.00, real=0.00 secs] 
2014-07-08T06:01:54.438+0000: 1977.897: [GC [PSYoungGen: 265600K->864K(318528K)] 573207K->308527K(1005504K), 0.0068280 secs] [Times: user=0.05 sys=0.00, real=0.00 secs] 
2014-07-08T06:01:55.525+0000: 1978.984: [GC [PSYoungGen: 318048K->1328K(318592K)] 625711K->309063K(1005568K), 0.0130180 secs] [Times: user=0.06 sys=0.00, real=0.02 secs] 
2014-07-08T06:01:56.437+0000: 1979.896: [GC [PSYoungGen: 318512K->1390K(382080K)] 626247K->309190K(1069056K), 0.0097890 secs] [Times: user=0.04 sys=0.01, real=0.01 secs] 
2014-07-08T06:01:57.673+0000: 1981.133: [GC [PSYoungGen: 381899K->1057K(370304K)] 689698K->308912K(1057280K), 0.0058610 secs] [Times: user=0.03 sys=0.00, real=0.01 secs] 
2014-07-08T06:01:58.770+0000: 1982.229: [GC [PSYoungGen: 370273K->612K(359040K)] 678128K->308581K(1046016K), 0.0070810 secs] [Times: user=0.04 sys=0.00, real=0.00 secs] 
2014-07-08T06:02:00.119+0000: 1983.579: [GC [PSYoungGen: 358987K->1402K(349440K)] 666956K->309427K(1036416K), 0.0044580 secs] [Times: user=0.02 sys=0.01, real=0.00 secs] 
2014-07-08T06:02:01.270+0000: 1984.729: [GC [PSYoungGen: 349433K->1114K(339200K)] 657458K->309227K(1026176K), 0.0090100 secs] [Times: user=0.06 sys=0.00, real=0.01 secs] 
2014-07-08T06:02:02.349+0000: 1985.808: [GC [PSYoungGen: 339131K->1160K(329728K)] 647244K->309345K(1016704K), 0.0051610 secs] [Times: user=0.03 sys=0.01, real=0.00 secs] 
2014-07-08T06:02:03.411+0000: 1986.871: [GC [PSYoungGen: 329671K->999K(320384K)] 637856K->309524K(1007360K), 0.0052660 secs] [Times: user=0.03 sys=0.00, real=0.00 secs] 
2014-07-08T06:02:04.532+0000: 1987.992: [GC [PSYoungGen: 320359K->808K(311360K)] 628884K->309396K(998336K), 0.0044510 secs] [Times: user=0.02 sys=0.00, real=0.00 secs] 
2014-07-08T06:02:05.582+0000: 1989.041: [GC [PSYoungGen: 311336K->1398K(303488K)] 619924K->310083K(990464K), 0.0078910 secs] [Times: user=0.05 sys=0.00, real=0.01 secs] 
2014-07-08T06:02:06.483+0000: 1989.942: [GC [PSYoungGen: 303478K->1374K(295360K)] 612163K->310162K(982336K), 0.0065330 secs] [Times: user=0.04 sys=0.01, real=0.01 secs] 
2014-07-08T06:02:07.422+0000: 1990.881: [GC [PSYoungGen: 295326K->822K(286976K)] 604114K->309876K(973952K), 0.0146990 secs] [Times: user=0.09 sys=0.00, real=0.01 secs] 
2014-07-08T06:02:08.221+0000: 1991.681: [GC [PSYoungGen: 286872K->1709K(280384K)] 595927K->310852K(967360K), 0.0058760 secs] [Times: user=0.02 sys=0.00, real=0.00 secs] 
2014-07-08T06:02:09.056+0000: 1992.515: [GC [PSYoungGen: 280365K->928K(272384K)] 589508K->310425K(959360K), 0.0047960 secs] [Times: user=0.03 sys=0.00, real=0.01 secs] 
2014-07-08T06:02:09.997+0000: 1993.456: [GC [PSYoungGen: 272352K->846K(265408K)] 581849K->310390K(952384K), 0.0054950 secs] [Times: user=0.02 sys=0.00, real=0.01 secs] 
2014-07-08T06:02:10.881+0000: 1994.341: [GC [PSYoungGen: 265358K->626K(258496K)] 574902K->310226K(945472K), 0.0071470 secs] [Times: user=0.04 sys=0.00, real=0.00 secs] 
2014-07-08T06:02:11.682+0000: 1995.141: [GC [PSYoungGen: 258482K->722K(252224K)] 568082K->310402K(939200K), 0.0049380 secs] [Times: user=0.02 sys=0.00, real=0.00 secs] 
2014-07-08T06:02:12.566+0000: 1996.025: [GC [PSYoungGen: 252138K->1480K(246784K)] 561818K->311233K(933760K), 0.0052520 secs] [Times: user=0.02 sys=0.00, real=0.01 secs] 
2014-07-08T06:02:13.192+0000: 1996.651: [GC [PSYoungGen: 246728K->1082K(240384K)] 556481K->310922K(927360K), 0.0092800 secs] [Times: user=0.05 sys=0.00, real=0.01 secs] 
2014-07-08T06:02:13.949+0000: 1997.408: [GC [PSYoungGen: 240378K->886K(234432K)] 550218K->310782K(921408K), 0.0084470 secs] [Times: user=0.05 sys=0.01, real=0.01 secs] 
2014-07-08T06:02:14.747+0000: 1998.207: [GC [PSYoungGen: 234422K->740K(228800K)] 544318K->310692K(915776K), 0.0045770 secs] [Times: user=0.02 sys=0.00, real=0.01 secs] 
2014-07-08T06:02:15.619+0000: 1999.078: [GC [PSYoungGen: 228772K->1206K(223936K)] 538724K->311231K(910912K), 0.0069730 secs] [Times: user=0.04 sys=0.00, real=0.01 secs] 
2014-07-08T06:02:16.151+0000: 1999.610: [GC [PSYoungGen: 223909K->1234K(218880K)] 533933K->311323K(905856K), 0.0066650 secs] [Times: user=0.05 sys=0.00, real=0.00 secs] 
2014-07-08T06:02:16.841+0000: 2000.301: [GC [PSYoungGen: 218833K->764K(213440K)] 528922K->310917K(900416K), 0.0069790 secs] [Times: user=0.04 sys=0.00, real=0.00 secs] 
2014-07-08T06:02:17.543+0000: 2001.002: [GC [PSYoungGen: 213436K->876K(256128K)] 523589K->311084K(943104K), 0.0117740 secs] [Times: user=0.07 sys=0.01, real=0.01 secs] 
2014-07-08T06:02:18.259+0000: 2001.718: [GC [PSYoungGen: 256108K->1220K(250176K)] 566316K->311485K(937152K), 0.0045320 secs] [Times: user=0.02 sys=0.00, real=0.01 secs] 
2014-07-08T06:02:19.122+0000: 2002.581: [GC [PSYoungGen: 250116K->1064K(243904K)] 560381K->311416K(930880K), 0.0063700 secs] [Times: user=0.04 sys=0.00, real=0.00 secs] 
2014-07-08T06:02:19.868+0000: 2003.328: [GC [PSYoungGen: 243880K->722K(237696K)] 554232K->311162K(924672K), 0.0085860 secs] [Times: user=0.06 sys=0.00, real=0.01 secs] 
2014-07-08T06:02:20.787+0000: 2004.247: [GC [PSYoungGen: 237646K->1277K(232576K)] 548087K->311798K(919552K), 0.0078760 secs] [Times: user=0.05 sys=0.00, real=0.01 secs] 
2014-07-08T06:02:21.481+0000: 2004.940: [GC [PSYoungGen: 232573K->1096K(227008K)] 543094K->311688K(913984K), 0.0042650 secs] [Times: user=0.02 sys=0.00, real=0.00 secs] 
2014-07-08T06:02:22.121+0000: 2005.581: [GC [PSYoungGen: 226951K->1388K(222016K)] 537544K->312060K(908992K), 0.0091100 secs] [Times: user=0.05 sys=0.00, real=0.00 secs] 
2014-07-08T06:02:22.839+0000: 2006.298: [GC [PSYoungGen: 221996K->576K(216128K)] 532668K->311312K(903104K), 0.0048720 secs] [Times: user=0.02 sys=0.00, real=0.01 secs] 
2014-07-08T06:02:23.621+0000: 2007.081: [GC [PSYoungGen: 216078K->1185K(211904K)] 526814K->312002K(898880K), 0.0060210 secs] [Times: user=0.04 sys=0.01, real=0.00 secs] 
2014-07-08T06:02:24.224+0000: 2007.683: [GC [PSYoungGen: 211873K->968K(206976K)] 522690K->311824K(893952K), 0.0048190 secs] [Times: user=0.03 sys=0.00, real=0.00 secs] 
2014-07-08T06:02:24.851+0000: 2008.311: [GC [PSYoungGen: 206920K->908K(202368K)] 517776K->311804K(889344K), 0.0088560 secs] [Times: user=0.04 sys=0.00, real=0.00 secs] 
2014-07-08T06:02:25.661+0000: 2009.120: [GC [PSYoungGen: 202304K->1224K(198272K)] 513200K->312176K(885248K), 0.0051000 secs] [Times: user=0.02 sys=0.00, real=0.01 secs] 
2014-07-08T06:02:26.159+0000: 2009.618: [GC [PSYoungGen: 198216K->1228K(237696K)] 509168K->312252K(924672K), 0.0084850 secs] [Times: user=0.05 sys=0.00, real=0.01 secs] 
2014-07-08T06:02:26.923+0000: 2010.383: [GC [PSYoungGen: 237644K->772K(231616K)] 548668K->311868K(918592K), 0.0050470 secs] [Times: user=0.03 sys=0.00, real=0.00 secs] 
2014-07-08T06:02:27.667+0000: 2011.127: [GC [PSYoungGen: 231556K->960K(226368K)] 542652K->312121K(913344K), 0.0050890 secs] [Times: user=0.03 sys=0.00, real=0.01 secs] 
2014-07-08T06:02:28.321+0000: 2011.781: [GC [PSYoungGen: 226277K->1271K(221376K)] 537438K->312487K(908352K), 0.0075980 secs] [Times: user=0.05 sys=0.01, real=0.01 secs] 
2014-07-08T06:02:29.108+0000: 2012.568: [GC [PSYoungGen: 221337K->872K(215936K)] 532554K->312168K(902912K), 0.0065510 secs] [Times: user=0.04 sys=0.00, real=0.01 secs] 
2014-07-08T06:02:29.854+0000: 2013.313: [GC [PSYoungGen: 215912K->790K(211008K)] 527208K->312150K(897984K), 0.0095340 secs] [Times: user=0.06 sys=0.00, real=0.01 secs] 
2014-07-08T06:02:30.682+0000: 2014.141: [GC [PSYoungGen: 210966K->1064K(206592K)] 522326K->312488K(893568K), 0.0078120 secs] [Times: user=0.04 sys=0.00, real=0.01 secs] 
2014-07-08T06:02:31.182+0000: 2014.641: [GC [PSYoungGen: 206538K->1078K(247744K)] 517963K->312582K(934720K), 0.0073060 secs] [Times: user=0.05 sys=0.00, real=0.01 secs] 
2014-07-08T06:02:31.947+0000: 2015.406: [GC [PSYoungGen: 247734K->922K(296960K)] 559238K->312506K(983936K), 0.0068110 secs] [Times: user=0.04 sys=0.00, real=0.01 secs] 
2014-07-08T06:02:32.907+0000: 2016.367: [GC [PSYoungGen: 296921K->818K(288960K)] 608506K->312435K(975936K), 0.0051270 secs] [Times: user=0.02 sys=0.00, real=0.00 secs] 
2014-07-08T06:02:33.965+0000: 2017.424: [GC [PSYoungGen: 288912K->1104K(281728K)] 600529K->312800K(968704K), 0.0037060 secs] [Times: user=0.02 sys=0.00, real=0.00 secs] 
2014-07-08T06:02:34.822+0000: 2018.282: [GC [PSYoungGen: 281679K->822K(274112K)] 593376K->312598K(961088K), 0.0062530 secs] [Times: user=0.04 sys=0.00, real=0.01 secs] 
2014-07-08T06:02:35.650+0000: 2019.109: [GC [PSYoungGen: 274102K->644K(267008K)] 585878K->312492K(953984K), 0.0089340 secs] [Times: user=0.06 sys=0.00, real=0.01 secs] 
2014-07-08T06:02:36.536+0000: 2019.995: [GC [PSYoungGen: 266935K->1156K(260800K)] 578784K->313045K(947776K), 0.0097200 secs] [Times: user=0.05 sys=0.00, real=0.01 secs] 
2014-07-08T06:02:37.321+0000: 2020.780: [GC [PSYoungGen: 260740K->1246K(254400K)] 572629K->313222K(941376K), 0.0060910 secs] [Times: user=0.04 sys=0.00, real=0.01 secs] 
2014-07-08T06:02:38.025+0000: 2021.484: [GC [PSYoungGen: 254348K->634K(247552K)] 566325K->312900K(934528K), 0.0064600 secs] [Times: user=0.04 sys=0.00, real=0.00 secs] 
2014-07-08T06:02:38.965+0000: 2022.425: [GC [PSYoungGen: 247546K->1018K(241920K)] 559812K->313340K(928896K), 0.0069700 secs] [Times: user=0.04 sys=0.00, real=0.00 secs] 
2014-07-08T06:02:39.793+0000: 2023.252: [GC [PSYoungGen: 241914K->946K(236096K)] 554236K->313407K(923072K), 0.0042620 secs] [Times: user=0.02 sys=0.00, real=0.01 secs] 
2014-07-08T06:02:40.741+0000: 2024.200: [GC [PSYoungGen: 236082K->1422K(231040K)] 548543K->313963K(918016K), 0.0042210 secs] [Times: user=0.02 sys=0.00, real=0.01 secs] 
2014-07-08T06:02:41.350+0000: 2024.809: [GC [PSYoungGen: 230990K->565K(224768K)] 543531K->313481K(911744K), 0.0042800 secs] [Times: user=0.02 sys=0.00, real=0.01 secs] 
2014-07-08T06:02:41.995+0000: 2025.454: [GC [PSYoungGen: 224757K->1064K(220096K)] 537673K->314052K(907072K), 0.0063020 secs] [Times: user=0.03 sys=0.00, real=0.00 secs] 
2014-07-08T06:02:42.743+0000: 2026.202: [GC [PSYoungGen: 220072K->914K(214976K)] 533060K->314098K(901952K), 0.0079660 secs] [Times: user=0.05 sys=0.00, real=0.01 secs] 
2014-07-08T06:02:43.438+0000: 2026.897: [GC [PSYoungGen: 214930K->1455K(210688K)] 528114K->314751K(897664K), 0.0075310 secs] [Times: user=0.05 sys=0.00, real=0.01 secs] 
2014-07-08T06:02:44.187+0000: 2027.646: [GC [PSYoungGen: 210629K->551K(205120K)] 523925K->314209K(892096K), 0.0072740 secs] [Times: user=0.05 sys=0.00, real=0.00 secs] 
2014-07-08T06:02:44.802+0000: 2028.261: [GC [PSYoungGen: 205095K->744K(246272K)] 518753K->314450K(933248K), 0.0098840 secs] [Times: user=0.04 sys=0.00, real=0.01 secs] 
2014-07-08T06:02:45.620+0000: 2029.080: [GC [PSYoungGen: 246247K->1028K(295744K)] 559953K->314914K(982720K), 0.0082860 secs] [Times: user=0.06 sys=0.00, real=0.01 secs] 
2014-07-08T06:02:46.610+0000: 2030.069: [GC [PSYoungGen: 295684K->626K(287488K)] 609570K->314584K(974464K), 0.0062170 secs] [Times: user=0.03 sys=0.00, real=0.01 secs] 
2014-07-08T06:02:47.496+0000: 2030.955: [GC [PSYoungGen: 287474K->1398K(280704K)] 601432K->315420K(967680K), 0.0066070 secs] [Times: user=0.04 sys=0.00, real=0.00 secs] 
2014-07-08T06:02:48.295+0000: 2031.755: [GC [PSYoungGen: 280694K->1028K(273152K)] 594716K->315122K(960128K), 0.0043070 secs] [Times: user=0.02 sys=0.01, real=0.00 secs] 
2014-07-08T06:02:49.079+0000: 2032.538: [GC [PSYoungGen: 273092K->744K(265856K)] 587186K->314878K(952832K), 0.0059010 secs] [Times: user=0.03 sys=0.00, real=0.00 secs] 
2014-07-08T06:02:49.983+0000: 2033.443: [GC [PSYoungGen: 265832K->822K(259200K)] 579966K->315020K(946176K), 0.0068790 secs] [Times: user=0.05 sys=0.01, real=0.01 secs] 
2014-07-08T06:02:50.861+0000: 2034.321: [GC [PSYoungGen: 259179K->1391K(253312K)] 573377K->315662K(940288K), 0.0112490 secs] [Times: user=0.06 sys=0.00, real=0.01 secs] 
2014-07-08T06:02:51.622+0000: 2035.082: [GC [PSYoungGen: 253281K->516K(246272K)] 567552K->314834K(933248K), 0.0068260 secs] [Times: user=0.04 sys=0.00, real=0.01 secs] 
2014-07-08T06:02:52.414+0000: 2035.874: [GC [PSYoungGen: 246190K->1164K(240960K)] 560508K->315562K(927936K), 0.0055440 secs] [Times: user=0.03 sys=0.00, real=0.01 secs] 
2014-07-08T06:02:53.083+0000: 2036.542: [GC [PSYoungGen: 240908K->690K(234688K)] 555306K->315152K(921664K), 0.0043230 secs] [Times: user=0.02 sys=0.00, real=0.01 secs] 
2014-07-08T06:02:53.817+0000: 2037.276: [GC [PSYoungGen: 234671K->1098K(229632K)] 549134K->315665K(916608K), 0.0039270 secs] [Times: user=0.02 sys=0.00, real=0.00 secs] 
2014-07-08T06:02:54.674+0000: 2038.133: [GC [PSYoungGen: 229578K->1199K(224384K)] 544145K->315861K(911360K), 0.0094060 secs] [Times: user=0.07 sys=0.00, real=0.01 secs] 
2014-07-08T06:02:55.362+0000: 2038.821: [GC [PSYoungGen: 224367K->968K(219072K)] 539029K->315718K(906048K), 0.0068040 secs] [Times: user=0.05 sys=0.00, real=0.01 secs] 
2014-07-08T06:02:56.052+0000: 2039.512: [GC [PSYoungGen: 219013K->1028K(214144K)] 533763K->315882K(901120K), 0.0068320 secs] [Times: user=0.05 sys=0.00, real=0.01 secs] 
2014-07-08T06:02:56.756+0000: 2040.216: [GC [PSYoungGen: 214082K->598K(208896K)] 528937K->315492K(895872K), 0.0042850 secs] [Times: user=0.02 sys=0.00, real=0.00 secs] 
2014-07-08T06:02:57.397+0000: 2040.856: [GC [PSYoungGen: 208854K->996K(204672K)] 523748K->315962K(891648K), 0.0064390 secs] [Times: user=0.04 sys=0.00, real=0.00 secs] 
2014-07-08T06:02:57.928+0000: 2041.387: [GC [PSYoungGen: 204644K->872K(200064K)] 519610K->315942K(887040K), 0.0075420 secs] [Times: user=0.04 sys=0.01, real=0.00 secs] 
2014-07-08T06:02:58.708+0000: 2042.168: [GC [PSYoungGen: 200040K->1234K(196160K)] 515110K->316369K(883136K), 0.0081120 secs] [Times: user=0.05 sys=0.00, real=0.00 secs] 
2014-07-08T06:02:59.254+0000: 2042.713: [GC [PSYoungGen: 196098K->954K(234816K)] 511232K->316176K(921792K), 0.0088410 secs] [Times: user=0.05 sys=0.00, real=0.01 secs] 
2014-07-08T06:03:00.071+0000: 2043.531: [GC [PSYoungGen: 234810K->808K(281472K)] 550032K->316094K(968448K), 0.0074460 secs] [Times: user=0.05 sys=0.00, real=0.01 secs] 
2014-07-08T06:03:01.038+0000: 2044.498: [GC [PSYoungGen: 281448K->926K(333952K)] 596734K->316252K(1020928K), 0.0118270 secs] [Times: user=0.06 sys=0.00, real=0.01 secs] 
2014-07-08T06:03:02.016+0000: 2045.475: [GC [PSYoungGen: 333534K->1160K(334080K)] 648860K->316550K(1021056K), 0.0070810 secs] [Times: user=0.03 sys=0.00, real=0.01 secs] 
2014-07-08T06:03:03.112+0000: 2046.572: [GC [PSYoungGen: 333768K->744K(324032K)] 649158K->316190K(1011008K), 0.0038630 secs] [Times: user=0.02 sys=0.00, real=0.00 secs] 
2014-07-08T06:03:04.069+0000: 2047.529: [GC [PSYoungGen: 323969K->726K(315072K)] 639415K->316244K(1002048K), 0.0075360 secs] [Times: user=0.05 sys=0.00, real=0.00 secs] 
2014-07-08T06:03:05.076+0000: 2048.535: [GC [PSYoungGen: 315030K->794K(306560K)] 630548K->316368K(993536K), 0.0041720 secs] [Times: user=0.02 sys=0.00, real=0.01 secs] 
2014-07-08T06:03:06.160+0000: 2049.620: [GC [PSYoungGen: 306444K->1341K(298816K)] 622018K->316995K(985792K), 0.0098220 secs] [Times: user=0.06 sys=0.00, real=0.01 secs] 
2014-07-08T06:03:07.081+0000: 2050.540: [GC [PSYoungGen: 298796K->800K(290368K)] 614451K->316646K(977344K), 0.0084590 secs] [Times: user=0.06 sys=0.00, real=0.01 secs] 
2014-07-08T06:03:07.965+0000: 2051.424: [GC [PSYoungGen: 290336K->926K(282880K)] 606182K->316836K(969856K), 0.0041870 secs] [Times: user=0.02 sys=0.00, real=0.01 secs] 
2014-07-08T06:03:08.899+0000: 2052.359: [GC [PSYoungGen: 282836K->882K(275456K)] 598747K->316964K(962432K), 0.0072410 secs] [Times: user=0.05 sys=0.00, real=0.00 secs] 
2014-07-08T06:03:09.721+0000: 2053.180: [GC [PSYoungGen: 275442K->764K(268288K)] 591524K->316918K(955264K), 0.0107330 secs] [Times: user=0.07 sys=0.01, real=0.01 secs] 
2014-07-08T06:03:10.640+0000: 2054.099: [GC [PSYoungGen: 268241K->1195K(261952K)] 584395K->317525K(948928K), 0.0064020 secs] [Times: user=0.04 sys=0.01, real=0.00 secs] 
2014-07-08T06:03:11.487+0000: 2054.946: [GC [PSYoungGen: 261931K->544K(254784K)] 578261K->316946K(941760K), 0.0069130 secs] [Times: user=0.04 sys=0.01, real=0.01 secs] 
2014-07-08T06:03:12.196+0000: 2055.655: [GC [PSYoungGen: 254752K->1188K(249152K)] 571154K->317662K(936128K), 0.0064110 secs] [Times: user=0.04 sys=0.00, real=0.01 secs] 
2014-07-08T06:03:12.984+0000: 2056.443: [GC [PSYoungGen: 249124K->676K(242624K)] 565598K->317230K(929600K), 0.0111250 secs] [Times: user=0.07 sys=0.01, real=0.01 secs] 
2014-07-08T06:03:13.754+0000: 2057.214: [GC [PSYoungGen: 242596K->928K(237056K)] 559150K->317578K(924032K), 0.0088220 secs] [Times: user=0.05 sys=0.00, real=0.01 secs] 
2014-07-08T06:03:14.583+0000: 2058.043: [GC [PSYoungGen: 237024K->1280K(284672K)] 553674K->318002K(971648K), 0.0150940 secs] [Times: user=0.10 sys=0.00, real=0.01 secs] 
2014-07-08T06:03:15.553+0000: 2059.012: [GC [PSYoungGen: 284575K->818K(340864K)] 601297K->318086K(1027840K), 0.0119500 secs] [Times: user=0.08 sys=0.01, real=0.01 secs] 
2014-07-08T06:03:16.670+0000: 2060.129: [GC [PSYoungGen: 340850K->1022K(391872K)] 658118K->318354K(1078848K), 0.0066090 secs] [Times: user=0.04 sys=0.00, real=0.00 secs] 
2014-07-08T06:03:17.832+0000: 2061.291: [GC [PSYoungGen: 391230K->822K(379328K)] 708562K->318520K(1066304K), 0.0044410 secs] [Times: user=0.02 sys=0.00, real=0.00 secs] 
2014-07-08T06:03:18.920+0000: 2062.380: [GC [PSYoungGen: 379282K->726K(368064K)] 696980K->318496K(1055040K), 0.0088280 secs] [Times: user=0.05 sys=0.00, real=0.00 secs] 
2014-07-08T06:03:20.024+0000: 2063.484: [GC [PSYoungGen: 367989K->1174K(357760K)] 685760K->319024K(1044736K), 0.0054130 secs] [Times: user=0.03 sys=0.00, real=0.00 secs] 
2014-07-08T06:03:21.387+0000: 2064.846: [GC [PSYoungGen: 357670K->1326K(347584K)] 675520K->319280K(1034560K), 0.0106950 secs] [Times: user=0.06 sys=0.00, real=0.01 secs] 
2014-07-08T06:03:22.467+0000: 2065.926: [GC [PSYoungGen: 347566K->698K(337024K)] 665520K->319132K(1024000K), 0.0086770 secs] [Times: user=0.03 sys=0.00, real=0.01 secs] 
2014-07-08T06:03:23.591+0000: 2067.051: [GC [PSYoungGen: 336992K->1654K(328512K)] 655427K->320144K(1015488K), 0.0047360 secs] [Times: user=0.02 sys=0.00, real=0.00 secs] 
2014-07-08T06:03:24.624+0000: 2068.083: [GC [PSYoungGen: 328466K->996K(318784K)] 646956K->319725K(1005760K), 0.0041320 secs] [Times: user=0.02 sys=0.00, real=0.00 secs] 
2014-07-08T06:03:25.761+0000: 2069.220: [GC [PSYoungGen: 318756K->1238K(310272K)] 637485K->320063K(997248K), 0.0057620 secs] [Times: user=0.04 sys=0.00, real=0.01 secs] 
2014-07-08T06:03:26.762+0000: 2070.221: [GC [PSYoungGen: 310216K->776K(301440K)] 629040K->319672K(988416K), 0.0073690 secs] [Times: user=0.05 sys=0.01, real=0.00 secs] 
2014-07-08T06:03:27.662+0000: 2071.122: [GC [PSYoungGen: 301384K->1244K(293824K)] 620280K->320205K(980800K), 0.0053130 secs] [Times: user=0.01 sys=0.00, real=0.00 secs] 
2014-07-08T06:03:28.612+0000: 2072.071: [GC [PSYoungGen: 293757K->1287K(286144K)] 612717K->320344K(973120K), 0.0056350 secs] [Times: user=0.03 sys=0.00, real=0.00 secs] 
2014-07-08T06:03:29.480+0000: 2072.940: [GC [PSYoungGen: 286084K->1000K(278400K)] 605141K->320128K(965376K), 0.0038070 secs] [Times: user=0.01 sys=0.01, real=0.01 secs] 
2014-07-08T06:03:30.254+0000: 2073.714: [GC [PSYoungGen: 278376K->1124K(271360K)] 597504K->320300K(958336K), 0.0062300 secs] [Times: user=0.02 sys=0.01, real=0.00 secs] 
2014-07-08T06:03:31.467+0000: 2074.926: [GC [PSYoungGen: 271260K->1625K(264960K)] 590437K->320890K(951936K), 0.0140350 secs] [Times: user=0.10 sys=0.00, real=0.01 secs] 
2014-07-08T06:03:32.222+0000: 2075.681: [GC [PSYoungGen: 264884K->566K(257280K)] 584149K->320172K(944256K), 0.0064200 secs] [Times: user=0.03 sys=0.00, real=0.00 secs] 
2014-07-08T06:03:33.054+0000: 2076.513: [GC [PSYoungGen: 257270K->1100K(251456K)] 576876K->320802K(938432K), 0.0073710 secs] [Times: user=0.04 sys=0.00, real=0.00 secs] 
2014-07-08T06:03:33.828+0000: 2077.287: [GC [PSYoungGen: 251404K->1006K(245184K)] 571106K->321031K(932160K), 0.0040140 secs] [Times: user=0.02 sys=0.00, real=0.01 secs] 
2014-07-08T06:03:34.712+0000: 2078.171: [GC [PSYoungGen: 245166K->1202K(239488K)] 565191K->321347K(926464K), 0.0069800 secs] [Times: user=0.04 sys=0.00, real=0.01 secs] 
2014-07-08T06:03:35.556+0000: 2079.015: [GC [PSYoungGen: 239474K->1209K(233792K)] 559619K->321441K(920768K), 0.0074720 secs] [Times: user=0.04 sys=0.00, real=0.01 secs] 
2014-07-08T06:03:36.303+0000: 2079.763: [GC [PSYoungGen: 233785K->1448K(228544K)] 554017K->321729K(915520K), 0.0080560 secs] [Times: user=0.04 sys=0.00, real=0.00 secs] 
2014-07-08T06:03:37.022+0000: 2080.481: [GC [PSYoungGen: 228520K->694K(222464K)] 548801K->321133K(909440K), 0.0050170 secs] [Times: user=0.02 sys=0.00, real=0.01 secs] 
2014-07-08T06:03:37.769+0000: 2081.228: [GC [PSYoungGen: 222454K->786K(217472K)] 542893K->321297K(904448K), 0.0067030 secs] [Times: user=0.04 sys=0.00, real=0.01 secs] 
2014-07-08T06:03:38.454+0000: 2081.913: [GC [PSYoungGen: 217424K->1348K(261376K)] 537936K->321924K(948352K), 0.0113110 secs] [Times: user=0.07 sys=0.00, real=0.01 secs] 
2014-07-08T06:03:39.169+0000: 2082.628: [GC [PSYoungGen: 261316K->740K(312768K)] 581892K->321355K(999744K), 0.0093990 secs] [Times: user=0.05 sys=0.00, real=0.01 secs] 
2014-07-08T06:03:40.071+0000: 2083.530: [GC [PSYoungGen: 312740K->1000K(304512K)] 633355K->321704K(991488K), 0.0050590 secs] [Times: user=0.04 sys=0.00, real=0.01 secs] 
2014-07-08T06:03:41.227+0000: 2084.687: [GC [PSYoungGen: 304471K->868K(296192K)] 625175K->321627K(983168K), 0.0100640 secs] [Times: user=0.06 sys=0.00, real=0.01 secs] 
2014-07-08T06:03:42.117+0000: 2085.576: [GC [PSYoungGen: 296162K->904K(288384K)] 616922K->321728K(975360K), 0.0074060 secs] [Times: user=0.05 sys=0.00, real=0.01 secs] 
2014-07-08T06:03:42.999+0000: 2086.459: [GC [PSYoungGen: 288328K->708K(280640K)] 609152K->321595K(967616K), 0.0070860 secs] [Times: user=0.04 sys=0.00, real=0.01 secs] 
2014-07-08T06:03:43.884+0000: 2087.344: [GC [PSYoungGen: 280580K->676K(273344K)] 601467K->321627K(960320K), 0.0114420 secs] [Times: user=0.07 sys=0.00, real=0.01 secs] 
2014-07-08T06:03:44.798+0000: 2088.257: [GC [PSYoungGen: 273291K->776K(266496K)] 594243K->321784K(953472K), 0.0036570 secs] [Times: user=0.02 sys=0.00, real=0.00 secs] 
2014-07-08T06:03:45.689+0000: 2089.149: [GC [PSYoungGen: 266431K->936K(259904K)] 587439K->321992K(946880K), 0.0080400 secs] [Times: user=0.04 sys=0.00, real=0.01 secs] 
2014-07-08T06:03:46.663+0000: 2090.122: [GC [PSYoungGen: 259870K->1216K(253760K)] 580926K->322328K(940736K), 0.0094930 secs] [Times: user=0.06 sys=0.00, real=0.01 secs] 
2014-07-08T06:03:47.363+0000: 2090.823: [GC [PSYoungGen: 253696K->882K(247168K)] 574808K->322058K(934144K), 0.0065950 secs] [Times: user=0.04 sys=0.01, real=0.01 secs] 
2014-07-08T06:03:48.099+0000: 2091.558: [GC [PSYoungGen: 247154K->776K(241088K)] 568330K->322024K(928064K), 0.0085510 secs] [Times: user=0.05 sys=0.00, real=0.01 secs] 
2014-07-08T06:03:48.882+0000: 2092.341: [GC [PSYoungGen: 241032K->1036K(235584K)] 562280K->322372K(922560K), 0.0062160 secs] [Times: user=0.05 sys=0.00, real=0.01 secs] 
2014-07-08T06:03:49.651+0000: 2093.110: [GC [PSYoungGen: 235532K->694K(229632K)] 556868K->322102K(916608K), 0.0038330 secs] [Times: user=0.02 sys=0.00, real=0.01 secs] 
2014-07-08T06:03:50.312+0000: 2093.772: [GC [PSYoungGen: 229622K->1182K(224768K)] 551030K->322654K(911744K), 0.0077240 secs] [Times: user=0.05 sys=0.00, real=0.01 secs] 
2014-07-08T06:03:51.115+0000: 2094.575: [GC [PSYoungGen: 224708K->1121K(219520K)] 546180K->322649K(906496K), 0.0047600 secs] [Times: user=0.02 sys=0.01, real=0.00 secs] 
2014-07-08T06:03:51.867+0000: 2095.326: [GC [PSYoungGen: 219489K->736K(214144K)] 541017K->322393K(901120K), 0.0045380 secs] [Times: user=0.03 sys=0.00, real=0.00 secs] 
2014-07-08T06:03:52.615+0000: 2096.074: [GC [PSYoungGen: 214112K->1120K(209728K)] 535769K->322858K(896704K), 0.0066390 secs] [Times: user=0.04 sys=0.01, real=0.00 secs] 
2014-07-08T06:03:53.152+0000: 2096.611: [GC [PSYoungGen: 209696K->886K(204864K)] 531434K->322712K(891840K), 0.0066250 secs] [Times: user=0.05 sys=0.00, real=0.01 secs] 
2014-07-08T06:03:53.817+0000: 2097.276: [GC [PSYoungGen: 204819K->1068K(200576K)] 526645K->322982K(887552K), 0.0046410 secs] [Times: user=0.03 sys=0.00, real=0.00 secs] 
2014-07-08T06:03:54.447+0000: 2097.906: [GC [PSYoungGen: 200556K->1014K(240448K)] 522470K->323080K(927424K), 0.0102850 secs] [Times: user=0.06 sys=0.00, real=0.01 secs] 
2014-07-08T06:03:55.111+0000: 2098.571: [GC [PSYoungGen: 240438K->1028K(234752K)] 562504K->323198K(921728K), 0.0036770 secs] [Times: user=0.02 sys=0.00, real=0.01 secs] 
2014-07-08T06:03:55.980+0000: 2099.440: [GC [PSYoungGen: 234692K->972K(229184K)] 556862K->323230K(916160K), 0.0083930 secs] [Times: user=0.05 sys=0.00, real=0.01 secs] 
2014-07-08T06:03:56.793+0000: 2100.253: [GC [PSYoungGen: 229132K->1054K(223936K)] 551390K->323376K(910912K), 0.0059790 secs] [Times: user=0.04 sys=0.01, real=0.01 secs] 
2014-07-08T06:03:57.505+0000: 2100.965: [GC [PSYoungGen: 223868K->750K(218496K)] 546190K->323460K(905472K), 0.0080560 secs] [Times: user=0.05 sys=0.00, real=0.01 secs] 
2014-07-08T06:03:58.090+0000: 2101.550: [GC [PSYoungGen: 218472K->1154K(262528K)] 541182K->323928K(949504K), 0.0078140 secs] [Times: user=0.06 sys=0.00, real=0.01 secs] 
2014-07-08T06:03:58.930+0000: 2102.389: [GC [PSYoungGen: 262465K->878K(255680K)] 585239K->323872K(942656K), 0.0079370 secs] [Times: user=0.04 sys=0.00, real=0.01 secs] 
2014-07-08T06:03:59.774+0000: 2103.233: [GC [PSYoungGen: 255661K->896K(249408K)] 578655K->323954K(936384K), 0.0049310 secs] [Times: user=0.02 sys=0.01, real=0.01 secs] 
2014-07-08T06:04:00.622+0000: 2104.082: [GC [PSYoungGen: 249408K->1000K(243456K)] 572466K->324130K(930432K), 0.0109190 secs] [Times: user=0.06 sys=0.00, real=0.01 secs] 
2014-07-08T06:04:01.530+0000: 2104.990: [GC [PSYoungGen: 243431K->1401K(238016K)] 566561K->324972K(924992K), 0.0066240 secs] [Times: user=0.04 sys=0.00, real=0.01 secs] 
2014-07-08T06:04:02.311+0000: 2105.770: [GC [PSYoungGen: 238009K->426K(284416K)] 561580K->324776K(971392K), 0.0109480 secs] [Times: user=0.06 sys=0.01, real=0.01 secs] 
2014-07-08T06:04:03.205+0000: 2106.665: [GC [PSYoungGen: 284394K->914K(277504K)] 608744K->325311K(964480K), 0.0050200 secs] [Times: user=0.02 sys=0.00, real=0.01 secs] 
2014-07-08T06:04:04.114+0000: 2107.574: [GC [PSYoungGen: 277458K->1004K(270464K)] 601855K->325627K(957440K), 0.0059780 secs] [Times: user=0.04 sys=0.01, real=0.01 secs] 
2014-07-08T06:04:05.007+0000: 2108.467: [GC [PSYoungGen: 270444K->914K(263552K)] 595067K->325602K(950528K), 0.0066470 secs] [Times: user=0.04 sys=0.00, real=0.00 secs] 
2014-07-08T06:04:05.865+0000: 2109.324: [GC [PSYoungGen: 263491K->676K(256704K)] 588179K->325459K(943680K), 0.0035800 secs] [Times: user=0.01 sys=0.00, real=0.01 secs] 
2014-07-08T06:04:06.748+0000: 2110.207: [GC [PSYoungGen: 256643K->1022K(250688K)] 581426K->325917K(937664K), 0.0082940 secs] [Times: user=0.06 sys=0.00, real=0.00 secs] 
2014-07-08T06:04:07.641+0000: 2111.101: [GC [PSYoungGen: 250686K->1174K(244800K)] 575581K->326157K(931776K), 0.0057270 secs] [Times: user=0.04 sys=0.00, real=0.01 secs] 
2014-07-08T06:04:08.305+0000: 2111.764: [GC [PSYoungGen: 244757K->1060K(238784K)] 569741K->326091K(925760K), 0.0049260 secs] [Times: user=0.03 sys=0.00, real=0.01 secs] 
2014-07-08T06:04:08.963+0000: 2112.422: [GC [PSYoungGen: 238756K->810K(232832K)] 563787K->326020K(919808K), 0.0066580 secs] [Times: user=0.03 sys=0.01, real=0.01 secs] 
2014-07-08T06:04:09.795+0000: 2113.254: [GC [PSYoungGen: 232798K->940K(227520K)] 558008K->326213K(914496K), 0.0071100 secs] [Times: user=0.04 sys=0.00, real=0.01 secs] 
2014-07-08T06:04:10.564+0000: 2114.023: [GC [PSYoungGen: 227500K->1178K(222528K)] 552773K->326532K(909504K), 0.0055650 secs] [Times: user=0.03 sys=0.01, real=0.01 secs] 
2014-07-08T06:04:11.102+0000: 2114.561: [GC [PSYoungGen: 222486K->1086K(217344K)] 547840K->326511K(904320K), 0.0068400 secs] [Times: user=0.02 sys=0.00, real=0.01 secs] 
2014-07-08T06:04:11.997+0000: 2115.456: [GC [PSYoungGen: 217342K->683K(212032K)] 542767K->326446K(899008K), 0.0041400 secs] [Times: user=0.02 sys=0.00, real=0.01 secs] 
2014-07-08T06:04:12.675+0000: 2116.135: [GC [PSYoungGen: 212010K->929K(207552K)] 537774K->326773K(894528K), 0.0072620 secs] [Times: user=0.04 sys=0.00, real=0.01 secs] 
2014-07-08T06:04:13.218+0000: 2116.678: [GC [PSYoungGen: 207521K->1188K(203264K)] 533365K->327252K(890240K), 0.0078940 secs] [Times: user=0.04 sys=0.01, real=0.00 secs] 
2014-07-08T06:04:13.833+0000: 2117.292: [GC [PSYoungGen: 203236K->762K(198400K)] 529300K->326889K(885376K), 0.0062500 secs] [Times: user=0.04 sys=0.00, real=0.01 secs] 
2014-07-08T06:04:14.490+0000: 2117.949: [GC [PSYoungGen: 198393K->1003K(194368K)] 524520K->327463K(881344K), 0.0053560 secs] [Times: user=0.03 sys=0.00, real=0.00 secs] 
2014-07-08T06:04:15.018+0000: 2118.477: [GC [PSYoungGen: 194335K->794K(232896K)] 520795K->327317K(919872K), 0.0071710 secs] [Times: user=0.05 sys=0.00, real=0.01 secs] 
2014-07-08T06:04:15.762+0000: 2119.221: [GC [PSYoungGen: 232858K->800K(227456K)] 559381K->327488K(914432K), 0.0038900 secs] [Times: user=0.02 sys=0.00, real=0.00 secs] 
2014-07-08T06:04:16.504+0000: 2119.963: [GC [PSYoungGen: 227395K->1430K(222848K)] 554083K->328182K(909824K), 0.0082850 secs] [Times: user=0.06 sys=0.00, real=0.01 secs] 
2014-07-08T06:04:17.294+0000: 2120.753: [GC [PSYoungGen: 222806K->954K(217280K)] 549558K->327796K(904256K), 0.0040230 secs] [Times: user=0.02 sys=0.00, real=0.00 secs] 
2014-07-08T06:04:17.925+0000: 2121.384: [GC [PSYoungGen: 217274K->740K(212160K)] 544116K->327645K(899136K), 0.0040810 secs] [Times: user=0.02 sys=0.00, real=0.01 secs] 
2014-07-08T06:04:18.693+0000: 2122.152: [GC [PSYoungGen: 212112K->940K(207616K)] 539018K->327918K(894592K), 0.0070960 secs] [Times: user=0.04 sys=0.00, real=0.01 secs] 
2014-07-08T06:04:19.278+0000: 2122.737: [GC [PSYoungGen: 207586K->1338K(203456K)] 534564K->328404K(890432K), 0.0075190 secs] [Times: user=0.05 sys=0.00, real=0.01 secs] 
2014-07-08T06:04:19.914+0000: 2123.373: [GC [PSYoungGen: 203450K->708K(198464K)] 530516K->327853K(885440K), 0.0049010 secs] [Times: user=0.02 sys=0.00, real=0.01 secs] 
2014-07-08T06:04:20.610+0000: 2124.070: [GC [PSYoungGen: 198404K->1476K(194944K)] 525549K->328718K(881920K), 0.0056450 secs] [Times: user=0.03 sys=0.00, real=0.00 secs] 
2014-07-08T06:04:21.095+0000: 2124.555: [GC [PSYoungGen: 194884K->960K(190272K)] 522126K->328273K(877248K), 0.0041500 secs] [Times: user=0.02 sys=0.00, real=0.01 secs] 
2014-07-08T06:04:21.787+0000: 2125.246: [GC [PSYoungGen: 190244K->712K(186112K)] 517558K->328090K(873088K), 0.0067660 secs] [Times: user=0.04 sys=0.00, real=0.01 secs] 
2014-07-08T06:04:22.473+0000: 2125.933: [GC [PSYoungGen: 186056K->1106K(223616K)] 513434K->328539K(910592K), 0.0113370 secs] [Times: user=0.07 sys=0.01, real=0.01 secs] 
2014-07-08T06:04:23.021+0000: 2126.481: [GC [PSYoungGen: 223570K->904K(267968K)] 551003K->328402K(954944K), 0.0123060 secs] [Times: user=0.07 sys=0.00, real=0.01 secs] 
2014-07-08T06:04:23.917+0000: 2127.377: [GC [PSYoungGen: 267912K->908K(321408K)] 595410K->328478K(1008384K), 0.0079350 secs] [Times: user=0.06 sys=0.00, real=0.01 secs] 
2014-07-08T06:04:24.936+0000: 2128.395: [GC [PSYoungGen: 321356K->886K(362688K)] 648926K->328559K(1049664K), 0.0074610 secs] [Times: user=0.05 sys=0.00, real=0.01 secs] 
2014-07-08T06:04:26.153+0000: 2129.613: [GC [PSYoungGen: 361974K->804K(351424K)] 689647K->328557K(1038400K), 0.0072640 secs] [Times: user=0.05 sys=0.01, real=0.01 secs] 
2014-07-08T06:04:27.363+0000: 2130.822: [GC [PSYoungGen: 351396K->1454K(342016K)] 679149K->329280K(1028992K), 0.0072310 secs] [Times: user=0.03 sys=0.00, real=0.01 secs] 
2014-07-08T06:04:28.396+0000: 2131.855: [GC [PSYoungGen: 341998K->818K(331712K)] 669824K->328902K(1018688K), 0.0072980 secs] [Times: user=0.05 sys=0.00, real=0.01 secs] 
2014-07-08T06:04:29.487+0000: 2132.946: [GC [PSYoungGen: 331698K->1328K(322944K)] 659782K->329460K(1009920K), 0.0077110 secs] [Times: user=0.05 sys=0.00, real=0.01 secs] 
2014-07-08T06:04:30.566+0000: 2134.025: [GC [PSYoungGen: 322928K->1060K(313792K)] 651060K->329552K(1000768K), 0.0081380 secs] [Times: user=0.04 sys=0.01, real=0.01 secs] 
2014-07-08T06:04:31.664+0000: 2135.123: [GC [PSYoungGen: 313764K->804K(305024K)] 642256K->329392K(992000K), 0.0067430 secs] [Times: user=0.05 sys=0.00, real=0.00 secs] 
2014-07-08T06:04:32.693+0000: 2136.152: [GC [PSYoungGen: 304996K->928K(296960K)] 633584K->329588K(983936K), 0.0067530 secs] [Times: user=0.04 sys=0.00, real=0.00 secs] 
2014-07-08T06:04:33.636+0000: 2137.095: [GC [PSYoungGen: 296928K->854K(289024K)] 625588K->329586K(976000K), 0.0080920 secs] [Times: user=0.05 sys=0.00, real=0.01 secs] 
2014-07-08T06:04:34.574+0000: 2138.034: [GC [PSYoungGen: 288898K->1132K(281728K)] 617630K->329912K(968704K), 0.0136960 secs] [Times: user=0.09 sys=0.00, real=0.01 secs] 
2014-07-08T06:04:35.409+0000: 2138.868: [GC [PSYoungGen: 281708K->1184K(274496K)] 610488K->330036K(961472K), 0.0068130 secs] [Times: user=0.02 sys=0.00, real=0.01 secs] 
2014-07-08T06:04:36.244+0000: 2139.703: [GC [PSYoungGen: 274464K->992K(328960K)] 603316K->329908K(1015936K), 0.0136640 secs] [Times: user=0.07 sys=0.00, real=0.01 secs] 
2014-07-08T06:04:37.568+0000: 2141.027: [GC [PSYoungGen: 328928K->1220K(320064K)] 657844K->330200K(1007040K), 0.0089280 secs] [Times: user=0.06 sys=0.00, real=0.01 secs] 
2014-07-08T06:04:38.547+0000: 2142.006: [GC [PSYoungGen: 320004K->950K(310976K)] 648984K->330236K(997952K), 0.0100260 secs] [Times: user=0.06 sys=0.00, real=0.01 secs] 
2014-07-08T06:04:39.485+0000: 2142.945: [GC [PSYoungGen: 310925K->1295K(302912K)] 640211K->330621K(989888K), 0.0059710 secs] [Times: user=0.02 sys=0.01, real=0.00 secs] 
2014-07-08T06:04:40.438+0000: 2143.898: [GC [PSYoungGen: 302863K->946K(294400K)] 632189K->330710K(981376K), 0.0074920 secs] [Times: user=0.05 sys=0.01, real=0.01 secs] 
2014-07-08T06:04:41.330+0000: 2144.790: [GC [PSYoungGen: 294362K->1260K(286912K)] 624126K->331080K(973888K), 0.0094690 secs] [Times: user=0.06 sys=0.00, real=0.01 secs] 
2014-07-08T06:04:42.317+0000: 2145.776: [GC [PSYoungGen: 286892K->954K(279104K)] 616712K->330854K(966080K), 0.0086370 secs] [Times: user=0.06 sys=0.00, real=0.01 secs] 
2014-07-08T06:04:43.172+0000: 2146.632: [GC [PSYoungGen: 279098K->708K(271744K)] 608998K->330664K(958720K), 0.0067440 secs] [Times: user=0.05 sys=0.00, real=0.01 secs] 
2014-07-08T06:04:44.004+0000: 2147.463: [GC [PSYoungGen: 271670K->1018K(265088K)] 601626K->331046K(952064K), 0.0064200 secs] [Times: user=0.04 sys=0.00, real=0.00 secs] 
2014-07-08T06:04:44.874+0000: 2148.333: [GC [PSYoungGen: 265081K->712K(258176K)] 595109K->330788K(945152K), 0.0083080 secs] [Times: user=0.05 sys=0.00, real=0.00 secs] 
2014-07-08T06:04:45.690+0000: 2149.150: [GC [PSYoungGen: 258120K->722K(251776K)] 588196K->330846K(938752K), 0.0054590 secs] [Times: user=0.02 sys=0.00, real=0.01 secs] 
2014-07-08T06:04:46.492+0000: 2149.951: [GC [PSYoungGen: 251719K->1484K(246400K)] 581843K->331672K(933376K), 0.0054090 secs] [Times: user=0.03 sys=0.00, real=0.01 secs] 
2014-07-08T06:04:47.226+0000: 2150.685: [GC [PSYoungGen: 246348K->1074K(240000K)] 576536K->331310K(926976K), 0.0076950 secs] [Times: user=0.04 sys=0.00, real=0.01 secs] 
2014-07-08T06:04:47.957+0000: 2151.416: [GC [PSYoungGen: 239986K->704K(233984K)] 570222K->330988K(920960K), 0.0112390 secs] [Times: user=0.08 sys=0.00, real=0.01 secs] 
2014-07-08T06:04:48.740+0000: 2152.200: [GC [PSYoungGen: 233920K->740K(228480K)] 564204K->331072K(915456K), 0.0052360 secs] [Times: user=0.01 sys=0.01, real=0.01 secs] 
2014-07-08T06:04:49.429+0000: 2152.889: [GC [PSYoungGen: 228452K->1232K(223680K)] 558784K->331636K(910656K), 0.0083310 secs] [Times: user=0.06 sys=0.00, real=0.01 secs] 
2014-07-08T06:04:50.028+0000: 2153.488: [GC [PSYoungGen: 223632K->814K(218112K)] 554036K->331274K(905088K), 0.0064730 secs] [Times: user=0.04 sys=0.00, real=0.01 secs] 
2014-07-08T06:04:50.777+0000: 2154.236: [GC [PSYoungGen: 218094K->900K(213312K)] 548554K->331424K(900288K), 0.0060120 secs] [Times: user=0.04 sys=0.00, real=0.00 secs] 
2014-07-08T06:04:51.431+0000: 2154.890: [GC [PSYoungGen: 213199K->1273K(256128K)] 543723K->331845K(943104K), 0.0082160 secs] [Times: user=0.05 sys=0.00, real=0.01 secs] 
2014-07-08T06:04:52.275+0000: 2155.734: [GC [PSYoungGen: 256121K->1032K(306944K)] 586693K->331660K(993920K), 0.0103250 secs] [Times: user=0.04 sys=0.00, real=0.01 secs] 
2014-07-08T06:04:53.337+0000: 2156.796: [GC [PSYoungGen: 306888K->992K(367360K)] 637516K->331772K(1054336K), 0.0096410 secs] [Times: user=0.05 sys=0.00, real=0.01 secs] 
2014-07-08T06:04:54.450+0000: 2157.910: [GC [PSYoungGen: 367328K->992K(356608K)] 698108K->331820K(1043584K), 0.0050330 secs] [Times: user=0.03 sys=0.00, real=0.01 secs] 
2014-07-08T06:04:55.620+0000: 2159.080: [GC [PSYoungGen: 356576K->622K(345920K)] 687404K->331806K(1032896K), 0.0041420 secs] [Times: user=0.03 sys=0.00, real=0.01 secs] 
2014-07-08T06:04:56.775+0000: 2160.234: [GC [PSYoungGen: 345900K->1438K(336896K)] 677085K->332678K(1023872K), 0.0068520 secs] [Times: user=0.04 sys=0.00, real=0.01 secs] 
2014-07-08T06:04:57.848+0000: 2161.307: [GC [PSYoungGen: 336862K->818K(326784K)] 668102K->332312K(1013760K), 0.0184430 secs] [Times: user=0.10 sys=0.00, real=0.02 secs] 
2014-07-08T06:04:58.867+0000: 2162.327: [GC [PSYoungGen: 326770K->868K(317760K)] 658264K->332442K(1004736K), 0.0073630 secs] [Times: user=0.03 sys=0.00, real=0.00 secs] 
2014-07-08T06:04:59.834+0000: 2163.294: [GC [PSYoungGen: 317731K->940K(309120K)] 649305K->332602K(996096K), 0.0087410 secs] [Times: user=0.06 sys=0.00, real=0.01 secs] 
2014-07-08T06:05:00.811+0000: 2164.271: [GC [PSYoungGen: 309100K->626K(300416K)] 640762K->332344K(987392K), 0.0115350 secs] [Times: user=0.05 sys=0.00, real=0.01 secs] 
2014-07-08T06:05:01.860+0000: 2165.319: [GC [PSYoungGen: 300402K->1380K(293184K)] 632120K->333186K(980160K), 0.0071340 secs] [Times: user=0.04 sys=0.00, real=0.01 secs] 
2014-07-08T06:05:02.887+0000: 2166.347: [GC [PSYoungGen: 293156K->1060K(285120K)] 624962K->332954K(972096K), 0.0053210 secs] [Times: user=0.03 sys=0.00, real=0.00 secs] 
2014-07-08T06:05:03.816+0000: 2167.276: [GC [PSYoungGen: 285092K->886K(277504K)] 616986K->332918K(964480K), 0.0042170 secs] [Times: user=0.02 sys=0.00, real=0.00 secs] 
2014-07-08T06:05:04.733+0000: 2168.192: [GC [PSYoungGen: 277494K->704K(270208K)] 609526K->332832K(957184K), 0.0053850 secs] [Times: user=0.03 sys=0.00, real=0.01 secs] 
2014-07-08T06:05:05.589+0000: 2169.049: [GC [PSYoungGen: 270208K->854K(263552K)] 602336K->333054K(950528K), 0.0042670 secs] [Times: user=0.02 sys=0.00, real=0.00 secs] 
2014-07-08T06:05:06.321+0000: 2169.781: [GC [PSYoungGen: 263510K->904K(257024K)] 595710K->333144K(944000K), 0.0122040 secs] [Times: user=0.08 sys=0.01, real=0.01 secs] 
2014-07-08T06:05:07.270+0000: 2170.729: [GC [PSYoungGen: 256968K->1050K(250816K)] 589208K->333354K(937792K), 0.0073640 secs] [Times: user=0.05 sys=0.00, real=0.01 secs] 
2014-07-08T06:05:08.076+0000: 2171.535: [GC [PSYoungGen: 250778K->872K(244480K)] 583082K->333248K(931456K), 0.0037400 secs] [Times: user=0.02 sys=0.00, real=0.01 secs] 
2014-07-08T06:05:08.881+0000: 2172.340: [GC [PSYoungGen: 244456K->836K(238592K)] 576832K->333308K(925568K), 0.0068940 secs] [Times: user=0.04 sys=0.00, real=0.01 secs] 
2014-07-08T06:05:09.663+0000: 2173.122: [GC [PSYoungGen: 238532K->776K(232832K)] 571004K->333296K(919808K), 0.0054350 secs] [Times: user=0.02 sys=0.00, real=0.01 secs] 
2014-07-08T06:05:10.373+0000: 2173.833: [GC [PSYoungGen: 232761K->1146K(279552K)] 565281K->333796K(966528K), 0.0151660 secs] [Times: user=0.08 sys=0.01, real=0.02 secs] 
2014-07-08T06:05:11.227+0000: 2174.686: [GC [PSYoungGen: 279534K->1390K(335488K)] 612184K->334120K(1022464K), 0.0079330 secs] [Times: user=0.05 sys=0.01, real=0.01 secs] 
2014-07-08T06:05:12.430+0000: 2175.890: [GC [PSYoungGen: 335470K->420K(325120K)] 668200K->333676K(1012096K), 0.0039710 secs] [Times: user=0.03 sys=0.00, real=0.00 secs] 
2014-07-08T06:05:13.547+0000: 2177.007: [GC [PSYoungGen: 325092K->1264K(316928K)] 658348K->334584K(1003904K), 0.0043490 secs] [Times: user=0.02 sys=0.00, real=0.00 secs] 
2014-07-08T06:05:14.510+0000: 2177.969: [GC [PSYoungGen: 316912K->1078K(308096K)] 650232K->334816K(995072K), 0.0073190 secs] [Times: user=0.04 sys=0.00, real=0.01 secs] 
2014-07-08T06:05:15.539+0000: 2178.998: [GC [PSYoungGen: 308086K->932K(299648K)] 641824K->334758K(986624K), 0.0059660 secs] [Times: user=0.04 sys=0.00, real=0.00 secs] 
2014-07-08T06:05:16.455+0000: 2179.915: [GC [PSYoungGen: 299611K->1058K(291776K)] 633437K->335100K(978752K), 0.0066200 secs] [Times: user=0.04 sys=0.00, real=0.01 secs] 
2014-07-08T06:05:17.494+0000: 2180.954: [GC [PSYoungGen: 291713K->1010K(284032K)] 625755K->335092K(971008K), 0.0044350 secs] [Times: user=0.02 sys=0.00, real=0.01 secs] 
2014-07-08T06:05:18.415+0000: 2181.874: [GC [PSYoungGen: 284018K->1028K(276736K)] 618100K->335216K(963712K), 0.0040960 secs] [Times: user=0.02 sys=0.00, real=0.01 secs] 
2014-07-08T06:05:19.235+0000: 2182.694: [GC [PSYoungGen: 276676K->936K(269504K)] 610864K->335180K(956480K), 0.0075860 secs] [Times: user=0.04 sys=0.01, real=0.01 secs] 
2014-07-08T06:05:20.059+0000: 2183.518: [GC [PSYoungGen: 269446K->946K(262656K)] 603691K->335270K(949632K), 0.0064220 secs] [Times: user=0.04 sys=0.00, real=0.00 secs] 
2014-07-08T06:05:20.963+0000: 2184.423: [GC [PSYoungGen: 262642K->694K(255808K)] 596966K->335082K(942784K), 0.0071910 secs] [Times: user=0.04 sys=0.00, real=0.01 secs] 
2014-07-08T06:05:21.814+0000: 2185.274: [GC [PSYoungGen: 255798K->1070K(249856K)] 590186K->335554K(936832K), 0.0093800 secs] [Times: user=0.06 sys=0.00, real=0.01 secs] 
2014-07-08T06:05:22.693+0000: 2186.152: [GC [PSYoungGen: 249838K->1012K(243712K)] 584322K->335568K(930688K), 0.0071860 secs] [Times: user=0.05 sys=0.00, real=0.01 secs] 
2014-07-08T06:05:23.586+0000: 2187.045: [GC [PSYoungGen: 243700K->761K(237632K)] 578256K->335737K(924608K), 0.0084220 secs] [Times: user=0.05 sys=0.00, real=0.01 secs] 
2014-07-08T06:05:24.164+0000: 2187.624: [GC [PSYoungGen: 237574K->1204K(232448K)] 572551K->336260K(919424K), 0.0064400 secs] [Times: user=0.04 sys=0.00, real=0.01 secs] 
2014-07-08T06:05:24.887+0000: 2188.346: [GC [PSYoungGen: 232436K->779K(226624K)] 567492K->336113K(913600K), 0.0040930 secs] [Times: user=0.03 sys=0.00, real=0.01 secs] 
2014-07-08T06:05:25.672+0000: 2189.131: [GC [PSYoungGen: 226571K->794K(221376K)] 561905K->336200K(908352K), 0.0041770 secs] [Times: user=0.02 sys=0.00, real=0.00 secs] 
2014-07-08T06:05:26.274+0000: 2189.733: [GC [PSYoungGen: 221338K->1120K(216640K)] 556744K->336590K(903616K), 0.0107670 secs] [Times: user=0.06 sys=0.00, real=0.01 secs] 
2014-07-08T06:05:27.042+0000: 2190.502: [GC [PSYoungGen: 216608K->740K(211392K)] 552078K->336274K(898368K), 0.0061940 secs] [Times: user=0.04 sys=0.00, real=0.00 secs] 
2014-07-08T06:05:27.734+0000: 2191.193: [GC [PSYoungGen: 211364K->676K(253504K)] 546898K->336274K(940480K), 0.0097100 secs] [Times: user=0.06 sys=0.00, real=0.01 secs] 
2014-07-08T06:05:28.639+0000: 2192.099: [GC [PSYoungGen: 253464K->1032K(304448K)] 589063K->336711K(991424K), 0.0118440 secs] [Times: user=0.09 sys=0.01, real=0.01 secs] 
2014-07-08T06:05:29.555+0000: 2193.014: [GC [PSYoungGen: 304392K->1014K(346816K)] 640071K->336740K(1033792K), 0.0120730 secs] [Times: user=0.05 sys=0.00, real=0.01 secs] 
2014-07-08T06:05:30.636+0000: 2194.095: [GC [PSYoungGen: 346614K->1148K(347008K)] 682340K->336939K(1033984K), 0.0096410 secs] [Times: user=0.04 sys=0.01, real=0.01 secs] 
2014-07-08T06:05:31.814+0000: 2195.273: [GC [PSYoungGen: 346740K->1380K(337152K)] 682531K->337234K(1024128K), 0.0075020 secs] [Times: user=0.02 sys=0.00, real=0.01 secs] 
2014-07-08T06:05:32.862+0000: 2196.322: [GC [PSYoungGen: 337124K->1156K(327488K)] 672978K->337098K(1014464K), 0.0037540 secs] [Times: user=0.02 sys=0.00, real=0.00 secs] 
2014-07-08T06:05:33.888+0000: 2197.347: [GC [PSYoungGen: 327398K->498K(317696K)] 663340K->336985K(1004672K), 0.0071390 secs] [Times: user=0.04 sys=0.00, real=0.01 secs] 
2014-07-08T06:05:34.887+0000: 2198.347: [GC [PSYoungGen: 317617K->1011K(309504K)] 654104K->337545K(996480K), 0.0067850 secs] [Times: user=0.05 sys=0.00, real=0.01 secs] 
2014-07-08T06:05:35.827+0000: 2199.286: [GC [PSYoungGen: 309491K->890K(300992K)] 646025K->337726K(987968K), 0.0073690 secs] [Times: user=0.04 sys=0.00, real=0.01 secs] 
2014-07-08T06:05:36.902+0000: 2200.361: [GC [PSYoungGen: 300985K->1114K(293184K)] 637822K->337999K(980160K), 0.0049070 secs] [Times: user=0.03 sys=0.00, real=0.00 secs] 
2014-07-08T06:05:37.792+0000: 2201.251: [GC [PSYoungGen: 293146K->726K(285056K)] 630031K->337666K(972032K), 0.0043770 secs] [Times: user=0.01 sys=0.00, real=0.00 secs] 
2014-07-08T06:05:38.769+0000: 2202.228: [GC [PSYoungGen: 285014K->1384K(278272K)] 621954K->338405K(965248K), 0.0138830 secs] [Times: user=0.08 sys=0.00, real=0.02 secs] 
2014-07-08T06:05:39.684+0000: 2203.143: [GC [PSYoungGen: 278200K->830K(270528K)] 615221K->338079K(957504K), 0.0063400 secs] [Times: user=0.04 sys=0.00, real=0.00 secs] 
2014-07-08T06:05:40.517+0000: 2203.977: [GC [PSYoungGen: 270526K->1132K(264000K)] 607775K->338452K(950976K), 0.0068560 secs] [Times: user=0.04 sys=0.00, real=0.01 secs] 
2014-07-08T06:05:41.274+0000: 2204.733: [GC [PSYoungGen: 263978K->1042K(257344K)] 601299K->338558K(944320K), 0.0086910 secs] [Times: user=0.06 sys=0.00, real=0.01 secs] 
2014-07-08T06:05:42.150+0000: 2205.610: [GC [PSYoungGen: 257298K->868K(250816K)] 594814K->338480K(937792K), 0.0039710 secs] [Times: user=0.03 sys=0.00, real=0.01 secs] 
2014-07-08T06:05:42.926+0000: 2206.385: [GC [PSYoungGen: 250788K->978K(244800K)] 588400K->338663K(931776K), 0.0098970 secs] [Times: user=0.06 sys=0.00, real=0.01 secs] 
2014-07-08T06:05:43.826+0000: 2207.286: [GC [PSYoungGen: 244716K->862K(238784K)] 582401K->338579K(925760K), 0.0044650 secs] [Times: user=0.02 sys=0.00, real=0.00 secs] 
2014-07-08T06:05:44.558+0000: 2208.017: [GC [PSYoungGen: 238718K->946K(233152K)] 576435K->338863K(920128K), 0.0038440 secs] [Times: user=0.02 sys=0.00, real=0.00 secs] 
2014-07-08T06:05:45.187+0000: 2208.646: [GC [PSYoungGen: 233123K->1264K(228032K)] 571040K->339237K(915008K), 0.0040140 secs] [Times: user=0.02 sys=0.00, real=0.00 secs] 
2014-07-08T06:05:45.916+0000: 2209.375: [GC [PSYoungGen: 228016K->576K(222080K)] 565989K->338828K(909056K), 0.0039240 secs] [Times: user=0.02 sys=0.00, real=0.00 secs] 
2014-07-08T06:05:46.702+0000: 2210.161: [GC [PSYoungGen: 222080K->1228K(217728K)] 560332K->339553K(904704K), 0.0057170 secs] [Times: user=0.03 sys=0.00, real=0.00 secs] 
2014-07-08T06:05:47.427+0000: 2210.886: [GC [PSYoungGen: 217635K->854K(212416K)] 555959K->339251K(899392K), 0.0065970 secs] [Times: user=0.04 sys=0.00, real=0.01 secs] 
2014-07-08T06:05:48.056+0000: 2211.516: [GC [PSYoungGen: 212366K->726K(207552K)] 550763K->339179K(894528K), 0.0105190 secs] [Times: user=0.07 sys=0.00, real=0.01 secs] 
2014-07-08T06:05:48.825+0000: 2212.285: [GC [PSYoungGen: 207510K->976K(203264K)] 545963K->339493K(890240K), 0.0084460 secs] [Times: user=0.05 sys=0.00, real=0.01 secs] 
2014-07-08T06:05:49.427+0000: 2212.887: [GC [PSYoungGen: 203216K->1160K(199040K)] 541733K->339749K(886016K), 0.0046340 secs] [Times: user=0.03 sys=0.00, real=0.00 secs] 
2014-07-08T06:05:49.978+0000: 2213.438: [GC [PSYoungGen: 198984K->764K(238208K)] 537573K->339459K(925184K), 0.0073900 secs] [Times: user=0.04 sys=0.00, real=0.01 secs] 
2014-07-08T06:05:50.730+0000: 2214.190: [GC [PSYoungGen: 238203K->512K(232320K)] 576898K->339254K(919296K), 0.0042130 secs] [Times: user=0.02 sys=0.00, real=0.01 secs] 
2014-07-08T06:05:51.435+0000: 2214.895: [GC [PSYoungGen: 232254K->1520K(227904K)] 570997K->340335K(914880K), 0.0092700 secs] [Times: user=0.06 sys=0.01, real=0.01 secs] 
2014-07-08T06:05:52.033+0000: 2215.492: [GC [PSYoungGen: 227888K->1078K(222208K)] 566703K->339973K(909184K), 0.0047260 secs] [Times: user=0.03 sys=0.00, real=0.00 secs] 
2014-07-08T06:05:52.864+0000: 2216.324: [GC [PSYoungGen: 222198K->754K(216832K)] 561093K->339967K(903808K), 0.0041760 secs] [Times: user=0.02 sys=0.00, real=0.00 secs] 
2014-07-08T06:05:53.641+0000: 2217.101: [GC [PSYoungGen: 216818K->1324K(212544K)] 556031K->340617K(899520K), 0.0064630 secs] [Times: user=0.03 sys=0.01, real=0.01 secs] 
2014-07-08T06:05:54.149+0000: 2217.608: [GC [PSYoungGen: 212524K->858K(207360K)] 551817K->340323K(894336K), 0.0076490 secs] [Times: user=0.05 sys=0.00, real=0.01 secs] 
2014-07-08T06:05:54.812+0000: 2218.272: [GC [PSYoungGen: 207309K->776K(202752K)] 546774K->340289K(889728K), 0.0048150 secs] [Times: user=0.01 sys=0.00, real=0.01 secs] 
2014-07-08T06:05:55.458+0000: 2218.917: [GC [PSYoungGen: 202676K->1324K(198848K)] 542189K->340893K(885824K), 0.0062470 secs] [Times: user=0.03 sys=0.00, real=0.01 secs] 
2014-07-08T06:05:55.971+0000: 2219.430: [GC [PSYoungGen: 198816K->790K(194112K)] 538385K->340431K(881088K), 0.0037630 secs] [Times: user=0.02 sys=0.00, real=0.01 secs] 
2014-07-08T06:05:56.640+0000: 2220.099: [GC [PSYoungGen: 194070K->580K(189824K)] 533711K->340269K(876800K), 0.0074900 secs] [Times: user=0.05 sys=0.00, real=0.01 secs] 
2014-07-08T06:05:57.136+0000: 2220.596: [GC [PSYoungGen: 189764K->1022K(228096K)] 529453K->340775K(915072K), 0.0088000 secs] [Times: user=0.04 sys=0.01, real=0.01 secs] 
2014-07-08T06:05:57.940+0000: 2221.399: [GC [PSYoungGen: 228094K->676K(222464K)] 567847K->340485K(909440K), 0.0038890 secs] [Times: user=0.03 sys=0.00, real=0.00 secs] 
2014-07-08T06:05:58.753+0000: 2222.212: [GC [PSYoungGen: 222436K->1120K(217792K)] 562245K->341009K(904768K), 0.0050160 secs] [Times: user=0.02 sys=0.00, real=0.01 secs] 
2014-07-08T06:05:59.320+0000: 2222.780: [GC [PSYoungGen: 217757K->1010K(212736K)] 557646K->340971K(899712K), 0.0059230 secs] [Times: user=0.04 sys=0.00, real=0.01 secs] 
2014-07-08T06:05:59.969+0000: 2223.429: [GC [PSYoungGen: 212722K->960K(208000K)] 552683K->341001K(894976K), 0.0081360 secs] [Times: user=0.06 sys=0.01, real=0.01 secs] 
2014-07-08T06:06:00.670+0000: 2224.129: [GC [PSYoungGen: 207936K->936K(249344K)] 547977K->341065K(936320K), 0.0080340 secs] [Times: user=0.06 sys=0.00, real=0.01 secs] 
2014-07-08T06:06:01.421+0000: 2224.881: [GC [PSYoungGen: 249320K->1298K(243648K)] 589449K->341507K(930624K), 0.0052680 secs] [Times: user=0.02 sys=0.00, real=0.01 secs] 
2014-07-08T06:06:02.105+0000: 2225.565: [GC [PSYoungGen: 243602K->672K(291520K)] 583811K->341065K(978496K), 0.0107020 secs] [Times: user=0.07 sys=0.00, real=0.01 secs] 
2014-07-08T06:06:03.154+0000: 2226.613: [GC [PSYoungGen: 291488K->972K(350016K)] 631881K->341421K(1036992K), 0.0100090 secs] [Times: user=0.07 sys=0.00, real=0.01 secs] 
2014-07-08T06:06:04.392+0000: 2227.851: [GC [PSYoungGen: 349949K->1096K(340160K)] 690398K->341791K(1027136K), 0.0062210 secs] [Times: user=0.03 sys=0.00, real=0.01 secs] 
2014-07-08T06:06:05.436+0000: 2228.896: [GC [PSYoungGen: 340054K->1114K(330560K)] 680749K->341889K(1017536K), 0.0062930 secs] [Times: user=0.03 sys=0.01, real=0.00 secs] 
2014-07-08T06:06:06.515+0000: 2229.974: [GC [PSYoungGen: 330522K->683K(320896K)] 671297K->341875K(1007872K), 0.0077510 secs] [Times: user=0.04 sys=0.00, real=0.00 secs] 
2014-07-08T06:06:07.637+0000: 2231.097: [GC [PSYoungGen: 320875K->1470K(312832K)] 662067K->342734K(999808K), 0.0071170 secs] [Times: user=0.05 sys=0.00, real=0.00 secs] 
2014-07-08T06:06:08.593+0000: 2232.053: [GC [PSYoungGen: 312830K->822K(303680K)] 654094K->342298K(990656K), 0.0071790 secs] [Times: user=0.05 sys=0.00, real=0.01 secs] 
2014-07-08T06:06:09.618+0000: 2233.077: [GC [PSYoungGen: 303670K->1120K(295872K)] 645146K->342636K(982848K), 0.0043670 secs] [Times: user=0.02 sys=0.00, real=0.00 secs] 
2014-07-08T06:06:10.537+0000: 2233.996: [GC [PSYoungGen: 295840K->946K(287872K)] 637356K->342542K(974848K), 0.0074620 secs] [Times: user=0.05 sys=0.00, real=0.00 secs] 
2014-07-08T06:06:11.387+0000: 2234.847: [GC [PSYoungGen: 287858K->772K(280192K)] 629454K->342400K(967168K), 0.0050700 secs] [Times: user=0.02 sys=0.00, real=0.00 secs] 
2014-07-08T06:06:12.261+0000: 2235.720: [GC [PSYoungGen: 280132K->960K(273152K)] 621760K->342636K(960128K), 0.0084010 secs] [Times: user=0.05 sys=0.00, real=0.01 secs] 
2014-07-08T06:06:13.168+0000: 2236.627: [GC [PSYoungGen: 273088K->826K(265984K)] 614764K->342574K(952960K), 0.0072750 secs] [Times: user=0.05 sys=0.00, real=0.00 secs] 
2014-07-08T06:06:14.075+0000: 2237.535: [GC [PSYoungGen: 265978K->804K(259264K)] 607726K->342648K(946240K), 0.0056110 secs] [Times: user=0.03 sys=0.00, real=0.01 secs] 
2014-07-08T06:06:14.887+0000: 2238.346: [GC [PSYoungGen: 259236K->754K(252736K)] 601080K->342670K(939712K), 0.0039130 secs] [Times: user=0.02 sys=0.01, real=0.00 secs] 
2014-07-08T06:06:15.760+0000: 2239.219: [GC [PSYoungGen: 252712K->844K(246656K)] 594628K->342808K(933632K), 0.0077890 secs] [Times: user=0.05 sys=0.00, real=0.01 secs] 
2014-07-08T06:06:16.465+0000: 2239.925: [GC [PSYoungGen: 246528K->989K(240832K)] 588493K->343033K(927808K), 0.0059130 secs] [Times: user=0.03 sys=0.00, real=0.01 secs] 
2014-07-08T06:06:17.145+0000: 2240.604: [GC [PSYoungGen: 240793K->954K(235008K)] 582837K->343062K(921984K), 0.0038430 secs] [Times: user=0.02 sys=0.00, real=0.01 secs] 
2014-07-08T06:06:18.016+0000: 2241.475: [GC [PSYoungGen: 235002K->1014K(229504K)] 577110K->343186K(916480K), 0.0095310 secs] [Times: user=0.04 sys=0.00, real=0.01 secs] 
2014-07-08T06:06:18.734+0000: 2242.194: [GC [PSYoungGen: 229494K->690K(223872K)] 571666K->342926K(910848K), 0.0090880 secs] [Times: user=0.05 sys=0.00, real=0.01 secs] 
2014-07-08T06:06:19.497+0000: 2242.956: [GC [PSYoungGen: 223858K->1320K(269184K)] 566094K->343612K(956160K), 0.0102490 secs] [Times: user=0.07 sys=0.01, real=0.01 secs] 
2014-07-08T06:06:20.307+0000: 2243.766: [GC [PSYoungGen: 269160K->826K(322240K)] 611452K->343238K(1009216K), 0.0109470 secs] [Times: user=0.06 sys=0.01, real=0.02 secs] 
2014-07-08T06:06:21.251+0000: 2244.710: [GC [PSYoungGen: 322234K->886K(384448K)] 664646K->343378K(1071424K), 0.0102820 secs] [Times: user=0.06 sys=0.00, real=0.01 secs] 
2014-07-08T06:06:22.649+0000: 2246.108: [GC [PSYoungGen: 383891K->1160K(372864K)] 726384K->343756K(1059840K), 0.0047580 secs] [Times: user=0.03 sys=0.00, real=0.00 secs] 
2014-07-08T06:06:23.809+0000: 2247.268: [GC [PSYoungGen: 372808K->974K(361728K)] 715404K->343634K(1048704K), 0.0068650 secs] [Times: user=0.03 sys=0.00, real=0.00 secs] 
2014-07-08T06:06:24.940+0000: 2248.399: [GC [PSYoungGen: 361678K->616K(350848K)] 704338K->343496K(1037824K), 0.0100840 secs] [Times: user=0.07 sys=0.00, real=0.01 secs] 
2014-07-08T06:06:26.079+0000: 2249.539: [GC [PSYoungGen: 350783K->950K(341120K)] 693664K->343886K(1028096K), 0.0075960 secs] [Times: user=0.04 sys=0.00, real=0.00 secs] 
2014-07-08T06:06:27.081+0000: 2250.541: [GC [PSYoungGen: 341110K->1096K(331648K)] 684046K->344088K(1018624K), 0.0081910 secs] [Times: user=0.04 sys=0.00, real=0.01 secs] 
2014-07-08T06:06:28.280+0000: 2251.739: [GC [PSYoungGen: 331592K->1028K(322304K)] 674584K->344100K(1009280K), 0.0091080 secs] [Times: user=0.06 sys=0.00, real=0.01 secs] 
2014-07-08T06:06:29.247+0000: 2252.706: [GC [PSYoungGen: 322244K->484K(312832K)] 665316K->343910K(999808K), 0.0081700 secs] [Times: user=0.05 sys=0.00, real=0.01 secs] 
2014-07-08T06:06:30.298+0000: 2253.757: [GC [PSYoungGen: 312804K->1046K(304896K)] 656230K->344544K(991872K), 0.0091390 secs] [Times: user=0.05 sys=0.00, real=0.01 secs] 
2014-07-08T06:06:31.215+0000: 2254.674: [GC [PSYoungGen: 304854K->872K(296512K)] 648352K->344556K(983488K), 0.0081450 secs] [Times: user=0.04 sys=0.00, real=0.01 secs] 
2014-07-08T06:06:32.152+0000: 2255.611: [GC [PSYoungGen: 296486K->936K(288704K)] 640170K->344684K(975680K), 0.0049590 secs] [Times: user=0.02 sys=0.00, real=0.00 secs] 
2014-07-08T06:06:33.204+0000: 2256.663: [GC [PSYoungGen: 288680K->843K(281088K)] 632428K->344671K(968064K), 0.0052730 secs] [Times: user=0.03 sys=0.00, real=0.01 secs] 
2014-07-08T06:06:34.269+0000: 2257.728: [GC [PSYoungGen: 281035K->1188K(274112K)] 624863K->345112K(961088K), 0.0040640 secs] [Times: user=0.02 sys=0.01, real=0.00 secs] 
2014-07-08T06:06:35.065+0000: 2258.524: [GC [PSYoungGen: 274084K->498K(266432K)] 618008K->344640K(953408K), 0.0088860 secs] [Times: user=0.06 sys=0.00, real=0.01 secs] 
2014-07-08T06:06:35.906+0000: 2259.365: [GC [PSYoungGen: 266418K->690K(259904K)] 610560K->344928K(946880K), 0.0064640 secs] [Times: user=0.03 sys=0.00, real=0.01 secs] 
2014-07-08T06:06:36.725+0000: 2260.184: [GC [PSYoungGen: 259890K->644K(253440K)] 604128K->344988K(940416K), 0.0038220 secs] [Times: user=0.02 sys=0.01, real=0.00 secs] 
2014-07-08T06:06:37.475+0000: 2260.935: [GC [PSYoungGen: 253380K->1064K(247616K)] 597724K->345488K(934592K), 0.0068980 secs] [Times: user=0.05 sys=0.00, real=0.01 secs] 
2014-07-08T06:06:38.328+0000: 2261.787: [GC [PSYoungGen: 247592K->932K(241472K)] 592016K->345437K(928448K), 0.0126240 secs] [Times: user=0.06 sys=0.00, real=0.02 secs] 
2014-07-08T06:06:39.031+0000: 2262.491: [GC [PSYoungGen: 241444K->1262K(236032K)] 585949K->345831K(923008K), 0.0049470 secs] [Times: user=0.02 sys=0.01, real=0.00 secs] 
2014-07-08T06:06:39.866+0000: 2263.325: [GC [PSYoungGen: 236014K->626K(229824K)] 580583K->345330K(916800K), 0.0043320 secs] [Times: user=0.02 sys=0.00, real=0.01 secs] 
2014-07-08T06:06:40.628+0000: 2264.087: [GC [PSYoungGen: 229810K->1466K(225280K)] 574514K->346243K(912256K), 0.0079250 secs] [Times: user=0.05 sys=0.01, real=0.01 secs] 
2014-07-08T06:06:41.193+0000: 2264.652: [GC [PSYoungGen: 225274K->722K(219392K)] 570051K->345602K(906368K), 0.0070110 secs] [Times: user=0.04 sys=0.00, real=0.01 secs] 
2014-07-08T06:06:41.935+0000: 2265.394: [GC [PSYoungGen: 219346K->612K(263040K)] 564226K->345540K(950016K), 0.0112100 secs] [Times: user=0.07 sys=0.00, real=0.01 secs] 
2014-07-08T06:06:42.888+0000: 2266.347: [GC [PSYoungGen: 263012K->1234K(257088K)] 607940K->346250K(944064K), 0.0058540 secs] [Times: user=0.03 sys=0.00, real=0.01 secs] 
2014-07-08T06:06:43.753+0000: 2267.212: [GC [PSYoungGen: 257042K->936K(250432K)] 602058K->346056K(937408K), 0.0040430 secs] [Times: user=0.02 sys=0.01, real=0.00 secs] 
2014-07-08T06:06:44.590+0000: 2268.050: [GC [PSYoungGen: 250408K->1149K(244544K)] 595528K->346490K(931520K), 0.0064010 secs] [Times: user=0.04 sys=0.00, real=0.01 secs] 
2014-07-08T06:06:45.175+0000: 2268.634: [GC [PSYoungGen: 244505K->908K(238464K)] 589845K->346312K(925440K), 0.0060780 secs] [Times: user=0.03 sys=0.00, real=0.00 secs] 
2014-07-08T06:06:45.954+0000: 2269.413: [GC [PSYoungGen: 238412K->729K(232640K)] 583816K->346197K(919616K), 0.0039190 secs] [Times: user=0.02 sys=0.00, real=0.00 secs] 
2014-07-08T06:06:46.689+0000: 2270.149: [GC [PSYoungGen: 232600K->814K(227264K)] 578069K->346346K(914240K), 0.0059920 secs] [Times: user=0.04 sys=0.00, real=0.01 secs] 
2014-07-08T06:06:47.357+0000: 2270.816: [GC [PSYoungGen: 227213K->1110K(222336K)] 572746K->346714K(909312K), 0.0046580 secs] [Times: user=0.02 sys=0.00, real=0.01 secs] 
2014-07-08T06:06:48.145+0000: 2271.604: [GC [PSYoungGen: 222294K->1236K(217408K)] 567898K->346912K(904384K), 0.0063300 secs] [Times: user=0.03 sys=0.01, real=0.00 secs] 
2014-07-08T06:06:48.801+0000: 2272.260: [GC [PSYoungGen: 217364K->826K(212032K)] 563040K->346590K(899008K), 0.0076980 secs] [Times: user=0.04 sys=0.01, real=0.01 secs] 
2014-07-08T06:06:49.594+0000: 2273.053: [GC [PSYoungGen: 212026K->1412K(207936K)] 557790K->347256K(894912K), 0.0051210 secs] [Times: user=0.02 sys=0.00, real=0.00 secs] 
2014-07-08T06:06:50.141+0000: 2273.600: [GC [PSYoungGen: 207876K->790K(202752K)] 553720K->346690K(889728K), 0.0061060 secs] [Times: user=0.04 sys=0.00, real=0.01 secs] 
2014-07-08T06:06:50.789+0000: 2274.248: [GC [PSYoungGen: 202684K->644K(198208K)] 548585K->346624K(885184K), 0.0065640 secs] [Times: user=0.04 sys=0.00, real=0.01 secs] 
2014-07-08T06:06:51.447+0000: 2274.906: [GC [PSYoungGen: 198092K->1053K(194368K)] 544073K->347089K(881344K), 0.0066500 secs] [Times: user=0.04 sys=0.01, real=0.01 secs] 
2014-07-08T06:06:52.015+0000: 2275.474: [GC [PSYoungGen: 194333K->868K(190080K)] 540369K->346968K(877056K), 0.0054610 secs] [Times: user=0.02 sys=0.00, real=0.00 secs] 
2014-07-08T06:06:52.719+0000: 2276.178: [GC [PSYoungGen: 190033K->1160K(186432K)] 536134K->347317K(873408K), 0.0077660 secs] [Times: user=0.04 sys=0.00, real=0.01 secs] 
2014-07-08T06:06:53.312+0000: 2276.771: [GC [PSYoungGen: 186346K->1010K(223296K)] 532502K->347270K(910272K), 0.0111710 secs] [Times: user=0.06 sys=0.00, real=0.01 secs] 
2014-07-08T06:06:54.010+0000: 2277.470: [GC [PSYoungGen: 223282K->740K(267520K)] 569542K->347104K(954496K), 0.0069930 secs] [Times: user=0.04 sys=0.00, real=0.01 secs] 
2014-07-08T06:06:54.891+0000: 2278.350: [GC [PSYoungGen: 267492K->986K(321152K)] 613856K->347446K(1008128K), 0.0088780 secs] [Times: user=0.06 sys=0.00, real=0.01 secs] 
2014-07-08T06:06:55.926+0000: 2279.386: [GC [PSYoungGen: 321114K->676K(312000K)] 667574K->347200K(998976K), 0.0035360 secs] [Times: user=0.02 sys=0.00, real=0.00 secs] 
2014-07-08T06:06:56.908+0000: 2280.367: [GC [PSYoungGen: 311972K->1074K(303872K)] 658496K->347679K(990848K), 0.0085250 secs] [Times: user=0.05 sys=0.00, real=0.01 secs] 
2014-07-08T06:06:57.980+0000: 2281.439: [GC [PSYoungGen: 303827K->1210K(295872K)] 650432K->347945K(982848K), 0.0080360 secs] [Times: user=0.06 sys=0.00, real=0.01 secs] 
2014-07-08T06:06:58.898+0000: 2282.357: [GC [PSYoungGen: 295866K->1007K(287872K)] 642601K->347821K(974848K), 0.0036170 secs] [Times: user=0.02 sys=0.00, real=0.00 secs] 
2014-07-08T06:06:59.905+0000: 2283.364: [GC [PSYoungGen: 287811K->880K(280192K)] 634626K->348012K(967168K), 0.0066280 secs] [Times: user=0.05 sys=0.00, real=0.00 secs] 
2014-07-08T06:07:00.760+0000: 2284.219: [GC [PSYoungGen: 280176K->968K(273088K)] 627308K->348188K(960064K), 0.0044360 secs] [Times: user=0.02 sys=0.00, real=0.01 secs] 
2014-07-08T06:07:01.629+0000: 2285.088: [GC [PSYoungGen: 273032K->1011K(266112K)] 620252K->348295K(953088K), 0.0052540 secs] [Times: user=0.04 sys=0.00, real=0.01 secs] 
2014-07-08T06:07:02.381+0000: 2285.840: [GC [PSYoungGen: 266070K->1457K(259840K)] 613355K->348822K(946816K), 0.0082080 secs] [Times: user=0.05 sys=0.00, real=0.01 secs] 
2014-07-08T06:07:03.295+0000: 2286.754: [GC [PSYoungGen: 259825K->484K(252416K)] 607190K->348234K(939392K), 0.0037450 secs] [Times: user=0.02 sys=0.00, real=0.00 secs] 
2014-07-08T06:07:04.121+0000: 2287.580: [GC [PSYoungGen: 252388K->1300K(247040K)] 600138K->349154K(934016K), 0.0059980 secs] [Times: user=0.04 sys=0.00, real=0.01 secs] 
2014-07-08T06:07:04.985+0000: 2288.445: [GC [PSYoungGen: 246996K->644K(240448K)] 594850K->348976K(927424K), 0.0091600 secs] [Times: user=0.05 sys=0.00, real=0.01 secs] 
2014-07-08T06:07:05.725+0000: 2289.184: [GC [PSYoungGen: 240388K->836K(234880K)] 588720K->349248K(921856K), 0.0036470 secs] [Times: user=0.02 sys=0.01, real=0.00 secs] 
2014-07-08T06:07:06.513+0000: 2289.972: [GC [PSYoungGen: 234820K->996K(229504K)] 583232K->349472K(916480K), 0.0039750 secs] [Times: user=0.03 sys=0.00, real=0.01 secs] 
2014-07-08T06:07:07.161+0000: 2290.621: [GC [PSYoungGen: 229476K->640K(223808K)] 577952K->349188K(910784K), 0.0061700 secs] [Times: user=0.03 sys=0.00, real=0.01 secs] 
2014-07-08T06:07:07.995+0000: 2291.454: [GC [PSYoungGen: 223808K->826K(218880K)] 572356K->349430K(905856K), 0.0073990 secs] [Times: user=0.04 sys=0.00, real=0.00 secs] 
2014-07-08T06:07:08.721+0000: 2292.181: [GC [PSYoungGen: 218874K->1142K(214208K)] 567478K->349811K(901184K), 0.0050640 secs] [Times: user=0.03 sys=0.00, real=0.01 secs] 
2014-07-08T06:07:09.322+0000: 2292.781: [GC [PSYoungGen: 214198K->1036K(209344K)] 562867K->349768K(896320K), 0.0050010 secs] [Times: user=0.02 sys=0.00, real=0.01 secs] 
2014-07-08T06:07:10.052+0000: 2293.512: [GC [PSYoungGen: 209292K->1226K(204928K)] 558024K->350015K(891904K), 0.0082020 secs] [Times: user=0.05 sys=0.01, real=0.01 secs] 
2014-07-08T06:07:10.726+0000: 2294.186: [GC [PSYoungGen: 204870K->758K(199936K)] 553658K->349626K(886912K), 0.0031200 secs] [Times: user=0.02 sys=0.01, real=0.00 secs] 
2014-07-08T06:07:11.308+0000: 2294.768: [GC [PSYoungGen: 199926K->1266K(196160K)] 548794K->350231K(883136K), 0.0103390 secs] [Times: user=0.07 sys=0.00, real=0.01 secs] 
2014-07-08T06:07:11.904+0000: 2295.363: [GC [PSYoungGen: 196146K->740K(191488K)] 545111K->349752K(878464K), 0.0046550 secs] [Times: user=0.02 sys=0.00, real=0.01 secs] 
2014-07-08T06:07:12.566+0000: 2296.026: [GC [PSYoungGen: 191451K->1256K(230144K)] 540463K->350324K(917120K), 0.0119810 secs] [Times: user=0.07 sys=0.00, real=0.01 secs] 
2014-07-08T06:07:13.338+0000: 2296.797: [GC [PSYoungGen: 230120K->1206K(224704K)] 579188K->350461K(911680K), 0.0038760 secs] [Times: user=0.02 sys=0.00, real=0.00 secs] 
2014-07-08T06:07:13.988+0000: 2297.448: [GC [PSYoungGen: 224694K->818K(269056K)] 573949K->350112K(956032K), 0.0104040 secs] [Times: user=0.06 sys=0.00, real=0.01 secs] 
2014-07-08T06:07:14.927+0000: 2298.386: [GC [PSYoungGen: 269042K->932K(262400K)] 618336K->350333K(949376K), 0.0041210 secs] [Times: user=0.02 sys=0.00, real=0.00 secs] 
2014-07-08T06:07:15.715+0000: 2299.175: [GC [PSYoungGen: 262372K->836K(255808K)] 611773K->350308K(942784K), 0.0053830 secs] [Times: user=0.02 sys=0.00, real=0.01 secs] 
2014-07-08T06:07:16.494+0000: 2299.954: [GC [PSYoungGen: 255701K->1260K(249856K)] 605174K->350796K(936832K), 0.0037410 secs] [Times: user=0.02 sys=0.00, real=0.01 secs] 
2014-07-08T06:07:17.223+0000: 2300.682: [GC [PSYoungGen: 249836K->928K(243456K)] 599372K->350553K(930432K), 0.0042010 secs] [Times: user=0.02 sys=0.00, real=0.01 secs] 
2014-07-08T06:07:18.093+0000: 2301.553: [GC [PSYoungGen: 243384K->832K(237568K)] 593008K->350513K(924544K), 0.0077560 secs] [Times: user=0.05 sys=0.00, real=0.01 secs] 
2014-07-08T06:07:18.846+0000: 2302.305: [GC [PSYoungGen: 237504K->904K(232000K)] 587185K->350632K(918976K), 0.0063460 secs] [Times: user=0.03 sys=0.00, real=0.01 secs] 
2014-07-08T06:07:19.630+0000: 2303.090: [GC [PSYoungGen: 231944K->772K(226432K)] 581672K->350556K(913408K), 0.0060430 secs] [Times: user=0.04 sys=0.00, real=0.01 secs] 
2014-07-08T06:07:20.273+0000: 2303.732: [GC [PSYoungGen: 226371K->772K(221184K)] 576156K->350612K(908160K), 0.0074130 secs] [Times: user=0.05 sys=0.00, real=0.01 secs] 
2014-07-08T06:07:20.928+0000: 2304.387: [GC [PSYoungGen: 221124K->904K(216256K)] 570964K->350832K(903232K), 0.0045060 secs] [Times: user=0.02 sys=0.00, real=0.00 secs] 
2014-07-08T06:07:21.662+0000: 2305.121: [GC [PSYoungGen: 216158K->1239K(211712K)] 566087K->351256K(898688K), 0.0046900 secs] [Times: user=0.03 sys=0.00, real=0.00 secs] 
2014-07-08T06:07:22.242+0000: 2305.701: [GC [PSYoungGen: 211671K->744K(206528K)] 561688K->350976K(893504K), 0.0103480 secs] [Times: user=0.06 sys=0.00, real=0.01 secs] 
2014-07-08T06:07:22.864+0000: 2306.323: [GC [PSYoungGen: 206504K->868K(247808K)] 556736K->351132K(934784K), 0.0144680 secs] [Times: user=0.09 sys=0.00, real=0.02 secs] 
2014-07-08T06:07:23.749+0000: 2307.209: [GC [PSYoungGen: 247762K->1214K(297536K)] 598027K->351600K(984512K), 0.0106430 secs] [Times: user=0.07 sys=0.01, real=0.01 secs] 
2014-07-08T06:07:24.658+0000: 2308.117: [GC [PSYoungGen: 297525K->1121K(346176K)] 647911K->351620K(1033152K), 0.0035360 secs] [Times: user=0.02 sys=0.01, real=0.00 secs] 
2014-07-08T06:07:25.748+0000: 2309.207: [GC [PSYoungGen: 345802K->772K(357056K)] 696301K->351350K(1044032K), 0.0108420 secs] [Times: user=0.07 sys=0.00, real=0.01 secs] 
2014-07-08T06:07:26.810+0000: 2310.270: [GC [PSYoungGen: 356342K->822K(357056K)] 706920K->351472K(1044032K), 0.0126050 secs] [Times: user=0.08 sys=0.00, real=0.01 secs] 
2014-07-08T06:07:27.934+0000: 2311.393: [GC [PSYoungGen: 356404K->776K(346112K)] 707055K->351498K(1033088K), 0.0055840 secs] [Times: user=0.04 sys=0.00, real=0.01 secs] 
2014-07-08T06:07:29.131+0000: 2312.591: [GC [PSYoungGen: 346056K->822K(336256K)] 696778K->351616K(1023232K), 0.0058080 secs] [Times: user=0.03 sys=0.00, real=0.00 secs] 
2014-07-08T06:07:30.268+0000: 2313.727: [GC [PSYoungGen: 336186K->968K(326976K)] 686981K->351818K(1013952K), 0.0096020 secs] [Times: user=0.05 sys=0.00, real=0.01 secs] 
2014-07-08T06:07:31.333+0000: 2314.792: [GC [PSYoungGen: 326920K->1046K(317952K)] 677770K->351960K(1004928K), 0.0139580 secs] [Times: user=0.09 sys=0.01, real=0.01 secs] 
2014-07-08T06:07:32.362+0000: 2315.821: [GC [PSYoungGen: 317910K->762K(308928K)] 668824K->351942K(995904K), 0.0102530 secs] [Times: user=0.07 sys=0.00, real=0.01 secs] 
2014-07-08T06:07:33.373+0000: 2316.833: [GC [PSYoungGen: 308922K->1388K(301184K)] 660102K->352640K(988160K), 0.0075500 secs] [Times: user=0.04 sys=0.00, real=0.01 secs] 
2014-07-08T06:07:34.452+0000: 2317.911: [GC [PSYoungGen: 301164K->676K(292480K)] 652416K->352276K(979456K), 0.0083120 secs] [Times: user=0.05 sys=0.01, real=0.01 secs] 
2014-07-08T06:07:35.394+0000: 2318.854: [GC [PSYoungGen: 292452K->1338K(285376K)] 644052K->352995K(972352K), 0.0096400 secs] [Times: user=0.06 sys=0.00, real=0.01 secs] 
2014-07-08T06:07:36.218+0000: 2319.677: [GC [PSYoungGen: 285367K->954K(277568K)] 637024K->352857K(964544K), 0.0070420 secs] [Times: user=0.05 sys=0.00, real=0.01 secs] 
2014-07-08T06:07:37.072+0000: 2320.531: [GC [PSYoungGen: 277555K->804K(270336K)] 629458K->352810K(957312K), 0.0071570 secs] [Times: user=0.04 sys=0.00, real=0.00 secs] 
2014-07-08T06:07:37.940+0000: 2321.400: [GC [PSYoungGen: 270308K->676K(263360K)] 622314K->352746K(950336K), 0.0065210 secs] [Times: user=0.03 sys=0.01, real=0.00 secs] 
2014-07-08T06:07:38.867+0000: 2322.327: [GC [PSYoungGen: 263332K->1114K(257216K)] 615402K->353281K(944192K), 0.0109850 secs] [Times: user=0.07 sys=0.00, real=0.01 secs] 
2014-07-08T06:07:39.681+0000: 2323.141: [GC [PSYoungGen: 257178K->960K(250752K)] 609345K->353199K(937728K), 0.0038560 secs] [Times: user=0.02 sys=0.00, real=0.00 secs] 
2014-07-08T06:07:40.488+0000: 2323.947: [GC [PSYoungGen: 250688K->864K(244480K)] 602927K->353166K(931456K), 0.0104520 secs] [Times: user=0.06 sys=0.01, real=0.01 secs] 
2014-07-08T06:07:41.164+0000: 2324.623: [GC [PSYoungGen: 244419K->1078K(238784K)] 596722K->353453K(925760K), 0.0068770 secs] [Times: user=0.02 sys=0.00, real=0.01 secs] 
2014-07-08T06:07:41.974+0000: 2325.434: [GC [PSYoungGen: 238774K->872K(232896K)] 591149K->353335K(919872K), 0.0070380 secs] [Times: user=0.05 sys=0.00, real=0.01 secs] 
2014-07-08T06:07:42.720+0000: 2326.179: [GC [PSYoungGen: 232872K->630K(227200K)] 585335K->353149K(914176K), 0.0072160 secs] [Times: user=0.04 sys=0.00, real=0.01 secs] 
2014-07-08T06:07:43.400+0000: 2326.859: [GC [PSYoungGen: 227190K->950K(272832K)] 579709K->353525K(959808K), 0.0188750 secs] [Times: user=0.11 sys=0.00, real=0.02 secs] 
2014-07-08T06:07:44.407+0000: 2327.866: [GC [PSYoungGen: 272822K->1176K(327488K)] 625397K->353783K(1014464K), 0.0158480 secs] [Times: user=0.08 sys=0.01, real=0.02 secs] 
2014-07-08T06:07:45.497+0000: 2328.956: [GC [PSYoungGen: 327448K->932K(392512K)] 680055K->353634K(1079488K), 0.0055810 secs] [Times: user=0.03 sys=0.00, real=0.01 secs] 
2014-07-08T06:07:46.770+0000: 2330.229: [GC [PSYoungGen: 392484K->808K(380608K)] 745186K->353583K(1067584K), 0.0041280 secs] [Times: user=0.02 sys=0.00, real=0.01 secs] 
2014-07-08T06:07:47.890+0000: 2331.350: [GC [PSYoungGen: 380584K->708K(369280K)] 733359K->353562K(1056256K), 0.0036530 secs] [Times: user=0.02 sys=0.01, real=0.01 secs] 
2014-07-08T06:07:49.088+0000: 2332.547: [GC [PSYoungGen: 369213K->758K(358464K)] 722068K->353685K(1045440K), 0.0055720 secs] [Times: user=0.03 sys=0.01, real=0.01 secs] 
2014-07-08T06:07:50.158+0000: 2333.618: [GC [PSYoungGen: 358454K->722K(348096K)] 711381K->353696K(1035072K), 0.0054870 secs] [Times: user=0.02 sys=0.00, real=0.01 secs] 
2014-07-08T06:07:51.367+0000: 2334.827: [GC [PSYoungGen: 348050K->1217K(338688K)] 701024K->354248K(1025664K), 0.0085930 secs] [Times: user=0.05 sys=0.00, real=0.01 secs] 
2014-07-08T06:07:52.470+0000: 2335.930: [GC [PSYoungGen: 338580K->1260K(329152K)] 691611K->354355K(1016128K), 0.0128980 secs] [Times: user=0.07 sys=0.00, real=0.02 secs] 
2014-07-08T06:07:53.496+0000: 2336.956: [GC [PSYoungGen: 329131K->441K(319168K)] 682226K->354231K(1006144K), 0.0036900 secs] [Times: user=0.03 sys=0.00, real=0.00 secs] 
2014-07-08T06:07:54.546+0000: 2338.005: [GC [PSYoungGen: 319160K->1426K(311424K)] 672950K->355256K(998400K), 0.0042910 secs] [Times: user=0.02 sys=0.00, real=0.00 secs] 
2014-07-08T06:07:55.501+0000: 2338.961: [GC [PSYoungGen: 311378K->1190K(302720K)] 665208K->355540K(989696K), 0.0038130 secs] [Times: user=0.02 sys=0.00, real=0.01 secs] 
2014-07-08T06:07:56.491+0000: 2339.950: [GC [PSYoungGen: 302675K->1210K(294656K)] 657026K->355664K(981632K), 0.0076240 secs] [Times: user=0.04 sys=0.01, real=0.01 secs] 
2014-07-08T06:07:57.409+0000: 2340.868: [GC [PSYoungGen: 294650K->1014K(286656K)] 649104K->355540K(973632K), 0.0077550 secs] [Times: user=0.05 sys=0.00, real=0.01 secs] 
2014-07-08T06:07:58.250+0000: 2341.709: [GC [PSYoungGen: 286646K->946K(279104K)] 641172K->355568K(966080K), 0.0058080 secs] [Times: user=0.03 sys=0.00, real=0.01 secs] 
2014-07-08T06:07:59.203+0000: 2342.662: [GC [PSYoungGen: 279090K->942K(271936K)] 633712K->355660K(958912K), 0.0074140 secs] [Times: user=0.04 sys=0.00, real=0.00 secs] 
2014-07-08T06:08:00.094+0000: 2343.554: [GC [PSYoungGen: 271918K->954K(265024K)] 626636K->355744K(952000K), 0.0083250 secs] [Times: user=0.05 sys=0.00, real=0.01 secs] 
2014-07-08T06:08:00.993+0000: 2344.452: [GC [PSYoungGen: 265018K->786K(258240K)] 619808K->355632K(945216K), 0.0081260 secs] [Times: user=0.05 sys=0.00, real=0.01 secs] 
2014-07-08T06:08:01.819+0000: 2345.279: [GC [PSYoungGen: 258194K->1188K(252224K)] 613040K->356114K(939200K), 0.0042890 secs] [Times: user=0.02 sys=0.01, real=0.01 secs] 
2014-07-08T06:08:02.640+0000: 2346.099: [GC [PSYoungGen: 252196K->990K(245888K)] 607122K->355988K(932864K), 0.0032540 secs] [Times: user=0.02 sys=0.01, real=0.01 secs] 
2014-07-08T06:08:03.366+0000: 2346.825: [GC [PSYoungGen: 245854K->1052K(240000K)] 600852K->356114K(926976K), 0.0049570 secs] [Times: user=0.02 sys=0.00, real=0.00 secs] 
2014-07-08T06:08:04.205+0000: 2347.664: [GC [PSYoungGen: 239960K->932K(234176K)] 595022K->356066K(921152K), 0.0045400 secs] [Times: user=0.03 sys=0.00, real=0.00 secs] 
2014-07-08T06:08:04.953+0000: 2348.413: [GC [PSYoungGen: 234148K->860K(228608K)] 589282K->356066K(915584K), 0.0086800 secs] [Times: user=0.05 sys=0.00, real=0.00 secs] 
2014-07-08T06:08:05.856+0000: 2349.315: [GC [PSYoungGen: 228572K->1260K(223680K)] 583778K->357123K(910656K), 0.0106300 secs] [Times: user=0.07 sys=0.01, real=0.01 secs] 
2014-07-08T06:08:06.653+0000: 2350.112: [GC [PSYoungGen: 223660K->1068K(218368K)] 579523K->356987K(905344K), 0.0115230 secs] [Times: user=0.06 sys=0.00, real=0.02 secs] 
2014-07-08T06:08:07.215+0000: 2350.674: [GC [PSYoungGen: 218348K->822K(213184K)] 574267K->356821K(900160K), 0.0059730 secs] [Times: user=0.05 sys=0.00, real=0.00 secs] 
2014-07-08T06:08:07.962+0000: 2351.421: [GC [PSYoungGen: 213174K->708K(208384K)] 569173K->356795K(895360K), 0.0036410 secs] [Times: user=0.03 sys=0.00, real=0.01 secs] 
2014-07-08T06:08:08.797+0000: 2352.256: [GC [PSYoungGen: 208301K->1576K(204608K)] 564388K->357736K(891584K), 0.0083900 secs] [Times: user=0.06 sys=0.01, real=0.01 secs] 
2014-07-08T06:08:09.299+0000: 2352.758: [GC [PSYoungGen: 204505K->1210K(199808K)] 560665K->357417K(886784K), 0.0061450 secs] [Times: user=0.03 sys=0.00, real=0.01 secs] 
2014-07-08T06:08:09.984+0000: 2353.443: [GC [PSYoungGen: 199801K->936K(195264K)] 556009K->357271K(882240K), 0.0073260 secs] [Times: user=0.04 sys=0.00, real=0.01 secs] 
2014-07-08T06:08:10.734+0000: 2354.193: [GC [PSYoungGen: 195240K->1224K(191424K)] 551575K->357682K(878400K), 0.0072650 secs] [Times: user=0.05 sys=0.01, real=0.01 secs] 
2014-07-08T06:08:11.179+0000: 2354.638: [GC [PSYoungGen: 191368K->896K(229184K)] 547826K->357518K(916160K), 0.0067240 secs] [Times: user=0.04 sys=0.00, real=0.01 secs] 
2014-07-08T06:08:11.934+0000: 2355.393: [GC [PSYoungGen: 229120K->886K(223808K)] 585742K->357571K(910784K), 0.0043070 secs] [Times: user=0.02 sys=0.00, real=0.01 secs] 
2014-07-08T06:08:12.765+0000: 2356.225: [GC [PSYoungGen: 223798K->1494K(219328K)] 580483K->358252K(906304K), 0.0048540 secs] [Times: user=0.02 sys=0.00, real=0.00 secs] 
2014-07-08T06:08:13.528+0000: 2356.988: [GC [PSYoungGen: 219286K->1298K(214208K)] 576044K->358143K(901184K), 0.0114130 secs] [Times: user=0.08 sys=0.00, real=0.01 secs] 
2014-07-08T06:08:14.076+0000: 2357.536: [GC [PSYoungGen: 214157K->751K(256256K)] 571003K->357759K(943232K), 0.0120420 secs] [Times: user=0.08 sys=0.01, real=0.01 secs] 
2014-07-08T06:08:14.875+0000: 2358.335: [GC [PSYoungGen: 256239K->1052K(307712K)] 613247K->358132K(994688K), 0.0076560 secs] [Times: user=0.04 sys=0.00, real=0.00 secs] 
2014-07-08T06:08:15.965+0000: 2359.424: [GC [PSYoungGen: 307676K->858K(368896K)] 664756K->358001K(1055872K), 0.0065490 secs] [Times: user=0.03 sys=0.00, real=0.01 secs] 
2014-07-08T06:08:17.010+0000: 2360.470: [GC [PSYoungGen: 368858K->800K(358016K)] 726001K->358015K(1044992K), 0.0086620 secs] [Times: user=0.05 sys=0.00, real=0.01 secs] 
2014-07-08T06:08:18.137+0000: 2361.597: [GC [PSYoungGen: 357984K->1046K(347904K)] 715199K->358357K(1034880K), 0.0078320 secs] [Times: user=0.05 sys=0.00, real=0.01 secs] 
2014-07-08T06:08:19.347+0000: 2362.807: [GC [PSYoungGen: 347861K->1256K(338176K)] 705173K->358647K(1025152K), 0.0081120 secs] [Times: user=0.04 sys=0.00, real=0.01 secs] 
2014-07-08T06:08:20.389+0000: 2363.849: [GC [PSYoungGen: 338151K->890K(328256K)] 695543K->358473K(1015232K), 0.0112180 secs] [Times: user=0.06 sys=0.00, real=0.01 secs] 
2014-07-08T06:08:21.544+0000: 2365.003: [GC [PSYoungGen: 328248K->1260K(319488K)] 685831K->358915K(1006464K), 0.0080240 secs] [Times: user=0.05 sys=0.00, real=0.01 secs] 
2014-07-08T06:08:22.527+0000: 2365.986: [GC [PSYoungGen: 319468K->992K(310464K)] 677123K->358704K(997440K), 0.0073650 secs] [Times: user=0.05 sys=0.00, real=0.00 secs] 
2014-07-08T06:08:23.502+0000: 2366.962: [GC [PSYoungGen: 310432K->1446K(302528K)] 668144K->359214K(989504K), 0.0094410 secs] [Times: user=0.05 sys=0.01, real=0.01 secs] 
2014-07-08T06:08:24.449+0000: 2367.909: [GC [PSYoungGen: 302502K->740K(293760K)] 660270K->358587K(980736K), 0.0060070 secs] [Times: user=0.03 sys=0.00, real=0.00 secs] 
2014-07-08T06:08:25.330+0000: 2368.789: [GC [PSYoungGen: 293732K->836K(286144K)] 651579K->358739K(973120K), 0.0070360 secs] [Times: user=0.04 sys=0.00, real=0.01 secs] 
2014-07-08T06:08:26.180+0000: 2369.639: [GC [PSYoungGen: 286084K->818K(278592K)] 643987K->358802K(965568K), 0.0067460 secs] [Times: user=0.04 sys=0.00, real=0.01 secs] 
2014-07-08T06:08:27.060+0000: 2370.519: [GC [PSYoungGen: 278578K->854K(271488K)] 636562K->358901K(958464K), 0.0061380 secs] [Times: user=0.02 sys=0.00, real=0.00 secs] 
2014-07-08T06:08:27.930+0000: 2371.389: [GC [PSYoungGen: 271446K->864K(264576K)] 629493K->358968K(951552K), 0.0064760 secs] [Times: user=0.04 sys=0.00, real=0.00 secs] 
2014-07-08T06:08:28.879+0000: 2372.339: [GC [PSYoungGen: 264544K->1210K(258240K)] 622648K->359361K(945216K), 0.0045770 secs] [Times: user=0.02 sys=0.00, real=0.00 secs] 
2014-07-08T06:08:29.672+0000: 2373.131: [GC [PSYoungGen: 258234K->1110K(251776K)] 616385K->359334K(938752K), 0.0049940 secs] [Times: user=0.02 sys=0.00, real=0.01 secs] 
2014-07-08T06:08:30.444+0000: 2373.903: [GC [PSYoungGen: 251684K->1085K(245568K)] 609908K->359373K(932544K), 0.0090580 secs] [Times: user=0.06 sys=0.00, real=0.01 secs] 
2014-07-08T06:08:31.294+0000: 2374.753: [GC [PSYoungGen: 245538K->1000K(239616K)] 603826K->359580K(926592K), 0.0045480 secs] [Times: user=0.02 sys=0.00, real=0.01 secs] 
2014-07-08T06:08:32.017+0000: 2375.477: [GC [PSYoungGen: 239592K->694K(233600K)] 598172K->359313K(920576K), 0.0084820 secs] [Times: user=0.05 sys=0.00, real=0.00 secs] 
2014-07-08T06:08:32.828+0000: 2376.287: [GC [PSYoungGen: 233590K->1234K(228672K)] 592209K->360074K(915648K), 0.0050470 secs] [Times: user=0.03 sys=0.01, real=0.00 secs] 
2014-07-08T06:08:33.697+0000: 2377.157: [GC [PSYoungGen: 228591K->1150K(223232K)] 587431K->360038K(910208K), 0.0040080 secs] [Times: user=0.02 sys=0.00, real=0.01 secs] 
2014-07-08T06:08:34.354+0000: 2377.813: [GC [PSYoungGen: 223218K->943K(217920K)] 582106K->360265K(904896K), 0.0071670 secs] [Times: user=0.04 sys=0.00, real=0.01 secs] 
2014-07-08T06:08:35.015+0000: 2378.474: [GC [PSYoungGen: 217903K->662K(212736K)] 577225K->360032K(899712K), 0.0045120 secs] [Times: user=0.02 sys=0.00, real=0.01 secs] 
2014-07-08T06:08:35.724+0000: 2379.183: [GC [PSYoungGen: 212694K->932K(208256K)] 572064K->360374K(895232K), 0.0073150 secs] [Times: user=0.04 sys=0.00, real=0.01 secs] 
2014-07-08T06:08:36.387+0000: 2379.846: [GC [PSYoungGen: 208228K->1021K(203712K)] 567670K->360527K(890688K), 0.0067620 secs] [Times: user=0.05 sys=0.00, real=0.01 secs] 
2014-07-08T06:08:36.990+0000: 2380.450: [GC [PSYoungGen: 203709K->1220K(199552K)] 563215K->360814K(886528K), 0.0069290 secs] [Times: user=0.04 sys=0.00, real=0.00 secs] 
2014-07-08T06:08:37.705+0000: 2381.164: [GC [PSYoungGen: 199492K->794K(194816K)] 559086K->360460K(881792K), 0.0045390 secs] [Times: user=0.02 sys=0.00, real=0.01 secs] 
2014-07-08T06:08:38.206+0000: 2381.665: [GC [PSYoungGen: 194778K->872K(233728K)] 554444K->360602K(920704K), 0.0193090 secs] [Times: user=0.13 sys=0.00, real=0.02 secs] 
2014-07-08T06:08:39.031+0000: 2382.491: [GC [PSYoungGen: 233704K->818K(280256K)] 593434K->360580K(967232K), 0.0048740 secs] [Times: user=0.02 sys=0.00, real=0.00 secs] 
2014-07-08T06:08:39.901+0000: 2383.361: [GC [PSYoungGen: 280222K->908K(336320K)] 639985K->360742K(1023296K), 0.0113660 secs] [Times: user=0.06 sys=0.00, real=0.01 secs] 
2014-07-08T06:08:41.064+0000: 2384.523: [GC [PSYoungGen: 336268K->1280K(379136K)] 696102K->361178K(1066112K), 0.0093490 secs] [Times: user=0.07 sys=0.00, real=0.01 secs] 
2014-07-08T06:08:42.167+0000: 2385.626: [GC [PSYoungGen: 378831K->968K(404096K)] 738729K->360938K(1091072K), 0.0078010 secs] [Times: user=0.05 sys=0.01, real=0.01 secs] 
2014-07-08T06:08:43.631+0000: 2387.090: [GC [PSYoungGen: 403464K->1509K(391808K)] 763434K->361543K(1078784K), 0.0052950 secs] [Times: user=0.03 sys=0.00, real=0.00 secs] 
2014-07-08T06:08:44.863+0000: 2388.322: [GC [PSYoungGen: 391781K->64K(378624K)] 751815K->360698K(1065600K), 0.0079660 secs] [Times: user=0.05 sys=0.00, real=0.01 secs] 
2014-07-08T06:08:45.958+0000: 2389.418: [GC [PSYoungGen: 378624K->1288K(369088K)] 739258K->361978K(1056064K), 0.0035920 secs] [Times: user=0.01 sys=0.00, real=0.01 secs] 
2014-07-08T06:08:47.189+0000: 2390.648: [GC [PSYoungGen: 368648K->1102K(357760K)] 729338K->362195K(1044736K), 0.0079650 secs] [Times: user=0.05 sys=0.00, real=0.01 secs] 
2014-07-08T06:08:48.314+0000: 2391.773: [GC [PSYoungGen: 357659K->1367K(347712K)] 718751K->362523K(1034688K), 0.0047280 secs] [Times: user=0.02 sys=0.00, real=0.00 secs] 
2014-07-08T06:08:49.567+0000: 2393.027: [GC [PSYoungGen: 347671K->804K(337216K)] 708827K->362136K(1024192K), 0.0048600 secs] [Times: user=0.03 sys=0.01, real=0.01 secs] 
2014-07-08T06:08:50.619+0000: 2394.079: [GC [PSYoungGen: 337147K->1160K(328128K)] 698480K->362556K(1015104K), 0.0052140 secs] [Times: user=0.04 sys=0.00, real=0.01 secs] 
2014-07-08T06:08:51.708+0000: 2395.168: [GC [PSYoungGen: 328072K->712K(318592K)] 689468K->362314K(1005568K), 0.0041870 secs] [Times: user=0.02 sys=0.00, real=0.01 secs] 
2014-07-08T06:08:52.764+0000: 2396.223: [GC [PSYoungGen: 318534K->1238K(310336K)] 680136K->362921K(997312K), 0.0049820 secs] [Times: user=0.03 sys=0.00, real=0.00 secs] 
2014-07-08T06:08:53.845+0000: 2397.304: [GC [PSYoungGen: 310294K->1124K(301824K)] 671976K->362895K(988800K), 0.0095360 secs] [Times: user=0.06 sys=0.00, real=0.01 secs] 
2014-07-08T06:08:54.758+0000: 2398.217: [GC [PSYoungGen: 301796K->882K(293504K)] 663567K->362764K(980480K), 0.0086220 secs] [Times: user=0.06 sys=0.00, real=0.01 secs] 
2014-07-08T06:08:55.695+0000: 2399.154: [GC [PSYoungGen: 293475K->1228K(286144K)] 655358K->363182K(973120K), 0.0085210 secs] [Times: user=0.05 sys=0.01, real=0.01 secs] 
2014-07-08T06:08:56.668+0000: 2400.128: [GC [PSYoungGen: 286082K->1434K(278912K)] 648037K->363484K(965888K), 0.0081370 secs] [Times: user=0.04 sys=0.00, real=0.01 secs] 
2014-07-08T06:08:57.502+0000: 2400.961: [GC [PSYoungGen: 278827K->630K(270912K)] 640877K->363241K(957888K), 0.0072970 secs] [Times: user=0.05 sys=0.01, real=0.00 secs] 
2014-07-08T06:08:58.323+0000: 2401.782: [GC [PSYoungGen: 270902K->1210K(264576K)] 633513K->363901K(951552K), 0.0078260 secs] [Times: user=0.05 sys=0.00, real=0.00 secs] 
2014-07-08T06:08:59.219+0000: 2402.679: [GC [PSYoungGen: 264570K->726K(257536K)] 627261K->363637K(944512K), 0.0045870 secs] [Times: user=0.02 sys=0.01, real=0.01 secs] 
2014-07-08T06:09:00.045+0000: 2403.504: [GC [PSYoungGen: 257490K->900K(251328K)] 620401K->363883K(938304K), 0.0044260 secs] [Times: user=0.02 sys=0.00, real=0.00 secs] 
2014-07-08T06:09:00.866+0000: 2404.325: [GC [PSYoungGen: 251268K->690K(244928K)] 614251K->363745K(931904K), 0.0055150 secs] [Times: user=0.04 sys=0.00, real=0.00 secs] 
2014-07-08T06:09:01.764+0000: 2405.224: [GC [PSYoungGen: 244914K->1210K(239552K)] 607969K->364361K(926528K), 0.0044440 secs] [Times: user=0.02 sys=0.00, real=0.00 secs] 
2014-07-08T06:09:02.432+0000: 2405.892: [GC [PSYoungGen: 239546K->1118K(233792K)] 602697K->364309K(920768K), 0.0108510 secs] [Times: user=0.07 sys=0.01, real=0.01 secs] 
2014-07-08T06:09:03.114+0000: 2406.573: [GC [PSYoungGen: 233758K->800K(227968K)] 596949K->364047K(914944K), 0.0084900 secs] [Times: user=0.05 sys=0.00, real=0.01 secs] 
2014-07-08T06:09:04.003+0000: 2407.463: [GC [PSYoungGen: 227936K->1068K(222912K)] 591183K->364387K(909888K), 0.0043490 secs] [Times: user=0.02 sys=0.00, real=0.00 secs] 
2014-07-08T06:09:04.753+0000: 2408.212: [GC [PSYoungGen: 222892K->1190K(217920K)] 586211K->364589K(904896K), 0.0042270 secs] [Times: user=0.02 sys=0.00, real=0.00 secs] 
2014-07-08T06:09:05.500+0000: 2408.960: [GC [PSYoungGen: 217867K->936K(212736K)] 581266K->364535K(899712K), 0.0076270 secs] [Times: user=0.06 sys=0.00, real=0.01 secs] 
2014-07-08T06:09:06.158+0000: 2409.617: [GC [PSYoungGen: 212712K->718K(254912K)] 576311K->364407K(941888K), 0.0137680 secs] [Times: user=0.09 sys=0.00, real=0.01 secs] 
2014-07-08T06:09:07.019+0000: 2410.479: [GC [PSYoungGen: 254851K->972K(306048K)] 618540K->364749K(993024K), 0.0096020 secs] [Times: user=0.05 sys=0.00, real=0.01 secs] 
2014-07-08T06:09:07.975+0000: 2411.434: [GC [PSYoungGen: 305996K->922K(297728K)] 669773K->364787K(984704K), 0.0045270 secs] [Times: user=0.02 sys=0.00, real=0.00 secs] 
2014-07-08T06:09:09.002+0000: 2412.462: [GC [PSYoungGen: 297690K->776K(289664K)] 661555K->364697K(976640K), 0.0075210 secs] [Times: user=0.05 sys=0.00, real=0.01 secs] 
2014-07-08T06:09:09.915+0000: 2413.375: [GC [PSYoungGen: 289608K->576K(281792K)] 653529K->364537K(968768K), 0.0053610 secs] [Times: user=0.02 sys=0.00, real=0.00 secs] 
2014-07-08T06:09:10.796+0000: 2414.256: [GC [PSYoungGen: 281792K->864K(274816K)] 645753K->364913K(961792K), 0.0070040 secs] [Times: user=0.04 sys=0.00, real=0.01 secs] 
2014-07-08T06:09:11.794+0000: 2415.253: [GC [PSYoungGen: 274765K->1376K(268288K)] 638814K->365521K(955264K), 0.0105370 secs] [Times: user=0.06 sys=0.00, real=0.01 secs] 
2014-07-08T06:09:12.545+0000: 2416.004: [GC [PSYoungGen: 268256K->701K(260800K)] 632401K->365316K(947776K), 0.0051850 secs] [Times: user=0.02 sys=0.00, real=0.00 secs] 
2014-07-08T06:09:13.278+0000: 2416.738: [GC [PSYoungGen: 260774K->1268K(254848K)] 625389K->365931K(941824K), 0.0077040 secs] [Times: user=0.05 sys=0.00, real=0.01 secs] 
2014-07-08T06:09:14.196+0000: 2417.655: [GC [PSYoungGen: 254826K->826K(248128K)] 619490K->365791K(935104K), 0.0084510 secs] [Times: user=0.05 sys=0.00, real=0.01 secs] 
2014-07-08T06:09:14.949+0000: 2418.408: [GC [PSYoungGen: 248122K->612K(241920K)] 613087K->365633K(928896K), 0.0041830 secs] [Times: user=0.02 sys=0.00, real=0.00 secs] 
2014-07-08T06:09:15.788+0000: 2419.247: [GC [PSYoungGen: 241892K->1441K(236928K)] 606913K->366534K(923904K), 0.0047460 secs] [Times: user=0.03 sys=0.00, real=0.00 secs] 
2014-07-08T06:09:16.452+0000: 2419.911: [GC [PSYoungGen: 236897K->1316K(231232K)] 601990K->366505K(918208K), 0.0090890 secs] [Times: user=0.05 sys=0.00, real=0.01 secs] 
2014-07-08T06:09:17.170+0000: 2420.629: [GC [PSYoungGen: 231204K->676K(225216K)] 596393K->366113K(912192K), 0.0045410 secs] [Times: user=0.02 sys=0.00, real=0.01 secs] 
2014-07-08T06:09:17.932+0000: 2421.392: [GC [PSYoungGen: 225188K->982K(220352K)] 590625K->366483K(907328K), 0.0046150 secs] [Times: user=0.02 sys=0.01, real=0.01 secs] 
2014-07-08T06:09:18.749+0000: 2422.209: [GC [PSYoungGen: 220310K->918K(215296K)] 585811K->366499K(902272K), 0.0088800 secs] [Times: user=0.06 sys=0.00, real=0.01 secs] 
2014-07-08T06:09:19.422+0000: 2422.881: [GC [PSYoungGen: 215212K->1484K(211008K)] 580793K->367169K(897984K), 0.0039740 secs] [Times: user=0.02 sys=0.00, real=0.01 secs] 
2014-07-08T06:09:20.040+0000: 2423.499: [GC [PSYoungGen: 210956K->840K(205696K)] 576641K->366589K(892672K), 0.0084570 secs] [Times: user=0.06 sys=0.00, real=0.01 secs] 
2014-07-08T06:09:20.745+0000: 2424.204: [GC [PSYoungGen: 205640K->996K(201344K)] 571389K->366825K(888320K), 0.0080180 secs] [Times: user=0.05 sys=0.00, real=0.01 secs] 
2014-07-08T06:09:21.314+0000: 2424.774: [GC [PSYoungGen: 201304K->1569K(197568K)] 567133K->367558K(884544K), 0.0055630 secs] [Times: user=0.02 sys=0.00, real=0.01 secs] 
2014-07-08T06:09:22.049+0000: 2425.509: [GC [PSYoungGen: 197532K->694K(192448K)] 563521K->366739K(879424K), 0.0067060 secs] [Times: user=0.04 sys=0.00, real=0.01 secs] 
2014-07-08T06:09:22.704+0000: 2426.164: [GC [PSYoungGen: 192438K->954K(188672K)] 558483K->367079K(875648K), 0.0068760 secs] [Times: user=0.04 sys=0.00, real=0.01 secs] 
2014-07-08T06:09:23.188+0000: 2426.647: [GC [PSYoungGen: 188640K->1150K(184960K)] 554765K->367355K(871936K), 0.0055610 secs] [Times: user=0.04 sys=0.00, real=0.00 secs] 
2014-07-08T06:09:23.950+0000: 2427.410: [GC [PSYoungGen: 184958K->1224K(181312K)] 551163K->367533K(868288K), 0.0038830 secs] [Times: user=0.02 sys=0.00, real=0.00 secs] 
2014-07-08T06:09:24.477+0000: 2427.936: [GC [PSYoungGen: 181244K->740K(177152K)] 547553K->367113K(864128K), 0.0070140 secs] [Times: user=0.04 sys=0.00, real=0.00 secs] 
2014-07-08T06:09:24.997+0000: 2428.457: [GC [PSYoungGen: 177087K->612K(173504K)] 543460K->367041K(860480K), 0.0044970 secs] [Times: user=0.03 sys=0.00, real=0.00 secs] 
2014-07-08T06:09:25.586+0000: 2429.045: [GC [PSYoungGen: 173391K->1640K(171072K)] 539820K->368125K(858048K), 0.0066330 secs] [Times: user=0.04 sys=0.01, real=0.00 secs] 
2014-07-08T06:09:26.091+0000: 2429.550: [GC [PSYoungGen: 171048K->982K(204352K)] 537533K->367531K(891328K), 0.0067830 secs] [Times: user=0.04 sys=0.00, real=0.01 secs] 
2014-07-08T06:09:26.853+0000: 2430.313: [GC [PSYoungGen: 204310K->1192K(200064K)] 570859K->367813K(887040K), 0.0046120 secs] [Times: user=0.02 sys=0.00, real=0.01 secs] 
2014-07-08T06:09:27.456+0000: 2430.915: [GC [PSYoungGen: 200040K->868K(239552K)] 566661K->367529K(926528K), 0.0111650 secs] [Times: user=0.06 sys=0.00, real=0.02 secs] 
2014-07-08T06:09:28.175+0000: 2431.634: [GC [PSYoungGen: 239524K->914K(287360K)] 606185K->367623K(974336K), 0.0043340 secs] [Times: user=0.02 sys=0.00, real=0.01 secs] 
2014-07-08T06:09:29.183+0000: 2432.642: [GC [PSYoungGen: 287314K->804K(279744K)] 654023K->367577K(966720K), 0.0072710 secs] [Times: user=0.05 sys=0.00, real=0.01 secs] 
2014-07-08T06:09:30.065+0000: 2433.525: [GC [PSYoungGen: 279716K->818K(272512K)] 646489K->367663K(959488K), 0.0037590 secs] [Times: user=0.02 sys=0.00, real=0.01 secs] 
2014-07-08T06:09:30.979+0000: 2434.438: [GC [PSYoungGen: 272498K->676K(265472K)] 639343K->367577K(952448K), 0.0072730 secs] [Times: user=0.04 sys=0.00, real=0.01 secs] 
2014-07-08T06:09:31.914+0000: 2435.374: [GC [PSYoungGen: 265444K->790K(258944K)] 632345K->367787K(945920K), 0.0057020 secs] [Times: user=0.03 sys=0.00, real=0.01 secs] 
2014-07-08T06:09:32.752+0000: 2436.211: [GC [PSYoungGen: 258902K->1248K(252992K)] 625899K->368325K(939968K), 0.0062450 secs] [Times: user=0.04 sys=0.01, real=0.01 secs] 
2014-07-08T06:09:33.512+0000: 2436.972: [GC [PSYoungGen: 252956K->1160K(246720K)] 620033K->368301K(933696K), 0.0041950 secs] [Times: user=0.02 sys=0.01, real=0.00 secs] 
2014-07-08T06:09:34.363+0000: 2437.822: [GC [PSYoungGen: 246664K->868K(240448K)] 613805K->368391K(927424K), 0.0060460 secs] [Times: user=0.04 sys=0.00, real=0.01 secs] 
2014-07-08T06:09:35.087+0000: 2438.547: [GC [PSYoungGen: 240420K->644K(234496K)] 607943K->368215K(921472K), 0.0041860 secs] [Times: user=0.02 sys=0.00, real=0.00 secs] 
2014-07-08T06:09:35.888+0000: 2439.348: [GC [PSYoungGen: 234429K->1167K(229504K)] 602000K->368918K(916480K), 0.0048260 secs] [Times: user=0.02 sys=0.01, real=0.00 secs] 
2014-07-08T06:09:36.647+0000: 2440.107: [GC [PSYoungGen: 229455K->872K(223872K)] 597206K->368679K(910848K), 0.0102600 secs] [Times: user=0.07 sys=0.00, real=0.01 secs] 
2014-07-08T06:09:37.386+0000: 2440.845: [GC [PSYoungGen: 223848K->1380K(219264K)] 591655K->369259K(906240K), 0.0078260 secs] [Times: user=0.04 sys=0.00, real=0.01 secs] 
2014-07-08T06:09:38.073+0000: 2441.532: [GC [PSYoungGen: 219236K->886K(213824K)] 587115K->368829K(900800K), 0.0058700 secs] [Times: user=0.04 sys=0.00, real=0.01 secs] 
2014-07-08T06:09:38.827+0000: 2442.287: [GC [PSYoungGen: 213814K->854K(209024K)] 581757K->368869K(896000K), 0.0070630 secs] [Times: user=0.04 sys=0.01, real=0.00 secs] 
2014-07-08T06:09:39.449+0000: 2442.908: [GC [PSYoungGen: 208982K->868K(250688K)] 576997K->368939K(937664K), 0.0123350 secs] [Times: user=0.07 sys=0.01, real=0.01 secs] 
2014-07-08T06:09:40.217+0000: 2443.677: [GC [PSYoungGen: 250660K->744K(300544K)] 618731K->368911K(987520K), 0.0084560 secs] [Times: user=0.06 sys=0.00, real=0.01 secs] 
2014-07-08T06:09:41.170+0000: 2444.630: [GC [PSYoungGen: 300520K->740K(292544K)] 668687K->368979K(979520K), 0.0045510 secs] [Times: user=0.02 sys=0.00, real=0.00 secs] 
2014-07-08T06:09:42.157+0000: 2445.617: [GC [PSYoungGen: 292508K->936K(284992K)] 660747K->369247K(971968K), 0.0039620 secs] [Times: user=0.02 sys=0.00, real=0.01 secs] 
2014-07-08T06:09:43.049+0000: 2446.508: [GC [PSYoungGen: 284931K->858K(277504K)] 653242K->369249K(964480K), 0.0080040 secs] [Times: user=0.06 sys=0.00, real=0.00 secs] 
2014-07-08T06:09:44.010+0000: 2447.470: [GC [PSYoungGen: 277464K->832K(270400K)] 645855K->369287K(957376K), 0.0114630 secs] [Times: user=0.07 sys=0.00, real=0.01 secs] 
2014-07-08T06:09:44.882+0000: 2448.342: [GC [PSYoungGen: 270336K->758K(263424K)] 638791K->369285K(950400K), 0.0043310 secs] [Times: user=0.02 sys=0.00, real=0.00 secs] 
2014-07-08T06:09:45.771+0000: 2449.230: [GC [PSYoungGen: 263395K->1316K(257408K)] 631923K->369923K(944384K), 0.0076260 secs] [Times: user=0.05 sys=0.00, real=0.00 secs] 
2014-07-08T06:09:46.522+0000: 2449.981: [GC [PSYoungGen: 257380K->1220K(251008K)] 625987K->369907K(937984K), 0.0092390 secs] [Times: user=0.05 sys=0.00, real=0.01 secs] 
2014-07-08T06:09:47.353+0000: 2450.812: [GC [PSYoungGen: 250948K->502K(244096K)] 619635K->369861K(931072K), 0.0046040 secs] [Times: user=0.02 sys=0.00, real=0.00 secs] 
2014-07-08T06:09:48.186+0000: 2451.645: [GC [PSYoungGen: 244060K->1264K(238976K)] 613419K->370703K(925952K), 0.0060830 secs] [Times: user=0.04 sys=0.00, real=0.01 secs] 
2014-07-08T06:09:48.926+0000: 2452.385: [GC [PSYoungGen: 238960K->978K(233024K)] 608399K->370725K(920000K), 0.0121660 secs] [Times: user=0.07 sys=0.01, real=0.01 secs] 
2014-07-08T06:09:49.730+0000: 2453.189: [GC [PSYoungGen: 232951K->1088K(279552K)] 602699K->370891K(966528K), 0.0115050 secs] [Times: user=0.08 sys=0.00, real=0.01 secs] 
2014-07-08T06:09:50.594+0000: 2454.053: [GC [PSYoungGen: 279488K->1066K(272320K)] 649291K->370974K(959296K), 0.0061500 secs] [Times: user=0.04 sys=0.00, real=0.01 secs] 
2014-07-08T06:09:51.433+0000: 2454.893: [GC [PSYoungGen: 272298K->1374K(265728K)] 642206K->371385K(952704K), 0.0085050 secs] [Times: user=0.06 sys=0.01, real=0.01 secs] 
2014-07-08T06:09:52.295+0000: 2455.754: [GC [PSYoungGen: 265694K->622K(258304K)] 635705K->370979K(945280K), 0.0061170 secs] [Times: user=0.05 sys=0.00, real=0.01 secs] 
2014-07-08T06:09:53.174+0000: 2456.633: [GC [PSYoungGen: 258286K->1171K(310464K)] 628643K->371576K(997440K), 0.0114550 secs] [Times: user=0.07 sys=0.00, real=0.01 secs] 
2014-07-08T06:09:54.127+0000: 2457.586: [GC [PSYoungGen: 310419K->694K(301568K)] 680824K->371337K(988544K), 0.0079090 secs] [Times: user=0.05 sys=0.00, real=0.01 secs] 
2014-07-08T06:09:55.046+0000: 2458.505: [GC [PSYoungGen: 301558K->722K(350208K)] 672201K->371413K(1037184K), 0.0192670 secs] [Times: user=0.12 sys=0.00, real=0.02 secs] 
2014-07-08T06:09:56.180+0000: 2459.639: [GC [PSYoungGen: 349330K->964K(362752K)] 720021K->371735K(1049728K), 0.0080340 secs] [Times: user=0.05 sys=0.00, real=0.01 secs] 
2014-07-08T06:09:57.534+0000: 2460.993: [GC [PSYoungGen: 362116K->1526K(352192K)] 732887K->372393K(1039168K), 0.0076230 secs] [Times: user=0.04 sys=0.00, real=0.01 secs] 
2014-07-08T06:09:58.653+0000: 2462.112: [GC [PSYoungGen: 352182K->64K(340672K)] 723049K->371519K(1027648K), 0.0088470 secs] [Times: user=0.06 sys=0.01, real=0.01 secs] 
2014-07-08T06:09:59.703+0000: 2463.163: [GC [PSYoungGen: 340672K->1524K(332480K)] 712127K->373012K(1019456K), 0.0076990 secs] [Times: user=0.05 sys=0.00, real=0.01 secs] 
2014-07-08T06:10:00.723+0000: 2464.182: [GC [PSYoungGen: 332468K->1312K(323008K)] 703956K->373284K(1009984K), 0.0043960 secs] [Times: user=0.03 sys=0.00, real=0.00 secs] 
2014-07-08T06:10:01.731+0000: 2465.190: [GC [PSYoungGen: 322950K->1054K(313856K)] 694922K->373113K(1000832K), 0.0080060 secs] [Times: user=0.05 sys=0.00, real=0.01 secs] 
2014-07-08T06:10:02.849+0000: 2466.309: [GC [PSYoungGen: 313822K->1036K(305344K)] 685881K->373183K(992320K), 0.0053490 secs] [Times: user=0.03 sys=0.00, real=0.01 secs] 
2014-07-08T06:10:03.816+0000: 2467.275: [GC [PSYoungGen: 305292K->708K(296832K)] 677439K->372895K(983808K), 0.0101090 secs] [Times: user=0.05 sys=0.00, real=0.01 secs] 
2014-07-08T06:10:04.741+0000: 2468.200: [GC [PSYoungGen: 296772K->1024K(356416K)] 668959K->373268K(1043392K), 0.0180720 secs] [Times: user=0.11 sys=0.00, real=0.01 secs] 
2014-07-08T06:10:05.868+0000: 2469.327: [GC [PSYoungGen: 356321K->758K(345856K)] 728564K->373065K(1032832K), 0.0069830 secs] [Times: user=0.05 sys=0.00, real=0.01 secs] 
2014-07-08T06:10:06.941+0000: 2470.400: [GC [PSYoungGen: 345846K->1166K(336448K)] 718153K->373554K(1023424K), 0.0099120 secs] [Times: user=0.07 sys=0.00, real=0.01 secs] 
2014-07-08T06:10:08.088+0000: 2471.547: [GC [PSYoungGen: 336398K->1048K(326848K)] 708786K->373492K(1013824K), 0.0059610 secs] [Times: user=0.02 sys=0.00, real=0.01 secs] 
2014-07-08T06:10:09.106+0000: 2472.566: [GC [PSYoungGen: 326808K->928K(317632K)] 699252K->373443K(1004608K), 0.0087820 secs] [Times: user=0.06 sys=0.00, real=0.01 secs] 
2014-07-08T06:10:10.120+0000: 2473.579: [GC [PSYoungGen: 317600K->754K(308736K)] 690115K->373365K(995712K), 0.0083110 secs] [Times: user=0.06 sys=0.00, real=0.01 secs] 
2014-07-08T06:10:11.083+0000: 2474.543: [GC [PSYoungGen: 308722K->932K(300608K)] 681333K->373599K(987584K), 0.0127320 secs] [Times: user=0.08 sys=0.00, real=0.01 secs] 
2014-07-08T06:10:12.064+0000: 2475.524: [GC [PSYoungGen: 300580K->822K(292480K)] 673247K->373545K(979456K), 0.0080540 secs] [Times: user=0.05 sys=0.00, real=0.00 secs] 
2014-07-08T06:10:13.103+0000: 2476.562: [GC [PSYoungGen: 292470K->1064K(285056K)] 665193K->373859K(972032K), 0.0073950 secs] [Times: user=0.05 sys=0.01, real=0.00 secs] 
2014-07-08T06:10:13.982+0000: 2477.442: [GC [PSYoungGen: 285032K->896K(277504K)] 657827K->373747K(964480K), 0.0044850 secs] [Times: user=0.01 sys=0.00, real=0.01 secs] 
2014-07-08T06:10:14.854+0000: 2478.313: [GC [PSYoungGen: 277440K->954K(270400K)] 650291K->373965K(957376K), 0.0036780 secs] [Times: user=0.02 sys=0.00, real=0.00 secs] 
2014-07-08T06:10:15.770+0000: 2479.229: [GC [PSYoungGen: 270355K->1172K(263808K)] 643367K->374247K(950784K), 0.0037940 secs] [Times: user=0.02 sys=0.00, real=0.01 secs] 
2014-07-08T06:10:16.561+0000: 2480.020: [GC [PSYoungGen: 263764K->826K(256832K)] 636839K->374111K(943808K), 0.0059910 secs] [Times: user=0.03 sys=0.01, real=0.01 secs] 
2014-07-08T06:10:17.354+0000: 2480.813: [GC [PSYoungGen: 256826K->1292K(251008K)] 630111K->374683K(937984K), 0.0149700 secs] [Times: user=0.06 sys=0.00, real=0.01 secs] 
2014-07-08T06:10:18.247+0000: 2481.706: [GC [PSYoungGen: 250956K->818K(244416K)] 624347K->374480K(931392K), 0.0080380 secs] [Times: user=0.06 sys=0.00, real=0.01 secs] 
2014-07-08T06:10:19.027+0000: 2482.486: [GC [PSYoungGen: 244402K->1103K(238848K)] 618064K->374837K(925824K), 0.0092140 secs] [Times: user=0.06 sys=0.00, real=0.01 secs] 
2014-07-08T06:10:19.857+0000: 2483.316: [GC [PSYoungGen: 238799K->612K(232640K)] 612533K->374459K(919616K), 0.0042890 secs] [Times: user=0.03 sys=0.00, real=0.00 secs] 
2014-07-08T06:10:20.611+0000: 2484.070: [GC [PSYoungGen: 232603K->1366K(227968K)] 606451K->375286K(914944K), 0.0078350 secs] [Times: user=0.06 sys=0.00, real=0.01 secs] 
2014-07-08T06:10:21.233+0000: 2484.692: [GC [PSYoungGen: 227926K->864K(222208K)] 601846K->374824K(909184K), 0.0048750 secs] [Times: user=0.02 sys=0.00, real=0.01 secs] 
2014-07-08T06:10:21.992+0000: 2485.451: [GC [PSYoungGen: 222176K->1000K(217280K)] 596136K->375031K(904256K), 0.0082160 secs] [Times: user=0.04 sys=0.00, real=0.01 secs] 
2014-07-08T06:10:22.837+0000: 2486.296: [GC [PSYoungGen: 217256K->1316K(212672K)] 591287K->375420K(899648K), 0.0073190 secs] [Times: user=0.05 sys=0.00, real=0.01 secs] 
2014-07-08T06:10:23.512+0000: 2486.971: [GC [PSYoungGen: 212644K->1074K(254720K)] 586748K->375241K(941696K), 0.0124630 secs] [Times: user=0.07 sys=0.00, real=0.02 secs] 
2014-07-08T06:10:24.280+0000: 2487.739: [GC [PSYoungGen: 254664K->808K(248192K)] 628831K->375143K(935168K), 0.0040010 secs] [Times: user=0.02 sys=0.00, real=0.01 secs] 
2014-07-08T06:10:25.126+0000: 2488.585: [GC [PSYoungGen: 248168K->908K(297792K)] 622503K->375315K(984768K), 0.0126450 secs] [Times: user=0.09 sys=0.00, real=0.01 secs] 
2014-07-08T06:10:26.106+0000: 2489.565: [GC [PSYoungGen: 297740K->708K(345088K)] 672147K->375229K(1032064K), 0.0093140 secs] [Times: user=0.07 sys=0.00, real=0.01 secs] 
2014-07-08T06:10:27.191+0000: 2490.650: [GC [PSYoungGen: 344452K->886K(334848K)] 718973K->375495K(1021824K), 0.0042580 secs] [Times: user=0.02 sys=0.00, real=0.01 secs] 
2014-07-08T06:10:28.483+0000: 2491.943: [GC [PSYoungGen: 334838K->680K(325248K)] 709447K->375515K(1012224K), 0.0163090 secs] [Times: user=0.09 sys=0.01, real=0.02 secs] 
2014-07-08T06:10:29.467+0000: 2492.927: [GC [PSYoungGen: 325224K->1458K(343872K)] 700059K->376548K(1030848K), 0.0129210 secs] [Times: user=0.07 sys=0.00, real=0.01 secs] 
2014-07-08T06:10:30.609+0000: 2494.068: [GC [PSYoungGen: 343858K->936K(333632K)] 718948K->376206K(1020608K), 0.0087380 secs] [Times: user=0.05 sys=0.00, real=0.01 secs] 
2014-07-08T06:10:31.618+0000: 2495.077: [GC [PSYoungGen: 333606K->1124K(390464K)] 708876K->376473K(1077440K), 0.0124070 secs] [Times: user=0.07 sys=0.00, real=0.01 secs] 
2014-07-08T06:10:32.999+0000: 2496.459: [GC [PSYoungGen: 389924K->1334K(378496K)] 765273K->376740K(1065472K), 0.0064610 secs] [Times: user=0.03 sys=0.00, real=0.01 secs] 
2014-07-08T06:10:34.134+0000: 2497.593: [GC [PSYoungGen: 378486K->740K(366720K)] 753892K->376233K(1053696K), 0.0051230 secs] [Times: user=0.03 sys=0.00, real=0.01 secs] 
2014-07-08T06:10:35.238+0000: 2498.698: [GC [PSYoungGen: 366673K->676K(355968K)] 742167K->376225K(1042944K), 0.0042710 secs] [Times: user=0.03 sys=0.00, real=0.00 secs] 
2014-07-08T06:10:36.384+0000: 2499.843: [GC [PSYoungGen: 355890K->1243K(346304K)] 731440K->376825K(1033280K), 0.0132040 secs] [Times: user=0.07 sys=0.01, real=0.02 secs] 
2014-07-08T06:10:37.673+0000: 2501.132: [GC [PSYoungGen: 346267K->1350K(336576K)] 721849K->376980K(1023552K), 0.0111080 secs] [Times: user=0.06 sys=0.00, real=0.01 secs] 
2014-07-08T06:10:38.760+0000: 2502.219: [GC [PSYoungGen: 336518K->943K(326656K)] 712148K->376653K(1013632K), 0.0062010 secs] [Times: user=0.03 sys=0.00, real=0.00 secs] 
2014-07-08T06:10:39.733+0000: 2503.193: [GC [PSYoungGen: 326639K->562K(317184K)] 702349K->376327K(1004160K), 0.0040500 secs] [Times: user=0.03 sys=0.00, real=0.01 secs] 
2014-07-08T06:10:40.748+0000: 2504.208: [GC [PSYoungGen: 317170K->1046K(308992K)] 692935K->376891K(995968K), 0.0035100 secs] [Times: user=0.02 sys=0.00, real=0.00 secs] 
2014-07-08T06:10:41.700+0000: 2505.160: [GC [PSYoungGen: 308950K->804K(300416K)] 684795K->376721K(987392K), 0.0038690 secs] [Times: user=0.02 sys=0.01, real=0.00 secs] 
2014-07-08T06:10:42.742+0000: 2506.201: [GC [PSYoungGen: 300382K->1236K(292864K)] 676300K->377202K(979840K), 0.0057090 secs] [Times: user=0.02 sys=0.00, real=0.01 secs] 
2014-07-08T06:10:43.676+0000: 2507.135: [GC [PSYoungGen: 292818K->908K(284864K)] 668784K->376954K(971840K), 0.0039720 secs] [Times: user=0.02 sys=0.00, real=0.01 secs] 
2014-07-08T06:10:44.552+0000: 2508.012: [GC [PSYoungGen: 284812K->1136K(277632K)] 660858K->377238K(964608K), 0.0171750 secs] [Times: user=0.09 sys=0.00, real=0.02 secs] 
2014-07-08T06:10:45.445+0000: 2508.904: [GC [PSYoungGen: 277616K->972K(332800K)] 653718K->377114K(1019776K), 0.0147300 secs] [Times: user=0.07 sys=0.00, real=0.02 secs] 
2014-07-08T06:10:46.498+0000: 2509.958: [GC [PSYoungGen: 332748K->942K(392704K)] 708890K->377140K(1079680K), 0.0130600 secs] [Times: user=0.07 sys=0.00, real=0.01 secs] 
2014-07-08T06:10:47.906+0000: 2511.365: [GC [PSYoungGen: 392046K->1468K(380800K)] 768244K->377738K(1067776K), 0.0068670 secs] [Times: user=0.04 sys=0.00, real=0.01 secs] 
2014-07-08T06:10:49.047+0000: 2512.507: [GC [PSYoungGen: 380769K->644K(368768K)] 757039K->376993K(1055744K), 0.0048770 secs] [Times: user=0.03 sys=0.00, real=0.01 secs] 
2014-07-08T06:10:50.127+0000: 2513.586: [GC [PSYoungGen: 368708K->928K(358208K)] 745057K->377358K(1045184K), 0.0087890 secs] [Times: user=0.06 sys=0.00, real=0.01 secs] 
2014-07-08T06:10:51.289+0000: 2514.749: [GC [PSYoungGen: 358145K->854K(347776K)] 734575K->377395K(1034752K), 0.0066150 secs] [Times: user=0.05 sys=0.00, real=0.00 secs] 
2014-07-08T06:10:52.542+0000: 2516.002: [GC [PSYoungGen: 347694K->1018K(337984K)] 724236K->377600K(1024960K), 0.0172610 secs] [Times: user=0.10 sys=0.00, real=0.02 secs] 
2014-07-08T06:10:53.675+0000: 2517.134: [GC [PSYoungGen: 337978K->1142K(328576K)] 714560K->377788K(1015552K), 0.0125000 secs] [Times: user=0.07 sys=0.00, real=0.01 secs] 
2014-07-08T06:10:54.643+0000: 2518.102: [GC [PSYoungGen: 328566K->950K(319232K)] 705212K->377798K(1006208K), 0.0062880 secs] [Times: user=0.03 sys=0.00, real=0.01 secs] 
2014-07-08T06:10:55.689+0000: 2519.148: [GC [PSYoungGen: 319222K->1260K(310784K)] 696070K->378156K(997760K), 0.0135170 secs] [Times: user=0.08 sys=0.00, real=0.02 secs] 
2014-07-08T06:10:56.637+0000: 2520.097: [GC [PSYoungGen: 310729K->882K(302016K)] 687625K->378150K(988992K), 0.0077410 secs] [Times: user=0.05 sys=0.00, real=0.01 secs] 
2014-07-08T06:10:57.715+0000: 2521.174: [GC [PSYoungGen: 302001K->1054K(294144K)] 679269K->378452K(981120K), 0.0081130 secs] [Times: user=0.06 sys=0.00, real=0.01 secs] 
2014-07-08T06:10:58.716+0000: 2522.175: [GC [PSYoungGen: 294089K->1114K(286464K)] 671487K->378834K(973440K), 0.0054340 secs] [Times: user=0.03 sys=0.00, real=0.01 secs] 
2014-07-08T06:10:59.594+0000: 2523.053: [GC [PSYoungGen: 286402K->1391K(279232K)] 664122K->379167K(966208K), 0.0091790 secs] [Times: user=0.05 sys=0.00, real=0.01 secs] 
2014-07-08T06:11:00.416+0000: 2523.876: [GC [PSYoungGen: 279215K->558K(271232K)] 656991K->378950K(958208K), 0.0062320 secs] [Times: user=0.04 sys=0.01, real=0.01 secs] 
2014-07-08T06:11:01.277+0000: 2524.736: [GC [PSYoungGen: 271172K->1268K(265024K)] 649565K->379740K(952000K), 0.0062910 secs] [Times: user=0.03 sys=0.00, real=0.01 secs] 
2014-07-08T06:11:02.252+0000: 2525.712: [GC [PSYoungGen: 265012K->904K(258048K)] 643484K->379710K(945024K), 0.0065880 secs] [Times: user=0.04 sys=0.00, real=0.00 secs] 
2014-07-08T06:11:03.187+0000: 2526.646: [GC [PSYoungGen: 257992K->740K(251456K)] 636798K->379610K(938432K), 0.0066260 secs] [Times: user=0.05 sys=0.00, real=0.01 secs] 
2014-07-08T06:11:03.959+0000: 2527.419: [GC [PSYoungGen: 251388K->1218K(245824K)] 630258K->380144K(932800K), 0.0077100 secs] [Times: user=0.03 sys=0.00, real=0.01 secs] 
2014-07-08T06:11:04.817+0000: 2528.276: [GC [PSYoungGen: 245762K->990K(239616K)] 624688K->380012K(926592K), 0.0075630 secs] [Times: user=0.05 sys=0.00, real=0.01 secs] 
2014-07-08T06:11:05.561+0000: 2529.020: [GC [PSYoungGen: 239582K->946K(233856K)] 618604K->380138K(920832K), 0.0100790 secs] [Times: user=0.07 sys=0.00, real=0.01 secs] 
2014-07-08T06:11:06.255+0000: 2529.715: [GC [PSYoungGen: 233842K->1078K(228480K)] 613034K->380358K(915456K), 0.0053030 secs] [Times: user=0.03 sys=0.00, real=0.00 secs] 
2014-07-08T06:11:07.085+0000: 2530.544: [GC [PSYoungGen: 228470K->808K(222912K)] 607750K->380252K(909888K), 0.0033930 secs] [Times: user=0.02 sys=0.00, real=0.00 secs] 
2014-07-08T06:11:07.813+0000: 2531.272: [GC [PSYoungGen: 222888K->740K(217728K)] 602332K->380264K(904704K), 0.0078270 secs] [Times: user=0.05 sys=0.00, real=0.00 secs] 
2014-07-08T06:11:08.542+0000: 2532.002: [GC [PSYoungGen: 217689K->1246K(213312K)] 597213K->380842K(900288K), 0.0067780 secs] [Times: user=0.04 sys=0.00, real=0.00 secs] 
2014-07-08T06:11:09.132+0000: 2532.592: [GC [PSYoungGen: 213278K->908K(208256K)] 592874K->380576K(895232K), 0.0078410 secs] [Times: user=0.04 sys=0.00, real=0.00 secs] 
2014-07-08T06:11:09.832+0000: 2533.292: [GC [PSYoungGen: 208204K->790K(203520K)] 587872K->380538K(890496K), 0.0070970 secs] [Times: user=0.05 sys=0.00, real=0.00 secs] 
2014-07-08T06:11:10.426+0000: 2533.886: [GC [PSYoungGen: 203470K->954K(244224K)] 583218K->380742K(931200K), 0.0072590 secs] [Times: user=0.03 sys=0.00, real=0.01 secs] 
2014-07-08T06:11:11.117+0000: 2534.576: [GC [PSYoungGen: 244218K->932K(292928K)] 624006K->380776K(979904K), 0.0070750 secs] [Times: user=0.04 sys=0.00, real=0.01 secs] 
2014-07-08T06:11:12.125+0000: 2535.585: [GC [PSYoungGen: 292900K->758K(284992K)] 672744K->380658K(971968K), 0.0075970 secs] [Times: user=0.04 sys=0.00, real=0.01 secs] 
2014-07-08T06:11:13.003+0000: 2536.462: [GC [PSYoungGen: 284982K->644K(277504K)] 664882K->380600K(964480K), 0.0056220 secs] [Times: user=0.02 sys=0.00, real=0.00 secs] 
2014-07-08T06:11:13.958+0000: 2537.417: [GC [PSYoungGen: 277412K->804K(270528K)] 657368K->380832K(957504K), 0.0072090 secs] [Times: user=0.04 sys=0.00, real=0.01 secs] 
2014-07-08T06:11:14.813+0000: 2538.272: [GC [PSYoungGen: 270499K->690K(263552K)] 650527K->380774K(950528K), 0.0042250 secs] [Times: user=0.02 sys=0.00, real=0.00 secs] 
2014-07-08T06:11:15.682+0000: 2539.142: [GC [PSYoungGen: 263537K->1294K(257600K)] 643621K->381442K(944576K), 0.0052760 secs] [Times: user=0.03 sys=0.00, real=0.00 secs] 
2014-07-08T06:11:16.407+0000: 2539.867: [GC [PSYoungGen: 257543K->808K(250752K)] 637691K->381142K(937728K), 0.0057480 secs] [Times: user=0.03 sys=0.00, real=0.01 secs] 
2014-07-08T06:11:17.144+0000: 2540.604: [GC [PSYoungGen: 250728K->776K(244608K)] 631062K->381166K(931584K), 0.0079910 secs] [Times: user=0.04 sys=0.01, real=0.01 secs] 
2014-07-08T06:11:18.031+0000: 2541.490: [GC [PSYoungGen: 244549K->940K(238848K)] 624940K->381434K(925824K), 0.0049100 secs] [Times: user=0.03 sys=0.00, real=0.01 secs] 
2014-07-08T06:11:18.835+0000: 2542.294: [GC [PSYoungGen: 238793K->1234K(233472K)] 619288K->381817K(920448K), 0.0072820 secs] [Times: user=0.04 sys=0.00, real=0.00 secs] 
2014-07-08T06:11:19.631+0000: 2543.090: [GC [PSYoungGen: 233382K->612K(227392K)] 613965K->381436K(914368K), 0.0051630 secs] [Times: user=0.03 sys=0.00, real=0.01 secs] 
2014-07-08T06:11:20.277+0000: 2543.737: [GC [PSYoungGen: 227338K->890K(222400K)] 608162K->381778K(909376K), 0.0089010 secs] [Times: user=0.06 sys=0.00, real=0.01 secs] 
2014-07-08T06:11:20.979+0000: 2544.438: [GC [PSYoungGen: 222394K->772K(217280K)] 603282K->381806K(904256K), 0.0087920 secs] [Times: user=0.05 sys=0.01, real=0.01 secs] 
2014-07-08T06:11:21.761+0000: 2545.220: [GC [PSYoungGen: 217219K->986K(212544K)] 598253K->382092K(899520K), 0.0083200 secs] [Times: user=0.05 sys=0.00, real=0.01 secs] 
2014-07-08T06:11:22.284+0000: 2545.743: [GC [PSYoungGen: 212506K->954K(254784K)] 593612K->382132K(941760K), 0.0063750 secs] [Times: user=0.04 sys=0.00, real=0.00 secs] 
2014-07-08T06:11:23.177+0000: 2546.636: [GC [PSYoungGen: 254778K->890K(305536K)] 635956K->382148K(992512K), 0.0116820 secs] [Times: user=0.07 sys=0.01, real=0.01 secs] 
2014-07-08T06:11:24.207+0000: 2547.666: [GC [PSYoungGen: 305530K->882K(366464K)] 686788K->382253K(1053440K), 0.0088480 secs] [Times: user=0.06 sys=0.00, real=0.01 secs] 
2014-07-08T06:11:25.360+0000: 2548.820: [GC [PSYoungGen: 366414K->1266K(356160K)] 747784K->382938K(1043136K), 0.0067160 secs] [Times: user=0.05 sys=0.00, real=0.01 secs] 
2014-07-08T06:11:26.567+0000: 2550.026: [GC [PSYoungGen: 356120K->420K(345088K)] 737792K->382534K(1032064K), 0.0082210 secs] [Times: user=0.06 sys=0.00, real=0.01 secs] 
2014-07-08T06:11:27.659+0000: 2551.118: [GC [PSYoungGen: 345060K->1282K(336128K)] 727174K->383444K(1023104K), 0.0072650 secs] [Times: user=0.04 sys=0.00, real=0.01 secs] 
2014-07-08T06:11:28.822+0000: 2552.281: [GC [PSYoungGen: 336023K->1206K(326592K)] 718185K->383795K(1013568K), 0.0035760 secs] [Times: user=0.02 sys=0.00, real=0.01 secs] 
2014-07-08T06:11:29.814+0000: 2553.273: [GC [PSYoungGen: 326554K->1050K(317440K)] 709142K->383687K(1004416K), 0.0091480 secs] [Times: user=0.06 sys=0.00, real=0.00 secs] 
2014-07-08T06:11:30.770+0000: 2554.229: [GC [PSYoungGen: 317402K->796K(308480K)] 700039K->383512K(995456K), 0.0061270 secs] [Times: user=0.04 sys=0.00, real=0.01 secs] 
2014-07-08T06:11:31.735+0000: 2555.194: [GC [PSYoungGen: 308444K->1160K(300544K)] 691160K->383917K(987520K), 0.0122150 secs] [Times: user=0.08 sys=0.01, real=0.01 secs] 
2014-07-08T06:11:32.677+0000: 2556.136: [GC [PSYoungGen: 300488K->1064K(292416K)] 683245K->383988K(979392K), 0.0135740 secs] [Times: user=0.09 sys=0.01, real=0.01 secs] 
2014-07-08T06:11:33.633+0000: 2557.093: [GC [PSYoungGen: 292392K->1426K(285120K)] 675316K->384398K(972096K), 0.0073190 secs] [Times: user=0.03 sys=0.00, real=0.01 secs] 
2014-07-08T06:11:34.687+0000: 2558.146: [GC [PSYoungGen: 285074K->570K(276800K)] 668046K->384038K(963776K), 0.0060680 secs] [Times: user=0.04 sys=0.00, real=0.00 secs] 
2014-07-08T06:11:35.377+0000: 2558.836: [GC [PSYoungGen: 276794K->1318K(270464K)] 660262K->384842K(957440K), 0.0051800 secs] [Times: user=0.03 sys=0.00, real=0.00 secs] 
2014-07-08T06:11:36.223+0000: 2559.682: [GC [PSYoungGen: 270413K->748K(263040K)] 653938K->384568K(950016K), 0.0040200 secs] [Times: user=0.02 sys=0.00, real=0.01 secs] 
2014-07-08T06:11:37.039+0000: 2560.498: [GC [PSYoungGen: 263020K->808K(256512K)] 646840K->384692K(943488K), 0.0043750 secs] [Times: user=0.02 sys=0.00, real=0.00 secs] 
2014-07-08T06:11:37.882+0000: 2561.341: [GC [PSYoungGen: 256488K->886K(250240K)] 640372K->384866K(937216K), 0.0048730 secs] [Times: user=0.03 sys=0.00, real=0.01 secs] 
2014-07-08T06:11:38.816+0000: 2562.275: [GC [PSYoungGen: 250230K->1230K(244544K)] 634210K->385275K(931520K), 0.0055600 secs] [Times: user=0.03 sys=0.00, real=0.01 secs] 
2014-07-08T06:11:39.513+0000: 2562.972: [GC [PSYoungGen: 244457K->1082K(238464K)] 628501K->385238K(925440K), 0.0070960 secs] [Times: user=0.04 sys=0.00, real=0.01 secs] 
2014-07-08T06:11:40.213+0000: 2563.673: [GC [PSYoungGen: 238458K->594K(285504K)] 622614K->384798K(972480K), 0.0185980 secs] [Times: user=0.12 sys=0.01, real=0.02 secs] 
2014-07-08T06:11:41.126+0000: 2564.586: [GC [PSYoungGen: 285458K->868K(342784K)] 669662K->385144K(1029760K), 0.0160890 secs] [Times: user=0.10 sys=0.00, real=0.01 secs] 
2014-07-08T06:11:42.210+0000: 2565.669: [GC [PSYoungGen: 342756K->1000K(367168K)] 727032K->385332K(1054144K), 0.0058590 secs] [Times: user=0.01 sys=0.00, real=0.01 secs] 
2014-07-08T06:11:43.292+0000: 2566.751: [GC [PSYoungGen: 366526K->950K(355840K)] 750858K->385346K(1042816K), 0.0045420 secs] [Times: user=0.02 sys=0.00, real=0.01 secs] 
2014-07-08T06:11:44.667+0000: 2568.127: [GC [PSYoungGen: 355830K->968K(345664K)] 740226K->385444K(1032640K), 0.0070640 secs] [Times: user=0.04 sys=0.00, real=0.00 secs] 
2014-07-08T06:11:45.664+0000: 2569.123: [GC [PSYoungGen: 345608K->964K(335808K)] 730084K->385504K(1022784K), 0.0045560 secs] [Times: user=0.02 sys=0.00, real=0.01 secs] 
2014-07-08T06:11:46.738+0000: 2570.198: [GC [PSYoungGen: 335748K->804K(326208K)] 720288K->385448K(1013184K), 0.0088040 secs] [Times: user=0.06 sys=0.01, real=0.01 secs] 
2014-07-08T06:11:47.769+0000: 2571.228: [GC [PSYoungGen: 326180K->996K(317376K)] 710824K->385744K(1004352K), 0.0061820 secs] [Times: user=0.04 sys=0.01, real=0.00 secs] 
2014-07-08T06:11:48.916+0000: 2572.376: [GC [PSYoungGen: 317348K->1149K(308800K)] 702096K->385962K(995776K), 0.0088770 secs] [Times: user=0.07 sys=0.00, real=0.01 secs] 
2014-07-08T06:11:49.816+0000: 2573.275: [GC [PSYoungGen: 308797K->686K(300032K)] 693610K->385546K(987008K), 0.0053780 secs] [Times: user=0.03 sys=0.00, real=0.01 secs] 
2014-07-08T06:11:50.773+0000: 2574.233: [GC [PSYoungGen: 300009K->1170K(292544K)] 684870K->386095K(979520K), 0.0053950 secs] [Times: user=0.03 sys=0.00, real=0.01 secs] 
2014-07-08T06:11:51.661+0000: 2575.120: [GC [PSYoungGen: 292456K->1068K(284736K)] 677380K->386104K(971712K), 0.0056850 secs] [Times: user=0.03 sys=0.00, real=0.00 secs] 
2014-07-08T06:11:52.634+0000: 2576.093: [GC [PSYoungGen: 284716K->1452K(277696K)] 669752K->386544K(964672K), 0.0089580 secs] [Times: user=0.04 sys=0.00, real=0.01 secs] 
2014-07-08T06:11:53.650+0000: 2577.110: [GC [PSYoungGen: 277654K->441K(269568K)] 662746K->386177K(956544K), 0.0044070 secs] [Times: user=0.02 sys=0.00, real=0.00 secs] 
2014-07-08T06:11:54.518+0000: 2577.977: [GC [PSYoungGen: 269561K->1582K(263872K)] 655297K->387535K(950848K), 0.0049610 secs] [Times: user=0.03 sys=0.00, real=0.00 secs] 
2014-07-08T06:11:55.298+0000: 2578.758: [GC [PSYoungGen: 263854K->1071K(256768K)] 649807K->387674K(943744K), 0.0058740 secs] [Times: user=0.03 sys=0.01, real=0.00 secs] 
2014-07-08T06:11:56.095+0000: 2579.554: [GC [PSYoungGen: 256750K->776K(250176K)] 643353K->387435K(937152K), 0.0106310 secs] [Times: user=0.05 sys=0.00, real=0.01 secs] 
2014-07-08T06:11:56.949+0000: 2580.408: [GC [PSYoungGen: 250120K->644K(243968K)] 636779K->387351K(930944K), 0.0083800 secs] [Times: user=0.05 sys=0.00, real=0.00 secs] 
2014-07-08T06:11:57.791+0000: 2581.250: [GC [PSYoungGen: 243908K->982K(238400K)] 630615K->387777K(925376K), 0.0042050 secs] [Times: user=0.03 sys=0.00, real=0.00 secs] 
2014-07-08T06:11:58.581+0000: 2582.040: [GC [PSYoungGen: 238358K->1316K(233088K)] 625153K->388175K(920064K), 0.0060440 secs] [Times: user=0.03 sys=0.00, real=0.00 secs] 
2014-07-08T06:11:59.354+0000: 2582.813: [GC [PSYoungGen: 233060K->1124K(227456K)] 619919K->388047K(914432K), 0.0041090 secs] [Times: user=0.03 sys=0.00, real=0.00 secs] 
2014-07-08T06:12:00.045+0000: 2583.504: [GC [PSYoungGen: 227428K->840K(221952K)] 614351K->387835K(908928K), 0.0090680 secs] [Times: user=0.06 sys=0.00, real=0.01 secs] 
2014-07-08T06:12:00.820+0000: 2584.279: [GC [PSYoungGen: 221896K->1206K(217216K)] 608891K->388273K(904192K), 0.0097180 secs] [Times: user=0.06 sys=0.00, real=0.01 secs] 
2014-07-08T06:12:01.460+0000: 2584.919: [GC [PSYoungGen: 217206K->1096K(260352K)] 604273K->388235K(947328K), 0.0141960 secs] [Times: user=0.10 sys=0.00, real=0.01 secs] 
2014-07-08T06:12:02.240+0000: 2585.699: [GC [PSYoungGen: 260295K->750K(311808K)] 647434K->387937K(998784K), 0.0068750 secs] [Times: user=0.03 sys=0.01, real=0.00 secs] 
2014-07-08T06:12:03.413+0000: 2586.872: [GC [PSYoungGen: 311790K->1390K(374656K)] 698977K->388641K(1061632K), 0.0088080 secs] [Times: user=0.06 sys=0.00, real=0.01 secs] 
2014-07-08T06:12:04.757+0000: 2588.216: [GC [PSYoungGen: 374637K->1006K(363264K)] 761888K->388353K(1050240K), 0.0043210 secs] [Times: user=0.03 sys=0.00, real=0.01 secs] 
2014-07-08T06:12:05.903+0000: 2589.362: [GC [PSYoungGen: 363201K->882K(352576K)] 750548K->388300K(1039552K), 0.0086770 secs] [Times: user=0.04 sys=0.00, real=0.01 secs] 
2014-07-08T06:12:07.062+0000: 2590.521: [GC [PSYoungGen: 352562K->990K(342592K)] 739980K->388473K(1029568K), 0.0070020 secs] [Times: user=0.05 sys=0.00, real=0.00 secs] 
2014-07-08T06:12:08.144+0000: 2591.603: [GC [PSYoungGen: 342558K->840K(332736K)] 730041K->388395K(1019712K), 0.0095850 secs] [Times: user=0.07 sys=0.00, real=0.01 secs] 
2014-07-08T06:12:09.315+0000: 2592.774: [GC [PSYoungGen: 332680K->1086K(323648K)] 720235K->388705K(1010624K), 0.0059980 secs] [Times: user=0.02 sys=0.00, real=0.01 secs] 
2014-07-08T06:12:10.322+0000: 2593.782: [GC [PSYoungGen: 323646K->910K(314560K)] 711265K->388601K(1001536K), 0.0117080 secs] [Times: user=0.07 sys=0.00, real=0.01 secs] 
2014-07-08T06:12:11.372+0000: 2594.831: [GC [PSYoungGen: 314510K->1192K(306240K)] 702201K->388939K(993216K), 0.0077540 secs] [Times: user=0.05 sys=0.01, real=0.00 secs] 
2014-07-08T06:12:12.289+0000: 2595.748: [GC [PSYoungGen: 306216K->626K(297408K)] 693963K->388436K(984384K), 0.0070350 secs] [Times: user=0.04 sys=0.01, real=0.01 secs] 
2014-07-08T06:12:13.374+0000: 2596.833: [GC [PSYoungGen: 297374K->1078K(289920K)] 685185K->388937K(976896K), 0.0069820 secs] [Times: user=0.03 sys=0.00, real=0.00 secs] 
2014-07-08T06:12:14.317+0000: 2597.776: [GC [PSYoungGen: 289876K->940K(282176K)] 677735K->388855K(969152K), 0.0097310 secs] [Times: user=0.06 sys=0.00, real=0.01 secs] 
2014-07-08T06:12:15.215+0000: 2598.674: [GC [PSYoungGen: 282156K->840K(274816K)] 670071K->388819K(961792K), 0.0097370 secs] [Times: user=0.05 sys=0.01, real=0.01 secs] 
2014-07-08T06:12:16.076+0000: 2599.535: [GC [PSYoungGen: 274760K->882K(267776K)] 662739K->388917K(954752K), 0.0064250 secs] [Times: user=0.04 sys=0.00, real=0.01 secs] 
2014-07-08T06:12:16.974+0000: 2600.434: [GC [PSYoungGen: 267762K->744K(260864K)] 655797K->388843K(947840K), 0.0068470 secs] [Times: user=0.04 sys=0.00, real=0.01 secs] 
2014-07-08T06:12:17.880+0000: 2601.339: [GC [PSYoungGen: 260840K->1320K(254912K)] 648939K->389483K(941888K), 0.0036150 secs] [Times: user=0.02 sys=0.00, real=0.01 secs] 
2014-07-08T06:12:18.786+0000: 2602.245: [GC [PSYoungGen: 254888K->1256K(248576K)] 643051K->389491K(935552K), 0.0133030 secs] [Times: user=0.09 sys=0.00, real=0.01 secs] 
2014-07-08T06:12:19.403+0000: 2602.863: [GC [PSYoungGen: 248542K->502K(241792K)] 636777K->389207K(928768K), 0.0048230 secs] [Times: user=0.02 sys=0.00, real=0.00 secs] 
2014-07-08T06:12:20.181+0000: 2603.640: [GC [PSYoungGen: 241779K->922K(290496K)] 630484K->389675K(977472K), 0.0117320 secs] [Times: user=0.08 sys=0.00, real=0.02 secs] 
2014-07-08T06:12:21.161+0000: 2604.621: [GC [PSYoungGen: 290458K->786K(282752K)] 679211K->389751K(969728K), 0.0045160 secs] [Times: user=0.02 sys=0.00, real=0.01 secs] 
2014-07-08T06:12:22.032+0000: 2605.492: [GC [PSYoungGen: 282706K->626K(275200K)] 671671K->389671K(962176K), 0.0076770 secs] [Times: user=0.05 sys=0.00, real=0.00 secs] 
2014-07-08T06:12:23.100+0000: 2606.559: [GC [PSYoungGen: 275186K->1050K(268608K)] 664231K->390183K(955584K), 0.0048850 secs] [Times: user=0.02 sys=0.00, real=0.01 secs] 
2014-07-08T06:12:23.900+0000: 2607.359: [GC [PSYoungGen: 268570K->726K(261504K)] 657703K->389939K(948480K), 0.0068190 secs] [Times: user=0.05 sys=0.00, real=0.01 secs] 
2014-07-08T06:12:24.832+0000: 2608.292: [GC [PSYoungGen: 261462K->694K(254912K)] 650675K->389955K(941888K), 0.0040910 secs] [Times: user=0.02 sys=0.00, real=0.01 secs] 
2014-07-08T06:12:25.646+0000: 2609.106: [GC [PSYoungGen: 254902K->1110K(249088K)] 644163K->390459K(936064K), 0.0058180 secs] [Times: user=0.03 sys=0.00, real=0.00 secs] 
2014-07-08T06:12:26.332+0000: 2609.791: [GC [PSYoungGen: 249046K->836K(242816K)] 638395K->390257K(929792K), 0.0041080 secs] [Times: user=0.02 sys=0.00, real=0.01 secs] 
2014-07-08T06:12:27.163+0000: 2610.622: [GC [PSYoungGen: 242756K->708K(236864K)] 632177K->390185K(923840K), 0.0077300 secs] [Times: user=0.05 sys=0.00, real=0.00 secs] 
2014-07-08T06:12:28.047+0000: 2611.506: [GC [PSYoungGen: 236804K->1040K(231552K)] 626281K->390589K(918528K), 0.0071850 secs] [Times: user=0.04 sys=0.00, real=0.01 secs] 
2014-07-08T06:12:28.805+0000: 2612.265: [GC [PSYoungGen: 231504K->840K(225984K)] 621053K->390469K(912960K), 0.0061240 secs] [Times: user=0.04 sys=0.00, real=0.00 secs] 
2014-07-08T06:12:29.530+0000: 2612.990: [GC [PSYoungGen: 225928K->1006K(220928K)] 615557K->390883K(907904K), 0.0104220 secs] [Times: user=0.07 sys=0.00, real=0.01 secs] 
2014-07-08T06:12:30.159+0000: 2613.619: [GC [PSYoungGen: 220910K->1164K(216064K)] 610787K->391129K(903040K), 0.0075020 secs] [Times: user=0.05 sys=0.00, real=0.01 secs] 
2014-07-08T06:12:30.917+0000: 2614.376: [GC [PSYoungGen: 216012K->762K(210752K)] 605977K->391021K(897728K), 0.0068650 secs] [Times: user=0.04 sys=0.01, real=0.01 secs] 
2014-07-08T06:12:31.599+0000: 2615.059: [GC [PSYoungGen: 210728K->1210K(206528K)] 600987K->391549K(893504K), 0.0056800 secs] [Times: user=0.03 sys=0.00, real=0.01 secs] 
2014-07-08T06:12:32.157+0000: 2615.616: [GC [PSYoungGen: 206522K->960K(201792K)] 596861K->391503K(888768K), 0.0065790 secs] [Times: user=0.04 sys=0.00, real=0.00 secs] 
2014-07-08T06:12:32.971+0000: 2616.430: [GC [PSYoungGen: 201728K->1366K(242368K)] 592271K->391981K(929344K), 0.0103600 secs] [Times: user=0.07 sys=0.00, real=0.01 secs] 
2014-07-08T06:12:33.790+0000: 2617.250: [GC [PSYoungGen: 242326K->566K(289728K)] 632941K->391773K(976704K), 0.0093490 secs] [Times: user=0.06 sys=0.00, real=0.01 secs] 
2014-07-08T06:12:34.748+0000: 2618.207: [GC [PSYoungGen: 289718K->1572K(348608K)] 680925K->392876K(1035584K), 0.0093280 secs] [Times: user=0.06 sys=0.00, real=0.01 secs] 
2014-07-08T06:12:35.774+0000: 2619.234: [GC [PSYoungGen: 348580K->1078K(338176K)] 739884K->392984K(1025152K), 0.0088430 secs] [Times: user=0.06 sys=0.01, real=0.00 secs] 
2014-07-08T06:12:36.838+0000: 2620.297: [GC [PSYoungGen: 338166K->1520K(329088K)] 730072K->393498K(1016064K), 0.0094240 secs] [Times: user=0.07 sys=0.00, real=0.01 secs] 
2014-07-08T06:12:37.863+0000: 2621.322: [GC [PSYoungGen: 329058K->666K(319104K)] 721036K->392715K(1006080K), 0.0064250 secs] [Times: user=0.05 sys=0.00, real=0.01 secs] 
2014-07-08T06:12:38.878+0000: 2622.338: [GC [PSYoungGen: 319019K->729K(310400K)] 711069K->392843K(997376K), 0.0083230 secs] [Times: user=0.06 sys=0.00, real=0.01 secs] 
2014-07-08T06:12:39.912+0000: 2623.371: [GC [PSYoungGen: 310361K->900K(302144K)] 702475K->393070K(989120K), 0.0089750 secs] [Times: user=0.06 sys=0.00, real=0.01 secs] 
2014-07-08T06:12:40.805+0000: 2624.265: [GC [PSYoungGen: 302035K->1022K(362496K)] 694205K->393263K(1049472K), 0.0152460 secs] [Times: user=0.09 sys=0.00, real=0.01 secs] 
2014-07-08T06:12:41.977+0000: 2625.436: [GC [PSYoungGen: 362494K->1220K(352256K)] 754735K->393542K(1039232K), 0.0075420 secs] [Times: user=0.05 sys=0.00, real=0.00 secs] 
2014-07-08T06:12:43.055+0000: 2626.514: [GC [PSYoungGen: 352196K->726K(341632K)] 744518K->393151K(1028608K), 0.0041510 secs] [Times: user=0.02 sys=0.01, real=0.00 secs] 
2014-07-08T06:12:44.110+0000: 2627.569: [GC [PSYoungGen: 341574K->626K(331840K)] 734000K->393115K(1018816K), 0.0071480 secs] [Times: user=0.04 sys=0.00, real=0.01 secs] 
2014-07-08T06:12:45.191+0000: 2628.650: [GC [PSYoungGen: 331826K->776K(322752K)] 724315K->393337K(1009728K), 0.0083990 secs] [Times: user=0.05 sys=0.00, real=0.01 secs] 
2014-07-08T06:12:46.178+0000: 2629.638: [GC [PSYoungGen: 322688K->776K(313856K)] 715249K->393409K(1000832K), 0.0096230 secs] [Times: user=0.06 sys=0.00, real=0.01 secs] 
2014-07-08T06:12:47.287+0000: 2630.746: [GC [PSYoungGen: 313800K->1000K(305472K)] 706433K->393713K(992448K), 0.0050030 secs] [Times: user=0.02 sys=0.01, real=0.00 secs] 
2014-07-08T06:12:48.223+0000: 2631.682: [GC [PSYoungGen: 305448K->954K(297216K)] 698161K->393747K(984192K), 0.0047360 secs] [Times: user=0.02 sys=0.00, real=0.01 secs] 
2014-07-08T06:12:49.165+0000: 2632.625: [GC [PSYoungGen: 297210K->939K(289344K)] 690003K->393821K(976320K), 0.0079410 secs] [Times: user=0.05 sys=0.00, real=0.01 secs] 
2014-07-08T06:12:50.146+0000: 2633.605: [GC [PSYoungGen: 289323K->694K(281536K)] 682205K->393639K(968512K), 0.0085050 secs] [Times: user=0.05 sys=0.00, real=0.01 secs] 
2014-07-08T06:12:50.993+0000: 2634.452: [GC [PSYoungGen: 281526K->1031K(274624K)] 674471K->394057K(961600K), 0.0037920 secs] [Times: user=0.02 sys=0.00, real=0.00 secs] 
2014-07-08T06:12:51.941+0000: 2635.400: [GC [PSYoungGen: 274567K->804K(267328K)] 667593K->393893K(954304K), 0.0082830 secs] [Times: user=0.05 sys=0.00, real=0.01 secs] 
2014-07-08T06:12:52.805+0000: 2636.264: [GC [PSYoungGen: 267300K->754K(260544K)] 660389K->393923K(947520K), 0.0071890 secs] [Times: user=0.05 sys=0.01, real=0.01 secs] 
2014-07-08T06:12:53.619+0000: 2637.079: [GC [PSYoungGen: 260513K->1018K(254336K)] 653683K->394267K(941312K), 0.0069060 secs] [Times: user=0.04 sys=0.01, real=0.00 secs] 
2014-07-08T06:12:54.368+0000: 2637.828: [GC [PSYoungGen: 254330K->968K(248064K)] 647579K->394265K(935040K), 0.0079850 secs] [Times: user=0.04 sys=0.00, real=0.00 secs] 
2014-07-08T06:12:55.196+0000: 2638.656: [GC [PSYoungGen: 248008K->854K(241920K)] 641305K->394231K(928896K), 0.0069720 secs] [Times: user=0.04 sys=0.00, real=0.01 secs] 
2014-07-08T06:12:55.977+0000: 2639.437: [GC [PSYoungGen: 241878K->978K(236288K)] 635255K->394436K(923264K), 0.0064510 secs] [Times: user=0.04 sys=0.01, real=0.00 secs] 
2014-07-08T06:12:56.800+0000: 2640.259: [GC [PSYoungGen: 236242K->940K(230656K)] 629700K->394461K(917632K), 0.0049720 secs] [Times: user=0.03 sys=0.00, real=0.00 secs] 
2014-07-08T06:12:57.568+0000: 2641.027: [GC [PSYoungGen: 230605K->722K(225088K)] 624126K->394307K(912064K), 0.0044000 secs] [Times: user=0.02 sys=0.00, real=0.01 secs] 
2014-07-08T06:12:58.200+0000: 2641.659: [GC [PSYoungGen: 225042K->964K(220160K)] 618627K->394637K(907136K), 0.0044640 secs] [Times: user=0.03 sys=0.00, real=0.00 secs] 
2014-07-08T06:12:58.933+0000: 2642.393: [GC [PSYoungGen: 220100K->786K(214976K)] 613773K->394547K(901952K), 0.0040040 secs] [Times: user=0.02 sys=0.00, real=0.00 secs] 
2014-07-08T06:12:59.713+0000: 2643.172: [GC [PSYoungGen: 214930K->886K(210240K)] 608691K->394711K(897216K), 0.0104980 secs] [Times: user=0.07 sys=0.00, real=0.02 secs] 
2014-07-08T06:13:00.332+0000: 2643.792: [GC [PSYoungGen: 210215K->822K(205504K)] 604041K->394767K(892480K), 0.0063820 secs] [Times: user=0.04 sys=0.00, real=0.01 secs] 
2014-07-08T06:13:00.989+0000: 2644.448: [GC [PSYoungGen: 205478K->893K(201088K)] 599424K->394911K(888064K), 0.0075880 secs] [Times: user=0.06 sys=0.00, real=0.00 secs] 
2014-07-08T06:13:01.662+0000: 2645.121: [GC [PSYoungGen: 201085K->1078K(241344K)] 595103K->395151K(928320K), 0.0090000 secs] [Times: user=0.06 sys=0.00, real=0.01 secs] 
2014-07-08T06:13:02.590+0000: 2646.050: [GC [PSYoungGen: 241334K->484K(235008K)] 635407K->395170K(921984K), 0.0059300 secs] [Times: user=0.03 sys=0.00, real=0.00 secs] 
2014-07-08T06:13:03.271+0000: 2646.731: [GC [PSYoungGen: 234932K->1132K(230080K)] 629619K->395882K(917056K), 0.0083160 secs] [Times: user=0.06 sys=0.01, real=0.01 secs] 
2014-07-08T06:13:04.053+0000: 2647.513: [GC [PSYoungGen: 230060K->708K(275520K)] 624810K->395742K(962496K), 0.0083320 secs] [Times: user=0.05 sys=0.00, real=0.01 secs] 
2014-07-08T06:13:05.025+0000: 2648.485: [GC [PSYoungGen: 275460K->772K(268544K)] 670494K->395862K(955520K), 0.0076420 secs] [Times: user=0.04 sys=0.00, real=0.01 secs] 
2014-07-08T06:13:05.876+0000: 2649.335: [GC [PSYoungGen: 268484K->1042K(262016K)] 663574K->396228K(948992K), 0.0040560 secs] [Times: user=0.02 sys=0.00, real=0.01 secs] 
2014-07-08T06:13:06.830+0000: 2650.289: [GC [PSYoungGen: 261970K->1270K(314432K)] 657156K->396520K(1001408K), 0.0155950 secs] [Times: user=0.12 sys=0.00, real=0.01 secs] 
2014-07-08T06:13:07.826+0000: 2651.285: [GC [PSYoungGen: 314376K->356K(304960K)] 709626K->396218K(991936K), 0.0036850 secs] [Times: user=0.02 sys=0.00, real=0.01 secs] 
2014-07-08T06:13:08.809+0000: 2652.269: [GC [PSYoungGen: 304932K->1388K(297792K)] 700794K->397379K(984768K), 0.0051440 secs] [Times: user=0.02 sys=0.00, real=0.00 secs] 
2014-07-08T06:13:09.730+0000: 2653.189: [GC [PSYoungGen: 297772K->1074K(289600K)] 693763K->397335K(976576K), 0.0120140 secs] [Times: user=0.07 sys=0.01, real=0.01 secs] 
2014-07-08T06:13:10.667+0000: 2654.127: [GC [PSYoungGen: 289586K->1277K(282176K)] 685847K->397586K(969152K), 0.0076290 secs] [Times: user=0.05 sys=0.00, real=0.01 secs] 
2014-07-08T06:13:11.513+0000: 2654.973: [GC [PSYoungGen: 282173K->864K(274496K)] 678482K->397293K(961472K), 0.0108720 secs] [Times: user=0.07 sys=0.00, real=0.01 secs] 
2014-07-08T06:13:12.481+0000: 2655.940: [GC [PSYoungGen: 274462K->1260K(267840K)] 670891K->397744K(954816K), 0.0066260 secs] [Times: user=0.02 sys=0.00, real=0.00 secs] 
2014-07-08T06:13:13.313+0000: 2656.772: [GC [PSYoungGen: 267820K->1062K(260928K)] 664304K->397711K(947904K), 0.0094760 secs] [Times: user=0.06 sys=0.00, real=0.01 secs] 
2014-07-08T06:13:14.161+0000: 2657.620: [GC [PSYoungGen: 260902K->836K(254272K)] 657551K->397556K(941248K), 0.0085090 secs] [Times: user=0.05 sys=0.00, real=0.00 secs] 
2014-07-08T06:13:15.075+0000: 2658.534: [GC [PSYoungGen: 254212K->708K(247872K)] 650932K->397476K(934848K), 0.0038130 secs] [Times: user=0.02 sys=0.00, real=0.00 secs] 
2014-07-08T06:13:15.836+0000: 2659.295: [GC [PSYoungGen: 247812K->854K(241984K)] 644580K->397678K(928960K), 0.0045570 secs] [Times: user=0.02 sys=0.00, real=0.01 secs] 
2014-07-08T06:13:16.541+0000: 2660.000: [GC [PSYoungGen: 241942K->1056K(236352K)] 638766K->397937K(923328K), 0.0074240 secs] [Times: user=0.04 sys=0.00, real=0.00 secs] 
2014-07-08T06:13:17.335+0000: 2660.795: [GC [PSYoungGen: 236320K->840K(230592K)] 633201K->397792K(917568K), 0.0069850 secs] [Times: user=0.04 sys=0.00, real=0.01 secs] 
2014-07-08T06:13:18.088+0000: 2661.548: [GC [PSYoungGen: 230536K->928K(225280K)] 627488K->397945K(912256K), 0.0080270 secs] [Times: user=0.06 sys=0.00, real=0.01 secs] 
2014-07-08T06:13:18.827+0000: 2662.287: [GC [PSYoungGen: 225248K->644K(219840K)] 622265K->397716K(906816K), 0.0063670 secs] [Times: user=0.04 sys=0.00, real=0.01 secs] 
2014-07-08T06:13:19.494+0000: 2662.953: [GC [PSYoungGen: 219780K->1064K(215232K)] 616852K->398224K(902208K), 0.0084530 secs] [Times: user=0.05 sys=0.00, real=0.01 secs] 
2014-07-08T06:13:20.238+0000: 2663.698: [GC [PSYoungGen: 215208K->972K(210368K)] 612368K->398204K(897344K), 0.0072500 secs] [Times: user=0.05 sys=0.00, real=0.01 secs] 
2014-07-08T06:13:20.906+0000: 2664.365: [GC [PSYoungGen: 210316K->658K(205376K)] 607548K->397962K(892352K), 0.0065330 secs] [Times: user=0.04 sys=0.01, real=0.01 secs] 
2014-07-08T06:13:21.593+0000: 2665.052: [GC [PSYoungGen: 205330K->1468K(247104K)] 602634K->398911K(934080K), 0.0100210 secs] [Times: user=0.03 sys=0.01, real=0.01 secs] 
2014-07-08T06:13:22.450+0000: 2665.909: [GC [PSYoungGen: 247100K->808K(240512K)] 644543K->398362K(927488K), 0.0050170 secs] [Times: user=0.02 sys=0.01, real=0.01 secs] 
2014-07-08T06:13:23.181+0000: 2666.640: [GC [PSYoungGen: 240488K->794K(234752K)] 638042K->398412K(921728K), 0.0048580 secs] [Times: user=0.03 sys=0.00, real=0.01 secs] 
2014-07-08T06:13:23.975+0000: 2667.434: [GC [PSYoungGen: 234711K->668K(229120K)] 632330K->398351K(916096K), 0.0073820 secs] [Times: user=0.05 sys=0.00, real=0.01 secs] 
2014-07-08T06:13:24.707+0000: 2668.166: [GC [PSYoungGen: 229084K->1100K(224256K)] 626767K->398846K(911232K), 0.0092970 secs] [Times: user=0.06 sys=0.00, real=0.01 secs] 
2014-07-08T06:13:25.399+0000: 2668.859: [GC [PSYoungGen: 224202K->1394K(219392K)] 621949K->399205K(906368K), 0.0068190 secs] [Times: user=0.04 sys=0.00, real=0.01 secs] 
2014-07-08T06:13:26.111+0000: 2669.571: [GC [PSYoungGen: 219378K->964K(214016K)] 617189K->398863K(900992K), 0.0070810 secs] [Times: user=0.04 sys=0.00, real=0.01 secs] 
2014-07-08T06:13:27.036+0000: 2670.495: [GC [PSYoungGen: 213931K->1064K(209280K)] 611830K->399042K(896256K), 0.0066930 secs] [Times: user=0.03 sys=0.00, real=0.01 secs] 
2014-07-08T06:13:27.730+0000: 2671.190: [GC [PSYoungGen: 209222K->1562K(205184K)] 607200K->399637K(892160K), 0.0044870 secs] [Times: user=0.02 sys=0.00, real=0.01 secs] 
2014-07-08T06:13:28.288+0000: 2671.748: [GC [PSYoungGen: 205146K->690K(199808K)] 603221K->398918K(886784K), 0.0040480 secs] [Times: user=0.02 sys=0.00, real=0.01 secs] 
2014-07-08T06:13:28.942+0000: 2672.401: [GC [PSYoungGen: 199794K->1156K(196032K)] 598022K->399465K(883008K), 0.0055400 secs] [Times: user=0.02 sys=0.00, real=0.01 secs] 
2014-07-08T06:13:29.602+0000: 2673.061: [GC [PSYoungGen: 195967K->1576K(235392K)] 594276K->399965K(922368K), 0.0114020 secs] [Times: user=0.07 sys=0.00, real=0.02 secs] 
2014-07-08T06:13:30.422+0000: 2673.882: [GC [PSYoungGen: 235368K->1184K(281792K)] 633757K->399677K(968768K), 0.0161940 secs] [Times: user=0.11 sys=0.00, real=0.02 secs] 
2014-07-08T06:13:31.291+0000: 2674.750: [GC [PSYoungGen: 281760K->942K(337664K)] 680253K->399499K(1024640K), 0.0049920 secs] [Times: user=0.02 sys=0.00, real=0.01 secs] 
2014-07-08T06:13:32.505+0000: 2675.965: [GC [PSYoungGen: 337646K->1178K(328448K)] 736203K->399806K(1015424K), 0.0048170 secs] [Times: user=0.02 sys=0.00, real=0.00 secs] 
2014-07-08T06:13:33.550+0000: 2677.010: [GC [PSYoungGen: 328410K->1280K(319424K)] 727038K->400065K(1006400K), 0.0107710 secs] [Times: user=0.07 sys=0.00, real=0.01 secs] 
2014-07-08T06:13:34.607+0000: 2678.067: [GC [PSYoungGen: 319360K->1184K(310528K)] 718145K->400017K(997504K), 0.0078200 secs] [Times: user=0.03 sys=0.00, real=0.01 secs] 
2014-07-08T06:13:35.715+0000: 2679.174: [GC [PSYoungGen: 310496K->928K(301888K)] 709329K->400141K(988864K), 0.0100550 secs] [Times: user=0.05 sys=0.00, real=0.01 secs] 
2014-07-08T06:13:36.662+0000: 2680.121: [GC [PSYoungGen: 301833K->1434K(294336K)] 701046K->400735K(981312K), 0.0060060 secs] [Times: user=0.03 sys=0.01, real=0.01 secs] 
2014-07-08T06:13:37.666+0000: 2681.126: [GC [PSYoungGen: 294298K->1078K(286208K)] 693599K->400565K(973184K), 0.0042590 secs] [Times: user=0.02 sys=0.00, real=0.00 secs] 
2014-07-08T06:13:38.577+0000: 2682.036: [GC [PSYoungGen: 286198K->1082K(278784K)] 685685K->400649K(965760K), 0.0066080 secs] [Times: user=0.04 sys=0.00, real=0.00 secs] 
2014-07-08T06:13:39.475+0000: 2682.935: [GC [PSYoungGen: 278778K->1036K(271616K)] 678345K->400667K(958592K), 0.0041960 secs] [Times: user=0.02 sys=0.00, real=0.00 secs] 
2014-07-08T06:13:40.361+0000: 2683.821: [GC [PSYoungGen: 271527K->1345K(265024K)] 671158K->401040K(952000K), 0.0040550 secs] [Times: user=0.02 sys=0.00, real=0.01 secs] 
2014-07-08T06:13:41.197+0000: 2684.656: [GC [PSYoungGen: 264961K->872K(257856K)] 664656K->400713K(944832K), 0.0073410 secs] [Times: user=0.05 sys=0.01, real=0.01 secs] 
2014-07-08T06:13:42.169+0000: 2685.628: [GC [PSYoungGen: 257832K->772K(251392K)] 657673K->400717K(938368K), 0.0043460 secs] [Times: user=0.02 sys=0.00, real=0.00 secs] 
2014-07-08T06:13:42.982+0000: 2686.441: [GC [PSYoungGen: 251332K->872K(245312K)] 651277K->400913K(932288K), 0.0080410 secs] [Times: user=0.05 sys=0.00, real=0.01 secs] 
2014-07-08T06:13:43.809+0000: 2687.268: [GC [PSYoungGen: 245288K->1124K(239680K)] 645329K->401245K(926656K), 0.0062380 secs] [Times: user=0.04 sys=0.00, real=0.01 secs] 
2014-07-08T06:13:44.511+0000: 2687.971: [GC [PSYoungGen: 239652K->1082K(233920K)] 639773K->401251K(920896K), 0.0137710 secs] [Times: user=0.10 sys=0.00, real=0.02 secs] 
2014-07-08T06:13:45.186+0000: 2688.646: [GC [PSYoungGen: 233873K->826K(280256K)] 634042K->401051K(967232K), 0.0077620 secs] [Times: user=0.05 sys=0.00, real=0.00 secs] 
2014-07-08T06:13:46.132+0000: 2689.591: [GC [PSYoungGen: 280250K->968K(273216K)] 680475K->401273K(960192K), 0.0081290 secs] [Times: user=0.05 sys=0.00, real=0.01 secs] 
2014-07-08T06:13:47.090+0000: 2690.549: [GC [PSYoungGen: 273158K->808K(266048K)] 673463K->401177K(953024K), 0.0087700 secs] [Times: user=0.06 sys=0.00, real=0.01 secs] 
2014-07-08T06:13:47.939+0000: 2691.398: [GC [PSYoungGen: 266024K->790K(259328K)] 666393K->401223K(946304K), 0.0051630 secs] [Times: user=0.02 sys=0.00, real=0.00 secs] 
2014-07-08T06:13:48.797+0000: 2692.256: [GC [PSYoungGen: 259269K->1096K(253184K)] 659702K->401585K(940160K), 0.0088700 secs] [Times: user=0.06 sys=0.01, real=0.01 secs] 
2014-07-08T06:13:49.547+0000: 2693.006: [GC [PSYoungGen: 253128K->1146K(246976K)] 653617K->401691K(933952K), 0.0041200 secs] [Times: user=0.02 sys=0.00, real=0.00 secs] 
2014-07-08T06:13:50.296+0000: 2693.755: [GC [PSYoungGen: 246970K->840K(240768K)] 647515K->401433K(927744K), 0.0083460 secs] [Times: user=0.03 sys=0.00, real=0.00 secs] 
2014-07-08T06:13:51.113+0000: 2694.573: [GC [PSYoungGen: 240712K->996K(235136K)] 641305K->401669K(922112K), 0.0089730 secs] [Times: user=0.06 sys=0.00, real=0.01 secs] 
2014-07-08T06:13:51.973+0000: 2695.433: [GC [PSYoungGen: 235107K->1412K(282432K)] 635780K->402141K(969408K), 0.0142260 secs] [Times: user=0.08 sys=0.01, real=0.02 secs] 
2014-07-08T06:13:52.847+0000: 2696.306: [GC [PSYoungGen: 282372K->512K(328000K)] 683101K->401304K(1014976K), 0.0078160 secs] [Times: user=0.05 sys=0.00, real=0.00 secs] 
2014-07-08T06:13:53.927+0000: 2697.386: [GC [PSYoungGen: 328000K->726K(319104K)] 728792K->401575K(1006080K), 0.0076110 secs] [Times: user=0.04 sys=0.00, real=0.00 secs] 
2014-07-08T06:13:54.917+0000: 2698.377: [GC [PSYoungGen: 319062K->776K(310400K)] 719911K->401665K(997376K), 0.0060760 secs] [Times: user=0.04 sys=0.00, real=0.00 secs] 
2014-07-08T06:13:56.000+0000: 2699.459: [GC [PSYoungGen: 310316K->1132K(302336K)] 711205K->402101K(989312K), 0.0040320 secs] [Times: user=0.02 sys=0.00, real=0.00 secs] 
2014-07-08T06:13:56.983+0000: 2700.442: [GC [PSYoungGen: 302316K->1270K(294400K)] 703285K->402311K(981376K), 0.0094110 secs] [Times: user=0.06 sys=0.00, real=0.01 secs] 
2014-07-08T06:13:57.981+0000: 2701.441: [GC [PSYoungGen: 294390K->1412K(286848K)] 695431K->402517K(973824K), 0.0139710 secs] [Times: user=0.07 sys=0.00, real=0.01 secs] 
2014-07-08T06:13:58.899+0000: 2702.358: [GC [PSYoungGen: 286753K->630K(278528K)] 687858K->401823K(965504K), 0.0052710 secs] [Times: user=0.02 sys=0.00, real=0.00 secs] 
2014-07-08T06:13:59.862+0000: 2703.322: [GC [PSYoungGen: 278509K->1490K(272256K)] 679702K->402723K(959232K), 0.0050190 secs] [Times: user=0.02 sys=0.00, real=0.01 secs] 
2014-07-08T06:14:00.862+0000: 2704.321: [GC [PSYoungGen: 272193K->950K(264768K)] 673426K->402263K(951744K), 0.0037900 secs] [Times: user=0.02 sys=0.00, real=0.00 secs] 
2014-07-08T06:14:01.665+0000: 2705.124: [GC [PSYoungGen: 264758K->1184K(258368K)] 666071K->402553K(945344K), 0.0096350 secs] [Times: user=0.06 sys=0.00, real=0.01 secs] 
2014-07-08T06:14:02.548+0000: 2706.007: [GC [PSYoungGen: 258336K->1230K(252032K)] 659705K->402671K(939008K), 0.0089450 secs] [Times: user=0.04 sys=0.00, real=0.01 secs] 
2014-07-08T06:14:03.269+0000: 2706.728: [GC [PSYoungGen: 251982K->758K(245376K)] 653423K->402255K(932352K), 0.0038420 secs] [Times: user=0.02 sys=0.00, real=0.00 secs] 
2014-07-08T06:14:04.075+0000: 2707.535: [GC [PSYoungGen: 245366K->612K(239296K)] 646863K->402157K(926272K), 0.0076400 secs] [Times: user=0.05 sys=0.01, real=0.01 secs] 
2014-07-08T06:14:04.885+0000: 2708.344: [GC [PSYoungGen: 239266K->804K(233792K)] 640811K->402413K(920768K), 0.0050610 secs] [Times: user=0.03 sys=0.00, real=0.01 secs] 
2014-07-08T06:14:05.545+0000: 2709.005: [GC [PSYoungGen: 233764K->986K(228480K)] 635373K->402651K(915456K), 0.0116420 secs] [Times: user=0.07 sys=0.00, real=0.01 secs] 
2014-07-08T06:14:06.281+0000: 2709.740: [GC [PSYoungGen: 228442K->658K(273664K)] 630107K->402378K(960640K), 0.0082540 secs] [Times: user=0.06 sys=0.00, real=0.01 secs] 
2014-07-08T06:14:07.216+0000: 2710.675: [GC [PSYoungGen: 273618K->864K(266880K)] 675338K->402673K(953856K), 0.0072830 secs] [Times: user=0.05 sys=0.00, real=0.01 secs] 
2014-07-08T06:14:08.028+0000: 2711.487: [GC [PSYoungGen: 266848K->754K(260032K)] 668657K->402611K(947008K), 0.0050100 secs] [Times: user=0.02 sys=0.00, real=0.00 secs] 
2014-07-08T06:14:08.911+0000: 2712.370: [GC [PSYoungGen: 260018K->1046K(253888K)] 661875K->402975K(940864K), 0.0107500 secs] [Times: user=0.07 sys=0.00, real=0.01 secs] 
2014-07-08T06:14:09.706+0000: 2713.166: [GC [PSYoungGen: 253846K->964K(247616K)] 655775K->402965K(934592K), 0.0046890 secs] [Times: user=0.02 sys=0.00, real=0.01 secs] 
2014-07-08T06:14:10.400+0000: 2713.860: [GC [PSYoungGen: 247556K->1014K(296960K)] 649557K->403211K(983936K), 0.0120480 secs] [Times: user=0.07 sys=0.00, real=0.01 secs] 
2014-07-08T06:14:11.547+0000: 2715.006: [GC [PSYoungGen: 296944K->986K(316032K)] 699141K->403223K(1003008K), 0.0098110 secs] [Times: user=0.05 sys=0.01, real=0.01 secs] 
2014-07-08T06:14:12.449+0000: 2715.908: [GC [PSYoungGen: 315457K->1174K(307072K)] 717694K->403499K(994048K), 0.0049150 secs] [Times: user=0.03 sys=0.00, real=0.01 secs] 
2014-07-08T06:14:13.346+0000: 2716.805: [GC [PSYoungGen: 307030K->804K(298432K)] 709355K->403193K(985408K), 0.0043490 secs] [Times: user=0.02 sys=0.00, real=0.01 secs] 
2014-07-08T06:14:14.297+0000: 2717.756: [GC [PSYoungGen: 298404K->1056K(290752K)] 700793K->403533K(977728K), 0.0072520 secs] [Times: user=0.03 sys=0.01, real=0.01 secs] 
2014-07-08T06:14:15.229+0000: 2718.689: [GC [PSYoungGen: 290720K->836K(282944K)] 693197K->403417K(969920K), 0.0055890 secs] [Times: user=0.03 sys=0.01, real=0.00 secs] 
2014-07-08T06:14:16.253+0000: 2719.713: [GC [PSYoungGen: 282878K->1128K(275840K)] 685459K->403863K(962816K), 0.0118090 secs] [Times: user=0.07 sys=0.00, real=0.01 secs] 
2014-07-08T06:14:17.094+0000: 2720.553: [GC [PSYoungGen: 275816K->790K(268480K)] 678551K->403663K(955456K), 0.0079210 secs] [Times: user=0.06 sys=0.00, real=0.01 secs] 
2014-07-08T06:14:17.970+0000: 2721.430: [GC [PSYoungGen: 268438K->732K(261632K)] 671311K->403661K(948608K), 0.0084920 secs] [Times: user=0.06 sys=0.00, real=0.00 secs] 
2014-07-08T06:14:18.806+0000: 2722.265: [GC [PSYoungGen: 261562K->950K(255296K)] 664491K->403943K(942272K), 0.0037920 secs] [Times: user=0.02 sys=0.00, real=0.01 secs] 
2014-07-08T06:14:19.560+0000: 2723.019: [GC [PSYoungGen: 255286K->1284K(306560K)] 658279K->404341K(993536K), 0.0173830 secs] [Times: user=0.09 sys=0.00, real=0.01 secs] 
2014-07-08T06:14:20.504+0000: 2723.963: [GC [PSYoungGen: 306500K->992K(351872K)] 709557K->404089K(1038848K), 0.0071610 secs] [Times: user=0.04 sys=0.00, real=0.01 secs] 
2014-07-08T06:14:21.827+0000: 2725.286: [GC [PSYoungGen: 351293K->1210K(341504K)] 754390K->404363K(1028480K), 0.0116570 secs] [Times: user=0.05 sys=0.00, real=0.01 secs] 
2014-07-08T06:14:22.873+0000: 2726.332: [GC [PSYoungGen: 341498K->1004K(331648K)] 744651K->404253K(1018624K), 0.0057820 secs] [Times: user=0.04 sys=0.00, real=0.00 secs] 
2014-07-08T06:14:23.898+0000: 2727.357: [GC [PSYoungGen: 331603K->726K(322112K)] 734852K->404055K(1009088K), 0.0054190 secs] [Times: user=0.04 sys=0.00, real=0.01 secs] 
2014-07-08T06:14:24.932+0000: 2728.392: [GC [PSYoungGen: 322070K->658K(313152K)] 725399K->404059K(1000128K), 0.0102880 secs] [Times: user=0.07 sys=0.01, real=0.01 secs] 
2014-07-08T06:14:26.086+0000: 2729.545: [GC [PSYoungGen: 313106K->1092K(305088K)] 716507K->404557K(992064K), 0.0090540 secs] [Times: user=0.06 sys=0.00, real=0.01 secs] 
2014-07-08T06:14:27.010+0000: 2730.469: [GC [PSYoungGen: 305028K->772K(296576K)] 708493K->404309K(983552K), 0.0102030 secs] [Times: user=0.05 sys=0.00, real=0.01 secs] 
2014-07-08T06:14:27.950+0000: 2731.410: [GC [PSYoungGen: 296516K->594K(288512K)] 700053K->404203K(975488K), 0.0066000 secs] [Times: user=0.03 sys=0.01, real=0.01 secs] 
2014-07-08T06:14:28.856+0000: 2732.316: [GC [PSYoungGen: 288466K->762K(281088K)] 692075K->404435K(968064K), 0.0036060 secs] [Times: user=0.02 sys=0.00, real=0.00 secs] 
2014-07-08T06:14:29.764+0000: 2733.223: [GC [PSYoungGen: 281082K->1110K(274176K)] 684755K->404863K(961152K), 0.0091640 secs] [Times: user=0.07 sys=0.00, real=0.01 secs] 
2014-07-08T06:14:30.540+0000: 2733.999: [GC [PSYoungGen: 274134K->1216K(267328K)] 677887K->405025K(954304K), 0.0054220 secs] [Times: user=0.02 sys=0.00, real=0.01 secs] 
2014-07-08T06:14:31.491+0000: 2734.951: [GC [PSYoungGen: 267264K->572K(259904K)] 671073K->404907K(946880K), 0.0080480 secs] [Times: user=0.05 sys=0.00, real=0.01 secs] 
2014-07-08T06:14:32.258+0000: 2735.717: [GC [PSYoungGen: 259882K->1345K(254272K)] 664218K->405768K(941248K), 0.0046430 secs] [Times: user=0.03 sys=0.00, real=0.01 secs] 
2014-07-08T06:14:33.085+0000: 2736.545: [GC [PSYoungGen: 254209K->758K(247424K)] 658632K->405375K(934400K), 0.0062630 secs] [Times: user=0.03 sys=0.00, real=0.00 secs] 
2014-07-08T06:14:33.890+0000: 2737.349: [GC [PSYoungGen: 247414K->786K(241472K)] 652031K->405467K(928448K), 0.0065430 secs] [Times: user=0.04 sys=0.00, real=0.01 secs] 
2014-07-08T06:14:34.606+0000: 2738.065: [GC [PSYoungGen: 241426K->982K(289792K)] 646107K->405727K(976768K), 0.0138360 secs] [Times: user=0.08 sys=0.00, real=0.01 secs] 
2014-07-08T06:14:35.487+0000: 2738.946: [GC [PSYoungGen: 289720K->1256K(347840K)] 694465K->406089K(1034816K), 0.0129520 secs] [Times: user=0.07 sys=0.00, real=0.01 secs] 
2014-07-08T06:14:36.793+0000: 2740.252: [GC [PSYoungGen: 347816K->794K(337472K)] 752649K->405707K(1024448K), 0.0066460 secs] [Times: user=0.04 sys=0.00, real=0.00 secs] 
2014-07-08T06:14:37.785+0000: 2741.245: [GC [PSYoungGen: 337434K->626K(327808K)] 742347K->405587K(1014784K), 0.0068360 secs] [Times: user=0.03 sys=0.00, real=0.00 secs] 
2014-07-08T06:14:38.838+0000: 2742.297: [GC [PSYoungGen: 327794K->1288K(319424K)] 732755K->406313K(1006400K), 0.0070620 secs] [Times: user=0.02 sys=0.00, real=0.01 secs] 
2014-07-08T06:14:39.794+0000: 2743.253: [GC [PSYoungGen: 319368K->662K(310016K)] 724393K->405735K(996992K), 0.0071590 secs] [Times: user=0.04 sys=0.00, real=0.00 secs] 
2014-07-08T06:14:40.734+0000: 2744.193: [GC [PSYoungGen: 309974K->964K(301952K)] 715047K->406085K(988928K), 0.0122800 secs] [Times: user=0.07 sys=0.00, real=0.01 secs] 
2014-07-08T06:14:41.859+0000: 2745.318: [GC [PSYoungGen: 301892K->764K(293632K)] 707013K->405957K(980608K), 0.0049030 secs] [Times: user=0.02 sys=0.00, real=0.00 secs] 
2014-07-08T06:14:42.785+0000: 2746.244: [GC [PSYoungGen: 293628K->1302K(286464K)] 698821K->406559K(973440K), 0.0116550 secs] [Times: user=0.05 sys=0.01, real=0.01 secs] 
2014-07-08T06:14:43.638+0000: 2747.097: [GC [PSYoungGen: 286422K->996K(278720K)] 691679K->406317K(965696K), 0.0048090 secs] [Times: user=0.02 sys=0.00, real=0.00 secs] 
2014-07-08T06:14:44.450+0000: 2747.910: [GC [PSYoungGen: 278685K->876K(271424K)] 684006K->406473K(958400K), 0.0091160 secs] [Times: user=0.05 sys=0.00, real=0.01 secs] 
2014-07-08T06:14:45.296+0000: 2748.756: [GC [PSYoungGen: 271367K->990K(264640K)] 676964K->406659K(951616K), 0.0072020 secs] [Times: user=0.04 sys=0.00, real=0.00 secs] 
2014-07-08T06:14:46.114+0000: 2749.574: [GC [PSYoungGen: 264606K->850K(257856K)] 670275K->406707K(944832K), 0.0062140 secs] [Times: user=0.04 sys=0.00, real=0.00 secs] 
2014-07-08T06:14:47.042+0000: 2750.502: [GC [PSYoungGen: 257810K->740K(251328K)] 663667K->406685K(938304K), 0.0069130 secs] [Times: user=0.05 sys=0.00, real=0.01 secs] 
2014-07-08T06:14:47.837+0000: 2751.296: [GC [PSYoungGen: 251300K->694K(245120K)] 657245K->406703K(932096K), 0.0108420 secs] [Times: user=0.07 sys=0.00, real=0.01 secs] 
2014-07-08T06:14:48.588+0000: 2752.048: [GC [PSYoungGen: 245110K->1459K(240000K)] 651119K->407588K(926976K), 0.0079000 secs] [Times: user=0.05 sys=0.00, real=0.01 secs] 
2014-07-08T06:14:49.280+0000: 2752.739: [GC [PSYoungGen: 239987K->680K(233536K)] 646116K->406849K(920512K), 0.0041380 secs] [Times: user=0.02 sys=0.00, real=0.00 secs] 
2014-07-08T06:14:50.019+0000: 2753.478: [GC [PSYoungGen: 233500K->694K(228032K)] 639669K->406943K(915008K), 0.0075780 secs] [Times: user=0.03 sys=0.01, real=0.01 secs] 
2014-07-08T06:14:50.815+0000: 2754.274: [GC [PSYoungGen: 228022K->1096K(223168K)] 634271K->407393K(910144K), 0.0038190 secs] [Times: user=0.02 sys=0.00, real=0.00 secs] 
2014-07-08T06:14:51.593+0000: 2755.052: [GC [PSYoungGen: 223105K->1476K(218432K)] 629402K->407861K(905408K), 0.0063440 secs] [Times: user=0.04 sys=0.00, real=0.01 secs] 
2014-07-08T06:14:52.216+0000: 2755.676: [GC [PSYoungGen: 218372K->558K(260864K)] 624757K->407057K(947840K), 0.0107470 secs] [Times: user=0.07 sys=0.00, real=0.01 secs] 
2014-07-08T06:14:53.117+0000: 2756.577: [GC [PSYoungGen: 260846K->612K(254400K)] 667345K->407191K(941376K), 0.0036800 secs] [Times: user=0.01 sys=0.01, real=0.00 secs] 
2014-07-08T06:14:53.920+0000: 2757.380: [GC [PSYoungGen: 254372K->662K(248192K)] 660951K->407321K(935168K), 0.0055240 secs] [Times: user=0.04 sys=0.00, real=0.01 secs] 
2014-07-08T06:14:54.859+0000: 2758.319: [GC [PSYoungGen: 248150K->1291K(242816K)] 654809K->408054K(929792K), 0.0053020 secs] [Times: user=0.03 sys=0.00, real=0.00 secs] 
2014-07-08T06:14:55.522+0000: 2758.982: [GC [PSYoungGen: 242763K->914K(236608K)] 649526K->407717K(923584K), 0.0040240 secs] [Times: user=0.02 sys=0.00, real=0.01 secs] 
2014-07-08T06:14:56.224+0000: 2759.683: [GC [PSYoungGen: 236562K->776K(230912K)] 643365K->407643K(917888K), 0.0069530 secs] [Times: user=0.05 sys=0.00, real=0.01 secs] 
2014-07-08T06:14:57.163+0000: 2760.623: [GC [PSYoungGen: 230856K->1054K(225792K)] 637723K->407985K(912768K), 0.0097860 secs] [Times: user=0.06 sys=0.00, real=0.01 secs] 
2014-07-08T06:14:57.892+0000: 2761.351: [GC [PSYoungGen: 225758K->992K(270720K)] 632689K->407979K(957696K), 0.0133790 secs] [Times: user=0.07 sys=0.00, real=0.01 secs] 
2014-07-08T06:14:58.802+0000: 2762.261: [GC [PSYoungGen: 270688K->1018K(324672K)] 677675K->408077K(1011648K), 0.0085600 secs] [Times: user=0.06 sys=0.00, real=0.01 secs] 
2014-07-08T06:14:59.809+0000: 2763.268: [GC [PSYoungGen: 324666K->900K(315648K)] 731725K->408023K(1002624K), 0.0062910 secs] [Times: user=0.05 sys=0.00, real=0.00 secs] 
2014-07-08T06:15:00.840+0000: 2764.299: [GC [PSYoungGen: 315588K->1032K(307136K)] 722711K->408211K(994112K), 0.0094660 secs] [Times: user=0.05 sys=0.00, real=0.01 secs] 
2014-07-08T06:15:01.970+0000: 2765.430: [GC [PSYoungGen: 307080K->1270K(341632K)] 714259K->408513K(1028608K), 0.0151270 secs] [Times: user=0.08 sys=0.00, real=0.01 secs] 
2014-07-08T06:15:02.960+0000: 2766.419: [GC [PSYoungGen: 341430K->801K(331328K)] 748673K->408092K(1018304K), 0.0050420 secs] [Times: user=0.02 sys=0.00, real=0.00 secs] 
2014-07-08T06:15:04.052+0000: 2767.511: [GC [PSYoungGen: 331297K->694K(321920K)] 738588K->408057K(1008896K), 0.0120860 secs] [Times: user=0.07 sys=0.00, real=0.01 secs] 
2014-07-08T06:15:05.113+0000: 2768.573: [GC [PSYoungGen: 321910K->730K(313088K)] 729273K->408133K(1000064K), 0.0052720 secs] [Times: user=0.02 sys=0.00, real=0.01 secs] 
2014-07-08T06:15:06.154+0000: 2769.613: [GC [PSYoungGen: 313050K->598K(304448K)] 720453K->408041K(991424K), 0.0050570 secs] [Times: user=0.02 sys=0.00, real=0.01 secs] 
2014-07-08T06:15:07.291+0000: 2770.751: [GC [PSYoungGen: 304406K->864K(296512K)] 711849K->408379K(983488K), 0.0066520 secs] [Times: user=0.04 sys=0.00, real=0.01 secs] 
2014-07-08T06:15:08.237+0000: 2771.696: [GC [PSYoungGen: 296480K->832K(288640K)] 703995K->408459K(975616K), 0.0059750 secs] [Times: user=0.04 sys=0.00, real=0.01 secs] 
2014-07-08T06:15:09.211+0000: 2772.671: [GC [PSYoungGen: 288573K->794K(281024K)] 696200K->408485K(968000K), 0.0053050 secs] [Times: user=0.02 sys=0.01, real=0.00 secs] 
2014-07-08T06:15:10.155+0000: 2773.615: [GC [PSYoungGen: 280986K->530K(273472K)] 688677K->408293K(960448K), 0.0086670 secs] [Times: user=0.06 sys=0.00, real=0.01 secs] 
2014-07-08T06:15:11.076+0000: 2774.535: [GC [PSYoungGen: 273426K->964K(266944K)] 681189K->408783K(953920K), 0.0050140 secs] [Times: user=0.02 sys=0.00, real=0.01 secs] 
2014-07-08T06:15:12.118+0000: 2775.577: [GC [PSYoungGen: 266884K->1074K(260288K)] 674703K->408973K(947264K), 0.0064760 secs] [Times: user=0.04 sys=0.00, real=0.01 secs] 
2014-07-08T06:15:12.924+0000: 2776.384: [GC [PSYoungGen: 260274K->616K(253376K)] 668173K->408571K(940352K), 0.0043690 secs] [Times: user=0.02 sys=0.00, real=0.01 secs] 
2014-07-08T06:15:13.805+0000: 2777.264: [GC [PSYoungGen: 253342K->1296K(247872K)] 661298K->409323K(934848K), 0.0112350 secs] [Times: user=0.07 sys=0.01, real=0.01 secs] 
2014-07-08T06:15:14.563+0000: 2778.022: [GC [PSYoungGen: 247824K->892K(241408K)] 655851K->409324K(928384K), 0.0074650 secs] [Times: user=0.05 sys=0.00, real=0.01 secs] 
2014-07-08T06:15:15.342+0000: 2778.801: [GC [PSYoungGen: 241404K->854K(235648K)] 649836K->409341K(922624K), 0.0120550 secs] [Times: user=0.06 sys=0.00, real=0.01 secs] 
2014-07-08T06:15:16.156+0000: 2779.615: [GC [PSYoungGen: 235566K->648K(282432K)] 644054K->409339K(969408K), 0.0124020 secs] [Times: user=0.08 sys=0.00, real=0.01 secs] 
2014-07-08T06:15:17.222+0000: 2780.682: [GC [PSYoungGen: 282376K->786K(338944K)] 691067K->409573K(1025920K), 0.0074690 secs] [Times: user=0.05 sys=0.00, real=0.01 secs] 
2014-07-08T06:15:18.326+0000: 2781.786: [GC [PSYoungGen: 338898K->822K(329408K)] 747685K->409713K(1016384K), 0.0060060 secs] [Times: user=0.04 sys=0.00, real=0.01 secs] 
2014-07-08T06:15:19.463+0000: 2782.922: [GC [PSYoungGen: 329377K->1000K(320448K)] 738268K->409955K(1007424K), 0.0092810 secs] [Times: user=0.06 sys=0.00, real=0.01 secs] 
2014-07-08T06:15:20.554+0000: 2784.013: [GC [PSYoungGen: 320424K->982K(311616K)] 729379K->410025K(998592K), 0.0042900 secs] [Times: user=0.02 sys=0.00, real=0.00 secs] 
2014-07-08T06:15:21.625+0000: 2785.084: [GC [PSYoungGen: 311574K->1054K(303232K)] 720617K->410161K(990208K), 0.0070460 secs] [Times: user=0.04 sys=0.00, real=0.01 secs] 
2014-07-08T06:15:22.731+0000: 2786.190: [GC [PSYoungGen: 303182K->758K(294784K)] 712290K->410235K(981760K), 0.0076760 secs] [Times: user=0.05 sys=0.00, real=0.00 secs] 
2014-07-08T06:15:23.702+0000: 2787.161: [GC [PSYoungGen: 294774K->1458K(287680K)] 704251K->411073K(974656K), 0.0102820 secs] [Times: user=0.06 sys=0.00, real=0.01 secs] 
2014-07-08T06:15:24.648+0000: 2788.107: [GC [PSYoungGen: 287661K->762K(279488K)] 697276K->410857K(966464K), 0.0054020 secs] [Times: user=0.03 sys=0.00, real=0.01 secs] 
2014-07-08T06:15:25.597+0000: 2789.057: [GC [PSYoungGen: 279482K->1164K(272704K)] 689577K->411299K(959680K), 0.0119420 secs] [Times: user=0.07 sys=0.00, real=0.01 secs] 
2014-07-08T06:15:26.512+0000: 2789.971: [GC [PSYoungGen: 272652K->968K(265600K)] 682787K->411241K(952576K), 0.0085910 secs] [Times: user=0.05 sys=0.00, real=0.01 secs] 
2014-07-08T06:15:27.408+0000: 2790.867: [GC [PSYoungGen: 265544K->758K(258688K)] 675817K->411111K(945664K), 0.0048000 secs] [Times: user=0.02 sys=0.00, real=0.01 secs] 
2014-07-08T06:15:28.362+0000: 2791.821: [GC [PSYoungGen: 258678K->740K(252288K)] 669031K->411173K(939264K), 0.0131660 secs] [Times: user=0.07 sys=0.01, real=0.01 secs] 
2014-07-08T06:15:29.235+0000: 2792.694: [GC [PSYoungGen: 252260K->1081K(246400K)] 662693K->411595K(933376K), 0.0069020 secs] [Times: user=0.04 sys=0.00, real=0.01 secs] 
2014-07-08T06:15:30.076+0000: 2793.536: [GC [PSYoungGen: 246393K->680K(240064K)] 656907K->411265K(927040K), 0.0078140 secs] [Times: user=0.06 sys=0.00, real=0.01 secs] 
2014-07-08T06:15:30.911+0000: 2794.370: [GC [PSYoungGen: 239990K->790K(234432K)] 650576K->411463K(921408K), 0.0047750 secs] [Times: user=0.02 sys=0.01, real=0.01 secs] 
2014-07-08T06:15:31.793+0000: 2795.252: [GC [PSYoungGen: 234390K->1024K(229184K)] 645063K->411753K(916160K), 0.0099140 secs] [Times: user=0.06 sys=0.01, real=0.01 secs] 
2014-07-08T06:15:32.522+0000: 2795.982: [GC [PSYoungGen: 229120K->954K(223744K)] 639849K->411755K(910720K), 0.0045190 secs] [Times: user=0.02 sys=0.00, real=0.00 secs] 
2014-07-08T06:15:33.307+0000: 2796.767: [GC [PSYoungGen: 223738K->630K(218304K)] 634539K->411511K(905280K), 0.0072350 secs] [Times: user=0.05 sys=0.00, real=0.01 secs] 
2014-07-08T06:15:34.058+0000: 2797.517: [GC [PSYoungGen: 218294K->680K(213440K)] 629175K->411609K(900416K), 0.0105750 secs] [Times: user=0.06 sys=0.00, real=0.01 secs] 
2014-07-08T06:15:34.795+0000: 2798.254: [GC [PSYoungGen: 213409K->840K(208832K)] 624338K->411865K(895808K), 0.0063960 secs] [Times: user=0.04 sys=0.00, real=0.00 secs] 
2014-07-08T06:15:35.481+0000: 2798.940: [GC [PSYoungGen: 208742K->1192K(204544K)] 619767K->412289K(891520K), 0.0078130 secs] [Times: user=0.05 sys=0.00, real=0.01 secs] 
2014-07-08T06:15:36.175+0000: 2799.635: [GC [PSYoungGen: 204520K->676K(199552K)] 615617K->411861K(886528K), 0.0036310 secs] [Times: user=0.02 sys=0.00, real=0.00 secs] 
2014-07-08T06:15:36.867+0000: 2800.326: [GC [PSYoungGen: 199510K->644K(195264K)] 610695K->411933K(882240K), 0.0063990 secs] [Times: user=0.05 sys=0.00, real=0.01 secs] 
2014-07-08T06:15:37.541+0000: 2801.000: [GC [PSYoungGen: 195204K->744K(191168K)] 606493K->412105K(878144K), 0.0064970 secs] [Times: user=0.04 sys=0.00, real=0.01 secs] 
2014-07-08T06:15:38.193+0000: 2801.652: [GC [PSYoungGen: 191144K->636K(187008K)] 602505K->412061K(873984K), 0.0057460 secs] [Times: user=0.03 sys=0.00, real=0.00 secs] 
2014-07-08T06:15:38.883+0000: 2802.343: [GC [PSYoungGen: 186985K->1337K(183808K)] 598410K->412851K(870784K), 0.0079290 secs] [Times: user=0.05 sys=0.01, real=0.00 secs] 
2014-07-08T06:15:39.501+0000: 2802.960: [GC [PSYoungGen: 183778K->932K(179648K)] 595291K->412501K(866624K), 0.0038980 secs] [Times: user=0.03 sys=0.00, real=0.01 secs] 
2014-07-08T06:15:40.100+0000: 2803.559: [GC [PSYoungGen: 179620K->818K(175872K)] 591189K->412737K(862848K), 0.0048550 secs] [Times: user=0.02 sys=0.00, real=0.01 secs] 
2014-07-08T06:15:40.729+0000: 2804.188: [GC [PSYoungGen: 175857K->1182K(211264K)] 587777K->413133K(898240K), 0.0179190 secs] [Times: user=0.10 sys=0.01, real=0.02 secs] 
2014-07-08T06:15:41.417+0000: 2804.877: [GC [PSYoungGen: 211229K->840K(252992K)] 623181K->412855K(939968K), 0.0061380 secs] [Times: user=0.02 sys=0.00, real=0.01 secs] 
2014-07-08T06:15:42.307+0000: 2805.766: [GC [PSYoungGen: 252936K->716K(303296K)] 664951K->412779K(990272K), 0.0063200 secs] [Times: user=0.03 sys=0.00, real=0.01 secs] 
2014-07-08T06:15:43.335+0000: 2806.794: [GC [PSYoungGen: 303170K->1131K(295552K)] 715234K->413242K(982528K), 0.0051600 secs] [Times: user=0.03 sys=0.00, real=0.00 secs] 
2014-07-08T06:15:44.339+0000: 2807.798: [GC [PSYoungGen: 295531K->808K(287424K)] 707642K->412999K(974400K), 0.0053800 secs] [Times: user=0.03 sys=0.00, real=0.01 secs] 
2014-07-08T06:15:45.332+0000: 2808.792: [GC [PSYoungGen: 287400K->914K(280064K)] 699591K->413209K(967040K), 0.0053990 secs] [Times: user=0.04 sys=0.00, real=0.01 secs] 
2014-07-08T06:15:46.288+0000: 2809.747: [GC [PSYoungGen: 280018K->740K(272640K)] 692313K->413107K(959616K), 0.0094300 secs] [Times: user=0.05 sys=0.00, real=0.01 secs] 
2014-07-08T06:15:47.248+0000: 2810.707: [GC [PSYoungGen: 272591K->1140K(266048K)] 684959K->413595K(953024K), 0.0056280 secs] [Times: user=0.04 sys=0.01, real=0.01 secs] 
2014-07-08T06:15:48.145+0000: 2811.604: [GC [PSYoungGen: 266036K->580K(258880K)] 678491K->413107K(945856K), 0.0086890 secs] [Times: user=0.06 sys=0.01, real=0.00 secs] 
2014-07-08T06:15:49.029+0000: 2812.489: [GC [PSYoungGen: 258820K->612K(252480K)] 671347K->413219K(939456K), 0.0045340 secs] [Times: user=0.02 sys=0.00, real=0.01 secs] 
2014-07-08T06:15:49.967+0000: 2813.426: [GC [PSYoungGen: 252452K->918K(246592K)] 665059K->413605K(933568K), 0.0054980 secs] [Times: user=0.04 sys=0.00, real=0.00 secs] 
2014-07-08T06:15:50.774+0000: 2814.233: [GC [PSYoungGen: 246550K->808K(240512K)] 659237K->413591K(927488K), 0.0076420 secs] [Times: user=0.05 sys=0.00, real=0.01 secs] 
2014-07-08T06:15:51.588+0000: 2815.048: [GC [PSYoungGen: 240453K->904K(234880K)] 653236K->413751K(921856K), 0.0081420 secs] [Times: user=0.04 sys=0.01, real=0.01 secs] 
2014-07-08T06:15:52.377+0000: 2815.837: [GC [PSYoungGen: 234824K->683K(229120K)] 647671K->413594K(916096K), 0.0078780 secs] [Times: user=0.05 sys=0.00, real=0.01 secs] 
2014-07-08T06:15:53.165+0000: 2816.624: [GC [PSYoungGen: 229099K->712K(223872K)] 642010K->413695K(910848K), 0.0051390 secs] [Times: user=0.03 sys=0.00, real=0.00 secs] 
2014-07-08T06:15:53.951+0000: 2817.410: [GC [PSYoungGen: 223816K->594K(218624K)] 636799K->413649K(905600K), 0.0074800 secs] [Times: user=0.05 sys=0.00, real=0.01 secs] 
2014-07-08T06:15:54.712+0000: 2818.171: [GC [PSYoungGen: 218578K->904K(213952K)] 631633K->414015K(900928K), 0.0092090 secs] [Times: user=0.06 sys=0.01, real=0.01 secs] 
2014-07-08T06:15:55.409+0000: 2818.868: [GC [PSYoungGen: 213896K->680K(208896K)] 627007K->413847K(895872K), 0.0046270 secs] [Times: user=0.02 sys=0.00, real=0.00 secs] 
2014-07-08T06:15:56.164+0000: 2819.623: [GC [PSYoungGen: 208872K->1134K(204736K)] 622039K->414406K(891712K), 0.0108010 secs] [Times: user=0.07 sys=0.00, real=0.01 secs] 
2014-07-08T06:15:56.867+0000: 2820.327: [GC [PSYoungGen: 204718K->726K(199872K)] 617990K->414069K(886848K), 0.0063850 secs] [Times: user=0.04 sys=0.00, real=0.00 secs] 
2014-07-08T06:15:57.616+0000: 2821.075: [GC [PSYoungGen: 199830K->1152K(240192K)] 613173K->414567K(927168K), 0.0090620 secs] [Times: user=0.06 sys=0.00, real=0.01 secs] 
2014-07-08T06:15:58.375+0000: 2821.834: [GC [PSYoungGen: 240128K->754K(234048K)] 653543K->414265K(921024K), 0.0060590 secs] [Times: user=0.04 sys=0.00, real=0.01 secs] 
2014-07-08T06:15:59.198+0000: 2822.658: [GC [PSYoungGen: 234034K->662K(228480K)] 647545K->414237K(915456K), 0.0070790 secs] [Times: user=0.04 sys=0.00, real=0.01 secs] 
2014-07-08T06:16:00.009+0000: 2823.469: [GC [PSYoungGen: 228438K->982K(223488K)] 642013K->414661K(910464K), 0.0053600 secs] [Times: user=0.02 sys=0.00, real=0.00 secs] 
2014-07-08T06:16:00.866+0000: 2824.326: [GC [PSYoungGen: 223446K->1210K(218560K)] 637125K->414953K(905536K), 0.0076990 secs] [Times: user=0.05 sys=0.00, real=0.00 secs] 
2014-07-08T06:16:01.626+0000: 2825.085: [GC [PSYoungGen: 218554K->512K(212928K)] 632297K->414627K(899904K), 0.0069900 secs] [Times: user=0.05 sys=0.00, real=0.01 secs] 
2014-07-08T06:16:02.333+0000: 2825.793: [GC [PSYoungGen: 212921K->1406K(209088K)] 627037K->415683K(896064K), 0.0055700 secs] [Times: user=0.03 sys=0.00, real=0.01 secs] 
2014-07-08T06:16:03.037+0000: 2826.496: [GC [PSYoungGen: 209036K->698K(203776K)] 623314K->415113K(890752K), 0.0083530 secs] [Times: user=0.06 sys=0.00, real=0.00 secs] 
2014-07-08T06:16:03.786+0000: 2827.246: [GC [PSYoungGen: 203770K->1232K(199936K)] 618185K->415719K(886912K), 0.0045830 secs] [Times: user=0.03 sys=0.00, real=0.00 secs] 
2014-07-08T06:16:04.440+0000: 2827.900: [GC [PSYoungGen: 199888K->982K(195392K)] 614375K->415549K(882368K), 0.0041760 secs] [Times: user=0.02 sys=0.00, real=0.00 secs] 
2014-07-08T06:16:05.117+0000: 2828.577: [GC [PSYoungGen: 195350K->580K(190848K)] 609917K->415211K(877824K), 0.0078310 secs] [Times: user=0.04 sys=0.00, real=0.00 secs] 
2014-07-08T06:16:05.828+0000: 2829.287: [GC [PSYoungGen: 190780K->926K(187136K)] 605412K->415645K(874112K), 0.0063220 secs] [Times: user=0.04 sys=0.01, real=0.00 secs] 
2014-07-08T06:16:06.455+0000: 2829.915: [GC [PSYoungGen: 187102K->936K(183232K)] 601821K->415743K(870208K), 0.0059570 secs] [Times: user=0.04 sys=0.00, real=0.01 secs] 
2014-07-08T06:16:07.119+0000: 2830.578: [GC [PSYoungGen: 183208K->864K(179456K)] 598015K->415759K(866432K), 0.0076310 secs] [Times: user=0.05 sys=0.00, real=0.01 secs] 
2014-07-08T06:16:07.819+0000: 2831.279: [GC [PSYoungGen: 179424K->1316K(176256K)] 594319K->416308K(863232K), 0.0042270 secs] [Times: user=0.03 sys=0.00, real=0.00 secs] 
2014-07-08T06:16:08.350+0000: 2831.810: [GC [PSYoungGen: 176228K->637K(172032K)] 591220K->415940K(859008K), 0.0045960 secs] [Times: user=0.03 sys=0.00, real=0.00 secs] 
2014-07-08T06:16:08.962+0000: 2832.422: [GC [PSYoungGen: 172029K->980K(169024K)] 587332K->416339K(856000K), 0.0046060 secs] [Times: user=0.02 sys=0.01, real=0.01 secs] 
2014-07-08T06:16:09.570+0000: 2833.029: [GC [PSYoungGen: 168980K->854K(165632K)] 584339K->416577K(852608K), 0.0076240 secs] [Times: user=0.05 sys=0.00, real=0.01 secs] 
2014-07-08T06:16:10.142+0000: 2833.601: [GC [PSYoungGen: 165590K->694K(162240K)] 581313K->416481K(849216K), 0.0054350 secs] [Times: user=0.03 sys=0.01, real=0.01 secs] 
2014-07-08T06:16:10.754+0000: 2834.213: [GC [PSYoungGen: 162230K->1036K(159552K)] 578017K->416903K(846528K), 0.0037460 secs] [Times: user=0.02 sys=0.00, real=0.01 secs] 
2014-07-08T06:16:11.288+0000: 2834.748: [GC [PSYoungGen: 159493K->940K(156416K)] 575360K->416887K(843392K), 0.0070420 secs] [Times: user=0.04 sys=0.00, real=0.00 secs] 
2014-07-08T06:16:11.932+0000: 2835.391: [GC [PSYoungGen: 156387K->808K(187392K)] 572334K->417013K(874368K), 0.0092280 secs] [Times: user=0.06 sys=0.00, real=0.01 secs] 
2014-07-08T06:16:12.602+0000: 2836.061: [GC [PSYoungGen: 187325K->1334K(225216K)] 603530K->417831K(912192K), 0.0087780 secs] [Times: user=0.05 sys=0.00, real=0.01 secs] 
2014-07-08T06:16:13.294+0000: 2836.754: [GC [PSYoungGen: 225180K->552K(269248K)] 641677K->417370K(956224K), 0.0060530 secs] [Times: user=0.03 sys=0.00, real=0.01 secs] 
2014-07-08T06:16:14.258+0000: 2837.717: [GC [PSYoungGen: 269224K->844K(262720K)] 686042K->417758K(949696K), 0.0033460 secs] [Times: user=0.03 sys=0.00, real=0.01 secs] 
2014-07-08T06:16:15.177+0000: 2838.637: [GC [PSYoungGen: 262668K->598K(255872K)] 679582K->417626K(942848K), 0.0055300 secs] [Times: user=0.04 sys=0.00, real=0.01 secs] 
2014-07-08T06:16:16.094+0000: 2839.553: [GC [PSYoungGen: 255830K->780K(249728K)] 672858K->417872K(936704K), 0.0102940 secs] [Times: user=0.08 sys=0.01, real=0.01 secs] 
2014-07-08T06:16:16.984+0000: 2840.444: [GC [PSYoungGen: 249676K->804K(243648K)] 666768K->417952K(930624K), 0.0039560 secs] [Times: user=0.02 sys=0.00, real=0.01 secs] 
2014-07-08T06:16:17.923+0000: 2841.382: [GC [PSYoungGen: 243604K->1270K(238208K)] 660753K->418499K(925184K), 0.0043460 secs] [Times: user=0.02 sys=0.00, real=0.00 secs] 
2014-07-08T06:16:18.757+0000: 2842.216: [GC [PSYoungGen: 238198K->886K(232192K)] 655427K->418226K(919168K), 0.0132320 secs] [Times: user=0.08 sys=0.00, real=0.02 secs] 
2014-07-08T06:16:19.535+0000: 2842.994: [GC [PSYoungGen: 232182K->1122K(227008K)] 649522K->418502K(913984K), 0.0053560 secs] [Times: user=0.02 sys=0.00, real=0.01 secs] 
2014-07-08T06:16:20.307+0000: 2843.766: [GC [PSYoungGen: 226977K->1056K(221696K)] 644357K->418641K(908672K), 0.0089830 secs] [Times: user=0.06 sys=0.00, real=0.01 secs] 
2014-07-08T06:16:21.101+0000: 2844.561: [GC [PSYoungGen: 221649K->694K(265472K)] 639234K->418350K(952448K), 0.0126530 secs] [Times: user=0.08 sys=0.00, real=0.01 secs] 
2014-07-08T06:16:22.040+0000: 2845.499: [GC [PSYoungGen: 265462K->1042K(259200K)] 683118K->418778K(946176K), 0.0054640 secs] [Times: user=0.03 sys=0.00, real=0.00 secs] 
2014-07-08T06:16:23.085+0000: 2846.544: [GC [PSYoungGen: 259154K->1174K(252928K)] 676890K->418974K(939904K), 0.0104390 secs] [Times: user=0.07 sys=0.01, real=0.01 secs] 
2014-07-08T06:16:23.918+0000: 2847.378: [GC [PSYoungGen: 252886K->676K(246208K)] 670686K->418540K(933184K), 0.0091370 secs] [Times: user=0.05 sys=0.00, real=0.01 secs] 
2014-07-08T06:16:24.785+0000: 2848.244: [GC [PSYoungGen: 246180K->797K(240384K)] 664044K->418717K(927360K), 0.0087420 secs] [Times: user=0.05 sys=0.00, real=0.01 secs] 
2014-07-08T06:16:25.610+0000: 2849.069: [GC [PSYoungGen: 240349K->1157K(235008K)] 658269K->419173K(921984K), 0.0080840 secs] [Times: user=0.05 sys=0.00, real=0.00 secs] 
2014-07-08T06:16:26.442+0000: 2849.902: [GC [PSYoungGen: 234927K->1260K(281856K)] 652944K->419356K(968832K), 0.0117210 secs] [Times: user=0.07 sys=0.00, real=0.01 secs] 
2014-07-08T06:16:27.438+0000: 2850.897: [GC [PSYoungGen: 281836K->612K(273920K)] 699932K->418822K(960896K), 0.0038430 secs] [Times: user=0.02 sys=0.00, real=0.01 secs] 
2014-07-08T06:16:28.397+0000: 2851.856: [GC [PSYoungGen: 273892K->890K(267200K)] 692102K->419180K(954176K), 0.0045730 secs] [Times: user=0.02 sys=0.00, real=0.01 secs] 
2014-07-08T06:16:29.359+0000: 2852.818: [GC [PSYoungGen: 267194K->662K(260288K)] 685484K->419032K(947264K), 0.0108000 secs] [Times: user=0.07 sys=0.00, real=0.01 secs] 
2014-07-08T06:16:30.286+0000: 2853.745: [GC [PSYoungGen: 260246K->726K(253888K)] 678616K->419160K(940864K), 0.0088790 secs] [Times: user=0.05 sys=0.01, real=0.01 secs] 
2014-07-08T06:16:31.182+0000: 2854.641: [GC [PSYoungGen: 253834K->940K(247872K)] 672269K->419470K(934848K), 0.0057080 secs] [Times: user=0.03 sys=0.00, real=0.00 secs] 
2014-07-08T06:16:32.052+0000: 2855.512: [GC [PSYoungGen: 247852K->762K(241664K)] 666382K->419372K(928640K), 0.0051630 secs] [Times: user=0.03 sys=0.00, real=0.00 secs] 
2014-07-08T06:16:32.956+0000: 2856.416: [GC [PSYoungGen: 241658K->1108K(236288K)] 660268K->419758K(923264K), 0.0047490 secs] [Times: user=0.02 sys=0.00, real=0.01 secs] 
2014-07-08T06:16:33.759+0000: 2857.218: [GC [PSYoungGen: 236244K->904K(230528K)] 654894K->419610K(917504K), 0.0057730 secs] [Times: user=0.03 sys=0.00, real=0.01 secs] 
2014-07-08T06:16:34.629+0000: 2858.089: [GC [PSYoungGen: 230472K->876K(225088K)] 649178K->419866K(912064K), 0.0060950 secs] [Times: user=0.04 sys=0.00, real=0.01 secs] 
2014-07-08T06:16:35.345+0000: 2858.805: [GC [PSYoungGen: 225046K->876K(219904K)] 644036K->419938K(906880K), 0.0059860 secs] [Times: user=0.04 sys=0.00, real=0.01 secs] 
2014-07-08T06:16:36.125+0000: 2859.584: [GC [PSYoungGen: 219884K->1207K(215232K)] 638946K->420473K(902208K), 0.0105040 secs] [Times: user=0.07 sys=0.00, real=0.01 secs] 
2014-07-08T06:16:36.898+0000: 2860.357: [GC [PSYoungGen: 215223K->796K(210048K)] 634489K->420126K(897024K), 0.0058820 secs] [Times: user=0.03 sys=0.00, real=0.01 secs] 
2014-07-08T06:16:37.674+0000: 2861.134: [GC [PSYoungGen: 209990K->1068K(205632K)] 629320K->420566K(892608K), 0.0117040 secs] [Times: user=0.08 sys=0.00, real=0.01 secs] 
2014-07-08T06:16:38.364+0000: 2861.823: [GC [PSYoungGen: 205612K->800K(200896K)] 625110K->420412K(887872K), 0.0057700 secs] [Times: user=0.03 sys=0.01, real=0.00 secs] 
2014-07-08T06:16:39.078+0000: 2862.537: [GC [PSYoungGen: 200864K->960K(196736K)] 620476K->420743K(883712K), 0.0084050 secs] [Times: user=0.06 sys=0.00, real=0.01 secs] 
2014-07-08T06:16:39.803+0000: 2863.262: [GC [PSYoungGen: 196637K->1374K(192960K)] 616420K->421220K(879936K), 0.0059160 secs] [Times: user=0.03 sys=0.00, real=0.00 secs] 
2014-07-08T06:16:40.468+0000: 2863.927: [GC [PSYoungGen: 192926K->548K(230464K)] 612772K->420684K(917440K), 0.0087490 secs] [Times: user=0.06 sys=0.00, real=0.01 secs] 
2014-07-08T06:16:41.288+0000: 2864.747: [GC [PSYoungGen: 230436K->908K(225472K)] 650572K->421140K(912448K), 0.0041390 secs] [Times: user=0.02 sys=0.01, real=0.00 secs] 
2014-07-08T06:16:42.109+0000: 2865.568: [GC [PSYoungGen: 225420K->648K(220032K)] 645652K->421110K(907008K), 0.0042090 secs] [Times: user=0.02 sys=0.00, real=0.01 secs] 
2014-07-08T06:16:42.952+0000: 2866.411: [GC [PSYoungGen: 219976K->1114K(215488K)] 640438K->421672K(902464K), 0.0119280 secs] [Times: user=0.09 sys=0.00, real=0.02 secs] 
2014-07-08T06:16:43.678+0000: 2867.137: [GC [PSYoungGen: 215450K->1274K(210752K)] 636008K->421928K(897728K), 0.0074480 secs] [Times: user=0.05 sys=0.00, real=0.01 secs] 
2014-07-08T06:16:44.424+0000: 2867.884: [GC [PSYoungGen: 210700K->630K(205440K)] 631355K->421356K(892416K), 0.0060180 secs] [Times: user=0.03 sys=0.00, real=0.00 secs] 
2014-07-08T06:16:45.156+0000: 2868.616: [GC [PSYoungGen: 205430K->644K(201024K)] 626156K->421450K(888000K), 0.0094050 secs] [Times: user=0.07 sys=0.00, real=0.01 secs] 
2014-07-08T06:16:45.977+0000: 2869.437: [GC [PSYoungGen: 200964K->1188K(241600K)] 621770K->422075K(928576K), 0.0090450 secs] [Times: user=0.05 sys=0.00, real=0.01 secs] 
2014-07-08T06:16:46.758+0000: 2870.217: [GC [PSYoungGen: 241572K->1231K(235904K)] 662459K->422189K(922880K), 0.0045700 secs] [Times: user=0.02 sys=0.00, real=0.00 secs] 
2014-07-08T06:16:47.587+0000: 2871.046: [GC [PSYoungGen: 235854K->1348K(230464K)] 656812K->422394K(917440K), 0.0072960 secs] [Times: user=0.04 sys=0.01, real=0.01 secs] 
2014-07-08T06:16:48.384+0000: 2871.844: [GC [PSYoungGen: 230404K->698K(275584K)] 651450K->421792K(962560K), 0.0115320 secs] [Times: user=0.06 sys=0.00, real=0.01 secs] 
2014-07-08T06:16:49.367+0000: 2872.826: [GC [PSYoungGen: 275578K->776K(268672K)] 696672K->421926K(955648K), 0.0057330 secs] [Times: user=0.03 sys=0.00, real=0.00 secs] 
2014-07-08T06:16:50.323+0000: 2873.783: [GC [PSYoungGen: 268616K->772K(296576K)] 689766K->422002K(983552K), 0.0136260 secs] [Times: user=0.09 sys=0.00, real=0.01 secs] 
2014-07-08T06:16:51.374+0000: 2874.833: [GC [PSYoungGen: 295620K->780K(287872K)] 716850K->422066K(974848K), 0.0085510 secs] [Times: user=0.05 sys=0.01, real=0.00 secs] 
2014-07-08T06:16:52.387+0000: 2875.846: [GC [PSYoungGen: 287820K->712K(280256K)] 709106K->422070K(967232K), 0.0056760 secs] [Times: user=0.03 sys=0.00, real=0.00 secs] 
2014-07-08T06:16:53.389+0000: 2876.848: [GC [PSYoungGen: 280154K->598K(272896K)] 701512K->422012K(959872K), 0.0109960 secs] [Times: user=0.08 sys=0.00, real=0.01 secs] 
2014-07-08T06:16:54.351+0000: 2877.810: [GC [PSYoungGen: 272854K->918K(266240K)] 694268K->422389K(953216K), 0.0111430 secs] [Times: user=0.08 sys=0.00, real=0.01 secs] 
2014-07-08T06:16:55.297+0000: 2878.757: [GC [PSYoungGen: 266160K->766K(293568K)] 687631K->422284K(980544K), 0.0116810 secs] [Times: user=0.06 sys=0.00, real=0.01 secs] 
2014-07-08T06:16:56.326+0000: 2879.785: [GC [PSYoungGen: 292767K->612K(319808K)] 714286K->422178K(1006784K), 0.0147720 secs] [Times: user=0.09 sys=0.00, real=0.01 secs] 
2014-07-08T06:16:57.465+0000: 2880.924: [GC [PSYoungGen: 318948K->740K(319808K)] 740514K->422378K(1006784K), 0.0132540 secs] [Times: user=0.10 sys=0.00, real=0.01 secs] 
2014-07-08T06:16:58.632+0000: 2882.091: [GC [PSYoungGen: 319076K->850K(383424K)] 740714K->422584K(1070400K), 0.0095460 secs] [Times: user=0.06 sys=0.01, real=0.01 secs] 
2014-07-08T06:16:59.973+0000: 2883.432: [GC [PSYoungGen: 382866K->480K(371136K)] 804600K->422270K(1058112K), 0.0042040 secs] [Times: user=0.02 sys=0.01, real=0.01 secs] 
2014-07-08T06:17:01.288+0000: 2884.748: [GC [PSYoungGen: 371104K->790K(360576K)] 792894K->422660K(1047552K), 0.0086400 secs] [Times: user=0.05 sys=0.00, real=0.01 secs] 
2014-07-08T06:17:02.575+0000: 2886.034: [GC [PSYoungGen: 360534K->964K(350336K)] 782404K->422906K(1037312K), 0.0044130 secs] [Times: user=0.03 sys=0.00, real=0.00 secs] 
2014-07-08T06:17:03.842+0000: 2887.301: [GC [PSYoungGen: 350276K->740K(340032K)] 772218K->422754K(1027008K), 0.0038660 secs] [Times: user=0.03 sys=0.00, real=0.01 secs] 
2014-07-08T06:17:05.016+0000: 2888.476: [GC [PSYoungGen: 339974K->662K(330368K)] 761989K->422756K(1017344K), 0.0125550 secs] [Times: user=0.08 sys=0.00, real=0.01 secs] 
2014-07-08T06:17:06.182+0000: 2889.642: [GC [PSYoungGen: 330326K->956K(321408K)] 752420K->423099K(1008384K), 0.0106840 secs] [Times: user=0.07 sys=0.00, real=0.01 secs] 
2014-07-08T06:17:07.319+0000: 2890.778: [GC [PSYoungGen: 321404K->744K(312384K)] 743547K->422958K(999360K), 0.0051690 secs] [Times: user=0.03 sys=0.01, real=0.00 secs] 
2014-07-08T06:17:08.501+0000: 2891.960: [GC [PSYoungGen: 312360K->874K(304000K)] 734574K->423349K(990976K), 0.0038080 secs] [Times: user=0.02 sys=0.00, real=0.00 secs] 
2014-07-08T06:17:09.500+0000: 2892.959: [GC [PSYoungGen: 303978K->1160K(296192K)] 726453K->423714K(983168K), 0.0076950 secs] [Times: user=0.05 sys=0.00, real=0.01 secs] 
2014-07-08T06:17:10.552+0000: 2894.011: [GC [PSYoungGen: 296136K->612K(287808K)] 718690K->423544K(974784K), 0.0056240 secs] [Times: user=0.04 sys=0.00, real=0.01 secs] 
2014-07-08T06:17:11.561+0000: 2895.020: [GC [PSYoungGen: 287779K->1342K(280960K)] 710712K->424323K(967936K), 0.0077380 secs] [Times: user=0.05 sys=0.00, real=0.01 secs] 
2014-07-08T06:17:12.549+0000: 2896.009: [GC [PSYoungGen: 280958K->890K(273280K)] 703939K->424100K(960256K), 0.0096040 secs] [Times: user=0.06 sys=0.00, real=0.01 secs] 
2014-07-08T06:17:13.567+0000: 2897.027: [GC [PSYoungGen: 273274K->936K(266368K)] 696484K->424194K(953344K), 0.0046960 secs] [Times: user=0.02 sys=0.00, real=0.00 secs] 
2014-07-08T06:17:14.443+0000: 2897.902: [GC [PSYoungGen: 266321K->880K(259584K)] 689580K->424337K(946560K), 0.0044610 secs] [Times: user=0.03 sys=0.00, real=0.01 secs] 
2014-07-08T06:17:15.363+0000: 2898.822: [GC [PSYoungGen: 259568K->804K(253056K)] 683025K->424332K(940032K), 0.0055810 secs] [Times: user=0.03 sys=0.00, real=0.01 secs] 
2014-07-08T06:17:16.260+0000: 2899.720: [GC [PSYoungGen: 252984K->680K(246720K)] 676513K->424272K(933696K), 0.0136660 secs] [Times: user=0.08 sys=0.00, real=0.01 secs] 
2014-07-08T06:17:17.139+0000: 2900.598: [GC [PSYoungGen: 246696K->680K(240768K)] 670288K->424328K(927744K), 0.0099810 secs] [Times: user=0.07 sys=0.00, real=0.01 secs] 
2014-07-08T06:17:17.988+0000: 2901.447: [GC [PSYoungGen: 240744K->626K(234944K)] 664392K->424362K(921920K), 0.0060880 secs] [Times: user=0.03 sys=0.00, real=0.00 secs] 
2014-07-08T06:17:18.961+0000: 2902.421: [GC [PSYoungGen: 234922K->776K(229568K)] 658659K->424584K(916544K), 0.0066770 secs] [Times: user=0.04 sys=0.01, real=0.01 secs] 
2014-07-08T06:17:19.647+0000: 2903.107: [GC [PSYoungGen: 229512K->1082K(224448K)] 653320K->424994K(911424K), 0.0072280 secs] [Times: user=0.04 sys=0.00, real=0.00 secs] 
2014-07-08T06:17:20.431+0000: 2903.890: [GC [PSYoungGen: 224442K->630K(218816K)] 648354K->424622K(905792K), 0.0104210 secs] [Times: user=0.07 sys=0.00, real=0.01 secs] 
2014-07-08T06:17:21.194+0000: 2904.653: [GC [PSYoungGen: 218787K->548K(262400K)] 642780K->424604K(949376K), 0.0144550 secs] [Times: user=0.09 sys=0.00, real=0.02 secs] 
2014-07-08T06:17:22.118+0000: 2905.577: [GC [PSYoungGen: 262372K->736K(315008K)] 686428K->424857K(1001984K), 0.0092770 secs] [Times: user=0.06 sys=0.00, real=0.00 secs] 
2014-07-08T06:17:23.234+0000: 2906.693: [GC [PSYoungGen: 314944K->680K(370816K)] 739065K->424872K(1057792K), 0.0083090 secs] [Times: user=0.05 sys=0.00, real=0.01 secs] 
2014-07-08T06:17:24.576+0000: 2908.035: [GC [PSYoungGen: 370152K->1028K(359680K)] 794344K->425285K(1046656K), 0.0094790 secs] [Times: user=0.06 sys=0.00, real=0.01 secs] 
2014-07-08T06:17:25.860+0000: 2909.320: [GC [PSYoungGen: 359620K->292K(348544K)] 783877K->424870K(1035520K), 0.0083970 secs] [Times: user=0.06 sys=0.00, real=0.01 secs] 
2014-07-08T06:17:27.043+0000: 2910.502: [GC [PSYoungGen: 348514K->908K(339200K)] 773093K->425590K(1026176K), 0.0086060 secs] [Times: user=0.06 sys=0.01, real=0.01 secs] 
2014-07-08T06:17:28.258+0000: 2911.717: [GC [PSYoungGen: 339118K->548K(329280K)] 763801K->425384K(1016256K), 0.0095540 secs] [Times: user=0.06 sys=0.00, real=0.01 secs] 
2014-07-08T06:17:29.469+0000: 2912.929: [GC [PSYoungGen: 329204K->1316K(320896K)] 754041K->426307K(1007872K), 0.0097200 secs] [Times: user=0.06 sys=0.00, real=0.01 secs] 
2014-07-08T06:17:30.598+0000: 2914.057: [GC [PSYoungGen: 320868K->822K(311552K)] 745859K->425964K(998528K), 0.0113010 secs] [Times: user=0.08 sys=0.00, real=0.02 secs] 
2014-07-08T06:17:31.691+0000: 2915.151: [GC [PSYoungGen: 311542K->1149K(303424K)] 736684K->426332K(990400K), 0.0096470 secs] [Times: user=0.06 sys=0.00, real=0.01 secs] 
2014-07-08T06:17:32.798+0000: 2916.257: [GC [PSYoungGen: 303421K->1120K(295296K)] 728604K->426383K(982272K), 0.0041550 secs] [Times: user=0.02 sys=0.00, real=0.01 secs] 
2014-07-08T06:17:33.880+0000: 2917.340: [GC [PSYoungGen: 295216K->1016K(287360K)] 720479K->426343K(974336K), 0.0040630 secs] [Times: user=0.02 sys=0.00, real=0.00 secs] 
2014-07-08T06:17:34.916+0000: 2918.375: [GC [PSYoungGen: 287339K->1078K(279936K)] 712666K->426607K(966912K), 0.0108780 secs] [Times: user=0.07 sys=0.00, real=0.01 secs] 
2014-07-08T06:17:35.861+0000: 2919.320: [GC [PSYoungGen: 279926K->1188K(272832K)] 705455K->426765K(959808K), 0.0099540 secs] [Times: user=0.05 sys=0.01, real=0.01 secs] 
2014-07-08T06:17:36.821+0000: 2920.280: [GC [PSYoungGen: 272804K->929K(265664K)] 698381K->426686K(952640K), 0.0106190 secs] [Times: user=0.07 sys=0.00, real=0.01 secs] 
2014-07-08T06:17:37.794+0000: 2921.253: [GC [PSYoungGen: 265615K->900K(259008K)] 691372K->426704K(945984K), 0.0115790 secs] [Times: user=0.07 sys=0.00, real=0.01 secs] 
2014-07-08T06:17:38.789+0000: 2922.249: [GC [PSYoungGen: 258948K->1330K(252992K)] 684752K->427263K(939968K), 0.0087030 secs] [Times: user=0.06 sys=0.00, real=0.01 secs] 
2014-07-08T06:17:39.581+0000: 2923.040: [GC [PSYoungGen: 252946K->1185K(246656K)] 678879K->427214K(933632K), 0.0076520 secs] [Times: user=0.04 sys=0.00, real=0.01 secs] 
2014-07-08T06:17:40.464+0000: 2923.923: [GC [PSYoungGen: 246625K->836K(240384K)] 672654K->426936K(927360K), 0.0067740 secs] [Times: user=0.04 sys=0.00, real=0.00 secs] 
2014-07-08T06:17:41.265+0000: 2924.725: [GC [PSYoungGen: 240324K->530K(234304K)] 666424K->426694K(921280K), 0.0071090 secs] [Times: user=0.04 sys=0.00, real=0.01 secs] 
2014-07-08T06:17:42.085+0000: 2925.545: [GC [PSYoungGen: 234258K->680K(228928K)] 660422K->426909K(915904K), 0.0046860 secs] [Times: user=0.03 sys=0.00, real=0.00 secs] 
2014-07-08T06:17:42.959+0000: 2926.419: [GC [PSYoungGen: 228904K->990K(223936K)] 655133K->427283K(910912K), 0.0041340 secs] [Times: user=0.02 sys=0.00, real=0.01 secs] 
2014-07-08T06:17:43.781+0000: 2927.240: [GC [PSYoungGen: 223902K->1110K(218944K)] 650195K->427459K(905920K), 0.0096620 secs] [Times: user=0.06 sys=0.00, real=0.01 secs] 
2014-07-08T06:17:44.457+0000: 2927.917: [GC [PSYoungGen: 218901K->933K(213824K)] 645250K->427346K(900800K), 0.0085760 secs] [Times: user=0.05 sys=0.00, real=0.01 secs] 
2014-07-08T06:17:45.228+0000: 2928.687: [GC [PSYoungGen: 213797K->680K(208768K)] 640210K->427157K(895744K), 0.0074560 secs] [Times: user=0.04 sys=0.00, real=0.01 secs] 
2014-07-08T06:17:46.035+0000: 2929.495: [GC [PSYoungGen: 208744K->1022K(204480K)] 635221K->427563K(891456K), 0.0059150 secs] [Times: user=0.04 sys=0.00, real=0.00 secs] 
2014-07-08T06:17:46.724+0000: 2930.183: [GC [PSYoungGen: 204478K->968K(245184K)] 631019K->427565K(932160K), 0.0149850 secs] [Times: user=0.09 sys=0.00, real=0.01 secs] 
2014-07-08T06:17:47.584+0000: 2931.043: [GC [PSYoungGen: 245128K->1014K(294016K)] 671725K->427683K(980992K), 0.0105350 secs] [Times: user=0.02 sys=0.01, real=0.01 secs] 
2014-07-08T06:17:48.613+0000: 2932.072: [GC [PSYoungGen: 294006K->822K(352448K)] 720675K->427547K(1039424K), 0.0053800 secs] [Times: user=0.02 sys=0.00, real=0.00 secs] 
2014-07-08T06:17:49.890+0000: 2933.350: [GC [PSYoungGen: 352438K->808K(342336K)] 779163K->427621K(1029312K), 0.0080470 secs] [Times: user=0.05 sys=0.00, real=0.01 secs] 
2014-07-08T06:17:51.117+0000: 2934.576: [GC [PSYoungGen: 342312K->1100K(332928K)] 769125K->427969K(1019904K), 0.0044220 secs] [Times: user=0.03 sys=0.00, real=0.00 secs] 
2014-07-08T06:17:52.264+0000: 2935.724: [GC [PSYoungGen: 332875K->946K(323456K)] 759744K->427895K(1010432K), 0.0064650 secs] [Times: user=0.03 sys=0.00, real=0.00 secs] 
2014-07-08T06:17:53.412+0000: 2936.872: [GC [PSYoungGen: 323442K->662K(314240K)] 750391K->427715K(1001216K), 0.0053020 secs] [Times: user=0.03 sys=0.00, real=0.01 secs] 
2014-07-08T06:17:54.514+0000: 2937.973: [GC [PSYoungGen: 314161K->758K(305728K)] 741214K->427875K(992704K), 0.0064130 secs] [Times: user=0.04 sys=0.00, real=0.00 secs] 
2014-07-08T06:17:55.590+0000: 2939.049: [GC [PSYoungGen: 305682K->1049K(297792K)] 732799K->428238K(984768K), 0.0124640 secs] [Times: user=0.09 sys=0.00, real=0.01 secs] 
2014-07-08T06:17:56.698+0000: 2940.158: [GC [PSYoungGen: 297752K->1288K(290112K)] 724941K->428581K(977088K), 0.0064130 secs] [Times: user=0.05 sys=0.01, real=0.01 secs] 
2014-07-08T06:17:57.697+0000: 2941.156: [GC [PSYoungGen: 290014K->420K(281600K)] 717307K->428117K(968576K), 0.0035490 secs] [Times: user=0.02 sys=0.00, real=0.00 secs] 
2014-07-08T06:17:58.683+0000: 2942.143: [GC [PSYoungGen: 281572K->1468K(275328K)] 709269K->429237K(962304K), 0.0059850 secs] [Times: user=0.04 sys=0.00, real=0.00 secs] 
2014-07-08T06:17:59.650+0000: 2943.110: [GC [PSYoungGen: 275324K->1060K(267904K)] 703093K->429331K(954880K), 0.0071280 secs] [Times: user=0.05 sys=0.00, real=0.01 secs] 
2014-07-08T06:18:00.587+0000: 2944.046: [GC [PSYoungGen: 267876K->958K(260992K)] 696147K->429325K(947968K), 0.0069530 secs] [Times: user=0.05 sys=0.00, real=0.01 secs] 
2014-07-08T06:18:01.509+0000: 2944.969: [GC [PSYoungGen: 260953K->1160K(254720K)] 689320K->429599K(941696K), 0.0048430 secs] [Times: user=0.02 sys=0.00, real=0.01 secs] 
2014-07-08T06:18:02.387+0000: 2945.846: [GC [PSYoungGen: 254652K->758K(248000K)] 683091K->429269K(934976K), 0.0042860 secs] [Times: user=0.02 sys=0.00, real=0.00 secs] 
2014-07-08T06:18:03.263+0000: 2946.722: [GC [PSYoungGen: 247990K->894K(242112K)] 676501K->429485K(929088K), 0.0080230 secs] [Times: user=0.05 sys=0.00, real=0.01 secs] 
2014-07-08T06:18:04.142+0000: 2947.602: [GC [PSYoungGen: 242110K->698K(236096K)] 670701K->429353K(923072K), 0.0092450 secs] [Times: user=0.06 sys=0.00, real=0.01 secs] 
2014-07-08T06:18:04.959+0000: 2948.418: [GC [PSYoungGen: 236090K->616K(230464K)] 664745K->429319K(917440K), 0.0068220 secs] [Times: user=0.04 sys=0.00, real=0.01 secs] 
2014-07-08T06:18:05.838+0000: 2949.297: [GC [PSYoungGen: 230440K->1014K(225472K)] 659143K->429797K(912448K), 0.0059490 secs] [Times: user=0.03 sys=0.00, real=0.00 secs] 
2014-07-08T06:18:06.592+0000: 2950.051: [GC [PSYoungGen: 225413K->976K(220288K)] 654197K->429815K(907264K), 0.0110320 secs] [Times: user=0.08 sys=0.00, real=0.01 secs] 
2014-07-08T06:18:07.362+0000: 2950.821: [GC [PSYoungGen: 220240K->662K(263872K)] 649079K->429597K(950848K), 0.0109030 secs] [Times: user=0.07 sys=0.00, real=0.01 secs] 
2014-07-08T06:18:08.318+0000: 2951.777: [GC [PSYoungGen: 263830K->896K(257536K)] 692765K->429895K(944512K), 0.0053920 secs] [Times: user=0.02 sys=0.00, real=0.00 secs] 
2014-07-08T06:18:09.234+0000: 2952.693: [GC [PSYoungGen: 257472K->744K(250944K)] 686471K->429815K(937920K), 0.0110110 secs] [Times: user=0.07 sys=0.00, real=0.01 secs] 
2014-07-08T06:18:10.136+0000: 2953.596: [GC [PSYoungGen: 250920K->712K(244800K)] 679991K->429847K(931776K), 0.0095910 secs] [Times: user=0.07 sys=0.00, real=0.01 secs] 
2014-07-08T06:18:11.023+0000: 2954.482: [GC [PSYoungGen: 244744K->914K(239104K)] 673879K->430121K(926080K), 0.0039530 secs] [Times: user=0.02 sys=0.00, real=0.01 secs] 
2014-07-08T06:18:11.883+0000: 2955.343: [GC [PSYoungGen: 239058K->850K(233344K)] 668265K->430113K(920320K), 0.0044930 secs] [Times: user=0.02 sys=0.00, real=0.01 secs] 
2014-07-08T06:18:12.692+0000: 2956.151: [GC [PSYoungGen: 233298K->1060K(228032K)] 662561K->430395K(915008K), 0.0105120 secs] [Times: user=0.06 sys=0.00, real=0.01 secs] 
2014-07-08T06:18:13.506+0000: 2956.965: [GC [PSYoungGen: 228004K->740K(222400K)] 657339K->430504K(909376K), 0.0041090 secs] [Times: user=0.03 sys=0.00, real=0.01 secs] 
2014-07-08T06:18:14.354+0000: 2957.814: [GC [PSYoungGen: 222372K->1058K(217600K)] 652136K->430886K(904576K), 0.0114570 secs] [Times: user=0.08 sys=0.00, real=0.02 secs] 
2014-07-08T06:18:15.067+0000: 2958.527: [GC [PSYoungGen: 217570K->815K(212416K)] 647398K->430871K(899392K), 0.0087820 secs] [Times: user=0.04 sys=0.00, real=0.01 secs] 
2014-07-08T06:18:15.837+0000: 2959.296: [GC [PSYoungGen: 212399K->1088K(255104K)] 642455K->431216K(942080K), 0.0128560 secs] [Times: user=0.08 sys=0.00, real=0.01 secs] 
2014-07-08T06:18:16.726+0000: 2960.185: [GC [PSYoungGen: 255040K->876K(305664K)] 685168K->431270K(992640K), 0.0219270 secs] [Times: user=0.13 sys=0.01, real=0.03 secs] 
2014-07-08T06:18:17.843+0000: 2961.303: [GC [PSYoungGen: 305644K->1088K(339328K)] 736038K->431538K(1026304K), 0.0060520 secs] [Times: user=0.02 sys=0.01, real=0.01 secs] 
2014-07-08T06:18:18.997+0000: 2962.456: [GC [PSYoungGen: 338944K->516K(367232K)] 769394K->431022K(1054208K), 0.0081640 secs] [Times: user=0.04 sys=0.00, real=0.01 secs] 
2014-07-08T06:18:20.298+0000: 2963.757: [GC [PSYoungGen: 366236K->801K(355904K)] 796742K->431371K(1042880K), 0.0068990 secs] [Times: user=0.03 sys=0.00, real=0.00 secs] 
2014-07-08T06:18:21.564+0000: 2965.024: [GC [PSYoungGen: 355838K->694K(345536K)] 786409K->431434K(1032512K), 0.0042720 secs] [Times: user=0.02 sys=0.00, real=0.01 secs] 
2014-07-08T06:18:22.854+0000: 2966.313: [GC [PSYoungGen: 345525K->1142K(336128K)] 776265K->431938K(1023104K), 0.0048600 secs] [Times: user=0.02 sys=0.01, real=0.01 secs] 
2014-07-08T06:18:23.965+0000: 2967.424: [GC [PSYoungGen: 336118K->894K(326464K)] 766914K->431820K(1013440K), 0.0067720 secs] [Times: user=0.04 sys=0.01, real=0.01 secs] 
2014-07-08T06:18:25.170+0000: 2968.629: [GC [PSYoungGen: 326443K->772K(317376K)] 757370K->431762K(1004352K), 0.0060720 secs] [Times: user=0.03 sys=0.00, real=0.00 secs] 
2014-07-08T06:18:26.257+0000: 2969.717: [GC [PSYoungGen: 317294K->794K(308672K)] 748285K->431872K(995648K), 0.0075550 secs] [Times: user=0.05 sys=0.00, real=0.01 secs] 
2014-07-08T06:18:27.346+0000: 2970.805: [GC [PSYoungGen: 308630K->712K(300288K)] 739708K->431854K(987264K), 0.0068770 secs] [Times: user=0.04 sys=0.00, real=0.01 secs] 
2014-07-08T06:18:28.421+0000: 2971.880: [GC [PSYoungGen: 300232K->776K(292352K)] 731374K->432014K(979328K), 0.0043690 secs] [Times: user=0.03 sys=0.00, real=0.00 secs] 
2014-07-08T06:18:29.456+0000: 2972.915: [GC [PSYoungGen: 292265K->872K(284736K)] 723503K->432206K(971712K), 0.0062980 secs] [Times: user=0.04 sys=0.00, real=0.01 secs] 
2014-07-08T06:18:30.474+0000: 2973.933: [GC [PSYoungGen: 284712K->964K(277440K)] 716046K->432346K(964416K), 0.0087010 secs] [Times: user=0.05 sys=0.00, real=0.01 secs] 
2014-07-08T06:18:31.457+0000: 2974.916: [GC [PSYoungGen: 277380K->808K(332544K)] 708762K->432254K(1019520K), 0.0336170 secs] [Times: user=0.23 sys=0.00, real=0.04 secs] 
2014-07-08T06:18:32.639+0000: 2976.098: [GC [PSYoungGen: 332520K->612K(361280K)] 763966K->432122K(1048256K), 0.0148090 secs] [Times: user=0.09 sys=0.01, real=0.02 secs] 
2014-07-08T06:18:33.909+0000: 2977.368: [GC [PSYoungGen: 361124K->844K(361792K)] 792634K->432426K(1048768K), 0.0045790 secs] [Times: user=0.03 sys=0.00, real=0.01 secs] 
2014-07-08T06:18:35.189+0000: 2978.649: [GC [PSYoungGen: 361356K->712K(433856K)] 792938K->432374K(1120832K), 0.0117380 secs] [Times: user=0.06 sys=0.00, real=0.01 secs] 
2014-07-08T06:18:36.780+0000: 2980.240: [GC [PSYoungGen: 433352K->864K(420032K)] 865014K->432558K(1107008K), 0.0056150 secs] [Times: user=0.02 sys=0.00, real=0.00 secs] 
2014-07-08T06:18:38.223+0000: 2981.683: [GC [PSYoungGen: 420000K->356K(406592K)] 851694K->432416K(1093568K), 0.0058160 secs] [Times: user=0.03 sys=0.00, real=0.01 secs] 
2014-07-08T06:18:39.716+0000: 2983.176: [GC [PSYoungGen: 406564K->1036K(394880K)] 838624K->433144K(1081856K), 0.0082790 secs] [Times: user=0.04 sys=0.00, real=0.01 secs] 
2014-07-08T06:18:41.067+0000: 2984.527: [GC [PSYoungGen: 394792K->648K(382656K)] 826900K->433002K(1069632K), 0.0084030 secs] [Times: user=0.05 sys=0.00, real=0.01 secs] 
2014-07-08T06:18:42.420+0000: 2985.880: [GC [PSYoungGen: 382600K->630K(371200K)] 814954K->433048K(1058176K), 0.0049300 secs] [Times: user=0.03 sys=0.00, real=0.00 secs] 
2014-07-08T06:18:43.772+0000: 2987.232: [GC [PSYoungGen: 371157K->904K(360640K)] 803576K->433386K(1047616K), 0.0102950 secs] [Times: user=0.06 sys=0.00, real=0.01 secs] 
2014-07-08T06:18:44.993+0000: 2988.453: [GC [PSYoungGen: 360562K->598K(349888K)] 793045K->433144K(1036864K), 0.0078940 secs] [Times: user=0.05 sys=0.01, real=0.01 secs] 
2014-07-08T06:18:46.235+0000: 2989.694: [GC [PSYoungGen: 349844K->890K(340160K)] 782391K->433534K(1027136K), 0.0064590 secs] [Times: user=0.02 sys=0.00, real=0.01 secs] 
2014-07-08T06:18:47.457+0000: 2990.916: [GC [PSYoungGen: 340154K->1206K(330880K)] 772798K->434267K(1017856K), 0.0099340 secs] [Times: user=0.06 sys=0.00, real=0.01 secs] 
2014-07-08T06:18:48.722+0000: 2992.182: [GC [PSYoungGen: 330869K->370K(320832K)] 763930K->434024K(1007808K), 0.0111150 secs] [Times: user=0.06 sys=0.01, real=0.01 secs] 
2014-07-08T06:18:49.900+0000: 2993.359: [GC [PSYoungGen: 320818K->1164K(312832K)] 754472K->434874K(999808K), 0.0039890 secs] [Times: user=0.02 sys=0.00, real=0.01 secs] 
2014-07-08T06:18:50.909+0000: 2994.368: [GC [PSYoungGen: 312780K->1280K(304448K)] 746490K->435389K(991424K), 0.0155780 secs] [Times: user=0.09 sys=0.00, real=0.02 secs] 
2014-07-08T06:18:51.973+0000: 2995.433: [GC [PSYoungGen: 304384K->708K(295744K)] 738493K->434872K(982720K), 0.0056390 secs] [Times: user=0.02 sys=0.00, real=0.00 secs] 
2014-07-08T06:18:52.998+0000: 2996.458: [GC [PSYoungGen: 295651K->940K(288128K)] 729816K->435177K(975104K), 0.0041580 secs] [Times: user=0.02 sys=0.00, real=0.01 secs] 
2014-07-08T06:18:54.081+0000: 2997.541: [GC [PSYoungGen: 288108K->1360K(281024K)] 722345K->435677K(968000K), 0.0063050 secs] [Times: user=0.03 sys=0.00, real=0.01 secs] 
2014-07-08T06:18:55.033+0000: 2998.492: [GC [PSYoungGen: 280976K->762K(273152K)] 715293K->435143K(960128K), 0.0081090 secs] [Times: user=0.05 sys=0.00, real=0.00 secs] 
2014-07-08T06:18:55.987+0000: 2999.446: [GC [PSYoungGen: 273146K->758K(266176K)] 707527K->435226K(953152K), 0.0081260 secs] [Times: user=0.05 sys=0.00, real=0.01 secs] 
2014-07-08T06:18:56.925+0000: 3000.384: [GC [PSYoungGen: 266166K->566K(259264K)] 700634K->435090K(946240K), 0.0087290 secs] [Times: user=0.06 sys=0.00, real=0.01 secs] 
2014-07-08T06:18:57.873+0000: 3001.332: [GC [PSYoungGen: 259245K->1217K(253504K)] 693770K->435782K(940480K), 0.0094560 secs] [Times: user=0.06 sys=0.00, real=0.01 secs] 
2014-07-08T06:18:58.733+0000: 3002.192: [GC [PSYoungGen: 253441K->1254K(247296K)] 688006K->435981K(934272K), 0.0048370 secs] [Times: user=0.02 sys=0.00, real=0.01 secs] 
2014-07-08T06:18:59.610+0000: 3003.070: [GC [PSYoungGen: 247270K->1142K(241216K)] 681997K->435933K(928192K), 0.0127330 secs] [Times: user=0.05 sys=0.00, real=0.02 secs] 
2014-07-08T06:19:00.453+0000: 3003.912: [GC [PSYoungGen: 241206K->1032K(235392K)] 675997K->435887K(922368K), 0.0058040 secs] [Times: user=0.02 sys=0.00, real=0.01 secs] 
2014-07-08T06:19:01.267+0000: 3004.726: [GC [PSYoungGen: 235315K->612K(229376K)] 670170K->435522K(916352K), 0.0077680 secs] [Times: user=0.05 sys=0.00, real=0.01 secs] 
2014-07-08T06:19:02.094+0000: 3005.553: [GC [PSYoungGen: 229347K->698K(224064K)] 664258K->435665K(911040K), 0.0036580 secs] [Times: user=0.02 sys=0.00, real=0.00 secs] 
2014-07-08T06:19:02.906+0000: 3006.365: [GC [PSYoungGen: 224027K->712K(218944K)] 658994K->435719K(905920K), 0.0046630 secs] [Times: user=0.02 sys=0.00, real=0.00 secs] 
2014-07-08T06:19:03.668+0000: 3007.127: [GC [PSYoungGen: 218886K->890K(262720K)] 653893K->435945K(949696K), 0.0151090 secs] [Times: user=0.10 sys=0.00, real=0.01 secs] 
2014-07-08T06:19:04.601+0000: 3008.060: [GC [PSYoungGen: 262714K->954K(315200K)] 697769K->436065K(1002176K), 0.0121670 secs] [Times: user=0.07 sys=0.00, real=0.01 secs] 
2014-07-08T06:19:05.724+0000: 3009.183: [GC [PSYoungGen: 315159K->1248K(306944K)] 750270K->436415K(993920K), 0.0055370 secs] [Times: user=0.03 sys=0.00, real=0.01 secs] 
2014-07-08T06:19:06.827+0000: 3010.287: [GC [PSYoungGen: 306912K->1296K(298752K)] 742079K->436535K(985728K), 0.0049720 secs] [Times: user=0.02 sys=0.00, real=0.00 secs] 
2014-07-08T06:19:07.851+0000: 3011.311: [GC [PSYoungGen: 298699K->623K(290112K)] 733937K->436419K(977088K), 0.0073480 secs] [Times: user=0.05 sys=0.01, real=0.01 secs] 
2014-07-08T06:19:08.880+0000: 3012.339: [GC [PSYoungGen: 290095K->940K(282816K)] 725891K->436792K(969792K), 0.0082890 secs] [Times: user=0.05 sys=0.00, real=0.01 secs] 
2014-07-08T06:19:10.030+0000: 3013.490: [GC [PSYoungGen: 282783K->1334K(275840K)] 718635K->437356K(962816K), 0.0036920 secs] [Times: user=0.02 sys=0.00, real=0.01 secs] 
2014-07-08T06:19:10.892+0000: 3014.351: [GC [PSYoungGen: 275830K->922K(268416K)] 711852K->437040K(955392K), 0.0045200 secs] [Times: user=0.02 sys=0.00, real=0.01 secs] 
2014-07-08T06:19:11.841+0000: 3015.300: [GC [PSYoungGen: 268378K->936K(261632K)] 704496K->437150K(948608K), 0.0073930 secs] [Times: user=0.04 sys=0.01, real=0.01 secs] 
2014-07-08T06:19:12.724+0000: 3016.183: [GC [PSYoungGen: 261608K->914K(255104K)] 697822K->437192K(942080K), 0.0070120 secs] [Times: user=0.04 sys=0.00, real=0.01 secs] 
2014-07-08T06:19:13.623+0000: 3017.082: [GC [PSYoungGen: 255058K->1120K(249024K)] 691336K->437478K(936000K), 0.0066910 secs] [Times: user=0.04 sys=0.00, real=0.01 secs] 
2014-07-08T06:19:14.498+0000: 3017.958: [GC [PSYoungGen: 248992K->726K(242624K)] 685350K->437140K(929600K), 0.0091220 secs] [Times: user=0.06 sys=0.00, real=0.01 secs] 
2014-07-08T06:19:15.436+0000: 3018.896: [GC [PSYoungGen: 242566K->694K(236736K)] 678980K->437172K(923712K), 0.0052020 secs] [Times: user=0.01 sys=0.01, real=0.00 secs] 
2014-07-08T06:19:16.220+0000: 3019.679: [GC [PSYoungGen: 236726K->630K(231040K)] 673204K->437172K(918016K), 0.0148210 secs] [Times: user=0.09 sys=0.01, real=0.01 secs] 
2014-07-08T06:19:17.035+0000: 3020.494: [GC [PSYoungGen: 230983K->879K(225920K)] 667525K->437533K(912896K), 0.0049490 secs] [Times: user=0.03 sys=0.00, real=0.01 secs] 
2014-07-08T06:19:17.865+0000: 3021.325: [GC [PSYoungGen: 225866K->928K(220800K)] 662520K->437646K(907776K), 0.0040400 secs] [Times: user=0.02 sys=0.00, real=0.00 secs] 
2014-07-08T06:19:18.627+0000: 3022.086: [GC [PSYoungGen: 220767K->676K(215488K)] 657485K->437442K(902464K), 0.0047860 secs] [Times: user=0.02 sys=0.00, real=0.00 secs] 
2014-07-08T06:19:19.391+0000: 3022.851: [GC [PSYoungGen: 215460K->712K(210688K)] 652226K->437542K(897664K), 0.0101690 secs] [Times: user=0.06 sys=0.00, real=0.01 secs] 
2014-07-08T06:19:20.146+0000: 3023.605: [GC [PSYoungGen: 210632K->758K(252672K)] 647462K->437636K(939648K), 0.0156220 secs] [Times: user=0.09 sys=0.00, real=0.02 secs] 
2014-07-08T06:19:21.152+0000: 3024.612: [GC [PSYoungGen: 252662K->1036K(303424K)] 689540K->438010K(990400K), 0.0112650 secs] [Times: user=0.06 sys=0.00, real=0.01 secs] 
2014-07-08T06:19:22.102+0000: 3025.561: [GC [PSYoungGen: 303372K->686K(294912K)] 740346K->437724K(981888K), 0.0056160 secs] [Times: user=0.03 sys=0.00, real=0.01 secs] 
2014-07-08T06:19:23.141+0000: 3026.600: [GC [PSYoungGen: 294837K->940K(287360K)] 731876K->438066K(974336K), 0.0073560 secs] [Times: user=0.05 sys=0.00, real=0.01 secs] 
2014-07-08T06:19:24.161+0000: 3027.620: [GC [PSYoungGen: 287340K->672K(279616K)] 724466K->437854K(966592K), 0.0047840 secs] [Times: user=0.02 sys=0.00, real=0.00 secs] 
2014-07-08T06:19:25.171+0000: 3028.630: [GC [PSYoungGen: 279584K->580K(272320K)] 716766K->437834K(959296K), 0.0093030 secs] [Times: user=0.06 sys=0.00, real=0.01 secs] 
2014-07-08T06:19:26.136+0000: 3029.595: [GC [PSYoungGen: 272237K->968K(265792K)] 709491K->438302K(952768K), 0.0121000 secs] [Times: user=0.08 sys=0.00, real=0.02 secs] 
2014-07-08T06:19:27.061+0000: 3030.520: [GC [PSYoungGen: 265736K->648K(318464K)] 703070K->438030K(1005440K), 0.0134420 secs] [Times: user=0.08 sys=0.00, real=0.01 secs] 
2014-07-08T06:19:28.201+0000: 3031.660: [GC [PSYoungGen: 318360K->914K(309952K)] 755742K->438368K(996928K), 0.0058110 secs] [Times: user=0.03 sys=0.00, real=0.00 secs] 
2014-07-08T06:19:29.291+0000: 3032.750: [GC [PSYoungGen: 309906K->680K(301312K)] 747360K->438206K(988288K), 0.0092070 secs] [Times: user=0.06 sys=0.00, real=0.01 secs] 
2014-07-08T06:19:30.346+0000: 3033.806: [GC [PSYoungGen: 301288K->566K(293120K)] 738814K->438140K(980096K), 0.0127140 secs] [Times: user=0.08 sys=0.00, real=0.02 secs] 
2014-07-08T06:19:31.395+0000: 3034.854: [GC [PSYoungGen: 293110K->858K(285696K)] 730684K->438496K(972672K), 0.0086730 secs] [Times: user=0.05 sys=0.00, real=0.01 secs] 
2014-07-08T06:19:32.414+0000: 3035.874: [GC [PSYoungGen: 285658K->726K(278144K)] 723296K->438420K(965120K), 0.0089640 secs] [Times: user=0.05 sys=0.00, real=0.01 secs] 
2014-07-08T06:19:33.392+0000: 3036.852: [GC [PSYoungGen: 278102K->648K(270912K)] 715796K->438414K(957888K), 0.0111970 secs] [Times: user=0.07 sys=0.00, real=0.01 secs] 
2014-07-08T06:19:34.338+0000: 3037.797: [GC [PSYoungGen: 270856K->634K(324928K)] 708622K->438440K(1011904K), 0.0112240 secs] [Times: user=0.07 sys=0.00, real=0.02 secs] 
2014-07-08T06:19:35.485+0000: 3038.945: [GC [PSYoungGen: 324922K->780K(316096K)] 762728K->438658K(1003072K), 0.0068560 secs] [Times: user=0.05 sys=0.00, real=0.01 secs] 
2014-07-08T06:19:36.631+0000: 3040.090: [GC [PSYoungGen: 316044K->1018K(307648K)] 753922K->438968K(994624K), 0.0043690 secs] [Times: user=0.02 sys=0.00, real=0.00 secs] 
2014-07-08T06:19:37.760+0000: 3041.220: [GC [PSYoungGen: 307642K->1270K(299584K)] 745592K->439292K(986560K), 0.0046570 secs] [Times: user=0.02 sys=0.00, real=0.00 secs] 
2014-07-08T06:19:38.844+0000: 3042.304: [GC [PSYoungGen: 299574K->306K(290624K)] 737596K->438990K(977600K), 0.0077420 secs] [Times: user=0.03 sys=0.00, real=0.01 secs] 
2014-07-08T06:19:39.831+0000: 3043.291: [GC [PSYoungGen: 290603K->1396K(284032K)] 729287K->440316K(971008K), 0.0083710 secs] [Times: user=0.05 sys=0.00, real=0.01 secs] 
2014-07-08T06:19:40.858+0000: 3044.317: [GC [PSYoungGen: 283984K->904K(276224K)] 722905K->440242K(963200K), 0.0056750 secs] [Times: user=0.02 sys=0.01, real=0.01 secs] 
2014-07-08T06:19:41.780+0000: 3045.240: [GC [PSYoungGen: 276168K->990K(269184K)] 715506K->440384K(956160K), 0.0049740 secs] [Times: user=0.02 sys=0.00, real=0.00 secs] 
2014-07-08T06:19:42.842+0000: 3046.301: [GC [PSYoungGen: 269108K->1142K(262528K)] 708503K->440736K(949504K), 0.0118420 secs] [Times: user=0.07 sys=0.00, real=0.01 secs] 
2014-07-08T06:19:43.669+0000: 3047.128: [GC [PSYoungGen: 262494K->1106K(256000K)] 702088K->440798K(942976K), 0.0067350 secs] [Times: user=0.02 sys=0.01, real=0.00 secs] 
2014-07-08T06:19:44.575+0000: 3048.034: [GC [PSYoungGen: 255904K->946K(306816K)] 695596K->440800K(993792K), 0.0164770 secs] [Times: user=0.11 sys=0.00, real=0.02 secs] 
2014-07-08T06:19:45.674+0000: 3049.133: [GC [PSYoungGen: 306802K->982K(298624K)] 746656K->440908K(985600K), 0.0080630 secs] [Times: user=0.04 sys=0.00, real=0.01 secs] 
2014-07-08T06:19:46.732+0000: 3050.191: [GC [PSYoungGen: 298582K->936K(290624K)] 738508K->440910K(977600K), 0.0079030 secs] [Times: user=0.05 sys=0.01, real=0.00 secs] 
2014-07-08T06:19:47.749+0000: 3051.208: [GC [PSYoungGen: 290600K->960K(283072K)] 730574K->441006K(970048K), 0.0068210 secs] [Times: user=0.04 sys=0.00, real=0.01 secs] 
2014-07-08T06:19:48.744+0000: 3052.203: [GC [PSYoungGen: 283008K->1000K(275712K)] 723054K->441118K(962688K), 0.0098340 secs] [Times: user=0.07 sys=0.00, real=0.01 secs] 
2014-07-08T06:19:49.734+0000: 3053.193: [GC [PSYoungGen: 275688K->754K(268416K)] 715806K->440960K(955392K), 0.0073370 secs] [Times: user=0.04 sys=0.00, real=0.01 secs] 
2014-07-08T06:19:50.726+0000: 3054.186: [GC [PSYoungGen: 268380K->1050K(261952K)] 708587K->441360K(948928K), 0.0078750 secs] [Times: user=0.05 sys=0.00, real=0.01 secs] 
2014-07-08T06:19:51.583+0000: 3055.042: [GC [PSYoungGen: 261874K->580K(254976K)] 702184K->440938K(941952K), 0.0088780 secs] [Times: user=0.05 sys=0.01, real=0.01 secs] 
2014-07-08T06:19:52.481+0000: 3055.940: [GC [PSYoungGen: 254916K->722K(248832K)] 695274K->441112K(935808K), 0.0051720 secs] [Times: user=0.02 sys=0.00, real=0.00 secs] 
2014-07-08T06:19:53.397+0000: 3056.856: [GC [PSYoungGen: 248786K->968K(243008K)] 689176K->441478K(929984K), 0.0044330 secs] [Times: user=0.02 sys=0.00, real=0.01 secs] 
2014-07-08T06:19:54.249+0000: 3057.709: [GC [PSYoungGen: 242935K->815K(236992K)] 683446K->441397K(923968K), 0.0047280 secs] [Times: user=0.02 sys=0.00, real=0.01 secs] 
2014-07-08T06:19:55.067+0000: 3058.526: [GC [PSYoungGen: 236975K->726K(231296K)] 677557K->441372K(918272K), 0.0091510 secs] [Times: user=0.04 sys=0.00, real=0.01 secs] 
2014-07-08T06:19:55.936+0000: 3059.395: [GC [PSYoungGen: 231254K->1050K(226176K)] 671900K->441768K(913152K), 0.0055570 secs] [Times: user=0.02 sys=0.00, real=0.01 secs] 
2014-07-08T06:19:56.692+0000: 3060.151: [GC [PSYoungGen: 226138K->922K(220864K)] 666856K->441696K(907840K), 0.0046090 secs] [Times: user=0.03 sys=0.00, real=0.00 secs] 
2014-07-08T06:19:57.435+0000: 3060.894: [GC [PSYoungGen: 220826K->562K(215424K)] 661600K->441400K(902400K), 0.0054150 secs] [Times: user=0.03 sys=0.00, real=0.00 secs] 
2014-07-08T06:19:58.214+0000: 3061.674: [GC [PSYoungGen: 215393K->876K(210880K)] 656232K->441802K(897856K), 0.0039940 secs] [Times: user=0.03 sys=0.00, real=0.00 secs] 
2014-07-08T06:19:59.049+0000: 3062.509: [GC [PSYoungGen: 210860K->1036K(206400K)] 651786K->442034K(893376K), 0.0047700 secs] [Times: user=0.02 sys=0.00, real=0.01 secs] 
2014-07-08T06:19:59.708+0000: 3063.168: [GC [PSYoungGen: 206348K->1160K(201984K)] 647346K->442214K(888960K), 0.0081910 secs] [Times: user=0.05 sys=0.00, real=0.01 secs] 
2014-07-08T06:20:00.406+0000: 3063.866: [GC [PSYoungGen: 201928K->434K(196864K)] 642982K->441774K(883840K), 0.0091050 secs] [Times: user=0.06 sys=0.00, real=0.01 secs] 
2014-07-08T06:20:01.108+0000: 3064.568: [GC [PSYoungGen: 196840K->748K(192960K)] 638181K->442152K(879936K), 0.0087420 secs] [Times: user=0.05 sys=0.00, real=0.01 secs] 
2014-07-08T06:20:01.863+0000: 3065.322: [GC [PSYoungGen: 192911K->886K(188992K)] 634315K->442388K(875968K), 0.0067700 secs] [Times: user=0.02 sys=0.01, real=0.00 secs] 
2014-07-08T06:20:02.474+0000: 3065.933: [GC [PSYoungGen: 188982K->598K(226368K)] 630484K->442164K(913344K), 0.0084010 secs] [Times: user=0.05 sys=0.00, real=0.01 secs] 
2014-07-08T06:20:03.285+0000: 3066.744: [GC [PSYoungGen: 226326K->712K(221248K)] 667892K->442342K(908224K), 0.0069530 secs] [Times: user=0.05 sys=0.00, real=0.00 secs] 
2014-07-08T06:20:04.124+0000: 3067.583: [GC [PSYoungGen: 221192K->950K(216384K)] 662822K->442653K(903360K), 0.0050920 secs] [Times: user=0.03 sys=0.00, real=0.00 secs] 
2014-07-08T06:20:04.862+0000: 3068.321: [GC [PSYoungGen: 216341K->864K(211456K)] 658043K->442898K(898432K), 0.0095320 secs] [Times: user=0.05 sys=0.01, real=0.01 secs] 
2014-07-08T06:20:05.636+0000: 3069.095: [GC [PSYoungGen: 211424K->1406K(207296K)] 653458K->443568K(894272K), 0.0047060 secs] [Times: user=0.03 sys=0.00, real=0.00 secs] 
2014-07-08T06:20:06.312+0000: 3069.771: [GC [PSYoungGen: 207294K->552K(247680K)] 649456K->443022K(934656K), 0.0097750 secs] [Times: user=0.06 sys=0.00, real=0.01 secs] 
2014-07-08T06:20:07.194+0000: 3070.654: [GC [PSYoungGen: 247656K->644K(241792K)] 690126K->443202K(928768K), 0.0046440 secs] [Times: user=0.02 sys=0.01, real=0.00 secs] 
2014-07-08T06:20:08.057+0000: 3071.516: [GC [PSYoungGen: 241682K->666K(235968K)] 684240K->443288K(922944K), 0.0075360 secs] [Times: user=0.04 sys=0.00, real=0.01 secs] 
2014-07-08T06:20:08.945+0000: 3072.404: [GC [PSYoungGen: 235919K->872K(230592K)] 678542K->443542K(917568K), 0.0077250 secs] [Times: user=0.04 sys=0.00, real=0.00 secs] 
2014-07-08T06:20:09.717+0000: 3073.176: [GC [PSYoungGen: 230568K->1184K(225536K)] 673238K->443895K(912512K), 0.0100380 secs] [Times: user=0.04 sys=0.00, real=0.01 secs] 
2014-07-08T06:20:10.502+0000: 3073.962: [GC [PSYoungGen: 225499K->1004K(220160K)] 668210K->443786K(907136K), 0.0080820 secs] [Times: user=0.05 sys=0.00, real=0.01 secs] 
2014-07-08T06:20:11.281+0000: 3074.740: [GC [PSYoungGen: 220140K->712K(263744K)] 662922K->443566K(950720K), 0.0099240 secs] [Times: user=0.06 sys=0.00, real=0.01 secs] 
2014-07-08T06:20:12.214+0000: 3075.673: [GC [PSYoungGen: 263688K->776K(316416K)] 706542K->443718K(1003392K), 0.0114460 secs] [Times: user=0.07 sys=0.00, real=0.01 secs] 
2014-07-08T06:20:13.327+0000: 3076.786: [GC [PSYoungGen: 316360K->858K(307840K)] 759302K->443880K(994816K), 0.0051250 secs] [Times: user=0.03 sys=0.00, real=0.00 secs] 
2014-07-08T06:20:14.416+0000: 3077.876: [GC [PSYoungGen: 307802K->580K(299264K)] 750824K->443650K(986240K), 0.0088950 secs] [Times: user=0.05 sys=0.00, real=0.01 secs] 
2014-07-08T06:20:15.480+0000: 3078.940: [GC [PSYoungGen: 299192K->812K(291456K)] 742263K->443946K(978432K), 0.0063940 secs] [Times: user=0.05 sys=0.00, real=0.01 secs] 
2014-07-08T06:20:16.511+0000: 3079.970: [GC [PSYoungGen: 291436K->694K(283648K)] 734570K->443908K(970624K), 0.0070000 secs] [Times: user=0.04 sys=0.00, real=0.01 secs] 
2014-07-08T06:20:17.524+0000: 3080.983: [GC [PSYoungGen: 283638K->772K(276416K)] 726852K->444066K(963392K), 0.0051510 secs] [Times: user=0.02 sys=0.00, real=0.01 secs] 
2014-07-08T06:20:18.490+0000: 3081.950: [GC [PSYoungGen: 276356K->840K(269376K)] 719650K->444190K(956352K), 0.0053380 secs] [Times: user=0.02 sys=0.00, real=0.01 secs] 
2014-07-08T06:20:19.461+0000: 3082.920: [GC [PSYoungGen: 269320K->814K(262464K)] 712670K->444245K(949440K), 0.0058200 secs] [Times: user=0.03 sys=0.00, real=0.01 secs] 
2014-07-08T06:20:20.392+0000: 3083.851: [GC [PSYoungGen: 262446K->712K(255872K)] 705877K->444230K(942848K), 0.0079100 secs] [Times: user=0.05 sys=0.00, real=0.01 secs] 
2014-07-08T06:20:21.304+0000: 3084.764: [GC [PSYoungGen: 255816K->715K(249536K)] 699334K->444329K(936512K), 0.0095980 secs] [Times: user=0.06 sys=0.00, real=0.01 secs] 
2014-07-08T06:20:22.172+0000: 3085.631: [GC [PSYoungGen: 249483K->978K(243712K)] 693097K->444664K(930688K), 0.0062430 secs] [Times: user=0.04 sys=0.01, real=0.01 secs] 
2014-07-08T06:20:23.063+0000: 3086.522: [GC [PSYoungGen: 243666K->676K(237568K)] 687352K->444450K(924544K), 0.0038870 secs] [Times: user=0.02 sys=0.00, real=0.01 secs] 
2014-07-08T06:20:23.923+0000: 3087.382: [GC [PSYoungGen: 237540K->1018K(232256K)] 681314K->444872K(919232K), 0.0038610 secs] [Times: user=0.02 sys=0.00, real=0.01 secs] 
2014-07-08T06:20:24.775+0000: 3088.234: [GC [PSYoungGen: 232250K->740K(226560K)] 676104K->444948K(913536K), 0.0105170 secs] [Times: user=0.06 sys=0.01, real=0.01 secs] 
2014-07-08T06:20:25.513+0000: 3088.972: [GC [PSYoungGen: 226530K->1029K(221632K)] 670739K->445310K(908608K), 0.0083260 secs] [Times: user=0.06 sys=0.00, real=0.01 secs] 
2014-07-08T06:20:26.295+0000: 3089.754: [GC [PSYoungGen: 221536K->762K(216256K)] 665817K->445346K(903232K), 0.0073770 secs] [Times: user=0.04 sys=0.00, real=0.01 secs] 
2014-07-08T06:20:27.057+0000: 3090.517: [GC [PSYoungGen: 216223K->680K(259328K)] 660808K->445336K(946304K), 0.0117180 secs] [Times: user=0.07 sys=0.00, real=0.01 secs] 
2014-07-08T06:20:27.994+0000: 3091.453: [GC [PSYoungGen: 259289K->836K(311296K)] 703946K->445549K(998272K), 0.0091700 secs] [Times: user=0.06 sys=0.00, real=0.01 secs] 
2014-07-08T06:20:29.138+0000: 3092.597: [GC [PSYoungGen: 311236K->772K(302784K)] 755949K->445540K(989760K), 0.0075890 secs] [Times: user=0.04 sys=0.00, real=0.00 secs] 
2014-07-08T06:20:30.175+0000: 3093.635: [GC [PSYoungGen: 302691K->808K(294656K)] 747459K->445656K(981632K), 0.0104580 secs] [Times: user=0.06 sys=0.00, real=0.02 secs] 
2014-07-08T06:20:31.209+0000: 3094.668: [GC [PSYoungGen: 294632K->786K(286848K)] 739480K->445683K(973824K), 0.0119920 secs] [Times: user=0.07 sys=0.00, real=0.01 secs] 
2014-07-08T06:20:32.211+0000: 3095.671: [GC [PSYoungGen: 286802K->676K(279232K)] 731699K->445620K(966208K), 0.0100760 secs] [Times: user=0.05 sys=0.00, real=0.01 secs] 
2014-07-08T06:20:33.206+0000: 3096.666: [GC [PSYoungGen: 279204K->648K(334976K)] 724148K->445648K(1021952K), 0.0166860 secs] [Times: user=0.08 sys=0.00, real=0.02 secs] 
2014-07-08T06:20:34.398+0000: 3097.857: [GC [PSYoungGen: 334920K->672K(370176K)] 779920K->445721K(1057152K), 0.0103750 secs] [Times: user=0.07 sys=0.00, real=0.01 secs] 
2014-07-08T06:20:35.724+0000: 3099.183: [GC [PSYoungGen: 369869K->1072K(359488K)] 814917K->446208K(1046464K), 0.0048930 secs] [Times: user=0.03 sys=0.00, real=0.01 secs] 
2014-07-08T06:20:36.991+0000: 3100.451: [GC [PSYoungGen: 359426K->128K(348160K)] 804563K->445783K(1035136K), 0.0051810 secs] [Times: user=0.03 sys=0.00, real=0.00 secs] 
2014-07-08T06:20:38.223+0000: 3101.682: [GC [PSYoungGen: 348110K->1076K(339136K)] 793765K->446763K(1026112K), 0.0097420 secs] [Times: user=0.06 sys=0.00, real=0.01 secs] 
2014-07-08T06:20:39.409+0000: 3102.869: [GC [PSYoungGen: 339124K->762K(329280K)] 784811K->446835K(1016256K), 0.0081650 secs] [Times: user=0.05 sys=0.00, real=0.00 secs] 
2014-07-08T06:20:40.580+0000: 3104.039: [GC [PSYoungGen: 329231K->1209K(320576K)] 775305K->447354K(1007552K), 0.0056200 secs] [Times: user=0.02 sys=0.00, real=0.00 secs] 
2014-07-08T06:20:41.763+0000: 3105.223: [GC [PSYoungGen: 320542K->502K(311040K)] 766687K->447333K(998016K), 0.0044850 secs] [Times: user=0.02 sys=0.00, real=0.00 secs] 
2014-07-08T06:20:42.859+0000: 3106.318: [GC [PSYoungGen: 311030K->1402K(303488K)] 757861K->448370K(990464K), 0.0055240 secs] [Times: user=0.03 sys=0.00, real=0.00 secs] 
2014-07-08T06:20:43.893+0000: 3107.352: [GC [PSYoungGen: 303482K->644K(294656K)] 750450K->448088K(981632K), 0.0039520 secs] [Times: user=0.02 sys=0.00, real=0.00 secs] 
2014-07-08T06:20:44.965+0000: 3108.424: [GC [PSYoungGen: 294547K->1010K(287168K)] 741991K->448502K(974144K), 0.0082120 secs] [Times: user=0.05 sys=0.00, real=0.01 secs] 
2014-07-08T06:20:45.984+0000: 3109.443: [GC [PSYoungGen: 287154K->1146K(279808K)] 734646K->448694K(966784K), 0.0057940 secs] [Times: user=0.03 sys=0.00, real=0.01 secs] 
2014-07-08T06:20:46.965+0000: 3110.424: [GC [PSYoungGen: 279802K->1086K(272512K)] 727350K->448706K(959488K), 0.0060920 secs] [Times: user=0.02 sys=0.00, real=0.01 secs] 
2014-07-08T06:20:47.912+0000: 3111.371: [GC [PSYoungGen: 272510K->644K(265216K)] 720130K->448320K(952192K), 0.0044040 secs] [Times: user=0.02 sys=0.00, real=0.00 secs] 
2014-07-08T06:20:48.887+0000: 3112.347: [GC [PSYoungGen: 265156K->1320K(259200K)] 712832K->449068K(946176K), 0.0101970 secs] [Times: user=0.06 sys=0.00, real=0.01 secs] 
2014-07-08T06:20:49.800+0000: 3113.260: [GC [PSYoungGen: 259176K->932K(252416K)] 706924K->448744K(939392K), 0.0113480 secs] [Times: user=0.07 sys=0.00, real=0.01 secs] 
2014-07-08T06:20:50.681+0000: 3114.140: [GC [PSYoungGen: 252388K->986K(246272K)] 700200K->448870K(933248K), 0.0069300 secs] [Times: user=0.04 sys=0.01, real=0.00 secs] 
2014-07-08T06:20:51.570+0000: 3115.029: [GC [PSYoungGen: 246234K->1132K(240448K)] 694118K->449096K(927424K), 0.0047140 secs] [Times: user=0.02 sys=0.01, real=0.00 secs] 
2014-07-08T06:20:52.388+0000: 3115.848: [GC [PSYoungGen: 240428K->798K(234368K)] 688392K->448826K(921344K), 0.0073070 secs] [Times: user=0.04 sys=0.00, real=0.01 secs] 
2014-07-08T06:20:53.231+0000: 3116.691: [GC [PSYoungGen: 234334K->530K(228608K)] 682362K->448622K(915584K), 0.0063780 secs] [Times: user=0.04 sys=0.01, real=0.00 secs] 
2014-07-08T06:20:54.049+0000: 3117.509: [GC [PSYoungGen: 228561K->790K(223552K)] 676653K->448946K(910528K), 0.0045710 secs] [Times: user=0.03 sys=0.00, real=0.01 secs] 
2014-07-08T06:20:54.865+0000: 3118.325: [GC [PSYoungGen: 223510K->1032K(218688K)] 671666K->449260K(905664K), 0.0046260 secs] [Times: user=0.03 sys=0.00, real=0.01 secs] 
2014-07-08T06:20:55.644+0000: 3119.104: [GC [PSYoungGen: 218632K->754K(213440K)] 666860K->449038K(900416K), 0.0082520 secs] [Times: user=0.05 sys=0.00, real=0.01 secs] 
2014-07-08T06:20:56.477+0000: 3119.936: [GC [PSYoungGen: 213426K->776K(208704K)] 661710K->449140K(895680K), 0.0088910 secs] [Times: user=0.05 sys=0.00, real=0.01 secs] 
2014-07-08T06:20:57.156+0000: 3120.615: [GC [PSYoungGen: 208608K->612K(203904K)] 656972K->449032K(890880K), 0.0092560 secs] [Times: user=0.07 sys=0.00, real=0.01 secs] 
2014-07-08T06:20:57.876+0000: 3121.336: [GC [PSYoungGen: 203876K->616K(199424K)] 652296K->449076K(886400K), 0.0043170 secs] [Times: user=0.02 sys=0.00, real=0.00 secs] 
2014-07-08T06:20:58.566+0000: 3122.025: [GC [PSYoungGen: 199400K->808K(239424K)] 647860K->449308K(926400K), 0.0107130 secs] [Times: user=0.06 sys=0.00, real=0.01 secs] 
2014-07-08T06:20:59.390+0000: 3122.849: [GC [PSYoungGen: 239400K->780K(287168K)] 687900K->449352K(974144K), 0.0097840 secs] [Times: user=0.05 sys=0.00, real=0.01 secs] 
2014-07-08T06:21:00.410+0000: 3123.869: [GC [PSYoungGen: 287116K->740K(279616K)] 735688K->449400K(966592K), 0.0054610 secs] [Times: user=0.03 sys=0.00, real=0.01 secs] 
2014-07-08T06:21:01.450+0000: 3124.909: [GC [PSYoungGen: 279588K->1124K(272768K)] 728248K->449896K(959744K), 0.0068190 secs] [Times: user=0.04 sys=0.00, real=0.01 secs] 
2014-07-08T06:21:02.354+0000: 3125.813: [GC [PSYoungGen: 272740K->616K(265344K)] 721512K->449436K(952320K), 0.0048470 secs] [Times: user=0.02 sys=0.00, real=0.00 secs] 
2014-07-08T06:21:03.324+0000: 3126.784: [GC [PSYoungGen: 265320K->712K(258816K)] 714140K->449588K(945792K), 0.0045760 secs] [Times: user=0.03 sys=0.00, real=0.00 secs] 
2014-07-08T06:21:04.247+0000: 3127.707: [GC [PSYoungGen: 258760K->726K(252416K)] 707636K->449658K(939392K), 0.0052290 secs] [Times: user=0.02 sys=0.00, real=0.01 secs] 
2014-07-08T06:21:05.154+0000: 3128.613: [GC [PSYoungGen: 252371K->712K(246208K)] 701303K->449724K(933184K), 0.0095230 secs] [Times: user=0.06 sys=0.00, real=0.01 secs] 
2014-07-08T06:21:06.042+0000: 3129.502: [GC [PSYoungGen: 246152K->740K(240256K)] 695164K->449832K(927232K), 0.0048260 secs] [Times: user=0.03 sys=0.00, real=0.00 secs] 
2014-07-08T06:21:07.039+0000: 3130.498: [GC [PSYoungGen: 240227K->1070K(234816K)] 689319K->450282K(921792K), 0.0084960 secs] [Times: user=0.05 sys=0.00, real=0.01 secs] 
2014-07-08T06:21:07.771+0000: 3131.231: [GC [PSYoungGen: 234798K->1092K(229376K)] 684010K->450408K(916352K), 0.0076200 secs] [Times: user=0.05 sys=0.00, real=0.01 secs] 
2014-07-08T06:21:08.555+0000: 3132.015: [GC [PSYoungGen: 229316K->512K(274432K)] 678632K->449990K(961408K), 0.0163560 secs] [Times: user=0.08 sys=0.00, real=0.01 secs] 
2014-07-08T06:21:09.526+0000: 3132.986: [GC [PSYoungGen: 274432K->986K(267904K)] 723910K->450536K(954880K), 0.0044830 secs] [Times: user=0.02 sys=0.00, real=0.00 secs] 
2014-07-08T06:21:10.484+0000: 3133.943: [GC [PSYoungGen: 267866K->932K(261056K)] 717416K->450620K(948032K), 0.0066890 secs] [Times: user=0.04 sys=0.00, real=0.00 secs] 
2014-07-08T06:21:11.403+0000: 3134.862: [GC [PSYoungGen: 261028K->566K(312704K)] 710716K->450326K(999680K), 0.0158210 secs] [Times: user=0.09 sys=0.00, real=0.01 secs] 
2014-07-08T06:21:12.528+0000: 3135.987: [GC [PSYoungGen: 312647K->630K(304256K)] 762407K->450454K(991232K), 0.0087160 secs] [Times: user=0.05 sys=0.00, real=0.01 secs] 
2014-07-08T06:21:13.632+0000: 3137.091: [GC [PSYoungGen: 304246K->1206K(348672K)] 754070K->451118K(1035648K), 0.0113260 secs] [Times: user=0.08 sys=0.00, real=0.02 secs] 
2014-07-08T06:21:14.904+0000: 3138.364: [GC [PSYoungGen: 348522K->1192K(338624K)] 798434K->451168K(1025600K), 0.0110140 secs] [Times: user=0.07 sys=0.00, real=0.01 secs] 
2014-07-08T06:21:16.060+0000: 3139.520: [GC [PSYoungGen: 338600K->818K(328704K)] 788576K->450866K(1015680K), 0.0127010 secs] [Times: user=0.09 sys=0.00, real=0.02 secs] 
2014-07-08T06:21:17.238+0000: 3140.698: [GC [PSYoungGen: 328597K->662K(319424K)] 778645K->450766K(1006400K), 0.0043790 secs] [Times: user=0.02 sys=0.00, real=0.00 secs] 
2014-07-08T06:21:18.387+0000: 3141.847: [GC [PSYoungGen: 319348K->708K(310720K)] 769452K->450900K(997696K), 0.0078330 secs] [Times: user=0.05 sys=0.00, real=0.01 secs] 
2014-07-08T06:21:19.494+0000: 3142.953: [GC [PSYoungGen: 310653K->904K(302464K)] 760845K->451152K(989440K), 0.0040770 secs] [Times: user=0.02 sys=0.00, real=0.00 secs] 
2014-07-08T06:21:20.565+0000: 3144.025: [GC [PSYoungGen: 302396K->1014K(294464K)] 752644K->451318K(981440K), 0.0075990 secs] [Times: user=0.05 sys=0.00, real=0.00 secs] 
2014-07-08T06:21:21.636+0000: 3145.096: [GC [PSYoungGen: 294453K->876K(286528K)] 744757K->451340K(973504K), 0.0142630 secs] [Times: user=0.08 sys=0.01, real=0.02 secs] 
2014-07-08T06:21:22.661+0000: 3146.120: [GC [PSYoungGen: 286500K->1150K(279296K)] 736965K->451670K(966272K), 0.0082470 secs] [Times: user=0.06 sys=0.00, real=0.01 secs] 
2014-07-08T06:21:23.713+0000: 3147.173: [GC [PSYoungGen: 279294K->808K(271808K)] 729814K->451806K(958784K), 0.0151780 secs] [Times: user=0.09 sys=0.01, real=0.02 secs] 
2014-07-08T06:21:24.618+0000: 3148.078: [GC [PSYoungGen: 271747K->1266K(326464K)] 722746K->452344K(1013440K), 0.0123530 secs] [Times: user=0.08 sys=0.00, real=0.01 secs] 
2014-07-08T06:21:25.775+0000: 3149.235: [GC [PSYoungGen: 326450K->996K(317184K)] 777528K->452314K(1004160K), 0.0071370 secs] [Times: user=0.02 sys=0.01, real=0.00 secs] 
2014-07-08T06:21:27.015+0000: 3150.475: [GC [PSYoungGen: 317156K->1312K(308800K)] 768474K->452686K(995776K), 0.0110270 secs] [Times: user=0.07 sys=0.00, real=0.01 secs] 
2014-07-08T06:21:27.981+0000: 3151.440: [GC [PSYoungGen: 308768K->952K(300096K)] 760142K->452430K(987072K), 0.0067930 secs] [Times: user=0.04 sys=0.00, real=0.01 secs] 
2014-07-08T06:21:29.092+0000: 3152.551: [GC [PSYoungGen: 300088K->1007K(292160K)] 751566K->452565K(979136K), 0.0116710 secs] [Times: user=0.07 sys=0.01, real=0.01 secs] 
2014-07-08T06:21:30.099+0000: 3153.558: [GC [PSYoungGen: 292143K->598K(284096K)] 743701K->452212K(971072K), 0.0046150 secs] [Times: user=0.03 sys=0.01, real=0.00 secs] 
2014-07-08T06:21:31.122+0000: 3154.581: [GC [PSYoungGen: 284054K->726K(276864K)] 735668K->452404K(963840K), 0.0059130 secs] [Times: user=0.03 sys=0.00, real=0.01 secs] 
2014-07-08T06:21:32.157+0000: 3155.616: [GC [PSYoungGen: 276822K->580K(269632K)] 728500K->452298K(956608K), 0.0083030 secs] [Times: user=0.04 sys=0.00, real=0.00 secs] 
2014-07-08T06:21:33.085+0000: 3156.545: [GC [PSYoungGen: 269572K->690K(262848K)] 721290K->452464K(949824K), 0.0043930 secs] [Times: user=0.02 sys=0.00, real=0.01 secs] 
2014-07-08T06:21:34.004+0000: 3157.464: [GC [PSYoungGen: 262834K->676K(256256K)] 714608K->452498K(943232K), 0.0073570 secs] [Times: user=0.03 sys=0.00, real=0.01 secs] 
2014-07-08T06:21:35.003+0000: 3158.462: [GC [PSYoungGen: 256228K->1028K(250304K)] 708050K->452946K(937280K), 0.0046810 secs] [Times: user=0.02 sys=0.00, real=0.01 secs] 
2014-07-08T06:21:35.849+0000: 3159.308: [GC [PSYoungGen: 250244K->1202K(244352K)] 702162K->453176K(931328K), 0.0154030 secs] [Times: user=0.09 sys=0.00, real=0.01 secs] 
2014-07-08T06:21:36.692+0000: 3160.151: [GC [PSYoungGen: 244295K->1054K(292864K)] 696269K->453076K(979840K), 0.0152670 secs] [Times: user=0.10 sys=0.00, real=0.02 secs] 
2014-07-08T06:21:37.731+0000: 3161.190: [GC [PSYoungGen: 292830K->954K(351104K)] 744852K->453096K(1038080K), 0.0128540 secs] [Times: user=0.08 sys=0.00, real=0.01 secs] 
2014-07-08T06:21:38.964+0000: 3162.423: [GC [PSYoungGen: 351098K->776K(340928K)] 803240K->452982K(1027904K), 0.0060770 secs] [Times: user=0.03 sys=0.00, real=0.01 secs] 
2014-07-08T06:21:40.185+0000: 3163.645: [GC [PSYoungGen: 340872K->694K(331136K)] 793078K->452972K(1018112K), 0.0047840 secs] [Times: user=0.03 sys=0.00, real=0.01 secs] 
2014-07-08T06:21:41.330+0000: 3164.789: [GC [PSYoungGen: 331126K->928K(322112K)] 783404K->453262K(1009088K), 0.0053550 secs] [Times: user=0.02 sys=0.00, real=0.00 secs] 
2014-07-08T06:21:42.466+0000: 3165.925: [GC [PSYoungGen: 322080K->858K(313152K)] 774414K->453248K(1000128K), 0.0078560 secs] [Times: user=0.05 sys=0.00, real=0.01 secs] 
2014-07-08T06:21:43.576+0000: 3167.035: [GC [PSYoungGen: 313114K->794K(304576K)] 765504K->453224K(991552K), 0.0149460 secs] [Times: user=0.09 sys=0.00, real=0.02 secs] 
2014-07-08T06:21:44.689+0000: 3168.148: [GC [PSYoungGen: 304538K->1150K(296704K)] 756968K->453668K(983680K), 0.0148190 secs] [Times: user=0.09 sys=0.01, real=0.01 secs] 
2014-07-08T06:21:45.757+0000: 3169.216: [GC [PSYoungGen: 296702K->1156K(288896K)] 749220K->453746K(975872K), 0.0075550 secs] [Times: user=0.03 sys=0.01, real=0.01 secs] 
2014-07-08T06:21:46.740+0000: 3170.199: [GC [PSYoungGen: 288836K->626K(280768K)] 741426K->453402K(967744K), 0.0125360 secs] [Times: user=0.08 sys=0.01, real=0.01 secs] 
2014-07-08T06:21:47.730+0000: 3171.189: [GC [PSYoungGen: 280754K->1146K(274048K)] 733530K->454010K(961024K), 0.0093190 secs] [Times: user=0.05 sys=0.00, real=0.01 secs] 
2014-07-08T06:21:48.714+0000: 3172.173: [GC [PSYoungGen: 274042K->904K(266880K)] 726906K->453940K(953856K), 0.0078930 secs] [Times: user=0.05 sys=0.00, real=0.01 secs] 
2014-07-08T06:21:49.656+0000: 3173.116: [GC [PSYoungGen: 266736K->1189K(260416K)] 719772K->454273K(947392K), 0.0042170 secs] [Times: user=0.02 sys=0.00, real=0.01 secs] 
2014-07-08T06:21:50.579+0000: 3174.039: [GC [PSYoungGen: 260389K->808K(253568K)] 713473K->454094K(940544K), 0.0081950 secs] [Times: user=0.06 sys=0.00, real=0.00 secs] 
2014-07-08T06:21:51.472+0000: 3174.932: [GC [PSYoungGen: 253544K->690K(247232K)] 706830K->454064K(934208K), 0.0073820 secs] [Times: user=0.05 sys=0.00, real=0.01 secs] 
2014-07-08T06:21:52.359+0000: 3175.818: [GC [PSYoungGen: 247218K->790K(241344K)] 700592K->454228K(928320K), 0.0108380 secs] [Times: user=0.06 sys=0.00, real=0.02 secs] 
2014-07-08T06:21:53.192+0000: 3176.651: [GC [PSYoungGen: 241302K->876K(235648K)] 694740K->454402K(922624K), 0.0104810 secs] [Times: user=0.07 sys=0.00, real=0.01 secs] 
2014-07-08T06:21:54.005+0000: 3177.464: [GC [PSYoungGen: 235628K->648K(229888K)] 689154K->454238K(916864K), 0.0047760 secs] [Times: user=0.03 sys=0.00, real=0.01 secs] 
2014-07-08T06:21:54.867+0000: 3178.326: [GC [PSYoungGen: 229832K->1242K(225088K)] 683422K->454872K(912064K), 0.0065870 secs] [Times: user=0.02 sys=0.00, real=0.01 secs] 
2014-07-08T06:21:55.620+0000: 3179.079: [GC [PSYoungGen: 225024K->872K(219520K)] 678654K->454566K(906496K), 0.0072760 secs] [Times: user=0.05 sys=0.01, real=0.00 secs] 
2014-07-08T06:21:56.388+0000: 3179.848: [GC [PSYoungGen: 219496K->698K(214336K)] 673190K->454448K(901312K), 0.0052550 secs] [Times: user=0.03 sys=0.00, real=0.01 secs] 
2014-07-08T06:21:57.291+0000: 3180.750: [GC [PSYoungGen: 214330K->1248K(210112K)] 668080K->455192K(897088K), 0.0060880 secs] [Times: user=0.03 sys=0.00, real=0.00 secs] 
2014-07-08T06:21:57.935+0000: 3181.394: [GC [PSYoungGen: 210080K->829K(204992K)] 664024K->454861K(891968K), 0.0073870 secs] [Times: user=0.04 sys=0.00, real=0.01 secs] 
2014-07-08T06:21:58.640+0000: 3182.099: [GC [PSYoungGen: 204989K->1036K(200768K)] 659021K->455158K(887744K), 0.0057900 secs] [Times: user=0.03 sys=0.00, real=0.00 secs] 
2014-07-08T06:21:59.331+0000: 3182.790: [GC [PSYoungGen: 200716K->926K(196288K)] 654838K->455136K(883264K), 0.0058160 secs] [Times: user=0.03 sys=0.00, real=0.00 secs] 
2014-07-08T06:22:00.017+0000: 3183.476: [GC [PSYoungGen: 196223K->762K(235200K)] 650433K->455052K(922176K), 0.0109940 secs] [Times: user=0.07 sys=0.00, real=0.01 secs] 
2014-07-08T06:22:00.912+0000: 3184.371: [GC [PSYoungGen: 235194K->1224K(230144K)] 689484K->455562K(917120K), 0.0045150 secs] [Times: user=0.02 sys=0.00, real=0.00 secs] 
2014-07-08T06:22:01.647+0000: 3185.107: [GC [PSYoungGen: 230088K->932K(224448K)] 684426K->455458K(911424K), 0.0057010 secs] [Times: user=0.04 sys=0.00, real=0.01 secs] 
2014-07-08T06:22:02.504+0000: 3185.963: [GC [PSYoungGen: 224420K->1470K(219776K)] 678946K->456060K(906752K), 0.0068190 secs] [Times: user=0.03 sys=0.00, real=0.01 secs] 
2014-07-08T06:22:03.237+0000: 3186.697: [GC [PSYoungGen: 219774K->548K(213888K)] 674364K->455194K(900864K), 0.0069460 secs] [Times: user=0.04 sys=0.00, real=0.01 secs] 
2014-07-08T06:22:03.974+0000: 3187.434: [GC [PSYoungGen: 213814K->780K(209344K)] 668460K->455498K(896320K), 0.0095090 secs] [Times: user=0.06 sys=0.01, real=0.01 secs] 
2014-07-08T06:22:04.728+0000: 3188.188: [GC [PSYoungGen: 209292K->946K(204864K)] 664010K->455728K(891840K), 0.0075460 secs] [Times: user=0.05 sys=0.00, real=0.01 secs] 
2014-07-08T06:22:05.443+0000: 3188.902: [GC [PSYoungGen: 204830K->918K(245696K)] 659612K->455764K(932672K), 0.0086510 secs] [Times: user=0.05 sys=0.00, real=0.01 secs] 
2014-07-08T06:22:06.334+0000: 3189.793: [GC [PSYoungGen: 245654K->812K(239616K)] 700500K->455746K(926592K), 0.0061630 secs] [Times: user=0.04 sys=0.00, real=0.00 secs] 
2014-07-08T06:22:07.183+0000: 3190.643: [GC [PSYoungGen: 239589K->982K(234112K)] 694523K->456012K(921088K), 0.0049780 secs] [Times: user=0.03 sys=0.00, real=0.00 secs] 
2014-07-08T06:22:08.069+0000: 3191.528: [GC [PSYoungGen: 234070K->616K(228224K)] 689100K->455702K(915200K), 0.0071290 secs] [Times: user=0.05 sys=0.00, real=0.01 secs] 
2014-07-08T06:22:08.869+0000: 3192.328: [GC [PSYoungGen: 228200K->986K(223296K)] 683286K->456136K(910272K), 0.0071360 secs] [Times: user=0.05 sys=0.00, real=0.01 secs] 
2014-07-08T06:22:09.639+0000: 3193.098: [GC [PSYoungGen: 223227K->886K(218048K)] 678378K->456108K(905024K), 0.0047170 secs] [Times: user=0.02 sys=0.00, real=0.01 secs] 
2014-07-08T06:22:10.406+0000: 3193.865: [GC [PSYoungGen: 218001K->897K(213184K)] 673223K->456199K(900160K), 0.0077360 secs] [Times: user=0.05 sys=0.00, real=0.01 secs] 
2014-07-08T06:22:11.171+0000: 3194.630: [GC [PSYoungGen: 213120K->804K(208320K)] 668422K->456170K(895296K), 0.0064790 secs] [Times: user=0.05 sys=0.00, real=0.01 secs] 
2014-07-08T06:22:11.931+0000: 3195.390: [GC [PSYoungGen: 208252K->1333K(204224K)] 663618K->456887K(891200K), 0.0100920 secs] [Times: user=0.07 sys=0.00, real=0.01 secs] 
2014-07-08T06:22:12.725+0000: 3196.184: [GC [PSYoungGen: 204213K->566K(199040K)] 659767K->456702K(886016K), 0.0042090 secs] [Times: user=0.03 sys=0.00, real=0.00 secs] 
2014-07-08T06:22:13.313+0000: 3196.772: [GC [PSYoungGen: 199030K->1370K(195584K)] 655166K->457563K(882560K), 0.0064740 secs] [Times: user=0.05 sys=0.00, real=0.00 secs] 
2014-07-08T06:22:14.026+0000: 3197.486: [GC [PSYoungGen: 195503K->672K(190720K)] 651695K->457340K(877696K), 0.0064680 secs] [Times: user=0.02 sys=0.00, real=0.01 secs] 
2014-07-08T06:22:14.677+0000: 3198.137: [GC [PSYoungGen: 190688K->946K(187008K)] 647356K->457679K(873984K), 0.0044130 secs] [Times: user=0.03 sys=0.00, real=0.00 secs] 
2014-07-08T06:22:15.326+0000: 3198.785: [GC [PSYoungGen: 186994K->584K(223936K)] 643727K->457356K(910912K), 0.0220590 secs] [Times: user=0.14 sys=0.00, real=0.02 secs] 
2014-07-08T06:22:16.130+0000: 3199.589: [GC [PSYoungGen: 223880K->794K(268800K)] 680652K->457670K(955776K), 0.0062630 secs] [Times: user=0.04 sys=0.00, real=0.01 secs] 
2014-07-08T06:22:17.093+0000: 3200.552: [GC [PSYoungGen: 268762K->868K(322496K)] 725638K->457824K(1009472K), 0.0047430 secs] [Times: user=0.03 sys=0.00, real=0.01 secs] 
2014-07-08T06:22:18.268+0000: 3201.727: [GC [PSYoungGen: 322455K->630K(327360K)] 779411K->457626K(1014336K), 0.0108280 secs] [Times: user=0.06 sys=0.00, real=0.01 secs] 
2014-07-08T06:22:19.398+0000: 3202.858: [GC [PSYoungGen: 326518K->598K(317440K)] 783514K->457642K(1004416K), 0.0086480 secs] [Times: user=0.05 sys=0.01, real=0.01 secs] 
2014-07-08T06:22:20.513+0000: 3203.972: [GC [PSYoungGen: 317363K->712K(308864K)] 774408K->457828K(995840K), 0.0063550 secs] [Times: user=0.03 sys=0.00, real=0.00 secs] 
2014-07-08T06:22:21.641+0000: 3205.101: [GC [PSYoungGen: 308808K->968K(300736K)] 765924K->458140K(987712K), 0.0113920 secs] [Times: user=0.08 sys=0.00, real=0.01 secs] 
2014-07-08T06:22:22.789+0000: 3206.248: [GC [PSYoungGen: 300653K->1106K(292864K)] 757826K->458350K(979840K), 0.0074990 secs] [Times: user=0.03 sys=0.00, real=0.01 secs] 
2014-07-08T06:22:23.745+0000: 3207.205: [GC [PSYoungGen: 292812K->826K(284864K)] 750056K->458166K(971840K), 0.0051190 secs] [Times: user=0.02 sys=0.00, real=0.00 secs] 
2014-07-08T06:22:24.772+0000: 3208.231: [GC [PSYoungGen: 284858K->886K(277504K)] 742198K->458290K(964480K), 0.0045750 secs] [Times: user=0.02 sys=0.00, real=0.01 secs] 
2014-07-08T06:22:25.770+0000: 3209.229: [GC [PSYoungGen: 277493K->1028K(270592K)] 734898K->458496K(957568K), 0.0138830 secs] [Times: user=0.09 sys=0.00, real=0.01 secs] 
2014-07-08T06:22:26.731+0000: 3210.190: [GC [PSYoungGen: 270532K->1352K(264064K)] 728000K->458884K(951040K), 0.0062950 secs] [Times: user=0.02 sys=0.00, real=0.01 secs] 
2014-07-08T06:22:27.675+0000: 3211.134: [GC [PSYoungGen: 264008K->370K(256448K)] 721540K->458678K(943424K), 0.0064900 secs] [Times: user=0.04 sys=0.00, real=0.00 secs] 
2014-07-08T06:22:28.526+0000: 3211.985: [GC [PSYoungGen: 256434K->786K(250560K)] 714742K->459182K(937536K), 0.0065680 secs] [Times: user=0.04 sys=0.00, real=0.00 secs] 
2014-07-08T06:22:29.436+0000: 3212.895: [GC [PSYoungGen: 250464K->616K(300352K)] 708861K->459252K(987328K), 0.0180850 secs] [Times: user=0.11 sys=0.00, real=0.01 secs] 
2014-07-08T06:22:30.503+0000: 3213.962: [GC [PSYoungGen: 300328K->890K(360576K)] 758964K->459622K(1047552K), 0.0098650 secs] [Times: user=0.07 sys=0.00, real=0.01 secs] 
2014-07-08T06:22:31.858+0000: 3215.317: [GC [PSYoungGen: 360570K->964K(350272K)] 819302K->459768K(1037248K), 0.0070330 secs] [Times: user=0.04 sys=0.00, real=0.00 secs] 
2014-07-08T06:22:33.114+0000: 3216.573: [GC [PSYoungGen: 350178K->1216K(340544K)] 808982K->460101K(1027520K), 0.0106020 secs] [Times: user=0.08 sys=0.00, real=0.01 secs] 
2014-07-08T06:22:34.302+0000: 3217.761: [GC [PSYoungGen: 340440K->558K(330240K)] 799325K->459857K(1017216K), 0.0071770 secs] [Times: user=0.05 sys=0.00, real=0.01 secs] 
2014-07-08T06:22:35.416+0000: 3218.875: [GC [PSYoungGen: 330222K->744K(321216K)] 789521K->460098K(1008192K), 0.0044470 secs] [Times: user=0.02 sys=0.00, real=0.00 secs] 
2014-07-08T06:22:36.569+0000: 3220.028: [GC [PSYoungGen: 321192K->804K(312448K)] 780546K->460429K(999424K), 0.0062320 secs] [Times: user=0.03 sys=0.00, real=0.00 secs] 
2014-07-08T06:22:37.673+0000: 3221.132: [GC [PSYoungGen: 312420K->1274K(304384K)] 772045K->460947K(991360K), 0.0075140 secs] [Times: user=0.04 sys=0.00, real=0.01 secs] 
2014-07-08T06:22:38.775+0000: 3222.234: [GC [PSYoungGen: 304350K->758K(295744K)] 764023K->460866K(982720K), 0.0042060 secs] [Times: user=0.02 sys=0.00, real=0.01 secs] 
2014-07-08T06:22:39.830+0000: 3223.290: [GC [PSYoungGen: 295734K->1520K(288704K)] 755842K->461692K(975680K), 0.0077990 secs] [Times: user=0.05 sys=0.00, real=0.01 secs] 
2014-07-08T06:22:40.835+0000: 3224.295: [GC [PSYoungGen: 288688K->804K(280448K)] 748860K->461583K(967424K), 0.0057120 secs] [Times: user=0.02 sys=0.00, real=0.01 secs] 
2014-07-08T06:22:41.821+0000: 3225.280: [GC [PSYoungGen: 280420K->1478K(273920K)] 741199K->462337K(960896K), 0.0061800 secs] [Times: user=0.04 sys=0.00, real=0.01 secs] 
2014-07-08T06:22:42.864+0000: 3226.324: [GC [PSYoungGen: 273825K->1266K(266688K)] 734684K->462657K(953664K), 0.0078370 secs] [Times: user=0.04 sys=0.00, real=0.03 secs] 
2014-07-08T06:22:43.727+0000: 3227.186: [GC [PSYoungGen: 266674K->1318K(260032K)] 728065K->462813K(947008K), 0.0080530 secs] [Times: user=0.06 sys=0.00, real=0.00 secs] 
2014-07-08T06:22:44.653+0000: 3228.112: [GC [PSYoungGen: 259973K->940K(253184K)] 721469K->462649K(940160K), 0.0159380 secs] [Times: user=0.10 sys=0.00, real=0.02 secs] 
2014-07-08T06:22:45.540+0000: 3229.000: [GC [PSYoungGen: 253164K->744K(303488K)] 714873K->462533K(990464K), 0.0129010 secs] [Times: user=0.09 sys=0.00, real=0.01 secs] 
2014-07-08T06:22:46.633+0000: 3230.092: [GC [PSYoungGen: 303432K->1008K(295616K)] 765222K->462877K(982592K), 0.0069180 secs] [Times: user=0.04 sys=0.00, real=0.01 secs] 
2014-07-08T06:22:47.665+0000: 3231.124: [GC [PSYoungGen: 295600K->1444K(288256K)] 757469K->463401K(975232K), 0.0077870 secs] [Times: user=0.05 sys=0.00, real=0.01 secs] 
2014-07-08T06:22:48.683+0000: 3232.142: [GC [PSYoungGen: 288228K->986K(280256K)] 750185K->463015K(967232K), 0.0081760 secs] [Times: user=0.05 sys=0.00, real=0.01 secs] 
2014-07-08T06:22:49.690+0000: 3233.150: [GC [PSYoungGen: 280218K->790K(272832K)] 742247K->462875K(959808K), 0.0048430 secs] [Times: user=0.02 sys=0.00, real=0.00 secs] 
2014-07-08T06:22:50.650+0000: 3234.109: [GC [PSYoungGen: 272790K->626K(265664K)] 734875K->462759K(952640K), 0.0048440 secs] [Times: user=0.02 sys=0.00, real=0.00 secs] 
2014-07-08T06:22:51.572+0000: 3235.031: [GC [PSYoungGen: 265623K->897K(259328K)] 727756K->463110K(946304K), 0.0096730 secs] [Times: user=0.07 sys=0.00, real=0.01 secs] 
2014-07-08T06:22:52.486+0000: 3235.946: [GC [PSYoungGen: 259265K->730K(252672K)] 721478K->462999K(939648K), 0.0141870 secs] [Times: user=0.10 sys=0.00, real=0.02 secs] 
2014-07-08T06:22:53.376+0000: 3236.835: [GC [PSYoungGen: 252634K->776K(303168K)] 714903K->463133K(990144K), 0.0106960 secs] [Times: user=0.07 sys=0.00, real=0.01 secs] 
2014-07-08T06:22:54.478+0000: 3237.938: [GC [PSYoungGen: 303079K->1345K(295616K)] 765437K->463774K(982592K), 0.0048910 secs] [Times: user=0.02 sys=0.01, real=0.00 secs] 
2014-07-08T06:22:55.491+0000: 3238.951: [GC [PSYoungGen: 295520K->779K(287232K)] 757950K->463264K(974208K), 0.0145030 secs] [Times: user=0.08 sys=0.00, real=0.01 secs] 
2014-07-08T06:22:56.507+0000: 3239.966: [GC [PSYoungGen: 287179K->911K(344640K)] 749664K->463476K(1031616K), 0.0184030 secs] [Times: user=0.12 sys=0.00, real=0.02 secs] 
2014-07-08T06:22:57.762+0000: 3241.222: [GC [PSYoungGen: 344591K->1060K(364096K)] 807156K->463689K(1051072K), 0.0093170 secs] [Times: user=0.06 sys=0.00, real=0.01 secs] 
2014-07-08T06:22:59.046+0000: 3242.505: [GC [PSYoungGen: 363401K->779K(352640K)] 826031K->463464K(1039616K), 0.0077340 secs] [Times: user=0.05 sys=0.00, real=0.01 secs] 
2014-07-08T06:23:00.291+0000: 3243.750: [GC [PSYoungGen: 352587K->958K(342656K)] 815272K->463691K(1029632K), 0.0039690 secs] [Times: user=0.02 sys=0.00, real=0.00 secs] 
2014-07-08T06:23:01.488+0000: 3244.947: [GC [PSYoungGen: 342654K->580K(332608K)] 805387K->463377K(1019584K), 0.0093410 secs] [Times: user=0.06 sys=0.00, real=0.01 secs] 
2014-07-08T06:23:02.676+0000: 3246.136: [GC [PSYoungGen: 332548K->726K(323392K)] 795345K->463563K(1010368K), 0.0063180 secs] [Times: user=0.03 sys=0.00, real=0.01 secs] 
2014-07-08T06:23:03.881+0000: 3247.340: [GC [PSYoungGen: 323350K->1024K(314688K)] 786187K->463949K(1001664K), 0.0121080 secs] [Times: user=0.07 sys=0.00, real=0.01 secs] 
2014-07-08T06:23:04.986+0000: 3248.445: [GC [PSYoungGen: 314628K->1089K(306240K)] 777553K->464086K(993216K), 0.0096970 secs] [Times: user=0.06 sys=0.01, real=0.01 secs] 
2014-07-08T06:23:06.130+0000: 3249.590: [GC [PSYoungGen: 306177K->954K(297792K)] 769174K->464476K(984768K), 0.0082140 secs] [Times: user=0.05 sys=0.00, real=0.00 secs] 
2014-07-08T06:23:07.133+0000: 3250.592: [GC [PSYoungGen: 297786K->1004K(289920K)] 761308K->464621K(976896K), 0.0083500 secs] [Times: user=0.05 sys=0.00, real=0.01 secs] 
2014-07-08T06:23:08.135+0000: 3251.594: [GC [PSYoungGen: 289898K->758K(282048K)] 753516K->464605K(969024K), 0.0082480 secs] [Times: user=0.05 sys=0.00, real=0.01 secs] 
2014-07-08T06:23:09.128+0000: 3252.587: [GC [PSYoungGen: 282038K->854K(274880K)] 745885K->464758K(961856K), 0.0114620 secs] [Times: user=0.07 sys=0.00, real=0.01 secs] 
2014-07-08T06:23:10.123+0000: 3253.582: [GC [PSYoungGen: 274821K->612K(267584K)] 738725K->464595K(954560K), 0.0036530 secs] [Times: user=0.03 sys=0.00, real=0.00 secs] 
2014-07-08T06:23:11.110+0000: 3254.570: [GC [PSYoungGen: 267556K->882K(261056K)] 731539K->464930K(948032K), 0.0128850 secs] [Times: user=0.09 sys=0.01, real=0.02 secs] 
2014-07-08T06:23:12.035+0000: 3255.495: [GC [PSYoungGen: 261042K->952K(254592K)] 725090K->465088K(941568K), 0.0100070 secs] [Times: user=0.07 sys=0.00, real=0.01 secs] 
2014-07-08T06:23:12.925+0000: 3256.384: [GC [PSYoungGen: 254584K->658K(305088K)] 718720K->464857K(992064K), 0.0115610 secs] [Times: user=0.08 sys=0.00, real=0.01 secs] 
2014-07-08T06:23:14.017+0000: 3257.476: [GC [PSYoungGen: 305042K->530K(296768K)] 769241K->464761K(983744K), 0.0100300 secs] [Times: user=0.06 sys=0.00, real=0.01 secs] 
2014-07-08T06:23:15.057+0000: 3258.516: [GC [PSYoungGen: 296722K->844K(356352K)] 760953K->465156K(1043328K), 0.0123580 secs] [Times: user=0.07 sys=0.01, real=0.01 secs] 
2014-07-08T06:23:16.335+0000: 3259.794: [GC [PSYoungGen: 356265K->1099K(403072K)] 820577K->465451K(1090048K), 0.0156360 secs] [Times: user=0.09 sys=0.00, real=0.01 secs] 
2014-07-08T06:23:17.805+0000: 3261.265: [GC [PSYoungGen: 402763K->872K(390336K)] 867115K->465263K(1077312K), 0.0056380 secs] [Times: user=0.03 sys=0.00, real=0.00 secs] 
2014-07-08T06:23:19.165+0000: 3262.625: [GC [PSYoungGen: 390312K->616K(378368K)] 854703K->465305K(1065344K), 0.0047520 secs] [Times: user=0.02 sys=0.00, real=0.00 secs] 
2014-07-08T06:23:20.505+0000: 3263.965: [GC [PSYoungGen: 378344K->996K(367552K)] 843033K->465765K(1054528K), 0.0057210 secs] [Times: user=0.03 sys=0.00, real=0.00 secs] 
2014-07-08T06:23:21.841+0000: 3265.300: [GC [PSYoungGen: 367524K->1082K(356864K)] 832293K->466013K(1043840K), 0.0041810 secs] [Times: user=0.03 sys=0.01, real=0.01 secs] 
2014-07-08T06:23:23.071+0000: 3266.531: [GC [PSYoungGen: 356858K->776K(346304K)] 821789K->465795K(1033280K), 0.0137010 secs] [Times: user=0.10 sys=0.00, real=0.02 secs] 
2014-07-08T06:23:24.305+0000: 3267.765: [GC [PSYoungGen: 346248K->680K(336320K)] 811267K->465755K(1023296K), 0.0092200 secs] [Times: user=0.07 sys=0.00, real=0.01 secs] 
2014-07-08T06:23:25.518+0000: 3268.977: [GC [PSYoungGen: 336295K->690K(326848K)] 801370K->465813K(1013824K), 0.0046730 secs] [Times: user=0.02 sys=0.00, real=0.00 secs] 
2014-07-08T06:23:26.675+0000: 3270.134: [GC [PSYoungGen: 326834K->872K(317952K)] 791957K->466035K(1004928K), 0.0126420 secs] [Times: user=0.08 sys=0.01, real=0.01 secs] 
2014-07-08T06:23:27.896+0000: 3271.355: [GC [PSYoungGen: 317928K->1312K(309696K)] 783091K->466563K(996672K), 0.0080770 secs] [Times: user=0.05 sys=0.01, real=0.01 secs] 
2014-07-08T06:23:28.954+0000: 3272.414: [GC [PSYoungGen: 309620K->502K(300480K)] 774871K->465947K(987456K), 0.0087410 secs] [Times: user=0.06 sys=0.00, real=0.00 secs] 
2014-07-08T06:23:29.986+0000: 3273.446: [GC [PSYoungGen: 300470K->794K(292736K)] 765915K->466287K(979712K), 0.0098300 secs] [Times: user=0.05 sys=0.00, real=0.01 secs] 
2014-07-08T06:23:31.008+0000: 3274.467: [GC [PSYoungGen: 292698K->772K(284992K)] 758191K->466419K(971968K), 0.0041790 secs] [Times: user=0.03 sys=0.00, real=0.00 secs] 
2014-07-08T06:23:32.012+0000: 3275.472: [GC [PSYoungGen: 284932K->626K(277376K)] 750579K->466353K(964352K), 0.0069210 secs] [Times: user=0.04 sys=0.01, real=0.01 secs] 
2014-07-08T06:23:33.119+0000: 3276.578: [GC [PSYoungGen: 277317K->1388K(271040K)] 743044K->467203K(958016K), 0.0067670 secs] [Times: user=0.03 sys=0.00, real=0.01 secs] 
2014-07-08T06:23:34.011+0000: 3277.470: [GC [PSYoungGen: 271020K->1054K(263872K)] 736835K->466941K(950848K), 0.0041500 secs] [Times: user=0.02 sys=0.01, real=0.01 secs] 
2014-07-08T06:23:34.921+0000: 3278.381: [GC [PSYoungGen: 263822K->726K(256960K)] 729709K->466661K(943936K), 0.0040810 secs] [Times: user=0.02 sys=0.00, real=0.01 secs] 
2014-07-08T06:23:35.849+0000: 3279.309: [GC [PSYoungGen: 256918K->918K(250816K)] 722853K->466917K(937792K), 0.0052480 secs] [Times: user=0.03 sys=0.01, real=0.00 secs] 
2014-07-08T06:23:36.720+0000: 3280.180: [GC [PSYoungGen: 250731K->1004K(244736K)] 716730K->467067K(931712K), 0.0101690 secs] [Times: user=0.06 sys=0.00, real=0.01 secs] 
2014-07-08T06:23:37.575+0000: 3281.034: [GC [PSYoungGen: 244716K->772K(238656K)] 710779K->466891K(925632K), 0.0088840 secs] [Times: user=0.07 sys=0.00, real=0.00 secs] 
2014-07-08T06:23:38.463+0000: 3281.922: [GC [PSYoungGen: 238589K->562K(232704K)] 704708K->466745K(919680K), 0.0071700 secs] [Times: user=0.04 sys=0.00, real=0.01 secs] 
2014-07-08T06:23:39.292+0000: 3282.751: [GC [PSYoungGen: 232690K->800K(227520K)] 698873K->467055K(914496K), 0.0065910 secs] [Times: user=0.05 sys=0.00, real=0.01 secs] 
2014-07-08T06:23:40.092+0000: 3283.551: [GC [PSYoungGen: 227456K->882K(222336K)] 693711K->467217K(909312K), 0.0048430 secs] [Times: user=0.03 sys=0.00, real=0.01 secs] 
2014-07-08T06:23:40.890+0000: 3284.349: [GC [PSYoungGen: 222310K->1102K(217536K)] 688645K->467525K(904512K), 0.0117900 secs] [Times: user=0.08 sys=0.00, real=0.01 secs] 
2014-07-08T06:23:41.619+0000: 3285.078: [GC [PSYoungGen: 217475K->694K(212160K)] 683899K->467491K(899136K), 0.0041910 secs] [Times: user=0.03 sys=0.00, real=0.00 secs] 
2014-07-08T06:23:42.363+0000: 3285.822: [GC [PSYoungGen: 212055K->1012K(207744K)] 678853K->467881K(894720K), 0.0111520 secs] [Times: user=0.08 sys=0.00, real=0.01 secs] 
2014-07-08T06:23:43.155+0000: 3286.614: [GC [PSYoungGen: 207701K->861K(248960K)] 674570K->467944K(935936K), 0.0148780 secs] [Times: user=0.09 sys=0.00, real=0.02 secs] 
2014-07-08T06:23:44.102+0000: 3287.561: [GC [PSYoungGen: 248925K->898K(298688K)] 716008K->468037K(985664K), 0.0049590 secs] [Times: user=0.03 sys=0.00, real=0.01 secs] 
2014-07-08T06:23:45.065+0000: 3288.524: [GC [PSYoungGen: 298626K->562K(290368K)] 765765K->467781K(977344K), 0.0040390 secs] [Times: user=0.02 sys=0.00, real=0.01 secs] 
2014-07-08T06:23:46.091+0000: 3289.550: [GC [PSYoungGen: 290316K->690K(282880K)] 757535K->467981K(969856K), 0.0063830 secs] [Times: user=0.03 sys=0.00, real=0.01 secs] 
2014-07-08T06:23:47.081+0000: 3290.541: [GC [PSYoungGen: 282866K->680K(275520K)] 750157K->468011K(962496K), 0.0049840 secs] [Times: user=0.03 sys=0.00, real=0.01 secs] 
2014-07-08T06:23:48.092+0000: 3291.551: [GC [PSYoungGen: 275466K->840K(268672K)] 742797K->468243K(955648K), 0.0052270 secs] [Times: user=0.03 sys=0.00, real=0.01 secs] 
2014-07-08T06:23:49.116+0000: 3292.575: [GC [PSYoungGen: 268585K->1114K(262144K)] 735988K->468597K(949120K), 0.0067660 secs] [Times: user=0.04 sys=0.01, real=0.01 secs] 
2014-07-08T06:23:49.956+0000: 3293.415: [GC [PSYoungGen: 262106K->986K(255488K)] 729589K->468517K(942464K), 0.0054370 secs] [Times: user=0.02 sys=0.00, real=0.01 secs] 
2014-07-08T06:23:50.846+0000: 3294.306: [GC [PSYoungGen: 255450K->566K(248768K)] 722981K->468431K(935744K), 0.0121410 secs] [Times: user=0.08 sys=0.00, real=0.02 secs] 
2014-07-08T06:23:51.729+0000: 3295.189: [GC [PSYoungGen: 248758K->954K(243072K)] 716623K->468891K(930048K), 0.0080040 secs] [Times: user=0.05 sys=0.00, real=0.01 secs] 
2014-07-08T06:23:52.590+0000: 3296.050: [GC [PSYoungGen: 242993K->716K(237056K)] 710930K->468833K(924032K), 0.0108580 secs] [Times: user=0.08 sys=0.00, real=0.01 secs] 
2014-07-08T06:23:53.436+0000: 3296.895: [GC [PSYoungGen: 237004K->562K(231232K)] 705121K->468735K(918208K), 0.0082590 secs] [Times: user=0.06 sys=0.00, real=0.01 secs] 
2014-07-08T06:23:54.316+0000: 3297.775: [GC [PSYoungGen: 231218K->1196K(226432K)] 699391K->469457K(913408K), 0.0080660 secs] [Times: user=0.05 sys=0.00, real=0.01 secs] 
2014-07-08T06:23:55.049+0000: 3298.509: [GC [PSYoungGen: 226412K->780K(271104K)] 694673K->469121K(958080K), 0.0114070 secs] [Times: user=0.07 sys=0.01, real=0.01 secs] 
2014-07-08T06:23:56.057+0000: 3299.516: [GC [PSYoungGen: 271052K->804K(264192K)] 739393K->469488K(951168K), 0.0041350 secs] [Times: user=0.02 sys=0.00, real=0.01 secs] 
2014-07-08T06:23:56.976+0000: 3300.435: [GC [PSYoungGen: 264150K->926K(257728K)] 732834K->469681K(944704K), 0.0039720 secs] [Times: user=0.02 sys=0.00, real=0.01 secs] 
2014-07-08T06:23:57.916+0000: 3301.376: [GC [PSYoungGen: 257694K->1046K(309248K)] 726449K->469939K(996224K), 0.0191810 secs] [Times: user=0.13 sys=0.00, real=0.02 secs] 
2014-07-08T06:23:59.115+0000: 3302.575: [GC [PSYoungGen: 309206K->1260K(371072K)] 778099K->470233K(1058048K), 0.0098910 secs] [Times: user=0.07 sys=0.00, real=0.01 secs] 
2014-07-08T06:24:00.280+0000: 3303.739: [GC [PSYoungGen: 371052K->498K(359424K)] 840025K->469675K(1046400K), 0.0077740 secs] [Times: user=0.05 sys=0.01, real=0.00 secs] 
2014-07-08T06:24:01.553+0000: 3305.012: [GC [PSYoungGen: 359410K->562K(349056K)] 828587K->469819K(1036032K), 0.0056950 secs] [Times: user=0.04 sys=0.00, real=0.00 secs] 
2014-07-08T06:24:02.817+0000: 3306.277: [GC [PSYoungGen: 349042K->822K(339328K)] 818299K->470167K(1026304K), 0.0095730 secs] [Times: user=0.06 sys=0.00, real=0.01 secs] 
2014-07-08T06:24:04.170+0000: 3307.629: [GC [PSYoungGen: 339316K->1348K(330304K)] 808662K->470758K(1017280K), 0.0096240 secs] [Times: user=0.06 sys=0.00, real=0.01 secs] 
2014-07-08T06:24:05.183+0000: 3308.642: [GC [PSYoungGen: 330244K->616K(320320K)] 799654K->470139K(1007296K), 0.0081150 secs] [Times: user=0.05 sys=0.01, real=0.01 secs] 
2014-07-08T06:24:06.339+0000: 3309.799: [GC [PSYoungGen: 320296K->548K(311424K)] 789819K->470143K(998400K), 0.0060130 secs] [Times: user=0.04 sys=0.00, real=0.00 secs] 
2014-07-08T06:24:07.446+0000: 3310.906: [GC [PSYoungGen: 311396K->662K(303104K)] 780991K->470345K(990080K), 0.0060090 secs] [Times: user=0.04 sys=0.01, real=0.01 secs] 
2014-07-08T06:24:08.529+0000: 3311.988: [GC [PSYoungGen: 303049K->783K(295104K)] 772732K->470522K(982080K), 0.0077760 secs] [Times: user=0.05 sys=0.00, real=0.01 secs] 
2014-07-08T06:24:09.677+0000: 3313.136: [GC [PSYoungGen: 295055K->1274K(287744K)] 764794K->471077K(974720K), 0.0140220 secs] [Times: user=0.08 sys=0.00, real=0.02 secs] 
2014-07-08T06:24:10.608+0000: 3314.067: [GC [PSYoungGen: 287738K->826K(279808K)] 757541K->470701K(966784K), 0.0104250 secs] [Times: user=0.05 sys=0.00, real=0.01 secs] 
2014-07-08T06:24:11.596+0000: 3315.055: [GC [PSYoungGen: 279802K->762K(272512K)] 749677K->470693K(959488K), 0.0048890 secs] [Times: user=0.03 sys=0.00, real=0.01 secs] 
2014-07-08T06:24:12.564+0000: 3316.023: [GC [PSYoungGen: 272430K->704K(265600K)] 742362K->470683K(952576K), 0.0098720 secs] [Times: user=0.06 sys=0.00, real=0.01 secs] 
2014-07-08T06:24:13.503+0000: 3316.963: [GC [PSYoungGen: 265536K->776K(259008K)] 735515K->470835K(945984K), 0.0046520 secs] [Times: user=0.03 sys=0.01, real=0.00 secs] 
2014-07-08T06:24:14.445+0000: 3317.905: [GC [PSYoungGen: 258952K->779K(252608K)] 729011K->470902K(939584K), 0.0084020 secs] [Times: user=0.05 sys=0.00, real=0.01 secs] 
2014-07-08T06:24:15.304+0000: 3318.764: [GC [PSYoungGen: 252555K->751K(246336K)] 722678K->470930K(933312K), 0.0043790 secs] [Times: user=0.02 sys=0.00, real=0.00 secs] 
2014-07-08T06:24:16.190+0000: 3319.649: [GC [PSYoungGen: 246319K->662K(240320K)] 716498K->470897K(927296K), 0.0086430 secs] [Times: user=0.05 sys=0.00, real=0.01 secs] 
2014-07-08T06:24:17.052+0000: 3320.511: [GC [PSYoungGen: 240278K->872K(234752K)] 710513K->471179K(921728K), 0.0067400 secs] [Times: user=0.04 sys=0.00, real=0.00 secs] 
2014-07-08T06:24:17.883+0000: 3321.343: [GC [PSYoungGen: 234728K->950K(229312K)] 705035K->471305K(916288K), 0.0121420 secs] [Times: user=0.08 sys=0.00, real=0.01 secs] 
2014-07-08T06:24:18.697+0000: 3322.156: [GC [PSYoungGen: 229269K->676K(223744K)] 699625K->471087K(910720K), 0.0038910 secs] [Times: user=0.03 sys=0.00, real=0.01 secs] 
2014-07-08T06:24:19.499+0000: 3322.958: [GC [PSYoungGen: 223716K->858K(218816K)] 694127K->471341K(905792K), 0.0072580 secs] [Times: user=0.04 sys=0.00, real=0.01 secs] 
2014-07-08T06:24:20.256+0000: 3323.715: [GC [PSYoungGen: 218778K->794K(213760K)] 689261K->471357K(900736K), 0.0116390 secs] [Times: user=0.08 sys=0.00, real=0.01 secs] 
2014-07-08T06:24:21.040+0000: 3324.500: [GC [PSYoungGen: 213722K->804K(208960K)] 684285K->471415K(895936K), 0.0042810 secs] [Times: user=0.02 sys=0.01, real=0.01 secs] 
2014-07-08T06:24:21.764+0000: 3325.223: [GC [PSYoungGen: 208932K->826K(250624K)] 679543K->471565K(937600K), 0.0142850 secs] [Times: user=0.08 sys=0.01, real=0.01 secs] 
2014-07-08T06:24:22.664+0000: 3326.123: [GC [PSYoungGen: 250618K->1206K(300992K)] 721357K->472206K(987968K), 0.0123750 secs] [Times: user=0.08 sys=0.00, real=0.01 secs] 
2014-07-08T06:24:23.717+0000: 3327.177: [GC [PSYoungGen: 300969K->427K(360192K)] 771969K->472003K(1047168K), 0.0080920 secs] [Times: user=0.02 sys=0.00, real=0.01 secs] 
2014-07-08T06:24:25.085+0000: 3328.544: [GC [PSYoungGen: 360158K->1218K(368128K)] 831735K->472866K(1055104K), 0.0109090 secs] [Times: user=0.07 sys=0.00, real=0.01 secs] 
2014-07-08T06:24:26.316+0000: 3329.775: [GC [PSYoungGen: 367938K->698K(433216K)] 839586K->472576K(1120192K), 0.0139780 secs] [Times: user=0.08 sys=0.00, real=0.01 secs] 
2014-07-08T06:24:27.876+0000: 3331.335: [GC [PSYoungGen: 432442K->936K(419200K)] 904320K->472854K(1106176K), 0.0098380 secs] [Times: user=0.06 sys=0.01, real=0.01 secs] 
2014-07-08T06:24:29.400+0000: 3332.859: [GC [PSYoungGen: 419131K->552K(405888K)] 891049K->472950K(1092864K), 0.0085210 secs] [Times: user=0.06 sys=0.00, real=0.01 secs] 
2014-07-08T06:24:30.871+0000: 3334.330: [GC [PSYoungGen: 405864K->1388K(394368K)] 878262K->473843K(1081344K), 0.0059590 secs] [Times: user=0.03 sys=0.00, real=0.01 secs] 
2014-07-08T06:24:32.200+0000: 3335.659: [GC [PSYoungGen: 394348K->826K(381952K)] 866803K->473642K(1068928K), 0.0056110 secs] [Times: user=0.04 sys=0.00, real=0.01 secs] 
2014-07-08T06:24:33.552+0000: 3337.012: [GC [PSYoungGen: 381946K->648K(370496K)] 854762K->473536K(1057472K), 0.0118650 secs] [Times: user=0.08 sys=0.00, real=0.02 secs] 
2014-07-08T06:24:34.888+0000: 3338.348: [GC [PSYoungGen: 370390K->1370K(360320K)] 843279K->474315K(1047296K), 0.0070000 secs] [Times: user=0.02 sys=0.01, real=0.01 secs] 
2014-07-08T06:24:36.139+0000: 3339.598: [GC [PSYoungGen: 360282K->686K(349184K)] 833227K->473703K(1036160K), 0.0088170 secs] [Times: user=0.05 sys=0.01, real=0.01 secs] 
2014-07-08T06:24:37.381+0000: 3340.841: [GC [PSYoungGen: 349166K->758K(339264K)] 822183K->473870K(1026240K), 0.0084000 secs] [Times: user=0.05 sys=0.00, real=0.01 secs] 
2014-07-08T06:24:38.601+0000: 3342.060: [GC [PSYoungGen: 339254K->662K(329600K)] 812366K->473838K(1016576K), 0.0069090 secs] [Times: user=0.04 sys=0.00, real=0.01 secs] 
2014-07-08T06:24:39.778+0000: 3343.237: [GC [PSYoungGen: 329516K->1296K(321024K)] 802692K->474545K(1008000K), 0.0050840 secs] [Times: user=0.03 sys=0.00, real=0.00 secs] 
2014-07-08T06:24:40.947+0000: 3344.407: [GC [PSYoungGen: 320976K->1312K(312192K)] 794225K->474593K(999168K), 0.0079680 secs] [Times: user=0.03 sys=0.01, real=0.01 secs] 
2014-07-08T06:24:42.105+0000: 3345.564: [GC [PSYoungGen: 312104K->701K(303104K)] 785385K->474342K(990080K), 0.0078450 secs] [Times: user=0.06 sys=0.00, real=0.00 secs] 
2014-07-08T06:24:43.152+0000: 3346.611: [GC [PSYoungGen: 303101K->794K(295104K)] 776742K->474506K(982080K), 0.0081110 secs] [Times: user=0.05 sys=0.00, real=0.01 secs] 
2014-07-08T06:24:44.154+0000: 3347.613: [GC [PSYoungGen: 295066K->812K(287296K)] 768778K->474680K(974272K), 0.0130390 secs] [Times: user=0.08 sys=0.00, real=0.02 secs] 
2014-07-08T06:24:45.189+0000: 3348.649: [GC [PSYoungGen: 287276K->630K(279616K)] 761144K->474586K(966592K), 0.0079200 secs] [Times: user=0.05 sys=0.01, real=0.01 secs] 
2014-07-08T06:24:46.178+0000: 3349.638: [GC [PSYoungGen: 279606K->680K(272448K)] 753562K->474692K(959424K), 0.0054130 secs] [Times: user=0.03 sys=0.00, real=0.00 secs] 
2014-07-08T06:24:47.133+0000: 3350.593: [GC [PSYoungGen: 272424K->730K(265600K)] 746436K->474814K(952576K), 0.0038880 secs] [Times: user=0.02 sys=0.00, real=0.01 secs] 
2014-07-08T06:24:48.138+0000: 3351.598: [GC [PSYoungGen: 265562K->875K(259072K)] 739646K->475024K(946048K), 0.0078570 secs] [Times: user=0.04 sys=0.00, real=0.01 secs] 
2014-07-08T06:24:49.033+0000: 3352.493: [GC [PSYoungGen: 259051K->1280K(253120K)] 733200K->475509K(940096K), 0.0070250 secs] [Times: user=0.04 sys=0.00, real=0.01 secs] 
2014-07-08T06:24:49.973+0000: 3353.432: [GC [PSYoungGen: 253056K->762K(246336K)] 727285K->475070K(933312K), 0.0075670 secs] [Times: user=0.05 sys=0.00, real=0.01 secs] 
2014-07-08T06:24:50.821+0000: 3354.281: [GC [PSYoungGen: 246330K->946K(240576K)] 720638K->475327K(927552K), 0.0078830 secs] [Times: user=0.05 sys=0.00, real=0.01 secs] 
2014-07-08T06:24:51.681+0000: 3355.140: [GC [PSYoungGen: 240562K->936K(234816K)] 714943K->475388K(921792K), 0.0107490 secs] [Times: user=0.06 sys=0.00, real=0.01 secs] 
2014-07-08T06:24:52.493+0000: 3355.952: [GC [PSYoungGen: 234758K->698K(229056K)] 709211K->475206K(916032K), 0.0089160 secs] [Times: user=0.06 sys=0.00, real=0.01 secs] 
2014-07-08T06:24:53.359+0000: 3356.819: [GC [PSYoungGen: 229050K->712K(223808K)] 703558K->475268K(910784K), 0.0092660 secs] [Times: user=0.06 sys=0.00, real=0.01 secs] 
2014-07-08T06:24:54.114+0000: 3357.573: [GC [PSYoungGen: 223752K->634K(268288K)] 698308K->475246K(955264K), 0.0092620 secs] [Times: user=0.06 sys=0.00, real=0.01 secs] 
2014-07-08T06:24:55.125+0000: 3358.585: [GC [PSYoungGen: 268282K->844K(261760K)] 742894K->475528K(948736K), 0.0064980 secs] [Times: user=0.04 sys=0.00, real=0.01 secs] 
2014-07-08T06:24:56.019+0000: 3359.478: [GC [PSYoungGen: 261707K->708K(255104K)] 736392K->475496K(942080K), 0.0065580 secs] [Times: user=0.05 sys=0.00, real=0.00 secs] 
2014-07-08T06:24:56.982+0000: 3360.441: [GC [PSYoungGen: 255017K->1064K(249152K)] 729806K->475917K(936128K), 0.0037520 secs] [Times: user=0.02 sys=0.00, real=0.00 secs] 
2014-07-08T06:24:57.839+0000: 3361.299: [GC [PSYoungGen: 249113K->936K(242944K)] 723966K->475852K(929920K), 0.0138080 secs] [Times: user=0.08 sys=0.01, real=0.01 secs] 
2014-07-08T06:24:58.685+0000: 3362.144: [GC [PSYoungGen: 242920K->822K(236992K)] 717836K->476161K(923968K), 0.0079550 secs] [Times: user=0.06 sys=0.00, real=0.01 secs] 
2014-07-08T06:24:59.511+0000: 3362.970: [GC [PSYoungGen: 236982K->830K(231360K)] 712321K->476201K(918336K), 0.0057650 secs] [Times: user=0.02 sys=0.01, real=0.01 secs] 
2014-07-08T06:25:00.349+0000: 3363.808: [GC [PSYoungGen: 231316K->993K(226112K)] 706687K->476684K(913088K), 0.0112620 secs] [Times: user=0.07 sys=0.00, real=0.01 secs] 
2014-07-08T06:25:01.160+0000: 3364.619: [GC [PSYoungGen: 226081K->882K(271040K)] 701772K->476653K(958016K), 0.0099060 secs] [Times: user=0.05 sys=0.00, real=0.01 secs] 
2014-07-08T06:25:02.142+0000: 3365.602: [GC [PSYoungGen: 270992K->662K(324928K)] 746764K->476505K(1011904K), 0.0111610 secs] [Times: user=0.07 sys=0.00, real=0.01 secs] 
2014-07-08T06:25:03.309+0000: 3366.768: [GC [PSYoungGen: 324886K->626K(315840K)] 800729K->476525K(1002816K), 0.0046590 secs] [Times: user=0.02 sys=0.00, real=0.00 secs] 
2014-07-08T06:25:04.380+0000: 3367.840: [GC [PSYoungGen: 315795K->783K(307392K)] 791694K->476730K(994368K), 0.0105040 secs] [Times: user=0.07 sys=0.00, real=0.01 secs] 
2014-07-08T06:25:05.464+0000: 3368.923: [GC [PSYoungGen: 307343K->730K(299008K)] 783290K->476733K(985984K), 0.0089770 secs] [Times: user=0.06 sys=0.00, real=0.01 secs] 
2014-07-08T06:25:06.524+0000: 3369.984: [GC [PSYoungGen: 298933K->996K(291328K)] 774936K->477047K(978304K), 0.0046650 secs] [Times: user=0.03 sys=0.00, real=0.01 secs] 
2014-07-08T06:25:07.560+0000: 3371.019: [GC [PSYoungGen: 291300K->716K(283392K)] 767351K->476815K(970368K), 0.0057070 secs] [Times: user=0.03 sys=0.01, real=0.00 secs] 
2014-07-08T06:25:08.566+0000: 3372.026: [GC [PSYoungGen: 283294K->669K(275968K)] 759393K->476824K(962944K), 0.0035250 secs] [Times: user=0.02 sys=0.00, real=0.01 secs] 
2014-07-08T06:25:09.548+0000: 3373.007: [GC [PSYoungGen: 275861K->730K(268928K)] 752016K->476965K(955904K), 0.0090700 secs] [Times: user=0.06 sys=0.00, real=0.01 secs] 
2014-07-08T06:25:10.516+0000: 3373.975: [GC [PSYoungGen: 268878K->548K(261952K)] 745113K->476839K(948928K), 0.0065880 secs] [Times: user=0.02 sys=0.00, real=0.01 secs] 
2014-07-08T06:25:11.426+0000: 3374.885: [GC [PSYoungGen: 261924K->744K(255616K)] 738215K->477115K(942592K), 0.0057710 secs] [Times: user=0.03 sys=0.01, real=0.01 secs] 
2014-07-08T06:25:12.338+0000: 3375.797: [GC [PSYoungGen: 255591K->858K(249472K)] 731962K->477317K(936448K), 0.0036230 secs] [Times: user=0.02 sys=0.00, real=0.01 secs] 
2014-07-08T06:25:13.220+0000: 3376.680: [GC [PSYoungGen: 249432K->776K(243328K)] 725891K->477315K(930304K), 0.0055990 secs] [Times: user=0.03 sys=0.00, real=0.00 secs] 
2014-07-08T06:25:14.200+0000: 3377.659: [GC [PSYoungGen: 243272K->758K(237440K)] 719811K->477835K(924416K), 0.0083590 secs] [Times: user=0.05 sys=0.00, real=0.01 secs] 
2014-07-08T06:25:15.090+0000: 3378.549: [GC [PSYoungGen: 237430K->1322K(232384K)] 714507K->479038K(919360K), 0.0074810 secs] [Times: user=0.05 sys=0.01, real=0.00 secs] 
2014-07-08T06:25:15.750+0000: 3379.209: [GC [PSYoungGen: 232362K->626K(277888K)] 710078K->478864K(964864K), 0.0132100 secs] [Times: user=0.08 sys=0.00, real=0.02 secs] 
2014-07-08T06:25:16.740+0000: 3380.199: [GC [PSYoungGen: 277874K->1434K(271552K)] 756112K->479776K(958528K), 0.0069440 secs] [Times: user=0.04 sys=0.00, real=0.01 secs] 
2014-07-08T06:25:17.706+0000: 3381.165: [GC [PSYoungGen: 271514K->858K(264128K)] 749856K->479380K(951104K), 0.0079570 secs] [Times: user=0.05 sys=0.00, real=0.01 secs] 
2014-07-08T06:25:18.641+0000: 3382.100: [GC [PSYoungGen: 264088K->836K(257536K)] 742611K->479422K(944512K), 0.0121210 secs] [Times: user=0.07 sys=0.00, real=0.01 secs] 
2014-07-08T06:25:19.551+0000: 3383.011: [GC [PSYoungGen: 257476K->566K(308544K)] 736062K->479200K(995520K), 0.0123310 secs] [Times: user=0.08 sys=0.00, real=0.01 secs] 
2014-07-08T06:25:20.620+0000: 3384.079: [GC [PSYoungGen: 308532K->822K(370432K)] 787167K->479560K(1057408K), 0.0093070 secs] [Times: user=0.06 sys=0.00, real=0.01 secs] 
2014-07-08T06:25:21.947+0000: 3385.406: [GC [PSYoungGen: 370422K->996K(359744K)] 849160K->479782K(1046720K), 0.0100310 secs] [Times: user=0.07 sys=0.00, real=0.01 secs] 
2014-07-08T06:25:23.224+0000: 3386.683: [GC [PSYoungGen: 359716K->936K(349248K)] 838502K->479810K(1036224K), 0.0094750 secs] [Times: user=0.07 sys=0.00, real=0.01 secs] 
2014-07-08T06:25:24.446+0000: 3387.905: [GC [PSYoungGen: 349224K->708K(339072K)] 828098K->479630K(1026048K), 0.0054720 secs] [Times: user=0.02 sys=0.01, real=0.01 secs] 
2014-07-08T06:25:25.650+0000: 3389.110: [GC [PSYoungGen: 338966K->758K(329472K)] 817888K->479728K(1016448K), 0.0092260 secs] [Times: user=0.06 sys=0.00, real=0.01 secs] 
2014-07-08T06:25:26.838+0000: 3390.298: [GC [PSYoungGen: 329462K->968K(320576K)] 808432K->480010K(1007552K), 0.0165350 secs] [Times: user=0.11 sys=0.00, real=0.02 secs] 
2014-07-08T06:25:27.968+0000: 3391.428: [GC [PSYoungGen: 320520K->850K(311616K)] 799562K->479940K(998592K), 0.0079870 secs] [Times: user=0.05 sys=0.00, real=0.01 secs] 
2014-07-08T06:25:29.073+0000: 3392.533: [GC [PSYoungGen: 311567K->960K(303296K)] 790657K->480146K(990272K), 0.0090180 secs] [Times: user=0.06 sys=0.00, real=0.01 secs] 
2014-07-08T06:25:30.164+0000: 3393.623: [GC [PSYoungGen: 303207K->1224K(295424K)] 782393K->480490K(982400K), 0.0091830 secs] [Times: user=0.06 sys=0.01, real=0.01 secs] 
2014-07-08T06:25:31.136+0000: 3394.596: [GC [PSYoungGen: 295318K->548K(286912K)] 774585K->479944K(973888K), 0.0071960 secs] [Times: user=0.05 sys=0.00, real=0.01 secs] 
2014-07-08T06:25:32.163+0000: 3395.622: [GC [PSYoungGen: 286884K->654K(279552K)] 766280K->480106K(966528K), 0.0104530 secs] [Times: user=0.08 sys=0.00, real=0.01 secs] 
2014-07-08T06:25:33.156+0000: 3396.615: [GC [PSYoungGen: 279502K->786K(272448K)] 758954K->480310K(959424K), 0.0074860 secs] [Times: user=0.05 sys=0.00, real=0.01 secs] 
2014-07-08T06:25:34.119+0000: 3397.578: [GC [PSYoungGen: 272402K->530K(265280K)] 751926K->480118K(952256K), 0.0079810 secs] [Times: user=0.05 sys=0.00, real=0.01 secs] 
2014-07-08T06:25:35.080+0000: 3398.540: [GC [PSYoungGen: 265234K->708K(258816K)] 744822K->480360K(945792K), 0.0075480 secs] [Times: user=0.05 sys=0.00, real=0.01 secs] 
2014-07-08T06:25:36.028+0000: 3399.487: [GC [PSYoungGen: 258756K->1070K(252736K)] 738408K->480770K(939712K), 0.0043630 secs] [Times: user=0.02 sys=0.00, real=0.00 secs] 
2014-07-08T06:25:36.904+0000: 3400.364: [GC [PSYoungGen: 252718K->1010K(246464K)] 732418K->480806K(933440K), 0.0137340 secs] [Times: user=0.08 sys=0.00, real=0.01 secs] 
2014-07-08T06:25:37.775+0000: 3401.234: [GC [PSYoungGen: 246450K->1195K(240704K)] 726246K->481087K(927680K), 0.0087550 secs] [Times: user=0.06 sys=0.00, real=0.01 secs] 
2014-07-08T06:25:38.640+0000: 3402.100: [GC [PSYoungGen: 240683K->751K(234496K)] 720575K->480715K(921472K), 0.0071430 secs] [Times: user=0.05 sys=0.00, real=0.01 secs] 
2014-07-08T06:25:39.485+0000: 3402.945: [GC [PSYoungGen: 234479K->698K(228928K)] 714443K->480742K(915904K), 0.0049590 secs] [Times: user=0.02 sys=0.00, real=0.00 secs] 
2014-07-08T06:25:40.378+0000: 3403.838: [GC [PSYoungGen: 228922K->972K(223936K)] 708966K->481088K(910912K), 0.0051100 secs] [Times: user=0.03 sys=0.01, real=0.00 secs] 
2014-07-08T06:25:41.102+0000: 3404.562: [GC [PSYoungGen: 223791K->914K(218752K)] 703907K->481094K(905728K), 0.0110450 secs] [Times: user=0.07 sys=0.00, real=0.01 secs] 
2014-07-08T06:25:41.873+0000: 3405.332: [GC [PSYoungGen: 218706K->726K(262144K)] 698886K->480962K(949120K), 0.0108250 secs] [Times: user=0.07 sys=0.00, real=0.01 secs] 
2014-07-08T06:25:42.786+0000: 3406.246: [GC [PSYoungGen: 262100K->1122K(314816K)] 742337K->481414K(1001792K), 0.0095080 secs] [Times: user=0.06 sys=0.00, real=0.01 secs] 
2014-07-08T06:25:43.900+0000: 3407.359: [GC [PSYoungGen: 314786K->676K(377152K)] 795078K->481016K(1064128K), 0.0101560 secs] [Times: user=0.06 sys=0.00, real=0.01 secs] 
2014-07-08T06:25:45.244+0000: 3408.704: [GC [PSYoungGen: 377124K->914K(366272K)] 857464K->481326K(1053248K), 0.0077330 secs] [Times: user=0.04 sys=0.00, real=0.00 secs] 
2014-07-08T06:25:46.559+0000: 3410.019: [GC [PSYoungGen: 366226K->826K(355456K)] 846638K->481286K(1042432K), 0.0074130 secs] [Times: user=0.05 sys=0.00, real=0.01 secs] 
2014-07-08T06:25:47.847+0000: 3411.306: [GC [PSYoungGen: 355425K->1118K(345536K)] 835885K->481666K(1032512K), 0.0057610 secs] [Times: user=0.04 sys=0.00, real=0.00 secs] 
2014-07-08T06:25:49.050+0000: 3412.510: [GC [PSYoungGen: 345502K->754K(335360K)] 826050K->481350K(1022336K), 0.0079240 secs] [Times: user=0.05 sys=0.00, real=0.01 secs] 
2014-07-08T06:25:50.201+0000: 3413.660: [GC [PSYoungGen: 335335K->648K(325888K)] 815931K->481300K(1012864K), 0.0053400 secs] [Times: user=0.03 sys=0.00, real=0.01 secs] 
2014-07-08T06:25:51.361+0000: 3414.821: [GC [PSYoungGen: 325832K->758K(316928K)] 806484K->481466K(1003904K), 0.0048770 secs] [Times: user=0.03 sys=0.00, real=0.01 secs] 
2014-07-08T06:25:52.496+0000: 3415.955: [GC [PSYoungGen: 316918K->850K(308352K)] 797626K->481614K(995328K), 0.0102040 secs] [Times: user=0.07 sys=0.01, real=0.01 secs] 
2014-07-08T06:25:53.600+0000: 3417.059: [GC [PSYoungGen: 308306K->762K(299904K)] 789070K->481606K(986880K), 0.0141760 secs] [Times: user=0.08 sys=0.00, real=0.01 secs] 
2014-07-08T06:25:54.651+0000: 3418.110: [GC [PSYoungGen: 299898K->698K(291840K)] 780742K->481606K(978816K), 0.0057660 secs] [Times: user=0.03 sys=0.01, real=0.01 secs] 
2014-07-08T06:25:55.740+0000: 3419.199: [GC [PSYoungGen: 291834K->954K(284416K)] 772742K->481942K(971392K), 0.0066220 secs] [Times: user=0.05 sys=0.00, real=0.01 secs] 
2014-07-08T06:25:56.714+0000: 3420.173: [GC [PSYoungGen: 284400K->1271K(277376K)] 765388K->482381K(964352K), 0.0072460 secs] [Times: user=0.04 sys=0.00, real=0.01 secs] 
2014-07-08T06:25:57.708+0000: 3421.168: [GC [PSYoungGen: 277352K->374K(269376K)] 758462K->482118K(956352K), 0.0051510 secs] [Times: user=0.03 sys=0.00, real=0.00 secs] 
2014-07-08T06:25:58.685+0000: 3422.145: [GC [PSYoungGen: 269332K->1232K(263424K)] 751077K->483056K(950400K), 0.0066640 secs] [Times: user=0.04 sys=0.00, real=0.01 secs] 
2014-07-08T06:25:59.622+0000: 3423.081: [GC [PSYoungGen: 263376K->580K(315264K)] 745200K->482556K(1002240K), 0.0205510 secs] [Times: user=0.16 sys=0.00, real=0.02 secs] 
2014-07-08T06:26:00.861+0000: 3424.321: [GC [PSYoungGen: 315204K->1270K(307264K)] 797180K->483311K(994240K), 0.0045650 secs] [Times: user=0.03 sys=0.00, real=0.00 secs] 
2014-07-08T06:26:01.934+0000: 3425.393: [GC [PSYoungGen: 307194K->1071K(298816K)] 789234K->483289K(985792K), 0.0127200 secs] [Times: user=0.07 sys=0.00, real=0.02 secs] 
2014-07-08T06:26:02.920+0000: 3426.379: [GC [PSYoungGen: 298763K->1591K(291392K)] 780981K->483997K(978368K), 0.0074860 secs] [Times: user=0.05 sys=0.00, real=0.01 secs] 
2014-07-08T06:26:03.947+0000: 3427.407: [GC [PSYoungGen: 291383K->548K(282752K)] 773789K->483625K(969728K), 0.0135620 secs] [Times: user=0.08 sys=0.00, real=0.01 secs] 
2014-07-08T06:26:04.949+0000: 3428.408: [GC [PSYoungGen: 282724K->1114K(275968K)] 765801K->484255K(962944K), 0.0043990 secs] [Times: user=0.03 sys=0.00, real=0.00 secs] 
2014-07-08T06:26:06.016+0000: 3429.476: [GC [PSYoungGen: 275930K->1004K(268800K)] 759071K->484407K(955776K), 0.0057070 secs] [Times: user=0.02 sys=0.00, real=0.01 secs] 
2014-07-08T06:26:06.902+0000: 3430.362: [GC [PSYoungGen: 268780K->1220K(262272K)] 752183K->484703K(949248K), 0.0061520 secs] [Times: user=0.03 sys=0.00, real=0.01 secs] 
2014-07-08T06:26:07.788+0000: 3431.247: [GC [PSYoungGen: 262212K->950K(255424K)] 745695K->484497K(942400K), 0.0126690 secs] [Times: user=0.07 sys=0.01, real=0.02 secs] 
2014-07-08T06:26:08.669+0000: 3432.128: [GC [PSYoungGen: 255414K->864K(249088K)] 738961K->484475K(936064K), 0.0082360 secs] [Times: user=0.05 sys=0.00, real=0.00 secs] 
2014-07-08T06:26:09.567+0000: 3433.027: [GC [PSYoungGen: 249035K->876K(243008K)] 732647K->484551K(929984K), 0.0078780 secs] [Times: user=0.03 sys=0.00, real=0.01 secs] 
2014-07-08T06:26:10.427+0000: 3433.887: [GC [PSYoungGen: 242988K->740K(237056K)] 726663K->484463K(924032K), 0.0114220 secs] [Times: user=0.07 sys=0.00, real=0.02 secs] 
2014-07-08T06:26:11.293+0000: 3434.752: [GC [PSYoungGen: 237028K->790K(231488K)] 720751K->484593K(918464K), 0.0087510 secs] [Times: user=0.05 sys=0.00, real=0.01 secs] 
2014-07-08T06:26:12.160+0000: 3435.619: [GC [PSYoungGen: 231446K->1036K(277888K)] 715249K->484911K(964864K), 0.0122440 secs] [Times: user=0.08 sys=0.00, real=0.01 secs] 
2014-07-08T06:26:13.115+0000: 3436.575: [GC [PSYoungGen: 277836K->576K(332736K)] 761711K->484523K(1019712K), 0.0092710 secs] [Times: user=0.06 sys=0.00, real=0.01 secs] 
2014-07-08T06:26:14.261+0000: 3437.721: [GC [PSYoungGen: 332736K->972K(323840K)] 816683K->485023K(1010816K), 0.0063090 secs] [Times: user=0.03 sys=0.00, real=0.00 secs] 
2014-07-08T06:26:15.427+0000: 3438.887: [GC [PSYoungGen: 323788K->812K(314688K)] 807839K->484943K(1001664K), 0.0059360 secs] [Times: user=0.03 sys=0.00, real=0.01 secs] 
2014-07-08T06:26:16.548+0000: 3440.008: [GC [PSYoungGen: 314658K->516K(305856K)] 798789K->484719K(992832K), 0.0048940 secs] [Times: user=0.03 sys=0.01, real=0.01 secs] 
2014-07-08T06:26:17.663+0000: 3441.123: [GC [PSYoungGen: 305796K->1274K(298304K)] 789999K->485557K(985280K), 0.0067500 secs] [Times: user=0.04 sys=0.00, real=0.01 secs] 
2014-07-08T06:26:18.720+0000: 3442.179: [GC [PSYoungGen: 298261K->1078K(290176K)] 782545K->485441K(977152K), 0.0131820 secs] [Times: user=0.08 sys=0.00, real=0.01 secs] 
2014-07-08T06:26:19.735+0000: 3443.195: [GC [PSYoungGen: 290166K->794K(282304K)] 774529K->485213K(969280K), 0.0091550 secs] [Times: user=0.05 sys=0.00, real=0.01 secs] 
2014-07-08T06:26:20.748+0000: 3444.207: [GC [PSYoungGen: 282266K->1054K(275264K)] 766685K->485529K(962240K), 0.0044590 secs] [Times: user=0.03 sys=0.00, real=0.01 secs] 
2014-07-08T06:26:21.705+0000: 3445.164: [GC [PSYoungGen: 275192K->826K(267968K)] 759667K->485373K(954944K), 0.0051360 secs] [Times: user=0.04 sys=0.00, real=0.00 secs] 
2014-07-08T06:26:22.669+0000: 3446.128: [GC [PSYoungGen: 267962K->708K(261120K)] 752509K->485327K(948096K), 0.0080500 secs] [Times: user=0.05 sys=0.00, real=0.01 secs] 
2014-07-08T06:26:23.600+0000: 3447.059: [GC [PSYoungGen: 261033K->694K(254528K)] 745652K->485377K(941504K), 0.0122950 secs] [Times: user=0.08 sys=0.00, real=0.02 secs] 
2014-07-08T06:26:24.497+0000: 3447.956: [GC [PSYoungGen: 254518K->758K(248320K)] 739201K->485497K(935296K), 0.0051880 secs] [Times: user=0.03 sys=0.00, real=0.01 secs] 
2014-07-08T06:26:25.385+0000: 3448.844: [GC [PSYoungGen: 248310K->776K(242368K)] 733049K->485595K(929344K), 0.0103340 secs] [Times: user=0.07 sys=0.00, real=0.01 secs] 
2014-07-08T06:26:26.287+0000: 3449.746: [GC [PSYoungGen: 242286K->794K(236544K)] 727105K->485669K(923520K), 0.0058040 secs] [Times: user=0.03 sys=0.00, real=0.01 secs] 
2014-07-08T06:26:27.108+0000: 3450.567: [GC [PSYoungGen: 236506K->762K(230912K)] 721381K->485709K(917888K), 0.0087540 secs] [Times: user=0.06 sys=0.01, real=0.01 secs] 
2014-07-08T06:26:27.980+0000: 3451.440: [GC [PSYoungGen: 230906K->1174K(225984K)] 715853K->486217K(912960K), 0.0081820 secs] [Times: user=0.06 sys=0.01, real=0.01 secs] 
2014-07-08T06:26:28.721+0000: 3452.180: [GC [PSYoungGen: 225942K->736K(220352K)] 710985K->485909K(907328K), 0.0053640 secs] [Times: user=0.03 sys=0.00, real=0.01 secs] 
2014-07-08T06:26:29.502+0000: 3452.962: [GC [PSYoungGen: 220310K->1007K(215616K)] 705484K->486237K(902592K), 0.0042710 secs] [Times: user=0.02 sys=0.00, real=0.00 secs] 
2014-07-08T06:26:30.258+0000: 3453.717: [GC [PSYoungGen: 215599K->644K(210432K)] 700828K->485953K(897408K), 0.0045180 secs] [Times: user=0.03 sys=0.00, real=0.01 secs] 
2014-07-08T06:26:31.108+0000: 3454.567: [GC [PSYoungGen: 210372K->1316K(206400K)] 695681K->486697K(893376K), 0.0066290 secs] [Times: user=0.03 sys=0.00, real=0.01 secs] 
2014-07-08T06:26:31.731+0000: 3455.190: [GC [PSYoungGen: 206372K->815K(246912K)] 691753K->486362K(933888K), 0.0132070 secs] [Times: user=0.06 sys=0.00, real=0.01 secs] 
2014-07-08T06:26:32.608+0000: 3456.067: [GC [PSYoungGen: 246852K->680K(240832K)] 732399K->486290K(927808K), 0.0060770 secs] [Times: user=0.03 sys=0.00, real=0.01 secs] 
2014-07-08T06:26:33.472+0000: 3456.931: [GC [PSYoungGen: 240808K->654K(235072K)] 726418K->486329K(922048K), 0.0043500 secs] [Times: user=0.02 sys=0.01, real=0.01 secs] 
2014-07-08T06:26:34.362+0000: 3457.822: [GC [PSYoungGen: 235022K->992K(229824K)] 720697K->486754K(916800K), 0.0074030 secs] [Times: user=0.05 sys=0.00, real=0.00 secs] 
2014-07-08T06:26:35.145+0000: 3458.604: [GC [PSYoungGen: 229792K->854K(224320K)] 715554K->486680K(911296K), 0.0080770 secs] [Times: user=0.04 sys=0.01, real=0.01 secs] 
2014-07-08T06:26:35.967+0000: 3459.427: [GC [PSYoungGen: 224278K->1028K(219328K)] 710104K->486958K(906304K), 0.0043930 secs] [Times: user=0.02 sys=0.00, real=0.00 secs] 
2014-07-08T06:26:36.732+0000: 3460.191: [GC [PSYoungGen: 219268K->878K(214144K)] 705198K->487063K(901120K), 0.0080030 secs] [Times: user=0.05 sys=0.00, real=0.01 secs] 
2014-07-08T06:26:37.479+0000: 3460.938: [GC [PSYoungGen: 214126K->580K(209088K)] 700311K->486820K(896064K), 0.0077250 secs] [Times: user=0.06 sys=0.00, real=0.01 secs] 
2014-07-08T06:26:38.242+0000: 3461.701: [GC [PSYoungGen: 209028K->790K(204672K)] 695268K->487102K(891648K), 0.0075650 secs] [Times: user=0.05 sys=0.00, real=0.00 secs] 
2014-07-08T06:26:38.989+0000: 3462.448: [GC [PSYoungGen: 204630K->858K(200256K)] 690942K->487226K(887232K), 0.0079800 secs] [Times: user=0.05 sys=0.00, real=0.01 secs] 
2014-07-08T06:26:39.665+0000: 3463.125: [GC [PSYoungGen: 200189K->968K(196096K)] 686558K->487425K(883072K), 0.0074390 secs] [Times: user=0.05 sys=0.00, real=0.01 secs] 
2014-07-08T06:26:40.362+0000: 3463.822: [GC [PSYoungGen: 196030K->762K(191680K)] 682487K->487282K(878656K), 0.0062800 secs] [Times: user=0.04 sys=0.00, real=0.01 secs] 
2014-07-08T06:26:41.056+0000: 3464.515: [GC [PSYoungGen: 191674K->548K(187456K)] 678194K->487132K(874432K), 0.0060670 secs] [Times: user=0.04 sys=0.00, real=0.00 secs] 
2014-07-08T06:26:41.714+0000: 3465.173: [GC [PSYoungGen: 187428K->854K(183872K)] 674012K->487502K(870848K), 0.0078400 secs] [Times: user=0.06 sys=0.00, real=0.00 secs] 
2014-07-08T06:26:42.368+0000: 3465.827: [GC [PSYoungGen: 183830K->598K(220224K)] 670478K->487302K(907200K), 0.0092740 secs] [Times: user=0.07 sys=0.00, real=0.01 secs] 
2014-07-08T06:26:43.163+0000: 3466.623: [GC [PSYoungGen: 220182K->712K(264320K)] 706886K->487472K(951296K), 0.0066820 secs] [Times: user=0.04 sys=0.01, real=0.00 secs] 
2014-07-08T06:26:44.116+0000: 3467.576: [GC [PSYoungGen: 264264K->776K(257728K)] 751024K->487584K(944704K), 0.0047710 secs] [Times: user=0.02 sys=0.00, real=0.00 secs] 
2014-07-08T06:26:45.139+0000: 3468.598: [GC [PSYoungGen: 257672K->946K(251456K)] 744480K->487850K(938432K), 0.0094580 secs] [Times: user=0.06 sys=0.00, real=0.01 secs] 
2014-07-08T06:26:45.992+0000: 3469.451: [GC [PSYoungGen: 251424K->680K(301312K)] 738329K->487996K(988288K), 0.0119560 secs] [Times: user=0.05 sys=0.00, real=0.02 secs] 
2014-07-08T06:26:47.046+0000: 3470.505: [GC [PSYoungGen: 301288K->940K(293504K)] 788604K->488354K(980480K), 0.0087640 secs] [Times: user=0.05 sys=0.00, real=0.01 secs] 
2014-07-08T06:26:48.083+0000: 3471.542: [GC [PSYoungGen: 293482K->946K(285760K)] 780897K->488919K(972736K), 0.0098800 secs] [Times: user=0.06 sys=0.00, real=0.01 secs] 
2014-07-08T06:26:49.059+0000: 3472.518: [GC [PSYoungGen: 285744K->979K(278400K)] 773717K->489000K(965376K), 0.0095540 secs] [Times: user=0.06 sys=0.00, real=0.01 secs] 
2014-07-08T06:26:50.096+0000: 3473.555: [GC [PSYoungGen: 278355K->1000K(333888K)] 766376K->489435K(1020864K), 0.0127470 secs] [Times: user=0.08 sys=0.00, real=0.01 secs] 
2014-07-08T06:26:51.224+0000: 3474.684: [GC [PSYoungGen: 333864K->940K(324480K)] 822299K->489447K(1011456K), 0.0093530 secs] [Times: user=0.05 sys=0.00, real=0.01 secs] 
2014-07-08T06:26:52.394+0000: 3475.853: [GC [PSYoungGen: 324460K->680K(315264K)] 812967K->489351K(1002240K), 0.0081200 secs] [Times: user=0.06 sys=0.00, real=0.01 secs] 
2014-07-08T06:26:53.522+0000: 3476.981: [GC [PSYoungGen: 315240K->844K(306816K)] 803911K->489611K(993792K), 0.0077090 secs] [Times: user=0.05 sys=0.00, real=0.01 secs] 
2014-07-08T06:26:54.598+0000: 3478.058: [GC [PSYoungGen: 306764K->630K(298304K)] 795531K->489501K(985280K), 0.0079880 secs] [Times: user=0.06 sys=0.00, real=0.01 secs] 
2014-07-08T06:26:55.684+0000: 3479.144: [GC [PSYoungGen: 298294K->1011K(290752K)] 787165K->489970K(977728K), 0.0121100 secs] [Times: user=0.09 sys=0.00, real=0.02 secs] 
2014-07-08T06:26:56.736+0000: 3480.195: [GC [PSYoungGen: 290739K->1010K(283136K)] 779698K->490025K(970112K), 0.0143260 secs] [Times: user=0.10 sys=0.00, real=0.01 secs] 
2014-07-08T06:26:57.686+0000: 3481.146: [GC [PSYoungGen: 283122K->926K(275712K)] 772137K->489989K(962688K), 0.0072320 secs] [Times: user=0.04 sys=0.01, real=0.00 secs] 
2014-07-08T06:26:58.673+0000: 3482.132: [GC [PSYoungGen: 275677K->698K(268416K)] 764740K->489825K(955392K), 0.0088520 secs] [Times: user=0.06 sys=0.00, real=0.01 secs] 
2014-07-08T06:26:59.637+0000: 3483.096: [GC [PSYoungGen: 268410K->612K(261568K)] 757537K->489787K(948544K), 0.0090230 secs] [Times: user=0.04 sys=0.00, real=0.01 secs] 
2014-07-08T06:27:00.571+0000: 3484.030: [GC [PSYoungGen: 261540K->776K(255232K)] 750715K->490023K(942208K), 0.0059990 secs] [Times: user=0.04 sys=0.00, real=0.01 secs] 
2014-07-08T06:27:01.558+0000: 3485.018: [GC [PSYoungGen: 255172K->1044K(249216K)] 744419K->490347K(936192K), 0.0040420 secs] [Times: user=0.02 sys=0.00, real=0.00 secs] 
2014-07-08T06:27:02.368+0000: 3485.827: [GC [PSYoungGen: 249172K->800K(242880K)] 738475K->490361K(929856K), 0.0063670 secs] [Times: user=0.04 sys=0.00, real=0.00 secs] 
2014-07-08T06:27:03.243+0000: 3486.703: [GC [PSYoungGen: 242834K->790K(237056K)] 732396K->490489K(924032K), 0.0072360 secs] [Times: user=0.05 sys=0.00, real=0.01 secs] 
2014-07-08T06:27:04.094+0000: 3487.553: [GC [PSYoungGen: 237014K->751K(231360K)] 726713K->490538K(918336K), 0.0048420 secs] [Times: user=0.03 sys=0.00, real=0.01 secs] 
2014-07-08T06:27:04.925+0000: 3488.384: [GC [PSYoungGen: 231342K->1000K(277760K)] 721129K->490843K(964736K), 0.0162450 secs] [Times: user=0.09 sys=0.00, real=0.02 secs] 
2014-07-08T06:27:05.929+0000: 3489.388: [GC [PSYoungGen: 277725K->954K(270592K)] 767568K->490935K(957568K), 0.0057930 secs] [Times: user=0.02 sys=0.00, real=0.00 secs] 
2014-07-08T06:27:06.949+0000: 3490.409: [GC [PSYoungGen: 270586K->1010K(263808K)] 760567K->491071K(950784K), 0.0046600 secs] [Times: user=0.03 sys=0.00, real=0.00 secs] 
2014-07-08T06:27:07.798+0000: 3491.257: [GC [PSYoungGen: 263794K->894K(316288K)] 753855K->491077K(1003264K), 0.0149930 secs] [Times: user=0.10 sys=0.00, real=0.01 secs] 
2014-07-08T06:27:08.933+0000: 3492.393: [GC [PSYoungGen: 316286K->850K(307648K)] 806469K->491113K(994624K), 0.0080910 secs] [Times: user=0.04 sys=0.00, real=0.01 secs] 
2014-07-08T06:27:10.021+0000: 3493.481: [GC [PSYoungGen: 307581K->940K(299392K)] 797844K->491333K(986368K), 0.0041570 secs] [Times: user=0.02 sys=0.00, real=0.00 secs] 
2014-07-08T06:27:11.095+0000: 3494.555: [GC [PSYoungGen: 299371K->1114K(291584K)] 789764K->491571K(978560K), 0.0074300 secs] [Times: user=0.05 sys=0.00, real=0.01 secs] 
2014-07-08T06:27:12.162+0000: 3495.621: [GC [PSYoungGen: 291546K->630K(283392K)] 782003K->491167K(970368K), 0.0060080 secs] [Times: user=0.04 sys=0.00, real=0.01 secs] 
2014-07-08T06:27:13.142+0000: 3496.601: [GC [PSYoungGen: 283382K->722K(276160K)] 773919K->491331K(963136K), 0.0050940 secs] [Times: user=0.02 sys=0.01, real=0.00 secs] 
2014-07-08T06:27:14.098+0000: 3497.557: [GC [PSYoungGen: 276114K->740K(269056K)] 766723K->491445K(956032K), 0.0060630 secs] [Times: user=0.04 sys=0.00, real=0.00 secs] 
2014-07-08T06:27:15.099+0000: 3498.558: [GC [PSYoungGen: 269028K->740K(262272K)] 759733K->491541K(949248K), 0.0084290 secs] [Times: user=0.06 sys=0.00, real=0.00 secs] 
2014-07-08T06:27:16.021+0000: 3499.480: [GC [PSYoungGen: 262244K->968K(256000K)] 753045K->491841K(942976K), 0.0050570 secs] [Times: user=0.02 sys=0.00, real=0.00 secs] 
2014-07-08T06:27:17.102+0000: 3500.562: [GC [PSYoungGen: 255944K->1160K(249856K)] 746817K->492089K(936832K), 0.0058730 secs] [Times: user=0.02 sys=0.00, real=0.01 secs] 
2014-07-08T06:27:17.886+0000: 3501.346: [GC [PSYoungGen: 249776K->374K(242944K)] 740706K->491809K(929920K), 0.0171480 secs] [Times: user=0.12 sys=0.00, real=0.02 secs] 
2014-07-08T06:27:18.678+0000: 3502.137: [GC [PSYoungGen: 242913K->1329K(292416K)] 734348K->492886K(979392K), 0.0118640 secs] [Times: user=0.08 sys=0.00, real=0.02 secs] 
2014-07-08T06:27:19.716+0000: 3503.176: [GC [PSYoungGen: 292389K->975K(336960K)] 783946K->493058K(1023936K), 0.0070330 secs] [Times: user=0.05 sys=0.00, real=0.01 secs] 
2014-07-08T06:27:20.959+0000: 3504.419: [GC [PSYoungGen: 336911K->904K(327424K)] 828994K->493043K(1014400K), 0.0093770 secs] [Times: user=0.06 sys=0.01, real=0.00 secs] 
2014-07-08T06:27:22.218+0000: 3505.678: [GC [PSYoungGen: 327329K->562K(317952K)] 819468K->493462K(1004928K), 0.0080710 secs] [Times: user=0.05 sys=0.00, real=0.01 secs] 
2014-07-08T06:27:23.231+0000: 3506.690: [GC [PSYoungGen: 317938K->1026K(309760K)] 810838K->494056K(996736K), 0.0081930 secs] [Times: user=0.05 sys=0.00, real=0.01 secs] 
2014-07-08T06:27:24.314+0000: 3507.773: [GC [PSYoungGen: 309686K->851K(301184K)] 802716K->494335K(988160K), 0.0081840 secs] [Times: user=0.05 sys=0.00, real=0.01 secs] 
2014-07-08T06:27:25.391+0000: 3508.850: [GC [PSYoungGen: 301139K->1462K(293696K)] 794623K->495034K(980672K), 0.0082880 secs] [Times: user=0.06 sys=0.00, real=0.00 secs] 
2014-07-08T06:27:26.451+0000: 3509.911: [GC [PSYoungGen: 293686K->612K(285120K)] 787258K->494304K(972096K), 0.0114150 secs] [Times: user=0.08 sys=0.00, real=0.01 secs] 
2014-07-08T06:27:27.576+0000: 3511.035: [GC [PSYoungGen: 285092K->986K(278080K)] 778784K->494774K(965056K), 0.0096560 secs] [Times: user=0.06 sys=0.00, real=0.01 secs] 
2014-07-08T06:27:28.446+0000: 3511.905: [GC [PSYoungGen: 278042K->744K(270656K)] 771830K->494604K(957632K), 0.0044800 secs] [Times: user=0.02 sys=0.00, real=0.01 secs] 
2014-07-08T06:27:29.405+0000: 3512.865: [GC [PSYoungGen: 270617K->790K(263872K)] 764477K->494762K(950848K), 0.0079170 secs] [Times: user=0.06 sys=0.00, real=0.01 secs] 
2014-07-08T06:27:30.343+0000: 3513.803: [GC [PSYoungGen: 263830K->744K(316416K)] 757802K->494804K(1003392K), 0.0165060 secs] [Times: user=0.09 sys=0.00, real=0.01 secs] 
2014-07-08T06:27:31.472+0000: 3514.931: [GC [PSYoungGen: 316392K->598K(307648K)] 810452K->494714K(994624K), 0.0097390 secs] [Times: user=0.07 sys=0.00, real=0.01 secs] 
2014-07-08T06:27:32.572+0000: 3516.032: [GC [PSYoungGen: 307594K->648K(299392K)] 801711K->494820K(986368K), 0.0094550 secs] [Times: user=0.07 sys=0.00, real=0.01 secs] 
2014-07-08T06:27:33.635+0000: 3517.094: [GC [PSYoungGen: 299335K->826K(291520K)] 793507K->495062K(978496K), 0.0047240 secs] [Times: user=0.02 sys=0.00, real=0.00 secs] 
2014-07-08T06:27:34.666+0000: 3518.126: [GC [PSYoungGen: 291482K->666K(283712K)] 785718K->494974K(970688K), 0.0044720 secs] [Times: user=0.02 sys=0.00, real=0.00 secs] 
2014-07-08T06:27:35.672+0000: 3519.131: [GC [PSYoungGen: 283674K->768K(276480K)] 777982K->495148K(963456K), 0.0129020 secs] [Times: user=0.08 sys=0.00, real=0.01 secs] 
2014-07-08T06:27:36.656+0000: 3520.115: [GC [PSYoungGen: 276416K->662K(269248K)] 770796K->495114K(956224K), 0.0106330 secs] [Times: user=0.07 sys=0.00, real=0.01 secs] 
2014-07-08T06:27:37.595+0000: 3521.054: [GC [PSYoungGen: 269206K->979K(262720K)] 763658K->495495K(949696K), 0.0050420 secs] [Times: user=0.02 sys=0.00, real=0.00 secs] 
2014-07-08T06:27:38.533+0000: 3521.992: [GC [PSYoungGen: 262675K->908K(256064K)] 757191K->495512K(943040K), 0.0048280 secs] [Times: user=0.03 sys=0.00, real=0.00 secs] 
2014-07-08T06:27:39.432+0000: 3522.891: [GC [PSYoungGen: 256012K->598K(249408K)] 750616K->495266K(936384K), 0.0048520 secs] [Times: user=0.03 sys=0.00, real=0.01 secs] 
2014-07-08T06:27:40.321+0000: 3523.780: [GC [PSYoungGen: 249366K->516K(243264K)] 744034K->495232K(930240K), 0.0089490 secs] [Times: user=0.06 sys=0.00, real=0.01 secs] 
2014-07-08T06:27:41.200+0000: 3524.659: [GC [PSYoungGen: 243204K->612K(237504K)] 737920K->495392K(924480K), 0.0086260 secs] [Times: user=0.05 sys=0.00, real=0.01 secs] 
2014-07-08T06:27:42.164+0000: 3525.623: [GC [PSYoungGen: 237476K->1330K(232576K)] 732256K->496183K(919552K), 0.0089070 secs] [Times: user=0.06 sys=0.00, real=0.01 secs] 
2014-07-08T06:27:42.914+0000: 3526.373: [GC [PSYoungGen: 232562K->1042K(278592K)] 727415K->495950K(965568K), 0.0125870 secs] [Times: user=0.07 sys=0.00, real=0.01 secs] 
2014-07-08T06:27:43.980+0000: 3527.439: [GC [PSYoungGen: 278546K->676K(271040K)] 773454K->495994K(958016K), 0.0062010 secs] [Times: user=0.03 sys=0.00, real=0.01 secs] 
2014-07-08T06:27:44.861+0000: 3528.320: [GC [PSYoungGen: 271012K->1284K(264768K)] 766330K->496658K(951744K), 0.0052840 secs] [Times: user=0.03 sys=0.00, real=0.01 secs] 
2014-07-08T06:27:45.801+0000: 3529.261: [GC [PSYoungGen: 264676K->868K(257664K)] 760050K->496486K(944640K), 0.0107430 secs] [Times: user=0.07 sys=0.00, real=0.01 secs] 
2014-07-08T06:27:46.707+0000: 3530.166: [GC [PSYoungGen: 257596K->890K(251264K)] 753214K->496588K(938240K), 0.0074090 secs] [Times: user=0.05 sys=0.00, real=0.01 secs] 
2014-07-08T06:27:47.584+0000: 3531.044: [GC [PSYoungGen: 251258K->886K(245120K)] 746956K->496672K(932096K), 0.0054600 secs] [Times: user=0.02 sys=0.01, real=0.00 secs] 
2014-07-08T06:27:48.454+0000: 3531.913: [GC [PSYoungGen: 245110K->644K(239040K)] 740896K->496494K(926016K), 0.0051750 secs] [Times: user=0.03 sys=0.00, real=0.00 secs] 
2014-07-08T06:27:49.365+0000: 3532.825: [GC [PSYoungGen: 238977K->1387K(234048K)] 734827K->497294K(921024K), 0.0111940 secs] [Times: user=0.07 sys=0.00, real=0.01 secs] 
2014-07-08T06:27:50.127+0000: 3533.586: [GC [PSYoungGen: 234027K->548K(227712K)] 729934K->496518K(914688K), 0.0053510 secs] [Times: user=0.02 sys=0.01, real=0.00 secs] 
2014-07-08T06:27:50.964+0000: 3534.423: [GC [PSYoungGen: 227684K->1220K(223104K)] 723654K->497262K(910080K), 0.0124310 secs] [Times: user=0.09 sys=0.01, real=0.01 secs] 
2014-07-08T06:27:51.742+0000: 3535.201: [GC [PSYoungGen: 223044K->1010K(217728K)] 719086K->497124K(904704K), 0.0078230 secs] [Times: user=0.04 sys=0.00, real=0.01 secs] 
2014-07-08T06:27:52.510+0000: 3535.970: [GC [PSYoungGen: 217714K->722K(260864K)] 713828K->496916K(947840K), 0.0109150 secs] [Times: user=0.07 sys=0.00, real=0.01 secs] 
2014-07-08T06:27:53.437+0000: 3536.897: [GC [PSYoungGen: 260818K->680K(254272K)] 757012K->496930K(941248K), 0.0057300 secs] [Times: user=0.03 sys=0.01, real=0.00 secs] 
2014-07-08T06:27:54.353+0000: 3537.812: [GC [PSYoungGen: 254198K->762K(248064K)] 750448K->497068K(935040K), 0.0086050 secs] [Times: user=0.05 sys=0.00, real=0.01 secs] 
2014-07-08T06:27:55.215+0000: 3538.674: [GC [PSYoungGen: 248057K->804K(242112K)] 744364K->497158K(929088K), 0.0093650 secs] [Times: user=0.06 sys=0.00, real=0.01 secs] 
2014-07-08T06:27:56.096+0000: 3539.555: [GC [PSYoungGen: 242055K->808K(236288K)] 738409K->497266K(923264K), 0.0066840 secs] [Times: user=0.05 sys=0.00, real=0.00 secs] 
2014-07-08T06:27:56.941+0000: 3540.400: [GC [PSYoungGen: 236264K->1260K(231168K)] 732722K->497822K(918144K), 0.0078690 secs] [Times: user=0.05 sys=0.00, real=0.01 secs] 
2014-07-08T06:27:57.730+0000: 3541.190: [GC [PSYoungGen: 231148K->744K(225280K)] 727710K->497574K(912256K), 0.0079210 secs] [Times: user=0.05 sys=0.00, real=0.01 secs] 
2014-07-08T06:27:58.530+0000: 3541.990: [GC [PSYoungGen: 225256K->868K(220224K)] 722086K->497762K(907200K), 0.0044480 secs] [Times: user=0.02 sys=0.00, real=0.00 secs] 
2014-07-08T06:27:59.313+0000: 3542.772: [GC [PSYoungGen: 220196K->826K(215168K)] 717090K->497826K(902144K), 0.0053020 secs] [Times: user=0.02 sys=0.00, real=0.01 secs] 
2014-07-08T06:28:00.084+0000: 3543.543: [GC [PSYoungGen: 215162K->750K(210240K)] 712162K->497822K(897216K), 0.0080420 secs] [Times: user=0.05 sys=0.00, real=0.01 secs] 
2014-07-08T06:28:00.828+0000: 3544.288: [GC [PSYoungGen: 210222K->872K(205696K)] 707294K->498016K(892672K), 0.0081270 secs] [Times: user=0.05 sys=0.00, real=0.01 secs] 
2014-07-08T06:28:01.531+0000: 3544.991: [GC [PSYoungGen: 205672K->698K(246464K)] 702816K->497914K(933440K), 0.0100580 secs] [Times: user=0.06 sys=0.00, real=0.01 secs] 
2014-07-08T06:28:02.413+0000: 3545.873: [GC [PSYoungGen: 246458K->800K(240640K)] 743674K->498080K(927616K), 0.0069850 secs] [Times: user=0.04 sys=0.00, real=0.01 secs] 
2014-07-08T06:28:03.269+0000: 3546.729: [GC [PSYoungGen: 240608K->726K(234816K)] 737888K->498094K(921792K), 0.0052220 secs] [Times: user=0.03 sys=0.00, real=0.00 secs] 
2014-07-08T06:28:04.104+0000: 3547.564: [GC [PSYoungGen: 234774K->744K(229248K)] 732142K->498168K(916224K), 0.0098260 secs] [Times: user=0.06 sys=0.00, real=0.01 secs] 
2014-07-08T06:28:05.022+0000: 3548.481: [GC [PSYoungGen: 229224K->1188K(224384K)] 726648K->498668K(911360K), 0.0061920 secs] [Times: user=0.03 sys=0.00, real=0.01 secs] 
2014-07-08T06:28:05.711+0000: 3549.171: [GC [PSYoungGen: 224356K->616K(218688K)] 721836K->498452K(905664K), 0.0079510 secs] [Times: user=0.05 sys=0.01, real=0.01 secs] 
2014-07-08T06:28:06.484+0000: 3549.944: [GC [PSYoungGen: 218664K->780K(213888K)] 716500K->498672K(900864K), 0.0039750 secs] [Times: user=0.02 sys=0.00, real=0.01 secs] 
2014-07-08T06:28:07.253+0000: 3550.712: [GC [PSYoungGen: 213811K->708K(209024K)] 711704K->498762K(896000K), 0.0086720 secs] [Times: user=0.06 sys=0.00, real=0.01 secs] 
2014-07-08T06:28:08.008+0000: 3551.467: [GC [PSYoungGen: 208964K->790K(204480K)] 707018K->498908K(891456K), 0.0070770 secs] [Times: user=0.05 sys=0.00, real=0.00 secs] 
2014-07-08T06:28:08.714+0000: 3552.173: [GC [PSYoungGen: 204438K->676K(199872K)] 702556K->498866K(886848K), 0.0043170 secs] [Times: user=0.02 sys=0.00, real=0.01 secs] 
2014-07-08T06:28:09.425+0000: 3552.885: [GC [PSYoungGen: 199844K->790K(195712K)] 698034K->499076K(882688K), 0.0064120 secs] [Times: user=0.04 sys=0.00, real=0.01 secs] 
2014-07-08T06:28:10.193+0000: 3553.653: [GC [PSYoungGen: 195627K->1078K(191808K)] 693914K->499574K(878784K), 0.0036930 secs] [Times: user=0.02 sys=0.00, real=0.01 secs] 
2014-07-08T06:28:10.814+0000: 3554.274: [GC [PSYoungGen: 191798K->908K(187648K)] 690294K->499468K(874624K), 0.0070960 secs] [Times: user=0.04 sys=0.00, real=0.01 secs] 
2014-07-08T06:28:11.473+0000: 3554.932: [GC [PSYoungGen: 187596K->630K(183424K)] 686156K->499262K(870400K), 0.0054400 secs] [Times: user=0.03 sys=0.00, real=0.01 secs] 
2014-07-08T06:28:12.151+0000: 3555.611: [GC [PSYoungGen: 183414K->594K(179648K)] 682046K->499298K(866624K), 0.0067860 secs] [Times: user=0.05 sys=0.00, real=0.01 secs] 
2014-07-08T06:28:12.793+0000: 3556.252: [GC [PSYoungGen: 179602K->786K(176192K)] 678306K->499554K(863168K), 0.0086490 secs] [Times: user=0.05 sys=0.00, real=0.01 secs] 
2014-07-08T06:28:13.407+0000: 3556.866: [GC [PSYoungGen: 176146K->862K(211328K)] 674914K->499710K(898304K), 0.0075460 secs] [Times: user=0.04 sys=0.00, real=0.01 secs] 
2014-07-08T06:28:14.159+0000: 3557.619: [GC [PSYoungGen: 211251K->840K(206656K)] 710099K->499752K(893632K), 0.0049380 secs] [Times: user=0.03 sys=0.00, real=0.00 secs] 
2014-07-08T06:28:14.914+0000: 3558.374: [GC [PSYoungGen: 206600K->918K(247872K)] 705512K->499886K(934848K), 0.0119420 secs] [Times: user=0.07 sys=0.01, real=0.01 secs] 
2014-07-08T06:28:15.766+0000: 3559.225: [GC [PSYoungGen: 247830K->622K(241536K)] 746798K->499736K(928512K), 0.0047300 secs] [Times: user=0.02 sys=0.00, real=0.01 secs] 
2014-07-08T06:28:16.627+0000: 3560.086: [GC [PSYoungGen: 241518K->794K(235968K)] 740632K->499972K(922944K), 0.0055780 secs] [Times: user=0.02 sys=0.00, real=0.01 secs] 
2014-07-08T06:28:17.511+0000: 3560.971: [GC [PSYoungGen: 235898K->999K(230592K)] 735077K->500598K(917568K), 0.0106580 secs] [Times: user=0.06 sys=0.00, real=0.01 secs] 
2014-07-08T06:28:18.274+0000: 3561.733: [GC [PSYoungGen: 230567K->726K(276288K)] 730166K->500412K(963264K), 0.0134060 secs] [Times: user=0.10 sys=0.00, real=0.01 secs] 
2014-07-08T06:28:19.264+0000: 3562.723: [GC [PSYoungGen: 276246K->712K(300352K)] 775932K->500626K(987328K), 0.0074680 secs] [Times: user=0.05 sys=0.00, real=0.01 secs] 
2014-07-08T06:28:20.328+0000: 3563.787: [GC [PSYoungGen: 300104K->890K(292288K)] 800018K->500868K(979264K), 0.0060670 secs] [Times: user=0.02 sys=0.00, real=0.01 secs] 
2014-07-08T06:28:21.375+0000: 3564.835: [GC [PSYoungGen: 292282K->498K(284224K)] 792260K->500574K(971200K), 0.0046110 secs] [Times: user=0.03 sys=0.00, real=0.01 secs] 
2014-07-08T06:28:22.387+0000: 3565.847: [GC [PSYoungGen: 284205K->680K(276992K)] 784282K->500828K(963968K), 0.0080760 secs] [Times: user=0.05 sys=0.01, real=0.01 secs] 
2014-07-08T06:28:23.358+0000: 3566.817: [GC [PSYoungGen: 276968K->626K(269824K)] 777116K->500854K(956800K), 0.0058910 secs] [Times: user=0.03 sys=0.00, real=0.00 secs] 
2014-07-08T06:28:24.325+0000: 3567.785: [GC [PSYoungGen: 269771K->900K(263296K)] 769999K->501216K(950272K), 0.0040930 secs] [Times: user=0.02 sys=0.00, real=0.01 secs] 
2014-07-08T06:28:25.272+0000: 3568.731: [GC [PSYoungGen: 263236K->812K(256576K)] 763552K->501208K(943552K), 0.0074300 secs] [Times: user=0.05 sys=0.00, real=0.01 secs] 
2014-07-08T06:28:26.278+0000: 3569.737: [GC [PSYoungGen: 256513K->958K(250368K)] 756910K->501434K(937344K), 0.0087350 secs] [Times: user=0.05 sys=0.00, real=0.01 secs] 
2014-07-08T06:28:27.090+0000: 3570.550: [GC [PSYoungGen: 250332K->594K(243968K)] 750808K->501158K(930944K), 0.0046800 secs] [Times: user=0.02 sys=0.00, real=0.00 secs] 
2014-07-08T06:28:28.051+0000: 3571.511: [GC [PSYoungGen: 243922K->886K(238336K)] 744486K->501514K(925312K), 0.0154860 secs] [Times: user=0.09 sys=0.00, real=0.01 secs] 
2014-07-08T06:28:28.828+0000: 3572.287: [GC [PSYoungGen: 238326K->726K(285696K)] 738954K->501402K(972672K), 0.0106520 secs] [Times: user=0.07 sys=0.00, real=0.01 secs] 
2014-07-08T06:28:29.853+0000: 3573.313: [GC [PSYoungGen: 285654K->1110K(278656K)] 786330K->501843K(965632K), 0.0048800 secs] [Times: user=0.02 sys=0.00, real=0.00 secs] 
2014-07-08T06:28:30.860+0000: 3574.319: [GC [PSYoungGen: 278614K->572K(270912K)] 779347K->501692K(957888K), 0.0043730 secs] [Times: user=0.02 sys=0.00, real=0.01 secs] 
2014-07-08T06:28:31.843+0000: 3575.302: [GC [PSYoungGen: 270908K->1278K(264704K)] 772028K->502614K(951680K), 0.0108550 secs] [Times: user=0.06 sys=0.00, real=0.01 secs] 
2014-07-08T06:28:32.844+0000: 3576.303: [GC [PSYoungGen: 264702K->762K(257536K)] 766038K->502788K(944512K), 0.0131640 secs] [Times: user=0.09 sys=0.00, real=0.01 secs] 
2014-07-08T06:28:33.661+0000: 3577.121: [GC [PSYoungGen: 257519K->1150K(251520K)] 759546K->503307K(938496K), 0.0073070 secs] [Times: user=0.05 sys=0.01, real=0.00 secs] 
2014-07-08T06:28:34.563+0000: 3578.022: [GC [PSYoungGen: 251518K->680K(244928K)] 753675K->503096K(931904K), 0.0040480 secs] [Times: user=0.03 sys=0.00, real=0.00 secs] 
2014-07-08T06:28:35.431+0000: 3578.890: [GC [PSYoungGen: 244903K->850K(239232K)] 747320K->503331K(926208K), 0.0079020 secs] [Times: user=0.05 sys=0.00, real=0.00 secs] 
2014-07-08T06:28:36.289+0000: 3579.748: [GC [PSYoungGen: 239186K->864K(233536K)] 741667K->503441K(920512K), 0.0090640 secs] [Times: user=0.03 sys=0.00, real=0.01 secs] 
2014-07-08T06:28:37.205+0000: 3580.664: [GC [PSYoungGen: 233474K->1068K(228224K)] 736050K->503740K(915200K), 0.0078070 secs] [Times: user=0.05 sys=0.00, real=0.01 secs] 
2014-07-08T06:28:38.050+0000: 3581.509: [GC [PSYoungGen: 228204K->1064K(222912K)] 730876K->503800K(909888K), 0.0071810 secs] [Times: user=0.05 sys=0.00, real=0.01 secs] 
2014-07-08T06:28:38.725+0000: 3582.184: [GC [PSYoungGen: 222888K->1120K(267392K)] 725624K->503897K(954368K), 0.0152120 secs] [Times: user=0.09 sys=0.00, real=0.01 secs] 
2014-07-08T06:28:39.680+0000: 3583.139: [GC [PSYoungGen: 267353K->876K(289792K)] 770129K->503708K(976768K), 0.0076530 secs] [Times: user=0.06 sys=0.00, real=0.01 secs] 
2014-07-08T06:28:40.701+0000: 3584.161: [GC [PSYoungGen: 289772K->648K(290368K)] 792604K->503512K(977344K), 0.0105410 secs] [Times: user=0.06 sys=0.00, real=0.01 secs] 
2014-07-08T06:28:41.747+0000: 3585.206: [GC [PSYoungGen: 289544K->1060K(348160K)] 792408K->503973K(1035136K), 0.0088250 secs] [Times: user=0.05 sys=0.01, real=0.01 secs] 
2014-07-08T06:28:43.097+0000: 3586.556: [GC [PSYoungGen: 347747K->1426K(338240K)] 850660K->504411K(1025216K), 0.0110780 secs] [Times: user=0.07 sys=0.00, real=0.01 secs] 
2014-07-08T06:28:44.185+0000: 3587.645: [GC [PSYoungGen: 338194K->64K(327296K)] 841179K->503558K(1014272K), 0.0039070 secs] [Times: user=0.02 sys=0.01, real=0.00 secs] 
2014-07-08T06:28:45.343+0000: 3588.803: [GC [PSYoungGen: 327296K->1128K(319680K)] 830790K->504647K(1006656K), 0.0038010 secs] [Times: user=0.03 sys=0.00, real=0.00 secs] 
2014-07-08T06:28:46.482+0000: 3589.942: [GC [PSYoungGen: 319179K->862K(310208K)] 822698K->504725K(997184K), 0.0109800 secs] [Times: user=0.07 sys=0.00, real=0.01 secs] 
2014-07-08T06:28:47.620+0000: 3591.079: [GC [PSYoungGen: 310174K->580K(301568K)] 814037K->504515K(988544K), 0.0081490 secs] [Times: user=0.05 sys=0.00, real=0.01 secs] 
2014-07-08T06:28:48.683+0000: 3592.143: [GC [PSYoungGen: 301508K->648K(293568K)] 805443K->504647K(980544K), 0.0081760 secs] [Times: user=0.05 sys=0.00, real=0.00 secs] 
2014-07-08T06:28:49.740+0000: 3593.199: [GC [PSYoungGen: 293512K->1060K(286208K)] 797511K->505115K(973184K), 0.0080170 secs] [Times: user=0.04 sys=0.00, real=0.01 secs] 
2014-07-08T06:28:50.773+0000: 3594.233: [GC [PSYoungGen: 286180K->904K(278656K)] 790235K->505031K(965632K), 0.0046800 secs] [Times: user=0.02 sys=0.01, real=0.00 secs] 
2014-07-08T06:28:51.749+0000: 3595.208: [GC [PSYoungGen: 278569K->858K(271424K)] 782696K->505025K(958400K), 0.0088900 secs] [Times: user=0.06 sys=0.00, real=0.01 secs] 
2014-07-08T06:28:52.712+0000: 3596.171: [GC [PSYoungGen: 271372K->658K(264320K)] 775539K->504913K(951296K), 0.0041500 secs] [Times: user=0.02 sys=0.00, real=0.01 secs] 
2014-07-08T06:28:53.800+0000: 3597.259: [GC [PSYoungGen: 264274K->996K(257984K)] 768529K->505315K(944960K), 0.0136320 secs] [Times: user=0.08 sys=0.00, real=0.02 secs] 
2014-07-08T06:28:54.576+0000: 3598.035: [GC [PSYoungGen: 257956K->662K(251264K)] 762275K->505037K(938240K), 0.0059600 secs] [Times: user=0.03 sys=0.00, real=0.00 secs] 
2014-07-08T06:28:55.456+0000: 3598.915: [GC [PSYoungGen: 251178K->648K(245120K)] 755553K->505071K(932096K), 0.0049720 secs] [Times: user=0.03 sys=0.00, real=0.00 secs] 
2014-07-08T06:28:56.338+0000: 3599.798: [GC [PSYoungGen: 245064K->680K(239232K)] 749487K->505167K(926208K), 0.0057870 secs] [Times: user=0.04 sys=0.00, real=0.01 secs] 
2014-07-08T06:28:57.206+0000: 3600.665: [GC [PSYoungGen: 239183K->730K(233600K)] 743670K->505273K(920576K), 0.0076050 secs] [Times: user=0.04 sys=0.00, real=0.00 secs] 
2014-07-08T06:28:58.068+0000: 3601.528: [GC [PSYoungGen: 233562K->904K(228288K)] 738105K->505511K(915264K), 0.0099060 secs] [Times: user=0.06 sys=0.00, real=0.01 secs] 
2014-07-08T06:28:58.868+0000: 3602.327: [GC [PSYoungGen: 228232K->1114K(223168K)] 732839K->505777K(910144K), 0.0091670 secs] [Times: user=0.06 sys=0.01, real=0.01 secs] 
2014-07-08T06:28:59.620+0000: 3603.080: [GC [PSYoungGen: 223130K->616K(217536K)] 727793K->505383K(904512K), 0.0043030 secs] [Times: user=0.02 sys=0.00, real=0.01 secs] 
2014-07-08T06:29:00.405+0000: 3603.865: [GC [PSYoungGen: 217488K->922K(212928K)] 722255K->505761K(899904K), 0.0062540 secs] [Times: user=0.03 sys=0.00, real=0.00 secs] 
2014-07-08T06:29:01.189+0000: 3604.649: [GC [PSYoungGen: 212890K->882K(208128K)] 717729K->505801K(895104K), 0.0050460 secs] [Times: user=0.02 sys=0.00, real=0.01 secs] 
2014-07-08T06:29:01.914+0000: 3605.373: [GC [PSYoungGen: 208114K->1224K(249984K)] 713033K->506215K(936960K), 0.0179400 secs] [Times: user=0.12 sys=0.00, real=0.01 secs] 
2014-07-08T06:29:02.793+0000: 3606.252: [GC [PSYoungGen: 249928K->420K(298944K)] 754919K->505907K(985920K), 0.0094320 secs] [Times: user=0.06 sys=0.00, real=0.01 secs] 
2014-07-08T06:29:03.924+0000: 3607.383: [GC [PSYoungGen: 298916K->1319K(291840K)] 804403K->506974K(978816K), 0.0045060 secs] [Times: user=0.02 sys=0.00, real=0.01 secs] 
2014-07-08T06:29:04.915+0000: 3608.374: [GC [PSYoungGen: 291815K->790K(283648K)] 797470K->506616K(970624K), 0.0046220 secs] [Times: user=0.02 sys=0.00, real=0.01 secs] 
2014-07-08T06:29:05.934+0000: 3609.393: [GC [PSYoungGen: 283606K->1064K(276544K)] 789432K->506930K(963520K), 0.0058130 secs] [Times: user=0.02 sys=0.01, real=0.01 secs] 
2014-07-08T06:29:06.895+0000: 3610.354: [GC [PSYoungGen: 276512K->1024K(269440K)] 782378K->506930K(956416K), 0.0055150 secs] [Times: user=0.02 sys=0.00, real=0.00 secs] 
2014-07-08T06:29:07.845+0000: 3611.304: [GC [PSYoungGen: 269376K->1174K(262784K)] 775282K->507152K(949760K), 0.0106620 secs] [Times: user=0.07 sys=0.00, real=0.02 secs] 
2014-07-08T06:29:08.753+0000: 3612.212: [GC [PSYoungGen: 262742K->690K(255744K)] 768720K->507062K(942720K), 0.0061180 secs] [Times: user=0.03 sys=0.00, real=0.01 secs] 
2014-07-08T06:29:09.649+0000: 3613.108: [GC [PSYoungGen: 255727K->1143K(249856K)] 762099K->507595K(936832K), 0.0073390 secs] [Times: user=0.05 sys=0.00, real=0.01 secs] 
2014-07-08T06:29:10.544+0000: 3614.003: [GC [PSYoungGen: 249847K->694K(243328K)] 756299K->507537K(930304K), 0.0113070 secs] [Times: user=0.08 sys=0.00, real=0.01 secs] 
2014-07-08T06:29:11.418+0000: 3614.877: [GC [PSYoungGen: 243318K->800K(237632K)] 750161K->507723K(924608K), 0.0117810 secs] [Times: user=0.08 sys=0.00, real=0.01 secs] 
2014-07-08T06:29:12.243+0000: 3615.702: [GC [PSYoungGen: 237600K->808K(232000K)] 744523K->507787K(918976K), 0.0047300 secs] [Times: user=0.02 sys=0.00, real=0.01 secs] 
2014-07-08T06:29:13.129+0000: 3616.589: [GC [PSYoungGen: 231951K->1170K(226944K)] 738930K->508205K(913920K), 0.0092140 secs] [Times: user=0.06 sys=0.00, real=0.01 secs] 
2014-07-08T06:29:13.890+0000: 3617.349: [GC [PSYoungGen: 226898K->946K(221440K)] 733933K->508225K(908416K), 0.0046530 secs] [Times: user=0.03 sys=0.01, real=0.00 secs] 
2014-07-08T06:29:14.643+0000: 3618.103: [GC [PSYoungGen: 221426K->548K(216000K)] 728705K->507907K(902976K), 0.0069000 secs] [Times: user=0.04 sys=0.01, real=0.01 secs] 
2014-07-08T06:29:15.391+0000: 3618.851: [GC [PSYoungGen: 215971K->894K(211456K)] 723331K->508317K(898432K), 0.0110320 secs] [Times: user=0.07 sys=0.00, real=0.01 secs] 
2014-07-08T06:29:16.150+0000: 3619.610: [GC [PSYoungGen: 211454K->662K(206592K)] 718877K->508141K(893568K), 0.0051820 secs] [Times: user=0.02 sys=0.00, real=0.00 secs] 
2014-07-08T06:29:16.901+0000: 3620.361: [GC [PSYoungGen: 206550K->1102K(248256K)] 714029K->508621K(935232K), 0.0125880 secs] [Times: user=0.08 sys=0.00, real=0.01 secs] 
2014-07-08T06:29:17.768+0000: 3621.228: [GC [PSYoungGen: 248188K->996K(297600K)] 755707K->508571K(984576K), 0.0131130 secs] [Times: user=0.08 sys=0.00, real=0.01 secs] 
2014-07-08T06:29:18.828+0000: 3622.287: [GC [PSYoungGen: 297572K->854K(326208K)] 805147K->508477K(1013184K), 0.0132730 secs] [Times: user=0.07 sys=0.00, real=0.01 secs] 
2014-07-08T06:29:20.013+0000: 3623.472: [GC [PSYoungGen: 326102K->1170K(326720K)] 833725K->508849K(1013696K), 0.0162790 secs] [Times: user=0.09 sys=0.00, real=0.02 secs] 
2014-07-08T06:29:21.268+0000: 3624.727: [GC [PSYoungGen: 326376K->944K(391808K)] 834055K->508695K(1078784K), 0.0065750 secs] [Times: user=0.03 sys=0.00, real=0.00 secs] 
2014-07-08T06:29:23.625+0000: 3627.084: [GC [PSYoungGen: 391252K->716K(379392K)] 899003K->508539K(1066368K), 0.0086730 secs] [Times: user=0.06 sys=0.01, real=0.01 secs] 
2014-07-08T06:29:26.204+0000: 3629.664: [GC [PSYoungGen: 379340K->738K(368192K)] 887163K->509221K(1055168K), 0.0066080 secs] [Times: user=0.04 sys=0.00, real=0.01 secs] 
2014-07-08T06:29:28.899+0000: 3632.359: [GC [PSYoungGen: 368162K->648K(357376K)] 876645K->509171K(1044352K), 0.0051800 secs] [Times: user=0.03 sys=0.00, real=0.00 secs] 
Heap
 PSYoungGen      total 357376K, used 100345K [0x0000000755560000, 0x000000076d360000, 0x0000000800000000)
  eden space 356672K, 27% used [0x0000000755560000,0x000000075b6bc4a0,0x000000076b1b0000)
  from space 704K, 92% used [0x000000076d110000,0x000000076d1b2060,0x000000076d1c0000)
  to   space 1536K, 0% used [0x000000076d1e0000,0x000000076d1e0000,0x000000076d360000)
 ParOldGen       total 686976K, used 508523K [0x0000000600000000, 0x0000000629ee0000, 0x0000000755560000)
  object space 686976K, 74% used [0x0000000600000000,0x000000061f09aef0,0x0000000629ee0000)
 PSPermGen       total 21248K, used 11805K [0x00000005f5a00000, 0x00000005f6ec0000, 0x0000000600000000)
  object space 21248K, 55% used [0x00000005f5a00000,0x00000005f6587770,0x00000005f6ec0000)
