2014-07-16T04:52:49.655+0000: 23.899: [GC [PSYoungGen: 257728K->42859K(300608K)] 257728K->72378K(987584K), 0.0650680 secs] [Times: user=0.16 sys=0.06, real=0.07 secs] 
2014-07-16T04:52:50.395+0000: 24.640: [GC [PSYoungGen: 300587K->42878K(300608K)] 330106K->84426K(987584K), 0.0728190 secs] [Times: user=0.24 sys=0.03, real=0.07 secs] 
2014-07-16T04:52:51.225+0000: 25.469: [GC [PSYoungGen: 300606K->42868K(300608K)] 342154K->85417K(987584K), 0.0547130 secs] [Times: user=0.21 sys=0.00, real=0.05 secs] 
2014-07-16T04:52:52.045+0000: 26.290: [GC [PSYoungGen: 300596K->42853K(558336K)] 343145K->86155K(1245312K), 0.0492860 secs] [Times: user=0.18 sys=0.02, real=0.05 secs] 
2014-07-16T04:52:53.662+0000: 27.906: [GC [PSYoungGen: 558309K->42850K(558336K)] 601611K->86304K(1245312K), 0.0473790 secs] [Times: user=0.15 sys=0.03, real=0.04 secs] 
2014-07-16T04:52:55.308+0000: 29.553: [GC [PSYoungGen: 558306K->43068K(1103296K)] 601760K->86522K(1790272K), 0.0696460 secs] [Times: user=0.25 sys=0.03, real=0.07 secs] 
2014-07-16T04:52:58.582+0000: 32.826: [GC [PSYoungGen: 1073980K->8996K(1105088K)] 1117434K->86739K(1792064K), 0.0661060 secs] [Times: user=0.22 sys=0.03, real=0.06 secs] 
2014-07-16T04:53:01.703+0000: 35.948: [GC [PSYoungGen: 1039908K->7948K(2138816K)] 1117651K->86959K(2825792K), 0.0398810 secs] [Times: user=0.13 sys=0.01, real=0.04 secs] 
2014-07-16T04:53:07.265+0000: 41.510: [GC [PSYoungGen: 2066828K->8429K(2141760K)] 2145839K->87797K(2828736K), 0.0410760 secs] [Times: user=0.11 sys=0.01, real=0.04 secs] 
2014-07-16T04:53:12.014+0000: 46.259: [GC [PSYoungGen: 2067309K->7640K(2711808K)] 2146677K->87546K(3398784K), 0.0260120 secs] [Times: user=0.10 sys=0.00, real=0.02 secs] 
2014-07-16T04:53:17.756+0000: 52.000: [GC [PSYoungGen: 2635480K->7084K(2634944K)] 2715386K->87526K(3321920K), 0.0182940 secs] [Times: user=0.05 sys=0.00, real=0.02 secs] 
2014-07-16T04:53:23.383+0000: 57.628: [GC [PSYoungGen: 2634924K->7076K(2712832K)] 2715366K->87710K(3399808K), 0.0193370 secs] [Times: user=0.06 sys=0.01, real=0.02 secs] 
2014-07-16T04:53:29.021+0000: 63.266: [GC [PSYoungGen: 2636260K->7030K(2636224K)] 2716894K->88056K(3323200K), 0.0388480 secs] [Times: user=0.14 sys=0.00, real=0.04 secs] 
2014-07-16T04:53:34.616+0000: 68.860: [GC [PSYoungGen: 2636214K->7080K(2712896K)] 2717240K->88300K(3399872K), 0.0319100 secs] [Times: user=0.10 sys=0.00, real=0.04 secs] 
2014-07-16T04:53:40.193+0000: 74.437: [GC [PSYoungGen: 2639208K->6806K(2519168K)] 2720428K->88330K(3206144K), 0.0169650 secs] [Times: user=0.05 sys=0.01, real=0.02 secs] 
2014-07-16T04:53:45.511+0000: 79.755: [GC [PSYoungGen: 2519126K->6820K(2405248K)] 2600650K->88520K(3092224K), 0.0225760 secs] [Times: user=0.08 sys=0.01, real=0.02 secs] 
2014-07-16T04:53:50.597+0000: 84.841: [GC [PSYoungGen: 2405220K->6774K(2296960K)] 2486920K->88690K(2983936K), 0.0288550 secs] [Times: user=0.10 sys=0.00, real=0.03 secs] 
2014-07-16T04:53:55.454+0000: 89.698: [GC [PSYoungGen: 2296950K->6966K(2194240K)] 2378866K->89058K(2881216K), 0.0210590 secs] [Times: user=0.05 sys=0.01, real=0.02 secs] 
2014-07-16T04:54:00.130+0000: 94.374: [GC [PSYoungGen: 2194230K->6692K(2096192K)] 2276322K->88936K(2783168K), 0.0203260 secs] [Times: user=0.07 sys=0.00, real=0.02 secs] 
2014-07-16T04:54:04.558+0000: 98.802: [GC [PSYoungGen: 2096164K->6838K(2003328K)] 2178408K->89234K(2690304K), 0.0287580 secs] [Times: user=0.08 sys=0.01, real=0.03 secs] 
2014-07-16T04:54:08.820+0000: 103.064: [GC [PSYoungGen: 2003318K->6660K(1914816K)] 2085714K->89232K(2601792K), 0.0169130 secs] [Times: user=0.05 sys=0.01, real=0.02 secs] 
2014-07-16T04:54:12.891+0000: 107.135: [GC [PSYoungGen: 1914756K->6792K(1830912K)] 1997328K->89476K(2517888K), 0.0212550 secs] [Times: user=0.06 sys=0.01, real=0.03 secs] 
2014-07-16T04:54:16.762+0000: 111.006: [GC [PSYoungGen: 1830856K->6596K(1750848K)] 1913540K->89504K(2437824K), 0.0064980 secs] [Times: user=0.02 sys=0.00, real=0.01 secs] 
2014-07-16T04:54:20.460+0000: 114.705: [GC [PSYoungGen: 1750788K->6756K(1675008K)] 1833696K->89792K(2361984K), 0.0187450 secs] [Times: user=0.05 sys=0.00, real=0.02 secs] 
2014-07-16T04:54:23.986+0000: 118.231: [GC [PSYoungGen: 1674980K->6678K(1602752K)] 1758016K->89858K(2289728K), 0.0339080 secs] [Times: user=0.11 sys=0.01, real=0.03 secs] 
2014-07-16T04:54:27.389+0000: 121.633: [GC [PSYoungGen: 1602710K->6660K(1534080K)] 1685890K->90008K(2221056K), 0.0249020 secs] [Times: user=0.06 sys=0.00, real=0.03 secs] 
2014-07-16T04:54:30.655+0000: 124.899: [GC [PSYoungGen: 1534020K->6646K(1468736K)] 1617368K->90074K(2155712K), 0.0179980 secs] [Times: user=0.06 sys=0.00, real=0.01 secs] 
2014-07-16T04:54:33.786+0000: 128.031: [GC [PSYoungGen: 1468726K->6756K(1406720K)] 1552154K->90368K(2093696K), 0.0190200 secs] [Times: user=0.04 sys=0.00, real=0.02 secs] 
2014-07-16T04:54:36.781+0000: 131.025: [GC [PSYoungGen: 1406692K->6614K(1347520K)] 1490304K->90354K(2034496K), 0.0259580 secs] [Times: user=0.10 sys=0.00, real=0.03 secs] 
2014-07-16T04:54:39.631+0000: 133.876: [GC [PSYoungGen: 1347383K->6988K(1291712K)] 1431122K->90864K(1978688K), 0.0216980 secs] [Times: user=0.07 sys=0.00, real=0.02 secs] 
2014-07-16T04:54:42.378+0000: 136.622: [GC [PSYoungGen: 1291660K->6692K(1237952K)] 1375536K->90640K(1924928K), 0.0252590 secs] [Times: user=0.10 sys=0.00, real=0.02 secs] 
2014-07-16T04:54:45.001+0000: 139.246: [GC [PSYoungGen: 1237924K->6874K(1187264K)] 1321872K->91054K(1874240K), 0.0258400 secs] [Times: user=0.08 sys=0.00, real=0.03 secs] 
2014-07-16T04:54:47.500+0000: 141.744: [GC [PSYoungGen: 1187226K->6778K(1138752K)] 1271406K->91030K(1825728K), 0.0273160 secs] [Times: user=0.09 sys=0.00, real=0.03 secs] 
2014-07-16T04:54:49.926+0000: 144.170: [GC [PSYoungGen: 1138746K->6550K(1092480K)] 1222998K->90874K(1779456K), 0.0165210 secs] [Times: user=0.05 sys=0.00, real=0.02 secs] 
2014-07-16T04:54:52.224+0000: 146.468: [GC [PSYoungGen: 1092438K->6938K(1049024K)] 1176762K->91366K(1736000K), 0.0220500 secs] [Times: user=0.08 sys=0.00, real=0.02 secs] 
2014-07-16T04:54:54.443+0000: 148.687: [GC [PSYoungGen: 1048986K->6710K(1007040K)] 1133414K->91306K(1694016K), 0.0233110 secs] [Times: user=0.06 sys=0.01, real=0.02 secs] 
2014-07-16T04:54:56.577+0000: 150.821: [GC [PSYoungGen: 1007030K->6582K(967168K)] 1091626K->91274K(1654144K), 0.0066510 secs] [Times: user=0.01 sys=0.00, real=0.01 secs] 
2014-07-16T04:54:58.615+0000: 152.860: [GC [PSYoungGen: 967158K->6660K(929472K)] 1051850K->91480K(1616448K), 0.0407020 secs] [Times: user=0.13 sys=0.00, real=0.04 secs] 
2014-07-16T04:55:00.593+0000: 154.838: [GC [PSYoungGen: 929412K->6596K(893376K)] 1014232K->91488K(1580352K), 0.0223460 secs] [Times: user=0.07 sys=0.00, real=0.02 secs] 
2014-07-16T04:55:02.490+0000: 156.734: [GC [PSYoungGen: 893316K->6820K(1115264K)] 978208K->91904K(1802240K), 0.0354710 secs] [Times: user=0.12 sys=0.01, real=0.03 secs] 
2014-07-16T04:55:04.860+0000: 159.104: [GC [PSYoungGen: 1115236K->6984K(1070528K)] 1200320K->92172K(1757504K), 0.0097990 secs] [Times: user=0.03 sys=0.01, real=0.01 secs] 
2014-07-16T04:55:07.219+0000: 161.463: [GC [PSYoungGen: 1070472K->6628K(1027392K)] 1155660K->91968K(1714368K), 0.0197200 secs] [Times: user=0.06 sys=0.00, real=0.02 secs] 
2014-07-16T04:55:09.384+0000: 163.628: [GC [PSYoungGen: 1027364K->6500K(986560K)] 1112704K->91936K(1673536K), 0.0153960 secs] [Times: user=0.05 sys=0.01, real=0.01 secs] 
2014-07-16T04:55:11.507+0000: 165.752: [GC [PSYoungGen: 986501K->7116K(948416K)] 1071937K->92632K(1635392K), 0.0157980 secs] [Times: user=0.03 sys=0.01, real=0.02 secs] 
2014-07-16T04:55:13.515+0000: 167.759: [GC [PSYoungGen: 948364K->6692K(911040K)] 1033880K->92392K(1598016K), 0.0131300 secs] [Times: user=0.04 sys=0.00, real=0.01 secs] 
2014-07-16T04:55:15.453+0000: 169.698: [GC [PSYoungGen: 911012K->6756K(875968K)] 996712K->92536K(1562944K), 0.0231670 secs] [Times: user=0.06 sys=0.00, real=0.02 secs] 
2014-07-16T04:55:17.353+0000: 171.597: [GC [PSYoungGen: 875940K->6632K(842368K)] 961720K->92500K(1529344K), 0.0061600 secs] [Times: user=0.02 sys=0.00, real=0.00 secs] 
2014-07-16T04:55:19.157+0000: 173.401: [GC [PSYoungGen: 842344K->6714K(810496K)] 928212K->92678K(1497472K), 0.0110200 secs] [Times: user=0.04 sys=0.00, real=0.01 secs] 
2014-07-16T04:55:20.938+0000: 175.182: [GC [PSYoungGen: 810490K->6874K(780288K)] 896454K->92902K(1467264K), 0.0253010 secs] [Times: user=0.09 sys=0.00, real=0.03 secs] 
2014-07-16T04:55:22.548+0000: 176.792: [GC [PSYoungGen: 780250K->6582K(750976K)] 866278K->92794K(1437952K), 0.0208620 secs] [Times: user=0.07 sys=0.00, real=0.02 secs] 
2014-07-16T04:55:24.130+0000: 178.374: [GC [PSYoungGen: 750966K->6596K(723456K)] 837178K->92936K(1410432K), 0.0141350 secs] [Times: user=0.05 sys=0.00, real=0.02 secs] 
2014-07-16T04:55:25.653+0000: 179.897: [GC [PSYoungGen: 723396K->6550K(873920K)] 809736K->92962K(1560896K), 0.0308570 secs] [Times: user=0.10 sys=0.00, real=0.04 secs] 
2014-07-16T04:55:27.515+0000: 181.760: [GC [PSYoungGen: 873878K->6692K(1056192K)] 960290K->93176K(1743168K), 0.0162380 secs] [Times: user=0.06 sys=0.00, real=0.01 secs] 
2014-07-16T04:55:29.756+0000: 184.000: [GC [PSYoungGen: 1056164K->6692K(1276608K)] 1142648K->93280K(1963584K), 0.0176920 secs] [Times: user=0.06 sys=0.00, real=0.01 secs] 
2014-07-16T04:55:32.468+0000: 186.712: [GC [PSYoungGen: 1276580K->6728K(1223936K)] 1363168K->93396K(1910912K), 0.0071260 secs] [Times: user=0.02 sys=0.00, real=0.01 secs] 
2014-07-16T04:55:35.067+0000: 189.312: [GC [PSYoungGen: 1223880K->6756K(1173760K)] 1310548K->93624K(1860736K), 0.0131150 secs] [Times: user=0.04 sys=0.00, real=0.01 secs] 
2014-07-16T04:55:37.550+0000: 191.794: [GC [PSYoungGen: 1173732K->6724K(1126016K)] 1260600K->93672K(1812992K), 0.0209620 secs] [Times: user=0.07 sys=0.01, real=0.02 secs] 
2014-07-16T04:55:39.934+0000: 194.179: [GC [PSYoungGen: 1125956K->6724K(1080576K)] 1212904K->93784K(1767552K), 0.0288560 secs] [Times: user=0.10 sys=0.00, real=0.03 secs] 
2014-07-16T04:55:42.223+0000: 196.468: [GC [PSYoungGen: 1080516K->7098K(1037632K)] 1167576K->94246K(1724608K), 0.0169130 secs] [Times: user=0.05 sys=0.00, real=0.02 secs] 
2014-07-16T04:55:44.425+0000: 198.669: [GC [PSYoungGen: 1037626K->5604K(994944K)] 1124774K->93856K(1681920K), 0.0164660 secs] [Times: user=0.06 sys=0.00, real=0.02 secs] 
2014-07-16T04:55:46.540+0000: 200.784: [GC [PSYoungGen: 994916K->6678K(956800K)] 1083168K->95018K(1643776K), 0.0053680 secs] [Times: user=0.02 sys=0.01, real=0.00 secs] 
2014-07-16T04:55:48.548+0000: 202.792: [GC [PSYoungGen: 956758K->6390K(919168K)] 1045098K->95074K(1606144K), 0.0214390 secs] [Times: user=0.07 sys=0.00, real=0.02 secs] 
2014-07-16T04:55:50.502+0000: 204.747: [GC [PSYoungGen: 919158K->6468K(883712K)] 1007842K->95208K(1570688K), 0.0271930 secs] [Times: user=0.10 sys=0.00, real=0.03 secs] 
2014-07-16T04:55:52.375+0000: 206.619: [GC [PSYoungGen: 883652K->4900K(848256K)] 972392K->95638K(1535232K), 0.0141600 secs] [Times: user=0.05 sys=0.00, real=0.02 secs] 
2014-07-16T04:55:54.186+0000: 208.430: [GC [PSYoungGen: 848228K->6500K(1018560K)] 938966K->97342K(1705536K), 0.0823220 secs] [Times: user=0.30 sys=0.00, real=0.09 secs] 
2014-07-16T04:55:56.400+0000: 210.644: [GC [PSYoungGen: 1018532K->5868K(1220352K)] 1109374K->97750K(1907328K), 0.0111390 secs] [Times: user=0.04 sys=0.00, real=0.01 secs] 
2014-07-16T04:55:58.942+0000: 213.187: [GC [PSYoungGen: 1220332K->6806K(1464256K)] 1312214K->98792K(2151232K), 0.0141030 secs] [Times: user=0.05 sys=0.00, real=0.01 secs] 
2014-07-16T04:56:02.036+0000: 216.281: [GC [PSYoungGen: 1464148K->4080K(1753024K)] 1556134K->99024K(2440000K), 0.0235440 secs] [Times: user=0.09 sys=0.00, real=0.03 secs] 
2014-07-16T04:56:05.747+0000: 219.992: [GC [PSYoungGen: 1753008K->6746K(1679552K)] 1847952K->101874K(2366528K), 0.0146220 secs] [Times: user=0.05 sys=0.00, real=0.02 secs] 
2014-07-16T04:56:09.318+0000: 223.562: [GC [PSYoungGen: 1679484K->5558K(1605888K)] 1774612K->102012K(2292864K), 0.0299940 secs] [Times: user=0.11 sys=0.00, real=0.03 secs] 
2014-07-16T04:56:12.792+0000: 227.036: [GC [PSYoungGen: 1605878K->6628K(1538112K)] 1702332K->103154K(2225088K), 0.0066660 secs] [Times: user=0.01 sys=0.00, real=0.00 secs] 
2014-07-16T04:56:16.055+0000: 230.300: [GC [PSYoungGen: 1538084K->3688K(1469632K)] 1634610K->103485K(2156608K), 0.0327120 secs] [Times: user=0.13 sys=0.00, real=0.03 secs] 
2014-07-16T04:56:19.246+0000: 233.491: [GC [PSYoungGen: 1469608K->6888K(1410496K)] 1569405K->106805K(2097472K), 0.0122020 secs] [Times: user=0.04 sys=0.01, real=0.01 secs] 
2014-07-16T04:56:22.236+0000: 236.480: [GC [PSYoungGen: 1410472K->5028K(1349376K)] 1510389K->106853K(2036352K), 0.0167940 secs] [Times: user=0.06 sys=0.01, real=0.02 secs] 
2014-07-16T04:56:25.093+0000: 239.338: [GC [PSYoungGen: 1349303K->6906K(1294848K)] 1451128K->108923K(1981824K), 0.0136020 secs] [Times: user=0.04 sys=0.00, real=0.01 secs] 
2014-07-16T04:56:27.872+0000: 242.116: [GC [PSYoungGen: 1294808K->3428K(1237760K)] 1396826K->109006K(1924736K), 0.0257720 secs] [Times: user=0.08 sys=0.00, real=0.03 secs] 
2014-07-16T04:56:30.500+0000: 244.744: [GC [PSYoungGen: 1237732K->6992K(1190336K)] 1343310K->112658K(1877312K), 0.0067710 secs] [Times: user=0.02 sys=0.00, real=0.01 secs] 
2014-07-16T04:56:33.057+0000: 247.301: [GC [PSYoungGen: 1190288K->4768K(1139520K)] 1295954K->112860K(1826496K), 0.0094560 secs] [Times: user=0.03 sys=0.00, real=0.01 secs] 
2014-07-16T04:56:35.461+0000: 249.706: [GC [PSYoungGen: 1139488K->6692K(1095232K)] 1247580K->114904K(1782208K), 0.0299010 secs] [Times: user=0.11 sys=0.00, real=0.03 secs] 
2014-07-16T04:56:37.772+0000: 252.016: [GC [PSYoungGen: 1095204K->3884K(1048448K)] 1203416K->114956K(1735424K), 0.0098860 secs] [Times: user=0.02 sys=0.00, real=0.01 secs] 
2014-07-16T04:56:39.998+0000: 254.243: [GC [PSYoungGen: 1048428K->6778K(1009472K)] 1159500K->117930K(1696448K), 0.0298290 secs] [Times: user=0.11 sys=0.01, real=0.03 secs] 
2014-07-16T04:56:42.171+0000: 256.415: [GC [PSYoungGen: 1009466K->4476K(967296K)] 1120618K->118298K(1654272K), 0.0249920 secs] [Times: user=0.09 sys=0.00, real=0.03 secs] 
2014-07-16T04:56:44.197+0000: 258.442: [GC [PSYoungGen: 967292K->6742K(931648K)] 1081114K->120741K(1618624K), 0.0206540 secs] [Times: user=0.06 sys=0.01, real=0.02 secs] 
2014-07-16T04:56:46.173+0000: 260.418: [GC [PSYoungGen: 931606K->3884K(892608K)] 1045605K->120825K(1579584K), 0.0187370 secs] [Times: user=0.07 sys=0.00, real=0.02 secs] 
2014-07-16T04:56:48.063+0000: 262.307: [GC [PSYoungGen: 892588K->7152K(1073664K)] 1009529K->124165K(1760640K), 0.0272560 secs] [Times: user=0.10 sys=0.00, real=0.03 secs] 
2014-07-16T04:56:50.340+0000: 264.584: [GC [PSYoungGen: 1073648K->3960K(1027520K)] 1190661K->124097K(1714496K), 0.0163020 secs] [Times: user=0.04 sys=0.01, real=0.02 secs] 
2014-07-16T04:56:52.521+0000: 266.765: [GC [PSYoungGen: 1027512K->6896K(1235200K)] 1147649K->127153K(1922176K), 0.0270640 secs] [Times: user=0.10 sys=0.01, real=0.03 secs] 
2014-07-16T04:56:55.129+0000: 269.374: [GC [PSYoungGen: 1235184K->4284K(1181824K)] 1355441K->127541K(1868800K), 0.0242460 secs] [Times: user=0.09 sys=0.00, real=0.02 secs] 
2014-07-16T04:56:57.668+0000: 271.912: [GC [PSYoungGen: 1181763K->7110K(1136448K)] 1305020K->130472K(1823424K), 0.0196910 secs] [Times: user=0.06 sys=0.01, real=0.02 secs] 
2014-07-16T04:57:00.079+0000: 274.323: [GC [PSYoungGen: 1136390K->3684K(1087040K)] 1259752K->130492K(1774016K), 0.0202560 secs] [Times: user=0.08 sys=0.00, real=0.02 secs] 
2014-07-16T04:57:02.415+0000: 276.659: [GC [PSYoungGen: 1087009K->7074K(1046720K)] 1213817K->133970K(1733696K), 0.0223250 secs] [Times: user=0.07 sys=0.00, real=0.02 secs] 
2014-07-16T04:57:04.628+0000: 278.872: [GC [PSYoungGen: 1046690K->4334K(1002368K)] 1173586K->133957K(1689344K), 0.0184340 secs] [Times: user=0.06 sys=0.00, real=0.01 secs] 
2014-07-16T04:57:06.769+0000: 281.013: [GC [PSYoungGen: 1002350K->6924K(965376K)] 1131973K->136635K(1652352K), 0.0195010 secs] [Times: user=0.07 sys=0.00, real=0.02 secs] 
2014-07-16T04:57:08.811+0000: 283.055: [GC [PSYoungGen: 965324K->3696K(924352K)] 1095035K->136723K(1611328K), 0.0118760 secs] [Times: user=0.04 sys=0.00, real=0.01 secs] 
2014-07-16T04:57:10.776+0000: 285.020: [GC [PSYoungGen: 924336K->7152K(891904K)] 1057363K->140235K(1578880K), 0.0206650 secs] [Times: user=0.07 sys=0.01, real=0.02 secs] 
2014-07-16T04:57:12.682+0000: 286.927: [GC [PSYoungGen: 891888K->4020K(854528K)] 1024971K->140340K(1541504K), 0.0216290 secs] [Times: user=0.06 sys=0.00, real=0.02 secs] 
2014-07-16T04:57:14.507+0000: 288.751: [GC [PSYoungGen: 854516K->6764K(1027392K)] 990836K->143188K(1714368K), 0.0261890 secs] [Times: user=0.09 sys=0.01, real=0.03 secs] 
2014-07-16T04:57:16.689+0000: 290.933: [GC [PSYoungGen: 1027372K->4216K(984128K)] 1163796K->143391K(1671104K), 0.0073960 secs] [Times: user=0.02 sys=0.01, real=0.01 secs] 
2014-07-16T04:57:18.795+0000: 293.039: [GC [PSYoungGen: 984120K->6696K(947840K)] 1123295K->145951K(1634816K), 0.0134900 secs] [Times: user=0.04 sys=0.01, real=0.01 secs] 
2014-07-16T04:57:20.802+0000: 295.046: [GC [PSYoungGen: 947816K->4076K(908288K)] 1087071K->146249K(1595264K), 0.0121240 secs] [Times: user=0.04 sys=0.00, real=0.01 secs] 
2014-07-16T04:57:22.730+0000: 296.974: [GC [PSYoungGen: 908268K->6760K(875840K)] 1050441K->149077K(1562816K), 0.0189240 secs] [Times: user=0.07 sys=0.01, real=0.02 secs] 
2014-07-16T04:57:24.580+0000: 298.824: [GC [PSYoungGen: 875816K->4016K(839616K)] 1018133K->149265K(1526592K), 0.0220450 secs] [Times: user=0.08 sys=0.00, real=0.03 secs] 
2014-07-16T04:57:26.388+0000: 300.632: [GC [PSYoungGen: 839589K->6860K(810624K)] 984838K->152189K(1497600K), 0.0061720 secs] [Times: user=0.02 sys=0.00, real=0.01 secs] 
2014-07-16T04:57:28.113+0000: 302.357: [GC [PSYoungGen: 810572K->3820K(777152K)] 955901K->152315K(1464128K), 0.0200840 secs] [Times: user=0.06 sys=0.00, real=0.02 secs] 
2014-07-16T04:57:29.741+0000: 303.986: [GC [PSYoungGen: 777132K->6732K(934784K)] 925627K->155292K(1621760K), 0.0289470 secs] [Times: user=0.10 sys=0.00, real=0.03 secs] 
2014-07-16T04:57:31.732+0000: 305.976: [GC [PSYoungGen: 934732K->4148K(1117760K)] 1083292K->155724K(1804736K), 0.0170030 secs] [Times: user=0.06 sys=0.00, real=0.01 secs] 
2014-07-16T04:57:34.115+0000: 308.359: [GC [PSYoungGen: 1117748K->6864K(1075328K)] 1269324K->158569K(1762304K), 0.0158720 secs] [Times: user=0.05 sys=0.00, real=0.01 secs] 
2014-07-16T04:57:36.392+0000: 310.636: [GC [PSYoungGen: 1075280K->3824K(1029248K)] 1226985K->158660K(1716224K), 0.0144330 secs] [Times: user=0.05 sys=0.00, real=0.02 secs] 
2014-07-16T04:57:38.596+0000: 312.840: [GC [PSYoungGen: 1029232K->6778K(991232K)] 1184068K->161695K(1678208K), 0.0089130 secs] [Times: user=0.01 sys=0.00, real=0.01 secs] 
2014-07-16T04:57:40.686+0000: 314.931: [GC [PSYoungGen: 991226K->4152K(949632K)] 1146143K->162006K(1636608K), 0.0099710 secs] [Times: user=0.02 sys=0.01, real=0.01 secs] 
2014-07-16T04:57:42.716+0000: 316.961: [GC [PSYoungGen: 949624K->6892K(915264K)] 1107478K->164890K(1602240K), 0.0248400 secs] [Times: user=0.09 sys=0.00, real=0.02 secs] 
2014-07-16T04:57:44.698+0000: 318.942: [GC [PSYoungGen: 915244K->3692K(1093760K)] 1073242K->165044K(1780736K), 0.0381510 secs] [Times: user=0.13 sys=0.01, real=0.04 secs] 
2014-07-16T04:57:47.033+0000: 321.278: [GC [PSYoungGen: 1093740K->6906K(1315008K)] 1255092K->168346K(2001984K), 0.0281150 secs] [Times: user=0.10 sys=0.00, real=0.03 secs] 
2014-07-16T04:57:49.836+0000: 324.081: [GC [PSYoungGen: 1315002K->4016K(1573760K)] 1476442K->168421K(2260736K), 0.0242630 secs] [Times: user=0.09 sys=0.00, real=0.02 secs] 
2014-07-16T04:57:53.207+0000: 327.451: [GC [PSYoungGen: 1573744K->7220K(1884864K)] 1738149K->171772K(2571840K), 0.0470050 secs] [Times: user=0.15 sys=0.00, real=0.04 secs] 
2014-07-16T04:57:57.195+0000: 331.439: [GC [PSYoungGen: 1884788K->6742K(1801856K)] 2049340K->171766K(2488832K), 0.0248000 secs] [Times: user=0.09 sys=0.00, real=0.03 secs] 
2014-07-16T04:58:01.034+0000: 335.279: [GC [PSYoungGen: 1801814K->6924K(1723584K)] 1966837K->172060K(2410560K), 0.0205760 secs] [Times: user=0.08 sys=0.00, real=0.02 secs] 
2014-07-16T04:58:04.663+0000: 338.907: [GC [PSYoungGen: 1723532K->994K(1643008K)] 1888668K->172244K(2329984K), 0.0428820 secs] [Times: user=0.16 sys=0.00, real=0.04 secs] 
2014-07-16T04:58:08.192+0000: 342.436: [GC [PSYoungGen: 1642978K->7320K(1578432K)] 1814228K->178618K(2265408K), 0.0145070 secs] [Times: user=0.05 sys=0.00, real=0.01 secs] 
2014-07-16T04:58:11.514+0000: 345.758: [GC [PSYoungGen: 1578392K->6372K(1510016K)] 1749690K->178672K(2196992K), 0.0134340 secs] [Times: user=0.04 sys=0.00, real=0.01 secs] 
2014-07-16T04:58:14.719+0000: 348.963: [GC [PSYoungGen: 1509988K->6774K(1446272K)] 1682288K->179322K(2133248K), 0.0088670 secs] [Times: user=0.03 sys=0.00, real=0.01 secs] 
2014-07-16T04:58:17.764+0000: 352.008: [GC [PSYoungGen: 1446251K->1974K(1380480K)] 1618799K->179696K(2067456K), 0.0164620 secs] [Times: user=0.06 sys=0.00, real=0.02 secs] 
2014-07-16T04:58:20.752+0000: 354.996: [GC [PSYoungGen: 1380470K->7262K(1327744K)] 1558192K->185048K(2014720K), 0.0232660 secs] [Times: user=0.08 sys=0.00, real=0.02 secs] 
2014-07-16T04:58:23.608+0000: 357.853: [GC [PSYoungGen: 1327710K->5860K(1271104K)] 1505496K->184926K(1958080K), 0.0068870 secs] [Times: user=0.02 sys=0.00, real=0.01 secs] 
2014-07-16T04:58:26.292+0000: 360.537: [GC [PSYoungGen: 1271076K->6724K(1219456K)] 1450142K->185998K(1906432K), 0.0269820 secs] [Times: user=0.09 sys=0.00, real=0.02 secs] 
2014-07-16T04:58:28.882+0000: 363.126: [GC [PSYoungGen: 1219396K->2484K(1165184K)] 1398670K->186100K(1852160K), 0.0130050 secs] [Times: user=0.05 sys=0.00, real=0.01 secs] 
2014-07-16T04:58:31.351+0000: 365.596: [GC [PSYoungGen: 1165172K->7180K(1122368K)] 1348788K->190837K(1809344K), 0.0086860 secs] [Times: user=0.02 sys=0.00, real=0.00 secs] 
2014-07-16T04:58:33.741+0000: 367.986: [GC [PSYoungGen: 1122316K->5412K(1075328K)] 1305973K->190917K(1762304K), 0.0182820 secs] [Times: user=0.05 sys=0.00, real=0.02 secs] 
2014-07-16T04:58:36.018+0000: 370.263: [GC [PSYoungGen: 1075300K->6750K(1033600K)] 1260805K->192383K(1720576K), 0.0348250 secs] [Times: user=0.12 sys=0.00, real=0.04 secs] 
2014-07-16T04:58:38.222+0000: 372.467: [GC [PSYoungGen: 1033566K->3068K(988864K)] 1219199K->192332K(1675840K), 0.0212700 secs] [Times: user=0.08 sys=0.00, real=0.02 secs] 
2014-07-16T04:58:40.335+0000: 374.579: [GC [PSYoungGen: 988860K->6924K(953728K)] 1178124K->196229K(1640704K), 0.0227780 secs] [Times: user=0.08 sys=0.00, real=0.02 secs] 
2014-07-16T04:58:42.354+0000: 376.598: [GC [PSYoungGen: 953676K->5220K(914816K)] 1142981K->196571K(1601792K), 0.0129690 secs] [Times: user=0.04 sys=0.01, real=0.01 secs] 
2014-07-16T04:58:44.343+0000: 378.587: [GC [PSYoungGen: 914788K->6532K(880768K)] 1106139K->198063K(1567744K), 0.0106960 secs] [Times: user=0.02 sys=0.00, real=0.01 secs] 
2014-07-16T04:58:46.241+0000: 380.486: [GC [PSYoungGen: 880708K->3432K(843904K)] 1072239K->198362K(1530880K), 0.0259410 secs] [Times: user=0.08 sys=0.01, real=0.03 secs] 
2014-07-16T04:58:48.032+0000: 382.276: [GC [PSYoungGen: 843880K->6956K(815296K)] 1038810K->201967K(1502272K), 0.0170640 secs] [Times: user=0.06 sys=0.00, real=0.02 secs] 
2014-07-16T04:58:49.779+0000: 384.024: [GC [PSYoungGen: 815214K->4836K(782592K)] 1010225K->202339K(1469568K), 0.0175920 secs] [Times: user=0.06 sys=0.00, real=0.02 secs] 
2014-07-16T04:58:51.451+0000: 385.695: [GC [PSYoungGen: 782564K->6838K(940160K)] 980067K->204437K(1627136K), 0.0234750 secs] [Times: user=0.09 sys=0.01, real=0.03 secs] 
2014-07-16T04:58:53.451+0000: 387.696: [GC [PSYoungGen: 940150K->3570K(900352K)] 1137749K->204664K(1587328K), 0.0151620 secs] [Times: user=0.05 sys=0.00, real=0.02 secs] 
2014-07-16T04:58:55.383+0000: 389.627: [GC [PSYoungGen: 900338K->7252K(869248K)] 1101432K->208442K(1556224K), 0.0159440 secs] [Times: user=0.05 sys=0.00, real=0.02 secs] 
2014-07-16T04:58:57.213+0000: 391.458: [GC [PSYoungGen: 869204K->4270K(833088K)] 1070394K->208146K(1520064K), 0.0224420 secs] [Times: user=0.07 sys=0.00, real=0.03 secs] 
2014-07-16T04:58:59.040+0000: 393.285: [GC [PSYoungGen: 833061K->6978K(1001600K)] 1036937K->210959K(1688576K), 0.0609020 secs] [Times: user=0.21 sys=0.00, real=0.06 secs] 
2014-07-16T04:59:01.124+0000: 395.368: [GC [PSYoungGen: 1001538K->3812K(1197312K)] 1205519K->211136K(1884288K), 0.0319890 secs] [Times: user=0.11 sys=0.01, real=0.03 secs] 
2014-07-16T04:59:03.641+0000: 397.885: [GC [PSYoungGen: 1197284K->7084K(1439296K)] 1404608K->214553K(2126272K), 0.0229280 secs] [Times: user=0.08 sys=0.00, real=0.02 secs] 
2014-07-16T04:59:06.693+0000: 400.937: [GC [PSYoungGen: 1439276K->4080K(1722752K)] 1646745K->214661K(2409728K), 0.0155910 secs] [Times: user=0.05 sys=0.00, real=0.02 secs] 
2014-07-16T04:59:10.345+0000: 404.589: [GC [PSYoungGen: 1722736K->7002K(1651008K)] 1933317K->217655K(2337984K), 0.0087770 secs] [Times: user=0.02 sys=0.00, real=0.01 secs] 
2014-07-16T04:59:13.833+0000: 408.077: [GC [PSYoungGen: 1650970K->3884K(1576832K)] 1861623K->218012K(2263808K), 0.0230060 secs] [Times: user=0.07 sys=0.01, real=0.02 secs] 
2014-07-16T04:59:17.178+0000: 411.422: [GC [PSYoungGen: 1576812K->6760K(1512192K)] 1790940K->221040K(2199168K), 0.0180410 secs] [Times: user=0.07 sys=0.00, real=0.02 secs] 
2014-07-16T04:59:20.439+0000: 414.683: [GC [PSYoungGen: 1512168K->4458K(1445632K)] 1726448K->221203K(2132608K), 0.0122170 secs] [Times: user=0.04 sys=0.00, real=0.01 secs] 
2014-07-16T04:59:23.525+0000: 417.769: [GC [PSYoungGen: 1445610K->6852K(1386944K)] 1662355K->223765K(2073920K), 0.0268150 secs] [Times: user=0.09 sys=0.00, real=0.03 secs] 
2014-07-16T04:59:26.463+0000: 420.707: [GC [PSYoungGen: 1386884K->3756K(1325696K)] 1603797K->223860K(2012672K), 0.0144060 secs] [Times: user=0.05 sys=0.00, real=0.01 secs] 
2014-07-16T04:59:29.287+0000: 423.532: [GC [PSYoungGen: 1325676K->6796K(1273472K)] 1545780K->226988K(1960448K), 0.0179930 secs] [Times: user=0.06 sys=0.00, real=0.02 secs] 
2014-07-16T04:59:31.984+0000: 426.228: [GC [PSYoungGen: 1273420K->4408K(1218432K)] 1493612K->227296K(1905408K), 0.0257420 secs] [Times: user=0.09 sys=0.01, real=0.02 secs] 
2014-07-16T04:59:34.604+0000: 428.849: [GC [PSYoungGen: 1218424K->6956K(1170944K)] 1441312K->230020K(1857920K), 0.0132960 secs] [Times: user=0.04 sys=0.00, real=0.01 secs] 
2014-07-16T04:59:37.060+0000: 431.305: [GC [PSYoungGen: 1170924K->3624K(1120000K)] 1393988K->230300K(1806976K), 0.0126410 secs] [Times: user=0.05 sys=0.00, real=0.02 secs] 
2014-07-16T04:59:39.434+0000: 433.678: [GC [PSYoungGen: 1119976K->6970K(1078016K)] 1346652K->233766K(1764992K), 0.0219050 secs] [Times: user=0.08 sys=0.01, real=0.02 secs] 
2014-07-16T04:59:41.739+0000: 435.984: [GC [PSYoungGen: 1078010K->4398K(1032320K)] 1304806K->233806K(1719296K), 0.0260140 secs] [Times: user=0.09 sys=0.00, real=0.03 secs] 
2014-07-16T04:59:43.945+0000: 438.189: [GC [PSYoungGen: 1032302K->7010K(993856K)] 1261710K->236603K(1680832K), 0.0289160 secs] [Times: user=0.10 sys=0.00, real=0.03 secs] 
2014-07-16T04:59:46.056+0000: 440.300: [GC [PSYoungGen: 993826K->3428K(951168K)] 1223419K->236574K(1638144K), 0.0186360 secs] [Times: user=0.07 sys=0.00, real=0.02 secs] 
2014-07-16T04:59:48.070+0000: 442.314: [GC [PSYoungGen: 951140K->6796K(917312K)] 1184286K->240022K(1604288K), 0.0228820 secs] [Times: user=0.08 sys=0.00, real=0.02 secs] 
2014-07-16T04:59:50.026+0000: 444.271: [GC [PSYoungGen: 917260K->4462K(1097088K)] 1150486K->240248K(1784064K), 0.0235310 secs] [Times: user=0.08 sys=0.00, real=0.02 secs] 
2014-07-16T04:59:52.346+0000: 446.590: [GC [PSYoungGen: 1097070K->6952K(1055424K)] 1332856K->242858K(1742400K), 0.0060170 secs] [Times: user=0.02 sys=0.00, real=0.00 secs] 
2014-07-16T04:59:54.593+0000: 448.837: [GC [PSYoungGen: 1055400K->3196K(1009600K)] 1291306K->242948K(1696576K), 0.0130900 secs] [Times: user=0.03 sys=0.00, real=0.02 secs] 
2014-07-16T04:59:56.788+0000: 451.032: [GC [PSYoungGen: 1009596K->7006K(973440K)] 1249348K->246847K(1660416K), 0.0103080 secs] [Times: user=0.04 sys=0.00, real=0.01 secs] 
2014-07-16T04:59:58.853+0000: 453.097: [GC [PSYoungGen: 973406K->4384K(932672K)] 1213247K->246861K(1619648K), 0.0294170 secs] [Times: user=0.10 sys=0.00, real=0.03 secs] 
2014-07-16T05:00:00.883+0000: 455.128: [GC [PSYoungGen: 932640K->6938K(898944K)] 1175117K->249471K(1585920K), 0.0177990 secs] [Times: user=0.05 sys=0.00, real=0.02 secs] 
2014-07-16T05:00:02.780+0000: 457.024: [GC [PSYoungGen: 898906K->3132K(860544K)] 1141439K->249837K(1547520K), 0.0219460 secs] [Times: user=0.08 sys=0.01, real=0.02 secs] 
2014-07-16T05:00:04.619+0000: 458.863: [GC [PSYoungGen: 860540K->7074K(831552K)] 1107245K->253851K(1518528K), 0.0186330 secs] [Times: user=0.07 sys=0.00, real=0.02 secs] 
2014-07-16T05:00:06.391+0000: 460.635: [GC [PSYoungGen: 831522K->4512K(993920K)] 1078299K->254031K(1680896K), 0.0234960 secs] [Times: user=0.09 sys=0.00, real=0.02 secs] 
2014-07-16T05:00:08.496+0000: 462.740: [GC [PSYoungGen: 993888K->6788K(1194112K)] 1243407K->256355K(1881088K), 0.0254250 secs] [Times: user=0.08 sys=0.00, real=0.03 secs] 
2014-07-16T05:00:11.029+0000: 465.274: [GC [PSYoungGen: 1194052K->3388K(1428160K)] 1443619K->256552K(2115136K), 0.0247280 secs] [Times: user=0.09 sys=0.00, real=0.02 secs] 
2014-07-16T05:00:14.060+0000: 468.304: [GC [PSYoungGen: 1428149K->7106K(1716928K)] 1681314K->260415K(2403904K), 0.0274010 secs] [Times: user=0.10 sys=0.00, real=0.03 secs] 
2014-07-16T05:00:17.704+0000: 471.949: [GC [PSYoungGen: 1716866K->4216K(1778560K)] 1970175K->260378K(2465536K), 0.0429440 secs] [Times: user=0.16 sys=0.00, real=0.05 secs] 
2014-07-16T05:00:21.512+0000: 475.756: [GC [PSYoungGen: 1778552K->7180K(1704128K)] 2034714K->263462K(2391104K), 0.0326290 secs] [Times: user=0.12 sys=0.01, real=0.03 secs] 
2014-07-16T05:00:25.215+0000: 479.459: [GC [PSYoungGen: 1704076K->192K(1623488K)] 1960358K->263862K(2310464K), 0.0202230 secs] [Times: user=0.07 sys=0.01, real=0.02 secs] 
2014-07-16T05:00:28.615+0000: 482.859: [GC [PSYoungGen: 1623488K->7288K(1560576K)] 1887158K->270999K(2247552K), 0.0229210 secs] [Times: user=0.08 sys=0.00, real=0.02 secs] 
2014-07-16T05:00:31.931+0000: 486.176: [GC [PSYoungGen: 1560568K->7016K(1493760K)] 1824279K->271539K(2180736K), 0.0208010 secs] [Times: user=0.08 sys=0.00, real=0.02 secs] 
2014-07-16T05:00:35.111+0000: 489.355: [GC [PSYoungGen: 1493736K->6820K(1430272K)] 1758259K->271567K(2117248K), 0.0167120 secs] [Times: user=0.05 sys=0.00, real=0.01 secs] 
2014-07-16T05:00:38.128+0000: 492.373: [GC [PSYoungGen: 1430244K->1258K(1364480K)] 1694991K->271664K(2051456K), 0.0146910 secs] [Times: user=0.06 sys=0.00, real=0.02 secs] 
2014-07-16T05:00:41.044+0000: 495.289: [GC [PSYoungGen: 1364458K->7540K(1313472K)] 1634864K->277978K(2000448K), 0.0163900 secs] [Times: user=0.04 sys=0.00, real=0.01 secs] 
2014-07-16T05:00:43.822+0000: 498.066: [GC [PSYoungGen: 1313460K->6308K(1257728K)] 1583898K->277506K(1944704K), 0.0344670 secs] [Times: user=0.12 sys=0.00, real=0.03 secs] 
2014-07-16T05:00:46.527+0000: 500.771: [GC [PSYoungGen: 1257700K->6796K(1206400K)] 1528898K->278122K(1893376K), 0.0118710 secs] [Times: user=0.04 sys=0.01, real=0.01 secs] 
2014-07-16T05:00:49.080+0000: 503.324: [GC [PSYoungGen: 1206348K->2092K(1152320K)] 1477674K->278278K(1839296K), 0.0223900 secs] [Times: user=0.07 sys=0.01, real=0.03 secs] 
2014-07-16T05:00:51.544+0000: 505.788: [GC [PSYoungGen: 1152300K->7052K(1110336K)] 1428486K->283255K(1797312K), 0.0131070 secs] [Times: user=0.02 sys=0.00, real=0.01 secs] 
2014-07-16T05:00:53.886+0000: 508.130: [GC [PSYoungGen: 1110284K->6052K(1064640K)] 1386487K->283471K(1751616K), 0.0227350 secs] [Times: user=0.07 sys=0.00, real=0.02 secs] 
2014-07-16T05:00:56.225+0000: 510.469: [GC [PSYoungGen: 1064612K->6970K(1022976K)] 1342031K->284485K(1709952K), 0.0058250 secs] [Times: user=0.02 sys=0.00, real=0.00 secs] 
2014-07-16T05:00:58.343+0000: 512.587: [GC [PSYoungGen: 1022970K->2092K(977600K)] 1300485K->284450K(1664576K), 0.0273720 secs] [Times: user=0.10 sys=0.00, real=0.03 secs] 
2014-07-16T05:01:00.415+0000: 514.659: [GC [PSYoungGen: 977580K->7262K(944256K)] 1259938K->289677K(1631232K), 0.0170700 secs] [Times: user=0.05 sys=0.00, real=0.01 secs] 
2014-07-16T05:01:02.421+0000: 516.665: [GC [PSYoungGen: 944222K->5732K(905984K)] 1226637K->289475K(1592960K), 0.0112850 secs] [Times: user=0.05 sys=0.00, real=0.01 secs] 
2014-07-16T05:01:04.350+0000: 518.595: [GC [PSYoungGen: 905956K->6838K(872128K)] 1189699K->290709K(1559104K), 0.0248820 secs] [Times: user=0.09 sys=0.00, real=0.03 secs] 
2014-07-16T05:01:06.228+0000: 520.473: [GC [PSYoungGen: 872084K->2548K(834560K)] 1155955K->290695K(1521536K), 0.0212650 secs] [Times: user=0.08 sys=0.00, real=0.02 secs] 
2014-07-16T05:01:07.990+0000: 522.234: [GC [PSYoungGen: 834548K->7038K(807296K)] 1122695K->295323K(1494272K), 0.0205760 secs] [Times: user=0.06 sys=0.00, real=0.02 secs] 
2014-07-16T05:01:09.696+0000: 523.940: [GC [PSYoungGen: 807294K->5426K(775488K)] 1095579K->295179K(1462464K), 0.0127660 secs] [Times: user=0.05 sys=0.00, real=0.01 secs] 
2014-07-16T05:01:11.410+0000: 525.654: [GC [PSYoungGen: 775474K->6956K(931072K)] 1065227K->296789K(1618048K), 0.0224590 secs] [Times: user=0.08 sys=0.01, real=0.02 secs] 
2014-07-16T05:01:13.394+0000: 527.638: [GC [PSYoungGen: 931052K->2612K(1111552K)] 1220885K->296884K(1798528K), 0.0249450 secs] [Times: user=0.09 sys=0.00, real=0.03 secs] 
2014-07-16T05:01:15.805+0000: 530.049: [GC [PSYoungGen: 1111540K->6988K(1337792K)] 1405812K->301317K(2024768K), 0.0252600 secs] [Times: user=0.09 sys=0.00, real=0.03 secs] 
2014-07-16T05:01:18.655+0000: 532.899: [GC [PSYoungGen: 1337740K->5220K(1602176K)] 1632069K->301469K(2289152K), 0.0315090 secs] [Times: user=0.10 sys=0.00, real=0.03 secs] 
2014-07-16T05:01:22.112+0000: 536.357: [GC [PSYoungGen: 1602148K->6756K(1534976K)] 1898397K->303085K(2221952K), 0.0216840 secs] [Times: user=0.07 sys=0.00, real=0.02 secs] 
2014-07-16T05:01:25.384+0000: 539.629: [GC [PSYoungGen: 1534948K->2740K(1465600K)] 1831277K->303452K(2152576K), 0.0201550 secs] [Times: user=0.08 sys=0.01, real=0.02 secs] 
2014-07-16T05:01:28.558+0000: 542.802: [GC [PSYoungGen: 1465588K->6892K(1407616K)] 1766300K->307766K(2094592K), 0.0273200 secs] [Times: user=0.10 sys=0.00, real=0.02 secs] 
2014-07-16T05:01:31.570+0000: 545.815: [GC [PSYoungGen: 1407596K->5220K(1346816K)] 1708470K->308014K(2033792K), 0.0181060 secs] [Times: user=0.06 sys=0.00, real=0.01 secs] 
2014-07-16T05:01:34.413+0000: 548.657: [GC [PSYoungGen: 1346788K->6596K(1291968K)] 1649582K->309606K(1978944K), 0.0301590 secs] [Times: user=0.11 sys=0.00, real=0.03 secs] 
2014-07-16T05:01:37.235+0000: 551.480: [GC [PSYoungGen: 1291908K->3004K(1234816K)] 1594918K->310040K(1921792K), 0.0301480 secs] [Times: user=0.09 sys=0.00, real=0.03 secs] 
2014-07-16T05:01:39.839+0000: 554.083: [GC [PSYoungGen: 1234812K->6956K(1187904K)] 1541848K->314097K(1874880K), 0.0167500 secs] [Times: user=0.04 sys=0.00, real=0.02 secs] 
2014-07-16T05:01:42.359+0000: 556.603: [GC [PSYoungGen: 1187884K->4914K(1137408K)] 1495025K->314371K(1824384K), 0.0061590 secs] [Times: user=0.02 sys=0.00, real=0.01 secs] 
2014-07-16T05:01:44.795+0000: 559.039: [GC [PSYoungGen: 1137394K->7052K(1093504K)] 1446851K->316681K(1780480K), 0.0213900 secs] [Times: user=0.07 sys=0.00, real=0.02 secs] 
2014-07-16T05:01:47.116+0000: 561.360: [GC [PSYoungGen: 1093452K->2876K(1045376K)] 1403081K->316627K(1732352K), 0.0283790 secs] [Times: user=0.10 sys=0.00, real=0.03 secs] 
2014-07-16T05:01:49.359+0000: 563.603: [GC [PSYoungGen: 1045372K->7120K(1007872K)] 1359123K->320959K(1694848K), 0.0186810 secs] [Times: user=0.06 sys=0.00, real=0.02 secs] 
2014-07-16T05:01:51.530+0000: 565.775: [GC [PSYoungGen: 1007824K->4704K(965696K)] 1321663K->321007K(1652672K), 0.0192680 secs] [Times: user=0.07 sys=0.00, real=0.02 secs] 
2014-07-16T05:01:53.561+0000: 567.806: [GC [PSYoungGen: 965664K->6532K(929728K)] 1281967K->323019K(1616704K), 0.0235910 secs] [Times: user=0.08 sys=0.00, real=0.03 secs] 
2014-07-16T05:01:55.538+0000: 569.782: [GC [PSYoungGen: 929598K->3560K(890688K)] 1246085K->323503K(1577664K), 0.0187870 secs] [Times: user=0.06 sys=0.00, real=0.02 secs] 
2014-07-16T05:01:57.459+0000: 571.703: [GC [PSYoungGen: 890664K->7088K(859840K)] 1210607K->327104K(1546816K), 0.0121560 secs] [Times: user=0.05 sys=0.00, real=0.01 secs] 
2014-07-16T05:01:59.311+0000: 573.556: [GC [PSYoungGen: 859824K->4212K(1027520K)] 1179840K->327190K(1714496K), 0.0294960 secs] [Times: user=0.11 sys=0.01, real=0.03 secs] 
2014-07-16T05:02:01.499+0000: 575.743: [GC [PSYoungGen: 1027439K->7106K(989632K)] 1350417K->330148K(1676608K), 0.0153130 secs] [Times: user=0.06 sys=0.00, real=0.02 secs] 
2014-07-16T05:02:03.598+0000: 577.842: [GC [PSYoungGen: 989570K->3492K(1182528K)] 1312612K->330331K(1869504K), 0.0272780 secs] [Times: user=0.10 sys=0.01, real=0.03 secs] 
2014-07-16T05:02:06.128+0000: 580.373: [GC [PSYoungGen: 1182500K->6860K(1137600K)] 1509339K->333779K(1824576K), 0.0154190 secs] [Times: user=0.05 sys=0.00, real=0.01 secs] 
2014-07-16T05:02:08.578+0000: 582.823: [GC [PSYoungGen: 1137548K->4580K(1089280K)] 1464467K->334092K(1776256K), 0.0270020 secs] [Times: user=0.08 sys=0.01, real=0.03 secs] 
2014-07-16T05:02:10.889+0000: 585.133: [GC [PSYoungGen: 1089252K->6838K(1047744K)] 1418764K->336470K(1734720K), 0.0237640 secs] [Times: user=0.08 sys=0.01, real=0.02 secs] 
2014-07-16T05:02:13.126+0000: 587.370: [GC [PSYoungGen: 1047734K->3556K(1252672K)] 1377366K->336520K(1939648K), 0.0281940 secs] [Times: user=0.10 sys=0.01, real=0.02 secs] 
2014-07-16T05:02:15.835+0000: 590.079: [GC [PSYoungGen: 1252644K->7138K(1506112K)] 1585608K->340214K(2193088K), 0.0341280 secs] [Times: user=0.10 sys=0.00, real=0.03 secs] 
2014-07-16T05:02:19.078+0000: 593.322: [GC [PSYoungGen: 1506082K->4256K(1439296K)] 1839158K->340218K(2126272K), 0.0214740 secs] [Times: user=0.08 sys=0.00, real=0.02 secs] 
2014-07-16T05:02:22.164+0000: 596.408: [GC [PSYoungGen: 1439264K->7002K(1381248K)] 1775226K->343053K(2068224K), 0.0112480 secs] [Times: user=0.03 sys=0.00, real=0.01 secs] 
2014-07-16T05:02:25.112+0000: 599.356: [GC [PSYoungGen: 1381210K->3688K(1320064K)] 1717261K->343201K(2007040K), 0.0187370 secs] [Times: user=0.06 sys=0.01, real=0.02 secs] 
2014-07-16T05:02:27.942+0000: 602.186: [GC [PSYoungGen: 1320040K->6956K(1268288K)] 1659553K->346534K(1955264K), 0.0210550 secs] [Times: user=0.07 sys=0.00, real=0.02 secs] 
2014-07-16T05:02:30.640+0000: 604.885: [GC [PSYoungGen: 1268268K->4216K(1213184K)] 1607846K->346804K(1900160K), 0.0294640 secs] [Times: user=0.10 sys=0.01, real=0.03 secs] 
2014-07-16T05:02:33.278+0000: 607.522: [GC [PSYoungGen: 1213132K->7102K(1166272K)] 1555720K->349842K(1853248K), 0.0274850 secs] [Times: user=0.11 sys=0.00, real=0.03 secs] 
2014-07-16T05:02:35.738+0000: 609.982: [GC [PSYoungGen: 1166270K->3684K(1115520K)] 1509010K->349796K(1802496K), 0.0194260 secs] [Times: user=0.07 sys=0.00, real=0.01 secs] 
2014-07-16T05:02:38.161+0000: 612.405: [GC [PSYoungGen: 1115492K->6924K(1073664K)] 1461604K->353140K(1760640K), 0.0224820 secs] [Times: user=0.07 sys=0.00, real=0.02 secs] 
2014-07-16T05:02:40.426+0000: 614.670: [GC [PSYoungGen: 1073612K->4212K(1284288K)] 1419828K->353469K(1971264K), 0.0367100 secs] [Times: user=0.14 sys=0.00, real=0.04 secs] 
2014-07-16T05:02:43.151+0000: 617.396: [GC [PSYoungGen: 1284276K->7056K(1233920K)] 1633533K->356457K(1920896K), 0.0183290 secs] [Times: user=0.06 sys=0.00, real=0.02 secs] 
2014-07-16T05:02:45.759+0000: 620.003: [GC [PSYoungGen: 1233872K->3556K(1179712K)] 1583273K->356540K(1866688K), 0.0252360 secs] [Times: user=0.09 sys=0.00, real=0.03 secs] 
2014-07-16T05:02:48.283+0000: 622.528: [GC [PSYoungGen: 1179684K->6860K(1418304K)] 1532668K->359909K(2105280K), 0.0305910 secs] [Times: user=0.10 sys=0.00, real=0.03 secs] 
2014-07-16T05:02:51.289+0000: 625.533: [GC [PSYoungGen: 1418252K->4408K(1662080K)] 1771301K->360290K(2349056K), 0.0296110 secs] [Times: user=0.10 sys=0.00, real=0.03 secs] 
2014-07-16T05:02:54.829+0000: 629.073: [GC [PSYoungGen: 1662072K->6906K(1592896K)] 2017954K->362949K(2279872K), 0.0265560 secs] [Times: user=0.09 sys=0.01, real=0.03 secs] 
2014-07-16T05:02:58.277+0000: 632.522: [GC [PSYoungGen: 1592890K->570K(1518400K)] 1948933K->363362K(2205376K), 0.0203990 secs] [Times: user=0.08 sys=0.00, real=0.02 secs] 
2014-07-16T05:03:01.518+0000: 635.762: [GC [PSYoungGen: 1518394K->7330K(1460352K)] 1881186K->370139K(2147328K), 0.0291450 secs] [Times: user=0.10 sys=0.00, real=0.03 secs] 
2014-07-16T05:03:04.612+0000: 638.856: [GC [PSYoungGen: 1460322K->7034K(1398336K)] 1823131K->370625K(2085312K), 0.0156860 secs] [Times: user=0.06 sys=0.00, real=0.02 secs] 
2014-07-16T05:03:07.600+0000: 641.844: [GC [PSYoungGen: 1398330K->6902K(1339520K)] 1761921K->370645K(2026496K), 0.0098100 secs] [Times: user=0.02 sys=0.00, real=0.01 secs] 
2014-07-16T05:03:10.445+0000: 644.689: [GC [PSYoungGen: 1339510K->1194K(1278016K)] 1703253K->370792K(1964992K), 0.0193020 secs] [Times: user=0.07 sys=0.01, real=0.02 secs] 
2014-07-16T05:03:13.193+0000: 647.437: [GC [PSYoungGen: 1277994K->7362K(1231168K)] 1647592K->377025K(1918144K), 0.0204150 secs] [Times: user=0.07 sys=0.00, real=0.02 secs] 
2014-07-16T05:03:15.787+0000: 650.031: [GC [PSYoungGen: 1231106K->6376K(1179648K)] 1600769K->377157K(1866624K), 0.0146480 secs] [Times: user=0.04 sys=0.00, real=0.01 secs] 
2014-07-16T05:03:18.342+0000: 652.586: [GC [PSYoungGen: 1179624K->6888K(1132096K)] 1550405K->377773K(1819072K), 0.0331750 secs] [Times: user=0.12 sys=0.00, real=0.04 secs] 
2014-07-16T05:03:20.726+0000: 654.970: [GC [PSYoungGen: 1132072K->2084K(1081536K)] 1502957K->377849K(1768512K), 0.0307020 secs] [Times: user=0.12 sys=0.00, real=0.03 secs] 
2014-07-16T05:03:23.046+0000: 657.290: [GC [PSYoungGen: 1081508K->7216K(1302592K)] 1457273K->383101K(1989568K), 0.0427880 secs] [Times: user=0.17 sys=0.00, real=0.04 secs] 
2014-07-16T05:03:25.808+0000: 660.052: [GC [PSYoungGen: 1302576K->5924K(1560384K)] 1678461K->382869K(2247360K), 0.0451600 secs] [Times: user=0.16 sys=0.00, real=0.04 secs] 
2014-07-16T05:03:29.159+0000: 663.404: [GC [PSYoungGen: 1560356K->6728K(1640448K)] 1937301K->383753K(2327424K), 0.0256690 secs] [Times: user=0.09 sys=0.00, real=0.02 secs] 
2014-07-16T05:03:32.689+0000: 666.933: [GC [PSYoungGen: 1639560K->7116K(1873024K)] 2016585K->384277K(2560000K), 0.0298030 secs] [Times: user=0.08 sys=0.00, real=0.03 secs] 
2014-07-16T05:03:36.677+0000: 670.921: [GC [PSYoungGen: 1872524K->6942K(1790464K)] 2249685K->384343K(2477440K), 0.0324400 secs] [Times: user=0.11 sys=0.01, real=0.04 secs] 
2014-07-16T05:03:40.501+0000: 674.745: [GC [PSYoungGen: 1790430K->638K(1706240K)] 2167831K->384473K(2393216K), 0.0234540 secs] [Times: user=0.09 sys=0.00, real=0.02 secs] 
2014-07-16T05:03:44.161+0000: 678.405: [GC [PSYoungGen: 1706238K->7380K(1638976K)] 2090073K->391256K(2325952K), 0.0236250 secs] [Times: user=0.08 sys=0.01, real=0.02 secs] 
2014-07-16T05:03:47.657+0000: 681.902: [GC [PSYoungGen: 1638932K->6788K(1568000K)] 2022808K->391456K(2254976K), 0.0169990 secs] [Times: user=0.05 sys=0.01, real=0.02 secs] 
2014-07-16T05:03:51.033+0000: 685.278: [GC [PSYoungGen: 1567940K->6852K(1501120K)] 1952608K->391640K(2188096K), 0.0308080 secs] [Times: user=0.11 sys=0.00, real=0.03 secs] 
2014-07-16T05:03:54.235+0000: 688.479: [GC [PSYoungGen: 1501060K->1504K(1432064K)] 1885848K->391837K(2119040K), 0.0298480 secs] [Times: user=0.10 sys=0.00, real=0.03 secs] 
2014-07-16T05:03:57.311+0000: 691.556: [GC [PSYoungGen: 1432032K->7020K(1377024K)] 1822365K->397418K(2064000K), 0.0216280 secs] [Times: user=0.06 sys=0.01, real=0.02 secs] 
2014-07-16T05:04:00.274+0000: 694.518: [GC [PSYoungGen: 1377004K->6586K(1318976K)] 1767402K->397600K(2005952K), 0.0193360 secs] [Times: user=0.08 sys=0.00, real=0.02 secs] 
2014-07-16T05:04:03.143+0000: 697.387: [GC [PSYoungGen: 1318970K->6998K(1264576K)] 1709984K->398188K(1951552K), 0.0364800 secs] [Times: user=0.13 sys=0.00, real=0.03 secs] 
2014-07-16T05:04:05.803+0000: 700.047: [GC [PSYoungGen: 1264534K->1404K(1206784K)] 1655724K->398173K(1893760K), 0.0133770 secs] [Times: user=0.03 sys=0.00, real=0.01 secs] 
2014-07-16T05:04:08.391+0000: 702.636: [GC [PSYoungGen: 1206780K->6956K(1162752K)] 1603549K->403782K(1849728K), 0.0282170 secs] [Times: user=0.10 sys=0.00, real=0.03 secs] 
2014-07-16T05:04:10.841+0000: 705.085: [GC [PSYoungGen: 1162732K->6500K(1115072K)] 1559558K->403950K(1802048K), 0.0174090 secs] [Times: user=0.06 sys=0.00, real=0.02 secs] 
2014-07-16T05:04:13.257+0000: 707.501: [GC [PSYoungGen: 1115044K->7030K(1070656K)] 1512494K->404664K(1757632K), 0.0063260 secs] [Times: user=0.02 sys=0.01, real=0.01 secs] 
2014-07-16T05:04:15.462+0000: 709.707: [GC [PSYoungGen: 1070646K->1340K(1022208K)] 1468280K->404608K(1709184K), 0.0281810 secs] [Times: user=0.08 sys=0.01, real=0.03 secs] 
2014-07-16T05:04:17.630+0000: 711.874: [GC [PSYoungGen: 1022204K->6988K(987200K)] 1425472K->410312K(1674176K), 0.0164900 secs] [Times: user=0.06 sys=0.00, real=0.02 secs] 
2014-07-16T05:04:19.738+0000: 713.982: [GC [PSYoungGen: 987148K->6372K(947776K)] 1390472K->410424K(1634752K), 0.0135830 secs] [Times: user=0.02 sys=0.00, real=0.01 secs] 
2014-07-16T05:04:21.757+0000: 716.002: [GC [PSYoungGen: 947748K->6788K(911296K)] 1351800K->410936K(1598272K), 0.0283070 secs] [Times: user=0.10 sys=0.00, real=0.03 secs] 
2014-07-16T05:04:23.695+0000: 717.940: [GC [PSYoungGen: 911236K->1532K(1086912K)] 1315384K->411424K(1773888K), 0.0266970 secs] [Times: user=0.10 sys=0.01, real=0.02 secs] 
2014-07-16T05:04:26.023+0000: 720.268: [GC [PSYoungGen: 1086908K->6892K(1309376K)] 1496800K->416849K(1996352K), 0.0261400 secs] [Times: user=0.10 sys=0.00, real=0.03 secs] 
2014-07-16T05:04:28.804+0000: 723.049: [GC [PSYoungGen: 1309356K->6454K(1254592K)] 1719313K->417075K(1941568K), 0.0196650 secs] [Times: user=0.08 sys=0.00, real=0.02 secs] 
2014-07-16T05:04:31.472+0000: 725.716: [GC [PSYoungGen: 1254582K->6692K(1203136K)] 1665203K->417393K(1890112K), 0.0270990 secs] [Times: user=0.09 sys=0.00, real=0.03 secs] 
2014-07-16T05:04:34.042+0000: 728.286: [GC [PSYoungGen: 1203108K->1700K(1148928K)] 1613809K->417817K(1835904K), 0.0278330 secs] [Times: user=0.07 sys=0.01, real=0.03 secs] 
2014-07-16T05:04:36.483+0000: 730.727: [GC [PSYoungGen: 1148900K->7284K(1107712K)] 1565017K->423482K(1794688K), 0.0106970 secs] [Times: user=0.04 sys=0.00, real=0.01 secs] 
2014-07-16T05:04:38.871+0000: 733.115: [GC [PSYoungGen: 1107700K->5882K(1061760K)] 1523898K->423352K(1748736K), 0.0221240 secs] [Times: user=0.08 sys=0.00, real=0.02 secs] 
2014-07-16T05:04:41.132+0000: 735.376: [GC [PSYoungGen: 1061715K->6628K(1020096K)] 1479185K->424170K(1707072K), 0.0162840 secs] [Times: user=0.06 sys=0.00, real=0.02 secs] 
2014-07-16T05:04:43.292+0000: 737.536: [GC [PSYoungGen: 1020068K->2480K(975552K)] 1437610K->424522K(1662528K), 0.0154050 secs] [Times: user=0.05 sys=0.00, real=0.01 secs] 
2014-07-16T05:04:45.404+0000: 739.648: [GC [PSYoungGen: 975536K->7180K(1174912K)] 1397578K->429311K(1861888K), 0.0352520 secs] [Times: user=0.12 sys=0.00, real=0.04 secs] 
2014-07-16T05:04:47.896+0000: 742.140: [GC [PSYoungGen: 1174860K->5302K(1125184K)] 1596991K->429217K(1812160K), 0.0238700 secs] [Times: user=0.09 sys=0.00, real=0.03 secs] 
2014-07-16T05:04:50.305+0000: 744.550: [GC [PSYoungGen: 1125174K->6820K(1081216K)] 1549089K->430783K(1768192K), 0.0078700 secs] [Times: user=0.02 sys=0.01, real=0.01 secs] 
2014-07-16T05:04:52.600+0000: 746.844: [GC [PSYoungGen: 1081188K->2876K(1033984K)] 1505151K->430935K(1720960K), 0.0298900 secs] [Times: user=0.11 sys=0.00, real=0.03 secs] 
2014-07-16T05:04:54.853+0000: 749.097: [GC [PSYoungGen: 1033980K->6974K(996864K)] 1462039K->435113K(1683840K), 0.0257670 secs] [Times: user=0.09 sys=0.00, real=0.03 secs] 
2014-07-16T05:04:56.972+0000: 751.216: [GC [PSYoungGen: 996862K->5028K(1192960K)] 1425001K->435249K(1879936K), 0.0299560 secs] [Times: user=0.11 sys=0.01, real=0.03 secs] 
2014-07-16T05:04:59.631+0000: 753.875: [GC [PSYoungGen: 1192932K->6906K(1432448K)] 1623153K->437239K(2119424K), 0.0338560 secs] [Times: user=0.12 sys=0.00, real=0.03 secs] 
2014-07-16T05:05:02.691+0000: 756.935: [GC [PSYoungGen: 1432442K->2940K(1713600K)] 1862775K->437301K(2400576K), 0.0224800 secs] [Times: user=0.08 sys=0.00, real=0.02 secs] 
2014-07-16T05:05:06.334+0000: 760.578: [GC [PSYoungGen: 1713596K->7102K(1643456K)] 2147957K->441599K(2330432K), 0.0263700 secs] [Times: user=0.10 sys=0.00, real=0.02 secs] 
2014-07-16T05:05:09.817+0000: 764.061: [GC [PSYoungGen: 1643435K->4708K(1570432K)] 2077932K->441720K(2257408K), 0.0191040 secs] [Times: user=0.07 sys=0.01, real=0.02 secs] 
2014-07-16T05:05:13.178+0000: 767.422: [GC [PSYoungGen: 1570404K->6884K(1505408K)] 2007416K->444008K(2192384K), 0.0166300 secs] [Times: user=0.06 sys=0.00, real=0.02 secs] 
2014-07-16T05:05:16.372+0000: 770.616: [GC [PSYoungGen: 1505380K->3260K(1437888K)] 1942504K->444179K(2124864K), 0.0184090 secs] [Times: user=0.05 sys=0.00, real=0.02 secs] 
2014-07-16T05:05:19.428+0000: 773.673: [GC [PSYoungGen: 1437884K->7056K(1380928K)] 1878803K->448072K(2067904K), 0.0189010 secs] [Times: user=0.07 sys=0.00, real=0.02 secs] 
2014-07-16T05:05:22.373+0000: 776.617: [GC [PSYoungGen: 1380880K->4408K(1320448K)] 1821896K->448216K(2007424K), 0.0247180 secs] [Times: user=0.09 sys=0.00, real=0.03 secs] 
2014-07-16T05:05:25.185+0000: 779.430: [GC [PSYoungGen: 1320440K->6896K(1267968K)] 1764248K->450905K(1954944K), 0.0238760 secs] [Times: user=0.09 sys=0.00, real=0.02 secs] 
2014-07-16T05:05:27.854+0000: 782.098: [GC [PSYoungGen: 1267952K->3556K(1212288K)] 1711961K->451171K(1899264K), 0.0283320 secs] [Times: user=0.10 sys=0.01, real=0.03 secs] 
2014-07-16T05:05:30.435+0000: 784.680: [GC [PSYoungGen: 1212260K->7148K(1166080K)] 1659875K->454851K(1853056K), 0.0358990 secs] [Times: user=0.11 sys=0.00, real=0.03 secs] 
2014-07-16T05:05:32.934+0000: 787.178: [GC [PSYoungGen: 1166060K->4144K(1394880K)] 1613763K->454909K(2081856K), 0.0363100 secs] [Times: user=0.14 sys=0.00, real=0.04 secs] 
2014-07-16T05:05:35.905+0000: 790.149: [GC [PSYoungGen: 1394864K->6842K(1675712K)] 1845629K->457743K(2362688K), 0.0411470 secs] [Times: user=0.14 sys=0.00, real=0.04 secs] 
2014-07-16T05:05:39.519+0000: 793.763: [GC [PSYoungGen: 1675706K->3884K(1781120K)] 2126607K->457915K(2468096K), 0.0258810 secs] [Times: user=0.10 sys=0.01, real=0.02 secs] 
2014-07-16T05:05:43.279+0000: 797.524: [GC [PSYoungGen: 1781100K->7002K(1706688K)] 2235131K->461098K(2393664K), 0.0250620 secs] [Times: user=0.09 sys=0.00, real=0.02 secs] 
2014-07-16T05:05:46.912+0000: 801.156: [GC [PSYoungGen: 1706650K->424K(1626304K)] 2160746K->461450K(2313280K), 0.0195870 secs] [Times: user=0.06 sys=0.01, real=0.02 secs] 
2014-07-16T05:05:50.389+0000: 804.633: [GC [PSYoungGen: 1626280K->7430K(1563200K)] 2087306K->468505K(2250176K), 0.0242470 secs] [Times: user=0.08 sys=0.00, real=0.02 secs] 
2014-07-16T05:05:53.684+0000: 807.928: [GC [PSYoungGen: 1563142K->6692K(1495744K)] 2024217K->468543K(2182720K), 0.0229380 secs] [Times: user=0.07 sys=0.00, real=0.02 secs] 
2014-07-16T05:05:56.893+0000: 811.137: [GC [PSYoungGen: 1495716K->6756K(1432384K)] 1957567K->468799K(2119360K), 0.0277620 secs] [Times: user=0.09 sys=0.00, real=0.03 secs] 
2014-07-16T05:05:59.968+0000: 814.213: [GC [PSYoungGen: 1432356K->1764K(1367040K)] 1894399K->469245K(2054016K), 0.0273400 secs] [Times: user=0.10 sys=0.00, real=0.03 secs] 
2014-07-16T05:06:02.864+0000: 817.108: [GC [PSYoungGen: 1367012K->7180K(1315072K)] 1834493K->474718K(2002048K), 0.0284840 secs] [Times: user=0.10 sys=0.00, real=0.03 secs] 
2014-07-16T05:06:05.759+0000: 820.004: [GC [PSYoungGen: 1315020K->6244K(1259520K)] 1782558K->474614K(1946496K), 0.0321180 secs] [Times: user=0.12 sys=0.00, real=0.04 secs] 
2014-07-16T05:06:08.450+0000: 822.694: [GC [PSYoungGen: 1259492K->6710K(1208000K)] 1727862K->475208K(1894976K), 0.0271760 secs] [Times: user=0.09 sys=0.01, real=0.03 secs] 
2014-07-16T05:06:11.051+0000: 825.295: [GC [PSYoungGen: 1207990K->2156K(1154048K)] 1676488K->475445K(1841024K), 0.0171900 secs] [Times: user=0.05 sys=0.00, real=0.02 secs] 
2014-07-16T05:06:13.494+0000: 827.738: [GC [PSYoungGen: 1154028K->7266K(1112128K)] 1627317K->480651K(1799104K), 0.0173880 secs] [Times: user=0.05 sys=0.00, real=0.02 secs] 
2014-07-16T05:06:15.870+0000: 830.114: [GC [PSYoungGen: 1112098K->5668K(1065792K)] 1585483K->480429K(1752768K), 0.0291230 secs] [Times: user=0.10 sys=0.00, real=0.03 secs] 
2014-07-16T05:06:18.135+0000: 832.379: [GC [PSYoungGen: 1065757K->6746K(1024256K)] 1540519K->481619K(1711232K), 0.0262820 secs] [Times: user=0.09 sys=0.01, real=0.02 secs] 
2014-07-16T05:06:20.338+0000: 834.582: [GC [PSYoungGen: 1024198K->2666K(979584K)] 1499071K->481882K(1666560K), 0.0205420 secs] [Times: user=0.08 sys=0.00, real=0.02 secs] 
2014-07-16T05:06:22.423+0000: 836.667: [GC [PSYoungGen: 979562K->7124K(945472K)] 1458778K->486428K(1632448K), 0.0093100 secs] [Times: user=0.03 sys=0.00, real=0.01 secs] 
2014-07-16T05:06:24.425+0000: 838.669: [GC [PSYoungGen: 945428K->5170K(906688K)] 1424732K->486514K(1593664K), 0.0194460 secs] [Times: user=0.08 sys=0.00, real=0.02 secs] 
2014-07-16T05:06:26.374+0000: 840.618: [GC [PSYoungGen: 906674K->6660K(873216K)] 1388018K->488132K(1560192K), 0.0287810 secs] [Times: user=0.11 sys=0.00, real=0.02 secs] 
2014-07-16T05:06:28.222+0000: 842.466: [GC [PSYoungGen: 873156K->3132K(1042944K)] 1354628K->488285K(1729920K), 0.0225250 secs] [Times: user=0.08 sys=0.01, real=0.03 secs] 
2014-07-16T05:06:30.497+0000: 844.741: [GC [PSYoungGen: 1042940K->7426K(1005696K)] 1528093K->492611K(1692672K), 0.0073240 secs] [Times: user=0.03 sys=0.00, real=0.01 secs] 
2014-07-16T05:06:32.596+0000: 846.841: [GC [PSYoungGen: 1005634K->4408K(1202304K)] 1490819K->492437K(1889280K), 0.0373640 secs] [Times: user=0.14 sys=0.00, real=0.04 secs] 
2014-07-16T05:06:35.172+0000: 849.416: [GC [PSYoungGen: 1202296K->7102K(1155712K)] 1690325K->495275K(1842688K), 0.0153890 secs] [Times: user=0.04 sys=0.00, real=0.02 secs] 
2014-07-16T05:06:37.636+0000: 851.881: [GC [PSYoungGen: 1155710K->3902K(1382272K)] 1643883K->495312K(2069248K), 0.0404060 secs] [Times: user=0.15 sys=0.00, real=0.04 secs] 
2014-07-16T05:06:40.635+0000: 854.879: [GC [PSYoungGen: 1382270K->7002K(1327360K)] 1873680K->498484K(2014336K), 0.0187970 secs] [Times: user=0.06 sys=0.00, real=0.02 secs] 
2014-07-16T05:06:43.458+0000: 857.703: [GC [PSYoungGen: 1327322K->4334K(1269440K)] 1818804K->498631K(1956416K), 0.0215730 secs] [Times: user=0.08 sys=0.01, real=0.02 secs] 
2014-07-16T05:06:46.174+0000: 860.418: [GC [PSYoungGen: 1269422K->6942K(1219520K)] 1763719K->501359K(1906496K), 0.0071490 secs] [Times: user=0.03 sys=0.00, real=0.01 secs] 
2014-07-16T05:06:48.765+0000: 863.010: [GC [PSYoungGen: 1219486K->3824K(1166400K)] 1713903K->501396K(1853376K), 0.0243000 secs] [Times: user=0.09 sys=0.00, real=0.03 secs] 
2014-07-16T05:06:51.270+0000: 865.514: [GC [PSYoungGen: 1166384K->7098K(1122112K)] 1663956K->504743K(1809088K), 0.0241310 secs] [Times: user=0.08 sys=0.00, real=0.02 secs] 
2014-07-16T05:06:53.637+0000: 867.881: [GC [PSYoungGen: 1122106K->4066K(1073856K)] 1619751K->504789K(1760832K), 0.0202770 secs] [Times: user=0.06 sys=0.01, real=0.02 secs] 
2014-07-16T05:06:55.960+0000: 870.204: [GC [PSYoungGen: 1073826K->6710K(1033408K)] 1574549K->507529K(1720384K), 0.0276990 secs] [Times: user=0.09 sys=0.01, real=0.02 secs] 
2014-07-16T05:06:58.140+0000: 872.384: [GC [PSYoungGen: 1033398K->4206K(989888K)] 1534217K->507768K(1676864K), 0.0212890 secs] [Times: user=0.07 sys=0.00, real=0.02 secs] 
2014-07-16T05:07:00.242+0000: 874.486: [GC [PSYoungGen: 989819K->7288K(953920K)] 1493381K->510875K(1640896K), 0.0233920 secs] [Times: user=0.09 sys=0.00, real=0.02 secs] 
2014-07-16T05:07:02.330+0000: 876.575: [GC [PSYoungGen: 953912K->3360K(1139392K)] 1457499K->510635K(1826368K), 0.0268570 secs] [Times: user=0.09 sys=0.01, real=0.02 secs] 
2014-07-16T05:07:04.763+0000: 879.008: [GC [PSYoungGen: 1139360K->7038K(1370240K)] 1646635K->514441K(2057216K), 0.0357680 secs] [Times: user=0.14 sys=0.00, real=0.04 secs] 
2014-07-16T05:07:07.765+0000: 882.009: [GC [PSYoungGen: 1370238K->4576K(1640448K)] 1877641K->514519K(2327424K), 0.0341680 secs] [Times: user=0.13 sys=0.01, real=0.03 secs] 
2014-07-16T05:07:11.297+0000: 885.542: [GC [PSYoungGen: 1640416K->6952K(1715584K)] 2150359K->516991K(2402560K), 0.0245930 secs] [Times: user=0.08 sys=0.01, real=0.03 secs] 
2014-07-16T05:07:14.950+0000: 889.194: [GC [PSYoungGen: 1715112K->6902K(1970432K)] 2225151K->517305K(2657408K), 0.0406990 secs] [Times: user=0.15 sys=0.00, real=0.04 secs] 
2014-07-16T05:07:19.147+0000: 893.392: [GC [PSYoungGen: 1969910K->6596K(1882944K)] 2480313K->517143K(2569920K), 0.0267250 secs] [Times: user=0.09 sys=0.00, real=0.03 secs] 
2014-07-16T05:07:23.139+0000: 897.383: [GC [PSYoungGen: 1882884K->830K(1794688K)] 2393431K->517737K(2481664K), 0.0414590 secs] [Times: user=0.15 sys=0.00, real=0.04 secs] 
2014-07-16T05:07:26.998+0000: 901.242: [GC [PSYoungGen: 1794686K->7344K(1722816K)] 2311593K->524332K(2409792K), 0.0161190 secs] [Times: user=0.05 sys=0.01, real=0.02 secs] 
2014-07-16T05:07:30.649+0000: 904.893: [GC [PSYoungGen: 1722800K->6820K(1647744K)] 2239788K->524524K(2334720K), 0.0288980 secs] [Times: user=0.11 sys=0.00, real=0.03 secs] 
2014-07-16T05:07:34.163+0000: 908.407: [GC [PSYoungGen: 1647716K->6756K(1576832K)] 2165420K->524620K(2263808K), 0.0322270 secs] [Times: user=0.09 sys=0.01, real=0.04 secs] 
2014-07-16T05:07:37.584+0000: 911.829: [GC [PSYoungGen: 1576804K->1764K(1504448K)] 2094668K->524890K(2191424K), 0.0440080 secs] [Times: user=0.16 sys=0.00, real=0.04 secs] 
2014-07-16T05:07:40.802+0000: 915.046: [GC [PSYoungGen: 1504420K->7102K(1445632K)] 2027546K->530324K(2132608K), 0.0124890 secs] [Times: user=0.03 sys=0.00, real=0.01 secs] 
2014-07-16T05:07:43.870+0000: 918.114: [GC [PSYoungGen: 1445630K->6372K(1383936K)] 1968852K->530362K(2070912K), 0.0273310 secs] [Times: user=0.11 sys=0.00, real=0.03 secs] 
2014-07-16T05:07:46.822+0000: 921.066: [GC [PSYoungGen: 1383908K->6938K(1326528K)] 1907898K->531080K(2013504K), 0.0115140 secs] [Times: user=0.03 sys=0.00, real=0.01 secs] 
2014-07-16T05:07:49.644+0000: 923.888: [GC [PSYoungGen: 1326490K->1764K(1266176K)] 1850632K->531073K(1953152K), 0.0197590 secs] [Times: user=0.06 sys=0.00, real=0.02 secs] 
2014-07-16T05:07:52.356+0000: 926.601: [GC [PSYoungGen: 1266140K->7060K(1219008K)] 1795449K->536409K(1905984K), 0.0191180 secs] [Times: user=0.06 sys=0.01, real=0.01 secs] 
2014-07-16T05:07:54.957+0000: 929.201: [GC [PSYoungGen: 1218964K->6262K(1168256K)] 1748313K->536487K(1855232K), 0.0358410 secs] [Times: user=0.13 sys=0.00, real=0.04 secs] 
2014-07-16T05:07:57.472+0000: 931.716: [GC [PSYoungGen: 1168246K->6984K(1401472K)] 1698471K->537313K(2088448K), 0.0406670 secs] [Times: user=0.14 sys=0.00, real=0.04 secs] 
2014-07-16T05:08:00.470+0000: 934.714: [GC [PSYoungGen: 1401416K->1696K(1675072K)] 1931745K->537380K(2362048K), 0.0497040 secs] [Times: user=0.18 sys=0.00, real=0.05 secs] 
2014-07-16T05:08:04.079+0000: 938.323: [GC [PSYoungGen: 1675040K->7166K(1939520K)] 2210724K->542947K(2626496K), 0.0232350 secs] [Times: user=0.08 sys=0.00, real=0.02 secs] 
2014-07-16T05:08:08.231+0000: 942.475: [GC [PSYoungGen: 1939262K->6906K(2015488K)] 2475043K->543215K(2702464K), 0.0461170 secs] [Times: user=0.17 sys=0.00, real=0.04 secs] 
2014-07-16T05:08:12.554+0000: 946.799: [GC [PSYoungGen: 2014970K->6916K(1926080K)] 2551279K->543385K(2613056K), 0.0209860 secs] [Times: user=0.07 sys=0.01, real=0.02 secs] 
2014-07-16T05:08:16.682+0000: 950.926: [GC [PSYoungGen: 1926020K->506K(1835072K)] 2462489K->543704K(2522048K), 0.0083910 secs] [Times: user=0.02 sys=0.00, real=0.01 secs] 
2014-07-16T05:08:20.691+0000: 954.935: [GC [PSYoungGen: 1835066K->7416K(1761600K)] 2378264K->550663K(2448576K), 0.0185570 secs] [Times: user=0.06 sys=0.00, real=0.01 secs] 
2014-07-16T05:08:24.482+0000: 958.727: [GC [PSYoungGen: 1761592K->6966K(1684736K)] 2304839K->550987K(2371712K), 0.0364350 secs] [Times: user=0.13 sys=0.00, real=0.03 secs] 
2014-07-16T05:08:28.102+0000: 962.347: [GC [PSYoungGen: 1684726K->6806K(1611904K)] 2228747K->551003K(2298880K), 0.0316580 secs] [Times: user=0.11 sys=0.01, real=0.03 secs] 
2014-07-16T05:08:31.523+0000: 965.768: [GC [PSYoungGen: 1611862K->1700K(1537664K)] 2156059K->551356K(2224640K), 0.0272560 secs] [Times: user=0.08 sys=0.01, real=0.02 secs] 
2014-07-16T05:08:34.796+0000: 969.041: [GC [PSYoungGen: 1537636K->7348K(1477568K)] 2087292K->557085K(2164544K), 0.0559460 secs] [Times: user=0.18 sys=0.00, real=0.05 secs] 
2014-07-16T05:08:37.979+0000: 972.224: [GC [PSYoungGen: 1477556K->6308K(1414016K)] 2027293K->556869K(2100992K), 0.0251670 secs] [Times: user=0.10 sys=0.00, real=0.03 secs] 
2014-07-16T05:08:40.972+0000: 975.216: [GC [PSYoungGen: 1413988K->6852K(1355136K)] 1964549K->557549K(2042112K), 0.0247870 secs] [Times: user=0.07 sys=0.00, real=0.03 secs] 
2014-07-16T05:08:43.859+0000: 978.103: [GC [PSYoungGen: 1355076K->2152K(1293824K)] 1905773K->557755K(1980800K), 0.0080760 secs] [Times: user=0.02 sys=0.00, real=0.01 secs] 
2014-07-16T05:08:46.627+0000: 980.872: [GC [PSYoungGen: 1293800K->6892K(1244736K)] 1849403K->562591K(1931712K), 0.0192500 secs] [Times: user=0.07 sys=0.00, real=0.02 secs] 
2014-07-16T05:08:49.286+0000: 983.530: [GC [PSYoungGen: 1244716K->6184K(1192832K)] 1800415K->562843K(1879808K), 0.0202860 secs] [Times: user=0.06 sys=0.00, real=0.02 secs] 
2014-07-16T05:08:51.819+0000: 986.063: [GC [PSYoungGen: 1192808K->6852K(1144832K)] 1749467K->563631K(1831808K), 0.0170120 secs] [Times: user=0.06 sys=0.00, real=0.01 secs] 
2014-07-16T05:08:54.249+0000: 988.493: [GC [PSYoungGen: 1144772K->2152K(1093760K)] 1701551K->563852K(1780736K), 0.0323190 secs] [Times: user=0.12 sys=0.01, real=0.03 secs] 
2014-07-16T05:08:56.586+0000: 990.830: [GC [PSYoungGen: 1093736K->6924K(1054464K)] 1655436K->568704K(1741440K), 0.0156970 secs] [Times: user=0.04 sys=0.01, real=0.01 secs] 
2014-07-16T05:08:58.857+0000: 993.101: [GC [PSYoungGen: 1054412K->5988K(1263040K)] 1616192K->568776K(1950016K), 0.0433080 secs] [Times: user=0.16 sys=0.00, real=0.05 secs] 
2014-07-16T05:09:01.581+0000: 995.825: [GC [PSYoungGen: 1262975K->6838K(1211776K)] 1825763K->569730K(1898752K), 0.0214240 secs] [Times: user=0.06 sys=0.00, real=0.02 secs] 
2014-07-16T05:09:04.226+0000: 998.470: [GC [PSYoungGen: 1211766K->2156K(1157504K)] 1774658K->570025K(1844480K), 0.0232690 secs] [Times: user=0.08 sys=0.00, real=0.03 secs] 
2014-07-16T05:09:06.721+0000: 1000.965: [GC [PSYoungGen: 1157484K->7106K(1115328K)] 1725353K->575064K(1802304K), 0.0202110 secs] [Times: user=0.08 sys=0.00, real=0.02 secs] 
2014-07-16T05:09:09.118+0000: 1003.362: [GC [PSYoungGen: 1115266K->5690K(1335488K)] 1683224K->575128K(2022464K), 0.0401030 secs] [Times: user=0.15 sys=0.00, real=0.04 secs] 
2014-07-16T05:09:11.938+0000: 1006.182: [GC [PSYoungGen: 1335482K->6852K(1602688K)] 1904920K->576386K(2289664K), 0.0342210 secs] [Times: user=0.13 sys=0.00, real=0.04 secs] 
2014-07-16T05:09:15.404+0000: 1009.648: [GC [PSYoungGen: 1602605K->2430K(1529536K)] 2172138K->576679K(2216512K), 0.0089640 secs] [Times: user=0.03 sys=0.00, real=0.01 secs] 
2014-07-16T05:09:18.729+0000: 1012.973: [GC [PSYoungGen: 1529534K->7120K(1468992K)] 2103783K->581498K(2155968K), 0.0373860 secs] [Times: user=0.14 sys=0.00, real=0.04 secs] 
2014-07-16T05:09:21.839+0000: 1016.083: [GC [PSYoungGen: 1468944K->5412K(1405184K)] 2043322K->581510K(2092160K), 0.0300090 secs] [Times: user=0.10 sys=0.00, real=0.03 secs] 
2014-07-16T05:09:24.855+0000: 1019.100: [GC [PSYoungGen: 1405156K->6856K(1347584K)] 1981254K->583170K(2034560K), 0.0257720 secs] [Times: user=0.08 sys=0.00, real=0.03 secs] 
2014-07-16T05:09:27.734+0000: 1021.978: [GC [PSYoungGen: 1347528K->2548K(1287040K)] 1923842K->583172K(1974016K), 0.0335720 secs] [Times: user=0.13 sys=0.00, real=0.03 secs] 
2014-07-16T05:09:30.503+0000: 1024.747: [GC [PSYoungGen: 1287028K->7188K(1238272K)] 1867652K->587868K(1925248K), 0.0254330 secs] [Times: user=0.10 sys=0.00, real=0.02 secs] 
2014-07-16T05:09:33.204+0000: 1027.448: [GC [PSYoungGen: 1238228K->5092K(1482368K)] 1818908K->587902K(2169344K), 0.0456820 secs] [Times: user=0.15 sys=0.00, real=0.04 secs] 
2014-07-16T05:09:36.328+0000: 1030.572: [GC [PSYoungGen: 1482340K->6756K(1779520K)] 2065150K->589734K(2466496K), 0.0337160 secs] [Times: user=0.11 sys=0.00, real=0.03 secs] 
2014-07-16T05:09:40.101+0000: 1034.345: [GC [PSYoungGen: 1779492K->3132K(1953408K)] 2362470K->589963K(2640384K), 0.0301100 secs] [Times: user=0.11 sys=0.00, real=0.03 secs] 
2014-07-16T05:09:44.258+0000: 1038.503: [GC [PSYoungGen: 1953404K->7084K(1871296K)] 2540235K->594003K(2558272K), 0.0199860 secs] [Times: user=0.07 sys=0.00, real=0.02 secs] 
2014-07-16T05:09:48.285+0000: 1042.529: [GC [PSYoungGen: 1871276K->438K(1782784K)] 2458195K->594476K(2469760K), 0.0332590 secs] [Times: user=0.12 sys=0.01, real=0.03 secs] 
2014-07-16T05:09:52.059+0000: 1046.303: [GC [PSYoungGen: 1782774K->7362K(1711936K)] 2376812K->601417K(2398912K), 0.0179210 secs] [Times: user=0.05 sys=0.00, real=0.02 secs] 
2014-07-16T05:09:55.706+0000: 1049.950: [GC [PSYoungGen: 1711827K->6778K(1637312K)] 2305881K->601655K(2324288K), 0.0362770 secs] [Times: user=0.12 sys=0.00, real=0.03 secs] 
2014-07-16T05:09:59.184+0000: 1053.428: [GC [PSYoungGen: 1637306K->6628K(1566848K)] 2232183K->601633K(2253824K), 0.0221500 secs] [Times: user=0.08 sys=0.01, real=0.03 secs] 
2014-07-16T05:10:02.521+0000: 1056.765: [GC [PSYoungGen: 1566820K->1956K(1495232K)] 2161825K->602217K(2182208K), 0.0395980 secs] [Times: user=0.14 sys=0.00, real=0.04 secs] 
2014-07-16T05:10:05.721+0000: 1059.965: [GC [PSYoungGen: 1495204K->7020K(1436672K)] 2095465K->607401K(2123648K), 0.0316050 secs] [Times: user=0.11 sys=0.00, real=0.03 secs] 
2014-07-16T05:10:08.815+0000: 1063.060: [GC [PSYoungGen: 1436652K->6372K(1375488K)] 2037033K->607489K(2062464K), 0.0214710 secs] [Times: user=0.07 sys=0.00, real=0.02 secs] 
2014-07-16T05:10:11.727+0000: 1065.971: [GC [PSYoungGen: 1375460K->7048K(1318592K)] 1976577K->608277K(2005568K), 0.0230970 secs] [Times: user=0.07 sys=0.00, real=0.03 secs] 
2014-07-16T05:10:14.561+0000: 1068.805: [GC [PSYoungGen: 1318536K->1764K(1258496K)] 1919765K->608249K(1945472K), 0.0319460 secs] [Times: user=0.11 sys=0.00, real=0.03 secs] 
2014-07-16T05:10:17.258+0000: 1071.503: [GC [PSYoungGen: 1258468K->7042K(1211712K)] 1864953K->613608K(1898688K), 0.0283300 secs] [Times: user=0.11 sys=0.00, real=0.02 secs] 
2014-07-16T05:10:19.873+0000: 1074.117: [GC [PSYoungGen: 1211650K->6134K(1161152K)] 1818216K->613716K(1848128K), 0.0237210 secs] [Times: user=0.07 sys=0.00, real=0.02 secs] 
2014-07-16T05:10:22.351+0000: 1076.595: [GC [PSYoungGen: 1161142K->6756K(1114624K)] 1768724K->614465K(1801600K), 0.0161920 secs] [Times: user=0.06 sys=0.00, real=0.01 secs] 
2014-07-16T05:10:24.751+0000: 1078.995: [GC [PSYoungGen: 1114596K->2092K(1065024K)] 1722305K->614742K(1752000K), 0.0271720 secs] [Times: user=0.10 sys=0.01, real=0.02 secs] 
2014-07-16T05:10:27.038+0000: 1081.282: [GC [PSYoungGen: 1065004K->6892K(1027072K)] 1677654K->619615K(1714048K), 0.0279670 secs] [Times: user=0.10 sys=0.00, real=0.03 secs] 
2014-07-16T05:10:29.275+0000: 1083.519: [GC [PSYoungGen: 1027052K->5860K(985344K)] 1639775K->619823K(1672320K), 0.0219030 secs] [Times: user=0.08 sys=0.01, real=0.02 secs] 
2014-07-16T05:10:31.355+0000: 1085.600: [GC [PSYoungGen: 985316K->6984K(1182400K)] 1599279K->621035K(1869376K), 0.0316150 secs] [Times: user=0.11 sys=0.00, real=0.03 secs] 
2014-07-16T05:10:33.942+0000: 1088.186: [GC [PSYoungGen: 1182344K->1962K(1412416K)] 1796395K->621205K(2099392K), 0.0443270 secs] [Times: user=0.15 sys=0.01, real=0.04 secs] 
2014-07-16T05:10:36.892+0000: 1091.136: [GC [PSYoungGen: 1412350K->7312K(1699904K)] 2031593K->626636K(2386880K), 0.0359000 secs] [Times: user=0.13 sys=0.00, real=0.03 secs] 
2014-07-16T05:10:40.507+0000: 1094.751: [GC [PSYoungGen: 1699856K->5540K(1916736K)] 2319180K->626594K(2603712K), 0.0338700 secs] [Times: user=0.13 sys=0.01, real=0.03 secs] 
2014-07-16T05:10:44.599+0000: 1098.843: [GC [PSYoungGen: 1916708K->6966K(1918656K)] 2537762K->628188K(2605632K), 0.0250000 secs] [Times: user=0.08 sys=0.00, real=0.03 secs] 
2014-07-16T05:10:48.687+0000: 1102.931: [GC [PSYoungGen: 1918134K->6778K(1833792K)] 2539356K->628240K(2520768K), 0.0076520 secs] [Times: user=0.03 sys=0.00, real=0.01 secs] 
2014-07-16T05:10:52.602+0000: 1106.846: [GC [PSYoungGen: 1833786K->6806K(1753856K)] 2455248K->628348K(2440832K), 0.0323130 secs] [Times: user=0.11 sys=0.01, real=0.04 secs] 
2014-07-16T05:10:56.362+0000: 1110.606: [GC [PSYoungGen: 1753814K->1400K(1672320K)] 2375356K->628714K(2359296K), 0.0223190 secs] [Times: user=0.08 sys=0.01, real=0.03 secs] 
2014-07-16T05:10:59.931+0000: 1114.175: [GC [PSYoungGen: 1672312K->7056K(1605696K)] 2299626K->634443K(2292672K), 0.0115690 secs] [Times: user=0.02 sys=0.00, real=0.01 secs] 
2014-07-16T05:11:03.333+0000: 1117.577: [GC [PSYoungGen: 1605648K->6500K(1536320K)] 2233035K->634423K(2223296K), 0.0303900 secs] [Times: user=0.11 sys=0.00, real=0.03 secs] 
2014-07-16T05:11:06.636+0000: 1120.881: [GC [PSYoungGen: 1536292K->6660K(1471104K)] 2164215K->634799K(2158080K), 0.0256970 secs] [Times: user=0.09 sys=0.00, real=0.02 secs] 
2014-07-16T05:11:09.796+0000: 1124.041: [GC [PSYoungGen: 1471044K->1632K(1403840K)] 2099183K->635187K(2090816K), 0.0230250 secs] [Times: user=0.08 sys=0.00, real=0.02 secs] 
2014-07-16T05:11:12.811+0000: 1127.055: [GC [PSYoungGen: 1403808K->7116K(1350144K)] 2037363K->640712K(2037120K), 0.0238610 secs] [Times: user=0.08 sys=0.01, real=0.02 secs] 
2014-07-16T05:11:15.778+0000: 1130.022: [GC [PSYoungGen: 1350092K->6052K(1292736K)] 1983688K->640664K(1979712K), 0.0205630 secs] [Times: user=0.06 sys=0.00, real=0.02 secs] 
2014-07-16T05:11:18.535+0000: 1132.780: [GC [PSYoungGen: 1292708K->6628K(1239744K)] 1927320K->641408K(1926720K), 0.0411330 secs] [Times: user=0.16 sys=0.00, real=0.04 secs] 
2014-07-16T05:11:21.189+0000: 1135.433: [GC [PSYoungGen: 1239716K->2156K(1481920K)] 1874496K->641898K(2168896K), 0.0434910 secs] [Times: user=0.17 sys=0.00, real=0.04 secs] 
2014-07-16T05:11:24.347+0000: 1138.591: [GC [PSYoungGen: 1481900K->7462K(1424256K)] 2121642K->647309K(2111232K), 0.0225580 secs] [Times: user=0.09 sys=0.00, real=0.03 secs] 
2014-07-16T05:11:27.427+0000: 1141.672: [GC [PSYoungGen: 1424230K->5356K(1362240K)] 2064077K->647229K(2049216K), 0.0207860 secs] [Times: user=0.08 sys=0.00, real=0.02 secs] 
2014-07-16T05:11:30.355+0000: 1144.599: [GC [PSYoungGen: 1362195K->6892K(1306816K)] 2004067K->648885K(1993792K), 0.0249170 secs] [Times: user=0.09 sys=0.01, real=0.03 secs] 
2014-07-16T05:11:33.139+0000: 1147.383: [GC [PSYoungGen: 1306796K->3132K(1248832K)] 1948789K->649056K(1935808K), 0.0190630 secs] [Times: user=0.07 sys=0.00, real=0.02 secs] 
2014-07-16T05:11:35.865+0000: 1150.110: [GC [PSYoungGen: 1248828K->6974K(1201088K)] 1894752K->653034K(1888064K), 0.0178830 secs] [Times: user=0.05 sys=0.01, real=0.02 secs] 
2014-07-16T05:11:38.395+0000: 1152.639: [GC [PSYoungGen: 1201086K->5156K(1150208K)] 1847146K->652992K(1837184K), 0.0314420 secs] [Times: user=0.12 sys=0.00, real=0.03 secs] 
2014-07-16T05:11:40.901+0000: 1155.146: [GC [PSYoungGen: 1150180K->6852K(1380992K)] 1798016K->654760K(2067968K), 0.0385570 secs] [Times: user=0.13 sys=0.00, real=0.03 secs] 
2014-07-16T05:11:43.820+0000: 1158.065: [GC [PSYoungGen: 1380932K->3068K(1651968K)] 2028840K->654919K(2338944K), 0.0288570 secs] [Times: user=0.10 sys=0.00, real=0.03 secs] 
2014-07-16T05:11:47.385+0000: 1161.630: [GC [PSYoungGen: 1651964K->6956K(1584576K)] 2303815K->658927K(2271552K), 0.0296040 secs] [Times: user=0.09 sys=0.01, real=0.03 secs] 
2014-07-16T05:11:50.789+0000: 1165.033: [GC [PSYoungGen: 1584556K->4964K(1514816K)] 2236527K->659392K(2201792K), 0.0299570 secs] [Times: user=0.11 sys=0.00, real=0.03 secs] 
2014-07-16T05:11:54.031+0000: 1168.276: [GC [PSYoungGen: 1514788K->6660K(1818560K)] 2169216K->661288K(2505536K), 0.0609780 secs] [Times: user=0.22 sys=0.00, real=0.06 secs] 
2014-07-16T05:11:57.928+0000: 1172.172: [GC [PSYoungGen: 1818500K->3424K(2177664K)] 2473128K->661646K(2864640K), 0.0234430 secs] [Times: user=0.08 sys=0.00, real=0.02 secs] 
2014-07-16T05:12:02.565+0000: 1176.809: [GC [PSYoungGen: 2177632K->7234K(2084352K)] 2835854K->665568K(2771328K), 0.0286490 secs] [Times: user=0.10 sys=0.00, real=0.03 secs] 
2014-07-16T05:12:07.052+0000: 1181.296: [GC [PSYoungGen: 2084290K->4272K(1988992K)] 2742624K->665774K(2675968K), 0.0247400 secs] [Times: user=0.10 sys=0.00, real=0.03 secs] 
2014-07-16T05:12:11.289+0000: 1185.533: [GC [PSYoungGen: 1988976K->7084K(1904000K)] 2650478K->668779K(2590976K), 0.0246420 secs] [Times: user=0.10 sys=0.00, real=0.02 secs] 
2014-07-16T05:12:15.315+0000: 1189.559: [GC [PSYoungGen: 1903980K->4012K(1817472K)] 2565675K->668781K(2504448K), 0.0099370 secs] [Times: user=0.03 sys=0.01, real=0.01 secs] 
2014-07-16T05:12:19.226+0000: 1193.471: [GC [PSYoungGen: 1817452K->6792K(1740928K)] 2482221K->671690K(2427904K), 0.0219910 secs] [Times: user=0.08 sys=0.00, real=0.03 secs] 
2014-07-16T05:12:22.954+0000: 1197.198: [GC [PSYoungGen: 1740872K->4272K(1662912K)] 2405770K->672028K(2349888K), 0.0326400 secs] [Times: user=0.12 sys=0.00, real=0.03 secs] 
2014-07-16T05:12:26.552+0000: 1200.796: [GC [PSYoungGen: 1662896K->7084K(1593984K)] 2330652K->675040K(2280960K), 0.0174110 secs] [Times: user=0.06 sys=0.01, real=0.02 secs] 
2014-07-16T05:12:29.947+0000: 1204.191: [GC [PSYoungGen: 1593961K->3752K(1522432K)] 2261917K->675276K(2209408K), 0.0240140 secs] [Times: user=0.09 sys=0.01, real=0.03 secs] 
2014-07-16T05:12:33.207+0000: 1207.452: [GC [PSYoungGen: 1522408K->7216K(1460992K)] 2193932K->678885K(2147968K), 0.0320000 secs] [Times: user=0.10 sys=0.00, real=0.04 secs] 
2014-07-16T05:12:36.386+0000: 1210.631: [GC [PSYoungGen: 1460976K->4148K(1396224K)] 2132645K->678970K(2083200K), 0.0264350 secs] [Times: user=0.11 sys=0.00, real=0.03 secs] 
2014-07-16T05:12:39.351+0000: 1213.595: [GC [PSYoungGen: 1396212K->6778K(1340160K)] 2071034K->681704K(2027136K), 0.0247510 secs] [Times: user=0.08 sys=0.00, real=0.02 secs] 
2014-07-16T05:12:42.245+0000: 1216.490: [GC [PSYoungGen: 1340154K->4344K(1281920K)] 2015080K->682258K(1968896K), 0.0230700 secs] [Times: user=0.08 sys=0.00, real=0.02 secs] 
2014-07-16T05:12:44.972+0000: 1219.217: [GC [PSYoungGen: 1281912K->6892K(1231360K)] 1959826K->685014K(1918336K), 0.0412060 secs] [Times: user=0.15 sys=0.00, real=0.04 secs] 
2014-07-16T05:12:47.610+0000: 1221.854: [GC [PSYoungGen: 1231340K->4144K(1178048K)] 1909462K->685232K(1865024K), 0.0297000 secs] [Times: user=0.11 sys=0.00, real=0.03 secs] 
2014-07-16T05:12:47.659+0000: 1221.903: [Full GC [PSYoungGen: 4144K->0K(1178048K)] [ParOldGen: 681087K->131316K(401856K)] 685232K->131316K(1579904K) [PSPermGen: 11460K->11239K(22976K)], 0.3619060 secs] [Times: user=1.04 sys=0.05, real=0.36 secs] 
2014-07-16T05:12:50.307+0000: 1224.551: [GC [PSYoungGen: 1173888K->7608K(1133632K)] 1305204K->138949K(1535488K), 0.0247260 secs] [Times: user=0.09 sys=0.00, real=0.03 secs] 
2014-07-16T05:12:52.755+0000: 1226.999: [GC [PSYoungGen: 1133624K->3516K(1348928K)] 1264965K->139023K(1750784K), 0.0281760 secs] [Times: user=0.10 sys=0.00, real=0.03 secs] 
2014-07-16T05:12:55.672+0000: 1229.916: [GC [PSYoungGen: 1348924K->7056K(1296320K)] 1484431K->142675K(1698176K), 0.0251940 secs] [Times: user=0.09 sys=0.01, real=0.03 secs] 
2014-07-16T05:12:58.465+0000: 1232.709: [GC [PSYoungGen: 1296272K->5174K(1240960K)] 1431891K->142851K(1642816K), 0.0212310 secs] [Times: user=0.07 sys=0.01, real=0.02 secs] 
2014-07-16T05:13:01.176+0000: 1235.420: [GC [PSYoungGen: 1240950K->7052K(1192000K)] 1378627K->144825K(1593856K), 0.0190290 secs] [Times: user=0.07 sys=0.00, real=0.02 secs] 
2014-07-16T05:13:03.647+0000: 1237.892: [GC [PSYoungGen: 1191948K->3360K(1139904K)] 1329721K->144769K(1541760K), 0.0165190 secs] [Times: user=0.06 sys=0.00, real=0.02 secs] 
2014-07-16T05:13:06.093+0000: 1240.338: [GC [PSYoungGen: 1139872K->7074K(1097536K)] 1281281K->148579K(1499392K), 0.0265860 secs] [Times: user=0.10 sys=0.00, real=0.03 secs] 
2014-07-16T05:13:08.438+0000: 1242.682: [GC [PSYoungGen: 1097506K->5028K(1051648K)] 1239011K->148553K(1453504K), 0.0246350 secs] [Times: user=0.09 sys=0.00, real=0.02 secs] 
2014-07-16T05:13:10.702+0000: 1244.947: [GC [PSYoungGen: 1051620K->6884K(1011776K)] 1195145K->150513K(1413632K), 0.0127640 secs] [Times: user=0.04 sys=0.00, real=0.02 secs] 
2014-07-16T05:13:12.853+0000: 1247.098: [GC [PSYoungGen: 1011748K->3428K(1204096K)] 1155377K->150722K(1605952K), 0.0337080 secs] [Times: user=0.10 sys=0.00, real=0.04 secs] 
2014-07-16T05:13:15.414+0000: 1249.658: [GC [PSYoungGen: 1204068K->6924K(1441536K)] 1351362K->154307K(1843392K), 0.0271300 secs] [Times: user=0.09 sys=0.01, real=0.03 secs] 
2014-07-16T05:13:18.534+0000: 1252.778: [GC [PSYoungGen: 1441484K->4836K(1378880K)] 1588867K->154617K(1780736K), 0.0110070 secs] [Times: user=0.04 sys=0.00, real=0.01 secs] 
2014-07-16T05:13:21.546+0000: 1255.791: [GC [PSYoungGen: 1378852K->6788K(1323264K)] 1528633K->156673K(1725120K), 0.0130640 secs] [Times: user=0.05 sys=0.00, real=0.02 secs] 
2014-07-16T05:13:24.319+0000: 1258.564: [GC [PSYoungGen: 1323204K->3552K(1265216K)] 1473089K->157001K(1667072K), 0.0113210 secs] [Times: user=0.04 sys=0.00, real=0.01 secs] 
2014-07-16T05:13:27.037+0000: 1261.281: [GC [PSYoungGen: 1265184K->6842K(1216384K)] 1418633K->160411K(1618240K), 0.0163890 secs] [Times: user=0.06 sys=0.01, real=0.02 secs] 
2014-07-16T05:13:29.639+0000: 1263.883: [GC [PSYoungGen: 1216378K->4708K(1164672K)] 1369947K->160639K(1566528K), 0.0236430 secs] [Times: user=0.07 sys=0.00, real=0.02 secs] 
2014-07-16T05:13:32.142+0000: 1266.386: [GC [PSYoungGen: 1164644K->6884K(1119680K)] 1320575K->162927K(1521536K), 0.0389320 secs] [Times: user=0.14 sys=0.00, real=0.04 secs] 
2014-07-16T05:13:34.547+0000: 1268.791: [GC [PSYoungGen: 1119652K->3492K(1071360K)] 1275695K->163057K(1473216K), 0.0255380 secs] [Times: user=0.09 sys=0.00, real=0.03 secs] 
2014-07-16T05:13:36.926+0000: 1271.170: [GC [PSYoungGen: 1071332K->7338K(1032448K)] 1230897K->166992K(1434304K), 0.0208720 secs] [Times: user=0.08 sys=0.00, real=0.02 secs] 
2014-07-16T05:13:39.131+0000: 1273.375: [GC [PSYoungGen: 1032426K->4140K(988544K)] 1192080K->166617K(1390400K), 0.0074460 secs] [Times: user=0.02 sys=0.00, real=0.00 secs] 
2014-07-16T05:13:41.249+0000: 1275.493: [GC [PSYoungGen: 988524K->6942K(952576K)] 1151001K->169507K(1354432K), 0.0222900 secs] [Times: user=0.08 sys=0.00, real=0.03 secs] 
2014-07-16T05:13:43.360+0000: 1277.605: [GC [PSYoungGen: 952542K->3888K(1133632K)] 1115107K->169666K(1535488K), 0.0305420 secs] [Times: user=0.10 sys=0.00, real=0.03 secs] 
2014-07-16T05:13:45.796+0000: 1280.040: [GC [PSYoungGen: 1133616K->6892K(1090880K)] 1299394K->172806K(1492736K), 0.0182710 secs] [Times: user=0.06 sys=0.00, real=0.02 secs] 
2014-07-16T05:13:48.121+0000: 1282.365: [GC [PSYoungGen: 1090860K->4206K(1044672K)] 1256774K->172879K(1446528K), 0.0064200 secs] [Times: user=0.02 sys=0.00, real=0.00 secs] 
2014-07-16T05:13:50.353+0000: 1284.597: [GC [PSYoungGen: 1044599K->7156K(1006144K)] 1213272K->175885K(1408000K), 0.0273180 secs] [Times: user=0.08 sys=0.01, real=0.02 secs] 
2014-07-16T05:13:52.526+0000: 1286.770: [GC [PSYoungGen: 1006132K->3492K(963008K)] 1174861K->175949K(1364864K), 0.0229830 secs] [Times: user=0.08 sys=0.00, real=0.02 secs] 
2014-07-16T05:13:54.577+0000: 1288.821: [GC [PSYoungGen: 962931K->6960K(928896K)] 1135388K->179562K(1330752K), 0.0153010 secs] [Times: user=0.06 sys=0.00, real=0.02 secs] 
2014-07-16T05:13:56.567+0000: 1290.811: [GC [PSYoungGen: 928880K->4530K(890688K)] 1101482K->179605K(1292544K), 0.0254190 secs] [Times: user=0.09 sys=0.00, real=0.03 secs] 
2014-07-16T05:13:58.455+0000: 1292.700: [GC [PSYoungGen: 890674K->6728K(858816K)] 1065749K->181883K(1260672K), 0.0110000 secs] [Times: user=0.01 sys=0.00, real=0.01 secs] 
2014-07-16T05:14:00.300+0000: 1294.544: [GC [PSYoungGen: 858760K->3556K(823168K)] 1033915K->182266K(1225024K), 0.0155060 secs] [Times: user=0.06 sys=0.00, real=0.02 secs] 
2014-07-16T05:14:02.048+0000: 1296.293: [GC [PSYoungGen: 823140K->6828K(795456K)] 1001850K->185642K(1197312K), 0.0107840 secs] [Times: user=0.02 sys=0.00, real=0.01 secs] 
2014-07-16T05:14:03.814+0000: 1298.058: [GC [PSYoungGen: 795436K->4466K(763584K)] 974250K->185945K(1165440K), 0.0151950 secs] [Times: user=0.05 sys=0.00, real=0.01 secs] 
2014-07-16T05:14:05.456+0000: 1299.701: [GC [PSYoungGen: 763570K->6810K(737856K)] 945049K->188393K(1139712K), 0.0239630 secs] [Times: user=0.08 sys=0.01, real=0.02 secs] 
2014-07-16T05:14:07.025+0000: 1301.270: [GC [PSYoungGen: 737818K->3552K(877568K)] 919401K->188475K(1279424K), 0.0291830 secs] [Times: user=0.11 sys=0.00, real=0.03 secs] 
2014-07-16T05:14:08.908+0000: 1303.152: [GC [PSYoungGen: 877536K->6892K(1051712K)] 1062459K->191887K(1453568K), 0.0204120 secs] [Times: user=0.07 sys=0.00, real=0.02 secs] 
2014-07-16T05:14:11.124+0000: 1305.368: [GC [PSYoungGen: 1051692K->4384K(1252864K)] 1236687K->192160K(1654720K), 0.0148680 secs] [Times: user=0.04 sys=0.00, real=0.01 secs] 
2014-07-16T05:14:13.811+0000: 1308.055: [GC [PSYoungGen: 1252832K->6792K(1498880K)] 1440608K->194721K(1900736K), 0.0323700 secs] [Times: user=0.12 sys=0.00, real=0.03 secs] 
2014-07-16T05:14:17.004+0000: 1311.248: [GC [PSYoungGen: 1498824K->3646K(1786112K)] 1686753K->194963K(2187968K), 0.0232660 secs] [Times: user=0.07 sys=0.00, real=0.03 secs] 
2014-07-16T05:14:20.829+0000: 1315.073: [GC [PSYoungGen: 1786110K->6970K(1711872K)] 1977427K->198367K(2113728K), 0.0222850 secs] [Times: user=0.08 sys=0.00, real=0.02 secs] 
2014-07-16T05:14:24.510+0000: 1318.755: [GC [PSYoungGen: 1711842K->4262K(1635392K)] 1903239K->198617K(2037248K), 0.0206030 secs] [Times: user=0.08 sys=0.00, real=0.02 secs] 
2014-07-16T05:14:28.075+0000: 1322.319: [GC [PSYoungGen: 1635366K->6988K(1568000K)] 1829721K->201487K(1969856K), 0.0119220 secs] [Times: user=0.04 sys=0.00, real=0.01 secs] 
2014-07-16T05:14:31.447+0000: 1325.691: [GC [PSYoungGen: 1567948K->3556K(1497856K)] 1762447K->201660K(1899712K), 0.0358400 secs] [Times: user=0.13 sys=0.00, real=0.04 secs] 
2014-07-16T05:14:34.709+0000: 1328.953: [GC [PSYoungGen: 1497828K->7006K(1437888K)] 1695932K->205262K(1839744K), 0.0195160 secs] [Times: user=0.06 sys=0.00, real=0.02 secs] 
2014-07-16T05:14:37.805+0000: 1332.049: [GC [PSYoungGen: 1437854K->4262K(1374784K)] 1636110K->205364K(1776640K), 0.0140310 secs] [Times: user=0.05 sys=0.01, real=0.02 secs] 
2014-07-16T05:14:40.728+0000: 1334.973: [GC [PSYoungGen: 1374758K->7006K(1320128K)] 1575860K->208180K(1721984K), 0.0169480 secs] [Times: user=0.06 sys=0.00, real=0.02 secs] 
2014-07-16T05:14:43.588+0000: 1337.832: [GC [PSYoungGen: 1320094K->3452K(1261952K)] 1521268K->208266K(1663808K), 0.0217000 secs] [Times: user=0.07 sys=0.00, real=0.03 secs] 
2014-07-16T05:14:46.299+0000: 1340.543: [GC [PSYoungGen: 1261948K->7134K(1213696K)] 1466762K->212068K(1615552K), 0.0175130 secs] [Times: user=0.06 sys=0.00, real=0.02 secs] 
2014-07-16T05:14:48.897+0000: 1343.141: [GC [PSYoungGen: 1213662K->4148K(1161216K)] 1418596K->212057K(1563072K), 0.0435990 secs] [Times: user=0.16 sys=0.00, real=0.05 secs] 
2014-07-16T05:14:51.379+0000: 1345.623: [GC [PSYoungGen: 1161204K->6970K(1116992K)] 1369113K->214967K(1518848K), 0.0205340 secs] [Times: user=0.07 sys=0.00, real=0.02 secs] 
2014-07-16T05:14:53.763+0000: 1348.008: [GC [PSYoungGen: 1116986K->3628K(1068864K)] 1324983K->215146K(1470720K), 0.0212890 secs] [Times: user=0.06 sys=0.00, real=0.02 secs] 
2014-07-16T05:14:56.059+0000: 1350.304: [GC [PSYoungGen: 1068844K->6760K(1029376K)] 1280362K->218382K(1431232K), 0.0241640 secs] [Times: user=0.09 sys=0.00, real=0.03 secs] 
2014-07-16T05:14:58.280+0000: 1352.524: [GC [PSYoungGen: 1029352K->4334K(986368K)] 1240974K->218745K(1388224K), 0.0103680 secs] [Times: user=0.04 sys=0.00, real=0.01 secs] 
2014-07-16T05:15:00.348+0000: 1354.592: [GC [PSYoungGen: 986350K->6874K(1180480K)] 1200761K->221349K(1582336K), 0.0390130 secs] [Times: user=0.15 sys=0.00, real=0.04 secs] 
2014-07-16T05:15:02.852+0000: 1357.097: [GC [PSYoungGen: 1180372K->3492K(1129216K)] 1394847K->221660K(1531072K), 0.0100700 secs] [Times: user=0.03 sys=0.00, real=0.01 secs] 
2014-07-16T05:15:05.263+0000: 1359.507: [GC [PSYoungGen: 1129188K->6960K(1087104K)] 1347356K->225240K(1488960K), 0.0144400 secs] [Times: user=0.05 sys=0.00, real=0.01 secs] 
2014-07-16T05:15:07.578+0000: 1361.822: [GC [PSYoungGen: 1087088K->4402K(1041216K)] 1305368K->225438K(1443072K), 0.0233180 secs] [Times: user=0.08 sys=0.01, real=0.02 secs] 
2014-07-16T05:15:09.794+0000: 1364.038: [GC [PSYoungGen: 1041202K->6760K(1002304K)] 1262238K->227852K(1404160K), 0.0221280 secs] [Times: user=0.07 sys=0.00, real=0.02 secs] 
2014-07-16T05:15:11.951+0000: 1366.195: [GC [PSYoungGen: 1002280K->3684K(959936K)] 1223372K->228226K(1361792K), 0.0205240 secs] [Times: user=0.07 sys=0.00, real=0.02 secs] 
2014-07-16T05:15:14.004+0000: 1368.248: [GC [PSYoungGen: 959908K->6892K(925696K)] 1184450K->231618K(1327552K), 0.0150590 secs] [Times: user=0.05 sys=0.00, real=0.01 secs] 
2014-07-16T05:15:15.966+0000: 1370.210: [GC [PSYoungGen: 925676K->4270K(1102656K)] 1150402K->231712K(1504512K), 0.0404250 secs] [Times: user=0.14 sys=0.00, real=0.04 secs] 
2014-07-16T05:15:18.330+0000: 1372.574: [GC [PSYoungGen: 1102638K->7038K(1319744K)] 1330080K->234602K(1721600K), 0.0208110 secs] [Times: user=0.07 sys=0.01, real=0.02 secs] 
2014-07-16T05:15:21.131+0000: 1375.375: [GC [PSYoungGen: 1319742K->3452K(1261568K)] 1547306K->234492K(1663424K), 0.0097070 secs] [Times: user=0.03 sys=0.00, real=0.01 secs] 
2014-07-16T05:15:23.850+0000: 1378.094: [GC [PSYoungGen: 1261564K->6860K(1213056K)] 1492604K->238068K(1614912K), 0.0144160 secs] [Times: user=0.04 sys=0.00, real=0.01 secs] 
2014-07-16T05:15:26.431+0000: 1380.675: [GC [PSYoungGen: 1213004K->4384K(1161152K)] 1444212K->238273K(1563008K), 0.0182890 secs] [Times: user=0.07 sys=0.00, real=0.02 secs] 
2014-07-16T05:15:28.914+0000: 1383.158: [GC [PSYoungGen: 1161120K->6842K(1116544K)] 1395009K->240811K(1518400K), 0.0208270 secs] [Times: user=0.05 sys=0.00, real=0.02 secs] 
2014-07-16T05:15:31.292+0000: 1385.536: [GC [PSYoungGen: 1116538K->3500K(1068416K)] 1350507K->240967K(1470272K), 0.0100250 secs] [Times: user=0.02 sys=0.01, real=0.01 secs] 
2014-07-16T05:15:33.652+0000: 1387.896: [GC [PSYoungGen: 1068396K->7006K(1029312K)] 1305863K->244593K(1431168K), 0.0269320 secs] [Times: user=0.10 sys=0.00, real=0.03 secs] 
2014-07-16T05:15:35.788+0000: 1390.033: [GC [PSYoungGen: 1029278K->4084K(985792K)] 1266865K->244642K(1387648K), 0.0207200 secs] [Times: user=0.08 sys=0.00, real=0.02 secs] 
2014-07-16T05:15:37.917+0000: 1392.162: [GC [PSYoungGen: 985780K->6888K(949952K)] 1226338K->247551K(1351808K), 0.0132720 secs] [Times: user=0.04 sys=0.00, real=0.01 secs] 
2014-07-16T05:15:39.962+0000: 1394.206: [GC [PSYoungGen: 949928K->3628K(909888K)] 1190591K->247575K(1311744K), 0.0118680 secs] [Times: user=0.04 sys=0.00, real=0.01 secs] 
2014-07-16T05:15:41.909+0000: 1396.153: [GC [PSYoungGen: 909868K->7152K(878336K)] 1153815K->251187K(1280192K), 0.0196530 secs] [Times: user=0.07 sys=0.00, real=0.02 secs] 
2014-07-16T05:15:43.854+0000: 1398.098: [GC [PSYoungGen: 878320K->3684K(841472K)] 1122355K->251247K(1243328K), 0.0234670 secs] [Times: user=0.08 sys=0.00, real=0.02 secs] 
2014-07-16T05:15:45.641+0000: 1399.886: [GC [PSYoungGen: 841444K->6956K(812928K)] 1089007K->254635K(1214784K), 0.0156370 secs] [Times: user=0.06 sys=0.00, real=0.01 secs] 
2014-07-16T05:15:47.378+0000: 1401.622: [GC [PSYoungGen: 812908K->4092K(779712K)] 1060587K->254683K(1181568K), 0.0140860 secs] [Times: user=0.05 sys=0.00, real=0.02 secs] 
2014-07-16T05:15:49.105+0000: 1403.349: [GC [PSYoungGen: 779708K->7038K(753792K)] 1030299K->257654K(1155648K), 0.0107350 secs] [Times: user=0.02 sys=0.00, real=0.01 secs] 
2014-07-16T05:15:50.697+0000: 1404.942: [GC [PSYoungGen: 753790K->3492K(896576K)] 1004406K->257662K(1298432K), 0.0453240 secs] [Times: user=0.16 sys=0.00, real=0.05 secs] 
2014-07-16T05:15:52.626+0000: 1406.871: [GC [PSYoungGen: 896548K->6906K(1075072K)] 1150718K->261204K(1476928K), 0.0300110 secs] [Times: user=0.09 sys=0.00, real=0.03 secs] 
2014-07-16T05:15:54.933+0000: 1409.177: [GC [PSYoungGen: 1075066K->4202K(1281856K)] 1329364K->261483K(1683712K), 0.0309080 secs] [Times: user=0.12 sys=0.00, real=0.03 secs] 
2014-07-16T05:15:57.662+0000: 1411.906: [GC [PSYoungGen: 1281834K->7034K(1534720K)] 1539115K->264403K(1936576K), 0.0240410 secs] [Times: user=0.07 sys=0.00, real=0.02 secs] 
2014-07-16T05:16:00.967+0000: 1415.212: [GC [PSYoungGen: 1534714K->3360K(1829184K)] 1792083K->264592K(2231040K), 0.0220770 secs] [Times: user=0.07 sys=0.01, real=0.02 secs] 
2014-07-16T05:16:04.869+0000: 1419.114: [GC [PSYoungGen: 1829152K->7052K(1753216K)] 2090384K->268444K(2155072K), 0.0191530 secs] [Times: user=0.06 sys=0.00, real=0.02 secs] 
2014-07-16T05:16:08.594+0000: 1422.839: [GC [PSYoungGen: 1753164K->4280K(1674624K)] 2014556K->268843K(2076480K), 0.0264150 secs] [Times: user=0.09 sys=0.00, real=0.02 secs] 
2014-07-16T05:16:12.187+0000: 1426.431: [GC [PSYoungGen: 1674616K->7116K(1605440K)] 1939179K->271743K(2007296K), 0.0239790 secs] [Times: user=0.09 sys=0.00, real=0.02 secs] 
2014-07-16T05:16:15.669+0000: 1429.913: [GC [PSYoungGen: 1605388K->3424K(1533184K)] 1870015K->271873K(1935040K), 0.0273050 secs] [Times: user=0.10 sys=0.00, real=0.03 secs] 
2014-07-16T05:16:18.926+0000: 1433.170: [GC [PSYoungGen: 1533152K->6828K(1471424K)] 1801601K->275398K(1873280K), 0.0062680 secs] [Times: user=0.01 sys=0.00, real=0.00 secs] 
2014-07-16T05:16:22.067+0000: 1436.311: [GC [PSYoungGen: 1471404K->4576K(1407168K)] 1739974K->275765K(1809024K), 0.0244730 secs] [Times: user=0.09 sys=0.00, real=0.02 secs] 
2014-07-16T05:16:25.113+0000: 1439.357: [GC [PSYoungGen: 1407136K->7002K(1350656K)] 1678325K->278367K(1752512K), 0.0099520 secs] [Times: user=0.03 sys=0.00, real=0.01 secs] 
2014-07-16T05:16:28.005+0000: 1442.249: [GC [PSYoungGen: 1350618K->3364K(1290880K)] 1621983K->278418K(1692736K), 0.0264920 secs] [Times: user=0.10 sys=0.00, real=0.03 secs] 
2014-07-16T05:16:30.797+0000: 1445.041: [GC [PSYoungGen: 1290852K->7102K(1241216K)] 1565906K->282204K(1643072K), 0.0243450 secs] [Times: user=0.09 sys=0.00, real=0.02 secs] 
2014-07-16T05:16:33.452+0000: 1447.697: [GC [PSYoungGen: 1241214K->4384K(1187776K)] 1516316K->282481K(1589632K), 0.0146630 secs] [Times: user=0.05 sys=0.00, real=0.02 secs] 
2014-07-16T05:16:36.043+0000: 1450.287: [GC [PSYoungGen: 1187744K->6906K(1141952K)] 1465841K->285163K(1543808K), 0.0251960 secs] [Times: user=0.09 sys=0.00, real=0.03 secs] 
2014-07-16T05:16:38.468+0000: 1452.713: [GC [PSYoungGen: 1141946K->3696K(1092736K)] 1420203K->285263K(1494592K), 0.0241280 secs] [Times: user=0.08 sys=0.00, real=0.02 secs] 
2014-07-16T05:16:40.830+0000: 1455.075: [GC [PSYoungGen: 1092720K->6906K(1052160K)] 1374287K->288554K(1454016K), 0.0127360 secs] [Times: user=0.05 sys=0.00, real=0.01 secs] 
2014-07-16T05:16:43.070+0000: 1457.315: [GC [PSYoungGen: 1052154K->4384K(1008000K)] 1333802K->288706K(1409856K), 0.0228150 secs] [Times: user=0.07 sys=0.00, real=0.02 secs] 
2014-07-16T05:16:45.288+0000: 1459.532: [GC [PSYoungGen: 1007968K->6842K(970752K)] 1292290K->291300K(1372608K), 0.0223140 secs] [Times: user=0.07 sys=0.00, real=0.02 secs] 
2014-07-16T05:16:47.360+0000: 1461.604: [GC [PSYoungGen: 970746K->3624K(929792K)] 1255204K->291312K(1331648K), 0.0221370 secs] [Times: user=0.07 sys=0.00, real=0.02 secs] 
2014-07-16T05:16:49.372+0000: 1463.616: [GC [PSYoungGen: 929748K->6928K(897152K)] 1217436K->294664K(1299008K), 0.0168770 secs] [Times: user=0.06 sys=0.00, real=0.02 secs] 
2014-07-16T05:16:51.403+0000: 1465.647: [GC [PSYoungGen: 897104K->4280K(1068032K)] 1184840K->295086K(1469888K), 0.0312530 secs] [Times: user=0.11 sys=0.00, real=0.03 secs] 
2014-07-16T05:16:53.718+0000: 1467.962: [GC [PSYoungGen: 1068024K->6978K(1028224K)] 1358830K->298016K(1430080K), 0.0069780 secs] [Times: user=0.01 sys=0.00, real=0.01 secs] 
2014-07-16T05:16:55.957+0000: 1470.202: [GC [PSYoungGen: 1028162K->3692K(984384K)] 1319200K->298161K(1386240K), 0.0092260 secs] [Times: user=0.02 sys=0.00, real=0.01 secs] 
2014-07-16T05:16:58.067+0000: 1472.311: [GC [PSYoungGen: 984364K->6960K(949056K)] 1278833K->301534K(1350912K), 0.0243130 secs] [Times: user=0.09 sys=0.00, real=0.03 secs] 
2014-07-16T05:17:00.112+0000: 1474.356: [GC [PSYoungGen: 949040K->4216K(909568K)] 1243614K->301728K(1311424K), 0.0247730 secs] [Times: user=0.08 sys=0.00, real=0.02 secs] 
2014-07-16T05:17:02.018+0000: 1476.263: [GC [PSYoungGen: 909560K->7134K(877504K)] 1207072K->304758K(1279360K), 0.0153370 secs] [Times: user=0.04 sys=0.00, real=0.02 secs] 
2014-07-16T05:17:03.877+0000: 1478.121: [GC [PSYoungGen: 877470K->3496K(1043648K)] 1175093K->304802K(1445504K), 0.0295310 secs] [Times: user=0.11 sys=0.00, real=0.03 secs] 
2014-07-16T05:17:06.171+0000: 1480.416: [GC [PSYoungGen: 1043597K->7102K(1005824K)] 1344903K->308504K(1407680K), 0.0154680 secs] [Times: user=0.05 sys=0.00, real=0.01 secs] 
2014-07-16T05:17:08.282+0000: 1482.527: [GC [PSYoungGen: 1005822K->4280K(1198272K)] 1307224K->308509K(1600128K), 0.0384590 secs] [Times: user=0.14 sys=0.00, real=0.04 secs] 
2014-07-16T05:17:10.848+0000: 1485.092: [GC [PSYoungGen: 1198264K->6938K(1433728K)] 1502493K->311223K(1835584K), 0.0163450 secs] [Times: user=0.05 sys=0.01, real=0.02 secs] 
2014-07-16T05:17:13.906+0000: 1488.150: [GC [PSYoungGen: 1433690K->3624K(1370240K)] 1737975K->311438K(1772096K), 0.0201250 secs] [Times: user=0.07 sys=0.00, real=0.02 secs] 
2014-07-16T05:17:16.867+0000: 1491.112: [GC [PSYoungGen: 1370216K->6956K(1316352K)] 1678030K->314875K(1718208K), 0.0250450 secs] [Times: user=0.09 sys=0.00, real=0.03 secs] 
2014-07-16T05:17:19.667+0000: 1493.911: [GC [PSYoungGen: 1316332K->4270K(1259264K)] 1624251K->315020K(1661120K), 0.0270400 secs] [Times: user=0.10 sys=0.00, real=0.03 secs] 
2014-07-16T05:17:22.405+0000: 1496.649: [GC [PSYoungGen: 1259246K->6888K(1210112K)] 1569996K->317710K(1611968K), 0.0077650 secs] [Times: user=0.02 sys=0.00, real=0.00 secs] 
2014-07-16T05:17:25.001+0000: 1499.245: [GC [PSYoungGen: 1210088K->3560K(1157504K)] 1520910K->318102K(1559360K), 0.0356150 secs] [Times: user=0.13 sys=0.00, real=0.04 secs] 
2014-07-16T05:17:27.503+0000: 1501.747: [GC [PSYoungGen: 1157430K->7038K(1114048K)] 1471972K->321684K(1515904K), 0.0122160 secs] [Times: user=0.05 sys=0.00, real=0.02 secs] 
2014-07-16T05:17:29.908+0000: 1504.153: [GC [PSYoungGen: 1114046K->4276K(1066624K)] 1428692K->321658K(1468480K), 0.0188460 secs] [Times: user=0.06 sys=0.00, real=0.02 secs] 
2014-07-16T05:17:32.192+0000: 1506.436: [GC [PSYoungGen: 1066612K->7020K(1026880K)] 1383994K->324499K(1428736K), 0.0309210 secs] [Times: user=0.11 sys=0.00, real=0.03 secs] 
2014-07-16T05:17:34.367+0000: 1508.612: [GC [PSYoungGen: 1026860K->3452K(1222080K)] 1344339K->324639K(1623936K), 0.0294240 secs] [Times: user=0.11 sys=0.00, real=0.03 secs] 
2014-07-16T05:17:37.018+0000: 1511.262: [GC [PSYoungGen: 1222076K->6860K(1463296K)] 1543263K->328151K(1865152K), 0.0318790 secs] [Times: user=0.11 sys=0.00, real=0.03 secs] 
2014-07-16T05:17:40.157+0000: 1514.401: [GC [PSYoungGen: 1463244K->4412K(1399232K)] 1784535K->328386K(1801088K), 0.0205940 secs] [Times: user=0.07 sys=0.00, real=0.02 secs] 
2014-07-16T05:17:43.145+0000: 1517.389: [GC [PSYoungGen: 1399228K->7066K(1673728K)] 1723202K->331176K(2075584K), 0.0361900 secs] [Times: user=0.13 sys=0.00, real=0.04 secs] 
2014-07-16T05:17:46.743+0000: 1520.988: [GC [PSYoungGen: 1673690K->3260K(1991552K)] 1997800K->331406K(2393408K), 0.0308690 secs] [Times: user=0.12 sys=0.00, real=0.03 secs] 
2014-07-16T05:17:51.069+0000: 1525.314: [GC [PSYoungGen: 1991548K->6956K(1907584K)] 2319694K->335230K(2309440K), 0.0229490 secs] [Times: user=0.08 sys=0.00, real=0.02 secs] 
2014-07-16T05:17:55.125+0000: 1529.369: [GC [PSYoungGen: 1907564K->492K(1817728K)] 2235838K->335769K(2219584K), 0.0306630 secs] [Times: user=0.11 sys=0.00, real=0.03 secs] 
2014-07-16T05:17:59.075+0000: 1533.320: [GC [PSYoungGen: 1817708K->7170K(1745152K)] 2152985K->342480K(2147008K), 0.0349000 secs] [Times: user=0.12 sys=0.00, real=0.04 secs] 
2014-07-16T05:18:02.809+0000: 1537.053: [GC [PSYoungGen: 1745090K->7048K(1669632K)] 2080400K->343052K(2071488K), 0.0274100 secs] [Times: user=0.10 sys=0.00, real=0.02 secs] 
2014-07-16T05:18:06.514+0000: 1540.758: [GC [PSYoungGen: 1669576K->7074K(1597952K)] 2005580K->343286K(1999808K), 0.0189800 secs] [Times: user=0.06 sys=0.00, real=0.02 secs] 
2014-07-16T05:18:09.922+0000: 1544.166: [GC [PSYoungGen: 1597922K->830K(1523520K)] 1934134K->343445K(1925376K), 0.0213070 secs] [Times: user=0.08 sys=0.00, real=0.02 secs] 
2014-07-16T05:18:13.217+0000: 1547.461: [GC [PSYoungGen: 1523518K->7444K(1465344K)] 1866133K->350108K(1867200K), 0.0248930 secs] [Times: user=0.10 sys=0.00, real=0.03 secs] 
2014-07-16T05:18:16.394+0000: 1550.639: [GC [PSYoungGen: 1465273K->6696K(1402880K)] 1807937K->350166K(1804736K), 0.0162820 secs] [Times: user=0.06 sys=0.00, real=0.01 secs] 
2014-07-16T05:18:19.384+0000: 1553.629: [GC [PSYoungGen: 1402856K->6774K(1344320K)] 1746326K->350348K(1746176K), 0.0289610 secs] [Times: user=0.11 sys=0.00, real=0.03 secs] 
2014-07-16T05:18:22.247+0000: 1556.491: [GC [PSYoungGen: 1344310K->1892K(1283648K)] 1687884K->350627K(1685504K), 0.0090740 secs] [Times: user=0.02 sys=0.00, real=0.01 secs] 
2014-07-16T05:18:24.984+0000: 1559.228: [GC [PSYoungGen: 1283620K->7120K(1235776K)] 1632355K->355968K(1637632K), 0.0208180 secs] [Times: user=0.08 sys=0.00, real=0.02 secs] 
2014-07-16T05:18:27.630+0000: 1561.874: [GC [PSYoungGen: 1235728K->6202K(1184320K)] 1584576K->356010K(1586176K), 0.0120860 secs] [Times: user=0.04 sys=0.00, real=0.01 secs] 
2014-07-16T05:18:30.172+0000: 1564.416: [GC [PSYoungGen: 1184314K->6756K(1136832K)] 1534122K->356696K(1538688K), 0.0171780 secs] [Times: user=0.06 sys=0.00, real=0.02 secs] 
2014-07-16T05:18:32.580+0000: 1566.824: [GC [PSYoungGen: 1136804K->2152K(1086464K)] 1486744K->356915K(1488320K), 0.0354210 secs] [Times: user=0.12 sys=0.00, real=0.04 secs] 
2014-07-16T05:18:34.888+0000: 1569.132: [GC [PSYoungGen: 1086434K->6878K(1047680K)] 1441197K->361714K(1449536K), 0.0220710 secs] [Times: user=0.08 sys=0.00, real=0.02 secs] 
2014-07-16T05:18:37.153+0000: 1571.398: [GC [PSYoungGen: 1047646K->6052K(1005376K)] 1402482K->361824K(1407232K), 0.0103830 secs] [Times: user=0.03 sys=0.00, real=0.02 secs] 
2014-07-16T05:18:39.279+0000: 1573.524: [GC [PSYoungGen: 1005348K->6660K(966528K)] 1361120K->362528K(1368384K), 0.0204210 secs] [Times: user=0.07 sys=0.00, real=0.02 secs] 
2014-07-16T05:18:41.336+0000: 1575.580: [GC [PSYoungGen: 966468K->2352K(924608K)] 1322336K->362904K(1326464K), 0.0100620 secs] [Times: user=0.02 sys=0.01, real=0.01 secs] 
2014-07-16T05:18:43.340+0000: 1577.585: [GC [PSYoungGen: 924592K->7116K(893632K)] 1285144K->367788K(1295488K), 0.0294050 secs] [Times: user=0.10 sys=0.00, real=0.03 secs] 
2014-07-16T05:18:45.235+0000: 1579.480: [GC [PSYoungGen: 893580K->5476K(857856K)] 1254252K->367772K(1259712K), 0.0195930 secs] [Times: user=0.06 sys=0.00, real=0.02 secs] 
2014-07-16T05:18:47.149+0000: 1581.394: [GC [PSYoungGen: 857828K->6692K(826560K)] 1220124K->369100K(1228416K), 0.0182090 secs] [Times: user=0.06 sys=0.00, real=0.02 secs] 
2014-07-16T05:18:48.921+0000: 1583.165: [GC [PSYoungGen: 826532K->2794K(982656K)] 1188940K->369510K(1384512K), 0.0276140 secs] [Times: user=0.10 sys=0.00, real=0.03 secs] 
2014-07-16T05:18:51.020+0000: 1585.264: [GC [PSYoungGen: 982634K->7102K(948416K)] 1349350K->373859K(1350272K), 0.0098610 secs] [Times: user=0.02 sys=0.01, real=0.01 secs] 
2014-07-16T05:18:53.072+0000: 1587.316: [GC [PSYoungGen: 948414K->5092K(1131392K)] 1315171K->374029K(1533248K), 0.0674190 secs] [Times: user=0.24 sys=0.00, real=0.07 secs] 
2014-07-16T05:18:55.504+0000: 1589.748: [GC [PSYoungGen: 1131364K->6806K(1353984K)] 1500301K->375839K(1755840K), 0.0233410 secs] [Times: user=0.08 sys=0.00, real=0.03 secs] 
2014-07-16T05:18:58.448+0000: 1592.692: [GC [PSYoungGen: 1353942K->3196K(1614656K)] 1722975K->376123K(2016512K), 0.0440420 secs] [Times: user=0.16 sys=0.00, real=0.04 secs] 
2014-07-16T05:19:01.961+0000: 1596.205: [GC [PSYoungGen: 1614652K->7056K(1933824K)] 1987579K->380039K(2335680K), 0.0243750 secs] [Times: user=0.08 sys=0.01, real=0.02 secs] 
2014-07-16T05:19:06.082+0000: 1600.326: [GC [PSYoungGen: 1933776K->4708K(1938240K)] 2306759K->380152K(2340096K), 0.0294330 secs] [Times: user=0.10 sys=0.00, real=0.03 secs] 
2014-07-16T05:19:10.249+0000: 1604.494: [GC [PSYoungGen: 1938212K->7162K(1855680K)] 2313656K->382750K(2257536K), 0.0180070 secs] [Times: user=0.07 sys=0.00, real=0.02 secs] 
2014-07-16T05:19:14.189+0000: 1608.434: [GC [PSYoungGen: 1855639K->378K(1768064K)] 2231227K->382847K(2169920K), 0.0142660 secs] [Times: user=0.05 sys=0.00, real=0.02 secs] 
2014-07-16T05:19:17.949+0000: 1612.194: [GC [PSYoungGen: 1768058K->7302K(1698176K)] 2150527K->389804K(2100032K), 0.0160460 secs] [Times: user=0.05 sys=0.01, real=0.02 secs] 
2014-07-16T05:19:21.565+0000: 1615.809: [GC [PSYoungGen: 1698118K->6916K(1624704K)] 2080620K->390164K(2026560K), 0.0291070 secs] [Times: user=0.08 sys=0.00, real=0.03 secs] 
2014-07-16T05:19:25.046+0000: 1619.290: [GC [PSYoungGen: 1624644K->6756K(1555008K)] 2007892K->390228K(1956864K), 0.0163900 secs] [Times: user=0.04 sys=0.00, real=0.02 secs] 
2014-07-16T05:19:28.337+0000: 1622.581: [GC [PSYoungGen: 1554980K->1404K(1483520K)] 1938452K->390470K(1885376K), 0.0206260 secs] [Times: user=0.07 sys=0.00, real=0.02 secs] 
2014-07-16T05:19:31.520+0000: 1625.764: [GC [PSYoungGen: 1483516K->7166K(1426432K)] 1872582K->396339K(1828288K), 0.0268310 secs] [Times: user=0.09 sys=0.00, real=0.03 secs] 
2014-07-16T05:19:34.580+0000: 1628.824: [GC [PSYoungGen: 1426430K->6564K(1366080K)] 1815603K->396425K(1767936K), 0.0206610 secs] [Times: user=0.07 sys=0.00, real=0.02 secs] 
2014-07-16T05:19:37.536+0000: 1631.780: [GC [PSYoungGen: 1366014K->6828K(1309440K)] 1755875K->396841K(1711296K), 0.0108460 secs] [Times: user=0.03 sys=0.00, real=0.01 secs] 
2014-07-16T05:19:40.325+0000: 1634.570: [GC [PSYoungGen: 1309420K->1700K(1250240K)] 1699433K->397055K(1652096K), 0.0181810 secs] [Times: user=0.06 sys=0.00, real=0.01 secs] 
2014-07-16T05:19:40.344+0000: 1634.588: [Full GC [PSYoungGen: 1700K->0K(1250240K)] [ParOldGen: 395355K->147273K(417216K)] 397055K->147273K(1667456K) [PSPermGen: 11239K->11235K(25600K)], 0.2371850 secs] [Times: user=0.86 sys=0.00, real=0.24 secs] 
2014-07-16T05:19:43.169+0000: 1637.413: [GC [PSYoungGen: 1248512K->7484K(1204416K)] 1395785K->154790K(1621632K), 0.0215880 secs] [Times: user=0.08 sys=0.00, real=0.02 secs] 
2014-07-16T05:19:45.725+0000: 1639.969: [GC [PSYoungGen: 1204412K->5800K(1153664K)] 1351718K->154830K(1570880K), 0.0059680 secs] [Times: user=0.01 sys=0.00, real=0.00 secs] 
2014-07-16T05:19:48.227+0000: 1642.471: [GC [PSYoungGen: 1153640K->6788K(1108032K)] 1302670K->155890K(1525248K), 0.0185340 secs] [Times: user=0.06 sys=0.00, real=0.02 secs] 
2014-07-16T05:19:50.563+0000: 1644.807: [GC [PSYoungGen: 1107972K->2876K(1059648K)] 1257074K->156023K(1476864K), 0.0214630 secs] [Times: user=0.03 sys=0.00, real=0.02 secs] 
2014-07-16T05:19:52.904+0000: 1647.148: [GC [PSYoungGen: 1059644K->7070K(1021568K)] 1212791K->160329K(1438784K), 0.0345670 secs] [Times: user=0.13 sys=0.00, real=0.04 secs] 
2014-07-16T05:19:55.078+0000: 1649.322: [GC [PSYoungGen: 1021534K->5548K(979776K)] 1174793K->160583K(1396992K), 0.0237720 secs] [Times: user=0.07 sys=0.00, real=0.02 secs] 
2014-07-16T05:19:57.154+0000: 1651.398: [GC [PSYoungGen: 979756K->6660K(942592K)] 1134791K->161791K(1359808K), 0.0182730 secs] [Times: user=0.07 sys=0.00, real=0.02 secs] 
2014-07-16T05:19:59.223+0000: 1653.467: [GC [PSYoungGen: 942532K->3132K(1118400K)] 1097663K->162076K(1535616K), 0.0244680 secs] [Times: user=0.08 sys=0.00, real=0.03 secs] 
2014-07-16T05:20:01.605+0000: 1655.849: [GC [PSYoungGen: 1118396K->7266K(1077440K)] 1277340K->166251K(1494656K), 0.0175150 secs] [Times: user=0.07 sys=0.00, real=0.02 secs] 
2014-07-16T05:20:03.924+0000: 1658.168: [GC [PSYoungGen: 1077410K->4964K(1032192K)] 1236395K->166241K(1449408K), 0.0193270 secs] [Times: user=0.07 sys=0.01, real=0.02 secs] 
2014-07-16T05:20:06.141+0000: 1660.386: [GC [PSYoungGen: 1032164K->6692K(993024K)] 1193441K->168129K(1410240K), 0.0100920 secs] [Times: user=0.04 sys=0.01, real=0.01 secs] 
2014-07-16T05:20:08.286+0000: 1662.531: [GC [PSYoungGen: 992996K->3688K(951104K)] 1154433K->168129K(1368320K), 0.0239610 secs] [Times: user=0.08 sys=0.00, real=0.03 secs] 
2014-07-16T05:20:10.318+0000: 1664.563: [GC [PSYoungGen: 951074K->6960K(917312K)] 1115515K->171482K(1334528K), 0.0143100 secs] [Times: user=0.05 sys=0.00, real=0.02 secs] 
2014-07-16T05:20:12.291+0000: 1666.535: [GC [PSYoungGen: 917296K->4704K(879744K)] 1081818K->171640K(1296960K), 0.0266090 secs] [Times: user=0.09 sys=0.00, real=0.02 secs] 
2014-07-16T05:20:14.184+0000: 1668.428: [GC [PSYoungGen: 879712K->6956K(848384K)] 1046648K->174036K(1265600K), 0.0135950 secs] [Times: user=0.05 sys=0.00, real=0.01 secs] 
2014-07-16T05:20:15.982+0000: 1670.226: [GC [PSYoungGen: 848364K->3564K(812928K)] 1015444K->174039K(1230144K), 0.0183430 secs] [Times: user=0.06 sys=0.00, real=0.02 secs] 
2014-07-16T05:20:17.724+0000: 1671.969: [GC [PSYoungGen: 812908K->6924K(785792K)] 983383K->177455K(1203008K), 0.0124980 secs] [Times: user=0.04 sys=0.00, real=0.01 secs] 
2014-07-16T05:20:19.375+0000: 1673.620: [GC [PSYoungGen: 785740K->4594K(754304K)] 956270K->177526K(1171520K), 0.0083590 secs] [Times: user=0.03 sys=0.01, real=0.01 secs] 
2014-07-16T05:20:20.996+0000: 1675.240: [GC [PSYoungGen: 754290K->6806K(728832K)] 927222K->179778K(1146048K), 0.0183590 secs] [Times: user=0.06 sys=0.00, real=0.02 secs] 
2014-07-16T05:20:22.565+0000: 1676.810: [GC [PSYoungGen: 728790K->3556K(864256K)] 901762K->179995K(1281472K), 0.0241690 secs] [Times: user=0.09 sys=0.00, real=0.02 secs] 
2014-07-16T05:20:24.409+0000: 1678.653: [GC [PSYoungGen: 864228K->7230K(1032832K)] 1040667K->183765K(1450048K), 0.0155010 secs] [Times: user=0.04 sys=0.01, real=0.02 secs] 
2014-07-16T05:20:26.607+0000: 1680.851: [GC [PSYoungGen: 1032830K->4088K(988864K)] 1209365K->183617K(1406080K), 0.0171820 secs] [Times: user=0.07 sys=0.00, real=0.02 secs] 
2014-07-16T05:20:28.724+0000: 1682.968: [GC [PSYoungGen: 988856K->6974K(952896K)] 1168385K->186576K(1370112K), 0.0075990 secs] [Times: user=0.01 sys=0.00, real=0.01 secs] 
2014-07-16T05:20:30.753+0000: 1684.997: [GC [PSYoungGen: 952894K->3816K(912768K)] 1132496K->186647K(1329984K), 0.0236470 secs] [Times: user=0.09 sys=0.00, real=0.02 secs] 
2014-07-16T05:20:32.759+0000: 1687.003: [GC [PSYoungGen: 912744K->6970K(880640K)] 1095575K->189921K(1297856K), 0.0256170 secs] [Times: user=0.09 sys=0.00, real=0.03 secs] 
2014-07-16T05:20:34.633+0000: 1688.877: [GC [PSYoungGen: 880611K->4070K(1045824K)] 1063561K->190052K(1463040K), 0.0254530 secs] [Times: user=0.09 sys=0.00, real=0.02 secs] 
2014-07-16T05:20:36.886+0000: 1691.131: [GC [PSYoungGen: 1045798K->6536K(1248320K)] 1231780K->192614K(1665536K), 0.0201790 secs] [Times: user=0.06 sys=0.00, real=0.02 secs] 
2014-07-16T05:20:39.557+0000: 1693.802: [GC [PSYoungGen: 1248264K->4074K(1484032K)] 1434342K->193143K(1901248K), 0.0246200 secs] [Times: user=0.08 sys=0.00, real=0.02 secs] 
2014-07-16T05:20:42.736+0000: 1696.981: [GC [PSYoungGen: 1484010K->7002K(1424128K)] 1673079K->196151K(1841344K), 0.0194160 secs] [Times: user=0.07 sys=0.00, real=0.02 secs] 
2014-07-16T05:20:45.781+0000: 1700.026: [GC [PSYoungGen: 1424090K->3756K(1361088K)] 1613239K->196550K(1778304K), 0.0290930 secs] [Times: user=0.11 sys=0.00, real=0.03 secs] 
2014-07-16T05:20:48.746+0000: 1702.990: [GC [PSYoungGen: 1361068K->7092K(1307584K)] 1553862K->199999K(1724800K), 0.0166750 secs] [Times: user=0.06 sys=0.00, real=0.01 secs] 
2014-07-16T05:20:51.560+0000: 1705.804: [GC [PSYoungGen: 1307572K->4158K(1250560K)] 1500479K->200100K(1667776K), 0.0230160 secs] [Times: user=0.09 sys=0.00, real=0.02 secs] 
2014-07-16T05:20:54.328+0000: 1708.573: [GC [PSYoungGen: 1250558K->7016K(1201984K)] 1446500K->203150K(1619200K), 0.0211310 secs] [Times: user=0.08 sys=0.00, real=0.02 secs] 
2014-07-16T05:20:56.925+0000: 1711.169: [GC [PSYoungGen: 1201960K->3824K(1149824K)] 1398094K->203191K(1567040K), 0.0239150 secs] [Times: user=0.07 sys=0.00, real=0.03 secs] 
2014-07-16T05:20:59.400+0000: 1713.645: [GC [PSYoungGen: 1149808K->6924K(1106368K)] 1349175K->206364K(1523584K), 0.0261750 secs] [Times: user=0.09 sys=0.00, real=0.03 secs] 
2014-07-16T05:21:01.772+0000: 1716.016: [GC [PSYoungGen: 1106316K->4084K(1059136K)] 1305756K->206743K(1476352K), 0.0209620 secs] [Times: user=0.08 sys=0.00, real=0.02 secs] 
2014-07-16T05:21:04.161+0000: 1718.405: [GC [PSYoungGen: 1059124K->7120K(1019968K)] 1261783K->209931K(1437184K), 0.0147610 secs] [Times: user=0.05 sys=0.00, real=0.01 secs] 
2014-07-16T05:21:06.299+0000: 1720.544: [GC [PSYoungGen: 1019920K->3760K(976384K)] 1222731K->210055K(1393600K), 0.0262760 secs] [Times: user=0.09 sys=0.00, real=0.02 secs] 
2014-07-16T05:21:08.371+0000: 1722.616: [GC [PSYoungGen: 976368K->7166K(941504K)] 1182663K->213533K(1358720K), 0.0145160 secs] [Times: user=0.04 sys=0.00, real=0.01 secs] 
2014-07-16T05:21:10.437+0000: 1724.681: [GC [PSYoungGen: 941502K->4084K(1118464K)] 1147869K->213490K(1535680K), 0.0392620 secs] [Times: user=0.13 sys=0.00, real=0.04 secs] 
2014-07-16T05:21:12.859+0000: 1727.103: [GC [PSYoungGen: 1118423K->6842K(1335872K)] 1327829K->216360K(1753088K), 0.0265960 secs] [Times: user=0.09 sys=0.00, real=0.02 secs] 
2014-07-16T05:21:15.759+0000: 1730.003: [GC [PSYoungGen: 1335866K->4084K(1587904K)] 1545384K->216681K(2005120K), 0.0170290 secs] [Times: user=0.05 sys=0.00, real=0.02 secs] 
2014-07-16T05:21:19.198+0000: 1733.442: [GC [PSYoungGen: 1587892K->6942K(1522880K)] 1800489K->219692K(1940096K), 0.0203530 secs] [Times: user=0.07 sys=0.00, real=0.02 secs] 
2014-07-16T05:21:22.412+0000: 1736.656: [GC [PSYoungGen: 1522846K->3948K(1455296K)] 1735596K->219895K(1872512K), 0.0142030 secs] [Times: user=0.06 sys=0.00, real=0.01 secs] 
2014-07-16T05:21:25.543+0000: 1739.788: [GC [PSYoungGen: 1455276K->7330K(1397248K)] 1671223K->223453K(1814464K), 0.0291720 secs] [Times: user=0.10 sys=0.00, real=0.03 secs] 
2014-07-16T05:21:28.520+0000: 1742.765: [GC [PSYoungGen: 1397218K->3560K(1335040K)] 1613341K->223611K(1752256K), 0.0194530 secs] [Times: user=0.07 sys=0.00, real=0.02 secs] 
2014-07-16T05:21:31.425+0000: 1745.669: [GC [PSYoungGen: 1335016K->6956K(1282816K)] 1555067K->227079K(1700032K), 0.0184830 secs] [Times: user=0.07 sys=0.00, real=0.02 secs] 
2014-07-16T05:21:34.241+0000: 1748.485: [GC [PSYoungGen: 1282788K->4716K(1227712K)] 1502911K->227551K(1644928K), 0.0078910 secs] [Times: user=0.02 sys=0.00, real=0.01 secs] 
2014-07-16T05:21:36.838+0000: 1751.083: [GC [PSYoungGen: 1227692K->7024K(1179712K)] 1450527K->229987K(1596928K), 0.0193730 secs] [Times: user=0.07 sys=0.00, real=0.02 secs] 
2014-07-16T05:21:39.390+0000: 1753.634: [GC [PSYoungGen: 1179696K->3620K(1128448K)] 1402659K->230205K(1545664K), 0.0133410 secs] [Times: user=0.04 sys=0.00, real=0.02 secs] 
2014-07-16T05:21:41.765+0000: 1756.010: [GC [PSYoungGen: 1128420K->7148K(1086400K)] 1355005K->233797K(1503616K), 0.0282870 secs] [Times: user=0.10 sys=0.00, real=0.03 secs] 
2014-07-16T05:21:44.094+0000: 1758.339: [GC [PSYoungGen: 1086380K->4448K(1040320K)] 1313029K->233877K(1457536K), 0.0226720 secs] [Times: user=0.05 sys=0.00, real=0.02 secs] 
2014-07-16T05:21:46.341+0000: 1760.585: [GC [PSYoungGen: 1040288K->6920K(1001536K)] 1269717K->236477K(1418752K), 0.0213630 secs] [Times: user=0.07 sys=0.01, real=0.02 secs] 
2014-07-16T05:21:48.478+0000: 1762.722: [GC [PSYoungGen: 1001480K->3710K(958976K)] 1231037K->236397K(1376192K), 0.0252640 secs] [Times: user=0.09 sys=0.00, real=0.02 secs] 
2014-07-16T05:21:50.570+0000: 1764.815: [GC [PSYoungGen: 958974K->7034K(1145408K)] 1191661K->239777K(1562624K), 0.0239270 secs] [Times: user=0.08 sys=0.00, real=0.03 secs] 
2014-07-16T05:21:53.039+0000: 1767.283: [GC [PSYoungGen: 1145308K->4526K(1362112K)] 1378051K->240197K(1779328K), 0.0364890 secs] [Times: user=0.12 sys=0.01, real=0.04 secs] 
2014-07-16T05:21:55.951+0000: 1770.195: [GC [PSYoungGen: 1362094K->7038K(1625280K)] 1597765K->242854K(2042496K), 0.0230940 secs] [Times: user=0.06 sys=0.00, real=0.02 secs] 
2014-07-16T05:21:59.425+0000: 1773.669: [GC [PSYoungGen: 1625278K->3696K(1802944K)] 1861094K->242927K(2220160K), 0.0307540 secs] [Times: user=0.12 sys=0.00, real=0.04 secs] 
2014-07-16T05:22:03.326+0000: 1777.571: [GC [PSYoungGen: 1802928K->7170K(1728000K)] 2042159K->246457K(2145216K), 0.0272480 secs] [Times: user=0.10 sys=0.00, real=0.02 secs] 
2014-07-16T05:22:07.061+0000: 1781.305: [GC [PSYoungGen: 1727938K->378K(1646528K)] 1967225K->246704K(2063744K), 0.0221640 secs] [Times: user=0.08 sys=0.00, real=0.02 secs] 
2014-07-16T05:22:10.599+0000: 1784.843: [GC [PSYoungGen: 1646522K->7448K(1582656K)] 1892848K->253823K(1999872K), 0.0245870 secs] [Times: user=0.09 sys=0.00, real=0.02 secs] 
2014-07-16T05:22:13.983+0000: 1788.228: [GC [PSYoungGen: 1582616K->6724K(1514496K)] 1828991K->253957K(1931712K), 0.0222740 secs] [Times: user=0.09 sys=0.00, real=0.02 secs] 
2014-07-16T05:22:17.290+0000: 1791.534: [GC [PSYoungGen: 1514407K->6760K(1450304K)] 1761640K->254153K(1867520K), 0.0279170 secs] [Times: user=0.09 sys=0.00, real=0.02 secs] 
2014-07-16T05:22:20.429+0000: 1794.673: [GC [PSYoungGen: 1450280K->1956K(1384448K)] 1697673K->254521K(1801664K), 0.0306830 secs] [Times: user=0.11 sys=0.01, real=0.03 secs] 
2014-07-16T05:22:23.395+0000: 1797.639: [GC [PSYoungGen: 1384420K->7244K(1331712K)] 1636985K->259905K(1748928K), 0.0249530 secs] [Times: user=0.09 sys=0.00, real=0.03 secs] 
2014-07-16T05:22:26.284+0000: 1800.528: [GC [PSYoungGen: 1331660K->6120K(1275328K)] 1584321K->259837K(1692544K), 0.0259980 secs] [Times: user=0.09 sys=0.00, real=0.03 secs] 
2014-07-16T05:22:28.978+0000: 1803.222: [GC [PSYoungGen: 1275304K->6660K(1223360K)] 1529021K->260513K(1640576K), 0.0238070 secs] [Times: user=0.08 sys=0.00, real=0.03 secs] 
2014-07-16T05:22:31.579+0000: 1805.823: [GC [PSYoungGen: 1223300K->2416K(1452736K)] 1477153K->260830K(1869952K), 0.0406980 secs] [Times: user=0.15 sys=0.00, real=0.04 secs] 
2014-07-16T05:22:34.719+0000: 1808.963: [GC [PSYoungGen: 1452720K->6956K(1395904K)] 1711134K->265483K(1813120K), 0.0139340 secs] [Times: user=0.05 sys=0.00, real=0.02 secs] 
2014-07-16T05:22:37.744+0000: 1811.989: [GC [PSYoungGen: 1395884K->5860K(1336448K)] 1654411K->265587K(1753664K), 0.0077940 secs] [Times: user=0.02 sys=0.00, real=0.01 secs] 
2014-07-16T05:22:40.627+0000: 1814.871: [GC [PSYoungGen: 1336420K->6788K(1281856K)] 1596147K->266635K(1699072K), 0.0171090 secs] [Times: user=0.06 sys=0.00, real=0.02 secs] 
2014-07-16T05:22:43.367+0000: 1817.611: [GC [PSYoungGen: 1281796K->2412K(1224576K)] 1541643K->266949K(1641792K), 0.0338280 secs] [Times: user=0.12 sys=0.00, real=0.03 secs] 
2014-07-16T05:22:46.010+0000: 1820.254: [GC [PSYoungGen: 1224556K->6892K(1178752K)] 1489093K->271517K(1595968K), 0.0332420 secs] [Times: user=0.12 sys=0.00, real=0.04 secs] 
2014-07-16T05:22:48.557+0000: 1822.801: [GC [PSYoungGen: 1178732K->5818K(1129792K)] 1443357K->271803K(1547008K), 0.0273870 secs] [Times: user=0.10 sys=0.00, real=0.03 secs] 
2014-07-16T05:22:50.896+0000: 1825.141: [GC [PSYoungGen: 1129786K->7334K(1085824K)] 1395771K->273392K(1503040K), 0.0204320 secs] [Times: user=0.04 sys=0.00, real=0.02 secs] 
2014-07-16T05:22:52.967+0000: 1827.212: [GC [PSYoungGen: 1085798K->1828K(1287744K)] 1351856K->273155K(1704960K), 0.0301990 secs] [Times: user=0.11 sys=0.00, real=0.03 secs] 
2014-07-16T05:22:55.547+0000: 1829.791: [GC [PSYoungGen: 1287716K->7526K(1540608K)] 1559043K->278949K(1957824K), 0.0262050 secs] [Times: user=0.08 sys=0.00, real=0.02 secs] 
2014-07-16T05:22:58.513+0000: 1832.758: [GC [PSYoungGen: 1540582K->5732K(1765440K)] 1812005K->278515K(2182656K), 0.0390330 secs] [Times: user=0.14 sys=0.00, real=0.04 secs] 
2014-07-16T05:23:01.904+0000: 1836.148: [GC [PSYoungGen: 1765412K->6948K(1690112K)] 2038195K->279867K(2107328K), 0.0175910 secs] [Times: user=0.06 sys=0.00, real=0.02 secs] 
2014-07-16T05:23:05.172+0000: 1839.417: [GC [PSYoungGen: 1690084K->698K(1611072K)] 1963003K->280315K(2028288K), 0.0229880 secs] [Times: user=0.08 sys=0.00, real=0.03 secs] 
2014-07-16T05:23:08.322+0000: 1842.566: [GC [PSYoungGen: 1611066K->7526K(1548736K)] 1890683K->287216K(1965952K), 0.0225090 secs] [Times: user=0.09 sys=0.00, real=0.02 secs] 
2014-07-16T05:23:11.315+0000: 1845.559: [GC [PSYoungGen: 1548710K->6906K(1482304K)] 1828400K->287362K(1899520K), 0.0140570 secs] [Times: user=0.06 sys=0.00, real=0.02 secs] 
2014-07-16T05:23:14.074+0000: 1848.319: [GC [PSYoungGen: 1482298K->6724K(1419584K)] 1762754K->287380K(1836800K), 0.0227940 secs] [Times: user=0.08 sys=0.00, real=0.03 secs] 
2014-07-16T05:23:16.922+0000: 1851.167: [GC [PSYoungGen: 1419524K->1828K(1355136K)] 1700180K->287660K(1772352K), 0.0290440 secs] [Times: user=0.10 sys=0.00, real=0.03 secs] 
2014-07-16T05:23:19.492+0000: 1853.736: [GC [PSYoungGen: 1355108K->7134K(1303808K)] 1640940K->293030K(1721024K), 0.0154020 secs] [Times: user=0.05 sys=0.00, real=0.02 secs] 
2014-07-16T05:23:21.960+0000: 1856.204: [GC [PSYoungGen: 1303774K->6500K(1249280K)] 1589670K->292996K(1666496K), 0.0057690 secs] [Times: user=0.02 sys=0.00, real=0.00 secs] 
2014-07-16T05:23:24.328+0000: 1858.573: [GC [PSYoungGen: 1249252K->6888K(1198400K)] 1535748K->293616K(1615616K), 0.0204820 secs] [Times: user=0.07 sys=0.00, real=0.02 secs] 
2014-07-16T05:23:26.701+0000: 1860.946: [GC [PSYoungGen: 1198376K->1828K(1144576K)] 1485104K->293765K(1561792K), 0.0163940 secs] [Times: user=0.05 sys=0.00, real=0.01 secs] 
2014-07-16T05:23:28.916+0000: 1863.160: [GC [PSYoungGen: 1144548K->6956K(1103232K)] 1436485K->298949K(1520448K), 0.0321200 secs] [Times: user=0.11 sys=0.00, real=0.03 secs] 
2014-07-16T05:23:30.985+0000: 1865.229: [GC [PSYoungGen: 1103212K->6308K(1058368K)] 1395205K->299221K(1475584K), 0.0205900 secs] [Times: user=0.06 sys=0.00, real=0.02 secs] 
2014-07-16T05:23:33.030+0000: 1867.274: [GC [PSYoungGen: 1058340K->6810K(1261056K)] 1351253K->299939K(1678272K), 0.0306760 secs] [Times: user=0.11 sys=0.00, real=0.03 secs] 
2014-07-16T05:23:35.436+0000: 1869.680: [GC [PSYoungGen: 1261018K->1960K(1497280K)] 1554147K->300067K(1914496K), 0.0253460 secs] [Times: user=0.09 sys=0.00, real=0.03 secs] 
2014-07-16T05:23:38.390+0000: 1872.635: [GC [PSYoungGen: 1497256K->7116K(1438912K)] 1795363K->305287K(1856128K), 0.0173480 secs] [Times: user=0.05 sys=0.00, real=0.01 secs] 
2014-07-16T05:23:41.057+0000: 1875.301: [GC [PSYoungGen: 1438798K->5996K(1377280K)] 1736969K->305463K(1794496K), 0.0252110 secs] [Times: user=0.10 sys=0.00, real=0.03 secs] 
2014-07-16T05:23:43.723+0000: 1877.968: [GC [PSYoungGen: 1377260K->6756K(1320512K)] 1676727K->306415K(1737728K), 0.0176450 secs] [Times: user=0.06 sys=0.01, real=0.02 secs] 
2014-07-16T05:23:46.391+0000: 1880.635: [GC [PSYoungGen: 1320484K->2340K(1261376K)] 1620143K->306715K(1678592K), 0.0176800 secs] [Times: user=0.06 sys=0.00, real=0.02 secs] 
2014-07-16T05:23:48.816+0000: 1883.060: [GC [PSYoungGen: 1261348K->7166K(1214080K)] 1565723K->311622K(1631296K), 0.0232640 secs] [Times: user=0.08 sys=0.00, real=0.02 secs] 
2014-07-16T05:23:51.096+0000: 1885.340: [GC [PSYoungGen: 1214073K->5600K(1444480K)] 1518529K->311672K(1861696K), 0.0375690 secs] [Times: user=0.12 sys=0.00, real=0.04 secs] 
2014-07-16T05:23:53.878+0000: 1888.122: [GC [PSYoungGen: 1444448K->6838K(1384896K)] 1750520K->313094K(1802112K), 0.0211980 secs] [Times: user=0.07 sys=0.00, real=0.02 secs] 
2014-07-16T05:23:56.485+0000: 1890.729: [GC [PSYoungGen: 1384886K->2684K(1322880K)] 1691142K->313369K(1740096K), 0.0206580 secs] [Times: user=0.07 sys=0.01, real=0.02 secs] 
2014-07-16T05:23:59.135+0000: 1893.379: [GC [PSYoungGen: 1322876K->7088K(1272256K)] 1633561K->317845K(1689472K), 0.0182440 secs] [Times: user=0.05 sys=0.00, real=0.01 secs] 
2014-07-16T05:24:01.529+0000: 1895.774: [GC [PSYoungGen: 1272240K->5220K(1512832K)] 1582997K->318017K(1930048K), 0.0310040 secs] [Times: user=0.11 sys=0.00, real=0.03 secs] 
2014-07-16T05:24:04.443+0000: 1898.688: [GC [PSYoungGen: 1512804K->6820K(1450240K)] 1825601K->319825K(1867456K), 0.0250960 secs] [Times: user=0.09 sys=0.00, real=0.03 secs] 
2014-07-16T05:24:07.236+0000: 1901.480: [GC [PSYoungGen: 1450212K->3068K(1385408K)] 1763217K->319886K(1802624K), 0.0209790 secs] [Times: user=0.07 sys=0.00, real=0.02 secs] 
2014-07-16T05:24:09.992+0000: 1904.236: [GC [PSYoungGen: 1385404K->7102K(1654592K)] 1702222K->324000K(2071808K), 0.0363710 secs] [Times: user=0.13 sys=0.00, real=0.04 secs] 
2014-07-16T05:24:13.063+0000: 1907.308: [GC [PSYoungGen: 1654590K->4850K(1581312K)] 1971488K->324345K(1998528K), 0.0230540 secs] [Times: user=0.09 sys=0.00, real=0.03 secs] 
2014-07-16T05:24:16.075+0000: 1910.320: [GC [PSYoungGen: 1581298K->6774K(1515712K)] 1900793K->326469K(1932928K), 0.0289390 secs] [Times: user=0.11 sys=0.00, real=0.03 secs] 
2014-07-16T05:24:19.180+0000: 1913.424: [GC [PSYoungGen: 1515702K->3620K(1448320K)] 1835397K->326761K(1865536K), 0.0174670 secs] [Times: user=0.07 sys=0.00, real=0.02 secs] 
2014-07-16T05:24:21.969+0000: 1916.214: [GC [PSYoungGen: 1448292K->7284K(1390848K)] 1771433K->330545K(1808064K), 0.0237510 secs] [Times: user=0.09 sys=0.00, real=0.02 secs] 
2014-07-16T05:24:24.644+0000: 1918.888: [GC [PSYoungGen: 1390836K->4198K(1329664K)] 1714097K->330561K(1746880K), 0.0291170 secs] [Times: user=0.10 sys=0.00, real=0.03 secs] 
2014-07-16T05:24:27.269+0000: 1921.514: [GC [PSYoungGen: 1329638K->7298K(1277504K)] 1656001K->333781K(1694720K), 0.0157360 secs] [Times: user=0.06 sys=0.00, real=0.01 secs] 
2014-07-16T05:24:29.734+0000: 1923.978: [GC [PSYoungGen: 1277442K->3688K(1221248K)] 1603925K->333563K(1638464K), 0.0287730 secs] [Times: user=0.10 sys=0.01, real=0.03 secs] 
2014-07-16T05:24:32.128+0000: 1926.372: [GC [PSYoungGen: 1221224K->7148K(1174656K)] 1551099K->337119K(1591872K), 0.0244890 secs] [Times: user=0.08 sys=0.00, real=0.03 secs] 
2014-07-16T05:24:34.442+0000: 1928.687: [GC [PSYoungGen: 1174636K->4398K(1124288K)] 1504607K->337211K(1541504K), 0.0197830 secs] [Times: user=0.08 sys=0.01, real=0.02 secs] 
2014-07-16T05:24:36.609+0000: 1930.853: [GC [PSYoungGen: 1124270K->6984K(1341760K)] 1457083K->339941K(1758976K), 0.0272970 secs] [Times: user=0.10 sys=0.01, real=0.02 secs] 
2014-07-16T05:24:39.299+0000: 1933.543: [GC [PSYoungGen: 1341704K->3688K(1282688K)] 1674661K->340093K(1699904K), 0.0191330 secs] [Times: user=0.08 sys=0.00, real=0.02 secs] 
2014-07-16T05:24:41.770+0000: 1936.014: [GC [PSYoungGen: 1282664K->7226K(1531904K)] 1619069K->343759K(1949120K), 0.0341440 secs] [Times: user=0.11 sys=0.00, real=0.03 secs] 
2014-07-16T05:24:44.711+0000: 1938.956: [GC [PSYoungGen: 1531898K->4208K(1685056K)] 1868431K->343695K(2102272K), 0.0334340 secs] [Times: user=0.13 sys=0.00, real=0.03 secs] 
2014-07-16T05:24:47.972+0000: 1942.216: [GC [PSYoungGen: 1685040K->6960K(1615168K)] 2024527K->346576K(2032384K), 0.0220330 secs] [Times: user=0.08 sys=0.00, real=0.02 secs] 
2014-07-16T05:24:51.071+0000: 1945.315: [GC [PSYoungGen: 1615152K->570K(1539648K)] 1954768K->346991K(1956864K), 0.0170080 secs] [Times: user=0.07 sys=0.00, real=0.02 secs] 
2014-07-16T05:24:54.000+0000: 1948.244: [GC [PSYoungGen: 1539642K->7284K(1480640K)] 1886063K->353769K(1897856K), 0.0192180 secs] [Times: user=0.07 sys=0.00, real=0.02 secs] 
2014-07-16T05:24:56.794+0000: 1951.038: [GC [PSYoungGen: 1480628K->6852K(1417728K)] 1827113K->354113K(1834944K), 0.0213790 secs] [Times: user=0.08 sys=0.00, real=0.02 secs] 
2014-07-16T05:24:59.613+0000: 1953.857: [GC [PSYoungGen: 1417659K->6760K(1358144K)] 1764921K->354133K(1775360K), 0.0245320 secs] [Times: user=0.07 sys=0.00, real=0.03 secs] 
2014-07-16T05:25:02.186+0000: 1956.430: [GC [PSYoungGen: 1358091K->1596K(1296384K)] 1705464K->354778K(1713600K), 0.0154080 secs] [Times: user=0.05 sys=0.00, real=0.01 secs] 
2014-07-16T05:25:04.732+0000: 1958.976: [GC [PSYoungGen: 1296380K->7320K(1248320K)] 1649562K->360623K(1665536K), 0.0344720 secs] [Times: user=0.13 sys=0.00, real=0.04 secs] 
2014-07-16T05:25:07.063+0000: 1961.308: [GC [PSYoungGen: 1248280K->6440K(1196224K)] 1601583K->360551K(1613440K), 0.0179820 secs] [Times: user=0.07 sys=0.00, real=0.02 secs] 
2014-07-16T05:25:09.413+0000: 1963.658: [GC [PSYoungGen: 1196200K->6678K(1147776K)] 1550311K->360877K(1564992K), 0.0077610 secs] [Times: user=0.02 sys=0.00, real=0.01 secs] 
2014-07-16T05:25:11.623+0000: 1965.867: [GC [PSYoungGen: 1147734K->2212K(1096960K)] 1501933K->361342K(1514176K), 0.0309540 secs] [Times: user=0.12 sys=0.00, real=0.03 secs] 
2014-07-16T05:25:13.733+0000: 1967.977: [GC [PSYoungGen: 1096932K->7116K(1057792K)] 1456062K->366374K(1475008K), 0.0177180 secs] [Times: user=0.07 sys=0.00, real=0.02 secs] 
2014-07-16T05:25:15.734+0000: 1969.978: [GC [PSYoungGen: 1057740K->5988K(1014656K)] 1416998K->366246K(1431872K), 0.0145010 secs] [Times: user=0.06 sys=0.00, real=0.02 secs] 
2014-07-16T05:25:17.692+0000: 1971.936: [GC [PSYoungGen: 1014628K->6678K(975360K)] 1374886K->367040K(1392576K), 0.0179950 secs] [Times: user=0.06 sys=0.00, real=0.02 secs] 
2014-07-16T05:25:19.611+0000: 1973.855: [GC [PSYoungGen: 975318K->2534K(933120K)] 1335680K->367281K(1350336K), 0.0226240 secs] [Times: user=0.08 sys=0.00, real=0.02 secs] 
2014-07-16T05:25:21.485+0000: 1975.730: [GC [PSYoungGen: 933094K->7202K(1116288K)] 1297841K->372005K(1533504K), 0.0227290 secs] [Times: user=0.09 sys=0.00, real=0.03 secs] 
2014-07-16T05:25:23.675+0000: 1977.920: [GC [PSYoungGen: 1116229K->5488K(1327808K)] 1481032K->372629K(1745024K), 0.0269600 secs] [Times: user=0.10 sys=0.01, real=0.03 secs] 
2014-07-16T05:25:26.143+0000: 1980.388: [GC [PSYoungGen: 1327792K->6614K(1273792K)] 1694933K->373883K(1691008K), 0.0161150 secs] [Times: user=0.05 sys=0.00, real=0.02 secs] 
2014-07-16T05:25:28.607+0000: 1982.851: [GC [PSYoungGen: 1273750K->3492K(1218176K)] 1641019K->374069K(1635392K), 0.0131960 secs] [Times: user=0.04 sys=0.00, real=0.02 secs] 
2014-07-16T05:25:30.897+0000: 1985.141: [GC [PSYoungGen: 1218148K->6988K(1171776K)] 1588725K->377629K(1588992K), 0.0200290 secs] [Times: user=0.05 sys=0.01, real=0.02 secs] 
2014-07-16T05:25:33.154+0000: 1987.398: [GC [PSYoungGen: 1171724K->5092K(1122368K)] 1542365K->377811K(1539584K), 0.0142300 secs] [Times: user=0.05 sys=0.00, real=0.01 secs] 
2014-07-16T05:25:35.291+0000: 1989.535: [GC [PSYoungGen: 1122340K->6692K(1078784K)] 1495059K->379603K(1496000K), 0.0169780 secs] [Times: user=0.05 sys=0.00, real=0.01 secs] 
2014-07-16T05:25:37.357+0000: 1991.601: [GC [PSYoungGen: 1078756K->3688K(1032768K)] 1451667K->379829K(1449984K), 0.0249020 secs] [Times: user=0.10 sys=0.00, real=0.03 secs] 
2014-07-16T05:25:39.404+0000: 1993.649: [GC [PSYoungGen: 1032744K->7020K(995136K)] 1408885K->383257K(1412352K), 0.0145870 secs] [Times: user=0.05 sys=0.00, real=0.02 secs] 
2014-07-16T05:25:41.312+0000: 1995.556: [GC [PSYoungGen: 995116K->4640K(1182720K)] 1371353K->383421K(1599936K), 0.0319730 secs] [Times: user=0.12 sys=0.00, real=0.03 secs] 
2014-07-16T05:25:43.618+0000: 1997.862: [GC [PSYoungGen: 1182688K->6920K(1411840K)] 1561469K->385885K(1829056K), 0.0285830 secs] [Times: user=0.10 sys=0.00, real=0.03 secs] 
2014-07-16T05:25:46.234+0000: 2000.478: [GC [PSYoungGen: 1411784K->3628K(1632320K)] 1790749K->385994K(2049536K), 0.0255210 secs] [Times: user=0.09 sys=0.00, real=0.02 secs] 
2014-07-16T05:25:49.418+0000: 2003.663: [GC [PSYoungGen: 1632300K->7216K(1565824K)] 2014666K->389679K(1983040K), 0.0171550 secs] [Times: user=0.06 sys=0.00, real=0.02 secs] 
2014-07-16T05:25:52.455+0000: 2006.699: [GC [PSYoungGen: 1565808K->378K(1492288K)] 1948271K->389920K(1909504K), 0.0170560 secs] [Times: user=0.06 sys=0.00, real=0.02 secs] 
2014-07-16T05:25:55.413+0000: 2009.658: [GC [PSYoungGen: 1492282K->7430K(1435968K)] 1881824K->397021K(1853184K), 0.0115740 secs] [Times: user=0.05 sys=0.00, real=0.01 secs] 
2014-07-16T05:25:58.125+0000: 2012.369: [GC [PSYoungGen: 1435910K->6596K(1374848K)] 1825501K->397045K(1792064K), 0.0193050 secs] [Times: user=0.07 sys=0.00, real=0.02 secs] 
2014-07-16T05:26:00.802+0000: 2015.046: [GC [PSYoungGen: 1374788K->6838K(1317696K)] 1765237K->397375K(1734912K), 0.0312270 secs] [Times: user=0.10 sys=0.00, real=0.03 secs] 
2014-07-16T05:26:03.316+0000: 2017.560: [GC [PSYoungGen: 1317590K->2020K(1258304K)] 1708126K->397882K(1675520K), 0.0305660 secs] [Times: user=0.11 sys=0.00, real=0.03 secs] 
2014-07-16T05:26:05.768+0000: 2020.012: [GC [PSYoungGen: 1258276K->7202K(1211584K)] 1654138K->403144K(1628800K), 0.0175080 secs] [Times: user=0.04 sys=0.00, real=0.02 secs] 
2014-07-16T05:26:08.041+0000: 2022.285: [GC [PSYoungGen: 1211554K->6390K(1161344K)] 1607496K->403040K(1578560K), 0.0220080 secs] [Times: user=0.07 sys=0.00, real=0.03 secs] 
2014-07-16T05:26:10.265+0000: 2024.510: [GC [PSYoungGen: 1161286K->6778K(1383232K)] 1557936K->403508K(1800448K), 0.0290680 secs] [Times: user=0.11 sys=0.00, real=0.03 secs] 
2014-07-16T05:26:12.917+0000: 2027.162: [GC [PSYoungGen: 1383226K->2212K(1320896K)] 1779956K->403886K(1738112K), 0.0190020 secs] [Times: user=0.07 sys=0.00, real=0.02 secs] 
2014-07-16T05:26:15.545+0000: 2029.790: [GC [PSYoungGen: 1320868K->6988K(1270720K)] 1722542K->408759K(1687936K), 0.0127570 secs] [Times: user=0.05 sys=0.00, real=0.01 secs] 
2014-07-16T05:26:17.953+0000: 2032.197: [GC [PSYoungGen: 1270668K->6120K(1217536K)] 1672439K->408979K(1634752K), 0.0055730 secs] [Times: user=0.02 sys=0.01, real=0.01 secs] 
2014-07-16T05:26:20.352+0000: 2034.597: [GC [PSYoungGen: 1217512K->6838K(1168512K)] 1620371K->409777K(1585728K), 0.0281710 secs] [Times: user=0.10 sys=0.01, real=0.03 secs] 
2014-07-16T05:26:22.615+0000: 2036.859: [GC [PSYoungGen: 1168502K->2284K(1116608K)] 1571441K->409976K(1533824K), 0.0315200 secs] [Times: user=0.10 sys=0.00, real=0.03 secs] 
2014-07-16T05:26:24.783+0000: 2039.027: [GC [PSYoungGen: 1116586K->6892K(1076160K)] 1524278K->414697K(1493376K), 0.0152020 secs] [Times: user=0.05 sys=0.00, real=0.02 secs] 
2014-07-16T05:26:26.809+0000: 2041.053: [GC [PSYoungGen: 1076140K->5924K(1032320K)] 1483945K->414833K(1449536K), 0.0232890 secs] [Times: user=0.07 sys=0.01, real=0.02 secs] 
2014-07-16T05:26:28.764+0000: 2043.009: [GC [PSYoungGen: 1032292K->6756K(1230080K)] 1441201K->415745K(1647296K), 0.0233420 secs] [Times: user=0.08 sys=0.00, real=0.03 secs] 
2014-07-16T05:26:31.197+0000: 2045.442: [GC [PSYoungGen: 1230018K->2284K(1461696K)] 1639006K->416059K(1878912K), 0.0411310 secs] [Times: user=0.14 sys=0.00, real=0.04 secs] 
2014-07-16T05:26:31.239+0000: 2045.483: [Full GC [PSYoungGen: 2284K->0K(1461696K)] [ParOldGen: 413775K->155393K(435392K)] 416059K->155393K(1897088K) [PSPermGen: 11237K->11237K(24896K)], 0.6938320 secs] [Times: user=2.51 sys=0.00, real=0.69 secs] 
2014-07-16T05:26:34.777+0000: 2049.021: [GC [PSYoungGen: 1459392K->7484K(1596288K)] 1614785K->163070K(2031680K), 0.0115640 secs] [Times: user=0.04 sys=0.00, real=0.01 secs] 
2014-07-16T05:26:38.113+0000: 2052.357: [GC [PSYoungGen: 1596284K->6934K(1528000K)] 1751870K->163476K(1963392K), 0.0259450 secs] [Times: user=0.10 sys=0.00, real=0.03 secs] 
2014-07-16T05:26:41.083+0000: 2055.328: [GC [PSYoungGen: 1527958K->6884K(1734592K)] 1684500K->163634K(2169984K), 0.0309760 secs] [Times: user=0.10 sys=0.00, real=0.03 secs] 
2014-07-16T05:26:44.423+0000: 2058.667: [GC [PSYoungGen: 1733796K->6756K(1807872K)] 1890546K->163722K(2243264K), 0.0351070 secs] [Times: user=0.13 sys=0.00, real=0.03 secs] 
2014-07-16T05:26:47.880+0000: 2062.124: [GC [PSYoungGen: 1807012K->6660K(1728832K)] 1963978K->163818K(2164224K), 0.0245460 secs] [Times: user=0.08 sys=0.00, real=0.02 secs] 
2014-07-16T05:26:51.251+0000: 2065.495: [GC [PSYoungGen: 1728772K->954K(1648768K)] 1885930K->164377K(2084160K), 0.0253170 secs] [Times: user=0.10 sys=0.00, real=0.02 secs] 
2014-07-16T05:26:54.454+0000: 2068.699: [GC [PSYoungGen: 1648762K->7152K(1584320K)] 1812185K->170656K(2019712K), 0.0189920 secs] [Times: user=0.06 sys=0.00, real=0.02 secs] 
2014-07-16T05:26:57.549+0000: 2071.793: [GC [PSYoungGen: 1584304K->6884K(1516864K)] 1747808K->171048K(1952256K), 0.0225700 secs] [Times: user=0.08 sys=0.00, real=0.03 secs] 
2014-07-16T05:27:00.554+0000: 2074.798: [GC [PSYoungGen: 1516836K->6724K(1452800K)] 1681000K->171016K(1888192K), 0.0127740 secs] [Times: user=0.04 sys=0.01, real=0.01 secs] 
2014-07-16T05:27:03.416+0000: 2077.660: [GC [PSYoungGen: 1452740K->1596K(1386816K)] 1617032K->171410K(1822208K), 0.0357080 secs] [Times: user=0.13 sys=0.00, real=0.04 secs] 
2014-07-16T05:27:06.160+0000: 2080.404: [GC [PSYoungGen: 1386812K->7248K(1334656K)] 1556626K->177127K(1770048K), 0.0143870 secs] [Times: user=0.04 sys=0.00, real=0.02 secs] 
2014-07-16T05:27:08.661+0000: 2082.906: [GC [PSYoungGen: 1334608K->6372K(1278720K)] 1504487K->177039K(1714112K), 0.0191200 secs] [Times: user=0.07 sys=0.00, real=0.02 secs] 
2014-07-16T05:27:11.214+0000: 2085.458: [GC [PSYoungGen: 1278692K->7162K(1227136K)] 1449359K->177917K(1662528K), 0.0172470 secs] [Times: user=0.05 sys=0.00, real=0.01 secs] 
2014-07-16T05:27:13.608+0000: 2087.852: [GC [PSYoungGen: 1227130K->1696K(1171904K)] 1397885K->177935K(1607296K), 0.0180290 secs] [Times: user=0.05 sys=0.01, real=0.02 secs] 
2014-07-16T05:27:15.903+0000: 2090.148: [GC [PSYoungGen: 1171872K->7074K(1129856K)] 1348111K->183377K(1565248K), 0.0196870 secs] [Times: user=0.07 sys=0.01, real=0.02 secs] 
2014-07-16T05:27:18.017+0000: 2092.261: [GC [PSYoungGen: 1129826K->6436K(1084096K)] 1306129K->183431K(1519488K), 0.0279520 secs] [Times: user=0.10 sys=0.00, real=0.03 secs] 
2014-07-16T05:27:20.104+0000: 2094.348: [GC [PSYoungGen: 1084068K->6920K(1282304K)] 1261063K->184019K(1717696K), 0.0226500 secs] [Times: user=0.08 sys=0.00, real=0.03 secs] 
2014-07-16T05:27:22.669+0000: 2096.913: [GC [PSYoungGen: 1282248K->1696K(1512384K)] 1459347K->184351K(1947776K), 0.0314170 secs] [Times: user=0.11 sys=0.01, real=0.03 secs] 
2014-07-16T05:27:25.670+0000: 2099.914: [GC [PSYoungGen: 1512352K->7152K(1453888K)] 1695007K->189888K(1889280K), 0.0173350 secs] [Times: user=0.06 sys=0.00, real=0.02 secs] 
2014-07-16T05:27:28.378+0000: 2102.623: [GC [PSYoungGen: 1453872K->6244K(1392192K)] 1636608K->189920K(1827584K), 0.0194970 secs] [Times: user=0.07 sys=0.00, real=0.02 secs] 
2014-07-16T05:27:31.067+0000: 2105.311: [GC [PSYoungGen: 1392164K->7148K(1335232K)] 1575840K->190896K(1770624K), 0.0287770 secs] [Times: user=0.11 sys=0.00, real=0.02 secs] 
2014-07-16T05:27:33.634+0000: 2107.878: [GC [PSYoungGen: 1335212K->1724K(1274752K)] 1518960K->190832K(1710144K), 0.0184780 secs] [Times: user=0.07 sys=0.00, real=0.02 secs] 
2014-07-16T05:27:36.154+0000: 2110.398: [GC [PSYoungGen: 1274748K->7456K(1515520K)] 1463856K->196789K(1950912K), 0.0377230 secs] [Times: user=0.13 sys=0.00, real=0.04 secs] 
2014-07-16T05:27:39.024+0000: 2113.268: [GC [PSYoungGen: 1515488K->5818K(1450048K)] 1704821K->196727K(1885440K), 0.0129790 secs] [Times: user=0.04 sys=0.00, real=0.01 secs] 
2014-07-16T05:27:41.882+0000: 2116.126: [GC [PSYoungGen: 1450042K->7094K(1718016K)] 1640951K->198115K(2153408K), 0.0424330 secs] [Times: user=0.15 sys=0.00, real=0.04 secs] 
2014-07-16T05:27:45.236+0000: 2119.480: [GC [PSYoungGen: 1718006K->2476K(1639680K)] 1909027K->198314K(2075072K), 0.0215920 secs] [Times: user=0.08 sys=0.00, real=0.02 secs] 
2014-07-16T05:27:48.359+0000: 2122.603: [GC [PSYoungGen: 1639660K->7184K(1574272K)] 1835498K->203119K(2009664K), 0.0158040 secs] [Times: user=0.05 sys=0.00, real=0.01 secs] 
2014-07-16T05:27:51.407+0000: 2125.652: [GC [PSYoungGen: 1574224K->5668K(1506048K)] 1770159K->203261K(1941440K), 0.0213080 secs] [Times: user=0.07 sys=0.00, real=0.03 secs] 
2014-07-16T05:27:54.314+0000: 2128.558: [GC [PSYoungGen: 1506020K->6774K(1443712K)] 1703613K->204607K(1879104K), 0.0204470 secs] [Times: user=0.07 sys=0.00, real=0.02 secs] 
2014-07-16T05:27:57.204+0000: 2131.448: [GC [PSYoungGen: 1443702K->2786K(1379392K)] 1641535K->204800K(1814784K), 0.0055950 secs] [Times: user=0.02 sys=0.01, real=0.00 secs] 
2014-07-16T05:27:59.822+0000: 2134.066: [GC [PSYoungGen: 1379362K->6910K(1326080K)] 1581376K->209004K(1761472K), 0.0142770 secs] [Times: user=0.05 sys=0.00, real=0.01 secs] 
2014-07-16T05:28:02.436+0000: 2136.680: [GC [PSYoungGen: 1326078K->5672K(1270272K)] 1528172K->209448K(1705664K), 0.0272230 secs] [Times: user=0.10 sys=0.00, real=0.03 secs] 
2014-07-16T05:28:04.951+0000: 2139.195: [GC [PSYoungGen: 1270248K->6742K(1503232K)] 1474024K->210790K(1938624K), 0.0413010 secs] [Times: user=0.15 sys=0.00, real=0.04 secs] 
2014-07-16T05:28:07.812+0000: 2142.056: [GC [PSYoungGen: 1503190K->2914K(1744448K)] 1707238K->210964K(2179840K), 0.0352010 secs] [Times: user=0.12 sys=0.00, real=0.03 secs] 
2014-07-16T05:28:11.298+0000: 2145.542: [GC [PSYoungGen: 1744418K->7316K(1673600K)] 1952468K->215431K(2108992K), 0.0192160 secs] [Times: user=0.06 sys=0.00, real=0.02 secs] 
2014-07-16T05:28:14.405+0000: 2148.649: [GC [PSYoungGen: 1673556K->356K(1595072K)] 1881671K->215623K(2030464K), 0.0071920 secs] [Times: user=0.03 sys=0.00, real=0.01 secs] 
2014-07-16T05:28:17.519+0000: 2151.763: [GC [PSYoungGen: 1595044K->7334K(1534016K)] 1810311K->222650K(1969408K), 0.0118820 secs] [Times: user=0.04 sys=0.00, real=0.01 secs] 
2014-07-16T05:28:20.446+0000: 2154.690: [GC [PSYoungGen: 1533990K->6742K(1468736K)] 1749306K->222802K(1904128K), 0.0248740 secs] [Times: user=0.09 sys=0.00, real=0.02 secs] 
2014-07-16T05:28:23.324+0000: 2157.568: [GC [PSYoungGen: 1468694K->6920K(1407360K)] 1684754K->223188K(1842752K), 0.0422900 secs] [Times: user=0.15 sys=0.00, real=0.05 secs] 
2014-07-16T05:28:26.052+0000: 2160.296: [GC [PSYoungGen: 1407304K->1896K(1343744K)] 1623572K->223323K(1779136K), 0.0186290 secs] [Times: user=0.06 sys=0.00, real=0.02 secs] 
2014-07-16T05:28:28.738+0000: 2162.982: [GC [PSYoungGen: 1343720K->7270K(1293376K)] 1565147K->228769K(1728768K), 0.0138420 secs] [Times: user=0.05 sys=0.00, real=0.01 secs] 
2014-07-16T05:28:31.215+0000: 2165.459: [GC [PSYoungGen: 1293350K->6308K(1239424K)] 1514849K->228755K(1674816K), 0.0140460 secs] [Times: user=0.04 sys=0.00, real=0.01 secs] 
2014-07-16T05:28:33.627+0000: 2167.871: [GC [PSYoungGen: 1239396K->6742K(1189440K)] 1461843K->229397K(1624832K), 0.0171210 secs] [Times: user=0.06 sys=0.01, real=0.01 secs] 
2014-07-16T05:28:35.963+0000: 2170.207: [GC [PSYoungGen: 1189398K->2416K(1137088K)] 1412053K->229742K(1572480K), 0.0319440 secs] [Times: user=0.11 sys=0.00, real=0.03 secs] 
2014-07-16T05:28:38.260+0000: 2172.504: [GC [PSYoungGen: 1137072K->7174K(1351872K)] 1364398K->234572K(1787264K), 0.0375530 secs] [Times: user=0.13 sys=0.00, real=0.04 secs] 
2014-07-16T05:28:40.793+0000: 2175.037: [GC [PSYoungGen: 1351814K->5732K(1599744K)] 1579212K->234622K(2035136K), 0.0294030 secs] [Times: user=0.10 sys=0.00, real=0.03 secs] 
2014-07-16T05:28:43.891+0000: 2178.136: [GC [PSYoungGen: 1599716K->6902K(1723072K)] 1828606K->235952K(2158464K), 0.0157230 secs] [Times: user=0.06 sys=0.00, real=0.02 secs] 
2014-07-16T05:28:47.272+0000: 2181.516: [GC [PSYoungGen: 1722358K->6788K(1648320K)] 1951408K->236086K(2083712K), 0.0168140 secs] [Times: user=0.06 sys=0.00, real=0.02 secs] 
2014-07-16T05:28:50.378+0000: 2184.622: [GC [PSYoungGen: 1648260K->6756K(1577920K)] 1877558K->236214K(2013312K), 0.0194680 secs] [Times: user=0.07 sys=0.01, real=0.02 secs] 
2014-07-16T05:28:53.460+0000: 2187.705: [GC [PSYoungGen: 1577892K->1632K(1505920K)] 1807350K->236657K(1941312K), 0.0330840 secs] [Times: user=0.10 sys=0.00, real=0.03 secs] 
2014-07-16T05:28:56.439+0000: 2190.683: [GC [PSYoungGen: 1505888K->7280K(1447936K)] 1740913K->242410K(1883328K), 0.0166500 secs] [Times: user=0.06 sys=0.01, real=0.02 secs] 
2014-07-16T05:28:59.293+0000: 2193.537: [GC [PSYoungGen: 1447920K->6308K(1386432K)] 1683050K->242370K(1821824K), 0.0218310 secs] [Times: user=0.08 sys=0.01, real=0.02 secs] 
2014-07-16T05:29:01.915+0000: 2196.160: [GC [PSYoungGen: 1386404K->6788K(1329344K)] 1622466K->242978K(1764736K), 0.0358740 secs] [Times: user=0.13 sys=0.00, real=0.04 secs] 
2014-07-16T05:29:04.516+0000: 2198.760: [GC [PSYoungGen: 1329284K->2216K(1269952K)] 1565474K->243474K(1705344K), 0.0167170 secs] [Times: user=0.06 sys=0.00, real=0.02 secs] 
2014-07-16T05:29:06.953+0000: 2201.197: [GC [PSYoungGen: 1269928K->7348K(1509120K)] 1511186K->248679K(1944512K), 0.0374570 secs] [Times: user=0.13 sys=0.00, real=0.04 secs] 
2014-07-16T05:29:09.885+0000: 2204.129: [GC [PSYoungGen: 1509108K->5796K(1444096K)] 1750439K->248483K(1879488K), 0.0109570 secs] [Times: user=0.03 sys=0.00, real=0.01 secs] 
2014-07-16T05:29:12.667+0000: 2206.911: [GC [PSYoungGen: 1444068K->6956K(1384832K)] 1686755K->249795K(1820224K), 0.0192730 secs] [Times: user=0.05 sys=0.00, real=0.02 secs] 
2014-07-16T05:29:15.307+0000: 2209.551: [GC [PSYoungGen: 1384812K->2608K(1323008K)] 1627651K->249994K(1758400K), 0.0053400 secs] [Times: user=0.02 sys=0.00, real=0.01 secs] 
2014-07-16T05:29:17.972+0000: 2212.217: [GC [PSYoungGen: 1322992K->7138K(1272896K)] 1570378K->254620K(1708288K), 0.0208900 secs] [Times: user=0.07 sys=0.00, real=0.02 secs] 
2014-07-16T05:29:20.375+0000: 2214.619: [GC [PSYoungGen: 1272773K->5498K(1219200K)] 1520255K->254846K(1654592K), 0.0269980 secs] [Times: user=0.10 sys=0.00, real=0.02 secs] 
2014-07-16T05:29:22.717+0000: 2216.962: [GC [PSYoungGen: 1219166K->6934K(1171136K)] 1468514K->256458K(1606528K), 0.0308190 secs] [Times: user=0.11 sys=0.01, real=0.03 secs] 
2014-07-16T05:29:24.921+0000: 2219.166: [GC [PSYoungGen: 1171094K->2790K(1119872K)] 1420618K->256509K(1555264K), 0.0192240 secs] [Times: user=0.08 sys=0.00, real=0.02 secs] 
2014-07-16T05:29:27.088+0000: 2221.332: [GC [PSYoungGen: 1119846K->7070K(1079296K)] 1373565K->260861K(1514688K), 0.0212130 secs] [Times: user=0.07 sys=0.00, real=0.02 secs] 
2014-07-16T05:29:29.254+0000: 2223.499: [GC [PSYoungGen: 1079262K->5366K(1274432K)] 1333053K->260959K(1709824K), 0.0219370 secs] [Times: user=0.08 sys=0.00, real=0.02 secs] 
2014-07-16T05:29:31.687+0000: 2225.931: [GC [PSYoungGen: 1274422K->6902K(1509440K)] 1530015K->262607K(1944832K), 0.0259220 secs] [Times: user=0.09 sys=0.00, real=0.02 secs] 
2014-07-16T05:29:34.627+0000: 2228.872: [GC [PSYoungGen: 1509430K->2850K(1441856K)] 1765135K->262802K(1877248K), 0.0203150 secs] [Times: user=0.07 sys=0.00, real=0.02 secs] 
2014-07-16T05:29:37.466+0000: 2231.710: [GC [PSYoungGen: 1441794K->7206K(1385792K)] 1701746K->267287K(1821184K), 0.0271910 secs] [Times: user=0.10 sys=0.01, real=0.02 secs] 
2014-07-16T05:29:40.239+0000: 2234.483: [GC [PSYoungGen: 1385766K->4914K(1638336K)] 1645847K->267287K(2073728K), 0.0386290 secs] [Times: user=0.14 sys=0.00, real=0.04 secs] 
2014-07-16T05:29:43.388+0000: 2237.633: [GC [PSYoungGen: 1638322K->6852K(1851840K)] 1900695K->269409K(2287232K), 0.0303260 secs] [Times: user=0.10 sys=0.00, real=0.03 secs] 
2014-07-16T05:29:46.878+0000: 2241.122: [GC [PSYoungGen: 1851204K->6842K(1942464K)] 2113761K->269615K(2377856K), 0.0377650 secs] [Times: user=0.13 sys=0.01, real=0.03 secs] 
2014-07-16T05:29:50.733+0000: 2244.977: [GC [PSYoungGen: 1941818K->6952K(1942464K)] 2204591K->269837K(2377856K), 0.0255670 secs] [Times: user=0.09 sys=0.01, real=0.03 secs] 
2014-07-16T05:29:54.436+0000: 2248.681: [GC [PSYoungGen: 1941928K->6852K(1857152K)] 2204813K->270009K(2292544K), 0.0269830 secs] [Times: user=0.10 sys=0.00, real=0.03 secs] 
2014-07-16T05:29:57.989+0000: 2252.234: [GC [PSYoungGen: 1857092K->6788K(1776512K)] 2120249K->270145K(2211904K), 0.0362900 secs] [Times: user=0.12 sys=0.00, real=0.03 secs] 
2014-07-16T05:30:01.512+0000: 2255.756: [GC [PSYoungGen: 1776452K->1268K(1694336K)] 2039809K->270565K(2129728K), 0.0167130 secs] [Times: user=0.06 sys=0.00, real=0.01 secs] 
2014-07-16T05:30:04.712+0000: 2258.956: [GC [PSYoungGen: 1694324K->7476K(1627648K)] 1963621K->276894K(2063040K), 0.0198790 secs] [Times: user=0.07 sys=0.00, real=0.02 secs] 
2014-07-16T05:30:07.798+0000: 2262.042: [GC [PSYoungGen: 1627636K->6262K(1557120K)] 1897054K->276644K(1992512K), 0.0097970 secs] [Times: user=0.02 sys=0.00, real=0.01 secs] 
2014-07-16T05:30:10.869+0000: 2265.113: [GC [PSYoungGen: 1557110K->7230K(1492160K)] 1827492K->277708K(1927552K), 0.0210440 secs] [Times: user=0.07 sys=0.00, real=0.03 secs] 
2014-07-16T05:30:13.750+0000: 2267.994: [GC [PSYoungGen: 1492158K->1896K(1424192K)] 1762636K->277893K(1859584K), 0.0142180 secs] [Times: user=0.04 sys=0.00, real=0.01 secs] 
2014-07-16T05:30:16.495+0000: 2270.740: [GC [PSYoungGen: 1424168K->6960K(1369600K)] 1700165K->283029K(1804992K), 0.0219990 secs] [Times: user=0.08 sys=0.00, real=0.02 secs] 
2014-07-16T05:30:19.207+0000: 2273.452: [GC [PSYoungGen: 1369580K->6650K(1312576K)] 1645649K->283379K(1747968K), 0.0165670 secs] [Times: user=0.05 sys=0.00, real=0.02 secs] 
2014-07-16T05:30:21.706+0000: 2275.950: [GC [PSYoungGen: 1312570K->6724K(1258752K)] 1589299K->283589K(1694144K), 0.0309560 secs] [Times: user=0.11 sys=0.01, real=0.03 secs] 
2014-07-16T05:30:24.177+0000: 2278.422: [GC [PSYoungGen: 1258692K->2088K(1202688K)] 1535557K->283863K(1638080K), 0.0284600 secs] [Times: user=0.10 sys=0.00, real=0.03 secs] 
2014-07-16T05:30:26.513+0000: 2280.757: [GC [PSYoungGen: 1202664K->7156K(1428736K)] 1484439K->289027K(1864128K), 0.0299720 secs] [Times: user=0.11 sys=0.00, real=0.03 secs] 
2014-07-16T05:30:29.345+0000: 2283.589: [GC [PSYoungGen: 1428724K->6116K(1368128K)] 1710595K->289007K(1803520K), 0.0198140 secs] [Times: user=0.06 sys=0.00, real=0.02 secs] 
2014-07-16T05:30:31.925+0000: 2286.169: [GC [PSYoungGen: 1368100K->7012K(1618816K)] 1650991K->290023K(2054208K), 0.0269380 secs] [Times: user=0.09 sys=0.00, real=0.02 secs] 
2014-07-16T05:30:35.023+0000: 2289.267: [GC [PSYoungGen: 1618788K->2088K(1545024K)] 1901799K->290087K(1980416K), 0.0230610 secs] [Times: user=0.08 sys=0.00, real=0.03 secs] 
2014-07-16T05:30:37.987+0000: 2292.231: [GC [PSYoungGen: 1545000K->7338K(1484736K)] 1832999K->295417K(1920128K), 0.0260360 secs] [Times: user=0.10 sys=0.00, real=0.02 secs] 
2014-07-16T05:30:40.948+0000: 2295.193: [GC [PSYoungGen: 1484714K->5672K(1420736K)] 1772793K->295565K(1856128K), 0.0254980 secs] [Times: user=0.09 sys=0.00, real=0.02 secs] 
2014-07-16T05:30:43.637+0000: 2297.881: [GC [PSYoungGen: 1420712K->6646K(1362432K)] 1710605K->296803K(1797824K), 0.0289780 secs] [Times: user=0.11 sys=0.00, real=0.03 secs] 
2014-07-16T05:30:46.370+0000: 2300.614: [GC [PSYoungGen: 1362422K->3050K(1302464K)] 1652579K->297085K(1737856K), 0.0112490 secs] [Times: user=0.04 sys=0.00, real=0.01 secs] 
2014-07-16T05:30:48.890+0000: 2303.135: [GC [PSYoungGen: 1302442K->7042K(1252864K)] 1596477K->301174K(1688256K), 0.0142520 secs] [Times: user=0.05 sys=0.00, real=0.01 secs] 
2014-07-16T05:30:51.383+0000: 2305.627: [GC [PSYoungGen: 1252802K->5220K(1199936K)] 1546934K->301450K(1635328K), 0.0258020 secs] [Times: user=0.09 sys=0.00, real=0.03 secs] 
2014-07-16T05:30:53.618+0000: 2307.863: [GC [PSYoungGen: 1199908K->6892K(1422400K)] 1496138K->303386K(1857792K), 0.0385200 secs] [Times: user=0.11 sys=0.00, real=0.04 secs] 
2014-07-16T05:30:56.351+0000: 2310.596: [GC [PSYoungGen: 1422380K->3242K(1359424K)] 1718874K->303504K(1794816K), 0.0062700 secs] [Times: user=0.01 sys=0.00, real=0.01 secs] 
2014-07-16T05:30:58.925+0000: 2313.169: [GC [PSYoungGen: 1359402K->6974K(1306752K)] 1659664K->307324K(1742144K), 0.0216610 secs] [Times: user=0.08 sys=0.00, real=0.02 secs] 
2014-07-16T05:31:01.501+0000: 2315.746: [GC [PSYoungGen: 1306750K->5042K(1251136K)] 1607100K->307858K(1686528K), 0.0271820 secs] [Times: user=0.08 sys=0.00, real=0.03 secs] 
2014-07-16T05:31:03.858+0000: 2318.103: [GC [PSYoungGen: 1251122K->6692K(1483200K)] 1553938K->309772K(1918592K), 0.0354390 secs] [Times: user=0.13 sys=0.00, real=0.03 secs] 
2014-07-16T05:31:06.677+0000: 2320.921: [GC [PSYoungGen: 1483172K->3638K(1417856K)] 1786252K->309958K(1853248K), 0.0112630 secs] [Times: user=0.05 sys=0.00, real=0.02 secs] 
2014-07-16T05:31:09.478+0000: 2323.723: [GC [PSYoungGen: 1417846K->7006K(1361984K)] 1724166K->313423K(1797376K), 0.0191810 secs] [Times: user=0.07 sys=0.01, real=0.02 secs] 
2014-07-16T05:31:12.143+0000: 2326.387: [GC [PSYoungGen: 1361950K->4714K(1303296K)] 1668367K->313682K(1738688K), 0.0145460 secs] [Times: user=0.05 sys=0.00, real=0.01 secs] 
2014-07-16T05:31:14.682+0000: 2328.926: [GC [PSYoungGen: 1303274K->6906K(1543616K)] 1612242K->316131K(1979008K), 0.0383480 secs] [Times: user=0.13 sys=0.00, real=0.03 secs] 
2014-07-16T05:31:17.652+0000: 2331.896: [GC [PSYoungGen: 1543610K->3758K(1475264K)] 1852835K->316273K(1910656K), 0.0227300 secs] [Times: user=0.09 sys=0.00, real=0.02 secs] 
2014-07-16T05:31:20.574+0000: 2334.818: [GC [PSYoungGen: 1475246K->7184K(1416704K)] 1787761K->319763K(1852096K), 0.0107180 secs] [Times: user=0.02 sys=0.00, real=0.01 secs] 
2014-07-16T05:31:23.338+0000: 2337.583: [GC [PSYoungGen: 1416656K->4158K(1354624K)] 1729235K->319905K(1790016K), 0.0193550 secs] [Times: user=0.07 sys=0.00, real=0.02 secs] 
2014-07-16T05:31:26.056+0000: 2340.300: [GC [PSYoungGen: 1354622K->6742K(1301120K)] 1670369K->322681K(1736512K), 0.0159470 secs] [Times: user=0.05 sys=0.01, real=0.02 secs] 
2014-07-16T05:31:28.568+0000: 2342.812: [GC [PSYoungGen: 1301078K->4350K(1535936K)] 1617017K->322851K(1971328K), 0.0406790 secs] [Times: user=0.15 sys=0.00, real=0.04 secs] 
2014-07-16T05:31:31.596+0000: 2345.840: [GC [PSYoungGen: 1535934K->7326K(1473984K)] 1854435K->325908K(1909376K), 0.0160280 secs] [Times: user=0.06 sys=0.00, real=0.02 secs] 
2014-07-16T05:31:34.388+0000: 2348.632: [GC [PSYoungGen: 1473950K->3552K(1408384K)] 1792532K->325816K(1843776K), 0.0227240 secs] [Times: user=0.08 sys=0.00, real=0.02 secs] 
2014-07-16T05:31:37.222+0000: 2351.466: [GC [PSYoungGen: 1408352K->6988K(1353088K)] 1730616K->329388K(1788480K), 0.0238870 secs] [Times: user=0.09 sys=0.00, real=0.03 secs] 
2014-07-16T05:31:39.996+0000: 2354.240: [GC [PSYoungGen: 1353036K->4798K(1294912K)] 1675436K->329552K(1730304K), 0.0060200 secs] [Times: user=0.02 sys=0.00, real=0.00 secs] 
2014-07-16T05:31:42.502+0000: 2356.746: [GC [PSYoungGen: 1294910K->7084K(1244032K)] 1619664K->331926K(1679424K), 0.0237220 secs] [Times: user=0.07 sys=0.00, real=0.03 secs] 
2014-07-16T05:31:44.839+0000: 2359.083: [GC [PSYoungGen: 1244012K->3378K(1189696K)] 1568854K->332080K(1625088K), 0.0274470 secs] [Times: user=0.10 sys=0.00, real=0.03 secs] 
2014-07-16T05:31:47.174+0000: 2361.419: [GC [PSYoungGen: 1189682K->6974K(1145088K)] 1518384K->335740K(1580480K), 0.0208680 secs] [Times: user=0.08 sys=0.00, real=0.03 secs] 
2014-07-16T05:31:49.376+0000: 2363.620: [GC [PSYoungGen: 1145086K->4786K(1097024K)] 1473852K->335884K(1532416K), 0.0170830 secs] [Times: user=0.06 sys=0.00, real=0.01 secs] 
2014-07-16T05:31:51.518+0000: 2365.762: [GC [PSYoungGen: 1097010K->7094K(1055680K)] 1428108K->338304K(1491072K), 0.0259850 secs] [Times: user=0.09 sys=0.00, real=0.02 secs] 
2014-07-16T05:31:53.593+0000: 2367.837: [GC [PSYoungGen: 1055670K->3114K(1246016K)] 1386880K->338310K(1681408K), 0.0308390 secs] [Times: user=0.11 sys=0.01, real=0.03 secs] 
2014-07-16T05:31:55.985+0000: 2370.229: [GC [PSYoungGen: 1245994K->6974K(1479680K)] 1581190K->342307K(1915072K), 0.0231900 secs] [Times: user=0.06 sys=0.01, real=0.03 secs] 
2014-07-16T05:31:58.844+0000: 2373.088: [GC [PSYoungGen: 1479678K->4782K(1750208K)] 1815011K->342605K(2185600K), 0.0314550 secs] [Times: user=0.11 sys=0.00, real=0.03 secs] 
2014-07-16T05:32:02.240+0000: 2376.485: [GC [PSYoungGen: 1750190K->7212K(2073472K)] 2088013K->345115K(2508864K), 0.0236220 secs] [Times: user=0.09 sys=0.01, real=0.02 secs] 
2014-07-16T05:32:06.382+0000: 2380.626: [GC [PSYoungGen: 2073452K->2986K(1978048K)] 2411355K->345296K(2413440K), 0.0219880 secs] [Times: user=0.08 sys=0.00, real=0.02 secs] 
2014-07-16T05:32:10.150+0000: 2384.394: [GC [PSYoungGen: 1977981K->7084K(1895424K)] 2320292K->349547K(2330816K), 0.0071210 secs] [Times: user=0.02 sys=0.00, real=0.00 secs] 
2014-07-16T05:32:13.851+0000: 2388.095: [GC [PSYoungGen: 1895404K->5042K(1810944K)] 2237867K->349805K(2246336K), 0.0209060 secs] [Times: user=0.08 sys=0.00, real=0.02 secs] 
2014-07-16T05:32:17.456+0000: 2391.700: [GC [PSYoungGen: 1810930K->7066K(1734592K)] 2155693K->352069K(2169984K), 0.0292330 secs] [Times: user=0.10 sys=0.00, real=0.03 secs] 
2014-07-16T05:32:20.854+0000: 2395.098: [GC [PSYoungGen: 1734554K->2978K(1655936K)] 2079557K->352217K(2091328K), 0.0298190 secs] [Times: user=0.11 sys=0.00, real=0.03 secs] 
2014-07-16T05:32:24.023+0000: 2398.268: [GC [PSYoungGen: 1655906K->7266K(1589312K)] 2005145K->356689K(2024704K), 0.0287310 secs] [Times: user=0.10 sys=0.00, real=0.03 secs] 
2014-07-16T05:32:27.178+0000: 2401.422: [GC [PSYoungGen: 1589282K->4850K(1519424K)] 1938705K->356741K(1954816K), 0.0268910 secs] [Times: user=0.10 sys=0.00, real=0.03 secs] 
2014-07-16T05:32:30.124+0000: 2404.368: [GC [PSYoungGen: 1519410K->6952K(1457408K)] 1871301K->358995K(1892800K), 0.0302930 secs] [Times: user=0.11 sys=0.00, real=0.03 secs] 
2014-07-16T05:32:33.055+0000: 2407.300: [GC [PSYoungGen: 1457384K->3306K(1392768K)] 1809427K->359454K(1828160K), 0.0210740 secs] [Times: user=0.08 sys=0.00, real=0.02 secs] 
2014-07-16T05:32:35.778+0000: 2410.022: [GC [PSYoungGen: 1392746K->7038K(1651136K)] 1748894K->363354K(2086528K), 0.0348900 secs] [Times: user=0.12 sys=0.00, real=0.04 secs] 
2014-07-16T05:32:39.011+0000: 2413.255: [GC [PSYoungGen: 1651134K->4900K(1578560K)] 2007450K->363498K(2013952K), 0.0283060 secs] [Times: user=0.11 sys=0.00, real=0.03 secs] 
2014-07-16T05:32:42.182+0000: 2416.426: [GC [PSYoungGen: 1578532K->7012K(1513664K)] 1937130K->365746K(1949056K), 0.0265170 secs] [Times: user=0.08 sys=0.01, real=0.03 secs] 
2014-07-16T05:32:45.086+0000: 2419.331: [GC [PSYoungGen: 1513636K->3178K(1786688K)] 1872370K->365778K(2222080K), 0.0335010 secs] [Times: user=0.12 sys=0.00, real=0.03 secs] 
2014-07-16T05:32:48.596+0000: 2422.841: [GC [PSYoungGen: 1786666K->7170K(2117696K)] 2149266K->369875K(2553088K), 0.0303310 secs] [Times: user=0.11 sys=0.00, real=0.03 secs] 
2014-07-16T05:32:52.785+0000: 2427.029: [GC [PSYoungGen: 2117634K->4710K(2170496K)] 2480339K->370091K(2605888K), 0.0468390 secs] [Times: user=0.17 sys=0.00, real=0.05 secs] 
2014-07-16T05:32:57.113+0000: 2431.358: [GC [PSYoungGen: 2170470K->7130K(2076800K)] 2535851K->372815K(2512192K), 0.0184930 secs] [Times: user=0.06 sys=0.01, real=0.02 secs] 
2014-07-16T05:33:01.078+0000: 2435.322: [GC [PSYoungGen: 2076762K->438K(1978688K)] 2442447K->373078K(2414080K), 0.0315260 secs] [Times: user=0.11 sys=0.01, real=0.03 secs] 
2014-07-16T05:33:05.021+0000: 2439.266: [GC [PSYoungGen: 1978678K->7576K(1898944K)] 2351318K->380330K(2334336K), 0.0204360 secs] [Times: user=0.07 sys=0.00, real=0.02 secs] 
2014-07-16T05:33:08.663+0000: 2442.907: [GC [PSYoungGen: 1898904K->6660K(1815424K)] 2271658K->380304K(2250816K), 0.0077430 secs] [Times: user=0.02 sys=0.00, real=0.01 secs] 
2014-07-16T05:33:12.194+0000: 2446.438: [GC [PSYoungGen: 1815364K->7030K(1737216K)] 2189008K->380818K(2172608K), 0.0169320 secs] [Times: user=0.04 sys=0.00, real=0.02 secs] 
2014-07-16T05:33:15.605+0000: 2449.849: [GC [PSYoungGen: 1737206K->1788K(1657280K)] 2110994K->380918K(2092672K), 0.0257180 secs] [Times: user=0.10 sys=0.00, real=0.03 secs] 
2014-07-16T05:33:18.863+0000: 2453.107: [GC [PSYoungGen: 1657276K->7202K(1591680K)] 2036406K->386420K(2027072K), 0.0228610 secs] [Times: user=0.08 sys=0.00, real=0.02 secs] 
2014-07-16T05:33:21.990+0000: 2456.234: [GC [PSYoungGen: 1591650K->6390K(1523328K)] 1970868K->386808K(1958720K), 0.0255810 secs] [Times: user=0.08 sys=0.00, real=0.02 secs] 
2014-07-16T05:33:24.982+0000: 2459.227: [GC [PSYoungGen: 1523318K->6756K(1459456K)] 1903736K->387454K(1894848K), 0.0194350 secs] [Times: user=0.07 sys=0.00, real=0.02 secs] 
2014-07-16T05:33:27.834+0000: 2462.079: [GC [PSYoungGen: 1459428K->2348K(1393920K)] 1840126K->387673K(1829312K), 0.0156610 secs] [Times: user=0.06 sys=0.00, real=0.02 secs] 
2014-07-16T05:33:30.463+0000: 2464.707: [GC [PSYoungGen: 1393900K->7166K(1340608K)] 1779225K->392539K(1776000K), 0.0272890 secs] [Times: user=0.10 sys=0.00, real=0.03 secs] 
2014-07-16T05:33:33.133+0000: 2467.377: [GC [PSYoungGen: 1340606K->5992K(1284160K)] 1725979K->392687K(1719552K), 0.0126920 secs] [Times: user=0.03 sys=0.00, real=0.01 secs] 
2014-07-16T05:33:35.667+0000: 2469.911: [GC [PSYoungGen: 1284136K->6756K(1232320K)] 1670831K->393651K(1667712K), 0.0244510 secs] [Times: user=0.09 sys=0.00, real=0.03 secs] 
2014-07-16T05:33:38.120+0000: 2472.365: [GC [PSYoungGen: 1232292K->2722K(1178176K)] 1619187K->393735K(1613568K), 0.0252230 secs] [Times: user=0.08 sys=0.00, real=0.03 secs] 
2014-07-16T05:33:40.419+0000: 2474.663: [GC [PSYoungGen: 1178146K->7102K(1134848K)] 1569159K->398180K(1570240K), 0.0275400 secs] [Times: user=0.10 sys=0.00, real=0.03 secs] 
2014-07-16T05:33:42.657+0000: 2476.901: [GC [PSYoungGen: 1134846K->5690K(1342080K)] 1525924K->398466K(1777472K), 0.0326290 secs] [Times: user=0.12 sys=0.00, real=0.03 secs] 
2014-07-16T05:33:45.259+0000: 2479.504: [GC [PSYoungGen: 1342074K->6924K(1287936K)] 1734850K->399892K(1723328K), 0.0150300 secs] [Times: user=0.05 sys=0.00, real=0.02 secs] 
2014-07-16T05:33:47.829+0000: 2482.073: [GC [PSYoungGen: 1287884K->2854K(1520832K)] 1680852K->400403K(1956224K), 0.0369760 secs] [Times: user=0.14 sys=0.00, real=0.04 secs] 
2014-07-16T05:33:50.710+0000: 2484.954: [GC [PSYoungGen: 1520806K->7294K(1805248K)] 1918355K->404923K(2240640K), 0.0256860 secs] [Times: user=0.09 sys=0.00, real=0.03 secs] 
2014-07-16T05:33:54.216+0000: 2488.460: [GC [PSYoungGen: 1805246K->5362K(1725312K)] 2202875K->405147K(2160704K), 0.0215510 secs] [Times: user=0.08 sys=0.00, real=0.02 secs] 
2014-07-16T05:33:57.612+0000: 2491.856: [GC [PSYoungGen: 1725298K->6860K(2044608K)] 2125083K->406845K(2480000K), 0.0479550 secs] [Times: user=0.16 sys=0.00, real=0.05 secs] 
2014-07-16T05:34:01.445+0000: 2495.689: [GC [PSYoungGen: 2044556K->3506K(1951424K)] 2444541K->407026K(2386816K), 0.0077840 secs] [Times: user=0.02 sys=0.00, real=0.01 secs] 
2014-07-16T05:34:05.220+0000: 2499.464: [GC [PSYoungGen: 1951410K->7198K(1869760K)] 2354930K->410903K(2305152K), 0.0251860 secs] [Times: user=0.07 sys=0.01, real=0.02 secs] 
2014-07-16T05:34:08.884+0000: 2503.128: [GC [PSYoungGen: 1869726K->4914K(1786240K)] 2273431K->411017K(2221632K), 0.0269220 secs] [Times: user=0.10 sys=0.00, real=0.03 secs] 
2014-07-16T05:34:12.216+0000: 2506.460: [GC [PSYoungGen: 1786226K->6916K(1711104K)] 2192329K->413203K(2146496K), 0.0151650 secs] [Times: user=0.05 sys=0.00, real=0.02 secs] 
2014-07-16T05:34:15.585+0000: 2509.830: [GC [PSYoungGen: 1711044K->3634K(1634368K)] 2117331K->413415K(2069760K), 0.0154340 secs] [Times: user=0.06 sys=0.00, real=0.02 secs] 
2014-07-16T05:34:18.843+0000: 2513.088: [GC [PSYoungGen: 1634354K->7070K(1568000K)] 2044135K->416995K(2003392K), 0.0251280 secs] [Times: user=0.09 sys=0.00, real=0.03 secs] 
2014-07-16T05:34:21.786+0000: 2516.030: [GC [PSYoungGen: 1567966K->4654K(1499200K)] 1977891K->417187K(1934592K), 0.0266780 secs] [Times: user=0.09 sys=0.00, real=0.03 secs] 
2014-07-16T05:34:24.672+0000: 2518.917: [GC [PSYoungGen: 1499182K->6956K(1438336K)] 1911715K->419697K(1873728K), 0.0266550 secs] [Times: user=0.09 sys=0.00, real=0.03 secs] 
2014-07-16T05:34:27.444+0000: 2521.688: [GC [PSYoungGen: 1438316K->3638K(1374912K)] 1851057K->419804K(1810304K), 0.0206270 secs] [Times: user=0.07 sys=0.00, real=0.02 secs] 
2014-07-16T05:34:30.195+0000: 2524.439: [GC [PSYoungGen: 1374902K->7034K(1321152K)] 1791068K->423281K(1756544K), 0.0269590 secs] [Times: user=0.10 sys=0.00, real=0.03 secs] 
2014-07-16T05:34:32.660+0000: 2526.904: [GC [PSYoungGen: 1321146K->4586K(1264320K)] 1737393K->423377K(1699712K), 0.0178120 secs] [Times: user=0.06 sys=0.00, real=0.02 secs] 
2014-07-16T05:34:35.127+0000: 2529.371: [GC [PSYoungGen: 1264298K->6646K(1214656K)] 1683089K->425613K(1650048K), 0.0252440 secs] [Times: user=0.09 sys=0.00, real=0.03 secs] 
2014-07-16T05:34:37.476+0000: 2531.720: [GC [PSYoungGen: 1214646K->3894K(1434752K)] 1633613K->426005K(1870144K), 0.0356030 secs] [Times: user=0.13 sys=0.00, real=0.04 secs] 
2014-07-16T05:34:40.286+0000: 2534.530: [GC [PSYoungGen: 1434742K->7034K(1702208K)] 1856853K->429209K(2137600K), 0.0304610 secs] [Times: user=0.10 sys=0.00, real=0.03 secs] 
2014-07-16T05:34:43.537+0000: 2537.782: [GC [PSYoungGen: 1702202K->4222K(1626432K)] 2124377K->429403K(2061824K), 0.0138520 secs] [Times: user=0.04 sys=0.00, real=0.02 secs] 
2014-07-16T05:34:46.615+0000: 2540.859: [GC [PSYoungGen: 1626400K->6988K(1559872K)] 2051582K->432378K(1995264K), 0.0115140 secs] [Times: user=0.03 sys=0.00, real=0.01 secs] 
2014-07-16T05:34:49.712+0000: 2543.957: [GC [PSYoungGen: 1559820K->3766K(1490624K)] 1985210K->432420K(1926016K), 0.0371680 secs] [Times: user=0.13 sys=0.00, real=0.03 secs] 
2014-07-16T05:34:52.614+0000: 2546.858: [GC [PSYoungGen: 1490614K->7380K(1431488K)] 1919268K->436154K(1866880K), 0.0290500 secs] [Times: user=0.11 sys=0.00, real=0.03 secs] 
2014-07-16T05:34:55.487+0000: 2549.731: [GC [PSYoungGen: 1431444K->3702K(1368064K)] 1860218K->436010K(1803456K), 0.0202580 secs] [Times: user=0.04 sys=0.01, real=0.02 secs] 
2014-07-16T05:34:55.507+0000: 2549.752: [Full GC [PSYoungGen: 3702K->0K(1368064K)] [ParOldGen: 432308K->179002K(455808K)] 436010K->179002K(1823872K) [PSPermGen: 11237K->11237K(23744K)], 0.3005450 secs] [Times: user=1.13 sys=0.00, real=0.30 secs] 
2014-07-16T05:34:58.498+0000: 2552.742: [GC [PSYoungGen: 1364352K->7520K(1315008K)] 1543354K->186723K(1770816K), 0.0102200 secs] [Times: user=0.03 sys=0.00, real=0.01 secs] 
2014-07-16T05:35:01.027+0000: 2555.272: [GC [PSYoungGen: 1314976K->3894K(1257216K)] 1494179K->186877K(1713024K), 0.0242150 secs] [Times: user=0.09 sys=0.00, real=0.02 secs] 
2014-07-16T05:35:03.475+0000: 2557.719: [GC [PSYoungGen: 1257206K->6984K(1208832K)] 1440189K->190183K(1664640K), 0.0302870 secs] [Times: user=0.10 sys=0.01, real=0.03 secs] 
2014-07-16T05:35:05.777+0000: 2560.021: [GC [PSYoungGen: 1208776K->4850K(1157632K)] 1391975K->190239K(1613440K), 0.0197670 secs] [Times: user=0.07 sys=0.00, real=0.02 secs] 
2014-07-16T05:35:08.054+0000: 2562.298: [GC [PSYoungGen: 1157594K->6820K(1372608K)] 1342983K->192297K(1828416K), 0.0276400 secs] [Times: user=0.09 sys=0.00, real=0.03 secs] 
2014-07-16T05:35:10.804+0000: 2565.049: [GC [PSYoungGen: 1372580K->3958K(1623232K)] 1558057K->192565K(2079040K), 0.0327500 secs] [Times: user=0.11 sys=0.00, real=0.04 secs] 
2014-07-16T05:35:13.870+0000: 2568.114: [GC [PSYoungGen: 1623222K->7066K(1557056K)] 1811829K->195866K(2012864K), 0.0094840 secs] [Times: user=0.02 sys=0.00, real=0.01 secs] 
2014-07-16T05:35:16.784+0000: 2571.029: [GC [PSYoungGen: 1557018K->4458K(1488512K)] 1745818K->195794K(1944320K), 0.0106930 secs] [Times: user=0.03 sys=0.00, real=0.01 secs] 
2014-07-16T05:35:19.742+0000: 2573.986: [GC [PSYoungGen: 1488490K->6966K(1428288K)] 1679826K->198448K(1884096K), 0.0227600 secs] [Times: user=0.08 sys=0.00, real=0.02 secs] 
2014-07-16T05:35:22.491+0000: 2576.735: [GC [PSYoungGen: 1428278K->3958K(1365632K)] 1619760K->198692K(1821440K), 0.0344640 secs] [Times: user=0.12 sys=0.00, real=0.03 secs] 
2014-07-16T05:35:25.141+0000: 2579.386: [GC [PSYoungGen: 1365622K->6938K(1311872K)] 1560356K->201881K(1767680K), 0.0118820 secs] [Times: user=0.04 sys=0.00, real=0.01 secs] 
2014-07-16T05:35:27.687+0000: 2581.931: [GC [PSYoungGen: 1311834K->4340K(1255232K)] 1506777K->201905K(1711040K), 0.0198230 secs] [Times: user=0.07 sys=0.00, real=0.02 secs] 
2014-07-16T05:35:30.195+0000: 2584.440: [GC [PSYoungGen: 1255220K->6760K(1206272K)] 1452785K->204429K(1662080K), 0.0248290 secs] [Times: user=0.08 sys=0.00, real=0.03 secs] 
2014-07-16T05:35:32.453+0000: 2586.697: [GC [PSYoungGen: 1206248K->4158K(1154752K)] 1403917K->204783K(1610560K), 0.0156500 secs] [Times: user=0.03 sys=0.00, real=0.01 secs] 
2014-07-16T05:35:34.693+0000: 2588.937: [GC [PSYoungGen: 1154750K->7224K(1111296K)] 1355375K->208001K(1567104K), 0.0229990 secs] [Times: user=0.07 sys=0.00, real=0.02 secs] 
2014-07-16T05:35:36.847+0000: 2591.091: [GC [PSYoungGen: 1111288K->3752K(1063552K)] 1312065K->207936K(1519360K), 0.0188920 secs] [Times: user=0.08 sys=0.01, real=0.02 secs] 
2014-07-16T05:35:39.008+0000: 2593.252: [GC [PSYoungGen: 1063528K->7052K(1024704K)] 1267712K->211308K(1480512K), 0.0242180 secs] [Times: user=0.09 sys=0.00, real=0.03 secs] 
2014-07-16T05:35:40.961+0000: 2595.206: [GC [PSYoungGen: 1024652K->4276K(981760K)] 1228908K->211338K(1437568K), 0.0172770 secs] [Times: user=0.05 sys=0.00, real=0.01 secs] 
2014-07-16T05:35:42.817+0000: 2597.061: [GC [PSYoungGen: 981748K->6938K(946176K)] 1188810K->214216K(1401984K), 0.0128410 secs] [Times: user=0.02 sys=0.01, real=0.01 secs] 
2014-07-16T05:35:44.708+0000: 2598.952: [GC [PSYoungGen: 946138K->3748K(1119360K)] 1153416K->214357K(1575168K), 0.0445590 secs] [Times: user=0.16 sys=0.00, real=0.05 secs] 
2014-07-16T05:35:46.931+0000: 2601.175: [GC [PSYoungGen: 1119332K->7312K(1329920K)] 1329941K->218009K(1785728K), 0.0092060 secs] [Times: user=0.02 sys=0.01, real=0.01 secs] 
2014-07-16T05:35:49.601+0000: 2603.845: [GC [PSYoungGen: 1329872K->3766K(1271488K)] 1540569K->217779K(1727296K), 0.0163960 secs] [Times: user=0.06 sys=0.01, real=0.02 secs] 
2014-07-16T05:35:52.112+0000: 2606.357: [GC [PSYoungGen: 1271478K->7244K(1510400K)] 1485491K->221345K(1966208K), 0.0347400 secs] [Times: user=0.12 sys=0.00, real=0.03 secs] 
2014-07-16T05:35:55.011+0000: 2609.255: [GC [PSYoungGen: 1510348K->3958K(1443392K)] 1724449K->221377K(1899200K), 0.0171610 secs] [Times: user=0.05 sys=0.00, real=0.02 secs] 
2014-07-16T05:35:57.822+0000: 2612.066: [GC [PSYoungGen: 1443382K->7038K(1385920K)] 1660801K->224586K(1841728K), 0.0115050 secs] [Times: user=0.02 sys=0.00, real=0.02 secs] 
2014-07-16T05:36:00.506+0000: 2614.750: [GC [PSYoungGen: 1385914K->4026K(1325312K)] 1603461K->224752K(1781120K), 0.0245060 secs] [Times: user=0.09 sys=0.00, real=0.02 secs] 
2014-07-16T05:36:03.069+0000: 2617.313: [GC [PSYoungGen: 1325306K->7066K(1273600K)] 1546032K->227952K(1729408K), 0.0297990 secs] [Times: user=0.11 sys=0.00, real=0.03 secs] 
2014-07-16T05:36:05.657+0000: 2619.901: [GC [PSYoungGen: 1273562K->3898K(1506880K)] 1494448K->228061K(1962688K), 0.0448630 secs] [Times: user=0.15 sys=0.00, real=0.04 secs] 
2014-07-16T05:36:08.608+0000: 2622.852: [GC [PSYoungGen: 1506874K->6810K(1789568K)] 1731037K->231101K(2245376K), 0.0274000 secs] [Times: user=0.10 sys=0.00, real=0.03 secs] 
2014-07-16T05:36:12.292+0000: 2626.537: [GC [PSYoungGen: 1789530K->4286K(1709632K)] 2013821K->231722K(2165440K), 0.0131430 secs] [Times: user=0.06 sys=0.00, real=0.02 secs] 
2014-07-16T05:36:15.562+0000: 2629.806: [GC [PSYoungGen: 1709630K->6842K(1638656K)] 1937066K->234574K(2094464K), 0.0243300 secs] [Times: user=0.08 sys=0.00, real=0.03 secs] 
2014-07-16T05:36:18.729+0000: 2632.973: [GC [PSYoungGen: 1638650K->4030K(1565888K)] 1866382K->234872K(2021696K), 0.0122670 secs] [Times: user=0.04 sys=0.01, real=0.01 secs] 
2014-07-16T05:36:21.805+0000: 2636.050: [GC [PSYoungGen: 1565886K->7262K(1502656K)] 1796728K->238208K(1958464K), 0.0137960 secs] [Times: user=0.05 sys=0.00, real=0.02 secs] 
2014-07-16T05:36:24.673+0000: 2638.918: [GC [PSYoungGen: 1502622K->3834K(1435904K)] 1733568K->238158K(1891712K), 0.0171860 secs] [Times: user=0.05 sys=0.00, real=0.02 secs] 
2014-07-16T05:36:27.559+0000: 2641.803: [GC [PSYoungGen: 1435898K->7020K(1378944K)] 1670222K->241480K(1834752K), 0.0141530 secs] [Times: user=0.05 sys=0.00, real=0.01 secs] 
2014-07-16T05:36:30.311+0000: 2644.556: [GC [PSYoungGen: 1378924K->4286K(1318912K)] 1613384K->241662K(1774720K), 0.0079630 secs] [Times: user=0.03 sys=0.00, real=0.01 secs] 
2014-07-16T05:36:32.879+0000: 2647.123: [GC [PSYoungGen: 1318910K->6874K(1267072K)] 1556286K->244411K(1722880K), 0.0307800 secs] [Times: user=0.11 sys=0.01, real=0.03 secs] 
2014-07-16T05:36:35.306+0000: 2649.551: [GC [PSYoungGen: 1267034K->3966K(1212288K)] 1504571K->244819K(1668096K), 0.0335810 secs] [Times: user=0.13 sys=0.00, real=0.04 secs] 
2014-07-16T05:36:37.569+0000: 2651.813: [GC [PSYoungGen: 1212286K->6924K(1165952K)] 1453139K->247881K(1621760K), 0.0265330 secs] [Times: user=0.09 sys=0.00, real=0.03 secs] 
2014-07-16T05:36:39.785+0000: 2654.029: [GC [PSYoungGen: 1165877K->4198K(1377408K)] 1406834K->248173K(1833216K), 0.0229520 secs] [Times: user=0.08 sys=0.00, real=0.02 secs] 
2014-07-16T05:36:42.546+0000: 2656.791: [GC [PSYoungGen: 1377289K->7084K(1322944K)] 1621264K->251164K(1778752K), 0.0175490 secs] [Times: user=0.06 sys=0.00, real=0.02 secs] 
2014-07-16T05:36:45.078+0000: 2659.322: [GC [PSYoungGen: 1322901K->3830K(1265152K)] 1566980K->251737K(1720960K), 0.0264420 secs] [Times: user=0.10 sys=0.00, real=0.03 secs] 
2014-07-16T05:36:47.594+0000: 2661.839: [GC [PSYoungGen: 1265142K->7134K(1216576K)] 1513049K->255121K(1672384K), 0.0173110 secs] [Times: user=0.06 sys=0.01, real=0.02 secs] 
2014-07-16T05:36:49.936+0000: 2664.180: [GC [PSYoungGen: 1216542K->4404K(1164416K)] 1464529K->255079K(1620224K), 0.0201290 secs] [Times: user=0.06 sys=0.01, real=0.02 secs] 
2014-07-16T05:36:52.219+0000: 2666.463: [GC [PSYoungGen: 1164404K->6998K(1381056K)] 1415079K->257801K(1836864K), 0.0282840 secs] [Times: user=0.09 sys=0.00, real=0.03 secs] 
2014-07-16T05:36:54.924+0000: 2669.169: [GC [PSYoungGen: 1381014K->3830K(1320512K)] 1631817K->257865K(1776320K), 0.0247840 secs] [Times: user=0.09 sys=0.00, real=0.02 secs] 
2014-07-16T05:36:57.476+0000: 2671.720: [GC [PSYoungGen: 1320502K->7116K(1269248K)] 1574537K->261279K(1725056K), 0.0242870 secs] [Times: user=0.09 sys=0.00, real=0.02 secs] 
2014-07-16T05:36:59.835+0000: 2674.079: [GC [PSYoungGen: 1269196K->4130K(1214336K)] 1523359K->261389K(1670144K), 0.0114440 secs] [Times: user=0.03 sys=0.00, real=0.01 secs] 
2014-07-16T05:37:02.277+0000: 2676.522: [GC [PSYoungGen: 1214306K->7294K(1168064K)] 1471565K->264650K(1623872K), 0.0294780 secs] [Times: user=0.10 sys=0.00, real=0.03 secs] 
2014-07-16T05:37:04.519+0000: 2678.763: [GC [PSYoungGen: 1168062K->3702K(1380672K)] 1425418K->264434K(1836480K), 0.0342600 secs] [Times: user=0.12 sys=0.00, real=0.04 secs] 
2014-07-16T05:37:07.223+0000: 2681.467: [GC [PSYoungGen: 1380662K->7130K(1640064K)] 1641394K->267974K(2095872K), 0.0262420 secs] [Times: user=0.09 sys=0.00, real=0.02 secs] 
2014-07-16T05:37:10.375+0000: 2684.619: [GC [PSYoungGen: 1640026K->4286K(1939136K)] 1900870K->267888K(2394944K), 0.0236160 secs] [Times: user=0.08 sys=0.01, real=0.02 secs] 
2014-07-16T05:37:14.216+0000: 2688.461: [GC [PSYoungGen: 1939134K->7280K(1857280K)] 2202736K->271074K(2313088K), 0.0168650 secs] [Times: user=0.06 sys=0.00, real=0.01 secs] 
2014-07-16T05:37:17.876+0000: 2692.121: [GC [PSYoungGen: 1857264K->3424K(1772800K)] 2121058K->270986K(2228608K), 0.0258030 secs] [Times: user=0.08 sys=0.00, real=0.02 secs] 
2014-07-16T05:37:21.421+0000: 2695.666: [GC [PSYoungGen: 1772768K->6906K(1699584K)] 2040330K->274580K(2155392K), 0.0120130 secs] [Times: user=0.02 sys=0.00, real=0.01 secs] 
2014-07-16T05:37:24.678+0000: 2698.922: [GC [PSYoungGen: 1699578K->4650K(1624384K)] 1967252K->275022K(2080192K), 0.0331770 secs] [Times: user=0.12 sys=0.00, real=0.03 secs] 
2014-07-16T05:37:27.814+0000: 2702.059: [GC [PSYoungGen: 1624362K->6902K(1557248K)] 1894734K->277466K(2013056K), 0.0255250 secs] [Times: user=0.07 sys=0.00, real=0.03 secs] 
2014-07-16T05:37:30.764+0000: 2705.008: [GC [PSYoungGen: 1557238K->3566K(1487936K)] 1827802K->277594K(1943744K), 0.0136120 secs] [Times: user=0.05 sys=0.00, real=0.02 secs] 
2014-07-16T05:37:33.770+0000: 2708.014: [GC [PSYoungGen: 1487918K->7372K(1429056K)] 1761946K->281552K(1884864K), 0.0194930 secs] [Times: user=0.07 sys=0.01, real=0.02 secs] 
2014-07-16T05:37:36.562+0000: 2710.806: [GC [PSYoungGen: 1429004K->4130K(1366144K)] 1703184K->281374K(1821952K), 0.0159250 secs] [Times: user=0.06 sys=0.00, real=0.01 secs] 
2014-07-16T05:37:39.154+0000: 2713.398: [GC [PSYoungGen: 1366114K->6778K(1312000K)] 1643358K->284134K(1767808K), 0.0058960 secs] [Times: user=0.02 sys=0.00, real=0.01 secs] 
2014-07-16T05:37:41.716+0000: 2715.960: [GC [PSYoungGen: 1311994K->4222K(1255424K)] 1589350K->284732K(1711232K), 0.0185390 secs] [Times: user=0.07 sys=0.00, real=0.02 secs] 
2014-07-16T05:37:44.176+0000: 2718.421: [GC [PSYoungGen: 1255422K->7052K(1206912K)] 1535932K->287795K(1662720K), 0.0169370 secs] [Times: user=0.07 sys=0.00, real=0.02 secs] 
2014-07-16T05:37:46.559+0000: 2720.803: [GC [PSYoungGen: 1206860K->3962K(1154880K)] 1487603K->288207K(1610688K), 0.0240620 secs] [Times: user=0.09 sys=0.00, real=0.03 secs] 
2014-07-16T05:37:48.724+0000: 2722.969: [GC [PSYoungGen: 1154874K->7002K(1111424K)] 1439119K->291359K(1567232K), 0.0229500 secs] [Times: user=0.08 sys=0.01, real=0.02 secs] 
2014-07-16T05:37:50.960+0000: 2725.204: [GC [PSYoungGen: 1111386K->4394K(1064512K)] 1395743K->291509K(1520320K), 0.0269980 secs] [Times: user=0.09 sys=0.00, real=0.02 secs] 
2014-07-16T05:37:53.247+0000: 2727.491: [GC [PSYoungGen: 1064490K->6810K(1024768K)] 1351605K->294061K(1480576K), 0.0227070 secs] [Times: user=0.08 sys=0.01, real=0.02 secs] 
2014-07-16T05:37:55.453+0000: 2729.698: [GC [PSYoungGen: 1024730K->4030K(1212672K)] 1311981K->294397K(1668480K), 0.0429360 secs] [Times: user=0.16 sys=0.00, real=0.04 secs] 
2014-07-16T05:37:58.079+0000: 2732.323: [GC [PSYoungGen: 1212670K->6924K(1441088K)] 1503037K->297372K(1896896K), 0.0228580 secs] [Times: user=0.08 sys=0.00, real=0.03 secs] 
2014-07-16T05:38:01.191+0000: 2735.435: [GC [PSYoungGen: 1441036K->4258K(1703232K)] 1731484K->297706K(2159040K), 0.0160160 secs] [Times: user=0.06 sys=0.01, real=0.01 secs] 
2014-07-16T05:38:04.969+0000: 2739.214: [GC [PSYoungGen: 1703202K->7098K(1948992K)] 1996650K->300730K(2404800K), 0.0480000 secs] [Times: user=0.16 sys=0.00, real=0.05 secs] 
2014-07-16T05:38:09.159+0000: 2743.403: [GC [PSYoungGen: 1948474K->6660K(1862912K)] 2242106K->300656K(2318720K), 0.0226580 secs] [Times: user=0.08 sys=0.01, real=0.02 secs] 
2014-07-16T05:38:13.185+0000: 2747.430: [GC [PSYoungGen: 1862852K->6884K(1782144K)] 2156848K->301024K(2237952K), 0.0222780 secs] [Times: user=0.07 sys=0.01, real=0.02 secs] 
2014-07-16T05:38:17.021+0000: 2751.265: [GC [PSYoungGen: 1782116K->1632K(1699904K)] 2076256K->301147K(2155712K), 0.0270990 secs] [Times: user=0.09 sys=0.01, real=0.03 secs] 
2014-07-16T05:38:20.646+0000: 2754.891: [GC [PSYoungGen: 1699872K->7312K(1632384K)] 1999387K->306884K(2088192K), 0.0336810 secs] [Times: user=0.11 sys=0.00, real=0.03 secs] 
2014-07-16T05:38:24.219+0000: 2758.463: [GC [PSYoungGen: 1632336K->6134K(1561536K)] 1931908K->306870K(2017344K), 0.0388690 secs] [Times: user=0.14 sys=0.00, real=0.04 secs] 
2014-07-16T05:38:27.616+0000: 2761.860: [GC [PSYoungGen: 1561526K->6824K(1496000K)] 1862262K->307776K(1951808K), 0.0336870 secs] [Times: user=0.09 sys=0.00, real=0.03 secs] 
2014-07-16T05:38:30.822+0000: 2765.067: [GC [PSYoungGen: 1495976K->2280K(1428480K)] 1796928K->307933K(1884288K), 0.0144340 secs] [Times: user=0.05 sys=0.00, real=0.02 secs] 
2014-07-16T05:38:33.900+0000: 2768.144: [GC [PSYoungGen: 1428456K->7312K(1373632K)] 1734109K->313078K(1829440K), 0.0309610 secs] [Times: user=0.10 sys=0.00, real=0.03 secs] 
2014-07-16T05:38:36.872+0000: 2771.116: [GC [PSYoungGen: 1373584K->5472K(1314816K)] 1679350K->312990K(1770624K), 0.0079890 secs] [Times: user=0.02 sys=0.00, real=0.01 secs] 
2014-07-16T05:38:39.681+0000: 2773.926: [GC [PSYoungGen: 1314784K->6910K(1262016K)] 1622302K->314524K(1717824K), 0.0255350 secs] [Times: user=0.09 sys=0.00, real=0.03 secs] 
2014-07-16T05:38:42.402+0000: 2776.647: [GC [PSYoungGen: 1262014K->2850K(1206400K)] 1569628K->314562K(1662208K), 0.0193580 secs] [Times: user=0.07 sys=0.00, real=0.02 secs] 
2014-07-16T05:38:45.009+0000: 2779.253: [GC [PSYoungGen: 1206370K->7248K(1161728K)] 1518082K->319097K(1617536K), 0.0268290 secs] [Times: user=0.10 sys=0.00, real=0.02 secs] 
2014-07-16T05:38:47.527+0000: 2781.771: [GC [PSYoungGen: 1161680K->4964K(1112704K)] 1473529K->318985K(1568512K), 0.0302960 secs] [Times: user=0.09 sys=0.00, real=0.03 secs] 
2014-07-16T05:38:49.921+0000: 2784.165: [GC [PSYoungGen: 1112676K->6696K(1069952K)] 1426697K->320837K(1525760K), 0.0149530 secs] [Times: user=0.04 sys=0.01, real=0.01 secs] 
2014-07-16T05:38:52.233+0000: 2786.477: [GC [PSYoungGen: 1069901K->3434K(1024320K)] 1384042K->321308K(1480128K), 0.0283030 secs] [Times: user=0.11 sys=0.00, real=0.03 secs] 
2014-07-16T05:38:54.453+0000: 2788.698: [GC [PSYoungGen: 1024298K->6974K(987520K)] 1342172K->324992K(1443328K), 0.0182060 secs] [Times: user=0.06 sys=0.00, real=0.02 secs] 
2014-07-16T05:38:56.556+0000: 2790.801: [GC [PSYoungGen: 987518K->4836K(1166592K)] 1305536K->325096K(1622400K), 0.0231540 secs] [Times: user=0.09 sys=0.00, real=0.02 secs] 
2014-07-16T05:38:59.081+0000: 2793.325: [GC [PSYoungGen: 1166564K->6852K(1121536K)] 1486824K->327168K(1577344K), 0.0116060 secs] [Times: user=0.03 sys=0.00, real=0.01 secs] 
2014-07-16T05:39:01.497+0000: 2795.741: [GC [PSYoungGen: 1121476K->3256K(1073088K)] 1441792K->327352K(1528896K), 0.0107000 secs] [Times: user=0.02 sys=0.00, real=0.01 secs] 
2014-07-16T05:39:03.829+0000: 2798.073: [GC [PSYoungGen: 1073080K->7070K(1034240K)] 1397176K->331287K(1490048K), 0.0089530 secs] [Times: user=0.02 sys=0.01, real=0.01 secs] 
2014-07-16T05:39:06.066+0000: 2800.311: [GC [PSYoungGen: 1034206K->4640K(991168K)] 1358423K->331255K(1446976K), 0.0337720 secs] [Times: user=0.11 sys=0.00, real=0.03 secs] 
2014-07-16T05:39:08.268+0000: 2802.513: [GC [PSYoungGen: 991136K->6934K(1176896K)] 1317751K->333629K(1632704K), 0.0357390 secs] [Times: user=0.13 sys=0.00, real=0.04 secs] 
2014-07-16T05:39:10.807+0000: 2805.052: [GC [PSYoungGen: 1176854K->3242K(1389952K)] 1503549K->333735K(1845760K), 0.0211020 secs] [Times: user=0.09 sys=0.00, real=0.02 secs] 
2014-07-16T05:39:13.815+0000: 2808.059: [GC [PSYoungGen: 1389930K->7148K(1335872K)] 1720423K->337801K(1791680K), 0.0190110 secs] [Times: user=0.06 sys=0.00, real=0.02 secs] 
2014-07-16T05:39:16.698+0000: 2810.942: [GC [PSYoungGen: 1335852K->4336K(1277888K)] 1666505K->337859K(1733696K), 0.0188190 secs] [Times: user=0.07 sys=0.00, real=0.02 secs] 
2014-07-16T05:39:19.486+0000: 2813.731: [GC [PSYoungGen: 1277872K->6838K(1227904K)] 1611395K->340449K(1683712K), 0.0188510 secs] [Times: user=0.05 sys=0.01, real=0.02 secs] 
2014-07-16T05:39:22.100+0000: 2816.344: [GC [PSYoungGen: 1227879K->3702K(1174848K)] 1561490K->340691K(1630656K), 0.0055540 secs] [Times: user=0.02 sys=0.00, real=0.01 secs] 
2014-07-16T05:39:24.690+0000: 2818.935: [GC [PSYoungGen: 1174838K->7006K(1130624K)] 1511827K->344172K(1586432K), 0.0236170 secs] [Times: user=0.08 sys=0.00, real=0.03 secs] 
2014-07-16T05:39:27.131+0000: 2821.375: [GC [PSYoungGen: 1130590K->4030K(1082368K)] 1467756K->344346K(1538176K), 0.0209260 secs] [Times: user=0.08 sys=0.00, real=0.02 secs] 
2014-07-16T05:39:29.503+0000: 2823.747: [GC [PSYoungGen: 1082320K->6910K(1284544K)] 1422635K->347314K(1740352K), 0.0382500 secs] [Times: user=0.13 sys=0.00, real=0.04 secs] 
2014-07-16T05:39:32.283+0000: 2826.527: [GC [PSYoungGen: 1284542K->3830K(1228800K)] 1624946K->347532K(1684608K), 0.0178860 secs] [Times: user=0.07 sys=0.00, real=0.02 secs] 
2014-07-16T05:39:34.955+0000: 2829.199: [GC [PSYoungGen: 1228790K->7034K(1181888K)] 1572492K->350904K(1637696K), 0.0158130 secs] [Times: user=0.06 sys=0.00, real=0.02 secs] 
2014-07-16T05:39:37.477+0000: 2831.721: [GC [PSYoungGen: 1181882K->3898K(1131072K)] 1525752K->350992K(1586880K), 0.0117790 secs] [Times: user=0.05 sys=0.00, real=0.01 secs] 
2014-07-16T05:39:39.932+0000: 2834.177: [GC [PSYoungGen: 1131066K->6846K(1088576K)] 1478160K->354028K(1544384K), 0.0204320 secs] [Times: user=0.06 sys=0.00, real=0.02 secs] 
2014-07-16T05:39:42.259+0000: 2836.504: [GC [PSYoungGen: 1088574K->4002K(1042560K)] 1435756K->354256K(1498368K), 0.0195410 secs] [Times: user=0.06 sys=0.00, real=0.02 secs] 
2014-07-16T05:39:44.501+0000: 2838.745: [GC [PSYoungGen: 1042530K->7130K(1004544K)] 1392784K->357528K(1460352K), 0.0161690 secs] [Times: user=0.06 sys=0.00, real=0.02 secs] 
2014-07-16T05:39:46.630+0000: 2840.874: [GC [PSYoungGen: 1004506K->3574K(961792K)] 1354904K->357500K(1417600K), 0.0196780 secs] [Times: user=0.07 sys=0.00, real=0.02 secs] 
2014-07-16T05:39:48.709+0000: 2842.953: [GC [PSYoungGen: 961782K->6860K(927808K)] 1315708K->360858K(1383616K), 0.0150490 secs] [Times: user=0.05 sys=0.01, real=0.01 secs] 
2014-07-16T05:39:50.692+0000: 2844.936: [GC [PSYoungGen: 927756K->4258K(889600K)] 1281754K->361032K(1345408K), 0.0177420 secs] [Times: user=0.06 sys=0.00, real=0.02 secs] 
2014-07-16T05:39:52.600+0000: 2846.844: [GC [PSYoungGen: 889570K->6938K(858432K)] 1246344K->363848K(1314240K), 0.0185420 secs] [Times: user=0.06 sys=0.00, real=0.02 secs] 
2014-07-16T05:39:54.452+0000: 2848.696: [GC [PSYoungGen: 858306K->3378K(822592K)] 1215216K->363987K(1278400K), 0.0154620 secs] [Times: user=0.05 sys=0.00, real=0.01 secs] 
2014-07-16T05:39:56.224+0000: 2850.469: [GC [PSYoungGen: 822578K->7138K(977664K)] 1183187K->367827K(1433472K), 0.0231480 secs] [Times: user=0.09 sys=0.00, real=0.02 secs] 
2014-07-16T05:39:58.401+0000: 2852.645: [GC [PSYoungGen: 977634K->4082K(936704K)] 1338323K->367667K(1392512K), 0.0183880 secs] [Times: user=0.05 sys=0.00, real=0.02 secs] 
2014-07-16T05:40:00.352+0000: 2854.596: [GC [PSYoungGen: 936690K->6988K(1114624K)] 1300275K->370646K(1570432K), 0.0395240 secs] [Times: user=0.15 sys=0.00, real=0.04 secs] 
2014-07-16T05:40:02.729+0000: 2856.973: [GC [PSYoungGen: 1114572K->3506K(1318912K)] 1478230K->370911K(1774720K), 0.0276260 secs] [Times: user=0.10 sys=0.00, real=0.03 secs] 
2014-07-16T05:40:05.567+0000: 2859.812: [GC [PSYoungGen: 1318898K->7284K(1567360K)] 1686303K->374801K(2023168K), 0.0181320 secs] [Times: user=0.07 sys=0.00, real=0.02 secs] 
2014-07-16T05:40:09.005+0000: 2863.249: [GC [PSYoungGen: 1567348K->3952K(1852352K)] 1934865K->374828K(2308160K), 0.0233400 secs] [Times: user=0.09 sys=0.00, real=0.02 secs] 
2014-07-16T05:40:12.987+0000: 2867.231: [GC [PSYoungGen: 1852336K->7002K(1774848K)] 2223212K->377982K(2230656K), 0.0062570 secs] [Times: user=0.02 sys=0.00, real=0.01 secs] 
2014-07-16T05:40:16.796+0000: 2871.041: [GC [PSYoungGen: 1774809K->4030K(1695232K)] 2145789K->378268K(2151040K), 0.0448250 secs] [Times: user=0.16 sys=0.00, real=0.04 secs] 
2014-07-16T05:40:20.516+0000: 2874.761: [GC [PSYoungGen: 1695230K->7162K(1625536K)] 2069468K->381536K(2081344K), 0.0193450 secs] [Times: user=0.07 sys=0.00, real=0.02 secs] 
2014-07-16T05:40:24.067+0000: 2878.311: [GC [PSYoungGen: 1625530K->3830K(1552896K)] 1999904K->381642K(2008704K), 0.0279600 secs] [Times: user=0.10 sys=0.00, real=0.03 secs] 
2014-07-16T05:40:27.418+0000: 2881.663: [GC [PSYoungGen: 1552886K->7184K(1490368K)] 1930698K->385181K(1946176K), 0.0248110 secs] [Times: user=0.09 sys=0.00, real=0.02 secs] 
2014-07-16T05:40:30.667+0000: 2884.911: [GC [PSYoungGen: 1490320K->3966K(1424448K)] 1868317K->385285K(1880256K), 0.0206510 secs] [Times: user=0.08 sys=0.00, real=0.02 secs] 
2014-07-16T05:40:33.745+0000: 2887.989: [GC [PSYoungGen: 1424446K->6874K(1367744K)] 1805765K->388377K(1823552K), 0.0154720 secs] [Times: user=0.05 sys=0.00, real=0.02 secs] 
2014-07-16T05:40:36.702+0000: 2890.946: [GC [PSYoungGen: 1367706K->4134K(1308288K)] 1749209K->388561K(1764096K), 0.0224640 secs] [Times: user=0.08 sys=0.00, real=0.02 secs] 
2014-07-16T05:40:39.524+0000: 2893.769: [GC [PSYoungGen: 1308262K->7124K(1257344K)] 1692689K->391687K(1713152K), 0.0218880 secs] [Times: user=0.08 sys=0.00, real=0.03 secs] 
2014-07-16T05:40:42.230+0000: 2896.474: [GC [PSYoungGen: 1257300K->3702K(1202560K)] 1641863K->391748K(1658368K), 0.0067990 secs] [Times: user=0.02 sys=0.00, real=0.01 secs] 
2014-07-16T05:40:44.833+0000: 2899.077: [GC [PSYoungGen: 1202550K->6924K(1156928K)] 1590596K->395138K(1612736K), 0.0263100 secs] [Times: user=0.09 sys=0.00, real=0.03 secs] 
2014-07-16T05:40:47.346+0000: 2901.591: [GC [PSYoungGen: 1156847K->4326K(1107776K)] 1545061K->395382K(1563584K), 0.0145570 secs] [Times: user=0.04 sys=0.00, real=0.02 secs] 
2014-07-16T05:40:49.726+0000: 2903.971: [GC [PSYoungGen: 1107721K->6774K(1065920K)] 1498777K->397926K(1521728K), 0.0192800 secs] [Times: user=0.06 sys=0.00, real=0.02 secs] 
2014-07-16T05:40:52.034+0000: 2906.278: [GC [PSYoungGen: 1065910K->3890K(1020864K)] 1457062K->398081K(1476672K), 0.0262560 secs] [Times: user=0.10 sys=0.00, real=0.03 secs] 
2014-07-16T05:40:54.306+0000: 2908.550: [GC [PSYoungGen: 1020850K->7042K(983936K)] 1415041K->401410K(1439744K), 0.0130650 secs] [Times: user=0.04 sys=0.00, real=0.02 secs] 
2014-07-16T05:40:56.374+0000: 2910.618: [GC [PSYoungGen: 983874K->4030K(942656K)] 1378242K->401599K(1398464K), 0.0287550 secs] [Times: user=0.11 sys=0.00, real=0.03 secs] 
2014-07-16T05:40:58.406+0000: 2912.650: [GC [PSYoungGen: 942654K->6732K(908992K)] 1340223K->404374K(1364800K), 0.0139540 secs] [Times: user=0.05 sys=0.01, real=0.02 secs] 
2014-07-16T05:41:00.384+0000: 2914.628: [GC [PSYoungGen: 908940K->4222K(871744K)] 1306582K->404758K(1327552K), 0.0227210 secs] [Times: user=0.07 sys=0.00, real=0.02 secs] 
2014-07-16T05:41:02.249+0000: 2916.493: [GC [PSYoungGen: 871742K->6906K(1035264K)] 1272278K->407642K(1491072K), 0.0236330 secs] [Times: user=0.09 sys=0.00, real=0.03 secs] 
2014-07-16T05:41:04.523+0000: 2918.767: [GC [PSYoungGen: 1035201K->3894K(1222848K)] 1435937K->408153K(1678656K), 0.0218410 secs] [Times: user=0.09 sys=0.00, real=0.02 secs] 
2014-07-16T05:41:07.131+0000: 2921.375: [GC [PSYoungGen: 1222838K->7238K(1176384K)] 1627097K->411601K(1632192K), 0.0168400 secs] [Times: user=0.05 sys=0.00, real=0.01 secs] 
2014-07-16T05:41:09.689+0000: 2923.933: [GC [PSYoungGen: 1176326K->3966K(1125632K)] 1580689K->411467K(1581440K), 0.0257210 secs] [Times: user=0.10 sys=0.00, real=0.03 secs] 
2014-07-16T05:41:12.098+0000: 2926.342: [GC [PSYoungGen: 1125630K->7194K(1336256K)] 1533131K->414784K(1792064K), 0.0257540 secs] [Times: user=0.09 sys=0.00, real=0.03 secs] 
2014-07-16T05:41:14.944+0000: 2929.189: [GC [PSYoungGen: 1336218K->3966K(1578368K)] 1743808K->414699K(2034176K), 0.0252260 secs] [Times: user=0.10 sys=0.00, real=0.02 secs] 
2014-07-16T05:41:18.338+0000: 2932.582: [GC [PSYoungGen: 1578366K->6956K(1514240K)] 1989099K->417802K(1970048K), 0.0237100 secs] [Times: user=0.09 sys=0.00, real=0.03 secs] 
2014-07-16T05:41:21.632+0000: 2935.877: [GC [PSYoungGen: 1514220K->4094K(1447488K)] 1925066K->417960K(1903296K), 0.0338340 secs] [Times: user=0.12 sys=0.01, real=0.03 secs] 
2014-07-16T05:41:24.847+0000: 2939.092: [GC [PSYoungGen: 1447486K->6942K(1718080K)] 1861352K->421032K(2173888K), 0.0411400 secs] [Times: user=0.15 sys=0.00, real=0.04 secs] 
2014-07-16T05:41:28.545+0000: 2942.790: [GC [PSYoungGen: 1718046K->3966K(1641216K)] 2132136K->421118K(2097024K), 0.0155090 secs] [Times: user=0.06 sys=0.00, real=0.01 secs] 
2014-07-16T05:41:32.180+0000: 2946.424: [GC [PSYoungGen: 1641214K->7162K(1574208K)] 2058366K->424410K(2030016K), 0.0293440 secs] [Times: user=0.10 sys=0.00, real=0.03 secs] 
2014-07-16T05:41:35.608+0000: 2949.853: [GC [PSYoungGen: 1574202K->3770K(1504064K)] 1991450K->424526K(1959872K), 0.0234840 secs] [Times: user=0.08 sys=0.00, real=0.02 secs] 
2014-07-16T05:41:38.841+0000: 2953.085: [GC [PSYoungGen: 1504058K->6814K(1443648K)] 1924814K->427683K(1899456K), 0.0247750 secs] [Times: user=0.08 sys=0.00, real=0.03 secs] 
2014-07-16T05:41:42.007+0000: 2956.251: [GC [PSYoungGen: 1443614K->4390K(1380800K)] 1864483K->428229K(1836608K), 0.0195730 secs] [Times: user=0.06 sys=0.00, real=0.02 secs] 
2014-07-16T05:41:45.047+0000: 2959.292: [GC [PSYoungGen: 1380774K->6796K(1325760K)] 1804613K->430907K(1781568K), 0.0091020 secs] [Times: user=0.02 sys=0.00, real=0.01 secs] 
2014-07-16T05:41:47.803+0000: 2962.047: [GC [PSYoungGen: 1325708K->3902K(1268160K)] 1749819K->431156K(1723968K), 0.0186210 secs] [Times: user=0.06 sys=0.00, real=0.02 secs] 
2014-07-16T05:41:50.573+0000: 2964.817: [GC [PSYoungGen: 1268158K->6984K(1219264K)] 1695412K->434327K(1675072K), 0.0232530 secs] [Times: user=0.09 sys=0.00, real=0.03 secs] 
2014-07-16T05:41:53.210+0000: 2967.455: [GC [PSYoungGen: 1219208K->4094K(1166784K)] 1646551K->434595K(1622592K), 0.0267320 secs] [Times: user=0.10 sys=0.00, real=0.03 secs] 
2014-07-16T05:41:55.743+0000: 2969.987: [GC [PSYoungGen: 1166782K->6910K(1122496K)] 1597283K->437563K(1578304K), 0.0163090 secs] [Times: user=0.05 sys=0.00, real=0.02 secs] 
2014-07-16T05:41:58.168+0000: 2972.413: [GC [PSYoungGen: 1122494K->4134K(1074880K)] 1553147K->437699K(1530688K), 0.0237430 secs] [Times: user=0.08 sys=0.00, real=0.02 secs] 
2014-07-16T05:42:00.516+0000: 2974.761: [GC [PSYoungGen: 1074854K->7102K(1035136K)] 1508419K->440747K(1490944K), 0.0179270 secs] [Times: user=0.06 sys=0.00, real=0.02 secs] 
2014-07-16T05:42:02.738+0000: 2976.982: [GC [PSYoungGen: 1035134K->3770K(991168K)] 1468779K->440761K(1446976K), 0.0248000 secs] [Times: user=0.09 sys=0.00, real=0.03 secs] 
2014-07-16T05:42:04.872+0000: 2979.116: [GC [PSYoungGen: 991162K->6810K(955520K)] 1428153K->444003K(1411328K), 0.0161740 secs] [Times: user=0.05 sys=0.00, real=0.02 secs] 
2014-07-16T05:42:06.938+0000: 2981.183: [GC [PSYoungGen: 955482K->4280K(1128000K)] 1392675K->444288K(1583808K), 0.0256640 secs] [Times: user=0.08 sys=0.01, real=0.03 secs] 
2014-07-16T05:42:09.379+0000: 2983.623: [GC [PSYoungGen: 1127992K->6764K(1338688K)] 1568000K->446884K(1794496K), 0.0281460 secs] [Times: user=0.10 sys=0.00, real=0.03 secs] 
2014-07-16T05:42:12.285+0000: 2986.529: [GC [PSYoungGen: 1338668K->3826K(1581824K)] 1778788K->447422K(2037632K), 0.0243300 secs] [Times: user=0.08 sys=0.00, real=0.02 secs] 
2014-07-16T05:42:15.754+0000: 2989.999: [GC [PSYoungGen: 1581780K->7038K(1843264K)] 2025377K->450835K(2299072K), 0.0367060 secs] [Times: user=0.13 sys=0.01, real=0.04 secs] 
2014-07-16T05:42:19.718+0000: 2993.962: [GC [PSYoungGen: 1842814K->6628K(1877632K)] 2286611K->450825K(2333440K), 0.0333490 secs] [Times: user=0.10 sys=0.00, real=0.04 secs] 
2014-07-16T05:42:23.845+0000: 2998.089: [GC [PSYoungGen: 1876772K->6966K(1795456K)] 2320969K->451227K(2251264K), 0.0352630 secs] [Times: user=0.13 sys=0.01, real=0.03 secs] 
2014-07-16T05:42:27.728+0000: 3001.972: [GC [PSYoungGen: 1795446K->548K(1711424K)] 2239707K->451492K(2167232K), 0.0205350 secs] [Times: user=0.08 sys=0.01, real=0.02 secs] 
2014-07-16T05:42:27.748+0000: 3001.993: [Full GC [PSYoungGen: 548K->0K(1711424K)] [ParOldGen: 450944K->198521K(474496K)] 451492K->198521K(2185920K) [PSPermGen: 11246K->11246K(22656K)], 0.3448380 secs] [Times: user=1.29 sys=0.00, real=0.35 secs] 
2014-07-16T05:42:31.650+0000: 3005.894: [GC [PSYoungGen: 1710848K->7456K(1644416K)] 1909369K->206242K(2118912K), 0.0325390 secs] [Times: user=0.11 sys=0.00, real=0.03 secs] 
2014-07-16T05:42:35.220+0000: 3009.464: [GC [PSYoungGen: 1644384K->6852K(1573568K)] 1843170K->206698K(2048064K), 0.0237170 secs] [Times: user=0.08 sys=0.01, real=0.03 secs] 
2014-07-16T05:42:38.676+0000: 3012.921: [GC [PSYoungGen: 1573508K->6532K(1506432K)] 1773354K->206546K(1980928K), 0.0117860 secs] [Times: user=0.02 sys=0.00, real=0.01 secs] 
2014-07-16T05:42:41.939+0000: 3016.183: [GC [PSYoungGen: 1506372K->1888K(1438208K)] 1706386K->207229K(1912704K), 0.0164970 secs] [Times: user=0.07 sys=0.00, real=0.02 secs] 
2014-07-16T05:42:45.038+0000: 3019.282: [GC [PSYoungGen: 1438176K->7202K(1383040K)] 1643517K->212632K(1857536K), 0.0262690 secs] [Times: user=0.08 sys=0.00, real=0.02 secs] 
2014-07-16T05:42:48.031+0000: 3022.276: [GC [PSYoungGen: 1383010K->6376K(1324672K)] 1588440K->212746K(1799168K), 0.0217580 secs] [Times: user=0.08 sys=0.00, real=0.02 secs] 
2014-07-16T05:42:50.914+0000: 3025.158: [GC [PSYoungGen: 1324648K->6998K(1270592K)] 1531018K->213464K(1745088K), 0.0225150 secs] [Times: user=0.07 sys=0.00, real=0.03 secs] 
2014-07-16T05:42:53.678+0000: 3027.922: [GC [PSYoungGen: 1270550K->2088K(1213632K)] 1477016K->213568K(1688128K), 0.0378340 secs] [Times: user=0.11 sys=0.00, real=0.03 secs] 
2014-07-16T05:42:56.371+0000: 3030.615: [GC [PSYoungGen: 1213608K->7170K(1169216K)] 1425088K->218739K(1643712K), 0.0064580 secs] [Times: user=0.02 sys=0.00, real=0.01 secs] 
2014-07-16T05:42:58.838+0000: 3033.082: [GC [PSYoungGen: 1169154K->6056K(1120896K)] 1380723K->218725K(1595392K), 0.0254040 secs] [Times: user=0.09 sys=0.00, real=0.02 secs] 
2014-07-16T05:43:01.332+0000: 3035.576: [GC [PSYoungGen: 1120872K->6852K(1076864K)] 1333541K->219601K(1551360K), 0.0133490 secs] [Times: user=0.04 sys=0.00, real=0.01 secs] 
2014-07-16T05:43:03.578+0000: 3037.822: [GC [PSYoungGen: 1076804K->2284K(1029504K)] 1289553K->219991K(1504000K), 0.0308810 secs] [Times: user=0.09 sys=0.00, real=0.03 secs] 
2014-07-16T05:43:05.841+0000: 3040.085: [GC [PSYoungGen: 1029484K->7362K(993984K)] 1247191K->225166K(1468480K), 0.0113070 secs] [Times: user=0.04 sys=0.00, real=0.01 secs] 
2014-07-16T05:43:07.960+0000: 3042.204: [GC [PSYoungGen: 993922K->5558K(953408K)] 1211726K->225030K(1427904K), 0.0248960 secs] [Times: user=0.10 sys=0.00, real=0.02 secs] 
2014-07-16T05:43:09.999+0000: 3044.243: [GC [PSYoungGen: 953398K->6532K(1130240K)] 1172870K->226092K(1604736K), 0.0280300 secs] [Times: user=0.09 sys=0.01, real=0.02 secs] 
2014-07-16T05:43:12.438+0000: 3046.682: [GC [PSYoungGen: 1130180K->3242K(1334912K)] 1349740K->226460K(1809408K), 0.0215760 secs] [Times: user=0.07 sys=0.00, real=0.03 secs] 
2014-07-16T05:43:15.324+0000: 3049.568: [GC [PSYoungGen: 1334890K->7298K(1283648K)] 1558108K->230703K(1758144K), 0.0177380 secs] [Times: user=0.07 sys=0.00, real=0.02 secs] 
2014-07-16T05:43:18.086+0000: 3052.330: [GC [PSYoungGen: 1283586K->4772K(1228416K)] 1506991K->230599K(1702912K), 0.0196420 secs] [Times: user=0.07 sys=0.00, real=0.02 secs] 
2014-07-16T05:43:20.723+0000: 3054.968: [GC [PSYoungGen: 1228388K->6842K(1180352K)] 1454215K->232749K(1654848K), 0.0278660 secs] [Times: user=0.09 sys=0.01, real=0.03 secs] 
2014-07-16T05:43:23.316+0000: 3057.561: [GC [PSYoungGen: 1180346K->3766K(1129600K)] 1406253K->232925K(1604096K), 0.0253420 secs] [Times: user=0.10 sys=0.00, real=0.03 secs] 
2014-07-16T05:43:25.723+0000: 3059.967: [GC [PSYoungGen: 1129590K->6714K(1340352K)] 1358749K->236017K(1814848K), 0.0245670 secs] [Times: user=0.09 sys=0.00, real=0.02 secs] 
2014-07-16T05:43:28.620+0000: 3062.864: [GC [PSYoungGen: 1340346K->4772K(1585920K)] 1569649K->236267K(2060416K), 0.0353030 secs] [Times: user=0.13 sys=0.00, real=0.04 secs] 
2014-07-16T05:43:32.124+0000: 3066.369: [GC [PSYoungGen: 1585892K->7248K(1520896K)] 1817387K->238807K(1995392K), 0.0157430 secs] [Times: user=0.03 sys=0.00, real=0.01 secs] 
2014-07-16T05:43:35.394+0000: 3069.639: [GC [PSYoungGen: 1520848K->3178K(1452544K)] 1752407K->238856K(1927040K), 0.0211830 secs] [Times: user=0.07 sys=0.00, real=0.02 secs] 
2014-07-16T05:43:38.574+0000: 3072.818: [GC [PSYoungGen: 1452479K->7038K(1395264K)] 1688157K->242828K(1869760K), 0.0184600 secs] [Times: user=0.07 sys=0.00, real=0.01 secs] 
2014-07-16T05:43:41.567+0000: 3075.811: [GC [PSYoungGen: 1395262K->5156K(1335296K)] 1631052K->243123K(1809792K), 0.0104640 secs] [Times: user=0.02 sys=0.00, real=0.01 secs] 
2014-07-16T05:43:44.481+0000: 3078.725: [GC [PSYoungGen: 1335268K->6760K(1281600K)] 1573235K->244903K(1756096K), 0.0165760 secs] [Times: user=0.05 sys=0.00, real=0.02 secs] 
2014-07-16T05:43:47.301+0000: 3081.546: [GC [PSYoungGen: 1281576K->3442K(1225664K)] 1519719K->245069K(1700160K), 0.0129270 secs] [Times: user=0.04 sys=0.00, real=0.02 secs] 
2014-07-16T05:43:49.929+0000: 3084.174: [GC [PSYoungGen: 1225650K->7052K(1179264K)] 1467277K->248800K(1653760K), 0.0190380 secs] [Times: user=0.07 sys=0.00, real=0.02 secs] 
2014-07-16T05:43:52.486+0000: 3086.731: [GC [PSYoungGen: 1179211K->4704K(1129280K)] 1420959K->249228K(1603776K), 0.0134350 secs] [Times: user=0.05 sys=0.00, real=0.01 secs] 
2014-07-16T05:43:54.918+0000: 3089.162: [GC [PSYoungGen: 1129248K->6806K(1086080K)] 1373772K->251546K(1560576K), 0.0231970 secs] [Times: user=0.08 sys=0.00, real=0.02 secs] 
2014-07-16T05:43:57.278+0000: 3091.522: [GC [PSYoungGen: 1086038K->3830K(1039936K)] 1330778K->251887K(1514432K), 0.0272280 secs] [Times: user=0.09 sys=0.00, real=0.02 secs] 
2014-07-16T05:43:59.501+0000: 3093.745: [GC [PSYoungGen: 1039926K->6860K(1001920K)] 1287983K->255013K(1476416K), 0.0065180 secs] [Times: user=0.02 sys=0.00, real=0.01 secs] 
2014-07-16T05:44:01.646+0000: 3095.891: [GC [PSYoungGen: 1001868K->4644K(960576K)] 1250021K->255297K(1435072K), 0.0118760 secs] [Times: user=0.04 sys=0.00, real=0.01 secs] 
2014-07-16T05:44:03.745+0000: 3097.989: [GC [PSYoungGen: 960548K->6984K(925696K)] 1211201K->257813K(1400192K), 0.0265420 secs] [Times: user=0.09 sys=0.00, real=0.03 secs] 
2014-07-16T05:44:05.761+0000: 3100.005: [GC [PSYoungGen: 925640K->3574K(886720K)] 1176469K->257855K(1361216K), 0.0198950 secs] [Times: user=0.06 sys=0.00, real=0.02 secs] 
2014-07-16T05:44:07.688+0000: 3101.932: [GC [PSYoungGen: 886710K->6842K(856192K)] 1140991K->261204K(1330688K), 0.0056770 secs] [Times: user=0.02 sys=0.00, real=0.00 secs] 
2014-07-16T05:44:09.502+0000: 3103.747: [GC [PSYoungGen: 856186K->4708K(821888K)] 1110548K->261334K(1296384K), 0.0058700 secs] [Times: user=0.02 sys=0.00, real=0.01 secs] 
2014-07-16T05:44:11.275+0000: 3105.519: [GC [PSYoungGen: 821860K->6788K(793280K)] 1078486K->263536K(1267776K), 0.0184090 secs] [Times: user=0.06 sys=0.01, real=0.02 secs] 
2014-07-16T05:44:13.012+0000: 3107.256: [GC [PSYoungGen: 793220K->3452K(760640K)] 1049968K->263808K(1235136K), 0.0112670 secs] [Times: user=0.04 sys=0.00, real=0.01 secs] 
2014-07-16T05:44:14.624+0000: 3108.869: [GC [PSYoungGen: 760636K->7006K(736320K)] 1020992K->267459K(1210816K), 0.0193270 secs] [Times: user=0.06 sys=0.00, real=0.02 secs] 
2014-07-16T05:44:16.214+0000: 3110.459: [GC [PSYoungGen: 736286K->4414K(707072K)] 996739K->267531K(1181568K), 0.0157970 secs] [Times: user=0.06 sys=0.00, real=0.02 secs] 
2014-07-16T05:44:17.767+0000: 3112.011: [GC [PSYoungGen: 707070K->7020K(684288K)] 970187K->270241K(1158784K), 0.0148780 secs] [Times: user=0.03 sys=0.00, real=0.02 secs] 
2014-07-16T05:44:19.218+0000: 3113.462: [GC [PSYoungGen: 684268K->3428K(806720K)] 947489K->270167K(1281216K), 0.0225840 secs] [Times: user=0.07 sys=0.01, real=0.03 secs] 
2014-07-16T05:44:20.959+0000: 3115.203: [GC [PSYoungGen: 806692K->7098K(959744K)] 1073431K->273885K(1434240K), 0.0176580 secs] [Times: user=0.06 sys=0.00, real=0.02 secs] 
2014-07-16T05:44:23.170+0000: 3117.414: [GC [PSYoungGen: 959738K->4196K(1133632K)] 1226525K->273920K(1608128K), 0.0206960 secs] [Times: user=0.06 sys=0.00, real=0.02 secs] 
2014-07-16T05:44:25.604+0000: 3119.849: [GC [PSYoungGen: 1133604K->6956K(1090816K)] 1403328K->276832K(1565312K), 0.0160870 secs] [Times: user=0.04 sys=0.00, real=0.02 secs] 
2014-07-16T05:44:28.015+0000: 3122.259: [GC [PSYoungGen: 1090796K->3574K(1044032K)] 1360672K->277060K(1518528K), 0.0158040 secs] [Times: user=0.05 sys=0.00, real=0.02 secs] 
2014-07-16T05:44:30.303+0000: 3124.547: [GC [PSYoungGen: 1044022K->7084K(1006272K)] 1317508K->280666K(1480768K), 0.0133030 secs] [Times: user=0.05 sys=0.00, real=0.01 secs] 
2014-07-16T05:44:32.443+0000: 3126.687: [GC [PSYoungGen: 1006252K->4080K(963904K)] 1279834K->280608K(1438400K), 0.0269820 secs] [Times: user=0.10 sys=0.00, real=0.02 secs] 
2014-07-16T05:44:34.574+0000: 3128.818: [GC [PSYoungGen: 963888K->6760K(929152K)] 1240416K->283376K(1403648K), 0.0081520 secs] [Times: user=0.02 sys=0.00, real=0.01 secs] 
2014-07-16T05:44:36.550+0000: 3130.794: [GC [PSYoungGen: 929128K->3888K(890624K)] 1205744K->283506K(1365120K), 0.0206620 secs] [Times: user=0.07 sys=0.00, real=0.02 secs] 
2014-07-16T05:44:38.566+0000: 3132.810: [GC [PSYoungGen: 890608K->6974K(859712K)] 1170226K->286673K(1334208K), 0.0175390 secs] [Times: user=0.06 sys=0.00, real=0.02 secs] 
2014-07-16T05:44:40.399+0000: 3134.643: [GC [PSYoungGen: 859710K->3902K(1014080K)] 1139409K->286780K(1488576K), 0.0227760 secs] [Times: user=0.08 sys=0.01, real=0.02 secs] 
2014-07-16T05:44:42.632+0000: 3136.876: [GC [PSYoungGen: 1014078K->6988K(1206912K)] 1296956K->290003K(1681408K), 0.0447930 secs] [Times: user=0.16 sys=0.00, real=0.05 secs] 
2014-07-16T05:44:45.253+0000: 3139.498: [GC [PSYoungGen: 1206860K->3702K(1428800K)] 1489875K->290113K(1903296K), 0.0303390 secs] [Times: user=0.12 sys=0.01, real=0.03 secs] 
2014-07-16T05:44:48.385+0000: 3142.630: [GC [PSYoungGen: 1428790K->7066K(1695488K)] 1715201K->293573K(2169984K), 0.0072110 secs] [Times: user=0.02 sys=0.00, real=0.00 secs] 
2014-07-16T05:44:51.999+0000: 3146.243: [GC [PSYoungGen: 1695450K->3834K(1619456K)] 1981957K->293621K(2093952K), 0.0244110 secs] [Times: user=0.09 sys=0.00, real=0.02 secs] 
2014-07-16T05:44:55.498+0000: 3149.743: [GC [PSYoungGen: 1619450K->6874K(1553280K)] 1909237K->296845K(2027776K), 0.0125940 secs] [Times: user=0.04 sys=0.00, real=0.01 secs] 
2014-07-16T05:44:58.856+0000: 3153.100: [GC [PSYoungGen: 1553242K->3898K(1484416K)] 1843213K->297116K(1958912K), 0.0214960 secs] [Times: user=0.08 sys=0.00, real=0.02 secs] 
2014-07-16T05:45:02.051+0000: 3156.296: [GC [PSYoungGen: 1484410K->7084K(1425024K)] 1777628K->300391K(1899520K), 0.0298510 secs] [Times: user=0.10 sys=0.00, real=0.03 secs] 
2014-07-16T05:45:05.100+0000: 3159.344: [GC [PSYoungGen: 1425004K->3766K(1362112K)] 1718311K->300595K(1836608K), 0.0183220 secs] [Times: user=0.06 sys=0.00, real=0.02 secs] 
2014-07-16T05:45:08.038+0000: 3162.282: [GC [PSYoungGen: 1362021K->7138K(1308864K)] 1658849K->304079K(1783360K), 0.0186710 secs] [Times: user=0.06 sys=0.00, real=0.02 secs] 
2014-07-16T05:45:10.889+0000: 3165.133: [GC [PSYoungGen: 1308834K->3958K(1251776K)] 1605775K->304131K(1726272K), 0.0419390 secs] [Times: user=0.15 sys=0.00, real=0.04 secs] 
2014-07-16T05:45:13.595+0000: 3167.840: [GC [PSYoungGen: 1251766K->7084K(1203584K)] 1551939K->307425K(1678080K), 0.0250800 secs] [Times: user=0.09 sys=0.00, real=0.03 secs] 
2014-07-16T05:45:16.185+0000: 3170.430: [GC [PSYoungGen: 1203564K->3834K(1151488K)] 1503905K->307457K(1625984K), 0.0198900 secs] [Times: user=0.07 sys=0.00, real=0.02 secs] 
2014-07-16T05:45:18.686+0000: 3172.930: [GC [PSYoungGen: 1151482K->6906K(1108096K)] 1455105K->310625K(1582592K), 0.0222140 secs] [Times: user=0.08 sys=0.01, real=0.03 secs] 
2014-07-16T05:45:21.068+0000: 3175.312: [GC [PSYoungGen: 1108090K->4022K(1060992K)] 1411809K->310771K(1535488K), 0.0077820 secs] [Times: user=0.02 sys=0.00, real=0.01 secs] 
2014-07-16T05:45:23.347+0000: 3177.591: [GC [PSYoungGen: 1060982K->6938K(1021824K)] 1367731K->313839K(1496320K), 0.0140360 secs] [Times: user=0.04 sys=0.00, real=0.02 secs] 
2014-07-16T05:45:25.608+0000: 3179.852: [GC [PSYoungGen: 1021786K->3770K(978560K)] 1328687K->313908K(1453056K), 0.0115910 secs] [Times: user=0.02 sys=0.00, real=0.02 secs] 
2014-07-16T05:45:27.719+0000: 3181.963: [GC [PSYoungGen: 978554K->6796K(943488K)] 1288692K->317047K(1417984K), 0.0060230 secs] [Times: user=0.02 sys=0.00, real=0.01 secs] 
2014-07-16T05:45:29.782+0000: 3184.027: [GC [PSYoungGen: 943436K->4030K(904320K)] 1253687K->317269K(1378816K), 0.0109790 secs] [Times: user=0.04 sys=0.00, real=0.01 secs] 
2014-07-16T05:45:31.738+0000: 3185.983: [GC [PSYoungGen: 904318K->7002K(872704K)] 1217557K->320345K(1347200K), 0.0148470 secs] [Times: user=0.06 sys=0.00, real=0.02 secs] 
2014-07-16T05:45:33.601+0000: 3187.846: [GC [PSYoungGen: 872666K->3570K(836288K)] 1186009K->320511K(1310784K), 0.0311400 secs] [Times: user=0.11 sys=0.00, real=0.03 secs] 
2014-07-16T05:45:35.444+0000: 3189.688: [GC [PSYoungGen: 836274K->6746K(808064K)] 1153215K->323768K(1282560K), 0.0177540 secs] [Times: user=0.07 sys=0.00, real=0.02 secs] 
2014-07-16T05:45:37.192+0000: 3191.436: [GC [PSYoungGen: 808026K->4262K(953472K)] 1125048K->324066K(1427968K), 0.0190140 secs] [Times: user=0.07 sys=0.00, real=0.01 secs] 
2014-07-16T05:45:39.308+0000: 3193.553: [GC [PSYoungGen: 953446K->6696K(1132800K)] 1273250K->326580K(1607296K), 0.0311250 secs] [Times: user=0.11 sys=0.00, real=0.03 secs] 
2014-07-16T05:45:41.741+0000: 3195.985: [GC [PSYoungGen: 1132776K->3770K(1339520K)] 1452660K->326902K(1814016K), 0.0246870 secs] [Times: user=0.08 sys=0.00, real=0.03 secs] 
2014-07-16T05:45:44.671+0000: 3198.916: [GC [PSYoungGen: 1339514K->6938K(1589312K)] 1662646K->330246K(2063808K), 0.0175930 secs] [Times: user=0.06 sys=0.00, real=0.02 secs] 
2014-07-16T05:45:48.085+0000: 3202.329: [GC [PSYoungGen: 1589274K->4030K(1518784K)] 1912582K->330454K(1993280K), 0.0172100 secs] [Times: user=0.04 sys=0.00, real=0.02 secs] 
2014-07-16T05:45:51.374+0000: 3205.619: [GC [PSYoungGen: 1518782K->7230K(1457728K)] 1845206K->333742K(1932224K), 0.0272370 secs] [Times: user=0.07 sys=0.00, real=0.02 secs] 
2014-07-16T05:45:54.498+0000: 3208.742: [GC [PSYoungGen: 1457726K->3506K(1392896K)] 1784238K->333664K(1867392K), 0.0309680 secs] [Times: user=0.12 sys=0.00, real=0.03 secs] 
2014-07-16T05:45:57.498+0000: 3211.743: [GC [PSYoungGen: 1392882K->7230K(1653376K)] 1723040K->337517K(2127872K), 0.0369160 secs] [Times: user=0.14 sys=0.00, real=0.04 secs] 
2014-07-16T05:46:01.084+0000: 3215.328: [GC [PSYoungGen: 1653374K->4158K(1705792K)] 1983661K->337557K(2180288K), 0.0329220 secs] [Times: user=0.12 sys=0.00, real=0.03 secs] 
2014-07-16T05:46:04.779+0000: 3219.023: [GC [PSYoungGen: 1705790K->7184K(1635456K)] 2039189K->340831K(2109952K), 0.0270900 secs] [Times: user=0.10 sys=0.00, real=0.03 secs] 
2014-07-16T05:46:08.286+0000: 3222.531: [GC [PSYoungGen: 1635377K->292K(1558720K)] 1969024K->340879K(2033216K), 0.0184920 secs] [Times: user=0.06 sys=0.00, real=0.02 secs] 
2014-07-16T05:46:11.662+0000: 3225.906: [GC [PSYoungGen: 1558692K->7462K(1499456K)] 1899279K->348066K(1973952K), 0.0192990 secs] [Times: user=0.06 sys=0.00, real=0.02 secs] 
2014-07-16T05:46:14.945+0000: 3229.189: [GC [PSYoungGen: 1499430K->6756K(1435584K)] 1840034K->348258K(1910080K), 0.0329340 secs] [Times: user=0.11 sys=0.00, real=0.04 secs] 
2014-07-16T05:46:18.029+0000: 3232.274: [GC [PSYoungGen: 1435556K->6756K(1375488K)] 1777058K->348458K(1849984K), 0.0207070 secs] [Times: user=0.07 sys=0.00, real=0.02 secs] 
2014-07-16T05:46:21.004+0000: 3235.248: [GC [PSYoungGen: 1375460K->1696K(1313280K)] 1717162K->348808K(1787776K), 0.0290790 secs] [Times: user=0.11 sys=0.00, real=0.03 secs] 
2014-07-16T05:46:23.835+0000: 3238.079: [GC [PSYoungGen: 1313248K->7152K(1264320K)] 1660360K->354377K(1738816K), 0.0267580 secs] [Times: user=0.09 sys=0.00, real=0.03 secs] 
2014-07-16T05:46:26.555+0000: 3240.800: [GC [PSYoungGen: 1264304K->6372K(1211776K)] 1611529K->354335K(1686272K), 0.0289150 secs] [Times: user=0.10 sys=0.00, real=0.03 secs] 
2014-07-16T05:46:29.188+0000: 3243.433: [GC [PSYoungGen: 1211748K->6956K(1163136K)] 1559711K->355023K(1637632K), 0.0147620 secs] [Times: user=0.05 sys=0.00, real=0.02 secs] 
2014-07-16T05:46:31.817+0000: 3246.061: [GC [PSYoungGen: 1163116K->1764K(1111104K)] 1511183K->355219K(1585600K), 0.0176670 secs] [Times: user=0.05 sys=0.00, real=0.02 secs] 
2014-07-16T05:46:34.223+0000: 3248.467: [GC [PSYoungGen: 1111076K->7056K(1071808K)] 1464531K->360591K(1546304K), 0.0194210 secs] [Times: user=0.07 sys=0.00, real=0.02 secs] 
2014-07-16T05:46:36.601+0000: 3250.845: [GC [PSYoungGen: 1071760K->6116K(1028352K)] 1425295K->360887K(1502848K), 0.0209640 secs] [Times: user=0.07 sys=0.00, real=0.02 secs] 
2014-07-16T05:46:38.810+0000: 3253.055: [GC [PSYoungGen: 1028324K->7084K(988864K)] 1383095K->361959K(1463360K), 0.0242440 secs] [Times: user=0.08 sys=0.00, real=0.02 secs] 
2014-07-16T05:46:41.002+0000: 3255.246: [GC [PSYoungGen: 988844K->1896K(1167040K)] 1343719K->361919K(1641536K), 0.0399520 secs] [Times: user=0.14 sys=0.00, real=0.04 secs] 
2014-07-16T05:46:43.519+0000: 3257.763: [GC [PSYoungGen: 1167016K->7120K(1388864K)] 1527039K->367215K(1863360K), 0.0206540 secs] [Times: user=0.08 sys=0.00, real=0.02 secs] 
2014-07-16T05:46:46.505+0000: 3260.749: [GC [PSYoungGen: 1388795K->5942K(1647680K)] 1748890K->367225K(2122176K), 0.0567250 secs] [Times: user=0.21 sys=0.00, real=0.06 secs] 
2014-07-16T05:46:50.129+0000: 3264.373: [GC [PSYoungGen: 1647670K->7020K(1676672K)] 2008953K->368400K(2151168K), 0.0178750 secs] [Times: user=0.07 sys=0.00, real=0.02 secs] 
2014-07-16T05:46:53.703+0000: 3267.948: [GC [PSYoungGen: 1676231K->7048K(1954880K)] 2037610K->368643K(2429376K), 0.0263160 secs] [Times: user=0.10 sys=0.00, real=0.02 secs] 
2014-07-16T05:46:57.920+0000: 3272.164: [GC [PSYoungGen: 1954504K->6564K(1868544K)] 2316099K->368359K(2343040K), 0.0154700 secs] [Times: user=0.02 sys=0.00, real=0.02 secs] 
2014-07-16T05:47:01.982+0000: 3276.226: [GC [PSYoungGen: 1868516K->876K(1781504K)] 2230311K->368982K(2256000K), 0.0113310 secs] [Times: user=0.03 sys=0.00, real=0.01 secs] 
2014-07-16T05:47:05.846+0000: 3280.091: [GC [PSYoungGen: 1781484K->7480K(1710784K)] 2149590K->375706K(2185280K), 0.0232740 secs] [Times: user=0.09 sys=0.01, real=0.02 secs] 
2014-07-16T05:47:09.532+0000: 3283.776: [GC [PSYoungGen: 1710776K->6628K(1636416K)] 2079002K->375688K(2110912K), 0.0210880 secs] [Times: user=0.07 sys=0.00, real=0.02 secs] 
2014-07-16T05:47:13.114+0000: 3287.358: [GC [PSYoungGen: 1636388K->6980K(1566912K)] 2005448K->376120K(2041408K), 0.0287470 secs] [Times: user=0.10 sys=0.00, real=0.03 secs] 
2014-07-16T05:47:16.470+0000: 3290.715: [GC [PSYoungGen: 1566852K->1832K(1495232K)] 1935992K->376314K(1969728K), 0.0234280 secs] [Times: user=0.08 sys=0.00, real=0.02 secs] 
2014-07-16T05:47:19.729+0000: 3293.974: [GC [PSYoungGen: 1495208K->7280K(1437440K)] 1869690K->381818K(1911936K), 0.0073730 secs] [Times: user=0.02 sys=0.01, real=0.01 secs] 
2014-07-16T05:47:22.867+0000: 3297.111: [GC [PSYoungGen: 1437424K->6262K(1376256K)] 1811962K->381804K(1850752K), 0.0177150 secs] [Times: user=0.07 sys=0.00, real=0.02 secs] 
2014-07-16T05:47:25.828+0000: 3300.073: [GC [PSYoungGen: 1376246K->6724K(1319552K)] 1751788K->382530K(1794048K), 0.0138880 secs] [Times: user=0.04 sys=0.01, real=0.01 secs] 
2014-07-16T05:47:28.691+0000: 3302.935: [GC [PSYoungGen: 1319492K->2352K(1260672K)] 1695298K->382712K(1735168K), 0.0310030 secs] [Times: user=0.10 sys=0.00, real=0.03 secs] 
2014-07-16T05:47:31.471+0000: 3305.715: [GC [PSYoungGen: 1260656K->7430K(1214016K)] 1641016K->387855K(1688512K), 0.0268980 secs] [Times: user=0.10 sys=0.00, real=0.02 secs] 
2014-07-16T05:47:34.071+0000: 3308.315: [GC [PSYoungGen: 1213958K->5540K(1162816K)] 1594383K->387705K(1637312K), 0.0219390 secs] [Times: user=0.07 sys=0.00, real=0.02 secs] 
2014-07-16T05:47:36.618+0000: 3310.863: [GC [PSYoungGen: 1162788K->6888K(1117248K)] 1544953K->389205K(1591744K), 0.0192570 secs] [Times: user=0.06 sys=0.00, real=0.02 secs] 
2014-07-16T05:47:39.035+0000: 3313.279: [GC [PSYoungGen: 1117197K->3068K(1068736K)] 1499514K->389208K(1543232K), 0.0161470 secs] [Times: user=0.07 sys=0.00, real=0.02 secs] 
2014-07-16T05:47:41.420+0000: 3315.664: [GC [PSYoungGen: 1068732K->7152K(1030336K)] 1454872K->393364K(1504832K), 0.0210970 secs] [Times: user=0.07 sys=0.00, real=0.03 secs] 
2014-07-16T05:47:43.640+0000: 3317.884: [GC [PSYoungGen: 1030270K->5156K(987904K)] 1416483K->393410K(1462400K), 0.0271700 secs] [Times: user=0.10 sys=0.00, real=0.03 secs] 
2014-07-16T05:47:45.786+0000: 3320.030: [GC [PSYoungGen: 987876K->6788K(951040K)] 1376130K->395170K(1425536K), 0.0149310 secs] [Times: user=0.05 sys=0.00, real=0.02 secs] 
2014-07-16T05:47:47.856+0000: 3322.100: [GC [PSYoungGen: 950943K->3378K(1124032K)] 1339325K->395313K(1598528K), 0.0408320 secs] [Times: user=0.14 sys=0.00, real=0.04 secs] 
2014-07-16T05:47:50.305+0000: 3324.549: [GC [PSYoungGen: 1124018K->7134K(1335744K)] 1515953K->399165K(1810240K), 0.0166840 secs] [Times: user=0.05 sys=0.00, real=0.02 secs] 
2014-07-16T05:47:53.221+0000: 3327.465: [GC [PSYoungGen: 1335710K->4714K(1579968K)] 1727741K->399317K(2054464K), 0.0303310 secs] [Times: user=0.11 sys=0.01, real=0.04 secs] 
2014-07-16T05:47:56.609+0000: 3330.853: [GC [PSYoungGen: 1579946K->6924K(1514944K)] 1974549K->401719K(1989440K), 0.0203460 secs] [Times: user=0.06 sys=0.00, real=0.02 secs] 
2014-07-16T05:47:59.854+0000: 3334.098: [GC [PSYoungGen: 1514892K->3574K(1447616K)] 1909687K->401801K(1922112K), 0.0235120 secs] [Times: user=0.09 sys=0.00, real=0.02 secs] 
2014-07-16T05:48:02.987+0000: 3337.231: [GC [PSYoungGen: 1447606K->7376K(1390592K)] 1845833K->405691K(1865088K), 0.0157750 secs] [Times: user=0.05 sys=0.00, real=0.01 secs] 
2014-07-16T05:48:06.032+0000: 3340.276: [GC [PSYoungGen: 1390544K->4154K(1329472K)] 1788859K->405493K(1803968K), 0.0092990 secs] [Times: user=0.03 sys=0.00, real=0.01 secs] 
2014-07-16T05:48:08.887+0000: 3343.131: [GC [PSYoungGen: 1329466K->6874K(1277184K)] 1730805K->408302K(1751680K), 0.0204560 secs] [Times: user=0.07 sys=0.00, real=0.02 secs] 
2014-07-16T05:48:11.704+0000: 3345.948: [GC [PSYoungGen: 1277146K->4222K(1222080K)] 1678574K->408542K(1696576K), 0.0271540 secs] [Times: user=0.11 sys=0.00, real=0.03 secs] 
2014-07-16T05:48:14.392+0000: 3348.637: [GC [PSYoungGen: 1222078K->6874K(1174912K)] 1626398K->411418K(1649408K), 0.0231730 secs] [Times: user=0.09 sys=0.00, real=0.03 secs] 
2014-07-16T05:48:16.931+0000: 3351.176: [GC [PSYoungGen: 1174874K->4022K(1389312K)] 1579418K->411716K(1863808K), 0.0475610 secs] [Times: user=0.16 sys=0.00, real=0.05 secs] 
2014-07-16T05:48:19.897+0000: 3354.142: [GC [PSYoungGen: 1389302K->7116K(1650368K)] 1796996K->414866K(2124864K), 0.0323610 secs] [Times: user=0.10 sys=0.01, real=0.03 secs] 
2014-07-16T05:48:23.479+0000: 3357.723: [GC [PSYoungGen: 1650316K->3966K(1892288K)] 2058066K->414946K(2366784K), 0.0273940 secs] [Times: user=0.10 sys=0.01, real=0.03 secs] 
2014-07-16T05:48:27.591+0000: 3361.835: [GC [PSYoungGen: 1892286K->6938K(1812672K)] 2303266K->418127K(2287168K), 0.0145220 secs] [Times: user=0.03 sys=0.01, real=0.01 secs] 
2014-07-16T05:48:31.500+0000: 3365.744: [GC [PSYoungGen: 1812634K->634K(1727808K)] 2223823K->418553K(2202304K), 0.0158680 secs] [Times: user=0.05 sys=0.00, real=0.01 secs] 
2014-07-16T05:48:35.252+0000: 3369.497: [GC [PSYoungGen: 1727802K->7530K(1660032K)] 2145721K->425514K(2134528K), 0.0362920 secs] [Times: user=0.13 sys=0.01, real=0.04 secs] 
2014-07-16T05:48:38.917+0000: 3373.161: [GC [PSYoungGen: 1660010K->6756K(1588224K)] 2077994K->425598K(2062720K), 0.0220000 secs] [Times: user=0.07 sys=0.01, real=0.03 secs] 
2014-07-16T05:48:42.419+0000: 3376.663: [GC [PSYoungGen: 1588196K->6916K(1520896K)] 2007038K->425854K(1995392K), 0.0148600 secs] [Times: user=0.04 sys=0.01, real=0.01 secs] 
2014-07-16T05:48:45.746+0000: 3379.990: [GC [PSYoungGen: 1520836K->1764K(1451456K)] 1939774K->426281K(1925952K), 0.0160240 secs] [Times: user=0.06 sys=0.00, real=0.02 secs] 
2014-07-16T05:48:48.904+0000: 3383.149: [GC [PSYoungGen: 1451428K->7138K(1395712K)] 1875945K->431712K(1870208K), 0.0083290 secs] [Times: user=0.01 sys=0.00, real=0.01 secs] 
2014-07-16T05:48:51.903+0000: 3386.147: [GC [PSYoungGen: 1395682K->6564K(1337024K)] 1820256K->431782K(1811520K), 0.0486690 secs] [Times: user=0.17 sys=0.00, real=0.05 secs] 
2014-07-16T05:48:54.799+0000: 3389.044: [GC [PSYoungGen: 1336996K->6792K(1281984K)] 1762214K->432210K(1756480K), 0.0214400 secs] [Times: user=0.06 sys=0.00, real=0.03 secs] 
2014-07-16T05:48:57.563+0000: 3391.807: [GC [PSYoungGen: 1281928K->1956K(1224512K)] 1707346K->432507K(1699008K), 0.0159650 secs] [Times: user=0.07 sys=0.00, real=0.01 secs] 
2014-07-16T05:49:00.172+0000: 3394.417: [GC [PSYoungGen: 1224484K->7352K(1179840K)] 1655035K->437951K(1654336K), 0.0250330 secs] [Times: user=0.07 sys=0.00, real=0.02 secs] 
2014-07-16T05:49:02.713+0000: 3396.957: [GC [PSYoungGen: 1179832K->5924K(1130752K)] 1610431K->437991K(1605248K), 0.0183950 secs] [Times: user=0.06 sys=0.00, real=0.01 secs] 
2014-07-16T05:49:05.132+0000: 3399.377: [GC [PSYoungGen: 1130724K->6778K(1086208K)] 1562791K->439045K(1560704K), 0.0057720 secs] [Times: user=0.02 sys=0.00, real=0.00 secs] 
2014-07-16T05:49:07.529+0000: 3401.773: [GC [PSYoungGen: 1086202K->2786K(1039040K)] 1518469K->439120K(1513536K), 0.0078850 secs] [Times: user=0.02 sys=0.00, real=0.01 secs] 
2014-07-16T05:49:09.725+0000: 3403.969: [GC [PSYoungGen: 1039010K->7184K(1002368K)] 1475344K->443598K(1476864K), 0.0159390 secs] [Times: user=0.05 sys=0.00, real=0.01 secs] 
2014-07-16T05:49:11.889+0000: 3406.133: [GC [PSYoungGen: 1002315K->5366K(961344K)] 1438729K->443554K(1435840K), 0.0279700 secs] [Times: user=0.10 sys=0.00, real=0.03 secs] 
2014-07-16T05:49:13.990+0000: 3408.234: [GC [PSYoungGen: 961334K->6756K(1141312K)] 1399522K->445128K(1615808K), 0.0446510 secs] [Times: user=0.16 sys=0.00, real=0.05 secs] 
2014-07-16T05:49:16.454+0000: 3410.699: [GC [PSYoungGen: 1141284K->3242K(1348352K)] 1579656K->445327K(1822848K), 0.0176120 secs] [Times: user=0.06 sys=0.01, real=0.01 secs] 
2014-07-16T05:49:19.353+0000: 3413.597: [GC [PSYoungGen: 1348330K->7134K(1600960K)] 1790415K->449291K(2075456K), 0.0239030 secs] [Times: user=0.08 sys=0.00, real=0.03 secs] 
2014-07-16T05:49:22.813+0000: 3417.057: [GC [PSYoungGen: 1600926K->4860K(1853504K)] 2043083K->449331K(2328000K), 0.0363710 secs] [Times: user=0.11 sys=0.00, real=0.04 secs] 
2014-07-16T05:49:26.850+0000: 3421.095: [GC [PSYoungGen: 1853500K->6756K(1774784K)] 2297971K->451452K(2249280K), 0.0248250 secs] [Times: user=0.09 sys=0.00, real=0.02 secs] 
2014-07-16T05:49:30.730+0000: 3424.974: [GC [PSYoungGen: 1774756K->876K(1692224K)] 2219452K->451902K(2166720K), 0.0283750 secs] [Times: user=0.10 sys=0.00, real=0.03 secs] 
2014-07-16T05:49:34.448+0000: 3428.692: [GC [PSYoungGen: 1692106K->7470K(1625856K)] 2143133K->458545K(2100352K), 0.0111320 secs] [Times: user=0.03 sys=0.00, real=0.01 secs] 
2014-07-16T05:49:38.020+0000: 3432.264: [GC [PSYoungGen: 1625829K->6742K(1555776K)] 2076904K->458625K(2030272K), 0.0235010 secs] [Times: user=0.08 sys=0.01, real=0.02 secs] 
2014-07-16T05:49:41.361+0000: 3435.605: [GC [PSYoungGen: 1555734K->6970K(1489984K)] 2007617K->458997K(1964480K), 0.0214240 secs] [Times: user=0.08 sys=0.00, real=0.02 secs] 
2014-07-16T05:49:44.642+0000: 3438.886: [GC [PSYoungGen: 1489978K->1632K(1421952K)] 1942005K->459120K(1896448K), 0.0489280 secs] [Times: user=0.17 sys=0.00, real=0.05 secs] 
2014-07-16T05:49:47.732+0000: 3441.977: [GC [PSYoungGen: 1421920K->7466K(1368128K)] 1879408K->465027K(1842624K), 0.0180160 secs] [Times: user=0.05 sys=0.00, real=0.02 secs] 
2014-07-16T05:49:50.684+0000: 3444.928: [GC [PSYoungGen: 1368106K->6116K(1310016K)] 1825667K->464689K(1784512K), 0.0166770 secs] [Times: user=0.06 sys=0.00, real=0.02 secs] 
2014-07-16T05:49:53.520+0000: 3447.764: [GC [PSYoungGen: 1309988K->6856K(1256768K)] 1768561K->465605K(1731264K), 0.0259200 secs] [Times: user=0.09 sys=0.01, real=0.03 secs] 
2014-07-16T05:49:56.236+0000: 3450.481: [GC [PSYoungGen: 1256712K->2352K(1200832K)] 1715461K->465875K(1675328K), 0.0195170 secs] [Times: user=0.06 sys=0.00, real=0.02 secs] 
2014-07-16T05:49:58.842+0000: 3453.086: [GC [PSYoungGen: 1200816K->7152K(1156736K)] 1664339K->470755K(1631232K), 0.0365420 secs] [Times: user=0.13 sys=0.00, real=0.03 secs] 
2014-07-16T05:50:01.329+0000: 3455.574: [GC [PSYoungGen: 1156720K->5732K(1108800K)] 1620323K->470739K(1583296K), 0.0220660 secs] [Times: user=0.06 sys=0.00, real=0.03 secs] 
2014-07-16T05:50:03.721+0000: 3457.966: [GC [PSYoungGen: 1108772K->6852K(1065664K)] 1573779K->472027K(1540160K), 0.0237340 secs] [Times: user=0.09 sys=0.00, real=0.02 secs] 
2014-07-16T05:50:06.018+0000: 3460.263: [GC [PSYoungGen: 1065604K->2480K(1258880K)] 1530779K->472113K(1733376K), 0.0361260 secs] [Times: user=0.13 sys=0.00, real=0.04 secs] 
2014-07-16T05:50:06.055+0000: 3460.299: [Full GC [PSYoungGen: 2480K->0K(1258880K)] [ParOldGen: 469633K->216834K(499776K)] 472113K->216834K(1758656K) [PSPermGen: 11246K->11246K(21568K)], 0.3327240 secs] [Times: user=1.26 sys=0.00, real=0.33 secs] 
2014-07-16T05:50:09.070+0000: 3463.315: [GC [PSYoungGen: 1256384K->7384K(1496128K)] 1473218K->224219K(1995904K), 0.0150680 secs] [Times: user=0.05 sys=0.00, real=0.02 secs] 
2014-07-16T05:50:12.269+0000: 3466.513: [GC [PSYoungGen: 1496088K->5220K(1769088K)] 1712923K->224571K(2268864K), 0.0294920 secs] [Times: user=0.10 sys=0.00, real=0.03 secs] 
2014-07-16T05:50:16.083+0000: 3470.327: [GC [PSYoungGen: 1769060K->6724K(1694400K)] 1988411K->226291K(2194176K), 0.0214570 secs] [Times: user=0.07 sys=0.00, real=0.03 secs] 
2014-07-16T05:50:19.766+0000: 3474.011: [GC [PSYoungGen: 1694340K->3638K(1618752K)] 1913907K->226653K(2118528K), 0.0176660 secs] [Times: user=0.05 sys=0.00, real=0.02 secs] 
2014-07-16T05:50:23.253+0000: 3477.497: [GC [PSYoungGen: 1618742K->7130K(1553344K)] 1841757K->230298K(2053120K), 0.0226990 secs] [Times: user=0.07 sys=0.01, real=0.03 secs] 
2014-07-16T05:50:26.681+0000: 3480.925: [GC [PSYoungGen: 1553306K->4722K(1485376K)] 1776474K->230282K(1985152K), 0.0141880 secs] [Times: user=0.05 sys=0.00, real=0.02 secs] 
2014-07-16T05:50:29.906+0000: 3484.151: [GC [PSYoungGen: 1485362K->6646K(1424960K)] 1710922K->232342K(1924736K), 0.0182780 secs] [Times: user=0.06 sys=0.00, real=0.01 secs] 
2014-07-16T05:50:32.970+0000: 3487.214: [GC [PSYoungGen: 1424950K->3902K(1362880K)] 1650646K->232748K(1862656K), 0.0437020 secs] [Times: user=0.14 sys=0.00, real=0.04 secs] 
2014-07-16T05:50:35.960+0000: 3490.204: [GC [PSYoungGen: 1362878K->6938K(1309504K)] 1591724K->235961K(1809280K), 0.0119090 secs] [Times: user=0.04 sys=0.00, real=0.01 secs] 
2014-07-16T05:50:38.786+0000: 3493.031: [GC [PSYoungGen: 1309466K->4394K(1253248K)] 1538489K->236051K(1753024K), 0.0064770 secs] [Times: user=0.02 sys=0.00, real=0.01 secs] 
2014-07-16T05:50:41.485+0000: 3495.729: [GC [PSYoungGen: 1253226K->6952K(1204672K)] 1484883K->238713K(1704448K), 0.0301200 secs] [Times: user=0.12 sys=0.00, real=0.03 secs] 
2014-07-16T05:50:44.188+0000: 3498.433: [GC [PSYoungGen: 1204648K->3770K(1152832K)] 1436409K->238899K(1652608K), 0.0183460 secs] [Times: user=0.07 sys=0.00, real=0.01 secs] 
2014-07-16T05:50:46.667+0000: 3500.911: [GC [PSYoungGen: 1152817K->6810K(1109632K)] 1387946K->242083K(1609408K), 0.0171500 secs] [Times: user=0.05 sys=0.01, real=0.02 secs] 
2014-07-16T05:50:49.128+0000: 3503.372: [GC [PSYoungGen: 1109594K->4414K(1063104K)] 1344867K->242277K(1562880K), 0.0140560 secs] [Times: user=0.04 sys=0.00, real=0.02 secs] 
2014-07-16T05:50:51.360+0000: 3505.604: [GC [PSYoungGen: 1063102K->6842K(1023552K)] 1300965K->244833K(1523328K), 0.0193400 secs] [Times: user=0.07 sys=0.00, real=0.02 secs] 
2014-07-16T05:50:53.553+0000: 3507.797: [GC [PSYoungGen: 1023510K->3766K(980544K)] 1261501K->245223K(1480320K), 0.0332790 secs] [Times: user=0.12 sys=0.00, real=0.03 secs] 
2014-07-16T05:50:55.677+0000: 3509.922: [GC [PSYoungGen: 980534K->6810K(945600K)] 1221991K->248380K(1445376K), 0.0194280 secs] [Times: user=0.07 sys=0.00, real=0.02 secs] 
2014-07-16T05:50:57.730+0000: 3511.974: [GC [PSYoungGen: 945562K->4394K(1118592K)] 1187132K->248684K(1618368K), 0.0336150 secs] [Times: user=0.12 sys=0.00, real=0.03 secs] 
2014-07-16T05:51:00.165+0000: 3514.409: [GC [PSYoungGen: 1118570K->7024K(1328320K)] 1362860K->251426K(1828096K), 0.0195580 secs] [Times: user=0.08 sys=0.00, real=0.02 secs] 
2014-07-16T05:51:03.039+0000: 3517.283: [GC [PSYoungGen: 1328304K->3580K(1572608K)] 1572706K->251707K(2072384K), 0.0452780 secs] [Times: user=0.15 sys=0.00, real=0.05 secs] 
2014-07-16T05:51:06.474+0000: 3520.718: [GC [PSYoungGen: 1572604K->6938K(1785280K)] 1820731K->255185K(2285056K), 0.0138680 secs] [Times: user=0.05 sys=0.00, real=0.01 secs] 
2014-07-16T05:51:10.348+0000: 3524.592: [GC [PSYoungGen: 1784730K->6852K(1867200K)] 2032977K->255433K(2366976K), 0.0346080 secs] [Times: user=0.12 sys=0.00, real=0.04 secs] 
2014-07-16T05:51:14.473+0000: 3528.718: [GC [PSYoungGen: 1866564K->6906K(1785664K)] 2115145K->255704K(2285440K), 0.0222690 secs] [Times: user=0.07 sys=0.00, real=0.02 secs] 
2014-07-16T05:51:18.265+0000: 3532.509: [GC [PSYoungGen: 1785658K->634K(1702464K)] 2034456K->256188K(2202240K), 0.0218710 secs] [Times: user=0.08 sys=0.01, real=0.02 secs] 
2014-07-16T05:51:21.988+0000: 3536.233: [GC [PSYoungGen: 1702458K->7384K(1636096K)] 1958012K->262963K(2135872K), 0.0328080 secs] [Times: user=0.12 sys=0.00, real=0.03 secs] 
2014-07-16T05:51:25.519+0000: 3539.763: [GC [PSYoungGen: 1636056K->6678K(1565760K)] 1891635K->263187K(2065536K), 0.0179060 secs] [Times: user=0.07 sys=0.00, real=0.02 secs] 
2014-07-16T05:51:28.885+0000: 3543.129: [GC [PSYoungGen: 1565718K->6874K(1499776K)] 1822227K->263559K(1999552K), 0.0221210 secs] [Times: user=0.08 sys=0.00, real=0.02 secs] 
2014-07-16T05:51:32.147+0000: 3546.391: [GC [PSYoungGen: 1499738K->1632K(1431552K)] 1756423K->263717K(1931328K), 0.0294410 secs] [Times: user=0.11 sys=0.00, real=0.03 secs] 
2014-07-16T05:51:35.307+0000: 3549.551: [GC [PSYoungGen: 1431520K->7540K(1377536K)] 1693605K->269746K(1877312K), 0.0133020 secs] [Times: user=0.03 sys=0.01, real=0.01 secs] 
2014-07-16T05:51:38.254+0000: 3552.498: [GC [PSYoungGen: 1377524K->5924K(1318976K)] 1639730K->269357K(1818752K), 0.0234700 secs] [Times: user=0.09 sys=0.00, real=0.03 secs] 
2014-07-16T05:51:41.204+0000: 3555.448: [GC [PSYoungGen: 1318948K->7112K(1265984K)] 1582381K->270626K(1765760K), 0.0346310 secs] [Times: user=0.12 sys=0.00, real=0.04 secs] 
2014-07-16T05:51:43.935+0000: 3558.180: [GC [PSYoungGen: 1265928K->2280K(1495360K)] 1529442K->270582K(1995136K), 0.0453290 secs] [Times: user=0.16 sys=0.00, real=0.05 secs] 
2014-07-16T05:51:47.187+0000: 3561.431: [GC [PSYoungGen: 1495336K->7302K(1437440K)] 1763638K->275684K(1937216K), 0.0158280 secs] [Times: user=0.04 sys=0.01, real=0.02 secs] 
2014-07-16T05:51:50.305+0000: 3564.549: [GC [PSYoungGen: 1437382K->5480K(1375680K)] 1705764K->275746K(1875456K), 0.0181970 secs] [Times: user=0.07 sys=0.00, real=0.02 secs] 
2014-07-16T05:51:53.253+0000: 3567.497: [GC [PSYoungGen: 1375649K->6838K(1320064K)] 1645915K->277320K(1819840K), 0.0200850 secs] [Times: user=0.07 sys=0.00, real=0.02 secs] 
2014-07-16T05:51:56.123+0000: 3570.367: [GC [PSYoungGen: 1320054K->3046K(1262080K)] 1590536K->277387K(1761856K), 0.0231910 secs] [Times: user=0.08 sys=0.00, real=0.02 secs] 
2014-07-16T05:51:58.836+0000: 3573.080: [GC [PSYoungGen: 1262054K->7120K(1214592K)] 1536395K->281558K(1714368K), 0.0209650 secs] [Times: user=0.06 sys=0.00, real=0.02 secs] 
2014-07-16T05:52:01.479+0000: 3575.723: [GC [PSYoungGen: 1214544K->5042K(1163392K)] 1488982K->281794K(1663168K), 0.0136440 secs] [Times: user=0.04 sys=0.00, real=0.01 secs] 
2014-07-16T05:52:03.993+0000: 3578.238: [GC [PSYoungGen: 1163378K->6660K(1118336K)] 1440130K->283660K(1618112K), 0.0265470 secs] [Times: user=0.09 sys=0.00, real=0.03 secs] 
2014-07-16T05:52:06.442+0000: 3580.686: [GC [PSYoungGen: 1118276K->3630K(1070784K)] 1395276K->283878K(1570560K), 0.0210520 secs] [Times: user=0.08 sys=0.00, real=0.02 secs] 
2014-07-16T05:52:08.751+0000: 3582.996: [GC [PSYoungGen: 1070766K->6874K(1274944K)] 1351014K->287210K(1774720K), 0.0582830 secs] [Times: user=0.21 sys=0.01, real=0.05 secs] 
2014-07-16T05:52:11.558+0000: 3585.803: [GC [PSYoungGen: 1274906K->4850K(1509824K)] 1555242K->287658K(2009600K), 0.0186620 secs] [Times: user=0.06 sys=0.00, real=0.02 secs] 
2014-07-16T05:52:14.808+0000: 3589.052: [GC [PSYoungGen: 1509810K->6806K(1791872K)] 1792618K->289912K(2291648K), 0.0279670 secs] [Times: user=0.09 sys=0.01, real=0.03 secs] 
2014-07-16T05:52:18.707+0000: 3592.951: [GC [PSYoungGen: 1791830K->3706K(1820480K)] 2074936K->289928K(2320256K), 0.0290810 secs] [Times: user=0.08 sys=0.00, real=0.03 secs] 
2014-07-16T05:52:22.665+0000: 3596.909: [GC [PSYoungGen: 1820474K->7194K(1745152K)] 2106696K->293528K(2244928K), 0.0206840 secs] [Times: user=0.06 sys=0.00, real=0.02 secs] 
2014-07-16T05:52:26.441+0000: 3600.685: [GC [PSYoungGen: 1745114K->420K(1663424K)] 2031448K->293758K(2163200K), 0.0218500 secs] [Times: user=0.08 sys=0.00, real=0.03 secs] 
2014-07-16T05:52:30.023+0000: 3604.268: [GC [PSYoungGen: 1663396K->7352K(1599040K)] 1956734K->300747K(2098816K), 0.0156710 secs] [Times: user=0.06 sys=0.00, real=0.01 secs] 
2014-07-16T05:52:33.482+0000: 3607.727: [GC [PSYoungGen: 1599032K->6948K(1530880K)] 1892427K->301095K(2030656K), 0.0271110 secs] [Times: user=0.10 sys=0.00, real=0.03 secs] 
2014-07-16T05:52:36.875+0000: 3611.119: [GC [PSYoungGen: 1530852K->6710K(1466176K)] 1824999K->301097K(1965952K), 0.0182380 secs] [Times: user=0.07 sys=0.00, real=0.02 secs] 
2014-07-16T05:52:40.044+0000: 3614.289: [GC [PSYoungGen: 1466166K->1828K(1400000K)] 1760553K->301562K(1899776K), 0.0248800 secs] [Times: user=0.10 sys=0.00, real=0.03 secs] 
2014-07-16T05:52:43.108+0000: 3617.353: [GC [PSYoungGen: 1399972K->7184K(1347008K)] 1699706K->306990K(1846784K), 0.0303810 secs] [Times: user=0.12 sys=0.00, real=0.03 secs] 
2014-07-16T05:52:46.010+0000: 3620.254: [GC [PSYoungGen: 1346960K->6436K(1290752K)] 1646766K->307046K(1790528K), 0.0250600 secs] [Times: user=0.09 sys=0.00, real=0.02 secs] 
2014-07-16T05:52:48.771+0000: 3623.016: [GC [PSYoungGen: 1290724K->6756K(1238272K)] 1591334K->307486K(1738048K), 0.0210490 secs] [Times: user=0.08 sys=0.01, real=0.02 secs] 
Heap
 PSYoungGen      total 1238272K, used 682168K [0x0000000755560000, 0x00000007c3b30000, 0x0000000800000000)
  eden space 1231488K, 54% used [0x0000000755560000,0x000000077e8f5110,0x00000007a0800000)
  from space 6784K, 99% used [0x00000007c3270000,0x00000007c39092d0,0x00000007c3910000)
  to   space 2176K, 0% used [0x00000007c3910000,0x00000007c3910000,0x00000007c3b30000)
 ParOldGen       total 499776K, used 300729K [0x0000000600000000, 0x000000061e810000, 0x0000000755560000)
  object space 499776K, 60% used [0x0000000600000000,0x00000006125ae7d0,0x000000061e810000)
 PSPermGen       total 21568K, used 11304K [0x00000005f5a00000, 0x00000005f6f10000, 0x0000000600000000)
  object space 21568K, 52% used [0x00000005f5a00000,0x00000005f650a000,0x00000005f6f10000)
