2014-07-16T07:29:07.270+0000: 22.490: [GC [PSYoungGen: 257728K->14846K(300608K)] 257728K->14854K(987584K), 0.0379630 secs] [Times: user=0.17 sys=0.01, real=0.04 secs] 
2014-07-16T07:29:10.579+0000: 25.799: [GC [PSYoungGen: 272574K->17394K(300608K)] 272582K->17410K(987584K), 0.0118530 secs] [Times: user=0.04 sys=0.01, real=0.01 secs] 
2014-07-16T07:29:12.302+0000: 27.522: [GC [PSYoungGen: 275122K->22827K(300608K)] 275138K->22851K(987584K), 0.0073500 secs] [Times: user=0.03 sys=0.00, real=0.01 secs] 
2014-07-16T07:29:14.127+0000: 29.347: [GC [PSYoungGen: 280555K->29575K(300608K)] 280579K->29607K(987584K), 0.0249250 secs] [Times: user=0.15 sys=0.01, real=0.02 secs] 
2014-07-16T07:29:15.897+0000: 31.116: [GC [PSYoungGen: 287303K->32648K(284032K)] 287335K->32680K(971008K), 0.0088640 secs] [Times: user=0.04 sys=0.00, real=0.00 secs] 
2014-07-16T07:29:17.371+0000: 32.591: [GC [PSYoungGen: 283976K->35563K(281088K)] 284008K->35611K(968064K), 0.0145300 secs] [Times: user=0.08 sys=0.00, real=0.01 secs] 
2014-07-16T07:29:18.862+0000: 34.082: [GC [PSYoungGen: 280747K->24596K(263872K)] 280795K->40037K(950848K), 0.0198740 secs] [Times: user=0.11 sys=0.02, real=0.02 secs] 
2014-07-16T07:29:20.260+0000: 35.480: [GC [PSYoungGen: 263828K->12599K(269184K)] 279269K->40898K(956160K), 0.0107220 secs] [Times: user=0.06 sys=0.01, real=0.01 secs] 
2014-07-16T07:29:21.501+0000: 36.721: [GC [PSYoungGen: 246135K->7717K(235776K)] 274434K->42371K(922752K), 0.0109410 secs] [Times: user=0.07 sys=0.01, real=0.01 secs] 
2014-07-16T07:29:22.742+0000: 37.962: [GC [PSYoungGen: 235749K->1534K(262208K)] 270403K->41999K(949184K), 0.0051760 secs] [Times: user=0.03 sys=0.00, real=0.01 secs] 
2014-07-16T07:29:23.871+0000: 39.091: [GC [PSYoungGen: 224254K->644K(218304K)] 264719K->41971K(905280K), 0.0030690 secs] [Times: user=0.01 sys=0.00, real=0.00 secs] 
2014-07-16T07:29:25.016+0000: 40.236: [GC [PSYoungGen: 218187K->1040K(252480K)] 259514K->42471K(939456K), 0.0033920 secs] [Times: user=0.02 sys=0.00, real=0.01 secs] 
2014-07-16T07:29:26.216+0000: 41.436: [GC [PSYoungGen: 213712K->794K(208704K)] 255143K->42281K(895680K), 0.0088500 secs] [Times: user=0.05 sys=0.00, real=0.01 secs] 
2014-07-16T07:29:27.404+0000: 42.624: [GC [PSYoungGen: 208666K->580K(241920K)] 250153K->42123K(928896K), 0.0029330 secs] [Times: user=0.01 sys=0.00, real=0.00 secs] 
2014-07-16T07:29:28.714+0000: 43.934: [GC [PSYoungGen: 203844K->810K(199616K)] 245387K->42425K(886592K), 0.0037450 secs] [Times: user=0.02 sys=0.00, real=0.01 secs] 
2014-07-16T07:29:29.822+0000: 45.042: [GC [PSYoungGen: 199594K->1244K(230528K)] 241209K->43202K(917504K), 0.0033230 secs] [Times: user=0.02 sys=0.00, real=0.00 secs] 
2014-07-16T07:29:30.914+0000: 46.134: [GC [PSYoungGen: 195740K->1144K(191488K)] 237698K->43454K(878464K), 0.0064900 secs] [Times: user=0.03 sys=0.00, real=0.01 secs] 
2014-07-16T07:29:31.947+0000: 47.167: [GC [PSYoungGen: 191451K->1108K(219456K)] 233762K->43490K(906432K), 0.0043690 secs] [Times: user=0.03 sys=0.00, real=0.01 secs] 
2014-07-16T07:29:32.965+0000: 48.185: [GC [PSYoungGen: 187412K->1080K(183488K)] 229794K->43518K(870464K), 0.0072220 secs] [Times: user=0.05 sys=0.01, real=0.01 secs] 
2014-07-16T07:29:33.975+0000: 49.195: [GC [PSYoungGen: 183480K->830K(208768K)] 225918K->43308K(895744K), 0.0051880 secs] [Times: user=0.01 sys=0.00, real=0.01 secs] 
2014-07-16T07:29:34.911+0000: 50.131: [GC [PSYoungGen: 179428K->744K(175744K)] 221906K->43294K(862720K), 0.0038860 secs] [Times: user=0.01 sys=0.01, real=0.00 secs] 
2014-07-16T07:29:35.904+0000: 51.124: [GC [PSYoungGen: 175718K->990K(198400K)] 218269K->43588K(885376K), 0.0064240 secs] [Times: user=0.03 sys=0.01, real=0.01 secs] 
2014-07-16T07:29:36.755+0000: 51.975: [GC [PSYoungGen: 172446K->640K(168704K)] 215044K->43302K(855680K), 0.0050260 secs] [Times: user=0.02 sys=0.00, real=0.01 secs] 
2014-07-16T07:29:37.593+0000: 52.813: [GC [PSYoungGen: 168677K->698K(188928K)] 211339K->43408K(875904K), 0.0041600 secs] [Times: user=0.01 sys=0.00, real=0.00 secs] 
2014-07-16T07:29:38.434+0000: 53.654: [GC [PSYoungGen: 165451K->712K(162368K)] 208161K->43502K(849344K), 0.0038830 secs] [Times: user=0.02 sys=0.00, real=0.00 secs] 
2014-07-16T07:29:39.239+0000: 54.459: [GC [PSYoungGen: 162312K->994K(179520K)] 205102K->43872K(866496K), 0.0041480 secs] [Times: user=0.02 sys=0.00, real=0.01 secs] 
2014-07-16T07:29:40.053+0000: 55.273: [GC [PSYoungGen: 159522K->866K(156416K)] 202400K->43776K(843392K), 0.0037330 secs] [Times: user=0.01 sys=0.00, real=0.00 secs] 
2014-07-16T07:29:40.834+0000: 56.054: [GC [PSYoungGen: 156386K->662K(171136K)] 199296K->43612K(858112K), 0.0072040 secs] [Times: user=0.03 sys=0.00, real=0.01 secs] 
2014-07-16T07:29:41.639+0000: 56.859: [GC [PSYoungGen: 153302K->752K(150592K)] 196252K->43726K(837568K), 0.0039520 secs] [Times: user=0.01 sys=0.00, real=0.01 secs] 
2014-07-16T07:29:42.461+0000: 57.681: [GC [PSYoungGen: 150576K->648K(163008K)] 193550K->43702K(849984K), 0.0036360 secs] [Times: user=0.01 sys=0.00, real=0.00 secs] 
2014-07-16T07:29:43.260+0000: 58.480: [GC [PSYoungGen: 147720K->1116K(145600K)] 190774K->44194K(832576K), 0.0083140 secs] [Times: user=0.04 sys=0.01, real=0.01 secs] 
2014-07-16T07:29:44.018+0000: 59.238: [GC [PSYoungGen: 145518K->740K(155712K)] 188597K->43874K(842688K), 0.0032330 secs] [Times: user=0.01 sys=0.00, real=0.01 secs] 
2014-07-16T07:29:44.722+0000: 59.942: [GC [PSYoungGen: 142628K->826K(140224K)] 185762K->44056K(827200K), 0.0036820 secs] [Times: user=0.02 sys=0.00, real=0.00 secs] 
2014-07-16T07:29:45.409+0000: 60.629: [GC [PSYoungGen: 140218K->812K(148736K)] 183448K->44122K(835712K), 0.0029420 secs] [Times: user=0.01 sys=0.00, real=0.01 secs] 
2014-07-16T07:29:46.145+0000: 61.365: [GC [PSYoungGen: 137770K->912K(135552K)] 181080K->44286K(822528K), 0.0038580 secs] [Times: user=0.01 sys=0.00, real=0.00 secs] 
2014-07-16T07:29:46.824+0000: 62.044: [GC [PSYoungGen: 135459K->790K(142272K)] 178833K->44220K(829248K), 0.0052870 secs] [Times: user=0.02 sys=0.00, real=0.00 secs] 
2014-07-16T07:29:47.483+0000: 62.703: [GC [PSYoungGen: 133072K->794K(130880K)] 176502K->44272K(817856K), 0.0048860 secs] [Times: user=0.03 sys=0.00, real=0.00 secs] 
2014-07-16T07:29:48.134+0000: 63.354: [GC [PSYoungGen: 130801K->620K(136512K)] 174279K->44114K(823488K), 0.0106160 secs] [Times: user=0.06 sys=0.00, real=0.01 secs] 
2014-07-16T07:29:48.771+0000: 63.990: [GC [PSYoungGen: 128492K->616K(126400K)] 171986K->44174K(813376K), 0.0036610 secs] [Times: user=0.02 sys=0.00, real=0.01 secs] 
2014-07-16T07:29:49.397+0000: 64.617: [GC [PSYoungGen: 126376K->858K(130944K)] 169934K->44528K(817920K), 0.0036570 secs] [Times: user=0.02 sys=0.00, real=0.01 secs] 
2014-07-16T07:29:50.021+0000: 65.241: [GC [PSYoungGen: 124570K->830K(122560K)] 168240K->44572K(809536K), 0.0035660 secs] [Times: user=0.01 sys=0.00, real=0.00 secs] 
2014-07-16T07:29:50.678+0000: 65.898: [GC [PSYoungGen: 122558K->1116K(125824K)] 166300K->44938K(812800K), 0.0041780 secs] [Times: user=0.02 sys=0.00, real=0.01 secs] 
2014-07-16T07:29:51.308+0000: 66.528: [GC [PSYoungGen: 120905K->840K(118848K)] 164727K->44774K(805824K), 0.0039080 secs] [Times: user=0.02 sys=0.00, real=0.01 secs] 
2014-07-16T07:29:51.885+0000: 67.105: [GC [PSYoungGen: 118792K->730K(121344K)] 162726K->44736K(808320K), 0.0061230 secs] [Times: user=0.03 sys=0.00, real=0.01 secs] 
2014-07-16T07:29:52.412+0000: 67.632: [GC [PSYoungGen: 116890K->484K(114880K)] 160896K->44522K(801856K), 0.0030490 secs] [Times: user=0.01 sys=0.00, real=0.00 secs] 
2014-07-16T07:29:52.933+0000: 68.153: [GC [PSYoungGen: 114810K->516K(117056K)] 158848K->44618K(804032K), 0.0033660 secs] [Times: user=0.01 sys=0.01, real=0.00 secs] 
2014-07-16T07:29:53.484+0000: 68.704: [GC [PSYoungGen: 113156K->576K(111552K)] 157258K->44790K(798528K), 0.0037980 secs] [Times: user=0.01 sys=0.00, real=0.00 secs] 
2014-07-16T07:29:53.973+0000: 69.193: [GC [PSYoungGen: 111552K->830K(112896K)] 155766K->45124K(799872K), 0.0057530 secs] [Times: user=0.04 sys=0.01, real=0.00 secs] 
2014-07-16T07:29:54.488+0000: 69.708: [GC [PSYoungGen: 110142K->598K(108352K)] 154436K->44908K(795328K), 0.0048090 secs] [Times: user=0.01 sys=0.00, real=0.01 secs] 
2014-07-16T07:29:54.996+0000: 70.216: [GC [PSYoungGen: 108270K->644K(113344K)] 152581K->44994K(800320K), 0.0113260 secs] [Times: user=0.07 sys=0.00, real=0.01 secs] 
2014-07-16T07:29:55.510+0000: 70.730: [GC [PSYoungGen: 108650K->1264K(113024K)] 153000K->45662K(800000K), 0.0037960 secs] [Times: user=0.01 sys=0.01, real=0.01 secs] 
2014-07-16T07:29:56.020+0000: 71.240: [GC [PSYoungGen: 109296K->662K(107200K)] 153694K->45132K(794176K), 0.0046240 secs] [Times: user=0.02 sys=0.01, real=0.01 secs] 
2014-07-16T07:29:56.520+0000: 71.740: [GC [PSYoungGen: 107128K->748K(105728K)] 151598K->45298K(792704K), 0.0028910 secs] [Times: user=0.01 sys=0.01, real=0.01 secs] 
2014-07-16T07:29:57.005+0000: 72.225: [GC [PSYoungGen: 105708K->790K(130240K)] 150258K->45380K(817216K), 0.0079220 secs] [Times: user=0.02 sys=0.01, real=0.01 secs] 
2014-07-16T07:29:57.567+0000: 72.787: [GC [PSYoungGen: 127829K->566K(125568K)] 172419K->45212K(812544K), 0.0045130 secs] [Times: user=0.02 sys=0.00, real=0.00 secs] 
2014-07-16T07:29:58.103+0000: 73.323: [GC [PSYoungGen: 125556K->694K(128768K)] 170202K->45396K(815744K), 0.0066420 secs] [Times: user=0.03 sys=0.00, real=0.00 secs] 
2014-07-16T07:29:58.687+0000: 73.907: [GC [PSYoungGen: 125852K->812K(124032K)] 170554K->45562K(811008K), 0.0024690 secs] [Times: user=0.01 sys=0.00, real=0.00 secs] 
2014-07-16T07:29:59.240+0000: 74.460: [GC [PSYoungGen: 124012K->498K(121984K)] 168762K->45288K(808960K), 0.0032920 secs] [Times: user=0.01 sys=0.00, real=0.01 secs] 
2014-07-16T07:29:59.772+0000: 74.992: [GC [PSYoungGen: 121682K->826K(120128K)] 166472K->45672K(807104K), 0.0029430 secs] [Times: user=0.01 sys=0.01, real=0.01 secs] 
2014-07-16T07:30:00.303+0000: 75.523: [GC [PSYoungGen: 120122K->466K(117952K)] 164968K->45384K(804928K), 0.0032320 secs] [Times: user=0.01 sys=0.00, real=0.00 secs] 
2014-07-16T07:30:00.875+0000: 76.094: [GC [PSYoungGen: 117865K->734K(116416K)] 162783K->45668K(803392K), 0.0079040 secs] [Times: user=0.04 sys=0.00, real=0.00 secs] 
2014-07-16T07:30:01.293+0000: 76.513: [GC [PSYoungGen: 116380K->848K(114816K)] 161314K->45854K(801792K), 0.0036250 secs] [Times: user=0.03 sys=0.00, real=0.00 secs] 
2014-07-16T07:30:01.753+0000: 76.973: [GC [PSYoungGen: 114768K->1086K(113280K)] 159774K->46180K(800256K), 0.0025910 secs] [Times: user=0.02 sys=0.00, real=0.00 secs] 
2014-07-16T07:30:02.237+0000: 77.457: [GC [PSYoungGen: 113278K->808K(111360K)] 158372K->45990K(798336K), 0.0055560 secs] [Times: user=0.02 sys=0.01, real=0.00 secs] 
2014-07-16T07:30:02.680+0000: 77.900: [GC [PSYoungGen: 111336K->1262K(110208K)] 156518K->46516K(797184K), 0.0025980 secs] [Times: user=0.01 sys=0.00, real=0.00 secs] 
2014-07-16T07:30:03.135+0000: 78.355: [GC [PSYoungGen: 110190K->658K(108032K)] 155444K->46024K(795008K), 0.0024670 secs] [Times: user=0.02 sys=0.00, real=0.00 secs] 
2014-07-16T07:30:03.572+0000: 78.792: [GC [PSYoungGen: 107986K->698K(106496K)] 153352K->46104K(793472K), 0.0049540 secs] [Times: user=0.02 sys=0.00, real=0.01 secs] 
2014-07-16T07:30:04.005+0000: 79.225: [GC [PSYoungGen: 106490K->530K(104832K)] 151896K->46000K(791808K), 0.0031000 secs] [Times: user=0.02 sys=0.00, real=0.00 secs] 
2014-07-16T07:30:04.435+0000: 79.655: [GC [PSYoungGen: 104785K->800K(103616K)] 150255K->46342K(790592K), 0.0048420 secs] [Times: user=0.02 sys=0.00, real=0.00 secs] 
2014-07-16T07:30:04.835+0000: 80.055: [GC [PSYoungGen: 103584K->562K(101952K)] 149126K->46176K(788928K), 0.0041660 secs] [Times: user=0.02 sys=0.00, real=0.00 secs] 
2014-07-16T07:30:05.245+0000: 80.465: [GC [PSYoungGen: 101938K->598K(100608K)] 147552K->46268K(787584K), 0.0036740 secs] [Times: user=0.02 sys=0.01, real=0.00 secs] 
2014-07-16T07:30:05.717+0000: 80.937: [GC [PSYoungGen: 100566K->1310K(99968K)] 146236K->47044K(786944K), 0.0039990 secs] [Times: user=0.03 sys=0.00, real=0.00 secs] 
2014-07-16T07:30:06.045+0000: 81.265: [GC [PSYoungGen: 99933K->922K(98240K)] 145667K->46704K(785216K), 0.0026240 secs] [Times: user=0.01 sys=0.00, real=0.00 secs] 
2014-07-16T07:30:06.403+0000: 81.623: [GC [PSYoungGen: 98202K->958K(109824K)] 143984K->46804K(796800K), 0.0058500 secs] [Times: user=0.04 sys=0.00, real=0.01 secs] 
2014-07-16T07:30:06.823+0000: 82.043: [GC [PSYoungGen: 109438K->804K(110208K)] 155284K->46706K(797184K), 0.0045170 secs] [Times: user=0.03 sys=0.00, real=0.01 secs] 
2014-07-16T07:30:07.223+0000: 82.443: [GC [PSYoungGen: 109284K->1058K(131840K)] 155186K->47024K(818816K), 0.0041190 secs] [Times: user=0.02 sys=0.00, real=0.01 secs] 
2014-07-16T07:30:07.738+0000: 82.958: [GC [PSYoungGen: 131233K->1080K(129088K)] 177199K->47094K(816064K), 0.0027790 secs] [Times: user=0.02 sys=0.00, real=0.00 secs] 
2014-07-16T07:30:08.201+0000: 83.421: [GC [PSYoungGen: 129080K->612K(126528K)] 175094K->46902K(813504K), 0.0023710 secs] [Times: user=0.02 sys=0.00, real=0.00 secs] 
2014-07-16T07:30:08.676+0000: 83.896: [GC [PSYoungGen: 126493K->1536K(125440K)] 172783K->47906K(812416K), 0.0030590 secs] [Times: user=0.02 sys=0.00, real=0.00 secs] 
2014-07-16T07:30:09.133+0000: 84.353: [GC [PSYoungGen: 125362K->1016K(122880K)] 171733K->47623K(809856K), 0.0035740 secs] [Times: user=0.01 sys=0.00, real=0.01 secs] 
2014-07-16T07:30:09.577+0000: 84.797: [GC [PSYoungGen: 122872K->858K(120832K)] 169479K->47585K(807808K), 0.0031300 secs] [Times: user=0.02 sys=0.00, real=0.00 secs] 
2014-07-16T07:30:10.028+0000: 85.248: [GC [PSYoungGen: 120732K->1336K(119424K)] 167460K->48293K(806400K), 0.0055770 secs] [Times: user=0.03 sys=0.00, real=0.00 secs] 
2014-07-16T07:30:10.470+0000: 85.690: [GC [PSYoungGen: 119416K->1036K(117376K)] 166373K->48057K(804352K), 0.0031130 secs] [Times: user=0.01 sys=0.00, real=0.00 secs] 
2014-07-16T07:30:10.971+0000: 86.191: [GC [PSYoungGen: 117324K->1212K(115712K)] 164345K->48538K(802688K), 0.0028340 secs] [Times: user=0.02 sys=0.00, real=0.01 secs] 
2014-07-16T07:30:11.374+0000: 86.594: [GC [PSYoungGen: 115708K->658K(113472K)] 163034K->48055K(800448K), 0.0038460 secs] [Times: user=0.02 sys=0.00, real=0.00 secs] 
2014-07-16T07:30:11.782+0000: 87.002: [GC [PSYoungGen: 113426K->1408K(112576K)] 160823K->48886K(799552K), 0.0027760 secs] [Times: user=0.01 sys=0.00, real=0.01 secs] 
2014-07-16T07:30:12.175+0000: 87.395: [GC [PSYoungGen: 112511K->598K(110080K)] 159989K->48099K(797056K), 0.0039620 secs] [Times: user=0.01 sys=0.00, real=0.00 secs] 
2014-07-16T07:30:12.569+0000: 87.788: [GC [PSYoungGen: 110038K->1090K(123904K)] 157539K->48656K(810880K), 0.0087090 secs] [Times: user=0.05 sys=0.00, real=0.01 secs] 
2014-07-16T07:30:13.008+0000: 88.228: [GC [PSYoungGen: 123152K->908K(121152K)] 170718K->48569K(808128K), 0.0030660 secs] [Times: user=0.01 sys=0.00, real=0.00 secs] 
2014-07-16T07:30:13.432+0000: 88.652: [GC [PSYoungGen: 121100K->722K(122240K)] 168761K->48479K(809216K), 0.0049300 secs] [Times: user=0.02 sys=0.00, real=0.01 secs] 
2014-07-16T07:30:13.860+0000: 89.080: [GC [PSYoungGen: 122002K->768K(120128K)] 169759K->48597K(807104K), 0.0032480 secs] [Times: user=0.01 sys=0.01, real=0.00 secs] 
2014-07-16T07:30:14.288+0000: 89.508: [GC [PSYoungGen: 120104K->1080K(118592K)] 167933K->48982K(805568K), 0.0031600 secs] [Times: user=0.01 sys=0.00, real=0.00 secs] 
2014-07-16T07:30:14.720+0000: 89.940: [GC [PSYoungGen: 118578K->708K(116480K)] 166480K->48697K(803456K), 0.0047710 secs] [Times: user=0.02 sys=0.00, real=0.01 secs] 
2014-07-16T07:30:15.125+0000: 90.345: [GC [PSYoungGen: 116420K->954K(114880K)] 164409K->49016K(801856K), 0.0032840 secs] [Times: user=0.02 sys=0.00, real=0.01 secs] 
2014-07-16T07:30:15.525+0000: 90.745: [GC [PSYoungGen: 114874K->530K(112768K)] 162936K->48647K(799744K), 0.0035520 secs] [Times: user=0.01 sys=0.01, real=0.00 secs] 
2014-07-16T07:30:15.977+0000: 91.197: [GC [PSYoungGen: 112722K->986K(111552K)] 160839K->49200K(798528K), 0.0044510 secs] [Times: user=0.03 sys=0.01, real=0.00 secs] 
2014-07-16T07:30:16.352+0000: 91.572: [GC [PSYoungGen: 111482K->858K(109824K)] 159696K->49160K(796800K), 0.0026680 secs] [Times: user=0.01 sys=0.00, real=0.01 secs] 
2014-07-16T07:30:16.742+0000: 91.962: [GC [PSYoungGen: 109786K->694K(108032K)] 158088K->49091K(795008K), 0.0033840 secs] [Times: user=0.01 sys=0.00, real=0.01 secs] 
2014-07-16T07:30:17.150+0000: 92.369: [GC [PSYoungGen: 108022K->1114K(106944K)] 156419K->49616K(793920K), 0.0051290 secs] [Times: user=0.02 sys=0.00, real=0.00 secs] 
2014-07-16T07:30:17.508+0000: 92.728: [GC [PSYoungGen: 106906K->854K(116160K)] 155408K->49443K(803136K), 0.0072520 secs] [Times: user=0.03 sys=0.00, real=0.01 secs] 
2014-07-16T07:30:17.936+0000: 93.156: [GC [PSYoungGen: 115734K->1354K(116352K)] 164323K->50040K(803328K), 0.0040470 secs] [Times: user=0.03 sys=0.00, real=0.00 secs] 
2014-07-16T07:30:18.345+0000: 93.565: [GC [PSYoungGen: 116215K->994K(139328K)] 164901K->49720K(826304K), 0.0061390 secs] [Times: user=0.03 sys=0.00, real=0.00 secs] 
2014-07-16T07:30:18.826+0000: 94.046: [GC [PSYoungGen: 138850K->1108K(139392K)] 187576K->49930K(826368K), 0.0026620 secs] [Times: user=0.01 sys=0.00, real=0.01 secs] 
2014-07-16T07:30:19.318+0000: 94.538: [GC [PSYoungGen: 138964K->466K(166912K)] 187786K->49335K(853888K), 0.0064430 secs] [Times: user=0.02 sys=0.00, real=0.00 secs] 
2014-07-16T07:30:19.907+0000: 95.127: [GC [PSYoungGen: 165842K->1022K(166976K)] 214711K->49948K(853952K), 0.0067590 secs] [Times: user=0.04 sys=0.00, real=0.00 secs] 
2014-07-16T07:30:20.487+0000: 95.707: [GC [PSYoungGen: 166398K->722K(200000K)] 215324K->49719K(886976K), 0.0088820 secs] [Times: user=0.05 sys=0.00, real=0.01 secs] 
2014-07-16T07:30:21.226+0000: 96.446: [GC [PSYoungGen: 199186K->562K(200000K)] 248183K->49615K(886976K), 0.0052780 secs] [Times: user=0.01 sys=0.00, real=0.01 secs] 
2014-07-16T07:30:21.953+0000: 97.173: [GC [PSYoungGen: 199026K->1172K(195392K)] 248079K->50322K(882368K), 0.0035330 secs] [Times: user=0.01 sys=0.00, real=0.01 secs] 
2014-07-16T07:30:22.651+0000: 97.871: [GC [PSYoungGen: 195348K->562K(190592K)] 244498K->49767K(877568K), 0.0045070 secs] [Times: user=0.02 sys=0.00, real=0.01 secs] 
2014-07-16T07:30:23.342+0000: 98.562: [GC [PSYoungGen: 190578K->640K(186688K)] 239783K->49925K(873664K), 0.0036400 secs] [Times: user=0.02 sys=0.01, real=0.00 secs] 
2014-07-16T07:30:24.008+0000: 99.228: [GC [PSYoungGen: 186688K->1090K(183360K)] 235973K->50456K(870336K), 0.0048520 secs] [Times: user=0.02 sys=0.01, real=0.00 secs] 
2014-07-16T07:30:24.665+0000: 99.885: [GC [PSYoungGen: 183266K->894K(179392K)] 232632K->50299K(866368K), 0.0108530 secs] [Times: user=0.06 sys=0.00, real=0.02 secs] 
2014-07-16T07:30:25.319+0000: 100.539: [GC [PSYoungGen: 179390K->1056K(215296K)] 228795K->50501K(902272K), 0.0128840 secs] [Times: user=0.07 sys=0.00, real=0.01 secs] 
2014-07-16T07:30:26.139+0000: 101.359: [GC [PSYoungGen: 215264K->1136K(235584K)] 264709K->50820K(922560K), 0.0038730 secs] [Times: user=0.02 sys=0.01, real=0.00 secs] 
2014-07-16T07:30:26.997+0000: 102.217: [GC [PSYoungGen: 235568K->1194K(230080K)] 285252K->50934K(917056K), 0.0030560 secs] [Times: user=0.01 sys=0.00, real=0.01 secs] 
2014-07-16T07:30:27.798+0000: 103.018: [GC [PSYoungGen: 230058K->356K(223872K)] 279798K->50369K(910848K), 0.0029730 secs] [Times: user=0.01 sys=0.00, real=0.00 secs] 
2014-07-16T07:30:28.588+0000: 103.808: [GC [PSYoungGen: 223844K->1076K(219392K)] 273857K->51170K(906368K), 0.0040770 secs] [Times: user=0.02 sys=0.00, real=0.00 secs] 
2014-07-16T07:30:29.365+0000: 104.585: [GC [PSYoungGen: 219380K->994K(214336K)] 269474K->51210K(901312K), 0.0039200 secs] [Times: user=0.02 sys=0.00, real=0.01 secs] 
2014-07-16T07:30:30.140+0000: 105.359: [GC [PSYoungGen: 214306K->844K(209408K)] 264522K->51148K(896384K), 0.0041270 secs] [Times: user=0.02 sys=0.00, real=0.00 secs] 
2014-07-16T07:30:30.884+0000: 106.104: [GC [PSYoungGen: 209329K->1184K(205120K)] 259633K->51852K(892096K), 0.0032840 secs] [Times: user=0.01 sys=0.00, real=0.01 secs] 
2014-07-16T07:30:31.688+0000: 106.908: [GC [PSYoungGen: 205088K->1332K(200768K)] 255756K->52064K(887744K), 0.0030330 secs] [Times: user=0.02 sys=0.00, real=0.00 secs] 
2014-07-16T07:30:32.396+0000: 107.616: [GC [PSYoungGen: 200756K->790K(195968K)] 251488K->51984K(882944K), 0.0048390 secs] [Times: user=0.02 sys=0.00, real=0.01 secs] 
2014-07-16T07:30:33.100+0000: 108.320: [GC [PSYoungGen: 195849K->726K(191744K)] 247043K->52032K(878720K), 0.0032010 secs] [Times: user=0.02 sys=0.01, real=0.00 secs] 
2014-07-16T07:30:33.791+0000: 109.011: [GC [PSYoungGen: 191702K->1628K(188608K)] 243008K->52982K(875584K), 0.0031180 secs] [Times: user=0.02 sys=0.00, real=0.00 secs] 
2014-07-16T07:30:34.442+0000: 109.662: [GC [PSYoungGen: 188572K->844K(183936K)] 239926K->52270K(870912K), 0.0045710 secs] [Times: user=0.02 sys=0.00, real=0.00 secs] 
2014-07-16T07:30:35.112+0000: 110.332: [GC [PSYoungGen: 183884K->1190K(180480K)] 235310K->53160K(867456K), 0.0040070 secs] [Times: user=0.02 sys=0.00, real=0.00 secs] 
2014-07-16T07:30:35.749+0000: 110.969: [GC [PSYoungGen: 180454K->1064K(176704K)] 232424K->53122K(863680K), 0.0052900 secs] [Times: user=0.02 sys=0.00, real=0.00 secs] 
2014-07-16T07:30:36.367+0000: 111.587: [GC [PSYoungGen: 176680K->662K(172800K)] 228738K->52860K(859776K), 0.0104460 secs] [Times: user=0.05 sys=0.00, real=0.01 secs] 
2014-07-16T07:30:36.992+0000: 112.212: [GC [PSYoungGen: 172758K->708K(169472K)] 224956K->52986K(856448K), 0.0044570 secs] [Times: user=0.02 sys=0.00, real=0.00 secs] 
2014-07-16T07:30:37.599+0000: 112.819: [GC [PSYoungGen: 169412K->562K(165952K)] 221690K->52896K(852928K), 0.0035450 secs] [Times: user=0.02 sys=0.00, real=0.00 secs] 
2014-07-16T07:30:38.177+0000: 113.397: [GC [PSYoungGen: 165938K->1626K(163840K)] 218272K->54000K(850816K), 0.0039050 secs] [Times: user=0.01 sys=0.00, real=0.01 secs] 
2014-07-16T07:30:38.776+0000: 113.996: [GC [PSYoungGen: 163802K->936K(160064K)] 216176K->53414K(847040K), 0.0051120 secs] [Times: user=0.04 sys=0.00, real=0.01 secs] 
2014-07-16T07:30:39.353+0000: 114.573: [GC [PSYoungGen: 160006K->1276K(157376K)] 212484K->53818K(844352K), 0.0049430 secs] [Times: user=0.03 sys=0.00, real=0.00 secs] 
2014-07-16T07:30:39.904+0000: 115.124: [GC [PSYoungGen: 157372K->1040K(154240K)] 209914K->53630K(841216K), 0.0065960 secs] [Times: user=0.03 sys=0.00, real=0.01 secs] 
2014-07-16T07:30:40.453+0000: 115.673: [GC [PSYoungGen: 154160K->936K(151296K)] 206750K->53566K(838272K), 0.0047950 secs] [Times: user=0.02 sys=0.00, real=0.00 secs] 
2014-07-16T07:30:40.982+0000: 116.202: [GC [PSYoungGen: 151272K->772K(148416K)] 203902K->53458K(835392K), 0.0044430 secs] [Times: user=0.02 sys=0.00, real=0.00 secs] 
2014-07-16T07:30:41.546+0000: 116.766: [GC [PSYoungGen: 148356K->958K(145920K)] 201042K->53692K(832896K), 0.0045930 secs] [Times: user=0.02 sys=0.00, real=0.01 secs] 
2014-07-16T07:30:42.032+0000: 117.252: [GC [PSYoungGen: 145918K->1286K(143744K)] 198652K->54100K(830720K), 0.0036740 secs] [Times: user=0.01 sys=0.00, real=0.00 secs] 
2014-07-16T07:30:42.548+0000: 117.768: [GC [PSYoungGen: 143686K->922K(140864K)] 196500K->53816K(827840K), 0.0044480 secs] [Times: user=0.02 sys=0.00, real=0.01 secs] 
2014-07-16T07:30:43.047+0000: 118.267: [GC [PSYoungGen: 140805K->1212K(138688K)] 193699K->54622K(825664K), 0.0031900 secs] [Times: user=0.02 sys=0.00, real=0.01 secs] 
2014-07-16T07:30:43.542+0000: 118.761: [GC [PSYoungGen: 138684K->754K(135872K)] 192094K->54228K(822848K), 0.0057730 secs] [Times: user=0.04 sys=0.00, real=0.00 secs] 
2014-07-16T07:30:44.033+0000: 119.253: [GC [PSYoungGen: 135858K->972K(133824K)] 189332K->54526K(820800K), 0.0053880 secs] [Times: user=0.01 sys=0.00, real=0.00 secs] 
2014-07-16T07:30:44.509+0000: 119.729: [GC [PSYoungGen: 133725K->1204K(131776K)] 187279K->54862K(818752K), 0.0044580 secs] [Times: user=0.03 sys=0.00, real=0.01 secs] 
2014-07-16T07:30:44.969+0000: 120.189: [GC [PSYoungGen: 131764K->562K(128960K)] 185422K->54276K(815936K), 0.0044520 secs] [Times: user=0.02 sys=0.00, real=0.01 secs] 
2014-07-16T07:30:45.447+0000: 120.667: [GC [PSYoungGen: 128939K->1442K(127744K)] 182654K->55228K(814720K), 0.0034370 secs] [Times: user=0.02 sys=0.00, real=0.01 secs] 
2014-07-16T07:30:45.880+0000: 121.100: [GC [PSYoungGen: 127714K->672K(124928K)] 181500K->54522K(811904K), 0.0046830 secs] [Times: user=0.02 sys=0.00, real=0.01 secs] 
2014-07-16T07:30:46.365+0000: 121.585: [GC [PSYoungGen: 124893K->1314K(123584K)] 178744K->55252K(810560K), 0.0039840 secs] [Times: user=0.02 sys=0.01, real=0.00 secs] 
2014-07-16T07:30:46.759+0000: 121.979: [GC [PSYoungGen: 123554K->804K(121152K)] 177492K->54806K(808128K), 0.0058250 secs] [Times: user=0.01 sys=0.00, real=0.01 secs] 
2014-07-16T07:30:47.190+0000: 122.410: [GC [PSYoungGen: 121124K->776K(119296K)] 175126K->54818K(806272K), 0.0038050 secs] [Times: user=0.02 sys=0.00, real=0.01 secs] 
2014-07-16T07:30:47.593+0000: 122.813: [GC [PSYoungGen: 119240K->726K(117376K)] 173282K->54856K(804352K), 0.0038180 secs] [Times: user=0.02 sys=0.01, real=0.00 secs] 
2014-07-16T07:30:47.998+0000: 123.218: [GC [PSYoungGen: 117334K->1190K(116032K)] 171464K->55400K(803008K), 0.0045460 secs] [Times: user=0.03 sys=0.00, real=0.01 secs] 
2014-07-16T07:30:48.415+0000: 123.635: [GC [PSYoungGen: 116006K->1050K(114176K)] 170216K->55316K(801152K), 0.0044030 secs] [Times: user=0.01 sys=0.01, real=0.00 secs] 
2014-07-16T07:30:48.806+0000: 124.026: [GC [PSYoungGen: 114138K->594K(136384K)] 168404K->54924K(823360K), 0.0047360 secs] [Times: user=0.02 sys=0.00, real=0.01 secs] 
2014-07-16T07:30:49.312+0000: 124.532: [GC [PSYoungGen: 136318K->826K(163776K)] 190648K->55180K(850752K), 0.0059160 secs] [Times: user=0.02 sys=0.00, real=0.00 secs] 
2014-07-16T07:30:49.907+0000: 125.127: [GC [PSYoungGen: 163768K->708K(196352K)] 218122K->55118K(883328K), 0.0083690 secs] [Times: user=0.04 sys=0.00, real=0.01 secs] 
2014-07-16T07:30:50.601+0000: 125.821: [GC [PSYoungGen: 196274K->1204K(192640K)] 250684K->55694K(879616K), 0.0044750 secs] [Times: user=0.02 sys=0.00, real=0.00 secs] 
2014-07-16T07:30:51.283+0000: 126.502: [GC [PSYoungGen: 192628K->868K(204864K)] 247118K->55406K(891840K), 0.0138060 secs] [Times: user=0.06 sys=0.01, real=0.02 secs] 
2014-07-16T07:30:52.110+0000: 127.330: [GC [PSYoungGen: 204068K->1220K(231424K)] 258606K->55830K(918400K), 0.0082790 secs] [Times: user=0.05 sys=0.00, real=0.01 secs] 
2014-07-16T07:30:52.898+0000: 128.118: [GC [PSYoungGen: 230980K->840K(225280K)] 285590K->55514K(912256K), 0.0036330 secs] [Times: user=0.02 sys=0.00, real=0.01 secs] 
2014-07-16T07:30:53.709+0000: 128.929: [GC [PSYoungGen: 225185K->820K(220032K)] 279859K->55934K(907008K), 0.0037510 secs] [Times: user=0.01 sys=0.00, real=0.01 secs] 
2014-07-16T07:30:54.494+0000: 129.714: [GC [PSYoungGen: 220020K->886K(215104K)] 275134K->56114K(902080K), 0.0028770 secs] [Times: user=0.02 sys=0.00, real=0.00 secs] 
2014-07-16T07:30:55.278+0000: 130.498: [GC [PSYoungGen: 215075K->1268K(210688K)] 270304K->56684K(897664K), 0.0048000 secs] [Times: user=0.03 sys=0.00, real=0.01 secs] 
2014-07-16T07:30:56.026+0000: 131.246: [GC [PSYoungGen: 210676K->882K(205632K)] 266092K->56362K(892608K), 0.0060510 secs] [Times: user=0.03 sys=0.00, real=0.01 secs] 
2014-07-16T07:30:56.823+0000: 132.043: [GC [PSYoungGen: 205618K->1208K(201472K)] 261098K->57028K(888448K), 0.0135200 secs] [Times: user=0.08 sys=0.01, real=0.01 secs] 
2014-07-16T07:30:57.484+0000: 132.704: [GC [PSYoungGen: 201462K->576K(196480K)] 257283K->56484K(883456K), 0.0033650 secs] [Times: user=0.02 sys=0.00, real=0.00 secs] 
2014-07-16T07:30:58.193+0000: 133.413: [GC [PSYoungGen: 196480K->822K(192512K)] 252388K->56826K(879488K), 0.0044510 secs] [Times: user=0.03 sys=0.00, real=0.00 secs] 
2014-07-16T07:30:58.897+0000: 134.117: [GC [PSYoungGen: 192502K->1254K(188928K)] 248506K->57330K(875904K), 0.0043330 secs] [Times: user=0.02 sys=0.00, real=0.00 secs] 
2014-07-16T07:30:59.578+0000: 134.798: [GC [PSYoungGen: 188902K->928K(184704K)] 244978K->57060K(871680K), 0.0073520 secs] [Times: user=0.04 sys=0.00, real=0.01 secs] 
2014-07-16T07:31:00.210+0000: 135.430: [GC [PSYoungGen: 184672K->836K(180864K)] 240804K->57040K(867840K), 0.0039680 secs] [Times: user=0.01 sys=0.01, real=0.01 secs] 
2014-07-16T07:31:00.853+0000: 136.073: [GC [PSYoungGen: 180804K->726K(177088K)] 237008K->56994K(864064K), 0.0056160 secs] [Times: user=0.03 sys=0.00, real=0.00 secs] 
2014-07-16T07:31:01.556+0000: 136.776: [GC [PSYoungGen: 177044K->996K(173824K)] 233313K->57328K(860800K), 0.0041050 secs] [Times: user=0.02 sys=0.00, real=0.00 secs] 
2014-07-16T07:31:02.142+0000: 137.362: [GC [PSYoungGen: 173749K->954K(170304K)] 230081K->57374K(857280K), 0.0055200 secs] [Times: user=0.02 sys=0.00, real=0.01 secs] 
2014-07-16T07:31:02.741+0000: 137.961: [GC [PSYoungGen: 170298K->662K(166720K)] 226718K->57162K(853696K), 0.0036700 secs] [Times: user=0.01 sys=0.00, real=0.01 secs] 
2014-07-16T07:31:03.342+0000: 138.562: [GC [PSYoungGen: 166678K->786K(163648K)] 223178K->57350K(850624K), 0.0037810 secs] [Times: user=0.01 sys=0.00, real=0.00 secs] 
2014-07-16T07:31:03.921+0000: 139.141: [GC [PSYoungGen: 163602K->1058K(160768K)] 220166K->57694K(847744K), 0.0041150 secs] [Times: user=0.02 sys=0.00, real=0.01 secs] 
2014-07-16T07:31:04.499+0000: 139.719: [GC [PSYoungGen: 160738K->1068K(157760K)] 217374K->57842K(844736K), 0.0027050 secs] [Times: user=0.01 sys=0.00, real=0.01 secs] 
2014-07-16T07:31:05.052+0000: 140.272: [GC [PSYoungGen: 157740K->1168K(154944K)] 214514K->58038K(841920K), 0.0044560 secs] [Times: user=0.02 sys=0.01, real=0.01 secs] 
2014-07-16T07:31:05.600+0000: 140.820: [GC [PSYoungGen: 154895K->680K(151616K)] 211766K->57678K(838592K), 0.0028430 secs] [Times: user=0.01 sys=0.00, real=0.01 secs] 
2014-07-16T07:31:06.140+0000: 141.360: [GC [PSYoungGen: 151592K->1462K(149632K)] 208590K->58564K(836608K), 0.0040160 secs] [Times: user=0.02 sys=0.00, real=0.01 secs] 
2014-07-16T07:31:06.709+0000: 141.929: [GC [PSYoungGen: 149583K->802K(146304K)] 206686K->58464K(833280K), 0.0045470 secs] [Times: user=0.01 sys=0.00, real=0.01 secs] 
2014-07-16T07:31:07.197+0000: 142.417: [GC [PSYoungGen: 146274K->1144K(144000K)] 203936K->58903K(830976K), 0.0050830 secs] [Times: user=0.03 sys=0.01, real=0.00 secs] 
2014-07-16T07:31:07.717+0000: 142.937: [GC [PSYoungGen: 143992K->1354K(141760K)] 201751K->59285K(828736K), 0.0036310 secs] [Times: user=0.01 sys=0.00, real=0.00 secs] 
2014-07-16T07:31:08.222+0000: 143.442: [GC [PSYoungGen: 141706K->972K(138944K)] 199637K->58983K(825920K), 0.0077410 secs] [Times: user=0.04 sys=0.00, real=0.01 secs] 
2014-07-16T07:31:08.719+0000: 143.939: [GC [PSYoungGen: 138891K->876K(136448K)] 196902K->58967K(823424K), 0.0058780 secs] [Times: user=0.02 sys=0.00, real=0.01 secs] 
2014-07-16T07:31:09.207+0000: 144.427: [GC [PSYoungGen: 136428K->594K(163328K)] 194519K->58740K(850304K), 0.0074790 secs] [Times: user=0.05 sys=0.00, real=0.01 secs] 
2014-07-16T07:31:09.796+0000: 145.016: [GC [PSYoungGen: 163282K->840K(196160K)] 221428K->59058K(883136K), 0.0063320 secs] [Times: user=0.03 sys=0.00, real=0.00 secs] 
2014-07-16T07:31:10.486+0000: 145.705: [GC [PSYoungGen: 196104K->480K(191616K)] 254322K->58786K(878592K), 0.0029790 secs] [Times: user=0.01 sys=0.00, real=0.00 secs] 
2014-07-16T07:31:11.170+0000: 146.390: [GC [PSYoungGen: 191584K->744K(187840K)] 249890K->59106K(874816K), 0.0044120 secs] [Times: user=0.02 sys=0.00, real=0.01 secs] 
2014-07-16T07:31:11.864+0000: 147.084: [GC [PSYoungGen: 187777K->708K(183936K)] 246140K->59150K(870912K), 0.0029690 secs] [Times: user=0.01 sys=0.00, real=0.00 secs] 
2014-07-16T07:31:12.535+0000: 147.755: [GC [PSYoungGen: 183876K->894K(180288K)] 242318K->59393K(867264K), 0.0052780 secs] [Times: user=0.03 sys=0.00, real=0.00 secs] 
2014-07-16T07:31:13.151+0000: 148.371: [GC [PSYoungGen: 180286K->790K(176576K)] 238785K->59360K(863552K), 0.0062240 secs] [Times: user=0.04 sys=0.00, real=0.01 secs] 
2014-07-16T07:31:13.770+0000: 148.990: [GC [PSYoungGen: 176534K->1212K(173440K)] 235104K->59855K(860416K), 0.0041970 secs] [Times: user=0.02 sys=0.00, real=0.01 secs] 
2014-07-16T07:31:14.397+0000: 149.617: [GC [PSYoungGen: 173367K->1104K(169984K)] 232010K->59818K(856960K), 0.0040490 secs] [Times: user=0.02 sys=0.00, real=0.00 secs] 
2014-07-16T07:31:15.006+0000: 150.226: [GC [PSYoungGen: 169936K->690K(166208K)] 228650K->59460K(853184K), 0.0037750 secs] [Times: user=0.02 sys=0.00, real=0.00 secs] 
2014-07-16T07:31:15.594+0000: 150.814: [GC [PSYoungGen: 166194K->644K(163008K)] 224964K->59502K(849984K), 0.0034420 secs] [Times: user=0.02 sys=0.00, real=0.01 secs] 
2014-07-16T07:31:16.168+0000: 151.388: [GC [PSYoungGen: 162948K->480K(159744K)] 221806K->59426K(846720K), 0.0046430 secs] [Times: user=0.03 sys=0.00, real=0.00 secs] 
2014-07-16T07:31:16.821+0000: 152.041: [GC [PSYoungGen: 159712K->1310K(157568K)] 218658K->60344K(844544K), 0.0068940 secs] [Times: user=0.05 sys=0.00, real=0.01 secs] 
2014-07-16T07:31:17.301+0000: 152.521: [GC [PSYoungGen: 157534K->872K(154176K)] 216568K->60018K(841152K), 0.0027230 secs] [Times: user=0.01 sys=0.00, real=0.01 secs] 
2014-07-16T07:31:17.846+0000: 153.066: [GC [PSYoungGen: 154123K->1208K(151680K)] 213270K->60443K(838656K), 0.0040050 secs] [Times: user=0.01 sys=0.00, real=0.00 secs] 
2014-07-16T07:31:18.400+0000: 153.620: [GC [PSYoungGen: 151672K->1130K(148864K)] 210907K->60661K(835840K), 0.0058720 secs] [Times: user=0.04 sys=0.00, real=0.01 secs] 
2014-07-16T07:31:18.928+0000: 154.148: [GC [PSYoungGen: 148842K->804K(145856K)] 208373K->60423K(832832K), 0.0041980 secs] [Times: user=0.01 sys=0.00, real=0.00 secs] 
2014-07-16T07:31:19.454+0000: 154.674: [GC [PSYoungGen: 145828K->1054K(143552K)] 205447K->60753K(830528K), 0.0047990 secs] [Times: user=0.03 sys=0.00, real=0.01 secs] 
2014-07-16T07:31:19.960+0000: 155.180: [GC [PSYoungGen: 143518K->1008K(140992K)] 203217K->60787K(827968K), 0.0033650 secs] [Times: user=0.01 sys=0.00, real=0.00 secs] 
2014-07-16T07:31:20.471+0000: 155.691: [GC [PSYoungGen: 140932K->1008K(138560K)] 200711K->60859K(825536K), 0.0048750 secs] [Times: user=0.03 sys=0.00, real=0.01 secs] 
2014-07-16T07:31:20.955+0000: 156.175: [GC [PSYoungGen: 138505K->1044K(136256K)] 198356K->60951K(823232K), 0.0035240 secs] [Times: user=0.02 sys=0.00, real=0.01 secs] 
2014-07-16T07:31:21.435+0000: 156.655: [GC [PSYoungGen: 136212K->786K(133696K)] 196119K->60756K(820672K), 0.0045010 secs] [Times: user=0.02 sys=0.00, real=0.00 secs] 
2014-07-16T07:31:21.943+0000: 157.163: [GC [PSYoungGen: 133624K->844K(131520K)] 193595K->60855K(818496K), 0.0046040 secs] [Times: user=0.01 sys=0.00, real=0.01 secs] 
2014-07-16T07:31:22.401+0000: 157.621: [GC [PSYoungGen: 131468K->1040K(129536K)] 191479K->61147K(816512K), 0.0054410 secs] [Times: user=0.03 sys=0.00, real=0.01 secs] 
2014-07-16T07:31:22.850+0000: 158.070: [GC [PSYoungGen: 129488K->762K(127104K)] 189595K->60917K(814080K), 0.0043650 secs] [Times: user=0.02 sys=0.00, real=0.00 secs] 
2014-07-16T07:31:23.305+0000: 158.525: [GC [PSYoungGen: 127034K->1072K(125376K)] 187189K->61291K(812352K), 0.0038250 secs] [Times: user=0.02 sys=0.00, real=0.00 secs] 
2014-07-16T07:31:23.742+0000: 158.962: [GC [PSYoungGen: 125360K->562K(122880K)] 185579K->60844K(809856K), 0.0030370 secs] [Times: user=0.02 sys=0.00, real=0.01 secs] 
2014-07-16T07:31:24.179+0000: 159.399: [GC [PSYoungGen: 122866K->1226K(121664K)] 183148K->61605K(808640K), 0.0035330 secs] [Times: user=0.01 sys=0.00, real=0.00 secs] 
2014-07-16T07:31:24.616+0000: 159.836: [GC [PSYoungGen: 121610K->926K(119488K)] 181989K->61369K(806464K), 0.0055990 secs] [Times: user=0.02 sys=0.00, real=0.00 secs] 
2014-07-16T07:31:25.046+0000: 160.266: [GC [PSYoungGen: 119454K->880K(117568K)] 179897K->61511K(804544K), 0.0054100 secs] [Times: user=0.03 sys=0.00, real=0.01 secs] 
2014-07-16T07:31:25.459+0000: 160.679: [GC [PSYoungGen: 117532K->1150K(141184K)] 178163K->61829K(828160K), 0.0058260 secs] [Times: user=0.02 sys=0.00, real=0.00 secs] 
2014-07-16T07:31:25.954+0000: 161.174: [GC [PSYoungGen: 141152K->912K(169024K)] 201831K->61663K(856000K), 0.0040120 secs] [Times: user=0.02 sys=0.00, real=0.01 secs] 
2014-07-16T07:31:26.560+0000: 161.779: [GC [PSYoungGen: 168976K->1086K(165888K)] 229727K->61909K(852864K), 0.0028430 secs] [Times: user=0.01 sys=0.00, real=0.00 secs] 
2014-07-16T07:31:27.209+0000: 162.429: [GC [PSYoungGen: 165886K->676K(162304K)] 226709K->61547K(849280K), 0.0063760 secs] [Times: user=0.03 sys=0.00, real=0.00 secs] 
2014-07-16T07:31:27.773+0000: 162.993: [GC [PSYoungGen: 162276K->1100K(159680K)] 223147K->62051K(846656K), 0.0063260 secs] [Times: user=0.04 sys=0.00, real=0.01 secs] 
2014-07-16T07:31:28.336+0000: 163.556: [GC [PSYoungGen: 159628K->658K(156224K)] 220579K->61681K(843200K), 0.0046350 secs] [Times: user=0.01 sys=0.00, real=0.01 secs] 
2014-07-16T07:31:28.902+0000: 164.122: [GC [PSYoungGen: 156177K->1382K(154048K)] 217200K->62477K(841024K), 0.0049370 secs] [Times: user=0.03 sys=0.00, real=0.01 secs] 
2014-07-16T07:31:29.434+0000: 164.654: [GC [PSYoungGen: 154009K->880K(150720K)] 215104K->62263K(837696K), 0.0026660 secs] [Times: user=0.02 sys=0.00, real=0.01 secs] 
2014-07-16T07:31:29.959+0000: 165.179: [GC [PSYoungGen: 150704K->844K(147968K)] 212087K->62315K(834944K), 0.0055860 secs] [Times: user=0.03 sys=0.01, real=0.00 secs] 
2014-07-16T07:31:30.491+0000: 165.711: [GC [PSYoungGen: 147916K->776K(145280K)] 209387K->62303K(832256K), 0.0048030 secs] [Times: user=0.03 sys=0.00, real=0.00 secs] 
2014-07-16T07:31:31.013+0000: 166.232: [GC [PSYoungGen: 145224K->936K(142848K)] 206751K->62527K(829824K), 0.0075670 secs] [Times: user=0.05 sys=0.00, real=0.01 secs] 
2014-07-16T07:31:31.611+0000: 166.831: [GC [PSYoungGen: 142810K->1322K(140736K)] 204401K->63123K(827712K), 0.0053280 secs] [Times: user=0.03 sys=0.00, real=0.00 secs] 
2014-07-16T07:31:32.028+0000: 167.248: [GC [PSYoungGen: 140648K->1040K(138048K)] 202449K->62937K(825024K), 0.0032570 secs] [Times: user=0.01 sys=0.00, real=0.00 secs] 
2014-07-16T07:31:32.516+0000: 167.736: [GC [PSYoungGen: 138000K->930K(165312K)] 199897K->63101K(852288K), 0.0067480 secs] [Times: user=0.03 sys=0.00, real=0.01 secs] 
2014-07-16T07:31:33.093+0000: 168.313: [GC [PSYoungGen: 165282K->644K(161920K)] 227453K->62887K(848896K), 0.0030600 secs] [Times: user=0.01 sys=0.00, real=0.00 secs] 
2014-07-16T07:31:33.668+0000: 168.888: [GC [PSYoungGen: 161860K->690K(158848K)] 224103K->62997K(845824K), 0.0042740 secs] [Times: user=0.02 sys=0.00, real=0.00 secs] 
2014-07-16T07:31:34.233+0000: 169.453: [GC [PSYoungGen: 158834K->862K(156096K)] 221141K->63249K(843072K), 0.0070730 secs] [Times: user=0.03 sys=0.00, real=0.01 secs] 
2014-07-16T07:31:34.787+0000: 170.007: [GC [PSYoungGen: 155986K->862K(153216K)] 218373K->63305K(840192K), 0.0051770 secs] [Times: user=0.02 sys=0.01, real=0.01 secs] 
2014-07-16T07:31:35.325+0000: 170.545: [GC [PSYoungGen: 153145K->1104K(150656K)] 215588K->63643K(837632K), 0.0047210 secs] [Times: user=0.02 sys=0.00, real=0.01 secs] 
2014-07-16T07:31:35.876+0000: 171.096: [GC [PSYoungGen: 150608K->844K(147712K)] 213147K->63455K(834688K), 0.0029720 secs] [Times: user=0.01 sys=0.00, real=0.01 secs] 
2014-07-16T07:31:36.403+0000: 171.623: [GC [PSYoungGen: 147660K->876K(145088K)] 210271K->63551K(832064K), 0.0037320 secs] [Times: user=0.02 sys=0.00, real=0.00 secs] 
2014-07-16T07:31:36.922+0000: 172.142: [GC [PSYoungGen: 145068K->644K(142336K)] 207743K->63359K(829312K), 0.0047840 secs] [Times: user=0.02 sys=0.00, real=0.01 secs] 
2014-07-16T07:31:37.464+0000: 172.684: [GC [PSYoungGen: 142269K->576K(139712K)] 204984K->63387K(826688K), 0.0034740 secs] [Times: user=0.02 sys=0.00, real=0.01 secs] 
2014-07-16T07:31:37.970+0000: 173.190: [GC [PSYoungGen: 139712K->758K(137472K)] 202523K->63633K(824448K), 0.0063150 secs] [Times: user=0.03 sys=0.01, real=0.00 secs] 
2014-07-16T07:31:38.460+0000: 173.680: [GC [PSYoungGen: 137462K->1022K(135360K)] 200337K->63969K(822336K), 0.0041920 secs] [Times: user=0.02 sys=0.00, real=0.00 secs] 
2014-07-16T07:31:38.966+0000: 174.186: [GC [PSYoungGen: 135358K->1060K(133184K)] 198305K->64119K(820160K), 0.0056280 secs] [Times: user=0.03 sys=0.00, real=0.01 secs] 
2014-07-16T07:31:39.436+0000: 174.656: [GC [PSYoungGen: 133079K->1422K(131392K)] 196138K->64577K(818368K), 0.0031750 secs] [Times: user=0.02 sys=0.00, real=0.01 secs] 
2014-07-16T07:31:39.898+0000: 175.118: [GC [PSYoungGen: 131337K->438K(128192K)] 194492K->64227K(815168K), 0.0042950 secs] [Times: user=0.02 sys=0.00, real=0.01 secs] 
2014-07-16T07:31:40.361+0000: 175.581: [GC [PSYoungGen: 128147K->926K(126592K)] 191936K->64845K(813568K), 0.0047470 secs] [Times: user=0.03 sys=0.01, real=0.00 secs] 
2014-07-16T07:31:40.842+0000: 176.062: [GC [PSYoungGen: 126558K->1068K(124672K)] 190477K->65249K(811648K), 0.0062570 secs] [Times: user=0.04 sys=0.00, real=0.01 secs] 
2014-07-16T07:31:41.270+0000: 176.490: [GC [PSYoungGen: 124649K->1090K(149504K)] 188831K->65343K(836480K), 0.0081050 secs] [Times: user=0.05 sys=0.00, real=0.01 secs] 
2014-07-16T07:31:41.803+0000: 177.023: [GC [PSYoungGen: 149442K->786K(178944K)] 213695K->65119K(865920K), 0.0045330 secs] [Times: user=0.02 sys=0.00, real=0.00 secs] 
2014-07-16T07:31:42.487+0000: 177.707: [GC [PSYoungGen: 178809K->694K(175168K)] 243143K->65115K(862144K), 0.0032310 secs] [Times: user=0.02 sys=0.00, real=0.01 secs] 
2014-07-16T07:31:43.125+0000: 178.345: [GC [PSYoungGen: 175158K->1146K(172096K)] 239579K->65731K(859072K), 0.0032270 secs] [Times: user=0.01 sys=0.01, real=0.01 secs] 
2014-07-16T07:31:43.733+0000: 178.953: [GC [PSYoungGen: 172090K->1208K(168768K)] 236675K->65865K(855744K), 0.0036250 secs] [Times: user=0.02 sys=0.00, real=0.00 secs] 
2014-07-16T07:31:44.327+0000: 179.547: [GC [PSYoungGen: 168735K->738K(165056K)] 233393K->66095K(852032K), 0.0043110 secs] [Times: user=0.02 sys=0.00, real=0.01 secs] 
2014-07-16T07:31:44.915+0000: 180.135: [GC [PSYoungGen: 165026K->1054K(162240K)] 230383K->66491K(849216K), 0.0052090 secs] [Times: user=0.03 sys=0.00, real=0.01 secs] 
2014-07-16T07:31:45.491+0000: 180.711: [GC [PSYoungGen: 162206K->1154K(159296K)] 227643K->66955K(846272K), 0.0054970 secs] [Times: user=0.02 sys=0.01, real=0.00 secs] 
2014-07-16T07:31:46.056+0000: 181.276: [GC [PSYoungGen: 159234K->730K(155904K)] 225035K->66579K(842880K), 0.0050890 secs] [Times: user=0.03 sys=0.00, real=0.01 secs] 
2014-07-16T07:31:46.616+0000: 181.836: [GC [PSYoungGen: 155866K->822K(153088K)] 221715K->66751K(840064K), 0.0033540 secs] [Times: user=0.02 sys=0.01, real=0.01 secs] 
2014-07-16T07:31:47.226+0000: 182.446: [GC [PSYoungGen: 153078K->1068K(150528K)] 219007K->67101K(837504K), 0.0036960 secs] [Times: user=0.02 sys=0.01, real=0.01 secs] 
2014-07-16T07:31:47.693+0000: 182.913: [GC [PSYoungGen: 150452K->634K(147392K)] 216486K->66691K(834368K), 0.0036490 secs] [Times: user=0.01 sys=0.00, real=0.00 secs] 
2014-07-16T07:31:48.204+0000: 183.424: [GC [PSYoungGen: 147386K->384K(144512K)] 213443K->66481K(831488K), 0.0064280 secs] [Times: user=0.03 sys=0.01, real=0.01 secs] 
2014-07-16T07:31:48.718+0000: 183.938: [GC [PSYoungGen: 144512K->1040K(142656K)] 210609K->67225K(829632K), 0.0037140 secs] [Times: user=0.02 sys=0.00, real=0.01 secs] 
2014-07-16T07:31:49.239+0000: 184.459: [GC [PSYoungGen: 142608K->648K(139776K)] 208793K->66897K(826752K), 0.0044620 secs] [Times: user=0.03 sys=0.00, real=0.01 secs] 
2014-07-16T07:31:49.744+0000: 184.964: [GC [PSYoungGen: 139718K->1132K(137792K)] 205968K->67461K(824768K), 0.0033110 secs] [Times: user=0.01 sys=0.00, real=0.00 secs] 
2014-07-16T07:31:50.241+0000: 185.460: [GC [PSYoungGen: 137765K->1104K(135488K)] 204095K->67513K(822464K), 0.0045440 secs] [Times: user=0.02 sys=0.00, real=0.00 secs] 
2014-07-16T07:31:50.714+0000: 185.934: [GC [PSYoungGen: 135425K->954K(133056K)] 201835K->67885K(820032K), 0.0025950 secs] [Times: user=0.02 sys=0.00, real=0.00 secs] 
2014-07-16T07:31:51.201+0000: 186.421: [GC [PSYoungGen: 133026K->1318K(131264K)] 199958K->68321K(818240K), 0.0035150 secs] [Times: user=0.02 sys=0.00, real=0.00 secs] 
2014-07-16T07:31:51.661+0000: 186.881: [GC [PSYoungGen: 131238K->1198K(128960K)] 198241K->68528K(815936K), 0.0038400 secs] [Times: user=0.02 sys=0.00, real=0.00 secs] 
2014-07-16T07:31:52.115+0000: 187.335: [GC [PSYoungGen: 128942K->694K(126336K)] 196272K->68095K(813312K), 0.0044190 secs] [Times: user=0.03 sys=0.00, real=0.00 secs] 
2014-07-16T07:31:52.583+0000: 187.803: [GC [PSYoungGen: 126326K->836K(124480K)] 193727K->68309K(811456K), 0.0077450 secs] [Times: user=0.04 sys=0.00, real=0.01 secs] 
2014-07-16T07:31:53.005+0000: 188.225: [GC [PSYoungGen: 124420K->740K(122368K)] 191893K->68293K(809344K), 0.0044950 secs] [Times: user=0.02 sys=0.00, real=0.00 secs] 
2014-07-16T07:31:53.452+0000: 188.672: [GC [PSYoungGen: 122340K->946K(120640K)] 189893K->68595K(807616K), 0.0041710 secs] [Times: user=0.02 sys=0.00, real=0.00 secs] 
2014-07-16T07:31:53.874+0000: 189.093: [GC [PSYoungGen: 120626K->608K(118464K)] 188275K->68321K(805440K), 0.0032360 secs] [Times: user=0.01 sys=0.00, real=0.00 secs] 
2014-07-16T07:31:54.307+0000: 189.527: [GC [PSYoungGen: 118432K->926K(142400K)] 186145K->68687K(829376K), 0.0077140 secs] [Times: user=0.04 sys=0.00, real=0.01 secs] 
2014-07-16T07:31:54.819+0000: 190.039: [GC [PSYoungGen: 142321K->776K(139776K)] 210083K->68633K(826752K), 0.0039190 secs] [Times: user=0.02 sys=0.00, real=0.01 secs] 
2014-07-16T07:31:55.307+0000: 190.527: [GC [PSYoungGen: 139720K->1286K(137856K)] 207577K->69216K(824832K), 0.0026850 secs] [Times: user=0.02 sys=0.00, real=0.00 secs] 
2014-07-16T07:31:55.807+0000: 191.027: [GC [PSYoungGen: 137796K->1164K(135424K)] 205726K->69197K(822400K), 0.0030180 secs] [Times: user=0.01 sys=0.00, real=0.01 secs] 
2014-07-16T07:31:56.286+0000: 191.506: [GC [PSYoungGen: 135372K->812K(132800K)] 203405K->68941K(819776K), 0.0034350 secs] [Times: user=0.01 sys=0.00, real=0.00 secs] 
2014-07-16T07:31:56.765+0000: 191.985: [GC [PSYoungGen: 132780K->544K(130368K)] 200909K->68769K(817344K), 0.0034240 secs] [Times: user=0.02 sys=0.00, real=0.00 secs] 
2014-07-16T07:31:57.317+0000: 192.537: [GC [PSYoungGen: 130336K->1612K(129344K)] 198561K->69925K(816320K), 0.0028050 secs] [Times: user=0.01 sys=0.00, real=0.00 secs] 
2014-07-16T07:31:57.707+0000: 192.927: [GC [PSYoungGen: 129292K->498K(153728K)] 197605K->68843K(840704K), 0.0093740 secs] [Times: user=0.06 sys=0.00, real=0.01 secs] 
2014-07-16T07:31:58.251+0000: 193.471: [GC [PSYoungGen: 153699K->1108K(151552K)] 222045K->69534K(838528K), 0.0030340 secs] [Times: user=0.01 sys=0.00, real=0.00 secs] 
2014-07-16T07:31:58.798+0000: 194.018: [GC [PSYoungGen: 151508K->936K(148608K)] 219934K->69441K(835584K), 0.0027120 secs] [Times: user=0.01 sys=0.00, real=0.00 secs] 
2014-07-16T07:31:59.323+0000: 194.543: [GC [PSYoungGen: 148584K->836K(145856K)] 217089K->69445K(832832K), 0.0044230 secs] [Times: user=0.02 sys=0.00, real=0.00 secs] 
2014-07-16T07:31:59.823+0000: 195.043: [GC [PSYoungGen: 145785K->1218K(143680K)] 214395K->69883K(830656K), 0.0050790 secs] [Times: user=0.02 sys=0.00, real=0.00 secs] 
2014-07-16T07:32:00.324+0000: 195.544: [GC [PSYoungGen: 143618K->908K(140864K)] 212283K->69621K(827840K), 0.0073880 secs] [Times: user=0.04 sys=0.00, real=0.01 secs] 
2014-07-16T07:32:00.820+0000: 196.040: [GC [PSYoungGen: 140812K->562K(138048K)] 209525K->69355K(825024K), 0.0053150 secs] [Times: user=0.03 sys=0.00, real=0.01 secs] 
2014-07-16T07:32:01.307+0000: 196.527: [GC [PSYoungGen: 137985K->926K(136064K)] 206779K->69799K(823040K), 0.0040990 secs] [Times: user=0.02 sys=0.00, real=0.00 secs] 
2014-07-16T07:32:01.792+0000: 197.012: [GC [PSYoungGen: 136030K->1008K(133824K)] 204903K->69977K(820800K), 0.0032470 secs] [Times: user=0.02 sys=0.00, real=0.00 secs] 
2014-07-16T07:32:02.268+0000: 197.488: [GC [PSYoungGen: 133785K->862K(131456K)] 202755K->69895K(818432K), 0.0047860 secs] [Times: user=0.03 sys=0.00, real=0.01 secs] 
2014-07-16T07:32:02.772+0000: 197.992: [GC [PSYoungGen: 131422K->918K(129344K)] 200455K->70047K(816320K), 0.0035590 secs] [Times: user=0.02 sys=0.00, real=0.00 secs] 
2014-07-16T07:32:03.219+0000: 198.439: [GC [PSYoungGen: 129302K->994K(127296K)] 198431K->70212K(814272K), 0.0050890 secs] [Times: user=0.03 sys=0.00, real=0.01 secs] 
2014-07-16T07:32:03.677+0000: 198.897: [GC [PSYoungGen: 127261K->1276K(151424K)] 196479K->70566K(838400K), 0.0087210 secs] [Times: user=0.06 sys=0.00, real=0.01 secs] 
2014-07-16T07:32:04.214+0000: 199.434: [GC [PSYoungGen: 151272K->1158K(153088K)] 220562K->70511K(840064K), 0.0051000 secs] [Times: user=0.03 sys=0.00, real=0.00 secs] 
2014-07-16T07:32:04.740+0000: 199.960: [GC [PSYoungGen: 152710K->552K(153088K)] 222063K->69929K(840064K), 0.0071090 secs] [Times: user=0.04 sys=0.00, real=0.01 secs] 
2014-07-16T07:32:05.300+0000: 200.520: [GC [PSYoungGen: 152104K->1424K(183296K)] 221481K->70873K(870272K), 0.0084010 secs] [Times: user=0.04 sys=0.00, real=0.01 secs] 
2014-07-16T07:32:05.945+0000: 201.165: [GC [PSYoungGen: 183184K->826K(183424K)] 252633K->70339K(870400K), 0.0056800 secs] [Times: user=0.03 sys=0.00, real=0.00 secs] 
2014-07-16T07:32:06.589+0000: 201.809: [GC [PSYoungGen: 182586K->766K(219648K)] 252099K->70327K(906624K), 0.0058760 secs] [Times: user=0.02 sys=0.00, real=0.01 secs] 
2014-07-16T07:32:07.389+0000: 202.609: [GC [PSYoungGen: 218878K->1410K(214592K)] 288439K->71083K(901568K), 0.0049590 secs] [Times: user=0.03 sys=0.00, real=0.02 secs] 
2014-07-16T07:32:08.140+0000: 203.360: [GC [PSYoungGen: 214499K->228K(208576K)] 284172K->70774K(895552K), 0.0044710 secs] [Times: user=0.01 sys=0.00, real=0.01 secs] 
2014-07-16T07:32:08.881+0000: 204.101: [GC [PSYoungGen: 208548K->1336K(205056K)] 279094K->71930K(892032K), 0.0060550 secs] [Times: user=0.03 sys=0.00, real=0.01 secs] 
2014-07-16T07:32:09.624+0000: 204.844: [GC [PSYoungGen: 205019K->1386K(200640K)] 275613K->72382K(887616K), 0.0050490 secs] [Times: user=0.02 sys=0.01, real=0.00 secs] 
2014-07-16T07:32:10.337+0000: 205.557: [GC [PSYoungGen: 200618K->580K(195584K)] 271614K->71624K(882560K), 0.0065610 secs] [Times: user=0.03 sys=0.01, real=0.01 secs] 
2014-07-16T07:32:11.036+0000: 206.256: [GC [PSYoungGen: 195485K->1360K(192192K)] 266529K->72484K(879168K), 0.0050350 secs] [Times: user=0.03 sys=0.00, real=0.00 secs] 
2014-07-16T07:32:11.722+0000: 206.942: [GC [PSYoungGen: 192144K->580K(187392K)] 263268K->71784K(874368K), 0.0040800 secs] [Times: user=0.02 sys=0.00, real=0.01 secs] 
2014-07-16T07:32:12.380+0000: 207.600: [GC [PSYoungGen: 187284K->890K(183744K)] 258488K->72198K(870720K), 0.0052530 secs] [Times: user=0.03 sys=0.00, real=0.01 secs] 
2014-07-16T07:32:13.050+0000: 208.270: [GC [PSYoungGen: 183738K->1058K(180160K)] 255046K->72430K(867136K), 0.0031960 secs] [Times: user=0.01 sys=0.00, real=0.01 secs] 
2014-07-16T07:32:13.685+0000: 208.905: [GC [PSYoungGen: 180130K->498K(175936K)] 251502K->71926K(862912K), 0.0051920 secs] [Times: user=0.03 sys=0.00, real=0.00 secs] 
2014-07-16T07:32:14.340+0000: 209.560: [GC [PSYoungGen: 175874K->1126K(173056K)] 247302K->72642K(860032K), 0.0030300 secs] [Times: user=0.01 sys=0.01, real=0.00 secs] 
2014-07-16T07:32:14.973+0000: 210.193: [GC [PSYoungGen: 172992K->1008K(169536K)] 244508K->72596K(856512K), 0.0038960 secs] [Times: user=0.02 sys=0.00, real=0.00 secs] 
2014-07-16T07:32:15.595+0000: 210.815: [GC [PSYoungGen: 169520K->726K(165952K)] 241108K->72386K(852928K), 0.0047210 secs] [Times: user=0.03 sys=0.00, real=0.00 secs] 
2014-07-16T07:32:16.176+0000: 211.396: [GC [PSYoungGen: 165893K->1208K(163200K)] 237553K->72956K(850176K), 0.0038690 secs] [Times: user=0.01 sys=0.00, real=0.00 secs] 
2014-07-16T07:32:16.749+0000: 211.968: [GC [PSYoungGen: 163192K->580K(159552K)] 234940K->72376K(846528K), 0.0062280 secs] [Times: user=0.03 sys=0.00, real=0.01 secs] 
2014-07-16T07:32:17.315+0000: 212.535: [GC [PSYoungGen: 159492K->740K(156672K)] 231288K->72640K(843648K), 0.0029080 secs] [Times: user=0.01 sys=0.01, real=0.00 secs] 
2014-07-16T07:32:17.895+0000: 213.115: [GC [PSYoungGen: 156644K->1022K(154048K)] 228544K->72994K(841024K), 0.0028650 secs] [Times: user=0.01 sys=0.00, real=0.00 secs] 
2014-07-16T07:32:18.432+0000: 213.652: [GC [PSYoungGen: 154046K->872K(151104K)] 226018K->72916K(838080K), 0.0030900 secs] [Times: user=0.02 sys=0.00, real=0.01 secs] 
2014-07-16T07:32:18.953+0000: 214.173: [GC [PSYoungGen: 151024K->1084K(148544K)] 223068K->73184K(835520K), 0.0045350 secs] [Times: user=0.02 sys=0.00, real=0.01 secs] 
2014-07-16T07:32:19.485+0000: 214.705: [GC [PSYoungGen: 148540K->640K(145472K)] 220640K->72796K(832448K), 0.0045360 secs] [Times: user=0.02 sys=0.00, real=0.00 secs] 
2014-07-16T07:32:20.011+0000: 215.231: [GC [PSYoungGen: 145430K->576K(142848K)] 217586K->72828K(829824K), 0.0051160 secs] [Times: user=0.03 sys=0.01, real=0.01 secs] 
2014-07-16T07:32:20.511+0000: 215.731: [GC [PSYoungGen: 142848K->1372K(141184K)] 215100K->73696K(828160K), 0.0034550 secs] [Times: user=0.02 sys=0.01, real=0.01 secs] 
2014-07-16T07:32:21.008+0000: 216.228: [GC [PSYoungGen: 141130K->908K(138304K)] 213455K->73296K(825280K), 0.0063970 secs] [Times: user=0.02 sys=0.01, real=0.01 secs] 
2014-07-16T07:32:21.495+0000: 216.715: [GC [PSYoungGen: 138223K->1012K(136000K)] 210612K->73536K(822976K), 0.0066440 secs] [Times: user=0.04 sys=0.00, real=0.00 secs] 
2014-07-16T07:32:21.983+0000: 217.203: [GC [PSYoungGen: 135988K->818K(133504K)] 208512K->73406K(820480K), 0.0041970 secs] [Times: user=0.02 sys=0.01, real=0.01 secs] 
2014-07-16T07:32:22.463+0000: 217.682: [GC [PSYoungGen: 133490K->994K(160256K)] 206078K->73654K(847232K), 0.0062750 secs] [Times: user=0.03 sys=0.00, real=0.01 secs] 
2014-07-16T07:32:23.047+0000: 218.267: [GC [PSYoungGen: 160226K->1058K(157312K)] 232886K->73806K(844288K), 0.0040470 secs] [Times: user=0.03 sys=0.00, real=0.00 secs] 
2014-07-16T07:32:23.620+0000: 218.840: [GC [PSYoungGen: 157282K->1008K(154304K)] 230030K->73860K(841280K), 0.0040800 secs] [Times: user=0.02 sys=0.00, real=0.00 secs] 
2014-07-16T07:32:24.194+0000: 219.414: [GC [PSYoungGen: 154204K->840K(151360K)] 227056K->73812K(838336K), 0.0036180 secs] [Times: user=0.02 sys=0.01, real=0.01 secs] 
2014-07-16T07:32:24.713+0000: 219.933: [GC [PSYoungGen: 151281K->990K(148736K)] 224253K->74116K(835712K), 0.0033490 secs] [Times: user=0.02 sys=0.00, real=0.01 secs] 
2014-07-16T07:32:25.242+0000: 220.462: [GC [PSYoungGen: 148702K->562K(145600K)] 221828K->73752K(832576K), 0.0049660 secs] [Times: user=0.03 sys=0.00, real=0.01 secs] 
2014-07-16T07:32:25.752+0000: 220.972: [GC [PSYoungGen: 145586K->1394K(143872K)] 218776K->74952K(830848K), 0.0039770 secs] [Times: user=0.02 sys=0.00, real=0.01 secs] 
2014-07-16T07:32:26.262+0000: 221.482: [GC [PSYoungGen: 143858K->690K(140672K)] 217416K->74368K(827648K), 0.0044070 secs] [Times: user=0.02 sys=0.00, real=0.01 secs] 
2014-07-16T07:32:26.768+0000: 221.988: [GC [PSYoungGen: 140658K->790K(138368K)] 214336K->74564K(825344K), 0.0056700 secs] [Times: user=0.03 sys=0.00, real=0.00 secs] 
2014-07-16T07:32:27.250+0000: 222.470: [GC [PSYoungGen: 138292K->1094K(136320K)] 212067K->74948K(823296K), 0.0048760 secs] [Times: user=0.02 sys=0.00, real=0.01 secs] 
2014-07-16T07:32:27.816+0000: 223.036: [GC [PSYoungGen: 136262K->1270K(134144K)] 210116K->75172K(821120K), 0.0041290 secs] [Times: user=0.01 sys=0.00, real=0.00 secs] 
2014-07-16T07:32:28.217+0000: 223.437: [GC [PSYoungGen: 134134K->1172K(131840K)] 208036K->75162K(818816K), 0.0041480 secs] [Times: user=0.02 sys=0.00, real=0.00 secs] 
2014-07-16T07:32:28.685+0000: 223.905: [GC [PSYoungGen: 131796K->900K(129408K)] 205786K->74970K(816384K), 0.0027430 secs] [Times: user=0.02 sys=0.00, real=0.00 secs] 
2014-07-16T07:32:29.142+0000: 224.362: [GC [PSYoungGen: 129311K->1080K(127424K)] 203382K->75230K(814400K), 0.0049390 secs] [Times: user=0.02 sys=0.00, real=0.01 secs] 
2014-07-16T07:32:29.604+0000: 224.824: [GC [PSYoungGen: 127402K->1086K(125376K)] 201552K->75300K(812352K), 0.0028740 secs] [Times: user=0.01 sys=0.01, real=0.01 secs] 
2014-07-16T07:32:30.054+0000: 225.274: [GC [PSYoungGen: 125372K->972K(123328K)] 199587K->75290K(810304K), 0.0043300 secs] [Times: user=0.02 sys=0.01, real=0.01 secs] 
2014-07-16T07:32:30.493+0000: 225.713: [GC [PSYoungGen: 123276K->944K(121344K)] 197594K->75334K(808320K), 0.0065690 secs] [Times: user=0.04 sys=0.00, real=0.01 secs] 
2014-07-16T07:32:30.932+0000: 226.152: [GC [PSYoungGen: 121328K->1522K(146048K)] 195718K->76410K(833024K), 0.0064170 secs] [Times: user=0.04 sys=0.00, real=0.01 secs] 
2014-07-16T07:32:31.439+0000: 226.659: [GC [PSYoungGen: 146034K->638K(142592K)] 220922K->75930K(829568K), 0.0032750 secs] [Times: user=0.02 sys=0.00, real=0.00 secs] 
2014-07-16T07:32:31.934+0000: 227.154: [GC [PSYoungGen: 142590K->1522K(140992K)] 217882K->76944K(827968K), 0.0039590 secs] [Times: user=0.01 sys=0.00, real=0.01 secs] 
2014-07-16T07:32:32.446+0000: 227.666: [GC [PSYoungGen: 140978K->918K(137984K)] 216400K->76720K(824960K), 0.0056680 secs] [Times: user=0.03 sys=0.00, real=0.01 secs] 
2014-07-16T07:32:32.979+0000: 228.199: [GC [PSYoungGen: 137942K->1386K(136064K)] 213744K->77300K(823040K), 0.0042720 secs] [Times: user=0.02 sys=0.00, real=0.00 secs] 
2014-07-16T07:32:33.466+0000: 228.686: [GC [PSYoungGen: 136042K->1232K(133632K)] 211956K->77194K(820608K), 0.0039540 secs] [Times: user=0.01 sys=0.00, real=0.00 secs] 
2014-07-16T07:32:33.939+0000: 229.159: [GC [PSYoungGen: 133584K->954K(131072K)] 209546K->76980K(818048K), 0.0054360 secs] [Times: user=0.02 sys=0.00, real=0.00 secs] 
2014-07-16T07:32:34.421+0000: 229.641: [GC [PSYoungGen: 131038K->722K(128704K)] 207065K->76828K(815680K), 0.0049440 secs] [Times: user=0.03 sys=0.01, real=0.00 secs] 
2014-07-16T07:32:34.882+0000: 230.102: [GC [PSYoungGen: 128658K->644K(126528K)] 204764K->76846K(813504K), 0.0034580 secs] [Times: user=0.02 sys=0.00, real=0.01 secs] 
2014-07-16T07:32:35.325+0000: 230.545: [GC [PSYoungGen: 126443K->976K(152064K)] 202645K->77258K(839040K), 0.0098280 secs] [Times: user=0.06 sys=0.00, real=0.01 secs] 
2014-07-16T07:32:35.872+0000: 231.092: [GC [PSYoungGen: 152016K->786K(182080K)] 228298K->77148K(869056K), 0.0032920 secs] [Times: user=0.01 sys=0.00, real=0.00 secs] 
2014-07-16T07:32:36.518+0000: 231.738: [GC [PSYoungGen: 182034K->840K(178432K)] 258396K->77266K(865408K), 0.0034100 secs] [Times: user=0.01 sys=0.00, real=0.00 secs] 
2014-07-16T07:32:37.140+0000: 232.360: [GC [PSYoungGen: 178344K->1290K(175296K)] 254770K->77796K(862272K), 0.0064620 secs] [Times: user=0.03 sys=0.00, real=0.01 secs] 
2014-07-16T07:32:37.767+0000: 232.987: [GC [PSYoungGen: 175242K->658K(171200K)] 251748K->77260K(858176K), 0.0052370 secs] [Times: user=0.03 sys=0.00, real=0.01 secs] 
2014-07-16T07:32:38.390+0000: 233.610: [GC [PSYoungGen: 171154K->704K(167808K)] 247756K->77410K(854784K), 0.0036540 secs] [Times: user=0.01 sys=0.01, real=0.00 secs] 
2014-07-16T07:32:38.978+0000: 234.198: [GC [PSYoungGen: 167808K->1058K(164928K)] 244514K->77844K(851904K), 0.0050910 secs] [Times: user=0.03 sys=0.00, real=0.00 secs] 
2014-07-16T07:32:39.566+0000: 234.786: [GC [PSYoungGen: 164820K->1054K(161792K)] 241606K->77912K(848768K), 0.0032250 secs] [Times: user=0.01 sys=0.00, real=0.01 secs] 
2014-07-16T07:32:40.149+0000: 235.369: [GC [PSYoungGen: 161757K->722K(158400K)] 238615K->77660K(845376K), 0.0044060 secs] [Times: user=0.02 sys=0.00, real=0.00 secs] 
2014-07-16T07:32:40.711+0000: 235.931: [GC [PSYoungGen: 158347K->826K(155520K)] 235285K->77852K(842496K), 0.0040150 secs] [Times: user=0.01 sys=0.01, real=0.00 secs] 
2014-07-16T07:32:41.264+0000: 236.484: [GC [PSYoungGen: 155514K->480K(152320K)] 232540K->77562K(839296K), 0.0037100 secs] [Times: user=0.01 sys=0.00, real=0.01 secs] 
2014-07-16T07:32:41.807+0000: 237.027: [GC [PSYoungGen: 152288K->1036K(150144K)] 229370K->78198K(837120K), 0.0038750 secs] [Times: user=0.02 sys=0.00, real=0.01 secs] 
2014-07-16T07:32:42.341+0000: 237.561: [GC [PSYoungGen: 150006K->886K(177536K)] 227169K->78096K(864512K), 0.0119950 secs] [Times: user=0.05 sys=0.00, real=0.01 secs] 
2014-07-16T07:32:43.046+0000: 238.266: [GC [PSYoungGen: 176822K->1096K(173568K)] 254032K->78386K(860544K), 0.0062500 secs] [Times: user=0.03 sys=0.00, real=0.01 secs] 
2014-07-16T07:32:43.658+0000: 238.878: [GC [PSYoungGen: 173512K->420K(169472K)] 250802K->78213K(856448K), 0.0026610 secs] [Times: user=0.01 sys=0.00, real=0.00 secs] 
2014-07-16T07:32:44.270+0000: 239.490: [GC [PSYoungGen: 169444K->1458K(167168K)] 247237K->79473K(854144K), 0.0056870 secs] [Times: user=0.03 sys=0.00, real=0.00 secs] 
2014-07-16T07:32:44.860+0000: 240.080: [GC [PSYoungGen: 167154K->894K(163392K)] 245169K->79363K(850368K), 0.0049360 secs] [Times: user=0.03 sys=0.00, real=0.00 secs] 
2014-07-16T07:32:45.442+0000: 240.662: [GC [PSYoungGen: 163382K->1118K(160512K)] 241851K->79627K(847488K), 0.0051540 secs] [Times: user=0.01 sys=0.00, real=0.00 secs] 
2014-07-16T07:32:46.006+0000: 241.226: [GC [PSYoungGen: 160478K->640K(156992K)] 238987K->79253K(843968K), 0.0048000 secs] [Times: user=0.02 sys=0.01, real=0.01 secs] 
2014-07-16T07:32:46.569+0000: 241.789: [GC [PSYoungGen: 156992K->798K(154240K)] 235605K->79443K(841216K), 0.0074480 secs] [Times: user=0.05 sys=0.00, real=0.00 secs] 
2014-07-16T07:32:47.113+0000: 242.333: [GC [PSYoungGen: 154206K->726K(151360K)] 232851K->79451K(838336K), 0.0042920 secs] [Times: user=0.03 sys=0.01, real=0.00 secs] 
2014-07-16T07:32:47.657+0000: 242.877: [GC [PSYoungGen: 151278K->890K(148736K)] 230004K->79727K(835712K), 0.0036450 secs] [Times: user=0.03 sys=0.00, real=0.01 secs] 
2014-07-16T07:32:48.284+0000: 243.504: [GC [PSYoungGen: 148730K->958K(146112K)] 227567K->79851K(833088K), 0.0072000 secs] [Times: user=0.03 sys=0.00, real=0.01 secs] 
2014-07-16T07:32:48.775+0000: 243.995: [GC [PSYoungGen: 146110K->940K(143552K)] 225003K->79897K(830528K), 0.0039180 secs] [Times: user=0.02 sys=0.00, real=0.01 secs] 
2014-07-16T07:32:49.301+0000: 244.521: [GC [PSYoungGen: 143516K->952K(141056K)] 222474K->80309K(828032K), 0.0039490 secs] [Times: user=0.02 sys=0.00, real=0.00 secs] 
2014-07-16T07:32:49.786+0000: 245.006: [GC [PSYoungGen: 141030K->612K(138304K)] 220387K->80025K(825280K), 0.0032700 secs] [Times: user=0.01 sys=0.00, real=0.01 secs] 
2014-07-16T07:32:50.278+0000: 245.498: [GC [PSYoungGen: 138276K->1504K(136832K)] 217689K->81222K(823808K), 0.0030980 secs] [Times: user=0.01 sys=0.00, real=0.01 secs] 
2014-07-16T07:32:50.773+0000: 245.993: [GC [PSYoungGen: 136800K->1332K(134336K)] 216518K->81137K(821312K), 0.0046170 secs] [Times: user=0.02 sys=0.00, real=0.00 secs] 
2014-07-16T07:32:51.254+0000: 246.474: [GC [PSYoungGen: 134324K->768K(131520K)] 214129K->80677K(818496K), 0.0034820 secs] [Times: user=0.02 sys=0.00, real=0.00 secs] 
2014-07-16T07:32:51.726+0000: 246.946: [GC [PSYoungGen: 131520K->658K(129280K)] 211429K->80655K(816256K), 0.0043450 secs] [Times: user=0.02 sys=0.00, real=0.01 secs] 
2014-07-16T07:32:52.199+0000: 247.419: [GC [PSYoungGen: 129198K->1040K(127552K)] 209196K->81134K(814528K), 0.0050890 secs] [Times: user=0.03 sys=0.00, real=0.00 secs] 
2014-07-16T07:32:52.645+0000: 247.865: [GC [PSYoungGen: 127461K->1536K(126016K)] 207555K->81702K(812992K), 0.0032780 secs] [Times: user=0.01 sys=0.00, real=0.00 secs] 
2014-07-16T07:32:53.086+0000: 248.305: [GC [PSYoungGen: 125952K->812K(150144K)] 206118K->81065K(837120K), 0.0114420 secs] [Times: user=0.06 sys=0.01, real=0.02 secs] 
2014-07-16T07:32:53.642+0000: 248.862: [GC [PSYoungGen: 150124K->1318K(165504K)] 230377K->81635K(852480K), 0.0033200 secs] [Times: user=0.02 sys=0.00, real=0.00 secs] 
2014-07-16T07:32:54.203+0000: 249.423: [GC [PSYoungGen: 165030K->908K(161536K)] 245347K->81313K(848512K), 0.0028780 secs] [Times: user=0.02 sys=0.00, real=0.00 secs] 
2014-07-16T07:32:54.838+0000: 250.058: [GC [PSYoungGen: 161484K->1218K(158784K)] 241889K->81695K(845760K), 0.0069750 secs] [Times: user=0.04 sys=0.00, real=0.01 secs] 
2014-07-16T07:32:55.388+0000: 250.608: [GC [PSYoungGen: 158722K->694K(179328K)] 239199K->81203K(866304K), 0.0091270 secs] [Times: user=0.05 sys=0.00, real=0.01 secs] 
2014-07-16T07:32:56.030+0000: 251.249: [GC [PSYoungGen: 178614K->1172K(175552K)] 259123K->81729K(862528K), 0.0035390 secs] [Times: user=0.02 sys=0.00, real=0.00 secs] 
2014-07-16T07:32:56.654+0000: 251.873: [GC [PSYoungGen: 175508K->544K(171456K)] 256065K->81165K(858432K), 0.0033950 secs] [Times: user=0.01 sys=0.00, real=0.00 secs] 
2014-07-16T07:32:57.276+0000: 252.496: [GC [PSYoungGen: 171424K->690K(168192K)] 252045K->81367K(855168K), 0.0065090 secs] [Times: user=0.04 sys=0.00, real=0.01 secs] 
2014-07-16T07:32:57.869+0000: 253.089: [GC [PSYoungGen: 168162K->936K(165184K)] 248840K->81661K(852160K), 0.0038080 secs] [Times: user=0.01 sys=0.00, real=0.01 secs] 
2014-07-16T07:32:58.470+0000: 253.690: [GC [PSYoungGen: 165160K->822K(161920K)] 245885K->81619K(848896K), 0.0036110 secs] [Times: user=0.01 sys=0.00, real=0.00 secs] 
2014-07-16T07:32:59.046+0000: 254.266: [GC [PSYoungGen: 161876K->1058K(175936K)] 242674K->81903K(862912K), 0.0148150 secs] [Times: user=0.09 sys=0.00, real=0.02 secs] 
2014-07-16T07:32:59.677+0000: 254.897: [GC [PSYoungGen: 175313K->1294K(175936K)] 256159K->82220K(862912K), 0.0038820 secs] [Times: user=0.02 sys=0.00, real=0.01 secs] 
2014-07-16T07:33:00.305+0000: 255.525: [GC [PSYoungGen: 175630K->1054K(210752K)] 256556K->82011K(897728K), 0.0087190 secs] [Times: user=0.05 sys=0.01, real=0.01 secs] 
2014-07-16T07:33:01.074+0000: 256.294: [GC [PSYoungGen: 210270K->1282K(205888K)] 291227K->82327K(892864K), 0.0039810 secs] [Times: user=0.02 sys=0.00, real=0.00 secs] 
2014-07-16T07:33:01.808+0000: 257.028: [GC [PSYoungGen: 205824K->378K(200448K)] 286870K->82252K(887424K), 0.0051920 secs] [Times: user=0.02 sys=0.00, real=0.01 secs] 
2014-07-16T07:33:02.533+0000: 257.753: [GC [PSYoungGen: 200442K->1522K(197248K)] 282316K->83444K(884224K), 0.0072260 secs] [Times: user=0.05 sys=0.00, real=0.00 secs] 
2014-07-16T07:33:03.242+0000: 258.462: [GC [PSYoungGen: 197198K->794K(192384K)] 279120K->83262K(879360K), 0.0056280 secs] [Times: user=0.01 sys=0.01, real=0.00 secs] 
2014-07-16T07:33:03.946+0000: 259.166: [GC [PSYoungGen: 192327K->1040K(188608K)] 274795K->83572K(875584K), 0.0033350 secs] [Times: user=0.02 sys=0.00, real=0.00 secs] 
2014-07-16T07:33:04.625+0000: 259.845: [GC [PSYoungGen: 188536K->1054K(184704K)] 271068K->83674K(871680K), 0.0044060 secs] [Times: user=0.03 sys=0.00, real=0.00 secs] 
2014-07-16T07:33:05.302+0000: 260.522: [GC [PSYoungGen: 184622K->1080K(180928K)] 267242K->83716K(867904K), 0.0048480 secs] [Times: user=0.01 sys=0.00, real=0.00 secs] 
2014-07-16T07:33:05.930+0000: 261.150: [GC [PSYoungGen: 180920K->704K(176896K)] 263556K->83412K(863872K), 0.0051920 secs] [Times: user=0.02 sys=0.01, real=0.01 secs] 
2014-07-16T07:33:06.565+0000: 261.785: [GC [PSYoungGen: 176894K->994K(173696K)] 259603K->83758K(860672K), 0.0064300 secs] [Times: user=0.03 sys=0.00, real=0.01 secs] 
2014-07-16T07:33:07.177+0000: 262.397: [GC [PSYoungGen: 173663K->1112K(170368K)] 256427K->83924K(857344K), 0.0044160 secs] [Times: user=0.02 sys=0.00, real=0.01 secs] 
2014-07-16T07:33:07.787+0000: 263.007: [GC [PSYoungGen: 170327K->1004K(166912K)] 253139K->83872K(853888K), 0.0041630 secs] [Times: user=0.01 sys=0.00, real=0.01 secs] 
2014-07-16T07:33:08.460+0000: 263.680: [GC [PSYoungGen: 166862K->954K(163648K)] 249731K->84072K(850624K), 0.0078380 secs] [Times: user=0.04 sys=0.00, real=0.01 secs] 
2014-07-16T07:33:08.980+0000: 264.200: [GC [PSYoungGen: 163642K->994K(160576K)] 246760K->84226K(847552K), 0.0053210 secs] [Times: user=0.03 sys=0.00, real=0.01 secs] 
2014-07-16T07:33:09.546+0000: 264.766: [GC [PSYoungGen: 160546K->1008K(157568K)] 243778K->84452K(844544K), 0.0059670 secs] [Times: user=0.04 sys=0.00, real=0.01 secs] 
2014-07-16T07:33:10.102+0000: 265.322: [GC [PSYoungGen: 157552K->1358K(155008K)] 240996K->84874K(841984K), 0.0068560 secs] [Times: user=0.04 sys=0.00, real=0.01 secs] 
2014-07-16T07:33:10.658+0000: 265.878: [GC [PSYoungGen: 154927K->552K(151360K)] 238444K->84562K(838336K), 0.0050920 secs] [Times: user=0.03 sys=0.00, real=0.01 secs] 
2014-07-16T07:33:11.194+0000: 266.414: [GC [PSYoungGen: 151335K->1054K(149120K)] 235345K->85144K(836096K), 0.0030700 secs] [Times: user=0.02 sys=0.00, real=0.00 secs] 
2014-07-16T07:33:11.717+0000: 266.937: [GC [PSYoungGen: 149086K->980K(146368K)] 233176K->85234K(833344K), 0.0054390 secs] [Times: user=0.03 sys=0.00, real=0.01 secs] 
2014-07-16T07:33:12.250+0000: 267.470: [GC [PSYoungGen: 146323K->690K(143488K)] 230577K->85024K(830464K), 0.0034120 secs] [Times: user=0.01 sys=0.00, real=0.01 secs] 
2014-07-16T07:33:12.773+0000: 267.993: [GC [PSYoungGen: 143456K->900K(172352K)] 227790K->85298K(859328K), 0.0105660 secs] [Times: user=0.06 sys=0.00, real=0.01 secs] 
2014-07-16T07:33:13.393+0000: 268.613: [GC [PSYoungGen: 172292K->1460K(199488K)] 256690K->86018K(886464K), 0.0088210 secs] [Times: user=0.06 sys=0.00, real=0.00 secs] 
2014-07-16T07:33:14.137+0000: 269.357: [GC [PSYoungGen: 199476K->822K(207296K)] 284034K->85428K(894272K), 0.0091940 secs] [Times: user=0.05 sys=0.00, real=0.01 secs] 
2014-07-16T07:33:14.875+0000: 270.095: [GC [PSYoungGen: 206518K->918K(207296K)] 291124K->85746K(894272K), 0.0038340 secs] [Times: user=0.02 sys=0.00, real=0.00 secs] 
2014-07-16T07:33:15.647+0000: 270.866: [GC [PSYoungGen: 206576K->1072K(202240K)] 291405K->85988K(889216K), 0.0033810 secs] [Times: user=0.02 sys=0.00, real=0.00 secs] 
2014-07-16T07:33:16.329+0000: 271.548: [GC [PSYoungGen: 202205K->1064K(197888K)] 287121K->86068K(884864K), 0.0029150 secs] [Times: user=0.01 sys=0.00, real=0.00 secs] 
2014-07-16T07:33:17.042+0000: 272.262: [GC [PSYoungGen: 197864K->762K(193344K)] 282868K->85790K(880320K), 0.0054990 secs] [Times: user=0.02 sys=0.00, real=0.01 secs] 
2014-07-16T07:33:17.731+0000: 272.951: [GC [PSYoungGen: 193300K->890K(189376K)] 278328K->85998K(876352K), 0.0037060 secs] [Times: user=0.02 sys=0.00, real=0.01 secs] 
2014-07-16T07:33:18.416+0000: 273.636: [GC [PSYoungGen: 189301K->1154K(185728K)] 274409K->86366K(872704K), 0.0050110 secs] [Times: user=0.02 sys=0.00, real=0.00 secs] 
2014-07-16T07:33:19.082+0000: 274.302: [GC [PSYoungGen: 185606K->936K(181632K)] 270819K->86204K(868608K), 0.0038490 secs] [Times: user=0.01 sys=0.00, real=0.01 secs] 
2014-07-16T07:33:19.731+0000: 274.951: [GC [PSYoungGen: 181608K->704K(177664K)] 266876K->86044K(864640K), 0.0057290 secs] [Times: user=0.03 sys=0.00, real=0.01 secs] 
2014-07-16T07:33:20.362+0000: 275.582: [GC [PSYoungGen: 177630K->980K(174400K)] 262971K->86400K(861376K), 0.0051790 secs] [Times: user=0.02 sys=0.01, real=0.01 secs] 
2014-07-16T07:33:20.988+0000: 276.208: [GC [PSYoungGen: 174356K->512K(170432K)] 259776K->85988K(857408K), 0.0054440 secs] [Times: user=0.03 sys=0.00, real=0.01 secs] 
2014-07-16T07:33:21.594+0000: 276.814: [GC [PSYoungGen: 170432K->612K(167232K)] 255908K->86200K(854208K), 0.0030040 secs] [Times: user=0.02 sys=0.00, real=0.00 secs] 
2014-07-16T07:33:22.201+0000: 277.421: [GC [PSYoungGen: 167204K->858K(164224K)] 252792K->86542K(851200K), 0.0027330 secs] [Times: user=0.01 sys=0.00, real=0.01 secs] 
2014-07-16T07:33:22.833+0000: 278.053: [GC [PSYoungGen: 164186K->1368K(161600K)] 249870K->87290K(848576K), 0.0044760 secs] [Times: user=0.03 sys=0.00, real=0.01 secs] 
2014-07-16T07:33:23.372+0000: 278.592: [GC [PSYoungGen: 161560K->570K(157760K)] 247482K->86556K(844736K), 0.0044790 secs] [Times: user=0.02 sys=0.00, real=0.01 secs] 
2014-07-16T07:33:23.994+0000: 279.214: [GC [PSYoungGen: 157728K->1186K(155456K)] 243714K->87236K(842432K), 0.0089870 secs] [Times: user=0.06 sys=0.00, real=0.00 secs] 
2014-07-16T07:33:24.544+0000: 279.764: [GC [PSYoungGen: 155425K->790K(152192K)] 241475K->86986K(839168K), 0.0049670 secs] [Times: user=0.02 sys=0.00, real=0.00 secs] 
2014-07-16T07:33:25.086+0000: 280.306: [GC [PSYoungGen: 152150K->1054K(149696K)] 238346K->87314K(836672K), 0.0036660 secs] [Times: user=0.01 sys=0.00, real=0.00 secs] 
2014-07-16T07:33:25.633+0000: 280.853: [GC [PSYoungGen: 149662K->890K(146816K)] 235922K->87222K(833792K), 0.0031920 secs] [Times: user=0.02 sys=0.00, real=0.01 secs] 
2014-07-16T07:33:26.181+0000: 281.401: [GC [PSYoungGen: 146810K->1226K(144576K)] 233142K->87606K(831552K), 0.0030710 secs] [Times: user=0.01 sys=0.00, real=0.01 secs] 
2014-07-16T07:33:26.680+0000: 281.900: [GC [PSYoungGen: 144486K->830K(141568K)] 230866K->87378K(828544K), 0.0039420 secs] [Times: user=0.02 sys=0.00, real=0.01 secs] 
2014-07-16T07:33:27.184+0000: 282.404: [GC [PSYoungGen: 141566K->1090K(139456K)] 228114K->87702K(826432K), 0.0033880 secs] [Times: user=0.02 sys=0.01, real=0.00 secs] 
2014-07-16T07:33:27.690+0000: 282.910: [GC [PSYoungGen: 139394K->868K(136832K)] 226006K->87768K(823808K), 0.0026180 secs] [Times: user=0.01 sys=0.01, real=0.01 secs] 
2014-07-16T07:33:28.181+0000: 283.401: [GC [PSYoungGen: 136804K->794K(134464K)] 223704K->87750K(821440K), 0.0053480 secs] [Times: user=0.03 sys=0.00, real=0.01 secs] 
2014-07-16T07:33:28.654+0000: 283.874: [GC [PSYoungGen: 134426K->982K(132416K)] 221382K->87970K(819392K), 0.0071420 secs] [Times: user=0.02 sys=0.00, real=0.01 secs] 
2014-07-16T07:33:29.141+0000: 284.361: [GC [PSYoungGen: 132354K->1394K(130624K)] 219343K->88568K(817600K), 0.0034470 secs] [Times: user=0.01 sys=0.00, real=0.01 secs] 
2014-07-16T07:33:29.608+0000: 284.828: [GC [PSYoungGen: 130610K->438K(127552K)] 217784K->88070K(814528K), 0.0034670 secs] [Times: user=0.03 sys=0.00, real=0.00 secs] 
2014-07-16T07:33:30.075+0000: 285.295: [GC [PSYoungGen: 127542K->872K(125952K)] 215174K->88568K(812928K), 0.0071260 secs] [Times: user=0.04 sys=0.00, real=0.00 secs] 
2014-07-16T07:33:30.517+0000: 285.737: [GC [PSYoungGen: 125928K->808K(150912K)] 213624K->88584K(837888K), 0.0102400 secs] [Times: user=0.06 sys=0.00, real=0.01 secs] 
2014-07-16T07:33:31.047+0000: 286.267: [GC [PSYoungGen: 150888K->1312K(181440K)] 238664K->89169K(868416K), 0.0048070 secs] [Times: user=0.03 sys=0.00, real=0.00 secs] 
2014-07-16T07:33:31.704+0000: 286.924: [GC [PSYoungGen: 181368K->890K(217024K)] 269224K->88810K(904000K), 0.0046280 secs] [Times: user=0.02 sys=0.00, real=0.01 secs] 
2014-07-16T07:33:32.465+0000: 287.685: [GC [PSYoungGen: 217018K->826K(212032K)] 304938K->88826K(899008K), 0.0055300 secs] [Times: user=0.03 sys=0.00, real=0.00 secs] 
2014-07-16T07:33:33.225+0000: 288.445: [GC [PSYoungGen: 212026K->680K(207168K)] 300026K->88736K(894144K), 0.0038020 secs] [Times: user=0.02 sys=0.00, real=0.00 secs] 
2014-07-16T07:33:34.027+0000: 289.247: [GC [PSYoungGen: 207144K->940K(202880K)] 295200K->89076K(889856K), 0.0035740 secs] [Times: user=0.02 sys=0.00, real=0.00 secs] 
2014-07-16T07:33:34.721+0000: 289.941: [GC [PSYoungGen: 202860K->1008K(198528K)] 290996K->89232K(885504K), 0.0049750 secs] [Times: user=0.03 sys=0.00, real=0.01 secs] 
2014-07-16T07:33:35.437+0000: 290.657: [GC [PSYoungGen: 198487K->1104K(194432K)] 286712K->89400K(881408K), 0.0062940 secs] [Times: user=0.02 sys=0.01, real=0.00 secs] 
2014-07-16T07:33:36.145+0000: 291.365: [GC [PSYoungGen: 194384K->820K(190016K)] 282680K->89649K(876992K), 0.0056560 secs] [Times: user=0.03 sys=0.00, real=0.01 secs] 
2014-07-16T07:33:36.822+0000: 292.042: [GC [PSYoungGen: 190004K->1000K(186240K)] 278833K->89900K(873216K), 0.0045700 secs] [Times: user=0.02 sys=0.01, real=0.01 secs] 
2014-07-16T07:33:37.483+0000: 292.703: [GC [PSYoungGen: 186216K->512K(181888K)] 275116K->89550K(868864K), 0.0038760 secs] [Times: user=0.02 sys=0.01, real=0.01 secs] 
2014-07-16T07:33:38.151+0000: 293.371: [GC [PSYoungGen: 181888K->786K(178496K)] 270926K->89904K(865472K), 0.0039030 secs] [Times: user=0.01 sys=0.00, real=0.00 secs] 
2014-07-16T07:33:38.790+0000: 294.010: [GC [PSYoungGen: 178449K->1008K(175104K)] 267568K->90231K(862080K), 0.0036290 secs] [Times: user=0.02 sys=0.00, real=0.00 secs] 
2014-07-16T07:33:39.403+0000: 294.623: [GC [PSYoungGen: 175088K->890K(171520K)] 264311K->90184K(858496K), 0.0074290 secs] [Times: user=0.04 sys=0.01, real=0.01 secs] 
2014-07-16T07:33:40.027+0000: 295.247: [GC [PSYoungGen: 171458K->1072K(168320K)] 260753K->90515K(855296K), 0.0061380 secs] [Times: user=0.03 sys=0.00, real=0.00 secs] 
2014-07-16T07:33:40.614+0000: 295.834: [GC [PSYoungGen: 168304K->512K(164480K)] 257747K->90010K(851456K), 0.0085410 secs] [Times: user=0.04 sys=0.00, real=0.01 secs] 
2014-07-16T07:33:41.202+0000: 296.422: [GC [PSYoungGen: 164465K->936K(161792K)] 253964K->90522K(848768K), 0.0027860 secs] [Times: user=0.01 sys=0.01, real=0.00 secs] 
2014-07-16T07:33:41.785+0000: 297.005: [GC [PSYoungGen: 161768K->640K(158400K)] 251354K->90314K(845376K), 0.0038150 secs] [Times: user=0.01 sys=0.00, real=0.01 secs] 
2014-07-16T07:33:42.349+0000: 297.569: [GC [PSYoungGen: 158400K->894K(155712K)] 248074K->90649K(842688K), 0.0048680 secs] [Times: user=0.02 sys=0.00, real=0.00 secs] 
2014-07-16T07:33:42.913+0000: 298.133: [GC [PSYoungGen: 155710K->1342K(153280K)] 245465K->91177K(840256K), 0.0035560 secs] [Times: user=0.01 sys=0.01, real=0.00 secs] 
2014-07-16T07:33:43.439+0000: 298.659: [GC [PSYoungGen: 153278K->638K(182976K)] 243113K->90755K(869952K), 0.0099430 secs] [Times: user=0.05 sys=0.00, real=0.01 secs] 
2014-07-16T07:33:44.258+0000: 299.478: [GC [PSYoungGen: 182974K->1468K(180032K)] 273091K->91747K(867008K), 0.0052160 secs] [Times: user=0.03 sys=0.00, real=0.00 secs] 
2014-07-16T07:33:44.872+0000: 300.092: [GC [PSYoungGen: 180028K->854K(215168K)] 270307K->91545K(902144K), 0.0086910 secs] [Times: user=0.05 sys=0.00, real=0.01 secs] 
2014-07-16T07:33:45.631+0000: 300.851: [GC [PSYoungGen: 215096K->844K(210368K)] 305787K->91607K(897344K), 0.0049500 secs] [Times: user=0.03 sys=0.00, real=0.00 secs] 
2014-07-16T07:33:46.398+0000: 301.618: [GC [PSYoungGen: 210315K->1328K(206144K)] 301078K->92155K(893120K), 0.0030950 secs] [Times: user=0.02 sys=0.00, real=0.00 secs] 
2014-07-16T07:33:47.157+0000: 302.377: [GC [PSYoungGen: 206128K->1108K(201472K)] 296955K->92015K(888448K), 0.0062990 secs] [Times: user=0.03 sys=0.01, real=0.00 secs] 
2014-07-16T07:33:47.863+0000: 303.083: [GC [PSYoungGen: 201408K->884K(196864K)] 292315K->92141K(883840K), 0.0051450 secs] [Times: user=0.03 sys=0.00, real=0.01 secs] 
2014-07-16T07:33:48.569+0000: 303.789: [GC [PSYoungGen: 196852K->1476K(193280K)] 288109K->92805K(880256K), 0.0063360 secs] [Times: user=0.03 sys=0.00, real=0.00 secs] 
2014-07-16T07:33:49.291+0000: 304.511: [GC [PSYoungGen: 193220K->926K(188672K)] 284549K->92619K(875648K), 0.0054400 secs] [Times: user=0.03 sys=0.00, real=0.00 secs] 
2014-07-16T07:33:49.964+0000: 305.184: [GC [PSYoungGen: 188637K->676K(184512K)] 280330K->92441K(871488K), 0.0054970 secs] [Times: user=0.03 sys=0.00, real=0.01 secs] 
2014-07-16T07:33:50.641+0000: 305.861: [GC [PSYoungGen: 184478K->1040K(181120K)] 276243K->92893K(868096K), 0.0040120 secs] [Times: user=0.02 sys=0.01, real=0.00 secs] 
2014-07-16T07:33:51.305+0000: 306.525: [GC [PSYoungGen: 181017K->822K(177216K)] 272871K->92747K(864192K), 0.0031270 secs] [Times: user=0.02 sys=0.00, real=0.01 secs] 
2014-07-16T07:33:51.967+0000: 307.187: [GC [PSYoungGen: 177206K->808K(173696K)] 269131K->92805K(860672K), 0.0086460 secs] [Times: user=0.05 sys=0.00, real=0.01 secs] 
2014-07-16T07:33:52.577+0000: 307.797: [GC [PSYoungGen: 173672K->608K(170048K)] 265669K->92677K(857024K), 0.0037460 secs] [Times: user=0.03 sys=0.00, real=0.01 secs] 
2014-07-16T07:33:53.200+0000: 308.420: [GC [PSYoungGen: 170016K->1172K(167296K)] 262085K->93297K(854272K), 0.0049240 secs] [Times: user=0.03 sys=0.00, real=0.00 secs] 
2014-07-16T07:33:53.819+0000: 309.039: [GC [PSYoungGen: 167238K->1354K(164288K)] 259363K->93551K(851264K), 0.0052860 secs] [Times: user=0.03 sys=0.00, real=0.00 secs] 
2014-07-16T07:33:54.403+0000: 309.623: [GC [PSYoungGen: 164234K->616K(160384K)] 256431K->93397K(847360K), 0.0060920 secs] [Times: user=0.04 sys=0.00, real=0.01 secs] 
2014-07-16T07:33:54.973+0000: 310.193: [GC [PSYoungGen: 160360K->1576K(158336K)] 253141K->94453K(845312K), 0.0034010 secs] [Times: user=0.01 sys=0.01, real=0.00 secs] 
2014-07-16T07:33:55.545+0000: 310.765: [GC [PSYoungGen: 158312K->672K(154496K)] 251189K->93753K(841472K), 0.0038210 secs] [Times: user=0.02 sys=0.00, real=0.01 secs] 
2014-07-16T07:33:56.086+0000: 311.306: [GC [PSYoungGen: 154464K->1108K(152128K)] 247545K->94261K(839104K), 0.0053360 secs] [Times: user=0.04 sys=0.00, real=0.01 secs] 
2014-07-16T07:33:56.629+0000: 311.849: [GC [PSYoungGen: 152084K->826K(149056K)] 245237K->94059K(836032K), 0.0030470 secs] [Times: user=0.01 sys=0.00, real=0.00 secs] 
2014-07-16T07:33:57.164+0000: 312.384: [GC [PSYoungGen: 149001K->940K(146496K)] 242235K->94237K(833472K), 0.0040260 secs] [Times: user=0.02 sys=0.00, real=0.00 secs] 
2014-07-16T07:33:57.679+0000: 312.899: [GC [PSYoungGen: 146441K->1036K(144000K)] 239738K->94405K(830976K), 0.0032330 secs] [Times: user=0.01 sys=0.00, real=0.00 secs] 
2014-07-16T07:33:58.194+0000: 313.414: [GC [PSYoungGen: 143948K->890K(141312K)] 237317K->94339K(828288K), 0.0045990 secs] [Times: user=0.03 sys=0.00, real=0.00 secs] 
2014-07-16T07:33:58.698+0000: 313.918: [GC [PSYoungGen: 141306K->1022K(139008K)] 234755K->94567K(825984K), 0.0037730 secs] [Times: user=0.02 sys=0.00, real=0.01 secs] 
2014-07-16T07:33:59.262+0000: 314.482: [GC [PSYoungGen: 139006K->1060K(136704K)] 232551K->94685K(823680K), 0.0040030 secs] [Times: user=0.02 sys=0.00, real=0.00 secs] 
2014-07-16T07:33:59.680+0000: 314.900: [GC [PSYoungGen: 136676K->884K(134208K)] 230301K->94557K(821184K), 0.0053970 secs] [Times: user=0.03 sys=0.00, real=0.00 secs] 
2014-07-16T07:34:00.169+0000: 315.389: [GC [PSYoungGen: 134196K->790K(131904K)] 227869K->94575K(818880K), 0.0039520 secs] [Times: user=0.02 sys=0.01, real=0.01 secs] 
2014-07-16T07:34:00.639+0000: 315.859: [GC [PSYoungGen: 131862K->948K(129856K)] 225647K->94765K(816832K), 0.0030910 secs] [Times: user=0.01 sys=0.00, real=0.00 secs] 
2014-07-16T07:34:01.121+0000: 316.341: [GC [PSYoungGen: 129844K->1250K(128064K)] 223661K->95123K(815040K), 0.0048450 secs] [Times: user=0.02 sys=0.00, real=0.00 secs] 
2014-07-16T07:34:01.581+0000: 316.801: [GC [PSYoungGen: 128034K->744K(125504K)] 221907K->94697K(812480K), 0.0036100 secs] [Times: user=0.01 sys=0.00, real=0.00 secs] 
2014-07-16T07:34:02.035+0000: 317.255: [GC [PSYoungGen: 125479K->990K(123776K)] 219432K->95015K(810752K), 0.0029460 secs] [Times: user=0.01 sys=0.00, real=0.00 secs] 
2014-07-16T07:34:02.491+0000: 317.711: [GC [PSYoungGen: 123742K->972K(121856K)] 217767K->95069K(808832K), 0.0054920 secs] [Times: user=0.03 sys=0.00, real=0.00 secs] 
2014-07-16T07:34:02.910+0000: 318.130: [GC [PSYoungGen: 121804K->1140K(120064K)] 215901K->95333K(807040K), 0.0029900 secs] [Times: user=0.02 sys=0.00, real=0.00 secs] 
2014-07-16T07:34:03.340+0000: 318.560: [GC [PSYoungGen: 120052K->690K(143424K)] 214245K->94955K(830400K), 0.0079440 secs] [Times: user=0.06 sys=0.00, real=0.00 secs] 
2014-07-16T07:34:03.856+0000: 319.076: [GC [PSYoungGen: 143410K->704K(140928K)] 237675K->95073K(827904K), 0.0035790 secs] [Times: user=0.02 sys=0.01, real=0.00 secs] 
2014-07-16T07:34:04.401+0000: 319.621: [GC [PSYoungGen: 140928K->1322K(139136K)] 235297K->95747K(826112K), 0.0055640 secs] [Times: user=0.02 sys=0.01, real=0.00 secs] 
2014-07-16T07:34:04.843+0000: 320.062: [GC [PSYoungGen: 139086K->790K(136256K)] 233511K->95287K(823232K), 0.0049370 secs] [Times: user=0.02 sys=0.00, real=0.00 secs] 
2014-07-16T07:34:05.336+0000: 320.556: [GC [PSYoungGen: 136214K->894K(134016K)] 230711K->95463K(820992K), 0.0037560 secs] [Times: user=0.02 sys=0.00, real=0.01 secs] 
2014-07-16T07:34:05.793+0000: 321.013: [GC [PSYoungGen: 134009K->1040K(131968K)] 228579K->95665K(818944K), 0.0054770 secs] [Times: user=0.03 sys=0.00, real=0.00 secs] 
2014-07-16T07:34:06.262+0000: 321.482: [GC [PSYoungGen: 131920K->918K(129664K)] 226545K->95655K(816640K), 0.0037000 secs] [Times: user=0.02 sys=0.00, real=0.00 secs] 
2014-07-16T07:34:06.726+0000: 321.946: [GC [PSYoungGen: 129622K->868K(127488K)] 224359K->95669K(814464K), 0.0037610 secs] [Times: user=0.01 sys=0.00, real=0.01 secs] 
2014-07-16T07:34:07.186+0000: 322.406: [GC [PSYoungGen: 127420K->822K(152768K)] 222221K->95695K(839744K), 0.0097710 secs] [Times: user=0.06 sys=0.01, real=0.01 secs] 
2014-07-16T07:34:07.731+0000: 322.951: [GC [PSYoungGen: 152712K->662K(183040K)] 247586K->95599K(870016K), 0.0036580 secs] [Times: user=0.02 sys=0.00, real=0.00 secs] 
2014-07-16T07:34:08.376+0000: 323.596: [GC [PSYoungGen: 182998K->608K(179200K)] 277935K->95625K(866176K), 0.0045360 secs] [Times: user=0.02 sys=0.00, real=0.01 secs] 
2014-07-16T07:34:09.010+0000: 324.230: [GC [PSYoungGen: 179161K->694K(175616K)] 274179K->95775K(862592K), 0.0069740 secs] [Times: user=0.03 sys=0.00, real=0.01 secs] 
2014-07-16T07:34:09.643+0000: 324.863: [GC [PSYoungGen: 175606K->886K(172288K)] 270687K->96063K(859264K), 0.0039610 secs] [Times: user=0.03 sys=0.00, real=0.00 secs] 
2014-07-16T07:34:10.251+0000: 325.471: [GC [PSYoungGen: 172251K->986K(169024K)] 267429K->96267K(856000K), 0.0053570 secs] [Times: user=0.03 sys=0.00, real=0.01 secs] 
2014-07-16T07:34:10.852+0000: 326.072: [GC [PSYoungGen: 168986K->818K(165568K)] 264267K->96235K(852544K), 0.0043740 secs] [Times: user=0.02 sys=0.00, real=0.00 secs] 
2014-07-16T07:34:11.454+0000: 326.674: [GC [PSYoungGen: 165508K->1312K(162880K)] 260925K->96897K(849856K), 0.0035450 secs] [Times: user=0.01 sys=0.00, real=0.00 secs] 
2014-07-16T07:34:12.028+0000: 327.248: [GC [PSYoungGen: 162848K->566K(159040K)] 258433K->96377K(846016K), 0.0035350 secs] [Times: user=0.02 sys=0.00, real=0.01 secs] 
2014-07-16T07:34:12.598+0000: 327.818: [GC [PSYoungGen: 159027K->512K(155968K)] 254838K->96435K(842944K), 0.0035890 secs] [Times: user=0.02 sys=0.00, real=0.01 secs] 
2014-07-16T07:34:13.143+0000: 328.363: [GC [PSYoungGen: 155967K->786K(153408K)] 251891K->96805K(840384K), 0.0046290 secs] [Times: user=0.03 sys=0.00, real=0.00 secs] 
2014-07-16T07:34:13.697+0000: 328.917: [GC [PSYoungGen: 153359K->1226K(151040K)] 249379K->97301K(838016K), 0.0037640 secs] [Times: user=0.02 sys=0.01, real=0.00 secs] 
2014-07-16T07:34:14.235+0000: 329.455: [GC [PSYoungGen: 150985K->884K(147968K)] 247061K->97219K(834944K), 0.0028600 secs] [Times: user=0.01 sys=0.00, real=0.00 secs] 
2014-07-16T07:34:14.752+0000: 329.972: [GC [PSYoungGen: 147956K->1526K(145984K)] 244291K->97933K(832960K), 0.0037630 secs] [Times: user=0.02 sys=0.00, real=0.00 secs] 
2014-07-16T07:34:15.267+0000: 330.487: [GC [PSYoungGen: 145926K->680K(142592K)] 242333K->97247K(829568K), 0.0034110 secs] [Times: user=0.02 sys=0.00, real=0.00 secs] 
2014-07-16T07:34:15.778+0000: 330.998: [GC [PSYoungGen: 142568K->1400K(140800K)] 239135K->98039K(827776K), 0.0038640 secs] [Times: user=0.01 sys=0.00, real=0.00 secs] 
2014-07-16T07:34:16.289+0000: 331.509: [GC [PSYoungGen: 140791K->1262K(138240K)] 237430K->98089K(825216K), 0.0055660 secs] [Times: user=0.03 sys=0.00, real=0.01 secs] 
2014-07-16T07:34:16.766+0000: 331.986: [GC [PSYoungGen: 138222K->576K(135168K)] 235049K->97491K(822144K), 0.0037050 secs] [Times: user=0.01 sys=0.01, real=0.00 secs] 
2014-07-16T07:34:17.237+0000: 332.457: [GC [PSYoungGen: 135168K->930K(133248K)] 232083K->97869K(820224K), 0.0071630 secs] [Times: user=0.01 sys=0.00, real=0.01 secs] 
2014-07-16T07:34:17.711+0000: 332.931: [GC [PSYoungGen: 133212K->872K(130944K)] 230152K->97899K(817920K), 0.0029440 secs] [Times: user=0.02 sys=0.00, real=0.01 secs] 
2014-07-16T07:34:18.190+0000: 333.410: [GC [PSYoungGen: 130920K->808K(128704K)] 227947K->97939K(815680K), 0.0043050 secs] [Times: user=0.03 sys=0.00, real=0.01 secs] 
2014-07-16T07:34:18.642+0000: 333.862: [GC [PSYoungGen: 128679K->1090K(126912K)] 225811K->98301K(813888K), 0.0042000 secs] [Times: user=0.02 sys=0.00, real=0.00 secs] 
2014-07-16T07:34:19.086+0000: 334.306: [GC [PSYoungGen: 126850K->1144K(124864K)] 224061K->98451K(811840K), 0.0035590 secs] [Times: user=0.02 sys=0.01, real=0.00 secs] 
2014-07-16T07:34:19.609+0000: 334.829: [GC [PSYoungGen: 124856K->1598K(123328K)] 222163K->98977K(810304K), 0.0046750 secs] [Times: user=0.02 sys=0.00, real=0.01 secs] 
2014-07-16T07:34:19.988+0000: 335.208: [GC [PSYoungGen: 123324K->502K(120320K)] 220703K->98496K(807296K), 0.0028260 secs] [Times: user=0.02 sys=0.01, real=0.00 secs] 
2014-07-16T07:34:20.399+0000: 335.619: [GC [PSYoungGen: 120296K->1708K(119680K)] 218291K->99890K(806656K), 0.0029180 secs] [Times: user=0.01 sys=0.00, real=0.01 secs] 
2014-07-16T07:34:20.807+0000: 336.026: [GC [PSYoungGen: 119602K->1262K(117440K)] 217784K->100282K(804416K), 0.0061030 secs] [Times: user=0.04 sys=0.00, real=0.01 secs] 
2014-07-16T07:34:21.233+0000: 336.453: [GC [PSYoungGen: 117422K->1022K(115392K)] 216442K->100098K(802368K), 0.0036880 secs] [Times: user=0.01 sys=0.00, real=0.00 secs] 
2014-07-16T07:34:21.638+0000: 336.858: [GC [PSYoungGen: 115356K->1022K(113664K)] 214433K->100170K(800640K), 0.0030500 secs] [Times: user=0.02 sys=0.00, real=0.00 secs] 
2014-07-16T07:34:22.038+0000: 337.258: [GC [PSYoungGen: 113661K->836K(111872K)] 212809K->100040K(798848K), 0.0036230 secs] [Times: user=0.02 sys=0.01, real=0.00 secs] 
2014-07-16T07:34:22.427+0000: 337.647: [GC [PSYoungGen: 111812K->826K(110144K)] 211016K->100118K(797120K), 0.0052100 secs] [Times: user=0.02 sys=0.00, real=0.00 secs] 
2014-07-16T07:34:22.814+0000: 338.034: [GC [PSYoungGen: 110138K->776K(108544K)] 209430K->100140K(795520K), 0.0036950 secs] [Times: user=0.02 sys=0.00, real=0.00 secs] 
2014-07-16T07:34:23.211+0000: 338.431: [GC [PSYoungGen: 108488K->658K(106880K)] 207852K->100118K(793856K), 0.0046750 secs] [Times: user=0.03 sys=0.01, real=0.01 secs] 
2014-07-16T07:34:23.583+0000: 338.803: [GC [PSYoungGen: 106834K->1176K(128640K)] 206294K->100716K(815616K), 0.0069130 secs] [Times: user=0.04 sys=0.00, real=0.00 secs] 
2014-07-16T07:34:24.041+0000: 339.261: [GC [PSYoungGen: 128600K->908K(153920K)] 228140K->100536K(840896K), 0.0044560 secs] [Times: user=0.03 sys=0.00, real=0.01 secs] 
2014-07-16T07:34:24.696+0000: 339.916: [GC [PSYoungGen: 153867K->1542K(178048K)] 253496K->101234K(865024K), 0.0052840 secs] [Times: user=0.03 sys=0.00, real=0.00 secs] 
2014-07-16T07:34:25.251+0000: 340.471: [GC [PSYoungGen: 177814K->1390K(174208K)] 277507K->101162K(861184K), 0.0047160 secs] [Times: user=0.03 sys=0.00, real=0.01 secs] 
2014-07-16T07:34:25.870+0000: 341.090: [GC [PSYoungGen: 174189K->990K(170368K)] 273962K->100826K(857344K), 0.0038610 secs] [Times: user=0.01 sys=0.00, real=0.01 secs] 
2014-07-16T07:34:26.492+0000: 341.712: [GC [PSYoungGen: 170314K->1458K(167488K)] 270150K->101496K(854464K), 0.0044740 secs] [Times: user=0.02 sys=0.00, real=0.01 secs] 
2014-07-16T07:34:27.082+0000: 342.302: [GC [PSYoungGen: 167474K->858K(163712K)] 267512K->100984K(850688K), 0.0036510 secs] [Times: user=0.02 sys=0.00, real=0.01 secs] 
2014-07-16T07:34:27.675+0000: 342.895: [GC [PSYoungGen: 163674K->772K(160512K)] 263800K->100954K(847488K), 0.0045200 secs] [Times: user=0.02 sys=0.00, real=0.00 secs] 
2014-07-16T07:34:28.236+0000: 343.456: [GC [PSYoungGen: 160452K->1058K(157760K)] 260634K->101336K(844736K), 0.0042080 secs] [Times: user=0.02 sys=0.00, real=0.00 secs] 
2014-07-16T07:34:28.781+0000: 344.001: [GC [PSYoungGen: 157730K->480K(154240K)] 258008K->100854K(841216K), 0.0042660 secs] [Times: user=0.03 sys=0.00, real=0.01 secs] 
2014-07-16T07:34:29.332+0000: 344.552: [GC [PSYoungGen: 154208K->662K(151616K)] 254582K->101100K(838592K), 0.0063830 secs] [Times: user=0.03 sys=0.00, real=0.01 secs] 
2014-07-16T07:34:29.885+0000: 345.105: [GC [PSYoungGen: 151574K->1222K(149440K)] 252012K->101724K(836416K), 0.0039200 secs] [Times: user=0.02 sys=0.00, real=0.00 secs] 
2014-07-16T07:34:30.397+0000: 345.617: [GC [PSYoungGen: 149382K->1368K(146880K)] 249884K->101942K(833856K), 0.0033480 secs] [Times: user=0.02 sys=0.01, real=0.00 secs] 
2014-07-16T07:34:30.928+0000: 346.148: [GC [PSYoungGen: 146840K->858K(143744K)] 247414K->101472K(830720K), 0.0071310 secs] [Times: user=0.04 sys=0.00, real=0.01 secs] 
2014-07-16T07:34:31.439+0000: 346.659: [GC [PSYoungGen: 143706K->1494K(172992K)] 244320K->102148K(859968K), 0.0079510 secs] [Times: user=0.05 sys=0.00, real=0.01 secs] 
2014-07-16T07:34:32.057+0000: 347.277: [GC [PSYoungGen: 172950K->772K(168896K)] 273604K->101506K(855872K), 0.0049970 secs] [Times: user=0.03 sys=0.00, real=0.00 secs] 
2014-07-16T07:34:32.660+0000: 347.880: [GC [PSYoungGen: 168826K->898K(165760K)] 269561K->101696K(852736K), 0.0042330 secs] [Times: user=0.02 sys=0.00, real=0.01 secs] 
2014-07-16T07:34:33.275+0000: 348.495: [GC [PSYoungGen: 165698K->872K(162496K)] 266496K->101726K(849472K), 0.0038100 secs] [Times: user=0.02 sys=0.00, real=0.00 secs] 
2014-07-16T07:34:33.871+0000: 349.091: [GC [PSYoungGen: 162472K->1008K(159552K)] 263326K->101942K(846528K), 0.0048950 secs] [Times: user=0.03 sys=0.00, real=0.01 secs] 
2014-07-16T07:34:34.432+0000: 349.652: [GC [PSYoungGen: 159536K->744K(156288K)] 260470K->101766K(843264K), 0.0035270 secs] [Times: user=0.02 sys=0.00, real=0.01 secs] 
2014-07-16T07:34:34.995+0000: 350.215: [GC [PSYoungGen: 156248K->1140K(153792K)] 257270K->102226K(840768K), 0.0053480 secs] [Times: user=0.04 sys=0.00, real=0.00 secs] 
2014-07-16T07:34:35.548+0000: 350.768: [GC [PSYoungGen: 153780K->1076K(150912K)] 254866K->102226K(837888K), 0.0043100 secs] [Times: user=0.03 sys=0.00, real=0.00 secs] 
2014-07-16T07:34:36.088+0000: 351.308: [GC [PSYoungGen: 150883K->1454K(148544K)] 252033K->102668K(835520K), 0.0039650 secs] [Times: user=0.02 sys=0.00, real=0.00 secs] 
2014-07-16T07:34:36.622+0000: 351.842: [GC [PSYoungGen: 148499K->802K(145280K)] 249714K->102532K(832256K), 0.0029200 secs] [Times: user=0.01 sys=0.00, real=0.00 secs] 
2014-07-16T07:34:37.144+0000: 352.364: [GC [PSYoungGen: 145209K->890K(142784K)] 246940K->102700K(829760K), 0.0055140 secs] [Times: user=0.03 sys=0.00, real=0.01 secs] 
2014-07-16T07:34:37.650+0000: 352.870: [GC [PSYoungGen: 142778K->872K(140288K)] 244588K->103020K(827264K), 0.0031530 secs] [Times: user=0.02 sys=0.00, real=0.00 secs] 
2014-07-16T07:34:38.158+0000: 353.378: [GC [PSYoungGen: 140257K->826K(137792K)] 242405K->103030K(824768K), 0.0052270 secs] [Times: user=0.03 sys=0.00, real=0.00 secs] 
2014-07-16T07:34:38.640+0000: 353.860: [GC [PSYoungGen: 137775K->1072K(135680K)] 239980K->103348K(822656K), 0.0035700 secs] [Times: user=0.02 sys=0.00, real=0.00 secs] 
2014-07-16T07:34:39.118+0000: 354.338: [GC [PSYoungGen: 135664K->594K(132928K)] 237940K->102942K(819904K), 0.0046810 secs] [Times: user=0.02 sys=0.00, real=0.00 secs] 
2014-07-16T07:34:39.586+0000: 354.806: [GC [PSYoungGen: 132882K->1094K(131200K)] 235230K->103515K(818176K), 0.0043680 secs] [Times: user=0.02 sys=0.00, real=0.00 secs] 
2014-07-16T07:34:40.088+0000: 355.308: [GC [PSYoungGen: 131119K->1294K(129216K)] 233540K->103763K(816192K), 0.0034080 secs] [Times: user=0.02 sys=0.00, real=0.00 secs] 
2014-07-16T07:34:40.549+0000: 355.769: [GC [PSYoungGen: 129166K->822K(154304K)] 231635K->103354K(841280K), 0.0115410 secs] [Times: user=0.08 sys=0.01, real=0.01 secs] 
2014-07-16T07:34:41.086+0000: 356.306: [GC [PSYoungGen: 154294K->1144K(164224K)] 256826K->103740K(851200K), 0.0045750 secs] [Times: user=0.03 sys=0.00, real=0.00 secs] 
2014-07-16T07:34:41.665+0000: 356.885: [GC [PSYoungGen: 163704K->730K(160192K)] 266300K->103398K(847168K), 0.0029380 secs] [Times: user=0.01 sys=0.00, real=0.00 secs] 
2014-07-16T07:34:42.242+0000: 357.462: [GC [PSYoungGen: 160154K->712K(157184K)] 262822K->103444K(844160K), 0.0044220 secs] [Times: user=0.03 sys=0.00, real=0.01 secs] 
2014-07-16T07:34:42.806+0000: 358.026: [GC [PSYoungGen: 157078K->1008K(154496K)] 259811K->103828K(841472K), 0.0041780 secs] [Times: user=0.02 sys=0.00, real=0.00 secs] 
2014-07-16T07:34:43.368+0000: 358.588: [GC [PSYoungGen: 154480K->918K(151616K)] 257300K->103842K(838592K), 0.0025720 secs] [Times: user=0.02 sys=0.00, real=0.00 secs] 
2014-07-16T07:34:43.889+0000: 359.109: [GC [PSYoungGen: 151565K->876K(148800K)] 254490K->103872K(835776K), 0.0050780 secs] [Times: user=0.02 sys=0.00, real=0.00 secs] 
2014-07-16T07:34:44.417+0000: 359.637: [GC [PSYoungGen: 148748K->986K(146240K)] 251744K->104070K(833216K), 0.0031190 secs] [Times: user=0.01 sys=0.00, real=0.00 secs] 
2014-07-16T07:34:44.999+0000: 360.219: [GC [PSYoungGen: 146202K->1076K(143744K)] 249286K->104328K(830720K), 0.0048540 secs] [Times: user=0.02 sys=0.00, real=0.00 secs] 
2014-07-16T07:34:45.499+0000: 360.719: [GC [PSYoungGen: 143732K->844K(141056K)] 246984K->104152K(828032K), 0.0075500 secs] [Times: user=0.04 sys=0.00, real=0.01 secs] 
2014-07-16T07:34:45.992+0000: 361.212: [GC [PSYoungGen: 140979K->930K(138688K)] 244287K->104310K(825664K), 0.0044470 secs] [Times: user=0.02 sys=0.00, real=0.01 secs] 
2014-07-16T07:34:46.468+0000: 361.688: [GC [PSYoungGen: 138658K->708K(136128K)] 242038K->104120K(823104K), 0.0043410 secs] [Times: user=0.01 sys=0.01, real=0.00 secs] 
2014-07-16T07:34:46.948+0000: 362.168: [GC [PSYoungGen: 136068K->890K(133952K)] 239480K->104390K(820928K), 0.0034460 secs] [Times: user=0.01 sys=0.00, real=0.00 secs] 
2014-07-16T07:34:47.428+0000: 362.648: [GC [PSYoungGen: 133946K->922K(131776K)] 237446K->104502K(818752K), 0.0048380 secs] [Times: user=0.02 sys=0.00, real=0.00 secs] 
2014-07-16T07:34:47.895+0000: 363.115: [GC [PSYoungGen: 131738K->704K(129344K)] 235318K->104380K(816320K), 0.0041990 secs] [Times: user=0.02 sys=0.00, real=0.01 secs] 
2014-07-16T07:34:48.397+0000: 363.617: [GC [PSYoungGen: 129344K->1328K(155712K)] 233020K->105076K(842688K), 0.0086220 secs] [Times: user=0.05 sys=0.01, real=0.00 secs] 
2014-07-16T07:34:48.949+0000: 364.169: [GC [PSYoungGen: 155696K->690K(177408K)] 259444K->104590K(864384K), 0.0099520 secs] [Times: user=0.06 sys=0.00, real=0.01 secs] 
2014-07-16T07:34:49.574+0000: 364.794: [GC [PSYoungGen: 177394K->758K(178176K)] 281294K->104730K(865152K), 0.0031550 secs] [Times: user=0.01 sys=0.00, real=0.01 secs] 
2014-07-16T07:34:50.232+0000: 365.452: [GC [PSYoungGen: 177462K->798K(173952K)] 281434K->104810K(860928K), 0.0031560 secs] [Times: user=0.01 sys=0.00, real=0.00 secs] 
2014-07-16T07:34:50.862+0000: 366.082: [GC [PSYoungGen: 173899K->926K(170624K)] 277912K->105018K(857600K), 0.0044900 secs] [Times: user=0.03 sys=0.00, real=0.01 secs] 
2014-07-16T07:34:51.479+0000: 366.699: [GC [PSYoungGen: 170557K->1072K(167424K)] 274650K->105228K(854400K), 0.0071760 secs] [Times: user=0.04 sys=0.00, real=0.00 secs] 
2014-07-16T07:34:52.065+0000: 367.285: [GC [PSYoungGen: 167397K->1062K(164224K)] 271554K->105290K(851200K), 0.0033970 secs] [Times: user=0.01 sys=0.00, real=0.01 secs] 
2014-07-16T07:34:52.660+0000: 367.880: [GC [PSYoungGen: 164198K->702K(160704K)] 268426K->105249K(847680K), 0.0031820 secs] [Times: user=0.01 sys=0.00, real=0.00 secs] 
2014-07-16T07:34:53.258+0000: 368.478: [GC [PSYoungGen: 160702K->794K(157824K)] 265249K->105397K(844800K), 0.0050310 secs] [Times: user=0.03 sys=0.01, real=0.00 secs] 
2014-07-16T07:34:53.812+0000: 369.032: [GC [PSYoungGen: 157748K->826K(154880K)] 262351K->105525K(841856K), 0.0066370 secs] [Times: user=0.04 sys=0.00, real=0.01 secs] 
2014-07-16T07:34:54.375+0000: 369.595: [GC [PSYoungGen: 154872K->758K(151936K)] 259571K->105545K(838912K), 0.0058220 secs] [Times: user=0.03 sys=0.00, real=0.01 secs] 
2014-07-16T07:34:54.908+0000: 370.128: [GC [PSYoungGen: 151926K->562K(148992K)] 256713K->105421K(835968K), 0.0049990 secs] [Times: user=0.03 sys=0.00, real=0.00 secs] 
2014-07-16T07:34:55.485+0000: 370.705: [GC [PSYoungGen: 148978K->758K(146496K)] 253837K->105689K(833472K), 0.0072440 secs] [Times: user=0.04 sys=0.01, real=0.01 secs] 
2014-07-16T07:34:56.009+0000: 371.229: [GC [PSYoungGen: 146486K->880K(175808K)] 251417K->105867K(862784K), 0.0063030 secs] [Times: user=0.03 sys=0.00, real=0.00 secs] 
2014-07-16T07:34:56.636+0000: 371.856: [GC [PSYoungGen: 175792K->416K(171840K)] 280779K->105467K(858816K), 0.0040270 secs] [Times: user=0.02 sys=0.00, real=0.01 secs] 
2014-07-16T07:34:57.259+0000: 372.479: [GC [PSYoungGen: 171808K->722K(168768K)] 276859K->105877K(855744K), 0.0055210 secs] [Times: user=0.04 sys=0.00, real=0.00 secs] 
2014-07-16T07:34:57.845+0000: 373.065: [GC [PSYoungGen: 168715K->1276K(166016K)] 273870K->106561K(852992K), 0.0032270 secs] [Times: user=0.01 sys=0.00, real=0.01 secs] 
2014-07-16T07:34:58.435+0000: 373.655: [GC [PSYoungGen: 165971K->562K(162112K)] 271256K->106289K(849088K), 0.0051910 secs] [Times: user=0.03 sys=0.00, real=0.01 secs] 
2014-07-16T07:34:59.027+0000: 374.247: [GC [PSYoungGen: 162076K->1440K(159936K)] 267803K->107247K(846912K), 0.0070890 secs] [Times: user=0.05 sys=0.00, real=0.01 secs] 
2014-07-16T07:34:59.586+0000: 374.806: [GC [PSYoungGen: 159896K->740K(156224K)] 265703K->106945K(843200K), 0.0063720 secs] [Times: user=0.01 sys=0.00, real=0.01 secs] 
2014-07-16T07:35:00.194+0000: 375.414: [GC [PSYoungGen: 156196K->1414K(154048K)] 262401K->107683K(841024K), 0.0048420 secs] [Times: user=0.01 sys=0.00, real=0.01 secs] 
2014-07-16T07:35:00.695+0000: 375.915: [GC [PSYoungGen: 153951K->826K(150592K)] 260221K->107159K(837568K), 0.0049090 secs] [Times: user=0.03 sys=0.00, real=0.01 secs] 
2014-07-16T07:35:01.233+0000: 376.453: [GC [PSYoungGen: 150547K->1122K(148224K)] 256881K->107567K(835200K), 0.0040880 secs] [Times: user=0.03 sys=0.01, real=0.00 secs] 
2014-07-16T07:35:01.756+0000: 376.976: [GC [PSYoungGen: 148194K->1068K(145536K)] 254639K->107577K(832512K), 0.0048670 secs] [Times: user=0.02 sys=0.00, real=0.01 secs] 
2014-07-16T07:35:02.280+0000: 377.500: [GC [PSYoungGen: 145516K->608K(142528K)] 252025K->107181K(829504K), 0.0051580 secs] [Times: user=0.03 sys=0.00, real=0.00 secs] 
2014-07-16T07:35:02.783+0000: 378.003: [GC [PSYoungGen: 142496K->730K(171072K)] 249069K->107335K(858048K), 0.0070660 secs] [Times: user=0.04 sys=0.00, real=0.01 secs] 
2014-07-16T07:35:03.391+0000: 378.611: [GC [PSYoungGen: 171034K->900K(167936K)] 277639K->107585K(854912K), 0.0036310 secs] [Times: user=0.02 sys=0.00, real=0.00 secs] 
2014-07-16T07:35:03.979+0000: 379.199: [GC [PSYoungGen: 167876K->808K(164544K)] 274561K->107581K(851520K), 0.0033130 secs] [Times: user=0.02 sys=0.00, real=0.01 secs] 
2014-07-16T07:35:04.564+0000: 379.784: [GC [PSYoungGen: 164520K->950K(161536K)] 271293K->107811K(848512K), 0.0035450 secs] [Times: user=0.02 sys=0.01, real=0.00 secs] 
2014-07-16T07:35:05.216+0000: 380.436: [GC [PSYoungGen: 161443K->1314K(158848K)] 268304K->108559K(845824K), 0.0031960 secs] [Times: user=0.02 sys=0.00, real=0.01 secs] 
2014-07-16T07:35:05.728+0000: 380.948: [GC [PSYoungGen: 158818K->676K(155264K)] 266063K->108001K(842240K), 0.0045860 secs] [Times: user=0.03 sys=0.01, real=0.01 secs] 
2014-07-16T07:35:06.282+0000: 381.502: [GC [PSYoungGen: 155236K->976K(152704K)] 262561K->108365K(839680K), 0.0074460 secs] [Times: user=0.04 sys=0.00, real=0.01 secs] 
2014-07-16T07:35:06.808+0000: 382.028: [GC [PSYoungGen: 152656K->1458K(150400K)] 260045K->108927K(837376K), 0.0033030 secs] [Times: user=0.02 sys=0.00, real=0.01 secs] 
2014-07-16T07:35:07.353+0000: 382.573: [GC [PSYoungGen: 150386K->754K(147008K)] 257855K->108553K(833984K), 0.0037880 secs] [Times: user=0.02 sys=0.00, real=0.00 secs] 
2014-07-16T07:35:07.861+0000: 383.081: [GC [PSYoungGen: 146993K->1236K(144896K)] 254793K->109091K(831872K), 0.0058070 secs] [Times: user=0.03 sys=0.00, real=0.00 secs] 
2014-07-16T07:35:08.388+0000: 383.608: [GC [PSYoungGen: 144806K->968K(142080K)] 252662K->108903K(829056K), 0.0059390 secs] [Times: user=0.04 sys=0.00, real=0.01 secs] 
2014-07-16T07:35:08.874+0000: 384.094: [GC [PSYoungGen: 142024K->1176K(139840K)] 249959K->109207K(826816K), 0.0042880 secs] [Times: user=0.02 sys=0.00, real=0.00 secs] 
2014-07-16T07:35:09.382+0000: 384.602: [GC [PSYoungGen: 139757K->1144K(137408K)] 247789K->109395K(824384K), 0.0055540 secs] [Times: user=0.03 sys=0.00, real=0.00 secs] 
2014-07-16T07:35:09.864+0000: 385.084: [GC [PSYoungGen: 137367K->1100K(135104K)] 245618K->109399K(822080K), 0.0045720 secs] [Times: user=0.01 sys=0.00, real=0.00 secs] 
2014-07-16T07:35:10.416+0000: 385.636: [GC [PSYoungGen: 135052K->1132K(132864K)] 243351K->109635K(819840K), 0.0050030 secs] [Times: user=0.02 sys=0.01, real=0.01 secs] 
2014-07-16T07:35:10.818+0000: 386.038: [GC [PSYoungGen: 132844K->736K(158848K)] 241347K->109319K(845824K), 0.0054170 secs] [Times: user=0.03 sys=0.00, real=0.01 secs] 
2014-07-16T07:35:11.393+0000: 386.613: [GC [PSYoungGen: 158816K->950K(156096K)] 267399K->109605K(843072K), 0.0048210 secs] [Times: user=0.03 sys=0.00, real=0.00 secs] 
2014-07-16T07:35:11.945+0000: 387.165: [GC [PSYoungGen: 156086K->762K(153024K)] 264741K->109473K(840000K), 0.0057050 secs] [Times: user=0.04 sys=0.00, real=0.01 secs] 
2014-07-16T07:35:12.496+0000: 387.716: [GC [PSYoungGen: 153018K->1072K(150528K)] 261729K->109855K(837504K), 0.0039260 secs] [Times: user=0.02 sys=0.00, real=0.01 secs] 
2014-07-16T07:35:13.044+0000: 388.264: [GC [PSYoungGen: 150512K->562K(147328K)] 259295K->109401K(834304K), 0.0056380 secs] [Times: user=0.03 sys=0.00, real=0.00 secs] 
2014-07-16T07:35:13.566+0000: 388.786: [GC [PSYoungGen: 147264K->1012K(145152K)] 256104K->109923K(832128K), 0.0030400 secs] [Times: user=0.01 sys=0.00, real=0.00 secs] 
2014-07-16T07:35:14.087+0000: 389.307: [GC [PSYoungGen: 145135K->812K(142400K)] 254046K->109779K(829376K), 0.0050600 secs] [Times: user=0.03 sys=0.00, real=0.01 secs] 
2014-07-16T07:35:14.586+0000: 389.806: [GC [PSYoungGen: 142348K->1248K(171200K)] 251316K->110451K(858176K), 0.0081530 secs] [Times: user=0.05 sys=0.00, real=0.01 secs] 
2014-07-16T07:35:15.184+0000: 390.404: [GC [PSYoungGen: 171168K->1190K(167808K)] 280371K->110449K(854784K), 0.0043370 secs] [Times: user=0.02 sys=0.00, real=0.00 secs] 
2014-07-16T07:35:15.790+0000: 391.010: [GC [PSYoungGen: 167782K->866K(164224K)] 277041K->110535K(851200K), 0.0043360 secs] [Times: user=0.03 sys=0.00, real=0.01 secs] 
2014-07-16T07:35:16.362+0000: 391.582: [GC [PSYoungGen: 164179K->1154K(161408K)] 273849K->110903K(848384K), 0.0065730 secs] [Times: user=0.02 sys=0.00, real=0.00 secs] 
2014-07-16T07:35:16.944+0000: 392.164: [GC [PSYoungGen: 161346K->1266K(158464K)] 271095K->111674K(845440K), 0.0044970 secs] [Times: user=0.01 sys=0.01, real=0.00 secs] 
2014-07-16T07:35:17.520+0000: 392.740: [GC [PSYoungGen: 158434K->1044K(155328K)] 268841K->111499K(842304K), 0.0032820 secs] [Times: user=0.02 sys=0.00, real=0.01 secs] 
2014-07-16T07:35:18.069+0000: 393.289: [GC [PSYoungGen: 155284K->1022K(152384K)] 265739K->111623K(839360K), 0.0028360 secs] [Times: user=0.01 sys=0.00, real=0.01 secs] 
2014-07-16T07:35:18.608+0000: 393.828: [GC [PSYoungGen: 152382K->1254K(149888K)] 262983K->111951K(836864K), 0.0034310 secs] [Times: user=0.02 sys=0.00, real=0.01 secs] 
2014-07-16T07:35:19.138+0000: 394.358: [GC [PSYoungGen: 149849K->776K(146752K)] 260547K->111537K(833728K), 0.0079740 secs] [Times: user=0.04 sys=0.01, real=0.01 secs] 
2014-07-16T07:35:19.665+0000: 394.885: [GC [PSYoungGen: 146696K->940K(144256K)] 257457K->111757K(831232K), 0.0043230 secs] [Times: user=0.01 sys=0.00, real=0.00 secs] 
2014-07-16T07:35:20.177+0000: 395.397: [GC [PSYoungGen: 144209K->780K(172800K)] 255027K->111637K(859776K), 0.0100510 secs] [Times: user=0.06 sys=0.00, real=0.01 secs] 
2014-07-16T07:35:20.824+0000: 396.044: [GC [PSYoungGen: 172747K->1076K(180288K)] 283605K->112005K(867264K), 0.0051560 secs] [Times: user=0.03 sys=0.00, real=0.00 secs] 
2014-07-16T07:35:21.447+0000: 396.667: [GC [PSYoungGen: 179636K->658K(208000K)] 290565K->111659K(894976K), 0.0061900 secs] [Times: user=0.04 sys=0.00, real=0.01 secs] 
2014-07-16T07:35:22.180+0000: 397.400: [GC [PSYoungGen: 206994K->994K(202816K)] 317995K->112099K(889792K), 0.0043780 secs] [Times: user=0.02 sys=0.01, real=0.01 secs] 
2014-07-16T07:35:22.922+0000: 398.142: [GC [PSYoungGen: 202786K->744K(198144K)] 313891K->111963K(885120K), 0.0031160 secs] [Times: user=0.01 sys=0.00, real=0.01 secs] 
2014-07-16T07:35:23.639+0000: 398.859: [GC [PSYoungGen: 198114K->990K(194176K)] 309333K->112273K(881152K), 0.0041720 secs] [Times: user=0.02 sys=0.01, real=0.01 secs] 
2014-07-16T07:35:24.350+0000: 399.570: [GC [PSYoungGen: 194142K->890K(189952K)] 305425K->112253K(876928K), 0.0030810 secs] [Times: user=0.01 sys=0.01, real=0.01 secs] 
2014-07-16T07:35:25.028+0000: 400.248: [GC [PSYoungGen: 189846K->1158K(186304K)] 301210K->112577K(873280K), 0.0031550 secs] [Times: user=0.01 sys=0.00, real=0.00 secs] 
2014-07-16T07:35:25.768+0000: 400.988: [GC [PSYoungGen: 186246K->1012K(182272K)] 297665K->112529K(869248K), 0.0067160 secs] [Times: user=0.03 sys=0.00, real=0.01 secs] 
2014-07-16T07:35:26.348+0000: 401.568: [GC [PSYoungGen: 182260K->940K(178496K)] 293777K->112529K(865472K), 0.0036200 secs] [Times: user=0.01 sys=0.00, real=0.00 secs] 
2014-07-16T07:35:26.990+0000: 402.210: [GC [PSYoungGen: 178437K->922K(174912K)] 290027K->112559K(861888K), 0.0073820 secs] [Times: user=0.04 sys=0.00, real=0.01 secs] 
2014-07-16T07:35:27.618+0000: 402.838: [GC [PSYoungGen: 174874K->868K(171392K)] 286511K->112585K(858368K), 0.0084600 secs] [Times: user=0.05 sys=0.00, real=0.01 secs] 
2014-07-16T07:35:28.242+0000: 403.462: [GC [PSYoungGen: 171364K->726K(167872K)] 283081K->112499K(854848K), 0.0033790 secs] [Times: user=0.02 sys=0.00, real=0.01 secs] 
2014-07-16T07:35:28.839+0000: 404.059: [GC [PSYoungGen: 167830K->758K(164608K)] 279603K->112627K(851584K), 0.0064220 secs] [Times: user=0.04 sys=0.00, real=0.01 secs] 
2014-07-16T07:35:29.418+0000: 404.638: [GC [PSYoungGen: 164598K->676K(161408K)] 276467K->112609K(848384K), 0.0055070 secs] [Times: user=0.02 sys=0.00, real=0.01 secs] 
2014-07-16T07:35:30.002+0000: 405.221: [GC [PSYoungGen: 161380K->736K(158400K)] 273313K->112757K(845376K), 0.0027450 secs] [Times: user=0.01 sys=0.00, real=0.01 secs] 
2014-07-16T07:35:30.648+0000: 405.868: [GC [PSYoungGen: 158368K->928K(155648K)] 270389K->112973K(842624K), 0.0091300 secs] [Times: user=0.05 sys=0.00, real=0.01 secs] 
2014-07-16T07:35:31.138+0000: 406.358: [GC [PSYoungGen: 155598K->658K(186368K)] 267644K->112759K(873344K), 0.0071530 secs] [Times: user=0.04 sys=0.00, real=0.01 secs] 
2014-07-16T07:35:31.806+0000: 407.026: [GC [PSYoungGen: 186290K->1012K(199168K)] 298392K->113169K(886144K), 0.0062120 secs] [Times: user=0.03 sys=0.00, real=0.00 secs] 
2014-07-16T07:35:32.495+0000: 407.715: [GC [PSYoungGen: 199092K->1316K(195136K)] 311249K->113834K(882112K), 0.0058050 secs] [Times: user=0.03 sys=0.00, real=0.00 secs] 
2014-07-16T07:35:33.176+0000: 408.396: [GC [PSYoungGen: 195037K->64K(189760K)] 307555K->113560K(876736K), 0.0063530 secs] [Times: user=0.03 sys=0.01, real=0.00 secs] 
2014-07-16T07:35:33.848+0000: 409.068: [GC [PSYoungGen: 189760K->1518K(187264K)] 303256K->115046K(874240K), 0.0045730 secs] [Times: user=0.02 sys=0.01, real=0.00 secs] 
2014-07-16T07:35:34.514+0000: 409.734: [GC [PSYoungGen: 187246K->1404K(183296K)] 300774K->115594K(870272K), 0.0036030 secs] [Times: user=0.01 sys=0.00, real=0.00 secs] 
2014-07-16T07:35:35.173+0000: 410.393: [GC [PSYoungGen: 183292K->612K(178816K)] 297482K->114882K(865792K), 0.0039580 secs] [Times: user=0.02 sys=0.00, real=0.01 secs] 
2014-07-16T07:35:35.852+0000: 411.072: [GC [PSYoungGen: 178788K->1544K(176192K)] 293058K->115862K(863168K), 0.0029650 secs] [Times: user=0.01 sys=0.00, real=0.01 secs] 
2014-07-16T07:35:36.432+0000: 411.652: [GC [PSYoungGen: 176136K->644K(171776K)] 290454K->115074K(858752K), 0.0042150 secs] [Times: user=0.03 sys=0.00, real=0.01 secs] 
2014-07-16T07:35:37.050+0000: 412.270: [GC [PSYoungGen: 171716K->1394K(169088K)] 286146K->115864K(856064K), 0.0081350 secs] [Times: user=0.04 sys=0.00, real=0.01 secs] 
2014-07-16T07:35:37.679+0000: 412.898: [GC [PSYoungGen: 169074K->1178K(165632K)] 283544K->115712K(852608K), 0.0055640 secs] [Times: user=0.03 sys=0.00, real=0.01 secs] 
2014-07-16T07:35:38.231+0000: 413.451: [GC [PSYoungGen: 165565K->862K(162112K)] 280099K->115460K(849088K), 0.0043030 secs] [Times: user=0.02 sys=0.00, real=0.01 secs] 
2014-07-16T07:35:38.803+0000: 414.023: [GC [PSYoungGen: 162053K->576K(158720K)] 276651K->115262K(845696K), 0.0066350 secs] [Times: user=0.04 sys=0.00, real=0.01 secs] 
2014-07-16T07:35:39.383+0000: 414.603: [GC [PSYoungGen: 158720K->1008K(156224K)] 273406K->115782K(843200K), 0.0052480 secs] [Times: user=0.03 sys=0.00, real=0.01 secs] 
2014-07-16T07:35:39.945+0000: 415.165: [GC [PSYoungGen: 156208K->726K(187008K)] 270982K->115524K(873984K), 0.0111620 secs] [Times: user=0.05 sys=0.01, real=0.01 secs] 
2014-07-16T07:35:40.602+0000: 415.822: [GC [PSYoungGen: 186966K->1258K(189888K)] 301764K->116112K(876864K), 0.0051310 secs] [Times: user=0.02 sys=0.00, real=0.01 secs] 
2014-07-16T07:35:41.288+0000: 416.508: [GC [PSYoungGen: 189354K->744K(184960K)] 304208K->115678K(871936K), 0.0057050 secs] [Times: user=0.02 sys=0.00, real=0.00 secs] 
2014-07-16T07:35:41.945+0000: 417.165: [GC [PSYoungGen: 184934K->680K(181120K)] 299869K->115678K(868096K), 0.0052880 secs] [Times: user=0.04 sys=0.00, real=0.00 secs] 
2014-07-16T07:35:42.606+0000: 417.825: [GC [PSYoungGen: 181096K->982K(177728K)] 296094K->116052K(864704K), 0.0033010 secs] [Times: user=0.02 sys=0.00, real=0.00 secs] 
2014-07-16T07:35:43.242+0000: 418.462: [GC [PSYoungGen: 177686K->918K(174080K)] 292756K->116068K(861056K), 0.0058310 secs] [Times: user=0.03 sys=0.00, real=0.01 secs] 
2014-07-16T07:35:43.870+0000: 419.090: [GC [PSYoungGen: 174038K->1154K(170880K)] 289188K->116376K(857856K), 0.0056580 secs] [Times: user=0.03 sys=0.00, real=0.01 secs] 
2014-07-16T07:35:44.465+0000: 419.685: [GC [PSYoungGen: 170818K->876K(167232K)] 286040K->116146K(854208K), 0.0061870 secs] [Times: user=0.03 sys=0.00, real=0.00 secs] 
2014-07-16T07:35:45.064+0000: 420.284: [GC [PSYoungGen: 167212K->608K(163776K)] 282482K->115926K(850752K), 0.0035270 secs] [Times: user=0.01 sys=0.00, real=0.01 secs] 
2014-07-16T07:35:45.656+0000: 420.876: [GC [PSYoungGen: 163744K->986K(161024K)] 279062K->116344K(848000K), 0.0035770 secs] [Times: user=0.02 sys=0.00, real=0.00 secs] 
2014-07-16T07:35:46.290+0000: 421.510: [GC [PSYoungGen: 160981K->958K(157952K)] 276339K->116380K(844928K), 0.0086240 secs] [Times: user=0.06 sys=0.00, real=0.01 secs] 
2014-07-16T07:35:46.847+0000: 422.067: [GC [PSYoungGen: 157950K->926K(155008K)] 273372K->116420K(841984K), 0.0040940 secs] [Times: user=0.02 sys=0.00, real=0.00 secs] 
2014-07-16T07:35:47.402+0000: 422.622: [GC [PSYoungGen: 154974K->1186K(183104K)] 270468K->116728K(870080K), 0.0091150 secs] [Times: user=0.05 sys=0.00, real=0.01 secs] 
2014-07-16T07:35:48.062+0000: 423.282: [GC [PSYoungGen: 182818K->544K(186304K)] 298360K->116182K(873280K), 0.0060860 secs] [Times: user=0.03 sys=0.00, real=0.01 secs] 
2014-07-16T07:35:48.732+0000: 423.951: [GC [PSYoungGen: 185376K->908K(181952K)] 301014K->116610K(868928K), 0.0064920 secs] [Times: user=0.04 sys=0.00, real=0.01 secs] 
2014-07-16T07:35:49.382+0000: 424.602: [GC [PSYoungGen: 181900K->624K(177920K)] 297602K->117014K(864896K), 0.0058970 secs] [Times: user=0.03 sys=0.00, real=0.01 secs] 
2014-07-16T07:35:50.026+0000: 425.246: [GC [PSYoungGen: 177877K->982K(174720K)] 294267K->117420K(861696K), 0.0042990 secs] [Times: user=0.01 sys=0.00, real=0.00 secs] 
2014-07-16T07:35:50.644+0000: 425.864: [GC [PSYoungGen: 174678K->762K(171008K)] 291116K->117454K(857984K), 0.0084020 secs] [Times: user=0.05 sys=0.00, real=0.01 secs] 
2014-07-16T07:35:51.305+0000: 426.525: [GC [PSYoungGen: 171002K->1114K(168064K)] 287694K->117878K(855040K), 0.0068650 secs] [Times: user=0.04 sys=0.00, real=0.01 secs] 
2014-07-16T07:35:51.896+0000: 427.116: [GC [PSYoungGen: 168026K->1072K(164736K)] 284790K->117884K(851712K), 0.0045150 secs] [Times: user=0.01 sys=0.00, real=0.00 secs] 
2014-07-16T07:35:52.474+0000: 427.694: [GC [PSYoungGen: 164720K->1012K(161536K)] 281532K->117864K(848512K), 0.0066520 secs] [Times: user=0.04 sys=0.00, real=0.01 secs] 
2014-07-16T07:35:53.055+0000: 428.275: [GC [PSYoungGen: 161524K->1004K(158464K)] 278376K->118269K(845440K), 0.0031820 secs] [Times: user=0.02 sys=0.00, real=0.01 secs] 
2014-07-16T07:35:53.612+0000: 428.832: [GC [PSYoungGen: 158444K->580K(181824K)] 275709K->117885K(868800K), 0.0099000 secs] [Times: user=0.06 sys=0.00, real=0.01 secs] 
2014-07-16T07:35:54.259+0000: 429.479: [GC [PSYoungGen: 180804K->676K(190528K)] 298109K->118111K(877504K), 0.0055640 secs] [Times: user=0.03 sys=0.00, real=0.00 secs] 
2014-07-16T07:35:54.923+0000: 430.143: [GC [PSYoungGen: 189574K->1030K(186048K)] 307009K->118513K(873024K), 0.0038350 secs] [Times: user=0.02 sys=0.01, real=0.01 secs] 
2014-07-16T07:35:55.619+0000: 430.839: [GC [PSYoungGen: 185990K->562K(181696K)] 303473K->118261K(868672K), 0.0028910 secs] [Times: user=0.01 sys=0.00, real=0.00 secs] 
2014-07-16T07:35:56.324+0000: 431.544: [GC [PSYoungGen: 181674K->1086K(178496K)] 299373K->118833K(865472K), 0.0041130 secs] [Times: user=0.02 sys=0.00, real=0.01 secs] 
2014-07-16T07:35:56.971+0000: 432.191: [GC [PSYoungGen: 178494K->872K(174720K)] 296241K->118849K(861696K), 0.0044200 secs] [Times: user=0.02 sys=0.00, real=0.00 secs] 
2014-07-16T07:35:57.602+0000: 432.822: [GC [PSYoungGen: 174681K->1462K(171840K)] 292658K->119545K(858816K), 0.0079910 secs] [Times: user=0.04 sys=0.00, real=0.01 secs] 
2014-07-16T07:35:58.217+0000: 433.437: [GC [PSYoungGen: 171830K->638K(187072K)] 289913K->119094K(874048K), 0.0133090 secs] [Times: user=0.08 sys=0.00, real=0.01 secs] 
2014-07-16T07:35:58.899+0000: 434.119: [GC [PSYoungGen: 187065K->926K(183488K)] 305521K->119470K(870464K), 0.0037010 secs] [Times: user=0.01 sys=0.00, real=0.00 secs] 
2014-07-16T07:35:59.558+0000: 434.778: [GC [PSYoungGen: 183454K->694K(179456K)] 301998K->119514K(866432K), 0.0064240 secs] [Times: user=0.03 sys=0.01, real=0.00 secs] 
2014-07-16T07:36:00.216+0000: 435.436: [GC [PSYoungGen: 179422K->1050K(186624K)] 298242K->119976K(873600K), 0.0080460 secs] [Times: user=0.05 sys=0.00, real=0.01 secs] 
2014-07-16T07:36:00.900+0000: 436.120: [GC [PSYoungGen: 186187K->1276K(182592K)] 305113K->120416K(869568K), 0.0031790 secs] [Times: user=0.02 sys=0.00, real=0.00 secs] 
2014-07-16T07:36:01.584+0000: 436.804: [GC [PSYoungGen: 182572K->940K(178560K)] 301712K->120160K(865536K), 0.0048150 secs] [Times: user=0.02 sys=0.00, real=0.01 secs] 
2014-07-16T07:36:02.216+0000: 437.436: [GC [PSYoungGen: 178540K->894K(174912K)] 297760K->120278K(861888K), 0.0032500 secs] [Times: user=0.01 sys=0.00, real=0.01 secs] 
2014-07-16T07:36:02.859+0000: 438.079: [GC [PSYoungGen: 174910K->1000K(171584K)] 294294K->120464K(858560K), 0.0037110 secs] [Times: user=0.02 sys=0.00, real=0.00 secs] 
2014-07-16T07:36:03.460+0000: 438.680: [GC [PSYoungGen: 171545K->1066K(168256K)] 291010K->120668K(855232K), 0.0060060 secs] [Times: user=0.04 sys=0.00, real=0.00 secs] 
2014-07-16T07:36:04.067+0000: 439.287: [GC [PSYoungGen: 168202K->858K(164800K)] 287804K->120598K(851776K), 0.0039460 secs] [Times: user=0.02 sys=0.00, real=0.01 secs] 
2014-07-16T07:36:04.658+0000: 439.878: [GC [PSYoungGen: 164747K->708K(161536K)] 284487K->120628K(848512K), 0.0038190 secs] [Times: user=0.02 sys=0.00, real=0.01 secs] 
2014-07-16T07:36:05.236+0000: 440.456: [GC [PSYoungGen: 161476K->994K(158720K)] 281396K->120994K(845696K), 0.0029680 secs] [Times: user=0.02 sys=0.00, real=0.01 secs] 
2014-07-16T07:36:05.788+0000: 441.007: [GC [PSYoungGen: 158690K->958K(155712K)] 278690K->120998K(842688K), 0.0077920 secs] [Times: user=0.04 sys=0.00, real=0.01 secs] 
2014-07-16T07:36:06.376+0000: 441.596: [GC [PSYoungGen: 155710K->722K(152640K)] 275750K->120866K(839616K), 0.0042270 secs] [Times: user=0.03 sys=0.00, real=0.01 secs] 
2014-07-16T07:36:06.898+0000: 442.118: [GC [PSYoungGen: 152558K->790K(149952K)] 272702K->121038K(836928K), 0.0061410 secs] [Times: user=0.04 sys=0.01, real=0.01 secs] 
2014-07-16T07:36:07.445+0000: 442.665: [GC [PSYoungGen: 149910K->712K(147200K)] 270158K->121032K(834176K), 0.0034590 secs] [Times: user=0.01 sys=0.01, real=0.00 secs] 
2014-07-16T07:36:07.977+0000: 443.197: [GC [PSYoungGen: 147144K->1044K(144896K)] 267464K->121436K(831872K), 0.0049130 secs] [Times: user=0.03 sys=0.00, real=0.01 secs] 
2014-07-16T07:36:08.497+0000: 443.717: [GC [PSYoungGen: 144852K->926K(142208K)] 265244K->121390K(829184K), 0.0038890 secs] [Times: user=0.02 sys=0.00, real=0.01 secs] 
2014-07-16T07:36:09.014+0000: 444.234: [GC [PSYoungGen: 142174K->812K(139584K)] 262638K->121646K(826560K), 0.0040950 secs] [Times: user=0.02 sys=0.00, real=0.00 secs] 
2014-07-16T07:36:09.510+0000: 444.730: [GC [PSYoungGen: 139522K->758K(137152K)] 260357K->121672K(824128K), 0.0052850 secs] [Times: user=0.03 sys=0.01, real=0.00 secs] 
2014-07-16T07:36:09.993+0000: 445.213: [GC [PSYoungGen: 137138K->926K(135040K)] 258052K->121978K(822016K), 0.0052540 secs] [Times: user=0.03 sys=0.00, real=0.00 secs] 
2014-07-16T07:36:10.482+0000: 445.702: [GC [PSYoungGen: 135006K->690K(132544K)] 256058K->121838K(819520K), 0.0050900 secs] [Times: user=0.03 sys=0.00, real=0.00 secs] 
2014-07-16T07:36:10.959+0000: 446.179: [GC [PSYoungGen: 132530K->1078K(159296K)] 253678K->122314K(846272K), 0.0088790 secs] [Times: user=0.05 sys=0.00, real=0.00 secs] 
2014-07-16T07:36:11.546+0000: 446.766: [GC [PSYoungGen: 159286K->886K(190784K)] 280522K->122194K(877760K), 0.0044070 secs] [Times: user=0.02 sys=0.00, real=0.01 secs] 
2014-07-16T07:36:12.207+0000: 447.427: [GC [PSYoungGen: 190771K->744K(186688K)] 312080K->122108K(873664K), 0.0052660 secs] [Times: user=0.02 sys=0.01, real=0.01 secs] 
2014-07-16T07:36:12.883+0000: 448.103: [GC [PSYoungGen: 186664K->1312K(183424K)] 308028K->122822K(870400K), 0.0063560 secs] [Times: user=0.04 sys=0.00, real=0.01 secs] 
2014-07-16T07:36:13.542+0000: 448.761: [GC [PSYoungGen: 183392K->620K(179008K)] 304902K->122951K(865984K), 0.0068480 secs] [Times: user=0.04 sys=0.01, real=0.00 secs] 
2014-07-16T07:36:14.176+0000: 449.396: [GC [PSYoungGen: 178959K->1072K(204480K)] 301291K->123443K(891456K), 0.0098230 secs] [Times: user=0.06 sys=0.00, real=0.01 secs] 
2014-07-16T07:36:14.905+0000: 450.125: [GC [PSYoungGen: 203952K->872K(215744K)] 326323K->123661K(902720K), 0.0052780 secs] [Times: user=0.03 sys=0.01, real=0.01 secs] 
2014-07-16T07:36:15.691+0000: 450.911: [GC [PSYoungGen: 215016K->872K(210240K)] 337805K->123725K(897216K), 0.0065010 secs] [Times: user=0.03 sys=0.01, real=0.00 secs] 
2014-07-16T07:36:16.478+0000: 451.698: [GC [PSYoungGen: 210216K->698K(214272K)] 333069K->123679K(901248K), 0.0092790 secs] [Times: user=0.05 sys=0.00, real=0.01 secs] 
2014-07-16T07:36:17.220+0000: 452.440: [GC [PSYoungGen: 214266K->968K(209792K)] 337247K->124037K(896768K), 0.0040590 secs] [Times: user=0.02 sys=0.00, real=0.01 secs] 
2014-07-16T07:36:17.955+0000: 453.175: [GC [PSYoungGen: 209722K->506K(213632K)] 332791K->123737K(900608K), 0.0114630 secs] [Times: user=0.07 sys=0.01, real=0.01 secs] 
2014-07-16T07:36:18.749+0000: 453.969: [GC [PSYoungGen: 213626K->1228K(214592K)] 336857K->124483K(901568K), 0.0082230 secs] [Times: user=0.03 sys=0.00, real=0.01 secs] 
2014-07-16T07:36:19.525+0000: 454.745: [GC [PSYoungGen: 214325K->758K(209088K)] 337581K->124177K(896064K), 0.0040040 secs] [Times: user=0.02 sys=0.00, real=0.00 secs] 
2014-07-16T07:36:20.270+0000: 455.490: [GC [PSYoungGen: 209078K->798K(204544K)] 332497K->124281K(891520K), 0.0047660 secs] [Times: user=0.02 sys=0.00, real=0.01 secs] 
2014-07-16T07:36:21.032+0000: 456.252: [GC [PSYoungGen: 204445K->1360K(200640K)] 327929K->124883K(887616K), 0.0104510 secs] [Times: user=0.06 sys=0.01, real=0.01 secs] 
2014-07-16T07:36:21.759+0000: 456.979: [GC [PSYoungGen: 200592K->1178K(196160K)] 324115K->124789K(883136K), 0.0044420 secs] [Times: user=0.02 sys=0.01, real=0.01 secs] 
2014-07-16T07:36:22.450+0000: 457.670: [GC [PSYoungGen: 196122K->448K(191232K)] 319733K->124123K(878208K), 0.0033770 secs] [Times: user=0.01 sys=0.00, real=0.01 secs] 
2014-07-16T07:36:23.123+0000: 458.343: [GC [PSYoungGen: 191221K->1194K(187968K)] 314896K->124957K(874944K), 0.0070260 secs] [Times: user=0.04 sys=0.00, real=0.00 secs] 
2014-07-16T07:36:23.799+0000: 459.019: [GC [PSYoungGen: 187946K->640K(183488K)] 311709K->124451K(870464K), 0.0101900 secs] [Times: user=0.06 sys=0.00, real=0.01 secs] 
2014-07-16T07:36:24.448+0000: 459.668: [GC [PSYoungGen: 183488K->676K(179776K)] 307299K->124583K(866752K), 0.0038040 secs] [Times: user=0.02 sys=0.00, real=0.01 secs] 
2014-07-16T07:36:25.085+0000: 460.305: [GC [PSYoungGen: 179714K->912K(176384K)] 303621K->124931K(863360K), 0.0041860 secs] [Times: user=0.02 sys=0.00, real=0.00 secs] 
2014-07-16T07:36:25.730+0000: 460.949: [GC [PSYoungGen: 176336K->740K(172672K)] 300355K->124855K(859648K), 0.0058550 secs] [Times: user=0.03 sys=0.00, real=0.01 secs] 
2014-07-16T07:36:26.437+0000: 461.657: [GC [PSYoungGen: 172644K->1302K(169856K)] 296759K->125505K(856832K), 0.0032520 secs] [Times: user=0.01 sys=0.00, real=0.00 secs] 
2014-07-16T07:36:26.965+0000: 462.185: [GC [PSYoungGen: 169814K->594K(165824K)] 294017K->124853K(852800K), 0.0050840 secs] [Times: user=0.02 sys=0.00, real=0.00 secs] 
2014-07-16T07:36:27.546+0000: 462.766: [GC [PSYoungGen: 165751K->1186K(163200K)] 290011K->125533K(850176K), 0.0031750 secs] [Times: user=0.02 sys=0.00, real=0.00 secs] 
2014-07-16T07:36:28.124+0000: 463.344: [GC [PSYoungGen: 163145K->1194K(160128K)] 287493K->125597K(847104K), 0.0045930 secs] [Times: user=0.02 sys=0.00, real=0.00 secs] 
2014-07-16T07:36:28.709+0000: 463.929: [GC [PSYoungGen: 160078K->954K(156864K)] 284481K->125619K(843840K), 0.0065610 secs] [Times: user=0.04 sys=0.00, real=0.01 secs] 
2014-07-16T07:36:29.262+0000: 464.482: [GC [PSYoungGen: 156858K->858K(153920K)] 281523K->125579K(840896K), 0.0031890 secs] [Times: user=0.02 sys=0.00, real=0.01 secs] 
2014-07-16T07:36:29.805+0000: 465.025: [GC [PSYoungGen: 153882K->926K(151168K)] 278603K->125695K(838144K), 0.0082520 secs] [Times: user=0.05 sys=0.00, real=0.01 secs] 
2014-07-16T07:36:30.335+0000: 465.555: [GC [PSYoungGen: 151134K->772K(148288K)] 275903K->125637K(835264K), 0.0053030 secs] [Times: user=0.03 sys=0.00, real=0.00 secs] 
2014-07-16T07:36:30.885+0000: 466.105: [GC [PSYoungGen: 148189K->1344K(146240K)] 273054K->126274K(833216K), 0.0065280 secs] [Times: user=0.03 sys=0.00, real=0.00 secs] 
2014-07-16T07:36:31.398+0000: 466.618: [GC [PSYoungGen: 146176K->1072K(143360K)] 271106K->126081K(830336K), 0.0040170 secs] [Times: user=0.02 sys=0.00, real=0.01 secs] 
2014-07-16T07:36:31.909+0000: 467.129: [GC [PSYoungGen: 143344K->790K(140608K)] 268353K->125871K(827584K), 0.0042650 secs] [Times: user=0.02 sys=0.00, real=0.01 secs] 
2014-07-16T07:36:32.393+0000: 467.613: [GC [PSYoungGen: 140566K->676K(138048K)] 265647K->125829K(825024K), 0.0039720 secs] [Times: user=0.02 sys=0.00, real=0.00 secs] 
2014-07-16T07:36:32.884+0000: 468.104: [GC [PSYoungGen: 138020K->1314K(136320K)] 263173K->126531K(823296K), 0.0036660 secs] [Times: user=0.01 sys=0.00, real=0.00 secs] 
2014-07-16T07:36:33.366+0000: 468.585: [GC [PSYoungGen: 136290K->1508K(134208K)] 261507K->126798K(821184K), 0.0052970 secs] [Times: user=0.02 sys=0.00, real=0.00 secs] 
2014-07-16T07:36:33.843+0000: 469.063: [GC [PSYoungGen: 134141K->484K(130944K)] 259430K->125887K(817920K), 0.0034070 secs] [Times: user=0.01 sys=0.01, real=0.00 secs] 
2014-07-16T07:36:34.308+0000: 469.527: [GC [PSYoungGen: 130914K->1040K(129344K)] 256318K->126555K(816320K), 0.0050290 secs] [Times: user=0.03 sys=0.00, real=0.00 secs] 
2014-07-16T07:36:34.769+0000: 469.989: [GC [PSYoungGen: 129286K->872K(127040K)] 254801K->126499K(814016K), 0.0042630 secs] [Times: user=0.02 sys=0.00, real=0.01 secs] 
2014-07-16T07:36:35.223+0000: 470.443: [GC [PSYoungGen: 127016K->712K(124864K)] 252643K->126387K(811840K), 0.0046650 secs] [Times: user=0.03 sys=0.00, real=0.00 secs] 
2014-07-16T07:36:35.662+0000: 470.882: [GC [PSYoungGen: 124808K->1572K(123712K)] 250483K->127344K(810688K), 0.0040510 secs] [Times: user=0.02 sys=0.01, real=0.01 secs] 
2014-07-16T07:36:36.121+0000: 471.341: [GC [PSYoungGen: 123684K->1602K(121856K)] 249456K->127445K(808832K), 0.0044320 secs] [Times: user=0.03 sys=0.00, real=0.01 secs] 
2014-07-16T07:36:36.631+0000: 471.851: [GC [PSYoungGen: 121766K->498K(118848K)] 247610K->126977K(805824K), 0.0065100 secs] [Times: user=0.04 sys=0.00, real=0.01 secs] 
2014-07-16T07:36:36.980+0000: 472.200: [GC [PSYoungGen: 118834K->1454K(143488K)] 245313K->127982K(830464K), 0.0039550 secs] [Times: user=0.02 sys=0.00, real=0.01 secs] 
2014-07-16T07:36:37.503+0000: 472.723: [GC [PSYoungGen: 143470K->1406K(140928K)] 269998K->128434K(827904K), 0.0039930 secs] [Times: user=0.02 sys=0.00, real=0.00 secs] 
2014-07-16T07:36:37.992+0000: 473.212: [GC [PSYoungGen: 140926K->730K(137856K)] 267954K->127798K(824832K), 0.0054420 secs] [Times: user=0.02 sys=0.01, real=0.01 secs] 
2014-07-16T07:36:38.484+0000: 473.704: [GC [PSYoungGen: 137818K->612K(135360K)] 264886K->127759K(822336K), 0.0050720 secs] [Times: user=0.03 sys=0.00, real=0.00 secs] 
2014-07-16T07:36:38.969+0000: 474.189: [GC [PSYoungGen: 135332K->640K(133056K)] 262479K->127883K(820032K), 0.0052750 secs] [Times: user=0.03 sys=0.00, real=0.01 secs] 
2014-07-16T07:36:39.456+0000: 474.676: [GC [PSYoungGen: 133021K->1148K(131328K)] 260265K->128448K(818304K), 0.0033170 secs] [Times: user=0.01 sys=0.00, real=0.00 secs] 
2014-07-16T07:36:39.909+0000: 475.129: [GC [PSYoungGen: 131324K->1400K(129408K)] 258624K->128772K(816384K), 0.0029370 secs] [Times: user=0.01 sys=0.00, real=0.00 secs] 
2014-07-16T07:36:40.381+0000: 475.601: [GC [PSYoungGen: 129371K->1186K(127104K)] 256742K->128646K(814080K), 0.0036600 secs] [Times: user=0.02 sys=0.00, real=0.01 secs] 
2014-07-16T07:36:40.834+0000: 476.054: [GC [PSYoungGen: 127039K->1900K(125760K)] 254499K->129618K(812736K), 0.0053470 secs] [Times: user=0.02 sys=0.00, real=0.00 secs] 
2014-07-16T07:36:41.261+0000: 476.481: [GC [PSYoungGen: 125740K->740K(122624K)] 253458K->128604K(809600K), 0.0040870 secs] [Times: user=0.01 sys=0.00, real=0.01 secs] 
2014-07-16T07:36:41.798+0000: 477.018: [GC [PSYoungGen: 122592K->1272K(121216K)] 250456K->129248K(808192K), 0.0049320 secs] [Times: user=0.03 sys=0.01, real=0.00 secs] 
2014-07-16T07:36:42.199+0000: 477.419: [GC [PSYoungGen: 121208K->912K(119040K)] 249184K->129068K(806016K), 0.0044700 secs] [Times: user=0.02 sys=0.00, real=0.00 secs] 
2014-07-16T07:36:42.636+0000: 477.856: [GC [PSYoungGen: 118992K->836K(117184K)] 247148K->129080K(804160K), 0.0027660 secs] [Times: user=0.02 sys=0.00, real=0.00 secs] 
2014-07-16T07:36:43.043+0000: 478.263: [GC [PSYoungGen: 117124K->626K(115136K)] 245368K->128926K(802112K), 0.0047790 secs] [Times: user=0.03 sys=0.00, real=0.01 secs] 
2014-07-16T07:36:43.458+0000: 478.678: [GC [PSYoungGen: 115120K->1782K(114560K)] 243420K->130170K(801536K), 0.0028330 secs] [Times: user=0.02 sys=0.01, real=0.00 secs] 
2014-07-16T07:36:43.848+0000: 479.068: [GC [PSYoungGen: 114550K->1308K(112448K)] 242938K->129776K(799424K), 0.0059880 secs] [Times: user=0.04 sys=0.00, real=0.01 secs] 
2014-07-16T07:36:44.245+0000: 479.464: [GC [PSYoungGen: 112412K->776K(110272K)] 240880K->129332K(797248K), 0.0037930 secs] [Times: user=0.02 sys=0.01, real=0.00 secs] 
2014-07-16T07:36:44.621+0000: 479.841: [GC [PSYoungGen: 110157K->1686K(133056K)] 238713K->130322K(820032K), 0.0052860 secs] [Times: user=0.03 sys=0.01, real=0.01 secs] 
2014-07-16T07:36:45.083+0000: 480.303: [GC [PSYoungGen: 133008K->1558K(130752K)] 261644K->130290K(817728K), 0.0034540 secs] [Times: user=0.02 sys=0.00, real=0.01 secs] 
2014-07-16T07:36:45.565+0000: 480.785: [GC [PSYoungGen: 130710K->822K(127872K)] 259442K->129634K(814848K), 0.0041430 secs] [Times: user=0.02 sys=0.00, real=0.00 secs] 
2014-07-16T07:36:46.025+0000: 481.245: [GC [PSYoungGen: 127841K->1086K(126080K)] 256653K->130002K(813056K), 0.0035830 secs] [Times: user=0.02 sys=0.01, real=0.00 secs] 
2014-07-16T07:36:46.475+0000: 481.695: [GC [PSYoungGen: 126078K->1350K(124416K)] 254994K->130330K(811392K), 0.0030830 secs] [Times: user=0.02 sys=0.01, real=0.00 secs] 
2014-07-16T07:36:46.971+0000: 482.191: [GC [PSYoungGen: 124354K->968K(122048K)] 253334K->130004K(809024K), 0.0049060 secs] [Times: user=0.02 sys=0.00, real=0.01 secs] 
2014-07-16T07:36:47.401+0000: 482.621: [GC [PSYoungGen: 121970K->1340K(120448K)] 251006K->130464K(807424K), 0.0032600 secs] [Times: user=0.01 sys=0.00, real=0.00 secs] 
2014-07-16T07:36:47.819+0000: 483.039: [GC [PSYoungGen: 120444K->762K(118016K)] 249568K->129958K(804992K), 0.0040050 secs] [Times: user=0.02 sys=0.00, real=0.00 secs] 
2014-07-16T07:36:48.245+0000: 483.465: [GC [PSYoungGen: 118009K->680K(116160K)] 247205K->129908K(803136K), 0.0053120 secs] [Times: user=0.01 sys=0.00, real=0.00 secs] 
2014-07-16T07:36:48.651+0000: 483.871: [GC [PSYoungGen: 116136K->1200K(114944K)] 245364K->130516K(801920K), 0.0031380 secs] [Times: user=0.01 sys=0.00, real=0.00 secs] 
2014-07-16T07:36:49.053+0000: 484.273: [GC [PSYoungGen: 114928K->836K(137408K)] 244244K->130224K(824384K), 0.0070300 secs] [Times: user=0.04 sys=0.00, real=0.01 secs] 
2014-07-16T07:36:49.540+0000: 484.760: [GC [PSYoungGen: 137306K->922K(135168K)] 266694K->130374K(822144K), 0.0040000 secs] [Times: user=0.02 sys=0.00, real=0.00 secs] 
2014-07-16T07:36:50.009+0000: 485.229: [GC [PSYoungGen: 135130K->1358K(162496K)] 264582K->130866K(849472K), 0.0076470 secs] [Times: user=0.05 sys=0.00, real=0.01 secs] 
2014-07-16T07:36:50.603+0000: 485.823: [GC [PSYoungGen: 162446K->876K(158912K)] 291954K->130456K(845888K), 0.0035520 secs] [Times: user=0.02 sys=0.00, real=0.01 secs] 
2014-07-16T07:36:51.161+0000: 486.381: [GC [PSYoungGen: 158892K->1482K(156608K)] 288472K->131126K(843584K), 0.0033780 secs] [Times: user=0.01 sys=0.00, real=0.00 secs] 
2014-07-16T07:36:51.809+0000: 487.029: [GC [PSYoungGen: 156554K->1630K(153856K)] 286198K->131346K(840832K), 0.0071780 secs] [Times: user=0.04 sys=0.00, real=0.01 secs] 
2014-07-16T07:36:52.322+0000: 487.542: [GC [PSYoungGen: 153785K->694K(150080K)] 283501K->130652K(837056K), 0.0050560 secs] [Times: user=0.03 sys=0.00, real=0.01 secs] 
2014-07-16T07:36:52.872+0000: 488.092: [GC [PSYoungGen: 150070K->754K(147456K)] 280028K->130776K(834432K), 0.0042900 secs] [Times: user=0.02 sys=0.01, real=0.01 secs] 
2014-07-16T07:36:53.385+0000: 488.605: [GC [PSYoungGen: 147442K->1140K(145216K)] 277464K->131258K(832192K), 0.0065160 secs] [Times: user=0.03 sys=0.00, real=0.01 secs] 
2014-07-16T07:36:53.902+0000: 489.122: [GC [PSYoungGen: 145204K->1162K(174144K)] 275322K->131344K(861120K), 0.0063800 secs] [Times: user=0.04 sys=0.00, real=0.01 secs] 
2014-07-16T07:36:54.535+0000: 489.755: [GC [PSYoungGen: 174090K->936K(170432K)] 304272K->131198K(857408K), 0.0059670 secs] [Times: user=0.04 sys=0.00, real=0.01 secs] 
2014-07-16T07:36:55.163+0000: 490.383: [GC [PSYoungGen: 170408K->958K(167104K)] 300670K->131300K(854080K), 0.0040400 secs] [Times: user=0.02 sys=0.00, real=0.01 secs] 
2014-07-16T07:36:55.747+0000: 490.967: [GC [PSYoungGen: 167102K->672K(163648K)] 297444K->131094K(850624K), 0.0073960 secs] [Times: user=0.04 sys=0.00, real=0.00 secs] 
2014-07-16T07:36:56.326+0000: 491.546: [GC [PSYoungGen: 163585K->1044K(160896K)] 294007K->131554K(847872K), 0.0027490 secs] [Times: user=0.02 sys=0.00, real=0.00 secs] 
2014-07-16T07:36:56.964+0000: 492.184: [GC [PSYoungGen: 160763K->1250K(158080K)] 291273K->131824K(845056K), 0.0035350 secs] [Times: user=0.02 sys=0.00, real=0.01 secs] 
2014-07-16T07:36:57.475+0000: 492.695: [GC [PSYoungGen: 158050K->1018K(154880K)] 288624K->131640K(841856K), 0.0040980 secs] [Times: user=0.01 sys=0.00, real=0.01 secs] 
2014-07-16T07:36:58.048+0000: 493.268: [GC [PSYoungGen: 154874K->1040K(152128K)] 285496K->131766K(839104K), 0.0064970 secs] [Times: user=0.05 sys=0.00, real=0.00 secs] 
2014-07-16T07:36:58.589+0000: 493.809: [GC [PSYoungGen: 152071K->1568K(149888K)] 282797K->132350K(836864K), 0.0072470 secs] [Times: user=0.04 sys=0.00, real=0.01 secs] 
2014-07-16T07:36:59.114+0000: 494.334: [GC [PSYoungGen: 149856K->576K(146176K)] 280638K->131446K(833152K), 0.0033920 secs] [Times: user=0.01 sys=0.00, real=0.01 secs] 
2014-07-16T07:36:59.640+0000: 494.860: [GC [PSYoungGen: 146163K->1176K(144192K)] 277033K->132142K(831168K), 0.0038680 secs] [Times: user=0.01 sys=0.01, real=0.00 secs] 
2014-07-16T07:37:00.159+0000: 495.379: [GC [PSYoungGen: 144102K->884K(141376K)] 275068K->131874K(828352K), 0.0048210 secs] [Times: user=0.01 sys=0.00, real=0.00 secs] 
2014-07-16T07:37:00.665+0000: 495.885: [GC [PSYoungGen: 141364K->944K(139008K)] 272354K->131990K(825984K), 0.0040680 secs] [Times: user=0.01 sys=0.00, real=0.01 secs] 
2014-07-16T07:37:01.176+0000: 496.396: [GC [PSYoungGen: 138973K->758K(166464K)] 270019K->131860K(853440K), 0.0110620 secs] [Times: user=0.06 sys=0.01, real=0.02 secs] 
2014-07-16T07:37:01.747+0000: 496.967: [GC [PSYoungGen: 166418K->690K(198464K)] 297520K->131872K(885440K), 0.0050240 secs] [Times: user=0.02 sys=0.00, real=0.00 secs] 
2014-07-16T07:37:02.523+0000: 497.743: [GC [PSYoungGen: 197488K->1282K(193920K)] 328670K->132528K(880896K), 0.0059350 secs] [Times: user=0.02 sys=0.00, real=0.01 secs] 
2014-07-16T07:37:03.230+0000: 498.450: [GC [PSYoungGen: 193858K->708K(189248K)] 325104K->132002K(876224K), 0.0051960 secs] [Times: user=0.04 sys=0.00, real=0.00 secs] 
2014-07-16T07:37:03.909+0000: 499.129: [GC [PSYoungGen: 189188K->530K(185088K)] 320482K->131880K(872064K), 0.0038940 secs] [Times: user=0.02 sys=0.00, real=0.00 secs] 
2014-07-16T07:37:04.566+0000: 499.786: [GC [PSYoungGen: 185033K->758K(198080K)] 316383K->132164K(885056K), 0.0104240 secs] [Times: user=0.05 sys=0.00, real=0.01 secs] 
2014-07-16T07:37:05.265+0000: 500.485: [GC [PSYoungGen: 197174K->512K(192704K)] 328580K->131990K(879680K), 0.0057600 secs] [Times: user=0.04 sys=0.00, real=0.01 secs] 
2014-07-16T07:37:05.962+0000: 501.182: [GC [PSYoungGen: 192704K->976K(189120K)] 324182K->132510K(876096K), 0.0052340 secs] [Times: user=0.03 sys=0.00, real=0.01 secs] 
2014-07-16T07:37:06.639+0000: 501.859: [GC [PSYoungGen: 189002K->1186K(185408K)] 320536K->132808K(872384K), 0.0074040 secs] [Times: user=0.05 sys=0.00, real=0.00 secs] 
2014-07-16T07:37:07.362+0000: 502.582: [GC [PSYoungGen: 185357K->1594K(182016K)] 316979K->133312K(868992K), 0.0040840 secs] [Times: user=0.02 sys=0.00, real=0.00 secs] 
2014-07-16T07:37:08.014+0000: 503.234: [GC [PSYoungGen: 181996K->556K(177280K)] 313714K->133102K(864256K), 0.0041930 secs] [Times: user=0.03 sys=0.00, real=0.01 secs] 
2014-07-16T07:37:08.657+0000: 503.877: [GC [PSYoungGen: 177260K->990K(213120K)] 309806K->133592K(900096K), 0.0110390 secs] [Times: user=0.06 sys=0.00, real=0.01 secs] 
2014-07-16T07:37:09.423+0000: 504.643: [GC [PSYoungGen: 213086K->1054K(208448K)] 345688K->133916K(895424K), 0.0051030 secs] [Times: user=0.03 sys=0.00, real=0.01 secs] 
2014-07-16T07:37:10.162+0000: 505.382: [GC [PSYoungGen: 208396K->1354K(204160K)] 341259K->134264K(891136K), 0.0049410 secs] [Times: user=0.02 sys=0.00, real=0.00 secs] 
2014-07-16T07:37:10.900+0000: 506.120: [GC [PSYoungGen: 204091K->1020K(199360K)] 337002K->134140K(886336K), 0.0059700 secs] [Times: user=0.04 sys=0.00, real=0.00 secs] 
2014-07-16T07:37:11.615+0000: 506.835: [GC [PSYoungGen: 199356K->922K(195008K)] 332476K->134164K(881984K), 0.0037650 secs] [Times: user=0.02 sys=0.00, real=0.01 secs] 
2014-07-16T07:37:12.369+0000: 507.588: [GC [PSYoungGen: 194970K->1012K(190912K)] 328212K->134386K(877888K), 0.0055600 secs] [Times: user=0.01 sys=0.00, real=0.00 secs] 
2014-07-16T07:37:13.041+0000: 508.261: [GC [PSYoungGen: 190900K->1664K(187648K)] 324274K->135102K(874624K), 0.0060790 secs] [Times: user=0.02 sys=0.00, real=0.00 secs] 
2014-07-16T07:37:13.717+0000: 508.937: [GC [PSYoungGen: 187584K->766K(182848K)] 321022K->134504K(869824K), 0.0045300 secs] [Times: user=0.02 sys=0.00, real=0.01 secs] 
2014-07-16T07:37:14.366+0000: 509.586: [GC [PSYoungGen: 182846K->1072K(179456K)] 316584K->134914K(866432K), 0.0055330 secs] [Times: user=0.03 sys=0.00, real=0.01 secs] 
2014-07-16T07:37:15.008+0000: 510.228: [GC [PSYoungGen: 179440K->1258K(176064K)] 313282K->135280K(863040K), 0.0052750 secs] [Times: user=0.03 sys=0.00, real=0.01 secs] 
2014-07-16T07:37:15.626+0000: 510.846: [GC [PSYoungGen: 176042K->1126K(172416K)] 310064K->135220K(859392K), 0.0058140 secs] [Times: user=0.03 sys=0.01, real=0.01 secs] 
2014-07-16T07:37:16.267+0000: 511.487: [GC [PSYoungGen: 172390K->758K(168640K)] 306484K->134916K(855616K), 0.0068110 secs] [Times: user=0.04 sys=0.00, real=0.01 secs] 
2014-07-16T07:37:16.862+0000: 512.082: [GC [PSYoungGen: 168630K->1258K(165888K)] 302788K->135520K(852864K), 0.0043690 secs] [Times: user=0.03 sys=0.00, real=0.00 secs] 
2014-07-16T07:37:17.474+0000: 512.694: [GC [PSYoungGen: 165866K->1340K(162752K)] 300128K->135698K(849728K), 0.0029990 secs] [Times: user=0.02 sys=0.00, real=0.00 secs] 
2014-07-16T07:37:18.039+0000: 513.259: [GC [PSYoungGen: 162748K->962K(159360K)] 297106K->135384K(846336K), 0.0065240 secs] [Times: user=0.03 sys=0.00, real=0.00 secs] 
2014-07-16T07:37:18.609+0000: 513.829: [GC [PSYoungGen: 159298K->822K(156160K)] 293720K->135332K(843136K), 0.0065060 secs] [Times: user=0.04 sys=0.00, real=0.01 secs] 
2014-07-16T07:37:19.170+0000: 514.389: [GC [PSYoungGen: 156150K->626K(153088K)] 290660K->135248K(840064K), 0.0037100 secs] [Times: user=0.02 sys=0.00, real=0.00 secs] 
2014-07-16T07:37:19.720+0000: 514.939: [GC [PSYoungGen: 153074K->840K(150528K)] 287696K->135542K(837504K), 0.0050340 secs] [Times: user=0.02 sys=0.00, real=0.01 secs] 
2014-07-16T07:37:20.242+0000: 515.462: [GC [PSYoungGen: 150472K->722K(147712K)] 285174K->135512K(834688K), 0.0049230 secs] [Times: user=0.02 sys=0.00, real=0.00 secs] 
2014-07-16T07:37:20.772+0000: 515.992: [GC [PSYoungGen: 147666K->1600K(145984K)] 282456K->136470K(832960K), 0.0067540 secs] [Times: user=0.04 sys=0.00, real=0.00 secs] 
2014-07-16T07:37:21.293+0000: 516.513: [GC [PSYoungGen: 145893K->926K(142720K)] 280763K->135876K(829696K), 0.0041850 secs] [Times: user=0.02 sys=0.00, real=0.00 secs] 
2014-07-16T07:37:21.800+0000: 517.020: [GC [PSYoungGen: 142685K->576K(139840K)] 277635K->135622K(826816K), 0.0053800 secs] [Times: user=0.02 sys=0.00, real=0.00 secs] 
2014-07-16T07:37:22.397+0000: 517.617: [GC [PSYoungGen: 139840K->1146K(137984K)] 274886K->136256K(824960K), 0.0037790 secs] [Times: user=0.02 sys=0.00, real=0.01 secs] 
2014-07-16T07:37:22.840+0000: 518.060: [GC [PSYoungGen: 137978K->626K(135104K)] 273088K->135832K(822080K), 0.0044640 secs] [Times: user=0.03 sys=0.00, real=0.00 secs] 
2014-07-16T07:37:23.339+0000: 518.559: [GC [PSYoungGen: 135090K->736K(132928K)] 270296K->136046K(819904K), 0.0033750 secs] [Times: user=0.01 sys=0.01, real=0.01 secs] 
2014-07-16T07:37:23.834+0000: 519.054: [GC [PSYoungGen: 132896K->1082K(131072K)] 268206K->136456K(818048K), 0.0039250 secs] [Times: user=0.02 sys=0.00, real=0.00 secs] 
2014-07-16T07:37:24.300+0000: 519.520: [GC [PSYoungGen: 131066K->1164K(129024K)] 266440K->136634K(816000K), 0.0067810 secs] [Times: user=0.04 sys=0.00, real=0.01 secs] 
2014-07-16T07:37:24.732+0000: 519.952: [GC [PSYoungGen: 128930K->994K(126720K)] 264401K->136560K(813696K), 0.0048740 secs] [Times: user=0.03 sys=0.01, real=0.00 secs] 
2014-07-16T07:37:25.184+0000: 520.404: [GC [PSYoungGen: 126690K->876K(124544K)] 262256K->136530K(811520K), 0.0045590 secs] [Times: user=0.02 sys=0.00, real=0.00 secs] 
2014-07-16T07:37:25.629+0000: 520.849: [GC [PSYoungGen: 124516K->886K(122560K)] 260170K->136604K(809536K), 0.0036460 secs] [Times: user=0.02 sys=0.00, real=0.01 secs] 
2014-07-16T07:37:26.064+0000: 521.284: [GC [PSYoungGen: 122486K->786K(120576K)] 258204K->136600K(807552K), 0.0033230 secs] [Times: user=0.01 sys=0.00, real=0.00 secs] 
2014-07-16T07:37:26.495+0000: 521.715: [GC [PSYoungGen: 120530K->1136K(144896K)] 256344K->137006K(831872K), 0.0085860 secs] [Times: user=0.03 sys=0.00, real=0.01 secs] 
2014-07-16T07:37:27.008+0000: 522.228: [GC [PSYoungGen: 144880K->854K(173440K)] 280750K->136764K(860416K), 0.0120460 secs] [Times: user=0.06 sys=0.00, real=0.01 secs] 
2014-07-16T07:37:27.623+0000: 522.843: [GC [PSYoungGen: 173398K->1062K(197632K)] 309308K->137234K(884608K), 0.0055690 secs] [Times: user=0.04 sys=0.00, real=0.00 secs] 
2014-07-16T07:37:28.307+0000: 523.527: [GC [PSYoungGen: 197584K->934K(198144K)] 333757K->137138K(885120K), 0.0039720 secs] [Times: user=0.01 sys=0.00, real=0.00 secs] 
2014-07-16T07:37:29.013+0000: 524.233: [GC [PSYoungGen: 197472K->954K(193280K)] 333677K->137262K(880256K), 0.0039610 secs] [Times: user=0.02 sys=0.00, real=0.00 secs] 
2014-07-16T07:37:29.705+0000: 524.925: [GC [PSYoungGen: 193274K->876K(189120K)] 329582K->137264K(876096K), 0.0048060 secs] [Times: user=0.03 sys=0.00, real=0.00 secs] 
2014-07-16T07:37:30.391+0000: 525.611: [GC [PSYoungGen: 189100K->1150K(185408K)] 325488K->137650K(872384K), 0.0051190 secs] [Times: user=0.03 sys=0.00, real=0.01 secs] 
2014-07-16T07:37:31.035+0000: 526.255: [GC [PSYoungGen: 185406K->1272K(181696K)] 321906K->137860K(868672K), 0.0057260 secs] [Times: user=0.01 sys=0.01, real=0.01 secs] 
2014-07-16T07:37:31.682+0000: 526.902: [GC [PSYoungGen: 181688K->688K(217216K)] 318276K->137521K(904192K), 0.0115400 secs] [Times: user=0.08 sys=0.00, real=0.01 secs] 
2014-07-16T07:37:32.570+0000: 527.790: [GC [PSYoungGen: 217200K->1420K(213056K)] 354033K->138325K(900032K), 0.0065420 secs] [Times: user=0.04 sys=0.01, real=0.01 secs] 
2014-07-16T07:37:33.267+0000: 528.487: [GC [PSYoungGen: 212972K->758K(207616K)] 349877K->137933K(894592K), 0.0062130 secs] [Times: user=0.04 sys=0.00, real=0.01 secs] 
2014-07-16T07:37:34.062+0000: 529.282: [GC [PSYoungGen: 207606K->1326K(203648K)] 344781K->138581K(890624K), 0.0077040 secs] [Times: user=0.05 sys=0.00, real=0.01 secs] 
2014-07-16T07:37:34.791+0000: 530.011: [GC [PSYoungGen: 203588K->1126K(199040K)] 340843K->138469K(886016K), 0.0029810 secs] [Times: user=0.02 sys=0.00, real=0.01 secs] 
2014-07-16T07:37:35.529+0000: 530.748: [GC [PSYoungGen: 198996K->886K(194496K)] 336339K->138317K(881472K), 0.0043470 secs] [Times: user=0.02 sys=0.00, real=0.01 secs] 
2014-07-16T07:37:36.230+0000: 531.450: [GC [PSYoungGen: 194433K->868K(190400K)] 331864K->138387K(877376K), 0.0054320 secs] [Times: user=0.02 sys=0.00, real=0.01 secs] 
2014-07-16T07:37:36.902+0000: 532.122: [GC [PSYoungGen: 190372K->962K(186560K)] 327891K->138529K(873536K), 0.0088970 secs] [Times: user=0.04 sys=0.01, real=0.01 secs] 
2014-07-16T07:37:37.654+0000: 532.874: [GC [PSYoungGen: 186498K->1340K(183040K)] 324065K->139169K(870016K), 0.0033950 secs] [Times: user=0.01 sys=0.00, real=0.00 secs] 
2014-07-16T07:37:38.248+0000: 533.468: [GC [PSYoungGen: 183036K->1154K(179200K)] 320865K->139047K(866176K), 0.0083040 secs] [Times: user=0.04 sys=0.00, real=0.01 secs] 
2014-07-16T07:37:38.879+0000: 534.099: [GC [PSYoungGen: 179138K->940K(175360K)] 317031K->138971K(862336K), 0.0030670 secs] [Times: user=0.01 sys=0.01, real=0.01 secs] 
2014-07-16T07:37:39.528+0000: 534.748: [GC [PSYoungGen: 175340K->1140K(172096K)] 313371K->139243K(859072K), 0.0050890 secs] [Times: user=0.03 sys=0.00, real=0.01 secs] 
2014-07-16T07:37:40.140+0000: 535.360: [GC [PSYoungGen: 172069K->1268K(168832K)] 310172K->139467K(855808K), 0.0050480 secs] [Times: user=0.03 sys=0.00, real=0.01 secs] 
2014-07-16T07:37:40.732+0000: 535.952: [GC [PSYoungGen: 168777K->994K(165312K)] 306976K->139249K(852288K), 0.0041450 secs] [Times: user=0.02 sys=0.00, real=0.01 secs] 
2014-07-16T07:37:41.344+0000: 536.564: [GC [PSYoungGen: 165282K->1062K(162240K)] 303537K->139447K(849216K), 0.0056310 secs] [Times: user=0.03 sys=0.00, real=0.00 secs] 
2014-07-16T07:37:41.929+0000: 537.149: [GC [PSYoungGen: 162214K->1222K(159360K)] 300599K->139695K(846336K), 0.0033620 secs] [Times: user=0.02 sys=0.01, real=0.00 secs] 
2014-07-16T07:37:42.492+0000: 537.711: [GC [PSYoungGen: 159259K->876K(156032K)] 297732K->139561K(843008K), 0.0041830 secs] [Times: user=0.03 sys=0.00, real=0.01 secs] 
2014-07-16T07:37:43.064+0000: 538.284: [GC [PSYoungGen: 156011K->1372K(153664K)] 294696K->140137K(840640K), 0.0074790 secs] [Times: user=0.03 sys=0.01, real=0.00 secs] 
2014-07-16T07:37:43.621+0000: 538.841: [GC [PSYoungGen: 153623K->812K(150272K)] 292388K->139763K(837248K), 0.0057220 secs] [Times: user=0.03 sys=0.00, real=0.01 secs] 
2014-07-16T07:37:44.159+0000: 539.379: [GC [PSYoungGen: 150252K->1158K(147968K)] 289203K->140247K(834944K), 0.0036350 secs] [Times: user=0.02 sys=0.00, real=0.00 secs] 
2014-07-16T07:37:44.683+0000: 539.903: [GC [PSYoungGen: 147910K->762K(144896K)] 286999K->140165K(831872K), 0.0042460 secs] [Times: user=0.02 sys=0.00, real=0.00 secs] 
2014-07-16T07:37:45.193+0000: 540.413: [GC [PSYoungGen: 144890K->854K(142464K)] 284293K->140313K(829440K), 0.0048410 secs] [Times: user=0.02 sys=0.00, real=0.00 secs] 
2014-07-16T07:37:45.702+0000: 540.922: [GC [PSYoungGen: 142422K->948K(140032K)] 281881K->140471K(827008K), 0.0051290 secs] [Times: user=0.03 sys=0.00, real=0.01 secs] 
2014-07-16T07:37:46.213+0000: 541.433: [GC [PSYoungGen: 140020K->972K(137664K)] 279543K->140583K(824640K), 0.0049570 secs] [Times: user=0.03 sys=0.00, real=0.01 secs] 
2014-07-16T07:37:46.727+0000: 541.947: [GC [PSYoungGen: 137612K->1008K(135360K)] 277223K->140683K(822336K), 0.0063940 secs] [Times: user=0.03 sys=0.00, real=0.00 secs] 
2014-07-16T07:37:47.203+0000: 542.423: [GC [PSYoungGen: 135314K->1082K(133184K)] 274990K->140837K(820160K), 0.0047140 secs] [Times: user=0.02 sys=0.00, real=0.01 secs] 
2014-07-16T07:37:47.665+0000: 542.885: [GC [PSYoungGen: 133178K->884K(159424K)] 272933K->141047K(846400K), 0.0094300 secs] [Times: user=0.06 sys=0.00, real=0.01 secs] 
2014-07-16T07:37:48.224+0000: 543.444: [GC [PSYoungGen: 159412K->1126K(191424K)] 299575K->141361K(878400K), 0.0070960 secs] [Times: user=0.04 sys=0.00, real=0.01 secs] 
2014-07-16T07:37:48.900+0000: 544.120: [GC [PSYoungGen: 191390K->1084K(220224K)] 331626K->141523K(907200K), 0.0030230 secs] [Times: user=0.02 sys=0.00, real=0.00 secs] 
2014-07-16T07:37:49.699+0000: 544.919: [GC [PSYoungGen: 220142K->1240K(215424K)] 360581K->141759K(902400K), 0.0059440 secs] [Times: user=0.03 sys=0.01, real=0.01 secs] 
2014-07-16T07:37:50.473+0000: 545.693: [GC [PSYoungGen: 215349K->292K(209664K)] 355869K->141609K(896640K), 0.0049410 secs] [Times: user=0.03 sys=0.00, real=0.01 secs] 
2014-07-16T07:37:51.218+0000: 546.438: [GC [PSYoungGen: 209636K->940K(205632K)] 350953K->142281K(892608K), 0.0063140 secs] [Times: user=0.02 sys=0.00, real=0.01 secs] 
2014-07-16T07:37:51.959+0000: 547.179: [GC [PSYoungGen: 205608K->1086K(201280K)] 346949K->142523K(888256K), 0.0067010 secs] [Times: user=0.04 sys=0.00, real=0.01 secs] 
2014-07-16T07:37:52.872+0000: 548.092: [GC [PSYoungGen: 201246K->1142K(196992K)] 342683K->142643K(883968K), 0.0056640 secs] [Times: user=0.02 sys=0.00, real=0.01 secs] 
2014-07-16T07:37:53.544+0000: 548.764: [GC [PSYoungGen: 196982K->738K(192384K)] 338483K->142701K(879360K), 0.0037690 secs] [Times: user=0.03 sys=0.00, real=0.01 secs] 
2014-07-16T07:37:54.232+0000: 549.452: [GC [PSYoungGen: 192326K->1444K(189056K)] 334290K->143447K(876032K), 0.0090810 secs] [Times: user=0.05 sys=0.00, real=0.01 secs] 
2014-07-16T07:37:54.904+0000: 550.124: [GC [PSYoungGen: 189028K->766K(184448K)] 331031K->143269K(871424K), 0.0070310 secs] [Times: user=0.03 sys=0.00, real=0.01 secs] 
2014-07-16T07:37:55.575+0000: 550.795: [GC [PSYoungGen: 184446K->904K(180864K)] 326949K->143511K(867840K), 0.0046130 secs] [Times: user=0.03 sys=0.00, real=0.00 secs] 
2014-07-16T07:37:56.217+0000: 551.437: [GC [PSYoungGen: 180808K->1378K(177664K)] 323415K->144091K(864640K), 0.0080180 secs] [Times: user=0.04 sys=0.00, real=0.01 secs] 
2014-07-16T07:37:56.861+0000: 552.081: [GC [PSYoungGen: 177614K->1058K(173824K)] 320328K->143859K(860800K), 0.0070830 secs] [Times: user=0.04 sys=0.00, real=0.01 secs] 
2014-07-16T07:37:57.467+0000: 552.687: [GC [PSYoungGen: 173794K->762K(170048K)] 316595K->144274K(857024K), 0.0050760 secs] [Times: user=0.03 sys=0.00, real=0.00 secs] 
2014-07-16T07:37:58.146+0000: 553.366: [GC [PSYoungGen: 170040K->1026K(167040K)] 313552K->144634K(854016K), 0.0042910 secs] [Times: user=0.03 sys=0.00, real=0.00 secs] 
2014-07-16T07:37:58.742+0000: 553.962: [GC [PSYoungGen: 166978K->972K(163776K)] 310586K->144868K(850752K), 0.0060600 secs] [Times: user=0.04 sys=0.00, real=0.01 secs] 
2014-07-16T07:37:59.336+0000: 554.556: [GC [PSYoungGen: 163724K->926K(160576K)] 307620K->144878K(847552K), 0.0076860 secs] [Times: user=0.04 sys=0.01, real=0.01 secs] 
2014-07-16T07:37:59.912+0000: 555.131: [GC [PSYoungGen: 160541K->808K(157440K)] 304493K->144840K(844416K), 0.0065570 secs] [Times: user=0.02 sys=0.00, real=0.01 secs] 
2014-07-16T07:38:00.477+0000: 555.697: [GC [PSYoungGen: 157416K->894K(188864K)] 301448K->144974K(875840K), 0.0128970 secs] [Times: user=0.09 sys=0.00, real=0.01 secs] 
2014-07-16T07:38:01.170+0000: 556.390: [GC [PSYoungGen: 188862K->562K(211136K)] 332942K->144706K(898112K), 0.0064140 secs] [Times: user=0.03 sys=0.00, real=0.01 secs] 
2014-07-16T07:38:01.923+0000: 557.143: [GC [PSYoungGen: 210162K->1504K(211264K)] 354306K->145728K(898240K), 0.0050630 secs] [Times: user=0.03 sys=0.00, real=0.01 secs] 
2014-07-16T07:38:02.681+0000: 557.901: [GC [PSYoungGen: 211104K->1026K(206016K)] 355328K->145330K(892992K), 0.0058280 secs] [Times: user=0.03 sys=0.00, real=0.01 secs] 
2014-07-16T07:38:03.465+0000: 558.685: [GC [PSYoungGen: 205954K->808K(201280K)] 350258K->145192K(888256K), 0.0075830 secs] [Times: user=0.05 sys=0.01, real=0.01 secs] 
2014-07-16T07:38:04.194+0000: 559.414: [GC [PSYoungGen: 201216K->794K(196928K)] 345600K->145258K(883904K), 0.0054440 secs] [Times: user=0.03 sys=0.00, real=0.01 secs] 
2014-07-16T07:38:04.909+0000: 560.129: [GC [PSYoungGen: 196890K->890K(192768K)] 341354K->145426K(879744K), 0.0060200 secs] [Times: user=0.04 sys=0.00, real=0.00 secs] 
2014-07-16T07:38:05.605+0000: 560.825: [GC [PSYoungGen: 192762K->1104K(188992K)] 337298K->145744K(875968K), 0.0055450 secs] [Times: user=0.03 sys=0.00, real=0.01 secs] 
2014-07-16T07:38:06.273+0000: 561.493: [GC [PSYoungGen: 188906K->1318K(185280K)] 333546K->146038K(872256K), 0.0069210 secs] [Times: user=0.05 sys=0.00, real=0.01 secs] 
2014-07-16T07:38:06.934+0000: 562.154: [GC [PSYoungGen: 185242K->762K(180928K)] 329962K->145940K(867904K), 0.0058620 secs] [Times: user=0.03 sys=0.01, real=0.01 secs] 
2014-07-16T07:38:07.586+0000: 562.806: [GC [PSYoungGen: 180922K->1572K(217792K)] 326100K->146798K(904768K), 0.0094200 secs] [Times: user=0.06 sys=0.00, real=0.01 secs] 
2014-07-16T07:38:08.412+0000: 563.632: [GC [PSYoungGen: 217764K->640K(211904K)] 362990K->146296K(898880K), 0.0037360 secs] [Times: user=0.02 sys=0.00, real=0.00 secs] 
2014-07-16T07:38:09.159+0000: 564.379: [GC [PSYoungGen: 211894K->980K(207552K)] 357550K->146684K(894528K), 0.0074840 secs] [Times: user=0.04 sys=0.00, real=0.00 secs] 
2014-07-16T07:38:09.897+0000: 565.117: [GC [PSYoungGen: 207508K->512K(202496K)] 353212K->146256K(889472K), 0.0079420 secs] [Times: user=0.04 sys=0.00, real=0.01 secs] 
2014-07-16T07:38:10.630+0000: 565.850: [GC [PSYoungGen: 202496K->726K(198336K)] 348240K->146534K(885312K), 0.0060640 secs] [Times: user=0.03 sys=0.00, real=0.00 secs] 
2014-07-16T07:38:11.344+0000: 566.564: [GC [PSYoungGen: 198294K->926K(194304K)] 344102K->146798K(881280K), 0.0033350 secs] [Times: user=0.01 sys=0.00, real=0.01 secs] 
2014-07-16T07:38:12.039+0000: 567.259: [GC [PSYoungGen: 194186K->1100K(190400K)] 340058K->147060K(877376K), 0.0029890 secs] [Times: user=0.01 sys=0.01, real=0.00 secs] 
2014-07-16T07:38:12.708+0000: 567.928: [GC [PSYoungGen: 190348K->854K(186176K)] 336308K->146894K(873152K), 0.0059290 secs] [Times: user=0.04 sys=0.00, real=0.01 secs] 
2014-07-16T07:38:13.409+0000: 568.629: [GC [PSYoungGen: 186134K->962K(182464K)] 332174K->147074K(869440K), 0.0052940 secs] [Times: user=0.03 sys=0.00, real=0.00 secs] 
2014-07-16T07:38:14.033+0000: 569.253: [GC [PSYoungGen: 182402K->1268K(179008K)] 328514K->147476K(865984K), 0.0045830 secs] [Times: user=0.02 sys=0.00, real=0.00 secs] 
2014-07-16T07:38:14.687+0000: 569.907: [GC [PSYoungGen: 178996K->658K(174848K)] 325204K->146970K(861824K), 0.0043350 secs] [Times: user=0.02 sys=0.00, real=0.01 secs] 
2014-07-16T07:38:15.305+0000: 570.525: [GC [PSYoungGen: 174801K->740K(171456K)] 321113K->147148K(858432K), 0.0043020 secs] [Times: user=0.03 sys=0.00, real=0.01 secs] 
2014-07-16T07:38:15.927+0000: 571.147: [GC [PSYoungGen: 171428K->694K(168000K)] 317836K->147198K(854976K), 0.0047880 secs] [Times: user=0.03 sys=0.00, real=0.01 secs] 
2014-07-16T07:38:16.528+0000: 571.748: [GC [PSYoungGen: 167990K->530K(164608K)] 314494K->147098K(851584K), 0.0060260 secs] [Times: user=0.04 sys=0.00, real=0.00 secs] 
2014-07-16T07:38:17.121+0000: 572.341: [GC [PSYoungGen: 164536K->726K(161664K)] 311104K->147406K(848640K), 0.0028250 secs] [Times: user=0.01 sys=0.00, real=0.00 secs] 
2014-07-16T07:38:17.698+0000: 572.918: [GC [PSYoungGen: 161622K->962K(158848K)] 308302K->147714K(845824K), 0.0056000 secs] [Times: user=0.03 sys=0.00, real=0.01 secs] 
2014-07-16T07:38:18.360+0000: 573.580: [GC [PSYoungGen: 158786K->1242K(156160K)] 305538K->148090K(843136K), 0.0063240 secs] [Times: user=0.04 sys=0.00, real=0.00 secs] 
2014-07-16T07:38:18.840+0000: 574.060: [GC [PSYoungGen: 156122K->802K(152832K)] 302970K->148272K(839808K), 0.0033940 secs] [Times: user=0.02 sys=0.00, real=0.00 secs] 
2014-07-16T07:38:19.402+0000: 574.622: [GC [PSYoungGen: 152792K->922K(150144K)] 300263K->148440K(837120K), 0.0062060 secs] [Times: user=0.04 sys=0.00, real=0.00 secs] 
2014-07-16T07:38:19.940+0000: 575.160: [GC [PSYoungGen: 150106K->1572K(148096K)] 297624K->149294K(835072K), 0.0046040 secs] [Times: user=0.03 sys=0.00, real=0.00 secs] 
2014-07-16T07:38:20.478+0000: 575.698: [GC [PSYoungGen: 148068K->1240K(145152K)] 295790K->149018K(832128K), 0.0033680 secs] [Times: user=0.01 sys=0.00, real=0.01 secs] 
2014-07-16T07:38:21.002+0000: 576.222: [GC [PSYoungGen: 145112K->744K(142080K)] 292890K->149056K(829056K), 0.0041320 secs] [Times: user=0.01 sys=0.00, real=0.00 secs] 
2014-07-16T07:38:21.519+0000: 576.739: [GC [PSYoungGen: 142056K->754K(139584K)] 290368K->149146K(826560K), 0.0069510 secs] [Times: user=0.01 sys=0.00, real=0.00 secs] 
2014-07-16T07:38:22.032+0000: 577.252: [GC [PSYoungGen: 139569K->1278K(137728K)] 287962K->149758K(824704K), 0.0048760 secs] [Times: user=0.03 sys=0.00, real=0.00 secs] 
2014-07-16T07:38:22.522+0000: 577.742: [GC [PSYoungGen: 137726K->562K(134720K)] 286206K->149114K(821696K), 0.0068190 secs] [Times: user=0.04 sys=0.00, real=0.00 secs] 
2014-07-16T07:38:23.005+0000: 578.225: [GC [PSYoungGen: 134706K->1786K(162816K)] 283258K->150608K(849792K), 0.0078300 secs] [Times: user=0.05 sys=0.00, real=0.01 secs] 
2014-07-16T07:38:23.636+0000: 578.856: [GC [PSYoungGen: 162810K->994K(158976K)] 311632K->149880K(845952K), 0.0034220 secs] [Times: user=0.02 sys=0.01, real=0.01 secs] 
2014-07-16T07:38:24.164+0000: 579.384: [GC [PSYoungGen: 158946K->662K(155712K)] 307832K->149612K(842688K), 0.0029480 secs] [Times: user=0.01 sys=0.01, real=0.00 secs] 
2014-07-16T07:38:24.728+0000: 579.948: [GC [PSYoungGen: 155670K->708K(152896K)] 304620K->149762K(839872K), 0.0047690 secs] [Times: user=0.03 sys=0.00, real=0.01 secs] 
2014-07-16T07:38:25.278+0000: 580.498: [GC [PSYoungGen: 152835K->662K(150016K)] 301889K->149820K(836992K), 0.0037790 secs] [Times: user=0.03 sys=0.00, real=0.01 secs] 
2014-07-16T07:38:25.843+0000: 581.063: [GC [PSYoungGen: 149974K->1062K(147712K)] 299132K->150268K(834688K), 0.0067700 secs] [Times: user=0.04 sys=0.01, real=0.00 secs] 
2014-07-16T07:38:26.342+0000: 581.562: [GC [PSYoungGen: 147677K->726K(144768K)] 296884K->149996K(831744K), 0.0049860 secs] [Times: user=0.02 sys=0.01, real=0.00 secs] 
2014-07-16T07:38:26.865+0000: 582.085: [GC [PSYoungGen: 144726K->1108K(142592K)] 293996K->150442K(829568K), 0.0046760 secs] [Times: user=0.03 sys=0.00, real=0.00 secs] 
2014-07-16T07:38:27.388+0000: 582.608: [GC [PSYoungGen: 142547K->594K(139584K)] 291882K->150016K(826560K), 0.0047090 secs] [Times: user=0.03 sys=0.00, real=0.01 secs] 
2014-07-16T07:38:27.897+0000: 583.117: [GC [PSYoungGen: 139538K->1022K(137536K)] 288960K->150540K(824512K), 0.0059610 secs] [Times: user=0.04 sys=0.00, real=0.01 secs] 
2014-07-16T07:38:28.469+0000: 583.689: [GC [PSYoungGen: 137534K->1606K(135872K)] 287052K->151188K(822848K), 0.0059640 secs] [Times: user=0.04 sys=0.00, real=0.01 secs] 
2014-07-16T07:38:28.882+0000: 584.102: [GC [PSYoungGen: 135814K->822K(132800K)] 285396K->150484K(819776K), 0.0049810 secs] [Times: user=0.03 sys=0.00, real=0.00 secs] 
2014-07-16T07:38:29.359+0000: 584.579: [GC [PSYoungGen: 132776K->680K(159104K)] 282438K->150406K(846080K), 0.0051370 secs] [Times: user=0.02 sys=0.00, real=0.01 secs] 
2014-07-16T07:38:29.924+0000: 585.144: [GC [PSYoungGen: 159080K->1100K(156544K)] 308806K->150914K(843520K), 0.0037700 secs] [Times: user=0.02 sys=0.00, real=0.00 secs] 
2014-07-16T07:38:30.493+0000: 585.713: [GC [PSYoungGen: 156492K->758K(153280K)] 306306K->150644K(840256K), 0.0050850 secs] [Times: user=0.02 sys=0.01, real=0.00 secs] 
2014-07-16T07:38:31.057+0000: 586.277: [GC [PSYoungGen: 153267K->1456K(151168K)] 303154K->151398K(838144K), 0.0044130 secs] [Times: user=0.02 sys=0.00, real=0.01 secs] 
2014-07-16T07:38:31.582+0000: 586.802: [GC [PSYoungGen: 151152K->940K(147968K)] 301094K->150954K(834944K), 0.0032150 secs] [Times: user=0.02 sys=0.00, real=0.00 secs] 
2014-07-16T07:38:32.137+0000: 587.357: [GC [PSYoungGen: 147948K->1500K(145920K)] 297962K->151602K(832896K), 0.0036250 secs] [Times: user=0.02 sys=0.00, real=0.01 secs] 
2014-07-16T07:38:32.634+0000: 587.854: [GC [PSYoungGen: 145884K->1076K(142912K)] 295986K->151250K(829888K), 0.0044130 secs] [Times: user=0.02 sys=0.00, real=0.00 secs] 
2014-07-16T07:38:33.143+0000: 588.363: [GC [PSYoungGen: 142900K->1154K(140544K)] 293074K->151400K(827520K), 0.0054300 secs] [Times: user=0.02 sys=0.00, real=0.00 secs] 
2014-07-16T07:38:33.699+0000: 588.919: [GC [PSYoungGen: 140482K->1076K(137984K)] 290728K->151386K(824960K), 0.0073830 secs] [Times: user=0.04 sys=0.00, real=0.01 secs] 
2014-07-16T07:38:34.150+0000: 589.370: [GC [PSYoungGen: 137972K->1404K(165696K)] 288282K->151794K(852672K), 0.0074010 secs] [Times: user=0.03 sys=0.01, real=0.01 secs] 
2014-07-16T07:38:34.733+0000: 589.952: [GC [PSYoungGen: 165614K->1012K(162176K)] 316004K->151672K(849152K), 0.0035810 secs] [Times: user=0.02 sys=0.00, real=0.00 secs] 
2014-07-16T07:38:35.321+0000: 590.541: [GC [PSYoungGen: 162164K->1086K(194496K)] 312824K->151850K(881472K), 0.0100430 secs] [Times: user=0.06 sys=0.00, real=0.02 secs] 
2014-07-16T07:38:36.030+0000: 591.250: [GC [PSYoungGen: 194443K->1186K(213824K)] 345208K->152038K(900800K), 0.0071960 secs] [Times: user=0.04 sys=0.00, real=0.01 secs] 
2014-07-16T07:38:36.788+0000: 592.008: [GC [PSYoungGen: 213432K->1080K(214016K)] 364285K->151996K(900992K), 0.0058880 secs] [Times: user=0.03 sys=0.00, real=0.01 secs] 
2014-07-16T07:38:37.557+0000: 592.777: [GC [PSYoungGen: 213368K->730K(256448K)] 364284K->151694K(943424K), 0.0099710 secs] [Times: user=0.06 sys=0.00, real=0.01 secs] 
2014-07-16T07:38:38.497+0000: 593.717: [GC [PSYoungGen: 255514K->1578K(250112K)] 406478K->152638K(937088K), 0.0051530 secs] [Times: user=0.03 sys=0.00, real=0.01 secs] 
2014-07-16T07:38:39.393+0000: 594.613: [GC [PSYoungGen: 250090K->114K(242560K)] 401150K->151728K(929536K), 0.0059350 secs] [Times: user=0.03 sys=0.00, real=0.00 secs] 
2014-07-16T07:38:40.256+0000: 595.476: [GC [PSYoungGen: 242546K->1776K(238400K)] 394160K->153513K(925376K), 0.0072270 secs] [Times: user=0.03 sys=0.00, real=0.01 secs] 
2014-07-16T07:38:41.115+0000: 596.335: [GC [PSYoungGen: 238384K->862K(231872K)] 390121K->152992K(918848K), 0.0044830 secs] [Times: user=0.03 sys=0.00, real=0.00 secs] 
2014-07-16T07:38:41.934+0000: 597.154: [GC [PSYoungGen: 231800K->1386K(226944K)] 383930K->153588K(913920K), 0.0038050 secs] [Times: user=0.01 sys=0.01, real=0.00 secs] 
2014-07-16T07:38:42.741+0000: 597.961: [GC [PSYoungGen: 226922K->776K(221120K)] 379124K->153050K(908096K), 0.0061920 secs] [Times: user=0.03 sys=0.00, real=0.01 secs] 
2014-07-16T07:38:43.540+0000: 598.760: [GC [PSYoungGen: 221064K->676K(215936K)] 373338K->153054K(902912K), 0.0035210 secs] [Times: user=0.01 sys=0.00, real=0.01 secs] 
2014-07-16T07:38:44.328+0000: 599.548: [GC [PSYoungGen: 215908K->1022K(211392K)] 368286K->153496K(898368K), 0.0044280 secs] [Times: user=0.02 sys=0.01, real=0.01 secs] 
2014-07-16T07:38:45.083+0000: 600.303: [GC [PSYoungGen: 211390K->1118K(206848K)] 363864K->153656K(893824K), 0.0034470 secs] [Times: user=0.01 sys=0.01, real=0.00 secs] 
2014-07-16T07:38:45.834+0000: 601.054: [GC [PSYoungGen: 206814K->1164K(202368K)] 359352K->153798K(889344K), 0.0048590 secs] [Times: user=0.03 sys=0.00, real=0.00 secs] 
2014-07-16T07:38:46.545+0000: 601.765: [GC [PSYoungGen: 202221K->1080K(197888K)] 354855K->153762K(884864K), 0.0035640 secs] [Times: user=0.01 sys=0.00, real=0.00 secs] 
2014-07-16T07:38:47.246+0000: 602.466: [GC [PSYoungGen: 197880K->704K(193280K)] 350562K->153450K(880256K), 0.0043030 secs] [Times: user=0.02 sys=0.00, real=0.00 secs] 
2014-07-16T07:38:47.935+0000: 603.155: [GC [PSYoungGen: 193180K->1404K(189888K)] 345927K->154222K(876864K), 0.0035790 secs] [Times: user=0.02 sys=0.00, real=0.00 secs] 
2014-07-16T07:38:48.616+0000: 603.836: [GC [PSYoungGen: 189884K->562K(185088K)] 342702K->153444K(872064K), 0.0045390 secs] [Times: user=0.03 sys=0.00, real=0.00 secs] 
2014-07-16T07:38:49.291+0000: 604.511: [GC [PSYoungGen: 185063K->858K(181568K)] 337946K->153812K(868544K), 0.0071840 secs] [Times: user=0.05 sys=0.00, real=0.01 secs] 
2014-07-16T07:38:49.935+0000: 605.155: [GC [PSYoungGen: 181530K->1130K(178112K)] 334484K->154140K(865088K), 0.0031540 secs] [Times: user=0.01 sys=0.00, real=0.00 secs] 
2014-07-16T07:38:50.583+0000: 605.803: [GC [PSYoungGen: 178090K->754K(174144K)] 331100K->153828K(861120K), 0.0036290 secs] [Times: user=0.02 sys=0.00, real=0.00 secs] 
2014-07-16T07:38:51.215+0000: 606.435: [GC [PSYoungGen: 174130K->672K(170624K)] 327204K->153810K(857600K), 0.0071690 secs] [Times: user=0.05 sys=0.00, real=0.00 secs] 
2014-07-16T07:38:51.828+0000: 607.048: [GC [PSYoungGen: 170592K->1058K(167680K)] 323730K->154260K(854656K), 0.0053100 secs] [Times: user=0.03 sys=0.00, real=0.00 secs] 
2014-07-16T07:38:52.439+0000: 607.659: [GC [PSYoungGen: 167650K->1104K(164480K)] 320852K->154370K(851456K), 0.0054070 secs] [Times: user=0.03 sys=0.00, real=0.01 secs] 
2014-07-16T07:38:53.041+0000: 608.261: [GC [PSYoungGen: 164403K->1168K(161408K)] 317670K->154506K(848384K), 0.0052570 secs] [Times: user=0.03 sys=0.00, real=0.01 secs] 
2014-07-16T07:38:53.621+0000: 608.840: [GC [PSYoungGen: 161319K->876K(158080K)] 314657K->154286K(845056K), 0.0041420 secs] [Times: user=0.02 sys=0.00, real=0.01 secs] 
2014-07-16T07:38:54.205+0000: 609.425: [GC [PSYoungGen: 158060K->1008K(155264K)] 311470K->154474K(842240K), 0.0061610 secs] [Times: user=0.03 sys=0.00, real=0.00 secs] 
2014-07-16T07:38:54.801+0000: 610.021: [GC [PSYoungGen: 155208K->1154K(152576K)] 308674K->154724K(839552K), 0.0047450 secs] [Times: user=0.03 sys=0.00, real=0.01 secs] 
2014-07-16T07:38:55.311+0000: 610.531: [GC [PSYoungGen: 152514K->1122K(149760K)] 306084K->154804K(836736K), 0.0052400 secs] [Times: user=0.03 sys=0.00, real=0.01 secs] 
2014-07-16T07:38:55.847+0000: 611.067: [GC [PSYoungGen: 149730K->866K(146816K)] 303412K->154676K(833792K), 0.0072080 secs] [Times: user=0.02 sys=0.00, real=0.01 secs] 
2014-07-16T07:38:56.377+0000: 611.597: [GC [PSYoungGen: 146786K->562K(175680K)] 300596K->154428K(862656K), 0.0065430 secs] [Times: user=0.04 sys=0.00, real=0.00 secs] 
2014-07-16T07:38:56.991+0000: 612.211: [GC [PSYoungGen: 175626K->1512K(173120K)] 329493K->155517K(860096K), 0.0045170 secs] [Times: user=0.02 sys=0.00, real=0.01 secs] 
2014-07-16T07:38:57.608+0000: 612.828: [GC [PSYoungGen: 173096K->1144K(169344K)] 327101K->155220K(856320K), 0.0060580 secs] [Times: user=0.03 sys=0.00, real=0.01 secs] 
2014-07-16T07:38:58.221+0000: 613.441: [GC [PSYoungGen: 169336K->794K(165760K)] 323412K->155226K(852736K), 0.0060070 secs] [Times: user=0.03 sys=0.00, real=0.01 secs] 
2014-07-16T07:38:58.931+0000: 614.151: [GC [PSYoungGen: 165722K->1356K(199360K)] 320154K->155860K(886336K), 0.0096920 secs] [Times: user=0.05 sys=0.00, real=0.01 secs] 
2014-07-16T07:38:59.586+0000: 614.806: [GC [PSYoungGen: 199308K->926K(235008K)] 353812K->155502K(921984K), 0.0067690 secs] [Times: user=0.04 sys=0.00, real=0.00 secs] 
2014-07-16T07:39:00.457+0000: 615.677: [GC [PSYoungGen: 234782K->1240K(229632K)] 389358K->155881K(916608K), 0.0045260 secs] [Times: user=0.03 sys=0.00, real=0.00 secs] 
2014-07-16T07:39:01.276+0000: 616.496: [GC [PSYoungGen: 229592K->506K(223552K)] 384233K->155579K(910528K), 0.0054660 secs] [Times: user=0.03 sys=0.00, real=0.00 secs] 
2014-07-16T07:39:02.093+0000: 617.313: [GC [PSYoungGen: 223546K->1164K(219136K)] 378619K->156325K(906112K), 0.0042600 secs] [Times: user=0.03 sys=0.00, real=0.01 secs] 
2014-07-16T07:39:02.871+0000: 618.091: [GC [PSYoungGen: 219084K->1482K(214464K)] 374245K->156947K(901440K), 0.0031160 secs] [Times: user=0.02 sys=0.00, real=0.00 secs] 
2014-07-16T07:39:03.646+0000: 618.866: [GC [PSYoungGen: 214410K->908K(209088K)] 369875K->156437K(896064K), 0.0071990 secs] [Times: user=0.04 sys=0.00, real=0.00 secs] 
2014-07-16T07:39:04.498+0000: 619.718: [GC [PSYoungGen: 209036K->1008K(204544K)] 364565K->156665K(891520K), 0.0083120 secs] [Times: user=0.05 sys=0.01, real=0.01 secs] 
2014-07-16T07:39:05.212+0000: 620.432: [GC [PSYoungGen: 204493K->982K(200064K)] 360150K->156711K(887040K), 0.0048250 secs] [Times: user=0.02 sys=0.00, real=0.01 secs] 
2014-07-16T07:39:05.921+0000: 621.141: [GC [PSYoungGen: 199998K->1340K(196096K)] 355727K->157257K(883072K), 0.0052120 secs] [Times: user=0.03 sys=0.00, real=0.01 secs] 
2014-07-16T07:39:06.624+0000: 621.844: [GC [PSYoungGen: 196092K->740K(191360K)] 352009K->156721K(878336K), 0.0060670 secs] [Times: user=0.03 sys=0.00, real=0.01 secs] 
2014-07-16T07:39:07.339+0000: 622.559: [GC [PSYoungGen: 191332K->886K(187456K)] 347313K->156981K(874432K), 0.0036850 secs] [Times: user=0.02 sys=0.01, real=0.00 secs] 
2014-07-16T07:39:08.013+0000: 623.233: [GC [PSYoungGen: 187424K->1272K(183936K)] 343519K->157431K(870912K), 0.0056450 secs] [Times: user=0.03 sys=0.00, real=0.01 secs] 
2014-07-16T07:39:08.657+0000: 623.877: [GC [PSYoungGen: 183928K->1340K(180224K)] 340087K->157603K(867200K), 0.0039780 secs] [Times: user=0.02 sys=0.00, real=0.00 secs] 
2014-07-16T07:39:09.346+0000: 624.566: [GC [PSYoungGen: 180200K->1322K(176576K)] 336463K->157657K(863552K), 0.0053770 secs] [Times: user=0.04 sys=0.00, real=0.00 secs] 
2014-07-16T07:39:09.972+0000: 625.192: [GC [PSYoungGen: 176554K->626K(172352K)] 332889K->157025K(859328K), 0.0051170 secs] [Times: user=0.03 sys=0.00, real=0.01 secs] 
2014-07-16T07:39:10.590+0000: 625.810: [GC [PSYoungGen: 172338K->676K(169024K)] 328737K->157155K(856000K), 0.0053750 secs] [Times: user=0.03 sys=0.00, real=0.00 secs] 
2014-07-16T07:39:11.189+0000: 626.409: [GC [PSYoungGen: 168996K->608K(165696K)] 325475K->157127K(852672K), 0.0095800 secs] [Times: user=0.05 sys=0.00, real=0.01 secs] 
2014-07-16T07:39:11.780+0000: 627.000: [GC [PSYoungGen: 165664K->748K(198848K)] 322183K->157323K(885824K), 0.0083000 secs] [Times: user=0.05 sys=0.00, real=0.01 secs] 
2014-07-16T07:39:12.479+0000: 627.699: [GC [PSYoungGen: 198823K->758K(194560K)] 355398K->157421K(881536K), 0.0055490 secs] [Times: user=0.04 sys=0.00, real=0.00 secs] 
2014-07-16T07:39:13.194+0000: 628.414: [GC [PSYoungGen: 194550K->722K(190464K)] 351213K->157465K(877440K), 0.0061530 secs] [Times: user=0.03 sys=0.00, real=0.01 secs] 
2014-07-16T07:39:13.894+0000: 629.114: [GC [PSYoungGen: 190418K->1104K(186880K)] 347161K->157919K(873856K), 0.0054920 secs] [Times: user=0.03 sys=0.00, real=0.01 secs] 
2014-07-16T07:39:14.574+0000: 629.794: [GC [PSYoungGen: 186832K->1094K(183040K)] 343647K->157965K(870016K), 0.0029810 secs] [Times: user=0.01 sys=0.00, real=0.00 secs] 
2014-07-16T07:39:15.221+0000: 630.441: [GC [PSYoungGen: 182974K->1122K(179328K)] 339845K->158065K(866304K), 0.0034080 secs] [Times: user=0.02 sys=0.01, real=0.00 secs] 
2014-07-16T07:39:15.870+0000: 631.090: [GC [PSYoungGen: 179293K->1026K(175680K)] 336236K->158065K(862656K), 0.0049920 secs] [Times: user=0.03 sys=0.00, real=0.00 secs] 
2014-07-16T07:39:16.492+0000: 631.711: [GC [PSYoungGen: 175598K->1048K(172160K)] 332638K->158159K(859136K), 0.0049000 secs] [Times: user=0.03 sys=0.00, real=0.00 secs] 
2014-07-16T07:39:17.143+0000: 632.363: [GC [PSYoungGen: 172120K->1210K(168896K)] 329231K->158425K(855872K), 0.0037920 secs] [Times: user=0.01 sys=0.00, real=0.00 secs] 
2014-07-16T07:39:17.730+0000: 632.950: [GC [PSYoungGen: 168849K->690K(165120K)] 326064K->157977K(852096K), 0.0058510 secs] [Times: user=0.04 sys=0.00, real=0.00 secs] 
2014-07-16T07:39:18.318+0000: 633.538: [GC [PSYoungGen: 165106K->968K(162240K)] 322393K->158335K(849216K), 0.0057310 secs] [Times: user=0.03 sys=0.00, real=0.01 secs] 
2014-07-16T07:39:18.904+0000: 634.124: [GC [PSYoungGen: 162178K->944K(159104K)] 319545K->158367K(846080K), 0.0076940 secs] [Times: user=0.04 sys=0.00, real=0.01 secs] 
2014-07-16T07:39:19.492+0000: 634.712: [GC [PSYoungGen: 159081K->808K(156032K)] 316504K->158311K(843008K), 0.0047030 secs] [Times: user=0.01 sys=0.00, real=0.00 secs] 
2014-07-16T07:39:20.051+0000: 635.271: [GC [PSYoungGen: 155987K->1178K(153536K)] 313490K->158761K(840512K), 0.0048060 secs] [Times: user=0.03 sys=0.00, real=0.00 secs] 
2014-07-16T07:39:20.607+0000: 635.827: [GC [PSYoungGen: 153498K->904K(150464K)] 311081K->158599K(837440K), 0.0043210 secs] [Times: user=0.02 sys=0.00, real=0.01 secs] 
2014-07-16T07:39:21.149+0000: 636.369: [GC [PSYoungGen: 150408K->804K(147648K)] 308103K->158579K(834624K), 0.0033280 secs] [Times: user=0.02 sys=0.00, real=0.00 secs] 
2014-07-16T07:39:21.692+0000: 636.912: [GC [PSYoungGen: 147596K->1186K(145408K)] 305371K->159025K(832384K), 0.0043770 secs] [Times: user=0.02 sys=0.00, real=0.00 secs] 
2014-07-16T07:39:22.204+0000: 637.424: [GC [PSYoungGen: 145378K->712K(142400K)] 303217K->158623K(829376K), 0.0048220 secs] [Times: user=0.02 sys=0.00, real=0.01 secs] 
2014-07-16T07:39:22.704+0000: 637.924: [GC [PSYoungGen: 142344K->612K(139776K)] 300255K->158579K(826752K), 0.0060670 secs] [Times: user=0.03 sys=0.00, real=0.01 secs] 
2014-07-16T07:39:23.205+0000: 638.425: [GC [PSYoungGen: 139748K->658K(137408K)] 297715K->158681K(824384K), 0.0060780 secs] [Times: user=0.02 sys=0.01, real=0.01 secs] 
2014-07-16T07:39:23.698+0000: 638.918: [GC [PSYoungGen: 137362K->794K(164928K)] 295385K->158841K(851904K), 0.0101900 secs] [Times: user=0.04 sys=0.00, real=0.01 secs] 
2014-07-16T07:39:24.388+0000: 639.608: [GC [PSYoungGen: 164884K->1192K(198144K)] 322931K->159279K(885120K), 0.0093580 secs] [Times: user=0.05 sys=0.00, real=0.01 secs] 
2014-07-16T07:39:25.011+0000: 640.231: [GC [PSYoungGen: 198120K->1226K(211648K)] 356207K->159361K(898624K), 0.0079850 secs] [Times: user=0.04 sys=0.00, real=0.00 secs] 
2014-07-16T07:39:25.762+0000: 640.982: [GC [PSYoungGen: 211338K->1086K(238016K)] 369473K->159285K(924992K), 0.0070630 secs] [Times: user=0.03 sys=0.01, real=0.01 secs] 
2014-07-16T07:39:26.621+0000: 641.841: [GC [PSYoungGen: 237495K->1190K(232000K)] 395694K->159469K(918976K), 0.0039010 secs] [Times: user=0.02 sys=0.00, real=0.00 secs] 
2014-07-16T07:39:27.458+0000: 642.678: [GC [PSYoungGen: 231974K->356K(225728K)] 390253K->159037K(912704K), 0.0063050 secs] [Times: user=0.04 sys=0.00, real=0.01 secs] 
2014-07-16T07:39:28.251+0000: 643.471: [GC [PSYoungGen: 225675K->1422K(221568K)] 384356K->160183K(908544K), 0.0035500 secs] [Times: user=0.01 sys=0.00, real=0.00 secs] 
2014-07-16T07:39:29.053+0000: 644.273: [GC [PSYoungGen: 221500K->1068K(216128K)] 380261K->160181K(903104K), 0.0035210 secs] [Times: user=0.01 sys=0.00, real=0.00 secs] 
2014-07-16T07:39:29.811+0000: 645.031: [GC [PSYoungGen: 216108K->958K(211136K)] 375221K->160159K(898112K), 0.0049360 secs] [Times: user=0.03 sys=0.00, real=0.00 secs] 
2014-07-16T07:39:30.580+0000: 645.800: [GC [PSYoungGen: 211132K->544K(206080K)] 370333K->159833K(893056K), 0.0063650 secs] [Times: user=0.05 sys=0.00, real=0.00 secs] 
2014-07-16T07:39:31.331+0000: 646.551: [GC [PSYoungGen: 206048K->1436K(202432K)] 365337K->160805K(889408K), 0.0059770 secs] [Times: user=0.03 sys=0.00, real=0.00 secs] 
2014-07-16T07:39:32.041+0000: 647.261: [GC [PSYoungGen: 202396K->1204K(197824K)] 361765K->160653K(884800K), 0.0040820 secs] [Times: user=0.02 sys=0.01, real=0.00 secs] 
2014-07-16T07:39:32.743+0000: 647.963: [GC [PSYoungGen: 197812K->990K(193408K)] 357261K->160535K(880384K), 0.0051520 secs] [Times: user=0.03 sys=0.00, real=0.00 secs] 
2014-07-16T07:39:33.439+0000: 648.659: [GC [PSYoungGen: 193374K->1200K(189504K)] 352919K->160809K(876480K), 0.0078440 secs] [Times: user=0.04 sys=0.00, real=0.01 secs] 
2014-07-16T07:39:34.121+0000: 649.341: [GC [PSYoungGen: 189488K->840K(185216K)] 349097K->160545K(872192K), 0.0032190 secs] [Times: user=0.02 sys=0.00, real=0.00 secs] 
2014-07-16T07:39:34.838+0000: 650.058: [GC [PSYoungGen: 185160K->1050K(181568K)] 344865K->160867K(868544K), 0.0056200 secs] [Times: user=0.03 sys=0.00, real=0.01 secs] 
2014-07-16T07:39:35.459+0000: 650.679: [GC [PSYoungGen: 181530K->976K(177792K)] 341347K->160881K(864768K), 0.0075350 secs] [Times: user=0.05 sys=0.00, real=0.01 secs] 
2014-07-16T07:39:36.102+0000: 651.322: [GC [PSYoungGen: 177744K->954K(174144K)] 337649K->160891K(861120K), 0.0072980 secs] [Times: user=0.03 sys=0.01, real=0.00 secs] 
2014-07-16T07:39:36.721+0000: 651.941: [GC [PSYoungGen: 174138K->926K(170688K)] 334075K->160911K(857664K), 0.0070990 secs] [Times: user=0.04 sys=0.00, real=0.00 secs] 
2014-07-16T07:39:37.333+0000: 652.553: [GC [PSYoungGen: 170654K->790K(167232K)] 330639K->160855K(854208K), 0.0063760 secs] [Times: user=0.03 sys=0.00, real=0.00 secs] 
2014-07-16T07:39:37.919+0000: 653.139: [GC [PSYoungGen: 167177K->1286K(164480K)] 327242K->161447K(851456K), 0.0050670 secs] [Times: user=0.03 sys=0.00, real=0.01 secs] 
2014-07-16T07:39:38.502+0000: 653.722: [GC [PSYoungGen: 164422K->726K(160768K)] 324583K->160975K(847744K), 0.0048420 secs] [Times: user=0.03 sys=0.00, real=0.00 secs] 
2014-07-16T07:39:39.081+0000: 654.301: [GC [PSYoungGen: 160726K->790K(157824K)] 320975K->161103K(844800K), 0.0054440 secs] [Times: user=0.03 sys=0.00, real=0.01 secs] 
2014-07-16T07:39:39.709+0000: 654.929: [GC [PSYoungGen: 157782K->926K(155008K)] 318095K->161303K(841984K), 0.0043460 secs] [Times: user=0.03 sys=0.00, real=0.01 secs] 
2014-07-16T07:39:40.208+0000: 655.428: [GC [PSYoungGen: 154974K->498K(151680K)] 315351K->160939K(838656K), 0.0052140 secs] [Times: user=0.04 sys=0.00, real=0.01 secs] 
2014-07-16T07:39:40.752+0000: 655.972: [GC [PSYoungGen: 151666K->1228K(149696K)] 312107K->161733K(836672K), 0.0038820 secs] [Times: user=0.02 sys=0.00, real=0.00 secs] 
2014-07-16T07:39:41.275+0000: 656.495: [GC [PSYoungGen: 149644K->1058K(146816K)] 310149K->161651K(833792K), 0.0049990 secs] [Times: user=0.03 sys=0.00, real=0.00 secs] 
2014-07-16T07:39:41.811+0000: 657.031: [GC [PSYoungGen: 146759K->876K(144000K)] 307353K->161647K(830976K), 0.0046390 secs] [Times: user=0.03 sys=0.00, real=0.00 secs] 
2014-07-16T07:39:42.328+0000: 657.548: [GC [PSYoungGen: 143933K->1022K(141632K)] 304704K->161857K(828608K), 0.0071600 secs] [Times: user=0.02 sys=0.00, real=0.01 secs] 
2014-07-16T07:39:42.828+0000: 658.048: [GC [PSYoungGen: 141630K->880K(139072K)] 302465K->161821K(826048K), 0.0030240 secs] [Times: user=0.02 sys=0.00, real=0.00 secs] 
2014-07-16T07:39:43.350+0000: 658.570: [GC [PSYoungGen: 139056K->826K(136640K)] 299997K->161799K(823616K), 0.0045360 secs] [Times: user=0.01 sys=0.00, real=0.01 secs] 
2014-07-16T07:39:43.855+0000: 659.075: [GC [PSYoungGen: 136625K->854K(134400K)] 297598K->161915K(821376K), 0.0045060 secs] [Times: user=0.03 sys=0.00, real=0.00 secs] 
2014-07-16T07:39:44.326+0000: 659.546: [GC [PSYoungGen: 134358K->1390K(132672K)] 295419K->162573K(819648K), 0.0036200 secs] [Times: user=0.01 sys=0.00, real=0.00 secs] 
2014-07-16T07:39:44.845+0000: 660.065: [GC [PSYoungGen: 132654K->570K(129664K)] 293837K->162061K(816640K), 0.0078790 secs] [Times: user=0.04 sys=0.00, real=0.01 secs] 
2014-07-16T07:39:45.269+0000: 660.489: [GC [PSYoungGen: 129628K->1104K(128128K)] 291120K->162683K(815104K), 0.0031940 secs] [Times: user=0.01 sys=0.00, real=0.01 secs] 
2014-07-16T07:39:45.718+0000: 660.938: [GC [PSYoungGen: 128080K->1240K(126208K)] 289659K->163189K(813184K), 0.0048080 secs] [Times: user=0.02 sys=0.00, real=0.01 secs] 
2014-07-16T07:39:46.161+0000: 661.381: [GC [PSYoungGen: 126168K->1162K(151168K)] 288117K->163143K(838144K), 0.0082940 secs] [Times: user=0.05 sys=0.00, real=0.01 secs] 
2014-07-16T07:39:46.707+0000: 661.927: [GC [PSYoungGen: 151114K->626K(180608K)] 313095K->162751K(867584K), 0.0032570 secs] [Times: user=0.02 sys=0.00, real=0.00 secs] 
2014-07-16T07:39:47.352+0000: 662.572: [GC [PSYoungGen: 180594K->940K(216960K)] 342719K->163129K(903936K), 0.0107850 secs] [Times: user=0.06 sys=0.00, real=0.01 secs] 
2014-07-16T07:39:48.137+0000: 663.357: [GC [PSYoungGen: 216940K->576K(218240K)] 379129K->162879K(905216K), 0.0070930 secs] [Times: user=0.03 sys=0.00, real=0.01 secs] 
2014-07-16T07:39:48.937+0000: 664.157: [GC [PSYoungGen: 217268K->758K(218240K)] 379572K->163125K(905216K), 0.0067050 secs] [Times: user=0.05 sys=0.00, real=0.01 secs] 
2014-07-16T07:39:49.738+0000: 664.958: [GC [PSYoungGen: 217443K->1022K(212800K)] 379811K->163477K(899776K), 0.0033280 secs] [Times: user=0.02 sys=0.00, real=0.00 secs] 
2014-07-16T07:39:50.474+0000: 665.694: [GC [PSYoungGen: 212748K->1076K(208128K)] 375204K->163619K(895104K), 0.0039200 secs] [Times: user=0.02 sys=0.00, real=0.00 secs] 
2014-07-16T07:39:51.231+0000: 666.451: [GC [PSYoungGen: 208116K->890K(203328K)] 370659K->163529K(890304K), 0.0057100 secs] [Times: user=0.04 sys=0.00, real=0.01 secs] 
2014-07-16T07:39:51.972+0000: 667.191: [GC [PSYoungGen: 203255K->940K(198976K)] 365894K->163659K(885952K), 0.0078840 secs] [Times: user=0.05 sys=0.00, real=0.01 secs] 
2014-07-16T07:39:52.685+0000: 667.905: [GC [PSYoungGen: 198956K->676K(194432K)] 361675K->163443K(881408K), 0.0030670 secs] [Times: user=0.01 sys=0.00, real=0.00 secs] 
2014-07-16T07:39:53.379+0000: 668.598: [GC [PSYoungGen: 194404K->626K(190272K)] 357171K->163465K(877248K), 0.0080170 secs] [Times: user=0.05 sys=0.00, real=0.01 secs] 
2014-07-16T07:39:54.066+0000: 669.286: [GC [PSYoungGen: 190257K->1030K(186752K)] 353096K->163925K(873728K), 0.0037040 secs] [Times: user=0.02 sys=0.00, real=0.00 secs] 
2014-07-16T07:39:54.804+0000: 670.024: [GC [PSYoungGen: 186694K->1234K(183104K)] 349589K->164209K(870080K), 0.0125750 secs] [Times: user=0.08 sys=0.00, real=0.01 secs] 
2014-07-16T07:39:55.426+0000: 670.646: [GC [PSYoungGen: 183058K->502K(178624K)] 346033K->163908K(865600K), 0.0053580 secs] [Times: user=0.04 sys=0.00, real=0.00 secs] 
2014-07-16T07:39:56.065+0000: 671.285: [GC [PSYoungGen: 178574K->1280K(175872K)] 341980K->164742K(862848K), 0.0054830 secs] [Times: user=0.03 sys=0.01, real=0.00 secs] 
2014-07-16T07:39:56.695+0000: 671.915: [GC [PSYoungGen: 175808K->1022K(172032K)] 339270K->164746K(859008K), 0.0057460 secs] [Times: user=0.03 sys=0.00, real=0.00 secs] 
2014-07-16T07:39:57.329+0000: 672.549: [GC [PSYoungGen: 172030K->958K(168576K)] 335754K->164762K(855552K), 0.0060460 secs] [Times: user=0.03 sys=0.00, real=0.01 secs] 
2014-07-16T07:39:57.937+0000: 673.157: [GC [PSYoungGen: 168555K->1262K(165632K)] 332359K->165236K(852608K), 0.0052090 secs] [Times: user=0.03 sys=0.00, real=0.00 secs] 
2014-07-16T07:39:58.506+0000: 673.726: [GC [PSYoungGen: 165614K->580K(161856K)] 329588K->164668K(848832K), 0.0038320 secs] [Times: user=0.02 sys=0.00, real=0.00 secs] 
2014-07-16T07:39:59.110+0000: 674.330: [GC [PSYoungGen: 161796K->1308K(159488K)] 325884K->165444K(846464K), 0.0066010 secs] [Times: user=0.04 sys=0.00, real=0.01 secs] 
2014-07-16T07:39:59.693+0000: 674.913: [GC [PSYoungGen: 159447K->772K(156032K)] 323583K->164972K(843008K), 0.0041970 secs] [Times: user=0.02 sys=0.00, real=0.01 secs] 
2014-07-16T07:40:00.282+0000: 675.502: [GC [PSYoungGen: 155972K->498K(152832K)] 320172K->164730K(839808K), 0.0090700 secs] [Times: user=0.05 sys=0.00, real=0.01 secs] 
2014-07-16T07:40:00.842+0000: 676.061: [GC [PSYoungGen: 152818K->812K(183616K)] 317050K->165068K(870592K), 0.0065480 secs] [Times: user=0.02 sys=0.00, real=0.01 secs] 
2014-07-16T07:40:01.504+0000: 676.724: [GC [PSYoungGen: 183596K->594K(179648K)] 347852K->164906K(866624K), 0.0051120 secs] [Times: user=0.03 sys=0.00, real=0.01 secs] 
2014-07-16T07:40:02.154+0000: 677.374: [GC [PSYoungGen: 179602K->794K(176192K)] 343914K->165178K(863168K), 0.0047780 secs] [Times: user=0.03 sys=0.01, real=0.01 secs] 
2014-07-16T07:40:02.783+0000: 678.002: [GC [PSYoungGen: 176154K->562K(172416K)] 340538K->165002K(859392K), 0.0065720 secs] [Times: user=0.04 sys=0.00, real=0.01 secs] 
2014-07-16T07:40:03.415+0000: 678.635: [GC [PSYoungGen: 172323K->658K(169152K)] 336764K->165170K(856128K), 0.0076000 secs] [Times: user=0.04 sys=0.00, real=0.00 secs] 
2014-07-16T07:40:04.034+0000: 679.254: [GC [PSYoungGen: 169106K->1196K(166336K)] 333618K->165796K(853312K), 0.0049450 secs] [Times: user=0.03 sys=0.00, real=0.01 secs] 
2014-07-16T07:40:04.621+0000: 679.841: [GC [PSYoungGen: 166288K->1558K(163520K)] 330888K->166272K(850496K), 0.0048910 secs] [Times: user=0.02 sys=0.00, real=0.01 secs] 
2014-07-16T07:40:05.250+0000: 680.470: [GC [PSYoungGen: 163455K->424K(159296K)] 328169K->165968K(846272K), 0.0066830 secs] [Times: user=0.03 sys=0.00, real=0.01 secs] 
2014-07-16T07:40:05.831+0000: 681.051: [GC [PSYoungGen: 159272K->1344K(157248K)] 324816K->166978K(844224K), 0.0061170 secs] [Times: user=0.04 sys=0.00, real=0.01 secs] 
2014-07-16T07:40:06.410+0000: 681.630: [GC [PSYoungGen: 157184K->498K(153472K)] 322818K->166504K(840448K), 0.0030910 secs] [Times: user=0.01 sys=0.00, real=0.00 secs] 
2014-07-16T07:40:06.980+0000: 682.200: [GC [PSYoungGen: 153449K->1176K(151360K)] 319456K->167246K(838336K), 0.0061610 secs] [Times: user=0.03 sys=0.00, real=0.01 secs] 
2014-07-16T07:40:07.515+0000: 682.735: [GC [PSYoungGen: 151320K->844K(181120K)] 317390K->166938K(868096K), 0.0134100 secs] [Times: user=0.08 sys=0.00, real=0.01 secs] 
2014-07-16T07:40:08.175+0000: 683.395: [GC [PSYoungGen: 181068K->730K(217088K)] 347162K->166872K(904064K), 0.0072880 secs] [Times: user=0.04 sys=0.00, real=0.00 secs] 
2014-07-16T07:40:08.941+0000: 684.161: [GC [PSYoungGen: 217050K->1236K(242752K)] 383192K->167426K(929728K), 0.0059760 secs] [Times: user=0.03 sys=0.00, real=0.01 secs] 
2014-07-16T07:40:09.825+0000: 685.045: [GC [PSYoungGen: 242170K->1240K(236480K)] 408360K->167518K(923456K), 0.0054640 secs] [Times: user=0.03 sys=0.00, real=0.01 secs] 
2014-07-16T07:40:10.707+0000: 685.927: [GC [PSYoungGen: 236440K->570K(230208K)] 402718K->167208K(917184K), 0.0085140 secs] [Times: user=0.05 sys=0.00, real=0.00 secs] 
2014-07-16T07:40:11.528+0000: 686.748: [GC [PSYoungGen: 230202K->826K(225088K)] 396840K->167544K(912064K), 0.0058650 secs] [Times: user=0.03 sys=0.00, real=0.00 secs] 
2014-07-16T07:40:12.328+0000: 687.548: [GC [PSYoungGen: 225082K->1090K(220224K)] 391800K->167986K(907200K), 0.0060470 secs] [Times: user=0.04 sys=0.01, real=0.00 secs] 
2014-07-16T07:40:13.125+0000: 688.345: [GC [PSYoungGen: 220162K->1022K(215104K)] 387058K->167990K(902080K), 0.0067250 secs] [Times: user=0.05 sys=0.00, real=0.01 secs] 
2014-07-16T07:40:13.878+0000: 689.098: [GC [PSYoungGen: 215102K->690K(209984K)] 382070K->167722K(896960K), 0.0039260 secs] [Times: user=0.02 sys=0.00, real=0.00 secs] 
2014-07-16T07:40:14.637+0000: 689.857: [GC [PSYoungGen: 209970K->608K(205248K)] 377002K->167696K(892224K), 0.0059100 secs] [Times: user=0.03 sys=0.00, real=0.00 secs] 
2014-07-16T07:40:15.397+0000: 690.617: [GC [PSYoungGen: 205127K->1454K(201600K)] 372216K->168622K(888576K), 0.0056760 secs] [Times: user=0.04 sys=0.00, real=0.00 secs] 
2014-07-16T07:40:16.086+0000: 691.306: [GC [PSYoungGen: 201582K->1722K(197504K)] 368750K->169029K(884480K), 0.0078820 secs] [Times: user=0.04 sys=0.01, real=0.00 secs] 
2014-07-16T07:40:16.789+0000: 692.009: [GC [PSYoungGen: 197495K->306K(191872K)] 364802K->168086K(878848K), 0.0043690 secs] [Times: user=0.03 sys=0.00, real=0.00 secs] 
2014-07-16T07:40:17.508+0000: 692.728: [GC [PSYoungGen: 191858K->1442K(188992K)] 359638K->169262K(875968K), 0.0072840 secs] [Times: user=0.02 sys=0.00, real=0.00 secs] 
2014-07-16T07:40:18.177+0000: 693.397: [GC [PSYoungGen: 188954K->1226K(184896K)] 356775K->169485K(871872K), 0.0039210 secs] [Times: user=0.01 sys=0.00, real=0.00 secs] 
2014-07-16T07:40:18.842+0000: 694.062: [GC [PSYoungGen: 184822K->1054K(180928K)] 353081K->169417K(867904K), 0.0050980 secs] [Times: user=0.03 sys=0.00, real=0.01 secs] 
2014-07-16T07:40:19.480+0000: 694.700: [GC [PSYoungGen: 180894K->826K(177024K)] 349257K->169269K(864000K), 0.0052620 secs] [Times: user=0.03 sys=0.00, real=0.00 secs] 
2014-07-16T07:40:20.125+0000: 695.345: [GC [PSYoungGen: 177018K->976K(173696K)] 345461K->169483K(860672K), 0.0032200 secs] [Times: user=0.01 sys=0.00, real=0.01 secs] 
2014-07-16T07:40:20.759+0000: 695.979: [GC [PSYoungGen: 173648K->712K(169984K)] 342155K->169267K(856960K), 0.0064600 secs] [Times: user=0.02 sys=0.01, real=0.00 secs] 
2014-07-16T07:40:21.371+0000: 696.591: [GC [PSYoungGen: 169928K->544K(166464K)] 338483K->169186K(853440K), 0.0047230 secs] [Times: user=0.03 sys=0.00, real=0.00 secs] 
2014-07-16T07:40:21.970+0000: 697.190: [GC [PSYoungGen: 166391K->790K(163520K)] 335034K->169520K(850496K), 0.0076460 secs] [Times: user=0.05 sys=0.00, real=0.01 secs] 
2014-07-16T07:40:22.550+0000: 697.770: [GC [PSYoungGen: 163478K->862K(160448K)] 332208K->169665K(847424K), 0.0032900 secs] [Times: user=0.02 sys=0.00, real=0.00 secs] 
2014-07-16T07:40:23.140+0000: 698.360: [GC [PSYoungGen: 160375K->1158K(157760K)] 329177K->170033K(844736K), 0.0053270 secs] [Times: user=0.03 sys=0.00, real=0.00 secs] 
2014-07-16T07:40:23.711+0000: 698.931: [GC [PSYoungGen: 157702K->626K(154240K)] 326577K->169540K(841216K), 0.0071490 secs] [Times: user=0.04 sys=0.00, real=0.01 secs] 
2014-07-16T07:40:24.268+0000: 699.487: [GC [PSYoungGen: 154226K->644K(151488K)] 323140K->169606K(838464K), 0.0070340 secs] [Times: user=0.04 sys=0.00, real=0.01 secs] 
2014-07-16T07:40:24.820+0000: 700.040: [GC [PSYoungGen: 151428K->580K(181632K)] 320390K->169582K(868608K), 0.0153040 secs] [Times: user=0.06 sys=0.00, real=0.01 secs] 
2014-07-16T07:40:25.489+0000: 700.709: [GC [PSYoungGen: 181572K->1000K(218240K)] 350574K->170099K(905216K), 0.0050690 secs] [Times: user=0.01 sys=0.00, real=0.00 secs] 
2014-07-16T07:40:26.274+0000: 701.494: [GC [PSYoungGen: 218207K->1318K(225216K)] 387306K->170465K(912192K), 0.0112780 secs] [Times: user=0.06 sys=0.00, real=0.01 secs] 
2014-07-16T07:40:27.051+0000: 702.271: [GC [PSYoungGen: 224934K->1118K(262400K)] 394081K->170321K(949376K), 0.0070670 secs] [Times: user=0.03 sys=0.00, real=0.01 secs] 
2014-07-16T07:40:27.993+0000: 703.213: [GC [PSYoungGen: 261773K->994K(262400K)] 430976K->170253K(949376K), 0.0072540 secs] [Times: user=0.05 sys=0.00, real=0.01 secs] 
2014-07-16T07:40:28.946+0000: 704.166: [GC [PSYoungGen: 261666K->776K(254976K)] 430925K->170107K(941952K), 0.0046020 secs] [Times: user=0.02 sys=0.00, real=0.01 secs] 
2014-07-16T07:40:29.863+0000: 705.083: [GC [PSYoungGen: 254906K->1148K(249024K)] 424237K->170543K(936000K), 0.0057250 secs] [Times: user=0.03 sys=0.01, real=0.01 secs] 
2014-07-16T07:40:30.779+0000: 705.999: [GC [PSYoungGen: 249020K->776K(242688K)] 418415K->170251K(929664K), 0.0054050 secs] [Times: user=0.03 sys=0.01, real=0.00 secs] 
2014-07-16T07:40:31.636+0000: 706.856: [GC [PSYoungGen: 242606K->894K(236928K)] 412081K->170449K(923904K), 0.0048970 secs] [Times: user=0.02 sys=0.00, real=0.01 secs] 
2014-07-16T07:40:32.481+0000: 707.701: [GC [PSYoungGen: 236926K->576K(230976K)] 406481K->170226K(917952K), 0.0036380 secs] [Times: user=0.02 sys=0.00, real=0.00 secs] 
2014-07-16T07:40:33.309+0000: 708.529: [GC [PSYoungGen: 230975K->1372K(226432K)] 400626K->171111K(913408K), 0.0045560 secs] [Times: user=0.03 sys=0.00, real=0.00 secs] 
2014-07-16T07:40:34.111+0000: 709.331: [GC [PSYoungGen: 226395K->708K(220608K)] 396134K->170518K(907584K), 0.0065770 secs] [Times: user=0.05 sys=0.00, real=0.00 secs] 
2014-07-16T07:40:34.912+0000: 710.132: [GC [PSYoungGen: 220548K->708K(215552K)] 390358K->170582K(902528K), 0.0073740 secs] [Times: user=0.04 sys=0.00, real=0.01 secs] 
2014-07-16T07:40:35.713+0000: 710.933: [GC [PSYoungGen: 215492K->712K(210688K)] 385366K->170611K(897664K), 0.0043190 secs] [Times: user=0.02 sys=0.00, real=0.00 secs] 
2014-07-16T07:40:36.457+0000: 711.677: [GC [PSYoungGen: 210632K->1090K(206400K)] 380531K->171077K(893376K), 0.0051180 secs] [Times: user=0.04 sys=0.00, real=0.01 secs] 
2014-07-16T07:40:37.201+0000: 712.421: [GC [PSYoungGen: 206338K->922K(201664K)] 376325K->170973K(888640K), 0.0068530 secs] [Times: user=0.05 sys=0.00, real=0.00 secs] 
2014-07-16T07:40:37.917+0000: 713.137: [GC [PSYoungGen: 201591K->944K(197312K)] 371642K->171059K(884288K), 0.0058150 secs] [Times: user=0.03 sys=0.01, real=0.01 secs] 
2014-07-16T07:40:38.618+0000: 713.838: [GC [PSYoungGen: 197296K->712K(192896K)] 367411K->170891K(879872K), 0.0044130 secs] [Times: user=0.02 sys=0.00, real=0.01 secs] 
2014-07-16T07:40:39.304+0000: 714.524: [GC [PSYoungGen: 192840K->858K(188928K)] 363019K->171116K(875904K), 0.0055370 secs] [Times: user=0.03 sys=0.00, real=0.00 secs] 
2014-07-16T07:40:39.975+0000: 715.195: [GC [PSYoungGen: 188890K->1308K(185472K)] 359148K->171639K(872448K), 0.0064960 secs] [Times: user=0.04 sys=0.00, real=0.01 secs] 
2014-07-16T07:40:40.719+0000: 715.939: [GC [PSYoungGen: 185350K->1526K(181888K)] 355681K->172037K(868864K), 0.0061150 secs] [Times: user=0.01 sys=0.00, real=0.01 secs] 
2014-07-16T07:40:41.286+0000: 716.506: [GC [PSYoungGen: 181878K->242K(176896K)] 352389K->171294K(863872K), 0.0050410 secs] [Times: user=0.04 sys=0.00, real=0.01 secs] 
2014-07-16T07:40:41.921+0000: 717.141: [GC [PSYoungGen: 176882K->1558K(174656K)] 347934K->172666K(861632K), 0.0052550 secs] [Times: user=0.02 sys=0.00, real=0.00 secs] 
2014-07-16T07:40:42.559+0000: 717.779: [GC [PSYoungGen: 174614K->990K(170624K)] 345722K->172642K(857600K), 0.0050810 secs] [Times: user=0.03 sys=0.01, real=0.01 secs] 
2014-07-16T07:40:43.180+0000: 718.400: [GC [PSYoungGen: 170590K->976K(167296K)] 342242K->172724K(854272K), 0.0034080 secs] [Times: user=0.02 sys=0.01, real=0.00 secs] 
2014-07-16T07:40:43.774+0000: 718.994: [GC [PSYoungGen: 167243K->1254K(164352K)] 338992K->173090K(851328K), 0.0096690 secs] [Times: user=0.05 sys=0.00, real=0.01 secs] 
2014-07-16T07:40:44.382+0000: 719.602: [GC [PSYoungGen: 164326K->712K(160704K)] 336162K->172596K(847680K), 0.0036050 secs] [Times: user=0.02 sys=0.00, real=0.00 secs] 
2014-07-16T07:40:44.953+0000: 720.173: [GC [PSYoungGen: 160648K->1004K(157952K)] 332532K->172976K(844928K), 0.0030560 secs] [Times: user=0.02 sys=0.00, real=0.00 secs] 
2014-07-16T07:40:45.518+0000: 720.737: [GC [PSYoungGen: 157932K->1190K(189568K)] 329904K->173226K(876544K), 0.0121200 secs] [Times: user=0.07 sys=0.01, real=0.01 secs] 
2014-07-16T07:40:46.227+0000: 721.447: [GC [PSYoungGen: 189542K->1126K(185536K)] 361578K->173948K(872512K), 0.0038040 secs] [Times: user=0.02 sys=0.01, real=0.01 secs] 
2014-07-16T07:40:46.861+0000: 722.081: [GC [PSYoungGen: 185509K->1154K(181760K)] 358331K->174064K(868736K), 0.0060560 secs] [Times: user=0.04 sys=0.00, real=0.01 secs] 
2014-07-16T07:40:47.537+0000: 722.757: [GC [PSYoungGen: 181698K->1068K(217792K)] 354608K->174282K(904768K), 0.0084600 secs] [Times: user=0.04 sys=0.01, real=0.01 secs] 
2014-07-16T07:40:48.306+0000: 723.526: [GC [PSYoungGen: 217731K->926K(212736K)] 390945K->174196K(899712K), 0.0039050 secs] [Times: user=0.01 sys=0.00, real=0.00 secs] 
2014-07-16T07:40:49.087+0000: 724.307: [GC [PSYoungGen: 212702K->1086K(208128K)] 385972K->174420K(895104K), 0.0056350 secs] [Times: user=0.03 sys=0.00, real=0.01 secs] 
2014-07-16T07:40:49.849+0000: 725.069: [GC [PSYoungGen: 208126K->1036K(203520K)] 381460K->174458K(890496K), 0.0038360 secs] [Times: user=0.01 sys=0.00, real=0.01 secs] 
2014-07-16T07:40:50.588+0000: 725.808: [GC [PSYoungGen: 203468K->994K(199040K)] 376890K->174480K(886016K), 0.0065140 secs] [Times: user=0.04 sys=0.00, real=0.01 secs] 
2014-07-16T07:40:51.358+0000: 726.578: [GC [PSYoungGen: 199010K->512K(194240K)] 372496K->174094K(881216K), 0.0045220 secs] [Times: user=0.03 sys=0.00, real=0.01 secs] 
2014-07-16T07:40:52.057+0000: 727.277: [GC [PSYoungGen: 194234K->694K(190336K)] 367817K->174316K(877312K), 0.0041800 secs] [Times: user=0.01 sys=0.00, real=0.00 secs] 
2014-07-16T07:40:52.737+0000: 727.957: [GC [PSYoungGen: 190326K->1008K(186688K)] 363948K->174726K(873664K), 0.0039120 secs] [Times: user=0.02 sys=0.01, real=0.00 secs] 
2014-07-16T07:40:53.406+0000: 728.626: [GC [PSYoungGen: 186672K->694K(182528K)] 360390K->174484K(869504K), 0.0060090 secs] [Times: user=0.03 sys=0.01, real=0.01 secs] 
2014-07-16T07:40:54.063+0000: 729.283: [GC [PSYoungGen: 182517K->1598K(179712K)] 356307K->175542K(866688K), 0.0082830 secs] [Times: user=0.04 sys=0.01, real=0.00 secs] 
2014-07-16T07:40:54.714+0000: 729.934: [GC [PSYoungGen: 179710K->726K(175296K)] 353654K->174734K(862272K), 0.0035200 secs] [Times: user=0.02 sys=0.00, real=0.00 secs] 
2014-07-16T07:40:55.350+0000: 730.570: [GC [PSYoungGen: 175254K->936K(171968K)] 349262K->175000K(858944K), 0.0041740 secs] [Times: user=0.02 sys=0.00, real=0.01 secs] 
2014-07-16T07:40:55.992+0000: 731.212: [GC [PSYoungGen: 171944K->1304K(168960K)] 346008K->175456K(855936K), 0.0057050 secs] [Times: user=0.03 sys=0.00, real=0.00 secs] 
2014-07-16T07:40:56.598+0000: 731.818: [GC [PSYoungGen: 168920K->512K(164864K)] 343072K->174752K(851840K), 0.0046830 secs] [Times: user=0.03 sys=0.00, real=0.01 secs] 
2014-07-16T07:40:57.188+0000: 732.408: [GC [PSYoungGen: 164835K->580K(161856K)] 339075K->174892K(848832K), 0.0047660 secs] [Times: user=0.03 sys=0.00, real=0.01 secs] 
2014-07-16T07:40:57.762+0000: 732.982: [GC [PSYoungGen: 161796K->1376K(159552K)] 336108K->175760K(846528K), 0.0054290 secs] [Times: user=0.03 sys=0.01, real=0.01 secs] 
2014-07-16T07:40:58.341+0000: 733.561: [GC [PSYoungGen: 159434K->840K(156096K)] 333819K->175296K(843072K), 0.0046510 secs] [Times: user=0.02 sys=0.00, real=0.01 secs] 
2014-07-16T07:40:58.897+0000: 734.117: [GC [PSYoungGen: 156040K->954K(153280K)] 330496K->175474K(840256K), 0.0084460 secs] [Times: user=0.05 sys=0.00, real=0.01 secs] 
2014-07-16T07:40:59.444+0000: 734.664: [GC [PSYoungGen: 153274K->658K(150208K)] 327794K->175274K(837184K), 0.0034490 secs] [Times: user=0.02 sys=0.00, real=0.00 secs] 
2014-07-16T07:40:59.982+0000: 735.202: [GC [PSYoungGen: 150162K->1110K(147968K)] 324778K->175774K(834944K), 0.0058720 secs] [Times: user=0.01 sys=0.01, real=0.01 secs] 
2014-07-16T07:41:00.533+0000: 735.753: [GC [PSYoungGen: 147901K->708K(176960K)] 322565K->175444K(863936K), 0.0095580 secs] [Times: user=0.06 sys=0.00, real=0.00 secs] 
2014-07-16T07:41:01.194+0000: 736.414: [GC [PSYoungGen: 176893K->822K(212288K)] 351630K->175606K(899264K), 0.0065550 secs] [Times: user=0.02 sys=0.00, real=0.00 secs] 
2014-07-16T07:41:01.954+0000: 737.174: [GC [PSYoungGen: 212266K->1050K(254848K)] 387051K->175882K(941824K), 0.0136070 secs] [Times: user=0.07 sys=0.01, real=0.01 secs] 
2014-07-16T07:41:02.875+0000: 738.095: [GC [PSYoungGen: 254810K->1130K(281664K)] 429642K->176010K(968640K), 0.0031460 secs] [Times: user=0.02 sys=0.00, real=0.00 secs] 
2014-07-16T07:41:03.881+0000: 739.101: [GC [PSYoungGen: 281148K->1112K(273984K)] 456028K->176048K(960960K), 0.0074470 secs] [Times: user=0.04 sys=0.00, real=0.01 secs] 
2014-07-16T07:41:04.869+0000: 740.089: [GC [PSYoungGen: 273942K->880K(266752K)] 448878K->175856K(953728K), 0.0085460 secs] [Times: user=0.05 sys=0.00, real=0.01 secs] 
2014-07-16T07:41:05.842+0000: 741.061: [GC [PSYoungGen: 266736K->722K(259904K)] 441712K->175786K(946880K), 0.0051960 secs] [Times: user=0.02 sys=0.00, real=0.01 secs] 
2014-07-16T07:41:06.838+0000: 742.058: [GC [PSYoungGen: 259858K->612K(253312K)] 434922K->175764K(940288K), 0.0084140 secs] [Times: user=0.05 sys=0.00, real=0.01 secs] 
2014-07-16T07:41:07.760+0000: 742.980: [GC [PSYoungGen: 253252K->772K(247296K)] 428404K->176020K(934272K), 0.0081550 secs] [Times: user=0.06 sys=0.00, real=0.01 secs] 
2014-07-16T07:41:08.639+0000: 743.859: [GC [PSYoungGen: 247229K->744K(241216K)] 422477K->176040K(928192K), 0.0040920 secs] [Times: user=0.02 sys=0.00, real=0.00 secs] 
2014-07-16T07:41:09.523+0000: 744.743: [GC [PSYoungGen: 241192K->1404K(236096K)] 416488K->176898K(923072K), 0.0073350 secs] [Times: user=0.04 sys=0.00, real=0.01 secs] 
2014-07-16T07:41:10.356+0000: 745.576: [GC [PSYoungGen: 236092K->858K(230016K)] 411586K->176416K(916992K), 0.0069240 secs] [Times: user=0.03 sys=0.00, real=0.00 secs] 
2014-07-16T07:41:11.244+0000: 746.464: [GC [PSYoungGen: 229978K->662K(224448K)] 405536K->176268K(911424K), 0.0055640 secs] [Times: user=0.03 sys=0.00, real=0.01 secs] 
2014-07-16T07:41:12.045+0000: 747.265: [GC [PSYoungGen: 224375K->544K(219136K)] 399982K->176222K(906112K), 0.0037820 secs] [Times: user=0.01 sys=0.00, real=0.00 secs] 
2014-07-16T07:41:12.824+0000: 748.044: [GC [PSYoungGen: 219076K->712K(214336K)] 394754K->176446K(901312K), 0.0053540 secs] [Times: user=0.03 sys=0.00, real=0.01 secs] 
2014-07-16T07:41:13.594+0000: 748.814: [GC [PSYoungGen: 214280K->598K(209408K)] 390014K->176380K(896384K), 0.0057940 secs] [Times: user=0.03 sys=0.00, real=0.01 secs] 
2014-07-16T07:41:14.336+0000: 749.556: [GC [PSYoungGen: 209366K->1464K(205632K)] 385148K->177350K(892608K), 0.0058770 secs] [Times: user=0.03 sys=0.00, real=0.00 secs] 
2014-07-16T07:41:15.064+0000: 750.284: [GC [PSYoungGen: 205611K->808K(200512K)] 381498K->176750K(887488K), 0.0032950 secs] [Times: user=0.02 sys=0.00, real=0.01 secs] 
2014-07-16T07:41:15.798+0000: 751.018: [GC [PSYoungGen: 200455K->794K(196160K)] 376397K->176816K(883136K), 0.0038430 secs] [Times: user=0.01 sys=0.00, real=0.00 secs] 
2014-07-16T07:41:16.527+0000: 751.747: [GC [PSYoungGen: 196122K->1108K(192320K)] 372144K->177210K(879296K), 0.0039600 secs] [Times: user=0.02 sys=0.00, real=0.00 secs] 
2014-07-16T07:41:17.213+0000: 752.433: [GC [PSYoungGen: 192249K->754K(187904K)] 368351K->176928K(874880K), 0.0070890 secs] [Times: user=0.05 sys=0.00, real=0.01 secs] 
2014-07-16T07:41:17.893+0000: 753.113: [GC [PSYoungGen: 187890K->736K(184000K)] 364064K->177022K(870976K), 0.0046660 secs] [Times: user=0.03 sys=0.00, real=0.01 secs] 
2014-07-16T07:41:18.557+0000: 753.777: [GC [PSYoungGen: 183968K->466K(179968K)] 360254K->176792K(866944K), 0.0061700 secs] [Times: user=0.03 sys=0.00, real=0.00 secs] 
2014-07-16T07:41:19.206+0000: 754.426: [GC [PSYoungGen: 179922K->1286K(177152K)] 356248K->177692K(864128K), 0.0071030 secs] [Times: user=0.04 sys=0.00, real=0.00 secs] 
2014-07-16T07:41:19.862+0000: 755.082: [GC [PSYoungGen: 177056K->1268K(173568K)] 353463K->177844K(860544K), 0.0064220 secs] [Times: user=0.04 sys=0.00, real=0.01 secs] 
2014-07-16T07:41:20.489+0000: 755.709: [GC [PSYoungGen: 173556K->786K(169728K)] 350132K->177466K(856704K), 0.0055590 secs] [Times: user=0.03 sys=0.00, real=0.00 secs] 
2014-07-16T07:41:21.098+0000: 756.318: [GC [PSYoungGen: 169668K->826K(166400K)] 346349K->177562K(853376K), 0.0034240 secs] [Times: user=0.01 sys=0.00, real=0.00 secs] 
2014-07-16T07:41:21.701+0000: 756.921: [GC [PSYoungGen: 166394K->872K(163264K)] 343130K->177688K(850240K), 0.0040160 secs] [Times: user=0.02 sys=0.00, real=0.00 secs] 
2014-07-16T07:41:22.318+0000: 757.538: [GC [PSYoungGen: 163240K->1568K(160832K)] 340056K->178596K(847808K), 0.0088780 secs] [Times: user=0.05 sys=0.01, real=0.01 secs] 
2014-07-16T07:41:22.871+0000: 758.091: [GC [PSYoungGen: 160800K->790K(157056K)] 337828K->177882K(844032K), 0.0053580 secs] [Times: user=0.02 sys=0.00, real=0.01 secs] 
2014-07-16T07:41:23.435+0000: 758.655: [GC [PSYoungGen: 157014K->1122K(154432K)] 334106K->178294K(841408K), 0.0035520 secs] [Times: user=0.02 sys=0.01, real=0.01 secs] 
2014-07-16T07:41:23.996+0000: 759.216: [GC [PSYoungGen: 154402K->976K(184960K)] 331574K->178212K(871936K), 0.0117820 secs] [Times: user=0.08 sys=0.00, real=0.02 secs] 
2014-07-16T07:41:24.665+0000: 759.885: [GC [PSYoungGen: 184912K->726K(221504K)] 362148K->178026K(908480K), 0.0113370 secs] [Times: user=0.07 sys=0.00, real=0.01 secs] 
2014-07-16T07:41:25.458+0000: 760.678: [GC [PSYoungGen: 221458K->1262K(266176K)] 398759K->178618K(953152K), 0.0057130 secs] [Times: user=0.03 sys=0.00, real=0.00 secs] 
2014-07-16T07:41:26.452+0000: 761.672: [GC [PSYoungGen: 266152K->1186K(259456K)] 443509K->178622K(946432K), 0.0044650 secs] [Times: user=0.02 sys=0.01, real=0.00 secs] 
2014-07-16T07:41:27.348+0000: 762.568: [GC [PSYoungGen: 259426K->1180K(253056K)] 436862K->178688K(940032K), 0.0046560 secs] [Times: user=0.03 sys=0.00, real=0.00 secs] 
2014-07-16T07:41:28.263+0000: 763.483: [GC [PSYoungGen: 253020K->676K(246336K)] 430528K->178264K(933312K), 0.0049710 secs] [Times: user=0.04 sys=0.00, real=0.01 secs] 
2014-07-16T07:41:29.142+0000: 764.362: [GC [PSYoungGen: 246307K->1208K(240896K)] 423896K->178868K(927872K), 0.0072930 secs] [Times: user=0.04 sys=0.01, real=0.01 secs] 
2014-07-16T07:41:30.020+0000: 765.240: [GC [PSYoungGen: 240888K->818K(234752K)] 418548K->178550K(921728K), 0.0048620 secs] [Times: user=0.02 sys=0.00, real=0.00 secs] 
2014-07-16T07:41:30.870+0000: 766.090: [GC [PSYoungGen: 234738K->1008K(229440K)] 412470K->178836K(916416K), 0.0034210 secs] [Times: user=0.02 sys=0.00, real=0.00 secs] 
2014-07-16T07:41:31.711+0000: 766.931: [GC [PSYoungGen: 229424K->1132K(224256K)] 407252K->179056K(911232K), 0.0060820 secs] [Times: user=0.04 sys=0.00, real=0.00 secs] 
2014-07-16T07:41:32.495+0000: 767.715: [GC [PSYoungGen: 224236K->1082K(219072K)] 402160K->179086K(906048K), 0.0051290 secs] [Times: user=0.02 sys=0.00, real=0.01 secs] 
2014-07-16T07:41:33.273+0000: 768.493: [GC [PSYoungGen: 219029K->1022K(214016K)] 397033K->179414K(900992K), 0.0031660 secs] [Times: user=0.02 sys=0.00, real=0.00 secs] 
2014-07-16T07:41:34.027+0000: 769.247: [GC [PSYoungGen: 214004K->804K(209024K)] 392397K->179252K(896000K), 0.0036340 secs] [Times: user=0.01 sys=0.00, real=0.01 secs] 
2014-07-16T07:41:34.789+0000: 770.009: [GC [PSYoungGen: 208951K->1112K(204736K)] 387399K->179624K(891712K), 0.0084980 secs] [Times: user=0.05 sys=0.00, real=0.00 secs] 
2014-07-16T07:41:35.534+0000: 770.754: [GC [PSYoungGen: 204696K->908K(200064K)] 383208K->179476K(887040K), 0.0041210 secs] [Times: user=0.01 sys=0.00, real=0.01 secs] 
2014-07-16T07:41:36.248+0000: 771.468: [GC [PSYoungGen: 199950K->1122K(195968K)] 378518K->179796K(882944K), 0.0045870 secs] [Times: user=0.02 sys=0.00, real=0.01 secs] 
2014-07-16T07:41:36.952+0000: 772.172: [GC [PSYoungGen: 195938K->562K(191232K)] 374612K->179300K(878208K), 0.0055490 secs] [Times: user=0.03 sys=0.00, real=0.00 secs] 
2014-07-16T07:41:37.641+0000: 772.861: [GC [PSYoungGen: 191218K->1340K(187968K)] 369956K->180126K(874944K), 0.0046160 secs] [Times: user=0.02 sys=0.00, real=0.00 secs] 
2014-07-16T07:41:38.323+0000: 773.543: [GC [PSYoungGen: 187964K->704K(183424K)] 366750K->179578K(870400K), 0.0040160 secs] [Times: user=0.03 sys=0.00, real=0.00 secs] 
2014-07-16T07:41:38.985+0000: 774.205: [GC [PSYoungGen: 183424K->744K(179712K)] 362298K->179682K(866688K), 0.0045130 secs] [Times: user=0.02 sys=0.00, real=0.01 secs] 
2014-07-16T07:41:39.632+0000: 774.852: [GC [PSYoungGen: 179688K->1632K(176960K)] 358626K->180626K(863936K), 0.0047590 secs] [Times: user=0.02 sys=0.00, real=0.00 secs] 
2014-07-16T07:41:40.263+0000: 775.483: [GC [PSYoungGen: 176926K->562K(172352K)] 355920K->179620K(859328K), 0.0118600 secs] [Times: user=0.06 sys=0.00, real=0.01 secs] 
2014-07-16T07:41:40.879+0000: 776.099: [GC [PSYoungGen: 172338K->822K(169216K)] 351396K->179952K(856192K), 0.0054270 secs] [Times: user=0.02 sys=0.01, real=0.00 secs] 
2014-07-16T07:41:41.616+0000: 776.836: [GC [PSYoungGen: 169206K->1256K(166400K)] 348336K->180466K(853376K), 0.0070320 secs] [Times: user=0.04 sys=0.01, real=0.01 secs] 
2014-07-16T07:41:42.122+0000: 777.342: [GC [PSYoungGen: 166334K->830K(162752K)] 345544K->180104K(849728K), 0.0062120 secs] [Times: user=0.03 sys=0.00, real=0.00 secs] 
2014-07-16T07:41:42.702+0000: 777.922: [GC [PSYoungGen: 162750K->890K(159744K)] 342024K->180228K(846720K), 0.0030510 secs] [Times: user=0.01 sys=0.00, real=0.00 secs] 
2014-07-16T07:41:43.272+0000: 778.492: [GC [PSYoungGen: 159724K->1154K(157056K)] 339063K->180596K(844032K), 0.0043360 secs] [Times: user=0.03 sys=0.00, real=0.00 secs] 
2014-07-16T07:41:43.836+0000: 779.056: [GC [PSYoungGen: 156994K->708K(153728K)] 336436K->180214K(840704K), 0.0083300 secs] [Times: user=0.06 sys=0.00, real=0.01 secs] 
2014-07-16T07:41:44.397+0000: 779.617: [GC [PSYoungGen: 153585K->1022K(151168K)] 333091K->180592K(838144K), 0.0038710 secs] [Times: user=0.01 sys=0.00, real=0.01 secs] 
2014-07-16T07:41:44.925+0000: 780.145: [GC [PSYoungGen: 151166K->804K(148224K)] 330736K->180430K(835200K), 0.0037720 secs] [Times: user=0.02 sys=0.00, real=0.00 secs] 
2014-07-16T07:41:45.462+0000: 780.682: [GC [PSYoungGen: 148196K->772K(145600K)] 327822K->180502K(832576K), 0.0047190 secs] [Times: user=0.02 sys=0.00, real=0.00 secs] 
2014-07-16T07:41:45.989+0000: 781.209: [GC [PSYoungGen: 145540K->722K(142976K)] 325270K->180532K(829952K), 0.0044990 secs] [Times: user=0.03 sys=0.00, real=0.01 secs] 
2014-07-16T07:41:46.481+0000: 781.701: [GC [PSYoungGen: 142930K->762K(140480K)] 322740K->180628K(827456K), 0.0040030 secs] [Times: user=0.02 sys=0.00, real=0.00 secs] 
2014-07-16T07:41:47.000+0000: 782.220: [GC [PSYoungGen: 140474K->680K(137984K)] 320340K->180602K(824960K), 0.0074120 secs] [Times: user=0.05 sys=0.00, real=0.01 secs] 
2014-07-16T07:41:47.488+0000: 782.708: [GC [PSYoungGen: 137960K->608K(135552K)] 317882K->180634K(822528K), 0.0042090 secs] [Times: user=0.03 sys=0.00, real=0.01 secs] 
2014-07-16T07:41:47.972+0000: 783.192: [GC [PSYoungGen: 135520K->1108K(163072K)] 315546K->181206K(850048K), 0.0062980 secs] [Times: user=0.04 sys=0.00, real=0.00 secs] 
2014-07-16T07:41:48.554+0000: 783.774: [GC [PSYoungGen: 163028K->858K(159744K)] 343126K->181052K(846720K), 0.0046060 secs] [Times: user=0.02 sys=0.01, real=0.00 secs] 
2014-07-16T07:41:49.142+0000: 784.362: [GC [PSYoungGen: 159706K->980K(156864K)] 339900K->181230K(843840K), 0.0054870 secs] [Times: user=0.03 sys=0.00, real=0.00 secs] 
2014-07-16T07:41:49.707+0000: 784.927: [GC [PSYoungGen: 156820K->794K(153792K)] 337070K->181116K(840768K), 0.0035950 secs] [Times: user=0.02 sys=0.00, real=0.00 secs] 
2014-07-16T07:41:50.279+0000: 785.499: [GC [PSYoungGen: 153751K->1144K(151296K)] 334074K->182084K(838272K), 0.0036020 secs] [Times: user=0.02 sys=0.00, real=0.01 secs] 
2014-07-16T07:41:50.805+0000: 786.025: [GC [PSYoungGen: 151276K->1026K(148480K)] 332217K->182022K(835456K), 0.0066800 secs] [Times: user=0.04 sys=0.00, real=0.01 secs] 
2014-07-16T07:41:51.330+0000: 786.550: [GC [PSYoungGen: 148418K->676K(145472K)] 329414K->181986K(832448K), 0.0062450 secs] [Times: user=0.04 sys=0.00, real=0.01 secs] 
2014-07-16T07:41:51.921+0000: 787.141: [GC [PSYoungGen: 145442K->1390K(143616K)] 326753K->182797K(830592K), 0.0049010 secs] [Times: user=0.02 sys=0.00, real=0.01 secs] 
2014-07-16T07:41:52.406+0000: 787.626: [GC [PSYoungGen: 143580K->1126K(140864K)] 324987K->182605K(827840K), 0.0028760 secs] [Times: user=0.02 sys=0.00, real=0.00 secs] 
2014-07-16T07:41:52.943+0000: 788.163: [GC [PSYoungGen: 140836K->1150K(138432K)] 322315K->182708K(825408K), 0.0071420 secs] [Times: user=0.05 sys=0.00, real=0.00 secs] 
2014-07-16T07:41:53.440+0000: 788.660: [GC [PSYoungGen: 138430K->772K(165568K)] 319988K->182386K(852544K), 0.0071710 secs] [Times: user=0.04 sys=0.00, real=0.01 secs] 
2014-07-16T07:41:54.015+0000: 789.235: [GC [PSYoungGen: 165508K->858K(162432K)] 347122K->182544K(849408K), 0.0047970 secs] [Times: user=0.01 sys=0.00, real=0.00 secs] 
2014-07-16T07:41:54.601+0000: 789.821: [GC [PSYoungGen: 162392K->1026K(159552K)] 344079K->182784K(846528K), 0.0054690 secs] [Times: user=0.03 sys=0.00, real=0.00 secs] 
2014-07-16T07:41:55.173+0000: 790.393: [GC [PSYoungGen: 159490K->658K(156160K)] 341248K->182488K(843136K), 0.0039430 secs] [Times: user=0.02 sys=0.00, real=0.00 secs] 
2014-07-16T07:41:55.753+0000: 790.973: [GC [PSYoungGen: 156113K->950K(153536K)] 337944K->182844K(840512K), 0.0078470 secs] [Times: user=0.05 sys=0.00, real=0.00 secs] 
2014-07-16T07:41:56.293+0000: 791.513: [GC [PSYoungGen: 153526K->1040K(150848K)] 335420K->182998K(837824K), 0.0041730 secs] [Times: user=0.02 sys=0.00, real=0.00 secs] 
2014-07-16T07:41:56.834+0000: 792.054: [GC [PSYoungGen: 150800K->1058K(148160K)] 332758K->183212K(835136K), 0.0055230 secs] [Times: user=0.03 sys=0.00, real=0.00 secs] 
2014-07-16T07:41:57.362+0000: 792.582: [GC [PSYoungGen: 148091K->1040K(145536K)] 330245K->183267K(832512K), 0.0052020 secs] [Times: user=0.03 sys=0.00, real=0.00 secs] 
2014-07-16T07:41:57.892+0000: 793.112: [GC [PSYoungGen: 145488K->740K(142656K)] 327715K->183030K(829632K), 0.0064130 secs] [Times: user=0.03 sys=0.01, real=0.00 secs] 
2014-07-16T07:41:58.400+0000: 793.620: [GC [PSYoungGen: 142605K->1144K(140544K)] 324896K->183539K(827520K), 0.0028950 secs] [Times: user=0.01 sys=0.00, real=0.01 secs] 
2014-07-16T07:41:58.907+0000: 794.127: [GC [PSYoungGen: 140536K->594K(167936K)] 322931K->183076K(854912K), 0.0103230 secs] [Times: user=0.07 sys=0.00, real=0.01 secs] 
2014-07-16T07:41:59.517+0000: 794.737: [GC [PSYoungGen: 167890K->886K(201664K)] 350372K->183448K(888640K), 0.0055180 secs] [Times: user=0.03 sys=0.00, real=0.01 secs] 
2014-07-16T07:42:00.228+0000: 795.448: [GC [PSYoungGen: 201654K->1118K(242112K)] 384216K->183736K(929088K), 0.0079320 secs] [Times: user=0.04 sys=0.00, real=0.01 secs] 
2014-07-16T07:42:01.099+0000: 796.319: [GC [PSYoungGen: 242078K->594K(235840K)] 424696K->183332K(922816K), 0.0055220 secs] [Times: user=0.03 sys=0.00, real=0.01 secs] 
2014-07-16T07:42:02.087+0000: 797.307: [GC [PSYoungGen: 235794K->1282K(230976K)] 418532K->184109K(917952K), 0.0073190 secs] [Times: user=0.05 sys=0.00, real=0.01 secs] 
2014-07-16T07:42:02.920+0000: 798.140: [GC [PSYoungGen: 230914K->1522K(225792K)] 413741K->184437K(912768K), 0.0061740 secs] [Times: user=0.03 sys=0.00, real=0.01 secs] 
2014-07-16T07:42:03.736+0000: 798.956: [GC [PSYoungGen: 225778K->374K(248576K)] 408693K->183949K(935552K), 0.0124470 secs] [Times: user=0.08 sys=0.00, real=0.01 secs] 
2014-07-16T07:42:04.658+0000: 799.878: [GC [PSYoungGen: 248514K->1458K(243584K)] 432089K->185081K(930560K), 0.0038590 secs] [Times: user=0.02 sys=0.00, real=0.00 secs] 
2014-07-16T07:42:05.513+0000: 800.733: [GC [PSYoungGen: 243543K->228K(236544K)] 427166K->184777K(923520K), 0.0072540 secs] [Times: user=0.04 sys=0.00, real=0.01 secs] 
2014-07-16T07:42:06.365+0000: 801.585: [GC [PSYoungGen: 236516K->1386K(232064K)] 421065K->185999K(919040K), 0.0043710 secs] [Times: user=0.02 sys=0.00, real=0.00 secs] 
2014-07-16T07:42:07.268+0000: 802.488: [GC [PSYoungGen: 232042K->1222K(226496K)] 416655K->186113K(913472K), 0.0093870 secs] [Times: user=0.06 sys=0.01, real=0.01 secs] 
2014-07-16T07:42:08.094+0000: 803.314: [GC [PSYoungGen: 226404K->1308K(221312K)] 411295K->186255K(908288K), 0.0079020 secs] [Times: user=0.04 sys=0.01, real=0.00 secs] 
2014-07-16T07:42:08.886+0000: 804.106: [GC [PSYoungGen: 221276K->994K(215936K)] 406223K->186143K(902912K), 0.0041710 secs] [Times: user=0.02 sys=0.00, real=0.00 secs] 
2014-07-16T07:42:09.657+0000: 804.877: [GC [PSYoungGen: 215906K->1122K(211200K)] 401055K->186343K(898176K), 0.0075530 secs] [Times: user=0.05 sys=0.00, real=0.01 secs] 
2014-07-16T07:42:10.420+0000: 805.640: [GC [PSYoungGen: 211169K->1104K(206528K)] 396390K->186413K(893504K), 0.0048080 secs] [Times: user=0.03 sys=0.00, real=0.01 secs] 
2014-07-16T07:42:11.170+0000: 806.390: [GC [PSYoungGen: 206480K->808K(201664K)] 391789K->186197K(888640K), 0.0078630 secs] [Times: user=0.04 sys=0.00, real=0.01 secs] 
2014-07-16T07:42:11.888+0000: 807.108: [GC [PSYoungGen: 201640K->876K(197376K)] 387029K->186369K(884352K), 0.0074390 secs] [Times: user=0.04 sys=0.00, real=0.01 secs] 
2014-07-16T07:42:12.680+0000: 807.900: [GC [PSYoungGen: 197356K->1000K(193280K)] 382849K->186581K(880256K), 0.0079860 secs] [Times: user=0.03 sys=0.01, real=0.01 secs] 
2014-07-16T07:42:13.379+0000: 808.599: [GC [PSYoungGen: 193253K->950K(189120K)] 378834K->186595K(876096K), 0.0043430 secs] [Times: user=0.02 sys=0.00, real=0.00 secs] 
2014-07-16T07:42:14.048+0000: 809.268: [GC [PSYoungGen: 189071K->912K(185152K)] 374716K->186597K(872128K), 0.0070920 secs] [Times: user=0.04 sys=0.00, real=0.01 secs] 
2014-07-16T07:42:14.712+0000: 809.932: [GC [PSYoungGen: 185104K->822K(181248K)] 370789K->186595K(868224K), 0.0044780 secs] [Times: user=0.02 sys=0.00, real=0.01 secs] 
2014-07-16T07:42:15.371+0000: 810.591: [GC [PSYoungGen: 181238K->562K(177280K)] 367011K->186415K(864256K), 0.0059520 secs] [Times: user=0.04 sys=0.01, real=0.01 secs] 
2014-07-16T07:42:16.007+0000: 811.227: [GC [PSYoungGen: 177266K->608K(173760K)] 363119K->186549K(860736K), 0.0038040 secs] [Times: user=0.01 sys=0.00, real=0.00 secs] 
2014-07-16T07:42:16.642+0000: 811.862: [GC [PSYoungGen: 173726K->1454K(171136K)] 359667K->187467K(858112K), 0.0061570 secs] [Times: user=0.04 sys=0.00, real=0.01 secs] 
2014-07-16T07:42:17.338+0000: 812.558: [GC [PSYoungGen: 171118K->1134K(167488K)] 357131K->187863K(854464K), 0.0073830 secs] [Times: user=0.04 sys=0.00, real=0.01 secs] 
2014-07-16T07:42:17.902+0000: 813.122: [GC [PSYoungGen: 167449K->1076K(164224K)] 354179K->187869K(851200K), 0.0041790 secs] [Times: user=0.02 sys=0.00, real=0.01 secs] 
2014-07-16T07:42:18.490+0000: 813.710: [GC [PSYoungGen: 164212K->918K(160960K)] 351005K->187949K(847936K), 0.0043250 secs] [Times: user=0.03 sys=0.00, real=0.00 secs] 
2014-07-16T07:42:19.064+0000: 814.284: [GC [PSYoungGen: 160918K->790K(157824K)] 347949K->187917K(844800K), 0.0061090 secs] [Times: user=0.04 sys=0.00, real=0.01 secs] 
2014-07-16T07:42:19.639+0000: 814.859: [GC [PSYoungGen: 157748K->790K(154880K)] 344876K->188005K(841856K), 0.0046180 secs] [Times: user=0.02 sys=0.00, real=0.00 secs] 
2014-07-16T07:42:20.201+0000: 815.421: [GC [PSYoungGen: 154816K->1294K(152512K)] 342031K->188573K(839488K), 0.0061330 secs] [Times: user=0.04 sys=0.00, real=0.01 secs] 
2014-07-16T07:42:20.742+0000: 815.962: [GC [PSYoungGen: 152462K->758K(149184K)] 339741K->188125K(836160K), 0.0048630 secs] [Times: user=0.03 sys=0.00, real=0.01 secs] 
2014-07-16T07:42:21.255+0000: 816.475: [GC [PSYoungGen: 149174K->1194K(146944K)] 336541K->188625K(833920K), 0.0047840 secs] [Times: user=0.02 sys=0.00, real=0.00 secs] 
2014-07-16T07:42:21.772+0000: 816.992: [GC [PSYoungGen: 146921K->1440K(144576K)] 334353K->188975K(831552K), 0.0040860 secs] [Times: user=0.02 sys=0.00, real=0.01 secs] 
2014-07-16T07:42:22.380+0000: 817.600: [GC [PSYoungGen: 144544K->1118K(141760K)] 332079K->188717K(828736K), 0.0062510 secs] [Times: user=0.04 sys=0.00, real=0.01 secs] 
2014-07-16T07:42:22.807+0000: 818.027: [GC [PSYoungGen: 141726K->926K(139136K)] 329325K->188589K(826112K), 0.0035980 secs] [Times: user=0.02 sys=0.00, real=0.00 secs] 
2014-07-16T07:42:23.285+0000: 818.505: [GC [PSYoungGen: 139102K->512K(136320K)] 326765K->188239K(823296K), 0.0060020 secs] [Times: user=0.03 sys=0.00, real=0.01 secs] 
2014-07-16T07:42:23.781+0000: 819.001: [GC [PSYoungGen: 136282K->926K(134464K)] 324010K->188725K(821440K), 0.0047320 secs] [Times: user=0.03 sys=0.00, real=0.00 secs] 
2014-07-16T07:42:24.258+0000: 819.478: [GC [PSYoungGen: 134430K->1036K(132352K)] 322229K->188891K(819328K), 0.0051460 secs] [Times: user=0.02 sys=0.00, real=0.00 secs] 
2014-07-16T07:42:24.746+0000: 819.966: [GC [PSYoungGen: 132300K->840K(129984K)] 320155K->188783K(816960K), 0.0046030 secs] [Times: user=0.03 sys=0.00, real=0.01 secs] 
2014-07-16T07:42:25.214+0000: 820.434: [GC [PSYoungGen: 129920K->1262K(156224K)] 317863K->189285K(843200K), 0.0086360 secs] [Times: user=0.05 sys=0.00, real=0.01 secs] 
2014-07-16T07:42:25.768+0000: 820.988: [GC [PSYoungGen: 156206K->954K(186944K)] 344229K->189073K(873920K), 0.0059290 secs] [Times: user=0.04 sys=0.00, real=0.00 secs] 
2014-07-16T07:42:26.448+0000: 821.668: [GC [PSYoungGen: 186938K->808K(182976K)] 375057K->188999K(869952K), 0.0046150 secs] [Times: user=0.03 sys=0.00, real=0.00 secs] 
2014-07-16T07:42:27.114+0000: 822.334: [GC [PSYoungGen: 182952K->836K(179328K)] 371143K->189099K(866304K), 0.0038770 secs] [Times: user=0.02 sys=0.00, real=0.01 secs] 
2014-07-16T07:42:27.769+0000: 822.989: [GC [PSYoungGen: 179257K->986K(175808K)] 367521K->189321K(862784K), 0.0075840 secs] [Times: user=0.04 sys=0.01, real=0.01 secs] 
2014-07-16T07:42:28.399+0000: 823.619: [GC [PSYoungGen: 175730K->998K(210816K)] 364065K->189397K(897792K), 0.0157150 secs] [Times: user=0.10 sys=0.00, real=0.01 secs] 
2014-07-16T07:42:29.158+0000: 824.378: [GC [PSYoungGen: 210790K->1076K(224320K)] 399189K->189539K(911296K), 0.0044110 secs] [Times: user=0.02 sys=0.00, real=0.00 secs] 
2014-07-16T07:42:29.964+0000: 825.184: [GC [PSYoungGen: 223924K->876K(218624K)] 412387K->189419K(905600K), 0.0042800 secs] [Times: user=0.02 sys=0.00, real=0.01 secs] 
2014-07-16T07:42:30.755+0000: 825.975: [GC [PSYoungGen: 218577K->922K(213760K)] 407121K->189529K(900736K), 0.0052480 secs] [Times: user=0.03 sys=0.00, real=0.01 secs] 
2014-07-16T07:42:31.524+0000: 826.744: [GC [PSYoungGen: 213722K->448K(208448K)] 402329K->189103K(895424K), 0.0085040 secs] [Times: user=0.04 sys=0.00, real=0.01 secs] 
2014-07-16T07:42:32.268+0000: 827.488: [GC [PSYoungGen: 208369K->908K(204352K)] 397025K->189619K(891328K), 0.0090160 secs] [Times: user=0.04 sys=0.01, real=0.01 secs] 
2014-07-16T07:42:33.015+0000: 828.235: [GC [PSYoungGen: 204300K->950K(199872K)] 393011K->189725K(886848K), 0.0041910 secs] [Times: user=0.02 sys=0.00, real=0.01 secs] 
2014-07-16T07:42:33.738+0000: 828.958: [GC [PSYoungGen: 199862K->1226K(240000K)] 388637K->190041K(926976K), 0.0110370 secs] [Times: user=0.06 sys=0.00, real=0.01 secs] 
2014-07-16T07:42:34.586+0000: 829.806: [GC [PSYoungGen: 239946K->484K(233536K)] 428761K->189827K(920512K), 0.0039250 secs] [Times: user=0.02 sys=0.00, real=0.01 secs] 
2014-07-16T07:42:35.425+0000: 830.645: [GC [PSYoungGen: 233496K->1018K(228544K)] 422840K->190441K(915520K), 0.0047450 secs] [Times: user=0.03 sys=0.00, real=0.01 secs] 
2014-07-16T07:42:36.249+0000: 831.468: [GC [PSYoungGen: 228538K->868K(223104K)] 417961K->190395K(910080K), 0.0051370 secs] [Times: user=0.03 sys=0.00, real=0.00 secs] 
2014-07-16T07:42:37.054+0000: 832.274: [GC [PSYoungGen: 223076K->936K(218048K)] 412603K->190567K(905024K), 0.0033120 secs] [Times: user=0.02 sys=0.00, real=0.00 secs] 
2014-07-16T07:42:37.844+0000: 833.064: [GC [PSYoungGen: 218024K->880K(213056K)] 407655K->190869K(900032K), 0.0042160 secs] [Times: user=0.03 sys=0.00, real=0.01 secs] 
2014-07-16T07:42:38.583+0000: 833.803: [GC [PSYoungGen: 213036K->908K(208384K)] 403026K->190961K(895360K), 0.0048300 secs] [Times: user=0.03 sys=0.00, real=0.00 secs] 
2014-07-16T07:42:39.329+0000: 834.549: [GC [PSYoungGen: 208332K->1008K(203840K)] 398385K->191141K(890816K), 0.0052490 secs] [Times: user=0.03 sys=0.00, real=0.00 secs] 
2014-07-16T07:42:40.078+0000: 835.298: [GC [PSYoungGen: 203824K->1318K(199744K)] 393957K->191751K(886720K), 0.0051050 secs] [Times: user=0.03 sys=0.00, real=0.00 secs] 
2014-07-16T07:42:40.770+0000: 835.990: [GC [PSYoungGen: 199663K->356K(194496K)] 390096K->191929K(881472K), 0.0075150 secs] [Times: user=0.04 sys=0.00, real=0.00 secs] 
2014-07-16T07:42:41.474+0000: 836.694: [GC [PSYoungGen: 194441K->876K(190848K)] 386014K->192529K(877824K), 0.0059550 secs] [Times: user=0.04 sys=0.00, real=0.01 secs] 
2014-07-16T07:42:42.165+0000: 837.385: [GC [PSYoungGen: 190828K->880K(186880K)] 382481K->192813K(873856K), 0.0033540 secs] [Times: user=0.02 sys=0.00, real=0.00 secs] 
2014-07-16T07:42:42.933+0000: 838.153: [GC [PSYoungGen: 186864K->1572K(183744K)] 378797K->193626K(870720K), 0.0044820 secs] [Times: user=0.03 sys=0.00, real=0.00 secs] 
2014-07-16T07:42:43.631+0000: 838.851: [GC [PSYoungGen: 183716K->876K(179328K)] 375770K->192993K(866304K), 0.0031770 secs] [Times: user=0.02 sys=0.00, real=0.00 secs] 
2014-07-16T07:42:44.272+0000: 839.492: [GC [PSYoungGen: 179308K->836K(175680K)] 371425K->193073K(862656K), 0.0053560 secs] [Times: user=0.04 sys=0.00, real=0.00 secs] 
2014-07-16T07:42:44.922+0000: 840.142: [GC [PSYoungGen: 175620K->1232K(172544K)] 367857K->193541K(859520K), 0.0055720 secs] [Times: user=0.03 sys=0.00, real=0.00 secs] 
2014-07-16T07:42:45.523+0000: 840.743: [GC [PSYoungGen: 172496K->544K(168448K)] 364805K->192917K(855424K), 0.0065400 secs] [Times: user=0.03 sys=0.01, real=0.01 secs] 
2014-07-16T07:42:46.132+0000: 841.352: [GC [PSYoungGen: 168416K->790K(165440K)] 360789K->193267K(852416K), 0.0087470 secs] [Times: user=0.05 sys=0.01, real=0.01 secs] 
2014-07-16T07:42:46.734+0000: 841.954: [GC [PSYoungGen: 165331K->1458K(162880K)] 357809K->194000K(849856K), 0.0061930 secs] [Times: user=0.03 sys=0.00, real=0.01 secs] 
2014-07-16T07:42:47.305+0000: 842.525: [GC [PSYoungGen: 162866K->736K(194496K)] 355408K->193349K(881472K), 0.0073800 secs] [Times: user=0.04 sys=0.00, real=0.01 secs] 
2014-07-16T07:42:48.059+0000: 843.279: [GC [PSYoungGen: 194464K->790K(190464K)] 387077K->193451K(877440K), 0.0066240 secs] [Times: user=0.05 sys=0.00, real=0.01 secs] 
2014-07-16T07:42:48.732+0000: 843.952: [GC [PSYoungGen: 190370K->1072K(228672K)] 383032K->193813K(915648K), 0.0099470 secs] [Times: user=0.05 sys=0.00, real=0.01 secs] 
2014-07-16T07:42:49.550+0000: 844.770: [GC [PSYoungGen: 228646K->1664K(237888K)] 421388K->194470K(924864K), 0.0155080 secs] [Times: user=0.09 sys=0.00, real=0.02 secs] 
2014-07-16T07:42:50.410+0000: 845.630: [GC [PSYoungGen: 237824K->562K(275072K)] 430630K->193423K(962048K), 0.0048930 secs] [Times: user=0.02 sys=0.00, real=0.00 secs] 
2014-07-16T07:42:51.420+0000: 846.640: [GC [PSYoungGen: 273714K->1846K(268032K)] 466575K->194788K(955008K), 0.0071630 secs] [Times: user=0.05 sys=0.00, real=0.00 secs] 
2014-07-16T07:42:52.373+0000: 847.593: [GC [PSYoungGen: 268022K->128K(259584K)] 460964K->193413K(946560K), 0.0044810 secs] [Times: user=0.02 sys=0.00, real=0.00 secs] 
2014-07-16T07:42:53.380+0000: 848.600: [GC [PSYoungGen: 259485K->1226K(254272K)] 452771K->194552K(941248K), 0.0077960 secs] [Times: user=0.05 sys=0.00, real=0.00 secs] 
2014-07-16T07:42:54.297+0000: 849.517: [GC [PSYoungGen: 254218K->804K(247616K)] 447544K->194565K(934592K), 0.0053270 secs] [Times: user=0.03 sys=0.00, real=0.01 secs] 
2014-07-16T07:42:55.248+0000: 850.468: [GC [PSYoungGen: 247588K->676K(241472K)] 441349K->194501K(928448K), 0.0049850 secs] [Times: user=0.03 sys=0.00, real=0.01 secs] 
2014-07-16T07:42:56.110+0000: 851.330: [GC [PSYoungGen: 241444K->1340K(236352K)] 435269K->195278K(923328K), 0.0049280 secs] [Times: user=0.03 sys=0.00, real=0.01 secs] 
2014-07-16T07:42:56.955+0000: 852.175: [GC [PSYoungGen: 236346K->958K(230400K)] 430284K->194976K(917376K), 0.0073660 secs] [Times: user=0.04 sys=0.00, real=0.01 secs] 
2014-07-16T07:42:57.786+0000: 853.006: [GC [PSYoungGen: 230398K->736K(224832K)] 424416K->194865K(911808K), 0.0053770 secs] [Times: user=0.03 sys=0.00, real=0.01 secs] 
2014-07-16T07:42:58.628+0000: 853.848: [GC [PSYoungGen: 224800K->1540K(220480K)] 418929K->195726K(907456K), 0.0081070 secs] [Times: user=0.05 sys=0.00, real=0.01 secs] 
2014-07-16T07:42:59.416+0000: 854.636: [GC [PSYoungGen: 220420K->1232K(215168K)] 414606K->195506K(902144K), 0.0063810 secs] [Times: user=0.03 sys=0.01, real=0.01 secs] 
2014-07-16T07:43:00.195+0000: 855.415: [GC [PSYoungGen: 215094K->1322K(210432K)] 409368K->195692K(897408K), 0.0032310 secs] [Times: user=0.02 sys=0.00, real=0.00 secs] 
2014-07-16T07:43:00.968+0000: 856.188: [GC [PSYoungGen: 210410K->694K(205120K)] 404780K->195151K(892096K), 0.0036820 secs] [Times: user=0.02 sys=0.00, real=0.01 secs] 
2014-07-16T07:43:01.746+0000: 856.966: [GC [PSYoungGen: 205110K->1186K(201152K)] 399567K->195716K(888128K), 0.0071970 secs] [Times: user=0.04 sys=0.00, real=0.01 secs] 
2014-07-16T07:43:02.449+0000: 857.669: [GC [PSYoungGen: 201122K->776K(196416K)] 395652K->195369K(883392K), 0.0064190 secs] [Times: user=0.04 sys=0.00, real=0.01 secs] 
2014-07-16T07:43:03.245+0000: 858.465: [GC [PSYoungGen: 196318K->1354K(236160K)] 390912K->195996K(923136K), 0.0199820 secs] [Times: user=0.13 sys=0.00, real=0.02 secs] 
2014-07-16T07:43:04.101+0000: 859.321: [GC [PSYoungGen: 236102K->694K(262720K)] 430743K->195415K(949696K), 0.0064860 secs] [Times: user=0.04 sys=0.01, real=0.01 secs] 
2014-07-16T07:43:05.034+0000: 860.254: [GC [PSYoungGen: 261737K->790K(255360K)] 456459K->195567K(942336K), 0.0053480 secs] [Times: user=0.03 sys=0.01, real=0.00 secs] 
2014-07-16T07:43:05.971+0000: 861.191: [GC [PSYoungGen: 255302K->1128K(249408K)] 450080K->196193K(936384K), 0.0067870 secs] [Times: user=0.03 sys=0.00, real=0.01 secs] 
2014-07-16T07:43:06.854+0000: 862.074: [GC [PSYoungGen: 249384K->722K(242944K)] 444449K->195851K(929920K), 0.0072240 secs] [Times: user=0.02 sys=0.00, real=0.00 secs] 
2014-07-16T07:43:07.721+0000: 862.941: [GC [PSYoungGen: 242898K->726K(237120K)] 438027K->195919K(924096K), 0.0080610 secs] [Times: user=0.05 sys=0.01, real=0.01 secs] 
2014-07-16T07:43:08.640+0000: 863.860: [GC [PSYoungGen: 237078K->726K(231488K)] 432271K->195999K(918464K), 0.0057150 secs] [Times: user=0.04 sys=0.00, real=0.01 secs] 
2014-07-16T07:43:09.457+0000: 864.677: [GC [PSYoungGen: 231446K->808K(226112K)] 426719K->196130K(913088K), 0.0063850 secs] [Times: user=0.04 sys=0.00, real=0.01 secs] 
2014-07-16T07:43:10.269+0000: 865.489: [GC [PSYoungGen: 226075K->822K(220864K)] 421397K->196255K(907840K), 0.0051300 secs] [Times: user=0.03 sys=0.00, real=0.01 secs] 
2014-07-16T07:43:11.087+0000: 866.307: [GC [PSYoungGen: 220854K->1254K(216256K)] 416287K->196744K(903232K), 0.0085270 secs] [Times: user=0.05 sys=0.00, real=0.01 secs] 
2014-07-16T07:43:11.844+0000: 867.064: [GC [PSYoungGen: 216216K->1000K(211136K)] 411706K->196570K(898112K), 0.0034860 secs] [Times: user=0.02 sys=0.00, real=0.00 secs] 
2014-07-16T07:43:12.640+0000: 867.860: [GC [PSYoungGen: 211112K->1206K(206656K)] 406682K->196863K(893632K), 0.0057080 secs] [Times: user=0.04 sys=0.00, real=0.01 secs] 
2014-07-16T07:43:13.376+0000: 868.595: [GC [PSYoungGen: 206646K->758K(201664K)] 402303K->196503K(888640K), 0.0040400 secs] [Times: user=0.02 sys=0.00, real=0.00 secs] 
2014-07-16T07:43:14.081+0000: 869.301: [GC [PSYoungGen: 201616K->1068K(242176K)] 397362K->196878K(929152K), 0.0168280 secs] [Times: user=0.10 sys=0.00, real=0.02 secs] 
2014-07-16T07:43:14.939+0000: 870.159: [GC [PSYoungGen: 242156K->976K(253376K)] 437966K->196850K(940352K), 0.0093550 secs] [Times: user=0.06 sys=0.00, real=0.01 secs] 
2014-07-16T07:43:15.889+0000: 871.109: [GC [PSYoungGen: 252688K->1194K(290880K)] 448562K->197092K(977856K), 0.0130950 secs] [Times: user=0.07 sys=0.00, real=0.01 secs] 
2014-07-16T07:43:16.936+0000: 872.156: [GC [PSYoungGen: 290474K->1362K(283072K)] 486372K->197348K(970048K), 0.0059370 secs] [Times: user=0.04 sys=0.01, real=0.00 secs] 
2014-07-16T07:43:17.972+0000: 873.192: [GC [PSYoungGen: 282939K->310K(289216K)] 478925K->197356K(976192K), 0.0159350 secs] [Times: user=0.08 sys=0.00, real=0.02 secs] 
2014-07-16T07:43:19.040+0000: 874.260: [GC [PSYoungGen: 289204K->1764K(283072K)] 486250K->198998K(970048K), 0.0052460 secs] [Times: user=0.02 sys=0.01, real=0.01 secs] 
2014-07-16T07:43:20.057+0000: 875.277: [GC [PSYoungGen: 283027K->64K(274048K)] 480261K->198417K(961024K), 0.0073070 secs] [Times: user=0.05 sys=0.00, real=0.01 secs] 
2014-07-16T07:43:21.052+0000: 876.272: [GC [PSYoungGen: 274048K->1900K(268864K)] 472401K->200278K(955840K), 0.0055730 secs] [Times: user=0.04 sys=0.00, real=0.01 secs] 
2014-07-16T07:43:22.019+0000: 877.239: [GC [PSYoungGen: 268844K->644K(260864K)] 467222K->199866K(947840K), 0.0061280 secs] [Times: user=0.03 sys=0.00, real=0.01 secs] 
2014-07-16T07:43:22.946+0000: 878.166: [GC [PSYoungGen: 260804K->644K(254336K)] 460026K->199914K(941312K), 0.0060190 secs] [Times: user=0.04 sys=0.00, real=0.00 secs] 
2014-07-16T07:43:23.885+0000: 879.105: [GC [PSYoungGen: 254276K->940K(248320K)] 453546K->200282K(935296K), 0.0076530 secs] [Times: user=0.05 sys=0.00, real=0.00 secs] 
2014-07-16T07:43:24.769+0000: 879.989: [GC [PSYoungGen: 248253K->1258K(242624K)] 447596K->200672K(929600K), 0.0052980 secs] [Times: user=0.03 sys=0.00, real=0.00 secs] 
2014-07-16T07:43:25.678+0000: 880.898: [GC [PSYoungGen: 242567K->1226K(236800K)] 441981K->200728K(923776K), 0.0065280 secs] [Times: user=0.03 sys=0.00, real=0.00 secs] 
2014-07-16T07:43:26.518+0000: 881.738: [GC [PSYoungGen: 236746K->544K(230528K)] 436248K->200118K(917504K), 0.0036730 secs] [Times: user=0.01 sys=0.00, real=0.00 secs] 
2014-07-16T07:43:27.350+0000: 882.570: [GC [PSYoungGen: 230496K->976K(225600K)] 430070K->200622K(912576K), 0.0045510 secs] [Times: user=0.02 sys=0.00, real=0.00 secs] 
2014-07-16T07:43:28.171+0000: 883.391: [GC [PSYoungGen: 225552K->598K(220032K)] 425198K->200308K(907008K), 0.0057840 secs] [Times: user=0.03 sys=0.00, real=0.01 secs] 
2014-07-16T07:43:28.956+0000: 884.176: [GC [PSYoungGen: 219988K->1286K(215744K)] 419698K->201100K(902720K), 0.0042760 secs] [Times: user=0.02 sys=0.00, real=0.00 secs] 
2014-07-16T07:43:29.722+0000: 884.942: [GC [PSYoungGen: 215638K->1044K(210624K)] 415452K->200930K(897600K), 0.0035100 secs] [Times: user=0.02 sys=0.00, real=0.00 secs] 
2014-07-16T07:43:30.471+0000: 885.691: [GC [PSYoungGen: 210580K->1450K(206336K)] 410466K->201466K(893312K), 0.0041580 secs] [Times: user=0.01 sys=0.00, real=0.00 secs] 
2014-07-16T07:43:31.180+0000: 886.400: [GC [PSYoungGen: 206314K->908K(201344K)] 406330K->201004K(888320K), 0.0038670 secs] [Times: user=0.01 sys=0.01, real=0.00 secs] 
2014-07-16T07:43:31.900+0000: 887.120: [GC [PSYoungGen: 201292K->1222K(197312K)] 401388K->201398K(884288K), 0.0046650 secs] [Times: user=0.02 sys=0.00, real=0.00 secs] 
2014-07-16T07:43:32.609+0000: 887.829: [GC [PSYoungGen: 197254K->986K(192832K)] 397430K->201226K(879808K), 0.0041610 secs] [Times: user=0.02 sys=0.00, real=0.00 secs] 
2014-07-16T07:43:33.321+0000: 888.541: [GC [PSYoungGen: 192794K->1012K(188800K)] 393034K->201300K(875776K), 0.0057670 secs] [Times: user=0.03 sys=0.00, real=0.01 secs] 
2014-07-16T07:43:34.010+0000: 889.230: [GC [PSYoungGen: 188762K->1382K(185280K)] 389050K->201774K(872256K), 0.0077340 secs] [Times: user=0.05 sys=0.00, real=0.01 secs] 
2014-07-16T07:43:34.688+0000: 889.908: [GC [PSYoungGen: 185254K->982K(181120K)] 385646K->201470K(868096K), 0.0096700 secs] [Times: user=0.06 sys=0.00, real=0.01 secs] 
2014-07-16T07:43:35.331+0000: 890.551: [GC [PSYoungGen: 181066K->1640K(178112K)] 381555K->202216K(865088K), 0.0089120 secs] [Times: user=0.02 sys=0.00, real=0.01 secs] 
2014-07-16T07:43:35.954+0000: 891.174: [GC [PSYoungGen: 178088K->576K(173440K)] 378664K->201216K(860416K), 0.0053740 secs] [Times: user=0.03 sys=0.00, real=0.01 secs] 
2014-07-16T07:43:36.612+0000: 891.832: [GC [PSYoungGen: 173440K->1510K(209024K)] 374080K->202230K(896000K), 0.0077300 secs] [Times: user=0.05 sys=0.00, real=0.01 secs] 
2014-07-16T07:43:37.345+0000: 892.565: [GC [PSYoungGen: 208998K->1408K(204352K)] 409718K->202184K(891328K), 0.0049670 secs] [Times: user=0.03 sys=0.00, real=0.01 secs] 
2014-07-16T07:43:38.092+0000: 893.312: [GC [PSYoungGen: 204288K->940K(199424K)] 405064K->201820K(886400K), 0.0040650 secs] [Times: user=0.02 sys=0.00, real=0.00 secs] 
2014-07-16T07:43:38.843+0000: 894.063: [GC [PSYoungGen: 199390K->1222K(195456K)] 400271K->202174K(882432K), 0.0056710 secs] [Times: user=0.03 sys=0.00, real=0.01 secs] 
2014-07-16T07:43:39.522+0000: 894.742: [GC [PSYoungGen: 195369K->630K(190656K)] 396321K->201638K(877632K), 0.0037090 secs] [Times: user=0.02 sys=0.00, real=0.00 secs] 
2014-07-16T07:43:40.215+0000: 895.435: [GC [PSYoungGen: 190642K->1340K(187392K)] 391650K->202420K(874368K), 0.0033330 secs] [Times: user=0.02 sys=0.00, real=0.01 secs] 
2014-07-16T07:43:40.898+0000: 896.118: [GC [PSYoungGen: 187388K->958K(183168K)] 388468K->202102K(870144K), 0.0081270 secs] [Times: user=0.04 sys=0.00, real=0.00 secs] 
2014-07-16T07:43:41.550+0000: 896.770: [GC [PSYoungGen: 183166K->1308K(179840K)] 384310K->202508K(866816K), 0.0078170 secs] [Times: user=0.04 sys=0.00, real=0.00 secs] 
2014-07-16T07:43:42.224+0000: 897.444: [GC [PSYoungGen: 179804K->990K(175872K)] 381004K->202254K(862848K), 0.0065950 secs] [Times: user=0.04 sys=0.00, real=0.01 secs] 
2014-07-16T07:43:42.863+0000: 898.083: [GC [PSYoungGen: 175791K->908K(172288K)] 377055K->202252K(859264K), 0.0077880 secs] [Times: user=0.04 sys=0.00, real=0.01 secs] 
2014-07-16T07:43:43.466+0000: 898.686: [GC [PSYoungGen: 172236K->908K(168896K)] 373580K->202316K(855872K), 0.0039380 secs] [Times: user=0.02 sys=0.00, real=0.01 secs] 
2014-07-16T07:43:44.081+0000: 899.301: [GC [PSYoungGen: 168844K->950K(165632K)] 370252K->202454K(852608K), 0.0042290 secs] [Times: user=0.02 sys=0.00, real=0.00 secs] 
2014-07-16T07:43:44.682+0000: 899.902: [GC [PSYoungGen: 165622K->1254K(162752K)] 367126K->202854K(849728K), 0.0071290 secs] [Times: user=0.04 sys=0.00, real=0.01 secs] 
2014-07-16T07:43:45.259+0000: 900.479: [GC [PSYoungGen: 162652K->1254K(159680K)] 364253K->202934K(846656K), 0.0044130 secs] [Times: user=0.02 sys=0.00, real=0.00 secs] 
2014-07-16T07:43:45.812+0000: 901.032: [GC [PSYoungGen: 159654K->1008K(156416K)] 361334K->202784K(843392K), 0.0054720 secs] [Times: user=0.03 sys=0.00, real=0.00 secs] 
2014-07-16T07:43:46.378+0000: 901.598: [GC [PSYoungGen: 156400K->1126K(153664K)] 358176K->202974K(840640K), 0.0063520 secs] [Times: user=0.03 sys=0.01, real=0.00 secs] 
2014-07-16T07:43:46.938+0000: 902.158: [GC [PSYoungGen: 153638K->1280K(151040K)] 355486K->203176K(838016K), 0.0040970 secs] [Times: user=0.02 sys=0.00, real=0.00 secs] 
2014-07-16T07:43:47.478+0000: 902.698: [GC [PSYoungGen: 150976K->880K(147904K)] 352872K->203210K(834880K), 0.0028640 secs] [Times: user=0.01 sys=0.00, real=0.01 secs] 
2014-07-16T07:43:48.014+0000: 903.234: [GC [PSYoungGen: 147888K->704K(145088K)] 350218K->203098K(832064K), 0.0043550 secs] [Times: user=0.01 sys=0.00, real=0.00 secs] 
2014-07-16T07:43:48.534+0000: 903.754: [GC [PSYoungGen: 145077K->1050K(174400K)] 347471K->203508K(861376K), 0.0103170 secs] [Times: user=0.06 sys=0.00, real=0.01 secs] 
2014-07-16T07:43:49.180+0000: 904.400: [GC [PSYoungGen: 174362K->1098K(209152K)] 376820K->203612K(896128K), 0.0069470 secs] [Times: user=0.04 sys=0.00, real=0.00 secs] 
2014-07-16T07:43:49.917+0000: 905.136: [GC [PSYoungGen: 209067K->976K(204416K)] 411582K->203570K(891392K), 0.0053690 secs] [Times: user=0.03 sys=0.00, real=0.01 secs] 
2014-07-16T07:43:50.650+0000: 905.870: [GC [PSYoungGen: 204368K->972K(199936K)] 406962K->203646K(886912K), 0.0033090 secs] [Times: user=0.01 sys=0.01, real=0.00 secs] 
2014-07-16T07:43:51.362+0000: 906.582: [GC [PSYoungGen: 199867K->1208K(195840K)] 402542K->204028K(882816K), 0.0047980 secs] [Times: user=0.03 sys=0.01, real=0.00 secs] 
2014-07-16T07:43:52.067+0000: 907.287: [GC [PSYoungGen: 195832K->1122K(191616K)] 398652K->203990K(878592K), 0.0110100 secs] [Times: user=0.06 sys=0.00, real=0.01 secs] 
2014-07-16T07:43:52.770+0000: 907.990: [GC [PSYoungGen: 191549K->752K(229376K)] 394417K->204326K(916352K), 0.0079750 secs] [Times: user=0.05 sys=0.00, real=0.00 secs] 
2014-07-16T07:43:53.587+0000: 908.807: [GC [PSYoungGen: 229360K->1322K(224640K)] 432934K->204960K(911616K), 0.0034340 secs] [Times: user=0.01 sys=0.00, real=0.01 secs] 
2014-07-16T07:43:54.467+0000: 909.687: [GC [PSYoungGen: 224618K->730K(254976K)] 428256K->204762K(941952K), 0.0197120 secs] [Times: user=0.09 sys=0.00, real=0.02 secs] 
2014-07-16T07:43:55.391+0000: 910.611: [GC [PSYoungGen: 254554K->1340K(255488K)] 458586K->205468K(942464K), 0.0047540 secs] [Times: user=0.03 sys=0.00, real=0.00 secs] 
2014-07-16T07:43:56.308+0000: 911.528: [GC [PSYoungGen: 255164K->1708K(249280K)] 459292K->206132K(936256K), 0.0048790 secs] [Times: user=0.02 sys=0.00, real=0.01 secs] 
2014-07-16T07:43:57.188+0000: 912.408: [GC [PSYoungGen: 249224K->1108K(242688K)] 453649K->205596K(929664K), 0.0059920 secs] [Times: user=0.03 sys=0.00, real=0.01 secs] 
2014-07-16T07:43:58.064+0000: 913.284: [GC [PSYoungGen: 242644K->904K(236672K)] 447132K->205464K(923648K), 0.0042310 secs] [Times: user=0.02 sys=0.00, real=0.00 secs] 
2014-07-16T07:43:58.985+0000: 914.205: [GC [PSYoungGen: 236602K->900K(231104K)] 441162K->205516K(918080K), 0.0073130 secs] [Times: user=0.04 sys=0.01, real=0.01 secs] 
2014-07-16T07:43:59.786+0000: 915.006: [GC [PSYoungGen: 231044K->594K(225408K)] 435660K->205266K(912384K), 0.0066310 secs] [Times: user=0.03 sys=0.00, real=0.01 secs] 
2014-07-16T07:44:00.595+0000: 915.815: [GC [PSYoungGen: 225362K->530K(220160K)] 430034K->205282K(907136K), 0.0054300 secs] [Times: user=0.03 sys=0.00, real=0.01 secs] 
2014-07-16T07:44:01.395+0000: 916.615: [GC [PSYoungGen: 220114K->512K(215104K)] 424866K->205336K(902080K), 0.0071450 secs] [Times: user=0.04 sys=0.00, real=0.01 secs] 
2014-07-16T07:44:02.162+0000: 917.382: [GC [PSYoungGen: 215102K->876K(210624K)] 419927K->205748K(897600K), 0.0070620 secs] [Times: user=0.04 sys=0.00, real=0.00 secs] 
2014-07-16T07:44:02.917+0000: 918.137: [GC [PSYoungGen: 210594K->1340K(206400K)] 415467K->206292K(893376K), 0.0060250 secs] [Times: user=0.03 sys=0.01, real=0.01 secs] 
2014-07-16T07:44:03.645+0000: 918.865: [GC [PSYoungGen: 206396K->904K(201536K)] 411348K->205960K(888512K), 0.0050210 secs] [Times: user=0.03 sys=0.00, real=0.00 secs] 
2014-07-16T07:44:04.368+0000: 919.588: [GC [PSYoungGen: 201457K->886K(197120K)] 406513K->206022K(884096K), 0.0047070 secs] [Times: user=0.02 sys=0.00, real=0.01 secs] 
2014-07-16T07:44:05.070+0000: 920.290: [GC [PSYoungGen: 197110K->854K(192896K)] 402246K->206054K(879872K), 0.0102340 secs] [Times: user=0.05 sys=0.00, real=0.01 secs] 
2014-07-16T07:44:05.767+0000: 920.987: [GC [PSYoungGen: 192805K->986K(188928K)] 398006K->206266K(875904K), 0.0033000 secs] [Times: user=0.02 sys=0.00, real=0.00 secs] 
2014-07-16T07:44:06.443+0000: 921.663: [GC [PSYoungGen: 188890K->1110K(185152K)] 394170K->206470K(872128K), 0.0116620 secs] [Times: user=0.06 sys=0.01, real=0.01 secs] 
2014-07-16T07:44:07.096+0000: 922.315: [GC [PSYoungGen: 185110K->836K(221696K)] 390470K->206292K(908672K), 0.0079010 secs] [Times: user=0.05 sys=0.00, real=0.01 secs] 
2014-07-16T07:44:07.909+0000: 923.129: [GC [PSYoungGen: 221622K->694K(216448K)] 427078K->206198K(903424K), 0.0040120 secs] [Times: user=0.01 sys=0.01, real=0.01 secs] 
2014-07-16T07:44:08.684+0000: 923.904: [GC [PSYoungGen: 216399K->754K(211648K)] 421903K->206354K(898624K), 0.0081110 secs] [Times: user=0.04 sys=0.01, real=0.00 secs] 
2014-07-16T07:44:09.532+0000: 924.751: [GC [PSYoungGen: 211634K->1250K(207424K)] 417234K->206922K(894400K), 0.0099380 secs] [Times: user=0.06 sys=0.00, real=0.01 secs] 
2014-07-16T07:44:10.272+0000: 925.492: [GC [PSYoungGen: 207349K->1036K(202688K)] 413022K->206804K(889664K), 0.0034900 secs] [Times: user=0.01 sys=0.00, real=0.00 secs] 
2014-07-16T07:44:10.980+0000: 926.200: [GC [PSYoungGen: 202636K->658K(197888K)] 408404K->206474K(884864K), 0.0088440 secs] [Times: user=0.05 sys=0.00, real=0.01 secs] 
2014-07-16T07:44:11.687+0000: 926.907: [GC [PSYoungGen: 197842K->658K(193664K)] 403658K->206538K(880640K), 0.0036130 secs] [Times: user=0.01 sys=0.00, real=0.00 secs] 
2014-07-16T07:44:12.386+0000: 927.606: [GC [PSYoungGen: 193618K->936K(189824K)] 399498K->206872K(876800K), 0.0038550 secs] [Times: user=0.02 sys=0.00, real=0.00 secs] 
2014-07-16T07:44:13.072+0000: 928.292: [GC [PSYoungGen: 189800K->1462K(186368K)] 395736K->207544K(873344K), 0.0055770 secs] [Times: user=0.03 sys=0.00, real=0.01 secs] 
2014-07-16T07:44:13.728+0000: 928.948: [GC [PSYoungGen: 186358K->672K(181760K)] 392440K->206850K(868736K), 0.0054890 secs] [Times: user=0.04 sys=0.00, real=0.01 secs] 
2014-07-16T07:44:14.412+0000: 929.632: [GC [PSYoungGen: 181728K->644K(178048K)] 387906K->206878K(865024K), 0.0067440 secs] [Times: user=0.05 sys=0.00, real=0.01 secs] 
2014-07-16T07:44:15.066+0000: 930.286: [GC [PSYoungGen: 177979K->1322K(175104K)] 384213K->207612K(862080K), 0.0080280 secs] [Times: user=0.06 sys=0.00, real=0.01 secs] 
2014-07-16T07:44:15.679+0000: 930.899: [GC [PSYoungGen: 175077K->844K(209408K)] 381367K->207174K(896384K), 0.0090660 secs] [Times: user=0.06 sys=0.00, real=0.01 secs] 
2014-07-16T07:44:16.437+0000: 931.657: [GC [PSYoungGen: 209356K->780K(251072K)] 415686K->207166K(938048K), 0.0078270 secs] [Times: user=0.04 sys=0.00, real=0.01 secs] 
2014-07-16T07:44:17.342+0000: 932.562: [GC [PSYoungGen: 251020K->994K(245120K)] 457406K->207460K(932096K), 0.0070260 secs] [Times: user=0.04 sys=0.00, real=0.01 secs] 
2014-07-16T07:44:18.270+0000: 933.490: [GC [PSYoungGen: 245090K->1240K(239488K)] 451556K->207730K(926464K), 0.0058470 secs] [Times: user=0.02 sys=0.01, real=0.01 secs] 
2014-07-16T07:44:19.291+0000: 934.511: [GC [PSYoungGen: 239448K->932K(233472K)] 445938K->207638K(920448K), 0.0035240 secs] [Times: user=0.02 sys=0.00, real=0.01 secs] 
2014-07-16T07:44:20.069+0000: 935.289: [GC [PSYoungGen: 233444K->904K(227968K)] 440150K->207714K(914944K), 0.0061750 secs] [Times: user=0.04 sys=0.00, real=0.01 secs] 
2014-07-16T07:44:20.888+0000: 936.108: [GC [PSYoungGen: 227912K->562K(222272K)] 434722K->207436K(909248K), 0.0052020 secs] [Times: user=0.03 sys=0.00, real=0.00 secs] 
2014-07-16T07:44:21.697+0000: 936.917: [GC [PSYoungGen: 222254K->1390K(217984K)] 429129K->208368K(904960K), 0.0052400 secs] [Times: user=0.03 sys=0.01, real=0.00 secs] 
2014-07-16T07:44:22.510+0000: 937.730: [GC [PSYoungGen: 217960K->1118K(212800K)] 424939K->208152K(899776K), 0.0040460 secs] [Times: user=0.02 sys=0.00, real=0.00 secs] 
2014-07-16T07:44:23.264+0000: 938.484: [GC [PSYoungGen: 212743K->986K(207936K)] 419777K->208108K(894912K), 0.0034850 secs] [Times: user=0.01 sys=0.00, real=0.01 secs] 
2014-07-16T07:44:23.999+0000: 939.219: [GC [PSYoungGen: 207898K->548K(202944K)] 415020K->207726K(889920K), 0.0072940 secs] [Times: user=0.04 sys=0.00, real=0.01 secs] 
2014-07-16T07:44:24.750+0000: 939.970: [GC [PSYoungGen: 202916K->1068K(199040K)] 410094K->208342K(886016K), 0.0053720 secs] [Times: user=0.03 sys=0.01, real=0.01 secs] 
2014-07-16T07:44:25.456+0000: 940.676: [GC [PSYoungGen: 199020K->1240K(194944K)] 406294K->208594K(881920K), 0.0050340 secs] [Times: user=0.03 sys=0.00, real=0.00 secs] 
2014-07-16T07:44:26.166+0000: 941.386: [GC [PSYoungGen: 194893K->886K(190464K)] 402248K->208304K(877440K), 0.0062460 secs] [Times: user=0.03 sys=0.00, real=0.00 secs] 
2014-07-16T07:44:26.874+0000: 942.094: [GC [PSYoungGen: 190454K->1154K(186816K)] 397872K->208660K(873792K), 0.0052940 secs] [Times: user=0.03 sys=0.00, real=0.01 secs] 
2014-07-16T07:44:27.514+0000: 942.734: [GC [PSYoungGen: 186715K->1226K(183040K)] 394221K->208820K(870016K), 0.0038530 secs] [Times: user=0.02 sys=0.00, real=0.01 secs] 
2014-07-16T07:44:28.169+0000: 943.389: [GC [PSYoungGen: 182986K->762K(178816K)] 390580K->208582K(865792K), 0.0059990 secs] [Times: user=0.03 sys=0.00, real=0.01 secs] 
2014-07-16T07:44:28.806+0000: 944.026: [GC [PSYoungGen: 178758K->1426K(175936K)] 386579K->209294K(862912K), 0.0101380 secs] [Times: user=0.06 sys=0.00, real=0.01 secs] 
2014-07-16T07:44:29.497+0000: 944.717: [GC [PSYoungGen: 175890K->1016K(171968K)] 383758K->209382K(858944K), 0.0062250 secs] [Times: user=0.04 sys=0.00, real=0.00 secs] 
2014-07-16T07:44:30.055+0000: 945.275: [GC [PSYoungGen: 171934K->1244K(168832K)] 380300K->209666K(855808K), 0.0063910 secs] [Times: user=0.04 sys=0.00, real=0.00 secs] 
2014-07-16T07:44:30.649+0000: 945.869: [GC [PSYoungGen: 168795K->804K(165120K)] 377217K->209514K(852096K), 0.0035290 secs] [Times: user=0.02 sys=0.00, real=0.00 secs] 
2014-07-16T07:44:31.238+0000: 946.458: [GC [PSYoungGen: 165092K->944K(162112K)] 373802K->209694K(849088K), 0.0034370 secs] [Times: user=0.01 sys=0.00, real=0.00 secs] 
2014-07-16T07:44:31.834+0000: 947.054: [GC [PSYoungGen: 162096K->822K(158912K)] 370846K->209636K(845888K), 0.0069360 secs] [Times: user=0.04 sys=0.00, real=0.01 secs] 
2014-07-16T07:44:32.413+0000: 947.633: [GC [PSYoungGen: 158901K->1126K(190848K)] 367716K->209996K(877824K), 0.0088330 secs] [Times: user=0.05 sys=0.00, real=0.01 secs] 
2014-07-16T07:44:33.100+0000: 948.320: [GC [PSYoungGen: 190783K->926K(186688K)] 399654K->209876K(873664K), 0.0032150 secs] [Times: user=0.02 sys=0.01, real=0.00 secs] 
2014-07-16T07:44:33.769+0000: 948.989: [GC [PSYoungGen: 186633K->812K(182720K)] 395583K->209810K(869696K), 0.0037430 secs] [Times: user=0.02 sys=0.00, real=0.00 secs] 
2014-07-16T07:44:34.512+0000: 949.732: [GC [PSYoungGen: 182700K->1316K(179520K)] 391698K->210402K(866496K), 0.0058250 secs] [Times: user=0.03 sys=0.00, real=0.01 secs] 
2014-07-16T07:44:35.073+0000: 950.293: [GC [PSYoungGen: 179492K->1322K(175936K)] 388578K->210496K(862912K), 0.0040530 secs] [Times: user=0.02 sys=0.00, real=0.01 secs] 
2014-07-16T07:44:35.699+0000: 950.919: [GC [PSYoungGen: 175914K->698K(171776K)] 385088K->210040K(858752K), 0.0061870 secs] [Times: user=0.03 sys=0.00, real=0.00 secs] 
2014-07-16T07:44:36.338+0000: 951.558: [GC [PSYoungGen: 171770K->1142K(168832K)] 381112K->210596K(855808K), 0.0050730 secs] [Times: user=0.03 sys=0.01, real=0.00 secs] 
2014-07-16T07:44:36.947+0000: 952.167: [GC [PSYoungGen: 168822K->1018K(165440K)] 378276K->210668K(852416K), 0.0066980 secs] [Times: user=0.04 sys=0.00, real=0.00 secs] 
2014-07-16T07:44:37.529+0000: 952.749: [GC [PSYoungGen: 165389K->912K(162176K)] 375040K->210642K(849152K), 0.0044940 secs] [Times: user=0.02 sys=0.00, real=0.00 secs] 
2014-07-16T07:44:38.113+0000: 953.333: [GC [PSYoungGen: 162128K->1022K(159168K)] 371858K->210824K(846144K), 0.0081200 secs] [Times: user=0.06 sys=0.01, real=0.01 secs] 
2014-07-16T07:44:38.680+0000: 953.900: [GC [PSYoungGen: 159166K->972K(190848K)] 368968K->210822K(877824K), 0.0093940 secs] [Times: user=0.05 sys=0.00, real=0.01 secs] 
2014-07-16T07:44:39.369+0000: 954.589: [GC [PSYoungGen: 190796K->940K(228800K)] 400646K->210870K(915776K), 0.0051750 secs] [Times: user=0.03 sys=0.00, real=0.00 secs] 
2014-07-16T07:44:40.201+0000: 955.421: [GC [PSYoungGen: 228780K->1008K(223552K)] 438710K->211042K(910528K), 0.0044330 secs] [Times: user=0.03 sys=0.00, real=0.00 secs] 
2014-07-16T07:44:41.004+0000: 956.224: [GC [PSYoungGen: 223536K->626K(218048K)] 433570K->210740K(905024K), 0.0050740 secs] [Times: user=0.02 sys=0.00, real=0.01 secs] 
2014-07-16T07:44:41.785+0000: 957.005: [GC [PSYoungGen: 218034K->986K(213504K)] 428148K->211180K(900480K), 0.0043250 secs] [Times: user=0.02 sys=0.00, real=0.01 secs] 
2014-07-16T07:44:42.551+0000: 957.771: [GC [PSYoungGen: 213466K->908K(208640K)] 423660K->211166K(895616K), 0.0045970 secs] [Times: user=0.03 sys=0.00, real=0.00 secs] 
2014-07-16T07:44:43.307+0000: 958.527: [GC [PSYoungGen: 208547K->1394K(204480K)] 418806K->211815K(891456K), 0.0033280 secs] [Times: user=0.01 sys=0.00, real=0.01 secs] 
2014-07-16T07:44:44.039+0000: 959.259: [GC [PSYoungGen: 204466K->484K(199168K)] 414887K->211885K(886144K), 0.0041690 secs] [Times: user=0.02 sys=0.00, real=0.00 secs] 
2014-07-16T07:44:44.840+0000: 960.060: [GC [PSYoungGen: 199140K->1358K(195776K)] 410541K->212823K(882752K), 0.0035560 secs] [Times: user=0.02 sys=0.00, real=0.00 secs] 
2014-07-16T07:44:45.488+0000: 960.708: [GC [PSYoungGen: 195726K->530K(190784K)] 407191K->212315K(877760K), 0.0033660 secs] [Times: user=0.01 sys=0.00, real=0.00 secs] 
2014-07-16T07:44:46.183+0000: 961.403: [GC [PSYoungGen: 190738K->1004K(187200K)] 402523K->212861K(874176K), 0.0058710 secs] [Times: user=0.03 sys=0.00, real=0.01 secs] 
2014-07-16T07:44:46.859+0000: 962.079: [GC [PSYoungGen: 187178K->740K(183040K)] 399036K->212669K(870016K), 0.0046650 secs] [Times: user=0.02 sys=0.00, real=0.00 secs] 
2014-07-16T07:44:47.527+0000: 962.747: [GC [PSYoungGen: 183002K->1150K(179712K)] 394931K->213159K(866688K), 0.0038550 secs] [Times: user=0.02 sys=0.01, real=0.01 secs] 
2014-07-16T07:44:48.172+0000: 963.392: [GC [PSYoungGen: 179710K->790K(175744K)] 391719K->212863K(862720K), 0.0071310 secs] [Times: user=0.04 sys=0.00, real=0.01 secs] 
2014-07-16T07:44:48.791+0000: 964.011: [GC [PSYoungGen: 175702K->890K(172288K)] 387775K->213051K(859264K), 0.0068510 secs] [Times: user=0.04 sys=0.00, real=0.01 secs] 
2014-07-16T07:44:49.404+0000: 964.624: [GC [PSYoungGen: 172265K->1304K(207040K)] 384426K->213529K(894016K), 0.0108880 secs] [Times: user=0.06 sys=0.00, real=0.01 secs] 
2014-07-16T07:44:50.193+0000: 965.413: [GC [PSYoungGen: 207000K->808K(201984K)] 419225K->213113K(888960K), 0.0055830 secs] [Times: user=0.03 sys=0.00, real=0.01 secs] 
2014-07-16T07:44:50.911+0000: 966.131: [GC [PSYoungGen: 201958K->826K(197632K)] 414263K->213219K(884608K), 0.0063660 secs] [Times: user=0.03 sys=0.01, real=0.01 secs] 
2014-07-16T07:44:51.630+0000: 966.850: [GC [PSYoungGen: 197626K->958K(193536K)] 410019K->213399K(880512K), 0.0072560 secs] [Times: user=0.05 sys=0.01, real=0.00 secs] 
2014-07-16T07:44:52.323+0000: 967.543: [GC [PSYoungGen: 193463K->890K(189376K)] 405904K->213427K(876352K), 0.0058970 secs] [Times: user=0.04 sys=0.00, real=0.01 secs] 
2014-07-16T07:44:52.995+0000: 968.215: [GC [PSYoungGen: 189363K->876K(185408K)] 401901K->213469K(872384K), 0.0047460 secs] [Times: user=0.03 sys=0.00, real=0.01 secs] 
2014-07-16T07:44:53.667+0000: 968.887: [GC [PSYoungGen: 185388K->744K(181440K)] 397981K->213425K(868416K), 0.0051390 secs] [Times: user=0.03 sys=0.00, real=0.01 secs] 
2014-07-16T07:44:54.329+0000: 969.549: [GC [PSYoungGen: 181370K->1004K(177984K)] 394051K->213757K(864960K), 0.0036420 secs] [Times: user=0.02 sys=0.00, real=0.01 secs] 
2014-07-16T07:44:55.060+0000: 970.280: [GC [PSYoungGen: 177964K->1214K(174592K)] 390717K->214071K(861568K), 0.0031840 secs] [Times: user=0.02 sys=0.00, real=0.00 secs] 
2014-07-16T07:44:55.684+0000: 970.904: [GC [PSYoungGen: 174590K->1140K(171072K)] 387447K->214037K(858048K), 0.0050280 secs] [Times: user=0.02 sys=0.00, real=0.01 secs] 
2014-07-16T07:44:56.303+0000: 971.523: [GC [PSYoungGen: 171060K->594K(167232K)] 383957K->213539K(854208K), 0.0060230 secs] [Times: user=0.04 sys=0.00, real=0.00 secs] 
2014-07-16T07:44:56.906+0000: 972.126: [GC [PSYoungGen: 167186K->840K(164224K)] 380131K->213857K(851200K), 0.0087530 secs] [Times: user=0.06 sys=0.00, real=0.01 secs] 
2014-07-16T07:44:57.509+0000: 972.729: [GC [PSYoungGen: 164168K->986K(161216K)] 377185K->214107K(848192K), 0.0047380 secs] [Times: user=0.03 sys=0.01, real=0.01 secs] 
2014-07-16T07:44:58.066+0000: 973.286: [GC [PSYoungGen: 161178K->1454K(158656K)] 374299K->214632K(845632K), 0.0037390 secs] [Times: user=0.01 sys=0.00, real=0.01 secs] 
2014-07-16T07:44:58.648+0000: 973.868: [GC [PSYoungGen: 158638K->498K(154752K)] 371816K->213941K(841728K), 0.0050090 secs] [Times: user=0.03 sys=0.00, real=0.01 secs] 
2014-07-16T07:44:59.213+0000: 974.433: [GC [PSYoungGen: 154738K->1246K(186368K)] 368181K->214737K(873344K), 0.0093220 secs] [Times: user=0.06 sys=0.00, real=0.01 secs] 
2014-07-16T07:44:59.969+0000: 975.189: [GC [PSYoungGen: 186334K->1460K(182720K)] 399825K->215167K(869696K), 0.0042460 secs] [Times: user=0.02 sys=0.00, real=0.00 secs] 
2014-07-16T07:45:00.585+0000: 975.805: [GC [PSYoungGen: 182708K->722K(178304K)] 396415K->214533K(865280K), 0.0053390 secs] [Times: user=0.03 sys=0.00, real=0.01 secs] 
2014-07-16T07:45:01.221+0000: 976.441: [GC [PSYoungGen: 178245K->1090K(175104K)] 392057K->214957K(862080K), 0.0055660 secs] [Times: user=0.02 sys=0.00, real=0.00 secs] 
2014-07-16T07:45:01.862+0000: 977.082: [GC [PSYoungGen: 175042K->690K(171200K)] 388909K->214653K(858176K), 0.0050980 secs] [Times: user=0.03 sys=0.00, real=0.00 secs] 
2014-07-16T07:45:02.472+0000: 977.692: [GC [PSYoungGen: 171186K->812K(167936K)] 385149K->214831K(854912K), 0.0058110 secs] [Times: user=0.03 sys=0.00, real=0.00 secs] 
2014-07-16T07:45:03.092+0000: 978.312: [GC [PSYoungGen: 167916K->1362K(165248K)] 381935K->215477K(852224K), 0.0077010 secs] [Times: user=0.04 sys=0.00, real=0.00 secs] 
2014-07-16T07:45:03.675+0000: 978.895: [GC [PSYoungGen: 165202K->844K(197504K)] 379317K->215007K(884480K), 0.0100570 secs] [Times: user=0.06 sys=0.00, real=0.01 secs] 
2014-07-16T07:45:04.380+0000: 979.600: [GC [PSYoungGen: 197452K->836K(236864K)] 411615K->215079K(923840K), 0.0052280 secs] [Times: user=0.03 sys=0.00, real=0.00 secs] 
2014-07-16T07:45:05.307+0000: 980.527: [GC [PSYoungGen: 236761K->1116K(231488K)] 451005K->215423K(918464K), 0.0065310 secs] [Times: user=0.04 sys=0.00, real=0.01 secs] 
2014-07-16T07:45:06.138+0000: 981.358: [GC [PSYoungGen: 231452K->818K(225792K)] 445759K->215205K(912768K), 0.0064240 secs] [Times: user=0.03 sys=0.00, real=0.01 secs] 
2014-07-16T07:45:06.939+0000: 982.159: [GC [PSYoungGen: 225778K->1318K(221120K)] 440165K->215753K(908096K), 0.0084850 secs] [Times: user=0.04 sys=0.00, real=0.01 secs] 
2014-07-16T07:45:07.760+0000: 982.980: [GC [PSYoungGen: 221089K->890K(215616K)] 435524K->215389K(902592K), 0.0048410 secs] [Times: user=0.04 sys=0.00, real=0.01 secs] 
2014-07-16T07:45:08.513+0000: 983.732: [GC [PSYoungGen: 215550K->1272K(211136K)] 430050K->216002K(898112K), 0.0029830 secs] [Times: user=0.02 sys=0.00, real=0.00 secs] 
2014-07-16T07:45:09.291+0000: 984.511: [GC [PSYoungGen: 211105K->1036K(206272K)] 425834K->215829K(893248K), 0.0050680 secs] [Times: user=0.02 sys=0.00, real=0.00 secs] 
2014-07-16T07:45:10.132+0000: 985.352: [GC [PSYoungGen: 206220K->1256K(201920K)] 421013K->216261K(888896K), 0.0081530 secs] [Times: user=0.03 sys=0.00, real=0.00 secs] 
2014-07-16T07:45:10.789+0000: 986.009: [GC [PSYoungGen: 201896K->1094K(197440K)] 416901K->216188K(884416K), 0.0051940 secs] [Times: user=0.02 sys=0.01, real=0.01 secs] 
2014-07-16T07:45:11.503+0000: 986.723: [GC [PSYoungGen: 197382K->904K(193024K)] 412476K->216093K(880000K), 0.0031610 secs] [Times: user=0.02 sys=0.01, real=0.00 secs] 
2014-07-16T07:45:12.210+0000: 987.430: [GC [PSYoungGen: 192968K->512K(188480K)] 408157K->215773K(875456K), 0.0053240 secs] [Times: user=0.04 sys=0.00, real=0.01 secs] 
2014-07-16T07:45:12.888+0000: 988.108: [GC [PSYoungGen: 188480K->662K(184768K)] 403741K->215955K(871744K), 0.0050240 secs] [Times: user=0.02 sys=0.00, real=0.01 secs] 
2014-07-16T07:45:13.549+0000: 988.769: [GC [PSYoungGen: 184726K->680K(180992K)] 400019K->216005K(867968K), 0.0067880 secs] [Times: user=0.04 sys=0.00, real=0.01 secs] 
2014-07-16T07:45:14.217+0000: 989.437: [GC [PSYoungGen: 180968K->936K(177600K)] 396293K->216309K(864576K), 0.0079800 secs] [Times: user=0.05 sys=0.00, real=0.01 secs] 
2014-07-16T07:45:14.861+0000: 990.081: [GC [PSYoungGen: 177576K->894K(173952K)] 392949K->216331K(860928K), 0.0039040 secs] [Times: user=0.02 sys=0.00, real=0.01 secs] 
2014-07-16T07:45:15.505+0000: 990.725: [GC [PSYoungGen: 173950K->822K(170432K)] 389387K->216339K(857408K), 0.0080910 secs] [Times: user=0.04 sys=0.00, real=0.01 secs] 
2014-07-16T07:45:16.118+0000: 991.338: [GC [PSYoungGen: 170422K->644K(166976K)] 385939K->216225K(853952K), 0.0060670 secs] [Times: user=0.03 sys=0.00, real=0.01 secs] 
2014-07-16T07:45:16.727+0000: 991.947: [GC [PSYoungGen: 166916K->612K(163712K)] 382497K->216265K(850688K), 0.0046850 secs] [Times: user=0.02 sys=0.00, real=0.00 secs] 
2014-07-16T07:45:17.326+0000: 992.546: [GC [PSYoungGen: 163684K->912K(160896K)] 379337K->216605K(847872K), 0.0082610 secs] [Times: user=0.04 sys=0.01, real=0.01 secs] 
2014-07-16T07:45:17.908+0000: 993.128: [GC [PSYoungGen: 160848K->1044K(193024K)] 376541K->216793K(880000K), 0.0089320 secs] [Times: user=0.05 sys=0.00, real=0.01 secs] 
2014-07-16T07:45:18.629+0000: 993.849: [GC [PSYoungGen: 192972K->840K(188736K)] 408722K->216645K(875712K), 0.0039340 secs] [Times: user=0.02 sys=0.00, real=0.01 secs] 
2014-07-16T07:45:19.304+0000: 994.524: [GC [PSYoungGen: 188603K->912K(226368K)] 404408K->216757K(913344K), 0.0092220 secs] [Times: user=0.06 sys=0.00, real=0.01 secs] 
2014-07-16T07:45:20.119+0000: 995.339: [GC [PSYoungGen: 226317K->512K(228672K)] 442162K->216413K(915648K), 0.0081900 secs] [Times: user=0.05 sys=0.00, real=0.01 secs] 
2014-07-16T07:45:20.933+0000: 996.153: [GC [PSYoungGen: 227776K->566K(222528K)] 443677K->216515K(909504K), 0.0030270 secs] [Times: user=0.02 sys=0.00, real=0.01 secs] 
2014-07-16T07:45:21.729+0000: 996.949: [GC [PSYoungGen: 222518K->758K(217600K)] 438467K->216763K(904576K), 0.0069440 secs] [Times: user=0.04 sys=0.00, real=0.01 secs] 
2014-07-16T07:45:22.521+0000: 997.741: [GC [PSYoungGen: 217590K->1342K(213248K)] 433595K->217577K(900224K), 0.0033680 secs] [Times: user=0.02 sys=0.00, real=0.01 secs] 
2014-07-16T07:45:23.289+0000: 998.509: [GC [PSYoungGen: 213246K->1018K(208192K)] 429481K->217341K(895168K), 0.0062480 secs] [Times: user=0.03 sys=0.00, real=0.01 secs] 
2014-07-16T07:45:24.032+0000: 999.252: [GC [PSYoungGen: 208156K->748K(203328K)] 424480K->217428K(890304K), 0.0056080 secs] [Times: user=0.03 sys=0.00, real=0.01 secs] 
2014-07-16T07:45:24.752+0000: 999.972: [GC [PSYoungGen: 203278K->1312K(199488K)] 419957K->218056K(886464K), 0.0060540 secs] [Times: user=0.04 sys=0.00, real=0.01 secs] 
2014-07-16T07:45:25.504+0000: 1000.724: [GC [PSYoungGen: 199456K->998K(194880K)] 416200K->218302K(881856K), 0.0052610 secs] [Times: user=0.03 sys=0.00, real=0.00 secs] 
2014-07-16T07:45:26.185+0000: 1001.405: [GC [PSYoungGen: 194854K->626K(190336K)] 412158K->218018K(877312K), 0.0046100 secs] [Times: user=0.02 sys=0.00, real=0.00 secs] 
2014-07-16T07:45:26.868+0000: 1002.088: [GC [PSYoungGen: 190322K->1090K(186880K)] 407714K->218594K(873856K), 0.0045120 secs] [Times: user=0.03 sys=0.00, real=0.00 secs] 
2014-07-16T07:45:27.558+0000: 1002.777: [GC [PSYoungGen: 186818K->804K(182720K)] 404322K->218388K(869696K), 0.0040910 secs] [Times: user=0.02 sys=0.01, real=0.00 secs] 
2014-07-16T07:45:28.232+0000: 1003.452: [GC [PSYoungGen: 182665K->926K(179136K)] 400249K->218574K(866112K), 0.0037920 secs] [Times: user=0.02 sys=0.00, real=0.01 secs] 
2014-07-16T07:45:28.885+0000: 1004.105: [GC [PSYoungGen: 179102K->1308K(175936K)] 396750K->219004K(862912K), 0.0050430 secs] [Times: user=0.03 sys=0.00, real=0.00 secs] 
2014-07-16T07:45:29.511+0000: 1004.731: [GC [PSYoungGen: 175881K->848K(171968K)] 393577K->218600K(858944K), 0.0046110 secs] [Times: user=0.02 sys=0.00, real=0.01 secs] 
2014-07-16T07:45:30.139+0000: 1005.358: [GC [PSYoungGen: 171920K->936K(168640K)] 389672K->218792K(855616K), 0.0048810 secs] [Times: user=0.03 sys=0.00, real=0.00 secs] 
2014-07-16T07:45:30.766+0000: 1005.986: [GC [PSYoungGen: 168616K->768K(165184K)] 386472K->218688K(852160K), 0.0059720 secs] [Times: user=0.04 sys=0.00, real=0.00 secs] 
2014-07-16T07:45:31.361+0000: 1006.581: [GC [PSYoungGen: 165184K->1194K(162432K)] 383104K->219170K(849408K), 0.0043530 secs] [Times: user=0.02 sys=0.01, real=0.01 secs] 
2014-07-16T07:45:31.940+0000: 1007.160: [GC [PSYoungGen: 162399K->1254K(159424K)] 380375K->219376K(846400K), 0.0031060 secs] [Times: user=0.02 sys=0.00, real=0.00 secs] 
2014-07-16T07:45:32.534+0000: 1007.754: [GC [PSYoungGen: 159398K->1100K(156352K)] 377520K->219318K(843328K), 0.0065260 secs] [Times: user=0.04 sys=0.01, real=0.00 secs] 
2014-07-16T07:45:33.078+0000: 1008.298: [GC [PSYoungGen: 156300K->768K(153088K)] 374518K->219050K(840064K), 0.0060940 secs] [Times: user=0.04 sys=0.00, real=0.00 secs] 
2014-07-16T07:45:33.629+0000: 1008.849: [GC [PSYoungGen: 153088K->776K(150336K)] 371370K->219146K(837312K), 0.0051790 secs] [Times: user=0.03 sys=0.00, real=0.00 secs] 
2014-07-16T07:45:34.174+0000: 1009.394: [GC [PSYoungGen: 150280K->836K(147712K)] 368650K->219278K(834688K), 0.0055580 secs] [Times: user=0.03 sys=0.00, real=0.01 secs] 
2014-07-16T07:45:34.702+0000: 1009.922: [GC [PSYoungGen: 147652K->1082K(145280K)] 366094K->219588K(832256K), 0.0041240 secs] [Times: user=0.02 sys=0.01, real=0.01 secs] 
2014-07-16T07:45:35.255+0000: 1010.475: [GC [PSYoungGen: 145274K->900K(142592K)] 363780K->219454K(829568K), 0.0038770 secs] [Times: user=0.02 sys=0.00, real=0.01 secs] 
2014-07-16T07:45:35.853+0000: 1011.073: [GC [PSYoungGen: 142532K->1176K(171200K)] 361086K->219818K(858176K), 0.0109870 secs] [Times: user=0.07 sys=0.00, real=0.01 secs] 
2014-07-16T07:45:36.419+0000: 1011.639: [GC [PSYoungGen: 171160K->830K(204864K)] 389802K->219578K(891840K), 0.0064060 secs] [Times: user=0.04 sys=0.00, real=0.01 secs] 
2014-07-16T07:45:37.163+0000: 1012.383: [GC [PSYoungGen: 204853K->986K(200576K)] 423602K->219814K(887552K), 0.0036980 secs] [Times: user=0.01 sys=0.00, real=0.01 secs] 
2014-07-16T07:45:37.896+0000: 1013.115: [GC [PSYoungGen: 200538K->658K(240192K)] 419366K->219558K(927168K), 0.0149740 secs] [Times: user=0.09 sys=0.00, real=0.01 secs] 
2014-07-16T07:45:38.766+0000: 1013.986: [GC [PSYoungGen: 240146K->808K(255936K)] 459046K->219772K(942912K), 0.0081330 secs] [Times: user=0.05 sys=0.00, real=0.00 secs] 
2014-07-16T07:45:39.661+0000: 1014.881: [GC [PSYoungGen: 255272K->1308K(288704K)] 474236K->220352K(975680K), 0.0072240 secs] [Times: user=0.04 sys=0.00, real=0.01 secs] 
2014-07-16T07:45:40.785+0000: 1016.005: [GC [PSYoungGen: 288562K->1126K(280896K)] 507606K->220266K(967872K), 0.0050910 secs] [Times: user=0.04 sys=0.00, real=0.01 secs] 
2014-07-16T07:45:41.752+0000: 1016.972: [GC [PSYoungGen: 280870K->442K(272960K)] 500010K->220096K(959936K), 0.0038670 secs] [Times: user=0.02 sys=0.00, real=0.01 secs] 
2014-07-16T07:45:42.741+0000: 1017.961: [GC [PSYoungGen: 272954K->876K(266432K)] 492608K->220578K(953408K), 0.0042240 secs] [Times: user=0.02 sys=0.00, real=0.00 secs] 
2014-07-16T07:45:43.696+0000: 1018.916: [GC [PSYoungGen: 266412K->1326K(260160K)] 486114K->221248K(947136K), 0.0072950 secs] [Times: user=0.05 sys=0.00, real=0.00 secs] 
2014-07-16T07:45:44.644+0000: 1019.864: [GC [PSYoungGen: 260142K->1104K(253504K)] 480064K->221106K(940480K), 0.0070440 secs] [Times: user=0.04 sys=0.00, real=0.01 secs] 
2014-07-16T07:45:45.554+0000: 1020.774: [GC [PSYoungGen: 253456K->630K(246784K)] 473458K->220786K(933760K), 0.0100850 secs] [Times: user=0.05 sys=0.00, real=0.01 secs] 
2014-07-16T07:45:46.461+0000: 1021.681: [GC [PSYoungGen: 246774K->1026K(241280K)] 466930K->221246K(928256K), 0.0051150 secs] [Times: user=0.02 sys=0.00, real=0.00 secs] 
2014-07-16T07:45:47.327+0000: 1022.547: [GC [PSYoungGen: 241218K->1194K(235648K)] 461438K->221594K(922624K), 0.0049470 secs] [Times: user=0.03 sys=0.00, real=0.01 secs] 
2014-07-16T07:45:48.185+0000: 1023.405: [GC [PSYoungGen: 235596K->662K(229568K)] 455997K->221110K(916544K), 0.0040580 secs] [Times: user=0.01 sys=0.00, real=0.01 secs] 
2014-07-16T07:45:49.007+0000: 1024.227: [GC [PSYoungGen: 229526K->576K(224064K)] 449974K->221088K(911040K), 0.0069710 secs] [Times: user=0.05 sys=0.00, real=0.00 secs] 
2014-07-16T07:45:49.841+0000: 1025.061: [GC [PSYoungGen: 224064K->1136K(219456K)] 444576K->221728K(906432K), 0.0059050 secs] [Times: user=0.04 sys=0.00, real=0.01 secs] 
2014-07-16T07:45:50.608+0000: 1025.828: [GC [PSYoungGen: 219440K->958K(214272K)] 440032K->221654K(901248K), 0.0066690 secs] [Times: user=0.03 sys=0.01, real=0.00 secs] 
2014-07-16T07:45:51.415+0000: 1026.635: [GC [PSYoungGen: 214269K->954K(209472K)] 434965K->221706K(896448K), 0.0056920 secs] [Times: user=0.02 sys=0.00, real=0.01 secs] 
2014-07-16T07:45:52.162+0000: 1027.382: [GC [PSYoungGen: 209426K->926K(204864K)] 430178K->221726K(891840K), 0.0068470 secs] [Times: user=0.04 sys=0.00, real=0.01 secs] 
2014-07-16T07:45:52.915+0000: 1028.135: [GC [PSYoungGen: 204830K->800K(200256K)] 425630K->221696K(887232K), 0.0060870 secs] [Times: user=0.04 sys=0.00, real=0.01 secs] 
2014-07-16T07:45:53.623+0000: 1028.843: [GC [PSYoungGen: 200202K->1058K(196224K)] 421098K->222192K(883200K), 0.0044360 secs] [Times: user=0.03 sys=0.00, real=0.00 secs] 
2014-07-16T07:45:54.325+0000: 1029.545: [GC [PSYoungGen: 196194K->994K(192000K)] 417328K->222216K(878976K), 0.0045390 secs] [Times: user=0.03 sys=0.00, real=0.01 secs] 
2014-07-16T07:45:55.013+0000: 1030.233: [GC [PSYoungGen: 191970K->886K(187840K)] 413192K->222328K(874816K), 0.0052060 secs] [Times: user=0.03 sys=0.00, real=0.01 secs] 
2014-07-16T07:45:55.678+0000: 1030.898: [GC [PSYoungGen: 187830K->1258K(184320K)] 409272K->222780K(871296K), 0.0036130 secs] [Times: user=0.02 sys=0.00, real=0.01 secs] 
2014-07-16T07:45:56.395+0000: 1031.615: [GC [PSYoungGen: 184298K->826K(180096K)] 405820K->222532K(867072K), 0.0079150 secs] [Times: user=0.05 sys=0.00, real=0.01 secs] 
2014-07-16T07:45:57.037+0000: 1032.257: [GC [PSYoungGen: 180090K->1172K(176832K)] 401796K->222974K(863808K), 0.0053980 secs] [Times: user=0.03 sys=0.00, real=0.01 secs] 
2014-07-16T07:45:57.679+0000: 1032.899: [GC [PSYoungGen: 176788K->844K(172992K)] 398590K->222968K(859968K), 0.0061470 secs] [Times: user=0.04 sys=0.00, real=0.00 secs] 
2014-07-16T07:45:58.285+0000: 1033.505: [GC [PSYoungGen: 172940K->1114K(169856K)] 395064K->223302K(856832K), 0.0058570 secs] [Times: user=0.03 sys=0.00, real=0.01 secs] 
2014-07-16T07:45:58.891+0000: 1034.111: [GC [PSYoungGen: 169818K->776K(166208K)] 392006K->223044K(853184K), 0.0047880 secs] [Times: user=0.03 sys=0.00, real=0.00 secs] 
2014-07-16T07:45:59.501+0000: 1034.721: [GC [PSYoungGen: 166152K->876K(163072K)] 388420K->223224K(850048K), 0.0040200 secs] [Times: user=0.02 sys=0.00, real=0.00 secs] 
2014-07-16T07:46:00.085+0000: 1035.305: [GC [PSYoungGen: 163052K->816K(159936K)] 385400K->223212K(846912K), 0.0062870 secs] [Times: user=0.04 sys=0.00, real=0.01 secs] 
2014-07-16T07:46:00.668+0000: 1035.888: [GC [PSYoungGen: 159920K->698K(156800K)] 382316K->223142K(843776K), 0.0080630 secs] [Times: user=0.06 sys=0.00, real=0.01 secs] 
2014-07-16T07:46:01.323+0000: 1036.543: [GC [PSYoungGen: 156718K->890K(154048K)] 379163K->223398K(841024K), 0.0055860 secs] [Times: user=0.03 sys=0.00, real=0.00 secs] 
2014-07-16T07:46:01.861+0000: 1037.081: [GC [PSYoungGen: 154042K->1040K(184896K)] 376550K->223620K(871872K), 0.0072170 secs] [Times: user=0.04 sys=0.00, real=0.00 secs] 
2014-07-16T07:46:02.528+0000: 1037.748: [GC [PSYoungGen: 184848K->894K(180928K)] 407428K->223868K(867904K), 0.0039450 secs] [Times: user=0.02 sys=0.00, real=0.01 secs] 
2014-07-16T07:46:03.173+0000: 1038.393: [GC [PSYoungGen: 180926K->644K(177088K)] 403900K->223698K(864064K), 0.0030340 secs] [Times: user=0.01 sys=0.00, real=0.00 secs] 
2014-07-16T07:46:03.801+0000: 1039.021: [GC [PSYoungGen: 177028K->804K(173696K)] 400082K->223930K(860672K), 0.0032430 secs] [Times: user=0.02 sys=0.00, real=0.00 secs] 
2014-07-16T07:46:04.426+0000: 1039.646: [GC [PSYoungGen: 173668K->576K(169984K)] 396794K->223774K(856960K), 0.0046110 secs] [Times: user=0.02 sys=0.00, real=0.01 secs] 
2014-07-16T07:46:05.045+0000: 1040.265: [GC [PSYoungGen: 169893K->1286K(167424K)] 393092K->224564K(854400K), 0.0072960 secs] [Times: user=0.05 sys=0.00, real=0.01 secs] 
2014-07-16T07:46:05.637+0000: 1040.857: [GC [PSYoungGen: 167366K->662K(163584K)] 390644K->223980K(850560K), 0.0050130 secs] [Times: user=0.02 sys=0.00, real=0.01 secs] 
2014-07-16T07:46:06.308+0000: 1041.528: [GC [PSYoungGen: 163536K->776K(160576K)] 386855K->224158K(847552K), 0.0059640 secs] [Times: user=0.03 sys=0.01, real=0.01 secs] 
2014-07-16T07:46:06.885+0000: 1042.105: [GC [PSYoungGen: 160487K->922K(157696K)] 383870K->224368K(844672K), 0.0042280 secs] [Times: user=0.01 sys=0.00, real=0.00 secs] 
2014-07-16T07:46:07.455+0000: 1042.675: [GC [PSYoungGen: 157614K->1172K(155008K)] 381061K->224698K(841984K), 0.0043690 secs] [Times: user=0.02 sys=0.00, real=0.00 secs] 
2014-07-16T07:46:08.001+0000: 1043.221: [GC [PSYoungGen: 154964K->740K(151744K)] 378490K->224362K(838720K), 0.0038690 secs] [Times: user=0.01 sys=0.01, real=0.00 secs] 
2014-07-16T07:46:08.564+0000: 1043.784: [GC [PSYoungGen: 151622K->1150K(149376K)] 375244K->224868K(836352K), 0.0093630 secs] [Times: user=0.06 sys=0.00, real=0.01 secs] 
2014-07-16T07:46:09.101+0000: 1044.321: [GC [PSYoungGen: 149341K->1292K(146880K)] 373060K->225090K(833856K), 0.0052810 secs] [Times: user=0.02 sys=0.00, real=0.00 secs] 
2014-07-16T07:46:09.627+0000: 1044.847: [GC [PSYoungGen: 146826K->620K(143552K)] 370625K->224610K(830528K), 0.0057400 secs] [Times: user=0.02 sys=0.00, real=0.01 secs] 
2014-07-16T07:46:10.149+0000: 1045.369: [GC [PSYoungGen: 143532K->944K(172480K)] 367522K->224982K(859456K), 0.0079720 secs] [Times: user=0.04 sys=0.00, real=0.01 secs] 
2014-07-16T07:46:10.763+0000: 1045.983: [GC [PSYoungGen: 172461K->512K(206336K)] 396500K->224770K(893312K), 0.0050850 secs] [Times: user=0.03 sys=0.01, real=0.00 secs] 
2014-07-16T07:46:11.502+0000: 1046.722: [GC [PSYoungGen: 206336K->658K(201984K)] 430594K->224996K(888960K), 0.0040410 secs] [Times: user=0.01 sys=0.00, real=0.00 secs] 
2014-07-16T07:46:12.237+0000: 1047.457: [GC [PSYoungGen: 201938K->826K(242368K)] 426276K->225204K(929344K), 0.0107130 secs] [Times: user=0.06 sys=0.00, real=0.01 secs] 
2014-07-16T07:46:13.124+0000: 1048.344: [GC [PSYoungGen: 242362K->740K(263552K)] 466740K->225198K(950528K), 0.0089890 secs] [Times: user=0.05 sys=0.00, real=0.01 secs] 
2014-07-16T07:46:14.077+0000: 1049.297: [GC [PSYoungGen: 262820K->658K(291264K)] 487278K->225164K(978240K), 0.0128660 secs] [Times: user=0.09 sys=0.00, real=0.01 secs] 
2014-07-16T07:46:15.120+0000: 1050.340: [GC [PSYoungGen: 290514K->886K(283136K)] 515020K->225464K(970112K), 0.0046850 secs] [Times: user=0.02 sys=0.00, real=0.01 secs] 
2014-07-16T07:46:16.291+0000: 1051.511: [GC [PSYoungGen: 283126K->552K(275456K)] 507704K->225878K(962432K), 0.0037350 secs] [Times: user=0.02 sys=0.00, real=0.00 secs] 
2014-07-16T07:46:17.187+0000: 1052.407: [GC [PSYoungGen: 275432K->1118K(268992K)] 500758K->226516K(955968K), 0.0048760 secs] [Times: user=0.02 sys=0.00, real=0.01 secs] 
2014-07-16T07:46:18.151+0000: 1053.371: [GC [PSYoungGen: 268956K->872K(261952K)] 494355K->226696K(948928K), 0.0062280 secs] [Times: user=0.04 sys=0.00, real=0.01 secs] 
2014-07-16T07:46:19.113+0000: 1054.333: [GC [PSYoungGen: 261928K->1438K(256000K)] 487752K->227459K(942976K), 0.0074110 secs] [Times: user=0.04 sys=0.00, real=0.00 secs] 
2014-07-16T07:46:20.029+0000: 1055.249: [GC [PSYoungGen: 255965K->634K(248896K)] 481986K->227165K(935872K), 0.0079740 secs] [Times: user=0.05 sys=0.00, real=0.01 secs] 
2014-07-16T07:46:20.921+0000: 1056.141: [GC [PSYoungGen: 248890K->1432K(243648K)] 475421K->228043K(930624K), 0.0059870 secs] [Times: user=0.03 sys=0.00, real=0.01 secs] 
2014-07-16T07:46:21.800+0000: 1057.020: [GC [PSYoungGen: 243594K->950K(237312K)] 470205K->227641K(924288K), 0.0125330 secs] [Times: user=0.07 sys=0.00, real=0.02 secs] 
2014-07-16T07:46:22.661+0000: 1057.881: [GC [PSYoungGen: 237302K->1144K(231872K)] 463993K->227915K(918848K), 0.0065640 secs] [Times: user=0.03 sys=0.00, real=0.01 secs] 
2014-07-16T07:46:23.507+0000: 1058.727: [GC [PSYoungGen: 231830K->730K(226048K)] 458601K->227557K(913024K), 0.0059400 secs] [Times: user=0.04 sys=0.00, real=0.01 secs] 
2014-07-16T07:46:24.333+0000: 1059.553: [GC [PSYoungGen: 226010K->868K(220928K)] 452837K->227751K(907904K), 0.0121850 secs] [Times: user=0.07 sys=0.00, real=0.01 secs] 
2014-07-16T07:46:25.139+0000: 1060.359: [GC [PSYoungGen: 220900K->904K(215936K)] 447783K->227867K(902912K), 0.0061130 secs] [Times: user=0.03 sys=0.01, real=0.01 secs] 
2014-07-16T07:46:25.913+0000: 1061.133: [GC [PSYoungGen: 215880K->912K(211072K)] 442843K->227939K(898048K), 0.0040570 secs] [Times: user=0.02 sys=0.00, real=0.00 secs] 
2014-07-16T07:46:26.676+0000: 1061.896: [GC [PSYoungGen: 211004K->958K(206400K)] 438031K->228089K(893376K), 0.0059950 secs] [Times: user=0.04 sys=0.00, real=0.00 secs] 
2014-07-16T07:46:27.429+0000: 1062.649: [GC [PSYoungGen: 206398K->772K(201728K)] 433529K->227999K(888704K), 0.0041570 secs] [Times: user=0.02 sys=0.00, real=0.01 secs] 
2014-07-16T07:46:28.162+0000: 1063.382: [GC [PSYoungGen: 201668K->1194K(197760K)] 428895K->228761K(884736K), 0.0035810 secs] [Times: user=0.02 sys=0.00, real=0.01 secs] 
2014-07-16T07:46:28.868+0000: 1064.088: [GC [PSYoungGen: 197738K->1062K(193408K)] 425305K->228693K(880384K), 0.0079980 secs] [Times: user=0.05 sys=0.00, real=0.01 secs] 
2014-07-16T07:46:29.567+0000: 1064.787: [GC [PSYoungGen: 193380K->948K(189184K)] 421011K->229213K(876160K), 0.0107440 secs] [Times: user=0.07 sys=0.00, real=0.01 secs] 
2014-07-16T07:46:30.268+0000: 1065.488: [GC [PSYoungGen: 189172K->1372K(185664K)] 417437K->229783K(872640K), 0.0069800 secs] [Times: user=0.04 sys=0.00, real=0.01 secs] 
2014-07-16T07:46:30.920+0000: 1066.140: [GC [PSYoungGen: 185628K->1030K(181504K)] 414039K->229663K(868480K), 0.0058660 secs] [Times: user=0.03 sys=0.00, real=0.01 secs] 
2014-07-16T07:46:31.627+0000: 1066.847: [GC [PSYoungGen: 181423K->1558K(178304K)] 410057K->230255K(865280K), 0.0057160 secs] [Times: user=0.04 sys=0.00, real=0.00 secs] 
2014-07-16T07:46:32.235+0000: 1067.455: [GC [PSYoungGen: 178262K->806K(173952K)] 406959K->229925K(860928K), 0.0045370 secs] [Times: user=0.02 sys=0.00, real=0.00 secs] 
2014-07-16T07:46:32.846+0000: 1068.066: [GC [PSYoungGen: 173926K->1746K(171456K)] 403045K->230953K(858432K), 0.0083500 secs] [Times: user=0.05 sys=0.01, real=0.01 secs] 
2014-07-16T07:46:33.462+0000: 1068.682: [GC [PSYoungGen: 171410K->886K(204544K)] 400617K->230321K(891520K), 0.0076120 secs] [Times: user=0.05 sys=0.00, real=0.01 secs] 
2014-07-16T07:46:34.193+0000: 1069.413: [GC [PSYoungGen: 204524K->876K(245312K)] 433959K->230383K(932288K), 0.0104730 secs] [Times: user=0.05 sys=0.00, real=0.02 secs] 
2014-07-16T07:46:35.073+0000: 1070.293: [GC [PSYoungGen: 245292K->594K(277248K)] 474799K->230173K(964224K), 0.0066760 secs] [Times: user=0.04 sys=0.00, real=0.01 secs] 
2014-07-16T07:46:36.082+0000: 1071.302: [GC [PSYoungGen: 275842K->690K(277248K)] 505421K->230325K(964224K), 0.0150950 secs] [Times: user=0.09 sys=0.00, real=0.02 secs] 
2014-07-16T07:46:37.069+0000: 1072.289: [GC [PSYoungGen: 275986K->1304K(269568K)] 505621K->230995K(956544K), 0.0039600 secs] [Times: user=0.01 sys=0.00, real=0.00 secs] 
2014-07-16T07:46:38.056+0000: 1073.276: [GC [PSYoungGen: 269528K->1076K(262528K)] 499219K->230847K(949504K), 0.0063140 secs] [Times: user=0.03 sys=0.00, real=0.00 secs] 
2014-07-16T07:46:39.019+0000: 1074.239: [GC [PSYoungGen: 262502K->598K(255552K)] 492273K->230433K(942528K), 0.0052510 secs] [Times: user=0.03 sys=0.00, real=0.00 secs] 
2014-07-16T07:46:39.936+0000: 1075.156: [GC [PSYoungGen: 255465K->1122K(249728K)] 485301K->231029K(936704K), 0.0038930 secs] [Times: user=0.02 sys=0.00, real=0.00 secs] 
2014-07-16T07:46:40.819+0000: 1076.039: [GC [PSYoungGen: 249698K->758K(243264K)] 479605K->230761K(930240K), 0.0081300 secs] [Times: user=0.05 sys=0.00, real=0.01 secs] 
2014-07-16T07:46:41.834+0000: 1077.054: [GC [PSYoungGen: 243254K->1400K(238080K)] 473257K->231499K(925056K), 0.0061990 secs] [Times: user=0.04 sys=0.01, real=0.01 secs] 
2014-07-16T07:46:42.657+0000: 1077.877: [GC [PSYoungGen: 238072K->658K(231744K)] 468171K->230805K(918720K), 0.0062900 secs] [Times: user=0.03 sys=0.00, real=0.00 secs] 
2014-07-16T07:46:43.498+0000: 1078.718: [GC [PSYoungGen: 231698K->780K(226432K)] 461845K->230999K(913408K), 0.0074330 secs] [Times: user=0.04 sys=0.00, real=0.01 secs] 
2014-07-16T07:46:44.331+0000: 1079.551: [GC [PSYoungGen: 226380K->826K(221184K)] 456599K->231117K(908160K), 0.0036900 secs] [Times: user=0.01 sys=0.00, real=0.00 secs] 
2014-07-16T07:46:45.138+0000: 1080.358: [GC [PSYoungGen: 221139K->694K(216000K)] 451431K->231033K(902976K), 0.0133070 secs] [Times: user=0.08 sys=0.00, real=0.01 secs] 
2014-07-16T07:46:45.933+0000: 1081.153: [GC [PSYoungGen: 215989K->1496K(211968K)] 446328K->231899K(898944K), 0.0063420 secs] [Times: user=0.04 sys=0.00, real=0.01 secs] 
2014-07-16T07:46:46.780+0000: 1082.000: [GC [PSYoungGen: 211928K->1374K(207168K)] 442331K->231841K(894144K), 0.0069670 secs] [Times: user=0.04 sys=0.01, real=0.01 secs] 
2014-07-16T07:46:47.453+0000: 1082.673: [GC [PSYoungGen: 207089K->802K(202048K)] 437556K->231657K(889024K), 0.0077910 secs] [Times: user=0.04 sys=0.00, real=0.01 secs] 
2014-07-16T07:46:48.178+0000: 1083.398: [GC [PSYoungGen: 202005K->1204K(242688K)] 432860K->232139K(929664K), 0.0092890 secs] [Times: user=0.05 sys=0.00, real=0.01 secs] 
2014-07-16T07:46:49.051+0000: 1084.271: [GC [PSYoungGen: 242671K->1108K(290944K)] 473606K->232439K(977920K), 0.0119010 secs] [Times: user=0.06 sys=0.00, real=0.01 secs] 
2014-07-16T07:46:50.108+0000: 1085.328: [GC [PSYoungGen: 290900K->904K(321344K)] 522231K->232283K(1008320K), 0.0082000 secs] [Times: user=0.04 sys=0.00, real=0.01 secs] 
2014-07-16T07:46:51.250+0000: 1086.470: [GC [PSYoungGen: 320407K->1354K(312128K)] 551786K->232821K(999104K), 0.0068380 secs] [Times: user=0.04 sys=0.00, real=0.01 secs] 
2014-07-16T07:46:52.525+0000: 1087.745: [GC [PSYoungGen: 312074K->968K(303296K)] 543541K->232539K(990272K), 0.0048900 secs] [Times: user=0.03 sys=0.00, real=0.01 secs] 
2014-07-16T07:46:53.604+0000: 1088.824: [GC [PSYoungGen: 303240K->1198K(295360K)] 534811K->232997K(982336K), 0.0101490 secs] [Times: user=0.06 sys=0.00, real=0.01 secs] 
2014-07-16T07:46:54.722+0000: 1089.942: [GC [PSYoungGen: 295329K->848K(287232K)] 527128K->232711K(974208K), 0.0050190 secs] [Times: user=0.03 sys=0.00, real=0.00 secs] 
2014-07-16T07:46:55.767+0000: 1090.987: [GC [PSYoungGen: 287182K->926K(279808K)] 519045K->232911K(966784K), 0.0062250 secs] [Times: user=0.04 sys=0.01, real=0.00 secs] 
2014-07-16T07:46:56.878+0000: 1092.098: [GC [PSYoungGen: 279774K->1434K(273088K)] 511759K->233515K(960064K), 0.0041740 secs] [Times: user=0.01 sys=0.00, real=0.00 secs] 
2014-07-16T07:46:57.826+0000: 1093.046: [GC [PSYoungGen: 273009K->1080K(265792K)] 505091K->233225K(952768K), 0.0075560 secs] [Times: user=0.05 sys=0.00, real=0.01 secs] 
2014-07-16T07:46:58.768+0000: 1093.988: [GC [PSYoungGen: 265772K->1018K(259072K)] 497917K->233219K(946048K), 0.0040540 secs] [Times: user=0.02 sys=0.00, real=0.00 secs] 
2014-07-16T07:46:59.689+0000: 1094.909: [GC [PSYoungGen: 259066K->690K(252352K)] 491267K->233021K(939328K), 0.0054050 secs] [Times: user=0.03 sys=0.00, real=0.00 secs] 
2014-07-16T07:47:00.612+0000: 1095.832: [GC [PSYoungGen: 252338K->726K(246208K)] 484669K->233161K(933184K), 0.0048450 secs] [Times: user=0.03 sys=0.00, real=0.00 secs] 
2014-07-16T07:47:01.509+0000: 1096.729: [GC [PSYoungGen: 246166K->658K(240192K)] 478601K->233165K(927168K), 0.0062770 secs] [Times: user=0.03 sys=0.00, real=0.00 secs] 
2014-07-16T07:47:02.397+0000: 1097.617: [GC [PSYoungGen: 240114K->1008K(234752K)] 472621K->233571K(921728K), 0.0038580 secs] [Times: user=0.02 sys=0.00, real=0.01 secs] 
2014-07-16T07:47:03.273+0000: 1098.493: [GC [PSYoungGen: 234736K->1092K(229376K)] 467299K->233759K(916352K), 0.0045600 secs] [Times: user=0.03 sys=0.00, real=0.00 secs] 
2014-07-16T07:47:04.063+0000: 1099.283: [GC [PSYoungGen: 229316K->1274K(224192K)] 461983K->234037K(911168K), 0.0078820 secs] [Times: user=0.04 sys=0.01, real=0.01 secs] 
2014-07-16T07:47:04.880+0000: 1100.100: [GC [PSYoungGen: 224177K->800K(218624K)] 456940K->233651K(905600K), 0.0030620 secs] [Times: user=0.02 sys=0.00, real=0.00 secs] 
2014-07-16T07:47:05.652+0000: 1100.872: [GC [PSYoungGen: 218592K->708K(213632K)] 451443K->233639K(900608K), 0.0036630 secs] [Times: user=0.01 sys=0.00, real=0.00 secs] 
2014-07-16T07:47:06.436+0000: 1101.656: [GC [PSYoungGen: 213554K->1204K(209280K)] 446486K->234239K(896256K), 0.0058360 secs] [Times: user=0.03 sys=0.00, real=0.01 secs] 
2014-07-16T07:47:07.270+0000: 1102.490: [GC [PSYoungGen: 209253K->1140K(204608K)] 442288K->234255K(891584K), 0.0060630 secs] [Times: user=0.03 sys=0.00, real=0.00 secs] 
2014-07-16T07:47:07.990+0000: 1103.210: [GC [PSYoungGen: 204500K->998K(200000K)] 437615K->234161K(886976K), 0.0103960 secs] [Times: user=0.07 sys=0.00, real=0.01 secs] 
2014-07-16T07:47:08.726+0000: 1103.946: [GC [PSYoungGen: 199945K->1104K(195840K)] 433108K->234339K(882816K), 0.0047750 secs] [Times: user=0.02 sys=0.00, real=0.01 secs] 
2014-07-16T07:47:09.434+0000: 1104.654: [GC [PSYoungGen: 195728K->1058K(191616K)] 428963K->234357K(878592K), 0.0062070 secs] [Times: user=0.04 sys=0.00, real=0.01 secs] 
2014-07-16T07:47:10.115+0000: 1105.335: [GC [PSYoungGen: 191540K->994K(187520K)] 424839K->234373K(874496K), 0.0039700 secs] [Times: user=0.01 sys=0.00, real=0.01 secs] 
2014-07-16T07:47:10.781+0000: 1106.001: [GC [PSYoungGen: 187490K->612K(183232K)] 420869K->234055K(870208K), 0.0030020 secs] [Times: user=0.01 sys=0.00, real=0.00 secs] 
2014-07-16T07:47:11.441+0000: 1106.661: [GC [PSYoungGen: 183204K->922K(179776K)] 416647K->234437K(866752K), 0.0064930 secs] [Times: user=0.04 sys=0.00, real=0.00 secs] 
2014-07-16T07:47:12.158+0000: 1107.378: [GC [PSYoungGen: 179738K->1456K(176640K)] 413253K->235067K(863616K), 0.0071080 secs] [Times: user=0.04 sys=0.00, real=0.01 secs] 
2014-07-16T07:47:12.744+0000: 1107.964: [GC [PSYoungGen: 176624K->662K(172352K)] 410235K->234313K(859328K), 0.0037730 secs] [Times: user=0.01 sys=0.01, real=0.00 secs] 
2014-07-16T07:47:13.364+0000: 1108.584: [GC [PSYoungGen: 172310K->1058K(169344K)] 405961K->234839K(856320K), 0.0101310 secs] [Times: user=0.07 sys=0.01, real=0.01 secs] 
2014-07-16T07:47:13.976+0000: 1109.196: [GC [PSYoungGen: 169314K->1076K(166080K)] 403095K->234929K(853056K), 0.0055190 secs] [Times: user=0.03 sys=0.00, real=0.01 secs] 
2014-07-16T07:47:14.580+0000: 1109.800: [GC [PSYoungGen: 166068K->690K(162496K)] 399921K->234607K(849472K), 0.0052270 secs] [Times: user=0.03 sys=0.00, real=0.01 secs] 
2014-07-16T07:47:15.167+0000: 1110.387: [GC [PSYoungGen: 162443K->612K(159360K)] 396360K->234601K(846336K), 0.0057120 secs] [Times: user=0.04 sys=0.00, real=0.01 secs] 
2014-07-16T07:47:15.744+0000: 1110.964: [GC [PSYoungGen: 159332K->1008K(156736K)] 393321K->235053K(843712K), 0.0066850 secs] [Times: user=0.04 sys=0.00, real=0.01 secs] 
2014-07-16T07:47:16.303+0000: 1111.523: [GC [PSYoungGen: 156720K->730K(187648K)] 390765K->234839K(874624K), 0.0080030 secs] [Times: user=0.05 sys=0.00, real=0.01 secs] 
2014-07-16T07:47:16.978+0000: 1112.198: [GC [PSYoungGen: 187610K->812K(225088K)] 421719K->234985K(912064K), 0.0066540 secs] [Times: user=0.03 sys=0.00, real=0.01 secs] 
2014-07-16T07:47:17.788+0000: 1113.008: [GC [PSYoungGen: 225023K->1062K(220160K)] 459197K->235323K(907136K), 0.0036270 secs] [Times: user=0.02 sys=0.00, real=0.01 secs] 
2014-07-16T07:47:18.611+0000: 1113.831: [GC [PSYoungGen: 220105K->1190K(215296K)] 454366K->235659K(902272K), 0.0037100 secs] [Times: user=0.02 sys=0.00, real=0.01 secs] 
2014-07-16T07:47:19.379+0000: 1114.599: [GC [PSYoungGen: 215270K->958K(210240K)] 449739K->235483K(897216K), 0.0068350 secs] [Times: user=0.04 sys=0.00, real=0.01 secs] 
2014-07-16T07:47:20.143+0000: 1115.363: [GC [PSYoungGen: 210237K->808K(205440K)] 444762K->235587K(892416K), 0.0059740 secs] [Times: user=0.03 sys=0.01, real=0.00 secs] 
2014-07-16T07:47:20.880+0000: 1116.100: [GC [PSYoungGen: 205381K->1132K(201280K)] 440160K->235967K(888256K), 0.0043390 secs] [Times: user=0.01 sys=0.00, real=0.01 secs] 
2014-07-16T07:47:21.609+0000: 1116.829: [GC [PSYoungGen: 201255K->868K(196672K)] 436091K->235775K(883648K), 0.0078430 secs] [Times: user=0.05 sys=0.00, real=0.01 secs] 
2014-07-16T07:47:22.378+0000: 1117.598: [GC [PSYoungGen: 196634K->1068K(192640K)] 431541K->236055K(879616K), 0.0038760 secs] [Times: user=0.01 sys=0.00, real=0.01 secs] 
2014-07-16T07:47:23.006+0000: 1118.226: [GC [PSYoungGen: 192618K->804K(188352K)] 427605K->235879K(875328K), 0.0051720 secs] [Times: user=0.04 sys=0.00, real=0.01 secs] 
2014-07-16T07:47:23.691+0000: 1118.911: [GC [PSYoungGen: 188285K->918K(184576K)] 423360K->236049K(871552K), 0.0089710 secs] [Times: user=0.05 sys=0.00, real=0.00 secs] 
2014-07-16T07:47:24.365+0000: 1119.585: [GC [PSYoungGen: 184534K->1204K(181056K)] 419665K->236463K(868032K), 0.0076260 secs] [Times: user=0.05 sys=0.00, real=0.01 secs] 
2014-07-16T07:47:25.004+0000: 1120.223: [GC [PSYoungGen: 181044K->894K(177088K)] 416303K->236209K(864064K), 0.0061300 secs] [Times: user=0.03 sys=0.00, real=0.00 secs] 
2014-07-16T07:47:25.659+0000: 1120.879: [GC [PSYoungGen: 177086K->1012K(212480K)] 412401K->236531K(899456K), 0.0088390 secs] [Times: user=0.05 sys=0.00, real=0.01 secs] 
2014-07-16T07:47:26.414+0000: 1121.634: [GC [PSYoungGen: 212468K->640K(254400K)] 447987K->236207K(941376K), 0.0118190 secs] [Times: user=0.07 sys=0.00, real=0.01 secs] 
2014-07-16T07:47:27.424+0000: 1122.644: [GC [PSYoungGen: 254303K->1448K(305984K)] 489870K->237087K(992960K), 0.0123850 secs] [Times: user=0.06 sys=0.00, real=0.01 secs] 
2014-07-16T07:47:28.432+0000: 1123.652: [GC [PSYoungGen: 305960K->626K(296960K)] 541599K->236353K(983936K), 0.0051250 secs] [Times: user=0.03 sys=0.00, real=0.01 secs] 
2014-07-16T07:47:29.520+0000: 1124.740: [GC [PSYoungGen: 296946K->794K(289280K)] 532673K->236609K(976256K), 0.0057930 secs] [Times: user=0.03 sys=0.00, real=0.01 secs] 
2014-07-16T07:47:30.581+0000: 1125.801: [GC [PSYoungGen: 289241K->958K(281792K)] 525057K->236821K(968768K), 0.0064520 secs] [Times: user=0.03 sys=0.00, real=0.01 secs] 
2014-07-16T07:47:31.595+0000: 1126.815: [GC [PSYoungGen: 281790K->530K(274112K)] 517653K->236441K(961088K), 0.0105430 secs] [Times: user=0.07 sys=0.00, real=0.01 secs] 
2014-07-16T07:47:32.625+0000: 1127.845: [GC [PSYoungGen: 274066K->976K(267520K)] 509977K->236959K(954496K), 0.0044460 secs] [Times: user=0.02 sys=0.00, real=0.00 secs] 
2014-07-16T07:47:33.570+0000: 1128.790: [GC [PSYoungGen: 267472K->808K(260608K)] 503455K->236879K(947584K), 0.0076950 secs] [Times: user=0.05 sys=0.00, real=0.01 secs] 
2014-07-16T07:47:34.552+0000: 1129.772: [GC [PSYoungGen: 260538K->1242K(254592K)] 496609K->237417K(941568K), 0.0058860 secs] [Times: user=0.03 sys=0.00, real=0.01 secs] 
2014-07-16T07:47:35.441+0000: 1130.661: [GC [PSYoungGen: 254554K->998K(248064K)] 490729K->237359K(935040K), 0.0065340 secs] [Times: user=0.04 sys=0.00, real=0.01 secs] 
2014-07-16T07:47:36.344+0000: 1131.564: [GC [PSYoungGen: 248038K->662K(241728K)] 484399K->237071K(928704K), 0.0032670 secs] [Times: user=0.01 sys=0.00, real=0.00 secs] 
2014-07-16T07:47:37.230+0000: 1132.450: [GC [PSYoungGen: 241686K->640K(235904K)] 478095K->237113K(922880K), 0.0066040 secs] [Times: user=0.03 sys=0.00, real=0.01 secs] 
2014-07-16T07:47:38.084+0000: 1133.304: [GC [PSYoungGen: 235904K->1018K(230720K)] 472377K->237587K(917696K), 0.0077720 secs] [Times: user=0.04 sys=0.00, real=0.00 secs] 
2014-07-16T07:47:38.909+0000: 1134.129: [GC [PSYoungGen: 230714K->740K(225088K)] 467283K->237397K(912064K), 0.0035210 secs] [Times: user=0.01 sys=0.00, real=0.00 secs] 
2014-07-16T07:47:39.730+0000: 1134.949: [GC [PSYoungGen: 225060K->1114K(220288K)] 461717K->237835K(907264K), 0.0069280 secs] [Times: user=0.03 sys=0.00, real=0.01 secs] 
2014-07-16T07:47:40.526+0000: 1135.746: [GC [PSYoungGen: 220250K->658K(214848K)] 456971K->237435K(901824K), 0.0080920 secs] [Times: user=0.06 sys=0.00, real=0.00 secs] 
2014-07-16T07:47:41.313+0000: 1136.533: [GC [PSYoungGen: 214802K->926K(210304K)] 451579K->237767K(897280K), 0.0046820 secs] [Times: user=0.03 sys=0.00, real=0.01 secs] 
2014-07-16T07:47:42.064+0000: 1137.284: [GC [PSYoungGen: 210187K->940K(205632K)] 447029K->237869K(892608K), 0.0030860 secs] [Times: user=0.01 sys=0.00, real=0.01 secs] 
2014-07-16T07:47:42.832+0000: 1138.052: [GC [PSYoungGen: 205587K->1132K(201344K)] 442517K->238141K(888320K), 0.0045650 secs] [Times: user=0.03 sys=0.00, real=0.01 secs] 
2014-07-16T07:47:43.547+0000: 1138.767: [GC [PSYoungGen: 201324K->894K(196736K)] 438333K->238025K(883712K), 0.0049900 secs] [Times: user=0.02 sys=0.00, real=0.00 secs] 
2014-07-16T07:47:44.252+0000: 1139.472: [GC [PSYoungGen: 196724K->1244K(192896K)] 433855K->238447K(879872K), 0.0066280 secs] [Times: user=0.04 sys=0.00, real=0.01 secs] 
2014-07-16T07:47:44.947+0000: 1140.167: [GC [PSYoungGen: 192860K->822K(188416K)] 430063K->238131K(875392K), 0.0070130 secs] [Times: user=0.03 sys=0.00, real=0.00 secs] 
2014-07-16T07:47:45.640+0000: 1140.860: [GC [PSYoungGen: 188377K->1222K(184960K)] 425687K->238595K(871936K), 0.0043780 secs] [Times: user=0.02 sys=0.00, real=0.00 secs] 
2014-07-16T07:47:46.300+0000: 1141.520: [GC [PSYoungGen: 184902K->672K(180608K)] 422275K->238125K(867584K), 0.0076410 secs] [Times: user=0.05 sys=0.00, real=0.01 secs] 
2014-07-16T07:47:46.954+0000: 1142.174: [GC [PSYoungGen: 180548K->976K(177280K)] 418001K->238485K(864256K), 0.0078120 secs] [Times: user=0.04 sys=0.00, real=0.01 secs] 
2014-07-16T07:47:47.583+0000: 1142.803: [GC [PSYoungGen: 177231K->1190K(212736K)] 414741K->238739K(899712K), 0.0101710 secs] [Times: user=0.06 sys=0.00, real=0.01 secs] 
2014-07-16T07:47:48.415+0000: 1143.635: [GC [PSYoungGen: 212710K->854K(207680K)] 450259K->238475K(894656K), 0.0037820 secs] [Times: user=0.02 sys=0.00, real=0.00 secs] 
2014-07-16T07:47:49.161+0000: 1144.381: [GC [PSYoungGen: 207598K->1008K(203264K)] 445219K->238725K(890240K), 0.0044400 secs] [Times: user=0.02 sys=0.00, real=0.01 secs] 
2014-07-16T07:47:49.886+0000: 1145.106: [GC [PSYoungGen: 203248K->1026K(198912K)] 440965K->238791K(885888K), 0.0071820 secs] [Times: user=0.04 sys=0.00, real=0.00 secs] 
2014-07-16T07:47:50.610+0000: 1145.830: [GC [PSYoungGen: 198850K->880K(194432K)] 436615K->238915K(881408K), 0.0032540 secs] [Times: user=0.02 sys=0.00, real=0.00 secs] 
2014-07-16T07:47:51.325+0000: 1146.545: [GC [PSYoungGen: 194412K->926K(190400K)] 432448K->239041K(877376K), 0.0040310 secs] [Times: user=0.02 sys=0.00, real=0.01 secs] 
2014-07-16T07:47:52.020+0000: 1147.240: [GC [PSYoungGen: 190366K->1136K(186624K)] 428481K->239323K(873600K), 0.0037830 secs] [Times: user=0.02 sys=0.00, real=0.00 secs] 
2014-07-16T07:47:52.800+0000: 1148.020: [GC [PSYoungGen: 186608K->1138K(182784K)] 424795K->239405K(869760K), 0.0034730 secs] [Times: user=0.02 sys=0.00, real=0.00 secs] 
2014-07-16T07:47:53.372+0000: 1148.592: [GC [PSYoungGen: 182769K->694K(178624K)] 421036K->239049K(865600K), 0.0035630 secs] [Times: user=0.01 sys=0.00, real=0.01 secs] 
2014-07-16T07:47:54.027+0000: 1149.247: [GC [PSYoungGen: 178614K->836K(175232K)] 416969K->239263K(862208K), 0.0078020 secs] [Times: user=0.04 sys=0.00, real=0.00 secs] 
2014-07-16T07:47:54.658+0000: 1149.878: [GC [PSYoungGen: 175172K->744K(171648K)] 413599K->239227K(858624K), 0.0078060 secs] [Times: user=0.05 sys=0.00, real=0.00 secs] 
2014-07-16T07:47:55.301+0000: 1150.521: [GC [PSYoungGen: 171624K->708K(168256K)] 410107K->239247K(855232K), 0.0064810 secs] [Times: user=0.04 sys=0.00, real=0.01 secs] 
2014-07-16T07:47:55.904+0000: 1151.124: [GC [PSYoungGen: 168149K->1018K(165248K)] 406688K->239661K(852224K), 0.0052590 secs] [Times: user=0.04 sys=0.00, real=0.01 secs] 
2014-07-16T07:47:56.509+0000: 1151.729: [GC [PSYoungGen: 165242K->1290K(162432K)] 403885K->240013K(849408K), 0.0033540 secs] [Times: user=0.01 sys=0.00, real=0.00 secs] 
2014-07-16T07:47:57.084+0000: 1152.304: [GC [PSYoungGen: 162378K->620K(158656K)] 401101K->239927K(845632K), 0.0047760 secs] [Times: user=0.02 sys=0.00, real=0.01 secs] 
2014-07-16T07:47:57.663+0000: 1152.883: [GC [PSYoungGen: 158636K->1090K(156224K)] 397943K->240469K(843200K), 0.0054010 secs] [Times: user=0.03 sys=0.00, real=0.01 secs] 
2014-07-16T07:47:58.346+0000: 1153.566: [GC [PSYoungGen: 156148K->758K(152960K)] 395527K->240233K(839936K), 0.0071150 secs] [Times: user=0.05 sys=0.00, real=0.01 secs] 
2014-07-16T07:47:58.880+0000: 1154.100: [GC [PSYoungGen: 152924K->1140K(150528K)] 392400K->240687K(837504K), 0.0067080 secs] [Times: user=0.04 sys=0.00, real=0.00 secs] 
2014-07-16T07:47:59.423+0000: 1154.643: [GC [PSYoungGen: 150516K->1208K(147904K)] 390063K->241001K(834880K), 0.0058070 secs] [Times: user=0.03 sys=0.01, real=0.01 secs] 
2014-07-16T07:47:59.956+0000: 1155.176: [GC [PSYoungGen: 147873K->1508K(177600K)] 387666K->241365K(864576K), 0.0065880 secs] [Times: user=0.03 sys=0.00, real=0.01 secs] 
2014-07-16T07:48:00.597+0000: 1155.817: [GC [PSYoungGen: 177572K->374K(172928K)] 417429K->240587K(859904K), 0.0058600 secs] [Times: user=0.04 sys=0.00, real=0.00 secs] 
2014-07-16T07:48:01.233+0000: 1156.453: [GC [PSYoungGen: 172918K->1358K(208512K)] 413131K->241635K(895488K), 0.0072670 secs] [Times: user=0.05 sys=0.00, real=0.01 secs] 
2014-07-16T07:48:01.990+0000: 1157.210: [GC [PSYoungGen: 208462K->872K(249472K)] 448739K->241635K(936448K), 0.0081590 secs] [Times: user=0.05 sys=0.00, real=0.01 secs] 
2014-07-16T07:48:03.018+0000: 1158.238: [GC [PSYoungGen: 249448K->1124K(243648K)] 490211K->241935K(930624K), 0.0049730 secs] [Times: user=0.02 sys=0.00, real=0.00 secs] 
2014-07-16T07:48:03.892+0000: 1159.112: [GC [PSYoungGen: 243594K->1444K(238144K)] 484406K->242434K(925120K), 0.0027400 secs] [Times: user=0.02 sys=0.00, real=0.00 secs] 
2014-07-16T07:48:04.748+0000: 1159.968: [GC [PSYoungGen: 238094K->722K(231808K)] 479084K->241775K(918784K), 0.0093750 secs] [Times: user=0.05 sys=0.00, real=0.01 secs] 
2014-07-16T07:48:05.585+0000: 1160.805: [GC [PSYoungGen: 231762K->1122K(226752K)] 472815K->242263K(913728K), 0.0071990 secs] [Times: user=0.05 sys=0.00, real=0.01 secs] 
2014-07-16T07:48:06.427+0000: 1161.647: [GC [PSYoungGen: 226722K->698K(221056K)] 467863K->241903K(908032K), 0.0068320 secs] [Times: user=0.03 sys=0.00, real=0.01 secs] 
2014-07-16T07:48:07.212+0000: 1162.432: [GC [PSYoungGen: 221050K->872K(216192K)] 462255K->242149K(903168K), 0.0082650 secs] [Times: user=0.05 sys=0.01, real=0.01 secs] 
2014-07-16T07:48:08.088+0000: 1163.308: [GC [PSYoungGen: 216168K->1584K(212032K)] 457445K->242933K(899008K), 0.0063970 secs] [Times: user=0.02 sys=0.00, real=0.01 secs] 
2014-07-16T07:48:08.806+0000: 1164.026: [GC [PSYoungGen: 212002K->940K(206720K)] 453351K->242361K(893696K), 0.0030400 secs] [Times: user=0.01 sys=0.00, real=0.01 secs] 
2014-07-16T07:48:09.545+0000: 1164.765: [GC [PSYoungGen: 206694K->790K(202048K)] 448116K->242315K(889024K), 0.0040840 secs] [Times: user=0.02 sys=0.00, real=0.01 secs] 
2014-07-16T07:48:10.285+0000: 1165.505: [GC [PSYoungGen: 201927K->726K(197632K)] 443453K->242307K(884608K), 0.0080000 secs] [Times: user=0.06 sys=0.01, real=0.01 secs] 
2014-07-16T07:48:10.987+0000: 1166.207: [GC [PSYoungGen: 197590K->512K(193152K)] 439171K->242149K(880128K), 0.0064070 secs] [Times: user=0.04 sys=0.00, real=0.01 secs] 
2014-07-16T07:48:11.703+0000: 1166.923: [GC [PSYoungGen: 193152K->908K(189504K)] 434789K->242601K(876480K), 0.0036890 secs] [Times: user=0.02 sys=0.01, real=0.00 secs] 
2014-07-16T07:48:12.396+0000: 1167.616: [GC [PSYoungGen: 189452K->1418K(186048K)] 431145K->243183K(873024K), 0.0071070 secs] [Times: user=0.04 sys=0.00, real=0.01 secs] 
2014-07-16T07:48:13.154+0000: 1168.374: [GC [PSYoungGen: 185994K->1060K(181824K)] 427759K->243009K(868800K), 0.0046060 secs] [Times: user=0.02 sys=0.00, real=0.01 secs] 
2014-07-16T07:48:13.759+0000: 1168.979: [GC [PSYoungGen: 181796K->1456K(178496K)] 423745K->243501K(865472K), 0.0078060 secs] [Times: user=0.05 sys=0.00, real=0.00 secs] 
2014-07-16T07:48:14.401+0000: 1169.621: [GC [PSYoungGen: 178480K->1022K(174464K)] 420525K->243163K(861440K), 0.0041480 secs] [Times: user=0.01 sys=0.00, real=0.00 secs] 
2014-07-16T07:48:15.018+0000: 1170.238: [GC [PSYoungGen: 174422K->1508K(171520K)] 416563K->243738K(858496K), 0.0050890 secs] [Times: user=0.03 sys=0.00, real=0.01 secs] 
2014-07-16T07:48:15.635+0000: 1170.855: [GC [PSYoungGen: 171492K->1190K(167872K)] 413722K->243507K(854848K), 0.0082430 secs] [Times: user=0.05 sys=0.00, real=0.01 secs] 
2014-07-16T07:48:16.336+0000: 1171.556: [GC [PSYoungGen: 167846K->1688K(165120K)] 410163K->244077K(852096K), 0.0072780 secs] [Times: user=0.05 sys=0.00, real=0.01 secs] 
2014-07-16T07:48:16.873+0000: 1172.093: [GC [PSYoungGen: 165079K->840K(161152K)] 407469K->243317K(848128K), 0.0033260 secs] [Times: user=0.02 sys=0.00, real=0.00 secs] 
2014-07-16T07:48:17.443+0000: 1172.663: [GC [PSYoungGen: 161096K->1504K(158720K)] 403573K->244077K(845696K), 0.0034870 secs] [Times: user=0.01 sys=0.01, real=0.00 secs] 
2014-07-16T07:48:18.014+0000: 1173.234: [GC [PSYoungGen: 158688K->1658K(155904K)] 401261K->244288K(842880K), 0.0049050 secs] [Times: user=0.03 sys=0.00, real=0.00 secs] 
2014-07-16T07:48:18.566+0000: 1173.786: [GC [PSYoungGen: 155892K->740K(152128K)] 398522K->243457K(839104K), 0.0041250 secs] [Times: user=0.02 sys=0.01, real=0.01 secs] 
2014-07-16T07:48:19.123+0000: 1174.343: [GC [PSYoungGen: 152100K->1144K(182784K)] 394817K->243917K(869760K), 0.0127530 secs] [Times: user=0.07 sys=0.01, real=0.01 secs] 
2014-07-16T07:48:19.776+0000: 1174.996: [GC [PSYoungGen: 182776K->794K(218816K)] 425549K->243647K(905792K), 0.0061230 secs] [Times: user=0.04 sys=0.00, real=0.01 secs] 
2014-07-16T07:48:20.577+0000: 1175.797: [GC [PSYoungGen: 218778K->1422K(214464K)] 461631K->244355K(901440K), 0.0036030 secs] [Times: user=0.02 sys=0.00, real=0.01 secs] 
2014-07-16T07:48:21.359+0000: 1176.579: [GC [PSYoungGen: 214414K->640K(208832K)] 457347K->243653K(895808K), 0.0080940 secs] [Times: user=0.04 sys=0.01, real=0.01 secs] 
2014-07-16T07:48:22.115+0000: 1177.335: [GC [PSYoungGen: 208832K->480K(204096K)] 451845K->243549K(891072K), 0.0048030 secs] [Times: user=0.03 sys=0.00, real=0.01 secs] 
2014-07-16T07:48:22.861+0000: 1178.081: [GC [PSYoungGen: 204063K->812K(199936K)] 447133K->243921K(886912K), 0.0056710 secs] [Times: user=0.02 sys=0.00, real=0.00 secs] 
2014-07-16T07:48:23.678+0000: 1178.898: [GC [PSYoungGen: 199916K->1380K(196224K)] 443025K->244538K(883200K), 0.0122160 secs] [Times: user=0.07 sys=0.00, real=0.02 secs] 
2014-07-16T07:48:24.318+0000: 1179.538: [GC [PSYoungGen: 196196K->972K(191680K)] 439354K->244201K(878656K), 0.0064360 secs] [Times: user=0.03 sys=0.00, real=0.01 secs] 
2014-07-16T07:48:25.009+0000: 1180.229: [GC [PSYoungGen: 191628K->794K(187456K)] 434857K->244071K(874432K), 0.0042080 secs] [Times: user=0.03 sys=0.00, real=0.01 secs] 
2014-07-16T07:48:25.675+0000: 1180.895: [GC [PSYoungGen: 187418K->826K(224832K)] 430695K->244183K(911808K), 0.0100660 secs] [Times: user=0.07 sys=0.00, real=0.01 secs] 
2014-07-16T07:48:26.503+0000: 1181.723: [GC [PSYoungGen: 224826K->1028K(219904K)] 468183K->244465K(906880K), 0.0058150 secs] [Times: user=0.04 sys=0.00, real=0.00 secs] 
2014-07-16T07:48:27.351+0000: 1182.571: [GC [PSYoungGen: 219826K->1400K(215232K)] 463264K->244941K(902208K), 0.0071640 secs] [Times: user=0.05 sys=0.01, real=0.00 secs] 
2014-07-16T07:48:28.114+0000: 1183.334: [GC [PSYoungGen: 215224K->498K(209536K)] 458765K->244087K(896512K), 0.0035110 secs] [Times: user=0.01 sys=0.00, real=0.00 secs] 
2014-07-16T07:48:28.859+0000: 1184.079: [GC [PSYoungGen: 209522K->904K(205312K)] 453111K->244565K(892288K), 0.0111590 secs] [Times: user=0.07 sys=0.00, real=0.01 secs] 
2014-07-16T07:48:29.605+0000: 1184.825: [GC [PSYoungGen: 205243K->908K(246208K)] 448905K->244617K(933184K), 0.0102960 secs] [Times: user=0.05 sys=0.00, real=0.01 secs] 
2014-07-16T07:48:30.478+0000: 1185.698: [GC [PSYoungGen: 246156K->1126K(240448K)] 489865K->244891K(927424K), 0.0047600 secs] [Times: user=0.02 sys=0.00, real=0.01 secs] 
2014-07-16T07:48:31.352+0000: 1186.572: [GC [PSYoungGen: 240422K->658K(234240K)] 484187K->244527K(921216K), 0.0052190 secs] [Times: user=0.03 sys=0.00, real=0.00 secs] 
2014-07-16T07:48:32.191+0000: 1187.411: [GC [PSYoungGen: 234194K->1426K(229504K)] 478063K->245351K(916480K), 0.0072150 secs] [Times: user=0.04 sys=0.00, real=0.01 secs] 
2014-07-16T07:48:33.012+0000: 1188.232: [GC [PSYoungGen: 229451K->736K(223488K)] 473376K->244733K(910464K), 0.0049020 secs] [Times: user=0.02 sys=0.00, real=0.00 secs] 
2014-07-16T07:48:33.842+0000: 1189.062: [GC [PSYoungGen: 223456K->804K(218432K)] 467453K->244889K(905408K), 0.0138150 secs] [Times: user=0.08 sys=0.00, real=0.02 secs] 
2014-07-16T07:48:34.624+0000: 1189.844: [GC [PSYoungGen: 218369K->772K(213504K)] 462455K->244945K(900480K), 0.0054250 secs] [Times: user=0.03 sys=0.01, real=0.00 secs] 
2014-07-16T07:48:35.419+0000: 1190.639: [GC [PSYoungGen: 213444K->1150K(209024K)] 457617K->245403K(896000K), 0.0043480 secs] [Times: user=0.03 sys=0.01, real=0.01 secs] 
2014-07-16T07:48:36.162+0000: 1191.382: [GC [PSYoungGen: 209022K->1040K(204352K)] 453275K->245397K(891328K), 0.0048070 secs] [Times: user=0.03 sys=0.00, real=0.01 secs] 
2014-07-16T07:48:36.916+0000: 1192.136: [GC [PSYoungGen: 204304K->708K(199552K)] 448661K->245161K(886528K), 0.0063350 secs] [Times: user=0.04 sys=0.00, real=0.01 secs] 
2014-07-16T07:48:37.632+0000: 1192.852: [GC [PSYoungGen: 199492K->1240K(195776K)] 443945K->245765K(882752K), 0.0098510 secs] [Times: user=0.04 sys=0.00, real=0.01 secs] 
2014-07-16T07:48:38.312+0000: 1193.532: [GC [PSYoungGen: 195735K->880K(191232K)] 440261K->245485K(878208K), 0.0063470 secs] [Times: user=0.04 sys=0.00, real=0.01 secs] 
2014-07-16T07:48:39.001+0000: 1194.221: [GC [PSYoungGen: 191216K->954K(187264K)] 435821K->245655K(874240K), 0.0063620 secs] [Times: user=0.04 sys=0.01, real=0.01 secs] 
2014-07-16T07:48:39.687+0000: 1194.907: [GC [PSYoungGen: 187258K->1468K(183872K)] 431959K->246249K(870848K), 0.0043070 secs] [Times: user=0.03 sys=0.00, real=0.00 secs] 
2014-07-16T07:48:40.331+0000: 1195.551: [GC [PSYoungGen: 183868K->688K(179328K)] 428649K->245679K(866304K), 0.0052320 secs] [Times: user=0.02 sys=0.00, real=0.01 secs] 
2014-07-16T07:48:40.958+0000: 1196.177: [GC [PSYoungGen: 179312K->1626K(176640K)] 424303K->246658K(863616K), 0.0098720 secs] [Times: user=0.05 sys=0.00, real=0.01 secs] 
2014-07-16T07:48:41.593+0000: 1196.813: [GC [PSYoungGen: 176602K->562K(172032K)] 421634K->245697K(859008K), 0.0028230 secs] [Times: user=0.01 sys=0.00, real=0.00 secs] 
2014-07-16T07:48:42.220+0000: 1197.440: [GC [PSYoungGen: 172017K->1200K(169280K)] 417153K->246399K(856256K), 0.0075230 secs] [Times: user=0.05 sys=0.00, real=0.01 secs] 
2014-07-16T07:48:42.815+0000: 1198.035: [GC [PSYoungGen: 169264K->872K(165696K)] 414463K->246151K(852672K), 0.0050760 secs] [Times: user=0.02 sys=0.00, real=0.00 secs] 
2014-07-16T07:48:43.401+0000: 1198.620: [GC [PSYoungGen: 165672K->1604K(163264K)] 410951K->246940K(850240K), 0.0036650 secs] [Times: user=0.02 sys=0.00, real=0.01 secs] 
2014-07-16T07:48:44.074+0000: 1199.294: [GC [PSYoungGen: 163165K->1072K(159616K)] 408501K->246527K(846592K), 0.0080320 secs] [Times: user=0.04 sys=0.00, real=0.00 secs] 
2014-07-16T07:48:44.645+0000: 1199.865: [GC [PSYoungGen: 159600K->1058K(191360K)] 405055K->246593K(878336K), 0.0087680 secs] [Times: user=0.05 sys=0.00, real=0.00 secs] 
2014-07-16T07:48:45.335+0000: 1200.555: [GC [PSYoungGen: 191321K->1550K(187840K)] 436857K->247158K(874816K), 0.0034360 secs] [Times: user=0.01 sys=0.00, real=0.00 secs] 
2014-07-16T07:48:46.019+0000: 1201.239: [GC [PSYoungGen: 187771K->1268K(183616K)] 433379K->246980K(870592K), 0.0044490 secs] [Times: user=0.02 sys=0.00, real=0.00 secs] 
2014-07-16T07:48:46.692+0000: 1201.912: [GC [PSYoungGen: 183604K->1022K(179584K)] 429316K->247063K(866560K), 0.0061290 secs] [Times: user=0.03 sys=0.01, real=0.01 secs] 
2014-07-16T07:48:47.323+0000: 1202.543: [GC [PSYoungGen: 179520K->950K(175872K)] 425561K->247079K(862848K), 0.0068690 secs] [Times: user=0.04 sys=0.01, real=0.01 secs] 
2014-07-16T07:48:47.987+0000: 1203.207: [GC [PSYoungGen: 175862K->1244K(172672K)] 421991K->247438K(859648K), 0.0064120 secs] [Times: user=0.04 sys=0.00, real=0.00 secs] 
2014-07-16T07:48:48.626+0000: 1203.846: [GC [PSYoungGen: 172595K->1154K(169216K)] 418789K->247387K(856192K), 0.0059020 secs] [Times: user=0.02 sys=0.00, real=0.00 secs] 
2014-07-16T07:48:49.238+0000: 1204.458: [GC [PSYoungGen: 169129K->794K(165568K)] 415363K->247083K(852544K), 0.0072680 secs] [Times: user=0.04 sys=0.00, real=0.01 secs] 
2014-07-16T07:48:49.838+0000: 1205.058: [GC [PSYoungGen: 165530K->736K(198464K)] 411819K->247113K(885440K), 0.0097100 secs] [Times: user=0.06 sys=0.01, real=0.01 secs] 
2014-07-16T07:48:50.539+0000: 1205.759: [GC [PSYoungGen: 198432K->658K(237952K)] 444809K->247123K(924928K), 0.0060450 secs] [Times: user=0.04 sys=0.00, real=0.01 secs] 
2014-07-16T07:48:51.399+0000: 1206.619: [GC [PSYoungGen: 237905K->1226K(232896K)] 484370K->247756K(919872K), 0.0068630 secs] [Times: user=0.05 sys=0.00, real=0.01 secs] 
2014-07-16T07:48:52.239+0000: 1207.459: [GC [PSYoungGen: 232842K->1196K(227392K)] 479372K->247797K(914368K), 0.0038110 secs] [Times: user=0.01 sys=0.00, real=0.00 secs] 
2014-07-16T07:48:53.052+0000: 1208.272: [GC [PSYoungGen: 227372K->872K(221824K)] 473973K->247545K(908800K), 0.0101330 secs] [Times: user=0.06 sys=0.01, real=0.01 secs] 
2014-07-16T07:48:53.924+0000: 1209.144: [GC [PSYoungGen: 221800K->1000K(216896K)] 468473K->247745K(903872K), 0.0051650 secs] [Times: user=0.03 sys=0.00, real=0.01 secs] 
2014-07-16T07:48:54.665+0000: 1209.885: [GC [PSYoungGen: 216871K->662K(211712K)] 463617K->247471K(898688K), 0.0070960 secs] [Times: user=0.05 sys=0.00, real=0.01 secs] 
2014-07-16T07:48:55.443+0000: 1210.663: [GC [PSYoungGen: 211670K->1090K(207424K)] 458479K->247979K(894400K), 0.0055190 secs] [Times: user=0.03 sys=0.01, real=0.01 secs] 
2014-07-16T07:48:56.177+0000: 1211.397: [GC [PSYoungGen: 207362K->1036K(202816K)] 454251K->248021K(889792K), 0.0056600 secs] [Times: user=0.04 sys=0.00, real=0.00 secs] 
2014-07-16T07:48:56.913+0000: 1212.133: [GC [PSYoungGen: 202764K->544K(197888K)] 449749K->247609K(884864K), 0.0052330 secs] [Times: user=0.03 sys=0.00, real=0.01 secs] 
2014-07-16T07:48:57.632+0000: 1212.852: [GC [PSYoungGen: 197856K->790K(193920K)] 444921K->247927K(880896K), 0.0055460 secs] [Times: user=0.03 sys=0.00, real=0.01 secs] 
2014-07-16T07:48:58.351+0000: 1213.571: [GC [PSYoungGen: 193878K->1022K(190016K)] 441015K->248239K(876992K), 0.0126560 secs] [Times: user=0.09 sys=0.00, real=0.01 secs] 
2014-07-16T07:48:59.049+0000: 1214.269: [GC [PSYoungGen: 189989K->1100K(186176K)] 437207K->248397K(873152K), 0.0045830 secs] [Times: user=0.02 sys=0.00, real=0.00 secs] 
2014-07-16T07:48:59.722+0000: 1214.942: [GC [PSYoungGen: 186124K->936K(182144K)] 433421K->248345K(869120K), 0.0055170 secs] [Times: user=0.03 sys=0.01, real=0.01 secs] 
2014-07-16T07:49:00.382+0000: 1215.602: [GC [PSYoungGen: 182092K->1176K(178688K)] 429502K->248690K(865664K), 0.0053730 secs] [Times: user=0.03 sys=0.00, real=0.01 secs] 
2014-07-16T07:49:01.028+0000: 1216.248: [GC [PSYoungGen: 178648K->822K(174720K)] 426162K->248515K(861696K), 0.0084920 secs] [Times: user=0.03 sys=0.00, real=0.01 secs] 
2014-07-16T07:49:01.670+0000: 1216.890: [GC [PSYoungGen: 174710K->894K(171328K)] 422403K->248660K(858304K), 0.0062640 secs] [Times: user=0.03 sys=0.00, real=0.01 secs] 
2014-07-16T07:49:02.295+0000: 1217.515: [GC [PSYoungGen: 171326K->922K(168000K)] 419092K->248817K(854976K), 0.0038680 secs] [Times: user=0.02 sys=0.00, real=0.01 secs] 
2014-07-16T07:49:02.890+0000: 1218.110: [GC [PSYoungGen: 167962K->880K(164672K)] 415857K->248824K(851648K), 0.0064220 secs] [Times: user=0.04 sys=0.00, real=0.01 secs] 
2014-07-16T07:49:03.472+0000: 1218.692: [GC [PSYoungGen: 164652K->998K(161664K)] 412595K->249168K(848640K), 0.0063240 secs] [Times: user=0.04 sys=0.01, real=0.01 secs] 
2014-07-16T07:49:04.139+0000: 1219.359: [GC [PSYoungGen: 161600K->1240K(158848K)] 409770K->249482K(845824K), 0.0074170 secs] [Times: user=0.05 sys=0.00, real=0.00 secs] 
2014-07-16T07:49:04.696+0000: 1219.916: [GC [PSYoungGen: 158807K->692K(189824K)] 407049K->249848K(876800K), 0.0079530 secs] [Times: user=0.05 sys=0.01, real=0.01 secs] 
2014-07-16T07:49:05.379+0000: 1220.599: [GC [PSYoungGen: 189812K->868K(227840K)] 438968K->250112K(914816K), 0.0082030 secs] [Times: user=0.05 sys=0.00, real=0.01 secs] 
2014-07-16T07:49:06.213+0000: 1221.433: [GC [PSYoungGen: 227812K->672K(233280K)] 477056K->250112K(920256K), 0.0074540 secs] [Times: user=0.04 sys=0.00, real=0.01 secs] 
2014-07-16T07:49:07.054+0000: 1222.274: [GC [PSYoungGen: 232288K->854K(227072K)] 481728K->250374K(914048K), 0.0058210 secs] [Times: user=0.04 sys=0.00, real=0.01 secs] 
2014-07-16T07:49:07.884+0000: 1223.104: [GC [PSYoungGen: 227030K->830K(221760K)] 476550K->250528K(908736K), 0.0058650 secs] [Times: user=0.04 sys=0.00, real=0.01 secs] 
2014-07-16T07:49:08.702+0000: 1223.921: [GC [PSYoungGen: 221758K->708K(216640K)] 471456K->250454K(903616K), 0.0098000 secs] [Times: user=0.04 sys=0.00, real=0.01 secs] 
2014-07-16T07:49:09.551+0000: 1224.771: [GC [PSYoungGen: 216580K->1514K(230848K)] 466326K->251348K(917824K), 0.0106950 secs] [Times: user=0.07 sys=0.01, real=0.01 secs] 
2014-07-16T07:49:10.360+0000: 1225.580: [GC [PSYoungGen: 230826K->786K(224768K)] 480660K->250708K(911744K), 0.0044430 secs] [Times: user=0.02 sys=0.01, real=0.00 secs] 
2014-07-16T07:49:11.177+0000: 1226.397: [GC [PSYoungGen: 224715K->922K(219712K)] 474637K->250924K(906688K), 0.0085870 secs] [Times: user=0.06 sys=0.00, real=0.01 secs] 
2014-07-16T07:49:11.966+0000: 1227.186: [GC [PSYoungGen: 219673K->736K(214528K)] 469675K->250826K(901504K), 0.0079240 secs] [Times: user=0.04 sys=0.00, real=0.01 secs] 
2014-07-16T07:49:12.750+0000: 1227.970: [GC [PSYoungGen: 214495K->936K(209920K)] 464585K->251130K(896896K), 0.0038230 secs] [Times: user=0.02 sys=0.00, real=0.00 secs] 
2014-07-16T07:49:13.506+0000: 1228.726: [GC [PSYoungGen: 209896K->690K(204992K)] 460090K->250956K(891968K), 0.0059030 secs] [Times: user=0.04 sys=0.00, real=0.01 secs] 
2014-07-16T07:49:14.306+0000: 1229.526: [GC [PSYoungGen: 204978K->1594K(201408K)] 455244K->252330K(888384K), 0.0048170 secs] [Times: user=0.02 sys=0.00, real=0.01 secs] 
2014-07-16T07:49:14.975+0000: 1230.195: [GC [PSYoungGen: 201402K->1154K(196672K)] 452138K->251962K(883648K), 0.0040600 secs] [Times: user=0.02 sys=0.01, real=0.01 secs] 
2014-07-16T07:49:15.694+0000: 1230.914: [GC [PSYoungGen: 196610K->1076K(192384K)] 447418K->252232K(879360K), 0.0100600 secs] [Times: user=0.05 sys=0.00, real=0.01 secs] 
2014-07-16T07:49:16.382+0000: 1231.602: [GC [PSYoungGen: 192343K->1062K(188352K)] 443499K->252298K(875328K), 0.0081370 secs] [Times: user=0.06 sys=0.00, real=0.01 secs] 
2014-07-16T07:49:17.067+0000: 1232.287: [GC [PSYoungGen: 188288K->1022K(184384K)] 439524K->252322K(871360K), 0.0039490 secs] [Times: user=0.02 sys=0.00, real=0.01 secs] 
2014-07-16T07:49:17.760+0000: 1232.980: [GC [PSYoungGen: 184382K->862K(180480K)] 435682K->252186K(867456K), 0.0054470 secs] [Times: user=0.01 sys=0.00, real=0.00 secs] 
2014-07-16T07:49:18.416+0000: 1233.636: [GC [PSYoungGen: 180446K->1414K(177408K)] 431770K->252826K(864384K), 0.0059300 secs] [Times: user=0.03 sys=0.00, real=0.01 secs] 
2014-07-16T07:49:19.058+0000: 1234.278: [GC [PSYoungGen: 177350K->922K(173376K)] 428762K->252382K(860352K), 0.0041460 secs] [Times: user=0.02 sys=0.00, real=0.01 secs] 
2014-07-16T07:49:19.721+0000: 1234.940: [GC [PSYoungGen: 173302K->1080K(170112K)] 424763K->253514K(857088K), 0.0060720 secs] [Times: user=0.04 sys=0.00, real=0.00 secs] 
2014-07-16T07:49:20.308+0000: 1235.528: [GC [PSYoungGen: 170056K->1600K(167360K)] 422490K->254180K(854336K), 0.0059610 secs] [Times: user=0.04 sys=0.00, real=0.01 secs] 
2014-07-16T07:49:20.885+0000: 1236.105: [GC [PSYoungGen: 167296K->1194K(163712K)] 419876K->254080K(850688K), 0.0057380 secs] [Times: user=0.03 sys=0.01, real=0.01 secs] 
2014-07-16T07:49:21.477+0000: 1236.697: [GC [PSYoungGen: 163661K->812K(195840K)] 416548K->253722K(882816K), 0.0099590 secs] [Times: user=0.05 sys=0.00, real=0.01 secs] 
2014-07-16T07:49:22.196+0000: 1237.416: [GC [PSYoungGen: 195820K->1240K(219072K)] 448730K->254190K(906048K), 0.0140390 secs] [Times: user=0.07 sys=0.00, real=0.02 secs] 
2014-07-16T07:49:22.969+0000: 1238.189: [GC [PSYoungGen: 218328K->690K(219008K)] 471278K->253720K(905984K), 0.0066720 secs] [Times: user=0.04 sys=0.00, real=0.00 secs] 
2014-07-16T07:49:23.763+0000: 1238.983: [GC [PSYoungGen: 217778K->976K(262464K)] 470808K->254078K(949440K), 0.0043930 secs] [Times: user=0.02 sys=0.00, real=0.00 secs] 
2014-07-16T07:49:24.698+0000: 1239.918: [GC [PSYoungGen: 261520K->1508K(255552K)] 514622K->254675K(942528K), 0.0060290 secs] [Times: user=0.03 sys=0.00, real=0.01 secs] 
2014-07-16T07:49:25.617+0000: 1240.837: [GC [PSYoungGen: 255524K->434K(248192K)] 508691K->253900K(935168K), 0.0032760 secs] [Times: user=0.02 sys=0.00, real=0.01 secs] 
2014-07-16T07:49:26.495+0000: 1241.715: [GC [PSYoungGen: 248178K->1082K(242816K)] 501644K->254604K(929792K), 0.0042820 secs] [Times: user=0.03 sys=0.00, real=0.00 secs] 
2014-07-16T07:49:27.379+0000: 1242.599: [GC [PSYoungGen: 242810K->758K(236672K)] 496332K->254418K(923648K), 0.0044850 secs] [Times: user=0.03 sys=0.00, real=0.01 secs] 
2014-07-16T07:49:28.244+0000: 1243.464: [GC [PSYoungGen: 236662K->886K(231168K)] 490322K->254626K(918144K), 0.0063860 secs] [Times: user=0.04 sys=0.00, real=0.01 secs] 
2014-07-16T07:49:29.086+0000: 1244.306: [GC [PSYoungGen: 231124K->1044K(225984K)] 484865K->254840K(912960K), 0.0067790 secs] [Times: user=0.04 sys=0.00, real=0.01 secs] 
2014-07-16T07:49:29.985+0000: 1245.205: [GC [PSYoungGen: 225940K->872K(220608K)] 479736K->254756K(907584K), 0.0060260 secs] [Times: user=0.04 sys=0.00, real=0.01 secs] 
2014-07-16T07:49:30.791+0000: 1246.011: [GC [PSYoungGen: 220584K->908K(215680K)] 474468K->254856K(902656K), 0.0058840 secs] [Times: user=0.04 sys=0.00, real=0.01 secs] 
2014-07-16T07:49:31.552+0000: 1246.772: [GC [PSYoungGen: 215628K->944K(210816K)] 469576K->254956K(897792K), 0.0081670 secs] [Times: user=0.05 sys=0.00, real=0.00 secs] 
2014-07-16T07:49:32.325+0000: 1247.545: [GC [PSYoungGen: 210800K->958K(206144K)] 464812K->255034K(893120K), 0.0067220 secs] [Times: user=0.04 sys=0.00, real=0.01 secs] 
2014-07-16T07:49:33.069+0000: 1248.289: [GC [PSYoungGen: 206142K->1490K(202176K)] 460218K->255630K(889152K), 0.0068170 secs] [Times: user=0.04 sys=0.00, real=0.01 secs] 
2014-07-16T07:49:33.791+0000: 1249.011: [GC [PSYoungGen: 202130K->748K(197056K)] 456270K->255216K(884032K), 0.0049640 secs] [Times: user=0.03 sys=0.00, real=0.01 secs] 
2014-07-16T07:49:34.577+0000: 1249.797: [GC [PSYoungGen: 197011K->1140K(193216K)] 451480K->255681K(880192K), 0.0072620 secs] [Times: user=0.04 sys=0.00, real=0.01 secs] 
2014-07-16T07:49:35.209+0000: 1250.429: [GC [PSYoungGen: 193204K->466K(188480K)] 447745K->255062K(875456K), 0.0054870 secs] [Times: user=0.03 sys=0.00, real=0.01 secs] 
2014-07-16T07:49:35.908+0000: 1251.128: [GC [PSYoungGen: 188434K->1654K(185728K)] 443030K->256397K(872704K), 0.0051040 secs] [Times: user=0.04 sys=0.00, real=0.01 secs] 
2014-07-16T07:49:36.570+0000: 1251.789: [GC [PSYoungGen: 185718K->830K(221760K)] 440461K->255621K(908736K), 0.0121910 secs] [Times: user=0.08 sys=0.00, real=0.01 secs] 
2014-07-16T07:49:37.385+0000: 1252.604: [GC [PSYoungGen: 221758K->894K(251392K)] 476549K->255741K(938368K), 0.0074450 secs] [Times: user=0.04 sys=0.00, real=0.01 secs] 
2014-07-16T07:49:38.286+0000: 1253.506: [GC [PSYoungGen: 250430K->854K(244352K)] 505277K->255780K(931328K), 0.0054720 secs] [Times: user=0.03 sys=0.01, real=0.00 secs] 
2014-07-16T07:49:39.186+0000: 1254.406: [GC [PSYoungGen: 244309K->1140K(238720K)] 499236K->256139K(925696K), 0.0041510 secs] [Times: user=0.02 sys=0.00, real=0.00 secs] 
2014-07-16T07:49:40.068+0000: 1255.288: [GC [PSYoungGen: 238708K->1022K(232896K)] 493707K->256068K(919872K), 0.0086570 secs] [Times: user=0.05 sys=0.01, real=0.01 secs] 
2014-07-16T07:49:40.898+0000: 1256.118: [GC [PSYoungGen: 232873K->1122K(227584K)] 487920K->256265K(914560K), 0.0091330 secs] [Times: user=0.05 sys=0.00, real=0.01 secs] 
2014-07-16T07:49:41.718+0000: 1256.938: [GC [PSYoungGen: 227554K->866K(222080K)] 482697K->256057K(909056K), 0.0062440 secs] [Times: user=0.03 sys=0.00, real=0.01 secs] 
2014-07-16T07:49:42.537+0000: 1257.757: [GC [PSYoungGen: 222048K->972K(263552K)] 477239K->256235K(950528K), 0.0133250 secs] [Times: user=0.07 sys=0.00, real=0.01 secs] 
2014-07-16T07:49:43.495+0000: 1258.715: [GC [PSYoungGen: 262924K->940K(267136K)] 518187K->256275K(954112K), 0.0112550 secs] [Times: user=0.06 sys=0.00, real=0.01 secs] 
2014-07-16T07:49:44.456+0000: 1259.676: [GC [PSYoungGen: 266413K->1212K(260032K)] 521748K->256603K(947008K), 0.0052590 secs] [Times: user=0.03 sys=0.00, real=0.00 secs] 
2014-07-16T07:49:45.400+0000: 1260.620: [GC [PSYoungGen: 260028K->356K(252736K)] 515419K->256669K(939712K), 0.0046960 secs] [Times: user=0.03 sys=0.00, real=0.01 secs] 
2014-07-16T07:49:46.324+0000: 1261.544: [GC [PSYoungGen: 252637K->1454K(247616K)] 508950K->257815K(934592K), 0.0087780 secs] [Times: user=0.05 sys=0.00, real=0.00 secs] 
2014-07-16T07:49:47.196+0000: 1262.416: [GC [PSYoungGen: 247581K->1040K(241280K)] 503942K->257747K(928256K), 0.0077230 secs] [Times: user=0.04 sys=0.00, real=0.01 secs] 
2014-07-16T07:49:48.090+0000: 1263.310: [GC [PSYoungGen: 241232K->1386K(235840K)] 497939K->258149K(922816K), 0.0038250 secs] [Times: user=0.02 sys=0.00, real=0.01 secs] 
2014-07-16T07:49:48.950+0000: 1264.170: [GC [PSYoungGen: 235814K->886K(229760K)] 492577K->257813K(916736K), 0.0049430 secs] [Times: user=0.02 sys=0.00, real=0.01 secs] 
2014-07-16T07:49:49.841+0000: 1265.061: [GC [PSYoungGen: 229750K->958K(224448K)] 486677K->257949K(911424K), 0.0060210 secs] [Times: user=0.03 sys=0.00, real=0.01 secs] 
2014-07-16T07:49:50.630+0000: 1265.850: [GC [PSYoungGen: 224444K->1522K(219840K)] 481435K->258685K(906816K), 0.0071200 secs] [Times: user=0.05 sys=0.01, real=0.01 secs] 
2014-07-16T07:49:51.394+0000: 1266.614: [GC [PSYoungGen: 219825K->598K(213952K)] 476988K->257809K(900928K), 0.0064530 secs] [Times: user=0.04 sys=0.00, real=0.01 secs] 
2014-07-16T07:49:52.181+0000: 1267.401: [GC [PSYoungGen: 213910K->1232K(209792K)] 471121K->258515K(896768K), 0.0047210 secs] [Times: user=0.02 sys=0.00, real=0.01 secs] 
2014-07-16T07:49:52.909+0000: 1268.129: [GC [PSYoungGen: 209744K->964K(204928K)] 467027K->258343K(891904K), 0.0055820 secs] [Times: user=0.04 sys=0.00, real=0.01 secs] 
2014-07-16T07:49:53.646+0000: 1268.866: [GC [PSYoungGen: 204868K->630K(200064K)] 462247K->258057K(887040K), 0.0066810 secs] [Times: user=0.04 sys=0.00, real=0.00 secs] 
2014-07-16T07:49:54.375+0000: 1269.595: [GC [PSYoungGen: 200054K->544K(195712K)] 457481K->258043K(882688K), 0.0053870 secs] [Times: user=0.02 sys=0.00, real=0.00 secs] 
2014-07-16T07:49:55.122+0000: 1270.342: [GC [PSYoungGen: 195633K->658K(191680K)] 453133K->258229K(878656K), 0.0082370 secs] [Times: user=0.05 sys=0.00, real=0.01 secs] 
2014-07-16T07:49:55.821+0000: 1271.041: [GC [PSYoungGen: 191634K->726K(187712K)] 449205K->258369K(874688K), 0.0030180 secs] [Times: user=0.01 sys=0.00, real=0.00 secs] 
2014-07-16T07:49:56.498+0000: 1271.718: [GC [PSYoungGen: 187670K->1072K(184128K)] 445313K->258811K(871104K), 0.0038620 secs] [Times: user=0.02 sys=0.00, real=0.00 secs] 
2014-07-16T07:49:57.155+0000: 1272.374: [GC [PSYoungGen: 184112K->662K(179968K)] 441851K->258457K(866944K), 0.0089360 secs] [Times: user=0.05 sys=0.00, real=0.01 secs] 
2014-07-16T07:49:57.804+0000: 1273.024: [GC [PSYoungGen: 179926K->808K(176448K)] 437721K->258675K(863424K), 0.0053410 secs] [Times: user=0.04 sys=0.00, real=0.01 secs] 
2014-07-16T07:49:58.461+0000: 1273.681: [GC [PSYoungGen: 176389K->1636K(173760K)] 434257K->259599K(860736K), 0.0034970 secs] [Times: user=0.02 sys=0.00, real=0.00 secs] 
2014-07-16T07:49:59.081+0000: 1274.301: [GC [PSYoungGen: 173732K->894K(169600K)] 431695K->259323K(856576K), 0.0084810 secs] [Times: user=0.06 sys=0.00, real=0.01 secs] 
2014-07-16T07:49:59.690+0000: 1274.910: [GC [PSYoungGen: 169598K->904K(166336K)] 428027K->259421K(853312K), 0.0078020 secs] [Times: user=0.05 sys=0.00, real=0.01 secs] 
2014-07-16T07:50:00.353+0000: 1275.573: [GC [PSYoungGen: 166276K->772K(163008K)] 424794K->259403K(849984K), 0.0050960 secs] [Times: user=0.01 sys=0.00, real=0.01 secs] 
2014-07-16T07:50:01.021+0000: 1276.241: [GC [PSYoungGen: 162948K->1766K(160896K)] 421579K->260485K(847872K), 0.0060300 secs] [Times: user=0.03 sys=0.00, real=0.01 secs] 
2014-07-16T07:50:01.582+0000: 1276.802: [GC [PSYoungGen: 160864K->882K(156992K)] 419584K->259673K(843968K), 0.0039420 secs] [Times: user=0.01 sys=0.00, real=0.01 secs] 
2014-07-16T07:50:02.131+0000: 1277.351: [GC [PSYoungGen: 156939K->858K(154048K)] 415730K->259729K(841024K), 0.0050010 secs] [Times: user=0.03 sys=0.00, real=0.01 secs] 
2014-07-16T07:50:02.688+0000: 1277.908: [GC [PSYoungGen: 154010K->694K(151040K)] 412881K->259629K(838016K), 0.0063220 secs] [Times: user=0.03 sys=0.01, real=0.00 secs] 
2014-07-16T07:50:03.231+0000: 1278.451: [GC [PSYoungGen: 151030K->740K(148352K)] 409965K->259723K(835328K), 0.0054890 secs] [Times: user=0.02 sys=0.00, real=0.01 secs] 
2014-07-16T07:50:03.766+0000: 1278.986: [GC [PSYoungGen: 148324K->530K(177728K)] 407307K->259553K(864704K), 0.0126060 secs] [Times: user=0.06 sys=0.00, real=0.01 secs] 
2014-07-16T07:50:04.405+0000: 1279.625: [GC [PSYoungGen: 177682K->1044K(213696K)] 436705K->260131K(900672K), 0.0075090 secs] [Times: user=0.04 sys=0.00, real=0.01 secs] 
2014-07-16T07:50:05.232+0000: 1280.452: [GC [PSYoungGen: 213601K->1036K(246208K)] 472688K->260187K(933184K), 0.0129070 secs] [Times: user=0.08 sys=0.00, real=0.01 secs] 
2014-07-16T07:50:06.126+0000: 1281.346: [GC [PSYoungGen: 245406K->1700K(246144K)] 504558K->261113K(933120K), 0.0069300 secs] [Times: user=0.04 sys=0.01, real=0.01 secs] 
2014-07-16T07:50:07.010+0000: 1282.230: [GC [PSYoungGen: 246116K->1236K(295360K)] 505529K->260737K(982336K), 0.0051130 secs] [Times: user=0.03 sys=0.00, real=0.00 secs] 
2014-07-16T07:50:08.086+0000: 1283.306: [GC [PSYoungGen: 294529K->1054K(286656K)] 554030K->260619K(973632K), 0.0043740 secs] [Times: user=0.02 sys=0.00, real=0.00 secs] 
2014-07-16T07:50:09.122+0000: 1284.342: [GC [PSYoungGen: 286598K->854K(278976K)] 546163K->260499K(965952K), 0.0071980 secs] [Times: user=0.04 sys=0.01, real=0.01 secs] 
2014-07-16T07:50:10.198+0000: 1285.418: [GC [PSYoungGen: 278923K->1668K(272640K)] 538568K->261401K(959616K), 0.0102960 secs] [Times: user=0.07 sys=0.00, real=0.01 secs] 
2014-07-16T07:50:11.160+0000: 1286.380: [GC [PSYoungGen: 272580K->830K(264832K)] 532313K->260619K(951808K), 0.0032580 secs] [Times: user=0.02 sys=0.00, real=0.00 secs] 
2014-07-16T07:50:12.123+0000: 1287.343: [GC [PSYoungGen: 264816K->1176K(258560K)] 524605K->261045K(945536K), 0.0061830 secs] [Times: user=0.04 sys=0.00, real=0.01 secs] 
2014-07-16T07:50:13.080+0000: 1288.300: [GC [PSYoungGen: 258520K->1290K(252288K)] 518389K->261223K(939264K), 0.0033310 secs] [Times: user=0.02 sys=0.01, real=0.00 secs] 
2014-07-16T07:50:13.978+0000: 1289.198: [GC [PSYoungGen: 252234K->862K(245696K)] 512167K->260843K(932672K), 0.0035470 secs] [Times: user=0.01 sys=0.01, real=0.00 secs] 
2014-07-16T07:50:14.864+0000: 1290.084: [GC [PSYoungGen: 245662K->762K(239616K)] 505643K->260807K(926592K), 0.0060820 secs] [Times: user=0.04 sys=0.00, real=0.01 secs] 
2014-07-16T07:50:15.747+0000: 1290.967: [GC [PSYoungGen: 239610K->608K(233792K)] 499655K->260733K(920768K), 0.0063130 secs] [Times: user=0.04 sys=0.00, real=0.00 secs] 
2014-07-16T07:50:16.579+0000: 1291.799: [GC [PSYoungGen: 233760K->726K(228416K)] 493885K->260907K(915392K), 0.0065750 secs] [Times: user=0.04 sys=0.00, real=0.00 secs] 
2014-07-16T07:50:17.415+0000: 1292.635: [GC [PSYoungGen: 228374K->1046K(223424K)] 488555K->261315K(910400K), 0.0072650 secs] [Times: user=0.04 sys=0.01, real=0.01 secs] 
2014-07-16T07:50:18.194+0000: 1293.414: [GC [PSYoungGen: 223324K->1050K(218304K)] 483594K->261423K(905280K), 0.0062810 secs] [Times: user=0.04 sys=0.00, real=0.01 secs] 
2014-07-16T07:50:18.979+0000: 1294.199: [GC [PSYoungGen: 218265K->1354K(213696K)] 478638K->261815K(900672K), 0.0049580 secs] [Times: user=0.02 sys=0.01, real=0.00 secs] 
2014-07-16T07:50:19.780+0000: 1295.000: [GC [PSYoungGen: 213642K->726K(208320K)] 474103K->261235K(895296K), 0.0095910 secs] [Times: user=0.06 sys=0.00, real=0.01 secs] 
2014-07-16T07:50:20.496+0000: 1295.716: [GC [PSYoungGen: 208278K->848K(203840K)] 468787K->261405K(890816K), 0.0072060 secs] [Times: user=0.04 sys=0.00, real=0.01 secs] 
2014-07-16T07:50:21.244+0000: 1296.464: [GC [PSYoungGen: 203792K->1154K(199744K)] 464349K->261799K(886720K), 0.0063280 secs] [Times: user=0.04 sys=0.00, real=0.01 secs] 
2014-07-16T07:50:21.988+0000: 1297.208: [GC [PSYoungGen: 199682K->1358K(195648K)] 460327K->262067K(882624K), 0.0071390 secs] [Times: user=0.05 sys=0.00, real=0.01 secs] 
2014-07-16T07:50:22.694+0000: 1297.914: [GC [PSYoungGen: 195562K->844K(190976K)] 456271K->261601K(877952K), 0.0034230 secs] [Times: user=0.01 sys=0.00, real=0.00 secs] 
2014-07-16T07:50:23.397+0000: 1298.617: [GC [PSYoungGen: 190881K->1364K(187456K)] 451639K->262185K(874432K), 0.0059080 secs] [Times: user=0.03 sys=0.00, real=0.01 secs] 
2014-07-16T07:50:24.069+0000: 1299.289: [GC [PSYoungGen: 187412K->1212K(183424K)] 448233K->262401K(870400K), 0.0062420 secs] [Times: user=0.05 sys=0.00, real=0.00 secs] 
2014-07-16T07:50:24.734+0000: 1299.954: [GC [PSYoungGen: 183420K->1526K(180032K)] 444609K->262755K(867008K), 0.0085300 secs] [Times: user=0.04 sys=0.00, real=0.01 secs] 
2014-07-16T07:50:25.454+0000: 1300.674: [GC [PSYoungGen: 180022K->862K(175744K)] 441251K->262155K(862720K), 0.0063690 secs] [Times: user=0.03 sys=0.00, real=0.01 secs] 
2014-07-16T07:50:26.019+0000: 1301.239: [GC [PSYoungGen: 175710K->566K(210432K)] 437003K->261907K(897408K), 0.0086030 secs] [Times: user=0.06 sys=0.00, real=0.00 secs] 
2014-07-16T07:50:26.776+0000: 1301.996: [GC [PSYoungGen: 210422K->876K(252736K)] 471763K->262297K(939712K), 0.0079410 secs] [Times: user=0.05 sys=0.00, real=0.01 secs] 
2014-07-16T07:50:27.707+0000: 1302.927: [GC [PSYoungGen: 252716K->1378K(247040K)] 514137K->262863K(934016K), 0.0074860 secs] [Times: user=0.05 sys=0.00, real=0.01 secs] 
2014-07-16T07:50:28.585+0000: 1303.805: [GC [PSYoungGen: 247010K->612K(240320K)] 508495K->262161K(927296K), 0.0076750 secs] [Times: user=0.04 sys=0.00, real=0.01 secs] 
2014-07-16T07:50:29.468+0000: 1304.688: [GC [PSYoungGen: 240292K->840K(234816K)] 501841K->262461K(921792K), 0.0074250 secs] [Times: user=0.04 sys=0.00, real=0.01 secs] 
2014-07-16T07:50:30.401+0000: 1305.621: [GC [PSYoungGen: 234756K->1892K(230336K)] 496378K->263723K(917312K), 0.0070910 secs] [Times: user=0.05 sys=0.00, real=0.00 secs] 
2014-07-16T07:50:31.210+0000: 1306.430: [GC [PSYoungGen: 230308K->1262K(224384K)] 492139K->263141K(911360K), 0.0101970 secs] [Times: user=0.06 sys=0.00, real=0.02 secs] 
2014-07-16T07:50:32.032+0000: 1307.252: [GC [PSYoungGen: 224366K->1336K(219328K)] 486245K->263295K(906304K), 0.0034000 secs] [Times: user=0.02 sys=0.00, real=0.00 secs] 
2014-07-16T07:50:32.837+0000: 1308.057: [GC [PSYoungGen: 219320K->562K(213568K)] 481279K->262569K(900544K), 0.0090050 secs] [Times: user=0.06 sys=0.00, real=0.01 secs] 
2014-07-16T07:50:33.620+0000: 1308.839: [GC [PSYoungGen: 213514K->772K(209024K)] 475521K->262883K(896000K), 0.0062190 secs] [Times: user=0.04 sys=0.00, real=0.01 secs] 
2014-07-16T07:50:34.381+0000: 1309.601: [GC [PSYoungGen: 208961K->1054K(204672K)] 471073K->263237K(891648K), 0.0054720 secs] [Times: user=0.04 sys=0.00, real=0.00 secs] 
2014-07-16T07:50:35.114+0000: 1310.334: [GC [PSYoungGen: 204638K->926K(200064K)] 466821K->263173K(887040K), 0.0042060 secs] [Times: user=0.02 sys=0.00, real=0.00 secs] 
2014-07-16T07:50:35.855+0000: 1311.075: [GC [PSYoungGen: 200030K->968K(195840K)] 462277K->263279K(882816K), 0.0039530 secs] [Times: user=0.02 sys=0.00, real=0.00 secs] 
2014-07-16T07:50:36.548+0000: 1311.768: [GC [PSYoungGen: 195784K->1266K(191936K)] 458095K->263617K(878912K), 0.0042140 secs] [Times: user=0.01 sys=0.00, real=0.01 secs] 
2014-07-16T07:50:37.252+0000: 1312.472: [GC [PSYoungGen: 191901K->744K(187392K)] 454253K->263175K(874368K), 0.0035930 secs] [Times: user=0.01 sys=0.00, real=0.00 secs] 
2014-07-16T07:50:37.916+0000: 1313.136: [GC [PSYoungGen: 187368K->1222K(184000K)] 449799K->263765K(870976K), 0.0067890 secs] [Times: user=0.04 sys=0.00, real=0.01 secs] 
2014-07-16T07:50:38.573+0000: 1313.793: [GC [PSYoungGen: 183942K->594K(179584K)] 446485K->263201K(866560K), 0.0071990 secs] [Times: user=0.03 sys=0.01, real=0.00 secs] 
2014-07-16T07:50:39.235+0000: 1314.454: [GC [PSYoungGen: 179491K->1008K(176320K)] 442098K->263703K(863296K), 0.0058660 secs] [Times: user=0.03 sys=0.00, real=0.00 secs] 
2014-07-16T07:50:39.862+0000: 1315.082: [GC [PSYoungGen: 176255K->1266K(173056K)] 438950K->264009K(860032K), 0.0083260 secs] [Times: user=0.04 sys=0.00, real=0.00 secs] 
2014-07-16T07:50:40.585+0000: 1315.805: [GC [PSYoungGen: 173042K->1316K(207488K)] 435785K->264099K(894464K), 0.0110620 secs] [Times: user=0.05 sys=0.01, real=0.01 secs] 
2014-07-16T07:50:41.270+0000: 1316.490: [GC [PSYoungGen: 207460K->1208K(202816K)] 470243K->264103K(889792K), 0.0045200 secs] [Times: user=0.03 sys=0.00, real=0.01 secs] 
2014-07-16T07:50:41.993+0000: 1317.213: [GC [PSYoungGen: 202775K->962K(198208K)] 465670K->263929K(885184K), 0.0047140 secs] [Times: user=0.03 sys=0.00, real=0.00 secs] 
2014-07-16T07:50:42.732+0000: 1317.952: [GC [PSYoungGen: 198097K->1558K(194560K)] 461065K->264589K(881536K), 0.0070520 secs] [Times: user=0.05 sys=0.00, real=0.00 secs] 
2014-07-16T07:50:43.487+0000: 1318.707: [GC [PSYoungGen: 194518K->894K(189760K)] 457549K->264361K(876736K), 0.0075340 secs] [Times: user=0.04 sys=0.00, real=0.01 secs] 
2014-07-16T07:50:44.148+0000: 1319.368: [GC [PSYoungGen: 189758K->1746K(186688K)] 453225K->265317K(873664K), 0.0065800 secs] [Times: user=0.05 sys=0.00, real=0.01 secs] 
2014-07-16T07:50:44.820+0000: 1320.040: [GC [PSYoungGen: 186641K->1072K(182144K)] 450212K->265067K(869120K), 0.0036020 secs] [Times: user=0.02 sys=0.00, real=0.01 secs] 
2014-07-16T07:50:45.505+0000: 1320.725: [GC [PSYoungGen: 182128K->1422K(178816K)] 446123K->265441K(865792K), 0.0079120 secs] [Times: user=0.03 sys=0.00, real=0.01 secs] 
2014-07-16T07:50:46.179+0000: 1321.399: [GC [PSYoungGen: 178766K->1090K(174912K)] 442785K->265273K(861888K), 0.0062720 secs] [Times: user=0.03 sys=0.00, real=0.01 secs] 
2014-07-16T07:50:46.814+0000: 1322.034: [GC [PSYoungGen: 174850K->844K(171200K)] 439033K->265051K(858176K), 0.0056980 secs] [Times: user=0.02 sys=0.00, real=0.00 secs] 
2014-07-16T07:50:47.417+0000: 1322.637: [GC [PSYoungGen: 171109K->1190K(168192K)] 435316K->265461K(855168K), 0.0054310 secs] [Times: user=0.03 sys=0.00, real=0.01 secs] 
2014-07-16T07:50:48.027+0000: 1323.247: [GC [PSYoungGen: 168166K->800K(164544K)] 432437K->265159K(851520K), 0.0035980 secs] [Times: user=0.03 sys=0.00, real=0.00 secs] 
2014-07-16T07:50:48.619+0000: 1323.839: [GC [PSYoungGen: 164512K->594K(161216K)] 428871K->265033K(848192K), 0.0059870 secs] [Times: user=0.04 sys=0.00, real=0.01 secs] 
2014-07-16T07:50:49.188+0000: 1324.408: [GC [PSYoungGen: 161170K->940K(158464K)] 425609K->265459K(845440K), 0.0046490 secs] [Times: user=0.02 sys=0.00, real=0.00 secs] 
2014-07-16T07:50:49.763+0000: 1324.983: [GC [PSYoungGen: 158444K->626K(155200K)] 422963K->265241K(842176K), 0.0032080 secs] [Times: user=0.02 sys=0.00, real=0.00 secs] 
2014-07-16T07:50:50.322+0000: 1325.542: [GC [PSYoungGen: 155186K->800K(152512K)] 419801K->265479K(839488K), 0.0037390 secs] [Times: user=0.02 sys=0.00, real=0.01 secs] 
2014-07-16T07:50:50.956+0000: 1326.176: [GC [PSYoungGen: 152480K->1604K(150592K)] 417159K->266347K(837568K), 0.0067930 secs] [Times: user=0.04 sys=0.00, real=0.01 secs] 
2014-07-16T07:50:51.468+0000: 1326.688: [GC [PSYoungGen: 150532K->772K(147072K)] 415275K->265595K(834048K), 0.0033390 secs] [Times: user=0.02 sys=0.00, real=0.00 secs] 
2014-07-16T07:50:51.995+0000: 1327.215: [GC [PSYoungGen: 146997K->786K(144448K)] 411821K->265649K(831424K), 0.0052560 secs] [Times: user=0.02 sys=0.00, real=0.00 secs] 
2014-07-16T07:50:52.533+0000: 1327.753: [GC [PSYoungGen: 144402K->1558K(142656K)] 409265K->266469K(829632K), 0.0078800 secs] [Times: user=0.05 sys=0.00, real=0.01 secs] 
2014-07-16T07:50:53.048+0000: 1328.268: [GC [PSYoungGen: 142614K->946K(170240K)] 407525K->265921K(857216K), 0.0106930 secs] [Times: user=0.06 sys=0.00, real=0.01 secs] 
2014-07-16T07:50:53.659+0000: 1328.879: [GC [PSYoungGen: 170226K->858K(204032K)] 435201K->265897K(891008K), 0.0066650 secs] [Times: user=0.02 sys=0.01, real=0.01 secs] 
2014-07-16T07:50:54.397+0000: 1329.617: [GC [PSYoungGen: 203980K->1518K(245312K)] 469019K->266637K(932288K), 0.0037500 secs] [Times: user=0.02 sys=0.00, real=0.00 secs] 
2014-07-16T07:50:55.264+0000: 1330.484: [GC [PSYoungGen: 245294K->694K(238592K)] 510413K->265869K(925568K), 0.0064690 secs] [Times: user=0.04 sys=0.00, real=0.00 secs] 
2014-07-16T07:50:56.184+0000: 1331.404: [GC [PSYoungGen: 238574K->726K(232960K)] 503750K->265981K(919936K), 0.0063680 secs] [Times: user=0.05 sys=0.00, real=0.00 secs] 
2014-07-16T07:50:57.034+0000: 1332.254: [GC [PSYoungGen: 232918K->1644K(228416K)] 498173K->266979K(915392K), 0.0065230 secs] [Times: user=0.04 sys=0.00, real=0.01 secs] 
2014-07-16T07:50:57.850+0000: 1333.070: [GC [PSYoungGen: 228396K->926K(222464K)] 493731K->266325K(909440K), 0.0036470 secs] [Times: user=0.02 sys=0.00, real=0.00 secs] 
2014-07-16T07:50:58.661+0000: 1333.880: [GC [PSYoungGen: 222430K->990K(217472K)] 487829K->266437K(904448K), 0.0100980 secs] [Times: user=0.06 sys=0.01, real=0.01 secs] 
2014-07-16T07:50:59.445+0000: 1334.665: [GC [PSYoungGen: 217433K->1258K(212800K)] 482881K->266761K(899776K), 0.0095260 secs] [Times: user=0.06 sys=0.00, real=0.01 secs] 
2014-07-16T07:51:00.222+0000: 1335.442: [GC [PSYoungGen: 212778K->822K(207616K)] 478281K->266429K(894592K), 0.0066020 secs] [Times: user=0.04 sys=0.00, real=0.01 secs] 
2014-07-16T07:51:01.052+0000: 1336.272: [GC [PSYoungGen: 207606K->1790K(204032K)] 473213K->267662K(891008K), 0.0088280 secs] [Times: user=0.05 sys=0.00, real=0.01 secs] 
2014-07-16T07:51:01.783+0000: 1337.003: [GC [PSYoungGen: 204030K->658K(198528K)] 469902K->266625K(885504K), 0.0059370 secs] [Times: user=0.03 sys=0.00, real=0.01 secs] 
2014-07-16T07:51:02.509+0000: 1337.729: [GC [PSYoungGen: 198482K->1082K(194624K)] 464449K->267089K(881600K), 0.0084540 secs] [Times: user=0.04 sys=0.01, real=0.01 secs] 
2014-07-16T07:51:03.222+0000: 1338.442: [GC [PSYoungGen: 194618K->1040K(190528K)] 460625K->267095K(877504K), 0.0076450 secs] [Times: user=0.05 sys=0.00, real=0.01 secs] 
2014-07-16T07:51:03.869+0000: 1339.089: [GC [PSYoungGen: 190480K->1072K(186560K)] 456535K->267191K(873536K), 0.0064730 secs] [Times: user=0.02 sys=0.00, real=0.01 secs] 
2014-07-16T07:51:04.546+0000: 1339.766: [GC [PSYoungGen: 186540K->758K(182400K)] 452659K->266925K(869376K), 0.0066060 secs] [Times: user=0.04 sys=0.00, real=0.00 secs] 
2014-07-16T07:51:05.213+0000: 1340.433: [GC [PSYoungGen: 182369K->844K(178816K)] 448537K->267059K(865792K), 0.0036080 secs] [Times: user=0.02 sys=0.01, real=0.01 secs] 
2014-07-16T07:51:05.960+0000: 1341.180: [GC [PSYoungGen: 178764K->1598K(215104K)] 444979K->267885K(902080K), 0.0116190 secs] [Times: user=0.06 sys=0.00, real=0.01 secs] 
2014-07-16T07:51:06.718+0000: 1341.938: [GC [PSYoungGen: 215099K->1022K(209728K)] 481386K->267389K(896704K), 0.0072220 secs] [Times: user=0.05 sys=0.00, real=0.01 secs] 
2014-07-16T07:51:07.476+0000: 1342.696: [GC [PSYoungGen: 209726K->1114K(205248K)] 476093K->267537K(892224K), 0.0041530 secs] [Times: user=0.02 sys=0.00, real=0.00 secs] 
2014-07-16T07:51:08.216+0000: 1343.436: [GC [PSYoungGen: 205210K->848K(200512K)] 471633K->267319K(887488K), 0.0069290 secs] [Times: user=0.04 sys=0.00, real=0.00 secs] 
2014-07-16T07:51:08.937+0000: 1344.157: [GC [PSYoungGen: 200460K->1108K(196416K)] 466932K->267651K(883392K), 0.0057600 secs] [Times: user=0.04 sys=0.00, real=0.00 secs] 
2014-07-16T07:51:09.651+0000: 1344.871: [GC [PSYoungGen: 196372K->708K(191872K)] 462915K->267307K(878848K), 0.0041490 secs] [Times: user=0.02 sys=0.01, real=0.00 secs] 
2014-07-16T07:51:10.340+0000: 1345.560: [GC [PSYoungGen: 191812K->1714K(188800K)] 458411K->268559K(875776K), 0.0047600 secs] [Times: user=0.03 sys=0.00, real=0.00 secs] 
2014-07-16T07:51:11.131+0000: 1346.351: [GC [PSYoungGen: 188786K->1024K(184192K)] 455631K->267957K(871168K), 0.0092480 secs] [Times: user=0.05 sys=0.00, real=0.01 secs] 
2014-07-16T07:51:11.803+0000: 1347.023: [GC [PSYoungGen: 184192K->1432K(180864K)] 451125K->268469K(867840K), 0.0038490 secs] [Times: user=0.02 sys=0.01, real=0.01 secs] 
2014-07-16T07:51:12.433+0000: 1347.653: [GC [PSYoungGen: 180781K->644K(216000K)] 447818K->267721K(902976K), 0.0163480 secs] [Times: user=0.10 sys=0.01, real=0.02 secs] 
2014-07-16T07:51:13.210+0000: 1348.430: [GC [PSYoungGen: 215940K->626K(226560K)] 483017K->267759K(913536K), 0.0049280 secs] [Times: user=0.02 sys=0.00, real=0.00 secs] 
2014-07-16T07:51:14.041+0000: 1349.261: [GC [PSYoungGen: 225167K->794K(220224K)] 492301K->267975K(907200K), 0.0067010 secs] [Times: user=0.03 sys=0.01, real=0.01 secs] 
2014-07-16T07:51:14.827+0000: 1350.047: [GC [PSYoungGen: 220186K->830K(215232K)] 487367K->268059K(902208K), 0.0041310 secs] [Times: user=0.01 sys=0.00, real=0.00 secs] 
2014-07-16T07:51:15.604+0000: 1350.824: [GC [PSYoungGen: 215230K->1058K(210624K)] 482459K->268383K(897600K), 0.0038100 secs] [Times: user=0.02 sys=0.01, real=0.01 secs] 
2014-07-16T07:51:16.433+0000: 1351.653: [GC [PSYoungGen: 210594K->1768K(206656K)] 477919K->269158K(893632K), 0.0071000 secs] [Times: user=0.04 sys=0.00, real=0.01 secs] 
2014-07-16T07:51:17.142+0000: 1352.362: [GC [PSYoungGen: 206632K->748K(201152K)] 474022K->268275K(888128K), 0.0066320 secs] [Times: user=0.05 sys=0.00, real=0.01 secs] 
2014-07-16T07:51:17.865+0000: 1353.084: [GC [PSYoungGen: 201127K->1004K(197056K)] 468655K->268603K(884032K), 0.0069090 secs] [Times: user=0.03 sys=0.00, real=0.01 secs] 
2014-07-16T07:51:18.583+0000: 1353.803: [GC [PSYoungGen: 197035K->958K(192768K)] 464635K->268721K(879744K), 0.0088980 secs] [Times: user=0.06 sys=0.01, real=0.01 secs] 
2014-07-16T07:51:19.275+0000: 1354.495: [GC [PSYoungGen: 192766K->1286K(189120K)] 460529K->269137K(876096K), 0.0063310 secs] [Times: user=0.03 sys=0.01, real=0.01 secs] 
2014-07-16T07:51:19.948+0000: 1355.168: [GC [PSYoungGen: 189062K->722K(184640K)] 456913K->268621K(871616K), 0.0055160 secs] [Times: user=0.02 sys=0.00, real=0.00 secs] 
2014-07-16T07:51:20.637+0000: 1355.857: [GC [PSYoungGen: 184557K->1706K(181824K)] 452457K->269669K(868800K), 0.0082640 secs] [Times: user=0.04 sys=0.00, real=0.01 secs] 
2014-07-16T07:51:21.395+0000: 1356.615: [GC [PSYoungGen: 181802K->1144K(177600K)] 449765K->269180K(864576K), 0.0032260 secs] [Times: user=0.02 sys=0.00, real=0.01 secs] 
2014-07-16T07:51:21.954+0000: 1357.174: [GC [PSYoungGen: 177547K->1196K(174080K)] 445582K->269327K(861056K), 0.0066550 secs] [Times: user=0.03 sys=0.00, real=0.01 secs] 
2014-07-16T07:51:22.598+0000: 1357.818: [GC [PSYoungGen: 174060K->944K(170368K)] 442191K->269123K(857344K), 0.0045550 secs] [Times: user=0.02 sys=0.00, real=0.01 secs] 
2014-07-16T07:51:23.214+0000: 1358.434: [GC [PSYoungGen: 170352K->758K(166848K)] 438531K->269017K(853824K), 0.0042090 secs] [Times: user=0.02 sys=0.00, real=0.01 secs] 
2014-07-16T07:51:23.820+0000: 1359.040: [GC [PSYoungGen: 166838K->790K(163712K)] 435097K->269113K(850688K), 0.0066390 secs] [Times: user=0.03 sys=0.00, real=0.00 secs] 
2014-07-16T07:51:24.435+0000: 1359.654: [GC [PSYoungGen: 163670K->804K(160576K)] 431993K->269231K(847552K), 0.0042820 secs] [Times: user=0.03 sys=0.00, real=0.01 secs] 
2014-07-16T07:51:24.997+0000: 1360.217: [GC [PSYoungGen: 160548K->990K(157760K)] 428975K->269513K(844736K), 0.0068170 secs] [Times: user=0.03 sys=0.00, real=0.01 secs] 
2014-07-16T07:51:25.578+0000: 1360.798: [GC [PSYoungGen: 157713K->1328K(155136K)] 426237K->269947K(842112K), 0.0040570 secs] [Times: user=0.02 sys=0.01, real=0.01 secs] 
2014-07-16T07:51:26.133+0000: 1361.353: [GC [PSYoungGen: 155120K->944K(151936K)] 423739K->269635K(838912K), 0.0081630 secs] [Times: user=0.06 sys=0.00, real=0.01 secs] 
2014-07-16T07:51:26.676+0000: 1361.896: [GC [PSYoungGen: 151901K->744K(148992K)] 420592K->269531K(835968K), 0.0055320 secs] [Times: user=0.03 sys=0.01, real=0.01 secs] 
2014-07-16T07:51:27.223+0000: 1362.443: [GC [PSYoungGen: 148959K->1122K(179072K)] 417747K->270013K(866048K), 0.0081620 secs] [Times: user=0.05 sys=0.01, real=0.01 secs] 
2014-07-16T07:51:27.860+0000: 1363.080: [GC [PSYoungGen: 179042K->986K(214528K)] 447933K->269925K(901504K), 0.0146470 secs] [Times: user=0.09 sys=0.00, real=0.01 secs] 
2014-07-16T07:51:28.646+0000: 1363.866: [GC [PSYoungGen: 214490K->1154K(244416K)] 483429K->270141K(931392K), 0.0086990 secs] [Times: user=0.04 sys=0.00, real=0.01 secs] 
2014-07-16T07:51:29.511+0000: 1364.731: [GC [PSYoungGen: 244350K->990K(244800K)] 513338K->270065K(931776K), 0.0036030 secs] [Times: user=0.02 sys=0.00, real=0.00 secs] 
2014-07-16T07:51:30.441+0000: 1365.661: [GC [PSYoungGen: 244190K->1340K(238656K)] 513265K->270472K(925632K), 0.0039210 secs] [Times: user=0.02 sys=0.00, real=0.00 secs] 
2014-07-16T07:51:31.394+0000: 1366.614: [GC [PSYoungGen: 238652K->1588K(286400K)] 507784K->270855K(973376K), 0.0153900 secs] [Times: user=0.09 sys=0.00, real=0.02 secs] 
2014-07-16T07:51:32.352+0000: 1367.572: [GC [PSYoungGen: 286388K->306K(277696K)] 555655K->270075K(964672K), 0.0038020 secs] [Times: user=0.01 sys=0.00, real=0.00 secs] 
2014-07-16T07:51:33.387+0000: 1368.607: [GC [PSYoungGen: 277682K->1154K(271424K)] 547451K->270988K(958400K), 0.0049790 secs] [Times: user=0.03 sys=0.00, real=0.01 secs] 
2014-07-16T07:51:34.391+0000: 1369.611: [GC [PSYoungGen: 271362K->922K(264256K)] 541196K->270902K(951232K), 0.0046120 secs] [Times: user=0.02 sys=0.00, real=0.00 secs] 
2014-07-16T07:51:35.349+0000: 1370.569: [GC [PSYoungGen: 264218K->1600K(258368K)] 534198K->271660K(945344K), 0.0045940 secs] [Times: user=0.01 sys=0.00, real=0.01 secs] 
2014-07-16T07:51:36.280+0000: 1371.500: [GC [PSYoungGen: 258270K->876K(251200K)] 528330K->271214K(938176K), 0.0082340 secs] [Times: user=0.06 sys=0.00, real=0.01 secs] 
2014-07-16T07:51:37.184+0000: 1372.404: [GC [PSYoungGen: 251180K->972K(245184K)] 521518K->271374K(932160K), 0.0053530 secs] [Times: user=0.02 sys=0.00, real=0.01 secs] 
2014-07-16T07:51:38.069+0000: 1373.289: [GC [PSYoungGen: 245130K->1386K(239680K)] 515532K->271868K(926656K), 0.0090690 secs] [Times: user=0.07 sys=0.00, real=0.01 secs] 
2014-07-16T07:51:38.932+0000: 1374.152: [GC [PSYoungGen: 239658K->776K(233408K)] 510140K->271346K(920384K), 0.0065180 secs] [Times: user=0.05 sys=0.00, real=0.00 secs] 
2014-07-16T07:51:39.764+0000: 1374.984: [GC [PSYoungGen: 233352K->608K(227712K)] 503922K->271266K(914688K), 0.0062760 secs] [Times: user=0.04 sys=0.00, real=0.01 secs] 
2014-07-16T07:51:40.597+0000: 1375.817: [GC [PSYoungGen: 227659K->994K(222784K)] 498317K->271708K(909760K), 0.0102230 secs] [Times: user=0.07 sys=0.00, real=0.01 secs] 
2014-07-16T07:51:41.405+0000: 1376.625: [GC [PSYoungGen: 222753K->890K(217536K)] 493467K->271676K(904512K), 0.0077480 secs] [Times: user=0.05 sys=0.00, real=0.01 secs] 
2014-07-16T07:51:42.212+0000: 1377.432: [GC [PSYoungGen: 217511K->1086K(212800K)] 488297K->271920K(899776K), 0.0107730 secs] [Times: user=0.05 sys=0.00, real=0.01 secs] 
2014-07-16T07:51:42.967+0000: 1378.187: [GC [PSYoungGen: 212798K->758K(207744K)] 483632K->271672K(894720K), 0.0050310 secs] [Times: user=0.03 sys=0.00, real=0.01 secs] 
2014-07-16T07:51:43.732+0000: 1378.952: [GC [PSYoungGen: 207732K->1136K(203520K)] 478646K->272114K(890496K), 0.0044360 secs] [Times: user=0.03 sys=0.00, real=0.00 secs] 
2014-07-16T07:51:44.459+0000: 1379.679: [GC [PSYoungGen: 203504K->908K(243840K)] 474482K->271950K(930816K), 0.0121730 secs] [Times: user=0.07 sys=0.00, real=0.02 secs] 
2014-07-16T07:51:45.344+0000: 1380.564: [GC [PSYoungGen: 243771K->1268K(238272K)] 514813K->272382K(925248K), 0.0047270 secs] [Times: user=0.03 sys=0.00, real=0.00 secs] 
2014-07-16T07:51:46.204+0000: 1381.424: [GC [PSYoungGen: 238217K->812K(232192K)] 509331K->271990K(919168K), 0.0037100 secs] [Times: user=0.02 sys=0.00, real=0.00 secs] 
2014-07-16T07:51:47.040+0000: 1382.260: [GC [PSYoungGen: 232172K->890K(226816K)] 503350K->272140K(913792K), 0.0034560 secs] [Times: user=0.02 sys=0.00, real=0.01 secs] 
2014-07-16T07:51:47.880+0000: 1383.100: [GC [PSYoungGen: 226810K->800K(221504K)] 498060K->272154K(908480K), 0.0102280 secs] [Times: user=0.06 sys=0.01, real=0.01 secs] 
2014-07-16T07:51:48.663+0000: 1383.883: [GC [PSYoungGen: 221472K->1062K(216704K)] 492826K->272504K(903680K), 0.0057370 secs] [Times: user=0.04 sys=0.01, real=0.00 secs] 
2014-07-16T07:51:49.472+0000: 1384.692: [GC [PSYoungGen: 216678K->1176K(211968K)] 488120K->272674K(898944K), 0.0032440 secs] [Times: user=0.01 sys=0.00, real=0.00 secs] 
2014-07-16T07:51:50.245+0000: 1385.465: [GC [PSYoungGen: 211928K->712K(206784K)] 483426K->272282K(893760K), 0.0067260 secs] [Times: user=0.03 sys=0.00, real=0.01 secs] 
2014-07-16T07:51:51.000+0000: 1386.219: [GC [PSYoungGen: 206634K->740K(202240K)] 478204K->272382K(889216K), 0.0063090 secs] [Times: user=0.04 sys=0.00, real=0.01 secs] 
2014-07-16T07:51:51.800+0000: 1387.020: [GC [PSYoungGen: 202212K->1532K(243328K)] 473854K->273230K(930304K), 0.0169950 secs] [Times: user=0.09 sys=0.01, real=0.02 secs] 
2014-07-16T07:51:52.654+0000: 1387.874: [GC [PSYoungGen: 243299K->576K(236544K)] 514997K->272330K(923520K), 0.0065430 secs] [Times: user=0.03 sys=0.00, real=0.00 secs] 
2014-07-16T07:51:53.519+0000: 1388.739: [GC [PSYoungGen: 236544K->676K(231040K)] 508298K->272494K(918016K), 0.0037500 secs] [Times: user=0.02 sys=0.00, real=0.01 secs] 
2014-07-16T07:51:54.359+0000: 1389.579: [GC [PSYoungGen: 231012K->918K(225920K)] 502830K->272832K(912896K), 0.0091820 secs] [Times: user=0.06 sys=0.00, real=0.01 secs] 
2014-07-16T07:51:55.172+0000: 1390.392: [GC [PSYoungGen: 225878K->754K(220544K)] 497792K->272716K(907520K), 0.0055450 secs] [Times: user=0.02 sys=0.00, real=0.01 secs] 
2014-07-16T07:51:55.967+0000: 1391.187: [GC [PSYoungGen: 220530K->694K(215424K)] 492492K->272720K(902400K), 0.0051860 secs] [Times: user=0.03 sys=0.00, real=0.00 secs] 
2014-07-16T07:51:56.865+0000: 1392.085: [GC [PSYoungGen: 215414K->1412K(211328K)] 487440K->273526K(898304K), 0.0073250 secs] [Times: user=0.05 sys=0.00, real=0.00 secs] 
2014-07-16T07:51:57.543+0000: 1392.763: [GC [PSYoungGen: 211255K->934K(206144K)] 483369K->273424K(893120K), 0.0048220 secs] [Times: user=0.03 sys=0.01, real=0.00 secs] 
2014-07-16T07:51:58.293+0000: 1393.512: [GC [PSYoungGen: 206117K->1528K(202176K)] 478607K->274132K(889152K), 0.0039420 secs] [Times: user=0.02 sys=0.00, real=0.01 secs] 
2014-07-16T07:51:59.008+0000: 1394.228: [GC [PSYoungGen: 202168K->994K(197312K)] 474772K->273876K(884288K), 0.0073350 secs] [Times: user=0.05 sys=0.00, real=0.01 secs] 
2014-07-16T07:51:59.716+0000: 1394.936: [GC [PSYoungGen: 197282K->912K(193024K)] 470164K->273866K(880000K), 0.0074030 secs] [Times: user=0.04 sys=0.00, real=0.01 secs] 
2014-07-16T07:52:00.416+0000: 1395.636: [GC [PSYoungGen: 192930K->890K(188864K)] 465884K->273940K(875840K), 0.0061250 secs] [Times: user=0.04 sys=0.00, real=0.00 secs] 
2014-07-16T07:52:01.093+0000: 1396.313: [GC [PSYoungGen: 188819K->1040K(185152K)] 461869K->274178K(872128K), 0.0055860 secs] [Times: user=0.04 sys=0.00, real=0.00 secs] 
2014-07-16T07:52:01.757+0000: 1396.977: [GC [PSYoungGen: 185104K->962K(181312K)] 458242K->274148K(868288K), 0.0070710 secs] [Times: user=0.04 sys=0.00, real=0.00 secs] 
2014-07-16T07:52:02.494+0000: 1397.714: [GC [PSYoungGen: 181206K->790K(177472K)] 454392K->274032K(864448K), 0.0070650 secs] [Times: user=0.04 sys=0.00, real=0.00 secs] 
2014-07-16T07:52:03.157+0000: 1398.377: [GC [PSYoungGen: 177430K->1392K(213376K)] 450672K->274698K(900352K), 0.0096570 secs] [Times: user=0.06 sys=0.00, real=0.01 secs] 
2014-07-16T07:52:03.932+0000: 1399.152: [GC [PSYoungGen: 213360K->818K(255232K)] 486666K->274196K(942208K), 0.0085720 secs] [Times: user=0.05 sys=0.00, real=0.01 secs] 
2014-07-16T07:52:04.879+0000: 1400.099: [GC [PSYoungGen: 255218K->1232K(249408K)] 528596K->274698K(936384K), 0.0083110 secs] [Times: user=0.05 sys=0.00, real=0.01 secs] 
2014-07-16T07:52:05.760+0000: 1400.980: [GC [PSYoungGen: 249360K->908K(243008K)] 522826K->274438K(929984K), 0.0087380 secs] [Times: user=0.05 sys=0.00, real=0.01 secs] 
2014-07-16T07:52:06.646+0000: 1401.866: [GC [PSYoungGen: 242956K->908K(237184K)] 516486K->274518K(924160K), 0.0036060 secs] [Times: user=0.01 sys=0.00, real=0.00 secs] 
2014-07-16T07:52:07.592+0000: 1402.812: [GC [PSYoungGen: 237132K->868K(231488K)] 510742K->274534K(918464K), 0.0116970 secs] [Times: user=0.08 sys=0.00, real=0.01 secs] 
2014-07-16T07:52:08.433+0000: 1403.653: [GC [PSYoungGen: 231460K->1010K(226176K)] 505126K->274772K(913152K), 0.0050000 secs] [Times: user=0.03 sys=0.00, real=0.01 secs] 
2014-07-16T07:52:09.250+0000: 1404.470: [GC [PSYoungGen: 226140K->712K(220672K)] 499902K->274546K(907648K), 0.0046240 secs] [Times: user=0.03 sys=0.00, real=0.01 secs] 
2014-07-16T07:52:10.038+0000: 1405.258: [GC [PSYoungGen: 220615K->876K(215744K)] 494449K->274750K(902720K), 0.0043590 secs] [Times: user=0.02 sys=0.00, real=0.00 secs] 
2014-07-16T07:52:10.814+0000: 1406.034: [GC [PSYoungGen: 215724K->1026K(211072K)] 489598K->274940K(898048K), 0.0084830 secs] [Times: user=0.04 sys=0.00, real=0.01 secs] 
2014-07-16T07:52:11.576+0000: 1406.796: [GC [PSYoungGen: 211010K->868K(206208K)] 484924K->274830K(893184K), 0.0038600 secs] [Times: user=0.02 sys=0.00, real=0.00 secs] 
2014-07-16T07:52:12.389+0000: 1407.609: [GC [PSYoungGen: 206166K->1218K(202048K)] 480128K->275252K(889024K), 0.0041280 secs] [Times: user=0.02 sys=0.00, real=0.00 secs] 
2014-07-16T07:52:13.111+0000: 1408.331: [GC [PSYoungGen: 201986K->830K(197248K)] 476020K->275306K(884224K), 0.0053060 secs] [Times: user=0.03 sys=0.00, real=0.01 secs] 
2014-07-16T07:52:13.802+0000: 1409.022: [GC [PSYoungGen: 197246K->512K(192704K)] 471722K->275044K(879680K), 0.0055870 secs] [Times: user=0.04 sys=0.00, real=0.01 secs] 
2014-07-16T07:52:14.507+0000: 1409.727: [GC [PSYoungGen: 192704K->786K(188928K)] 467236K->275406K(875904K), 0.0064390 secs] [Times: user=0.03 sys=0.01, real=0.00 secs] 
2014-07-16T07:52:15.191+0000: 1410.411: [GC [PSYoungGen: 188882K->740K(184960K)] 463502K->275408K(871936K), 0.0114050 secs] [Times: user=0.07 sys=0.00, real=0.01 secs] 
2014-07-16T07:52:15.939+0000: 1411.159: [GC [PSYoungGen: 184920K->876K(181312K)] 459588K->275608K(868288K), 0.0037100 secs] [Times: user=0.01 sys=0.01, real=0.00 secs] 
2014-07-16T07:52:16.545+0000: 1411.765: [GC [PSYoungGen: 181209K->872K(217408K)] 455942K->275668K(904384K), 0.0151170 secs] [Times: user=0.09 sys=0.00, real=0.02 secs] 
2014-07-16T07:52:17.370+0000: 1412.590: [GC [PSYoungGen: 217384K->1198K(256256K)] 492180K->276304K(943232K), 0.0050900 secs] [Times: user=0.03 sys=0.00, real=0.00 secs] 
2014-07-16T07:52:18.258+0000: 1413.478: [GC [PSYoungGen: 256238K->1358K(250112K)] 531344K->276512K(937088K), 0.0036240 secs] [Times: user=0.02 sys=0.00, real=0.00 secs] 
2014-07-16T07:52:19.166+0000: 1414.386: [GC [PSYoungGen: 250031K->256K(242880K)] 525186K->275786K(929856K), 0.0100740 secs] [Times: user=0.05 sys=0.00, real=0.02 secs] 
2014-07-16T07:52:20.046+0000: 1415.266: [GC [PSYoungGen: 242865K->1386K(238208K)] 518395K->276988K(925184K), 0.0059560 secs] [Times: user=0.04 sys=0.00, real=0.00 secs] 
2014-07-16T07:52:20.897+0000: 1416.117: [GC [PSYoungGen: 238159K->1350K(232576K)] 513761K->277330K(919552K), 0.0051430 secs] [Times: user=0.03 sys=0.00, real=0.00 secs] 
2014-07-16T07:52:21.750+0000: 1416.970: [GC [PSYoungGen: 232479K->1482K(227264K)] 508459K->277526K(914240K), 0.0069240 secs] [Times: user=0.04 sys=0.00, real=0.00 secs] 
2014-07-16T07:52:22.581+0000: 1417.801: [GC [PSYoungGen: 227210K->608K(221120K)] 503254K->276732K(908096K), 0.0032240 secs] [Times: user=0.02 sys=0.00, real=0.00 secs] 
2014-07-16T07:52:23.391+0000: 1418.611: [GC [PSYoungGen: 221088K->630K(216064K)] 497212K->276810K(903040K), 0.0078020 secs] [Times: user=0.05 sys=0.00, real=0.01 secs] 
2014-07-16T07:52:24.168+0000: 1419.388: [GC [PSYoungGen: 216054K->662K(211264K)] 492234K->276906K(898240K), 0.0033730 secs] [Times: user=0.02 sys=0.00, real=0.00 secs] 
2014-07-16T07:52:24.934+0000: 1420.154: [GC [PSYoungGen: 211213K->744K(206656K)] 487458K->277052K(893632K), 0.0058190 secs] [Times: user=0.03 sys=0.00, real=0.01 secs] 
2014-07-16T07:52:25.712+0000: 1420.932: [GC [PSYoungGen: 206632K->1546K(202944K)] 482940K->277918K(889920K), 0.0057310 secs] [Times: user=0.03 sys=0.00, real=0.01 secs] 
2014-07-16T07:52:26.410+0000: 1421.630: [GC [PSYoungGen: 202890K->708K(197760K)] 479262K->277144K(884736K), 0.0054450 secs] [Times: user=0.03 sys=0.00, real=0.00 secs] 
2014-07-16T07:52:27.121+0000: 1422.341: [GC [PSYoungGen: 197697K->1508K(194304K)] 474133K->278008K(881280K), 0.0048320 secs] [Times: user=0.02 sys=0.00, real=0.00 secs] 
2014-07-16T07:52:27.812+0000: 1423.032: [GC [PSYoungGen: 194253K->1026K(189760K)] 470753K->277598K(876736K), 0.0051280 secs] [Times: user=0.03 sys=0.00, real=0.00 secs] 
2014-07-16T07:52:28.509+0000: 1423.729: [GC [PSYoungGen: 189697K->768K(185472K)] 466270K->277396K(872448K), 0.0083510 secs] [Times: user=0.05 sys=0.00, real=0.00 secs] 
2014-07-16T07:52:29.177+0000: 1424.397: [GC [PSYoungGen: 185437K->980K(181888K)] 462065K->277688K(868864K), 0.0057300 secs] [Times: user=0.03 sys=0.00, real=0.01 secs] 
2014-07-16T07:52:29.825+0000: 1425.045: [GC [PSYoungGen: 181827K->1326K(178496K)] 458536K->278138K(865472K), 0.0050450 secs] [Times: user=0.03 sys=0.00, real=0.01 secs] 
2014-07-16T07:52:30.495+0000: 1425.715: [GC [PSYoungGen: 178476K->936K(174528K)] 455289K->277828K(861504K), 0.0073950 secs] [Times: user=0.04 sys=0.00, real=0.01 secs] 
2014-07-16T07:52:31.137+0000: 1426.357: [GC [PSYoungGen: 174504K->940K(171072K)] 451396K->277896K(858048K), 0.0079490 secs] [Times: user=0.04 sys=0.00, real=0.01 secs] 
2014-07-16T07:52:31.758+0000: 1426.977: [GC [PSYoungGen: 171052K->1076K(205248K)] 448008K->278080K(892224K), 0.0089960 secs] [Times: user=0.05 sys=0.00, real=0.01 secs] 
2014-07-16T07:52:32.572+0000: 1427.791: [GC [PSYoungGen: 205236K->1354K(201088K)] 482240K->278446K(888064K), 0.0055840 secs] [Times: user=0.03 sys=0.00, real=0.00 secs] 
2014-07-16T07:52:33.282+0000: 1428.502: [GC [PSYoungGen: 201034K->1354K(196736K)] 478126K->278518K(883712K), 0.0079280 secs] [Times: user=0.05 sys=0.00, real=0.01 secs] 
2014-07-16T07:52:33.985+0000: 1429.205: [GC [PSYoungGen: 196682K->680K(191872K)] 473846K->278112K(878848K), 0.0037450 secs] [Times: user=0.02 sys=0.01, real=0.01 secs] 
2014-07-16T07:52:34.656+0000: 1429.876: [GC [PSYoungGen: 191848K->758K(230208K)] 469280K->278270K(917184K), 0.0128470 secs] [Times: user=0.08 sys=0.00, real=0.02 secs] 
2014-07-16T07:52:35.493+0000: 1430.713: [GC [PSYoungGen: 230198K->1348K(240384K)] 507710K->279016K(927360K), 0.0075940 secs] [Times: user=0.03 sys=0.00, real=0.01 secs] 
2014-07-16T07:52:36.378+0000: 1431.598: [GC [PSYoungGen: 240004K->858K(240448K)] 517672K->278582K(927424K), 0.0089290 secs] [Times: user=0.05 sys=0.00, real=0.01 secs] 
2014-07-16T07:52:37.233+0000: 1432.453: [GC [PSYoungGen: 239509K->1258K(234240K)] 517234K->279086K(921216K), 0.0056330 secs] [Times: user=0.03 sys=0.00, real=0.01 secs] 
2014-07-16T07:52:38.077+0000: 1433.297: [GC [PSYoungGen: 234218K->658K(228160K)] 512046K->278550K(915136K), 0.0100180 secs] [Times: user=0.05 sys=0.00, real=0.01 secs] 
2014-07-16T07:52:38.889+0000: 1434.109: [GC [PSYoungGen: 228114K->598K(273600K)] 506006K->278530K(960576K), 0.0098370 secs] [Times: user=0.06 sys=0.00, real=0.01 secs] 
2014-07-16T07:52:39.865+0000: 1435.085: [GC [PSYoungGen: 273558K->1276K(285376K)] 551490K->279280K(972352K), 0.0095140 secs] [Times: user=0.06 sys=0.01, real=0.01 secs] 
2014-07-16T07:52:40.891+0000: 1436.111: [GC [PSYoungGen: 284860K->516K(276736K)] 562864K->278560K(963712K), 0.0073920 secs] [Times: user=0.05 sys=0.00, real=0.00 secs] 
2014-07-16T07:52:41.899+0000: 1437.119: [GC [PSYoungGen: 276657K->1262K(270336K)] 554701K->279362K(957312K), 0.0081930 secs] [Times: user=0.04 sys=0.01, real=0.01 secs] 
2014-07-16T07:52:42.899+0000: 1438.119: [GC [PSYoungGen: 270285K->1090K(263360K)] 548386K->279278K(950336K), 0.0043650 secs] [Times: user=0.02 sys=0.00, real=0.01 secs] 
2014-07-16T07:52:43.871+0000: 1439.091: [GC [PSYoungGen: 263298K->644K(256320K)] 541486K->278920K(943296K), 0.0029400 secs] [Times: user=0.02 sys=0.00, real=0.00 secs] 
2014-07-16T07:52:44.807+0000: 1440.027: [GC [PSYoungGen: 256223K->944K(250240K)] 534500K->279300K(937216K), 0.0068770 secs] [Times: user=0.05 sys=0.00, real=0.01 secs] 
2014-07-16T07:52:45.717+0000: 1440.937: [GC [PSYoungGen: 250201K->944K(244160K)] 528558K->279356K(931136K), 0.0069240 secs] [Times: user=0.04 sys=0.00, real=0.01 secs] 
2014-07-16T07:52:46.608+0000: 1441.828: [GC [PSYoungGen: 244144K->1032K(238400K)] 522556K->279508K(925376K), 0.0054480 secs] [Times: user=0.03 sys=0.00, real=0.01 secs] 
2014-07-16T07:52:47.492+0000: 1442.712: [GC [PSYoungGen: 238344K->1108K(232832K)] 516820K->279640K(919808K), 0.0055260 secs] [Times: user=0.03 sys=0.00, real=0.00 secs] 
2014-07-16T07:52:48.353+0000: 1443.573: [GC [PSYoungGen: 232788K->726K(227008K)] 511320K->279330K(913984K), 0.0050290 secs] [Times: user=0.02 sys=0.00, real=0.00 secs] 
2014-07-16T07:52:49.178+0000: 1444.398: [GC [PSYoungGen: 226965K->1140K(222144K)] 505569K->279800K(909120K), 0.0144640 secs] [Times: user=0.10 sys=0.00, real=0.02 secs] 
2014-07-16T07:52:49.960+0000: 1445.180: [GC [PSYoungGen: 222132K->858K(216832K)] 500792K->279622K(903808K), 0.0053510 secs] [Times: user=0.03 sys=0.00, real=0.01 secs] 
2014-07-16T07:52:50.755+0000: 1445.975: [GC [PSYoungGen: 216794K->922K(212032K)] 495558K->279798K(899008K), 0.0055580 secs] [Times: user=0.03 sys=0.00, real=0.00 secs] 
2014-07-16T07:52:51.531+0000: 1446.751: [GC [PSYoungGen: 211994K->1262K(207616K)] 490870K->280372K(894592K), 0.0032560 secs] [Times: user=0.02 sys=0.00, real=0.00 secs] 
2014-07-16T07:52:52.285+0000: 1447.505: [GC [PSYoungGen: 207598K->562K(202368K)] 486708K->279720K(889344K), 0.0099430 secs] [Times: user=0.06 sys=0.00, real=0.01 secs] 
2014-07-16T07:52:53.041+0000: 1448.261: [GC [PSYoungGen: 202351K->1068K(198464K)] 481510K->280306K(885440K), 0.0052540 secs] [Times: user=0.02 sys=0.00, real=0.01 secs] 
2014-07-16T07:52:53.756+0000: 1448.976: [GC [PSYoungGen: 198444K->1150K(194304K)] 477682K->280436K(881280K), 0.0057060 secs] [Times: user=0.02 sys=0.00, real=0.01 secs] 
2014-07-16T07:52:54.474+0000: 1449.694: [GC [PSYoungGen: 194302K->1040K(190144K)] 473588K->280414K(877120K), 0.0049800 secs] [Times: user=0.03 sys=0.00, real=0.00 secs] 
2014-07-16T07:52:55.150+0000: 1450.370: [GC [PSYoungGen: 190096K->726K(185856K)] 469470K->280180K(872832K), 0.0043860 secs] [Times: user=0.02 sys=0.00, real=0.01 secs] 
2014-07-16T07:52:55.821+0000: 1451.041: [GC [PSYoungGen: 185814K->908K(182208K)] 465268K->280418K(869184K), 0.0121610 secs] [Times: user=0.05 sys=0.00, real=0.02 secs] 
2014-07-16T07:52:56.504+0000: 1451.724: [GC [PSYoungGen: 182118K->1286K(218880K)] 461629K->280892K(905856K), 0.0077670 secs] [Times: user=0.05 sys=0.01, real=0.00 secs] 
2014-07-16T07:52:57.269+0000: 1452.489: [GC [PSYoungGen: 218783K->830K(213440K)] 498390K->280896K(900416K), 0.0053330 secs] [Times: user=0.03 sys=0.00, real=0.01 secs] 
2014-07-16T07:52:58.055+0000: 1453.275: [GC [PSYoungGen: 213438K->804K(208640K)] 493504K->280942K(895616K), 0.0047150 secs] [Times: user=0.02 sys=0.00, real=0.00 secs] 
2014-07-16T07:52:58.809+0000: 1454.029: [GC [PSYoungGen: 208612K->1378K(204608K)] 488750K->281580K(891584K), 0.0100980 secs] [Times: user=0.07 sys=0.00, real=0.01 secs] 
2014-07-16T07:52:59.528+0000: 1454.748: [GC [PSYoungGen: 204578K->1044K(199872K)] 484780K->281334K(886848K), 0.0068570 secs] [Times: user=0.04 sys=0.01, real=0.01 secs] 
2014-07-16T07:53:00.255+0000: 1455.475: [GC [PSYoungGen: 199828K->1012K(195520K)] 480118K->281514K(882496K), 0.0063070 secs] [Times: user=0.03 sys=0.00, real=0.00 secs] 
2014-07-16T07:53:00.959+0000: 1456.179: [GC [PSYoungGen: 195508K->1640K(192000K)] 476010K->282297K(878976K), 0.0065820 secs] [Times: user=0.04 sys=0.00, real=0.01 secs] 
2014-07-16T07:53:01.656+0000: 1456.876: [GC [PSYoungGen: 191976K->544K(186880K)] 472633K->281272K(873856K), 0.0050040 secs] [Times: user=0.02 sys=0.00, real=0.00 secs] 
2014-07-16T07:53:02.338+0000: 1457.558: [GC [PSYoungGen: 186848K->662K(183104K)] 467576K->281454K(870080K), 0.0067440 secs] [Times: user=0.04 sys=0.00, real=0.01 secs] 
2014-07-16T07:53:03.073+0000: 1458.293: [GC [PSYoungGen: 183062K->1100K(179776K)] 463854K->281996K(866752K), 0.0049510 secs] [Times: user=0.03 sys=0.00, real=0.01 secs] 
2014-07-16T07:53:03.712+0000: 1458.932: [GC [PSYoungGen: 179710K->758K(215168K)] 460607K->281694K(902144K), 0.0115020 secs] [Times: user=0.06 sys=0.00, real=0.02 secs] 
2014-07-16T07:53:04.493+0000: 1459.713: [GC [PSYoungGen: 215153K->954K(258240K)] 496089K->281994K(945216K), 0.0117520 secs] [Times: user=0.07 sys=0.00, real=0.02 secs] 
2014-07-16T07:53:05.431+0000: 1460.651: [GC [PSYoungGen: 258234K->1196K(308736K)] 539274K->282308K(995712K), 0.0085430 secs] [Times: user=0.05 sys=0.00, real=0.01 secs] 
2014-07-16T07:53:06.538+0000: 1461.758: [GC [PSYoungGen: 308204K->744K(299456K)] 589316K->281904K(986432K), 0.0072150 secs] [Times: user=0.05 sys=0.00, real=0.01 secs] 
2014-07-16T07:53:07.644+0000: 1462.864: [GC [PSYoungGen: 299432K->1104K(291840K)] 580592K->282352K(978816K), 0.0054200 secs] [Times: user=0.04 sys=0.00, real=0.00 secs] 
2014-07-16T07:53:08.791+0000: 1464.011: [GC [PSYoungGen: 291786K->1058K(284096K)] 573035K->282370K(971072K), 0.0046130 secs] [Times: user=0.02 sys=0.00, real=0.01 secs] 
2014-07-16T07:53:09.813+0000: 1465.033: [GC [PSYoungGen: 284066K->776K(276480K)] 565378K->282168K(963456K), 0.0053440 secs] [Times: user=0.03 sys=0.00, real=0.01 secs] 
2014-07-16T07:53:10.827+0000: 1466.047: [GC [PSYoungGen: 276424K->1122K(269696K)] 557816K->282602K(956672K), 0.0089540 secs] [Times: user=0.05 sys=0.00, real=0.01 secs] 
2014-07-16T07:53:11.797+0000: 1467.017: [GC [PSYoungGen: 269620K->944K(262656K)] 551101K->282512K(949632K), 0.0034630 secs] [Times: user=0.02 sys=0.01, real=0.00 secs] 
2014-07-16T07:53:12.771+0000: 1467.991: [GC [PSYoungGen: 262613K->1126K(256256K)] 544182K->283271K(943232K), 0.0045120 secs] [Times: user=0.02 sys=0.00, real=0.01 secs] 
2014-07-16T07:53:13.755+0000: 1468.975: [GC [PSYoungGen: 256230K->944K(249728K)] 538375K->283153K(936704K), 0.0052610 secs] [Times: user=0.03 sys=0.00, real=0.00 secs] 
2014-07-16T07:53:14.646+0000: 1469.866: [GC [PSYoungGen: 249712K->690K(243392K)] 531921K->283170K(930368K), 0.0063040 secs] [Times: user=0.03 sys=0.00, real=0.00 secs] 
2014-07-16T07:53:15.521+0000: 1470.741: [GC [PSYoungGen: 243378K->676K(237568K)] 525858K->283228K(924544K), 0.0071630 secs] [Times: user=0.05 sys=0.00, real=0.01 secs] 
2014-07-16T07:53:16.413+0000: 1471.633: [GC [PSYoungGen: 237539K->1418K(232704K)] 520092K->284035K(919680K), 0.0118400 secs] [Times: user=0.08 sys=0.00, real=0.01 secs] 
2014-07-16T07:53:17.236+0000: 1472.456: [GC [PSYoungGen: 232650K->1454K(227264K)] 515267K->284135K(914240K), 0.0042570 secs] [Times: user=0.02 sys=0.01, real=0.00 secs] 
2014-07-16T07:53:18.162+0000: 1473.382: [GC [PSYoungGen: 227246K->704K(221248K)] 509927K->283552K(908224K), 0.0070520 secs] [Times: user=0.04 sys=0.00, real=0.01 secs] 
2014-07-16T07:53:18.942+0000: 1474.162: [GC [PSYoungGen: 221248K->1054K(216576K)] 504096K->283983K(903552K), 0.0064180 secs] [Times: user=0.04 sys=0.00, real=0.01 secs] 
2014-07-16T07:53:19.715+0000: 1474.935: [GC [PSYoungGen: 216542K->1460K(212096K)] 499471K->284461K(899072K), 0.0045390 secs] [Times: user=0.02 sys=0.00, real=0.01 secs] 
2014-07-16T07:53:20.468+0000: 1475.688: [GC [PSYoungGen: 212084K->918K(206848K)] 495085K->283974K(893824K), 0.0049360 secs] [Times: user=0.02 sys=0.00, real=0.00 secs] 
2014-07-16T07:53:21.235+0000: 1476.455: [GC [PSYoungGen: 206795K->1328K(202688K)] 489852K->284473K(889664K), 0.0078660 secs] [Times: user=0.03 sys=0.01, real=0.01 secs] 
2014-07-16T07:53:21.941+0000: 1477.161: [GC [PSYoungGen: 202670K->876K(197888K)] 485815K->284069K(884864K), 0.0071520 secs] [Times: user=0.04 sys=0.00, real=0.01 secs] 
2014-07-16T07:53:22.645+0000: 1477.865: [GC [PSYoungGen: 197868K->880K(193664K)] 481061K->284161K(880640K), 0.0074590 secs] [Times: user=0.06 sys=0.00, real=0.01 secs] 
2014-07-16T07:53:23.369+0000: 1478.589: [GC [PSYoungGen: 193647K->1086K(189760K)] 476928K->284463K(876736K), 0.0056960 secs] [Times: user=0.04 sys=0.01, real=0.00 secs] 
2014-07-16T07:53:24.014+0000: 1479.234: [GC [PSYoungGen: 189720K->872K(185600K)] 473097K->284329K(872576K), 0.0049180 secs] [Times: user=0.02 sys=0.00, real=0.01 secs] 
2014-07-16T07:53:24.691+0000: 1479.911: [GC [PSYoungGen: 185576K->690K(181568K)] 469033K->284226K(868544K), 0.0045730 secs] [Times: user=0.02 sys=0.00, real=0.00 secs] 
2014-07-16T07:53:25.344+0000: 1480.564: [GC [PSYoungGen: 181514K->976K(178176K)] 465050K->284569K(865152K), 0.0056730 secs] [Times: user=0.03 sys=0.00, real=0.01 secs] 
2014-07-16T07:53:26.006+0000: 1481.226: [GC [PSYoungGen: 178128K->940K(174528K)] 461721K->284605K(861504K), 0.0072740 secs] [Times: user=0.04 sys=0.00, real=0.01 secs] 
2014-07-16T07:53:26.642+0000: 1481.862: [GC [PSYoungGen: 174505K->1394K(171520K)] 458170K->285239K(858496K), 0.0061460 secs] [Times: user=0.04 sys=0.00, real=0.01 secs] 
2014-07-16T07:53:27.260+0000: 1482.479: [GC [PSYoungGen: 171506K->1026K(167872K)] 455351K->284935K(854848K), 0.0055360 secs] [Times: user=0.03 sys=0.00, real=0.00 secs] 
2014-07-16T07:53:27.877+0000: 1483.097: [GC [PSYoungGen: 167810K->876K(164416K)] 451719K->284889K(851392K), 0.0034330 secs] [Times: user=0.02 sys=0.00, real=0.00 secs] 
2014-07-16T07:53:28.512+0000: 1483.732: [GC [PSYoungGen: 164396K->1632K(162048K)] 448409K->285717K(849024K), 0.0041440 secs] [Times: user=0.02 sys=0.00, real=0.00 secs] 
2014-07-16T07:53:29.066+0000: 1484.286: [GC [PSYoungGen: 161997K->824K(158144K)] 446082K->285515K(845120K), 0.0057600 secs] [Times: user=0.04 sys=0.00, real=0.01 secs] 
2014-07-16T07:53:29.640+0000: 1484.860: [GC [PSYoungGen: 158093K->1504K(155904K)] 442784K->286323K(842880K), 0.0054890 secs] [Times: user=0.03 sys=0.00, real=0.00 secs] 
2014-07-16T07:53:30.200+0000: 1485.420: [GC [PSYoungGen: 155859K->1072K(152576K)] 440678K->286477K(839552K), 0.0059240 secs] [Times: user=0.04 sys=0.00, real=0.00 secs] 
2014-07-16T07:53:30.749+0000: 1485.969: [GC [PSYoungGen: 152560K->672K(149440K)] 437965K->286141K(836416K), 0.0038800 secs] [Times: user=0.02 sys=0.00, real=0.00 secs] 
2014-07-16T07:53:31.290+0000: 1486.510: [GC [PSYoungGen: 149408K->730K(146816K)] 434877K->286255K(833792K), 0.0065390 secs] [Times: user=0.04 sys=0.00, real=0.00 secs] 
2014-07-16T07:53:31.820+0000: 1487.040: [GC [PSYoungGen: 146778K->762K(176064K)] 432303K->286375K(863040K), 0.0108320 secs] [Times: user=0.06 sys=0.00, real=0.01 secs] 
2014-07-16T07:53:32.468+0000: 1487.688: [GC [PSYoungGen: 176058K->594K(211008K)] 461671K->286287K(897984K), 0.0060140 secs] [Times: user=0.04 sys=0.00, real=0.00 secs] 
2014-07-16T07:53:33.215+0000: 1488.435: [GC [PSYoungGen: 210960K->1330K(253824K)] 496653K->287071K(940800K), 0.0076530 secs] [Times: user=0.05 sys=0.00, real=0.01 secs] 
2014-07-16T07:53:34.147+0000: 1489.367: [GC [PSYoungGen: 253801K->940K(247232K)] 539542K->286745K(934208K), 0.0034960 secs] [Times: user=0.01 sys=0.00, real=0.01 secs] 
2014-07-16T07:53:35.067+0000: 1490.287: [GC [PSYoungGen: 247212K->1004K(241280K)] 533017K->286921K(928256K), 0.0039850 secs] [Times: user=0.02 sys=0.00, real=0.01 secs] 
2014-07-16T07:53:35.937+0000: 1491.157: [GC [PSYoungGen: 241259K->1240K(235776K)] 527176K->287245K(922752K), 0.0069750 secs] [Times: user=0.03 sys=0.00, real=0.01 secs] 
2014-07-16T07:53:36.792+0000: 1492.012: [GC [PSYoungGen: 235736K->1168K(230144K)] 521741K->287261K(917120K), 0.0083170 secs] [Times: user=0.05 sys=0.01, real=0.01 secs] 
2014-07-16T07:53:37.614+0000: 1492.834: [GC [PSYoungGen: 230096K->1068K(224640K)] 516189K->287273K(911616K), 0.0073560 secs] [Times: user=0.05 sys=0.00, real=0.01 secs] 
2014-07-16T07:53:38.514+0000: 1493.734: [GC [PSYoungGen: 224620K->1096K(219520K)] 510825K->287365K(906496K), 0.0102300 secs] [Times: user=0.06 sys=0.00, real=0.01 secs] 
2014-07-16T07:53:39.387+0000: 1494.607: [GC [PSYoungGen: 219433K->1126K(214528K)] 505702K->287483K(901504K), 0.0069300 secs] [Times: user=0.04 sys=0.00, real=0.01 secs] 
2014-07-16T07:53:40.111+0000: 1495.331: [GC [PSYoungGen: 214502K->964K(209600K)] 500859K->287393K(896576K), 0.0043390 secs] [Times: user=0.02 sys=0.00, real=0.00 secs] 
2014-07-16T07:53:40.849+0000: 1496.069: [GC [PSYoungGen: 209540K->1072K(205056K)] 495969K->287581K(892032K), 0.0058960 secs] [Times: user=0.04 sys=0.01, real=0.00 secs] 
2014-07-16T07:53:41.584+0000: 1496.804: [GC [PSYoungGen: 205039K->1344K(200896K)] 491548K->287925K(887872K), 0.0070360 secs] [Times: user=0.05 sys=0.00, real=0.01 secs] 
2014-07-16T07:53:42.322+0000: 1497.542: [GC [PSYoungGen: 200832K->630K(195840K)] 487413K->288077K(882816K), 0.0066590 secs] [Times: user=0.03 sys=0.00, real=0.00 secs] 
2014-07-16T07:53:43.027+0000: 1498.247: [GC [PSYoungGen: 195805K->1128K(192192K)] 483252K->288647K(879168K), 0.0072740 secs] [Times: user=0.03 sys=0.01, real=0.01 secs] 
2014-07-16T07:53:43.765+0000: 1498.985: [GC [PSYoungGen: 192154K->990K(188032K)] 479674K->288685K(875008K), 0.0075790 secs] [Times: user=0.04 sys=0.00, real=0.01 secs] 
2014-07-16T07:53:44.416+0000: 1499.636: [GC [PSYoungGen: 187998K->726K(183872K)] 475693K->288493K(870848K), 0.0042200 secs] [Times: user=0.03 sys=0.01, real=0.01 secs] 
2014-07-16T07:53:45.075+0000: 1500.295: [GC [PSYoungGen: 183830K->594K(179968K)] 471597K->288425K(866944K), 0.0094990 secs] [Times: user=0.05 sys=0.00, real=0.01 secs] 
2014-07-16T07:53:45.730+0000: 1500.950: [GC [PSYoungGen: 179922K->958K(176640K)] 467753K->288861K(863616K), 0.0061590 secs] [Times: user=0.04 sys=0.01, real=0.00 secs] 
2014-07-16T07:53:46.382+0000: 1501.602: [GC [PSYoungGen: 176638K->1100K(173312K)] 464541K->289107K(860288K), 0.0059070 secs] [Times: user=0.04 sys=0.01, real=0.00 secs] 
2014-07-16T07:53:47.006+0000: 1502.226: [GC [PSYoungGen: 173199K->1122K(169920K)] 461206K->289233K(856896K), 0.0061870 secs] [Times: user=0.04 sys=0.00, real=0.01 secs] 
2014-07-16T07:53:47.613+0000: 1502.833: [GC [PSYoungGen: 169875K->944K(203520K)] 457987K->289285K(890496K), 0.0083990 secs] [Times: user=0.05 sys=0.00, real=0.01 secs] 
2014-07-16T07:53:48.363+0000: 1503.583: [GC [PSYoungGen: 203504K->1546K(199744K)] 491845K->289951K(886720K), 0.0060230 secs] [Times: user=0.03 sys=0.00, real=0.00 secs] 
2014-07-16T07:53:49.080+0000: 1504.300: [GC [PSYoungGen: 199690K->694K(194560K)] 488095K->289405K(881536K), 0.0037440 secs] [Times: user=0.02 sys=0.00, real=0.00 secs] 
2014-07-16T07:53:49.789+0000: 1505.009: [GC [PSYoungGen: 194548K->1154K(190912K)] 483259K->289929K(877888K), 0.0044130 secs] [Times: user=0.01 sys=0.00, real=0.01 secs] 
2014-07-16T07:53:50.476+0000: 1505.696: [GC [PSYoungGen: 190850K->1268K(228928K)] 479625K->290455K(915904K), 0.0137920 secs] [Times: user=0.09 sys=0.00, real=0.02 secs] 
2014-07-16T07:53:51.297+0000: 1506.517: [GC [PSYoungGen: 228877K->912K(223296K)] 518064K->290163K(910272K), 0.0034580 secs] [Times: user=0.02 sys=0.00, real=0.01 secs] 
2014-07-16T07:53:52.100+0000: 1507.320: [GC [PSYoungGen: 223248K->1128K(267968K)] 512499K->290563K(954944K), 0.0122180 secs] [Times: user=0.07 sys=0.00, real=0.01 secs] 
2014-07-16T07:53:53.072+0000: 1508.292: [GC [PSYoungGen: 267944K->1468K(261504K)] 557379K->290999K(948480K), 0.0070850 secs] [Times: user=0.04 sys=0.00, real=0.00 secs] 
2014-07-16T07:53:54.064+0000: 1509.284: [GC [PSYoungGen: 261500K->758K(254272K)] 551031K->290647K(941248K), 0.0061450 secs] [Times: user=0.04 sys=0.01, real=0.00 secs] 
2014-07-16T07:53:54.972+0000: 1510.192: [GC [PSYoungGen: 254217K->994K(248256K)] 544107K->290971K(935232K), 0.0065220 secs] [Times: user=0.04 sys=0.00, real=0.00 secs] 
2014-07-16T07:53:55.877+0000: 1511.097: [GC [PSYoungGen: 248226K->448K(241664K)] 538203K->290539K(928640K), 0.0087790 secs] [Times: user=0.05 sys=0.01, real=0.01 secs] 
2014-07-16T07:53:56.790+0000: 1512.010: [GC [PSYoungGen: 241664K->1252K(236672K)] 531755K->291415K(923648K), 0.0087970 secs] [Times: user=0.05 sys=0.00, real=0.01 secs] 
2014-07-16T07:53:57.607+0000: 1512.827: [GC [PSYoungGen: 236644K->1040K(230912K)] 526807K->291299K(917888K), 0.0078680 secs] [Times: user=0.05 sys=0.01, real=0.01 secs] 
2014-07-16T07:53:58.457+0000: 1513.677: [GC [PSYoungGen: 230864K->1286K(225792K)] 521123K->291649K(912768K), 0.0053740 secs] [Times: user=0.03 sys=0.00, real=0.01 secs] 
2014-07-16T07:53:59.291+0000: 1514.511: [GC [PSYoungGen: 225734K->948K(220224K)] 516097K->291785K(907200K), 0.0056940 secs] [Times: user=0.03 sys=0.00, real=0.00 secs] 
2014-07-16T07:54:00.107+0000: 1515.327: [GC [PSYoungGen: 220212K->1424K(264960K)] 511049K->292341K(951936K), 0.0148850 secs] [Times: user=0.10 sys=0.00, real=0.02 secs] 
2014-07-16T07:54:01.050+0000: 1516.270: [GC [PSYoungGen: 264592K->1526K(258112K)] 555509K->292565K(945088K), 0.0046220 secs] [Times: user=0.03 sys=0.00, real=0.01 secs] 
2014-07-16T07:54:01.972+0000: 1517.192: [GC [PSYoungGen: 258035K->1422K(251648K)] 549075K->292549K(938624K), 0.0064830 secs] [Times: user=0.04 sys=0.00, real=0.00 secs] 
2014-07-16T07:54:02.914+0000: 1518.134: [GC [PSYoungGen: 251598K->744K(244800K)] 542725K->292185K(931776K), 0.0070670 secs] [Times: user=0.04 sys=0.00, real=0.00 secs] 
2014-07-16T07:54:03.873+0000: 1519.093: [GC [PSYoungGen: 244776K->1844K(240000K)] 536217K->293365K(926976K), 0.0092770 secs] [Times: user=0.05 sys=0.00, real=0.01 secs] 
2014-07-16T07:54:04.724+0000: 1519.944: [GC [PSYoungGen: 239988K->516K(233024K)] 531509K->292317K(920000K), 0.0086590 secs] [Times: user=0.05 sys=0.00, real=0.01 secs] 
2014-07-16T07:54:05.580+0000: 1520.800: [GC [PSYoungGen: 232964K->876K(227840K)] 524765K->292733K(914816K), 0.0069290 secs] [Times: user=0.04 sys=0.00, real=0.01 secs] 
2014-07-16T07:54:06.417+0000: 1521.637: [GC [PSYoungGen: 227819K->662K(222336K)] 519677K->292559K(909312K), 0.0055670 secs] [Times: user=0.02 sys=0.00, real=0.00 secs] 
2014-07-16T07:54:07.233+0000: 1522.453: [GC [PSYoungGen: 222233K->1190K(217728K)] 514131K->293183K(904704K), 0.0044830 secs] [Times: user=0.02 sys=0.00, real=0.01 secs] 
2014-07-16T07:54:08.008+0000: 1523.228: [GC [PSYoungGen: 217702K->1158K(212800K)] 509695K->293207K(899776K), 0.0078510 secs] [Times: user=0.05 sys=0.00, real=0.01 secs] 
2014-07-16T07:54:08.775+0000: 1523.995: [GC [PSYoungGen: 212742K->1190K(208064K)] 504791K->293296K(895040K), 0.0065610 secs] [Times: user=0.04 sys=0.01, real=0.00 secs] 
2014-07-16T07:54:09.640+0000: 1524.860: [GC [PSYoungGen: 207970K->1276K(203584K)] 500076K->293470K(890560K), 0.0037500 secs] [Times: user=0.02 sys=0.00, real=0.01 secs] 
2014-07-16T07:54:10.366+0000: 1525.586: [GC [PSYoungGen: 203580K->1322K(199232K)] 495774K->293588K(886208K), 0.0048830 secs] [Times: user=0.02 sys=0.01, real=0.00 secs] 
2014-07-16T07:54:11.102+0000: 1526.322: [GC [PSYoungGen: 199210K->826K(194432K)] 491476K->293155K(881408K), 0.0073870 secs] [Times: user=0.03 sys=0.00, real=0.01 secs] 
2014-07-16T07:54:11.807+0000: 1527.027: [GC [PSYoungGen: 194414K->1194K(190720K)] 486744K->293603K(877696K), 0.0068660 secs] [Times: user=0.04 sys=0.00, real=0.01 secs] 
2014-07-16T07:54:12.504+0000: 1527.724: [GC [PSYoungGen: 190613K->890K(186432K)] 483023K->293395K(873408K), 0.0051240 secs] [Times: user=0.03 sys=0.00, real=0.00 secs] 
2014-07-16T07:54:13.161+0000: 1528.381: [GC [PSYoungGen: 186426K->1354K(183104K)] 478931K->293932K(870080K), 0.0076790 secs] [Times: user=0.03 sys=0.01, real=0.01 secs] 
2014-07-16T07:54:13.807+0000: 1529.027: [GC [PSYoungGen: 183011K->580K(218688K)] 475589K->293213K(905664K), 0.0108330 secs] [Times: user=0.06 sys=0.00, real=0.01 secs] 
2014-07-16T07:54:14.676+0000: 1529.896: [GC [PSYoungGen: 218594K->1258K(214336K)] 511227K->293955K(901312K), 0.0036880 secs] [Times: user=0.02 sys=0.01, real=0.00 secs] 
2014-07-16T07:54:15.434+0000: 1530.654: [GC [PSYoungGen: 214314K->890K(209152K)] 507011K->293643K(896128K), 0.0102400 secs] [Times: user=0.06 sys=0.00, real=0.02 secs] 
2014-07-16T07:54:16.202+0000: 1531.422: [GC [PSYoungGen: 209146K->1058K(251008K)] 501899K->293875K(937984K), 0.0083030 secs] [Times: user=0.05 sys=0.01, real=0.01 secs] 
2014-07-16T07:54:17.103+0000: 1532.323: [GC [PSYoungGen: 250265K->1644K(244800K)] 543083K->294518K(931776K), 0.0052290 secs] [Times: user=0.03 sys=0.00, real=0.01 secs] 
2014-07-16T07:54:17.999+0000: 1533.219: [GC [PSYoungGen: 244772K->1008K(238272K)] 537646K->293937K(925248K), 0.0092550 secs] [Times: user=0.05 sys=0.01, real=0.01 secs] 
2014-07-16T07:54:18.875+0000: 1534.095: [GC [PSYoungGen: 238256K->694K(232320K)] 531185K->293687K(919296K), 0.0067350 secs] [Times: user=0.02 sys=0.00, real=0.00 secs] 
2014-07-16T07:54:19.741+0000: 1534.960: [GC [PSYoungGen: 232310K->936K(227136K)] 525303K->294001K(914112K), 0.0064460 secs] [Times: user=0.04 sys=0.00, real=0.01 secs] 
2014-07-16T07:54:20.576+0000: 1535.796: [GC [PSYoungGen: 227112K->1246K(248896K)] 520177K->294367K(935872K), 0.0136830 secs] [Times: user=0.08 sys=0.00, real=0.01 secs] 
2014-07-16T07:54:21.472+0000: 1536.692: [GC [PSYoungGen: 248350K->962K(248896K)] 541471K->294115K(935872K), 0.0100250 secs] [Times: user=0.05 sys=0.00, real=0.01 secs] 
2014-07-16T07:54:22.358+0000: 1537.578: [GC [PSYoungGen: 248039K->758K(241856K)] 541192K->293959K(928832K), 0.0075140 secs] [Times: user=0.04 sys=0.00, real=0.01 secs] 
2014-07-16T07:54:23.219+0000: 1538.439: [GC [PSYoungGen: 241846K->948K(236224K)] 535047K->294206K(923200K), 0.0063200 secs] [Times: user=0.04 sys=0.00, real=0.01 secs] 
2014-07-16T07:54:24.074+0000: 1539.294: [GC [PSYoungGen: 236212K->1318K(231040K)] 529470K->294615K(918016K), 0.0102190 secs] [Times: user=0.05 sys=0.00, real=0.02 secs] 
2014-07-16T07:54:24.898+0000: 1540.118: [GC [PSYoungGen: 230993K->1050K(225408K)] 524291K->294435K(912384K), 0.0062970 secs] [Times: user=0.03 sys=0.00, real=0.00 secs] 
2014-07-16T07:54:25.749+0000: 1540.969: [GC [PSYoungGen: 225349K->1076K(270272K)] 518735K->294896K(957248K), 0.0130730 secs] [Times: user=0.08 sys=0.01, real=0.01 secs] 
2014-07-16T07:54:26.688+0000: 1541.908: [GC [PSYoungGen: 270260K->748K(294976K)] 564080K->294615K(981952K), 0.0093780 secs] [Times: user=0.06 sys=0.01, real=0.01 secs] 
2014-07-16T07:54:27.757+0000: 1542.977: [GC [PSYoungGen: 293932K->872K(286336K)] 587799K->294946K(973312K), 0.0088720 secs] [Times: user=0.05 sys=0.00, real=0.00 secs] 
2014-07-16T07:54:28.805+0000: 1544.025: [GC [PSYoungGen: 286302K->1108K(279104K)] 580376K->295238K(966080K), 0.0034390 secs] [Times: user=0.02 sys=0.01, real=0.01 secs] 
2014-07-16T07:54:29.789+0000: 1545.009: [GC [PSYoungGen: 279022K->1458K(272256K)] 573151K->295734K(959232K), 0.0069070 secs] [Times: user=0.04 sys=0.00, real=0.00 secs] 
2014-07-16T07:54:30.773+0000: 1545.993: [GC [PSYoungGen: 272242K->1300K(265216K)] 566518K->295648K(952192K), 0.0062970 secs] [Times: user=0.04 sys=0.00, real=0.01 secs] 
2014-07-16T07:54:31.812+0000: 1547.032: [GC [PSYoungGen: 265172K->930K(258176K)] 559520K->295522K(945152K), 0.0031920 secs] [Times: user=0.02 sys=0.00, real=0.00 secs] 
2014-07-16T07:54:32.746+0000: 1547.966: [GC [PSYoungGen: 258146K->776K(251648K)] 552738K->295464K(938624K), 0.0036590 secs] [Times: user=0.02 sys=0.01, real=0.01 secs] 
2014-07-16T07:54:33.666+0000: 1548.886: [GC [PSYoungGen: 251592K->1062K(245760K)] 546280K->295882K(932736K), 0.0074920 secs] [Times: user=0.03 sys=0.00, real=0.01 secs] 
2014-07-16T07:54:34.551+0000: 1549.771: [GC [PSYoungGen: 245734K->1104K(239872K)] 540554K->296020K(926848K), 0.0066850 secs] [Times: user=0.05 sys=0.00, real=0.01 secs] 
2014-07-16T07:54:35.410+0000: 1550.630: [GC [PSYoungGen: 239824K->904K(233984K)] 534740K->295892K(920960K), 0.0055420 secs] [Times: user=0.02 sys=0.00, real=0.00 secs] 
2014-07-16T07:54:36.250+0000: 1551.470: [GC [PSYoungGen: 233914K->1076K(228608K)] 528902K->296152K(915584K), 0.0072700 secs] [Times: user=0.04 sys=0.00, real=0.01 secs] 
2014-07-16T07:54:37.079+0000: 1552.299: [GC [PSYoungGen: 228596K->808K(223040K)] 523672K->295940K(910016K), 0.0079530 secs] [Times: user=0.05 sys=0.00, real=0.01 secs] 
2014-07-16T07:54:37.885+0000: 1553.104: [GC [PSYoungGen: 223016K->1258K(218368K)] 518148K->296470K(905344K), 0.0058690 secs] [Times: user=0.04 sys=0.00, real=0.01 secs] 
2014-07-16T07:54:38.663+0000: 1553.883: [GC [PSYoungGen: 218346K->972K(213184K)] 513558K->296232K(900160K), 0.0129190 secs] [Times: user=0.06 sys=0.01, real=0.01 secs] 
2014-07-16T07:54:39.566+0000: 1554.786: [GC [PSYoungGen: 213088K->1232K(208704K)] 508348K->296556K(895680K), 0.0067900 secs] [Times: user=0.03 sys=0.01, real=0.01 secs] 
2014-07-16T07:54:40.187+0000: 1555.407: [GC [PSYoungGen: 208656K->758K(203584K)] 503980K->296162K(890560K), 0.0034720 secs] [Times: user=0.02 sys=0.00, real=0.01 secs] 
2014-07-16T07:54:40.954+0000: 1556.174: [GC [PSYoungGen: 203560K->1332K(199744K)] 498964K->296816K(886720K), 0.0080440 secs] [Times: user=0.05 sys=0.00, real=0.01 secs] 
2014-07-16T07:54:41.664+0000: 1556.884: [GC [PSYoungGen: 199732K->1054K(195200K)] 495216K->296642K(882176K), 0.0072030 secs] [Times: user=0.05 sys=0.00, real=0.01 secs] 
2014-07-16T07:54:42.403+0000: 1557.623: [GC [PSYoungGen: 195166K->958K(190912K)] 490754K->296610K(877888K), 0.0085650 secs] [Times: user=0.05 sys=0.00, real=0.01 secs] 
2014-07-16T07:54:43.085+0000: 1558.305: [GC [PSYoungGen: 190910K->822K(228800K)] 486562K->296538K(915776K), 0.0096930 secs] [Times: user=0.05 sys=0.00, real=0.01 secs] 
2014-07-16T07:54:43.917+0000: 1559.137: [GC [PSYoungGen: 228747K->1350K(224064K)] 524463K->297154K(911040K), 0.0045110 secs] [Times: user=0.03 sys=0.00, real=0.01 secs] 
2014-07-16T07:54:44.755+0000: 1559.975: [GC [PSYoungGen: 224006K->894K(218432K)] 519810K->296762K(905408K), 0.0048490 secs] [Times: user=0.03 sys=0.00, real=0.01 secs] 
2014-07-16T07:54:45.531+0000: 1560.751: [GC [PSYoungGen: 218430K->1354K(214016K)] 514298K->297286K(900992K), 0.0048880 secs] [Times: user=0.02 sys=0.00, real=0.00 secs] 
2014-07-16T07:54:46.304+0000: 1561.524: [GC [PSYoungGen: 213961K->712K(208576K)] 509893K->296684K(895552K), 0.0092520 secs] [Times: user=0.05 sys=0.00, real=0.01 secs] 
2014-07-16T07:54:47.059+0000: 1562.279: [GC [PSYoungGen: 208520K->758K(203968K)] 504492K->296802K(890944K), 0.0074180 secs] [Times: user=0.05 sys=0.01, real=0.01 secs] 
2014-07-16T07:54:47.777+0000: 1562.997: [GC [PSYoungGen: 203937K->836K(199680K)] 499981K->296952K(886656K), 0.0042940 secs] [Times: user=0.02 sys=0.00, real=0.01 secs] 
2014-07-16T07:54:48.506+0000: 1563.726: [GC [PSYoungGen: 199619K->944K(195456K)] 495735K->297132K(882432K), 0.0077480 secs] [Times: user=0.04 sys=0.00, real=0.01 secs] 
2014-07-16T07:54:49.196+0000: 1564.416: [GC [PSYoungGen: 195414K->1326K(191680K)] 491602K->297570K(878656K), 0.0079760 secs] [Times: user=0.05 sys=0.01, real=0.01 secs] 
2014-07-16T07:54:49.952+0000: 1565.172: [GC [PSYoungGen: 191662K->1054K(187392K)] 487906K->297386K(874368K), 0.0066490 secs] [Times: user=0.04 sys=0.00, real=0.01 secs] 
2014-07-16T07:54:50.603+0000: 1565.823: [GC [PSYoungGen: 187328K->952K(183360K)] 483660K->297596K(870336K), 0.0072170 secs] [Times: user=0.04 sys=0.00, real=0.01 secs] 
2014-07-16T07:54:51.276+0000: 1566.496: [GC [PSYoungGen: 183352K->944K(179584K)] 479996K->297628K(866560K), 0.0043940 secs] [Times: user=0.02 sys=0.00, real=0.01 secs] 
2014-07-16T07:54:51.937+0000: 1567.157: [GC [PSYoungGen: 179568K->1218K(176256K)] 476252K->297982K(863232K), 0.0082310 secs] [Times: user=0.04 sys=0.00, real=0.01 secs] 
2014-07-16T07:54:52.654+0000: 1567.874: [GC [PSYoungGen: 176194K->1590K(211584K)] 472958K->298640K(898560K), 0.0204320 secs] [Times: user=0.12 sys=0.00, real=0.02 secs] 
2014-07-16T07:54:53.362+0000: 1568.582: [GC [PSYoungGen: 211543K->374K(252416K)] 508593K->298014K(939392K), 0.0064960 secs] [Times: user=0.04 sys=0.01, real=0.00 secs] 
2014-07-16T07:54:54.270+0000: 1569.490: [GC [PSYoungGen: 252364K->1776K(304256K)] 550004K->299712K(991232K), 0.0046860 secs] [Times: user=0.02 sys=0.00, real=0.01 secs] 
2014-07-16T07:54:55.383+0000: 1570.603: [GC [PSYoungGen: 304240K->1090K(295488K)] 602176K->299330K(982464K), 0.0073430 secs] [Times: user=0.03 sys=0.00, real=0.01 secs] 
2014-07-16T07:54:56.460+0000: 1571.680: [GC [PSYoungGen: 295426K->1750K(288320K)] 593666K->300070K(975296K), 0.0087720 secs] [Times: user=0.05 sys=0.00, real=0.00 secs] 
2014-07-16T07:54:57.503+0000: 1572.723: [GC [PSYoungGen: 288238K->1068K(280128K)] 586559K->299484K(967104K), 0.0054370 secs] [Times: user=0.04 sys=0.00, real=0.00 secs] 
2014-07-16T07:54:58.511+0000: 1573.731: [GC [PSYoungGen: 280108K->858K(272704K)] 578524K->299354K(959680K), 0.0084380 secs] [Times: user=0.03 sys=0.00, real=0.00 secs] 
2014-07-16T07:54:59.493+0000: 1574.713: [GC [PSYoungGen: 272666K->1058K(265984K)] 571162K->299626K(952960K), 0.0044350 secs] [Times: user=0.02 sys=0.01, real=0.00 secs] 
2014-07-16T07:55:00.529+0000: 1575.749: [GC [PSYoungGen: 265855K->1272K(259520K)] 564424K->299896K(946496K), 0.0112740 secs] [Times: user=0.07 sys=0.00, real=0.01 secs] 
2014-07-16T07:55:01.470+0000: 1576.690: [GC [PSYoungGen: 259512K->758K(252608K)] 558136K->299430K(939584K), 0.0080390 secs] [Times: user=0.05 sys=0.01, real=0.01 secs] 
2014-07-16T07:55:02.449+0000: 1577.669: [GC [PSYoungGen: 252598K->964K(246656K)] 551270K->299692K(933632K), 0.0091380 secs] [Times: user=0.05 sys=0.00, real=0.01 secs] 
2014-07-16T07:55:03.340+0000: 1578.560: [GC [PSYoungGen: 246560K->1104K(240832K)] 545289K->299912K(927808K), 0.0071590 secs] [Times: user=0.05 sys=0.00, real=0.01 secs] 
2014-07-16T07:55:04.194+0000: 1579.414: [GC [PSYoungGen: 240715K->1344K(235328K)] 539523K->300200K(922304K), 0.0070830 secs] [Times: user=0.04 sys=0.00, real=0.01 secs] 
2014-07-16T07:55:05.131+0000: 1580.351: [GC [PSYoungGen: 235264K->826K(229248K)] 534120K->299754K(916224K), 0.0097140 secs] [Times: user=0.05 sys=0.00, real=0.01 secs] 
2014-07-16T07:55:05.939+0000: 1581.159: [GC [PSYoungGen: 229242K->1200K(275328K)] 528170K->300168K(962304K), 0.0138130 secs] [Times: user=0.08 sys=0.01, real=0.02 secs] 
2014-07-16T07:55:06.935+0000: 1582.155: [GC [PSYoungGen: 275296K->1080K(268160K)] 574264K->300096K(955136K), 0.0062110 secs] [Times: user=0.03 sys=0.00, real=0.00 secs] 
2014-07-16T07:55:07.897+0000: 1583.117: [GC [PSYoungGen: 268152K->762K(261056K)] 567168K->299834K(948032K), 0.0070640 secs] [Times: user=0.05 sys=0.00, real=0.01 secs] 
2014-07-16T07:55:08.860+0000: 1584.080: [GC [PSYoungGen: 261050K->822K(254592K)] 560122K->299958K(941568K), 0.0046240 secs] [Times: user=0.01 sys=0.00, real=0.01 secs] 
2014-07-16T07:55:09.800+0000: 1585.020: [GC [PSYoungGen: 254582K->676K(248192K)] 553718K->299892K(935168K), 0.0046130 secs] [Times: user=0.02 sys=0.00, real=0.01 secs] 
2014-07-16T07:55:10.787+0000: 1586.007: [GC [PSYoungGen: 248164K->676K(242176K)] 547380K->299940K(929152K), 0.0079960 secs] [Times: user=0.04 sys=0.00, real=0.01 secs] 
2014-07-16T07:55:11.661+0000: 1586.881: [GC [PSYoungGen: 242148K->1486K(237184K)] 541412K->300806K(924160K), 0.0133360 secs] [Times: user=0.09 sys=0.00, real=0.02 secs] 
2014-07-16T07:55:12.516+0000: 1587.735: [GC [PSYoungGen: 237134K->862K(283712K)] 536454K->300222K(970688K), 0.0112070 secs] [Times: user=0.06 sys=0.00, real=0.01 secs] 
2014-07-16T07:55:13.566+0000: 1588.786: [GC [PSYoungGen: 283670K->1394K(276864K)] 583031K->300794K(963840K), 0.0100950 secs] [Times: user=0.05 sys=0.01, real=0.01 secs] 
2014-07-16T07:55:14.614+0000: 1589.834: [GC [PSYoungGen: 276850K->644K(269056K)] 576250K->300100K(956032K), 0.0063370 secs] [Times: user=0.03 sys=0.00, real=0.00 secs] 
2014-07-16T07:55:15.673+0000: 1590.893: [GC [PSYoungGen: 268996K->836K(262464K)] 568452K->300388K(949440K), 0.0058660 secs] [Times: user=0.03 sys=0.00, real=0.00 secs] 
2014-07-16T07:55:16.617+0000: 1591.837: [GC [PSYoungGen: 262404K->1396K(256448K)] 561956K->301044K(943424K), 0.0108510 secs] [Times: user=0.07 sys=0.00, real=0.01 secs] 
2014-07-16T07:55:17.544+0000: 1592.764: [GC [PSYoungGen: 256436K->708K(249472K)] 556084K->300412K(936448K), 0.0042700 secs] [Times: user=0.02 sys=0.00, real=0.00 secs] 
2014-07-16T07:55:18.453+0000: 1593.673: [GC [PSYoungGen: 249412K->894K(243520K)] 549116K->300654K(930496K), 0.0059870 secs] [Times: user=0.04 sys=0.00, real=0.00 secs] 
2014-07-16T07:55:19.337+0000: 1594.557: [GC [PSYoungGen: 243518K->1782K(238592K)] 543278K->301672K(925568K), 0.0076660 secs] [Times: user=0.05 sys=0.00, real=0.01 secs] 
2014-07-16T07:55:20.286+0000: 1595.506: [GC [PSYoungGen: 238582K->952K(232128K)] 538472K->301600K(919104K), 0.0086690 secs] [Times: user=0.05 sys=0.00, real=0.01 secs] 
2014-07-16T07:55:21.077+0000: 1596.297: [GC [PSYoungGen: 232120K->1040K(226816K)] 532768K->301728K(913792K), 0.0060090 secs] [Times: user=0.01 sys=0.00, real=0.00 secs] 
2014-07-16T07:55:21.901+0000: 1597.121: [GC [PSYoungGen: 226768K->640K(221120K)] 527456K->301798K(908096K), 0.0046060 secs] [Times: user=0.02 sys=0.00, real=0.01 secs] 
2014-07-16T07:55:22.718+0000: 1597.938: [GC [PSYoungGen: 221120K->858K(216320K)] 522278K->302072K(903296K), 0.0085700 secs] [Times: user=0.05 sys=0.00, real=0.01 secs] 
2014-07-16T07:55:23.506+0000: 1598.726: [GC [PSYoungGen: 216282K->708K(211328K)] 517496K->301978K(898304K), 0.0044540 secs] [Times: user=0.02 sys=0.00, real=0.00 secs] 
2014-07-16T07:55:24.246+0000: 1599.466: [GC [PSYoungGen: 211268K->448K(206336K)] 512538K->301774K(893312K), 0.0036110 secs] [Times: user=0.02 sys=0.00, real=0.00 secs] 
2014-07-16T07:55:24.989+0000: 1600.209: [GC [PSYoungGen: 206336K->722K(202112K)] 507662K->302128K(889088K), 0.0044190 secs] [Times: user=0.03 sys=0.00, real=0.00 secs] 
2014-07-16T07:55:25.733+0000: 1600.953: [GC [PSYoungGen: 202020K->1390K(198400K)] 503427K->302884K(885376K), 0.0050100 secs] [Times: user=0.03 sys=0.00, real=0.01 secs] 
2014-07-16T07:55:26.458+0000: 1601.678: [GC [PSYoungGen: 198366K->1040K(193856K)] 499860K->302590K(880832K), 0.0087060 secs] [Times: user=0.05 sys=0.00, real=0.01 secs] 
2014-07-16T07:55:27.167+0000: 1602.387: [GC [PSYoungGen: 193808K->908K(189632K)] 495358K->302522K(876608K), 0.0092280 secs] [Times: user=0.06 sys=0.00, real=0.01 secs] 
2014-07-16T07:55:27.852+0000: 1603.072: [GC [PSYoungGen: 189580K->1176K(227648K)] 491194K->302846K(914624K), 0.0122180 secs] [Times: user=0.07 sys=0.00, real=0.01 secs] 
2014-07-16T07:55:28.662+0000: 1603.882: [GC [PSYoungGen: 227580K->1040K(272832K)] 529251K->302798K(959808K), 0.0070600 secs] [Times: user=0.04 sys=0.00, real=0.01 secs] 
2014-07-16T07:55:29.666+0000: 1604.886: [GC [PSYoungGen: 272784K->772K(274944K)] 574542K->302610K(961920K), 0.0107050 secs] [Times: user=0.06 sys=0.00, real=0.01 secs] 
2014-07-16T07:55:30.669+0000: 1605.889: [GC [PSYoungGen: 274244K->608K(267136K)] 576082K->302502K(954112K), 0.0046730 secs] [Times: user=0.02 sys=0.01, real=0.00 secs] 
2014-07-16T07:55:31.639+0000: 1606.859: [GC [PSYoungGen: 267079K->1068K(260864K)] 568974K->303074K(947840K), 0.0081430 secs] [Times: user=0.06 sys=0.00, real=0.01 secs] 
2014-07-16T07:55:32.565+0000: 1607.785: [GC [PSYoungGen: 260844K->1458K(254784K)] 562850K->303544K(941760K), 0.0066180 secs] [Times: user=0.04 sys=0.00, real=0.01 secs] 
2014-07-16T07:55:33.526+0000: 1608.746: [GC [PSYoungGen: 254760K->930K(248000K)] 556847K->303308K(934976K), 0.0048120 secs] [Times: user=0.02 sys=0.00, real=0.00 secs] 
2014-07-16T07:55:34.409+0000: 1609.629: [GC [PSYoungGen: 247970K->1118K(242176K)] 550348K->303592K(929152K), 0.0104670 secs] [Times: user=0.06 sys=0.00, real=0.01 secs] 
2014-07-16T07:55:35.259+0000: 1610.479: [GC [PSYoungGen: 242142K->1504K(236800K)] 544616K->304316K(923776K), 0.0036140 secs] [Times: user=0.02 sys=0.00, real=0.00 secs] 
2014-07-16T07:55:36.105+0000: 1611.325: [GC [PSYoungGen: 236768K->1108K(230848K)] 539580K->303984K(917824K), 0.0033850 secs] [Times: user=0.02 sys=0.00, real=0.01 secs] 
2014-07-16T07:55:36.947+0000: 1612.167: [GC [PSYoungGen: 230804K->1072K(225408K)] 533680K->304052K(912384K), 0.0049580 secs] [Times: user=0.02 sys=0.00, real=0.00 secs] 
2014-07-16T07:55:37.771+0000: 1612.991: [GC [PSYoungGen: 225392K->1108K(220288K)] 528372K->304176K(907264K), 0.0072460 secs] [Times: user=0.04 sys=0.00, real=0.01 secs] 
2014-07-16T07:55:38.573+0000: 1613.793: [GC [PSYoungGen: 220244K->982K(215168K)] 523312K->304106K(902144K), 0.0054550 secs] [Times: user=0.02 sys=0.00, real=0.01 secs] 
2014-07-16T07:55:39.356+0000: 1614.576: [GC [PSYoungGen: 215126K->612K(209984K)] 518250K->303808K(896960K), 0.0070010 secs] [Times: user=0.04 sys=0.00, real=0.01 secs] 
2014-07-16T07:55:40.121+0000: 1615.341: [GC [PSYoungGen: 209928K->1240K(205952K)] 513125K->304524K(892928K), 0.0036050 secs] [Times: user=0.02 sys=0.00, real=0.00 secs] 
2014-07-16T07:55:40.851+0000: 1616.071: [GC [PSYoungGen: 205912K->776K(201024K)] 509196K->304124K(888000K), 0.0066810 secs] [Times: user=0.04 sys=0.00, real=0.01 secs] 
2014-07-16T07:55:41.584+0000: 1616.804: [GC [PSYoungGen: 200951K->1132K(196992K)] 504300K->304584K(883968K), 0.0060660 secs] [Times: user=0.03 sys=0.00, real=0.01 secs] 
2014-07-16T07:55:42.311+0000: 1617.531: [GC [PSYoungGen: 196972K->886K(192512K)] 500424K->304426K(879488K), 0.0058550 secs] [Times: user=0.03 sys=0.00, real=0.00 secs] 
2014-07-16T07:55:43.031+0000: 1618.251: [GC [PSYoungGen: 192502K->1272K(188864K)] 496042K->304900K(875840K), 0.0052780 secs] [Times: user=0.04 sys=0.00, real=0.00 secs] 
2014-07-16T07:55:43.731+0000: 1618.951: [GC [PSYoungGen: 188834K->1290K(185024K)] 492462K->304974K(872000K), 0.0051540 secs] [Times: user=0.02 sys=0.01, real=0.00 secs] 
2014-07-16T07:55:44.373+0000: 1619.593: [GC [PSYoungGen: 184970K->758K(180672K)] 488654K->304546K(867648K), 0.0062210 secs] [Times: user=0.03 sys=0.00, real=0.01 secs] 
2014-07-16T07:55:45.038+0000: 1620.258: [GC [PSYoungGen: 180662K->1072K(177344K)] 484450K->304940K(864320K), 0.0056110 secs] [Times: user=0.03 sys=0.00, real=0.00 secs] 
2014-07-16T07:55:45.756+0000: 1620.976: [GC [PSYoungGen: 177279K->922K(173696K)] 481148K->304870K(860672K), 0.0034810 secs] [Times: user=0.01 sys=0.00, real=0.01 secs] 
2014-07-16T07:55:46.337+0000: 1621.557: [GC [PSYoungGen: 173658K->754K(170048K)] 477606K->304758K(857024K), 0.0034650 secs] [Times: user=0.02 sys=0.00, real=0.01 secs] 
2014-07-16T07:55:46.964+0000: 1622.184: [GC [PSYoungGen: 170034K->662K(166656K)] 474038K->304738K(853632K), 0.0077980 secs] [Times: user=0.04 sys=0.00, real=0.01 secs] 
2014-07-16T07:55:47.550+0000: 1622.770: [GC [PSYoungGen: 166614K->944K(163712K)] 470690K->305068K(850688K), 0.0070210 secs] [Times: user=0.02 sys=0.01, real=0.00 secs] 
2014-07-16T07:55:48.147+0000: 1623.367: [GC [PSYoungGen: 163648K->1176K(160832K)] 467772K->305364K(847808K), 0.0037970 secs] [Times: user=0.02 sys=0.00, real=0.01 secs] 
2014-07-16T07:55:48.746+0000: 1623.966: [GC [PSYoungGen: 160792K->722K(157376K)] 464980K->304990K(844352K), 0.0046830 secs] [Times: user=0.02 sys=0.00, real=0.01 secs] 
2014-07-16T07:55:49.325+0000: 1624.545: [GC [PSYoungGen: 157330K->1040K(154752K)] 461598K->305372K(841728K), 0.0048010 secs] [Times: user=0.02 sys=0.00, real=0.01 secs] 
2014-07-16T07:55:49.890+0000: 1625.110: [GC [PSYoungGen: 154704K->826K(185280K)] 459036K->305206K(872256K), 0.0119130 secs] [Times: user=0.07 sys=0.01, real=0.01 secs] 
2014-07-16T07:55:50.617+0000: 1625.837: [GC [PSYoungGen: 185274K->1214K(222592K)] 489654K->306068K(909568K), 0.0060580 secs] [Times: user=0.04 sys=0.00, real=0.01 secs] 
2014-07-16T07:55:51.381+0000: 1626.601: [GC [PSYoungGen: 222590K->1236K(217600K)] 527444K->306154K(904576K), 0.0040740 secs] [Times: user=0.02 sys=0.00, real=0.00 secs] 
2014-07-16T07:55:52.152+0000: 1627.372: [GC [PSYoungGen: 217556K->594K(212032K)] 522474K->305708K(899008K), 0.0052150 secs] [Times: user=0.02 sys=0.00, real=0.00 secs] 
2014-07-16T07:55:52.920+0000: 1628.140: [GC [PSYoungGen: 211986K->790K(207488K)] 517100K->305976K(894464K), 0.0075440 secs] [Times: user=0.04 sys=0.00, real=0.00 secs] 
2014-07-16T07:55:53.670+0000: 1628.890: [GC [PSYoungGen: 207446K->922K(203072K)] 512632K->306172K(890048K), 0.0065750 secs] [Times: user=0.04 sys=0.00, real=0.00 secs] 
2014-07-16T07:55:54.429+0000: 1629.649: [GC [PSYoungGen: 202989K->1254K(198976K)] 508239K->306585K(885952K), 0.0051410 secs] [Times: user=0.03 sys=0.00, real=0.01 secs] 
2014-07-16T07:55:55.121+0000: 1630.341: [GC [PSYoungGen: 198950K->736K(194176K)] 504281K->306146K(881152K), 0.0070580 secs] [Times: user=0.04 sys=0.00, real=0.00 secs] 
2014-07-16T07:55:55.867+0000: 1631.087: [GC [PSYoungGen: 194126K->890K(190208K)] 499536K->306356K(877184K), 0.0059580 secs] [Times: user=0.04 sys=0.00, real=0.01 secs] 
2014-07-16T07:55:56.531+0000: 1631.751: [GC [PSYoungGen: 190202K->1414K(228672K)] 495668K->306952K(915648K), 0.0116990 secs] [Times: user=0.07 sys=0.00, real=0.01 secs] 
2014-07-16T07:55:57.370+0000: 1632.590: [GC [PSYoungGen: 228576K->890K(222784K)] 534115K->306508K(909760K), 0.0064950 secs] [Times: user=0.04 sys=0.00, real=0.00 secs] 
2014-07-16T07:55:58.178+0000: 1633.398: [GC [PSYoungGen: 222778K->926K(217728K)] 528396K->306608K(904704K), 0.0065200 secs] [Times: user=0.04 sys=0.00, real=0.01 secs] 
2014-07-16T07:55:58.973+0000: 1634.193: [GC [PSYoungGen: 217693K->730K(212608K)] 523376K->306500K(899584K), 0.0043880 secs] [Times: user=0.03 sys=0.01, real=0.00 secs] 
2014-07-16T07:55:59.779+0000: 1634.999: [GC [PSYoungGen: 212536K->1124K(250176K)] 518307K->306974K(937152K), 0.0134350 secs] [Times: user=0.08 sys=0.00, real=0.02 secs] 
2014-07-16T07:56:00.659+0000: 1635.879: [GC [PSYoungGen: 249756K->1158K(243776K)] 555607K->307081K(930752K), 0.0062700 secs] [Times: user=0.04 sys=0.00, real=0.01 secs] 
2014-07-16T07:56:01.559+0000: 1636.779: [GC [PSYoungGen: 243718K->420K(237184K)] 549641K->306520K(924160K), 0.0028840 secs] [Times: user=0.02 sys=0.00, real=0.01 secs] 
2014-07-16T07:56:02.439+0000: 1637.659: [GC [PSYoungGen: 237145K->1550K(232704K)] 543246K->307897K(919680K), 0.0040470 secs] [Times: user=0.02 sys=0.00, real=0.01 secs] 
2014-07-16T07:56:03.266+0000: 1638.486: [GC [PSYoungGen: 232654K->1026K(226752K)] 539001K->307637K(913728K), 0.0084290 secs] [Times: user=0.05 sys=0.00, real=0.01 secs] 
2014-07-16T07:56:04.083+0000: 1639.303: [GC [PSYoungGen: 226672K->1064K(221504K)] 533283K->307747K(908480K), 0.0040650 secs] [Times: user=0.02 sys=0.00, real=0.00 secs] 
2014-07-16T07:56:04.941+0000: 1640.161: [GC [PSYoungGen: 221478K->1340K(216704K)] 528161K->308175K(903680K), 0.0070230 secs] [Times: user=0.04 sys=0.00, real=0.00 secs] 
2014-07-16T07:56:05.681+0000: 1640.901: [GC [PSYoungGen: 216700K->1358K(211904K)] 523535K->308281K(898880K), 0.0058180 secs] [Times: user=0.03 sys=0.00, real=0.00 secs] 
2014-07-16T07:56:06.492+0000: 1641.712: [GC [PSYoungGen: 211838K->888K(206720K)] 518760K->308177K(893696K), 0.0066260 secs] [Times: user=0.04 sys=0.00, real=0.00 secs] 
2014-07-16T07:56:07.232+0000: 1642.452: [GC [PSYoungGen: 206712K->872K(202176K)] 514001K->308233K(889152K), 0.0047460 secs] [Times: user=0.02 sys=0.00, real=0.00 secs] 
2014-07-16T07:56:07.960+0000: 1643.180: [GC [PSYoungGen: 202114K->986K(197952K)] 509475K->308577K(884928K), 0.0067220 secs] [Times: user=0.04 sys=0.00, real=0.01 secs] 
2014-07-16T07:56:08.682+0000: 1643.902: [GC [PSYoungGen: 197890K->844K(193600K)] 505481K->308491K(880576K), 0.0095490 secs] [Times: user=0.06 sys=0.00, real=0.01 secs] 
2014-07-16T07:56:09.395+0000: 1644.615: [GC [PSYoungGen: 193548K->768K(189376K)] 501195K->308495K(876352K), 0.0079010 secs] [Times: user=0.05 sys=0.00, real=0.01 secs] 
2014-07-16T07:56:10.080+0000: 1645.300: [GC [PSYoungGen: 189376K->922K(185600K)] 497103K->308713K(872576K), 0.0060800 secs] [Times: user=0.04 sys=0.00, real=0.01 secs] 
2014-07-16T07:56:10.749+0000: 1645.969: [GC [PSYoungGen: 185495K->1154K(182016K)] 493286K->309033K(868992K), 0.0075290 secs] [Times: user=0.05 sys=0.00, real=0.01 secs] 
2014-07-16T07:56:11.441+0000: 1646.661: [GC [PSYoungGen: 181954K->1086K(178176K)] 489833K->309053K(865152K), 0.0063720 secs] [Times: user=0.04 sys=0.01, real=0.01 secs] 
2014-07-16T07:56:12.078+0000: 1647.298: [GC [PSYoungGen: 178174K->644K(213248K)] 486141K->308667K(900224K), 0.0079000 secs] [Times: user=0.05 sys=0.00, real=0.01 secs] 
2014-07-16T07:56:12.844+0000: 1648.064: [GC [PSYoungGen: 213131K->1390K(209152K)] 521154K->309509K(896128K), 0.0061200 secs] [Times: user=0.03 sys=0.00, real=0.00 secs] 
2014-07-16T07:56:13.600+0000: 1648.820: [GC [PSYoungGen: 209134K->626K(203776K)] 517253K->308825K(890752K), 0.0083620 secs] [Times: user=0.05 sys=0.00, real=0.01 secs] 
2014-07-16T07:56:14.354+0000: 1649.574: [GC [PSYoungGen: 203762K->676K(199424K)] 511961K->308955K(886400K), 0.0049440 secs] [Times: user=0.03 sys=0.00, real=0.00 secs] 
2014-07-16T07:56:15.083+0000: 1650.303: [GC [PSYoungGen: 199394K->626K(195072K)] 507673K->308977K(882048K), 0.0070170 secs] [Times: user=0.05 sys=0.00, real=0.00 secs] 
2014-07-16T07:56:15.791+0000: 1651.011: [GC [PSYoungGen: 195058K->1608K(191936K)] 503409K->310039K(878912K), 0.0059000 secs] [Times: user=0.04 sys=0.00, real=0.01 secs] 
2014-07-16T07:56:16.548+0000: 1651.768: [GC [PSYoungGen: 191877K->1080K(187328K)] 500308K->309721K(874304K), 0.0036790 secs] [Times: user=0.02 sys=0.00, real=0.01 secs] 
2014-07-16T07:56:17.231+0000: 1652.451: [GC [PSYoungGen: 187320K->954K(224448K)] 495961K->309725K(911424K), 0.0122880 secs] [Times: user=0.06 sys=0.00, real=0.02 secs] 
2014-07-16T07:56:18.029+0000: 1653.249: [GC [PSYoungGen: 224442K->1286K(235200K)] 533213K->310097K(922176K), 0.0122740 secs] [Times: user=0.06 sys=0.00, real=0.01 secs] 
2014-07-16T07:56:18.863+0000: 1654.083: [GC [PSYoungGen: 234734K->1404K(235328K)] 543545K->310319K(922304K), 0.0064970 secs] [Times: user=0.04 sys=0.01, real=0.00 secs] 
2014-07-16T07:56:19.713+0000: 1654.933: [GC [PSYoungGen: 234868K->1330K(229312K)] 543783K->310293K(916288K), 0.0039880 secs] [Times: user=0.02 sys=0.01, real=0.00 secs] 
2014-07-16T07:56:20.546+0000: 1655.766: [GC [PSYoungGen: 229298K->658K(223360K)] 538261K->309709K(910336K), 0.0092780 secs] [Times: user=0.05 sys=0.00, real=0.01 secs] 
2014-07-16T07:56:21.398+0000: 1656.618: [GC [PSYoungGen: 223314K->972K(218560K)] 532365K->310103K(905536K), 0.0086070 secs] [Times: user=0.05 sys=0.01, real=0.01 secs] 
2014-07-16T07:56:22.218+0000: 1657.438: [GC [PSYoungGen: 218508K->1094K(213760K)] 527639K->310289K(900736K), 0.0041310 secs] [Times: user=0.02 sys=0.00, real=0.00 secs] 
2014-07-16T07:56:22.993+0000: 1658.213: [GC [PSYoungGen: 213702K->1344K(209216K)] 522897K->310603K(896192K), 0.0082490 secs] [Times: user=0.06 sys=0.00, real=0.00 secs] 
2014-07-16T07:56:23.755+0000: 1658.975: [GC [PSYoungGen: 209152K->1190K(204416K)] 518411K->310537K(891392K), 0.0083800 secs] [Times: user=0.05 sys=0.00, real=0.01 secs] 
2014-07-16T07:56:24.497+0000: 1659.717: [GC [PSYoungGen: 204390K->886K(199680K)] 513737K->310305K(886656K), 0.0051800 secs] [Times: user=0.03 sys=0.00, real=0.00 secs] 
2014-07-16T07:56:25.225+0000: 1660.445: [GC [PSYoungGen: 199670K->872K(195392K)] 509089K->310379K(882368K), 0.0059100 secs] [Times: user=0.02 sys=0.00, real=0.00 secs] 
2014-07-16T07:56:25.934+0000: 1661.154: [GC [PSYoungGen: 195338K->1082K(191424K)] 504845K->310669K(878400K), 0.0059020 secs] [Times: user=0.04 sys=0.00, real=0.00 secs] 
2014-07-16T07:56:26.652+0000: 1661.872: [GC [PSYoungGen: 191418K->676K(187008K)] 501005K->310335K(873984K), 0.0074780 secs] [Times: user=0.05 sys=0.00, real=0.01 secs] 
2014-07-16T07:56:27.331+0000: 1662.551: [GC [PSYoungGen: 186978K->1126K(183552K)] 496637K->310857K(870528K), 0.0057980 secs] [Times: user=0.04 sys=0.00, real=0.01 secs] 
2014-07-16T07:56:27.996+0000: 1663.216: [GC [PSYoungGen: 183520K->930K(219840K)] 493252K->310701K(906816K), 0.0119530 secs] [Times: user=0.07 sys=0.00, real=0.01 secs] 
2014-07-16T07:56:28.796+0000: 1664.016: [GC [PSYoungGen: 219810K->922K(263616K)] 529581K->310765K(950592K), 0.0099050 secs] [Times: user=0.07 sys=0.00, real=0.01 secs] 
2014-07-16T07:56:29.757+0000: 1664.977: [GC [PSYoungGen: 263578K->1532K(272768K)] 573421K->311447K(959744K), 0.0092490 secs] [Times: user=0.06 sys=0.00, real=0.01 secs] 
2014-07-16T07:56:30.761+0000: 1665.981: [GC [PSYoungGen: 272700K->658K(316928K)] 582615K->310645K(1003904K), 0.0119460 secs] [Times: user=0.06 sys=0.00, real=0.01 secs] 
2014-07-16T07:56:31.920+0000: 1667.139: [GC [PSYoungGen: 315858K->1558K(316928K)] 625845K->311601K(1003904K), 0.0152190 secs] [Times: user=0.10 sys=0.00, real=0.01 secs] 
2014-07-16T07:56:33.070+0000: 1668.290: [GC [PSYoungGen: 316758K->1144K(307712K)] 626801K->311235K(994688K), 0.0038190 secs] [Times: user=0.02 sys=0.01, real=0.00 secs] 
2014-07-16T07:56:34.196+0000: 1669.416: [GC [PSYoungGen: 307664K->1436K(299712K)] 617755K->311607K(986688K), 0.0066780 secs] [Times: user=0.04 sys=0.01, real=0.00 secs] 
2014-07-16T07:56:35.258+0000: 1670.478: [GC [PSYoungGen: 299676K->708K(291072K)] 609847K->310951K(978048K), 0.0065980 secs] [Times: user=0.04 sys=0.00, real=0.00 secs] 
2014-07-16T07:56:36.409+0000: 1671.629: [GC [PSYoungGen: 291012K->1638K(284288K)] 601255K->311969K(971264K), 0.0100360 secs] [Times: user=0.06 sys=0.01, real=0.01 secs] 
2014-07-16T07:56:37.361+0000: 1672.581: [GC [PSYoungGen: 284256K->1008K(276288K)] 594587K->311395K(963264K), 0.0127470 secs] [Times: user=0.08 sys=0.00, real=0.01 secs] 
2014-07-16T07:56:38.376+0000: 1673.596: [GC [PSYoungGen: 276272K->580K(268800K)] 586659K->311039K(955776K), 0.0060590 secs] [Times: user=0.04 sys=0.00, real=0.01 secs] 
2014-07-16T07:56:39.354+0000: 1674.574: [GC [PSYoungGen: 268740K->498K(261888K)] 579199K->310997K(948864K), 0.0109780 secs] [Times: user=0.06 sys=0.00, real=0.01 secs] 
2014-07-16T07:56:40.305+0000: 1675.525: [GC [PSYoungGen: 261874K->872K(255744K)] 572373K->311435K(942720K), 0.0045520 secs] [Times: user=0.02 sys=0.00, real=0.01 secs] 
2014-07-16T07:56:41.231+0000: 1676.451: [GC [PSYoungGen: 255693K->976K(249600K)] 566256K->311595K(936576K), 0.0037060 secs] [Times: user=0.02 sys=0.01, real=0.00 secs] 
2014-07-16T07:56:42.124+0000: 1677.344: [GC [PSYoungGen: 249552K->1194K(243712K)] 560171K->311893K(930688K), 0.0034590 secs] [Times: user=0.02 sys=0.00, real=0.01 secs] 
2014-07-16T07:56:42.997+0000: 1678.217: [GC [PSYoungGen: 243667K->1086K(237760K)] 554366K->311873K(924736K), 0.0039210 secs] [Times: user=0.02 sys=0.00, real=0.00 secs] 
2014-07-16T07:56:43.845+0000: 1679.065: [GC [PSYoungGen: 237758K->940K(232000K)] 548545K->311823K(918976K), 0.0055260 secs] [Times: user=0.02 sys=0.00, real=0.01 secs] 
2014-07-16T07:56:44.690+0000: 1679.910: [GC [PSYoungGen: 231956K->1208K(226816K)] 542839K->312179K(913792K), 0.0062970 secs] [Times: user=0.05 sys=0.00, real=0.00 secs] 
2014-07-16T07:56:45.492+0000: 1680.711: [GC [PSYoungGen: 226786K->1690K(222080K)] 537758K->312725K(909056K), 0.0049930 secs] [Times: user=0.02 sys=0.00, real=0.00 secs] 
2014-07-16T07:56:46.551+0000: 1681.771: [GC [PSYoungGen: 222042K->562K(215872K)] 533077K->312201K(902848K), 0.0044100 secs] [Times: user=0.03 sys=0.00, real=0.00 secs] 
2014-07-16T07:56:47.335+0000: 1682.555: [GC [PSYoungGen: 215846K->1040K(211520K)] 527485K->312727K(898496K), 0.0050030 secs] [Times: user=0.02 sys=0.00, real=0.01 secs] 
2014-07-16T07:56:48.119+0000: 1683.339: [GC [PSYoungGen: 211472K->1030K(206848K)] 523159K->313017K(893824K), 0.0066820 secs] [Times: user=0.05 sys=0.00, real=0.00 secs] 
2014-07-16T07:56:48.861+0000: 1684.081: [GC [PSYoungGen: 206790K->926K(202176K)] 518777K->313001K(889152K), 0.0032780 secs] [Times: user=0.02 sys=0.00, real=0.00 secs] 
2014-07-16T07:56:49.607+0000: 1684.827: [GC [PSYoungGen: 202142K->1470K(198336K)] 514217K->313617K(885312K), 0.0111320 secs] [Times: user=0.07 sys=0.00, real=0.02 secs] 
2014-07-16T07:56:50.300+0000: 1685.520: [GC [PSYoungGen: 198334K->1204K(193856K)] 510481K->313447K(880832K), 0.0077420 secs] [Times: user=0.04 sys=0.01, real=0.01 secs] 
2014-07-16T07:56:50.998+0000: 1686.218: [GC [PSYoungGen: 193801K->940K(189504K)] 506044K->313321K(876480K), 0.0054190 secs] [Times: user=0.03 sys=0.01, real=0.01 secs] 
2014-07-16T07:56:51.756+0000: 1686.976: [GC [PSYoungGen: 189484K->1204K(185792K)] 501865K->313681K(872768K), 0.0061950 secs] [Times: user=0.02 sys=0.00, real=0.01 secs] 
2014-07-16T07:56:52.377+0000: 1687.597: [GC [PSYoungGen: 185780K->890K(181632K)] 498257K->313447K(868608K), 0.0090700 secs] [Times: user=0.06 sys=0.00, real=0.01 secs] 
2014-07-16T07:56:53.028+0000: 1688.248: [GC [PSYoungGen: 181626K->1710K(178752K)] 494183K->314347K(865728K), 0.0040190 secs] [Times: user=0.02 sys=0.01, real=0.00 secs] 
2014-07-16T07:56:53.676+0000: 1688.896: [GC [PSYoungGen: 178696K->888K(174336K)] 491333K->314025K(861312K), 0.0084060 secs] [Times: user=0.05 sys=0.00, real=0.01 secs] 
2014-07-16T07:56:54.341+0000: 1689.561: [GC [PSYoungGen: 174328K->808K(208960K)] 487465K->313969K(895936K), 0.0127530 secs] [Times: user=0.08 sys=0.00, real=0.01 secs] 
2014-07-16T07:56:55.094+0000: 1690.314: [GC [PSYoungGen: 208876K->1228K(251072K)] 522037K->314551K(938048K), 0.0136170 secs] [Times: user=0.09 sys=0.00, real=0.01 secs] 
2014-07-16T07:56:55.984+0000: 1691.204: [GC [PSYoungGen: 250988K->858K(300672K)] 564312K->314237K(987648K), 0.0102600 secs] [Times: user=0.06 sys=0.00, real=0.01 secs] 
2014-07-16T07:56:57.095+0000: 1692.315: [GC [PSYoungGen: 300634K->630K(361088K)] 614013K->314049K(1048064K), 0.0093180 secs] [Times: user=0.06 sys=0.01, real=0.01 secs] 
2014-07-16T07:56:58.437+0000: 1693.657: [GC [PSYoungGen: 360077K->1086K(350144K)] 673497K->314585K(1037120K), 0.0068680 secs] [Times: user=0.04 sys=0.00, real=0.01 secs] 
2014-07-16T07:56:59.696+0000: 1694.916: [GC [PSYoungGen: 350122K->826K(339904K)] 663621K->314611K(1026880K), 0.0073080 secs] [Times: user=0.04 sys=0.00, real=0.01 secs] 
2014-07-16T07:57:00.936+0000: 1696.156: [GC [PSYoungGen: 339848K->1486K(331008K)] 653633K->315343K(1017984K), 0.0087640 secs] [Times: user=0.05 sys=0.00, real=0.01 secs] 
2014-07-16T07:57:02.177+0000: 1697.397: [GC [PSYoungGen: 330931K->1130K(321408K)] 644789K->315117K(1008384K), 0.0081930 secs] [Times: user=0.05 sys=0.00, real=0.01 secs] 
2014-07-16T07:57:03.344+0000: 1698.564: [GC [PSYoungGen: 321382K->1144K(312576K)] 635369K->315227K(999552K), 0.0061340 secs] [Times: user=0.04 sys=0.00, real=0.01 secs] 
2014-07-16T07:57:04.505+0000: 1699.725: [GC [PSYoungGen: 312568K->876K(303808K)] 626651K->314991K(990784K), 0.0132770 secs] [Times: user=0.08 sys=0.00, real=0.01 secs] 
2014-07-16T07:57:05.604+0000: 1700.824: [GC [PSYoungGen: 303788K->1044K(295872K)] 617903K->315223K(982848K), 0.0060620 secs] [Times: user=0.04 sys=0.00, real=0.01 secs] 
2014-07-16T07:57:06.699+0000: 1701.919: [GC [PSYoungGen: 295828K->1518K(288512K)] 610007K->315777K(975488K), 0.0052380 secs] [Times: user=0.01 sys=0.00, real=0.01 secs] 
2014-07-16T07:57:07.852+0000: 1703.072: [GC [PSYoungGen: 288460K->1676K(281152K)] 602719K->315983K(968128K), 0.0044470 secs] [Times: user=0.02 sys=0.00, real=0.00 secs] 
2014-07-16T07:57:08.888+0000: 1704.108: [GC [PSYoungGen: 281100K->356K(272576K)] 595407K->315309K(959552K), 0.0071060 secs] [Times: user=0.04 sys=0.00, real=0.01 secs] 
2014-07-16T07:57:09.891+0000: 1705.111: [GC [PSYoungGen: 272548K->854K(266112K)] 587501K->315871K(953088K), 0.0065180 secs] [Times: user=0.04 sys=0.00, real=0.00 secs] 
2014-07-16T07:57:10.853+0000: 1706.073: [GC [PSYoungGen: 266070K->712K(259264K)] 581087K->315933K(946240K), 0.0058710 secs] [Times: user=0.03 sys=0.00, real=0.00 secs] 
2014-07-16T07:57:11.795+0000: 1707.014: [GC [PSYoungGen: 259208K->830K(252864K)] 574429K->316115K(939840K), 0.0077490 secs] [Times: user=0.04 sys=0.00, real=0.01 secs] 
2014-07-16T07:57:12.790+0000: 1708.010: [GC [PSYoungGen: 252862K->1290K(247168K)] 568147K->316655K(934144K), 0.0099920 secs] [Times: user=0.06 sys=0.00, real=0.01 secs] 
2014-07-16T07:57:13.699+0000: 1708.919: [GC [PSYoungGen: 247114K->1336K(241216K)] 562479K->316781K(928192K), 0.0073360 secs] [Times: user=0.05 sys=0.00, real=0.01 secs] 
2014-07-16T07:57:14.566+0000: 1709.786: [GC [PSYoungGen: 241175K->1040K(235200K)] 556621K->316565K(922176K), 0.0067910 secs] [Times: user=0.05 sys=0.00, real=0.01 secs] 
2014-07-16T07:57:15.411+0000: 1710.631: [GC [PSYoungGen: 235152K->1132K(229696K)] 550677K->316713K(916672K), 0.0108170 secs] [Times: user=0.06 sys=0.00, real=0.01 secs] 
2014-07-16T07:57:16.258+0000: 1711.478: [GC [PSYoungGen: 229676K->1464K(224704K)] 545257K->317133K(911680K), 0.0064240 secs] [Times: user=0.02 sys=0.00, real=0.01 secs] 
2014-07-16T07:57:17.072+0000: 1712.292: [GC [PSYoungGen: 224694K->1300K(219456K)] 540363K->317049K(906432K), 0.0042480 secs] [Times: user=0.02 sys=0.00, real=0.00 secs] 
2014-07-16T07:57:17.945+0000: 1713.165: [GC [PSYoungGen: 219393K->952K(214080K)] 535142K->317045K(901056K), 0.0058490 secs] [Times: user=0.05 sys=0.00, real=0.00 secs] 
2014-07-16T07:57:18.720+0000: 1713.940: [GC [PSYoungGen: 214072K->1300K(209664K)] 530165K->317473K(896640K), 0.0075040 secs] [Times: user=0.06 sys=0.00, real=0.01 secs] 
2014-07-16T07:57:19.468+0000: 1714.688: [GC [PSYoungGen: 209611K->754K(204480K)] 525784K->317125K(891456K), 0.0065130 secs] [Times: user=0.02 sys=0.00, real=0.01 secs] 
2014-07-16T07:57:20.213+0000: 1715.433: [GC [PSYoungGen: 204438K->1100K(200384K)] 520810K->317543K(887360K), 0.0051340 secs] [Times: user=0.03 sys=0.00, real=0.00 secs] 
2014-07-16T07:57:20.930+0000: 1716.150: [GC [PSYoungGen: 200332K->576K(195520K)] 516775K->317091K(882496K), 0.0100060 secs] [Times: user=0.05 sys=0.00, real=0.01 secs] 
2014-07-16T07:57:21.653+0000: 1716.873: [GC [PSYoungGen: 195520K->826K(191616K)] 512035K->317413K(878592K), 0.0065850 secs] [Times: user=0.04 sys=0.00, real=0.00 secs] 
2014-07-16T07:57:22.425+0000: 1717.645: [GC [PSYoungGen: 191610K->1490K(188288K)] 508197K->318133K(875264K), 0.0074930 secs] [Times: user=0.05 sys=0.00, real=0.01 secs] 
2014-07-16T07:57:23.033+0000: 1718.253: [GC [PSYoungGen: 188242K->1828K(184704K)] 504885K->318602K(871680K), 0.0043770 secs] [Times: user=0.02 sys=0.00, real=0.00 secs] 
2014-07-16T07:57:23.701+0000: 1718.921: [GC [PSYoungGen: 184676K->374K(179456K)] 501450K->317497K(866432K), 0.0050500 secs] [Times: user=0.03 sys=0.01, real=0.01 secs] 
2014-07-16T07:57:24.368+0000: 1719.588: [GC [PSYoungGen: 179446K->694K(176128K)] 496569K->317881K(863104K), 0.0032730 secs] [Times: user=0.02 sys=0.00, real=0.00 secs] 
2014-07-16T07:57:24.991+0000: 1720.211: [GC [PSYoungGen: 176118K->1180K(173120K)] 493305K->318440K(860096K), 0.0085650 secs] [Times: user=0.05 sys=0.00, real=0.01 secs] 
2014-07-16T07:57:25.622+0000: 1720.842: [GC [PSYoungGen: 173061K->1172K(169728K)] 490320K->318527K(856704K), 0.0056230 secs] [Times: user=0.03 sys=0.01, real=0.01 secs] 
2014-07-16T07:57:26.249+0000: 1721.469: [GC [PSYoungGen: 169684K->726K(165952K)] 487039K->318193K(852928K), 0.0055020 secs] [Times: user=0.03 sys=0.01, real=0.01 secs] 
2014-07-16T07:57:26.860+0000: 1722.080: [GC [PSYoungGen: 165828K->1050K(163072K)] 483296K->318597K(850048K), 0.0075570 secs] [Times: user=0.05 sys=0.00, real=0.01 secs] 
2014-07-16T07:57:27.505+0000: 1722.725: [GC [PSYoungGen: 163034K->1508K(160448K)] 480581K->319104K(847424K), 0.0038920 secs] [Times: user=0.02 sys=0.00, real=0.00 secs] 
2014-07-16T07:57:28.045+0000: 1723.265: [GC [PSYoungGen: 160418K->1394K(157312K)] 478014K->319054K(844288K), 0.0078950 secs] [Times: user=0.04 sys=0.01, real=0.01 secs] 
2014-07-16T07:57:28.617+0000: 1723.837: [GC [PSYoungGen: 157286K->758K(153792K)] 474946K->318481K(840768K), 0.0044880 secs] [Times: user=0.02 sys=0.00, real=0.00 secs] 
2014-07-16T07:57:29.190+0000: 1724.410: [GC [PSYoungGen: 153782K->612K(184320K)] 471505K->318407K(871296K), 0.0080750 secs] [Times: user=0.06 sys=0.00, real=0.01 secs] 
2014-07-16T07:57:29.830+0000: 1725.050: [GC [PSYoungGen: 184277K->1362K(181312K)] 502073K->319222K(868288K), 0.0058280 secs] [Times: user=0.04 sys=0.00, real=0.01 secs] 
2014-07-16T07:57:30.484+0000: 1725.704: [GC [PSYoungGen: 181266K->740K(216704K)] 499126K->318687K(903680K), 0.0104870 secs] [Times: user=0.07 sys=0.00, real=0.01 secs] 
2014-07-16T07:57:31.269+0000: 1726.489: [GC [PSYoungGen: 216666K->1436K(260608K)] 534614K->319464K(947584K), 0.0058990 secs] [Times: user=0.03 sys=0.00, real=0.01 secs] 
2014-07-16T07:57:32.212+0000: 1727.432: [GC [PSYoungGen: 260572K->786K(253504K)] 578600K->318893K(940480K), 0.0081950 secs] [Times: user=0.04 sys=0.00, real=0.01 secs] 
2014-07-16T07:57:33.173+0000: 1728.393: [GC [PSYoungGen: 253455K->1154K(247680K)] 571563K->319341K(934656K), 0.0083620 secs] [Times: user=0.04 sys=0.01, real=0.01 secs] 
2014-07-16T07:57:34.046+0000: 1729.266: [GC [PSYoungGen: 247618K->1086K(241536K)] 565805K->319337K(928512K), 0.0064620 secs] [Times: user=0.04 sys=0.00, real=0.00 secs] 
2014-07-16T07:57:34.919+0000: 1730.139: [GC [PSYoungGen: 241506K->1108K(235840K)] 559758K->319432K(922816K), 0.0044790 secs] [Times: user=0.03 sys=0.00, real=0.00 secs] 
2014-07-16T07:57:35.770+0000: 1730.990: [GC [PSYoungGen: 235769K->1036K(230208K)] 554093K->319455K(917184K), 0.0067190 secs] [Times: user=0.04 sys=0.00, real=0.01 secs] 
2014-07-16T07:57:36.625+0000: 1731.845: [GC [PSYoungGen: 230156K->1004K(224768K)] 548575K->319511K(911744K), 0.0083900 secs] [Times: user=0.06 sys=0.00, real=0.00 secs] 
2014-07-16T07:57:37.523+0000: 1732.743: [GC [PSYoungGen: 224748K->1566K(220160K)] 543255K->320169K(907136K), 0.0098690 secs] [Times: user=0.06 sys=0.00, real=0.01 secs] 
2014-07-16T07:57:38.273+0000: 1733.493: [GC [PSYoungGen: 220126K->752K(214336K)] 538729K->320418K(901312K), 0.0077030 secs] [Times: user=0.05 sys=0.00, real=0.01 secs] 
2014-07-16T07:57:39.031+0000: 1734.251: [GC [PSYoungGen: 214320K->1108K(209920K)] 533986K->320830K(896896K), 0.0081370 secs] [Times: user=0.03 sys=0.00, real=0.01 secs] 
2014-07-16T07:57:39.797+0000: 1735.017: [GC [PSYoungGen: 209876K->1460K(252032K)] 529598K->321328K(939008K), 0.0095050 secs] [Times: user=0.06 sys=0.00, real=0.01 secs] 
2014-07-16T07:57:40.692+0000: 1735.912: [GC [PSYoungGen: 252020K->640K(245056K)] 571888K->320588K(932032K), 0.0076460 secs] [Times: user=0.04 sys=0.00, real=0.01 secs] 
2014-07-16T07:57:41.567+0000: 1736.787: [GC [PSYoungGen: 245056K->1376K(239936K)] 565004K->321388K(926912K), 0.0095400 secs] [Times: user=0.06 sys=0.01, real=0.01 secs] 
2014-07-16T07:57:42.444+0000: 1737.664: [GC [PSYoungGen: 239904K->918K(233792K)] 559916K->321010K(920768K), 0.0037290 secs] [Times: user=0.02 sys=0.00, real=0.01 secs] 
2014-07-16T07:57:43.293+0000: 1738.513: [GC [PSYoungGen: 233750K->1008K(228352K)] 553842K->321180K(915328K), 0.0109630 secs] [Times: user=0.07 sys=0.00, real=0.01 secs] 
2014-07-16T07:57:44.121+0000: 1739.341: [GC [PSYoungGen: 228336K->1286K(274176K)] 548508K->321546K(961152K), 0.0105090 secs] [Times: user=0.07 sys=0.00, real=0.01 secs] 
2014-07-16T07:57:45.113+0000: 1740.333: [GC [PSYoungGen: 274118K->1086K(266944K)] 594378K->321426K(953920K), 0.0086600 secs] [Times: user=0.05 sys=0.00, real=0.01 secs] 
2014-07-16T07:57:46.088+0000: 1741.308: [GC [PSYoungGen: 266942K->972K(260160K)] 587282K->321416K(947136K), 0.0061250 secs] [Times: user=0.03 sys=0.00, real=0.00 secs] 
2014-07-16T07:57:47.058+0000: 1742.278: [GC [PSYoungGen: 260108K->1218K(253952K)] 580552K->321774K(940928K), 0.0072880 secs] [Times: user=0.05 sys=0.00, real=0.00 secs] 
2014-07-16T07:57:47.990+0000: 1743.210: [GC [PSYoungGen: 253890K->1022K(247488K)] 574446K->321634K(934464K), 0.0076410 secs] [Times: user=0.05 sys=0.00, real=0.01 secs] 
2014-07-16T07:57:48.957+0000: 1744.177: [GC [PSYoungGen: 247479K->1126K(241600K)] 568091K->321802K(928576K), 0.0096100 secs] [Times: user=0.07 sys=0.00, real=0.01 secs] 
2014-07-16T07:57:49.811+0000: 1745.031: [GC [PSYoungGen: 241574K->826K(235520K)] 562250K->321558K(922496K), 0.0075220 secs] [Times: user=0.04 sys=0.00, real=0.01 secs] 
2014-07-16T07:57:50.662+0000: 1745.882: [GC [PSYoungGen: 235514K->1318K(230464K)] 556246K->322114K(917440K), 0.0052610 secs] [Times: user=0.02 sys=0.00, real=0.01 secs] 
2014-07-16T07:57:51.498+0000: 1746.717: [GC [PSYoungGen: 230438K->858K(224640K)] 551234K->321734K(911616K), 0.0100180 secs] [Times: user=0.07 sys=0.00, real=0.01 secs] 
2014-07-16T07:57:52.307+0000: 1747.527: [GC [PSYoungGen: 224575K->1044K(219648K)] 545451K->321984K(906624K), 0.0060910 secs] [Times: user=0.03 sys=0.01, real=0.01 secs] 
2014-07-16T07:57:53.160+0000: 1748.380: [GC [PSYoungGen: 219604K->1112K(214720K)] 540544K->322100K(901696K), 0.0040660 secs] [Times: user=0.02 sys=0.00, real=0.00 secs] 
2014-07-16T07:57:53.936+0000: 1749.156: [GC [PSYoungGen: 214680K->1130K(209920K)] 535668K->322320K(896896K), 0.0056790 secs] [Times: user=0.03 sys=0.00, real=0.01 secs] 
2014-07-16T07:57:54.713+0000: 1749.933: [GC [PSYoungGen: 209898K->1464K(205632K)] 531088K->322750K(892608K), 0.0065030 secs] [Times: user=0.04 sys=0.00, real=0.01 secs] 
2014-07-16T07:57:55.437+0000: 1750.657: [GC [PSYoungGen: 205593K->752K(200448K)] 526879K->322300K(887424K), 0.0083140 secs] [Times: user=0.06 sys=0.00, real=0.01 secs] 
2014-07-16T07:57:56.182+0000: 1751.402: [GC [PSYoungGen: 200432K->972K(196352K)] 521980K->322584K(883328K), 0.0054160 secs] [Times: user=0.02 sys=0.00, real=0.01 secs] 
2014-07-16T07:57:56.906+0000: 1752.126: [GC [PSYoungGen: 196300K->1140K(192320K)] 517912K->322816K(879296K), 0.0073680 secs] [Times: user=0.05 sys=0.00, real=0.01 secs] 
2014-07-16T07:57:57.639+0000: 1752.859: [GC [PSYoungGen: 192300K->904K(188096K)] 513976K->322684K(875072K), 0.0064500 secs] [Times: user=0.04 sys=0.00, real=0.00 secs] 
2014-07-16T07:57:58.352+0000: 1753.572: [GC [PSYoungGen: 188040K->940K(184192K)] 509820K->322800K(871168K), 0.0085250 secs] [Times: user=0.02 sys=0.00, real=0.01 secs] 
2014-07-16T07:57:59.053+0000: 1754.272: [GC [PSYoungGen: 184172K->1576K(181056K)] 506032K->323646K(868032K), 0.0069290 secs] [Times: user=0.04 sys=0.00, real=0.01 secs] 
2014-07-16T07:57:59.721+0000: 1754.941: [GC [PSYoungGen: 181032K->658K(176512K)] 503102K->322784K(863488K), 0.0079430 secs] [Times: user=0.05 sys=0.00, real=0.01 secs] 
2014-07-16T07:58:00.355+0000: 1755.575: [GC [PSYoungGen: 176466K->918K(173248K)] 498592K->323124K(860224K), 0.0035840 secs] [Times: user=0.02 sys=0.01, real=0.01 secs] 
2014-07-16T07:58:00.983+0000: 1756.203: [GC [PSYoungGen: 173206K->982K(207808K)] 495412K->323228K(894784K), 0.0109500 secs] [Times: user=0.07 sys=0.01, real=0.01 secs] 
2014-07-16T07:58:01.741+0000: 1756.961: [GC [PSYoungGen: 207766K->744K(248960K)] 530012K->323070K(935936K), 0.0129970 secs] [Times: user=0.08 sys=0.00, real=0.01 secs] 
2014-07-16T07:58:02.638+0000: 1757.858: [GC [PSYoungGen: 248888K->808K(298688K)] 571214K->323206K(985664K), 0.0109510 secs] [Times: user=0.06 sys=0.01, real=0.01 secs] 
2014-07-16T07:58:03.775+0000: 1758.995: [GC [PSYoungGen: 298664K->926K(290880K)] 621062K->323404K(977856K), 0.0038980 secs] [Times: user=0.02 sys=0.00, real=0.00 secs] 
2014-07-16T07:58:04.828+0000: 1760.048: [GC [PSYoungGen: 290846K->1262K(283584K)] 613324K->323772K(970560K), 0.0051620 secs] [Times: user=0.03 sys=0.00, real=0.01 secs] 
2014-07-16T07:58:05.867+0000: 1761.087: [GC [PSYoungGen: 283566K->1004K(275968K)] 606076K->323602K(962944K), 0.0043760 secs] [Times: user=0.02 sys=0.00, real=0.01 secs] 
2014-07-16T07:58:06.888+0000: 1762.108: [GC [PSYoungGen: 275948K->1066K(268992K)] 598546K->324454K(955968K), 0.0037710 secs] [Times: user=0.02 sys=0.00, real=0.01 secs] 
2014-07-16T07:58:07.861+0000: 1763.081: [GC [PSYoungGen: 268933K->1304K(262464K)] 592322K->324732K(949440K), 0.0120100 secs] [Times: user=0.07 sys=0.00, real=0.01 secs] 
2014-07-16T07:58:08.914+0000: 1764.134: [GC [PSYoungGen: 262424K->1310K(255936K)] 585852K->325060K(942912K), 0.0056590 secs] [Times: user=0.02 sys=0.00, real=0.01 secs] 
2014-07-16T07:58:09.821+0000: 1765.041: [GC [PSYoungGen: 255902K->544K(248896K)] 579652K->324342K(935872K), 0.0061950 secs] [Times: user=0.04 sys=0.00, real=0.00 secs] 
2014-07-16T07:58:10.713+0000: 1765.933: [GC [PSYoungGen: 248864K->1168K(243456K)] 572662K->325038K(930432K), 0.0087640 secs] [Times: user=0.05 sys=0.00, real=0.01 secs] 
2014-07-16T07:58:11.602+0000: 1766.822: [GC [PSYoungGen: 243408K->990K(237440K)] 567278K->324924K(924416K), 0.0072560 secs] [Times: user=0.05 sys=0.00, real=0.00 secs] 
2014-07-16T07:58:12.450+0000: 1767.670: [GC [PSYoungGen: 237406K->1504K(232320K)] 561340K->325604K(919296K), 0.0067460 secs] [Times: user=0.03 sys=0.01, real=0.01 secs] 
2014-07-16T07:58:13.350+0000: 1768.570: [GC [PSYoungGen: 232288K->744K(226112K)] 556388K->324899K(913088K), 0.0068040 secs] [Times: user=0.04 sys=0.00, real=0.00 secs] 
2014-07-16T07:58:14.202+0000: 1769.422: [GC [PSYoungGen: 226088K->1314K(221440K)] 550243K->325565K(908416K), 0.0065870 secs] [Times: user=0.04 sys=0.00, real=0.00 secs] 
2014-07-16T07:58:14.975+0000: 1770.195: [GC [PSYoungGen: 221398K->1258K(216320K)] 545649K->325582K(903296K), 0.0077110 secs] [Times: user=0.05 sys=0.00, real=0.01 secs] 
2014-07-16T07:58:15.759+0000: 1770.979: [GC [PSYoungGen: 216298K->944K(211136K)] 540622K->325339K(898112K), 0.0050200 secs] [Times: user=0.03 sys=0.00, real=0.01 secs] 
2014-07-16T07:58:16.532+0000: 1771.752: [GC [PSYoungGen: 211120K->1176K(206720K)] 535515K->325644K(893696K), 0.0054420 secs] [Times: user=0.03 sys=0.00, real=0.00 secs] 
2014-07-16T07:58:17.277+0000: 1772.497: [GC [PSYoungGen: 206677K->416K(201408K)] 531145K->324947K(888384K), 0.0038790 secs] [Times: user=0.02 sys=0.00, real=0.01 secs] 
2014-07-16T07:58:17.990+0000: 1773.210: [GC [PSYoungGen: 201360K->948K(197568K)] 525892K->325527K(884544K), 0.0063990 secs] [Times: user=0.04 sys=0.00, real=0.01 secs] 
2014-07-16T07:58:18.729+0000: 1773.949: [GC [PSYoungGen: 197556K->786K(193216K)] 522135K->325445K(880192K), 0.0078350 secs] [Times: user=0.05 sys=0.00, real=0.01 secs] 
2014-07-16T07:58:19.427+0000: 1774.647: [GC [PSYoungGen: 193167K->880K(231808K)] 517827K->325563K(918784K), 0.0144020 secs] [Times: user=0.08 sys=0.00, real=0.02 secs] 
2014-07-16T07:58:20.272+0000: 1775.492: [GC [PSYoungGen: 231792K->1118K(278272K)] 556475K->325897K(965248K), 0.0070430 secs] [Times: user=0.04 sys=0.00, real=0.00 secs] 
2014-07-16T07:58:21.291+0000: 1776.511: [GC [PSYoungGen: 278238K->1486K(271488K)] 603017K->326361K(958464K), 0.0054370 secs] [Times: user=0.03 sys=0.00, real=0.01 secs] 
2014-07-16T07:58:22.273+0000: 1777.493: [GC [PSYoungGen: 271438K->806K(263936K)] 596313K->326204K(950912K), 0.0035190 secs] [Times: user=0.02 sys=0.01, real=0.00 secs] 
2014-07-16T07:58:23.310+0000: 1778.530: [GC [PSYoungGen: 263893K->1634K(258176K)] 589291K->327096K(945152K), 0.0080340 secs] [Times: user=0.05 sys=0.00, real=0.01 secs] 
2014-07-16T07:58:24.184+0000: 1779.404: [GC [PSYoungGen: 258146K->676K(250880K)] 583608K->326283K(937856K), 0.0061850 secs] [Times: user=0.04 sys=0.00, real=0.00 secs] 
2014-07-16T07:58:25.127+0000: 1780.347: [GC [PSYoungGen: 250852K->1168K(245248K)] 576459K->326848K(932224K), 0.0035180 secs] [Times: user=0.02 sys=0.00, real=0.00 secs] 
2014-07-16T07:58:26.008+0000: 1781.228: [GC [PSYoungGen: 245200K->808K(238976K)] 570880K->326568K(925952K), 0.0099570 secs] [Times: user=0.06 sys=0.01, real=0.01 secs] 
2014-07-16T07:58:26.878+0000: 1782.098: [GC [PSYoungGen: 238896K->922K(233408K)] 564656K->326745K(920384K), 0.0118340 secs] [Times: user=0.08 sys=0.00, real=0.01 secs] 
2014-07-16T07:58:27.726+0000: 1782.946: [GC [PSYoungGen: 233370K->544K(227520K)] 559193K->326455K(914496K), 0.0066350 secs] [Times: user=0.04 sys=0.00, real=0.01 secs] 
2014-07-16T07:58:28.566+0000: 1783.786: [GC [PSYoungGen: 227481K->1672K(223360K)] 553393K->327672K(910336K), 0.0059290 secs] [Times: user=0.04 sys=0.00, real=0.01 secs] 
2014-07-16T07:58:29.378+0000: 1784.598: [GC [PSYoungGen: 223304K->1464K(217984K)] 549304K->327560K(904960K), 0.0124230 secs] [Times: user=0.08 sys=0.00, real=0.01 secs] 
2014-07-16T07:58:30.157+0000: 1785.377: [GC [PSYoungGen: 217957K->762K(212352K)] 544053K->326897K(899328K), 0.0062090 secs] [Times: user=0.02 sys=0.01, real=0.01 secs] 
2014-07-16T07:58:30.918+0000: 1786.138: [GC [PSYoungGen: 212346K->1076K(207936K)] 538481K->327276K(894912K), 0.0091560 secs] [Times: user=0.07 sys=0.00, real=0.01 secs] 
2014-07-16T07:58:31.705+0000: 1786.925: [GC [PSYoungGen: 207924K->1304K(203648K)] 534124K->327584K(890624K), 0.0055280 secs] [Times: user=0.02 sys=0.00, real=0.00 secs] 
2014-07-16T07:58:32.437+0000: 1787.657: [GC [PSYoungGen: 203576K->1204K(199104K)] 529855K->327548K(886080K), 0.0038070 secs] [Times: user=0.02 sys=0.00, real=0.00 secs] 
2014-07-16T07:58:33.167+0000: 1788.387: [GC [PSYoungGen: 199090K->1386K(238912K)] 525434K->327818K(925888K), 0.0127050 secs] [Times: user=0.08 sys=0.01, real=0.01 secs] 
2014-07-16T07:58:34.034+0000: 1789.254: [GC [PSYoungGen: 238880K->976K(232896K)] 565312K->327480K(919872K), 0.0061600 secs] [Times: user=0.03 sys=0.00, real=0.00 secs] 
2014-07-16T07:58:34.876+0000: 1790.096: [GC [PSYoungGen: 232847K->794K(227264K)] 559351K->327354K(914240K), 0.0068950 secs] [Times: user=0.04 sys=0.00, real=0.01 secs] 
2014-07-16T07:58:35.693+0000: 1790.913: [GC [PSYoungGen: 227226K->900K(222144K)] 553786K->327531K(909120K), 0.0036110 secs] [Times: user=0.02 sys=0.01, real=0.00 secs] 
2014-07-16T07:58:36.518+0000: 1791.738: [GC [PSYoungGen: 222084K->1496K(217664K)] 548715K->328208K(904640K), 0.0059970 secs] [Times: user=0.02 sys=0.01, real=0.01 secs] 
2014-07-16T07:58:37.319+0000: 1792.539: [GC [PSYoungGen: 217624K->840K(212096K)] 544336K->327640K(899072K), 0.0041190 secs] [Times: user=0.02 sys=0.00, real=0.00 secs] 
2014-07-16T07:58:38.073+0000: 1793.293: [GC [PSYoungGen: 212040K->922K(207424K)] 538840K->327794K(894400K), 0.0049490 secs] [Times: user=0.03 sys=0.00, real=0.01 secs] 
2014-07-16T07:58:38.888+0000: 1794.108: [GC [PSYoungGen: 207364K->1244K(203200K)] 534236K->328180K(890176K), 0.0107600 secs] [Times: user=0.07 sys=0.00, real=0.01 secs] 
2014-07-16T07:58:39.598+0000: 1794.818: [GC [PSYoungGen: 203123K->862K(198400K)] 530059K->327854K(885376K), 0.0064980 secs] [Times: user=0.04 sys=0.00, real=0.01 secs] 
2014-07-16T07:58:40.346+0000: 1795.566: [GC [PSYoungGen: 198366K->1390K(194688K)] 525358K->328478K(881664K), 0.0057280 secs] [Times: user=0.03 sys=0.01, real=0.00 secs] 
2014-07-16T07:58:41.057+0000: 1796.277: [GC [PSYoungGen: 194670K->876K(190080K)] 521758K->328020K(877056K), 0.0063840 secs] [Times: user=0.03 sys=0.00, real=0.00 secs] 
2014-07-16T07:58:41.736+0000: 1796.956: [GC [PSYoungGen: 190057K->1130K(186368K)] 517201K->328314K(873344K), 0.0101410 secs] [Times: user=0.06 sys=0.00, real=0.01 secs] 
2014-07-16T07:58:42.397+0000: 1797.617: [GC [PSYoungGen: 186346K->854K(223168K)] 513530K->328133K(910144K), 0.0092120 secs] [Times: user=0.06 sys=0.00, real=0.01 secs] 
2014-07-16T07:58:43.203+0000: 1798.423: [GC [PSYoungGen: 223113K->1262K(218432K)] 550393K->328614K(905408K), 0.0061650 secs] [Times: user=0.04 sys=0.00, real=0.01 secs] 
2014-07-16T07:58:44.001+0000: 1799.221: [GC [PSYoungGen: 218414K->594K(212864K)] 545766K->328017K(899840K), 0.0057710 secs] [Times: user=0.04 sys=0.00, real=0.01 secs] 
2014-07-16T07:58:44.774+0000: 1799.994: [GC [PSYoungGen: 212818K->880K(255616K)] 540241K->328352K(942592K), 0.0113510 secs] [Times: user=0.07 sys=0.00, real=0.02 secs] 
2014-07-16T07:58:45.706+0000: 1800.926: [GC [PSYoungGen: 255600K->712K(249216K)] 583072K->328248K(936192K), 0.0070010 secs] [Times: user=0.04 sys=0.00, real=0.00 secs] 
2014-07-16T07:58:46.623+0000: 1801.843: [GC [PSYoungGen: 249145K->612K(243008K)] 576681K->328211K(929984K), 0.0057070 secs] [Times: user=0.02 sys=0.00, real=0.01 secs] 
2014-07-16T07:58:47.509+0000: 1802.729: [GC [PSYoungGen: 242979K->794K(237376K)] 570579K->328457K(924352K), 0.0083740 secs] [Times: user=0.05 sys=0.00, real=0.01 secs] 
2014-07-16T07:58:48.367+0000: 1803.587: [GC [PSYoungGen: 237338K->1208K(232128K)] 565001K->328904K(919104K), 0.0119150 secs] [Times: user=0.07 sys=0.01, real=0.01 secs] 
2014-07-16T07:58:49.202+0000: 1804.422: [GC [PSYoungGen: 232120K->954K(226432K)] 559816K->328746K(913408K), 0.0064950 secs] [Times: user=0.04 sys=0.00, real=0.01 secs] 
2014-07-16T07:58:50.028+0000: 1805.248: [GC [PSYoungGen: 226426K->1204K(221440K)] 554218K->329164K(908416K), 0.0076110 secs] [Times: user=0.04 sys=0.00, real=0.00 secs] 
2014-07-16T07:58:50.826+0000: 1806.046: [GC [PSYoungGen: 221395K->768K(215936K)] 549355K->328807K(902912K), 0.0061810 secs] [Times: user=0.04 sys=0.00, real=0.00 secs] 
2014-07-16T07:58:51.603+0000: 1806.823: [GC [PSYoungGen: 215936K->1194K(211520K)] 543975K->329282K(898496K), 0.0042410 secs] [Times: user=0.01 sys=0.00, real=0.01 secs] 
2014-07-16T07:58:52.357+0000: 1807.577: [GC [PSYoungGen: 211498K->448K(206080K)] 539586K->328591K(893056K), 0.0086060 secs] [Times: user=0.06 sys=0.00, real=0.00 secs] 
2014-07-16T07:58:53.135+0000: 1808.355: [GC [PSYoungGen: 206080K->1714K(202816K)] 534223K->330420K(889792K), 0.0062280 secs] [Times: user=0.04 sys=0.00, real=0.01 secs] 
2014-07-16T07:58:54.028+0000: 1809.248: [GC [PSYoungGen: 202802K->890K(197632K)] 531508K->329668K(884608K), 0.0068850 secs] [Times: user=0.03 sys=0.00, real=0.00 secs] 
2014-07-16T07:58:54.728+0000: 1809.948: [GC [PSYoungGen: 197626K->626K(193152K)] 526404K->329558K(880128K), 0.0067480 secs] [Times: user=0.03 sys=0.00, real=0.00 secs] 
2014-07-16T07:58:55.431+0000: 1810.650: [GC [PSYoungGen: 193138K->448K(188864K)] 522070K->329428K(875840K), 0.0070750 secs] [Times: user=0.04 sys=0.00, real=0.01 secs] 
2014-07-16T07:58:56.109+0000: 1811.329: [GC [PSYoungGen: 188864K->1108K(185600K)] 517844K->330176K(872576K), 0.0068790 secs] [Times: user=0.04 sys=0.00, real=0.00 secs] 
2014-07-16T07:58:56.779+0000: 1811.999: [GC [PSYoungGen: 185556K->1012K(181632K)] 514624K->330144K(868608K), 0.0033680 secs] [Times: user=0.02 sys=0.00, real=0.00 secs] 
2014-07-16T07:58:57.424+0000: 1812.644: [GC [PSYoungGen: 181620K->850K(177792K)] 510752K->330062K(864768K), 0.0048530 secs] [Times: user=0.03 sys=0.00, real=0.01 secs] 
2014-07-16T07:58:58.059+0000: 1813.279: [GC [PSYoungGen: 177746K->1058K(174400K)] 506958K->330326K(861376K), 0.0064470 secs] [Times: user=0.03 sys=0.00, real=0.00 secs] 
2014-07-16T07:58:58.682+0000: 1813.902: [GC [PSYoungGen: 174315K->962K(170880K)] 503583K->330270K(857856K), 0.0056270 secs] [Times: user=0.02 sys=0.00, real=0.01 secs] 
2014-07-16T07:58:59.345+0000: 1814.565: [GC [PSYoungGen: 170769K->1586K(168128K)] 500078K->330966K(855104K), 0.0065690 secs] [Times: user=0.03 sys=0.00, real=0.01 secs] 
2014-07-16T07:58:59.964+0000: 1815.184: [GC [PSYoungGen: 168114K->894K(200768K)] 497494K->330810K(887744K), 0.0131920 secs] [Times: user=0.08 sys=0.00, real=0.02 secs] 
2014-07-16T07:59:00.691+0000: 1815.911: [GC [PSYoungGen: 200666K->1450K(241344K)] 530583K->331446K(928320K), 0.0055230 secs] [Times: user=0.02 sys=0.00, real=0.01 secs] 
2014-07-16T07:59:01.582+0000: 1816.802: [GC [PSYoungGen: 241293K->626K(234752K)] 571289K->330794K(921728K), 0.0076480 secs] [Times: user=0.04 sys=0.00, real=0.01 secs] 
2014-07-16T07:59:02.452+0000: 1817.672: [GC [PSYoungGen: 234738K->1046K(229632K)] 564906K->331294K(916608K), 0.0053430 secs] [Times: user=0.03 sys=0.00, real=0.00 secs] 
2014-07-16T07:59:03.260+0000: 1818.480: [GC [PSYoungGen: 229590K->862K(224128K)] 559838K->331142K(911104K), 0.0053740 secs] [Times: user=0.02 sys=0.00, real=0.00 secs] 
2014-07-16T07:59:04.144+0000: 1819.364: [GC [PSYoungGen: 224066K->1190K(219328K)] 554347K->331518K(906304K), 0.0039630 secs] [Times: user=0.02 sys=0.00, real=0.01 secs] 
2014-07-16T07:59:04.924+0000: 1820.144: [GC [PSYoungGen: 219302K->948K(214080K)] 549630K->331332K(901056K), 0.0076390 secs] [Times: user=0.04 sys=0.00, real=0.01 secs] 
2014-07-16T07:59:05.716+0000: 1820.936: [GC [PSYoungGen: 214068K->872K(209216K)] 544452K->331336K(896192K), 0.0043400 secs] [Times: user=0.02 sys=0.00, real=0.01 secs] 
2014-07-16T07:59:06.458+0000: 1821.678: [GC [PSYoungGen: 209164K->1290K(205056K)] 539629K->331826K(892032K), 0.0071370 secs] [Times: user=0.04 sys=0.00, real=0.00 secs] 
2014-07-16T07:59:07.195+0000: 1822.415: [GC [PSYoungGen: 204988K->1626K(200896K)] 535524K->332218K(887872K), 0.0086230 secs] [Times: user=0.05 sys=0.00, real=0.01 secs] 
2014-07-16T07:59:07.906+0000: 1823.126: [GC [PSYoungGen: 200858K->630K(239744K)] 531450K->331334K(926720K), 0.0123660 secs] [Times: user=0.08 sys=0.00, real=0.02 secs] 
2014-07-16T07:59:08.774+0000: 1823.994: [GC [PSYoungGen: 239734K->1394K(247552K)] 570438K->332178K(934528K), 0.0088330 secs] [Times: user=0.07 sys=0.00, real=0.01 secs] 
2014-07-16T07:59:09.771+0000: 1824.991: [GC [PSYoungGen: 247011K->1126K(288960K)] 577796K->331998K(975936K), 0.0084920 secs] [Times: user=0.05 sys=0.00, real=0.01 secs] 
2014-07-16T07:59:10.810+0000: 1826.030: [GC [PSYoungGen: 288166K->1090K(280640K)] 619038K->332026K(967616K), 0.0035780 secs] [Times: user=0.03 sys=0.00, real=0.00 secs] 
2014-07-16T07:59:11.830+0000: 1827.050: [GC [PSYoungGen: 280578K->752K(273024K)] 611514K->332020K(960000K), 0.0077720 secs] [Times: user=0.04 sys=0.00, real=0.00 secs] 
2014-07-16T07:59:12.695+0000: 1827.915: [GC [PSYoungGen: 273008K->940K(266240K)] 604276K->332314K(953216K), 0.0098890 secs] [Times: user=0.06 sys=0.00, real=0.01 secs] 
2014-07-16T07:59:13.577+0000: 1828.797: [GC [PSYoungGen: 266220K->1182K(259776K)] 597594K->332926K(946752K), 0.0076130 secs] [Times: user=0.05 sys=0.00, real=0.01 secs] 
2014-07-16T07:59:14.479+0000: 1829.699: [GC [PSYoungGen: 259742K->972K(253120K)] 591486K->332780K(940096K), 0.0037410 secs] [Times: user=0.02 sys=0.00, real=0.01 secs] 
2014-07-16T07:59:15.248+0000: 1830.468: [GC [PSYoungGen: 253068K->704K(246592K)] 584876K->332592K(933568K), 0.0081660 secs] [Times: user=0.04 sys=0.00, real=0.01 secs] 
2014-07-16T07:59:16.034+0000: 1831.254: [GC [PSYoungGen: 246592K->1304K(241280K)] 578480K->333240K(928256K), 0.0045690 secs] [Times: user=0.02 sys=0.00, real=0.00 secs] 
2014-07-16T07:59:16.785+0000: 1832.005: [GC [PSYoungGen: 241163K->762K(234944K)] 573099K->332730K(921920K), 0.0049970 secs] [Times: user=0.02 sys=0.00, real=0.00 secs] 
2014-07-16T07:59:17.549+0000: 1832.769: [GC [PSYoungGen: 234938K->1126K(229760K)] 566906K->333166K(916736K), 0.0088510 secs] [Times: user=0.05 sys=0.01, real=0.01 secs] 
2014-07-16T07:59:18.301+0000: 1833.521: [GC [PSYoungGen: 229709K->690K(224000K)] 561750K->332786K(910976K), 0.0060550 secs] [Times: user=0.03 sys=0.00, real=0.00 secs] 
2014-07-16T07:59:19.073+0000: 1834.293: [GC [PSYoungGen: 223986K->1540K(219776K)] 556082K->333668K(906752K), 0.0052900 secs] [Times: user=0.02 sys=0.00, real=0.00 secs] 
2014-07-16T07:59:19.847+0000: 1835.067: [GC [PSYoungGen: 219696K->1072K(214272K)] 551825K->333368K(901248K), 0.0066060 secs] [Times: user=0.04 sys=0.00, real=0.01 secs] 
2014-07-16T07:59:20.592+0000: 1835.812: [GC [PSYoungGen: 214251K->644K(209088K)] 546547K->332988K(896064K), 0.0075410 secs] [Times: user=0.04 sys=0.00, real=0.00 secs] 
2014-07-16T07:59:21.340+0000: 1836.560: [GC [PSYoungGen: 208978K->1090K(251264K)] 541322K->333490K(938240K), 0.0121710 secs] [Times: user=0.07 sys=0.00, real=0.02 secs] 
2014-07-16T07:59:22.228+0000: 1837.448: [GC [PSYoungGen: 251202K->740K(244736K)] 583602K->333220K(931712K), 0.0065340 secs] [Times: user=0.04 sys=0.00, real=0.01 secs] 
2014-07-16T07:59:23.016+0000: 1838.236: [GC [PSYoungGen: 244708K->1450K(239552K)] 577188K->334018K(926528K), 0.0062560 secs] [Times: user=0.04 sys=0.00, real=0.01 secs] 
2014-07-16T07:59:23.785+0000: 1839.005: [GC [PSYoungGen: 239530K->576K(232960K)] 572098K->333184K(919936K), 0.0090700 secs] [Times: user=0.05 sys=0.00, real=0.01 secs] 
2014-07-16T07:59:24.613+0000: 1839.833: [GC [PSYoungGen: 232960K->1200K(228096K)] 565568K->333904K(915072K), 0.0056420 secs] [Times: user=0.03 sys=0.01, real=0.00 secs] 
2014-07-16T07:59:25.318+0000: 1840.538: [GC [PSYoungGen: 228080K->704K(272960K)] 560784K->333472K(959936K), 0.0107470 secs] [Times: user=0.05 sys=0.01, real=0.01 secs] 
2014-07-16T07:59:26.206+0000: 1841.426: [GC [PSYoungGen: 272960K->822K(266112K)] 605728K->333646K(953088K), 0.0074920 secs] [Times: user=0.04 sys=0.00, real=0.01 secs] 
2014-07-16T07:59:27.073+0000: 1842.293: [GC [PSYoungGen: 266102K->1018K(274368K)] 598926K->333898K(961344K), 0.0176470 secs] [Times: user=0.10 sys=0.00, real=0.02 secs] 
2014-07-16T07:59:27.950+0000: 1843.170: [GC [PSYoungGen: 273658K->530K(319936K)] 606538K->333466K(1006912K), 0.0066090 secs] [Times: user=0.04 sys=0.00, real=0.01 secs] 
2014-07-16T07:59:28.943+0000: 1844.162: [GC [PSYoungGen: 318770K->1482K(311040K)] 651707K->334498K(998016K), 0.0043830 secs] [Times: user=0.02 sys=0.00, real=0.00 secs] 
2014-07-16T07:59:30.010+0000: 1845.230: [GC [PSYoungGen: 310938K->256K(301376K)] 643955K->333622K(988352K), 0.0116590 secs] [Times: user=0.07 sys=0.00, real=0.02 secs] 
2014-07-16T07:59:30.997+0000: 1846.217: [GC [PSYoungGen: 301376K->1740K(318272K)] 634742K->335139K(1005248K), 0.0112490 secs] [Times: user=0.06 sys=0.00, real=0.01 secs] 
2014-07-16T07:59:32.102+0000: 1847.322: [GC [PSYoungGen: 318220K->1040K(308864K)] 651619K->334868K(995840K), 0.0074470 secs] [Times: user=0.05 sys=0.00, real=0.01 secs] 
2014-07-16T07:59:33.114+0000: 1848.334: [GC [PSYoungGen: 308814K->644K(300160K)] 642643K->334528K(987136K), 0.0058840 secs] [Times: user=0.03 sys=0.00, real=0.00 secs] 
2014-07-16T07:59:34.109+0000: 1849.329: [GC [PSYoungGen: 300030K->1158K(292672K)] 633915K->335090K(979648K), 0.0068950 secs] [Times: user=0.04 sys=0.00, real=0.01 secs] 
2014-07-16T07:59:35.090+0000: 1850.310: [GC [PSYoungGen: 292614K->976K(284800K)] 626546K->334964K(971776K), 0.0058050 secs] [Times: user=0.03 sys=0.00, real=0.01 secs] 
2014-07-16T07:59:35.980+0000: 1851.200: [GC [PSYoungGen: 284752K->1022K(277376K)] 618740K->335074K(964352K), 0.0101000 secs] [Times: user=0.05 sys=0.00, real=0.01 secs] 
2014-07-16T07:59:36.853+0000: 1852.073: [GC [PSYoungGen: 277374K->708K(270016K)] 611426K->334824K(956992K), 0.0068530 secs] [Times: user=0.05 sys=0.00, real=0.00 secs] 
2014-07-16T07:59:37.743+0000: 1852.963: [GC [PSYoungGen: 269956K->1260K(263680K)] 604072K->335456K(950656K), 0.0052860 secs] [Times: user=0.03 sys=0.00, real=0.00 secs] 
2014-07-16T07:59:38.573+0000: 1853.793: [GC [PSYoungGen: 263660K->594K(256448K)] 597856K->334854K(943424K), 0.0034560 secs] [Times: user=0.02 sys=0.00, real=0.01 secs] 
2014-07-16T07:59:39.439+0000: 1854.659: [GC [PSYoungGen: 256372K->1590K(251072K)] 590633K->335947K(938048K), 0.0074770 secs] [Times: user=0.04 sys=0.00, real=0.01 secs] 
2014-07-16T07:59:40.393+0000: 1855.613: [GC [PSYoungGen: 251062K->704K(244096K)] 585419K->335116K(931072K), 0.0073190 secs] [Times: user=0.03 sys=0.00, real=0.01 secs] 
2014-07-16T07:59:41.216+0000: 1856.436: [GC [PSYoungGen: 244094K->1532K(239040K)] 578507K->336025K(926016K), 0.0105980 secs] [Times: user=0.06 sys=0.01, real=0.01 secs] 
2014-07-16T07:59:42.034+0000: 1857.254: [GC [PSYoungGen: 239036K->1008K(232896K)] 573529K->335564K(919872K), 0.0054420 secs] [Times: user=0.03 sys=0.00, real=0.00 secs] 
2014-07-16T07:59:42.809+0000: 1858.029: [GC [PSYoungGen: 232880K->1572K(228032K)] 567436K->336373K(915008K), 0.0068800 secs] [Times: user=0.05 sys=0.01, real=0.01 secs] 
2014-07-16T07:59:43.547+0000: 1858.767: [GC [PSYoungGen: 227990K->1168K(222400K)] 562791K->336040K(909376K), 0.0038350 secs] [Times: user=0.02 sys=0.00, real=0.00 secs] 
2014-07-16T07:59:44.260+0000: 1859.480: [GC [PSYoungGen: 222352K->804K(216960K)] 557224K->335756K(903936K), 0.0051770 secs] [Times: user=0.03 sys=0.00, real=0.01 secs] 
2014-07-16T07:59:45.005+0000: 1860.225: [GC [PSYoungGen: 216908K->1090K(212352K)] 551861K->336130K(899328K), 0.0081790 secs] [Times: user=0.06 sys=0.01, real=0.00 secs] 
2014-07-16T07:59:45.663+0000: 1860.883: [GC [PSYoungGen: 212290K->808K(207296K)] 547330K->335912K(894272K), 0.0082480 secs] [Times: user=0.05 sys=0.00, real=0.01 secs] 
2014-07-16T07:59:46.342+0000: 1861.562: [GC [PSYoungGen: 207243K->1240K(203200K)] 542347K->336416K(890176K), 0.0082860 secs] [Times: user=0.05 sys=0.00, real=0.01 secs] 
2014-07-16T07:59:46.977+0000: 1862.197: [GC [PSYoungGen: 203160K->1100K(243456K)] 538336K->336324K(930432K), 0.0111650 secs] [Times: user=0.07 sys=0.00, real=0.01 secs] 
2014-07-16T07:59:47.754+0000: 1862.974: [GC [PSYoungGen: 243383K->1168K(292032K)] 578608K->336496K(979008K), 0.0060020 secs] [Times: user=0.03 sys=0.00, real=0.00 secs] 
2014-07-16T07:59:48.743+0000: 1863.963: [GC [PSYoungGen: 291984K->940K(284096K)] 627312K->336324K(971072K), 0.0079650 secs] [Times: user=0.05 sys=0.01, real=0.01 secs] 
2014-07-16T07:59:49.652+0000: 1864.872: [GC [PSYoungGen: 284076K->580K(340416K)] 619460K->335996K(1027392K), 0.0119850 secs] [Times: user=0.07 sys=0.00, real=0.01 secs] 
2014-07-16T07:59:50.901+0000: 1866.121: [GC [PSYoungGen: 340356K->1268K(345856K)] 675772K->336740K(1032832K), 0.0105880 secs] [Times: user=0.05 sys=0.01, real=0.01 secs] 
2014-07-16T07:59:52.029+0000: 1867.249: [GC [PSYoungGen: 345391K->1026K(335424K)] 680863K->336554K(1022400K), 0.0046270 secs] [Times: user=0.02 sys=0.00, real=0.00 secs] 
2014-07-16T07:59:53.160+0000: 1868.380: [GC [PSYoungGen: 335362K->748K(325696K)] 670890K->336412K(1012672K), 0.0048000 secs] [Times: user=0.03 sys=0.00, real=0.01 secs] 
2014-07-16T07:59:54.195+0000: 1869.415: [GC [PSYoungGen: 325631K->1590K(317504K)] 661295K->337319K(1004480K), 0.0063380 secs] [Times: user=0.03 sys=0.00, real=0.00 secs] 
2014-07-16T07:59:55.304+0000: 1870.524: [GC [PSYoungGen: 317494K->640K(307904K)] 653222K->336464K(994880K), 0.0032200 secs] [Times: user=0.02 sys=0.00, real=0.01 secs] 
2014-07-16T07:59:56.257+0000: 1871.477: [GC [PSYoungGen: 307904K->744K(299712K)] 643728K->336616K(986688K), 0.0080510 secs] [Times: user=0.05 sys=0.00, real=0.00 secs] 
2014-07-16T07:59:57.216+0000: 1872.436: [GC [PSYoungGen: 299688K->926K(291904K)] 635560K->336878K(978880K), 0.0074720 secs] [Times: user=0.04 sys=0.00, real=0.01 secs] 
2014-07-16T07:59:58.144+0000: 1873.364: [GC [PSYoungGen: 291867K->1496K(284800K)] 627820K->337520K(971776K), 0.0040000 secs] [Times: user=0.02 sys=0.00, real=0.01 secs] 
2014-07-16T07:59:59.082+0000: 1874.302: [GC [PSYoungGen: 284760K->736K(276672K)] 620784K->336800K(963648K), 0.0057280 secs] [Times: user=0.02 sys=0.00, real=0.01 secs] 
2014-07-16T08:00:00.131+0000: 1875.351: [GC [PSYoungGen: 276640K->1854K(270656K)] 612704K->337998K(957632K), 0.0038230 secs] [Times: user=0.02 sys=0.00, real=0.00 secs] 
2014-07-16T08:00:01.044+0000: 1876.264: [GC [PSYoungGen: 270639K->1140K(263104K)] 606784K->337511K(950080K), 0.0087460 secs] [Times: user=0.04 sys=0.00, real=0.01 secs] 
2014-07-16T08:00:01.929+0000: 1877.149: [GC [PSYoungGen: 263092K->1022K(256384K)] 599463K->337473K(943360K), 0.0058590 secs] [Times: user=0.04 sys=0.00, real=0.00 secs] 
2014-07-16T08:00:02.790+0000: 1878.010: [GC [PSYoungGen: 256382K->1078K(250112K)] 592833K->337682K(937088K), 0.0062420 secs] [Times: user=0.04 sys=0.00, real=0.00 secs] 
2014-07-16T08:00:03.627+0000: 1878.847: [GC [PSYoungGen: 250071K->826K(243776K)] 586676K->337478K(930752K), 0.0049650 secs] [Times: user=0.03 sys=0.00, real=0.01 secs] 
2014-07-16T08:00:04.394+0000: 1879.614: [GC [PSYoungGen: 243770K->758K(237824K)] 580422K->337466K(924800K), 0.0138690 secs] [Times: user=0.08 sys=0.00, real=0.02 secs] 
2014-07-16T08:00:05.272+0000: 1880.492: [GC [PSYoungGen: 237737K->1628K(233088K)] 574446K->338385K(920064K), 0.0101360 secs] [Times: user=0.06 sys=0.00, real=0.01 secs] 
2014-07-16T08:00:05.929+0000: 1881.149: [GC [PSYoungGen: 233052K->580K(226624K)] 569809K->337408K(913600K), 0.0039020 secs] [Times: user=0.03 sys=0.00, real=0.00 secs] 
2014-07-16T08:00:06.669+0000: 1881.888: [GC [PSYoungGen: 226564K->982K(221760K)] 563392K->337866K(908736K), 0.0038350 secs] [Times: user=0.02 sys=0.00, real=0.00 secs] 
2014-07-16T08:00:07.389+0000: 1882.609: [GC [PSYoungGen: 221718K->854K(216576K)] 558602K->337818K(903552K), 0.0036430 secs] [Times: user=0.01 sys=0.01, real=0.00 secs] 
2014-07-16T08:00:08.092+0000: 1883.312: [GC [PSYoungGen: 216534K->694K(211520K)] 553498K->337714K(898496K), 0.0041740 secs] [Times: user=0.02 sys=0.00, real=0.00 secs] 
2014-07-16T08:00:08.754+0000: 1883.973: [GC [PSYoungGen: 211510K->972K(207104K)] 548530K->338089K(894080K), 0.0077940 secs] [Times: user=0.05 sys=0.00, real=0.01 secs] 
2014-07-16T08:00:09.434+0000: 1884.654: [GC [PSYoungGen: 207052K->1064K(202624K)] 544169K->338228K(889600K), 0.0048290 secs] [Times: user=0.02 sys=0.00, real=0.01 secs] 
2014-07-16T08:00:10.091+0000: 1885.311: [GC [PSYoungGen: 202600K->1390K(198528K)] 539764K->338611K(885504K), 0.0062920 secs] [Times: user=0.04 sys=0.00, real=0.00 secs] 
2014-07-16T08:00:10.916+0000: 1886.136: [GC [PSYoungGen: 198509K->1304K(194240K)] 535730K->338597K(881216K), 0.0060360 secs] [Times: user=0.04 sys=0.00, real=0.01 secs] 
2014-07-16T08:00:11.547+0000: 1886.767: [GC [PSYoungGen: 194200K->866K(189696K)] 531493K->338467K(876672K), 0.0038000 secs] [Times: user=0.02 sys=0.00, real=0.01 secs] 
2014-07-16T08:00:12.171+0000: 1887.391: [GC [PSYoungGen: 189666K->840K(185728K)] 527267K->338528K(872704K), 0.0048010 secs] [Times: user=0.03 sys=0.00, real=0.00 secs] 
2014-07-16T08:00:12.774+0000: 1887.994: [GC [PSYoungGen: 185672K->926K(181952K)] 523360K->338895K(868928K), 0.0075370 secs] [Times: user=0.05 sys=0.00, real=0.01 secs] 
2014-07-16T08:00:13.345+0000: 1888.565: [GC [PSYoungGen: 181913K->1400K(178688K)] 519882K->339441K(865664K), 0.0081790 secs] [Times: user=0.05 sys=0.00, real=0.01 secs] 
2014-07-16T08:00:13.935+0000: 1889.155: [GC [PSYoungGen: 178662K->940K(174656K)] 516703K->339077K(861632K), 0.0042180 secs] [Times: user=0.02 sys=0.00, real=0.01 secs] 
2014-07-16T08:00:14.471+0000: 1889.691: [GC [PSYoungGen: 174569K->822K(209280K)] 512706K->339023K(896256K), 0.0099020 secs] [Times: user=0.06 sys=0.00, real=0.01 secs] 
2014-07-16T08:00:15.123+0000: 1890.343: [GC [PSYoungGen: 209195K->1126K(204992K)] 547396K->339375K(891968K), 0.0038610 secs] [Times: user=0.01 sys=0.00, real=0.00 secs] 
2014-07-16T08:00:15.792+0000: 1891.012: [GC [PSYoungGen: 204927K->858K(200256K)] 543176K->339179K(887232K), 0.0035470 secs] [Times: user=0.02 sys=0.00, real=0.00 secs] 
2014-07-16T08:00:16.420+0000: 1891.640: [GC [PSYoungGen: 200218K->1318K(196416K)] 538539K->339703K(883392K), 0.0070190 secs] [Times: user=0.04 sys=0.00, real=0.00 secs] 
2014-07-16T08:00:17.048+0000: 1892.268: [GC [PSYoungGen: 196368K->858K(191808K)] 534753K->339299K(878784K), 0.0039680 secs] [Times: user=0.02 sys=0.01, real=0.01 secs] 
2014-07-16T08:00:17.643+0000: 1892.863: [GC [PSYoungGen: 191770K->1268K(230400K)] 530211K->340105K(917376K), 0.0095740 secs] [Times: user=0.06 sys=0.01, real=0.01 secs] 
2014-07-16T08:00:18.390+0000: 1893.610: [GC [PSYoungGen: 230388K->562K(275520K)] 569225K->339447K(962496K), 0.0075640 secs] [Times: user=0.04 sys=0.00, real=0.00 secs] 
2014-07-16T08:00:19.281+0000: 1894.501: [GC [PSYoungGen: 275506K->1318K(269248K)] 614391K->340291K(956224K), 0.0050390 secs] [Times: user=0.03 sys=0.00, real=0.00 secs] 
2014-07-16T08:00:20.170+0000: 1895.389: [GC [PSYoungGen: 269222K->772K(261952K)] 608195K->339809K(948928K), 0.0035210 secs] [Times: user=0.02 sys=0.00, real=0.00 secs] 
2014-07-16T08:00:21.087+0000: 1896.307: [GC [PSYoungGen: 261892K->1518K(256128K)] 600929K->340643K(943104K), 0.0064850 secs] [Times: user=0.05 sys=0.00, real=0.01 secs] 
2014-07-16T08:00:21.931+0000: 1897.151: [GC [PSYoungGen: 256110K->1322K(249664K)] 595235K->340495K(936640K), 0.0061570 secs] [Times: user=0.02 sys=0.00, real=0.00 secs] 
2014-07-16T08:00:22.738+0000: 1897.957: [GC [PSYoungGen: 249641K->1122K(243392K)] 588814K->340521K(930368K), 0.0035770 secs] [Times: user=0.02 sys=0.00, real=0.01 secs] 
2014-07-16T08:00:23.524+0000: 1898.744: [GC [PSYoungGen: 243362K->908K(237376K)] 582761K->340379K(924352K), 0.0063320 secs] [Times: user=0.04 sys=0.00, real=0.01 secs] 
2014-07-16T08:00:24.344+0000: 1899.564: [GC [PSYoungGen: 237324K->512K(231296K)] 576795K->340281K(918272K), 0.0094580 secs] [Times: user=0.06 sys=0.00, real=0.01 secs] 
2014-07-16T08:00:25.078+0000: 1900.298: [GC [PSYoungGen: 231294K->1784K(227136K)] 571064K->341609K(914112K), 0.0075190 secs] [Times: user=0.05 sys=0.00, real=0.01 secs] 
2014-07-16T08:00:25.931+0000: 1901.151: [GC [PSYoungGen: 227128K->1372K(221504K)] 566953K->341301K(908480K), 0.0080920 secs] [Times: user=0.06 sys=0.00, real=0.00 secs] 
2014-07-16T08:00:26.622+0000: 1901.842: [GC [PSYoungGen: 221377K->1464K(265600K)] 561306K->341473K(952576K), 0.0148870 secs] [Times: user=0.11 sys=0.00, real=0.01 secs] 
2014-07-16T08:00:27.429+0000: 1902.649: [GC [PSYoungGen: 265592K->1236K(312384K)] 605601K->341301K(999360K), 0.0123470 secs] [Times: user=0.08 sys=0.01, real=0.02 secs] 
2014-07-16T08:00:28.430+0000: 1903.650: [GC [PSYoungGen: 312212K->512K(313024K)] 652277K->340641K(1000000K), 0.0034390 secs] [Times: user=0.02 sys=0.00, real=0.01 secs] 
2014-07-16T08:00:29.449+0000: 1904.669: [GC [PSYoungGen: 311425K->976K(303552K)] 651554K->341153K(990528K), 0.0036630 secs] [Times: user=0.02 sys=0.00, real=0.01 secs] 
2014-07-16T08:00:30.498+0000: 1905.718: [GC [PSYoungGen: 303504K->936K(295360K)] 643681K->341193K(982336K), 0.0075450 secs] [Times: user=0.04 sys=0.00, real=0.01 secs] 
2014-07-16T08:00:31.529+0000: 1906.749: [GC [PSYoungGen: 295288K->726K(287360K)] 635545K->341039K(974336K), 0.0090310 secs] [Times: user=0.05 sys=0.00, real=0.01 secs] 
2014-07-16T08:00:32.476+0000: 1907.696: [GC [PSYoungGen: 287318K->1072K(280192K)] 627631K->341457K(967168K), 0.0037870 secs] [Times: user=0.02 sys=0.00, real=0.00 secs] 
2014-07-16T08:00:33.385+0000: 1908.605: [GC [PSYoungGen: 280176K->1018K(272896K)] 620561K->341483K(959872K), 0.0096960 secs] [Times: user=0.06 sys=0.00, real=0.01 secs] 
2014-07-16T08:00:34.350+0000: 1909.570: [GC [PSYoungGen: 272843K->1168K(266112K)] 613308K->341689K(953088K), 0.0107980 secs] [Times: user=0.06 sys=0.01, real=0.02 secs] 
2014-07-16T08:00:35.223+0000: 1910.443: [GC [PSYoungGen: 266064K->1258K(259520K)] 606585K->341827K(946496K), 0.0065420 secs] [Times: user=0.04 sys=0.00, real=0.00 secs] 
2014-07-16T08:00:36.120+0000: 1911.339: [GC [PSYoungGen: 259498K->676K(252544K)] 600067K->341309K(939520K), 0.0068940 secs] [Times: user=0.05 sys=0.00, real=0.01 secs] 
2014-07-16T08:00:36.925+0000: 1912.145: [GC [PSYoungGen: 252491K->1022K(246656K)] 593124K->341727K(933632K), 0.0033620 secs] [Times: user=0.02 sys=0.00, real=0.00 secs] 
2014-07-16T08:00:37.718+0000: 1912.938: [GC [PSYoungGen: 246654K->1204K(240896K)] 587359K->341973K(927872K), 0.0079520 secs] [Times: user=0.06 sys=0.00, real=0.01 secs] 
2014-07-16T08:00:38.492+0000: 1913.712: [GC [PSYoungGen: 240884K->754K(234688K)] 581653K->341587K(921664K), 0.0039450 secs] [Times: user=0.03 sys=0.00, real=0.01 secs] 
2014-07-16T08:00:39.233+0000: 1914.453: [GC [PSYoungGen: 234674K->1132K(229568K)] 575507K->342029K(916544K), 0.0090560 secs] [Times: user=0.05 sys=0.00, real=0.01 secs] 
2014-07-16T08:00:39.972+0000: 1915.192: [GC [PSYoungGen: 229548K->1044K(275200K)] 570445K->341973K(962176K), 0.0125650 secs] [Times: user=0.08 sys=0.00, real=0.01 secs] 
2014-07-16T08:00:41.015+0000: 1916.235: [GC [PSYoungGen: 275144K->1192K(268288K)] 616073K->342233K(955264K), 0.0056600 secs] [Times: user=0.03 sys=0.00, real=0.00 secs] 
2014-07-16T08:00:41.916+0000: 1917.136: [GC [PSYoungGen: 268264K->944K(261248K)] 609305K->342145K(948224K), 0.0078900 secs] [Times: user=0.04 sys=0.00, real=0.01 secs] 
2014-07-16T08:00:42.757+0000: 1917.977: [GC [PSYoungGen: 261231K->1032K(254848K)] 602432K->342289K(941824K), 0.0074570 secs] [Times: user=0.03 sys=0.01, real=0.01 secs] 
2014-07-16T08:00:43.615+0000: 1918.835: [GC [PSYoungGen: 254792K->1076K(248576K)] 596049K->342439K(935552K), 0.0035570 secs] [Times: user=0.02 sys=0.00, real=0.00 secs] 
2014-07-16T08:00:44.459+0000: 1919.679: [GC [PSYoungGen: 248564K->926K(242432K)] 589927K->342345K(929408K), 0.0046310 secs] [Times: user=0.02 sys=0.00, real=0.01 secs] 
2014-07-16T08:00:45.233+0000: 1920.453: [GC [PSYoungGen: 242398K->930K(236608K)] 583817K->342685K(923584K), 0.0079960 secs] [Times: user=0.04 sys=0.00, real=0.00 secs] 
2014-07-16T08:00:45.945+0000: 1921.164: [GC [PSYoungGen: 236578K->976K(231104K)] 578333K->342787K(918080K), 0.0092700 secs] [Times: user=0.06 sys=0.00, real=0.01 secs] 
2014-07-16T08:00:46.693+0000: 1921.913: [GC [PSYoungGen: 231040K->918K(225664K)] 572851K->342841K(912640K), 0.0039350 secs] [Times: user=0.03 sys=0.00, real=0.01 secs] 
2014-07-16T08:00:47.441+0000: 1922.661: [GC [PSYoungGen: 225622K->1226K(220800K)] 567545K->343181K(907776K), 0.0114350 secs] [Times: user=0.07 sys=0.00, real=0.01 secs] 
2014-07-16T08:00:48.163+0000: 1923.383: [GC [PSYoungGen: 220746K->762K(264192K)] 562701K->343151K(951168K), 0.0085560 secs] [Times: user=0.05 sys=0.00, real=0.01 secs] 
2014-07-16T08:00:49.000+0000: 1924.220: [GC [PSYoungGen: 264186K->890K(317056K)] 606575K->343335K(1004032K), 0.0104370 secs] [Times: user=0.06 sys=0.00, real=0.01 secs] 
2014-07-16T08:00:50.049+0000: 1925.269: [GC [PSYoungGen: 317033K->1268K(308736K)] 659478K->343851K(995712K), 0.0042780 secs] [Times: user=0.02 sys=0.00, real=0.00 secs] 
2014-07-16T08:00:51.254+0000: 1926.474: [GC [PSYoungGen: 308724K->840K(300032K)] 651307K->343463K(987008K), 0.0051220 secs] [Times: user=0.02 sys=0.00, real=0.00 secs] 
2014-07-16T08:00:52.214+0000: 1927.434: [GC [PSYoungGen: 299976K->900K(292096K)] 642599K->343627K(979072K), 0.0068830 secs] [Times: user=0.05 sys=0.00, real=0.01 secs] 
2014-07-16T08:00:53.146+0000: 1928.366: [GC [PSYoungGen: 292036K->1396K(284864K)] 634763K->344203K(971840K), 0.0041470 secs] [Times: user=0.02 sys=0.00, real=0.00 secs] 
2014-07-16T08:00:54.080+0000: 1929.300: [GC [PSYoungGen: 284852K->738K(276864K)] 627659K->344173K(963840K), 0.0119500 secs] [Times: user=0.07 sys=0.00, real=0.01 secs] 
2014-07-16T08:00:54.992+0000: 1930.212: [GC [PSYoungGen: 276798K->1404K(270400K)] 620233K->344887K(957376K), 0.0127060 secs] [Times: user=0.08 sys=0.00, real=0.02 secs] 
2014-07-16T08:00:55.864+0000: 1931.084: [GC [PSYoungGen: 270396K->862K(263040K)] 613879K->344655K(950016K), 0.0047270 secs] [Times: user=0.01 sys=0.00, real=0.01 secs] 
2014-07-16T08:00:56.781+0000: 1932.001: [GC [PSYoungGen: 263006K->626K(256192K)] 606799K->344475K(943168K), 0.0071220 secs] [Times: user=0.05 sys=0.00, real=0.01 secs] 
2014-07-16T08:00:57.575+0000: 1932.795: [GC [PSYoungGen: 256178K->754K(249984K)] 600027K->344707K(936960K), 0.0082900 secs] [Times: user=0.05 sys=0.00, real=0.01 secs] 
2014-07-16T08:00:58.423+0000: 1933.643: [GC [PSYoungGen: 249948K->1318K(244480K)] 593901K->345383K(931456K), 0.0110430 secs] [Times: user=0.07 sys=0.00, real=0.01 secs] 
2014-07-16T08:00:59.198+0000: 1934.418: [GC [PSYoungGen: 244454K->1058K(238336K)] 588519K->345179K(925312K), 0.0040410 secs] [Times: user=0.02 sys=0.00, real=0.00 secs] 
2014-07-16T08:00:59.993+0000: 1935.213: [GC [PSYoungGen: 238306K->1104K(285888K)] 582427K->345281K(972864K), 0.0123390 secs] [Times: user=0.04 sys=0.01, real=0.02 secs] 
2014-07-16T08:01:00.914+0000: 1936.134: [GC [PSYoungGen: 285840K->794K(342528K)] 630017K->345019K(1029504K), 0.0125990 secs] [Times: user=0.07 sys=0.00, real=0.02 secs] 
2014-07-16T08:01:02.171+0000: 1937.391: [GC [PSYoungGen: 342490K->1008K(351936K)] 686715K->345281K(1038912K), 0.0105300 secs] [Times: user=0.05 sys=0.00, real=0.01 secs] 
2014-07-16T08:01:03.356+0000: 1938.576: [GC [PSYoungGen: 351280K->1322K(341568K)] 695553K->345643K(1028544K), 0.0079720 secs] [Times: user=0.05 sys=0.00, real=0.01 secs] 
2014-07-16T08:01:04.493+0000: 1939.713: [GC [PSYoungGen: 341546K->1158K(331776K)] 685867K->345519K(1018752K), 0.0040850 secs] [Times: user=0.01 sys=0.00, real=0.01 secs] 
2014-07-16T08:01:05.583+0000: 1940.803: [GC [PSYoungGen: 331718K->826K(322112K)] 676079K->345405K(1009088K), 0.0051360 secs] [Times: user=0.02 sys=0.00, real=0.01 secs] 
2014-07-16T08:01:06.708+0000: 1941.928: [GC [PSYoungGen: 322046K->1576K(313984K)] 666625K->346353K(1000960K), 0.0040300 secs] [Times: user=0.02 sys=0.00, real=0.00 secs] 
2014-07-16T08:01:07.640+0000: 1942.860: [GC [PSYoungGen: 313934K->830K(304704K)] 658711K->345883K(991680K), 0.0039480 secs] [Times: user=0.02 sys=0.00, real=0.00 secs] 
2014-07-16T08:01:08.581+0000: 1943.801: [GC [PSYoungGen: 304702K->794K(296512K)] 649755K->345903K(983488K), 0.0090870 secs] [Times: user=0.05 sys=0.00, real=0.01 secs] 
2014-07-16T08:01:09.508+0000: 1944.728: [GC [PSYoungGen: 296474K->1268K(289088K)] 641583K->346591K(976064K), 0.0083950 secs] [Times: user=0.05 sys=0.00, real=0.00 secs] 
2014-07-16T08:01:10.519+0000: 1945.738: [GC [PSYoungGen: 289076K->1200K(281472K)] 634399K->346611K(968448K), 0.0054700 secs] [Times: user=0.03 sys=0.00, real=0.00 secs] 
2014-07-16T08:01:11.559+0000: 1946.779: [GC [PSYoungGen: 281456K->882K(273856K)] 626867K->346541K(960832K), 0.0076320 secs] [Times: user=0.05 sys=0.00, real=0.01 secs] 
2014-07-16T08:01:12.426+0000: 1947.646: [GC [PSYoungGen: 273842K->672K(266688K)] 619501K->346411K(953664K), 0.0056430 secs] [Times: user=0.04 sys=0.01, real=0.01 secs] 
2014-07-16T08:01:13.330+0000: 1948.550: [GC [PSYoungGen: 266654K->1482K(260800K)] 612393K->347309K(947776K), 0.0045130 secs] [Times: user=0.02 sys=0.00, real=0.00 secs] 
2014-07-16T08:01:14.180+0000: 1949.400: [GC [PSYoungGen: 260746K->896K(253696K)] 606573K->346771K(940672K), 0.0077010 secs] [Times: user=0.03 sys=0.01, real=0.00 secs] 
2014-07-16T08:01:15.085+0000: 1950.304: [GC [PSYoungGen: 253695K->1060K(247680K)] 599571K->347063K(934656K), 0.0084040 secs] [Times: user=0.05 sys=0.00, real=0.01 secs] 
2014-07-16T08:01:15.852+0000: 1951.072: [GC [PSYoungGen: 247652K->708K(241344K)] 593655K->346815K(928320K), 0.0091960 secs] [Times: user=0.06 sys=0.00, real=0.01 secs] 
2014-07-16T08:01:16.722+0000: 1951.942: [GC [PSYoungGen: 241284K->1508K(236352K)] 587391K->347727K(923328K), 0.0074120 secs] [Times: user=0.05 sys=0.01, real=0.01 secs] 
2014-07-16T08:01:17.484+0000: 1952.704: [GC [PSYoungGen: 236282K->1586K(230848K)] 582502K->347925K(917824K), 0.0061590 secs] [Times: user=0.04 sys=0.00, real=0.01 secs] 
2014-07-16T08:01:18.180+0000: 1953.400: [GC [PSYoungGen: 230832K->634K(224512K)] 577172K->347249K(911488K), 0.0100470 secs] [Times: user=0.07 sys=0.00, real=0.01 secs] 
2014-07-16T08:01:18.918+0000: 1954.138: [GC [PSYoungGen: 224454K->1888K(270592K)] 571070K->348583K(957568K), 0.0108370 secs] [Times: user=0.07 sys=0.00, real=0.02 secs] 
2014-07-16T08:01:19.769+0000: 1954.989: [GC [PSYoungGen: 270555K->1176K(323648K)] 617251K->348001K(1010624K), 0.0076310 secs] [Times: user=0.04 sys=0.00, real=0.00 secs] 
2014-07-16T08:01:20.794+0000: 1956.014: [GC [PSYoungGen: 323608K->1000K(314560K)] 670433K->347921K(1001536K), 0.0060630 secs] [Times: user=0.04 sys=0.00, real=0.01 secs] 
2014-07-16T08:01:21.934+0000: 1957.154: [GC [PSYoungGen: 314536K->1218K(306240K)] 661457K->348243K(993216K), 0.0041490 secs] [Times: user=0.02 sys=0.00, real=0.01 secs] 
2014-07-16T08:01:22.876+0000: 1958.096: [GC [PSYoungGen: 306178K->512K(297216K)] 653203K->347609K(984192K), 0.0064530 secs] [Times: user=0.04 sys=0.01, real=0.01 secs] 
2014-07-16T08:01:23.890+0000: 1959.110: [GC [PSYoungGen: 297216K->1918K(290688K)] 644313K->349072K(977664K), 0.0066150 secs] [Times: user=0.05 sys=0.00, real=0.00 secs] 
2014-07-16T08:01:24.807+0000: 1960.026: [GC [PSYoungGen: 290686K->758K(281920K)] 637840K->347967K(968896K), 0.0088240 secs] [Times: user=0.06 sys=0.00, real=0.01 secs] 
2014-07-16T08:01:25.761+0000: 1960.981: [GC [PSYoungGen: 281896K->1400K(275264K)] 629105K->348705K(962240K), 0.0042590 secs] [Times: user=0.03 sys=0.00, real=0.00 secs] 
2014-07-16T08:01:26.620+0000: 1961.840: [GC [PSYoungGen: 275256K->626K(267456K)] 622561K->348003K(954432K), 0.0080200 secs] [Times: user=0.04 sys=0.00, real=0.00 secs] 
2014-07-16T08:01:27.625+0000: 1962.845: [GC [PSYoungGen: 267418K->1268K(261312K)] 614796K->348717K(948288K), 0.0075860 secs] [Times: user=0.05 sys=0.00, real=0.01 secs] 
2014-07-16T08:01:28.444+0000: 1963.664: [GC [PSYoungGen: 261300K->676K(254208K)] 608749K->348189K(941184K), 0.0070530 secs] [Times: user=0.04 sys=0.00, real=0.01 secs] 
2014-07-16T08:01:29.262+0000: 1964.482: [GC [PSYoungGen: 254180K->612K(247872K)] 601693K->348189K(934848K), 0.0075300 secs] [Times: user=0.05 sys=0.01, real=0.00 secs] 
2014-07-16T08:01:30.085+0000: 1965.305: [GC [PSYoungGen: 247844K->1222K(242496K)] 595421K->348855K(929472K), 0.0072500 secs] [Times: user=0.04 sys=0.00, real=0.01 secs] 
2014-07-16T08:01:30.848+0000: 1966.068: [GC [PSYoungGen: 242398K->968K(236416K)] 590032K->348665K(923392K), 0.0083480 secs] [Times: user=0.05 sys=0.00, real=0.01 secs] 
2014-07-16T08:01:31.621+0000: 1966.841: [GC [PSYoungGen: 236360K->822K(230656K)] 584057K->348591K(917632K), 0.0068410 secs] [Times: user=0.05 sys=0.00, real=0.00 secs] 
2014-07-16T08:01:32.486+0000: 1967.706: [GC [PSYoungGen: 230646K->858K(225344K)] 578415K->348683K(912320K), 0.0062540 secs] [Times: user=0.03 sys=0.01, real=0.01 secs] 
2014-07-16T08:01:33.248+0000: 1968.468: [GC [PSYoungGen: 225306K->1128K(220416K)] 573131K->349057K(907392K), 0.0102450 secs] [Times: user=0.06 sys=0.00, real=0.01 secs] 
2014-07-16T08:01:33.992+0000: 1969.212: [GC [PSYoungGen: 220353K->1492K(215808K)] 568283K->349501K(902784K), 0.0050920 secs] [Times: user=0.03 sys=0.00, real=0.00 secs] 
2014-07-16T08:01:34.708+0000: 1969.928: [GC [PSYoungGen: 215666K->1086K(210560K)] 563676K->349167K(897536K), 0.0059540 secs] [Times: user=0.03 sys=0.00, real=0.01 secs] 
2014-07-16T08:01:35.398+0000: 1970.618: [GC [PSYoungGen: 210519K->886K(205696K)] 558601K->349055K(892672K), 0.0050180 secs] [Times: user=0.03 sys=0.00, real=0.01 secs] 
2014-07-16T08:01:36.139+0000: 1971.359: [GC [PSYoungGen: 205686K->904K(201280K)] 553855K->349121K(888256K), 0.0080940 secs] [Times: user=0.05 sys=0.00, real=0.01 secs] 
2014-07-16T08:01:36.757+0000: 1971.976: [GC [PSYoungGen: 201214K->1236K(241664K)] 549432K->349533K(928640K), 0.0125290 secs] [Times: user=0.07 sys=0.00, real=0.01 secs] 
2014-07-16T08:01:37.610+0000: 1972.830: [GC [PSYoungGen: 241620K->1288K(235968K)] 589917K->349657K(922944K), 0.0039300 secs] [Times: user=0.02 sys=0.00, real=0.01 secs] 
2014-07-16T08:01:38.343+0000: 1973.563: [GC [PSYoungGen: 235841K->994K(230080K)] 584211K->349625K(917056K), 0.0038820 secs] [Times: user=0.02 sys=0.00, real=0.00 secs] 
2014-07-16T08:01:39.111+0000: 1974.331: [GC [PSYoungGen: 230048K->1770K(225472K)] 578680K->350647K(912448K), 0.0042640 secs] [Times: user=0.02 sys=0.00, real=0.00 secs] 
2014-07-16T08:01:39.813+0000: 1975.033: [GC [PSYoungGen: 225450K->802K(219328K)] 574327K->350119K(906304K), 0.0078650 secs] [Times: user=0.04 sys=0.00, real=0.01 secs] 
2014-07-16T08:01:40.499+0000: 1975.719: [GC [PSYoungGen: 219298K->1126K(214656K)] 568615K->350532K(901632K), 0.0049520 secs] [Times: user=0.03 sys=0.01, real=0.01 secs] 
2014-07-16T08:01:41.180+0000: 1976.400: [GC [PSYoungGen: 214629K->904K(209664K)] 564035K->350555K(896640K), 0.0097140 secs] [Times: user=0.07 sys=0.00, real=0.01 secs] 
2014-07-16T08:01:41.862+0000: 1977.082: [GC [PSYoungGen: 209608K->1054K(205184K)] 559259K->350794K(892160K), 0.0053760 secs] [Times: user=0.03 sys=0.00, real=0.00 secs] 
2014-07-16T08:01:42.613+0000: 1977.833: [GC [PSYoungGen: 205150K->890K(200512K)] 554890K->350677K(887488K), 0.0078770 secs] [Times: user=0.04 sys=0.00, real=0.00 secs] 
2014-07-16T08:01:43.287+0000: 1978.507: [GC [PSYoungGen: 200506K->1314K(196608K)] 550293K->351198K(883584K), 0.0070470 secs] [Times: user=0.04 sys=0.00, real=0.01 secs] 
2014-07-16T08:01:43.942+0000: 1979.162: [GC [PSYoungGen: 196578K->776K(191936K)] 546462K->350723K(878912K), 0.0036770 secs] [Times: user=0.03 sys=0.00, real=0.01 secs] 
2014-07-16T08:01:44.562+0000: 1979.782: [GC [PSYoungGen: 191880K->1050K(188160K)] 541827K->351078K(875136K), 0.0047590 secs] [Times: user=0.03 sys=0.00, real=0.00 secs] 
2014-07-16T08:01:45.181+0000: 1980.401: [GC [PSYoungGen: 188122K->1104K(184320K)] 538150K->351196K(871296K), 0.0085970 secs] [Times: user=0.06 sys=0.00, real=0.01 secs] 
2014-07-16T08:01:45.827+0000: 1981.047: [GC [PSYoungGen: 184272K->1506K(221376K)] 534364K->351702K(908352K), 0.0113530 secs] [Times: user=0.07 sys=0.01, real=0.01 secs] 
2014-07-16T08:01:46.551+0000: 1981.771: [GC [PSYoungGen: 221320K->802K(264640K)] 571516K->351362K(951616K), 0.0128800 secs] [Times: user=0.07 sys=0.00, real=0.02 secs] 
2014-07-16T08:01:47.475+0000: 1982.694: [GC [PSYoungGen: 264571K->1550K(318208K)] 615131K->352182K(1005184K), 0.0053770 secs] [Times: user=0.03 sys=0.00, real=0.00 secs] 
2014-07-16T08:01:48.505+0000: 1983.725: [GC [PSYoungGen: 318158K->776K(308736K)] 668790K->351604K(995712K), 0.0052520 secs] [Times: user=0.03 sys=0.00, real=0.00 secs] 
2014-07-16T08:01:49.482+0000: 1984.702: [GC [PSYoungGen: 308680K->580K(300224K)] 659508K->351456K(987200K), 0.0044250 secs] [Times: user=0.02 sys=0.00, real=0.01 secs] 
2014-07-16T08:01:50.413+0000: 1985.633: [GC [PSYoungGen: 300164K->772K(292416K)] 651040K->351712K(979392K), 0.0036810 secs] [Times: user=0.01 sys=0.00, real=0.00 secs] 
2014-07-16T08:01:51.345+0000: 1986.565: [GC [PSYoungGen: 292313K->1176K(285120K)] 643253K->352172K(972096K), 0.0075770 secs] [Times: user=0.04 sys=0.00, real=0.00 secs] 
2014-07-16T08:01:52.409+0000: 1987.629: [GC [PSYoungGen: 285022K->1204K(277696K)] 636018K->352248K(964672K), 0.0043280 secs] [Times: user=0.02 sys=0.00, real=0.01 secs] 
2014-07-16T08:01:53.274+0000: 1988.494: [GC [PSYoungGen: 277684K->986K(270400K)] 628728K->352094K(957376K), 0.0089640 secs] [Times: user=0.05 sys=0.00, real=0.01 secs] 
2014-07-16T08:01:54.188+0000: 1989.408: [GC [PSYoungGen: 270362K->1404K(263936K)] 621470K->352732K(950912K), 0.0041220 secs] [Times: user=0.02 sys=0.00, real=0.00 secs] 
2014-07-16T08:01:55.121+0000: 1990.341: [GC [PSYoungGen: 263932K->1268K(257216K)] 615260K->352676K(944192K), 0.0043390 secs] [Times: user=0.02 sys=0.00, real=0.01 secs] 
2014-07-16T08:01:55.971+0000: 1991.191: [GC [PSYoungGen: 257167K->1060K(250688K)] 608575K->352540K(937664K), 0.0048080 secs] [Times: user=0.02 sys=0.00, real=0.01 secs] 
2014-07-16T08:01:56.887+0000: 1992.107: [GC [PSYoungGen: 250652K->904K(244480K)] 602132K->352448K(931456K), 0.0035330 secs] [Times: user=0.01 sys=0.00, real=0.00 secs] 
2014-07-16T08:01:57.727+0000: 1992.947: [GC [PSYoungGen: 244375K->1372K(239040K)] 595919K->353004K(926016K), 0.0053160 secs] [Times: user=0.03 sys=0.00, real=0.00 secs] 
2014-07-16T08:01:58.469+0000: 1993.689: [GC [PSYoungGen: 239004K->876K(232832K)] 590636K->352556K(919808K), 0.0048730 secs] [Times: user=0.02 sys=0.00, real=0.01 secs] 
2014-07-16T08:01:59.216+0000: 1994.436: [GC [PSYoungGen: 232812K->1308K(227840K)] 584492K->353084K(914816K), 0.0076060 secs] [Times: user=0.03 sys=0.00, real=0.00 secs] 
2014-07-16T08:01:59.907+0000: 1995.127: [GC [PSYoungGen: 227804K->1036K(272896K)] 579580K->352860K(959872K), 0.0139730 secs] [Times: user=0.07 sys=0.00, real=0.01 secs] 
2014-07-16T08:02:00.802+0000: 1996.022: [GC [PSYoungGen: 272827K->1186K(266112K)] 624651K->353074K(953088K), 0.0035130 secs] [Times: user=0.02 sys=0.00, real=0.01 secs] 
2014-07-16T08:02:01.661+0000: 1996.881: [GC [PSYoungGen: 266082K->1058K(259328K)] 617970K->353018K(946304K), 0.0060560 secs] [Times: user=0.04 sys=0.00, real=0.01 secs] 
2014-07-16T08:02:02.639+0000: 1997.859: [GC [PSYoungGen: 259298K->1168K(253056K)] 611258K->353192K(940032K), 0.0036530 secs] [Times: user=0.02 sys=0.00, real=0.00 secs] 
2014-07-16T08:02:03.424+0000: 1998.644: [GC [PSYoungGen: 253008K->1094K(246784K)] 605032K->353174K(933760K), 0.0066460 secs] [Times: user=0.04 sys=0.00, real=0.01 secs] 
2014-07-16T08:02:04.197+0000: 1999.417: [GC [PSYoungGen: 246717K->998K(240704K)] 598797K->353474K(927680K), 0.0101590 secs] [Times: user=0.06 sys=0.00, real=0.01 secs] 
2014-07-16T08:02:04.975+0000: 2000.195: [GC [PSYoungGen: 240678K->1632K(235584K)] 593154K->354212K(922560K), 0.0071730 secs] [Times: user=0.04 sys=0.00, real=0.00 secs] 
2014-07-16T08:02:05.753+0000: 2000.973: [GC [PSYoungGen: 235552K->674K(229120K)] 588132K->353900K(916096K), 0.0032520 secs] [Times: user=0.02 sys=0.00, real=0.01 secs] 
2014-07-16T08:02:06.474+0000: 2001.694: [GC [PSYoungGen: 229090K->1154K(224320K)] 582316K->354452K(911296K), 0.0059670 secs] [Times: user=0.02 sys=0.00, real=0.01 secs] 
2014-07-16T08:02:07.262+0000: 2002.482: [GC [PSYoungGen: 224258K->926K(218944K)] 577556K->354436K(905920K), 0.0090910 secs] [Times: user=0.02 sys=0.00, real=0.01 secs] 
2014-07-16T08:02:08.068+0000: 2003.288: [GC [PSYoungGen: 218910K->1154K(214208K)] 572420K->354728K(901184K), 0.0079210 secs] [Times: user=0.05 sys=0.00, real=0.00 secs] 
2014-07-16T08:02:08.753+0000: 2003.973: [GC [PSYoungGen: 214113K->986K(209216K)] 567687K->354624K(896192K), 0.0086270 secs] [Times: user=0.06 sys=0.00, real=0.01 secs] 
2014-07-16T08:02:09.408+0000: 2004.628: [GC [PSYoungGen: 209178K->840K(250752K)] 562816K->354534K(937728K), 0.0094940 secs] [Times: user=0.06 sys=0.00, real=0.01 secs] 
2014-07-16T08:02:10.219+0000: 2005.439: [GC [PSYoungGen: 250696K->1406K(301248K)] 604390K->355148K(988224K), 0.0160090 secs] [Times: user=0.11 sys=0.00, real=0.01 secs] 
2014-07-16T08:02:11.176+0000: 2006.396: [GC [PSYoungGen: 301223K->868K(356160K)] 654966K->354706K(1043136K), 0.0065520 secs] [Times: user=0.05 sys=0.00, real=0.00 secs] 
2014-07-16T08:02:12.334+0000: 2007.554: [GC [PSYoungGen: 355300K->690K(344896K)] 709138K->354584K(1031872K), 0.0067610 secs] [Times: user=0.04 sys=0.00, real=0.01 secs] 
2014-07-16T08:02:13.578+0000: 2008.798: [GC [PSYoungGen: 344872K->808K(335232K)] 698766K->354774K(1022208K), 0.0048500 secs] [Times: user=0.01 sys=0.00, real=0.00 secs] 
2014-07-16T08:02:14.744+0000: 2009.964: [GC [PSYoungGen: 335208K->754K(325760K)] 689174K->354816K(1012736K), 0.0034010 secs] [Times: user=0.02 sys=0.01, real=0.01 secs] 
2014-07-16T08:02:15.850+0000: 2011.070: [GC [PSYoungGen: 325746K->1492K(317504K)] 679808K->355634K(1004480K), 0.0079710 secs] [Times: user=0.04 sys=0.01, real=0.01 secs] 
2014-07-16T08:02:16.890+0000: 2012.110: [GC [PSYoungGen: 317460K->1194K(308544K)] 671602K->355500K(995520K), 0.0063930 secs] [Times: user=0.05 sys=0.00, real=0.00 secs] 
2014-07-16T08:02:18.104+0000: 2013.324: [GC [PSYoungGen: 308522K->950K(299968K)] 662828K->355320K(986944K), 0.0077980 secs] [Times: user=0.05 sys=0.00, real=0.01 secs] 
2014-07-16T08:02:19.094+0000: 2014.314: [GC [PSYoungGen: 299880K->1442K(292480K)] 654250K->356038K(979456K), 0.0066340 secs] [Times: user=0.04 sys=0.00, real=0.01 secs] 
2014-07-16T08:02:20.008+0000: 2015.228: [GC [PSYoungGen: 292365K->1172K(284544K)] 646961K->355832K(971520K), 0.0110100 secs] [Times: user=0.07 sys=0.01, real=0.02 secs] 
2014-07-16T08:02:20.995+0000: 2016.215: [GC [PSYoungGen: 284463K->1208K(277184K)] 639123K->356122K(964160K), 0.0081440 secs] [Times: user=0.05 sys=0.00, real=0.01 secs] 
2014-07-16T08:02:21.889+0000: 2017.109: [GC [PSYoungGen: 277169K->1118K(270016K)] 632084K->356136K(956992K), 0.0059480 secs] [Times: user=0.04 sys=0.01, real=0.00 secs] 
2014-07-16T08:02:22.916+0000: 2018.136: [GC [PSYoungGen: 269982K->1154K(263232K)] 625000K->356294K(950208K), 0.0049010 secs] [Times: user=0.03 sys=0.01, real=0.01 secs] 
2014-07-16T08:02:23.759+0000: 2018.979: [GC [PSYoungGen: 263170K->1158K(256640K)] 618310K->356346K(943616K), 0.0121060 secs] [Times: user=0.07 sys=0.01, real=0.01 secs] 
2014-07-16T08:02:24.592+0000: 2019.812: [GC [PSYoungGen: 256578K->1008K(250112K)] 611766K->356252K(937088K), 0.0050130 secs] [Times: user=0.03 sys=0.00, real=0.00 secs] 
2014-07-16T08:02:25.431+0000: 2020.651: [GC [PSYoungGen: 250096K->608K(243648K)] 605340K->355908K(930624K), 0.0046480 secs] [Times: user=0.02 sys=0.00, real=0.00 secs] 
2014-07-16T08:02:26.215+0000: 2021.435: [GC [PSYoungGen: 243616K->836K(238016K)] 598916K->356216K(924992K), 0.0070020 secs] [Times: user=0.05 sys=0.00, real=0.01 secs] 
2014-07-16T08:02:27.013+0000: 2022.233: [GC [PSYoungGen: 237956K->872K(232384K)] 593336K->356316K(919360K), 0.0087940 secs] [Times: user=0.05 sys=0.00, real=0.01 secs] 
2014-07-16T08:02:27.774+0000: 2022.994: [GC [PSYoungGen: 232360K->1122K(227200K)] 587804K->356622K(914176K), 0.0081150 secs] [Times: user=0.05 sys=0.00, real=0.01 secs] 
2014-07-16T08:02:28.641+0000: 2023.861: [GC [PSYoungGen: 227168K->940K(221760K)] 582668K->356504K(908736K), 0.0116280 secs] [Times: user=0.08 sys=0.00, real=0.01 secs] 
2014-07-16T08:02:29.358+0000: 2024.578: [GC [PSYoungGen: 221740K->1272K(266240K)] 577304K->357392K(953216K), 0.0187740 secs] [Times: user=0.11 sys=0.00, real=0.02 secs] 
2014-07-16T08:02:30.213+0000: 2025.433: [GC [PSYoungGen: 266219K->1122K(319104K)] 622339K->357298K(1006080K), 0.0071010 secs] [Times: user=0.03 sys=0.00, real=0.01 secs] 
2014-07-16T08:02:31.265+0000: 2026.485: [GC [PSYoungGen: 319074K->658K(347328K)] 675250K->356996K(1034304K), 0.0042650 secs] [Times: user=0.02 sys=0.00, real=0.01 secs] 
2014-07-16T08:02:32.377+0000: 2027.597: [GC [PSYoungGen: 346642K->1746K(337920K)] 702980K->358140K(1024896K), 0.0056780 secs] [Times: user=0.03 sys=0.01, real=0.01 secs] 
2014-07-16T08:02:33.622+0000: 2028.842: [GC [PSYoungGen: 337874K->64K(326720K)] 694268K->357418K(1013696K), 0.0047130 secs] [Times: user=0.03 sys=0.00, real=0.00 secs] 
2014-07-16T08:02:34.695+0000: 2029.915: [GC [PSYoungGen: 326681K->1904K(319488K)] 684036K->359676K(1006464K), 0.0092550 secs] [Times: user=0.06 sys=0.00, real=0.01 secs] 
2014-07-16T08:02:35.741+0000: 2030.961: [GC [PSYoungGen: 319472K->1004K(309888K)] 677244K->359628K(996864K), 0.0072950 secs] [Times: user=0.04 sys=0.01, real=0.00 secs] 
2014-07-16T08:02:36.824+0000: 2032.044: [GC [PSYoungGen: 309840K->1254K(301760K)] 668465K->360033K(988736K), 0.0062210 secs] [Times: user=0.03 sys=0.01, real=0.01 secs] 
2014-07-16T08:02:37.786+0000: 2033.006: [GC [PSYoungGen: 301643K->922K(293376K)] 660422K->359756K(980352K), 0.0078780 secs] [Times: user=0.05 sys=0.00, real=0.01 secs] 
2014-07-16T08:02:38.798+0000: 2034.018: [GC [PSYoungGen: 293338K->968K(285696K)] 652172K->359874K(972672K), 0.0082540 secs] [Times: user=0.05 sys=0.00, real=0.01 secs] 
2014-07-16T08:02:39.703+0000: 2034.923: [GC [PSYoungGen: 285640K->594K(277888K)] 644546K->359548K(964864K), 0.0048790 secs] [Times: user=0.02 sys=0.00, real=0.00 secs] 
2014-07-16T08:02:40.586+0000: 2035.806: [GC [PSYoungGen: 277842K->1294K(271424K)] 636796K->360281K(958400K), 0.0115950 secs] [Times: user=0.07 sys=0.01, real=0.01 secs] 
2014-07-16T08:02:41.459+0000: 2036.679: [GC [PSYoungGen: 271374K->1228K(264512K)] 630361K->360294K(951488K), 0.0060490 secs] [Times: user=0.02 sys=0.00, real=0.01 secs] 
2014-07-16T08:02:42.305+0000: 2037.525: [GC [PSYoungGen: 264460K->708K(257408K)] 623526K->359838K(944384K), 0.0061350 secs] [Times: user=0.04 sys=0.00, real=0.01 secs] 
2014-07-16T08:02:43.181+0000: 2038.401: [GC [PSYoungGen: 257308K->1296K(251584K)] 616439K->360490K(938560K), 0.0114210 secs] [Times: user=0.07 sys=0.00, real=0.02 secs] 
2014-07-16T08:02:43.977+0000: 2039.197: [GC [PSYoungGen: 251536K->872K(244992K)] 610730K->360130K(931968K), 0.0066480 secs] [Times: user=0.04 sys=0.00, real=0.01 secs] 
2014-07-16T08:02:44.766+0000: 2039.986: [GC [PSYoungGen: 244968K->850K(239104K)] 604226K->360180K(926080K), 0.0037460 secs] [Times: user=0.01 sys=0.00, real=0.00 secs] 
2014-07-16T08:02:45.568+0000: 2040.788: [GC [PSYoungGen: 239032K->1028K(233600K)] 598363K->360390K(920576K), 0.0059030 secs] [Times: user=0.02 sys=0.00, real=0.01 secs] 
2014-07-16T08:02:46.317+0000: 2041.537: [GC [PSYoungGen: 233540K->1254K(228288K)] 592902K->360705K(915264K), 0.0070260 secs] [Times: user=0.02 sys=0.01, real=0.01 secs] 
2014-07-16T08:02:47.085+0000: 2042.305: [GC [PSYoungGen: 228262K->1350K(223104K)] 587713K->360913K(910080K), 0.0059190 secs] [Times: user=0.03 sys=0.01, real=0.00 secs] 
2014-07-16T08:02:47.826+0000: 2043.046: [GC [PSYoungGen: 223046K->958K(217536K)] 582609K->360601K(904512K), 0.0084240 secs] [Times: user=0.04 sys=0.00, real=0.01 secs] 
2014-07-16T08:02:48.778+0000: 2043.998: [GC [PSYoungGen: 217492K->1022K(212672K)] 577135K->360760K(899648K), 0.0055900 secs] [Times: user=0.03 sys=0.00, real=0.01 secs] 
2014-07-16T08:02:49.401+0000: 2044.621: [GC [PSYoungGen: 212638K->708K(207680K)] 572376K->360502K(894656K), 0.0077270 secs] [Times: user=0.05 sys=0.00, real=0.01 secs] 
2014-07-16T08:02:50.058+0000: 2045.278: [GC [PSYoungGen: 207617K->1078K(249408K)] 567412K->360944K(936384K), 0.0151530 secs] [Times: user=0.10 sys=0.00, real=0.02 secs] 
2014-07-16T08:02:50.844+0000: 2046.064: [GC [PSYoungGen: 249398K->1104K(299136K)] 609264K->361082K(986112K), 0.0057620 secs] [Times: user=0.03 sys=0.01, real=0.00 secs] 
2014-07-16T08:02:51.799+0000: 2047.019: [GC [PSYoungGen: 299062K->1154K(291264K)] 659041K->361213K(978240K), 0.0037770 secs] [Times: user=0.02 sys=0.00, real=0.01 secs] 
2014-07-16T08:02:52.744+0000: 2047.964: [GC [PSYoungGen: 291202K->1008K(283456K)] 651261K->361547K(970432K), 0.0102450 secs] [Times: user=0.07 sys=0.00, real=0.01 secs] 
2014-07-16T08:02:53.816+0000: 2049.036: [GC [PSYoungGen: 283397K->854K(275968K)] 643936K->361449K(962944K), 0.0078550 secs] [Times: user=0.05 sys=0.00, real=0.01 secs] 
2014-07-16T08:02:54.735+0000: 2049.955: [GC [PSYoungGen: 275918K->1450K(269504K)] 636513K->362133K(956480K), 0.0101470 secs] [Times: user=0.07 sys=0.00, real=0.01 secs] 
2014-07-16T08:02:55.694+0000: 2050.914: [GC [PSYoungGen: 269482K->1254K(262528K)] 630165K->362033K(949504K), 0.0064820 secs] [Times: user=0.04 sys=0.01, real=0.00 secs] 
2014-07-16T08:02:56.553+0000: 2051.773: [GC [PSYoungGen: 262502K->894K(255616K)] 623281K->361753K(942592K), 0.0031100 secs] [Times: user=0.02 sys=0.00, real=0.01 secs] 
2014-07-16T08:02:57.475+0000: 2052.695: [GC [PSYoungGen: 255585K->1040K(249536K)] 616444K->361955K(936512K), 0.0064620 secs] [Times: user=0.04 sys=0.00, real=0.00 secs] 
2014-07-16T08:02:58.374+0000: 2053.594: [GC [PSYoungGen: 249481K->1026K(243456K)] 610396K->362021K(930432K), 0.0070270 secs] [Times: user=0.05 sys=0.00, real=0.00 secs] 
2014-07-16T08:02:59.227+0000: 2054.446: [GC [PSYoungGen: 243394K->576K(237120K)] 604389K->361634K(924096K), 0.0071870 secs] [Times: user=0.04 sys=0.00, real=0.00 secs] 
2014-07-16T08:02:59.981+0000: 2055.201: [GC [PSYoungGen: 237118K->1426K(232384K)] 598177K->362557K(919360K), 0.0071090 secs] [Times: user=0.05 sys=0.00, real=0.01 secs] 
2014-07-16T08:03:00.729+0000: 2055.949: [GC [PSYoungGen: 232338K->1106K(226624K)] 593469K->362292K(913600K), 0.0084050 secs] [Times: user=0.04 sys=0.00, real=0.01 secs] 
2014-07-16T08:03:01.451+0000: 2056.671: [GC [PSYoungGen: 226578K->708K(220992K)] 587764K->361942K(907968K), 0.0040050 secs] [Times: user=0.02 sys=0.00, real=0.01 secs] 
2014-07-16T08:03:02.158+0000: 2057.378: [GC [PSYoungGen: 220932K->1636K(216832K)] 582166K->362919K(903808K), 0.0046310 secs] [Times: user=0.02 sys=0.00, real=0.00 secs] 
2014-07-16T08:03:02.829+0000: 2058.049: [GC [PSYoungGen: 216804K->958K(211264K)] 578087K->362321K(898240K), 0.0068450 secs] [Times: user=0.04 sys=0.00, real=0.01 secs] 
2014-07-16T08:03:03.639+0000: 2058.859: [GC [PSYoungGen: 211242K->1042K(206720K)] 572605K->362460K(893696K), 0.0078050 secs] [Times: user=0.05 sys=0.00, real=0.01 secs] 
2014-07-16T08:03:04.255+0000: 2059.475: [GC [PSYoungGen: 206636K->1372K(248192K)] 568055K->362847K(935168K), 0.0100120 secs] [Times: user=0.05 sys=0.00, real=0.01 secs] 
2014-07-16T08:03:05.064+0000: 2060.284: [GC [PSYoungGen: 248153K->1582K(242368K)] 609628K->363105K(929344K), 0.0042060 secs] [Times: user=0.01 sys=0.00, real=0.00 secs] 
2014-07-16T08:03:05.845+0000: 2061.065: [GC [PSYoungGen: 242350K->612K(289600K)] 603873K->362579K(976576K), 0.0127190 secs] [Times: user=0.08 sys=0.00, real=0.01 secs] 
2014-07-16T08:03:06.809+0000: 2062.028: [GC [PSYoungGen: 289572K->1186K(282560K)] 651539K->363241K(969536K), 0.0079570 secs] [Times: user=0.05 sys=0.01, real=0.01 secs] 
2014-07-16T08:03:07.782+0000: 2063.002: [GC [PSYoungGen: 282530K->896K(274944K)] 644585K->363395K(961920K), 0.0036010 secs] [Times: user=0.02 sys=0.00, real=0.01 secs] 
2014-07-16T08:03:08.786+0000: 2064.006: [GC [PSYoungGen: 274926K->1682K(268736K)] 637425K->364237K(955712K), 0.0094960 secs] [Times: user=0.06 sys=0.00, real=0.01 secs] 
2014-07-16T08:03:09.580+0000: 2064.800: [GC [PSYoungGen: 268674K->754K(316352K)] 631229K->363349K(1003328K), 0.0225540 secs] [Times: user=0.14 sys=0.00, real=0.02 secs] 
2014-07-16T08:03:10.583+0000: 2065.803: [GC [PSYoungGen: 316079K->954K(317248K)] 678674K->363645K(1004224K), 0.0040500 secs] [Times: user=0.03 sys=0.00, real=0.01 secs] 
2014-07-16T08:03:11.617+0000: 2066.837: [GC [PSYoungGen: 316282K->1850K(308544K)] 678973K->364813K(995520K), 0.0037940 secs] [Times: user=0.02 sys=0.00, real=0.00 secs] 
2014-07-16T08:03:12.606+0000: 2067.826: [GC [PSYoungGen: 308506K->1346K(299776K)] 671470K->364381K(986752K), 0.0070300 secs] [Times: user=0.04 sys=0.01, real=0.01 secs] 
2014-07-16T08:03:13.594+0000: 2068.814: [GC [PSYoungGen: 299714K->912K(291328K)] 662749K->363995K(978304K), 0.0102930 secs] [Times: user=0.07 sys=0.00, real=0.01 secs] 
2014-07-16T08:03:14.649+0000: 2069.869: [GC [PSYoungGen: 291280K->868K(283584K)] 654363K->364031K(970560K), 0.0067190 secs] [Times: user=0.04 sys=0.01, real=0.00 secs] 
2014-07-16T08:03:15.606+0000: 2070.826: [GC [PSYoungGen: 283556K->1550K(276928K)] 646719K->364801K(963904K), 0.0041530 secs] [Times: user=0.02 sys=0.01, real=0.00 secs] 
2014-07-16T08:03:16.525+0000: 2071.745: [GC [PSYoungGen: 276878K->1250K(269504K)] 640129K->364589K(956480K), 0.0089030 secs] [Times: user=0.05 sys=0.00, real=0.01 secs] 
2014-07-16T08:03:17.381+0000: 2072.601: [GC [PSYoungGen: 269395K->1376K(262848K)] 632734K->365161K(949824K), 0.0063090 secs] [Times: user=0.05 sys=0.00, real=0.01 secs] 
2014-07-16T08:03:18.267+0000: 2073.487: [GC [PSYoungGen: 262816K->1032K(256000K)] 626601K->364921K(942976K), 0.0081610 secs] [Times: user=0.05 sys=0.00, real=0.00 secs] 
2014-07-16T08:03:19.177+0000: 2074.397: [GC [PSYoungGen: 255944K->448K(249024K)] 619833K->364425K(936000K), 0.0059870 secs] [Times: user=0.03 sys=0.00, real=0.00 secs] 
2014-07-16T08:03:19.960+0000: 2075.180: [GC [PSYoungGen: 249024K->1322K(243840K)] 613001K->365371K(930816K), 0.0078180 secs] [Times: user=0.05 sys=0.00, real=0.01 secs] 
2014-07-16T08:03:20.747+0000: 2075.966: [GC [PSYoungGen: 243818K->608K(237312K)] 607867K->364721K(924288K), 0.0066700 secs] [Times: user=0.04 sys=0.00, real=0.01 secs] 
2014-07-16T08:03:21.564+0000: 2076.784: [GC [PSYoungGen: 237280K->790K(231872K)] 601393K->364959K(918848K), 0.0066840 secs] [Times: user=0.04 sys=0.00, real=0.01 secs] 
2014-07-16T08:03:22.274+0000: 2077.494: [GC [PSYoungGen: 231830K->1272K(226880K)] 595999K->365489K(913856K), 0.0097630 secs] [Times: user=0.04 sys=0.00, real=0.01 secs] 
2014-07-16T08:03:23.015+0000: 2078.235: [GC [PSYoungGen: 226872K->958K(221312K)] 591089K->365255K(908288K), 0.0066670 secs] [Times: user=0.05 sys=0.00, real=0.01 secs] 
2014-07-16T08:03:23.755+0000: 2078.975: [GC [PSYoungGen: 221310K->1358K(265856K)] 585607K->365703K(952832K), 0.0114160 secs] [Times: user=0.07 sys=0.00, real=0.01 secs] 
2014-07-16T08:03:24.698+0000: 2079.918: [GC [PSYoungGen: 265806K->658K(318080K)] 630151K->365067K(1005056K), 0.0082560 secs] [Times: user=0.05 sys=0.00, real=0.00 secs] 
2014-07-16T08:03:25.761+0000: 2080.981: [GC [PSYoungGen: 318034K->626K(309312K)] 682443K->365099K(996288K), 0.0076220 secs] [Times: user=0.06 sys=0.00, real=0.01 secs] 
2014-07-16T08:03:26.812+0000: 2082.032: [GC [PSYoungGen: 309292K->1086K(301376K)] 673765K->365639K(988352K), 0.0092160 secs] [Times: user=0.06 sys=0.00, real=0.01 secs] 
2014-07-16T08:03:27.845+0000: 2083.065: [GC [PSYoungGen: 301331K->944K(293184K)] 665884K->365553K(980160K), 0.0065140 secs] [Times: user=0.04 sys=0.00, real=0.01 secs] 
2014-07-16T08:03:28.839+0000: 2084.059: [GC [PSYoungGen: 293123K->1104K(285632K)] 657732K->365793K(972608K), 0.0138270 secs] [Times: user=0.07 sys=0.00, real=0.01 secs] 
2014-07-16T08:03:29.806+0000: 2085.026: [GC [PSYoungGen: 285584K->640K(277696K)] 650273K->365417K(964672K), 0.0046500 secs] [Times: user=0.02 sys=0.00, real=0.01 secs] 
2014-07-16T08:03:30.697+0000: 2085.917: [GC [PSYoungGen: 277695K->844K(270784K)] 642472K->365661K(957760K), 0.0095180 secs] [Times: user=0.06 sys=0.00, real=0.01 secs] 
2014-07-16T08:03:31.527+0000: 2086.747: [GC [PSYoungGen: 270695K->658K(263744K)] 635512K->365531K(950720K), 0.0096390 secs] [Times: user=0.07 sys=0.00, real=0.01 secs] 
2014-07-16T08:03:32.386+0000: 2087.606: [GC [PSYoungGen: 263698K->990K(257472K)] 628571K->365919K(944448K), 0.0049410 secs] [Times: user=0.02 sys=0.00, real=0.01 secs] 
2014-07-16T08:03:33.199+0000: 2088.418: [GC [PSYoungGen: 257400K->1436K(251584K)] 622329K->366469K(938560K), 0.0035000 secs] [Times: user=0.02 sys=0.01, real=0.01 secs] 
2014-07-16T08:03:34.135+0000: 2089.355: [GC [PSYoungGen: 251536K->1398K(245376K)] 616569K->366535K(932352K), 0.0039940 secs] [Times: user=0.02 sys=0.00, real=0.01 secs] 
2014-07-16T08:03:34.924+0000: 2090.144: [GC [PSYoungGen: 245366K->754K(238848K)] 610503K->365955K(925824K), 0.0046810 secs] [Times: user=0.03 sys=0.01, real=0.01 secs] 
2014-07-16T08:03:35.746+0000: 2090.966: [GC [PSYoungGen: 238821K->986K(233408K)] 604023K->366267K(920384K), 0.0066250 secs] [Times: user=0.04 sys=0.01, real=0.01 secs] 
2014-07-16T08:03:36.509+0000: 2091.729: [GC [PSYoungGen: 233339K->1322K(228224K)] 598620K->366699K(915200K), 0.0068210 secs] [Times: user=0.04 sys=0.00, real=0.00 secs] 
2014-07-16T08:03:37.260+0000: 2092.480: [GC [PSYoungGen: 228202K->1090K(222784K)] 593579K->366523K(909760K), 0.0042150 secs] [Times: user=0.02 sys=0.00, real=0.00 secs] 
2014-07-16T08:03:37.974+0000: 2093.194: [GC [PSYoungGen: 222710K->1126K(217664K)] 588144K->367187K(904640K), 0.0074080 secs] [Times: user=0.04 sys=0.00, real=0.01 secs] 
2014-07-16T08:03:38.739+0000: 2093.959: [GC [PSYoungGen: 217638K->1322K(212928K)] 583699K->367447K(899904K), 0.0038770 secs] [Times: user=0.02 sys=0.00, real=0.01 secs] 
2014-07-16T08:03:39.581+0000: 2094.801: [GC [PSYoungGen: 212906K->972K(207872K)] 579031K->367161K(894848K), 0.0062080 secs] [Times: user=0.04 sys=0.00, real=0.00 secs] 
2014-07-16T08:03:40.220+0000: 2095.440: [GC [PSYoungGen: 207820K->1258K(203584K)] 574009K->367519K(890560K), 0.0073480 secs] [Times: user=0.04 sys=0.00, real=0.01 secs] 
2014-07-16T08:03:40.859+0000: 2096.079: [GC [PSYoungGen: 203558K->758K(198656K)] 569819K->367075K(885632K), 0.0099470 secs] [Times: user=0.06 sys=0.00, real=0.01 secs] 
2014-07-16T08:03:41.524+0000: 2096.744: [GC [PSYoungGen: 198643K->922K(238464K)] 564960K->367311K(925440K), 0.0086540 secs] [Times: user=0.05 sys=0.01, real=0.01 secs] 
2014-07-16T08:03:42.291+0000: 2097.511: [GC [PSYoungGen: 238426K->1008K(286080K)] 604815K->367453K(973056K), 0.0070330 secs] [Times: user=0.03 sys=0.00, real=0.00 secs] 
2014-07-16T08:03:43.200+0000: 2098.420: [GC [PSYoungGen: 286064K->1722K(279360K)] 652509K->368355K(966336K), 0.0063650 secs] [Times: user=0.04 sys=0.00, real=0.00 secs] 
2014-07-16T08:03:44.126+0000: 2099.345: [GC [PSYoungGen: 279354K->740K(271232K)] 645987K->367701K(958208K), 0.0040250 secs] [Times: user=0.02 sys=0.00, real=0.00 secs] 
2014-07-16T08:03:45.054+0000: 2100.274: [GC [PSYoungGen: 271181K->1546K(326208K)] 638142K->368555K(1013184K), 0.0156980 secs] [Times: user=0.07 sys=0.00, real=0.01 secs] 
2014-07-16T08:03:46.127+0000: 2101.347: [GC [PSYoungGen: 326154K->946K(316544K)] 693163K->368185K(1003520K), 0.0079410 secs] [Times: user=0.05 sys=0.00, real=0.01 secs] 
2014-07-16T08:03:47.129+0000: 2102.349: [GC [PSYoungGen: 316530K->954K(307904K)] 683769K->368233K(994880K), 0.0112260 secs] [Times: user=0.06 sys=0.00, real=0.01 secs] 
2014-07-16T08:03:48.143+0000: 2103.363: [GC [PSYoungGen: 307898K->1858K(347008K)] 675177K->369185K(1033984K), 0.0139030 secs] [Times: user=0.07 sys=0.00, real=0.01 secs] 
2014-07-16T08:03:49.431+0000: 2104.651: [GC [PSYoungGen: 346946K->1406K(336640K)] 714273K->368797K(1023616K), 0.0085530 secs] [Times: user=0.05 sys=0.00, real=0.01 secs] 
2014-07-16T08:03:50.573+0000: 2105.793: [GC [PSYoungGen: 336638K->744K(326528K)] 704029K->368503K(1013504K), 0.0076550 secs] [Times: user=0.05 sys=0.01, real=0.00 secs] 
2014-07-16T08:03:51.629+0000: 2106.849: [GC [PSYoungGen: 326504K->1458K(318144K)] 694263K->369273K(1005120K), 0.0088800 secs] [Times: user=0.05 sys=0.01, real=0.01 secs] 
2014-07-16T08:03:52.627+0000: 2107.847: [GC [PSYoungGen: 318127K->662K(308672K)] 685943K->368675K(995648K), 0.0041590 secs] [Times: user=0.02 sys=0.00, real=0.00 secs] 
2014-07-16T08:03:53.623+0000: 2108.843: [GC [PSYoungGen: 308630K->722K(300416K)] 676643K->368807K(987392K), 0.0081200 secs] [Times: user=0.05 sys=0.00, real=0.00 secs] 
2014-07-16T08:03:54.702+0000: 2109.922: [GC [PSYoungGen: 300332K->1778K(293440K)] 668418K->369935K(980416K), 0.0060680 secs] [Times: user=0.04 sys=0.00, real=0.01 secs] 
2014-07-16T08:03:55.620+0000: 2110.840: [GC [PSYoungGen: 293426K->1176K(285184K)] 661583K->369365K(972160K), 0.0115140 secs] [Times: user=0.07 sys=0.00, real=0.02 secs] 
2014-07-16T08:03:56.559+0000: 2111.779: [GC [PSYoungGen: 285144K->708K(277312K)] 653333K->368953K(964288K), 0.0048230 secs] [Times: user=0.03 sys=0.00, real=0.01 secs] 
2014-07-16T08:03:57.447+0000: 2112.667: [GC [PSYoungGen: 277252K->1018K(270464K)] 645497K->369343K(957440K), 0.0065430 secs] [Times: user=0.05 sys=0.00, real=0.01 secs] 
2014-07-16T08:03:58.317+0000: 2113.537: [GC [PSYoungGen: 270458K->1122K(263744K)] 638783K->369519K(950720K), 0.0036790 secs] [Times: user=0.02 sys=0.00, real=0.00 secs] 
2014-07-16T08:03:59.262+0000: 2114.482: [GC [PSYoungGen: 263714K->1278K(257280K)] 632111K->369771K(944256K), 0.0038440 secs] [Times: user=0.02 sys=0.00, real=0.01 secs] 
2014-07-16T08:04:00.250+0000: 2115.470: [GC [PSYoungGen: 257278K->722K(250432K)] 625771K->369311K(937408K), 0.0049630 secs] [Times: user=0.03 sys=0.01, real=0.01 secs] 
2014-07-16T08:04:01.049+0000: 2116.269: [GC [PSYoungGen: 250386K->790K(244416K)] 618975K->369451K(931392K), 0.0079760 secs] [Times: user=0.06 sys=0.00, real=0.01 secs] 
2014-07-16T08:04:01.814+0000: 2117.034: [GC [PSYoungGen: 244367K->900K(238656K)] 613028K->369633K(925632K), 0.0045370 secs] [Times: user=0.02 sys=0.00, real=0.00 secs] 
2014-07-16T08:04:02.586+0000: 2117.806: [GC [PSYoungGen: 238596K->1372K(233408K)] 607329K->370153K(920384K), 0.0089760 secs] [Times: user=0.05 sys=0.00, real=0.01 secs] 
2014-07-16T08:04:03.348+0000: 2118.568: [GC [PSYoungGen: 233372K->776K(227392K)] 602153K->369613K(914368K), 0.0038050 secs] [Times: user=0.02 sys=0.00, real=0.00 secs] 
2014-07-16T08:04:04.062+0000: 2119.282: [GC [PSYoungGen: 227304K->868K(222208K)] 596141K->369793K(909184K), 0.0085550 secs] [Times: user=0.05 sys=0.00, real=0.01 secs] 
2014-07-16T08:04:04.846+0000: 2120.066: [GC [PSYoungGen: 222180K->1450K(217728K)] 591105K->370463K(904704K), 0.0046160 secs] [Times: user=0.02 sys=0.00, real=0.00 secs] 
2014-07-16T08:04:05.502+0000: 2120.722: [GC [PSYoungGen: 217706K->1022K(212352K)] 586719K->370083K(899328K), 0.0106610 secs] [Times: user=0.07 sys=0.00, real=0.01 secs] 
2014-07-16T08:04:06.235+0000: 2121.455: [GC [PSYoungGen: 212350K->1164K(207808K)] 581411K->370297K(894784K), 0.0074400 secs] [Times: user=0.04 sys=0.00, real=0.00 secs] 
2014-07-16T08:04:06.876+0000: 2122.096: [GC [PSYoungGen: 207756K->672K(248640K)] 576889K->369877K(935616K), 0.0094070 secs] [Times: user=0.06 sys=0.00, real=0.01 secs] 
2014-07-16T08:04:07.709+0000: 2122.929: [GC [PSYoungGen: 248608K->708K(242688K)] 617813K->370001K(929664K), 0.0049340 secs] [Times: user=0.03 sys=0.00, real=0.00 secs] 
2014-07-16T08:04:08.529+0000: 2123.749: [GC [PSYoungGen: 242628K->1154K(237312K)] 611921K->370543K(924288K), 0.0091510 secs] [Times: user=0.05 sys=0.01, real=0.01 secs] 
2014-07-16T08:04:09.318+0000: 2124.538: [GC [PSYoungGen: 237250K->1450K(231936K)] 606639K->370927K(918912K), 0.0071500 secs] [Times: user=0.05 sys=0.00, real=0.01 secs] 
2014-07-16T08:04:10.178+0000: 2125.398: [GC [PSYoungGen: 231914K->1108K(226240K)] 601391K->370641K(913216K), 0.0040550 secs] [Times: user=0.02 sys=0.00, real=0.00 secs] 
2014-07-16T08:04:10.933+0000: 2126.153: [GC [PSYoungGen: 226196K->1110K(221056K)] 595729K->370715K(908032K), 0.0090600 secs] [Times: user=0.06 sys=0.00, real=0.01 secs] 
2014-07-16T08:04:11.644+0000: 2126.864: [GC [PSYoungGen: 221014K->1322K(265280K)] 590619K->370983K(952256K), 0.0096660 secs] [Times: user=0.06 sys=0.00, real=0.01 secs] 
2014-07-16T08:04:12.534+0000: 2127.754: [GC [PSYoungGen: 265258K->1022K(258304K)] 634919K->371107K(945280K), 0.0084500 secs] [Times: user=0.05 sys=0.00, real=0.01 secs] 
2014-07-16T08:04:13.343+0000: 2128.563: [GC [PSYoungGen: 258275K->1008K(251904K)] 628360K->371141K(938880K), 0.0069320 secs] [Times: user=0.05 sys=0.00, real=0.01 secs] 
2014-07-16T08:04:14.174+0000: 2129.394: [GC [PSYoungGen: 251874K->1236K(246016K)] 622008K->371707K(932992K), 0.0047400 secs] [Times: user=0.03 sys=0.00, real=0.01 secs] 
2014-07-16T08:04:15.087+0000: 2130.307: [GC [PSYoungGen: 245972K->982K(239808K)] 616443K->371533K(926784K), 0.0077750 secs] [Times: user=0.04 sys=0.00, real=0.00 secs] 
2014-07-16T08:04:15.841+0000: 2131.061: [GC [PSYoungGen: 239766K->754K(233856K)] 610317K->371361K(920832K), 0.0088760 secs] [Times: user=0.04 sys=0.00, real=0.01 secs] 
2014-07-16T08:04:16.633+0000: 2131.853: [GC [PSYoungGen: 233842K->1126K(228736K)] 604449K->371773K(915712K), 0.0097720 secs] [Times: user=0.06 sys=0.00, real=0.01 secs] 
2014-07-16T08:04:17.371+0000: 2132.591: [GC [PSYoungGen: 228710K->1054K(223360K)] 599357K->371749K(910336K), 0.0057140 secs] [Times: user=0.02 sys=0.00, real=0.01 secs] 
2014-07-16T08:04:18.083+0000: 2133.303: [GC [PSYoungGen: 223308K->918K(218112K)] 594004K->371693K(905088K), 0.0073850 secs] [Times: user=0.04 sys=0.00, real=0.01 secs] 
2014-07-16T08:04:18.806+0000: 2134.026: [GC [PSYoungGen: 218069K->872K(213120K)] 588845K->371719K(900096K), 0.0067490 secs] [Times: user=0.04 sys=0.00, real=0.01 secs] 
2014-07-16T08:04:19.531+0000: 2134.751: [GC [PSYoungGen: 213096K->1592K(209088K)] 583943K->372520K(896064K), 0.0073710 secs] [Times: user=0.04 sys=0.00, real=0.01 secs] 
2014-07-16T08:04:20.350+0000: 2135.570: [GC [PSYoungGen: 209080K->738K(249792K)] 580008K->371995K(936768K), 0.0110390 secs] [Times: user=0.07 sys=0.00, real=0.01 secs] 
2014-07-16T08:04:21.170+0000: 2136.390: [GC [PSYoungGen: 249762K->1140K(244096K)] 621019K->372438K(931072K), 0.0045940 secs] [Times: user=0.01 sys=0.00, real=0.00 secs] 
2014-07-16T08:04:21.943+0000: 2137.163: [GC [PSYoungGen: 244084K->794K(292416K)] 615382K->372271K(979392K), 0.0122500 secs] [Times: user=0.06 sys=0.00, real=0.01 secs] 
2014-07-16T08:04:22.913+0000: 2138.133: [GC [PSYoungGen: 292373K->786K(317184K)] 663851K->372359K(1004160K), 0.0091640 secs] [Times: user=0.04 sys=0.00, real=0.01 secs] 
2014-07-16T08:04:23.964+0000: 2139.184: [GC [PSYoungGen: 316306K->932K(351680K)] 687879K->372561K(1038656K), 0.0112050 secs] [Times: user=0.08 sys=0.00, real=0.01 secs] 
2014-07-16T08:04:25.244+0000: 2140.464: [GC [PSYoungGen: 350948K->1096K(341120K)] 722577K->372797K(1028096K), 0.0085200 secs] [Times: user=0.05 sys=0.01, real=0.01 secs] 
2014-07-16T08:04:26.342+0000: 2141.562: [GC [PSYoungGen: 340969K->502K(330816K)] 712671K->373132K(1017792K), 0.0101300 secs] [Times: user=0.06 sys=0.00, real=0.01 secs] 
2014-07-16T08:04:27.443+0000: 2142.663: [GC [PSYoungGen: 330806K->1642K(322752K)] 703436K->374376K(1009728K), 0.0069190 secs] [Times: user=0.04 sys=0.01, real=0.01 secs] 
2014-07-16T08:04:28.509+0000: 2143.729: [GC [PSYoungGen: 322730K->1004K(313216K)] 695464K->374158K(1000192K), 0.0062790 secs] [Times: user=0.04 sys=0.01, real=0.00 secs] 
2014-07-16T08:04:29.602+0000: 2144.822: [GC [PSYoungGen: 313178K->740K(304448K)] 686332K->373942K(991424K), 0.0099310 secs] [Times: user=0.05 sys=0.00, real=0.01 secs] 
2014-07-16T08:04:30.746+0000: 2145.966: [GC [PSYoungGen: 304420K->1250K(296768K)] 677622K->374500K(983744K), 0.0052790 secs] [Times: user=0.02 sys=0.00, real=0.01 secs] 
2014-07-16T08:04:31.732+0000: 2146.952: [GC [PSYoungGen: 296738K->658K(288320K)] 669988K->373948K(975296K), 0.0090600 secs] [Times: user=0.06 sys=0.00, real=0.01 secs] 
2014-07-16T08:04:32.657+0000: 2147.877: [GC [PSYoungGen: 288274K->900K(281024K)] 661564K->374262K(968000K), 0.0145540 secs] [Times: user=0.08 sys=0.00, real=0.02 secs] 
2014-07-16T08:04:33.568+0000: 2148.788: [GC [PSYoungGen: 280964K->704K(273536K)] 654326K->374138K(960512K), 0.0084620 secs] [Times: user=0.06 sys=0.00, real=0.00 secs] 
2014-07-16T08:04:34.531+0000: 2149.751: [GC [PSYoungGen: 273536K->1632K(267520K)] 646970K->375146K(954496K), 0.0046130 secs] [Times: user=0.03 sys=0.00, real=0.00 secs] 
2014-07-16T08:04:35.568+0000: 2150.788: [GC [PSYoungGen: 267463K->1126K(260288K)] 640977K->374688K(947264K), 0.0134980 secs] [Times: user=0.08 sys=0.00, real=0.01 secs] 
2014-07-16T08:04:36.398+0000: 2151.618: [GC [PSYoungGen: 260259K->1076K(253760K)] 633821K->374884K(940736K), 0.0053730 secs] [Times: user=0.04 sys=0.00, real=0.01 secs] 
2014-07-16T08:04:37.232+0000: 2152.452: [GC [PSYoungGen: 253748K->1258K(247744K)] 627556K->375114K(934720K), 0.0073880 secs] [Times: user=0.05 sys=0.00, real=0.01 secs] 
2014-07-16T08:04:38.083+0000: 2153.303: [GC [PSYoungGen: 247722K->1214K(241664K)] 621578K->375142K(928640K), 0.0049890 secs] [Times: user=0.02 sys=0.00, real=0.00 secs] 
2014-07-16T08:04:38.894+0000: 2154.114: [GC [PSYoungGen: 241651K->1086K(235776K)] 615579K->375078K(922752K), 0.0040580 secs] [Times: user=0.02 sys=0.00, real=0.00 secs] 
2014-07-16T08:04:39.678+0000: 2154.898: [GC [PSYoungGen: 235774K->1172K(230336K)] 609766K->375268K(917312K), 0.0056770 secs] [Times: user=0.04 sys=0.00, real=0.01 secs] 
2014-07-16T08:04:40.446+0000: 2155.666: [GC [PSYoungGen: 230292K->1600K(225408K)] 604388K->375752K(912384K), 0.0107500 secs] [Times: user=0.06 sys=0.00, real=0.01 secs] 
2014-07-16T08:04:41.216+0000: 2156.436: [GC [PSYoungGen: 225314K->624K(269184K)] 599466K->375489K(956160K), 0.0155240 secs] [Times: user=0.08 sys=0.00, real=0.02 secs] 
2014-07-16T08:04:42.064+0000: 2157.284: [GC [PSYoungGen: 269129K->1372K(323712K)] 643994K->376269K(1010688K), 0.0103310 secs] [Times: user=0.06 sys=0.00, real=0.01 secs] 
2014-07-16T08:04:43.088+0000: 2158.308: [GC [PSYoungGen: 323645K->1708K(338560K)] 698542K->377089K(1025536K), 0.0101190 secs] [Times: user=0.06 sys=0.00, real=0.01 secs] 
2014-07-16T08:04:44.195+0000: 2159.415: [GC [PSYoungGen: 338540K->1426K(328768K)] 713921K->376895K(1015744K), 0.0064610 secs] [Times: user=0.04 sys=0.00, real=0.01 secs] 
2014-07-16T08:04:45.244+0000: 2160.464: [GC [PSYoungGen: 328722K->762K(318912K)] 704191K->376731K(1005888K), 0.0067960 secs] [Times: user=0.04 sys=0.00, real=0.01 secs] 
2014-07-16T08:04:46.481+0000: 2161.701: [GC [PSYoungGen: 318906K->1510K(310912K)] 694875K->377567K(997888K), 0.0077400 secs] [Times: user=0.05 sys=0.00, real=0.00 secs] 
2014-07-16T08:04:47.475+0000: 2162.695: [GC [PSYoungGen: 310886K->1422K(302464K)] 686943K->377617K(989440K), 0.0078790 secs] [Times: user=0.05 sys=0.00, real=0.01 secs] 
2014-07-16T08:04:48.474+0000: 2163.694: [GC [PSYoungGen: 302378K->1022K(293952K)] 678573K->377305K(980928K), 0.0041600 secs] [Times: user=0.02 sys=0.00, real=0.00 secs] 
2014-07-16T08:04:49.439+0000: 2164.659: [GC [PSYoungGen: 293950K->1068K(286272K)] 670233K->377391K(973248K), 0.0069350 secs] [Times: user=0.02 sys=0.00, real=0.01 secs] 
2014-07-16T08:04:50.432+0000: 2165.652: [GC [PSYoungGen: 286218K->1254K(278976K)] 662542K->377633K(965952K), 0.0084490 secs] [Times: user=0.05 sys=0.00, real=0.01 secs] 
2014-07-16T08:04:51.457+0000: 2166.677: [GC [PSYoungGen: 278950K->1262K(271808K)] 655329K->377673K(958784K), 0.0052710 secs] [Times: user=0.02 sys=0.00, real=0.01 secs] 
2014-07-16T08:04:52.309+0000: 2167.529: [GC [PSYoungGen: 271790K->1678K(265344K)] 648201K->378153K(952320K), 0.0086730 secs] [Times: user=0.04 sys=0.00, real=0.01 secs] 
2014-07-16T08:04:53.144+0000: 2168.364: [GC [PSYoungGen: 265294K->766K(257728K)] 641769K->377741K(944704K), 0.0135030 secs] [Times: user=0.07 sys=0.01, real=0.01 secs] 
2014-07-16T08:04:53.969+0000: 2169.189: [GC [PSYoungGen: 257726K->786K(309184K)] 634701K->377801K(996160K), 0.0122970 secs] [Times: user=0.07 sys=0.00, real=0.02 secs] 
2014-07-16T08:04:54.948+0000: 2170.168: [GC [PSYoungGen: 309138K->704K(300672K)] 686153K->377873K(987648K), 0.0068490 secs] [Times: user=0.03 sys=0.00, real=0.01 secs] 
2014-07-16T08:04:55.991+0000: 2171.211: [GC [PSYoungGen: 300604K->990K(292928K)] 677774K->378215K(979904K), 0.0039650 secs] [Times: user=0.02 sys=0.00, real=0.00 secs] 
2014-07-16T08:04:56.907+0000: 2172.127: [GC [PSYoungGen: 292894K->658K(284864K)] 670119K->377931K(971840K), 0.0078030 secs] [Times: user=0.05 sys=0.00, real=0.01 secs] 
2014-07-16T08:04:57.847+0000: 2173.067: [GC [PSYoungGen: 284782K->1440K(278208K)] 662056K->378761K(965184K), 0.0108040 secs] [Times: user=0.06 sys=0.00, real=0.01 secs] 
2014-07-16T08:04:58.762+0000: 2173.982: [GC [PSYoungGen: 278146K->822K(270464K)] 655468K->378199K(957440K), 0.0088170 secs] [Times: user=0.05 sys=0.00, real=0.00 secs] 
2014-07-16T08:04:59.643+0000: 2174.863: [GC [PSYoungGen: 270407K->1886K(264704K)] 647784K->379359K(951680K), 0.0055620 secs] [Times: user=0.03 sys=0.00, real=0.00 secs] 
2014-07-16T08:05:00.507+0000: 2175.727: [GC [PSYoungGen: 264649K->826K(257024K)] 642122K->378347K(944000K), 0.0050160 secs] [Times: user=0.02 sys=0.01, real=0.01 secs] 
2014-07-16T08:05:01.443+0000: 2176.663: [GC [PSYoungGen: 256994K->1464K(251328K)] 634516K->379081K(938304K), 0.0042640 secs] [Times: user=0.02 sys=0.00, real=0.00 secs] 
2014-07-16T08:05:02.254+0000: 2177.474: [GC [PSYoungGen: 251320K->1226K(244992K)] 628937K->378891K(931968K), 0.0051460 secs] [Times: user=0.01 sys=0.00, real=0.00 secs] 
2014-07-16T08:05:03.061+0000: 2178.281: [GC [PSYoungGen: 244938K->854K(238720K)] 622603K->378615K(925696K), 0.0072490 secs] [Times: user=0.05 sys=0.00, real=0.01 secs] 
2014-07-16T08:05:03.827+0000: 2179.047: [GC [PSYoungGen: 238678K->1100K(233280K)] 616439K->378925K(920256K), 0.0102630 secs] [Times: user=0.06 sys=0.00, real=0.01 secs] 
2014-07-16T08:05:04.606+0000: 2179.826: [GC [PSYoungGen: 233228K->1782K(228480K)] 611053K->379663K(915456K), 0.0071360 secs] [Times: user=0.04 sys=0.00, real=0.00 secs] 
2014-07-16T08:05:05.330+0000: 2180.550: [GC [PSYoungGen: 228470K->1062K(222528K)] 606351K->379105K(909504K), 0.0090170 secs] [Times: user=0.05 sys=0.00, real=0.01 secs] 
2014-07-16T08:05:06.111+0000: 2181.331: [GC [PSYoungGen: 222476K->1600K(218048K)] 600519K->379747K(905024K), 0.0049600 secs] [Times: user=0.03 sys=0.01, real=0.01 secs] 
2014-07-16T08:05:06.796+0000: 2182.016: [GC [PSYoungGen: 217984K->580K(260352K)] 596131K->378783K(947328K), 0.0411860 secs] [Times: user=0.26 sys=0.00, real=0.04 secs] 
2014-07-16T08:05:07.678+0000: 2182.898: [GC [PSYoungGen: 260292K->1318K(313024K)] 638495K->379585K(1000000K), 0.0047100 secs] [Times: user=0.02 sys=0.00, real=0.01 secs] 
2014-07-16T08:05:08.717+0000: 2183.937: [GC [PSYoungGen: 312998K->958K(317952K)] 691265K->379257K(1004928K), 0.0060530 secs] [Times: user=0.03 sys=0.00, real=0.01 secs] 
2014-07-16T08:05:09.743+0000: 2184.963: [GC [PSYoungGen: 316798K->972K(317888K)] 695097K->379327K(1004864K), 0.0077010 secs] [Times: user=0.05 sys=0.00, real=0.00 secs] 
2014-07-16T08:05:10.828+0000: 2186.048: [GC [PSYoungGen: 316812K->1846K(380800K)] 695167K->380265K(1067776K), 0.0073090 secs] [Times: user=0.05 sys=0.00, real=0.01 secs] 
2014-07-16T08:05:12.284+0000: 2187.504: [GC [PSYoungGen: 380662K->982K(368576K)] 759081K->379481K(1055552K), 0.0038870 secs] [Times: user=0.02 sys=0.00, real=0.00 secs] 
2014-07-16T08:05:13.456+0000: 2188.676: [GC [PSYoungGen: 368501K->1204K(358016K)] 747001K->379791K(1044992K), 0.0061640 secs] [Times: user=0.04 sys=0.00, real=0.00 secs] 
2014-07-16T08:05:14.617+0000: 2189.837: [GC [PSYoungGen: 358004K->1254K(347776K)] 736591K->379921K(1034752K), 0.0088640 secs] [Times: user=0.06 sys=0.01, real=0.01 secs] 
2014-07-16T08:05:15.732+0000: 2190.952: [GC [PSYoungGen: 347742K->1382K(337984K)] 726409K->380113K(1024960K), 0.0046330 secs] [Times: user=0.02 sys=0.00, real=0.01 secs] 
2014-07-16T08:05:16.897+0000: 2192.117: [GC [PSYoungGen: 337958K->758K(327872K)] 716689K->379545K(1014848K), 0.0090430 secs] [Times: user=0.06 sys=0.00, real=0.01 secs] 
2014-07-16T08:05:17.952+0000: 2193.172: [GC [PSYoungGen: 327862K->580K(318656K)] 706649K->379423K(1005632K), 0.0067410 secs] [Times: user=0.05 sys=0.00, real=0.01 secs] 
2014-07-16T08:05:19.010+0000: 2194.230: [GC [PSYoungGen: 318596K->1750K(311040K)] 697439K->380633K(998016K), 0.0181600 secs] [Times: user=0.11 sys=0.00, real=0.02 secs] 
2014-07-16T08:05:20.000+0000: 2195.220: [GC [PSYoungGen: 310998K->836K(301760K)] 689881K->379775K(988736K), 0.0083360 secs] [Times: user=0.04 sys=0.00, real=0.01 secs] 
2014-07-16T08:05:21.013+0000: 2196.233: [GC [PSYoungGen: 301700K->708K(293568K)] 680639K->379719K(980544K), 0.0067490 secs] [Times: user=0.04 sys=0.01, real=0.01 secs] 
2014-07-16T08:05:22.135+0000: 2197.355: [GC [PSYoungGen: 293502K->1124K(286208K)] 672514K->380191K(973184K), 0.0046300 secs] [Times: user=0.02 sys=0.00, real=0.01 secs] 
2014-07-16T08:05:23.059+0000: 2198.279: [GC [PSYoungGen: 286180K->1260K(278912K)] 665247K->380383K(965888K), 0.0075900 secs] [Times: user=0.05 sys=0.00, real=0.01 secs] 
2014-07-16T08:05:23.997+0000: 2199.216: [GC [PSYoungGen: 278887K->1386K(271872K)] 658010K->380557K(958848K), 0.0077100 secs] [Times: user=0.03 sys=0.00, real=0.00 secs] 
2014-07-16T08:05:24.865+0000: 2200.085: [GC [PSYoungGen: 271819K->1200K(264768K)] 650991K->380451K(951744K), 0.0050050 secs] [Times: user=0.03 sys=0.01, real=0.01 secs] 
2014-07-16T08:05:25.730+0000: 2200.950: [GC [PSYoungGen: 264752K->922K(257856K)] 644003K->380221K(944832K), 0.0111960 secs] [Times: user=0.06 sys=0.00, real=0.01 secs] 
2014-07-16T08:05:26.659+0000: 2201.879: [GC [PSYoungGen: 257818K->958K(309248K)] 637117K->380313K(996224K), 0.0222560 secs] [Times: user=0.13 sys=0.00, real=0.02 secs] 
2014-07-16T08:05:27.638+0000: 2202.858: [GC [PSYoungGen: 309221K->1828K(367744K)] 688577K->381255K(1054720K), 0.0047620 secs] [Times: user=0.02 sys=0.00, real=0.00 secs] 
2014-07-16T08:05:28.888+0000: 2204.108: [GC [PSYoungGen: 367716K->1068K(356288K)] 747143K->380559K(1043264K), 0.0098740 secs] [Times: user=0.06 sys=0.00, real=0.01 secs] 
2014-07-16T08:05:30.087+0000: 2205.307: [GC [PSYoungGen: 356268K->1008K(345984K)] 735759K->380671K(1032960K), 0.0038410 secs] [Times: user=0.02 sys=0.00, real=0.00 secs] 
2014-07-16T08:05:31.354+0000: 2206.574: [GC [PSYoungGen: 345968K->1484K(336640K)] 725631K->381243K(1023616K), 0.0090080 secs] [Times: user=0.06 sys=0.00, real=0.01 secs] 
2014-07-16T08:05:32.423+0000: 2207.643: [GC [PSYoungGen: 336588K->986K(326720K)] 716347K->380817K(1013696K), 0.0053850 secs] [Times: user=0.03 sys=0.00, real=0.01 secs] 
2014-07-16T08:05:33.470+0000: 2208.690: [GC [PSYoungGen: 326682K->726K(317376K)] 706513K->380613K(1004352K), 0.0073020 secs] [Times: user=0.04 sys=0.00, real=0.01 secs] 
2014-07-16T08:05:34.485+0000: 2209.705: [GC [PSYoungGen: 317334K->804K(308736K)] 697221K->380747K(995712K), 0.0109440 secs] [Times: user=0.07 sys=0.00, real=0.01 secs] 
2014-07-16T08:05:35.488+0000: 2210.708: [GC [PSYoungGen: 308708K->722K(300352K)] 688651K->380737K(987328K), 0.0102880 secs] [Times: user=0.06 sys=0.00, real=0.01 secs] 
2014-07-16T08:05:36.573+0000: 2211.793: [GC [PSYoungGen: 300218K->1328K(292928K)] 680233K->381431K(979904K), 0.0098370 secs] [Times: user=0.06 sys=0.00, real=0.01 secs] 
2014-07-16T08:05:37.488+0000: 2212.708: [GC [PSYoungGen: 292912K->818K(284736K)] 673015K->380977K(971712K), 0.0082450 secs] [Times: user=0.05 sys=0.01, real=0.01 secs] 
2014-07-16T08:05:38.464+0000: 2213.684: [GC [PSYoungGen: 284721K->1486K(278016K)] 664880K->381717K(964992K), 0.0085940 secs] [Times: user=0.06 sys=0.01, real=0.01 secs] 
2014-07-16T08:05:39.401+0000: 2214.621: [GC [PSYoungGen: 277966K->804K(270208K)] 658197K->381083K(957184K), 0.0054420 secs] [Times: user=0.02 sys=0.00, real=0.00 secs] 
2014-07-16T08:05:40.294+0000: 2215.514: [GC [PSYoungGen: 270180K->1636K(264192K)] 650459K->382075K(951168K), 0.0089430 secs] [Times: user=0.04 sys=0.00, real=0.01 secs] 
2014-07-16T08:05:41.183+0000: 2216.403: [GC [PSYoungGen: 264164K->1218K(257216K)] 644603K->381729K(944192K), 0.0136010 secs] [Times: user=0.07 sys=0.00, real=0.01 secs] 
2014-07-16T08:05:42.237+0000: 2217.457: [GC [PSYoungGen: 257154K->1004K(250624K)] 637665K->381629K(937600K), 0.0068230 secs] [Times: user=0.04 sys=0.00, real=0.01 secs] 
2014-07-16T08:05:43.100+0000: 2218.320: [GC [PSYoungGen: 250578K->594K(244160K)] 631204K->381267K(931136K), 0.0103640 secs] [Times: user=0.06 sys=0.00, real=0.01 secs] 
2014-07-16T08:05:43.857+0000: 2219.077: [GC [PSYoungGen: 244114K->758K(238400K)] 624787K->381503K(925376K), 0.0080050 secs] [Times: user=0.05 sys=0.00, real=0.01 secs] 
2014-07-16T08:05:44.625+0000: 2219.845: [GC [PSYoungGen: 238390K->1358K(286592K)] 619135K->382159K(973568K), 0.0093810 secs] [Times: user=0.05 sys=0.00, real=0.01 secs] 
2014-07-16T08:05:45.550+0000: 2220.770: [GC [PSYoungGen: 286542K->1086K(343360K)] 667343K->381927K(1030336K), 0.0141160 secs] [Times: user=0.09 sys=0.00, real=0.01 secs] 
2014-07-16T08:05:46.759+0000: 2221.979: [GC [PSYoungGen: 343358K->1100K(352896K)] 724199K->381989K(1039872K), 0.0117600 secs] [Times: user=0.07 sys=0.00, real=0.01 secs] 
2014-07-16T08:05:47.900+0000: 2223.120: [GC [PSYoungGen: 352076K->944K(341824K)] 732965K->381881K(1028800K), 0.0076380 secs] [Times: user=0.05 sys=0.01, real=0.00 secs] 
2014-07-16T08:05:49.084+0000: 2224.304: [GC [PSYoungGen: 341767K->1100K(332352K)] 722704K->382141K(1019328K), 0.0071440 secs] [Times: user=0.04 sys=0.00, real=0.01 secs] 
2014-07-16T08:05:50.270+0000: 2225.489: [GC [PSYoungGen: 332300K->972K(322944K)] 713341K->382069K(1009920K), 0.0153080 secs] [Times: user=0.09 sys=0.00, real=0.02 secs] 
2014-07-16T08:05:51.381+0000: 2226.601: [GC [PSYoungGen: 322892K->882K(313920K)] 703989K->382051K(1000896K), 0.0066810 secs] [Times: user=0.04 sys=0.01, real=0.00 secs] 
2014-07-16T08:05:52.520+0000: 2227.740: [GC [PSYoungGen: 313906K->1450K(305920K)] 695075K->382795K(992896K), 0.0061740 secs] [Times: user=0.03 sys=0.00, real=0.00 secs] 
2014-07-16T08:05:53.512+0000: 2228.732: [GC [PSYoungGen: 305885K->1104K(297408K)] 687231K->382553K(984384K), 0.0063210 secs] [Times: user=0.04 sys=0.00, real=0.00 secs] 
2014-07-16T08:05:54.455+0000: 2229.675: [GC [PSYoungGen: 297357K->1004K(289408K)] 678807K->382565K(976384K), 0.0062000 secs] [Times: user=0.04 sys=0.01, real=0.01 secs] 
2014-07-16T08:05:55.420+0000: 2230.640: [GC [PSYoungGen: 289361K->1292K(282176K)] 670922K->382957K(969152K), 0.0096870 secs] [Times: user=0.06 sys=0.00, real=0.01 secs] 
2014-07-16T08:05:56.307+0000: 2231.527: [GC [PSYoungGen: 282124K->954K(274496K)] 663789K->382723K(961472K), 0.0055440 secs] [Times: user=0.02 sys=0.00, real=0.01 secs] 
2014-07-16T08:05:57.344+0000: 2232.564: [GC [PSYoungGen: 274490K->1182K(267712K)] 656259K->383023K(954688K), 0.0050470 secs] [Times: user=0.03 sys=0.00, real=0.00 secs] 
2014-07-16T08:05:58.204+0000: 2233.424: [GC [PSYoungGen: 267678K->1104K(260928K)] 649519K->383041K(947904K), 0.0038380 secs] [Times: user=0.02 sys=0.00, real=0.00 secs] 
2014-07-16T08:05:59.099+0000: 2234.319: [GC [PSYoungGen: 260879K->772K(254144K)] 642817K->382765K(941120K), 0.0071350 secs] [Times: user=0.05 sys=0.00, real=0.01 secs] 
2014-07-16T08:05:59.956+0000: 2235.176: [GC [PSYoungGen: 254084K->1026K(248128K)] 636077K->383091K(935104K), 0.0072320 secs] [Times: user=0.05 sys=0.01, real=0.01 secs] 
2014-07-16T08:06:00.865+0000: 2236.085: [GC [PSYoungGen: 248066K->1482K(242560K)] 630131K->383627K(929536K), 0.0048810 secs] [Times: user=0.02 sys=0.00, real=0.00 secs] 
2014-07-16T08:06:01.682+0000: 2236.902: [GC [PSYoungGen: 242506K->616K(235904K)] 624651K->382977K(922880K), 0.0057470 secs] [Times: user=0.03 sys=0.00, real=0.00 secs] 
2014-07-16T08:06:02.584+0000: 2237.804: [GC [PSYoungGen: 235880K->1658K(231360K)] 618241K->384149K(918336K), 0.0089400 secs] [Times: user=0.05 sys=0.01, real=0.01 secs] 
2014-07-16T08:06:03.381+0000: 2238.601: [GC [PSYoungGen: 231325K->936K(225280K)] 613816K->383615K(912256K), 0.0063390 secs] [Times: user=0.05 sys=0.00, real=0.01 secs] 
2014-07-16T08:06:04.150+0000: 2239.370: [GC [PSYoungGen: 225256K->1164K(220352K)] 607935K->383947K(907328K), 0.0063980 secs] [Times: user=0.04 sys=0.01, real=0.01 secs] 
2014-07-16T08:06:04.825+0000: 2240.045: [GC [PSYoungGen: 220267K->1118K(264128K)] 603051K->383973K(951104K), 0.0189130 secs] [Times: user=0.12 sys=0.00, real=0.02 secs] 
2014-07-16T08:06:05.691+0000: 2240.911: [GC [PSYoungGen: 264094K->1418K(317056K)] 646949K->384337K(1004032K), 0.0035390 secs] [Times: user=0.02 sys=0.00, real=0.01 secs] 
2014-07-16T08:06:06.798+0000: 2242.018: [GC [PSYoungGen: 316981K->880K(307840K)] 699901K->384381K(994816K), 0.0069220 secs] [Times: user=0.05 sys=0.00, real=0.01 secs] 
2014-07-16T08:06:07.883+0000: 2243.103: [GC [PSYoungGen: 307824K->1650K(300288K)] 691325K->385232K(987264K), 0.0036140 secs] [Times: user=0.02 sys=0.00, real=0.00 secs] 
2014-07-16T08:06:08.839+0000: 2244.059: [GC [PSYoungGen: 300274K->822K(291456K)] 683856K->384899K(978432K), 0.0082640 secs] [Times: user=0.06 sys=0.00, real=0.01 secs] 
2014-07-16T08:06:09.827+0000: 2245.047: [GC [PSYoungGen: 291444K->1076K(284032K)] 675521K->385210K(971008K), 0.0089020 secs] [Times: user=0.06 sys=0.01, real=0.01 secs] 
2014-07-16T08:06:10.762+0000: 2245.981: [GC [PSYoungGen: 284020K->940K(276544K)] 668154K->385162K(963520K), 0.0079700 secs] [Times: user=0.06 sys=0.00, real=0.01 secs] 
2014-07-16T08:06:11.643+0000: 2246.863: [GC [PSYoungGen: 276498K->1154K(269696K)] 660720K->385432K(956672K), 0.0066680 secs] [Times: user=0.04 sys=0.00, real=0.01 secs] 
2014-07-16T08:06:12.647+0000: 2247.867: [GC [PSYoungGen: 269634K->1418K(263104K)] 653912K->385768K(950080K), 0.0091910 secs] [Times: user=0.06 sys=0.00, real=0.01 secs] 
2014-07-16T08:06:13.501+0000: 2248.721: [GC [PSYoungGen: 263050K->882K(256000K)] 647400K->385311K(942976K), 0.0053080 secs] [Times: user=0.03 sys=0.00, real=0.01 secs] 
2014-07-16T08:06:14.277+0000: 2249.497: [GC [PSYoungGen: 255986K->826K(249600K)] 640415K->385344K(936576K), 0.0069590 secs] [Times: user=0.04 sys=0.00, real=0.01 secs] 
2014-07-16T08:06:15.073+0000: 2250.293: [GC [PSYoungGen: 249594K->958K(243648K)] 634112K->385532K(930624K), 0.0051140 secs] [Times: user=0.03 sys=0.00, real=0.01 secs] 
2014-07-16T08:06:15.877+0000: 2251.097: [GC [PSYoungGen: 243646K->1086K(292352K)] 628220K->385732K(979328K), 0.0157620 secs] [Times: user=0.09 sys=0.00, real=0.01 secs] 
2014-07-16T08:06:16.831+0000: 2252.051: [GC [PSYoungGen: 292350K->1290K(284928K)] 676996K->385992K(971904K), 0.0057140 secs] [Times: user=0.03 sys=0.00, real=0.01 secs] 
2014-07-16T08:06:17.777+0000: 2252.997: [GC [PSYoungGen: 284868K->822K(276992K)] 669569K->385619K(963968K), 0.0090930 secs] [Times: user=0.07 sys=0.00, real=0.01 secs] 
2014-07-16T08:06:18.727+0000: 2253.947: [GC [PSYoungGen: 276982K->932K(270016K)] 661779K->385841K(956992K), 0.0081400 secs] [Times: user=0.06 sys=0.00, real=0.01 secs] 
2014-07-16T08:06:19.614+0000: 2254.833: [GC [PSYoungGen: 269988K->950K(263168K)] 654897K->385947K(950144K), 0.0094430 secs] [Times: user=0.06 sys=0.00, real=0.01 secs] 
2014-07-16T08:06:20.500+0000: 2255.720: [GC [PSYoungGen: 263158K->1356K(257024K)] 648155K->386409K(944000K), 0.0064620 secs] [Times: user=0.04 sys=0.00, real=0.01 secs] 
2014-07-16T08:06:21.339+0000: 2256.559: [GC [PSYoungGen: 256972K->754K(250048K)] 642025K->385911K(937024K), 0.0074650 secs] [Times: user=0.04 sys=0.00, real=0.01 secs] 
2014-07-16T08:06:22.290+0000: 2257.510: [GC [PSYoungGen: 250034K->1188K(244416K)] 635191K->386409K(931392K), 0.0060480 secs] [Times: user=0.03 sys=0.01, real=0.01 secs] 
2014-07-16T08:06:23.014+0000: 2258.234: [GC [PSYoungGen: 244363K->1526K(238848K)] 629585K->386926K(925824K), 0.0040550 secs] [Times: user=0.02 sys=0.00, real=0.01 secs] 
2014-07-16T08:06:23.792+0000: 2259.012: [GC [PSYoungGen: 238838K->1154K(232896K)] 624238K->386642K(919872K), 0.0080440 secs] [Times: user=0.05 sys=0.00, real=0.01 secs] 
2014-07-16T08:06:24.551+0000: 2259.771: [GC [PSYoungGen: 232834K->968K(227264K)] 618322K->386544K(914240K), 0.0038840 secs] [Times: user=0.02 sys=0.00, real=0.01 secs] 
2014-07-16T08:06:25.266+0000: 2260.486: [GC [PSYoungGen: 227208K->512K(221504K)] 612784K->386143K(908480K), 0.0076320 secs] [Times: user=0.04 sys=0.01, real=0.00 secs] 
2014-07-16T08:06:25.981+0000: 2261.201: [GC [PSYoungGen: 221504K->1332K(217280K)] 607135K->387044K(904256K), 0.0074820 secs] [Times: user=0.05 sys=0.00, real=0.01 secs] 
2014-07-16T08:06:26.692+0000: 2261.912: [GC [PSYoungGen: 217268K->672K(211776K)] 602980K->386463K(898752K), 0.0076890 secs] [Times: user=0.06 sys=0.00, real=0.01 secs] 
2014-07-16T08:06:27.449+0000: 2262.669: [GC [PSYoungGen: 211744K->1568K(254912K)] 597535K->387400K(941888K), 0.0182100 secs] [Times: user=0.11 sys=0.00, real=0.02 secs] 
2014-07-16T08:06:28.228+0000: 2263.448: [GC [PSYoungGen: 254880K->786K(304832K)] 640712K->386705K(991808K), 0.0092320 secs] [Times: user=0.05 sys=0.00, real=0.01 secs] 
2014-07-16T08:06:29.250+0000: 2264.470: [GC [PSYoungGen: 304786K->1574K(366400K)] 690705K->387574K(1053376K), 0.0118970 secs] [Times: user=0.07 sys=0.00, real=0.01 secs] 
2014-07-16T08:06:30.464+0000: 2265.684: [GC [PSYoungGen: 366335K->1090K(382464K)] 752335K->387170K(1069440K), 0.0072600 secs] [Times: user=0.05 sys=0.01, real=0.01 secs] 
2014-07-16T08:06:31.711+0000: 2266.931: [GC [PSYoungGen: 381486K->1632K(370752K)] 767565K->387792K(1057728K), 0.0061000 secs] [Times: user=0.04 sys=0.00, real=0.01 secs] 
2014-07-16T08:06:33.113+0000: 2268.333: [GC [PSYoungGen: 370720K->1236K(359552K)] 756880K->387476K(1046528K), 0.0043180 secs] [Times: user=0.02 sys=0.00, real=0.01 secs] 
2014-07-16T08:06:34.338+0000: 2269.558: [GC [PSYoungGen: 359508K->722K(348672K)] 745748K->387041K(1035648K), 0.0077070 secs] [Times: user=0.05 sys=0.00, real=0.00 secs] 
2014-07-16T08:06:35.448+0000: 2270.668: [GC [PSYoungGen: 348626K->854K(338816K)] 734945K->387285K(1025792K), 0.0059680 secs] [Times: user=0.04 sys=0.00, real=0.00 secs] 
2014-07-16T08:06:36.515+0000: 2271.735: [GC [PSYoungGen: 338774K->1336K(329728K)] 725205K->387824K(1016704K), 0.0073160 secs] [Times: user=0.04 sys=0.00, real=0.01 secs] 
2014-07-16T08:06:37.585+0000: 2272.805: [GC [PSYoungGen: 329720K->1308K(320576K)] 716208K->387860K(1007552K), 0.0085480 secs] [Times: user=0.06 sys=0.00, real=0.01 secs] 
2014-07-16T08:06:38.642+0000: 2273.862: [GC [PSYoungGen: 320540K->1254K(311744K)] 707092K->387870K(998720K), 0.0058110 secs] [Times: user=0.04 sys=0.00, real=0.01 secs] 
2014-07-16T08:06:39.668+0000: 2274.888: [GC [PSYoungGen: 311696K->840K(302912K)] 698312K->387536K(989888K), 0.0089350 secs] [Times: user=0.06 sys=0.00, real=0.00 secs] 
2014-07-16T08:06:40.680+0000: 2275.900: [GC [PSYoungGen: 302856K->1472K(295424K)] 689552K->388232K(982400K), 0.0061250 secs] [Times: user=0.04 sys=0.00, real=0.00 secs] 
2014-07-16T08:06:41.672+0000: 2276.892: [GC [PSYoungGen: 295360K->1300K(287424K)] 682120K->388140K(974400K), 0.0081460 secs] [Times: user=0.06 sys=0.00, real=0.01 secs] 
2014-07-16T08:06:42.831+0000: 2278.051: [GC [PSYoungGen: 287380K->1142K(279744K)] 674220K->388173K(966720K), 0.0064440 secs] [Times: user=0.04 sys=0.00, real=0.00 secs] 
2014-07-16T08:06:43.778+0000: 2278.998: [GC [PSYoungGen: 279696K->1300K(272704K)] 666728K->388396K(959680K), 0.0075670 secs] [Times: user=0.05 sys=0.00, real=0.01 secs] 
2014-07-16T08:06:44.735+0000: 2279.955: [GC [PSYoungGen: 272642K->1208K(265664K)] 659738K->388360K(952640K), 0.0094960 secs] [Times: user=0.06 sys=0.00, real=0.01 secs] 
2014-07-16T08:06:45.559+0000: 2280.779: [GC [PSYoungGen: 265656K->576K(258368K)] 652808K->387783K(945344K), 0.0109790 secs] [Times: user=0.07 sys=0.00, real=0.01 secs] 
2014-07-16T08:06:46.408+0000: 2281.628: [GC [PSYoungGen: 258368K->1076K(252480K)] 645575K->388340K(939456K), 0.0083880 secs] [Times: user=0.05 sys=0.00, real=0.00 secs] 
2014-07-16T08:06:47.227+0000: 2282.447: [GC [PSYoungGen: 252468K->1354K(246656K)] 639732K->388698K(933632K), 0.0078470 secs] [Times: user=0.05 sys=0.01, real=0.01 secs] 
2014-07-16T08:06:48.124+0000: 2283.344: [GC [PSYoungGen: 246579K->854K(240192K)] 633922K->388261K(927168K), 0.0066510 secs] [Times: user=0.03 sys=0.00, real=0.01 secs] 
2014-07-16T08:06:48.867+0000: 2284.087: [GC [PSYoungGen: 240121K->1126K(288320K)] 627529K->388582K(975296K), 0.0156930 secs] [Times: user=0.08 sys=0.01, real=0.02 secs] 
2014-07-16T08:06:49.814+0000: 2285.034: [GC [PSYoungGen: 288252K->1054K(345728K)] 675708K->388574K(1032704K), 0.0080090 secs] [Times: user=0.04 sys=0.00, real=0.01 secs] 
2014-07-16T08:06:50.992+0000: 2286.212: [GC [PSYoungGen: 345694K->1126K(414720K)] 733214K->388694K(1101696K), 0.0108640 secs] [Times: user=0.07 sys=0.00, real=0.01 secs] 
2014-07-16T08:06:52.420+0000: 2287.640: [GC [PSYoungGen: 414694K->1276K(425024K)] 802262K->389178K(1112000K), 0.0132690 secs] [Times: user=0.09 sys=0.01, real=0.01 secs] 
2014-07-16T08:06:53.896+0000: 2289.116: [GC [PSYoungGen: 425020K->890K(425536K)] 812922K->388832K(1112512K), 0.0174130 secs] [Times: user=0.13 sys=0.00, real=0.02 secs] 
2014-07-16T08:06:55.363+0000: 2290.583: [GC [PSYoungGen: 424634K->1214K(411840K)] 812576K->389328K(1098816K), 0.0058980 secs] [Times: user=0.03 sys=0.00, real=0.01 secs] 
2014-07-16T08:06:56.740+0000: 2291.960: [GC [PSYoungGen: 411838K->594K(398656K)] 799952K->388756K(1085632K), 0.0053830 secs] [Times: user=0.02 sys=0.00, real=0.00 secs] 
2014-07-16T08:06:58.278+0000: 2293.498: [GC [PSYoungGen: 398610K->1400K(387392K)] 786772K->389690K(1074368K), 0.0076640 secs] [Times: user=0.04 sys=0.00, real=0.01 secs] 
2014-07-16T08:06:59.551+0000: 2294.771: [GC [PSYoungGen: 387384K->894K(375360K)] 775674K->389208K(1062336K), 0.0061730 secs] [Times: user=0.03 sys=0.01, real=0.00 secs] 
2014-07-16T08:07:00.804+0000: 2296.024: [GC [PSYoungGen: 375358K->1450K(364864K)] 763672K->389828K(1051840K), 0.0076280 secs] [Times: user=0.05 sys=0.00, real=0.01 secs] 
2014-07-16T08:07:02.014+0000: 2297.234: [GC [PSYoungGen: 364842K->1446K(354240K)] 753220K->389904K(1041216K), 0.0070630 secs] [Times: user=0.04 sys=0.00, real=0.01 secs] 
2014-07-16T08:07:03.288+0000: 2298.508: [GC [PSYoungGen: 354214K->830K(343424K)] 742672K->389556K(1030400K), 0.0079410 secs] [Times: user=0.05 sys=0.00, real=0.01 secs] 
2014-07-16T08:07:04.371+0000: 2299.591: [GC [PSYoungGen: 343422K->1072K(333952K)] 732148K->389846K(1020928K), 0.0047640 secs] [Times: user=0.03 sys=0.00, real=0.00 secs] 
2014-07-16T08:07:05.493+0000: 2300.713: [GC [PSYoungGen: 333936K->1226K(324800K)] 722710K->390322K(1011776K), 0.0069190 secs] [Times: user=0.03 sys=0.00, real=0.00 secs] 
2014-07-16T08:07:06.527+0000: 2301.747: [GC [PSYoungGen: 324669K->1100K(315712K)] 713765K->390284K(1002688K), 0.0088190 secs] [Times: user=0.03 sys=0.00, real=0.01 secs] 
2014-07-16T08:07:07.535+0000: 2302.755: [GC [PSYoungGen: 315660K->1208K(307136K)] 704844K->390620K(994112K), 0.0090030 secs] [Times: user=0.06 sys=0.00, real=0.01 secs] 
2014-07-16T08:07:08.603+0000: 2303.823: [GC [PSYoungGen: 307121K->1158K(298880K)] 696533K->390626K(985856K), 0.0044510 secs] [Times: user=0.02 sys=0.01, real=0.00 secs] 
2014-07-16T08:07:09.533+0000: 2304.753: [GC [PSYoungGen: 298822K->680K(290432K)] 688290K->390204K(977408K), 0.0037170 secs] [Times: user=0.02 sys=0.00, real=0.00 secs] 
2014-07-16T08:07:10.484+0000: 2305.704: [GC [PSYoungGen: 290408K->808K(282944K)] 679932K->390420K(969920K), 0.0068470 secs] [Times: user=0.04 sys=0.00, real=0.00 secs] 
2014-07-16T08:07:11.441+0000: 2306.661: [GC [PSYoungGen: 282920K->726K(275520K)] 672532K->390402K(962496K), 0.0060710 secs] [Times: user=0.03 sys=0.00, real=0.01 secs] 
2014-07-16T08:07:12.367+0000: 2307.587: [GC [PSYoungGen: 275478K->754K(268480K)] 665154K->390502K(955456K), 0.0075240 secs] [Times: user=0.05 sys=0.00, real=0.01 secs] 
2014-07-16T08:07:13.367+0000: 2308.587: [GC [PSYoungGen: 268466K->1240K(262208K)] 658214K->391052K(949184K), 0.0068850 secs] [Times: user=0.04 sys=0.00, real=0.01 secs] 
2014-07-16T08:07:14.214+0000: 2309.434: [GC [PSYoungGen: 262168K->1552K(256000K)] 651980K->391436K(942976K), 0.0055700 secs] [Times: user=0.03 sys=0.00, real=0.00 secs] 
2014-07-16T08:07:15.107+0000: 2310.327: [GC [PSYoungGen: 255952K->630K(248768K)] 645836K->390782K(935744K), 0.0085860 secs] [Times: user=0.03 sys=0.00, real=0.01 secs] 
2014-07-16T08:07:15.909+0000: 2311.129: [GC [PSYoungGen: 248734K->1624K(243712K)] 638886K->391856K(930688K), 0.0147720 secs] [Times: user=0.08 sys=0.00, real=0.02 secs] 
2014-07-16T08:07:16.686+0000: 2311.906: [GC [PSYoungGen: 243672K->804K(237056K)] 633904K->391324K(924032K), 0.0059480 secs] [Times: user=0.03 sys=0.00, real=0.00 secs] 
2014-07-16T08:07:17.463+0000: 2312.683: [GC [PSYoungGen: 237028K->1382K(232000K)] 627548K->391982K(918976K), 0.0050700 secs] [Times: user=0.02 sys=0.00, real=0.01 secs] 
2014-07-16T08:07:18.309+0000: 2313.529: [GC [PSYoungGen: 231974K->1660K(226816K)] 622574K->392348K(913792K), 0.0056230 secs] [Times: user=0.02 sys=0.00, real=0.01 secs] 
2014-07-16T08:07:18.971+0000: 2314.191: [GC [PSYoungGen: 226740K->840K(220800K)] 617428K->391584K(907776K), 0.0064350 secs] [Times: user=0.03 sys=0.01, real=0.01 secs] 
2014-07-16T08:07:19.690+0000: 2314.910: [GC [PSYoungGen: 220744K->836K(215744K)] 611488K->391676K(902720K), 0.0049980 secs] [Times: user=0.02 sys=0.00, real=0.01 secs] 
2014-07-16T08:07:20.368+0000: 2315.588: [GC [PSYoungGen: 215684K->708K(210752K)] 606524K->391596K(897728K), 0.0058610 secs] [Times: user=0.03 sys=0.00, real=0.01 secs] 
2014-07-16T08:07:21.067+0000: 2316.287: [GC [PSYoungGen: 210692K->1792K(207168K)] 601580K->392776K(894144K), 0.0059200 secs] [Times: user=0.03 sys=0.00, real=0.01 secs] 
2014-07-16T08:07:21.748+0000: 2316.968: [GC [PSYoungGen: 207064K->1182K(201984K)] 598048K->392262K(888960K), 0.0038050 secs] [Times: user=0.02 sys=0.00, real=0.00 secs] 
2014-07-16T08:07:22.402+0000: 2317.622: [GC [PSYoungGen: 201939K->1068K(197504K)] 593019K->392228K(884480K), 0.0071290 secs] [Times: user=0.04 sys=0.01, real=0.01 secs] 
2014-07-16T08:07:23.065+0000: 2318.285: [GC [PSYoungGen: 197484K->1440K(237184K)] 588644K->392664K(924160K), 0.0140930 secs] [Times: user=0.08 sys=0.00, real=0.01 secs] 
2014-07-16T08:07:23.983+0000: 2319.203: [GC [PSYoungGen: 237152K->1572K(284480K)] 628376K->393100K(971456K), 0.0080590 secs] [Times: user=0.06 sys=0.00, real=0.01 secs] 
2014-07-16T08:07:24.981+0000: 2320.201: [GC [PSYoungGen: 284423K->1518K(340992K)] 675952K->393142K(1027968K), 0.0098880 secs] [Times: user=0.07 sys=0.00, real=0.01 secs] 
2014-07-16T08:07:26.119+0000: 2321.339: [GC [PSYoungGen: 340974K->936K(330816K)] 732598K->392624K(1017792K), 0.0068360 secs] [Times: user=0.03 sys=0.00, real=0.01 secs] 
2014-07-16T08:07:27.158+0000: 2322.378: [GC [PSYoungGen: 330792K->576K(321216K)] 722480K->392328K(1008192K), 0.0081690 secs] [Times: user=0.05 sys=0.00, real=0.01 secs] 
2014-07-16T08:07:28.177+0000: 2323.397: [GC [PSYoungGen: 321166K->854K(312704K)] 712919K->392694K(999680K), 0.0091430 secs] [Times: user=0.05 sys=0.00, real=0.01 secs] 
2014-07-16T08:07:29.202+0000: 2324.422: [GC [PSYoungGen: 312658K->954K(304256K)] 704498K->392898K(991232K), 0.0058480 secs] [Times: user=0.04 sys=0.00, real=0.01 secs] 
2014-07-16T08:07:30.185+0000: 2325.405: [GC [PSYoungGen: 304250K->840K(296000K)] 696194K->392872K(982976K), 0.0040880 secs] [Times: user=0.02 sys=0.00, real=0.00 secs] 
2014-07-16T08:07:31.179+0000: 2326.399: [GC [PSYoungGen: 295944K->1246K(288512K)] 687976K->393366K(975488K), 0.0122100 secs] [Times: user=0.06 sys=0.00, real=0.01 secs] 
2014-07-16T08:07:32.110+0000: 2327.330: [GC [PSYoungGen: 288478K->1186K(280896K)] 680598K->393394K(967872K), 0.0103720 secs] [Times: user=0.07 sys=0.00, real=0.01 secs] 
2014-07-16T08:07:33.044+0000: 2328.264: [GC [PSYoungGen: 280866K->854K(273344K)] 673074K->393134K(960320K), 0.0117540 secs] [Times: user=0.09 sys=0.00, real=0.02 secs] 
2014-07-16T08:07:34.188+0000: 2329.408: [GC [PSYoungGen: 273302K->1228K(328256K)] 665582K->393564K(1015232K), 0.0172770 secs] [Times: user=0.09 sys=0.00, real=0.02 secs] 
2014-07-16T08:07:35.289+0000: 2330.509: [GC [PSYoungGen: 328186K->1424K(393856K)] 720522K->393880K(1080832K), 0.0082370 secs] [Times: user=0.05 sys=0.00, real=0.01 secs] 
2014-07-16T08:07:36.602+0000: 2331.822: [GC [PSYoungGen: 393774K->868K(381440K)] 786230K->393388K(1068416K), 0.0084420 secs] [Times: user=0.05 sys=0.01, real=0.01 secs] 
2014-07-16T08:07:37.818+0000: 2333.038: [GC [PSYoungGen: 381412K->850K(370112K)] 773932K->393466K(1057088K), 0.0081570 secs] [Times: user=0.04 sys=0.01, real=0.00 secs] 
2014-07-16T08:07:39.064+0000: 2334.284: [GC [PSYoungGen: 370020K->1118K(359552K)] 762637K->393798K(1046528K), 0.0087010 secs] [Times: user=0.06 sys=0.00, real=0.01 secs] 
2014-07-16T08:07:40.241+0000: 2335.461: [GC [PSYoungGen: 359518K->1026K(349120K)] 752198K->393762K(1036096K), 0.0115550 secs] [Times: user=0.07 sys=0.00, real=0.01 secs] 
2014-07-16T08:07:41.382+0000: 2336.602: [GC [PSYoungGen: 349058K->1172K(339264K)] 741794K->393972K(1026240K), 0.0066720 secs] [Times: user=0.04 sys=0.01, real=0.01 secs] 
2014-07-16T08:07:42.545+0000: 2337.764: [GC [PSYoungGen: 339220K->1022K(329536K)] 732020K->393886K(1016512K), 0.0045240 secs] [Times: user=0.02 sys=0.00, real=0.01 secs] 
2014-07-16T08:07:43.601+0000: 2338.821: [GC [PSYoungGen: 329534K->864K(320256K)] 722398K->393792K(1007232K), 0.0046200 secs] [Times: user=0.02 sys=0.00, real=0.00 secs] 
2014-07-16T08:07:44.832+0000: 2340.052: [GC [PSYoungGen: 320224K->1172K(311744K)] 713152K->394172K(998720K), 0.0072880 secs] [Times: user=0.04 sys=0.00, real=0.01 secs] 
2014-07-16T08:07:45.922+0000: 2341.142: [GC [PSYoungGen: 311700K->826K(302912K)] 704700K->393858K(989888K), 0.0128080 secs] [Times: user=0.08 sys=0.00, real=0.01 secs] 
2014-07-16T08:07:46.916+0000: 2342.136: [GC [PSYoungGen: 302906K->872K(294848K)] 695938K->393976K(981824K), 0.0082150 secs] [Times: user=0.06 sys=0.00, real=0.01 secs] 
2014-07-16T08:07:47.849+0000: 2343.069: [GC [PSYoungGen: 294810K->836K(287040K)] 687914K->393996K(974016K), 0.0040300 secs] [Times: user=0.02 sys=0.00, real=0.00 secs] 
2014-07-16T08:07:48.879+0000: 2344.099: [GC [PSYoungGen: 286965K->1324K(280000K)] 680126K->394540K(966976K), 0.0055210 secs] [Times: user=0.02 sys=0.00, real=0.00 secs] 
2014-07-16T08:07:49.762+0000: 2344.982: [GC [PSYoungGen: 279980K->908K(272384K)] 673196K->394204K(959360K), 0.0069730 secs] [Times: user=0.04 sys=0.00, real=0.01 secs] 
2014-07-16T08:07:50.634+0000: 2345.854: [GC [PSYoungGen: 272332K->758K(265280K)] 665628K->394118K(952256K), 0.0046370 secs] [Times: user=0.01 sys=0.00, real=0.01 secs] 
2014-07-16T08:07:51.524+0000: 2346.744: [GC [PSYoungGen: 265269K->1040K(258944K)] 658630K->394448K(945920K), 0.0117940 secs] [Times: user=0.05 sys=0.00, real=0.01 secs] 
2014-07-16T08:07:52.340+0000: 2347.560: [GC [PSYoungGen: 258896K->736K(252224K)] 652304K->394224K(939200K), 0.0070810 secs] [Times: user=0.04 sys=0.00, real=0.00 secs] 
2014-07-16T08:07:53.155+0000: 2348.375: [GC [PSYoungGen: 252192K->1276K(246528K)] 645680K->395062K(933504K), 0.0045300 secs] [Times: user=0.02 sys=0.00, real=0.01 secs] 
2014-07-16T08:07:54.080+0000: 2349.300: [GC [PSYoungGen: 246524K->1592K(240896K)] 640310K->395474K(927872K), 0.0120640 secs] [Times: user=0.07 sys=0.00, real=0.01 secs] 
2014-07-16T08:07:54.878+0000: 2350.098: [GC [PSYoungGen: 240888K->384K(233920K)] 634770K->394522K(920896K), 0.0041660 secs] [Times: user=0.02 sys=0.00, real=0.00 secs] 
2014-07-16T08:07:55.680+0000: 2350.900: [GC [PSYoungGen: 233917K->1478K(229568K)] 628055K->395672K(916544K), 0.0086180 secs] [Times: user=0.05 sys=0.01, real=0.00 secs] 
2014-07-16T08:07:56.479+0000: 2351.699: [GC [PSYoungGen: 229510K->1250K(224000K)] 623704K->395880K(910976K), 0.0065450 secs] [Times: user=0.05 sys=0.00, real=0.01 secs] 
2014-07-16T08:07:57.228+0000: 2352.448: [GC [PSYoungGen: 223970K->448K(218048K)] 618600K->395134K(905024K), 0.0087940 secs] [Times: user=0.06 sys=0.00, real=0.01 secs] 
2014-07-16T08:07:57.931+0000: 2353.151: [GC [PSYoungGen: 218048K->1846K(262976K)] 612734K->396596K(949952K), 0.0156420 secs] [Times: user=0.10 sys=0.00, real=0.01 secs] 
2014-07-16T08:07:58.793+0000: 2354.013: [GC [PSYoungGen: 262966K->1268K(314624K)] 657716K->396122K(1001600K), 0.0069980 secs] [Times: user=0.04 sys=0.00, real=0.01 secs] 
2014-07-16T08:07:59.911+0000: 2355.131: [GC [PSYoungGen: 314573K->1122K(305920K)] 709428K->396148K(992896K), 0.0039850 secs] [Times: user=0.02 sys=0.00, real=0.00 secs] 
2014-07-16T08:08:00.905+0000: 2356.125: [GC [PSYoungGen: 305890K->1300K(297856K)] 700916K->396422K(984832K), 0.0105580 secs] [Times: user=0.07 sys=0.00, real=0.01 secs] 
2014-07-16T08:08:01.898+0000: 2357.118: [GC [PSYoungGen: 297812K->1158K(289856K)] 692934K->396336K(976832K), 0.0075380 secs] [Times: user=0.04 sys=0.00, real=0.01 secs] 
2014-07-16T08:08:02.852+0000: 2358.072: [GC [PSYoungGen: 289798K->790K(281856K)] 684976K->396024K(968832K), 0.0092940 secs] [Times: user=0.06 sys=0.00, real=0.01 secs] 
2014-07-16T08:08:03.837+0000: 2359.057: [GC [PSYoungGen: 281814K->940K(274688K)] 677048K->396230K(961664K), 0.0039870 secs] [Times: user=0.02 sys=0.00, real=0.01 secs] 
2014-07-16T08:08:04.843+0000: 2360.063: [GC [PSYoungGen: 274668K->1500K(268224K)] 669958K->396870K(955200K), 0.0090430 secs] [Times: user=0.06 sys=0.00, real=0.01 secs] 
2014-07-16T08:08:05.768+0000: 2360.988: [GC [PSYoungGen: 268188K->1276K(261248K)] 663558K->397414K(948224K), 0.0048330 secs] [Times: user=0.03 sys=0.01, real=0.01 secs] 
2014-07-16T08:08:06.725+0000: 2361.945: [GC [PSYoungGen: 261244K->1478K(255040K)] 657382K->397712K(942016K), 0.0114860 secs] [Times: user=0.08 sys=0.01, real=0.01 secs] 
2014-07-16T08:08:07.477+0000: 2362.697: [GC [PSYoungGen: 254982K->1254K(248512K)] 651216K->397600K(935488K), 0.0057450 secs] [Times: user=0.04 sys=0.00, real=0.01 secs] 
2014-07-16T08:08:08.269+0000: 2363.489: [GC [PSYoungGen: 248486K->1300K(242560K)] 644832K->397734K(929536K), 0.0052350 secs] [Times: user=0.04 sys=0.00, real=0.01 secs] 
2014-07-16T08:08:09.029+0000: 2364.249: [GC [PSYoungGen: 242513K->722K(236160K)] 638947K->397212K(923136K), 0.0092010 secs] [Times: user=0.05 sys=0.00, real=0.01 secs] 
2014-07-16T08:08:09.916+0000: 2365.136: [GC [PSYoungGen: 236114K->1236K(231104K)] 632604K->397782K(918080K), 0.0063980 secs] [Times: user=0.02 sys=0.00, real=0.01 secs] 
2014-07-16T08:08:10.626+0000: 2365.846: [GC [PSYoungGen: 231060K->1246K(225728K)] 627606K->397904K(912704K), 0.0053890 secs] [Times: user=0.03 sys=0.00, real=0.01 secs] 
2014-07-16T08:08:11.360+0000: 2366.580: [GC [PSYoungGen: 225656K->1308K(220608K)] 622315K->398038K(907584K), 0.0089210 secs] [Times: user=0.06 sys=0.00, real=0.01 secs] 
2014-07-16T08:08:12.128+0000: 2367.348: [GC [PSYoungGen: 220572K->1254K(215552K)] 617302K->398258K(902528K), 0.0041150 secs] [Times: user=0.03 sys=0.00, real=0.01 secs] 
2014-07-16T08:08:12.799+0000: 2368.019: [GC [PSYoungGen: 215526K->762K(210240K)] 612530K->397806K(897216K), 0.0044980 secs] [Times: user=0.03 sys=0.00, real=0.01 secs] 
2014-07-16T08:08:13.492+0000: 2368.712: [GC [PSYoungGen: 210234K->790K(205632K)] 607278K->398138K(892608K), 0.0032790 secs] [Times: user=0.02 sys=0.00, real=0.00 secs] 
2014-07-16T08:08:14.168+0000: 2369.388: [GC [PSYoungGen: 205589K->1076K(201408K)] 602938K->398504K(888384K), 0.0070160 secs] [Times: user=0.05 sys=0.00, real=0.01 secs] 
2014-07-16T08:08:14.895+0000: 2370.115: [GC [PSYoungGen: 201396K->836K(196864K)] 598824K->398336K(883840K), 0.0042140 secs] [Times: user=0.01 sys=0.01, real=0.00 secs] 
2014-07-16T08:08:15.569+0000: 2370.789: [GC [PSYoungGen: 196804K->836K(192640K)] 594304K->398400K(879616K), 0.0074440 secs] [Times: user=0.05 sys=0.00, real=0.01 secs] 
2014-07-16T08:08:16.180+0000: 2371.400: [GC [PSYoungGen: 192580K->1500K(189248K)] 590144K->399145K(876224K), 0.0069680 secs] [Times: user=0.04 sys=0.00, real=0.01 secs] 
2014-07-16T08:08:16.786+0000: 2372.006: [GC [PSYoungGen: 189127K->1004K(226304K)] 586771K->398720K(913280K), 0.0131140 secs] [Times: user=0.08 sys=0.00, real=0.01 secs] 
2014-07-16T08:08:17.544+0000: 2372.764: [GC [PSYoungGen: 226262K->904K(271296K)] 623978K->398700K(958272K), 0.0046650 secs] [Times: user=0.02 sys=0.00, real=0.00 secs] 
2014-07-16T08:08:18.426+0000: 2373.646: [GC [PSYoungGen: 271240K->894K(264320K)] 669036K->398754K(951296K), 0.0074900 secs] [Times: user=0.05 sys=0.00, real=0.01 secs] 
2014-07-16T08:08:19.278+0000: 2374.498: [GC [PSYoungGen: 264307K->972K(257792K)] 662168K->398912K(944768K), 0.0041200 secs] [Times: user=0.02 sys=0.00, real=0.01 secs] 
2014-07-16T08:08:20.197+0000: 2375.417: [GC [PSYoungGen: 257740K->1122K(251520K)] 655680K->399142K(938496K), 0.0042800 secs] [Times: user=0.03 sys=0.00, real=0.00 secs] 
2014-07-16T08:08:21.001+0000: 2376.221: [GC [PSYoungGen: 251465K->904K(245184K)] 649486K->398988K(932160K), 0.0056240 secs] [Times: user=0.02 sys=0.01, real=0.01 secs] 
2014-07-16T08:08:21.824+0000: 2377.044: [GC [PSYoungGen: 245058K->1254K(239616K)] 643143K->399418K(926592K), 0.0055630 secs] [Times: user=0.04 sys=0.00, real=0.00 secs] 
2014-07-16T08:08:22.645+0000: 2377.865: [GC [PSYoungGen: 239590K->1132K(233792K)] 637754K->399672K(920768K), 0.0041170 secs] [Times: user=0.02 sys=0.00, real=0.00 secs] 
2014-07-16T08:08:23.389+0000: 2378.609: [GC [PSYoungGen: 233772K->1232K(228416K)] 632312K->399844K(915392K), 0.0060530 secs] [Times: user=0.03 sys=0.00, real=0.01 secs] 
2014-07-16T08:08:24.162+0000: 2379.382: [GC [PSYoungGen: 228324K->1100K(222976K)] 626937K->399792K(909952K), 0.0068320 secs] [Times: user=0.05 sys=0.01, real=0.01 secs] 
2014-07-16T08:08:24.959+0000: 2380.179: [GC [PSYoungGen: 222922K->1450K(218176K)] 621615K->400223K(905152K), 0.0103190 secs] [Times: user=0.07 sys=0.01, real=0.01 secs] 
2014-07-16T08:08:25.719+0000: 2380.939: [GC [PSYoungGen: 218154K->866K(212672K)] 616927K->400735K(899648K), 0.0085260 secs] [Times: user=0.05 sys=0.00, real=0.01 secs] 
2014-07-16T08:08:26.450+0000: 2381.670: [GC [PSYoungGen: 212642K->1560K(208640K)] 612511K->401493K(895616K), 0.0073810 secs] [Times: user=0.05 sys=0.00, real=0.01 secs] 
2014-07-16T08:08:27.144+0000: 2382.364: [GC [PSYoungGen: 208557K->1354K(203840K)] 608491K->401483K(890816K), 0.0051860 secs] [Times: user=0.02 sys=0.00, real=0.00 secs] 
2014-07-16T08:08:27.817+0000: 2383.037: [GC [PSYoungGen: 203786K->626K(198656K)] 603915K->400819K(885632K), 0.0082480 secs] [Times: user=0.05 sys=0.01, real=0.01 secs] 
2014-07-16T08:08:28.436+0000: 2383.656: [GC [PSYoungGen: 198579K->1208K(194944K)] 598772K->401465K(881920K), 0.0068140 secs] [Times: user=0.05 sys=0.00, real=0.00 secs] 
2014-07-16T08:08:29.080+0000: 2384.300: [GC [PSYoungGen: 194936K->958K(190592K)] 595193K->401271K(877568K), 0.0051590 secs] [Times: user=0.02 sys=0.00, real=0.01 secs] 
2014-07-16T08:08:29.797+0000: 2385.017: [GC [PSYoungGen: 190590K->1086K(186752K)] 590903K->401447K(873728K), 0.0065190 secs] [Times: user=0.02 sys=0.00, real=0.00 secs] 
2014-07-16T08:08:30.362+0000: 2385.582: [GC [PSYoungGen: 186750K->690K(182528K)] 587111K->401139K(869504K), 0.0071410 secs] [Times: user=0.04 sys=0.00, real=0.01 secs] 
2014-07-16T08:08:30.961+0000: 2386.181: [GC [PSYoungGen: 182514K->1000K(219264K)] 582963K->401497K(906240K), 0.0073750 secs] [Times: user=0.03 sys=0.00, real=0.01 secs] 
2014-07-16T08:08:31.663+0000: 2386.883: [GC [PSYoungGen: 219240K->1428K(263360K)] 619737K->402013K(950336K), 0.0124300 secs] [Times: user=0.07 sys=0.00, real=0.02 secs] 
2014-07-16T08:08:32.512+0000: 2387.732: [GC [PSYoungGen: 263291K->1022K(315328K)] 663876K->401679K(1002304K), 0.0054890 secs] [Times: user=0.03 sys=0.00, real=0.01 secs] 
2014-07-16T08:08:33.508+0000: 2388.728: [GC [PSYoungGen: 315326K->954K(306688K)] 715983K->401691K(993664K), 0.0073560 secs] [Times: user=0.04 sys=0.00, real=0.01 secs] 
2014-07-16T08:08:34.518+0000: 2389.738: [GC [PSYoungGen: 306647K->854K(298368K)] 707384K->401639K(985344K), 0.0087040 secs] [Times: user=0.06 sys=0.00, real=0.01 secs] 
2014-07-16T08:08:35.461+0000: 2390.681: [GC [PSYoungGen: 298326K->1108K(290688K)] 699111K->401957K(977664K), 0.0068380 secs] [Times: user=0.04 sys=0.00, real=0.01 secs] 
2014-07-16T08:08:36.419+0000: 2391.639: [GC [PSYoungGen: 290644K->1144K(283072K)] 691493K->402033K(970048K), 0.0039070 secs] [Times: user=0.02 sys=0.00, real=0.00 secs] 
2014-07-16T08:08:37.380+0000: 2392.600: [GC [PSYoungGen: 283064K->776K(275392K)] 683953K->401721K(962368K), 0.0057230 secs] [Times: user=0.02 sys=0.00, real=0.01 secs] 
2014-07-16T08:08:38.347+0000: 2393.567: [GC [PSYoungGen: 275336K->972K(268544K)] 676281K->401989K(955520K), 0.0052690 secs] [Times: user=0.03 sys=0.00, real=0.00 secs] 
2014-07-16T08:08:39.201+0000: 2394.421: [GC [PSYoungGen: 268492K->776K(261568K)] 669509K->401849K(948544K), 0.0078450 secs] [Times: user=0.05 sys=0.00, real=0.01 secs] 
2014-07-16T08:08:40.243+0000: 2395.463: [GC [PSYoungGen: 261510K->1008K(255232K)] 662583K->402161K(942208K), 0.0068840 secs] [Times: user=0.05 sys=0.00, real=0.01 secs] 
2014-07-16T08:08:41.089+0000: 2396.309: [GC [PSYoungGen: 255196K->1272K(249216K)] 656349K->402505K(936192K), 0.0062740 secs] [Times: user=0.04 sys=0.00, real=0.01 secs] 
2014-07-16T08:08:41.876+0000: 2397.096: [GC [PSYoungGen: 249208K->690K(242624K)] 650441K->402003K(929600K), 0.0084740 secs] [Times: user=0.06 sys=0.00, real=0.00 secs] 
2014-07-16T08:08:42.677+0000: 2397.897: [GC [PSYoungGen: 242610K->918K(237056K)] 643923K->402295K(924032K), 0.0126100 secs] [Times: user=0.08 sys=0.01, real=0.01 secs] 
2014-07-16T08:08:43.438+0000: 2398.658: [GC [PSYoungGen: 237009K->1500K(232000K)] 638386K->402981K(918976K), 0.0059920 secs] [Times: user=0.04 sys=0.00, real=0.00 secs] 
2014-07-16T08:08:44.212+0000: 2399.432: [GC [PSYoungGen: 231934K->1600K(226752K)] 633415K->403161K(913728K), 0.0063190 secs] [Times: user=0.04 sys=0.00, real=0.01 secs] 
2014-07-16T08:08:45.068+0000: 2400.288: [GC [PSYoungGen: 226688K->306K(220224K)] 628249K->402507K(907200K), 0.0084420 secs] [Times: user=0.05 sys=0.00, real=0.01 secs] 
2014-07-16T08:08:45.801+0000: 2401.021: [GC [PSYoungGen: 220210K->1568K(216448K)] 622411K->403833K(903424K), 0.0071290 secs] [Times: user=0.05 sys=0.00, real=0.01 secs] 
2014-07-16T08:08:46.502+0000: 2401.722: [GC [PSYoungGen: 216416K->640K(210624K)] 618681K->403207K(897600K), 0.0067280 secs] [Times: user=0.05 sys=0.00, real=0.01 secs] 
2014-07-16T08:08:47.208+0000: 2402.428: [GC [PSYoungGen: 210622K->676K(206016K)] 613189K->403299K(892992K), 0.0051570 secs] [Times: user=0.04 sys=0.00, real=0.00 secs] 
2014-07-16T08:08:47.942+0000: 2403.162: [GC [PSYoungGen: 205988K->1282K(202112K)] 608611K->403977K(889088K), 0.0063560 secs] [Times: user=0.04 sys=0.00, real=0.01 secs] 
2014-07-16T08:08:48.602+0000: 2403.822: [GC [PSYoungGen: 202033K->1136K(197568K)] 604728K->403895K(884544K), 0.0089720 secs] [Times: user=0.05 sys=0.00, real=0.01 secs] 
2014-07-16T08:08:49.257+0000: 2404.477: [GC [PSYoungGen: 197552K->1106K(236864K)] 600311K->403945K(923840K), 0.0135470 secs] [Times: user=0.07 sys=0.00, real=0.01 secs] 
2014-07-16T08:08:50.110+0000: 2405.330: [GC [PSYoungGen: 236818K->1782K(284672K)] 639657K->404985K(971648K), 0.0141160 secs] [Times: user=0.07 sys=0.00, real=0.01 secs] 
2014-07-16T08:08:51.017+0000: 2406.237: [GC [PSYoungGen: 284662K->702K(340160K)] 687865K->405001K(1027136K), 0.0065080 secs] [Times: user=0.05 sys=0.00, real=0.01 secs] 
2014-07-16T08:08:52.122+0000: 2407.341: [GC [PSYoungGen: 340124K->1340K(408704K)] 744424K->405711K(1095680K), 0.0075800 secs] [Times: user=0.05 sys=0.00, real=0.01 secs] 
2014-07-16T08:08:53.474+0000: 2408.694: [GC [PSYoungGen: 408654K->1408K(414464K)] 813026K->406109K(1101440K), 0.0125310 secs] [Times: user=0.07 sys=0.00, real=0.02 secs] 
2014-07-16T08:08:54.863+0000: 2410.083: [GC [PSYoungGen: 413696K->1282K(400960K)] 818397K->406079K(1087936K), 0.0044330 secs] [Times: user=0.02 sys=0.00, real=0.01 secs] 
2014-07-16T08:08:56.421+0000: 2411.641: [GC [PSYoungGen: 400898K->880K(388416K)] 805695K->406267K(1075392K), 0.0045860 secs] [Times: user=0.02 sys=0.00, real=0.00 secs] 
2014-07-16T08:08:57.650+0000: 2412.870: [GC [PSYoungGen: 388400K->1108K(377088K)] 793787K->406559K(1064064K), 0.0036870 secs] [Times: user=0.02 sys=0.00, real=0.00 secs] 
2014-07-16T08:08:58.968+0000: 2414.188: [GC [PSYoungGen: 377044K->726K(365568K)] 782495K->406449K(1052544K), 0.0066180 secs] [Times: user=0.04 sys=0.00, real=0.00 secs] 
2014-07-16T08:09:00.327+0000: 2415.547: [GC [PSYoungGen: 365526K->1286K(355456K)] 771249K->407097K(1042432K), 0.0049120 secs] [Times: user=0.03 sys=0.00, real=0.01 secs] 
2014-07-16T08:09:01.426+0000: 2416.646: [GC [PSYoungGen: 355398K->740K(344640K)] 761209K->406655K(1031616K), 0.0042320 secs] [Times: user=0.02 sys=0.00, real=0.01 secs] 
2014-07-16T08:09:02.532+0000: 2417.752: [GC [PSYoungGen: 344556K->1764K(335872K)] 750472K->407783K(1022848K), 0.0077170 secs] [Times: user=0.05 sys=0.01, real=0.01 secs] 
2014-07-16T08:09:03.644+0000: 2418.864: [GC [PSYoungGen: 335844K->836K(325568K)] 741863K->406927K(1012544K), 0.0071720 secs] [Times: user=0.04 sys=0.01, real=0.01 secs] 
2014-07-16T08:09:04.698+0000: 2419.918: [GC [PSYoungGen: 325489K->1208K(316864K)] 731580K->407355K(1003840K), 0.0089270 secs] [Times: user=0.07 sys=0.00, real=0.01 secs] 
2014-07-16T08:09:05.849+0000: 2421.069: [GC [PSYoungGen: 316853K->1346K(308416K)] 723001K->407557K(995392K), 0.0055700 secs] [Times: user=0.03 sys=0.01, real=0.01 secs] 
2014-07-16T08:09:06.857+0000: 2422.077: [GC [PSYoungGen: 308354K->704K(299392K)] 714565K->406995K(986368K), 0.0061570 secs] [Times: user=0.04 sys=0.00, real=0.01 secs] 
2014-07-16T08:09:07.902+0000: 2423.122: [GC [PSYoungGen: 299392K->1892K(292608K)] 705683K->408447K(979584K), 0.0184250 secs] [Times: user=0.13 sys=0.00, real=0.02 secs] 
2014-07-16T08:09:08.940+0000: 2424.160: [GC [PSYoungGen: 292580K->1314K(284352K)] 699135K->407965K(971328K), 0.0040130 secs] [Times: user=0.02 sys=0.00, real=0.00 secs] 
2014-07-16T08:09:09.821+0000: 2425.041: [GC [PSYoungGen: 284322K->694K(276352K)] 690973K->407475K(963328K), 0.0078390 secs] [Times: user=0.05 sys=0.00, real=0.00 secs] 
2014-07-16T08:09:10.803+0000: 2426.023: [GC [PSYoungGen: 276298K->1368K(269952K)] 683079K->408229K(956928K), 0.0045330 secs] [Times: user=0.03 sys=0.00, real=0.00 secs] 
2014-07-16T08:09:11.629+0000: 2426.849: [GC [PSYoungGen: 269912K->836K(262592K)] 676773K->407793K(949568K), 0.0082090 secs] [Times: user=0.06 sys=0.00, real=0.01 secs] 
2014-07-16T08:09:12.501+0000: 2427.721: [GC [PSYoungGen: 262532K->1172K(256320K)] 669489K->408185K(943296K), 0.0085150 secs] [Times: user=0.05 sys=0.00, real=0.01 secs] 
2014-07-16T08:09:13.302+0000: 2428.522: [GC [PSYoungGen: 256276K->912K(249728K)] 663289K->408005K(936704K), 0.0114800 secs] [Times: user=0.07 sys=0.00, real=0.01 secs] 
2014-07-16T08:09:14.119+0000: 2429.339: [GC [PSYoungGen: 249680K->1132K(243840K)] 656773K->408289K(930816K), 0.0038560 secs] [Times: user=0.02 sys=0.00, real=0.01 secs] 
2014-07-16T08:09:14.963+0000: 2430.183: [GC [PSYoungGen: 243820K->1150K(238016K)] 650977K->408411K(924992K), 0.0061520 secs] [Times: user=0.05 sys=0.00, real=0.00 secs] 
2014-07-16T08:09:15.863+0000: 2431.083: [GC [PSYoungGen: 238014K->1144K(232384K)] 645275K->408445K(919360K), 0.0040780 secs] [Times: user=0.02 sys=0.00, real=0.00 secs] 
2014-07-16T08:09:16.587+0000: 2431.807: [GC [PSYoungGen: 232376K->1168K(227008K)] 639677K->408541K(913984K), 0.0125170 secs] [Times: user=0.08 sys=0.00, real=0.01 secs] 
2014-07-16T08:09:17.404+0000: 2432.624: [GC [PSYoungGen: 226960K->868K(221440K)] 634333K->408329K(908416K), 0.0032020 secs] [Times: user=0.02 sys=0.01, real=0.00 secs] 
2014-07-16T08:09:18.193+0000: 2433.413: [GC [PSYoungGen: 221390K->1036K(216576K)] 628851K->408601K(903552K), 0.0043970 secs] [Times: user=0.03 sys=0.00, real=0.00 secs] 
2014-07-16T08:09:18.966+0000: 2434.186: [GC [PSYoungGen: 216475K->1068K(211712K)] 624041K->408729K(898688K), 0.0089990 secs] [Times: user=0.05 sys=0.01, real=0.01 secs] 
2014-07-16T08:09:19.658+0000: 2434.878: [GC [PSYoungGen: 211664K->1336K(207232K)] 619326K->409185K(894208K), 0.0051520 secs] [Times: user=0.03 sys=0.01, real=0.01 secs] 
2014-07-16T08:09:20.334+0000: 2435.553: [GC [PSYoungGen: 207224K->940K(202304K)] 615073K->408853K(889280K), 0.0068670 secs] [Times: user=0.02 sys=0.00, real=0.00 secs] 
2014-07-16T08:09:21.043+0000: 2436.263: [GC [PSYoungGen: 202284K->626K(197632K)] 610197K->408603K(884608K), 0.0093010 secs] [Times: user=0.07 sys=0.00, real=0.01 secs] 
2014-07-16T08:09:21.687+0000: 2436.907: [GC [PSYoungGen: 197618K->480K(193280K)] 605595K->408489K(880256K), 0.0046340 secs] [Times: user=0.02 sys=0.00, real=0.00 secs] 
2014-07-16T08:09:22.290+0000: 2437.510: [GC [PSYoungGen: 193248K->972K(189696K)] 601257K->409061K(876672K), 0.0066800 secs] [Times: user=0.04 sys=0.00, real=0.01 secs] 
2014-07-16T08:09:22.892+0000: 2438.112: [GC [PSYoungGen: 189643K->1118K(227584K)] 597732K->409295K(914560K), 0.0091670 secs] [Times: user=0.06 sys=0.00, real=0.01 secs] 
2014-07-16T08:09:23.625+0000: 2438.845: [GC [PSYoungGen: 227517K->1114K(272896K)] 635695K->409395K(959872K), 0.0069500 secs] [Times: user=0.05 sys=0.00, real=0.01 secs] 
2014-07-16T08:09:24.507+0000: 2439.727: [GC [PSYoungGen: 272858K->904K(265792K)] 681139K->409249K(952768K), 0.0069600 secs] [Times: user=0.04 sys=0.01, real=0.01 secs] 
2014-07-16T08:09:25.364+0000: 2440.584: [GC [PSYoungGen: 265714K->1118K(259328K)] 674060K->409527K(946304K), 0.0074690 secs] [Times: user=0.04 sys=0.00, real=0.00 secs] 
2014-07-16T08:09:26.299+0000: 2441.519: [GC [PSYoungGen: 259291K->1396K(253184K)] 667701K->409869K(940160K), 0.0056730 secs] [Times: user=0.03 sys=0.00, real=0.01 secs] 
2014-07-16T08:09:27.124+0000: 2442.344: [GC [PSYoungGen: 253172K->690K(246272K)] 661645K->409203K(933248K), 0.0116980 secs] [Times: user=0.05 sys=0.01, real=0.01 secs] 
2014-07-16T08:09:27.946+0000: 2443.166: [GC [PSYoungGen: 246258K->808K(240448K)] 654771K->409385K(927424K), 0.0075410 secs] [Times: user=0.05 sys=0.00, real=0.01 secs] 
2014-07-16T08:09:28.775+0000: 2443.995: [GC [PSYoungGen: 240424K->886K(288448K)] 649001K->409503K(975424K), 0.0110480 secs] [Times: user=0.07 sys=0.00, real=0.01 secs] 
2014-07-16T08:09:29.722+0000: 2444.942: [GC [PSYoungGen: 288397K->1004K(281024K)] 697015K->409701K(968000K), 0.0061800 secs] [Times: user=0.03 sys=0.01, real=0.01 secs] 
2014-07-16T08:09:30.715+0000: 2445.935: [GC [PSYoungGen: 281004K->1074K(273856K)] 689701K->409827K(960832K), 0.0092910 secs] [Times: user=0.05 sys=0.01, real=0.01 secs] 
2014-07-16T08:09:31.572+0000: 2446.792: [GC [PSYoungGen: 273842K->1290K(267136K)] 682595K->410091K(954112K), 0.0098780 secs] [Times: user=0.05 sys=0.00, real=0.01 secs] 
2014-07-16T08:09:32.437+0000: 2447.657: [GC [PSYoungGen: 267082K->702K(259776K)] 675883K->410029K(946752K), 0.0059740 secs] [Times: user=0.04 sys=0.00, real=0.01 secs] 
2014-07-16T08:09:33.272+0000: 2448.492: [GC [PSYoungGen: 259774K->1354K(254016K)] 669101K->410746K(940992K), 0.0043200 secs] [Times: user=0.02 sys=0.00, real=0.01 secs] 
2014-07-16T08:09:34.131+0000: 2449.351: [GC [PSYoungGen: 253962K->1136K(247552K)] 663354K->411216K(934528K), 0.0045110 secs] [Times: user=0.03 sys=0.00, real=0.01 secs] 
2014-07-16T08:09:34.914+0000: 2450.134: [GC [PSYoungGen: 247536K->576K(240960K)] 657616K->410719K(927936K), 0.0075550 secs] [Times: user=0.05 sys=0.00, real=0.01 secs] 
2014-07-16T08:09:35.882+0000: 2451.102: [GC [PSYoungGen: 240960K->1496K(236160K)] 651103K->411712K(923136K), 0.0084860 secs] [Times: user=0.06 sys=0.00, real=0.01 secs] 
2014-07-16T08:09:36.625+0000: 2451.845: [GC [PSYoungGen: 236120K->904K(230016K)] 646336K->411200K(916992K), 0.0083160 secs] [Times: user=0.05 sys=0.00, real=0.00 secs] 
2014-07-16T08:09:37.361+0000: 2452.580: [GC [PSYoungGen: 229924K->894K(224576K)] 640220K->411230K(911552K), 0.0087850 secs] [Times: user=0.05 sys=0.00, real=0.01 secs] 
2014-07-16T08:09:38.154+0000: 2453.374: [GC [PSYoungGen: 224574K->930K(269376K)] 634910K->411314K(956352K), 0.0121030 secs] [Times: user=0.06 sys=0.00, real=0.02 secs] 
2014-07-16T08:09:39.157+0000: 2454.377: [GC [PSYoungGen: 269310K->1786K(323904K)] 679693K->412218K(1010880K), 0.0092320 secs] [Times: user=0.06 sys=0.00, real=0.01 secs] 
2014-07-16T08:09:40.281+0000: 2455.501: [GC [PSYoungGen: 323898K->1240K(314496K)] 734330K->411752K(1001472K), 0.0084960 secs] [Times: user=0.06 sys=0.00, real=0.01 secs] 
2014-07-16T08:09:41.513+0000: 2456.733: [GC [PSYoungGen: 314454K->1062K(305728K)] 724966K->411932K(992704K), 0.0085870 secs] [Times: user=0.04 sys=0.00, real=0.01 secs] 
2014-07-16T08:09:42.538+0000: 2457.758: [GC [PSYoungGen: 305702K->594K(297088K)] 716572K->411528K(984064K), 0.0031600 secs] [Times: user=0.02 sys=0.00, real=0.00 secs] 
2014-07-16T08:09:43.518+0000: 2458.737: [GC [PSYoungGen: 297021K->1628K(290240K)] 707955K->412700K(977216K), 0.0056210 secs] [Times: user=0.02 sys=0.00, real=0.00 secs] 
2014-07-16T08:09:44.509+0000: 2459.729: [GC [PSYoungGen: 290204K->1486K(282496K)] 701276K->412654K(969472K), 0.0087250 secs] [Times: user=0.05 sys=0.00, real=0.01 secs] 
2014-07-16T08:09:45.442+0000: 2460.662: [GC [PSYoungGen: 282446K->1058K(274752K)] 693614K->412612K(961728K), 0.0037560 secs] [Times: user=0.02 sys=0.00, real=0.01 secs] 
2014-07-16T08:09:46.433+0000: 2461.653: [GC [PSYoungGen: 274721K->1118K(267776K)] 686275K->412744K(954752K), 0.0139340 secs] [Times: user=0.09 sys=0.00, real=0.02 secs] 
2014-07-16T08:09:47.328+0000: 2462.548: [GC [PSYoungGen: 267699K->1140K(261056K)] 679325K->413086K(948032K), 0.0064660 secs] [Times: user=0.05 sys=0.00, real=0.00 secs] 
2014-07-16T08:09:48.165+0000: 2463.385: [GC [PSYoungGen: 261044K->1468K(254912K)] 672990K->413486K(941888K), 0.0127660 secs] [Times: user=0.07 sys=0.01, real=0.02 secs] 
2014-07-16T08:09:48.999+0000: 2464.219: [GC [PSYoungGen: 254908K->722K(304896K)] 666926K->412820K(991872K), 0.0129310 secs] [Times: user=0.07 sys=0.01, real=0.01 secs] 
2014-07-16T08:09:49.992+0000: 2465.212: [GC [PSYoungGen: 304819K->840K(365888K)] 716917K->412994K(1052864K), 0.0076270 secs] [Times: user=0.03 sys=0.01, real=0.01 secs] 
2014-07-16T08:09:51.293+0000: 2466.513: [GC [PSYoungGen: 365814K->854K(355200K)] 777968K->413072K(1042176K), 0.0085870 secs] [Times: user=0.05 sys=0.00, real=0.01 secs] 
2014-07-16T08:09:52.437+0000: 2467.657: [GC [PSYoungGen: 355158K->1258K(345344K)] 767376K->413540K(1032320K), 0.0038530 secs] [Times: user=0.02 sys=0.00, real=0.00 secs] 
2014-07-16T08:09:53.551+0000: 2468.771: [GC [PSYoungGen: 345322K->1614K(335936K)] 757604K->413960K(1022912K), 0.0051070 secs] [Times: user=0.02 sys=0.00, real=0.01 secs] 
2014-07-16T08:09:54.615+0000: 2469.835: [GC [PSYoungGen: 335886K->530K(325440K)] 748232K->412900K(1012416K), 0.0145680 secs] [Times: user=0.08 sys=0.01, real=0.02 secs] 
2014-07-16T08:09:55.675+0000: 2470.895: [GC [PSYoungGen: 325385K->954K(316800K)] 737755K->413396K(1003776K), 0.0088420 secs] [Times: user=0.06 sys=0.00, real=0.01 secs] 
2014-07-16T08:09:56.738+0000: 2471.958: [GC [PSYoungGen: 316774K->1068K(308288K)] 729216K->413582K(995264K), 0.0051010 secs] [Times: user=0.03 sys=0.00, real=0.00 secs] 
2014-07-16T08:09:57.757+0000: 2472.977: [GC [PSYoungGen: 308262K->968K(299904K)] 720776K->413546K(986880K), 0.0075880 secs] [Times: user=0.05 sys=0.00, real=0.00 secs] 
2014-07-16T08:09:58.835+0000: 2474.055: [GC [PSYoungGen: 299848K->1168K(292096K)] 712426K->413786K(979072K), 0.0142680 secs] [Times: user=0.09 sys=0.00, real=0.02 secs] 
2014-07-16T08:09:59.836+0000: 2475.056: [GC [PSYoungGen: 292048K->1490K(284736K)] 704666K->414148K(971712K), 0.0114580 secs] [Times: user=0.06 sys=0.00, real=0.02 secs] 
2014-07-16T08:10:00.771+0000: 2475.991: [GC [PSYoungGen: 284690K->1300K(277184K)] 697348K->414046K(964160K), 0.0104890 secs] [Times: user=0.06 sys=0.00, real=0.01 secs] 
2014-07-16T08:10:01.761+0000: 2476.981: [GC [PSYoungGen: 277140K->1000K(269760K)] 689886K->413946K(956736K), 0.0075650 secs] [Times: user=0.04 sys=0.00, real=0.01 secs] 
2014-07-16T08:10:02.629+0000: 2477.849: [GC [PSYoungGen: 269736K->1232K(263168K)] 682682K->414250K(950144K), 0.0050630 secs] [Times: user=0.02 sys=0.00, real=0.00 secs] 
2014-07-16T08:10:03.489+0000: 2478.709: [GC [PSYoungGen: 263120K->576K(255872K)] 676138K->413700K(942848K), 0.0043210 secs] [Times: user=0.02 sys=0.00, real=0.00 secs] 
2014-07-16T08:10:04.332+0000: 2479.552: [GC [PSYoungGen: 255872K->1654K(250624K)] 668996K->414834K(937600K), 0.0045970 secs] [Times: user=0.02 sys=0.00, real=0.00 secs] 
2014-07-16T08:10:05.128+0000: 2480.348: [GC [PSYoungGen: 250614K->850K(243776K)] 663794K->414118K(930752K), 0.0046240 secs] [Times: user=0.02 sys=0.00, real=0.00 secs] 
2014-07-16T08:10:05.919+0000: 2481.139: [GC [PSYoungGen: 243695K->1898K(238912K)] 656963K->415469K(925888K), 0.0099410 secs] [Times: user=0.07 sys=0.00, real=0.01 secs] 
2014-07-16T08:10:06.834+0000: 2482.054: [GC [PSYoungGen: 238890K->1062K(232448K)] 652461K->415045K(919424K), 0.0046510 secs] [Times: user=0.03 sys=0.00, real=0.00 secs] 
2014-07-16T08:10:07.605+0000: 2482.825: [GC [PSYoungGen: 232422K->1704K(227648K)] 646405K->415801K(914624K), 0.0056370 secs] [Times: user=0.02 sys=0.00, real=0.01 secs] 
2014-07-16T08:10:08.354+0000: 2483.574: [GC [PSYoungGen: 227624K->786K(221504K)] 641721K->415295K(908480K), 0.0089260 secs] [Times: user=0.05 sys=0.00, real=0.01 secs] 
2014-07-16T08:10:09.075+0000: 2484.295: [GC [PSYoungGen: 221458K->886K(216512K)] 635967K->415443K(903488K), 0.0065510 secs] [Times: user=0.04 sys=0.00, real=0.01 secs] 
2014-07-16T08:10:09.799+0000: 2485.019: [GC [PSYoungGen: 216502K->758K(211520K)] 631059K->415395K(898496K), 0.0037220 secs] [Times: user=0.02 sys=0.00, real=0.00 secs] 
2014-07-16T08:10:10.517+0000: 2485.737: [GC [PSYoungGen: 211510K->940K(206976K)] 626147K->415625K(893952K), 0.0049130 secs] [Times: user=0.03 sys=0.01, real=0.01 secs] 
2014-07-16T08:10:11.200+0000: 2486.420: [GC [PSYoungGen: 206956K->894K(202368K)] 621641K->415651K(889344K), 0.0081940 secs] [Times: user=0.04 sys=0.00, real=0.00 secs] 
2014-07-16T08:10:11.917+0000: 2487.137: [GC [PSYoungGen: 202366K->1058K(198144K)] 617123K->415871K(885120K), 0.0078570 secs] [Times: user=0.05 sys=0.00, real=0.01 secs] 
2014-07-16T08:10:12.558+0000: 2487.778: [GC [PSYoungGen: 198114K->1086K(193920K)] 612927K->416003K(880896K), 0.0075200 secs] [Times: user=0.05 sys=0.00, real=0.01 secs] 
2014-07-16T08:10:13.196+0000: 2488.416: [GC [PSYoungGen: 193878K->880K(232320K)] 608795K->415845K(919296K), 0.0121320 secs] [Times: user=0.06 sys=0.01, real=0.01 secs] 
2014-07-16T08:10:13.948+0000: 2489.168: [GC [PSYoungGen: 232303K->744K(278528K)] 647269K->415773K(965504K), 0.0094350 secs] [Times: user=0.07 sys=0.01, real=0.01 secs] 
2014-07-16T08:10:14.854+0000: 2490.074: [GC [PSYoungGen: 278504K->1122K(334464K)] 693533K->416223K(1021440K), 0.0072470 secs] [Times: user=0.05 sys=0.00, real=0.01 secs] 
2014-07-16T08:10:15.933+0000: 2491.153: [GC [PSYoungGen: 334434K->712K(324736K)] 749535K->415861K(1011712K), 0.0039520 secs] [Times: user=0.03 sys=0.00, real=0.00 secs] 
2014-07-16T08:10:17.049+0000: 2492.269: [GC [PSYoungGen: 324657K->1086K(316096K)] 739806K->416339K(1003072K), 0.0078840 secs] [Times: user=0.05 sys=0.00, real=0.01 secs] 
2014-07-16T08:10:18.118+0000: 2493.338: [GC [PSYoungGen: 316094K->1274K(307648K)] 731347K->416615K(994624K), 0.0080010 secs] [Times: user=0.05 sys=0.00, real=0.01 secs] 
2014-07-16T08:10:19.140+0000: 2494.360: [GC [PSYoungGen: 307642K->1214K(299328K)] 722983K->416619K(986304K), 0.0139620 secs] [Times: user=0.08 sys=0.01, real=0.01 secs] 
2014-07-16T08:10:20.210+0000: 2495.430: [GC [PSYoungGen: 299326K->1146K(291328K)] 714731K->416639K(978304K), 0.0066200 secs] [Times: user=0.05 sys=0.01, real=0.01 secs] 
2014-07-16T08:10:21.158+0000: 2496.378: [GC [PSYoungGen: 291249K->1290K(283840K)] 706742K->416855K(970816K), 0.0039170 secs] [Times: user=0.02 sys=0.00, real=0.01 secs] 
2014-07-16T08:10:22.135+0000: 2497.355: [GC [PSYoungGen: 283786K->612K(275776K)] 699351K->416241K(962752K), 0.0039700 secs] [Times: user=0.02 sys=0.00, real=0.00 secs] 
2014-07-16T08:10:23.014+0000: 2498.234: [GC [PSYoungGen: 275748K->1308K(269440K)] 691377K->417001K(956416K), 0.0069990 secs] [Times: user=0.05 sys=0.00, real=0.01 secs] 
2014-07-16T08:10:23.902+0000: 2499.122: [GC [PSYoungGen: 269404K->1086K(262400K)] 685097K->416891K(949376K), 0.0063510 secs] [Times: user=0.05 sys=0.00, real=0.00 secs] 
2014-07-16T08:10:24.758+0000: 2499.978: [GC [PSYoungGen: 262376K->890K(255680K)] 678182K->416775K(942656K), 0.0056980 secs] [Times: user=0.03 sys=0.01, real=0.01 secs] 
2014-07-16T08:10:25.571+0000: 2500.791: [GC [PSYoungGen: 255674K->1054K(249600K)] 671559K->417011K(936576K), 0.0068940 secs] [Times: user=0.05 sys=0.01, real=0.01 secs] 
2014-07-16T08:10:26.407+0000: 2501.627: [GC [PSYoungGen: 249525K->1090K(243584K)] 665483K->417095K(930560K), 0.0085290 secs] [Times: user=0.04 sys=0.00, real=0.01 secs] 
2014-07-16T08:10:27.266+0000: 2502.486: [GC [PSYoungGen: 243522K->608K(237248K)] 659527K->416693K(924224K), 0.0084400 secs] [Times: user=0.05 sys=0.00, real=0.01 secs] 
2014-07-16T08:10:28.050+0000: 2503.269: [GC [PSYoungGen: 237216K->954K(231936K)] 653301K->417111K(918912K), 0.0046210 secs] [Times: user=0.02 sys=0.00, real=0.01 secs] 
2014-07-16T08:10:28.846+0000: 2504.066: [GC [PSYoungGen: 231930K->990K(226560K)] 648087K->417219K(913536K), 0.0073700 secs] [Times: user=0.05 sys=0.00, real=0.01 secs] 
2014-07-16T08:10:29.598+0000: 2504.818: [GC [PSYoungGen: 226525K->1176K(221504K)] 642755K->417453K(908480K), 0.0081230 secs] [Times: user=0.04 sys=0.01, real=0.01 secs] 
2014-07-16T08:10:30.320+0000: 2505.540: [GC [PSYoungGen: 221464K->894K(216128K)] 637741K->417235K(903104K), 0.0051760 secs] [Times: user=0.02 sys=0.00, real=0.01 secs] 
2014-07-16T08:10:31.064+0000: 2506.284: [GC [PSYoungGen: 216059K->1518K(211904K)] 632401K->417923K(898880K), 0.0104990 secs] [Times: user=0.07 sys=0.00, real=0.01 secs] 
2014-07-16T08:10:31.815+0000: 2507.034: [GC [PSYoungGen: 211873K->684K(206400K)] 628278K->417589K(893376K), 0.0036510 secs] [Times: user=0.02 sys=0.00, real=0.00 secs] 
2014-07-16T08:10:32.503+0000: 2507.722: [GC [PSYoungGen: 206380K->1602K(202816K)] 623285K->418695K(889792K), 0.0039840 secs] [Times: user=0.03 sys=0.00, real=0.00 secs] 
2014-07-16T08:10:33.177+0000: 2508.397: [GC [PSYoungGen: 202754K->1022K(197824K)] 619847K->418445K(884800K), 0.0099120 secs] [Times: user=0.07 sys=0.00, real=0.01 secs] 
2014-07-16T08:10:33.803+0000: 2509.023: [GC [PSYoungGen: 197822K->850K(237056K)] 615245K->418345K(924032K), 0.0142480 secs] [Times: user=0.08 sys=0.00, real=0.01 secs] 
2014-07-16T08:10:34.597+0000: 2509.817: [GC [PSYoungGen: 237010K->1342K(284736K)] 654505K->418917K(971712K), 0.0061900 secs] [Times: user=0.04 sys=0.00, real=0.01 secs] 
2014-07-16T08:10:35.542+0000: 2510.762: [GC [PSYoungGen: 284734K->840K(276928K)] 702309K->418447K(963904K), 0.0057950 secs] [Times: user=0.02 sys=0.01, real=0.01 secs] 
2014-07-16T08:10:36.436+0000: 2511.656: [GC [PSYoungGen: 276854K->894K(269824K)] 694461K->418565K(956800K), 0.0054710 secs] [Times: user=0.03 sys=0.01, real=0.00 secs] 
2014-07-16T08:10:37.489+0000: 2512.709: [GC [PSYoungGen: 269822K->1032K(263168K)] 687493K->418751K(950144K), 0.0088690 secs] [Times: user=0.04 sys=0.00, real=0.01 secs] 
2014-07-16T08:10:38.345+0000: 2513.565: [GC [PSYoungGen: 263112K->1090K(256640K)] 680831K->418865K(943616K), 0.0089450 secs] [Times: user=0.05 sys=0.00, real=0.01 secs] 
2014-07-16T08:10:39.221+0000: 2514.441: [GC [PSYoungGen: 256578K->996K(250176K)] 674353K->418835K(937152K), 0.0093590 secs] [Times: user=0.05 sys=0.00, real=0.01 secs] 
2014-07-16T08:10:40.067+0000: 2515.287: [GC [PSYoungGen: 250148K->1104K(244224K)] 667987K->419015K(931200K), 0.0094500 secs] [Times: user=0.06 sys=0.00, real=0.01 secs] 
2014-07-16T08:10:40.895+0000: 2516.115: [GC [PSYoungGen: 244176K->854K(238080K)] 662087K->418821K(925056K), 0.0070060 secs] [Times: user=0.05 sys=0.00, real=0.00 secs] 
2014-07-16T08:10:41.725+0000: 2516.945: [GC [PSYoungGen: 238038K->1212K(232768K)] 656005K->419355K(919744K), 0.0093220 secs] [Times: user=0.06 sys=0.00, real=0.01 secs] 
2014-07-16T08:10:42.549+0000: 2517.769: [GC [PSYoungGen: 232764K->1482K(227648K)] 650907K->419673K(914624K), 0.0049050 secs] [Times: user=0.02 sys=0.00, real=0.00 secs] 
2014-07-16T08:10:43.287+0000: 2518.507: [GC [PSYoungGen: 227594K->638K(221504K)] 645785K->419369K(908480K), 0.0046610 secs] [Times: user=0.02 sys=0.00, real=0.00 secs] 
2014-07-16T08:10:43.996+0000: 2519.216: [GC [PSYoungGen: 221502K->1354K(217216K)] 640233K->420199K(904192K), 0.0089220 secs] [Times: user=0.05 sys=0.00, real=0.01 secs] 
2014-07-16T08:10:44.710+0000: 2519.930: [GC [PSYoungGen: 217162K->690K(211648K)] 636007K->419881K(898624K), 0.0088780 secs] [Times: user=0.04 sys=0.00, real=0.01 secs] 
2014-07-16T08:10:45.413+0000: 2520.633: [GC [PSYoungGen: 211634K->954K(254144K)] 630825K->420217K(941120K), 0.0079100 secs] [Times: user=0.05 sys=0.00, real=0.01 secs] 
2014-07-16T08:10:46.226+0000: 2521.446: [GC [PSYoungGen: 254138K->772K(304704K)] 673401K->420099K(991680K), 0.0121750 secs] [Times: user=0.07 sys=0.00, real=0.01 secs] 
2014-07-16T08:10:47.339+0000: 2522.559: [GC [PSYoungGen: 304643K->1546K(321600K)] 723971K->420961K(1008576K), 0.0085890 secs] [Times: user=0.04 sys=0.00, real=0.01 secs] 
2014-07-16T08:10:48.374+0000: 2523.594: [GC [PSYoungGen: 321418K->1076K(312128K)] 740833K->420523K(999104K), 0.0052440 secs] [Times: user=0.03 sys=0.00, real=0.01 secs] 
2014-07-16T08:10:49.357+0000: 2524.577: [GC [PSYoungGen: 312116K->990K(303616K)] 731563K->420525K(990592K), 0.0075320 secs] [Times: user=0.04 sys=0.00, real=0.00 secs] 
2014-07-16T08:10:50.379+0000: 2525.599: [GC [PSYoungGen: 303582K->914K(364672K)] 723117K->420489K(1051648K), 0.0229290 secs] [Times: user=0.14 sys=0.00, real=0.02 secs] 
2014-07-16T08:10:51.643+0000: 2526.863: [GC [PSYoungGen: 364050K->972K(364864K)] 783625K->420587K(1051840K), 0.0057310 secs] [Times: user=0.02 sys=0.01, real=0.01 secs] 
2014-07-16T08:10:52.877+0000: 2528.097: [GC [PSYoungGen: 364108K->708K(353344K)] 783723K->420387K(1040320K), 0.0072500 secs] [Times: user=0.05 sys=0.00, real=0.00 secs] 
2014-07-16T08:10:53.993+0000: 2529.213: [GC [PSYoungGen: 353284K->1504K(343936K)] 772963K->421280K(1030912K), 0.0061820 secs] [Times: user=0.02 sys=0.00, real=0.01 secs] 
2014-07-16T08:10:55.175+0000: 2530.395: [GC [PSYoungGen: 343871K->726K(333440K)] 763646K->420549K(1020416K), 0.0082480 secs] [Times: user=0.05 sys=0.00, real=0.01 secs] 
2014-07-16T08:10:56.269+0000: 2531.489: [GC [PSYoungGen: 333398K->1118K(324480K)] 753221K->421021K(1011456K), 0.0074910 secs] [Times: user=0.05 sys=0.00, real=0.01 secs] 
2014-07-16T08:10:57.450+0000: 2532.670: [GC [PSYoungGen: 324414K->1696K(316096K)] 744318K->421779K(1003072K), 0.0083240 secs] [Times: user=0.05 sys=0.00, real=0.01 secs] 
2014-07-16T08:10:58.479+0000: 2533.699: [GC [PSYoungGen: 316064K->1946K(307776K)] 736147K->422086K(994752K), 0.0053500 secs] [Times: user=0.02 sys=0.00, real=0.00 secs] 
2014-07-16T08:10:59.547+0000: 2534.767: [GC [PSYoungGen: 307702K->292K(297856K)] 727841K->420851K(984832K), 0.0043340 secs] [Times: user=0.02 sys=0.00, real=0.00 secs] 
2014-07-16T08:11:00.525+0000: 2535.745: [GC [PSYoungGen: 297828K->1390K(291008K)] 718387K->422064K(977984K), 0.0065600 secs] [Times: user=0.04 sys=0.01, real=0.01 secs] 
2014-07-16T08:11:01.514+0000: 2536.734: [GC [PSYoungGen: 290990K->1826K(283840K)] 711664K->423070K(970816K), 0.0077110 secs] [Times: user=0.04 sys=0.00, real=0.01 secs] 
2014-07-16T08:11:02.582+0000: 2537.802: [GC [PSYoungGen: 283810K->1964K(276608K)] 705054K->423296K(963584K), 0.0043050 secs] [Times: user=0.02 sys=0.00, real=0.00 secs] 
2014-07-16T08:11:03.501+0000: 2538.721: [GC [PSYoungGen: 276588K->576K(268160K)] 697920K->421980K(955136K), 0.0036630 secs] [Times: user=0.02 sys=0.00, real=0.00 secs] 
2014-07-16T08:11:04.356+0000: 2539.576: [GC [PSYoungGen: 268160K->640K(261440K)] 689564K->422108K(948416K), 0.0104260 secs] [Times: user=0.06 sys=0.01, real=0.01 secs] 
2014-07-16T08:11:05.243+0000: 2540.463: [GC [PSYoungGen: 261440K->758K(255040K)] 682908K->422314K(942016K), 0.0074180 secs] [Times: user=0.05 sys=0.01, real=0.01 secs] 
2014-07-16T08:11:06.084+0000: 2541.304: [GC [PSYoungGen: 255030K->1144K(249152K)] 676586K->422748K(936128K), 0.0077710 secs] [Times: user=0.05 sys=0.01, real=0.01 secs] 
2014-07-16T08:11:06.935+0000: 2542.155: [GC [PSYoungGen: 249080K->1296K(243264K)] 670685K->422956K(930240K), 0.0046020 secs] [Times: user=0.02 sys=0.00, real=0.01 secs] 
2014-07-16T08:11:07.850+0000: 2543.070: [GC [PSYoungGen: 243216K->1196K(237312K)] 664876K->422944K(924288K), 0.0066380 secs] [Times: user=0.04 sys=0.00, real=0.00 secs] 
2014-07-16T08:11:08.672+0000: 2543.892: [GC [PSYoungGen: 237292K->1108K(231616K)] 659040K->422928K(918592K), 0.0050940 secs] [Times: user=0.03 sys=0.00, real=0.00 secs] 
2014-07-16T08:11:09.431+0000: 2544.651: [GC [PSYoungGen: 231540K->1204K(226304K)] 653360K->423072K(913280K), 0.0093500 secs] [Times: user=0.04 sys=0.00, real=0.01 secs] 
2014-07-16T08:11:10.137+0000: 2545.357: [GC [PSYoungGen: 226249K->936K(271104K)] 648117K->422852K(958080K), 0.0228560 secs] [Times: user=0.15 sys=0.00, real=0.03 secs] 
2014-07-16T08:11:11.054+0000: 2546.274: [GC [PSYoungGen: 271074K->1386K(325632K)] 692990K->423374K(1012608K), 0.0069310 secs] [Times: user=0.05 sys=0.00, real=0.01 secs] 
2014-07-16T08:11:12.162+0000: 2547.382: [GC [PSYoungGen: 325609K->1100K(390272K)] 747597K->423144K(1077248K), 0.0048780 secs] [Times: user=0.02 sys=0.00, real=0.00 secs] 
2014-07-16T08:11:13.472+0000: 2548.692: [GC [PSYoungGen: 390220K->1208K(378688K)] 812264K->423300K(1065664K), 0.0040400 secs] [Times: user=0.02 sys=0.00, real=0.00 secs] 
2014-07-16T08:11:14.732+0000: 2549.952: [GC [PSYoungGen: 378680K->768K(367040K)] 800772K->422924K(1054016K), 0.0083070 secs] [Times: user=0.05 sys=0.00, real=0.01 secs] 
2014-07-16T08:11:15.920+0000: 2551.140: [GC [PSYoungGen: 367003K->908K(356544K)] 789159K->423128K(1043520K), 0.0081350 secs] [Times: user=0.04 sys=0.00, real=0.00 secs] 
2014-07-16T08:11:17.074+0000: 2552.294: [GC [PSYoungGen: 356492K->1118K(346432K)] 778712K->423434K(1033408K), 0.0113420 secs] [Times: user=0.05 sys=0.00, real=0.01 secs] 
2014-07-16T08:11:18.216+0000: 2553.436: [GC [PSYoungGen: 346398K->1362K(336832K)] 768714K->423734K(1023808K), 0.0109130 secs] [Times: user=0.06 sys=0.00, real=0.01 secs] 
2014-07-16T08:11:19.271+0000: 2554.491: [GC [PSYoungGen: 336786K->948K(326912K)] 759158K->423586K(1013888K), 0.0068470 secs] [Times: user=0.05 sys=0.00, real=0.00 secs] 
2014-07-16T08:11:20.329+0000: 2555.549: [GC [PSYoungGen: 326900K->1622K(318528K)] 749538K->424308K(1005504K), 0.0045710 secs] [Times: user=0.02 sys=0.01, real=0.01 secs] 
2014-07-16T08:11:21.407+0000: 2556.627: [GC [PSYoungGen: 318477K->890K(309056K)] 741163K->423798K(996032K), 0.0057830 secs] [Times: user=0.04 sys=0.00, real=0.01 secs] 
2014-07-16T08:11:22.512+0000: 2557.731: [GC [PSYoungGen: 309018K->1296K(301120K)] 731926K->424284K(988096K), 0.0122080 secs] [Times: user=0.08 sys=0.00, real=0.01 secs] 
2014-07-16T08:11:23.575+0000: 2558.795: [GC [PSYoungGen: 301072K->1008K(292800K)] 724060K->424028K(979776K), 0.0050710 secs] [Times: user=0.01 sys=0.01, real=0.01 secs] 
2014-07-16T08:11:24.505+0000: 2559.725: [GC [PSYoungGen: 292784K->836K(284928K)] 715804K->423912K(971904K), 0.0044090 secs] [Times: user=0.02 sys=0.00, real=0.00 secs] 
2014-07-16T08:11:25.420+0000: 2560.640: [GC [PSYoungGen: 284868K->1698K(278336K)] 707944K->424830K(965312K), 0.0059980 secs] [Times: user=0.02 sys=0.00, real=0.00 secs] 
2014-07-16T08:11:26.327+0000: 2561.547: [GC [PSYoungGen: 278306K->1290K(270848K)] 701438K->424486K(957824K), 0.0061530 secs] [Times: user=0.04 sys=0.00, real=0.01 secs] 
2014-07-16T08:11:27.186+0000: 2562.406: [GC [PSYoungGen: 270794K->772K(263488K)] 693990K->424032K(950464K), 0.0078510 secs] [Times: user=0.05 sys=0.00, real=0.01 secs] 
2014-07-16T08:11:28.170+0000: 2563.390: [GC [PSYoungGen: 263390K->1058K(257152K)] 686650K->424382K(944128K), 0.0039380 secs] [Times: user=0.02 sys=0.00, real=0.01 secs] 
2014-07-16T08:11:29.005+0000: 2564.225: [GC [PSYoungGen: 257122K->768K(250496K)] 680446K->424172K(937472K), 0.0082290 secs] [Times: user=0.06 sys=0.00, real=0.01 secs] 
2014-07-16T08:11:29.820+0000: 2565.040: [GC [PSYoungGen: 250496K->580K(244224K)] 673900K->424016K(931200K), 0.0136810 secs] [Times: user=0.08 sys=0.00, real=0.02 secs] 
2014-07-16T08:11:30.638+0000: 2565.858: [GC [PSYoungGen: 244164K->726K(293120K)] 667600K->424218K(980096K), 0.0104210 secs] [Times: user=0.06 sys=0.00, real=0.01 secs] 
2014-07-16T08:11:31.623+0000: 2566.843: [GC [PSYoungGen: 293037K->676K(351552K)] 716529K->424216K(1038528K), 0.0116550 secs] [Times: user=0.07 sys=0.00, real=0.01 secs] 
2014-07-16T08:11:32.763+0000: 2567.983: [GC [PSYoungGen: 351524K->1022K(341760K)] 775064K->424626K(1028736K), 0.0089210 secs] [Times: user=0.06 sys=0.00, real=0.00 secs] 
2014-07-16T08:11:33.970+0000: 2569.190: [GC [PSYoungGen: 341756K->726K(331840K)] 765360K->424386K(1018816K), 0.0054150 secs] [Times: user=0.02 sys=0.00, real=0.01 secs] 
2014-07-16T08:11:35.097+0000: 2570.317: [GC [PSYoungGen: 331798K->1538K(398912K)] 755458K->425270K(1085888K), 0.0190230 secs] [Times: user=0.12 sys=0.01, real=0.02 secs] 
2014-07-16T08:11:36.385+0000: 2571.605: [GC [PSYoungGen: 398850K->786K(386112K)] 822582K->424614K(1073088K), 0.0080780 secs] [Times: user=0.06 sys=0.00, real=0.01 secs] 
2014-07-16T08:11:37.639+0000: 2572.859: [GC [PSYoungGen: 386016K->908K(374720K)] 809844K->424792K(1061696K), 0.0072670 secs] [Times: user=0.05 sys=0.00, real=0.01 secs] 
2014-07-16T08:11:38.924+0000: 2574.144: [GC [PSYoungGen: 374668K->912K(363712K)] 798552K->424860K(1050688K), 0.0120500 secs] [Times: user=0.07 sys=0.00, real=0.01 secs] 
2014-07-16T08:11:40.132+0000: 2575.352: [GC [PSYoungGen: 363664K->1714K(353920K)] 787612K->425808K(1040896K), 0.0059350 secs] [Times: user=0.03 sys=0.00, real=0.01 secs] 
2014-07-16T08:11:41.328+0000: 2576.548: [GC [PSYoungGen: 353906K->1090K(343232K)] 778000K->425240K(1030208K), 0.0066640 secs] [Times: user=0.04 sys=0.00, real=0.01 secs] 
2014-07-16T08:11:42.505+0000: 2577.724: [GC [PSYoungGen: 343170K->1150K(333504K)] 767320K->425372K(1020480K), 0.0148260 secs] [Times: user=0.09 sys=0.00, real=0.01 secs] 
2014-07-16T08:11:43.711+0000: 2578.931: [GC [PSYoungGen: 333502K->1014K(324032K)] 757724K->425308K(1011008K), 0.0101720 secs] [Times: user=0.07 sys=0.00, real=0.01 secs] 
2014-07-16T08:11:44.787+0000: 2580.007: [GC [PSYoungGen: 324022K->690K(314752K)] 748316K->425040K(1001728K), 0.0120720 secs] [Times: user=0.08 sys=0.01, real=0.01 secs] 
2014-07-16T08:11:45.806+0000: 2581.026: [GC [PSYoungGen: 314738K->862K(306368K)] 739088K->425276K(993344K), 0.0036750 secs] [Times: user=0.02 sys=0.00, real=0.00 secs] 
2014-07-16T08:11:46.833+0000: 2582.053: [GC [PSYoungGen: 306334K->1472K(298752K)] 730748K->425950K(985728K), 0.0037960 secs] [Times: user=0.02 sys=0.00, real=0.01 secs] 
2014-07-16T08:11:47.811+0000: 2583.031: [GC [PSYoungGen: 298688K->1664K(291008K)] 723166K->426230K(977984K), 0.0125460 secs] [Times: user=0.07 sys=0.00, real=0.01 secs] 
2014-07-16T08:11:48.828+0000: 2584.048: [GC [PSYoungGen: 290944K->502K(282176K)] 715510K->425977K(969152K), 0.0069750 secs] [Times: user=0.04 sys=0.00, real=0.01 secs] 
2014-07-16T08:11:49.797+0000: 2585.017: [GC [PSYoungGen: 282136K->1454K(275840K)] 707611K->426977K(962816K), 0.0085330 secs] [Times: user=0.05 sys=0.00, real=0.01 secs] 
2014-07-16T08:11:50.698+0000: 2585.918: [GC [PSYoungGen: 275822K->772K(268160K)] 701345K->426459K(955136K), 0.0045620 secs] [Times: user=0.02 sys=0.01, real=0.00 secs] 
2014-07-16T08:11:51.568+0000: 2586.788: [GC [PSYoungGen: 268100K->1426K(262016K)] 693787K->427161K(948992K), 0.0087360 secs] [Times: user=0.05 sys=0.01, real=0.01 secs] 
2014-07-16T08:11:52.482+0000: 2587.702: [GC [PSYoungGen: 261970K->1828K(255872K)] 687705K->427667K(942848K), 0.0065170 secs] [Times: user=0.04 sys=0.00, real=0.01 secs] 
2014-07-16T08:11:53.526+0000: 2588.746: [GC [PSYoungGen: 255844K->1506K(249280K)] 681683K->427417K(936256K), 0.0104900 secs] [Times: user=0.07 sys=0.00, real=0.01 secs] 
2014-07-16T08:11:54.246+0000: 2589.466: [GC [PSYoungGen: 249250K->868K(242624K)] 675161K->426835K(929600K), 0.0115320 secs] [Times: user=0.08 sys=0.00, real=0.01 secs] 
2014-07-16T08:11:55.026+0000: 2590.246: [GC [PSYoungGen: 242596K->672K(236608K)] 668563K->426711K(923584K), 0.0058530 secs] [Times: user=0.04 sys=0.00, real=0.00 secs] 
2014-07-16T08:11:55.788+0000: 2591.008: [GC [PSYoungGen: 236559K->1550K(231872K)] 662598K->427653K(918848K), 0.0039450 secs] [Times: user=0.02 sys=0.00, real=0.00 secs] 
2014-07-16T08:11:56.520+0000: 2591.740: [GC [PSYoungGen: 231822K->776K(225728K)] 657925K->426935K(912704K), 0.0078160 secs] [Times: user=0.04 sys=0.00, real=0.01 secs] 
2014-07-16T08:11:57.244+0000: 2592.464: [GC [PSYoungGen: 225658K->1318K(221056K)] 651818K->427581K(908032K), 0.0064130 secs] [Times: user=0.05 sys=0.00, real=0.01 secs] 
2014-07-16T08:11:57.971+0000: 2593.190: [GC [PSYoungGen: 221028K->1300K(216064K)] 647291K->427683K(903040K), 0.0041430 secs] [Times: user=0.02 sys=0.00, real=0.00 secs] 
2014-07-16T08:11:58.807+0000: 2594.027: [GC [PSYoungGen: 216020K->890K(210752K)] 642403K->427329K(897728K), 0.0040120 secs] [Times: user=0.02 sys=0.00, real=0.00 secs] 
2014-07-16T08:11:59.439+0000: 2594.659: [GC [PSYoungGen: 210720K->1940K(207168K)] 637159K->428443K(894144K), 0.0038220 secs] [Times: user=0.02 sys=0.00, real=0.00 secs] 
2014-07-16T08:12:00.137+0000: 2595.357: [GC [PSYoungGen: 207124K->1258K(201920K)] 633627K->428407K(888896K), 0.0043030 secs] [Times: user=0.02 sys=0.00, real=0.00 secs] 
2014-07-16T08:12:00.794+0000: 2596.014: [GC [PSYoungGen: 201898K->1054K(197376K)] 629047K->428275K(884352K), 0.0101220 secs] [Times: user=0.07 sys=0.01, real=0.01 secs] 
2014-07-16T08:12:01.461+0000: 2596.681: [GC [PSYoungGen: 197342K->1090K(193216K)] 624563K->428483K(880192K), 0.0080630 secs] [Times: user=0.05 sys=0.00, real=0.01 secs] 
2014-07-16T08:12:02.163+0000: 2597.383: [GC [PSYoungGen: 193154K->894K(231424K)] 620547K->428335K(918400K), 0.0097570 secs] [Times: user=0.06 sys=0.00, real=0.01 secs] 
2014-07-16T08:12:02.941+0000: 2598.161: [GC [PSYoungGen: 231422K->1250K(226368K)] 658863K->428747K(913344K), 0.0069220 secs] [Times: user=0.05 sys=0.00, real=0.01 secs] 
2014-07-16T08:12:03.820+0000: 2599.040: [GC [PSYoungGen: 226312K->1978K(221888K)] 653809K->429564K(908864K), 0.0041630 secs] [Times: user=0.02 sys=0.01, real=0.00 secs] 
2014-07-16T08:12:04.463+0000: 2599.683: [GC [PSYoungGen: 221882K->812K(215680K)] 649468K->428453K(902656K), 0.0076110 secs] [Times: user=0.02 sys=0.00, real=0.01 secs] 
2014-07-16T08:12:05.182+0000: 2600.402: [GC [PSYoungGen: 215614K->1186K(211200K)] 643256K->428931K(898176K), 0.0070660 secs] [Times: user=0.05 sys=0.00, real=0.01 secs] 
2014-07-16T08:12:05.850+0000: 2601.070: [GC [PSYoungGen: 211144K->1132K(206464K)] 638890K->428973K(893440K), 0.0058810 secs] [Times: user=0.04 sys=0.00, real=0.00 secs] 
2014-07-16T08:12:06.496+0000: 2601.716: [GC [PSYoungGen: 206444K->936K(201728K)] 634285K->428889K(888704K), 0.0063000 secs] [Times: user=0.04 sys=0.01, real=0.01 secs] 
2014-07-16T08:12:07.139+0000: 2602.359: [GC [PSYoungGen: 201695K->972K(241984K)] 629648K->428989K(928960K), 0.0094590 secs] [Times: user=0.06 sys=0.00, real=0.01 secs] 
2014-07-16T08:12:07.891+0000: 2603.111: [GC [PSYoungGen: 241932K->1150K(236352K)] 669949K->429255K(923328K), 0.0044860 secs] [Times: user=0.02 sys=0.01, real=0.00 secs] 
2014-07-16T08:12:08.748+0000: 2603.968: [GC [PSYoungGen: 236350K->1404K(231040K)] 664455K->429565K(918016K), 0.0061800 secs] [Times: user=0.04 sys=0.01, real=0.00 secs] 
2014-07-16T08:12:09.455+0000: 2604.675: [GC [PSYoungGen: 231032K->1208K(225472K)] 659194K->429457K(912448K), 0.0069570 secs] [Times: user=0.04 sys=0.00, real=0.01 secs] 
2014-07-16T08:12:10.206+0000: 2605.426: [GC [PSYoungGen: 225464K->954K(270080K)] 653713K->429251K(957056K), 0.0121350 secs] [Times: user=0.08 sys=0.00, real=0.02 secs] 
2014-07-16T08:12:11.125+0000: 2606.345: [GC [PSYoungGen: 270074K->990K(263296K)] 698371K->429351K(950272K), 0.0071880 secs] [Times: user=0.04 sys=0.00, real=0.01 secs] 
2014-07-16T08:12:11.967+0000: 2607.187: [GC [PSYoungGen: 263260K->1186K(256896K)] 691621K->429635K(943872K), 0.0079150 secs] [Times: user=0.04 sys=0.00, real=0.01 secs] 
2014-07-16T08:12:12.879+0000: 2608.099: [GC [PSYoungGen: 256866K->1582K(250944K)] 685315K->430127K(937920K), 0.0067770 secs] [Times: user=0.04 sys=0.00, real=0.00 secs] 
2014-07-16T08:12:13.769+0000: 2608.989: [GC [PSYoungGen: 250926K->808K(300096K)] 679471K->429598K(987072K), 0.0140730 secs] [Times: user=0.08 sys=0.00, real=0.01 secs] 
2014-07-16T08:12:14.750+0000: 2609.970: [GC [PSYoungGen: 300068K->1604K(360832K)] 728858K->430450K(1047808K), 0.0106290 secs] [Times: user=0.07 sys=0.01, real=0.01 secs] 
2014-07-16T08:12:15.929+0000: 2611.149: [GC [PSYoungGen: 360772K->908K(349696K)] 789618K->429850K(1036672K), 0.0069570 secs] [Times: user=0.04 sys=0.00, real=0.00 secs] 
2014-07-16T08:12:17.064+0000: 2612.284: [GC [PSYoungGen: 349617K->1406K(340160K)] 778559K->430444K(1027136K), 0.0078440 secs] [Times: user=0.05 sys=0.00, real=0.01 secs] 
2014-07-16T08:12:18.163+0000: 2613.383: [GC [PSYoungGen: 340158K->1222K(330432K)] 769196K->430356K(1017408K), 0.0067050 secs] [Times: user=0.04 sys=0.00, real=0.01 secs] 
2014-07-16T08:12:19.339+0000: 2614.559: [GC [PSYoungGen: 330374K->876K(320832K)] 759508K->430066K(1007808K), 0.0112950 secs] [Times: user=0.06 sys=0.00, real=0.02 secs] 
2014-07-16T08:12:20.419+0000: 2615.639: [GC [PSYoungGen: 320788K->976K(312128K)] 749978K->430206K(999104K), 0.0112270 secs] [Times: user=0.06 sys=0.00, real=0.02 secs] 
2014-07-16T08:12:21.522+0000: 2616.742: [GC [PSYoungGen: 312079K->1132K(303808K)] 741309K->430426K(990784K), 0.0076580 secs] [Times: user=0.05 sys=0.00, real=0.01 secs] 
2014-07-16T08:12:22.566+0000: 2617.786: [GC [PSYoungGen: 303788K->908K(295488K)] 733082K->430282K(982464K), 0.0094180 secs] [Times: user=0.06 sys=0.00, real=0.01 secs] 
2014-07-16T08:12:23.543+0000: 2618.763: [GC [PSYoungGen: 295436K->776K(287552K)] 724810K->430214K(974528K), 0.0075420 secs] [Times: user=0.05 sys=0.00, real=0.01 secs] 
2014-07-16T08:12:24.599+0000: 2619.819: [GC [PSYoungGen: 287496K->978K(280256K)] 716934K->430496K(967232K), 0.0049610 secs] [Times: user=0.02 sys=0.00, real=0.01 secs] 
2014-07-16T08:12:25.485+0000: 2620.705: [GC [PSYoungGen: 280210K->826K(272832K)] 709728K->430416K(959808K), 0.0094130 secs] [Times: user=0.07 sys=0.00, real=0.01 secs] 
2014-07-16T08:12:26.343+0000: 2621.563: [GC [PSYoungGen: 272826K->1090K(266176K)] 702416K->430768K(953152K), 0.0045640 secs] [Times: user=0.02 sys=0.00, real=0.00 secs] 
2014-07-16T08:12:27.214+0000: 2622.434: [GC [PSYoungGen: 266110K->1140K(259520K)] 695788K->430898K(946496K), 0.0076090 secs] [Times: user=0.06 sys=0.00, real=0.01 secs] 
2014-07-16T08:12:28.032+0000: 2623.252: [GC [PSYoungGen: 259508K->982K(252928K)] 689266K->430836K(939904K), 0.0078210 secs] [Times: user=0.05 sys=0.00, real=0.00 secs] 
2014-07-16T08:12:28.824+0000: 2624.044: [GC [PSYoungGen: 252867K->1376K(247104K)] 682722K->431278K(934080K), 0.0052130 secs] [Times: user=0.02 sys=0.00, real=0.01 secs] 
2014-07-16T08:12:29.644+0000: 2624.864: [GC [PSYoungGen: 247070K->802K(240576K)] 676972K->431652K(927552K), 0.0037670 secs] [Times: user=0.02 sys=0.00, real=0.00 secs] 
2014-07-16T08:12:30.437+0000: 2625.657: [GC [PSYoungGen: 240519K->1820K(235840K)] 671369K->432750K(922816K), 0.0089940 secs] [Times: user=0.05 sys=0.00, real=0.01 secs] 
2014-07-16T08:12:31.214+0000: 2626.434: [GC [PSYoungGen: 235801K->776K(229312K)] 666732K->431936K(916288K), 0.0096740 secs] [Times: user=0.07 sys=0.00, real=0.01 secs] 
2014-07-16T08:12:31.980+0000: 2627.200: [GC [PSYoungGen: 229256K->1286K(224512K)] 660416K->432534K(911488K), 0.0057190 secs] [Times: user=0.03 sys=0.00, real=0.01 secs] 
2014-07-16T08:12:32.726+0000: 2627.946: [GC [PSYoungGen: 224454K->844K(218944K)] 655702K->432132K(905920K), 0.0052200 secs] [Times: user=0.02 sys=0.00, real=0.01 secs] 
2014-07-16T08:12:33.430+0000: 2628.650: [GC [PSYoungGen: 218892K->872K(262592K)] 650180K->432232K(949568K), 0.0172930 secs] [Times: user=0.10 sys=0.00, real=0.02 secs] 
2014-07-16T08:12:34.543+0000: 2629.763: [GC [PSYoungGen: 262568K->1758K(315840K)] 693928K->433174K(1002816K), 0.0141230 secs] [Times: user=0.08 sys=0.00, real=0.01 secs] 
2014-07-16T08:12:35.564+0000: 2630.783: [GC [PSYoungGen: 315806K->1040K(354880K)] 747222K->432520K(1041856K), 0.0045860 secs] [Times: user=0.03 sys=0.00, real=0.00 secs] 
2014-07-16T08:12:36.699+0000: 2631.919: [GC [PSYoungGen: 353808K->932K(343552K)] 785288K->432468K(1030528K), 0.0059920 secs] [Times: user=0.03 sys=0.00, real=0.01 secs] 
2014-07-16T08:12:37.798+0000: 2633.018: [GC [PSYoungGen: 343519K->1022K(333888K)] 775055K->432638K(1020864K), 0.0087040 secs] [Times: user=0.05 sys=0.01, real=0.01 secs] 
2014-07-16T08:12:38.873+0000: 2634.093: [GC [PSYoungGen: 333886K->580K(324160K)] 765502K->432236K(1011136K), 0.0108080 secs] [Times: user=0.06 sys=0.00, real=0.01 secs] 
2014-07-16T08:12:39.954+0000: 2635.174: [GC [PSYoungGen: 324050K->1882K(316480K)] 755707K->433594K(1003456K), 0.0037000 secs] [Times: user=0.02 sys=0.00, real=0.00 secs] 
2014-07-16T08:12:40.964+0000: 2636.184: [GC [PSYoungGen: 316442K->626K(306560K)] 748154K->432394K(993536K), 0.0052520 secs] [Times: user=0.02 sys=0.01, real=0.00 secs] 
2014-07-16T08:12:42.012+0000: 2637.232: [GC [PSYoungGen: 306546K->1168K(298880K)] 738314K->433008K(985856K), 0.0045560 secs] [Times: user=0.02 sys=0.01, real=0.00 secs] 
2014-07-16T08:12:42.991+0000: 2638.211: [GC [PSYoungGen: 298756K->1492K(291264K)] 730596K->433428K(978240K), 0.0058400 secs] [Times: user=0.04 sys=0.01, real=0.01 secs] 
2014-07-16T08:12:43.953+0000: 2639.173: [GC [PSYoungGen: 291216K->876K(283008K)] 723153K->432860K(969984K), 0.0074580 secs] [Times: user=0.04 sys=0.00, real=0.00 secs] 
2014-07-16T08:12:45.040+0000: 2640.260: [GC [PSYoungGen: 282988K->1808K(276608K)] 714972K->433856K(963584K), 0.0072410 secs] [Times: user=0.04 sys=0.00, real=0.01 secs] 
2014-07-16T08:12:45.928+0000: 2641.148: [GC [PSYoungGen: 276514K->1290K(269056K)] 708562K->433410K(956032K), 0.0138080 secs] [Times: user=0.08 sys=0.01, real=0.01 secs] 
2014-07-16T08:12:46.816+0000: 2642.036: [GC [PSYoungGen: 269002K->882K(261824K)] 701122K->433082K(948800K), 0.0107810 secs] [Times: user=0.07 sys=0.00, real=0.01 secs] 
2014-07-16T08:12:47.658+0000: 2642.878: [GC [PSYoungGen: 261750K->1004K(255424K)] 693951K->433300K(942400K), 0.0076620 secs] [Times: user=0.05 sys=0.00, real=0.01 secs] 
2014-07-16T08:12:48.476+0000: 2643.696: [GC [PSYoungGen: 255379K->1650K(249792K)] 687676K->434026K(936768K), 0.0084530 secs] [Times: user=0.06 sys=0.00, real=0.01 secs] 
2014-07-16T08:12:49.387+0000: 2644.607: [GC [PSYoungGen: 249776K->1488K(243584K)] 682152K->433936K(930560K), 0.0080360 secs] [Times: user=0.04 sys=0.00, real=0.01 secs] 
2014-07-16T08:12:50.127+0000: 2645.347: [GC [PSYoungGen: 243536K->1196K(237440K)] 675984K->433764K(924416K), 0.0085600 secs] [Times: user=0.05 sys=0.00, real=0.01 secs] 
2014-07-16T08:12:50.937+0000: 2646.157: [GC [PSYoungGen: 237407K->1076K(231680K)] 669976K->433692K(918656K), 0.0070430 secs] [Times: user=0.03 sys=0.00, real=0.01 secs] 
2014-07-16T08:12:51.728+0000: 2646.948: [GC [PSYoungGen: 231668K->958K(226112K)] 664284K->433630K(913088K), 0.0049730 secs] [Times: user=0.03 sys=0.00, real=0.00 secs] 
2014-07-16T08:12:52.443+0000: 2647.663: [GC [PSYoungGen: 226110K->940K(271168K)] 658782K->433708K(958144K), 0.0114190 secs] [Times: user=0.06 sys=0.00, real=0.02 secs] 
2014-07-16T08:12:53.351+0000: 2648.571: [GC [PSYoungGen: 271148K->1590K(264896K)] 703916K->434422K(951872K), 0.0040120 secs] [Times: user=0.02 sys=0.00, real=0.01 secs] 
2014-07-16T08:12:54.206+0000: 2649.426: [GC [PSYoungGen: 264886K->1036K(257792K)] 697718K->433948K(944768K), 0.0093950 secs] [Times: user=0.07 sys=0.00, real=0.01 secs] 
2014-07-16T08:12:55.129+0000: 2650.349: [GC [PSYoungGen: 257716K->1336K(251648K)] 690628K->434320K(938624K), 0.0081500 secs] [Times: user=0.05 sys=0.00, real=0.01 secs] 
2014-07-16T08:12:55.940+0000: 2651.160: [GC [PSYoungGen: 251640K->1250K(245440K)] 684624K->434330K(932416K), 0.0056760 secs] [Times: user=0.02 sys=0.00, real=0.01 secs] 
2014-07-16T08:12:56.730+0000: 2651.950: [GC [PSYoungGen: 245410K->672K(238976K)] 678490K->433808K(925952K), 0.0073000 secs] [Times: user=0.02 sys=0.00, real=0.01 secs] 
2014-07-16T08:12:57.510+0000: 2652.730: [GC [PSYoungGen: 238930K->1050K(233664K)] 672067K->434266K(920640K), 0.0051400 secs] [Times: user=0.03 sys=0.01, real=0.01 secs] 
2014-07-16T08:12:58.288+0000: 2653.508: [GC [PSYoungGen: 233626K->1092K(228224K)] 666842K->434412K(915200K), 0.0089090 secs] [Times: user=0.05 sys=0.01, real=0.01 secs] 
2014-07-16T08:12:58.999+0000: 2654.219: [GC [PSYoungGen: 228164K->658K(222464K)] 661484K->434042K(909440K), 0.0060770 secs] [Times: user=0.04 sys=0.00, real=0.01 secs] 
2014-07-16T08:12:59.794+0000: 2655.014: [GC [PSYoungGen: 222418K->1232K(217920K)] 655802K->434664K(904896K), 0.0107160 secs] [Times: user=0.06 sys=0.00, real=0.02 secs] 
2014-07-16T08:13:00.496+0000: 2655.716: [GC [PSYoungGen: 217872K->1686K(261696K)] 651304K->435158K(948672K), 0.0146370 secs] [Times: user=0.07 sys=0.00, real=0.01 secs] 
2014-07-16T08:13:01.383+0000: 2656.603: [GC [PSYoungGen: 261654K->748K(312768K)] 695126K->434488K(999744K), 0.0042650 secs] [Times: user=0.02 sys=0.00, real=0.01 secs] 
2014-07-16T08:13:02.424+0000: 2657.644: [GC [PSYoungGen: 312748K->1714K(305216K)] 746488K->435534K(992192K), 0.0047060 secs] [Times: user=0.02 sys=0.01, real=0.01 secs] 
2014-07-16T08:13:03.501+0000: 2658.721: [GC [PSYoungGen: 305202K->694K(296000K)] 739022K->434620K(982976K), 0.0036660 secs] [Times: user=0.02 sys=0.00, real=0.01 secs] 
2014-07-16T08:13:04.615+0000: 2659.835: [GC [PSYoungGen: 295990K->1138K(288576K)] 729916K->435136K(975552K), 0.0076380 secs] [Times: user=0.05 sys=0.00, real=0.01 secs] 
2014-07-16T08:13:05.623+0000: 2660.843: [GC [PSYoungGen: 288500K->1258K(281152K)] 722499K->435320K(968128K), 0.0086580 secs] [Times: user=0.05 sys=0.00, real=0.01 secs] 
2014-07-16T08:13:06.493+0000: 2661.713: [GC [PSYoungGen: 281130K->762K(273408K)] 715192K->434880K(960384K), 0.0044070 secs] [Times: user=0.01 sys=0.01, real=0.01 secs] 
2014-07-16T08:13:07.435+0000: 2662.655: [GC [PSYoungGen: 273388K->1572K(267264K)] 707507K->435802K(954240K), 0.0067000 secs] [Times: user=0.05 sys=0.00, real=0.01 secs] 
2014-07-16T08:13:08.274+0000: 2663.494: [GC [PSYoungGen: 267236K->1254K(260224K)] 701466K->435548K(947200K), 0.0094550 secs] [Times: user=0.05 sys=0.00, real=0.01 secs] 
2014-07-16T08:13:09.111+0000: 2664.331: [GC [PSYoungGen: 260196K->1040K(253568K)] 694491K->435382K(940544K), 0.0138650 secs] [Times: user=0.08 sys=0.00, real=0.01 secs] 
2014-07-16T08:13:09.991+0000: 2665.211: [GC [PSYoungGen: 253520K->1004K(304000K)] 687862K->435442K(990976K), 0.0098530 secs] [Times: user=0.07 sys=0.00, real=0.01 secs] 
2014-07-16T08:13:11.011+0000: 2666.231: [GC [PSYoungGen: 303968K->1590K(296448K)] 738407K->436117K(983424K), 0.0043290 secs] [Times: user=0.02 sys=0.00, real=0.00 secs] 
2014-07-16T08:13:12.031+0000: 2667.251: [GC [PSYoungGen: 296431K->826K(287872K)] 730957K->435432K(974848K), 0.0091120 secs] [Times: user=0.05 sys=0.00, real=0.01 secs] 
2014-07-16T08:13:12.978+0000: 2668.198: [GC [PSYoungGen: 287866K->1368K(280896K)] 722472K->436062K(967872K), 0.0089870 secs] [Times: user=0.05 sys=0.00, real=0.01 secs] 
2014-07-16T08:13:13.914+0000: 2669.134: [GC [PSYoungGen: 280846K->990K(273280K)] 715541K->435764K(960256K), 0.0052860 secs] [Times: user=0.02 sys=0.00, real=0.01 secs] 
2014-07-16T08:13:14.950+0000: 2670.170: [GC [PSYoungGen: 273246K->1322K(266624K)] 708020K->436136K(953600K), 0.0051730 secs] [Times: user=0.02 sys=0.00, real=0.00 secs] 
2014-07-16T08:13:15.892+0000: 2671.112: [GC [PSYoungGen: 266602K->844K(259456K)] 701416K->435698K(946432K), 0.0045870 secs] [Times: user=0.02 sys=0.00, real=0.00 secs] 
2014-07-16T08:13:16.693+0000: 2671.913: [GC [PSYoungGen: 259404K->918K(253056K)] 694258K->435852K(940032K), 0.0084770 secs] [Times: user=0.05 sys=0.00, real=0.01 secs] 
2014-07-16T08:13:17.507+0000: 2672.727: [GC [PSYoungGen: 253014K->1172K(247104K)] 687948K->436210K(934080K), 0.0046130 secs] [Times: user=0.02 sys=0.00, real=0.00 secs] 
2014-07-16T08:13:18.287+0000: 2673.507: [GC [PSYoungGen: 247021K->1122K(241088K)] 682060K->436240K(928064K), 0.0100630 secs] [Times: user=0.06 sys=0.00, real=0.01 secs] 
2014-07-16T08:13:19.050+0000: 2674.270: [GC [PSYoungGen: 241046K->1410K(235648K)] 676165K->436624K(922624K), 0.0085900 secs] [Times: user=0.05 sys=0.00, real=0.01 secs] 
2014-07-16T08:13:19.931+0000: 2675.151: [GC [PSYoungGen: 235586K->894K(229504K)] 670800K->436516K(916480K), 0.0068990 secs] [Times: user=0.05 sys=0.00, real=0.00 secs] 
2014-07-16T08:13:20.682+0000: 2675.902: [GC [PSYoungGen: 229501K->1464K(224768K)] 665124K->437158K(911744K), 0.0054790 secs] [Times: user=0.03 sys=0.00, real=0.00 secs] 
2014-07-16T08:13:21.433+0000: 2676.653: [GC [PSYoungGen: 224665K->1204K(219392K)] 660360K->437266K(906368K), 0.0084150 secs] [Times: user=0.06 sys=0.00, real=0.01 secs] 
2014-07-16T08:13:22.147+0000: 2677.366: [GC [PSYoungGen: 219380K->904K(214144K)] 655442K->437006K(901120K), 0.0089250 secs] [Times: user=0.04 sys=0.00, real=0.01 secs] 
2014-07-16T08:13:22.880+0000: 2678.100: [GC [PSYoungGen: 214062K->1300K(209728K)] 650165K->437458K(896704K), 0.0067420 secs] [Times: user=0.04 sys=0.00, real=0.00 secs] 
2014-07-16T08:13:23.588+0000: 2678.808: [GC [PSYoungGen: 209684K->754K(204544K)] 645842K->436976K(891520K), 0.0074700 secs] [Times: user=0.04 sys=0.01, real=0.00 secs] 
2014-07-16T08:13:24.288+0000: 2679.508: [GC [PSYoungGen: 204530K->990K(200320K)] 640752K->437300K(887296K), 0.0037620 secs] [Times: user=0.03 sys=0.01, real=0.01 secs] 
2014-07-16T08:13:25.079+0000: 2680.299: [GC [PSYoungGen: 200286K->1074K(196096K)] 636596K->437448K(883072K), 0.0109450 secs] [Times: user=0.08 sys=0.00, real=0.01 secs] 
2014-07-16T08:13:25.737+0000: 2680.957: [GC [PSYoungGen: 196057K->1250K(192128K)] 632432K->437704K(879104K), 0.0065380 secs] [Times: user=0.03 sys=0.00, real=0.01 secs] 
2014-07-16T08:13:26.396+0000: 2681.616: [GC [PSYoungGen: 192098K->932K(230016K)] 628552K->437474K(916992K), 0.0085480 secs] [Times: user=0.05 sys=0.00, real=0.01 secs] 
2014-07-16T08:13:27.138+0000: 2682.358: [GC [PSYoungGen: 229987K->690K(275584K)] 666530K->437296K(962560K), 0.0070410 secs] [Times: user=0.05 sys=0.00, real=0.01 secs] 
2014-07-16T08:13:28.000+0000: 2683.220: [GC [PSYoungGen: 275532K->1472K(269376K)] 712139K->438159K(956352K), 0.0071920 secs] [Times: user=0.05 sys=0.00, real=0.00 secs] 
2014-07-16T08:13:28.860+0000: 2684.080: [GC [PSYoungGen: 269305K->1136K(262208K)] 705992K->437944K(949184K), 0.0065970 secs] [Times: user=0.03 sys=0.00, real=0.00 secs] 
2014-07-16T08:13:29.704+0000: 2684.924: [GC [PSYoungGen: 262192K->754K(255296K)] 699000K->437650K(942272K), 0.0041770 secs] [Times: user=0.03 sys=0.00, real=0.00 secs] 
2014-07-16T08:13:30.591+0000: 2685.811: [GC [PSYoungGen: 255282K->708K(249024K)] 692178K->437660K(936000K), 0.0043760 secs] [Times: user=0.02 sys=0.00, real=0.00 secs] 
2014-07-16T08:13:31.437+0000: 2686.657: [GC [PSYoungGen: 248964K->1314K(243520K)] 685916K->438362K(930496K), 0.0107770 secs] [Times: user=0.07 sys=0.00, real=0.01 secs] 
2014-07-16T08:13:32.254+0000: 2687.474: [GC [PSYoungGen: 243490K->1126K(237504K)] 680538K->438239K(924480K), 0.0064580 secs] [Times: user=0.05 sys=0.00, real=0.01 secs] 
2014-07-16T08:13:33.029+0000: 2688.249: [GC [PSYoungGen: 237477K->950K(231680K)] 674589K->438166K(918656K), 0.0052120 secs] [Times: user=0.03 sys=0.00, real=0.01 secs] 
2014-07-16T08:13:33.803+0000: 2689.023: [GC [PSYoungGen: 231670K->954K(226240K)] 668886K->438234K(913216K), 0.0069170 secs] [Times: user=0.03 sys=0.00, real=0.00 secs] 
2014-07-16T08:13:34.582+0000: 2689.802: [GC [PSYoungGen: 226147K->1390K(221440K)] 663428K->438727K(908416K), 0.0046240 secs] [Times: user=0.02 sys=0.00, real=0.00 secs] 
2014-07-16T08:13:35.425+0000: 2690.644: [GC [PSYoungGen: 221422K->994K(216000K)] 658759K->439137K(902976K), 0.0073330 secs] [Times: user=0.05 sys=0.00, real=0.01 secs] 
2014-07-16T08:13:36.113+0000: 2691.333: [GC [PSYoungGen: 215970K->868K(211008K)] 654113K->439107K(897984K), 0.0069820 secs] [Times: user=0.05 sys=0.00, real=0.00 secs] 
2014-07-16T08:13:36.807+0000: 2692.027: [GC [PSYoungGen: 210980K->1282K(206784K)] 649219K->439693K(893760K), 0.0081530 secs] [Times: user=0.04 sys=0.00, real=0.01 secs] 
2014-07-16T08:13:37.448+0000: 2692.668: [GC [PSYoungGen: 206722K->836K(247424K)] 645133K->439295K(934400K), 0.0158240 secs] [Times: user=0.09 sys=0.00, real=0.02 secs] 
2014-07-16T08:13:38.249+0000: 2693.469: [GC [PSYoungGen: 247355K->544K(296448K)] 685814K->439051K(983424K), 0.0055520 secs] [Times: user=0.02 sys=0.00, real=0.01 secs] 
2014-07-16T08:13:39.227+0000: 2694.447: [GC [PSYoungGen: 296367K->1144K(323776K)] 734874K->439699K(1010752K), 0.0118080 secs] [Times: user=0.06 sys=0.00, real=0.01 secs] 
2014-07-16T08:13:40.366+0000: 2695.586: [GC [PSYoungGen: 322989K->1792K(356736K)] 761544K->440403K(1043712K), 0.0070720 secs] [Times: user=0.02 sys=0.00, real=0.01 secs] 
2014-07-16T08:13:41.485+0000: 2696.705: [GC [PSYoungGen: 356672K->640K(345280K)] 795283K->439315K(1032256K), 0.0103280 secs] [Times: user=0.06 sys=0.00, real=0.01 secs] 
2014-07-16T08:13:42.614+0000: 2697.834: [GC [PSYoungGen: 345280K->1468K(354880K)] 783955K->440191K(1041856K), 0.0152290 secs] [Times: user=0.09 sys=0.01, real=0.01 secs] 
2014-07-16T08:13:43.772+0000: 2698.992: [GC [PSYoungGen: 354876K->1004K(344256K)] 793599K->439791K(1031232K), 0.0045260 secs] [Times: user=0.02 sys=0.00, real=0.00 secs] 
2014-07-16T08:13:44.973+0000: 2700.193: [GC [PSYoungGen: 344236K->1130K(334592K)] 783023K->440005K(1021568K), 0.0073970 secs] [Times: user=0.05 sys=0.00, real=0.00 secs] 
2014-07-16T08:13:46.169+0000: 2701.389: [GC [PSYoungGen: 334570K->1702K(325824K)] 773445K->440681K(1012800K), 0.0042520 secs] [Times: user=0.02 sys=0.00, real=0.01 secs] 
2014-07-16T08:13:47.231+0000: 2702.451: [GC [PSYoungGen: 325798K->690K(315776K)] 764777K->439741K(1002752K), 0.0079500 secs] [Times: user=0.06 sys=0.00, real=0.01 secs] 
2014-07-16T08:13:48.229+0000: 2703.449: [GC [PSYoungGen: 315762K->640K(307072K)] 754813K->439779K(994048K), 0.0057950 secs] [Times: user=0.03 sys=0.00, real=0.01 secs] 
2014-07-16T08:13:49.200+0000: 2704.420: [GC [PSYoungGen: 307072K->1122K(299264K)] 746211K->440373K(986240K), 0.0042960 secs] [Times: user=0.02 sys=0.00, real=0.01 secs] 
2014-07-16T08:13:50.167+0000: 2705.387: [GC [PSYoungGen: 299234K->912K(291136K)] 738485K->440203K(978112K), 0.0054210 secs] [Times: user=0.03 sys=0.00, real=0.01 secs] 
2014-07-16T08:13:51.162+0000: 2706.382: [GC [PSYoungGen: 291088K->1382K(283904K)] 730379K->440737K(970880K), 0.0045910 secs] [Times: user=0.02 sys=0.00, real=0.01 secs] 
2014-07-16T08:13:52.080+0000: 2707.300: [GC [PSYoungGen: 283878K->1018K(276160K)] 723233K->440437K(963136K), 0.0045010 secs] [Times: user=0.02 sys=0.00, real=0.01 secs] 
2014-07-16T08:13:52.972+0000: 2708.192: [GC [PSYoungGen: 276078K->1578K(269696K)] 715497K->441201K(956672K), 0.0043710 secs] [Times: user=0.03 sys=0.00, real=0.01 secs] 
2014-07-16T08:13:53.872+0000: 2709.092: [GC [PSYoungGen: 269674K->1026K(262400K)] 709297K->440721K(949376K), 0.0073520 secs] [Times: user=0.04 sys=0.00, real=0.01 secs] 
2014-07-16T08:13:54.747+0000: 2709.967: [GC [PSYoungGen: 262338K->1232K(256064K)] 702033K->441015K(943040K), 0.0068260 secs] [Times: user=0.04 sys=0.00, real=0.01 secs] 
2014-07-16T08:13:55.714+0000: 2710.934: [GC [PSYoungGen: 256002K->1122K(249664K)] 695785K->440961K(936640K), 0.0043860 secs] [Times: user=0.02 sys=0.01, real=0.00 secs] 
2014-07-16T08:13:56.521+0000: 2711.741: [GC [PSYoungGen: 249634K->658K(243136K)] 689473K->440545K(930112K), 0.0154160 secs] [Times: user=0.08 sys=0.00, real=0.02 secs] 
2014-07-16T08:13:57.355+0000: 2712.575: [GC [PSYoungGen: 243090K->708K(237376K)] 682977K->440667K(924352K), 0.0056840 secs] [Times: user=0.04 sys=0.00, real=0.00 secs] 
2014-07-16T08:13:58.144+0000: 2713.364: [GC [PSYoungGen: 237316K->922K(231936K)] 677275K->440929K(918912K), 0.0119710 secs] [Times: user=0.07 sys=0.00, real=0.02 secs] 
2014-07-16T08:13:58.882+0000: 2714.102: [GC [PSYoungGen: 231898K->1372K(226944K)] 671905K->441451K(913920K), 0.0038650 secs] [Times: user=0.02 sys=0.00, real=0.01 secs] 
2014-07-16T08:13:59.614+0000: 2714.834: [GC [PSYoungGen: 226908K->1068K(221376K)] 666987K->441227K(908352K), 0.0083320 secs] [Times: user=0.05 sys=0.00, real=0.01 secs] 
2014-07-16T08:14:00.328+0000: 2715.548: [GC [PSYoungGen: 221356K->1118K(216384K)] 661515K->441357K(903360K), 0.0070940 secs] [Times: user=0.05 sys=0.00, real=0.01 secs] 
2014-07-16T08:14:01.143+0000: 2716.363: [GC [PSYoungGen: 216350K->926K(211328K)] 656589K->441229K(898304K), 0.0060290 secs] [Times: user=0.03 sys=0.00, real=0.01 secs] 
2014-07-16T08:14:01.865+0000: 2717.085: [GC [PSYoungGen: 211294K->1324K(207040K)] 651597K->441731K(894016K), 0.0082930 secs] [Times: user=0.05 sys=0.01, real=0.00 secs] 
2014-07-16T08:14:02.546+0000: 2717.766: [GC [PSYoungGen: 207020K->958K(202112K)] 647427K->441421K(889088K), 0.0037630 secs] [Times: user=0.03 sys=0.00, real=0.00 secs] 
2014-07-16T08:14:03.176+0000: 2718.396: [GC [PSYoungGen: 202110K->1390K(198208K)] 642573K->441909K(885184K), 0.0049890 secs] [Times: user=0.02 sys=0.00, real=0.00 secs] 
2014-07-16T08:14:03.854+0000: 2719.074: [GC [PSYoungGen: 198190K->1022K(193600K)] 638709K->441729K(880576K), 0.0090650 secs] [Times: user=0.05 sys=0.00, real=0.01 secs] 
2014-07-16T08:14:04.492+0000: 2719.712: [GC [PSYoungGen: 193598K->1518K(190016K)] 634305K->442313K(876992K), 0.0045290 secs] [Times: user=0.02 sys=0.00, real=0.01 secs] 
2014-07-16T08:14:05.133+0000: 2720.353: [GC [PSYoungGen: 189998K->948K(185472K)] 630793K->441921K(872448K), 0.0064800 secs] [Times: user=0.02 sys=0.00, real=0.01 secs] 
2014-07-16T08:14:05.904+0000: 2721.124: [GC [PSYoungGen: 185460K->1470K(182144K)] 626433K->442523K(869120K), 0.0042880 secs] [Times: user=0.03 sys=0.00, real=0.01 secs] 
2014-07-16T08:14:06.513+0000: 2721.733: [GC [PSYoungGen: 182142K->1072K(178048K)] 623195K->442609K(865024K), 0.0075860 secs] [Times: user=0.05 sys=0.00, real=0.01 secs] 
2014-07-16T08:14:07.120+0000: 2722.340: [GC [PSYoungGen: 177986K->1432K(174848K)] 619523K->443033K(861824K), 0.0065200 secs] [Times: user=0.05 sys=0.00, real=0.01 secs] 
2014-07-16T08:14:07.694+0000: 2722.914: [GC [PSYoungGen: 174808K->694K(208768K)] 616409K->442367K(895744K), 0.0098590 secs] [Times: user=0.06 sys=0.00, real=0.01 secs] 
2014-07-16T08:14:08.387+0000: 2723.607: [GC [PSYoungGen: 208709K->886K(250624K)] 650382K->442631K(937600K), 0.0070950 secs] [Times: user=0.05 sys=0.00, real=0.00 secs] 
2014-07-16T08:14:09.227+0000: 2724.447: [GC [PSYoungGen: 250566K->1368K(244992K)] 692311K->443209K(931968K), 0.0037470 secs] [Times: user=0.02 sys=0.00, real=0.00 secs] 
2014-07-16T08:14:10.004+0000: 2725.224: [GC [PSYoungGen: 244952K->758K(238464K)] 686793K->442687K(925440K), 0.0081950 secs] [Times: user=0.05 sys=0.00, real=0.01 secs] 
2014-07-16T08:14:10.930+0000: 2726.150: [GC [PSYoungGen: 238454K->1706K(233728K)] 680383K->444005K(920704K), 0.0092460 secs] [Times: user=0.06 sys=0.00, real=0.01 secs] 
2014-07-16T08:14:11.761+0000: 2726.981: [GC [PSYoungGen: 233706K->1058K(227648K)] 676005K->443429K(914624K), 0.0075630 secs] [Times: user=0.05 sys=0.01, real=0.01 secs] 
2014-07-16T08:14:12.578+0000: 2727.798: [GC [PSYoungGen: 227618K->926K(222272K)] 669989K->443377K(909248K), 0.0088700 secs] [Times: user=0.05 sys=0.00, real=0.01 secs] 
2014-07-16T08:14:13.386+0000: 2728.606: [GC [PSYoungGen: 222238K->986K(217280K)] 664689K->443517K(904256K), 0.0041490 secs] [Times: user=0.02 sys=0.00, real=0.00 secs] 
2014-07-16T08:14:14.174+0000: 2729.394: [GC [PSYoungGen: 217242K->648K(212032K)] 659773K->443211K(899008K), 0.0051720 secs] [Times: user=0.02 sys=0.01, real=0.01 secs] 
2014-07-16T08:14:14.967+0000: 2730.187: [GC [PSYoungGen: 211976K->1946K(208576K)] 654539K->444589K(895552K), 0.0034060 secs] [Times: user=0.02 sys=0.00, real=0.00 secs] 
2014-07-16T08:14:15.730+0000: 2730.950: [GC [PSYoungGen: 208538K->690K(202752K)] 651181K->443405K(889728K), 0.0046200 secs] [Times: user=0.02 sys=0.00, real=0.00 secs] 
2014-07-16T08:14:16.507+0000: 2731.727: [GC [PSYoungGen: 202738K->872K(198528K)] 645453K->443635K(885504K), 0.0106090 secs] [Times: user=0.06 sys=0.00, real=0.01 secs] 
2014-07-16T08:14:17.227+0000: 2732.447: [GC [PSYoungGen: 198504K->562K(193920K)] 641267K->443381K(880896K), 0.0040590 secs] [Times: user=0.02 sys=0.00, real=0.00 secs] 
2014-07-16T08:14:17.929+0000: 2733.149: [GC [PSYoungGen: 193906K->880K(190144K)] 636725K->443739K(877120K), 0.0108070 secs] [Times: user=0.06 sys=0.00, real=0.01 secs] 
2014-07-16T08:14:18.603+0000: 2733.823: [GC [PSYoungGen: 190128K->1048K(186368K)] 632987K->443963K(873344K), 0.0062660 secs] [Times: user=0.03 sys=0.00, real=0.01 secs] 
2014-07-16T08:14:19.286+0000: 2734.506: [GC [PSYoungGen: 186328K->448K(181888K)] 629243K->443403K(868864K), 0.0059720 secs] [Times: user=0.03 sys=0.01, real=0.01 secs] 
2014-07-16T08:14:19.943+0000: 2735.162: [GC [PSYoungGen: 181888K->562K(178304K)] 624843K->443581K(865280K), 0.0065790 secs] [Times: user=0.05 sys=0.00, real=0.01 secs] 
2014-07-16T08:14:20.607+0000: 2735.827: [GC [PSYoungGen: 178288K->1036K(214400K)] 621307K->444135K(901376K), 0.0103840 secs] [Times: user=0.06 sys=0.00, real=0.02 secs] 
2014-07-16T08:14:21.463+0000: 2736.683: [GC [PSYoungGen: 214348K->862K(256896K)] 657447K->444033K(943872K), 0.0115760 secs] [Times: user=0.07 sys=0.00, real=0.01 secs] 
2014-07-16T08:14:22.416+0000: 2737.636: [GC [PSYoungGen: 256812K->790K(308032K)] 699983K->444033K(995008K), 0.0100460 secs] [Times: user=0.05 sys=0.01, real=0.01 secs] 
2014-07-16T08:14:23.561+0000: 2738.781: [GC [PSYoungGen: 307990K->530K(299456K)] 751233K->443829K(986432K), 0.0066310 secs] [Times: user=0.03 sys=0.00, real=0.00 secs] 
2014-07-16T08:14:24.657+0000: 2739.877: [GC [PSYoungGen: 299410K->1058K(291968K)] 742709K->444421K(978944K), 0.0068210 secs] [Times: user=0.04 sys=0.00, real=0.01 secs] 
2014-07-16T08:14:25.728+0000: 2740.948: [GC [PSYoungGen: 291924K->994K(284224K)] 735287K->444405K(971200K), 0.0056260 secs] [Times: user=0.02 sys=0.00, real=0.00 secs] 
2014-07-16T08:14:26.761+0000: 2741.981: [GC [PSYoungGen: 284194K->726K(276608K)] 727605K->444193K(963584K), 0.0108960 secs] [Times: user=0.07 sys=0.00, real=0.01 secs] 
2014-07-16T08:14:27.762+0000: 2742.982: [GC [PSYoungGen: 276566K->1222K(270016K)] 720033K->444753K(956992K), 0.0061420 secs] [Times: user=0.01 sys=0.00, real=0.00 secs] 
2014-07-16T08:14:28.738+0000: 2743.957: [GC [PSYoungGen: 269892K->1262K(263168K)] 713423K->444833K(950144K), 0.0044700 secs] [Times: user=0.02 sys=0.00, real=0.01 secs] 
2014-07-16T08:14:29.711+0000: 2744.931: [GC [PSYoungGen: 263150K->944K(256256K)] 706721K->444667K(943232K), 0.0144040 secs] [Times: user=0.11 sys=0.00, real=0.01 secs] 
2014-07-16T08:14:30.643+0000: 2745.863: [GC [PSYoungGen: 256240K->1322K(250304K)] 699963K->445125K(937280K), 0.0113320 secs] [Times: user=0.06 sys=0.00, real=0.01 secs] 
2014-07-16T08:14:31.654+0000: 2746.874: [GC [PSYoungGen: 250282K->1122K(244032K)] 694085K->445013K(931008K), 0.0066710 secs] [Times: user=0.05 sys=0.00, real=0.01 secs] 
2014-07-16T08:14:32.495+0000: 2747.715: [GC [PSYoungGen: 243986K->1418K(238464K)] 687877K->445381K(925440K), 0.0047350 secs] [Times: user=0.02 sys=0.00, real=0.01 secs] 
2014-07-16T08:14:33.365+0000: 2748.585: [GC [PSYoungGen: 238410K->894K(232256K)] 682373K->444921K(919232K), 0.0064140 secs] [Times: user=0.05 sys=0.00, real=0.01 secs] 
2014-07-16T08:14:34.214+0000: 2749.434: [GC [PSYoungGen: 232239K->1144K(227072K)] 676266K->445211K(914048K), 0.0082980 secs] [Times: user=0.05 sys=0.00, real=0.01 secs] 
2014-07-16T08:14:35.040+0000: 2750.260: [GC [PSYoungGen: 227064K->772K(221504K)] 671131K->444903K(908480K), 0.0037040 secs] [Times: user=0.02 sys=0.01, real=0.00 secs] 
2014-07-16T08:14:35.855+0000: 2751.075: [GC [PSYoungGen: 221444K->1318K(216960K)] 665575K->445505K(903936K), 0.0041880 secs] [Times: user=0.02 sys=0.00, real=0.01 secs] 
2014-07-16T08:14:36.656+0000: 2751.876: [GC [PSYoungGen: 216934K->808K(211584K)] 661121K->445059K(898560K), 0.0089960 secs] [Times: user=0.05 sys=0.00, real=0.01 secs] 
2014-07-16T08:14:37.419+0000: 2752.639: [GC [PSYoungGen: 211560K->1190K(207232K)] 655811K->445497K(894208K), 0.0094450 secs] [Times: user=0.06 sys=0.00, real=0.01 secs] 
2014-07-16T08:14:38.157+0000: 2753.377: [GC [PSYoungGen: 207157K->1410K(202944K)] 651464K->445781K(889920K), 0.0055380 secs] [Times: user=0.01 sys=0.00, real=0.01 secs] 
2014-07-16T08:14:38.947+0000: 2754.167: [GC [PSYoungGen: 202882K->1746K(243584K)] 647253K->446281K(930560K), 0.0127530 secs] [Times: user=0.08 sys=0.01, real=0.02 secs] 
2014-07-16T08:14:39.817+0000: 2755.037: [GC [PSYoungGen: 243538K->374K(236352K)] 688073K->445649K(923328K), 0.0074580 secs] [Times: user=0.04 sys=0.01, real=0.01 secs] 
2014-07-16T08:14:40.685+0000: 2755.905: [GC [PSYoungGen: 236342K->1068K(231424K)] 681617K->446447K(918400K), 0.0058810 secs] [Times: user=0.04 sys=0.00, real=0.01 secs] 
2014-07-16T08:14:41.568+0000: 2756.788: [GC [PSYoungGen: 231404K->890K(225856K)] 676783K->446565K(912832K), 0.0074730 secs] [Times: user=0.05 sys=0.01, real=0.01 secs] 
2014-07-16T08:14:42.355+0000: 2757.575: [GC [PSYoungGen: 225850K->862K(270848K)] 671525K->446569K(957824K), 0.0229540 secs] [Times: user=0.15 sys=0.01, real=0.02 secs] 
2014-07-16T08:14:43.395+0000: 2758.615: [GC [PSYoungGen: 270814K->868K(303424K)] 716521K->446639K(990400K), 0.0085940 secs] [Times: user=0.05 sys=0.00, real=0.01 secs] 
2014-07-16T08:14:44.484+0000: 2759.704: [GC [PSYoungGen: 302500K->740K(303424K)] 748271K->446583K(990400K), 0.0046150 secs] [Times: user=0.02 sys=0.01, real=0.00 secs] 
2014-07-16T08:14:45.590+0000: 2760.810: [GC [PSYoungGen: 302372K->1068K(294592K)] 748215K->446951K(981568K), 0.0083970 secs] [Times: user=0.03 sys=0.00, real=0.01 secs] 
2014-07-16T08:14:46.705+0000: 2761.925: [GC [PSYoungGen: 294530K->1050K(286784K)] 740414K->446989K(973760K), 0.0103820 secs] [Times: user=0.05 sys=0.00, real=0.01 secs] 
2014-07-16T08:14:47.749+0000: 2762.969: [GC [PSYoungGen: 286670K->1040K(279296K)] 732609K->447043K(966272K), 0.0071610 secs] [Times: user=0.04 sys=0.00, real=0.01 secs] 
2014-07-16T08:14:48.769+0000: 2763.989: [GC [PSYoungGen: 279248K->1162K(272256K)] 725251K->447213K(959232K), 0.0048070 secs] [Times: user=0.02 sys=0.00, real=0.01 secs] 
2014-07-16T08:14:49.778+0000: 2764.998: [GC [PSYoungGen: 272202K->948K(265088K)] 718253K->447161K(952064K), 0.0152500 secs] [Times: user=0.10 sys=0.00, real=0.02 secs] 
2014-07-16T08:14:50.751+0000: 2765.971: [GC [PSYoungGen: 265045K->1522K(259008K)] 711258K->447939K(945984K), 0.0092950 secs] [Times: user=0.06 sys=0.00, real=0.01 secs] 
2014-07-16T08:14:51.728+0000: 2766.948: [GC [PSYoungGen: 258994K->630K(251712K)] 705411K->447277K(938688K), 0.0108280 secs] [Times: user=0.08 sys=0.00, real=0.01 secs] 
2014-07-16T08:14:52.672+0000: 2767.892: [GC [PSYoungGen: 251677K->744K(245696K)] 698325K->447505K(932672K), 0.0045320 secs] [Times: user=0.02 sys=0.00, real=0.01 secs] 
2014-07-16T08:14:53.512+0000: 2768.732: [GC [PSYoungGen: 245672K->1090K(240128K)] 692433K->447899K(927104K), 0.0063850 secs] [Times: user=0.03 sys=0.01, real=0.00 secs] 
2014-07-16T08:14:54.390+0000: 2769.610: [GC [PSYoungGen: 240066K->954K(234240K)] 686875K->447859K(921216K), 0.0078590 secs] [Times: user=0.04 sys=0.00, real=0.01 secs] 
2014-07-16T08:14:55.255+0000: 2770.475: [GC [PSYoungGen: 234233K->1262K(229056K)] 681139K->448463K(916032K), 0.0038710 secs] [Times: user=0.02 sys=0.01, real=0.00 secs] 
2014-07-16T08:14:56.103+0000: 2771.323: [GC [PSYoungGen: 229038K->876K(274240K)] 676239K->448109K(961216K), 0.0227200 secs] [Times: user=0.11 sys=0.01, real=0.02 secs] 
2014-07-16T08:14:57.086+0000: 2772.306: [GC [PSYoungGen: 274220K->1448K(329536K)] 721453K->448928K(1016512K), 0.0045860 secs] [Times: user=0.02 sys=0.00, real=0.00 secs] 
2014-07-16T08:14:58.287+0000: 2773.507: [GC [PSYoungGen: 329512K->1172K(320128K)] 776992K->448731K(1007104K), 0.0074280 secs] [Times: user=0.05 sys=0.00, real=0.01 secs] 
2014-07-16T08:14:59.454+0000: 2774.674: [GC [PSYoungGen: 320049K->1008K(311168K)] 767609K->448663K(998144K), 0.0059420 secs] [Times: user=0.04 sys=0.00, real=0.00 secs] 
2014-07-16T08:15:00.605+0000: 2775.825: [GC [PSYoungGen: 311152K->1540K(303296K)] 758807K->449260K(990272K), 0.0043830 secs] [Times: user=0.02 sys=0.00, real=0.00 secs] 
2014-07-16T08:15:01.858+0000: 2777.078: [GC [PSYoungGen: 303236K->1022K(294592K)] 750956K->449007K(981568K), 0.0106280 secs] [Times: user=0.07 sys=0.00, real=0.01 secs] 
2014-07-16T08:15:02.904+0000: 2778.124: [GC [PSYoungGen: 294588K->1354K(287168K)] 742574K->449412K(974144K), 0.0039600 secs] [Times: user=0.02 sys=0.00, real=0.00 secs] 
2014-07-16T08:15:03.956+0000: 2779.176: [GC [PSYoungGen: 287081K->1268K(279552K)] 735139K->449464K(966528K), 0.0158510 secs] [Times: user=0.09 sys=0.00, real=0.01 secs] 
2014-07-16T08:15:04.974+0000: 2780.194: [GC [PSYoungGen: 279540K->1026K(272192K)] 727736K->449269K(959168K), 0.0142440 secs] [Times: user=0.09 sys=0.00, real=0.02 secs] 
2014-07-16T08:15:05.969+0000: 2781.189: [GC [PSYoungGen: 272130K->630K(264832K)] 720373K->448937K(951808K), 0.0037420 secs] [Times: user=0.01 sys=0.01, real=0.00 secs] 
2014-07-16T08:15:07.026+0000: 2782.246: [GC [PSYoungGen: 264804K->1222K(258816K)] 713112K->449602K(945792K), 0.0079570 secs] [Times: user=0.05 sys=0.00, real=0.00 secs] 
2014-07-16T08:15:07.968+0000: 2783.188: [GC [PSYoungGen: 258758K->1440K(252608K)] 707138K->449900K(939584K), 0.0045470 secs] [Times: user=0.02 sys=0.00, real=0.00 secs] 
2014-07-16T08:15:08.905+0000: 2784.125: [GC [PSYoungGen: 252576K->1746K(246784K)] 701036K->450254K(933760K), 0.0089580 secs] [Times: user=0.04 sys=0.01, real=0.00 secs] 
2014-07-16T08:15:09.798+0000: 2785.018: [GC [PSYoungGen: 246736K->488K(239552K)] 695244K->449401K(926528K), 0.0065710 secs] [Times: user=0.04 sys=0.00, real=0.00 secs] 
2014-07-16T08:15:10.670+0000: 2785.890: [GC [PSYoungGen: 239528K->1026K(234432K)] 688441K->450004K(921408K), 0.0082060 secs] [Times: user=0.05 sys=0.00, real=0.01 secs] 
2014-07-16T08:15:11.529+0000: 2786.749: [GC [PSYoungGen: 234370K->844K(228736K)] 683348K->450142K(915712K), 0.0052680 secs] [Times: user=0.04 sys=0.00, real=0.00 secs] 
2014-07-16T08:15:12.433+0000: 2787.652: [GC [PSYoungGen: 228684K->754K(223296K)] 677982K->450107K(910272K), 0.0053690 secs] [Times: user=0.03 sys=0.00, real=0.01 secs] 
2014-07-16T08:15:13.265+0000: 2788.485: [GC [PSYoungGen: 223282K->612K(218048K)] 672635K->450014K(905024K), 0.0086370 secs] [Times: user=0.06 sys=0.00, real=0.00 secs] 
2014-07-16T08:15:14.049+0000: 2789.269: [GC [PSYoungGen: 218020K->1158K(213696K)] 667422K->450632K(900672K), 0.0107880 secs] [Times: user=0.06 sys=0.00, real=0.01 secs] 
2014-07-16T08:15:14.830+0000: 2790.050: [GC [PSYoungGen: 213638K->876K(208576K)] 663112K->450462K(895552K), 0.0051820 secs] [Times: user=0.03 sys=0.00, real=0.01 secs] 
2014-07-16T08:15:15.602+0000: 2790.822: [GC [PSYoungGen: 208556K->794K(203904K)] 658142K->450452K(890880K), 0.0086630 secs] [Times: user=0.05 sys=0.00, real=0.01 secs] 
2014-07-16T08:15:16.379+0000: 2791.599: [GC [PSYoungGen: 203866K->922K(199616K)] 653524K->450652K(886592K), 0.0076240 secs] [Times: user=0.06 sys=0.00, real=0.01 secs] 
2014-07-16T08:15:17.185+0000: 2792.405: [GC [PSYoungGen: 199578K->976K(195392K)] 649308K->450770K(882368K), 0.0074810 secs] [Times: user=0.03 sys=0.00, real=0.01 secs] 
2014-07-16T08:15:17.871+0000: 2793.091: [GC [PSYoungGen: 195344K->1048K(191296K)] 645138K->450898K(878272K), 0.0054510 secs] [Times: user=0.02 sys=0.00, real=0.01 secs] 
2014-07-16T08:15:18.583+0000: 2793.803: [GC [PSYoungGen: 191256K->1568K(187776K)] 641106K->451714K(874752K), 0.0042790 secs] [Times: user=0.02 sys=0.00, real=0.01 secs] 
2014-07-16T08:15:19.261+0000: 2794.481: [GC [PSYoungGen: 187744K->562K(182848K)] 637890K->450780K(869824K), 0.0066760 secs] [Times: user=0.04 sys=0.00, real=0.01 secs] 
2014-07-16T08:15:19.921+0000: 2795.141: [GC [PSYoungGen: 182834K->1646K(180224K)] 633052K->451960K(867200K), 0.0094880 secs] [Times: user=0.06 sys=0.00, real=0.01 secs] 
2014-07-16T08:15:20.612+0000: 2795.832: [GC [PSYoungGen: 180206K->840K(175808K)] 630520K->451210K(862784K), 0.0062770 secs] [Times: user=0.04 sys=0.00, real=0.01 secs] 
2014-07-16T08:15:21.292+0000: 2796.512: [GC [PSYoungGen: 175710K->1258K(172672K)] 626080K->451692K(859648K), 0.0079640 secs] [Times: user=0.05 sys=0.01, real=0.01 secs] 
2014-07-16T08:15:21.908+0000: 2797.128: [GC [PSYoungGen: 172648K->822K(206528K)] 623082K->451328K(893504K), 0.0093060 secs] [Times: user=0.05 sys=0.00, real=0.01 secs] 
2014-07-16T08:15:22.769+0000: 2797.989: [GC [PSYoungGen: 206517K->1128K(248000K)] 657023K->451714K(934976K), 0.0083720 secs] [Times: user=0.05 sys=0.00, real=0.01 secs] 
2014-07-16T08:15:23.668+0000: 2798.888: [GC [PSYoungGen: 247976K->758K(241600K)] 698562K->451400K(928576K), 0.0037760 secs] [Times: user=0.02 sys=0.00, real=0.00 secs] 
2014-07-16T08:15:24.563+0000: 2799.783: [GC [PSYoungGen: 241590K->772K(235904K)] 692232K->451518K(922880K), 0.0054700 secs] [Times: user=0.04 sys=0.00, real=0.01 secs] 
2014-07-16T08:15:25.439+0000: 2800.659: [GC [PSYoungGen: 235844K->808K(230336K)] 686590K->451650K(917312K), 0.0068860 secs] [Times: user=0.04 sys=0.00, real=0.00 secs] 
2014-07-16T08:15:26.285+0000: 2801.505: [GC [PSYoungGen: 230312K->958K(225088K)] 681154K->451888K(912064K), 0.0053860 secs] [Times: user=0.03 sys=0.00, real=0.01 secs] 
2014-07-16T08:15:27.199+0000: 2802.419: [GC [PSYoungGen: 225086K->1366K(220352K)] 676016K->452336K(907328K), 0.0149350 secs] [Times: user=0.09 sys=0.00, real=0.01 secs] 
2014-07-16T08:15:27.920+0000: 2803.140: [GC [PSYoungGen: 220310K->1394K(264192K)] 671280K->452420K(951168K), 0.0088000 secs] [Times: user=0.06 sys=0.00, real=0.01 secs] 
2014-07-16T08:15:28.886+0000: 2804.106: [GC [PSYoungGen: 264178K->816K(316224K)] 715204K->452062K(1003200K), 0.0155610 secs] [Times: user=0.11 sys=0.00, real=0.02 secs] 
2014-07-16T08:15:30.106+0000: 2805.326: [GC [PSYoungGen: 316161K->1318K(330240K)] 767407K->452612K(1017216K), 0.0100100 secs] [Times: user=0.05 sys=0.01, real=0.01 secs] 
2014-07-16T08:15:31.288+0000: 2806.508: [GC [PSYoungGen: 329761K->1172K(320512K)] 781055K->452654K(1007488K), 0.0075940 secs] [Times: user=0.04 sys=0.00, real=0.00 secs] 
2014-07-16T08:15:32.480+0000: 2807.700: [GC [PSYoungGen: 320468K->1126K(311616K)] 771950K->452664K(998592K), 0.0040110 secs] [Times: user=0.02 sys=0.00, real=0.00 secs] 
2014-07-16T08:15:33.596+0000: 2808.816: [GC [PSYoungGen: 311590K->630K(302656K)] 763128K->452224K(989632K), 0.0073530 secs] [Times: user=0.05 sys=0.00, real=0.01 secs] 
2014-07-16T08:15:34.712+0000: 2809.932: [GC [PSYoungGen: 302646K->854K(294784K)] 754240K->452560K(981760K), 0.0081790 secs] [Times: user=0.06 sys=0.00, real=0.01 secs] 
2014-07-16T08:15:35.797+0000: 2811.017: [GC [PSYoungGen: 294742K->762K(286848K)] 746448K->452540K(973824K), 0.0064870 secs] [Times: user=0.04 sys=0.01, real=0.01 secs] 
2014-07-16T08:15:36.860+0000: 2812.080: [GC [PSYoungGen: 286825K->1308K(279936K)] 738603K->453142K(966912K), 0.0075510 secs] [Times: user=0.05 sys=0.01, real=0.00 secs] 
2014-07-16T08:15:37.894+0000: 2813.114: [GC [PSYoungGen: 279900K->612K(272000K)] 731734K->452518K(958976K), 0.0068240 secs] [Times: user=0.05 sys=0.00, real=0.01 secs] 
2014-07-16T08:15:38.882+0000: 2814.102: [GC [PSYoungGen: 271972K->1144K(265600K)] 723878K->453106K(952576K), 0.0119830 secs] [Times: user=0.08 sys=0.00, real=0.01 secs] 
2014-07-16T08:15:39.880+0000: 2815.100: [GC [PSYoungGen: 265569K->1400K(259200K)] 717531K->453458K(946176K), 0.0095850 secs] [Times: user=0.07 sys=0.00, real=0.01 secs] 
2014-07-16T08:15:40.822+0000: 2816.042: [GC [PSYoungGen: 259192K->722K(252160K)] 711250K->452884K(939136K), 0.0039680 secs] [Times: user=0.02 sys=0.00, real=0.00 secs] 
2014-07-16T08:15:41.716+0000: 2816.936: [GC [PSYoungGen: 252070K->1440K(246720K)] 704232K->453724K(933696K), 0.0073600 secs] [Times: user=0.03 sys=0.00, real=0.01 secs] 
2014-07-16T08:15:42.665+0000: 2817.885: [GC [PSYoungGen: 246688K->1236K(240576K)] 698972K->453592K(927552K), 0.0137510 secs] [Times: user=0.08 sys=0.00, real=0.01 secs] 
2014-07-16T08:15:43.514+0000: 2818.734: [GC [PSYoungGen: 240532K->1122K(234688K)] 692888K->453534K(921664K), 0.0083110 secs] [Times: user=0.03 sys=0.00, real=0.01 secs] 
2014-07-16T08:15:44.360+0000: 2819.580: [GC [PSYoungGen: 234658K->868K(228928K)] 687070K->453352K(915904K), 0.0060670 secs] [Times: user=0.02 sys=0.01, real=0.00 secs] 
2014-07-16T08:15:45.177+0000: 2820.397: [GC [PSYoungGen: 228892K->840K(274560K)] 681376K->453404K(961536K), 0.0149220 secs] [Times: user=0.09 sys=0.00, real=0.02 secs] 
2014-07-16T08:15:46.178+0000: 2821.398: [GC [PSYoungGen: 274497K->1244K(329728K)] 727061K->453888K(1016704K), 0.0083080 secs] [Times: user=0.05 sys=0.00, real=0.01 secs] 
2014-07-16T08:15:47.488+0000: 2822.708: [GC [PSYoungGen: 329692K->1338K(320640K)] 782336K->454054K(1007616K), 0.0088010 secs] [Times: user=0.04 sys=0.00, real=0.01 secs] 
2014-07-16T08:15:48.602+0000: 2823.822: [GC [PSYoungGen: 320613K->826K(311296K)] 773329K->453614K(998272K), 0.0090400 secs] [Times: user=0.07 sys=0.01, real=0.01 secs] 
2014-07-16T08:15:49.753+0000: 2824.972: [GC [PSYoungGen: 311290K->1466K(303488K)] 764078K->454838K(990464K), 0.0140350 secs] [Times: user=0.08 sys=0.00, real=0.01 secs] 
2014-07-16T08:15:50.903+0000: 2826.123: [GC [PSYoungGen: 303481K->1650K(295552K)] 756853K->455094K(982528K), 0.0084490 secs] [Times: user=0.05 sys=0.00, real=0.01 secs] 
2014-07-16T08:15:51.962+0000: 2827.182: [GC [PSYoungGen: 295533K->912K(287040K)] 748977K->454420K(974016K), 0.0082060 secs] [Times: user=0.05 sys=0.00, real=0.00 secs] 
2014-07-16T08:15:53.007+0000: 2828.227: [GC [PSYoungGen: 286992K->626K(279232K)] 740500K->454198K(966208K), 0.0107000 secs] [Times: user=0.06 sys=0.00, real=0.01 secs] 
2014-07-16T08:15:54.037+0000: 2829.257: [GC [PSYoungGen: 279218K->826K(272192K)] 732790K->454454K(959168K), 0.0086930 secs] [Times: user=0.04 sys=0.00, real=0.01 secs] 
2014-07-16T08:15:55.031+0000: 2830.251: [GC [PSYoungGen: 272186K->1068K(265536K)] 725814K->454768K(952512K), 0.0061060 secs] [Times: user=0.02 sys=0.00, real=0.00 secs] 
2014-07-16T08:15:56.011+0000: 2831.231: [GC [PSYoungGen: 265516K->1444K(259264K)] 719216K->455208K(946240K), 0.0156520 secs] [Times: user=0.11 sys=0.00, real=0.02 secs] 
2014-07-16T08:15:56.961+0000: 2832.181: [GC [PSYoungGen: 259236K->594K(310016K)] 713000K->454422K(996992K), 0.0105010 secs] [Times: user=0.07 sys=0.00, real=0.01 secs] 
2014-07-16T08:15:58.152+0000: 2833.371: [GC [PSYoungGen: 309970K->844K(301888K)] 763798K->454736K(988864K), 0.0045710 secs] [Times: user=0.02 sys=0.00, real=0.01 secs] 
2014-07-16T08:15:59.237+0000: 2834.457: [GC [PSYoungGen: 301836K->1090K(294080K)] 755728K->455038K(981056K), 0.0058550 secs] [Times: user=0.03 sys=0.00, real=0.01 secs] 
2014-07-16T08:16:00.329+0000: 2835.549: [GC [PSYoungGen: 294018K->1204K(286400K)] 747966K->455248K(973376K), 0.0046540 secs] [Times: user=0.02 sys=0.00, real=0.01 secs] 
2014-07-16T08:16:01.411+0000: 2836.631: [GC [PSYoungGen: 286387K->1108K(278848K)] 740431K->455216K(965824K), 0.0078180 secs] [Times: user=0.05 sys=0.00, real=0.01 secs] 
2014-07-16T08:16:02.382+0000: 2837.602: [GC [PSYoungGen: 278804K->1022K(271552K)] 732912K->455226K(958528K), 0.0057110 secs] [Times: user=0.04 sys=0.01, real=0.01 secs] 
2014-07-16T08:16:03.379+0000: 2838.599: [GC [PSYoungGen: 271550K->1550K(265216K)] 725754K->455802K(952192K), 0.0099760 secs] [Times: user=0.06 sys=0.00, real=0.01 secs] 
2014-07-16T08:16:04.336+0000: 2839.556: [GC [PSYoungGen: 265166K->626K(257600K)] 719418K->454958K(944576K), 0.0037400 secs] [Times: user=0.02 sys=0.00, real=0.00 secs] 
2014-07-16T08:16:05.297+0000: 2840.517: [GC [PSYoungGen: 257586K->1540K(252160K)] 711918K->455952K(939136K), 0.0194970 secs] [Times: user=0.13 sys=0.00, real=0.02 secs] 
2014-07-16T08:16:06.205+0000: 2841.425: [GC [PSYoungGen: 252100K->726K(245184K)] 706512K->455226K(932160K), 0.0093650 secs] [Times: user=0.07 sys=0.00, real=0.01 secs] 
2014-07-16T08:16:07.106+0000: 2842.326: [GC [PSYoungGen: 245142K->1540K(294912K)] 699642K->456120K(981888K), 0.0096720 secs] [Times: user=0.07 sys=0.00, real=0.01 secs] 
2014-07-16T08:16:08.263+0000: 2843.483: [GC [PSYoungGen: 294852K->676K(286272K)] 749432K->455312K(973248K), 0.0046100 secs] [Times: user=0.02 sys=0.00, real=0.01 secs] 
2014-07-16T08:16:09.325+0000: 2844.545: [GC [PSYoungGen: 286244K->1560K(279680K)] 740880K->456316K(966656K), 0.0103130 secs] [Times: user=0.05 sys=0.01, real=0.01 secs] 
2014-07-16T08:16:10.335+0000: 2845.555: [GC [PSYoungGen: 279640K->612K(271552K)] 734396K->455416K(958528K), 0.0072850 secs] [Times: user=0.04 sys=0.00, real=0.00 secs] 
2014-07-16T08:16:11.395+0000: 2846.615: [GC [PSYoungGen: 271524K->1274K(265280K)] 726328K->456158K(952256K), 0.0081590 secs] [Times: user=0.06 sys=0.00, real=0.00 secs] 
2014-07-16T08:16:12.311+0000: 2847.531: [GC [PSYoungGen: 265274K->972K(258368K)] 720158K->455928K(945344K), 0.0044540 secs] [Times: user=0.03 sys=0.00, real=0.01 secs] 
2014-07-16T08:16:13.292+0000: 2848.512: [GC [PSYoungGen: 258316K->954K(251904K)] 713272K->456006K(938880K), 0.0053580 secs] [Times: user=0.03 sys=0.00, real=0.01 secs] 
2014-07-16T08:16:14.209+0000: 2849.429: [GC [PSYoungGen: 251898K->862K(245696K)] 706950K->455970K(932672K), 0.0049740 secs] [Times: user=0.03 sys=0.00, real=0.01 secs] 
2014-07-16T08:16:15.129+0000: 2850.349: [GC [PSYoungGen: 245662K->1818K(240704K)] 700770K->456990K(927680K), 0.0135910 secs] [Times: user=0.08 sys=0.00, real=0.01 secs] 
2014-07-16T08:16:16.002+0000: 2851.221: [GC [PSYoungGen: 240666K->1144K(234304K)] 695838K->456646K(921280K), 0.0070690 secs] [Times: user=0.04 sys=0.01, real=0.01 secs] 
2014-07-16T08:16:16.843+0000: 2852.063: [GC [PSYoungGen: 234263K->926K(228608K)] 689765K->456508K(915584K), 0.0070930 secs] [Times: user=0.05 sys=0.00, real=0.01 secs] 
2014-07-16T08:16:17.682+0000: 2852.902: [GC [PSYoungGen: 228570K->1172K(223552K)] 684153K->456826K(910528K), 0.0072650 secs] [Times: user=0.05 sys=0.00, real=0.01 secs] 
2014-07-16T08:16:18.583+0000: 2853.803: [GC [PSYoungGen: 223439K->712K(217984K)] 679094K->456398K(904960K), 0.0119600 secs] [Times: user=0.07 sys=0.00, real=0.01 secs] 
2014-07-16T08:16:19.382+0000: 2854.602: [GC [PSYoungGen: 217870K->1126K(213440K)] 673557K->456868K(900416K), 0.0087240 secs] [Times: user=0.05 sys=0.01, real=0.01 secs] 
2014-07-16T08:16:20.172+0000: 2855.392: [GC [PSYoungGen: 213414K->808K(208384K)] 669156K->456622K(895360K), 0.0056170 secs] [Times: user=0.04 sys=0.00, real=0.01 secs] 
2014-07-16T08:16:20.935+0000: 2856.155: [GC [PSYoungGen: 208312K->1332K(204288K)] 664126K->457234K(891264K), 0.0082950 secs] [Times: user=0.06 sys=0.00, real=0.01 secs] 
2014-07-16T08:16:21.682+0000: 2856.902: [GC [PSYoungGen: 204276K->844K(199424K)] 660178K->456802K(886400K), 0.0040640 secs] [Times: user=0.02 sys=0.00, real=0.01 secs] 
2014-07-16T08:16:22.415+0000: 2857.635: [GC [PSYoungGen: 199372K->882K(195136K)] 655330K->456928K(882112K), 0.0047920 secs] [Times: user=0.03 sys=0.01, real=0.01 secs] 
2014-07-16T08:16:23.188+0000: 2858.408: [GC [PSYoungGen: 195121K->1324K(191424K)] 651167K->457450K(878400K), 0.0072210 secs] [Times: user=0.05 sys=0.00, real=0.00 secs] 
2014-07-16T08:16:23.842+0000: 2859.062: [GC [PSYoungGen: 191404K->704K(186752K)] 647530K->456902K(873728K), 0.0070950 secs] [Times: user=0.05 sys=0.00, real=0.01 secs] 
2014-07-16T08:16:24.530+0000: 2859.750: [GC [PSYoungGen: 186717K->962K(183232K)] 642915K->457232K(870208K), 0.0069890 secs] [Times: user=0.05 sys=0.00, real=0.01 secs] 
2014-07-16T08:16:25.201+0000: 2860.421: [GC [PSYoungGen: 183170K->908K(179456K)] 639440K->457266K(866432K), 0.0069870 secs] [Times: user=0.04 sys=0.00, real=0.01 secs] 
2014-07-16T08:16:25.865+0000: 2861.085: [GC [PSYoungGen: 179362K->1308K(215552K)] 635721K->457746K(902528K), 0.0098020 secs] [Times: user=0.08 sys=0.00, real=0.01 secs] 
2014-07-16T08:16:26.644+0000: 2861.864: [GC [PSYoungGen: 215516K->1164K(258304K)] 671954K->457682K(945280K), 0.0087030 secs] [Times: user=0.05 sys=0.00, real=0.01 secs] 
2014-07-16T08:16:27.599+0000: 2862.819: [GC [PSYoungGen: 258252K->690K(251392K)] 714770K->457288K(938368K), 0.0071790 secs] [Times: user=0.04 sys=0.00, real=0.01 secs] 
2014-07-16T08:16:28.521+0000: 2863.741: [GC [PSYoungGen: 251378K->726K(245312K)] 707976K->457372K(932288K), 0.0045700 secs] [Times: user=0.02 sys=0.00, real=0.00 secs] 
2014-07-16T08:16:29.410+0000: 2864.630: [GC [PSYoungGen: 245270K->694K(239296K)] 701916K->457380K(926272K), 0.0046630 secs] [Times: user=0.02 sys=0.00, real=0.00 secs] 
2014-07-16T08:16:30.328+0000: 2865.548: [GC [PSYoungGen: 239286K->1292K(234240K)] 695972K->458066K(921216K), 0.0086760 secs] [Times: user=0.05 sys=0.00, real=0.00 secs] 
2014-07-16T08:16:31.148+0000: 2866.368: [GC [PSYoungGen: 234175K->1058K(228480K)] 690949K->457896K(915456K), 0.0039730 secs] [Times: user=0.02 sys=0.00, real=0.00 secs] 
2014-07-16T08:16:31.965+0000: 2867.185: [GC [PSYoungGen: 228450K->804K(222912K)] 685288K->457698K(909888K), 0.0053760 secs] [Times: user=0.02 sys=0.00, real=0.01 secs] 
2014-07-16T08:16:32.823+0000: 2868.043: [GC [PSYoungGen: 222883K->940K(217920K)] 679777K->457890K(904896K), 0.0113980 secs] [Times: user=0.07 sys=0.00, real=0.01 secs] 
2014-07-16T08:16:33.603+0000: 2868.823: [GC [PSYoungGen: 217900K->1044K(213120K)] 674850K->458042K(900096K), 0.0061540 secs] [Times: user=0.04 sys=0.00, real=0.01 secs] 
2014-07-16T08:16:34.364+0000: 2869.584: [GC [PSYoungGen: 213062K->898K(255424K)] 670060K->457936K(942400K), 0.0181680 secs] [Times: user=0.12 sys=0.00, real=0.02 secs] 
2014-07-16T08:16:35.292+0000: 2870.512: [GC [PSYoungGen: 255362K->980K(306432K)] 712400K->458074K(993408K), 0.0088330 secs] [Times: user=0.06 sys=0.00, real=0.01 secs] 
2014-07-16T08:16:36.407+0000: 2871.627: [GC [PSYoungGen: 306388K->822K(297984K)] 763482K->457980K(984960K), 0.0044270 secs] [Times: user=0.02 sys=0.00, real=0.01 secs] 
2014-07-16T08:16:37.511+0000: 2872.731: [GC [PSYoungGen: 297974K->862K(290112K)] 755132K->458092K(977088K), 0.0091660 secs] [Times: user=0.04 sys=0.00, real=0.01 secs] 
2014-07-16T08:16:38.695+0000: 2873.915: [GC [PSYoungGen: 290040K->858K(282496K)] 747270K->458160K(969472K), 0.0109020 secs] [Times: user=0.08 sys=0.01, real=0.01 secs] 
2014-07-16T08:16:39.665+0000: 2874.885: [GC [PSYoungGen: 282458K->1076K(275392K)] 739760K->458674K(962368K), 0.0089610 secs] [Times: user=0.07 sys=0.00, real=0.01 secs] 
2014-07-16T08:16:40.699+0000: 2875.919: [GC [PSYoungGen: 275380K->1530K(325504K)] 732978K->459292K(1012480K), 0.0199540 secs] [Times: user=0.13 sys=0.00, real=0.02 secs] 
2014-07-16T08:16:41.869+0000: 2877.089: [GC [PSYoungGen: 325458K->840K(330880K)] 783220K->458658K(1017856K), 0.0169900 secs] [Times: user=0.11 sys=0.00, real=0.02 secs] 
2014-07-16T08:16:43.119+0000: 2878.339: [GC [PSYoungGen: 330056K->1350K(330880K)] 787874K->459232K(1017856K), 0.0127730 secs] [Times: user=0.07 sys=0.00, real=0.02 secs] 
2014-07-16T08:16:44.433+0000: 2879.653: [GC [PSYoungGen: 330566K->1422K(321472K)] 788448K->459368K(1008448K), 0.0050920 secs] [Times: user=0.03 sys=0.00, real=0.00 secs] 
2014-07-16T08:16:45.623+0000: 2880.843: [GC [PSYoungGen: 321411K->1258K(312448K)] 779357K->459276K(999424K), 0.0057800 secs] [Times: user=0.02 sys=0.00, real=0.00 secs] 
2014-07-16T08:16:46.756+0000: 2881.976: [GC [PSYoungGen: 312418K->894K(303616K)] 770437K->459175K(990592K), 0.0057160 secs] [Times: user=0.03 sys=0.00, real=0.01 secs] 
2014-07-16T08:16:47.865+0000: 2883.085: [GC [PSYoungGen: 303614K->1186K(295808K)] 761895K->459590K(982784K), 0.0109700 secs] [Times: user=0.07 sys=0.00, real=0.01 secs] 
2014-07-16T08:16:48.972+0000: 2884.192: [GC [PSYoungGen: 295778K->1386K(288192K)] 754182K->459968K(975168K), 0.0074290 secs] [Times: user=0.05 sys=0.01, real=0.00 secs] 
2014-07-16T08:16:50.036+0000: 2885.256: [GC [PSYoungGen: 288170K->958K(280192K)] 746752K->459604K(967168K), 0.0080760 secs] [Times: user=0.05 sys=0.00, real=0.01 secs] 
2014-07-16T08:16:51.054+0000: 2886.274: [GC [PSYoungGen: 280190K->1026K(273088K)] 738836K->459720K(960064K), 0.0085250 secs] [Times: user=0.05 sys=0.00, real=0.01 secs] 
2014-07-16T08:16:52.065+0000: 2887.285: [GC [PSYoungGen: 273026K->1158K(266240K)] 731720K->459892K(953216K), 0.0102350 secs] [Times: user=0.06 sys=0.00, real=0.01 secs] 
2014-07-16T08:16:53.065+0000: 2888.285: [GC [PSYoungGen: 266182K->1200K(259584K)] 724916K->460150K(946560K), 0.0084390 secs] [Times: user=0.06 sys=0.00, real=0.01 secs] 
2014-07-16T08:16:54.044+0000: 2889.263: [GC [PSYoungGen: 259563K->1164K(253120K)] 718513K->460169K(940096K), 0.0099120 secs] [Times: user=0.07 sys=0.00, real=0.01 secs] 
2014-07-16T08:16:54.957+0000: 2890.177: [GC [PSYoungGen: 253068K->1080K(246784K)] 712073K->460208K(933760K), 0.0036970 secs] [Times: user=0.02 sys=0.00, real=0.00 secs] 
2014-07-16T08:16:55.876+0000: 2891.096: [GC [PSYoungGen: 246776K->416K(240192K)] 705904K->459583K(927168K), 0.0062470 secs] [Times: user=0.03 sys=0.00, real=0.01 secs] 
2014-07-16T08:16:56.756+0000: 2891.976: [GC [PSYoungGen: 240160K->972K(235008K)] 699327K->460212K(921984K), 0.0075960 secs] [Times: user=0.05 sys=0.00, real=0.01 secs] 
2014-07-16T08:16:57.626+0000: 2892.846: [GC [PSYoungGen: 234956K->822K(229312K)] 694196K->460142K(916288K), 0.0052370 secs] [Times: user=0.03 sys=0.00, real=0.01 secs] 
2014-07-16T08:16:58.472+0000: 2893.692: [GC [PSYoungGen: 229269K->1136K(224320K)] 688589K->460528K(911296K), 0.0052250 secs] [Times: user=0.03 sys=0.00, real=0.00 secs] 
2014-07-16T08:16:59.332+0000: 2894.552: [GC [PSYoungGen: 224304K->954K(219008K)] 683696K->460434K(905984K), 0.0070920 secs] [Times: user=0.04 sys=0.00, real=0.00 secs] 
2014-07-16T08:17:00.126+0000: 2895.346: [GC [PSYoungGen: 218971K->990K(214080K)] 678451K->460542K(901056K), 0.0097640 secs] [Times: user=0.06 sys=0.00, real=0.01 secs] 
2014-07-16T08:17:00.920+0000: 2896.140: [GC [PSYoungGen: 214035K->1318K(209600K)] 673587K->460942K(896576K), 0.0093640 secs] [Times: user=0.06 sys=0.00, real=0.01 secs] 
2014-07-16T08:17:01.673+0000: 2896.893: [GC [PSYoungGen: 209574K->672K(204352K)] 669198K->460383K(891328K), 0.0043000 secs] [Times: user=0.02 sys=0.00, real=0.00 secs] 
2014-07-16T08:17:02.431+0000: 2897.651: [GC [PSYoungGen: 204320K->758K(199936K)] 664031K->460501K(886912K), 0.0062990 secs] [Times: user=0.03 sys=0.00, real=0.01 secs] 
2014-07-16T08:17:03.158+0000: 2898.378: [GC [PSYoungGen: 199926K->926K(195840K)] 659669K->460734K(882816K), 0.0046760 secs] [Times: user=0.02 sys=0.00, real=0.01 secs] 
2014-07-16T08:17:03.916+0000: 2899.136: [GC [PSYoungGen: 195805K->1580K(192320K)] 655613K->461516K(879296K), 0.0120750 secs] [Times: user=0.07 sys=0.00, real=0.01 secs] 
2014-07-16T08:17:04.570+0000: 2899.790: [GC [PSYoungGen: 192300K->694K(187392K)] 652236K->460868K(874368K), 0.0056080 secs] [Times: user=0.04 sys=0.00, real=0.01 secs] 
2014-07-16T08:17:05.264+0000: 2900.484: [GC [PSYoungGen: 187382K->612K(183424K)] 647556K->460866K(870400K), 0.0085320 secs] [Times: user=0.06 sys=0.00, real=0.01 secs] 
2014-07-16T08:17:05.928+0000: 2901.148: [GC [PSYoungGen: 183396K->598K(220032K)] 643650K->460908K(907008K), 0.0083740 secs] [Times: user=0.05 sys=0.00, real=0.01 secs] 
2014-07-16T08:17:06.726+0000: 2901.946: [GC [PSYoungGen: 219990K->594K(263936K)] 680300K->460952K(950912K), 0.0070820 secs] [Times: user=0.04 sys=0.00, real=0.01 secs] 
2014-07-16T08:17:07.699+0000: 2902.919: [GC [PSYoungGen: 263890K->1126K(257856K)] 724248K->461540K(944832K), 0.0098150 secs] [Times: user=0.06 sys=0.00, real=0.01 secs] 
2014-07-16T08:17:08.640+0000: 2903.860: [GC [PSYoungGen: 257794K->1226K(251584K)] 718208K->461712K(938560K), 0.0070070 secs] [Times: user=0.05 sys=0.00, real=0.01 secs] 
2014-07-16T08:17:09.603+0000: 2904.823: [GC [PSYoungGen: 251529K->1080K(245248K)] 712015K->462104K(932224K), 0.0109730 secs] [Times: user=0.07 sys=0.00, real=0.01 secs] 
2014-07-16T08:17:10.509+0000: 2905.729: [GC [PSYoungGen: 245216K->1428K(294464K)] 706240K->462524K(981440K), 0.0158470 secs] [Times: user=0.10 sys=0.01, real=0.02 secs] 
2014-07-16T08:17:11.594+0000: 2906.814: [GC [PSYoungGen: 294420K->894K(352512K)] 755516K->462046K(1039488K), 0.0198450 secs] [Times: user=0.12 sys=0.00, real=0.02 secs] 
2014-07-16T08:17:12.891+0000: 2908.111: [GC [PSYoungGen: 352510K->680K(377088K)] 813662K->461880K(1064064K), 0.0090990 secs] [Times: user=0.06 sys=0.00, real=0.01 secs] 
2014-07-16T08:17:14.349+0000: 2909.569: [GC [PSYoungGen: 375848K->1142K(423936K)] 837048K->462438K(1110912K), 0.0109950 secs] [Times: user=0.06 sys=0.00, real=0.01 secs] 
2014-07-16T08:17:15.877+0000: 2911.097: [GC [PSYoungGen: 423158K->772K(409792K)] 884454K->462164K(1096768K), 0.0078400 secs] [Times: user=0.05 sys=0.00, real=0.01 secs] 
2014-07-16T08:17:17.376+0000: 2912.596: [GC [PSYoungGen: 409732K->872K(397376K)] 871124K->462312K(1084352K), 0.0068610 secs] [Times: user=0.03 sys=0.01, real=0.00 secs] 
2014-07-16T08:17:18.842+0000: 2914.062: [GC [PSYoungGen: 397321K->1040K(385600K)] 858761K->462544K(1072576K), 0.0034130 secs] [Times: user=0.02 sys=0.00, real=0.01 secs] 
2014-07-16T08:17:20.325+0000: 2915.545: [GC [PSYoungGen: 385546K->1226K(374336K)] 847051K->462802K(1061312K), 0.0079130 secs] [Times: user=0.05 sys=0.00, real=0.00 secs] 
2014-07-16T08:17:21.719+0000: 2916.938: [GC [PSYoungGen: 374255K->1276K(363328K)] 835832K->462908K(1050304K), 0.0085090 secs] [Times: user=0.04 sys=0.00, real=0.01 secs] 
2014-07-16T08:17:23.066+0000: 2918.286: [GC [PSYoungGen: 363324K->948K(352448K)] 824956K->462708K(1039424K), 0.0151620 secs] [Times: user=0.10 sys=0.00, real=0.01 secs] 
2014-07-16T08:17:24.445+0000: 2919.665: [GC [PSYoungGen: 352436K->1390K(342784K)] 814196K->463206K(1029760K), 0.0087140 secs] [Times: user=0.06 sys=0.00, real=0.00 secs] 
2014-07-16T08:17:25.668+0000: 2920.888: [GC [PSYoungGen: 342766K->794K(332544K)] 804582K->462766K(1019520K), 0.0040660 secs] [Times: user=0.02 sys=0.00, real=0.00 secs] 
2014-07-16T08:17:26.897+0000: 2922.117: [GC [PSYoungGen: 332460K->644K(323136K)] 794432K->462688K(1010112K), 0.0067030 secs] [Times: user=0.04 sys=0.00, real=0.00 secs] 
2014-07-16T08:17:28.113+0000: 2923.333: [GC [PSYoungGen: 323033K->1064K(314624K)] 785077K->463196K(1001600K), 0.0049830 secs] [Times: user=0.03 sys=0.00, real=0.01 secs] 
2014-07-16T08:17:29.335+0000: 2924.555: [GC [PSYoungGen: 314573K->1168K(306176K)] 776705K->463356K(993152K), 0.0058800 secs] [Times: user=0.03 sys=0.00, real=0.01 secs] 
2014-07-16T08:17:30.384+0000: 2925.604: [GC [PSYoungGen: 306092K->1172K(297920K)] 768280K->463432K(984896K), 0.0102350 secs] [Times: user=0.06 sys=0.00, real=0.01 secs] 
2014-07-16T08:17:31.518+0000: 2926.738: [GC [PSYoungGen: 297876K->858K(289664K)] 760136K->463182K(976640K), 0.0153730 secs] [Times: user=0.09 sys=0.00, real=0.01 secs] 
2014-07-16T08:17:32.562+0000: 2927.782: [GC [PSYoungGen: 289626K->676K(281856K)] 751950K->463096K(968832K), 0.0072540 secs] [Times: user=0.05 sys=0.00, real=0.01 secs] 
2014-07-16T08:17:33.585+0000: 2928.805: [GC [PSYoungGen: 281828K->1444K(275328K)] 744248K->463920K(962304K), 0.0133020 secs] [Times: user=0.09 sys=0.00, real=0.02 secs] 
2014-07-16T08:17:34.616+0000: 2929.836: [GC [PSYoungGen: 275300K->762K(329408K)] 737776K->463294K(1016384K), 0.0142730 secs] [Times: user=0.07 sys=0.00, real=0.02 secs] 
2014-07-16T08:17:35.824+0000: 2931.044: [GC [PSYoungGen: 329402K->1464K(320960K)] 791934K->464068K(1007936K), 0.0069670 secs] [Times: user=0.05 sys=0.00, real=0.01 secs] 
2014-07-16T08:17:36.992+0000: 2932.212: [GC [PSYoungGen: 320922K->1262K(311936K)] 783526K->464186K(998912K), 0.0145620 secs] [Times: user=0.10 sys=0.00, real=0.02 secs] 
2014-07-16T08:17:38.157+0000: 2933.377: [GC [PSYoungGen: 311863K->968K(373824K)] 774787K->463940K(1060800K), 0.0155410 secs] [Times: user=0.11 sys=0.00, real=0.01 secs] 
2014-07-16T08:17:39.718+0000: 2934.938: [GC [PSYoungGen: 373713K->1318K(363136K)] 836685K->464346K(1050112K), 0.0071560 secs] [Times: user=0.04 sys=0.00, real=0.00 secs] 
2014-07-16T08:17:40.978+0000: 2936.198: [GC [PSYoungGen: 363079K->922K(352192K)] 826107K->464006K(1039168K), 0.0054320 secs] [Times: user=0.03 sys=0.00, real=0.01 secs] 
2014-07-16T08:17:42.275+0000: 2937.495: [GC [PSYoungGen: 352148K->1322K(342464K)] 815233K->464478K(1029440K), 0.0066400 secs] [Times: user=0.05 sys=0.00, real=0.01 secs] 
2014-07-16T08:17:43.519+0000: 2938.739: [GC [PSYoungGen: 342442K->936K(332416K)] 805598K->464180K(1019392K), 0.0086180 secs] [Times: user=0.05 sys=0.00, real=0.00 secs] 
2014-07-16T08:17:44.758+0000: 2939.978: [GC [PSYoungGen: 332392K->944K(323136K)] 795636K->464244K(1010112K), 0.0070330 secs] [Times: user=0.05 sys=0.00, real=0.00 secs] 
2014-07-16T08:17:45.954+0000: 2941.174: [GC [PSYoungGen: 323120K->908K(314240K)] 786420K->464280K(1001216K), 0.0091230 secs] [Times: user=0.07 sys=0.01, real=0.01 secs] 
2014-07-16T08:17:47.105+0000: 2942.325: [GC [PSYoungGen: 314188K->1544K(306304K)] 777560K->464980K(993280K), 0.0159260 secs] [Times: user=0.10 sys=0.00, real=0.02 secs] 
2014-07-16T08:17:48.228+0000: 2943.448: [GC [PSYoungGen: 306248K->562K(297088K)] 769684K->464062K(984064K), 0.0057430 secs] [Times: user=0.03 sys=0.01, real=0.01 secs] 
2014-07-16T08:17:49.317+0000: 2944.537: [GC [PSYoungGen: 297074K->726K(289408K)] 760574K->464290K(976384K), 0.0046430 secs] [Times: user=0.02 sys=0.00, real=0.01 secs] 
2014-07-16T08:17:50.360+0000: 2945.580: [GC [PSYoungGen: 289366K->914K(281984K)] 752930K->464542K(968960K), 0.0066530 secs] [Times: user=0.03 sys=0.00, real=0.00 secs] 
2014-07-16T08:17:51.383+0000: 2946.603: [GC [PSYoungGen: 281938K->1144K(274880K)] 745566K->464852K(961856K), 0.0088890 secs] [Times: user=0.06 sys=0.00, real=0.01 secs] 
2014-07-16T08:17:52.384+0000: 2947.604: [GC [PSYoungGen: 274850K->1536K(268288K)] 738558K->465324K(955264K), 0.0074120 secs] [Times: user=0.05 sys=0.01, real=0.01 secs] 
2014-07-16T08:17:53.419+0000: 2948.639: [GC [PSYoungGen: 268224K->880K(260864K)] 732012K->465304K(947840K), 0.0108340 secs] [Times: user=0.07 sys=0.01, real=0.01 secs] 
2014-07-16T08:17:54.337+0000: 2949.557: [GC [PSYoungGen: 260848K->1182K(254720K)] 725272K->465686K(941696K), 0.0091190 secs] [Times: user=0.07 sys=0.00, real=0.01 secs] 
2014-07-16T08:17:55.330+0000: 2950.550: [GC [PSYoungGen: 254686K->1502K(248768K)] 719190K->466374K(935744K), 0.0128090 secs] [Times: user=0.09 sys=0.01, real=0.02 secs] 
2014-07-16T08:17:56.213+0000: 2951.433: [GC [PSYoungGen: 248717K->1268K(242496K)] 713589K->466204K(929472K), 0.0096930 secs] [Times: user=0.06 sys=0.01, real=0.01 secs] 
2014-07-16T08:17:57.086+0000: 2952.306: [GC [PSYoungGen: 242480K->1190K(236608K)] 707416K->466272K(923584K), 0.0075180 secs] [Times: user=0.05 sys=0.00, real=0.01 secs] 
2014-07-16T08:17:57.970+0000: 2953.190: [GC [PSYoungGen: 236532K->786K(230656K)] 701614K->465972K(917632K), 0.0098040 secs] [Times: user=0.07 sys=0.01, real=0.01 secs] 
2014-07-16T08:17:58.811+0000: 2954.030: [GC [PSYoungGen: 230564K->1154K(225664K)] 695750K->466420K(912640K), 0.0071660 secs] [Times: user=0.04 sys=0.00, real=0.00 secs] 
2014-07-16T08:17:59.724+0000: 2954.944: [GC [PSYoungGen: 225602K->1334K(270720K)] 690868K->466656K(957696K), 0.0116940 secs] [Times: user=0.08 sys=0.00, real=0.01 secs] 
2014-07-16T08:18:00.645+0000: 2955.865: [GC [PSYoungGen: 270707K->1198K(263744K)] 736029K->466754K(950720K), 0.0081900 secs] [Times: user=0.05 sys=0.00, real=0.01 secs] 
2014-07-16T08:18:01.627+0000: 2956.847: [GC [PSYoungGen: 263694K->1468K(257408K)] 729250K->467098K(944384K), 0.0066330 secs] [Times: user=0.03 sys=0.01, real=0.01 secs] 
2014-07-16T08:18:02.543+0000: 2957.763: [GC [PSYoungGen: 257404K->530K(307712K)] 723034K->466374K(994688K), 0.0228200 secs] [Times: user=0.16 sys=0.00, real=0.02 secs] 
2014-07-16T08:18:03.718+0000: 2958.938: [GC [PSYoungGen: 307666K->1378K(369984K)] 773510K->467318K(1056960K), 0.0096930 secs] [Times: user=0.06 sys=0.00, real=0.01 secs] 
2014-07-16T08:18:05.082+0000: 2960.302: [GC [PSYoungGen: 369855K->1968K(359744K)] 835796K->468104K(1046720K), 0.0039940 secs] [Times: user=0.02 sys=0.00, real=0.00 secs] 
2014-07-16T08:18:06.434+0000: 2961.654: [GC [PSYoungGen: 359713K->958K(348352K)] 825850K->467166K(1035328K), 0.0068990 secs] [Times: user=0.04 sys=0.00, real=0.01 secs] 
2014-07-16T08:18:07.732+0000: 2962.952: [GC [PSYoungGen: 348350K->594K(338112K)] 814558K->466850K(1025088K), 0.0135740 secs] [Times: user=0.09 sys=0.00, real=0.01 secs] 
2014-07-16T08:18:08.957+0000: 2964.177: [GC [PSYoungGen: 338019K->1490K(329472K)] 804275K->467834K(1016448K), 0.0040550 secs] [Times: user=0.03 sys=0.01, real=0.00 secs] 
2014-07-16T08:18:10.232+0000: 2965.452: [GC [PSYoungGen: 329408K->1544K(320384K)] 795753K->467952K(1007360K), 0.0040290 secs] [Times: user=0.02 sys=0.00, real=0.00 secs] 
2014-07-16T08:18:11.397+0000: 2966.617: [GC [PSYoungGen: 320287K->1340K(311360K)] 786696K->467828K(998336K), 0.0071590 secs] [Times: user=0.04 sys=0.00, real=0.01 secs] 
2014-07-16T08:18:12.545+0000: 2967.765: [GC [PSYoungGen: 311356K->1012K(302592K)] 777844K->467572K(989568K), 0.0073470 secs] [Times: user=0.05 sys=0.00, real=0.01 secs] 
2014-07-16T08:18:13.668+0000: 2968.888: [GC [PSYoungGen: 302580K->1760K(295232K)] 769140K->468384K(982208K), 0.0118100 secs] [Times: user=0.08 sys=0.00, real=0.01 secs] 
2014-07-16T08:18:14.742+0000: 2969.962: [GC [PSYoungGen: 295200K->858K(286528K)] 761824K->467554K(973504K), 0.0047430 secs] [Times: user=0.03 sys=0.00, real=0.01 secs] 
2014-07-16T08:18:15.861+0000: 2971.081: [GC [PSYoungGen: 286456K->890K(279040K)] 753152K->467674K(966016K), 0.0088760 secs] [Times: user=0.06 sys=0.00, real=0.01 secs] 
2014-07-16T08:18:16.897+0000: 2972.117: [GC [PSYoungGen: 279032K->858K(271872K)] 745817K->467714K(958848K), 0.0060260 secs] [Times: user=0.03 sys=0.00, real=0.01 secs] 
2014-07-16T08:18:17.902+0000: 2973.122: [GC [PSYoungGen: 271832K->1382K(265472K)] 738689K->468318K(952448K), 0.0100670 secs] [Times: user=0.06 sys=0.00, real=0.01 secs] 
2014-07-16T08:18:18.865+0000: 2974.085: [GC [PSYoungGen: 265446K->1554K(259008K)] 732382K->468594K(945984K), 0.0081130 secs] [Times: user=0.05 sys=0.00, real=0.01 secs] 
2014-07-16T08:18:19.796+0000: 2975.016: [GC [PSYoungGen: 258919K->1140K(252160K)] 725959K->468236K(939136K), 0.0099850 secs] [Times: user=0.06 sys=0.00, real=0.01 secs] 
2014-07-16T08:18:20.804+0000: 2976.024: [GC [PSYoungGen: 252148K->832K(245696K)] 719244K->468008K(932672K), 0.0058550 secs] [Times: user=0.03 sys=0.00, real=0.00 secs] 
2014-07-16T08:18:21.702+0000: 2976.922: [GC [PSYoungGen: 245696K->612K(239552K)] 712872K->467844K(926528K), 0.0119470 secs] [Times: user=0.07 sys=0.00, real=0.01 secs] 
2014-07-16T08:18:22.571+0000: 2977.791: [GC [PSYoungGen: 239523K->1386K(234624K)] 706756K->468714K(921600K), 0.0065940 secs] [Times: user=0.04 sys=0.00, real=0.01 secs] 
2014-07-16T08:18:23.435+0000: 2978.655: [GC [PSYoungGen: 234518K->858K(280768K)] 701847K->468226K(967744K), 0.0232180 secs] [Times: user=0.14 sys=0.01, real=0.02 secs] 
2014-07-16T08:18:24.473+0000: 2979.693: [GC [PSYoungGen: 280714K->662K(336576K)] 748083K->468086K(1023552K), 0.0082430 secs] [Times: user=0.05 sys=0.00, real=0.01 secs] 
2014-07-16T08:18:25.717+0000: 2980.937: [GC [PSYoungGen: 336534K->976K(375616K)] 803958K->468488K(1062592K), 0.0071530 secs] [Times: user=0.04 sys=0.00, real=0.01 secs] 
2014-07-16T08:18:27.122+0000: 2982.342: [GC [PSYoungGen: 374538K->1118K(363712K)] 842051K->468718K(1050688K), 0.0069830 secs] [Times: user=0.04 sys=0.00, real=0.01 secs] 
2014-07-16T08:18:28.455+0000: 2983.675: [GC [PSYoungGen: 363678K->1640K(353664K)] 831278K->469312K(1040640K), 0.0082320 secs] [Times: user=0.05 sys=0.00, real=0.00 secs] 
2014-07-16T08:18:29.748+0000: 2984.968: [GC [PSYoungGen: 353640K->608K(342528K)] 821312K->468344K(1029504K), 0.0090770 secs] [Times: user=0.05 sys=0.00, real=0.01 secs] 
2014-07-16T08:18:31.005+0000: 2986.225: [GC [PSYoungGen: 342496K->744K(332928K)] 810232K->468536K(1019904K), 0.0052860 secs] [Times: user=0.03 sys=0.00, real=0.01 secs] 
2014-07-16T08:18:32.214+0000: 2987.434: [GC [PSYoungGen: 332886K->754K(323584K)] 800679K->468618K(1010560K), 0.0188720 secs] [Times: user=0.12 sys=0.00, real=0.02 secs] 
2014-07-16T08:18:33.400+0000: 2988.620: [GC [PSYoungGen: 323516K->1172K(388608K)] 791380K->469108K(1075584K), 0.0160040 secs] [Times: user=0.10 sys=0.00, real=0.02 secs] 
2014-07-16T08:18:34.837+0000: 2990.057: [GC [PSYoungGen: 388564K->576K(376384K)] 856500K->468584K(1063360K), 0.0045870 secs] [Times: user=0.03 sys=0.00, real=0.00 secs] 
2014-07-16T08:18:36.271+0000: 2991.491: [GC [PSYoungGen: 376381K->1686K(366400K)] 844389K->469774K(1053376K), 0.0044500 secs] [Times: user=0.03 sys=0.00, real=0.00 secs] 
2014-07-16T08:18:37.619+0000: 2992.839: [GC [PSYoungGen: 366358K->794K(354880K)] 834446K->468930K(1041856K), 0.0119140 secs] [Times: user=0.07 sys=0.00, real=0.01 secs] 
2014-07-16T08:18:38.924+0000: 2994.144: [GC [PSYoungGen: 354842K->1240K(345088K)] 822978K->469456K(1032064K), 0.0092110 secs] [Times: user=0.07 sys=0.00, real=0.01 secs] 
2014-07-16T08:18:40.181+0000: 2995.401: [GC [PSYoungGen: 345048K->694K(334720K)] 813264K->468966K(1021696K), 0.0049820 secs] [Times: user=0.02 sys=0.01, real=0.00 secs] 
2014-07-16T08:18:41.425+0000: 2996.645: [GC [PSYoungGen: 334710K->908K(325568K)] 802982K->469260K(1012544K), 0.0068500 secs] [Times: user=0.04 sys=0.00, real=0.01 secs] 
2014-07-16T08:18:42.619+0000: 2997.839: [GC [PSYoungGen: 325516K->918K(316544K)] 793868K->469358K(1003520K), 0.0081430 secs] [Times: user=0.04 sys=0.00, real=0.01 secs] 
2014-07-16T08:18:43.756+0000: 2998.976: [GC [PSYoungGen: 316502K->1058K(308032K)] 784942K->469562K(995008K), 0.0092880 secs] [Times: user=0.06 sys=0.00, real=0.01 secs] 
2014-07-16T08:18:44.896+0000: 3000.116: [GC [PSYoungGen: 308002K->562K(299200K)] 776506K->469106K(986176K), 0.0050790 secs] [Times: user=0.02 sys=0.00, real=0.01 secs] 
2014-07-16T08:18:46.123+0000: 3001.343: [GC [PSYoungGen: 299186K->1040K(291712K)] 767730K->469672K(978688K), 0.0129530 secs] [Times: user=0.07 sys=0.01, real=0.01 secs] 
2014-07-16T08:18:47.195+0000: 3002.415: [GC [PSYoungGen: 291664K->1286K(284288K)] 760296K->469974K(971264K), 0.0083680 secs] [Times: user=0.03 sys=0.00, real=0.01 secs] 
2014-07-16T08:18:48.229+0000: 3003.449: [GC [PSYoungGen: 284230K->726K(276352K)] 752918K->469494K(963328K), 0.0077230 secs] [Times: user=0.05 sys=0.00, real=0.00 secs] 
2014-07-16T08:18:49.217+0000: 3004.437: [GC [PSYoungGen: 276280K->1262K(269760K)] 745049K->470086K(956736K), 0.0096670 secs] [Times: user=0.06 sys=0.00, real=0.01 secs] 
2014-07-16T08:18:50.206+0000: 3005.426: [GC [PSYoungGen: 269740K->872K(262528K)] 738565K->469792K(949504K), 0.0079530 secs] [Times: user=0.05 sys=0.00, real=0.01 secs] 
2014-07-16T08:18:51.231+0000: 3006.450: [GC [PSYoungGen: 262495K->544K(255680K)] 731415K->469520K(942656K), 0.0106480 secs] [Times: user=0.06 sys=0.00, real=0.01 secs] 
2014-07-16T08:18:52.163+0000: 3007.383: [GC [PSYoungGen: 255645K->1090K(249920K)] 724622K->470122K(936896K), 0.0103690 secs] [Times: user=0.07 sys=0.00, real=0.01 secs] 
2014-07-16T08:18:53.060+0000: 3008.280: [GC [PSYoungGen: 249858K->548K(243264K)] 718890K->469628K(930240K), 0.0048380 secs] [Times: user=0.02 sys=0.00, real=0.00 secs] 
2014-07-16T08:18:53.937+0000: 3009.157: [GC [PSYoungGen: 243236K->836K(237760K)] 712316K->469988K(924736K), 0.0061970 secs] [Times: user=0.03 sys=0.01, real=0.01 secs] 
2014-07-16T08:18:54.820+0000: 3010.040: [GC [PSYoungGen: 237700K->1000K(232256K)] 706852K->470240K(919232K), 0.0065970 secs] [Times: user=0.04 sys=0.00, real=0.00 secs] 
2014-07-16T08:18:55.777+0000: 3010.997: [GC [PSYoungGen: 232232K->1436K(227264K)] 701472K->470740K(914240K), 0.0077640 secs] [Times: user=0.05 sys=0.01, real=0.01 secs] 
2014-07-16T08:18:56.565+0000: 3011.785: [GC [PSYoungGen: 227228K->766K(221312K)] 696532K->470206K(908288K), 0.0037800 secs] [Times: user=0.02 sys=0.00, real=0.01 secs] 
2014-07-16T08:18:57.368+0000: 3012.588: [GC [PSYoungGen: 221310K->990K(216512K)] 690750K->470494K(903488K), 0.0065260 secs] [Times: user=0.04 sys=0.00, real=0.01 secs] 
2014-07-16T08:18:58.200+0000: 3013.419: [GC [PSYoungGen: 216446K->1076K(211712K)] 685950K->470794K(898688K), 0.0097550 secs] [Times: user=0.07 sys=0.01, real=0.01 secs] 
2014-07-16T08:18:58.966+0000: 3014.186: [GC [PSYoungGen: 211700K->726K(206656K)] 681418K->470508K(893632K), 0.0093010 secs] [Times: user=0.05 sys=0.00, real=0.01 secs] 
2014-07-16T08:18:59.731+0000: 3014.951: [GC [PSYoungGen: 206560K->1122K(202496K)] 676342K->470984K(889472K), 0.0076860 secs] [Times: user=0.05 sys=0.00, real=0.00 secs] 
2014-07-16T08:19:00.480+0000: 3015.700: [GC [PSYoungGen: 202449K->1590K(198592K)] 672311K->471628K(885568K), 0.0047800 secs] [Times: user=0.03 sys=0.00, real=0.00 secs] 
2014-07-16T08:19:01.193+0000: 3016.413: [GC [PSYoungGen: 198582K->512K(193280K)] 668620K->470654K(880256K), 0.0064370 secs] [Times: user=0.03 sys=0.00, real=0.00 secs] 
2014-07-16T08:19:01.905+0000: 3017.125: [GC [PSYoungGen: 193280K->1340K(190016K)] 663422K->471554K(876992K), 0.0036190 secs] [Times: user=0.02 sys=0.00, real=0.00 secs] 
2014-07-16T08:19:02.587+0000: 3017.807: [GC [PSYoungGen: 190012K->1686K(186432K)] 660226K->472038K(873408K), 0.0059300 secs] [Times: user=0.04 sys=0.00, real=0.01 secs] 
2014-07-16T08:19:03.287+0000: 3018.507: [GC [PSYoungGen: 186363K->1050K(181952K)] 656715K->471474K(868928K), 0.0072870 secs] [Times: user=0.05 sys=0.00, real=0.01 secs] 
2014-07-16T08:19:03.940+0000: 3019.160: [GC [PSYoungGen: 181914K->1318K(178496K)] 652338K->471854K(865472K), 0.0055490 secs] [Times: user=0.03 sys=0.00, real=0.00 secs] 
2014-07-16T08:19:04.601+0000: 3019.821: [GC [PSYoungGen: 178372K->758K(213376K)] 648909K->471350K(900352K), 0.0105120 secs] [Times: user=0.07 sys=0.00, real=0.01 secs] 
2014-07-16T08:19:05.387+0000: 3020.607: [GC [PSYoungGen: 213333K->1008K(256192K)] 683926K->471664K(943168K), 0.0084400 secs] [Times: user=0.06 sys=0.00, real=0.01 secs] 
2014-07-16T08:19:06.453+0000: 3021.673: [GC [PSYoungGen: 256155K->1582K(250432K)] 726811K->472342K(937408K), 0.0062750 secs] [Times: user=0.04 sys=0.00, real=0.00 secs] 
2014-07-16T08:19:07.352+0000: 3022.572: [GC [PSYoungGen: 250414K->1140K(243904K)] 721174K->472134K(930880K), 0.0065920 secs] [Times: user=0.04 sys=0.00, real=0.00 secs] 
2014-07-16T08:19:08.258+0000: 3023.478: [GC [PSYoungGen: 243892K->1722K(238656K)] 714886K->472756K(925632K), 0.0052960 secs] [Times: user=0.02 sys=0.01, real=0.01 secs] 
2014-07-16T08:19:09.129+0000: 3024.349: [GC [PSYoungGen: 238650K->994K(232320K)] 709684K->472258K(919296K), 0.0090450 secs] [Times: user=0.05 sys=0.00, real=0.01 secs] 
2014-07-16T08:19:09.979+0000: 3025.199: [GC [PSYoungGen: 232290K->1114K(278720K)] 703554K->472482K(965696K), 0.0168400 secs] [Times: user=0.12 sys=0.00, real=0.02 secs] 
2014-07-16T08:19:11.079+0000: 3026.299: [GC [PSYoungGen: 278682K->1144K(334272K)] 750050K->472568K(1021248K), 0.0079600 secs] [Times: user=0.05 sys=0.00, real=0.01 secs] 
2014-07-16T08:19:12.321+0000: 3027.541: [GC [PSYoungGen: 334264K->1422K(325248K)] 805688K->472910K(1012224K), 0.0081390 secs] [Times: user=0.05 sys=0.00, real=0.00 secs] 
2014-07-16T08:19:13.503+0000: 3028.723: [GC [PSYoungGen: 325198K->904K(315776K)] 796686K->472480K(1002752K), 0.0132540 secs] [Times: user=0.08 sys=0.00, real=0.01 secs] 
2014-07-16T08:19:14.656+0000: 3029.875: [GC [PSYoungGen: 315720K->594K(306816K)] 787296K->472234K(993792K), 0.0065950 secs] [Times: user=0.04 sys=0.00, real=0.01 secs] 
2014-07-16T08:19:15.803+0000: 3031.023: [GC [PSYoungGen: 306770K->1522K(299456K)] 778410K->473274K(986432K), 0.0056190 secs] [Times: user=0.04 sys=0.01, real=0.00 secs] 
2014-07-16T08:19:16.957+0000: 3032.177: [GC [PSYoungGen: 299442K->1368K(291392K)] 771194K->473160K(978368K), 0.0068330 secs] [Times: user=0.02 sys=0.00, real=0.01 secs] 
2014-07-16T08:19:18.021+0000: 3033.241: [GC [PSYoungGen: 291352K->662K(283072K)] 763144K->472502K(970048K), 0.0041050 secs] [Times: user=0.03 sys=0.00, real=0.01 secs] 
2014-07-16T08:19:19.086+0000: 3034.306: [GC [PSYoungGen: 283012K->1358K(276416K)] 754852K->473262K(963392K), 0.0072820 secs] [Times: user=0.05 sys=0.00, real=0.01 secs] 
2014-07-16T08:19:20.104+0000: 3035.324: [GC [PSYoungGen: 276334K->1594K(269568K)] 748238K->473554K(956544K), 0.0063690 secs] [Times: user=0.04 sys=0.00, real=0.00 secs] 
2014-07-16T08:19:21.188+0000: 3036.408: [GC [PSYoungGen: 269540K->2080K(263296K)] 741500K->474242K(950272K), 0.0088010 secs] [Times: user=0.05 sys=0.01, real=0.01 secs] 
2014-07-16T08:19:22.104+0000: 3037.324: [GC [PSYoungGen: 263264K->552K(255232K)] 735426K->472954K(942208K), 0.0153230 secs] [Times: user=0.09 sys=0.00, real=0.01 secs] 
2014-07-16T08:19:23.036+0000: 3038.256: [GC [PSYoungGen: 255178K->1496K(249920K)] 727580K->473954K(936896K), 0.0075300 secs] [Times: user=0.05 sys=0.00, real=0.01 secs] 
2014-07-16T08:19:23.971+0000: 3039.191: [GC [PSYoungGen: 249878K->1150K(299264K)] 722336K->473796K(986240K), 0.0151440 secs] [Times: user=0.11 sys=0.00, real=0.02 secs] 
2014-07-16T08:19:25.065+0000: 3040.285: [GC [PSYoungGen: 299185K->1360K(359168K)] 771831K->474062K(1046144K), 0.0101430 secs] [Times: user=0.05 sys=0.01, real=0.01 secs] 
2014-07-16T08:19:26.449+0000: 3041.669: [GC [PSYoungGen: 359119K->1218K(348672K)] 831821K->473992K(1035648K), 0.0095810 secs] [Times: user=0.06 sys=0.00, real=0.01 secs] 
2014-07-16T08:19:27.684+0000: 3042.904: [GC [PSYoungGen: 348610K->932K(338432K)] 821384K->473778K(1025408K), 0.0068300 secs] [Times: user=0.03 sys=0.00, real=0.01 secs] 
2014-07-16T08:19:28.945+0000: 3044.165: [GC [PSYoungGen: 338404K->1568K(329536K)] 811250K->474470K(1016512K), 0.0080650 secs] [Times: user=0.05 sys=0.00, real=0.00 secs] 
2014-07-16T08:19:30.142+0000: 3045.362: [GC [PSYoungGen: 329469K->1144K(319936K)] 802371K->474102K(1006912K), 0.0053380 secs] [Times: user=0.02 sys=0.00, real=0.01 secs] 
2014-07-16T08:19:31.379+0000: 3046.599: [GC [PSYoungGen: 319898K->1250K(311296K)] 792856K->474296K(998272K), 0.0081330 secs] [Times: user=0.04 sys=0.01, real=0.01 secs] 
2014-07-16T08:19:32.492+0000: 3047.712: [GC [PSYoungGen: 311253K->908K(302528K)] 784299K->474018K(989504K), 0.0060290 secs] [Times: user=0.03 sys=0.01, real=0.01 secs] 
2014-07-16T08:19:33.607+0000: 3048.827: [GC [PSYoungGen: 302476K->1344K(294848K)] 775586K->474494K(981824K), 0.0055780 secs] [Times: user=0.02 sys=0.01, real=0.00 secs] 
2014-07-16T08:19:34.695+0000: 3049.915: [GC [PSYoungGen: 294784K->1030K(286720K)] 767934K->474220K(973696K), 0.0047910 secs] [Times: user=0.02 sys=0.00, real=0.00 secs] 
2014-07-16T08:19:35.739+0000: 3050.959: [GC [PSYoungGen: 286620K->1344K(279552K)] 759810K->474590K(966528K), 0.0052830 secs] [Times: user=0.02 sys=0.00, real=0.00 secs] 
2014-07-16T08:19:36.759+0000: 3051.979: [GC [PSYoungGen: 279488K->976K(272000K)] 752734K->474294K(958976K), 0.0061040 secs] [Times: user=0.04 sys=0.00, real=0.01 secs] 
2014-07-16T08:19:37.765+0000: 3052.985: [GC [PSYoungGen: 271949K->1314K(265408K)] 745267K->474696K(952384K), 0.0095160 secs] [Times: user=0.06 sys=0.00, real=0.00 secs] 
2014-07-16T08:19:38.716+0000: 3053.936: [GC [PSYoungGen: 265378K->1308K(258752K)] 738760K->474786K(945728K), 0.0039440 secs] [Times: user=0.03 sys=0.01, real=0.00 secs] 
2014-07-16T08:19:39.681+0000: 3054.901: [GC [PSYoungGen: 258715K->1086K(252096K)] 732193K->474700K(939072K), 0.0042860 secs] [Times: user=0.03 sys=0.00, real=0.00 secs] 
2014-07-16T08:19:40.639+0000: 3055.859: [GC [PSYoungGen: 252056K->1272K(246144K)] 725670K->474974K(933120K), 0.0112520 secs] [Times: user=0.06 sys=0.00, real=0.01 secs] 
2014-07-16T08:19:41.600+0000: 3056.820: [GC [PSYoungGen: 246129K->872K(239808K)] 719831K->474730K(926784K), 0.0054740 secs] [Times: user=0.02 sys=0.00, real=0.00 secs] 
2014-07-16T08:19:42.406+0000: 3057.626: [GC [PSYoungGen: 239784K->1476K(234752K)] 713642K->475390K(921728K), 0.0094970 secs] [Times: user=0.05 sys=0.00, real=0.00 secs] 
2014-07-16T08:19:43.277+0000: 3058.497: [GC [PSYoungGen: 234692K->786K(228544K)] 708606K->474756K(915520K), 0.0039750 secs] [Times: user=0.03 sys=0.00, real=0.00 secs] 
2014-07-16T08:19:44.114+0000: 3059.334: [GC [PSYoungGen: 228498K->1308K(223744K)] 702468K->475342K(910720K), 0.0089470 secs] [Times: user=0.06 sys=0.00, real=0.01 secs] 
2014-07-16T08:19:44.923+0000: 3060.142: [GC [PSYoungGen: 223707K->1358K(218688K)] 697741K->475472K(905664K), 0.0070060 secs] [Times: user=0.06 sys=0.00, real=0.01 secs] 
2014-07-16T08:19:45.715+0000: 3060.935: [GC [PSYoungGen: 218638K->1080K(213440K)] 692752K->475226K(900416K), 0.0074250 secs] [Times: user=0.02 sys=0.00, real=0.01 secs] 
2014-07-16T08:19:46.550+0000: 3061.770: [GC [PSYoungGen: 213429K->1140K(256000K)] 687575K->475464K(942976K), 0.0132090 secs] [Times: user=0.08 sys=0.00, real=0.01 secs] 
2014-07-16T08:19:47.444+0000: 3062.664: [GC [PSYoungGen: 255988K->726K(249344K)] 730312K->475090K(936320K), 0.0044060 secs] [Times: user=0.02 sys=0.00, real=0.01 secs] 
2014-07-16T08:19:48.374+0000: 3063.594: [GC [PSYoungGen: 249302K->968K(243520K)] 723666K->475462K(930496K), 0.0046120 secs] [Times: user=0.02 sys=0.01, real=0.01 secs] 
2014-07-16T08:19:49.270+0000: 3064.490: [GC [PSYoungGen: 243464K->672K(237376K)] 717958K->475238K(924352K), 0.0115900 secs] [Times: user=0.07 sys=0.00, real=0.01 secs] 
2014-07-16T08:19:50.156+0000: 3065.376: [GC [PSYoungGen: 237344K->726K(231808K)] 711910K->475340K(918784K), 0.0044840 secs] [Times: user=0.02 sys=0.00, real=0.01 secs] 
2014-07-16T08:19:51.032+0000: 3066.252: [GC [PSYoungGen: 231766K->1354K(227008K)] 706380K->476000K(913984K), 0.0062010 secs] [Times: user=0.03 sys=0.00, real=0.01 secs] 
2014-07-16T08:19:51.948+0000: 3067.168: [GC [PSYoungGen: 226954K->1462K(221824K)] 701600K->476330K(908800K), 0.0130850 secs] [Times: user=0.09 sys=0.00, real=0.01 secs] 
2014-07-16T08:19:52.730+0000: 3067.950: [GC [PSYoungGen: 221814K->1108K(265600K)] 696682K->476064K(952576K), 0.0128020 secs] [Times: user=0.07 sys=0.00, real=0.01 secs] 
2014-07-16T08:19:53.724+0000: 3068.944: [GC [PSYoungGen: 265533K->1392K(318784K)] 740489K->476484K(1005760K), 0.0092510 secs] [Times: user=0.06 sys=0.00, real=0.01 secs] 
2014-07-16T08:19:54.882+0000: 3070.102: [GC [PSYoungGen: 318762K->1122K(309824K)] 793854K->476270K(996800K), 0.0075480 secs] [Times: user=0.04 sys=0.00, real=0.01 secs] 
2014-07-16T08:19:56.026+0000: 3071.246: [GC [PSYoungGen: 309790K->800K(301120K)] 784938K->476028K(988096K), 0.0078240 secs] [Times: user=0.02 sys=0.00, real=0.01 secs] 
2014-07-16T08:19:57.142+0000: 3072.362: [GC [PSYoungGen: 301088K->1026K(293312K)] 776316K->476310K(980288K), 0.0045810 secs] [Times: user=0.02 sys=0.00, real=0.00 secs] 
2014-07-16T08:19:58.222+0000: 3073.442: [GC [PSYoungGen: 293250K->972K(285504K)] 768534K->476328K(972480K), 0.0084290 secs] [Times: user=0.05 sys=0.00, real=0.01 secs] 
2014-07-16T08:19:59.288+0000: 3074.508: [GC [PSYoungGen: 285452K->880K(277952K)] 760808K->476276K(964928K), 0.0048070 secs] [Times: user=0.02 sys=0.00, real=0.01 secs] 
2014-07-16T08:20:00.334+0000: 3075.554: [GC [PSYoungGen: 277936K->780K(270720K)] 753332K->476224K(957696K), 0.0107050 secs] [Times: user=0.06 sys=0.00, real=0.01 secs] 
2014-07-16T08:20:01.299+0000: 3076.519: [GC [PSYoungGen: 270668K->644K(263744K)] 746112K->476160K(950720K), 0.0113300 secs] [Times: user=0.07 sys=0.00, real=0.02 secs] 
2014-07-16T08:20:02.313+0000: 3077.533: [GC [PSYoungGen: 263684K->666K(257152K)] 739200K->476206K(944128K), 0.0057860 secs] [Times: user=0.02 sys=0.00, real=0.01 secs] 
2014-07-16T08:20:03.266+0000: 3078.486: [GC [PSYoungGen: 257114K->676K(250816K)] 732654K->476272K(937792K), 0.0056840 secs] [Times: user=0.02 sys=0.00, real=0.01 secs] 
2014-07-16T08:20:04.178+0000: 3079.398: [GC [PSYoungGen: 250755K->916K(244928K)] 726351K->476576K(931904K), 0.0087690 secs] [Times: user=0.05 sys=0.00, real=0.01 secs] 
2014-07-16T08:20:05.076+0000: 3080.296: [GC [PSYoungGen: 244884K->1632K(239744K)] 720544K->477522K(926720K), 0.0093000 secs] [Times: user=0.06 sys=0.00, real=0.01 secs] 
2014-07-16T08:20:05.953+0000: 3081.173: [GC [PSYoungGen: 239712K->740K(233152K)] 715602K->476694K(920128K), 0.0038690 secs] [Times: user=0.02 sys=0.00, real=0.00 secs] 
2014-07-16T08:20:06.921+0000: 3082.141: [GC [PSYoungGen: 233124K->1246K(228160K)] 709078K->477256K(915136K), 0.0043580 secs] [Times: user=0.02 sys=0.00, real=0.00 secs] 
2014-07-16T08:20:07.747+0000: 3082.966: [GC [PSYoungGen: 228125K->918K(222592K)] 704135K->476984K(909568K), 0.0081210 secs] [Times: user=0.05 sys=0.00, real=0.01 secs] 
2014-07-16T08:20:08.576+0000: 3083.796: [GC [PSYoungGen: 222550K->1132K(267136K)] 698616K->477254K(954112K), 0.0203520 secs] [Times: user=0.11 sys=0.00, real=0.02 secs] 
2014-07-16T08:20:09.588+0000: 3084.808: [GC [PSYoungGen: 267116K->1632K(320896K)] 743238K->477834K(1007872K), 0.0139400 secs] [Times: user=0.09 sys=0.00, real=0.02 secs] 
2014-07-16T08:20:10.706+0000: 3085.926: [GC [PSYoungGen: 320864K->1340K(328640K)] 797066K->477606K(1015616K), 0.0119550 secs] [Times: user=0.07 sys=0.00, real=0.01 secs] 
2014-07-16T08:20:12.057+0000: 3087.277: [GC [PSYoungGen: 327975K->1466K(385024K)] 804241K->477796K(1072000K), 0.0092850 secs] [Times: user=0.05 sys=0.00, real=0.01 secs] 
2014-07-16T08:20:13.445+0000: 3088.665: [GC [PSYoungGen: 384506K->690K(372352K)] 860836K->477060K(1059328K), 0.0093760 secs] [Times: user=0.05 sys=0.00, real=0.01 secs] 
2014-07-16T08:20:14.813+0000: 3090.033: [GC [PSYoungGen: 372323K->880K(361600K)] 848693K->477314K(1048576K), 0.0083870 secs] [Times: user=0.06 sys=0.00, real=0.01 secs] 
2014-07-16T08:20:16.142+0000: 3091.362: [GC [PSYoungGen: 361584K->1400K(351616K)] 838018K->477906K(1038592K), 0.0080280 secs] [Times: user=0.05 sys=0.00, real=0.00 secs] 
2014-07-16T08:20:17.482+0000: 3092.702: [GC [PSYoungGen: 351608K->854K(341056K)] 828114K->477424K(1028032K), 0.0063000 secs] [Times: user=0.04 sys=0.00, real=0.00 secs] 
2014-07-16T08:20:18.730+0000: 3093.950: [GC [PSYoungGen: 341014K->786K(331328K)] 817584K->477452K(1018304K), 0.0056800 secs] [Times: user=0.03 sys=0.00, real=0.01 secs] 
2014-07-16T08:20:19.954+0000: 3095.174: [GC [PSYoungGen: 331281K->1150K(322368K)] 807947K->477904K(1009344K), 0.0123780 secs] [Times: user=0.08 sys=0.00, real=0.01 secs] 
2014-07-16T08:20:21.128+0000: 3096.348: [GC [PSYoungGen: 322366K->726K(313088K)] 799120K->477568K(1000064K), 0.0097050 secs] [Times: user=0.06 sys=0.01, real=0.01 secs] 
2014-07-16T08:20:22.360+0000: 3097.580: [GC [PSYoungGen: 313046K->1054K(304896K)] 789888K->477984K(991872K), 0.0096660 secs] [Times: user=0.06 sys=0.00, real=0.01 secs] 
2014-07-16T08:20:23.476+0000: 3098.695: [GC [PSYoungGen: 304862K->626K(296256K)] 781792K->477612K(983232K), 0.0095280 secs] [Times: user=0.07 sys=0.00, real=0.01 secs] 
2014-07-16T08:20:24.566+0000: 3099.786: [GC [PSYoungGen: 296201K->726K(288512K)] 773187K->477800K(975488K), 0.0074290 secs] [Times: user=0.04 sys=0.00, real=0.01 secs] 
2014-07-16T08:20:25.612+0000: 3100.832: [GC [PSYoungGen: 288470K->758K(280960K)] 765544K->477920K(967936K), 0.0069460 secs] [Times: user=0.03 sys=0.00, real=0.01 secs] 
2014-07-16T08:20:26.661+0000: 3101.881: [GC [PSYoungGen: 280927K->1154K(274112K)] 758089K->478372K(961088K), 0.0070010 secs] [Times: user=0.05 sys=0.00, real=0.01 secs] 
2014-07-16T08:20:27.676+0000: 3102.896: [GC [PSYoungGen: 274050K->1276K(267200K)] 751268K->478542K(954176K), 0.0097340 secs] [Times: user=0.06 sys=0.00, real=0.01 secs] 
2014-07-16T08:20:28.676+0000: 3103.896: [GC [PSYoungGen: 267196K->994K(260224K)] 744462K->478396K(947200K), 0.0074920 secs] [Times: user=0.04 sys=0.01, real=0.01 secs] 
2014-07-16T08:20:29.622+0000: 3104.841: [GC [PSYoungGen: 260147K->822K(253568K)] 737549K->478312K(940544K), 0.0101050 secs] [Times: user=0.06 sys=0.01, real=0.01 secs] 
2014-07-16T08:20:30.551+0000: 3105.771: [GC [PSYoungGen: 253542K->940K(247488K)] 731032K->478494K(934464K), 0.0095120 secs] [Times: user=0.07 sys=0.00, real=0.01 secs] 
2014-07-16T08:20:31.504+0000: 3106.724: [GC [PSYoungGen: 247468K->1340K(241856K)] 725022K->478950K(928832K), 0.0130490 secs] [Times: user=0.08 sys=0.00, real=0.01 secs] 
2014-07-16T08:20:32.424+0000: 3107.644: [GC [PSYoungGen: 241829K->794K(235584K)] 719439K->478468K(922560K), 0.0036060 secs] [Times: user=0.02 sys=0.01, real=0.00 secs] 
2014-07-16T08:20:33.229+0000: 3108.449: [GC [PSYoungGen: 235546K->1026K(230272K)] 713220K->478764K(917248K), 0.0052160 secs] [Times: user=0.03 sys=0.00, real=0.01 secs] 
2014-07-16T08:20:34.068+0000: 3109.288: [GC [PSYoungGen: 230202K->994K(224832K)] 707941K->478772K(911808K), 0.0128660 secs] [Times: user=0.08 sys=0.00, real=0.01 secs] 
2014-07-16T08:20:34.885+0000: 3110.105: [GC [PSYoungGen: 224772K->1154K(219840K)] 702550K->479020K(906816K), 0.0044610 secs] [Times: user=0.02 sys=0.00, real=0.00 secs] 
2014-07-16T08:20:35.683+0000: 3110.903: [GC [PSYoungGen: 219778K->922K(214592K)] 697644K->478884K(901568K), 0.0076810 secs] [Times: user=0.05 sys=0.00, real=0.01 secs] 
2014-07-16T08:20:36.467+0000: 3111.687: [GC [PSYoungGen: 214554K->1036K(209920K)] 692516K->479094K(896896K), 0.0070070 secs] [Times: user=0.04 sys=0.00, real=0.01 secs] 
2014-07-16T08:20:37.326+0000: 3112.546: [GC [PSYoungGen: 209868K->1064K(205248K)] 687926K->479298K(892224K), 0.0080720 secs] [Times: user=0.05 sys=0.00, real=0.01 secs] 
2014-07-16T08:20:37.999+0000: 3113.219: [GC [PSYoungGen: 205224K->758K(200448K)] 683458K->479056K(887424K), 0.0078980 secs] [Times: user=0.05 sys=0.00, real=0.01 secs] 
2014-07-16T08:20:38.731+0000: 3113.951: [GC [PSYoungGen: 200438K->1004K(196352K)] 678736K->479414K(883328K), 0.0051110 secs] [Times: user=0.02 sys=0.00, real=0.01 secs] 
2014-07-16T08:20:39.454+0000: 3114.674: [GC [PSYoungGen: 196307K->958K(192128K)] 674717K->479464K(879104K), 0.0065310 secs] [Times: user=0.04 sys=0.00, real=0.01 secs] 
2014-07-16T08:20:40.152+0000: 3115.372: [GC [PSYoungGen: 192126K->744K(230208K)] 670632K->479314K(917184K), 0.0110710 secs] [Times: user=0.08 sys=0.00, real=0.01 secs] 
2014-07-16T08:20:40.988+0000: 3116.208: [GC [PSYoungGen: 230102K->1118K(225216K)] 708672K->479792K(912192K), 0.0071740 secs] [Times: user=0.04 sys=0.00, real=0.01 secs] 
2014-07-16T08:20:41.851+0000: 3117.071: [GC [PSYoungGen: 225181K->822K(219712K)] 703856K->479592K(906688K), 0.0065120 secs] [Times: user=0.04 sys=0.00, real=0.01 secs] 
2014-07-16T08:20:42.658+0000: 3117.878: [GC [PSYoungGen: 219702K->1458K(215360K)] 698472K->480276K(902336K), 0.0039800 secs] [Times: user=0.02 sys=0.00, real=0.00 secs] 
2014-07-16T08:20:43.424+0000: 3118.644: [GC [PSYoungGen: 215346K->698K(209792K)] 694164K->479636K(896768K), 0.0061510 secs] [Times: user=0.02 sys=0.00, real=0.01 secs] 
2014-07-16T08:20:44.187+0000: 3119.407: [GC [PSYoungGen: 209786K->972K(251968K)] 688724K->479966K(938944K), 0.0126250 secs] [Times: user=0.08 sys=0.00, real=0.01 secs] 
2014-07-16T08:20:45.103+0000: 3120.323: [GC [PSYoungGen: 251916K->1176K(302400K)] 730910K->480258K(989376K), 0.0126660 secs] [Times: user=0.07 sys=0.00, real=0.01 secs] 
2014-07-16T08:20:46.214+0000: 3121.434: [GC [PSYoungGen: 302360K->826K(362560K)] 781442K->479956K(1049536K), 0.0155580 secs] [Times: user=0.10 sys=0.00, real=0.02 secs] 
2014-07-16T08:20:47.568+0000: 3122.788: [GC [PSYoungGen: 361846K->840K(351424K)] 840976K->480042K(1038400K), 0.0048690 secs] [Times: user=0.03 sys=0.00, real=0.00 secs] 
2014-07-16T08:20:48.857+0000: 3124.077: [GC [PSYoungGen: 351368K->598K(341120K)] 830570K->479864K(1028096K), 0.0110290 secs] [Times: user=0.07 sys=0.00, real=0.01 secs] 
2014-07-16T08:20:50.118+0000: 3125.337: [GC [PSYoungGen: 341078K->1176K(332032K)] 820344K->480498K(1019008K), 0.0082890 secs] [Times: user=0.05 sys=0.00, real=0.00 secs] 
2014-07-16T08:20:51.324+0000: 3126.543: [GC [PSYoungGen: 331961K->1118K(322688K)] 811284K->480536K(1009664K), 0.0074280 secs] [Times: user=0.05 sys=0.00, real=0.01 secs] 
2014-07-16T08:20:52.724+0000: 3127.944: [GC [PSYoungGen: 322654K->766K(313408K)] 802072K->481088K(1000384K), 0.0110110 secs] [Times: user=0.07 sys=0.01, real=0.01 secs] 
2014-07-16T08:20:53.865+0000: 3129.085: [GC [PSYoungGen: 313391K->1722K(305856K)] 793714K->482470K(992832K), 0.0087250 secs] [Times: user=0.05 sys=0.00, real=0.01 secs] 
2014-07-16T08:20:54.989+0000: 3130.209: [GC [PSYoungGen: 305850K->498K(296448K)] 786598K->481580K(983424K), 0.0044570 secs] [Times: user=0.02 sys=0.00, real=0.00 secs] 
2014-07-16T08:20:56.080+0000: 3131.300: [GC [PSYoungGen: 296434K->690K(288768K)] 777516K->481844K(975744K), 0.0046630 secs] [Times: user=0.02 sys=0.00, real=0.00 secs] 
2014-07-16T08:20:57.148+0000: 3132.368: [GC [PSYoungGen: 288754K->1242K(281792K)] 769908K->482492K(968768K), 0.0106080 secs] [Times: user=0.06 sys=0.00, real=0.01 secs] 
2014-07-16T08:20:58.214+0000: 3133.434: [GC [PSYoungGen: 281664K->1044K(274304K)] 762915K->482366K(961280K), 0.0089500 secs] [Times: user=0.05 sys=0.00, real=0.01 secs] 
2014-07-16T08:20:59.236+0000: 3134.456: [GC [PSYoungGen: 274260K->1432K(267712K)] 755582K->482826K(954688K), 0.0092650 secs] [Times: user=0.06 sys=0.01, real=0.01 secs] 
2014-07-16T08:21:00.206+0000: 3135.426: [GC [PSYoungGen: 267635K->858K(260416K)] 749030K->482316K(947392K), 0.0043800 secs] [Times: user=0.02 sys=0.01, real=0.01 secs] 
2014-07-16T08:21:01.165+0000: 3136.385: [GC [PSYoungGen: 260378K->694K(253760K)] 741836K->482224K(940736K), 0.0107970 secs] [Times: user=0.07 sys=0.00, real=0.01 secs] 
2014-07-16T08:21:02.084+0000: 3137.304: [GC [PSYoungGen: 253706K->694K(247552K)] 735236K->482272K(934528K), 0.0088000 secs] [Times: user=0.05 sys=0.00, real=0.01 secs] 
2014-07-16T08:21:03.050+0000: 3138.270: [GC [PSYoungGen: 247542K->1490K(242368K)] 729120K->483116K(929344K), 0.0141540 secs] [Times: user=0.09 sys=0.00, real=0.01 secs] 
2014-07-16T08:21:03.946+0000: 3139.166: [GC [PSYoungGen: 242322K->712K(289792K)] 723948K->482402K(976768K), 0.0107520 secs] [Times: user=0.07 sys=0.00, real=0.01 secs] 
2014-07-16T08:21:05.008+0000: 3140.228: [GC [PSYoungGen: 289713K->1040K(347968K)] 771403K->482778K(1034944K), 0.0132720 secs] [Times: user=0.09 sys=0.01, real=0.02 secs] 
2014-07-16T08:21:06.271+0000: 3141.491: [GC [PSYoungGen: 347914K->1244K(338240K)] 829653K->483038K(1025216K), 0.0071260 secs] [Times: user=0.04 sys=0.00, real=0.00 secs] 
2014-07-16T08:21:07.513+0000: 3142.733: [GC [PSYoungGen: 338204K->1532K(328960K)] 819998K->483406K(1015936K), 0.0072250 secs] [Times: user=0.05 sys=0.01, real=0.01 secs] 
2014-07-16T08:21:08.789+0000: 3144.009: [GC [PSYoungGen: 328934K->994K(319296K)] 810808K->482924K(1006272K), 0.0118570 secs] [Times: user=0.07 sys=0.00, real=0.02 secs] 
2014-07-16T08:21:09.973+0000: 3145.193: [GC [PSYoungGen: 319266K->1100K(310656K)] 801196K->483110K(997632K), 0.0068660 secs] [Times: user=0.04 sys=0.00, real=0.01 secs] 
2014-07-16T08:21:11.144+0000: 3146.364: [GC [PSYoungGen: 310604K->1292K(302464K)] 792614K->483374K(989440K), 0.0091750 secs] [Times: user=0.06 sys=0.00, real=0.01 secs] 
2014-07-16T08:21:12.245+0000: 3147.465: [GC [PSYoungGen: 302403K->1276K(294336K)] 784485K->483422K(981312K), 0.0101560 secs] [Times: user=0.07 sys=0.00, real=0.01 secs] 
2014-07-16T08:21:13.420+0000: 3148.640: [GC [PSYoungGen: 294332K->1638K(286976K)] 776478K->483856K(973952K), 0.0093260 secs] [Times: user=0.06 sys=0.00, real=0.01 secs] 
2014-07-16T08:21:14.413+0000: 3149.633: [GC [PSYoungGen: 286950K->658K(278528K)] 769168K->482924K(965504K), 0.0071830 secs] [Times: user=0.04 sys=0.00, real=0.01 secs] 
2014-07-16T08:21:15.435+0000: 3150.655: [GC [PSYoungGen: 278440K->872K(271552K)] 760707K->483234K(958528K), 0.0073890 secs] [Times: user=0.05 sys=0.00, real=0.01 secs] 
2014-07-16T08:21:16.438+0000: 3151.658: [GC [PSYoungGen: 271528K->1258K(265024K)] 753890K->483724K(952000K), 0.0067180 secs] [Times: user=0.05 sys=0.00, real=0.01 secs] 
2014-07-16T08:21:17.420+0000: 3152.640: [GC [PSYoungGen: 265002K->758K(257856K)] 747468K->483288K(944832K), 0.0081790 secs] [Times: user=0.05 sys=0.00, real=0.00 secs] 
2014-07-16T08:21:18.505+0000: 3153.725: [GC [PSYoungGen: 257846K->726K(251456K)] 740376K->483344K(938432K), 0.0088480 secs] [Times: user=0.07 sys=0.00, real=0.01 secs] 
2014-07-16T08:21:19.440+0000: 3154.660: [GC [PSYoungGen: 251414K->1036K(245632K)] 734032K->483742K(932608K), 0.0098940 secs] [Times: user=0.07 sys=0.00, real=0.01 secs] 
2014-07-16T08:21:20.323+0000: 3155.543: [GC [PSYoungGen: 245580K->928K(239552K)] 728286K->483682K(926528K), 0.0086060 secs] [Times: user=0.03 sys=0.00, real=0.01 secs] 
2014-07-16T08:21:21.196+0000: 3156.416: [GC [PSYoungGen: 239492K->794K(233728K)] 722246K->483628K(920704K), 0.0079720 secs] [Times: user=0.05 sys=0.00, real=0.01 secs] 
2014-07-16T08:21:22.057+0000: 3157.277: [GC [PSYoungGen: 233690K->612K(228032K)] 716524K->483502K(915008K), 0.0063070 secs] [Times: user=0.03 sys=0.00, real=0.01 secs] 
2014-07-16T08:21:22.883+0000: 3158.103: [GC [PSYoungGen: 228004K->1172K(223296K)] 710894K->484134K(910272K), 0.0096950 secs] [Times: user=0.06 sys=0.00, real=0.01 secs] 
2014-07-16T08:21:23.749+0000: 3158.969: [GC [PSYoungGen: 223252K->1068K(218048K)] 706214K->484070K(905024K), 0.0053650 secs] [Times: user=0.02 sys=0.00, real=0.01 secs] 
2014-07-16T08:21:24.560+0000: 3159.780: [GC [PSYoungGen: 218028K->694K(261056K)] 701030K->483760K(948032K), 0.0196150 secs] [Times: user=0.13 sys=0.00, real=0.02 secs] 
2014-07-16T08:21:25.525+0000: 3160.745: [GC [PSYoungGen: 261046K->1592K(314048K)] 744112K->484770K(1001024K), 0.0086320 secs] [Times: user=0.06 sys=0.00, real=0.01 secs] 
2014-07-16T08:21:26.638+0000: 3161.858: [GC [PSYoungGen: 314040K->932K(335616K)] 797218K->484166K(1022592K), 0.0157810 secs] [Times: user=0.09 sys=0.00, real=0.02 secs] 
2014-07-16T08:21:27.881+0000: 3163.101: [GC [PSYoungGen: 334692K->1554K(325952K)] 817926K->484836K(1012928K), 0.0042800 secs] [Times: user=0.02 sys=0.00, real=0.01 secs] 
2014-07-16T08:21:29.088+0000: 3164.308: [GC [PSYoungGen: 325906K->1432K(316800K)] 809188K->484802K(1003776K), 0.0043450 secs] [Times: user=0.03 sys=0.00, real=0.01 secs] 
2014-07-16T08:21:30.246+0000: 3165.465: [GC [PSYoungGen: 316760K->640K(307328K)] 800130K->484074K(994304K), 0.0058530 secs] [Times: user=0.04 sys=0.00, real=0.00 secs] 
2014-07-16T08:21:31.388+0000: 3166.608: [GC [PSYoungGen: 307326K->1320K(299712K)] 790761K->484850K(986688K), 0.0041550 secs] [Times: user=0.03 sys=0.00, real=0.00 secs] 
2014-07-16T08:21:32.458+0000: 3167.678: [GC [PSYoungGen: 299688K->1158K(291584K)] 783218K->484752K(978560K), 0.0078740 secs] [Times: user=0.04 sys=0.00, real=0.01 secs] 
2014-07-16T08:21:33.541+0000: 3168.761: [GC [PSYoungGen: 291526K->926K(283648K)] 775120K->484576K(970624K), 0.0089310 secs] [Times: user=0.05 sys=0.00, real=0.01 secs] 
2014-07-16T08:21:34.583+0000: 3169.803: [GC [PSYoungGen: 283612K->1372K(276736K)] 767263K->485102K(963712K), 0.0083270 secs] [Times: user=0.05 sys=0.00, real=0.01 secs] 
2014-07-16T08:21:35.592+0000: 3170.812: [GC [PSYoungGen: 276700K->544K(268800K)] 760430K->484338K(955776K), 0.0077200 secs] [Times: user=0.05 sys=0.00, real=0.01 secs] 
2014-07-16T08:21:36.574+0000: 3171.794: [GC [PSYoungGen: 268768K->530K(262016K)] 752562K->484388K(948992K), 0.0097770 secs] [Times: user=0.06 sys=0.00, real=0.01 secs] 
2014-07-16T08:21:37.528+0000: 3172.748: [GC [PSYoungGen: 261922K->994K(255936K)] 745780K->484916K(942912K), 0.0152530 secs] [Times: user=0.10 sys=0.01, real=0.02 secs] 
2014-07-16T08:21:38.511+0000: 3173.731: [GC [PSYoungGen: 255906K->926K(249536K)] 739828K->484912K(936512K), 0.0094810 secs] [Times: user=0.06 sys=0.01, real=0.01 secs] 
2014-07-16T08:21:39.388+0000: 3174.608: [GC [PSYoungGen: 249502K->1036K(299392K)] 733488K->485102K(986368K), 0.0125430 secs] [Times: user=0.08 sys=0.00, real=0.01 secs] 
2014-07-16T08:21:40.531+0000: 3175.751: [GC [PSYoungGen: 299340K->958K(291264K)] 783406K->485112K(978240K), 0.0059630 secs] [Times: user=0.04 sys=0.01, real=0.01 secs] 
2014-07-16T08:21:41.602+0000: 3176.822: [GC [PSYoungGen: 291227K->1172K(283840K)] 775381K->485398K(970816K), 0.0046950 secs] [Times: user=0.03 sys=0.00, real=0.01 secs] 
2014-07-16T08:21:42.695+0000: 3177.915: [GC [PSYoungGen: 283753K->958K(276224K)] 767979K->485248K(963200K), 0.0076160 secs] [Times: user=0.05 sys=0.00, real=0.00 secs] 
2014-07-16T08:21:43.726+0000: 3178.946: [GC [PSYoungGen: 276202K->1068K(269248K)] 760492K->485430K(956224K), 0.0072350 secs] [Times: user=0.04 sys=0.00, real=0.00 secs] 
2014-07-16T08:21:44.705+0000: 3179.925: [GC [PSYoungGen: 269228K->740K(262144K)] 753590K->485206K(949120K), 0.0055320 secs] [Times: user=0.04 sys=0.00, real=0.00 secs] 
2014-07-16T08:21:45.675+0000: 3180.895: [GC [PSYoungGen: 262095K->958K(255808K)] 746561K->485488K(942784K), 0.0064430 secs] [Times: user=0.05 sys=0.00, real=0.00 secs] 
2014-07-16T08:21:46.610+0000: 3181.830: [GC [PSYoungGen: 255805K->740K(249344K)] 740335K->485334K(936320K), 0.0119050 secs] [Times: user=0.08 sys=0.00, real=0.01 secs] 
2014-07-16T08:21:47.498+0000: 3182.718: [GC [PSYoungGen: 249288K->1044K(243584K)] 733882K->485726K(930560K), 0.0038350 secs] [Times: user=0.02 sys=0.00, real=0.00 secs] 
2014-07-16T08:21:48.488+0000: 3183.708: [GC [PSYoungGen: 243540K->1088K(237760K)] 728222K->485850K(924736K), 0.0047550 secs] [Times: user=0.03 sys=0.00, real=0.00 secs] 
2014-07-16T08:21:49.257+0000: 3184.477: [GC [PSYoungGen: 237760K->812K(231872K)] 722522K->485638K(918848K), 0.0076220 secs] [Times: user=0.05 sys=0.00, real=0.00 secs] 
2014-07-16T08:21:50.121+0000: 3185.341: [GC [PSYoungGen: 231814K->780K(226432K)] 716640K->485662K(913408K), 0.0087870 secs] [Times: user=0.06 sys=0.00, real=0.01 secs] 
2014-07-16T08:21:50.937+0000: 3186.157: [GC [PSYoungGen: 226345K->1140K(271872K)] 711228K->486094K(958848K), 0.0140870 secs] [Times: user=0.10 sys=0.00, real=0.01 secs] 
2014-07-16T08:21:51.928+0000: 3187.148: [GC [PSYoungGen: 271838K->858K(264704K)] 756793K->485852K(951680K), 0.0049790 secs] [Times: user=0.02 sys=0.00, real=0.00 secs] 
2014-07-16T08:21:52.905+0000: 3188.125: [GC [PSYoungGen: 264652K->1364K(258560K)] 749646K->486462K(945536K), 0.0095110 secs] [Times: user=0.06 sys=0.00, real=0.01 secs] 
2014-07-16T08:21:53.891+0000: 3189.111: [GC [PSYoungGen: 258516K->688K(251456K)] 743614K->486176K(938432K), 0.0044820 secs] [Times: user=0.02 sys=0.00, real=0.00 secs] 
2014-07-16T08:21:54.818+0000: 3190.038: [GC [PSYoungGen: 251440K->1140K(245760K)] 736928K->486700K(932736K), 0.0077670 secs] [Times: user=0.05 sys=0.00, real=0.00 secs] 
2014-07-16T08:21:55.726+0000: 3190.946: [GC [PSYoungGen: 245748K->644K(239360K)] 731308K->486526K(926336K), 0.0058980 secs] [Times: user=0.03 sys=0.00, real=0.01 secs] 
2014-07-16T08:21:56.601+0000: 3191.821: [GC [PSYoungGen: 239280K->1222K(234240K)] 725162K->487192K(921216K), 0.0090530 secs] [Times: user=0.05 sys=0.01, real=0.01 secs] 
2014-07-16T08:21:57.442+0000: 3192.662: [GC [PSYoungGen: 234182K->780K(228288K)] 720152K->486806K(915264K), 0.0046990 secs] [Times: user=0.03 sys=0.01, real=0.01 secs] 
2014-07-16T08:21:58.282+0000: 3193.502: [GC [PSYoungGen: 228236K->1240K(223424K)] 714262K->487338K(910400K), 0.0049170 secs] [Times: user=0.03 sys=0.00, real=0.01 secs] 
2014-07-16T08:21:59.105+0000: 3194.325: [GC [PSYoungGen: 223384K->998K(218048K)] 709482K->487144K(905024K), 0.0048630 secs] [Times: user=0.02 sys=0.00, real=0.01 secs] 
2014-07-16T08:21:59.917+0000: 3195.137: [GC [PSYoungGen: 218021K->1142K(213248K)] 704168K->487360K(900224K), 0.0079610 secs] [Times: user=0.05 sys=0.00, real=0.00 secs] 
2014-07-16T08:22:00.697+0000: 3195.917: [GC [PSYoungGen: 213221K->958K(208320K)] 699440K->487346K(895296K), 0.0062090 secs] [Times: user=0.03 sys=0.01, real=0.01 secs] 
2014-07-16T08:22:01.443+0000: 3196.663: [GC [PSYoungGen: 208318K->1532K(204288K)] 694706K->488000K(891264K), 0.0070950 secs] [Times: user=0.05 sys=0.00, real=0.01 secs] 
2014-07-16T08:22:02.207+0000: 3197.427: [GC [PSYoungGen: 204284K->616K(243968K)] 690752K->487311K(930944K), 0.0145110 secs] [Times: user=0.09 sys=0.00, real=0.01 secs] 
2014-07-16T08:22:03.081+0000: 3198.301: [GC [PSYoungGen: 243934K->1094K(293184K)] 730629K->487837K(980160K), 0.0080980 secs] [Times: user=0.05 sys=0.00, real=0.01 secs] 
2014-07-16T08:22:04.178+0000: 3199.398: [GC [PSYoungGen: 293090K->1394K(351872K)] 779834K->488309K(1038848K), 0.0193510 secs] [Times: user=0.12 sys=0.01, real=0.01 secs] 
2014-07-16T08:22:05.575+0000: 3200.795: [GC [PSYoungGen: 351858K->908K(353088K)] 838773K->487911K(1040064K), 0.0145010 secs] [Times: user=0.10 sys=0.00, real=0.02 secs] 
2014-07-16T08:22:06.898+0000: 3202.118: [GC [PSYoungGen: 352268K->836K(342144K)] 839271K->487935K(1029120K), 0.0038050 secs] [Times: user=0.02 sys=0.00, real=0.01 secs] 
2014-07-16T08:22:08.149+0000: 3203.369: [GC [PSYoungGen: 342084K->908K(332544K)] 829183K->488103K(1019520K), 0.0048350 secs] [Times: user=0.03 sys=0.00, real=0.00 secs] 
2014-07-16T08:22:09.396+0000: 3204.616: [GC [PSYoungGen: 332488K->730K(323072K)] 819683K->487973K(1010048K), 0.0065150 secs] [Times: user=0.03 sys=0.00, real=0.01 secs] 
2014-07-16T08:22:10.556+0000: 3205.776: [GC [PSYoungGen: 323034K->762K(314176K)] 810277K->488061K(1001152K), 0.0092020 secs] [Times: user=0.06 sys=0.00, real=0.01 secs] 
2014-07-16T08:22:11.714+0000: 3206.934: [GC [PSYoungGen: 314153K->1390K(306240K)] 801452K->488753K(993216K), 0.0122990 secs] [Times: user=0.07 sys=0.00, real=0.01 secs] 
2014-07-16T08:22:12.831+0000: 3208.051: [GC [PSYoungGen: 306198K->858K(297472K)] 793561K->488277K(984448K), 0.0064750 secs] [Times: user=0.04 sys=0.00, real=0.00 secs] 
2014-07-16T08:22:14.038+0000: 3209.258: [GC [PSYoungGen: 297433K->1182K(289920K)] 784852K->488673K(976896K), 0.0099990 secs] [Times: user=0.07 sys=0.00, real=0.01 secs] 
2014-07-16T08:22:15.096+0000: 3210.316: [GC [PSYoungGen: 289886K->932K(282048K)] 777377K->488463K(969024K), 0.0068610 secs] [Times: user=0.02 sys=0.00, real=0.01 secs] 
2014-07-16T08:22:16.189+0000: 3211.409: [GC [PSYoungGen: 281980K->1210K(275008K)] 769511K->488829K(961984K), 0.0109940 secs] [Times: user=0.06 sys=0.00, real=0.02 secs] 
2014-07-16T08:22:17.178+0000: 3212.398: [GC [PSYoungGen: 275002K->680K(267456K)] 762621K->488371K(954432K), 0.0069400 secs] [Times: user=0.03 sys=0.01, real=0.01 secs] 
2014-07-16T08:22:18.173+0000: 3213.393: [GC [PSYoungGen: 267432K->690K(260736K)] 755123K->488453K(947712K), 0.0051180 secs] [Times: user=0.03 sys=0.00, real=0.00 secs] 
2014-07-16T08:22:19.198+0000: 3214.418: [GC [PSYoungGen: 260720K->1004K(254528K)] 748483K->488839K(941504K), 0.0111380 secs] [Times: user=0.07 sys=0.00, real=0.01 secs] 
2014-07-16T08:22:20.117+0000: 3215.337: [GC [PSYoungGen: 254508K->1090K(248384K)] 742343K->488989K(935360K), 0.0070350 secs] [Times: user=0.03 sys=0.00, real=0.01 secs] 
2014-07-16T08:22:21.055+0000: 3216.275: [GC [PSYoungGen: 248322K->1582K(242816K)] 736221K->489981K(929792K), 0.0153170 secs] [Times: user=0.11 sys=0.00, real=0.02 secs] 
2014-07-16T08:22:21.940+0000: 3217.160: [GC [PSYoungGen: 242798K->506K(235904K)] 731197K->489491K(922880K), 0.0068980 secs] [Times: user=0.04 sys=0.00, real=0.01 secs] 
2014-07-16T08:22:22.806+0000: 3218.026: [GC [PSYoungGen: 235835K->1304K(231168K)] 724821K->490353K(918144K), 0.0053980 secs] [Times: user=0.03 sys=0.00, real=0.01 secs] 
2014-07-16T08:22:23.644+0000: 3218.864: [GC [PSYoungGen: 231128K->1080K(225536K)] 720177K->490633K(912512K), 0.0036120 secs] [Times: user=0.02 sys=0.00, real=0.00 secs] 
2014-07-16T08:22:24.547+0000: 3219.767: [GC [PSYoungGen: 225504K->626K(219904K)] 715057K->490235K(906880K), 0.0099950 secs] [Times: user=0.07 sys=0.00, real=0.01 secs] 
2014-07-16T08:22:25.361+0000: 3220.581: [GC [PSYoungGen: 219862K->612K(214912K)] 709472K->490285K(901888K), 0.0036550 secs] [Times: user=0.02 sys=0.00, real=0.01 secs] 
2014-07-16T08:22:26.193+0000: 3221.413: [GC [PSYoungGen: 214884K->1044K(210560K)] 704557K->490781K(897536K), 0.0088030 secs] [Times: user=0.06 sys=0.00, real=0.01 secs] 
2014-07-16T08:22:26.958+0000: 3222.178: [GC [PSYoungGen: 210516K->1472K(206336K)] 700253K->491305K(893312K), 0.0048090 secs] [Times: user=0.02 sys=0.00, real=0.01 secs] 
2014-07-16T08:22:27.721+0000: 3222.941: [GC [PSYoungGen: 206272K->830K(201152K)] 696105K->490719K(888128K), 0.0100710 secs] [Times: user=0.07 sys=0.00, real=0.02 secs] 
2014-07-16T08:22:28.461+0000: 3223.681: [GC [PSYoungGen: 201150K->580K(196608K)] 691039K->490509K(883584K), 0.0044300 secs] [Times: user=0.02 sys=0.00, real=0.01 secs] 
2014-07-16T08:22:29.283+0000: 3224.503: [GC [PSYoungGen: 196515K->1068K(192832K)] 686444K->491077K(879808K), 0.0076960 secs] [Times: user=0.06 sys=0.00, real=0.00 secs] 
2014-07-16T08:22:29.924+0000: 3225.143: [GC [PSYoungGen: 192812K->990K(188736K)] 682821K->491063K(875712K), 0.0042970 secs] [Times: user=0.02 sys=0.00, real=0.00 secs] 
2014-07-16T08:22:30.604+0000: 3225.824: [GC [PSYoungGen: 188702K->948K(184768K)] 678775K->491101K(871744K), 0.0072890 secs] [Times: user=0.05 sys=0.00, real=0.00 secs] 
2014-07-16T08:22:31.299+0000: 3226.519: [GC [PSYoungGen: 184756K->836K(221504K)] 674909K->491077K(908480K), 0.0153240 secs] [Times: user=0.09 sys=0.00, real=0.02 secs] 
2014-07-16T08:22:32.126+0000: 3227.346: [GC [PSYoungGen: 221444K->1582K(266368K)] 711685K->491911K(953344K), 0.0114000 secs] [Times: user=0.07 sys=0.00, real=0.01 secs] 
2014-07-16T08:22:33.088+0000: 3228.308: [GC [PSYoungGen: 266334K->762K(318528K)] 756664K->491477K(1005504K), 0.0106580 secs] [Times: user=0.06 sys=0.00, real=0.01 secs] 
2014-07-16T08:22:34.340+0000: 3229.560: [GC [PSYoungGen: 318487K->1764K(383104K)] 809203K->492674K(1070080K), 0.0061580 secs] [Times: user=0.02 sys=0.00, real=0.01 secs] 
2014-07-16T08:22:35.657+0000: 3230.877: [GC [PSYoungGen: 383076K->1086K(371072K)] 873986K->492375K(1058048K), 0.0092080 secs] [Times: user=0.06 sys=0.00, real=0.01 secs] 
2014-07-16T08:22:37.026+0000: 3232.246: [GC [PSYoungGen: 371070K->886K(360000K)] 862359K->492255K(1046976K), 0.0088420 secs] [Times: user=0.06 sys=0.00, real=0.01 secs] 
2014-07-16T08:22:38.344+0000: 3233.564: [GC [PSYoungGen: 359990K->1358K(350080K)] 851359K->492800K(1037056K), 0.0115800 secs] [Times: user=0.09 sys=0.00, real=0.01 secs] 
2014-07-16T08:22:39.662+0000: 3234.882: [GC [PSYoungGen: 350030K->1072K(339776K)] 841472K->492585K(1026752K), 0.0123730 secs] [Times: user=0.08 sys=0.01, real=0.02 secs] 
2014-07-16T08:22:40.848+0000: 3236.068: [GC [PSYoungGen: 339760K->1654K(330752K)] 831273K->493598K(1017728K), 0.0049640 secs] [Times: user=0.02 sys=0.00, real=0.01 secs] 
2014-07-16T08:22:42.075+0000: 3237.295: [GC [PSYoungGen: 330741K->1108K(321024K)] 822685K->493124K(1008000K), 0.0096830 secs] [Times: user=0.06 sys=0.00, real=0.01 secs] 
2014-07-16T08:22:43.275+0000: 3238.495: [GC [PSYoungGen: 320980K->1190K(312256K)] 812996K->493294K(999232K), 0.0098110 secs] [Times: user=0.06 sys=0.01, real=0.01 secs] 
2014-07-16T08:22:44.522+0000: 3239.742: [GC [PSYoungGen: 312230K->1586K(304192K)] 804334K->493762K(991168K), 0.0059550 secs] [Times: user=0.02 sys=0.00, real=0.01 secs] 
2014-07-16T08:22:45.581+0000: 3240.801: [GC [PSYoungGen: 304178K->562K(295040K)] 796354K->492801K(982016K), 0.0067040 secs] [Times: user=0.04 sys=0.00, real=0.01 secs] 
2014-07-16T08:22:46.690+0000: 3241.910: [GC [PSYoungGen: 295026K->1154K(287872K)] 787265K->493466K(974848K), 0.0080570 secs] [Times: user=0.04 sys=0.01, real=0.01 secs] 
2014-07-16T08:22:47.751+0000: 3242.971: [GC [PSYoungGen: 287810K->1258K(280448K)] 780122K->493626K(967424K), 0.0102210 secs] [Times: user=0.07 sys=0.00, real=0.01 secs] 
2014-07-16T08:22:48.751+0000: 3243.971: [GC [PSYoungGen: 280391K->712K(272704K)] 772759K->493144K(959680K), 0.0049090 secs] [Times: user=0.03 sys=0.00, real=0.01 secs] 
2014-07-16T08:22:49.770+0000: 3244.990: [GC [PSYoungGen: 272648K->1072K(266048K)] 765080K->493568K(953024K), 0.0047520 secs] [Times: user=0.02 sys=0.00, real=0.01 secs] 
2014-07-16T08:22:50.716+0000: 3245.936: [GC [PSYoungGen: 266032K->1190K(319168K)] 758528K->493774K(1006144K), 0.0212480 secs] [Times: user=0.14 sys=0.01, real=0.02 secs] 
2014-07-16T08:22:51.902+0000: 3247.122: [GC [PSYoungGen: 319142K->1322K(310528K)] 811726K->493978K(997504K), 0.0102170 secs] [Times: user=0.07 sys=0.00, real=0.01 secs] 
2014-07-16T08:22:53.028+0000: 3248.248: [GC [PSYoungGen: 310472K->1214K(372288K)] 803127K->493942K(1059264K), 0.0132860 secs] [Times: user=0.08 sys=0.00, real=0.01 secs] 
2014-07-16T08:22:54.412+0000: 3249.632: [GC [PSYoungGen: 372286K->1212K(361344K)] 865014K->494102K(1048320K), 0.0070110 secs] [Times: user=0.05 sys=0.00, real=0.01 secs] 
2014-07-16T08:22:55.718+0000: 3250.938: [GC [PSYoungGen: 361326K->1218K(350976K)] 854216K->494172K(1037952K), 0.0104270 secs] [Times: user=0.07 sys=0.00, real=0.01 secs] 
2014-07-16T08:22:57.012+0000: 3252.232: [GC [PSYoungGen: 350914K->1108K(340800K)] 843868K->494134K(1027776K), 0.0047530 secs] [Times: user=0.03 sys=0.00, real=0.01 secs] 
2014-07-16T08:22:58.268+0000: 3253.488: [GC [PSYoungGen: 340704K->954K(331008K)] 833730K->494060K(1017984K), 0.0156410 secs] [Times: user=0.10 sys=0.00, real=0.01 secs] 
2014-07-16T08:22:59.484+0000: 3254.704: [GC [PSYoungGen: 331002K->872K(321728K)] 824108K->494050K(1008704K), 0.0153110 secs] [Times: user=0.09 sys=0.00, real=0.02 secs] 
2014-07-16T08:23:00.661+0000: 3255.881: [GC [PSYoungGen: 321704K->1690K(313728K)] 814882K->494932K(1000704K), 0.0094780 secs] [Times: user=0.06 sys=0.00, real=0.01 secs] 
2014-07-16T08:23:01.794+0000: 3257.014: [GC [PSYoungGen: 313683K->876K(304384K)] 806925K->494222K(991360K), 0.0094970 secs] [Times: user=0.06 sys=0.00, real=0.01 secs] 
2014-07-16T08:23:02.915+0000: 3258.135: [GC [PSYoungGen: 304364K->576K(295872K)] 797710K->493977K(982848K), 0.0037530 secs] [Times: user=0.02 sys=0.00, real=0.01 secs] 
2014-07-16T08:23:04.007+0000: 3259.227: [GC [PSYoungGen: 295841K->726K(288192K)] 789243K->494192K(975168K), 0.0069540 secs] [Times: user=0.04 sys=0.00, real=0.00 secs] 
2014-07-16T08:23:05.120+0000: 3260.340: [GC [PSYoungGen: 288128K->1686K(281600K)] 781594K->495208K(968576K), 0.0093160 secs] [Times: user=0.07 sys=0.00, real=0.01 secs] 
2014-07-16T08:23:06.170+0000: 3261.390: [GC [PSYoungGen: 281548K->996K(273664K)] 775070K->494622K(960640K), 0.0100300 secs] [Times: user=0.08 sys=0.01, real=0.01 secs] 
2014-07-16T08:23:07.180+0000: 3262.400: [GC [PSYoungGen: 273636K->1550K(267264K)] 767262K->495288K(954240K), 0.0072780 secs] [Times: user=0.05 sys=0.00, real=0.01 secs] 
2014-07-16T08:23:08.158+0000: 3263.378: [GC [PSYoungGen: 267176K->1040K(260032K)] 760914K->494858K(947008K), 0.0070230 secs] [Times: user=0.04 sys=0.01, real=0.00 secs] 
2014-07-16T08:23:09.102+0000: 3264.322: [GC [PSYoungGen: 259963K->744K(253248K)] 753781K->494626K(940224K), 0.0141080 secs] [Times: user=0.08 sys=0.01, real=0.01 secs] 
2014-07-16T08:23:10.080+0000: 3265.300: [GC [PSYoungGen: 253224K->786K(247104K)] 747106K->494772K(934080K), 0.0088450 secs] [Times: user=0.06 sys=0.01, real=0.01 secs] 
2014-07-16T08:23:10.984+0000: 3266.204: [GC [PSYoungGen: 247058K->544K(240832K)] 741044K->494569K(927808K), 0.0048270 secs] [Times: user=0.02 sys=0.00, real=0.01 secs] 
2014-07-16T08:23:11.880+0000: 3267.100: [GC [PSYoungGen: 240761K->1008K(235520K)] 734786K->495090K(922496K), 0.0084490 secs] [Times: user=0.05 sys=0.00, real=0.01 secs] 
2014-07-16T08:23:12.750+0000: 3267.970: [GC [PSYoungGen: 235457K->900K(229888K)] 729539K->495062K(916864K), 0.0064940 secs] [Times: user=0.04 sys=0.00, real=0.00 secs] 
2014-07-16T08:23:13.592+0000: 3268.812: [GC [PSYoungGen: 229792K->1012K(224576K)] 723954K->495222K(911552K), 0.0049070 secs] [Times: user=0.02 sys=0.00, real=0.00 secs] 
2014-07-16T08:23:14.417+0000: 3269.637: [GC [PSYoungGen: 224542K->1314K(219712K)] 718752K->495612K(906688K), 0.0047210 secs] [Times: user=0.02 sys=0.01, real=0.01 secs] 
2014-07-16T08:23:15.323+0000: 3270.543: [GC [PSYoungGen: 219659K->562K(213952K)] 713957K->494924K(900928K), 0.0074800 secs] [Times: user=0.04 sys=0.00, real=0.01 secs] 
2014-07-16T08:23:16.110+0000: 3271.330: [GC [PSYoungGen: 213938K->1436K(210048K)] 708300K->495862K(897024K), 0.0051800 secs] [Times: user=0.02 sys=0.01, real=0.00 secs] 
2014-07-16T08:23:16.870+0000: 3272.090: [GC [PSYoungGen: 210012K->926K(204928K)] 704438K->495432K(891904K), 0.0059420 secs] [Times: user=0.04 sys=0.00, real=0.00 secs] 
2014-07-16T08:23:17.685+0000: 3272.905: [GC [PSYoungGen: 204894K->1140K(200640K)] 699400K->495702K(887616K), 0.0124450 secs] [Times: user=0.07 sys=0.00, real=0.01 secs] 
2014-07-16T08:23:18.414+0000: 3273.634: [GC [PSYoungGen: 200628K->722K(240192K)] 695190K->495340K(927168K), 0.0110200 secs] [Times: user=0.07 sys=0.00, real=0.01 secs] 
2014-07-16T08:23:19.289+0000: 3274.509: [GC [PSYoungGen: 240146K->890K(288256K)] 734764K->495596K(975232K), 0.0094350 secs] [Times: user=0.06 sys=0.00, real=0.00 secs] 
2014-07-16T08:23:20.424+0000: 3275.644: [GC [PSYoungGen: 288250K->498K(280320K)] 782956K->495268K(967296K), 0.0061980 secs] [Times: user=0.04 sys=0.00, real=0.01 secs] 
2014-07-16T08:23:21.471+0000: 3276.691: [GC [PSYoungGen: 280306K->822K(273408K)] 775076K->495664K(960384K), 0.0051140 secs] [Times: user=0.02 sys=0.00, real=0.00 secs] 
2014-07-16T08:23:22.464+0000: 3277.684: [GC [PSYoungGen: 273398K->630K(266240K)] 768240K->495536K(953216K), 0.0080210 secs] [Times: user=0.04 sys=0.00, real=0.01 secs] 
2014-07-16T08:23:23.458+0000: 3278.678: [GC [PSYoungGen: 266230K->1646K(260544K)] 761136K->496740K(947520K), 0.0083240 secs] [Times: user=0.06 sys=0.00, real=0.01 secs] 
2014-07-16T08:23:24.394+0000: 3279.614: [GC [PSYoungGen: 260526K->640K(253056K)] 755620K->495814K(940032K), 0.0076320 secs] [Times: user=0.05 sys=0.01, real=0.01 secs] 
2014-07-16T08:23:25.383+0000: 3280.603: [GC [PSYoungGen: 253056K->926K(247168K)] 748230K->496156K(934144K), 0.0037940 secs] [Times: user=0.02 sys=0.00, real=0.00 secs] 
2014-07-16T08:23:26.272+0000: 3281.492: [GC [PSYoungGen: 247134K->926K(241216K)] 742364K->496236K(928192K), 0.0043280 secs] [Times: user=0.02 sys=0.00, real=0.00 secs] 
2014-07-16T08:23:27.170+0000: 3282.390: [GC [PSYoungGen: 241182K->712K(235264K)] 736492K->496110K(922240K), 0.0040600 secs] [Times: user=0.03 sys=0.00, real=0.01 secs] 
2014-07-16T08:23:28.033+0000: 3283.253: [GC [PSYoungGen: 235208K->812K(229760K)] 730606K->496266K(916736K), 0.0068960 secs] [Times: user=0.04 sys=0.00, real=0.01 secs] 
2014-07-16T08:23:28.904+0000: 3284.124: [GC [PSYoungGen: 229740K->854K(224448K)] 725194K->496372K(911424K), 0.0100640 secs] [Times: user=0.06 sys=0.00, real=0.01 secs] 
2014-07-16T08:23:29.718+0000: 3284.938: [GC [PSYoungGen: 224406K->944K(219328K)] 719924K->496518K(906304K), 0.0080840 secs] [Times: user=0.04 sys=0.00, real=0.01 secs] 
2014-07-16T08:23:30.582+0000: 3285.802: [GC [PSYoungGen: 219312K->1436K(214848K)] 714886K->497082K(901824K), 0.0041380 secs] [Times: user=0.02 sys=0.00, real=0.00 secs] 
2014-07-16T08:23:31.312+0000: 3286.532: [GC [PSYoungGen: 214812K->698K(209280K)] 710458K->496600K(896256K), 0.0048770 secs] [Times: user=0.02 sys=0.00, real=0.00 secs] 
2014-07-16T08:23:32.078+0000: 3287.298: [GC [PSYoungGen: 209273K->790K(204800K)] 705175K->496732K(891776K), 0.0059960 secs] [Times: user=0.02 sys=0.00, real=0.01 secs] 
2014-07-16T08:23:32.824+0000: 3288.044: [GC [PSYoungGen: 204758K->626K(200128K)] 700700K->496640K(887104K), 0.0069630 secs] [Times: user=0.03 sys=0.00, real=0.00 secs] 
2014-07-16T08:23:33.566+0000: 3288.786: [GC [PSYoungGen: 200078K->794K(196032K)] 696092K->496880K(883008K), 0.0077280 secs] [Times: user=0.05 sys=0.00, real=0.01 secs] 
2014-07-16T08:23:34.302+0000: 3289.522: [GC [PSYoungGen: 195994K->644K(234944K)] 692080K->496794K(921920K), 0.0142680 secs] [Times: user=0.09 sys=0.00, real=0.01 secs] 
2014-07-16T08:23:35.182+0000: 3290.402: [GC [PSYoungGen: 234884K->964K(282112K)] 731034K->497162K(969088K), 0.0108220 secs] [Times: user=0.06 sys=0.00, real=0.01 secs] 
2014-07-16T08:23:36.230+0000: 3291.450: [GC [PSYoungGen: 282052K->790K(274624K)] 778250K->497060K(961600K), 0.0044130 secs] [Times: user=0.02 sys=0.00, real=0.01 secs] 
2014-07-16T08:23:37.229+0000: 3292.449: [GC [PSYoungGen: 274582K->858K(267648K)] 770852K->497184K(954624K), 0.0119810 secs] [Times: user=0.09 sys=0.00, real=0.01 secs] 
2014-07-16T08:23:38.237+0000: 3293.457: [GC [PSYoungGen: 267609K->1094K(321280K)] 763935K->497476K(1008256K), 0.0111470 secs] [Times: user=0.08 sys=0.00, real=0.01 secs] 
2014-07-16T08:23:39.451+0000: 3294.671: [GC [PSYoungGen: 321222K->1390K(355968K)] 817604K->498214K(1042944K), 0.0185800 secs] [Times: user=0.11 sys=0.00, real=0.02 secs] 
2014-07-16T08:23:40.776+0000: 3295.996: [GC [PSYoungGen: 355950K->1140K(385920K)] 852774K->498028K(1072896K), 0.0095540 secs] [Times: user=0.07 sys=0.00, real=0.01 secs] 
2014-07-16T08:23:42.163+0000: 3297.383: [GC [PSYoungGen: 385332K->1076K(373824K)] 882220K->498260K(1060800K), 0.0092130 secs] [Times: user=0.05 sys=0.00, real=0.01 secs] 
2014-07-16T08:23:43.544+0000: 3298.764: [GC [PSYoungGen: 373780K->690K(362432K)] 870964K->498158K(1049408K), 0.0046430 secs] [Times: user=0.02 sys=0.00, real=0.00 secs] 
2014-07-16T08:23:44.851+0000: 3300.071: [GC [PSYoungGen: 362418K->1004K(352192K)] 859886K->498552K(1039168K), 0.0052500 secs] [Times: user=0.03 sys=0.00, real=0.01 secs] 
2014-07-16T08:23:46.192+0000: 3301.412: [GC [PSYoungGen: 352172K->1324K(342400K)] 849720K->499052K(1029376K), 0.0078140 secs] [Times: user=0.05 sys=0.00, real=0.01 secs] 
2014-07-16T08:23:47.448+0000: 3302.668: [GC [PSYoungGen: 342380K->1286K(332736K)] 840108K->499094K(1019712K), 0.0057050 secs] [Times: user=0.02 sys=0.00, real=0.01 secs] 
2014-07-16T08:23:48.701+0000: 3303.921: [GC [PSYoungGen: 332657K->552K(322688K)] 830465K->498608K(1009664K), 0.0101190 secs] [Times: user=0.06 sys=0.00, real=0.01 secs] 
2014-07-16T08:23:49.938+0000: 3305.158: [GC [PSYoungGen: 322664K->1640K(314880K)] 820720K->500190K(1001856K), 0.0085340 secs] [Times: user=0.06 sys=0.00, real=0.01 secs] 
2014-07-16T08:23:51.068+0000: 3306.288: [GC [PSYoungGen: 314856K->976K(305664K)] 813406K->499798K(992640K), 0.0073650 secs] [Times: user=0.05 sys=0.00, real=0.01 secs] 
2014-07-16T08:23:52.184+0000: 3307.404: [GC [PSYoungGen: 305616K->1776K(298240K)] 804438K->500712K(985216K), 0.0126030 secs] [Times: user=0.07 sys=0.00, real=0.01 secs] 
2014-07-16T08:23:53.298+0000: 3308.518: [GC [PSYoungGen: 298224K->626K(289216K)] 797160K->499626K(976192K), 0.0069880 secs] [Times: user=0.05 sys=0.00, real=0.01 secs] 
2014-07-16T08:23:54.363+0000: 3309.583: [GC [PSYoungGen: 289171K->908K(281920K)] 788172K->499996K(968896K), 0.0062050 secs] [Times: user=0.04 sys=0.00, real=0.01 secs] 
2014-07-16T08:23:55.402+0000: 3310.622: [GC [PSYoungGen: 281868K->1058K(274752K)] 780956K->500202K(961728K), 0.0118590 secs] [Times: user=0.08 sys=0.00, real=0.02 secs] 
2014-07-16T08:23:56.423+0000: 3311.643: [GC [PSYoungGen: 274722K->1468K(268096K)] 773866K->500684K(955072K), 0.0039690 secs] [Times: user=0.02 sys=0.00, real=0.01 secs] 
2014-07-16T08:23:57.383+0000: 3312.603: [GC [PSYoungGen: 268092K->1400K(261312K)] 767308K->500696K(948288K), 0.0046330 secs] [Times: user=0.02 sys=0.00, real=0.01 secs] 
2014-07-16T08:23:58.347+0000: 3313.567: [GC [PSYoungGen: 261295K->872K(254336K)] 760591K->500240K(941312K), 0.0062850 secs] [Times: user=0.04 sys=0.01, real=0.00 secs] 
2014-07-16T08:23:59.276+0000: 3314.496: [GC [PSYoungGen: 254312K->1226K(248448K)] 753680K->500650K(935424K), 0.0055540 secs] [Times: user=0.03 sys=0.01, real=0.00 secs] 
2014-07-16T08:24:00.265+0000: 3315.485: [GC [PSYoungGen: 248394K->776K(241984K)] 747818K->500256K(928960K), 0.0055720 secs] [Times: user=0.03 sys=0.00, real=0.00 secs] 
2014-07-16T08:24:01.166+0000: 3316.386: [GC [PSYoungGen: 241909K->1272K(236608K)] 741390K->500800K(923584K), 0.0086750 secs] [Times: user=0.05 sys=0.00, real=0.00 secs] 
2014-07-16T08:24:02.034+0000: 3317.254: [GC [PSYoungGen: 236600K->1176K(230976K)] 736128K->500760K(917952K), 0.0096230 secs] [Times: user=0.05 sys=0.01, real=0.01 secs] 
2014-07-16T08:24:02.870+0000: 3318.090: [GC [PSYoungGen: 230936K->890K(225280K)] 730520K->500546K(912256K), 0.0089680 secs] [Times: user=0.06 sys=0.00, real=0.01 secs] 
2014-07-16T08:24:03.702+0000: 3318.922: [GC [PSYoungGen: 225274K->608K(269952K)] 724930K->500328K(956928K), 0.0127810 secs] [Times: user=0.09 sys=0.01, real=0.01 secs] 
2014-07-16T08:24:04.727+0000: 3319.947: [GC [PSYoungGen: 269920K->740K(323968K)] 769640K->500548K(1010944K), 0.0109040 secs] [Times: user=0.07 sys=0.00, real=0.01 secs] 
2014-07-16T08:24:05.977+0000: 3321.197: [GC [PSYoungGen: 323904K->1136K(315392K)] 823713K->501008K(1002368K), 0.0107460 secs] [Times: user=0.05 sys=0.00, real=0.01 secs] 
2014-07-16T08:24:07.146+0000: 3322.365: [GC [PSYoungGen: 315376K->1132K(306816K)] 815248K->501060K(993792K), 0.0067330 secs] [Times: user=0.03 sys=0.00, real=0.01 secs] 
2014-07-16T08:24:08.305+0000: 3323.525: [GC [PSYoungGen: 306796K->1164K(298624K)] 806724K->501172K(985600K), 0.0079450 secs] [Times: user=0.06 sys=0.00, real=0.01 secs] 
2014-07-16T08:24:09.434+0000: 3324.654: [GC [PSYoungGen: 298566K->1148K(290624K)] 798575K->501534K(977600K), 0.0092880 secs] [Times: user=0.06 sys=0.00, real=0.01 secs] 
2014-07-16T08:24:10.474+0000: 3325.694: [GC [PSYoungGen: 290589K->994K(282880K)] 790976K->501478K(969856K), 0.0045670 secs] [Times: user=0.02 sys=0.00, real=0.01 secs] 
2014-07-16T08:24:11.590+0000: 3326.810: [GC [PSYoungGen: 282850K->1190K(275712K)] 783334K->501854K(962688K), 0.0075250 secs] [Times: user=0.06 sys=0.00, real=0.01 secs] 
2014-07-16T08:24:12.584+0000: 3327.803: [GC [PSYoungGen: 275686K->1444K(268928K)] 776350K->502172K(955904K), 0.0082990 secs] [Times: user=0.05 sys=0.00, real=0.01 secs] 
2014-07-16T08:24:13.565+0000: 3328.785: [GC [PSYoungGen: 268890K->802K(261504K)] 769618K->502114K(948480K), 0.0038250 secs] [Times: user=0.02 sys=0.00, real=0.01 secs] 
2014-07-16T08:24:14.519+0000: 3329.739: [GC [PSYoungGen: 261474K->1276K(255424K)] 762786K->502687K(942400K), 0.0125550 secs] [Times: user=0.07 sys=0.00, real=0.01 secs] 
2014-07-16T08:24:15.459+0000: 3330.679: [GC [PSYoungGen: 255418K->830K(248704K)] 756829K->502355K(935680K), 0.0095000 secs] [Times: user=0.05 sys=0.00, real=0.01 secs] 
2014-07-16T08:24:16.469+0000: 3331.689: [GC [PSYoungGen: 248702K->1254K(243136K)] 750227K->502851K(930112K), 0.0107850 secs] [Times: user=0.06 sys=0.01, real=0.01 secs] 
2014-07-16T08:24:17.381+0000: 3332.601: [GC [PSYoungGen: 243078K->1358K(237440K)] 744675K->503035K(924416K), 0.0042640 secs] [Times: user=0.03 sys=0.00, real=0.00 secs] 
2014-07-16T08:24:18.248+0000: 3333.468: [GC [PSYoungGen: 237313K->1432K(231872K)] 738990K->503149K(918848K), 0.0046000 secs] [Times: user=0.02 sys=0.00, real=0.00 secs] 
2014-07-16T08:24:19.066+0000: 3334.286: [GC [PSYoungGen: 231812K->756K(225792K)] 733529K->502833K(912768K), 0.0039600 secs] [Times: user=0.01 sys=0.00, real=0.01 secs] 
2014-07-16T08:24:19.910+0000: 3335.130: [GC [PSYoungGen: 225752K->830K(220672K)] 727829K->502947K(907648K), 0.0053570 secs] [Times: user=0.02 sys=0.00, real=0.00 secs] 
2014-07-16T08:24:20.710+0000: 3335.930: [GC [PSYoungGen: 220670K->1232K(216064K)] 722787K->503437K(903040K), 0.0059180 secs] [Times: user=0.02 sys=0.00, real=0.00 secs] 
2014-07-16T08:24:21.675+0000: 3336.895: [GC [PSYoungGen: 215988K->1428K(211392K)] 718193K->503713K(898368K), 0.0110890 secs] [Times: user=0.08 sys=0.00, real=0.01 secs] 
2014-07-16T08:24:22.379+0000: 3337.599: [GC [PSYoungGen: 211303K->880K(206144K)] 713588K->503311K(893120K), 0.0085340 secs] [Times: user=0.04 sys=0.01, real=0.00 secs] 
2014-07-16T08:24:23.127+0000: 3338.347: [GC [PSYoungGen: 206121K->1354K(202112K)] 708552K->503897K(889088K), 0.0076330 secs] [Times: user=0.05 sys=0.00, real=0.01 secs] 
2014-07-16T08:24:23.865+0000: 3339.085: [GC [PSYoungGen: 202028K->1312K(242240K)] 704571K->504017K(929216K), 0.0103100 secs] [Times: user=0.06 sys=0.01, real=0.01 secs] 
2014-07-16T08:24:24.767+0000: 3339.987: [GC [PSYoungGen: 242186K->1222K(236416K)] 744891K->503999K(923392K), 0.0065770 secs] [Times: user=0.05 sys=0.00, real=0.01 secs] 
2014-07-16T08:24:25.638+0000: 3340.858: [GC [PSYoungGen: 236358K->776K(230400K)] 739135K->503835K(917376K), 0.0070650 secs] [Times: user=0.02 sys=0.00, real=0.01 secs] 
2014-07-16T08:24:26.530+0000: 3341.750: [GC [PSYoungGen: 230344K->1094K(225344K)] 733403K->504201K(912320K), 0.0049920 secs] [Times: user=0.02 sys=0.00, real=0.00 secs] 
2014-07-16T08:24:27.333+0000: 3342.553: [GC [PSYoungGen: 225238K->1290K(220352K)] 728345K->504469K(907328K), 0.0087380 secs] [Times: user=0.05 sys=0.01, real=0.01 secs] 
2014-07-16T08:24:28.142+0000: 3343.362: [GC [PSYoungGen: 220298K->958K(214976K)] 723477K->504185K(901952K), 0.0045340 secs] [Times: user=0.03 sys=0.01, real=0.00 secs] 
2014-07-16T08:24:28.950+0000: 3344.170: [GC [PSYoungGen: 214925K->1208K(210432K)] 718152K->504589K(897408K), 0.0076150 secs] [Times: user=0.04 sys=0.00, real=0.00 secs] 
2014-07-16T08:24:29.727+0000: 3344.947: [GC [PSYoungGen: 210424K->1308K(205888K)] 713805K->504753K(892864K), 0.0096680 secs] [Times: user=0.06 sys=0.00, real=0.01 secs] 
2014-07-16T08:24:30.515+0000: 3345.735: [GC [PSYoungGen: 205851K->958K(201024K)] 709296K->504459K(888000K), 0.0053400 secs] [Times: user=0.02 sys=0.01, real=0.01 secs] 
2014-07-16T08:24:31.317+0000: 3346.537: [GC [PSYoungGen: 201022K->1552K(197312K)] 704523K->505149K(884288K), 0.0073500 secs] [Times: user=0.05 sys=0.00, real=0.01 secs] 
2014-07-16T08:24:32.021+0000: 3347.241: [GC [PSYoungGen: 197262K->898K(192512K)] 700859K->504535K(879488K), 0.0056750 secs] [Times: user=0.02 sys=0.00, real=0.00 secs] 
2014-07-16T08:24:32.730+0000: 3347.950: [GC [PSYoungGen: 192450K->512K(188032K)] 696087K->504205K(875008K), 0.0048180 secs] [Times: user=0.02 sys=0.00, real=0.00 secs] 
2014-07-16T08:24:33.418+0000: 3348.638: [GC [PSYoungGen: 188012K->1336K(226368K)] 691705K->505101K(913344K), 0.0147410 secs] [Times: user=0.08 sys=0.00, real=0.02 secs] 
2014-07-16T08:24:34.251+0000: 3349.471: [GC [PSYoungGen: 226350K->1254K(271360K)] 730115K->505107K(958336K), 0.0150560 secs] [Times: user=0.10 sys=0.00, real=0.01 secs] 
2014-07-16T08:24:35.245+0000: 3350.465: [GC [PSYoungGen: 271334K->694K(324800K)] 775187K->504595K(1011776K), 0.0045370 secs] [Times: user=0.02 sys=0.00, real=0.00 secs] 
2014-07-16T08:24:36.494+0000: 3351.714: [GC [PSYoungGen: 324730K->1240K(316352K)] 828631K->505189K(1003328K), 0.0088820 secs] [Times: user=0.06 sys=0.00, real=0.01 secs] 
2014-07-16T08:24:37.599+0000: 3352.819: [GC [PSYoungGen: 316312K->786K(307264K)] 820261K->504791K(994240K), 0.0075530 secs] [Times: user=0.02 sys=0.01, real=0.01 secs] 
2014-07-16T08:24:38.721+0000: 3353.941: [GC [PSYoungGen: 307202K->1150K(299264K)] 811208K->505227K(986240K), 0.0077850 secs] [Times: user=0.04 sys=0.00, real=0.01 secs] 
2014-07-16T08:24:39.806+0000: 3355.026: [GC [PSYoungGen: 299245K->930K(291136K)] 803322K->505071K(978112K), 0.0064550 secs] [Times: user=0.04 sys=0.00, real=0.01 secs] 
2014-07-16T08:24:40.869+0000: 3356.089: [GC [PSYoungGen: 291083K->1290K(283840K)] 795224K->505503K(970816K), 0.0071180 secs] [Times: user=0.04 sys=0.00, real=0.01 secs] 
2014-07-16T08:24:41.964+0000: 3357.184: [GC [PSYoungGen: 283786K->1212K(276352K)] 787999K->505465K(963328K), 0.0117370 secs] [Times: user=0.07 sys=0.00, real=0.01 secs] 
2014-07-16T08:24:42.996+0000: 3358.216: [GC [PSYoungGen: 276348K->1072K(269184K)] 780601K->505413K(956160K), 0.0089190 secs] [Times: user=0.06 sys=0.00, real=0.01 secs] 
2014-07-16T08:24:43.973+0000: 3359.193: [GC [PSYoungGen: 269131K->1158K(262528K)] 773472K->505579K(949504K), 0.0084260 secs] [Times: user=0.06 sys=0.00, real=0.01 secs] 
2014-07-16T08:24:44.946+0000: 3360.166: [GC [PSYoungGen: 262470K->1230K(256064K)] 766891K->505691K(943040K), 0.0060690 secs] [Times: user=0.03 sys=0.01, real=0.00 secs] 
2014-07-16T08:24:45.901+0000: 3361.121: [GC [PSYoungGen: 256013K->862K(249408K)] 760475K->505363K(936384K), 0.0052990 secs] [Times: user=0.02 sys=0.00, real=0.01 secs] 
2014-07-16T08:24:46.867+0000: 3362.087: [GC [PSYoungGen: 249374K->1368K(243840K)] 753875K->505949K(930816K), 0.0105330 secs] [Times: user=0.07 sys=0.00, real=0.01 secs] 
2014-07-16T08:24:47.742+0000: 3362.962: [GC [PSYoungGen: 243798K->972K(237632K)] 748379K->505665K(924608K), 0.0061380 secs] [Times: user=0.04 sys=0.00, real=0.01 secs] 
2014-07-16T08:24:48.600+0000: 3363.820: [GC [PSYoungGen: 237580K->712K(231744K)] 742273K->505453K(918720K), 0.0046500 secs] [Times: user=0.02 sys=0.00, real=0.01 secs] 
2014-07-16T08:24:49.454+0000: 3364.674: [GC [PSYoungGen: 231638K->1254K(226816K)] 736379K->506075K(913792K), 0.0124160 secs] [Times: user=0.08 sys=0.00, real=0.01 secs] 
2014-07-16T08:24:50.299+0000: 3365.519: [GC [PSYoungGen: 226790K->990K(271680K)] 731611K->505867K(958656K), 0.0131750 secs] [Times: user=0.07 sys=0.01, real=0.01 secs] 
2014-07-16T08:24:51.300+0000: 3366.520: [GC [PSYoungGen: 271646K->644K(264448K)] 776523K->505609K(951424K), 0.0080670 secs] [Times: user=0.06 sys=0.00, real=0.01 secs] 
2014-07-16T08:24:52.302+0000: 3367.522: [GC [PSYoungGen: 264388K->1278K(258368K)] 769353K->506347K(945344K), 0.0052360 secs] [Times: user=0.04 sys=0.00, real=0.01 secs] 
2014-07-16T08:24:53.267+0000: 3368.487: [GC [PSYoungGen: 258292K->1386K(252096K)] 763361K->506503K(939072K), 0.0076560 secs] [Times: user=0.05 sys=0.00, real=0.01 secs] 
2014-07-16T08:24:54.172+0000: 3369.392: [GC [PSYoungGen: 252074K->548K(245120K)] 757191K->505713K(932096K), 0.0039760 secs] [Times: user=0.02 sys=0.00, real=0.01 secs] 
2014-07-16T08:24:55.068+0000: 3370.288: [GC [PSYoungGen: 245092K->1290K(239936K)] 750257K->506559K(926912K), 0.0062230 secs] [Times: user=0.04 sys=0.01, real=0.01 secs] 
2014-07-16T08:24:55.934+0000: 3371.154: [GC [PSYoungGen: 239803K->954K(233856K)] 745072K->506319K(920832K), 0.0072800 secs] [Times: user=0.05 sys=0.00, real=0.00 secs] 
2014-07-16T08:24:56.854+0000: 3372.074: [GC [PSYoungGen: 233850K->1332K(228736K)] 739215K->506883K(915712K), 0.0088960 secs] [Times: user=0.06 sys=0.00, real=0.01 secs] 
2014-07-16T08:24:57.651+0000: 3372.871: [GC [PSYoungGen: 228724K->626K(222720K)] 734275K->506241K(909696K), 0.0109520 secs] [Times: user=0.06 sys=0.00, real=0.01 secs] 
2014-07-16T08:24:58.460+0000: 3373.679: [GC [PSYoungGen: 222706K->844K(217856K)] 728321K->506499K(904832K), 0.0058450 secs] [Times: user=0.02 sys=0.00, real=0.01 secs] 
2014-07-16T08:24:59.286+0000: 3374.506: [GC [PSYoungGen: 217804K->850K(212928K)] 723459K->506601K(899904K), 0.0077230 secs] [Times: user=0.05 sys=0.01, real=0.00 secs] 
2014-07-16T08:25:00.072+0000: 3375.291: [GC [PSYoungGen: 212878K->1140K(208448K)] 718629K->506939K(895424K), 0.0038690 secs] [Times: user=0.02 sys=0.00, real=0.01 secs] 
2014-07-16T08:25:00.843+0000: 3376.063: [GC [PSYoungGen: 208413K->1054K(203776K)] 714212K->506925K(890752K), 0.0072740 secs] [Times: user=0.04 sys=0.00, real=0.01 secs] 
2014-07-16T08:25:01.588+0000: 3376.808: [GC [PSYoungGen: 203742K->1060K(199360K)] 709613K->507011K(886336K), 0.0094060 secs] [Times: user=0.05 sys=0.01, real=0.01 secs] 
2014-07-16T08:25:02.321+0000: 3377.541: [GC [PSYoungGen: 199332K->1062K(195072K)] 705283K->507069K(882048K), 0.0062110 secs] [Times: user=0.03 sys=0.00, real=0.01 secs] 
2014-07-16T08:25:03.025+0000: 3378.245: [GC [PSYoungGen: 195046K->836K(190720K)] 701053K->506907K(877696K), 0.0075690 secs] [Times: user=0.02 sys=0.00, real=0.01 secs] 
2014-07-16T08:25:03.729+0000: 3378.949: [GC [PSYoungGen: 190660K->918K(186816K)] 696731K->507069K(873792K), 0.0073870 secs] [Times: user=0.05 sys=0.00, real=0.01 secs] 
2014-07-16T08:25:04.418+0000: 3379.638: [GC [PSYoungGen: 186758K->1404K(183424K)] 692909K->507635K(870400K), 0.0038090 secs] [Times: user=0.02 sys=0.00, real=0.00 secs] 
2014-07-16T08:25:05.075+0000: 3380.295: [GC [PSYoungGen: 183420K->1068K(179392K)] 689651K->507363K(866368K), 0.0088620 secs] [Times: user=0.06 sys=0.00, real=0.00 secs] 
2014-07-16T08:25:05.732+0000: 3380.952: [GC [PSYoungGen: 179372K->844K(175616K)] 685667K->507211K(862592K), 0.0042770 secs] [Times: user=0.02 sys=0.01, real=0.01 secs] 
2014-07-16T08:25:06.368+0000: 3381.588: [GC [PSYoungGen: 175564K->1436K(211136K)] 681931K->507867K(898112K), 0.0090110 secs] [Times: user=0.05 sys=0.00, real=0.01 secs] 
2014-07-16T08:25:07.276+0000: 3382.496: [GC [PSYoungGen: 211100K->872K(205888K)] 717531K->507359K(892864K), 0.0045000 secs] [Times: user=0.03 sys=0.00, real=0.00 secs] 
2014-07-16T08:25:08.024+0000: 3383.244: [GC [PSYoungGen: 205864K->1150K(201664K)] 712351K->507733K(888640K), 0.0068180 secs] [Times: user=0.05 sys=0.00, real=0.01 secs] 
2014-07-16T08:25:08.766+0000: 3383.986: [GC [PSYoungGen: 201662K->1082K(197248K)] 708245K->507713K(884224K), 0.0056000 secs] [Times: user=0.03 sys=0.00, real=0.00 secs] 
2014-07-16T08:25:09.478+0000: 3384.698: [GC [PSYoungGen: 197242K->776K(192768K)] 703873K->507495K(879744K), 0.0091880 secs] [Times: user=0.05 sys=0.00, real=0.01 secs] 
2014-07-16T08:25:10.184+0000: 3385.404: [GC [PSYoungGen: 192712K->826K(188672K)] 699431K->507617K(875648K), 0.0064170 secs] [Times: user=0.03 sys=0.00, real=0.01 secs] 
2014-07-16T08:25:10.873+0000: 3386.093: [GC [PSYoungGen: 188666K->1472K(185472K)] 695457K->508351K(872448K), 0.0068440 secs] [Times: user=0.04 sys=0.01, real=0.01 secs] 
2014-07-16T08:25:11.553+0000: 3386.773: [GC [PSYoungGen: 185408K->894K(221632K)] 692287K->507853K(908608K), 0.0162610 secs] [Times: user=0.11 sys=0.00, real=0.02 secs] 
2014-07-16T08:25:12.491+0000: 3387.711: [GC [PSYoungGen: 221627K->1094K(266048K)] 728586K->508109K(953024K), 0.0083440 secs] [Times: user=0.05 sys=0.00, real=0.01 secs] 
2014-07-16T08:25:13.522+0000: 3388.742: [GC [PSYoungGen: 265990K->1106K(259392K)] 773005K->508193K(946368K), 0.0044510 secs] [Times: user=0.02 sys=0.00, real=0.01 secs] 
2014-07-16T08:25:14.425+0000: 3389.645: [GC [PSYoungGen: 259346K->1040K(252928K)] 766433K->508215K(939904K), 0.0067390 secs] [Times: user=0.04 sys=0.00, real=0.01 secs] 
2014-07-16T08:25:15.344+0000: 3390.564: [GC [PSYoungGen: 252880K->744K(246400K)] 760055K->507983K(933376K), 0.0087560 secs] [Times: user=0.06 sys=0.00, real=0.01 secs] 
2014-07-16T08:25:16.269+0000: 3391.489: [GC [PSYoungGen: 246376K->744K(240448K)] 753615K->508031K(927424K), 0.0083430 secs] [Times: user=0.06 sys=0.00, real=0.01 secs] 
2014-07-16T08:25:17.218+0000: 3392.438: [GC [PSYoungGen: 240412K->1040K(235008K)] 747699K->508391K(921984K), 0.0096430 secs] [Times: user=0.05 sys=0.00, real=0.01 secs] 
2014-07-16T08:25:18.082+0000: 3393.302: [GC [PSYoungGen: 234960K->676K(281408K)] 742311K->508083K(968384K), 0.0155330 secs] [Times: user=0.09 sys=0.00, real=0.02 secs] 
2014-07-16T08:25:19.142+0000: 3394.362: [GC [PSYoungGen: 281380K->922K(318400K)] 788787K->508417K(1005376K), 0.0067130 secs] [Times: user=0.05 sys=0.00, real=0.01 secs] 
2014-07-16T08:25:20.316+0000: 3395.536: [GC [PSYoungGen: 317978K->648K(309056K)] 825473K->508175K(996032K), 0.0052590 secs] [Times: user=0.02 sys=0.00, real=0.01 secs] 
2014-07-16T08:25:21.473+0000: 3396.693: [GC [PSYoungGen: 309000K->822K(300800K)] 816527K->508469K(987776K), 0.0041290 secs] [Times: user=0.03 sys=0.01, real=0.00 secs] 
2014-07-16T08:25:22.643+0000: 3397.863: [GC [PSYoungGen: 300790K->1380K(293312K)] 808437K->509091K(980288K), 0.0068450 secs] [Times: user=0.04 sys=0.00, real=0.01 secs] 
2014-07-16T08:25:23.774+0000: 3398.994: [GC [PSYoungGen: 293284K->612K(284800K)] 800995K->508973K(971776K), 0.0098200 secs] [Times: user=0.07 sys=0.00, real=0.01 secs] 
2014-07-16T08:25:24.810+0000: 3400.030: [GC [PSYoungGen: 284772K->1382K(278144K)] 793133K->509775K(965120K), 0.0053720 secs] [Times: user=0.02 sys=0.00, real=0.00 secs] 
2014-07-16T08:25:25.815+0000: 3401.035: [GC [PSYoungGen: 278118K->562K(270208K)] 786511K->509341K(957184K), 0.0078050 secs] [Times: user=0.05 sys=0.01, real=0.01 secs] 
2014-07-16T08:25:26.837+0000: 3402.057: [GC [PSYoungGen: 270179K->594K(263424K)] 778958K->509429K(950400K), 0.0063630 secs] [Times: user=0.04 sys=0.00, real=0.01 secs] 
2014-07-16T08:25:27.841+0000: 3403.061: [GC [PSYoungGen: 263378K->612K(256832K)] 772213K->509495K(943808K), 0.0044640 secs] [Times: user=0.03 sys=0.00, real=0.00 secs] 
2014-07-16T08:25:28.774+0000: 3403.994: [GC [PSYoungGen: 256804K->1722K(251584K)] 765687K->510653K(938560K), 0.0071230 secs] [Times: user=0.02 sys=0.00, real=0.01 secs] 
2014-07-16T08:25:29.691+0000: 3404.911: [GC [PSYoungGen: 251578K->812K(244544K)] 760509K->509799K(931520K), 0.0159990 secs] [Times: user=0.11 sys=0.00, real=0.01 secs] 
2014-07-16T08:25:30.583+0000: 3405.803: [GC [PSYoungGen: 244524K->994K(238848K)] 753511K->510037K(925824K), 0.0077730 secs] [Times: user=0.04 sys=0.00, real=0.01 secs] 
2014-07-16T08:25:31.463+0000: 3406.683: [GC [PSYoungGen: 238818K->976K(233152K)] 747861K->510059K(920128K), 0.0116070 secs] [Times: user=0.07 sys=0.00, real=0.01 secs] 
2014-07-16T08:25:32.383+0000: 3407.603: [GC [PSYoungGen: 233104K->1072K(227776K)] 742187K->510211K(914752K), 0.0092600 secs] [Times: user=0.06 sys=0.00, real=0.01 secs] 
2014-07-16T08:25:33.213+0000: 3408.433: [GC [PSYoungGen: 227729K->808K(222272K)] 736868K->510019K(909248K), 0.0070460 secs] [Times: user=0.04 sys=0.00, real=0.01 secs] 
2014-07-16T08:25:34.039+0000: 3409.259: [GC [PSYoungGen: 222248K->580K(217024K)] 731459K->509855K(904000K), 0.0038280 secs] [Times: user=0.02 sys=0.00, real=0.00 secs] 
2014-07-16T08:25:34.836+0000: 3410.056: [GC [PSYoungGen: 216942K->1186K(212672K)] 726217K->510541K(899648K), 0.0073740 secs] [Times: user=0.05 sys=0.00, real=0.01 secs] 
2014-07-16T08:25:35.604+0000: 3410.824: [GC [PSYoungGen: 212642K->962K(207744K)] 721997K->510373K(894720K), 0.0052380 secs] [Times: user=0.02 sys=0.00, real=0.00 secs] 
2014-07-16T08:25:36.361+0000: 3411.581: [GC [PSYoungGen: 207658K->944K(203136K)] 717069K->510459K(890112K), 0.0075570 secs] [Times: user=0.04 sys=0.00, real=0.00 secs] 
2014-07-16T08:25:37.113+0000: 3412.333: [GC [PSYoungGen: 203120K->530K(198336K)] 712635K->510093K(885312K), 0.0039750 secs] [Times: user=0.02 sys=0.01, real=0.00 secs] 
2014-07-16T08:25:37.846+0000: 3413.066: [GC [PSYoungGen: 198290K->940K(194432K)] 707853K->510583K(881408K), 0.0038600 secs] [Times: user=0.02 sys=0.01, real=0.00 secs] 
2014-07-16T08:25:38.552+0000: 3413.772: [GC [PSYoungGen: 194412K->1168K(190592K)] 704055K->510883K(877568K), 0.0083090 secs] [Times: user=0.05 sys=0.00, real=0.01 secs] 
2014-07-16T08:25:39.242+0000: 3414.462: [GC [PSYoungGen: 190544K->744K(186176K)] 700259K->510507K(873152K), 0.0043340 secs] [Times: user=0.02 sys=0.00, real=0.00 secs] 
2014-07-16T08:25:39.903+0000: 3415.123: [GC [PSYoungGen: 186152K->922K(182528K)] 695915K->510749K(869504K), 0.0084980 secs] [Times: user=0.06 sys=0.00, real=0.01 secs] 
2014-07-16T08:25:40.599+0000: 3415.819: [GC [PSYoungGen: 182490K->818K(178688K)] 692317K->510725K(865664K), 0.0049810 secs] [Times: user=0.03 sys=0.00, real=0.01 secs] 
2014-07-16T08:25:41.257+0000: 3416.477: [GC [PSYoungGen: 178674K->1222K(175552K)] 688581K->511201K(862528K), 0.0082330 secs] [Times: user=0.05 sys=0.01, real=0.01 secs] 
2014-07-16T08:25:41.902+0000: 3417.122: [GC [PSYoungGen: 175466K->752K(209920K)] 685446K->511597K(896896K), 0.0105990 secs] [Times: user=0.08 sys=0.00, real=0.01 secs] 
2014-07-16T08:25:42.773+0000: 3417.993: [GC [PSYoungGen: 209904K->1136K(252160K)] 720749K->512045K(939136K), 0.0080380 secs] [Times: user=0.05 sys=0.00, real=0.01 secs] 
2014-07-16T08:25:43.668+0000: 3418.888: [GC [PSYoungGen: 252144K->580K(245504K)] 763053K->511693K(932480K), 0.0064590 secs] [Times: user=0.04 sys=0.00, real=0.01 secs] 
2014-07-16T08:25:44.563+0000: 3419.783: [GC [PSYoungGen: 245444K->800K(239744K)] 756557K->511993K(926720K), 0.0056150 secs] [Times: user=0.04 sys=0.00, real=0.00 secs] 
2014-07-16T08:25:45.466+0000: 3420.686: [GC [PSYoungGen: 239712K->794K(234048K)] 750905K->512043K(921024K), 0.0044960 secs] [Times: user=0.02 sys=0.00, real=0.00 secs] 
2014-07-16T08:25:46.337+0000: 3421.557: [GC [PSYoungGen: 234010K->676K(228416K)] 745259K->511973K(915392K), 0.0057870 secs] [Times: user=0.03 sys=0.00, real=0.01 secs] 
2014-07-16T08:25:47.171+0000: 3422.391: [GC [PSYoungGen: 228388K->694K(223104K)] 739685K->512047K(910080K), 0.0074650 secs] [Times: user=0.04 sys=0.00, real=0.01 secs] 
2014-07-16T08:25:48.036+0000: 3423.256: [GC [PSYoungGen: 223057K->1162K(218496K)] 734411K->512563K(905472K), 0.0094740 secs] [Times: user=0.05 sys=0.00, real=0.01 secs] 
2014-07-16T08:25:48.823+0000: 3424.043: [GC [PSYoungGen: 218368K->1044K(213440K)] 729770K->512501K(900416K), 0.0083120 secs] [Times: user=0.05 sys=0.00, real=0.00 secs] 
2014-07-16T08:25:49.621+0000: 3424.841: [GC [PSYoungGen: 213396K->726K(208384K)] 724853K->512271K(895360K), 0.0060740 secs] [Times: user=0.03 sys=0.00, real=0.01 secs] 
2014-07-16T08:25:50.390+0000: 3425.610: [GC [PSYoungGen: 208342K->876K(203904K)] 719887K->512517K(890880K), 0.0074500 secs] [Times: user=0.05 sys=0.00, real=0.01 secs] 
2014-07-16T08:25:51.140+0000: 3426.360: [GC [PSYoungGen: 203881K->794K(244480K)] 715522K->512467K(931456K), 0.0136870 secs] [Times: user=0.07 sys=0.00, real=0.02 secs] 
2014-07-16T08:25:52.051+0000: 3427.271: [GC [PSYoungGen: 244442K->1126K(293568K)] 756115K->512847K(980544K), 0.0103160 secs] [Times: user=0.06 sys=0.00, real=0.01 secs] 
2014-07-16T08:25:53.155+0000: 3428.374: [GC [PSYoungGen: 293542K->1040K(294272K)] 805263K->512801K(981248K), 0.0090530 secs] [Times: user=0.05 sys=0.01, real=0.01 secs] 
2014-07-16T08:25:54.223+0000: 3429.443: [GC [PSYoungGen: 293840K->794K(352384K)] 805601K->512603K(1039360K), 0.0104810 secs] [Times: user=0.06 sys=0.01, real=0.02 secs] 
2014-07-16T08:25:55.555+0000: 3430.775: [GC [PSYoungGen: 351706K->758K(341568K)] 863515K->512655K(1028544K), 0.0080540 secs] [Times: user=0.06 sys=0.00, real=0.01 secs] 
2014-07-16T08:25:56.816+0000: 3432.036: [GC [PSYoungGen: 341552K->744K(331904K)] 853449K->512761K(1018880K), 0.0050760 secs] [Times: user=0.03 sys=0.00, real=0.00 secs] 
2014-07-16T08:25:58.100+0000: 3433.320: [GC [PSYoungGen: 331878K->1132K(323008K)] 843896K->513221K(1009984K), 0.0105760 secs] [Times: user=0.07 sys=0.00, real=0.01 secs] 
2014-07-16T08:25:59.255+0000: 3434.475: [GC [PSYoungGen: 322988K->934K(313920K)] 835077K->513135K(1000896K), 0.0104080 secs] [Times: user=0.06 sys=0.01, real=0.01 secs] 
2014-07-16T08:26:00.428+0000: 3435.648: [GC [PSYoungGen: 313894K->1186K(305600K)] 826095K->513435K(992576K), 0.0095460 secs] [Times: user=0.06 sys=0.00, real=0.01 secs] 
2014-07-16T08:26:01.567+0000: 3436.787: [GC [PSYoungGen: 305570K->694K(296896K)] 817819K->513239K(983872K), 0.0124470 secs] [Times: user=0.08 sys=0.00, real=0.01 secs] 
2014-07-16T08:26:02.645+0000: 3437.865: [GC [PSYoungGen: 296886K->1380K(289728K)] 809431K->514103K(976704K), 0.0067520 secs] [Times: user=0.02 sys=0.00, real=0.00 secs] 
2014-07-16T08:26:03.731+0000: 3438.951: [GC [PSYoungGen: 289671K->756K(281536K)] 802395K->514486K(968512K), 0.0090760 secs] [Times: user=0.05 sys=0.00, real=0.01 secs] 
2014-07-16T08:26:04.764+0000: 3439.984: [GC [PSYoungGen: 281524K->1090K(274624K)] 795254K->514884K(961600K), 0.0085630 secs] [Times: user=0.05 sys=0.00, real=0.01 secs] 
2014-07-16T08:26:05.786+0000: 3441.006: [GC [PSYoungGen: 274562K->1058K(267584K)] 788356K->515148K(954560K), 0.0085220 secs] [Times: user=0.05 sys=0.00, real=0.01 secs] 
2014-07-16T08:26:06.774+0000: 3441.994: [GC [PSYoungGen: 267554K->1454K(261248K)] 781644K->515608K(948224K), 0.0100840 secs] [Times: user=0.06 sys=0.00, real=0.02 secs] 
2014-07-16T08:26:07.721+0000: 3442.941: [GC [PSYoungGen: 261230K->708K(254080K)] 775384K->514965K(941056K), 0.0072080 secs] [Times: user=0.05 sys=0.00, real=0.01 secs] 
2014-07-16T08:26:08.690+0000: 3443.910: [GC [PSYoungGen: 254020K->416K(247488K)] 768277K->514713K(934464K), 0.0046070 secs] [Times: user=0.02 sys=0.00, real=0.00 secs] 
2014-07-16T08:26:09.595+0000: 3444.815: [GC [PSYoungGen: 247450K->1068K(242112K)] 761748K->515429K(929088K), 0.0121640 secs] [Times: user=0.07 sys=0.00, real=0.02 secs] 
2014-07-16T08:26:10.489+0000: 3445.709: [GC [PSYoungGen: 242032K->822K(236096K)] 756394K->515263K(923072K), 0.0055040 secs] [Times: user=0.02 sys=0.01, real=0.00 secs] 
2014-07-16T08:26:11.368+0000: 3446.588: [GC [PSYoungGen: 236086K->1008K(230720K)] 750527K->515522K(917696K), 0.0052270 secs] [Times: user=0.02 sys=0.00, real=0.00 secs] 
2014-07-16T08:26:12.219+0000: 3447.439: [GC [PSYoungGen: 230704K->1326K(225664K)] 745218K->515896K(912640K), 0.0061850 secs] [Times: user=0.03 sys=0.00, real=0.00 secs] 
2014-07-16T08:26:13.153+0000: 3448.373: [GC [PSYoungGen: 225646K->1008K(220160K)] 740216K->515730K(907136K), 0.0082760 secs] [Times: user=0.06 sys=0.00, real=0.01 secs] 
2014-07-16T08:26:13.919+0000: 3449.139: [GC [PSYoungGen: 220144K->994K(215168K)] 734866K->515788K(902144K), 0.0035780 secs] [Times: user=0.02 sys=0.00, real=0.00 secs] 
2014-07-16T08:26:14.745+0000: 3449.965: [GC [PSYoungGen: 215138K->1314K(210688K)] 729932K->516222K(897664K), 0.0105120 secs] [Times: user=0.07 sys=0.00, real=0.01 secs] 
2014-07-16T08:26:15.492+0000: 3450.712: [GC [PSYoungGen: 210658K->1414K(206144K)] 725566K->516410K(893120K), 0.0052530 secs] [Times: user=0.02 sys=0.00, real=0.01 secs] 
2014-07-16T08:26:16.247+0000: 3451.467: [GC [PSYoungGen: 206086K->562K(200768K)] 721082K->515775K(887744K), 0.0077410 secs] [Times: user=0.05 sys=0.00, real=0.00 secs] 
2014-07-16T08:26:17.021+0000: 3452.241: [GC [PSYoungGen: 200754K->1700K(197568K)] 715967K->516986K(884544K), 0.0075150 secs] [Times: user=0.03 sys=0.00, real=0.01 secs] 
2014-07-16T08:26:17.713+0000: 3452.933: [GC [PSYoungGen: 197510K->1204K(192832K)] 712796K->516818K(879808K), 0.0066900 secs] [Times: user=0.03 sys=0.00, real=0.01 secs] 
2014-07-16T08:26:18.500+0000: 3453.720: [GC [PSYoungGen: 192819K->762K(188352K)] 708433K->516424K(875328K), 0.0105880 secs] [Times: user=0.06 sys=0.00, real=0.01 secs] 
2014-07-16T08:26:19.181+0000: 3454.401: [GC [PSYoungGen: 188346K->1108K(226304K)] 704008K->516818K(913280K), 0.0105750 secs] [Times: user=0.06 sys=0.00, real=0.01 secs] 
2014-07-16T08:26:20.004+0000: 3455.224: [GC [PSYoungGen: 226260K->708K(270976K)] 741970K->516474K(957952K), 0.0096600 secs] [Times: user=0.05 sys=0.00, real=0.01 secs] 
2014-07-16T08:26:21.015+0000: 3456.235: [GC [PSYoungGen: 270916K->1140K(325440K)] 786682K->516970K(1012416K), 0.0081810 secs] [Times: user=0.05 sys=0.00, real=0.01 secs] 
2014-07-16T08:26:22.215+0000: 3457.435: [GC [PSYoungGen: 325401K->1350K(334848K)] 841231K->517236K(1021824K), 0.0114190 secs] [Times: user=0.06 sys=0.00, real=0.01 secs] 
2014-07-16T08:26:23.576+0000: 3458.796: [GC [PSYoungGen: 334305K->1054K(324736K)] 850191K->517012K(1011712K), 0.0063790 secs] [Times: user=0.05 sys=0.00, real=0.01 secs] 
2014-07-16T08:26:24.688+0000: 3459.908: [GC [PSYoungGen: 324702K->840K(315584K)] 840660K->516894K(1002560K), 0.0081180 secs] [Times: user=0.05 sys=0.00, real=0.00 secs] 
2014-07-16T08:26:25.918+0000: 3461.137: [GC [PSYoungGen: 315528K->1588K(307648K)] 831582K->517730K(994624K), 0.0090260 secs] [Times: user=0.06 sys=0.00, real=0.00 secs] 
2014-07-16T08:26:27.003+0000: 3462.223: [GC [PSYoungGen: 307636K->640K(298432K)] 823778K->516886K(985408K), 0.0063120 secs] [Times: user=0.04 sys=0.01, real=0.01 secs] 
2014-07-16T08:26:28.119+0000: 3463.339: [GC [PSYoungGen: 298432K->854K(290752K)] 814678K->517180K(977728K), 0.0096680 secs] [Times: user=0.05 sys=0.00, real=0.01 secs] 
2014-07-16T08:26:29.173+0000: 3464.392: [GC [PSYoungGen: 290710K->512K(282752K)] 807036K->516894K(969728K), 0.0065330 secs] [Times: user=0.04 sys=0.00, real=0.01 secs] 
2014-07-16T08:26:30.219+0000: 3465.439: [GC [PSYoungGen: 282752K->1058K(275968K)] 799134K->517512K(962944K), 0.0101180 secs] [Times: user=0.06 sys=0.01, real=0.01 secs] 
2014-07-16T08:26:31.231+0000: 3466.451: [GC [PSYoungGen: 275938K->1462K(269312K)] 792392K->517972K(956288K), 0.0039630 secs] [Times: user=0.02 sys=0.00, real=0.00 secs] 
2014-07-16T08:26:32.235+0000: 3467.455: [GC [PSYoungGen: 269302K->758K(261824K)] 785812K->517308K(948800K), 0.0117440 secs] [Times: user=0.06 sys=0.00, real=0.01 secs] 
2014-07-16T08:26:33.179+0000: 3468.399: [GC [PSYoungGen: 261814K->740K(255296K)] 778364K->517362K(942272K), 0.0044890 secs] [Times: user=0.03 sys=0.00, real=0.00 secs] 
2014-07-16T08:26:34.154+0000: 3469.374: [GC [PSYoungGen: 255268K->822K(249088K)] 771890K->517540K(936064K), 0.0067540 secs] [Times: user=0.05 sys=0.00, real=0.01 secs] 
2014-07-16T08:26:35.058+0000: 3470.278: [GC [PSYoungGen: 249078K->726K(242944K)] 765796K->517500K(929920K), 0.0099900 secs] [Times: user=0.06 sys=0.00, real=0.01 secs] 
2014-07-16T08:26:35.940+0000: 3471.160: [GC [PSYoungGen: 242902K->908K(237312K)] 759676K->517746K(924288K), 0.0086000 secs] [Times: user=0.06 sys=0.00, real=0.00 secs] 
2014-07-16T08:26:36.810+0000: 3472.030: [GC [PSYoungGen: 237260K->912K(231680K)] 754098K->517814K(918656K), 0.0118220 secs] [Times: user=0.08 sys=0.00, real=0.01 secs] 
2014-07-16T08:26:37.656+0000: 3472.876: [GC [PSYoungGen: 231632K->890K(277760K)] 748534K->517856K(964736K), 0.0106310 secs] [Times: user=0.07 sys=0.00, real=0.01 secs] 
2014-07-16T08:26:38.715+0000: 3473.935: [GC [PSYoungGen: 277754K->672K(270400K)] 794720K->517702K(957376K), 0.0088790 secs] [Times: user=0.07 sys=0.00, real=0.01 secs] 
2014-07-16T08:26:39.705+0000: 3474.925: [GC [PSYoungGen: 270368K->744K(263616K)] 787398K->517838K(950592K), 0.0058930 secs] [Times: user=0.03 sys=0.00, real=0.01 secs] 
2014-07-16T08:26:40.675+0000: 3475.895: [GC [PSYoungGen: 263516K->1468K(257728K)] 780610K->518626K(944704K), 0.0064500 secs] [Times: user=0.03 sys=0.00, real=0.01 secs] 
2014-07-16T08:26:41.637+0000: 3476.857: [GC [PSYoungGen: 257713K->822K(250752K)] 774871K->518060K(937728K), 0.0047820 secs] [Times: user=0.03 sys=0.00, real=0.01 secs] 
2014-07-16T08:26:42.599+0000: 3477.819: [GC [PSYoungGen: 250742K->1196K(244992K)] 767980K->518522K(931968K), 0.0074930 secs] [Times: user=0.04 sys=0.00, real=0.01 secs] 
2014-07-16T08:26:43.558+0000: 3478.778: [GC [PSYoungGen: 244972K->1196K(239104K)] 762298K->518618K(926080K), 0.0130230 secs] [Times: user=0.09 sys=0.00, real=0.02 secs] 
2014-07-16T08:26:44.413+0000: 3479.632: [GC [PSYoungGen: 239084K->754K(232960K)] 756506K->518248K(919936K), 0.0092270 secs] [Times: user=0.05 sys=0.00, real=0.01 secs] 
2014-07-16T08:26:45.304+0000: 3480.524: [GC [PSYoungGen: 232946K->840K(227648K)] 750440K->518422K(914624K), 0.0107910 secs] [Times: user=0.07 sys=0.00, real=0.01 secs] 
2014-07-16T08:26:46.156+0000: 3481.376: [GC [PSYoungGen: 227592K->1214K(273344K)] 745174K->518876K(960320K), 0.0109540 secs] [Times: user=0.07 sys=0.00, real=0.01 secs] 
2014-07-16T08:26:47.140+0000: 3482.360: [GC [PSYoungGen: 273323K->1212K(327808K)] 790985K->518938K(1014784K), 0.0101470 secs] [Times: user=0.07 sys=0.00, real=0.01 secs] 
2014-07-16T08:26:48.347+0000: 3483.567: [GC [PSYoungGen: 327774K->1226K(373312K)] 845500K->518992K(1060288K), 0.0122040 secs] [Times: user=0.08 sys=0.00, real=0.01 secs] 
2014-07-16T08:26:49.740+0000: 3484.960: [GC [PSYoungGen: 372874K->812K(361536K)] 890640K->518642K(1048512K), 0.0075620 secs] [Times: user=0.05 sys=0.00, real=0.01 secs] 
2014-07-16T08:26:51.084+0000: 3486.304: [GC [PSYoungGen: 361516K->1182K(351424K)] 879346K->519076K(1038400K), 0.0040090 secs] [Times: user=0.03 sys=0.00, real=0.00 secs] 
2014-07-16T08:26:52.384+0000: 3487.604: [GC [PSYoungGen: 351389K->1322K(341504K)] 869283K->519296K(1028480K), 0.0091750 secs] [Times: user=0.05 sys=0.00, real=0.01 secs] 
2014-07-16T08:26:53.735+0000: 3488.955: [GC [PSYoungGen: 341482K->1342K(331840K)] 859456K->519380K(1018816K), 0.0057340 secs] [Times: user=0.04 sys=0.00, real=0.00 secs] 
2014-07-16T08:26:54.922+0000: 3490.142: [GC [PSYoungGen: 331824K->808K(322048K)] 849862K->518934K(1009024K), 0.0078880 secs] [Times: user=0.05 sys=0.00, real=0.01 secs] 
2014-07-16T08:26:56.107+0000: 3491.327: [GC [PSYoungGen: 322024K->1692K(314048K)] 840150K->519948K(1001024K), 0.0058650 secs] [Times: user=0.04 sys=0.00, real=0.01 secs] 
2014-07-16T08:26:57.242+0000: 3492.462: [GC [PSYoungGen: 314012K->858K(304704K)] 832268K->519186K(991680K), 0.0037390 secs] [Times: user=0.02 sys=0.00, real=0.00 secs] 
2014-07-16T08:26:58.346+0000: 3493.566: [GC [PSYoungGen: 304666K->872K(296512K)] 822994K->519304K(983488K), 0.0077870 secs] [Times: user=0.05 sys=0.00, real=0.01 secs] 
2014-07-16T08:26:59.463+0000: 3494.683: [GC [PSYoungGen: 296488K->1008K(288768K)] 814920K->519512K(975744K), 0.0065560 secs] [Times: user=0.04 sys=0.00, real=0.00 secs] 
2014-07-16T08:27:00.520+0000: 3495.739: [GC [PSYoungGen: 288726K->904K(281152K)] 807230K->519512K(968128K), 0.0062820 secs] [Times: user=0.03 sys=0.00, real=0.01 secs] 
2014-07-16T08:27:01.546+0000: 3496.766: [GC [PSYoungGen: 281078K->1144K(274048K)] 799686K->519816K(961024K), 0.0038840 secs] [Times: user=0.03 sys=0.00, real=0.00 secs] 
2014-07-16T08:27:02.567+0000: 3497.787: [GC [PSYoungGen: 274040K->576K(266496K)] 792712K->519320K(953472K), 0.0099950 secs] [Times: user=0.07 sys=0.00, real=0.01 secs] 
2014-07-16T08:27:03.554+0000: 3498.774: [GC [PSYoungGen: 266496K->744K(259968K)] 785240K->519576K(946944K), 0.0083140 secs] [Times: user=0.06 sys=0.00, real=0.00 secs] 
2014-07-16T08:27:04.536+0000: 3499.756: [GC [PSYoungGen: 259906K->1276K(254016K)] 778738K->520164K(940992K), 0.0048840 secs] [Times: user=0.03 sys=0.00, real=0.00 secs] 
2014-07-16T08:27:05.467+0000: 3500.687: [GC [PSYoungGen: 254012K->876K(247424K)] 772900K->519844K(934400K), 0.0079900 secs] [Times: user=0.05 sys=0.00, real=0.01 secs] 
2014-07-16T08:27:06.393+0000: 3501.613: [GC [PSYoungGen: 247404K->1264K(241792K)] 766372K->520320K(928768K), 0.0106020 secs] [Times: user=0.06 sys=0.00, real=0.01 secs] 
2014-07-16T08:27:07.258+0000: 3502.478: [GC [PSYoungGen: 241753K->1136K(235904K)] 760809K->520264K(922880K), 0.0098030 secs] [Times: user=0.04 sys=0.00, real=0.01 secs] 
2014-07-16T08:27:08.143+0000: 3503.363: [GC [PSYoungGen: 235888K->900K(230144K)] 755016K->520140K(917120K), 0.0081070 secs] [Times: user=0.05 sys=0.00, real=0.01 secs] 
2014-07-16T08:27:08.991+0000: 3504.211: [GC [PSYoungGen: 230065K->926K(224768K)] 749305K->520230K(911744K), 0.0042010 secs] [Times: user=0.03 sys=0.00, real=0.01 secs] 
2014-07-16T08:27:09.806+0000: 3505.026: [GC [PSYoungGen: 224734K->1158K(219840K)] 744038K->520526K(906816K), 0.0057280 secs] [Times: user=0.02 sys=0.00, real=0.00 secs] 
2014-07-16T08:27:10.609+0000: 3505.829: [GC [PSYoungGen: 219782K->1080K(214720K)] 739150K->520504K(901696K), 0.0063400 secs] [Times: user=0.04 sys=0.00, real=0.01 secs] 
2014-07-16T08:27:11.396+0000: 3506.616: [GC [PSYoungGen: 214712K->872K(209728K)] 734136K->520352K(896704K), 0.0044170 secs] [Times: user=0.03 sys=0.00, real=0.00 secs] 
2014-07-16T08:27:12.145+0000: 3507.365: [GC [PSYoungGen: 209704K->626K(204800K)] 729184K->520170K(891776K), 0.0042150 secs] [Times: user=0.02 sys=0.00, real=0.00 secs] 
2014-07-16T08:27:12.888+0000: 3508.108: [GC [PSYoungGen: 204786K->744K(200448K)] 724330K->520376K(887424K), 0.0055750 secs] [Times: user=0.04 sys=0.00, real=0.00 secs] 
2014-07-16T08:27:13.620+0000: 3508.840: [GC [PSYoungGen: 200383K->822K(196160K)] 720015K->520550K(883136K), 0.0071030 secs] [Times: user=0.04 sys=0.00, real=0.01 secs] 
2014-07-16T08:27:14.596+0000: 3509.816: [GC [PSYoungGen: 196150K->1522K(192704K)] 715878K->521298K(879680K), 0.0064610 secs] [Times: user=0.02 sys=0.00, real=0.00 secs] 
2014-07-16T08:27:15.239+0000: 3510.459: [GC [PSYoungGen: 192690K->752K(187904K)] 712466K->520940K(874880K), 0.0049130 secs] [Times: user=0.02 sys=0.00, real=0.00 secs] 
2014-07-16T08:27:15.958+0000: 3511.178: [GC [PSYoungGen: 187888K->1660K(184896K)] 708076K->521936K(871872K), 0.0092310 secs] [Times: user=0.06 sys=0.01, real=0.01 secs] 
2014-07-16T08:27:16.663+0000: 3511.883: [GC [PSYoungGen: 184892K->876K(180352K)] 705168K->521472K(867328K), 0.0077060 secs] [Times: user=0.05 sys=0.00, real=0.01 secs] 
2014-07-16T08:27:17.323+0000: 3512.543: [GC [PSYoungGen: 180332K->908K(176768K)] 700928K->521576K(863744K), 0.0077600 secs] [Times: user=0.06 sys=0.00, real=0.01 secs] 
2014-07-16T08:27:18.007+0000: 3513.227: [GC [PSYoungGen: 176666K->1778K(212800K)] 697335K->522534K(899776K), 0.0123120 secs] [Times: user=0.07 sys=0.00, real=0.01 secs] 
2014-07-16T08:27:18.790+0000: 3514.010: [GC [PSYoungGen: 212786K->1578K(254848K)] 733542K->522422K(941824K), 0.0055320 secs] [Times: user=0.02 sys=0.00, real=0.01 secs] 
2014-07-16T08:27:19.747+0000: 3514.967: [GC [PSYoungGen: 254786K->638K(247616K)] 775630K->521872K(934592K), 0.0078080 secs] [Times: user=0.05 sys=0.00, real=0.00 secs] 
2014-07-16T08:27:20.667+0000: 3515.887: [GC [PSYoungGen: 247614K->1004K(297408K)] 768848K->522336K(984384K), 0.0114530 secs] [Times: user=0.06 sys=0.00, real=0.01 secs] 
2014-07-16T08:27:21.754+0000: 3516.974: [GC [PSYoungGen: 297388K->1172K(289728K)] 818720K->522732K(976704K), 0.0083200 secs] [Times: user=0.06 sys=0.01, real=0.01 secs] 
2014-07-16T08:27:22.813+0000: 3518.033: [GC [PSYoungGen: 289684K->498K(281408K)] 811244K->522106K(968384K), 0.0102110 secs] [Times: user=0.05 sys=0.00, real=0.01 secs] 
2014-07-16T08:27:23.860+0000: 3519.080: [GC [PSYoungGen: 281394K->726K(274368K)] 803002K->522390K(961344K), 0.0048370 secs] [Times: user=0.03 sys=0.00, real=0.00 secs] 
2014-07-16T08:27:24.850+0000: 3520.070: [GC [PSYoungGen: 274326K->1004K(267584K)] 795990K->522724K(954560K), 0.0069240 secs] [Times: user=0.04 sys=0.00, real=0.01 secs] 
2014-07-16T08:27:25.832+0000: 3521.052: [GC [PSYoungGen: 267564K->744K(320640K)] 789284K->522528K(1007616K), 0.0216270 secs] [Times: user=0.14 sys=0.01, real=0.02 secs] 
2014-07-16T08:27:27.059+0000: 3522.279: [GC [PSYoungGen: 320616K->1754K(312832K)] 842400K->523610K(999808K), 0.0053410 secs] [Times: user=0.03 sys=0.00, real=0.00 secs] 
2014-07-16T08:27:28.222+0000: 3523.442: [GC [PSYoungGen: 312794K->1058K(366720K)] 834650K->522986K(1053696K), 0.0139140 secs] [Times: user=0.08 sys=0.00, real=0.01 secs] 
2014-07-16T08:27:29.615+0000: 3524.835: [GC [PSYoungGen: 366690K->1290K(356288K)] 888618K->523274K(1043264K), 0.0089970 secs] [Times: user=0.06 sys=0.00, real=0.01 secs] 
2014-07-16T08:27:30.879+0000: 3526.099: [GC [PSYoungGen: 356187K->634K(345344K)] 878171K->523086K(1032320K), 0.0046000 secs] [Times: user=0.03 sys=0.00, real=0.00 secs] 
2014-07-16T08:27:32.157+0000: 3527.377: [GC [PSYoungGen: 345319K->1408K(336320K)] 867771K->523948K(1023296K), 0.0061580 secs] [Times: user=0.04 sys=0.00, real=0.01 secs] 
2014-07-16T08:27:33.391+0000: 3528.611: [GC [PSYoungGen: 336254K->900K(326400K)] 858795K->523844K(1013376K), 0.0056210 secs] [Times: user=0.03 sys=0.00, real=0.00 secs] 
2014-07-16T08:27:34.622+0000: 3529.842: [GC [PSYoungGen: 326340K->1022K(317440K)] 849284K->524030K(1004416K), 0.0111050 secs] [Times: user=0.07 sys=0.00, real=0.01 secs] 
2014-07-16T08:27:35.812+0000: 3531.032: [GC [PSYoungGen: 317438K->1386K(309120K)] 840446K->524458K(996096K), 0.0067560 secs] [Times: user=0.04 sys=0.00, real=0.01 secs] 
2014-07-16T08:27:36.937+0000: 3532.157: [GC [PSYoungGen: 309098K->772K(300224K)] 832170K->523924K(987200K), 0.0067100 secs] [Times: user=0.04 sys=0.00, real=0.01 secs] 
2014-07-16T08:27:38.085+0000: 3533.305: [GC [PSYoungGen: 300164K->1422K(292864K)] 823316K->524638K(979840K), 0.0086310 secs] [Times: user=0.06 sys=0.00, real=0.01 secs] 
2014-07-16T08:27:39.220+0000: 3534.440: [GC [PSYoungGen: 292814K->936K(284672K)] 816030K->524240K(971648K), 0.0091940 secs] [Times: user=0.06 sys=0.00, real=0.01 secs] 
2014-07-16T08:27:40.259+0000: 3535.479: [GC [PSYoungGen: 284642K->1322K(277632K)] 807946K->524868K(964608K), 0.0105630 secs] [Times: user=0.07 sys=0.00, real=0.01 secs] 
2014-07-16T08:27:41.283+0000: 3536.503: [GC [PSYoungGen: 277596K->886K(270080K)] 801143K->524512K(957056K), 0.0053590 secs] [Times: user=0.03 sys=0.00, real=0.00 secs] 
2014-07-16T08:27:42.272+0000: 3537.492: [GC [PSYoungGen: 270070K->944K(263296K)] 793696K->524676K(950272K), 0.0047870 secs] [Times: user=0.03 sys=0.00, real=0.00 secs] 
2014-07-16T08:27:43.237+0000: 3538.457: [GC [PSYoungGen: 263280K->1240K(257024K)] 787012K->525044K(944000K), 0.0066410 secs] [Times: user=0.03 sys=0.00, real=0.01 secs] 
2014-07-16T08:27:44.200+0000: 3539.420: [GC [PSYoungGen: 256984K->918K(250368K)] 780788K->524802K(937344K), 0.0098590 secs] [Times: user=0.07 sys=0.00, real=0.01 secs] 
2014-07-16T08:27:45.103+0000: 3540.323: [GC [PSYoungGen: 250316K->994K(244352K)] 774200K->524934K(931328K), 0.0087530 secs] [Times: user=0.06 sys=0.00, real=0.01 secs] 
2014-07-16T08:27:46.027+0000: 3541.247: [GC [PSYoungGen: 244289K->854K(238336K)] 768230K->524874K(925312K), 0.0111940 secs] [Times: user=0.08 sys=0.00, real=0.01 secs] 
2014-07-16T08:27:46.905+0000: 3542.125: [GC [PSYoungGen: 238294K->1086K(286016K)] 762314K->525162K(972992K), 0.0125800 secs] [Times: user=0.07 sys=0.00, real=0.01 secs] 
2014-07-16T08:27:47.960+0000: 3543.180: [GC [PSYoungGen: 285992K->1286K(278848K)] 810069K->525442K(965824K), 0.0086710 secs] [Times: user=0.06 sys=0.00, real=0.00 secs] 
2014-07-16T08:27:48.985+0000: 3544.205: [GC [PSYoungGen: 278790K->950K(271296K)] 802946K->525218K(958272K), 0.0084040 secs] [Times: user=0.05 sys=0.01, real=0.01 secs] 
2014-07-16T08:27:50.044+0000: 3545.264: [GC [PSYoungGen: 271286K->1194K(264640K)] 795554K->525606K(951616K), 0.0066740 secs] [Times: user=0.03 sys=0.00, real=0.01 secs] 
2014-07-16T08:27:51.027+0000: 3546.247: [GC [PSYoungGen: 264618K->890K(257664K)] 789030K->525374K(944640K), 0.0079180 secs] [Times: user=0.05 sys=0.00, real=0.01 secs] 
2014-07-16T08:27:52.003+0000: 3547.223: [GC [PSYoungGen: 257649K->1404K(251776K)] 782133K->525976K(938752K), 0.0063030 secs] [Times: user=0.05 sys=0.00, real=0.01 secs] 
2014-07-16T08:27:52.918+0000: 3548.138: [GC [PSYoungGen: 251772K->1422K(245696K)] 776344K->526050K(932672K), 0.0101750 secs] [Times: user=0.06 sys=0.00, real=0.01 secs] 
2014-07-16T08:27:53.805+0000: 3549.025: [GC [PSYoungGen: 245646K->612K(238976K)] 770274K->525428K(925952K), 0.0055250 secs] [Times: user=0.02 sys=0.00, real=0.01 secs] 
2014-07-16T08:27:54.769+0000: 3549.989: [GC [PSYoungGen: 238936K->1224K(233920K)] 763753K->526112K(920896K), 0.0083190 secs] [Times: user=0.06 sys=0.00, real=0.01 secs] 
2014-07-16T08:27:55.556+0000: 3550.776: [GC [PSYoungGen: 233864K->880K(228032K)] 758752K->525916K(915008K), 0.0107550 secs] [Times: user=0.08 sys=0.00, real=0.01 secs] 
2014-07-16T08:27:56.407+0000: 3551.627: [GC [PSYoungGen: 228016K->1004K(222848K)] 753052K->526128K(909824K), 0.0069940 secs] [Times: user=0.05 sys=0.00, real=0.01 secs] 
2014-07-16T08:27:57.214+0000: 3552.434: [GC [PSYoungGen: 222800K->880K(267136K)] 747924K->526052K(954112K), 0.0110720 secs] [Times: user=0.07 sys=0.00, real=0.01 secs] 
2014-07-16T08:27:58.211+0000: 3553.431: [GC [PSYoungGen: 267120K->740K(260288K)] 792292K->525968K(947264K), 0.0052180 secs] [Times: user=0.02 sys=0.00, real=0.01 secs] 
2014-07-16T08:27:59.165+0000: 3554.385: [GC [PSYoungGen: 260260K->1408K(254528K)] 785488K->526724K(941504K), 0.0109810 secs] [Times: user=0.08 sys=0.00, real=0.01 secs] 
2014-07-16T08:28:00.214+0000: 3555.434: [GC [PSYoungGen: 254429K->826K(304512K)] 779745K->526230K(991488K), 0.0175200 secs] [Times: user=0.12 sys=0.00, real=0.02 secs] 
2014-07-16T08:28:01.360+0000: 3556.580: [GC [PSYoungGen: 304501K->1182K(296704K)] 829905K->526666K(983680K), 0.0049960 secs] [Times: user=0.02 sys=0.00, real=0.01 secs] 
2014-07-16T08:28:02.454+0000: 3557.674: [GC [PSYoungGen: 296629K->1340K(288960K)] 822114K->526896K(975936K), 0.0097740 secs] [Times: user=0.05 sys=0.01, real=0.01 secs] 
2014-07-16T08:28:03.537+0000: 3558.757: [GC [PSYoungGen: 288956K->712K(280832K)] 814512K->526340K(967808K), 0.0074710 secs] [Times: user=0.05 sys=0.00, real=0.01 secs] 
2014-07-16T08:28:04.594+0000: 3559.814: [GC [PSYoungGen: 280776K->922K(273792K)] 806404K->526622K(960768K), 0.0078140 secs] [Times: user=0.04 sys=0.00, real=0.01 secs] 
2014-07-16T08:28:05.636+0000: 3560.856: [GC [PSYoungGen: 273754K->790K(266688K)] 799454K->526570K(953664K), 0.0053390 secs] [Times: user=0.02 sys=0.00, real=0.00 secs] 
2014-07-16T08:28:06.631+0000: 3561.851: [GC [PSYoungGen: 266646K->978K(260160K)] 792426K->526814K(947136K), 0.0085520 secs] [Times: user=0.04 sys=0.01, real=0.01 secs] 
2014-07-16T08:28:07.582+0000: 3562.802: [GC [PSYoungGen: 260078K->758K(253440K)] 785915K->526642K(940416K), 0.0112330 secs] [Times: user=0.07 sys=0.00, real=0.02 secs] 
2014-07-16T08:28:08.521+0000: 3563.741: [GC [PSYoungGen: 253430K->932K(247424K)] 779314K->526880K(934400K), 0.0109730 secs] [Times: user=0.07 sys=0.00, real=0.01 secs] 
2014-07-16T08:28:09.434+0000: 3564.654: [GC [PSYoungGen: 247329K->1050K(241536K)] 773277K->527078K(928512K), 0.0046840 secs] [Times: user=0.02 sys=0.00, real=0.00 secs] 
2014-07-16T08:28:10.424+0000: 3565.644: [GC [PSYoungGen: 241498K->1244K(235968K)] 767526K->527336K(922944K), 0.0045700 secs] [Times: user=0.02 sys=0.00, real=0.00 secs] 
2014-07-16T08:28:11.307+0000: 3566.527: [GC [PSYoungGen: 235932K->752K(229888K)] 762024K->527708K(916864K), 0.0095200 secs] [Times: user=0.06 sys=0.00, real=0.01 secs] 
2014-07-16T08:28:12.156+0000: 3567.376: [GC [PSYoungGen: 229872K->908K(224704K)] 756828K->527928K(911680K), 0.0050110 secs] [Times: user=0.02 sys=0.00, real=0.00 secs] 
2014-07-16T08:28:12.977+0000: 3568.197: [GC [PSYoungGen: 224652K->1346K(219968K)] 751672K->528726K(906944K), 0.0047950 secs] [Times: user=0.02 sys=0.00, real=0.00 secs] 
2014-07-16T08:28:13.790+0000: 3569.010: [GC [PSYoungGen: 219906K->976K(214592K)] 747286K->528412K(901568K), 0.0127110 secs] [Times: user=0.09 sys=0.00, real=0.01 secs] 
2014-07-16T08:28:14.579+0000: 3569.799: [GC [PSYoungGen: 214544K->562K(209344K)] 741980K->528078K(896320K), 0.0053270 secs] [Times: user=0.03 sys=0.00, real=0.01 secs] 
2014-07-16T08:28:15.406+0000: 3570.626: [GC [PSYoungGen: 209293K->1108K(205312K)] 736810K->528680K(892288K), 0.0038050 secs] [Times: user=0.02 sys=0.00, real=0.00 secs] 
2014-07-16T08:28:16.153+0000: 3571.373: [GC [PSYoungGen: 205268K->876K(200576K)] 732840K->528520K(887552K), 0.0046530 secs] [Times: user=0.03 sys=0.00, real=0.01 secs] 
2014-07-16T08:28:16.896+0000: 3572.116: [GC [PSYoungGen: 200528K->772K(196160K)] 728173K->528512K(883136K), 0.0067280 secs] [Times: user=0.04 sys=0.01, real=0.00 secs] 
2014-07-16T08:28:17.628+0000: 3572.848: [GC [PSYoungGen: 196100K->926K(192128K)] 723840K->528746K(879104K), 0.0080150 secs] [Times: user=0.05 sys=0.00, real=0.01 secs] 
2014-07-16T08:28:18.339+0000: 3573.559: [GC [PSYoungGen: 192093K->644K(187840K)] 719913K->528536K(874816K), 0.0078770 secs] [Times: user=0.04 sys=0.00, real=0.01 secs] 
2014-07-16T08:28:19.036+0000: 3574.256: [GC [PSYoungGen: 187778K->1008K(184256K)] 715671K->528964K(871232K), 0.0037450 secs] [Times: user=0.02 sys=0.00, real=0.00 secs] 
2014-07-16T08:28:19.715+0000: 3574.935: [GC [PSYoungGen: 184202K->940K(180416K)] 712159K->528968K(867392K), 0.0089500 secs] [Times: user=0.06 sys=0.00, real=0.00 secs] 
2014-07-16T08:28:20.442+0000: 3575.662: [GC [PSYoungGen: 180366K->1134K(176960K)] 708395K->529909K(863936K), 0.0077390 secs] [Times: user=0.05 sys=0.00, real=0.01 secs] 
2014-07-16T08:28:21.083+0000: 3576.303: [GC [PSYoungGen: 176913K->1772K(212800K)] 705688K->531033K(899776K), 0.0110370 secs] [Times: user=0.07 sys=0.00, real=0.01 secs] 
2014-07-16T08:28:21.873+0000: 3577.093: [GC [PSYoungGen: 212780K->684K(206976K)] 742041K->530469K(893952K), 0.0049210 secs] [Times: user=0.02 sys=0.00, real=0.01 secs] 
2014-07-16T08:28:22.635+0000: 3577.855: [GC [PSYoungGen: 206956K->1200K(202944K)] 736741K->531081K(889920K), 0.0042840 secs] [Times: user=0.02 sys=0.00, real=0.01 secs] 
2014-07-16T08:28:23.395+0000: 3578.615: [GC [PSYoungGen: 202928K->1158K(198528K)] 732809K->531119K(885504K), 0.0099640 secs] [Times: user=0.05 sys=0.00, real=0.01 secs] 
2014-07-16T08:28:24.121+0000: 3579.341: [GC [PSYoungGen: 198470K->1026K(237888K)] 728431K->531051K(924864K), 0.0144800 secs] [Times: user=0.10 sys=0.00, real=0.02 secs] 
2014-07-16T08:28:24.992+0000: 3580.212: [GC [PSYoungGen: 237790K->1158K(285376K)] 767815K->531239K(972352K), 0.0089840 secs] [Times: user=0.04 sys=0.00, real=0.01 secs] 
2014-07-16T08:28:26.087+0000: 3581.307: [GC [PSYoungGen: 285298K->1168K(326272K)] 815379K->531329K(1013248K), 0.0085900 secs] [Times: user=0.05 sys=0.00, real=0.00 secs] 
2014-07-16T08:28:27.272+0000: 3582.492: [GC [PSYoungGen: 325648K->1272K(316736K)] 855809K->531521K(1003712K), 0.0039850 secs] [Times: user=0.02 sys=0.00, real=0.01 secs] 
2014-07-16T08:28:28.439+0000: 3583.659: [GC [PSYoungGen: 316728K->990K(307840K)] 846977K->531319K(994816K), 0.0071180 secs] [Times: user=0.05 sys=0.00, real=0.01 secs] 
2014-07-16T08:28:29.605+0000: 3584.825: [GC [PSYoungGen: 307806K->1072K(299584K)] 838135K->531465K(986560K), 0.0086780 secs] [Times: user=0.05 sys=0.00, real=0.01 secs] 
2014-07-16T08:28:30.694+0000: 3585.914: [GC [PSYoungGen: 299568K->822K(291328K)] 829961K->531287K(978304K), 0.0061470 secs] [Times: user=0.03 sys=0.01, real=0.01 secs] 
2014-07-16T08:28:31.778+0000: 3586.998: [GC [PSYoungGen: 291318K->730K(283584K)] 821783K->531259K(970560K), 0.0044770 secs] [Times: user=0.02 sys=0.01, real=0.00 secs] 
2014-07-16T08:28:32.831+0000: 3588.051: [GC [PSYoungGen: 283546K->1004K(276480K)] 814075K->531613K(963456K), 0.0096330 secs] [Times: user=0.06 sys=0.01, real=0.01 secs] 
2014-07-16T08:28:33.827+0000: 3589.047: [GC [PSYoungGen: 276457K->1580K(269952K)] 807066K->532415K(956928K), 0.0041410 secs] [Times: user=0.02 sys=0.00, real=0.00 secs] 
2014-07-16T08:28:34.807+0000: 3590.027: [GC [PSYoungGen: 269912K->1490K(263104K)] 800747K->532397K(950080K), 0.0056510 secs] [Times: user=0.02 sys=0.01, real=0.00 secs] 
2014-07-16T08:28:35.779+0000: 3590.999: [GC [PSYoungGen: 263058K->630K(255680K)] 793965K->531755K(942656K), 0.0043940 secs] [Times: user=0.03 sys=0.01, real=0.00 secs] 
2014-07-16T08:28:36.730+0000: 3591.950: [GC [PSYoungGen: 255670K->1072K(249792K)] 786795K->532253K(936768K), 0.0175760 secs] [Times: user=0.11 sys=0.01, real=0.02 secs] 
2014-07-16T08:28:37.655+0000: 3592.875: [GC [PSYoungGen: 249776K->576K(243200K)] 780957K->531895K(930176K), 0.0039000 secs] [Times: user=0.02 sys=0.00, real=0.01 secs] 
2014-07-16T08:28:38.549+0000: 3593.769: [GC [PSYoungGen: 243200K->854K(237696K)] 774519K->532245K(924672K), 0.0080410 secs] [Times: user=0.05 sys=0.00, real=0.01 secs] 
2014-07-16T08:28:39.447+0000: 3594.667: [GC [PSYoungGen: 237654K->1276K(232448K)] 769045K->532731K(919424K), 0.0033520 secs] [Times: user=0.02 sys=0.00, real=0.01 secs] 
2014-07-16T08:28:40.309+0000: 3595.529: [GC [PSYoungGen: 232408K->1004K(226752K)] 763863K->532523K(913728K), 0.0040800 secs] [Times: user=0.02 sys=0.00, real=0.00 secs] 
2014-07-16T08:28:41.191+0000: 3596.411: [GC [PSYoungGen: 226732K->894K(221376K)] 758251K->532469K(908352K), 0.0040300 secs] [Times: user=0.02 sys=0.00, real=0.00 secs] 
2014-07-16T08:28:42.030+0000: 3597.250: [GC [PSYoungGen: 221374K->1244K(216704K)] 752949K->532867K(903680K), 0.0177620 secs] [Times: user=0.12 sys=0.00, real=0.02 secs] 
2014-07-16T08:28:42.837+0000: 3598.057: [GC [PSYoungGen: 216668K->1258K(211840K)] 748291K->532921K(898816K), 0.0064770 secs] [Times: user=0.03 sys=0.00, real=0.01 secs] 
2014-07-16T08:28:43.619+0000: 3598.839: [GC [PSYoungGen: 211818K->690K(206592K)] 743481K->532433K(893568K), 0.0045660 secs] [Times: user=0.02 sys=0.00, real=0.00 secs] 
2014-07-16T08:28:44.380+0000: 3599.600: [GC [PSYoungGen: 206564K->1172K(202560K)] 738307K->532987K(889536K), 0.0087400 secs] [Times: user=0.05 sys=0.00, real=0.01 secs] 
2014-07-16T08:28:45.120+0000: 3600.340: [GC [PSYoungGen: 202516K->744K(197760K)] 734331K->532623K(884736K), 0.0083420 secs] [Times: user=0.06 sys=0.00, real=0.01 secs] 
2014-07-16T08:28:45.869+0000: 3601.089: [GC [PSYoungGen: 197736K->854K(193664K)] 729615K->532829K(880640K), 0.0041510 secs] [Times: user=0.02 sys=0.00, real=0.00 secs] 
2014-07-16T08:28:46.560+0000: 3601.780: [GC [PSYoungGen: 193622K->676K(232064K)] 725597K->532707K(919040K), 0.0109650 secs] [Times: user=0.07 sys=0.00, real=0.01 secs] 
2014-07-16T08:28:47.423+0000: 3602.643: [GC [PSYoungGen: 232036K->1044K(227008K)] 764067K->533131K(913984K), 0.0038810 secs] [Times: user=0.03 sys=0.00, real=0.00 secs] 
2014-07-16T08:28:48.250+0000: 3603.470: [GC [PSYoungGen: 226916K->1158K(221888K)] 759003K->533333K(908864K), 0.0070450 secs] [Times: user=0.05 sys=0.00, real=0.00 secs] 
2014-07-16T08:28:49.068+0000: 3604.288: [GC [PSYoungGen: 221821K->1066K(216704K)] 753996K->533479K(903680K), 0.0040690 secs] [Times: user=0.02 sys=0.00, real=0.01 secs] 
2014-07-16T08:28:49.866+0000: 3605.086: [GC [PSYoungGen: 216667K->1096K(211904K)] 749080K->533565K(898880K), 0.0050800 secs] [Times: user=0.02 sys=0.00, real=0.01 secs] 
2014-07-16T08:28:50.725+0000: 3605.945: [GC [PSYoungGen: 211848K->1150K(207168K)] 744317K->534011K(894144K), 0.0071330 secs] [Times: user=0.05 sys=0.00, real=0.01 secs] 
2014-07-16T08:28:51.441+0000: 3606.661: [GC [PSYoungGen: 207166K->1390K(202880K)] 740027K->534315K(889856K), 0.0080210 secs] [Times: user=0.05 sys=0.00, real=0.01 secs] 
2014-07-16T08:28:52.247+0000: 3607.467: [GC [PSYoungGen: 202862K->1062K(242880K)] 735787K->534187K(929856K), 0.0151600 secs] [Times: user=0.10 sys=0.00, real=0.02 secs] 
2014-07-16T08:28:53.117+0000: 3608.337: [GC [PSYoungGen: 242853K->1204K(291392K)] 775978K->534385K(978368K), 0.0110160 secs] [Times: user=0.07 sys=0.00, real=0.01 secs] 
2014-07-16T08:28:54.195+0000: 3609.415: [GC [PSYoungGen: 291380K->1068K(322432K)] 824561K->534497K(1009408K), 0.0209310 secs] [Times: user=0.12 sys=0.00, real=0.02 secs] 
2014-07-16T08:28:55.398+0000: 3610.618: [GC [PSYoungGen: 322118K->1012K(322816K)] 855548K->534481K(1009792K), 0.0048390 secs] [Times: user=0.02 sys=0.00, real=0.01 secs] 
2014-07-16T08:28:56.619+0000: 3611.838: [GC [PSYoungGen: 322099K->758K(312960K)] 855568K->534291K(999936K), 0.0072280 secs] [Times: user=0.04 sys=0.00, real=0.01 secs] 
2014-07-16T08:28:57.782+0000: 3613.002: [GC [PSYoungGen: 312950K->822K(304512K)] 846483K->534435K(991488K), 0.0072760 secs] [Times: user=0.04 sys=0.00, real=0.00 secs] 
2014-07-16T08:28:58.914+0000: 3614.134: [GC [PSYoungGen: 304502K->826K(296320K)] 838115K->534503K(983296K), 0.0076820 secs] [Times: user=0.05 sys=0.00, real=0.01 secs] 
2014-07-16T08:29:00.014+0000: 3615.234: [GC [PSYoungGen: 296314K->1390K(289024K)] 829991K->535131K(976000K), 0.0080830 secs] [Times: user=0.05 sys=0.01, real=0.01 secs] 
2014-07-16T08:29:01.147+0000: 3616.367: [GC [PSYoungGen: 289006K->790K(280896K)] 822747K->534595K(967872K), 0.0072780 secs] [Times: user=0.05 sys=0.00, real=0.01 secs] 
2014-07-16T08:29:02.175+0000: 3617.395: [GC [PSYoungGen: 280854K->808K(273664K)] 814659K->534653K(960640K), 0.0072760 secs] [Times: user=0.04 sys=0.00, real=0.01 secs] 
2014-07-16T08:29:03.214+0000: 3618.434: [GC [PSYoungGen: 273596K->994K(266880K)] 807442K->534895K(953856K), 0.0107650 secs] [Times: user=0.07 sys=0.00, real=0.01 secs] 
2014-07-16T08:29:04.191+0000: 3619.411: [GC [PSYoungGen: 266850K->544K(259712K)] 800751K->534493K(946688K), 0.0092260 secs] [Times: user=0.05 sys=0.00, real=0.00 secs] 
2014-07-16T08:29:05.122+0000: 3620.342: [GC [PSYoungGen: 259636K->954K(253632K)] 793585K->534983K(940608K), 0.0044070 secs] [Times: user=0.02 sys=0.00, real=0.00 secs] 
2014-07-16T08:29:06.121+0000: 3621.341: [GC [PSYoungGen: 253587K->1008K(247488K)] 787616K->535109K(934464K), 0.0080570 secs] [Times: user=0.05 sys=0.01, real=0.01 secs] 
2014-07-16T08:29:07.031+0000: 3622.251: [GC [PSYoungGen: 247472K->1260K(241728K)] 781573K->535441K(928704K), 0.0098600 secs] [Times: user=0.06 sys=0.01, real=0.01 secs] 
2014-07-16T08:29:07.915+0000: 3623.135: [GC [PSYoungGen: 241689K->740K(235456K)] 775871K->535009K(922432K), 0.0047890 secs] [Times: user=0.03 sys=0.00, real=0.00 secs] 
2014-07-16T08:29:08.771+0000: 3623.991: [GC [PSYoungGen: 235412K->1198K(230336K)] 769681K->535729K(917312K), 0.0057090 secs] [Times: user=0.04 sys=0.00, real=0.01 secs] 
2014-07-16T08:29:09.946+0000: 3625.166: [GC [PSYoungGen: 230318K->1016K(224768K)] 764849K->535595K(911744K), 0.0046060 secs] [Times: user=0.02 sys=0.00, real=0.00 secs] 
Heap
 PSYoungGen      total 224768K, used 176088K [0x0000000755560000, 0x000000076c740000, 0x0000000800000000)
  eden space 223744K, 78% used [0x0000000755560000,0x0000000760058070,0x0000000762fe0000)
  from space 1024K, 99% used [0x000000076c500000,0x000000076c5fe120,0x000000076c600000)
  to   space 1280K, 0% used [0x000000076c600000,0x000000076c600000,0x000000076c740000)
 ParOldGen       total 686976K, used 534579K [0x0000000600000000, 0x0000000629ee0000, 0x0000000755560000)
  object space 686976K, 77% used [0x0000000600000000,0x0000000620a0cd88,0x0000000629ee0000)
 PSPermGen       total 21248K, used 11797K [0x00000005f5a00000, 0x00000005f6ec0000, 0x0000000600000000)
  object space 21248K, 55% used [0x00000005f5a00000,0x00000005f6585660,0x00000005f6ec0000)
