2014-07-16T06:07:23.797+0000: 22.797: [GC [PSYoungGen: 257728K->11043K(300608K)] 257728K->11051K(987584K), 0.0371750 secs] [Times: user=0.15 sys=0.00, real=0.04 secs] 
2014-07-16T06:07:27.896+0000: 26.897: [GC [PSYoungGen: 268771K->12705K(300608K)] 268779K->12721K(987584K), 0.0103570 secs] [Times: user=0.03 sys=0.01, real=0.01 secs] 
2014-07-16T06:07:30.420+0000: 29.421: [GC [PSYoungGen: 270433K->12881K(300608K)] 270449K->12905K(987584K), 0.0094140 secs] [Times: user=0.04 sys=0.00, real=0.00 secs] 
2014-07-16T06:07:32.909+0000: 31.910: [GC [PSYoungGen: 270609K->13647K(300608K)] 270633K->13671K(987584K), 0.0097710 secs] [Times: user=0.06 sys=0.00, real=0.01 secs] 
2014-07-16T06:07:34.790+0000: 33.790: [GC [PSYoungGen: 271375K->19745K(271104K)] 271399K->19777K(958080K), 0.0308280 secs] [Times: user=0.16 sys=0.01, real=0.03 secs] 
2014-07-16T06:07:36.433+0000: 35.434: [GC [PSYoungGen: 271073K->18987K(264192K)] 271105K->23396K(951168K), 0.0199630 secs] [Times: user=0.09 sys=0.01, real=0.02 secs] 
2014-07-16T06:07:38.233+0000: 37.233: [GC [PSYoungGen: 264171K->9148K(248384K)] 268580K->24567K(935360K), 0.0087590 secs] [Times: user=0.03 sys=0.01, real=0.00 secs] 
2014-07-16T06:07:39.816+0000: 38.817: [GC [PSYoungGen: 248380K->8296K(251904K)] 263799K->24814K(938880K), 0.0039780 secs] [Times: user=0.01 sys=0.00, real=0.00 secs] 
2014-07-16T06:07:41.282+0000: 40.282: [GC [PSYoungGen: 241832K->2784K(230848K)] 258350K->25623K(917824K), 0.0053920 secs] [Times: user=0.02 sys=0.01, real=0.01 secs] 
2014-07-16T06:07:42.787+0000: 41.788: [GC [PSYoungGen: 230816K->820K(243840K)] 253655K->25273K(930816K), 0.0069380 secs] [Times: user=0.03 sys=0.01, real=0.01 secs] 
2014-07-16T06:07:44.081+0000: 43.081: [GC [PSYoungGen: 223540K->352K(217984K)] 247993K->25385K(904960K), 0.0030530 secs] [Times: user=0.02 sys=0.00, real=0.01 secs] 
2014-07-16T06:07:45.383+0000: 44.384: [GC [PSYoungGen: 217952K->620K(233984K)] 242985K->25693K(920960K), 0.0068750 secs] [Times: user=0.03 sys=0.00, real=0.00 secs] 
2014-07-16T06:07:46.669+0000: 45.670: [GC [PSYoungGen: 213292K->416K(208320K)] 238365K->25529K(895296K), 0.0029390 secs] [Times: user=0.01 sys=0.00, real=0.00 secs] 
2014-07-16T06:07:47.988+0000: 46.989: [GC [PSYoungGen: 208267K->652K(223808K)] 233380K->25813K(910784K), 0.0028180 secs] [Times: user=0.01 sys=0.00, real=0.00 secs] 
2014-07-16T06:07:49.046+0000: 48.046: [GC [PSYoungGen: 203912K->388K(199232K)] 229073K->25589K(886208K), 0.0030880 secs] [Times: user=0.01 sys=0.00, real=0.00 secs] 
2014-07-16T06:07:50.075+0000: 49.075: [GC [PSYoungGen: 199172K->320K(213888K)] 224373K->25561K(900864K), 0.0048460 secs] [Times: user=0.02 sys=0.00, real=0.00 secs] 
2014-07-16T06:07:51.035+0000: 50.035: [GC [PSYoungGen: 194816K->552K(190912K)] 220057K->25857K(877888K), 0.0090160 secs] [Times: user=0.04 sys=0.00, real=0.01 secs] 
2014-07-16T06:07:51.987+0000: 50.988: [GC [PSYoungGen: 190888K->1120K(203904K)] 216193K->26465K(890880K), 0.0049980 secs] [Times: user=0.02 sys=0.01, real=0.00 secs] 
2014-07-16T06:07:52.961+0000: 51.961: [GC [PSYoungGen: 187424K->652K(183104K)] 212769K->26029K(870080K), 0.0056930 secs] [Times: user=0.01 sys=0.00, real=0.01 secs] 
2014-07-16T06:07:53.933+0000: 52.934: [GC [PSYoungGen: 183052K->922K(194432K)] 208429K->26331K(881408K), 0.0035570 secs] [Times: user=0.02 sys=0.00, real=0.01 secs] 
2014-07-16T06:07:54.897+0000: 53.898: [GC [PSYoungGen: 179546K->534K(175552K)] 204955K->25999K(862528K), 0.0045790 secs] [Times: user=0.02 sys=0.00, real=0.00 secs] 
2014-07-16T06:07:55.804+0000: 54.804: [GC [PSYoungGen: 175491K->438K(185664K)] 200956K->25927K(872640K), 0.0038090 secs] [Times: user=0.01 sys=0.00, real=0.01 secs] 
2014-07-16T06:07:56.701+0000: 55.702: [GC [PSYoungGen: 171894K->402K(168512K)] 197383K->25955K(855488K), 0.0106280 secs] [Times: user=0.05 sys=0.00, real=0.01 secs] 
2014-07-16T06:07:57.536+0000: 56.537: [GC [PSYoungGen: 168465K->588K(177344K)] 194018K->26189K(864320K), 0.0038380 secs] [Times: user=0.01 sys=0.00, real=0.00 secs] 
2014-07-16T06:07:58.386+0000: 57.387: [GC [PSYoungGen: 165388K->470K(162112K)] 190989K->26143K(849088K), 0.0046020 secs] [Times: user=0.03 sys=0.00, real=0.00 secs] 
2014-07-16T06:07:59.199+0000: 58.199: [GC [PSYoungGen: 162070K->438K(169536K)] 187743K->26143K(856512K), 0.0032000 secs] [Times: user=0.01 sys=0.00, real=0.00 secs] 
2014-07-16T06:07:59.995+0000: 58.996: [GC [PSYoungGen: 158966K->502K(156032K)] 184671K->26239K(843008K), 0.0075840 secs] [Times: user=0.03 sys=0.00, real=0.00 secs] 
2014-07-16T06:08:00.851+0000: 59.852: [GC [PSYoungGen: 156022K->352K(162176K)] 181759K->26169K(849152K), 0.0036870 secs] [Times: user=0.01 sys=0.01, real=0.01 secs] 
2014-07-16T06:08:01.669+0000: 60.669: [GC [PSYoungGen: 152992K->838K(150720K)] 178809K->26687K(837696K), 0.0086180 secs] [Times: user=0.04 sys=0.00, real=0.01 secs] 
2014-07-16T06:08:02.451+0000: 61.452: [GC [PSYoungGen: 150662K->484K(155136K)] 176511K->26373K(842112K), 0.0034200 secs] [Times: user=0.01 sys=0.00, real=0.00 secs] 
2014-07-16T06:08:03.200+0000: 62.201: [GC [PSYoungGen: 147523K->766K(145216K)] 173413K->26719K(832192K), 0.0077690 secs] [Times: user=0.03 sys=0.00, real=0.01 secs] 
2014-07-16T06:08:03.900+0000: 62.900: [GC [PSYoungGen: 145213K->452K(148736K)] 171166K->26445K(835712K), 0.0028310 secs] [Times: user=0.01 sys=0.01, real=0.00 secs] 
2014-07-16T06:08:04.592+0000: 63.592: [GC [PSYoungGen: 142340K->602K(140032K)] 168333K->26651K(827008K), 0.0059100 secs] [Times: user=0.03 sys=0.00, real=0.01 secs] 
2014-07-16T06:08:05.267+0000: 64.268: [GC [PSYoungGen: 139994K->356K(142848K)] 166043K->26429K(829824K), 0.0038680 secs] [Times: user=0.01 sys=0.00, real=0.00 secs] 
2014-07-16T06:08:05.951+0000: 64.952: [GC [PSYoungGen: 137297K->352K(134976K)] 163370K->26465K(821952K), 0.0036210 secs] [Times: user=0.02 sys=0.00, real=0.00 secs] 
2014-07-16T06:08:06.594+0000: 65.595: [GC [PSYoungGen: 134944K->530K(137152K)] 161057K->26707K(824128K), 0.0045550 secs] [Times: user=0.02 sys=0.00, real=0.01 secs] 
2014-07-16T06:08:07.242+0000: 66.243: [GC [PSYoungGen: 132792K->848K(130944K)] 158969K->27105K(817920K), 0.0042610 secs] [Times: user=0.02 sys=0.00, real=0.01 secs] 
2014-07-16T06:08:07.931+0000: 66.931: [GC [PSYoungGen: 130896K->1158K(131712K)] 157153K->27471K(818688K), 0.0035630 secs] [Times: user=0.01 sys=0.00, real=0.00 secs] 
2014-07-16T06:08:08.598+0000: 67.599: [GC [PSYoungGen: 129029K->438K(126208K)] 155342K->26799K(813184K), 0.0048650 secs] [Times: user=0.02 sys=0.00, real=0.00 secs] 
2014-07-16T06:08:09.237+0000: 68.238: [GC [PSYoungGen: 126184K->808K(126912K)] 152546K->27233K(813888K), 0.0040660 secs] [Times: user=0.02 sys=0.00, real=0.00 secs] 
2014-07-16T06:08:09.848+0000: 68.849: [GC [PSYoungGen: 124520K->484K(122240K)] 150945K->26989K(809216K), 0.0039440 secs] [Times: user=0.02 sys=0.00, real=0.00 secs] 
2014-07-16T06:08:10.472+0000: 69.473: [GC [PSYoungGen: 122212K->320K(122624K)] 148717K->26873K(809600K), 0.0030880 secs] [Times: user=0.01 sys=0.00, real=0.00 secs] 
2014-07-16T06:08:11.075+0000: 70.076: [GC [PSYoungGen: 120128K->552K(118528K)] 146681K->27169K(805504K), 0.0040240 secs] [Times: user=0.02 sys=0.00, real=0.01 secs] 
2014-07-16T06:08:11.644+0000: 70.645: [GC [PSYoungGen: 118460K->552K(118464K)] 145078K->27201K(805440K), 0.0078120 secs] [Times: user=0.03 sys=0.00, real=0.01 secs] 
2014-07-16T06:08:12.207+0000: 71.207: [GC [PSYoungGen: 116685K->320K(114688K)] 143334K->26985K(801664K), 0.0058840 secs] [Times: user=0.02 sys=0.00, real=0.01 secs] 
2014-07-16T06:08:12.769+0000: 71.770: [GC [PSYoungGen: 114688K->784K(114368K)] 141353K->27497K(801344K), 0.0035020 secs] [Times: user=0.01 sys=0.00, real=0.00 secs] 
2014-07-16T06:08:13.344+0000: 72.344: [GC [PSYoungGen: 113424K->370K(111360K)] 140137K->27147K(798336K), 0.0070530 secs] [Times: user=0.04 sys=0.00, real=0.01 secs] 
2014-07-16T06:08:13.908+0000: 72.909: [GC [PSYoungGen: 111332K->488K(110336K)] 138109K->27297K(797312K), 0.0059400 secs] [Times: user=0.03 sys=0.00, real=0.00 secs] 
2014-07-16T06:08:14.452+0000: 73.452: [GC [PSYoungGen: 109800K->420K(108160K)] 136609K->27301K(795136K), 0.0053080 secs] [Times: user=0.03 sys=0.00, real=0.01 secs] 
2014-07-16T06:08:14.999+0000: 74.000: [GC [PSYoungGen: 108132K->338K(106560K)] 135013K->27275K(793536K), 0.0064630 secs] [Times: user=0.04 sys=0.00, real=0.00 secs] 
2014-07-16T06:08:15.521+0000: 74.522: [GC [PSYoungGen: 106514K->584K(105280K)] 133451K->27577K(792256K), 0.0038320 secs] [Times: user=0.02 sys=0.00, real=0.00 secs] 
2014-07-16T06:08:16.051+0000: 75.051: [GC [PSYoungGen: 105224K->456K(109440K)] 132217K->27473K(796416K), 0.0078830 secs] [Times: user=0.04 sys=0.00, real=0.01 secs] 
2014-07-16T06:08:16.607+0000: 75.607: [GC [PSYoungGen: 107144K->470K(105664K)] 134161K->27535K(792640K), 0.0032820 secs] [Times: user=0.01 sys=0.00, real=0.01 secs] 
2014-07-16T06:08:17.154+0000: 76.154: [GC [PSYoungGen: 105622K->816K(104512K)] 132687K->27961K(791488K), 0.0033350 secs] [Times: user=0.01 sys=0.00, real=0.01 secs] 
2014-07-16T06:08:17.631+0000: 76.632: [GC [PSYoungGen: 104435K->666K(102912K)] 131580K->27907K(789888K), 0.0043100 secs] [Times: user=0.02 sys=0.01, real=0.00 secs] 
2014-07-16T06:08:18.117+0000: 77.118: [GC [PSYoungGen: 102874K->580K(105600K)] 130115K->27885K(792576K), 0.0121210 secs] [Times: user=0.06 sys=0.00, real=0.02 secs] 
2014-07-16T06:08:18.585+0000: 77.585: [GC [PSYoungGen: 104004K->530K(105472K)] 131309K->27907K(792448K), 0.0052470 secs] [Times: user=0.03 sys=0.00, real=0.01 secs] 
2014-07-16T06:08:19.077+0000: 78.077: [GC [PSYoungGen: 103954K->552K(125824K)] 131331K->28001K(812800K), 0.0031240 secs] [Times: user=0.01 sys=0.00, real=0.01 secs] 
2014-07-16T06:08:19.632+0000: 78.633: [GC [PSYoungGen: 124712K->470K(122688K)] 152161K->27967K(809664K), 0.0043780 secs] [Times: user=0.03 sys=0.00, real=0.00 secs] 
2014-07-16T06:08:20.228+0000: 79.228: [GC [PSYoungGen: 122646K->998K(121280K)] 150143K->28575K(808256K), 0.0041540 secs] [Times: user=0.01 sys=0.00, real=0.01 secs] 
2014-07-16T06:08:20.770+0000: 79.770: [GC [PSYoungGen: 121254K->548K(118976K)] 148831K->28173K(805952K), 0.0053450 secs] [Times: user=0.03 sys=0.00, real=0.00 secs] 
2014-07-16T06:08:21.341+0000: 80.342: [GC [PSYoungGen: 118948K->420K(116992K)] 146573K->28077K(803968K), 0.0050850 secs] [Times: user=0.02 sys=0.00, real=0.00 secs] 
2014-07-16T06:08:21.869+0000: 80.869: [GC [PSYoungGen: 116953K->770K(115584K)] 144610K->28491K(802560K), 0.0037030 secs] [Times: user=0.02 sys=0.00, real=0.00 secs] 
2014-07-16T06:08:22.410+0000: 81.411: [GC [PSYoungGen: 115522K->898K(113984K)] 143243K->28683K(800960K), 0.0071270 secs] [Times: user=0.04 sys=0.00, real=0.00 secs] 
2014-07-16T06:08:22.990+0000: 81.990: [GC [PSYoungGen: 113896K->1010K(112384K)] 141681K->28859K(799360K), 0.0047870 secs] [Times: user=0.02 sys=0.00, real=0.00 secs] 
2014-07-16T06:08:23.465+0000: 82.466: [GC [PSYoungGen: 112370K->808K(110528K)] 140219K->28737K(797504K), 0.0039780 secs] [Times: user=0.02 sys=0.01, real=0.01 secs] 
2014-07-16T06:08:23.894+0000: 82.894: [GC [PSYoungGen: 110474K->626K(108736K)] 138404K->28627K(795712K), 0.0029880 secs] [Times: user=0.02 sys=0.00, real=0.00 secs] 
2014-07-16T06:08:24.366+0000: 83.367: [GC [PSYoungGen: 108700K->644K(119040K)] 136701K->28685K(806016K), 0.0100020 secs] [Times: user=0.06 sys=0.00, real=0.01 secs] 
2014-07-16T06:08:24.864+0000: 83.865: [GC [PSYoungGen: 118212K->1106K(118976K)] 146253K->29219K(805952K), 0.0056880 secs] [Times: user=0.04 sys=0.00, real=0.01 secs] 
2014-07-16T06:08:25.466+0000: 84.467: [GC [PSYoungGen: 118644K->740K(116544K)] 146757K->28909K(803520K), 0.0028920 secs] [Times: user=0.01 sys=0.00, real=0.01 secs] 
2014-07-16T06:08:25.957+0000: 84.957: [GC [PSYoungGen: 116512K->1080K(115072K)] 144681K->29313K(802048K), 0.0051790 secs] [Times: user=0.03 sys=0.00, real=0.01 secs] 
2014-07-16T06:08:26.449+0000: 85.450: [GC [PSYoungGen: 115064K->1012K(113280K)] 143297K->29569K(800256K), 0.0038290 secs] [Times: user=0.02 sys=0.00, real=0.00 secs] 
2014-07-16T06:08:26.904+0000: 85.905: [GC [PSYoungGen: 113226K->812K(111424K)] 141783K->29417K(798400K), 0.0055530 secs] [Times: user=0.03 sys=0.01, real=0.01 secs] 
2014-07-16T06:08:27.320+0000: 86.321: [GC [PSYoungGen: 111404K->1268K(134016K)] 140009K->30161K(820992K), 0.0091010 secs] [Times: user=0.05 sys=0.00, real=0.01 secs] 
2014-07-16T06:08:27.833+0000: 86.834: [GC [PSYoungGen: 133960K->770K(139840K)] 162853K->29711K(826816K), 0.0034770 secs] [Times: user=0.03 sys=0.00, real=0.00 secs] 
2014-07-16T06:08:28.387+0000: 87.387: [GC [PSYoungGen: 138944K->562K(160896K)] 167886K->29535K(847872K), 0.0062900 secs] [Times: user=0.04 sys=0.00, real=0.01 secs] 
2014-07-16T06:08:28.989+0000: 87.989: [GC [PSYoungGen: 159829K->794K(157120K)] 188802K->29855K(844096K), 0.0040860 secs] [Times: user=0.02 sys=0.01, real=0.01 secs] 
2014-07-16T06:08:29.552+0000: 88.553: [GC [PSYoungGen: 157082K->488K(153856K)] 186143K->29597K(840832K), 0.0050940 secs] [Times: user=0.03 sys=0.00, real=0.00 secs] 
2014-07-16T06:08:30.118+0000: 89.119: [GC [PSYoungGen: 153832K->854K(151424K)] 182941K->30051K(838400K), 0.0031180 secs] [Times: user=0.01 sys=0.00, real=0.01 secs] 
2014-07-16T06:08:30.677+0000: 89.677: [GC [PSYoungGen: 151382K->402K(148224K)] 180579K->29623K(835200K), 0.0083590 secs] [Times: user=0.01 sys=0.00, real=0.01 secs] 
2014-07-16T06:08:31.208+0000: 90.209: [GC [PSYoungGen: 148156K->548K(145664K)] 177378K->29825K(832640K), 0.0032970 secs] [Times: user=0.01 sys=0.00, real=0.01 secs] 
2014-07-16T06:08:31.738+0000: 90.739: [GC [PSYoungGen: 145628K->1348K(143936K)] 174906K->30665K(830912K), 0.0047420 secs] [Times: user=0.03 sys=0.00, real=0.01 secs] 
2014-07-16T06:08:32.253+0000: 91.254: [GC [PSYoungGen: 143872K->922K(140992K)] 173190K->30311K(827968K), 0.0041700 secs] [Times: user=0.02 sys=0.00, real=0.00 secs] 
2014-07-16T06:08:32.753+0000: 91.753: [GC [PSYoungGen: 140954K->870K(138496K)] 170343K->30861K(825472K), 0.0064030 secs] [Times: user=0.03 sys=0.00, real=0.00 secs] 
2014-07-16T06:08:33.314+0000: 92.315: [GC [PSYoungGen: 138470K->966K(155712K)] 168461K->30989K(842688K), 0.0065550 secs] [Times: user=0.04 sys=0.01, real=0.01 secs] 
2014-07-16T06:08:33.840+0000: 92.840: [GC [PSYoungGen: 154950K->780K(152000K)] 184973K->31107K(838976K), 0.0042490 secs] [Times: user=0.03 sys=0.00, real=0.01 secs] 
2014-07-16T06:08:34.387+0000: 93.387: [GC [PSYoungGen: 151948K->498K(148928K)] 182275K->30897K(835904K), 0.0042700 secs] [Times: user=0.02 sys=0.00, real=0.01 secs] 
2014-07-16T06:08:34.955+0000: 93.955: [GC [PSYoungGen: 148914K->776K(146560K)] 179313K->31255K(833536K), 0.0027800 secs] [Times: user=0.02 sys=0.00, real=0.00 secs] 
2014-07-16T06:08:35.485+0000: 94.485: [GC [PSYoungGen: 146504K->640K(143744K)] 176983K->31199K(830720K), 0.0028850 secs] [Times: user=0.01 sys=0.00, real=0.00 secs] 
2014-07-16T06:08:35.990+0000: 94.990: [GC [PSYoungGen: 143725K->534K(141184K)] 174284K->31125K(828160K), 0.0049560 secs] [Times: user=0.01 sys=0.00, real=0.01 secs] 
2014-07-16T06:08:36.501+0000: 95.501: [GC [PSYoungGen: 141140K->498K(138688K)] 171731K->31185K(825664K), 0.0032440 secs] [Times: user=0.02 sys=0.00, real=0.00 secs] 
2014-07-16T06:08:37.004+0000: 96.005: [GC [PSYoungGen: 138674K->704K(136512K)] 169361K->31447K(823488K), 0.0034140 secs] [Times: user=0.01 sys=0.00, real=0.00 secs] 
2014-07-16T06:08:37.493+0000: 96.493: [GC [PSYoungGen: 136512K->780K(134336K)] 167255K->31571K(821312K), 0.0026060 secs] [Times: user=0.01 sys=0.01, real=0.00 secs] 
2014-07-16T06:08:37.984+0000: 96.984: [GC [PSYoungGen: 134284K->594K(131904K)] 165075K->31441K(818880K), 0.0032210 secs] [Times: user=0.01 sys=0.00, real=0.00 secs] 
2014-07-16T06:08:38.470+0000: 97.471: [GC [PSYoungGen: 131858K->858K(129984K)] 162705K->31809K(816960K), 0.0048280 secs] [Times: user=0.02 sys=0.01, real=0.01 secs] 
2014-07-16T06:08:38.933+0000: 97.934: [GC [PSYoungGen: 129946K->548K(127552K)] 160897K->31587K(814528K), 0.0030770 secs] [Times: user=0.02 sys=0.00, real=0.00 secs] 
2014-07-16T06:08:39.384+0000: 98.385: [GC [PSYoungGen: 127523K->926K(125888K)] 158563K->32029K(812864K), 0.0031790 secs] [Times: user=0.01 sys=0.00, real=0.00 secs] 
2014-07-16T06:08:39.833+0000: 98.834: [GC [PSYoungGen: 125854K->734K(123712K)] 156957K->31909K(810688K), 0.0032740 secs] [Times: user=0.01 sys=0.00, real=0.00 secs] 
2014-07-16T06:08:40.271+0000: 99.272: [GC [PSYoungGen: 123626K->552K(121536K)] 154801K->31799K(808512K), 0.0065030 secs] [Times: user=0.04 sys=0.00, real=0.00 secs] 
2014-07-16T06:08:40.706+0000: 99.707: [GC [PSYoungGen: 121512K->562K(119616K)] 152759K->31889K(806592K), 0.0040920 secs] [Times: user=0.02 sys=0.00, real=0.00 secs] 
2014-07-16T06:08:41.130+0000: 100.130: [GC [PSYoungGen: 119590K->680K(117888K)] 150918K->32111K(804864K), 0.0035340 secs] [Times: user=0.02 sys=0.00, real=0.01 secs] 
2014-07-16T06:08:41.544+0000: 100.544: [GC [PSYoungGen: 117864K->944K(116352K)] 149295K->32455K(803328K), 0.0028970 secs] [Times: user=0.01 sys=0.00, real=0.00 secs] 
2014-07-16T06:08:41.969+0000: 100.970: [GC [PSYoungGen: 116313K->712K(114432K)] 147824K->32287K(801408K), 0.0052730 secs] [Times: user=0.02 sys=0.00, real=0.01 secs] 
2014-07-16T06:08:42.374+0000: 101.375: [GC [PSYoungGen: 114376K->608K(112576K)] 145951K->32279K(799552K), 0.0022940 secs] [Times: user=0.01 sys=0.01, real=0.00 secs] 
2014-07-16T06:08:42.782+0000: 101.783: [GC [PSYoungGen: 112542K->876K(111168K)] 144214K->32635K(798144K), 0.0053150 secs] [Times: user=0.03 sys=0.00, real=0.00 secs] 
2014-07-16T06:08:43.249+0000: 102.250: [GC [PSYoungGen: 111148K->808K(109504K)] 142907K->32955K(796480K), 0.0038880 secs] [Times: user=0.02 sys=0.00, real=0.01 secs] 
2014-07-16T06:08:43.576+0000: 102.577: [GC [PSYoungGen: 109480K->676K(107776K)] 141627K->32903K(794752K), 0.0042240 secs] [Times: user=0.02 sys=0.00, real=0.00 secs] 
2014-07-16T06:08:43.967+0000: 102.968: [GC [PSYoungGen: 107748K->1190K(106752K)] 139975K->33725K(793728K), 0.0026520 secs] [Times: user=0.01 sys=0.00, real=0.00 secs] 
2014-07-16T06:08:44.340+0000: 103.340: [GC [PSYoungGen: 106726K->608K(104704K)] 139261K->33239K(791680K), 0.0050360 secs] [Times: user=0.02 sys=0.00, real=0.01 secs] 
2014-07-16T06:08:44.702+0000: 103.703: [GC [PSYoungGen: 104640K->648K(103296K)] 137271K->33351K(790272K), 0.0022440 secs] [Times: user=0.01 sys=0.00, real=0.00 secs] 
2014-07-16T06:08:45.073+0000: 104.074: [GC [PSYoungGen: 103240K->370K(101568K)] 135943K->33129K(788544K), 0.0035510 secs] [Times: user=0.02 sys=0.00, real=0.00 secs] 
2014-07-16T06:08:45.420+0000: 104.421: [GC [PSYoungGen: 101554K->830K(100608K)] 134313K->33685K(787584K), 0.0031620 secs] [Times: user=0.01 sys=0.00, real=0.01 secs] 
2014-07-16T06:08:45.771+0000: 104.772: [GC [PSYoungGen: 100567K->894K(99328K)] 133423K->33829K(786304K), 0.0035430 secs] [Times: user=0.02 sys=0.00, real=0.01 secs] 
2014-07-16T06:08:46.125+0000: 105.126: [GC [PSYoungGen: 99326K->1140K(119296K)] 132261K->34263K(806272K), 0.0051220 secs] [Times: user=0.03 sys=0.00, real=0.00 secs] 
2014-07-16T06:08:46.543+0000: 105.544: [GC [PSYoungGen: 119284K->994K(142848K)] 152407K->34165K(829824K), 0.0114260 secs] [Times: user=0.06 sys=0.00, real=0.01 secs] 
2014-07-16T06:08:47.054+0000: 106.055: [GC [PSYoungGen: 142818K->806K(148928K)] 175989K->34209K(835904K), 0.0039900 secs] [Times: user=0.01 sys=0.01, real=0.00 secs] 
2014-07-16T06:08:47.596+0000: 106.597: [GC [PSYoungGen: 148902K->1082K(149568K)] 182305K->34541K(836544K), 0.0024120 secs] [Times: user=0.01 sys=0.01, real=0.00 secs] 
2014-07-16T06:08:48.139+0000: 107.140: [GC [PSYoungGen: 149163K->616K(179136K)] 182623K->34221K(866112K), 0.0050950 secs] [Times: user=0.02 sys=0.00, real=0.01 secs] 
2014-07-16T06:08:48.774+0000: 107.774: [GC [PSYoungGen: 178328K->548K(174720K)] 211934K->34201K(861696K), 0.0047640 secs] [Times: user=0.02 sys=0.00, real=0.00 secs] 
2014-07-16T06:08:49.410+0000: 108.411: [GC [PSYoungGen: 174692K->466K(171200K)] 208345K->34191K(858176K), 0.0039260 secs] [Times: user=0.02 sys=0.00, real=0.01 secs] 
2014-07-16T06:08:50.029+0000: 109.030: [GC [PSYoungGen: 171154K->894K(168192K)] 204879K->34675K(855168K), 0.0039180 secs] [Times: user=0.01 sys=0.00, real=0.01 secs] 
2014-07-16T06:08:50.625+0000: 109.626: [GC [PSYoungGen: 168190K->790K(164864K)] 201971K->34627K(851840K), 0.0040760 secs] [Times: user=0.02 sys=0.00, real=0.00 secs] 
2014-07-16T06:08:51.215+0000: 110.215: [GC [PSYoungGen: 164822K->694K(161600K)] 198659K->34611K(848576K), 0.0035300 secs] [Times: user=0.02 sys=0.00, real=0.00 secs] 
2014-07-16T06:08:51.799+0000: 110.800: [GC [PSYoungGen: 161590K->512K(158336K)] 195507K->34485K(845312K), 0.0033560 secs] [Times: user=0.01 sys=0.00, real=0.00 secs] 
2014-07-16T06:08:52.359+0000: 111.360: [GC [PSYoungGen: 158336K->1090K(156032K)] 192309K->35159K(843008K), 0.0036140 secs] [Times: user=0.02 sys=0.00, real=0.00 secs] 
2014-07-16T06:08:52.914+0000: 111.914: [GC [PSYoungGen: 155970K->1066K(153088K)] 190039K->35263K(840064K), 0.0043730 secs] [Times: user=0.03 sys=0.00, real=0.00 secs] 
2014-07-16T06:08:53.519+0000: 112.519: [GC [PSYoungGen: 153063K->698K(149888K)] 187260K->34951K(836864K), 0.0043140 secs] [Times: user=0.03 sys=0.00, real=0.01 secs] 
2014-07-16T06:08:54.012+0000: 113.013: [GC [PSYoungGen: 149882K->648K(147200K)] 184135K->35057K(834176K), 0.0055030 secs] [Times: user=0.03 sys=0.00, real=0.01 secs] 
2014-07-16T06:08:54.533+0000: 113.534: [GC [PSYoungGen: 147144K->648K(144576K)] 181553K->35137K(831552K), 0.0049910 secs] [Times: user=0.03 sys=0.00, real=0.00 secs] 
2014-07-16T06:08:55.050+0000: 114.051: [GC [PSYoungGen: 144520K->766K(142080K)] 179009K->35327K(829056K), 0.0040390 secs] [Times: user=0.02 sys=0.01, real=0.01 secs] 
2014-07-16T06:08:55.560+0000: 114.561: [GC [PSYoungGen: 142061K->894K(139712K)] 176622K->35519K(826688K), 0.0055850 secs] [Times: user=0.03 sys=0.00, real=0.01 secs] 
2014-07-16T06:08:56.065+0000: 115.066: [GC [PSYoungGen: 139710K->530K(137024K)] 174335K->35251K(824000K), 0.0042690 secs] [Times: user=0.02 sys=0.00, real=0.00 secs] 
2014-07-16T06:08:56.562+0000: 115.563: [GC [PSYoungGen: 136962K->976K(135168K)] 171684K->35761K(822144K), 0.0033910 secs] [Times: user=0.02 sys=0.00, real=0.01 secs] 
2014-07-16T06:08:57.041+0000: 116.041: [GC [PSYoungGen: 135060K->980K(132928K)] 169845K->35861K(819904K), 0.0025850 secs] [Times: user=0.01 sys=0.00, real=0.00 secs] 
2014-07-16T06:08:57.548+0000: 116.549: [GC [PSYoungGen: 132871K->730K(130496K)] 167753K->35683K(817472K), 0.0055230 secs] [Times: user=0.04 sys=0.00, real=0.00 secs] 
2014-07-16T06:08:57.975+0000: 116.976: [GC [PSYoungGen: 130458K->584K(128256K)] 165411K->35609K(815232K), 0.0030670 secs] [Times: user=0.02 sys=0.00, real=0.00 secs] 
2014-07-16T06:08:58.505+0000: 117.505: [GC [PSYoungGen: 128200K->1238K(126784K)] 163225K->36303K(813760K), 0.0046550 secs] [Times: user=0.02 sys=0.00, real=0.00 secs] 
2014-07-16T06:08:58.891+0000: 117.892: [GC [PSYoungGen: 126742K->822K(124288K)] 161807K->35943K(811264K), 0.0036170 secs] [Times: user=0.01 sys=0.01, real=0.01 secs] 
2014-07-16T06:08:59.329+0000: 118.329: [GC [PSYoungGen: 124278K->616K(122112K)] 159399K->35825K(809088K), 0.0042460 secs] [Times: user=0.02 sys=0.00, real=0.00 secs] 
2014-07-16T06:08:59.764+0000: 118.765: [GC [PSYoungGen: 122030K->794K(120384K)] 157240K->36059K(807360K), 0.0040140 secs] [Times: user=0.02 sys=0.00, real=0.00 secs] 
2014-07-16T06:09:00.202+0000: 119.202: [GC [PSYoungGen: 120346K->416K(118144K)] 155611K->35745K(805120K), 0.0043780 secs] [Times: user=0.02 sys=0.00, real=0.01 secs] 
2014-07-16T06:09:00.623+0000: 119.624: [GC [PSYoungGen: 118112K->932K(116864K)] 153441K->36341K(803840K), 0.0057160 secs] [Times: user=0.04 sys=0.00, real=0.01 secs] 
2014-07-16T06:09:01.030+0000: 120.030: [GC [PSYoungGen: 116836K->594K(139776K)] 152245K->36067K(826752K), 0.0046930 secs] [Times: user=0.02 sys=0.00, real=0.01 secs] 
2014-07-16T06:09:01.515+0000: 120.515: [GC [PSYoungGen: 139730K->912K(137664K)] 175203K->36473K(824640K), 0.0027690 secs] [Times: user=0.02 sys=0.00, real=0.00 secs] 
2014-07-16T06:09:02.007+0000: 121.008: [GC [PSYoungGen: 137616K->1080K(135424K)] 173177K->36713K(822400K), 0.0038460 secs] [Times: user=0.02 sys=0.00, real=0.00 secs] 
2014-07-16T06:09:02.502+0000: 121.503: [GC [PSYoungGen: 135416K->658K(132800K)] 171049K->36387K(819776K), 0.0057360 secs] [Times: user=0.03 sys=0.00, real=0.01 secs] 
2014-07-16T06:09:02.979+0000: 121.979: [GC [PSYoungGen: 132754K->900K(130880K)] 168483K->36701K(817856K), 0.0040790 secs] [Times: user=0.02 sys=0.00, real=0.00 secs] 
2014-07-16T06:09:03.448+0000: 122.449: [GC [PSYoungGen: 130820K->1072K(156992K)] 166621K->36953K(843968K), 0.0070870 secs] [Times: user=0.04 sys=0.00, real=0.01 secs] 
2014-07-16T06:09:04.031+0000: 123.031: [GC [PSYoungGen: 156976K->448K(153472K)] 192857K->36409K(840448K), 0.0038250 secs] [Times: user=0.02 sys=0.00, real=0.00 secs] 
2014-07-16T06:09:04.576+0000: 123.577: [GC [PSYoungGen: 153472K->758K(150976K)] 189433K->36799K(837952K), 0.0041600 secs] [Times: user=0.02 sys=0.00, real=0.00 secs] 
2014-07-16T06:09:05.116+0000: 124.117: [GC [PSYoungGen: 150966K->754K(148224K)] 187007K->36875K(835200K), 0.0024720 secs] [Times: user=0.01 sys=0.00, real=0.00 secs] 
2014-07-16T06:09:05.636+0000: 124.636: [GC [PSYoungGen: 148186K->630K(145472K)] 184308K->36831K(832448K), 0.0036980 secs] [Times: user=0.02 sys=0.01, real=0.00 secs] 
2014-07-16T06:09:06.161+0000: 125.162: [GC [PSYoungGen: 145462K->904K(143232K)] 181663K->37145K(830208K), 0.0066720 secs] [Times: user=0.03 sys=0.00, real=0.01 secs] 
2014-07-16T06:09:06.672+0000: 125.673: [GC [PSYoungGen: 143176K->894K(140672K)] 179417K->37207K(827648K), 0.0046350 secs] [Times: user=0.02 sys=0.01, real=0.01 secs] 
2014-07-16T06:09:07.176+0000: 126.176: [GC [PSYoungGen: 140670K->900K(138304K)] 176983K->37269K(825280K), 0.0048430 secs] [Times: user=0.02 sys=0.00, real=0.00 secs] 
2014-07-16T06:09:07.740+0000: 126.741: [GC [PSYoungGen: 138227K->762K(135744K)] 174597K->37511K(822720K), 0.0042970 secs] [Times: user=0.02 sys=0.00, real=0.00 secs] 
2014-07-16T06:09:08.191+0000: 127.191: [GC [PSYoungGen: 135738K->1026K(133760K)] 172487K->37847K(820736K), 0.0042420 secs] [Times: user=0.03 sys=0.00, real=0.00 secs] 
2014-07-16T06:09:08.727+0000: 127.728: [GC [PSYoungGen: 133698K->890K(131328K)] 170519K->38023K(818304K), 0.0049120 secs] [Times: user=0.03 sys=0.00, real=0.00 secs] 
2014-07-16T06:09:09.153+0000: 128.154: [GC [PSYoungGen: 131291K->958K(129216K)] 168425K->38171K(816192K), 0.0060960 secs] [Times: user=0.03 sys=0.00, real=0.01 secs] 
2014-07-16T06:09:09.613+0000: 128.614: [GC [PSYoungGen: 129214K->826K(126976K)] 166427K->38127K(813952K), 0.0025830 secs] [Times: user=0.01 sys=0.01, real=0.01 secs] 
2014-07-16T06:09:10.065+0000: 129.066: [GC [PSYoungGen: 126970K->544K(124672K)] 164271K->37941K(811648K), 0.0033470 secs] [Times: user=0.01 sys=0.01, real=0.00 secs] 
2014-07-16T06:09:10.507+0000: 129.507: [GC [PSYoungGen: 124640K->794K(149760K)] 162037K->38215K(836736K), 0.0166680 secs] [Times: user=0.09 sys=0.00, real=0.01 secs] 
2014-07-16T06:09:11.052+0000: 130.052: [GC [PSYoungGen: 149709K->934K(155392K)] 187131K->38379K(842368K), 0.0036710 secs] [Times: user=0.01 sys=0.00, real=0.01 secs] 
2014-07-16T06:09:11.606+0000: 130.606: [GC [PSYoungGen: 155046K->972K(180032K)] 192491K->38497K(867008K), 0.0036150 secs] [Times: user=0.01 sys=0.00, real=0.01 secs] 
2014-07-16T06:09:12.233+0000: 131.233: [GC [PSYoungGen: 179682K->766K(175872K)] 217207K->38363K(862848K), 0.0031180 secs] [Times: user=0.01 sys=0.01, real=0.00 secs] 
2014-07-16T06:09:12.858+0000: 131.858: [GC [PSYoungGen: 175849K->566K(172160K)] 213447K->38391K(859136K), 0.0068720 secs] [Times: user=0.04 sys=0.00, real=0.00 secs] 
2014-07-16T06:09:13.470+0000: 132.471: [GC [PSYoungGen: 172150K->1196K(169408K)] 209975K->39277K(856384K), 0.0031710 secs] [Times: user=0.01 sys=0.01, real=0.00 secs] 
2014-07-16T06:09:14.106+0000: 133.107: [GC [PSYoungGen: 169385K->676K(165632K)] 207467K->38821K(852608K), 0.0027000 secs] [Times: user=0.01 sys=0.00, real=0.00 secs] 
2014-07-16T06:09:14.694+0000: 133.695: [GC [PSYoungGen: 165604K->876K(162624K)] 203749K->39094K(849600K), 0.0051280 secs] [Times: user=0.03 sys=0.00, real=0.01 secs] 
2014-07-16T06:09:15.267+0000: 134.268: [GC [PSYoungGen: 162604K->712K(159424K)] 200822K->39033K(846400K), 0.0031690 secs] [Times: user=0.02 sys=0.00, real=0.00 secs] 
2014-07-16T06:09:15.848+0000: 134.848: [GC [PSYoungGen: 159368K->894K(156544K)] 197689K->39295K(843520K), 0.0032370 secs] [Times: user=0.01 sys=0.00, real=0.00 secs] 
2014-07-16T06:09:16.397+0000: 135.398: [GC [PSYoungGen: 156542K->666K(153472K)] 194943K->39140K(840448K), 0.0068450 secs] [Times: user=0.04 sys=0.00, real=0.00 secs] 
2014-07-16T06:09:16.954+0000: 135.955: [GC [PSYoungGen: 153434K->448K(150400K)] 191908K->38985K(837376K), 0.0050430 secs] [Times: user=0.03 sys=0.00, real=0.01 secs] 
2014-07-16T06:09:17.491+0000: 136.492: [GC [PSYoungGen: 150400K->1204K(148416K)] 188937K->39830K(835392K), 0.0024340 secs] [Times: user=0.02 sys=0.00, real=0.00 secs] 
2014-07-16T06:09:18.008+0000: 137.009: [GC [PSYoungGen: 148404K->534K(145152K)] 187030K->39199K(832128K), 0.0040610 secs] [Times: user=0.01 sys=0.00, real=0.00 secs] 
2014-07-16T06:09:18.518+0000: 137.519: [GC [PSYoungGen: 145110K->634K(142656K)] 183775K->39356K(829632K), 0.0047240 secs] [Times: user=0.02 sys=0.00, real=0.00 secs] 
2014-07-16T06:09:19.058+0000: 138.059: [GC [PSYoungGen: 142650K->644K(140224K)] 181372K->39453K(827200K), 0.0032550 secs] [Times: user=0.01 sys=0.00, real=0.00 secs] 
2014-07-16T06:09:19.558+0000: 138.559: [GC [PSYoungGen: 140133K->680K(137792K)] 178943K->39561K(824768K), 0.0040730 secs] [Times: user=0.02 sys=0.00, real=0.00 secs] 
2014-07-16T06:09:20.038+0000: 139.039: [GC [PSYoungGen: 137768K->880K(135616K)] 176649K->39810K(822592K), 0.0028870 secs] [Times: user=0.01 sys=0.00, real=0.00 secs] 
2014-07-16T06:09:20.517+0000: 139.518: [GC [PSYoungGen: 135548K->666K(133120K)] 174478K->39651K(820096K), 0.0022910 secs] [Times: user=0.02 sys=0.00, real=0.00 secs] 
2014-07-16T06:09:20.989+0000: 139.990: [GC [PSYoungGen: 133082K->916K(131136K)] 172067K->39926K(818112K), 0.0045770 secs] [Times: user=0.02 sys=0.00, real=0.00 secs] 
2014-07-16T06:09:21.461+0000: 140.462: [GC [PSYoungGen: 131092K->934K(128960K)] 170102K->40056K(815936K), 0.0045330 secs] [Times: user=0.02 sys=0.00, real=0.00 secs] 
2014-07-16T06:09:21.922+0000: 140.923: [GC [PSYoungGen: 128934K->652K(126592K)] 168056K->39821K(813568K), 0.0037180 secs] [Times: user=0.01 sys=0.01, real=0.00 secs] 
2014-07-16T06:09:22.384+0000: 141.384: [GC [PSYoungGen: 126503K->634K(124480K)] 165673K->39843K(811456K), 0.0026020 secs] [Times: user=0.01 sys=0.00, real=0.00 secs] 
2014-07-16T06:09:22.833+0000: 141.834: [GC [PSYoungGen: 124474K->1030K(122944K)] 163683K->40328K(809920K), 0.0032450 secs] [Times: user=0.02 sys=0.00, real=0.00 secs] 
2014-07-16T06:09:23.273+0000: 142.274: [GC [PSYoungGen: 122878K->862K(120832K)] 162176K->40239K(807808K), 0.0043770 secs] [Times: user=0.02 sys=0.00, real=0.01 secs] 
2014-07-16T06:09:23.715+0000: 142.716: [GC [PSYoungGen: 120741K->972K(119104K)] 160118K->40405K(806080K), 0.0066450 secs] [Times: user=0.03 sys=0.00, real=0.01 secs] 
2014-07-16T06:09:24.160+0000: 143.161: [GC [PSYoungGen: 119052K->684K(116992K)] 158485K->40221K(803968K), 0.0040580 secs] [Times: user=0.03 sys=0.00, real=0.00 secs] 
2014-07-16T06:09:24.566+0000: 143.567: [GC [PSYoungGen: 116960K->644K(115200K)] 156498K->40229K(802176K), 0.0043680 secs] [Times: user=0.02 sys=0.00, real=0.01 secs] 
2014-07-16T06:09:24.967+0000: 143.968: [GC [PSYoungGen: 115140K->1108K(113920K)] 154725K->40840K(800896K), 0.0042650 secs] [Times: user=0.02 sys=0.00, real=0.01 secs] 
2014-07-16T06:09:25.364+0000: 144.364: [GC [PSYoungGen: 113876K->676K(111808K)] 153608K->40463K(798784K), 0.0034360 secs] [Times: user=0.02 sys=0.00, real=0.00 secs] 
2014-07-16T06:09:25.757+0000: 144.758: [GC [PSYoungGen: 111780K->338K(109824K)] 151567K->40141K(796800K), 0.0043640 secs] [Times: user=0.01 sys=0.00, real=0.01 secs] 
2014-07-16T06:09:26.150+0000: 145.151: [GC [PSYoungGen: 109751K->516K(108416K)] 149554K->40367K(795392K), 0.0042970 secs] [Times: user=0.02 sys=0.01, real=0.00 secs] 
2014-07-16T06:09:26.533+0000: 145.533: [GC [PSYoungGen: 108356K->1054K(130496K)] 148207K->40962K(817472K), 0.0067140 secs] [Times: user=0.02 sys=0.00, real=0.01 secs] 
2014-07-16T06:09:27.011+0000: 146.012: [GC [PSYoungGen: 130433K->804K(156160K)] 170341K->40783K(843136K), 0.0048330 secs] [Times: user=0.02 sys=0.00, real=0.00 secs] 
2014-07-16T06:09:27.543+0000: 146.543: [GC [PSYoungGen: 156132K->626K(153088K)] 196111K->40653K(840064K), 0.0033790 secs] [Times: user=0.02 sys=0.01, real=0.00 secs] 
2014-07-16T06:09:28.088+0000: 147.089: [GC [PSYoungGen: 153074K->672K(150336K)] 193101K->40763K(837312K), 0.0031960 secs] [Times: user=0.01 sys=0.00, real=0.00 secs] 
2014-07-16T06:09:28.617+0000: 147.617: [GC [PSYoungGen: 150304K->880K(147840K)] 190395K->41044K(834816K), 0.0044360 secs] [Times: user=0.02 sys=0.00, real=0.01 secs] 
2014-07-16T06:09:29.197+0000: 148.197: [GC [PSYoungGen: 147795K->726K(145088K)] 187959K->40977K(832064K), 0.0035900 secs] [Times: user=0.02 sys=0.00, real=0.01 secs] 
2014-07-16T06:09:29.683+0000: 148.684: [GC [PSYoungGen: 145046K->562K(142336K)] 185297K->40853K(829312K), 0.0070030 secs] [Times: user=0.04 sys=0.00, real=0.01 secs] 
2014-07-16T06:09:30.199+0000: 149.200: [GC [PSYoungGen: 142322K->876K(140160K)] 182613K->41272K(827136K), 0.0028500 secs] [Times: user=0.02 sys=0.00, real=0.00 secs] 
2014-07-16T06:09:30.693+0000: 149.694: [GC [PSYoungGen: 140140K->744K(137600K)] 180536K->41220K(824576K), 0.0036620 secs] [Times: user=0.02 sys=0.00, real=0.00 secs] 
2014-07-16T06:09:31.187+0000: 150.188: [GC [PSYoungGen: 137576K->790K(135296K)] 178052K->41345K(822272K), 0.0038220 secs] [Times: user=0.02 sys=0.00, real=0.01 secs] 
2014-07-16T06:09:31.657+0000: 150.658: [GC [PSYoungGen: 135254K->890K(133056K)] 175809K->41631K(820032K), 0.0039560 secs] [Times: user=0.02 sys=0.01, real=0.01 secs] 
2014-07-16T06:09:32.121+0000: 151.121: [GC [PSYoungGen: 133050K->758K(130752K)] 173791K->41547K(817728K), 0.0036270 secs] [Times: user=0.01 sys=0.00, real=0.00 secs] 
2014-07-16T06:09:32.586+0000: 151.587: [GC [PSYoungGen: 130742K->804K(156864K)] 171531K->41641K(843840K), 0.0097300 secs] [Times: user=0.05 sys=0.00, real=0.01 secs] 
2014-07-16T06:09:33.150+0000: 152.150: [GC [PSYoungGen: 156836K->612K(153792K)] 197673K->41513K(840768K), 0.0026690 secs] [Times: user=0.01 sys=0.00, real=0.00 secs] 
2014-07-16T06:09:33.703+0000: 152.703: [GC [PSYoungGen: 153764K->894K(158592K)] 194665K->41900K(845568K), 0.0081470 secs] [Times: user=0.05 sys=0.00, real=0.01 secs] 
2014-07-16T06:09:34.285+0000: 153.285: [GC [PSYoungGen: 158590K->908K(155712K)] 199596K->41994K(842688K), 0.0046720 secs] [Times: user=0.02 sys=0.00, real=0.01 secs] 
2014-07-16T06:09:34.835+0000: 153.836: [GC [PSYoungGen: 155636K->306K(152192K)] 196722K->41601K(839168K), 0.0045200 secs] [Times: user=0.02 sys=0.00, real=0.01 secs] 
2014-07-16T06:09:35.382+0000: 154.383: [GC [PSYoungGen: 152178K->612K(149760K)] 193473K->42030K(836736K), 0.0054090 secs] [Times: user=0.03 sys=0.00, real=0.00 secs] 
2014-07-16T06:09:35.919+0000: 154.920: [GC [PSYoungGen: 149732K->352K(146816K)] 191150K->41918K(833792K), 0.0032460 secs] [Times: user=0.01 sys=0.01, real=0.00 secs] 
2014-07-16T06:09:36.451+0000: 155.452: [GC [PSYoungGen: 146784K->754K(144576K)] 188350K->42416K(831552K), 0.0053490 secs] [Times: user=0.03 sys=0.00, real=0.00 secs] 
2014-07-16T06:09:36.957+0000: 155.957: [GC [PSYoungGen: 144562K->1194K(142464K)] 186224K->43328K(829440K), 0.0031420 secs] [Times: user=0.02 sys=0.00, real=0.01 secs] 
2014-07-16T06:09:37.467+0000: 156.467: [GC [PSYoungGen: 142435K->1200K(139968K)] 184569K->43366K(826944K), 0.0041630 secs] [Times: user=0.01 sys=0.00, real=0.01 secs] 
2014-07-16T06:09:38.091+0000: 157.092: [GC [PSYoungGen: 139895K->320K(136704K)] 182061K->43284K(823680K), 0.0048770 secs] [Times: user=0.02 sys=0.00, real=0.00 secs] 
2014-07-16T06:09:38.508+0000: 157.508: [GC [PSYoungGen: 136703K->912K(135040K)] 179667K->43908K(822016K), 0.0057710 secs] [Times: user=0.02 sys=0.00, real=0.01 secs] 
2014-07-16T06:09:39.053+0000: 158.054: [GC [PSYoungGen: 134992K->1138K(132992K)] 177988K->44626K(819968K), 0.0032970 secs] [Times: user=0.01 sys=0.00, real=0.00 secs] 
2014-07-16T06:09:39.477+0000: 158.477: [GC [PSYoungGen: 132978K->612K(130304K)] 176466K->44148K(817280K), 0.0041690 secs] [Times: user=0.01 sys=0.00, real=0.01 secs] 
2014-07-16T06:09:39.939+0000: 158.940: [GC [PSYoungGen: 130276K->748K(128320K)] 173812K->44324K(815296K), 0.0031700 secs] [Times: user=0.02 sys=0.00, real=0.01 secs] 
2014-07-16T06:09:40.394+0000: 159.395: [GC [PSYoungGen: 128300K->1130K(126656K)] 171876K->44786K(813632K), 0.0026220 secs] [Times: user=0.01 sys=0.00, real=0.00 secs] 
2014-07-16T06:09:40.858+0000: 159.859: [GC [PSYoungGen: 126634K->630K(124096K)] 170290K->44390K(811072K), 0.0044840 secs] [Times: user=0.02 sys=0.00, real=0.01 secs] 
2014-07-16T06:09:41.305+0000: 160.306: [GC [PSYoungGen: 124086K->1208K(122688K)] 167846K->45056K(809664K), 0.0030550 secs] [Times: user=0.02 sys=0.00, real=0.00 secs] 
2014-07-16T06:09:41.743+0000: 160.744: [GC [PSYoungGen: 122680K->794K(120384K)] 166528K->44706K(807360K), 0.0030920 secs] [Times: user=0.01 sys=0.00, real=0.00 secs] 
2014-07-16T06:09:42.162+0000: 161.163: [GC [PSYoungGen: 120343K->1204K(118912K)] 164255K->45172K(805888K), 0.0032350 secs] [Times: user=0.01 sys=0.01, real=0.00 secs] 
2014-07-16T06:09:42.576+0000: 161.577: [GC [PSYoungGen: 118900K->626K(116544K)] 162868K->44666K(803520K), 0.0027320 secs] [Times: user=0.01 sys=0.00, real=0.00 secs] 
2014-07-16T06:09:43.005+0000: 162.006: [GC [PSYoungGen: 116530K->994K(115136K)] 160570K->45114K(802112K), 0.0028030 secs] [Times: user=0.02 sys=0.00, real=0.00 secs] 
2014-07-16T06:09:43.421+0000: 162.422: [GC [PSYoungGen: 115063K->958K(113344K)] 159183K->45174K(800320K), 0.0049810 secs] [Times: user=0.03 sys=0.00, real=0.00 secs] 
2014-07-16T06:09:43.827+0000: 162.827: [GC [PSYoungGen: 113342K->960K(111680K)] 157558K->45240K(798656K), 0.0031580 secs] [Times: user=0.01 sys=0.00, real=0.00 secs] 
2014-07-16T06:09:44.280+0000: 163.281: [GC [PSYoungGen: 111680K->990K(110144K)] 155960K->45342K(797120K), 0.0049560 secs] [Times: user=0.03 sys=0.00, real=0.01 secs] 
2014-07-16T06:09:44.640+0000: 163.641: [GC [PSYoungGen: 110110K->480K(108032K)] 154462K->44896K(795008K), 0.0027240 secs] [Times: user=0.01 sys=0.00, real=0.01 secs] 
2014-07-16T06:09:45.028+0000: 164.028: [GC [PSYoungGen: 107999K->402K(106432K)] 152416K->44850K(793408K), 0.0028390 secs] [Times: user=0.01 sys=0.00, real=0.00 secs] 
2014-07-16T06:09:45.416+0000: 164.417: [GC [PSYoungGen: 106353K->684K(105152K)] 150802K->45196K(792128K), 0.0029700 secs] [Times: user=0.02 sys=0.00, real=0.00 secs] 
2014-07-16T06:09:45.797+0000: 164.798: [GC [PSYoungGen: 105132K->676K(103680K)] 149644K->45252K(790656K), 0.0039660 secs] [Times: user=0.02 sys=0.00, real=0.01 secs] 
2014-07-16T06:09:46.162+0000: 165.163: [GC [PSYoungGen: 103640K->1058K(102656K)] 148216K->45738K(789632K), 0.0028960 secs] [Times: user=0.01 sys=0.00, real=0.00 secs] 
2014-07-16T06:09:46.526+0000: 165.527: [GC [PSYoungGen: 102626K->1066K(101248K)] 147306K->46074K(788224K), 0.0041410 secs] [Times: user=0.03 sys=0.00, real=0.00 secs] 
2014-07-16T06:09:46.893+0000: 165.894: [GC [PSYoungGen: 101226K->562K(99392K)] 146234K->45642K(786368K), 0.0046910 secs] [Times: user=0.03 sys=0.00, real=0.00 secs] 
2014-07-16T06:09:47.265+0000: 166.265: [GC [PSYoungGen: 99378K->1318K(98816K)] 144458K->46478K(785792K), 0.0036960 secs] [Times: user=0.01 sys=0.00, real=0.00 secs] 
2014-07-16T06:09:47.607+0000: 166.608: [GC [PSYoungGen: 98790K->1054K(97280K)] 143950K->46286K(784256K), 0.0032240 secs] [Times: user=0.01 sys=0.00, real=0.00 secs] 
2014-07-16T06:09:47.968+0000: 166.969: [GC [PSYoungGen: 97246K->940K(116416K)] 142478K->46252K(803392K), 0.0044270 secs] [Times: user=0.02 sys=0.01, real=0.01 secs] 
2014-07-16T06:09:48.413+0000: 167.414: [GC [PSYoungGen: 116396K->958K(139520K)] 161708K->46310K(826496K), 0.0105520 secs] [Times: user=0.05 sys=0.00, real=0.01 secs] 
2014-07-16T06:09:48.882+0000: 167.883: [GC [PSYoungGen: 139518K->798K(140224K)] 184870K->46198K(827200K), 0.0104440 secs] [Times: user=0.06 sys=0.01, real=0.01 secs] 
2014-07-16T06:09:49.396+0000: 168.397: [GC [PSYoungGen: 139422K->880K(140160K)] 184822K->46376K(827136K), 0.0030290 secs] [Times: user=0.01 sys=0.00, real=0.00 secs] 
2014-07-16T06:09:49.884+0000: 168.885: [GC [PSYoungGen: 139504K->434K(167808K)] 185000K->45970K(854784K), 0.0026730 secs] [Times: user=0.01 sys=0.00, real=0.00 secs] 
2014-07-16T06:09:50.479+0000: 169.480: [GC [PSYoungGen: 166770K->434K(167872K)] 212306K->46002K(854848K), 0.0076470 secs] [Times: user=0.04 sys=0.00, real=0.01 secs] 
2014-07-16T06:09:51.101+0000: 170.102: [GC [PSYoungGen: 166770K->1108K(201152K)] 212338K->46780K(888128K), 0.0037130 secs] [Times: user=0.02 sys=0.00, real=0.01 secs] 
2014-07-16T06:09:51.800+0000: 170.801: [GC [PSYoungGen: 200724K->466K(195776K)] 246396K->46178K(882752K), 0.0067650 secs] [Times: user=0.04 sys=0.00, real=0.01 secs] 
2014-07-16T06:09:52.499+0000: 171.499: [GC [PSYoungGen: 195730K->516K(199680K)] 241442K->46252K(886656K), 0.0117000 secs] [Times: user=0.04 sys=0.00, real=0.01 secs] 
2014-07-16T06:09:53.214+0000: 172.215: [GC [PSYoungGen: 199108K->1104K(195456K)] 244844K->46904K(882432K), 0.0031900 secs] [Times: user=0.01 sys=0.01, real=0.00 secs] 
2014-07-16T06:09:53.897+0000: 172.897: [GC [PSYoungGen: 195362K->438K(190592K)] 241162K->46336K(877568K), 0.0026300 secs] [Times: user=0.01 sys=0.00, real=0.00 secs] 
2014-07-16T06:09:54.577+0000: 173.578: [GC [PSYoungGen: 190582K->644K(186816K)] 236480K->46606K(873792K), 0.0050260 secs] [Times: user=0.02 sys=0.00, real=0.01 secs] 
2014-07-16T06:09:55.256+0000: 174.257: [GC [PSYoungGen: 186756K->766K(183040K)] 232718K->46826K(870016K), 0.0048880 secs] [Times: user=0.01 sys=0.00, real=0.00 secs] 
2014-07-16T06:09:55.922+0000: 174.922: [GC [PSYoungGen: 183038K->530K(179136K)] 229098K->46638K(866112K), 0.0065000 secs] [Times: user=0.04 sys=0.00, real=0.01 secs] 
2014-07-16T06:09:56.560+0000: 175.560: [GC [PSYoungGen: 179090K->844K(175808K)] 225198K->47032K(862784K), 0.0039150 secs] [Times: user=0.02 sys=0.00, real=0.01 secs] 
2014-07-16T06:09:57.198+0000: 176.199: [GC [PSYoungGen: 175747K->684K(172096K)] 221935K->46928K(859072K), 0.0046330 secs] [Times: user=0.03 sys=0.00, real=0.00 secs] 
2014-07-16T06:09:57.816+0000: 176.817: [GC [PSYoungGen: 172076K->812K(168832K)] 218320K->47104K(855808K), 0.0059060 secs] [Times: user=0.03 sys=0.01, real=0.00 secs] 
2014-07-16T06:09:58.419+0000: 177.420: [GC [PSYoungGen: 168811K->790K(165568K)] 215104K->47194K(852544K), 0.0027880 secs] [Times: user=0.01 sys=0.00, real=0.00 secs] 
2014-07-16T06:09:59.010+0000: 178.011: [GC [PSYoungGen: 165491K->598K(162176K)] 211896K->47066K(849152K), 0.0030280 secs] [Times: user=0.01 sys=0.00, real=0.01 secs] 
2014-07-16T06:09:59.687+0000: 178.688: [GC [PSYoungGen: 162121K->1262K(159744K)] 208589K->47794K(846720K), 0.0030660 secs] [Times: user=0.02 sys=0.00, real=0.00 secs] 
2014-07-16T06:10:00.227+0000: 179.227: [GC [PSYoungGen: 159726K->702K(156160K)] 206258K->47274K(843136K), 0.0083850 secs] [Times: user=0.04 sys=0.00, real=0.01 secs] 
2014-07-16T06:10:00.796+0000: 179.797: [GC [PSYoungGen: 156158K->830K(153408K)] 202730K->47466K(840384K), 0.0025870 secs] [Times: user=0.01 sys=0.01, real=0.00 secs] 
2014-07-16T06:10:01.346+0000: 180.346: [GC [PSYoungGen: 153387K->480K(150272K)] 200023K->47180K(837248K), 0.0086100 secs] [Times: user=0.04 sys=0.00, real=0.01 secs] 
2014-07-16T06:10:01.911+0000: 180.912: [GC [PSYoungGen: 150240K->882K(147968K)] 196940K->47646K(834944K), 0.0028190 secs] [Times: user=0.01 sys=0.00, real=0.01 secs] 
2014-07-16T06:10:02.422+0000: 181.422: [GC [PSYoungGen: 147952K->822K(145280K)] 194717K->47682K(832256K), 0.0027700 secs] [Times: user=0.01 sys=0.00, real=0.01 secs] 
2014-07-16T06:10:02.955+0000: 181.956: [GC [PSYoungGen: 145234K->644K(142592K)] 192094K->47568K(829568K), 0.0041030 secs] [Times: user=0.02 sys=0.00, real=0.00 secs] 
2014-07-16T06:10:03.458+0000: 182.458: [GC [PSYoungGen: 142532K->548K(139968K)] 189456K->47528K(826944K), 0.0063160 secs] [Times: user=0.03 sys=0.00, real=0.01 secs] 
2014-07-16T06:10:03.967+0000: 182.968: [GC [PSYoungGen: 139940K->1190K(138176K)] 186920K->48350K(825152K), 0.0041960 secs] [Times: user=0.01 sys=0.00, real=0.00 secs] 
2014-07-16T06:10:04.525+0000: 183.526: [GC [PSYoungGen: 138150K->688K(165056K)] 185310K->48250K(852032K), 0.0090630 secs] [Times: user=0.05 sys=0.00, real=0.01 secs] 
2014-07-16T06:10:05.053+0000: 184.053: [GC [PSYoungGen: 165040K->1030K(162304K)] 212602K->48656K(849280K), 0.0038940 secs] [Times: user=0.01 sys=0.00, real=0.01 secs] 
2014-07-16T06:10:05.641+0000: 184.642: [GC [PSYoungGen: 162246K->608K(158784K)] 209872K->48596K(845760K), 0.0037040 secs] [Times: user=0.02 sys=0.00, real=0.01 secs] 
2014-07-16T06:10:06.218+0000: 185.219: [GC [PSYoungGen: 158752K->990K(156224K)] 206740K->49082K(843200K), 0.0029090 secs] [Times: user=0.01 sys=0.00, real=0.00 secs] 
2014-07-16T06:10:06.788+0000: 185.788: [GC [PSYoungGen: 156190K->516K(152896K)] 204282K->48664K(839872K), 0.0060410 secs] [Times: user=0.03 sys=0.01, real=0.00 secs] 
2014-07-16T06:10:07.334+0000: 186.335: [GC [PSYoungGen: 152836K->612K(150144K)] 200984K->48848K(837120K), 0.0040230 secs] [Times: user=0.02 sys=0.00, real=0.00 secs] 
2014-07-16T06:10:07.867+0000: 186.868: [GC [PSYoungGen: 150116K->534K(147392K)] 198352K->48842K(834368K), 0.0060080 secs] [Times: user=0.03 sys=0.00, real=0.00 secs] 
2014-07-16T06:10:08.393+0000: 187.394: [GC [PSYoungGen: 147313K->694K(144896K)] 195622K->49082K(831872K), 0.0036270 secs] [Times: user=0.02 sys=0.00, real=0.01 secs] 
2014-07-16T06:10:08.916+0000: 187.917: [GC [PSYoungGen: 144886K->534K(142208K)] 193274K->48954K(829184K), 0.0070430 secs] [Times: user=0.04 sys=0.01, real=0.00 secs] 
2014-07-16T06:10:09.486+0000: 188.486: [GC [PSYoungGen: 142166K->1260K(171264K)] 190586K->49736K(858240K), 0.0073990 secs] [Times: user=0.05 sys=0.00, real=0.00 secs] 
2014-07-16T06:10:10.036+0000: 189.036: [GC [PSYoungGen: 171244K->868K(167552K)] 219720K->49416K(854528K), 0.0043180 secs] [Times: user=0.02 sys=0.00, real=0.00 secs] 
2014-07-16T06:10:10.621+0000: 189.622: [GC [PSYoungGen: 167524K->498K(163904K)] 216072K->49110K(850880K), 0.0039310 secs] [Times: user=0.02 sys=0.00, real=0.01 secs] 
2014-07-16T06:10:11.230+0000: 190.231: [GC [PSYoungGen: 163890K->1368K(161664K)] 212502K->50028K(848640K), 0.0054110 secs] [Times: user=0.03 sys=0.01, real=0.01 secs] 
2014-07-16T06:10:11.792+0000: 190.793: [GC [PSYoungGen: 161624K->666K(157888K)] 210284K->49342K(844864K), 0.0057700 secs] [Times: user=0.02 sys=0.00, real=0.01 secs] 
2014-07-16T06:10:12.362+0000: 191.362: [GC [PSYoungGen: 157842K->694K(154944K)] 206519K->49482K(841920K), 0.0025960 secs] [Times: user=0.01 sys=0.00, real=0.00 secs] 
2014-07-16T06:10:12.921+0000: 191.921: [GC [PSYoungGen: 154934K->708K(152128K)] 203722K->49568K(839104K), 0.0033330 secs] [Times: user=0.01 sys=0.00, real=0.00 secs] 
2014-07-16T06:10:13.458+0000: 192.459: [GC [PSYoungGen: 152042K->1144K(149760K)] 200902K->50084K(836736K), 0.0029350 secs] [Times: user=0.01 sys=0.00, real=0.00 secs] 
2014-07-16T06:10:13.988+0000: 192.989: [GC [PSYoungGen: 149752K->762K(146688K)] 198692K->49766K(833664K), 0.0057060 secs] [Times: user=0.03 sys=0.01, real=0.00 secs] 
2014-07-16T06:10:14.628+0000: 193.629: [GC [PSYoungGen: 146682K->1178K(144512K)] 195686K->50246K(831488K), 0.0062200 secs] [Times: user=0.03 sys=0.00, real=0.00 secs] 
2014-07-16T06:10:15.078+0000: 194.079: [GC [PSYoungGen: 144474K->466K(141248K)] 193542K->49574K(828224K), 0.0049720 secs] [Times: user=0.02 sys=0.00, real=0.00 secs] 
2014-07-16T06:10:15.608+0000: 194.609: [GC [PSYoungGen: 141148K->1054K(139392K)] 190256K->50250K(826368K), 0.0070890 secs] [Times: user=0.04 sys=0.00, real=0.01 secs] 
2014-07-16T06:10:16.096+0000: 195.096: [GC [PSYoungGen: 139352K->612K(136576K)] 188549K->49848K(823552K), 0.0047810 secs] [Times: user=0.02 sys=0.00, real=0.01 secs] 
2014-07-16T06:10:16.585+0000: 195.586: [GC [PSYoungGen: 136548K->940K(134592K)] 185784K->50248K(821568K), 0.0056720 secs] [Times: user=0.04 sys=0.00, real=0.01 secs] 
2014-07-16T06:10:17.073+0000: 196.073: [GC [PSYoungGen: 134572K->584K(132032K)] 183880K->49940K(819008K), 0.0038290 secs] [Times: user=0.01 sys=0.00, real=0.01 secs] 
2014-07-16T06:10:17.542+0000: 196.543: [GC [PSYoungGen: 131957K->716K(129984K)] 181314K->50128K(816960K), 0.0048300 secs] [Times: user=0.02 sys=0.00, real=0.01 secs] 
2014-07-16T06:10:18.013+0000: 197.014: [GC [PSYoungGen: 129919K->740K(127872K)] 179332K->50224K(814848K), 0.0050690 secs] [Times: user=0.03 sys=0.00, real=0.01 secs] 
2014-07-16T06:10:18.473+0000: 197.473: [GC [PSYoungGen: 127844K->754K(125824K)] 177328K->50310K(812800K), 0.0028730 secs] [Times: user=0.02 sys=0.00, real=0.00 secs] 
2014-07-16T06:10:18.929+0000: 197.930: [GC [PSYoungGen: 125808K->644K(123776K)] 175365K->50256K(810752K), 0.0032440 secs] [Times: user=0.01 sys=0.00, real=0.00 secs] 
2014-07-16T06:10:19.391+0000: 198.392: [GC [PSYoungGen: 123699K->964K(122112K)] 173312K->50640K(809088K), 0.0030080 secs] [Times: user=0.01 sys=0.01, real=0.00 secs] 
2014-07-16T06:10:19.831+0000: 198.832: [GC [PSYoungGen: 122052K->662K(119872K)] 171728K->50378K(806848K), 0.0034340 secs] [Times: user=0.02 sys=0.00, real=0.00 secs] 
2014-07-16T06:10:20.250+0000: 199.251: [GC [PSYoungGen: 119818K->784K(118144K)] 169534K->50524K(805120K), 0.0069770 secs] [Times: user=0.03 sys=0.00, real=0.01 secs] 
2014-07-16T06:10:20.675+0000: 199.676: [GC [PSYoungGen: 118095K->630K(116160K)] 167836K->50466K(803136K), 0.0030700 secs] [Times: user=0.01 sys=0.00, real=0.01 secs] 
2014-07-16T06:10:21.083+0000: 200.084: [GC [PSYoungGen: 116150K->644K(114496K)] 165986K->50552K(801472K), 0.0032610 secs] [Times: user=0.01 sys=0.01, real=0.01 secs] 
2014-07-16T06:10:21.493+0000: 200.493: [GC [PSYoungGen: 114436K->740K(112832K)] 164344K->50728K(799808K), 0.0029610 secs] [Times: user=0.01 sys=0.00, real=0.00 secs] 
2014-07-16T06:10:21.910+0000: 200.910: [GC [PSYoungGen: 112804K->676K(111104K)] 162792K->50768K(798080K), 0.0026550 secs] [Times: user=0.02 sys=0.01, real=0.00 secs] 
2014-07-16T06:10:22.311+0000: 201.311: [GC [PSYoungGen: 111076K->740K(109568K)] 161168K->50928K(796544K), 0.0033510 secs] [Times: user=0.02 sys=0.00, real=0.00 secs] 
2014-07-16T06:10:22.708+0000: 201.709: [GC [PSYoungGen: 109540K->530K(107776K)] 159728K->50790K(794752K), 0.0049840 secs] [Times: user=0.02 sys=0.00, real=0.00 secs] 
2014-07-16T06:10:23.087+0000: 202.088: [GC [PSYoungGen: 107729K->1066K(106752K)] 157989K->51382K(793728K), 0.0031240 secs] [Times: user=0.01 sys=0.00, real=0.00 secs] 
2014-07-16T06:10:23.479+0000: 202.480: [GC [PSYoungGen: 106730K->566K(104704K)] 157046K->51066K(791680K), 0.0024950 secs] [Times: user=0.01 sys=0.00, real=0.00 secs] 
2014-07-16T06:10:23.837+0000: 202.838: [GC [PSYoungGen: 104675K->594K(103296K)] 155175K->51150K(790272K), 0.0035010 secs] [Times: user=0.01 sys=0.00, real=0.00 secs] 
2014-07-16T06:10:24.217+0000: 203.218: [GC [PSYoungGen: 103250K->762K(102016K)] 153806K->51374K(788992K), 0.0027200 secs] [Times: user=0.01 sys=0.00, real=0.00 secs] 
2014-07-16T06:10:24.581+0000: 203.582: [GC [PSYoungGen: 101973K->820K(100672K)] 152586K->51464K(787648K), 0.0034400 secs] [Times: user=0.01 sys=0.00, real=0.00 secs] 
2014-07-16T06:10:24.966+0000: 203.967: [GC [PSYoungGen: 100660K->658K(99200K)] 151304K->51382K(786176K), 0.0024700 secs] [Times: user=0.01 sys=0.01, real=0.01 secs] 
2014-07-16T06:10:25.318+0000: 204.319: [GC [PSYoungGen: 99154K->580K(97792K)] 149878K->51376K(784768K), 0.0037790 secs] [Times: user=0.02 sys=0.00, real=0.00 secs] 
2014-07-16T06:10:25.671+0000: 204.672: [GC [PSYoungGen: 97728K->676K(96576K)] 148525K->51544K(783552K), 0.0041910 secs] [Times: user=0.02 sys=0.00, real=0.00 secs] 
2014-07-16T06:10:26.013+0000: 205.014: [GC [PSYoungGen: 96508K->1048K(95680K)] 147376K->51988K(782656K), 0.0043810 secs] [Times: user=0.02 sys=0.00, real=0.01 secs] 
2014-07-16T06:10:26.356+0000: 205.357: [GC [PSYoungGen: 95635K->442K(113984K)] 146575K->51792K(800960K), 0.0037260 secs] [Times: user=0.02 sys=0.00, real=0.01 secs] 
2014-07-16T06:10:26.774+0000: 205.775: [GC [PSYoungGen: 113978K->904K(112768K)] 165328K->52400K(799744K), 0.0027690 secs] [Times: user=0.01 sys=0.01, real=0.00 secs] 
2014-07-16T06:10:27.171+0000: 206.172: [GC [PSYoungGen: 112712K->658K(110848K)] 164208K->52300K(797824K), 0.0033280 secs] [Times: user=0.01 sys=0.00, real=0.00 secs] 
2014-07-16T06:10:27.571+0000: 206.572: [GC [PSYoungGen: 110786K->1026K(109632K)] 162428K->52740K(796608K), 0.0045930 secs] [Times: user=0.03 sys=0.00, real=0.00 secs] 
2014-07-16T06:10:27.959+0000: 206.960: [GC [PSYoungGen: 109570K->438K(130752K)] 161284K->52176K(817728K), 0.0106920 secs] [Times: user=0.07 sys=0.01, real=0.01 secs] 
2014-07-16T06:10:28.438+0000: 207.438: [GC [PSYoungGen: 130742K->772K(157248K)] 182480K->52566K(844224K), 0.0083730 secs] [Times: user=0.04 sys=0.00, real=0.00 secs] 
2014-07-16T06:10:29.022+0000: 208.022: [GC [PSYoungGen: 157188K->672K(163072K)] 208982K->52530K(850048K), 0.0067980 secs] [Times: user=0.04 sys=0.00, real=0.01 secs] 
2014-07-16T06:10:29.606+0000: 208.607: [GC [PSYoungGen: 162526K->1134K(163008K)] 214385K->53270K(849984K), 0.0064480 secs] [Times: user=0.03 sys=0.00, real=0.01 secs] 
2014-07-16T06:10:30.283+0000: 209.283: [GC [PSYoungGen: 162990K->730K(195520K)] 215126K->52906K(882496K), 0.0064080 secs] [Times: user=0.03 sys=0.00, real=0.01 secs] 
2014-07-16T06:10:30.949+0000: 209.950: [GC [PSYoungGen: 194876K->876K(195584K)] 247052K->53132K(882560K), 0.0055920 secs] [Times: user=0.02 sys=0.00, real=0.00 secs] 
2014-07-16T06:10:31.651+0000: 210.651: [GC [PSYoungGen: 195116K->708K(190848K)] 247372K->53052K(877824K), 0.0045670 secs] [Times: user=0.02 sys=0.00, real=0.00 secs] 
2014-07-16T06:10:32.332+0000: 211.333: [GC [PSYoungGen: 190788K->580K(186688K)] 243132K->52996K(873664K), 0.0057170 secs] [Times: user=0.02 sys=0.00, real=0.01 secs] 
2014-07-16T06:10:32.996+0000: 211.997: [GC [PSYoungGen: 186628K->626K(182848K)] 239044K->53082K(869824K), 0.0050560 secs] [Times: user=0.01 sys=0.00, real=0.01 secs] 
2014-07-16T06:10:33.655+0000: 212.656: [GC [PSYoungGen: 182834K->734K(219456K)] 235290K->53230K(906432K), 0.0088830 secs] [Times: user=0.05 sys=0.00, real=0.01 secs] 
2014-07-16T06:10:34.462+0000: 213.463: [GC [PSYoungGen: 219378K->1104K(214848K)] 271875K->53648K(901824K), 0.0071650 secs] [Times: user=0.04 sys=0.00, real=0.01 secs] 
2014-07-16T06:10:35.216+0000: 214.217: [GC [PSYoungGen: 214800K->466K(209408K)] 267344K->53058K(896384K), 0.0040450 secs] [Times: user=0.01 sys=0.00, real=0.01 secs] 
2014-07-16T06:10:35.976+0000: 214.976: [GC [PSYoungGen: 209362K->736K(204992K)] 261954K->53400K(891968K), 0.0032790 secs] [Times: user=0.02 sys=0.00, real=0.01 secs] 
2014-07-16T06:10:36.703+0000: 215.703: [GC [PSYoungGen: 204960K->470K(200256K)] 257624K->53190K(887232K), 0.0048540 secs] [Times: user=0.02 sys=0.00, real=0.00 secs] 
2014-07-16T06:10:37.426+0000: 216.427: [GC [PSYoungGen: 200214K->848K(196288K)] 252934K->53624K(883264K), 0.0048420 secs] [Times: user=0.02 sys=0.00, real=0.01 secs] 
2014-07-16T06:10:38.121+0000: 217.122: [GC [PSYoungGen: 196220K->826K(192064K)] 248997K->53666K(879040K), 0.0050000 secs] [Times: user=0.03 sys=0.00, real=0.00 secs] 
2014-07-16T06:10:38.810+0000: 217.811: [GC [PSYoungGen: 192058K->858K(188096K)] 244898K->53770K(875072K), 0.0056230 secs] [Times: user=0.02 sys=0.01, real=0.00 secs] 
2014-07-16T06:10:39.477+0000: 218.477: [GC [PSYoungGen: 188035K->730K(184064K)] 240948K->53690K(871040K), 0.0061630 secs] [Times: user=0.03 sys=0.00, real=0.01 secs] 
2014-07-16T06:10:40.155+0000: 219.156: [GC [PSYoungGen: 183992K->580K(180160K)] 236953K->53636K(867136K), 0.0034460 secs] [Times: user=0.02 sys=0.00, real=0.00 secs] 
2014-07-16T06:10:40.804+0000: 219.804: [GC [PSYoungGen: 180064K->1122K(177024K)] 233120K->54210K(864000K), 0.0099800 secs] [Times: user=0.05 sys=0.00, real=0.01 secs] 
2014-07-16T06:10:41.431+0000: 220.432: [GC [PSYoungGen: 176994K->530K(172928K)] 230082K->53682K(859904K), 0.0034010 secs] [Times: user=0.02 sys=0.00, real=0.00 secs] 
2014-07-16T06:10:42.062+0000: 221.063: [GC [PSYoungGen: 172864K->644K(169664K)] 226017K->53876K(856640K), 0.0057440 secs] [Times: user=0.03 sys=0.00, real=0.00 secs] 
2014-07-16T06:10:42.670+0000: 221.671: [GC [PSYoungGen: 169604K->916K(166592K)] 222836K->54212K(853568K), 0.0041070 secs] [Times: user=0.02 sys=0.00, real=0.00 secs] 
2014-07-16T06:10:43.256+0000: 222.257: [GC [PSYoungGen: 166548K->834K(163328K)] 219844K->54178K(850304K), 0.0062880 secs] [Times: user=0.03 sys=0.00, real=0.01 secs] 
2014-07-16T06:10:43.844+0000: 222.844: [GC [PSYoungGen: 163266K->766K(160064K)] 216610K->54142K(847040K), 0.0033940 secs] [Times: user=0.01 sys=0.00, real=0.00 secs] 
2014-07-16T06:10:44.420+0000: 223.420: [GC [PSYoungGen: 160062K->722K(157056K)] 213438K->54170K(844032K), 0.0042540 secs] [Times: user=0.02 sys=0.01, real=0.01 secs] 
2014-07-16T06:10:45.058+0000: 224.059: [GC [PSYoungGen: 156994K->944K(154304K)] 210442K->54710K(841280K), 0.0041940 secs] [Times: user=0.02 sys=0.00, real=0.01 secs] 
2014-07-16T06:10:45.545+0000: 224.545: [GC [PSYoungGen: 154232K->1126K(151680K)] 207999K->54948K(838656K), 0.0050110 secs] [Times: user=0.01 sys=0.00, real=0.00 secs] 
2014-07-16T06:10:46.093+0000: 225.094: [GC [PSYoungGen: 151654K->626K(148416K)] 205476K->54552K(835392K), 0.0066050 secs] [Times: user=0.03 sys=0.00, real=0.00 secs] 
2014-07-16T06:10:46.611+0000: 225.611: [GC [PSYoungGen: 148402K->594K(145728K)] 202328K->54592K(832704K), 0.0030840 secs] [Times: user=0.01 sys=0.00, real=0.00 secs] 
2014-07-16T06:10:47.138+0000: 226.138: [GC [PSYoungGen: 145654K->662K(143232K)] 199653K->54732K(830208K), 0.0029510 secs] [Times: user=0.01 sys=0.01, real=0.01 secs] 
2014-07-16T06:10:47.658+0000: 226.659: [GC [PSYoungGen: 143190K->680K(140736K)] 197260K->54790K(827712K), 0.0057630 secs] [Times: user=0.03 sys=0.01, real=0.01 secs] 
2014-07-16T06:10:48.184+0000: 227.185: [GC [PSYoungGen: 140711K->544K(138176K)] 194822K->54750K(825152K), 0.0028260 secs] [Times: user=0.02 sys=0.00, real=0.00 secs] 
2014-07-16T06:10:48.674+0000: 227.674: [GC [PSYoungGen: 138144K->794K(136064K)] 192350K->55072K(823040K), 0.0047590 secs] [Times: user=0.03 sys=0.00, real=0.00 secs] 
2014-07-16T06:10:49.166+0000: 228.167: [GC [PSYoungGen: 136025K->1122K(134080K)] 190303K->55440K(821056K), 0.0033520 secs] [Times: user=0.01 sys=0.00, real=0.00 secs] 
2014-07-16T06:10:49.636+0000: 228.637: [GC [PSYoungGen: 134050K->1326K(132032K)] 188368K->55841K(819008K), 0.0048310 secs] [Times: user=0.03 sys=0.00, real=0.01 secs] 
2014-07-16T06:10:50.205+0000: 229.206: [GC [PSYoungGen: 132014K->228K(128768K)] 186529K->55334K(815744K), 0.0049060 secs] [Times: user=0.01 sys=0.00, real=0.00 secs] 
2014-07-16T06:10:50.609+0000: 229.610: [GC [PSYoungGen: 128740K->1208K(127616K)] 183846K->56347K(814592K), 0.0030200 secs] [Times: user=0.02 sys=0.00, real=0.01 secs] 
2014-07-16T06:10:51.054+0000: 230.055: [GC [PSYoungGen: 127608K->1218K(125632K)] 182747K->56859K(812608K), 0.0044580 secs] [Times: user=0.03 sys=0.00, real=0.00 secs] 
2014-07-16T06:10:51.507+0000: 230.507: [GC [PSYoungGen: 125570K->630K(123008K)] 181211K->56359K(809984K), 0.0034800 secs] [Times: user=0.02 sys=0.00, real=0.00 secs] 
2014-07-16T06:10:51.938+0000: 230.938: [GC [PSYoungGen: 122998K->680K(121152K)] 178727K->56457K(808128K), 0.0064200 secs] [Times: user=0.04 sys=0.00, real=0.01 secs] 
2014-07-16T06:10:52.364+0000: 231.365: [GC [PSYoungGen: 121128K->1036K(119680K)] 176905K->56861K(806656K), 0.0031980 secs] [Times: user=0.01 sys=0.00, real=0.00 secs] 
2014-07-16T06:10:52.798+0000: 231.798: [GC [PSYoungGen: 119628K->448K(117184K)] 175453K->56361K(804160K), 0.0034420 secs] [Times: user=0.02 sys=0.00, real=0.01 secs] 
2014-07-16T06:10:53.223+0000: 232.224: [GC [PSYoungGen: 117184K->530K(115520K)] 173097K->56507K(802496K), 0.0027120 secs] [Times: user=0.01 sys=0.00, real=0.00 secs] 
2014-07-16T06:10:53.634+0000: 232.635: [GC [PSYoungGen: 115433K->662K(113920K)] 171410K->56727K(800896K), 0.0043540 secs] [Times: user=0.02 sys=0.01, real=0.00 secs] 
2014-07-16T06:10:54.044+0000: 233.045: [GC [PSYoungGen: 113878K->848K(136768K)] 169943K->56937K(823744K), 0.0090190 secs] [Times: user=0.04 sys=0.00, real=0.01 secs] 
2014-07-16T06:10:54.508+0000: 233.509: [GC [PSYoungGen: 136720K->758K(163840K)] 192809K->56919K(850816K), 0.0028080 secs] [Times: user=0.01 sys=0.00, real=0.01 secs] 
2014-07-16T06:10:55.192+0000: 234.193: [GC [PSYoungGen: 163830K->1042K(161024K)] 219991K->57299K(848000K), 0.0031650 secs] [Times: user=0.02 sys=0.00, real=0.00 secs] 
2014-07-16T06:10:55.700+0000: 234.701: [GC [PSYoungGen: 160978K->466K(157440K)] 217235K->56803K(844416K), 0.0046680 secs] [Times: user=0.03 sys=0.00, real=0.01 secs] 
2014-07-16T06:10:56.264+0000: 235.265: [GC [PSYoungGen: 157364K->804K(154816K)] 213701K->57213K(841792K), 0.0027350 secs] [Times: user=0.02 sys=0.00, real=0.00 secs] 
2014-07-16T06:10:56.823+0000: 235.824: [GC [PSYoungGen: 154788K->594K(151808K)] 211197K->57083K(838784K), 0.0027960 secs] [Times: user=0.01 sys=0.01, real=0.00 secs] 
2014-07-16T06:10:57.373+0000: 236.374: [GC [PSYoungGen: 151762K->844K(149312K)] 208251K->57413K(836288K), 0.0043150 secs] [Times: user=0.03 sys=0.00, real=0.00 secs] 
2014-07-16T06:10:57.915+0000: 236.915: [GC [PSYoungGen: 149260K->690K(146432K)] 205829K->57331K(833408K), 0.0025650 secs] [Times: user=0.02 sys=0.00, real=0.00 secs] 
2014-07-16T06:10:58.446+0000: 237.447: [GC [PSYoungGen: 146418K->1158K(144320K)] 203059K->57879K(831296K), 0.0034260 secs] [Times: user=0.02 sys=0.00, real=0.00 secs] 
2014-07-16T06:10:58.967+0000: 237.967: [GC [PSYoungGen: 144262K->548K(141184K)] 200983K->57349K(828160K), 0.0045240 secs] [Times: user=0.02 sys=0.00, real=0.00 secs] 
2014-07-16T06:10:59.479+0000: 238.480: [GC [PSYoungGen: 141156K->466K(138688K)] 197957K->57315K(825664K), 0.0040330 secs] [Times: user=0.02 sys=0.00, real=0.01 secs] 
2014-07-16T06:10:59.974+0000: 238.975: [GC [PSYoungGen: 138584K->1404K(137216K)] 195433K->58325K(824192K), 0.0030930 secs] [Times: user=0.02 sys=0.00, real=0.00 secs] 
2014-07-16T06:11:00.535+0000: 239.536: [GC [PSYoungGen: 137207K->1290K(134848K)] 194128K->58275K(821824K), 0.0047810 secs] [Times: user=0.02 sys=0.01, real=0.00 secs] 
2014-07-16T06:11:00.987+0000: 239.987: [GC [PSYoungGen: 134785K->488K(131776K)] 191770K->57727K(818752K), 0.0043150 secs] [Times: user=0.03 sys=0.00, real=0.00 secs] 
2014-07-16T06:11:01.451+0000: 240.452: [GC [PSYoungGen: 131743K->634K(129728K)] 188982K->57929K(816704K), 0.0038260 secs] [Times: user=0.03 sys=0.01, real=0.01 secs] 
2014-07-16T06:11:01.918+0000: 240.919: [GC [PSYoungGen: 129722K->594K(127616K)] 187017K->58027K(814592K), 0.0024410 secs] [Times: user=0.02 sys=0.00, real=0.00 secs] 
2014-07-16T06:11:02.373+0000: 241.373: [GC [PSYoungGen: 127568K->648K(125632K)] 185001K->58153K(812608K), 0.0029070 secs] [Times: user=0.01 sys=0.00, real=0.01 secs] 
2014-07-16T06:11:02.810+0000: 241.811: [GC [PSYoungGen: 125576K->754K(123712K)] 183081K->58299K(810688K), 0.0033440 secs] [Times: user=0.01 sys=0.00, real=0.01 secs] 
2014-07-16T06:11:03.253+0000: 242.253: [GC [PSYoungGen: 123672K->684K(121664K)] 181217K->58253K(808640K), 0.0063370 secs] [Times: user=0.04 sys=0.00, real=0.01 secs] 
2014-07-16T06:11:03.679+0000: 242.680: [GC [PSYoungGen: 121568K->840K(119936K)] 179137K->58505K(806912K), 0.0024750 secs] [Times: user=0.01 sys=0.01, real=0.00 secs] 
2014-07-16T06:11:04.113+0000: 243.113: [GC [PSYoungGen: 119851K->566K(117760K)] 177516K->58295K(804736K), 0.0047670 secs] [Times: user=0.02 sys=0.00, real=0.01 secs] 
2014-07-16T06:11:04.535+0000: 243.536: [GC [PSYoungGen: 117750K->662K(116096K)] 175479K->58487K(803072K), 0.0045800 secs] [Times: user=0.02 sys=0.00, real=0.00 secs] 
2014-07-16T06:11:04.964+0000: 243.964: [GC [PSYoungGen: 116054K->740K(114432K)] 173879K->58645K(801408K), 0.0034470 secs] [Times: user=0.02 sys=0.00, real=0.00 secs] 
2014-07-16T06:11:05.411+0000: 244.412: [GC [PSYoungGen: 114403K->990K(112960K)] 172308K->58975K(799936K), 0.0031390 secs] [Times: user=0.02 sys=0.01, real=0.01 secs] 
2014-07-16T06:11:05.772+0000: 244.772: [GC [PSYoungGen: 112926K->594K(110912K)] 170911K->58667K(797888K), 0.0037320 secs] [Times: user=0.01 sys=0.00, real=0.01 secs] 
2014-07-16T06:11:06.162+0000: 245.163: [GC [PSYoungGen: 110836K->406K(109120K)] 168909K->58519K(796096K), 0.0034020 secs] [Times: user=0.01 sys=0.00, real=0.01 secs] 
2014-07-16T06:11:06.564+0000: 245.565: [GC [PSYoungGen: 109077K->740K(107840K)] 167190K->58933K(794816K), 0.0043060 secs] [Times: user=0.02 sys=0.00, real=0.00 secs] 
2014-07-16T06:11:06.948+0000: 245.949: [GC [PSYoungGen: 107812K->862K(129408K)] 166005K->59135K(816384K), 0.0057070 secs] [Times: user=0.03 sys=0.00, real=0.01 secs] 
2014-07-16T06:11:07.423+0000: 246.423: [GC [PSYoungGen: 129363K->1058K(127488K)] 187636K->59435K(814464K), 0.0026630 secs] [Times: user=0.01 sys=0.01, real=0.01 secs] 
2014-07-16T06:11:07.881+0000: 246.882: [GC [PSYoungGen: 127458K->562K(124928K)] 185835K->59027K(811904K), 0.0038370 secs] [Times: user=0.02 sys=0.00, real=0.01 secs] 
2014-07-16T06:11:08.325+0000: 247.326: [GC [PSYoungGen: 124914K->626K(123008K)] 183379K->59155K(809984K), 0.0053890 secs] [Times: user=0.03 sys=0.01, real=0.00 secs] 
2014-07-16T06:11:08.766+0000: 247.767: [GC [PSYoungGen: 122963K->940K(121408K)] 181492K->59565K(808384K), 0.0025810 secs] [Times: user=0.02 sys=0.00, real=0.00 secs] 
2014-07-16T06:11:09.200+0000: 248.201: [GC [PSYoungGen: 121388K->690K(119296K)] 180013K->59387K(806272K), 0.0035840 secs] [Times: user=0.01 sys=0.00, real=0.00 secs] 
2014-07-16T06:11:09.617+0000: 248.617: [GC [PSYoungGen: 119254K->912K(117696K)] 177951K->59689K(804672K), 0.0042390 secs] [Times: user=0.03 sys=0.00, real=0.00 secs] 
2014-07-16T06:11:10.040+0000: 249.041: [GC [PSYoungGen: 117648K->666K(115648K)] 176425K->59507K(802624K), 0.0033510 secs] [Times: user=0.02 sys=0.00, real=0.00 secs] 
2014-07-16T06:11:10.510+0000: 249.510: [GC [PSYoungGen: 115610K->934K(114176K)] 174451K->60151K(801152K), 0.0056800 secs] [Times: user=0.03 sys=0.00, real=0.01 secs] 
2014-07-16T06:11:10.886+0000: 249.887: [GC [PSYoungGen: 114150K->1384K(137280K)] 173367K->61169K(824256K), 0.0076690 secs] [Times: user=0.05 sys=0.00, real=0.00 secs] 
2014-07-16T06:11:11.358+0000: 250.359: [GC [PSYoungGen: 137256K->488K(163584K)] 197041K->60703K(850560K), 0.0077970 secs] [Times: user=0.04 sys=0.01, real=0.01 secs] 
2014-07-16T06:11:11.950+0000: 250.951: [GC [PSYoungGen: 163560K->726K(193536K)] 223775K->61111K(880512K), 0.0034990 secs] [Times: user=0.02 sys=0.01, real=0.00 secs] 
2014-07-16T06:11:12.634+0000: 251.635: [GC [PSYoungGen: 192565K->516K(197376K)] 252951K->60973K(884352K), 0.0063580 secs] [Times: user=0.03 sys=0.00, real=0.00 secs] 
2014-07-16T06:11:13.344+0000: 252.345: [GC [PSYoungGen: 196228K->548K(192128K)] 256685K->61053K(879104K), 0.0032720 secs] [Times: user=0.01 sys=0.00, real=0.00 secs] 
2014-07-16T06:11:14.027+0000: 253.028: [GC [PSYoungGen: 192012K->1144K(188672K)] 252518K->61781K(875648K), 0.0043260 secs] [Times: user=0.01 sys=0.00, real=0.00 secs] 
2014-07-16T06:11:14.707+0000: 253.708: [GC [PSYoungGen: 188664K->844K(184512K)] 249301K->61545K(871488K), 0.0052020 secs] [Times: user=0.04 sys=0.00, real=0.00 secs] 
2014-07-16T06:11:15.442+0000: 254.442: [GC [PSYoungGen: 184437K->1164K(181056K)] 245138K->61921K(868032K), 0.0064170 secs] [Times: user=0.04 sys=0.00, real=0.01 secs] 
2014-07-16T06:11:16.013+0000: 255.013: [GC [PSYoungGen: 181003K->488K(176704K)] 241760K->61277K(863680K), 0.0056360 secs] [Times: user=0.03 sys=0.00, real=0.01 secs] 
2014-07-16T06:11:16.643+0000: 255.644: [GC [PSYoungGen: 176680K->448K(173120K)] 237469K->61309K(860096K), 0.0027290 secs] [Times: user=0.02 sys=0.00, real=0.01 secs] 
2014-07-16T06:11:17.263+0000: 256.263: [GC [PSYoungGen: 173118K->758K(169984K)] 233980K->61699K(856960K), 0.0027310 secs] [Times: user=0.01 sys=0.00, real=0.01 secs] 
2014-07-16T06:11:17.869+0000: 256.870: [GC [PSYoungGen: 169974K->798K(166720K)] 230915K->61803K(853696K), 0.0038030 secs] [Times: user=0.02 sys=0.01, real=0.00 secs] 
2014-07-16T06:11:18.446+0000: 257.447: [GC [PSYoungGen: 166666K->570K(163264K)] 227671K->61607K(850240K), 0.0078770 secs] [Times: user=0.05 sys=0.00, real=0.00 secs] 
2014-07-16T06:11:19.041+0000: 258.042: [GC [PSYoungGen: 163218K->612K(160192K)] 224255K->61713K(847168K), 0.0055670 secs] [Times: user=0.03 sys=0.00, real=0.01 secs] 
2014-07-16T06:11:19.614+0000: 258.614: [GC [PSYoungGen: 160164K->576K(157120K)] 221265K->61757K(844096K), 0.0033750 secs] [Times: user=0.02 sys=0.00, real=0.01 secs] 
2014-07-16T06:11:20.170+0000: 259.171: [GC [PSYoungGen: 157120K->876K(154496K)] 218301K->62145K(841472K), 0.0046070 secs] [Times: user=0.02 sys=0.00, real=0.01 secs] 
2014-07-16T06:11:20.745+0000: 259.746: [GC [PSYoungGen: 154476K->772K(151616K)] 215745K->62121K(838592K), 0.0036510 secs] [Times: user=0.02 sys=0.00, real=0.00 secs] 
2014-07-16T06:11:21.280+0000: 260.280: [GC [PSYoungGen: 151556K->872K(148928K)] 212905K->62285K(835904K), 0.0052520 secs] [Times: user=0.03 sys=0.00, real=0.01 secs] 
2014-07-16T06:11:21.809+0000: 260.810: [GC [PSYoungGen: 148904K->890K(146240K)] 210317K->62375K(833216K), 0.0027600 secs] [Times: user=0.02 sys=0.00, real=0.00 secs] 
2014-07-16T06:11:22.336+0000: 261.336: [GC [PSYoungGen: 146234K->530K(143360K)] 207719K->62071K(830336K), 0.0045930 secs] [Times: user=0.02 sys=0.00, real=0.01 secs] 
2014-07-16T06:11:22.839+0000: 261.840: [GC [PSYoungGen: 143314K->1112K(141440K)] 204855K->62725K(828416K), 0.0049680 secs] [Times: user=0.03 sys=0.00, real=0.00 secs] 
2014-07-16T06:11:23.339+0000: 262.340: [GC [PSYoungGen: 141399K->812K(138688K)] 203012K->62513K(825664K), 0.0035940 secs] [Times: user=0.02 sys=0.00, real=0.00 secs] 
2014-07-16T06:11:23.847+0000: 262.847: [GC [PSYoungGen: 138667K->480K(136000K)] 200369K->62213K(822976K), 0.0051300 secs] [Times: user=0.01 sys=0.00, real=0.00 secs] 
2014-07-16T06:11:24.324+0000: 263.325: [GC [PSYoungGen: 135968K->762K(133952K)] 197701K->62567K(820928K), 0.0036770 secs] [Times: user=0.02 sys=0.01, real=0.01 secs] 
2014-07-16T06:11:24.809+0000: 263.810: [GC [PSYoungGen: 133946K->844K(131840K)] 195751K->62729K(818816K), 0.0024630 secs] [Times: user=0.01 sys=0.00, real=0.00 secs] 
2014-07-16T06:11:25.277+0000: 264.278: [GC [PSYoungGen: 131788K->912K(129728K)] 193673K->62861K(816704K), 0.0027720 secs] [Times: user=0.01 sys=0.00, real=0.00 secs] 
2014-07-16T06:11:25.777+0000: 264.778: [GC [PSYoungGen: 129665K->1176K(127872K)] 191615K->63181K(814848K), 0.0065650 secs] [Times: user=0.03 sys=0.01, real=0.00 secs] 
2014-07-16T06:11:26.220+0000: 265.220: [GC [PSYoungGen: 127812K->448K(125056K)] 189818K->62623K(812032K), 0.0026600 secs] [Times: user=0.02 sys=0.00, real=0.00 secs] 
2014-07-16T06:11:26.658+0000: 265.658: [GC [PSYoungGen: 125056K->498K(123136K)] 187231K->62753K(810112K), 0.0032960 secs] [Times: user=0.01 sys=0.01, real=0.00 secs] 
2014-07-16T06:11:27.089+0000: 266.090: [GC [PSYoungGen: 123122K->890K(121600K)] 185377K->63193K(808576K), 0.0051370 secs] [Times: user=0.02 sys=0.01, real=0.00 secs] 
2014-07-16T06:11:27.530+0000: 266.530: [GC [PSYoungGen: 121594K->762K(119552K)] 183897K->63153K(806528K), 0.0060400 secs] [Times: user=0.04 sys=0.00, real=0.00 secs] 
2014-07-16T06:11:27.958+0000: 266.959: [GC [PSYoungGen: 119497K->898K(143552K)] 181888K->63361K(830528K), 0.0073250 secs] [Times: user=0.05 sys=0.00, real=0.00 secs] 
2014-07-16T06:11:28.482+0000: 267.483: [GC [PSYoungGen: 143456K->790K(171968K)] 205919K->63317K(858944K), 0.0078340 secs] [Times: user=0.05 sys=0.00, real=0.01 secs] 
2014-07-16T06:11:29.097+0000: 268.098: [GC [PSYoungGen: 171926K->826K(180352K)] 234453K->63641K(867328K), 0.0031180 secs] [Times: user=0.02 sys=0.00, real=0.00 secs] 
2014-07-16T06:11:29.752+0000: 268.753: [GC [PSYoungGen: 180345K->698K(176576K)] 243161K->63577K(863552K), 0.0042080 secs] [Times: user=0.02 sys=0.00, real=0.00 secs] 
2014-07-16T06:11:30.397+0000: 269.397: [GC [PSYoungGen: 176570K->698K(173056K)] 239449K->63741K(860032K), 0.0067630 secs] [Times: user=0.04 sys=0.00, real=0.01 secs] 
2014-07-16T06:11:31.047+0000: 270.047: [GC [PSYoungGen: 173038K->580K(169600K)] 236081K->63695K(856576K), 0.0048800 secs] [Times: user=0.02 sys=0.00, real=0.01 secs] 
2014-07-16T06:11:31.664+0000: 270.665: [GC [PSYoungGen: 169510K->1272K(166912K)] 232625K->64467K(853888K), 0.0031060 secs] [Times: user=0.02 sys=0.00, real=0.01 secs] 
2014-07-16T06:11:32.254+0000: 271.254: [GC [PSYoungGen: 166864K->548K(163008K)] 230059K->63815K(849984K), 0.0028750 secs] [Times: user=0.01 sys=0.00, real=0.00 secs] 
2014-07-16T06:11:32.845+0000: 271.846: [GC [PSYoungGen: 162980K->512K(159808K)] 226247K->63843K(846784K), 0.0045300 secs] [Times: user=0.01 sys=0.01, real=0.01 secs] 
2014-07-16T06:11:33.415+0000: 272.415: [GC [PSYoungGen: 159808K->1194K(157504K)] 223139K->64621K(844480K), 0.0044020 secs] [Times: user=0.02 sys=0.00, real=0.01 secs] 
2014-07-16T06:11:33.980+0000: 272.981: [GC [PSYoungGen: 157482K->516K(153920K)] 220909K->64039K(840896K), 0.0053560 secs] [Times: user=0.03 sys=0.00, real=0.00 secs] 
2014-07-16T06:11:34.546+0000: 273.547: [GC [PSYoungGen: 153833K->452K(151040K)] 217356K->64015K(838016K), 0.0052700 secs] [Times: user=0.02 sys=0.01, real=0.01 secs] 
2014-07-16T06:11:35.079+0000: 274.080: [GC [PSYoungGen: 150980K->480K(148288K)] 214543K->64139K(835264K), 0.0041440 secs] [Times: user=0.02 sys=0.00, real=0.00 secs] 
2014-07-16T06:11:35.746+0000: 274.746: [GC [PSYoungGen: 148256K->1188K(146304K)] 211915K->64951K(833280K), 0.0039170 secs] [Times: user=0.02 sys=0.00, real=0.01 secs] 
2014-07-16T06:11:36.180+0000: 275.181: [GC [PSYoungGen: 146261K->1194K(143744K)] 210025K->65005K(830720K), 0.0044390 secs] [Times: user=0.02 sys=0.00, real=0.00 secs] 
2014-07-16T06:11:36.685+0000: 275.685: [GC [PSYoungGen: 143722K->758K(140800K)] 207533K->64657K(827776K), 0.0031250 secs] [Times: user=0.01 sys=0.00, real=0.00 secs] 
2014-07-16T06:11:37.191+0000: 276.192: [GC [PSYoungGen: 140790K->448K(138048K)] 204689K->64395K(825024K), 0.0055350 secs] [Times: user=0.03 sys=0.00, real=0.00 secs] 
2014-07-16T06:11:37.695+0000: 276.696: [GC [PSYoungGen: 138048K->1272K(136512K)] 201995K->65307K(823488K), 0.0035860 secs] [Times: user=0.02 sys=0.00, real=0.01 secs] 
2014-07-16T06:11:38.187+0000: 277.187: [GC [PSYoungGen: 136504K->908K(133888K)] 200539K->65015K(820864K), 0.0046870 secs] [Times: user=0.02 sys=0.00, real=0.01 secs] 
2014-07-16T06:11:38.656+0000: 277.657: [GC [PSYoungGen: 133836K->534K(131264K)] 197943K->64705K(818240K), 0.0047320 secs] [Times: user=0.02 sys=0.00, real=0.01 secs] 
2014-07-16T06:11:39.136+0000: 278.137: [GC [PSYoungGen: 131178K->976K(129536K)] 195350K->65235K(816512K), 0.0049530 secs] [Times: user=0.03 sys=0.00, real=0.01 secs] 
2014-07-16T06:11:39.601+0000: 278.601: [GC [PSYoungGen: 129488K->708K(127168K)] 193747K->65047K(814144K), 0.0032950 secs] [Times: user=0.01 sys=0.00, real=0.00 secs] 
2014-07-16T06:11:40.063+0000: 279.064: [GC [PSYoungGen: 127108K->1210K(125568K)] 191447K->65645K(812544K), 0.0073940 secs] [Times: user=0.04 sys=0.00, real=0.01 secs] 
2014-07-16T06:11:40.502+0000: 279.503: [GC [PSYoungGen: 125562K->416K(149696K)] 189997K->64915K(836672K), 0.0054720 secs] [Times: user=0.03 sys=0.00, real=0.00 secs] 
2014-07-16T06:11:41.077+0000: 280.078: [GC [PSYoungGen: 149664K->608K(147200K)] 214163K->65179K(834176K), 0.0033410 secs] [Times: user=0.01 sys=0.01, real=0.01 secs] 
2014-07-16T06:11:41.608+0000: 280.609: [GC [PSYoungGen: 147168K->548K(144512K)] 211739K->65175K(831488K), 0.0042910 secs] [Times: user=0.03 sys=0.00, real=0.01 secs] 
2014-07-16T06:11:42.117+0000: 281.118: [GC [PSYoungGen: 144477K->716K(142144K)] 209104K->65375K(829120K), 0.0035620 secs] [Times: user=0.01 sys=0.00, real=0.01 secs] 
2014-07-16T06:11:42.613+0000: 281.613: [GC [PSYoungGen: 142092K->498K(139392K)] 206751K->65221K(826368K), 0.0058520 secs] [Times: user=0.04 sys=0.00, real=0.00 secs] 
2014-07-16T06:11:43.104+0000: 282.105: [GC [PSYoungGen: 139369K->548K(137088K)] 204092K->65359K(824064K), 0.0050370 secs] [Times: user=0.02 sys=0.01, real=0.01 secs] 
2014-07-16T06:11:43.599+0000: 282.600: [GC [PSYoungGen: 137060K->958K(135168K)] 201871K->65841K(822144K), 0.0032990 secs] [Times: user=0.02 sys=0.00, real=0.00 secs] 
2014-07-16T06:11:44.084+0000: 283.084: [GC [PSYoungGen: 135166K->826K(132800K)] 200049K->65789K(819776K), 0.0039440 secs] [Times: user=0.02 sys=0.00, real=0.00 secs] 
2014-07-16T06:11:44.556+0000: 283.557: [GC [PSYoungGen: 132794K->630K(130432K)] 197757K->65705K(817408K), 0.0033160 secs] [Times: user=0.02 sys=0.00, real=0.01 secs] 
2014-07-16T06:11:45.036+0000: 284.037: [GC [PSYoungGen: 130422K->1046K(128768K)] 195497K->66193K(815744K), 0.0046530 secs] [Times: user=0.02 sys=0.00, real=0.01 secs] 
2014-07-16T06:11:45.480+0000: 284.481: [GC [PSYoungGen: 128726K->886K(126464K)] 193873K->66097K(813440K), 0.0056120 secs] [Times: user=0.03 sys=0.00, real=0.00 secs] 
2014-07-16T06:11:45.999+0000: 285.000: [GC [PSYoungGen: 126454K->876K(124416K)] 191665K->66385K(811392K), 0.0036650 secs] [Times: user=0.02 sys=0.00, real=0.00 secs] 
2014-07-16T06:11:46.401+0000: 285.402: [GC [PSYoungGen: 124380K->740K(122304K)] 189890K->66337K(809280K), 0.0031640 secs] [Times: user=0.02 sys=0.01, real=0.00 secs] 
2014-07-16T06:11:46.838+0000: 285.839: [GC [PSYoungGen: 122226K->548K(120192K)] 187823K->66201K(807168K), 0.0061010 secs] [Times: user=0.03 sys=0.00, real=0.01 secs] 
2014-07-16T06:11:47.269+0000: 286.270: [GC [PSYoungGen: 120164K->748K(144320K)] 185817K->66473K(831296K), 0.0073390 secs] [Times: user=0.04 sys=0.00, real=0.00 secs] 
2014-07-16T06:11:47.791+0000: 286.792: [GC [PSYoungGen: 144300K->790K(141824K)] 210025K->66587K(828800K), 0.0033070 secs] [Times: user=0.01 sys=0.00, real=0.00 secs] 
2014-07-16T06:11:48.313+0000: 287.313: [GC [PSYoungGen: 141739K->780K(157888K)] 207536K->66633K(844864K), 0.0060110 secs] [Times: user=0.03 sys=0.00, real=0.00 secs] 
2014-07-16T06:11:48.876+0000: 287.877: [GC [PSYoungGen: 157291K->1040K(154752K)] 223144K->66957K(841728K), 0.0047430 secs] [Times: user=0.02 sys=0.00, real=0.01 secs] 
2014-07-16T06:11:49.454+0000: 288.454: [GC [PSYoungGen: 154704K->960K(151808K)] 220621K->66965K(838784K), 0.0061040 secs] [Times: user=0.04 sys=0.00, real=0.00 secs] 
2014-07-16T06:11:49.987+0000: 288.987: [GC [PSYoungGen: 151808K->694K(169280K)] 217813K->66869K(856256K), 0.0059520 secs] [Times: user=0.04 sys=0.00, real=0.01 secs] 
2014-07-16T06:11:50.579+0000: 289.580: [GC [PSYoungGen: 169270K->658K(165952K)] 235445K->66929K(852928K), 0.0027030 secs] [Times: user=0.01 sys=0.00, real=0.01 secs] 
2014-07-16T06:11:51.211+0000: 290.212: [GC [PSYoungGen: 165900K->626K(162688K)] 232172K->67089K(849664K), 0.0049270 secs] [Times: user=0.02 sys=0.00, real=0.00 secs] 
2014-07-16T06:11:51.767+0000: 290.768: [GC [PSYoungGen: 162674K->936K(159936K)] 229137K->67463K(846912K), 0.0038030 secs] [Times: user=0.02 sys=0.01, real=0.01 secs] 
2014-07-16T06:11:52.336+0000: 291.337: [GC [PSYoungGen: 159912K->530K(156544K)] 226439K->67211K(843520K), 0.0030070 secs] [Times: user=0.01 sys=0.00, real=0.00 secs] 
2014-07-16T06:11:52.910+0000: 291.911: [GC [PSYoungGen: 156498K->836K(153984K)] 223179K->67573K(840960K), 0.0066770 secs] [Times: user=0.04 sys=0.00, real=0.00 secs] 
2014-07-16T06:11:53.463+0000: 292.464: [GC [PSYoungGen: 153880K->594K(150912K)] 220617K->67403K(837888K), 0.0053370 secs] [Times: user=0.04 sys=0.00, real=0.00 secs] 
2014-07-16T06:11:54.006+0000: 293.007: [GC [PSYoungGen: 150866K->1208K(148736K)] 217675K->68089K(835712K), 0.0041010 secs] [Times: user=0.02 sys=0.00, real=0.01 secs] 
2014-07-16T06:11:54.550+0000: 293.551: [GC [PSYoungGen: 148728K->612K(145536K)] 215609K->67637K(832512K), 0.0035910 secs] [Times: user=0.02 sys=0.00, real=0.00 secs] 
2014-07-16T06:11:55.062+0000: 294.063: [GC [PSYoungGen: 145508K->512K(142848K)] 212533K->67601K(829824K), 0.0046870 secs] [Times: user=0.02 sys=0.00, real=0.00 secs] 
2014-07-16T06:11:55.610+0000: 294.610: [GC [PSYoungGen: 142848K->1222K(141120K)] 209937K->68367K(828096K), 0.0034000 secs] [Times: user=0.01 sys=0.00, real=0.01 secs] 
2014-07-16T06:11:56.104+0000: 295.105: [GC [PSYoungGen: 141062K->626K(138048K)] 208207K->67859K(825024K), 0.0034030 secs] [Times: user=0.01 sys=0.00, real=0.00 secs] 
2014-07-16T06:11:56.595+0000: 295.596: [GC [PSYoungGen: 138034K->626K(135680K)] 205267K->67947K(822656K), 0.0030820 secs] [Times: user=0.01 sys=0.00, real=0.00 secs] 
2014-07-16T06:11:57.080+0000: 296.081: [GC [PSYoungGen: 135666K->898K(133696K)] 202987K->68307K(820672K), 0.0033240 secs] [Times: user=0.01 sys=0.00, real=0.01 secs] 
2014-07-16T06:11:57.566+0000: 296.566: [GC [PSYoungGen: 133634K->680K(131200K)] 201043K->68161K(818176K), 0.0029170 secs] [Times: user=0.01 sys=0.01, real=0.00 secs] 
2014-07-16T06:11:58.031+0000: 297.031: [GC [PSYoungGen: 131176K->616K(128960K)] 198657K->68161K(815936K), 0.0049700 secs] [Times: user=0.03 sys=0.00, real=0.01 secs] 
2014-07-16T06:11:58.492+0000: 297.493: [GC [PSYoungGen: 128936K->626K(126848K)] 196481K->68259K(813824K), 0.0029140 secs] [Times: user=0.01 sys=0.00, real=0.00 secs] 
2014-07-16T06:11:58.954+0000: 297.954: [GC [PSYoungGen: 126834K->684K(124864K)] 194467K->68373K(811840K), 0.0079860 secs] [Times: user=0.04 sys=0.00, real=0.01 secs] 
2014-07-16T06:11:59.402+0000: 298.403: [GC [PSYoungGen: 124844K->1044K(150080K)] 192533K->68821K(837056K), 0.0065080 secs] [Times: user=0.04 sys=0.00, real=0.00 secs] 
2014-07-16T06:11:59.936+0000: 298.937: [GC [PSYoungGen: 150003K->498K(160512K)] 217780K->68339K(847488K), 0.0048390 secs] [Times: user=0.03 sys=0.00, real=0.01 secs] 
2014-07-16T06:12:00.506+0000: 299.506: [GC [PSYoungGen: 159636K->516K(180224K)] 227478K->68421K(867200K), 0.0075730 secs] [Times: user=0.04 sys=0.00, real=0.01 secs] 
2014-07-16T06:12:01.225+0000: 300.226: [GC [PSYoungGen: 179396K->896K(176128K)] 247301K->68881K(863104K), 0.0036920 secs] [Times: user=0.01 sys=0.00, real=0.00 secs] 
2014-07-16T06:12:01.825+0000: 300.826: [GC [PSYoungGen: 176128K->320K(172032K)] 244113K->68321K(859008K), 0.0060440 secs] [Times: user=0.02 sys=0.01, real=0.00 secs] 
2014-07-16T06:12:02.448+0000: 301.449: [GC [PSYoungGen: 172013K->830K(169152K)] 240015K->68895K(856128K), 0.0036940 secs] [Times: user=0.01 sys=0.00, real=0.00 secs] 
2014-07-16T06:12:03.051+0000: 302.052: [GC [PSYoungGen: 169150K->598K(165696K)] 237215K->68719K(852672K), 0.0076280 secs] [Times: user=0.03 sys=0.01, real=0.01 secs] 
2014-07-16T06:12:03.657+0000: 302.658: [GC [PSYoungGen: 165654K->580K(177856K)] 233775K->68741K(864832K), 0.0076730 secs] [Times: user=0.04 sys=0.00, real=0.01 secs] 
2014-07-16T06:12:04.293+0000: 303.293: [GC [PSYoungGen: 177114K->612K(173632K)] 245275K->68869K(860608K), 0.0033930 secs] [Times: user=0.01 sys=0.00, real=0.00 secs] 
2014-07-16T06:12:04.915+0000: 303.916: [GC [PSYoungGen: 173604K->498K(170048K)] 241861K->68843K(857024K), 0.0047970 secs] [Times: user=0.02 sys=0.01, real=0.00 secs] 
2014-07-16T06:12:05.532+0000: 304.533: [GC [PSYoungGen: 170034K->936K(167168K)] 238379K->69345K(854144K), 0.0088400 secs] [Times: user=0.04 sys=0.00, real=0.00 secs] 
2014-07-16T06:12:06.227+0000: 305.228: [GC [PSYoungGen: 167144K->932K(163968K)] 235553K->69437K(850944K), 0.0039300 secs] [Times: user=0.02 sys=0.00, real=0.00 secs] 
2014-07-16T06:12:06.747+0000: 305.748: [GC [PSYoungGen: 163940K->576K(160448K)] 232445K->69169K(847424K), 0.0037870 secs] [Times: user=0.02 sys=0.00, real=0.00 secs] 
2014-07-16T06:12:07.336+0000: 306.337: [GC [PSYoungGen: 160448K->836K(192768K)] 229041K->69501K(879744K), 0.0091500 secs] [Times: user=0.06 sys=0.00, real=0.01 secs] 
2014-07-16T06:12:08.020+0000: 307.021: [GC [PSYoungGen: 192687K->612K(188480K)] 261352K->69357K(875456K), 0.0029280 secs] [Times: user=0.01 sys=0.00, real=0.01 secs] 
2014-07-16T06:12:08.695+0000: 307.696: [GC [PSYoungGen: 188452K->1140K(185088K)] 257197K->69949K(872064K), 0.0058970 secs] [Times: user=0.03 sys=0.00, real=0.00 secs] 
2014-07-16T06:12:09.343+0000: 308.343: [GC [PSYoungGen: 185066K->694K(180864K)] 253875K->69913K(867840K), 0.0042590 secs] [Times: user=0.02 sys=0.00, real=0.01 secs] 
2014-07-16T06:12:09.987+0000: 308.988: [GC [PSYoungGen: 180854K->890K(177408K)] 250073K->70205K(864384K), 0.0066640 secs] [Times: user=0.04 sys=0.00, real=0.01 secs] 
2014-07-16T06:12:10.613+0000: 309.613: [GC [PSYoungGen: 177401K->662K(173632K)] 246716K->70025K(860608K), 0.0050490 secs] [Times: user=0.02 sys=0.00, real=0.01 secs] 
2014-07-16T06:12:11.319+0000: 310.320: [GC [PSYoungGen: 173580K->726K(170240K)] 242943K->70121K(857216K), 0.0109400 secs] [Times: user=0.07 sys=0.00, real=0.01 secs] 
2014-07-16T06:12:11.911+0000: 310.912: [GC [PSYoungGen: 170195K->990K(167168K)] 239590K->70497K(854144K), 0.0048160 secs] [Times: user=0.03 sys=0.00, real=0.01 secs] 
2014-07-16T06:12:12.498+0000: 311.498: [GC [PSYoungGen: 167134K->484K(163456K)] 236641K->70063K(850432K), 0.0046470 secs] [Times: user=0.02 sys=0.00, real=0.00 secs] 
2014-07-16T06:12:13.082+0000: 312.083: [GC [PSYoungGen: 163428K->776K(160640K)] 233007K->70395K(847616K), 0.0051560 secs] [Times: user=0.02 sys=0.00, real=0.01 secs] 
2014-07-16T06:12:13.657+0000: 312.658: [GC [PSYoungGen: 160584K->826K(157632K)] 230203K->70549K(844608K), 0.0037440 secs] [Times: user=0.02 sys=0.01, real=0.00 secs] 
2014-07-16T06:12:14.214+0000: 313.215: [GC [PSYoungGen: 157626K->580K(154496K)] 227349K->70399K(841472K), 0.0039510 secs] [Times: user=0.03 sys=0.00, real=0.00 secs] 
2014-07-16T06:12:14.753+0000: 313.754: [GC [PSYoungGen: 154436K->644K(151744K)] 224255K->70527K(838720K), 0.0039830 secs] [Times: user=0.02 sys=0.00, real=0.01 secs] 
2014-07-16T06:12:15.293+0000: 314.293: [GC [PSYoungGen: 151684K->876K(149184K)] 221567K->70839K(836160K), 0.0042990 secs] [Times: user=0.03 sys=0.00, real=0.01 secs] 
2014-07-16T06:12:15.839+0000: 314.840: [GC [PSYoungGen: 149164K->512K(146112K)] 219127K->70571K(833088K), 0.0058810 secs] [Times: user=0.03 sys=0.00, real=0.01 secs] 
2014-07-16T06:12:16.380+0000: 315.380: [GC [PSYoungGen: 146097K->876K(143872K)] 216157K->71023K(830848K), 0.0036730 secs] [Times: user=0.02 sys=0.00, real=0.00 secs] 
2014-07-16T06:12:16.867+0000: 315.868: [GC [PSYoungGen: 143821K->1022K(141504K)] 213969K->71241K(828480K), 0.0029800 secs] [Times: user=0.01 sys=0.00, real=0.00 secs] 
2014-07-16T06:12:17.369+0000: 316.369: [GC [PSYoungGen: 141502K->562K(138624K)] 211721K->71061K(825600K), 0.0073690 secs] [Times: user=0.03 sys=0.00, real=0.01 secs] 
2014-07-16T06:12:17.862+0000: 316.863: [GC [PSYoungGen: 138610K->658K(136384K)] 209109K->71221K(823360K), 0.0049210 secs] [Times: user=0.02 sys=0.00, real=0.01 secs] 
2014-07-16T06:12:18.349+0000: 317.350: [GC [PSYoungGen: 136338K->926K(134336K)] 206901K->71577K(821312K), 0.0041420 secs] [Times: user=0.02 sys=0.01, real=0.00 secs] 
2014-07-16T06:12:18.852+0000: 317.853: [GC [PSYoungGen: 134302K->762K(131904K)] 204953K->71485K(818880K), 0.0046810 secs] [Times: user=0.02 sys=0.00, real=0.01 secs] 
2014-07-16T06:12:19.330+0000: 318.331: [GC [PSYoungGen: 131898K->858K(129856K)] 202621K->71637K(816832K), 0.0041170 secs] [Times: user=0.02 sys=0.00, real=0.01 secs] 
2014-07-16T06:12:19.802+0000: 318.803: [GC [PSYoungGen: 129818K->786K(127680K)] 200597K->71669K(814656K), 0.0054070 secs] [Times: user=0.03 sys=0.00, real=0.01 secs] 
2014-07-16T06:12:20.257+0000: 319.257: [GC [PSYoungGen: 127613K->766K(125568K)] 198496K->71729K(812544K), 0.0036350 secs] [Times: user=0.02 sys=0.00, real=0.00 secs] 
2014-07-16T06:12:20.708+0000: 319.709: [GC [PSYoungGen: 125566K->416K(123264K)] 196529K->71443K(810240K), 0.0037370 secs] [Times: user=0.02 sys=0.00, real=0.00 secs] 
2014-07-16T06:12:21.153+0000: 320.153: [GC [PSYoungGen: 123199K->548K(121472K)] 194227K->71647K(808448K), 0.0026580 secs] [Times: user=0.01 sys=0.00, real=0.01 secs] 
2014-07-16T06:12:21.619+0000: 320.619: [GC [PSYoungGen: 121444K->926K(119936K)] 192543K->72081K(806912K), 0.0042650 secs] [Times: user=0.03 sys=0.00, real=0.00 secs] 
2014-07-16T06:12:22.058+0000: 321.059: [GC [PSYoungGen: 119902K->816K(117952K)] 191057K->72283K(804928K), 0.0027210 secs] [Times: user=0.01 sys=0.00, real=0.00 secs] 
2014-07-16T06:12:22.476+0000: 321.477: [GC [PSYoungGen: 117936K->826K(116160K)] 189403K->72365K(803136K), 0.0049880 secs] [Times: user=0.03 sys=0.00, real=0.00 secs] 
2014-07-16T06:12:22.883+0000: 321.884: [GC [PSYoungGen: 116154K->634K(114240K)] 187693K->72221K(801216K), 0.0043240 secs] [Times: user=0.02 sys=0.00, real=0.01 secs] 
2014-07-16T06:12:23.297+0000: 322.298: [GC [PSYoungGen: 114234K->872K(137216K)] 185821K->72515K(824192K), 0.0073040 secs] [Times: user=0.04 sys=0.00, real=0.00 secs] 
2014-07-16T06:12:23.783+0000: 322.784: [GC [PSYoungGen: 137192K->816K(164416K)] 208835K->72523K(851392K), 0.0041490 secs] [Times: user=0.02 sys=0.00, real=0.01 secs] 
2014-07-16T06:12:24.366+0000: 323.367: [GC [PSYoungGen: 164381K->848K(161344K)] 236088K->72619K(848320K), 0.0041630 secs] [Times: user=0.01 sys=0.00, real=0.00 secs] 
2014-07-16T06:12:24.934+0000: 323.935: [GC [PSYoungGen: 161294K->756K(158144K)] 233065K->72829K(845120K), 0.0037110 secs] [Times: user=0.01 sys=0.00, real=0.01 secs] 
2014-07-16T06:12:25.496+0000: 324.497: [GC [PSYoungGen: 158132K->676K(155136K)] 230205K->72855K(842112K), 0.0049790 secs] [Times: user=0.03 sys=0.00, real=0.00 secs] 
2014-07-16T06:12:26.059+0000: 325.059: [GC [PSYoungGen: 155094K->552K(152128K)] 227274K->72845K(839104K), 0.0056890 secs] [Times: user=0.03 sys=0.00, real=0.00 secs] 
2014-07-16T06:12:26.623+0000: 325.624: [GC [PSYoungGen: 152104K->926K(149760K)] 224397K->73291K(836736K), 0.0031260 secs] [Times: user=0.02 sys=0.00, real=0.01 secs] 
2014-07-16T06:12:27.156+0000: 326.157: [GC [PSYoungGen: 149695K->698K(146816K)] 222060K->73119K(833792K), 0.0040930 secs] [Times: user=0.02 sys=0.00, real=0.00 secs] 
2014-07-16T06:12:27.681+0000: 326.682: [GC [PSYoungGen: 146774K->630K(144128K)] 219195K->73123K(831104K), 0.0060940 secs] [Times: user=0.03 sys=0.00, real=0.01 secs] 
2014-07-16T06:12:28.207+0000: 327.208: [GC [PSYoungGen: 144117K->530K(141504K)] 216610K->73087K(828480K), 0.0056890 secs] [Times: user=0.03 sys=0.00, real=0.00 secs] 
2014-07-16T06:12:28.726+0000: 327.726: [GC [PSYoungGen: 141458K->608K(139136K)] 214015K->73221K(826112K), 0.0027220 secs] [Times: user=0.02 sys=0.00, real=0.01 secs] 
2014-07-16T06:12:29.226+0000: 328.227: [GC [PSYoungGen: 139093K->562K(136704K)] 211707K->73247K(823680K), 0.0037750 secs] [Times: user=0.02 sys=0.00, real=0.00 secs] 
2014-07-16T06:12:29.719+0000: 328.719: [GC [PSYoungGen: 136690K->694K(134528K)] 209375K->73443K(821504K), 0.0038400 secs] [Times: user=0.01 sys=0.00, real=0.00 secs] 
2014-07-16T06:12:30.201+0000: 329.201: [GC [PSYoungGen: 134511K->854K(132480K)] 207260K->73675K(819456K), 0.0033020 secs] [Times: user=0.02 sys=0.00, real=0.00 secs] 
2014-07-16T06:12:30.678+0000: 329.678: [GC [PSYoungGen: 132438K->780K(130240K)] 205259K->73665K(817216K), 0.0038850 secs] [Times: user=0.02 sys=0.00, real=0.00 secs] 
2014-07-16T06:12:31.143+0000: 330.144: [GC [PSYoungGen: 130147K->616K(127936K)] 203032K->73639K(814912K), 0.0060320 secs] [Times: user=0.04 sys=0.00, real=0.01 secs] 
2014-07-16T06:12:31.652+0000: 330.653: [GC [PSYoungGen: 127912K->1016K(126272K)] 200935K->74095K(813248K), 0.0041560 secs] [Times: user=0.02 sys=0.00, real=0.01 secs] 
2014-07-16T06:12:32.081+0000: 331.082: [GC [PSYoungGen: 126264K->548K(123776K)] 199343K->74145K(810752K), 0.0058610 secs] [Times: user=0.03 sys=0.01, real=0.01 secs] 
2014-07-16T06:12:32.513+0000: 331.513: [GC [PSYoungGen: 123746K->994K(148864K)] 197343K->74679K(835840K), 0.0052360 secs] [Times: user=0.03 sys=0.00, real=0.01 secs] 
2014-07-16T06:12:33.044+0000: 332.045: [GC [PSYoungGen: 148834K->936K(146112K)] 222519K->74883K(833088K), 0.0030900 secs] [Times: user=0.01 sys=0.00, real=0.01 secs] 
2014-07-16T06:12:33.566+0000: 332.567: [GC [PSYoungGen: 146081K->694K(174144K)] 220029K->74697K(861120K), 0.0112690 secs] [Times: user=0.06 sys=0.00, real=0.01 secs] 
2014-07-16T06:12:34.191+0000: 333.192: [GC [PSYoungGen: 173558K->612K(175488K)] 247561K->74663K(862464K), 0.0043730 secs] [Times: user=0.02 sys=0.00, real=0.00 secs] 
2014-07-16T06:12:34.820+0000: 333.820: [GC [PSYoungGen: 174804K->566K(175488K)] 248855K->74681K(862464K), 0.0053550 secs] [Times: user=0.03 sys=0.00, real=0.00 secs] 
2014-07-16T06:12:35.457+0000: 334.457: [GC [PSYoungGen: 174774K->512K(171264K)] 248889K->74731K(858240K), 0.0047740 secs] [Times: user=0.02 sys=0.00, real=0.01 secs] 
2014-07-16T06:12:36.084+0000: 335.085: [GC [PSYoungGen: 171263K->804K(168192K)] 245483K->75135K(855168K), 0.0057770 secs] [Times: user=0.04 sys=0.00, real=0.01 secs] 
2014-07-16T06:12:36.699+0000: 335.699: [GC [PSYoungGen: 168164K->940K(165056K)] 242495K->75359K(852032K), 0.0055150 secs] [Times: user=0.03 sys=0.01, real=0.00 secs] 
2014-07-16T06:12:37.264+0000: 336.265: [GC [PSYoungGen: 165036K->1062K(162048K)] 239455K->75537K(849024K), 0.0058690 secs] [Times: user=0.03 sys=0.00, real=0.01 secs] 
2014-07-16T06:12:37.851+0000: 336.852: [GC [PSYoungGen: 161967K->552K(158464K)] 236442K->75451K(845440K), 0.0029700 secs] [Times: user=0.02 sys=0.00, real=0.00 secs] 
2014-07-16T06:12:38.434+0000: 337.435: [GC [PSYoungGen: 158440K->1158K(156160K)] 233339K->76153K(843136K), 0.0043100 secs] [Times: user=0.03 sys=0.00, real=0.01 secs] 
2014-07-16T06:12:38.992+0000: 337.993: [GC [PSYoungGen: 156102K->950K(153024K)] 231097K->76357K(840000K), 0.0037100 secs] [Times: user=0.02 sys=0.00, real=0.00 secs] 
2014-07-16T06:12:39.539+0000: 338.539: [GC [PSYoungGen: 152983K->708K(150016K)] 228390K->76187K(836992K), 0.0035240 secs] [Times: user=0.02 sys=0.00, real=0.00 secs] 
2014-07-16T06:12:40.078+0000: 339.079: [GC [PSYoungGen: 149946K->812K(147392K)] 225426K->76363K(834368K), 0.0047840 secs] [Times: user=0.02 sys=0.00, real=0.00 secs] 
2014-07-16T06:12:40.608+0000: 339.608: [GC [PSYoungGen: 147372K->594K(144576K)] 222923K->76209K(831552K), 0.0050790 secs] [Times: user=0.03 sys=0.00, real=0.00 secs] 
2014-07-16T06:12:41.124+0000: 340.125: [GC [PSYoungGen: 144530K->612K(142016K)] 220145K->76307K(828992K), 0.0036550 secs] [Times: user=0.01 sys=0.00, real=0.00 secs] 
2014-07-16T06:12:41.745+0000: 340.746: [GC [PSYoungGen: 141988K->754K(139648K)] 217683K->76529K(826624K), 0.0035210 secs] [Times: user=0.02 sys=0.00, real=0.01 secs] 
2014-07-16T06:12:42.199+0000: 341.200: [GC [PSYoungGen: 139634K->976K(137536K)] 215409K->76831K(824512K), 0.0048920 secs] [Times: user=0.03 sys=0.00, real=0.00 secs] 
2014-07-16T06:12:42.738+0000: 341.739: [GC [PSYoungGen: 137488K->612K(134848K)] 213343K->76531K(821824K), 0.0052040 secs] [Times: user=0.02 sys=0.01, real=0.00 secs] 
2014-07-16T06:12:43.207+0000: 342.208: [GC [PSYoungGen: 134820K->580K(132608K)] 210739K->76563K(819584K), 0.0026760 secs] [Times: user=0.02 sys=0.00, real=0.01 secs] 
2014-07-16T06:12:43.678+0000: 342.679: [GC [PSYoungGen: 132548K->512K(130304K)] 208531K->76567K(817280K), 0.0046730 secs] [Times: user=0.03 sys=0.00, real=0.00 secs] 
2014-07-16T06:12:44.156+0000: 343.157: [GC [PSYoungGen: 130304K->566K(128256K)] 206359K->76701K(815232K), 0.0035180 secs] [Times: user=0.02 sys=0.00, real=0.01 secs] 
2014-07-16T06:12:44.615+0000: 343.616: [GC [PSYoungGen: 128246K->912K(126528K)] 204381K->77135K(813504K), 0.0046980 secs] [Times: user=0.02 sys=0.00, real=0.01 secs] 
2014-07-16T06:12:45.069+0000: 344.070: [GC [PSYoungGen: 126480K->452K(124032K)] 202703K->76723K(811008K), 0.0040480 secs] [Times: user=0.01 sys=0.00, real=0.00 secs] 
2014-07-16T06:12:45.518+0000: 344.519: [GC [PSYoungGen: 123931K->498K(122048K)] 200203K->76873K(809024K), 0.0030450 secs] [Times: user=0.02 sys=0.01, real=0.00 secs] 
2014-07-16T06:12:45.968+0000: 344.969: [GC [PSYoungGen: 122034K->740K(120384K)] 198409K->77195K(807360K), 0.0039260 secs] [Times: user=0.01 sys=0.00, real=0.00 secs] 
2014-07-16T06:12:46.394+0000: 345.395: [GC [PSYoungGen: 120278K->1144K(118912K)] 196733K->77703K(805888K), 0.0057010 secs] [Times: user=0.03 sys=0.01, real=0.01 secs] 
2014-07-16T06:12:46.853+0000: 345.854: [GC [PSYoungGen: 118904K->570K(116544K)] 195463K->77549K(803520K), 0.0041870 secs] [Times: user=0.02 sys=0.00, real=0.00 secs] 
2014-07-16T06:12:47.255+0000: 346.255: [GC [PSYoungGen: 116538K->798K(115008K)] 193517K->77849K(801984K), 0.0034840 secs] [Times: user=0.02 sys=0.01, real=0.01 secs] 
2014-07-16T06:12:47.675+0000: 346.676: [GC [PSYoungGen: 114974K->562K(137600K)] 192025K->77709K(824576K), 0.0060350 secs] [Times: user=0.04 sys=0.00, real=0.01 secs] 
2014-07-16T06:12:48.177+0000: 347.178: [GC [PSYoungGen: 137586K->580K(135296K)] 214733K->77791K(822272K), 0.0042530 secs] [Times: user=0.02 sys=0.00, real=0.01 secs] 
2014-07-16T06:12:48.666+0000: 347.666: [GC [PSYoungGen: 135236K->420K(132800K)] 212447K->77679K(819776K), 0.0036390 secs] [Times: user=0.01 sys=0.00, real=0.01 secs] 
2014-07-16T06:12:49.153+0000: 348.154: [GC [PSYoungGen: 132772K->794K(159680K)] 210031K->78117K(846656K), 0.0070010 secs] [Times: user=0.03 sys=0.00, real=0.01 secs] 
2014-07-16T06:12:49.709+0000: 348.710: [GC [PSYoungGen: 159642K->548K(156416K)] 236965K->77935K(843392K), 0.0043980 secs] [Times: user=0.03 sys=0.00, real=0.00 secs] 
2014-07-16T06:12:50.286+0000: 349.287: [GC [PSYoungGen: 156388K->466K(153472K)] 233775K->77917K(840448K), 0.0031740 secs] [Times: user=0.01 sys=0.00, real=0.01 secs] 
2014-07-16T06:12:50.834+0000: 349.835: [GC [PSYoungGen: 153426K->766K(150912K)] 230877K->78281K(837888K), 0.0046720 secs] [Times: user=0.03 sys=0.00, real=0.00 secs] 
2014-07-16T06:12:51.382+0000: 350.382: [GC [PSYoungGen: 150910K->880K(148288K)] 228425K->78459K(835264K), 0.0033640 secs] [Times: user=0.02 sys=0.00, real=0.00 secs] 
2014-07-16T06:12:52.007+0000: 351.007: [GC [PSYoungGen: 148249K->816K(145600K)] 225829K->78615K(832576K), 0.0035040 secs] [Times: user=0.02 sys=0.01, real=0.01 secs] 
2014-07-16T06:12:52.503+0000: 351.504: [GC [PSYoungGen: 145584K->434K(142656K)] 223383K->78331K(829632K), 0.0046470 secs] [Times: user=0.02 sys=0.00, real=0.00 secs] 
2014-07-16T06:12:52.997+0000: 351.998: [GC [PSYoungGen: 142642K->694K(140416K)] 220539K->78671K(827392K), 0.0024310 secs] [Times: user=0.01 sys=0.00, real=0.01 secs] 
2014-07-16T06:12:53.509+0000: 352.510: [GC [PSYoungGen: 140377K->754K(138048K)] 218354K->78795K(825024K), 0.0042990 secs] [Times: user=0.02 sys=0.00, real=0.00 secs] 
2014-07-16T06:12:54.015+0000: 353.015: [GC [PSYoungGen: 138034K->562K(135488K)] 216075K->78707K(822464K), 0.0073130 secs] [Times: user=0.05 sys=0.00, real=0.01 secs] 
2014-07-16T06:12:54.498+0000: 353.498: [GC [PSYoungGen: 135474K->904K(133568K)] 213619K->79113K(820544K), 0.0039600 secs] [Times: user=0.02 sys=0.00, real=0.01 secs] 
2014-07-16T06:12:54.969+0000: 353.970: [GC [PSYoungGen: 133482K->708K(131136K)] 211692K->78997K(818112K), 0.0053500 secs] [Times: user=0.03 sys=0.00, real=0.01 secs] 
2014-07-16T06:12:55.440+0000: 354.440: [GC [PSYoungGen: 131076K->1126K(129344K)] 209365K->79511K(816320K), 0.0040480 secs] [Times: user=0.02 sys=0.00, real=0.01 secs] 
2014-07-16T06:12:55.912+0000: 354.913: [GC [PSYoungGen: 129318K->438K(126528K)] 207703K->79381K(813504K), 0.0030410 secs] [Times: user=0.01 sys=0.00, real=0.00 secs] 
2014-07-16T06:12:56.368+0000: 355.368: [GC [PSYoungGen: 126518K->1204K(125248K)] 205461K->80235K(812224K), 0.0034650 secs] [Times: user=0.02 sys=0.00, real=0.01 secs] 
2014-07-16T06:12:56.891+0000: 355.891: [GC [PSYoungGen: 125236K->1064K(123136K)] 204267K->80447K(810112K), 0.0066530 secs] [Times: user=0.04 sys=0.00, real=0.00 secs] 
2014-07-16T06:12:57.295+0000: 356.296: [GC [PSYoungGen: 123112K->1326K(121472K)] 202495K->80805K(808448K), 0.0036200 secs] [Times: user=0.02 sys=0.00, real=0.00 secs] 
2014-07-16T06:12:57.702+0000: 356.703: [GC [PSYoungGen: 121359K->812K(119104K)] 200839K->80403K(806080K), 0.0032640 secs] [Times: user=0.01 sys=0.01, real=0.00 secs] 
2014-07-16T06:12:58.120+0000: 357.121: [GC [PSYoungGen: 119084K->844K(117312K)] 198675K->80499K(804288K), 0.0041140 secs] [Times: user=0.02 sys=0.00, real=0.00 secs] 
2014-07-16T06:12:58.560+0000: 357.560: [GC [PSYoungGen: 117260K->1144K(140864K)] 196915K->80847K(827840K), 0.0063770 secs] [Times: user=0.04 sys=0.00, real=0.01 secs] 
2014-07-16T06:12:59.057+0000: 358.058: [GC [PSYoungGen: 140856K->858K(138176K)] 220559K->80649K(825152K), 0.0036880 secs] [Times: user=0.01 sys=0.00, real=0.01 secs] 
2014-07-16T06:12:59.554+0000: 358.554: [GC [PSYoungGen: 138138K->452K(135424K)] 217929K->80291K(822400K), 0.0040000 secs] [Times: user=0.02 sys=0.00, real=0.00 secs] 
2014-07-16T06:13:00.047+0000: 359.048: [GC [PSYoungGen: 135364K->630K(162560K)] 215203K->80541K(849536K), 0.0074230 secs] [Times: user=0.04 sys=0.00, real=0.01 secs] 
2014-07-16T06:13:00.633+0000: 359.634: [GC [PSYoungGen: 162550K->480K(159360K)] 242461K->80455K(846336K), 0.0037760 secs] [Times: user=0.01 sys=0.01, real=0.00 secs] 
2014-07-16T06:13:01.204+0000: 360.204: [GC [PSYoungGen: 159289K->680K(156544K)] 239265K->80719K(843520K), 0.0035560 secs] [Times: user=0.01 sys=0.00, real=0.00 secs] 
2014-07-16T06:13:01.760+0000: 360.761: [GC [PSYoungGen: 156520K->680K(153664K)] 236559K->80783K(840640K), 0.0053490 secs] [Times: user=0.03 sys=0.00, real=0.01 secs] 
2014-07-16T06:13:02.366+0000: 361.367: [GC [PSYoungGen: 153640K->848K(151040K)] 233743K->80999K(838016K), 0.0034910 secs] [Times: user=0.02 sys=0.01, real=0.00 secs] 
2014-07-16T06:13:02.893+0000: 361.894: [GC [PSYoungGen: 150986K->794K(148224K)] 231138K->80993K(835200K), 0.0070230 secs] [Times: user=0.03 sys=0.00, real=0.00 secs] 
2014-07-16T06:13:03.420+0000: 362.421: [GC [PSYoungGen: 148157K->566K(145344K)] 228357K->80861K(832320K), 0.0041620 secs] [Times: user=0.02 sys=0.00, real=0.01 secs] 
2014-07-16T06:13:03.948+0000: 362.949: [GC [PSYoungGen: 145334K->594K(142848K)] 225629K->80969K(829824K), 0.0038060 secs] [Times: user=0.02 sys=0.01, real=0.01 secs] 
2014-07-16T06:13:04.452+0000: 363.453: [GC [PSYoungGen: 142802K->1230K(140992K)] 223177K->81677K(827968K), 0.0042900 secs] [Times: user=0.02 sys=0.00, real=0.00 secs] 
2014-07-16T06:13:04.950+0000: 363.950: [GC [PSYoungGen: 140942K->802K(138112K)] 221389K->81513K(825088K), 0.0049530 secs] [Times: user=0.03 sys=0.01, real=0.01 secs] 
2014-07-16T06:13:05.458+0000: 364.459: [GC [PSYoungGen: 138082K->520K(135488K)] 218793K->81287K(822464K), 0.0029090 secs] [Times: user=0.01 sys=0.00, real=0.01 secs] 
2014-07-16T06:13:05.951+0000: 364.951: [GC [PSYoungGen: 135432K->758K(133376K)] 216199K->81613K(820352K), 0.0077960 secs] [Times: user=0.04 sys=0.01, real=0.01 secs] 
2014-07-16T06:13:06.426+0000: 365.427: [GC [PSYoungGen: 133366K->784K(131200K)] 214221K->81711K(818176K), 0.0045410 secs] [Times: user=0.02 sys=0.00, real=0.00 secs] 
2014-07-16T06:13:06.892+0000: 365.892: [GC [PSYoungGen: 131152K->594K(157120K)] 212079K->81601K(844096K), 0.0056550 secs] [Times: user=0.03 sys=0.00, real=0.00 secs] 
2014-07-16T06:13:07.478+0000: 366.479: [GC [PSYoungGen: 157074K->836K(154432K)] 238081K->81907K(841408K), 0.0034000 secs] [Times: user=0.01 sys=0.00, real=0.00 secs] 
2014-07-16T06:13:08.042+0000: 367.043: [GC [PSYoungGen: 154371K->954K(151680K)] 235443K->82097K(838656K), 0.0039220 secs] [Times: user=0.02 sys=0.00, real=0.00 secs] 
2014-07-16T06:13:08.574+0000: 367.575: [GC [PSYoungGen: 151674K->698K(148672K)] 232817K->81905K(835648K), 0.0058390 secs] [Times: user=0.01 sys=0.00, real=0.00 secs] 
2014-07-16T06:13:09.111+0000: 368.112: [GC [PSYoungGen: 148666K->562K(145856K)] 229873K->81849K(832832K), 0.0031740 secs] [Times: user=0.01 sys=0.00, real=0.01 secs] 
2014-07-16T06:13:09.633+0000: 368.634: [GC [PSYoungGen: 145817K->1022K(143744K)] 227105K->82381K(830720K), 0.0049090 secs] [Times: user=0.01 sys=0.00, real=0.00 secs] 
2014-07-16T06:13:10.162+0000: 369.162: [GC [PSYoungGen: 143742K->954K(141184K)] 225101K->82433K(828160K), 0.0047190 secs] [Times: user=0.03 sys=0.00, real=0.01 secs] 
2014-07-16T06:13:10.680+0000: 369.681: [GC [PSYoungGen: 141178K->1010K(138816K)] 222657K->82577K(825792K), 0.0034650 secs] [Times: user=0.01 sys=0.00, real=0.01 secs] 
2014-07-16T06:13:11.154+0000: 370.154: [GC [PSYoungGen: 138802K->470K(135936K)] 220369K->82077K(822912K), 0.0032360 secs] [Times: user=0.01 sys=0.01, real=0.00 secs] 
2014-07-16T06:13:11.653+0000: 370.654: [GC [PSYoungGen: 135894K->804K(133952K)] 217501K->82515K(820928K), 0.0034160 secs] [Times: user=0.01 sys=0.01, real=0.00 secs] 
2014-07-16T06:13:12.195+0000: 371.195: [GC [PSYoungGen: 133890K->712K(131648K)] 215602K->82455K(818624K), 0.0099000 secs] [Times: user=0.05 sys=0.00, real=0.01 secs] 
2014-07-16T06:13:12.668+0000: 371.668: [GC [PSYoungGen: 131592K->886K(157952K)] 213335K->82717K(844928K), 0.0070500 secs] [Times: user=0.03 sys=0.01, real=0.01 secs] 
2014-07-16T06:13:13.221+0000: 372.222: [GC [PSYoungGen: 157942K->876K(170560K)] 239773K->82771K(857536K), 0.0046790 secs] [Times: user=0.02 sys=0.00, real=0.01 secs] 
2014-07-16T06:13:13.829+0000: 372.830: [GC [PSYoungGen: 170468K->498K(166784K)] 252364K->82449K(853760K), 0.0025110 secs] [Times: user=0.01 sys=0.00, real=0.00 secs] 
2014-07-16T06:13:14.419+0000: 373.419: [GC [PSYoungGen: 166769K->812K(163904K)] 248721K->82835K(850880K), 0.0039820 secs] [Times: user=0.03 sys=0.00, real=0.00 secs] 
2014-07-16T06:13:15.003+0000: 374.004: [GC [PSYoungGen: 163884K->608K(160576K)] 245907K->82695K(847552K), 0.0069760 secs] [Times: user=0.04 sys=0.00, real=0.00 secs] 
2014-07-16T06:13:15.579+0000: 374.579: [GC [PSYoungGen: 160527K->652K(157632K)] 242615K->82803K(844608K), 0.0051840 secs] [Times: user=0.03 sys=0.00, real=0.01 secs] 
2014-07-16T06:13:16.141+0000: 375.142: [GC [PSYoungGen: 157568K->672K(154688K)] 239720K->82903K(841664K), 0.0043590 secs] [Times: user=0.02 sys=0.00, real=0.01 secs] 
2014-07-16T06:13:16.707+0000: 375.707: [GC [PSYoungGen: 154656K->712K(151936K)] 236887K->83031K(838912K), 0.0028930 secs] [Times: user=0.01 sys=0.00, real=0.00 secs] 
2014-07-16T06:13:17.294+0000: 376.295: [GC [PSYoungGen: 151837K->644K(149120K)] 234156K->83027K(836096K), 0.0032960 secs] [Times: user=0.01 sys=0.00, real=0.00 secs] 
2014-07-16T06:13:17.824+0000: 376.825: [GC [PSYoungGen: 149060K->562K(146304K)] 231443K->83017K(833280K), 0.0043630 secs] [Times: user=0.03 sys=0.00, real=0.00 secs] 
2014-07-16T06:13:18.341+0000: 377.341: [GC [PSYoungGen: 146290K->712K(143872K)] 228745K->83239K(830848K), 0.0039800 secs] [Times: user=0.01 sys=0.00, real=0.01 secs] 
2014-07-16T06:13:18.860+0000: 377.861: [GC [PSYoungGen: 143816K->794K(166272K)] 226343K->83393K(853248K), 0.0106970 secs] [Times: user=0.07 sys=0.00, real=0.01 secs] 
2014-07-16T06:13:19.457+0000: 378.458: [GC [PSYoungGen: 166170K->886K(163072K)] 248769K->83549K(850048K), 0.0036970 secs] [Times: user=0.02 sys=0.00, real=0.00 secs] 
2014-07-16T06:13:20.033+0000: 379.034: [GC [PSYoungGen: 163062K->256K(159360K)] 245725K->83276K(846336K), 0.0046130 secs] [Times: user=0.01 sys=0.00, real=0.00 secs] 
2014-07-16T06:13:20.596+0000: 379.597: [GC [PSYoungGen: 159360K->940K(157056K)] 242380K->84008K(844032K), 0.0046410 secs] [Times: user=0.02 sys=0.00, real=0.00 secs] 
2014-07-16T06:13:21.164+0000: 380.165: [GC [PSYoungGen: 157008K->480K(153664K)] 240077K->83894K(840640K), 0.0055630 secs] [Times: user=0.03 sys=0.00, real=0.01 secs] 
2014-07-16T06:13:21.745+0000: 380.745: [GC [PSYoungGen: 153632K->662K(151040K)] 237046K->84140K(838016K), 0.0039100 secs] [Times: user=0.02 sys=0.01, real=0.00 secs] 
2014-07-16T06:13:22.333+0000: 381.334: [GC [PSYoungGen: 150971K->944K(148544K)] 234450K->84486K(835520K), 0.0065100 secs] [Times: user=0.03 sys=0.01, real=0.01 secs] 
2014-07-16T06:13:22.815+0000: 381.816: [GC [PSYoungGen: 148528K->470K(145472K)] 232070K->84036K(832448K), 0.0041160 secs] [Times: user=0.01 sys=0.00, real=0.00 secs] 
2014-07-16T06:13:23.338+0000: 382.339: [GC [PSYoungGen: 145382K->794K(143232K)] 228948K->84432K(830208K), 0.0048140 secs] [Times: user=0.03 sys=0.01, real=0.00 secs] 
2014-07-16T06:13:23.884+0000: 382.884: [GC [PSYoungGen: 143194K->1100K(141056K)] 226832K->85018K(828032K), 0.0044790 secs] [Times: user=0.03 sys=0.00, real=0.01 secs] 
2014-07-16T06:13:24.375+0000: 383.376: [GC [PSYoungGen: 140963K->374K(137856K)] 224882K->84594K(824832K), 0.0034720 secs] [Times: user=0.02 sys=0.00, real=0.00 secs] 
2014-07-16T06:13:24.875+0000: 383.875: [GC [PSYoungGen: 137846K->1086K(136192K)] 222066K->85370K(823168K), 0.0039550 secs] [Times: user=0.03 sys=0.01, real=0.00 secs] 
2014-07-16T06:13:25.361+0000: 384.361: [GC [PSYoungGen: 136189K->932K(133760K)] 220474K->85330K(820736K), 0.0056770 secs] [Times: user=0.03 sys=0.00, real=0.01 secs] 
2014-07-16T06:13:25.818+0000: 384.819: [GC [PSYoungGen: 133732K->1258K(131840K)] 218130K->85728K(818816K), 0.0043780 secs] [Times: user=0.02 sys=0.01, real=0.00 secs] 
2014-07-16T06:13:26.281+0000: 385.282: [GC [PSYoungGen: 131818K->356K(128768K)] 216288K->85300K(815744K), 0.0032890 secs] [Times: user=0.01 sys=0.00, real=0.01 secs] 
2014-07-16T06:13:26.747+0000: 385.748: [GC [PSYoungGen: 128740K->958K(127232K)] 213684K->85974K(814208K), 0.0026770 secs] [Times: user=0.01 sys=0.00, real=0.00 secs] 
2014-07-16T06:13:27.203+0000: 386.204: [GC [PSYoungGen: 127190K->448K(152000K)] 212207K->85570K(838976K), 0.0089790 secs] [Times: user=0.04 sys=0.00, real=0.01 secs] 
2014-07-16T06:13:27.747+0000: 386.748: [GC [PSYoungGen: 152000K->730K(159552K)] 237122K->85940K(846528K), 0.0054660 secs] [Times: user=0.04 sys=0.00, real=0.00 secs] 
2014-07-16T06:13:28.312+0000: 387.313: [GC [PSYoungGen: 158874K->876K(183232K)] 244084K->86158K(870208K), 0.0074210 secs] [Times: user=0.05 sys=0.00, real=0.01 secs] 
2014-07-16T06:13:28.978+0000: 387.979: [GC [PSYoungGen: 182764K->894K(179072K)] 268046K->86240K(866048K), 0.0032630 secs] [Times: user=0.02 sys=0.00, real=0.00 secs] 
2014-07-16T06:13:29.643+0000: 388.644: [GC [PSYoungGen: 179032K->488K(175104K)] 264379K->86074K(862080K), 0.0039060 secs] [Times: user=0.02 sys=0.00, real=0.01 secs] 
2014-07-16T06:13:30.277+0000: 389.278: [GC [PSYoungGen: 175080K->644K(171776K)] 260666K->86278K(858752K), 0.0063850 secs] [Times: user=0.04 sys=0.01, real=0.00 secs] 
2014-07-16T06:13:30.901+0000: 389.901: [GC [PSYoungGen: 171714K->544K(168256K)] 257349K->86366K(855232K), 0.0076110 secs] [Times: user=0.05 sys=0.00, real=0.01 secs] 
2014-07-16T06:13:31.493+0000: 390.493: [GC [PSYoungGen: 168224K->544K(164992K)] 254046K->86438K(851968K), 0.0036480 secs] [Times: user=0.01 sys=0.00, real=0.01 secs] 
2014-07-16T06:13:32.100+0000: 391.101: [GC [PSYoungGen: 164897K->808K(162048K)] 250792K->86790K(849024K), 0.0059470 secs] [Times: user=0.04 sys=0.00, real=0.01 secs] 
2014-07-16T06:13:32.697+0000: 391.698: [GC [PSYoungGen: 162024K->1118K(159296K)] 248006K->87189K(846272K), 0.0078810 secs] [Times: user=0.05 sys=0.00, real=0.01 secs] 
2014-07-16T06:13:33.255+0000: 392.256: [GC [PSYoungGen: 159262K->484K(155712K)] 245333K->86941K(842688K), 0.0053860 secs] [Times: user=0.03 sys=0.00, real=0.01 secs] 
2014-07-16T06:13:33.813+0000: 392.814: [GC [PSYoungGen: 155684K->1058K(153408K)] 242141K->87587K(840384K), 0.0040020 secs] [Times: user=0.01 sys=0.00, real=0.01 secs] 
2014-07-16T06:13:34.368+0000: 393.369: [GC [PSYoungGen: 153378K->690K(150208K)] 239907K->87290K(837184K), 0.0030600 secs] [Times: user=0.02 sys=0.00, real=0.00 secs] 
2014-07-16T06:13:34.909+0000: 393.909: [GC [PSYoungGen: 150190K->726K(147584K)] 236791K->87407K(834560K), 0.0038270 secs] [Times: user=0.03 sys=0.00, real=0.00 secs] 
2014-07-16T06:13:35.443+0000: 394.443: [GC [PSYoungGen: 147515K->676K(144896K)] 234196K->87421K(831872K), 0.0065440 secs] [Times: user=0.03 sys=0.00, real=0.01 secs] 
2014-07-16T06:13:35.979+0000: 394.979: [GC [PSYoungGen: 144868K->1222K(142912K)] 231613K->88055K(829888K), 0.0031430 secs] [Times: user=0.01 sys=0.00, real=0.00 secs] 
2014-07-16T06:13:36.484+0000: 395.485: [GC [PSYoungGen: 142854K->416K(139584K)] 229687K->87320K(826560K), 0.0038320 secs] [Times: user=0.02 sys=0.01, real=0.01 secs] 
2014-07-16T06:13:36.990+0000: 395.990: [GC [PSYoungGen: 139519K->726K(137472K)] 226424K->87735K(824448K), 0.0038380 secs] [Times: user=0.02 sys=0.01, real=0.00 secs] 
2014-07-16T06:13:37.568+0000: 396.568: [GC [PSYoungGen: 137430K->1342K(135680K)] 224439K->88423K(822656K), 0.0054640 secs] [Times: user=0.03 sys=0.00, real=0.00 secs] 
2014-07-16T06:13:37.976+0000: 396.976: [GC [PSYoungGen: 135678K->780K(132928K)] 222759K->87925K(819904K), 0.0039370 secs] [Times: user=0.01 sys=0.00, real=0.01 secs] 
2014-07-16T06:13:38.440+0000: 397.441: [GC [PSYoungGen: 132865K->798K(130752K)] 220010K->87983K(817728K), 0.0047290 secs] [Times: user=0.03 sys=0.00, real=0.00 secs] 
2014-07-16T06:13:38.899+0000: 397.899: [GC [PSYoungGen: 130718K->502K(128256K)] 217903K->87735K(815232K), 0.0050030 secs] [Times: user=0.03 sys=0.00, real=0.00 secs] 
2014-07-16T06:13:39.359+0000: 398.360: [GC [PSYoungGen: 128215K->808K(126464K)] 215448K->88121K(813440K), 0.0036590 secs] [Times: user=0.01 sys=0.00, real=0.00 secs] 
2014-07-16T06:13:39.809+0000: 398.810: [GC [PSYoungGen: 126440K->1104K(124736K)] 213753K->88481K(811712K), 0.0027900 secs] [Times: user=0.02 sys=0.00, real=0.00 secs] 
2014-07-16T06:13:40.250+0000: 399.251: [GC [PSYoungGen: 124688K->640K(122240K)] 212065K->88104K(809216K), 0.0033060 secs] [Times: user=0.02 sys=0.00, real=0.00 secs] 
2014-07-16T06:13:40.694+0000: 399.695: [GC [PSYoungGen: 122238K->626K(120320K)] 209703K->88162K(807296K), 0.0031280 secs] [Times: user=0.02 sys=0.00, real=0.01 secs] 
2014-07-16T06:13:41.133+0000: 400.134: [GC [PSYoungGen: 120264K->776K(118656K)] 207801K->88385K(805632K), 0.0027700 secs] [Times: user=0.01 sys=0.00, real=0.00 secs] 
2014-07-16T06:13:41.560+0000: 400.561: [GC [PSYoungGen: 118596K->626K(116672K)] 206205K->88314K(803648K), 0.0027090 secs] [Times: user=0.01 sys=0.00, real=0.00 secs] 
2014-07-16T06:13:41.978+0000: 400.979: [GC [PSYoungGen: 116652K->908K(115200K)] 204341K->88685K(802176K), 0.0033680 secs] [Times: user=0.02 sys=0.00, real=0.00 secs] 
2014-07-16T06:13:42.384+0000: 401.385: [GC [PSYoungGen: 115148K->798K(113344K)] 202925K->88631K(800320K), 0.0038780 secs] [Times: user=0.01 sys=0.00, real=0.01 secs] 
2014-07-16T06:13:42.878+0000: 401.878: [GC [PSYoungGen: 113310K->802K(111680K)] 201143K->88807K(798656K), 0.0061260 secs] [Times: user=0.04 sys=0.00, real=0.00 secs] 
2014-07-16T06:13:43.244+0000: 402.245: [GC [PSYoungGen: 111637K->516K(109760K)] 199642K->88561K(796736K), 0.0043660 secs] [Times: user=0.01 sys=0.00, real=0.01 secs] 
2014-07-16T06:13:43.635+0000: 402.636: [GC [PSYoungGen: 109700K->602K(131712K)] 197745K->88687K(818688K), 0.0060080 secs] [Times: user=0.04 sys=0.00, real=0.01 secs] 
2014-07-16T06:13:44.109+0000: 403.110: [GC [PSYoungGen: 131674K->416K(129344K)] 219759K->88548K(816320K), 0.0029570 secs] [Times: user=0.02 sys=0.00, real=0.00 secs] 
2014-07-16T06:13:44.597+0000: 403.597: [GC [PSYoungGen: 129312K->858K(127680K)] 217444K->89063K(814656K), 0.0042750 secs] [Times: user=0.03 sys=0.00, real=0.01 secs] 
2014-07-16T06:13:45.060+0000: 404.060: [GC [PSYoungGen: 127642K->772K(125568K)] 215847K->89057K(812544K), 0.0056730 secs] [Times: user=0.03 sys=0.00, real=0.00 secs] 
2014-07-16T06:13:45.504+0000: 404.505: [GC [PSYoungGen: 125508K->740K(123520K)] 213793K->89137K(810496K), 0.0034140 secs] [Times: user=0.02 sys=0.00, real=0.01 secs] 
2014-07-16T06:13:45.949+0000: 404.950: [GC [PSYoungGen: 123465K->694K(121536K)] 211862K->89163K(808512K), 0.0036670 secs] [Times: user=0.02 sys=0.00, real=0.00 secs] 
2014-07-16T06:13:46.373+0000: 405.373: [GC [PSYoungGen: 121526K->644K(119616K)] 209995K->89209K(806592K), 0.0033140 secs] [Times: user=0.01 sys=0.00, real=0.00 secs] 
2014-07-16T06:13:46.818+0000: 405.819: [GC [PSYoungGen: 119556K->1150K(143872K)] 208121K->89779K(830848K), 0.0081820 secs] [Times: user=0.04 sys=0.01, real=0.00 secs] 
2014-07-16T06:13:47.334+0000: 406.335: [GC [PSYoungGen: 143870K->484K(164288K)] 232499K->89161K(851264K), 0.0060870 secs] [Times: user=0.04 sys=0.00, real=0.01 secs] 
2014-07-16T06:13:47.975+0000: 406.976: [GC [PSYoungGen: 164250K->1040K(165056K)] 252927K->89781K(852032K), 0.0063160 secs] [Times: user=0.03 sys=0.01, real=0.01 secs] 
2014-07-16T06:13:48.547+0000: 407.548: [GC [PSYoungGen: 164816K->1204K(161856K)] 253557K->90001K(848832K), 0.0044070 secs] [Times: user=0.02 sys=0.00, real=0.01 secs] 
2014-07-16T06:13:49.116+0000: 408.117: [GC [PSYoungGen: 161844K->726K(158336K)] 250641K->89595K(845312K), 0.0052010 secs] [Times: user=0.03 sys=0.01, real=0.01 secs] 
2014-07-16T06:13:49.679+0000: 408.680: [GC [PSYoungGen: 158294K->616K(189760K)] 247163K->89533K(876736K), 0.0071310 secs] [Times: user=0.03 sys=0.00, real=0.00 secs] 
2014-07-16T06:13:50.368+0000: 409.368: [GC [PSYoungGen: 189736K->812K(185984K)] 278653K->89817K(872960K), 0.0035240 secs] [Times: user=0.02 sys=0.00, real=0.01 secs] 
2014-07-16T06:13:51.050+0000: 410.050: [GC [PSYoungGen: 185961K->690K(182016K)] 274966K->89751K(868992K), 0.0037680 secs] [Times: user=0.01 sys=0.00, real=0.00 secs] 
2014-07-16T06:13:51.704+0000: 410.704: [GC [PSYoungGen: 181972K->480K(178112K)] 271033K->89644K(865088K), 0.0056880 secs] [Times: user=0.03 sys=0.00, real=0.01 secs] 
2014-07-16T06:13:52.347+0000: 411.348: [GC [PSYoungGen: 178073K->962K(175040K)] 267238K->90215K(862016K), 0.0029150 secs] [Times: user=0.01 sys=0.00, real=0.01 secs] 
2014-07-16T06:13:52.994+0000: 411.995: [GC [PSYoungGen: 174960K->1172K(171776K)] 264213K->90505K(858752K), 0.0068870 secs] [Times: user=0.04 sys=0.01, real=0.01 secs] 
2014-07-16T06:13:53.609+0000: 412.610: [GC [PSYoungGen: 171732K->492K(167680K)] 261065K->90119K(854656K), 0.0039710 secs] [Times: user=0.02 sys=0.00, real=0.00 secs] 
2014-07-16T06:13:54.198+0000: 413.198: [GC [PSYoungGen: 167626K->834K(164800K)] 257253K->90485K(851776K), 0.0039310 secs] [Times: user=0.02 sys=0.00, real=0.01 secs] 
2014-07-16T06:13:54.794+0000: 413.795: [GC [PSYoungGen: 164738K->630K(161408K)] 254389K->90553K(848384K), 0.0037150 secs] [Times: user=0.02 sys=0.00, real=0.00 secs] 
2014-07-16T06:13:55.362+0000: 414.363: [GC [PSYoungGen: 161398K->352K(158080K)] 251321K->90323K(845056K), 0.0081070 secs] [Times: user=0.05 sys=0.00, real=0.01 secs] 
2014-07-16T06:13:55.927+0000: 414.928: [GC [PSYoungGen: 158048K->940K(155712K)] 248019K->90975K(842688K), 0.0036140 secs] [Times: user=0.01 sys=0.00, real=0.01 secs] 
2014-07-16T06:13:56.475+0000: 415.476: [GC [PSYoungGen: 155692K->626K(152512K)] 245727K->90741K(839488K), 0.0034000 secs] [Times: user=0.02 sys=0.01, real=0.00 secs] 
2014-07-16T06:13:57.020+0000: 416.020: [GC [PSYoungGen: 152498K->452K(149632K)] 242613K->90623K(836608K), 0.0028620 secs] [Times: user=0.01 sys=0.00, real=0.00 secs] 
2014-07-16T06:13:57.550+0000: 416.551: [GC [PSYoungGen: 149572K->702K(147136K)] 239743K->90913K(834112K), 0.0033340 secs] [Times: user=0.01 sys=0.00, real=0.00 secs] 
2014-07-16T06:13:58.098+0000: 417.098: [GC [PSYoungGen: 147134K->780K(144640K)] 237345K->91047K(831616K), 0.0060860 secs] [Times: user=0.03 sys=0.00, real=0.01 secs] 
2014-07-16T06:13:58.625+0000: 417.626: [GC [PSYoungGen: 144585K->694K(141952K)] 234852K->91041K(828928K), 0.0029600 secs] [Times: user=0.01 sys=0.00, real=0.00 secs] 
2014-07-16T06:13:59.156+0000: 418.157: [GC [PSYoungGen: 141903K->744K(139520K)] 232250K->91147K(826496K), 0.0058500 secs] [Times: user=0.02 sys=0.01, real=0.01 secs] 
2014-07-16T06:13:59.644+0000: 418.645: [GC [PSYoungGen: 139496K->630K(137024K)] 229899K->91105K(824000K), 0.0045100 secs] [Times: user=0.02 sys=0.01, real=0.00 secs] 
2014-07-16T06:14:00.154+0000: 419.155: [GC [PSYoungGen: 137014K->790K(134912K)] 227489K->91313K(821888K), 0.0037200 secs] [Times: user=0.02 sys=0.00, real=0.00 secs] 
2014-07-16T06:14:00.644+0000: 419.645: [GC [PSYoungGen: 134870K->566K(132416K)] 225393K->91137K(819392K), 0.0052730 secs] [Times: user=0.03 sys=0.00, real=0.00 secs] 
2014-07-16T06:14:01.118+0000: 420.119: [GC [PSYoungGen: 132406K->726K(130432K)] 222977K->91361K(817408K), 0.0050930 secs] [Times: user=0.03 sys=0.00, real=0.01 secs] 
2014-07-16T06:14:01.579+0000: 420.579: [GC [PSYoungGen: 130341K->894K(128448K)] 220976K->91633K(815424K), 0.0046700 secs] [Times: user=0.02 sys=0.01, real=0.01 secs] 
2014-07-16T06:14:02.062+0000: 421.063: [GC [PSYoungGen: 128425K->566K(126080K)] 219164K->91451K(813056K), 0.0039990 secs] [Times: user=0.02 sys=0.00, real=0.00 secs] 
2014-07-16T06:14:02.512+0000: 421.513: [GC [PSYoungGen: 126070K->594K(124096K)] 216955K->91543K(811072K), 0.0049010 secs] [Times: user=0.02 sys=0.00, real=0.00 secs] 
2014-07-16T06:14:02.939+0000: 421.940: [GC [PSYoungGen: 124050K->520K(122048K)] 214999K->91525K(809024K), 0.0049160 secs] [Times: user=0.02 sys=0.00, real=0.01 secs] 
2014-07-16T06:14:03.391+0000: 422.391: [GC [PSYoungGen: 121992K->1080K(146880K)] 212997K->92217K(833856K), 0.0054440 secs] [Times: user=0.02 sys=0.00, real=0.00 secs] 
2014-07-16T06:14:03.909+0000: 422.909: [GC [PSYoungGen: 146872K->548K(175552K)] 238009K->91765K(862528K), 0.0066240 secs] [Times: user=0.03 sys=0.00, real=0.01 secs] 
2014-07-16T06:14:04.529+0000: 423.529: [GC [PSYoungGen: 175524K->1044K(172544K)] 266741K->92333K(859520K), 0.0041360 secs] [Times: user=0.02 sys=0.00, real=0.01 secs] 
2014-07-16T06:14:05.156+0000: 424.156: [GC [PSYoungGen: 172463K->830K(168896K)] 263752K->92273K(855872K), 0.0040460 secs] [Times: user=0.03 sys=0.00, real=0.00 secs] 
2014-07-16T06:14:05.762+0000: 424.763: [GC [PSYoungGen: 168894K->626K(165440K)] 260337K->92173K(852416K), 0.0060310 secs] [Times: user=0.03 sys=0.00, real=0.00 secs] 
2014-07-16T06:14:06.344+0000: 425.344: [GC [PSYoungGen: 165372K->566K(162176K)] 256919K->92201K(849152K), 0.0040890 secs] [Times: user=0.02 sys=0.01, real=0.00 secs] 
2014-07-16T06:14:06.911+0000: 425.912: [GC [PSYoungGen: 162130K->990K(159552K)] 253765K->92673K(846528K), 0.0061770 secs] [Times: user=0.03 sys=0.00, real=0.01 secs] 
2014-07-16T06:14:07.482+0000: 426.483: [GC [PSYoungGen: 159518K->734K(156288K)] 251201K->92473K(843264K), 0.0044040 secs] [Times: user=0.02 sys=0.01, real=0.00 secs] 
2014-07-16T06:14:08.157+0000: 427.158: [GC [PSYoungGen: 156207K->1018K(153664K)] 247946K->92813K(840640K), 0.0034660 secs] [Times: user=0.02 sys=0.01, real=0.01 secs] 
2014-07-16T06:14:08.670+0000: 427.670: [GC [PSYoungGen: 153658K->676K(150528K)] 245453K->92535K(837504K), 0.0047390 secs] [Times: user=0.02 sys=0.00, real=0.01 secs] 
2014-07-16T06:14:09.215+0000: 428.216: [GC [PSYoungGen: 150500K->908K(148032K)] 242359K->92855K(835008K), 0.0062980 secs] [Times: user=0.03 sys=0.01, real=0.01 secs] 
2014-07-16T06:14:09.736+0000: 428.737: [GC [PSYoungGen: 147980K->712K(145216K)] 239927K->92723K(832192K), 0.0060540 secs] [Times: user=0.02 sys=0.00, real=0.01 secs] 
2014-07-16T06:14:10.251+0000: 429.251: [GC [PSYoungGen: 145160K->644K(142592K)] 237171K->92743K(829568K), 0.0044650 secs] [Times: user=0.02 sys=0.00, real=0.01 secs] 
2014-07-16T06:14:10.768+0000: 429.769: [GC [PSYoungGen: 142532K->762K(140160K)] 234631K->92957K(827136K), 0.0054580 secs] [Times: user=0.03 sys=0.01, real=0.01 secs] 
2014-07-16T06:14:11.274+0000: 430.274: [GC [PSYoungGen: 140123K->758K(137728K)] 232318K->93017K(824704K), 0.0033400 secs] [Times: user=0.02 sys=0.00, real=0.00 secs] 
2014-07-16T06:14:11.769+0000: 430.770: [GC [PSYoungGen: 137718K->484K(135104K)] 229977K->92815K(822080K), 0.0057500 secs] [Times: user=0.04 sys=0.00, real=0.01 secs] 
2014-07-16T06:14:12.247+0000: 431.248: [GC [PSYoungGen: 135074K->744K(133056K)] 227405K->93163K(820032K), 0.0045120 secs] [Times: user=0.03 sys=0.00, real=0.01 secs] 
2014-07-16T06:14:12.736+0000: 431.737: [GC [PSYoungGen: 133032K->960K(131008K)] 225451K->93475K(817984K), 0.0029330 secs] [Times: user=0.01 sys=0.00, real=0.00 secs] 
2014-07-16T06:14:13.273+0000: 432.273: [GC [PSYoungGen: 130967K->1136K(129024K)] 223482K->93995K(816000K), 0.0043080 secs] [Times: user=0.01 sys=0.01, real=0.00 secs] 
2014-07-16T06:14:13.697+0000: 432.698: [GC [PSYoungGen: 128985K->256K(126016K)] 221844K->94131K(812992K), 0.0042400 secs] [Times: user=0.02 sys=0.00, real=0.00 secs] 
2014-07-16T06:14:14.153+0000: 433.154: [GC [PSYoungGen: 126016K->616K(124352K)] 219891K->94539K(811328K), 0.0037760 secs] [Times: user=0.01 sys=0.00, real=0.00 secs] 
2014-07-16T06:14:14.599+0000: 433.600: [GC [PSYoungGen: 124289K->1054K(122816K)] 218213K->95181K(809792K), 0.0033420 secs] [Times: user=0.01 sys=0.00, real=0.01 secs] 
2014-07-16T06:14:15.049+0000: 434.049: [GC [PSYoungGen: 122781K->754K(146880K)] 216909K->94985K(833856K), 0.0082920 secs] [Times: user=0.06 sys=0.00, real=0.01 secs] 
2014-07-16T06:14:15.578+0000: 434.579: [GC [PSYoungGen: 146866K->1200K(144704K)] 241097K->95495K(831680K), 0.0030850 secs] [Times: user=0.01 sys=0.01, real=0.00 secs] 
2014-07-16T06:14:16.090+0000: 435.090: [GC [PSYoungGen: 144688K->630K(141568K)] 238983K->94989K(828544K), 0.0058840 secs] [Times: user=0.03 sys=0.00, real=0.01 secs] 
2014-07-16T06:14:16.597+0000: 435.597: [GC [PSYoungGen: 141558K->922K(139456K)] 235917K->95361K(826432K), 0.0032830 secs] [Times: user=0.02 sys=0.00, real=0.00 secs] 
2014-07-16T06:14:17.090+0000: 436.091: [GC [PSYoungGen: 139418K->648K(136832K)] 233857K->95167K(823808K), 0.0039400 secs] [Times: user=0.02 sys=0.00, real=0.01 secs] 
2014-07-16T06:14:17.586+0000: 436.587: [GC [PSYoungGen: 136776K->736K(134592K)] 231295K->95335K(821568K), 0.0039970 secs] [Times: user=0.02 sys=0.00, real=0.00 secs] 
2014-07-16T06:14:18.122+0000: 437.123: [GC [PSYoungGen: 134558K->776K(132416K)] 229158K->95423K(819392K), 0.0058940 secs] [Times: user=0.02 sys=0.00, real=0.00 secs] 
2014-07-16T06:14:18.560+0000: 437.560: [GC [PSYoungGen: 132287K->1090K(130560K)] 226935K->95825K(817536K), 0.0053140 secs] [Times: user=0.03 sys=0.00, real=0.01 secs] 
2014-07-16T06:14:19.035+0000: 438.035: [GC [PSYoungGen: 130498K->772K(156160K)] 225233K->95539K(843136K), 0.0061810 secs] [Times: user=0.02 sys=0.00, real=0.00 secs] 
2014-07-16T06:14:19.589+0000: 438.590: [GC [PSYoungGen: 156100K->812K(153280K)] 250867K->95643K(840256K), 0.0048670 secs] [Times: user=0.03 sys=0.00, real=0.01 secs] 
2014-07-16T06:14:20.141+0000: 439.142: [GC [PSYoungGen: 153260K->722K(169280K)] 248091K->95617K(856256K), 0.0074420 secs] [Times: user=0.03 sys=0.01, real=0.01 secs] 
2014-07-16T06:14:20.751+0000: 439.752: [GC [PSYoungGen: 168595K->740K(184384K)] 263490K->95715K(871360K), 0.0050690 secs] [Times: user=0.03 sys=0.00, real=0.01 secs] 
2014-07-16T06:14:21.402+0000: 440.403: [GC [PSYoungGen: 183780K->712K(180032K)] 278755K->95743K(867008K), 0.0037220 secs] [Times: user=0.02 sys=0.00, real=0.01 secs] 
2014-07-16T06:14:22.059+0000: 441.059: [GC [PSYoungGen: 179964K->548K(176192K)] 274995K->95723K(863168K), 0.0027690 secs] [Times: user=0.02 sys=0.00, real=0.00 secs] 
2014-07-16T06:14:22.701+0000: 441.702: [GC [PSYoungGen: 176164K->1054K(173184K)] 271339K->96325K(860160K), 0.0039520 secs] [Times: user=0.03 sys=0.01, real=0.01 secs] 
2014-07-16T06:14:23.354+0000: 442.355: [GC [PSYoungGen: 173150K->676K(169408K)] 268421K->96069K(856384K), 0.0039320 secs] [Times: user=0.01 sys=0.01, real=0.00 secs] 
2014-07-16T06:14:23.987+0000: 442.988: [GC [PSYoungGen: 169304K->1044K(166464K)] 264697K->96517K(853440K), 0.0031130 secs] [Times: user=0.01 sys=0.00, real=0.00 secs] 
2014-07-16T06:14:24.561+0000: 443.562: [GC [PSYoungGen: 166409K->816K(163008K)] 261883K->96393K(849984K), 0.0041360 secs] [Times: user=0.03 sys=0.00, real=0.01 secs] 
2014-07-16T06:14:25.141+0000: 444.142: [GC [PSYoungGen: 162992K->548K(159680K)] 258569K->96221K(846656K), 0.0027120 secs] [Times: user=0.02 sys=0.00, real=0.01 secs] 
2014-07-16T06:14:25.721+0000: 444.722: [GC [PSYoungGen: 159641K->776K(156928K)] 255315K->96529K(843904K), 0.0043310 secs] [Times: user=0.02 sys=0.00, real=0.01 secs] 
2014-07-16T06:14:26.287+0000: 445.288: [GC [PSYoungGen: 156847K->950K(154112K)] 252601K->96759K(841088K), 0.0032170 secs] [Times: user=0.02 sys=0.00, real=0.00 secs] 
2014-07-16T06:14:26.825+0000: 445.826: [GC [PSYoungGen: 154100K->712K(151104K)] 249910K->96617K(838080K), 0.0046590 secs] [Times: user=0.03 sys=0.00, real=0.00 secs] 
2014-07-16T06:14:27.359+0000: 446.360: [GC [PSYoungGen: 151019K->790K(148416K)] 246925K->96767K(835392K), 0.0069380 secs] [Times: user=0.04 sys=0.00, real=0.01 secs] 
2014-07-16T06:14:27.892+0000: 446.893: [GC [PSYoungGen: 148357K->998K(145984K)] 244335K->97055K(832960K), 0.0029390 secs] [Times: user=0.02 sys=0.00, real=0.01 secs] 
2014-07-16T06:14:28.458+0000: 447.458: [GC [PSYoungGen: 145927K->762K(143168K)] 241984K->96867K(830144K), 0.0052850 secs] [Times: user=0.03 sys=0.00, real=0.00 secs] 
2014-07-16T06:14:28.975+0000: 447.976: [GC [PSYoungGen: 143162K->708K(140672K)] 239267K->96885K(827648K), 0.0041300 secs] [Times: user=0.03 sys=0.00, real=0.00 secs] 
2014-07-16T06:14:29.473+0000: 448.473: [GC [PSYoungGen: 140612K->420K(137920K)] 236789K->96621K(824896K), 0.0036830 secs] [Times: user=0.02 sys=0.00, real=0.01 secs] 
2014-07-16T06:14:29.976+0000: 448.977: [GC [PSYoungGen: 137892K->644K(135808K)] 234093K->96893K(822784K), 0.0035650 secs] [Times: user=0.02 sys=0.00, real=0.00 secs] 
2014-07-16T06:14:30.440+0000: 449.440: [GC [PSYoungGen: 135734K->534K(133376K)] 231983K->96847K(820352K), 0.0045100 secs] [Times: user=0.03 sys=0.00, real=0.01 secs] 
2014-07-16T06:14:30.918+0000: 449.919: [GC [PSYoungGen: 133334K->762K(131328K)] 229647K->97163K(818304K), 0.0039320 secs] [Times: user=0.02 sys=0.00, real=0.00 secs] 
2014-07-16T06:14:31.401+0000: 450.401: [GC [PSYoungGen: 131318K->1212K(129600K)] 227720K->97733K(816576K), 0.0048290 secs] [Times: user=0.03 sys=0.00, real=0.01 secs] 
2014-07-16T06:14:31.844+0000: 450.845: [GC [PSYoungGen: 129530K->502K(126784K)] 226051K->97311K(813760K), 0.0028130 secs] [Times: user=0.01 sys=0.00, real=0.00 secs] 
2014-07-16T06:14:32.292+0000: 451.293: [GC [PSYoungGen: 126774K->840K(125120K)] 223583K->97721K(812096K), 0.0043400 secs] [Times: user=0.02 sys=0.00, real=0.01 secs] 
2014-07-16T06:14:32.741+0000: 451.742: [GC [PSYoungGen: 125035K->580K(122880K)] 221916K->97541K(809856K), 0.0027630 secs] [Times: user=0.02 sys=0.00, real=0.00 secs] 
2014-07-16T06:14:33.277+0000: 452.278: [GC [PSYoungGen: 122818K->1170K(121536K)] 219780K->98203K(808512K), 0.0062000 secs] [Times: user=0.03 sys=0.00, real=0.00 secs] 
2014-07-16T06:14:33.645+0000: 452.645: [GC [PSYoungGen: 121490K->662K(119168K)] 218523K->97759K(806144K), 0.0049910 secs] [Times: user=0.02 sys=0.00, real=0.01 secs] 
2014-07-16T06:14:34.074+0000: 453.075: [GC [PSYoungGen: 119126K->772K(117440K)] 216223K->97957K(804416K), 0.0045970 secs] [Times: user=0.02 sys=0.00, real=0.01 secs] 
2014-07-16T06:14:34.503+0000: 453.504: [GC [PSYoungGen: 117380K->726K(115584K)] 214565K->97999K(802560K), 0.0041260 secs] [Times: user=0.03 sys=0.00, real=0.01 secs] 
2014-07-16T06:14:34.901+0000: 453.902: [GC [PSYoungGen: 115542K->594K(113728K)] 212815K->97939K(800704K), 0.0029750 secs] [Times: user=0.01 sys=0.00, real=0.00 secs] 
2014-07-16T06:14:35.300+0000: 454.301: [GC [PSYoungGen: 113615K->734K(112192K)] 210961K->98143K(799168K), 0.0038540 secs] [Times: user=0.03 sys=0.00, real=0.00 secs] 
2014-07-16T06:14:35.745+0000: 454.746: [GC [PSYoungGen: 112158K->762K(134528K)] 209567K->98219K(821504K), 0.0092010 secs] [Times: user=0.05 sys=0.00, real=0.00 secs] 
2014-07-16T06:14:36.206+0000: 455.207: [GC [PSYoungGen: 134522K->466K(161024K)] 231979K->97987K(848000K), 0.0051930 secs] [Times: user=0.03 sys=0.00, real=0.00 secs] 
2014-07-16T06:14:36.791+0000: 455.792: [GC [PSYoungGen: 160884K->1068K(169984K)] 258406K->98653K(856960K), 0.0035240 secs] [Times: user=0.02 sys=0.00, real=0.00 secs] 
2014-07-16T06:14:37.388+0000: 456.389: [GC [PSYoungGen: 169836K->530K(166016K)] 267421K->98187K(852992K), 0.0040830 secs] [Times: user=0.02 sys=0.00, real=0.00 secs] 
2014-07-16T06:14:37.982+0000: 456.983: [GC [PSYoungGen: 165970K->498K(162752K)] 263627K->98259K(849728K), 0.0033570 secs] [Times: user=0.01 sys=0.00, real=0.01 secs] 
2014-07-16T06:14:38.600+0000: 457.600: [GC [PSYoungGen: 162738K->626K(159808K)] 260499K->98483K(846784K), 0.0056040 secs] [Times: user=0.03 sys=0.01, real=0.01 secs] 
2014-07-16T06:14:39.160+0000: 458.161: [GC [PSYoungGen: 159794K->776K(156992K)] 257651K->98673K(843968K), 0.0067560 secs] [Times: user=0.03 sys=0.00, real=0.01 secs] 
2014-07-16T06:14:39.735+0000: 458.736: [GC [PSYoungGen: 156896K->894K(154112K)] 254794K->98855K(841088K), 0.0045640 secs] [Times: user=0.02 sys=0.01, real=0.01 secs] 
2014-07-16T06:14:40.290+0000: 459.290: [GC [PSYoungGen: 154110K->434K(150848K)] 252071K->98443K(837824K), 0.0067720 secs] [Times: user=0.03 sys=0.01, real=0.01 secs] 
2014-07-16T06:14:40.839+0000: 459.840: [GC [PSYoungGen: 150834K->990K(148672K)] 248843K->99079K(835648K), 0.0044780 secs] [Times: user=0.03 sys=0.00, real=0.00 secs] 
2014-07-16T06:14:41.376+0000: 460.377: [GC [PSYoungGen: 148638K->704K(145664K)] 246727K->98889K(832640K), 0.0046600 secs] [Times: user=0.02 sys=0.00, real=0.00 secs] 
2014-07-16T06:14:41.911+0000: 460.912: [GC [PSYoungGen: 145626K->854K(143296K)] 243812K->99111K(830272K), 0.0031550 secs] [Times: user=0.02 sys=0.00, real=0.00 secs] 
2014-07-16T06:14:42.437+0000: 461.438: [GC [PSYoungGen: 143211K->908K(140864K)] 241469K->99245K(827840K), 0.0061740 secs] [Times: user=0.03 sys=0.00, real=0.00 secs] 
2014-07-16T06:14:42.939+0000: 461.940: [GC [PSYoungGen: 140812K->638K(138112K)] 239149K->99225K(825088K), 0.0028790 secs] [Times: user=0.02 sys=0.00, real=0.00 secs] 
2014-07-16T06:14:43.514+0000: 462.515: [GC [PSYoungGen: 138110K->1000K(136128K)] 236697K->99691K(823104K), 0.0038280 secs] [Times: user=0.02 sys=0.00, real=0.01 secs] 
2014-07-16T06:14:43.933+0000: 462.934: [GC [PSYoungGen: 136070K->944K(133760K)] 234761K->99757K(820736K), 0.0054260 secs] [Times: user=0.02 sys=0.00, real=0.01 secs] 
2014-07-16T06:14:44.410+0000: 463.411: [GC [PSYoungGen: 133743K->416K(131008K)] 232557K->99277K(817984K), 0.0057280 secs] [Times: user=0.03 sys=0.00, real=0.00 secs] 
2014-07-16T06:14:44.871+0000: 463.871: [GC [PSYoungGen: 130976K->548K(128960K)] 229837K->99457K(815936K), 0.0052470 secs] [Times: user=0.02 sys=0.00, real=0.01 secs] 
2014-07-16T06:14:45.353+0000: 464.354: [GC [PSYoungGen: 128932K->576K(126848K)] 227841K->99581K(813824K), 0.0038380 secs] [Times: user=0.02 sys=0.00, real=0.01 secs] 
2014-07-16T06:14:45.801+0000: 464.802: [GC [PSYoungGen: 126848K->708K(152320K)] 225853K->99785K(839296K), 0.0082280 secs] [Times: user=0.05 sys=0.00, real=0.01 secs] 
2014-07-16T06:14:46.375+0000: 465.376: [GC [PSYoungGen: 152212K->904K(149760K)] 251290K->100037K(836736K), 0.0031610 secs] [Times: user=0.02 sys=0.00, real=0.01 secs] 
2014-07-16T06:14:46.888+0000: 465.888: [GC [PSYoungGen: 149703K->740K(179328K)] 248836K->99937K(866304K), 0.0063300 secs] [Times: user=0.02 sys=0.00, real=0.00 secs] 
2014-07-16T06:14:47.522+0000: 466.522: [GC [PSYoungGen: 179211K->722K(175680K)] 278408K->100007K(862656K), 0.0031880 secs] [Times: user=0.02 sys=0.00, real=0.00 secs] 
2014-07-16T06:14:48.155+0000: 467.156: [GC [PSYoungGen: 175617K->790K(172224K)] 274903K->100123K(859200K), 0.0039970 secs] [Times: user=0.02 sys=0.00, real=0.01 secs] 
2014-07-16T06:14:48.789+0000: 467.790: [GC [PSYoungGen: 172157K->740K(168768K)] 271490K->100129K(855744K), 0.0048750 secs] [Times: user=0.01 sys=0.01, real=0.00 secs] 
2014-07-16T06:14:49.403+0000: 468.403: [GC [PSYoungGen: 168740K->544K(165312K)] 268129K->99997K(852288K), 0.0059460 secs] [Times: user=0.03 sys=0.00, real=0.01 secs] 
2014-07-16T06:14:49.998+0000: 468.999: [GC [PSYoungGen: 165280K->754K(162304K)] 264733K->100287K(849280K), 0.0049310 secs] [Times: user=0.03 sys=0.00, real=0.00 secs] 
2014-07-16T06:14:50.590+0000: 469.590: [GC [PSYoungGen: 162290K->640K(159104K)] 261823K->100261K(846080K), 0.0057570 secs] [Times: user=0.03 sys=0.00, real=0.00 secs] 
2014-07-16T06:14:51.139+0000: 470.140: [GC [PSYoungGen: 159094K->740K(156224K)] 258716K->100425K(843200K), 0.0026540 secs] [Times: user=0.01 sys=0.00, real=0.00 secs] 
2014-07-16T06:14:51.696+0000: 470.696: [GC [PSYoungGen: 156196K->480K(153088K)] 255881K->100229K(840064K), 0.0035030 secs] [Times: user=0.01 sys=0.00, real=0.01 secs] 
2014-07-16T06:14:52.257+0000: 471.258: [GC [PSYoungGen: 153056K->484K(150272K)] 252805K->100273K(837248K), 0.0079720 secs] [Times: user=0.05 sys=0.00, real=0.00 secs] 
2014-07-16T06:14:52.804+0000: 471.805: [GC [PSYoungGen: 150240K->748K(147840K)] 250029K->100577K(834816K), 0.0044060 secs] [Times: user=0.01 sys=0.01, real=0.01 secs] 
2014-07-16T06:14:53.338+0000: 472.338: [GC [PSYoungGen: 147820K->908K(145408K)] 247649K->100817K(832384K), 0.0064990 secs] [Times: user=0.04 sys=0.00, real=0.01 secs] 
2014-07-16T06:14:53.868+0000: 472.869: [GC [PSYoungGen: 145349K->374K(142272K)] 245259K->100617K(829248K), 0.0049140 secs] [Times: user=0.03 sys=0.00, real=0.00 secs] 
2014-07-16T06:14:54.372+0000: 473.373: [GC [PSYoungGen: 142262K->566K(170880K)] 242505K->100905K(857856K), 0.0074070 secs] [Times: user=0.04 sys=0.00, real=0.01 secs] 
2014-07-16T06:14:54.982+0000: 473.983: [GC [PSYoungGen: 170870K->466K(167488K)] 271209K->100943K(854464K), 0.0037560 secs] [Times: user=0.02 sys=0.00, real=0.00 secs] 
2014-07-16T06:14:55.600+0000: 474.600: [GC [PSYoungGen: 167424K->858K(164608K)] 267902K->101399K(851584K), 0.0030930 secs] [Times: user=0.01 sys=0.00, real=0.00 secs] 
2014-07-16T06:14:56.242+0000: 475.243: [GC [PSYoungGen: 164570K->830K(161408K)] 265111K->101579K(848384K), 0.0059840 secs] [Times: user=0.04 sys=0.00, real=0.01 secs] 
2014-07-16T06:14:56.820+0000: 475.821: [GC [PSYoungGen: 161367K->880K(158400K)] 262117K->101669K(845376K), 0.0053800 secs] [Times: user=0.01 sys=0.00, real=0.00 secs] 
2014-07-16T06:14:57.377+0000: 476.377: [GC [PSYoungGen: 158362K->762K(155328K)] 259152K->101777K(842304K), 0.0032140 secs] [Times: user=0.01 sys=0.00, real=0.01 secs] 
2014-07-16T06:14:57.947+0000: 476.947: [GC [PSYoungGen: 155322K->1276K(177728K)] 256337K->102398K(864704K), 0.0098610 secs] [Times: user=0.06 sys=0.00, real=0.01 secs] 
2014-07-16T06:14:58.656+0000: 477.656: [GC [PSYoungGen: 177724K->768K(173632K)] 278846K->102035K(860608K), 0.0042770 secs] [Times: user=0.02 sys=0.00, real=0.01 secs] 
2014-07-16T06:14:59.227+0000: 478.228: [GC [PSYoungGen: 173621K->694K(170112K)] 274889K->102017K(857088K), 0.0037300 secs] [Times: user=0.01 sys=0.00, real=0.01 secs] 
2014-07-16T06:14:59.844+0000: 478.845: [GC [PSYoungGen: 170102K->794K(166912K)] 271425K->102173K(853888K), 0.0050850 secs] [Times: user=0.03 sys=0.00, real=0.01 secs] 
2014-07-16T06:15:00.466+0000: 479.467: [GC [PSYoungGen: 166874K->658K(163584K)] 268253K->102101K(850560K), 0.0062140 secs] [Times: user=0.03 sys=0.00, real=0.01 secs] 
2014-07-16T06:15:01.054+0000: 480.054: [GC [PSYoungGen: 163538K->640K(160384K)] 264981K->102155K(847360K), 0.0050530 secs] [Times: user=0.02 sys=0.01, real=0.00 secs] 
2014-07-16T06:15:01.629+0000: 480.630: [GC [PSYoungGen: 160384K->562K(157312K)] 261899K->102117K(844288K), 0.0068440 secs] [Times: user=0.03 sys=0.00, real=0.00 secs] 
2014-07-16T06:15:02.188+0000: 481.189: [GC [PSYoungGen: 157298K->900K(154752K)] 258853K->102535K(841728K), 0.0057410 secs] [Times: user=0.03 sys=0.00, real=0.01 secs] 
2014-07-16T06:15:02.744+0000: 481.745: [GC [PSYoungGen: 154692K->530K(151552K)] 256327K->102245K(838528K), 0.0035380 secs] [Times: user=0.01 sys=0.00, real=0.00 secs] 
2014-07-16T06:15:03.301+0000: 482.302: [GC [PSYoungGen: 151506K->890K(149120K)] 253221K->102677K(836096K), 0.0048680 secs] [Times: user=0.04 sys=0.00, real=0.00 secs] 
2014-07-16T06:15:03.890+0000: 482.891: [GC [PSYoungGen: 149090K->790K(146368K)] 250878K->102617K(833344K), 0.0078790 secs] [Times: user=0.04 sys=0.00, real=0.00 secs] 
2014-07-16T06:15:04.389+0000: 483.390: [GC [PSYoungGen: 146326K->630K(143552K)] 248153K->102545K(830528K), 0.0032630 secs] [Times: user=0.02 sys=0.00, real=0.00 secs] 
2014-07-16T06:15:04.910+0000: 483.910: [GC [PSYoungGen: 143542K->534K(140992K)] 245457K->102489K(827968K), 0.0043580 secs] [Times: user=0.02 sys=0.00, real=0.00 secs] 
2014-07-16T06:15:05.431+0000: 484.432: [GC [PSYoungGen: 140934K->662K(138688K)] 242889K->102681K(825664K), 0.0053060 secs] [Times: user=0.02 sys=0.00, real=0.00 secs] 
2014-07-16T06:15:05.951+0000: 484.952: [GC [PSYoungGen: 138646K->872K(136512K)] 240665K->102979K(823488K), 0.0046370 secs] [Times: user=0.03 sys=0.00, real=0.00 secs] 
2014-07-16T06:15:06.428+0000: 485.428: [GC [PSYoungGen: 136488K->584K(133952K)] 238595K->102739K(820928K), 0.0059250 secs] [Times: user=0.02 sys=0.01, real=0.01 secs] 
2014-07-16T06:15:06.918+0000: 485.918: [GC [PSYoungGen: 133896K->644K(131776K)] 236051K->102855K(818752K), 0.0031010 secs] [Times: user=0.02 sys=0.00, real=0.01 secs] 
2014-07-16T06:15:07.403+0000: 486.403: [GC [PSYoungGen: 131666K->932K(129856K)] 233878K->103223K(816832K), 0.0031410 secs] [Times: user=0.01 sys=0.00, real=0.00 secs] 
2014-07-16T06:15:07.857+0000: 486.858: [GC [PSYoungGen: 129809K->616K(127424K)] 232101K->102971K(814400K), 0.0045180 secs] [Times: user=0.02 sys=0.00, real=0.01 secs] 
2014-07-16T06:15:08.314+0000: 487.315: [GC [PSYoungGen: 127399K->694K(125440K)] 229755K->103145K(812416K), 0.0049220 secs] [Times: user=0.03 sys=0.00, real=0.00 secs] 
2014-07-16T06:15:08.866+0000: 487.866: [GC [PSYoungGen: 125430K->1068K(123840K)] 227881K->103631K(810816K), 0.0066870 secs] [Times: user=0.04 sys=0.00, real=0.01 secs] 
2014-07-16T06:15:09.240+0000: 488.241: [GC [PSYoungGen: 123820K->448K(121280K)] 226383K->103099K(808256K), 0.0030200 secs] [Times: user=0.02 sys=0.01, real=0.00 secs] 
2014-07-16T06:15:09.669+0000: 488.670: [GC [PSYoungGen: 121280K->676K(119616K)] 223931K->103407K(806592K), 0.0035060 secs] [Times: user=0.01 sys=0.00, real=0.01 secs] 
2014-07-16T06:15:10.096+0000: 489.097: [GC [PSYoungGen: 119588K->534K(117632K)] 222319K->103371K(804608K), 0.0040110 secs] [Times: user=0.03 sys=0.00, real=0.01 secs] 
2014-07-16T06:15:10.526+0000: 489.527: [GC [PSYoungGen: 117578K->990K(116288K)] 220416K->103899K(803264K), 0.0038460 secs] [Times: user=0.02 sys=0.00, real=0.00 secs] 
2014-07-16T06:15:10.937+0000: 489.937: [GC [PSYoungGen: 116254K->466K(114048K)] 219163K->103447K(801024K), 0.0041990 secs] [Times: user=0.02 sys=0.00, real=0.01 secs] 
2014-07-16T06:15:11.335+0000: 490.335: [GC [PSYoungGen: 113964K->612K(112448K)] 216946K->103665K(799424K), 0.0027660 secs] [Times: user=0.02 sys=0.00, real=0.00 secs] 
2014-07-16T06:15:11.739+0000: 490.740: [GC [PSYoungGen: 112420K->680K(134912K)] 215473K->103773K(821888K), 0.0096980 secs] [Times: user=0.05 sys=0.00, real=0.01 secs] 
2014-07-16T06:15:12.209+0000: 491.210: [GC [PSYoungGen: 134855K->790K(161920K)] 237949K->103971K(848896K), 0.0028870 secs] [Times: user=0.01 sys=0.00, real=0.01 secs] 
2014-07-16T06:15:12.791+0000: 491.792: [GC [PSYoungGen: 161853K->812K(173760K)] 265035K->104147K(860736K), 0.0052690 secs] [Times: user=0.02 sys=0.00, real=0.01 secs] 
2014-07-16T06:15:13.417+0000: 492.417: [GC [PSYoungGen: 173740K->598K(170112K)] 277075K->104005K(857088K), 0.0049250 secs] [Times: user=0.02 sys=0.00, real=0.01 secs] 
2014-07-16T06:15:14.083+0000: 493.084: [GC [PSYoungGen: 170070K->612K(166784K)] 273477K->104339K(853760K), 0.0044110 secs] [Times: user=0.03 sys=0.00, real=0.00 secs] 
2014-07-16T06:15:14.657+0000: 493.658: [GC [PSYoungGen: 166756K->602K(163584K)] 270483K->104377K(850560K), 0.0031260 secs] [Times: user=0.01 sys=0.00, real=0.00 secs] 
2014-07-16T06:15:15.245+0000: 494.245: [GC [PSYoungGen: 163546K->562K(160384K)] 267321K->104441K(847360K), 0.0035620 secs] [Times: user=0.02 sys=0.00, real=0.00 secs] 
2014-07-16T06:15:15.828+0000: 494.829: [GC [PSYoungGen: 160370K->640K(157440K)] 264249K->104615K(844416K), 0.0048030 secs] [Times: user=0.02 sys=0.00, real=0.01 secs] 
2014-07-16T06:15:16.397+0000: 495.398: [GC [PSYoungGen: 157440K->744K(154624K)] 261415K->104791K(841600K), 0.0046010 secs] [Times: user=0.02 sys=0.00, real=0.01 secs] 
2014-07-16T06:15:16.956+0000: 495.957: [GC [PSYoungGen: 154600K->1122K(152192K)] 258647K->105350K(839168K), 0.0059770 secs] [Times: user=0.03 sys=0.00, real=0.01 secs] 
2014-07-16T06:15:17.507+0000: 496.507: [GC [PSYoungGen: 152162K->420K(170112K)] 256390K->104836K(857088K), 0.0111830 secs] [Times: user=0.06 sys=0.00, real=0.01 secs] 
2014-07-16T06:15:18.114+0000: 497.115: [GC [PSYoungGen: 170021K->580K(170944K)] 274437K->105084K(857920K), 0.0050560 secs] [Times: user=0.03 sys=0.00, real=0.00 secs] 
2014-07-16T06:15:18.718+0000: 497.718: [GC [PSYoungGen: 170226K->916K(167296K)] 274730K->105516K(854272K), 0.0047520 secs] [Times: user=0.03 sys=0.00, real=0.01 secs] 
2014-07-16T06:15:19.318+0000: 498.319: [GC [PSYoungGen: 167251K->466K(163648K)] 271851K->105137K(850624K), 0.0058760 secs] [Times: user=0.03 sys=0.01, real=0.01 secs] 
2014-07-16T06:15:19.910+0000: 498.911: [GC [PSYoungGen: 163590K->730K(160768K)] 268262K->105474K(847744K), 0.0034650 secs] [Times: user=0.01 sys=0.00, real=0.01 secs] 
2014-07-16T06:15:20.480+0000: 499.480: [GC [PSYoungGen: 160730K->890K(157888K)] 265474K->105698K(844864K), 0.0024230 secs] [Times: user=0.02 sys=0.00, real=0.01 secs] 
2014-07-16T06:15:21.043+0000: 500.043: [GC [PSYoungGen: 157878K->812K(154880K)] 262686K->105684K(841856K), 0.0067210 secs] [Times: user=0.04 sys=0.00, real=0.00 secs] 
2014-07-16T06:15:21.598+0000: 500.598: [GC [PSYoungGen: 154860K->534K(151744K)] 259732K->105454K(838720K), 0.0031660 secs] [Times: user=0.01 sys=0.00, real=0.00 secs] 
2014-07-16T06:15:22.144+0000: 501.144: [GC [PSYoungGen: 151702K->548K(148992K)] 256622K->105500K(835968K), 0.0064670 secs] [Times: user=0.04 sys=0.00, real=0.00 secs] 
2014-07-16T06:15:22.695+0000: 501.696: [GC [PSYoungGen: 148964K->1030K(146816K)] 253916K->106070K(833792K), 0.0031760 secs] [Times: user=0.02 sys=0.00, real=0.00 secs] 
2014-07-16T06:15:23.219+0000: 502.220: [GC [PSYoungGen: 146719K->662K(143808K)] 251759K->105782K(830784K), 0.0060730 secs] [Times: user=0.03 sys=0.01, real=0.01 secs] 
2014-07-16T06:15:23.729+0000: 502.730: [GC [PSYoungGen: 143766K->876K(141504K)] 248886K->106068K(828480K), 0.0039010 secs] [Times: user=0.02 sys=0.00, real=0.01 secs] 
2014-07-16T06:15:24.246+0000: 503.247: [GC [PSYoungGen: 141484K->822K(139008K)] 246676K->106094K(825984K), 0.0033430 secs] [Times: user=0.02 sys=0.00, real=0.00 secs] 
2014-07-16T06:15:24.727+0000: 503.728: [GC [PSYoungGen: 138982K->976K(136832K)] 244254K->106312K(823808K), 0.0034490 secs] [Times: user=0.02 sys=0.00, real=0.00 secs] 
2014-07-16T06:15:25.217+0000: 504.218: [GC [PSYoungGen: 136784K->484K(134016K)] 242120K->105868K(820992K), 0.0061850 secs] [Times: user=0.03 sys=0.00, real=0.01 secs] 
2014-07-16T06:15:25.726+0000: 504.727: [GC [PSYoungGen: 133941K->876K(132160K)] 239325K->106324K(819136K), 0.0036100 secs] [Times: user=0.02 sys=0.00, real=0.00 secs] 
2014-07-16T06:15:26.170+0000: 505.171: [GC [PSYoungGen: 132140K->708K(129856K)] 237588K->106220K(816832K), 0.0033470 secs] [Times: user=0.01 sys=0.01, real=0.01 secs] 
2014-07-16T06:15:26.675+0000: 505.675: [GC [PSYoungGen: 129796K->1164K(128192K)] 235308K->106740K(815168K), 0.0045840 secs] [Times: user=0.02 sys=0.00, real=0.00 secs] 
2014-07-16T06:15:27.112+0000: 506.113: [GC [PSYoungGen: 128129K->502K(125440K)] 233705K->106238K(812416K), 0.0034200 secs] [Times: user=0.02 sys=0.00, real=0.01 secs] 
2014-07-16T06:15:27.586+0000: 506.587: [GC [PSYoungGen: 125430K->960K(123904K)] 231166K->106751K(810880K), 0.0038730 secs] [Times: user=0.01 sys=0.00, real=0.00 secs] 
2014-07-16T06:15:28.036+0000: 507.036: [GC [PSYoungGen: 123902K->1140K(122112K)] 229694K->106988K(809088K), 0.0074430 secs] [Times: user=0.03 sys=0.00, real=0.01 secs] 
2014-07-16T06:15:28.454+0000: 507.455: [GC [PSYoungGen: 122100K->758K(119808K)] 227948K->106694K(806784K), 0.0031170 secs] [Times: user=0.02 sys=0.00, real=0.00 secs] 
2014-07-16T06:15:28.896+0000: 507.896: [GC [PSYoungGen: 119795K->626K(117824K)] 225731K->106649K(804800K), 0.0031260 secs] [Times: user=0.02 sys=0.00, real=0.00 secs] 
2014-07-16T06:15:29.351+0000: 508.352: [GC [PSYoungGen: 117796K->580K(116032K)] 223819K->106716K(803008K), 0.0035950 secs] [Times: user=0.02 sys=0.00, real=0.01 secs] 
2014-07-16T06:15:29.764+0000: 508.765: [GC [PSYoungGen: 115941K->1094K(114816K)] 222077K->107270K(801792K), 0.0051720 secs] [Times: user=0.01 sys=0.00, real=0.00 secs] 
2014-07-16T06:15:30.168+0000: 509.169: [GC [PSYoungGen: 114741K->930K(112896K)] 220917K->107162K(799872K), 0.0032570 secs] [Times: user=0.02 sys=0.00, real=0.00 secs] 
2014-07-16T06:15:30.569+0000: 509.570: [GC [PSYoungGen: 112798K->734K(135104K)] 219030K->107030K(822080K), 0.0057900 secs] [Times: user=0.02 sys=0.00, real=0.01 secs] 
2014-07-16T06:15:31.084+0000: 510.085: [GC [PSYoungGen: 135070K->1218K(133376K)] 241366K->107562K(820352K), 0.0037800 secs] [Times: user=0.01 sys=0.00, real=0.00 secs] 
2014-07-16T06:15:31.536+0000: 510.537: [GC [PSYoungGen: 133314K->530K(130496K)] 239658K->106953K(817472K), 0.0041250 secs] [Times: user=0.03 sys=0.00, real=0.00 secs] 
2014-07-16T06:15:31.995+0000: 510.995: [GC [PSYoungGen: 130450K->502K(128256K)] 236873K->107006K(815232K), 0.0039210 secs] [Times: user=0.03 sys=0.00, real=0.00 secs] 
2014-07-16T06:15:32.457+0000: 511.458: [GC [PSYoungGen: 128246K->698K(154048K)] 234750K->107266K(841024K), 0.0073780 secs] [Times: user=0.03 sys=0.00, real=0.01 secs] 
2014-07-16T06:15:33.012+0000: 512.013: [GC [PSYoungGen: 154042K->630K(184704K)] 260610K->107238K(871680K), 0.0125990 secs] [Times: user=0.07 sys=0.00, real=0.02 secs] 
2014-07-16T06:15:33.678+0000: 512.678: [GC [PSYoungGen: 184694K->534K(190592K)] 291302K->107190K(877568K), 0.0036420 secs] [Times: user=0.02 sys=0.00, real=0.00 secs] 
2014-07-16T06:15:34.382+0000: 513.383: [GC [PSYoungGen: 189686K->598K(190592K)] 296342K->107318K(877568K), 0.0053040 secs] [Times: user=0.02 sys=0.01, real=0.01 secs] 
2014-07-16T06:15:35.061+0000: 514.061: [GC [PSYoungGen: 189846K->762K(186048K)] 296566K->107570K(873024K), 0.0048400 secs] [Times: user=0.03 sys=0.00, real=0.01 secs] 
2014-07-16T06:15:35.724+0000: 514.725: [GC [PSYoungGen: 186042K->594K(182080K)] 292850K->107497K(869056K), 0.0050600 secs] [Times: user=0.02 sys=0.00, real=0.00 secs] 
2014-07-16T06:15:36.385+0000: 515.386: [GC [PSYoungGen: 182034K->1212K(178944K)] 288937K->108480K(865920K), 0.0034030 secs] [Times: user=0.01 sys=0.00, real=0.00 secs] 
2014-07-16T06:15:37.020+0000: 516.020: [GC [PSYoungGen: 178937K->630K(174784K)] 286205K->107954K(861760K), 0.0066950 secs] [Times: user=0.04 sys=0.00, real=0.01 secs] 
2014-07-16T06:15:37.667+0000: 516.667: [GC [PSYoungGen: 174738K->890K(171584K)] 282062K->108294K(858560K), 0.0032930 secs] [Times: user=0.02 sys=0.00, real=0.00 secs] 
2014-07-16T06:15:38.252+0000: 517.252: [GC [PSYoungGen: 171578K->736K(168064K)] 278982K->108212K(855040K), 0.0042340 secs] [Times: user=0.01 sys=0.00, real=0.01 secs] 
2014-07-16T06:15:38.902+0000: 517.902: [GC [PSYoungGen: 168032K->690K(164736K)] 275508K->108238K(851712K), 0.0044450 secs] [Times: user=0.02 sys=0.00, real=0.01 secs] 
2014-07-16T06:15:39.477+0000: 518.477: [GC [PSYoungGen: 164722K->826K(161728K)] 272270K->108462K(848704K), 0.0074880 secs] [Times: user=0.04 sys=0.00, real=0.00 secs] 
2014-07-16T06:15:40.064+0000: 519.065: [GC [PSYoungGen: 161722K->498K(158336K)] 269358K->108206K(845312K), 0.0054240 secs] [Times: user=0.03 sys=0.00, real=0.01 secs] 
2014-07-16T06:15:40.652+0000: 519.653: [GC [PSYoungGen: 158322K->1054K(155968K)] 266030K->108810K(842944K), 0.0049670 secs] [Times: user=0.02 sys=0.00, real=0.01 secs] 
2014-07-16T06:15:41.246+0000: 520.247: [GC [PSYoungGen: 155934K->1146K(153152K)] 263690K->109006K(840128K), 0.0032970 secs] [Times: user=0.01 sys=0.00, real=0.00 secs] 
2014-07-16T06:15:41.770+0000: 520.771: [GC [PSYoungGen: 153084K->1094K(150336K)] 260944K->109026K(837312K), 0.0065980 secs] [Times: user=0.03 sys=0.00, real=0.01 secs] 
2014-07-16T06:15:42.305+0000: 521.306: [GC [PSYoungGen: 150235K->690K(147200K)] 258167K->108686K(834176K), 0.0047760 secs] [Times: user=0.02 sys=0.00, real=0.00 secs] 
2014-07-16T06:15:42.829+0000: 521.830: [GC [PSYoungGen: 147186K->790K(144704K)] 255182K->108866K(831680K), 0.0044840 secs] [Times: user=0.02 sys=0.00, real=0.00 secs] 
2014-07-16T06:15:43.348+0000: 522.349: [GC [PSYoungGen: 144630K->694K(142016K)] 252706K->108826K(828992K), 0.0046740 secs] [Times: user=0.03 sys=0.00, real=0.00 secs] 
2014-07-16T06:15:43.860+0000: 522.861: [GC [PSYoungGen: 142006K->766K(170368K)] 250138K->108962K(857344K), 0.0103380 secs] [Times: user=0.06 sys=0.00, real=0.01 secs] 
2014-07-16T06:15:44.496+0000: 523.497: [GC [PSYoungGen: 170350K->830K(167104K)] 278546K->109074K(854080K), 0.0033940 secs] [Times: user=0.01 sys=0.00, real=0.00 secs] 
2014-07-16T06:15:45.078+0000: 524.079: [GC [PSYoungGen: 167102K->716K(200320K)] 275346K->108984K(887296K), 0.0167900 secs] [Times: user=0.10 sys=0.00, real=0.01 secs] 
2014-07-16T06:15:45.804+0000: 524.804: [GC [PSYoungGen: 200268K->1130K(217856K)] 308536K->109932K(904832K), 0.0058670 secs] [Times: user=0.01 sys=0.00, real=0.01 secs] 
2014-07-16T06:15:46.597+0000: 525.597: [GC [PSYoungGen: 217818K->794K(218240K)] 326620K->109668K(905216K), 0.0051930 secs] [Times: user=0.03 sys=0.00, real=0.00 secs] 
2014-07-16T06:15:47.369+0000: 526.370: [GC [PSYoungGen: 217498K->830K(212608K)] 326372K->109792K(899584K), 0.0037240 secs] [Times: user=0.02 sys=0.00, real=0.00 secs] 
2014-07-16T06:15:48.129+0000: 527.130: [GC [PSYoungGen: 212606K->880K(207936K)] 321568K->109906K(894912K), 0.0059260 secs] [Times: user=0.03 sys=0.01, real=0.00 secs] 
2014-07-16T06:15:48.864+0000: 527.864: [GC [PSYoungGen: 207920K->1236K(203712K)] 316946K->110342K(890688K), 0.0043660 secs] [Times: user=0.02 sys=0.00, real=0.01 secs] 
2014-07-16T06:15:49.635+0000: 528.636: [GC [PSYoungGen: 203668K->740K(198784K)] 312774K->109918K(885760K), 0.0029250 secs] [Times: user=0.01 sys=0.01, real=0.01 secs] 
2014-07-16T06:15:50.329+0000: 529.330: [GC [PSYoungGen: 198756K->580K(194368K)] 307934K->109822K(881344K), 0.0056900 secs] [Times: user=0.03 sys=0.00, real=0.00 secs] 
2014-07-16T06:15:51.037+0000: 530.038: [GC [PSYoungGen: 194268K->822K(190464K)] 303510K->110160K(877440K), 0.0071500 secs] [Times: user=0.04 sys=0.00, real=0.00 secs] 
2014-07-16T06:15:51.703+0000: 530.704: [GC [PSYoungGen: 190454K->716K(186432K)] 299792K->110118K(873408K), 0.0051120 secs] [Times: user=0.03 sys=0.00, real=0.01 secs] 
2014-07-16T06:15:52.368+0000: 531.369: [GC [PSYoungGen: 186380K->466K(182336K)] 295782K->109940K(869312K), 0.0028490 secs] [Times: user=0.01 sys=0.00, real=0.00 secs] 
2014-07-16T06:15:53.048+0000: 532.049: [GC [PSYoungGen: 182290K->826K(178944K)] 291764K->110356K(865920K), 0.0052380 secs] [Times: user=0.03 sys=0.00, real=0.00 secs] 
2014-07-16T06:15:53.670+0000: 532.671: [GC [PSYoungGen: 178880K->826K(175360K)] 288411K->110428K(862336K), 0.0056860 secs] [Times: user=0.04 sys=0.00, real=0.00 secs] 
2014-07-16T06:15:54.300+0000: 533.301: [GC [PSYoungGen: 175268K->662K(171712K)] 284870K->110352K(858688K), 0.0043940 secs] [Times: user=0.02 sys=0.00, real=0.00 secs] 
2014-07-16T06:15:54.909+0000: 533.910: [GC [PSYoungGen: 171670K->712K(168384K)] 281360K->110514K(855360K), 0.0039670 secs] [Times: user=0.03 sys=0.00, real=0.00 secs] 
2014-07-16T06:15:55.547+0000: 534.548: [GC [PSYoungGen: 168328K->644K(165056K)] 278130K->110510K(852032K), 0.0047980 secs] [Times: user=0.03 sys=0.00, real=0.00 secs] 
2014-07-16T06:15:56.115+0000: 535.115: [GC [PSYoungGen: 164996K->1190K(162432K)] 274862K->111136K(849408K), 0.0060550 secs] [Times: user=0.03 sys=0.01, real=0.01 secs] 
2014-07-16T06:15:56.722+0000: 535.722: [GC [PSYoungGen: 162406K->570K(158720K)] 272352K->111440K(845696K), 0.0100060 secs] [Times: user=0.06 sys=0.00, real=0.01 secs] 
2014-07-16T06:15:57.293+0000: 536.294: [GC [PSYoungGen: 158696K->1108K(156352K)] 269567K->112050K(843328K), 0.0035000 secs] [Times: user=0.02 sys=0.00, real=0.00 secs] 
2014-07-16T06:15:57.842+0000: 536.843: [GC [PSYoungGen: 156266K->816K(153152K)] 267209K->111964K(840128K), 0.0044460 secs] [Times: user=0.01 sys=0.00, real=0.00 secs] 
2014-07-16T06:15:58.396+0000: 537.396: [GC [PSYoungGen: 153105K->716K(150272K)] 264254K->111920K(837248K), 0.0070530 secs] [Times: user=0.04 sys=0.00, real=0.01 secs] 
2014-07-16T06:15:58.936+0000: 537.936: [GC [PSYoungGen: 150220K->548K(147392K)] 261424K->111816K(834368K), 0.0047090 secs] [Times: user=0.03 sys=0.00, real=0.01 secs] 
2014-07-16T06:15:59.505+0000: 538.506: [GC [PSYoungGen: 147329K->1204K(145408K)] 258598K->112528K(832384K), 0.0056920 secs] [Times: user=0.03 sys=0.01, real=0.01 secs] 
2014-07-16T06:15:59.986+0000: 538.986: [GC [PSYoungGen: 145396K->812K(142464K)] 256720K->112200K(829440K), 0.0045830 secs] [Times: user=0.03 sys=0.00, real=0.01 secs] 
2014-07-16T06:16:00.494+0000: 539.494: [GC [PSYoungGen: 142444K->844K(140032K)] 253832K->112320K(827008K), 0.0047380 secs] [Times: user=0.03 sys=0.00, real=0.01 secs] 
2014-07-16T06:16:00.999+0000: 540.000: [GC [PSYoungGen: 139979K->1264K(137984K)] 251455K->112820K(824960K), 0.0046180 secs] [Times: user=0.02 sys=0.00, real=0.00 secs] 
2014-07-16T06:16:01.490+0000: 540.491: [GC [PSYoungGen: 137968K->780K(164928K)] 249524K->112400K(851904K), 0.0065760 secs] [Times: user=0.04 sys=0.00, real=0.00 secs] 
2014-07-16T06:16:02.068+0000: 541.069: [GC [PSYoungGen: 164842K->794K(197760K)] 276462K->112470K(884736K), 0.0101890 secs] [Times: user=0.06 sys=0.01, real=0.01 secs] 
2014-07-16T06:16:02.789+0000: 541.789: [GC [PSYoungGen: 197700K->658K(237056K)] 309376K->112438K(924032K), 0.0070690 secs] [Times: user=0.03 sys=0.00, real=0.00 secs] 
2014-07-16T06:16:03.630+0000: 542.631: [GC [PSYoungGen: 237009K->644K(246272K)] 348789K->112512K(933248K), 0.0055530 secs] [Times: user=0.03 sys=0.00, real=0.00 secs] 
2014-07-16T06:16:04.504+0000: 543.505: [GC [PSYoungGen: 245415K->694K(239552K)] 357283K->112642K(926528K), 0.0038380 secs] [Times: user=0.02 sys=0.01, real=0.01 secs] 
2014-07-16T06:16:05.373+0000: 544.374: [GC [PSYoungGen: 239542K->612K(233792K)] 351490K->112640K(920768K), 0.0038380 secs] [Times: user=0.02 sys=0.01, real=0.00 secs] 
2014-07-16T06:16:06.246+0000: 545.246: [GC [PSYoungGen: 233764K->1132K(228800K)] 345792K->113256K(915776K), 0.0039970 secs] [Times: user=0.02 sys=0.00, real=0.01 secs] 
2014-07-16T06:16:07.033+0000: 546.033: [GC [PSYoungGen: 228780K->1026K(223424K)] 340904K->113238K(910400K), 0.0056120 secs] [Times: user=0.04 sys=0.00, real=0.00 secs] 
2014-07-16T06:16:07.846+0000: 546.847: [GC [PSYoungGen: 223362K->986K(218240K)] 335574K->113246K(905216K), 0.0034340 secs] [Times: user=0.01 sys=0.00, real=0.01 secs] 
2014-07-16T06:16:08.629+0000: 547.629: [GC [PSYoungGen: 218202K->598K(212928K)] 330462K->112914K(899904K), 0.0051530 secs] [Times: user=0.03 sys=0.00, real=0.01 secs] 
2014-07-16T06:16:09.444+0000: 548.445: [GC [PSYoungGen: 212886K->790K(208384K)] 325202K->113186K(895360K), 0.0027890 secs] [Times: user=0.02 sys=0.00, real=0.00 secs] 
2014-07-16T06:16:10.219+0000: 549.220: [GC [PSYoungGen: 208342K->766K(203712K)] 320738K->113218K(890688K), 0.0085950 secs] [Times: user=0.05 sys=0.00, real=0.01 secs] 
2014-07-16T06:16:10.938+0000: 549.939: [GC [PSYoungGen: 203710K->658K(199232K)] 316162K->113166K(886208K), 0.0136850 secs] [Times: user=0.09 sys=0.00, real=0.02 secs] 
2014-07-16T06:16:11.659+0000: 550.660: [GC [PSYoungGen: 199177K->580K(194880K)] 311685K->113160K(881856K), 0.0034730 secs] [Times: user=0.02 sys=0.00, real=0.01 secs] 
2014-07-16T06:16:12.357+0000: 551.358: [GC [PSYoungGen: 194793K->516K(190656K)] 307373K->113160K(877632K), 0.0044680 secs] [Times: user=0.01 sys=0.00, real=0.01 secs] 
2014-07-16T06:16:13.034+0000: 552.035: [GC [PSYoungGen: 190555K->612K(186688K)] 303199K->113344K(873664K), 0.0066270 secs] [Times: user=0.04 sys=0.00, real=0.01 secs] 
2014-07-16T06:16:13.691+0000: 552.692: [GC [PSYoungGen: 186634K->772K(183040K)] 299367K->113600K(870016K), 0.0037070 secs] [Times: user=0.02 sys=0.00, real=0.00 secs] 
2014-07-16T06:16:14.344+0000: 553.345: [GC [PSYoungGen: 182979K->684K(179200K)] 295808K->113568K(866176K), 0.0040970 secs] [Times: user=0.02 sys=0.00, real=0.00 secs] 
2014-07-16T06:16:15.006+0000: 554.007: [GC [PSYoungGen: 179180K->1034K(175936K)] 292064K->113942K(862912K), 0.0086510 secs] [Times: user=0.04 sys=0.00, real=0.01 secs] 
2014-07-16T06:16:15.644+0000: 554.645: [GC [PSYoungGen: 175862K->676K(172032K)] 288770K->113672K(859008K), 0.0049010 secs] [Times: user=0.02 sys=0.00, real=0.00 secs] 
2014-07-16T06:16:16.274+0000: 555.274: [GC [PSYoungGen: 172004K->1208K(169152K)] 285000K->114292K(856128K), 0.0039120 secs] [Times: user=0.01 sys=0.00, real=0.00 secs] 
2014-07-16T06:16:16.882+0000: 555.883: [GC [PSYoungGen: 169143K->562K(165248K)] 282228K->113734K(852224K), 0.0043730 secs] [Times: user=0.02 sys=0.00, real=0.00 secs] 
2014-07-16T06:16:17.492+0000: 556.492: [GC [PSYoungGen: 165234K->836K(162368K)] 278406K->114080K(849344K), 0.0033140 secs] [Times: user=0.01 sys=0.00, real=0.00 secs] 
2014-07-16T06:16:18.063+0000: 557.064: [GC [PSYoungGen: 162308K->694K(159104K)] 275552K->114052K(846080K), 0.0046310 secs] [Times: user=0.01 sys=0.00, real=0.00 secs] 
2014-07-16T06:16:18.641+0000: 557.642: [GC [PSYoungGen: 159071K->402K(155840K)] 272429K->113808K(842816K), 0.0049540 secs] [Times: user=0.02 sys=0.00, real=0.00 secs] 
2014-07-16T06:16:19.303+0000: 558.303: [GC [PSYoungGen: 155772K->1274K(153792K)] 269179K->114818K(840768K), 0.0027720 secs] [Times: user=0.01 sys=0.00, real=0.00 secs] 
2014-07-16T06:16:19.859+0000: 558.859: [GC [PSYoungGen: 153741K->852K(150592K)] 267285K->114436K(837568K), 0.0033900 secs] [Times: user=0.01 sys=0.01, real=0.01 secs] 
2014-07-16T06:16:20.377+0000: 559.377: [GC [PSYoungGen: 150548K->830K(147840K)] 264132K->114636K(834816K), 0.0049150 secs] [Times: user=0.01 sys=0.01, real=0.01 secs] 
2014-07-16T06:16:20.903+0000: 559.903: [GC [PSYoungGen: 147838K->754K(145152K)] 261644K->114632K(832128K), 0.0046270 secs] [Times: user=0.02 sys=0.00, real=0.00 secs] 
2014-07-16T06:16:21.437+0000: 560.438: [GC [PSYoungGen: 145138K->976K(142848K)] 259016K->114958K(829824K), 0.0042520 secs] [Times: user=0.02 sys=0.01, real=0.01 secs] 
2014-07-16T06:16:21.960+0000: 560.961: [GC [PSYoungGen: 142800K->808K(140160K)] 256782K->114854K(827136K), 0.0043330 secs] [Times: user=0.02 sys=0.00, real=0.01 secs] 
2014-07-16T06:16:22.459+0000: 561.460: [GC [PSYoungGen: 140136K->830K(137728K)] 254182K->114940K(824704K), 0.0032670 secs] [Times: user=0.02 sys=0.00, real=0.01 secs] 
2014-07-16T06:16:22.952+0000: 561.953: [GC [PSYoungGen: 137726K->1318K(135872K)] 251836K->115700K(822848K), 0.0038550 secs] [Times: user=0.01 sys=0.00, real=0.00 secs] 
2014-07-16T06:16:23.435+0000: 562.436: [GC [PSYoungGen: 135846K->576K(132800K)] 250228K->115030K(819776K), 0.0037800 secs] [Times: user=0.01 sys=0.00, real=0.00 secs] 
2014-07-16T06:16:23.918+0000: 562.918: [GC [PSYoungGen: 132767K->612K(130624K)] 247221K->115138K(817600K), 0.0042620 secs] [Times: user=0.02 sys=0.00, real=0.01 secs] 
2014-07-16T06:16:24.376+0000: 563.376: [GC [PSYoungGen: 130555K->684K(128512K)] 245082K->115250K(815488K), 0.0060560 secs] [Times: user=0.03 sys=0.00, real=0.01 secs] 
2014-07-16T06:16:24.910+0000: 563.911: [GC [PSYoungGen: 128492K->946K(154368K)] 243058K->115552K(841344K), 0.0159540 secs] [Times: user=0.09 sys=0.00, real=0.02 secs] 
2014-07-16T06:16:25.411+0000: 564.412: [GC [PSYoungGen: 154307K->1090K(185280K)] 268914K->115752K(872256K), 0.0084820 secs] [Times: user=0.04 sys=0.01, real=0.01 secs] 
2014-07-16T06:16:26.083+0000: 565.083: [GC [PSYoungGen: 185170K->776K(221824K)] 299833K->115494K(908800K), 0.0055610 secs] [Times: user=0.03 sys=0.00, real=0.00 secs] 
2014-07-16T06:16:26.851+0000: 565.851: [GC [PSYoungGen: 221768K->776K(227776K)] 336486K->115582K(914752K), 0.0056500 secs] [Times: user=0.02 sys=0.00, real=0.01 secs] 
2014-07-16T06:16:27.663+0000: 566.664: [GC [PSYoungGen: 227514K->744K(222272K)] 342320K->115662K(909248K), 0.0044800 secs] [Times: user=0.02 sys=0.00, real=0.00 secs] 
2014-07-16T06:16:28.467+0000: 567.468: [GC [PSYoungGen: 222248K->480K(216960K)] 337166K->115470K(903936K), 0.0054450 secs] [Times: user=0.03 sys=0.00, real=0.01 secs] 
2014-07-16T06:16:29.279+0000: 568.280: [GC [PSYoungGen: 216928K->676K(212224K)] 331918K->115738K(899200K), 0.0081200 secs] [Times: user=0.05 sys=0.00, real=0.01 secs] 
2014-07-16T06:16:30.068+0000: 569.068: [GC [PSYoungGen: 212196K->662K(207488K)] 327258K->115836K(894464K), 0.0040760 secs] [Times: user=0.02 sys=0.00, real=0.00 secs] 
2014-07-16T06:16:30.803+0000: 569.804: [GC [PSYoungGen: 207446K->640K(202880K)] 322620K->115886K(889856K), 0.0058050 secs] [Times: user=0.03 sys=0.00, real=0.00 secs] 
2014-07-16T06:16:31.540+0000: 570.541: [GC [PSYoungGen: 202880K->786K(198656K)] 318126K->116128K(885632K), 0.0046250 secs] [Times: user=0.03 sys=0.00, real=0.01 secs] 
2014-07-16T06:16:32.256+0000: 571.257: [GC [PSYoungGen: 198610K->1210K(194752K)] 313952K->116624K(881728K), 0.0048500 secs] [Times: user=0.02 sys=0.00, real=0.00 secs] 
2014-07-16T06:16:32.941+0000: 571.942: [GC [PSYoungGen: 194746K->438K(189888K)] 310160K->115972K(876864K), 0.0060700 secs] [Times: user=0.02 sys=0.00, real=0.01 secs] 
2014-07-16T06:16:33.625+0000: 572.626: [GC [PSYoungGen: 189878K->858K(186368K)] 305412K->116480K(873344K), 0.0034490 secs] [Times: user=0.02 sys=0.00, real=0.00 secs] 
2014-07-16T06:16:34.301+0000: 573.302: [GC [PSYoungGen: 186330K->812K(182464K)] 301952K->116514K(869440K), 0.0030060 secs] [Times: user=0.02 sys=0.00, real=0.01 secs] 
2014-07-16T06:16:35.029+0000: 574.030: [GC [PSYoungGen: 182444K->946K(178880K)] 298146K->116736K(865856K), 0.0035400 secs] [Times: user=0.02 sys=0.00, real=0.00 secs] 
2014-07-16T06:16:35.606+0000: 574.607: [GC [PSYoungGen: 178866K->498K(174848K)] 294656K->116368K(861824K), 0.0059380 secs] [Times: user=0.04 sys=0.00, real=0.00 secs] 
2014-07-16T06:16:36.245+0000: 575.245: [GC [PSYoungGen: 174755K->762K(171648K)] 290625K->116720K(858624K), 0.0056280 secs] [Times: user=0.04 sys=0.00, real=0.00 secs] 
2014-07-16T06:16:36.869+0000: 575.870: [GC [PSYoungGen: 171642K->534K(168064K)] 287600K->116548K(855040K), 0.0030860 secs] [Times: user=0.02 sys=0.01, real=0.00 secs] 
2014-07-16T06:16:37.482+0000: 576.483: [GC [PSYoungGen: 168022K->754K(164992K)] 284036K->116816K(851968K), 0.0101040 secs] [Times: user=0.06 sys=0.00, real=0.01 secs] 
2014-07-16T06:16:38.075+0000: 577.076: [GC [PSYoungGen: 164978K->352K(161472K)] 281040K->116470K(848448K), 0.0076720 secs] [Times: user=0.05 sys=0.00, real=0.00 secs] 
2014-07-16T06:16:38.670+0000: 577.670: [GC [PSYoungGen: 161387K->758K(158784K)] 277505K->116956K(845760K), 0.0026370 secs] [Times: user=0.01 sys=0.00, real=0.00 secs] 
2014-07-16T06:16:39.228+0000: 578.228: [GC [PSYoungGen: 158774K->930K(156032K)] 274972K->117216K(843008K), 0.0035970 secs] [Times: user=0.01 sys=0.00, real=0.00 secs] 
2014-07-16T06:16:39.801+0000: 578.802: [GC [PSYoungGen: 155942K->598K(186752K)] 272229K->116940K(873728K), 0.0126640 secs] [Times: user=0.07 sys=0.00, real=0.01 secs] 
2014-07-16T06:16:40.488+0000: 579.489: [GC [PSYoungGen: 186695K->680K(218048K)] 303037K->117078K(905024K), 0.0074880 secs] [Times: user=0.04 sys=0.00, real=0.01 secs] 
2014-07-16T06:16:41.253+0000: 580.254: [GC [PSYoungGen: 217812K->726K(212992K)] 334211K->117212K(899968K), 0.0047900 secs] [Times: user=0.03 sys=0.00, real=0.01 secs] 
2014-07-16T06:16:42.020+0000: 581.020: [GC [PSYoungGen: 212950K->434K(207936K)] 329436K->117066K(894912K), 0.0041010 secs] [Times: user=0.02 sys=0.00, real=0.01 secs] 
2014-07-16T06:16:42.771+0000: 581.772: [GC [PSYoungGen: 207922K->758K(203648K)] 324554K->117446K(890624K), 0.0060100 secs] [Times: user=0.03 sys=0.01, real=0.01 secs] 
2014-07-16T06:16:43.505+0000: 582.506: [GC [PSYoungGen: 203612K->830K(199296K)] 320301K->117574K(886272K), 0.0064990 secs] [Times: user=0.04 sys=0.00, real=0.00 secs] 
2014-07-16T06:16:44.225+0000: 583.225: [GC [PSYoungGen: 199250K->580K(216640K)] 315995K->117372K(903616K), 0.0145320 secs] [Times: user=0.09 sys=0.01, real=0.02 secs] 
2014-07-16T06:16:45.004+0000: 584.005: [GC [PSYoungGen: 216132K->672K(239296K)] 332924K->117536K(926272K), 0.0051200 secs] [Times: user=0.02 sys=0.01, real=0.01 secs] 
2014-07-16T06:16:45.903+0000: 584.903: [GC [PSYoungGen: 238850K->1086K(233600K)] 355714K->118014K(920576K), 0.0040330 secs] [Times: user=0.02 sys=0.00, real=0.01 secs] 
2014-07-16T06:16:46.748+0000: 585.749: [GC [PSYoungGen: 233575K->64K(227072K)] 350504K->117546K(914048K), 0.0023670 secs] [Times: user=0.02 sys=0.00, real=0.00 secs] 
2014-07-16T06:16:47.577+0000: 586.578: [GC [PSYoungGen: 227072K->1126K(222848K)] 344554K->118752K(909824K), 0.0041490 secs] [Times: user=0.03 sys=0.01, real=0.00 secs] 
2014-07-16T06:16:48.378+0000: 587.378: [GC [PSYoungGen: 222822K->662K(217280K)] 340448K->118890K(904256K), 0.0039690 secs] [Times: user=0.03 sys=0.00, real=0.00 secs] 
2014-07-16T06:16:49.166+0000: 588.167: [GC [PSYoungGen: 217238K->512K(212160K)] 335466K->118878K(899136K), 0.0042150 secs] [Times: user=0.02 sys=0.01, real=0.00 secs] 
2014-07-16T06:16:49.934+0000: 588.935: [GC [PSYoungGen: 212160K->1270K(208192K)] 330526K->119854K(895168K), 0.0062850 secs] [Times: user=0.03 sys=0.00, real=0.01 secs] 
2014-07-16T06:16:50.707+0000: 589.708: [GC [PSYoungGen: 208159K->730K(203136K)] 326743K->119378K(890112K), 0.0055720 secs] [Times: user=0.03 sys=0.01, real=0.00 secs] 
2014-07-16T06:16:51.396+0000: 590.396: [GC [PSYoungGen: 203098K->1084K(199040K)] 321746K->120040K(886016K), 0.0031870 secs] [Times: user=0.02 sys=0.00, real=0.01 secs] 
2014-07-16T06:16:52.123+0000: 591.124: [GC [PSYoungGen: 199036K->1358K(195072K)] 317992K->120402K(882048K), 0.0036830 secs] [Times: user=0.02 sys=0.00, real=0.01 secs] 
2014-07-16T06:16:52.845+0000: 591.846: [GC [PSYoungGen: 195020K->752K(190336K)] 314065K->120164K(877312K), 0.0057750 secs] [Times: user=0.03 sys=0.00, real=0.01 secs] 
2014-07-16T06:16:53.530+0000: 592.531: [GC [PSYoungGen: 190320K->726K(186368K)] 309732K->120252K(873344K), 0.0050610 secs] [Times: user=0.03 sys=0.00, real=0.00 secs] 
2014-07-16T06:16:54.191+0000: 593.191: [GC [PSYoungGen: 186302K->880K(182656K)] 305829K->120594K(869632K), 0.0031300 secs] [Times: user=0.02 sys=0.00, real=0.00 secs] 
2014-07-16T06:16:54.853+0000: 593.853: [GC [PSYoungGen: 182640K->598K(178688K)] 302354K->120392K(865664K), 0.0034710 secs] [Times: user=0.01 sys=0.00, real=0.01 secs] 
2014-07-16T06:16:55.525+0000: 594.526: [GC [PSYoungGen: 178626K->876K(175360K)] 298421K->120702K(862336K), 0.0065460 secs] [Times: user=0.02 sys=0.00, real=0.01 secs] 
2014-07-16T06:16:56.136+0000: 595.136: [GC [PSYoungGen: 175339K->666K(171648K)] 295166K->120596K(858624K), 0.0040930 secs] [Times: user=0.03 sys=0.00, real=0.01 secs] 
2014-07-16T06:16:56.763+0000: 595.764: [GC [PSYoungGen: 171610K->976K(168576K)] 291540K->120986K(855552K), 0.0045130 secs] [Times: user=0.02 sys=0.00, real=0.01 secs] 
2014-07-16T06:16:57.378+0000: 596.378: [GC [PSYoungGen: 168528K->672K(164992K)] 288538K->120754K(851968K), 0.0052610 secs] [Times: user=0.03 sys=0.00, real=0.00 secs] 
2014-07-16T06:16:57.964+0000: 596.965: [GC [PSYoungGen: 164960K->716K(161920K)] 285042K->120878K(848896K), 0.0054280 secs] [Times: user=0.03 sys=0.00, real=0.01 secs] 
2014-07-16T06:16:58.532+0000: 597.533: [GC [PSYoungGen: 161866K->658K(158784K)] 282029K->120892K(845760K), 0.0038670 secs] [Times: user=0.02 sys=0.01, real=0.00 secs] 
2014-07-16T06:16:59.105+0000: 598.106: [GC [PSYoungGen: 158738K->754K(155904K)] 278972K->121068K(842880K), 0.0033400 secs] [Times: user=0.01 sys=0.00, real=0.01 secs] 
2014-07-16T06:16:59.672+0000: 598.672: [GC [PSYoungGen: 155890K->818K(153088K)] 276204K->121196K(840064K), 0.0037730 secs] [Times: user=0.02 sys=0.00, real=0.00 secs] 
2014-07-16T06:17:00.219+0000: 599.220: [GC [PSYoungGen: 153074K->826K(150272K)] 273452K->121252K(837248K), 0.0093010 secs] [Times: user=0.04 sys=0.00, real=0.01 secs] 
2014-07-16T06:17:00.799+0000: 599.799: [GC [PSYoungGen: 150265K->1278K(148032K)] 270692K->122016K(835008K), 0.0046270 secs] [Times: user=0.03 sys=0.00, real=0.00 secs] 
2014-07-16T06:17:01.302+0000: 600.303: [GC [PSYoungGen: 148005K->506K(144640K)] 268744K->121562K(831616K), 0.0034830 secs] [Times: user=0.02 sys=0.00, real=0.00 secs] 
2014-07-16T06:17:01.821+0000: 600.822: [GC [PSYoungGen: 144634K->1076K(142656K)] 265690K->122271K(829632K), 0.0068310 secs] [Times: user=0.04 sys=0.00, real=0.01 secs] 
2014-07-16T06:17:02.338+0000: 601.339: [GC [PSYoungGen: 142644K->976K(140096K)] 263839K->122375K(827072K), 0.0048310 secs] [Times: user=0.03 sys=0.00, real=0.00 secs] 
2014-07-16T06:17:02.839+0000: 601.840: [GC [PSYoungGen: 140048K->544K(137216K)] 261447K->121990K(824192K), 0.0052150 secs] [Times: user=0.02 sys=0.00, real=0.00 secs] 
2014-07-16T06:17:03.334+0000: 602.334: [GC [PSYoungGen: 137147K->406K(164416K)] 258594K->121884K(851392K), 0.0085740 secs] [Times: user=0.04 sys=0.00, real=0.01 secs] 
2014-07-16T06:17:03.925+0000: 602.925: [GC [PSYoungGen: 164374K->448K(161280K)] 285852K->121982K(848256K), 0.0039000 secs] [Times: user=0.02 sys=0.00, real=0.01 secs] 
2014-07-16T06:17:04.496+0000: 603.497: [GC [PSYoungGen: 161278K->672K(158464K)] 282813K->122310K(845440K), 0.0029570 secs] [Times: user=0.01 sys=0.00, real=0.01 secs] 
2014-07-16T06:17:05.104+0000: 604.105: [GC [PSYoungGen: 158383K->1442K(190784K)] 280022K->123145K(877760K), 0.0095360 secs] [Times: user=0.05 sys=0.00, real=0.01 secs] 
2014-07-16T06:17:05.770+0000: 604.771: [GC [PSYoungGen: 190677K->690K(186048K)] 312380K->122456K(873024K), 0.0032690 secs] [Times: user=0.01 sys=0.00, real=0.00 secs] 
2014-07-16T06:17:06.451+0000: 605.452: [GC [PSYoungGen: 186034K->1598K(183104K)] 307800K->123629K(870080K), 0.0052890 secs] [Times: user=0.03 sys=0.01, real=0.00 secs] 
2014-07-16T06:17:07.092+0000: 606.093: [GC [PSYoungGen: 183092K->698K(178496K)] 305123K->122801K(865472K), 0.0035530 secs] [Times: user=0.01 sys=0.00, real=0.00 secs] 
2014-07-16T06:17:07.724+0000: 606.724: [GC [PSYoungGen: 178490K->562K(174784K)] 300593K->122744K(861760K), 0.0051580 secs] [Times: user=0.02 sys=0.01, real=0.01 secs] 
2014-07-16T06:17:08.376+0000: 607.376: [GC [PSYoungGen: 174770K->690K(171456K)] 296952K->122944K(858432K), 0.0046980 secs] [Times: user=0.03 sys=0.00, real=0.01 secs] 
2014-07-16T06:17:08.983+0000: 607.984: [GC [PSYoungGen: 171442K->854K(168256K)] 293696K->123189K(855232K), 0.0047620 secs] [Times: user=0.02 sys=0.01, real=0.01 secs] 
2014-07-16T06:17:09.584+0000: 608.585: [GC [PSYoungGen: 168214K->804K(164928K)] 290549K->123227K(851904K), 0.0091770 secs] [Times: user=0.04 sys=0.00, real=0.01 secs] 
2014-07-16T06:17:10.179+0000: 609.180: [GC [PSYoungGen: 164900K->594K(197568K)] 287323K->123096K(884544K), 0.0128860 secs] [Times: user=0.07 sys=0.00, real=0.01 secs] 
2014-07-16T06:17:10.950+0000: 609.950: [GC [PSYoungGen: 197483K->562K(216192K)] 319986K->123112K(903168K), 0.0046480 secs] [Times: user=0.03 sys=0.00, real=0.00 secs] 
2014-07-16T06:17:11.716+0000: 610.716: [GC [PSYoungGen: 215217K->658K(210496K)] 337768K->123272K(897472K), 0.0049850 secs] [Times: user=0.02 sys=0.01, real=0.01 secs] 
2014-07-16T06:17:12.483+0000: 611.484: [GC [PSYoungGen: 210450K->830K(205952K)] 333064K->123501K(892928K), 0.0059940 secs] [Times: user=0.03 sys=0.00, real=0.01 secs] 
2014-07-16T06:17:13.196+0000: 612.197: [GC [PSYoungGen: 205950K->480K(201088K)] 328621K->123230K(888064K), 0.0034270 secs] [Times: user=0.01 sys=0.00, real=0.01 secs] 
2014-07-16T06:17:13.928+0000: 612.929: [GC [PSYoungGen: 201056K->416K(196672K)] 323806K->123230K(883648K), 0.0049040 secs] [Times: user=0.02 sys=0.01, real=0.01 secs] 
2014-07-16T06:17:14.656+0000: 613.657: [GC [PSYoungGen: 196619K->826K(192832K)] 319434K->123737K(879808K), 0.0039980 secs] [Times: user=0.02 sys=0.00, real=0.01 secs] 
2014-07-16T06:17:15.337+0000: 614.338: [GC [PSYoungGen: 192825K->1144K(189056K)] 315736K->124111K(876032K), 0.0090440 secs] [Times: user=0.06 sys=0.00, real=0.01 secs] 
2014-07-16T06:17:16.057+0000: 615.058: [GC [PSYoungGen: 189048K->676K(184704K)] 312015K->123699K(871680K), 0.0030500 secs] [Times: user=0.01 sys=0.00, real=0.01 secs] 
2014-07-16T06:17:16.719+0000: 615.720: [GC [PSYoungGen: 184676K->1008K(181248K)] 307699K->124095K(868224K), 0.0049950 secs] [Times: user=0.03 sys=0.00, real=0.00 secs] 
2014-07-16T06:17:17.366+0000: 616.367: [GC [PSYoungGen: 181232K->612K(177216K)] 304319K->123787K(864192K), 0.0042650 secs] [Times: user=0.02 sys=0.00, real=0.01 secs] 
2014-07-16T06:17:18.002+0000: 617.003: [GC [PSYoungGen: 177188K->448K(173440K)] 300363K->123678K(860416K), 0.0056790 secs] [Times: user=0.03 sys=0.00, real=0.00 secs] 
2014-07-16T06:17:18.636+0000: 617.636: [GC [PSYoungGen: 173440K->658K(170240K)] 296670K->123976K(857216K), 0.0049460 secs] [Times: user=0.03 sys=0.00, real=0.01 secs] 
2014-07-16T06:17:19.251+0000: 618.251: [GC [PSYoungGen: 170192K->576K(166784K)] 293511K->123974K(853760K), 0.0052010 secs] [Times: user=0.03 sys=0.00, real=0.00 secs] 
2014-07-16T06:17:19.843+0000: 618.844: [GC [PSYoungGen: 166784K->1004K(164032K)] 290182K->124475K(851008K), 0.0036180 secs] [Times: user=0.01 sys=0.00, real=0.00 secs] 
2014-07-16T06:17:20.445+0000: 619.446: [GC [PSYoungGen: 164012K->880K(160768K)] 287483K->124415K(847744K), 0.0054140 secs] [Times: user=0.03 sys=0.00, real=0.01 secs] 
2014-07-16T06:17:21.049+0000: 620.049: [GC [PSYoungGen: 160752K->612K(157504K)] 284287K->124211K(844480K), 0.0048890 secs] [Times: user=0.02 sys=0.00, real=0.01 secs] 
2014-07-16T06:17:21.608+0000: 620.608: [GC [PSYoungGen: 157476K->816K(189120K)] 281075K->124471K(876096K), 0.0101250 secs] [Times: user=0.06 sys=0.01, real=0.01 secs] 
2014-07-16T06:17:22.286+0000: 621.286: [GC [PSYoungGen: 189104K->648K(185024K)] 312759K->124383K(872000K), 0.0054410 secs] [Times: user=0.03 sys=0.00, real=0.01 secs] 
2014-07-16T06:17:22.945+0000: 621.945: [GC [PSYoungGen: 184926K->730K(181248K)] 308661K->124545K(868224K), 0.0051190 secs] [Times: user=0.02 sys=0.00, real=0.01 secs] 
2014-07-16T06:17:23.594+0000: 622.595: [GC [PSYoungGen: 181210K->562K(177344K)] 305025K->124440K(864320K), 0.0055540 secs] [Times: user=0.03 sys=0.00, real=0.01 secs] 
2014-07-16T06:17:24.221+0000: 623.222: [GC [PSYoungGen: 177330K->352K(173568K)] 301208K->124262K(860544K), 0.0048670 secs] [Times: user=0.01 sys=0.00, real=0.00 secs] 
2014-07-16T06:17:24.843+0000: 623.844: [GC [PSYoungGen: 173536K->794K(170560K)] 297446K->124801K(857536K), 0.0042860 secs] [Times: user=0.02 sys=0.00, real=0.00 secs] 
2014-07-16T06:17:25.447+0000: 624.448: [GC [PSYoungGen: 170475K->516K(166976K)] 294482K->124579K(853952K), 0.0061830 secs] [Times: user=0.04 sys=0.00, real=0.01 secs] 
2014-07-16T06:17:26.064+0000: 625.065: [GC [PSYoungGen: 166916K->562K(163712K)] 290979K->124688K(850688K), 0.0034510 secs] [Times: user=0.02 sys=0.00, real=0.00 secs] 
2014-07-16T06:17:26.669+0000: 625.670: [GC [PSYoungGen: 163698K->594K(160640K)] 287824K->124784K(847616K), 0.0053640 secs] [Times: user=0.03 sys=0.00, real=0.01 secs] 
2014-07-16T06:17:27.242+0000: 626.242: [GC [PSYoungGen: 160594K->830K(157824K)] 284784K->125101K(844800K), 0.0036720 secs] [Times: user=0.01 sys=0.00, real=0.00 secs] 
2014-07-16T06:17:27.815+0000: 626.816: [GC [PSYoungGen: 157791K->730K(154816K)] 282062K->125081K(841792K), 0.0051930 secs] [Times: user=0.03 sys=0.01, real=0.00 secs] 
2014-07-16T06:17:28.376+0000: 627.377: [GC [PSYoungGen: 154778K->908K(152128K)] 279129K->125331K(839104K), 0.0028320 secs] [Times: user=0.02 sys=0.00, real=0.00 secs] 
2014-07-16T06:17:28.923+0000: 627.924: [GC [PSYoungGen: 152074K->626K(149056K)] 276497K->125219K(836032K), 0.0096490 secs] [Times: user=0.06 sys=0.00, real=0.01 secs] 
2014-07-16T06:17:29.459+0000: 628.459: [GC [PSYoungGen: 149042K->576K(146304K)] 273635K->125272K(833280K), 0.0060090 secs] [Times: user=0.03 sys=0.00, real=0.01 secs] 
2014-07-16T06:17:29.991+0000: 628.991: [GC [PSYoungGen: 146304K->598K(143744K)] 271000K->125351K(830720K), 0.0054940 secs] [Times: user=0.03 sys=0.00, real=0.01 secs] 
2014-07-16T06:17:30.509+0000: 629.509: [GC [PSYoungGen: 143702K->580K(172416K)] 268455K->125381K(859392K), 0.0063800 secs] [Times: user=0.04 sys=0.01, real=0.01 secs] 
2014-07-16T06:17:31.160+0000: 630.161: [GC [PSYoungGen: 172356K->612K(169024K)] 297157K->125517K(856000K), 0.0034980 secs] [Times: user=0.02 sys=0.00, real=0.01 secs] 
2014-07-16T06:17:31.762+0000: 630.763: [GC [PSYoungGen: 168996K->616K(165760K)] 293901K->125593K(852736K), 0.0050940 secs] [Times: user=0.03 sys=0.00, real=0.01 secs] 
2014-07-16T06:17:32.357+0000: 631.358: [GC [PSYoungGen: 165736K->726K(162688K)] 290713K->125815K(849664K), 0.0047090 secs] [Times: user=0.03 sys=0.00, real=0.00 secs] 
2014-07-16T06:17:32.947+0000: 631.948: [GC [PSYoungGen: 162646K->594K(159488K)] 287735K->125763K(846464K), 0.0076340 secs] [Times: user=0.05 sys=0.00, real=0.01 secs] 
2014-07-16T06:17:33.521+0000: 632.522: [GC [PSYoungGen: 159442K->626K(156480K)] 284611K->125875K(843456K), 0.0065800 secs] [Times: user=0.03 sys=0.00, real=0.01 secs] 
2014-07-16T06:17:34.092+0000: 633.093: [GC [PSYoungGen: 156466K->598K(153600K)] 281715K->125927K(840576K), 0.0052920 secs] [Times: user=0.03 sys=0.00, real=0.00 secs] 
2014-07-16T06:17:34.643+0000: 633.643: [GC [PSYoungGen: 153558K->694K(150848K)] 278887K->126095K(837824K), 0.0051500 secs] [Times: user=0.03 sys=0.00, real=0.00 secs] 
2014-07-16T06:17:35.180+0000: 634.181: [GC [PSYoungGen: 150838K->552K(147968K)] 276239K->126001K(834944K), 0.0050270 secs] [Times: user=0.02 sys=0.00, real=0.01 secs] 
2014-07-16T06:17:35.720+0000: 634.720: [GC [PSYoungGen: 147944K->680K(177600K)] 273393K->126225K(864576K), 0.0081190 secs] [Times: user=0.06 sys=0.00, real=0.01 secs] 
2014-07-16T06:17:36.393+0000: 635.394: [GC [PSYoungGen: 177576K->908K(174272K)] 303121K->126541K(861248K), 0.0047730 secs] [Times: user=0.02 sys=0.00, real=0.00 secs] 
2014-07-16T06:17:36.997+0000: 635.997: [GC [PSYoungGen: 174220K->306K(170176K)] 299853K->126181K(857152K), 0.0034320 secs] [Times: user=0.02 sys=0.00, real=0.00 secs] 
2014-07-16T06:17:37.611+0000: 636.612: [GC [PSYoungGen: 170162K->876K(167424K)] 296037K->126847K(854400K), 0.0058820 secs] [Times: user=0.03 sys=0.00, real=0.01 secs] 
2014-07-16T06:17:38.198+0000: 637.198: [GC [PSYoungGen: 167404K->890K(164160K)] 293375K->127007K(851136K), 0.0046720 secs] [Times: user=0.02 sys=0.01, real=0.00 secs] 
2014-07-16T06:17:38.802+0000: 637.802: [GC [PSYoungGen: 164154K->1070K(195136K)] 290271K->127585K(882112K), 0.0100180 secs] [Times: user=0.06 sys=0.00, real=0.01 secs] 
2014-07-16T06:17:39.515+0000: 638.516: [GC [PSYoungGen: 195118K->676K(190592K)] 321633K->127287K(877568K), 0.0046170 secs] [Times: user=0.02 sys=0.00, real=0.00 secs] 
2014-07-16T06:17:40.228+0000: 639.228: [GC [PSYoungGen: 190564K->1254K(187200K)] 317175K->128045K(874176K), 0.0040150 secs] [Times: user=0.02 sys=0.00, real=0.00 secs] 
2014-07-16T06:17:40.967+0000: 639.968: [GC [PSYoungGen: 187174K->740K(182848K)] 313965K->127837K(869824K), 0.0053000 secs] [Times: user=0.03 sys=0.00, real=0.00 secs] 
2014-07-16T06:17:41.570+0000: 640.570: [GC [PSYoungGen: 182789K->1442K(179840K)] 309886K->128727K(866816K), 0.0056840 secs] [Times: user=0.03 sys=0.00, real=0.01 secs] 
2014-07-16T06:17:42.207+0000: 641.208: [GC [PSYoungGen: 179810K->676K(175488K)] 307095K->128081K(862464K), 0.0069940 secs] [Times: user=0.04 sys=0.00, real=0.01 secs] 
2014-07-16T06:17:42.843+0000: 641.844: [GC [PSYoungGen: 175416K->662K(171968K)] 302821K->128163K(858944K), 0.0036850 secs] [Times: user=0.01 sys=0.00, real=0.00 secs] 
2014-07-16T06:17:43.467+0000: 642.468: [GC [PSYoungGen: 171905K->880K(168768K)] 299407K->128453K(855744K), 0.0050040 secs] [Times: user=0.03 sys=0.00, real=0.00 secs] 
2014-07-16T06:17:44.066+0000: 643.067: [GC [PSYoungGen: 168752K->850K(165504K)] 296325K->128479K(852480K), 0.0041390 secs] [Times: user=0.01 sys=0.01, real=0.00 secs] 
2014-07-16T06:17:44.671+0000: 643.672: [GC [PSYoungGen: 165458K->644K(162112K)] 293087K->128353K(849088K), 0.0046380 secs] [Times: user=0.02 sys=0.00, real=0.01 secs] 
2014-07-16T06:17:45.240+0000: 644.241: [GC [PSYoungGen: 162052K->562K(192256K)] 289761K->128319K(879232K), 0.0110370 secs] [Times: user=0.07 sys=0.01, real=0.01 secs] 
2014-07-16T06:17:46.011+0000: 645.012: [GC [PSYoungGen: 191267K->1228K(195136K)] 319024K->129049K(882112K), 0.0126520 secs] [Times: user=0.05 sys=0.00, real=0.02 secs] 
2014-07-16T06:17:46.672+0000: 645.673: [GC [PSYoungGen: 194892K->662K(195200K)] 322713K->128555K(882176K), 0.0037270 secs] [Times: user=0.03 sys=0.01, real=0.01 secs] 
2014-07-16T06:17:47.376+0000: 646.376: [GC [PSYoungGen: 194324K->698K(190272K)] 322217K->128663K(877248K), 0.0046740 secs] [Times: user=0.03 sys=0.00, real=0.00 secs] 
2014-07-16T06:17:48.060+0000: 647.061: [GC [PSYoungGen: 190266K->534K(186176K)] 318231K->128539K(873152K), 0.0041700 secs] [Times: user=0.02 sys=0.00, real=0.01 secs] 
2014-07-16T06:17:48.749+0000: 647.750: [GC [PSYoungGen: 186134K->722K(182528K)] 314139K->128815K(869504K), 0.0062300 secs] [Times: user=0.04 sys=0.00, real=0.01 secs] 
2014-07-16T06:17:49.417+0000: 648.418: [GC [PSYoungGen: 182482K->576K(178624K)] 310575K->128741K(865600K), 0.0049030 secs] [Times: user=0.02 sys=0.00, real=0.00 secs] 
2014-07-16T06:17:50.051+0000: 649.052: [GC [PSYoungGen: 178555K->694K(175168K)] 306720K->128939K(862144K), 0.0046000 secs] [Times: user=0.02 sys=0.00, real=0.01 secs] 
2014-07-16T06:17:50.683+0000: 649.684: [GC [PSYoungGen: 175158K->1140K(172096K)] 303403K->129465K(859072K), 0.0032110 secs] [Times: user=0.01 sys=0.01, real=0.01 secs] 
2014-07-16T06:17:51.384+0000: 650.385: [GC [PSYoungGen: 171992K->880K(168448K)] 300317K->129399K(855424K), 0.0040770 secs] [Times: user=0.03 sys=0.00, real=0.01 secs] 
2014-07-16T06:17:51.970+0000: 650.971: [GC [PSYoungGen: 168367K->1282K(165632K)] 296886K->129897K(852608K), 0.0030340 secs] [Times: user=0.01 sys=0.01, real=0.00 secs] 
2014-07-16T06:17:52.552+0000: 651.553: [GC [PSYoungGen: 165570K->752K(161920K)] 294185K->129673K(848896K), 0.0060150 secs] [Times: user=0.03 sys=0.00, real=0.01 secs] 
2014-07-16T06:17:53.141+0000: 652.142: [GC [PSYoungGen: 161904K->1112K(159232K)] 290825K->130089K(846208K), 0.0073470 secs] [Times: user=0.04 sys=0.00, real=0.01 secs] 
2014-07-16T06:17:53.723+0000: 652.723: [GC [PSYoungGen: 159159K->712K(155904K)] 288137K->129785K(842880K), 0.0029170 secs] [Times: user=0.02 sys=0.00, real=0.01 secs] 
2014-07-16T06:17:54.284+0000: 653.285: [GC [PSYoungGen: 155848K->744K(153024K)] 284921K->129913K(840000K), 0.0033130 secs] [Times: user=0.02 sys=0.00, real=0.01 secs] 
2014-07-16T06:17:54.824+0000: 653.825: [GC [PSYoungGen: 153000K->912K(150400K)] 282169K->130137K(837376K), 0.0071950 secs] [Times: user=0.04 sys=0.00, real=0.01 secs] 
2014-07-16T06:17:55.363+0000: 654.364: [GC [PSYoungGen: 150352K->698K(147456K)] 279577K->129979K(834432K), 0.0035690 secs] [Times: user=0.02 sys=0.00, real=0.01 secs] 
2014-07-16T06:17:55.900+0000: 654.900: [GC [PSYoungGen: 147448K->562K(176704K)] 276729K->129907K(863680K), 0.0111020 secs] [Times: user=0.07 sys=0.00, real=0.01 secs] 
2014-07-16T06:17:56.569+0000: 655.570: [GC [PSYoungGen: 176690K->790K(173440K)] 306035K->130199K(860416K), 0.0038150 secs] [Times: user=0.01 sys=0.00, real=0.00 secs] 
2014-07-16T06:17:57.186+0000: 656.187: [GC [PSYoungGen: 173398K->794K(169984K)] 302807K->130299K(856960K), 0.0054440 secs] [Times: user=0.03 sys=0.00, real=0.01 secs] 
2014-07-16T06:17:57.811+0000: 656.811: [GC [PSYoungGen: 169946K->694K(166528K)] 299451K->130279K(853504K), 0.0047920 secs] [Times: user=0.03 sys=0.00, real=0.00 secs] 
2014-07-16T06:17:58.395+0000: 657.396: [GC [PSYoungGen: 166518K->816K(163456K)] 296103K->130473K(850432K), 0.0035570 secs] [Times: user=0.02 sys=0.00, real=0.01 secs] 
2014-07-16T06:17:59.013+0000: 658.013: [GC [PSYoungGen: 163440K->1264K(196480K)] 293097K->131017K(883456K), 0.0104740 secs] [Times: user=0.06 sys=0.00, real=0.01 secs] 
2014-07-16T06:17:59.703+0000: 658.704: [GC [PSYoungGen: 196456K->502K(191552K)] 326210K->130441K(878528K), 0.0045630 secs] [Times: user=0.02 sys=0.01, real=0.01 secs] 
2014-07-16T06:18:00.401+0000: 659.402: [GC [PSYoungGen: 191542K->708K(187776K)] 321481K->130703K(874752K), 0.0072430 secs] [Times: user=0.04 sys=0.00, real=0.01 secs] 
2014-07-16T06:18:01.072+0000: 660.072: [GC [PSYoungGen: 187716K->1058K(184192K)] 317711K->131101K(871168K), 0.0035210 secs] [Times: user=0.01 sys=0.00, real=0.00 secs] 
2014-07-16T06:18:01.759+0000: 660.760: [GC [PSYoungGen: 184162K->612K(179968K)] 314205K->130759K(866944K), 0.0039500 secs] [Times: user=0.03 sys=0.00, real=0.00 secs] 
2014-07-16T06:18:02.407+0000: 661.407: [GC [PSYoungGen: 179940K->598K(176320K)] 310087K->130793K(863296K), 0.0051760 secs] [Times: user=0.03 sys=0.00, real=0.00 secs] 
2014-07-16T06:18:03.033+0000: 662.034: [GC [PSYoungGen: 176278K->758K(172928K)] 306473K->131025K(859904K), 0.0073250 secs] [Times: user=0.04 sys=0.00, real=0.01 secs] 
2014-07-16T06:18:03.676+0000: 662.677: [GC [PSYoungGen: 172918K->776K(169600K)] 303185K->131139K(856576K), 0.0045670 secs] [Times: user=0.03 sys=0.00, real=0.01 secs] 
2014-07-16T06:18:04.268+0000: 663.269: [GC [PSYoungGen: 169544K->484K(165952K)] 299907K->130919K(852928K), 0.0076030 secs] [Times: user=0.05 sys=0.01, real=0.00 secs] 
2014-07-16T06:18:04.860+0000: 663.861: [GC [PSYoungGen: 165924K->544K(199104K)] 296359K->131059K(886080K), 0.0077310 secs] [Times: user=0.05 sys=0.01, real=0.01 secs] 
2014-07-16T06:18:05.578+0000: 664.579: [GC [PSYoungGen: 199071K->808K(195072K)] 329586K->131403K(882048K), 0.0067690 secs] [Times: user=0.04 sys=0.00, real=0.00 secs] 
2014-07-16T06:18:06.353+0000: 665.354: [GC [PSYoungGen: 195029K->1200K(191296K)] 325625K->132209K(878272K), 0.0035180 secs] [Times: user=0.02 sys=0.01, real=0.00 secs] 
2014-07-16T06:18:06.977+0000: 665.978: [GC [PSYoungGen: 191280K->900K(187008K)] 322289K->132013K(873984K), 0.0046540 secs] [Times: user=0.03 sys=0.00, real=0.01 secs] 
2014-07-16T06:18:07.645+0000: 666.646: [GC [PSYoungGen: 186899K->698K(182912K)] 318013K->131941K(869888K), 0.0069380 secs] [Times: user=0.04 sys=0.00, real=0.01 secs] 
2014-07-16T06:18:08.290+0000: 667.291: [GC [PSYoungGen: 182903K->498K(179008K)] 314146K->131821K(865984K), 0.0057750 secs] [Times: user=0.03 sys=0.00, real=0.00 secs] 
2014-07-16T06:18:08.939+0000: 667.940: [GC [PSYoungGen: 178991K->1090K(176000K)] 310314K->132469K(862976K), 0.0047080 secs] [Times: user=0.02 sys=0.00, real=0.00 secs] 
2014-07-16T06:18:09.583+0000: 668.584: [GC [PSYoungGen: 175938K->1022K(172352K)] 307317K->132497K(859328K), 0.0043250 secs] [Times: user=0.02 sys=0.00, real=0.01 secs] 
2014-07-16T06:18:10.208+0000: 669.209: [GC [PSYoungGen: 172347K->830K(168768K)] 303823K->132361K(855744K), 0.0037130 secs] [Times: user=0.01 sys=0.00, real=0.01 secs] 
2014-07-16T06:18:10.834+0000: 669.834: [GC [PSYoungGen: 168763K->868K(165568K)] 300295K->132463K(852544K), 0.0035920 secs] [Times: user=0.02 sys=0.00, real=0.00 secs] 
2014-07-16T06:18:11.420+0000: 670.420: [GC [PSYoungGen: 165540K->798K(162304K)] 297135K->132465K(849280K), 0.0061840 secs] [Times: user=0.03 sys=0.00, real=0.00 secs] 
2014-07-16T06:18:12.012+0000: 671.013: [GC [PSYoungGen: 162270K->648K(159104K)] 293937K->132379K(846080K), 0.0083710 secs] [Times: user=0.05 sys=0.00, real=0.01 secs] 
2014-07-16T06:18:12.600+0000: 671.600: [GC [PSYoungGen: 159048K->516K(155968K)] 290779K->132303K(842944K), 0.0031990 secs] [Times: user=0.02 sys=0.00, real=0.00 secs] 
2014-07-16T06:18:13.147+0000: 672.147: [GC [PSYoungGen: 155908K->648K(153216K)] 287695K->132515K(840192K), 0.0046110 secs] [Times: user=0.02 sys=0.00, real=0.01 secs] 
2014-07-16T06:18:13.691+0000: 672.692: [GC [PSYoungGen: 153139K->976K(150720K)] 285006K->132923K(837696K), 0.0055930 secs] [Times: user=0.02 sys=0.01, real=0.00 secs] 
2014-07-16T06:18:14.226+0000: 673.227: [GC [PSYoungGen: 150672K->798K(147840K)] 282619K->132825K(834816K), 0.0046390 secs] [Times: user=0.03 sys=0.00, real=0.01 secs] 
2014-07-16T06:18:14.751+0000: 673.752: [GC [PSYoungGen: 147806K->548K(144960K)] 279833K->132647K(831936K), 0.0067600 secs] [Times: user=0.03 sys=0.00, real=0.00 secs] 
2014-07-16T06:18:15.282+0000: 674.283: [GC [PSYoungGen: 144932K->880K(142720K)] 277031K->133043K(829696K), 0.0031800 secs] [Times: user=0.01 sys=0.00, real=0.00 secs] 
2014-07-16T06:18:15.793+0000: 674.794: [GC [PSYoungGen: 142704K->912K(140288K)] 274867K->133147K(827264K), 0.0045450 secs] [Times: user=0.02 sys=0.00, real=0.01 secs] 
2014-07-16T06:18:16.300+0000: 675.301: [GC [PSYoungGen: 140240K->608K(137536K)] 272475K->132947K(824512K), 0.0069150 secs] [Times: user=0.04 sys=0.00, real=0.00 secs] 
2014-07-16T06:18:16.865+0000: 675.865: [GC [PSYoungGen: 137475K->630K(135168K)] 269814K->133057K(822144K), 0.0046410 secs] [Times: user=0.02 sys=0.00, real=0.01 secs] 
2014-07-16T06:18:17.344+0000: 676.345: [GC [PSYoungGen: 135158K->576K(132800K)] 267585K->133075K(819776K), 0.0047280 secs] [Times: user=0.02 sys=0.01, real=0.00 secs] 
2014-07-16T06:18:17.827+0000: 676.828: [GC [PSYoungGen: 132800K->626K(130624K)] 265299K->133221K(817600K), 0.0046000 secs] [Times: user=0.03 sys=0.00, real=0.01 secs] 
2014-07-16T06:18:18.290+0000: 677.291: [GC [PSYoungGen: 130594K->644K(128512K)] 263189K->133327K(815488K), 0.0048970 secs] [Times: user=0.03 sys=0.00, real=0.00 secs] 
2014-07-16T06:18:18.744+0000: 677.744: [GC [PSYoungGen: 128452K->940K(126656K)] 261135K->133703K(813632K), 0.0047460 secs] [Times: user=0.02 sys=0.00, real=0.00 secs] 
2014-07-16T06:18:19.215+0000: 678.215: [GC [PSYoungGen: 126622K->1056K(151936K)] 259385K->133915K(838912K), 0.0061050 secs] [Times: user=0.03 sys=0.00, real=0.01 secs] 
2014-07-16T06:18:19.738+0000: 678.738: [GC [PSYoungGen: 151904K->434K(148544K)] 284763K->133711K(835520K), 0.0028100 secs] [Times: user=0.01 sys=0.01, real=0.01 secs] 
2014-07-16T06:18:20.271+0000: 679.272: [GC [PSYoungGen: 148528K->944K(146368K)] 281806K->134293K(833344K), 0.0069700 secs] [Times: user=0.05 sys=0.00, real=0.00 secs] 
2014-07-16T06:18:20.808+0000: 679.808: [GC [PSYoungGen: 146352K->1104K(175680K)] 279701K->134549K(862656K), 0.0059210 secs] [Times: user=0.04 sys=0.00, real=0.01 secs] 
2014-07-16T06:18:21.430+0000: 680.431: [GC [PSYoungGen: 175568K->698K(171712K)] 309013K->134207K(858688K), 0.0041350 secs] [Times: user=0.02 sys=0.00, real=0.00 secs] 
2014-07-16T06:18:22.088+0000: 681.089: [GC [PSYoungGen: 171706K->758K(168384K)] 305215K->134355K(855360K), 0.0045240 secs] [Times: user=0.02 sys=0.00, real=0.01 secs] 
2014-07-16T06:18:22.752+0000: 681.753: [GC [PSYoungGen: 168374K->1270K(165632K)] 301971K->135163K(852608K), 0.0064120 secs] [Times: user=0.02 sys=0.00, real=0.01 secs] 
2014-07-16T06:18:23.320+0000: 682.321: [GC [PSYoungGen: 165617K->552K(161792K)] 299511K->134821K(848768K), 0.0050430 secs] [Times: user=0.03 sys=0.00, real=0.00 secs] 
2014-07-16T06:18:23.911+0000: 682.912: [GC [PSYoungGen: 161768K->658K(158848K)] 296037K->134991K(845824K), 0.0069400 secs] [Times: user=0.03 sys=0.00, real=0.00 secs] 
2014-07-16T06:18:24.490+0000: 683.491: [GC [PSYoungGen: 158802K->626K(155840K)] 293135K->135047K(842816K), 0.0041210 secs] [Times: user=0.02 sys=0.00, real=0.00 secs] 
2014-07-16T06:18:25.040+0000: 684.041: [GC [PSYoungGen: 155826K->708K(153088K)] 290247K->135217K(840064K), 0.0049490 secs] [Times: user=0.03 sys=0.00, real=0.00 secs] 
2014-07-16T06:18:25.593+0000: 684.594: [GC [PSYoungGen: 153028K->530K(150080K)] 287537K->135127K(837056K), 0.0024610 secs] [Times: user=0.01 sys=0.01, real=0.00 secs] 
2014-07-16T06:18:26.125+0000: 685.125: [GC [PSYoungGen: 150017K->1212K(148032K)] 284615K->135881K(835008K), 0.0035610 secs] [Times: user=0.02 sys=0.00, real=0.00 secs] 
2014-07-16T06:18:26.708+0000: 685.709: [GC [PSYoungGen: 148028K->958K(145152K)] 282697K->135691K(832128K), 0.0034700 secs] [Times: user=0.02 sys=0.00, real=0.01 secs] 
2014-07-16T06:18:27.191+0000: 686.191: [GC [PSYoungGen: 145149K->858K(142528K)] 279883K->135671K(829504K), 0.0055560 secs] [Times: user=0.03 sys=0.00, real=0.00 secs] 
2014-07-16T06:18:27.689+0000: 686.689: [GC [PSYoungGen: 142490K->926K(140096K)] 277303K->135811K(827072K), 0.0052090 secs] [Times: user=0.02 sys=0.00, real=0.01 secs] 
2014-07-16T06:18:28.178+0000: 687.179: [GC [PSYoungGen: 140062K->640K(137344K)] 274947K->135597K(824320K), 0.0037690 secs] [Times: user=0.02 sys=0.01, real=0.01 secs] 
2014-07-16T06:18:28.669+0000: 687.670: [GC [PSYoungGen: 137344K->580K(134976K)] 272301K->135625K(821952K), 0.0032360 secs] [Times: user=0.01 sys=0.00, real=0.01 secs] 
2014-07-16T06:18:29.153+0000: 688.154: [GC [PSYoungGen: 134883K->1126K(133248K)] 269929K->136243K(820224K), 0.0051960 secs] [Times: user=0.01 sys=0.00, real=0.00 secs] 
2014-07-16T06:18:29.635+0000: 688.636: [GC [PSYoungGen: 133187K->744K(159296K)] 268305K->135957K(846272K), 0.0087950 secs] [Times: user=0.06 sys=0.00, real=0.01 secs] 
2014-07-16T06:18:30.217+0000: 689.217: [GC [PSYoungGen: 159272K->726K(191040K)] 294485K->136011K(878016K), 0.0052760 secs] [Times: user=0.03 sys=0.01, real=0.01 secs] 
2014-07-16T06:18:30.934+0000: 689.935: [GC [PSYoungGen: 190983K->1136K(187392K)] 326269K->136525K(874368K), 0.0041710 secs] [Times: user=0.03 sys=0.00, real=0.00 secs] 
2014-07-16T06:18:31.604+0000: 690.605: [GC [PSYoungGen: 187376K->644K(183040K)] 322765K->136129K(870016K), 0.0050120 secs] [Times: user=0.03 sys=0.00, real=0.00 secs] 
2014-07-16T06:18:32.302+0000: 691.303: [GC [PSYoungGen: 182980K->772K(179392K)] 318465K->136345K(866368K), 0.0048280 secs] [Times: user=0.02 sys=0.01, real=0.00 secs] 
2014-07-16T06:18:33.015+0000: 692.015: [GC [PSYoungGen: 179332K->1314K(176256K)] 314905K->137067K(863232K), 0.0051670 secs] [Times: user=0.03 sys=0.00, real=0.00 secs] 
2014-07-16T06:18:33.617+0000: 692.618: [GC [PSYoungGen: 176226K->566K(171968K)] 311979K->136431K(858944K), 0.0049340 secs] [Times: user=0.02 sys=0.01, real=0.01 secs] 
2014-07-16T06:18:34.250+0000: 693.251: [GC [PSYoungGen: 171958K->1240K(169280K)] 307823K->137251K(856256K), 0.0065710 secs] [Times: user=0.04 sys=0.01, real=0.01 secs] 
2014-07-16T06:18:34.861+0000: 693.861: [GC [PSYoungGen: 169240K->854K(165632K)] 305251K->137045K(852608K), 0.0053080 secs] [Times: user=0.02 sys=0.00, real=0.01 secs] 
2014-07-16T06:18:35.453+0000: 694.453: [GC [PSYoungGen: 165560K->712K(162304K)] 301752K->136999K(849280K), 0.0057180 secs] [Times: user=0.04 sys=0.00, real=0.00 secs] 
2014-07-16T06:18:36.033+0000: 695.034: [GC [PSYoungGen: 162248K->434K(158912K)] 298535K->136753K(845888K), 0.0077900 secs] [Times: user=0.04 sys=0.00, real=0.00 secs] 
2014-07-16T06:18:36.615+0000: 695.616: [GC [PSYoungGen: 158860K->790K(188672K)] 295179K->137181K(875648K), 0.0100650 secs] [Times: user=0.05 sys=0.00, real=0.01 secs] 
2014-07-16T06:18:37.300+0000: 696.301: [GC [PSYoungGen: 187926K->962K(191680K)] 324317K->137401K(878656K), 0.0056420 secs] [Times: user=0.04 sys=0.00, real=0.01 secs] 
2014-07-16T06:18:37.997+0000: 696.997: [GC [PSYoungGen: 191170K->822K(187008K)] 327609K->137349K(873984K), 0.0048560 secs] [Times: user=0.02 sys=0.01, real=0.00 secs] 
2014-07-16T06:18:38.653+0000: 697.654: [GC [PSYoungGen: 186969K->648K(182976K)] 323496K->137247K(869952K), 0.0056460 secs] [Times: user=0.03 sys=0.01, real=0.00 secs] 
2014-07-16T06:18:39.333+0000: 698.333: [GC [PSYoungGen: 182891K->594K(179200K)] 319491K->137257K(866176K), 0.0052140 secs] [Times: user=0.03 sys=0.00, real=0.00 secs] 
2014-07-16T06:18:39.980+0000: 698.980: [GC [PSYoungGen: 179154K->740K(175680K)] 315817K->137467K(862656K), 0.0054620 secs] [Times: user=0.03 sys=0.00, real=0.01 secs] 
2014-07-16T06:18:40.611+0000: 699.612: [GC [PSYoungGen: 175652K->744K(172160K)] 312379K->137575K(859136K), 0.0044220 secs] [Times: user=0.03 sys=0.00, real=0.01 secs] 
2014-07-16T06:18:41.233+0000: 700.234: [GC [PSYoungGen: 172106K->758K(168768K)] 308938K->137669K(855744K), 0.0042190 secs] [Times: user=0.02 sys=0.01, real=0.00 secs] 
2014-07-16T06:18:41.909+0000: 700.909: [GC [PSYoungGen: 168758K->1272K(166016K)] 305669K->138575K(852992K), 0.0036070 secs] [Times: user=0.02 sys=0.00, real=0.01 secs] 
2014-07-16T06:18:42.439+0000: 701.440: [GC [PSYoungGen: 166008K->416K(161984K)] 303311K->137799K(848960K), 0.0059400 secs] [Times: user=0.04 sys=0.00, real=0.01 secs] 
2014-07-16T06:18:43.026+0000: 702.026: [GC [PSYoungGen: 161933K->876K(159360K)] 299317K->138339K(846336K), 0.0042770 secs] [Times: user=0.03 sys=0.00, real=0.00 secs] 
2014-07-16T06:18:43.624+0000: 702.625: [GC [PSYoungGen: 159339K->712K(156224K)] 296803K->138255K(843200K), 0.0071100 secs] [Times: user=0.04 sys=0.00, real=0.00 secs] 
2014-07-16T06:18:44.159+0000: 703.160: [GC [PSYoungGen: 156168K->1050K(153664K)] 293711K->138673K(840640K), 0.0046530 secs] [Times: user=0.02 sys=0.00, real=0.01 secs] 
2014-07-16T06:18:44.714+0000: 703.715: [GC [PSYoungGen: 153549K->694K(150464K)] 291173K->138405K(837440K), 0.0079250 secs] [Times: user=0.05 sys=0.00, real=0.00 secs] 
2014-07-16T06:18:45.265+0000: 704.265: [GC [PSYoungGen: 150441K->448K(147520K)] 288152K->138223K(834496K), 0.0039000 secs] [Times: user=0.02 sys=0.00, real=0.00 secs] 
2014-07-16T06:18:45.800+0000: 704.801: [GC [PSYoungGen: 147501K->644K(145152K)] 285276K->138483K(832128K), 0.0066070 secs] [Times: user=0.04 sys=0.00, real=0.01 secs] 
2014-07-16T06:18:46.318+0000: 705.319: [GC [PSYoungGen: 145092K->466K(142400K)] 282931K->138369K(829376K), 0.0038510 secs] [Times: user=0.02 sys=0.00, real=0.00 secs] 
2014-07-16T06:18:46.912+0000: 705.913: [GC [PSYoungGen: 142354K->1110K(140544K)] 280257K->139101K(827520K), 0.0046840 secs] [Times: user=0.03 sys=0.00, real=0.01 secs] 
2014-07-16T06:18:47.341+0000: 706.342: [GC [PSYoungGen: 140471K->784K(168128K)] 278463K->138815K(855104K), 0.0102400 secs] [Times: user=0.05 sys=0.01, real=0.01 secs] 
2014-07-16T06:18:47.949+0000: 706.949: [GC [PSYoungGen: 168080K->626K(181440K)] 306111K->138729K(868416K), 0.0044940 secs] [Times: user=0.02 sys=0.00, real=0.01 secs] 
2014-07-16T06:18:48.594+0000: 707.595: [GC [PSYoungGen: 181012K->498K(181824K)] 319116K->138697K(868800K), 0.0053650 secs] [Times: user=0.04 sys=0.00, real=0.00 secs] 
2014-07-16T06:18:49.244+0000: 708.245: [GC [PSYoungGen: 180914K->690K(177408K)] 319113K->138961K(864384K), 0.0052420 secs] [Times: user=0.03 sys=0.00, real=0.00 secs] 
2014-07-16T06:18:49.887+0000: 708.887: [GC [PSYoungGen: 177394K->666K(173824K)] 315665K->138993K(860800K), 0.0053250 secs] [Times: user=0.03 sys=0.00, real=0.00 secs] 
2014-07-16T06:18:50.507+0000: 709.507: [GC [PSYoungGen: 173774K->1034K(170752K)] 312102K->139417K(857728K), 0.0066850 secs] [Times: user=0.04 sys=0.00, real=0.00 secs] 
2014-07-16T06:18:51.126+0000: 710.127: [GC [PSYoungGen: 170698K->534K(166912K)] 309081K->138973K(853888K), 0.0036440 secs] [Times: user=0.01 sys=0.00, real=0.00 secs] 
2014-07-16T06:18:51.739+0000: 710.740: [GC [PSYoungGen: 166870K->516K(163712K)] 305309K->139019K(850688K), 0.0038310 secs] [Times: user=0.03 sys=0.00, real=0.00 secs] 
2014-07-16T06:18:52.394+0000: 711.395: [GC [PSYoungGen: 163588K->1126K(161152K)] 302091K->139717K(848128K), 0.0032980 secs] [Times: user=0.02 sys=0.00, real=0.00 secs] 
2014-07-16T06:18:52.996+0000: 711.996: [GC [PSYoungGen: 161126K->876K(192896K)] 299717K->139547K(879872K), 0.0123500 secs] [Times: user=0.07 sys=0.00, real=0.01 secs] 
2014-07-16T06:18:53.672+0000: 712.673: [GC [PSYoungGen: 192876K->1404K(214272K)] 331547K->140163K(901248K), 0.0062620 secs] [Times: user=0.03 sys=0.00, real=0.01 secs] 
2014-07-16T06:18:54.455+0000: 713.455: [GC [PSYoungGen: 214230K->780K(208896K)] 352990K->139661K(895872K), 0.0058910 secs] [Times: user=0.04 sys=0.00, real=0.00 secs] 
2014-07-16T06:18:55.183+0000: 714.184: [GC [PSYoungGen: 208754K->898K(204416K)] 347636K->139843K(891392K), 0.0035860 secs] [Times: user=0.02 sys=0.00, real=0.01 secs] 
2014-07-16T06:18:55.919+0000: 714.920: [GC [PSYoungGen: 204354K->1066K(200064K)] 343299K->140075K(887040K), 0.0081840 secs] [Times: user=0.05 sys=0.01, real=0.01 secs] 
2014-07-16T06:18:56.636+0000: 715.637: [GC [PSYoungGen: 200042K->666K(195392K)] 339051K->139763K(882368K), 0.0064420 secs] [Times: user=0.03 sys=0.00, real=0.00 secs] 
2014-07-16T06:18:57.403+0000: 716.404: [GC [PSYoungGen: 195354K->726K(191296K)] 334451K->139911K(878272K), 0.0057540 secs] [Times: user=0.03 sys=0.00, real=0.01 secs] 
2014-07-16T06:18:58.057+0000: 717.058: [GC [PSYoungGen: 191254K->384K(186880K)] 330439K->139633K(873856K), 0.0054830 secs] [Times: user=0.04 sys=0.00, real=0.00 secs] 
2014-07-16T06:18:58.737+0000: 717.738: [GC [PSYoungGen: 186860K->516K(183168K)] 326110K->139813K(870144K), 0.0080460 secs] [Times: user=0.05 sys=0.01, real=0.01 secs] 
2014-07-16T06:18:59.395+0000: 718.396: [GC [PSYoungGen: 183098K->908K(179776K)] 322396K->140269K(866752K), 0.0057820 secs] [Times: user=0.03 sys=0.00, real=0.00 secs] 
2014-07-16T06:19:00.043+0000: 719.043: [GC [PSYoungGen: 179724K->1136K(176320K)] 319085K->140577K(863296K), 0.0038260 secs] [Times: user=0.01 sys=0.00, real=0.01 secs] 
2014-07-16T06:19:00.676+0000: 719.677: [GC [PSYoungGen: 176243K->762K(172416K)] 315684K->140291K(859392K), 0.0045590 secs] [Times: user=0.03 sys=0.00, real=0.00 secs] 
2014-07-16T06:19:01.305+0000: 720.306: [GC [PSYoungGen: 172410K->900K(169216K)] 311939K->140517K(856192K), 0.0068580 secs] [Times: user=0.04 sys=0.00, real=0.01 secs] 
2014-07-16T06:19:01.905+0000: 720.906: [GC [PSYoungGen: 169156K->580K(165632K)] 308773K->140261K(852608K), 0.0066210 secs] [Times: user=0.04 sys=0.00, real=0.01 secs] 
2014-07-16T06:19:02.558+0000: 721.558: [GC [PSYoungGen: 165572K->1040K(162880K)] 305253K->140809K(849856K), 0.0056580 secs] [Times: user=0.04 sys=0.00, real=0.00 secs] 
2014-07-16T06:19:03.120+0000: 722.121: [GC [PSYoungGen: 162792K->954K(159680K)] 302562K->140811K(846656K), 0.0050880 secs] [Times: user=0.02 sys=0.01, real=0.00 secs] 
2014-07-16T06:19:03.686+0000: 722.687: [GC [PSYoungGen: 159674K->562K(156288K)] 299531K->140507K(843264K), 0.0051490 secs] [Times: user=0.03 sys=0.00, real=0.00 secs] 
2014-07-16T06:19:04.242+0000: 723.242: [GC [PSYoungGen: 156267K->612K(153472K)] 296213K->140653K(840448K), 0.0046550 secs] [Times: user=0.03 sys=0.00, real=0.01 secs] 
2014-07-16T06:19:04.793+0000: 723.793: [GC [PSYoungGen: 153444K->794K(150848K)] 293485K->140931K(837824K), 0.0050890 secs] [Times: user=0.02 sys=0.01, real=0.01 secs] 
2014-07-16T06:19:05.327+0000: 724.328: [GC [PSYoungGen: 150768K->548K(180608K)] 290906K->140757K(867584K), 0.0108270 secs] [Times: user=0.05 sys=0.00, real=0.01 secs] 
2014-07-16T06:19:05.988+0000: 724.989: [GC [PSYoungGen: 180580K->562K(216640K)] 320789K->140875K(903616K), 0.0058660 secs] [Times: user=0.03 sys=0.01, real=0.00 secs] 
2014-07-16T06:19:06.769+0000: 725.769: [GC [PSYoungGen: 216622K->548K(211776K)] 356936K->140941K(898752K), 0.0036400 secs] [Times: user=0.02 sys=0.00, real=0.00 secs] 
2014-07-16T06:19:07.553+0000: 726.554: [GC [PSYoungGen: 211748K->484K(206976K)] 352141K->140933K(893952K), 0.0048440 secs] [Times: user=0.03 sys=0.00, real=0.01 secs] 
2014-07-16T06:19:08.306+0000: 727.306: [GC [PSYoungGen: 206947K->836K(202816K)] 347397K->141349K(889792K), 0.0044120 secs] [Times: user=0.02 sys=0.00, real=0.01 secs] 
2014-07-16T06:19:09.033+0000: 728.034: [GC [PSYoungGen: 202756K->818K(198336K)] 343269K->141419K(885312K), 0.0049280 secs] [Times: user=0.03 sys=0.00, real=0.01 secs] 
2014-07-16T06:19:09.738+0000: 728.739: [GC [PSYoungGen: 198322K->1168K(194496K)] 338923K->141825K(881472K), 0.0035830 secs] [Times: user=0.01 sys=0.00, real=0.00 secs] 
2014-07-16T06:19:10.446+0000: 729.447: [GC [PSYoungGen: 194444K->562K(189760K)] 335102K->141475K(876736K), 0.0078620 secs] [Times: user=0.05 sys=0.00, real=0.01 secs] 
2014-07-16T06:19:11.098+0000: 730.099: [GC [PSYoungGen: 189746K->890K(186112K)] 330659K->141891K(873088K), 0.0087220 secs] [Times: user=0.05 sys=0.00, real=0.00 secs] 
2014-07-16T06:19:11.771+0000: 730.771: [GC [PSYoungGen: 186106K->776K(182208K)] 327107K->141955K(869184K), 0.0044900 secs] [Times: user=0.03 sys=0.00, real=0.00 secs] 
2014-07-16T06:19:12.507+0000: 731.507: [GC [PSYoungGen: 182152K->1270K(178944K)] 323331K->142992K(865920K), 0.0033790 secs] [Times: user=0.02 sys=0.00, real=0.01 secs] 
2014-07-16T06:19:13.107+0000: 732.108: [GC [PSYoungGen: 178934K->498K(174592K)] 320656K->142562K(861568K), 0.0033250 secs] [Times: user=0.02 sys=0.00, real=0.01 secs] 
2014-07-16T06:19:13.746+0000: 732.746: [GC [PSYoungGen: 174537K->926K(171584K)] 316602K->143144K(858560K), 0.0031370 secs] [Times: user=0.02 sys=0.00, real=0.01 secs] 
2014-07-16T06:19:14.358+0000: 733.359: [GC [PSYoungGen: 171544K->790K(168064K)] 313763K->143130K(855040K), 0.0086990 secs] [Times: user=0.06 sys=0.00, real=0.01 secs] 
2014-07-16T06:19:14.954+0000: 733.954: [GC [PSYoungGen: 168022K->466K(164480K)] 310362K->142870K(851456K), 0.0062410 secs] [Times: user=0.03 sys=0.00, real=0.01 secs] 
2014-07-16T06:19:15.560+0000: 734.561: [GC [PSYoungGen: 164411K->484K(161344K)] 306816K->142936K(848320K), 0.0070510 secs] [Times: user=0.05 sys=0.01, real=0.00 secs] 
2014-07-16T06:19:16.141+0000: 735.142: [GC [PSYoungGen: 161316K->402K(158208K)] 303768K->142902K(845184K), 0.0031870 secs] [Times: user=0.01 sys=0.00, real=0.00 secs] 
2014-07-16T06:19:16.724+0000: 735.724: [GC [PSYoungGen: 158162K->658K(155520K)] 300662K->143222K(842496K), 0.0033580 secs] [Times: user=0.01 sys=0.00, real=0.00 secs] 
2014-07-16T06:19:17.285+0000: 736.285: [GC [PSYoungGen: 155474K->798K(152768K)] 298038K->143418K(839744K), 0.0037910 secs] [Times: user=0.02 sys=0.00, real=0.01 secs] 
2014-07-16T06:19:17.851+0000: 736.852: [GC [PSYoungGen: 152698K->786K(149952K)] 295319K->143462K(836928K), 0.0069580 secs] [Times: user=0.04 sys=0.00, real=0.00 secs] 
2014-07-16T06:19:18.390+0000: 737.391: [GC [PSYoungGen: 149906K->598K(147072K)] 292582K->143362K(834048K), 0.0030950 secs] [Times: user=0.02 sys=0.00, real=0.00 secs] 
2014-07-16T06:19:18.929+0000: 737.930: [GC [PSYoungGen: 147023K->630K(144448K)] 289788K->143498K(831424K), 0.0053050 secs] [Times: user=0.03 sys=0.00, real=0.00 secs] 
2014-07-16T06:19:19.448+0000: 738.449: [GC [PSYoungGen: 144438K->562K(141824K)] 287306K->143510K(828800K), 0.0065660 secs] [Times: user=0.04 sys=0.00, real=0.00 secs] 
2014-07-16T06:19:19.971+0000: 738.971: [GC [PSYoungGen: 141810K->876K(139648K)] 284758K->143912K(826624K), 0.0042900 secs] [Times: user=0.02 sys=0.00, real=0.00 secs] 
2014-07-16T06:19:20.466+0000: 739.467: [GC [PSYoungGen: 139603K->694K(137088K)] 282640K->143826K(824064K), 0.0060550 secs] [Times: user=0.03 sys=0.00, real=0.01 secs] 
2014-07-16T06:19:20.973+0000: 739.974: [GC [PSYoungGen: 137078K->826K(134912K)] 280210K->144038K(821888K), 0.0031980 secs] [Times: user=0.02 sys=0.01, real=0.00 secs] 
2014-07-16T06:19:21.456+0000: 740.457: [GC [PSYoungGen: 134906K->958K(132800K)] 278118K->144274K(819776K), 0.0061330 secs] [Times: user=0.03 sys=0.01, real=0.01 secs] 
2014-07-16T06:19:21.933+0000: 740.934: [GC [PSYoungGen: 132798K->698K(158912K)] 276114K->144294K(845888K), 0.0082940 secs] [Times: user=0.05 sys=0.00, real=0.01 secs] 
2014-07-16T06:19:22.598+0000: 741.599: [GC [PSYoungGen: 158906K->964K(190912K)] 302502K->144632K(877888K), 0.0055100 secs] [Times: user=0.02 sys=0.00, real=0.01 secs] 
2014-07-16T06:19:23.232+0000: 742.232: [GC [PSYoungGen: 190852K->516K(186496K)] 334520K->144216K(873472K), 0.0050000 secs] [Times: user=0.02 sys=0.00, real=0.00 secs] 
2014-07-16T06:19:23.895+0000: 742.896: [GC [PSYoungGen: 186425K->730K(182848K)] 330126K->144494K(869824K), 0.0060370 secs] [Times: user=0.03 sys=0.00, real=0.01 secs] 
2014-07-16T06:19:24.551+0000: 743.552: [GC [PSYoungGen: 182810K->1008K(179392K)] 326574K->144876K(866368K), 0.0051970 secs] [Times: user=0.03 sys=0.00, real=0.00 secs] 
2014-07-16T06:19:25.190+0000: 744.190: [GC [PSYoungGen: 179360K->626K(175424K)] 323229K->144598K(862400K), 0.0042820 secs] [Times: user=0.03 sys=0.00, real=0.00 secs] 
2014-07-16T06:19:25.820+0000: 744.821: [GC [PSYoungGen: 175368K->566K(171840K)] 319340K->144610K(858816K), 0.0082230 secs] [Times: user=0.06 sys=0.00, real=0.00 secs] 
2014-07-16T06:19:26.443+0000: 745.444: [GC [PSYoungGen: 171830K->958K(168832K)] 315874K->145114K(855808K), 0.0053180 secs] [Times: user=0.03 sys=0.00, real=0.00 secs] 
2014-07-16T06:19:27.057+0000: 746.058: [GC [PSYoungGen: 168830K->594K(202496K)] 312986K->144806K(889472K), 0.0094380 secs] [Times: user=0.05 sys=0.00, real=0.01 secs] 
2014-07-16T06:19:27.809+0000: 746.810: [GC [PSYoungGen: 201998K->1112K(202688K)] 346211K->145381K(889664K), 0.0064170 secs] [Times: user=0.04 sys=0.01, real=0.00 secs] 
2014-07-16T06:19:28.540+0000: 747.541: [GC [PSYoungGen: 202520K->672K(197696K)] 346789K->145012K(884672K), 0.0038380 secs] [Times: user=0.01 sys=0.00, real=0.00 secs] 
2014-07-16T06:19:29.257+0000: 748.258: [GC [PSYoungGen: 197640K->758K(193536K)] 341981K->145162K(880512K), 0.0041040 secs] [Times: user=0.01 sys=0.00, real=0.01 secs] 
2014-07-16T06:19:29.962+0000: 748.963: [GC [PSYoungGen: 193520K->758K(189440K)] 337924K->145258K(876416K), 0.0050120 secs] [Times: user=0.03 sys=0.01, real=0.00 secs] 
2014-07-16T06:19:30.633+0000: 749.634: [GC [PSYoungGen: 189337K->844K(185600K)] 333838K->145416K(872576K), 0.0063420 secs] [Times: user=0.03 sys=0.00, real=0.00 secs] 
2014-07-16T06:19:31.286+0000: 750.286: [GC [PSYoungGen: 185548K->448K(181312K)] 330120K->145108K(868288K), 0.0050550 secs] [Times: user=0.03 sys=0.00, real=0.01 secs] 
2014-07-16T06:19:31.940+0000: 750.941: [GC [PSYoungGen: 181312K->876K(178048K)] 325972K->145640K(865024K), 0.0045080 secs] [Times: user=0.02 sys=0.01, real=0.00 secs] 
2014-07-16T06:19:32.662+0000: 751.663: [GC [PSYoungGen: 178028K->1132K(174720K)] 322792K->146000K(861696K), 0.0034720 secs] [Times: user=0.02 sys=0.00, real=0.00 secs] 
2014-07-16T06:19:33.237+0000: 752.237: [GC [PSYoungGen: 174700K->766K(170880K)] 319568K->145690K(857856K), 0.0036670 secs] [Times: user=0.02 sys=0.00, real=0.01 secs] 
2014-07-16T06:19:33.881+0000: 752.882: [GC [PSYoungGen: 170878K->806K(167616K)] 315802K->146809K(854592K), 0.0035330 secs] [Times: user=0.02 sys=0.00, real=0.00 secs] 
2014-07-16T06:19:34.514+0000: 753.515: [GC [PSYoungGen: 167590K->1310K(164864K)] 313593K->147353K(851840K), 0.0053200 secs] [Times: user=0.02 sys=0.01, real=0.00 secs] 
2014-07-16T06:19:35.068+0000: 754.068: [GC [PSYoungGen: 164830K->944K(161344K)] 310873K->147173K(848320K), 0.0053440 secs] [Times: user=0.03 sys=0.00, real=0.01 secs] 
2014-07-16T06:19:35.639+0000: 754.639: [GC [PSYoungGen: 161328K->844K(158208K)] 307557K->147137K(845184K), 0.0033650 secs] [Times: user=0.02 sys=0.00, real=0.01 secs] 
2014-07-16T06:19:36.223+0000: 755.224: [GC [PSYoungGen: 158129K->562K(154944K)] 304422K->146919K(841920K), 0.0030210 secs] [Times: user=0.01 sys=0.00, real=0.00 secs] 
2014-07-16T06:19:36.782+0000: 755.783: [GC [PSYoungGen: 154927K->544K(152064K)] 301284K->146965K(839040K), 0.0044190 secs] [Times: user=0.03 sys=0.00, real=0.00 secs] 
2014-07-16T06:19:37.337+0000: 756.338: [GC [PSYoungGen: 152032K->434K(182272K)] 298453K->146879K(869248K), 0.0118490 secs] [Times: user=0.07 sys=0.00, real=0.01 secs] 
2014-07-16T06:19:38.015+0000: 757.015: [GC [PSYoungGen: 182251K->640K(178752K)] 328696K->147149K(865728K), 0.0033690 secs] [Times: user=0.02 sys=0.00, real=0.00 secs] 
2014-07-16T06:19:38.647+0000: 757.648: [GC [PSYoungGen: 178752K->644K(175232K)] 325261K->147241K(862208K), 0.0028160 secs] [Times: user=0.01 sys=0.00, real=0.00 secs] 
2014-07-16T06:19:39.286+0000: 758.287: [GC [PSYoungGen: 175172K->690K(210176K)] 321769K->147335K(897152K), 0.0113790 secs] [Times: user=0.06 sys=0.01, real=0.01 secs] 
2014-07-16T06:19:40.045+0000: 759.046: [GC [PSYoungGen: 210141K->1008K(205824K)] 356786K->147749K(892800K), 0.0038590 secs] [Times: user=0.02 sys=0.00, real=0.00 secs] 
2014-07-16T06:19:40.783+0000: 759.783: [GC [PSYoungGen: 205808K->894K(201216K)] 352549K->147723K(888192K), 0.0042190 secs] [Times: user=0.03 sys=0.00, real=0.00 secs] 
2014-07-16T06:19:41.495+0000: 760.495: [GC [PSYoungGen: 201214K->698K(196672K)] 348043K->147559K(883648K), 0.0049080 secs] [Times: user=0.01 sys=0.00, real=0.00 secs] 
2014-07-16T06:19:42.216+0000: 761.217: [GC [PSYoungGen: 196623K->548K(192320K)] 343484K->147441K(879296K), 0.0093710 secs] [Times: user=0.04 sys=0.00, real=0.01 secs] 
2014-07-16T06:19:43.009+0000: 762.009: [GC [PSYoungGen: 192292K->1386K(189120K)] 339185K->148343K(876096K), 0.0052990 secs] [Times: user=0.03 sys=0.00, real=0.01 secs] 
2014-07-16T06:19:43.622+0000: 762.623: [GC [PSYoungGen: 189098K->1140K(184960K)] 336055K->148209K(871936K), 0.0046060 secs] [Times: user=0.03 sys=0.00, real=0.00 secs] 
2014-07-16T06:19:44.281+0000: 763.282: [GC [PSYoungGen: 184908K->534K(180608K)] 331977K->147659K(867584K), 0.0048750 secs] [Times: user=0.03 sys=0.00, real=0.01 secs] 
2014-07-16T06:19:44.944+0000: 763.945: [GC [PSYoungGen: 180566K->658K(177088K)] 327691K->147863K(864064K), 0.0054660 secs] [Times: user=0.03 sys=0.00, real=0.00 secs] 
2014-07-16T06:19:45.583+0000: 764.583: [GC [PSYoungGen: 177042K->594K(173504K)] 324247K->147887K(860480K), 0.0065010 secs] [Times: user=0.04 sys=0.00, real=0.00 secs] 
2014-07-16T06:19:46.196+0000: 765.196: [GC [PSYoungGen: 173458K->680K(170112K)] 320751K->148037K(857088K), 0.0043710 secs] [Times: user=0.02 sys=0.00, real=0.00 secs] 
2014-07-16T06:19:46.818+0000: 765.819: [GC [PSYoungGen: 170088K->594K(166720K)] 317445K->148007K(853696K), 0.0073700 secs] [Times: user=0.03 sys=0.00, real=0.01 secs] 
2014-07-16T06:19:47.406+0000: 766.406: [GC [PSYoungGen: 166668K->516K(163456K)] 314081K->147993K(850432K), 0.0044440 secs] [Times: user=0.02 sys=0.00, real=0.00 secs] 
2014-07-16T06:19:48.046+0000: 767.046: [GC [PSYoungGen: 163396K->1040K(160832K)] 310873K->148573K(847808K), 0.0046650 secs] [Times: user=0.02 sys=0.00, real=0.00 secs] 
2014-07-16T06:19:48.600+0000: 767.600: [GC [PSYoungGen: 160783K->1394K(158144K)] 308316K->149007K(845120K), 0.0058230 secs] [Times: user=0.04 sys=0.00, real=0.01 secs] 
2014-07-16T06:19:49.175+0000: 768.175: [GC [PSYoungGen: 158130K->502K(188608K)] 305743K->148211K(875584K), 0.0094260 secs] [Times: user=0.05 sys=0.00, real=0.01 secs] 
2014-07-16T06:19:49.868+0000: 768.869: [GC [PSYoungGen: 188598K->644K(184896K)] 336307K->148417K(871872K), 0.0043900 secs] [Times: user=0.02 sys=0.01, real=0.00 secs] 
2014-07-16T06:19:50.533+0000: 769.534: [GC [PSYoungGen: 184836K->722K(181184K)] 332609K->148625K(868160K), 0.0030670 secs] [Times: user=0.01 sys=0.00, real=0.01 secs] 
2014-07-16T06:19:51.180+0000: 770.180: [GC [PSYoungGen: 181067K->612K(177344K)] 328970K->148555K(864320K), 0.0079480 secs] [Times: user=0.04 sys=0.00, real=0.01 secs] 
2014-07-16T06:19:51.817+0000: 770.817: [GC [PSYoungGen: 177316K->830K(173952K)] 325259K->148853K(860928K), 0.0030180 secs] [Times: user=0.02 sys=0.00, real=0.00 secs] 
2014-07-16T06:19:52.469+0000: 771.470: [GC [PSYoungGen: 173938K->1176K(170880K)] 321961K->149247K(857856K), 0.0058900 secs] [Times: user=0.03 sys=0.00, real=0.01 secs] 
2014-07-16T06:19:53.117+0000: 772.118: [GC [PSYoungGen: 170804K->694K(167040K)] 318875K->148837K(854016K), 0.0061420 secs] [Times: user=0.04 sys=0.00, real=0.01 secs] 
2014-07-16T06:19:53.683+0000: 772.684: [GC [PSYoungGen: 167030K->698K(163840K)] 315173K->148913K(850816K), 0.0052190 secs] [Times: user=0.03 sys=0.01, real=0.00 secs] 
2014-07-16T06:19:54.291+0000: 773.291: [GC [PSYoungGen: 163821K->912K(160960K)] 312036K->149199K(847936K), 0.0052950 secs] [Times: user=0.04 sys=0.00, real=0.01 secs] 
2014-07-16T06:19:54.867+0000: 773.868: [GC [PSYoungGen: 160912K->498K(157504K)] 309199K->148841K(844480K), 0.0050750 secs] [Times: user=0.03 sys=0.00, real=0.00 secs] 
2014-07-16T06:19:55.445+0000: 774.446: [GC [PSYoungGen: 157490K->1376K(155456K)] 305833K->149807K(842432K), 0.0063320 secs] [Times: user=0.03 sys=0.01, real=0.00 secs] 
2014-07-16T06:19:55.994+0000: 774.995: [GC [PSYoungGen: 155424K->630K(151808K)] 303855K->149133K(838784K), 0.0027740 secs] [Times: user=0.02 sys=0.00, real=0.00 secs] 
2014-07-16T06:19:56.526+0000: 775.526: [GC [PSYoungGen: 151798K->1048K(149504K)] 300301K->149599K(836480K), 0.0045540 secs] [Times: user=0.02 sys=0.00, real=0.00 secs] 
2014-07-16T06:19:57.077+0000: 776.078: [GC [PSYoungGen: 149464K->716K(146496K)] 298015K->149323K(833472K), 0.0032780 secs] [Times: user=0.02 sys=0.00, real=0.00 secs] 
2014-07-16T06:19:57.601+0000: 776.602: [GC [PSYoungGen: 146444K->744K(143872K)] 295051K->149399K(830848K), 0.0070330 secs] [Times: user=0.02 sys=0.01, real=0.01 secs] 
2014-07-16T06:19:58.197+0000: 777.197: [GC [PSYoungGen: 143848K->1140K(141760K)] 292503K->149843K(828736K), 0.0065830 secs] [Times: user=0.03 sys=0.00, real=0.00 secs] 
2014-07-16T06:19:58.662+0000: 777.663: [GC [PSYoungGen: 141748K->766K(138944K)] 290451K->149557K(825920K), 0.0046690 secs] [Times: user=0.02 sys=0.00, real=0.01 secs] 
2014-07-16T06:19:59.177+0000: 778.178: [GC [PSYoungGen: 138941K->772K(136640K)] 287732K->149643K(823616K), 0.0035680 secs] [Times: user=0.02 sys=0.00, real=0.00 secs] 
2014-07-16T06:19:59.678+0000: 778.679: [GC [PSYoungGen: 136580K->776K(134336K)] 285451K->149711K(821312K), 0.0058750 secs] [Times: user=0.03 sys=0.00, real=0.01 secs] 
2014-07-16T06:20:00.173+0000: 779.174: [GC [PSYoungGen: 134280K->552K(131840K)] 283215K->149559K(818816K), 0.0045960 secs] [Times: user=0.03 sys=0.01, real=0.01 secs] 
2014-07-16T06:20:00.655+0000: 779.656: [GC [PSYoungGen: 131816K->882K(129984K)] 280823K->149953K(816960K), 0.0031540 secs] [Times: user=0.01 sys=0.00, real=0.00 secs] 
2014-07-16T06:20:01.121+0000: 780.122: [GC [PSYoungGen: 129970K->976K(155968K)] 279041K->150103K(842944K), 0.0076780 secs] [Times: user=0.05 sys=0.00, real=0.01 secs] 
2014-07-16T06:20:01.684+0000: 780.685: [GC [PSYoungGen: 155898K->484K(152576K)] 305026K->149667K(839552K), 0.0031060 secs] [Times: user=0.01 sys=0.00, real=0.01 secs] 
2014-07-16T06:20:02.230+0000: 781.230: [GC [PSYoungGen: 152547K->676K(149952K)] 301730K->149931K(836928K), 0.0065340 secs] [Times: user=0.03 sys=0.00, real=0.01 secs] 
2014-07-16T06:20:02.771+0000: 781.772: [GC [PSYoungGen: 149917K->1168K(180352K)] 299172K->150495K(867328K), 0.0087110 secs] [Times: user=0.06 sys=0.00, real=0.01 secs] 
2014-07-16T06:20:03.452+0000: 782.452: [GC [PSYoungGen: 180304K->516K(209920K)] 329631K->149899K(896896K), 0.0051020 secs] [Times: user=0.02 sys=0.00, real=0.01 secs] 
2014-07-16T06:20:04.210+0000: 783.211: [GC [PSYoungGen: 209009K->780K(216448K)] 358393K->150227K(903424K), 0.0071150 secs] [Times: user=0.05 sys=0.00, real=0.01 secs] 
2014-07-16T06:20:04.994+0000: 783.995: [GC [PSYoungGen: 215820K->498K(210688K)] 365267K->150001K(897664K), 0.0052960 secs] [Times: user=0.02 sys=0.01, real=0.01 secs] 
2014-07-16T06:20:05.747+0000: 784.748: [GC [PSYoungGen: 210674K->880K(206400K)] 360177K->150879K(893376K), 0.0076010 secs] [Times: user=0.04 sys=0.00, real=0.01 secs] 
2014-07-16T06:20:06.489+0000: 785.490: [GC [PSYoungGen: 206382K->1030K(202048K)] 356381K->151061K(889024K), 0.0063050 secs] [Times: user=0.02 sys=0.00, real=0.01 secs] 
2014-07-16T06:20:07.209+0000: 786.209: [GC [PSYoungGen: 201972K->658K(214080K)] 352003K->150753K(901056K), 0.0108910 secs] [Times: user=0.07 sys=0.00, real=0.01 secs] 
2014-07-16T06:20:07.975+0000: 786.976: [GC [PSYoungGen: 213563K->534K(208704K)] 363658K->150701K(895680K), 0.0049110 secs] [Times: user=0.03 sys=0.00, real=0.00 secs] 
2014-07-16T06:20:08.761+0000: 787.762: [GC [PSYoungGen: 208662K->562K(204096K)] 358829K->150801K(891072K), 0.0049990 secs] [Times: user=0.02 sys=0.01, real=0.01 secs] 
2014-07-16T06:20:09.502+0000: 788.503: [GC [PSYoungGen: 204082K->626K(199680K)] 354321K->150953K(886656K), 0.0050420 secs] [Times: user=0.03 sys=0.00, real=0.01 secs] 
2014-07-16T06:20:10.226+0000: 789.227: [GC [PSYoungGen: 199666K->512K(195264K)] 349993K->150927K(882240K), 0.0046500 secs] [Times: user=0.03 sys=0.01, real=0.01 secs] 
2014-07-16T06:20:10.937+0000: 789.938: [GC [PSYoungGen: 195241K->726K(191360K)] 345656K->151237K(878336K), 0.0031760 secs] [Times: user=0.02 sys=0.00, real=0.00 secs] 
2014-07-16T06:20:11.627+0000: 790.627: [GC [PSYoungGen: 191317K->908K(187520K)] 341829K->151499K(874496K), 0.0037890 secs] [Times: user=0.02 sys=0.00, real=0.00 secs] 
2014-07-16T06:20:12.303+0000: 791.303: [GC [PSYoungGen: 187452K->964K(183680K)] 338043K->151627K(870656K), 0.0063360 secs] [Times: user=0.03 sys=0.00, real=0.01 secs] 
2014-07-16T06:20:12.972+0000: 791.973: [GC [PSYoungGen: 183618K->766K(179648K)] 334281K->151525K(866624K), 0.0034160 secs] [Times: user=0.02 sys=0.00, real=0.00 secs] 
2014-07-16T06:20:13.622+0000: 792.623: [GC [PSYoungGen: 179630K->936K(176192K)] 330389K->151783K(863168K), 0.0047700 secs] [Times: user=0.03 sys=0.00, real=0.01 secs] 
2014-07-16T06:20:14.248+0000: 793.248: [GC [PSYoungGen: 176168K->758K(172480K)] 327015K->151685K(859456K), 0.0060260 secs] [Times: user=0.03 sys=0.00, real=0.00 secs] 
2014-07-16T06:20:14.877+0000: 793.878: [GC [PSYoungGen: 172469K->808K(169152K)] 323396K->151823K(856128K), 0.0045590 secs] [Times: user=0.02 sys=0.00, real=0.00 secs] 
2014-07-16T06:20:15.505+0000: 794.506: [GC [PSYoungGen: 169128K->772K(165888K)] 320143K->151875K(852864K), 0.0053790 secs] [Times: user=0.03 sys=0.00, real=0.01 secs] 
2014-07-16T06:20:16.106+0000: 795.107: [GC [PSYoungGen: 165828K->548K(162432K)] 316931K->151715K(849408K), 0.0067120 secs] [Times: user=0.03 sys=0.00, real=0.01 secs] 
2014-07-16T06:20:16.702+0000: 795.703: [GC [PSYoungGen: 162404K->640K(159424K)] 313571K->151871K(846400K), 0.0037980 secs] [Times: user=0.01 sys=0.00, real=0.00 secs] 
2014-07-16T06:20:17.263+0000: 796.263: [GC [PSYoungGen: 159424K->662K(156480K)] 310655K->151981K(843456K), 0.0034840 secs] [Times: user=0.02 sys=0.00, real=0.00 secs] 
2014-07-16T06:20:17.820+0000: 796.821: [GC [PSYoungGen: 156438K->698K(153600K)] 307757K->152073K(840576K), 0.0067630 secs] [Times: user=0.03 sys=0.00, real=0.00 secs] 
2014-07-16T06:20:18.420+0000: 797.421: [GC [PSYoungGen: 153569K->898K(151040K)] 304944K->152337K(838016K), 0.0063910 secs] [Times: user=0.04 sys=0.01, real=0.00 secs] 
2014-07-16T06:20:18.916+0000: 797.917: [GC [PSYoungGen: 150978K->698K(148032K)] 302417K->152201K(835008K), 0.0051320 secs] [Times: user=0.03 sys=0.01, real=0.01 secs] 
2014-07-16T06:20:19.456+0000: 798.457: [GC [PSYoungGen: 148026K->1004K(145728K)] 299529K->152595K(832704K), 0.0066480 secs] [Times: user=0.03 sys=0.00, real=0.01 secs] 
2014-07-16T06:20:19.985+0000: 798.986: [GC [PSYoungGen: 145708K->620K(174336K)] 297299K->152653K(861312K), 0.0056160 secs] [Times: user=0.03 sys=0.00, real=0.01 secs] 
2014-07-16T06:20:20.606+0000: 799.606: [GC [PSYoungGen: 174286K->912K(171200K)] 326319K->153049K(858176K), 0.0045200 secs] [Times: user=0.02 sys=0.00, real=0.01 secs] 
2014-07-16T06:20:21.227+0000: 800.228: [GC [PSYoungGen: 171152K->680K(167616K)] 323289K->152937K(854592K), 0.0048180 secs] [Times: user=0.03 sys=0.00, real=0.00 secs] 
2014-07-16T06:20:21.847+0000: 800.847: [GC [PSYoungGen: 167592K->690K(164352K)] 319849K->153035K(851328K), 0.0030340 secs] [Times: user=0.02 sys=0.00, real=0.01 secs] 
2014-07-16T06:20:22.425+0000: 801.426: [GC [PSYoungGen: 164335K->908K(161472K)] 316680K->153357K(848448K), 0.0057290 secs] [Times: user=0.03 sys=0.00, real=0.01 secs] 
2014-07-16T06:20:23.016+0000: 802.017: [GC [PSYoungGen: 161420K->566K(158016K)] 313869K->153039K(844992K), 0.0054350 secs] [Times: user=0.01 sys=0.00, real=0.01 secs] 
2014-07-16T06:20:23.598+0000: 802.599: [GC [PSYoungGen: 158005K->858K(155392K)] 310478K->153387K(842368K), 0.0041310 secs] [Times: user=0.01 sys=0.00, real=0.00 secs] 
2014-07-16T06:20:24.153+0000: 803.153: [GC [PSYoungGen: 155354K->626K(152256K)] 307883K->153235K(839232K), 0.0030900 secs] [Times: user=0.01 sys=0.01, real=0.00 secs] 
2014-07-16T06:20:24.708+0000: 803.708: [GC [PSYoungGen: 152242K->594K(149504K)] 304851K->153299K(836480K), 0.0060050 secs] [Times: user=0.04 sys=0.00, real=0.01 secs] 
2014-07-16T06:20:25.251+0000: 804.251: [GC [PSYoungGen: 149457K->634K(146816K)] 302162K->153371K(833792K), 0.0038210 secs] [Times: user=0.01 sys=0.00, real=0.00 secs] 
2014-07-16T06:20:25.811+0000: 804.812: [GC [PSYoungGen: 146810K->994K(144576K)] 299547K->153795K(831552K), 0.0033080 secs] [Times: user=0.01 sys=0.00, real=0.00 secs] 
2014-07-16T06:20:26.315+0000: 805.316: [GC [PSYoungGen: 144520K->1126K(142144K)] 297321K->154015K(829120K), 0.0041620 secs] [Times: user=0.03 sys=0.00, real=0.01 secs] 
2014-07-16T06:20:26.910+0000: 805.911: [GC [PSYoungGen: 142118K->306K(138880K)] 295007K->154283K(825856K), 0.0091300 secs] [Times: user=0.05 sys=0.00, real=0.01 secs] 
2014-07-16T06:20:27.388+0000: 806.389: [GC [PSYoungGen: 138866K->1440K(137664K)] 292843K->155465K(824640K), 0.0043130 secs] [Times: user=0.01 sys=0.00, real=0.00 secs] 
2014-07-16T06:20:27.882+0000: 806.883: [GC [PSYoungGen: 137609K->544K(164032K)] 291634K->154873K(851008K), 0.0071800 secs] [Times: user=0.05 sys=0.00, real=0.01 secs] 
2014-07-16T06:20:28.553+0000: 807.553: [GC [PSYoungGen: 163982K->662K(161024K)] 318312K->155039K(848000K), 0.0054930 secs] [Times: user=0.03 sys=0.00, real=0.00 secs] 
2014-07-16T06:20:29.088+0000: 808.089: [GC [PSYoungGen: 160957K->780K(158080K)] 315335K->155229K(845056K), 0.0045210 secs] [Times: user=0.02 sys=0.00, real=0.01 secs] 
2014-07-16T06:20:29.656+0000: 808.657: [GC [PSYoungGen: 158028K->1194K(155520K)] 312477K->155731K(842496K), 0.0059230 secs] [Times: user=0.04 sys=0.00, real=0.01 secs] 
2014-07-16T06:20:30.214+0000: 809.214: [GC [PSYoungGen: 155498K->858K(186112K)] 310035K->155483K(873088K), 0.0078450 secs] [Times: user=0.05 sys=0.00, real=0.01 secs] 
2014-07-16T06:20:30.892+0000: 809.893: [GC [PSYoungGen: 186055K->748K(182144K)] 340681K->155429K(869120K), 0.0049950 secs] [Times: user=0.03 sys=0.00, real=0.00 secs] 
2014-07-16T06:20:31.540+0000: 810.540: [GC [PSYoungGen: 182081K->690K(178368K)] 336762K->155483K(865344K), 0.0036910 secs] [Times: user=0.02 sys=0.00, real=0.00 secs] 
2014-07-16T06:20:32.184+0000: 811.185: [GC [PSYoungGen: 178354K->722K(174848K)] 333147K->155595K(861824K), 0.0036150 secs] [Times: user=0.02 sys=0.00, real=0.00 secs] 
2014-07-16T06:20:32.813+0000: 811.814: [GC [PSYoungGen: 174778K->1136K(171776K)] 329652K->156081K(858752K), 0.0100710 secs] [Times: user=0.06 sys=0.00, real=0.01 secs] 
2014-07-16T06:20:33.516+0000: 812.517: [GC [PSYoungGen: 171760K->1464K(168704K)] 326705K->156681K(855680K), 0.0052650 secs] [Times: user=0.03 sys=0.00, real=0.01 secs] 
2014-07-16T06:20:34.048+0000: 813.049: [GC [PSYoungGen: 168696K->370K(164352K)] 323913K->155715K(851328K), 0.0067400 secs] [Times: user=0.04 sys=0.00, real=0.01 secs] 
2014-07-16T06:20:34.641+0000: 813.641: [GC [PSYoungGen: 164338K->530K(161408K)] 319683K->155947K(848384K), 0.0030310 secs] [Times: user=0.02 sys=0.00, real=0.00 secs] 
2014-07-16T06:20:35.233+0000: 814.234: [GC [PSYoungGen: 161362K->776K(158592K)] 316779K->156265K(845568K), 0.0034400 secs] [Times: user=0.02 sys=0.00, real=0.00 secs] 
2014-07-16T06:20:35.808+0000: 814.809: [GC [PSYoungGen: 158536K->466K(155328K)] 314025K->155995K(842304K), 0.0078480 secs] [Times: user=0.05 sys=0.00, real=0.01 secs] 
2014-07-16T06:20:36.377+0000: 815.378: [GC [PSYoungGen: 155282K->1584K(187392K)] 310811K->157573K(874368K), 0.0099720 secs] [Times: user=0.05 sys=0.00, real=0.01 secs] 
2014-07-16T06:20:37.038+0000: 816.039: [GC [PSYoungGen: 187376K->662K(182656K)] 343365K->156755K(869632K), 0.0036390 secs] [Times: user=0.02 sys=0.00, real=0.01 secs] 
2014-07-16T06:20:37.709+0000: 816.710: [GC [PSYoungGen: 182593K->876K(179136K)] 338686K->157139K(866112K), 0.0069020 secs] [Times: user=0.05 sys=0.00, real=0.01 secs] 
2014-07-16T06:20:38.361+0000: 817.361: [GC [PSYoungGen: 179116K->640K(175296K)] 335379K->156983K(862272K), 0.0049140 secs] [Times: user=0.02 sys=0.01, real=0.00 secs] 
2014-07-16T06:20:39.021+0000: 818.022: [GC [PSYoungGen: 175296K->926K(186496K)] 331639K->157341K(873472K), 0.0090970 secs] [Times: user=0.06 sys=0.00, real=0.01 secs] 
2014-07-16T06:20:39.686+0000: 818.687: [GC [PSYoungGen: 185629K->562K(181440K)] 342045K->157041K(868416K), 0.0061010 secs] [Times: user=0.03 sys=0.00, real=0.01 secs] 
2014-07-16T06:20:40.338+0000: 819.339: [GC [PSYoungGen: 181356K->1030K(178240K)] 337836K->157573K(865216K), 0.0032800 secs] [Times: user=0.02 sys=0.00, real=0.01 secs] 
2014-07-16T06:20:40.985+0000: 819.985: [GC [PSYoungGen: 178132K->1072K(174656K)] 334676K->157695K(861632K), 0.0032910 secs] [Times: user=0.02 sys=0.00, real=0.00 secs] 
2014-07-16T06:20:41.621+0000: 820.622: [GC [PSYoungGen: 174640K->640K(170752K)] 331263K->157359K(857728K), 0.0042650 secs] [Times: user=0.03 sys=0.00, real=0.00 secs] 
2014-07-16T06:20:42.230+0000: 821.231: [GC [PSYoungGen: 170738K->780K(167616K)] 327458K->157547K(854592K), 0.0055140 secs] [Times: user=0.02 sys=0.00, real=0.01 secs] 
2014-07-16T06:20:42.837+0000: 821.838: [GC [PSYoungGen: 167528K->666K(164224K)] 324295K->157489K(851200K), 0.0038030 secs] [Times: user=0.01 sys=0.00, real=0.01 secs] 
2014-07-16T06:20:43.432+0000: 822.433: [GC [PSYoungGen: 164186K->740K(161152K)] 321009K->157627K(848128K), 0.0030610 secs] [Times: user=0.01 sys=0.00, real=0.00 secs] 
2014-07-16T06:20:44.007+0000: 823.008: [GC [PSYoungGen: 161124K->580K(157952K)] 318011K->157539K(844928K), 0.0077470 secs] [Times: user=0.04 sys=0.00, real=0.01 secs] 
2014-07-16T06:20:44.584+0000: 823.584: [GC [PSYoungGen: 157892K->690K(155072K)] 314851K->157729K(842048K), 0.0049970 secs] [Times: user=0.03 sys=0.00, real=0.00 secs] 
2014-07-16T06:20:45.138+0000: 824.139: [GC [PSYoungGen: 155058K->448K(151936K)] 312097K->157559K(838912K), 0.0074300 secs] [Times: user=0.04 sys=0.01, real=0.01 secs] 
2014-07-16T06:20:45.699+0000: 824.700: [GC [PSYoungGen: 151936K->754K(149504K)] 309047K->157921K(836480K), 0.0042670 secs] [Times: user=0.02 sys=0.00, real=0.01 secs] 
2014-07-16T06:20:46.250+0000: 825.251: [GC [PSYoungGen: 149490K->480K(146560K)] 306657K->157703K(833536K), 0.0058850 secs] [Times: user=0.03 sys=0.00, real=0.01 secs] 
2014-07-16T06:20:46.777+0000: 825.778: [GC [PSYoungGen: 146528K->926K(144384K)] 303751K->158213K(831360K), 0.0031980 secs] [Times: user=0.02 sys=0.00, real=0.00 secs] 
2014-07-16T06:20:47.349+0000: 826.349: [GC [PSYoungGen: 144350K->1150K(142016K)] 301637K->158501K(828992K), 0.0041670 secs] [Times: user=0.02 sys=0.00, real=0.01 secs] 
2014-07-16T06:20:47.809+0000: 826.809: [GC [PSYoungGen: 142014K->498K(138944K)] 299365K->157921K(825920K), 0.0049600 secs] [Times: user=0.02 sys=0.00, real=0.01 secs] 
2014-07-16T06:20:48.311+0000: 827.311: [GC [PSYoungGen: 138930K->612K(166784K)] 296353K->158091K(853760K), 0.0075080 secs] [Times: user=0.03 sys=0.00, real=0.01 secs] 
2014-07-16T06:20:48.949+0000: 827.950: [GC [PSYoungGen: 166756K->1008K(163968K)] 324235K->158559K(850944K), 0.0037560 secs] [Times: user=0.01 sys=0.00, real=0.01 secs] 
2014-07-16T06:20:49.533+0000: 828.534: [GC [PSYoungGen: 163949K->626K(160448K)] 321501K->158241K(847424K), 0.0039770 secs] [Times: user=0.01 sys=0.00, real=0.00 secs] 
2014-07-16T06:20:50.104+0000: 829.105: [GC [PSYoungGen: 160434K->840K(157696K)] 318049K->158519K(844672K), 0.0080100 secs] [Times: user=0.04 sys=0.00, real=0.01 secs] 
2014-07-16T06:20:50.674+0000: 829.674: [GC [PSYoungGen: 157640K->854K(154752K)] 315319K->158597K(841728K), 0.0056220 secs] [Times: user=0.03 sys=0.00, real=0.00 secs] 
2014-07-16T06:20:51.233+0000: 830.233: [GC [PSYoungGen: 154632K->566K(173184K)] 312375K->158357K(860160K), 0.0096640 secs] [Times: user=0.05 sys=0.00, real=0.01 secs] 
2014-07-16T06:20:51.855+0000: 830.855: [GC [PSYoungGen: 172406K->836K(186048K)] 330197K->158691K(873024K), 0.0038640 secs] [Times: user=0.02 sys=0.00, real=0.00 secs] 
2014-07-16T06:20:52.521+0000: 831.522: [GC [PSYoungGen: 185508K->708K(181632K)] 343363K->158611K(868608K), 0.0043790 secs] [Times: user=0.01 sys=0.01, real=0.01 secs] 
2014-07-16T06:20:53.172+0000: 832.172: [GC [PSYoungGen: 181505K->556K(177728K)] 339408K->158991K(864704K), 0.0064920 secs] [Times: user=0.04 sys=0.00, real=0.01 secs] 
2014-07-16T06:20:53.892+0000: 832.893: [GC [PSYoungGen: 177694K->1086K(174656K)] 336130K->159609K(861632K), 0.0051070 secs] [Times: user=0.03 sys=0.00, real=0.00 secs] 
2014-07-16T06:20:54.462+0000: 833.463: [GC [PSYoungGen: 174654K->722K(170880K)] 333177K->159441K(857856K), 0.0047620 secs] [Times: user=0.03 sys=0.01, real=0.01 secs] 
2014-07-16T06:20:55.085+0000: 834.086: [GC [PSYoungGen: 170834K->1312K(168128K)] 329553K->160080K(855104K), 0.0090510 secs] [Times: user=0.05 sys=0.01, real=0.01 secs] 
2014-07-16T06:20:55.678+0000: 834.679: [GC [PSYoungGen: 168010K->638K(182912K)] 326777K->160030K(869888K), 0.0069590 secs] [Times: user=0.03 sys=0.01, real=0.01 secs] 
2014-07-16T06:20:56.342+0000: 835.343: [GC [PSYoungGen: 182910K->1190K(179776K)] 342302K->160638K(866752K), 0.0040440 secs] [Times: user=0.01 sys=0.01, real=0.01 secs] 
2014-07-16T06:20:56.980+0000: 835.980: [GC [PSYoungGen: 179750K->442K(175360K)] 339198K->160432K(862336K), 0.0062780 secs] [Times: user=0.04 sys=0.00, real=0.01 secs] 
2014-07-16T06:20:57.661+0000: 836.662: [GC [PSYoungGen: 175354K->1272K(172672K)] 335344K->161318K(859648K), 0.0059700 secs] [Times: user=0.04 sys=0.00, real=0.01 secs] 
2014-07-16T06:20:58.255+0000: 837.256: [GC [PSYoungGen: 172664K->744K(168768K)] 332710K->160910K(855744K), 0.0054310 secs] [Times: user=0.04 sys=0.00, real=0.00 secs] 
2014-07-16T06:20:58.941+0000: 837.942: [GC [PSYoungGen: 168744K->1060K(165824K)] 328910K->161306K(852800K), 0.0033620 secs] [Times: user=0.02 sys=0.00, real=0.01 secs] 
2014-07-16T06:20:59.465+0000: 838.466: [GC [PSYoungGen: 165796K->944K(162496K)] 326042K->161246K(849472K), 0.0043460 secs] [Times: user=0.02 sys=0.00, real=0.00 secs] 
2014-07-16T06:21:00.052+0000: 839.052: [GC [PSYoungGen: 162480K->1058K(159552K)] 322782K->161448K(846528K), 0.0061060 secs] [Times: user=0.03 sys=0.00, real=0.01 secs] 
2014-07-16T06:21:00.635+0000: 839.636: [GC [PSYoungGen: 159521K->658K(156160K)] 319911K->161128K(843136K), 0.0040530 secs] [Times: user=0.02 sys=0.01, real=0.00 secs] 
2014-07-16T06:21:01.194+0000: 840.195: [GC [PSYoungGen: 156080K->594K(153216K)] 316550K->161112K(840192K), 0.0044450 secs] [Times: user=0.01 sys=0.00, real=0.01 secs] 
2014-07-16T06:21:01.751+0000: 840.751: [GC [PSYoungGen: 153170K->858K(150656K)] 313688K->161472K(837632K), 0.0045080 secs] [Times: user=0.03 sys=0.00, real=0.01 secs] 
2014-07-16T06:21:02.305+0000: 841.306: [GC [PSYoungGen: 150618K->836K(147968K)] 311232K->161522K(834944K), 0.0066340 secs] [Times: user=0.04 sys=0.00, real=0.00 secs] 
2014-07-16T06:21:02.831+0000: 841.832: [GC [PSYoungGen: 147908K->1068K(145536K)] 308594K->161834K(832512K), 0.0058630 secs] [Times: user=0.04 sys=0.00, real=0.01 secs] 
2014-07-16T06:21:03.358+0000: 842.359: [GC [PSYoungGen: 145490K->630K(142528K)] 306256K->161460K(829504K), 0.0065600 secs] [Times: user=0.04 sys=0.00, real=0.01 secs] 
2014-07-16T06:21:03.984+0000: 842.985: [GC [PSYoungGen: 142518K->1014K(171328K)] 303348K->161916K(858304K), 0.0068140 secs] [Times: user=0.04 sys=0.00, real=0.00 secs] 
2014-07-16T06:21:04.529+0000: 843.530: [GC [PSYoungGen: 171318K->904K(175424K)] 332220K->161878K(862400K), 0.0065580 secs] [Times: user=0.04 sys=0.01, real=0.01 secs] 
2014-07-16T06:21:05.140+0000: 844.141: [GC [PSYoungGen: 174920K->1208K(171776K)] 335894K->162246K(858752K), 0.0049380 secs] [Times: user=0.02 sys=0.01, real=0.01 secs] 
2014-07-16T06:21:05.757+0000: 844.758: [GC [PSYoungGen: 171739K->880K(205568K)] 332778K->161966K(892544K), 0.0072940 secs] [Times: user=0.04 sys=0.01, real=0.01 secs] 
2014-07-16T06:21:06.485+0000: 845.486: [GC [PSYoungGen: 204974K->790K(206080K)] 366061K->161964K(893056K), 0.0073310 secs] [Times: user=0.04 sys=0.01, real=0.00 secs] 
2014-07-16T06:21:07.235+0000: 846.236: [GC [PSYoungGen: 205462K->730K(206080K)] 366636K->161968K(893056K), 0.0076940 secs] [Times: user=0.05 sys=0.00, real=0.00 secs] 
2014-07-16T06:21:08.035+0000: 847.036: [GC [PSYoungGen: 205402K->1028K(201280K)] 366640K->162362K(888256K), 0.0052970 secs] [Times: user=0.04 sys=0.00, real=0.00 secs] 
2014-07-16T06:21:08.751+0000: 847.752: [GC [PSYoungGen: 201220K->1176K(197056K)] 362554K->162566K(884032K), 0.0086290 secs] [Times: user=0.05 sys=0.00, real=0.01 secs] 
2014-07-16T06:21:09.497+0000: 848.498: [GC [PSYoungGen: 197016K->548K(235584K)] 358406K->162250K(922560K), 0.0086260 secs] [Times: user=0.05 sys=0.00, real=0.01 secs] 
2014-07-16T06:21:10.357+0000: 849.358: [GC [PSYoungGen: 235556K->926K(230400K)] 397258K->162716K(917376K), 0.0047350 secs] [Times: user=0.03 sys=0.00, real=0.00 secs] 
2014-07-16T06:21:11.195+0000: 850.196: [GC [PSYoungGen: 230316K->836K(224960K)] 392106K->162698K(911936K), 0.0072320 secs] [Times: user=0.04 sys=0.00, real=0.00 secs] 
2014-07-16T06:21:12.022+0000: 851.023: [GC [PSYoungGen: 224900K->1322K(220224K)] 386762K->163264K(907200K), 0.0044600 secs] [Times: user=0.02 sys=0.00, real=0.01 secs] 
2014-07-16T06:21:12.807+0000: 851.808: [GC [PSYoungGen: 220170K->484K(214400K)] 382112K->162514K(901376K), 0.0076370 secs] [Times: user=0.05 sys=0.00, real=0.01 secs] 
2014-07-16T06:21:13.587+0000: 852.587: [GC [PSYoungGen: 214338K->772K(209920K)] 376369K->162924K(896896K), 0.0051050 secs] [Times: user=0.02 sys=0.00, real=0.00 secs] 
2014-07-16T06:21:14.374+0000: 853.375: [GC [PSYoungGen: 209831K->822K(205248K)] 371983K->163070K(892224K), 0.0039100 secs] [Times: user=0.02 sys=0.00, real=0.01 secs] 
2014-07-16T06:21:15.092+0000: 854.093: [GC [PSYoungGen: 205238K->652K(200640K)] 367486K->162956K(887616K), 0.0047850 secs] [Times: user=0.03 sys=0.00, real=0.01 secs] 
2014-07-16T06:21:15.825+0000: 854.826: [GC [PSYoungGen: 200588K->1022K(196608K)] 362892K->163398K(883584K), 0.0059730 secs] [Times: user=0.03 sys=0.01, real=0.01 secs] 
2014-07-16T06:21:16.541+0000: 855.542: [GC [PSYoungGen: 196606K->534K(192000K)] 358982K->162966K(878976K), 0.0065340 secs] [Times: user=0.03 sys=0.00, real=0.01 secs] 
2014-07-16T06:21:17.240+0000: 856.241: [GC [PSYoungGen: 191946K->616K(188032K)] 354378K->163104K(875008K), 0.0043780 secs] [Times: user=0.02 sys=0.00, real=0.00 secs] 
2014-07-16T06:21:17.925+0000: 856.926: [GC [PSYoungGen: 188008K->708K(184256K)] 350496K->163284K(871232K), 0.0074490 secs] [Times: user=0.04 sys=0.00, real=0.01 secs] 
2014-07-16T06:21:18.581+0000: 857.581: [GC [PSYoungGen: 184196K->826K(180544K)] 346772K->163514K(867520K), 0.0047790 secs] [Times: user=0.03 sys=0.00, real=0.00 secs] 
2014-07-16T06:21:19.281+0000: 858.281: [GC [PSYoungGen: 180538K->976K(177088K)] 343226K->163736K(864064K), 0.0052250 secs] [Times: user=0.03 sys=0.00, real=0.00 secs] 
2014-07-16T06:21:19.880+0000: 858.881: [GC [PSYoungGen: 176952K->890K(212224K)] 339713K->163706K(899200K), 0.0124690 secs] [Times: user=0.06 sys=0.00, real=0.01 secs] 
2014-07-16T06:21:20.632+0000: 859.633: [GC [PSYoungGen: 212139K->580K(207232K)] 374955K->163444K(894208K), 0.0048440 secs] [Times: user=0.02 sys=0.00, real=0.01 secs] 
2014-07-16T06:21:21.383+0000: 860.383: [GC [PSYoungGen: 207172K->912K(203008K)] 370036K->163856K(889984K), 0.0060220 secs] [Times: user=0.03 sys=0.00, real=0.01 secs] 
2014-07-16T06:21:22.123+0000: 861.124: [GC [PSYoungGen: 202954K->648K(198336K)] 365898K->163680K(885312K), 0.0044890 secs] [Times: user=0.02 sys=0.00, real=0.01 secs] 
2014-07-16T06:21:22.845+0000: 861.845: [GC [PSYoungGen: 198264K->598K(193984K)] 361296K->163726K(880960K), 0.0045940 secs] [Times: user=0.03 sys=0.00, real=0.01 secs] 
2014-07-16T06:21:23.546+0000: 862.547: [GC [PSYoungGen: 193942K->1158K(233280K)] 357070K->164342K(920256K), 0.0143980 secs] [Times: user=0.09 sys=0.00, real=0.02 secs] 
2014-07-16T06:21:24.433+0000: 863.434: [GC [PSYoungGen: 233222K->756K(235136K)] 396406K->164398K(922112K), 0.0086860 secs] [Times: user=0.04 sys=0.00, real=0.01 secs] 
2014-07-16T06:21:25.243+0000: 864.243: [GC [PSYoungGen: 235124K->584K(229440K)] 398766K->164242K(916416K), 0.0057310 secs] [Times: user=0.01 sys=0.00, real=0.01 secs] 
2014-07-16T06:21:26.083+0000: 865.084: [GC [PSYoungGen: 229360K->740K(224192K)] 393019K->164578K(911168K), 0.0039380 secs] [Times: user=0.02 sys=0.00, real=0.01 secs] 
2014-07-16T06:21:26.875+0000: 865.876: [GC [PSYoungGen: 224146K->816K(219072K)] 387984K->164718K(906048K), 0.0069560 secs] [Times: user=0.04 sys=0.00, real=0.01 secs] 
2014-07-16T06:21:27.662+0000: 866.663: [GC [PSYoungGen: 219056K->1040K(214336K)] 382958K->165014K(901312K), 0.0061360 secs] [Times: user=0.04 sys=0.00, real=0.01 secs] 
2014-07-16T06:21:28.456+0000: 867.457: [GC [PSYoungGen: 214261K->1222K(209728K)] 378236K->165236K(896704K), 0.0081030 secs] [Times: user=0.04 sys=0.00, real=0.01 secs] 
2014-07-16T06:21:29.207+0000: 868.208: [GC [PSYoungGen: 209670K->498K(204352K)] 373684K->164856K(891328K), 0.0026800 secs] [Times: user=0.01 sys=0.00, real=0.01 secs] 
2014-07-16T06:21:29.949+0000: 868.950: [GC [PSYoungGen: 204280K->916K(200320K)] 368638K->165338K(887296K), 0.0052650 secs] [Times: user=0.02 sys=0.00, real=0.00 secs] 
2014-07-16T06:21:30.673+0000: 869.673: [GC [PSYoungGen: 200252K->748K(195840K)] 364675K->165258K(882816K), 0.0053170 secs] [Times: user=0.02 sys=0.00, real=0.01 secs] 
2014-07-16T06:21:31.383+0000: 870.384: [GC [PSYoungGen: 195820K->1272K(192192K)] 360330K->165854K(879168K), 0.0055710 secs] [Times: user=0.03 sys=0.00, real=0.01 secs] 
2014-07-16T06:21:32.080+0000: 871.080: [GC [PSYoungGen: 192177K->698K(187584K)] 356759K->165503K(874560K), 0.0056000 secs] [Times: user=0.03 sys=0.00, real=0.00 secs] 
2014-07-16T06:21:32.745+0000: 871.745: [GC [PSYoungGen: 187554K->862K(183872K)] 352359K->165739K(870848K), 0.0051810 secs] [Times: user=0.02 sys=0.00, real=0.01 secs] 
2014-07-16T06:21:33.417+0000: 872.418: [GC [PSYoungGen: 183838K->798K(180032K)] 348715K->165789K(867008K), 0.0059750 secs] [Times: user=0.03 sys=0.00, real=0.01 secs] 
2014-07-16T06:21:34.072+0000: 873.073: [GC [PSYoungGen: 179998K->608K(215680K)] 344989K->165663K(902656K), 0.0117220 secs] [Times: user=0.06 sys=0.00, real=0.01 secs] 
2014-07-16T06:21:34.863+0000: 873.864: [GC [PSYoungGen: 215648K->1106K(228800K)] 380703K->166233K(915776K), 0.0104410 secs] [Times: user=0.07 sys=0.00, real=0.01 secs] 
2014-07-16T06:21:35.682+0000: 874.682: [GC [PSYoungGen: 228595K->940K(223168K)] 393722K->166123K(910144K), 0.0043240 secs] [Times: user=0.01 sys=0.00, real=0.00 secs] 
2014-07-16T06:21:36.469+0000: 875.470: [GC [PSYoungGen: 223148K->488K(217600K)] 388331K->165957K(904576K), 0.0048550 secs] [Times: user=0.02 sys=0.00, real=0.00 secs] 
2014-07-16T06:21:37.272+0000: 876.273: [GC [PSYoungGen: 217576K->1050K(213248K)] 383045K->166607K(900224K), 0.0108170 secs] [Times: user=0.07 sys=0.00, real=0.01 secs] 
2014-07-16T06:21:38.024+0000: 877.025: [GC [PSYoungGen: 213185K->840K(208320K)] 378742K->166593K(895296K), 0.0058880 secs] [Times: user=0.04 sys=0.01, real=0.01 secs] 
2014-07-16T06:21:38.789+0000: 877.790: [GC [PSYoungGen: 208264K->890K(203712K)] 374017K->166731K(890688K), 0.0061270 secs] [Times: user=0.03 sys=0.00, real=0.01 secs] 
2014-07-16T06:21:39.591+0000: 878.592: [GC [PSYoungGen: 203706K->958K(199360K)] 369547K->166979K(886336K), 0.0042300 secs] [Times: user=0.01 sys=0.00, real=0.00 secs] 
2014-07-16T06:21:40.272+0000: 879.273: [GC [PSYoungGen: 199335K->712K(194880K)] 365356K->166805K(881856K), 0.0044150 secs] [Times: user=0.02 sys=0.00, real=0.00 secs] 
2014-07-16T06:21:40.967+0000: 879.968: [GC [PSYoungGen: 194824K->958K(190912K)] 360917K->167155K(877888K), 0.0046770 secs] [Times: user=0.02 sys=0.00, real=0.01 secs] 
2014-07-16T06:21:41.654+0000: 880.655: [GC [PSYoungGen: 190907K->780K(186816K)] 357104K->167033K(873792K), 0.0030520 secs] [Times: user=0.01 sys=0.00, real=0.00 secs] 
2014-07-16T06:21:42.334+0000: 881.335: [GC [PSYoungGen: 186764K->612K(182784K)] 353017K->166953K(869760K), 0.0076190 secs] [Times: user=0.04 sys=0.00, real=0.01 secs] 
2014-07-16T06:21:43.002+0000: 882.002: [GC [PSYoungGen: 182756K->694K(179136K)] 349097K->167099K(866112K), 0.0053570 secs] [Times: user=0.03 sys=0.00, real=0.00 secs] 
2014-07-16T06:21:43.634+0000: 882.634: [GC [PSYoungGen: 179118K->1008K(175808K)] 345523K->167485K(862784K), 0.0047090 secs] [Times: user=0.03 sys=0.00, real=0.00 secs] 
2014-07-16T06:21:44.266+0000: 883.266: [GC [PSYoungGen: 175792K->976K(172288K)] 342269K->167533K(859264K), 0.0050340 secs] [Times: user=0.02 sys=0.00, real=0.01 secs] 
2014-07-16T06:21:44.918+0000: 883.919: [GC [PSYoungGen: 172155K->584K(168512K)] 338712K->167205K(855488K), 0.0062710 secs] [Times: user=0.05 sys=0.00, real=0.01 secs] 
2014-07-16T06:21:45.518+0000: 884.519: [GC [PSYoungGen: 168456K->716K(165376K)] 335077K->167385K(852352K), 0.0041870 secs] [Times: user=0.02 sys=0.00, real=0.01 secs] 
2014-07-16T06:21:46.132+0000: 885.133: [GC [PSYoungGen: 165320K->744K(162176K)] 331989K->167501K(849152K), 0.0042760 secs] [Times: user=0.03 sys=0.00, real=0.00 secs] 
2014-07-16T06:21:46.711+0000: 885.711: [GC [PSYoungGen: 162152K->1030K(159424K)] 328909K->167891K(846400K), 0.0055750 secs] [Times: user=0.03 sys=0.00, real=0.00 secs] 
2014-07-16T06:21:47.291+0000: 886.292: [GC [PSYoungGen: 159366K->744K(156096K)] 326227K->167685K(843072K), 0.0037890 secs] [Times: user=0.02 sys=0.00, real=0.00 secs] 
2014-07-16T06:21:47.847+0000: 886.848: [GC [PSYoungGen: 156072K->580K(153088K)] 323013K->167561K(840064K), 0.0054710 secs] [Times: user=0.02 sys=0.00, real=0.01 secs] 
2014-07-16T06:21:48.379+0000: 887.380: [GC [PSYoungGen: 153028K->758K(150400K)] 320009K->167803K(837376K), 0.0059420 secs] [Times: user=0.03 sys=0.00, real=0.01 secs] 
2014-07-16T06:21:49.001+0000: 888.001: [GC [PSYoungGen: 150368K->1092K(148096K)] 317413K->168233K(835072K), 0.0062780 secs] [Times: user=0.03 sys=0.00, real=0.01 secs] 
2014-07-16T06:21:49.693+0000: 888.694: [GC [PSYoungGen: 148036K->690K(145024K)] 315177K->168142K(832000K), 0.0072950 secs] [Times: user=0.04 sys=0.00, real=0.00 secs] 
2014-07-16T06:21:50.121+0000: 889.122: [GC [PSYoungGen: 145010K->1058K(142848K)] 312462K->168590K(829824K), 0.0048950 secs] [Times: user=0.04 sys=0.00, real=0.00 secs] 
2014-07-16T06:21:50.654+0000: 889.654: [GC [PSYoungGen: 142818K->640K(139904K)] 310350K->168466K(826880K), 0.0048590 secs] [Times: user=0.02 sys=0.00, real=0.00 secs] 
2014-07-16T06:21:51.152+0000: 890.153: [GC [PSYoungGen: 139904K->1236K(168448K)] 307730K->169126K(855424K), 0.0088530 secs] [Times: user=0.04 sys=0.01, real=0.01 secs] 
2014-07-16T06:21:51.753+0000: 890.754: [GC [PSYoungGen: 168404K->822K(201472K)] 336294K->168892K(888448K), 0.0042150 secs] [Times: user=0.02 sys=0.00, real=0.00 secs] 
2014-07-16T06:21:52.469+0000: 891.470: [GC [PSYoungGen: 201462K->1148K(216768K)] 369532K->169290K(903744K), 0.0102210 secs] [Times: user=0.07 sys=0.00, real=0.01 secs] 
2014-07-16T06:21:53.249+0000: 892.250: [GC [PSYoungGen: 216444K->562K(242240K)] 384586K->168842K(929216K), 0.0082490 secs] [Times: user=0.05 sys=0.00, real=0.01 secs] 
2014-07-16T06:21:54.120+0000: 893.121: [GC [PSYoungGen: 241330K->644K(235712K)] 409610K->169020K(922688K), 0.0059110 secs] [Times: user=0.03 sys=0.00, real=0.01 secs] 
2014-07-16T06:21:54.996+0000: 893.996: [GC [PSYoungGen: 235652K->784K(230272K)] 404028K->169242K(917248K), 0.0037640 secs] [Times: user=0.01 sys=0.00, real=0.00 secs] 
2014-07-16T06:21:55.829+0000: 894.830: [GC [PSYoungGen: 230224K->826K(224896K)] 398682K->169380K(911872K), 0.0059920 secs] [Times: user=0.04 sys=0.00, real=0.01 secs] 
2014-07-16T06:21:56.624+0000: 895.625: [GC [PSYoungGen: 224890K->448K(219328K)] 393444K->169074K(906304K), 0.0064500 secs] [Times: user=0.03 sys=0.01, real=0.00 secs] 
2014-07-16T06:21:57.415+0000: 896.416: [GC [PSYoungGen: 219328K->798K(214720K)] 387954K->169520K(901696K), 0.0041880 secs] [Times: user=0.02 sys=0.00, real=0.00 secs] 
2014-07-16T06:21:58.201+0000: 897.201: [GC [PSYoungGen: 214686K->594K(209728K)] 383408K->169396K(896704K), 0.0052760 secs] [Times: user=0.03 sys=0.00, real=0.01 secs] 
2014-07-16T06:21:58.960+0000: 897.961: [GC [PSYoungGen: 209682K->840K(205312K)] 378484K->169722K(892288K), 0.0032890 secs] [Times: user=0.01 sys=0.00, real=0.01 secs] 
2014-07-16T06:21:59.701+0000: 898.701: [GC [PSYoungGen: 205256K->858K(200832K)] 374138K->169860K(887808K), 0.0040160 secs] [Times: user=0.02 sys=0.00, real=0.01 secs] 
2014-07-16T06:22:00.440+0000: 899.441: [GC [PSYoungGen: 200794K->862K(196480K)] 369796K->169920K(883456K), 0.0089100 secs] [Times: user=0.06 sys=0.00, real=0.01 secs] 
2014-07-16T06:22:01.152+0000: 900.153: [GC [PSYoungGen: 196446K->804K(192256K)] 365504K->170042K(879232K), 0.0070000 secs] [Times: user=0.05 sys=0.00, real=0.01 secs] 
2014-07-16T06:22:01.857+0000: 900.858: [GC [PSYoungGen: 192228K->726K(230528K)] 361466K->170044K(917504K), 0.0161500 secs] [Times: user=0.11 sys=0.00, real=0.02 secs] 
2014-07-16T06:22:02.691+0000: 901.691: [GC [PSYoungGen: 230462K->1016K(235840K)] 399780K->170456K(922816K), 0.0060820 secs] [Times: user=0.05 sys=0.00, real=0.01 secs] 
2014-07-16T06:22:03.552+0000: 902.553: [GC [PSYoungGen: 235832K->726K(230016K)] 405272K->170262K(916992K), 0.0044900 secs] [Times: user=0.03 sys=0.00, real=0.01 secs] 
2014-07-16T06:22:04.381+0000: 903.381: [GC [PSYoungGen: 229959K->616K(224512K)] 399496K->170280K(911488K), 0.0051880 secs] [Times: user=0.04 sys=0.00, real=0.01 secs] 
2014-07-16T06:22:05.230+0000: 904.231: [GC [PSYoungGen: 224488K->780K(219520K)] 394152K->170500K(906496K), 0.0055550 secs] [Times: user=0.03 sys=0.01, real=0.01 secs] 
2014-07-16T06:22:06.001+0000: 905.002: [GC [PSYoungGen: 219468K->498K(214208K)] 389188K->170290K(901184K), 0.0047840 secs] [Times: user=0.02 sys=0.00, real=0.01 secs] 
2014-07-16T06:22:06.771+0000: 905.772: [GC [PSYoungGen: 214194K->708K(209664K)] 383986K->170588K(896640K), 0.0073740 secs] [Times: user=0.04 sys=0.00, real=0.01 secs] 
2014-07-16T06:22:07.524+0000: 906.525: [GC [PSYoungGen: 209573K->926K(205184K)] 379454K->170886K(892160K), 0.0063020 secs] [Times: user=0.04 sys=0.00, real=0.00 secs] 
2014-07-16T06:22:08.263+0000: 907.264: [GC [PSYoungGen: 205150K->858K(200640K)] 375110K->170914K(887616K), 0.0088300 secs] [Times: user=0.06 sys=0.00, real=0.01 secs] 
2014-07-16T06:22:08.985+0000: 907.986: [GC [PSYoungGen: 200602K->630K(196032K)] 370658K->170814K(883008K), 0.0064180 secs] [Times: user=0.02 sys=0.01, real=0.00 secs] 
2014-07-16T06:22:09.695+0000: 908.696: [GC [PSYoungGen: 196022K->840K(232192K)] 366206K->171096K(919168K), 0.0122060 secs] [Times: user=0.08 sys=0.00, real=0.01 secs] 
2014-07-16T06:22:10.611+0000: 909.612: [GC [PSYoungGen: 231816K->926K(226496K)] 402072K->171246K(913472K), 0.0039870 secs] [Times: user=0.01 sys=0.00, real=0.01 secs] 
2014-07-16T06:22:11.422+0000: 910.423: [GC [PSYoungGen: 226462K->804K(221120K)] 396782K->171236K(908096K), 0.0056630 secs] [Times: user=0.04 sys=0.00, real=0.01 secs] 
2014-07-16T06:22:12.220+0000: 911.220: [GC [PSYoungGen: 221092K->448K(215680K)] 391524K->170952K(902656K), 0.0054070 secs] [Times: user=0.04 sys=0.00, real=0.01 secs] 
2014-07-16T06:22:13.007+0000: 912.008: [GC [PSYoungGen: 215680K->722K(211136K)] 386184K->171322K(898112K), 0.0050330 secs] [Times: user=0.03 sys=0.00, real=0.00 secs] 
2014-07-16T06:22:13.762+0000: 912.763: [GC [PSYoungGen: 211090K->562K(206272K)] 381690K->171226K(893248K), 0.0031720 secs] [Times: user=0.01 sys=0.01, real=0.01 secs] 
2014-07-16T06:22:14.511+0000: 913.511: [GC [PSYoungGen: 206258K->926K(202112K)] 376922K->171630K(889088K), 0.0044430 secs] [Times: user=0.02 sys=0.00, real=0.01 secs] 
2014-07-16T06:22:15.302+0000: 914.302: [GC [PSYoungGen: 202078K->812K(197632K)] 372782K->171702K(884608K), 0.0062630 secs] [Times: user=0.04 sys=0.00, real=0.01 secs] 
2014-07-16T06:22:16.010+0000: 915.011: [GC [PSYoungGen: 197612K->512K(193088K)] 368502K->171474K(880064K), 0.0076140 secs] [Times: user=0.05 sys=0.00, real=0.01 secs] 
2014-07-16T06:22:16.728+0000: 915.729: [GC [PSYoungGen: 193088K->972K(189504K)] 364050K->172022K(876480K), 0.0063760 secs] [Times: user=0.03 sys=0.00, real=0.00 secs] 
2014-07-16T06:22:17.420+0000: 916.421: [GC [PSYoungGen: 189452K->694K(185216K)] 360502K->171840K(872192K), 0.0050350 secs] [Times: user=0.03 sys=0.00, real=0.01 secs] 
2014-07-16T06:22:18.077+0000: 917.078: [GC [PSYoungGen: 185193K->630K(181312K)] 356339K->171856K(868288K), 0.0039190 secs] [Times: user=0.02 sys=0.00, real=0.00 secs] 
2014-07-16T06:22:18.742+0000: 917.743: [GC [PSYoungGen: 181300K->1026K(178048K)] 352527K->172324K(865024K), 0.0032130 secs] [Times: user=0.01 sys=0.00, real=0.01 secs] 
2014-07-16T06:22:19.387+0000: 918.388: [GC [PSYoungGen: 177962K->744K(174144K)] 349261K->172230K(861120K), 0.0038260 secs] [Times: user=0.02 sys=0.01, real=0.00 secs] 
2014-07-16T06:22:20.005+0000: 919.006: [GC [PSYoungGen: 174100K->958K(170880K)] 345587K->172564K(857856K), 0.0041090 secs] [Times: user=0.02 sys=0.00, real=0.01 secs] 
2014-07-16T06:22:20.617+0000: 919.618: [GC [PSYoungGen: 170878K->894K(167488K)] 342484K->172654K(854464K), 0.0038400 secs] [Times: user=0.02 sys=0.00, real=0.00 secs] 
2014-07-16T06:22:21.210+0000: 920.210: [GC [PSYoungGen: 167486K->830K(164160K)] 339246K->172638K(851136K), 0.0073870 secs] [Times: user=0.05 sys=0.00, real=0.01 secs] 
2014-07-16T06:22:21.812+0000: 920.813: [GC [PSYoungGen: 164122K->498K(160704K)] 335931K->172346K(847680K), 0.0060040 secs] [Times: user=0.03 sys=0.00, real=0.01 secs] 
2014-07-16T06:22:22.399+0000: 921.400: [GC [PSYoungGen: 160690K->794K(158016K)] 332538K->172738K(844992K), 0.0079210 secs] [Times: user=0.05 sys=0.00, real=0.01 secs] 
2014-07-16T06:22:22.962+0000: 921.963: [GC [PSYoungGen: 157978K->516K(154816K)] 329922K->172524K(841792K), 0.0068520 secs] [Times: user=0.03 sys=0.00, real=0.01 secs] 
2014-07-16T06:22:23.528+0000: 922.528: [GC [PSYoungGen: 154756K->666K(185792K)] 326764K->172762K(872768K), 0.0074500 secs] [Times: user=0.05 sys=0.00, real=0.00 secs] 
2014-07-16T06:22:24.202+0000: 923.202: [GC [PSYoungGen: 185754K->908K(223104K)] 357850K->173068K(910080K), 0.0120890 secs] [Times: user=0.07 sys=0.00, real=0.01 secs] 
2014-07-16T06:22:24.987+0000: 923.988: [GC [PSYoungGen: 223030K->776K(226048K)] 395191K->173016K(913024K), 0.0043250 secs] [Times: user=0.01 sys=0.00, real=0.00 secs] 
2014-07-16T06:22:25.848+0000: 924.849: [GC [PSYoungGen: 225544K->552K(267840K)] 397784K->172848K(954816K), 0.0076300 secs] [Times: user=0.05 sys=0.00, real=0.00 secs] 
2014-07-16T06:22:26.827+0000: 925.827: [GC [PSYoungGen: 267176K->944K(260864K)] 439472K->173288K(947840K), 0.0037430 secs] [Times: user=0.02 sys=0.00, real=0.01 secs] 
2014-07-16T06:22:27.770+0000: 926.770: [GC [PSYoungGen: 260848K->306K(253760K)] 433192K->173026K(940736K), 0.0029710 secs] [Times: user=0.02 sys=0.00, real=0.00 secs] 
2014-07-16T06:22:28.702+0000: 927.702: [GC [PSYoungGen: 253746K->844K(248064K)] 426466K->173596K(935040K), 0.0094900 secs] [Times: user=0.06 sys=0.00, real=0.01 secs] 
2014-07-16T06:22:29.621+0000: 928.622: [GC [PSYoungGen: 248012K->1086K(242240K)] 420764K->173926K(929216K), 0.0070960 secs] [Times: user=0.04 sys=0.00, real=0.01 secs] 
2014-07-16T06:22:30.526+0000: 929.527: [GC [PSYoungGen: 242238K->1040K(236416K)] 415078K->173960K(923392K), 0.0046710 secs] [Times: user=0.03 sys=0.00, real=0.01 secs] 
2014-07-16T06:22:31.376+0000: 930.377: [GC [PSYoungGen: 236357K->448K(230208K)] 409278K->173496K(917184K), 0.0045460 secs] [Times: user=0.03 sys=0.00, real=0.01 secs] 
2014-07-16T06:22:32.242+0000: 931.243: [GC [PSYoungGen: 230208K->1092K(225536K)] 403256K->174220K(912512K), 0.0077790 secs] [Times: user=0.05 sys=0.00, real=0.01 secs] 
2014-07-16T06:22:33.062+0000: 932.063: [GC [PSYoungGen: 225476K->666K(219904K)] 398604K->173858K(906880K), 0.0059120 secs] [Times: user=0.04 sys=0.00, real=0.01 secs] 
2014-07-16T06:22:33.851+0000: 932.852: [GC [PSYoungGen: 219866K->452K(214720K)] 393058K->173716K(901696K), 0.0055430 secs] [Times: user=0.03 sys=0.00, real=0.00 secs] 
2014-07-16T06:22:34.633+0000: 933.633: [GC [PSYoungGen: 214660K->886K(210304K)] 387924K->174222K(897280K), 0.0042500 secs] [Times: user=0.03 sys=0.00, real=0.00 secs] 
2014-07-16T06:22:35.452+0000: 934.453: [GC [PSYoungGen: 210275K->1312K(206080K)] 383612K->174737K(893056K), 0.0047040 secs] [Times: user=0.02 sys=0.00, real=0.00 secs] 
2014-07-16T06:22:36.137+0000: 935.138: [GC [PSYoungGen: 206003K->488K(200768K)] 379428K->174438K(887744K), 0.0044440 secs] [Times: user=0.02 sys=0.01, real=0.01 secs] 
2014-07-16T06:22:36.853+0000: 935.853: [GC [PSYoungGen: 200744K->534K(196480K)] 374694K->174532K(883456K), 0.0073050 secs] [Times: user=0.05 sys=0.00, real=0.01 secs] 
2014-07-16T06:22:37.571+0000: 936.572: [GC [PSYoungGen: 196438K->598K(192320K)] 370436K->174793K(879296K), 0.0052840 secs] [Times: user=0.03 sys=0.00, real=0.00 secs] 
2014-07-16T06:22:38.284+0000: 937.285: [GC [PSYoungGen: 192248K->912K(188608K)] 366443K->175187K(875584K), 0.0046610 secs] [Times: user=0.03 sys=0.00, real=0.01 secs] 
2014-07-16T06:22:38.967+0000: 937.968: [GC [PSYoungGen: 188560K->402K(184192K)] 362835K->174740K(871168K), 0.0050630 secs] [Times: user=0.03 sys=0.00, real=0.01 secs] 
2014-07-16T06:22:39.650+0000: 938.651: [GC [PSYoungGen: 184146K->530K(180544K)] 358484K->174956K(867520K), 0.0047320 secs] [Times: user=0.03 sys=0.00, real=0.00 secs] 
2014-07-16T06:22:40.398+0000: 939.398: [GC [PSYoungGen: 180498K->1306K(177664K)] 354924K->175805K(864640K), 0.0098300 secs] [Times: user=0.06 sys=0.01, real=0.01 secs] 
2014-07-16T06:22:41.001+0000: 940.001: [GC [PSYoungGen: 177602K->812K(173632K)] 352101K->175415K(860608K), 0.0056370 secs] [Times: user=0.04 sys=0.00, real=0.00 secs] 
2014-07-16T06:22:41.627+0000: 940.627: [GC [PSYoungGen: 173612K->712K(170112K)] 348215K->175403K(857088K), 0.0038640 secs] [Times: user=0.02 sys=0.00, real=0.01 secs] 
2014-07-16T06:22:42.240+0000: 941.240: [GC [PSYoungGen: 170056K->402K(166464K)] 344747K->175156K(853440K), 0.0062520 secs] [Times: user=0.03 sys=0.00, real=0.00 secs] 
2014-07-16T06:22:42.846+0000: 941.847: [GC [PSYoungGen: 166418K->594K(199872K)] 341172K->175420K(886848K), 0.0109160 secs] [Times: user=0.07 sys=0.01, real=0.01 secs] 
2014-07-16T06:22:43.555+0000: 942.555: [GC [PSYoungGen: 199826K->630K(195584K)] 374652K->175537K(882560K), 0.0033480 secs] [Times: user=0.01 sys=0.00, real=0.00 secs] 
2014-07-16T06:22:44.264+0000: 943.264: [GC [PSYoungGen: 195505K->730K(191552K)] 370412K->175733K(878528K), 0.0035700 secs] [Times: user=0.02 sys=0.00, real=0.00 secs] 
2014-07-16T06:22:44.951+0000: 943.952: [GC [PSYoungGen: 191478K->698K(187456K)] 366481K->175757K(874432K), 0.0091400 secs] [Times: user=0.06 sys=0.00, real=0.01 secs] 
2014-07-16T06:22:45.698+0000: 944.699: [GC [PSYoungGen: 187436K->1248K(184128K)] 362495K->176655K(871104K), 0.0054750 secs] [Times: user=0.03 sys=0.00, real=0.01 secs] 
2014-07-16T06:22:46.328+0000: 945.329: [GC [PSYoungGen: 184096K->1422K(220928K)] 359503K->176901K(907904K), 0.0097720 secs] [Times: user=0.05 sys=0.00, real=0.01 secs] 
2014-07-16T06:22:47.168+0000: 946.168: [GC [PSYoungGen: 220878K->374K(214848K)] 396357K->176511K(901824K), 0.0038370 secs] [Times: user=0.01 sys=0.01, real=0.01 secs] 
2014-07-16T06:22:47.937+0000: 946.938: [GC [PSYoungGen: 214838K->1150K(210752K)] 390975K->177407K(897728K), 0.0050620 secs] [Times: user=0.03 sys=0.00, real=0.01 secs] 
2014-07-16T06:22:48.674+0000: 947.674: [GC [PSYoungGen: 210749K->634K(205568K)] 387006K->177271K(892544K), 0.0091160 secs] [Times: user=0.06 sys=0.00, real=0.01 secs] 
2014-07-16T06:22:49.422+0000: 948.423: [GC [PSYoungGen: 205562K->876K(201344K)] 382199K->177617K(888320K), 0.0046690 secs] [Times: user=0.02 sys=0.00, real=0.00 secs] 
2014-07-16T06:22:50.158+0000: 949.158: [GC [PSYoungGen: 201324K->594K(196736K)] 378065K->177399K(883712K), 0.0040210 secs] [Times: user=0.02 sys=0.00, real=0.01 secs] 
2014-07-16T06:22:50.883+0000: 949.883: [GC [PSYoungGen: 196690K->594K(192512K)] 373495K->177455K(879488K), 0.0057110 secs] [Times: user=0.02 sys=0.00, real=0.00 secs] 
2014-07-16T06:22:51.577+0000: 950.578: [GC [PSYoungGen: 192466K->808K(188672K)] 369327K->177773K(875648K), 0.0060740 secs] [Times: user=0.04 sys=0.00, real=0.01 secs] 
2014-07-16T06:22:52.278+0000: 951.279: [GC [PSYoungGen: 188602K->584K(184576K)] 365567K->177605K(871552K), 0.0058640 secs] [Times: user=0.03 sys=0.00, real=0.01 secs] 
2014-07-16T06:22:52.951+0000: 951.952: [GC [PSYoungGen: 184520K->1418K(181632K)] 361541K->178487K(868608K), 0.0041630 secs] [Times: user=0.02 sys=0.00, real=0.00 secs] 
2014-07-16T06:22:53.597+0000: 952.597: [GC [PSYoungGen: 181563K->816K(177344K)] 358632K->177941K(864320K), 0.0045870 secs] [Times: user=0.02 sys=0.00, real=0.01 secs] 
2014-07-16T06:22:54.234+0000: 953.234: [GC [PSYoungGen: 177300K->958K(173888K)] 354425K->178271K(860864K), 0.0045380 secs] [Times: user=0.03 sys=0.00, real=0.00 secs] 
2014-07-16T06:22:54.858+0000: 953.859: [GC [PSYoungGen: 173886K->976K(170496K)] 351199K->178385K(857472K), 0.0063800 secs] [Times: user=0.04 sys=0.00, real=0.01 secs] 
2014-07-16T06:22:55.476+0000: 954.477: [GC [PSYoungGen: 170448K->516K(166720K)] 347857K->177997K(853696K), 0.0041020 secs] [Times: user=0.02 sys=0.00, real=0.00 secs] 
2014-07-16T06:22:56.098+0000: 955.099: [GC [PSYoungGen: 166632K->808K(163776K)] 344113K->178369K(850752K), 0.0058850 secs] [Times: user=0.03 sys=0.00, real=0.01 secs] 
2014-07-16T06:22:56.682+0000: 955.683: [GC [PSYoungGen: 163751K->434K(160256K)] 341312K->178035K(847232K), 0.0058900 secs] [Times: user=0.03 sys=0.00, real=0.00 secs] 
2014-07-16T06:22:57.276+0000: 956.277: [GC [PSYoungGen: 160242K->726K(157568K)] 337843K->178431K(844544K), 0.0066630 secs] [Times: user=0.04 sys=0.00, real=0.01 secs] 
2014-07-16T06:22:57.834+0000: 956.835: [GC [PSYoungGen: 157526K->976K(154880K)] 335231K->178761K(841856K), 0.0042120 secs] [Times: user=0.02 sys=0.00, real=0.00 secs] 
2014-07-16T06:22:58.417+0000: 957.417: [GC [PSYoungGen: 154832K->944K(152000K)] 332617K->178793K(838976K), 0.0052860 secs] [Times: user=0.04 sys=0.00, real=0.01 secs] 
2014-07-16T06:22:58.982+0000: 957.983: [GC [PSYoungGen: 151984K->876K(149184K)] 329833K->178797K(836160K), 0.0074790 secs] [Times: user=0.05 sys=0.00, real=0.00 secs] 
2014-07-16T06:22:59.504+0000: 958.504: [GC [PSYoungGen: 149146K->758K(146368K)] 327067K->178775K(833344K), 0.0030840 secs] [Times: user=0.02 sys=0.00, real=0.00 secs] 
2014-07-16T06:23:00.033+0000: 959.034: [GC [PSYoungGen: 146358K->890K(143872K)] 324375K->178987K(830848K), 0.0051670 secs] [Times: user=0.03 sys=0.01, real=0.00 secs] 
2014-07-16T06:23:00.546+0000: 959.547: [GC [PSYoungGen: 143838K->630K(141120K)] 321935K->178791K(828096K), 0.0055290 secs] [Times: user=0.03 sys=0.00, real=0.01 secs] 
2014-07-16T06:23:01.103+0000: 960.103: [GC [PSYoungGen: 141110K->498K(138560K)] 319271K->178723K(825536K), 0.0045530 secs] [Times: user=0.03 sys=0.00, real=0.00 secs] 
2014-07-16T06:23:01.611+0000: 960.612: [GC [PSYoungGen: 138546K->690K(136384K)] 316771K->178979K(823360K), 0.0047020 secs] [Times: user=0.01 sys=0.01, real=0.01 secs] 
2014-07-16T06:23:02.104+0000: 961.104: [GC [PSYoungGen: 136370K->926K(134336K)] 314659K->179295K(821312K), 0.0038790 secs] [Times: user=0.02 sys=0.00, real=0.00 secs] 
2014-07-16T06:23:02.583+0000: 961.584: [GC [PSYoungGen: 134302K->626K(131776K)] 312671K->179099K(818752K), 0.0051310 secs] [Times: user=0.03 sys=0.01, real=0.00 secs] 
2014-07-16T06:23:03.066+0000: 962.067: [GC [PSYoungGen: 131762K->954K(129920K)] 310235K->179483K(816896K), 0.0048420 secs] [Times: user=0.02 sys=0.00, real=0.00 secs] 
2014-07-16T06:23:03.516+0000: 962.517: [GC [PSYoungGen: 129914K->388K(155200K)] 308443K->178949K(842176K), 0.0106520 secs] [Times: user=0.06 sys=0.00, real=0.01 secs] 
2014-07-16T06:23:04.091+0000: 963.091: [GC [PSYoungGen: 155140K->626K(186368K)] 333701K->179275K(873344K), 0.0082510 secs] [Times: user=0.04 sys=0.00, real=0.01 secs] 
2014-07-16T06:23:04.771+0000: 963.772: [GC [PSYoungGen: 186353K->644K(223616K)] 365002K->179365K(910592K), 0.0077550 secs] [Times: user=0.05 sys=0.00, real=0.01 secs] 
2014-07-16T06:23:05.578+0000: 964.578: [GC [PSYoungGen: 223556K->544K(234944K)] 402277K->179385K(921920K), 0.0052900 secs] [Times: user=0.03 sys=0.00, real=0.01 secs] 
2014-07-16T06:23:06.469+0000: 965.470: [GC [PSYoungGen: 234208K->794K(228992K)] 413049K->179747K(915968K), 0.0039960 secs] [Times: user=0.02 sys=0.00, real=0.01 secs] 
2014-07-16T06:23:07.293+0000: 966.294: [GC [PSYoungGen: 228954K->438K(223296K)] 407907K->179723K(910272K), 0.0038900 secs] [Times: user=0.03 sys=0.00, real=0.00 secs] 
2014-07-16T06:23:08.133+0000: 967.133: [GC [PSYoungGen: 223286K->900K(218688K)] 402571K->180225K(905664K), 0.0086600 secs] [Times: user=0.04 sys=0.00, real=0.01 secs] 
2014-07-16T06:23:08.912+0000: 967.913: [GC [PSYoungGen: 218628K->1080K(213888K)] 397953K->180575K(900864K), 0.0041080 secs] [Times: user=0.02 sys=0.01, real=0.01 secs] 
2014-07-16T06:23:09.681+0000: 968.682: [GC [PSYoungGen: 213880K->1094K(209152K)] 393375K->180661K(896128K), 0.0059490 secs] [Times: user=0.03 sys=0.00, real=0.01 secs] 
2014-07-16T06:23:10.426+0000: 969.427: [GC [PSYoungGen: 209094K->502K(203904K)] 388661K->180133K(890880K), 0.0053290 secs] [Times: user=0.03 sys=0.00, real=0.00 secs] 
2014-07-16T06:23:11.227+0000: 970.228: [GC [PSYoungGen: 203894K->1240K(200192K)] 383525K->180959K(887168K), 0.0052770 secs] [Times: user=0.03 sys=0.00, real=0.00 secs] 
2014-07-16T06:23:11.941+0000: 970.942: [GC [PSYoungGen: 200135K->830K(195456K)] 379854K->180621K(882432K), 0.0065290 secs] [Times: user=0.04 sys=0.00, real=0.01 secs] 
2014-07-16T06:23:12.631+0000: 971.632: [GC [PSYoungGen: 195454K->576K(191040K)] 375245K->180439K(878016K), 0.0052510 secs] [Times: user=0.03 sys=0.01, real=0.01 secs] 
2014-07-16T06:23:13.339+0000: 972.339: [GC [PSYoungGen: 191040K->544K(187008K)] 370903K->180471K(873984K), 0.0100360 secs] [Times: user=0.07 sys=0.00, real=0.01 secs] 
2014-07-16T06:23:14.017+0000: 973.017: [GC [PSYoungGen: 186976K->598K(183168K)] 366903K->180581K(870144K), 0.0041830 secs] [Times: user=0.02 sys=0.00, real=0.00 secs] 
2014-07-16T06:23:14.681+0000: 973.682: [GC [PSYoungGen: 183095K->748K(179520K)] 363079K->180811K(866496K), 0.0087700 secs] [Times: user=0.05 sys=0.00, real=0.01 secs] 
2014-07-16T06:23:15.334+0000: 974.335: [GC [PSYoungGen: 179500K->648K(175808K)] 359563K->180799K(862784K), 0.0068530 secs] [Times: user=0.03 sys=0.00, real=0.01 secs] 
2014-07-16T06:23:16.066+0000: 975.067: [GC [PSYoungGen: 175752K->868K(172480K)] 355903K->181075K(859456K), 0.0073620 secs] [Times: user=0.03 sys=0.00, real=0.00 secs] 
2014-07-16T06:23:16.631+0000: 975.632: [GC [PSYoungGen: 172452K->840K(206848K)] 352659K->181167K(893824K), 0.0074800 secs] [Times: user=0.06 sys=0.00, real=0.01 secs] 
2014-07-16T06:23:17.363+0000: 976.364: [GC [PSYoungGen: 206792K->758K(202176K)] 387119K->181149K(889152K), 0.0041600 secs] [Times: user=0.02 sys=0.00, real=0.01 secs] 
2014-07-16T06:23:18.094+0000: 977.095: [GC [PSYoungGen: 202120K->726K(197760K)] 382511K->181221K(884736K), 0.0080620 secs] [Times: user=0.04 sys=0.00, real=0.00 secs] 
2014-07-16T06:23:18.793+0000: 977.794: [GC [PSYoungGen: 197718K->662K(226176K)] 378213K->181237K(913152K), 0.0105400 secs] [Times: user=0.06 sys=0.00, real=0.01 secs] 
2014-07-16T06:23:19.622+0000: 978.622: [GC [PSYoungGen: 225878K->608K(220608K)] 406453K->181255K(907584K), 0.0060090 secs] [Times: user=0.03 sys=0.00, real=0.01 secs] 
2014-07-16T06:23:20.442+0000: 979.443: [GC [PSYoungGen: 220575K->566K(215488K)] 401222K->181397K(902464K), 0.0037650 secs] [Times: user=0.02 sys=0.00, real=0.01 secs] 
2014-07-16T06:23:21.302+0000: 980.302: [GC [PSYoungGen: 215478K->1086K(211136K)] 396309K->182157K(898112K), 0.0106520 secs] [Times: user=0.06 sys=0.00, real=0.01 secs] 
2014-07-16T06:23:22.035+0000: 981.036: [GC [PSYoungGen: 211134K->698K(206080K)] 392205K->182007K(893056K), 0.0039000 secs] [Times: user=0.02 sys=0.00, real=0.01 secs] 
2014-07-16T06:23:22.762+0000: 981.762: [GC [PSYoungGen: 206074K->612K(201472K)] 387383K->181985K(888448K), 0.0040980 secs] [Times: user=0.02 sys=0.00, real=0.01 secs] 
2014-07-16T06:23:23.502+0000: 982.503: [GC [PSYoungGen: 201444K->544K(197056K)] 382817K->182005K(884032K), 0.0058620 secs] [Times: user=0.03 sys=0.00, real=0.01 secs] 
2014-07-16T06:23:24.221+0000: 983.221: [GC [PSYoungGen: 197022K->562K(192832K)] 378483K->182111K(879808K), 0.0052810 secs] [Times: user=0.04 sys=0.00, real=0.01 secs] 
2014-07-16T06:23:24.925+0000: 983.925: [GC [PSYoungGen: 192778K->836K(189056K)] 374327K->182465K(876032K), 0.0060750 secs] [Times: user=0.04 sys=0.00, real=0.01 secs] 
2014-07-16T06:23:25.596+0000: 984.597: [GC [PSYoungGen: 188985K->812K(185024K)] 370614K->182521K(872000K), 0.0047280 secs] [Times: user=0.02 sys=0.01, real=0.00 secs] 
2014-07-16T06:23:26.309+0000: 985.310: [GC [PSYoungGen: 184917K->744K(181184K)] 366627K->182517K(868160K), 0.0050210 secs] [Times: user=0.02 sys=0.00, real=0.00 secs] 
2014-07-16T06:23:26.953+0000: 985.953: [GC [PSYoungGen: 181160K->630K(177344K)] 362933K->182499K(864320K), 0.0054720 secs] [Times: user=0.03 sys=0.00, real=0.01 secs] 
2014-07-16T06:23:27.600+0000: 986.600: [GC [PSYoungGen: 177334K->948K(174080K)] 359203K->183025K(861056K), 0.0038160 secs] [Times: user=0.01 sys=0.00, real=0.00 secs] 
2014-07-16T06:23:28.237+0000: 987.238: [GC [PSYoungGen: 174020K->648K(170368K)] 356098K->182797K(857344K), 0.0052560 secs] [Times: user=0.03 sys=0.00, real=0.00 secs] 
2014-07-16T06:23:28.857+0000: 987.858: [GC [PSYoungGen: 170288K->952K(167296K)] 352437K->183363K(854272K), 0.0047940 secs] [Times: user=0.03 sys=0.00, real=0.00 secs] 
2014-07-16T06:23:29.457+0000: 988.457: [GC [PSYoungGen: 167251K->1112K(164288K)] 349662K->183611K(851264K), 0.0050910 secs] [Times: user=0.04 sys=0.00, real=0.00 secs] 
2014-07-16T06:23:30.042+0000: 989.042: [GC [PSYoungGen: 164173K->630K(160640K)] 346673K->183423K(847616K), 0.0096020 secs] [Times: user=0.06 sys=0.00, real=0.01 secs] 
2014-07-16T06:23:30.623+0000: 989.623: [GC [PSYoungGen: 160630K->1404K(158400K)] 343423K->184401K(845376K), 0.0039230 secs] [Times: user=0.02 sys=0.00, real=0.01 secs] 
2014-07-16T06:23:31.292+0000: 990.293: [GC [PSYoungGen: 158396K->818K(154880K)] 341393K->184514K(841856K), 0.0046760 secs] [Times: user=0.02 sys=0.01, real=0.01 secs] 
2014-07-16T06:23:31.763+0000: 990.764: [GC [PSYoungGen: 154866K->1140K(152320K)] 338562K->184924K(839296K), 0.0071260 secs] [Times: user=0.04 sys=0.00, real=0.01 secs] 
2014-07-16T06:23:32.317+0000: 991.318: [GC [PSYoungGen: 152308K->1230K(149696K)] 336092K->185244K(836672K), 0.0030770 secs] [Times: user=0.02 sys=0.00, real=0.01 secs] 
2014-07-16T06:23:32.941+0000: 991.942: [GC [PSYoungGen: 149646K->1418K(147200K)] 333660K->185496K(834176K), 0.0037190 secs] [Times: user=0.01 sys=0.00, real=0.00 secs] 
2014-07-16T06:23:33.418+0000: 992.419: [GC [PSYoungGen: 147146K->562K(143680K)] 331224K->184720K(830656K), 0.0048750 secs] [Times: user=0.03 sys=0.00, real=0.00 secs] 
2014-07-16T06:23:33.929+0000: 992.929: [GC [PSYoungGen: 143666K->566K(141184K)] 327824K->184804K(828160K), 0.0054580 secs] [Times: user=0.04 sys=0.00, real=0.00 secs] 
2014-07-16T06:23:34.425+0000: 993.426: [GC [PSYoungGen: 141174K->844K(139072K)] 325412K->185170K(826048K), 0.0055590 secs] [Times: user=0.03 sys=0.00, real=0.01 secs] 
2014-07-16T06:23:34.927+0000: 993.927: [GC [PSYoungGen: 139020K->794K(136640K)] 323346K->185192K(823616K), 0.0035290 secs] [Times: user=0.02 sys=0.01, real=0.01 secs] 
2014-07-16T06:23:35.444+0000: 994.445: [GC [PSYoungGen: 136602K->914K(134464K)] 321000K->185384K(821440K), 0.0055150 secs] [Times: user=0.03 sys=0.01, real=0.01 secs] 
2014-07-16T06:23:35.905+0000: 994.906: [GC [PSYoungGen: 134418K->562K(131840K)] 318888K->185088K(818816K), 0.0037930 secs] [Times: user=0.01 sys=0.00, real=0.01 secs] 
2014-07-16T06:23:36.467+0000: 995.467: [GC [PSYoungGen: 131824K->1214K(130304K)] 316350K->185796K(817280K), 0.0060240 secs] [Times: user=0.04 sys=0.00, real=0.01 secs] 
2014-07-16T06:23:36.855+0000: 995.855: [GC [PSYoungGen: 130302K->776K(127808K)] 314884K->185454K(814784K), 0.0042370 secs] [Times: user=0.03 sys=0.00, real=0.01 secs] 
2014-07-16T06:23:37.322+0000: 996.322: [GC [PSYoungGen: 127752K->594K(125568K)] 312430K->185368K(812544K), 0.0043150 secs] [Times: user=0.03 sys=0.00, real=0.00 secs] 
2014-07-16T06:23:37.770+0000: 996.770: [GC [PSYoungGen: 125522K->708K(123712K)] 310296K->185594K(810688K), 0.0031160 secs] [Times: user=0.01 sys=0.00, real=0.00 secs] 
2014-07-16T06:23:38.209+0000: 997.209: [GC [PSYoungGen: 123652K->744K(121728K)] 308538K->185742K(808704K), 0.0047720 secs] [Times: user=0.03 sys=0.00, real=0.00 secs] 
2014-07-16T06:23:38.644+0000: 997.645: [GC [PSYoungGen: 121659K->894K(119936K)] 306657K->186004K(806912K), 0.0044180 secs] [Times: user=0.03 sys=0.01, real=0.01 secs] 
2014-07-16T06:23:39.072+0000: 998.073: [GC [PSYoungGen: 119934K->1468K(144320K)] 305044K->186634K(831296K), 0.0100960 secs] [Times: user=0.06 sys=0.00, real=0.01 secs] 
2014-07-16T06:23:39.583+0000: 998.583: [GC [PSYoungGen: 144316K->580K(172096K)] 329482K->185818K(859072K), 0.0056190 secs] [Times: user=0.03 sys=0.00, real=0.01 secs] 
2014-07-16T06:23:40.217+0000: 999.218: [GC [PSYoungGen: 172036K->644K(205696K)] 357274K->185962K(892672K), 0.0043510 secs] [Times: user=0.02 sys=0.00, real=0.01 secs] 
2014-07-16T06:23:40.963+0000: 999.964: [GC [PSYoungGen: 205059K->1204K(206080K)] 390377K->186626K(893056K), 0.0063140 secs] [Times: user=0.04 sys=0.01, real=0.01 secs] 
2014-07-16T06:23:41.725+0000: 1000.726: [GC [PSYoungGen: 205620K->598K(200576K)] 391042K->186100K(887552K), 0.0054480 secs] [Times: user=0.04 sys=0.01, real=0.01 secs] 
2014-07-16T06:23:42.451+0000: 1001.452: [GC [PSYoungGen: 200534K->930K(196544K)] 386036K->186512K(883520K), 0.0041920 secs] [Times: user=0.01 sys=0.00, real=0.00 secs] 
2014-07-16T06:23:43.224+0000: 1002.224: [GC [PSYoungGen: 196431K->936K(192384K)] 382013K->186598K(879360K), 0.0081780 secs] [Times: user=0.05 sys=0.00, real=0.01 secs] 
2014-07-16T06:23:43.876+0000: 1002.876: [GC [PSYoungGen: 192360K->466K(187904K)] 378022K->186184K(874880K), 0.0080830 secs] [Times: user=0.04 sys=0.00, real=0.01 secs] 
2014-07-16T06:23:44.558+0000: 1003.559: [GC [PSYoungGen: 187765K->712K(184256K)] 373484K->186502K(871232K), 0.0057000 secs] [Times: user=0.04 sys=0.00, real=0.00 secs] 
2014-07-16T06:23:45.234+0000: 1004.234: [GC [PSYoungGen: 184195K->548K(220800K)] 369985K->186402K(907776K), 0.0093500 secs] [Times: user=0.05 sys=0.00, real=0.01 secs] 
2014-07-16T06:23:46.023+0000: 1005.024: [GC [PSYoungGen: 220772K->1190K(216384K)] 406626K->187124K(903360K), 0.0071740 secs] [Times: user=0.04 sys=0.01, real=0.01 secs] 
2014-07-16T06:23:46.833+0000: 1005.834: [GC [PSYoungGen: 216358K->862K(211200K)] 402292K->186876K(898176K), 0.0037820 secs] [Times: user=0.02 sys=0.00, real=0.00 secs] 
2014-07-16T06:23:47.571+0000: 1006.572: [GC [PSYoungGen: 211166K->818K(206464K)] 397180K->186904K(893440K), 0.0046900 secs] [Times: user=0.02 sys=0.00, real=0.00 secs] 
2014-07-16T06:23:48.308+0000: 1007.309: [GC [PSYoungGen: 206423K->798K(201920K)] 392509K->186964K(888896K), 0.0044000 secs] [Times: user=0.02 sys=0.00, real=0.01 secs] 
2014-07-16T06:23:49.045+0000: 1008.045: [GC [PSYoungGen: 201886K->972K(197760K)] 388052K->187226K(884736K), 0.0040460 secs] [Times: user=0.02 sys=0.00, real=0.00 secs] 
2014-07-16T06:23:49.754+0000: 1008.755: [GC [PSYoungGen: 197672K->776K(193344K)] 383926K->187142K(880320K), 0.0043740 secs] [Times: user=0.02 sys=0.00, real=0.00 secs] 
2014-07-16T06:23:50.466+0000: 1009.467: [GC [PSYoungGen: 193288K->740K(189184K)] 379654K->187218K(876160K), 0.0040840 secs] [Times: user=0.02 sys=0.00, real=0.01 secs] 
2014-07-16T06:23:51.137+0000: 1010.138: [GC [PSYoungGen: 189127K->716K(185216K)] 375605K->187250K(872192K), 0.0038660 secs] [Times: user=0.02 sys=0.00, real=0.01 secs] 
2014-07-16T06:23:51.849+0000: 1010.850: [GC [PSYoungGen: 185164K->754K(181376K)] 371698K->187392K(868352K), 0.0045850 secs] [Times: user=0.02 sys=0.00, real=0.01 secs] 
2014-07-16T06:23:52.505+0000: 1011.506: [GC [PSYoungGen: 181349K->648K(177600K)] 367987K->187358K(864576K), 0.0072560 secs] [Times: user=0.05 sys=0.00, real=0.01 secs] 
2014-07-16T06:23:53.209+0000: 1012.210: [GC [PSYoungGen: 177544K->1068K(174400K)] 364254K->187866K(861376K), 0.0042410 secs] [Times: user=0.03 sys=0.00, real=0.01 secs] 
2014-07-16T06:23:53.799+0000: 1012.800: [GC [PSYoungGen: 174380K->908K(170816K)] 361178K->187810K(857792K), 0.0048710 secs] [Times: user=0.03 sys=0.00, real=0.01 secs] 
2014-07-16T06:23:54.415+0000: 1013.416: [GC [PSYoungGen: 170764K->556K(167104K)] 357666K->187660K(854080K), 0.0053270 secs] [Times: user=0.03 sys=0.00, real=0.01 secs] 
2014-07-16T06:23:55.019+0000: 1014.020: [GC [PSYoungGen: 167083K->712K(164032K)] 354187K->187896K(851008K), 0.0059000 secs] [Times: user=0.02 sys=0.01, real=0.01 secs] 
2014-07-16T06:23:55.615+0000: 1014.615: [GC [PSYoungGen: 163976K->848K(161024K)] 351160K->188096K(848000K), 0.0095310 secs] [Times: user=0.05 sys=0.00, real=0.01 secs] 
2014-07-16T06:23:56.208+0000: 1015.208: [GC [PSYoungGen: 160976K->822K(157952K)] 348224K->188158K(844928K), 0.0037600 secs] [Times: user=0.02 sys=0.00, real=0.01 secs] 
2014-07-16T06:23:56.893+0000: 1015.894: [GC [PSYoungGen: 157932K->758K(154944K)] 345269K->188336K(841920K), 0.0055730 secs] [Times: user=0.01 sys=0.01, real=0.00 secs] 
2014-07-16T06:23:57.366+0000: 1016.367: [GC [PSYoungGen: 154910K->1062K(152384K)] 342488K->188712K(839360K), 0.0034120 secs] [Times: user=0.01 sys=0.00, real=0.00 secs] 
2014-07-16T06:23:57.927+0000: 1016.927: [GC [PSYoungGen: 152358K->630K(149184K)] 340008K->188682K(836160K), 0.0035850 secs] [Times: user=0.02 sys=0.00, real=0.01 secs] 
2014-07-16T06:23:58.472+0000: 1017.472: [GC [PSYoungGen: 149174K->484K(178816K)] 337226K->188584K(865792K), 0.0129090 secs] [Times: user=0.08 sys=0.00, real=0.01 secs] 
2014-07-16T06:23:59.127+0000: 1018.127: [GC [PSYoungGen: 178788K->772K(175552K)] 366888K->188944K(862528K), 0.0036490 secs] [Times: user=0.01 sys=0.01, real=0.00 secs] 
2014-07-16T06:23:59.782+0000: 1018.782: [GC [PSYoungGen: 175458K->1000K(210688K)] 363630K->189284K(897664K), 0.0076290 secs] [Times: user=0.05 sys=0.00, real=0.00 secs] 
2014-07-16T06:24:00.514+0000: 1019.514: [GC [PSYoungGen: 210623K->752K(205760K)] 398907K->189328K(892736K), 0.0057260 secs] [Times: user=0.03 sys=0.00, real=0.00 secs] 
2014-07-16T06:24:01.251+0000: 1020.252: [GC [PSYoungGen: 205666K->630K(201152K)] 394243K->189270K(888128K), 0.0040110 secs] [Times: user=0.02 sys=0.00, real=0.01 secs] 
2014-07-16T06:24:02.020+0000: 1021.021: [GC [PSYoungGen: 201142K->708K(196928K)] 389782K->189436K(883904K), 0.0057250 secs] [Times: user=0.04 sys=0.00, real=0.01 secs] 
2014-07-16T06:24:02.739+0000: 1021.740: [GC [PSYoungGen: 196771K->958K(192896K)] 385499K->189766K(879872K), 0.0046360 secs] [Times: user=0.02 sys=0.00, real=0.01 secs] 
2014-07-16T06:24:03.452+0000: 1022.453: [GC [PSYoungGen: 192888K->836K(188736K)] 381696K->189700K(875712K), 0.0039750 secs] [Times: user=0.02 sys=0.00, real=0.00 secs] 
2014-07-16T06:24:04.106+0000: 1023.107: [GC [PSYoungGen: 188672K->1248K(185216K)] 377537K->190348K(872192K), 0.0063410 secs] [Times: user=0.04 sys=0.01, real=0.01 secs] 
2014-07-16T06:24:04.773+0000: 1023.774: [GC [PSYoungGen: 185184K->420K(180608K)] 374284K->189842K(867584K), 0.0093860 secs] [Times: user=0.04 sys=0.00, real=0.01 secs] 
2014-07-16T06:24:05.430+0000: 1024.431: [GC [PSYoungGen: 180579K->722K(177280K)] 370001K->190240K(864256K), 0.0037840 secs] [Times: user=0.02 sys=0.01, real=0.01 secs] 
2014-07-16T06:24:06.070+0000: 1025.070: [GC [PSYoungGen: 177234K->1008K(173952K)] 366752K->190582K(860928K), 0.0036340 secs] [Times: user=0.02 sys=0.00, real=0.01 secs] 
2014-07-16T06:24:06.690+0000: 1025.690: [GC [PSYoungGen: 173936K->626K(208192K)] 363510K->190256K(895168K), 0.0158930 secs] [Times: user=0.09 sys=0.01, real=0.02 secs] 
2014-07-16T06:24:07.477+0000: 1026.478: [GC [PSYoungGen: 208178K->1194K(226752K)] 397808K->191034K(913728K), 0.0058550 secs] [Times: user=0.03 sys=0.01, real=0.01 secs] 
2014-07-16T06:24:08.284+0000: 1027.285: [GC [PSYoungGen: 226730K->666K(220992K)] 416570K->190562K(907968K), 0.0049100 secs] [Times: user=0.03 sys=0.00, real=0.00 secs] 
2014-07-16T06:24:09.102+0000: 1028.102: [GC [PSYoungGen: 220954K->866K(216128K)] 410850K->191328K(903104K), 0.0059020 secs] [Times: user=0.03 sys=0.01, real=0.01 secs] 
2014-07-16T06:24:09.860+0000: 1028.861: [GC [PSYoungGen: 216098K->780K(211200K)] 406560K->191298K(898176K), 0.0045430 secs] [Times: user=0.01 sys=0.01, real=0.01 secs] 
2014-07-16T06:24:10.641+0000: 1029.642: [GC [PSYoungGen: 211133K->708K(206464K)] 401652K->191390K(893440K), 0.0040230 secs] [Times: user=0.01 sys=0.00, real=0.01 secs] 
2014-07-16T06:24:11.374+0000: 1030.375: [GC [PSYoungGen: 206371K->566K(201728K)] 397054K->191336K(888704K), 0.0028220 secs] [Times: user=0.02 sys=0.00, real=0.00 secs] 
2014-07-16T06:24:12.153+0000: 1031.153: [GC [PSYoungGen: 201715K->1140K(197952K)] 392485K->191982K(884928K), 0.0076020 secs] [Times: user=0.05 sys=0.00, real=0.01 secs] 
2014-07-16T06:24:12.838+0000: 1031.839: [GC [PSYoungGen: 197895K->794K(193408K)] 388738K->191676K(880384K), 0.0124130 secs] [Times: user=0.08 sys=0.00, real=0.01 secs] 
2014-07-16T06:24:13.530+0000: 1032.531: [GC [PSYoungGen: 193281K->1250K(189760K)] 384163K->192188K(876736K), 0.0045050 secs] [Times: user=0.02 sys=0.01, real=0.01 secs] 
2014-07-16T06:24:14.211+0000: 1033.212: [GC [PSYoungGen: 189730K->1080K(185600K)] 380668K->192074K(872576K), 0.0067010 secs] [Times: user=0.03 sys=0.00, real=0.01 secs] 
2014-07-16T06:24:14.893+0000: 1033.894: [GC [PSYoungGen: 185581K->484K(181184K)] 376576K->191518K(868160K), 0.0062750 secs] [Times: user=0.03 sys=0.00, real=0.00 secs] 
2014-07-16T06:24:15.546+0000: 1034.547: [GC [PSYoungGen: 181156K->676K(177664K)] 372190K->191814K(864640K), 0.0054200 secs] [Times: user=0.03 sys=0.00, real=0.00 secs] 
2014-07-16T06:24:16.184+0000: 1035.185: [GC [PSYoungGen: 177636K->772K(174208K)] 368774K->191974K(861184K), 0.0079050 secs] [Times: user=0.04 sys=0.00, real=0.00 secs] 
2014-07-16T06:24:16.812+0000: 1035.813: [GC [PSYoungGen: 174110K->658K(208768K)] 365312K->191916K(895744K), 0.0183310 secs] [Times: user=0.11 sys=0.00, real=0.02 secs] 
2014-07-16T06:24:17.607+0000: 1036.607: [GC [PSYoungGen: 208711K->644K(217984K)] 399969K->191966K(904960K), 0.0039740 secs] [Times: user=0.02 sys=0.00, real=0.00 secs] 
2014-07-16T06:24:18.395+0000: 1037.396: [GC [PSYoungGen: 217092K->544K(212096K)] 408414K->191946K(899072K), 0.0034140 secs] [Times: user=0.02 sys=0.00, real=0.00 secs] 
2014-07-16T06:24:19.146+0000: 1038.146: [GC [PSYoungGen: 212064K->434K(207232K)] 403466K->191908K(894208K), 0.0045070 secs] [Times: user=0.03 sys=0.00, real=0.00 secs] 
2014-07-16T06:24:19.891+0000: 1038.892: [GC [PSYoungGen: 207202K->566K(202816K)] 398677K->192080K(889792K), 0.0071250 secs] [Times: user=0.04 sys=0.00, real=0.01 secs] 
2014-07-16T06:24:20.628+0000: 1039.629: [GC [PSYoungGen: 202785K->630K(198464K)] 394300K->192224K(885440K), 0.0047330 secs] [Times: user=0.03 sys=0.00, real=0.00 secs] 
2014-07-16T06:24:21.356+0000: 1040.356: [GC [PSYoungGen: 198454K->512K(194048K)] 390048K->192194K(881024K), 0.0058560 secs] [Times: user=0.03 sys=0.00, real=0.00 secs] 
2014-07-16T06:24:22.120+0000: 1041.121: [GC [PSYoungGen: 194048K->1062K(190528K)] 385730K->192800K(877504K), 0.0040730 secs] [Times: user=0.02 sys=0.00, real=0.01 secs] 
2014-07-16T06:24:22.806+0000: 1041.806: [GC [PSYoungGen: 190502K->530K(186048K)] 382240K->192332K(873024K), 0.0056400 secs] [Times: user=0.03 sys=0.00, real=0.00 secs] 
2014-07-16T06:24:23.499+0000: 1042.500: [GC [PSYoungGen: 186002K->882K(182528K)] 377804K->192764K(869504K), 0.0029270 secs] [Times: user=0.02 sys=0.00, real=0.00 secs] 
2014-07-16T06:24:24.154+0000: 1043.155: [GC [PSYoungGen: 182514K->926K(178880K)] 374396K->192848K(865856K), 0.0067110 secs] [Times: user=0.02 sys=0.00, real=0.00 secs] 
2014-07-16T06:24:24.802+0000: 1043.803: [GC [PSYoungGen: 178811K->1008K(175360K)] 370734K->193102K(862336K), 0.0038050 secs] [Times: user=0.01 sys=0.00, real=0.01 secs] 
2014-07-16T06:24:25.435+0000: 1044.436: [GC [PSYoungGen: 175344K->548K(171456K)] 367438K->192674K(858432K), 0.0053070 secs] [Times: user=0.02 sys=0.00, real=0.00 secs] 
2014-07-16T06:24:26.067+0000: 1045.068: [GC [PSYoungGen: 171427K->708K(168256K)] 363554K->192914K(855232K), 0.0058840 secs] [Times: user=0.04 sys=0.00, real=0.00 secs] 
2014-07-16T06:24:26.680+0000: 1045.681: [GC [PSYoungGen: 168185K->648K(164928K)] 360392K->192926K(851904K), 0.0042960 secs] [Times: user=0.02 sys=0.00, real=0.00 secs] 
2014-07-16T06:24:27.287+0000: 1046.287: [GC [PSYoungGen: 164872K->1162K(198336K)] 357150K->193472K(885312K), 0.0120940 secs] [Times: user=0.08 sys=0.00, real=0.01 secs] 
2014-07-16T06:24:27.988+0000: 1046.988: [GC [PSYoungGen: 198282K->630K(193536K)] 390592K->193020K(880512K), 0.0035160 secs] [Times: user=0.02 sys=0.00, real=0.00 secs] 
2014-07-16T06:24:28.698+0000: 1047.699: [GC [PSYoungGen: 193496K->830K(189632K)] 385887K->193292K(876608K), 0.0054930 secs] [Times: user=0.03 sys=0.00, real=0.00 secs] 
2014-07-16T06:24:29.395+0000: 1048.395: [GC [PSYoungGen: 189630K->626K(208384K)] 382092K->193128K(895360K), 0.0110440 secs] [Times: user=0.07 sys=0.00, real=0.02 secs] 
2014-07-16T06:24:30.140+0000: 1049.140: [GC [PSYoungGen: 207666K->608K(203072K)] 400168K->193182K(890048K), 0.0046970 secs] [Times: user=0.03 sys=0.00, real=0.00 secs] 
2014-07-16T06:24:30.881+0000: 1049.882: [GC [PSYoungGen: 203040K->658K(198720K)] 395614K->193312K(885696K), 0.0045670 secs] [Times: user=0.02 sys=0.00, real=0.01 secs] 
2014-07-16T06:24:31.604+0000: 1050.605: [GC [PSYoungGen: 198674K->612K(194368K)] 391328K->193330K(881344K), 0.0035180 secs] [Times: user=0.02 sys=0.00, real=0.01 secs] 
2014-07-16T06:24:32.478+0000: 1051.479: [GC [PSYoungGen: 194340K->1196K(190848K)] 387058K->194002K(877824K), 0.0043260 secs] [Times: user=0.02 sys=0.00, real=0.00 secs] 
2014-07-16T06:24:33.080+0000: 1052.081: [GC [PSYoungGen: 190828K->634K(186304K)] 383634K->193610K(873280K), 0.0032990 secs] [Times: user=0.01 sys=0.01, real=0.00 secs] 
2014-07-16T06:24:33.773+0000: 1052.774: [GC [PSYoungGen: 186283K->912K(182784K)] 379260K->193968K(869760K), 0.0041510 secs] [Times: user=0.03 sys=0.00, real=0.01 secs] 
2014-07-16T06:24:34.437+0000: 1053.438: [GC [PSYoungGen: 182736K->1096K(179264K)] 375792K->194298K(866240K), 0.0043250 secs] [Times: user=0.03 sys=0.00, real=0.00 secs] 
2014-07-16T06:24:35.067+0000: 1054.068: [GC [PSYoungGen: 179208K->576K(175104K)] 372410K->193842K(862080K), 0.0047950 secs] [Times: user=0.02 sys=0.00, real=0.00 secs] 
2014-07-16T06:24:35.714+0000: 1054.715: [GC [PSYoungGen: 175104K->1122K(172160K)] 368370K->194460K(859136K), 0.0100350 secs] [Times: user=0.06 sys=0.00, real=0.01 secs] 
2014-07-16T06:24:36.339+0000: 1055.340: [GC [PSYoungGen: 172130K->780K(168448K)] 365468K->194182K(855424K), 0.0043460 secs] [Times: user=0.02 sys=0.00, real=0.00 secs] 
2014-07-16T06:24:36.947+0000: 1055.948: [GC [PSYoungGen: 168395K->580K(164992K)] 361798K->194070K(851968K), 0.0078300 secs] [Times: user=0.05 sys=0.00, real=0.00 secs] 
2014-07-16T06:24:37.570+0000: 1056.571: [GC [PSYoungGen: 164932K->726K(161984K)] 358422K->194328K(848960K), 0.0054350 secs] [Times: user=0.04 sys=0.01, real=0.00 secs] 
2014-07-16T06:24:38.136+0000: 1057.137: [GC [PSYoungGen: 161940K->730K(158912K)] 355543K->194380K(845888K), 0.0073540 secs] [Times: user=0.05 sys=0.00, real=0.01 secs] 
2014-07-16T06:24:38.723+0000: 1057.724: [GC [PSYoungGen: 158874K->548K(190400K)] 352524K->194286K(877376K), 0.0064480 secs] [Times: user=0.04 sys=0.00, real=0.01 secs] 
2014-07-16T06:24:39.414+0000: 1058.414: [GC [PSYoungGen: 190372K->844K(186752K)] 384110K->194670K(873728K), 0.0049890 secs] [Times: user=0.03 sys=0.00, real=0.01 secs] 
2014-07-16T06:24:40.108+0000: 1059.108: [GC [PSYoungGen: 186696K->826K(182848K)] 380523K->194724K(869824K), 0.0047420 secs] [Times: user=0.02 sys=0.00, real=0.00 secs] 
2014-07-16T06:24:40.764+0000: 1059.765: [GC [PSYoungGen: 182842K->736K(179072K)] 376740K->194698K(866048K), 0.0033240 secs] [Times: user=0.01 sys=0.00, real=0.01 secs] 
2014-07-16T06:24:41.413+0000: 1060.413: [GC [PSYoungGen: 179007K->676K(175424K)] 372970K->194694K(862400K), 0.0035800 secs] [Times: user=0.01 sys=0.00, real=0.00 secs] 
2014-07-16T06:24:42.045+0000: 1061.046: [GC [PSYoungGen: 175363K->1012K(172224K)] 369382K->195203K(859200K), 0.0033040 secs] [Times: user=0.01 sys=0.00, real=0.01 secs] 
2014-07-16T06:24:42.703+0000: 1061.704: [GC [PSYoungGen: 172190K->962K(168832K)] 366381K->195249K(855808K), 0.0046350 secs] [Times: user=0.03 sys=0.00, real=0.01 secs] 
2014-07-16T06:24:43.296+0000: 1062.296: [GC [PSYoungGen: 168765K->548K(165120K)] 363051K->194965K(852096K), 0.0044360 secs] [Times: user=0.02 sys=0.01, real=0.01 secs] 
2014-07-16T06:24:43.912+0000: 1062.913: [GC [PSYoungGen: 165075K->730K(162112K)] 359492K->195211K(849088K), 0.0045320 secs] [Times: user=0.02 sys=0.00, real=0.00 secs] 
2014-07-16T06:24:44.493+0000: 1063.493: [GC [PSYoungGen: 162074K->876K(159168K)] 356555K->195437K(846144K), 0.0088360 secs] [Times: user=0.05 sys=0.00, real=0.01 secs] 
2014-07-16T06:24:45.096+0000: 1064.097: [GC [PSYoungGen: 159148K->644K(155968K)] 353709K->195277K(842944K), 0.0072790 secs] [Times: user=0.04 sys=0.00, real=0.01 secs] 
2014-07-16T06:24:45.657+0000: 1064.658: [GC [PSYoungGen: 155877K->744K(153152K)] 350510K->195457K(840128K), 0.0037170 secs] [Times: user=0.02 sys=0.01, real=0.01 secs] 
2014-07-16T06:24:46.204+0000: 1065.205: [GC [PSYoungGen: 153128K->420K(150016K)] 347841K->195189K(836992K), 0.0040600 secs] [Times: user=0.02 sys=0.00, real=0.01 secs] 
2014-07-16T06:24:46.745+0000: 1065.746: [GC [PSYoungGen: 149988K->926K(147840K)] 344757K->195759K(834816K), 0.0056090 secs] [Times: user=0.03 sys=0.00, real=0.01 secs] 
2014-07-16T06:24:47.276+0000: 1066.277: [GC [PSYoungGen: 147806K->630K(144896K)] 342639K->195559K(831872K), 0.0046460 secs] [Times: user=0.03 sys=0.00, real=0.01 secs] 
2014-07-16T06:24:47.806+0000: 1066.806: [GC [PSYoungGen: 144886K->580K(142336K)] 339815K->195581K(829312K), 0.0048650 secs] [Times: user=0.04 sys=0.00, real=0.01 secs] 
2014-07-16T06:24:48.331+0000: 1067.332: [GC [PSYoungGen: 142275K->530K(139776K)] 337276K->195579K(826752K), 0.0039690 secs] [Times: user=0.02 sys=0.00, real=0.00 secs] 
2014-07-16T06:24:48.823+0000: 1067.823: [GC [PSYoungGen: 139695K->712K(137536K)] 334744K->195849K(824512K), 0.0034110 secs] [Times: user=0.02 sys=0.00, real=0.00 secs] 
2014-07-16T06:24:49.324+0000: 1068.325: [GC [PSYoungGen: 137480K->790K(135232K)] 332617K->196039K(822208K), 0.0061780 secs] [Times: user=0.03 sys=0.01, real=0.01 secs] 
2014-07-16T06:24:49.811+0000: 1068.812: [GC [PSYoungGen: 135190K->734K(162048K)] 330439K->196089K(849024K), 0.0065970 secs] [Times: user=0.04 sys=0.00, real=0.00 secs] 
2014-07-16T06:24:50.407+0000: 1069.407: [GC [PSYoungGen: 162014K->676K(158912K)] 357369K->196119K(845888K), 0.0044290 secs] [Times: user=0.03 sys=0.00, real=0.01 secs] 
2014-07-16T06:24:50.999+0000: 1069.999: [GC [PSYoungGen: 158882K->766K(155968K)] 354325K->196281K(842944K), 0.0061620 secs] [Times: user=0.04 sys=0.00, real=0.01 secs] 
2014-07-16T06:24:51.558+0000: 1070.559: [GC [PSYoungGen: 155965K->644K(153024K)] 351480K->196223K(840000K), 0.0050400 secs] [Times: user=0.04 sys=0.00, real=0.01 secs] 
2014-07-16T06:24:52.107+0000: 1071.107: [GC [PSYoungGen: 152964K->708K(150272K)] 348543K->196367K(837248K), 0.0060100 secs] [Times: user=0.03 sys=0.00, real=0.01 secs] 
2014-07-16T06:24:52.745+0000: 1071.746: [GC [PSYoungGen: 150210K->1008K(180480K)] 345869K->196771K(867456K), 0.0086900 secs] [Times: user=0.05 sys=0.00, real=0.01 secs] 
2014-07-16T06:24:53.343+0000: 1072.344: [GC [PSYoungGen: 180464K->320K(209856K)] 376227K->196566K(896832K), 0.0059190 secs] [Times: user=0.04 sys=0.00, real=0.01 secs] 
2014-07-16T06:24:54.095+0000: 1073.096: [GC [PSYoungGen: 209856K->780K(210624K)] 406102K->197058K(897600K), 0.0091470 secs] [Times: user=0.05 sys=0.00, real=0.01 secs] 
2014-07-16T06:24:54.864+0000: 1073.864: [GC [PSYoungGen: 210275K->1072K(205952K)] 406554K->197762K(892928K), 0.0053960 secs] [Times: user=0.03 sys=0.00, real=0.01 secs] 
2014-07-16T06:24:55.610+0000: 1074.610: [GC [PSYoungGen: 205936K->754K(201152K)] 402626K->197540K(888128K), 0.0053520 secs] [Times: user=0.04 sys=0.00, real=0.00 secs] 
2014-07-16T06:24:56.336+0000: 1075.336: [GC [PSYoungGen: 201138K->562K(196608K)] 397924K->197396K(883584K), 0.0093500 secs] [Times: user=0.05 sys=0.00, real=0.01 secs] 
2014-07-16T06:24:57.047+0000: 1076.047: [GC [PSYoungGen: 196564K->594K(235904K)] 393398K->197492K(922880K), 0.0086010 secs] [Times: user=0.06 sys=0.00, real=0.01 secs] 
2014-07-16T06:24:57.956+0000: 1076.957: [GC [PSYoungGen: 235812K->804K(250560K)] 432710K->197782K(937536K), 0.0098460 secs] [Times: user=0.04 sys=0.00, real=0.01 secs] 
2014-07-16T06:24:58.833+0000: 1077.834: [GC [PSYoungGen: 250053K->1008K(244224K)] 447031K->198082K(931200K), 0.0029570 secs] [Times: user=0.01 sys=0.01, real=0.00 secs] 
2014-07-16T06:24:59.736+0000: 1078.736: [GC [PSYoungGen: 244180K->228K(237568K)] 441255K->197660K(924544K), 0.0094620 secs] [Times: user=0.06 sys=0.00, real=0.01 secs] 
2014-07-16T06:25:00.595+0000: 1079.596: [GC [PSYoungGen: 237539K->794K(232512K)] 434971K->198306K(919488K), 0.0058420 secs] [Times: user=0.04 sys=0.00, real=0.01 secs] 
2014-07-16T06:25:01.450+0000: 1080.451: [GC [PSYoungGen: 232474K->1068K(227328K)] 429986K->198892K(914304K), 0.0038510 secs] [Times: user=0.01 sys=0.00, real=0.00 secs] 
2014-07-16T06:25:02.273+0000: 1081.274: [GC [PSYoungGen: 227289K->1068K(222080K)] 425113K->198972K(909056K), 0.0148800 secs] [Times: user=0.09 sys=0.00, real=0.01 secs] 
2014-07-16T06:25:03.105+0000: 1082.106: [GC [PSYoungGen: 222036K->424K(216384K)] 419941K->198916K(903360K), 0.0061480 secs] [Times: user=0.04 sys=0.00, real=0.01 secs] 
2014-07-16T06:25:03.876+0000: 1082.877: [GC [PSYoungGen: 216330K->1330K(247872K)] 414822K->200200K(934848K), 0.0101490 secs] [Times: user=0.05 sys=0.00, real=0.01 secs] 
2014-07-16T06:25:04.805+0000: 1083.806: [GC [PSYoungGen: 247858K->584K(241152K)] 446728K->199822K(928128K), 0.0039570 secs] [Times: user=0.01 sys=0.00, real=0.00 secs] 
2014-07-16T06:25:05.661+0000: 1084.662: [GC [PSYoungGen: 241089K->1040K(235840K)] 440327K->200400K(922816K), 0.0072280 secs] [Times: user=0.04 sys=0.00, real=0.01 secs] 
2014-07-16T06:25:06.506+0000: 1085.506: [GC [PSYoungGen: 235792K->866K(230080K)] 435152K->200290K(917056K), 0.0059900 secs] [Times: user=0.03 sys=0.00, real=0.01 secs] 
2014-07-16T06:25:07.332+0000: 1086.332: [GC [PSYoungGen: 230021K->790K(224640K)] 429446K->200294K(911616K), 0.0059950 secs] [Times: user=0.04 sys=0.00, real=0.00 secs] 
2014-07-16T06:25:08.182+0000: 1087.183: [GC [PSYoungGen: 224598K->658K(219328K)] 424102K->200218K(906304K), 0.0057890 secs] [Times: user=0.02 sys=0.00, real=0.00 secs] 
2014-07-16T06:25:08.961+0000: 1087.962: [GC [PSYoungGen: 219282K->1030K(214720K)] 418842K->200662K(901696K), 0.0066130 secs] [Times: user=0.03 sys=0.00, real=0.01 secs] 
2014-07-16T06:25:09.740+0000: 1088.740: [GC [PSYoungGen: 214659K->516K(209408K)] 414291K->200188K(896384K), 0.0094590 secs] [Times: user=0.06 sys=0.00, real=0.01 secs] 
2014-07-16T06:25:10.494+0000: 1089.495: [GC [PSYoungGen: 209348K->644K(204864K)] 409020K->200380K(891840K), 0.0097200 secs] [Times: user=0.05 sys=0.01, real=0.01 secs] 
2014-07-16T06:25:11.239+0000: 1090.239: [GC [PSYoungGen: 204804K->388K(200128K)] 404540K->200156K(887104K), 0.0042120 secs] [Times: user=0.02 sys=0.01, real=0.01 secs] 
2014-07-16T06:25:11.968+0000: 1090.969: [GC [PSYoungGen: 200066K->594K(195968K)] 399835K->200426K(882944K), 0.0078210 secs] [Times: user=0.05 sys=0.00, real=0.01 secs] 
2014-07-16T06:25:12.693+0000: 1091.694: [GC [PSYoungGen: 195899K->676K(191872K)] 395732K->200564K(878848K), 0.0048520 secs] [Times: user=0.02 sys=0.00, real=0.00 secs] 
2014-07-16T06:25:13.424+0000: 1092.425: [GC [PSYoungGen: 191842K->662K(230144K)] 391731K->200614K(917120K), 0.0116490 secs] [Times: user=0.06 sys=0.00, real=0.01 secs] 
2014-07-16T06:25:14.279+0000: 1093.280: [GC [PSYoungGen: 230102K->1068K(225152K)] 430054K->201084K(912128K), 0.0036810 secs] [Times: user=0.02 sys=0.00, real=0.01 secs] 
2014-07-16T06:25:15.104+0000: 1094.104: [GC [PSYoungGen: 225132K->862K(252416K)] 425148K->200918K(939392K), 0.0138950 secs] [Times: user=0.08 sys=0.01, real=0.01 secs] 
2014-07-16T06:25:16.066+0000: 1095.066: [GC [PSYoungGen: 251863K->644K(245568K)] 451920K->200748K(932544K), 0.0045320 secs] [Times: user=0.01 sys=0.00, real=0.00 secs] 
2014-07-16T06:25:16.950+0000: 1095.950: [GC [PSYoungGen: 245508K->672K(239616K)] 445612K->200848K(926592K), 0.0063220 secs] [Times: user=0.04 sys=0.00, real=0.01 secs] 
2014-07-16T06:25:17.895+0000: 1096.896: [GC [PSYoungGen: 239584K->1342K(234560K)] 439760K->201646K(921536K), 0.0050240 secs] [Times: user=0.01 sys=0.00, real=0.00 secs] 
2014-07-16T06:25:18.663+0000: 1097.663: [GC [PSYoungGen: 234558K->580K(228352K)] 434862K->200956K(915328K), 0.0089280 secs] [Times: user=0.04 sys=0.00, real=0.01 secs] 
2014-07-16T06:25:19.484+0000: 1098.484: [GC [PSYoungGen: 228292K->580K(223040K)] 428668K->201020K(910016K), 0.0037970 secs] [Times: user=0.02 sys=0.00, real=0.00 secs] 
2014-07-16T06:25:20.282+0000: 1099.283: [GC [PSYoungGen: 222980K->680K(217984K)] 423420K->201200K(904960K), 0.0041820 secs] [Times: user=0.03 sys=0.00, real=0.01 secs] 
2014-07-16T06:25:21.087+0000: 1100.088: [GC [PSYoungGen: 217960K->644K(213056K)] 418480K->201260K(900032K), 0.0060490 secs] [Times: user=0.04 sys=0.00, real=0.01 secs] 
2014-07-16T06:25:21.868+0000: 1100.869: [GC [PSYoungGen: 212996K->584K(208256K)] 413612K->201232K(895232K), 0.0104690 secs] [Times: user=0.07 sys=0.00, real=0.01 secs] 
2014-07-16T06:25:22.633+0000: 1101.634: [GC [PSYoungGen: 208128K->598K(203648K)] 408776K->201310K(890624K), 0.0034990 secs] [Times: user=0.01 sys=0.01, real=0.00 secs] 
2014-07-16T06:25:23.382+0000: 1102.383: [GC [PSYoungGen: 203569K->912K(199552K)] 404282K->201696K(886528K), 0.0034750 secs] [Times: user=0.01 sys=0.00, real=0.01 secs] 
2014-07-16T06:25:24.123+0000: 1103.124: [GC [PSYoungGen: 199480K->584K(238976K)] 400265K->201392K(925952K), 0.0219790 secs] [Times: user=0.11 sys=0.01, real=0.03 secs] 
2014-07-16T06:25:24.979+0000: 1103.980: [GC [PSYoungGen: 238916K->812K(263616K)] 439724K->201660K(950592K), 0.0053520 secs] [Times: user=0.02 sys=0.00, real=0.01 secs] 
2014-07-16T06:25:25.921+0000: 1104.922: [GC [PSYoungGen: 263148K->480K(256256K)] 463996K->201376K(943232K), 0.0066990 secs] [Times: user=0.04 sys=0.00, real=0.01 secs] 
2014-07-16T06:25:26.850+0000: 1105.851: [GC [PSYoungGen: 256177K->548K(249984K)] 457074K->201500K(936960K), 0.0090760 secs] [Times: user=0.04 sys=0.00, real=0.01 secs] 
2014-07-16T06:25:27.768+0000: 1106.768: [GC [PSYoungGen: 249956K->698K(244032K)] 450908K->201722K(931008K), 0.0047150 secs] [Times: user=0.03 sys=0.00, real=0.00 secs] 
2014-07-16T06:25:28.706+0000: 1107.707: [GC [PSYoungGen: 244026K->1016K(238464K)] 445050K->202088K(925440K), 0.0051810 secs] [Times: user=0.02 sys=0.00, real=0.00 secs] 
2014-07-16T06:25:29.581+0000: 1108.581: [GC [PSYoungGen: 238422K->752K(232576K)] 439494K->201978K(919552K), 0.0070990 secs] [Times: user=0.04 sys=0.00, real=0.01 secs] 
2014-07-16T06:25:30.419+0000: 1109.419: [GC [PSYoungGen: 232511K->548K(226944K)] 433737K->201854K(913920K), 0.0038500 secs] [Times: user=0.02 sys=0.01, real=0.00 secs] 
2014-07-16T06:25:31.267+0000: 1110.267: [GC [PSYoungGen: 226916K->1260K(222400K)] 428222K->202678K(909376K), 0.0066670 secs] [Times: user=0.04 sys=0.00, real=0.00 secs] 
2014-07-16T06:25:32.068+0000: 1111.069: [GC [PSYoungGen: 222380K->662K(216768K)] 423798K->202144K(903744K), 0.0057710 secs] [Times: user=0.03 sys=0.00, real=0.00 secs] 
2014-07-16T06:25:32.836+0000: 1111.836: [GC [PSYoungGen: 216726K->612K(211840K)] 418208K->202190K(898816K), 0.0069710 secs] [Times: user=0.05 sys=0.00, real=0.00 secs] 
2014-07-16T06:25:33.628+0000: 1112.628: [GC [PSYoungGen: 211812K->612K(207104K)] 413390K->202254K(894080K), 0.0054020 secs] [Times: user=0.02 sys=0.00, real=0.00 secs] 
2014-07-16T06:25:34.385+0000: 1113.386: [GC [PSYoungGen: 207076K->744K(202688K)] 408718K->202450K(889664K), 0.0043390 secs] [Times: user=0.03 sys=0.00, real=0.00 secs] 
2014-07-16T06:25:35.128+0000: 1114.128: [GC [PSYoungGen: 202664K->498K(198016K)] 404370K->202268K(884992K), 0.0074070 secs] [Times: user=0.04 sys=0.00, real=0.01 secs] 
2014-07-16T06:25:35.838+0000: 1114.839: [GC [PSYoungGen: 197989K->812K(194112K)] 399759K->202622K(881088K), 0.0050990 secs] [Times: user=0.01 sys=0.00, real=0.00 secs] 
2014-07-16T06:25:36.546+0000: 1115.547: [GC [PSYoungGen: 194092K->648K(189888K)] 395902K->202522K(876864K), 0.0057390 secs] [Times: user=0.03 sys=0.00, real=0.00 secs] 
2014-07-16T06:25:37.232+0000: 1116.232: [GC [PSYoungGen: 189832K->868K(186112K)] 391706K->202830K(873088K), 0.0079340 secs] [Times: user=0.04 sys=0.01, real=0.01 secs] 
2014-07-16T06:25:37.913+0000: 1116.914: [GC [PSYoungGen: 186084K->1188K(182592K)] 388046K->203586K(869568K), 0.0056240 secs] [Times: user=0.04 sys=0.01, real=0.01 secs] 
2014-07-16T06:25:38.596+0000: 1117.596: [GC [PSYoungGen: 182564K->370K(178048K)] 384962K->203016K(865024K), 0.0054540 secs] [Times: user=0.03 sys=0.00, real=0.01 secs] 
2014-07-16T06:25:39.222+0000: 1118.222: [GC [PSYoungGen: 178034K->1098K(175232K)] 380680K->203866K(862208K), 0.0035330 secs] [Times: user=0.02 sys=0.00, real=0.00 secs] 
2014-07-16T06:25:39.856+0000: 1118.857: [GC [PSYoungGen: 175178K->580K(171264K)] 377946K->203544K(858240K), 0.0059070 secs] [Times: user=0.03 sys=0.00, real=0.01 secs] 
2014-07-16T06:25:40.480+0000: 1119.481: [GC [PSYoungGen: 171176K->730K(168000K)] 374141K->203782K(854976K), 0.0052440 secs] [Times: user=0.02 sys=0.00, real=0.00 secs] 
2014-07-16T06:25:41.088+0000: 1120.089: [GC [PSYoungGen: 167962K->830K(164800K)] 371014K->203930K(851776K), 0.0067540 secs] [Times: user=0.05 sys=0.00, real=0.00 secs] 
2014-07-16T06:25:41.707+0000: 1120.707: [GC [PSYoungGen: 164798K->480K(161344K)] 367898K->203668K(848320K), 0.0042910 secs] [Times: user=0.03 sys=0.00, real=0.00 secs] 
2014-07-16T06:25:42.291+0000: 1121.292: [GC [PSYoungGen: 161312K->498K(158272K)] 364500K->203726K(845248K), 0.0061860 secs] [Times: user=0.03 sys=0.00, real=0.01 secs] 
2014-07-16T06:25:42.855+0000: 1121.855: [GC [PSYoungGen: 158258K->576K(189888K)] 361486K->203852K(876864K), 0.0083620 secs] [Times: user=0.04 sys=0.00, real=0.01 secs] 
2014-07-16T06:25:43.571+0000: 1122.572: [GC [PSYoungGen: 189888K->644K(227904K)] 393164K->203968K(914880K), 0.0071660 secs] [Times: user=0.04 sys=0.00, real=0.01 secs] 
2014-07-16T06:25:44.392+0000: 1123.393: [GC [PSYoungGen: 227820K->704K(222592K)] 431145K->204108K(909568K), 0.0034360 secs] [Times: user=0.01 sys=0.00, real=0.00 secs] 
2014-07-16T06:25:45.198+0000: 1124.199: [GC [PSYoungGen: 222557K->630K(217408K)] 425962K->204114K(904384K), 0.0050790 secs] [Times: user=0.02 sys=0.00, real=0.00 secs] 
2014-07-16T06:25:46.016+0000: 1125.017: [GC [PSYoungGen: 217397K->530K(212416K)] 420881K->204070K(899392K), 0.0055700 secs] [Times: user=0.03 sys=0.00, real=0.01 secs] 
2014-07-16T06:25:46.783+0000: 1125.784: [GC [PSYoungGen: 212370K->1122K(208256K)] 415910K->204734K(895232K), 0.0076920 secs] [Times: user=0.04 sys=0.00, real=0.01 secs] 
2014-07-16T06:25:47.523+0000: 1126.524: [GC [PSYoungGen: 208205K->980K(203520K)] 411817K->204656K(890496K), 0.0060220 secs] [Times: user=0.03 sys=0.00, real=0.01 secs] 
2014-07-16T06:25:48.255+0000: 1127.256: [GC [PSYoungGen: 203444K->434K(243456K)] 407121K->204248K(930432K), 0.0127790 secs] [Times: user=0.06 sys=0.01, real=0.02 secs] 
2014-07-16T06:25:49.129+0000: 1128.129: [GC [PSYoungGen: 243442K->434K(237568K)] 447256K->204320K(924544K), 0.0071780 secs] [Times: user=0.05 sys=0.00, real=0.00 secs] 
2014-07-16T06:25:49.990+0000: 1128.991: [GC [PSYoungGen: 237554K->516K(232064K)] 441440K->204474K(919040K), 0.0061020 secs] [Times: user=0.04 sys=0.00, real=0.01 secs] 
2014-07-16T06:25:50.824+0000: 1129.825: [GC [PSYoungGen: 232004K->484K(226560K)] 435962K->204482K(913536K), 0.0034650 secs] [Times: user=0.01 sys=0.00, real=0.00 secs] 
2014-07-16T06:25:51.651+0000: 1130.651: [GC [PSYoungGen: 226532K->580K(269120K)] 430530K->204618K(956096K), 0.0142490 secs] [Times: user=0.08 sys=0.00, real=0.01 secs] 
2014-07-16T06:25:52.625+0000: 1131.626: [GC [PSYoungGen: 268383K->740K(261824K)] 472422K->204826K(948800K), 0.0060700 secs] [Times: user=0.01 sys=0.00, real=0.01 secs] 
2014-07-16T06:25:53.653+0000: 1132.653: [GC [PSYoungGen: 261796K->488K(255040K)] 465882K->205186K(942016K), 0.0069880 secs] [Times: user=0.04 sys=0.00, real=0.01 secs] 
2014-07-16T06:25:54.559+0000: 1133.560: [GC [PSYoungGen: 255016K->1086K(249344K)] 459714K->205832K(936320K), 0.0042890 secs] [Times: user=0.01 sys=0.00, real=0.00 secs] 
2014-07-16T06:25:55.462+0000: 1134.463: [GC [PSYoungGen: 249342K->530K(242752K)] 454088K->205630K(929728K), 0.0090130 secs] [Times: user=0.05 sys=0.00, real=0.01 secs] 
2014-07-16T06:25:56.347+0000: 1135.347: [GC [PSYoungGen: 242706K->1236K(237632K)] 447806K->206400K(924608K), 0.0061600 secs] [Times: user=0.03 sys=0.01, real=0.01 secs] 
2014-07-16T06:25:57.210+0000: 1136.211: [GC [PSYoungGen: 237542K->884K(231616K)] 442707K->206147K(918592K), 0.0034590 secs] [Times: user=0.02 sys=0.00, real=0.00 secs] 
2014-07-16T06:25:58.050+0000: 1137.050: [GC [PSYoungGen: 231604K->762K(226048K)] 436867K->206120K(913024K), 0.0049930 secs] [Times: user=0.03 sys=0.00, real=0.00 secs] 
2014-07-16T06:25:58.880+0000: 1137.880: [GC [PSYoungGen: 226042K->630K(220672K)] 431400K->206068K(907648K), 0.0054360 secs] [Times: user=0.04 sys=0.00, real=0.00 secs] 
2014-07-16T06:25:59.671+0000: 1138.672: [GC [PSYoungGen: 220604K->466K(215488K)] 426043K->205952K(902464K), 0.0059770 secs] [Times: user=0.03 sys=0.00, real=0.00 secs] 
2014-07-16T06:26:00.437+0000: 1139.437: [GC [PSYoungGen: 215421K->758K(210880K)] 420908K->206316K(897856K), 0.0037390 secs] [Times: user=0.02 sys=0.00, real=0.01 secs] 
2014-07-16T06:26:01.201+0000: 1140.202: [GC [PSYoungGen: 210870K->498K(205952K)] 416428K->206112K(892928K), 0.0080460 secs] [Times: user=0.04 sys=0.00, real=0.01 secs] 
2014-07-16T06:26:01.954+0000: 1140.955: [GC [PSYoungGen: 205938K->890K(201792K)] 411552K->206600K(888768K), 0.0058300 secs] [Times: user=0.03 sys=0.01, real=0.01 secs] 
2014-07-16T06:26:02.670+0000: 1141.671: [GC [PSYoungGen: 201786K->544K(197120K)] 407496K->206318K(884096K), 0.0035410 secs] [Times: user=0.01 sys=0.00, real=0.00 secs] 
2014-07-16T06:26:03.392+0000: 1142.393: [GC [PSYoungGen: 197060K->612K(192960K)] 402834K->206458K(879936K), 0.0061890 secs] [Times: user=0.04 sys=0.00, real=0.00 secs] 
2014-07-16T06:26:04.114+0000: 1143.114: [GC [PSYoungGen: 192932K->498K(188736K)] 398778K->206400K(875712K), 0.0068430 secs] [Times: user=0.04 sys=0.00, real=0.01 secs] 
2014-07-16T06:26:04.811+0000: 1143.811: [GC [PSYoungGen: 188722K->758K(185024K)] 394624K->206732K(872000K), 0.0088140 secs] [Times: user=0.05 sys=0.00, real=0.00 secs] 
2014-07-16T06:26:05.476+0000: 1144.476: [GC [PSYoungGen: 185014K->708K(181184K)] 390988K->206754K(868160K), 0.0064200 secs] [Times: user=0.04 sys=0.00, real=0.01 secs] 
2014-07-16T06:26:06.124+0000: 1145.125: [GC [PSYoungGen: 181124K->948K(177664K)] 387170K->207183K(864640K), 0.0036060 secs] [Times: user=0.02 sys=0.01, real=0.00 secs] 
2014-07-16T06:26:06.758+0000: 1145.759: [GC [PSYoungGen: 177652K->776K(173952K)] 383887K->207090K(860928K), 0.0038940 secs] [Times: user=0.02 sys=0.00, real=0.01 secs] 
2014-07-16T06:26:07.394+0000: 1146.395: [GC [PSYoungGen: 173879K->694K(170368K)] 380194K->207088K(857344K), 0.0054730 secs] [Times: user=0.03 sys=0.00, real=0.00 secs] 
2014-07-16T06:26:08.014+0000: 1147.015: [GC [PSYoungGen: 170358K->676K(167040K)] 376752K->207134K(854016K), 0.0042390 secs] [Times: user=0.03 sys=0.00, real=0.00 secs] 
2014-07-16T06:26:08.747+0000: 1147.747: [GC [PSYoungGen: 167012K->1068K(164224K)] 373470K->207745K(851200K), 0.0067930 secs] [Times: user=0.03 sys=0.00, real=0.01 secs] 
2014-07-16T06:26:09.266+0000: 1148.267: [GC [PSYoungGen: 164204K->936K(160960K)] 370881K->207717K(847936K), 0.0042340 secs] [Times: user=0.03 sys=0.00, real=0.01 secs] 
2014-07-16T06:26:09.851+0000: 1148.852: [GC [PSYoungGen: 160936K->698K(157696K)] 367717K->207574K(844672K), 0.0049300 secs] [Times: user=0.03 sys=0.00, real=0.00 secs] 
2014-07-16T06:26:10.418+0000: 1149.419: [GC [PSYoungGen: 157689K->608K(154688K)] 364566K->207556K(841664K), 0.0054710 secs] [Times: user=0.04 sys=0.00, real=0.01 secs] 
2014-07-16T06:26:10.979+0000: 1149.980: [GC [PSYoungGen: 154652K->530K(151744K)] 361601K->207558K(838720K), 0.0077880 secs] [Times: user=0.06 sys=0.00, real=0.01 secs] 
2014-07-16T06:26:11.530+0000: 1150.530: [GC [PSYoungGen: 151698K->566K(182016K)] 358726K->207650K(868992K), 0.0070700 secs] [Times: user=0.04 sys=0.00, real=0.01 secs] 
2014-07-16T06:26:12.189+0000: 1151.190: [GC [PSYoungGen: 182006K->620K(178368K)] 389090K->207745K(865344K), 0.0038220 secs] [Times: user=0.02 sys=0.00, real=0.01 secs] 
2014-07-16T06:26:12.847+0000: 1151.848: [GC [PSYoungGen: 178348K->1212K(175360K)] 385473K->208417K(862336K), 0.0057910 secs] [Times: user=0.04 sys=0.00, real=0.01 secs] 
2014-07-16T06:26:13.469+0000: 1152.470: [GC [PSYoungGen: 175356K->580K(171328K)] 382561K->207840K(858304K), 0.0056210 secs] [Times: user=0.03 sys=0.00, real=0.01 secs] 
2014-07-16T06:26:14.124+0000: 1153.125: [GC [PSYoungGen: 171170K->826K(168128K)] 378431K->208127K(855104K), 0.0049240 secs] [Times: user=0.02 sys=0.00, real=0.00 secs] 
2014-07-16T06:26:14.723+0000: 1153.723: [GC [PSYoungGen: 168122K->698K(164736K)] 375423K->208046K(851712K), 0.0038000 secs] [Times: user=0.01 sys=0.00, real=0.00 secs] 
2014-07-16T06:26:15.323+0000: 1154.323: [GC [PSYoungGen: 164730K->830K(161728K)] 372078K->208227K(848704K), 0.0038050 secs] [Times: user=0.02 sys=0.00, real=0.00 secs] 
2014-07-16T06:26:15.916+0000: 1154.917: [GC [PSYoungGen: 161724K->812K(158656K)] 369121K->208297K(845632K), 0.0052640 secs] [Times: user=0.03 sys=0.00, real=0.01 secs] 
2014-07-16T06:26:16.484+0000: 1155.485: [GC [PSYoungGen: 158636K->530K(155456K)] 366121K->208062K(842432K), 0.0049990 secs] [Times: user=0.02 sys=0.00, real=0.00 secs] 
2014-07-16T06:26:17.063+0000: 1156.064: [GC [PSYoungGen: 155410K->1058K(153088K)] 362942K->208655K(840064K), 0.0055010 secs] [Times: user=0.03 sys=0.00, real=0.00 secs] 
2014-07-16T06:26:17.635+0000: 1156.636: [GC [PSYoungGen: 153058K->534K(149760K)] 360655K->208202K(836736K), 0.0074830 secs] [Times: user=0.04 sys=0.00, real=0.01 secs] 
2014-07-16T06:26:18.186+0000: 1157.187: [GC [PSYoungGen: 149718K->498K(179584K)] 357386K->208230K(866560K), 0.0134960 secs] [Times: user=0.08 sys=0.00, real=0.01 secs] 
2014-07-16T06:26:18.930+0000: 1157.931: [GC [PSYoungGen: 179570K->1022K(215936K)] 387302K->208843K(902912K), 0.0056400 secs] [Times: user=0.03 sys=0.01, real=0.01 secs] 
2014-07-16T06:26:19.636+0000: 1158.636: [GC [PSYoungGen: 215898K->594K(248768K)] 423719K->208502K(935744K), 0.0047060 secs] [Times: user=0.03 sys=0.00, real=0.00 secs] 
2014-07-16T06:26:20.524+0000: 1159.525: [GC [PSYoungGen: 248236K->976K(242688K)] 456145K->208949K(929664K), 0.0068980 secs] [Times: user=0.03 sys=0.00, real=0.00 secs] 
2014-07-16T06:26:21.414+0000: 1160.415: [GC [PSYoungGen: 242640K->374K(236224K)] 450613K->208573K(923200K), 0.0076870 secs] [Times: user=0.05 sys=0.00, real=0.01 secs] 
2014-07-16T06:26:22.269+0000: 1161.269: [GC [PSYoungGen: 236214K->1204K(231424K)] 444413K->209499K(918400K), 0.0057140 secs] [Times: user=0.03 sys=0.00, real=0.01 secs] 
2014-07-16T06:26:23.111+0000: 1162.112: [GC [PSYoungGen: 231387K->466K(225344K)] 439682K->208824K(912320K), 0.0075790 secs] [Times: user=0.04 sys=0.00, real=0.01 secs] 
2014-07-16T06:26:24.023+0000: 1163.024: [GC [PSYoungGen: 225298K->886K(220544K)] 433656K->209309K(907520K), 0.0055320 secs] [Times: user=0.03 sys=0.01, real=0.00 secs] 
2014-07-16T06:26:24.806+0000: 1163.807: [GC [PSYoungGen: 220489K->972K(246272K)] 428912K->209451K(933248K), 0.0138080 secs] [Times: user=0.08 sys=0.00, real=0.01 secs] 
2014-07-16T06:26:25.702+0000: 1164.703: [GC [PSYoungGen: 245818K->898K(239872K)] 454297K->209433K(926848K), 0.0049600 secs] [Times: user=0.03 sys=0.01, real=0.01 secs] 
2014-07-16T06:26:26.575+0000: 1165.576: [GC [PSYoungGen: 239810K->512K(233728K)] 448345K->209166K(920704K), 0.0052860 secs] [Times: user=0.03 sys=0.00, real=0.00 secs] 
2014-07-16T06:26:27.412+0000: 1166.413: [GC [PSYoungGen: 233728K->1268K(228992K)] 442382K->209995K(915968K), 0.0088430 secs] [Times: user=0.06 sys=0.00, real=0.01 secs] 
2014-07-16T06:26:28.269+0000: 1167.269: [GC [PSYoungGen: 228980K->708K(223168K)] 437707K->209466K(910144K), 0.0057990 secs] [Times: user=0.01 sys=0.00, real=0.01 secs] 
2014-07-16T06:26:29.125+0000: 1168.125: [GC [PSYoungGen: 223108K->1090K(218432K)] 431866K->209929K(905408K), 0.0074550 secs] [Times: user=0.04 sys=0.00, real=0.00 secs] 
2014-07-16T06:26:29.873+0000: 1168.874: [GC [PSYoungGen: 218370K->530K(212928K)] 427209K->209440K(899904K), 0.0058590 secs] [Times: user=0.04 sys=0.00, real=0.01 secs] 
2014-07-16T06:26:30.652+0000: 1169.653: [GC [PSYoungGen: 212882K->658K(208320K)] 421792K->209648K(895296K), 0.0060880 secs] [Times: user=0.03 sys=0.00, real=0.01 secs] 
2014-07-16T06:26:31.425+0000: 1170.426: [GC [PSYoungGen: 208274K->936K(203968K)] 417264K->210007K(890944K), 0.0030760 secs] [Times: user=0.01 sys=0.01, real=0.00 secs] 
2014-07-16T06:26:32.166+0000: 1171.167: [GC [PSYoungGen: 203928K->516K(199168K)] 412998K->209642K(886144K), 0.0051080 secs] [Times: user=0.03 sys=0.00, real=0.00 secs] 
2014-07-16T06:26:32.894+0000: 1171.895: [GC [PSYoungGen: 199107K->712K(195072K)] 408234K->209903K(882048K), 0.0050340 secs] [Times: user=0.02 sys=0.00, real=0.00 secs] 
2014-07-16T06:26:33.604+0000: 1172.604: [GC [PSYoungGen: 195015K->452K(190656K)] 404206K->209674K(877632K), 0.0072300 secs] [Times: user=0.04 sys=0.01, real=0.01 secs] 
2014-07-16T06:26:34.286+0000: 1173.286: [GC [PSYoungGen: 190596K->730K(186880K)] 399818K->210025K(873856K), 0.0077060 secs] [Times: user=0.04 sys=0.00, real=0.00 secs] 
2014-07-16T06:26:34.957+0000: 1173.958: [GC [PSYoungGen: 186811K->694K(182976K)] 396106K->210093K(869952K), 0.0043840 secs] [Times: user=0.02 sys=0.00, real=0.00 secs] 
2014-07-16T06:26:35.624+0000: 1174.625: [GC [PSYoungGen: 182966K->848K(179456K)] 392365K->210295K(866432K), 0.0097250 secs] [Times: user=0.05 sys=0.00, real=0.01 secs] 
2014-07-16T06:26:36.263+0000: 1175.263: [GC [PSYoungGen: 179341K->872K(175808K)] 388788K->210399K(862784K), 0.0034320 secs] [Times: user=0.02 sys=0.00, real=0.01 secs] 
2014-07-16T06:26:36.886+0000: 1175.886: [GC [PSYoungGen: 175783K->662K(172096K)] 385310K->210269K(859072K), 0.0051250 secs] [Times: user=0.02 sys=0.00, real=0.00 secs] 
2014-07-16T06:26:37.512+0000: 1176.513: [GC [PSYoungGen: 172054K->598K(206336K)] 381661K->210261K(893312K), 0.0102980 secs] [Times: user=0.06 sys=0.00, real=0.01 secs] 
2014-07-16T06:26:38.258+0000: 1177.259: [GC [PSYoungGen: 206294K->726K(236608K)] 415957K->210429K(923584K), 0.0095300 secs] [Times: user=0.06 sys=0.00, real=0.01 secs] 
2014-07-16T06:26:39.379+0000: 1178.380: [GC [PSYoungGen: 236182K->1146K(236608K)] 445885K->210985K(923584K), 0.0092070 secs] [Times: user=0.05 sys=0.00, real=0.01 secs] 
2014-07-16T06:26:40.157+0000: 1179.158: [GC [PSYoungGen: 236602K->434K(230336K)] 446441K->210312K(917312K), 0.0061090 secs] [Times: user=0.04 sys=0.00, real=0.00 secs] 
2014-07-16T06:26:40.994+0000: 1179.994: [GC [PSYoungGen: 230322K->876K(225408K)] 440200K->210827K(912384K), 0.0063570 secs] [Times: user=0.03 sys=0.00, real=0.01 secs] 
2014-07-16T06:26:41.811+0000: 1180.812: [GC [PSYoungGen: 225388K->534K(219904K)] 435339K->210549K(906880K), 0.0072140 secs] [Times: user=0.04 sys=0.01, real=0.01 secs] 
2014-07-16T06:26:42.610+0000: 1181.610: [GC [PSYoungGen: 219862K->1004K(215360K)] 429877K->211091K(902336K), 0.0087260 secs] [Times: user=0.05 sys=0.00, real=0.01 secs] 
2014-07-16T06:26:43.396+0000: 1182.397: [GC [PSYoungGen: 215340K->598K(210112K)] 425427K->210733K(897088K), 0.0069290 secs] [Times: user=0.04 sys=0.00, real=0.00 secs] 
2014-07-16T06:26:44.171+0000: 1183.172: [GC [PSYoungGen: 210070K->416K(205248K)] 420205K->210574K(892224K), 0.0050140 secs] [Times: user=0.02 sys=0.00, real=0.01 secs] 
2014-07-16T06:26:44.917+0000: 1183.918: [GC [PSYoungGen: 205216K->644K(201024K)] 415374K->210850K(888000K), 0.0103160 secs] [Times: user=0.06 sys=0.00, real=0.01 secs] 
2014-07-16T06:26:45.650+0000: 1184.651: [GC [PSYoungGen: 200964K->580K(241024K)] 411170K->210826K(928000K), 0.0102430 secs] [Times: user=0.06 sys=0.00, real=0.01 secs] 
2014-07-16T06:26:46.555+0000: 1185.556: [GC [PSYoungGen: 240940K->1104K(235776K)] 451187K->211447K(922752K), 0.0054810 secs] [Times: user=0.03 sys=0.00, real=0.01 secs] 
2014-07-16T06:26:47.396+0000: 1186.396: [GC [PSYoungGen: 235728K->850K(229952K)] 446071K->211256K(916928K), 0.0058680 secs] [Times: user=0.03 sys=0.00, real=0.01 secs] 
2014-07-16T06:26:48.242+0000: 1187.243: [GC [PSYoungGen: 229906K->640K(224320K)] 440312K->211126K(911296K), 0.0052660 secs] [Times: user=0.02 sys=0.00, real=0.01 secs] 
2014-07-16T06:26:49.066+0000: 1188.067: [GC [PSYoungGen: 224320K->1040K(219584K)] 434806K->211607K(906560K), 0.0060170 secs] [Times: user=0.04 sys=0.00, real=0.00 secs] 
2014-07-16T06:26:49.864+0000: 1188.865: [GC [PSYoungGen: 219521K->676K(214208K)] 430088K->211314K(901184K), 0.0036700 secs] [Times: user=0.01 sys=0.00, real=0.01 secs] 
2014-07-16T06:26:50.622+0000: 1189.623: [GC [PSYoungGen: 214180K->666K(209408K)] 424818K->211361K(896384K), 0.0032670 secs] [Times: user=0.01 sys=0.01, real=0.00 secs] 
2014-07-16T06:26:51.375+0000: 1190.375: [GC [PSYoungGen: 209370K->512K(204608K)] 420065K->211278K(891584K), 0.0037640 secs] [Times: user=0.02 sys=0.00, real=0.01 secs] 
2014-07-16T06:26:52.109+0000: 1191.110: [GC [PSYoungGen: 204603K->648K(200320K)] 415370K->211471K(887296K), 0.0103780 secs] [Times: user=0.07 sys=0.00, real=0.01 secs] 
2014-07-16T06:26:52.814+0000: 1191.815: [GC [PSYoungGen: 200264K->1094K(196416K)] 411087K->211997K(883392K), 0.0041580 secs] [Times: user=0.02 sys=0.00, real=0.01 secs] 
2014-07-16T06:26:53.524+0000: 1192.525: [GC [PSYoungGen: 196358K->798K(191936K)] 407261K->211773K(878912K), 0.0062250 secs] [Times: user=0.04 sys=0.00, real=0.01 secs] 
2014-07-16T06:26:54.211+0000: 1193.211: [GC [PSYoungGen: 191889K->466K(187584K)] 402864K->211480K(874560K), 0.0039220 secs] [Times: user=0.02 sys=0.00, real=0.00 secs] 
2014-07-16T06:26:54.897+0000: 1193.897: [GC [PSYoungGen: 187538K->644K(183872K)] 398552K->211778K(870848K), 0.0045690 secs] [Times: user=0.03 sys=0.00, real=0.01 secs] 
2014-07-16T06:26:55.563+0000: 1194.564: [GC [PSYoungGen: 183812K->1034K(180480K)] 394946K->212209K(867456K), 0.0044510 secs] [Times: user=0.01 sys=0.01, real=0.01 secs] 
2014-07-16T06:26:56.237+0000: 1195.238: [GC [PSYoungGen: 180426K->680K(176448K)] 391601K->211927K(863424K), 0.0067750 secs] [Times: user=0.03 sys=0.00, real=0.01 secs] 
2014-07-16T06:26:56.876+0000: 1195.876: [GC [PSYoungGen: 176424K->808K(173056K)] 387671K->212119K(860032K), 0.0068110 secs] [Times: user=0.03 sys=0.00, real=0.01 secs] 
2014-07-16T06:26:57.500+0000: 1196.500: [GC [PSYoungGen: 173032K->548K(207296K)] 384343K->211914K(894272K), 0.0171840 secs] [Times: user=0.10 sys=0.00, real=0.01 secs] 
2014-07-16T06:26:58.261+0000: 1197.261: [GC [PSYoungGen: 207268K->484K(248576K)] 418634K->211914K(935552K), 0.0058410 secs] [Times: user=0.03 sys=0.00, real=0.00 secs] 
2014-07-16T06:26:59.188+0000: 1198.189: [GC [PSYoungGen: 248548K->666K(270528K)] 459978K->212137K(957504K), 0.0067290 secs] [Times: user=0.03 sys=0.00, real=0.00 secs] 
2014-07-16T06:27:00.191+0000: 1199.191: [GC [PSYoungGen: 269946K->976K(263488K)] 481417K->212551K(950464K), 0.0056220 secs] [Times: user=0.04 sys=0.00, real=0.00 secs] 
2014-07-16T06:27:01.145+0000: 1200.146: [GC [PSYoungGen: 263440K->708K(256640K)] 475015K->212354K(943616K), 0.0032680 secs] [Times: user=0.02 sys=0.00, real=0.01 secs] 
2014-07-16T06:27:02.076+0000: 1201.077: [GC [PSYoungGen: 256580K->690K(250240K)] 468226K->212392K(937216K), 0.0046260 secs] [Times: user=0.01 sys=0.00, real=0.01 secs] 
2014-07-16T06:27:02.984+0000: 1201.985: [GC [PSYoungGen: 250226K->544K(244032K)] 461928K->212318K(931008K), 0.0073700 secs] [Times: user=0.04 sys=0.00, real=0.01 secs] 
2014-07-16T06:27:03.869+0000: 1202.870: [GC [PSYoungGen: 243999K->626K(238208K)] 455774K->212480K(925184K), 0.0091630 secs] [Times: user=0.06 sys=0.00, real=0.00 secs] 
2014-07-16T06:27:04.766+0000: 1203.766: [GC [PSYoungGen: 238194K->904K(232832K)] 450048K->212871K(919808K), 0.0032600 secs] [Times: user=0.02 sys=0.00, real=0.01 secs] 
2014-07-16T06:27:05.578+0000: 1204.578: [GC [PSYoungGen: 232776K->740K(227200K)] 444743K->212943K(914176K), 0.0059120 secs] [Times: user=0.03 sys=0.00, real=0.01 secs] 
2014-07-16T06:27:06.409+0000: 1205.409: [GC [PSYoungGen: 227172K->1204K(222400K)] 439375K->213713K(909376K), 0.0043320 secs] [Times: user=0.02 sys=0.00, real=0.01 secs] 
2014-07-16T06:27:07.199+0000: 1206.199: [GC [PSYoungGen: 222388K->506K(216640K)] 434897K->213613K(903616K), 0.0032460 secs] [Times: user=0.01 sys=0.00, real=0.01 secs] 
2014-07-16T06:27:07.969+0000: 1206.969: [GC [PSYoungGen: 216599K->566K(211776K)] 429706K->213887K(898752K), 0.0039850 secs] [Times: user=0.02 sys=0.01, real=0.01 secs] 
2014-07-16T06:27:08.749+0000: 1207.749: [GC [PSYoungGen: 211751K->1190K(207680K)] 425073K->214615K(894656K), 0.0070620 secs] [Times: user=0.04 sys=0.00, real=0.01 secs] 
2014-07-16T06:27:09.672+0000: 1208.673: [GC [PSYoungGen: 207650K->1206K(203136K)] 421075K->214719K(890112K), 0.0071030 secs] [Times: user=0.04 sys=0.00, real=0.00 secs] 
2014-07-16T06:27:10.359+0000: 1209.359: [GC [PSYoungGen: 203104K->694K(198208K)] 416617K->214263K(885184K), 0.0080540 secs] [Times: user=0.04 sys=0.00, real=0.01 secs] 
2014-07-16T06:27:11.077+0000: 1210.078: [GC [PSYoungGen: 198198K->1150K(194432K)] 411767K->214807K(881408K), 0.0036850 secs] [Times: user=0.02 sys=0.00, real=0.01 secs] 
2014-07-16T06:27:11.771+0000: 1210.772: [GC [PSYoungGen: 194429K->480K(189696K)] 408086K->214217K(876672K), 0.0051840 secs] [Times: user=0.02 sys=0.00, real=0.00 secs] 
2014-07-16T06:27:12.484+0000: 1211.485: [GC [PSYoungGen: 189664K->1324K(186560K)] 403401K->215117K(873536K), 0.0073730 secs] [Times: user=0.03 sys=0.01, real=0.01 secs] 
2014-07-16T06:27:13.140+0000: 1212.140: [GC [PSYoungGen: 186540K->812K(182208K)] 400333K->214685K(869184K), 0.0050630 secs] [Times: user=0.02 sys=0.00, real=0.01 secs] 
2014-07-16T06:27:13.797+0000: 1212.798: [GC [PSYoungGen: 182188K->954K(178624K)] 396061K->214907K(865600K), 0.0092050 secs] [Times: user=0.05 sys=0.00, real=0.01 secs] 
2014-07-16T06:27:14.442+0000: 1213.442: [GC [PSYoungGen: 178618K->862K(174976K)] 392571K->214871K(861952K), 0.0047950 secs] [Times: user=0.02 sys=0.01, real=0.00 secs] 
2014-07-16T06:27:15.097+0000: 1214.098: [GC [PSYoungGen: 174942K->912K(171584K)] 388951K->215009K(858560K), 0.0044890 secs] [Times: user=0.02 sys=0.01, real=0.01 secs] 
2014-07-16T06:27:15.723+0000: 1214.724: [GC [PSYoungGen: 171536K->562K(167808K)] 385633K->214731K(854784K), 0.0032340 secs] [Times: user=0.01 sys=0.01, real=0.00 secs] 
2014-07-16T06:27:16.347+0000: 1215.348: [GC [PSYoungGen: 167794K->1276K(165248K)] 381963K->215533K(852224K), 0.0031430 secs] [Times: user=0.01 sys=0.00, real=0.00 secs] 
2014-07-16T06:27:16.944+0000: 1215.944: [GC [PSYoungGen: 165244K->616K(161472K)] 379501K->214929K(848448K), 0.0096010 secs] [Times: user=0.06 sys=0.00, real=0.01 secs] 
2014-07-16T06:27:17.520+0000: 1216.520: [GC [PSYoungGen: 161445K->484K(158272K)] 375759K->214861K(845248K), 0.0067630 secs] [Times: user=0.04 sys=0.00, real=0.01 secs] 
2014-07-16T06:27:18.087+0000: 1217.088: [GC [PSYoungGen: 158219K->858K(155712K)] 372596K->215315K(842688K), 0.0053370 secs] [Times: user=0.03 sys=0.00, real=0.01 secs] 
2014-07-16T06:27:18.662+0000: 1217.663: [GC [PSYoungGen: 155674K->740K(152704K)] 370131K->215277K(839680K), 0.0050760 secs] [Times: user=0.03 sys=0.00, real=0.00 secs] 
2014-07-16T06:27:19.216+0000: 1218.217: [GC [PSYoungGen: 152665K->940K(150080K)] 367202K->215549K(837056K), 0.0034040 secs] [Times: user=0.02 sys=0.00, real=0.00 secs] 
2014-07-16T06:27:19.911+0000: 1218.912: [GC [PSYoungGen: 150060K->1188K(147648K)] 364669K->215869K(834624K), 0.0061660 secs] [Times: user=0.03 sys=0.00, real=0.00 secs] 
2014-07-16T06:27:20.379+0000: 1219.380: [GC [PSYoungGen: 147620K->830K(144640K)] 362301K->215599K(831616K), 0.0061760 secs] [Times: user=0.03 sys=0.00, real=0.01 secs] 
2014-07-16T06:27:20.913+0000: 1219.914: [GC [PSYoungGen: 144638K->776K(173440K)] 359407K->215625K(860416K), 0.0082740 secs] [Times: user=0.05 sys=0.00, real=0.01 secs] 
2014-07-16T06:27:21.529+0000: 1220.530: [GC [PSYoungGen: 173323K->958K(170112K)] 388172K->215895K(857088K), 0.0038330 secs] [Times: user=0.02 sys=0.00, real=0.01 secs] 
2014-07-16T06:27:22.152+0000: 1221.153: [GC [PSYoungGen: 170110K->576K(166400K)] 385047K->215593K(853376K), 0.0065210 secs] [Times: user=0.03 sys=0.00, real=0.00 secs] 
2014-07-16T06:27:22.778+0000: 1221.778: [GC [PSYoungGen: 166400K->890K(199936K)] 381417K->215939K(886912K), 0.0122650 secs] [Times: user=0.07 sys=0.00, real=0.01 secs] 
2014-07-16T06:27:23.487+0000: 1222.487: [GC [PSYoungGen: 199926K->1004K(239872K)] 414976K->216133K(926848K), 0.0039320 secs] [Times: user=0.02 sys=0.00, real=0.00 secs] 
2014-07-16T06:27:24.339+0000: 1223.340: [GC [PSYoungGen: 239852K->808K(280000K)] 454981K->216217K(966976K), 0.0096730 secs] [Times: user=0.05 sys=0.01, real=0.01 secs] 
2014-07-16T06:27:25.381+0000: 1224.381: [GC [PSYoungGen: 279976K->1022K(272960K)] 495385K->216535K(959936K), 0.0039700 secs] [Times: user=0.02 sys=0.00, real=0.01 secs] 
2014-07-16T06:27:26.365+0000: 1225.366: [GC [PSYoungGen: 272931K->356K(265344K)] 488444K->216301K(952320K), 0.0075180 secs] [Times: user=0.04 sys=0.00, real=0.01 secs] 
2014-07-16T06:27:27.326+0000: 1226.327: [GC [PSYoungGen: 265316K->772K(259136K)] 481261K->216773K(946112K), 0.0111550 secs] [Times: user=0.08 sys=0.00, real=0.01 secs] 
2014-07-16T06:27:28.265+0000: 1227.266: [GC [PSYoungGen: 259076K->598K(252480K)] 475077K->216803K(939456K), 0.0052460 secs] [Times: user=0.04 sys=0.00, real=0.00 secs] 
2014-07-16T06:27:29.188+0000: 1228.189: [GC [PSYoungGen: 252438K->1136K(246784K)] 468643K->217429K(933760K), 0.0064090 secs] [Times: user=0.04 sys=0.00, real=0.01 secs] 
2014-07-16T06:27:30.208+0000: 1229.208: [GC [PSYoungGen: 246768K->830K(240512K)] 463061K->217285K(927488K), 0.0047900 secs] [Times: user=0.02 sys=0.00, real=0.00 secs] 
2014-07-16T06:27:31.036+0000: 1230.037: [GC [PSYoungGen: 240510K->826K(234752K)] 456965K->217361K(921728K), 0.0043410 secs] [Times: user=0.02 sys=0.00, real=0.00 secs] 
2014-07-16T06:27:31.884+0000: 1230.885: [GC [PSYoungGen: 234746K->544K(228992K)] 451281K->217217K(915968K), 0.0037700 secs] [Times: user=0.02 sys=0.00, real=0.00 secs] 
2014-07-16T06:27:32.719+0000: 1231.720: [GC [PSYoungGen: 228960K->960K(224064K)] 445633K->217689K(911040K), 0.0088550 secs] [Times: user=0.03 sys=0.00, real=0.01 secs] 
2014-07-16T06:27:33.512+0000: 1232.513: [GC [PSYoungGen: 224034K->716K(218752K)] 440763K->217501K(905728K), 0.0085300 secs] [Times: user=0.05 sys=0.00, real=0.01 secs] 
2014-07-16T06:27:34.314+0000: 1233.315: [GC [PSYoungGen: 218700K->498K(213504K)] 435485K->217363K(900480K), 0.0046290 secs] [Times: user=0.02 sys=0.01, real=0.00 secs] 
2014-07-16T06:27:35.186+0000: 1234.187: [GC [PSYoungGen: 213490K->1048K(209280K)] 430355K->217969K(896256K), 0.0070200 secs] [Times: user=0.04 sys=0.00, real=0.01 secs] 
2014-07-16T06:27:35.898+0000: 1234.899: [GC [PSYoungGen: 209240K->644K(204288K)] 426161K->217629K(891264K), 0.0049250 secs] [Times: user=0.03 sys=0.00, real=0.00 secs] 
2014-07-16T06:27:36.643+0000: 1235.644: [GC [PSYoungGen: 204228K->662K(199808K)] 421213K->217719K(886784K), 0.0063310 secs] [Times: user=0.03 sys=0.01, real=0.01 secs] 
2014-07-16T06:27:37.368+0000: 1236.369: [GC [PSYoungGen: 199766K->662K(195520K)] 416823K->217799K(882496K), 0.0045020 secs] [Times: user=0.02 sys=0.00, real=0.00 secs] 
2014-07-16T06:27:38.108+0000: 1237.108: [GC [PSYoungGen: 195478K->868K(191552K)] 412615K->218109K(878528K), 0.0067010 secs] [Times: user=0.04 sys=0.00, real=0.01 secs] 
2014-07-16T06:27:38.798+0000: 1237.799: [GC [PSYoungGen: 191524K->1158K(187840K)] 408765K->218447K(874816K), 0.0090990 secs] [Times: user=0.04 sys=0.00, real=0.01 secs] 
2014-07-16T06:27:39.482+0000: 1238.483: [GC [PSYoungGen: 187782K->502K(183232K)] 405071K->218095K(870208K), 0.0078020 secs] [Times: user=0.05 sys=0.00, real=0.01 secs] 
2014-07-16T06:27:40.249+0000: 1239.249: [GC [PSYoungGen: 183222K->1040K(180032K)] 400815K->218697K(867008K), 0.0054660 secs] [Times: user=0.03 sys=0.00, real=0.01 secs] 
2014-07-16T06:27:40.848+0000: 1239.849: [GC [PSYoungGen: 179984K->712K(176064K)] 397641K->218465K(863040K), 0.0056510 secs] [Times: user=0.04 sys=0.00, real=0.01 secs] 
2014-07-16T06:27:41.474+0000: 1240.475: [GC [PSYoungGen: 176008K->548K(172352K)] 393761K->218357K(859328K), 0.0046370 secs] [Times: user=0.03 sys=0.00, real=0.00 secs] 
2014-07-16T06:27:42.112+0000: 1241.113: [GC [PSYoungGen: 172324K->1172K(169600K)] 390133K->219045K(856576K), 0.0043870 secs] [Times: user=0.02 sys=0.00, real=0.01 secs] 
2014-07-16T06:27:42.710+0000: 1241.711: [GC [PSYoungGen: 169556K->848K(166016K)] 387429K->218809K(852992K), 0.0032830 secs] [Times: user=0.01 sys=0.00, real=0.00 secs] 
2014-07-16T06:27:43.328+0000: 1242.328: [GC [PSYoungGen: 165968K->762K(162688K)] 383929K->218787K(849664K), 0.0037310 secs] [Times: user=0.01 sys=0.00, real=0.00 secs] 
2014-07-16T06:27:43.913+0000: 1242.914: [GC [PSYoungGen: 162682K->594K(159488K)] 380707K->218699K(846464K), 0.0037390 secs] [Times: user=0.02 sys=0.00, real=0.01 secs] 
2014-07-16T06:27:44.482+0000: 1243.482: [GC [PSYoungGen: 159406K->662K(156544K)] 377512K->218871K(843520K), 0.0048260 secs] [Times: user=0.03 sys=0.00, real=0.01 secs] 
2014-07-16T06:27:45.059+0000: 1244.060: [GC [PSYoungGen: 156502K->726K(153728K)] 374711K->219007K(840704K), 0.0037790 secs] [Times: user=0.02 sys=0.01, real=0.00 secs] 
2014-07-16T06:27:45.637+0000: 1244.638: [GC [PSYoungGen: 153686K->912K(151104K)] 371967K->219289K(838080K), 0.0075680 secs] [Times: user=0.05 sys=0.00, real=0.00 secs] 
2014-07-16T06:27:46.190+0000: 1245.191: [GC [PSYoungGen: 151033K->744K(148160K)] 369411K->219193K(835136K), 0.0037980 secs] [Times: user=0.01 sys=0.00, real=0.00 secs] 
2014-07-16T06:27:46.738+0000: 1245.738: [GC [PSYoungGen: 148136K->890K(145664K)] 366585K->219427K(832640K), 0.0076430 secs] [Times: user=0.04 sys=0.00, real=0.01 secs] 
2014-07-16T06:27:47.255+0000: 1246.256: [GC [PSYoungGen: 145648K->666K(142912K)] 364186K->219251K(829888K), 0.0038020 secs] [Times: user=0.01 sys=0.00, real=0.00 secs] 
2014-07-16T06:27:47.791+0000: 1246.792: [GC [PSYoungGen: 142874K->1008K(140736K)] 361459K->219813K(827712K), 0.0036630 secs] [Times: user=0.01 sys=0.00, real=0.01 secs] 
2014-07-16T06:27:48.265+0000: 1247.266: [GC [PSYoungGen: 140720K->1312K(138624K)] 359525K->220390K(825600K), 0.0076940 secs] [Times: user=0.03 sys=0.01, real=0.00 secs] 
2014-07-16T06:27:48.766+0000: 1247.767: [GC [PSYoungGen: 138590K->356K(135296K)] 357668K->220012K(822272K), 0.0048400 secs] [Times: user=0.03 sys=0.00, real=0.00 secs] 
2014-07-16T06:27:49.267+0000: 1248.268: [GC [PSYoungGen: 135264K->950K(162880K)] 354920K->220646K(849856K), 0.0063680 secs] [Times: user=0.03 sys=0.00, real=0.00 secs] 
2014-07-16T06:27:49.856+0000: 1248.857: [GC [PSYoungGen: 162870K->662K(195008K)] 382566K->220610K(881984K), 0.0058050 secs] [Times: user=0.03 sys=0.00, real=0.00 secs] 
2014-07-16T06:27:50.570+0000: 1249.571: [GC [PSYoungGen: 194966K->594K(190784K)] 414914K->220622K(877760K), 0.0041050 secs] [Times: user=0.02 sys=0.00, real=0.00 secs] 
2014-07-16T06:27:51.262+0000: 1250.262: [GC [PSYoungGen: 190727K->548K(186688K)] 410755K->220648K(873664K), 0.0062670 secs] [Times: user=0.03 sys=0.00, real=0.01 secs] 
2014-07-16T06:27:51.945+0000: 1250.946: [GC [PSYoungGen: 186612K->934K(183232K)] 406712K->221106K(870208K), 0.0064090 secs] [Times: user=0.03 sys=0.00, real=0.01 secs] 
2014-07-16T06:27:52.619+0000: 1251.620: [GC [PSYoungGen: 183206K->1026K(179648K)] 403378K->221262K(866624K), 0.0030550 secs] [Times: user=0.01 sys=0.01, real=0.00 secs] 
2014-07-16T06:27:53.264+0000: 1252.264: [GC [PSYoungGen: 179556K->580K(175552K)] 399792K->220872K(862528K), 0.0041420 secs] [Times: user=0.03 sys=0.00, real=0.01 secs] 
2014-07-16T06:27:53.906+0000: 1252.906: [GC [PSYoungGen: 175492K->872K(172288K)] 395784K->221268K(859264K), 0.0053180 secs] [Times: user=0.03 sys=0.00, real=0.01 secs] 
2014-07-16T06:27:54.529+0000: 1253.530: [GC [PSYoungGen: 172264K->626K(168640K)] 392660K->221102K(855616K), 0.0043550 secs] [Times: user=0.02 sys=0.01, real=0.00 secs] 
2014-07-16T06:27:55.141+0000: 1254.141: [GC [PSYoungGen: 168542K->726K(165504K)] 389018K->221266K(852480K), 0.0062040 secs] [Times: user=0.04 sys=0.00, real=0.01 secs] 
2014-07-16T06:27:55.745+0000: 1254.745: [GC [PSYoungGen: 165396K->598K(162176K)] 385936K->221210K(849152K), 0.0040560 secs] [Times: user=0.02 sys=0.00, real=0.01 secs] 
2014-07-16T06:27:56.338+0000: 1255.339: [GC [PSYoungGen: 162134K->562K(159040K)] 382746K->221238K(846016K), 0.0082120 secs] [Times: user=0.05 sys=0.00, real=0.00 secs] 
2014-07-16T06:27:56.934+0000: 1255.934: [GC [PSYoungGen: 158984K->1114K(156608K)] 379660K->221894K(843584K), 0.0036570 secs] [Times: user=0.02 sys=0.00, real=0.01 secs] 
2014-07-16T06:27:57.487+0000: 1256.487: [GC [PSYoungGen: 156548K->880K(153472K)] 377328K->221724K(840448K), 0.0067960 secs] [Times: user=0.03 sys=0.00, real=0.01 secs] 
2014-07-16T06:27:58.046+0000: 1257.046: [GC [PSYoungGen: 153456K->402K(150208K)] 374300K->221294K(837184K), 0.0036900 secs] [Times: user=0.02 sys=0.00, real=0.01 secs] 
2014-07-16T06:27:58.594+0000: 1257.595: [GC [PSYoungGen: 150141K->690K(147776K)] 371033K->221678K(834752K), 0.0035580 secs] [Times: user=0.01 sys=0.00, real=0.01 secs] 
2014-07-16T06:27:59.126+0000: 1258.127: [GC [PSYoungGen: 147762K->630K(145088K)] 368750K->221706K(832064K), 0.0081180 secs] [Times: user=0.04 sys=0.01, real=0.01 secs] 
2014-07-16T06:27:59.655+0000: 1258.656: [GC [PSYoungGen: 145078K->880K(174272K)] 366154K->222012K(861248K), 0.0076730 secs] [Times: user=0.05 sys=0.00, real=0.01 secs] 
2014-07-16T06:28:00.285+0000: 1259.286: [GC [PSYoungGen: 174256K->862K(208960K)] 395388K->222050K(895936K), 0.0100190 secs] [Times: user=0.05 sys=0.01, real=0.01 secs] 
2014-07-16T06:28:01.073+0000: 1260.073: [GC [PSYoungGen: 208893K->804K(250560K)] 430081K->222064K(937536K), 0.0050480 secs] [Times: user=0.02 sys=0.00, real=0.01 secs] 
2014-07-16T06:28:01.991+0000: 1260.992: [GC [PSYoungGen: 250532K->868K(244480K)] 471792K->222232K(931456K), 0.0078260 secs] [Times: user=0.04 sys=0.00, real=0.01 secs] 
2014-07-16T06:28:02.875+0000: 1261.876: [GC [PSYoungGen: 244445K->580K(238336K)] 465809K->222008K(925312K), 0.0067410 secs] [Times: user=0.03 sys=0.01, real=0.01 secs] 
2014-07-16T06:28:03.732+0000: 1262.733: [GC [PSYoungGen: 238276K->384K(232384K)] 459704K->221884K(919360K), 0.0053140 secs] [Times: user=0.03 sys=0.00, real=0.00 secs] 
2014-07-16T06:28:04.581+0000: 1263.581: [GC [PSYoungGen: 232384K->1132K(227712K)] 453884K->222712K(914688K), 0.0053360 secs] [Times: user=0.03 sys=0.00, real=0.00 secs] 
2014-07-16T06:28:05.497+0000: 1264.498: [GC [PSYoungGen: 227687K->1206K(222528K)] 449267K->222890K(909504K), 0.0075280 secs] [Times: user=0.04 sys=0.00, real=0.01 secs] 
2014-07-16T06:28:06.227+0000: 1265.227: [GC [PSYoungGen: 222518K->356K(216640K)] 444202K->222216K(903616K), 0.0058520 secs] [Times: user=0.04 sys=0.00, real=0.01 secs] 
2014-07-16T06:28:07.039+0000: 1266.040: [GC [PSYoungGen: 216574K->908K(212288K)] 438434K->222856K(899264K), 0.0056100 secs] [Times: user=0.03 sys=0.00, real=0.00 secs] 
2014-07-16T06:28:07.774+0000: 1266.775: [GC [PSYoungGen: 212236K->644K(207296K)] 434184K->222738K(894272K), 0.0060630 secs] [Times: user=0.04 sys=0.00, real=0.01 secs] 
2014-07-16T06:28:08.538+0000: 1267.539: [GC [PSYoungGen: 207236K->916K(203008K)] 429330K->223066K(889984K), 0.0038180 secs] [Times: user=0.02 sys=0.01, real=0.01 secs] 
2014-07-16T06:28:09.264+0000: 1268.264: [GC [PSYoungGen: 202931K->548K(198208K)] 425081K->222762K(885184K), 0.0081140 secs] [Times: user=0.04 sys=0.00, real=0.01 secs] 
2014-07-16T06:28:09.985+0000: 1268.986: [GC [PSYoungGen: 198180K->826K(194176K)] 420394K->223112K(881152K), 0.0061230 secs] [Times: user=0.03 sys=0.00, real=0.01 secs] 
2014-07-16T06:28:10.774+0000: 1269.775: [GC [PSYoungGen: 194162K->680K(189952K)] 416448K->223022K(876928K), 0.0055860 secs] [Times: user=0.03 sys=0.00, real=0.01 secs] 
2014-07-16T06:28:11.437+0000: 1270.438: [GC [PSYoungGen: 189928K->1106K(186432K)] 412270K->223520K(873408K), 0.0048710 secs] [Times: user=0.02 sys=0.00, real=0.01 secs] 
2014-07-16T06:28:12.106+0000: 1271.106: [GC [PSYoungGen: 186386K->752K(182208K)] 408800K->223692K(869184K), 0.0082080 secs] [Times: user=0.05 sys=0.00, real=0.01 secs] 
2014-07-16T06:28:12.759+0000: 1271.760: [GC [PSYoungGen: 182175K->644K(178432K)] 405115K->223664K(865408K), 0.0049130 secs] [Times: user=0.03 sys=0.00, real=0.00 secs] 
2014-07-16T06:28:13.415+0000: 1272.415: [GC [PSYoungGen: 178372K->566K(213888K)] 401392K->223666K(900864K), 0.0106020 secs] [Times: user=0.07 sys=0.00, real=0.01 secs] 
2014-07-16T06:28:14.187+0000: 1273.187: [GC [PSYoungGen: 213872K->698K(209216K)] 436972K->223846K(896192K), 0.0065820 secs] [Times: user=0.03 sys=0.00, real=0.01 secs] 
2014-07-16T06:28:14.957+0000: 1273.958: [GC [PSYoungGen: 209210K->608K(204544K)] 432358K->223836K(891520K), 0.0052040 secs] [Times: user=0.03 sys=0.00, real=0.01 secs] 
2014-07-16T06:28:15.779+0000: 1274.780: [GC [PSYoungGen: 204510K->1382K(200832K)] 427739K->224714K(887808K), 0.0039900 secs] [Times: user=0.03 sys=0.00, real=0.01 secs] 
2014-07-16T06:28:16.472+0000: 1275.473: [GC [PSYoungGen: 200806K->812K(195968K)] 424138K->224304K(882944K), 0.0071770 secs] [Times: user=0.04 sys=0.00, real=0.00 secs] 
2014-07-16T06:28:17.191+0000: 1276.191: [GC [PSYoungGen: 195942K->548K(191552K)] 419435K->224162K(878528K), 0.0055060 secs] [Times: user=0.02 sys=0.00, real=0.00 secs] 
2014-07-16T06:28:17.884+0000: 1276.884: [GC [PSYoungGen: 191524K->1446K(188416K)] 415138K->225140K(875392K), 0.0041800 secs] [Times: user=0.02 sys=0.00, real=0.00 secs] 
2014-07-16T06:28:18.565+0000: 1277.565: [GC [PSYoungGen: 188390K->908K(184000K)] 412084K->224658K(870976K), 0.0043720 secs] [Times: user=0.02 sys=0.00, real=0.00 secs] 
2014-07-16T06:28:19.235+0000: 1278.236: [GC [PSYoungGen: 183948K->926K(180224K)] 407698K->224756K(867200K), 0.0061820 secs] [Times: user=0.04 sys=0.00, real=0.01 secs] 
2014-07-16T06:28:19.885+0000: 1278.886: [GC [PSYoungGen: 180190K->862K(216064K)] 404020K->224748K(903040K), 0.0160770 secs] [Times: user=0.09 sys=0.00, real=0.02 secs] 
2014-07-16T06:28:20.770+0000: 1279.771: [GC [PSYoungGen: 216030K->1388K(237824K)] 439916K->225562K(924800K), 0.0053700 secs] [Times: user=0.02 sys=0.00, real=0.00 secs] 
2014-07-16T06:28:21.601+0000: 1280.602: [GC [PSYoungGen: 237804K->530K(231360K)] 461978K->224776K(918336K), 0.0057590 secs] [Times: user=0.03 sys=0.01, real=0.00 secs] 
2014-07-16T06:28:22.450+0000: 1281.450: [GC [PSYoungGen: 231314K->1096K(236480K)] 455560K->225522K(923456K), 0.0115920 secs] [Times: user=0.06 sys=0.00, real=0.02 secs] 
2014-07-16T06:28:23.312+0000: 1282.313: [GC [PSYoungGen: 236424K->530K(230336K)] 460850K->225020K(917312K), 0.0045620 secs] [Times: user=0.02 sys=0.00, real=0.00 secs] 
2014-07-16T06:28:24.134+0000: 1283.135: [GC [PSYoungGen: 230285K->744K(225152K)] 454775K->225290K(912128K), 0.0067350 secs] [Times: user=0.04 sys=0.00, real=0.01 secs] 
2014-07-16T06:28:24.956+0000: 1283.957: [GC [PSYoungGen: 225113K->772K(220032K)] 449659K->225382K(907008K), 0.0038650 secs] [Times: user=0.01 sys=0.00, real=0.00 secs] 
2014-07-16T06:28:25.843+0000: 1284.844: [GC [PSYoungGen: 219942K->1142K(215360K)] 444552K->225840K(902336K), 0.0038650 secs] [Times: user=0.02 sys=0.00, real=0.00 secs] 
2014-07-16T06:28:26.548+0000: 1285.548: [GC [PSYoungGen: 215350K->990K(210432K)] 440048K->225760K(897408K), 0.0040200 secs] [Times: user=0.02 sys=0.00, real=0.01 secs] 
2014-07-16T06:28:27.319+0000: 1286.320: [GC [PSYoungGen: 210383K->684K(205440K)] 435153K->225534K(892416K), 0.0065970 secs] [Times: user=0.03 sys=0.00, real=0.01 secs] 
2014-07-16T06:28:28.084+0000: 1287.085: [GC [PSYoungGen: 205420K->1114K(201408K)] 430270K->226028K(888384K), 0.0042160 secs] [Times: user=0.03 sys=0.01, real=0.00 secs] 
2014-07-16T06:28:28.789+0000: 1287.790: [GC [PSYoungGen: 201370K->850K(196800K)] 426284K->225828K(883776K), 0.0051840 secs] [Times: user=0.02 sys=0.01, real=0.01 secs] 
2014-07-16T06:28:29.507+0000: 1288.508: [GC [PSYoungGen: 196754K->1226K(192960K)] 421732K->226276K(879936K), 0.0096820 secs] [Times: user=0.06 sys=0.00, real=0.01 secs] 
2014-07-16T06:28:30.221+0000: 1289.221: [GC [PSYoungGen: 192906K->832K(188480K)] 417956K->226076K(875456K), 0.0046360 secs] [Times: user=0.02 sys=0.00, real=0.01 secs] 
2014-07-16T06:28:30.968+0000: 1289.968: [GC [PSYoungGen: 188480K->900K(184704K)] 413724K->226192K(871680K), 0.0075380 secs] [Times: user=0.02 sys=0.00, real=0.01 secs] 
2014-07-16T06:28:31.582+0000: 1290.583: [GC [PSYoungGen: 184633K->876K(180864K)] 409925K->226272K(867840K), 0.0045030 secs] [Times: user=0.03 sys=0.01, real=0.00 secs] 
2014-07-16T06:28:32.248+0000: 1291.248: [GC [PSYoungGen: 180844K->594K(176960K)] 406240K->226054K(863936K), 0.0072670 secs] [Times: user=0.04 sys=0.00, real=0.01 secs] 
2014-07-16T06:28:32.886+0000: 1291.887: [GC [PSYoungGen: 176914K->754K(173568K)] 402374K->226278K(860544K), 0.0046590 secs] [Times: user=0.02 sys=0.01, real=0.00 secs] 
2014-07-16T06:28:33.533+0000: 1292.534: [GC [PSYoungGen: 173554K->690K(170048K)] 399078K->226294K(857024K), 0.0051700 secs] [Times: user=0.04 sys=0.00, real=0.00 secs] 
2014-07-16T06:28:34.134+0000: 1293.135: [GC [PSYoungGen: 170031K->1094K(167168K)] 395636K->226810K(854144K), 0.0044030 secs] [Times: user=0.02 sys=0.00, real=0.00 secs] 
2014-07-16T06:28:34.750+0000: 1293.751: [GC [PSYoungGen: 167098K->790K(163648K)] 392815K->226594K(850624K), 0.0071180 secs] [Times: user=0.05 sys=0.00, real=0.01 secs] 
2014-07-16T06:28:35.342+0000: 1294.342: [GC [PSYoungGen: 163606K->662K(160384K)] 389410K->226538K(847360K), 0.0058490 secs] [Times: user=0.03 sys=0.00, real=0.01 secs] 
2014-07-16T06:28:35.950+0000: 1294.950: [GC [PSYoungGen: 160332K->602K(157312K)] 386208K->226534K(844288K), 0.0038670 secs] [Times: user=0.02 sys=0.00, real=0.01 secs] 
2014-07-16T06:28:36.511+0000: 1295.512: [GC [PSYoungGen: 157274K->922K(154688K)] 383206K->226982K(841664K), 0.0066190 secs] [Times: user=0.05 sys=0.00, real=0.01 secs] 
2014-07-16T06:28:37.076+0000: 1296.077: [GC [PSYoungGen: 154650K->854K(151808K)] 380710K->226986K(838784K), 0.0059750 secs] [Times: user=0.04 sys=0.00, real=0.00 secs] 
2014-07-16T06:28:37.607+0000: 1296.608: [GC [PSYoungGen: 151766K->880K(149056K)] 377898K->227168K(836032K), 0.0043710 secs] [Times: user=0.02 sys=0.00, real=0.00 secs] 
2014-07-16T06:28:38.152+0000: 1297.153: [GC [PSYoungGen: 148994K->612K(146112K)] 375282K->227012K(833088K), 0.0045800 secs] [Times: user=0.03 sys=0.00, real=0.01 secs] 
2014-07-16T06:28:38.683+0000: 1297.684: [GC [PSYoungGen: 146039K->922K(143808K)] 372439K->227378K(830784K), 0.0044230 secs] [Times: user=0.01 sys=0.01, real=0.00 secs] 
2014-07-16T06:28:39.198+0000: 1298.199: [GC [PSYoungGen: 143725K->594K(140992K)] 370181K->227090K(827968K), 0.0053040 secs] [Times: user=0.02 sys=0.00, real=0.01 secs] 
2014-07-16T06:28:39.700+0000: 1298.701: [GC [PSYoungGen: 140902K->822K(138752K)] 367398K->227414K(825728K), 0.0063260 secs] [Times: user=0.04 sys=0.00, real=0.01 secs] 
2014-07-16T06:28:40.207+0000: 1299.207: [GC [PSYoungGen: 138742K->576K(136128K)] 365334K->227248K(823104K), 0.0047410 secs] [Times: user=0.03 sys=0.00, real=0.00 secs] 
2014-07-16T06:28:40.701+0000: 1299.702: [GC [PSYoungGen: 136128K->680K(133952K)] 362800K->227400K(820928K), 0.0045600 secs] [Times: user=0.02 sys=0.00, real=0.01 secs] 
2014-07-16T06:28:41.271+0000: 1300.272: [GC [PSYoungGen: 133919K->794K(131840K)] 360640K->227594K(818816K), 0.0040730 secs] [Times: user=0.02 sys=0.00, real=0.01 secs] 
2014-07-16T06:28:41.749+0000: 1300.749: [GC [PSYoungGen: 131802K->690K(157952K)] 358602K->227562K(844928K), 0.0077130 secs] [Times: user=0.05 sys=0.00, real=0.01 secs] 
2014-07-16T06:28:42.320+0000: 1301.321: [GC [PSYoungGen: 157938K->1068K(155392K)] 384810K->228012K(842368K), 0.0038800 secs] [Times: user=0.01 sys=0.00, real=0.01 secs] 
2014-07-16T06:28:42.908+0000: 1301.908: [GC [PSYoungGen: 155339K->566K(152000K)] 382283K->227566K(838976K), 0.0065830 secs] [Times: user=0.04 sys=0.00, real=0.01 secs] 
2014-07-16T06:28:43.436+0000: 1302.437: [GC [PSYoungGen: 151919K->980K(149696K)] 378919K->228036K(836672K), 0.0052780 secs] [Times: user=0.03 sys=0.00, real=0.00 secs] 
2014-07-16T06:28:44.023+0000: 1303.024: [GC [PSYoungGen: 149652K->626K(146624K)] 376708K->227746K(833600K), 0.0048790 secs] [Times: user=0.02 sys=0.00, real=0.01 secs] 
2014-07-16T06:28:44.544+0000: 1303.544: [GC [PSYoungGen: 146610K->1272K(144640K)] 373730K->228804K(831616K), 0.0033560 secs] [Times: user=0.01 sys=0.00, real=0.01 secs] 
2014-07-16T06:28:45.074+0000: 1304.074: [GC [PSYoungGen: 144632K->690K(172736K)] 372164K->228352K(859712K), 0.0085030 secs] [Times: user=0.06 sys=0.00, real=0.01 secs] 
2014-07-16T06:28:45.710+0000: 1304.711: [GC [PSYoungGen: 172722K->1060K(207552K)] 400384K->228826K(894528K), 0.0104080 secs] [Times: user=0.07 sys=0.00, real=0.01 secs] 
2014-07-16T06:28:46.497+0000: 1305.498: [GC [PSYoungGen: 207490K->734K(216192K)] 435256K->228540K(903168K), 0.0056990 secs] [Times: user=0.03 sys=0.00, real=0.00 secs] 
2014-07-16T06:28:47.261+0000: 1306.261: [GC [PSYoungGen: 215582K->702K(216320K)] 443388K->228532K(903296K), 0.0105820 secs] [Times: user=0.06 sys=0.00, real=0.01 secs] 
2014-07-16T06:28:48.050+0000: 1307.050: [GC [PSYoungGen: 215548K->1118K(211136K)] 443378K->229020K(898112K), 0.0050550 secs] [Times: user=0.02 sys=0.00, real=0.00 secs] 
2014-07-16T06:28:48.812+0000: 1307.812: [GC [PSYoungGen: 211074K->794K(206144K)] 438976K->228784K(893120K), 0.0053330 secs] [Times: user=0.03 sys=0.00, real=0.01 secs] 
2014-07-16T06:28:49.568+0000: 1308.569: [GC [PSYoungGen: 206106K->776K(201600K)] 434096K->228838K(888576K), 0.0049070 secs] [Times: user=0.03 sys=0.00, real=0.00 secs] 
2014-07-16T06:28:50.287+0000: 1309.288: [GC [PSYoungGen: 201544K->926K(197376K)] 429606K->229068K(884352K), 0.0083480 secs] [Times: user=0.04 sys=0.00, real=0.01 secs] 
2014-07-16T06:28:51.020+0000: 1310.021: [GC [PSYoungGen: 197342K->694K(192896K)] 425484K->228884K(879872K), 0.0036900 secs] [Times: user=0.02 sys=0.01, real=0.00 secs] 
2014-07-16T06:28:51.737+0000: 1310.738: [GC [PSYoungGen: 192886K->470K(188608K)] 421076K->228708K(875584K), 0.0059560 secs] [Times: user=0.03 sys=0.00, real=0.00 secs] 
2014-07-16T06:28:52.443+0000: 1311.443: [GC [PSYoungGen: 188556K->612K(184832K)] 416794K->228906K(871808K), 0.0044390 secs] [Times: user=0.02 sys=0.00, real=0.01 secs] 
2014-07-16T06:28:53.113+0000: 1312.114: [GC [PSYoungGen: 184804K->730K(181184K)] 413098K->229096K(868160K), 0.0101630 secs] [Times: user=0.06 sys=0.00, real=0.01 secs] 
2014-07-16T06:28:53.787+0000: 1312.788: [GC [PSYoungGen: 181105K->1008K(177728K)] 409471K->229470K(864704K), 0.0042460 secs] [Times: user=0.02 sys=0.00, real=0.00 secs] 
2014-07-16T06:28:54.436+0000: 1313.437: [GC [PSYoungGen: 177688K->790K(173952K)] 406150K->229316K(860928K), 0.0047420 secs] [Times: user=0.02 sys=0.00, real=0.00 secs] 
2014-07-16T06:28:55.083+0000: 1314.084: [GC [PSYoungGen: 173910K->894K(170560K)] 402436K->229628K(857536K), 0.0044750 secs] [Times: user=0.03 sys=0.00, real=0.01 secs] 
2014-07-16T06:28:55.684+0000: 1314.685: [GC [PSYoungGen: 170558K->894K(167232K)] 399292K->229708K(854208K), 0.0064370 secs] [Times: user=0.04 sys=0.01, real=0.01 secs] 
2014-07-16T06:28:56.390+0000: 1315.391: [GC [PSYoungGen: 167230K->722K(163904K)] 396044K->229716K(850880K), 0.0051470 secs] [Times: user=0.02 sys=0.00, real=0.00 secs] 
2014-07-16T06:28:56.913+0000: 1315.913: [GC [PSYoungGen: 163858K->866K(160896K)] 392852K->229948K(847872K), 0.0048960 secs] [Times: user=0.03 sys=0.01, real=0.01 secs] 
2014-07-16T06:28:57.492+0000: 1316.493: [GC [PSYoungGen: 160866K->762K(157760K)] 389948K->229908K(844736K), 0.0062060 secs] [Times: user=0.03 sys=0.00, real=0.01 secs] 
2014-07-16T06:28:58.075+0000: 1317.075: [GC [PSYoungGen: 157729K->566K(154624K)] 386875K->229792K(841600K), 0.0039210 secs] [Times: user=0.02 sys=0.00, real=0.01 secs] 
2014-07-16T06:28:58.624+0000: 1317.624: [GC [PSYoungGen: 154614K->552K(151744K)] 383840K->229834K(838720K), 0.0039750 secs] [Times: user=0.01 sys=0.01, real=0.01 secs] 
2014-07-16T06:28:59.180+0000: 1318.180: [GC [PSYoungGen: 151689K->930K(149376K)] 380971K->230324K(836352K), 0.0034730 secs] [Times: user=0.02 sys=0.00, real=0.00 secs] 
2014-07-16T06:28:59.727+0000: 1318.728: [GC [PSYoungGen: 149346K->676K(146432K)] 378740K->230134K(833408K), 0.0047110 secs] [Times: user=0.02 sys=0.00, real=0.00 secs] 
2014-07-16T06:29:00.267+0000: 1319.268: [GC [PSYoungGen: 146404K->680K(143808K)] 375862K->230194K(830784K), 0.0070270 secs] [Times: user=0.04 sys=0.00, real=0.00 secs] 
2014-07-16T06:29:00.785+0000: 1319.786: [GC [PSYoungGen: 143782K->594K(172416K)] 373296K->230172K(859392K), 0.0091350 secs] [Times: user=0.06 sys=0.00, real=0.01 secs] 
2014-07-16T06:29:01.458+0000: 1320.459: [GC [PSYoungGen: 172370K->1198K(169600K)] 401948K->231128K(856576K), 0.0046540 secs] [Times: user=0.02 sys=0.00, real=0.00 secs] 
2014-07-16T06:29:02.068+0000: 1321.069: [GC [PSYoungGen: 169582K->580K(165760K)] 399512K->230574K(852736K), 0.0046150 secs] [Times: user=0.02 sys=0.00, real=0.00 secs] 
2014-07-16T06:29:02.715+0000: 1321.716: [GC [PSYoungGen: 165698K->1122K(163072K)] 395692K->231204K(850048K), 0.0068260 secs] [Times: user=0.04 sys=0.00, real=0.01 secs] 
2014-07-16T06:29:03.302+0000: 1322.303: [GC [PSYoungGen: 163042K->1090K(160000K)] 393124K->231228K(846976K), 0.0039970 secs] [Times: user=0.01 sys=0.00, real=0.00 secs] 
2014-07-16T06:29:03.865+0000: 1322.865: [GC [PSYoungGen: 159896K->502K(156352K)] 390034K->230696K(843328K), 0.0037050 secs] [Times: user=0.02 sys=0.00, real=0.01 secs] 
2014-07-16T06:29:04.438+0000: 1323.438: [GC [PSYoungGen: 156342K->1004K(153984K)] 386536K->231278K(840960K), 0.0075370 secs] [Times: user=0.04 sys=0.00, real=0.00 secs] 
2014-07-16T06:29:05.003+0000: 1324.003: [GC [PSYoungGen: 153964K->786K(184384K)] 384238K->231116K(871360K), 0.0084690 secs] [Times: user=0.04 sys=0.00, real=0.01 secs] 
2014-07-16T06:29:05.672+0000: 1324.673: [GC [PSYoungGen: 184291K->894K(221184K)] 414621K->231296K(908160K), 0.0096480 secs] [Times: user=0.06 sys=0.00, real=0.01 secs] 
2014-07-16T06:29:06.504+0000: 1325.504: [GC [PSYoungGen: 221181K->580K(215872K)] 451583K->231062K(902848K), 0.0029930 secs] [Times: user=0.02 sys=0.00, real=0.00 secs] 
2014-07-16T06:29:07.271+0000: 1326.272: [GC [PSYoungGen: 215775K->762K(211136K)] 446257K->231348K(898112K), 0.0064220 secs] [Times: user=0.04 sys=0.00, real=0.01 secs] 
2014-07-16T06:29:08.040+0000: 1327.041: [GC [PSYoungGen: 211130K->986K(206720K)] 441716K->231628K(893696K), 0.0043830 secs] [Times: user=0.02 sys=0.00, real=0.00 secs] 
2014-07-16T06:29:08.766+0000: 1327.767: [GC [PSYoungGen: 206682K->762K(201920K)] 437324K->231484K(888896K), 0.0078080 secs] [Times: user=0.05 sys=0.00, real=0.01 secs] 
2014-07-16T06:29:09.492+0000: 1328.493: [GC [PSYoungGen: 201914K->498K(197312K)] 432636K->231292K(884288K), 0.0054250 secs] [Times: user=0.03 sys=0.00, real=0.00 secs] 
2014-07-16T06:29:10.209+0000: 1329.210: [GC [PSYoungGen: 197255K->958K(193536K)] 428050K->231864K(880512K), 0.0036480 secs] [Times: user=0.02 sys=0.00, real=0.00 secs] 
2014-07-16T06:29:10.910+0000: 1329.911: [GC [PSYoungGen: 193534K->1022K(189504K)] 424440K->232024K(876480K), 0.0049680 secs] [Times: user=0.02 sys=0.00, real=0.00 secs] 
2014-07-16T06:29:11.719+0000: 1330.720: [GC [PSYoungGen: 189464K->662K(185216K)] 420466K->231696K(872192K), 0.0103610 secs] [Times: user=0.06 sys=0.00, real=0.01 secs] 
2014-07-16T06:29:12.346+0000: 1331.347: [GC [PSYoungGen: 185137K->1314K(182016K)] 416171K->232468K(868992K), 0.0082020 secs] [Times: user=0.04 sys=0.01, real=0.01 secs] 
2014-07-16T06:29:13.039+0000: 1332.040: [GC [PSYoungGen: 181986K->684K(217536K)] 413140K->232342K(904512K), 0.0105840 secs] [Times: user=0.05 sys=0.00, real=0.01 secs] 
2014-07-16T06:29:13.854+0000: 1332.854: [GC [PSYoungGen: 217516K->1158K(238528K)] 449174K->232920K(925504K), 0.0057650 secs] [Times: user=0.03 sys=0.00, real=0.01 secs] 
2014-07-16T06:29:14.706+0000: 1333.707: [GC [PSYoungGen: 238086K->626K(231936K)] 469848K->232632K(918912K), 0.0073840 secs] [Times: user=0.04 sys=0.00, real=0.01 secs] 
2014-07-16T06:29:15.548+0000: 1334.549: [GC [PSYoungGen: 231895K->908K(226816K)] 463901K->233002K(913792K), 0.0044310 secs] [Times: user=0.03 sys=0.00, real=0.01 secs] 
2014-07-16T06:29:16.357+0000: 1335.357: [GC [PSYoungGen: 226764K->1180K(221824K)] 458858K->233322K(908800K), 0.0102100 secs] [Times: user=0.06 sys=0.00, real=0.01 secs] 
2014-07-16T06:29:17.169+0000: 1336.170: [GC [PSYoungGen: 221788K->566K(216128K)] 453930K->232756K(903104K), 0.0062090 secs] [Times: user=0.04 sys=0.00, real=0.00 secs] 
2014-07-16T06:29:17.939+0000: 1336.940: [GC [PSYoungGen: 216118K->990K(211712K)] 448308K->233236K(898688K), 0.0039080 secs] [Times: user=0.02 sys=0.00, real=0.00 secs] 
2014-07-16T06:29:18.706+0000: 1337.707: [GC [PSYoungGen: 211678K->584K(206592K)] 443924K->232878K(893568K), 0.0070280 secs] [Times: user=0.04 sys=0.00, real=0.01 secs] 
2014-07-16T06:29:19.449+0000: 1338.450: [GC [PSYoungGen: 206536K->630K(202048K)] 438830K->233004K(889024K), 0.0043660 secs] [Times: user=0.02 sys=0.00, real=0.00 secs] 
2014-07-16T06:29:20.181+0000: 1339.182: [GC [PSYoungGen: 202038K->694K(197696K)] 434412K->233148K(884672K), 0.0052830 secs] [Times: user=0.03 sys=0.00, real=0.00 secs] 
2014-07-16T06:29:20.908+0000: 1339.909: [GC [PSYoungGen: 197665K->598K(193408K)] 430120K->233108K(880384K), 0.0037100 secs] [Times: user=0.02 sys=0.00, real=0.01 secs] 
2014-07-16T06:29:21.685+0000: 1340.686: [GC [PSYoungGen: 193280K->976K(189696K)] 425790K->233606K(876672K), 0.0052200 secs] [Times: user=0.03 sys=0.00, real=0.01 secs] 
2014-07-16T06:29:22.327+0000: 1341.327: [GC [PSYoungGen: 189648K->840K(185600K)] 422278K->233558K(872576K), 0.0039670 secs] [Times: user=0.02 sys=0.00, real=0.01 secs] 
2014-07-16T06:29:22.997+0000: 1341.998: [GC [PSYoungGen: 185544K->644K(181568K)] 418262K->233402K(868544K), 0.0110780 secs] [Times: user=0.07 sys=0.00, real=0.01 secs] 
2014-07-16T06:29:23.682+0000: 1342.683: [GC [PSYoungGen: 181508K->958K(178112K)] 414266K->233772K(865088K), 0.0043690 secs] [Times: user=0.01 sys=0.01, real=0.00 secs] 
2014-07-16T06:29:24.320+0000: 1343.320: [GC [PSYoungGen: 178095K->566K(174144K)] 410910K->233428K(861120K), 0.0034990 secs] [Times: user=0.01 sys=0.00, real=0.01 secs] 
2014-07-16T06:29:24.948+0000: 1343.949: [GC [PSYoungGen: 174134K->876K(171008K)] 406996K->233818K(857984K), 0.0053190 secs] [Times: user=0.03 sys=0.00, real=0.01 secs] 
2014-07-16T06:29:25.578+0000: 1344.579: [GC [PSYoungGen: 170967K->858K(167680K)] 403910K->233864K(854656K), 0.0043170 secs] [Times: user=0.02 sys=0.01, real=0.01 secs] 
2014-07-16T06:29:26.169+0000: 1345.170: [GC [PSYoungGen: 167642K->630K(164160K)] 400648K->233708K(851136K), 0.0062260 secs] [Times: user=0.04 sys=0.00, real=0.01 secs] 
2014-07-16T06:29:26.824+0000: 1345.824: [GC [PSYoungGen: 164150K->694K(161088K)] 397228K->233852K(848064K), 0.0037600 secs] [Times: user=0.02 sys=0.00, real=0.00 secs] 
2014-07-16T06:29:27.371+0000: 1346.372: [GC [PSYoungGen: 161078K->826K(158144K)] 394236K->234072K(845120K), 0.0031840 secs] [Times: user=0.02 sys=0.00, real=0.00 secs] 
2014-07-16T06:29:27.956+0000: 1346.956: [GC [PSYoungGen: 158138K->1036K(155456K)] 391384K->234378K(842432K), 0.0034180 secs] [Times: user=0.02 sys=0.00, real=0.00 secs] 
2014-07-16T06:29:28.503+0000: 1347.504: [GC [PSYoungGen: 155404K->562K(152064K)] 388746K->234008K(839040K), 0.0042810 secs] [Times: user=0.02 sys=0.01, real=0.00 secs] 
2014-07-16T06:29:29.077+0000: 1348.078: [GC [PSYoungGen: 152050K->754K(149504K)] 385496K->234272K(836480K), 0.0093660 secs] [Times: user=0.05 sys=0.00, real=0.01 secs] 
2014-07-16T06:29:29.595+0000: 1348.595: [GC [PSYoungGen: 149490K->736K(146816K)] 383008K->234342K(833792K), 0.0058360 secs] [Times: user=0.03 sys=0.00, real=0.00 secs] 
2014-07-16T06:29:30.134+0000: 1349.135: [GC [PSYoungGen: 146784K->1080K(176384K)] 380390K->234766K(863360K), 0.0078730 secs] [Times: user=0.05 sys=0.01, real=0.01 secs] 
2014-07-16T06:29:30.765+0000: 1349.766: [GC [PSYoungGen: 176376K->626K(211008K)] 410062K->234400K(897984K), 0.0056900 secs] [Times: user=0.03 sys=0.00, real=0.00 secs] 
2014-07-16T06:29:31.538+0000: 1350.539: [GC [PSYoungGen: 210994K->612K(206336K)] 444768K->234434K(893312K), 0.0060460 secs] [Times: user=0.03 sys=0.00, real=0.01 secs] 
2014-07-16T06:29:32.317+0000: 1351.318: [GC [PSYoungGen: 206308K->612K(201792K)] 440130K->234506K(888768K), 0.0060700 secs] [Times: user=0.03 sys=0.00, real=0.01 secs] 
2014-07-16T06:29:33.052+0000: 1352.052: [GC [PSYoungGen: 201762K->780K(197632K)] 435656K->234754K(884608K), 0.0082340 secs] [Times: user=0.05 sys=0.00, real=0.00 secs] 
2014-07-16T06:29:33.787+0000: 1352.788: [GC [PSYoungGen: 197573K->712K(236928K)] 431547K->234742K(923904K), 0.0105850 secs] [Times: user=0.07 sys=0.00, real=0.01 secs] 
2014-07-16T06:29:34.658+0000: 1353.659: [GC [PSYoungGen: 236872K->480K(231040K)] 470902K->234574K(918016K), 0.0040580 secs] [Times: user=0.01 sys=0.00, real=0.01 secs] 
2014-07-16T06:29:35.503+0000: 1354.504: [GC [PSYoungGen: 231008K->512K(225600K)] 465102K->234654K(912576K), 0.0062110 secs] [Times: user=0.03 sys=0.01, real=0.00 secs] 
2014-07-16T06:29:36.321+0000: 1355.321: [GC [PSYoungGen: 225600K->630K(220544K)] 459742K->234852K(907520K), 0.0054610 secs] [Times: user=0.02 sys=0.00, real=0.01 secs] 
2014-07-16T06:29:37.158+0000: 1356.159: [GC [PSYoungGen: 220446K->794K(215680K)] 454668K->235096K(902656K), 0.0064920 secs] [Times: user=0.04 sys=0.01, real=0.01 secs] 
2014-07-16T06:29:37.933+0000: 1356.934: [GC [PSYoungGen: 215642K->944K(210944K)] 449944K->235326K(897920K), 0.0037990 secs] [Times: user=0.01 sys=0.01, real=0.00 secs] 
2014-07-16T06:29:38.698+0000: 1357.699: [GC [PSYoungGen: 210928K->556K(205888K)] 445310K->235348K(892864K), 0.0082170 secs] [Times: user=0.05 sys=0.00, real=0.01 secs] 
2014-07-16T06:29:39.450+0000: 1358.450: [GC [PSYoungGen: 205842K->676K(201472K)] 440635K->235572K(888448K), 0.0056490 secs] [Times: user=0.04 sys=0.00, real=0.01 secs] 
2014-07-16T06:29:40.177+0000: 1359.178: [GC [PSYoungGen: 201444K->926K(197376K)] 436340K->235902K(884352K), 0.0031590 secs] [Times: user=0.01 sys=0.00, real=0.00 secs] 
2014-07-16T06:29:40.886+0000: 1359.886: [GC [PSYoungGen: 197342K->740K(192960K)] 432318K->235788K(879936K), 0.0113490 secs] [Times: user=0.07 sys=0.00, real=0.01 secs] 
2014-07-16T06:29:41.592+0000: 1360.593: [GC [PSYoungGen: 192932K->694K(188800K)] 427980K->235846K(875776K), 0.0063400 secs] [Times: user=0.04 sys=0.00, real=0.01 secs] 
2014-07-16T06:29:42.299+0000: 1361.299: [GC [PSYoungGen: 188790K->712K(226496K)] 423942K->235920K(913472K), 0.0129720 secs] [Times: user=0.08 sys=0.00, real=0.01 secs] 
2014-07-16T06:29:43.149+0000: 1362.150: [GC [PSYoungGen: 226440K->890K(221376K)] 461648K->236250K(908352K), 0.0043360 secs] [Times: user=0.02 sys=0.00, real=0.01 secs] 
2014-07-16T06:29:43.941+0000: 1362.942: [GC [PSYoungGen: 221370K->680K(216128K)] 456730K->236104K(903104K), 0.0076940 secs] [Times: user=0.04 sys=0.00, real=0.01 secs] 
2014-07-16T06:29:44.766+0000: 1363.767: [GC [PSYoungGen: 216070K->884K(239296K)] 451495K->236662K(926272K), 0.0167390 secs] [Times: user=0.09 sys=0.00, real=0.01 secs] 
2014-07-16T06:29:45.630+0000: 1364.631: [GC [PSYoungGen: 239284K->1328K(239744K)] 475062K->237244K(926720K), 0.0109320 secs] [Times: user=0.07 sys=0.00, real=0.01 secs] 
2014-07-16T06:29:46.496+0000: 1365.496: [GC [PSYoungGen: 239728K->612K(287488K)] 475644K->236658K(974464K), 0.0047800 secs] [Times: user=0.01 sys=0.00, real=0.00 secs] 
2014-07-16T06:29:47.583+0000: 1366.584: [GC [PSYoungGen: 286692K->812K(279424K)] 522738K->236922K(966400K), 0.0078610 secs] [Times: user=0.05 sys=0.00, real=0.01 secs] 
2014-07-16T06:29:48.587+0000: 1367.588: [GC [PSYoungGen: 279404K->738K(272128K)] 515514K->237084K(959104K), 0.0063320 secs] [Times: user=0.04 sys=0.00, real=0.00 secs] 
2014-07-16T06:29:49.572+0000: 1368.572: [GC [PSYoungGen: 272083K->662K(265152K)] 508430K->237072K(952128K), 0.0066430 secs] [Times: user=0.03 sys=0.00, real=0.01 secs] 
2014-07-16T06:29:50.536+0000: 1369.537: [GC [PSYoungGen: 265110K->576K(258368K)] 501520K->237116K(945344K), 0.0029760 secs] [Times: user=0.02 sys=0.00, real=0.00 secs] 
2014-07-16T06:29:51.484+0000: 1370.485: [GC [PSYoungGen: 258368K->484K(251904K)] 494908K->237080K(938880K), 0.0057460 secs] [Times: user=0.04 sys=0.00, real=0.00 secs] 
2014-07-16T06:29:52.467+0000: 1371.468: [GC [PSYoungGen: 251840K->1114K(246400K)] 488437K->237774K(933376K), 0.0079370 secs] [Times: user=0.04 sys=0.00, real=0.01 secs] 
2014-07-16T06:29:53.370+0000: 1372.371: [GC [PSYoungGen: 246362K->772K(240128K)] 483022K->237488K(927104K), 0.0099810 secs] [Times: user=0.05 sys=0.00, real=0.01 secs] 
2014-07-16T06:29:54.229+0000: 1373.230: [GC [PSYoungGen: 240056K->986K(234560K)] 476773K->237958K(921536K), 0.0042410 secs] [Times: user=0.02 sys=0.00, real=0.00 secs] 
2014-07-16T06:29:55.093+0000: 1374.094: [GC [PSYoungGen: 234522K->662K(228736K)] 471494K->237698K(915712K), 0.0054880 secs] [Times: user=0.03 sys=0.00, real=0.01 secs] 
2014-07-16T06:29:55.900+0000: 1374.900: [GC [PSYoungGen: 228653K->890K(223616K)] 465690K->237982K(910592K), 0.0133770 secs] [Times: user=0.07 sys=0.00, real=0.01 secs] 
2014-07-16T06:29:56.709+0000: 1375.710: [GC [PSYoungGen: 223610K->1190K(218816K)] 460702K->238386K(905792K), 0.0069130 secs] [Times: user=0.04 sys=0.00, real=0.01 secs] 
2014-07-16T06:29:57.553+0000: 1376.553: [GC [PSYoungGen: 218790K->634K(213312K)] 455986K->237918K(900288K), 0.0085800 secs] [Times: user=0.05 sys=0.00, real=0.01 secs] 
2014-07-16T06:29:58.338+0000: 1377.339: [GC [PSYoungGen: 213306K->962K(208896K)] 450590K->238369K(895872K), 0.0045510 secs] [Times: user=0.03 sys=0.00, real=0.00 secs] 
2014-07-16T06:29:59.099+0000: 1378.099: [GC [PSYoungGen: 208833K->804K(204096K)] 446240K->238332K(891072K), 0.0035180 secs] [Times: user=0.01 sys=0.00, real=0.00 secs] 
2014-07-16T06:29:59.837+0000: 1378.838: [GC [PSYoungGen: 204068K->640K(199424K)] 441596K->238256K(886400K), 0.0063690 secs] [Times: user=0.03 sys=0.01, real=0.00 secs] 
2014-07-16T06:30:00.586+0000: 1379.586: [GC [PSYoungGen: 199378K->1162K(195712K)] 436995K->238843K(882688K), 0.0082000 secs] [Times: user=0.05 sys=0.00, real=0.01 secs] 
2014-07-16T06:30:01.263+0000: 1380.264: [GC [PSYoungGen: 195656K->576K(190912K)] 433337K->238320K(877888K), 0.0043190 secs] [Times: user=0.02 sys=0.01, real=0.01 secs] 
2014-07-16T06:30:01.955+0000: 1380.955: [GC [PSYoungGen: 190912K->630K(186944K)] 428656K->238398K(873920K), 0.0051810 secs] [Times: user=0.02 sys=0.00, real=0.01 secs] 
2014-07-16T06:30:02.661+0000: 1381.662: [GC [PSYoungGen: 186915K->1166K(183616K)] 424683K->239007K(870592K), 0.0059370 secs] [Times: user=0.04 sys=0.00, real=0.01 secs] 
2014-07-16T06:30:03.322+0000: 1382.323: [GC [PSYoungGen: 183566K->1022K(179648K)] 421407K->238950K(866624K), 0.0073120 secs] [Times: user=0.04 sys=0.01, real=0.01 secs] 
2014-07-16T06:30:03.962+0000: 1382.963: [GC [PSYoungGen: 179646K->626K(175616K)] 417574K->238626K(862592K), 0.0075750 secs] [Times: user=0.04 sys=0.00, real=0.01 secs] 
2014-07-16T06:30:04.610+0000: 1383.610: [GC [PSYoungGen: 175602K->708K(172224K)] 413602K->238804K(859200K), 0.0071590 secs] [Times: user=0.05 sys=0.00, real=0.01 secs] 
2014-07-16T06:30:05.235+0000: 1384.235: [GC [PSYoungGen: 172148K->958K(169024K)] 410245K->239102K(856000K), 0.0039020 secs] [Times: user=0.02 sys=0.00, real=0.01 secs] 
2014-07-16T06:30:05.837+0000: 1384.838: [GC [PSYoungGen: 169022K->566K(165376K)] 407166K->238758K(852352K), 0.0075550 secs] [Times: user=0.04 sys=0.00, real=0.00 secs] 
2014-07-16T06:30:06.431+0000: 1385.432: [GC [PSYoungGen: 165366K->1364K(163008K)] 403558K->239637K(849984K), 0.0052880 secs] [Times: user=0.03 sys=0.00, real=0.01 secs] 
2014-07-16T06:30:07.003+0000: 1386.004: [GC [PSYoungGen: 162964K->498K(159040K)] 401237K->238850K(846016K), 0.0052390 secs] [Times: user=0.03 sys=0.00, real=0.01 secs] 
2014-07-16T06:30:07.604+0000: 1386.604: [GC [PSYoungGen: 159026K->548K(190848K)] 397378K->238964K(877824K), 0.0111030 secs] [Times: user=0.06 sys=0.00, real=0.01 secs] 
2014-07-16T06:30:08.276+0000: 1387.277: [GC [PSYoungGen: 190820K->644K(186944K)] 429236K->239148K(873920K), 0.0037400 secs] [Times: user=0.01 sys=0.00, real=0.01 secs] 
2014-07-16T06:30:08.951+0000: 1387.951: [GC [PSYoungGen: 186882K->948K(183296K)] 425387K->239501K(870272K), 0.0046940 secs] [Times: user=0.02 sys=0.00, real=0.00 secs] 
2014-07-16T06:30:09.606+0000: 1388.606: [GC [PSYoungGen: 183261K->798K(179392K)] 421814K->239414K(866368K), 0.0037950 secs] [Times: user=0.02 sys=0.00, real=0.01 secs] 
2014-07-16T06:30:10.243+0000: 1389.244: [GC [PSYoungGen: 179358K->512K(175424K)] 417974K->239184K(862400K), 0.0039170 secs] [Times: user=0.02 sys=0.00, real=0.01 secs] 
2014-07-16T06:30:10.879+0000: 1389.879: [GC [PSYoungGen: 175424K->548K(210496K)] 414096K->239284K(897472K), 0.0125320 secs] [Times: user=0.07 sys=0.00, real=0.01 secs] 
2014-07-16T06:30:11.652+0000: 1390.653: [GC [PSYoungGen: 210468K->562K(205824K)] 449204K->239370K(892800K), 0.0034590 secs] [Times: user=0.01 sys=0.00, real=0.00 secs] 
2014-07-16T06:30:12.475+0000: 1391.476: [GC [PSYoungGen: 205787K->854K(201600K)] 444596K->239734K(888576K), 0.0051050 secs] [Times: user=0.03 sys=0.00, real=0.01 secs] 
2014-07-16T06:30:13.152+0000: 1392.153: [GC [PSYoungGen: 201558K->1340K(197696K)] 440438K->240475K(884672K), 0.0033040 secs] [Times: user=0.02 sys=0.00, real=0.00 secs] 
2014-07-16T06:30:13.859+0000: 1392.859: [GC [PSYoungGen: 197666K->506K(192640K)] 436801K->240125K(879616K), 0.0040540 secs] [Times: user=0.02 sys=0.00, real=0.00 secs] 
2014-07-16T06:30:14.562+0000: 1393.562: [GC [PSYoungGen: 192584K->840K(188928K)] 432203K->240547K(875904K), 0.0045230 secs] [Times: user=0.02 sys=0.00, real=0.00 secs] 
2014-07-16T06:30:15.253+0000: 1394.253: [GC [PSYoungGen: 188872K->580K(184768K)] 428579K->240483K(871744K), 0.0073010 secs] [Times: user=0.05 sys=0.00, real=0.01 secs] 
2014-07-16T06:30:15.934+0000: 1394.934: [GC [PSYoungGen: 184708K->708K(181120K)] 424611K->240691K(868096K), 0.0079330 secs] [Times: user=0.06 sys=0.00, real=0.01 secs] 
2014-07-16T06:30:16.567+0000: 1395.568: [GC [PSYoungGen: 181039K->880K(177536K)] 421022K->240935K(864512K), 0.0060580 secs] [Times: user=0.04 sys=0.00, real=0.01 secs] 
2014-07-16T06:30:17.206+0000: 1396.207: [GC [PSYoungGen: 177520K->626K(173696K)] 417575K->240761K(860672K), 0.0056450 secs] [Times: user=0.03 sys=0.00, real=0.01 secs] 
2014-07-16T06:30:17.841+0000: 1396.842: [GC [PSYoungGen: 173682K->702K(170304K)] 413817K->240909K(857280K), 0.0064990 secs] [Times: user=0.04 sys=0.00, real=0.00 secs] 
2014-07-16T06:30:18.468+0000: 1397.469: [GC [PSYoungGen: 170268K->826K(167104K)] 410475K->241121K(854080K), 0.0037640 secs] [Times: user=0.02 sys=0.00, real=0.00 secs] 
2014-07-16T06:30:19.074+0000: 1398.074: [GC [PSYoungGen: 167096K->926K(164032K)] 407391K->241277K(851008K), 0.0093000 secs] [Times: user=0.05 sys=0.00, real=0.01 secs] 
2014-07-16T06:30:19.659+0000: 1398.660: [GC [PSYoungGen: 163998K->1044K(196800K)] 404349K->241475K(883776K), 0.0079720 secs] [Times: user=0.04 sys=0.00, real=0.00 secs] 
2014-07-16T06:30:20.364+0000: 1399.365: [GC [PSYoungGen: 196756K->698K(192256K)] 437187K->241249K(879232K), 0.0040560 secs] [Times: user=0.03 sys=0.00, real=0.00 secs] 
2014-07-16T06:30:21.063+0000: 1400.064: [GC [PSYoungGen: 192250K->1094K(188672K)] 432801K->241693K(875648K), 0.0080700 secs] [Times: user=0.05 sys=0.00, real=0.01 secs] 
2014-07-16T06:30:21.751+0000: 1400.752: [GC [PSYoungGen: 188613K->762K(184384K)] 429212K->241433K(871360K), 0.0035010 secs] [Times: user=0.02 sys=0.00, real=0.00 secs] 
2014-07-16T06:30:22.516+0000: 1401.517: [GC [PSYoungGen: 184378K->1338K(181184K)] 425049K->242097K(868160K), 0.0088090 secs] [Times: user=0.05 sys=0.00, real=0.01 secs] 
2014-07-16T06:30:23.129+0000: 1402.129: [GC [PSYoungGen: 181177K->370K(216192K)] 421936K->241153K(903168K), 0.0120310 secs] [Times: user=0.06 sys=0.00, real=0.02 secs] 
2014-07-16T06:30:23.924+0000: 1402.924: [GC [PSYoungGen: 216178K->598K(259456K)] 456961K->241461K(946432K), 0.0062180 secs] [Times: user=0.04 sys=0.00, real=0.01 secs] 
2014-07-16T06:30:24.870+0000: 1403.871: [GC [PSYoungGen: 258480K->948K(252480K)] 499343K->241859K(939456K), 0.0038920 secs] [Times: user=0.02 sys=0.00, real=0.00 secs] 
2014-07-16T06:30:25.812+0000: 1404.813: [GC [PSYoungGen: 252468K->544K(245888K)] 493379K->241518K(932864K), 0.0056390 secs] [Times: user=0.03 sys=0.01, real=0.00 secs] 
2014-07-16T06:30:26.754+0000: 1405.755: [GC [PSYoungGen: 245856K->452K(259072K)] 486830K->241459K(946048K), 0.0156540 secs] [Times: user=0.09 sys=0.00, real=0.02 secs] 
2014-07-16T06:30:27.750+0000: 1406.751: [GC [PSYoungGen: 258012K->894K(259072K)] 499019K->241957K(946048K), 0.0149500 secs] [Times: user=0.10 sys=0.00, real=0.01 secs] 
2014-07-16T06:30:28.679+0000: 1407.680: [GC [PSYoungGen: 258406K->1040K(252288K)] 499469K->242167K(939264K), 0.0051120 secs] [Times: user=0.02 sys=0.01, real=0.01 secs] 
2014-07-16T06:30:29.596+0000: 1408.596: [GC [PSYoungGen: 252240K->566K(245632K)] 493367K->241765K(932608K), 0.0042870 secs] [Times: user=0.02 sys=0.00, real=0.00 secs] 
2014-07-16T06:30:30.488+0000: 1409.489: [GC [PSYoungGen: 245622K->562K(239680K)] 486821K->241841K(926656K), 0.0062800 secs] [Times: user=0.04 sys=0.01, real=0.01 secs] 
2014-07-16T06:30:31.371+0000: 1410.372: [GC [PSYoungGen: 239621K->958K(234368K)] 480900K->242301K(921344K), 0.0063340 secs] [Times: user=0.03 sys=0.00, real=0.00 secs] 
2014-07-16T06:30:32.230+0000: 1411.230: [GC [PSYoungGen: 234366K->648K(228608K)] 475709K->242039K(915584K), 0.0073160 secs] [Times: user=0.04 sys=0.00, real=0.01 secs] 
2014-07-16T06:30:33.083+0000: 1412.084: [GC [PSYoungGen: 228552K->1380K(224000K)] 469943K->243027K(910976K), 0.0062480 secs] [Times: user=0.02 sys=0.01, real=0.00 secs] 
2014-07-16T06:30:33.885+0000: 1412.886: [GC [PSYoungGen: 223972K->566K(218048K)] 465619K->242293K(905024K), 0.0035870 secs] [Times: user=0.01 sys=0.01, real=0.00 secs] 
2014-07-16T06:30:34.696+0000: 1413.696: [GC [PSYoungGen: 218038K->1086K(213632K)] 459765K->242909K(900608K), 0.0039520 secs] [Times: user=0.02 sys=0.01, real=0.00 secs] 
2014-07-16T06:30:35.476+0000: 1414.476: [GC [PSYoungGen: 213630K->480K(208256K)] 455453K->242383K(895232K), 0.0053010 secs] [Times: user=0.03 sys=0.00, real=0.01 secs] 
2014-07-16T06:30:36.230+0000: 1415.231: [GC [PSYoungGen: 208224K->580K(203776K)] 450127K->242579K(890752K), 0.0052700 secs] [Times: user=0.03 sys=0.00, real=0.01 secs] 
2014-07-16T06:30:36.968+0000: 1415.969: [GC [PSYoungGen: 203713K->1148K(199872K)] 445712K->243211K(886848K), 0.0068240 secs] [Times: user=0.04 sys=0.00, real=0.01 secs] 
2014-07-16T06:30:37.796+0000: 1416.797: [GC [PSYoungGen: 199868K->1060K(195520K)] 441931K->243187K(882496K), 0.0072460 secs] [Times: user=0.04 sys=0.00, real=0.01 secs] 
2014-07-16T06:30:38.439+0000: 1417.439: [GC [PSYoungGen: 195478K->748K(191040K)] 437605K->242955K(878016K), 0.0054850 secs] [Times: user=0.03 sys=0.01, real=0.01 secs] 
2014-07-16T06:30:39.144+0000: 1418.145: [GC [PSYoungGen: 191020K->448K(186688K)] 433227K->242735K(873664K), 0.0057060 secs] [Times: user=0.03 sys=0.00, real=0.00 secs] 
2014-07-16T06:30:39.818+0000: 1418.818: [GC [PSYoungGen: 186688K->562K(182912K)] 428975K->242921K(869888K), 0.0062050 secs] [Times: user=0.03 sys=0.00, real=0.01 secs] 
2014-07-16T06:30:40.476+0000: 1419.477: [GC [PSYoungGen: 182898K->830K(179392K)] 425257K->243261K(866368K), 0.0057930 secs] [Times: user=0.03 sys=0.00, real=0.00 secs] 
2014-07-16T06:30:41.143+0000: 1420.144: [GC [PSYoungGen: 179390K->640K(175552K)] 421821K->243143K(862528K), 0.0084320 secs] [Times: user=0.05 sys=0.00, real=0.00 secs] 
2014-07-16T06:30:41.760+0000: 1420.761: [GC [PSYoungGen: 175552K->844K(172288K)] 418055K->243435K(859264K), 0.0057810 secs] [Times: user=0.04 sys=0.00, real=0.01 secs] 
2014-07-16T06:30:42.376+0000: 1421.377: [GC [PSYoungGen: 172199K->1308K(169344K)] 414790K->244121K(856320K), 0.0041190 secs] [Times: user=0.02 sys=0.01, real=0.00 secs] 
2014-07-16T06:30:42.980+0000: 1421.981: [GC [PSYoungGen: 169308K->612K(165376K)] 412121K->243481K(852352K), 0.0072000 secs] [Times: user=0.04 sys=0.00, real=0.01 secs] 
2014-07-16T06:30:43.584+0000: 1422.585: [GC [PSYoungGen: 165290K->1018K(162560K)] 408159K->243951K(849536K), 0.0040720 secs] [Times: user=0.02 sys=0.00, real=0.00 secs] 
2014-07-16T06:30:44.169+0000: 1423.170: [GC [PSYoungGen: 162526K->926K(159424K)] 405459K->243971K(846400K), 0.0047760 secs] [Times: user=0.03 sys=0.00, real=0.01 secs] 
2014-07-16T06:30:44.748+0000: 1423.748: [GC [PSYoungGen: 159384K->1108K(156608K)] 402429K->244265K(843584K), 0.0044800 secs] [Times: user=0.03 sys=0.01, real=0.01 secs] 
2014-07-16T06:30:45.306+0000: 1424.307: [GC [PSYoungGen: 156564K->384K(152960K)] 399721K->243589K(839936K), 0.0046470 secs] [Times: user=0.02 sys=0.00, real=0.00 secs] 
2014-07-16T06:30:45.877+0000: 1424.877: [GC [PSYoungGen: 152960K->708K(150528K)] 396165K->244017K(837504K), 0.0048420 secs] [Times: user=0.04 sys=0.00, real=0.00 secs] 
2014-07-16T06:30:46.453+0000: 1425.454: [GC [PSYoungGen: 150468K->812K(147904K)] 393777K->244185K(834880K), 0.0072850 secs] [Times: user=0.05 sys=0.00, real=0.00 secs] 
2014-07-16T06:30:47.065+0000: 1426.066: [GC [PSYoungGen: 147884K->1086K(145536K)] 391257K->244531K(832512K), 0.0047180 secs] [Times: user=0.01 sys=0.01, real=0.00 secs] 
2014-07-16T06:30:47.560+0000: 1426.561: [GC [PSYoungGen: 145520K->640K(142528K)] 388965K->244141K(829504K), 0.0065730 secs] [Times: user=0.04 sys=0.00, real=0.01 secs] 
2014-07-16T06:30:48.182+0000: 1427.182: [GC [PSYoungGen: 142528K->926K(140352K)] 386029K->244499K(827328K), 0.0049780 secs] [Times: user=0.02 sys=0.00, real=0.01 secs] 
2014-07-16T06:30:48.659+0000: 1427.659: [GC [PSYoungGen: 140318K->498K(167808K)] 383891K->244111K(854784K), 0.0079620 secs] [Times: user=0.05 sys=0.00, real=0.01 secs] 
2014-07-16T06:30:49.278+0000: 1428.278: [GC [PSYoungGen: 167780K->826K(201600K)] 411393K->244519K(888576K), 0.0093650 secs] [Times: user=0.05 sys=0.00, real=0.01 secs] 
2014-07-16T06:30:50.007+0000: 1429.007: [GC [PSYoungGen: 201594K->666K(241664K)] 445287K->244423K(928640K), 0.0051190 secs] [Times: user=0.02 sys=0.00, real=0.00 secs] 
2014-07-16T06:30:50.881+0000: 1429.882: [GC [PSYoungGen: 241626K->594K(235840K)] 485383K->244439K(922816K), 0.0069390 secs] [Times: user=0.05 sys=0.00, real=0.01 secs] 
2014-07-16T06:30:51.733+0000: 1430.734: [GC [PSYoungGen: 235793K->740K(230400K)] 479638K->244657K(917376K), 0.0036100 secs] [Times: user=0.01 sys=0.00, real=0.00 secs] 
2014-07-16T06:30:52.588+0000: 1431.589: [GC [PSYoungGen: 230357K->594K(224896K)] 474274K->244567K(911872K), 0.0035150 secs] [Times: user=0.02 sys=0.00, real=0.00 secs] 
2014-07-16T06:30:53.448+0000: 1432.448: [GC [PSYoungGen: 224794K->904K(220032K)] 468767K->244941K(907008K), 0.0038350 secs] [Times: user=0.02 sys=0.00, real=0.00 secs] 
2014-07-16T06:30:54.247+0000: 1433.248: [GC [PSYoungGen: 219954K->958K(215040K)] 463991K->245099K(902016K), 0.0044860 secs] [Times: user=0.02 sys=0.00, real=0.00 secs] 
2014-07-16T06:30:55.065+0000: 1434.066: [GC [PSYoungGen: 215038K->1124K(210432K)] 459179K->245313K(897408K), 0.0147190 secs] [Times: user=0.08 sys=0.00, real=0.01 secs] 
2014-07-16T06:30:55.814+0000: 1434.814: [GC [PSYoungGen: 210404K->452K(251648K)] 454593K->244681K(938624K), 0.0104180 secs] [Times: user=0.05 sys=0.00, real=0.02 secs] 
2014-07-16T06:30:56.753+0000: 1435.754: [GC [PSYoungGen: 251579K->1340K(286912K)] 495808K->245625K(973888K), 0.0091020 secs] [Times: user=0.05 sys=0.00, real=0.01 secs] 
2014-07-16T06:30:57.834+0000: 1436.834: [GC [PSYoungGen: 286843K->1008K(279040K)] 531128K->245357K(966016K), 0.0040710 secs] [Times: user=0.02 sys=0.00, real=0.01 secs] 
2014-07-16T06:30:58.866+0000: 1437.867: [GC [PSYoungGen: 279024K->630K(271488K)] 523373K->245075K(958464K), 0.0078960 secs] [Times: user=0.04 sys=0.00, real=0.01 secs] 
2014-07-16T06:30:59.875+0000: 1438.875: [GC [PSYoungGen: 271478K->790K(264768K)] 515923K->245323K(951744K), 0.0039230 secs] [Times: user=0.02 sys=0.00, real=0.01 secs] 
2014-07-16T06:31:00.827+0000: 1439.828: [GC [PSYoungGen: 264726K->876K(258176K)] 509259K->245489K(945152K), 0.0099240 secs] [Times: user=0.06 sys=0.00, real=0.01 secs] 
2014-07-16T06:31:01.774+0000: 1440.775: [GC [PSYoungGen: 258156K->1272K(252160K)] 502769K->246039K(939136K), 0.0036520 secs] [Times: user=0.02 sys=0.00, real=0.01 secs] 
2014-07-16T06:31:02.674+0000: 1441.674: [GC [PSYoungGen: 252150K->676K(245440K)] 496918K->245539K(932416K), 0.0053170 secs] [Times: user=0.03 sys=0.00, real=0.01 secs] 
2014-07-16T06:31:03.605+0000: 1442.606: [GC [PSYoungGen: 245412K->1000K(239808K)] 490275K->245943K(926784K), 0.0088830 secs] [Times: user=0.05 sys=0.01, real=0.00 secs] 
2014-07-16T06:31:04.451+0000: 1443.452: [GC [PSYoungGen: 239766K->830K(233920K)] 484709K->245845K(920896K), 0.0084740 secs] [Times: user=0.06 sys=0.00, real=0.01 secs] 
2014-07-16T06:31:05.322+0000: 1444.323: [GC [PSYoungGen: 233918K->658K(228288K)] 478933K->245777K(915264K), 0.0054070 secs] [Times: user=0.03 sys=0.01, real=0.01 secs] 
2014-07-16T06:31:06.147+0000: 1445.148: [GC [PSYoungGen: 228242K->1272K(223552K)] 473361K->246471K(910528K), 0.0040800 secs] [Times: user=0.02 sys=0.00, real=0.00 secs] 
2014-07-16T06:31:06.947+0000: 1445.948: [GC [PSYoungGen: 223544K->644K(217856K)] 468743K->245915K(904832K), 0.0095150 secs] [Times: user=0.06 sys=0.01, real=0.01 secs] 
2014-07-16T06:31:07.725+0000: 1446.726: [GC [PSYoungGen: 217790K->812K(213056K)] 463061K->246155K(900032K), 0.0037170 secs] [Times: user=0.02 sys=0.00, real=0.01 secs] 
2014-07-16T06:31:08.523+0000: 1447.524: [GC [PSYoungGen: 213036K->816K(208320K)] 458379K->246191K(895296K), 0.0093040 secs] [Times: user=0.05 sys=0.00, real=0.01 secs] 
2014-07-16T06:31:09.265+0000: 1448.266: [GC [PSYoungGen: 208304K->552K(203456K)] 453679K->245991K(890432K), 0.0032690 secs] [Times: user=0.01 sys=0.00, real=0.01 secs] 
2014-07-16T06:31:10.029+0000: 1449.030: [GC [PSYoungGen: 203396K->1046K(199552K)] 448835K->246549K(886528K), 0.0056530 secs] [Times: user=0.03 sys=0.01, real=0.00 secs] 
2014-07-16T06:31:10.731+0000: 1449.732: [GC [PSYoungGen: 199510K->780K(195008K)] 445013K->246347K(881984K), 0.0046420 secs] [Times: user=0.02 sys=0.00, real=0.00 secs] 
2014-07-16T06:31:11.441+0000: 1450.442: [GC [PSYoungGen: 194956K->1008K(191040K)] 440523K->246639K(878016K), 0.0096000 secs] [Times: user=0.05 sys=0.00, real=0.01 secs] 
2014-07-16T06:31:12.140+0000: 1451.141: [GC [PSYoungGen: 191024K->708K(186816K)] 436655K->246411K(873792K), 0.0048910 secs] [Times: user=0.02 sys=0.00, real=0.00 secs] 
2014-07-16T06:31:12.824+0000: 1451.824: [GC [PSYoungGen: 186756K->1030K(183296K)] 432459K->246797K(870272K), 0.0056380 secs] [Times: user=0.03 sys=0.00, real=0.01 secs] 
2014-07-16T06:31:13.505+0000: 1452.506: [GC [PSYoungGen: 183195K->498K(179008K)] 428962K->246313K(865984K), 0.0042810 secs] [Times: user=0.02 sys=0.00, real=0.01 secs] 
2014-07-16T06:31:14.129+0000: 1453.129: [GC [PSYoungGen: 178994K->716K(175616K)] 424809K->246603K(862592K), 0.0059170 secs] [Times: user=0.03 sys=0.00, real=0.00 secs] 
2014-07-16T06:31:14.758+0000: 1453.759: [GC [PSYoungGen: 175510K->816K(172160K)] 421397K->246759K(859136K), 0.0060550 secs] [Times: user=0.03 sys=0.01, real=0.00 secs] 
2014-07-16T06:31:15.379+0000: 1454.380: [GC [PSYoungGen: 172132K->662K(168640K)] 418075K->246717K(855616K), 0.0052390 secs] [Times: user=0.03 sys=0.00, real=0.00 secs] 
2014-07-16T06:31:16.003+0000: 1455.003: [GC [PSYoungGen: 168597K->1254K(165952K)] 414652K->247389K(852928K), 0.0064840 secs] [Times: user=0.04 sys=0.00, real=0.01 secs] 
2014-07-16T06:31:16.579+0000: 1455.580: [GC [PSYoungGen: 165926K->634K(162112K)] 412061K->247045K(849088K), 0.0051610 secs] [Times: user=0.03 sys=0.00, real=0.00 secs] 
2014-07-16T06:31:17.174+0000: 1456.175: [GC [PSYoungGen: 162064K->1026K(159488K)] 408475K->247477K(846464K), 0.0084940 secs] [Times: user=0.05 sys=0.01, real=0.01 secs] 
2014-07-16T06:31:17.741+0000: 1456.742: [GC [PSYoungGen: 159426K->512K(155904K)] 405877K->247101K(842880K), 0.0029150 secs] [Times: user=0.01 sys=0.00, real=0.00 secs] 
2014-07-16T06:31:18.413+0000: 1457.413: [GC [PSYoungGen: 155904K->1260K(153792K)] 402493K->247945K(840768K), 0.0066600 secs] [Times: user=0.04 sys=0.00, real=0.01 secs] 
2014-07-16T06:31:18.912+0000: 1457.913: [GC [PSYoungGen: 153772K->1062K(150784K)] 400457K->247971K(837760K), 0.0052810 secs] [Times: user=0.03 sys=0.00, real=0.01 secs] 
2014-07-16T06:31:19.472+0000: 1458.473: [GC [PSYoungGen: 150758K->790K(147840K)] 397667K->247779K(834816K), 0.0059060 secs] [Times: user=0.03 sys=0.00, real=0.01 secs] 
2014-07-16T06:31:20.013+0000: 1459.014: [GC [PSYoungGen: 147798K->940K(177408K)] 394787K->248033K(864384K), 0.0072100 secs] [Times: user=0.05 sys=0.00, real=0.01 secs] 
2014-07-16T06:31:20.680+0000: 1459.680: [GC [PSYoungGen: 177327K->914K(173824K)] 424420K->248087K(860800K), 0.0059050 secs] [Times: user=0.04 sys=0.00, real=0.00 secs] 
2014-07-16T06:31:21.310+0000: 1460.311: [GC [PSYoungGen: 173778K->612K(208128K)] 420951K->247849K(895104K), 0.0103550 secs] [Times: user=0.07 sys=0.01, real=0.01 secs] 
2014-07-16T06:31:22.077+0000: 1461.078: [GC [PSYoungGen: 208038K->548K(249600K)] 455275K->247833K(936576K), 0.0067460 secs] [Times: user=0.03 sys=0.00, real=0.01 secs] 
2014-07-16T06:31:22.977+0000: 1461.978: [GC [PSYoungGen: 249570K->480K(283136K)] 496855K->247837K(970112K), 0.0076060 secs] [Times: user=0.05 sys=0.00, real=0.01 secs] 
2014-07-16T06:31:24.053+0000: 1463.054: [GC [PSYoungGen: 282140K->658K(275072K)] 529498K->248071K(962048K), 0.0052760 secs] [Times: user=0.03 sys=0.00, real=0.01 secs] 
2014-07-16T06:31:25.055+0000: 1464.056: [GC [PSYoungGen: 275026K->676K(268032K)] 522439K->248145K(955008K), 0.0051760 secs] [Times: user=0.02 sys=0.00, real=0.01 secs] 
2014-07-16T06:31:26.019+0000: 1465.020: [GC [PSYoungGen: 268004K->812K(261376K)] 515473K->248401K(948352K), 0.0041670 secs] [Times: user=0.03 sys=0.00, real=0.00 secs] 
2014-07-16T06:31:26.956+0000: 1465.957: [GC [PSYoungGen: 261356K->512K(254528K)] 508945K->248173K(941504K), 0.0054590 secs] [Times: user=0.03 sys=0.00, real=0.01 secs] 
2014-07-16T06:31:27.887+0000: 1466.887: [GC [PSYoungGen: 254482K->898K(248704K)] 502143K->248607K(935680K), 0.0098950 secs] [Times: user=0.05 sys=0.00, real=0.01 secs] 
2014-07-16T06:31:28.874+0000: 1467.875: [GC [PSYoungGen: 248642K->1212K(242944K)] 496351K->248977K(929920K), 0.0082440 secs] [Times: user=0.05 sys=0.00, real=0.01 secs] 
2014-07-16T06:31:29.740+0000: 1468.740: [GC [PSYoungGen: 242940K->922K(236864K)] 490705K->248759K(923840K), 0.0087570 secs] [Times: user=0.05 sys=0.00, real=0.00 secs] 
2014-07-16T06:31:30.609+0000: 1469.609: [GC [PSYoungGen: 236826K->804K(231104K)] 484663K->248811K(918080K), 0.0038840 secs] [Times: user=0.02 sys=0.00, real=0.01 secs] 
2014-07-16T06:31:31.431+0000: 1470.431: [GC [PSYoungGen: 231052K->780K(225728K)] 479059K->248827K(912704K), 0.0035490 secs] [Times: user=0.01 sys=0.00, real=0.00 secs] 
2014-07-16T06:31:32.246+0000: 1471.247: [GC [PSYoungGen: 225676K->726K(220480K)] 473723K->248877K(907456K), 0.0051510 secs] [Times: user=0.03 sys=0.00, real=0.01 secs] 
2014-07-16T06:31:33.077+0000: 1472.077: [GC [PSYoungGen: 220438K->822K(215552K)] 468589K->249069K(902528K), 0.0033050 secs] [Times: user=0.02 sys=0.00, real=0.01 secs] 
2014-07-16T06:31:33.902+0000: 1472.903: [GC [PSYoungGen: 215542K->798K(210688K)] 463789K->249101K(897664K), 0.0047570 secs] [Times: user=0.03 sys=0.00, real=0.00 secs] 
2014-07-16T06:31:34.676+0000: 1473.677: [GC [PSYoungGen: 210654K->1058K(206272K)] 458957K->249409K(893248K), 0.0111860 secs] [Times: user=0.06 sys=0.00, real=0.01 secs] 
2014-07-16T06:31:35.428+0000: 1474.429: [GC [PSYoungGen: 206242K->484K(201152K)] 454593K->248859K(888128K), 0.0052320 secs] [Times: user=0.02 sys=0.00, real=0.01 secs] 
2014-07-16T06:31:36.168+0000: 1475.169: [GC [PSYoungGen: 201124K->726K(197056K)] 449499K->249189K(884032K), 0.0061380 secs] [Times: user=0.04 sys=0.00, real=0.01 secs] 
2014-07-16T06:31:36.890+0000: 1475.890: [GC [PSYoungGen: 197014K->980K(193088K)] 445477K->249547K(880064K), 0.0045010 secs] [Times: user=0.03 sys=0.00, real=0.01 secs] 
2014-07-16T06:31:37.595+0000: 1476.596: [GC [PSYoungGen: 193044K->576K(188544K)] 441611K->249223K(875520K), 0.0054990 secs] [Times: user=0.03 sys=0.00, real=0.01 secs] 
2014-07-16T06:31:38.328+0000: 1477.328: [GC [PSYoungGen: 188544K->1018K(185088K)] 437191K->249793K(872064K), 0.0036200 secs] [Times: user=0.02 sys=0.00, real=0.01 secs] 
2014-07-16T06:31:38.993+0000: 1477.993: [GC [PSYoungGen: 185082K->612K(180928K)] 433857K->249475K(867904K), 0.0058360 secs] [Times: user=0.03 sys=0.00, real=0.00 secs] 
2014-07-16T06:31:39.647+0000: 1478.648: [GC [PSYoungGen: 180900K->644K(177344K)] 429763K->249587K(864320K), 0.0032970 secs] [Times: user=0.02 sys=0.00, real=0.00 secs] 
2014-07-16T06:31:40.301+0000: 1479.302: [GC [PSYoungGen: 177284K->566K(173632K)] 426227K->249573K(860608K), 0.0062800 secs] [Times: user=0.03 sys=0.00, real=0.00 secs] 
2014-07-16T06:31:40.927+0000: 1479.927: [GC [PSYoungGen: 173622K->876K(170496K)] 422629K->249971K(857472K), 0.0053820 secs] [Times: user=0.03 sys=0.00, real=0.01 secs] 
2014-07-16T06:31:41.532+0000: 1480.533: [GC [PSYoungGen: 170476K->1108K(167424K)] 419571K->250291K(854400K), 0.0082950 secs] [Times: user=0.05 sys=0.00, real=0.00 secs] 
2014-07-16T06:31:42.135+0000: 1481.136: [GC [PSYoungGen: 167380K->684K(163776K)] 416563K->250187K(850752K), 0.0059530 secs] [Times: user=0.04 sys=0.01, real=0.01 secs] 
2014-07-16T06:31:42.734+0000: 1481.734: [GC [PSYoungGen: 163756K->758K(160704K)] 413259K->250341K(847680K), 0.0041120 secs] [Times: user=0.02 sys=0.00, real=0.00 secs] 
2014-07-16T06:31:43.321+0000: 1482.322: [GC [PSYoungGen: 160672K->648K(157632K)] 410255K->250353K(844608K), 0.0045670 secs] [Times: user=0.02 sys=0.01, real=0.00 secs] 
2014-07-16T06:31:43.943+0000: 1482.944: [GC [PSYoungGen: 157576K->1318K(155328K)] 407281K->251577K(842304K), 0.0032170 secs] [Times: user=0.01 sys=0.01, real=0.00 secs] 
2014-07-16T06:31:44.476+0000: 1483.477: [GC [PSYoungGen: 155302K->598K(151808K)] 405561K->250937K(838784K), 0.0038460 secs] [Times: user=0.03 sys=0.00, real=0.00 secs] 
2014-07-16T06:31:45.032+0000: 1484.033: [GC [PSYoungGen: 151698K->840K(149312K)] 402038K->251275K(836288K), 0.0048340 secs] [Times: user=0.02 sys=0.00, real=0.00 secs] 
2014-07-16T06:31:45.571+0000: 1484.572: [GC [PSYoungGen: 149256K->908K(146688K)] 399691K->251423K(833664K), 0.0062210 secs] [Times: user=0.02 sys=0.00, real=0.01 secs] 
2014-07-16T06:31:46.100+0000: 1485.100: [GC [PSYoungGen: 146636K->676K(175616K)] 397151K->251279K(862592K), 0.0084840 secs] [Times: user=0.06 sys=0.00, real=0.01 secs] 
2014-07-16T06:31:46.796+0000: 1485.796: [GC [PSYoungGen: 175544K->1008K(210944K)] 426148K->251659K(897920K), 0.0137000 secs] [Times: user=0.08 sys=0.00, real=0.01 secs] 
2014-07-16T06:31:47.611+0000: 1486.611: [GC [PSYoungGen: 210928K->1484K(253440K)] 461579K->252191K(940416K), 0.0041470 secs] [Times: user=0.02 sys=0.00, real=0.01 secs] 
2014-07-16T06:31:48.490+0000: 1487.491: [GC [PSYoungGen: 253388K->562K(246272K)] 504095K->251431K(933248K), 0.0033250 secs] [Times: user=0.02 sys=0.00, real=0.01 secs] 
2014-07-16T06:31:49.411+0000: 1488.412: [GC [PSYoungGen: 246230K->626K(240384K)] 497099K->251583K(927360K), 0.0046930 secs] [Times: user=0.03 sys=0.00, real=0.01 secs] 
2014-07-16T06:31:50.291+0000: 1489.292: [GC [PSYoungGen: 240370K->858K(234880K)] 491327K->251871K(921856K), 0.0047450 secs] [Times: user=0.02 sys=0.01, real=0.01 secs] 
2014-07-16T06:31:51.156+0000: 1490.157: [GC [PSYoungGen: 234804K->530K(229056K)] 485817K->251623K(916032K), 0.0042320 secs] [Times: user=0.02 sys=0.00, real=0.00 secs] 
2014-07-16T06:31:51.987+0000: 1490.988: [GC [PSYoungGen: 229010K->730K(223936K)] 480103K->251911K(910912K), 0.0062230 secs] [Times: user=0.04 sys=0.00, real=0.01 secs] 
2014-07-16T06:31:52.802+0000: 1491.803: [GC [PSYoungGen: 223898K->1090K(219200K)] 475079K->252343K(906176K), 0.0037150 secs] [Times: user=0.02 sys=0.00, real=0.01 secs] 
2014-07-16T06:31:53.603+0000: 1492.604: [GC [PSYoungGen: 219138K->548K(213632K)] 470391K->251857K(900608K), 0.0089970 secs] [Times: user=0.05 sys=0.00, real=0.01 secs] 
2014-07-16T06:31:54.388+0000: 1493.389: [GC [PSYoungGen: 213598K->876K(209152K)] 464907K->252257K(896128K), 0.0055590 secs] [Times: user=0.03 sys=0.00, real=0.01 secs] 
2014-07-16T06:31:55.185+0000: 1494.185: [GC [PSYoungGen: 209132K->992K(204672K)] 460513K->252437K(891648K), 0.0066850 secs] [Times: user=0.03 sys=0.00, real=0.00 secs] 
2014-07-16T06:31:55.893+0000: 1494.894: [GC [PSYoungGen: 204624K->516K(199744K)] 456069K->252025K(886720K), 0.0045990 secs] [Times: user=0.02 sys=0.00, real=0.00 secs] 
2014-07-16T06:31:56.626+0000: 1495.627: [GC [PSYoungGen: 199684K->484K(195392K)] 451193K->252041K(882368K), 0.0039450 secs] [Times: user=0.02 sys=0.00, real=0.00 secs] 
2014-07-16T06:31:57.332+0000: 1496.333: [GC [PSYoungGen: 195353K->940K(191680K)] 446911K->252569K(878656K), 0.0069820 secs] [Times: user=0.04 sys=0.00, real=0.01 secs] 
2014-07-16T06:31:58.028+0000: 1497.029: [GC [PSYoungGen: 191660K->854K(187584K)] 443289K->252563K(874560K), 0.0070880 secs] [Times: user=0.04 sys=0.00, real=0.01 secs] 
2014-07-16T06:31:58.721+0000: 1497.722: [GC [PSYoungGen: 187542K->872K(183680K)] 439251K->252637K(870656K), 0.0051940 secs] [Times: user=0.01 sys=0.00, real=0.01 secs] 
2014-07-16T06:31:59.485+0000: 1498.486: [GC [PSYoungGen: 183656K->1058K(180096K)] 435421K->252919K(867072K), 0.0041390 secs] [Times: user=0.02 sys=0.00, real=0.00 secs] 
2014-07-16T06:32:00.109+0000: 1499.110: [GC [PSYoungGen: 180066K->658K(176064K)] 431927K->252615K(863040K), 0.0069330 secs] [Times: user=0.03 sys=0.00, real=0.01 secs] 
2014-07-16T06:32:00.748+0000: 1499.748: [GC [PSYoungGen: 176018K->626K(172480K)] 427975K->252647K(859456K), 0.0070990 secs] [Times: user=0.05 sys=0.00, real=0.01 secs] 
2014-07-16T06:32:01.373+0000: 1500.373: [GC [PSYoungGen: 172454K->580K(169088K)] 424476K->252697K(856064K), 0.0054340 secs] [Times: user=0.03 sys=0.00, real=0.01 secs] 
2014-07-16T06:32:01.974+0000: 1500.975: [GC [PSYoungGen: 169028K->530K(165696K)] 421145K->252711K(852672K), 0.0047660 secs] [Times: user=0.02 sys=0.00, real=0.00 secs] 
2014-07-16T06:32:02.573+0000: 1501.574: [GC [PSYoungGen: 165643K->498K(162432K)] 417825K->252759K(849408K), 0.0066700 secs] [Times: user=0.04 sys=0.00, real=0.01 secs] 
2014-07-16T06:32:03.170+0000: 1502.171: [GC [PSYoungGen: 162418K->1090K(160000K)] 414679K->253423K(846976K), 0.0061090 secs] [Times: user=0.04 sys=0.00, real=0.01 secs] 
2014-07-16T06:32:03.745+0000: 1502.745: [GC [PSYoungGen: 159926K->616K(156480K)] 412260K->253005K(843456K), 0.0073880 secs] [Times: user=0.04 sys=0.00, real=0.00 secs] 
2014-07-16T06:32:04.398+0000: 1503.398: [GC [PSYoungGen: 156451K->748K(187776K)] 408841K->253201K(874752K), 0.0071490 secs] [Times: user=0.04 sys=0.00, real=0.01 secs] 
2014-07-16T06:32:05.040+0000: 1504.041: [GC [PSYoungGen: 187733K->1096K(184256K)] 440186K->253645K(871232K), 0.0052510 secs] [Times: user=0.02 sys=0.00, real=0.01 secs] 
2014-07-16T06:32:05.706+0000: 1504.707: [GC [PSYoungGen: 184200K->676K(180032K)] 436749K->253329K(867008K), 0.0039790 secs] [Times: user=0.02 sys=0.00, real=0.00 secs] 
2014-07-16T06:32:06.366+0000: 1505.367: [GC [PSYoungGen: 179975K->758K(176448K)] 432628K->253491K(863424K), 0.0039480 secs] [Times: user=0.02 sys=0.00, real=0.00 secs] 
2014-07-16T06:32:07.009+0000: 1506.010: [GC [PSYoungGen: 176438K->1254K(173440K)] 429171K->254291K(860416K), 0.0066790 secs] [Times: user=0.04 sys=0.00, real=0.01 secs] 
2014-07-16T06:32:07.639+0000: 1506.640: [GC [PSYoungGen: 173414K->866K(169664K)] 426451K->253967K(856640K), 0.0061620 secs] [Times: user=0.03 sys=0.00, real=0.01 secs] 
2014-07-16T06:32:08.237+0000: 1507.237: [GC [PSYoungGen: 169634K->644K(166144K)] 422735K->253785K(853120K), 0.0069460 secs] [Times: user=0.02 sys=0.00, real=0.00 secs] 
2014-07-16T06:32:08.839+0000: 1507.840: [GC [PSYoungGen: 166082K->608K(162880K)] 419223K->253829K(849856K), 0.0061370 secs] [Times: user=0.03 sys=0.00, real=0.01 secs] 
2014-07-16T06:32:09.482+0000: 1508.482: [GC [PSYoungGen: 162848K->512K(159680K)] 416069K->253797K(846656K), 0.0056390 secs] [Times: user=0.03 sys=0.00, real=0.01 secs] 
2014-07-16T06:32:10.054+0000: 1509.055: [GC [PSYoungGen: 159666K->708K(156928K)] 412952K->254073K(843904K), 0.0037800 secs] [Times: user=0.01 sys=0.01, real=0.01 secs] 
2014-07-16T06:32:10.642+0000: 1509.643: [GC [PSYoungGen: 156868K->804K(154048K)] 410233K->254241K(841024K), 0.0067990 secs] [Times: user=0.04 sys=0.00, real=0.01 secs] 
2014-07-16T06:32:11.198+0000: 1510.199: [GC [PSYoungGen: 153983K->1008K(184896K)] 407421K->254533K(871872K), 0.0077230 secs] [Times: user=0.05 sys=0.00, real=0.01 secs] 
2014-07-16T06:32:11.873+0000: 1510.874: [GC [PSYoungGen: 184806K->758K(180864K)] 438331K->254379K(867840K), 0.0046840 secs] [Times: user=0.02 sys=0.00, real=0.01 secs] 
2014-07-16T06:32:12.533+0000: 1511.534: [GC [PSYoungGen: 180806K->584K(177088K)] 434428K->254301K(864064K), 0.0053410 secs] [Times: user=0.03 sys=0.00, real=0.01 secs] 
2014-07-16T06:32:13.195+0000: 1512.195: [GC [PSYoungGen: 177000K->1190K(212992K)] 430717K->254971K(899968K), 0.0109890 secs] [Times: user=0.07 sys=0.00, real=0.01 secs] 
2014-07-16T06:32:13.961+0000: 1512.962: [GC [PSYoungGen: 212966K->722K(244288K)] 466747K->254567K(931264K), 0.0065640 secs] [Times: user=0.04 sys=0.00, real=0.01 secs] 
2014-07-16T06:32:14.877+0000: 1513.878: [GC [PSYoungGen: 243576K->776K(237824K)] 497422K->254717K(924800K), 0.0065190 secs] [Times: user=0.04 sys=0.00, real=0.00 secs] 
2014-07-16T06:32:15.734+0000: 1514.734: [GC [PSYoungGen: 237763K->694K(232064K)] 491704K->254699K(919040K), 0.0062010 secs] [Times: user=0.04 sys=0.01, real=0.01 secs] 
2014-07-16T06:32:16.578+0000: 1515.579: [GC [PSYoungGen: 232037K->812K(226752K)] 486042K->254889K(913728K), 0.0079930 secs] [Times: user=0.05 sys=0.00, real=0.01 secs] 
2014-07-16T06:32:17.391+0000: 1516.392: [GC [PSYoungGen: 226732K->844K(221568K)] 480809K->255009K(908544K), 0.0091050 secs] [Times: user=0.07 sys=0.00, real=0.01 secs] 
2014-07-16T06:32:18.178+0000: 1517.179: [GC [PSYoungGen: 221516K->754K(216384K)] 475681K->255041K(903360K), 0.0033850 secs] [Times: user=0.01 sys=0.00, real=0.00 secs] 
2014-07-16T06:32:18.981+0000: 1517.982: [GC [PSYoungGen: 216370K->1008K(211776K)] 470657K->255375K(898752K), 0.0051470 secs] [Times: user=0.02 sys=0.00, real=0.00 secs] 
2014-07-16T06:32:19.810+0000: 1518.810: [GC [PSYoungGen: 211760K->694K(206720K)] 466127K->255309K(893696K), 0.0082100 secs] [Times: user=0.04 sys=0.00, real=0.01 secs] 
2014-07-16T06:32:20.544+0000: 1519.545: [GC [PSYoungGen: 206708K->1016K(202496K)] 461324K->255679K(889472K), 0.0047330 secs] [Times: user=0.02 sys=0.00, real=0.01 secs] 
2014-07-16T06:32:21.272+0000: 1520.273: [GC [PSYoungGen: 202488K->612K(197696K)] 457151K->255371K(884672K), 0.0072280 secs] [Times: user=0.05 sys=0.00, real=0.01 secs] 
2014-07-16T06:32:21.991+0000: 1520.992: [GC [PSYoungGen: 197645K->644K(193536K)] 452404K->255467K(880512K), 0.0078260 secs] [Times: user=0.04 sys=0.00, real=0.01 secs] 
2014-07-16T06:32:22.694+0000: 1521.695: [GC [PSYoungGen: 193476K->498K(189248K)] 448299K->255401K(876224K), 0.0085090 secs] [Times: user=0.06 sys=0.00, real=0.01 secs] 
2014-07-16T06:32:23.375+0000: 1522.376: [GC [PSYoungGen: 189219K->666K(185472K)] 444123K->255633K(872448K), 0.0055910 secs] [Times: user=0.03 sys=0.00, real=0.01 secs] 
2014-07-16T06:32:24.039+0000: 1523.040: [GC [PSYoungGen: 185434K->730K(181696K)] 440401K->255785K(868672K), 0.0045240 secs] [Times: user=0.01 sys=0.00, real=0.00 secs] 
2014-07-16T06:32:24.731+0000: 1523.731: [GC [PSYoungGen: 181658K->958K(178176K)] 436713K->256109K(865152K), 0.0046210 secs] [Times: user=0.02 sys=0.00, real=0.00 secs] 
2014-07-16T06:32:25.357+0000: 1524.357: [GC [PSYoungGen: 178131K->762K(174400K)] 433282K->256043K(861376K), 0.0076820 secs] [Times: user=0.06 sys=0.00, real=0.01 secs] 
2014-07-16T06:32:26.001+0000: 1525.001: [GC [PSYoungGen: 174394K->594K(170816K)] 429675K->255963K(857792K), 0.0060960 secs] [Times: user=0.04 sys=0.00, real=0.00 secs] 
2014-07-16T06:32:26.625+0000: 1525.625: [GC [PSYoungGen: 170766K->626K(204864K)] 426136K->256067K(891840K), 0.0098240 secs] [Times: user=0.05 sys=0.00, real=0.01 secs] 
2014-07-16T06:32:27.361+0000: 1526.362: [GC [PSYoungGen: 204846K->872K(200640K)] 460288K->256409K(887616K), 0.0043320 secs] [Times: user=0.02 sys=0.00, real=0.00 secs] 
2014-07-16T06:32:28.099+0000: 1527.100: [GC [PSYoungGen: 200598K->952K(196352K)] 456135K->256739K(883328K), 0.0054140 secs] [Times: user=0.02 sys=0.01, real=0.00 secs] 
2014-07-16T06:32:28.845+0000: 1527.846: [GC [PSYoungGen: 196344K->844K(192128K)] 452131K->256703K(879104K), 0.0034610 secs] [Times: user=0.02 sys=0.00, real=0.01 secs] 
2014-07-16T06:32:29.577+0000: 1528.577: [GC [PSYoungGen: 192027K->866K(188096K)] 447886K->256805K(875072K), 0.0053980 secs] [Times: user=0.03 sys=0.00, real=0.01 secs] 
2014-07-16T06:32:30.235+0000: 1529.236: [GC [PSYoungGen: 188029K->712K(184064K)] 443968K->256739K(871040K), 0.0042940 secs] [Times: user=0.02 sys=0.00, real=0.01 secs] 
2014-07-16T06:32:30.914+0000: 1529.914: [GC [PSYoungGen: 183938K->912K(180480K)] 439965K->257127K(867456K), 0.0039560 secs] [Times: user=0.02 sys=0.00, real=0.00 secs] 
2014-07-16T06:32:31.560+0000: 1530.561: [GC [PSYoungGen: 180431K->990K(176896K)] 436647K->257309K(863872K), 0.0034210 secs] [Times: user=0.02 sys=0.00, real=0.00 secs] 
2014-07-16T06:32:32.207+0000: 1531.208: [GC [PSYoungGen: 176862K->626K(172992K)] 433181K->257073K(859968K), 0.0085750 secs] [Times: user=0.06 sys=0.00, real=0.01 secs] 
2014-07-16T06:32:32.836+0000: 1531.837: [GC [PSYoungGen: 172978K->648K(169664K)] 429425K->257167K(856640K), 0.0056990 secs] [Times: user=0.03 sys=0.00, real=0.01 secs] 
2014-07-16T06:32:33.441+0000: 1532.441: [GC [PSYoungGen: 169588K->812K(166464K)] 426108K->257477K(853440K), 0.0064530 secs] [Times: user=0.04 sys=0.00, real=0.00 secs] 
2014-07-16T06:32:34.051+0000: 1533.052: [GC [PSYoungGen: 166444K->798K(163264K)] 423109K->257487K(850240K), 0.0057110 secs] [Times: user=0.02 sys=0.00, real=0.00 secs] 
2014-07-16T06:32:34.670+0000: 1533.671: [GC [PSYoungGen: 163229K->562K(159872K)] 419919K->257331K(846848K), 0.0051570 secs] [Times: user=0.03 sys=0.01, real=0.00 secs] 
2014-07-16T06:32:35.236+0000: 1534.236: [GC [PSYoungGen: 159758K->1172K(157504K)] 416527K->258037K(844480K), 0.0062980 secs] [Times: user=0.05 sys=0.00, real=0.01 secs] 
2014-07-16T06:32:35.788+0000: 1534.788: [GC [PSYoungGen: 157459K->566K(153920K)] 414325K->257487K(840896K), 0.0055580 secs] [Times: user=0.04 sys=0.00, real=0.01 secs] 
2014-07-16T06:32:36.341+0000: 1535.342: [GC [PSYoungGen: 153910K->958K(151488K)] 410831K->257959K(838464K), 0.0056980 secs] [Times: user=0.02 sys=0.00, real=0.00 secs] 
2014-07-16T06:32:36.881+0000: 1535.881: [GC [PSYoungGen: 151484K->1004K(148800K)] 408486K->258069K(835776K), 0.0035950 secs] [Times: user=0.02 sys=0.00, real=0.00 secs] 
2014-07-16T06:32:37.427+0000: 1536.428: [GC [PSYoungGen: 148780K->730K(178112K)] 405845K->257843K(865088K), 0.0106020 secs] [Times: user=0.06 sys=0.00, real=0.01 secs] 
2014-07-16T06:32:38.070+0000: 1537.071: [GC [PSYoungGen: 178074K->530K(174336K)] 435187K->257715K(861312K), 0.0035850 secs] [Times: user=0.01 sys=0.00, real=0.00 secs] 
2014-07-16T06:32:38.697+0000: 1537.698: [GC [PSYoungGen: 174290K->576K(170880K)] 431475K->257833K(857856K), 0.0037170 secs] [Times: user=0.02 sys=0.00, real=0.01 secs] 
2014-07-16T06:32:39.320+0000: 1538.321: [GC [PSYoungGen: 170879K->1268K(168256K)] 428137K->258621K(855232K), 0.0037450 secs] [Times: user=0.02 sys=0.00, real=0.00 secs] 
2014-07-16T06:32:40.008+0000: 1539.009: [GC [PSYoungGen: 168235K->1036K(164800K)] 425588K->258469K(851776K), 0.0074690 secs] [Times: user=0.04 sys=0.00, real=0.01 secs] 
2014-07-16T06:32:40.603+0000: 1539.604: [GC [PSYoungGen: 164748K->626K(197120K)] 422181K->258287K(884096K), 0.0089290 secs] [Times: user=0.05 sys=0.00, real=0.01 secs] 
2014-07-16T06:32:41.350+0000: 1540.351: [GC [PSYoungGen: 197106K->1322K(193600K)] 454767K->259271K(880576K), 0.0035380 secs] [Times: user=0.01 sys=0.01, real=0.00 secs] 
2014-07-16T06:32:42.053+0000: 1541.054: [GC [PSYoungGen: 193578K->866K(189056K)] 451527K->259320K(876032K), 0.0044690 secs] [Times: user=0.03 sys=0.00, real=0.00 secs] 
2014-07-16T06:32:42.724+0000: 1541.725: [GC [PSYoungGen: 189009K->836K(185088K)] 447463K->259354K(872064K), 0.0045830 secs] [Times: user=0.02 sys=0.00, real=0.00 secs] 
2014-07-16T06:32:43.384+0000: 1542.385: [GC [PSYoungGen: 184995K->836K(181312K)] 443513K->259522K(868288K), 0.0061180 secs] [Times: user=0.04 sys=0.00, real=0.01 secs] 
2014-07-16T06:32:44.056+0000: 1543.057: [GC [PSYoungGen: 181252K->818K(177536K)] 439938K->259552K(864512K), 0.0057870 secs] [Times: user=0.03 sys=0.00, real=0.01 secs] 
2014-07-16T06:32:44.763+0000: 1543.764: [GC [PSYoungGen: 177522K->1118K(174272K)] 436256K->259940K(861248K), 0.0062080 secs] [Times: user=0.03 sys=0.00, real=0.00 secs] 
2014-07-16T06:32:45.347+0000: 1544.348: [GC [PSYoungGen: 174214K->530K(170240K)] 433036K->259448K(857216K), 0.0053030 secs] [Times: user=0.03 sys=0.00, real=0.01 secs] 
2014-07-16T06:32:45.985+0000: 1544.986: [GC [PSYoungGen: 170194K->1118K(167488K)] 429112K->260124K(854464K), 0.0091810 secs] [Times: user=0.06 sys=0.00, real=0.01 secs] 
2014-07-16T06:32:46.574+0000: 1545.574: [GC [PSYoungGen: 167446K->854K(200512K)] 426452K->259916K(887488K), 0.0094240 secs] [Times: user=0.05 sys=0.01, real=0.01 secs] 
2014-07-16T06:32:47.298+0000: 1546.298: [GC [PSYoungGen: 200470K->516K(232192K)] 459532K->259626K(919168K), 0.0103520 secs] [Times: user=0.06 sys=0.00, real=0.01 secs] 
2014-07-16T06:32:48.135+0000: 1547.135: [GC [PSYoungGen: 231489K->1090K(232512K)] 490600K->260256K(919488K), 0.0065310 secs] [Times: user=0.04 sys=0.00, real=0.01 secs] 
2014-07-16T06:32:48.970+0000: 1547.970: [GC [PSYoungGen: 232066K->776K(278592K)] 491232K->259982K(965568K), 0.0148720 secs] [Times: user=0.09 sys=0.00, real=0.02 secs] 
2014-07-16T06:32:49.972+0000: 1548.973: [GC [PSYoungGen: 277960K->976K(278656K)] 537166K->260254K(965632K), 0.0126660 secs] [Times: user=0.07 sys=0.00, real=0.01 secs] 
2014-07-16T06:32:50.972+0000: 1549.973: [GC [PSYoungGen: 278160K->708K(334144K)] 537438K->260050K(1021120K), 0.0050770 secs] [Times: user=0.03 sys=0.00, real=0.00 secs] 
2014-07-16T06:32:52.173+0000: 1551.174: [GC [PSYoungGen: 333380K->1440K(324800K)] 592722K->261062K(1011776K), 0.0039890 secs] [Times: user=0.02 sys=0.00, real=0.00 secs] 
2014-07-16T06:32:53.346+0000: 1552.346: [GC [PSYoungGen: 324768K->64K(314432K)] 584390K->260046K(1001408K), 0.0029180 secs] [Times: user=0.01 sys=0.00, real=0.00 secs] 
2014-07-16T06:32:54.474+0000: 1553.474: [GC [PSYoungGen: 314408K->1186K(307520K)] 574391K->261208K(994496K), 0.0047930 secs] [Times: user=0.03 sys=0.00, real=0.00 secs] 
2014-07-16T06:32:55.678+0000: 1554.679: [GC [PSYoungGen: 306970K->1292K(298880K)] 566992K->261750K(985856K), 0.0080000 secs] [Times: user=0.05 sys=0.00, real=0.01 secs] 
2014-07-16T06:32:56.770+0000: 1555.771: [GC [PSYoungGen: 298828K->876K(290496K)] 559286K->261398K(977472K), 0.0065520 secs] [Times: user=0.03 sys=0.00, real=0.01 secs] 
2014-07-16T06:32:57.806+0000: 1556.807: [GC [PSYoungGen: 290476K->786K(282816K)] 550998K->261372K(969792K), 0.0090640 secs] [Times: user=0.06 sys=0.00, real=0.01 secs] 
2014-07-16T06:32:58.856+0000: 1557.857: [GC [PSYoungGen: 282770K->1232K(275904K)] 543356K->261874K(962880K), 0.0051940 secs] [Times: user=0.02 sys=0.00, real=0.00 secs] 
2014-07-16T06:32:59.954+0000: 1558.954: [GC [PSYoungGen: 275856K->1088K(268672K)] 536498K->261834K(955648K), 0.0067860 secs] [Times: user=0.05 sys=0.01, real=0.00 secs] 
2014-07-16T06:33:00.890+0000: 1559.890: [GC [PSYoungGen: 268672K->1112K(261952K)] 529418K->261914K(948928K), 0.0069670 secs] [Times: user=0.04 sys=0.00, real=0.01 secs] 
2014-07-16T06:33:01.810+0000: 1560.811: [GC [PSYoungGen: 261912K->990K(255296K)] 522714K->261848K(942272K), 0.0037870 secs] [Times: user=0.02 sys=0.00, real=0.01 secs] 
2014-07-16T06:33:02.729+0000: 1561.730: [GC [PSYoungGen: 255258K->1098K(249152K)] 516117K->262012K(936128K), 0.0063450 secs] [Times: user=0.04 sys=0.00, real=0.01 secs] 
2014-07-16T06:33:03.632+0000: 1562.633: [GC [PSYoungGen: 249098K->708K(242688K)] 510012K->261710K(929664K), 0.0048490 secs] [Times: user=0.03 sys=0.01, real=0.01 secs] 
2014-07-16T06:33:04.524+0000: 1563.524: [GC [PSYoungGen: 242626K->976K(237120K)] 503629K->262074K(924096K), 0.0077460 secs] [Times: user=0.05 sys=0.00, real=0.01 secs] 
2014-07-16T06:33:05.422+0000: 1564.423: [GC [PSYoungGen: 237072K->1322K(231808K)] 498170K->262476K(918784K), 0.0045270 secs] [Times: user=0.02 sys=0.00, real=0.01 secs] 
2014-07-16T06:33:06.245+0000: 1565.245: [GC [PSYoungGen: 231724K->1136K(226240K)] 492879K->262394K(913216K), 0.0078240 secs] [Times: user=0.05 sys=0.00, real=0.00 secs] 
2014-07-16T06:33:07.074+0000: 1566.075: [GC [PSYoungGen: 226155K->748K(220672K)] 487414K->262102K(907648K), 0.0032810 secs] [Times: user=0.01 sys=0.01, real=0.00 secs] 
2014-07-16T06:33:07.864+0000: 1566.864: [GC [PSYoungGen: 220592K->1026K(215936K)] 481946K->262444K(902912K), 0.0083880 secs] [Times: user=0.04 sys=0.00, real=0.01 secs] 
2014-07-16T06:33:08.646+0000: 1567.647: [GC [PSYoungGen: 215874K->630K(210624K)] 477292K->262128K(897600K), 0.0057660 secs] [Times: user=0.04 sys=0.00, real=0.00 secs] 
2014-07-16T06:33:09.415+0000: 1568.415: [GC [PSYoungGen: 210614K->562K(205888K)] 472112K->262108K(892864K), 0.0079620 secs] [Times: user=0.04 sys=0.01, real=0.00 secs] 
2014-07-16T06:33:10.224+0000: 1569.225: [GC [PSYoungGen: 205873K->1304K(202112K)] 467420K->262946K(889088K), 0.0061540 secs] [Times: user=0.04 sys=0.00, real=0.00 secs] 
2014-07-16T06:33:10.938+0000: 1569.939: [GC [PSYoungGen: 202072K->768K(197184K)] 463714K->262514K(884160K), 0.0065990 secs] [Times: user=0.04 sys=0.00, real=0.01 secs] 
2014-07-16T06:33:11.644+0000: 1570.645: [GC [PSYoungGen: 197184K->754K(236480K)] 458930K->262580K(923456K), 0.0156070 secs] [Times: user=0.10 sys=0.00, real=0.02 secs] 
2014-07-16T06:33:12.493+0000: 1571.494: [GC [PSYoungGen: 236466K->684K(283584K)] 498292K->262542K(970560K), 0.0167210 secs] [Times: user=0.10 sys=0.00, real=0.02 secs] 
2014-07-16T06:33:13.512+0000: 1572.513: [GC [PSYoungGen: 283564K->690K(319936K)] 545422K->262620K(1006912K), 0.0072810 secs] [Times: user=0.04 sys=0.00, real=0.01 secs] 
2014-07-16T06:33:14.683+0000: 1573.684: [GC [PSYoungGen: 319066K->630K(319936K)] 580997K->262640K(1006912K), 0.0068070 secs] [Times: user=0.03 sys=0.00, real=0.01 secs] 
2014-07-16T06:33:15.867+0000: 1574.868: [GC [PSYoungGen: 319030K->580K(310272K)] 581040K->262638K(997248K), 0.0038280 secs] [Times: user=0.02 sys=0.00, real=0.00 secs] 
2014-07-16T06:33:17.005+0000: 1576.005: [GC [PSYoungGen: 310212K->694K(301888K)] 572270K->262816K(988864K), 0.0053980 secs] [Times: user=0.02 sys=0.01, real=0.01 secs] 
2014-07-16T06:33:18.131+0000: 1577.132: [GC [PSYoungGen: 301805K->918K(294080K)] 563927K->263104K(981056K), 0.0057960 secs] [Times: user=0.02 sys=0.00, real=0.01 secs] 
2014-07-16T06:33:19.201+0000: 1578.202: [GC [PSYoungGen: 294038K->826K(286208K)] 556224K->263092K(973184K), 0.0082850 secs] [Times: user=0.04 sys=0.00, real=0.01 secs] 
2014-07-16T06:33:20.339+0000: 1579.340: [GC [PSYoungGen: 286202K->932K(278848K)] 548468K->263286K(965824K), 0.0064310 secs] [Times: user=0.04 sys=0.00, real=0.00 secs] 
2014-07-16T06:33:21.293+0000: 1580.293: [GC [PSYoungGen: 278820K->1254K(272000K)] 541174K->263696K(958976K), 0.0058670 secs] [Times: user=0.03 sys=0.00, real=0.01 secs] 
2014-07-16T06:33:22.378+0000: 1581.379: [GC [PSYoungGen: 271974K->506K(264320K)] 534416K->263414K(951296K), 0.0075140 secs] [Times: user=0.04 sys=0.01, real=0.01 secs] 
2014-07-16T06:33:23.304+0000: 1582.305: [GC [PSYoungGen: 264314K->1090K(258304K)] 527222K->264094K(945280K), 0.0052190 secs] [Times: user=0.04 sys=0.00, real=0.01 secs] 
2014-07-16T06:33:24.269+0000: 1583.270: [GC [PSYoungGen: 258242K->932K(251712K)] 521246K->264174K(938688K), 0.0040000 secs] [Times: user=0.02 sys=0.00, real=0.00 secs] 
2014-07-16T06:33:25.174+0000: 1584.175: [GC [PSYoungGen: 251684K->958K(245568K)] 514926K->264272K(932544K), 0.0066900 secs] [Times: user=0.04 sys=0.00, real=0.01 secs] 
2014-07-16T06:33:26.126+0000: 1585.126: [GC [PSYoungGen: 245524K->666K(239360K)] 508838K->264068K(926336K), 0.0052540 secs] [Times: user=0.03 sys=0.00, real=0.01 secs] 
2014-07-16T06:33:27.001+0000: 1586.002: [GC [PSYoungGen: 239322K->480K(233472K)] 502724K->263986K(920448K), 0.0044020 secs] [Times: user=0.03 sys=0.00, real=0.00 secs] 
2014-07-16T06:33:27.851+0000: 1586.851: [GC [PSYoungGen: 233440K->658K(228160K)] 496946K->264276K(915136K), 0.0054960 secs] [Times: user=0.04 sys=0.00, real=0.00 secs] 
2014-07-16T06:33:28.672+0000: 1587.672: [GC [PSYoungGen: 228114K->766K(222912K)] 491732K->264432K(909888K), 0.0060970 secs] [Times: user=0.03 sys=0.01, real=0.01 secs] 
2014-07-16T06:33:29.485+0000: 1588.485: [GC [PSYoungGen: 222910K->862K(217920K)] 486576K->264608K(904896K), 0.0084090 secs] [Times: user=0.06 sys=0.00, real=0.01 secs] 
2014-07-16T06:33:30.271+0000: 1589.272: [GC [PSYoungGen: 217886K->680K(212800K)] 481632K->264482K(899776K), 0.0040430 secs] [Times: user=0.02 sys=0.01, real=0.00 secs] 
2014-07-16T06:33:31.111+0000: 1590.111: [GC [PSYoungGen: 212776K->754K(208128K)] 476578K->264604K(895104K), 0.0119450 secs] [Times: user=0.09 sys=0.00, real=0.01 secs] 
2014-07-16T06:33:31.849+0000: 1590.849: [GC [PSYoungGen: 208114K->722K(203520K)] 471964K->264636K(890496K), 0.0077350 secs] [Times: user=0.05 sys=0.00, real=0.00 secs] 
2014-07-16T06:33:32.566+0000: 1591.567: [GC [PSYoungGen: 203473K->726K(199104K)] 467388K->264720K(886080K), 0.0066230 secs] [Times: user=0.04 sys=0.00, real=0.01 secs] 
2014-07-16T06:33:33.284+0000: 1592.284: [GC [PSYoungGen: 199062K->1130K(195200K)] 463056K->265164K(882176K), 0.0055870 secs] [Times: user=0.02 sys=0.00, real=0.01 secs] 
2014-07-16T06:33:34.001+0000: 1593.002: [GC [PSYoungGen: 195178K->402K(190336K)] 459212K->264476K(877312K), 0.0064940 secs] [Times: user=0.04 sys=0.00, real=0.01 secs] 
2014-07-16T06:33:34.702+0000: 1593.703: [GC [PSYoungGen: 190290K->466K(186432K)] 454364K->264604K(873408K), 0.0050120 secs] [Times: user=0.03 sys=0.01, real=0.00 secs] 
2014-07-16T06:33:35.386+0000: 1594.387: [GC [PSYoungGen: 186386K->594K(182720K)] 450524K->264804K(869696K), 0.0070270 secs] [Times: user=0.04 sys=0.00, real=0.01 secs] 
2014-07-16T06:33:36.065+0000: 1595.065: [GC [PSYoungGen: 182674K->530K(219072K)] 446884K->264796K(906048K), 0.0114820 secs] [Times: user=0.07 sys=0.00, real=0.01 secs] 
2014-07-16T06:33:36.862+0000: 1595.863: [GC [PSYoungGen: 218980K->740K(262976K)] 483247K->265070K(949952K), 0.0102310 secs] [Times: user=0.06 sys=0.01, real=0.01 secs] 
2014-07-16T06:33:37.820+0000: 1596.820: [GC [PSYoungGen: 262948K->908K(315648K)] 527278K->265318K(1002624K), 0.0087980 secs] [Times: user=0.04 sys=0.00, real=0.00 secs] 
2014-07-16T06:33:38.951+0000: 1597.952: [GC [PSYoungGen: 315522K->666K(306752K)] 579933K->265156K(993728K), 0.0047040 secs] [Times: user=0.03 sys=0.00, real=0.00 secs] 
2014-07-16T06:33:40.087+0000: 1599.088: [GC [PSYoungGen: 306714K->658K(298496K)] 571204K->265212K(985472K), 0.0043250 secs] [Times: user=0.02 sys=0.00, real=0.01 secs] 
2014-07-16T06:33:41.256+0000: 1600.257: [GC [PSYoungGen: 298450K->850K(290752K)] 563004K->265484K(977728K), 0.0056010 secs] [Times: user=0.03 sys=0.00, real=0.01 secs] 
2014-07-16T06:33:42.301+0000: 1601.301: [GC [PSYoungGen: 290690K->930K(283200K)] 555325K->265620K(970176K), 0.0043480 secs] [Times: user=0.01 sys=0.00, real=0.00 secs] 
2014-07-16T06:33:43.370+0000: 1602.371: [GC [PSYoungGen: 283170K->638K(275520K)] 547860K->265546K(962496K), 0.0081890 secs] [Times: user=0.05 sys=0.00, real=0.00 secs] 
2014-07-16T06:33:44.376+0000: 1603.376: [GC [PSYoungGen: 275483K->634K(268480K)] 540392K->265590K(955456K), 0.0076620 secs] [Times: user=0.05 sys=0.00, real=0.01 secs] 
2014-07-16T06:33:45.362+0000: 1604.363: [GC [PSYoungGen: 268474K->1172K(262272K)] 533430K->266216K(949248K), 0.0047720 secs] [Times: user=0.03 sys=0.00, real=0.00 secs] 
2014-07-16T06:33:46.323+0000: 1605.324: [GC [PSYoungGen: 262228K->630K(255168K)] 527272K->265730K(942144K), 0.0042560 secs] [Times: user=0.02 sys=0.00, real=0.00 secs] 
2014-07-16T06:33:47.265+0000: 1606.265: [GC [PSYoungGen: 255124K->748K(249024K)] 520225K->265960K(936000K), 0.0049050 secs] [Times: user=0.02 sys=0.01, real=0.00 secs] 
2014-07-16T06:33:48.178+0000: 1607.179: [GC [PSYoungGen: 248992K->1158K(243392K)] 514205K->266458K(930368K), 0.0061520 secs] [Times: user=0.04 sys=0.00, real=0.01 secs] 
2014-07-16T06:33:49.058+0000: 1608.059: [GC [PSYoungGen: 243317K->580K(236992K)] 508618K->265936K(923968K), 0.0055610 secs] [Times: user=0.03 sys=0.00, real=0.01 secs] 
2014-07-16T06:33:49.922+0000: 1608.923: [GC [PSYoungGen: 236932K->822K(231552K)] 502288K->266250K(918528K), 0.0035170 secs] [Times: user=0.02 sys=0.00, real=0.00 secs] 
2014-07-16T06:33:50.833+0000: 1609.833: [GC [PSYoungGen: 231502K->1050K(226368K)] 496931K->266566K(913344K), 0.0051360 secs] [Times: user=0.03 sys=0.00, real=0.00 secs] 
2014-07-16T06:33:51.640+0000: 1610.640: [GC [PSYoungGen: 226329K->754K(220800K)] 491845K->266334K(907776K), 0.0078790 secs] [Times: user=0.03 sys=0.00, real=0.01 secs] 
2014-07-16T06:33:52.471+0000: 1611.472: [GC [PSYoungGen: 220786K->748K(215744K)] 486366K->266384K(902720K), 0.0065920 secs] [Times: user=0.04 sys=0.00, real=0.00 secs] 
2014-07-16T06:33:53.269+0000: 1612.270: [GC [PSYoungGen: 215709K->694K(210816K)] 481346K->266386K(897792K), 0.0149730 secs] [Times: user=0.08 sys=0.00, real=0.02 secs] 
2014-07-16T06:33:54.041+0000: 1613.042: [GC [PSYoungGen: 210798K->1122K(206592K)] 476491K->266986K(893568K), 0.0085920 secs] [Times: user=0.04 sys=0.00, real=0.00 secs] 
2014-07-16T06:33:54.772+0000: 1613.773: [GC [PSYoungGen: 206562K->958K(247488K)] 472426K->266878K(934464K), 0.0087800 secs] [Times: user=0.05 sys=0.00, real=0.01 secs] 
2014-07-16T06:33:55.679+0000: 1614.679: [GC [PSYoungGen: 247461K->580K(241152K)] 513381K->266564K(928128K), 0.0053230 secs] [Times: user=0.03 sys=0.00, real=0.01 secs] 
2014-07-16T06:33:56.595+0000: 1615.595: [GC [PSYoungGen: 241092K->434K(235200K)] 507076K->266506K(922176K), 0.0070870 secs] [Times: user=0.05 sys=0.01, real=0.01 secs] 
2014-07-16T06:33:57.454+0000: 1616.455: [GC [PSYoungGen: 235186K->484K(229696K)] 501258K->266612K(916672K), 0.0058930 secs] [Times: user=0.04 sys=0.00, real=0.00 secs] 
2014-07-16T06:33:58.290+0000: 1617.291: [GC [PSYoungGen: 229668K->826K(224640K)] 495796K->267018K(911616K), 0.0063660 secs] [Times: user=0.04 sys=0.00, real=0.01 secs] 
2014-07-16T06:33:59.109+0000: 1618.109: [GC [PSYoungGen: 224634K->1326K(219968K)] 490826K->267702K(906944K), 0.0042770 secs] [Times: user=0.02 sys=0.00, real=0.01 secs] 
2014-07-16T06:33:59.914+0000: 1618.915: [GC [PSYoungGen: 219913K->694K(214336K)] 486290K->267182K(901312K), 0.0061490 secs] [Times: user=0.04 sys=0.00, real=0.00 secs] 
2014-07-16T06:34:00.703+0000: 1619.704: [GC [PSYoungGen: 214289K->840K(209728K)] 480778K->267474K(896704K), 0.0060040 secs] [Times: user=0.04 sys=0.01, real=0.00 secs] 
2014-07-16T06:34:01.491+0000: 1620.491: [GC [PSYoungGen: 209662K->1108K(205312K)] 476296K->267838K(892288K), 0.0067020 secs] [Times: user=0.02 sys=0.00, real=0.01 secs] 
2014-07-16T06:34:02.227+0000: 1621.228: [GC [PSYoungGen: 205244K->908K(200640K)] 471975K->267718K(887616K), 0.0042140 secs] [Times: user=0.02 sys=0.00, real=0.00 secs] 
2014-07-16T06:34:02.970+0000: 1621.971: [GC [PSYoungGen: 200588K->608K(240256K)] 467398K->267474K(927232K), 0.0179570 secs] [Times: user=0.10 sys=0.00, real=0.02 secs] 
2014-07-16T06:34:03.848+0000: 1622.848: [GC [PSYoungGen: 240224K->566K(234432K)] 507090K->267512K(921408K), 0.0056180 secs] [Times: user=0.03 sys=0.00, real=0.01 secs] 
2014-07-16T06:34:04.698+0000: 1623.698: [GC [PSYoungGen: 234422K->934K(229312K)] 501368K->267912K(916288K), 0.0045570 secs] [Times: user=0.02 sys=0.00, real=0.00 secs] 
2014-07-16T06:34:05.530+0000: 1624.531: [GC [PSYoungGen: 229286K->480K(223552K)] 496264K->267546K(910528K), 0.0054380 secs] [Times: user=0.04 sys=0.00, real=0.01 secs] 
2014-07-16T06:34:06.385+0000: 1625.386: [GC [PSYoungGen: 223520K->498K(218432K)] 490586K->267612K(905408K), 0.0086620 secs] [Times: user=0.04 sys=0.01, real=0.01 secs] 
2014-07-16T06:34:07.170+0000: 1626.170: [GC [PSYoungGen: 218418K->758K(213696K)] 485532K->267936K(900672K), 0.0073300 secs] [Times: user=0.04 sys=0.00, real=0.01 secs] 
2014-07-16T06:34:07.992+0000: 1626.993: [GC [PSYoungGen: 213686K->1328K(209472K)] 480864K->268670K(896448K), 0.0050330 secs] [Times: user=0.02 sys=0.01, real=0.01 secs] 
2014-07-16T06:34:08.720+0000: 1627.721: [GC [PSYoungGen: 209361K->634K(204160K)] 476704K->268284K(891136K), 0.0036210 secs] [Times: user=0.01 sys=0.00, real=0.01 secs] 
2014-07-16T06:34:09.479+0000: 1628.480: [GC [PSYoungGen: 204154K->1132K(200192K)] 471804K->268862K(887168K), 0.0048100 secs] [Times: user=0.02 sys=0.01, real=0.01 secs] 
2014-07-16T06:34:10.192+0000: 1629.192: [GC [PSYoungGen: 200172K->416K(195200K)] 467902K->268402K(882176K), 0.0037110 secs] [Times: user=0.01 sys=0.01, real=0.01 secs] 
2014-07-16T06:34:10.925+0000: 1629.926: [GC [PSYoungGen: 195155K->662K(191296K)] 463141K->268720K(878272K), 0.0053300 secs] [Times: user=0.04 sys=0.00, real=0.00 secs] 
2014-07-16T06:34:11.652+0000: 1630.653: [GC [PSYoungGen: 191254K->726K(187328K)] 459312K->268872K(874304K), 0.0031800 secs] [Times: user=0.02 sys=0.00, real=0.01 secs] 
2014-07-16T06:34:12.331+0000: 1631.332: [GC [PSYoungGen: 187244K->994K(183680K)] 455391K->269220K(870656K), 0.0056820 secs] [Times: user=0.03 sys=0.00, real=0.01 secs] 
2014-07-16T06:34:13.022+0000: 1632.023: [GC [PSYoungGen: 183650K->762K(179648K)] 451876K->269052K(866624K), 0.0058220 secs] [Times: user=0.04 sys=0.00, real=0.01 secs] 
2014-07-16T06:34:13.655+0000: 1632.656: [GC [PSYoungGen: 179642K->1144K(176384K)] 447932K->269498K(863360K), 0.0066330 secs] [Times: user=0.04 sys=0.00, real=0.00 secs] 
2014-07-16T06:34:14.286+0000: 1633.287: [GC [PSYoungGen: 176337K->812K(172544K)] 444692K->269230K(859520K), 0.0084460 secs] [Times: user=0.05 sys=0.00, real=0.01 secs] 
2014-07-16T06:34:14.913+0000: 1633.913: [GC [PSYoungGen: 172524K->790K(169152K)] 440942K->269288K(856128K), 0.0039270 secs] [Times: user=0.02 sys=0.00, real=0.01 secs] 
2014-07-16T06:34:15.540+0000: 1634.541: [GC [PSYoungGen: 169110K->1162K(203200K)] 437608K->269709K(890176K), 0.0104460 secs] [Times: user=0.06 sys=0.00, real=0.01 secs] 
2014-07-16T06:34:16.338+0000: 1635.339: [GC [PSYoungGen: 203146K->644K(198272K)] 471693K->269246K(885248K), 0.0052050 secs] [Times: user=0.03 sys=0.00, real=0.00 secs] 
2014-07-16T06:34:17.034+0000: 1636.035: [GC [PSYoungGen: 198203K->640K(193984K)] 466806K->269314K(880960K), 0.0053940 secs] [Times: user=0.02 sys=0.01, real=0.01 secs] 
2014-07-16T06:34:17.748+0000: 1636.749: [GC [PSYoungGen: 193984K->584K(189888K)] 462658K->269338K(876864K), 0.0037000 secs] [Times: user=0.01 sys=0.01, real=0.00 secs] 
2014-07-16T06:34:18.474+0000: 1637.475: [GC [PSYoungGen: 189832K->1170K(228352K)] 458586K->269988K(915328K), 0.0141940 secs] [Times: user=0.08 sys=0.00, real=0.02 secs] 
2014-07-16T06:34:19.287+0000: 1638.288: [GC [PSYoungGen: 228306K->740K(222592K)] 497124K->269670K(909568K), 0.0046320 secs] [Times: user=0.03 sys=0.00, real=0.00 secs] 
2014-07-16T06:34:20.096+0000: 1639.096: [GC [PSYoungGen: 222564K->940K(267200K)] 491494K->269926K(954176K), 0.0113740 secs] [Times: user=0.06 sys=0.00, real=0.01 secs] 
2014-07-16T06:34:21.070+0000: 1640.070: [GC [PSYoungGen: 267180K->1062K(260608K)] 536166K->270120K(947584K), 0.0071090 secs] [Times: user=0.04 sys=0.00, real=0.01 secs] 
2014-07-16T06:34:22.039+0000: 1641.040: [GC [PSYoungGen: 260560K->790K(253888K)] 529618K->269936K(940864K), 0.0061790 secs] [Times: user=0.03 sys=0.01, real=0.01 secs] 
2014-07-16T06:34:22.968+0000: 1641.969: [GC [PSYoungGen: 253811K->662K(304384K)] 522958K->269872K(991360K), 0.0174480 secs] [Times: user=0.09 sys=0.00, real=0.02 secs] 
2014-07-16T06:34:24.091+0000: 1643.092: [GC [PSYoungGen: 304342K->1122K(296640K)] 573552K->270404K(983616K), 0.0065540 secs] [Times: user=0.05 sys=0.00, real=0.01 secs] 
2014-07-16T06:34:25.170+0000: 1644.171: [GC [PSYoungGen: 296599K->580K(288256K)] 565882K->269958K(975232K), 0.0042010 secs] [Times: user=0.02 sys=0.00, real=0.00 secs] 
2014-07-16T06:34:26.316+0000: 1645.316: [GC [PSYoungGen: 288196K->1196K(281280K)] 557574K->270742K(968256K), 0.0062670 secs] [Times: user=0.03 sys=0.00, real=0.01 secs] 
2014-07-16T06:34:27.266+0000: 1646.267: [GC [PSYoungGen: 281260K->894K(273728K)] 550806K->270528K(960704K), 0.0047640 secs] [Times: user=0.02 sys=0.00, real=0.01 secs] 
2014-07-16T06:34:28.264+0000: 1647.264: [GC [PSYoungGen: 273715K->794K(266688K)] 543350K->270500K(953664K), 0.0053580 secs] [Times: user=0.03 sys=0.00, real=0.01 secs] 
2014-07-16T06:34:29.237+0000: 1648.238: [GC [PSYoungGen: 266650K->562K(259712K)] 536356K->270340K(946688K), 0.0063960 secs] [Times: user=0.04 sys=0.00, real=0.00 secs] 
2014-07-16T06:34:30.195+0000: 1649.196: [GC [PSYoungGen: 259697K->1222K(253952K)] 529476K->271072K(940928K), 0.0067010 secs] [Times: user=0.03 sys=0.00, real=0.01 secs] 
2014-07-16T06:34:31.110+0000: 1650.110: [GC [PSYoungGen: 253894K->598K(247104K)] 523744K->270504K(934080K), 0.0069160 secs] [Times: user=0.03 sys=0.00, real=0.00 secs] 
2014-07-16T06:34:32.018+0000: 1651.019: [GC [PSYoungGen: 247062K->562K(241024K)] 516968K->270540K(928000K), 0.0064760 secs] [Times: user=0.04 sys=0.00, real=0.00 secs] 
2014-07-16T06:34:32.887+0000: 1651.888: [GC [PSYoungGen: 241010K->1026K(235776K)] 510988K->271068K(922752K), 0.0057620 secs] [Times: user=0.03 sys=0.00, real=0.00 secs] 
2014-07-16T06:34:33.762+0000: 1652.763: [GC [PSYoungGen: 235714K->1112K(230272K)] 505756K->271210K(917248K), 0.0045040 secs] [Times: user=0.01 sys=0.00, real=0.00 secs] 
2014-07-16T06:34:34.582+0000: 1653.583: [GC [PSYoungGen: 230232K->984K(224768K)] 500330K->271170K(911744K), 0.0048940 secs] [Times: user=0.03 sys=0.00, real=0.01 secs] 
2014-07-16T06:34:35.396+0000: 1654.397: [GC [PSYoungGen: 224669K->938K(219520K)] 494856K->271933K(906496K), 0.0080530 secs] [Times: user=0.03 sys=0.00, real=0.01 secs] 
2014-07-16T06:34:36.180+0000: 1655.181: [GC [PSYoungGen: 219498K->1200K(214784K)] 490493K->272235K(901760K), 0.0098940 secs] [Times: user=0.05 sys=0.00, real=0.01 secs] 
2014-07-16T06:34:36.968+0000: 1655.969: [GC [PSYoungGen: 214768K->780K(209600K)] 485803K->271995K(896576K), 0.0071080 secs] [Times: user=0.04 sys=0.01, real=0.00 secs] 
2014-07-16T06:34:37.726+0000: 1656.727: [GC [PSYoungGen: 209548K->544K(251136K)] 480763K->271798K(938112K), 0.0145720 secs] [Times: user=0.08 sys=0.00, real=0.02 secs] 
2014-07-16T06:34:38.627+0000: 1657.627: [GC [PSYoungGen: 251102K->940K(301632K)] 522357K->272275K(988608K), 0.0098830 secs] [Times: user=0.06 sys=0.00, real=0.01 secs] 
2014-07-16T06:34:39.737+0000: 1658.738: [GC [PSYoungGen: 301610K->1118K(293760K)] 572945K->272549K(980736K), 0.0060180 secs] [Times: user=0.05 sys=0.00, real=0.01 secs] 
2014-07-16T06:34:40.808+0000: 1659.809: [GC [PSYoungGen: 293712K->734K(285632K)] 565143K->272197K(972608K), 0.0045820 secs] [Times: user=0.02 sys=0.00, real=0.00 secs] 
2014-07-16T06:34:41.913+0000: 1660.913: [GC [PSYoungGen: 285598K->922K(278400K)] 557061K->272473K(965376K), 0.0043220 secs] [Times: user=0.02 sys=0.00, real=0.00 secs] 
2014-07-16T06:34:42.913+0000: 1661.914: [GC [PSYoungGen: 278362K->1408K(271744K)] 549913K->273007K(958720K), 0.0078710 secs] [Times: user=0.05 sys=0.00, real=0.01 secs] 
2014-07-16T06:34:43.943+0000: 1662.944: [GC [PSYoungGen: 271679K->780K(264192K)] 543278K->272427K(951168K), 0.0042790 secs] [Times: user=0.02 sys=0.00, real=0.00 secs] 
2014-07-16T06:34:44.879+0000: 1663.880: [GC [PSYoungGen: 264140K->1046K(257856K)] 535787K->272765K(944832K), 0.0093070 secs] [Times: user=0.05 sys=0.00, real=0.00 secs] 
2014-07-16T06:34:45.831+0000: 1664.832: [GC [PSYoungGen: 257762K->976K(251392K)] 529481K->272743K(938368K), 0.0113870 secs] [Times: user=0.07 sys=0.00, real=0.01 secs] 
2014-07-16T06:34:46.817+0000: 1665.817: [GC [PSYoungGen: 251344K->1026K(245312K)] 523111K->272865K(932288K), 0.0059790 secs] [Times: user=0.03 sys=0.00, real=0.01 secs] 
2014-07-16T06:34:47.671+0000: 1666.672: [GC [PSYoungGen: 245219K->834K(239232K)] 517058K->272713K(926208K), 0.0054880 secs] [Times: user=0.03 sys=0.00, real=0.00 secs] 
2014-07-16T06:34:48.552+0000: 1667.552: [GC [PSYoungGen: 239170K->744K(233408K)] 511049K->272695K(920384K), 0.0056920 secs] [Times: user=0.04 sys=0.00, real=0.00 secs] 
2014-07-16T06:34:49.400+0000: 1668.400: [GC [PSYoungGen: 233384K->612K(227776K)] 505335K->272611K(914752K), 0.0075550 secs] [Times: user=0.04 sys=0.00, real=0.00 secs] 
2014-07-16T06:34:50.227+0000: 1669.227: [GC [PSYoungGen: 227748K->580K(222464K)] 499747K->272627K(909440K), 0.0064950 secs] [Times: user=0.04 sys=0.00, real=0.01 secs] 
2014-07-16T06:34:51.111+0000: 1670.112: [GC [PSYoungGen: 222403K->1278K(217984K)] 494450K->273397K(904960K), 0.0058860 secs] [Times: user=0.04 sys=0.00, real=0.00 secs] 
2014-07-16T06:34:51.868+0000: 1670.868: [GC [PSYoungGen: 217976K->1086K(212864K)] 490095K->273357K(899840K), 0.0041340 secs] [Times: user=0.02 sys=0.01, real=0.01 secs] 
2014-07-16T06:34:52.631+0000: 1671.632: [GC [PSYoungGen: 212862K->1054K(208128K)] 485133K->273397K(895104K), 0.0074170 secs] [Times: user=0.03 sys=0.01, real=0.00 secs] 
2014-07-16T06:34:53.382+0000: 1672.383: [GC [PSYoungGen: 208094K->958K(203392K)] 480437K->273447K(890368K), 0.0069700 secs] [Times: user=0.04 sys=0.00, real=0.00 secs] 
2014-07-16T06:34:54.155+0000: 1673.155: [GC [PSYoungGen: 203390K->1072K(199104K)] 475879K->273641K(886080K), 0.0065570 secs] [Times: user=0.04 sys=0.00, real=0.01 secs] 
2014-07-16T06:34:54.873+0000: 1673.874: [GC [PSYoungGen: 199088K->544K(194304K)] 471657K->273169K(881280K), 0.0068260 secs] [Times: user=0.04 sys=0.00, real=0.01 secs] 
2014-07-16T06:34:55.577+0000: 1674.578: [GC [PSYoungGen: 194272K->594K(190272K)] 466897K->273291K(877248K), 0.0087370 secs] [Times: user=0.05 sys=0.00, real=0.01 secs] 
2014-07-16T06:34:56.268+0000: 1675.269: [GC [PSYoungGen: 190226K->712K(186432K)] 462923K->273505K(873408K), 0.0071780 secs] [Times: user=0.04 sys=0.01, real=0.01 secs] 
2014-07-16T06:34:57.013+0000: 1676.013: [GC [PSYoungGen: 186373K->726K(182592K)] 459166K->273607K(869568K), 0.0052720 secs] [Times: user=0.03 sys=0.00, real=0.00 secs] 
2014-07-16T06:34:57.643+0000: 1676.644: [GC [PSYoungGen: 182550K->1158K(219456K)] 455431K->274087K(906432K), 0.0109640 secs] [Times: user=0.07 sys=0.00, real=0.01 secs] 
2014-07-16T06:34:58.450+0000: 1677.450: [GC [PSYoungGen: 219350K->676K(213952K)] 492279K->273709K(900928K), 0.0065110 secs] [Times: user=0.04 sys=0.00, real=0.01 secs] 
2014-07-16T06:34:59.247+0000: 1678.247: [GC [PSYoungGen: 213907K->926K(209408K)] 486940K->274047K(896384K), 0.0063040 secs] [Times: user=0.05 sys=0.00, real=0.01 secs] 
2014-07-16T06:35:00.006+0000: 1679.007: [GC [PSYoungGen: 209338K->580K(250816K)] 482459K->273749K(937792K), 0.0208390 secs] [Times: user=0.12 sys=0.01, real=0.02 secs] 
2014-07-16T06:35:00.914+0000: 1679.914: [GC [PSYoungGen: 250756K->798K(301056K)] 523925K->274047K(988032K), 0.0070680 secs] [Times: user=0.04 sys=0.00, real=0.00 secs] 
2014-07-16T06:35:02.033+0000: 1681.033: [GC [PSYoungGen: 301022K->704K(314688K)] 574271K->274017K(1001664K), 0.0060360 secs] [Times: user=0.04 sys=0.00, real=0.00 secs] 
2014-07-16T06:35:03.181+0000: 1682.181: [GC [PSYoungGen: 313984K->658K(305408K)] 587297K->274051K(992384K), 0.0054630 secs] [Times: user=0.02 sys=0.00, real=0.01 secs] 
2014-07-16T06:35:04.289+0000: 1683.289: [GC [PSYoungGen: 305362K->850K(297408K)] 578755K->274315K(984384K), 0.0037960 secs] [Times: user=0.02 sys=0.00, real=0.01 secs] 
2014-07-16T06:35:05.364+0000: 1684.365: [GC [PSYoungGen: 297331K->726K(289408K)] 570796K->274263K(976384K), 0.0044340 secs] [Times: user=0.03 sys=0.00, real=0.00 secs] 
2014-07-16T06:35:06.433+0000: 1685.433: [GC [PSYoungGen: 289366K->1072K(282112K)] 562903K->274681K(969088K), 0.0117800 secs] [Times: user=0.08 sys=0.00, real=0.01 secs] 
2014-07-16T06:35:07.465+0000: 1686.465: [GC [PSYoungGen: 282085K->630K(274368K)] 555694K->274327K(961344K), 0.0053740 secs] [Times: user=0.03 sys=0.00, real=0.00 secs] 
2014-07-16T06:35:08.482+0000: 1687.483: [GC [PSYoungGen: 274358K->434K(267136K)] 548055K->274187K(954112K), 0.0091640 secs] [Times: user=0.05 sys=0.00, real=0.00 secs] 
2014-07-16T06:35:09.449+0000: 1688.449: [GC [PSYoungGen: 267122K->530K(260544K)] 540875K->274347K(947520K), 0.0064890 secs] [Times: user=0.04 sys=0.00, real=0.01 secs] 
2014-07-16T06:35:10.388+0000: 1689.388: [GC [PSYoungGen: 260498K->666K(254208K)] 534315K->274531K(941184K), 0.0082290 secs] [Times: user=0.05 sys=0.00, real=0.01 secs] 
2014-07-16T06:35:11.310+0000: 1690.311: [GC [PSYoungGen: 254170K->516K(247808K)] 528035K->274437K(934784K), 0.0063460 secs] [Times: user=0.04 sys=0.00, real=0.01 secs] 
2014-07-16T06:35:12.289+0000: 1691.290: [GC [PSYoungGen: 247748K->1230K(242496K)] 521669K->275191K(929472K), 0.0089250 secs] [Times: user=0.06 sys=0.00, real=0.01 secs] 
2014-07-16T06:35:13.168+0000: 1692.168: [GC [PSYoungGen: 242446K->758K(236160K)] 516407K->274831K(923136K), 0.0052640 secs] [Times: user=0.04 sys=0.00, real=0.01 secs] 
2014-07-16T06:35:14.053+0000: 1693.054: [GC [PSYoungGen: 236122K->976K(230848K)] 510195K->275105K(917824K), 0.0044520 secs] [Times: user=0.02 sys=0.00, real=0.00 secs] 
2014-07-16T06:35:14.935+0000: 1693.935: [GC [PSYoungGen: 230800K->790K(225280K)] 504929K->274999K(912256K), 0.0052480 secs] [Times: user=0.03 sys=0.00, real=0.00 secs] 
2014-07-16T06:35:15.788+0000: 1694.789: [GC [PSYoungGen: 225221K->1228K(270656K)] 499430K->275493K(957632K), 0.0192660 secs] [Times: user=0.11 sys=0.00, real=0.02 secs] 
2014-07-16T06:35:16.747+0000: 1695.748: [GC [PSYoungGen: 270588K->630K(263168K)] 544853K->275087K(950144K), 0.0040820 secs] [Times: user=0.03 sys=0.00, real=0.00 secs] 
2014-07-16T06:35:17.792+0000: 1696.793: [GC [PSYoungGen: 263158K->1132K(257088K)] 537615K->275711K(944064K), 0.0066140 secs] [Times: user=0.03 sys=0.00, real=0.01 secs] 
2014-07-16T06:35:18.730+0000: 1697.730: [GC [PSYoungGen: 257046K->562K(250176K)] 531625K->275297K(937152K), 0.0035800 secs] [Times: user=0.02 sys=0.00, real=0.00 secs] 
2014-07-16T06:35:19.654+0000: 1698.654: [GC [PSYoungGen: 250162K->868K(244416K)] 524897K->275675K(931392K), 0.0049650 secs] [Times: user=0.03 sys=0.00, real=0.01 secs] 
2014-07-16T06:35:20.530+0000: 1699.530: [GC [PSYoungGen: 244388K->666K(238336K)] 519195K->275561K(925312K), 0.0044560 secs] [Times: user=0.03 sys=0.00, real=0.01 secs] 
2014-07-16T06:35:21.402+0000: 1700.403: [GC [PSYoungGen: 238298K->780K(232768K)] 513193K->275739K(919744K), 0.0083370 secs] [Times: user=0.05 sys=0.00, real=0.01 secs] 
2014-07-16T06:35:22.308+0000: 1701.309: [GC [PSYoungGen: 232716K->672K(227200K)] 507675K->275719K(914176K), 0.0085300 secs] [Times: user=0.05 sys=0.00, real=0.01 secs] 
2014-07-16T06:35:23.115+0000: 1702.116: [GC [PSYoungGen: 227162K->512K(221760K)] 502209K->275639K(908736K), 0.0057400 secs] [Times: user=0.03 sys=0.00, real=0.00 secs] 
2014-07-16T06:35:23.945+0000: 1702.946: [GC [PSYoungGen: 221760K->858K(217088K)] 496887K->276033K(904064K), 0.0098700 secs] [Times: user=0.05 sys=0.00, real=0.01 secs] 
2014-07-16T06:35:24.726+0000: 1703.726: [GC [PSYoungGen: 217050K->1276K(212544K)] 492225K->276571K(899520K), 0.0090320 secs] [Times: user=0.06 sys=0.00, real=0.00 secs] 
2014-07-16T06:35:25.491+0000: 1704.491: [GC [PSYoungGen: 212523K->438K(206976K)] 487818K->275799K(893952K), 0.0074590 secs] [Times: user=0.02 sys=0.00, real=0.01 secs] 
2014-07-16T06:35:26.237+0000: 1705.238: [GC [PSYoungGen: 206966K->712K(202752K)] 482327K->276145K(889728K), 0.0066010 secs] [Times: user=0.03 sys=0.00, real=0.00 secs] 
2014-07-16T06:35:26.984+0000: 1705.985: [GC [PSYoungGen: 202696K->544K(198144K)] 478129K->276073K(885120K), 0.0067340 secs] [Times: user=0.04 sys=0.01, real=0.01 secs] 
2014-07-16T06:35:27.726+0000: 1706.726: [GC [PSYoungGen: 198105K->1190K(194560K)] 473634K->276775K(881536K), 0.0049740 secs] [Times: user=0.02 sys=0.01, real=0.00 secs] 
2014-07-16T06:35:28.432+0000: 1707.433: [GC [PSYoungGen: 194534K->498K(189760K)] 470119K->276123K(876736K), 0.0042960 secs] [Times: user=0.02 sys=0.00, real=0.01 secs] 
2014-07-16T06:35:29.124+0000: 1708.124: [GC [PSYoungGen: 189746K->1162K(186496K)] 465371K->276867K(873472K), 0.0066110 secs] [Times: user=0.05 sys=0.00, real=0.01 secs] 
2014-07-16T06:35:29.793+0000: 1708.794: [GC [PSYoungGen: 186416K->662K(182144K)] 462121K->276431K(869120K), 0.0067900 secs] [Times: user=0.03 sys=0.00, real=0.01 secs] 
2014-07-16T06:35:30.455+0000: 1709.456: [GC [PSYoungGen: 182102K->680K(178432K)] 457871K->276529K(865408K), 0.0052550 secs] [Times: user=0.02 sys=0.01, real=0.01 secs] 
2014-07-16T06:35:31.133+0000: 1710.134: [GC [PSYoungGen: 178340K->1090K(175296K)] 454189K->277011K(862272K), 0.0059860 secs] [Times: user=0.04 sys=0.00, real=0.01 secs] 
2014-07-16T06:35:31.765+0000: 1710.766: [GC [PSYoungGen: 175234K->1318K(172032K)] 451155K->277311K(859008K), 0.0037780 secs] [Times: user=0.01 sys=0.00, real=0.01 secs] 
2014-07-16T06:35:32.463+0000: 1711.464: [GC [PSYoungGen: 172006K->612K(167936K)] 447999K->276661K(854912K), 0.0056520 secs] [Times: user=0.04 sys=0.00, real=0.01 secs] 
2014-07-16T06:35:33.022+0000: 1712.023: [GC [PSYoungGen: 167908K->912K(164992K)] 443957K->277041K(851968K), 0.0033110 secs] [Times: user=0.01 sys=0.01, real=0.00 secs] 
2014-07-16T06:35:33.613+0000: 1712.614: [GC [PSYoungGen: 164944K->598K(161536K)] 441073K->276791K(848512K), 0.0081680 secs] [Times: user=0.06 sys=0.00, real=0.01 secs] 
2014-07-16T06:35:34.203+0000: 1713.204: [GC [PSYoungGen: 161494K->562K(158400K)] 437687K->276843K(845376K), 0.0071520 secs] [Times: user=0.05 sys=0.00, real=0.01 secs] 
2014-07-16T06:35:34.778+0000: 1713.779: [GC [PSYoungGen: 158386K->662K(190144K)] 434667K->277023K(877120K), 0.0071200 secs] [Times: user=0.04 sys=0.00, real=0.00 secs] 
2014-07-16T06:35:35.471+0000: 1714.472: [GC [PSYoungGen: 190102K->416K(227776K)] 466463K->276825K(914752K), 0.0079790 secs] [Times: user=0.05 sys=0.00, real=0.01 secs] 
2014-07-16T06:35:36.328+0000: 1715.329: [GC [PSYoungGen: 227724K->1454K(223488K)] 504133K->278025K(910464K), 0.0062340 secs] [Times: user=0.04 sys=0.00, real=0.00 secs] 
2014-07-16T06:35:37.129+0000: 1716.130: [GC [PSYoungGen: 223470K->634K(217536K)] 500041K->277253K(904512K), 0.0040730 secs] [Times: user=0.02 sys=0.00, real=0.00 secs] 
2014-07-16T06:35:37.947+0000: 1716.947: [GC [PSYoungGen: 217528K->730K(212736K)] 494147K->277413K(899712K), 0.0041510 secs] [Times: user=0.01 sys=0.00, real=0.01 secs] 
2014-07-16T06:35:38.721+0000: 1717.722: [GC [PSYoungGen: 212698K->754K(208000K)] 489381K->277541K(894976K), 0.0066480 secs] [Times: user=0.04 sys=0.00, real=0.01 secs] 
2014-07-16T06:35:39.474+0000: 1718.475: [GC [PSYoungGen: 207986K->562K(203200K)] 484773K->277437K(890176K), 0.0057000 secs] [Times: user=0.03 sys=0.00, real=0.01 secs] 
2014-07-16T06:35:40.217+0000: 1719.218: [GC [PSYoungGen: 203151K->890K(199104K)] 480026K->277829K(886080K), 0.0105240 secs] [Times: user=0.06 sys=0.00, real=0.01 secs] 
2014-07-16T06:35:40.940+0000: 1719.940: [GC [PSYoungGen: 199064K->612K(194560K)] 476003K->277615K(881536K), 0.0058620 secs] [Times: user=0.04 sys=0.01, real=0.00 secs] 
2014-07-16T06:35:41.649+0000: 1720.649: [GC [PSYoungGen: 194506K->676K(190464K)] 471509K->277743K(877440K), 0.0063620 secs] [Times: user=0.03 sys=0.00, real=0.00 secs] 
2014-07-16T06:35:42.433+0000: 1721.434: [GC [PSYoungGen: 190436K->1284K(187136K)] 467503K->278423K(874112K), 0.0070610 secs] [Times: user=0.04 sys=0.00, real=0.01 secs] 
2014-07-16T06:35:43.070+0000: 1722.071: [GC [PSYoungGen: 187076K->840K(182848K)] 464215K->278067K(869824K), 0.0067260 secs] [Times: user=0.05 sys=0.00, real=0.00 secs] 
2014-07-16T06:35:43.725+0000: 1722.726: [GC [PSYoungGen: 182792K->644K(219072K)] 460019K->277935K(906048K), 0.0124040 secs] [Times: user=0.07 sys=0.00, real=0.02 secs] 
2014-07-16T06:35:44.522+0000: 1723.523: [GC [PSYoungGen: 219012K->1390K(263488K)] 496303K->278769K(950464K), 0.0097220 secs] [Times: user=0.06 sys=0.00, real=0.01 secs] 
2014-07-16T06:35:45.515+0000: 1724.515: [GC [PSYoungGen: 263470K->766K(256256K)] 540849K->278313K(943232K), 0.0040340 secs] [Times: user=0.02 sys=0.00, real=0.01 secs] 
2014-07-16T06:35:46.440+0000: 1725.441: [GC [PSYoungGen: 256216K->876K(250048K)] 533763K->278487K(937024K), 0.0087130 secs] [Times: user=0.05 sys=0.00, real=0.01 secs] 
2014-07-16T06:35:47.344+0000: 1726.345: [GC [PSYoungGen: 250028K->1244K(244352K)] 527639K->278927K(931328K), 0.0094750 secs] [Times: user=0.06 sys=0.00, real=0.01 secs] 
2014-07-16T06:35:48.268+0000: 1727.269: [GC [PSYoungGen: 244316K->1036K(238272K)] 521999K->278823K(925248K), 0.0056540 secs] [Times: user=0.04 sys=0.00, real=0.00 secs] 
2014-07-16T06:35:49.103+0000: 1728.103: [GC [PSYoungGen: 238220K->790K(232384K)] 516007K->278665K(919360K), 0.0064090 secs] [Times: user=0.05 sys=0.00, real=0.01 secs] 
2014-07-16T06:35:49.940+0000: 1728.941: [GC [PSYoungGen: 232322K->1076K(227200K)] 510197K->279071K(914176K), 0.0034490 secs] [Times: user=0.02 sys=0.00, real=0.00 secs] 
2014-07-16T06:35:50.790+0000: 1729.790: [GC [PSYoungGen: 227177K->854K(221760K)] 505172K->278913K(908736K), 0.0033760 secs] [Times: user=0.02 sys=0.00, real=0.00 secs] 
2014-07-16T06:35:51.602+0000: 1730.602: [GC [PSYoungGen: 221718K->890K(216704K)] 499777K->279013K(903680K), 0.0081170 secs] [Times: user=0.05 sys=0.00, real=0.01 secs] 
2014-07-16T06:35:52.390+0000: 1731.390: [GC [PSYoungGen: 216698K->786K(211776K)] 494821K->278965K(898752K), 0.0042710 secs] [Times: user=0.02 sys=0.00, real=0.00 secs] 
2014-07-16T06:35:53.182+0000: 1732.182: [GC [PSYoungGen: 211730K->754K(206976K)] 489909K->278989K(893952K), 0.0065560 secs] [Times: user=0.02 sys=0.00, real=0.00 secs] 
2014-07-16T06:35:53.949+0000: 1732.950: [GC [PSYoungGen: 206962K->740K(202432K)] 485197K->279047K(889408K), 0.0089170 secs] [Times: user=0.06 sys=0.00, real=0.00 secs] 
2014-07-16T06:35:54.717+0000: 1733.718: [GC [PSYoungGen: 202404K->908K(198208K)] 480711K->279303K(885184K), 0.0056690 secs] [Times: user=0.03 sys=0.00, real=0.01 secs] 
2014-07-16T06:35:55.505+0000: 1734.506: [GC [PSYoungGen: 198155K->1022K(194048K)] 476550K->279761K(881024K), 0.0085430 secs] [Times: user=0.06 sys=0.01, real=0.01 secs] 
2014-07-16T06:35:56.192+0000: 1735.192: [GC [PSYoungGen: 194016K->694K(189632K)] 472755K->279497K(876608K), 0.0062250 secs] [Times: user=0.05 sys=0.00, real=0.00 secs] 
2014-07-16T06:35:56.882+0000: 1735.883: [GC [PSYoungGen: 189599K->712K(185728K)] 468402K->279587K(872704K), 0.0066830 secs] [Times: user=0.04 sys=0.00, real=0.00 secs] 
2014-07-16T06:35:57.566+0000: 1736.567: [GC [PSYoungGen: 185633K->1140K(223104K)] 464508K->280039K(910080K), 0.0110850 secs] [Times: user=0.06 sys=0.00, real=0.01 secs] 
2014-07-16T06:35:58.387+0000: 1737.387: [GC [PSYoungGen: 223092K->626K(267008K)] 501991K->279597K(953984K), 0.0072300 secs] [Times: user=0.05 sys=0.00, real=0.01 secs] 
2014-07-16T06:35:59.367+0000: 1738.367: [GC [PSYoungGen: 266994K->1440K(261120K)] 545965K->280591K(948096K), 0.0062560 secs] [Times: user=0.03 sys=0.00, real=0.01 secs] 
2014-07-16T06:36:00.304+0000: 1739.304: [GC [PSYoungGen: 261088K->644K(253888K)] 540239K->279883K(940864K), 0.0060000 secs] [Times: user=0.04 sys=0.00, real=0.00 secs] 
2014-07-16T06:36:01.215+0000: 1740.215: [GC [PSYoungGen: 253793K->1108K(248064K)] 533032K->280427K(935040K), 0.0042630 secs] [Times: user=0.02 sys=0.00, real=0.00 secs] 
2014-07-16T06:36:02.113+0000: 1741.114: [GC [PSYoungGen: 248020K->562K(241472K)] 527339K->279953K(928448K), 0.0057390 secs] [Times: user=0.04 sys=0.01, real=0.00 secs] 
2014-07-16T06:36:03.027+0000: 1742.027: [GC [PSYoungGen: 241458K->932K(236096K)] 520849K->280403K(923072K), 0.0055040 secs] [Times: user=0.03 sys=0.00, real=0.01 secs] 
2014-07-16T06:36:03.847+0000: 1742.848: [GC [PSYoungGen: 236033K->862K(230464K)] 515504K->280397K(917440K), 0.0060160 secs] [Times: user=0.04 sys=0.00, real=0.01 secs] 
2014-07-16T06:36:04.694+0000: 1743.695: [GC [PSYoungGen: 230430K->1304K(225536K)] 509965K->280943K(912512K), 0.0081230 secs] [Times: user=0.05 sys=0.00, real=0.01 secs] 
2014-07-16T06:36:05.514+0000: 1744.514: [GC [PSYoungGen: 225496K->722K(219776K)] 505135K->280457K(906752K), 0.0056060 secs] [Times: user=0.03 sys=0.00, real=0.00 secs] 
2014-07-16T06:36:06.324+0000: 1745.325: [GC [PSYoungGen: 219730K->644K(214720K)] 499465K->280451K(901696K), 0.0068270 secs] [Times: user=0.04 sys=0.00, real=0.01 secs] 
2014-07-16T06:36:07.106+0000: 1746.106: [GC [PSYoungGen: 214613K->940K(210176K)] 494420K->280827K(897152K), 0.0051290 secs] [Times: user=0.04 sys=0.00, real=0.01 secs] 
2014-07-16T06:36:07.943+0000: 1746.944: [GC [PSYoungGen: 210155K->1126K(205696K)] 490042K->281093K(892672K), 0.0060830 secs] [Times: user=0.04 sys=0.00, real=0.00 secs] 
2014-07-16T06:36:08.651+0000: 1747.652: [GC [PSYoungGen: 205670K->672K(200768K)] 485637K->280719K(887744K), 0.0056550 secs] [Times: user=0.04 sys=0.01, real=0.01 secs] 
2014-07-16T06:36:09.392+0000: 1748.393: [GC [PSYoungGen: 200736K->580K(196352K)] 480783K->280691K(883328K), 0.0076700 secs] [Times: user=0.05 sys=0.00, real=0.00 secs] 
2014-07-16T06:36:10.097+0000: 1749.098: [GC [PSYoungGen: 196292K->498K(192064K)] 476403K->280681K(879040K), 0.0064480 secs] [Times: user=0.04 sys=0.00, real=0.01 secs] 
2014-07-16T06:36:10.791+0000: 1749.791: [GC [PSYoungGen: 192050K->748K(188288K)] 472233K->281003K(875264K), 0.0060840 secs] [Times: user=0.04 sys=0.00, real=0.01 secs] 
2014-07-16T06:36:11.469+0000: 1750.470: [GC [PSYoungGen: 188268K->680K(225728K)] 468523K->281023K(912704K), 0.0144350 secs] [Times: user=0.10 sys=0.00, real=0.02 secs] 
2014-07-16T06:36:12.292+0000: 1751.293: [GC [PSYoungGen: 225704K->876K(270976K)] 506047K->281291K(957952K), 0.0076790 secs] [Times: user=0.04 sys=0.00, real=0.00 secs] 
2014-07-16T06:36:13.308+0000: 1752.309: [GC [PSYoungGen: 270956K->644K(263936K)] 551371K->281139K(950912K), 0.0036310 secs] [Times: user=0.02 sys=0.00, real=0.01 secs] 
2014-07-16T06:36:14.250+0000: 1753.250: [GC [PSYoungGen: 263876K->808K(257472K)] 544371K->281367K(944448K), 0.0092110 secs] [Times: user=0.05 sys=0.00, real=0.01 secs] 
2014-07-16T06:36:15.190+0000: 1754.191: [GC [PSYoungGen: 257413K->548K(250816K)] 537972K->281171K(937792K), 0.0041040 secs] [Times: user=0.02 sys=0.01, real=0.01 secs] 
2014-07-16T06:36:16.109+0000: 1755.110: [GC [PSYoungGen: 250745K->630K(244736K)] 531368K->281333K(931712K), 0.0055370 secs] [Times: user=0.03 sys=0.00, real=0.01 secs] 
2014-07-16T06:36:17.028+0000: 1756.029: [GC [PSYoungGen: 244726K->772K(239040K)] 525429K->281587K(926016K), 0.0046670 secs] [Times: user=0.03 sys=0.00, real=0.01 secs] 
2014-07-16T06:36:18.020+0000: 1757.020: [GC [PSYoungGen: 238980K->1014K(233536K)] 519795K->281893K(920512K), 0.0043720 secs] [Times: user=0.02 sys=0.01, real=0.01 secs] 
2014-07-16T06:36:18.810+0000: 1757.811: [GC [PSYoungGen: 233526K->580K(227648K)] 514405K->281507K(914624K), 0.0091660 secs] [Times: user=0.06 sys=0.00, real=0.01 secs] 
2014-07-16T06:36:19.644+0000: 1758.645: [GC [PSYoungGen: 227588K->926K(222656K)] 508515K->281957K(909632K), 0.0053960 secs] [Times: user=0.04 sys=0.00, real=0.00 secs] 
2014-07-16T06:36:20.460+0000: 1759.461: [GC [PSYoungGen: 222574K->926K(217536K)] 503605K->282021K(904512K), 0.0061490 secs] [Times: user=0.03 sys=0.00, real=0.01 secs] 
2014-07-16T06:36:21.251+0000: 1760.252: [GC [PSYoungGen: 217502K->894K(212544K)] 498597K->282061K(899520K), 0.0072470 secs] [Times: user=0.04 sys=0.00, real=0.01 secs] 
2014-07-16T06:36:22.014+0000: 1761.015: [GC [PSYoungGen: 212542K->756K(207680K)] 493709K->282666K(894656K), 0.0033920 secs] [Times: user=0.02 sys=0.00, real=0.00 secs] 
2014-07-16T06:36:22.774+0000: 1761.775: [GC [PSYoungGen: 207665K->1040K(203456K)] 489575K->283014K(890432K), 0.0055200 secs] [Times: user=0.04 sys=0.00, real=0.00 secs] 
2014-07-16T06:36:23.576+0000: 1762.577: [GC [PSYoungGen: 203408K->498K(198464K)] 485382K->282594K(885440K), 0.0090310 secs] [Times: user=0.06 sys=0.00, real=0.01 secs] 
2014-07-16T06:36:24.286+0000: 1763.287: [GC [PSYoungGen: 198448K->848K(238464K)] 480544K->282992K(925440K), 0.0159560 secs] [Times: user=0.11 sys=0.00, real=0.01 secs] 
2014-07-16T06:36:25.141+0000: 1764.142: [GC [PSYoungGen: 238416K->768K(285888K)] 520560K->282968K(972864K), 0.0091610 secs] [Times: user=0.05 sys=0.00, real=0.01 secs] 
2014-07-16T06:36:26.180+0000: 1765.181: [GC [PSYoungGen: 285830K->840K(304384K)] 568030K->283136K(991360K), 0.0088660 secs] [Times: user=0.05 sys=0.01, real=0.01 secs] 
2014-07-16T06:36:27.285+0000: 1766.285: [GC [PSYoungGen: 303816K->616K(295488K)] 586112K->282992K(982464K), 0.0061610 secs] [Times: user=0.04 sys=0.00, real=0.00 secs] 
2014-07-16T06:36:28.412+0000: 1767.413: [GC [PSYoungGen: 295437K->908K(288000K)] 577813K->283356K(974976K), 0.0041310 secs] [Times: user=0.02 sys=0.00, real=0.01 secs] 
2014-07-16T06:36:29.464+0000: 1768.465: [GC [PSYoungGen: 287948K->580K(280128K)] 570396K->283100K(967104K), 0.0050320 secs] [Times: user=0.03 sys=0.00, real=0.01 secs] 
2014-07-16T06:36:30.496+0000: 1769.497: [GC [PSYoungGen: 280068K->754K(273024K)] 562588K->283338K(960000K), 0.0041970 secs] [Times: user=0.02 sys=0.00, real=0.00 secs] 
2014-07-16T06:36:31.500+0000: 1770.501: [GC [PSYoungGen: 273010K->876K(266176K)] 555594K->283556K(953152K), 0.0038880 secs] [Times: user=0.02 sys=0.00, real=0.00 secs] 
2014-07-16T06:36:32.490+0000: 1771.491: [GC [PSYoungGen: 266117K->616K(259200K)] 548798K->283352K(946176K), 0.0057450 secs] [Times: user=0.04 sys=0.00, real=0.01 secs] 
2014-07-16T06:36:33.468+0000: 1772.469: [GC [PSYoungGen: 259175K->1084K(253184K)] 541911K->283980K(940160K), 0.0042330 secs] [Times: user=0.02 sys=0.00, real=0.00 secs] 
2014-07-16T06:36:34.365+0000: 1773.365: [GC [PSYoungGen: 253180K->1394K(247296K)] 536076K->284362K(934272K), 0.0032790 secs] [Times: user=0.01 sys=0.00, real=0.01 secs] 
2014-07-16T06:36:35.269+0000: 1774.270: [GC [PSYoungGen: 247282K->384K(240320K)] 530250K->283610K(927296K), 0.0074110 secs] [Times: user=0.05 sys=0.00, real=0.01 secs] 
2014-07-16T06:36:36.162+0000: 1775.162: [GC [PSYoungGen: 240272K->1508K(235712K)] 523498K->284952K(922688K), 0.0070120 secs] [Times: user=0.04 sys=0.00, real=0.01 secs] 
2014-07-16T06:36:36.992+0000: 1775.992: [GC [PSYoungGen: 235684K->594K(229248K)] 519128K->284160K(916224K), 0.0083130 secs] [Times: user=0.05 sys=0.00, real=0.01 secs] 
2014-07-16T06:36:37.838+0000: 1776.839: [GC [PSYoungGen: 229202K->676K(224000K)] 512768K->284346K(910976K), 0.0060220 secs] [Times: user=0.04 sys=0.00, real=0.00 secs] 
2014-07-16T06:36:38.673+0000: 1777.674: [GC [PSYoungGen: 223972K->544K(218752K)] 507642K->284318K(905728K), 0.0057830 secs] [Times: user=0.04 sys=0.00, real=0.01 secs] 
2014-07-16T06:36:39.448+0000: 1778.449: [GC [PSYoungGen: 218638K->1290K(214528K)] 502412K->285120K(901504K), 0.0062500 secs] [Times: user=0.03 sys=0.00, real=0.00 secs] 
2014-07-16T06:36:40.234+0000: 1779.235: [GC [PSYoungGen: 214428K->684K(209088K)] 498258K->284562K(896064K), 0.0143830 secs] [Times: user=0.09 sys=0.00, real=0.02 secs] 
2014-07-16T06:36:40.996+0000: 1779.997: [GC [PSYoungGen: 209068K->848K(204672K)] 492946K->284790K(891648K), 0.0057830 secs] [Times: user=0.04 sys=0.00, real=0.00 secs] 
2014-07-16T06:36:41.754+0000: 1780.754: [GC [PSYoungGen: 204624K->822K(200128K)] 488566K->284852K(887104K), 0.0037550 secs] [Times: user=0.02 sys=0.00, real=0.01 secs] 
2014-07-16T06:36:42.468+0000: 1781.468: [GC [PSYoungGen: 200116K->690K(195712K)] 484147K->284824K(882688K), 0.0069140 secs] [Times: user=0.04 sys=0.00, real=0.00 secs] 
2014-07-16T06:36:43.187+0000: 1782.188: [GC [PSYoungGen: 195698K->480K(191360K)] 479832K->284702K(878336K), 0.0065680 secs] [Times: user=0.04 sys=0.01, real=0.00 secs] 
2014-07-16T06:36:43.920+0000: 1782.920: [GC [PSYoungGen: 191328K->996K(187840K)] 475550K->285322K(874816K), 0.0038060 secs] [Times: user=0.02 sys=0.00, real=0.00 secs] 
2014-07-16T06:36:44.599+0000: 1783.599: [GC [PSYoungGen: 187812K->1136K(184064K)] 472138K->285526K(871040K), 0.0034330 secs] [Times: user=0.02 sys=0.00, real=0.00 secs] 
2014-07-16T06:36:45.278+0000: 1784.279: [GC [PSYoungGen: 184003K->1008K(180160K)] 468393K->285454K(867136K), 0.0050410 secs] [Times: user=0.02 sys=0.00, real=0.00 secs] 
2014-07-16T06:36:45.948+0000: 1784.948: [GC [PSYoungGen: 180144K->1062K(176576K)] 464590K->285588K(863552K), 0.0073640 secs] [Times: user=0.04 sys=0.00, real=0.00 secs] 
2014-07-16T06:36:46.602+0000: 1785.603: [GC [PSYoungGen: 176542K->1358K(173376K)] 461069K->285956K(860352K), 0.0041950 secs] [Times: user=0.02 sys=0.01, real=0.00 secs] 
2014-07-16T06:36:47.225+0000: 1786.226: [GC [PSYoungGen: 173326K->416K(169024K)] 457924K->285086K(856000K), 0.0050410 secs] [Times: user=0.03 sys=0.00, real=0.01 secs] 
2014-07-16T06:36:47.846+0000: 1786.847: [GC [PSYoungGen: 168944K->594K(165888K)] 453614K->285328K(852864K), 0.0052320 secs] [Times: user=0.03 sys=0.01, real=0.01 secs] 
2014-07-16T06:36:48.530+0000: 1787.531: [GC [PSYoungGen: 165842K->882K(162944K)] 450576K->285712K(849920K), 0.0090110 secs] [Times: user=0.05 sys=0.00, real=0.01 secs] 
2014-07-16T06:36:49.055+0000: 1788.055: [GC [PSYoungGen: 162930K->434K(159424K)] 447760K->285320K(846400K), 0.0049500 secs] [Times: user=0.02 sys=0.00, real=0.01 secs] 
2014-07-16T06:36:49.640+0000: 1788.641: [GC [PSYoungGen: 159410K->908K(156928K)] 444296K->285858K(843904K), 0.0032050 secs] [Times: user=0.02 sys=0.00, real=0.00 secs] 
2014-07-16T06:36:50.220+0000: 1789.221: [GC [PSYoungGen: 156876K->644K(153792K)] 441826K->285666K(840768K), 0.0042730 secs] [Times: user=0.02 sys=0.00, real=0.00 secs] 
2014-07-16T06:36:50.762+0000: 1789.762: [GC [PSYoungGen: 153732K->594K(150912K)] 438754K->285704K(837888K), 0.0034290 secs] [Times: user=0.01 sys=0.00, real=0.00 secs] 
2014-07-16T06:36:51.308+0000: 1790.309: [GC [PSYoungGen: 150866K->530K(148096K)] 435976K->285712K(835072K), 0.0070640 secs] [Times: user=0.04 sys=0.00, real=0.01 secs] 
2014-07-16T06:36:51.838+0000: 1790.838: [GC [PSYoungGen: 148050K->766K(145664K)] 433232K->286012K(832640K), 0.0050710 secs] [Times: user=0.04 sys=0.00, real=0.01 secs] 
2014-07-16T06:36:52.366+0000: 1791.367: [GC [PSYoungGen: 145662K->616K(142976K)] 430908K->285934K(829952K), 0.0058670 secs] [Times: user=0.02 sys=0.00, real=0.01 secs] 
2014-07-16T06:36:52.910+0000: 1791.910: [GC [PSYoungGen: 142952K->708K(171584K)] 428270K->286130K(858560K), 0.0078210 secs] [Times: user=0.06 sys=0.00, real=0.00 secs] 
2014-07-16T06:36:53.647+0000: 1792.647: [GC [PSYoungGen: 171524K->1010K(168448K)] 456946K->286512K(855424K), 0.0043590 secs] [Times: user=0.02 sys=0.00, real=0.01 secs] 
2014-07-16T06:36:54.185+0000: 1793.186: [GC [PSYoungGen: 168434K->690K(201664K)] 453936K->286272K(888640K), 0.0081950 secs] [Times: user=0.05 sys=0.00, real=0.01 secs] 
2014-07-16T06:36:54.917+0000: 1793.918: [GC [PSYoungGen: 201650K->818K(197440K)] 487232K->286464K(884416K), 0.0057990 secs] [Times: user=0.03 sys=0.00, real=0.01 secs] 
2014-07-16T06:36:55.664+0000: 1794.665: [GC [PSYoungGen: 197426K->972K(193408K)] 483072K->286706K(880384K), 0.0057090 secs] [Times: user=0.02 sys=0.00, real=0.01 secs] 
2014-07-16T06:36:56.368+0000: 1795.368: [GC [PSYoungGen: 193356K->990K(189312K)] 479090K->286780K(876288K), 0.0047730 secs] [Times: user=0.02 sys=0.00, real=0.01 secs] 
2014-07-16T06:36:57.168+0000: 1796.169: [GC [PSYoungGen: 189278K->698K(185024K)] 475068K->286768K(872000K), 0.0085920 secs] [Times: user=0.04 sys=0.00, real=0.01 secs] 
2014-07-16T06:36:57.809+0000: 1796.809: [GC [PSYoungGen: 185018K->1258K(222464K)] 471088K->287392K(909440K), 0.0102930 secs] [Times: user=0.07 sys=0.00, real=0.02 secs] 
2014-07-16T06:36:58.610+0000: 1797.611: [GC [PSYoungGen: 222442K->752K(216896K)] 508576K->287352K(903872K), 0.0051500 secs] [Times: user=0.02 sys=0.00, real=0.00 secs] 
2014-07-16T06:36:59.407+0000: 1798.407: [GC [PSYoungGen: 216880K->1492K(212736K)] 503480K->288222K(899712K), 0.0049860 secs] [Times: user=0.03 sys=0.01, real=0.01 secs] 
2014-07-16T06:37:00.157+0000: 1799.158: [GC [PSYoungGen: 212692K->516K(254016K)] 499422K->287352K(940992K), 0.0219750 secs] [Times: user=0.15 sys=0.00, real=0.03 secs] 
2014-07-16T06:37:01.087+0000: 1800.087: [GC [PSYoungGen: 253956K->776K(304960K)] 540792K->287684K(991936K), 0.0066610 secs] [Times: user=0.04 sys=0.00, real=0.01 secs] 
2014-07-16T06:37:02.194+0000: 1801.195: [GC [PSYoungGen: 304904K->722K(316288K)] 591812K->287686K(1003264K), 0.0123600 secs] [Times: user=0.07 sys=0.00, real=0.01 secs] 
2014-07-16T06:37:03.354+0000: 1802.354: [GC [PSYoungGen: 315346K->1060K(316224K)] 602310K->288128K(1003200K), 0.0103230 secs] [Times: user=0.07 sys=0.00, real=0.01 secs] 
2014-07-16T06:37:04.514+0000: 1803.515: [GC [PSYoungGen: 315636K->794K(306816K)] 602704K->287942K(993792K), 0.0035170 secs] [Times: user=0.01 sys=0.00, real=0.00 secs] 
2014-07-16T06:37:05.651+0000: 1804.652: [GC [PSYoungGen: 306778K->498K(298240K)] 593926K->287710K(985216K), 0.0035610 secs] [Times: user=0.02 sys=0.00, real=0.00 secs] 
2014-07-16T06:37:06.737+0000: 1805.737: [GC [PSYoungGen: 298224K->644K(290496K)] 585436K->287904K(977472K), 0.0090880 secs] [Times: user=0.05 sys=0.00, real=0.01 secs] 
2014-07-16T06:37:07.846+0000: 1806.847: [GC [PSYoungGen: 290414K->594K(282816K)] 577674K->287910K(969792K), 0.0084000 secs] [Times: user=0.06 sys=0.01, real=0.01 secs] 
2014-07-16T06:37:08.930+0000: 1807.930: [GC [PSYoungGen: 282770K->894K(275712K)] 570086K->288266K(962688K), 0.0070960 secs] [Times: user=0.04 sys=0.01, real=0.01 secs] 
2014-07-16T06:37:09.857+0000: 1808.858: [GC [PSYoungGen: 275710K->844K(268672K)] 563082K->288280K(955648K), 0.0054470 secs] [Times: user=0.02 sys=0.01, real=0.01 secs] 
2014-07-16T06:37:10.839+0000: 1809.840: [GC [PSYoungGen: 268577K->1026K(262080K)] 556014K->288534K(949056K), 0.0071290 secs] [Times: user=0.04 sys=0.00, real=0.01 secs] 
2014-07-16T06:37:11.779+0000: 1810.780: [GC [PSYoungGen: 262018K->466K(254976K)] 549526K->288046K(941952K), 0.0076490 secs] [Times: user=0.04 sys=0.00, real=0.01 secs] 
2014-07-16T06:37:12.702+0000: 1811.703: [GC [PSYoungGen: 254930K->480K(248704K)] 542510K->288148K(935680K), 0.0086680 secs] [Times: user=0.06 sys=0.00, real=0.01 secs] 
2014-07-16T06:37:13.622+0000: 1812.623: [GC [PSYoungGen: 248670K->904K(243072K)] 536338K->288660K(930048K), 0.0058450 secs] [Times: user=0.03 sys=0.00, real=0.00 secs] 
2014-07-16T06:37:14.548+0000: 1813.548: [GC [PSYoungGen: 243016K->908K(237248K)] 530772K->288744K(924224K), 0.0040730 secs] [Times: user=0.02 sys=0.00, real=0.01 secs] 
2014-07-16T06:37:15.424+0000: 1814.425: [GC [PSYoungGen: 237196K->1126K(231808K)] 525032K->289018K(918784K), 0.0068410 secs] [Times: user=0.04 sys=0.00, real=0.00 secs] 
2014-07-16T06:37:16.283+0000: 1815.283: [GC [PSYoungGen: 231782K->748K(225984K)] 519674K->288720K(912960K), 0.0041090 secs] [Times: user=0.02 sys=0.00, real=0.00 secs] 
2014-07-16T06:37:17.126+0000: 1816.126: [GC [PSYoungGen: 225964K->804K(220800K)] 513936K->288872K(907776K), 0.0045670 secs] [Times: user=0.02 sys=0.00, real=0.00 secs] 
2014-07-16T06:37:17.979+0000: 1816.980: [GC [PSYoungGen: 220725K->826K(215744K)] 508793K->288950K(902720K), 0.0042000 secs] [Times: user=0.03 sys=0.01, real=0.01 secs] 
2014-07-16T06:37:18.757+0000: 1817.758: [GC [PSYoungGen: 215735K->1022K(211072K)] 503860K->289210K(898048K), 0.0063060 secs] [Times: user=0.03 sys=0.00, real=0.01 secs] 
2014-07-16T06:37:19.584+0000: 1818.584: [GC [PSYoungGen: 211044K->580K(206016K)] 499233K->288824K(892992K), 0.0042650 secs] [Times: user=0.02 sys=0.00, real=0.00 secs] 
2014-07-16T06:37:20.327+0000: 1819.327: [GC [PSYoungGen: 205956K->790K(201664K)] 494200K->289082K(888640K), 0.0048380 secs] [Times: user=0.02 sys=0.01, real=0.00 secs] 
2014-07-16T06:37:21.054+0000: 1820.055: [GC [PSYoungGen: 201579K->548K(197056K)] 489871K->288912K(884032K), 0.0058530 secs] [Times: user=0.03 sys=0.00, real=0.00 secs] 
2014-07-16T06:37:21.783+0000: 1820.783: [GC [PSYoungGen: 197026K->948K(193216K)] 485390K->289368K(880192K), 0.0051650 secs] [Times: user=0.03 sys=0.00, real=0.01 secs] 
2014-07-16T06:37:22.482+0000: 1821.483: [GC [PSYoungGen: 193178K->452K(188672K)] 481599K->288920K(875648K), 0.0081840 secs] [Times: user=0.04 sys=0.00, real=0.01 secs] 
2014-07-16T06:37:23.159+0000: 1822.160: [GC [PSYoungGen: 188612K->658K(184896K)] 477080K->289190K(871872K), 0.0045360 secs] [Times: user=0.02 sys=0.00, real=0.01 secs] 
2014-07-16T06:37:23.843+0000: 1822.844: [GC [PSYoungGen: 184850K->776K(181248K)] 473382K->289404K(868224K), 0.0078380 secs] [Times: user=0.05 sys=0.00, real=0.00 secs] 
2014-07-16T06:37:24.559+0000: 1823.559: [GC [PSYoungGen: 181130K->1060K(177792K)] 469759K->289760K(864768K), 0.0099650 secs] [Times: user=0.06 sys=0.00, real=0.01 secs] 
2014-07-16T06:37:25.205+0000: 1824.206: [GC [PSYoungGen: 177764K->552K(173696K)] 466464K->289372K(860672K), 0.0068600 secs] [Times: user=0.05 sys=0.00, real=0.00 secs] 
2014-07-16T06:37:25.843+0000: 1824.844: [GC [PSYoungGen: 173672K->772K(208576K)] 462492K->289696K(895552K), 0.0079120 secs] [Times: user=0.05 sys=0.00, real=0.00 secs] 
2014-07-16T06:37:26.611+0000: 1825.611: [GC [PSYoungGen: 208515K->996K(250368K)] 497439K->290008K(937344K), 0.0135210 secs] [Times: user=0.09 sys=0.00, real=0.02 secs] 
2014-07-16T06:37:27.525+0000: 1826.526: [GC [PSYoungGen: 250340K->798K(300096K)] 539352K->289874K(987072K), 0.0065410 secs] [Times: user=0.04 sys=0.00, real=0.00 secs] 
2014-07-16T06:37:28.597+0000: 1827.597: [GC [PSYoungGen: 300062K->766K(359936K)] 589138K->289914K(1046912K), 0.0106270 secs] [Times: user=0.07 sys=0.00, real=0.01 secs] 
2014-07-16T06:37:29.845+0000: 1828.845: [GC [PSYoungGen: 359934K->726K(349504K)] 649082K->289954K(1036480K), 0.0052400 secs] [Times: user=0.04 sys=0.00, real=0.00 secs] 
2014-07-16T06:37:30.945+0000: 1829.946: [GC [PSYoungGen: 349462K->922K(339712K)] 638690K->290222K(1026688K), 0.0036350 secs] [Times: user=0.02 sys=0.01, real=0.00 secs] 
2014-07-16T06:37:32.030+0000: 1831.031: [GC [PSYoungGen: 339674K->1204K(330368K)] 628974K->290676K(1017344K), 0.0067420 secs] [Times: user=0.04 sys=0.01, real=0.01 secs] 
2014-07-16T06:37:33.073+0000: 1832.074: [GC [PSYoungGen: 330311K->306K(320256K)] 619784K->290193K(1007232K), 0.0028890 secs] [Times: user=0.02 sys=0.00, real=0.01 secs] 
2014-07-16T06:37:34.260+0000: 1833.261: [GC [PSYoungGen: 320242K->1328K(312448K)] 610129K->291328K(999424K), 0.0124470 secs] [Times: user=0.05 sys=0.00, real=0.01 secs] 
2014-07-16T06:37:35.238+0000: 1834.238: [GC [PSYoungGen: 312432K->844K(303552K)] 602432K->291032K(990528K), 0.0034090 secs] [Times: user=0.01 sys=0.00, real=0.00 secs] 
2014-07-16T06:37:36.305+0000: 1835.305: [GC [PSYoungGen: 303415K->918K(295488K)] 593603K->291186K(982464K), 0.0086320 secs] [Times: user=0.05 sys=0.00, real=0.01 secs] 
2014-07-16T06:37:37.254+0000: 1836.254: [GC [PSYoungGen: 295446K->516K(287296K)] 585714K->290839K(974272K), 0.0035440 secs] [Times: user=0.02 sys=0.00, real=0.01 secs] 
2014-07-16T06:37:38.207+0000: 1837.208: [GC [PSYoungGen: 287169K->794K(280064K)] 577493K->291174K(967040K), 0.0112980 secs] [Times: user=0.07 sys=0.00, real=0.01 secs] 
2014-07-16T06:37:39.129+0000: 1838.129: [GC [PSYoungGen: 279943K->890K(272896K)] 570323K->291350K(959872K), 0.0047550 secs] [Times: user=0.02 sys=0.00, real=0.00 secs] 
2014-07-16T06:37:40.064+0000: 1839.064: [GC [PSYoungGen: 272872K->1226K(266304K)] 563332K->291750K(953280K), 0.0062310 secs] [Times: user=0.03 sys=0.00, real=0.01 secs] 
2014-07-16T06:37:40.946+0000: 1839.946: [GC [PSYoungGen: 266250K->566K(258944K)] 556774K->291162K(945920K), 0.0066240 secs] [Times: user=0.04 sys=0.00, real=0.01 secs] 
2014-07-16T06:37:41.758+0000: 1840.758: [GC [PSYoungGen: 258934K->986K(252928K)] 549530K->291646K(939904K), 0.0038620 secs] [Times: user=0.02 sys=0.00, real=0.00 secs] 
2014-07-16T06:37:42.534+0000: 1841.534: [GC [PSYoungGen: 252884K->1258K(246976K)] 543544K->291990K(933952K), 0.0090190 secs] [Times: user=0.04 sys=0.00, real=0.01 secs] 
2014-07-16T06:37:43.334+0000: 1842.335: [GC [PSYoungGen: 246954K->1004K(240768K)] 537686K->291808K(927744K), 0.0067400 secs] [Times: user=0.03 sys=0.00, real=0.01 secs] 
2014-07-16T06:37:44.119+0000: 1843.120: [GC [PSYoungGen: 240748K->812K(288576K)] 531552K->291704K(975552K), 0.0155390 secs] [Times: user=0.09 sys=0.00, real=0.01 secs] 
2014-07-16T06:37:45.123+0000: 1844.124: [GC [PSYoungGen: 288556K->658K(346048K)] 579448K->291597K(1033024K), 0.0087650 secs] [Times: user=0.05 sys=0.00, real=0.01 secs] 
2014-07-16T06:37:46.250+0000: 1845.251: [GC [PSYoungGen: 346002K->594K(336128K)] 636941K->291589K(1023104K), 0.0040470 secs] [Times: user=0.02 sys=0.00, real=0.00 secs] 
2014-07-16T06:37:47.435+0000: 1846.436: [GC [PSYoungGen: 336082K->1010K(327040K)] 627077K->292069K(1014016K), 0.0056650 secs] [Times: user=0.02 sys=0.01, real=0.01 secs] 
2014-07-16T06:37:48.516+0000: 1847.517: [GC [PSYoungGen: 327011K->1288K(354240K)] 618071K->292412K(1041216K), 0.0200640 secs] [Times: user=0.13 sys=0.00, real=0.02 secs] 
2014-07-16T06:37:49.761+0000: 1848.762: [GC [PSYoungGen: 354184K->1008K(354432K)] 645308K->292180K(1041408K), 0.0156100 secs] [Times: user=0.09 sys=0.01, real=0.01 secs] 
2014-07-16T06:37:50.851+0000: 1849.851: [GC [PSYoungGen: 353904K->1062K(343808K)] 645076K->292274K(1030784K), 0.0051810 secs] [Times: user=0.02 sys=0.01, real=0.00 secs] 
2014-07-16T06:37:51.956+0000: 1850.957: [GC [PSYoungGen: 343782K->480K(333504K)] 634994K->291731K(1020480K), 0.0042710 secs] [Times: user=0.01 sys=0.00, real=0.01 secs] 
2014-07-16T06:37:53.023+0000: 1852.023: [GC [PSYoungGen: 333472K->882K(324544K)] 624723K->292205K(1011520K), 0.0051430 secs] [Times: user=0.03 sys=0.01, real=0.01 secs] 
2014-07-16T06:37:54.064+0000: 1853.065: [GC [PSYoungGen: 324530K->548K(315264K)] 615853K->291920K(1002240K), 0.0077890 secs] [Times: user=0.05 sys=0.00, real=0.01 secs] 
2014-07-16T06:37:55.196+0000: 1854.197: [GC [PSYoungGen: 315236K->876K(306944K)] 606608K->292352K(993920K), 0.0043880 secs] [Times: user=0.03 sys=0.00, real=0.01 secs] 
2014-07-16T06:37:56.219+0000: 1855.220: [GC [PSYoungGen: 306924K->594K(298432K)] 598400K->292149K(985408K), 0.0069660 secs] [Times: user=0.05 sys=0.00, real=0.00 secs] 
2014-07-16T06:37:57.197+0000: 1856.198: [GC [PSYoungGen: 298386K->890K(290752K)] 589941K->292518K(977728K), 0.0057660 secs] [Times: user=0.04 sys=0.00, real=0.01 secs] 
2014-07-16T06:37:58.179+0000: 1857.180: [GC [PSYoungGen: 290746K->1108K(283392K)] 582374K->292808K(970368K), 0.0076170 secs] [Times: user=0.05 sys=0.00, real=0.00 secs] 
2014-07-16T06:37:59.112+0000: 1858.112: [GC [PSYoungGen: 283325K->484K(275392K)] 575025K->292216K(962368K), 0.0051910 secs] [Times: user=0.02 sys=0.00, real=0.00 secs] 
2014-07-16T06:38:00.051+0000: 1859.052: [GC [PSYoungGen: 275364K->1428K(269312K)] 567096K->293332K(956288K), 0.0113270 secs] [Times: user=0.07 sys=0.01, real=0.01 secs] 
2014-07-16T06:38:00.885+0000: 1859.885: [GC [PSYoungGen: 269237K->990K(262080K)] 561141K->292998K(949056K), 0.0059780 secs] [Times: user=0.04 sys=0.00, real=0.01 secs] 
2014-07-16T06:38:01.700+0000: 1860.701: [GC [PSYoungGen: 262046K->862K(255424K)] 554054K->292950K(942400K), 0.0050770 secs] [Times: user=0.02 sys=0.00, real=0.00 secs] 
2014-07-16T06:38:02.497+0000: 1861.498: [GC [PSYoungGen: 255390K->612K(248896K)] 547478K->292788K(935872K), 0.0034410 secs] [Times: user=0.02 sys=0.00, real=0.01 secs] 
2014-07-16T06:38:03.274+0000: 1862.274: [GC [PSYoungGen: 248857K->808K(243008K)] 541033K->293064K(929984K), 0.0108190 secs] [Times: user=0.06 sys=0.00, real=0.01 secs] 
2014-07-16T06:38:04.055+0000: 1863.056: [GC [PSYoungGen: 242984K->1210K(237568K)] 535240K->293578K(924544K), 0.0061660 secs] [Times: user=0.04 sys=0.00, real=0.01 secs] 
2014-07-16T06:38:04.926+0000: 1863.927: [GC [PSYoungGen: 237562K->776K(231552K)] 529930K->293200K(918528K), 0.0067730 secs] [Times: user=0.01 sys=0.00, real=0.01 secs] 
2014-07-16T06:38:05.669+0000: 1864.669: [GC [PSYoungGen: 231496K->786K(226112K)] 523920K->293298K(913088K), 0.0093940 secs] [Times: user=0.06 sys=0.00, real=0.01 secs] 
2014-07-16T06:38:06.453+0000: 1865.454: [GC [PSYoungGen: 226003K->808K(220864K)] 518515K->293368K(907840K), 0.0097740 secs] [Times: user=0.05 sys=0.00, real=0.01 secs] 
2014-07-16T06:38:07.195+0000: 1866.195: [GC [PSYoungGen: 220840K->1050K(216064K)] 513400K->293682K(903040K), 0.0071810 secs] [Times: user=0.04 sys=0.00, real=0.01 secs] 
2014-07-16T06:38:07.894+0000: 1866.895: [GC [PSYoungGen: 216026K->1368K(211520K)] 508658K->294080K(898496K), 0.0035600 secs] [Times: user=0.02 sys=0.00, real=0.00 secs] 
2014-07-16T06:38:08.612+0000: 1867.613: [GC [PSYoungGen: 211480K->370K(205824K)] 504192K->293414K(892800K), 0.0043920 secs] [Times: user=0.02 sys=0.00, real=0.00 secs] 
2014-07-16T06:38:09.272+0000: 1868.273: [GC [PSYoungGen: 205810K->854K(201792K)] 498854K->293962K(888768K), 0.0064680 secs] [Times: user=0.04 sys=0.00, real=0.00 secs] 
2014-07-16T06:38:10.105+0000: 1869.106: [GC [PSYoungGen: 201750K->972K(197568K)] 494858K->294176K(884544K), 0.0075960 secs] [Times: user=0.05 sys=0.00, real=0.01 secs] 
2014-07-16T06:38:10.747+0000: 1869.748: [GC [PSYoungGen: 197515K->648K(193024K)] 490719K->293916K(880000K), 0.0048440 secs] [Times: user=0.02 sys=0.00, real=0.01 secs] 
2014-07-16T06:38:11.358+0000: 1870.358: [GC [PSYoungGen: 192968K->690K(231488K)] 486236K->294022K(918464K), 0.0107520 secs] [Times: user=0.07 sys=0.00, real=0.01 secs] 
2014-07-16T06:38:12.104+0000: 1871.105: [GC [PSYoungGen: 231474K->1254K(278272K)] 524806K->294674K(965248K), 0.0092790 secs] [Times: user=0.06 sys=0.01, real=0.01 secs] 
2014-07-16T06:38:13.033+0000: 1872.034: [GC [PSYoungGen: 278246K->612K(333056K)] 571666K->294080K(1020032K), 0.0072340 secs] [Times: user=0.05 sys=0.00, real=0.01 secs] 
2014-07-16T06:38:14.172+0000: 1873.173: [GC [PSYoungGen: 333028K->990K(324096K)] 626496K->294530K(1011072K), 0.0077780 secs] [Times: user=0.04 sys=0.00, real=0.00 secs] 
2014-07-16T06:38:15.399+0000: 1874.400: [GC [PSYoungGen: 324062K->1150K(315264K)] 617602K->294770K(1002240K), 0.0067650 secs] [Times: user=0.04 sys=0.00, real=0.01 secs] 
2014-07-16T06:38:16.414+0000: 1875.415: [GC [PSYoungGen: 315262K->1122K(306688K)] 608882K->294830K(993664K), 0.0096010 secs] [Times: user=0.06 sys=0.01, real=0.01 secs] 
2014-07-16T06:38:17.460+0000: 1876.461: [GC [PSYoungGen: 306658K->548K(297856K)] 600366K->294296K(984832K), 0.0046510 secs] [Times: user=0.02 sys=0.01, real=0.01 secs] 
2014-07-16T06:38:18.482+0000: 1877.482: [GC [PSYoungGen: 297797K->1318K(290688K)] 591545K->295186K(977664K), 0.0057130 secs] [Times: user=0.03 sys=0.00, real=0.00 secs] 
2014-07-16T06:38:19.435+0000: 1878.436: [GC [PSYoungGen: 290662K->968K(282752K)] 584530K->294924K(969728K), 0.0086490 secs] [Times: user=0.05 sys=0.00, real=0.01 secs] 
2014-07-16T06:38:20.453+0000: 1879.454: [GC [PSYoungGen: 282692K->1026K(275520K)] 576648K->295046K(962496K), 0.0091600 secs] [Times: user=0.05 sys=0.00, real=0.01 secs] 
2014-07-16T06:38:21.289+0000: 1880.289: [GC [PSYoungGen: 275458K->1044K(268480K)] 569478K->295128K(955456K), 0.0080770 secs] [Times: user=0.05 sys=0.01, real=0.01 secs] 
2014-07-16T06:38:22.150+0000: 1881.151: [GC [PSYoungGen: 268436K->594K(261248K)] 562520K->294742K(948224K), 0.0098680 secs] [Times: user=0.06 sys=0.00, real=0.01 secs] 
2014-07-16T06:38:22.931+0000: 1881.932: [GC [PSYoungGen: 261170K->898K(255040K)] 555318K->295086K(942016K), 0.0039280 secs] [Times: user=0.02 sys=0.00, real=0.01 secs] 
2014-07-16T06:38:23.754+0000: 1882.754: [GC [PSYoungGen: 254978K->1232K(249088K)] 549166K->295492K(936064K), 0.0087550 secs] [Times: user=0.05 sys=0.01, real=0.01 secs] 
2014-07-16T06:38:24.560+0000: 1883.561: [GC [PSYoungGen: 249040K->694K(242496K)] 543300K->295010K(929472K), 0.0070830 secs] [Times: user=0.04 sys=0.00, real=0.01 secs] 
2014-07-16T06:38:25.428+0000: 1884.428: [GC [PSYoungGen: 242486K->1030K(237056K)] 536802K->295402K(924032K), 0.0039370 secs] [Times: user=0.01 sys=0.00, real=0.00 secs] 
2014-07-16T06:38:26.227+0000: 1885.227: [GC [PSYoungGen: 236998K->836K(231232K)] 531370K->295304K(918208K), 0.0037320 secs] [Times: user=0.02 sys=0.00, real=0.00 secs] 
2014-07-16T06:38:26.986+0000: 1885.986: [GC [PSYoungGen: 231149K->894K(225856K)] 525617K->295418K(912832K), 0.0066290 secs] [Times: user=0.04 sys=0.00, real=0.00 secs] 
2014-07-16T06:38:27.778+0000: 1886.779: [GC [PSYoungGen: 225854K->818K(220608K)] 520378K->295390K(907584K), 0.0053020 secs] [Times: user=0.02 sys=0.00, real=0.01 secs] 
2014-07-16T06:38:28.493+0000: 1887.494: [GC [PSYoungGen: 220594K->876K(215616K)] 515166K->295496K(902592K), 0.0120650 secs] [Times: user=0.07 sys=0.00, real=0.02 secs] 
2014-07-16T06:38:29.215+0000: 1888.216: [GC [PSYoungGen: 215596K->850K(210752K)] 510216K->295550K(897728K), 0.0071900 secs] [Times: user=0.05 sys=0.00, real=0.00 secs] 
2014-07-16T06:38:29.890+0000: 1888.891: [GC [PSYoungGen: 210696K->534K(205760K)] 505396K->295266K(892736K), 0.0042510 secs] [Times: user=0.02 sys=0.00, real=0.01 secs] 
2014-07-16T06:38:30.647+0000: 1889.648: [GC [PSYoungGen: 205718K->862K(201536K)] 500450K->295642K(888512K), 0.0080130 secs] [Times: user=0.04 sys=0.01, real=0.01 secs] 
2014-07-16T06:38:31.259+0000: 1890.260: [GC [PSYoungGen: 201502K->980K(197312K)] 496282K->295856K(884288K), 0.0065160 secs] [Times: user=0.04 sys=0.01, real=0.01 secs] 
2014-07-16T06:38:31.863+0000: 1890.864: [GC [PSYoungGen: 197268K->676K(192768K)] 492144K->295788K(879744K), 0.0038420 secs] [Times: user=0.02 sys=0.00, real=0.00 secs] 
2014-07-16T06:38:32.493+0000: 1891.494: [GC [PSYoungGen: 192670K->1262K(189248K)] 487782K->296826K(876224K), 0.0056810 secs] [Times: user=0.02 sys=0.00, real=0.00 secs] 
2014-07-16T06:38:33.112+0000: 1892.112: [GC [PSYoungGen: 189227K->626K(184704K)] 484791K->296442K(871680K), 0.0045400 secs] [Times: user=0.02 sys=0.00, real=0.01 secs] 
2014-07-16T06:38:33.689+0000: 1892.690: [GC [PSYoungGen: 184630K->904K(181248K)] 480446K->296808K(868224K), 0.0061860 secs] [Times: user=0.03 sys=0.00, real=0.01 secs] 
2014-07-16T06:38:34.291+0000: 1893.292: [GC [PSYoungGen: 181158K->968K(217408K)] 477063K->296952K(904384K), 0.0092570 secs] [Times: user=0.06 sys=0.01, real=0.01 secs] 
2014-07-16T06:38:35.010+0000: 1894.010: [GC [PSYoungGen: 217345K->872K(260608K)] 513329K->296912K(947584K), 0.0078700 secs] [Times: user=0.04 sys=0.01, real=0.01 secs] 
2014-07-16T06:38:36.011+0000: 1895.012: [GC [PSYoungGen: 260584K->954K(254208K)] 556624K->297074K(941184K), 0.0065730 secs] [Times: user=0.04 sys=0.00, real=0.01 secs] 
2014-07-16T06:38:36.857+0000: 1895.858: [GC [PSYoungGen: 254202K->1150K(248128K)] 550322K->297342K(935104K), 0.0086790 secs] [Times: user=0.05 sys=0.00, real=0.01 secs] 
2014-07-16T06:38:37.683+0000: 1896.683: [GC [PSYoungGen: 248126K->616K(241600K)] 544318K->297318K(928576K), 0.0038160 secs] [Times: user=0.02 sys=0.00, real=0.01 secs] 
2014-07-16T06:38:38.473+0000: 1897.474: [GC [PSYoungGen: 241554K->794K(236032K)] 538256K->297560K(923008K), 0.0049870 secs] [Times: user=0.02 sys=0.00, real=0.01 secs] 
2014-07-16T06:38:39.227+0000: 1898.228: [GC [PSYoungGen: 235918K->944K(230592K)] 532684K->297832K(917568K), 0.0062660 secs] [Times: user=0.02 sys=0.00, real=0.00 secs] 
2014-07-16T06:38:39.983+0000: 1898.983: [GC [PSYoungGen: 230576K->890K(225152K)] 527464K->297858K(912128K), 0.0076600 secs] [Times: user=0.05 sys=0.00, real=0.01 secs] 
2014-07-16T06:38:40.796+0000: 1899.797: [GC [PSYoungGen: 225146K->880K(219968K)] 522114K->298128K(906944K), 0.0114780 secs] [Times: user=0.07 sys=0.00, real=0.01 secs] 
2014-07-16T06:38:41.494+0000: 1900.494: [GC [PSYoungGen: 219952K->872K(214976K)] 517200K->298216K(901952K), 0.0037070 secs] [Times: user=0.02 sys=0.00, real=0.01 secs] 
2014-07-16T06:38:42.182+0000: 1901.183: [GC [PSYoungGen: 214936K->958K(210240K)] 512280K->298374K(897216K), 0.0044170 secs] [Times: user=0.02 sys=0.00, real=0.01 secs] 
2014-07-16T06:38:42.839+0000: 1901.839: [GC [PSYoungGen: 210195K->644K(251840K)] 507612K->298140K(938816K), 0.0137950 secs] [Times: user=0.09 sys=0.00, real=0.01 secs] 
2014-07-16T06:38:43.646+0000: 1902.647: [GC [PSYoungGen: 251780K->1062K(302464K)] 549276K->298814K(989440K), 0.0077980 secs] [Times: user=0.05 sys=0.00, real=0.00 secs] 
2014-07-16T06:38:44.599+0000: 1903.599: [GC [PSYoungGen: 302412K->1448K(294784K)] 600164K->299264K(981760K), 0.0044360 secs] [Times: user=0.02 sys=0.01, real=0.00 secs] 
2014-07-16T06:38:45.650+0000: 1904.651: [GC [PSYoungGen: 294736K->424K(286016K)] 592552K->298796K(972992K), 0.0048940 secs] [Times: user=0.03 sys=0.00, real=0.01 secs] 
2014-07-16T06:38:46.654+0000: 1905.655: [GC [PSYoungGen: 285992K->1514K(279616K)] 584364K->299990K(966592K), 0.0052750 secs] [Times: user=0.02 sys=0.00, real=0.01 secs] 
2014-07-16T06:38:47.549+0000: 1906.550: [GC [PSYoungGen: 279574K->594K(271552K)] 578051K->299642K(958528K), 0.0030850 secs] [Times: user=0.02 sys=0.00, real=0.00 secs] 
2014-07-16T06:38:48.469+0000: 1907.470: [GC [PSYoungGen: 271506K->1306K(265344K)] 570554K->300426K(952320K), 0.0100280 secs] [Times: user=0.07 sys=0.01, real=0.01 secs] 
2014-07-16T06:38:49.408+0000: 1908.409: [GC [PSYoungGen: 265306K->940K(258304K)] 564426K->300148K(945280K), 0.0085690 secs] [Times: user=0.05 sys=0.00, real=0.01 secs] 
2014-07-16T06:38:50.295+0000: 1909.295: [GC [PSYoungGen: 258284K->644K(251648K)] 557492K->299908K(938624K), 0.0036230 secs] [Times: user=0.02 sys=0.00, real=0.01 secs] 
2014-07-16T06:38:51.154+0000: 1910.155: [GC [PSYoungGen: 251580K->940K(245760K)] 550845K->300276K(932736K), 0.0054450 secs] [Times: user=0.02 sys=0.00, real=0.01 secs] 
2014-07-16T06:38:51.905+0000: 1910.906: [GC [PSYoungGen: 245740K->694K(239552K)] 545076K->300110K(926528K), 0.0069080 secs] [Times: user=0.04 sys=0.00, real=0.01 secs] 
2014-07-16T06:38:52.677+0000: 1911.677: [GC [PSYoungGen: 239542K->530K(233728K)] 538958K->300018K(920704K), 0.0045270 secs] [Times: user=0.02 sys=0.00, real=0.00 secs] 
2014-07-16T06:38:53.425+0000: 1912.426: [GC [PSYoungGen: 233682K->972K(228672K)] 533170K->300564K(915648K), 0.0065100 secs] [Times: user=0.04 sys=0.00, real=0.01 secs] 
2014-07-16T06:38:54.126+0000: 1913.126: [GC [PSYoungGen: 228620K->786K(223168K)] 528212K->300434K(910144K), 0.0046770 secs] [Times: user=0.02 sys=0.00, real=0.01 secs] 
2014-07-16T06:38:54.810+0000: 1913.810: [GC [PSYoungGen: 223122K->658K(217920K)] 522770K->300378K(904896K), 0.0054880 secs] [Times: user=0.03 sys=0.00, real=0.00 secs] 
2014-07-16T06:38:55.696+0000: 1914.696: [GC [PSYoungGen: 217874K->1164K(213504K)] 517594K->300948K(900480K), 0.0059200 secs] [Times: user=0.02 sys=0.01, real=0.01 secs] 
2014-07-16T06:38:56.381+0000: 1915.381: [GC [PSYoungGen: 213428K->1418K(209024K)] 513212K->301282K(896000K), 0.0116910 secs] [Times: user=0.08 sys=0.00, real=0.01 secs] 
2014-07-16T06:38:57.067+0000: 1916.068: [GC [PSYoungGen: 208914K->570K(203520K)] 508779K->300612K(890496K), 0.0056480 secs] [Times: user=0.04 sys=0.00, real=0.00 secs] 
2014-07-16T06:38:57.775+0000: 1916.775: [GC [PSYoungGen: 203490K->1236K(199808K)] 503532K->301358K(886784K), 0.0051710 secs] [Times: user=0.03 sys=0.00, real=0.01 secs] 
2014-07-16T06:38:58.400+0000: 1917.401: [GC [PSYoungGen: 199764K->626K(194880K)] 499886K->300854K(881856K), 0.0067750 secs] [Times: user=0.04 sys=0.00, real=0.01 secs] 
2014-07-16T06:38:59.040+0000: 1918.041: [GC [PSYoungGen: 194866K->804K(190912K)] 495094K->301112K(877888K), 0.0053740 secs] [Times: user=0.03 sys=0.00, real=0.00 secs] 
2014-07-16T06:38:59.643+0000: 1918.644: [GC [PSYoungGen: 190871K->626K(186688K)] 491179K->300990K(873664K), 0.0046890 secs] [Times: user=0.02 sys=0.00, real=0.01 secs] 
2014-07-16T06:39:00.354+0000: 1919.355: [GC [PSYoungGen: 186674K->816K(183040K)] 487038K->301244K(870016K), 0.0037360 secs] [Times: user=0.02 sys=0.00, real=0.01 secs] 
2014-07-16T06:39:01.029+0000: 1920.030: [GC [PSYoungGen: 183015K->958K(179456K)] 483444K->301458K(866432K), 0.0091780 secs] [Times: user=0.06 sys=0.00, real=0.01 secs] 
2014-07-16T06:39:01.602+0000: 1920.603: [GC [PSYoungGen: 179454K->1104K(176000K)] 479954K->301684K(862976K), 0.0040960 secs] [Times: user=0.03 sys=0.00, real=0.00 secs] 
2014-07-16T06:39:02.186+0000: 1921.186: [GC [PSYoungGen: 175952K->598K(171968K)] 476532K->301234K(858944K), 0.0074170 secs] [Times: user=0.05 sys=0.00, real=0.01 secs] 
2014-07-16T06:39:02.715+0000: 1921.715: [GC [PSYoungGen: 171926K->662K(168640K)] 472562K->301378K(855616K), 0.0040240 secs] [Times: user=0.02 sys=0.00, real=0.01 secs] 
2014-07-16T06:39:03.232+0000: 1922.233: [GC [PSYoungGen: 168569K->1008K(202560K)] 469286K->301780K(889536K), 0.0107410 secs] [Times: user=0.06 sys=0.00, real=0.01 secs] 
2014-07-16T06:39:03.885+0000: 1922.886: [GC [PSYoungGen: 202543K->544K(242432K)] 503316K->301396K(929408K), 0.0052460 secs] [Times: user=0.03 sys=0.00, real=0.01 secs] 
2014-07-16T06:39:04.637+0000: 1923.637: [GC [PSYoungGen: 242400K->780K(291072K)] 543252K->301688K(978048K), 0.0065730 secs] [Times: user=0.04 sys=0.01, real=0.01 secs] 
2014-07-16T06:39:05.607+0000: 1924.608: [GC [PSYoungGen: 291020K->744K(283328K)] 591928K->301748K(970304K), 0.0060960 secs] [Times: user=0.04 sys=0.00, real=0.01 secs] 
2014-07-16T06:39:06.604+0000: 1925.604: [GC [PSYoungGen: 283275K->976K(276224K)] 584280K->302036K(963200K), 0.0064480 secs] [Times: user=0.04 sys=0.00, real=0.01 secs] 
2014-07-16T06:39:07.510+0000: 1926.511: [GC [PSYoungGen: 276176K->576K(268672K)] 577236K->301700K(955648K), 0.0061980 secs] [Times: user=0.04 sys=0.00, real=0.00 secs] 
2014-07-16T06:39:08.392+0000: 1927.393: [GC [PSYoungGen: 268616K->612K(261952K)] 569741K->301800K(948928K), 0.0081720 secs] [Times: user=0.06 sys=0.00, real=0.01 secs] 
2014-07-16T06:39:09.244+0000: 1928.245: [GC [PSYoungGen: 261924K->830K(255616K)] 563112K->302058K(942592K), 0.0045450 secs] [Times: user=0.02 sys=0.00, real=0.00 secs] 
2014-07-16T06:39:10.096+0000: 1929.097: [GC [PSYoungGen: 255614K->1246K(249792K)] 556842K->302546K(936768K), 0.0104290 secs] [Times: user=0.07 sys=0.00, real=0.01 secs] 
2014-07-16T06:39:11.064+0000: 1930.065: [GC [PSYoungGen: 249718K->1458K(243904K)] 551019K->302814K(930880K), 0.0109940 secs] [Times: user=0.07 sys=0.00, real=0.01 secs] 
2014-07-16T06:39:11.799+0000: 1930.800: [GC [PSYoungGen: 243828K->228K(236864K)] 545185K->302155K(923840K), 0.0079620 secs] [Times: user=0.05 sys=0.00, real=0.00 secs] 
2014-07-16T06:39:12.581+0000: 1931.582: [GC [PSYoungGen: 236836K->1300K(232320K)] 538763K->303300K(919296K), 0.0085040 secs] [Times: user=0.04 sys=0.00, real=0.01 secs] 
2014-07-16T06:39:13.388+0000: 1932.388: [GC [PSYoungGen: 232276K->1182K(226752K)] 534276K->303734K(913728K), 0.0059820 secs] [Times: user=0.04 sys=0.00, real=0.01 secs] 
2014-07-16T06:39:14.105+0000: 1933.106: [GC [PSYoungGen: 226656K->972K(271680K)] 529208K->303580K(958656K), 0.0115470 secs] [Times: user=0.07 sys=0.00, real=0.01 secs] 
2014-07-16T06:39:15.027+0000: 1934.028: [GC [PSYoungGen: 271628K->850K(264640K)] 574236K->303530K(951616K), 0.0064640 secs] [Times: user=0.03 sys=0.00, real=0.01 secs] 
2014-07-16T06:39:16.026+0000: 1935.026: [GC [PSYoungGen: 264594K->882K(257984K)] 567274K->303618K(944960K), 0.0048790 secs] [Times: user=0.03 sys=0.00, real=0.01 secs] 
2014-07-16T06:39:16.893+0000: 1935.894: [GC [PSYoungGen: 257970K->1092K(251840K)] 560706K->303892K(938816K), 0.0051530 secs] [Times: user=0.02 sys=0.00, real=0.00 secs] 
2014-07-16T06:39:17.730+0000: 1936.731: [GC [PSYoungGen: 251780K->530K(245120K)] 554580K->303394K(932096K), 0.0072530 secs] [Times: user=0.05 sys=0.01, real=0.00 secs] 
2014-07-16T06:39:18.518+0000: 1937.518: [GC [PSYoungGen: 245074K->594K(239232K)] 547938K->303522K(926208K), 0.0070030 secs] [Times: user=0.04 sys=0.00, real=0.01 secs] 
2014-07-16T06:39:19.289+0000: 1938.289: [GC [PSYoungGen: 239183K->822K(233728K)] 542111K->303830K(920704K), 0.0081260 secs] [Times: user=0.05 sys=0.00, real=0.01 secs] 
2014-07-16T06:39:20.077+0000: 1939.078: [GC [PSYoungGen: 233718K->566K(227968K)] 536726K->303630K(914944K), 0.0059390 secs] [Times: user=0.04 sys=0.00, real=0.01 secs] 
2014-07-16T06:39:20.816+0000: 1939.816: [GC [PSYoungGen: 227958K->966K(223104K)] 531022K->304094K(910080K), 0.0053940 secs] [Times: user=0.03 sys=0.00, real=0.01 secs] 
2014-07-16T06:39:21.607+0000: 1940.608: [GC [PSYoungGen: 223046K->530K(217536K)] 526174K->303706K(904512K), 0.0091990 secs] [Times: user=0.06 sys=0.00, real=0.01 secs] 
2014-07-16T06:39:22.324+0000: 1941.325: [GC [PSYoungGen: 217447K->936K(212992K)] 520623K->304192K(899968K), 0.0055580 secs] [Times: user=0.04 sys=0.00, real=0.00 secs] 
2014-07-16T06:39:22.973+0000: 1941.974: [GC [PSYoungGen: 212968K->1162K(208512K)] 516224K->304466K(895488K), 0.0058390 secs] [Times: user=0.02 sys=0.00, real=0.00 secs] 
2014-07-16T06:39:23.642+0000: 1942.642: [GC [PSYoungGen: 208458K->854K(203584K)] 511762K->304230K(890560K), 0.0063670 secs] [Times: user=0.03 sys=0.00, real=0.00 secs] 
2014-07-16T06:39:24.307+0000: 1943.308: [GC [PSYoungGen: 203542K->1016K(244288K)] 506918K->304710K(931264K), 0.0118550 secs] [Times: user=0.06 sys=0.00, real=0.01 secs] 
2014-07-16T06:39:25.111+0000: 1944.111: [GC [PSYoungGen: 244280K->1488K(293504K)] 547974K->305254K(980480K), 0.0065510 secs] [Times: user=0.03 sys=0.00, real=0.01 secs] 
2014-07-16T06:39:26.177+0000: 1945.177: [GC [PSYoungGen: 293456K->562K(284800K)] 597222K->305090K(971776K), 0.0078170 secs] [Times: user=0.04 sys=0.00, real=0.01 secs] 
2014-07-16T06:39:27.109+0000: 1946.109: [GC [PSYoungGen: 284786K->954K(277760K)] 589314K->305562K(964736K), 0.0093270 secs] [Times: user=0.06 sys=0.00, real=0.01 secs] 
2014-07-16T06:39:28.027+0000: 1947.027: [GC [PSYoungGen: 277754K->576K(270272K)] 582362K->305422K(957248K), 0.0040910 secs] [Times: user=0.02 sys=0.00, real=0.00 secs] 
2014-07-16T06:39:28.912+0000: 1947.913: [GC [PSYoungGen: 270272K->876K(263744K)] 575118K->305786K(950720K), 0.0066090 secs] [Times: user=0.02 sys=0.00, real=0.01 secs] 
2014-07-16T06:39:29.832+0000: 1948.833: [GC [PSYoungGen: 263724K->1192K(257472K)] 568634K->306182K(944448K), 0.0073890 secs] [Times: user=0.05 sys=0.00, real=0.00 secs] 
2014-07-16T06:39:30.670+0000: 1949.671: [GC [PSYoungGen: 257448K->544K(250496K)] 562438K->305582K(937472K), 0.0051260 secs] [Times: user=0.02 sys=0.00, real=0.01 secs] 
2014-07-16T06:39:31.536+0000: 1950.537: [GC [PSYoungGen: 250464K->780K(244608K)] 555502K->305882K(931584K), 0.0077150 secs] [Times: user=0.05 sys=0.00, real=0.01 secs] 
2014-07-16T06:39:32.311+0000: 1951.311: [GC [PSYoungGen: 244556K->894K(238784K)] 549658K->306052K(925760K), 0.0046600 secs] [Times: user=0.02 sys=0.01, real=0.01 secs] 
2014-07-16T06:39:33.080+0000: 1952.081: [GC [PSYoungGen: 238743K->1014K(233216K)] 543901K->306244K(920192K), 0.0098890 secs] [Times: user=0.06 sys=0.00, real=0.01 secs] 
2014-07-16T06:39:33.805+0000: 1952.805: [GC [PSYoungGen: 233206K->744K(227520K)] 538436K->306038K(914496K), 0.0055850 secs] [Times: user=0.04 sys=0.00, real=0.00 secs] 
2014-07-16T06:39:34.518+0000: 1953.519: [GC [PSYoungGen: 227495K->972K(222528K)] 532790K->306362K(909504K), 0.0069900 secs] [Times: user=0.05 sys=0.00, real=0.01 secs] 
2014-07-16T06:39:35.219+0000: 1954.220: [GC [PSYoungGen: 222476K->548K(217024K)] 527866K->305986K(904000K), 0.0062320 secs] [Times: user=0.04 sys=0.00, real=0.01 secs] 
2014-07-16T06:39:35.949+0000: 1954.950: [GC [PSYoungGen: 216996K->1074K(212608K)] 522434K->306600K(899584K), 0.0092520 secs] [Times: user=0.06 sys=0.00, real=0.01 secs] 
2014-07-16T06:39:36.722+0000: 1955.723: [GC [PSYoungGen: 212594K->990K(207808K)] 518120K->306596K(894784K), 0.0034950 secs] [Times: user=0.02 sys=0.00, real=0.01 secs] 
2014-07-16T06:39:37.364+0000: 1956.364: [GC [PSYoungGen: 207774K->1022K(203264K)] 513380K->306812K(890240K), 0.0060780 secs] [Times: user=0.04 sys=0.00, real=0.00 secs] 
2014-07-16T06:39:38.065+0000: 1957.065: [GC [PSYoungGen: 203262K->644K(198528K)] 509052K->306490K(885504K), 0.0067150 secs] [Times: user=0.03 sys=0.01, real=0.00 secs] 
2014-07-16T06:39:38.698+0000: 1957.699: [GC [PSYoungGen: 198468K->530K(194112K)] 504314K->306432K(881088K), 0.0050610 secs] [Times: user=0.03 sys=0.00, real=0.01 secs] 
2014-07-16T06:39:39.337+0000: 1958.338: [GC [PSYoungGen: 194066K->612K(190080K)] 499968K->306570K(877056K), 0.0093130 secs] [Times: user=0.07 sys=0.00, real=0.01 secs] 
2014-07-16T06:39:39.972+0000: 1958.973: [GC [PSYoungGen: 190052K->1050K(186560K)] 496010K->307080K(873536K), 0.0035920 secs] [Times: user=0.01 sys=0.00, real=0.01 secs] 
2014-07-16T06:39:40.613+0000: 1959.614: [GC [PSYoungGen: 186522K->1176K(223808K)] 492552K->307262K(910784K), 0.0161760 secs] [Times: user=0.09 sys=0.00, real=0.02 secs] 
2014-07-16T06:39:41.413+0000: 1960.414: [GC [PSYoungGen: 223768K->804K(267968K)] 529854K->307306K(954944K), 0.0069640 secs] [Times: user=0.04 sys=0.00, real=0.01 secs] 
2014-07-16T06:39:42.256+0000: 1961.257: [GC [PSYoungGen: 267940K->1022K(261376K)] 574442K->307604K(948352K), 0.0038170 secs] [Times: user=0.01 sys=0.00, real=0.00 secs] 
2014-07-16T06:39:43.097+0000: 1962.098: [GC [PSYoungGen: 261345K->708K(254592K)] 567928K->307386K(941568K), 0.0067390 secs] [Times: user=0.04 sys=0.00, real=0.01 secs] 
2014-07-16T06:39:43.920+0000: 1962.921: [GC [PSYoungGen: 254532K->962K(248576K)] 561210K->307712K(935552K), 0.0042190 secs] [Times: user=0.02 sys=0.01, real=0.01 secs] 
2014-07-16T06:39:44.713+0000: 1963.714: [GC [PSYoungGen: 248512K->640K(242176K)] 555263K->307462K(929152K), 0.0033620 secs] [Times: user=0.02 sys=0.00, real=0.01 secs] 
2014-07-16T06:39:45.511+0000: 1964.512: [GC [PSYoungGen: 242176K->634K(236352K)] 548998K->307496K(923328K), 0.0048920 secs] [Times: user=0.01 sys=0.00, real=0.01 secs] 
2014-07-16T06:39:46.301+0000: 1965.302: [GC [PSYoungGen: 236346K->954K(231104K)] 543208K->307912K(918080K), 0.0048930 secs] [Times: user=0.03 sys=0.00, real=0.01 secs] 
2014-07-16T06:39:47.117+0000: 1966.118: [GC [PSYoungGen: 231098K->658K(225472K)] 538056K->307672K(912448K), 0.0101410 secs] [Times: user=0.07 sys=0.00, real=0.01 secs] 
2014-07-16T06:39:47.854+0000: 1966.855: [GC [PSYoungGen: 225426K->666K(220288K)] 532440K->307720K(907264K), 0.0056050 secs] [Times: user=0.02 sys=0.00, real=0.01 secs] 
2014-07-16T06:39:48.554+0000: 1967.554: [GC [PSYoungGen: 220250K->662K(215296K)] 527304K->307772K(902272K), 0.0043090 secs] [Times: user=0.02 sys=0.00, real=0.01 secs] 
2014-07-16T06:39:49.251+0000: 1968.252: [GC [PSYoungGen: 215254K->754K(210496K)] 522364K->307904K(897472K), 0.0061660 secs] [Times: user=0.01 sys=0.00, real=0.01 secs] 
2014-07-16T06:39:49.942+0000: 1968.942: [GC [PSYoungGen: 210482K->876K(205952K)] 517632K->308090K(892928K), 0.0094480 secs] [Times: user=0.06 sys=0.00, real=0.01 secs] 
2014-07-16T06:39:50.632+0000: 1969.633: [GC [PSYoungGen: 205932K->1084K(201664K)] 513146K->308514K(888640K), 0.0069250 secs] [Times: user=0.05 sys=0.00, real=0.01 secs] 
2014-07-16T06:39:51.264+0000: 1970.265: [GC [PSYoungGen: 201591K->876K(241600K)] 509021K->308338K(928576K), 0.0125840 secs] [Times: user=0.07 sys=0.00, real=0.02 secs] 
2014-07-16T06:39:52.146+0000: 1971.147: [GC [PSYoungGen: 241580K->498K(289408K)] 549042K->308190K(976384K), 0.0073470 secs] [Times: user=0.03 sys=0.00, real=0.00 secs] 
2014-07-16T06:39:53.035+0000: 1972.036: [GC [PSYoungGen: 289394K->972K(282304K)] 597086K->308736K(969280K), 0.0037240 secs] [Times: user=0.01 sys=0.00, real=0.01 secs] 
2014-07-16T06:39:53.928+0000: 1972.928: [GC [PSYoungGen: 282180K->758K(274752K)] 589945K->308594K(961728K), 0.0040900 secs] [Times: user=0.02 sys=0.00, real=0.00 secs] 
2014-07-16T06:39:54.809+0000: 1973.810: [GC [PSYoungGen: 274742K->812K(267776K)] 582578K->308696K(954752K), 0.0087400 secs] [Times: user=0.06 sys=0.00, real=0.01 secs] 
2014-07-16T06:39:55.649+0000: 1974.650: [GC [PSYoungGen: 267706K->882K(261056K)] 575590K->308846K(948032K), 0.0049540 secs] [Times: user=0.03 sys=0.00, real=0.00 secs] 
2014-07-16T06:39:56.489+0000: 1975.490: [GC [PSYoungGen: 261042K->964K(254656K)] 569006K->308968K(941632K), 0.0125400 secs] [Times: user=0.07 sys=0.00, real=0.01 secs] 
2014-07-16T06:39:57.457+0000: 1976.458: [GC [PSYoungGen: 254596K->698K(248064K)] 562600K->308886K(935040K), 0.0040200 secs] [Times: user=0.01 sys=0.00, real=0.00 secs] 
2014-07-16T06:39:58.291+0000: 1977.292: [GC [PSYoungGen: 248019K->776K(242176K)] 556207K->309020K(929152K), 0.0091820 secs] [Times: user=0.05 sys=0.01, real=0.01 secs] 
2014-07-16T06:39:59.097+0000: 1978.098: [GC [PSYoungGen: 242120K->786K(236352K)] 550364K->309160K(923328K), 0.0076290 secs] [Times: user=0.04 sys=0.00, real=0.00 secs] 
2014-07-16T06:39:59.916+0000: 1978.917: [GC [PSYoungGen: 236306K->754K(230720K)] 544680K->309224K(917696K), 0.0101640 secs] [Times: user=0.06 sys=0.00, real=0.01 secs] 
2014-07-16T06:40:00.692+0000: 1979.692: [GC [PSYoungGen: 230706K->544K(276544K)] 539176K->309054K(963520K), 0.0088180 secs] [Times: user=0.04 sys=0.01, real=0.01 secs] 
2014-07-16T06:40:01.643+0000: 1980.644: [GC [PSYoungGen: 276511K->812K(329536K)] 585022K->309378K(1016512K), 0.0107890 secs] [Times: user=0.06 sys=0.00, real=0.01 secs] 
2014-07-16T06:40:02.807+0000: 1981.808: [GC [PSYoungGen: 329132K->936K(320128K)] 637698K->309582K(1007104K), 0.0035750 secs] [Times: user=0.02 sys=0.00, real=0.00 secs] 
2014-07-16T06:40:03.886+0000: 1982.887: [GC [PSYoungGen: 320104K->804K(311232K)] 628750K->309498K(998208K), 0.0053470 secs] [Times: user=0.02 sys=0.00, real=0.01 secs] 
2014-07-16T06:40:04.887+0000: 1983.887: [GC [PSYoungGen: 311204K->684K(302656K)] 619898K->309506K(989632K), 0.0052120 secs] [Times: user=0.02 sys=0.00, real=0.01 secs] 
2014-07-16T06:40:05.876+0000: 1984.877: [GC [PSYoungGen: 302636K->630K(294464K)] 611458K->309508K(981440K), 0.0085410 secs] [Times: user=0.05 sys=0.01, real=0.01 secs] 
2014-07-16T06:40:06.946+0000: 1985.946: [GC [PSYoungGen: 294454K->994K(287040K)] 603332K->310002K(974016K), 0.0083180 secs] [Times: user=0.04 sys=0.00, real=0.01 secs] 
2014-07-16T06:40:07.893+0000: 1986.894: [GC [PSYoungGen: 287010K->548K(279104K)] 596018K->309628K(966080K), 0.0032980 secs] [Times: user=0.02 sys=0.00, real=0.00 secs] 
2014-07-16T06:40:08.863+0000: 1987.863: [GC [PSYoungGen: 279076K->884K(272192K)] 588156K->310276K(959168K), 0.0039860 secs] [Times: user=0.02 sys=0.00, real=0.00 secs] 
2014-07-16T06:40:09.821+0000: 1988.822: [GC [PSYoungGen: 272180K->1308K(265728K)] 581572K->310732K(952704K), 0.0194580 secs] [Times: user=0.11 sys=0.00, real=0.02 secs] 
2014-07-16T06:40:10.722+0000: 1989.723: [GC [PSYoungGen: 265692K->502K(258240K)] 575116K->310598K(945216K), 0.0040880 secs] [Times: user=0.02 sys=0.00, real=0.00 secs] 
2014-07-16T06:40:11.584+0000: 1990.585: [GC [PSYoungGen: 258230K->798K(252160K)] 568326K->310934K(939136K), 0.0083180 secs] [Times: user=0.04 sys=0.00, real=0.01 secs] 
2014-07-16T06:40:12.453+0000: 1991.453: [GC [PSYoungGen: 252126K->690K(245888K)] 562262K->310882K(932864K), 0.0077950 secs] [Times: user=0.03 sys=0.00, real=0.01 secs] 
2014-07-16T06:40:13.245+0000: 1992.246: [GC [PSYoungGen: 245871K->1358K(240640K)] 556063K->311598K(927616K), 0.0049120 secs] [Times: user=0.02 sys=0.00, real=0.01 secs] 
2014-07-16T06:40:14.046+0000: 1993.047: [GC [PSYoungGen: 240569K->868K(234432K)] 550810K->311252K(921408K), 0.0130100 secs] [Times: user=0.08 sys=0.00, real=0.02 secs] 
2014-07-16T06:40:14.769+0000: 1993.770: [GC [PSYoungGen: 234404K->990K(281280K)] 544788K->311438K(968256K), 0.0079660 secs] [Times: user=0.04 sys=0.00, real=0.00 secs] 
2014-07-16T06:40:15.673+0000: 1994.673: [GC [PSYoungGen: 281244K->544K(325760K)] 591692K->311114K(1012736K), 0.0094620 secs] [Times: user=0.05 sys=0.00, real=0.01 secs] 
2014-07-16T06:40:16.760+0000: 1995.761: [GC [PSYoungGen: 325088K->576K(316096K)] 635658K->311226K(1003072K), 0.0076450 secs] [Times: user=0.04 sys=0.00, real=0.00 secs] 
2014-07-16T06:40:17.901+0000: 1996.902: [GC [PSYoungGen: 316092K->998K(307904K)] 626743K->311760K(994880K), 0.0064650 secs] [Times: user=0.03 sys=0.00, real=0.00 secs] 
2014-07-16T06:40:18.979+0000: 1997.980: [GC [PSYoungGen: 307878K->562K(299136K)] 618640K->311420K(986112K), 0.0058900 secs] [Times: user=0.04 sys=0.00, real=0.01 secs] 
2014-07-16T06:40:19.966+0000: 1998.967: [GC [PSYoungGen: 299080K->754K(291328K)] 609939K->311700K(978304K), 0.0073640 secs] [Times: user=0.05 sys=0.00, real=0.01 secs] 
2014-07-16T06:40:20.933+0000: 1999.934: [GC [PSYoungGen: 291284K->986K(283904K)] 602231K->312004K(970880K), 0.0050730 secs] [Times: user=0.02 sys=0.01, real=0.00 secs] 
2014-07-16T06:40:21.875+0000: 2000.876: [GC [PSYoungGen: 283866K->672K(276224K)] 594884K->311738K(963200K), 0.0048790 secs] [Times: user=0.02 sys=0.00, real=0.00 secs] 
2014-07-16T06:40:22.799+0000: 2001.799: [GC [PSYoungGen: 276192K->416K(268864K)] 587258K->311530K(955840K), 0.0074510 secs] [Times: user=0.04 sys=0.00, real=0.01 secs] 
2014-07-16T06:40:23.655+0000: 2002.656: [GC [PSYoungGen: 268832K->644K(262336K)] 579946K->311822K(949312K), 0.0074310 secs] [Times: user=0.05 sys=0.00, real=0.01 secs] 
2014-07-16T06:40:24.525+0000: 2003.526: [GC [PSYoungGen: 262276K->726K(255872K)] 573454K->311960K(942848K), 0.0080440 secs] [Times: user=0.05 sys=0.00, real=0.01 secs] 
2014-07-16T06:40:25.346+0000: 2004.347: [GC [PSYoungGen: 255800K->780K(249600K)] 567035K->312078K(936576K), 0.0070100 secs] [Times: user=0.05 sys=0.00, real=0.01 secs] 
2014-07-16T06:40:26.183+0000: 2005.184: [GC [PSYoungGen: 249548K->1040K(243776K)] 560846K->312410K(930752K), 0.0088290 secs] [Times: user=0.06 sys=0.00, real=0.01 secs] 
2014-07-16T06:40:26.970+0000: 2005.971: [GC [PSYoungGen: 243728K->812K(237696K)] 555098K->312238K(924672K), 0.0087430 secs] [Times: user=0.05 sys=0.00, real=0.01 secs] 
2014-07-16T06:40:27.866+0000: 2006.867: [GC [PSYoungGen: 237676K->1022K(232256K)] 549102K->312544K(919232K), 0.0076450 secs] [Times: user=0.05 sys=0.00, real=0.01 secs] 
2014-07-16T06:40:28.624+0000: 2007.625: [GC [PSYoungGen: 232173K->868K(226688K)] 543696K->312470K(913664K), 0.0085510 secs] [Times: user=0.05 sys=0.00, real=0.01 secs] 
2014-07-16T06:40:29.418+0000: 2008.418: [GC [PSYoungGen: 226660K->1318K(221888K)] 538262K->313112K(908864K), 0.0091240 secs] [Times: user=0.05 sys=0.01, real=0.01 secs] 
2014-07-16T06:40:30.133+0000: 2009.134: [GC [PSYoungGen: 221862K->502K(216000K)] 533656K->312952K(902976K), 0.0073020 secs] [Times: user=0.04 sys=0.00, real=0.00 secs] 
2014-07-16T06:40:30.870+0000: 2009.871: [GC [PSYoungGen: 215990K->972K(259648K)] 528440K->313470K(946624K), 0.0100680 secs] [Times: user=0.05 sys=0.00, real=0.01 secs] 
2014-07-16T06:40:31.773+0000: 2010.774: [GC [PSYoungGen: 259559K->1000K(311424K)] 572058K->313612K(998400K), 0.0096150 secs] [Times: user=0.03 sys=0.01, real=0.01 secs] 
2014-07-16T06:40:32.841+0000: 2011.842: [GC [PSYoungGen: 311400K->830K(302784K)] 624012K->313506K(989760K), 0.0068490 secs] [Times: user=0.04 sys=0.00, real=0.01 secs] 
2014-07-16T06:40:33.848+0000: 2012.849: [GC [PSYoungGen: 302782K->694K(294528K)] 615458K->313402K(981504K), 0.0050590 secs] [Times: user=0.02 sys=0.00, real=0.01 secs] 
2014-07-16T06:40:34.795+0000: 2013.795: [GC [PSYoungGen: 294518K->1036K(287104K)] 607226K->313784K(974080K), 0.0137350 secs] [Times: user=0.07 sys=0.00, real=0.01 secs] 
2014-07-16T06:40:35.701+0000: 2014.702: [GC [PSYoungGen: 287052K->466K(313728K)] 599800K->313254K(1000704K), 0.0159730 secs] [Times: user=0.09 sys=0.00, real=0.02 secs] 
2014-07-16T06:40:36.726+0000: 2015.726: [GC [PSYoungGen: 312978K->826K(304832K)] 625766K->313678K(991808K), 0.0046890 secs] [Times: user=0.02 sys=0.00, real=0.00 secs] 
2014-07-16T06:40:37.815+0000: 2016.816: [GC [PSYoungGen: 304826K->702K(296512K)] 617678K->313650K(983488K), 0.0094750 secs] [Times: user=0.05 sys=0.00, real=0.01 secs] 
2014-07-16T06:40:38.751+0000: 2017.751: [GC [PSYoungGen: 296510K->658K(288640K)] 609458K->313686K(975616K), 0.0066840 secs] [Times: user=0.04 sys=0.00, real=0.01 secs] 
2014-07-16T06:40:39.703+0000: 2018.704: [GC [PSYoungGen: 288594K->880K(281280K)] 601622K->313972K(968256K), 0.0077050 secs] [Times: user=0.04 sys=0.00, real=0.01 secs] 
2014-07-16T06:40:40.654+0000: 2019.655: [GC [PSYoungGen: 281264K->996K(274112K)] 594356K->314168K(961088K), 0.0040900 secs] [Times: user=0.02 sys=0.00, real=0.00 secs] 
2014-07-16T06:40:41.559+0000: 2020.560: [GC [PSYoungGen: 274014K->804K(266944K)] 587186K->314190K(953920K), 0.0060130 secs] [Times: user=0.02 sys=0.00, real=0.01 secs] 
2014-07-16T06:40:42.607+0000: 2021.608: [GC [PSYoungGen: 266916K->918K(260352K)] 580302K->314352K(947328K), 0.0095610 secs] [Times: user=0.05 sys=0.00, real=0.01 secs] 
2014-07-16T06:40:43.453+0000: 2022.454: [GC [PSYoungGen: 260301K->644K(253632K)] 573736K->314142K(940608K), 0.0076680 secs] [Times: user=0.02 sys=0.00, real=0.00 secs] 
2014-07-16T06:40:44.318+0000: 2023.319: [GC [PSYoungGen: 253572K->658K(247424K)] 567070K->314212K(934400K), 0.0116740 secs] [Times: user=0.06 sys=0.01, real=0.01 secs] 
2014-07-16T06:40:45.152+0000: 2024.153: [GC [PSYoungGen: 247339K->694K(296768K)] 560893K->314296K(983744K), 0.0139530 secs] [Times: user=0.07 sys=0.00, real=0.02 secs] 
2014-07-16T06:40:46.124+0000: 2025.124: [GC [PSYoungGen: 296758K->908K(289152K)] 610360K->314550K(976128K), 0.0046320 secs] [Times: user=0.01 sys=0.00, real=0.01 secs] 
2014-07-16T06:40:47.104+0000: 2026.105: [GC [PSYoungGen: 289072K->918K(281600K)] 602715K->314656K(968576K), 0.0068240 secs] [Times: user=0.03 sys=0.00, real=0.00 secs] 
2014-07-16T06:40:48.153+0000: 2027.154: [GC [PSYoungGen: 281558K->1268K(274624K)] 595296K->315102K(961600K), 0.0100230 secs] [Times: user=0.05 sys=0.00, real=0.01 secs] 
2014-07-16T06:40:49.054+0000: 2028.055: [GC [PSYoungGen: 274612K->370K(266752K)] 588446K->314380K(953728K), 0.0044320 secs] [Times: user=0.01 sys=0.00, real=0.00 secs] 
2014-07-16T06:40:49.940+0000: 2028.941: [GC [PSYoungGen: 266737K->1376K(261056K)] 580748K->315849K(948032K), 0.0048890 secs] [Times: user=0.03 sys=0.00, real=0.01 secs] 
2014-07-16T06:40:50.816+0000: 2029.817: [GC [PSYoungGen: 261024K->694K(253888K)] 575497K->315372K(940864K), 0.0088440 secs] [Times: user=0.05 sys=0.00, real=0.01 secs] 
2014-07-16T06:40:51.659+0000: 2030.660: [GC [PSYoungGen: 253878K->722K(247680K)] 568556K->315594K(934656K), 0.0052620 secs] [Times: user=0.03 sys=0.00, real=0.00 secs] 
2014-07-16T06:40:52.661+0000: 2031.662: [GC [PSYoungGen: 247612K->1568K(242496K)] 562485K->316521K(929472K), 0.0062250 secs] [Times: user=0.04 sys=0.00, real=0.01 secs] 
2014-07-16T06:40:53.439+0000: 2032.440: [GC [PSYoungGen: 242464K->826K(235968K)] 557417K->315850K(922944K), 0.0069060 secs] [Times: user=0.03 sys=0.00, real=0.01 secs] 
2014-07-16T06:40:54.240+0000: 2033.241: [GC [PSYoungGen: 235937K->1312K(230912K)] 550962K->316425K(917888K), 0.0075550 secs] [Times: user=0.05 sys=0.00, real=0.01 secs] 
2014-07-16T06:40:54.976+0000: 2033.977: [GC [PSYoungGen: 230880K->908K(225152K)] 545993K->316092K(912128K), 0.0053260 secs] [Times: user=0.03 sys=0.01, real=0.00 secs] 
2014-07-16T06:40:55.700+0000: 2034.701: [GC [PSYoungGen: 225100K->512K(219520K)] 540284K->315768K(906496K), 0.0097030 secs] [Times: user=0.05 sys=0.00, real=0.01 secs] 
2014-07-16T06:40:56.464+0000: 2035.465: [GC [PSYoungGen: 219496K->598K(214656K)] 534753K->315886K(901632K), 0.0053250 secs] [Times: user=0.03 sys=0.00, real=0.01 secs] 
2014-07-16T06:40:57.154+0000: 2036.154: [GC [PSYoungGen: 214614K->644K(209920K)] 529902K->315996K(896896K), 0.0048620 secs] [Times: user=0.01 sys=0.00, real=0.01 secs] 
2014-07-16T06:40:57.929+0000: 2036.929: [GC [PSYoungGen: 209836K->744K(205312K)] 525189K->316152K(892288K), 0.0070840 secs] [Times: user=0.05 sys=0.00, real=0.01 secs] 
2014-07-16T06:40:58.611+0000: 2037.611: [GC [PSYoungGen: 205285K->1336K(201408K)] 520694K->316849K(888384K), 0.0068410 secs] [Times: user=0.04 sys=0.00, real=0.01 secs] 
2014-07-16T06:40:59.254+0000: 2038.254: [GC [PSYoungGen: 201352K->434K(196160K)] 516865K->315994K(883136K), 0.0080920 secs] [Times: user=0.03 sys=0.00, real=0.01 secs] 
2014-07-16T06:40:59.919+0000: 2038.919: [GC [PSYoungGen: 196134K->876K(192448K)] 511695K->316500K(879424K), 0.0074860 secs] [Times: user=0.04 sys=0.01, real=0.01 secs] 
2014-07-16T06:41:00.583+0000: 2039.584: [GC [PSYoungGen: 192428K->850K(230784K)] 508052K->316546K(917760K), 0.0085510 secs] [Times: user=0.05 sys=0.00, real=0.01 secs] 
2014-07-16T06:41:01.360+0000: 2040.361: [GC [PSYoungGen: 230738K->844K(276800K)] 546434K->316588K(963776K), 0.0085110 secs] [Times: user=0.05 sys=0.00, real=0.01 secs] 
2014-07-16T06:41:02.336+0000: 2041.336: [GC [PSYoungGen: 276703K->512K(269312K)] 592448K->316336K(956288K), 0.0059470 secs] [Times: user=0.04 sys=0.00, real=0.01 secs] 
2014-07-16T06:41:03.341+0000: 2042.342: [GC [PSYoungGen: 269312K->776K(262784K)] 585136K->316664K(949760K), 0.0090670 secs] [Times: user=0.05 sys=0.00, real=0.01 secs] 
2014-07-16T06:41:04.193+0000: 2043.194: [GC [PSYoungGen: 262712K->1050K(256448K)] 578601K->317002K(943424K), 0.0093610 secs] [Times: user=0.06 sys=0.00, real=0.01 secs] 
2014-07-16T06:41:05.000+0000: 2044.001: [GC [PSYoungGen: 256410K->498K(249536K)] 572362K->316514K(936512K), 0.0045390 secs] [Times: user=0.02 sys=0.00, real=0.00 secs] 
2014-07-16T06:41:05.795+0000: 2044.795: [GC [PSYoungGen: 249522K->466K(292544K)] 565538K->316506K(979520K), 0.0134200 secs] [Times: user=0.08 sys=0.00, real=0.02 secs] 
2014-07-16T06:41:06.746+0000: 2045.747: [GC [PSYoungGen: 291517K->616K(284032K)] 607558K->316704K(971008K), 0.0058860 secs] [Times: user=0.02 sys=0.00, real=0.01 secs] 
2014-07-16T06:41:07.639+0000: 2046.639: [GC [PSYoungGen: 284008K->548K(276608K)] 600096K->316684K(963584K), 0.0087220 secs] [Times: user=0.06 sys=0.00, real=0.01 secs] 
2014-07-16T06:41:08.625+0000: 2047.625: [GC [PSYoungGen: 276580K->722K(269696K)] 592716K->316938K(956672K), 0.0043900 secs] [Times: user=0.02 sys=0.00, real=0.01 secs] 
2014-07-16T06:41:09.491+0000: 2048.491: [GC [PSYoungGen: 269650K->640K(262720K)] 585866K->316936K(949696K), 0.0040480 secs] [Times: user=0.02 sys=0.00, real=0.00 secs] 
2014-07-16T06:41:10.372+0000: 2049.372: [GC [PSYoungGen: 262720K->876K(256384K)] 579016K->317244K(943360K), 0.0057340 secs] [Times: user=0.03 sys=0.00, real=0.01 secs] 
2014-07-16T06:41:11.227+0000: 2050.228: [GC [PSYoungGen: 256364K->1300K(250496K)] 572732K->317801K(937472K), 0.0139660 secs] [Times: user=0.08 sys=0.00, real=0.02 secs] 
2014-07-16T06:41:12.082+0000: 2051.082: [GC [PSYoungGen: 250452K->510K(243584K)] 566953K->317950K(930560K), 0.0103680 secs] [Times: user=0.06 sys=0.00, real=0.01 secs] 
2014-07-16T06:41:12.995+0000: 2051.996: [GC [PSYoungGen: 243582K->1314K(293056K)] 561022K->318778K(980032K), 0.0128190 secs] [Times: user=0.08 sys=0.00, real=0.02 secs] 
2014-07-16T06:41:13.871+0000: 2052.872: [GC [PSYoungGen: 293026K->658K(284736K)] 610490K->318576K(971712K), 0.0043300 secs] [Times: user=0.02 sys=0.00, real=0.00 secs] 
2014-07-16T06:41:14.795+0000: 2053.796: [GC [PSYoungGen: 284648K->926K(277568K)] 602566K->318900K(964544K), 0.0109090 secs] [Times: user=0.06 sys=0.00, real=0.01 secs] 
2014-07-16T06:41:15.679+0000: 2054.680: [GC [PSYoungGen: 277534K->562K(270080K)] 595508K->318632K(957056K), 0.0070430 secs] [Times: user=0.04 sys=0.00, real=0.00 secs] 
2014-07-16T06:41:16.547+0000: 2055.548: [GC [PSYoungGen: 270066K->872K(263552K)] 588136K->319030K(950528K), 0.0063260 secs] [Times: user=0.04 sys=0.00, real=0.01 secs] 
2014-07-16T06:41:17.369+0000: 2056.370: [GC [PSYoungGen: 263527K->844K(256960K)] 581686K->319074K(943936K), 0.0104630 secs] [Times: user=0.06 sys=0.00, real=0.01 secs] 
2014-07-16T06:41:18.304+0000: 2057.305: [GC [PSYoungGen: 256891K->1044K(250816K)] 575121K->319314K(937792K), 0.0078640 secs] [Times: user=0.04 sys=0.00, real=0.01 secs] 
2014-07-16T06:41:19.190+0000: 2058.190: [GC [PSYoungGen: 250772K->954K(244544K)] 569042K->319288K(931520K), 0.0034660 secs] [Times: user=0.02 sys=0.00, real=0.00 secs] 
2014-07-16T06:41:19.990+0000: 2058.991: [GC [PSYoungGen: 244538K->826K(238528K)] 562872K->319216K(925504K), 0.0074140 secs] [Times: user=0.02 sys=0.00, real=0.00 secs] 
2014-07-16T06:41:20.839+0000: 2059.840: [GC [PSYoungGen: 238522K->1200K(233216K)] 556912K->319654K(920192K), 0.0041550 secs] [Times: user=0.02 sys=0.00, real=0.00 secs] 
2014-07-16T06:41:21.617+0000: 2060.618: [GC [PSYoungGen: 233200K->794K(227392K)] 551654K->319296K(914368K), 0.0080400 secs] [Times: user=0.05 sys=0.00, real=0.01 secs] 
2014-07-16T06:41:22.336+0000: 2061.337: [GC [PSYoungGen: 227354K->864K(222208K)] 545856K->319438K(909184K), 0.0038100 secs] [Times: user=0.02 sys=0.00, real=0.01 secs] 
2014-07-16T06:41:23.176+0000: 2062.177: [GC [PSYoungGen: 222176K->1074K(217344K)] 540750K->319712K(904320K), 0.0093900 secs] [Times: user=0.05 sys=0.00, real=0.01 secs] 
2014-07-16T06:41:23.818+0000: 2062.819: [GC [PSYoungGen: 217253K->726K(212096K)] 535891K->319436K(899072K), 0.0089940 secs] [Times: user=0.05 sys=0.00, real=0.01 secs] 
2014-07-16T06:41:24.492+0000: 2063.493: [GC [PSYoungGen: 212054K->612K(254272K)] 530764K->319378K(941248K), 0.0084970 secs] [Times: user=0.05 sys=0.00, real=0.01 secs] 
2014-07-16T06:41:25.331+0000: 2064.331: [GC [PSYoungGen: 254244K->612K(248000K)] 573010K->319442K(934976K), 0.0060820 secs] [Times: user=0.04 sys=0.00, real=0.00 secs] 
2014-07-16T06:41:26.137+0000: 2065.138: [GC [PSYoungGen: 247910K->1218K(286656K)] 566741K->320104K(973632K), 0.0142750 secs] [Times: user=0.08 sys=0.00, real=0.02 secs] 
2014-07-16T06:41:27.054+0000: 2066.054: [GC [PSYoungGen: 286466K->922K(278720K)] 605352K->319872K(965696K), 0.0038850 secs] [Times: user=0.02 sys=0.01, real=0.00 secs] 
2014-07-16T06:41:27.913+0000: 2066.914: [GC [PSYoungGen: 278681K->480K(271104K)] 597631K->319494K(958080K), 0.0083650 secs] [Times: user=0.04 sys=0.00, real=0.01 secs] 
2014-07-16T06:41:28.874+0000: 2067.874: [GC [PSYoungGen: 271072K->722K(264448K)] 590086K->319816K(951424K), 0.0061540 secs] [Times: user=0.02 sys=0.00, real=0.00 secs] 
2014-07-16T06:41:29.712+0000: 2068.713: [GC [PSYoungGen: 264402K->666K(257728K)] 583496K->319808K(944704K), 0.0117720 secs] [Times: user=0.06 sys=0.00, real=0.01 secs] 
2014-07-16T06:41:30.558+0000: 2069.559: [GC [PSYoungGen: 257656K->712K(251392K)] 576798K->319918K(938368K), 0.0080190 secs] [Times: user=0.05 sys=0.01, real=0.01 secs] 
2014-07-16T06:41:31.410+0000: 2070.411: [GC [PSYoungGen: 251336K->804K(245312K)] 570542K->320074K(932288K), 0.0039800 secs] [Times: user=0.02 sys=0.00, real=0.01 secs] 
2014-07-16T06:41:32.213+0000: 2071.214: [GC [PSYoungGen: 245284K->762K(239360K)] 564554K->320080K(926336K), 0.0079960 secs] [Times: user=0.05 sys=0.00, real=0.01 secs] 
2014-07-16T06:41:33.026+0000: 2072.027: [GC [PSYoungGen: 239354K->940K(233856K)] 558672K->320322K(920832K), 0.0037260 secs] [Times: user=0.01 sys=0.00, real=0.00 secs] 
2014-07-16T06:41:33.872+0000: 2072.872: [GC [PSYoungGen: 233836K->644K(228096K)] 553218K->320074K(915072K), 0.0063470 secs] [Times: user=0.04 sys=0.00, real=0.00 secs] 
2014-07-16T06:41:34.619+0000: 2073.619: [GC [PSYoungGen: 228008K->932K(223040K)] 547439K->320418K(910016K), 0.0090420 secs] [Times: user=0.06 sys=0.01, real=0.01 secs] 
2014-07-16T06:41:35.334+0000: 2074.335: [GC [PSYoungGen: 223012K->594K(217600K)] 542498K->320144K(904576K), 0.0040950 secs] [Times: user=0.02 sys=0.00, real=0.00 secs] 
2014-07-16T06:41:36.023+0000: 2075.024: [GC [PSYoungGen: 217554K->736K(212800K)] 537104K->320358K(899776K), 0.0074080 secs] [Times: user=0.04 sys=0.00, real=0.00 secs] 
2014-07-16T06:41:36.698+0000: 2075.698: [GC [PSYoungGen: 212699K->1212K(208512K)] 532321K->320898K(895488K), 0.0033040 secs] [Times: user=0.02 sys=0.00, real=0.01 secs] 
2014-07-16T06:41:37.380+0000: 2076.381: [GC [PSYoungGen: 208485K->822K(203520K)] 528172K->320588K(890496K), 0.0067950 secs] [Times: user=0.03 sys=0.01, real=0.01 secs] 
2014-07-16T06:41:38.055+0000: 2077.055: [GC [PSYoungGen: 203510K->694K(198976K)] 523276K->320688K(885952K), 0.0052690 secs] [Times: user=0.03 sys=0.00, real=0.00 secs] 
2014-07-16T06:41:38.797+0000: 2077.798: [GC [PSYoungGen: 198966K->954K(194944K)] 518960K->321020K(881920K), 0.0061130 secs] [Times: user=0.04 sys=0.00, real=0.01 secs] 
2014-07-16T06:41:39.422+0000: 2078.423: [GC [PSYoungGen: 194938K->562K(233408K)] 515004K->320676K(920384K), 0.0122540 secs] [Times: user=0.08 sys=0.00, real=0.02 secs] 
2014-07-16T06:41:40.216+0000: 2079.217: [GC [PSYoungGen: 233394K->1332K(228672K)] 553508K->321550K(915648K), 0.0048910 secs] [Times: user=0.03 sys=0.00, real=0.00 secs] 
2014-07-16T06:41:40.973+0000: 2079.973: [GC [PSYoungGen: 228660K->826K(222848K)] 548878K->321092K(909824K), 0.0078260 secs] [Times: user=0.05 sys=0.00, real=0.00 secs] 
2014-07-16T06:41:41.785+0000: 2080.785: [GC [PSYoungGen: 222842K->958K(217856K)] 543108K->321304K(904832K), 0.0061260 secs] [Times: user=0.04 sys=0.00, real=0.00 secs] 
2014-07-16T06:41:42.531+0000: 2081.531: [GC [PSYoungGen: 217840K->1076K(213056K)] 538186K->321486K(900032K), 0.0054380 secs] [Times: user=0.03 sys=0.00, real=0.01 secs] 
2014-07-16T06:41:43.274+0000: 2082.275: [GC [PSYoungGen: 213044K->754K(208000K)] 533454K->321228K(894976K), 0.0043170 secs] [Times: user=0.02 sys=0.01, real=0.00 secs] 
2014-07-16T06:41:43.978+0000: 2082.979: [GC [PSYoungGen: 207986K->708K(203392K)] 528460K->321238K(890368K), 0.0102620 secs] [Times: user=0.07 sys=0.00, real=0.01 secs] 
2014-07-16T06:41:44.598+0000: 2083.598: [GC [PSYoungGen: 203332K->626K(243840K)] 523862K->321212K(930816K), 0.0110280 secs] [Times: user=0.07 sys=0.00, real=0.01 secs] 
2014-07-16T06:41:45.384+0000: 2084.385: [GC [PSYoungGen: 243826K->768K(238080K)] 564412K->321442K(925056K), 0.0038850 secs] [Times: user=0.03 sys=0.00, real=0.00 secs] 
2014-07-16T06:41:46.112+0000: 2085.112: [GC [PSYoungGen: 238052K->1222K(232960K)] 558727K->321936K(919936K), 0.0069540 secs] [Times: user=0.02 sys=0.00, real=0.01 secs] 
2014-07-16T06:41:46.841+0000: 2085.841: [GC [PSYoungGen: 232902K->676K(226944K)] 553616K->321694K(913920K), 0.0040130 secs] [Times: user=0.02 sys=0.00, real=0.01 secs] 
2014-07-16T06:41:47.545+0000: 2086.546: [GC [PSYoungGen: 226916K->634K(221632K)] 547934K->321708K(908608K), 0.0087810 secs] [Times: user=0.05 sys=0.00, real=0.01 secs] 
2014-07-16T06:41:48.306+0000: 2087.307: [GC [PSYoungGen: 221591K->754K(265984K)] 542665K->321884K(952960K), 0.0107430 secs] [Times: user=0.06 sys=0.00, real=0.01 secs] 
2014-07-16T06:41:49.320+0000: 2088.321: [GC [PSYoungGen: 265970K->680K(259200K)] 587100K->321882K(946176K), 0.0053760 secs] [Times: user=0.03 sys=0.00, real=0.01 secs] 
2014-07-16T06:41:50.189+0000: 2089.190: [GC [PSYoungGen: 259174K->990K(253056K)] 580377K->322256K(940032K), 0.0063160 secs] [Times: user=0.02 sys=0.00, real=0.01 secs] 
2014-07-16T06:41:51.100+0000: 2090.100: [GC [PSYoungGen: 253022K->1220K(247104K)] 574288K->322558K(934080K), 0.0043390 secs] [Times: user=0.02 sys=0.00, real=0.01 secs] 
2014-07-16T06:41:51.905+0000: 2090.905: [GC [PSYoungGen: 247044K->420K(240320K)] 568382K->321944K(927296K), 0.0070540 secs] [Times: user=0.04 sys=0.00, real=0.00 secs] 
2014-07-16T06:41:52.718+0000: 2091.718: [GC [PSYoungGen: 240292K->1154K(235328K)] 561816K->322774K(922304K), 0.0044540 secs] [Times: user=0.03 sys=0.00, real=0.00 secs] 
2014-07-16T06:41:53.497+0000: 2092.498: [GC [PSYoungGen: 235221K->758K(229312K)] 556842K->322466K(916288K), 0.0063130 secs] [Times: user=0.04 sys=0.00, real=0.00 secs] 
2014-07-16T06:41:54.297+0000: 2093.297: [GC [PSYoungGen: 229302K->562K(223808K)] 551010K->322358K(910784K), 0.0061300 secs] [Times: user=0.04 sys=0.00, real=0.00 secs] 
2014-07-16T06:41:54.995+0000: 2093.995: [GC [PSYoungGen: 223794K->548K(218688K)] 545590K->322408K(905664K), 0.0049720 secs] [Times: user=0.02 sys=0.00, real=0.00 secs] 
2014-07-16T06:41:55.705+0000: 2094.705: [GC [PSYoungGen: 218625K->1022K(214144K)] 540485K->322938K(901120K), 0.0083330 secs] [Times: user=0.05 sys=0.00, real=0.00 secs] 
2014-07-16T06:41:56.375+0000: 2095.375: [GC [PSYoungGen: 214142K->658K(209024K)] 536058K->322614K(896000K), 0.0068140 secs] [Times: user=0.03 sys=0.00, real=0.00 secs] 
2014-07-16T06:41:57.086+0000: 2096.087: [GC [PSYoungGen: 208978K->1132K(204864K)] 530934K->323176K(891840K), 0.0077370 secs] [Times: user=0.05 sys=0.00, real=0.01 secs] 
2014-07-16T06:41:57.729+0000: 2096.730: [GC [PSYoungGen: 204844K->676K(199936K)] 526888K->322808K(886912K), 0.0046160 secs] [Times: user=0.03 sys=0.00, real=0.00 secs] 
2014-07-16T06:41:58.372+0000: 2097.372: [GC [PSYoungGen: 199908K->576K(239680K)] 522040K->322796K(926656K), 0.0096140 secs] [Times: user=0.07 sys=0.00, real=0.01 secs] 
2014-07-16T06:41:59.292+0000: 2098.292: [GC [PSYoungGen: 239680K->922K(234368K)] 561900K->323214K(921344K), 0.0060430 secs] [Times: user=0.04 sys=0.00, real=0.01 secs] 
2014-07-16T06:42:00.067+0000: 2099.067: [GC [PSYoungGen: 234330K->1210K(229120K)] 556622K->323598K(916096K), 0.0047170 secs] [Times: user=0.03 sys=0.00, real=0.00 secs] 
2014-07-16T06:42:00.834+0000: 2099.834: [GC [PSYoungGen: 229114K->684K(223296K)] 551502K->323516K(910272K), 0.0096010 secs] [Times: user=0.06 sys=0.00, real=0.01 secs] 
2014-07-16T06:42:01.562+0000: 2100.563: [GC [PSYoungGen: 223276K->690K(218176K)] 546108K->323594K(905152K), 0.0065490 secs] [Times: user=0.04 sys=0.00, real=0.01 secs] 
2014-07-16T06:42:02.309+0000: 2101.310: [GC [PSYoungGen: 218162K->794K(213376K)] 541066K->323828K(900352K), 0.0053110 secs] [Times: user=0.02 sys=0.00, real=0.00 secs] 
2014-07-16T06:42:03.082+0000: 2102.083: [GC [PSYoungGen: 213338K->826K(208576K)] 536372K->323924K(895552K), 0.0056750 secs] [Times: user=0.03 sys=0.00, real=0.01 secs] 
2014-07-16T06:42:03.887+0000: 2102.888: [GC [PSYoungGen: 208570K->726K(203904K)] 531668K->323880K(890880K), 0.0070610 secs] [Times: user=0.04 sys=0.00, real=0.00 secs] 
2014-07-16T06:42:04.483+0000: 2103.484: [GC [PSYoungGen: 203855K->1390K(245184K)] 527009K->324942K(932160K), 0.0097160 secs] [Times: user=0.06 sys=0.01, real=0.01 secs] 
2014-07-16T06:42:05.261+0000: 2104.262: [GC [PSYoungGen: 245166K->498K(238400K)] 568718K->324090K(925376K), 0.0043870 secs] [Times: user=0.02 sys=0.00, real=0.00 secs] 
2014-07-16T06:42:06.022+0000: 2105.023: [GC [PSYoungGen: 238323K->794K(233024K)] 561915K->324434K(920000K), 0.0096190 secs] [Times: user=0.05 sys=0.00, real=0.01 secs] 
2014-07-16T06:42:06.792+0000: 2105.793: [GC [PSYoungGen: 232986K->754K(227520K)] 556626K->324466K(914496K), 0.0050080 secs] [Times: user=0.02 sys=0.00, real=0.01 secs] 
2014-07-16T06:42:07.497+0000: 2106.497: [GC [PSYoungGen: 227506K->708K(222272K)] 551218K->324492K(909248K), 0.0047400 secs] [Times: user=0.03 sys=0.00, real=0.00 secs] 
2014-07-16T06:42:08.190+0000: 2107.190: [GC [PSYoungGen: 222212K->658K(217152K)] 545996K->324498K(904128K), 0.0100650 secs] [Times: user=0.05 sys=0.00, real=0.01 secs] 
2014-07-16T06:42:09.033+0000: 2108.034: [GC [PSYoungGen: 217083K->990K(212544K)] 540923K->324862K(899520K), 0.0061750 secs] [Times: user=0.02 sys=0.00, real=0.01 secs] 
2014-07-16T06:42:09.682+0000: 2108.683: [GC [PSYoungGen: 212484K->1190K(208000K)] 536356K->325110K(894976K), 0.0066970 secs] [Times: user=0.03 sys=0.00, real=0.01 secs] 
2014-07-16T06:42:10.338+0000: 2109.338: [GC [PSYoungGen: 207974K->818K(249024K)] 531894K->324818K(936000K), 0.0124960 secs] [Times: user=0.07 sys=0.00, real=0.01 secs] 
2014-07-16T06:42:11.167+0000: 2110.168: [GC [PSYoungGen: 249010K->698K(266240K)] 573010K->324754K(953216K), 0.0048470 secs] [Times: user=0.02 sys=0.00, real=0.00 secs] 
2014-07-16T06:42:12.065+0000: 2111.066: [GC [PSYoungGen: 265850K->890K(266624K)] 589906K->324994K(953600K), 0.0156200 secs] [Times: user=0.08 sys=0.00, real=0.02 secs] 
2014-07-16T06:42:12.977+0000: 2111.978: [GC [PSYoungGen: 266042K->736K(319616K)] 590146K->324904K(1006592K), 0.0064240 secs] [Times: user=0.02 sys=0.01, real=0.00 secs] 
2014-07-16T06:42:14.106+0000: 2113.107: [GC [PSYoungGen: 318944K->1060K(310528K)] 643112K->325308K(997504K), 0.0041230 secs] [Times: user=0.02 sys=0.00, real=0.01 secs] 
2014-07-16T06:42:15.148+0000: 2114.149: [GC [PSYoungGen: 310500K->360K(301440K)] 634748K->325030K(988416K), 0.0075710 secs] [Times: user=0.04 sys=0.00, real=0.00 secs] 
2014-07-16T06:42:16.155+0000: 2115.155: [GC [PSYoungGen: 301327K->1380K(294400K)] 625997K->326322K(981376K), 0.0108080 secs] [Times: user=0.06 sys=0.00, real=0.01 secs] 
2014-07-16T06:42:17.146+0000: 2116.147: [GC [PSYoungGen: 294372K->1076K(286336K)] 619314K->326670K(973312K), 0.0057470 secs] [Times: user=0.04 sys=0.00, real=0.01 secs] 
2014-07-16T06:42:18.066+0000: 2117.066: [GC [PSYoungGen: 286324K->754K(278528K)] 611918K->326420K(965504K), 0.0098690 secs] [Times: user=0.06 sys=0.00, real=0.01 secs] 
2014-07-16T06:42:19.082+0000: 2118.083: [GC [PSYoungGen: 278514K->832K(271424K)] 604180K->326578K(958400K), 0.0094690 secs] [Times: user=0.06 sys=0.00, real=0.01 secs] 
2014-07-16T06:42:20.003+0000: 2119.003: [GC [PSYoungGen: 271424K->658K(264384K)] 597170K->326492K(951360K), 0.0039960 secs] [Times: user=0.02 sys=0.00, real=0.00 secs] 
2014-07-16T06:42:20.899+0000: 2119.899: [GC [PSYoungGen: 264338K->594K(257664K)] 590172K->326484K(944640K), 0.0039460 secs] [Times: user=0.02 sys=0.00, real=0.00 secs] 
2014-07-16T06:42:21.741+0000: 2120.741: [GC [PSYoungGen: 257618K->908K(251584K)] 583508K->326870K(938560K), 0.0039660 secs] [Times: user=0.02 sys=0.00, real=0.00 secs] 
2014-07-16T06:42:22.599+0000: 2121.599: [GC [PSYoungGen: 251531K->498K(244992K)] 577493K->326484K(931968K), 0.0074340 secs] [Times: user=0.02 sys=0.00, real=0.00 secs] 
2014-07-16T06:42:23.424+0000: 2122.425: [GC [PSYoungGen: 244978K->758K(239360K)] 570964K->326824K(926336K), 0.0067440 secs] [Times: user=0.03 sys=0.00, real=0.01 secs] 
2014-07-16T06:42:24.402+0000: 2123.403: [GC [PSYoungGen: 239350K->826K(233728K)] 565416K->326940K(920704K), 0.0073830 secs] [Times: user=0.05 sys=0.00, real=0.01 secs] 
2014-07-16T06:42:25.133+0000: 2124.133: [GC [PSYoungGen: 233722K->862K(228288K)] 559836K->327032K(915264K), 0.0055960 secs] [Times: user=0.03 sys=0.00, real=0.00 secs] 
2014-07-16T06:42:25.848+0000: 2124.849: [GC [PSYoungGen: 228254K->1240K(223360K)] 554424K->327474K(910336K), 0.0045690 secs] [Times: user=0.02 sys=0.00, real=0.01 secs] 
2014-07-16T06:42:26.552+0000: 2125.553: [GC [PSYoungGen: 223320K->466K(217472K)] 549554K->326764K(904448K), 0.0061270 secs] [Times: user=0.04 sys=0.00, real=0.00 secs] 
2014-07-16T06:42:27.237+0000: 2126.238: [GC [PSYoungGen: 217426K->484K(212544K)] 543724K->326830K(899520K), 0.0075550 secs] [Times: user=0.04 sys=0.00, real=0.01 secs] 
2014-07-16T06:42:27.907+0000: 2126.908: [GC [PSYoungGen: 212476K->762K(208064K)] 538822K->327180K(895040K), 0.0069220 secs] [Times: user=0.05 sys=0.00, real=0.01 secs] 
2014-07-16T06:42:28.573+0000: 2127.574: [GC [PSYoungGen: 208044K->708K(203456K)] 534463K->327214K(890432K), 0.0063300 secs] [Times: user=0.04 sys=0.00, real=0.01 secs] 
2014-07-16T06:42:29.344+0000: 2128.345: [GC [PSYoungGen: 203340K->1126K(244416K)] 529846K->327680K(931392K), 0.0145330 secs] [Times: user=0.07 sys=0.00, real=0.01 secs] 
2014-07-16T06:42:30.154+0000: 2129.155: [GC [PSYoungGen: 244390K->768K(292736K)] 570944K->327410K(979712K), 0.0064680 secs] [Times: user=0.04 sys=0.00, real=0.01 secs] 
2014-07-16T06:42:31.138+0000: 2130.138: [GC [PSYoungGen: 292736K->882K(305984K)] 619378K->327612K(992960K), 0.0103520 secs] [Times: user=0.07 sys=0.00, real=0.01 secs] 
2014-07-16T06:42:32.180+0000: 2131.181: [GC [PSYoungGen: 305394K->936K(297280K)] 632124K->327746K(984256K), 0.0035340 secs] [Times: user=0.02 sys=0.01, real=0.00 secs] 
2014-07-16T06:42:33.149+0000: 2132.150: [GC [PSYoungGen: 297256K->658K(289152K)] 624066K->327524K(976128K), 0.0056560 secs] [Times: user=0.02 sys=0.00, real=0.01 secs] 
2014-07-16T06:42:34.118+0000: 2133.118: [GC [PSYoungGen: 289106K->1158K(282048K)] 615972K->328188K(969024K), 0.0107440 secs] [Times: user=0.06 sys=0.00, real=0.01 secs] 
2014-07-16T06:42:35.113+0000: 2134.114: [GC [PSYoungGen: 281990K->932K(274496K)] 609020K->328050K(961472K), 0.0087890 secs] [Times: user=0.06 sys=0.00, real=0.01 secs] 
2014-07-16T06:42:35.992+0000: 2134.992: [GC [PSYoungGen: 274468K->830K(267328K)] 601586K->328096K(954304K), 0.0101680 secs] [Times: user=0.06 sys=0.00, real=0.01 secs] 
2014-07-16T06:42:36.834+0000: 2135.835: [GC [PSYoungGen: 267294K->780K(260608K)] 594561K->328110K(947584K), 0.0039270 secs] [Times: user=0.02 sys=0.00, real=0.00 secs] 
2014-07-16T06:42:37.655+0000: 2136.655: [GC [PSYoungGen: 260556K->1076K(254400K)] 587886K->328478K(941376K), 0.0031960 secs] [Times: user=0.02 sys=0.00, real=0.00 secs] 
2014-07-16T06:42:38.466+0000: 2137.467: [GC [PSYoungGen: 254344K->1232K(248320K)] 581746K->328730K(935296K), 0.0032480 secs] [Times: user=0.02 sys=0.00, real=0.00 secs] 
2014-07-16T06:42:39.257+0000: 2138.258: [GC [PSYoungGen: 248272K->488K(241536K)] 575770K->328164K(928512K), 0.0075210 secs] [Times: user=0.05 sys=0.00, real=0.01 secs] 
2014-07-16T06:42:40.108+0000: 2139.108: [GC [PSYoungGen: 241490K->826K(236096K)] 569166K->328574K(923072K), 0.0062110 secs] [Times: user=0.04 sys=0.00, real=0.01 secs] 
2014-07-16T06:42:40.925+0000: 2139.925: [GC [PSYoungGen: 236089K->1100K(230848K)] 563838K->328944K(917824K), 0.0044460 secs] [Times: user=0.03 sys=0.00, real=0.00 secs] 
2014-07-16T06:42:41.726+0000: 2140.727: [GC [PSYoungGen: 230779K->1172K(225536K)] 558623K->329112K(912512K), 0.0069950 secs] [Times: user=0.04 sys=0.00, real=0.01 secs] 
2014-07-16T06:42:42.487+0000: 2141.488: [GC [PSYoungGen: 225492K->630K(219776K)] 553432K->328930K(906752K), 0.0075670 secs] [Times: user=0.05 sys=0.01, real=0.01 secs] 
2014-07-16T06:42:43.212+0000: 2142.213: [GC [PSYoungGen: 219766K->812K(214976K)] 548066K->329184K(901952K), 0.0074250 secs] [Times: user=0.04 sys=0.00, real=0.00 secs] 
2014-07-16T06:42:43.919+0000: 2142.920: [GC [PSYoungGen: 214936K->1136K(210496K)] 543309K->329612K(897472K), 0.0085270 secs] [Times: user=0.06 sys=0.01, real=0.01 secs] 
2014-07-16T06:42:44.717+0000: 2143.718: [GC [PSYoungGen: 210480K->872K(205568K)] 538956K->329460K(892544K), 0.0039180 secs] [Times: user=0.02 sys=0.00, real=0.00 secs] 
2014-07-16T06:42:45.348+0000: 2144.349: [GC [PSYoungGen: 205544K->940K(201152K)] 534132K->329624K(888128K), 0.0052930 secs] [Times: user=0.03 sys=0.00, real=0.01 secs] 
2014-07-16T06:42:45.995+0000: 2144.996: [GC [PSYoungGen: 201115K->776K(196672K)] 529799K->329524K(883648K), 0.0071960 secs] [Times: user=0.04 sys=0.00, real=0.01 secs] 
2014-07-16T06:42:46.621+0000: 2145.622: [GC [PSYoungGen: 196616K->762K(192384K)] 525364K->329566K(879360K), 0.0056460 secs] [Times: user=0.03 sys=0.00, real=0.01 secs] 
2014-07-16T06:42:47.256+0000: 2146.257: [GC [PSYoungGen: 192345K->648K(230656K)] 521149K->329492K(917632K), 0.0108600 secs] [Times: user=0.06 sys=0.01, real=0.01 secs] 
2014-07-16T06:42:48.015+0000: 2147.016: [GC [PSYoungGen: 230599K->962K(276992K)] 559444K->329870K(963968K), 0.0066160 secs] [Times: user=0.03 sys=0.00, real=0.01 secs] 
2014-07-16T06:42:48.888+0000: 2147.888: [GC [PSYoungGen: 276930K->384K(331584K)] 605838K->329348K(1018560K), 0.0090750 secs] [Times: user=0.06 sys=0.00, real=0.01 secs] 
2014-07-16T06:42:50.028+0000: 2149.028: [GC [PSYoungGen: 331546K->930K(322880K)] 660511K->329958K(1009856K), 0.0068130 secs] [Times: user=0.04 sys=0.01, real=0.01 secs] 
2014-07-16T06:42:51.058+0000: 2150.059: [GC [PSYoungGen: 322823K->1314K(314368K)] 651851K->330502K(1001344K), 0.0072310 secs] [Times: user=0.04 sys=0.00, real=0.01 secs] 
2014-07-16T06:42:52.079+0000: 2151.080: [GC [PSYoungGen: 314338K->438K(304896K)] 643526K->329966K(991872K), 0.0035450 secs] [Times: user=0.02 sys=0.00, real=0.01 secs] 
2014-07-16T06:42:53.064+0000: 2152.065: [GC [PSYoungGen: 304886K->726K(297024K)] 634414K->330334K(984000K), 0.0061900 secs] [Times: user=0.04 sys=0.00, real=0.00 secs] 
2014-07-16T06:42:54.092+0000: 2153.093: [GC [PSYoungGen: 296960K->1108K(289536K)] 626568K->330912K(976512K), 0.0044500 secs] [Times: user=0.02 sys=0.00, real=0.01 secs] 
2014-07-16T06:42:55.011+0000: 2154.012: [GC [PSYoungGen: 289492K->890K(281728K)] 619296K->330774K(968704K), 0.0071850 secs] [Times: user=0.04 sys=0.00, real=0.01 secs] 
2014-07-16T06:42:55.904+0000: 2154.905: [GC [PSYoungGen: 281715K->1084K(274624K)] 611600K->331250K(961600K), 0.0066080 secs] [Times: user=0.05 sys=0.00, real=0.00 secs] 
2014-07-16T06:42:56.786+0000: 2155.787: [GC [PSYoungGen: 274620K->908K(267456K)] 604786K->331122K(954432K), 0.0159160 secs] [Times: user=0.08 sys=0.00, real=0.01 secs] 
2014-07-16T06:42:57.655+0000: 2156.656: [GC [PSYoungGen: 267397K->616K(260416K)] 597611K->330944K(947392K), 0.0059270 secs] [Times: user=0.04 sys=0.01, real=0.00 secs] 
2014-07-16T06:42:58.502+0000: 2157.503: [GC [PSYoungGen: 260392K->576K(253888K)] 590720K->330984K(940864K), 0.0046740 secs] [Times: user=0.02 sys=0.01, real=0.01 secs] 
2014-07-16T06:42:59.290+0000: 2158.290: [GC [PSYoungGen: 253888K->1108K(248192K)] 584296K->331572K(935168K), 0.0052750 secs] [Times: user=0.02 sys=0.00, real=0.01 secs] 
2014-07-16T06:43:00.317+0000: 2159.318: [GC [PSYoungGen: 248148K->918K(241984K)] 578612K->331462K(928960K), 0.0057630 secs] [Times: user=0.02 sys=0.00, real=0.00 secs] 
2014-07-16T06:43:01.111+0000: 2160.112: [GC [PSYoungGen: 241942K->672K(235968K)] 572486K->331304K(922944K), 0.0096600 secs] [Times: user=0.07 sys=0.00, real=0.01 secs] 
2014-07-16T06:43:01.941+0000: 2160.942: [GC [PSYoungGen: 235936K->754K(230464K)] 566568K->331474K(917440K), 0.0042740 secs] [Times: user=0.02 sys=0.00, real=0.01 secs] 
2014-07-16T06:43:02.668+0000: 2161.668: [GC [PSYoungGen: 230432K->876K(225216K)] 561152K->331668K(912192K), 0.0083690 secs] [Times: user=0.05 sys=0.00, real=0.01 secs] 
2014-07-16T06:43:03.422+0000: 2162.423: [GC [PSYoungGen: 225192K->1368K(220544K)] 555985K->332324K(907520K), 0.0045710 secs] [Times: user=0.02 sys=0.00, real=0.01 secs] 
2014-07-16T06:43:04.171+0000: 2163.171: [GC [PSYoungGen: 220498K->570K(214720K)] 551455K->331924K(901696K), 0.0088220 secs] [Times: user=0.04 sys=0.00, real=0.01 secs] 
2014-07-16T06:43:05.026+0000: 2164.027: [GC [PSYoungGen: 214714K->1302K(210688K)] 546068K->332736K(897664K), 0.0043260 secs] [Times: user=0.02 sys=0.00, real=0.00 secs] 
2014-07-16T06:43:05.644+0000: 2164.644: [GC [PSYoungGen: 210560K->1040K(205760K)] 541995K->332836K(892736K), 0.0045720 secs] [Times: user=0.02 sys=0.00, real=0.01 secs] 
2014-07-16T06:43:06.297+0000: 2165.298: [GC [PSYoungGen: 205712K->1172K(201408K)] 537508K->333024K(888384K), 0.0063460 secs] [Times: user=0.02 sys=0.01, real=0.00 secs] 
2014-07-16T06:43:06.922+0000: 2165.923: [GC [PSYoungGen: 201353K->812K(196672K)] 533206K->332856K(883648K), 0.0086520 secs] [Times: user=0.06 sys=0.00, real=0.01 secs] 
2014-07-16T06:43:07.559+0000: 2166.559: [GC [PSYoungGen: 196636K->580K(192256K)] 528680K->332688K(879232K), 0.0042720 secs] [Times: user=0.02 sys=0.01, real=0.00 secs] 
2014-07-16T06:43:08.181+0000: 2167.181: [GC [PSYoungGen: 192196K->644K(188288K)] 524304K->332890K(875264K), 0.0068620 secs] [Times: user=0.04 sys=0.00, real=0.01 secs] 
2014-07-16T06:43:08.787+0000: 2167.787: [GC [PSYoungGen: 188228K->530K(225728K)] 520474K->332840K(912704K), 0.0093170 secs] [Times: user=0.05 sys=0.00, real=0.01 secs] 
2014-07-16T06:43:09.487+0000: 2168.488: [GC [PSYoungGen: 225682K->690K(220608K)] 557992K->333072K(907584K), 0.0058540 secs] [Times: user=0.02 sys=0.00, real=0.00 secs] 
2014-07-16T06:43:10.288+0000: 2169.288: [GC [PSYoungGen: 220594K->680K(215552K)] 552976K->333102K(902528K), 0.0066850 secs] [Times: user=0.02 sys=0.00, real=0.00 secs] 
2014-07-16T06:43:10.958+0000: 2169.958: [GC [PSYoungGen: 215528K->676K(210688K)] 547950K->333154K(897664K), 0.0061720 secs] [Times: user=0.04 sys=0.00, real=0.00 secs] 
2014-07-16T06:43:11.636+0000: 2170.637: [GC [PSYoungGen: 210660K->548K(205888K)] 543138K->333114K(892864K), 0.0084970 secs] [Times: user=0.05 sys=0.00, real=0.00 secs] 
2014-07-16T06:43:12.275+0000: 2171.276: [GC [PSYoungGen: 205860K->684K(247104K)] 538426K->333290K(934080K), 0.0082920 secs] [Times: user=0.05 sys=0.01, real=0.01 secs] 
2014-07-16T06:43:13.071+0000: 2172.072: [GC [PSYoungGen: 247084K->630K(241024K)] 579690K->333300K(928000K), 0.0039410 secs] [Times: user=0.02 sys=0.00, real=0.00 secs] 
2014-07-16T06:43:13.927+0000: 2172.928: [GC [PSYoungGen: 241014K->832K(235456K)] 573684K->333558K(922432K), 0.0039630 secs] [Times: user=0.02 sys=0.01, real=0.00 secs] 
2014-07-16T06:43:14.749+0000: 2173.749: [GC [PSYoungGen: 235419K->926K(230016K)] 568146K->333700K(916992K), 0.0042530 secs] [Times: user=0.02 sys=0.00, real=0.00 secs] 
2014-07-16T06:43:15.687+0000: 2174.688: [GC [PSYoungGen: 229982K->594K(224320K)] 562756K->333424K(911296K), 0.0067390 secs] [Times: user=0.04 sys=0.00, real=0.00 secs] 
2014-07-16T06:43:16.479+0000: 2175.480: [GC [PSYoungGen: 224245K->644K(219200K)] 557076K->333506K(906176K), 0.0055630 secs] [Times: user=0.02 sys=0.01, real=0.00 secs] 
2014-07-16T06:43:17.175+0000: 2176.176: [GC [PSYoungGen: 219123K->662K(214208K)] 551986K->333596K(901184K), 0.0064000 secs] [Times: user=0.04 sys=0.00, real=0.01 secs] 
2014-07-16T06:43:17.880+0000: 2176.880: [GC [PSYoungGen: 214166K->990K(209728K)] 547100K->334012K(896704K), 0.0125080 secs] [Times: user=0.08 sys=0.00, real=0.01 secs] 
2014-07-16T06:43:18.529+0000: 2177.529: [GC [PSYoungGen: 209694K->762K(251264K)] 542716K->333832K(938240K), 0.0081410 secs] [Times: user=0.05 sys=0.00, real=0.01 secs] 
2014-07-16T06:43:19.367+0000: 2178.367: [GC [PSYoungGen: 251258K->894K(245248K)] 584328K->334004K(932224K), 0.0058930 secs] [Times: user=0.03 sys=0.00, real=0.01 secs] 
2014-07-16T06:43:20.306+0000: 2179.306: [GC [PSYoungGen: 245246K->948K(239424K)] 578356K->334354K(926400K), 0.0055730 secs] [Times: user=0.04 sys=0.00, real=0.01 secs] 
2014-07-16T06:43:21.147+0000: 2180.147: [GC [PSYoungGen: 239412K->972K(233792K)] 572818K->334442K(920768K), 0.0081950 secs] [Times: user=0.04 sys=0.00, real=0.01 secs] 
2014-07-16T06:43:21.935+0000: 2180.936: [GC [PSYoungGen: 233740K->752K(228032K)] 567210K->334630K(915008K), 0.0055590 secs] [Times: user=0.04 sys=0.00, real=0.01 secs] 
2014-07-16T06:43:22.703+0000: 2181.704: [GC [PSYoungGen: 228016K->1132K(223104K)] 561894K->335098K(910080K), 0.0034260 secs] [Times: user=0.02 sys=0.00, real=0.01 secs] 
2014-07-16T06:43:23.457+0000: 2182.457: [GC [PSYoungGen: 223053K->722K(217600K)] 557020K->334768K(904576K), 0.0114600 secs] [Times: user=0.08 sys=0.00, real=0.02 secs] 
2014-07-16T06:43:24.178+0000: 2183.179: [GC [PSYoungGen: 217553K->818K(212736K)] 551600K->334952K(899712K), 0.0039890 secs] [Times: user=0.02 sys=0.00, real=0.00 secs] 
2014-07-16T06:43:24.876+0000: 2183.876: [GC [PSYoungGen: 212722K->976K(208192K)] 546856K->335166K(895168K), 0.0085190 secs] [Times: user=0.06 sys=0.00, real=0.01 secs] 
2014-07-16T06:43:25.682+0000: 2184.683: [GC [PSYoungGen: 208144K->530K(203136K)] 542334K->334776K(890112K), 0.0075770 secs] [Times: user=0.05 sys=0.00, real=0.01 secs] 
2014-07-16T06:43:26.350+0000: 2185.351: [GC [PSYoungGen: 203090K->1136K(199296K)] 537336K->335454K(886272K), 0.0081490 secs] [Times: user=0.04 sys=0.00, real=0.01 secs] 
2014-07-16T06:43:26.948+0000: 2185.949: [GC [PSYoungGen: 199280K->736K(194624K)] 533598K->335126K(881600K), 0.0067610 secs] [Times: user=0.04 sys=0.00, real=0.00 secs] 
2014-07-16T06:43:27.581+0000: 2186.582: [GC [PSYoungGen: 194592K->516K(233216K)] 528982K->334946K(920192K), 0.0097900 secs] [Times: user=0.05 sys=0.00, real=0.01 secs] 
2014-07-16T06:43:28.338+0000: 2187.339: [GC [PSYoungGen: 233156K->1054K(280256K)] 567586K->335540K(967232K), 0.0143080 secs] [Times: user=0.09 sys=0.00, real=0.01 secs] 
2014-07-16T06:43:29.198+0000: 2188.198: [GC [PSYoungGen: 280141K->954K(313024K)] 614628K->335528K(1000000K), 0.0083320 secs] [Times: user=0.05 sys=0.00, real=0.01 secs] 
2014-07-16T06:43:30.219+0000: 2189.220: [GC [PSYoungGen: 312607K->850K(313152K)] 647182K->335496K(1000128K), 0.0140010 secs] [Times: user=0.09 sys=0.00, real=0.01 secs] 
2014-07-16T06:43:31.296+0000: 2190.297: [GC [PSYoungGen: 312497K->794K(375296K)] 647143K->335488K(1062272K), 0.0053990 secs] [Times: user=0.03 sys=0.00, real=0.01 secs] 
2014-07-16T06:43:32.542+0000: 2191.543: [GC [PSYoungGen: 374783K->972K(364032K)] 709478K->335746K(1051008K), 0.0065490 secs] [Times: user=0.04 sys=0.00, real=0.00 secs] 
2014-07-16T06:43:33.783+0000: 2192.783: [GC [PSYoungGen: 363980K->420K(352896K)] 698754K->335490K(1039872K), 0.0055350 secs] [Times: user=0.03 sys=0.01, real=0.00 secs] 
2014-07-16T06:43:34.941+0000: 2193.941: [GC [PSYoungGen: 352868K->1340K(343616K)] 687938K->336531K(1030592K), 0.0070730 secs] [Times: user=0.05 sys=0.00, real=0.00 secs] 
2014-07-16T06:43:36.149+0000: 2195.149: [GC [PSYoungGen: 343612K->576K(333120K)] 678803K->336012K(1020096K), 0.0143510 secs] [Times: user=0.09 sys=0.00, real=0.02 secs] 
2014-07-16T06:43:37.216+0000: 2196.217: [GC [PSYoungGen: 333120K->1054K(324288K)] 668556K->336555K(1011264K), 0.0097380 secs] [Times: user=0.05 sys=0.00, real=0.01 secs] 
2014-07-16T06:43:38.249+0000: 2197.249: [GC [PSYoungGen: 324254K->690K(314944K)] 659755K->336270K(1001920K), 0.0071850 secs] [Times: user=0.04 sys=0.00, real=0.01 secs] 
2014-07-16T06:43:39.238+0000: 2198.238: [GC [PSYoungGen: 314898K->1168K(306880K)] 650479K->336821K(993856K), 0.0047370 secs] [Times: user=0.02 sys=0.00, real=0.01 secs] 
2014-07-16T06:43:40.189+0000: 2199.190: [GC [PSYoungGen: 306832K->658K(298112K)] 642485K->336382K(985088K), 0.0099650 secs] [Times: user=0.06 sys=0.00, real=0.01 secs] 
2014-07-16T06:43:41.241+0000: 2200.242: [GC [PSYoungGen: 298066K->1014K(290496K)] 633790K->336818K(977472K), 0.0049410 secs] [Times: user=0.03 sys=0.00, real=0.00 secs] 
2014-07-16T06:43:42.191+0000: 2201.191: [GC [PSYoungGen: 290486K->708K(282624K)] 626290K->336600K(969600K), 0.0038260 secs] [Times: user=0.01 sys=0.00, real=0.00 secs] 
2014-07-16T06:43:43.146+0000: 2202.147: [GC [PSYoungGen: 282564K->890K(275392K)] 618456K->336822K(962368K), 0.0062600 secs] [Times: user=0.02 sys=0.00, real=0.01 secs] 
2014-07-16T06:43:44.110+0000: 2203.110: [GC [PSYoungGen: 275349K->612K(268096K)] 611282K->336576K(955072K), 0.0094460 secs] [Times: user=0.06 sys=0.00, real=0.01 secs] 
2014-07-16T06:43:45.009+0000: 2204.010: [GC [PSYoungGen: 268068K->990K(261696K)] 604032K->337019K(948672K), 0.0056500 secs] [Times: user=0.02 sys=0.00, real=0.01 secs] 
2014-07-16T06:43:46.028+0000: 2205.028: [GC [PSYoungGen: 261618K->812K(254976K)] 597647K->336872K(941952K), 0.0099660 secs] [Times: user=0.05 sys=0.00, real=0.01 secs] 
2014-07-16T06:43:46.839+0000: 2205.839: [GC [PSYoungGen: 254956K->544K(248448K)] 591016K->336684K(935424K), 0.0035600 secs] [Times: user=0.02 sys=0.00, real=0.01 secs] 
2014-07-16T06:43:47.633+0000: 2206.633: [GC [PSYoungGen: 248416K->890K(242752K)] 584556K->337078K(929728K), 0.0045540 secs] [Times: user=0.02 sys=0.00, real=0.00 secs] 
2014-07-16T06:43:48.395+0000: 2207.396: [GC [PSYoungGen: 242746K->980K(237056K)] 578934K->337249K(924032K), 0.0047620 secs] [Times: user=0.03 sys=0.00, real=0.00 secs] 
2014-07-16T06:43:49.132+0000: 2208.132: [GC [PSYoungGen: 237012K->818K(231232K)] 573281K->337166K(918208K), 0.0036050 secs] [Times: user=0.01 sys=0.00, real=0.01 secs] 
2014-07-16T06:43:49.864+0000: 2208.864: [GC [PSYoungGen: 231218K->676K(225728K)] 567566K->337120K(912704K), 0.0066380 secs] [Times: user=0.04 sys=0.00, real=0.00 secs] 
2014-07-16T06:43:50.587+0000: 2209.588: [GC [PSYoungGen: 225700K->548K(220416K)] 562144K->337032K(907392K), 0.0075460 secs] [Times: user=0.05 sys=0.00, real=0.01 secs] 
2014-07-16T06:43:51.449+0000: 2210.450: [GC [PSYoungGen: 220372K->1336K(216128K)] 556856K->338001K(903104K), 0.0070010 secs] [Times: user=0.02 sys=0.00, real=0.01 secs] 
2014-07-16T06:43:52.127+0000: 2211.127: [GC [PSYoungGen: 216120K->820K(210752K)] 552785K->337825K(897728K), 0.0056430 secs] [Times: user=0.02 sys=0.00, real=0.01 secs] 
2014-07-16T06:43:52.835+0000: 2211.836: [GC [PSYoungGen: 210703K->1200K(206464K)] 547708K->338477K(893440K), 0.0082100 secs] [Times: user=0.05 sys=0.00, real=0.01 secs] 
2014-07-16T06:43:53.534+0000: 2212.534: [GC [PSYoungGen: 206418K->648K(201408K)] 543695K->337981K(888384K), 0.0054470 secs] [Times: user=0.02 sys=0.00, real=0.00 secs] 
2014-07-16T06:43:54.241+0000: 2213.241: [GC [PSYoungGen: 201352K->1596K(197952K)] 538685K->339085K(884928K), 0.0044440 secs] [Times: user=0.03 sys=0.00, real=0.01 secs] 
2014-07-16T06:43:54.904+0000: 2213.905: [GC [PSYoungGen: 197948K->676K(192832K)] 535437K->338261K(879808K), 0.0081130 secs] [Times: user=0.05 sys=0.00, real=0.01 secs] 
2014-07-16T06:43:55.572+0000: 2214.573: [GC [PSYoungGen: 192804K->680K(188736K)] 530389K->338329K(875712K), 0.0048060 secs] [Times: user=0.03 sys=0.01, real=0.00 secs] 
2014-07-16T06:43:56.415+0000: 2215.416: [GC [PSYoungGen: 188712K->1004K(185152K)] 526361K->338749K(872128K), 0.0041430 secs] [Times: user=0.01 sys=0.00, real=0.00 secs] 
2014-07-16T06:43:56.951+0000: 2215.951: [GC [PSYoungGen: 185132K->766K(181120K)] 522877K->338559K(868096K), 0.0099170 secs] [Times: user=0.07 sys=0.00, real=0.01 secs] 
2014-07-16T06:43:57.556+0000: 2216.557: [GC [PSYoungGen: 181118K->612K(177280K)] 518911K->338477K(864256K), 0.0055410 secs] [Times: user=0.03 sys=0.01, real=0.00 secs] 
2014-07-16T06:43:58.135+0000: 2217.135: [GC [PSYoungGen: 177218K->740K(173824K)] 515083K->338701K(860800K), 0.0060900 secs] [Times: user=0.03 sys=0.01, real=0.00 secs] 
2014-07-16T06:43:58.687+0000: 2217.688: [GC [PSYoungGen: 173796K->530K(208256K)] 511757K->338547K(895232K), 0.0078320 secs] [Times: user=0.04 sys=0.00, real=0.01 secs] 
2014-07-16T06:43:59.367+0000: 2218.367: [GC [PSYoungGen: 208171K->1090K(250368K)] 546188K->339179K(937344K), 0.0066170 secs] [Times: user=0.05 sys=0.00, real=0.01 secs] 
2014-07-16T06:44:00.209+0000: 2219.210: [GC [PSYoungGen: 250279K->808K(243968K)] 588368K->339009K(930944K), 0.0040240 secs] [Times: user=0.02 sys=0.01, real=0.01 secs] 
2014-07-16T06:44:01.122+0000: 2220.122: [GC [PSYoungGen: 243895K->972K(238272K)] 582096K->339229K(925248K), 0.0075080 secs] [Times: user=0.03 sys=0.00, real=0.01 secs] 
2014-07-16T06:44:01.879+0000: 2220.880: [GC [PSYoungGen: 238220K->740K(232384K)] 576477K->339085K(919360K), 0.0035860 secs] [Times: user=0.02 sys=0.00, real=0.00 secs] 
2014-07-16T06:44:02.625+0000: 2221.625: [GC [PSYoungGen: 232356K->562K(226752K)] 570701K->338947K(913728K), 0.0074410 secs] [Times: user=0.04 sys=0.00, real=0.00 secs] 
2014-07-16T06:44:03.409+0000: 2222.409: [GC [PSYoungGen: 226738K->812K(221760K)] 565123K->339253K(908736K), 0.0081120 secs] [Times: user=0.03 sys=0.01, real=0.01 secs] 
2014-07-16T06:44:04.188+0000: 2223.188: [GC [PSYoungGen: 221735K->512K(216384K)] 560176K->339009K(903360K), 0.0043400 secs] [Times: user=0.03 sys=0.00, real=0.00 secs] 
2014-07-16T06:44:04.894+0000: 2223.895: [GC [PSYoungGen: 216384K->562K(211584K)] 554881K->339131K(898560K), 0.0063210 secs] [Times: user=0.04 sys=0.01, real=0.01 secs] 
2014-07-16T06:44:05.646+0000: 2224.647: [GC [PSYoungGen: 211570K->744K(207040K)] 550139K->339361K(894016K), 0.0078070 secs] [Times: user=0.03 sys=0.01, real=0.00 secs] 
2014-07-16T06:44:06.457+0000: 2225.458: [GC [PSYoungGen: 207006K->818K(202560K)] 545624K->339523K(889536K), 0.0085480 secs] [Times: user=0.05 sys=0.00, real=0.01 secs] 
2014-07-16T06:44:07.106+0000: 2226.107: [GC [PSYoungGen: 202546K->1080K(198400K)] 541251K->339841K(885376K), 0.0059140 secs] [Times: user=0.03 sys=0.00, real=0.00 secs] 
2014-07-16T06:44:07.761+0000: 2226.762: [GC [PSYoungGen: 198360K->680K(193792K)] 537121K->339481K(880768K), 0.0084030 secs] [Times: user=0.05 sys=0.00, real=0.01 secs] 
2014-07-16T06:44:08.390+0000: 2227.390: [GC [PSYoungGen: 193767K->904K(189952K)] 532568K->339793K(876928K), 0.0035650 secs] [Times: user=0.02 sys=0.00, real=0.00 secs] 
2014-07-16T06:44:09.007+0000: 2228.007: [GC [PSYoungGen: 189880K->762K(185792K)] 528769K->339691K(872768K), 0.0084850 secs] [Times: user=0.05 sys=0.00, real=0.01 secs] 
2014-07-16T06:44:09.607+0000: 2228.608: [GC [PSYoungGen: 185784K->1054K(182272K)] 524713K->340055K(869248K), 0.0050610 secs] [Times: user=0.02 sys=0.00, real=0.00 secs] 
2014-07-16T06:44:10.231+0000: 2229.232: [GC [PSYoungGen: 182238K->748K(178240K)] 521239K->339813K(865216K), 0.0036560 secs] [Times: user=0.02 sys=0.00, real=0.00 secs] 
2014-07-16T06:44:10.804+0000: 2229.805: [GC [PSYoungGen: 178219K->890K(213888K)] 517284K->340011K(900864K), 0.0115320 secs] [Times: user=0.07 sys=0.00, real=0.02 secs] 
2014-07-16T06:44:11.660+0000: 2230.660: [GC [PSYoungGen: 213882K->948K(209152K)] 553003K->340677K(896128K), 0.0038730 secs] [Times: user=0.02 sys=0.00, real=0.00 secs] 
2014-07-16T06:44:12.322+0000: 2231.323: [GC [PSYoungGen: 209140K->1336K(251200K)] 548869K->341121K(938176K), 0.0097300 secs] [Times: user=0.06 sys=0.00, real=0.01 secs] 
2014-07-16T06:44:13.147+0000: 2232.148: [GC [PSYoungGen: 251192K->704K(300544K)] 590977K->340795K(987520K), 0.0076430 secs] [Times: user=0.05 sys=0.00, real=0.00 secs] 
2014-07-16T06:44:14.115+0000: 2233.116: [GC [PSYoungGen: 300544K->794K(292672K)] 640635K->340965K(979648K), 0.0058160 secs] [Times: user=0.04 sys=0.00, real=0.00 secs] 
2014-07-16T06:44:15.144+0000: 2234.145: [GC [PSYoungGen: 292634K->844K(284992K)] 632805K->341095K(971968K), 0.0083640 secs] [Times: user=0.06 sys=0.00, real=0.01 secs] 
2014-07-16T06:44:16.206+0000: 2235.207: [GC [PSYoungGen: 284940K->1184K(277888K)] 625191K->341507K(964864K), 0.0045230 secs] [Times: user=0.02 sys=0.01, real=0.00 secs] 
2014-07-16T06:44:17.086+0000: 2236.087: [GC [PSYoungGen: 277856K->434K(270016K)] 618179K->340797K(956992K), 0.0076310 secs] [Times: user=0.04 sys=0.00, real=0.00 secs] 
2014-07-16T06:44:17.970+0000: 2236.970: [GC [PSYoungGen: 270002K->964K(263744K)] 610365K->341391K(950720K), 0.0094360 secs] [Times: user=0.06 sys=0.00, real=0.01 secs] 
2014-07-16T06:44:18.799+0000: 2237.800: [GC [PSYoungGen: 263622K->1054K(257216K)] 604049K->341577K(944192K), 0.0072740 secs] [Times: user=0.05 sys=0.00, real=0.01 secs] 
2014-07-16T06:44:19.606+0000: 2238.607: [GC [PSYoungGen: 257182K->754K(250560K)] 597705K->341325K(937536K), 0.0072080 secs] [Times: user=0.02 sys=0.00, real=0.00 secs] 
2014-07-16T06:44:20.433+0000: 2239.434: [GC [PSYoungGen: 250542K->694K(244352K)] 591113K->341297K(931328K), 0.0060580 secs] [Times: user=0.02 sys=0.00, real=0.01 secs] 
2014-07-16T06:44:21.310+0000: 2240.311: [GC [PSYoungGen: 244342K->1042K(238848K)] 584945K->341725K(925824K), 0.0072460 secs] [Times: user=0.04 sys=0.00, real=0.01 secs] 
2014-07-16T06:44:22.054+0000: 2241.054: [GC [PSYoungGen: 238801K->950K(233024K)] 579484K->341689K(920000K), 0.0053470 secs] [Times: user=0.03 sys=0.00, real=0.01 secs] 
2014-07-16T06:44:22.802+0000: 2241.802: [GC [PSYoungGen: 233003K->858K(227520K)] 573743K->341693K(914496K), 0.0116330 secs] [Times: user=0.07 sys=0.00, real=0.01 secs] 
2014-07-16T06:44:23.527+0000: 2242.528: [GC [PSYoungGen: 227482K->994K(273024K)] 568317K->341893K(960000K), 0.0093300 secs] [Times: user=0.06 sys=0.00, real=0.00 secs] 
2014-07-16T06:44:24.410+0000: 2243.410: [GC [PSYoungGen: 272994K->836K(265920K)] 613893K->341815K(952896K), 0.0073220 secs] [Times: user=0.05 sys=0.00, real=0.01 secs] 
2014-07-16T06:44:25.288+0000: 2244.288: [GC [PSYoungGen: 265860K->822K(259200K)] 606839K->341865K(946176K), 0.0076960 secs] [Times: user=0.05 sys=0.00, real=0.00 secs] 
2014-07-16T06:44:26.110+0000: 2245.110: [GC [PSYoungGen: 259181K->758K(252672K)] 600224K->341897K(939648K), 0.0074780 secs] [Times: user=0.06 sys=0.00, real=0.01 secs] 
2014-07-16T06:44:27.042+0000: 2246.042: [GC [PSYoungGen: 252662K->658K(246400K)] 593801K->341861K(933376K), 0.0034740 secs] [Times: user=0.02 sys=0.00, real=0.00 secs] 
2014-07-16T06:44:27.826+0000: 2246.826: [GC [PSYoungGen: 246318K->722K(240512K)] 587521K->342021K(927488K), 0.0084460 secs] [Times: user=0.06 sys=0.00, real=0.01 secs] 
2014-07-16T06:44:28.615+0000: 2247.615: [GC [PSYoungGen: 240466K->850K(234880K)] 581765K->342237K(921856K), 0.0091870 secs] [Times: user=0.06 sys=0.00, real=0.01 secs] 
2014-07-16T06:44:29.369+0000: 2248.369: [GC [PSYoungGen: 234823K->948K(229440K)] 576210K->342391K(916416K), 0.0063660 secs] [Times: user=0.04 sys=0.00, real=0.00 secs] 
2014-07-16T06:44:30.125+0000: 2249.126: [GC [PSYoungGen: 229428K->738K(223936K)] 570871K->342439K(910912K), 0.0073470 secs] [Times: user=0.05 sys=0.00, real=0.01 secs] 
2014-07-16T06:44:30.857+0000: 2249.858: [GC [PSYoungGen: 223906K->598K(218688K)] 565607K->342347K(905664K), 0.0090560 secs] [Times: user=0.05 sys=0.00, real=0.01 secs] 
2014-07-16T06:44:31.656+0000: 2250.656: [GC [PSYoungGen: 218646K->1212K(262912K)] 560395K->343091K(949888K), 0.0167130 secs] [Times: user=0.10 sys=0.00, real=0.02 secs] 
2014-07-16T06:44:32.447+0000: 2251.448: [GC [PSYoungGen: 262908K->804K(314880K)] 604787K->342731K(1001856K), 0.0042410 secs] [Times: user=0.02 sys=0.00, real=0.01 secs] 
2014-07-16T06:44:33.511+0000: 2252.512: [GC [PSYoungGen: 314852K->830K(332992K)] 656779K->342985K(1019968K), 0.0110240 secs] [Times: user=0.05 sys=0.00, real=0.01 secs] 
2014-07-16T06:44:34.644+0000: 2253.644: [GC [PSYoungGen: 332963K->1100K(333568K)] 675118K->343327K(1020544K), 0.0133170 secs] [Times: user=0.09 sys=0.00, real=0.01 secs] 
2014-07-16T06:44:35.786+0000: 2254.787: [GC [PSYoungGen: 333247K->676K(400000K)] 675475K->342975K(1086976K), 0.0095480 secs] [Times: user=0.06 sys=0.00, real=0.01 secs] 
2014-07-16T06:44:37.255+0000: 2256.256: [GC [PSYoungGen: 399268K->1378K(387904K)] 741567K->343849K(1074880K), 0.0128990 secs] [Times: user=0.08 sys=0.00, real=0.01 secs] 
2014-07-16T06:44:38.502+0000: 2257.503: [GC [PSYoungGen: 387874K->64K(374976K)] 730345K->342889K(1061952K), 0.0041010 secs] [Times: user=0.01 sys=0.00, real=0.00 secs] 
2014-07-16T06:44:39.659+0000: 2258.660: [GC [PSYoungGen: 374975K->1118K(365504K)] 717800K->343975K(1052480K), 0.0073220 secs] [Times: user=0.04 sys=0.00, real=0.00 secs] 
2014-07-16T06:44:40.828+0000: 2259.829: [GC [PSYoungGen: 364953K->512K(353728K)] 707810K->343457K(1040704K), 0.0042640 secs] [Times: user=0.02 sys=0.00, real=0.01 secs] 
2014-07-16T06:44:42.051+0000: 2261.052: [GC [PSYoungGen: 353728K->844K(343936K)] 696673K->343845K(1030912K), 0.0074420 secs] [Times: user=0.04 sys=0.01, real=0.00 secs] 
2014-07-16T06:44:43.187+0000: 2262.188: [GC [PSYoungGen: 343838K->708K(334016K)] 686839K->343773K(1020992K), 0.0112550 secs] [Times: user=0.07 sys=0.00, real=0.01 secs] 
2014-07-16T06:44:44.299+0000: 2263.300: [GC [PSYoungGen: 333954K->726K(324672K)] 677019K->343871K(1011648K), 0.0042880 secs] [Times: user=0.02 sys=0.00, real=0.01 secs] 
2014-07-16T06:44:45.371+0000: 2264.371: [GC [PSYoungGen: 324630K->562K(315520K)] 667775K->343771K(1002496K), 0.0065270 secs] [Times: user=0.04 sys=0.00, real=0.00 secs] 
2014-07-16T06:44:46.391+0000: 2265.392: [GC [PSYoungGen: 315506K->754K(307072K)] 658715K->344011K(994048K), 0.0042760 secs] [Times: user=0.02 sys=0.00, real=0.00 secs] 
2014-07-16T06:44:47.572+0000: 2266.573: [GC [PSYoungGen: 307042K->644K(298752K)] 650299K->343957K(985728K), 0.0095850 secs] [Times: user=0.05 sys=0.01, real=0.01 secs] 
2014-07-16T06:44:48.535+0000: 2267.536: [GC [PSYoungGen: 298692K->744K(290880K)] 642005K->344113K(977856K), 0.0070900 secs] [Times: user=0.04 sys=0.00, real=0.01 secs] 
2014-07-16T06:44:49.475+0000: 2268.476: [GC [PSYoungGen: 290856K->1108K(283584K)] 634225K->344573K(970560K), 0.0072250 secs] [Times: user=0.03 sys=0.00, real=0.01 secs] 
2014-07-16T06:44:50.384+0000: 2269.384: [GC [PSYoungGen: 283534K->630K(275712K)] 626999K->344167K(962688K), 0.0047860 secs] [Times: user=0.02 sys=0.00, real=0.00 secs] 
2014-07-16T06:44:51.330+0000: 2270.330: [GC [PSYoungGen: 275702K->940K(268992K)] 619239K->344541K(955968K), 0.0173510 secs] [Times: user=0.12 sys=0.00, real=0.02 secs] 
2014-07-16T06:44:52.253+0000: 2271.253: [GC [PSYoungGen: 268972K->1106K(262400K)] 612573K->344771K(949376K), 0.0109470 secs] [Times: user=0.07 sys=0.00, real=0.01 secs] 
2014-07-16T06:44:53.101+0000: 2272.102: [GC [PSYoungGen: 262354K->512K(255232K)] 606019K->344225K(942208K), 0.0078390 secs] [Times: user=0.05 sys=0.00, real=0.00 secs] 
2014-07-16T06:44:53.957+0000: 2272.958: [GC [PSYoungGen: 255232K->896K(306560K)] 598945K->344657K(993536K), 0.0119010 secs] [Times: user=0.06 sys=0.00, real=0.01 secs] 
2014-07-16T06:44:55.060+0000: 2274.061: [GC [PSYoungGen: 306560K->1168K(298624K)] 650321K->345025K(985600K), 0.0070400 secs] [Times: user=0.05 sys=0.00, real=0.01 secs] 
2014-07-16T06:44:56.083+0000: 2275.084: [GC [PSYoungGen: 298576K->812K(290304K)] 642433K->344709K(977280K), 0.0093570 secs] [Times: user=0.06 sys=0.00, real=0.01 secs] 
2014-07-16T06:44:57.257+0000: 2276.258: [GC [PSYoungGen: 290193K->940K(348352K)] 634091K->344933K(1035328K), 0.0145060 secs] [Times: user=0.08 sys=0.00, real=0.01 secs] 
2014-07-16T06:44:58.407+0000: 2277.408: [GC [PSYoungGen: 348327K->620K(338112K)] 692320K->344669K(1025088K), 0.0056950 secs] [Times: user=0.04 sys=0.00, real=0.01 secs] 
2014-07-16T06:44:59.490+0000: 2278.490: [GC [PSYoungGen: 338092K->862K(328832K)] 682141K->345159K(1015808K), 0.0040510 secs] [Times: user=0.03 sys=0.00, real=0.01 secs] 
2014-07-16T06:45:00.556+0000: 2279.557: [GC [PSYoungGen: 328798K->886K(319680K)] 673095K->345263K(1006656K), 0.0036290 secs] [Times: user=0.02 sys=0.00, real=0.00 secs] 
2014-07-16T06:45:01.631+0000: 2280.631: [GC [PSYoungGen: 319649K->932K(310976K)] 664027K->345389K(997952K), 0.0085880 secs] [Times: user=0.05 sys=0.00, real=0.01 secs] 
2014-07-16T06:45:02.723+0000: 2281.724: [GC [PSYoungGen: 310920K->626K(302208K)] 655377K->345155K(989184K), 0.0103990 secs] [Times: user=0.06 sys=0.00, real=0.02 secs] 
2014-07-16T06:45:03.722+0000: 2282.723: [GC [PSYoungGen: 302191K->1150K(294592K)] 646720K->345867K(981568K), 0.0083130 secs] [Times: user=0.06 sys=0.00, real=0.01 secs] 
2014-07-16T06:45:04.673+0000: 2283.674: [GC [PSYoungGen: 294590K->850K(286528K)] 639307K->345639K(973504K), 0.0051670 secs] [Times: user=0.03 sys=0.00, real=0.01 secs] 
2014-07-16T06:45:05.599+0000: 2284.600: [GC [PSYoungGen: 286482K->730K(278912K)] 631271K->345583K(965888K), 0.0065190 secs] [Times: user=0.04 sys=0.00, real=0.01 secs] 
2014-07-16T06:45:06.541+0000: 2285.542: [GC [PSYoungGen: 278874K->926K(271936K)] 623727K->345827K(958912K), 0.0046720 secs] [Times: user=0.02 sys=0.00, real=0.01 secs] 
2014-07-16T06:45:07.591+0000: 2286.592: [GC [PSYoungGen: 271902K->946K(265024K)] 616803K->345935K(952000K), 0.0033200 secs] [Times: user=0.02 sys=0.00, real=0.01 secs] 
2014-07-16T06:45:08.482+0000: 2287.483: [GC [PSYoungGen: 265007K->698K(258112K)] 609997K->345735K(945088K), 0.0077970 secs] [Times: user=0.04 sys=0.00, real=0.01 secs] 
2014-07-16T06:45:09.317+0000: 2288.318: [GC [PSYoungGen: 258106K->844K(251904K)] 603143K->345937K(938880K), 0.0096660 secs] [Times: user=0.05 sys=0.01, real=0.01 secs] 
2014-07-16T06:45:10.136+0000: 2289.137: [GC [PSYoungGen: 251852K->612K(301888K)] 596945K->345753K(988864K), 0.0189730 secs] [Times: user=0.10 sys=0.00, real=0.02 secs] 
2014-07-16T06:45:11.128+0000: 2290.129: [GC [PSYoungGen: 301850K->912K(362496K)] 646992K->346109K(1049472K), 0.0077620 secs] [Times: user=0.04 sys=0.00, real=0.01 secs] 
2014-07-16T06:45:12.429+0000: 2291.429: [GC [PSYoungGen: 362448K->1068K(352128K)] 707645K->346353K(1039104K), 0.0060530 secs] [Times: user=0.04 sys=0.01, real=0.01 secs] 
2014-07-16T06:45:13.552+0000: 2292.553: [GC [PSYoungGen: 352108K->562K(341504K)] 697393K->346041K(1028480K), 0.0056070 secs] [Times: user=0.03 sys=0.00, real=0.01 secs] 
2014-07-16T06:45:14.725+0000: 2293.726: [GC [PSYoungGen: 341490K->854K(332160K)] 686969K->346421K(1019136K), 0.0078640 secs] [Times: user=0.05 sys=0.00, real=0.00 secs] 
2014-07-16T06:45:15.862+0000: 2294.863: [GC [PSYoungGen: 332118K->986K(323008K)] 677685K->346667K(1009984K), 0.0080430 secs] [Times: user=0.04 sys=0.00, real=0.01 secs] 
2014-07-16T06:45:16.962+0000: 2295.963: [GC [PSYoungGen: 322970K->1028K(314176K)] 668651K->346805K(1001152K), 0.0065050 secs] [Times: user=0.03 sys=0.00, real=0.01 secs] 
2014-07-16T06:45:18.097+0000: 2297.098: [GC [PSYoungGen: 314116K->506K(305024K)] 659893K->347041K(992000K), 0.0044360 secs] [Times: user=0.02 sys=0.00, real=0.00 secs] 
2014-07-16T06:45:19.099+0000: 2298.099: [GC [PSYoungGen: 305018K->1308K(297664K)] 651553K->347899K(984640K), 0.0072170 secs] [Times: user=0.05 sys=0.00, real=0.01 secs] 
2014-07-16T06:45:20.030+0000: 2299.030: [GC [PSYoungGen: 297628K->1004K(289472K)] 644219K->348201K(976448K), 0.0152380 secs] [Times: user=0.09 sys=0.00, real=0.02 secs] 
2014-07-16T06:45:20.918+0000: 2299.919: [GC [PSYoungGen: 289452K->808K(281664K)] 636649K->348053K(968640K), 0.0119300 secs] [Times: user=0.06 sys=0.00, real=0.01 secs] 
2014-07-16T06:45:21.839+0000: 2300.840: [GC [PSYoungGen: 281605K->740K(274304K)] 628851K->348107K(961280K), 0.0046580 secs] [Times: user=0.02 sys=0.00, real=0.00 secs] 
2014-07-16T06:45:22.720+0000: 2301.721: [GC [PSYoungGen: 274276K->830K(267328K)] 621643K->348237K(954304K), 0.0074440 secs] [Times: user=0.05 sys=0.00, real=0.01 secs] 
2014-07-16T06:45:23.589+0000: 2302.590: [GC [PSYoungGen: 267307K->704K(260480K)] 614715K->348199K(947456K), 0.0066010 secs] [Times: user=0.04 sys=0.00, real=0.00 secs] 
2014-07-16T06:45:24.412+0000: 2303.413: [GC [PSYoungGen: 260480K->818K(254144K)] 607975K->348393K(941120K), 0.0042740 secs] [Times: user=0.02 sys=0.00, real=0.01 secs] 
2014-07-16T06:45:25.295+0000: 2304.296: [GC [PSYoungGen: 254130K->1158K(248256K)] 601705K->348821K(935232K), 0.0062970 secs] [Times: user=0.03 sys=0.00, real=0.01 secs] 
2014-07-16T06:45:26.170+0000: 2305.171: [GC [PSYoungGen: 248198K->1182K(242240K)] 595861K->348941K(929216K), 0.0072660 secs] [Times: user=0.04 sys=0.01, real=0.01 secs] 
2014-07-16T06:45:26.952+0000: 2305.953: [GC [PSYoungGen: 242206K->816K(236096K)] 589965K->348687K(923072K), 0.0076900 secs] [Times: user=0.03 sys=0.00, real=0.01 secs] 
2014-07-16T06:45:27.872+0000: 2306.873: [GC [PSYoungGen: 236067K->1392K(231104K)] 583939K->349351K(918080K), 0.0040440 secs] [Times: user=0.02 sys=0.00, real=0.00 secs] 
2014-07-16T06:45:28.634+0000: 2307.634: [GC [PSYoungGen: 231088K->598K(224960K)] 579047K->348671K(911936K), 0.0073080 secs] [Times: user=0.04 sys=0.00, real=0.01 secs] 
2014-07-16T06:45:29.398+0000: 2308.399: [GC [PSYoungGen: 224918K->1400K(220544K)] 572991K->349561K(907520K), 0.0099400 secs] [Times: user=0.06 sys=0.00, real=0.01 secs] 
2014-07-16T06:45:30.075+0000: 2309.075: [GC [PSYoungGen: 220504K->880K(215040K)] 568665K->349089K(902016K), 0.0079080 secs] [Times: user=0.05 sys=0.00, real=0.01 secs] 
2014-07-16T06:45:30.743+0000: 2309.743: [GC [PSYoungGen: 215024K->598K(209984K)] 563233K->348879K(896960K), 0.0045830 secs] [Times: user=0.03 sys=0.00, real=0.01 secs] 
2014-07-16T06:45:31.408+0000: 2310.409: [GC [PSYoungGen: 209941K->844K(205568K)] 558223K->349221K(892544K), 0.0063250 secs] [Times: user=0.04 sys=0.00, real=0.00 secs] 
2014-07-16T06:45:32.062+0000: 2311.063: [GC [PSYoungGen: 205516K->876K(201088K)] 553893K->349357K(888064K), 0.0041380 secs] [Times: user=0.02 sys=0.00, real=0.00 secs] 
2014-07-16T06:45:32.777+0000: 2311.778: [GC [PSYoungGen: 201052K->1130K(196992K)] 549534K->349683K(883968K), 0.0062950 secs] [Times: user=0.04 sys=0.00, real=0.00 secs] 
2014-07-16T06:45:33.412+0000: 2312.413: [GC [PSYoungGen: 196958K->790K(192448K)] 545512K->349415K(879424K), 0.0051600 secs] [Times: user=0.03 sys=0.00, real=0.01 secs] 
2014-07-16T06:45:34.045+0000: 2313.046: [GC [PSYoungGen: 192406K->794K(188416K)] 541031K->349475K(875392K), 0.0082030 secs] [Times: user=0.05 sys=0.00, real=0.01 secs] 
2014-07-16T06:45:34.662+0000: 2313.663: [GC [PSYoungGen: 188340K->1154K(184896K)] 537022K->349899K(871872K), 0.0056530 secs] [Times: user=0.03 sys=0.00, real=0.01 secs] 
2014-07-16T06:45:35.310+0000: 2314.310: [GC [PSYoungGen: 184834K->926K(221376K)] 533579K->349719K(908352K), 0.0095060 secs] [Times: user=0.07 sys=0.00, real=0.01 secs] 
2014-07-16T06:45:36.060+0000: 2315.060: [GC [PSYoungGen: 221342K->990K(265536K)] 570135K->349871K(952512K), 0.0082340 secs] [Times: user=0.05 sys=0.00, real=0.01 secs] 
2014-07-16T06:45:36.971+0000: 2315.972: [GC [PSYoungGen: 265487K->1114K(259008K)] 614368K->350175K(945984K), 0.0039200 secs] [Times: user=0.02 sys=0.00, real=0.00 secs] 
2014-07-16T06:45:37.915+0000: 2316.916: [GC [PSYoungGen: 258954K->826K(252288K)] 608016K->349967K(939264K), 0.0064220 secs] [Times: user=0.04 sys=0.01, real=0.01 secs] 
2014-07-16T06:45:38.806+0000: 2317.807: [GC [PSYoungGen: 252282K->990K(246272K)] 601423K->350179K(933248K), 0.0042880 secs] [Times: user=0.02 sys=0.00, real=0.01 secs] 
2014-07-16T06:45:39.586+0000: 2318.587: [GC [PSYoungGen: 246238K->384K(239680K)] 595427K->349621K(926656K), 0.0137720 secs] [Times: user=0.07 sys=0.01, real=0.02 secs] 
2014-07-16T06:45:40.328+0000: 2319.329: [GC [PSYoungGen: 239680K->658K(234240K)] 588917K->349991K(921216K), 0.0050400 secs] [Times: user=0.04 sys=0.00, real=0.00 secs] 
2014-07-16T06:45:41.076+0000: 2320.077: [GC [PSYoungGen: 234194K->722K(228800K)] 583527K->350135K(915776K), 0.0061140 secs] [Times: user=0.04 sys=0.00, real=0.01 secs] 
2014-07-16T06:45:41.798+0000: 2320.799: [GC [PSYoungGen: 228752K->626K(223360K)] 578166K->350151K(910336K), 0.0060850 secs] [Times: user=0.04 sys=0.01, real=0.01 secs] 
2014-07-16T06:45:42.513+0000: 2321.514: [GC [PSYoungGen: 223346K->876K(218496K)] 572871K->350457K(905472K), 0.0099060 secs] [Times: user=0.06 sys=0.00, real=0.01 secs] 
2014-07-16T06:45:43.295+0000: 2322.295: [GC [PSYoungGen: 218476K->644K(213376K)] 568057K->350289K(900352K), 0.0036770 secs] [Times: user=0.03 sys=0.00, real=0.00 secs] 
2014-07-16T06:45:44.011+0000: 2323.011: [GC [PSYoungGen: 213270K->854K(256128K)] 562916K->350539K(943104K), 0.0134550 secs] [Times: user=0.08 sys=0.00, real=0.01 secs] 
2014-07-16T06:45:44.819+0000: 2323.820: [GC [PSYoungGen: 256086K->1140K(307456K)] 605771K->350889K(994432K), 0.0065910 secs] [Times: user=0.04 sys=0.00, real=0.00 secs] 
2014-07-16T06:45:45.839+0000: 2324.840: [GC [PSYoungGen: 307356K->1218K(299328K)] 657105K->351055K(986304K), 0.0042140 secs] [Times: user=0.03 sys=0.00, real=0.00 secs] 
2014-07-16T06:45:46.839+0000: 2325.840: [GC [PSYoungGen: 299266K->438K(290560K)] 649103K->350721K(977536K), 0.0106590 secs] [Times: user=0.07 sys=0.00, real=0.01 secs] 
2014-07-16T06:45:47.930+0000: 2326.930: [GC [PSYoungGen: 290549K->1302K(283776K)] 640833K->351641K(970752K), 0.0119460 secs] [Times: user=0.07 sys=0.00, real=0.02 secs] 
2014-07-16T06:45:48.930+0000: 2327.931: [GC [PSYoungGen: 283734K->690K(275776K)] 634073K->351265K(962752K), 0.0045920 secs] [Times: user=0.02 sys=0.00, real=0.00 secs] 
2014-07-16T06:45:49.820+0000: 2328.820: [GC [PSYoungGen: 275762K->1386K(269440K)] 626337K->352049K(956416K), 0.0094060 secs] [Times: user=0.05 sys=0.00, real=0.01 secs] 
2014-07-16T06:45:50.673+0000: 2329.673: [GC [PSYoungGen: 269394K->1022K(262272K)] 620057K->351931K(949248K), 0.0072080 secs] [Times: user=0.04 sys=0.00, real=0.00 secs] 
2014-07-16T06:45:51.486+0000: 2330.486: [GC [PSYoungGen: 262270K->598K(255360K)] 613179K->351555K(942336K), 0.0067360 secs] [Times: user=0.04 sys=0.00, real=0.01 secs] 
2014-07-16T06:45:52.309+0000: 2331.310: [GC [PSYoungGen: 255318K->936K(249408K)] 606275K->351973K(936384K), 0.0066840 secs] [Times: user=0.04 sys=0.00, real=0.01 secs] 
2014-07-16T06:45:53.245+0000: 2332.246: [GC [PSYoungGen: 249384K->1080K(243456K)] 600421K->352181K(930432K), 0.0065780 secs] [Times: user=0.05 sys=0.00, real=0.01 secs] 
2014-07-16T06:45:54.089+0000: 2333.090: [GC [PSYoungGen: 243448K->1054K(237632K)] 594549K->352243K(924608K), 0.0059550 secs] [Times: user=0.03 sys=0.00, real=0.01 secs] 
2014-07-16T06:45:54.925+0000: 2333.926: [GC [PSYoungGen: 237598K->886K(231808K)] 588787K->352123K(918784K), 0.0052870 secs] [Times: user=0.02 sys=0.00, real=0.00 secs] 
2014-07-16T06:45:55.719+0000: 2334.720: [GC [PSYoungGen: 231790K->1068K(226560K)] 583028K->352377K(913536K), 0.0048250 secs] [Times: user=0.02 sys=0.01, real=0.01 secs] 
2014-07-16T06:45:56.468+0000: 2335.468: [GC [PSYoungGen: 226540K->1004K(221248K)] 577849K->352385K(908224K), 0.0062010 secs] [Times: user=0.03 sys=0.00, real=0.01 secs] 
2014-07-16T06:45:57.208+0000: 2336.209: [GC [PSYoungGen: 221228K->986K(216192K)] 572609K->352415K(903168K), 0.0045650 secs] [Times: user=0.02 sys=0.00, real=0.01 secs] 
2014-07-16T06:45:57.949+0000: 2336.950: [GC [PSYoungGen: 216150K->1014K(259264K)] 567580K->352499K(946240K), 0.0171130 secs] [Times: user=0.10 sys=0.00, real=0.02 secs] 
2014-07-16T06:45:58.838+0000: 2337.839: [GC [PSYoungGen: 259254K->804K(252672K)] 610739K->352481K(939648K), 0.0048080 secs] [Times: user=0.03 sys=0.00, real=0.01 secs] 
2014-07-16T06:45:59.713+0000: 2338.713: [GC [PSYoungGen: 252551K->1318K(303552K)] 604229K->353208K(990528K), 0.0109950 secs] [Times: user=0.07 sys=0.00, real=0.01 secs] 
2014-07-16T06:46:00.656+0000: 2339.657: [GC [PSYoungGen: 303504K->566K(294656K)] 655394K->352561K(981632K), 0.0054330 secs] [Times: user=0.02 sys=0.00, real=0.01 secs] 
2014-07-16T06:46:01.628+0000: 2340.629: [GC [PSYoungGen: 294646K->544K(286848K)] 646641K->352603K(973824K), 0.0047930 secs] [Times: user=0.02 sys=0.00, real=0.01 secs] 
2014-07-16T06:46:02.532+0000: 2341.533: [GC [PSYoungGen: 286816K->626K(279424K)] 638875K->352773K(966400K), 0.0075130 secs] [Times: user=0.04 sys=0.00, real=0.00 secs] 
2014-07-16T06:46:03.572+0000: 2342.572: [GC [PSYoungGen: 279410K->758K(272320K)] 631557K->352945K(959296K), 0.0111610 secs] [Times: user=0.06 sys=0.01, real=0.02 secs] 
2014-07-16T06:46:04.422+0000: 2343.423: [GC [PSYoungGen: 272269K->940K(265600K)] 624457K->353208K(952576K), 0.0083240 secs] [Times: user=0.05 sys=0.00, real=0.01 secs] 
2014-07-16T06:46:05.302+0000: 2344.303: [GC [PSYoungGen: 265580K->754K(258752K)] 617848K->353117K(945728K), 0.0085360 secs] [Times: user=0.05 sys=0.00, real=0.00 secs] 
2014-07-16T06:46:06.141+0000: 2345.142: [GC [PSYoungGen: 258738K->876K(252480K)] 611101K->353311K(939456K), 0.0057940 secs] [Times: user=0.03 sys=0.00, real=0.01 secs] 
2014-07-16T06:46:06.974+0000: 2345.975: [GC [PSYoungGen: 252460K->1058K(246464K)] 604895K->353557K(933440K), 0.0080320 secs] [Times: user=0.05 sys=0.00, real=0.01 secs] 
2014-07-16T06:46:07.812+0000: 2346.812: [GC [PSYoungGen: 246434K->876K(240320K)] 598933K->353641K(927296K), 0.0080410 secs] [Times: user=0.05 sys=0.00, real=0.01 secs] 
2014-07-16T06:46:08.716+0000: 2347.717: [GC [PSYoungGen: 240295K->972K(234688K)] 593061K->353793K(921664K), 0.0088640 secs] [Times: user=0.05 sys=0.00, real=0.01 secs] 
2014-07-16T06:46:09.514+0000: 2348.514: [GC [PSYoungGen: 234636K->776K(228992K)] 587457K->353743K(915968K), 0.0039650 secs] [Times: user=0.01 sys=0.00, real=0.00 secs] 
2014-07-16T06:46:10.261+0000: 2349.262: [GC [PSYoungGen: 228936K->1054K(223936K)] 581903K->354102K(910912K), 0.0054520 secs] [Times: user=0.02 sys=0.00, real=0.01 secs] 
2014-07-16T06:46:10.998+0000: 2349.998: [GC [PSYoungGen: 223902K->594K(218368K)] 576950K->353713K(905344K), 0.0066070 secs] [Times: user=0.05 sys=0.00, real=0.01 secs] 
2014-07-16T06:46:11.704+0000: 2350.704: [GC [PSYoungGen: 218322K->630K(213440K)] 571441K->353813K(900416K), 0.0075270 secs] [Times: user=0.05 sys=0.00, real=0.00 secs] 
2014-07-16T06:46:12.396+0000: 2351.397: [GC [PSYoungGen: 213388K->676K(256064K)] 566572K->353923K(943040K), 0.0125200 secs] [Times: user=0.08 sys=0.00, real=0.01 secs] 
2014-07-16T06:46:13.323+0000: 2352.323: [GC [PSYoungGen: 256002K->1170K(250240K)] 609249K->354513K(937216K), 0.0040570 secs] [Times: user=0.02 sys=0.00, real=0.01 secs] 
2014-07-16T06:46:14.120+0000: 2353.121: [GC [PSYoungGen: 250194K->926K(243904K)] 603537K->354318K(930880K), 0.0085970 secs] [Times: user=0.05 sys=0.01, real=0.01 secs] 
2014-07-16T06:46:14.901+0000: 2353.902: [GC [PSYoungGen: 243870K->722K(237824K)] 597262K->354161K(924800K), 0.0038540 secs] [Times: user=0.01 sys=0.00, real=0.01 secs] 
2014-07-16T06:46:15.715+0000: 2354.716: [GC [PSYoungGen: 237778K->1118K(232576K)] 591217K->354672K(919552K), 0.0046890 secs] [Times: user=0.02 sys=0.00, real=0.00 secs] 
2014-07-16T06:46:16.486+0000: 2355.486: [GC [PSYoungGen: 232542K->768K(226752K)] 586096K->354377K(913728K), 0.0072180 secs] [Times: user=0.02 sys=0.00, real=0.00 secs] 
2014-07-16T06:46:17.245+0000: 2356.246: [GC [PSYoungGen: 226752K->882K(221632K)] 580361K->354571K(908608K), 0.0076550 secs] [Times: user=0.05 sys=0.00, real=0.00 secs] 
2014-07-16T06:46:18.010+0000: 2357.011: [GC [PSYoungGen: 221618K->940K(216640K)] 575307K->354678K(903616K), 0.0105710 secs] [Times: user=0.06 sys=0.00, real=0.01 secs] 
2014-07-16T06:46:18.818+0000: 2357.819: [GC [PSYoungGen: 216620K->890K(211712K)] 570358K->354808K(898688K), 0.0057540 secs] [Times: user=0.03 sys=0.00, real=0.00 secs] 
2014-07-16T06:46:19.546+0000: 2358.547: [GC [PSYoungGen: 211705K->736K(206848K)] 565623K->354725K(893824K), 0.0039540 secs] [Times: user=0.02 sys=0.00, real=0.00 secs] 
2014-07-16T06:46:20.207+0000: 2359.207: [GC [PSYoungGen: 206816K->416K(201984K)] 560805K->354437K(888960K), 0.0040380 secs] [Times: user=0.02 sys=0.00, real=0.00 secs] 
2014-07-16T06:46:20.890+0000: 2359.890: [GC [PSYoungGen: 201952K->580K(197760K)] 555973K->354666K(884736K), 0.0065920 secs] [Times: user=0.04 sys=0.00, real=0.01 secs] 
2014-07-16T06:46:21.516+0000: 2360.516: [GC [PSYoungGen: 197700K->690K(193600K)] 551786K->354839K(880576K), 0.0067290 secs] [Times: user=0.03 sys=0.00, real=0.00 secs] 
2014-07-16T06:46:22.140+0000: 2361.141: [GC [PSYoungGen: 193586K->754K(189568K)] 547735K->354991K(876544K), 0.0076900 secs] [Times: user=0.04 sys=0.01, real=0.01 secs] 
2014-07-16T06:46:22.753+0000: 2361.754: [GC [PSYoungGen: 189554K->826K(227392K)] 543791K->355136K(914368K), 0.0088790 secs] [Times: user=0.06 sys=0.00, real=0.01 secs] 
2014-07-16T06:46:23.565+0000: 2362.566: [GC [PSYoungGen: 227380K->930K(272832K)] 581690K->355288K(959808K), 0.0077960 secs] [Times: user=0.05 sys=0.00, real=0.00 secs] 
2014-07-16T06:46:24.419+0000: 2363.419: [GC [PSYoungGen: 272753K->818K(265728K)] 627111K->355255K(952704K), 0.0032020 secs] [Times: user=0.01 sys=0.00, real=0.00 secs] 
2014-07-16T06:46:25.315+0000: 2364.316: [GC [PSYoungGen: 265714K->534K(258816K)] 620151K->355036K(945792K), 0.0069120 secs] [Times: user=0.05 sys=0.00, real=0.00 secs] 
2014-07-16T06:46:26.167+0000: 2365.168: [GC [PSYoungGen: 258774K->630K(252480K)] 613276K->355204K(939456K), 0.0063450 secs] [Times: user=0.04 sys=0.00, real=0.00 secs] 
2014-07-16T06:46:27.011+0000: 2366.011: [GC [PSYoungGen: 252470K->900K(246592K)] 607044K->355546K(933568K), 0.0101300 secs] [Times: user=0.05 sys=0.00, real=0.01 secs] 
2014-07-16T06:46:27.920+0000: 2366.921: [GC [PSYoungGen: 246532K->888K(240576K)] 601178K->355976K(927552K), 0.0078380 secs] [Times: user=0.05 sys=0.01, real=0.01 secs] 
2014-07-16T06:46:28.828+0000: 2367.829: [GC [PSYoungGen: 240564K->1196K(235136K)] 595652K->356364K(922112K), 0.0094250 secs] [Times: user=0.04 sys=0.00, real=0.01 secs] 
2014-07-16T06:46:29.640+0000: 2368.641: [GC [PSYoungGen: 235112K->740K(229184K)] 590280K->356144K(916160K), 0.0065820 secs] [Times: user=0.05 sys=0.01, real=0.01 secs] 
2014-07-16T06:46:30.432+0000: 2369.432: [GC [PSYoungGen: 229156K->1026K(224192K)] 584560K->356502K(911168K), 0.0046930 secs] [Times: user=0.01 sys=0.01, real=0.01 secs] 
2014-07-16T06:46:31.164+0000: 2370.164: [GC [PSYoungGen: 224130K->744K(218752K)] 579606K->356308K(905728K), 0.0057130 secs] [Times: user=0.04 sys=0.00, real=0.01 secs] 
2014-07-16T06:46:31.832+0000: 2370.833: [GC [PSYoungGen: 218686K->1054K(214080K)] 574250K->356730K(901056K), 0.0080730 secs] [Times: user=0.05 sys=0.00, real=0.01 secs] 
2014-07-16T06:46:32.522+0000: 2371.523: [GC [PSYoungGen: 214046K->994K(209216K)] 569722K->356858K(896192K), 0.0050920 secs] [Times: user=0.04 sys=0.00, real=0.01 secs] 
2014-07-16T06:46:33.189+0000: 2372.190: [GC [PSYoungGen: 209186K->786K(204416K)] 565050K->356754K(891392K), 0.0067670 secs] [Times: user=0.04 sys=0.00, real=0.01 secs] 
2014-07-16T06:46:33.985+0000: 2372.986: [GC [PSYoungGen: 204370K->986K(200128K)] 560338K->357034K(887104K), 0.0034100 secs] [Times: user=0.02 sys=0.00, real=0.01 secs] 
2014-07-16T06:46:34.611+0000: 2373.612: [GC [PSYoungGen: 200090K->580K(195456K)] 556138K->356700K(882432K), 0.0094030 secs] [Times: user=0.06 sys=0.00, real=0.01 secs] 
2014-07-16T06:46:35.274+0000: 2374.274: [GC [PSYoungGen: 195396K->1054K(191744K)] 551516K->357262K(878720K), 0.0042920 secs] [Times: user=0.02 sys=0.00, real=0.01 secs] 
2014-07-16T06:46:35.864+0000: 2374.865: [GC [PSYoungGen: 191710K->580K(187264K)] 547918K->356836K(874240K), 0.0078940 secs] [Times: user=0.05 sys=0.00, real=0.01 secs] 
2014-07-16T06:46:36.477+0000: 2375.478: [GC [PSYoungGen: 187183K->416K(224448K)] 543440K->356728K(911424K), 0.0095950 secs] [Times: user=0.05 sys=0.00, real=0.01 secs] 
2014-07-16T06:46:37.193+0000: 2376.194: [GC [PSYoungGen: 224416K->512K(269312K)] 580728K->356896K(956288K), 0.0097670 secs] [Times: user=0.05 sys=0.00, real=0.01 secs] 
2014-07-16T06:46:38.092+0000: 2377.093: [GC [PSYoungGen: 269277K->762K(262720K)] 625661K->357210K(949696K), 0.0044290 secs] [Times: user=0.02 sys=0.00, real=0.01 secs] 
2014-07-16T06:46:39.145+0000: 2378.145: [GC [PSYoungGen: 262714K->1164K(256576K)] 619162K->357684K(943552K), 0.0043140 secs] [Times: user=0.02 sys=0.00, real=0.01 secs] 
2014-07-16T06:46:40.016+0000: 2379.017: [GC [PSYoungGen: 256499K->822K(249856K)] 613019K->357406K(936832K), 0.0107850 secs] [Times: user=0.07 sys=0.00, real=0.01 secs] 
2014-07-16T06:46:40.826+0000: 2379.826: [GC [PSYoungGen: 249811K->658K(243648K)] 606395K->357298K(930624K), 0.0094470 secs] [Times: user=0.05 sys=0.00, real=0.01 secs] 
2014-07-16T06:46:41.602+0000: 2380.603: [GC [PSYoungGen: 243602K->730K(237824K)] 600242K->357426K(924800K), 0.0067510 secs] [Times: user=0.04 sys=0.00, real=0.01 secs] 
2014-07-16T06:46:42.367+0000: 2381.368: [GC [PSYoungGen: 237786K->744K(285248K)] 594482K->357488K(972224K), 0.0141180 secs] [Times: user=0.07 sys=0.00, real=0.02 secs] 
2014-07-16T06:46:43.295+0000: 2382.296: [GC [PSYoungGen: 285194K->1090K(320256K)] 641938K->357898K(1007232K), 0.0077120 secs] [Times: user=0.05 sys=0.00, real=0.01 secs] 
2014-07-16T06:46:44.464+0000: 2383.464: [GC [PSYoungGen: 320130K->1254K(311552K)] 676938K->358134K(998528K), 0.0056850 secs] [Times: user=0.04 sys=0.00, real=0.01 secs] 
2014-07-16T06:46:45.449+0000: 2384.449: [GC [PSYoungGen: 311487K->192K(302016K)] 668367K->357544K(988992K), 0.0069530 secs] [Times: user=0.04 sys=0.01, real=0.00 secs] 
2014-07-16T06:46:46.462+0000: 2385.463: [GC [PSYoungGen: 302016K->1090K(294848K)] 659368K->358506K(981824K), 0.0059550 secs] [Times: user=0.04 sys=0.00, real=0.01 secs] 
2014-07-16T06:46:47.489+0000: 2386.490: [GC [PSYoungGen: 294786K->858K(286784K)] 652202K->358512K(973760K), 0.0044590 secs] [Times: user=0.02 sys=0.00, real=0.00 secs] 
2014-07-16T06:46:48.459+0000: 2387.459: [GC [PSYoungGen: 286746K->1024K(279424K)] 644400K->358758K(966400K), 0.0063250 secs] [Times: user=0.04 sys=0.00, real=0.01 secs] 
2014-07-16T06:46:49.363+0000: 2388.363: [GC [PSYoungGen: 279409K->822K(272064K)] 637143K->358612K(959040K), 0.0096470 secs] [Times: user=0.03 sys=0.01, real=0.01 secs] 
2014-07-16T06:46:50.359+0000: 2389.359: [GC [PSYoungGen: 272054K->1022K(265344K)] 629844K->358876K(952320K), 0.0077150 secs] [Times: user=0.03 sys=0.00, real=0.01 secs] 
2014-07-16T06:46:51.209+0000: 2390.210: [GC [PSYoungGen: 265342K->466K(258176K)] 623196K->358376K(945152K), 0.0039520 secs] [Times: user=0.03 sys=0.00, real=0.00 secs] 
2014-07-16T06:46:52.051+0000: 2391.051: [GC [PSYoungGen: 258130K->1246K(252544K)] 616040K->359244K(939520K), 0.0036800 secs] [Times: user=0.02 sys=0.00, real=0.00 secs] 
2014-07-16T06:46:52.832+0000: 2391.833: [GC [PSYoungGen: 252510K->780K(245952K)] 610508K->358842K(932928K), 0.0040460 secs] [Times: user=0.02 sys=0.00, real=0.00 secs] 
2014-07-16T06:46:53.611+0000: 2392.612: [GC [PSYoungGen: 245900K->448K(239616K)] 603962K->358574K(926592K), 0.0111060 secs] [Times: user=0.06 sys=0.00, real=0.01 secs] 
2014-07-16T06:46:54.526+0000: 2393.526: [GC [PSYoungGen: 239589K->822K(234304K)] 597715K->359020K(921280K), 0.0146930 secs] [Times: user=0.09 sys=0.00, real=0.02 secs] 
2014-07-16T06:46:55.290+0000: 2394.290: [GC [PSYoungGen: 234294K->990K(228992K)] 592492K->359252K(915968K), 0.0072810 secs] [Times: user=0.05 sys=0.00, real=0.01 secs] 
2014-07-16T06:46:56.044+0000: 2395.044: [GC [PSYoungGen: 228958K->844K(274496K)] 587220K->359170K(961472K), 0.0150240 secs] [Times: user=0.10 sys=0.00, real=0.01 secs] 
2014-07-16T06:46:56.996+0000: 2395.997: [GC [PSYoungGen: 274444K->754K(313152K)] 632770K->359152K(1000128K), 0.0101480 secs] [Times: user=0.07 sys=0.00, real=0.01 secs] 
2014-07-16T06:46:58.024+0000: 2397.025: [GC [PSYoungGen: 312498K->894K(329664K)] 670896K->359356K(1016640K), 0.0091860 secs] [Times: user=0.05 sys=0.00, real=0.01 secs] 
2014-07-16T06:46:59.231+0000: 2398.231: [GC [PSYoungGen: 329214K->1224K(320448K)] 687676K->359782K(1007424K), 0.0048760 secs] [Times: user=0.02 sys=0.00, real=0.00 secs] 
2014-07-16T06:47:00.262+0000: 2399.263: [GC [PSYoungGen: 320392K->128K(310528K)] 678950K->358982K(997504K), 0.0033300 secs] [Times: user=0.02 sys=0.00, real=0.00 secs] 
2014-07-16T06:47:01.328+0000: 2400.329: [GC [PSYoungGen: 310528K->740K(303424K)] 669382K->359682K(990400K), 0.0064950 secs] [Times: user=0.04 sys=0.00, real=0.01 secs] 
2014-07-16T06:47:02.297+0000: 2401.297: [GC [PSYoungGen: 302692K->780K(294656K)] 661634K->359892K(981632K), 0.0101760 secs] [Times: user=0.05 sys=0.00, real=0.01 secs] 
2014-07-16T06:47:03.272+0000: 2402.273: [GC [PSYoungGen: 294603K->872K(286912K)] 653716K->360096K(973888K), 0.0053620 secs] [Times: user=0.03 sys=0.00, real=0.00 secs] 
2014-07-16T06:47:04.335+0000: 2403.336: [GC [PSYoungGen: 286888K->1022K(279552K)] 646112K->360310K(966528K), 0.0098720 secs] [Times: user=0.06 sys=0.00, real=0.01 secs] 
2014-07-16T06:47:05.197+0000: 2404.197: [GC [PSYoungGen: 279550K->594K(271936K)] 638838K->359938K(958912K), 0.0051890 secs] [Times: user=0.03 sys=0.00, real=0.01 secs] 
2014-07-16T06:47:06.086+0000: 2405.087: [GC [PSYoungGen: 271875K->690K(265088K)] 631219K->360098K(952064K), 0.0083260 secs] [Times: user=0.06 sys=0.01, real=0.01 secs] 
2014-07-16T06:47:07.007+0000: 2406.007: [GC [PSYoungGen: 265074K->1018K(258752K)] 624482K->360530K(945728K), 0.0067210 secs] [Times: user=0.04 sys=0.00, real=0.01 secs] 
2014-07-16T06:47:07.949+0000: 2406.949: [GC [PSYoungGen: 258746K->498K(251840K)] 618258K->360074K(938816K), 0.0058860 secs] [Times: user=0.03 sys=0.00, real=0.01 secs] 
2014-07-16T06:47:08.775+0000: 2407.775: [GC [PSYoungGen: 251826K->862K(246080K)] 611402K->360478K(933056K), 0.0057650 secs] [Times: user=0.02 sys=0.00, real=0.00 secs] 
2014-07-16T06:47:09.733+0000: 2408.734: [GC [PSYoungGen: 246031K->918K(240192K)] 605647K->360622K(927168K), 0.0072230 secs] [Times: user=0.05 sys=0.00, real=0.00 secs] 
2014-07-16T06:47:10.536+0000: 2409.537: [GC [PSYoungGen: 240150K->972K(234560K)] 599854K->360740K(921536K), 0.0051870 secs] [Times: user=0.02 sys=0.00, real=0.00 secs] 
2014-07-16T06:47:11.309+0000: 2410.310: [GC [PSYoungGen: 234427K->748K(228800K)] 594195K->360800K(915776K), 0.0054110 secs] [Times: user=0.03 sys=0.00, real=0.01 secs] 
2014-07-16T06:47:12.078+0000: 2411.078: [GC [PSYoungGen: 228780K->1078K(223808K)] 588832K->361194K(910784K), 0.0055140 secs] [Times: user=0.03 sys=0.00, real=0.01 secs] 
2014-07-16T06:47:12.776+0000: 2411.777: [GC [PSYoungGen: 223783K->876K(218496K)] 583899K->361146K(905472K), 0.0033930 secs] [Times: user=0.02 sys=0.00, real=0.00 secs] 
2014-07-16T06:47:13.493+0000: 2412.493: [GC [PSYoungGen: 218476K->1126K(213824K)] 578746K->361460K(900800K), 0.0073750 secs] [Times: user=0.05 sys=0.00, real=0.01 secs] 
2014-07-16T06:47:14.182+0000: 2413.183: [GC [PSYoungGen: 213791K->626K(208512K)] 574125K->361098K(895488K), 0.0033440 secs] [Times: user=0.02 sys=0.00, real=0.01 secs] 
2014-07-16T06:47:14.876+0000: 2413.877: [GC [PSYoungGen: 208498K->886K(204160K)] 568970K->361422K(891136K), 0.0047490 secs] [Times: user=0.02 sys=0.00, real=0.00 secs] 
2014-07-16T06:47:15.513+0000: 2414.513: [GC [PSYoungGen: 204097K->940K(199744K)] 564634K->361524K(886720K), 0.0039580 secs] [Times: user=0.02 sys=0.00, real=0.01 secs] 
2014-07-16T06:47:16.171+0000: 2415.172: [GC [PSYoungGen: 199724K->818K(195328K)] 560308K->361498K(882304K), 0.0070300 secs] [Times: user=0.04 sys=0.00, real=0.01 secs] 
2014-07-16T06:47:16.794+0000: 2415.794: [GC [PSYoungGen: 195314K->958K(191296K)] 555994K->361950K(878272K), 0.0063210 secs] [Times: user=0.03 sys=0.00, real=0.00 secs] 
2014-07-16T06:47:17.433+0000: 2416.434: [GC [PSYoungGen: 191280K->626K(186944K)] 552273K->361714K(873920K), 0.0069250 secs] [Times: user=0.05 sys=0.00, real=0.00 secs] 
2014-07-16T06:47:18.057+0000: 2417.058: [GC [PSYoungGen: 186930K->1036K(183488K)] 548018K->362196K(870464K), 0.0046430 secs] [Times: user=0.03 sys=0.00, real=0.00 secs] 
2014-07-16T06:47:18.676+0000: 2417.676: [GC [PSYoungGen: 183436K->768K(179392K)] 544596K->362016K(866368K), 0.0062100 secs] [Times: user=0.03 sys=0.00, real=0.00 secs] 
2014-07-16T06:47:19.256+0000: 2418.257: [GC [PSYoungGen: 179391K->1144K(215552K)] 540639K->362504K(902528K), 0.0153650 secs] [Times: user=0.10 sys=0.00, real=0.01 secs] 
2014-07-16T06:47:20.109+0000: 2419.110: [GC [PSYoungGen: 215544K->986K(258304K)] 576904K->362418K(945280K), 0.0091740 secs] [Times: user=0.05 sys=0.00, real=0.01 secs] 
2014-07-16T06:47:20.955+0000: 2419.956: [GC [PSYoungGen: 258266K->830K(309568K)] 619698K->362582K(996544K), 0.0061800 secs] [Times: user=0.02 sys=0.00, real=0.00 secs] 
2014-07-16T06:47:21.980+0000: 2420.980: [GC [PSYoungGen: 309566K->768K(301120K)] 671318K->362592K(988096K), 0.0039540 secs] [Times: user=0.02 sys=0.00, real=0.00 secs] 
2014-07-16T06:47:22.934+0000: 2421.935: [GC [PSYoungGen: 301120K->876K(293184K)] 662944K->362772K(980160K), 0.0091850 secs] [Times: user=0.06 sys=0.00, real=0.00 secs] 
2014-07-16T06:47:23.874+0000: 2422.875: [GC [PSYoungGen: 293164K->908K(285504K)] 655060K->362900K(972480K), 0.0109230 secs] [Times: user=0.05 sys=0.00, real=0.01 secs] 
2014-07-16T06:47:24.894+0000: 2423.895: [GC [PSYoungGen: 285452K->544K(277696K)] 647444K->362600K(964672K), 0.0064400 secs] [Times: user=0.05 sys=0.00, real=0.01 secs] 
2014-07-16T06:47:25.763+0000: 2424.764: [GC [PSYoungGen: 277628K->740K(270720K)] 639684K->362852K(957696K), 0.0081120 secs] [Times: user=0.05 sys=0.00, real=0.01 secs] 
2014-07-16T06:47:26.698+0000: 2425.699: [GC [PSYoungGen: 270692K->960K(312832K)] 632804K->363128K(999808K), 0.0142840 secs] [Times: user=0.08 sys=0.00, real=0.01 secs] 
2014-07-16T06:47:27.726+0000: 2426.727: [GC [PSYoungGen: 312384K->498K(312768K)] 674552K->362722K(999744K), 0.0094060 secs] [Times: user=0.05 sys=0.00, real=0.01 secs] 
2014-07-16T06:47:28.747+0000: 2427.748: [GC [PSYoungGen: 311922K->1390K(304320K)] 674146K->364002K(991296K), 0.0064890 secs] [Times: user=0.03 sys=0.00, real=0.00 secs] 
2014-07-16T06:47:29.847+0000: 2428.847: [GC [PSYoungGen: 304253K->1040K(295872K)] 666866K->363716K(982848K), 0.0069030 secs] [Times: user=0.04 sys=0.00, real=0.00 secs] 
2014-07-16T06:47:30.796+0000: 2429.797: [GC [PSYoungGen: 295824K->866K(287872K)] 658500K->363792K(974848K), 0.0074400 secs] [Times: user=0.03 sys=0.00, real=0.00 secs] 
2014-07-16T06:47:31.782+0000: 2430.783: [GC [PSYoungGen: 287842K->1072K(280512K)] 650768K->364070K(967488K), 0.0104950 secs] [Times: user=0.06 sys=0.01, real=0.01 secs] 
2014-07-16T06:47:32.681+0000: 2431.682: [GC [PSYoungGen: 280496K->626K(272832K)] 643494K->363812K(959808K), 0.0064860 secs] [Times: user=0.03 sys=0.01, real=0.01 secs] 
2014-07-16T06:47:33.547+0000: 2432.547: [GC [PSYoungGen: 272818K->676K(265920K)] 636004K->363942K(952896K), 0.0059980 secs] [Times: user=0.04 sys=0.00, real=0.00 secs] 
2014-07-16T06:47:34.423+0000: 2433.424: [GC [PSYoungGen: 265892K->626K(259136K)] 629158K->363940K(946112K), 0.0084650 secs] [Times: user=0.05 sys=0.00, real=0.01 secs] 
2014-07-16T06:47:35.308+0000: 2434.308: [GC [PSYoungGen: 259122K->740K(252800K)] 622436K->364134K(939776K), 0.0078170 secs] [Times: user=0.04 sys=0.00, real=0.00 secs] 
2014-07-16T06:47:36.157+0000: 2435.158: [GC [PSYoungGen: 252772K->1068K(303552K)] 616166K->364534K(990528K), 0.0322560 secs] [Times: user=0.23 sys=0.00, real=0.03 secs] 
2014-07-16T06:47:37.173+0000: 2436.173: [GC [PSYoungGen: 303532K->1036K(364096K)] 666998K->364574K(1051072K), 0.0038230 secs] [Times: user=0.02 sys=0.00, real=0.01 secs] 
2014-07-16T06:47:38.323+0000: 2437.324: [GC [PSYoungGen: 364044K->922K(368576K)] 727582K->364524K(1055552K), 0.0161330 secs] [Times: user=0.11 sys=0.00, real=0.02 secs] 
2014-07-16T06:47:39.548+0000: 2438.549: [GC [PSYoungGen: 368538K->1178K(369088K)] 732140K->364852K(1056064K), 0.0048330 secs] [Times: user=0.02 sys=0.00, real=0.00 secs] 
2014-07-16T06:47:40.928+0000: 2439.929: [GC [PSYoungGen: 368794K->1164K(358080K)] 732468K->364870K(1045056K), 0.0080120 secs] [Times: user=0.02 sys=0.00, real=0.00 secs] 
2014-07-16T06:47:42.158+0000: 2441.159: [GC [PSYoungGen: 358027K->694K(347264K)] 721734K->364472K(1034240K), 0.0116290 secs] [Times: user=0.08 sys=0.00, real=0.01 secs] 
2014-07-16T06:47:43.290+0000: 2442.290: [GC [PSYoungGen: 347254K->940K(337600K)] 711032K->364774K(1024576K), 0.0053450 secs] [Times: user=0.02 sys=0.01, real=0.00 secs] 
2014-07-16T06:47:44.396+0000: 2443.396: [GC [PSYoungGen: 337580K->886K(328064K)] 701414K->364792K(1015040K), 0.0126580 secs] [Times: user=0.07 sys=0.00, real=0.02 secs] 
2014-07-16T06:47:45.534+0000: 2444.535: [GC [PSYoungGen: 328042K->1140K(319232K)] 691948K->365176K(1006208K), 0.0093280 secs] [Times: user=0.04 sys=0.00, real=0.01 secs] 
2014-07-16T06:47:46.603+0000: 2445.604: [GC [PSYoungGen: 319220K->626K(309952K)] 683256K->364742K(996928K), 0.0072340 secs] [Times: user=0.04 sys=0.00, real=0.01 secs] 
2014-07-16T06:47:47.650+0000: 2446.651: [GC [PSYoungGen: 309938K->794K(301760K)] 674054K->364974K(988736K), 0.0044230 secs] [Times: user=0.03 sys=0.00, real=0.00 secs] 
2014-07-16T06:47:48.672+0000: 2447.673: [GC [PSYoungGen: 301709K->986K(293888K)] 665889K->365238K(980864K), 0.0039300 secs] [Times: user=0.02 sys=0.00, real=0.00 secs] 
2014-07-16T06:47:49.646+0000: 2448.647: [GC [PSYoungGen: 293850K->1080K(286208K)] 658102K->365388K(973184K), 0.0041410 secs] [Times: user=0.02 sys=0.00, real=0.01 secs] 
2014-07-16T06:47:50.772+0000: 2449.773: [GC [PSYoungGen: 286126K->1450K(279168K)] 650435K->366038K(966144K), 0.0082990 secs] [Times: user=0.04 sys=0.01, real=0.01 secs] 
2014-07-16T06:47:51.767+0000: 2450.767: [GC [PSYoungGen: 279102K->420K(270976K)] 643691K->365630K(957952K), 0.0129100 secs] [Times: user=0.09 sys=0.01, real=0.02 secs] 
2014-07-16T06:47:52.656+0000: 2451.657: [GC [PSYoungGen: 270948K->1012K(264640K)] 636158K->366278K(951616K), 0.0051490 secs] [Times: user=0.03 sys=0.00, real=0.01 secs] 
2014-07-16T06:47:53.527+0000: 2452.528: [GC [PSYoungGen: 264628K->1322K(258304K)] 629894K->366840K(945280K), 0.0057910 secs] [Times: user=0.01 sys=0.00, real=0.01 secs] 
2014-07-16T06:47:54.338+0000: 2453.339: [GC [PSYoungGen: 258282K->754K(251328K)] 623800K->366368K(938304K), 0.0082870 secs] [Times: user=0.05 sys=0.00, real=0.01 secs] 
2014-07-16T06:47:55.289+0000: 2454.290: [GC [PSYoungGen: 251314K->1126K(245568K)] 616928K->366918K(932544K), 0.0054750 secs] [Times: user=0.03 sys=0.00, real=0.00 secs] 
2014-07-16T06:47:56.088+0000: 2455.088: [GC [PSYoungGen: 245530K->1362K(239936K)] 611322K->367210K(926912K), 0.0093640 secs] [Times: user=0.06 sys=0.00, real=0.01 secs] 
2014-07-16T06:47:56.874+0000: 2455.875: [GC [PSYoungGen: 239890K->806K(233664K)] 605738K->366906K(920640K), 0.0101270 secs] [Times: user=0.07 sys=0.00, real=0.01 secs] 
2014-07-16T06:47:57.667+0000: 2456.668: [GC [PSYoungGen: 233638K->690K(228032K)] 599738K->366862K(915008K), 0.0043730 secs] [Times: user=0.02 sys=0.00, real=0.01 secs] 
2014-07-16T06:47:58.376+0000: 2457.377: [GC [PSYoungGen: 228018K->1508K(223552K)] 594190K->367784K(910528K), 0.0073970 secs] [Times: user=0.05 sys=0.00, real=0.01 secs] 
2014-07-16T06:47:59.157+0000: 2458.158: [GC [PSYoungGen: 223475K->1670K(218624K)] 589751K->368010K(905600K), 0.0044210 secs] [Times: user=0.02 sys=0.00, real=0.01 secs] 
2014-07-16T06:47:59.873+0000: 2458.873: [GC [PSYoungGen: 218565K->384K(212352K)] 584905K->366892K(899328K), 0.0090050 secs] [Times: user=0.06 sys=0.00, real=0.01 secs] 
2014-07-16T06:48:00.711+0000: 2459.712: [GC [PSYoungGen: 212352K->1136K(208384K)] 578860K->367700K(895360K), 0.0056880 secs] [Times: user=0.03 sys=0.00, real=0.00 secs] 
2014-07-16T06:48:01.429+0000: 2460.430: [GC [PSYoungGen: 208368K->882K(249600K)] 574932K->367600K(936576K), 0.0112810 secs] [Times: user=0.06 sys=0.01, real=0.02 secs] 
2014-07-16T06:48:02.285+0000: 2461.286: [GC [PSYoungGen: 249586K->608K(299136K)] 616304K->367390K(986112K), 0.0092890 secs] [Times: user=0.06 sys=0.00, real=0.01 secs] 
2014-07-16T06:48:03.254+0000: 2462.254: [GC [PSYoungGen: 299104K->754K(291264K)] 665886K->367632K(978240K), 0.0062190 secs] [Times: user=0.05 sys=0.00, real=0.01 secs] 
2014-07-16T06:48:04.195+0000: 2463.195: [GC [PSYoungGen: 291250K->768K(283584K)] 658128K->367750K(970560K), 0.0083540 secs] [Times: user=0.04 sys=0.01, real=0.01 secs] 
2014-07-16T06:48:05.074+0000: 2464.075: [GC [PSYoungGen: 283584K->1110K(276608K)] 650566K->368148K(963584K), 0.0064540 secs] [Times: user=0.03 sys=0.01, real=0.01 secs] 
2014-07-16T06:48:06.020+0000: 2465.020: [GC [PSYoungGen: 276566K->990K(331584K)] 643604K->368076K(1018560K), 0.0211830 secs] [Times: user=0.13 sys=0.00, real=0.03 secs] 
2014-07-16T06:48:07.078+0000: 2466.079: [GC [PSYoungGen: 331550K->990K(397696K)] 698636K->368172K(1084672K), 0.0073580 secs] [Times: user=0.05 sys=0.00, real=0.01 secs] 
2014-07-16T06:48:08.408+0000: 2467.409: [GC [PSYoungGen: 397662K->530K(385280K)] 764844K->367768K(1072256K), 0.0066200 secs] [Times: user=0.04 sys=0.00, real=0.01 secs] 
2014-07-16T06:48:09.676+0000: 2468.677: [GC [PSYoungGen: 385234K->1076K(374336K)] 752472K->368370K(1061312K), 0.0071200 secs] [Times: user=0.04 sys=0.00, real=0.01 secs] 
2014-07-16T06:48:10.982+0000: 2469.983: [GC [PSYoungGen: 374324K->1134K(363392K)] 741618K->368484K(1050368K), 0.0081150 secs] [Times: user=0.06 sys=0.00, real=0.00 secs] 
2014-07-16T06:48:12.230+0000: 2471.230: [GC [PSYoungGen: 363374K->818K(352512K)] 730724K->368256K(1039488K), 0.0060930 secs] [Times: user=0.03 sys=0.00, real=0.01 secs] 
2014-07-16T06:48:13.374+0000: 2472.375: [GC [PSYoungGen: 352498K->722K(342336K)] 719936K->368256K(1029312K), 0.0038930 secs] [Times: user=0.03 sys=0.00, real=0.00 secs] 
2014-07-16T06:48:14.473+0000: 2473.474: [GC [PSYoungGen: 342262K->844K(332736K)] 709796K->368450K(1019712K), 0.0063160 secs] [Times: user=0.04 sys=0.00, real=0.00 secs] 
2014-07-16T06:48:15.617+0000: 2474.618: [GC [PSYoungGen: 332684K->1304K(323904K)] 700290K->368998K(1010880K), 0.0069240 secs] [Times: user=0.04 sys=0.00, real=0.01 secs] 
2014-07-16T06:48:16.600+0000: 2475.601: [GC [PSYoungGen: 323864K->884K(314496K)] 691558K->368796K(1001472K), 0.0050870 secs] [Times: user=0.01 sys=0.00, real=0.01 secs] 
2014-07-16T06:48:17.576+0000: 2476.576: [GC [PSYoungGen: 314459K->676K(305728K)] 682371K->368733K(992704K), 0.0056620 secs] [Times: user=0.04 sys=0.00, real=0.00 secs] 
2014-07-16T06:48:18.602+0000: 2477.603: [GC [PSYoungGen: 305694K->644K(297472K)] 673752K->368831K(984448K), 0.0060330 secs] [Times: user=0.03 sys=0.00, real=0.00 secs] 
2014-07-16T06:48:19.575+0000: 2478.575: [GC [PSYoungGen: 297410K->1514K(290368K)] 665598K->369782K(977344K), 0.0069920 secs] [Times: user=0.04 sys=0.01, real=0.00 secs] 
2014-07-16T06:48:20.680+0000: 2479.681: [GC [PSYoungGen: 290346K->1022K(282240K)] 658614K->369450K(969216K), 0.0042650 secs] [Times: user=0.02 sys=0.00, real=0.01 secs] 
2014-07-16T06:48:21.679+0000: 2480.679: [GC [PSYoungGen: 282238K->1060K(275008K)] 650666K->369559K(961984K), 0.0101500 secs] [Times: user=0.07 sys=0.00, real=0.01 secs] 
2014-07-16T06:48:22.627+0000: 2481.628: [GC [PSYoungGen: 274980K->480K(267392K)] 643479K->369135K(954368K), 0.0074200 secs] [Times: user=0.04 sys=0.00, real=0.01 secs] 
2014-07-16T06:48:23.499+0000: 2482.500: [GC [PSYoungGen: 267360K->544K(260672K)] 636015K->369271K(947648K), 0.0055480 secs] [Times: user=0.03 sys=0.00, real=0.01 secs] 
2014-07-16T06:48:24.313+0000: 2483.314: [GC [PSYoungGen: 260593K->776K(254400K)] 629320K->369568K(941376K), 0.0125230 secs] [Times: user=0.08 sys=0.00, real=0.01 secs] 
2014-07-16T06:48:25.113+0000: 2484.113: [GC [PSYoungGen: 254344K->580K(247936K)] 623136K->369435K(934912K), 0.0071600 secs] [Times: user=0.04 sys=0.00, real=0.01 secs] 
2014-07-16T06:48:26.010+0000: 2485.010: [GC [PSYoungGen: 247876K->1036K(242368K)] 616731K->369972K(929344K), 0.0084870 secs] [Times: user=0.06 sys=0.00, real=0.01 secs] 
2014-07-16T06:48:26.763+0000: 2485.763: [GC [PSYoungGen: 242316K->912K(236416K)] 611252K->369912K(923392K), 0.0064600 secs] [Times: user=0.04 sys=0.00, real=0.01 secs] 
2014-07-16T06:48:27.511+0000: 2486.511: [GC [PSYoungGen: 236339K->644K(230592K)] 605339K->369739K(917568K), 0.0037850 secs] [Times: user=0.03 sys=0.00, real=0.01 secs] 
2014-07-16T06:48:28.267+0000: 2487.267: [GC [PSYoungGen: 230532K->662K(225216K)] 599627K->369813K(912192K), 0.0068480 secs] [Times: user=0.03 sys=0.00, real=0.00 secs] 
2014-07-16T06:48:29.010+0000: 2488.011: [GC [PSYoungGen: 225174K->640K(219968K)] 594325K->369847K(906944K), 0.0087990 secs] [Times: user=0.04 sys=0.00, real=0.01 secs] 
2014-07-16T06:48:29.706+0000: 2488.707: [GC [PSYoungGen: 219968K->594K(214976K)] 589175K->369865K(901952K), 0.0058050 secs] [Times: user=0.03 sys=0.00, real=0.00 secs] 
2014-07-16T06:48:30.406+0000: 2489.407: [GC [PSYoungGen: 214930K->844K(210368K)] 584201K->370188K(897344K), 0.0052010 secs] [Times: user=0.03 sys=0.00, real=0.00 secs] 
2014-07-16T06:48:31.172+0000: 2490.172: [GC [PSYoungGen: 210316K->658K(205504K)] 579660K->370081K(892480K), 0.0069740 secs] [Times: user=0.04 sys=0.00, real=0.01 secs] 
2014-07-16T06:48:31.833+0000: 2490.834: [GC [PSYoungGen: 205458K->448K(200768K)] 574881K->369911K(887744K), 0.0040000 secs] [Times: user=0.02 sys=0.00, real=0.01 secs] 
2014-07-16T06:48:32.497+0000: 2491.498: [GC [PSYoungGen: 200758K->908K(196928K)] 570222K->370444K(883904K), 0.0066820 secs] [Times: user=0.04 sys=0.00, real=0.00 secs] 
2014-07-16T06:48:33.122+0000: 2492.123: [GC [PSYoungGen: 196876K->640K(192384K)] 566412K->370263K(879360K), 0.0045080 secs] [Times: user=0.02 sys=0.01, real=0.01 secs] 
2014-07-16T06:48:33.746+0000: 2492.746: [GC [PSYoungGen: 192384K->640K(188352K)] 562007K->370359K(875328K), 0.0061070 secs] [Times: user=0.04 sys=0.00, real=0.00 secs] 
2014-07-16T06:48:34.367+0000: 2493.367: [GC [PSYoungGen: 188352K->962K(184832K)] 558071K->370722K(871808K), 0.0052660 secs] [Times: user=0.02 sys=0.01, real=0.00 secs] 
2014-07-16T06:48:34.971+0000: 2493.972: [GC [PSYoungGen: 184770K->1016K(181056K)] 554530K->370832K(868032K), 0.0089290 secs] [Times: user=0.06 sys=0.00, real=0.01 secs] 
2014-07-16T06:48:35.557+0000: 2494.558: [GC [PSYoungGen: 181048K->512K(216576K)] 550864K->370375K(903552K), 0.0093080 secs] [Times: user=0.06 sys=0.01, real=0.01 secs] 
2014-07-16T06:48:36.427+0000: 2495.428: [GC [PSYoungGen: 216554K->830K(260160K)] 586418K->370750K(947136K), 0.0117620 secs] [Times: user=0.07 sys=0.00, real=0.01 secs] 
2014-07-16T06:48:37.238+0000: 2496.239: [GC [PSYoungGen: 260158K->666K(253568K)] 630078K->370650K(940544K), 0.0031630 secs] [Times: user=0.01 sys=0.01, real=0.00 secs] 
2014-07-16T06:48:38.039+0000: 2497.040: [GC [PSYoungGen: 253530K->740K(247424K)] 623514K->370827K(934400K), 0.0068740 secs] [Times: user=0.05 sys=0.00, real=0.01 secs] 
2014-07-16T06:48:38.880+0000: 2497.881: [GC [PSYoungGen: 247389K->836K(241536K)] 617477K->371027K(928512K), 0.0065370 secs] [Times: user=0.03 sys=0.00, real=0.01 secs] 
2014-07-16T06:48:39.695+0000: 2498.696: [GC [PSYoungGen: 241476K->1204K(289984K)] 611667K->371981K(976960K), 0.0118100 secs] [Times: user=0.08 sys=0.00, real=0.02 secs] 
2014-07-16T06:48:40.734+0000: 2499.735: [GC [PSYoungGen: 289972K->356K(281536K)] 660749K->371919K(968512K), 0.0038590 secs] [Times: user=0.02 sys=0.00, real=0.01 secs] 
2014-07-16T06:48:41.825+0000: 2500.826: [GC [PSYoungGen: 281435K->1100K(275008K)] 652999K->372767K(961984K), 0.0042170 secs] [Times: user=0.02 sys=0.00, real=0.01 secs] 
2014-07-16T06:48:42.830+0000: 2501.830: [GC [PSYoungGen: 274942K->1118K(267968K)] 646609K->373015K(954944K), 0.0062760 secs] [Times: user=0.03 sys=0.01, real=0.01 secs] 
2014-07-16T06:48:43.625+0000: 2502.626: [GC [PSYoungGen: 267934K->480K(260544K)] 639831K->372433K(947520K), 0.0109660 secs] [Times: user=0.06 sys=0.01, real=0.02 secs] 
2014-07-16T06:48:44.470+0000: 2503.471: [GC [PSYoungGen: 260512K->868K(254400K)] 632465K->372917K(941376K), 0.0083490 secs] [Times: user=0.05 sys=0.01, real=0.01 secs] 
2014-07-16T06:48:45.269+0000: 2504.270: [GC [PSYoungGen: 254372K->818K(248064K)] 626421K->372955K(935040K), 0.0097430 secs] [Times: user=0.06 sys=0.00, real=0.01 secs] 
2014-07-16T06:48:46.092+0000: 2505.093: [GC [PSYoungGen: 248029K->1380K(298112K)] 620167K->373614K(985088K), 0.0108520 secs] [Times: user=0.05 sys=0.00, real=0.01 secs] 
2014-07-16T06:48:47.015+0000: 2506.016: [GC [PSYoungGen: 298084K->648K(289472K)] 670318K->372929K(976448K), 0.0072570 secs] [Times: user=0.05 sys=0.00, real=0.01 secs] 
2014-07-16T06:48:47.954+0000: 2506.955: [GC [PSYoungGen: 289389K->1104K(282304K)] 661671K->373539K(969280K), 0.0047070 secs] [Times: user=0.02 sys=0.00, real=0.01 secs] 
2014-07-16T06:48:48.881+0000: 2507.881: [GC [PSYoungGen: 282236K->932K(274816K)] 654672K->373431K(961792K), 0.0081590 secs] [Times: user=0.02 sys=0.00, real=0.01 secs] 
2014-07-16T06:48:49.782+0000: 2508.783: [GC [PSYoungGen: 274788K->690K(267520K)] 647287K->373285K(954496K), 0.0065290 secs] [Times: user=0.04 sys=0.00, real=0.01 secs] 
2014-07-16T06:48:50.671+0000: 2509.672: [GC [PSYoungGen: 267462K->1422K(261504K)] 640058K->374106K(948480K), 0.0045250 secs] [Times: user=0.02 sys=0.00, real=0.00 secs] 
2014-07-16T06:48:51.746+0000: 2510.746: [GC [PSYoungGen: 261454K->730K(254272K)] 634138K->373461K(941248K), 0.0105870 secs] [Times: user=0.07 sys=0.00, real=0.01 secs] 
2014-07-16T06:48:52.597+0000: 2511.597: [GC [PSYoungGen: 254234K->1472K(248768K)] 626965K->374268K(935744K), 0.0100520 secs] [Times: user=0.06 sys=0.00, real=0.01 secs] 
2014-07-16T06:48:53.418+0000: 2512.419: [GC [PSYoungGen: 248704K->922K(242176K)] 621500K->373805K(929152K), 0.0053930 secs] [Times: user=0.03 sys=0.00, real=0.00 secs] 
2014-07-16T06:48:54.190+0000: 2513.191: [GC [PSYoungGen: 242135K->1040K(236480K)] 615019K->373980K(923456K), 0.0097250 secs] [Times: user=0.05 sys=0.01, real=0.01 secs] 
2014-07-16T06:48:54.956+0000: 2513.957: [GC [PSYoungGen: 236432K->658K(230528K)] 609372K->373669K(917504K), 0.0056360 secs] [Times: user=0.02 sys=0.00, real=0.01 secs] 
2014-07-16T06:48:55.727+0000: 2514.727: [GC [PSYoungGen: 230459K->1082K(225536K)] 603471K->374165K(912512K), 0.0039970 secs] [Times: user=0.01 sys=0.00, real=0.01 secs] 
2014-07-16T06:48:56.533+0000: 2515.534: [GC [PSYoungGen: 225530K->1262K(220544K)] 598613K->374426K(907520K), 0.0037220 secs] [Times: user=0.02 sys=0.01, real=0.00 secs] 
2014-07-16T06:48:57.193+0000: 2516.193: [GC [PSYoungGen: 220526K->684K(214976K)] 593690K->373911K(901952K), 0.0065380 secs] [Times: user=0.03 sys=0.00, real=0.01 secs] 
2014-07-16T06:48:57.920+0000: 2516.921: [GC [PSYoungGen: 214917K->1230K(210752K)] 588145K->374514K(897728K), 0.0042080 secs] [Times: user=0.02 sys=0.00, real=0.00 secs] 
2014-07-16T06:48:58.615+0000: 2517.615: [GC [PSYoungGen: 210702K->662K(205504K)] 583986K->374017K(892480K), 0.0060060 secs] [Times: user=0.04 sys=0.00, real=0.01 secs] 
2014-07-16T06:48:59.316+0000: 2518.317: [GC [PSYoungGen: 205462K->672K(201024K)] 578817K->374123K(888000K), 0.0042010 secs] [Times: user=0.02 sys=0.00, real=0.01 secs] 
2014-07-16T06:48:59.982+0000: 2518.983: [GC [PSYoungGen: 200992K->790K(196800K)] 574443K->374305K(883776K), 0.0051450 secs] [Times: user=0.02 sys=0.00, real=0.00 secs] 
2014-07-16T06:49:00.634+0000: 2519.635: [GC [PSYoungGen: 196758K->1376K(193152K)] 570273K->374948K(880128K), 0.0076150 secs] [Times: user=0.04 sys=0.00, real=0.01 secs] 
2014-07-16T06:49:01.384+0000: 2520.384: [GC [PSYoungGen: 193108K->1314K(189056K)] 566680K->374950K(876032K), 0.0086880 secs] [Times: user=0.05 sys=0.00, real=0.01 secs] 
2014-07-16T06:49:01.983+0000: 2520.984: [GC [PSYoungGen: 189026K->748K(184576K)] 562662K->374455K(871552K), 0.0071700 secs] [Times: user=0.04 sys=0.00, real=0.01 secs] 
2014-07-16T06:49:02.569+0000: 2521.570: [GC [PSYoungGen: 184556K->576K(180608K)] 558263K->374363K(867584K), 0.0060220 secs] [Times: user=0.04 sys=0.00, real=0.00 secs] 
2014-07-16T06:49:03.176+0000: 2522.177: [GC [PSYoungGen: 180608K->1454K(217536K)] 554395K->375306K(904512K), 0.0088230 secs] [Times: user=0.05 sys=0.00, real=0.01 secs] 
2014-07-16T06:49:03.913+0000: 2522.913: [GC [PSYoungGen: 217489K->1118K(212352K)] 591340K->375041K(899328K), 0.0033580 secs] [Times: user=0.02 sys=0.00, real=0.00 secs] 
2014-07-16T06:49:04.617+0000: 2523.617: [GC [PSYoungGen: 212281K->776K(254272K)] 586205K->374779K(941248K), 0.0124640 secs] [Times: user=0.08 sys=0.00, real=0.02 secs] 
2014-07-16T06:49:05.408+0000: 2524.409: [GC [PSYoungGen: 254188K->580K(304768K)] 628192K->374647K(991744K), 0.0077950 secs] [Times: user=0.05 sys=0.00, real=0.01 secs] 
2014-07-16T06:49:06.522+0000: 2525.523: [GC [PSYoungGen: 304708K->1208K(297152K)] 678775K->375356K(984128K), 0.0036260 secs] [Times: user=0.02 sys=0.00, real=0.00 secs] 
2014-07-16T06:49:07.428+0000: 2526.429: [GC [PSYoungGen: 297144K->1094K(289216K)] 671292K->375338K(976192K), 0.0068000 secs] [Times: user=0.04 sys=0.00, real=0.01 secs] 
2014-07-16T06:49:08.366+0000: 2527.367: [GC [PSYoungGen: 289157K->1266K(281792K)] 663401K->376062K(968768K), 0.0118860 secs] [Times: user=0.06 sys=0.00, real=0.01 secs] 
2014-07-16T06:49:09.305+0000: 2528.306: [GC [PSYoungGen: 281778K->890K(337536K)] 656574K->375734K(1024512K), 0.0143030 secs] [Times: user=0.08 sys=0.00, real=0.01 secs] 
2014-07-16T06:49:10.416+0000: 2529.416: [GC [PSYoungGen: 337530K->780K(328000K)] 712374K->375730K(1014976K), 0.0059740 secs] [Times: user=0.03 sys=0.00, real=0.01 secs] 
2014-07-16T06:49:11.659+0000: 2530.660: [GC [PSYoungGen: 327914K->1318K(319424K)] 702864K->376332K(1006400K), 0.0077920 secs] [Times: user=0.04 sys=0.00, real=0.01 secs] 
2014-07-16T06:49:12.741+0000: 2531.742: [GC [PSYoungGen: 319398K->1198K(310528K)] 694412K->376244K(997504K), 0.0045470 secs] [Times: user=0.02 sys=0.00, real=0.00 secs] 
2014-07-16T06:49:13.774+0000: 2532.775: [GC [PSYoungGen: 310508K->722K(301696K)] 685554K->375840K(988672K), 0.0086750 secs] [Times: user=0.05 sys=0.00, real=0.01 secs] 
2014-07-16T06:49:14.777+0000: 2533.778: [GC [PSYoungGen: 301637K->704K(293568K)] 676755K->375861K(980544K), 0.0140920 secs] [Times: user=0.07 sys=0.00, real=0.02 secs] 
2014-07-16T06:49:15.757+0000: 2534.758: [GC [PSYoungGen: 293552K->976K(286144K)] 668710K->376182K(973120K), 0.0118800 secs] [Times: user=0.06 sys=0.00, real=0.01 secs] 
2014-07-16T06:49:16.809+0000: 2535.810: [GC [PSYoungGen: 286093K->844K(278592K)] 661299K->376130K(965568K), 0.0058420 secs] [Times: user=0.04 sys=0.00, real=0.01 secs] 
2014-07-16T06:49:17.681+0000: 2536.682: [GC [PSYoungGen: 278537K->922K(271488K)] 653823K->376288K(958464K), 0.0069550 secs] [Times: user=0.05 sys=0.00, real=0.00 secs] 
2014-07-16T06:49:18.545+0000: 2537.546: [GC [PSYoungGen: 271450K->662K(264320K)] 646816K->376108K(951296K), 0.0055930 secs] [Times: user=0.04 sys=0.00, real=0.00 secs] 
2014-07-16T06:49:19.414+0000: 2538.415: [GC [PSYoungGen: 264275K->972K(257984K)] 639721K->376506K(944960K), 0.0058460 secs] [Times: user=0.04 sys=0.00, real=0.00 secs] 
2014-07-16T06:49:20.269+0000: 2539.269: [GC [PSYoungGen: 257932K->658K(251264K)] 633466K->376240K(938240K), 0.0037900 secs] [Times: user=0.02 sys=0.00, real=0.01 secs] 
2014-07-16T06:49:21.058+0000: 2540.058: [GC [PSYoungGen: 251158K->648K(245120K)] 626740K->376286K(932096K), 0.0072580 secs] [Times: user=0.05 sys=0.00, real=0.01 secs] 
2014-07-16T06:49:21.921+0000: 2540.921: [GC [PSYoungGen: 245064K->626K(239168K)] 620702K->376320K(926144K), 0.0096040 secs] [Times: user=0.06 sys=0.00, real=0.01 secs] 
2014-07-16T06:49:22.745+0000: 2541.745: [GC [PSYoungGen: 239150K->594K(233472K)] 614844K->376368K(920448K), 0.0079090 secs] [Times: user=0.05 sys=0.00, real=0.01 secs] 
2014-07-16T06:49:23.522+0000: 2542.523: [GC [PSYoungGen: 233426K->886K(228224K)] 609200K->376748K(915200K), 0.0066080 secs] [Times: user=0.04 sys=0.00, real=0.00 secs] 
2014-07-16T06:49:24.296+0000: 2543.297: [GC [PSYoungGen: 228214K->858K(222912K)] 604076K->376792K(909888K), 0.0068230 secs] [Times: user=0.03 sys=0.00, real=0.01 secs] 
2014-07-16T06:49:25.013+0000: 2544.014: [GC [PSYoungGen: 222817K->1026K(217984K)] 598751K->377048K(904960K), 0.0048840 secs] [Times: user=0.03 sys=0.00, real=0.00 secs] 
2014-07-16T06:49:25.717+0000: 2544.717: [GC [PSYoungGen: 217922K->740K(212736K)] 593944K->376834K(899712K), 0.0057430 secs] [Times: user=0.03 sys=0.00, real=0.00 secs] 
2014-07-16T06:49:26.379+0000: 2545.380: [GC [PSYoungGen: 212708K->940K(208192K)] 588802K->377090K(895168K), 0.0069230 secs] [Times: user=0.04 sys=0.00, real=0.01 secs] 
2014-07-16T06:49:27.189+0000: 2546.190: [GC [PSYoungGen: 208172K->982K(249728K)] 584322K->377196K(936704K), 0.0179050 secs] [Times: user=0.10 sys=0.00, real=0.02 secs] 
2014-07-16T06:49:27.967+0000: 2546.967: [GC [PSYoungGen: 249686K->484K(299008K)] 625900K->376754K(985984K), 0.0088850 secs] [Times: user=0.05 sys=0.00, real=0.01 secs] 
2014-07-16T06:49:28.939+0000: 2547.940: [GC [PSYoungGen: 298979K->566K(358784K)] 675249K->376900K(1045760K), 0.0076400 secs] [Times: user=0.04 sys=0.00, real=0.01 secs] 
2014-07-16T06:49:30.153+0000: 2549.154: [GC [PSYoungGen: 358774K->748K(348608K)] 735108K->377138K(1035584K), 0.0059660 secs] [Times: user=0.03 sys=0.00, real=0.00 secs] 
2014-07-16T06:49:31.298+0000: 2550.298: [GC [PSYoungGen: 348588K->830K(338688K)] 724978K->377276K(1025664K), 0.0142690 secs] [Times: user=0.08 sys=0.00, real=0.01 secs] 
2014-07-16T06:49:32.516+0000: 2551.516: [GC [PSYoungGen: 338661K->1100K(329472K)] 715107K->377602K(1016448K), 0.0101350 secs] [Times: user=0.06 sys=0.00, real=0.01 secs] 
2014-07-16T06:49:33.653+0000: 2552.654: [GC [PSYoungGen: 329420K->1328K(320512K)] 705922K->378126K(1007488K), 0.0102230 secs] [Times: user=0.06 sys=0.00, real=0.01 secs] 
2014-07-16T06:49:34.816+0000: 2553.817: [GC [PSYoungGen: 320496K->242K(310656K)] 697294K->377232K(997632K), 0.0055380 secs] [Times: user=0.02 sys=0.00, real=0.00 secs] 
2014-07-16T06:49:35.838+0000: 2554.839: [GC [PSYoungGen: 310642K->544K(302528K)] 687632K->377590K(989504K), 0.0077770 secs] [Times: user=0.05 sys=0.00, real=0.01 secs] 
2014-07-16T06:49:36.950+0000: 2555.951: [GC [PSYoungGen: 302496K->1248K(295104K)] 679542K->378390K(982080K), 0.0085060 secs] [Times: user=0.06 sys=0.00, real=0.01 secs] 
2014-07-16T06:49:37.874+0000: 2556.874: [GC [PSYoungGen: 295072K->612K(286656K)] 672214K->377802K(973632K), 0.0040950 secs] [Times: user=0.02 sys=0.00, real=0.01 secs] 
2014-07-16T06:49:38.789+0000: 2557.790: [GC [PSYoungGen: 286628K->594K(279168K)] 663818K->377880K(966144K), 0.0053870 secs] [Times: user=0.04 sys=0.00, real=0.00 secs] 
2014-07-16T06:49:39.709+0000: 2558.710: [GC [PSYoungGen: 279122K->580K(271936K)] 656408K->377914K(958912K), 0.0062690 secs] [Times: user=0.04 sys=0.00, real=0.01 secs] 
2014-07-16T06:49:40.551+0000: 2559.552: [GC [PSYoungGen: 271876K->1140K(265536K)] 649210K->378546K(952512K), 0.0065890 secs] [Times: user=0.05 sys=0.00, real=0.01 secs] 
2014-07-16T06:49:41.440+0000: 2560.440: [GC [PSYoungGen: 265524K->818K(258560K)] 642930K->378288K(945536K), 0.0044350 secs] [Times: user=0.02 sys=0.00, real=0.00 secs] 
2014-07-16T06:49:42.353+0000: 2561.354: [GC [PSYoungGen: 258452K->980K(252352K)] 635922K->378522K(939328K), 0.0043100 secs] [Times: user=0.03 sys=0.00, real=0.01 secs] 
2014-07-16T06:49:43.184+0000: 2562.184: [GC [PSYoungGen: 252308K->882K(246080K)] 629850K->378496K(933056K), 0.0074440 secs] [Times: user=0.04 sys=0.00, real=0.01 secs] 
2014-07-16T06:49:43.993+0000: 2562.994: [GC [PSYoungGen: 246066K->658K(239936K)] 623680K->378328K(926912K), 0.0095580 secs] [Times: user=0.06 sys=0.00, real=0.01 secs] 
2014-07-16T06:49:44.881+0000: 2563.882: [GC [PSYoungGen: 239868K->1192K(234752K)] 617538K->378942K(921728K), 0.0133160 secs] [Times: user=0.07 sys=0.00, real=0.01 secs] 
2014-07-16T06:49:45.645+0000: 2564.645: [GC [PSYoungGen: 234728K->992K(229056K)] 612478K->378814K(916032K), 0.0037840 secs] [Times: user=0.02 sys=0.00, real=0.01 secs] 
2014-07-16T06:49:46.382+0000: 2565.383: [GC [PSYoungGen: 228990K->922K(223680K)] 606812K->378840K(910656K), 0.0054510 secs] [Times: user=0.03 sys=0.00, real=0.01 secs] 
2014-07-16T06:49:47.221+0000: 2566.222: [GC [PSYoungGen: 223639K->1144K(218752K)] 601557K->379454K(905728K), 0.0072020 secs] [Times: user=0.05 sys=0.00, real=0.01 secs] 
2014-07-16T06:49:47.894+0000: 2566.895: [GC [PSYoungGen: 218716K->962K(262144K)] 597026K->379344K(949120K), 0.0208880 secs] [Times: user=0.12 sys=0.00, real=0.02 secs] 
2014-07-16T06:49:48.760+0000: 2567.761: [GC [PSYoungGen: 262082K->1208K(314560K)] 640464K->379762K(1001536K), 0.0084550 secs] [Times: user=0.05 sys=0.00, real=0.01 secs] 
2014-07-16T06:49:49.772+0000: 2568.772: [GC [PSYoungGen: 314552K->512K(350976K)] 693106K->379114K(1037952K), 0.0038740 secs] [Times: user=0.02 sys=0.00, real=0.00 secs] 
2014-07-16T06:49:50.869+0000: 2569.870: [GC [PSYoungGen: 349787K->1194K(377792K)] 728389K->379852K(1064768K), 0.0106600 secs] [Times: user=0.06 sys=0.00, real=0.01 secs] 
2014-07-16T06:49:52.222+0000: 2571.223: [GC [PSYoungGen: 377237K->1492K(366464K)] 755895K->380246K(1053440K), 0.0080520 secs] [Times: user=0.05 sys=0.00, real=0.01 secs] 
2014-07-16T06:49:53.443+0000: 2572.444: [GC [PSYoungGen: 366419K->256K(354496K)] 745173K->379300K(1041472K), 0.0047740 secs] [Times: user=0.02 sys=0.01, real=0.01 secs] 
2014-07-16T06:49:54.681+0000: 2573.681: [GC [PSYoungGen: 354496K->1214K(345216K)] 733540K->380306K(1032192K), 0.0129820 secs] [Times: user=0.06 sys=0.00, real=0.01 secs] 
2014-07-16T06:49:55.810+0000: 2574.811: [GC [PSYoungGen: 345176K->680K(375808K)] 724268K->379960K(1062784K), 0.0196980 secs] [Times: user=0.12 sys=0.00, real=0.02 secs] 
2014-07-16T06:49:56.983+0000: 2575.984: [GC [PSYoungGen: 374632K->740K(363712K)] 753912K->380076K(1050688K), 0.0054460 secs] [Times: user=0.02 sys=0.00, real=0.01 secs] 
2014-07-16T06:49:58.219+0000: 2577.220: [GC [PSYoungGen: 363684K->1044K(353472K)] 743020K->380428K(1040448K), 0.0063210 secs] [Times: user=0.02 sys=0.01, real=0.00 secs] 
2014-07-16T06:49:59.332+0000: 2578.333: [GC [PSYoungGen: 353428K->672K(342912K)] 732812K->380144K(1029888K), 0.0046530 secs] [Times: user=0.03 sys=0.00, real=0.00 secs] 
2014-07-16T06:50:00.424+0000: 2579.425: [GC [PSYoungGen: 342879K->844K(333376K)] 722352K->380388K(1020352K), 0.0038010 secs] [Times: user=0.02 sys=0.00, real=0.00 secs] 
2014-07-16T06:50:01.491+0000: 2580.491: [GC [PSYoungGen: 333324K->562K(323712K)] 712868K->380154K(1010688K), 0.0084160 secs] [Times: user=0.05 sys=0.00, real=0.01 secs] 
2014-07-16T06:50:02.628+0000: 2581.628: [GC [PSYoungGen: 323698K->968K(315200K)] 703290K->380616K(1002176K), 0.0049100 secs] [Times: user=0.03 sys=0.00, real=0.01 secs] 
2014-07-16T06:50:03.628+0000: 2582.629: [GC [PSYoungGen: 315109K->858K(306496K)] 694757K->380562K(993472K), 0.0073380 secs] [Times: user=0.04 sys=0.00, real=0.00 secs] 
2014-07-16T06:50:04.695+0000: 2583.696: [GC [PSYoungGen: 306416K->844K(298240K)] 686120K->380604K(985216K), 0.0142090 secs] [Times: user=0.09 sys=0.00, real=0.02 secs] 
2014-07-16T06:50:05.711+0000: 2584.712: [GC [PSYoungGen: 298188K->758K(290176K)] 677948K->380614K(977152K), 0.0063810 secs] [Times: user=0.04 sys=0.00, real=0.00 secs] 
2014-07-16T06:50:06.643+0000: 2585.644: [GC [PSYoungGen: 290142K->726K(282560K)] 669998K->380654K(969536K), 0.0058270 secs] [Times: user=0.04 sys=0.00, real=0.01 secs] 
2014-07-16T06:50:07.687+0000: 2586.687: [GC [PSYoungGen: 282518K->1108K(275648K)] 662446K->381140K(962624K), 0.0092560 secs] [Times: user=0.07 sys=0.00, real=0.01 secs] 
2014-07-16T06:50:08.541+0000: 2587.542: [GC [PSYoungGen: 275604K->640K(268096K)] 655636K->380728K(955072K), 0.0049660 secs] [Times: user=0.03 sys=0.00, real=0.00 secs] 
2014-07-16T06:50:09.384+0000: 2588.385: [GC [PSYoungGen: 268096K->1330K(262016K)] 648184K->381458K(948992K), 0.0088870 secs] [Times: user=0.05 sys=0.01, real=0.01 secs] 
2014-07-16T06:50:10.228+0000: 2589.229: [GC [PSYoungGen: 262002K->658K(254848K)] 642130K->380850K(941824K), 0.0062200 secs] [Times: user=0.04 sys=0.00, real=0.01 secs] 
2014-07-16T06:50:11.064+0000: 2590.065: [GC [PSYoungGen: 254779K->704K(248576K)] 634971K->380992K(935552K), 0.0057000 secs] [Times: user=0.04 sys=0.00, real=0.00 secs] 
2014-07-16T06:50:11.944+0000: 2590.944: [GC [PSYoungGen: 248576K->658K(242560K)] 628864K->380994K(929536K), 0.0046650 secs] [Times: user=0.02 sys=0.00, real=0.00 secs] 
2014-07-16T06:50:12.870+0000: 2591.871: [GC [PSYoungGen: 242437K->1194K(237248K)] 622773K->381586K(924224K), 0.0045490 secs] [Times: user=0.03 sys=0.01, real=0.01 secs] 
2014-07-16T06:50:13.685+0000: 2592.685: [GC [PSYoungGen: 237166K->1062K(231488K)] 617558K->381638K(918464K), 0.0052930 secs] [Times: user=0.04 sys=0.00, real=0.01 secs] 
2014-07-16T06:50:14.442+0000: 2593.442: [GC [PSYoungGen: 231462K->994K(226048K)] 612038K->381650K(913024K), 0.0058130 secs] [Times: user=0.04 sys=0.00, real=0.00 secs] 
2014-07-16T06:50:15.216+0000: 2594.217: [GC [PSYoungGen: 226018K->1112K(220992K)] 606674K->381924K(907968K), 0.0047400 secs] [Times: user=0.02 sys=0.00, real=0.01 secs] 
2014-07-16T06:50:15.936+0000: 2594.937: [GC [PSYoungGen: 220949K->994K(215808K)] 601761K->381846K(902784K), 0.0145840 secs] [Times: user=0.08 sys=0.01, real=0.02 secs] 
2014-07-16T06:50:16.654+0000: 2595.655: [GC [PSYoungGen: 215778K->1062K(211008K)] 596630K->382058K(897984K), 0.0067700 secs] [Times: user=0.04 sys=0.01, real=0.01 secs] 
2014-07-16T06:50:17.353+0000: 2596.354: [GC [PSYoungGen: 210982K->762K(206016K)] 591978K->381838K(892992K), 0.0060850 secs] [Times: user=0.04 sys=0.01, real=0.00 secs] 
2014-07-16T06:50:18.157+0000: 2597.158: [GC [PSYoungGen: 206010K->708K(201472K)] 587086K->381848K(888448K), 0.0081690 secs] [Times: user=0.06 sys=0.00, real=0.01 secs] 
2014-07-16T06:50:18.803+0000: 2597.803: [GC [PSYoungGen: 201396K->1044K(197440K)] 582536K->382248K(884416K), 0.0064040 secs] [Times: user=0.04 sys=0.00, real=0.00 secs] 
2014-07-16T06:50:19.443+0000: 2598.444: [GC [PSYoungGen: 197395K->1240K(193408K)] 578600K->382532K(880384K), 0.0037950 secs] [Times: user=0.02 sys=0.00, real=0.00 secs] 
2014-07-16T06:50:20.082+0000: 2599.082: [GC [PSYoungGen: 193344K->662K(188736K)] 574636K->382034K(875712K), 0.0045790 secs] [Times: user=0.02 sys=0.00, real=0.00 secs] 
2014-07-16T06:50:20.682+0000: 2599.683: [GC [PSYoungGen: 188694K->730K(184896K)] 570066K->382158K(871872K), 0.0044930 secs] [Times: user=0.02 sys=0.01, real=0.00 secs] 
2014-07-16T06:50:21.337+0000: 2600.338: [GC [PSYoungGen: 184823K->626K(180992K)] 566251K->382150K(867968K), 0.0086520 secs] [Times: user=0.05 sys=0.00, real=0.01 secs] 
2014-07-16T06:50:21.955+0000: 2600.956: [GC [PSYoungGen: 180978K->1036K(177728K)] 562502K->382632K(864704K), 0.0034990 secs] [Times: user=0.02 sys=0.00, real=0.00 secs] 
2014-07-16T06:50:22.535+0000: 2601.536: [GC [PSYoungGen: 177676K->626K(173696K)] 559272K->382286K(860672K), 0.0071780 secs] [Times: user=0.05 sys=0.00, real=0.01 secs] 
2014-07-16T06:50:23.193+0000: 2602.194: [GC [PSYoungGen: 173682K->976K(208704K)] 555342K->382684K(895680K), 0.0185440 secs] [Times: user=0.10 sys=0.00, real=0.02 secs] 
2014-07-16T06:50:23.915+0000: 2602.916: [GC [PSYoungGen: 208656K->1328K(250560K)] 590364K->383124K(937536K), 0.0087150 secs] [Times: user=0.03 sys=0.00, real=0.01 secs] 
2014-07-16T06:50:24.730+0000: 2603.731: [GC [PSYoungGen: 250544K->630K(299712K)] 632340K->382562K(986688K), 0.0070010 secs] [Times: user=0.05 sys=0.00, real=0.01 secs] 
2014-07-16T06:50:25.763+0000: 2604.764: [GC [PSYoungGen: 299702K->448K(354304K)] 681634K->382412K(1041280K), 0.0094560 secs] [Times: user=0.05 sys=0.00, real=0.01 secs] 
2014-07-16T06:50:26.965+0000: 2605.965: [GC [PSYoungGen: 353152K->1058K(360512K)] 735116K->383086K(1047488K), 0.0088990 secs] [Times: user=0.06 sys=0.00, real=0.01 secs] 
2014-07-16T06:50:28.271+0000: 2607.272: [GC [PSYoungGen: 359970K->790K(349312K)] 741998K->382906K(1036288K), 0.0047940 secs] [Times: user=0.02 sys=0.00, real=0.01 secs] 
2014-07-16T06:50:29.414+0000: 2608.415: [GC [PSYoungGen: 349270K->594K(339136K)] 731386K->382766K(1026112K), 0.0064830 secs] [Times: user=0.04 sys=0.00, real=0.00 secs] 
2014-07-16T06:50:30.535+0000: 2609.536: [GC [PSYoungGen: 339090K->1204K(330112K)] 721262K->383472K(1017088K), 0.0072640 secs] [Times: user=0.04 sys=0.01, real=0.00 secs] 
2014-07-16T06:50:31.655+0000: 2610.656: [GC [PSYoungGen: 330100K->1054K(320768K)] 712368K->383426K(1007744K), 0.0076390 secs] [Times: user=0.04 sys=0.00, real=0.01 secs] 
2014-07-16T06:50:32.744+0000: 2611.745: [GC [PSYoungGen: 320734K->1188K(312064K)] 703106K->383616K(999040K), 0.0162600 secs] [Times: user=0.09 sys=0.00, real=0.01 secs] 
2014-07-16T06:50:33.906+0000: 2612.907: [GC [PSYoungGen: 312036K->744K(303168K)] 694464K->383252K(990144K), 0.0046460 secs] [Times: user=0.03 sys=0.00, real=0.00 secs] 
2014-07-16T06:50:34.945+0000: 2613.946: [GC [PSYoungGen: 303144K->1132K(295424K)] 685652K->383720K(982400K), 0.0145490 secs] [Times: user=0.09 sys=0.00, real=0.01 secs] 
2014-07-16T06:50:35.974+0000: 2614.975: [GC [PSYoungGen: 295404K->1312K(287808K)] 677992K->384028K(974784K), 0.0041890 secs] [Times: user=0.03 sys=0.00, real=0.00 secs] 
2014-07-16T06:50:36.893+0000: 2615.894: [GC [PSYoungGen: 287776K->676K(279680K)] 670492K->383472K(966656K), 0.0071600 secs] [Times: user=0.04 sys=0.00, real=0.00 secs] 
2014-07-16T06:50:37.826+0000: 2616.827: [GC [PSYoungGen: 279652K->726K(272512K)] 662448K->383594K(959488K), 0.0071130 secs] [Times: user=0.05 sys=0.00, real=0.00 secs] 
2014-07-16T06:50:38.814+0000: 2617.814: [GC [PSYoungGen: 272470K->722K(265600K)] 655338K->383678K(952576K), 0.0037280 secs] [Times: user=0.02 sys=0.00, real=0.01 secs] 
2014-07-16T06:50:39.687+0000: 2618.688: [GC [PSYoungGen: 265477K->1254K(259456K)] 648433K->384298K(946432K), 0.0039440 secs] [Times: user=0.02 sys=0.00, real=0.00 secs] 
2014-07-16T06:50:40.583+0000: 2619.584: [GC [PSYoungGen: 259414K->836K(252672K)] 642458K->383984K(939648K), 0.0075490 secs] [Times: user=0.05 sys=0.00, real=0.01 secs] 
2014-07-16T06:50:41.441+0000: 2620.442: [GC [PSYoungGen: 252612K->740K(246336K)] 635760K->383960K(933312K), 0.0096410 secs] [Times: user=0.06 sys=0.00, real=0.01 secs] 
2014-07-16T06:50:42.275+0000: 2621.275: [GC [PSYoungGen: 246308K->876K(240512K)] 629528K->384144K(927488K), 0.0054510 secs] [Times: user=0.03 sys=0.00, real=0.00 secs] 
2014-07-16T06:50:43.109+0000: 2622.110: [GC [PSYoungGen: 240492K->1064K(234944K)] 623760K->384396K(921920K), 0.0057470 secs] [Times: user=0.02 sys=0.00, real=0.01 secs] 
2014-07-16T06:50:43.867+0000: 2622.867: [GC [PSYoungGen: 234920K->932K(281600K)] 618252K->384320K(968576K), 0.0159150 secs] [Times: user=0.08 sys=0.00, real=0.01 secs] 
2014-07-16T06:50:44.822+0000: 2623.822: [GC [PSYoungGen: 281572K->640K(273984K)] 664960K->384108K(960960K), 0.0084730 secs] [Times: user=0.05 sys=0.00, real=0.01 secs] 
2014-07-16T06:50:45.791+0000: 2624.792: [GC [PSYoungGen: 273984K->1014K(267392K)] 657452K->384522K(954368K), 0.0069310 secs] [Times: user=0.02 sys=0.00, real=0.01 secs] 
2014-07-16T06:50:46.617+0000: 2625.618: [GC [PSYoungGen: 267382K->640K(260288K)] 650890K->384220K(947264K), 0.0070540 secs] [Times: user=0.03 sys=0.00, real=0.00 secs] 
2014-07-16T06:50:47.458+0000: 2626.458: [GC [PSYoungGen: 260252K->780K(254016K)] 643832K->384424K(940992K), 0.0084550 secs] [Times: user=0.05 sys=0.00, real=0.01 secs] 
2014-07-16T06:50:48.445+0000: 2627.445: [GC [PSYoungGen: 253928K->958K(247872K)] 637572K->384650K(934848K), 0.0066570 secs] [Times: user=0.02 sys=0.00, real=0.01 secs] 
2014-07-16T06:50:49.231+0000: 2628.232: [GC [PSYoungGen: 247870K->662K(241600K)] 631562K->384426K(928576K), 0.0072030 secs] [Times: user=0.05 sys=0.00, real=0.01 secs] 
2014-07-16T06:50:49.972+0000: 2628.973: [GC [PSYoungGen: 241532K->880K(236032K)] 625296K->384692K(923008K), 0.0066220 secs] [Times: user=0.03 sys=0.00, real=0.01 secs] 
2014-07-16T06:50:50.720+0000: 2629.721: [GC [PSYoungGen: 235997K->584K(230208K)] 619809K->384452K(917184K), 0.0068810 secs] [Times: user=0.04 sys=0.01, real=0.01 secs] 
2014-07-16T06:50:51.500+0000: 2630.501: [GC [PSYoungGen: 230152K->1172K(225408K)] 614020K->385136K(912384K), 0.0069230 secs] [Times: user=0.05 sys=0.00, real=0.01 secs] 
2014-07-16T06:50:52.268+0000: 2631.268: [GC [PSYoungGen: 225331K->740K(219776K)] 609295K->384752K(906752K), 0.0060550 secs] [Times: user=0.02 sys=0.01, real=0.00 secs] 
2014-07-16T06:50:52.975+0000: 2631.975: [GC [PSYoungGen: 219748K->612K(214656K)] 603760K->384680K(901632K), 0.0099690 secs] [Times: user=0.06 sys=0.00, real=0.01 secs] 
2014-07-16T06:50:53.811+0000: 2632.812: [GC [PSYoungGen: 214548K->1386K(210624K)] 598616K->385558K(897600K), 0.0063420 secs] [Times: user=0.05 sys=0.00, real=0.01 secs] 
2014-07-16T06:50:54.480+0000: 2633.481: [GC [PSYoungGen: 210524K->816K(205376K)] 594696K->385108K(892352K), 0.0060930 secs] [Times: user=0.04 sys=0.00, real=0.01 secs] 
2014-07-16T06:50:55.168+0000: 2634.168: [GC [PSYoungGen: 205360K->548K(246080K)] 589652K->384864K(933056K), 0.0115040 secs] [Times: user=0.06 sys=0.00, real=0.01 secs] 
2014-07-16T06:50:56.028+0000: 2635.028: [GC [PSYoungGen: 246052K->1310K(240896K)] 630368K->385698K(927872K), 0.0041900 secs] [Times: user=0.02 sys=0.00, real=0.00 secs] 
2014-07-16T06:50:56.770+0000: 2635.771: [GC [PSYoungGen: 240862K->1458K(235264K)] 625250K->385886K(922240K), 0.0062060 secs] [Times: user=0.02 sys=0.00, real=0.00 secs] 
2014-07-16T06:50:57.520+0000: 2636.520: [GC [PSYoungGen: 235250K->438K(228736K)] 619678K->385425K(915712K), 0.0058920 secs] [Times: user=0.03 sys=0.00, real=0.00 secs] 
2014-07-16T06:50:58.385+0000: 2637.386: [GC [PSYoungGen: 228685K->1260K(224256K)] 613672K->386319K(911232K), 0.0097010 secs] [Times: user=0.06 sys=0.00, real=0.01 secs] 
2014-07-16T06:50:59.063+0000: 2638.064: [GC [PSYoungGen: 224236K->1008K(268608K)] 609295K->386297K(955584K), 0.0165010 secs] [Times: user=0.09 sys=0.00, real=0.02 secs] 
2014-07-16T06:50:59.934+0000: 2638.935: [GC [PSYoungGen: 268592K->876K(322048K)] 653881K->386237K(1009024K), 0.0067240 secs] [Times: user=0.04 sys=0.00, real=0.01 secs] 
2014-07-16T06:51:00.954+0000: 2639.955: [GC [PSYoungGen: 322000K->822K(337984K)] 707361K->386263K(1024960K), 0.0077990 secs] [Times: user=0.05 sys=0.00, real=0.01 secs] 
2014-07-16T06:51:02.078+0000: 2641.079: [GC [PSYoungGen: 337334K->1332K(328384K)] 722775K->386861K(1015360K), 0.0036850 secs] [Times: user=0.02 sys=0.00, real=0.00 secs] 
2014-07-16T06:51:03.167+0000: 2642.168: [GC [PSYoungGen: 328372K->306K(336448K)] 713901K->385955K(1023424K), 0.0178300 secs] [Times: user=0.12 sys=0.00, real=0.02 secs] 
2014-07-16T06:51:04.471+0000: 2643.472: [GC [PSYoungGen: 336418K->776K(327488K)] 722068K->386481K(1014464K), 0.0087700 secs] [Times: user=0.06 sys=0.00, real=0.01 secs] 
2014-07-16T06:51:05.622+0000: 2644.622: [GC [PSYoungGen: 327432K->932K(336320K)] 713137K->386709K(1023296K), 0.0171000 secs] [Times: user=0.10 sys=0.00, real=0.02 secs] 
2014-07-16T06:51:06.753+0000: 2645.754: [GC [PSYoungGen: 336292K->876K(326784K)] 722069K->386733K(1013760K), 0.0084880 secs] [Times: user=0.05 sys=0.01, real=0.01 secs] 
2014-07-16T06:51:07.814+0000: 2646.815: [GC [PSYoungGen: 326764K->762K(317568K)] 712621K->387161K(1004544K), 0.0061750 secs] [Times: user=0.05 sys=0.00, real=0.01 secs] 
2014-07-16T06:51:08.899+0000: 2647.899: [GC [PSYoungGen: 317562K->580K(308736K)] 703961K->387043K(995712K), 0.0070300 secs] [Times: user=0.04 sys=0.00, real=0.00 secs] 
2014-07-16T06:51:09.870+0000: 2648.871: [GC [PSYoungGen: 308676K->768K(300480K)] 695139K->387443K(987456K), 0.0070440 secs] [Times: user=0.05 sys=0.00, real=0.00 secs] 
2014-07-16T06:51:10.840+0000: 2649.841: [GC [PSYoungGen: 300480K->1150K(292864K)] 687155K->387913K(979840K), 0.0106390 secs] [Times: user=0.07 sys=0.00, real=0.01 secs] 
2014-07-16T06:51:11.827+0000: 2650.828: [GC [PSYoungGen: 292862K->708K(284800K)] 679625K->387535K(971776K), 0.0047360 secs] [Times: user=0.02 sys=0.00, real=0.01 secs] 
2014-07-16T06:51:12.791+0000: 2651.791: [GC [PSYoungGen: 284692K->1140K(277760K)] 671519K->388039K(964736K), 0.0045080 secs] [Times: user=0.02 sys=0.00, real=0.00 secs] 
2014-07-16T06:51:13.835+0000: 2652.836: [GC [PSYoungGen: 277730K->908K(270464K)] 664629K->387831K(957440K), 0.0140600 secs] [Times: user=0.08 sys=0.00, real=0.02 secs] 
2014-07-16T06:51:14.666+0000: 2653.666: [GC [PSYoungGen: 270388K->544K(263232K)] 657311K->387539K(950208K), 0.0056570 secs] [Times: user=0.03 sys=0.00, real=0.01 secs] 
2014-07-16T06:51:15.584+0000: 2654.585: [GC [PSYoungGen: 263200K->1410K(257536K)] 650195K->388461K(944512K), 0.0077820 secs] [Times: user=0.02 sys=0.00, real=0.01 secs] 
2014-07-16T06:51:16.484+0000: 2655.484: [GC [PSYoungGen: 257456K->926K(250688K)] 644507K->388049K(937664K), 0.0063590 secs] [Times: user=0.03 sys=0.00, real=0.01 secs] 
2014-07-16T06:51:17.265+0000: 2656.266: [GC [PSYoungGen: 250653K->940K(244544K)] 637777K->388199K(931520K), 0.0078870 secs] [Times: user=0.05 sys=0.00, real=0.01 secs] 
2014-07-16T06:51:18.019+0000: 2657.019: [GC [PSYoungGen: 244524K->740K(238464K)] 631783K->388087K(925440K), 0.0037940 secs] [Times: user=0.02 sys=0.00, real=0.01 secs] 
2014-07-16T06:51:18.879+0000: 2657.880: [GC [PSYoungGen: 238436K->1012K(233024K)] 625783K->388431K(920000K), 0.0074300 secs] [Times: user=0.05 sys=0.00, real=0.01 secs] 
2014-07-16T06:51:19.580+0000: 2658.581: [GC [PSYoungGen: 233012K->990K(227584K)] 620431K->388481K(914560K), 0.0057210 secs] [Times: user=0.02 sys=0.00, real=0.01 secs] 
2014-07-16T06:51:20.320+0000: 2659.321: [GC [PSYoungGen: 227533K->552K(221888K)] 615024K->388099K(908864K), 0.0120750 secs] [Times: user=0.08 sys=0.01, real=0.01 secs] 
2014-07-16T06:51:21.056+0000: 2660.056: [GC [PSYoungGen: 221864K->848K(217152K)] 609411K->388459K(904128K), 0.0077040 secs] [Times: user=0.05 sys=0.00, real=0.01 secs] 
2014-07-16T06:51:21.808+0000: 2660.808: [GC [PSYoungGen: 217104K->932K(212288K)] 604715K->388615K(899264K), 0.0072300 secs] [Times: user=0.03 sys=0.00, real=0.01 secs] 
2014-07-16T06:51:22.460+0000: 2661.461: [GC [PSYoungGen: 212251K->990K(254656K)] 599934K->388761K(941632K), 0.0093850 secs] [Times: user=0.06 sys=0.00, real=0.00 secs] 
2014-07-16T06:51:23.356+0000: 2662.356: [GC [PSYoungGen: 254622K->894K(248256K)] 642393K->388819K(935232K), 0.0071970 secs] [Times: user=0.04 sys=0.00, real=0.01 secs] 
2014-07-16T06:51:24.344+0000: 2663.345: [GC [PSYoungGen: 248254K->1172K(242560K)] 636179K->389169K(929536K), 0.0036510 secs] [Times: user=0.02 sys=0.00, real=0.00 secs] 
2014-07-16T06:51:25.239+0000: 2664.239: [GC [PSYoungGen: 242510K->748K(236288K)] 630507K->389129K(923264K), 0.0077860 secs] [Times: user=0.05 sys=0.00, real=0.01 secs] 
2014-07-16T06:51:26.014+0000: 2665.015: [GC [PSYoungGen: 236268K->1126K(231104K)] 624649K->389539K(918080K), 0.0066360 secs] [Times: user=0.02 sys=0.00, real=0.00 secs] 
2014-07-16T06:51:26.861+0000: 2665.862: [GC [PSYoungGen: 231077K->904K(225536K)] 619491K->389389K(912512K), 0.0067540 secs] [Times: user=0.05 sys=0.00, real=0.00 secs] 
2014-07-16T06:51:27.616+0000: 2666.617: [GC [PSYoungGen: 225439K->676K(220096K)] 613925K->389233K(907072K), 0.0103730 secs] [Times: user=0.07 sys=0.00, real=0.01 secs] 
2014-07-16T06:51:28.366+0000: 2667.367: [GC [PSYoungGen: 220068K->1304K(215744K)] 608625K->389925K(902720K), 0.0082480 secs] [Times: user=0.06 sys=0.00, real=0.01 secs] 
2014-07-16T06:51:29.157+0000: 2668.157: [GC [PSYoungGen: 215704K->740K(258048K)] 604325K->389441K(945024K), 0.0115630 secs] [Times: user=0.07 sys=0.00, real=0.01 secs] 
2014-07-16T06:51:30.032+0000: 2669.032: [GC [PSYoungGen: 258020K->876K(251776K)] 646721K->389657K(938752K), 0.0034450 secs] [Times: user=0.02 sys=0.00, real=0.01 secs] 
2014-07-16T06:51:30.901+0000: 2669.902: [GC [PSYoungGen: 251751K->712K(301824K)] 640532K->389565K(988800K), 0.0151090 secs] [Times: user=0.07 sys=0.01, real=0.02 secs] 
2014-07-16T06:51:31.987+0000: 2670.988: [GC [PSYoungGen: 301768K->1150K(294144K)] 690621K->390059K(981120K), 0.0041860 secs] [Times: user=0.02 sys=0.01, real=0.00 secs] 
2014-07-16T06:51:32.984+0000: 2671.984: [GC [PSYoungGen: 294142K->940K(286208K)] 683051K->389937K(973184K), 0.0102040 secs] [Times: user=0.06 sys=0.00, real=0.01 secs] 
2014-07-16T06:51:34.032+0000: 2673.033: [GC [PSYoungGen: 286188K->994K(278784K)] 675185K->390145K(965760K), 0.0104220 secs] [Times: user=0.05 sys=0.00, real=0.01 secs] 
2014-07-16T06:51:34.959+0000: 2673.959: [GC [PSYoungGen: 278754K->1404K(272000K)] 667905K->390627K(958976K), 0.0059950 secs] [Times: user=0.03 sys=0.00, real=0.01 secs] 
2014-07-16T06:51:35.881+0000: 2674.882: [GC [PSYoungGen: 271996K->548K(264256K)] 661219K->390067K(951232K), 0.0080620 secs] [Times: user=0.04 sys=0.01, real=0.01 secs] 
2014-07-16T06:51:36.734+0000: 2675.735: [GC [PSYoungGen: 264228K->962K(258048K)] 653747K->390537K(945024K), 0.0105330 secs] [Times: user=0.06 sys=0.01, real=0.01 secs] 
2014-07-16T06:51:37.555+0000: 2676.556: [GC [PSYoungGen: 257986K->658K(251328K)] 647561K->390537K(938304K), 0.0091740 secs] [Times: user=0.05 sys=0.00, real=0.01 secs] 
2014-07-16T06:51:38.379+0000: 2677.379: [GC [PSYoungGen: 251254K->940K(245440K)] 641134K->390907K(932416K), 0.0073050 secs] [Times: user=0.04 sys=0.01, real=0.01 secs] 
2014-07-16T06:51:39.278+0000: 2678.278: [GC [PSYoungGen: 245420K->658K(239296K)] 635387K->390681K(926272K), 0.0052470 secs] [Times: user=0.02 sys=0.00, real=0.01 secs] 
2014-07-16T06:51:40.072+0000: 2679.072: [GC [PSYoungGen: 239212K->498K(233408K)] 629235K->390585K(920384K), 0.0075900 secs] [Times: user=0.05 sys=0.00, real=0.01 secs] 
2014-07-16T06:51:40.839+0000: 2679.840: [GC [PSYoungGen: 233394K->1236K(228672K)] 623481K->391387K(915648K), 0.0041010 secs] [Times: user=0.01 sys=0.00, real=0.01 secs] 
2014-07-16T06:51:41.582+0000: 2680.582: [GC [PSYoungGen: 228627K->708K(222848K)] 618779K->390915K(909824K), 0.0066560 secs] [Times: user=0.03 sys=0.00, real=0.01 secs] 
2014-07-16T06:51:42.327+0000: 2681.327: [GC [PSYoungGen: 222788K->676K(217664K)] 612995K->390923K(904640K), 0.0110930 secs] [Times: user=0.06 sys=0.00, real=0.01 secs] 
2014-07-16T06:51:43.077+0000: 2682.078: [GC [PSYoungGen: 217636K->1342K(213376K)] 607883K->391653K(900352K), 0.0067240 secs] [Times: user=0.03 sys=0.01, real=0.00 secs] 
2014-07-16T06:51:43.856+0000: 2682.857: [GC [PSYoungGen: 213374K->964K(255488K)] 603685K->391347K(942464K), 0.0110300 secs] [Times: user=0.07 sys=0.00, real=0.01 secs] 
2014-07-16T06:51:44.820+0000: 2683.820: [GC [PSYoungGen: 255385K->1218K(306688K)] 645768K->391681K(993664K), 0.0095440 secs] [Times: user=0.06 sys=0.00, real=0.01 secs] 
2014-07-16T06:51:45.868+0000: 2684.869: [GC [PSYoungGen: 306626K->944K(298112K)] 697089K->391487K(985088K), 0.0069880 secs] [Times: user=0.04 sys=0.00, real=0.01 secs] 
2014-07-16T06:51:46.917+0000: 2685.918: [GC [PSYoungGen: 298096K->1132K(290368K)] 688639K->391747K(977344K), 0.0086900 secs] [Times: user=0.05 sys=0.00, real=0.01 secs] 
2014-07-16T06:51:47.846+0000: 2686.847: [GC [PSYoungGen: 290348K->890K(282496K)] 680963K->391569K(969472K), 0.0094660 secs] [Times: user=0.06 sys=0.00, real=0.01 secs] 
2014-07-16T06:51:48.735+0000: 2687.736: [GC [PSYoungGen: 282477K->780K(275136K)] 673156K->391515K(962112K), 0.0069350 secs] [Times: user=0.04 sys=0.00, real=0.00 secs] 
2014-07-16T06:51:49.744+0000: 2688.744: [GC [PSYoungGen: 275084K->1044K(268352K)] 665819K->391843K(955328K), 0.0067130 secs] [Times: user=0.04 sys=0.00, real=0.01 secs] 
2014-07-16T06:51:50.585+0000: 2689.586: [GC [PSYoungGen: 268308K->804K(261312K)] 659107K->391683K(948288K), 0.0054870 secs] [Times: user=0.03 sys=0.00, real=0.00 secs] 
2014-07-16T06:51:51.400+0000: 2690.401: [GC [PSYoungGen: 261284K->672K(254656K)] 652163K->391615K(941632K), 0.0119030 secs] [Times: user=0.07 sys=0.00, real=0.01 secs] 
2014-07-16T06:51:52.255+0000: 2691.255: [GC [PSYoungGen: 254624K->1132K(248832K)] 645567K->392171K(935808K), 0.0037490 secs] [Times: user=0.03 sys=0.00, real=0.01 secs] 
2014-07-16T06:51:53.072+0000: 2692.073: [GC [PSYoungGen: 248812K->1150K(242816K)] 639851K->392245K(929792K), 0.0060850 secs] [Times: user=0.02 sys=0.00, real=0.01 secs] 
2014-07-16T06:51:53.922+0000: 2692.922: [GC [PSYoungGen: 242814K->886K(236736K)] 633909K->392037K(923712K), 0.0116460 secs] [Times: user=0.07 sys=0.00, real=0.01 secs] 
2014-07-16T06:51:54.804+0000: 2693.805: [GC [PSYoungGen: 236726K->1070K(231296K)] 627877K->392741K(918272K), 0.0050730 secs] [Times: user=0.03 sys=0.01, real=0.01 secs] 
2014-07-16T06:51:55.531+0000: 2694.532: [GC [PSYoungGen: 231228K->598K(225472K)] 622900K->392333K(912448K), 0.0077590 secs] [Times: user=0.05 sys=0.00, real=0.01 secs] 
2014-07-16T06:51:56.294+0000: 2695.294: [GC [PSYoungGen: 225397K->912K(220608K)] 617133K->392795K(907584K), 0.0045570 secs] [Times: user=0.02 sys=0.00, real=0.01 secs] 
2014-07-16T06:51:57.061+0000: 2696.062: [GC [PSYoungGen: 220560K->830K(215488K)] 612443K->392769K(902464K), 0.0064110 secs] [Times: user=0.04 sys=0.01, real=0.01 secs] 
2014-07-16T06:51:57.754+0000: 2696.755: [GC [PSYoungGen: 215486K->958K(210752K)] 607425K->392977K(897728K), 0.0076670 secs] [Times: user=0.06 sys=0.00, real=0.01 secs] 
2014-07-16T06:51:58.470+0000: 2697.470: [GC [PSYoungGen: 210750K->1004K(206144K)] 602769K->393087K(893120K), 0.0085930 secs] [Times: user=0.06 sys=0.00, real=0.01 secs] 
2014-07-16T06:51:59.130+0000: 2698.131: [GC [PSYoungGen: 206124K->640K(201216K)] 598207K->392811K(888192K), 0.0052830 secs] [Times: user=0.03 sys=0.00, real=0.00 secs] 
2014-07-16T06:51:59.862+0000: 2698.862: [GC [PSYoungGen: 201216K->1054K(197312K)] 593387K->393297K(884288K), 0.0075680 secs] [Times: user=0.04 sys=0.00, real=0.01 secs] 
2014-07-16T06:52:00.462+0000: 2699.463: [GC [PSYoungGen: 197245K->726K(192768K)] 589488K->393065K(879744K), 0.0075630 secs] [Times: user=0.04 sys=0.00, real=0.01 secs] 
2014-07-16T06:52:01.068+0000: 2700.069: [GC [PSYoungGen: 192726K->684K(188608K)] 585065K->393071K(875584K), 0.0040400 secs] [Times: user=0.02 sys=0.00, real=0.00 secs] 
2014-07-16T06:52:01.653+0000: 2700.654: [GC [PSYoungGen: 188588K->762K(226304K)] 580975K->393197K(913280K), 0.0105430 secs] [Times: user=0.06 sys=0.00, real=0.01 secs] 
2014-07-16T06:52:02.412+0000: 2701.412: [GC [PSYoungGen: 226280K->926K(271616K)] 618715K->393449K(958592K), 0.0077830 secs] [Times: user=0.04 sys=0.00, real=0.01 secs] 
2014-07-16T06:52:03.285+0000: 2702.286: [GC [PSYoungGen: 271582K->1108K(297152K)] 664105K->393687K(984128K), 0.0152260 secs] [Times: user=0.10 sys=0.00, real=0.02 secs] 
2014-07-16T06:52:04.419+0000: 2703.420: [GC [PSYoungGen: 297108K->1382K(297408K)] 689687K->394177K(984384K), 0.0074530 secs] [Times: user=0.04 sys=0.01, real=0.00 secs] 
2014-07-16T06:52:05.484+0000: 2704.485: [GC [PSYoungGen: 297382K->1660K(356672K)] 690177K->394651K(1043648K), 0.0099470 secs] [Times: user=0.04 sys=0.01, real=0.01 secs] 
2014-07-16T06:52:06.746+0000: 2705.747: [GC [PSYoungGen: 356577K->1176K(345984K)] 749569K->394223K(1032960K), 0.0053610 secs] [Times: user=0.01 sys=0.01, real=0.01 secs] 
2014-07-16T06:52:07.888+0000: 2706.888: [GC [PSYoungGen: 345944K->676K(335616K)] 738991K->394019K(1022592K), 0.0056350 secs] [Times: user=0.03 sys=0.00, real=0.00 secs] 
2014-07-16T06:52:08.976+0000: 2707.977: [GC [PSYoungGen: 335588K->1204K(326720K)] 728931K->394603K(1013696K), 0.0109180 secs] [Times: user=0.06 sys=0.00, real=0.02 secs] 
2014-07-16T06:52:10.100+0000: 2709.101: [GC [PSYoungGen: 326708K->1158K(317696K)] 720107K->394629K(1004672K), 0.0054530 secs] [Times: user=0.04 sys=0.00, real=0.00 secs] 
2014-07-16T06:52:11.135+0000: 2710.136: [GC [PSYoungGen: 317634K->958K(308736K)] 711105K->394493K(995712K), 0.0133870 secs] [Times: user=0.09 sys=0.00, real=0.02 secs] 
2014-07-16T06:52:12.213+0000: 2711.214: [GC [PSYoungGen: 308734K->1068K(300544K)] 702269K->394683K(987520K), 0.0091770 secs] [Times: user=0.06 sys=0.00, real=0.01 secs] 
2014-07-16T06:52:13.249+0000: 2712.250: [GC [PSYoungGen: 300524K->466K(291968K)] 694139K->394137K(978944K), 0.0078440 secs] [Times: user=0.06 sys=0.00, real=0.00 secs] 
2014-07-16T06:52:14.234+0000: 2713.234: [GC [PSYoungGen: 291918K->1396K(285184K)] 685589K->395155K(972160K), 0.0043230 secs] [Times: user=0.02 sys=0.01, real=0.01 secs] 
2014-07-16T06:52:15.253+0000: 2714.253: [GC [PSYoungGen: 285172K->858K(277248K)] 678931K->394729K(964224K), 0.0079720 secs] [Times: user=0.05 sys=0.00, real=0.01 secs] 
2014-07-16T06:52:16.219+0000: 2715.220: [GC [PSYoungGen: 277143K->780K(270080K)] 671015K->394715K(957056K), 0.0064840 secs] [Times: user=0.04 sys=0.00, real=0.00 secs] 
2014-07-16T06:52:17.124+0000: 2716.124: [GC [PSYoungGen: 270028K->1236K(263680K)] 663963K->395243K(950656K), 0.0079820 secs] [Times: user=0.05 sys=0.00, real=0.01 secs] 
2014-07-16T06:52:18.007+0000: 2717.007: [GC [PSYoungGen: 263636K->662K(256512K)] 657643K->394725K(943488K), 0.0075750 secs] [Times: user=0.05 sys=0.00, real=0.01 secs] 
2014-07-16T06:52:18.830+0000: 2717.831: [GC [PSYoungGen: 256470K->1062K(308096K)] 650533K->395173K(995072K), 0.0150340 secs] [Times: user=0.09 sys=0.00, real=0.01 secs] 
2014-07-16T06:52:19.911+0000: 2718.912: [GC [PSYoungGen: 307987K->962K(347904K)] 702099K->395129K(1034880K), 0.0111040 secs] [Times: user=0.07 sys=0.00, real=0.01 secs] 
2014-07-16T06:52:21.028+0000: 2720.029: [GC [PSYoungGen: 347202K->580K(336960K)] 741369K->394811K(1023936K), 0.0097160 secs] [Times: user=0.05 sys=0.00, real=0.01 secs] 
2014-07-16T06:52:22.099+0000: 2721.099: [GC [PSYoungGen: 336900K->994K(327872K)] 731131K->395371K(1014848K), 0.0045650 secs] [Times: user=0.02 sys=0.00, real=0.01 secs] 
2014-07-16T06:52:23.174+0000: 2722.174: [GC [PSYoungGen: 327842K->1478K(319296K)] 722219K->395943K(1006272K), 0.0032250 secs] [Times: user=0.02 sys=0.00, real=0.00 secs] 
2014-07-16T06:52:24.184+0000: 2723.185: [GC [PSYoungGen: 319219K->680K(309696K)] 713685K->395341K(996672K), 0.0033040 secs] [Times: user=0.02 sys=0.00, real=0.00 secs] 
2014-07-16T06:52:25.313+0000: 2724.313: [GC [PSYoungGen: 309663K->1100K(301760K)] 704324K->395849K(988736K), 0.0078700 secs] [Times: user=0.05 sys=0.00, real=0.01 secs] 
2014-07-16T06:52:26.308+0000: 2725.309: [GC [PSYoungGen: 301708K->794K(293376K)] 696457K->395583K(980352K), 0.0080280 secs] [Times: user=0.05 sys=0.00, real=0.01 secs] 
2014-07-16T06:52:27.312+0000: 2726.313: [GC [PSYoungGen: 293323K->1158K(286016K)] 688113K->396011K(972992K), 0.0083850 secs] [Times: user=0.05 sys=0.00, real=0.01 secs] 
2014-07-16T06:52:28.247+0000: 2727.247: [GC [PSYoungGen: 285958K->1308K(278720K)] 680811K->396241K(965696K), 0.0051070 secs] [Times: user=0.03 sys=0.01, real=0.01 secs] 
2014-07-16T06:52:29.161+0000: 2728.161: [GC [PSYoungGen: 278651K->826K(333696K)] 673585K->395823K(1020672K), 0.0207850 secs] [Times: user=0.14 sys=0.00, real=0.03 secs] 
2014-07-16T06:52:30.368+0000: 2729.369: [GC [PSYoungGen: 333690K->1202K(324736K)] 728687K->396551K(1011712K), 0.0096600 secs] [Times: user=0.06 sys=0.00, real=0.01 secs] 
2014-07-16T06:52:31.567+0000: 2730.568: [GC [PSYoungGen: 324722K->904K(315520K)] 720071K->396349K(1002496K), 0.0071150 secs] [Times: user=0.05 sys=0.00, real=0.01 secs] 
2014-07-16T06:52:32.722+0000: 2731.722: [GC [PSYoungGen: 315421K->584K(306560K)] 710866K->396069K(993536K), 0.0098690 secs] [Times: user=0.05 sys=0.00, real=0.01 secs] 
2014-07-16T06:52:33.847+0000: 2732.847: [GC [PSYoungGen: 306503K->776K(298496K)] 701989K->396333K(985472K), 0.0082630 secs] [Times: user=0.03 sys=0.00, real=0.01 secs] 
2014-07-16T06:52:35.036+0000: 2734.036: [GC [PSYoungGen: 298440K->1042K(290816K)] 693997K->396679K(977792K), 0.0042380 secs] [Times: user=0.02 sys=0.00, real=0.00 secs] 
2014-07-16T06:52:36.033+0000: 2735.034: [GC [PSYoungGen: 290770K->744K(282880K)] 686407K->396461K(969856K), 0.0116740 secs] [Times: user=0.08 sys=0.00, real=0.01 secs] 
2014-07-16T06:52:37.086+0000: 2736.087: [GC [PSYoungGen: 282856K->944K(275712K)] 678573K->396749K(962688K), 0.0064940 secs] [Times: user=0.04 sys=0.00, real=0.01 secs] 
2014-07-16T06:52:38.134+0000: 2737.134: [GC [PSYoungGen: 275642K->876K(268608K)] 671447K->396737K(955584K), 0.0036890 secs] [Times: user=0.02 sys=0.00, real=0.00 secs] 
2014-07-16T06:52:39.161+0000: 2738.161: [GC [PSYoungGen: 268567K->1226K(262208K)] 664429K->397159K(949184K), 0.0097010 secs] [Times: user=0.07 sys=0.00, real=0.01 secs] 
2014-07-16T06:52:40.096+0000: 2739.096: [GC [PSYoungGen: 262154K->1558K(256000K)] 658087K->397596K(942976K), 0.0076550 secs] [Times: user=0.05 sys=0.00, real=0.01 secs] 
2014-07-16T06:52:41.035+0000: 2740.036: [GC [PSYoungGen: 255958K->370K(248512K)] 651996K->397009K(935488K), 0.0080390 secs] [Times: user=0.06 sys=0.00, real=0.01 secs] 
2014-07-16T06:52:41.932+0000: 2740.933: [GC [PSYoungGen: 248490K->1090K(243200K)] 645129K->397834K(930176K), 0.0070890 secs] [Times: user=0.05 sys=0.00, real=0.00 secs] 
2014-07-16T06:52:42.825+0000: 2741.826: [GC [PSYoungGen: 243137K->562K(236800K)] 639881K->397591K(923776K), 0.0086110 secs] [Times: user=0.06 sys=0.00, real=0.01 secs] 
2014-07-16T06:52:43.687+0000: 2742.687: [GC [PSYoungGen: 236763K->712K(284288K)] 633793K->397805K(971264K), 0.0155840 secs] [Times: user=0.11 sys=0.00, real=0.01 secs] 
2014-07-16T06:52:44.723+0000: 2743.723: [GC [PSYoungGen: 284230K->612K(276736K)] 681324K->397809K(963712K), 0.0066170 secs] [Times: user=0.04 sys=0.00, real=0.01 secs] 
2014-07-16T06:52:45.801+0000: 2744.801: [GC [PSYoungGen: 276658K->530K(269568K)] 673856K->397791K(956544K), 0.0100480 secs] [Times: user=0.08 sys=0.00, real=0.01 secs] 
2014-07-16T06:52:46.801+0000: 2745.802: [GC [PSYoungGen: 269520K->648K(262848K)] 666782K->397973K(949824K), 0.0039220 secs] [Times: user=0.02 sys=0.00, real=0.01 secs] 
2014-07-16T06:52:47.757+0000: 2746.757: [GC [PSYoungGen: 262791K->940K(256512K)] 660117K->398361K(943488K), 0.0037230 secs] [Times: user=0.03 sys=0.00, real=0.00 secs] 
2014-07-16T06:52:48.712+0000: 2747.713: [GC [PSYoungGen: 256492K->680K(249920K)] 653913K->398165K(936896K), 0.0042530 secs] [Times: user=0.02 sys=0.01, real=0.01 secs] 
2014-07-16T06:52:49.613+0000: 2748.614: [GC [PSYoungGen: 249896K->1022K(244160K)] 647381K->398596K(931136K), 0.0061280 secs] [Times: user=0.04 sys=0.00, real=0.01 secs] 
2014-07-16T06:52:50.561+0000: 2749.561: [GC [PSYoungGen: 244158K->608K(237888K)] 641732K->398261K(924864K), 0.0152010 secs] [Times: user=0.09 sys=0.00, real=0.02 secs] 
2014-07-16T06:52:51.418+0000: 2750.419: [GC [PSYoungGen: 237856K->1290K(232960K)] 635509K->399032K(919936K), 0.0083100 secs] [Times: user=0.05 sys=0.00, real=0.01 secs] 
2014-07-16T06:52:52.260+0000: 2751.261: [GC [PSYoungGen: 232906K->702K(226880K)] 630648K->398492K(913856K), 0.0082810 secs] [Times: user=0.06 sys=0.00, real=0.01 secs] 
2014-07-16T06:52:53.111+0000: 2752.112: [GC [PSYoungGen: 226863K->1168K(222144K)] 624653K->399022K(909120K), 0.0045090 secs] [Times: user=0.03 sys=0.00, real=0.01 secs] 
2014-07-16T06:52:53.907+0000: 2752.908: [GC [PSYoungGen: 222096K->898K(216832K)] 619950K->398840K(903808K), 0.0076720 secs] [Times: user=0.05 sys=0.00, real=0.01 secs] 
2014-07-16T06:52:54.725+0000: 2753.726: [GC [PSYoungGen: 216770K->936K(260032K)] 614712K->398957K(947008K), 0.0153340 secs] [Times: user=0.11 sys=0.00, real=0.01 secs] 
2014-07-16T06:52:55.691+0000: 2754.692: [GC [PSYoungGen: 260008K->690K(311616K)] 658029K->398775K(998592K), 0.0079480 secs] [Times: user=0.06 sys=0.00, real=0.01 secs] 
2014-07-16T06:52:56.810+0000: 2755.811: [GC [PSYoungGen: 311602K->1386K(324032K)] 709687K->399536K(1011008K), 0.0114110 secs] [Times: user=0.06 sys=0.00, real=0.01 secs] 
2014-07-16T06:52:58.006+0000: 2757.006: [GC [PSYoungGen: 323946K->772K(314432K)] 722096K->399009K(1001408K), 0.0080910 secs] [Times: user=0.05 sys=0.00, real=0.00 secs] 
2014-07-16T06:52:59.194+0000: 2758.195: [GC [PSYoungGen: 314372K->498K(305536K)] 712609K->398791K(992512K), 0.0127020 secs] [Times: user=0.09 sys=0.00, real=0.02 secs] 
2014-07-16T06:53:00.410+0000: 2759.410: [GC [PSYoungGen: 305522K->1578K(298368K)] 703815K->399936K(985344K), 0.0057120 secs] [Times: user=0.02 sys=0.00, real=0.01 secs] 
2014-07-16T06:53:01.437+0000: 2760.437: [GC [PSYoungGen: 298346K->812K(289664K)] 696704K->399209K(976640K), 0.0058980 secs] [Times: user=0.02 sys=0.00, real=0.00 secs] 
2014-07-16T06:53:02.492+0000: 2761.492: [GC [PSYoungGen: 289644K->780K(282048K)] 688041K->399257K(969024K), 0.0034520 secs] [Times: user=0.02 sys=0.00, real=0.00 secs] 
2014-07-16T06:53:03.539+0000: 2762.539: [GC [PSYoungGen: 281992K->1036K(275008K)] 680470K->399593K(961984K), 0.0073340 secs] [Times: user=0.05 sys=0.00, real=0.01 secs] 
2014-07-16T06:53:04.543+0000: 2763.544: [GC [PSYoungGen: 274941K->694K(267584K)] 673499K->399331K(954560K), 0.0069610 secs] [Times: user=0.04 sys=0.00, real=0.01 secs] 
2014-07-16T06:53:05.583+0000: 2764.584: [GC [PSYoungGen: 267574K->1112K(261248K)] 666211K->399814K(948224K), 0.0078070 secs] [Times: user=0.05 sys=0.00, real=0.01 secs] 
2014-07-16T06:53:06.493+0000: 2765.494: [GC [PSYoungGen: 261175K->484K(254080K)] 659877K->399241K(941056K), 0.0038820 secs] [Times: user=0.02 sys=0.00, real=0.01 secs] 
2014-07-16T06:53:07.435+0000: 2766.436: [GC [PSYoungGen: 254052K->1144K(248448K)] 652809K->399974K(935424K), 0.0081790 secs] [Times: user=0.06 sys=0.00, real=0.01 secs] 
2014-07-16T06:53:08.374+0000: 2767.375: [GC [PSYoungGen: 248416K->1222K(242560K)] 647246K->400148K(929536K), 0.0072090 secs] [Times: user=0.05 sys=0.00, real=0.01 secs] 
2014-07-16T06:53:09.249+0000: 2768.250: [GC [PSYoungGen: 242502K->954K(236416K)] 641428K->399944K(923392K), 0.0064900 secs] [Times: user=0.03 sys=0.00, real=0.00 secs] 
2014-07-16T06:53:10.118+0000: 2769.119: [GC [PSYoungGen: 236410K->1112K(231040K)] 635400K->400190K(918016K), 0.0095420 secs] [Times: user=0.05 sys=0.00, real=0.01 secs] 
2014-07-16T06:53:11.006+0000: 2770.007: [GC [PSYoungGen: 231000K->1086K(225600K)] 630078K->400228K(912576K), 0.0141780 secs] [Times: user=0.09 sys=0.01, real=0.02 secs] 
2014-07-16T06:53:11.839+0000: 2770.839: [GC [PSYoungGen: 225598K->680K(220032K)] 624740K->399893K(907008K), 0.0059970 secs] [Times: user=0.03 sys=0.00, real=0.00 secs] 
2014-07-16T06:53:12.650+0000: 2771.651: [GC [PSYoungGen: 220008K->844K(215232K)] 619221K->400169K(902208K), 0.0065010 secs] [Times: user=0.04 sys=0.01, real=0.00 secs] 
2014-07-16T06:53:13.460+0000: 2772.461: [GC [PSYoungGen: 215180K->1428K(210944K)] 614505K->400834K(897920K), 0.0044000 secs] [Times: user=0.03 sys=0.00, real=0.00 secs] 
2014-07-16T06:53:14.227+0000: 2773.227: [GC [PSYoungGen: 210900K->626K(205440K)] 610306K->400095K(892416K), 0.0088340 secs] [Times: user=0.05 sys=0.00, real=0.01 secs] 
2014-07-16T06:53:14.993+0000: 2773.994: [GC [PSYoungGen: 205394K->936K(201280K)] 604864K->400477K(888256K), 0.0069670 secs] [Times: user=0.04 sys=0.00, real=0.01 secs] 
2014-07-16T06:53:15.802+0000: 2774.802: [GC [PSYoungGen: 201256K->912K(196928K)] 600797K->400534K(883904K), 0.0078450 secs] [Times: user=0.05 sys=0.00, real=0.01 secs] 
2014-07-16T06:53:16.496+0000: 2775.497: [GC [PSYoungGen: 196813K->862K(192640K)] 596435K->400548K(879616K), 0.0054080 secs] [Times: user=0.04 sys=0.00, real=0.01 secs] 
2014-07-16T06:53:17.216+0000: 2776.216: [GC [PSYoungGen: 192605K->794K(230976K)] 592290K->400535K(917952K), 0.0139880 secs] [Times: user=0.08 sys=0.00, real=0.02 secs] 
2014-07-16T06:53:18.053+0000: 2777.054: [GC [PSYoungGen: 230934K->772K(225600K)] 630676K->400569K(912576K), 0.0047010 secs] [Times: user=0.02 sys=0.00, real=0.01 secs] 
2014-07-16T06:53:18.893+0000: 2777.894: [GC [PSYoungGen: 225521K->1462K(271232K)] 625319K->401570K(958208K), 0.0117640 secs] [Times: user=0.07 sys=0.00, real=0.01 secs] 
2014-07-16T06:53:19.885+0000: 2778.886: [GC [PSYoungGen: 271222K->698K(263616K)] 671330K->401094K(950592K), 0.0050830 secs] [Times: user=0.03 sys=0.00, real=0.01 secs] 
2014-07-16T06:53:20.894+0000: 2779.895: [GC [PSYoungGen: 263580K->780K(257152K)] 663976K->401314K(944128K), 0.0059070 secs] [Times: user=0.04 sys=0.01, real=0.01 secs] 
2014-07-16T06:53:21.819+0000: 2780.820: [GC [PSYoungGen: 257084K->698K(250688K)] 657618K->401288K(937664K), 0.0040250 secs] [Times: user=0.02 sys=0.00, real=0.00 secs] 
2014-07-16T06:53:22.742+0000: 2781.742: [GC [PSYoungGen: 250682K->548K(244416K)] 651272K->401210K(931392K), 0.0066310 secs] [Times: user=0.05 sys=0.00, real=0.00 secs] 
2014-07-16T06:53:23.634+0000: 2782.635: [GC [PSYoungGen: 244355K->1112K(239104K)] 645017K->401854K(926080K), 0.0048270 secs] [Times: user=0.03 sys=0.00, real=0.00 secs] 
2014-07-16T06:53:24.501+0000: 2783.502: [GC [PSYoungGen: 239064K->580K(232896K)] 639806K->401386K(919872K), 0.0112210 secs] [Times: user=0.07 sys=0.00, real=0.01 secs] 
2014-07-16T06:53:25.344+0000: 2784.345: [GC [PSYoungGen: 232834K->548K(227328K)] 633640K->401434K(914304K), 0.0052960 secs] [Times: user=0.03 sys=0.01, real=0.01 secs] 
2014-07-16T06:53:26.233+0000: 2785.234: [GC [PSYoungGen: 227300K->1182K(222720K)] 628186K->402116K(909696K), 0.0067420 secs] [Times: user=0.02 sys=0.01, real=0.01 secs] 
2014-07-16T06:53:27.041+0000: 2786.042: [GC [PSYoungGen: 222641K->594K(217088K)] 623575K->401608K(904064K), 0.0117810 secs] [Times: user=0.07 sys=0.00, real=0.01 secs] 
2014-07-16T06:53:27.834+0000: 2786.835: [GC [PSYoungGen: 217042K->448K(211968K)] 618056K->401534K(898944K), 0.0067970 secs] [Times: user=0.05 sys=0.00, real=0.01 secs] 
2014-07-16T06:53:28.624+0000: 2787.625: [GC [PSYoungGen: 211968K->598K(207424K)] 613054K->401756K(894400K), 0.0082520 secs] [Times: user=0.05 sys=0.00, real=0.01 secs] 
2014-07-16T06:53:29.402+0000: 2788.403: [GC [PSYoungGen: 207382K->1436K(249664K)] 608540K->402666K(936640K), 0.0099460 secs] [Times: user=0.05 sys=0.00, real=0.01 secs] 
2014-07-16T06:53:30.331+0000: 2789.332: [GC [PSYoungGen: 249628K->708K(298624K)] 650858K->402010K(985600K), 0.0108370 secs] [Times: user=0.08 sys=0.01, real=0.01 secs] 
2014-07-16T06:53:31.472+0000: 2790.473: [GC [PSYoungGen: 298564K->836K(290816K)] 699866K->402258K(977792K), 0.0080280 secs] [Times: user=0.05 sys=0.00, real=0.01 secs] 
2014-07-16T06:53:32.564+0000: 2791.564: [GC [PSYoungGen: 290756K->580K(282944K)] 692178K->402090K(969920K), 0.0102190 secs] [Times: user=0.06 sys=0.01, real=0.01 secs] 
2014-07-16T06:53:33.613+0000: 2792.614: [GC [PSYoungGen: 282884K->658K(275648K)] 684394K->402272K(962624K), 0.0035930 secs] [Times: user=0.02 sys=0.00, real=0.00 secs] 
2014-07-16T06:53:34.618+0000: 2793.619: [GC [PSYoungGen: 275602K->922K(268864K)] 677216K->402616K(955840K), 0.0042730 secs] [Times: user=0.03 sys=0.00, real=0.01 secs] 
2014-07-16T06:53:35.619+0000: 2794.620: [GC [PSYoungGen: 268826K->758K(261888K)] 670520K->402564K(948864K), 0.0059990 secs] [Times: user=0.03 sys=0.01, real=0.01 secs] 
2014-07-16T06:53:36.619+0000: 2795.620: [GC [PSYoungGen: 261878K->690K(255296K)] 663684K->402568K(942272K), 0.0058590 secs] [Times: user=0.03 sys=0.00, real=0.01 secs] 
2014-07-16T06:53:37.555+0000: 2796.556: [GC [PSYoungGen: 255267K->612K(248960K)] 657145K->402578K(935936K), 0.0056050 secs] [Times: user=0.03 sys=0.00, real=0.00 secs] 
2014-07-16T06:53:38.477+0000: 2797.477: [GC [PSYoungGen: 248932K->562K(242816K)] 650898K->402592K(929792K), 0.0085320 secs] [Times: user=0.06 sys=0.00, real=0.01 secs] 
2014-07-16T06:53:39.360+0000: 2798.361: [GC [PSYoungGen: 242802K->420K(236864K)] 644832K->402506K(923840K), 0.0048360 secs] [Times: user=0.03 sys=0.00, real=0.01 secs] 
2014-07-16T06:53:40.255+0000: 2799.256: [GC [PSYoungGen: 236836K->648K(231488K)] 638922K->402798K(918464K), 0.0104180 secs] [Times: user=0.06 sys=0.01, real=0.01 secs] 
2014-07-16T06:53:41.213+0000: 2800.214: [GC [PSYoungGen: 231432K->854K(226240K)] 633582K->403100K(913216K), 0.0091000 secs] [Times: user=0.05 sys=0.01, real=0.01 secs] 
2014-07-16T06:53:41.987+0000: 2800.988: [GC [PSYoungGen: 226148K->566K(220672K)] 628394K->402860K(907648K), 0.0103460 secs] [Times: user=0.07 sys=0.00, real=0.01 secs] 
2014-07-16T06:53:42.802+0000: 2801.803: [GC [PSYoungGen: 220662K->994K(216064K)] 622956K->403376K(903040K), 0.0048220 secs] [Times: user=0.03 sys=0.01, real=0.00 secs] 
2014-07-16T06:53:43.596+0000: 2802.597: [GC [PSYoungGen: 216016K->676K(258752K)] 618398K->403154K(945728K), 0.0136640 secs] [Times: user=0.09 sys=0.00, real=0.01 secs] 
2014-07-16T06:53:44.520+0000: 2803.521: [GC [PSYoungGen: 258724K->566K(252224K)] 661202K->403124K(939200K), 0.0057500 secs] [Times: user=0.04 sys=0.00, real=0.01 secs] 
2014-07-16T06:53:45.440+0000: 2804.441: [GC [PSYoungGen: 252214K->1040K(246528K)] 654772K->403718K(933504K), 0.0039340 secs] [Times: user=0.03 sys=0.00, real=0.01 secs] 
2014-07-16T06:53:46.442+0000: 2805.443: [GC [PSYoungGen: 246480K->1308K(240832K)] 649158K->404058K(927808K), 0.0047400 secs] [Times: user=0.02 sys=0.00, real=0.00 secs] 
2014-07-16T06:53:47.291+0000: 2806.292: [GC [PSYoungGen: 240729K->306K(234048K)] 643479K->403768K(921024K), 0.0043190 secs] [Times: user=0.02 sys=0.00, real=0.01 secs] 
2014-07-16T06:53:48.147+0000: 2807.148: [GC [PSYoungGen: 234034K->898K(229184K)] 637496K->404400K(916160K), 0.0104310 secs] [Times: user=0.06 sys=0.00, real=0.01 secs] 
2014-07-16T06:53:49.030+0000: 2808.030: [GC [PSYoungGen: 229121K->844K(223808K)] 632623K->404576K(910784K), 0.0100500 secs] [Times: user=0.06 sys=0.00, real=0.01 secs] 
2014-07-16T06:53:49.826+0000: 2808.827: [GC [PSYoungGen: 223756K->498K(218304K)] 627488K->404318K(905280K), 0.0077100 secs] [Times: user=0.05 sys=0.00, real=0.01 secs] 
2014-07-16T06:53:50.659+0000: 2809.659: [GC [PSYoungGen: 218245K->908K(213824K)] 622065K->404784K(900800K), 0.0059420 secs] [Times: user=0.03 sys=0.00, real=0.01 secs] 
2014-07-16T06:53:51.475+0000: 2810.475: [GC [PSYoungGen: 213772K->850K(208960K)] 617648K->404798K(895936K), 0.0048510 secs] [Times: user=0.03 sys=0.00, real=0.00 secs] 
2014-07-16T06:53:52.226+0000: 2811.227: [GC [PSYoungGen: 208914K->926K(204416K)] 612862K->404938K(891392K), 0.0047930 secs] [Times: user=0.02 sys=0.00, real=0.00 secs] 
2014-07-16T06:53:52.968+0000: 2811.969: [GC [PSYoungGen: 204382K->580K(199616K)] 608394K->404648K(886592K), 0.0052430 secs] [Times: user=0.03 sys=0.00, real=0.01 secs] 
2014-07-16T06:53:53.701+0000: 2812.702: [GC [PSYoungGen: 199556K->1120K(195840K)] 603624K->405414K(882816K), 0.0059420 secs] [Times: user=0.02 sys=0.00, real=0.01 secs] 
2014-07-16T06:53:54.394+0000: 2813.395: [GC [PSYoungGen: 195807K->930K(191488K)] 600101K->405320K(878464K), 0.0035600 secs] [Times: user=0.01 sys=0.01, real=0.01 secs] 
2014-07-16T06:53:55.093+0000: 2814.094: [GC [PSYoungGen: 191458K->484K(187008K)] 595848K->405054K(873984K), 0.0075740 secs] [Times: user=0.06 sys=0.00, real=0.01 secs] 
2014-07-16T06:53:55.793+0000: 2814.794: [GC [PSYoungGen: 186980K->862K(183488K)] 591550K->405520K(870464K), 0.0097210 secs] [Times: user=0.07 sys=0.00, real=0.01 secs] 
2014-07-16T06:53:56.560+0000: 2815.561: [GC [PSYoungGen: 183454K->1122K(179968K)] 588112K->405876K(866944K), 0.0036670 secs] [Times: user=0.02 sys=0.00, real=0.01 secs] 
2014-07-16T06:53:57.188+0000: 2816.189: [GC [PSYoungGen: 179938K->1010K(176192K)] 584692K->405828K(863168K), 0.0059440 secs] [Times: user=0.02 sys=0.00, real=0.01 secs] 
2014-07-16T06:53:57.819+0000: 2816.820: [GC [PSYoungGen: 176124K->798K(172480K)] 580942K->405664K(859456K), 0.0046120 secs] [Times: user=0.02 sys=0.00, real=0.01 secs] 
2014-07-16T06:53:58.449+0000: 2817.450: [GC [PSYoungGen: 172354K->1254K(169536K)] 577221K->406200K(856512K), 0.0056020 secs] [Times: user=0.04 sys=0.00, real=0.01 secs] 
2014-07-16T06:53:59.064+0000: 2818.064: [GC [PSYoungGen: 169510K->758K(165760K)] 574456K->405884K(852736K), 0.0036330 secs] [Times: user=0.02 sys=0.00, real=0.01 secs] 
2014-07-16T06:53:59.661+0000: 2818.661: [GC [PSYoungGen: 165750K->844K(162688K)] 570876K->406018K(849664K), 0.0047160 secs] [Times: user=0.02 sys=0.00, real=0.01 secs] 
2014-07-16T06:54:00.269+0000: 2819.270: [GC [PSYoungGen: 162636K->694K(159424K)] 567810K->405956K(846400K), 0.0094490 secs] [Times: user=0.07 sys=0.01, real=0.01 secs] 
2014-07-16T06:54:00.917+0000: 2819.918: [GC [PSYoungGen: 159414K->704K(191168K)] 564676K->406022K(878144K), 0.0223240 secs] [Times: user=0.15 sys=0.00, real=0.02 secs] 
2014-07-16T06:54:01.622+0000: 2820.622: [GC [PSYoungGen: 191168K->716K(229376K)] 596486K->406074K(916352K), 0.0104860 secs] [Times: user=0.06 sys=0.00, real=0.01 secs] 
2014-07-16T06:54:02.479+0000: 2821.480: [GC [PSYoungGen: 229323K->1064K(275456K)] 634681K->406502K(962432K), 0.0078030 secs] [Times: user=0.05 sys=0.00, real=0.01 secs] 
2014-07-16T06:54:03.457+0000: 2822.458: [GC [PSYoungGen: 275430K->548K(328000K)] 680868K->406042K(1014976K), 0.0064240 secs] [Times: user=0.04 sys=0.00, real=0.00 secs] 
2014-07-16T06:54:04.641+0000: 2823.642: [GC [PSYoungGen: 327652K->948K(328512K)] 733146K->406506K(1015488K), 0.0063030 secs] [Times: user=0.04 sys=0.00, real=0.01 secs] 
2014-07-16T06:54:05.840+0000: 2824.841: [GC [PSYoungGen: 328052K->502K(393984K)] 733610K->406100K(1080960K), 0.0117460 secs] [Times: user=0.08 sys=0.00, real=0.01 secs] 
2014-07-16T06:54:07.321+0000: 2826.322: [GC [PSYoungGen: 393046K->612K(381376K)] 798645K->406298K(1068352K), 0.0038270 secs] [Times: user=0.02 sys=0.00, real=0.01 secs] 
2014-07-16T06:54:08.709+0000: 2827.710: [GC [PSYoungGen: 381348K->826K(370240K)] 787034K->406608K(1057216K), 0.0046210 secs] [Times: user=0.03 sys=0.00, real=0.00 secs] 
2014-07-16T06:54:10.074+0000: 2829.075: [GC [PSYoungGen: 370234K->1246K(359872K)] 776016K->407108K(1046848K), 0.0101290 secs] [Times: user=0.06 sys=0.00, real=0.01 secs] 
2014-07-16T06:54:11.385+0000: 2830.385: [GC [PSYoungGen: 359838K->620K(348864K)] 765700K->406950K(1035840K), 0.0093350 secs] [Times: user=0.07 sys=0.00, real=0.01 secs] 
2014-07-16T06:54:12.736+0000: 2831.737: [GC [PSYoungGen: 348844K->880K(339136K)] 755174K->407266K(1026112K), 0.0131310 secs] [Times: user=0.07 sys=0.00, real=0.01 secs] 
2014-07-16T06:54:14.011+0000: 2833.012: [GC [PSYoungGen: 339120K->786K(329536K)] 745506K->407336K(1016512K), 0.0073900 secs] [Times: user=0.04 sys=0.00, real=0.01 secs] 
2014-07-16T06:54:15.220+0000: 2834.221: [GC [PSYoungGen: 329408K->776K(320384K)] 735959K->407374K(1007360K), 0.0075180 secs] [Times: user=0.03 sys=0.00, real=0.01 secs] 
2014-07-16T06:54:16.403+0000: 2835.404: [GC [PSYoungGen: 320328K->992K(311744K)] 726926K->407662K(998720K), 0.0077140 secs] [Times: user=0.05 sys=0.00, real=0.01 secs] 
2014-07-16T06:54:17.582+0000: 2836.583: [GC [PSYoungGen: 311712K->1148K(303424K)] 718382K->407866K(990400K), 0.0043420 secs] [Times: user=0.02 sys=0.00, real=0.00 secs] 
2014-07-16T06:54:18.708+0000: 2837.709: [GC [PSYoungGen: 303385K->698K(294848K)] 710104K->407636K(981824K), 0.0066900 secs] [Times: user=0.04 sys=0.00, real=0.00 secs] 
2014-07-16T06:54:19.819+0000: 2838.819: [GC [PSYoungGen: 294842K->818K(287168K)] 701780K->407828K(974144K), 0.0037030 secs] [Times: user=0.01 sys=0.00, real=0.00 secs] 
2014-07-16T06:54:20.858+0000: 2839.859: [GC [PSYoungGen: 287137K->962K(279872K)] 694147K->408036K(966848K), 0.0081920 secs] [Times: user=0.04 sys=0.00, real=0.00 secs] 
2014-07-16T06:54:22.087+0000: 2841.087: [GC [PSYoungGen: 279752K->1320K(272960K)] 686826K->409026K(959936K), 0.0050230 secs] [Times: user=0.02 sys=0.01, real=0.01 secs] 
2014-07-16T06:54:23.078+0000: 2842.079: [GC [PSYoungGen: 272884K->374K(265088K)] 680591K->408894K(952064K), 0.0132280 secs] [Times: user=0.08 sys=0.00, real=0.02 secs] 
2014-07-16T06:54:24.098+0000: 2843.099: [GC [PSYoungGen: 265035K->1250K(259328K)] 673556K->409858K(946304K), 0.0116680 secs] [Times: user=0.07 sys=0.01, real=0.01 secs] 
2014-07-16T06:54:25.006+0000: 2844.007: [GC [PSYoungGen: 259298K->480K(252160K)] 667906K->409368K(939136K), 0.0104270 secs] [Times: user=0.07 sys=0.00, real=0.01 secs] 
2014-07-16T06:54:25.944+0000: 2844.945: [GC [PSYoungGen: 252114K->758K(246208K)] 661002K->409758K(933184K), 0.0060660 secs] [Times: user=0.03 sys=0.00, real=0.01 secs] 
2014-07-16T06:54:26.908+0000: 2845.909: [GC [PSYoungGen: 246158K->1080K(240576K)] 655159K->410137K(927552K), 0.0051910 secs] [Times: user=0.03 sys=0.00, real=0.00 secs] 
2014-07-16T06:54:27.758+0000: 2846.759: [GC [PSYoungGen: 240568K->1326K(235072K)] 649625K->410447K(922048K), 0.0077730 secs] [Times: user=0.05 sys=0.00, real=0.01 secs] 
2014-07-16T06:54:28.615+0000: 2847.615: [GC [PSYoungGen: 235054K->662K(228928K)] 644175K->409854K(915904K), 0.0112320 secs] [Times: user=0.07 sys=0.00, real=0.01 secs] 
2014-07-16T06:54:29.447+0000: 2848.448: [GC [PSYoungGen: 228886K->644K(223616K)] 638078K->409900K(910592K), 0.0096270 secs] [Times: user=0.06 sys=0.00, real=0.01 secs] 
2014-07-16T06:54:30.270+0000: 2849.271: [GC [PSYoungGen: 223556K->944K(218752K)] 632812K->410272K(905728K), 0.0068290 secs] [Times: user=0.04 sys=0.00, real=0.00 secs] 
2014-07-16T06:54:31.095+0000: 2850.096: [GC [PSYoungGen: 218736K->890K(213760K)] 628064K->410290K(900736K), 0.0075840 secs] [Times: user=0.04 sys=0.01, real=0.01 secs] 
2014-07-16T06:54:31.989+0000: 2850.990: [GC [PSYoungGen: 213754K->1482K(209600K)] 623154K->410947K(896576K), 0.0050990 secs] [Times: user=0.02 sys=0.01, real=0.00 secs] 
2014-07-16T06:54:32.697+0000: 2851.698: [GC [PSYoungGen: 209502K->822K(204288K)] 618967K->410390K(891264K), 0.0110390 secs] [Times: user=0.07 sys=0.01, real=0.01 secs] 
2014-07-16T06:54:33.440+0000: 2852.440: [GC [PSYoungGen: 204276K->1122K(245312K)] 613845K->410862K(932288K), 0.0100950 secs] [Times: user=0.06 sys=0.01, real=0.01 secs] 
2014-07-16T06:54:34.356+0000: 2853.357: [GC [PSYoungGen: 245272K->1104K(294144K)] 655013K->410892K(981120K), 0.0114690 secs] [Times: user=0.07 sys=0.00, real=0.01 secs] 
2014-07-16T06:54:35.429+0000: 2854.430: [GC [PSYoungGen: 294008K->862K(352512K)] 703797K->410706K(1039488K), 0.0084950 secs] [Times: user=0.05 sys=0.00, real=0.01 secs] 
2014-07-16T06:54:36.720+0000: 2855.720: [GC [PSYoungGen: 352452K->840K(342400K)] 762296K->410756K(1029376K), 0.0103950 secs] [Times: user=0.06 sys=0.00, real=0.02 secs] 
2014-07-16T06:54:38.025+0000: 2857.026: [GC [PSYoungGen: 342344K->1258K(376640K)] 752260K->411231K(1063616K), 0.0164850 secs] [Times: user=0.10 sys=0.00, real=0.02 secs] 
2014-07-16T06:54:39.417+0000: 2858.418: [GC [PSYoungGen: 376298K->434K(364416K)] 786271K->410446K(1051392K), 0.0051520 secs] [Times: user=0.02 sys=0.00, real=0.01 secs] 
2014-07-16T06:54:40.763+0000: 2859.764: [GC [PSYoungGen: 364314K->598K(353984K)] 774327K->410650K(1040960K), 0.0059050 secs] [Times: user=0.03 sys=0.00, real=0.00 secs] 
2014-07-16T06:54:42.227+0000: 2861.228: [GC [PSYoungGen: 353942K->1646K(344832K)] 763994K->411763K(1031808K), 0.0073000 secs] [Times: user=0.04 sys=0.00, real=0.01 secs] 
2014-07-16T06:54:43.421+0000: 2862.421: [GC [PSYoungGen: 344798K->1026K(334464K)] 754915K->411199K(1021440K), 0.0139770 secs] [Times: user=0.08 sys=0.01, real=0.02 secs] 
2014-07-16T06:54:44.665+0000: 2863.666: [GC [PSYoungGen: 334402K->816K(324864K)] 744575K->411028K(1011840K), 0.0096240 secs] [Times: user=0.05 sys=0.00, real=0.01 secs] 
2014-07-16T06:54:45.843+0000: 2864.844: [GC [PSYoungGen: 324848K->1454K(316480K)] 735060K->411755K(1003456K), 0.0061310 secs] [Times: user=0.04 sys=0.00, real=0.00 secs] 
2014-07-16T06:54:47.019+0000: 2866.019: [GC [PSYoungGen: 316462K->516K(306944K)] 726763K->410888K(993920K), 0.0085980 secs] [Times: user=0.05 sys=0.00, real=0.01 secs] 
2014-07-16T06:54:48.178+0000: 2867.179: [GC [PSYoungGen: 306884K->830K(298944K)] 717256K->411250K(985920K), 0.0065010 secs] [Times: user=0.03 sys=0.00, real=0.01 secs] 
2014-07-16T06:54:49.248+0000: 2868.248: [GC [PSYoungGen: 298925K->534K(290752K)] 709345K->411010K(977728K), 0.0111020 secs] [Times: user=0.06 sys=0.00, real=0.01 secs] 
2014-07-16T06:54:50.326+0000: 2869.326: [GC [PSYoungGen: 290669K->908K(283456K)] 701146K->411432K(970432K), 0.0090430 secs] [Times: user=0.04 sys=0.00, real=0.01 secs] 
2014-07-16T06:54:51.347+0000: 2870.348: [GC [PSYoungGen: 283404K->958K(276096K)] 693928K->411554K(963072K), 0.0044380 secs] [Times: user=0.02 sys=0.00, real=0.00 secs] 
2014-07-16T06:54:52.482+0000: 2871.482: [GC [PSYoungGen: 276058K->772K(268928K)] 686655K->411456K(955904K), 0.0086980 secs] [Times: user=0.06 sys=0.00, real=0.01 secs] 
2014-07-16T06:54:53.467+0000: 2872.468: [GC [PSYoungGen: 268868K->898K(262272K)] 679552K->411639K(949248K), 0.0084070 secs] [Times: user=0.04 sys=0.00, real=0.01 secs] 
2014-07-16T06:54:54.426+0000: 2873.426: [GC [PSYoungGen: 262210K->648K(255488K)] 672951K->411468K(942464K), 0.0087240 secs] [Times: user=0.06 sys=0.00, real=0.01 secs] 
2014-07-16T06:54:55.379+0000: 2874.380: [GC [PSYoungGen: 255432K->662K(249216K)] 666252K->411554K(936192K), 0.0036080 secs] [Times: user=0.01 sys=0.00, real=0.00 secs] 
2014-07-16T06:54:56.298+0000: 2875.298: [GC [PSYoungGen: 249174K->616K(243072K)] 660066K->411556K(930048K), 0.0088200 secs] [Times: user=0.06 sys=0.00, real=0.01 secs] 
2014-07-16T06:54:57.276+0000: 2876.277: [GC [PSYoungGen: 243048K->1210K(237824K)] 653988K->412222K(924800K), 0.0073190 secs] [Times: user=0.05 sys=0.00, real=0.01 secs] 
2014-07-16T06:54:58.088+0000: 2877.088: [GC [PSYoungGen: 237818K->662K(231680K)] 648830K->411722K(918656K), 0.0107530 secs] [Times: user=0.06 sys=0.00, real=0.01 secs] 
2014-07-16T06:54:58.948+0000: 2877.949: [GC [PSYoungGen: 231610K->830K(226368K)] 642671K->411922K(913344K), 0.0064610 secs] [Times: user=0.02 sys=0.00, real=0.01 secs] 
2014-07-16T06:54:59.759+0000: 2878.760: [GC [PSYoungGen: 226366K->548K(220864K)] 637458K->411712K(907840K), 0.0044390 secs] [Times: user=0.02 sys=0.00, real=0.01 secs] 
2014-07-16T06:55:00.578+0000: 2879.578: [GC [PSYoungGen: 220818K->854K(216128K)] 631983K->412098K(903104K), 0.0091910 secs] [Times: user=0.05 sys=0.00, real=0.01 secs] 
2014-07-16T06:55:01.399+0000: 2880.400: [GC [PSYoungGen: 216086K->854K(259200K)] 627330K->412170K(946176K), 0.0124940 secs] [Times: user=0.08 sys=0.00, real=0.01 secs] 
2014-07-16T06:55:02.424+0000: 2881.425: [GC [PSYoungGen: 259158K->940K(310976K)] 670474K->412312K(997952K), 0.0219510 secs] [Times: user=0.14 sys=0.00, real=0.02 secs] 
2014-07-16T06:55:03.566+0000: 2882.567: [GC [PSYoungGen: 310956K->876K(359936K)] 722328K->412312K(1046912K), 0.0072140 secs] [Times: user=0.04 sys=0.00, real=0.00 secs] 
2014-07-16T06:55:04.872+0000: 2883.872: [GC [PSYoungGen: 359916K->452K(360384K)] 771352K->411928K(1047360K), 0.0098800 secs] [Times: user=0.06 sys=0.01, real=0.01 secs] 
2014-07-16T06:55:06.191+0000: 2885.192: [GC [PSYoungGen: 359492K->994K(349632K)] 770968K->412583K(1036608K), 0.0065080 secs] [Times: user=0.04 sys=0.00, real=0.01 secs] 
2014-07-16T06:55:07.516+0000: 2886.516: [GC [PSYoungGen: 349602K->640K(339264K)] 761191K->412292K(1026240K), 0.0041400 secs] [Times: user=0.02 sys=0.00, real=0.00 secs] 
2014-07-16T06:55:08.752+0000: 2887.753: [GC [PSYoungGen: 339215K->748K(329792K)] 750868K->412464K(1016768K), 0.0081790 secs] [Times: user=0.05 sys=0.00, real=0.01 secs] 
2014-07-16T06:55:09.969+0000: 2888.970: [GC [PSYoungGen: 329772K->1262K(321088K)] 741488K->413119K(1008064K), 0.0059790 secs] [Times: user=0.02 sys=0.00, real=0.01 secs] 
2014-07-16T06:55:11.147+0000: 2890.148: [GC [PSYoungGen: 320977K->556K(311552K)] 732834K->412789K(998528K), 0.0133570 secs] [Times: user=0.07 sys=0.00, real=0.01 secs] 
2014-07-16T06:55:12.262+0000: 2891.263: [GC [PSYoungGen: 311532K->1094K(303680K)] 723765K->413415K(990656K), 0.0037240 secs] [Times: user=0.02 sys=0.00, real=0.01 secs] 
2014-07-16T06:55:13.472+0000: 2892.473: [GC [PSYoungGen: 303622K->598K(295040K)] 715943K->413233K(982016K), 0.0049790 secs] [Times: user=0.03 sys=0.00, real=0.01 secs] 
2014-07-16T06:55:14.520+0000: 2893.521: [GC [PSYoungGen: 294998K->602K(287232K)] 707633K->413269K(974208K), 0.0048730 secs] [Times: user=0.02 sys=0.00, real=0.00 secs] 
2014-07-16T06:55:15.581+0000: 2894.582: [GC [PSYoungGen: 287182K->552K(279680K)] 699849K->413267K(966656K), 0.0098450 secs] [Times: user=0.06 sys=0.00, real=0.01 secs] 
2014-07-16T06:55:16.624+0000: 2895.625: [GC [PSYoungGen: 279650K->452K(272384K)] 692365K->413223K(959360K), 0.0050220 secs] [Times: user=0.03 sys=0.01, real=0.01 secs] 
2014-07-16T06:55:17.666+0000: 2896.667: [GC [PSYoungGen: 272311K->594K(265536K)] 685082K->413445K(952512K), 0.0083080 secs] [Times: user=0.05 sys=0.00, real=0.00 secs] 
2014-07-16T06:55:18.626+0000: 2897.626: [GC [PSYoungGen: 265490K->548K(258816K)] 678341K->413455K(945792K), 0.0108410 secs] [Times: user=0.06 sys=0.00, real=0.02 secs] 
2014-07-16T06:55:19.628+0000: 2898.629: [GC [PSYoungGen: 258788K->1292K(253184K)] 671695K->414271K(940160K), 0.0081540 secs] [Times: user=0.05 sys=0.00, real=0.01 secs] 
2014-07-16T06:55:20.545+0000: 2899.546: [GC [PSYoungGen: 253132K->1292K(246976K)] 666111K->414351K(933952K), 0.0058520 secs] [Times: user=0.03 sys=0.00, real=0.01 secs] 
2014-07-16T06:55:21.445+0000: 2900.446: [GC [PSYoungGen: 246901K->420K(240128K)] 659960K->413601K(927104K), 0.0045050 secs] [Times: user=0.02 sys=0.01, real=0.01 secs] 
2014-07-16T06:55:22.330+0000: 2901.331: [GC [PSYoungGen: 240100K->844K(234816K)] 653281K->414097K(921792K), 0.0076670 secs] [Times: user=0.05 sys=0.00, real=0.01 secs] 
2014-07-16T06:55:23.229+0000: 2902.229: [GC [PSYoungGen: 234764K->812K(229248K)] 648017K->414129K(916224K), 0.0083900 secs] [Times: user=0.05 sys=0.00, real=0.01 secs] 
2014-07-16T06:55:24.097+0000: 2903.098: [GC [PSYoungGen: 229221K->712K(223872K)] 642538K->414101K(910848K), 0.0061930 secs] [Times: user=0.04 sys=0.00, real=0.00 secs] 
2014-07-16T06:55:24.921+0000: 2903.922: [GC [PSYoungGen: 223816K->780K(218816K)] 637205K->414225K(905792K), 0.0044340 secs] [Times: user=0.02 sys=0.00, real=0.00 secs] 
2014-07-16T06:55:25.731+0000: 2904.731: [GC [PSYoungGen: 218746K->784K(213824K)] 632191K->414269K(900800K), 0.0104270 secs] [Times: user=0.05 sys=0.00, real=0.01 secs] 
2014-07-16T06:55:26.524+0000: 2905.525: [GC [PSYoungGen: 213776K->648K(208896K)] 627261K->414197K(895872K), 0.0043420 secs] [Times: user=0.02 sys=0.00, real=0.01 secs] 
2014-07-16T06:55:27.294+0000: 2906.294: [GC [PSYoungGen: 208840K->1004K(204608K)] 622389K->414625K(891584K), 0.0084550 secs] [Times: user=0.05 sys=0.00, real=0.01 secs] 
2014-07-16T06:55:28.104+0000: 2907.105: [GC [PSYoungGen: 204588K->884K(200000K)] 618209K->414765K(886976K), 0.0043710 secs] [Times: user=0.02 sys=0.00, real=0.01 secs] 
2014-07-16T06:55:28.822+0000: 2907.823: [GC [PSYoungGen: 199988K->858K(195712K)] 613869K->414811K(882688K), 0.0080000 secs] [Times: user=0.04 sys=0.00, real=0.01 secs] 
2014-07-16T06:55:29.538+0000: 2908.538: [GC [PSYoungGen: 195674K->816K(234624K)] 609627K->414967K(921600K), 0.0118710 secs] [Times: user=0.08 sys=0.01, real=0.02 secs] 
2014-07-16T06:55:30.413+0000: 2909.414: [GC [PSYoungGen: 234579K->940K(281536K)] 648731K->415139K(968512K), 0.0133920 secs] [Times: user=0.07 sys=0.00, real=0.01 secs] 
2014-07-16T06:55:31.460+0000: 2910.461: [GC [PSYoungGen: 281516K->948K(274240K)] 695715K->415311K(961216K), 0.0052310 secs] [Times: user=0.03 sys=0.00, real=0.00 secs] 
2014-07-16T06:55:32.475+0000: 2911.475: [GC [PSYoungGen: 274226K->1148K(267456K)] 688590K->415559K(954432K), 0.0083550 secs] [Times: user=0.04 sys=0.00, real=0.01 secs] 
2014-07-16T06:55:33.491+0000: 2912.492: [GC [PSYoungGen: 267452K->580K(260224K)] 681863K->415155K(947200K), 0.0107700 secs] [Times: user=0.07 sys=0.00, real=0.01 secs] 
2014-07-16T06:55:34.487+0000: 2913.488: [GC [PSYoungGen: 260164K->776K(253952K)] 674739K->415447K(940928K), 0.0036080 secs] [Times: user=0.02 sys=0.00, real=0.01 secs] 
2014-07-16T06:55:35.392+0000: 2914.393: [GC [PSYoungGen: 253826K->1012K(247936K)] 668498K->415763K(934912K), 0.0074390 secs] [Times: user=0.05 sys=0.00, real=0.01 secs] 
2014-07-16T06:55:36.300+0000: 2915.301: [GC [PSYoungGen: 247867K->844K(241792K)] 662618K->415667K(928768K), 0.0076160 secs] [Times: user=0.05 sys=0.00, real=0.00 secs] 
2014-07-16T06:55:37.188+0000: 2916.189: [GC [PSYoungGen: 241740K->694K(235840K)] 656563K->415589K(922816K), 0.0084410 secs] [Times: user=0.05 sys=0.00, real=0.01 secs] 
2014-07-16T06:55:38.079+0000: 2917.080: [GC [PSYoungGen: 235828K->1336K(230912K)] 650723K->416435K(917888K), 0.0077760 secs] [Times: user=0.05 sys=0.00, real=0.00 secs] 
2014-07-16T06:55:38.911+0000: 2917.911: [GC [PSYoungGen: 230904K->662K(224896K)] 646003K->415833K(911872K), 0.0098040 secs] [Times: user=0.06 sys=0.00, real=0.01 secs] 
2014-07-16T06:55:39.746+0000: 2918.747: [GC [PSYoungGen: 224854K->902K(219968K)] 640025K->416105K(906944K), 0.0060330 secs] [Times: user=0.02 sys=0.01, real=0.01 secs] 
2014-07-16T06:55:40.547+0000: 2919.548: [GC [PSYoungGen: 219910K->730K(214784K)] 635113K->415989K(901760K), 0.0097350 secs] [Times: user=0.06 sys=0.00, real=0.01 secs] 
2014-07-16T06:55:41.349+0000: 2920.350: [GC [PSYoungGen: 214744K->912K(257792K)] 630003K->416235K(944768K), 0.0103720 secs] [Times: user=0.06 sys=0.01, real=0.01 secs] 
2014-07-16T06:55:42.317+0000: 2921.317: [GC [PSYoungGen: 257721K->840K(251328K)] 673044K->416243K(938304K), 0.0048860 secs] [Times: user=0.02 sys=0.00, real=0.01 secs] 
2014-07-16T06:55:43.298+0000: 2922.299: [GC [PSYoungGen: 251272K->658K(244992K)] 666675K->416149K(931968K), 0.0080550 secs] [Times: user=0.03 sys=0.00, real=0.01 secs] 
2014-07-16T06:55:44.204+0000: 2923.205: [GC [PSYoungGen: 244946K->862K(239296K)] 660437K->416425K(926272K), 0.0043100 secs] [Times: user=0.02 sys=0.00, real=0.00 secs] 
2014-07-16T06:55:45.077+0000: 2924.078: [GC [PSYoungGen: 239262K->512K(233216K)] 654825K->416131K(920192K), 0.0110300 secs] [Times: user=0.07 sys=0.01, real=0.01 secs] 
2014-07-16T06:55:45.947+0000: 2924.947: [GC [PSYoungGen: 233216K->848K(228096K)] 648835K->416539K(915072K), 0.0059910 secs] [Times: user=0.04 sys=0.00, real=0.01 secs] 
2014-07-16T06:55:46.782+0000: 2925.782: [GC [PSYoungGen: 228048K->580K(222528K)] 643739K->416343K(909504K), 0.0050050 secs] [Times: user=0.03 sys=0.00, real=0.00 secs] 
2014-07-16T06:55:47.589+0000: 2926.590: [GC [PSYoungGen: 222468K->662K(217472K)] 638231K->416505K(904448K), 0.0068990 secs] [Times: user=0.05 sys=0.00, real=0.01 secs] 
2014-07-16T06:55:48.418+0000: 2927.419: [GC [PSYoungGen: 217430K->930K(212800K)] 633273K->416853K(899776K), 0.0079840 secs] [Times: user=0.06 sys=0.00, real=0.01 secs] 
2014-07-16T06:55:49.202+0000: 2928.203: [GC [PSYoungGen: 212769K->958K(208064K)] 628692K->417045K(895040K), 0.0106630 secs] [Times: user=0.07 sys=0.00, real=0.01 secs] 
2014-07-16T06:55:49.962+0000: 2928.963: [GC [PSYoungGen: 208062K->562K(203072K)] 624149K->416729K(890048K), 0.0038810 secs] [Times: user=0.02 sys=0.00, real=0.00 secs] 
2014-07-16T06:55:50.700+0000: 2929.700: [GC [PSYoungGen: 203058K->834K(198976K)] 619225K->417057K(885952K), 0.0037210 secs] [Times: user=0.02 sys=0.00, real=0.01 secs] 
2014-07-16T06:55:51.437+0000: 2930.438: [GC [PSYoungGen: 198819K->1186K(195008K)] 615043K->417481K(881984K), 0.0083840 secs] [Times: user=0.05 sys=0.01, real=0.01 secs] 
2014-07-16T06:55:52.160+0000: 2931.161: [GC [PSYoungGen: 194928K->484K(190208K)] 611223K->416955K(877184K), 0.0038340 secs] [Times: user=0.02 sys=0.00, real=0.01 secs] 
2014-07-16T06:55:52.842+0000: 2931.843: [GC [PSYoungGen: 190180K->612K(186368K)] 606651K->417147K(873344K), 0.0065960 secs] [Times: user=0.05 sys=0.00, real=0.00 secs] 
2014-07-16T06:55:53.581+0000: 2932.582: [GC [PSYoungGen: 186339K->926K(182848K)] 602874K->417589K(869824K), 0.0065800 secs] [Times: user=0.04 sys=0.00, real=0.01 secs] 
2014-07-16T06:55:54.247+0000: 2933.248: [GC [PSYoungGen: 182814K->762K(178944K)] 599477K->417481K(865920K), 0.0092160 secs] [Times: user=0.05 sys=0.00, real=0.01 secs] 
2014-07-16T06:55:54.934+0000: 2933.934: [GC [PSYoungGen: 178938K->630K(214464K)] 595657K->417413K(901440K), 0.0110990 secs] [Times: user=0.06 sys=0.00, real=0.01 secs] 
2014-07-16T06:55:55.699+0000: 2934.700: [GC [PSYoungGen: 214454K->1030K(257728K)] 631237K->417861K(944704K), 0.0068460 secs] [Times: user=0.03 sys=0.01, real=0.01 secs] 
2014-07-16T06:55:56.637+0000: 2935.638: [GC [PSYoungGen: 257670K->876K(251136K)] 674501K->417837K(938112K), 0.0047530 secs] [Times: user=0.02 sys=0.00, real=0.01 secs] 
2014-07-16T06:55:57.565+0000: 2936.566: [GC [PSYoungGen: 251116K->832K(244928K)] 668077K->417849K(931904K), 0.0053770 secs] [Times: user=0.02 sys=0.00, real=0.00 secs] 
2014-07-16T06:55:58.492+0000: 2937.492: [GC [PSYoungGen: 244928K->384K(238592K)] 661945K->417457K(925568K), 0.0072330 secs] [Times: user=0.05 sys=0.00, real=0.01 secs] 
2014-07-16T06:55:59.382+0000: 2938.383: [GC [PSYoungGen: 238560K->726K(233280K)] 655634K->417879K(920256K), 0.0073770 secs] [Times: user=0.05 sys=0.00, real=0.00 secs] 
2014-07-16T06:56:00.255+0000: 2939.255: [GC [PSYoungGen: 233238K->1112K(228160K)] 650391K->418329K(915136K), 0.0034550 secs] [Times: user=0.03 sys=0.00, real=0.00 secs] 
2014-07-16T06:56:01.084+0000: 2940.085: [GC [PSYoungGen: 228120K->1226K(222976K)] 645337K->418523K(909952K), 0.0080160 secs] [Times: user=0.05 sys=0.00, real=0.00 secs] 
2014-07-16T06:56:01.899+0000: 2940.900: [GC [PSYoungGen: 222922K->320K(216896K)] 640219K->417737K(903872K), 0.0125630 secs] [Times: user=0.08 sys=0.00, real=0.01 secs] 
2014-07-16T06:56:02.715+0000: 2941.716: [GC [PSYoungGen: 216896K->726K(260672K)] 634313K->418191K(947648K), 0.0102000 secs] [Times: user=0.06 sys=0.00, real=0.01 secs] 
2014-07-16T06:56:03.721+0000: 2942.722: [GC [PSYoungGen: 260630K->626K(254080K)] 678095K->418197K(941056K), 0.0051340 secs] [Times: user=0.02 sys=0.01, real=0.01 secs] 
2014-07-16T06:56:04.644+0000: 2943.644: [GC [PSYoungGen: 254066K->958K(248128K)] 671637K->418601K(935104K), 0.0095010 secs] [Times: user=0.06 sys=0.00, real=0.01 secs] 
2014-07-16T06:56:05.601+0000: 2944.602: [GC [PSYoungGen: 248125K->758K(241920K)] 665768K->418481K(928896K), 0.0041980 secs] [Times: user=0.02 sys=0.00, real=0.01 secs] 
2014-07-16T06:56:06.466+0000: 2945.467: [GC [PSYoungGen: 241876K->862K(236224K)] 659599K->418633K(923200K), 0.0046410 secs] [Times: user=0.02 sys=0.00, real=0.00 secs] 
2014-07-16T06:56:07.328+0000: 2946.329: [GC [PSYoungGen: 236190K->922K(230720K)] 653961K->418789K(917696K), 0.0071250 secs] [Times: user=0.05 sys=0.00, real=0.01 secs] 
2014-07-16T06:56:08.267+0000: 2947.268: [GC [PSYoungGen: 230682K->1314K(225728K)] 648549K->419301K(912704K), 0.0045830 secs] [Times: user=0.02 sys=0.00, real=0.00 secs] 
2014-07-16T06:56:08.999+0000: 2948.000: [GC [PSYoungGen: 225698K->416K(219648K)] 643685K->418451K(906624K), 0.0085360 secs] [Times: user=0.05 sys=0.00, real=0.01 secs] 
2014-07-16T06:56:09.807+0000: 2948.807: [GC [PSYoungGen: 219597K->708K(214976K)] 637632K->418807K(901952K), 0.0085400 secs] [Times: user=0.05 sys=0.00, real=0.01 secs] 
2014-07-16T06:56:10.592+0000: 2949.593: [GC [PSYoungGen: 214916K->630K(210048K)] 633015K->418841K(897024K), 0.0032980 secs] [Times: user=0.02 sys=0.00, real=0.01 secs] 
2014-07-16T06:56:11.366+0000: 2950.367: [GC [PSYoungGen: 210038K->748K(205504K)] 628249K->419015K(892480K), 0.0090530 secs] [Times: user=0.06 sys=0.00, real=0.01 secs] 
2014-07-16T06:56:12.127+0000: 2951.128: [GC [PSYoungGen: 205449K->822K(246528K)] 623716K->419153K(933504K), 0.0143870 secs] [Times: user=0.07 sys=0.01, real=0.01 secs] 
2014-07-16T06:56:13.035+0000: 2952.036: [GC [PSYoungGen: 246518K->512K(295360K)] 664849K->418899K(982336K), 0.0085010 secs] [Times: user=0.04 sys=0.00, real=0.00 secs] 
2014-07-16T06:56:14.159+0000: 2953.160: [GC [PSYoungGen: 295331K->822K(287872K)] 713719K->419273K(974848K), 0.0063990 secs] [Times: user=0.04 sys=0.00, real=0.01 secs] 
2014-07-16T06:56:15.215+0000: 2954.216: [GC [PSYoungGen: 287862K->768K(280256K)] 706313K->419259K(967232K), 0.0069970 secs] [Times: user=0.02 sys=0.00, real=0.00 secs] 
2014-07-16T06:56:16.269+0000: 2955.269: [GC [PSYoungGen: 280256K->1018K(273280K)] 698747K->419597K(960256K), 0.0083910 secs] [Times: user=0.04 sys=0.00, real=0.01 secs] 
2014-07-16T06:56:17.286+0000: 2956.287: [GC [PSYoungGen: 273274K->840K(266176K)] 691853K->419515K(953152K), 0.0072060 secs] [Times: user=0.04 sys=0.00, real=0.00 secs] 
2014-07-16T06:56:18.246+0000: 2957.246: [GC [PSYoungGen: 266120K->684K(259264K)] 684795K->419431K(946240K), 0.0046060 secs] [Times: user=0.01 sys=0.00, real=0.00 secs] 
2014-07-16T06:56:19.250+0000: 2958.250: [GC [PSYoungGen: 259244K->498K(252608K)] 677991K->419285K(939584K), 0.0046910 secs] [Times: user=0.02 sys=0.00, real=0.00 secs] 
2014-07-16T06:56:20.178+0000: 2959.178: [GC [PSYoungGen: 252499K->466K(246400K)] 671287K->419317K(933376K), 0.0039010 secs] [Times: user=0.02 sys=0.00, real=0.00 secs] 
2014-07-16T06:56:21.079+0000: 2960.080: [GC [PSYoungGen: 246354K->808K(240768K)] 665205K->419739K(927744K), 0.0101260 secs] [Times: user=0.06 sys=0.00, real=0.01 secs] 
2014-07-16T06:56:21.969+0000: 2960.970: [GC [PSYoungGen: 240733K->630K(234816K)] 659664K->419625K(921792K), 0.0051450 secs] [Times: user=0.03 sys=0.00, real=0.00 secs] 
2014-07-16T06:56:22.869+0000: 2961.870: [GC [PSYoungGen: 234806K->1008K(282048K)] 653801K->420043K(969024K), 0.0196180 secs] [Times: user=0.12 sys=0.00, real=0.02 secs] 
2014-07-16T06:56:23.927+0000: 2962.928: [GC [PSYoungGen: 282032K->826K(274560K)] 701067K->420023K(961536K), 0.0080890 secs] [Times: user=0.05 sys=0.00, real=0.00 secs] 
2014-07-16T06:56:24.947+0000: 2963.948: [GC [PSYoungGen: 274551K->1258K(329792K)] 693748K->420599K(1016768K), 0.0168470 secs] [Times: user=0.11 sys=0.00, real=0.01 secs] 
2014-07-16T06:56:26.203+0000: 2965.204: [GC [PSYoungGen: 329739K->506K(386368K)] 749080K->420439K(1073344K), 0.0192650 secs] [Times: user=0.13 sys=0.00, real=0.02 secs] 
2014-07-16T06:56:27.608+0000: 2966.609: [GC [PSYoungGen: 386355K->908K(375296K)] 806289K->420897K(1062272K), 0.0038460 secs] [Times: user=0.02 sys=0.00, real=0.00 secs] 
2014-07-16T06:56:29.023+0000: 2968.023: [GC [PSYoungGen: 375244K->626K(363904K)] 795233K->420977K(1050880K), 0.0075280 secs] [Times: user=0.04 sys=0.00, real=0.01 secs] 
2014-07-16T06:56:30.346+0000: 2969.346: [GC [PSYoungGen: 363825K->780K(353472K)] 784176K->421219K(1040448K), 0.0074710 secs] [Times: user=0.04 sys=0.00, real=0.01 secs] 
2014-07-16T06:56:31.664+0000: 2970.665: [GC [PSYoungGen: 353420K->1014K(343488K)] 773859K->421575K(1030464K), 0.0122460 secs] [Times: user=0.06 sys=0.00, real=0.01 secs] 
2014-07-16T06:56:32.919+0000: 2971.920: [GC [PSYoungGen: 343478K->804K(333568K)] 764039K->421429K(1020544K), 0.0099520 secs] [Times: user=0.05 sys=0.00, real=0.01 secs] 
2014-07-16T06:56:34.179+0000: 2973.180: [GC [PSYoungGen: 333528K->794K(324224K)] 754153K->421459K(1011200K), 0.0045490 secs] [Times: user=0.02 sys=0.00, real=0.00 secs] 
2014-07-16T06:56:35.360+0000: 2974.361: [GC [PSYoungGen: 324137K->898K(315392K)] 744803K->421627K(1002368K), 0.0081910 secs] [Times: user=0.05 sys=0.00, real=0.01 secs] 
2014-07-16T06:56:36.505+0000: 2975.505: [GC [PSYoungGen: 315322K->862K(306752K)] 736051K->421655K(993728K), 0.0086190 secs] [Times: user=0.05 sys=0.00, real=0.01 secs] 
2014-07-16T06:56:37.641+0000: 2976.642: [GC [PSYoungGen: 306704K->676K(298304K)] 727497K->421509K(985280K), 0.0065310 secs] [Times: user=0.02 sys=0.01, real=0.00 secs] 
2014-07-16T06:56:38.844+0000: 2977.844: [GC [PSYoungGen: 298276K->990K(290688K)] 719109K->421903K(977664K), 0.0080230 secs] [Times: user=0.05 sys=0.00, real=0.01 secs] 
2014-07-16T06:56:39.885+0000: 2978.885: [GC [PSYoungGen: 290654K->950K(283008K)] 711567K->421927K(969984K), 0.0057970 secs] [Times: user=0.03 sys=0.00, real=0.01 secs] 
2014-07-16T06:56:40.919+0000: 2979.920: [GC [PSYoungGen: 282998K->630K(275328K)] 703975K->421639K(962304K), 0.0054570 secs] [Times: user=0.02 sys=0.01, real=0.00 secs] 
2014-07-16T06:56:41.942+0000: 2980.943: [GC [PSYoungGen: 275318K->858K(268544K)] 696327K->421947K(955520K), 0.0075960 secs] [Times: user=0.04 sys=0.00, real=0.01 secs] 
2014-07-16T06:56:42.937+0000: 2981.938: [GC [PSYoungGen: 268506K->730K(261632K)] 689595K->421899K(948608K), 0.0078640 secs] [Times: user=0.04 sys=0.00, real=0.01 secs] 
2014-07-16T06:56:43.953+0000: 2982.954: [GC [PSYoungGen: 261594K->584K(254976K)] 682763K->421809K(941952K), 0.0032540 secs] [Times: user=0.02 sys=0.00, real=0.00 secs] 
2014-07-16T06:56:44.860+0000: 2983.861: [GC [PSYoungGen: 254918K->1062K(249152K)] 676143K->422639K(936128K), 0.0090650 secs] [Times: user=0.05 sys=0.00, real=0.01 secs] 
2014-07-16T06:56:45.783+0000: 2984.784: [GC [PSYoungGen: 249126K->830K(242816K)] 670703K->422471K(929792K), 0.0110660 secs] [Times: user=0.07 sys=0.00, real=0.01 secs] 
2014-07-16T06:56:46.692+0000: 2985.693: [GC [PSYoungGen: 242814K->850K(237056K)] 664455K->422571K(924032K), 0.0087840 secs] [Times: user=0.06 sys=0.00, real=0.01 secs] 
2014-07-16T06:56:47.541+0000: 2986.542: [GC [PSYoungGen: 236986K->990K(231552K)] 658708K->422759K(918528K), 0.0099000 secs] [Times: user=0.06 sys=0.00, real=0.01 secs] 
2014-07-16T06:56:48.380+0000: 2987.381: [GC [PSYoungGen: 231518K->466K(225600K)] 653287K->422315K(912576K), 0.0044400 secs] [Times: user=0.03 sys=0.00, real=0.00 secs] 
2014-07-16T06:56:49.270+0000: 2988.271: [GC [PSYoungGen: 225554K->658K(220608K)] 647403K->422563K(907584K), 0.0096590 secs] [Times: user=0.06 sys=0.00, real=0.01 secs] 
2014-07-16T06:56:50.058+0000: 2989.059: [GC [PSYoungGen: 220562K->972K(215872K)] 642467K->422957K(902848K), 0.0048450 secs] [Times: user=0.02 sys=0.00, real=0.01 secs] 
2014-07-16T06:56:50.858+0000: 2989.859: [GC [PSYoungGen: 215820K->566K(258432K)] 637805K->422591K(945408K), 0.0137090 secs] [Times: user=0.09 sys=0.00, real=0.02 secs] 
2014-07-16T06:56:51.803+0000: 2990.803: [GC [PSYoungGen: 258422K->908K(310400K)] 680447K->423005K(997376K), 0.0094170 secs] [Times: user=0.06 sys=0.00, real=0.01 secs] 
2014-07-16T06:56:52.954+0000: 2991.954: [GC [PSYoungGen: 310348K->1250K(302336K)] 732445K->423811K(989312K), 0.0080750 secs] [Times: user=0.03 sys=0.00, real=0.01 secs] 
2014-07-16T06:56:54.061+0000: 2993.062: [GC [PSYoungGen: 302306K->506K(293504K)] 724867K->423419K(980480K), 0.0069560 secs] [Times: user=0.05 sys=0.00, real=0.00 secs] 
2014-07-16T06:56:55.133+0000: 2994.133: [GC [PSYoungGen: 293498K->690K(285952K)] 716411K->423667K(972928K), 0.0047880 secs] [Times: user=0.03 sys=0.00, real=0.00 secs] 
2014-07-16T06:56:56.169+0000: 2995.170: [GC [PSYoungGen: 285938K->676K(278464K)] 708915K->423733K(965440K), 0.0058520 secs] [Times: user=0.03 sys=0.01, real=0.01 secs] 
2014-07-16T06:56:57.217+0000: 2996.218: [GC [PSYoungGen: 278436K->740K(271360K)] 701493K->423861K(958336K), 0.0043580 secs] [Times: user=0.02 sys=0.00, real=0.01 secs] 
2014-07-16T06:56:58.197+0000: 2997.198: [GC [PSYoungGen: 271332K->566K(264256K)] 694453K->423751K(951232K), 0.0048210 secs] [Times: user=0.02 sys=0.00, real=0.01 secs] 
2014-07-16T06:56:59.246+0000: 2998.247: [GC [PSYoungGen: 264240K->630K(257664K)] 687426K->423887K(944640K), 0.0060640 secs] [Times: user=0.04 sys=0.00, real=0.01 secs] 
2014-07-16T06:57:00.152+0000: 2999.153: [GC [PSYoungGen: 257654K->762K(251392K)] 680911K->424107K(938368K), 0.0097010 secs] [Times: user=0.07 sys=0.01, real=0.01 secs] 
2014-07-16T06:57:01.085+0000: 3000.086: [GC [PSYoungGen: 251386K->562K(245056K)] 674731K->423963K(932032K), 0.0096390 secs] [Times: user=0.06 sys=0.00, real=0.01 secs] 
2014-07-16T06:57:01.987+0000: 3000.988: [GC [PSYoungGen: 245042K->598K(239232K)] 668443K->424087K(926208K), 0.0041360 secs] [Times: user=0.03 sys=0.01, real=0.00 secs] 
2014-07-16T06:57:02.864+0000: 3001.864: [GC [PSYoungGen: 239155K->548K(233472K)] 662644K->424125K(920448K), 0.0040920 secs] [Times: user=0.02 sys=0.00, real=0.00 secs] 
2014-07-16T06:57:03.732+0000: 3002.733: [GC [PSYoungGen: 233444K->858K(228288K)] 657021K->424507K(915264K), 0.0169270 secs] [Times: user=0.11 sys=0.00, real=0.01 secs] 
2014-07-16T06:57:04.655+0000: 3003.655: [GC [PSYoungGen: 228250K->972K(223104K)] 651899K->424685K(910080K), 0.0066360 secs] [Times: user=0.03 sys=0.00, real=0.00 secs] 
2014-07-16T06:57:05.462+0000: 3004.463: [GC [PSYoungGen: 223052K->556K(217536K)] 646765K->424519K(904512K), 0.0040990 secs] [Times: user=0.02 sys=0.00, real=0.01 secs] 
2014-07-16T06:57:06.288+0000: 3005.288: [GC [PSYoungGen: 217516K->890K(212928K)] 641479K->424949K(899904K), 0.0069710 secs] [Times: user=0.04 sys=0.00, real=0.01 secs] 
2014-07-16T06:57:07.061+0000: 3006.062: [GC [PSYoungGen: 212919K->780K(255296K)] 636979K->425088K(942272K), 0.0149340 secs] [Times: user=0.10 sys=0.00, real=0.02 secs] 
2014-07-16T06:57:08.046+0000: 3007.047: [GC [PSYoungGen: 255244K->812K(249024K)] 679552K->425192K(936000K), 0.0082640 secs] [Times: user=0.05 sys=0.00, real=0.01 secs] 
2014-07-16T06:57:08.964+0000: 3007.965: [GC [PSYoungGen: 249004K->680K(242816K)] 673384K->425140K(929792K), 0.0037990 secs] [Times: user=0.02 sys=0.00, real=0.00 secs] 
2014-07-16T06:57:09.889+0000: 3008.890: [GC [PSYoungGen: 242792K->666K(236992K)] 667252K->425190K(923968K), 0.0128140 secs] [Times: user=0.09 sys=0.00, real=0.01 secs] 
2014-07-16T06:57:10.753+0000: 3009.754: [GC [PSYoungGen: 236954K->816K(231488K)] 661478K->425404K(918464K), 0.0042240 secs] [Times: user=0.02 sys=0.00, real=0.00 secs] 
2014-07-16T06:57:11.592+0000: 3010.593: [GC [PSYoungGen: 231472K->544K(225792K)] 656060K->425195K(912768K), 0.0053710 secs] [Times: user=0.03 sys=0.00, real=0.01 secs] 
2014-07-16T06:57:12.428+0000: 3011.429: [GC [PSYoungGen: 225760K->758K(220736K)] 650411K->425513K(907712K), 0.0095200 secs] [Times: user=0.07 sys=0.00, real=0.01 secs] 
2014-07-16T06:57:13.242+0000: 3012.243: [GC [PSYoungGen: 220726K->580K(215552K)] 645481K->425423K(902528K), 0.0073260 secs] [Times: user=0.05 sys=0.00, real=0.01 secs] 
2014-07-16T06:57:14.023+0000: 3013.023: [GC [PSYoungGen: 215492K->512K(210560K)] 640335K->425419K(897536K), 0.0107750 secs] [Times: user=0.07 sys=0.00, real=0.01 secs] 
2014-07-16T06:57:14.814+0000: 3013.814: [GC [PSYoungGen: 210560K->948K(253056K)] 635467K->425912K(940032K), 0.0139450 secs] [Times: user=0.09 sys=0.01, real=0.02 secs] 
2014-07-16T06:57:15.745+0000: 3014.745: [GC [PSYoungGen: 252955K->748K(303296K)] 677919K->425964K(990272K), 0.0079750 secs] [Times: user=0.06 sys=0.00, real=0.00 secs] 
2014-07-16T06:57:16.865+0000: 3015.866: [GC [PSYoungGen: 303268K->1204K(295616K)] 728484K->426508K(982592K), 0.0069300 secs] [Times: user=0.05 sys=0.00, real=0.00 secs] 
2014-07-16T06:57:17.977+0000: 3016.977: [GC [PSYoungGen: 295590K->498K(287104K)] 720894K->426138K(974080K), 0.0109280 secs] [Times: user=0.08 sys=0.00, real=0.01 secs] 
2014-07-16T06:57:19.044+0000: 3018.045: [GC [PSYoungGen: 287090K->794K(279936K)] 712730K->426548K(966912K), 0.0081150 secs] [Times: user=0.04 sys=0.00, real=0.01 secs] 
2014-07-16T06:57:20.086+0000: 3019.087: [GC [PSYoungGen: 279898K->1250K(273152K)] 705652K->427126K(960128K), 0.0073110 secs] [Times: user=0.04 sys=0.00, real=0.00 secs] 
2014-07-16T06:57:21.068+0000: 3020.069: [GC [PSYoungGen: 273118K->594K(265536K)] 698994K->426566K(952512K), 0.0045620 secs] [Times: user=0.03 sys=0.00, real=0.00 secs] 
2014-07-16T06:57:22.048+0000: 3021.049: [GC [PSYoungGen: 265490K->950K(259200K)] 691462K->426986K(946176K), 0.0041580 secs] [Times: user=0.01 sys=0.00, real=0.00 secs] 
2014-07-16T06:57:22.996+0000: 3021.996: [GC [PSYoungGen: 259190K->1050K(252928K)] 685226K->427158K(939904K), 0.0117960 secs] [Times: user=0.08 sys=0.00, real=0.01 secs] 
2014-07-16T06:57:23.935+0000: 3022.935: [GC [PSYoungGen: 252890K->804K(246464K)] 678998K->426984K(933440K), 0.0141920 secs] [Times: user=0.09 sys=0.00, real=0.02 secs] 
2014-07-16T06:57:24.847+0000: 3023.847: [GC [PSYoungGen: 246432K->950K(240640K)] 672612K->427186K(927616K), 0.0050720 secs] [Times: user=0.03 sys=0.00, real=0.00 secs] 
2014-07-16T06:57:25.736+0000: 3024.737: [GC [PSYoungGen: 240589K->794K(234752K)] 666825K->427126K(921728K), 0.0067080 secs] [Times: user=0.04 sys=0.00, real=0.00 secs] 
2014-07-16T06:57:26.595+0000: 3025.596: [GC [PSYoungGen: 234675K->480K(228928K)] 661007K->426844K(915904K), 0.0050230 secs] [Times: user=0.02 sys=0.00, real=0.01 secs] 
2014-07-16T06:57:27.437+0000: 3026.438: [GC [PSYoungGen: 228896K->800K(223936K)] 655260K->427244K(910912K), 0.0067330 secs] [Times: user=0.03 sys=0.00, real=0.00 secs] 
2014-07-16T06:57:28.387+0000: 3027.388: [GC [PSYoungGen: 223876K->804K(218816K)] 650320K->427336K(905792K), 0.0119990 secs] [Times: user=0.08 sys=0.00, real=0.01 secs] 
2014-07-16T06:57:29.153+0000: 3028.153: [GC [PSYoungGen: 218739K->848K(213888K)] 645271K->427444K(900864K), 0.0071990 secs] [Times: user=0.05 sys=0.00, real=0.01 secs] 
2014-07-16T06:57:29.956+0000: 3028.956: [GC [PSYoungGen: 213840K->740K(208960K)] 640436K->427424K(895936K), 0.0089200 secs] [Times: user=0.05 sys=0.00, real=0.01 secs] 
2014-07-16T06:57:30.715+0000: 3029.716: [GC [PSYoungGen: 208909K->544K(204160K)] 635593K->427284K(891136K), 0.0050280 secs] [Times: user=0.02 sys=0.00, real=0.01 secs] 
2014-07-16T06:57:31.469+0000: 3030.470: [GC [PSYoungGen: 204109K->790K(199936K)] 630849K->427610K(886912K), 0.0059610 secs] [Times: user=0.04 sys=0.01, real=0.00 secs] 
2014-07-16T06:57:32.195+0000: 3031.196: [GC [PSYoungGen: 199894K->1062K(195904K)] 626714K->427970K(882880K), 0.0035300 secs] [Times: user=0.02 sys=0.00, real=0.01 secs] 
2014-07-16T06:57:32.916+0000: 3031.917: [GC [PSYoungGen: 195878K->516K(191232K)] 622786K->427496K(878208K), 0.0069590 secs] [Times: user=0.04 sys=0.00, real=0.01 secs] 
2014-07-16T06:57:33.622+0000: 3032.623: [GC [PSYoungGen: 191172K->626K(187264K)] 618152K->427678K(874240K), 0.0102640 secs] [Times: user=0.07 sys=0.00, real=0.01 secs] 
2014-07-16T06:57:34.312+0000: 3033.313: [GC [PSYoungGen: 187250K->566K(183296K)] 614302K->427682K(870272K), 0.0054600 secs] [Times: user=0.02 sys=0.00, real=0.01 secs] 
2014-07-16T06:57:35.033+0000: 3034.033: [GC [PSYoungGen: 183286K->926K(179904K)] 610402K->428106K(866880K), 0.0080530 secs] [Times: user=0.04 sys=0.00, real=0.01 secs] 
2014-07-16T06:57:35.680+0000: 3034.681: [GC [PSYoungGen: 179870K->662K(176000K)] 607050K->427946K(862976K), 0.0042760 secs] [Times: user=0.03 sys=0.00, real=0.00 secs] 
2014-07-16T06:57:36.345+0000: 3035.346: [GC [PSYoungGen: 175926K->946K(172736K)] 603210K->428458K(859712K), 0.0051220 secs] [Times: user=0.02 sys=0.00, real=0.01 secs] 
2014-07-16T06:57:36.983+0000: 3035.984: [GC [PSYoungGen: 172722K->658K(206848K)] 600234K->428274K(893824K), 0.0124330 secs] [Times: user=0.09 sys=0.00, real=0.01 secs] 
2014-07-16T06:57:37.760+0000: 3036.761: [GC [PSYoungGen: 206784K->708K(202368K)] 634400K->428428K(889344K), 0.0040310 secs] [Times: user=0.02 sys=0.00, real=0.00 secs] 
2014-07-16T06:57:38.526+0000: 3037.526: [GC [PSYoungGen: 202305K->608K(197824K)] 630025K->428392K(884800K), 0.0042500 secs] [Times: user=0.03 sys=0.00, real=0.01 secs] 
2014-07-16T06:57:39.229+0000: 3038.229: [GC [PSYoungGen: 197792K->1186K(194176K)] 625576K->429134K(881152K), 0.0042800 secs] [Times: user=0.02 sys=0.00, real=0.00 secs] 
2014-07-16T06:57:39.978+0000: 3038.978: [GC [PSYoungGen: 194128K->562K(189440K)] 622076K->428582K(876416K), 0.0066290 secs] [Times: user=0.04 sys=0.00, real=0.01 secs] 
2014-07-16T06:57:40.670+0000: 3039.671: [GC [PSYoungGen: 189426K->530K(185472K)] 617446K->428614K(872448K), 0.0093710 secs] [Times: user=0.05 sys=0.00, real=0.01 secs] 
2014-07-16T06:57:41.357+0000: 3040.357: [GC [PSYoungGen: 185413K->898K(222848K)] 613497K->429046K(909824K), 0.0093190 secs] [Times: user=0.07 sys=0.00, real=0.01 secs] 
2014-07-16T06:57:42.181+0000: 3041.181: [GC [PSYoungGen: 222707K->862K(217664K)] 650855K->429114K(904640K), 0.0074010 secs] [Times: user=0.05 sys=0.00, real=0.01 secs] 
2014-07-16T06:57:42.986+0000: 3041.987: [GC [PSYoungGen: 217630K->1026K(212928K)] 645882K->429350K(899904K), 0.0085450 secs] [Times: user=0.05 sys=0.00, real=0.01 secs] 
2014-07-16T06:57:43.751+0000: 3042.751: [GC [PSYoungGen: 212866K->416K(254656K)] 641190K->428796K(941632K), 0.0103430 secs] [Times: user=0.07 sys=0.00, real=0.01 secs] 
2014-07-16T06:57:44.774+0000: 3043.775: [GC [PSYoungGen: 254624K->1386K(249344K)] 683004K->429986K(936320K), 0.0069760 secs] [Times: user=0.05 sys=0.00, real=0.01 secs] 
2014-07-16T06:57:45.637+0000: 3044.637: [GC [PSYoungGen: 249322K->676K(242624K)] 677922K->429364K(929600K), 0.0049960 secs] [Times: user=0.03 sys=0.00, real=0.01 secs] 
2014-07-16T06:57:46.543+0000: 3045.544: [GC [PSYoungGen: 242596K->726K(236864K)] 671284K->429518K(923840K), 0.0050390 secs] [Times: user=0.04 sys=0.00, real=0.00 secs] 
2014-07-16T06:57:47.419+0000: 3046.419: [GC [PSYoungGen: 236794K->676K(231168K)] 665586K->429556K(918144K), 0.0070990 secs] [Times: user=0.04 sys=0.00, real=0.01 secs] 
2014-07-16T06:57:48.263+0000: 3047.263: [GC [PSYoungGen: 231140K->512K(225600K)] 660020K->429504K(912576K), 0.0068280 secs] [Times: user=0.04 sys=0.00, real=0.01 secs] 
2014-07-16T06:57:49.128+0000: 3048.129: [GC [PSYoungGen: 225600K->932K(220864K)] 654592K->430020K(907840K), 0.0101540 secs] [Times: user=0.07 sys=0.00, real=0.01 secs] 
2014-07-16T06:57:49.969+0000: 3048.970: [GC [PSYoungGen: 220836K->908K(215808K)] 649924K->430076K(902784K), 0.0102450 secs] [Times: user=0.06 sys=0.01, real=0.01 secs] 
2014-07-16T06:57:50.751+0000: 3049.752: [GC [PSYoungGen: 215746K->630K(210624K)] 644914K->429854K(897600K), 0.0073520 secs] [Times: user=0.04 sys=0.00, real=0.00 secs] 
2014-07-16T06:57:51.514+0000: 3050.515: [GC [PSYoungGen: 210588K->1268K(253312K)] 639812K->430572K(940288K), 0.0138520 secs] [Times: user=0.09 sys=0.00, real=0.01 secs] 
2014-07-16T06:57:52.450+0000: 3051.450: [GC [PSYoungGen: 253300K->594K(303104K)] 682604K->429986K(990080K), 0.0065090 secs] [Times: user=0.04 sys=0.00, real=0.01 secs] 
2014-07-16T06:57:53.554+0000: 3052.555: [GC [PSYoungGen: 303055K->930K(295296K)] 732447K->430410K(982272K), 0.0085030 secs] [Times: user=0.06 sys=0.00, real=0.01 secs] 
2014-07-16T06:57:54.653+0000: 3053.654: [GC [PSYoungGen: 295266K->804K(287360K)] 724746K->430364K(974336K), 0.0041100 secs] [Times: user=0.02 sys=0.00, real=0.00 secs] 
2014-07-16T06:57:55.755+0000: 3054.756: [GC [PSYoungGen: 287332K->1140K(280192K)] 716892K->430796K(967168K), 0.0074200 secs] [Times: user=0.04 sys=0.00, real=0.01 secs] 
2014-07-16T06:57:56.806+0000: 3055.807: [GC [PSYoungGen: 280180K->644K(272512K)] 709836K->430364K(959488K), 0.0070140 secs] [Times: user=0.05 sys=0.00, real=0.01 secs] 
2014-07-16T06:57:57.838+0000: 3056.839: [GC [PSYoungGen: 272433K->576K(265472K)] 702153K->430376K(952448K), 0.0064910 secs] [Times: user=0.03 sys=0.01, real=0.01 secs] 
2014-07-16T06:57:58.827+0000: 3057.828: [GC [PSYoungGen: 265472K->1064K(259328K)] 695272K->430936K(946304K), 0.0097620 secs] [Times: user=0.07 sys=0.00, real=0.01 secs] 
2014-07-16T06:57:59.764+0000: 3058.765: [GC [PSYoungGen: 259281K->1154K(253056K)] 689153K->431114K(940032K), 0.0084860 secs] [Times: user=0.05 sys=0.00, real=0.01 secs] 
2014-07-16T06:58:00.715+0000: 3059.716: [GC [PSYoungGen: 252994K->544K(246208K)] 682954K->430576K(933184K), 0.0046480 secs] [Times: user=0.02 sys=0.00, real=0.00 secs] 
2014-07-16T06:58:01.640+0000: 3060.640: [GC [PSYoungGen: 246176K->1244K(240960K)] 676208K->431372K(927936K), 0.0091140 secs] [Times: user=0.06 sys=0.00, real=0.01 secs] 
2014-07-16T06:58:02.517+0000: 3061.517: [GC [PSYoungGen: 240924K->798K(234752K)] 671052K->430998K(921728K), 0.0075010 secs] [Times: user=0.04 sys=0.01, real=0.01 secs] 
2014-07-16T06:58:03.382+0000: 3062.382: [GC [PSYoungGen: 234693K->908K(281664K)] 664893K->431196K(968640K), 0.0179600 secs] [Times: user=0.11 sys=0.00, real=0.01 secs] 
2014-07-16T06:58:04.447+0000: 3063.447: [GC [PSYoungGen: 281612K->1260K(274688K)] 711900K->431620K(961664K), 0.0051900 secs] [Times: user=0.03 sys=0.00, real=0.01 secs] 
2014-07-16T06:58:05.512+0000: 3064.512: [GC [PSYoungGen: 274643K->904K(267392K)] 705004K->431336K(954368K), 0.0077250 secs] [Times: user=0.04 sys=0.01, real=0.01 secs] 
2014-07-16T06:58:06.483+0000: 3065.484: [GC [PSYoungGen: 267336K->534K(260288K)] 697768K->431030K(947264K), 0.0093670 secs] [Times: user=0.06 sys=0.00, real=0.01 secs] 
2014-07-16T06:58:07.436+0000: 3066.437: [GC [PSYoungGen: 260246K->914K(312640K)] 690742K->431498K(999616K), 0.0143090 secs] [Times: user=0.09 sys=0.00, real=0.01 secs] 
2014-07-16T06:58:08.604+0000: 3067.604: [GC [PSYoungGen: 312529K->630K(303808K)] 743113K->431286K(990784K), 0.0091700 secs] [Times: user=0.05 sys=0.00, real=0.01 secs] 
2014-07-16T06:58:09.739+0000: 3068.740: [GC [PSYoungGen: 303771K->776K(295808K)] 734427K->431512K(982784K), 0.0067740 secs] [Times: user=0.05 sys=0.00, real=0.01 secs] 
2014-07-16T06:58:10.867+0000: 3069.868: [GC [PSYoungGen: 295752K->1140K(288320K)] 726488K->431956K(975296K), 0.0080710 secs] [Times: user=0.05 sys=0.00, real=0.01 secs] 
2014-07-16T06:58:11.900+0000: 3070.901: [GC [PSYoungGen: 288264K->648K(280320K)] 719080K->431536K(967296K), 0.0043200 secs] [Times: user=0.02 sys=0.00, real=0.01 secs] 
2014-07-16T06:58:12.944+0000: 3071.945: [GC [PSYoungGen: 280264K->726K(273152K)] 711152K->431686K(960128K), 0.0102080 secs] [Times: user=0.07 sys=0.00, real=0.01 secs] 
2014-07-16T06:58:13.939+0000: 3072.940: [GC [PSYoungGen: 273092K->908K(266368K)] 704052K->431932K(953344K), 0.0071480 secs] [Times: user=0.04 sys=0.00, real=0.01 secs] 
2014-07-16T06:58:14.938+0000: 3073.938: [GC [PSYoungGen: 266316K->516K(259264K)] 697340K->431604K(946240K), 0.0036260 secs] [Times: user=0.02 sys=0.00, real=0.00 secs] 
2014-07-16T06:58:15.928+0000: 3074.929: [GC [PSYoungGen: 259204K->658K(252928K)] 690292K->431858K(939904K), 0.0065480 secs] [Times: user=0.04 sys=0.00, real=0.01 secs] 
2014-07-16T06:58:16.869+0000: 3075.870: [GC [PSYoungGen: 252860K->452K(246528K)] 684060K->431692K(933504K), 0.0111460 secs] [Times: user=0.06 sys=0.00, real=0.01 secs] 
2014-07-16T06:58:17.777+0000: 3076.778: [GC [PSYoungGen: 246425K->598K(240704K)] 677665K->431894K(927680K), 0.0087560 secs] [Times: user=0.04 sys=0.01, real=0.01 secs] 
2014-07-16T06:58:18.655+0000: 3077.656: [GC [PSYoungGen: 240662K->1112K(235456K)] 671958K->432488K(922432K), 0.0072810 secs] [Times: user=0.05 sys=0.00, real=0.00 secs] 
2014-07-16T06:58:19.551+0000: 3078.552: [GC [PSYoungGen: 235416K->882K(229632K)] 666792K->432330K(916608K), 0.0082670 secs] [Times: user=0.05 sys=0.01, real=0.01 secs] 
2014-07-16T06:58:20.506+0000: 3079.507: [GC [PSYoungGen: 229618K->816K(224192K)] 661066K->432420K(911168K), 0.0121740 secs] [Times: user=0.07 sys=0.00, real=0.01 secs] 
2014-07-16T06:58:21.258+0000: 3080.259: [GC [PSYoungGen: 224167K->858K(219072K)] 655771K->432542K(906048K), 0.0042580 secs] [Times: user=0.02 sys=0.00, real=0.00 secs] 
2014-07-16T06:58:22.072+0000: 3081.073: [GC [PSYoungGen: 218959K->1126K(214336K)] 650643K->432988K(901312K), 0.0117960 secs] [Times: user=0.07 sys=0.00, real=0.02 secs] 
2014-07-16T06:58:22.862+0000: 3081.863: [GC [PSYoungGen: 214310K->416K(256320K)] 646172K->432334K(943296K), 0.0115570 secs] [Times: user=0.08 sys=0.00, real=0.01 secs] 
2014-07-16T06:58:23.807+0000: 3082.807: [GC [PSYoungGen: 256287K->640K(307712K)] 688205K->432646K(994688K), 0.0103730 secs] [Times: user=0.06 sys=0.00, real=0.01 secs] 
2014-07-16T06:58:24.938+0000: 3083.939: [GC [PSYoungGen: 307712K->890K(299648K)] 739718K->432968K(986624K), 0.0071070 secs] [Times: user=0.04 sys=0.00, real=0.01 secs] 
2014-07-16T06:58:26.079+0000: 3085.080: [GC [PSYoungGen: 299638K->1062K(291840K)] 731716K->433204K(978816K), 0.0119940 secs] [Times: user=0.08 sys=0.00, real=0.01 secs] 
2014-07-16T06:58:27.146+0000: 3086.146: [GC [PSYoungGen: 291799K->926K(284032K)] 723941K->433140K(971008K), 0.0064060 secs] [Times: user=0.05 sys=0.00, real=0.00 secs] 
2014-07-16T06:58:28.208+0000: 3087.209: [GC [PSYoungGen: 283977K->498K(276224K)] 716191K->432784K(963200K), 0.0077490 secs] [Times: user=0.04 sys=0.00, real=0.01 secs] 
2014-07-16T06:58:29.239+0000: 3088.239: [GC [PSYoungGen: 276208K->1254K(269888K)] 708494K->433620K(956864K), 0.0079130 secs] [Times: user=0.05 sys=0.00, real=0.01 secs] 
2014-07-16T06:58:30.243+0000: 3089.244: [GC [PSYoungGen: 269862K->516K(262336K)] 702228K->432946K(949312K), 0.0033840 secs] [Times: user=0.02 sys=0.00, real=0.01 secs] 
2014-07-16T06:58:31.237+0000: 3090.238: [GC [PSYoungGen: 262276K->708K(255936K)] 694706K->433194K(942912K), 0.0075860 secs] [Times: user=0.03 sys=0.00, real=0.00 secs] 
2014-07-16T06:58:32.193+0000: 3091.194: [GC [PSYoungGen: 255850K->964K(249856K)] 688337K->433546K(936832K), 0.0066180 secs] [Times: user=0.03 sys=0.00, real=0.01 secs] 
2014-07-16T06:58:33.103+0000: 3092.104: [GC [PSYoungGen: 249796K->976K(243776K)] 682378K->433646K(930752K), 0.0061940 secs] [Times: user=0.04 sys=0.00, real=0.01 secs] 
2014-07-16T06:58:34.005+0000: 3093.006: [GC [PSYoungGen: 243728K->818K(237760K)] 676398K->433552K(924736K), 0.0053330 secs] [Times: user=0.02 sys=0.01, real=0.01 secs] 
2014-07-16T06:58:34.903+0000: 3093.904: [GC [PSYoungGen: 237746K->1270K(232576K)] 670480K->434084K(919552K), 0.0044190 secs] [Times: user=0.02 sys=0.00, real=0.01 secs] 
2014-07-16T06:58:35.768+0000: 3094.768: [GC [PSYoungGen: 232566K->748K(226624K)] 665380K->433740K(913600K), 0.0092290 secs] [Times: user=0.06 sys=0.00, real=0.01 secs] 
2014-07-16T06:58:36.606+0000: 3095.607: [GC [PSYoungGen: 226588K->1126K(221760K)] 659581K->434214K(908736K), 0.0070750 secs] [Times: user=0.05 sys=0.00, real=0.01 secs] 
2014-07-16T06:58:37.417+0000: 3096.418: [GC [PSYoungGen: 221731K->1058K(216640K)] 654820K->434469K(903616K), 0.0095550 secs] [Times: user=0.06 sys=0.00, real=0.01 secs] 
2014-07-16T06:58:38.190+0000: 3097.191: [GC [PSYoungGen: 216610K->1158K(211904K)] 650021K->434649K(898880K), 0.0088160 secs] [Times: user=0.06 sys=0.00, real=0.01 secs] 
2014-07-16T06:58:38.991+0000: 3097.991: [GC [PSYoungGen: 211846K->804K(206784K)] 645337K->434382K(893760K), 0.0083470 secs] [Times: user=0.06 sys=0.00, real=0.01 secs] 
2014-07-16T06:58:39.731+0000: 3098.732: [GC [PSYoungGen: 206756K->598K(247808K)] 640334K->434248K(934784K), 0.0113410 secs] [Times: user=0.08 sys=0.00, real=0.01 secs] 
2014-07-16T06:58:40.725+0000: 3099.725: [GC [PSYoungGen: 247766K->976K(242176K)] 681416K->434691K(929152K), 0.0048040 secs] [Times: user=0.02 sys=0.00, real=0.01 secs] 
2014-07-16T06:58:41.596+0000: 3100.597: [GC [PSYoungGen: 242128K->644K(236032K)] 675843K->434462K(923008K), 0.0085140 secs] [Times: user=0.06 sys=0.00, real=0.01 secs] 
2014-07-16T06:58:42.471+0000: 3101.471: [GC [PSYoungGen: 235970K->684K(230464K)] 669788K->434542K(917440K), 0.0041260 secs] [Times: user=0.02 sys=0.00, real=0.00 secs] 
2014-07-16T06:58:43.313+0000: 3102.314: [GC [PSYoungGen: 230444K->612K(225024K)] 664302K->434558K(912000K), 0.0066720 secs] [Times: user=0.05 sys=0.01, real=0.01 secs] 
2014-07-16T06:58:44.140+0000: 3103.140: [GC [PSYoungGen: 224996K->598K(219840K)] 658942K->434608K(906816K), 0.0076400 secs] [Times: user=0.05 sys=0.00, real=0.00 secs] 
2014-07-16T06:58:44.956+0000: 3103.956: [GC [PSYoungGen: 219798K->594K(214848K)] 653808K->434684K(901824K), 0.0100060 secs] [Times: user=0.06 sys=0.00, real=0.01 secs] 
2014-07-16T06:58:45.808+0000: 3104.809: [GC [PSYoungGen: 214802K->1086K(210496K)] 648892K->435240K(897472K), 0.0092810 secs] [Times: user=0.04 sys=0.00, real=0.00 secs] 
2014-07-16T06:58:46.549+0000: 3105.550: [GC [PSYoungGen: 210417K->698K(205440K)] 644572K->434900K(892416K), 0.0087250 secs] [Times: user=0.05 sys=0.00, real=0.00 secs] 
2014-07-16T06:58:47.296+0000: 3106.297: [GC [PSYoungGen: 205434K->480K(246208K)] 639636K->434762K(933184K), 0.0081440 secs] [Times: user=0.05 sys=0.00, real=0.01 secs] 
2014-07-16T06:58:48.215+0000: 3107.216: [GC [PSYoungGen: 246175K->498K(295360K)] 680458K->434828K(982336K), 0.0125650 secs] [Times: user=0.08 sys=0.00, real=0.01 secs] 
2014-07-16T06:58:49.322+0000: 3108.323: [GC [PSYoungGen: 295346K->716K(287808K)] 729676K->435110K(974784K), 0.0063770 secs] [Times: user=0.04 sys=0.00, real=0.01 secs] 
2014-07-16T06:58:50.416+0000: 3109.417: [GC [PSYoungGen: 287756K->1314K(280832K)] 722150K->435909K(967808K), 0.0044280 secs] [Times: user=0.02 sys=0.01, real=0.01 secs] 
2014-07-16T06:58:51.515+0000: 3110.516: [GC [PSYoungGen: 280802K->638K(272896K)] 715397K->435456K(959872K), 0.0117250 secs] [Times: user=0.09 sys=0.00, real=0.01 secs] 
2014-07-16T06:58:52.503+0000: 3111.504: [GC [PSYoungGen: 272894K->772K(266112K)] 707712K->435654K(953088K), 0.0108950 secs] [Times: user=0.07 sys=0.00, real=0.01 secs] 
2014-07-16T06:58:53.482+0000: 3112.483: [GC [PSYoungGen: 266052K->816K(259392K)] 700934K->435779K(946368K), 0.0035640 secs] [Times: user=0.02 sys=0.01, real=0.00 secs] 
2014-07-16T06:58:54.434+0000: 3113.435: [GC [PSYoungGen: 259362K->1240K(253376K)] 694325K->436259K(940352K), 0.0051650 secs] [Times: user=0.02 sys=0.00, real=0.01 secs] 
2014-07-16T06:58:55.348+0000: 3114.349: [GC [PSYoungGen: 253336K->740K(246656K)] 688355K->436334K(933632K), 0.0087870 secs] [Times: user=0.06 sys=0.00, real=0.01 secs] 
2014-07-16T06:58:56.334+0000: 3115.335: [GC [PSYoungGen: 246599K->966K(240960K)] 682194K->436633K(927936K), 0.0074550 secs] [Times: user=0.04 sys=0.00, real=0.01 secs] 
2014-07-16T06:58:57.257+0000: 3116.257: [GC [PSYoungGen: 240866K->1028K(235264K)] 676533K->436783K(922240K), 0.0067480 secs] [Times: user=0.03 sys=0.00, real=0.01 secs] 
2014-07-16T06:58:58.090+0000: 3117.091: [GC [PSYoungGen: 235171K->1058K(229696K)] 670926K->436853K(916672K), 0.0058900 secs] [Times: user=0.02 sys=0.01, real=0.00 secs] 
2014-07-16T06:58:58.937+0000: 3117.937: [GC [PSYoungGen: 229662K->612K(223936K)] 665457K->436463K(910912K), 0.0050880 secs] [Times: user=0.02 sys=0.00, real=0.01 secs] 
2014-07-16T06:58:59.759+0000: 3118.760: [GC [PSYoungGen: 223908K->858K(219072K)] 659759K->436797K(906048K), 0.0093220 secs] [Times: user=0.06 sys=0.00, real=0.01 secs] 
2014-07-16T06:59:00.598+0000: 3119.598: [GC [PSYoungGen: 219020K->1190K(214400K)] 654959K->437201K(901376K), 0.0047430 secs] [Times: user=0.03 sys=0.00, real=0.01 secs] 
2014-07-16T06:59:01.379+0000: 3120.380: [GC [PSYoungGen: 214374K->1480K(209920K)] 650385K->437539K(896896K), 0.0050360 secs] [Times: user=0.03 sys=0.00, real=0.01 secs] 
2014-07-16T06:59:02.171+0000: 3121.171: [GC [PSYoungGen: 209853K->356K(204160K)] 645912K->437067K(891136K), 0.0116860 secs] [Times: user=0.06 sys=0.00, real=0.01 secs] 
2014-07-16T06:59:02.920+0000: 3121.921: [GC [PSYoungGen: 204132K->836K(245440K)] 640843K->437619K(932416K), 0.0117560 secs] [Times: user=0.08 sys=0.00, real=0.01 secs] 
2014-07-16T06:59:03.824+0000: 3122.824: [GC [PSYoungGen: 245380K->812K(239424K)] 682163K->437733K(926400K), 0.0061130 secs] [Times: user=0.04 sys=0.00, real=0.00 secs] 
2014-07-16T06:59:04.701+0000: 3123.702: [GC [PSYoungGen: 239404K->530K(233472K)] 676325K->437507K(920448K), 0.0101520 secs] [Times: user=0.07 sys=0.00, real=0.01 secs] 
2014-07-16T06:59:05.551+0000: 3124.551: [GC [PSYoungGen: 233425K->1154K(228608K)] 670402K->438195K(915584K), 0.0052300 secs] [Times: user=0.02 sys=0.00, real=0.01 secs] 
2014-07-16T06:59:06.399+0000: 3125.399: [GC [PSYoungGen: 228546K->698K(222784K)] 665587K->437787K(909760K), 0.0050060 secs] [Times: user=0.02 sys=0.00, real=0.01 secs] 
2014-07-16T06:59:07.209+0000: 3126.209: [GC [PSYoungGen: 222778K->954K(217920K)] 659867K->438115K(904896K), 0.0059170 secs] [Times: user=0.04 sys=0.00, real=0.01 secs] 
2014-07-16T06:59:08.005+0000: 3127.006: [GC [PSYoungGen: 217893K->826K(212864K)] 655054K->438067K(899840K), 0.0123400 secs] [Times: user=0.09 sys=0.00, real=0.01 secs] 
2014-07-16T06:59:08.791+0000: 3127.792: [GC [PSYoungGen: 212858K->562K(207872K)] 650099K->437883K(894848K), 0.0086940 secs] [Times: user=0.05 sys=0.01, real=0.00 secs] 
2014-07-16T06:59:09.546+0000: 3128.547: [GC [PSYoungGen: 207858K->726K(249536K)] 645179K->438119K(936512K), 0.0082910 secs] [Times: user=0.05 sys=0.00, real=0.01 secs] 
2014-07-16T06:59:10.522+0000: 3129.523: [GC [PSYoungGen: 249494K->1010K(243712K)] 686887K->438475K(930688K), 0.0066840 secs] [Times: user=0.03 sys=0.00, real=0.01 secs] 
2014-07-16T06:59:11.509+0000: 3130.510: [GC [PSYoungGen: 243698K->936K(237824K)] 681163K->438489K(924800K), 0.0063690 secs] [Times: user=0.04 sys=0.00, real=0.01 secs] 
2014-07-16T06:59:12.409+0000: 3131.409: [GC [PSYoungGen: 237800K->626K(231872K)] 675353K->438251K(918848K), 0.0054600 secs] [Times: user=0.02 sys=0.00, real=0.01 secs] 
2014-07-16T06:59:13.293+0000: 3132.294: [GC [PSYoungGen: 231858K->976K(226816K)] 669483K->438681K(913792K), 0.0080930 secs] [Times: user=0.05 sys=0.00, real=0.00 secs] 
2014-07-16T06:59:14.113+0000: 3133.114: [GC [PSYoungGen: 226768K->626K(221184K)] 664473K->438403K(908160K), 0.0077270 secs] [Times: user=0.05 sys=0.00, real=0.00 secs] 
2014-07-16T06:59:14.921+0000: 3133.922: [GC [PSYoungGen: 221170K->580K(216128K)] 658947K->438405K(903104K), 0.0040240 secs] [Times: user=0.02 sys=0.00, real=0.01 secs] 
2014-07-16T06:59:15.718+0000: 3134.718: [GC [PSYoungGen: 216068K->976K(211648K)] 653893K->438905K(898624K), 0.0061560 secs] [Times: user=0.04 sys=0.01, real=0.01 secs] 
2014-07-16T06:59:16.543+0000: 3135.544: [GC [PSYoungGen: 211600K->812K(206720K)] 649529K->438821K(893696K), 0.0052740 secs] [Times: user=0.02 sys=0.00, real=0.00 secs] 
2014-07-16T06:59:17.302+0000: 3136.302: [GC [PSYoungGen: 206700K->648K(202048K)] 644709K->438729K(889024K), 0.0043240 secs] [Times: user=0.02 sys=0.00, real=0.01 secs] 
2014-07-16T06:59:18.046+0000: 3137.047: [GC [PSYoungGen: 201992K->862K(197888K)] 640073K->438999K(884864K), 0.0100150 secs] [Times: user=0.06 sys=0.00, real=0.01 secs] 
2014-07-16T06:59:18.781+0000: 3137.782: [GC [PSYoungGen: 197854K->1074K(237504K)] 635991K->439299K(924480K), 0.0150680 secs] [Times: user=0.10 sys=0.00, real=0.02 secs] 
2014-07-16T06:59:19.662+0000: 3138.662: [GC [PSYoungGen: 237490K->818K(284544K)] 675715K->439147K(971520K), 0.0105430 secs] [Times: user=0.07 sys=0.00, real=0.01 secs] 
2014-07-16T06:59:20.707+0000: 3139.708: [GC [PSYoungGen: 284530K->808K(287168K)] 722859K->439209K(974144K), 0.0099490 secs] [Times: user=0.07 sys=0.00, real=0.01 secs] 
2014-07-16T06:59:21.790+0000: 3140.791: [GC [PSYoungGen: 287144K->612K(279488K)] 725545K->439109K(966464K), 0.0080050 secs] [Times: user=0.04 sys=0.00, real=0.01 secs] 
2014-07-16T06:59:22.808+0000: 3141.808: [GC [PSYoungGen: 279460K->690K(272320K)] 717957K->439315K(959296K), 0.0049670 secs] [Times: user=0.03 sys=0.00, real=0.00 secs] 
2014-07-16T06:59:23.792+0000: 3142.793: [GC [PSYoungGen: 272297K->730K(286464K)] 710922K->439427K(973440K), 0.0197340 secs] [Times: user=0.13 sys=0.00, real=0.02 secs] 
2014-07-16T06:59:24.853+0000: 3143.853: [GC [PSYoungGen: 285968K->680K(327168K)] 724665K->439465K(1014144K), 0.0102200 secs] [Times: user=0.06 sys=0.00, real=0.01 secs] 
2014-07-16T06:59:26.055+0000: 3145.056: [GC [PSYoungGen: 326625K->1062K(317952K)] 765411K->439903K(1004928K), 0.0070150 secs] [Times: user=0.04 sys=0.01, real=0.00 secs] 
2014-07-16T06:59:27.232+0000: 3146.233: [GC [PSYoungGen: 317926K->192K(308352K)] 756767K->439453K(995328K), 0.0043170 secs] [Times: user=0.02 sys=0.00, real=0.01 secs] 
2014-07-16T06:59:28.361+0000: 3147.361: [GC [PSYoungGen: 308352K->1276K(301056K)] 747613K->440625K(988032K), 0.0050100 secs] [Times: user=0.03 sys=0.00, real=0.01 secs] 
2014-07-16T06:59:29.457+0000: 3148.458: [GC [PSYoungGen: 301052K->808K(292608K)] 740401K->440651K(979584K), 0.0106270 secs] [Times: user=0.06 sys=0.00, real=0.01 secs] 
2014-07-16T06:59:30.541+0000: 3149.542: [GC [PSYoungGen: 292584K->776K(284864K)] 732427K->440707K(971840K), 0.0109700 secs] [Times: user=0.07 sys=0.00, real=0.01 secs] 
2014-07-16T06:59:31.630+0000: 3150.630: [GC [PSYoungGen: 284775K->980K(277632K)] 724707K->440983K(964608K), 0.0073830 secs] [Times: user=0.05 sys=0.00, real=0.01 secs] 
2014-07-16T06:59:32.714+0000: 3151.715: [GC [PSYoungGen: 277560K->844K(270400K)] 717564K->440911K(957376K), 0.0069000 secs] [Times: user=0.04 sys=0.00, real=0.01 secs] 
2014-07-16T06:59:33.651+0000: 3152.651: [GC [PSYoungGen: 270348K->802K(263488K)] 710415K->441103K(950464K), 0.0039090 secs] [Times: user=0.02 sys=0.00, real=0.00 secs] 
2014-07-16T06:59:34.607+0000: 3153.607: [GC [PSYoungGen: 263450K->1072K(257152K)] 703752K->441445K(944128K), 0.0070460 secs] [Times: user=0.04 sys=0.00, real=0.00 secs] 
2014-07-16T06:59:35.525+0000: 3154.525: [GC [PSYoungGen: 257136K->626K(250368K)] 697509K->441071K(937344K), 0.0179270 secs] [Times: user=0.13 sys=0.00, real=0.02 secs] 
2014-07-16T06:59:36.540+0000: 3155.541: [GC [PSYoungGen: 250354K->1314K(244928K)] 690799K->442055K(931904K), 0.0055650 secs] [Times: user=0.03 sys=0.00, real=0.00 secs] 
2014-07-16T06:59:37.384+0000: 3156.384: [GC [PSYoungGen: 244865K->744K(238464K)] 685607K->441565K(925440K), 0.0073920 secs] [Times: user=0.05 sys=0.00, real=0.01 secs] 
2014-07-16T06:59:38.260+0000: 3157.261: [GC [PSYoungGen: 238440K->740K(232768K)] 679261K->441657K(919744K), 0.0065120 secs] [Times: user=0.03 sys=0.00, real=0.01 secs] 
2014-07-16T06:59:39.136+0000: 3158.137: [GC [PSYoungGen: 232719K->872K(227456K)] 673636K->441861K(914432K), 0.0101330 secs] [Times: user=0.06 sys=0.00, real=0.01 secs] 
2014-07-16T06:59:39.969+0000: 3158.970: [GC [PSYoungGen: 227432K->698K(222016K)] 668421K->441759K(908992K), 0.0092260 secs] [Times: user=0.06 sys=0.00, real=0.01 secs] 
2014-07-16T06:59:40.771+0000: 3159.772: [GC [PSYoungGen: 222002K->580K(266240K)] 663063K->441705K(953216K), 0.0113280 secs] [Times: user=0.07 sys=0.00, real=0.01 secs] 
2014-07-16T06:59:41.908+0000: 3160.908: [GC [PSYoungGen: 266180K->1342K(319424K)] 707305K->442603K(1006400K), 0.0111140 secs] [Times: user=0.07 sys=0.00, real=0.01 secs] 
2014-07-16T06:59:43.096+0000: 3162.097: [GC [PSYoungGen: 319422K->1286K(310656K)] 760683K->442619K(997632K), 0.0072230 secs] [Times: user=0.03 sys=0.01, real=0.01 secs] 
2014-07-16T06:59:44.216+0000: 3163.217: [GC [PSYoungGen: 310598K->530K(301504K)] 751931K->441927K(988480K), 0.0042230 secs] [Times: user=0.03 sys=0.00, real=0.01 secs] 
2014-07-16T06:59:45.317+0000: 3164.318: [GC [PSYoungGen: 301419K->1268K(294144K)] 742817K->442753K(981120K), 0.0052690 secs] [Times: user=0.04 sys=0.00, real=0.00 secs] 
2014-07-16T06:59:46.394+0000: 3165.395: [GC [PSYoungGen: 294132K->1208K(286336K)] 735617K->442773K(973312K), 0.0051600 secs] [Times: user=0.03 sys=0.00, real=0.01 secs] 
2014-07-16T06:59:47.468+0000: 3166.469: [GC [PSYoungGen: 286287K->1016K(278720K)] 727852K->443042K(965696K), 0.0114410 secs] [Times: user=0.08 sys=0.01, real=0.01 secs] 
2014-07-16T06:59:48.510+0000: 3167.510: [GC [PSYoungGen: 278626K->662K(271232K)] 720653K->442744K(958208K), 0.0104190 secs] [Times: user=0.07 sys=0.00, real=0.01 secs] 
2014-07-16T06:59:49.547+0000: 3168.547: [GC [PSYoungGen: 271190K->972K(264640K)] 713272K->443184K(951616K), 0.0071060 secs] [Times: user=0.04 sys=0.00, real=0.01 secs] 
2014-07-16T06:59:50.487+0000: 3169.488: [GC [PSYoungGen: 264584K->748K(257728K)] 706797K->443016K(944704K), 0.0095400 secs] [Times: user=0.06 sys=0.00, real=0.01 secs] 
2014-07-16T06:59:51.431+0000: 3170.432: [GC [PSYoungGen: 257708K->766K(251328K)] 699976K->443098K(938304K), 0.0059490 secs] [Times: user=0.04 sys=0.00, real=0.00 secs] 
2014-07-16T06:59:52.394+0000: 3171.395: [GC [PSYoungGen: 251326K->812K(245248K)] 693658K->443208K(932224K), 0.0081060 secs] [Times: user=0.05 sys=0.00, real=0.01 secs] 
2014-07-16T06:59:53.309+0000: 3172.310: [GC [PSYoungGen: 245228K->722K(239296K)] 687624K->443198K(926272K), 0.0057880 secs] [Times: user=0.02 sys=0.01, real=0.00 secs] 
2014-07-16T06:59:54.198+0000: 3173.199: [GC [PSYoungGen: 239226K->690K(233536K)] 681702K->443246K(920512K), 0.0073940 secs] [Times: user=0.05 sys=0.00, real=0.00 secs] 
2014-07-16T06:59:55.062+0000: 3174.063: [GC [PSYoungGen: 233522K->1522K(228864K)] 676078K->444150K(915840K), 0.0095920 secs] [Times: user=0.05 sys=0.01, real=0.01 secs] 
2014-07-16T06:59:55.886+0000: 3174.887: [GC [PSYoungGen: 228850K->854K(222912K)] 671478K->443554K(909888K), 0.0055050 secs] [Times: user=0.03 sys=0.01, real=0.01 secs] 
2014-07-16T06:59:56.780+0000: 3175.780: [GC [PSYoungGen: 222870K->1086K(217984K)] 665570K->443954K(904960K), 0.0096000 secs] [Times: user=0.05 sys=0.00, real=0.01 secs] 
2014-07-16T06:59:57.539+0000: 3176.540: [GC [PSYoungGen: 217982K->480K(212480K)] 660850K->443404K(899456K), 0.0062350 secs] [Times: user=0.02 sys=0.00, real=0.00 secs] 
2014-07-16T06:59:58.347+0000: 3177.348: [GC [PSYoungGen: 212421K->758K(208000K)] 655346K->443730K(894976K), 0.0044210 secs] [Times: user=0.02 sys=0.00, real=0.01 secs] 
2014-07-16T06:59:59.108+0000: 3178.109: [GC [PSYoungGen: 207990K->830K(203456K)] 650962K->443882K(890432K), 0.0071970 secs] [Times: user=0.05 sys=0.01, real=0.01 secs] 
2014-07-16T06:59:59.868+0000: 3178.868: [GC [PSYoungGen: 203454K->850K(244096K)] 646506K->443966K(931072K), 0.0158040 secs] [Times: user=0.10 sys=0.00, real=0.02 secs] 
2014-07-16T07:00:00.802+0000: 3179.802: [GC [PSYoungGen: 244050K->978K(292864K)] 687166K->444182K(979840K), 0.0083770 secs] [Times: user=0.05 sys=0.00, real=0.01 secs] 
2014-07-16T07:00:01.992+0000: 3180.993: [GC [PSYoungGen: 292818K->944K(285056K)] 736022K->444220K(972032K), 0.0078820 secs] [Times: user=0.04 sys=0.00, real=0.01 secs] 
2014-07-16T07:00:02.993+0000: 3181.994: [GC [PSYoungGen: 285040K->562K(277248K)] 728316K->443894K(964224K), 0.0052240 secs] [Times: user=0.03 sys=0.00, real=0.00 secs] 
2014-07-16T07:00:04.006+0000: 3183.007: [GC [PSYoungGen: 277224K->866K(270464K)] 720556K->444254K(957440K), 0.0080880 secs] [Times: user=0.05 sys=0.00, real=0.01 secs] 
2014-07-16T07:00:04.986+0000: 3183.987: [GC [PSYoungGen: 270425K->612K(263360K)] 713814K->444104K(950336K), 0.0068200 secs] [Times: user=0.04 sys=0.00, real=0.01 secs] 
2014-07-16T07:00:05.937+0000: 3184.938: [GC [PSYoungGen: 263332K->990K(257152K)] 706824K->444554K(944128K), 0.0101920 secs] [Times: user=0.07 sys=0.00, real=0.01 secs] 
2014-07-16T07:00:07.000+0000: 3186.000: [GC [PSYoungGen: 257118K->1342K(251136K)] 700682K->444962K(938112K), 0.0102290 secs] [Times: user=0.06 sys=0.00, real=0.02 secs] 
2014-07-16T07:00:07.836+0000: 3186.836: [GC [PSYoungGen: 251134K->502K(244160K)] 694754K->444416K(931136K), 0.0042510 secs] [Times: user=0.02 sys=0.00, real=0.01 secs] 
2014-07-16T07:00:08.729+0000: 3187.729: [GC [PSYoungGen: 244150K->602K(238400K)] 688064K->444572K(925376K), 0.0079620 secs] [Times: user=0.05 sys=0.00, real=0.01 secs] 
2014-07-16T07:00:09.623+0000: 3188.624: [GC [PSYoungGen: 238362K->1216K(233344K)] 682332K->445309K(920320K), 0.0090330 secs] [Times: user=0.06 sys=0.00, real=0.01 secs] 
2014-07-16T07:00:10.480+0000: 3189.481: [GC [PSYoungGen: 233280K->840K(227520K)] 677373K->445044K(914496K), 0.0054150 secs] [Times: user=0.03 sys=0.00, real=0.01 secs] 
2014-07-16T07:00:11.326+0000: 3190.326: [GC [PSYoungGen: 227432K->790K(222208K)] 671637K->445066K(909184K), 0.0114890 secs] [Times: user=0.07 sys=0.00, real=0.01 secs] 
2014-07-16T07:00:12.229+0000: 3191.230: [GC [PSYoungGen: 222166K->1040K(217408K)] 666442K->445420K(904384K), 0.0089180 secs] [Times: user=0.07 sys=0.00, real=0.01 secs] 
2014-07-16T07:00:13.000+0000: 3192.000: [GC [PSYoungGen: 217360K->950K(212352K)] 661740K->445418K(899328K), 0.0052750 secs] [Times: user=0.03 sys=0.00, real=0.01 secs] 
2014-07-16T07:00:13.801+0000: 3192.801: [GC [PSYoungGen: 212340K->708K(207424K)] 656809K->445248K(894400K), 0.0093690 secs] [Times: user=0.06 sys=0.01, real=0.01 secs] 
2014-07-16T07:00:14.542+0000: 3193.542: [GC [PSYoungGen: 207314K->780K(202944K)] 651855K->445392K(889920K), 0.0072990 secs] [Times: user=0.04 sys=0.00, real=0.00 secs] 
2014-07-16T07:00:15.298+0000: 3194.299: [GC [PSYoungGen: 202892K->530K(243136K)] 647504K->445206K(930112K), 0.0116610 secs] [Times: user=0.08 sys=0.00, real=0.01 secs] 
2014-07-16T07:00:16.195+0000: 3195.196: [GC [PSYoungGen: 243090K->562K(237312K)] 687766K->445302K(924288K), 0.0070230 secs] [Times: user=0.05 sys=0.00, real=0.01 secs] 
2014-07-16T07:00:17.194+0000: 3196.195: [GC [PSYoungGen: 237298K->1096K(232256K)] 682038K->445948K(919232K), 0.0074700 secs] [Times: user=0.05 sys=0.00, real=0.00 secs] 
2014-07-16T07:00:17.973+0000: 3196.974: [GC [PSYoungGen: 232159K->976K(226688K)] 677012K->445892K(913664K), 0.0045870 secs] [Times: user=0.02 sys=0.00, real=0.00 secs] 
2014-07-16T07:00:18.806+0000: 3197.807: [GC [PSYoungGen: 226627K->762K(221184K)] 671543K->445750K(908160K), 0.0073240 secs] [Times: user=0.05 sys=0.00, real=0.01 secs] 
2014-07-16T07:00:19.617+0000: 3198.618: [GC [PSYoungGen: 221178K->544K(215936K)] 666166K->445596K(902912K), 0.0045740 secs] [Times: user=0.02 sys=0.00, real=0.01 secs] 
2014-07-16T07:00:20.405+0000: 3199.406: [GC [PSYoungGen: 215904K->484K(211008K)] 660956K->445608K(897984K), 0.0113220 secs] [Times: user=0.07 sys=0.01, real=0.01 secs] 
2014-07-16T07:00:21.211+0000: 3200.212: [GC [PSYoungGen: 210979K->1386K(254016K)] 656104K->446737K(940992K), 0.0117070 secs] [Times: user=0.07 sys=0.00, real=0.02 secs] 
2014-07-16T07:00:22.124+0000: 3201.125: [GC [PSYoungGen: 253994K->908K(293440K)] 699345K->446290K(980416K), 0.0135060 secs] [Times: user=0.07 sys=0.00, real=0.01 secs] 
2014-07-16T07:00:23.228+0000: 3202.229: [GC [PSYoungGen: 292684K->772K(304832K)] 738066K->446234K(991808K), 0.0070050 secs] [Times: user=0.04 sys=0.00, real=0.01 secs] 
2014-07-16T07:00:24.356+0000: 3203.357: [GC [PSYoungGen: 303976K->708K(295808K)] 749439K->446266K(982784K), 0.0077910 secs] [Times: user=0.05 sys=0.00, real=0.01 secs] 
2014-07-16T07:00:25.420+0000: 3204.421: [GC [PSYoungGen: 295707K->612K(287808K)] 741266K->446250K(974784K), 0.0040990 secs] [Times: user=0.02 sys=0.00, real=0.01 secs] 
2014-07-16T07:00:26.494+0000: 3205.495: [GC [PSYoungGen: 287780K->808K(280448K)] 733418K->446510K(967424K), 0.0093860 secs] [Times: user=0.05 sys=0.01, real=0.01 secs] 
2014-07-16T07:00:27.570+0000: 3206.570: [GC [PSYoungGen: 280424K->644K(273088K)] 726126K->446418K(960064K), 0.0060370 secs] [Times: user=0.03 sys=0.00, real=0.01 secs] 
2014-07-16T07:00:28.559+0000: 3207.560: [GC [PSYoungGen: 273028K->1332K(266752K)] 718802K->447186K(953728K), 0.0065430 secs] [Times: user=0.03 sys=0.01, real=0.01 secs] 
2014-07-16T07:00:29.542+0000: 3208.543: [GC [PSYoungGen: 266740K->658K(259392K)] 712594K->446584K(946368K), 0.0074890 secs] [Times: user=0.05 sys=0.00, real=0.01 secs] 
2014-07-16T07:00:30.504+0000: 3209.504: [GC [PSYoungGen: 259328K->866K(253120K)] 705255K->446832K(940096K), 0.0178520 secs] [Times: user=0.12 sys=0.00, real=0.02 secs] 
2014-07-16T07:00:31.431+0000: 3210.432: [GC [PSYoungGen: 253090K->1150K(247168K)] 699056K->447204K(934144K), 0.0068630 secs] [Times: user=0.05 sys=0.00, real=0.01 secs] 
2014-07-16T07:00:32.395+0000: 3211.396: [GC [PSYoungGen: 247166K->1324K(241408K)] 693220K->447442K(928384K), 0.0055140 secs] [Times: user=0.03 sys=0.00, real=0.00 secs] 
2014-07-16T07:00:33.225+0000: 3212.226: [GC [PSYoungGen: 241388K->598K(234944K)] 687506K->446788K(921920K), 0.0061660 secs] [Times: user=0.04 sys=0.00, real=0.00 secs] 
2014-07-16T07:00:34.085+0000: 3213.085: [GC [PSYoungGen: 234902K->1290K(230080K)] 681092K->447537K(917056K), 0.0055850 secs] [Times: user=0.03 sys=0.00, real=0.00 secs] 
2014-07-16T07:00:34.936+0000: 3213.937: [GC [PSYoungGen: 230026K->544K(223936K)] 676273K->446854K(910912K), 0.0087060 secs] [Times: user=0.05 sys=0.00, real=0.01 secs] 
2014-07-16T07:00:35.761+0000: 3214.762: [GC [PSYoungGen: 223904K->790K(219008K)] 670214K->447156K(905984K), 0.0091340 secs] [Times: user=0.04 sys=0.00, real=0.01 secs] 
2014-07-16T07:00:36.568+0000: 3215.569: [GC [PSYoungGen: 218966K->658K(213888K)] 665332K->447128K(900864K), 0.0067930 secs] [Times: user=0.04 sys=0.00, real=0.01 secs] 
2014-07-16T07:00:37.380+0000: 3216.380: [GC [PSYoungGen: 213842K->946K(209344K)] 660312K->447496K(896320K), 0.0048150 secs] [Times: user=0.02 sys=0.00, real=0.00 secs] 
2014-07-16T07:00:38.133+0000: 3217.134: [GC [PSYoungGen: 209323K->872K(204672K)] 655874K->447494K(891648K), 0.0094870 secs] [Times: user=0.03 sys=0.00, real=0.01 secs] 
2014-07-16T07:00:38.883+0000: 3217.884: [GC [PSYoungGen: 204648K->544K(199872K)] 651270K->447270K(886848K), 0.0036070 secs] [Times: user=0.02 sys=0.00, real=0.01 secs] 
2014-07-16T07:00:39.625+0000: 3218.625: [GC [PSYoungGen: 199837K->704K(195712K)] 646564K->447510K(882688K), 0.0044480 secs] [Times: user=0.02 sys=0.00, real=0.01 secs] 
2014-07-16T07:00:40.339+0000: 3219.339: [GC [PSYoungGen: 195712K->730K(191616K)] 642518K->447600K(878592K), 0.0107260 secs] [Times: user=0.08 sys=0.00, real=0.01 secs] 
2014-07-16T07:00:41.031+0000: 3220.032: [GC [PSYoungGen: 191578K->644K(187520K)] 638448K->447570K(874496K), 0.0090620 secs] [Times: user=0.05 sys=0.00, real=0.01 secs] 
2014-07-16T07:00:41.722+0000: 3220.723: [GC [PSYoungGen: 187439K->1026K(225280K)] 634365K->448024K(912256K), 0.0085680 secs] [Times: user=0.05 sys=0.00, real=0.01 secs] 
2014-07-16T07:00:42.651+0000: 3221.652: [GC [PSYoungGen: 225218K->950K(270016K)] 672216K->448062K(956992K), 0.0107610 secs] [Times: user=0.07 sys=0.00, real=0.01 secs] 
2014-07-16T07:00:43.600+0000: 3222.601: [GC [PSYoungGen: 270006K->1168K(291648K)] 717118K->448352K(978624K), 0.0083760 secs] [Times: user=0.05 sys=0.00, real=0.01 secs] 
2014-07-16T07:00:44.684+0000: 3223.685: [GC [PSYoungGen: 291362K->972K(283584K)] 738546K->448220K(970560K), 0.0076400 secs] [Times: user=0.05 sys=0.00, real=0.01 secs] 
2014-07-16T07:00:45.731+0000: 3224.732: [GC [PSYoungGen: 283532K->704K(275904K)] 730780K->448048K(962880K), 0.0086680 secs] [Times: user=0.05 sys=0.00, real=0.01 secs] 
2014-07-16T07:00:46.750+0000: 3225.751: [GC [PSYoungGen: 275904K->768K(268864K)] 723248K->448208K(955840K), 0.0070600 secs] [Times: user=0.05 sys=0.00, real=0.01 secs] 
2014-07-16T07:00:47.802+0000: 3226.803: [GC [PSYoungGen: 268864K->1340K(262656K)] 716304K->448853K(949632K), 0.0070010 secs] [Times: user=0.04 sys=0.00, real=0.01 secs] 
2014-07-16T07:00:48.722+0000: 3227.723: [GC [PSYoungGen: 262639K->752K(255552K)] 710152K->448434K(942528K), 0.0038620 secs] [Times: user=0.02 sys=0.00, real=0.00 secs] 
2014-07-16T07:00:49.656+0000: 3228.657: [GC [PSYoungGen: 255536K->612K(249152K)] 703218K->448406K(936128K), 0.0068940 secs] [Times: user=0.05 sys=0.00, real=0.01 secs] 
2014-07-16T07:00:50.602+0000: 3229.603: [GC [PSYoungGen: 249099K->1340K(243776K)] 696894K->449207K(930752K), 0.0075720 secs] [Times: user=0.04 sys=0.00, real=0.01 secs] 
2014-07-16T07:00:51.461+0000: 3230.462: [GC [PSYoungGen: 243772K->1254K(237888K)] 691639K->449185K(924864K), 0.0064490 secs] [Times: user=0.03 sys=0.00, real=0.01 secs] 
2014-07-16T07:00:52.312+0000: 3231.313: [GC [PSYoungGen: 237862K->616K(231616K)] 685793K->448594K(918592K), 0.0082040 secs] [Times: user=0.06 sys=0.00, real=0.01 secs] 
2014-07-16T07:00:53.181+0000: 3232.181: [GC [PSYoungGen: 231592K->1044K(226624K)] 679570K->449111K(913600K), 0.0063730 secs] [Times: user=0.04 sys=0.00, real=0.01 secs] 
2014-07-16T07:00:54.028+0000: 3233.029: [GC [PSYoungGen: 226579K->1050K(221376K)] 674646K->449188K(908352K), 0.0042460 secs] [Times: user=0.02 sys=0.00, real=0.00 secs] 
2014-07-16T07:00:54.827+0000: 3233.827: [GC [PSYoungGen: 221338K->1100K(216384K)] 669476K->449342K(903360K), 0.0083230 secs] [Times: user=0.05 sys=0.00, real=0.01 secs] 
2014-07-16T07:00:55.674+0000: 3234.674: [GC [PSYoungGen: 216332K->690K(211072K)] 664574K->449004K(898048K), 0.0068480 secs] [Times: user=0.05 sys=0.00, real=0.01 secs] 
2014-07-16T07:00:56.430+0000: 3235.431: [GC [PSYoungGen: 210984K->762K(206464K)] 659299K->449164K(893440K), 0.0101780 secs] [Times: user=0.07 sys=0.00, real=0.01 secs] 
2014-07-16T07:00:57.180+0000: 3236.181: [GC [PSYoungGen: 206442K->676K(201856K)] 654845K->449190K(888832K), 0.0075470 secs] [Times: user=0.05 sys=0.00, real=0.01 secs] 
2014-07-16T07:00:58.045+0000: 3237.045: [GC [PSYoungGen: 201827K->798K(197632K)] 650342K->449369K(884608K), 0.0039280 secs] [Times: user=0.02 sys=0.00, real=0.01 secs] 
2014-07-16T07:00:58.747+0000: 3237.748: [GC [PSYoungGen: 197598K->1304K(193920K)] 646169K->449963K(880896K), 0.0091640 secs] [Times: user=0.05 sys=0.00, real=0.01 secs] 
2014-07-16T07:00:59.465+0000: 3238.465: [GC [PSYoungGen: 193880K->748K(231872K)] 642539K->449470K(918848K), 0.0109310 secs] [Times: user=0.07 sys=0.00, real=0.01 secs] 
2014-07-16T07:01:00.302+0000: 3239.303: [GC [PSYoungGen: 231844K->880K(226560K)] 680567K->449666K(913536K), 0.0038060 secs] [Times: user=0.02 sys=0.00, real=0.00 secs] 
2014-07-16T07:01:01.135+0000: 3240.135: [GC [PSYoungGen: 226497K->666K(221120K)] 675284K->449524K(908096K), 0.0063870 secs] [Times: user=0.04 sys=0.00, real=0.01 secs] 
2014-07-16T07:01:01.958+0000: 3240.958: [GC [PSYoungGen: 221081K->822K(216192K)] 669940K->449760K(903168K), 0.0061760 secs] [Times: user=0.04 sys=0.00, real=0.01 secs] 
2014-07-16T07:01:02.750+0000: 3241.751: [GC [PSYoungGen: 216182K->876K(211392K)] 665120K->449894K(898368K), 0.0091180 secs] [Times: user=0.06 sys=0.00, real=0.01 secs] 
2014-07-16T07:01:03.675+0000: 3242.676: [GC [PSYoungGen: 211372K->1014K(206848K)] 660390K->450120K(893824K), 0.0072330 secs] [Times: user=0.05 sys=0.00, real=0.01 secs] 
2014-07-16T07:01:04.403+0000: 3243.403: [GC [PSYoungGen: 206797K->594K(201920K)] 655903K->449796K(888896K), 0.0055320 secs] [Times: user=0.03 sys=0.00, real=0.00 secs] 
2014-07-16T07:01:05.168+0000: 3244.169: [GC [PSYoungGen: 201874K->1054K(198016K)] 651076K->450336K(884992K), 0.0045540 secs] [Times: user=0.02 sys=0.00, real=0.01 secs] 
2014-07-16T07:01:05.895+0000: 3244.896: [GC [PSYoungGen: 197982K->858K(193600K)] 647264K->450212K(880576K), 0.0117600 secs] [Times: user=0.07 sys=0.00, real=0.01 secs] 
2014-07-16T07:01:06.671+0000: 3245.671: [GC [PSYoungGen: 193562K->894K(232192K)] 642916K->450763K(919168K), 0.0103710 secs] [Times: user=0.07 sys=0.00, real=0.01 secs] 
2014-07-16T07:01:07.505+0000: 3246.506: [GC [PSYoungGen: 232187K->1046K(278656K)] 682056K->450995K(965632K), 0.0084740 secs] [Times: user=0.06 sys=0.00, real=0.01 secs] 
2014-07-16T07:01:08.514+0000: 3247.514: [GC [PSYoungGen: 278590K->1022K(271424K)] 728539K->451115K(958400K), 0.0040670 secs] [Times: user=0.02 sys=0.00, real=0.00 secs] 
2014-07-16T07:01:09.551+0000: 3248.552: [GC [PSYoungGen: 271413K->1108K(264640K)] 721506K->451265K(951616K), 0.0058740 secs] [Times: user=0.02 sys=0.01, real=0.00 secs] 
2014-07-16T07:01:10.483+0000: 3249.484: [GC [PSYoungGen: 264596K->516K(257408K)] 714753K->450728K(944384K), 0.0062830 secs] [Times: user=0.04 sys=0.00, real=0.00 secs] 
2014-07-16T07:01:11.444+0000: 3250.444: [GC [PSYoungGen: 257335K->850K(251328K)] 707548K->451126K(938304K), 0.0143100 secs] [Times: user=0.08 sys=0.00, real=0.01 secs] 
2014-07-16T07:01:12.356+0000: 3251.357: [GC [PSYoungGen: 251282K->786K(245120K)] 701558K->451126K(932096K), 0.0045580 secs] [Times: user=0.02 sys=0.00, real=0.01 secs] 
2014-07-16T07:01:13.374+0000: 3252.375: [GC [PSYoungGen: 245049K->1022K(239424K)] 695390K->451451K(926400K), 0.0097290 secs] [Times: user=0.06 sys=0.00, real=0.01 secs] 
2014-07-16T07:01:14.217+0000: 3253.217: [GC [PSYoungGen: 239417K->976K(233728K)] 689846K->451477K(920704K), 0.0109640 secs] [Times: user=0.07 sys=0.00, real=0.01 secs] 
2014-07-16T07:01:15.073+0000: 3254.073: [GC [PSYoungGen: 233680K->662K(280000K)] 684181K->451234K(966976K), 0.0128090 secs] [Times: user=0.08 sys=0.00, real=0.01 secs] 
2014-07-16T07:01:16.117+0000: 3255.118: [GC [PSYoungGen: 279955K->534K(272640K)] 730528K->451155K(959616K), 0.0059350 secs] [Times: user=0.03 sys=0.00, real=0.01 secs] 
2014-07-16T07:01:17.116+0000: 3256.117: [GC [PSYoungGen: 272598K->790K(303296K)] 723219K->451475K(990272K), 0.0140610 secs] [Times: user=0.09 sys=0.00, real=0.01 secs] 
2014-07-16T07:01:18.317+0000: 3257.318: [GC [PSYoungGen: 302678K->1230K(295040K)] 753363K->451971K(982016K), 0.0075340 secs] [Times: user=0.05 sys=0.00, real=0.01 secs] 
2014-07-16T07:01:19.360+0000: 3258.361: [GC [PSYoungGen: 294949K->1300K(287296K)] 745690K->452129K(974272K), 0.0066910 secs] [Times: user=0.05 sys=0.00, real=0.01 secs] 
2014-07-16T07:01:20.423+0000: 3259.424: [GC [PSYoungGen: 287212K->374K(278848K)] 738041K->451339K(965824K), 0.0104510 secs] [Times: user=0.07 sys=0.00, real=0.01 secs] 
2014-07-16T07:01:21.468+0000: 3260.469: [GC [PSYoungGen: 278838K->1082K(272384K)] 729803K->452143K(959360K), 0.0063640 secs] [Times: user=0.03 sys=0.01, real=0.01 secs] 
2014-07-16T07:01:22.463+0000: 3261.464: [GC [PSYoungGen: 272378K->1358K(265792K)] 723439K->452657K(952768K), 0.0085090 secs] [Times: user=0.05 sys=0.00, real=0.00 secs] 
2014-07-16T07:01:23.497+0000: 3262.497: [GC [PSYoungGen: 265741K->1354K(259136K)] 717040K->452757K(946112K), 0.0041350 secs] [Times: user=0.03 sys=0.00, real=0.00 secs] 
2014-07-16T07:01:24.426+0000: 3263.427: [GC [PSYoungGen: 259082K->566K(251904K)] 710485K->452113K(938880K), 0.0057680 secs] [Times: user=0.03 sys=0.00, real=0.01 secs] 
2014-07-16T07:01:25.367+0000: 3264.368: [GC [PSYoungGen: 251894K->840K(246080K)] 703441K->452475K(933056K), 0.0096970 secs] [Times: user=0.06 sys=0.00, real=0.01 secs] 
2014-07-16T07:01:26.285+0000: 3265.285: [GC [PSYoungGen: 246017K->1008K(240256K)] 697652K->452757K(927232K), 0.0073720 secs] [Times: user=0.04 sys=0.00, real=0.01 secs] 
2014-07-16T07:01:27.174+0000: 3266.175: [GC [PSYoungGen: 240192K->944K(234496K)] 691941K->452741K(921472K), 0.0130740 secs] [Times: user=0.08 sys=0.01, real=0.01 secs] 
2014-07-16T07:01:28.045+0000: 3267.046: [GC [PSYoungGen: 234480K->812K(228864K)] 686277K->452673K(915840K), 0.0092420 secs] [Times: user=0.05 sys=0.00, real=0.01 secs] 
2014-07-16T07:01:28.875+0000: 3267.876: [GC [PSYoungGen: 228831K->762K(223488K)] 680692K->452711K(910464K), 0.0090590 secs] [Times: user=0.07 sys=0.00, real=0.01 secs] 
2014-07-16T07:01:29.686+0000: 3268.687: [GC [PSYoungGen: 223482K->544K(218176K)] 675431K->452565K(905152K), 0.0067210 secs] [Times: user=0.04 sys=0.00, real=0.01 secs] 
2014-07-16T07:01:30.477+0000: 3269.478: [GC [PSYoungGen: 218144K->684K(261824K)] 670165K->452769K(948800K), 0.0099540 secs] [Times: user=0.07 sys=0.00, real=0.01 secs] 
2014-07-16T07:01:31.439+0000: 3270.439: [GC [PSYoungGen: 261705K->826K(255424K)] 713790K->452967K(942400K), 0.0090730 secs] [Times: user=0.07 sys=0.00, real=0.01 secs] 
2014-07-16T07:01:32.406+0000: 3271.406: [GC [PSYoungGen: 255411K->848K(249216K)] 707552K->453037K(936192K), 0.0046010 secs] [Times: user=0.03 sys=0.00, real=0.00 secs] 
2014-07-16T07:01:33.409+0000: 3272.409: [GC [PSYoungGen: 249168K->1264K(243520K)] 701357K->453591K(930496K), 0.0084600 secs] [Times: user=0.06 sys=0.00, real=0.01 secs] 
2014-07-16T07:01:34.255+0000: 3273.256: [GC [PSYoungGen: 243504K->534K(236992K)] 695831K->452925K(923968K), 0.0094480 secs] [Times: user=0.05 sys=0.00, real=0.01 secs] 
2014-07-16T07:01:35.148+0000: 3274.149: [GC [PSYoungGen: 236950K->1272K(284992K)] 689341K->454055K(971968K), 0.0170100 secs] [Times: user=0.12 sys=0.00, real=0.02 secs] 
2014-07-16T07:01:36.204+0000: 3275.204: [GC [PSYoungGen: 284984K->598K(316800K)] 737767K->453445K(1003776K), 0.0112210 secs] [Times: user=0.07 sys=0.00, real=0.02 secs] 
2014-07-16T07:01:37.412+0000: 3276.413: [GC [PSYoungGen: 315606K->912K(307328K)] 768453K->453823K(994304K), 0.0053340 secs] [Times: user=0.03 sys=0.01, real=0.01 secs] 
2014-07-16T07:01:38.649+0000: 3277.649: [GC [PSYoungGen: 307280K->932K(299072K)] 760191K->453915K(986048K), 0.0071690 secs] [Times: user=0.05 sys=0.00, real=0.01 secs] 
2014-07-16T07:01:39.670+0000: 3278.670: [GC [PSYoungGen: 299044K->690K(290880K)] 752027K->453777K(977856K), 0.0108810 secs] [Times: user=0.07 sys=0.00, real=0.01 secs] 
2014-07-16T07:01:40.760+0000: 3279.761: [GC [PSYoungGen: 290866K->548K(283072K)] 743953K->453691K(970048K), 0.0038600 secs] [Times: user=0.02 sys=0.01, real=0.01 secs] 
2014-07-16T07:01:41.793+0000: 3280.794: [GC [PSYoungGen: 283044K->694K(275840K)] 736187K->453933K(962816K), 0.0061480 secs] [Times: user=0.04 sys=0.00, real=0.01 secs] 
2014-07-16T07:01:42.817+0000: 3281.817: [GC [PSYoungGen: 275830K->944K(269056K)] 729069K->454263K(956032K), 0.0075520 secs] [Times: user=0.05 sys=0.00, real=0.00 secs] 
2014-07-16T07:01:43.882+0000: 3282.883: [GC [PSYoungGen: 269040K->1072K(262400K)] 722359K->454463K(949376K), 0.0097800 secs] [Times: user=0.05 sys=0.01, real=0.01 secs] 
2014-07-16T07:01:44.833+0000: 3283.834: [GC [PSYoungGen: 262384K->708K(255552K)] 715775K->454171K(942528K), 0.0071310 secs] [Times: user=0.04 sys=0.00, real=0.01 secs] 
2014-07-16T07:01:45.783+0000: 3284.784: [GC [PSYoungGen: 255492K->534K(249088K)] 708955K->454037K(936064K), 0.0053080 secs] [Times: user=0.02 sys=0.01, real=0.01 secs] 
2014-07-16T07:01:46.678+0000: 3285.679: [GC [PSYoungGen: 249002K->530K(243008K)] 702505K->454097K(929984K), 0.0069560 secs] [Times: user=0.04 sys=0.00, real=0.01 secs] 
2014-07-16T07:01:47.586+0000: 3286.587: [GC [PSYoungGen: 242926K->780K(237440K)] 696493K->454419K(924416K), 0.0042540 secs] [Times: user=0.03 sys=0.00, real=0.00 secs] 
2014-07-16T07:01:48.461+0000: 3287.462: [GC [PSYoungGen: 237388K->530K(231552K)] 691027K->454225K(918528K), 0.0041370 secs] [Times: user=0.02 sys=0.00, real=0.00 secs] 
2014-07-16T07:01:49.367+0000: 3288.367: [GC [PSYoungGen: 231506K->662K(226240K)] 685201K->454429K(913216K), 0.0055920 secs] [Times: user=0.03 sys=0.00, real=0.00 secs] 
2014-07-16T07:01:50.205+0000: 3289.206: [GC [PSYoungGen: 226136K->612K(220928K)] 679903K->454443K(907904K), 0.0128810 secs] [Times: user=0.09 sys=0.00, real=0.02 secs] 
2014-07-16T07:01:51.013+0000: 3290.013: [GC [PSYoungGen: 220899K->498K(215744K)] 674730K->454369K(902720K), 0.0046780 secs] [Times: user=0.03 sys=0.00, real=0.01 secs] 
2014-07-16T07:01:51.818+0000: 3290.818: [GC [PSYoungGen: 215702K->658K(211072K)] 669573K->454617K(898048K), 0.0046760 secs] [Times: user=0.03 sys=0.00, real=0.00 secs] 
2014-07-16T07:01:52.579+0000: 3291.580: [GC [PSYoungGen: 211026K->894K(206592K)] 664985K->454941K(893568K), 0.0087860 secs] [Times: user=0.06 sys=0.00, real=0.01 secs] 
2014-07-16T07:01:53.355+0000: 3292.356: [GC [PSYoungGen: 206565K->854K(202048K)] 660612K->454973K(889024K), 0.0074980 secs] [Times: user=0.04 sys=0.00, real=0.01 secs] 
2014-07-16T07:01:54.134+0000: 3293.135: [GC [PSYoungGen: 201983K->802K(242240K)] 656102K->455175K(929216K), 0.0118870 secs] [Times: user=0.07 sys=0.00, real=0.02 secs] 
2014-07-16T07:01:55.050+0000: 3294.050: [GC [PSYoungGen: 242209K->786K(290560K)] 696582K->455215K(977536K), 0.0132300 secs] [Times: user=0.09 sys=0.00, real=0.01 secs] 
2014-07-16T07:01:56.103+0000: 3295.103: [GC [PSYoungGen: 290514K->1062K(283200K)] 744943K->455571K(970176K), 0.0067230 secs] [Times: user=0.05 sys=0.00, real=0.01 secs] 
2014-07-16T07:01:57.143+0000: 3296.144: [GC [PSYoungGen: 283174K->1062K(329280K)] 737683K->455643K(1016256K), 0.0113180 secs] [Times: user=0.07 sys=0.00, real=0.01 secs] 
2014-07-16T07:01:58.356+0000: 3297.357: [GC [PSYoungGen: 328887K->644K(319424K)] 783469K->455289K(1006400K), 0.0090030 secs] [Times: user=0.06 sys=0.00, real=0.01 secs] 
2014-07-16T07:01:59.582+0000: 3298.582: [GC [PSYoungGen: 319364K->844K(310848K)] 774009K->455561K(997824K), 0.0069950 secs] [Times: user=0.04 sys=0.00, real=0.01 secs] 
2014-07-16T07:02:00.719+0000: 3299.719: [GC [PSYoungGen: 310796K->908K(302464K)] 765513K->455713K(989440K), 0.0117050 secs] [Times: user=0.07 sys=0.01, real=0.01 secs] 
2014-07-16T07:02:01.810+0000: 3300.810: [GC [PSYoungGen: 302412K->908K(294400K)] 757217K->455801K(981376K), 0.0069370 secs] [Times: user=0.04 sys=0.00, real=0.00 secs] 
2014-07-16T07:02:02.894+0000: 3301.894: [GC [PSYoungGen: 294340K->822K(286464K)] 749233K->456043K(973440K), 0.0051450 secs] [Times: user=0.02 sys=0.00, real=0.01 secs] 
2014-07-16T07:02:04.032+0000: 3303.033: [GC [PSYoungGen: 286454K->800K(278976K)] 741675K->456077K(965952K), 0.0096400 secs] [Times: user=0.05 sys=0.00, real=0.01 secs] 
2014-07-16T07:02:05.008+0000: 3304.009: [GC [PSYoungGen: 278943K->976K(272000K)] 734220K->456333K(958976K), 0.0088670 secs] [Times: user=0.06 sys=0.00, real=0.00 secs] 
2014-07-16T07:02:06.030+0000: 3305.031: [GC [PSYoungGen: 271952K->804K(264896K)] 727309K->456233K(951872K), 0.0064760 secs] [Times: user=0.04 sys=0.00, real=0.00 secs] 
2014-07-16T07:02:07.046+0000: 3306.047: [GC [PSYoungGen: 264868K->868K(258304K)] 720297K->456393K(945280K), 0.0077520 secs] [Times: user=0.05 sys=0.00, real=0.01 secs] 
2014-07-16T07:02:08.031+0000: 3307.031: [GC [PSYoungGen: 258276K->630K(251648K)] 713801K->456219K(938624K), 0.0036600 secs] [Times: user=0.02 sys=0.00, real=0.00 secs] 
2014-07-16T07:02:09.055+0000: 3308.056: [GC [PSYoungGen: 251638K->1060K(245952K)] 707227K->456769K(932928K), 0.0073280 secs] [Times: user=0.05 sys=0.00, real=0.01 secs] 
2014-07-16T07:02:09.946+0000: 3308.947: [GC [PSYoungGen: 245924K->812K(239744K)] 701633K->456593K(926720K), 0.0043270 secs] [Times: user=0.02 sys=0.00, real=0.01 secs] 
2014-07-16T07:02:10.825+0000: 3309.825: [GC [PSYoungGen: 239724K->802K(234048K)] 695505K->456999K(921024K), 0.0037250 secs] [Times: user=0.02 sys=0.00, real=0.00 secs] 
2014-07-16T07:02:11.688+0000: 3310.688: [GC [PSYoungGen: 234018K->530K(228288K)] 690215K->456783K(915264K), 0.0046910 secs] [Times: user=0.03 sys=0.00, real=0.01 secs] 
2014-07-16T07:02:12.516+0000: 3311.516: [GC [PSYoungGen: 228242K->1136K(223552K)] 684495K->457485K(910528K), 0.0045380 secs] [Times: user=0.02 sys=0.01, real=0.01 secs] 
2014-07-16T07:02:13.330+0000: 3312.331: [GC [PSYoungGen: 223536K->1240K(218560K)] 679885K->457677K(905536K), 0.0037720 secs] [Times: user=0.02 sys=0.01, real=0.00 secs] 
2014-07-16T07:02:14.194+0000: 3313.194: [GC [PSYoungGen: 218520K->574K(212928K)] 674957K->457687K(899904K), 0.0051240 secs] [Times: user=0.03 sys=0.00, real=0.00 secs] 
2014-07-16T07:02:14.961+0000: 3313.962: [GC [PSYoungGen: 212926K->944K(208576K)] 670039K->458187K(895552K), 0.0078050 secs] [Times: user=0.04 sys=0.00, real=0.00 secs] 
2014-07-16T07:02:15.740+0000: 3314.740: [GC [PSYoungGen: 208560K->580K(203648K)] 665803K->457995K(890624K), 0.0073560 secs] [Times: user=0.05 sys=0.00, real=0.01 secs] 
2014-07-16T07:02:16.503+0000: 3315.504: [GC [PSYoungGen: 203588K->672K(199296K)] 661003K->458191K(886272K), 0.0037260 secs] [Times: user=0.03 sys=0.00, real=0.00 secs] 
2014-07-16T07:02:17.226+0000: 3316.227: [GC [PSYoungGen: 199264K->402K(194752K)] 656783K->457961K(881728K), 0.0107540 secs] [Times: user=0.07 sys=0.00, real=0.01 secs] 
2014-07-16T07:02:17.984+0000: 3316.985: [GC [PSYoungGen: 194700K->676K(233920K)] 652259K->458307K(920896K), 0.0126620 secs] [Times: user=0.08 sys=0.00, real=0.01 secs] 
2014-07-16T07:02:18.844+0000: 3317.844: [GC [PSYoungGen: 233892K->972K(280896K)] 691523K->458691K(967872K), 0.0082670 secs] [Times: user=0.05 sys=0.00, real=0.01 secs] 
2014-07-16T07:02:19.925+0000: 3318.926: [GC [PSYoungGen: 280844K->580K(273280K)] 738563K->458371K(960256K), 0.0068420 secs] [Times: user=0.04 sys=0.00, real=0.01 secs] 
2014-07-16T07:02:20.935+0000: 3319.936: [GC [PSYoungGen: 273220K->958K(266624K)] 731011K->458821K(953600K), 0.0052860 secs] [Times: user=0.03 sys=0.00, real=0.01 secs] 
2014-07-16T07:02:21.913+0000: 3320.914: [GC [PSYoungGen: 266622K->1140K(260096K)] 724485K->459075K(947072K), 0.0046690 secs] [Times: user=0.02 sys=0.00, real=0.00 secs] 
2014-07-16T07:02:22.876+0000: 3321.877: [GC [PSYoungGen: 260078K->888K(253376K)] 718014K->459083K(940352K), 0.0054720 secs] [Times: user=0.03 sys=0.00, real=0.01 secs] 
2014-07-16T07:02:23.811+0000: 3322.812: [GC [PSYoungGen: 253368K->644K(246976K)] 711563K->458969K(933952K), 0.0058420 secs] [Times: user=0.04 sys=0.00, real=0.00 secs] 
2014-07-16T07:02:24.763+0000: 3323.764: [GC [PSYoungGen: 246916K->848K(241152K)] 705241K->459295K(928128K), 0.0039420 secs] [Times: user=0.02 sys=0.00, real=0.00 secs] 
2014-07-16T07:02:25.637+0000: 3324.638: [GC [PSYoungGen: 241104K->562K(235072K)] 699551K->459057K(922048K), 0.0176760 secs] [Times: user=0.10 sys=0.00, real=0.02 secs] 
2014-07-16T07:02:26.544+0000: 3325.545: [GC [PSYoungGen: 235058K->1458K(230400K)] 693553K->460081K(917376K), 0.0061060 secs] [Times: user=0.04 sys=0.00, real=0.00 secs] 
2014-07-16T07:02:27.378+0000: 3326.378: [GC [PSYoungGen: 230386K->1432K(276224K)] 689009K->460119K(963200K), 0.0144030 secs] [Times: user=0.09 sys=0.00, real=0.02 secs] 
2014-07-16T07:02:28.387+0000: 3327.388: [GC [PSYoungGen: 276184K->434K(321216K)] 734871K->459201K(1008192K), 0.0087090 secs] [Times: user=0.05 sys=0.00, real=0.01 secs] 
2014-07-16T07:02:29.581+0000: 3328.582: [GC [PSYoungGen: 321202K->926K(322560K)] 779969K->459757K(1009536K), 0.0159780 secs] [Times: user=0.10 sys=0.00, real=0.02 secs] 
2014-07-16T07:02:30.744+0000: 3329.745: [GC [PSYoungGen: 321694K->890K(312832K)] 780525K->459793K(999808K), 0.0068600 secs] [Times: user=0.03 sys=0.01, real=0.00 secs] 
2014-07-16T07:02:31.884+0000: 3330.885: [GC [PSYoungGen: 312760K->930K(304384K)] 771664K->459905K(991360K), 0.0069880 secs] [Times: user=0.04 sys=0.00, real=0.00 secs] 
2014-07-16T07:02:33.062+0000: 3332.062: [GC [PSYoungGen: 304331K->1012K(296256K)] 763306K->460051K(983232K), 0.0073890 secs] [Times: user=0.05 sys=0.00, real=0.01 secs] 
2014-07-16T07:02:34.143+0000: 3333.144: [GC [PSYoungGen: 296244K->498K(287872K)] 755283K->459601K(974848K), 0.0052660 secs] [Times: user=0.03 sys=0.00, real=0.00 secs] 
2014-07-16T07:02:35.249+0000: 3334.250: [GC [PSYoungGen: 287858K->804K(280640K)] 746961K->460027K(967616K), 0.0068050 secs] [Times: user=0.04 sys=0.01, real=0.01 secs] 
2014-07-16T07:02:36.302+0000: 3335.303: [GC [PSYoungGen: 280562K->1104K(273728K)] 739785K->460407K(960704K), 0.0047420 secs] [Times: user=0.03 sys=0.00, real=0.01 secs] 
2014-07-16T07:02:37.289+0000: 3336.290: [GC [PSYoungGen: 273680K->690K(266304K)] 732983K->460073K(953280K), 0.0120470 secs] [Times: user=0.08 sys=0.00, real=0.01 secs] 
2014-07-16T07:02:38.265+0000: 3337.266: [GC [PSYoungGen: 266290K->840K(259776K)] 725673K->460319K(946752K), 0.0045390 secs] [Times: user=0.02 sys=0.00, real=0.00 secs] 
2014-07-16T07:02:39.229+0000: 3338.229: [GC [PSYoungGen: 259720K->752K(253184K)] 719199K->460271K(940160K), 0.0092690 secs] [Times: user=0.06 sys=0.00, real=0.01 secs] 
2014-07-16T07:02:40.159+0000: 3339.160: [GC [PSYoungGen: 253168K->708K(246976K)] 712687K->460315K(933952K), 0.0086970 secs] [Times: user=0.06 sys=0.01, real=0.01 secs] 
2014-07-16T07:02:41.067+0000: 3340.068: [GC [PSYoungGen: 246903K->598K(240896K)] 706510K->460253K(927872K), 0.0082250 secs] [Times: user=0.05 sys=0.01, real=0.01 secs] 
2014-07-16T07:02:41.967+0000: 3340.968: [GC [PSYoungGen: 240854K->786K(235328K)] 700509K->460513K(922304K), 0.0073510 secs] [Times: user=0.04 sys=0.00, real=0.01 secs] 
2014-07-16T07:02:42.828+0000: 3341.829: [GC [PSYoungGen: 235257K->662K(229632K)] 694984K->460469K(916608K), 0.0040970 secs] [Times: user=0.03 sys=0.00, real=0.00 secs] 
2014-07-16T07:02:43.677+0000: 3342.678: [GC [PSYoungGen: 229590K->748K(224320K)] 689397K->460619K(911296K), 0.0130580 secs] [Times: user=0.09 sys=0.00, real=0.01 secs] 
2014-07-16T07:02:44.598+0000: 3343.598: [GC [PSYoungGen: 224300K->800K(219200K)] 684171K->460727K(906176K), 0.0097420 secs] [Times: user=0.06 sys=0.00, real=0.01 secs] 
2014-07-16T07:02:45.359+0000: 3344.360: [GC [PSYoungGen: 219168K->822K(262912K)] 679095K->460837K(949888K), 0.0095100 secs] [Times: user=0.06 sys=0.00, real=0.01 secs] 
2014-07-16T07:02:46.347+0000: 3345.348: [GC [PSYoungGen: 262873K->644K(256192K)] 722889K->460723K(943168K), 0.0070520 secs] [Times: user=0.05 sys=0.00, real=0.01 secs] 
2014-07-16T07:02:47.299+0000: 3346.299: [GC [PSYoungGen: 256132K->594K(249792K)] 716211K->460753K(936768K), 0.0111840 secs] [Times: user=0.06 sys=0.00, real=0.01 secs] 
2014-07-16T07:02:48.246+0000: 3347.247: [GC [PSYoungGen: 249746K->880K(243968K)] 709905K->461103K(930944K), 0.0076030 secs] [Times: user=0.05 sys=0.01, real=0.00 secs] 
2014-07-16T07:02:49.219+0000: 3348.219: [GC [PSYoungGen: 243952K->1174K(238400K)] 704175K->461453K(925376K), 0.0076160 secs] [Times: user=0.03 sys=0.01, real=0.01 secs] 
2014-07-16T07:02:50.096+0000: 3349.097: [GC [PSYoungGen: 238358K->384K(231936K)] 698637K->460907K(918912K), 0.0097140 secs] [Times: user=0.07 sys=0.00, real=0.01 secs] 
2014-07-16T07:02:50.951+0000: 3349.951: [GC [PSYoungGen: 231929K->898K(227072K)] 692453K->461485K(914048K), 0.0067010 secs] [Times: user=0.04 sys=0.00, real=0.01 secs] 
2014-07-16T07:02:51.792+0000: 3350.793: [GC [PSYoungGen: 227010K->384K(271744K)] 687597K->461135K(958720K), 0.0117240 secs] [Times: user=0.08 sys=0.00, real=0.01 secs] 
2014-07-16T07:02:52.798+0000: 3351.799: [GC [PSYoungGen: 271744K->798K(265280K)] 732495K->461637K(952256K), 0.0042160 secs] [Times: user=0.03 sys=0.00, real=0.00 secs] 
2014-07-16T07:02:53.758+0000: 3352.758: [GC [PSYoungGen: 265246K->434K(258240K)] 726085K->461337K(945216K), 0.0103950 secs] [Times: user=0.06 sys=0.00, real=0.01 secs] 
2014-07-16T07:02:54.800+0000: 3353.800: [GC [PSYoungGen: 258226K->1268K(252672K)] 719129K->462267K(939648K), 0.0109780 secs] [Times: user=0.06 sys=0.00, real=0.01 secs] 
2014-07-16T07:02:55.654+0000: 3354.655: [GC [PSYoungGen: 252660K->880K(246144K)] 713659K->462067K(933120K), 0.0078410 secs] [Times: user=0.05 sys=0.00, real=0.01 secs] 
2014-07-16T07:02:56.581+0000: 3355.582: [GC [PSYoungGen: 246128K->598K(239936K)] 707315K->461817K(926912K), 0.0051800 secs] [Times: user=0.02 sys=0.00, real=0.01 secs] 
2014-07-16T07:02:57.496+0000: 3356.496: [GC [PSYoungGen: 239894K->766K(234304K)] 701113K->462033K(921280K), 0.0113600 secs] [Times: user=0.07 sys=0.00, real=0.02 secs] 
2014-07-16T07:02:58.357+0000: 3357.358: [GC [PSYoungGen: 234302K->1228K(229312K)] 695569K->462583K(916288K), 0.0065570 secs] [Times: user=0.04 sys=0.00, real=0.00 secs] 
2014-07-16T07:02:59.204+0000: 3358.205: [GC [PSYoungGen: 229260K->662K(223424K)] 690615K->462057K(910400K), 0.0049130 secs] [Times: user=0.02 sys=0.00, real=0.01 secs] 
2014-07-16T07:03:00.140+0000: 3359.140: [GC [PSYoungGen: 223382K->786K(218432K)] 684777K->462269K(905408K), 0.0082940 secs] [Times: user=0.05 sys=0.00, real=0.01 secs] 
2014-07-16T07:03:00.938+0000: 3359.939: [GC [PSYoungGen: 218383K->1318K(262464K)] 679867K->462889K(949440K), 0.0187410 secs] [Times: user=0.14 sys=0.00, real=0.02 secs] 
2014-07-16T07:03:01.881+0000: 3360.882: [GC [PSYoungGen: 262438K->434K(313792K)] 724009K->462061K(1000768K), 0.0073420 secs] [Times: user=0.04 sys=0.00, real=0.01 secs] 
2014-07-16T07:03:03.028+0000: 3362.028: [GC [PSYoungGen: 313778K->1096K(366912K)] 775405K->462771K(1053888K), 0.0106180 secs] [Times: user=0.05 sys=0.00, real=0.01 secs] 
2014-07-16T07:03:04.375+0000: 3363.376: [GC [PSYoungGen: 366663K->662K(355584K)] 828338K->462409K(1042560K), 0.0039380 secs] [Times: user=0.02 sys=0.01, real=0.01 secs] 
2014-07-16T07:03:05.738+0000: 3364.738: [GC [PSYoungGen: 355512K->726K(345408K)] 817260K->462545K(1032384K), 0.0081340 secs] [Times: user=0.05 sys=0.00, real=0.00 secs] 
2014-07-16T07:03:07.011+0000: 3366.012: [GC [PSYoungGen: 345366K->1344K(336192K)] 807185K->463227K(1023168K), 0.0039330 secs] [Times: user=0.02 sys=0.00, real=0.00 secs] 
2014-07-16T07:03:08.295+0000: 3367.296: [GC [PSYoungGen: 336128K->818K(326208K)] 798011K->462861K(1013184K), 0.0039150 secs] [Times: user=0.03 sys=0.01, real=0.01 secs] 
2014-07-16T07:03:09.481+0000: 3368.481: [GC [PSYoungGen: 326187K->698K(317056K)] 788231K->462813K(1004032K), 0.0051200 secs] [Times: user=0.03 sys=0.01, real=0.00 secs] 
2014-07-16T07:03:10.721+0000: 3369.721: [GC [PSYoungGen: 317050K->826K(308480K)] 779165K->463005K(995456K), 0.0052930 secs] [Times: user=0.02 sys=0.00, real=0.00 secs] 
2014-07-16T07:03:11.844+0000: 3370.845: [GC [PSYoungGen: 308474K->708K(300096K)] 770653K->462967K(987072K), 0.0079030 secs] [Times: user=0.04 sys=0.00, real=0.01 secs] 
2014-07-16T07:03:12.938+0000: 3371.939: [GC [PSYoungGen: 299988K->858K(292224K)] 762248K->463205K(979200K), 0.0074800 secs] [Times: user=0.04 sys=0.00, real=0.00 secs] 
2014-07-16T07:03:14.113+0000: 3373.113: [GC [PSYoungGen: 292186K->1164K(284864K)] 754533K->463567K(971840K), 0.0084370 secs] [Times: user=0.05 sys=0.00, real=0.01 secs] 
2014-07-16T07:03:15.142+0000: 3374.143: [GC [PSYoungGen: 284799K->580K(276864K)] 747202K->463047K(963840K), 0.0081290 secs] [Times: user=0.06 sys=0.00, real=0.01 secs] 
2014-07-16T07:03:16.154+0000: 3375.155: [GC [PSYoungGen: 276804K->1172K(270336K)] 739271K->463703K(957312K), 0.0072700 secs] [Times: user=0.05 sys=0.00, real=0.01 secs] 
2014-07-16T07:03:17.160+0000: 3376.160: [GC [PSYoungGen: 270292K->680K(262976K)] 732823K->463283K(949952K), 0.0078310 secs] [Times: user=0.05 sys=0.00, real=0.00 secs] 
2014-07-16T07:03:18.128+0000: 3377.129: [GC [PSYoungGen: 262952K->594K(256320K)] 725555K->463293K(943296K), 0.0052350 secs] [Times: user=0.02 sys=0.00, real=0.01 secs] 
2014-07-16T07:03:19.086+0000: 3378.087: [GC [PSYoungGen: 256262K->662K(250048K)] 718962K->463417K(937024K), 0.0059720 secs] [Times: user=0.02 sys=0.00, real=0.01 secs] 
2014-07-16T07:03:20.140+0000: 3379.141: [GC [PSYoungGen: 250006K->1220K(244544K)] 712761K->464063K(931520K), 0.0062090 secs] [Times: user=0.03 sys=0.00, real=0.00 secs] 
2014-07-16T07:03:21.119+0000: 3380.120: [GC [PSYoungGen: 244458K->936K(238336K)] 707302K->463859K(925312K), 0.0048670 secs] [Times: user=0.02 sys=0.00, real=0.01 secs] 
2014-07-16T07:03:22.010+0000: 3381.011: [GC [PSYoungGen: 238308K->844K(232640K)] 701232K->463855K(919616K), 0.0064940 secs] [Times: user=0.04 sys=0.00, real=0.00 secs] 
2014-07-16T07:03:22.869+0000: 3381.869: [GC [PSYoungGen: 232549K->712K(227072K)] 695560K->463779K(914048K), 0.0089220 secs] [Times: user=0.05 sys=0.00, real=0.01 secs] 
2014-07-16T07:03:23.700+0000: 3382.700: [GC [PSYoungGen: 227001K->680K(221760K)] 690068K->463811K(908736K), 0.0085140 secs] [Times: user=0.06 sys=0.00, real=0.01 secs] 
2014-07-16T07:03:24.542+0000: 3383.542: [GC [PSYoungGen: 221736K->908K(216960K)] 684867K->464111K(903936K), 0.0089270 secs] [Times: user=0.06 sys=0.00, real=0.01 secs] 
2014-07-16T07:03:25.408+0000: 3384.409: [GC [PSYoungGen: 216908K->1112K(212288K)] 680111K->464347K(899264K), 0.0050590 secs] [Times: user=0.02 sys=0.00, real=0.01 secs] 
2014-07-16T07:03:26.153+0000: 3385.154: [GC [PSYoungGen: 212244K->624K(207040K)] 675480K->464279K(894016K), 0.0036220 secs] [Times: user=0.02 sys=0.00, real=0.00 secs] 
2014-07-16T07:03:26.907+0000: 3385.908: [GC [PSYoungGen: 207024K->880K(202752K)] 670679K->464599K(889728K), 0.0085800 secs] [Times: user=0.06 sys=0.00, real=0.01 secs] 
2014-07-16T07:03:27.651+0000: 3386.652: [GC [PSYoungGen: 202736K->854K(198336K)] 666455K->465011K(885312K), 0.0053020 secs] [Times: user=0.03 sys=0.00, real=0.00 secs] 
2014-07-16T07:03:28.379+0000: 3387.380: [GC [PSYoungGen: 198294K->772K(194048K)] 662451K->464993K(881024K), 0.0043530 secs] [Times: user=0.02 sys=0.00, real=0.01 secs] 
2014-07-16T07:03:29.085+0000: 3388.086: [GC [PSYoungGen: 193988K->808K(232704K)] 658209K->465101K(919680K), 0.0135700 secs] [Times: user=0.09 sys=0.00, real=0.01 secs] 
2014-07-16T07:03:29.942+0000: 3388.942: [GC [PSYoungGen: 232680K->744K(279040K)] 696973K->465109K(966016K), 0.0111350 secs] [Times: user=0.08 sys=0.00, real=0.01 secs] 
2014-07-16T07:03:31.011+0000: 3390.012: [GC [PSYoungGen: 279015K->672K(334656K)] 743381K->465109K(1021632K), 0.0117310 secs] [Times: user=0.07 sys=0.00, real=0.02 secs] 
2014-07-16T07:03:32.243+0000: 3391.243: [GC [PSYoungGen: 334624K->662K(351616K)] 799061K->465163K(1038592K), 0.0126260 secs] [Times: user=0.07 sys=0.00, real=0.01 secs] 
2014-07-16T07:03:33.548+0000: 3392.549: [GC [PSYoungGen: 350955K->762K(341056K)] 815457K->465327K(1028032K), 0.0039970 secs] [Times: user=0.03 sys=0.00, real=0.01 secs] 
2014-07-16T07:03:34.802+0000: 3393.802: [GC [PSYoungGen: 341050K->658K(331328K)] 805615K->465295K(1018304K), 0.0048980 secs] [Times: user=0.03 sys=0.00, real=0.01 secs] 
2014-07-16T07:03:36.036+0000: 3395.037: [GC [PSYoungGen: 331282K->964K(322368K)] 795919K->465665K(1009344K), 0.0074460 secs] [Times: user=0.02 sys=0.00, real=0.01 secs] 
2014-07-16T07:03:37.215+0000: 3396.216: [GC [PSYoungGen: 322211K->1158K(313664K)] 786913K->465923K(1000640K), 0.0090260 secs] [Times: user=0.06 sys=0.00, real=0.01 secs] 
2014-07-16T07:03:38.381+0000: 3397.382: [GC [PSYoungGen: 313606K->256K(304192K)] 778371K->465261K(991168K), 0.0042950 secs] [Times: user=0.02 sys=0.00, real=0.01 secs] 
2014-07-16T07:03:39.514+0000: 3398.514: [GC [PSYoungGen: 304192K->1118K(296896K)] 769197K->466187K(983872K), 0.0074100 secs] [Times: user=0.05 sys=0.00, real=0.00 secs] 
2014-07-16T07:03:40.735+0000: 3399.736: [GC [PSYoungGen: 296862K->648K(288576K)] 761931K->465831K(975552K), 0.0118310 secs] [Times: user=0.07 sys=0.00, real=0.01 secs] 
2014-07-16T07:03:41.807+0000: 3400.808: [GC [PSYoungGen: 288494K->1336K(281664K)] 753678K->466584K(968640K), 0.0089620 secs] [Times: user=0.05 sys=0.00, real=0.01 secs] 
2014-07-16T07:03:42.841+0000: 3401.841: [GC [PSYoungGen: 281608K->830K(273856K)] 746856K->466304K(960832K), 0.0075660 secs] [Times: user=0.04 sys=0.00, real=0.01 secs] 
2014-07-16T07:03:43.842+0000: 3402.842: [GC [PSYoungGen: 273854K->830K(266880K)] 739328K->466360K(953856K), 0.0071300 secs] [Times: user=0.04 sys=0.00, real=0.01 secs] 
2014-07-16T07:03:44.838+0000: 3403.839: [GC [PSYoungGen: 266878K->484K(259840K)] 732408K->466111K(946816K), 0.0091130 secs] [Times: user=0.05 sys=0.00, real=0.01 secs] 
2014-07-16T07:03:45.827+0000: 3404.827: [GC [PSYoungGen: 259774K->598K(253504K)] 725402K->466281K(940480K), 0.0035290 secs] [Times: user=0.02 sys=0.00, real=0.00 secs] 
2014-07-16T07:03:46.760+0000: 3405.761: [GC [PSYoungGen: 253462K->830K(247488K)] 719145K->466562K(934464K), 0.0043490 secs] [Times: user=0.02 sys=0.00, real=0.01 secs] 
2014-07-16T07:03:47.670+0000: 3406.670: [GC [PSYoungGen: 247486K->740K(241408K)] 713218K->466535K(928384K), 0.0056800 secs] [Times: user=0.03 sys=0.00, real=0.01 secs] 
2014-07-16T07:03:48.560+0000: 3407.561: [GC [PSYoungGen: 241380K->740K(235648K)] 707175K->466599K(922624K), 0.0078900 secs] [Times: user=0.05 sys=0.00, real=0.01 secs] 
2014-07-16T07:03:49.417+0000: 3408.418: [GC [PSYoungGen: 235620K->608K(229952K)] 701479K->466563K(916928K), 0.0065860 secs] [Times: user=0.04 sys=0.00, real=0.00 secs] 
2014-07-16T07:03:50.265+0000: 3409.266: [GC [PSYoungGen: 229882K->962K(224960K)] 695838K->466990K(911936K), 0.0041970 secs] [Times: user=0.02 sys=0.00, real=0.00 secs] 
2014-07-16T07:03:51.153+0000: 3410.154: [GC [PSYoungGen: 224898K->840K(219648K)] 690926K->466932K(906624K), 0.0043850 secs] [Times: user=0.02 sys=0.00, real=0.01 secs] 
2014-07-16T07:03:51.977+0000: 3410.977: [GC [PSYoungGen: 219592K->816K(214592K)] 685684K->467052K(901568K), 0.0059730 secs] [Times: user=0.04 sys=0.01, real=0.00 secs] 
2014-07-16T07:03:52.785+0000: 3411.786: [GC [PSYoungGen: 214552K->480K(209472K)] 680788K->466787K(896448K), 0.0082070 secs] [Times: user=0.06 sys=0.00, real=0.00 secs] 
2014-07-16T07:03:53.566+0000: 3412.567: [GC [PSYoungGen: 209393K->868K(205184K)] 675701K->467247K(892160K), 0.0096790 secs] [Times: user=0.06 sys=0.01, real=0.01 secs] 
2014-07-16T07:03:54.318+0000: 3413.319: [GC [PSYoungGen: 205076K->662K(200512K)] 671456K->467129K(887488K), 0.0072230 secs] [Times: user=0.05 sys=0.01, real=0.01 secs] 
2014-07-16T07:03:55.047+0000: 3414.048: [GC [PSYoungGen: 200470K->772K(196288K)] 666937K->467319K(883264K), 0.0073250 secs] [Times: user=0.05 sys=0.00, real=0.00 secs] 
2014-07-16T07:03:55.833+0000: 3414.833: [GC [PSYoungGen: 196228K->1204K(192512K)] 662775K->467956K(879488K), 0.0075440 secs] [Times: user=0.04 sys=0.00, real=0.01 secs] 
2014-07-16T07:03:56.500+0000: 3415.501: [GC [PSYoungGen: 192500K->448K(187712K)] 659252K->467327K(874688K), 0.0046650 secs] [Times: user=0.02 sys=0.00, real=0.00 secs] 
2014-07-16T07:03:57.182+0000: 3416.183: [GC [PSYoungGen: 187706K->548K(183936K)] 654586K->467483K(870912K), 0.0047500 secs] [Times: user=0.02 sys=0.00, real=0.01 secs] 
2014-07-16T07:03:57.854+0000: 3416.855: [GC [PSYoungGen: 183886K->994K(180608K)] 650822K->467986K(867584K), 0.0071710 secs] [Times: user=0.05 sys=0.00, real=0.01 secs] 
2014-07-16T07:03:58.522+0000: 3417.523: [GC [PSYoungGen: 180578K->516K(176512K)] 647570K->467563K(863488K), 0.0042620 secs] [Times: user=0.02 sys=0.00, real=0.01 secs] 
2014-07-16T07:03:59.171+0000: 3418.172: [GC [PSYoungGen: 176416K->630K(173056K)] 643464K->467766K(860032K), 0.0039170 secs] [Times: user=0.02 sys=0.00, real=0.01 secs] 
2014-07-16T07:03:59.807+0000: 3418.807: [GC [PSYoungGen: 173046K->498K(169536K)] 640182K->467689K(856512K), 0.0094240 secs] [Times: user=0.06 sys=0.00, real=0.01 secs] 
2014-07-16T07:04:00.421+0000: 3419.422: [GC [PSYoungGen: 169522K->780K(166528K)] 636713K->468020K(853504K), 0.0042950 secs] [Times: user=0.02 sys=0.00, real=0.00 secs] 
2014-07-16T07:04:01.091+0000: 3420.092: [GC [PSYoungGen: 166428K->1340K(163840K)] 633668K->468678K(850816K), 0.0086760 secs] [Times: user=0.04 sys=0.01, real=0.01 secs] 
2014-07-16T07:04:01.687+0000: 3420.688: [GC [PSYoungGen: 163836K->570K(195584K)] 631174K->468416K(882560K), 0.0069910 secs] [Times: user=0.04 sys=0.00, real=0.00 secs] 
2014-07-16T07:04:02.437+0000: 3421.438: [GC [PSYoungGen: 195571K->1500K(235584K)] 663417K->469410K(922560K), 0.0094160 secs] [Times: user=0.06 sys=0.00, real=0.01 secs] 
2014-07-16T07:04:03.292+0000: 3422.292: [GC [PSYoungGen: 235548K->776K(229312K)] 703458K->468916K(916288K), 0.0039530 secs] [Times: user=0.02 sys=0.00, real=0.00 secs] 
2014-07-16T07:04:04.122+0000: 3423.123: [GC [PSYoungGen: 229250K->872K(224064K)] 697390K->469116K(911040K), 0.0101430 secs] [Times: user=0.07 sys=0.01, real=0.01 secs] 
2014-07-16T07:04:04.950+0000: 3423.951: [GC [PSYoungGen: 224034K->630K(268480K)] 692279K->468954K(955456K), 0.0145270 secs] [Times: user=0.08 sys=0.00, real=0.01 secs] 
2014-07-16T07:04:06.046+0000: 3425.047: [GC [PSYoungGen: 268470K->1212K(262272K)] 736794K->469584K(949248K), 0.0044930 secs] [Times: user=0.02 sys=0.01, real=0.00 secs] 
2014-07-16T07:04:07.003+0000: 3426.004: [GC [PSYoungGen: 262268K->798K(255360K)] 730640K->469218K(942336K), 0.0048940 secs] [Times: user=0.02 sys=0.00, real=0.01 secs] 
2014-07-16T07:04:07.943+0000: 3426.944: [GC [PSYoungGen: 255294K->1012K(249280K)] 723714K->469472K(936256K), 0.0105040 secs] [Times: user=0.05 sys=0.00, real=0.01 secs] 
2014-07-16T07:04:08.864+0000: 3427.865: [GC [PSYoungGen: 249268K->748K(242944K)] 717728K->469280K(929920K), 0.0058000 secs] [Times: user=0.04 sys=0.00, real=0.01 secs] 
2014-07-16T07:04:09.774+0000: 3428.775: [GC [PSYoungGen: 242918K->644K(237056K)] 711450K->469224K(924032K), 0.0117340 secs] [Times: user=0.06 sys=0.00, real=0.01 secs] 
2014-07-16T07:04:10.662+0000: 3429.662: [GC [PSYoungGen: 236996K->708K(231488K)] 705576K->469360K(918464K), 0.0070480 secs] [Times: user=0.04 sys=0.00, real=0.01 secs] 
2014-07-16T07:04:11.538+0000: 3430.539: [GC [PSYoungGen: 231428K->1276K(226560K)] 700080K->470024K(913536K), 0.0067740 secs] [Times: user=0.05 sys=0.01, real=0.00 secs] 
2014-07-16T07:04:12.372+0000: 3431.373: [GC [PSYoungGen: 226556K->940K(220992K)] 695304K->470055K(907968K), 0.0044420 secs] [Times: user=0.02 sys=0.00, real=0.00 secs] 
2014-07-16T07:04:13.184+0000: 3432.185: [GC [PSYoungGen: 220972K->754K(215744K)] 690087K->469941K(902720K), 0.0075390 secs] [Times: user=0.06 sys=0.00, real=0.01 secs] 
2014-07-16T07:04:13.957+0000: 3432.958: [GC [PSYoungGen: 215730K->762K(210880K)] 684917K->470005K(897856K), 0.0080560 secs] [Times: user=0.05 sys=0.00, real=0.01 secs] 
2014-07-16T07:04:14.742+0000: 3433.743: [GC [PSYoungGen: 210874K->562K(206016K)] 680117K->469885K(892992K), 0.0073410 secs] [Times: user=0.05 sys=0.00, real=0.01 secs] 
2014-07-16T07:04:15.511+0000: 3434.512: [GC [PSYoungGen: 206000K->658K(201600K)] 675324K->470069K(888576K), 0.0067510 secs] [Times: user=0.04 sys=0.00, real=0.01 secs] 
2014-07-16T07:04:16.274+0000: 3435.275: [GC [PSYoungGen: 201554K->534K(197120K)] 670965K->469993K(884096K), 0.0050500 secs] [Times: user=0.02 sys=0.00, real=0.01 secs] 
2014-07-16T07:04:16.993+0000: 3435.994: [GC [PSYoungGen: 197077K->826K(193152K)] 666537K->470365K(880128K), 0.0062000 secs] [Times: user=0.04 sys=0.00, real=0.01 secs] 
2014-07-16T07:04:17.697+0000: 3436.697: [GC [PSYoungGen: 193109K->648K(188928K)] 662649K->470251K(875904K), 0.0080890 secs] [Times: user=0.05 sys=0.00, real=0.01 secs] 
2014-07-16T07:04:18.413+0000: 3437.413: [GC [PSYoungGen: 188872K->882K(226816K)] 658475K->470565K(913792K), 0.0134110 secs] [Times: user=0.09 sys=0.00, real=0.01 secs] 
2014-07-16T07:04:19.230+0000: 3438.231: [GC [PSYoungGen: 226802K->998K(221696K)] 696485K->470745K(908672K), 0.0040940 secs] [Times: user=0.02 sys=0.00, real=0.00 secs] 
2014-07-16T07:04:20.035+0000: 3439.036: [GC [PSYoungGen: 221670K->598K(216256K)] 691417K->470417K(903232K), 0.0078730 secs] [Times: user=0.04 sys=0.00, real=0.01 secs] 
2014-07-16T07:04:20.849+0000: 3439.849: [GC [PSYoungGen: 216214K->658K(211456K)] 686033K->470549K(898432K), 0.0070300 secs] [Times: user=0.05 sys=0.00, real=0.01 secs] 
2014-07-16T07:04:21.692+0000: 3440.692: [GC [PSYoungGen: 211410K->626K(206656K)] 681301K->470573K(893632K), 0.0049900 secs] [Times: user=0.02 sys=0.01, real=0.00 secs] 
2014-07-16T07:04:22.480+0000: 3441.480: [GC [PSYoungGen: 206637K->1136K(248384K)] 676585K->471163K(935360K), 0.0138550 secs] [Times: user=0.09 sys=0.00, real=0.01 secs] 
2014-07-16T07:04:23.376+0000: 3442.376: [GC [PSYoungGen: 248368K->940K(242176K)] 718395K->471263K(929152K), 0.0055870 secs] [Times: user=0.04 sys=0.00, real=0.01 secs] 
2014-07-16T07:04:24.263+0000: 3443.264: [GC [PSYoungGen: 242147K->648K(236096K)] 712470K->471043K(923072K), 0.0082500 secs] [Times: user=0.05 sys=0.00, real=0.01 secs] 
2014-07-16T07:04:25.118+0000: 3444.119: [GC [PSYoungGen: 236040K->872K(230720K)] 706435K->471347K(917696K), 0.0039720 secs] [Times: user=0.02 sys=0.00, real=0.01 secs] 
2014-07-16T07:04:25.968+0000: 3444.969: [GC [PSYoungGen: 230663K->634K(225088K)] 701139K->471141K(912064K), 0.0057310 secs] [Times: user=0.02 sys=0.00, real=0.01 secs] 
2014-07-16T07:04:26.839+0000: 3445.840: [GC [PSYoungGen: 225082K->1126K(220416K)] 695589K->471698K(907392K), 0.0086030 secs] [Times: user=0.05 sys=0.01, real=0.01 secs] 
2014-07-16T07:04:27.654+0000: 3446.655: [GC [PSYoungGen: 220390K->548K(214848K)] 690962K->471167K(901824K), 0.0129380 secs] [Times: user=0.07 sys=0.00, real=0.01 secs] 
2014-07-16T07:04:28.448+0000: 3447.448: [GC [PSYoungGen: 214801K->1222K(258432K)] 685421K->471938K(945408K), 0.0087500 secs] [Times: user=0.05 sys=0.00, real=0.01 secs] 
2014-07-16T07:04:29.381+0000: 3448.382: [GC [PSYoungGen: 258374K->530K(309184K)] 729090K->471309K(996160K), 0.0108480 secs] [Times: user=0.06 sys=0.00, real=0.01 secs] 
2014-07-16T07:04:30.526+0000: 3449.526: [GC [PSYoungGen: 309138K->640K(364288K)] 779917K->471475K(1051264K), 0.0153700 secs] [Times: user=0.08 sys=0.00, real=0.02 secs] 
2014-07-16T07:04:31.905+0000: 3450.905: [GC [PSYoungGen: 363648K->680K(364544K)] 834483K->471579K(1051520K), 0.0097680 secs] [Times: user=0.06 sys=0.00, real=0.01 secs] 
2014-07-16T07:04:33.268+0000: 3452.269: [GC [PSYoungGen: 363683K->740K(353216K)] 834583K->471711K(1040192K), 0.0082770 secs] [Times: user=0.06 sys=0.00, real=0.01 secs] 
2014-07-16T07:04:34.579+0000: 3453.580: [GC [PSYoungGen: 353183K->844K(343168K)] 824155K->471911K(1030144K), 0.0059670 secs] [Times: user=0.04 sys=0.01, real=0.01 secs] 
2014-07-16T07:04:35.866+0000: 3454.866: [GC [PSYoungGen: 343116K->734K(333312K)] 814183K->471841K(1020288K), 0.0125310 secs] [Times: user=0.07 sys=0.00, real=0.01 secs] 
2014-07-16T07:04:37.086+0000: 3456.087: [GC [PSYoungGen: 333275K->762K(323968K)] 804383K->471917K(1010944K), 0.0086930 secs] [Times: user=0.05 sys=0.00, real=0.01 secs] 
2014-07-16T07:04:38.278+0000: 3457.278: [GC [PSYoungGen: 323962K->484K(314752K)] 795117K->471695K(1001728K), 0.0067870 secs] [Times: user=0.03 sys=0.01, real=0.01 secs] 
2014-07-16T07:04:39.436+0000: 3458.437: [GC [PSYoungGen: 314724K->630K(306304K)] 785935K->471873K(993280K), 0.0148780 secs] [Times: user=0.08 sys=0.01, real=0.01 secs] 
2014-07-16T07:04:40.590+0000: 3459.591: [GC [PSYoungGen: 306294K->1222K(298688K)] 777537K->472530K(985664K), 0.0036550 secs] [Times: user=0.02 sys=0.00, real=0.01 secs] 
2014-07-16T07:04:41.736+0000: 3460.736: [GC [PSYoungGen: 298630K->566K(290048K)] 769938K->471913K(977024K), 0.0077200 secs] [Times: user=0.03 sys=0.00, real=0.01 secs] 
2014-07-16T07:04:42.810+0000: 3461.811: [GC [PSYoungGen: 290027K->502K(282368K)] 761374K->471873K(969344K), 0.0058130 secs] [Times: user=0.02 sys=0.00, real=0.01 secs] 
2014-07-16T07:04:43.862+0000: 3462.863: [GC [PSYoungGen: 282358K->672K(275200K)] 753729K->472083K(962176K), 0.0190250 secs] [Times: user=0.12 sys=0.00, real=0.01 secs] 
2014-07-16T07:04:44.857+0000: 3463.858: [GC [PSYoungGen: 275168K->1144K(268608K)] 746579K->472628K(955584K), 0.0079960 secs] [Times: user=0.05 sys=0.01, real=0.01 secs] 
2014-07-16T07:04:45.826+0000: 3464.827: [GC [PSYoungGen: 268600K->512K(321472K)] 740084K->472067K(1008448K), 0.0184090 secs] [Times: user=0.11 sys=0.00, real=0.02 secs] 
2014-07-16T07:04:47.052+0000: 3466.053: [GC [PSYoungGen: 321472K->1168K(313280K)] 793027K->472795K(1000256K), 0.0043230 secs] [Times: user=0.02 sys=0.00, real=0.01 secs] 
2014-07-16T07:04:48.198+0000: 3467.198: [GC [PSYoungGen: 313232K->730K(304320K)] 784859K->472413K(991296K), 0.0096070 secs] [Times: user=0.06 sys=0.00, real=0.01 secs] 
2014-07-16T07:04:49.309+0000: 3468.310: [GC [PSYoungGen: 304236K->598K(296000K)] 775920K->472345K(982976K), 0.0042370 secs] [Times: user=0.02 sys=0.00, real=0.01 secs] 
2014-07-16T07:04:50.402+0000: 3469.403: [GC [PSYoungGen: 295958K->516K(288064K)] 767705K->472343K(975040K), 0.0040090 secs] [Times: user=0.02 sys=0.00, real=0.01 secs] 
2014-07-16T07:04:51.580+0000: 3470.580: [GC [PSYoungGen: 288004K->1388K(281344K)] 759831K->473279K(968320K), 0.0086220 secs] [Times: user=0.04 sys=0.00, real=0.01 secs] 
2014-07-16T07:04:52.567+0000: 3471.568: [GC [PSYoungGen: 281324K->448K(273152K)] 753215K->472403K(960128K), 0.0077140 secs] [Times: user=0.05 sys=0.00, real=0.01 secs] 
2014-07-16T07:04:53.619+0000: 3472.620: [GC [PSYoungGen: 273152K->772K(266560K)] 745107K->472791K(953536K), 0.0127620 secs] [Times: user=0.08 sys=0.00, real=0.01 secs] 
2014-07-16T07:04:54.585+0000: 3473.586: [GC [PSYoungGen: 266457K->712K(259776K)] 738477K->472795K(946752K), 0.0056570 secs] [Times: user=0.02 sys=0.01, real=0.00 secs] 
2014-07-16T07:04:55.541+0000: 3474.542: [GC [PSYoungGen: 259720K->716K(253312K)] 731803K->472847K(940288K), 0.0045220 secs] [Times: user=0.02 sys=0.01, real=0.01 secs] 
2014-07-16T07:04:56.475+0000: 3475.475: [GC [PSYoungGen: 253232K->944K(247296K)] 725364K->473171K(934272K), 0.0079360 secs] [Times: user=0.05 sys=0.01, real=0.00 secs] 
2014-07-16T07:04:57.420+0000: 3476.421: [GC [PSYoungGen: 247280K->1136K(241472K)] 719507K->473507K(928448K), 0.0102300 secs] [Times: user=0.06 sys=0.00, real=0.01 secs] 
2014-07-16T07:04:58.291+0000: 3477.291: [GC [PSYoungGen: 241447K->644K(235264K)] 713819K->473111K(922240K), 0.0111400 secs] [Times: user=0.08 sys=0.00, real=0.01 secs] 
2014-07-16T07:04:59.167+0000: 3478.167: [GC [PSYoungGen: 235201K->680K(229696K)] 707669K->473203K(916672K), 0.0067250 secs] [Times: user=0.02 sys=0.00, real=0.00 secs] 
2014-07-16T07:05:00.012+0000: 3479.012: [GC [PSYoungGen: 229672K->676K(224320K)] 702195K->473255K(911296K), 0.0095150 secs] [Times: user=0.07 sys=0.00, real=0.01 secs] 
2014-07-16T07:05:00.845+0000: 3479.845: [GC [PSYoungGen: 224277K->1354K(219840K)] 696857K->473998K(906816K), 0.0089060 secs] [Times: user=0.06 sys=0.01, real=0.01 secs] 
2014-07-16T07:05:01.745+0000: 3480.746: [GC [PSYoungGen: 219786K->1056K(263232K)] 692430K->473779K(950208K), 0.0113780 secs] [Times: user=0.07 sys=0.00, real=0.01 secs] 
2014-07-16T07:05:02.666+0000: 3481.667: [GC [PSYoungGen: 263199K->594K(315264K)] 735923K->473581K(1002240K), 0.0092670 secs] [Times: user=0.06 sys=0.01, real=0.01 secs] 
2014-07-16T07:05:03.869+0000: 3482.869: [GC [PSYoungGen: 315218K->1314K(307328K)] 788205K->474374K(994304K), 0.0080940 secs] [Times: user=0.05 sys=0.00, real=0.01 secs] 
2014-07-16T07:05:04.994+0000: 3483.994: [GC [PSYoungGen: 307298K->748K(368000K)] 780358K->473871K(1054976K), 0.0141270 secs] [Times: user=0.10 sys=0.00, real=0.02 secs] 
2014-07-16T07:05:06.388+0000: 3485.389: [GC [PSYoungGen: 367979K->900K(357440K)] 841103K->474111K(1044416K), 0.0075710 secs] [Times: user=0.04 sys=0.00, real=0.00 secs] 
2014-07-16T07:05:07.717+0000: 3486.718: [GC [PSYoungGen: 357380K->780K(347008K)] 830591K->474039K(1033984K), 0.0095130 secs] [Times: user=0.06 sys=0.00, real=0.01 secs] 
2014-07-16T07:05:09.001+0000: 3488.002: [GC [PSYoungGen: 346956K->1396K(337664K)] 820215K->474744K(1024640K), 0.0046210 secs] [Times: user=0.03 sys=0.00, real=0.00 secs] 
2014-07-16T07:05:10.236+0000: 3489.237: [GC [PSYoungGen: 337652K->766K(327552K)] 811000K->474178K(1014528K), 0.0102540 secs] [Times: user=0.07 sys=0.00, real=0.01 secs] 
2014-07-16T07:05:11.429+0000: 3490.430: [GC [PSYoungGen: 327550K->754K(318464K)] 800962K->474237K(1005440K), 0.0075660 secs] [Times: user=0.02 sys=0.01, real=0.01 secs] 
2014-07-16T07:05:12.645+0000: 3491.646: [GC [PSYoungGen: 318450K->772K(309760K)] 791933K->474319K(996736K), 0.0123320 secs] [Times: user=0.07 sys=0.00, real=0.02 secs] 
2014-07-16T07:05:13.785+0000: 3492.786: [GC [PSYoungGen: 309700K->684K(301248K)] 783247K->474287K(988224K), 0.0110960 secs] [Times: user=0.08 sys=0.00, real=0.01 secs] 
2014-07-16T07:05:14.956+0000: 3493.956: [GC [PSYoungGen: 301228K->804K(293312K)] 774831K->474447K(980288K), 0.0059920 secs] [Times: user=0.02 sys=0.00, real=0.01 secs] 
2014-07-16T07:05:16.022+0000: 3495.023: [GC [PSYoungGen: 293281K->1080K(285824K)] 766925K->474788K(972800K), 0.0053330 secs] [Times: user=0.03 sys=0.00, real=0.01 secs] 
2014-07-16T07:05:17.125+0000: 3496.126: [GC [PSYoungGen: 285789K->956K(278272K)] 759497K->475104K(965248K), 0.0033920 secs] [Times: user=0.02 sys=0.01, real=0.01 secs] 
2014-07-16T07:05:18.146+0000: 3497.146: [GC [PSYoungGen: 278226K->826K(270976K)] 752374K->475014K(957952K), 0.0158650 secs] [Times: user=0.10 sys=0.00, real=0.02 secs] 
2014-07-16T07:05:19.178+0000: 3498.178: [GC [PSYoungGen: 270958K->1462K(264704K)] 745146K->475954K(951680K), 0.0039960 secs] [Times: user=0.02 sys=0.00, real=0.01 secs] 
2014-07-16T07:05:20.130+0000: 3499.131: [GC [PSYoungGen: 264694K->612K(257280K)] 739186K->475168K(944256K), 0.0106010 secs] [Times: user=0.06 sys=0.00, real=0.01 secs] 
2014-07-16T07:05:21.079+0000: 3500.080: [GC [PSYoungGen: 257252K->1276K(251520K)] 731808K->475912K(938496K), 0.0124110 secs] [Times: user=0.08 sys=0.00, real=0.01 secs] 
2014-07-16T07:05:22.102+0000: 3501.103: [GC [PSYoungGen: 251516K->918K(245056K)] 726152K->475594K(932032K), 0.0127900 secs] [Times: user=0.07 sys=0.00, real=0.01 secs] 
2014-07-16T07:05:22.974+0000: 3501.975: [GC [PSYoungGen: 244965K->1018K(293952K)] 719641K->475750K(980928K), 0.0122480 secs] [Times: user=0.07 sys=0.00, real=0.01 secs] 
2014-07-16T07:05:24.071+0000: 3503.071: [GC [PSYoungGen: 293945K->530K(285760K)] 768677K->475326K(972736K), 0.0053890 secs] [Times: user=0.02 sys=0.00, real=0.00 secs] 
2014-07-16T07:05:25.119+0000: 3504.120: [GC [PSYoungGen: 285714K->818K(278528K)] 760510K->475686K(965504K), 0.0071590 secs] [Times: user=0.05 sys=0.00, real=0.00 secs] 
2014-07-16T07:05:26.190+0000: 3505.190: [GC [PSYoungGen: 278514K->818K(271360K)] 753382K->475782K(958336K), 0.0089950 secs] [Times: user=0.06 sys=0.00, real=0.00 secs] 
2014-07-16T07:05:27.180+0000: 3506.181: [GC [PSYoungGen: 271345K->748K(264384K)] 746309K->475768K(951360K), 0.0075610 secs] [Times: user=0.05 sys=0.00, real=0.00 secs] 
2014-07-16T07:05:28.149+0000: 3507.150: [GC [PSYoungGen: 264351K->1180K(258176K)] 739371K->476264K(945152K), 0.0081760 secs] [Times: user=0.04 sys=0.00, real=0.00 secs] 
2014-07-16T07:05:29.094+0000: 3508.094: [GC [PSYoungGen: 258140K->944K(251520K)] 733224K->476116K(938496K), 0.0092590 secs] [Times: user=0.06 sys=0.00, real=0.01 secs] 
2014-07-16T07:05:30.019+0000: 3509.020: [GC [PSYoungGen: 251504K->712K(245184K)] 726676K->475980K(932160K), 0.0100520 secs] [Times: user=0.07 sys=0.00, real=0.01 secs] 
2014-07-16T07:05:30.934+0000: 3509.935: [GC [PSYoungGen: 245128K->772K(239360K)] 720396K->476128K(926336K), 0.0103390 secs] [Times: user=0.03 sys=0.00, real=0.01 secs] 
2014-07-16T07:05:31.819+0000: 3510.820: [GC [PSYoungGen: 239233K->958K(233792K)] 714589K->476386K(920768K), 0.0077290 secs] [Times: user=0.05 sys=0.00, real=0.01 secs] 
2014-07-16T07:05:32.892+0000: 3511.893: [GC [PSYoungGen: 233790K->708K(228096K)] 709218K->476224K(915072K), 0.0117590 secs] [Times: user=0.07 sys=0.00, real=0.01 secs] 
2014-07-16T07:05:33.703+0000: 3512.703: [GC [PSYoungGen: 228036K->812K(222848K)] 703552K->476392K(909824K), 0.0082240 secs] [Times: user=0.05 sys=0.00, real=0.01 secs] 
2014-07-16T07:05:34.565+0000: 3513.565: [GC [PSYoungGen: 222828K->1190K(267648K)] 698408K->476858K(954624K), 0.0094700 secs] [Times: user=0.05 sys=0.00, real=0.01 secs] 
2014-07-16T07:05:35.545+0000: 3514.546: [GC [PSYoungGen: 267622K->912K(260672K)] 743290K->476652K(947648K), 0.0061410 secs] [Times: user=0.03 sys=0.00, real=0.01 secs] 
2014-07-16T07:05:36.498+0000: 3515.499: [GC [PSYoungGen: 260624K->644K(253952K)] 736364K->476448K(940928K), 0.0042790 secs] [Times: user=0.02 sys=0.00, real=0.01 secs] 
2014-07-16T07:05:37.546+0000: 3516.547: [GC [PSYoungGen: 253892K->1236K(248256K)] 729696K->477096K(935232K), 0.0109440 secs] [Times: user=0.06 sys=0.00, real=0.01 secs] 
2014-07-16T07:05:38.412+0000: 3517.413: [GC [PSYoungGen: 248203K->630K(241600K)] 724063K->476570K(928576K), 0.0093310 secs] [Times: user=0.05 sys=0.00, real=0.01 secs] 
2014-07-16T07:05:39.305+0000: 3518.305: [GC [PSYoungGen: 241590K->502K(235712K)] 717530K->476490K(922688K), 0.0042600 secs] [Times: user=0.02 sys=0.00, real=0.00 secs] 
2014-07-16T07:05:40.174+0000: 3519.175: [GC [PSYoungGen: 235702K->926K(230592K)] 711690K->477002K(917568K), 0.0064640 secs] [Times: user=0.04 sys=0.00, real=0.01 secs] 
2014-07-16T07:05:41.018+0000: 3520.019: [GC [PSYoungGen: 230532K->1272K(225536K)] 706608K->477396K(912512K), 0.0070490 secs] [Times: user=0.04 sys=0.00, real=0.01 secs] 
2014-07-16T07:05:41.856+0000: 3520.857: [GC [PSYoungGen: 225469K->748K(219840K)] 701593K->476936K(906816K), 0.0072750 secs] [Times: user=0.04 sys=0.01, real=0.01 secs] 
2014-07-16T07:05:42.710+0000: 3521.710: [GC [PSYoungGen: 219820K->1172K(215296K)] 696008K->477432K(902272K), 0.0041220 secs] [Times: user=0.03 sys=0.00, real=0.01 secs] 
2014-07-16T07:05:43.473+0000: 3522.473: [GC [PSYoungGen: 215252K->758K(210048K)] 691512K->477098K(897024K), 0.0094310 secs] [Times: user=0.06 sys=0.00, real=0.01 secs] 
2014-07-16T07:05:44.252+0000: 3523.252: [GC [PSYoungGen: 210038K->780K(205440K)] 686378K->477176K(892416K), 0.0076980 secs] [Times: user=0.05 sys=0.00, real=0.00 secs] 
2014-07-16T07:05:45.046+0000: 3524.047: [GC [PSYoungGen: 205388K->608K(200768K)] 681784K->477076K(887744K), 0.0099440 secs] [Times: user=0.05 sys=0.00, real=0.01 secs] 
2014-07-16T07:05:45.772+0000: 3524.773: [GC [PSYoungGen: 200736K->530K(196352K)] 677204K->477062K(883328K), 0.0075020 secs] [Times: user=0.06 sys=0.00, real=0.00 secs] 
2014-07-16T07:05:46.486+0000: 3525.487: [GC [PSYoungGen: 196296K->1084K(236032K)] 672828K->477664K(923008K), 0.0118100 secs] [Times: user=0.07 sys=0.00, real=0.01 secs] 
2014-07-16T07:05:47.444+0000: 3526.445: [GC [PSYoungGen: 236027K->1446K(283456K)] 712607K->478066K(970432K), 0.0126480 secs] [Times: user=0.07 sys=0.01, real=0.01 secs] 
2014-07-16T07:05:48.402+0000: 3527.402: [GC [PSYoungGen: 283430K->534K(275200K)] 760050K->477302K(962176K), 0.0040230 secs] [Times: user=0.02 sys=0.00, real=0.01 secs] 
2014-07-16T07:05:49.418+0000: 3528.419: [GC [PSYoungGen: 275158K->1008K(268608K)] 751926K->477864K(955584K), 0.0100530 secs] [Times: user=0.06 sys=0.00, real=0.01 secs] 
2014-07-16T07:05:50.383+0000: 3529.384: [GC [PSYoungGen: 268592K->658K(261504K)] 745448K->477594K(948480K), 0.0104280 secs] [Times: user=0.06 sys=0.00, real=0.01 secs] 
2014-07-16T07:05:51.348+0000: 3530.349: [GC [PSYoungGen: 261458K->1144K(255424K)] 738394K->478160K(942400K), 0.0066120 secs] [Times: user=0.02 sys=0.00, real=0.01 secs] 
2014-07-16T07:05:52.301+0000: 3531.302: [GC [PSYoungGen: 255410K->898K(248960K)] 732426K->477978K(935936K), 0.0091050 secs] [Times: user=0.06 sys=0.00, real=0.01 secs] 
2014-07-16T07:05:53.284+0000: 3532.285: [GC [PSYoungGen: 248898K->826K(242752K)] 725978K->477986K(929728K), 0.0077780 secs] [Times: user=0.05 sys=0.00, real=0.00 secs] 
2014-07-16T07:05:54.198+0000: 3533.199: [GC [PSYoungGen: 242746K->908K(237056K)] 719906K->478164K(924032K), 0.0111730 secs] [Times: user=0.08 sys=0.00, real=0.01 secs] 
2014-07-16T07:05:55.077+0000: 3534.077: [GC [PSYoungGen: 237004K->726K(231232K)] 714260K->478030K(918208K), 0.0068300 secs] [Times: user=0.03 sys=0.00, real=0.01 secs] 
2014-07-16T07:05:55.956+0000: 3534.957: [GC [PSYoungGen: 231190K->1258K(277888K)] 708494K->478726K(964864K), 0.0171460 secs] [Times: user=0.11 sys=0.00, real=0.02 secs] 
2014-07-16T07:05:56.971+0000: 3535.972: [GC [PSYoungGen: 277866K->916K(332928K)] 755334K->478440K(1019904K), 0.0129580 secs] [Times: user=0.07 sys=0.01, real=0.02 secs] 
2014-07-16T07:05:58.218+0000: 3537.219: [GC [PSYoungGen: 332884K->484K(323136K)] 810408K->478040K(1010112K), 0.0052760 secs] [Times: user=0.02 sys=0.00, real=0.00 secs] 
2014-07-16T07:05:59.427+0000: 3538.428: [GC [PSYoungGen: 323108K->708K(314432K)] 800664K->478360K(1001408K), 0.0039980 secs] [Times: user=0.02 sys=0.00, real=0.00 secs] 
2014-07-16T07:06:00.604+0000: 3539.605: [GC [PSYoungGen: 314342K->990K(306112K)] 791994K->478714K(993088K), 0.0166780 secs] [Times: user=0.11 sys=0.00, real=0.01 secs] 
2014-07-16T07:06:01.726+0000: 3540.727: [GC [PSYoungGen: 306072K->694K(297536K)] 783796K->478498K(984512K), 0.0076210 secs] [Times: user=0.04 sys=0.00, real=0.00 secs] 
2014-07-16T07:06:02.909+0000: 3541.910: [GC [PSYoungGen: 297526K->1036K(289984K)] 775330K->478912K(976960K), 0.0088550 secs] [Times: user=0.05 sys=0.01, real=0.01 secs] 
2014-07-16T07:06:03.967+0000: 3542.967: [GC [PSYoungGen: 289932K->1128K(282432K)] 767808K->479068K(969408K), 0.0109650 secs] [Times: user=0.07 sys=0.00, real=0.01 secs] 
2014-07-16T07:06:05.036+0000: 3544.036: [GC [PSYoungGen: 282408K->766K(274752K)] 760348K->479216K(961728K), 0.0132250 secs] [Times: user=0.10 sys=0.00, real=0.01 secs] 
2014-07-16T07:06:06.080+0000: 3545.081: [GC [PSYoungGen: 274750K->958K(267904K)] 753200K->479472K(954880K), 0.0040220 secs] [Times: user=0.03 sys=0.00, real=0.00 secs] 
2014-07-16T07:06:07.052+0000: 3546.052: [GC [PSYoungGen: 267902K->676K(260864K)] 746416K->479558K(947840K), 0.0052270 secs] [Times: user=0.03 sys=0.00, real=0.01 secs] 
2014-07-16T07:06:08.052+0000: 3547.053: [GC [PSYoungGen: 260836K->786K(254464K)] 739718K->479740K(941440K), 0.0054730 secs] [Times: user=0.02 sys=0.00, real=0.01 secs] 
2014-07-16T07:06:08.964+0000: 3547.965: [GC [PSYoungGen: 254418K->648K(248064K)] 733372K->479682K(935040K), 0.0038220 secs] [Times: user=0.02 sys=0.01, real=0.01 secs] 
2014-07-16T07:06:09.883+0000: 3548.884: [GC [PSYoungGen: 248008K->990K(242368K)] 727042K->480128K(929344K), 0.0074390 secs] [Times: user=0.05 sys=0.00, real=0.01 secs] 
2014-07-16T07:06:10.781+0000: 3549.782: [GC [PSYoungGen: 242334K->666K(236224K)] 721472K->479876K(923200K), 0.0055970 secs] [Times: user=0.03 sys=0.00, real=0.01 secs] 
2014-07-16T07:06:11.681+0000: 3550.682: [GC [PSYoungGen: 236186K->1290K(231296K)] 715396K->480580K(918272K), 0.0092810 secs] [Times: user=0.05 sys=0.01, real=0.01 secs] 
2014-07-16T07:06:12.510+0000: 3551.510: [GC [PSYoungGen: 231241K->944K(225536K)] 710531K->480370K(912512K), 0.0086090 secs] [Times: user=0.05 sys=0.00, real=0.01 secs] 
2014-07-16T07:06:13.432+0000: 3552.432: [GC [PSYoungGen: 225520K->1214K(220608K)] 704946K->480778K(907584K), 0.0127480 secs] [Times: user=0.08 sys=0.00, real=0.01 secs] 
2014-07-16T07:06:14.220+0000: 3553.221: [GC [PSYoungGen: 220606K->804K(215232K)] 700170K->480472K(902208K), 0.0071950 secs] [Times: user=0.04 sys=0.00, real=0.01 secs] 
2014-07-16T07:06:15.034+0000: 3554.035: [GC [PSYoungGen: 215204K->880K(210432K)] 694872K->480596K(897408K), 0.0049590 secs] [Times: user=0.02 sys=0.00, real=0.01 secs] 
2014-07-16T07:06:15.845+0000: 3554.845: [GC [PSYoungGen: 210416K->1228K(206144K)] 690132K->481040K(893120K), 0.0089550 secs] [Times: user=0.07 sys=0.00, real=0.01 secs] 
2014-07-16T07:06:16.624+0000: 3555.625: [GC [PSYoungGen: 206055K->898K(201344K)] 685867K->480766K(888320K), 0.0076510 secs] [Times: user=0.05 sys=0.00, real=0.01 secs] 
2014-07-16T07:06:17.371+0000: 3556.372: [GC [PSYoungGen: 201282K->594K(196672K)] 681150K->480558K(883648K), 0.0092400 secs] [Times: user=0.07 sys=0.00, real=0.01 secs] 
2014-07-16T07:06:18.174+0000: 3557.175: [GC [PSYoungGen: 196544K->990K(192832K)] 676508K->481018K(879808K), 0.0065670 secs] [Times: user=0.04 sys=0.01, real=0.01 secs] 
2014-07-16T07:06:18.852+0000: 3557.852: [GC [PSYoungGen: 192798K->862K(188672K)] 672826K->480994K(875648K), 0.0075880 secs] [Times: user=0.05 sys=0.00, real=0.01 secs] 
2014-07-16T07:06:19.537+0000: 3558.538: [GC [PSYoungGen: 188608K->516K(225920K)] 668740K->480696K(912896K), 0.0095380 secs] [Times: user=0.06 sys=0.00, real=0.01 secs] 
2014-07-16T07:06:20.388+0000: 3559.389: [GC [PSYoungGen: 225857K->922K(221056K)] 706037K->481174K(908032K), 0.0036160 secs] [Times: user=0.02 sys=0.01, real=0.00 secs] 
2014-07-16T07:06:21.202+0000: 3560.203: [GC [PSYoungGen: 221018K->1290K(216384K)] 701270K->481622K(903360K), 0.0078180 secs] [Times: user=0.05 sys=0.00, real=0.01 secs] 
2014-07-16T07:06:21.996+0000: 3560.996: [GC [PSYoungGen: 216330K->562K(258624K)] 696662K->481146K(945600K), 0.0107680 secs] [Times: user=0.06 sys=0.01, real=0.01 secs] 
2014-07-16T07:06:23.067+0000: 3562.068: [GC [PSYoungGen: 258606K->1146K(252800K)] 739191K->481794K(939776K), 0.0062230 secs] [Times: user=0.04 sys=0.00, real=0.00 secs] 
2014-07-16T07:06:23.952+0000: 3562.952: [GC [PSYoungGen: 252794K->1054K(246528K)] 733442K->481907K(933504K), 0.0087410 secs] [Times: user=0.05 sys=0.00, real=0.01 secs] 
2014-07-16T07:06:24.859+0000: 3563.860: [GC [PSYoungGen: 246494K->1076K(240576K)] 727347K->481993K(927552K), 0.0049350 secs] [Times: user=0.03 sys=0.01, real=0.00 secs] 
2014-07-16T07:06:25.761+0000: 3564.761: [GC [PSYoungGen: 240564K->562K(234304K)] 721481K->481566K(921280K), 0.0049750 secs] [Times: user=0.03 sys=0.00, real=0.00 secs] 
2014-07-16T07:06:26.701+0000: 3565.702: [GC [PSYoungGen: 234200K->1358K(229632K)] 715205K->482427K(916608K), 0.0036240 secs] [Times: user=0.01 sys=0.01, real=0.00 secs] 
2014-07-16T07:06:27.491+0000: 3566.491: [GC [PSYoungGen: 229582K->812K(223744K)] 710651K->481960K(910720K), 0.0069050 secs] [Times: user=0.02 sys=0.00, real=0.00 secs] 
2014-07-16T07:06:28.372+0000: 3567.373: [GC [PSYoungGen: 223708K->790K(218624K)] 704857K->482026K(905600K), 0.0070850 secs] [Times: user=0.05 sys=0.00, real=0.01 secs] 
2014-07-16T07:06:29.178+0000: 3568.179: [GC [PSYoungGen: 218582K->754K(213632K)] 699818K->482054K(900608K), 0.0055490 secs] [Times: user=0.02 sys=0.01, real=0.00 secs] 
2014-07-16T07:06:29.933+0000: 3568.933: [GC [PSYoungGen: 213618K->944K(209024K)] 694918K->482317K(896000K), 0.0107250 secs] [Times: user=0.08 sys=0.00, real=0.01 secs] 
2014-07-16T07:06:30.707+0000: 3569.707: [GC [PSYoungGen: 209008K->658K(204160K)] 690381K->482094K(891136K), 0.0055890 secs] [Times: user=0.03 sys=0.00, real=0.01 secs] 
2014-07-16T07:06:31.493+0000: 3570.494: [GC [PSYoungGen: 204114K->794K(199808K)] 685550K->482319K(886784K), 0.0112430 secs] [Times: user=0.07 sys=0.00, real=0.01 secs] 
2014-07-16T07:06:32.206+0000: 3571.207: [GC [PSYoungGen: 199770K->416K(195136K)] 681295K->481988K(882112K), 0.0049370 secs] [Times: user=0.02 sys=0.00, real=0.01 secs] 
2014-07-16T07:06:32.930+0000: 3571.931: [GC [PSYoungGen: 195104K->972K(191552K)] 676676K->482656K(878528K), 0.0073170 secs] [Times: user=0.05 sys=0.00, real=0.00 secs] 
2014-07-16T07:06:33.721+0000: 3572.722: [GC [PSYoungGen: 191500K->1126K(187648K)] 673184K->482883K(874624K), 0.0085510 secs] [Times: user=0.05 sys=0.00, real=0.01 secs] 
2014-07-16T07:06:34.400+0000: 3573.401: [GC [PSYoungGen: 187622K->890K(183488K)] 669379K->482726K(870464K), 0.0074980 secs] [Times: user=0.04 sys=0.00, real=0.00 secs] 
2014-07-16T07:06:35.092+0000: 3574.092: [GC [PSYoungGen: 183474K->734K(219904K)] 665311K->482619K(906880K), 0.0112880 secs] [Times: user=0.08 sys=0.00, real=0.01 secs] 
2014-07-16T07:06:35.919+0000: 3574.920: [GC [PSYoungGen: 219870K->840K(263872K)] 701755K->482804K(950848K), 0.0136950 secs] [Times: user=0.09 sys=0.00, real=0.01 secs] 
2014-07-16T07:06:36.933+0000: 3575.934: [GC [PSYoungGen: 263816K->1146K(316736K)] 745780K->483190K(1003712K), 0.0150240 secs] [Times: user=0.09 sys=0.00, real=0.01 secs] 
2014-07-16T07:06:38.079+0000: 3577.080: [GC [PSYoungGen: 316730K->744K(360896K)] 798774K->482860K(1047872K), 0.0090410 secs] [Times: user=0.05 sys=0.00, real=0.01 secs] 
2014-07-16T07:06:39.403+0000: 3578.404: [GC [PSYoungGen: 360232K->676K(380160K)] 842348K->482856K(1067136K), 0.0077980 secs] [Times: user=0.05 sys=0.00, real=0.01 secs] 
2014-07-16T07:06:40.801+0000: 3579.802: [GC [PSYoungGen: 379378K->516K(368064K)] 861559K->482736K(1055040K), 0.0105100 secs] [Times: user=0.06 sys=0.00, real=0.01 secs] 
2014-07-16T07:06:42.168+0000: 3581.168: [GC [PSYoungGen: 368004K->516K(357312K)] 850224K->482776K(1044288K), 0.0053160 secs] [Times: user=0.03 sys=0.00, real=0.01 secs] 
2014-07-16T07:06:43.541+0000: 3582.542: [GC [PSYoungGen: 357252K->1030K(347520K)] 839512K->483339K(1034496K), 0.0062740 secs] [Times: user=0.03 sys=0.00, real=0.00 secs] 
2014-07-16T07:06:44.762+0000: 3583.763: [GC [PSYoungGen: 347400K->972K(337536K)] 829709K->483353K(1024512K), 0.0062030 secs] [Times: user=0.04 sys=0.00, real=0.00 secs] 
2014-07-16T07:06:45.989+0000: 3584.990: [GC [PSYoungGen: 337484K->722K(327808K)] 819865K->483182K(1014784K), 0.0061890 secs] [Times: user=0.03 sys=0.00, real=0.01 secs] 
2014-07-16T07:06:47.216+0000: 3586.217: [GC [PSYoungGen: 327762K->1040K(319040K)] 810222K->483581K(1006016K), 0.0082730 secs] [Times: user=0.05 sys=0.00, real=0.01 secs] 
2014-07-16T07:06:48.519+0000: 3587.520: [GC [PSYoungGen: 318960K->1392K(310592K)] 801500K->484028K(997568K), 0.0055190 secs] [Times: user=0.03 sys=0.00, real=0.01 secs] 
2014-07-16T07:06:49.615+0000: 3588.616: [GC [PSYoungGen: 310555K->370K(301184K)] 793192K->483340K(988160K), 0.0083260 secs] [Times: user=0.05 sys=0.01, real=0.01 secs] 
2014-07-16T07:06:50.740+0000: 3589.741: [GC [PSYoungGen: 301170K->858K(293632K)] 784140K->483933K(980608K), 0.0075800 secs] [Times: user=0.05 sys=0.00, real=0.01 secs] 
2014-07-16T07:06:51.827+0000: 3590.828: [GC [PSYoungGen: 293573K->1044K(286080K)] 776648K->484315K(973056K), 0.0079310 secs] [Times: user=0.05 sys=0.01, real=0.01 secs] 
2014-07-16T07:06:52.862+0000: 3591.862: [GC [PSYoungGen: 286036K->448K(278016K)] 769307K->483783K(964992K), 0.0046440 secs] [Times: user=0.02 sys=0.00, real=0.01 secs] 
2014-07-16T07:06:53.934+0000: 3592.935: [GC [PSYoungGen: 278016K->1012K(271424K)] 761351K->484411K(958400K), 0.0072630 secs] [Times: user=0.04 sys=0.00, real=0.00 secs] 
2014-07-16T07:06:54.919+0000: 3593.920: [GC [PSYoungGen: 271397K->772K(264320K)] 754796K->484259K(951296K), 0.0049330 secs] [Times: user=0.02 sys=0.00, real=0.01 secs] 
2014-07-16T07:06:55.883+0000: 3594.884: [GC [PSYoungGen: 264260K->1112K(257984K)] 747747K->484671K(944960K), 0.0079600 secs] [Times: user=0.05 sys=0.01, real=0.00 secs] 
2014-07-16T07:06:56.857+0000: 3595.857: [GC [PSYoungGen: 257939K->762K(251200K)] 741498K->484377K(938176K), 0.0115310 secs] [Times: user=0.08 sys=0.00, real=0.01 secs] 
2014-07-16T07:06:57.774+0000: 3596.775: [GC [PSYoungGen: 251193K->850K(245184K)] 734808K->484529K(932160K), 0.0086210 secs] [Times: user=0.06 sys=0.00, real=0.00 secs] 
2014-07-16T07:06:58.802+0000: 3597.802: [GC [PSYoungGen: 245138K->1396K(294592K)] 728817K->485147K(981568K), 0.0172820 secs] [Times: user=0.11 sys=0.00, real=0.02 secs] 
2014-07-16T07:06:59.816+0000: 3598.816: [GC [PSYoungGen: 294580K->566K(286016K)] 778331K->484911K(972992K), 0.0040740 secs] [Times: user=0.02 sys=0.00, real=0.00 secs] 
2014-07-16T07:07:00.864+0000: 3599.865: [GC [PSYoungGen: 286006K->640K(278592K)] 770351K->485065K(965568K), 0.0066170 secs] [Times: user=0.03 sys=0.00, real=0.00 secs] 
2014-07-16T07:07:01.891+0000: 3600.892: [GC [PSYoungGen: 278592K->466K(271296K)] 763017K->484955K(958272K), 0.0084200 secs] [Times: user=0.05 sys=0.00, real=0.01 secs] 
2014-07-16T07:07:02.897+0000: 3601.898: [GC [PSYoungGen: 271250K->466K(264384K)] 755739K->485019K(951360K), 0.0072440 secs] [Times: user=0.05 sys=0.00, real=0.01 secs] 
2014-07-16T07:07:03.953+0000: 3602.954: [GC [PSYoungGen: 264305K->1376K(258624K)] 748858K->485993K(945600K), 0.0103920 secs] [Times: user=0.07 sys=0.00, real=0.01 secs] 
2014-07-16T07:07:04.911+0000: 3603.911: [GC [PSYoungGen: 258592K->786K(251648K)] 743209K->485475K(938624K), 0.0075770 secs] [Times: user=0.04 sys=0.01, real=0.01 secs] 
2014-07-16T07:07:05.810+0000: 3604.811: [GC [PSYoungGen: 251578K->866K(245568K)] 736267K->485627K(932544K), 0.0038370 secs] [Times: user=0.02 sys=0.00, real=0.01 secs] 
2014-07-16T07:07:06.737+0000: 3605.738: [GC [PSYoungGen: 245522K->612K(239360K)] 730283K->485445K(926336K), 0.0071430 secs] [Times: user=0.05 sys=0.00, real=0.01 secs] 
2014-07-16T07:07:07.673+0000: 3606.674: [GC [PSYoungGen: 239332K->740K(233792K)] 724165K->485637K(920768K), 0.0111880 secs] [Times: user=0.07 sys=0.00, real=0.02 secs] 
2014-07-16T07:07:08.512+0000: 3607.513: [GC [PSYoungGen: 233764K->516K(228096K)] 718661K->485461K(915072K), 0.0066600 secs] [Times: user=0.02 sys=0.00, real=0.01 secs] 
2014-07-16T07:07:09.402+0000: 3608.402: [GC [PSYoungGen: 227953K->1054K(223296K)] 712898K->486079K(910272K), 0.0082010 secs] [Times: user=0.05 sys=0.00, real=0.01 secs] 
2014-07-16T07:07:10.219+0000: 3609.219: [GC [PSYoungGen: 223262K->594K(267328K)] 708287K->485683K(954304K), 0.0172420 secs] [Times: user=0.11 sys=0.00, real=0.02 secs] 
2014-07-16T07:07:11.207+0000: 3610.208: [GC [PSYoungGen: 267259K->1150K(261120K)] 752348K->486295K(948096K), 0.0050180 secs] [Times: user=0.03 sys=0.00, real=0.00 secs] 
2014-07-16T07:07:12.172+0000: 3611.173: [GC [PSYoungGen: 261090K->848K(312896K)] 746235K->486073K(999872K), 0.0139510 secs] [Times: user=0.10 sys=0.00, real=0.02 secs] 
2014-07-16T07:07:13.327+0000: 3612.328: [GC [PSYoungGen: 312848K->762K(361088K)] 798073K->486083K(1048064K), 0.0095770 secs] [Times: user=0.06 sys=0.01, real=0.01 secs] 
2014-07-16T07:07:14.678+0000: 3613.679: [GC [PSYoungGen: 360738K->730K(350336K)] 846059K->486091K(1037312K), 0.0049330 secs] [Times: user=0.02 sys=0.00, real=0.00 secs] 
2014-07-16T07:07:15.972+0000: 3614.973: [GC [PSYoungGen: 350289K->748K(340288K)] 835650K->486747K(1027264K), 0.0152990 secs] [Times: user=0.09 sys=0.00, real=0.02 secs] 
2014-07-16T07:07:17.221+0000: 3616.221: [GC [PSYoungGen: 340268K->1176K(331136K)] 826267K->487247K(1018112K), 0.0044130 secs] [Times: user=0.03 sys=0.00, real=0.00 secs] 
2014-07-16T07:07:18.475+0000: 3617.476: [GC [PSYoungGen: 331067K->830K(321536K)] 817138K->487105K(1008512K), 0.0137130 secs] [Times: user=0.08 sys=0.00, real=0.02 secs] 
2014-07-16T07:07:19.700+0000: 3618.701: [GC [PSYoungGen: 321534K->894K(312768K)] 807809K->487233K(999744K), 0.0120410 secs] [Times: user=0.08 sys=0.00, real=0.01 secs] 
2014-07-16T07:07:20.851+0000: 3619.852: [GC [PSYoungGen: 312766K->804K(304192K)] 799105K->487223K(991168K), 0.0058030 secs] [Times: user=0.03 sys=0.00, real=0.01 secs] 
2014-07-16T07:07:21.986+0000: 3620.987: [GC [PSYoungGen: 304135K->1268K(296448K)] 790554K->487759K(983424K), 0.0097270 secs] [Times: user=0.06 sys=0.00, real=0.00 secs] 
2014-07-16T07:07:23.081+0000: 3622.081: [GC [PSYoungGen: 296436K->884K(288192K)] 782927K->487415K(975168K), 0.0119470 secs] [Times: user=0.07 sys=0.00, real=0.01 secs] 
2014-07-16T07:07:24.253+0000: 3623.254: [GC [PSYoungGen: 288180K->944K(280704K)] 774711K->487539K(967680K), 0.0073930 secs] [Times: user=0.05 sys=0.00, real=0.01 secs] 
2014-07-16T07:07:25.246+0000: 3624.246: [GC [PSYoungGen: 280687K->1130K(273664K)] 767282K->487797K(960640K), 0.0077940 secs] [Times: user=0.04 sys=0.00, real=0.01 secs] 
2014-07-16T07:07:26.433+0000: 3625.434: [GC [PSYoungGen: 273642K->1208K(266752K)] 760309K->487947K(953728K), 0.0063160 secs] [Times: user=0.03 sys=0.00, real=0.01 secs] 
2014-07-16T07:07:27.827+0000: 3626.828: [GC [PSYoungGen: 266675K->638K(259456K)] 753414K->488033K(946432K), 0.0074660 secs] [Times: user=0.04 sys=0.00, real=0.00 secs] 
2014-07-16T07:07:29.519+0000: 3628.519: [GC [PSYoungGen: 259413K->638K(252992K)] 746808K->488089K(939968K), 0.0072720 secs] [Times: user=0.03 sys=0.00, real=0.00 secs] 
2014-07-16T07:07:31.259+0000: 3630.259: [GC [PSYoungGen: 252990K->506K(246656K)] 740441K->488005K(933632K), 0.0040060 secs] [Times: user=0.02 sys=0.00, real=0.00 secs] 
2014-07-16T07:07:33.252+0000: 3632.252: [GC [PSYoungGen: 246650K->192K(240384K)] 734149K->487707K(927360K), 0.0080040 secs] [Times: user=0.04 sys=0.00, real=0.01 secs] 
Heap
 PSYoungGen      total 240384K, used 64291K [0x0000000755560000, 0x000000076af70000, 0x0000000800000000)
  eden space 240192K, 26% used [0x0000000755560000,0x00000007593f8d88,0x0000000763ff0000)
  from space 192K, 100% used [0x000000076acc0000,0x000000076acf0000,0x000000076acf0000)
  to   space 1664K, 0% used [0x000000076add0000,0x000000076add0000,0x000000076af70000)
 ParOldGen       total 686976K, used 487515K [0x0000000600000000, 0x0000000629ee0000, 0x0000000755560000)
  object space 686976K, 70% used [0x0000000600000000,0x000000061dc16da8,0x0000000629ee0000)
 PSPermGen       total 21248K, used 11783K [0x00000005f5a00000, 0x00000005f6ec0000, 0x0000000600000000)
  object space 21248K, 55% used [0x00000005f5a00000,0x00000005f6581d88,0x00000005f6ec0000)
