2014-07-16T07:29:08.567+0000: 23.787: [GC [PSYoungGen: 257728K->42864K(300608K)] 257728K->57750K(987584K), 0.0718350 secs] [Times: user=0.25 sys=0.03, real=0.07 secs] 
2014-07-16T07:29:08.872+0000: 24.092: [GC [PSYoungGen: 300592K->42848K(300608K)] 315478K->64008K(987584K), 0.0534130 secs] [Times: user=0.19 sys=0.02, real=0.06 secs] 
2014-07-16T07:29:09.996+0000: 25.215: [GC [PSYoungGen: 300576K->42870K(300608K)] 321736K->64990K(987584K), 0.0448600 secs] [Times: user=0.17 sys=0.00, real=0.04 secs] 
2014-07-16T07:29:11.091+0000: 26.311: [GC [PSYoungGen: 300598K->42854K(558336K)] 322718K->65407K(1245312K), 0.0377720 secs] [Times: user=0.13 sys=0.01, real=0.04 secs] 
2014-07-16T07:29:13.110+0000: 28.330: [GC [PSYoungGen: 558310K->42860K(558336K)] 580863K->65749K(1245312K), 0.0617620 secs] [Times: user=0.21 sys=0.03, real=0.06 secs] 
2014-07-16T07:29:15.099+0000: 30.319: [GC [PSYoungGen: 558316K->43306K(1088704K)] 581205K->66195K(1775680K), 0.0484480 secs] [Times: user=0.17 sys=0.02, real=0.05 secs] 
2014-07-16T07:29:18.706+0000: 33.926: [GC [PSYoungGen: 1074218K->2372K(1089600K)] 1097107K->65842K(1776576K), 0.0804120 secs] [Times: user=0.27 sys=0.03, real=0.08 secs] 
2014-07-16T07:29:22.070+0000: 37.290: [GC [PSYoungGen: 1033284K->2554K(2124288K)] 1096754K->66392K(2811264K), 0.0404240 secs] [Times: user=0.15 sys=0.00, real=0.04 secs] 
2014-07-16T07:29:28.508+0000: 43.728: [GC [PSYoungGen: 2060026K->2144K(2128640K)] 2123864K->66358K(2815616K), 0.0445940 secs] [Times: user=0.17 sys=0.00, real=0.04 secs] 
2014-07-16T07:29:35.016+0000: 50.236: [GC [PSYoungGen: 2059616K->2212K(2720704K)] 2123830K->66930K(3407680K), 0.0240420 secs] [Times: user=0.10 sys=0.00, real=0.03 secs] 
2014-07-16T07:29:42.875+0000: 58.095: [GC [PSYoungGen: 2649380K->1686K(2648896K)] 2714098K->67220K(3335872K), 0.0073480 secs] [Times: user=0.02 sys=0.00, real=0.01 secs] 
2014-07-16T07:29:50.589+0000: 65.809: [GC [PSYoungGen: 2648854K->1938K(2722112K)] 2714388K->67976K(3409088K), 0.0339300 secs] [Times: user=0.13 sys=0.00, real=0.04 secs] 
2014-07-16T07:29:57.801+0000: 73.020: [GC [PSYoungGen: 2649263K->950K(2648384K)] 2715302K->67452K(3335360K), 0.0047530 secs] [Times: user=0.01 sys=0.00, real=0.01 secs] 
2014-07-16T07:30:04.444+0000: 79.664: [GC [PSYoungGen: 2648374K->1284K(2528192K)] 2714876K->68290K(3215168K), 0.0089870 secs] [Times: user=0.03 sys=0.00, real=0.00 secs] 
2014-07-16T07:30:10.189+0000: 85.409: [GC [PSYoungGen: 2528132K->1234K(2483584K)] 2595138K->68656K(3170560K), 0.0184170 secs] [Times: user=0.07 sys=0.00, real=0.02 secs] 
2014-07-16T07:30:15.359+0000: 90.579: [GC [PSYoungGen: 2413457K->548K(2303872K)] 2480880K->68298K(2990848K), 0.0150070 secs] [Times: user=0.04 sys=0.00, real=0.01 secs] 
2014-07-16T07:30:20.277+0000: 95.497: [GC [PSYoungGen: 2303844K->498K(2266880K)] 2371594K->68472K(2953856K), 0.0048870 secs] [Times: user=0.02 sys=0.00, real=0.00 secs] 
2014-07-16T07:30:24.969+0000: 100.189: [GC [PSYoungGen: 2200242K->1238K(2102592K)] 2268216K->69436K(2789568K), 0.0129210 secs] [Times: user=0.01 sys=0.01, real=0.01 secs] 
2014-07-16T07:30:29.485+0000: 104.705: [GC [PSYoungGen: 2102550K->384K(2069696K)] 2170748K->68774K(2756672K), 0.0080570 secs] [Times: user=0.03 sys=0.00, real=0.01 secs] 
2014-07-16T07:30:33.754+0000: 108.974: [GC [PSYoungGen: 2008128K->704K(1919488K)] 2076518K->69278K(2606464K), 0.0224460 secs] [Times: user=0.04 sys=0.01, real=0.02 secs] 
2014-07-16T07:30:37.831+0000: 113.051: [GC [PSYoungGen: 1919488K->576K(1890688K)] 1988062K->69414K(2577664K), 0.0094790 secs] [Times: user=0.03 sys=0.00, real=0.01 secs] 
2014-07-16T07:30:41.736+0000: 116.956: [GC [PSYoungGen: 1834816K->882K(1754752K)] 1903654K->69848K(2441728K), 0.0296600 secs] [Times: user=0.09 sys=0.01, real=0.03 secs] 
2014-07-16T07:30:45.427+0000: 120.647: [GC [PSYoungGen: 1754738K->608K(1728192K)] 1823704K->69806K(2415168K), 0.0125590 secs] [Times: user=0.04 sys=0.00, real=0.01 secs] 
2014-07-16T07:30:48.961+0000: 124.181: [GC [PSYoungGen: 1678048K->498K(1605312K)] 1747246K->69816K(2292288K), 0.0132340 secs] [Times: user=0.02 sys=0.01, real=0.01 secs] 
2014-07-16T07:30:52.457+0000: 127.677: [GC [PSYoungGen: 1605298K->612K(1580992K)] 1674616K->70018K(2267968K), 0.0104560 secs] [Times: user=0.03 sys=0.00, real=0.01 secs] 
2014-07-16T07:30:55.699+0000: 130.919: [GC [PSYoungGen: 1536292K->370K(1470336K)] 1605698K->70080K(2157312K), 0.0214710 secs] [Times: user=0.05 sys=0.01, real=0.02 secs] 
2014-07-16T07:30:58.851+0000: 134.071: [GC [PSYoungGen: 1470320K->946K(1447552K)] 1540031K->70760K(2134528K), 0.0072260 secs] [Times: user=0.01 sys=0.01, real=0.01 secs] 
2014-07-16T07:31:01.841+0000: 137.061: [GC [PSYoungGen: 1408370K->544K(1348544K)] 1478184K->70502K(2035520K), 0.0116270 secs] [Times: user=0.02 sys=0.01, real=0.02 secs] 
2014-07-16T07:31:04.706+0000: 139.926: [GC [PSYoungGen: 1348511K->352K(1326592K)] 1418469K->70582K(2013568K), 0.0181080 secs] [Times: user=0.06 sys=0.01, real=0.02 secs] 
2014-07-16T07:31:07.455+0000: 142.675: [GC [PSYoungGen: 1291744K->438K(1238016K)] 1361974K->70740K(1924992K), 0.0084560 secs] [Times: user=0.01 sys=0.00, real=0.01 secs] 
2014-07-16T07:31:10.082+0000: 145.302: [GC [PSYoungGen: 1238006K->658K(1217216K)] 1308308K->71032K(1904192K), 0.0076400 secs] [Times: user=0.02 sys=0.00, real=0.01 secs] 
2014-07-16T07:31:12.634+0000: 147.854: [GC [PSYoungGen: 1187026K->768K(1138432K)] 1257400K->71310K(1825408K), 0.0101830 secs] [Times: user=0.01 sys=0.01, real=0.01 secs] 
2014-07-16T07:31:15.031+0000: 150.251: [GC [PSYoungGen: 1138432K->1056K(1118144K)] 1208974K->71806K(1805120K), 0.0087450 secs] [Times: user=0.01 sys=0.00, real=0.01 secs] 
2014-07-16T07:31:17.359+0000: 152.579: [GC [PSYoungGen: 1092384K->676K(1047936K)] 1163134K->71514K(1734912K), 0.0097440 secs] [Times: user=0.03 sys=0.01, real=0.01 secs] 
2014-07-16T07:31:19.566+0000: 154.786: [GC [PSYoungGen: 1047908K->324K(1028416K)] 1118746K->71234K(1715392K), 0.0062270 secs] [Times: user=0.01 sys=0.00, real=0.00 secs] 
2014-07-16T07:31:21.695+0000: 156.915: [GC [PSYoungGen: 1005479K->530K(965824K)] 1076390K->71560K(1652800K), 0.0134820 secs] [Times: user=0.04 sys=0.00, real=0.01 secs] 
2014-07-16T07:31:23.771+0000: 158.991: [GC [PSYoungGen: 965751K->548K(947264K)] 1036782K->71738K(1634240K), 0.0065490 secs] [Times: user=0.01 sys=0.00, real=0.01 secs] 
2014-07-16T07:31:25.741+0000: 160.961: [GC [PSYoungGen: 927716K->210K(891200K)] 998906K->71520K(1578176K), 0.0059730 secs] [Times: user=0.01 sys=0.00, real=0.01 secs] 
2014-07-16T07:31:27.694+0000: 162.914: [GC [PSYoungGen: 891154K->370K(873856K)] 962464K->71744K(1560832K), 0.0117700 secs] [Times: user=0.04 sys=0.00, real=0.01 secs] 
2014-07-16T07:31:29.521+0000: 164.741: [GC [PSYoungGen: 856818K->612K(824192K)] 928192K->72066K(1511168K), 0.0064180 secs] [Times: user=0.01 sys=0.00, real=0.01 secs] 
2014-07-16T07:31:31.310+0000: 166.530: [GC [PSYoungGen: 824068K->626K(807168K)] 895522K->72184K(1494144K), 0.0238430 secs] [Times: user=0.08 sys=0.00, real=0.02 secs] 
2014-07-16T07:31:32.949+0000: 168.169: [GC [PSYoungGen: 792771K->320K(762688K)] 864330K->72006K(1449664K), 0.0070060 secs] [Times: user=0.02 sys=0.00, real=0.00 secs] 
2014-07-16T07:31:34.564+0000: 169.784: [GC [PSYoungGen: 762688K->338K(746752K)] 834374K->72152K(1433728K), 0.0036800 secs] [Times: user=0.01 sys=0.00, real=0.01 secs] 
2014-07-16T07:31:36.143+0000: 171.363: [GC [PSYoungGen: 734226K->288K(707072K)] 806040K->72142K(1394048K), 0.0101540 secs] [Times: user=0.03 sys=0.00, real=0.01 secs] 
2014-07-16T07:31:37.688+0000: 172.908: [GC [PSYoungGen: 707040K->192K(691968K)] 778894K->72086K(1378944K), 0.0028330 secs] [Times: user=0.01 sys=0.00, real=0.00 secs] 
2014-07-16T07:31:39.159+0000: 174.379: [GC [PSYoungGen: 681088K->552K(656832K)] 752982K->72518K(1343808K), 0.0190620 secs] [Times: user=0.06 sys=0.00, real=0.01 secs] 
2014-07-16T07:31:40.556+0000: 175.776: [GC [PSYoungGen: 656754K->320K(642176K)] 728721K->72358K(1329152K), 0.0305050 secs] [Times: user=0.11 sys=0.00, real=0.03 secs] 
2014-07-16T07:31:41.894+0000: 177.114: [GC [PSYoungGen: 633024K->352K(610624K)] 705062K->72518K(1297600K), 0.0111800 secs] [Times: user=0.03 sys=0.01, real=0.01 secs] 
2014-07-16T07:31:43.245+0000: 178.465: [GC [PSYoungGen: 610592K->512K(596928K)] 682758K->72814K(1283904K), 0.0072030 secs] [Times: user=0.02 sys=0.00, real=0.01 secs] 
2014-07-16T07:31:44.486+0000: 179.706: [GC [PSYoungGen: 589312K->192K(568576K)] 661614K->72574K(1255552K), 0.0097270 secs] [Times: user=0.03 sys=0.01, real=0.01 secs] 
2014-07-16T07:31:45.693+0000: 180.913: [GC [PSYoungGen: 568576K->512K(555840K)] 640958K->72966K(1242816K), 0.0073030 secs] [Times: user=0.03 sys=0.00, real=0.01 secs] 
2014-07-16T07:31:46.862+0000: 182.082: [GC [PSYoungGen: 549376K->474K(530752K)] 621830K->72952K(1217728K), 0.0050480 secs] [Times: user=0.02 sys=0.00, real=0.00 secs] 
2014-07-16T07:31:47.996+0000: 183.216: [GC [PSYoungGen: 530714K->402K(518400K)] 603192K->72896K(1205376K), 0.0044040 secs] [Times: user=0.00 sys=0.00, real=0.01 secs] 
2014-07-16T07:31:49.086+0000: 184.306: [GC [PSYoungGen: 512850K->402K(495872K)] 585344K->72936K(1182848K), 0.0080060 secs] [Times: user=0.01 sys=0.01, real=0.01 secs] 
2014-07-16T07:31:50.135+0000: 185.355: [GC [PSYoungGen: 495826K->288K(479488K)] 568360K->72854K(1166464K), 0.0060140 secs] [Times: user=0.01 sys=0.00, real=0.01 secs] 
2014-07-16T07:31:51.147+0000: 186.367: [GC [PSYoungGen: 479419K->224K(463872K)] 551986K->72862K(1150848K), 0.0044460 secs] [Times: user=0.01 sys=0.00, real=0.01 secs] 
2014-07-16T07:31:52.137+0000: 187.357: [GC [PSYoungGen: 463840K->306K(453184K)] 536478K->73000K(1140160K), 0.0079690 secs] [Times: user=0.01 sys=0.00, real=0.01 secs] 
2014-07-16T07:31:53.101+0000: 188.321: [GC [PSYoungGen: 448984K->384K(434944K)] 521678K->73158K(1121920K), 0.0084700 secs] [Times: user=0.03 sys=0.00, real=0.01 secs] 
2014-07-16T07:31:54.025+0000: 189.245: [GC [PSYoungGen: 434944K->338K(421312K)] 507718K->73208K(1108288K), 0.0056160 secs] [Times: user=0.01 sys=0.01, real=0.01 secs] 
2014-07-16T07:31:54.920+0000: 190.140: [GC [PSYoungGen: 421266K->544K(408512K)] 494136K->73462K(1095488K), 0.0066340 secs] [Times: user=0.02 sys=0.00, real=0.01 secs] 
2014-07-16T07:31:55.777+0000: 190.997: [GC [PSYoungGen: 408480K->192K(395648K)] 481398K->73166K(1082624K), 0.0086360 secs] [Times: user=0.03 sys=0.00, real=0.01 secs] 
2014-07-16T07:31:56.619+0000: 191.839: [GC [PSYoungGen: 395648K->338K(383872K)] 468622K->73336K(1070848K), 0.0050540 secs] [Times: user=0.01 sys=0.00, real=0.01 secs] 
2014-07-16T07:31:57.471+0000: 192.691: [GC [PSYoungGen: 383826K->448K(372480K)] 456824K->73478K(1059456K), 0.0082450 secs] [Times: user=0.03 sys=0.00, real=0.00 secs] 
2014-07-16T07:31:58.225+0000: 193.445: [GC [PSYoungGen: 372480K->224K(361344K)] 445510K->73302K(1048320K), 0.0038020 secs] [Times: user=0.00 sys=0.00, real=0.00 secs] 
2014-07-16T07:31:59.000+0000: 194.220: [GC [PSYoungGen: 361312K->128K(350720K)] 434390K->73222K(1037696K), 0.0036240 secs] [Times: user=0.01 sys=0.00, real=0.01 secs] 
2014-07-16T07:31:59.750+0000: 194.970: [GC [PSYoungGen: 350705K->406K(340992K)] 423799K->73524K(1027968K), 0.0067810 secs] [Times: user=0.01 sys=0.00, real=0.01 secs] 
2014-07-16T07:32:00.478+0000: 195.698: [GC [PSYoungGen: 340949K->370K(331264K)] 414068K->73568K(1018240K), 0.0042910 secs] [Times: user=0.01 sys=0.00, real=0.01 secs] 
2014-07-16T07:32:01.182+0000: 196.402: [GC [PSYoungGen: 331245K->484K(322112K)] 404443K->73754K(1009088K), 0.0133090 secs] [Times: user=0.04 sys=0.00, real=0.01 secs] 
2014-07-16T07:32:01.872+0000: 197.092: [GC [PSYoungGen: 322084K->512K(313216K)] 395354K->73854K(1000192K), 0.0065310 secs] [Times: user=0.02 sys=0.00, real=0.00 secs] 
2014-07-16T07:32:02.563+0000: 197.783: [GC [PSYoungGen: 313212K->320K(375616K)] 386554K->73710K(1062592K), 0.0174150 secs] [Times: user=0.06 sys=0.00, real=0.01 secs] 
2014-07-16T07:32:03.339+0000: 198.559: [GC [PSYoungGen: 375616K->192K(450560K)] 449006K->73662K(1137536K), 0.0108560 secs] [Times: user=0.04 sys=0.00, real=0.01 secs] 
2014-07-16T07:32:04.306+0000: 199.526: [GC [PSYoungGen: 450560K->790K(541312K)] 524030K->74316K(1228288K), 0.0099200 secs] [Times: user=0.03 sys=0.00, real=0.01 secs] 
2014-07-16T07:32:05.454+0000: 200.674: [GC [PSYoungGen: 541266K->424K(649024K)] 614792K->73998K(1336000K), 0.0109650 secs] [Times: user=0.03 sys=0.00, real=0.01 secs] 
2014-07-16T07:32:06.831+0000: 202.051: [GC [PSYoungGen: 649000K->288K(625728K)] 722574K->73894K(1312704K), 0.0040990 secs] [Times: user=0.01 sys=0.00, real=0.01 secs] 
2014-07-16T07:32:08.161+0000: 203.381: [GC [PSYoungGen: 625696K->434K(603712K)] 699302K->74064K(1290688K), 0.0054280 secs] [Times: user=0.01 sys=0.00, real=0.01 secs] 
2014-07-16T07:32:09.451+0000: 204.671: [GC [PSYoungGen: 603698K->320K(582464K)] 677328K->74014K(1269440K), 0.0051550 secs] [Times: user=0.02 sys=0.00, real=0.01 secs] 
2014-07-16T07:32:10.688+0000: 205.908: [GC [PSYoungGen: 582464K->256K(562240K)] 656158K->74030K(1249216K), 0.0055880 secs] [Times: user=0.01 sys=0.00, real=0.01 secs] 
2014-07-16T07:32:11.898+0000: 207.118: [GC [PSYoungGen: 562218K->716K(543488K)] 635992K->74586K(1230464K), 0.0142030 secs] [Times: user=0.04 sys=0.00, real=0.01 secs] 
2014-07-16T07:32:13.067+0000: 208.287: [GC [PSYoungGen: 543435K->498K(524864K)] 617306K->74456K(1211840K), 0.0074650 secs] [Times: user=0.01 sys=0.00, real=0.01 secs] 
2014-07-16T07:32:14.197+0000: 209.417: [GC [PSYoungGen: 524766K->338K(507200K)] 598725K->74400K(1194176K), 0.0042130 secs] [Times: user=0.01 sys=0.00, real=0.00 secs] 
2014-07-16T07:32:15.273+0000: 210.493: [GC [PSYoungGen: 507154K->256K(490304K)] 581216K->74366K(1177280K), 0.0124670 secs] [Times: user=0.04 sys=0.00, real=0.01 secs] 
2014-07-16T07:32:16.321+0000: 211.541: [GC [PSYoungGen: 490304K->256K(474304K)] 564414K->74398K(1161280K), 0.0068370 secs] [Times: user=0.01 sys=0.00, real=0.01 secs] 
2014-07-16T07:32:17.326+0000: 212.546: [GC [PSYoungGen: 474298K->374K(459136K)] 548441K->74556K(1146112K), 0.0094160 secs] [Times: user=0.03 sys=0.00, real=0.01 secs] 
2014-07-16T07:32:18.312+0000: 213.532: [GC [PSYoungGen: 459126K->352K(444480K)] 533308K->74558K(1131456K), 0.0043980 secs] [Times: user=0.01 sys=0.00, real=0.01 secs] 
2014-07-16T07:32:19.260+0000: 214.480: [GC [PSYoungGen: 444448K->192K(430272K)] 518654K->74446K(1117248K), 0.0063330 secs] [Times: user=0.01 sys=0.00, real=0.01 secs] 
2014-07-16T07:32:20.177+0000: 215.397: [GC [PSYoungGen: 430249K->420K(417088K)] 504503K->74754K(1104064K), 0.0115310 secs] [Times: user=0.04 sys=0.00, real=0.01 secs] 
2014-07-16T07:32:21.066+0000: 216.286: [GC [PSYoungGen: 417040K->192K(403968K)] 491374K->74590K(1090944K), 0.0039450 secs] [Times: user=0.01 sys=0.00, real=0.00 secs] 
2014-07-16T07:32:21.931+0000: 217.151: [GC [PSYoungGen: 403968K->512K(392000K)] 478366K->74966K(1078976K), 0.0100160 secs] [Times: user=0.03 sys=0.01, real=0.01 secs] 
2014-07-16T07:32:22.808+0000: 218.028: [GC [PSYoungGen: 392000K->434K(380160K)] 466454K->74944K(1067136K), 0.0057010 secs] [Times: user=0.02 sys=0.00, real=0.00 secs] 
2014-07-16T07:32:23.582+0000: 218.802: [GC [PSYoungGen: 380146K->562K(369024K)] 454656K->75208K(1056000K), 0.0104570 secs] [Times: user=0.03 sys=0.00, real=0.01 secs] 
2014-07-16T07:32:24.377+0000: 219.597: [GC [PSYoungGen: 369010K->192K(357824K)] 443656K->74878K(1044800K), 0.0083440 secs] [Times: user=0.03 sys=0.00, real=0.01 secs] 
2014-07-16T07:32:25.144+0000: 220.364: [GC [PSYoungGen: 357824K->512K(429696K)] 432510K->75238K(1116672K), 0.0233860 secs] [Times: user=0.07 sys=0.00, real=0.03 secs] 
2014-07-16T07:32:26.068+0000: 221.288: [GC [PSYoungGen: 429696K->722K(515840K)] 504422K->75472K(1202816K), 0.0137440 secs] [Times: user=0.04 sys=0.00, real=0.01 secs] 
2014-07-16T07:32:27.166+0000: 222.386: [GC [PSYoungGen: 515794K->320K(618432K)] 590544K->75102K(1305408K), 0.0121610 secs] [Times: user=0.03 sys=0.00, real=0.01 secs] 
2014-07-16T07:32:28.491+0000: 223.711: [GC [PSYoungGen: 618432K->548K(742336K)] 693214K->75370K(1429312K), 0.0071110 secs] [Times: user=0.03 sys=0.00, real=0.01 secs] 
2014-07-16T07:32:30.070+0000: 225.290: [GC [PSYoungGen: 742234K->516K(890688K)] 817057K->75410K(1577664K), 0.0115980 secs] [Times: user=0.04 sys=0.00, real=0.01 secs] 
2014-07-16T07:32:31.971+0000: 227.191: [GC [PSYoungGen: 890628K->890K(1069056K)] 965522K->75912K(1756032K), 0.0252870 secs] [Times: user=0.09 sys=0.00, real=0.03 secs] 
2014-07-16T07:32:34.299+0000: 229.519: [GC [PSYoungGen: 1069050K->384K(1025536K)] 1144072K->75550K(1712512K), 0.0129340 secs] [Times: user=0.04 sys=0.00, real=0.01 secs] 
2014-07-16T07:32:36.479+0000: 231.698: [GC [PSYoungGen: 1025536K->562K(984768K)] 1100702K->75896K(1671744K), 0.0108340 secs] [Times: user=0.04 sys=0.00, real=0.01 secs] 
2014-07-16T07:32:38.589+0000: 233.809: [GC [PSYoungGen: 984754K->516K(945792K)] 1060088K->75914K(1632768K), 0.0087960 secs] [Times: user=0.02 sys=0.00, real=0.01 secs] 
2014-07-16T07:32:40.612+0000: 235.832: [GC [PSYoungGen: 945732K->918K(909056K)] 1021130K->76412K(1596032K), 0.0057260 secs] [Times: user=0.01 sys=0.00, real=0.01 secs] 
2014-07-16T07:32:42.538+0000: 237.758: [GC [PSYoungGen: 909014K->352K(873152K)] 984508K->75966K(1560128K), 0.0153490 secs] [Times: user=0.04 sys=0.00, real=0.01 secs] 
2014-07-16T07:32:44.455+0000: 239.675: [GC [PSYoungGen: 873120K->608K(839744K)] 948734K->76358K(1526720K), 0.0116000 secs] [Times: user=0.05 sys=0.00, real=0.01 secs] 
2014-07-16T07:32:46.230+0000: 241.450: [GC [PSYoungGen: 839712K->402K(807488K)] 915462K->76248K(1494464K), 0.0052550 secs] [Times: user=0.02 sys=0.01, real=0.00 secs] 
2014-07-16T07:32:47.946+0000: 243.166: [GC [PSYoungGen: 807442K->320K(776832K)] 883288K->76246K(1463808K), 0.0214980 secs] [Times: user=0.07 sys=0.00, real=0.02 secs] 
2014-07-16T07:32:49.652+0000: 244.872: [GC [PSYoungGen: 776832K->288K(747712K)] 852758K->76254K(1434688K), 0.0093820 secs] [Times: user=0.03 sys=0.01, real=0.01 secs] 
2014-07-16T07:32:51.237+0000: 246.457: [GC [PSYoungGen: 747680K->288K(719936K)] 823646K->76390K(1406912K), 0.0059780 secs] [Times: user=0.00 sys=0.00, real=0.01 secs] 
2014-07-16T07:32:52.775+0000: 247.995: [GC [PSYoungGen: 719904K->800K(864384K)] 796006K->77022K(1551360K), 0.0352730 secs] [Times: user=0.14 sys=0.00, real=0.04 secs] 
2014-07-16T07:32:54.623+0000: 249.843: [GC [PSYoungGen: 864337K->512K(1036800K)] 940559K->76830K(1723776K), 0.0401340 secs] [Times: user=0.14 sys=0.00, real=0.04 secs] 
2014-07-16T07:32:56.862+0000: 252.082: [GC [PSYoungGen: 1036800K->580K(1244224K)] 1113118K->77026K(1931200K), 0.0138390 secs] [Times: user=0.05 sys=0.00, real=0.01 secs] 
2014-07-16T07:32:59.508+0000: 254.728: [GC [PSYoungGen: 1244164K->580K(1192768K)] 1320610K->77106K(1879744K), 0.0099180 secs] [Times: user=0.03 sys=0.00, real=0.01 secs] 
2014-07-16T07:33:02.065+0000: 257.285: [GC [PSYoungGen: 1192699K->694K(1143872K)] 1269225K->77324K(1830848K), 0.0076300 secs] [Times: user=0.01 sys=0.00, real=0.01 secs] 
2014-07-16T07:33:04.503+0000: 259.723: [GC [PSYoungGen: 1143862K->680K(1097280K)] 1220492K->77486K(1784256K), 0.0062120 secs] [Times: user=0.02 sys=0.00, real=0.00 secs] 
2014-07-16T07:33:06.819+0000: 262.039: [GC [PSYoungGen: 1097256K->128K(1052352K)] 1174062K->77070K(1739328K), 0.0080420 secs] [Times: user=0.02 sys=0.00, real=0.01 secs] 
2014-07-16T07:33:09.063+0000: 264.283: [GC [PSYoungGen: 1052352K->580K(1010624K)] 1129294K->77610K(1697600K), 0.0137610 secs] [Times: user=0.05 sys=0.01, real=0.01 secs] 
2014-07-16T07:33:11.221+0000: 266.441: [GC [PSYoungGen: 1010564K->658K(970496K)] 1087594K->77784K(1657472K), 0.0197120 secs] [Times: user=0.06 sys=0.00, real=0.02 secs] 
2014-07-16T07:33:13.289+0000: 268.509: [GC [PSYoungGen: 970450K->406K(931968K)] 1047576K->77652K(1618944K), 0.0043880 secs] [Times: user=0.01 sys=0.00, real=0.01 secs] 
2014-07-16T07:33:15.309+0000: 270.529: [GC [PSYoungGen: 931926K->498K(895552K)] 1009172K->77864K(1582528K), 0.0085040 secs] [Times: user=0.03 sys=0.00, real=0.01 secs] 
2014-07-16T07:33:17.221+0000: 272.441: [GC [PSYoungGen: 895538K->658K(861056K)] 972904K->78176K(1548032K), 0.0120390 secs] [Times: user=0.04 sys=0.00, real=0.02 secs] 
2014-07-16T07:33:19.064+0000: 274.284: [GC [PSYoungGen: 861010K->598K(827904K)] 938528K->78180K(1514880K), 0.0037850 secs] [Times: user=0.01 sys=0.00, real=0.00 secs] 
2014-07-16T07:33:20.823+0000: 276.043: [GC [PSYoungGen: 827862K->722K(796544K)] 905444K->78392K(1483520K), 0.0074920 secs] [Times: user=0.02 sys=0.00, real=0.00 secs] 
2014-07-16T07:33:22.512+0000: 277.732: [GC [PSYoungGen: 796498K->562K(766336K)] 874168K->78408K(1453312K), 0.0228120 secs] [Times: user=0.07 sys=0.01, real=0.03 secs] 
2014-07-16T07:33:24.198+0000: 279.418: [GC [PSYoungGen: 766281K->512K(737664K)] 844127K->78478K(1424640K), 0.0107660 secs] [Times: user=0.04 sys=0.00, real=0.01 secs] 
2014-07-16T07:33:25.796+0000: 281.016: [GC [PSYoungGen: 737664K->950K(710848K)] 815630K->79084K(1397824K), 0.0106270 secs] [Times: user=0.03 sys=0.00, real=0.01 secs] 
2014-07-16T07:33:27.312+0000: 282.532: [GC [PSYoungGen: 710835K->338K(684288K)] 788970K->78528K(1371264K), 0.0095200 secs] [Times: user=0.03 sys=0.00, real=0.01 secs] 
2014-07-16T07:33:28.833+0000: 284.053: [GC [PSYoungGen: 684242K->786K(659904K)] 762432K->79016K(1346880K), 0.0055400 secs] [Times: user=0.02 sys=0.00, real=0.01 secs] 
2014-07-16T07:33:30.183+0000: 285.403: [GC [PSYoungGen: 659858K->288K(635712K)] 738088K->78590K(1322688K), 0.0140040 secs] [Times: user=0.05 sys=0.00, real=0.02 secs] 
2014-07-16T07:33:31.546+0000: 286.766: [GC [PSYoungGen: 635680K->434K(613248K)] 713982K->78856K(1300224K), 0.0200120 secs] [Times: user=0.07 sys=0.00, real=0.02 secs] 
2014-07-16T07:33:32.858+0000: 288.078: [GC [PSYoungGen: 613234K->192K(591424K)] 691656K->78686K(1278400K), 0.0069420 secs] [Times: user=0.02 sys=0.00, real=0.00 secs] 
2014-07-16T07:33:34.188+0000: 289.408: [GC [PSYoungGen: 591424K->352K(571072K)] 669918K->78902K(1258048K), 0.0067350 secs] [Times: user=0.02 sys=0.00, real=0.00 secs] 
2014-07-16T07:33:35.399+0000: 290.619: [GC [PSYoungGen: 571040K->388K(551488K)] 649590K->79026K(1238464K), 0.0132460 secs] [Times: user=0.04 sys=0.00, real=0.01 secs] 
2014-07-16T07:33:36.612+0000: 291.832: [GC [PSYoungGen: 551428K->886K(533184K)] 630066K->79604K(1220160K), 0.0055350 secs] [Times: user=0.01 sys=0.00, real=0.01 secs] 
2014-07-16T07:33:37.726+0000: 292.946: [GC [PSYoungGen: 533174K->448K(514816K)] 611892K->79230K(1201792K), 0.0046940 secs] [Times: user=0.01 sys=0.00, real=0.00 secs] 
2014-07-16T07:33:38.822+0000: 294.042: [GC [PSYoungGen: 514816K->256K(497536K)] 593598K->79086K(1184512K), 0.0206510 secs] [Times: user=0.08 sys=0.00, real=0.02 secs] 
2014-07-16T07:33:39.883+0000: 295.103: [GC [PSYoungGen: 497536K->480K(481472K)] 576366K->79350K(1168448K), 0.0087070 secs] [Times: user=0.03 sys=0.00, real=0.01 secs] 
2014-07-16T07:33:40.925+0000: 296.145: [GC [PSYoungGen: 481440K->384K(465728K)] 560310K->79374K(1152704K), 0.0067820 secs] [Times: user=0.02 sys=0.00, real=0.01 secs] 
2014-07-16T07:33:41.905+0000: 297.125: [GC [PSYoungGen: 465728K->224K(450688K)] 544718K->79270K(1137664K), 0.0041200 secs] [Times: user=0.01 sys=0.00, real=0.01 secs] 
2014-07-16T07:33:42.876+0000: 298.096: [GC [PSYoungGen: 450656K->128K(540672K)] 529702K->79230K(1227648K), 0.0259640 secs] [Times: user=0.09 sys=0.00, real=0.03 secs] 
2014-07-16T07:33:44.178+0000: 299.398: [GC [PSYoungGen: 540672K->598K(522944K)] 619774K->79756K(1209920K), 0.0048770 secs] [Times: user=0.01 sys=0.00, real=0.00 secs] 
2014-07-16T07:33:45.280+0000: 300.500: [GC [PSYoungGen: 522902K->352K(505216K)] 602060K->79614K(1192192K), 0.0070330 secs] [Times: user=0.02 sys=0.00, real=0.01 secs] 
2014-07-16T07:33:46.372+0000: 301.592: [GC [PSYoungGen: 505184K->402K(488576K)] 584446K->79736K(1175552K), 0.0062660 secs] [Times: user=0.02 sys=0.00, real=0.01 secs] 
2014-07-16T07:33:47.435+0000: 302.655: [GC [PSYoungGen: 488521K->352K(472576K)] 567856K->79726K(1159552K), 0.0057560 secs] [Times: user=0.01 sys=0.00, real=0.01 secs] 
2014-07-16T07:33:48.452+0000: 303.672: [GC [PSYoungGen: 472544K->882K(457856K)] 551918K->80416K(1144832K), 0.0093200 secs] [Times: user=0.02 sys=0.00, real=0.01 secs] 
2014-07-16T07:33:49.460+0000: 304.680: [GC [PSYoungGen: 457842K->306K(442688K)] 537376K->79872K(1129664K), 0.0042300 secs] [Times: user=0.01 sys=0.00, real=0.00 secs] 
2014-07-16T07:33:50.406+0000: 305.626: [GC [PSYoungGen: 442674K->576K(428992K)] 522240K->80262K(1115968K), 0.0069910 secs] [Times: user=0.01 sys=0.00, real=0.01 secs] 
2014-07-16T07:33:51.326+0000: 306.546: [GC [PSYoungGen: 428992K->580K(514752K)] 508678K->80330K(1201728K), 0.0394830 secs] [Times: user=0.14 sys=0.00, real=0.04 secs] 
2014-07-16T07:33:52.438+0000: 307.658: [GC [PSYoungGen: 514692K->320K(617280K)] 594442K->80142K(1304256K), 0.0045990 secs] [Times: user=0.01 sys=0.00, real=0.00 secs] 
2014-07-16T07:33:53.751+0000: 308.971: [GC [PSYoungGen: 617280K->360K(740736K)] 697102K->80294K(1427712K), 0.0251030 secs] [Times: user=0.09 sys=0.00, real=0.02 secs] 
2014-07-16T07:33:55.345+0000: 310.565: [GC [PSYoungGen: 740706K->338K(888832K)] 820640K->80320K(1575808K), 0.0115540 secs] [Times: user=0.04 sys=0.00, real=0.01 secs] 
2014-07-16T07:33:57.246+0000: 312.466: [GC [PSYoungGen: 888783K->320K(854336K)] 968766K->80374K(1541312K), 0.0045820 secs] [Times: user=0.01 sys=0.00, real=0.01 secs] 
2014-07-16T07:33:59.056+0000: 314.276: [GC [PSYoungGen: 854336K->416K(821696K)] 934390K->80550K(1508672K), 0.0110140 secs] [Times: user=0.04 sys=0.00, real=0.01 secs] 
2014-07-16T07:34:00.805+0000: 316.025: [GC [PSYoungGen: 821664K->594K(790656K)] 901798K->80792K(1477632K), 0.0048130 secs] [Times: user=0.01 sys=0.00, real=0.01 secs] 
2014-07-16T07:34:02.477+0000: 317.697: [GC [PSYoungGen: 790610K->224K(760512K)] 870808K->80550K(1447488K), 0.0086920 secs] [Times: user=0.03 sys=0.00, real=0.01 secs] 
2014-07-16T07:34:04.107+0000: 319.327: [GC [PSYoungGen: 760478K->384K(732288K)] 840804K->80822K(1419264K), 0.0035550 secs] [Times: user=0.01 sys=0.00, real=0.01 secs] 
2014-07-16T07:34:05.680+0000: 320.900: [GC [PSYoungGen: 732288K->448K(705344K)] 812726K->80966K(1392320K), 0.0047960 secs] [Times: user=0.01 sys=0.00, real=0.01 secs] 
2014-07-16T07:34:07.188+0000: 322.408: [GC [PSYoungGen: 705344K->672K(679808K)] 785862K->81310K(1366784K), 0.0055760 secs] [Times: user=0.01 sys=0.00, real=0.01 secs] 
2014-07-16T07:34:08.631+0000: 323.851: [GC [PSYoungGen: 679763K->480K(655040K)] 760402K->81174K(1342016K), 0.0116190 secs] [Times: user=0.04 sys=0.00, real=0.01 secs] 
2014-07-16T07:34:10.026+0000: 325.246: [GC [PSYoungGen: 655008K->562K(631680K)] 735702K->81304K(1318656K), 0.0139680 secs] [Times: user=0.05 sys=0.01, real=0.01 secs] 
2014-07-16T07:34:11.380+0000: 326.600: [GC [PSYoungGen: 631666K->416K(609152K)] 712408K->81310K(1296128K), 0.0085790 secs] [Times: user=0.03 sys=0.01, real=0.01 secs] 
2014-07-16T07:34:12.666+0000: 327.886: [GC [PSYoungGen: 609120K->320K(587648K)] 690014K->81294K(1274624K), 0.0133810 secs] [Times: user=0.05 sys=0.00, real=0.01 secs] 
2014-07-16T07:34:13.922+0000: 329.142: [GC [PSYoungGen: 587648K->384K(567360K)] 668622K->81446K(1254336K), 0.0083910 secs] [Times: user=0.02 sys=0.00, real=0.00 secs] 
2014-07-16T07:34:15.138+0000: 330.358: [GC [PSYoungGen: 567360K->352K(547904K)] 648422K->81486K(1234880K), 0.0088120 secs] [Times: user=0.04 sys=0.00, real=0.01 secs] 
2014-07-16T07:34:16.314+0000: 331.534: [GC [PSYoungGen: 547872K->580K(529600K)] 629006K->81786K(1216576K), 0.0099010 secs] [Times: user=0.03 sys=0.01, real=0.01 secs] 
2014-07-16T07:34:17.446+0000: 332.666: [GC [PSYoungGen: 529540K->352K(511616K)] 610746K->81598K(1198592K), 0.0095230 secs] [Times: user=0.04 sys=0.00, real=0.01 secs] 
2014-07-16T07:34:18.533+0000: 333.753: [GC [PSYoungGen: 511584K->530K(494848K)] 592830K->81832K(1181824K), 0.0071360 secs] [Times: user=0.02 sys=0.00, real=0.00 secs] 
2014-07-16T07:34:19.645+0000: 334.865: [GC [PSYoungGen: 494802K->630K(478720K)] 576104K->81972K(1165696K), 0.0100950 secs] [Times: user=0.03 sys=0.00, real=0.01 secs] 
2014-07-16T07:34:20.628+0000: 335.848: [GC [PSYoungGen: 478645K->516K(463168K)] 559988K->81978K(1150144K), 0.0062330 secs] [Times: user=0.03 sys=0.00, real=0.01 secs] 
2014-07-16T07:34:21.610+0000: 336.830: [GC [PSYoungGen: 463071K->384K(448128K)] 544534K->81934K(1135104K), 0.0099320 secs] [Times: user=0.03 sys=0.00, real=0.01 secs] 
2014-07-16T07:34:22.565+0000: 337.785: [GC [PSYoungGen: 448128K->448K(433984K)] 529678K->82086K(1120960K), 0.0116520 secs] [Times: user=0.05 sys=0.00, real=0.01 secs] 
2014-07-16T07:34:23.495+0000: 338.715: [GC [PSYoungGen: 433984K->694K(520960K)] 515622K->82404K(1207936K), 0.0125100 secs] [Times: user=0.04 sys=0.00, real=0.01 secs] 
2014-07-16T07:34:24.712+0000: 339.932: [GC [PSYoungGen: 520950K->808K(503744K)] 602660K->82814K(1190720K), 0.0065550 secs] [Times: user=0.02 sys=0.00, real=0.01 secs] 
2014-07-16T07:34:25.718+0000: 340.938: [GC [PSYoungGen: 503720K->192K(603712K)] 585726K->82578K(1290688K), 0.0144910 secs] [Times: user=0.06 sys=0.00, real=0.01 secs] 
2014-07-16T07:34:27.000+0000: 342.220: [GC [PSYoungGen: 603712K->256K(582656K)] 686098K->82762K(1269632K), 0.0089110 secs] [Times: user=0.03 sys=0.00, real=0.01 secs] 
2014-07-16T07:34:28.243+0000: 343.463: [GC [PSYoungGen: 582656K->416K(562688K)] 665162K->83002K(1249664K), 0.0111780 secs] [Times: user=0.04 sys=0.00, real=0.01 secs] 
2014-07-16T07:34:29.437+0000: 344.657: [GC [PSYoungGen: 562628K->574K(543552K)] 645214K->83192K(1230528K), 0.0048190 secs] [Times: user=0.01 sys=0.00, real=0.00 secs] 
2014-07-16T07:34:30.604+0000: 345.824: [GC [PSYoungGen: 543550K->420K(525056K)] 626168K->83110K(1212032K), 0.0093540 secs] [Times: user=0.03 sys=0.00, real=0.00 secs] 
2014-07-16T07:34:31.727+0000: 346.946: [GC [PSYoungGen: 525028K->224K(507328K)] 607718K->83026K(1194304K), 0.0065790 secs] [Times: user=0.02 sys=0.01, real=0.00 secs] 
2014-07-16T07:34:32.807+0000: 348.027: [GC [PSYoungGen: 507229K->256K(490560K)] 590032K->83146K(1177536K), 0.0080280 secs] [Times: user=0.02 sys=0.00, real=0.01 secs] 
2014-07-16T07:34:33.861+0000: 349.081: [GC [PSYoungGen: 490539K->534K(474816K)] 573429K->83464K(1161792K), 0.0064640 secs] [Times: user=0.01 sys=0.00, real=0.01 secs] 
2014-07-16T07:34:34.896+0000: 350.116: [GC [PSYoungGen: 474767K->872K(459776K)] 557697K->83850K(1146752K), 0.0064660 secs] [Times: user=0.01 sys=0.00, real=0.00 secs] 
2014-07-16T07:34:35.851+0000: 351.071: [GC [PSYoungGen: 459752K->224K(550912K)] 542730K->83274K(1237888K), 0.0229780 secs] [Times: user=0.07 sys=0.00, real=0.02 secs] 
2014-07-16T07:34:37.029+0000: 352.249: [GC [PSYoungGen: 550880K->356K(532288K)] 633930K->83430K(1219264K), 0.0047740 secs] [Times: user=0.01 sys=0.01, real=0.00 secs] 
2014-07-16T07:34:38.166+0000: 353.386: [GC [PSYoungGen: 532260K->1004K(515072K)] 615334K->84174K(1202048K), 0.0087440 secs] [Times: user=0.03 sys=0.00, real=0.01 secs] 
2014-07-16T07:34:39.261+0000: 354.480: [GC [PSYoungGen: 514988K->320K(497280K)] 598159K->83538K(1184256K), 0.0042780 secs] [Times: user=0.01 sys=0.00, real=0.00 secs] 
2014-07-16T07:34:40.362+0000: 355.582: [GC [PSYoungGen: 497280K->356K(481024K)] 580498K->83630K(1168000K), 0.0053790 secs] [Times: user=0.01 sys=0.00, real=0.01 secs] 
2014-07-16T07:34:41.396+0000: 356.616: [GC [PSYoungGen: 480996K->548K(465600K)] 564270K->83926K(1152576K), 0.0194620 secs] [Times: user=0.06 sys=0.00, real=0.02 secs] 
2014-07-16T07:34:42.389+0000: 357.609: [GC [PSYoungGen: 465572K->224K(450368K)] 548950K->83674K(1137344K), 0.0031300 secs] [Times: user=0.01 sys=0.00, real=0.00 secs] 
2014-07-16T07:34:43.355+0000: 358.575: [GC [PSYoungGen: 450336K->388K(436288K)] 533786K->83894K(1123264K), 0.0067820 secs] [Times: user=0.02 sys=0.00, real=0.01 secs] 
2014-07-16T07:34:44.289+0000: 359.509: [GC [PSYoungGen: 436228K->516K(422784K)] 519734K->84054K(1109760K), 0.0045250 secs] [Times: user=0.01 sys=0.00, real=0.00 secs] 
2014-07-16T07:34:45.229+0000: 360.449: [GC [PSYoungGen: 422724K->320K(409472K)] 506262K->83938K(1096448K), 0.0063670 secs] [Times: user=0.02 sys=0.00, real=0.00 secs] 
2014-07-16T07:34:46.096+0000: 361.316: [GC [PSYoungGen: 409472K->160K(396800K)] 493090K->83834K(1083776K), 0.0041080 secs] [Times: user=0.01 sys=0.00, real=0.01 secs] 
2014-07-16T07:34:46.951+0000: 362.171: [GC [PSYoungGen: 396768K->594K(476608K)] 480442K->84308K(1163584K), 0.0186590 secs] [Times: user=0.06 sys=0.00, real=0.02 secs] 
2014-07-16T07:34:47.968+0000: 363.187: [GC [PSYoungGen: 476562K->242K(460800K)] 560276K->83980K(1147776K), 0.0060240 secs] [Times: user=0.01 sys=0.00, real=0.00 secs] 
2014-07-16T07:34:48.978+0000: 364.198: [GC [PSYoungGen: 460786K->576K(446400K)] 544524K->84346K(1133376K), 0.0072420 secs] [Times: user=0.01 sys=0.01, real=0.00 secs] 
2014-07-16T07:34:49.917+0000: 365.137: [GC [PSYoungGen: 446400K->960K(536000K)] 530170K->84794K(1222976K), 0.0186760 secs] [Times: user=0.05 sys=0.00, real=0.01 secs] 
2014-07-16T07:34:51.083+0000: 366.303: [GC [PSYoungGen: 536000K->434K(642496K)] 619834K->84620K(1329472K), 0.0137890 secs] [Times: user=0.05 sys=0.00, real=0.01 secs] 
2014-07-16T07:34:52.444+0000: 367.664: [GC [PSYoungGen: 642482K->384K(770880K)] 726668K->84674K(1457856K), 0.0178020 secs] [Times: user=0.05 sys=0.00, real=0.02 secs] 
2014-07-16T07:34:54.090+0000: 369.310: [GC [PSYoungGen: 770880K->680K(742336K)] 855170K->85106K(1429312K), 0.0079220 secs] [Times: user=0.02 sys=0.00, real=0.01 secs] 
2014-07-16T07:34:55.711+0000: 370.931: [GC [PSYoungGen: 742276K->576K(714752K)] 826703K->85082K(1401728K), 0.0127640 secs] [Times: user=0.03 sys=0.00, real=0.01 secs] 
2014-07-16T07:34:57.240+0000: 372.460: [GC [PSYoungGen: 714744K->192K(688192K)] 799251K->84778K(1375168K), 0.0131640 secs] [Times: user=0.04 sys=0.00, real=0.01 secs] 
2014-07-16T07:34:58.709+0000: 373.929: [GC [PSYoungGen: 688192K->192K(663168K)] 772778K->84826K(1350144K), 0.0039280 secs] [Times: user=0.01 sys=0.00, real=0.00 secs] 
2014-07-16T07:35:00.190+0000: 375.410: [GC [PSYoungGen: 663168K->836K(640064K)] 747802K->85518K(1327040K), 0.0055830 secs] [Times: user=0.02 sys=0.00, real=0.00 secs] 
2014-07-16T07:35:01.506+0000: 376.726: [GC [PSYoungGen: 640004K->192K(616640K)] 724686K->85010K(1303616K), 0.0087040 secs] [Times: user=0.03 sys=0.00, real=0.01 secs] 
2014-07-16T07:35:02.817+0000: 378.037: [GC [PSYoungGen: 616640K->288K(595072K)] 701458K->85202K(1282048K), 0.0037500 secs] [Times: user=0.01 sys=0.00, real=0.01 secs] 
2014-07-16T07:35:04.087+0000: 379.307: [GC [PSYoungGen: 595040K->854K(574912K)] 679954K->85840K(1261888K), 0.0135510 secs] [Times: user=0.05 sys=0.01, real=0.02 secs] 
2014-07-16T07:35:05.340+0000: 380.560: [GC [PSYoungGen: 574870K->736K(555008K)] 659856K->85794K(1241984K), 0.0060000 secs] [Times: user=0.01 sys=0.00, real=0.00 secs] 
2014-07-16T07:35:06.507+0000: 381.727: [GC [PSYoungGen: 554976K->722K(536128K)] 640034K->85860K(1223104K), 0.0078740 secs] [Times: user=0.03 sys=0.00, real=0.01 secs] 
2014-07-16T07:35:07.650+0000: 382.870: [GC [PSYoungGen: 536082K->256K(517568K)] 621220K->85434K(1204544K), 0.0041920 secs] [Times: user=0.01 sys=0.00, real=0.00 secs] 
2014-07-16T07:35:08.757+0000: 383.977: [GC [PSYoungGen: 517533K->160K(500288K)] 602711K->85370K(1187264K), 0.0062510 secs] [Times: user=0.01 sys=0.00, real=0.01 secs] 
2014-07-16T07:35:09.834+0000: 385.054: [GC [PSYoungGen: 500256K->576K(484224K)] 585466K->85850K(1171200K), 0.0120820 secs] [Times: user=0.04 sys=0.00, real=0.01 secs] 
2014-07-16T07:35:10.866+0000: 386.086: [GC [PSYoungGen: 484224K->466K(468416K)] 569498K->85852K(1155392K), 0.0052950 secs] [Times: user=0.01 sys=0.00, real=0.01 secs] 
2014-07-16T07:35:11.870+0000: 387.090: [GC [PSYoungGen: 468370K->498K(453376K)] 553756K->86004K(1140352K), 0.0055170 secs] [Times: user=0.01 sys=0.00, real=0.01 secs] 
2014-07-16T07:35:12.831+0000: 388.051: [GC [PSYoungGen: 453362K->288K(438784K)] 538868K->85874K(1125760K), 0.0057730 secs] [Times: user=0.02 sys=0.00, real=0.00 secs] 
2014-07-16T07:35:13.767+0000: 388.987: [GC [PSYoungGen: 438752K->388K(425152K)] 524338K->86022K(1112128K), 0.0072800 secs] [Times: user=0.02 sys=0.00, real=0.01 secs] 
2014-07-16T07:35:14.679+0000: 389.899: [GC [PSYoungGen: 425092K->516K(412096K)] 510726K->86206K(1099072K), 0.0090710 secs] [Times: user=0.03 sys=0.00, real=0.01 secs] 
2014-07-16T07:35:15.584+0000: 390.804: [GC [PSYoungGen: 412018K->502K(399424K)] 497709K->86224K(1086400K), 0.0123930 secs] [Times: user=0.05 sys=0.00, real=0.01 secs] 
2014-07-16T07:35:16.417+0000: 391.637: [GC [PSYoungGen: 399414K->288K(387136K)] 485136K->86058K(1074112K), 0.0044470 secs] [Times: user=0.01 sys=0.00, real=0.01 secs] 
2014-07-16T07:35:17.243+0000: 392.463: [GC [PSYoungGen: 387104K->288K(375552K)] 472874K->86106K(1062528K), 0.0086080 secs] [Times: user=0.03 sys=0.00, real=0.01 secs] 
2014-07-16T07:35:18.040+0000: 393.260: [GC [PSYoungGen: 375520K->256K(364416K)] 461338K->86114K(1051392K), 0.0028760 secs] [Times: user=0.01 sys=0.00, real=0.01 secs] 
2014-07-16T07:35:18.817+0000: 394.037: [GC [PSYoungGen: 364416K->320K(353856K)] 450274K->86194K(1040832K), 0.0044910 secs] [Times: user=0.01 sys=0.00, real=0.01 secs] 
2014-07-16T07:35:19.594+0000: 394.814: [GC [PSYoungGen: 353856K->608K(344000K)] 439730K->86514K(1030976K), 0.0056210 secs] [Times: user=0.01 sys=0.00, real=0.01 secs] 
2014-07-16T07:35:20.305+0000: 395.525: [GC [PSYoungGen: 343962K->402K(334016K)] 429869K->86380K(1020992K), 0.0059840 secs] [Times: user=0.01 sys=0.00, real=0.01 secs] 
2014-07-16T07:35:21.017+0000: 396.237: [GC [PSYoungGen: 333970K->274K(324480K)] 419948K->86324K(1011456K), 0.0041820 secs] [Times: user=0.01 sys=0.00, real=0.01 secs] 
2014-07-16T07:35:21.709+0000: 396.929: [GC [PSYoungGen: 324434K->452K(389504K)] 410484K->86582K(1076480K), 0.0216290 secs] [Times: user=0.07 sys=0.00, real=0.02 secs] 
2014-07-16T07:35:22.532+0000: 397.752: [GC [PSYoungGen: 389409K->580K(467456K)] 475540K->86774K(1154432K), 0.0063940 secs] [Times: user=0.01 sys=0.00, real=0.00 secs] 
2014-07-16T07:35:23.538+0000: 398.758: [GC [PSYoungGen: 467396K->192K(560384K)] 553590K->86426K(1247360K), 0.0155780 secs] [Times: user=0.05 sys=0.00, real=0.02 secs] 
2014-07-16T07:35:24.754+0000: 399.974: [GC [PSYoungGen: 560384K->488K(672768K)] 646618K->86754K(1359744K), 0.0040760 secs] [Times: user=0.01 sys=0.00, real=0.00 secs] 
2014-07-16T07:35:26.218+0000: 401.438: [GC [PSYoungGen: 672744K->804K(807552K)] 759010K->87246K(1494528K), 0.0160250 secs] [Times: user=0.05 sys=0.00, real=0.02 secs] 
2014-07-16T07:35:27.928+0000: 403.148: [GC [PSYoungGen: 807524K->192K(776384K)] 893966K->86698K(1463360K), 0.0042160 secs] [Times: user=0.01 sys=0.00, real=0.00 secs] 
2014-07-16T07:35:29.588+0000: 404.808: [GC [PSYoungGen: 776376K->658K(747776K)] 862882K->87252K(1434752K), 0.0069320 secs] [Times: user=0.03 sys=0.00, real=0.01 secs] 
2014-07-16T07:35:31.176+0000: 406.396: [GC [PSYoungGen: 747730K->498K(719872K)] 834324K->87196K(1406848K), 0.0194870 secs] [Times: user=0.07 sys=0.00, real=0.02 secs] 
2014-07-16T07:35:32.713+0000: 407.933: [GC [PSYoungGen: 719856K->722K(693696K)] 806554K->87556K(1380672K), 0.0224450 secs] [Times: user=0.07 sys=0.00, real=0.03 secs] 
2014-07-16T07:35:34.197+0000: 409.417: [GC [PSYoungGen: 693650K->352K(668096K)] 780484K->87274K(1355072K), 0.0081670 secs] [Times: user=0.03 sys=0.00, real=0.01 secs] 
2014-07-16T07:35:35.692+0000: 410.912: [GC [PSYoungGen: 668064K->936K(644608K)] 754986K->88322K(1331584K), 0.0136800 secs] [Times: user=0.05 sys=0.00, real=0.02 secs] 
2014-07-16T07:35:36.993+0000: 412.213: [GC [PSYoungGen: 644584K->356K(621056K)] 731970K->87790K(1308032K), 0.0059040 secs] [Times: user=0.02 sys=0.00, real=0.01 secs] 
2014-07-16T07:35:38.339+0000: 413.559: [GC [PSYoungGen: 621028K->356K(599168K)] 708462K->87942K(1286144K), 0.0091860 secs] [Times: user=0.02 sys=0.00, real=0.01 secs] 
2014-07-16T07:35:39.637+0000: 414.857: [GC [PSYoungGen: 599140K->840K(578752K)] 686726K->88514K(1265728K), 0.0149250 secs] [Times: user=0.05 sys=0.00, real=0.01 secs] 
2014-07-16T07:35:40.863+0000: 416.083: [GC [PSYoungGen: 578694K->388K(558336K)] 666369K->88174K(1245312K), 0.0065790 secs] [Times: user=0.01 sys=0.00, real=0.01 secs] 
2014-07-16T07:35:42.052+0000: 417.272: [GC [PSYoungGen: 558274K->416K(539264K)] 646061K->88298K(1226240K), 0.0124060 secs] [Times: user=0.04 sys=0.00, real=0.01 secs] 
2014-07-16T07:35:43.215+0000: 418.435: [GC [PSYoungGen: 539141K->420K(521088K)] 627023K->88366K(1208064K), 0.0041880 secs] [Times: user=0.01 sys=0.00, real=0.00 secs] 
2014-07-16T07:35:44.321+0000: 419.541: [GC [PSYoungGen: 521060K->160K(503424K)] 609006K->88154K(1190400K), 0.0037280 secs] [Times: user=0.00 sys=0.01, real=0.01 secs] 
2014-07-16T07:35:45.397+0000: 420.617: [GC [PSYoungGen: 503392K->512K(604416K)] 591386K->88578K(1291392K), 0.0315160 secs] [Times: user=0.11 sys=0.00, real=0.03 secs] 
2014-07-16T07:35:46.763+0000: 421.982: [GC [PSYoungGen: 604413K->662K(725440K)] 692479K->88768K(1412416K), 0.0080860 secs] [Times: user=0.02 sys=0.00, real=0.01 secs] 
2014-07-16T07:35:48.304+0000: 423.524: [GC [PSYoungGen: 725393K->338K(698432K)] 813499K->88532K(1385408K), 0.0056710 secs] [Times: user=0.01 sys=0.00, real=0.01 secs] 
2014-07-16T07:35:49.806+0000: 425.026: [GC [PSYoungGen: 698364K->726K(673344K)] 786559K->88968K(1360320K), 0.0067120 secs] [Times: user=0.02 sys=0.00, real=0.01 secs] 
2014-07-16T07:35:51.268+0000: 426.488: [GC [PSYoungGen: 673302K->644K(649024K)] 761544K->88998K(1336000K), 0.0238260 secs] [Times: user=0.08 sys=0.00, real=0.02 secs] 
2014-07-16T07:35:52.656+0000: 427.876: [GC [PSYoungGen: 648956K->224K(625408K)] 737311K->88706K(1312384K), 0.0044170 secs] [Times: user=0.01 sys=0.00, real=0.01 secs] 
2014-07-16T07:35:53.994+0000: 429.214: [GC [PSYoungGen: 625376K->274K(603392K)] 713858K->88820K(1290368K), 0.0058910 secs] [Times: user=0.01 sys=0.00, real=0.01 secs] 
2014-07-16T07:35:55.291+0000: 430.511: [GC [PSYoungGen: 603346K->626K(582592K)] 691892K->89220K(1269568K), 0.0070490 secs] [Times: user=0.01 sys=0.00, real=0.01 secs] 
2014-07-16T07:35:56.589+0000: 431.809: [GC [PSYoungGen: 582578K->466K(562304K)] 671172K->89108K(1249280K), 0.0126340 secs] [Times: user=0.04 sys=0.01, real=0.01 secs] 
2014-07-16T07:35:57.806+0000: 433.026: [GC [PSYoungGen: 562249K->192K(542784K)] 650891K->88882K(1229760K), 0.0062330 secs] [Times: user=0.01 sys=0.00, real=0.01 secs] 
2014-07-16T07:35:58.955+0000: 434.175: [GC [PSYoungGen: 542749K->470K(524736K)] 631439K->89200K(1211712K), 0.0035180 secs] [Times: user=0.01 sys=0.00, real=0.01 secs] 
2014-07-16T07:36:00.085+0000: 435.305: [GC [PSYoungGen: 524688K->708K(507456K)] 613418K->89518K(1194432K), 0.0106630 secs] [Times: user=0.04 sys=0.00, real=0.01 secs] 
2014-07-16T07:36:01.226+0000: 436.446: [GC [PSYoungGen: 507396K->416K(490368K)] 596206K->89346K(1177344K), 0.0139830 secs] [Times: user=0.05 sys=0.00, real=0.02 secs] 
2014-07-16T07:36:02.271+0000: 437.491: [GC [PSYoungGen: 490336K->466K(474432K)] 579266K->89516K(1161408K), 0.0051370 secs] [Times: user=0.01 sys=0.01, real=0.00 secs] 
2014-07-16T07:36:03.286+0000: 438.506: [GC [PSYoungGen: 474386K->128K(458752K)] 563436K->89234K(1145728K), 0.0063230 secs] [Times: user=0.01 sys=0.00, real=0.01 secs] 
2014-07-16T07:36:04.262+0000: 439.482: [GC [PSYoungGen: 458752K->288K(444288K)] 547858K->89458K(1131264K), 0.0069810 secs] [Times: user=0.02 sys=0.00, real=0.01 secs] 
2014-07-16T07:36:05.206+0000: 440.426: [GC [PSYoungGen: 444256K->320K(430272K)] 533426K->89538K(1117248K), 0.0024320 secs] [Times: user=0.00 sys=0.00, real=0.01 secs] 
2014-07-16T07:36:06.201+0000: 441.421: [GC [PSYoungGen: 430272K->896K(417408K)] 519490K->90162K(1104384K), 0.0074740 secs] [Times: user=0.02 sys=0.00, real=0.01 secs] 
2014-07-16T07:36:07.031+0000: 442.251: [GC [PSYoungGen: 417408K->370K(404032K)] 506674K->89676K(1091008K), 0.0062220 secs] [Times: user=0.01 sys=0.00, real=0.00 secs] 
2014-07-16T07:36:07.895+0000: 443.115: [GC [PSYoungGen: 404018K->160K(391552K)] 493324K->89506K(1078528K), 0.0076730 secs] [Times: user=0.02 sys=0.01, real=0.01 secs] 
2014-07-16T07:36:08.734+0000: 443.954: [GC [PSYoungGen: 391520K->420K(380032K)] 480866K->89790K(1067008K), 0.0033200 secs] [Times: user=0.01 sys=0.00, real=0.00 secs] 
2014-07-16T07:36:09.546+0000: 444.765: [GC [PSYoungGen: 380004K->626K(368960K)] 469374K->90036K(1055936K), 0.0099450 secs] [Times: user=0.03 sys=0.00, real=0.01 secs] 
2014-07-16T07:36:10.336+0000: 445.556: [GC [PSYoungGen: 368944K->320K(357824K)] 458355K->89802K(1044800K), 0.0049740 secs] [Times: user=0.01 sys=0.00, real=0.01 secs] 
2014-07-16T07:36:11.102+0000: 446.322: [GC [PSYoungGen: 357824K->940K(430016K)] 447306K->90502K(1116992K), 0.0229300 secs] [Times: user=0.07 sys=0.00, real=0.02 secs] 
2014-07-16T07:36:12.021+0000: 447.241: [GC [PSYoungGen: 429996K->352K(515264K)] 519558K->89962K(1202240K), 0.0084700 secs] [Times: user=0.02 sys=0.00, real=0.01 secs] 
2014-07-16T07:36:13.127+0000: 448.347: [GC [PSYoungGen: 515148K->516K(618432K)] 604758K->90238K(1305408K), 0.0164450 secs] [Times: user=0.06 sys=0.00, real=0.02 secs] 
2014-07-16T07:36:14.448+0000: 449.668: [GC [PSYoungGen: 618372K->320K(741760K)] 708094K->90106K(1428736K), 0.0162950 secs] [Times: user=0.05 sys=0.00, real=0.02 secs] 
2014-07-16T07:36:16.021+0000: 451.241: [GC [PSYoungGen: 741758K->320K(890048K)] 831544K->90170K(1577024K), 0.0107960 secs] [Times: user=0.04 sys=0.00, real=0.01 secs] 
2014-07-16T07:36:17.917+0000: 453.137: [GC [PSYoungGen: 889971K->502K(855808K)] 979821K->90408K(1542784K), 0.0087790 secs] [Times: user=0.04 sys=0.00, real=0.01 secs] 
2014-07-16T07:36:19.751+0000: 454.971: [GC [PSYoungGen: 855798K->594K(823104K)] 945704K->90580K(1510080K), 0.0186910 secs] [Times: user=0.06 sys=0.00, real=0.01 secs] 
2014-07-16T07:36:21.578+0000: 456.798: [GC [PSYoungGen: 823031K->666K(791872K)] 913018K->90748K(1478848K), 0.0066630 secs] [Times: user=0.01 sys=0.00, real=0.01 secs] 
2014-07-16T07:36:23.232+0000: 458.452: [GC [PSYoungGen: 791737K->288K(761664K)] 881819K->90538K(1448640K), 0.0033180 secs] [Times: user=0.01 sys=0.00, real=0.00 secs] 
2014-07-16T07:36:24.864+0000: 460.083: [GC [PSYoungGen: 761573K->306K(733248K)] 851823K->90636K(1420224K), 0.0048820 secs] [Times: user=0.02 sys=0.00, real=0.00 secs] 
2014-07-16T07:36:26.495+0000: 461.714: [GC [PSYoungGen: 733232K->882K(706752K)] 823563K->91260K(1393728K), 0.0073320 secs] [Times: user=0.02 sys=0.00, real=0.01 secs] 
2014-07-16T07:36:27.936+0000: 463.156: [GC [PSYoungGen: 706738K->256K(680320K)] 797116K->90698K(1367296K), 0.0086940 secs] [Times: user=0.03 sys=0.00, real=0.01 secs] 
2014-07-16T07:36:29.383+0000: 464.603: [GC [PSYoungGen: 680320K->288K(655744K)] 770762K->90786K(1342720K), 0.0178620 secs] [Times: user=0.07 sys=0.01, real=0.01 secs] 
2014-07-16T07:36:30.792+0000: 466.012: [GC [PSYoungGen: 655712K->466K(632448K)] 746210K->91044K(1319424K), 0.0045810 secs] [Times: user=0.01 sys=0.00, real=0.00 secs] 
2014-07-16T07:36:32.143+0000: 467.363: [GC [PSYoungGen: 632402K->416K(609984K)] 722980K->91106K(1296960K), 0.0035090 secs] [Times: user=0.01 sys=0.00, real=0.00 secs] 
2014-07-16T07:36:33.441+0000: 468.661: [GC [PSYoungGen: 609888K->256K(588416K)] 700578K->91082K(1275392K), 0.0141270 secs] [Times: user=0.04 sys=0.00, real=0.02 secs] 
2014-07-16T07:36:34.703+0000: 469.923: [GC [PSYoungGen: 588416K->192K(567936K)] 679242K->91050K(1254912K), 0.0044050 secs] [Times: user=0.02 sys=0.00, real=0.00 secs] 
2014-07-16T07:36:35.915+0000: 471.135: [GC [PSYoungGen: 567936K->416K(548672K)] 658794K->91330K(1235648K), 0.0090660 secs] [Times: user=0.02 sys=0.00, real=0.01 secs] 
2014-07-16T07:36:37.088+0000: 472.308: [GC [PSYoungGen: 548640K->652K(530304K)] 639554K->91590K(1217280K), 0.0176540 secs] [Times: user=0.06 sys=0.00, real=0.02 secs] 
2014-07-16T07:36:38.238+0000: 473.458: [GC [PSYoungGen: 530252K->694K(512512K)] 621190K->91872K(1199488K), 0.0084620 secs] [Times: user=0.01 sys=0.01, real=0.01 secs] 
2014-07-16T07:36:39.326+0000: 474.546: [GC [PSYoungGen: 512411K->388K(495296K)] 603590K->91598K(1182272K), 0.0053010 secs] [Times: user=0.02 sys=0.00, real=0.00 secs] 
2014-07-16T07:36:40.399+0000: 475.619: [GC [PSYoungGen: 495232K->672K(479296K)] 586442K->91994K(1166272K), 0.0081110 secs] [Times: user=0.01 sys=0.00, real=0.01 secs] 
2014-07-16T07:36:41.412+0000: 476.632: [GC [PSYoungGen: 479262K->548K(463616K)] 570584K->91990K(1150592K), 0.0076950 secs] [Times: user=0.02 sys=0.00, real=0.01 secs] 
2014-07-16T07:36:42.481+0000: 477.701: [GC [PSYoungGen: 463586K->320K(448512K)] 555028K->91866K(1135488K), 0.0132380 secs] [Times: user=0.05 sys=0.00, real=0.02 secs] 
2014-07-16T07:36:43.438+0000: 478.658: [GC [PSYoungGen: 448512K->552K(434560K)] 540058K->92226K(1121536K), 0.0063350 secs] [Times: user=0.01 sys=0.00, real=0.01 secs] 
2014-07-16T07:36:44.365+0000: 479.585: [GC [PSYoungGen: 434536K->256K(420672K)] 526210K->91970K(1107648K), 0.0041080 secs] [Times: user=0.01 sys=0.00, real=0.00 secs] 
2014-07-16T07:36:45.261+0000: 480.481: [GC [PSYoungGen: 420672K->128K(407552K)] 512386K->91890K(1094528K), 0.0076600 secs] [Times: user=0.03 sys=0.00, real=0.01 secs] 
2014-07-16T07:36:46.137+0000: 481.357: [GC [PSYoungGen: 407552K->630K(395648K)] 499314K->92440K(1082624K), 0.0154340 secs] [Times: user=0.05 sys=0.00, real=0.01 secs] 
2014-07-16T07:36:47.014+0000: 482.234: [GC [PSYoungGen: 395638K->256K(383360K)] 487448K->92082K(1070336K), 0.0043000 secs] [Times: user=0.01 sys=0.00, real=0.01 secs] 
2014-07-16T07:36:47.833+0000: 483.053: [GC [PSYoungGen: 383359K->530K(372288K)] 475186K->92412K(1059264K), 0.0111460 secs] [Times: user=0.04 sys=0.00, real=0.01 secs] 
2014-07-16T07:36:48.622+0000: 483.842: [GC [PSYoungGen: 372164K->356K(361152K)] 464047K->92294K(1048128K), 0.0080840 secs] [Times: user=0.03 sys=0.00, real=0.01 secs] 
2014-07-16T07:36:49.410+0000: 484.630: [GC [PSYoungGen: 361124K->672K(350976K)] 453062K->92650K(1037952K), 0.0073810 secs] [Times: user=0.02 sys=0.00, real=0.01 secs] 
2014-07-16T07:36:50.158+0000: 485.378: [GC [PSYoungGen: 350944K->356K(340608K)] 442922K->92398K(1027584K), 0.0039650 secs] [Times: user=0.01 sys=0.00, real=0.00 secs] 
2014-07-16T07:36:50.883+0000: 486.103: [GC [PSYoungGen: 340548K->306K(330880K)] 432591K->92412K(1017856K), 0.0038130 secs] [Times: user=0.01 sys=0.00, real=0.01 secs] 
2014-07-16T07:36:51.589+0000: 486.809: [GC [PSYoungGen: 330866K->370K(321664K)] 422972K->92524K(1008640K), 0.0056610 secs] [Times: user=0.02 sys=0.00, real=0.00 secs] 
2014-07-16T07:36:52.336+0000: 487.556: [GC [PSYoungGen: 321649K->576K(312960K)] 413803K->92802K(999936K), 0.0094950 secs] [Times: user=0.03 sys=0.00, real=0.01 secs] 
2014-07-16T07:36:53.007+0000: 488.227: [GC [PSYoungGen: 312958K->224K(304128K)] 405184K->92538K(991104K), 0.0067480 secs] [Times: user=0.01 sys=0.00, real=0.00 secs] 
2014-07-16T07:36:53.647+0000: 488.867: [GC [PSYoungGen: 304094K->192K(295872K)] 396409K->92562K(982848K), 0.0028160 secs] [Times: user=0.00 sys=0.00, real=0.00 secs] 
2014-07-16T07:36:54.281+0000: 489.501: [GC [PSYoungGen: 295872K->384K(288192K)] 388242K->92810K(975168K), 0.0074790 secs] [Times: user=0.03 sys=0.00, real=0.01 secs] 
2014-07-16T07:36:54.896+0000: 490.116: [GC [PSYoungGen: 288190K->370K(345792K)] 380617K->92820K(1032768K), 0.0108810 secs] [Times: user=0.04 sys=0.00, real=0.02 secs] 
2014-07-16T07:36:55.654+0000: 490.874: [GC [PSYoungGen: 345778K->128K(335680K)] 438228K->92594K(1022656K), 0.0039390 secs] [Times: user=0.01 sys=0.00, real=0.01 secs] 
2014-07-16T07:36:56.374+0000: 491.594: [GC [PSYoungGen: 335680K->352K(326464K)] 428146K->92858K(1013440K), 0.0083220 secs] [Times: user=0.03 sys=0.00, real=0.01 secs] 
2014-07-16T07:36:57.097+0000: 492.317: [GC [PSYoungGen: 326432K->256K(391552K)] 418938K->92810K(1078528K), 0.0085940 secs] [Times: user=0.03 sys=0.00, real=0.01 secs] 
2014-07-16T07:36:57.935+0000: 493.155: [GC [PSYoungGen: 391499K->374K(469952K)] 484053K->92976K(1156928K), 0.0144300 secs] [Times: user=0.05 sys=0.00, real=0.02 secs] 
2014-07-16T07:36:58.950+0000: 494.170: [GC [PSYoungGen: 469942K->128K(454592K)] 562544K->92746K(1141568K), 0.0039410 secs] [Times: user=0.01 sys=0.00, real=0.00 secs] 
2014-07-16T07:36:59.931+0000: 495.151: [GC [PSYoungGen: 454591K->676K(546112K)] 547210K->93334K(1233088K), 0.0168370 secs] [Times: user=0.06 sys=0.00, real=0.02 secs] 
2014-07-16T07:37:01.102+0000: 496.322: [GC [PSYoungGen: 546084K->708K(655296K)] 638742K->93454K(1342272K), 0.0199400 secs] [Times: user=0.06 sys=0.00, real=0.02 secs] 
2014-07-16T07:37:02.578+0000: 497.798: [GC [PSYoungGen: 655236K->256K(785728K)] 747982K->93236K(1472704K), 0.0085400 secs] [Times: user=0.03 sys=0.00, real=0.00 secs] 
2014-07-16T07:37:04.277+0000: 499.497: [GC [PSYoungGen: 785637K->488K(756416K)] 878617K->93572K(1443392K), 0.0058750 secs] [Times: user=0.01 sys=0.00, real=0.00 secs] 
2014-07-16T07:37:05.888+0000: 501.108: [GC [PSYoungGen: 756392K->256K(728000K)] 849476K->93436K(1414976K), 0.0087420 secs] [Times: user=0.01 sys=0.00, real=0.00 secs] 
2014-07-16T07:37:07.495+0000: 502.715: [GC [PSYoungGen: 728000K->370K(701312K)] 821180K->93574K(1388288K), 0.0079470 secs] [Times: user=0.02 sys=0.01, real=0.01 secs] 
2014-07-16T07:37:08.994+0000: 504.214: [GC [PSYoungGen: 701293K->484K(675840K)] 794497K->93752K(1362816K), 0.0109230 secs] [Times: user=0.04 sys=0.00, real=0.01 secs] 
2014-07-16T07:37:10.443+0000: 505.663: [GC [PSYoungGen: 675812K->384K(651328K)] 769080K->93700K(1338304K), 0.0068500 secs] [Times: user=0.02 sys=0.00, real=0.01 secs] 
2014-07-16T07:37:11.840+0000: 507.060: [GC [PSYoungGen: 651328K->320K(627968K)] 744644K->93756K(1314944K), 0.0148110 secs] [Times: user=0.06 sys=0.00, real=0.01 secs] 
2014-07-16T07:37:13.250+0000: 508.470: [GC [PSYoungGen: 627968K->740K(606208K)] 721404K->94384K(1293184K), 0.0095410 secs] [Times: user=0.01 sys=0.00, real=0.01 secs] 
2014-07-16T07:37:14.541+0000: 509.761: [GC [PSYoungGen: 606141K->256K(584512K)] 699786K->94012K(1271488K), 0.0071980 secs] [Times: user=0.02 sys=0.00, real=0.00 secs] 
2014-07-16T07:37:15.787+0000: 511.007: [GC [PSYoungGen: 584512K->224K(701376K)] 678268K->94052K(1388352K), 0.0360770 secs] [Times: user=0.13 sys=0.00, real=0.04 secs] 
2014-07-16T07:37:17.341+0000: 512.561: [GC [PSYoungGen: 701344K->544K(841920K)] 795172K->94436K(1528896K), 0.0065850 secs] [Times: user=0.01 sys=0.00, real=0.00 secs] 
2014-07-16T07:37:19.109+0000: 514.329: [GC [PSYoungGen: 841888K->694K(809856K)] 935780K->94642K(1496832K), 0.0071800 secs] [Times: user=0.01 sys=0.00, real=0.01 secs] 
2014-07-16T07:37:20.830+0000: 516.050: [GC [PSYoungGen: 809846K->576K(779072K)] 903794K->94596K(1466048K), 0.0064780 secs] [Times: user=0.01 sys=0.00, real=0.00 secs] 
2014-07-16T07:37:22.568+0000: 517.788: [GC [PSYoungGen: 779072K->676K(750016K)] 873092K->94832K(1436992K), 0.0056890 secs] [Times: user=0.02 sys=0.00, real=0.01 secs] 
2014-07-16T07:37:24.148+0000: 519.368: [GC [PSYoungGen: 749988K->288K(721792K)] 844144K->94596K(1408768K), 0.0157990 secs] [Times: user=0.04 sys=0.00, real=0.02 secs] 
2014-07-16T07:37:25.695+0000: 520.915: [GC [PSYoungGen: 721760K->640K(695552K)] 816068K->95052K(1382528K), 0.0094350 secs] [Times: user=0.03 sys=0.00, real=0.01 secs] 
2014-07-16T07:37:27.182+0000: 522.402: [GC [PSYoungGen: 695552K->288K(669888K)] 789964K->94764K(1356864K), 0.0095800 secs] [Times: user=0.03 sys=0.00, real=0.01 secs] 
2014-07-16T07:37:28.617+0000: 523.837: [GC [PSYoungGen: 669856K->224K(645696K)] 764332K->94724K(1332672K), 0.0062630 secs] [Times: user=0.02 sys=0.00, real=0.01 secs] 
2014-07-16T07:37:30.000+0000: 525.220: [GC [PSYoungGen: 645664K->160K(622592K)] 740164K->94708K(1309568K), 0.0043230 secs] [Times: user=0.01 sys=0.00, real=0.01 secs] 
2014-07-16T07:37:31.351+0000: 526.571: [GC [PSYoungGen: 622560K->658K(601152K)] 717108K->95318K(1288128K), 0.0113790 secs] [Times: user=0.04 sys=0.01, real=0.01 secs] 
2014-07-16T07:37:32.701+0000: 527.921: [GC [PSYoungGen: 601106K->758K(580224K)] 695766K->95538K(1267200K), 0.0103920 secs] [Times: user=0.04 sys=0.00, real=0.02 secs] 
2014-07-16T07:37:33.964+0000: 529.184: [GC [PSYoungGen: 580214K->818K(560256K)] 674994K->95742K(1247232K), 0.0077090 secs] [Times: user=0.01 sys=0.01, real=0.00 secs] 
2014-07-16T07:37:35.176+0000: 530.396: [GC [PSYoungGen: 560242K->416K(540736K)] 655166K->95436K(1227712K), 0.0082050 secs] [Times: user=0.03 sys=0.00, real=0.01 secs] 
2014-07-16T07:37:36.331+0000: 531.551: [GC [PSYoungGen: 540704K->608K(522688K)] 635724K->95700K(1209664K), 0.0062320 secs] [Times: user=0.02 sys=0.00, real=0.01 secs] 
2014-07-16T07:37:37.449+0000: 532.669: [GC [PSYoungGen: 522656K->512K(627008K)] 617748K->95644K(1313984K), 0.0336010 secs] [Times: user=0.12 sys=0.00, real=0.04 secs] 
2014-07-16T07:37:38.789+0000: 534.009: [GC [PSYoungGen: 626954K->338K(604736K)] 722087K->95510K(1291712K), 0.0040170 secs] [Times: user=0.01 sys=0.00, real=0.01 secs] 
2014-07-16T07:37:40.084+0000: 535.304: [GC [PSYoungGen: 604686K->630K(725888K)] 699859K->95874K(1412864K), 0.0188350 secs] [Times: user=0.07 sys=0.01, real=0.01 secs] 
2014-07-16T07:37:41.640+0000: 536.860: [GC [PSYoungGen: 725878K->466K(870848K)] 821122K->95806K(1557824K), 0.0140220 secs] [Times: user=0.05 sys=0.00, real=0.02 secs] 
2014-07-16T07:37:43.561+0000: 538.781: [GC [PSYoungGen: 870765K->808K(837632K)] 966105K->96260K(1524608K), 0.0057290 secs] [Times: user=0.01 sys=0.00, real=0.01 secs] 
2014-07-16T07:37:45.345+0000: 540.565: [GC [PSYoungGen: 837608K->324K(805248K)] 933060K->95920K(1492224K), 0.0033700 secs] [Times: user=0.01 sys=0.00, real=0.00 secs] 
2014-07-16T07:37:47.066+0000: 542.286: [GC [PSYoungGen: 805143K->488K(774912K)] 900740K->96140K(1461888K), 0.0072550 secs] [Times: user=0.03 sys=0.00, real=0.00 secs] 
2014-07-16T07:37:48.727+0000: 543.947: [GC [PSYoungGen: 774888K->128K(745536K)] 870540K->95836K(1432512K), 0.0108870 secs] [Times: user=0.04 sys=0.00, real=0.01 secs] 
2014-07-16T07:37:50.312+0000: 545.532: [GC [PSYoungGen: 745536K->516K(718336K)] 841244K->96288K(1405312K), 0.0075470 secs] [Times: user=0.02 sys=0.00, real=0.01 secs] 
2014-07-16T07:37:51.854+0000: 547.074: [GC [PSYoungGen: 718268K->680K(692096K)] 814040K->96604K(1379072K), 0.0072730 secs] [Times: user=0.03 sys=0.00, real=0.00 secs] 
2014-07-16T07:37:53.484+0000: 548.704: [GC [PSYoungGen: 692072K->484K(666752K)] 787996K->96520K(1353728K), 0.0035890 secs] [Times: user=0.01 sys=0.00, real=0.01 secs] 
2014-07-16T07:37:54.914+0000: 550.134: [GC [PSYoungGen: 666722K->672K(642944K)] 762758K->96844K(1329920K), 0.0095590 secs] [Times: user=0.02 sys=0.00, real=0.01 secs] 
2014-07-16T07:37:56.278+0000: 551.498: [GC [PSYoungGen: 642896K->256K(619584K)] 739069K->96468K(1306560K), 0.0046050 secs] [Times: user=0.01 sys=0.00, real=0.00 secs] 
2014-07-16T07:37:57.601+0000: 552.821: [GC [PSYoungGen: 619540K->370K(597888K)] 715752K->96630K(1284864K), 0.0041690 secs] [Times: user=0.01 sys=0.00, real=0.01 secs] 
2014-07-16T07:37:58.948+0000: 554.168: [GC [PSYoungGen: 597874K->224K(576896K)] 694134K->96532K(1263872K), 0.0033510 secs] [Times: user=0.01 sys=0.00, real=0.00 secs] 
2014-07-16T07:38:00.177+0000: 555.397: [GC [PSYoungGen: 576864K->498K(557248K)] 673172K->96902K(1244224K), 0.0223400 secs] [Times: user=0.07 sys=0.01, real=0.02 secs] 
2014-07-16T07:38:01.370+0000: 556.590: [GC [PSYoungGen: 557234K->288K(538048K)] 653638K->96788K(1225024K), 0.0039180 secs] [Times: user=0.01 sys=0.01, real=0.00 secs] 
2014-07-16T07:38:02.523+0000: 557.743: [GC [PSYoungGen: 538016K->256K(519872K)] 634516K->96836K(1206848K), 0.0121850 secs] [Times: user=0.04 sys=0.00, real=0.01 secs] 
2014-07-16T07:38:03.689+0000: 558.909: [GC [PSYoungGen: 519872K->288K(623872K)] 616452K->96924K(1310848K), 0.0308480 secs] [Times: user=0.11 sys=0.00, real=0.03 secs] 
2014-07-16T07:38:05.015+0000: 560.235: [GC [PSYoungGen: 623840K->256K(748544K)] 720476K->96972K(1435520K), 0.0073080 secs] [Times: user=0.01 sys=0.00, real=0.01 secs] 
2014-07-16T07:38:06.616+0000: 561.836: [GC [PSYoungGen: 748505K->420K(720960K)] 845222K->97208K(1407936K), 0.0053810 secs] [Times: user=0.02 sys=0.00, real=0.01 secs] 
2014-07-16T07:38:08.229+0000: 563.448: [GC [PSYoungGen: 720932K->786K(694848K)] 817720K->97638K(1381824K), 0.0142340 secs] [Times: user=0.05 sys=0.00, real=0.01 secs] 
2014-07-16T07:38:09.686+0000: 564.906: [GC [PSYoungGen: 694802K->306K(669056K)] 791654K->97206K(1356032K), 0.0071130 secs] [Times: user=0.01 sys=0.00, real=0.01 secs] 
2014-07-16T07:38:11.122+0000: 566.342: [GC [PSYoungGen: 669042K->370K(644992K)] 765942K->97350K(1331968K), 0.0052720 secs] [Times: user=0.02 sys=0.00, real=0.01 secs] 
2014-07-16T07:38:12.505+0000: 567.725: [GC [PSYoungGen: 644978K->434K(622080K)] 741958K->97518K(1309056K), 0.0134650 secs] [Times: user=0.05 sys=0.00, real=0.02 secs] 
2014-07-16T07:38:13.857+0000: 569.077: [GC [PSYoungGen: 622066K->320K(600000K)] 719150K->97492K(1286976K), 0.0089550 secs] [Times: user=0.03 sys=0.00, real=0.01 secs] 
2014-07-16T07:38:15.136+0000: 570.356: [GC [PSYoungGen: 600000K->402K(579200K)] 697172K->97694K(1266176K), 0.0033240 secs] [Times: user=0.01 sys=0.00, real=0.01 secs] 
2014-07-16T07:38:16.372+0000: 571.592: [GC [PSYoungGen: 579154K->192K(558976K)] 676446K->97516K(1245952K), 0.0062180 secs] [Times: user=0.00 sys=0.00, real=0.01 secs] 
2014-07-16T07:38:17.576+0000: 572.796: [GC [PSYoungGen: 558962K->630K(540352K)] 656287K->97994K(1227328K), 0.0084790 secs] [Times: user=0.03 sys=0.01, real=0.01 secs] 
2014-07-16T07:38:18.727+0000: 573.947: [GC [PSYoungGen: 540342K->192K(521664K)] 637706K->97580K(1208640K), 0.0096600 secs] [Times: user=0.03 sys=0.00, real=0.01 secs] 
2014-07-16T07:38:19.844+0000: 575.064: [GC [PSYoungGen: 521664K->520K(504640K)] 619052K->97964K(1191616K), 0.0054730 secs] [Times: user=0.01 sys=0.00, real=0.01 secs] 
2014-07-16T07:38:20.927+0000: 576.147: [GC [PSYoungGen: 504584K->288K(487744K)] 602028K->97836K(1174720K), 0.0060240 secs] [Times: user=0.02 sys=0.00, real=0.01 secs] 
2014-07-16T07:38:21.989+0000: 577.209: [GC [PSYoungGen: 487712K->384K(471872K)] 585260K->98012K(1158848K), 0.0206250 secs] [Times: user=0.07 sys=0.00, real=0.03 secs] 
2014-07-16T07:38:23.024+0000: 578.244: [GC [PSYoungGen: 471872K->758K(457024K)] 569500K->98946K(1144000K), 0.0043330 secs] [Times: user=0.02 sys=0.00, real=0.00 secs] 
2014-07-16T07:38:24.000+0000: 579.220: [GC [PSYoungGen: 457014K->438K(442176K)] 555202K->98746K(1129152K), 0.0054500 secs] [Times: user=0.01 sys=0.00, real=0.00 secs] 
2014-07-16T07:38:24.936+0000: 580.156: [GC [PSYoungGen: 442076K->392K(428288K)] 540384K->98892K(1115264K), 0.0123730 secs] [Times: user=0.04 sys=0.00, real=0.01 secs] 
2014-07-16T07:38:25.897+0000: 581.117: [GC [PSYoungGen: 428232K->918K(415488K)] 526732K->99506K(1102464K), 0.0099290 secs] [Times: user=0.03 sys=0.00, real=0.01 secs] 
2014-07-16T07:38:26.756+0000: 581.976: [GC [PSYoungGen: 415444K->192K(497664K)] 514033K->98852K(1184640K), 0.0116510 secs] [Times: user=0.04 sys=0.01, real=0.01 secs] 
2014-07-16T07:38:27.823+0000: 583.043: [GC [PSYoungGen: 497622K->790K(481920K)] 596283K->99498K(1168896K), 0.0044120 secs] [Times: user=0.01 sys=0.00, real=0.00 secs] 
2014-07-16T07:38:28.862+0000: 584.082: [GC [PSYoungGen: 481792K->306K(465792K)] 580501K->99038K(1152768K), 0.0050290 secs] [Times: user=0.01 sys=0.00, real=0.00 secs] 
2014-07-16T07:38:29.864+0000: 585.084: [GC [PSYoungGen: 465778K->690K(451200K)] 564510K->99510K(1138176K), 0.0089880 secs] [Times: user=0.03 sys=0.00, real=0.01 secs] 
2014-07-16T07:38:30.827+0000: 586.047: [GC [PSYoungGen: 451167K->256K(436480K)] 549988K->99172K(1123456K), 0.0065220 secs] [Times: user=0.02 sys=0.00, real=0.01 secs] 
2014-07-16T07:38:31.788+0000: 587.008: [GC [PSYoungGen: 436480K->740K(423296K)] 535396K->99712K(1110272K), 0.0052890 secs] [Times: user=0.01 sys=0.00, real=0.01 secs] 
2014-07-16T07:38:32.687+0000: 587.907: [GC [PSYoungGen: 423268K->416K(409856K)] 522240K->99468K(1096832K), 0.0094800 secs] [Times: user=0.03 sys=0.00, real=0.01 secs] 
2014-07-16T07:38:33.642+0000: 588.862: [GC [PSYoungGen: 409824K->644K(397568K)] 508876K->99752K(1084544K), 0.0055780 secs] [Times: user=0.01 sys=0.01, real=0.00 secs] 
2014-07-16T07:38:34.437+0000: 589.657: [GC [PSYoungGen: 397490K->178K(385088K)] 496599K->99358K(1072064K), 0.0065340 secs] [Times: user=0.00 sys=0.00, real=0.01 secs] 
2014-07-16T07:38:35.273+0000: 590.493: [GC [PSYoungGen: 385074K->648K(374080K)] 484254K->99876K(1061056K), 0.0140730 secs] [Times: user=0.06 sys=0.00, real=0.01 secs] 
2014-07-16T07:38:36.077+0000: 591.297: [GC [PSYoungGen: 374024K->448K(448512K)] 473252K->99708K(1135488K), 0.0110470 secs] [Times: user=0.04 sys=0.00, real=0.01 secs] 
2014-07-16T07:38:37.040+0000: 592.260: [GC [PSYoungGen: 448512K->608K(434496K)] 547772K->99924K(1121472K), 0.0035830 secs] [Times: user=0.00 sys=0.00, real=0.01 secs] 
2014-07-16T07:38:37.984+0000: 593.204: [GC [PSYoungGen: 434464K->722K(521408K)] 533780K->100102K(1208384K), 0.0207510 secs] [Times: user=0.06 sys=0.00, real=0.02 secs] 
2014-07-16T07:38:39.106+0000: 594.326: [GC [PSYoungGen: 521306K->384K(625152K)] 620686K->99804K(1312128K), 0.0050640 secs] [Times: user=0.01 sys=0.00, real=0.00 secs] 
2014-07-16T07:38:40.455+0000: 595.675: [GC [PSYoungGen: 625099K->438K(603136K)] 724520K->99930K(1290112K), 0.0050950 secs] [Times: user=0.01 sys=0.00, real=0.00 secs] 
2014-07-16T07:38:41.749+0000: 596.969: [GC [PSYoungGen: 603126K->530K(582208K)] 702618K->100166K(1269184K), 0.0108460 secs] [Times: user=0.04 sys=0.00, real=0.01 secs] 
2014-07-16T07:38:42.998+0000: 598.218: [GC [PSYoungGen: 582137K->534K(562112K)] 681773K->100250K(1249088K), 0.0051660 secs] [Times: user=0.01 sys=0.00, real=0.01 secs] 
2014-07-16T07:38:44.198+0000: 599.418: [GC [PSYoungGen: 562070K->598K(542976K)] 661786K->100386K(1229952K), 0.0137940 secs] [Times: user=0.05 sys=0.00, real=0.02 secs] 
2014-07-16T07:38:45.362+0000: 600.582: [GC [PSYoungGen: 542881K->338K(524352K)] 642670K->100190K(1211328K), 0.0116750 secs] [Times: user=0.03 sys=0.00, real=0.02 secs] 
2014-07-16T07:38:46.489+0000: 601.709: [GC [PSYoungGen: 524306K->288K(506752K)] 624158K->100196K(1193728K), 0.0060560 secs] [Times: user=0.03 sys=0.00, real=0.01 secs] 
2014-07-16T07:38:47.586+0000: 602.806: [GC [PSYoungGen: 506720K->544K(490240K)] 606628K->100500K(1177216K), 0.0059520 secs] [Times: user=0.02 sys=0.00, real=0.00 secs] 
2014-07-16T07:38:48.629+0000: 603.849: [GC [PSYoungGen: 490208K->352K(474048K)] 590164K->100340K(1161024K), 0.0047200 secs] [Times: user=0.01 sys=0.00, real=0.01 secs] 
2014-07-16T07:38:49.644+0000: 604.864: [GC [PSYoungGen: 474016K->758K(569216K)] 574004K->100786K(1256192K), 0.0240290 secs] [Times: user=0.08 sys=0.00, real=0.02 secs] 
2014-07-16T07:38:50.857+0000: 606.077: [GC [PSYoungGen: 569206K->320K(549248K)] 669234K->100452K(1236224K), 0.0065200 secs] [Times: user=0.02 sys=0.00, real=0.01 secs] 
2014-07-16T07:38:52.033+0000: 607.253: [GC [PSYoungGen: 549248K->484K(530816K)] 649380K->100688K(1217792K), 0.0143940 secs] [Times: user=0.05 sys=0.00, real=0.02 secs] 
2014-07-16T07:38:53.171+0000: 608.390: [GC [PSYoungGen: 530788K->256K(512768K)] 630992K->100556K(1199744K), 0.0075410 secs] [Times: user=0.02 sys=0.00, real=0.01 secs] 
2014-07-16T07:38:54.303+0000: 609.523: [GC [PSYoungGen: 512768K->480K(496000K)] 613068K->100852K(1182976K), 0.0030760 secs] [Times: user=0.01 sys=0.00, real=0.01 secs] 
2014-07-16T07:38:55.359+0000: 610.579: [GC [PSYoungGen: 495968K->594K(479872K)] 596340K->101054K(1166848K), 0.0090380 secs] [Times: user=0.03 sys=0.00, real=0.01 secs] 
2014-07-16T07:38:56.383+0000: 611.602: [GC [PSYoungGen: 479826K->872K(464576K)] 580286K->101396K(1151552K), 0.0085010 secs] [Times: user=0.03 sys=0.00, real=0.01 secs] 
2014-07-16T07:38:57.368+0000: 612.588: [GC [PSYoungGen: 464552K->192K(556608K)] 565076K->100748K(1243584K), 0.0326380 secs] [Times: user=0.11 sys=0.00, real=0.03 secs] 
2014-07-16T07:38:58.551+0000: 613.771: [GC [PSYoungGen: 556608K->338K(668096K)] 657164K->100926K(1355072K), 0.0128510 secs] [Times: user=0.04 sys=0.00, real=0.01 secs] 
2014-07-16T07:39:00.063+0000: 615.283: [GC [PSYoungGen: 668050K->690K(801984K)] 768638K->101334K(1488960K), 0.0135040 secs] [Times: user=0.05 sys=0.00, real=0.02 secs] 
2014-07-16T07:39:01.777+0000: 616.997: [GC [PSYoungGen: 801922K->502K(771520K)] 902566K->101298K(1458496K), 0.0050170 secs] [Times: user=0.02 sys=0.00, real=0.00 secs] 
2014-07-16T07:39:03.426+0000: 618.646: [GC [PSYoungGen: 771510K->672K(742848K)] 872306K->101596K(1429824K), 0.0038970 secs] [Times: user=0.01 sys=0.01, real=0.00 secs] 
2014-07-16T07:39:05.085+0000: 620.305: [GC [PSYoungGen: 742816K->776K(715456K)] 843740K->101796K(1402432K), 0.0068260 secs] [Times: user=0.01 sys=0.00, real=0.01 secs] 
2014-07-16T07:39:06.610+0000: 621.830: [GC [PSYoungGen: 715400K->352K(688768K)] 816420K->101476K(1375744K), 0.0098170 secs] [Times: user=0.03 sys=0.00, real=0.01 secs] 
2014-07-16T07:39:08.129+0000: 623.349: [GC [PSYoungGen: 688736K->594K(664000K)] 789860K->101774K(1350976K), 0.0030960 secs] [Times: user=0.01 sys=0.00, real=0.00 secs] 
2014-07-16T07:39:09.583+0000: 624.803: [GC [PSYoungGen: 663954K->694K(640192K)] 765134K->101954K(1327168K), 0.0042170 secs] [Times: user=0.01 sys=0.00, real=0.01 secs] 
2014-07-16T07:39:10.952+0000: 626.172: [GC [PSYoungGen: 640182K->630K(617344K)] 741442K->102010K(1304320K), 0.0113390 secs] [Times: user=0.03 sys=0.00, real=0.01 secs] 
2014-07-16T07:39:12.277+0000: 627.497: [GC [PSYoungGen: 617334K->224K(595264K)] 718714K->101668K(1282240K), 0.0042460 secs] [Times: user=0.01 sys=0.01, real=0.01 secs] 
2014-07-16T07:39:13.553+0000: 628.773: [GC [PSYoungGen: 595232K->306K(574592K)] 696676K->101830K(1261568K), 0.0057030 secs] [Times: user=0.02 sys=0.00, real=0.01 secs] 
2014-07-16T07:39:14.781+0000: 630.001: [GC [PSYoungGen: 574578K->480K(555008K)] 676102K->102084K(1241984K), 0.0133840 secs] [Times: user=0.04 sys=0.00, real=0.01 secs] 
2014-07-16T07:39:15.993+0000: 631.213: [GC [PSYoungGen: 554908K->730K(536384K)] 656512K->102430K(1223360K), 0.0134670 secs] [Times: user=0.05 sys=0.00, real=0.02 secs] 
2014-07-16T07:39:17.165+0000: 632.385: [GC [PSYoungGen: 536346K->608K(518208K)] 638046K->102380K(1205184K), 0.0039440 secs] [Times: user=0.01 sys=0.00, real=0.01 secs] 
2014-07-16T07:39:18.251+0000: 633.471: [GC [PSYoungGen: 518142K->460K(500864K)] 619914K->102256K(1187840K), 0.0065660 secs] [Times: user=0.01 sys=0.00, real=0.00 secs] 
2014-07-16T07:39:19.358+0000: 634.578: [GC [PSYoungGen: 500812K->370K(484224K)] 602608K->102190K(1171200K), 0.0143990 secs] [Times: user=0.05 sys=0.00, real=0.02 secs] 
2014-07-16T07:39:20.363+0000: 635.583: [GC [PSYoungGen: 484210K->456K(468608K)] 586030K->102364K(1155584K), 0.0129020 secs] [Times: user=0.04 sys=0.00, real=0.01 secs] 
2014-07-16T07:39:21.370+0000: 636.590: [GC [PSYoungGen: 468552K->324K(453440K)] 570460K->102296K(1140416K), 0.0050020 secs] [Times: user=0.01 sys=0.00, real=0.00 secs] 
2014-07-16T07:39:22.346+0000: 637.566: [GC [PSYoungGen: 453380K->384K(439040K)] 555352K->102404K(1126016K), 0.0047790 secs] [Times: user=0.01 sys=0.00, real=0.01 secs] 
2014-07-16T07:39:23.292+0000: 638.512: [GC [PSYoungGen: 439040K->160K(425088K)] 541060K->102244K(1112064K), 0.0098600 secs] [Times: user=0.04 sys=0.00, real=0.01 secs] 
2014-07-16T07:39:24.211+0000: 639.431: [GC [PSYoungGen: 425056K->288K(412032K)] 527140K->102436K(1099008K), 0.0092240 secs] [Times: user=0.04 sys=0.00, real=0.01 secs] 
2014-07-16T07:39:25.118+0000: 640.338: [GC [PSYoungGen: 411958K->320K(399424K)] 514107K->102508K(1086400K), 0.0097670 secs] [Times: user=0.03 sys=0.00, real=0.01 secs] 
2014-07-16T07:39:25.965+0000: 641.185: [GC [PSYoungGen: 399423K->320K(387328K)] 501611K->102596K(1074304K), 0.0041160 secs] [Times: user=0.01 sys=0.00, real=0.01 secs] 
2014-07-16T07:39:26.790+0000: 642.010: [GC [PSYoungGen: 387328K->274K(375744K)] 489604K->102582K(1062720K), 0.0074580 secs] [Times: user=0.03 sys=0.00, real=0.00 secs] 
2014-07-16T07:39:27.598+0000: 642.818: [GC [PSYoungGen: 375696K->352K(364736K)] 478005K->102700K(1051712K), 0.0088120 secs] [Times: user=0.03 sys=0.00, real=0.01 secs] 
2014-07-16T07:39:28.378+0000: 643.598: [GC [PSYoungGen: 364702K->548K(354304K)] 467050K->102920K(1041280K), 0.0036430 secs] [Times: user=0.01 sys=0.00, real=0.01 secs] 
2014-07-16T07:39:29.129+0000: 644.349: [GC [PSYoungGen: 354276K->288K(343872K)] 456648K->102684K(1030848K), 0.0039360 secs] [Times: user=0.01 sys=0.00, real=0.00 secs] 
2014-07-16T07:39:29.862+0000: 645.082: [GC [PSYoungGen: 343840K->434K(334208K)] 446236K->102902K(1021184K), 0.0122120 secs] [Times: user=0.05 sys=0.00, real=0.01 secs] 
2014-07-16T07:39:30.586+0000: 645.806: [GC [PSYoungGen: 334187K->512K(324864K)] 436656K->103108K(1011840K), 0.0064450 secs] [Times: user=0.02 sys=0.00, real=0.01 secs] 
2014-07-16T07:39:31.303+0000: 646.523: [GC [PSYoungGen: 324811K->616K(315968K)] 427407K->103372K(1002944K), 0.0056330 secs] [Times: user=0.03 sys=0.00, real=0.00 secs] 
2014-07-16T07:39:31.950+0000: 647.170: [GC [PSYoungGen: 315944K->288K(307008K)] 418700K->103108K(993984K), 0.0038490 secs] [Times: user=0.00 sys=0.01, real=0.00 secs] 
2014-07-16T07:39:32.611+0000: 647.831: [GC [PSYoungGen: 306955K->452K(298880K)] 409775K->103360K(985856K), 0.0040530 secs] [Times: user=0.00 sys=0.00, real=0.00 secs] 
2014-07-16T07:39:33.251+0000: 648.471: [GC [PSYoungGen: 298814K->416K(290816K)] 401722K->103348K(977792K), 0.0094810 secs] [Times: user=0.03 sys=0.00, real=0.01 secs] 
2014-07-16T07:39:33.874+0000: 649.094: [GC [PSYoungGen: 290784K->192K(282880K)] 393716K->103148K(969856K), 0.0036190 secs] [Times: user=0.01 sys=0.00, real=0.00 secs] 
2014-07-16T07:39:34.589+0000: 649.809: [GC [PSYoungGen: 282880K->808K(276160K)] 385836K->104252K(963136K), 0.0107400 secs] [Times: user=0.03 sys=0.00, real=0.02 secs] 
2014-07-16T07:39:35.114+0000: 650.334: [GC [PSYoungGen: 276136K->672K(331136K)] 379580K->104164K(1018112K), 0.0114720 secs] [Times: user=0.03 sys=0.00, real=0.01 secs] 
2014-07-16T07:39:35.820+0000: 651.040: [GC [PSYoungGen: 331104K->480K(397056K)] 434596K->104140K(1084032K), 0.0468400 secs] [Times: user=0.17 sys=0.00, real=0.05 secs] 
2014-07-16T07:39:36.666+0000: 651.886: [GC [PSYoungGen: 397024K->306K(476224K)] 500684K->103998K(1163200K), 0.0044860 secs] [Times: user=0.01 sys=0.00, real=0.01 secs] 
2014-07-16T07:39:37.699+0000: 652.919: [GC [PSYoungGen: 476210K->648K(571840K)] 579902K->104380K(1258816K), 0.0108170 secs] [Times: user=0.04 sys=0.00, real=0.02 secs] 
2014-07-16T07:39:38.915+0000: 654.135: [GC [PSYoungGen: 571784K->224K(685632K)] 675516K->103988K(1372608K), 0.0064770 secs] [Times: user=0.01 sys=0.00, real=0.01 secs] 
2014-07-16T07:39:40.380+0000: 655.600: [GC [PSYoungGen: 685598K->502K(822976K)] 789363K->104298K(1509952K), 0.0056720 secs] [Times: user=0.01 sys=0.00, real=0.01 secs] 
2014-07-16T07:39:42.139+0000: 657.359: [GC [PSYoungGen: 822966K->608K(791808K)] 926762K->104532K(1478784K), 0.0033830 secs] [Times: user=0.01 sys=0.01, real=0.01 secs] 
2014-07-16T07:39:43.840+0000: 659.060: [GC [PSYoungGen: 791776K->288K(761664K)] 895700K->104300K(1448640K), 0.0100680 secs] [Times: user=0.03 sys=0.01, real=0.01 secs] 
2014-07-16T07:39:45.480+0000: 660.700: [GC [PSYoungGen: 761632K->320K(733248K)] 865644K->104420K(1420224K), 0.0034000 secs] [Times: user=0.01 sys=0.00, real=0.01 secs] 
2014-07-16T07:39:47.047+0000: 662.267: [GC [PSYoungGen: 733228K->534K(706432K)] 837329K->104730K(1393408K), 0.0034440 secs] [Times: user=0.00 sys=0.00, real=0.00 secs] 
2014-07-16T07:39:48.612+0000: 663.831: [GC [PSYoungGen: 706390K->840K(680960K)] 810586K->105092K(1367936K), 0.0041420 secs] [Times: user=0.01 sys=0.00, real=0.01 secs] 
2014-07-16T07:39:50.020+0000: 665.240: [GC [PSYoungGen: 680904K->480K(655936K)] 785156K->104812K(1342912K), 0.0191440 secs] [Times: user=0.06 sys=0.00, real=0.02 secs] 
2014-07-16T07:39:51.428+0000: 666.648: [GC [PSYoungGen: 655904K->288K(632256K)] 760236K->104748K(1319232K), 0.0032800 secs] [Times: user=0.01 sys=0.00, real=0.00 secs] 
2014-07-16T07:39:52.773+0000: 667.993: [GC [PSYoungGen: 632224K->498K(610048K)] 736684K->105078K(1297024K), 0.0083320 secs] [Times: user=0.03 sys=0.00, real=0.01 secs] 
2014-07-16T07:39:54.087+0000: 669.307: [GC [PSYoungGen: 609941K->530K(588736K)] 714521K->105182K(1275712K), 0.0107600 secs] [Times: user=0.04 sys=0.00, real=0.01 secs] 
2014-07-16T07:39:55.384+0000: 670.604: [GC [PSYoungGen: 588690K->616K(568384K)] 693342K->105316K(1255360K), 0.0052900 secs] [Times: user=0.01 sys=0.00, real=0.00 secs] 
2014-07-16T07:39:56.595+0000: 671.815: [GC [PSYoungGen: 568360K->512K(548736K)] 673060K->105316K(1235712K), 0.0082810 secs] [Times: user=0.02 sys=0.00, real=0.01 secs] 
2014-07-16T07:39:57.781+0000: 673.001: [GC [PSYoungGen: 548736K->320K(529920K)] 653540K->105156K(1216896K), 0.0068850 secs] [Times: user=0.02 sys=0.00, real=0.01 secs] 
2014-07-16T07:39:58.923+0000: 674.143: [GC [PSYoungGen: 529920K->576K(512384K)] 634756K->105452K(1199360K), 0.0049240 secs] [Times: user=0.01 sys=0.00, real=0.01 secs] 
2014-07-16T07:40:00.064+0000: 675.284: [GC [PSYoungGen: 512384K->744K(495616K)] 617260K->105652K(1182592K), 0.0069080 secs] [Times: user=0.01 sys=0.00, real=0.00 secs] 
2014-07-16T07:40:01.117+0000: 676.337: [GC [PSYoungGen: 495592K->384K(478976K)] 600500K->105436K(1165952K), 0.0187030 secs] [Times: user=0.06 sys=0.00, real=0.02 secs] 
2014-07-16T07:40:02.144+0000: 677.364: [GC [PSYoungGen: 478976K->434K(463488K)] 584028K->105542K(1150464K), 0.0056430 secs] [Times: user=0.01 sys=0.00, real=0.00 secs] 
2014-07-16T07:40:03.132+0000: 678.352: [GC [PSYoungGen: 463474K->128K(448320K)] 568582K->105300K(1135296K), 0.0033180 secs] [Times: user=0.00 sys=0.01, real=0.01 secs] 
2014-07-16T07:40:04.113+0000: 679.333: [GC [PSYoungGen: 448320K->288K(434304K)] 553492K->105508K(1121280K), 0.0068130 secs] [Times: user=0.02 sys=0.00, real=0.01 secs] 
2014-07-16T07:40:05.087+0000: 680.307: [GC [PSYoungGen: 434269K->580K(421056K)] 539490K->105856K(1108032K), 0.0088630 secs] [Times: user=0.04 sys=0.00, real=0.01 secs] 
2014-07-16T07:40:05.986+0000: 681.206: [GC [PSYoungGen: 420996K->822K(505344K)] 526272K->106154K(1192320K), 0.0187060 secs] [Times: user=0.07 sys=0.00, real=0.01 secs] 
2014-07-16T07:40:07.082+0000: 682.302: [GC [PSYoungGen: 505334K->370K(488256K)] 610666K->105750K(1175232K), 0.0041160 secs] [Times: user=0.01 sys=0.00, real=0.01 secs] 
2014-07-16T07:40:08.141+0000: 683.361: [GC [PSYoungGen: 488225K->416K(472384K)] 593606K->105852K(1159360K), 0.0059500 secs] [Times: user=0.01 sys=0.01, real=0.01 secs] 
2014-07-16T07:40:09.147+0000: 684.367: [GC [PSYoungGen: 472286K->416K(457152K)] 577723K->105916K(1144128K), 0.0036890 secs] [Times: user=0.01 sys=0.00, real=0.00 secs] 
2014-07-16T07:40:10.177+0000: 685.397: [GC [PSYoungGen: 457120K->484K(442624K)] 562620K->106056K(1129600K), 0.0056330 secs] [Times: user=0.02 sys=0.00, real=0.00 secs] 
2014-07-16T07:40:11.112+0000: 686.332: [GC [PSYoungGen: 442596K->320K(428480K)] 548168K->106036K(1115456K), 0.0097520 secs] [Times: user=0.03 sys=0.00, real=0.01 secs] 
2014-07-16T07:40:12.040+0000: 687.260: [GC [PSYoungGen: 428480K->818K(514624K)] 534196K->106630K(1201600K), 0.0250990 secs] [Times: user=0.09 sys=0.00, real=0.02 secs] 
2014-07-16T07:40:13.156+0000: 688.376: [GC [PSYoungGen: 514610K->402K(617024K)] 620422K->106278K(1304000K), 0.0067040 secs] [Times: user=0.01 sys=0.00, real=0.00 secs] 
2014-07-16T07:40:14.470+0000: 689.689: [GC [PSYoungGen: 616978K->612K(740544K)] 722854K->106552K(1427520K), 0.0279710 secs] [Times: user=0.10 sys=0.00, real=0.03 secs] 
2014-07-16T07:40:16.060+0000: 691.280: [GC [PSYoungGen: 740516K->416K(888384K)] 846456K->106420K(1575360K), 0.0066230 secs] [Times: user=0.03 sys=0.01, real=0.01 secs] 
2014-07-16T07:40:17.989+0000: 693.209: [GC [PSYoungGen: 888293K->416K(854016K)] 994298K->106508K(1540992K), 0.0091890 secs] [Times: user=0.03 sys=0.00, real=0.01 secs] 
2014-07-16T07:40:19.858+0000: 695.078: [GC [PSYoungGen: 853984K->868K(821696K)] 960076K->107224K(1508672K), 0.0150740 secs] [Times: user=0.06 sys=0.00, real=0.01 secs] 
2014-07-16T07:40:21.586+0000: 696.806: [GC [PSYoungGen: 821668K->676K(790272K)] 928024K->107144K(1477248K), 0.0079800 secs] [Times: user=0.03 sys=0.00, real=0.01 secs] 
2014-07-16T07:40:23.270+0000: 698.490: [GC [PSYoungGen: 790244K->552K(760384K)] 896712K->107204K(1447360K), 0.0056010 secs] [Times: user=0.02 sys=0.00, real=0.00 secs] 
2014-07-16T07:40:24.897+0000: 700.117: [GC [PSYoungGen: 760360K->416K(731904K)] 867012K->107140K(1418880K), 0.0193540 secs] [Times: user=0.06 sys=0.00, real=0.02 secs] 
2014-07-16T07:40:26.487+0000: 701.707: [GC [PSYoungGen: 731872K->416K(704896K)] 838596K->107204K(1391872K), 0.0157610 secs] [Times: user=0.06 sys=0.00, real=0.02 secs] 
2014-07-16T07:40:27.973+0000: 703.193: [GC [PSYoungGen: 704765K->356K(679104K)] 811553K->107224K(1366080K), 0.0042800 secs] [Times: user=0.01 sys=0.00, real=0.00 secs] 
2014-07-16T07:40:29.423+0000: 704.643: [GC [PSYoungGen: 679076K->544K(654720K)] 785944K->107492K(1341696K), 0.0080970 secs] [Times: user=0.03 sys=0.00, real=0.01 secs] 
2014-07-16T07:40:30.843+0000: 706.063: [GC [PSYoungGen: 654602K->762K(631488K)] 761551K->107790K(1318464K), 0.0171980 secs] [Times: user=0.06 sys=0.00, real=0.02 secs] 
2014-07-16T07:40:32.192+0000: 707.412: [GC [PSYoungGen: 631482K->192K(608576K)] 738510K->107348K(1295552K), 0.0050250 secs] [Times: user=0.01 sys=0.00, real=0.00 secs] 
2014-07-16T07:40:33.525+0000: 708.745: [GC [PSYoungGen: 608572K->530K(587648K)] 715728K->107782K(1274624K), 0.0102850 secs] [Times: user=0.03 sys=0.00, real=0.01 secs] 
2014-07-16T07:40:34.771+0000: 709.991: [GC [PSYoungGen: 587602K->448K(567168K)] 694854K->107764K(1254144K), 0.0048760 secs] [Times: user=0.01 sys=0.00, real=0.00 secs] 
2014-07-16T07:40:35.986+0000: 711.206: [GC [PSYoungGen: 567168K->320K(547584K)] 674484K->107692K(1234560K), 0.0043130 secs] [Times: user=0.01 sys=0.01, real=0.01 secs] 
2014-07-16T07:40:37.157+0000: 712.377: [GC [PSYoungGen: 547584K->342K(529088K)] 654956K->107778K(1216064K), 0.0081410 secs] [Times: user=0.03 sys=0.00, real=0.01 secs] 
2014-07-16T07:40:38.294+0000: 713.514: [GC [PSYoungGen: 529033K->352K(511360K)] 636469K->107828K(1198336K), 0.0055140 secs] [Times: user=0.02 sys=0.00, real=0.00 secs] 
2014-07-16T07:40:39.402+0000: 714.621: [GC [PSYoungGen: 511328K->676K(494720K)] 618804K->108200K(1181696K), 0.0118610 secs] [Times: user=0.04 sys=0.00, real=0.01 secs] 
2014-07-16T07:40:40.448+0000: 715.668: [GC [PSYoungGen: 494692K->384K(478208K)] 602216K->107988K(1165184K), 0.0042170 secs] [Times: user=0.01 sys=0.00, real=0.01 secs] 
2014-07-16T07:40:41.483+0000: 716.703: [GC [PSYoungGen: 478208K->480K(573952K)] 585812K->108196K(1260928K), 0.0253690 secs] [Times: user=0.09 sys=0.00, real=0.02 secs] 
2014-07-16T07:40:42.715+0000: 717.935: [GC [PSYoungGen: 573920K->192K(553856K)] 681636K->108004K(1240832K), 0.0079530 secs] [Times: user=0.03 sys=0.00, real=0.01 secs] 
2014-07-16T07:40:43.905+0000: 719.125: [GC [PSYoungGen: 553856K->256K(535040K)] 661668K->108124K(1222016K), 0.0067500 secs] [Times: user=0.01 sys=0.00, real=0.01 secs] 
2014-07-16T07:40:45.063+0000: 720.283: [GC [PSYoungGen: 535040K->352K(517184K)] 642908K->108284K(1204160K), 0.0082540 secs] [Times: user=0.03 sys=0.00, real=0.01 secs] 
2014-07-16T07:40:46.186+0000: 721.405: [GC [PSYoungGen: 517152K->672K(620864K)] 625084K->108684K(1307840K), 0.0235040 secs] [Times: user=0.08 sys=0.00, real=0.02 secs] 
2014-07-16T07:40:47.506+0000: 722.726: [GC [PSYoungGen: 620832K->256K(744448K)] 728844K->108332K(1431424K), 0.0172520 secs] [Times: user=0.06 sys=0.00, real=0.02 secs] 
2014-07-16T07:40:49.111+0000: 724.331: [GC [PSYoungGen: 744448K->512K(717120K)] 852524K->108644K(1404096K), 0.0074500 secs] [Times: user=0.01 sys=0.00, real=0.01 secs] 
2014-07-16T07:40:50.748+0000: 725.968: [GC [PSYoungGen: 717053K->872K(860864K)] 825185K->109764K(1547840K), 0.0203190 secs] [Times: user=0.07 sys=0.00, real=0.02 secs] 
2014-07-16T07:40:52.543+0000: 727.763: [GC [PSYoungGen: 860840K->448K(827392K)] 969732K->109702K(1514368K), 0.0102310 secs] [Times: user=0.03 sys=0.00, real=0.01 secs] 
2014-07-16T07:40:54.322+0000: 729.542: [GC [PSYoungGen: 827392K->448K(795904K)] 936646K->109982K(1482880K), 0.0109070 secs] [Times: user=0.04 sys=0.00, real=0.01 secs] 
2014-07-16T07:40:56.074+0000: 731.294: [GC [PSYoungGen: 795904K->544K(766016K)] 905438K->110190K(1452992K), 0.0070550 secs] [Times: user=0.01 sys=0.00, real=0.00 secs] 
2014-07-16T07:40:57.716+0000: 732.936: [GC [PSYoungGen: 765984K->630K(737472K)] 875630K->110380K(1424448K), 0.0086630 secs] [Times: user=0.02 sys=0.01, real=0.01 secs] 
2014-07-16T07:40:59.288+0000: 734.508: [GC [PSYoungGen: 737388K->210K(709824K)] 847139K->109992K(1396800K), 0.0138360 secs] [Times: user=0.04 sys=0.00, real=0.01 secs] 
2014-07-16T07:41:00.836+0000: 736.056: [GC [PSYoungGen: 709778K->1138K(684736K)] 819560K->110984K(1371712K), 0.0060300 secs] [Times: user=0.01 sys=0.00, real=0.00 secs] 
2014-07-16T07:41:02.311+0000: 737.531: [GC [PSYoungGen: 684696K->480K(659328K)] 794543K->110454K(1346304K), 0.0148500 secs] [Times: user=0.05 sys=0.00, real=0.02 secs] 
2014-07-16T07:41:03.721+0000: 738.941: [GC [PSYoungGen: 659296K->352K(635584K)] 769270K->110462K(1322560K), 0.0059410 secs] [Times: user=0.02 sys=0.00, real=0.01 secs] 
2014-07-16T07:41:05.108+0000: 740.328: [GC [PSYoungGen: 635552K->790K(613440K)] 745662K->110956K(1300416K), 0.0048000 secs] [Times: user=0.02 sys=0.00, real=0.00 secs] 
2014-07-16T07:41:06.471+0000: 741.690: [GC [PSYoungGen: 613398K->388K(591552K)] 723564K->110602K(1278528K), 0.0194270 secs] [Times: user=0.06 sys=0.00, real=0.02 secs] 
2014-07-16T07:41:07.745+0000: 742.965: [GC [PSYoungGen: 591491K->420K(571008K)] 701706K->110690K(1257984K), 0.0138170 secs] [Times: user=0.05 sys=0.00, real=0.01 secs] 
2014-07-16T07:41:08.981+0000: 744.201: [GC [PSYoungGen: 570980K->306K(551232K)] 681250K->110608K(1238208K), 0.0051200 secs] [Times: user=0.02 sys=0.00, real=0.01 secs] 
2014-07-16T07:41:10.173+0000: 745.393: [GC [PSYoungGen: 551218K->530K(532736K)] 661520K->110912K(1219712K), 0.0102590 secs] [Times: user=0.03 sys=0.00, real=0.01 secs] 
2014-07-16T07:41:11.370+0000: 746.590: [GC [PSYoungGen: 532690K->758K(515008K)] 643072K->111300K(1201984K), 0.0078420 secs] [Times: user=0.02 sys=0.00, real=0.01 secs] 
2014-07-16T07:41:12.469+0000: 747.689: [GC [PSYoungGen: 514998K->320K(497472K)] 625540K->110990K(1184448K), 0.0054890 secs] [Times: user=0.01 sys=0.00, real=0.01 secs] 
2014-07-16T07:41:13.550+0000: 748.770: [GC [PSYoungGen: 497472K->982K(481856K)] 608142K->111708K(1168832K), 0.0066860 secs] [Times: user=0.01 sys=0.01, real=0.01 secs] 
2014-07-16T07:41:14.565+0000: 749.785: [GC [PSYoungGen: 481814K->306K(465536K)] 592540K->111072K(1152512K), 0.0108750 secs] [Times: user=0.03 sys=0.00, real=0.01 secs] 
2014-07-16T07:41:15.564+0000: 750.784: [GC [PSYoungGen: 465522K->502K(450816K)] 576288K->111308K(1137792K), 0.0101020 secs] [Times: user=0.04 sys=0.00, real=0.01 secs] 
2014-07-16T07:41:16.552+0000: 751.772: [GC [PSYoungGen: 450802K->470K(436544K)] 561609K->111316K(1123520K), 0.0059190 secs] [Times: user=0.02 sys=0.01, real=0.01 secs] 
2014-07-16T07:41:17.493+0000: 752.713: [GC [PSYoungGen: 436502K->356K(422720K)] 547348K->111258K(1109696K), 0.0165380 secs] [Times: user=0.06 sys=0.00, real=0.02 secs] 
2014-07-16T07:41:18.402+0000: 753.622: [GC [PSYoungGen: 422692K->416K(409728K)] 533594K->111358K(1096704K), 0.0087590 secs] [Times: user=0.03 sys=0.00, real=0.01 secs] 
2014-07-16T07:41:19.272+0000: 754.492: [GC [PSYoungGen: 409696K->662K(397440K)] 520638K->111652K(1084416K), 0.0059270 secs] [Times: user=0.01 sys=0.00, real=0.01 secs] 
2014-07-16T07:41:20.125+0000: 755.345: [GC [PSYoungGen: 397398K->128K(476224K)] 508388K->111166K(1163200K), 0.0141510 secs] [Times: user=0.05 sys=0.00, real=0.02 secs] 
2014-07-16T07:41:21.245+0000: 756.465: [GC [PSYoungGen: 476224K->1060K(461760K)] 587262K->112442K(1148736K), 0.0073650 secs] [Times: user=0.02 sys=0.00, real=0.01 secs] 
2014-07-16T07:41:22.144+0000: 757.364: [GC [PSYoungGen: 461732K->530K(446528K)] 573114K->112008K(1133504K), 0.0099840 secs] [Times: user=0.03 sys=0.01, real=0.01 secs] 
2014-07-16T07:41:23.103+0000: 758.323: [GC [PSYoungGen: 446482K->342K(432256K)] 557960K->111964K(1119232K), 0.0084210 secs] [Times: user=0.02 sys=0.00, real=0.01 secs] 
2014-07-16T07:41:24.041+0000: 759.261: [GC [PSYoungGen: 432214K->516K(518848K)] 543836K->112210K(1205824K), 0.0153580 secs] [Times: user=0.05 sys=0.00, real=0.01 secs] 
2014-07-16T07:41:25.161+0000: 760.381: [GC [PSYoungGen: 518788K->370K(501376K)] 630482K->112120K(1188352K), 0.0038200 secs] [Times: user=0.01 sys=0.00, real=0.00 secs] 
2014-07-16T07:41:26.327+0000: 761.547: [GC [PSYoungGen: 501362K->1142K(485632K)] 613112K->112996K(1172608K), 0.0060280 secs] [Times: user=0.01 sys=0.00, real=0.00 secs] 
2014-07-16T07:41:27.278+0000: 762.498: [GC [PSYoungGen: 485622K->128K(468800K)] 597476K->112030K(1155776K), 0.0066970 secs] [Times: user=0.01 sys=0.00, real=0.00 secs] 
2014-07-16T07:41:28.288+0000: 763.508: [GC [PSYoungGen: 468800K->594K(454208K)] 580702K->112584K(1141184K), 0.0075060 secs] [Times: user=0.02 sys=0.00, real=0.00 secs] 
2014-07-16T07:41:29.261+0000: 764.480: [GC [PSYoungGen: 454162K->320K(439488K)] 566152K->112334K(1126464K), 0.0043940 secs] [Times: user=0.01 sys=0.00, real=0.00 secs] 
2014-07-16T07:41:30.202+0000: 765.422: [GC [PSYoungGen: 439488K->192K(425536K)] 551502K->112270K(1112512K), 0.0064180 secs] [Times: user=0.01 sys=0.00, real=0.01 secs] 
2014-07-16T07:41:31.127+0000: 766.347: [GC [PSYoungGen: 425536K->754K(511232K)] 537614K->112912K(1198208K), 0.0223740 secs] [Times: user=0.08 sys=0.00, real=0.03 secs] 
2014-07-16T07:41:32.213+0000: 767.433: [GC [PSYoungGen: 511218K->612K(494144K)] 623376K->112850K(1181120K), 0.0064390 secs] [Times: user=0.02 sys=0.00, real=0.01 secs] 
2014-07-16T07:41:33.300+0000: 768.519: [GC [PSYoungGen: 494116K->584K(477952K)] 606354K->112942K(1164928K), 0.0082810 secs] [Times: user=0.03 sys=0.01, real=0.00 secs] 
2014-07-16T07:41:34.322+0000: 769.542: [GC [PSYoungGen: 477896K->448K(462272K)] 590254K->112894K(1149248K), 0.0115870 secs] [Times: user=0.04 sys=0.00, real=0.01 secs] 
2014-07-16T07:41:35.313+0000: 770.533: [GC [PSYoungGen: 462272K->338K(447424K)] 574718K->112816K(1134400K), 0.0028400 secs] [Times: user=0.01 sys=0.00, real=0.00 secs] 
2014-07-16T07:41:36.273+0000: 771.493: [GC [PSYoungGen: 447378K->352K(433280K)] 559856K->112870K(1120256K), 0.0062250 secs] [Times: user=0.02 sys=0.00, real=0.01 secs] 
2014-07-16T07:41:37.197+0000: 772.417: [GC [PSYoungGen: 433248K->434K(419840K)] 545766K->112984K(1106816K), 0.0156420 secs] [Times: user=0.06 sys=0.00, real=0.02 secs] 
2014-07-16T07:41:38.096+0000: 773.316: [GC [PSYoungGen: 419826K->434K(503744K)] 532376K->113048K(1190720K), 0.0124220 secs] [Times: user=0.04 sys=0.00, real=0.01 secs] 
2014-07-16T07:41:39.176+0000: 774.396: [GC [PSYoungGen: 503693K->626K(604608K)] 616307K->113272K(1291584K), 0.0255760 secs] [Times: user=0.09 sys=0.00, real=0.03 secs] 
2014-07-16T07:41:40.489+0000: 775.709: [GC [PSYoungGen: 604594K->256K(725056K)] 717240K->112958K(1412032K), 0.0072990 secs] [Times: user=0.00 sys=0.00, real=0.00 secs] 
2014-07-16T07:41:42.068+0000: 777.288: [GC [PSYoungGen: 725056K->658K(698816K)] 837758K->113464K(1385792K), 0.0055510 secs] [Times: user=0.01 sys=0.00, real=0.01 secs] 
2014-07-16T07:41:43.568+0000: 778.788: [GC [PSYoungGen: 698770K->406K(838208K)] 811576K->113356K(1525184K), 0.0172750 secs] [Times: user=0.06 sys=0.00, real=0.02 secs] 
2014-07-16T07:41:45.364+0000: 780.584: [GC [PSYoungGen: 838166K->594K(806400K)] 951116K->113616K(1493376K), 0.0073460 secs] [Times: user=0.01 sys=0.00, real=0.01 secs] 
2014-07-16T07:41:47.094+0000: 782.314: [GC [PSYoungGen: 806354K->320K(775616K)] 919376K->113406K(1462592K), 0.0110350 secs] [Times: user=0.03 sys=0.00, real=0.01 secs] 
2014-07-16T07:41:48.763+0000: 783.983: [GC [PSYoungGen: 775577K->630K(931008K)] 888664K->113788K(1617984K), 0.0323220 secs] [Times: user=0.11 sys=0.00, real=0.03 secs] 
2014-07-16T07:41:50.758+0000: 785.978: [GC [PSYoungGen: 930998K->708K(894720K)] 1044156K->113906K(1581696K), 0.0051340 secs] [Times: user=0.01 sys=0.00, real=0.01 secs] 
2014-07-16T07:41:52.742+0000: 787.962: [GC [PSYoungGen: 894660K->900K(860224K)] 1007858K->114274K(1547200K), 0.0116120 secs] [Times: user=0.05 sys=0.00, real=0.01 secs] 
2014-07-16T07:41:54.579+0000: 789.799: [GC [PSYoungGen: 860143K->360K(826624K)] 973518K->113966K(1513600K), 0.0053450 secs] [Times: user=0.01 sys=0.00, real=0.01 secs] 
2014-07-16T07:41:56.350+0000: 791.570: [GC [PSYoungGen: 826600K->416K(795200K)] 940206K->114110K(1482176K), 0.0069100 secs] [Times: user=0.01 sys=0.01, real=0.01 secs] 
2014-07-16T07:41:58.061+0000: 793.281: [GC [PSYoungGen: 795165K->544K(765376K)] 908860K->114302K(1452352K), 0.0083760 secs] [Times: user=0.02 sys=0.00, real=0.01 secs] 
2014-07-16T07:41:59.706+0000: 794.926: [GC [PSYoungGen: 765344K->790K(737088K)] 879102K->114612K(1424064K), 0.0220630 secs] [Times: user=0.08 sys=0.00, real=0.02 secs] 
2014-07-16T07:42:01.271+0000: 796.491: [GC [PSYoungGen: 737042K->416K(709440K)] 850864K->114350K(1396416K), 0.0080830 secs] [Times: user=0.02 sys=0.00, real=0.01 secs] 
2014-07-16T07:42:02.930+0000: 798.150: [GC [PSYoungGen: 709408K->818K(683840K)] 823342K->114864K(1370816K), 0.0064020 secs] [Times: user=0.02 sys=0.00, real=0.01 secs] 
2014-07-16T07:42:04.405+0000: 799.625: [GC [PSYoungGen: 683826K->448K(658688K)] 797872K->114654K(1345664K), 0.0166360 secs] [Times: user=0.06 sys=0.00, real=0.01 secs] 
2014-07-16T07:42:05.835+0000: 801.055: [GC [PSYoungGen: 658688K->388K(635072K)] 772894K->114658K(1322048K), 0.0036990 secs] [Times: user=0.01 sys=0.00, real=0.00 secs] 
2014-07-16T07:42:07.237+0000: 802.457: [GC [PSYoungGen: 635009K->548K(612672K)] 749279K->114882K(1299648K), 0.0089250 secs] [Times: user=0.03 sys=0.00, real=0.01 secs] 
2014-07-16T07:42:08.572+0000: 803.792: [GC [PSYoungGen: 612644K->950K(591552K)] 726978K->115356K(1278528K), 0.0073780 secs] [Times: user=0.02 sys=0.00, real=0.01 secs] 
2014-07-16T07:42:09.839+0000: 805.059: [GC [PSYoungGen: 591542K->562K(570624K)] 705948K->115080K(1257600K), 0.0056600 secs] [Times: user=0.01 sys=0.00, real=0.01 secs] 
2014-07-16T07:42:11.054+0000: 806.273: [GC [PSYoungGen: 570582K->666K(551168K)] 685100K->115304K(1238144K), 0.0127980 secs] [Times: user=0.05 sys=0.00, real=0.02 secs] 
2014-07-16T07:42:12.356+0000: 807.576: [GC [PSYoungGen: 551082K->580K(532416K)] 665720K->115314K(1219392K), 0.0151630 secs] [Times: user=0.05 sys=0.00, real=0.01 secs] 
2014-07-16T07:42:13.463+0000: 808.683: [GC [PSYoungGen: 532356K->484K(638656K)] 647090K->115362K(1325632K), 0.0199820 secs] [Times: user=0.07 sys=0.00, real=0.02 secs] 
2014-07-16T07:42:14.829+0000: 810.049: [GC [PSYoungGen: 638628K->338K(615808K)] 753506K->115264K(1302784K), 0.0071000 secs] [Times: user=0.01 sys=0.00, real=0.01 secs] 
2014-07-16T07:42:16.163+0000: 811.383: [GC [PSYoungGen: 615762K->580K(594432K)] 730688K->115570K(1281408K), 0.0117420 secs] [Times: user=0.04 sys=0.00, real=0.01 secs] 
2014-07-16T07:42:17.540+0000: 812.760: [GC [PSYoungGen: 594355K->534K(713152K)] 709346K->115580K(1400128K), 0.0211200 secs] [Times: user=0.07 sys=0.00, real=0.02 secs] 
2014-07-16T07:42:18.996+0000: 814.216: [GC [PSYoungGen: 713110K->594K(687104K)] 828156K->115744K(1374080K), 0.0043080 secs] [Times: user=0.02 sys=0.00, real=0.00 secs] 
2014-07-16T07:42:20.473+0000: 815.693: [GC [PSYoungGen: 687058K->352K(824192K)] 802208K->115558K(1511168K), 0.0257810 secs] [Times: user=0.08 sys=0.00, real=0.03 secs] 
2014-07-16T07:42:22.337+0000: 817.556: [GC [PSYoungGen: 824160K->868K(793344K)] 939366K->116378K(1480320K), 0.0064230 secs] [Times: user=0.01 sys=0.01, real=0.00 secs] 
2014-07-16T07:42:23.947+0000: 819.167: [GC [PSYoungGen: 793316K->562K(763136K)] 908826K->116240K(1450112K), 0.0094170 secs] [Times: user=0.03 sys=0.01, real=0.01 secs] 
2014-07-16T07:42:25.593+0000: 820.813: [GC [PSYoungGen: 763122K->402K(734528K)] 878800K->116232K(1421504K), 0.0098470 secs] [Times: user=0.04 sys=0.00, real=0.01 secs] 
2014-07-16T07:42:27.170+0000: 822.390: [GC [PSYoungGen: 734482K->224K(707200K)] 850312K->116094K(1394176K), 0.0041060 secs] [Times: user=0.01 sys=0.00, real=0.00 secs] 
2014-07-16T07:42:28.687+0000: 823.907: [GC [PSYoungGen: 707162K->662K(681792K)] 823032K->116596K(1368768K), 0.0094400 secs] [Times: user=0.03 sys=0.00, real=0.01 secs] 
2014-07-16T07:42:30.169+0000: 825.389: [GC [PSYoungGen: 681750K->608K(657024K)] 797684K->116614K(1344000K), 0.0167440 secs] [Times: user=0.06 sys=0.00, real=0.01 secs] 
2014-07-16T07:42:31.562+0000: 826.782: [GC [PSYoungGen: 656992K->448K(633280K)] 772998K->116590K(1320256K), 0.0093800 secs] [Times: user=0.03 sys=0.00, real=0.01 secs] 
2014-07-16T07:42:32.935+0000: 828.155: [GC [PSYoungGen: 633280K->434K(610816K)] 749422K->116672K(1297792K), 0.0078730 secs] [Times: user=0.02 sys=0.01, real=0.01 secs] 
2014-07-16T07:42:34.246+0000: 829.466: [GC [PSYoungGen: 610802K->416K(589376K)] 727040K->116774K(1276352K), 0.0088170 secs] [Times: user=0.03 sys=0.00, real=0.01 secs] 
2014-07-16T07:42:35.505+0000: 830.725: [GC [PSYoungGen: 589344K->96K(568576K)] 705702K->116502K(1255552K), 0.0121680 secs] [Times: user=0.04 sys=0.00, real=0.01 secs] 
2014-07-16T07:42:36.735+0000: 831.955: [GC [PSYoungGen: 568544K->516K(549952K)] 684950K->116978K(1236928K), 0.0030980 secs] [Times: user=0.01 sys=0.00, real=0.00 secs] 
2014-07-16T07:42:37.932+0000: 833.152: [GC [PSYoungGen: 549444K->512K(530816K)] 665906K->117022K(1217792K), 0.0096910 secs] [Times: user=0.04 sys=0.00, real=0.01 secs] 
2014-07-16T07:42:39.065+0000: 834.285: [GC [PSYoungGen: 530816K->580K(513152K)] 647326K->117162K(1200128K), 0.0042410 secs] [Times: user=0.02 sys=0.00, real=0.01 secs] 
2014-07-16T07:42:40.169+0000: 835.389: [GC [PSYoungGen: 513092K->384K(495872K)] 629674K->117022K(1182848K), 0.0039040 secs] [Times: user=0.01 sys=0.00, real=0.00 secs] 
2014-07-16T07:42:41.233+0000: 836.453: [GC [PSYoungGen: 495871K->434K(479680K)] 612510K->117176K(1166656K), 0.0135770 secs] [Times: user=0.05 sys=0.00, real=0.01 secs] 
2014-07-16T07:42:42.258+0000: 837.478: [GC [PSYoungGen: 479666K->502K(464192K)] 596408K->117308K(1151168K), 0.0063610 secs] [Times: user=0.02 sys=0.00, real=0.01 secs] 
2014-07-16T07:42:43.347+0000: 838.567: [GC [PSYoungGen: 464182K->800K(449664K)] 580988K->117686K(1136640K), 0.0113720 secs] [Times: user=0.03 sys=0.00, real=0.01 secs] 
2014-07-16T07:42:44.338+0000: 839.558: [GC [PSYoungGen: 449632K->370K(435008K)] 566518K->117704K(1121984K), 0.0103060 secs] [Times: user=0.03 sys=0.00, real=0.01 secs] 
2014-07-16T07:42:45.253+0000: 840.473: [GC [PSYoungGen: 434971K->466K(421504K)] 552306K->117880K(1108480K), 0.0055150 secs] [Times: user=0.02 sys=0.00, real=0.01 secs] 
2014-07-16T07:42:46.163+0000: 841.383: [GC [PSYoungGen: 421458K->420K(408384K)] 538872K->117954K(1095360K), 0.0052670 secs] [Times: user=0.01 sys=0.00, real=0.00 secs] 
2014-07-16T07:42:47.042+0000: 842.262: [GC [PSYoungGen: 408284K->498K(395968K)] 525818K->118072K(1082944K), 0.0141420 secs] [Times: user=0.04 sys=0.00, real=0.01 secs] 
2014-07-16T07:42:47.946+0000: 843.166: [GC [PSYoungGen: 395954K->434K(383936K)] 513528K->118040K(1070912K), 0.0066800 secs] [Times: user=0.01 sys=0.00, real=0.01 secs] 
2014-07-16T07:42:48.758+0000: 843.978: [GC [PSYoungGen: 383922K->388K(460672K)] 501528K->118058K(1147648K), 0.0152250 secs] [Times: user=0.04 sys=0.00, real=0.02 secs] 
2014-07-16T07:42:49.744+0000: 844.963: [GC [PSYoungGen: 460611K->594K(446144K)] 578282K->118320K(1133120K), 0.0065280 secs] [Times: user=0.02 sys=0.00, real=0.01 secs] 
2014-07-16T07:42:50.698+0000: 845.918: [GC [PSYoungGen: 446098K->466K(431936K)] 563824K->118288K(1118912K), 0.0090790 secs] [Times: user=0.03 sys=0.00, real=0.01 secs] 
2014-07-16T07:42:51.626+0000: 846.846: [GC [PSYoungGen: 431890K->370K(418304K)] 549712K->118248K(1105280K), 0.0049920 secs] [Times: user=0.01 sys=0.00, real=0.01 secs] 
2014-07-16T07:42:52.538+0000: 847.758: [GC [PSYoungGen: 418290K->804K(502336K)] 536168K->118778K(1189312K), 0.0303960 secs] [Times: user=0.11 sys=0.00, real=0.03 secs] 
2014-07-16T07:42:53.674+0000: 848.894: [GC [PSYoungGen: 502306K->502K(602368K)] 620281K->118676K(1289344K), 0.0059500 secs] [Times: user=0.01 sys=0.01, real=0.01 secs] 
2014-07-16T07:42:54.989+0000: 850.209: [GC [PSYoungGen: 602358K->868K(581696K)] 720532K->119162K(1268672K), 0.0039390 secs] [Times: user=0.02 sys=0.00, real=0.01 secs] 
2014-07-16T07:42:56.256+0000: 851.476: [GC [PSYoungGen: 581668K->694K(561408K)] 699962K->119116K(1248384K), 0.0130560 secs] [Times: user=0.05 sys=0.00, real=0.01 secs] 
2014-07-16T07:42:57.454+0000: 852.674: [GC [PSYoungGen: 561321K->352K(541888K)] 679744K->118838K(1228864K), 0.0098820 secs] [Times: user=0.03 sys=0.01, real=0.01 secs] 
2014-07-16T07:42:58.662+0000: 853.882: [GC [PSYoungGen: 541856K->256K(523456K)] 660342K->118774K(1210432K), 0.0045060 secs] [Times: user=0.01 sys=0.00, real=0.00 secs] 
2014-07-16T07:42:59.787+0000: 855.007: [GC [PSYoungGen: 523456K->452K(506240K)] 641974K->119058K(1193216K), 0.0082620 secs] [Times: user=0.03 sys=0.00, real=0.01 secs] 
2014-07-16T07:43:00.880+0000: 856.100: [GC [PSYoungGen: 506177K->758K(489792K)] 624784K->119468K(1176768K), 0.0100320 secs] [Times: user=0.03 sys=0.00, real=0.01 secs] 
2014-07-16T07:43:01.944+0000: 857.164: [GC [PSYoungGen: 489781K->288K(473344K)] 608491K->119046K(1160320K), 0.0039970 secs] [Times: user=0.01 sys=0.00, real=0.00 secs] 
2014-07-16T07:43:03.045+0000: 858.265: [GC [PSYoungGen: 473312K->1088K(458816K)] 592070K->119942K(1145792K), 0.0076230 secs] [Times: user=0.01 sys=0.00, real=0.01 secs] 
2014-07-16T07:43:04.041+0000: 859.261: [GC [PSYoungGen: 458816K->630K(443776K)] 577670K->119580K(1130752K), 0.0096150 secs] [Times: user=0.03 sys=0.00, real=0.01 secs] 
2014-07-16T07:43:04.983+0000: 860.203: [GC [PSYoungGen: 443766K->224K(429440K)] 562716K->119278K(1116416K), 0.0089880 secs] [Times: user=0.03 sys=0.00, real=0.01 secs] 
2014-07-16T07:43:05.919+0000: 861.139: [GC [PSYoungGen: 429408K->288K(416128K)] 548462K->119406K(1103104K), 0.0060700 secs] [Times: user=0.02 sys=0.00, real=0.01 secs] 
2014-07-16T07:43:06.804+0000: 862.024: [GC [PSYoungGen: 416096K->288K(403328K)] 535214K->119478K(1090304K), 0.0079080 secs] [Times: user=0.03 sys=0.00, real=0.00 secs] 
2014-07-16T07:43:07.670+0000: 862.890: [GC [PSYoungGen: 403296K->292K(391040K)] 522486K->119506K(1078016K), 0.0041290 secs] [Times: user=0.00 sys=0.00, real=0.01 secs] 
2014-07-16T07:43:08.558+0000: 863.778: [GC [PSYoungGen: 391010K->448K(379456K)] 510224K->119694K(1066432K), 0.0090330 secs] [Times: user=0.03 sys=0.00, real=0.01 secs] 
2014-07-16T07:43:09.362+0000: 864.582: [GC [PSYoungGen: 379456K->274K(368064K)] 498702K->119568K(1055040K), 0.0098990 secs] [Times: user=0.04 sys=0.00, real=0.01 secs] 
2014-07-16T07:43:10.147+0000: 865.367: [GC [PSYoungGen: 368018K->370K(357376K)] 487312K->119728K(1044352K), 0.0060590 secs] [Times: user=0.02 sys=0.00, real=0.01 secs] 
2014-07-16T07:43:10.911+0000: 866.131: [GC [PSYoungGen: 357362K->672K(347392K)] 476720K->120118K(1034368K), 0.0074090 secs] [Times: user=0.02 sys=0.00, real=0.01 secs] 
2014-07-16T07:43:11.658+0000: 866.878: [GC [PSYoungGen: 347311K->588K(416704K)] 466757K->120082K(1103680K), 0.0110690 secs] [Times: user=0.04 sys=0.00, real=0.01 secs] 
2014-07-16T07:43:12.548+0000: 867.768: [GC [PSYoungGen: 416652K->306K(499648K)] 536146K->119888K(1186624K), 0.0092930 secs] [Times: user=0.04 sys=0.00, real=0.01 secs] 
2014-07-16T07:43:13.638+0000: 868.858: [GC [PSYoungGen: 499575K->466K(483392K)] 619157K->120104K(1170368K), 0.0053490 secs] [Times: user=0.01 sys=0.00, real=0.01 secs] 
2014-07-16T07:43:14.679+0000: 869.899: [GC [PSYoungGen: 483346K->352K(467584K)] 602984K->120086K(1154560K), 0.0085190 secs] [Times: user=0.03 sys=0.00, real=0.01 secs] 
2014-07-16T07:43:15.684+0000: 870.904: [GC [PSYoungGen: 467552K->644K(452864K)] 587286K->120450K(1139840K), 0.0065990 secs] [Times: user=0.01 sys=0.01, real=0.01 secs] 
2014-07-16T07:43:16.683+0000: 871.903: [GC [PSYoungGen: 452804K->160K(437952K)] 572610K->119998K(1124928K), 0.0044740 secs] [Times: user=0.01 sys=0.00, real=0.01 secs] 
2014-07-16T07:43:17.637+0000: 872.857: [GC [PSYoungGen: 437920K->448K(424448K)] 557758K->120334K(1111424K), 0.0092410 secs] [Times: user=0.03 sys=0.01, real=0.01 secs] 
2014-07-16T07:43:18.559+0000: 873.779: [GC [PSYoungGen: 424448K->608K(411456K)] 544334K->120526K(1098432K), 0.0063970 secs] [Times: user=0.02 sys=0.00, real=0.01 secs] 
2014-07-16T07:43:19.434+0000: 874.654: [GC [PSYoungGen: 411423K->484K(398720K)] 531342K->120458K(1085696K), 0.0088250 secs] [Times: user=0.03 sys=0.00, real=0.00 secs] 
2014-07-16T07:43:20.289+0000: 875.509: [GC [PSYoungGen: 398692K->612K(478528K)] 518666K->120682K(1165504K), 0.0230910 secs] [Times: user=0.08 sys=0.00, real=0.02 secs] 
2014-07-16T07:43:21.320+0000: 876.540: [GC [PSYoungGen: 478500K->690K(574208K)] 598570K->120848K(1261184K), 0.0087410 secs] [Times: user=0.03 sys=0.00, real=0.01 secs] 
2014-07-16T07:43:22.563+0000: 877.783: [GC [PSYoungGen: 574194K->480K(688768K)] 694352K->120734K(1375744K), 0.0110110 secs] [Times: user=0.04 sys=0.00, real=0.01 secs] 
2014-07-16T07:43:24.056+0000: 879.276: [GC [PSYoungGen: 688736K->594K(663872K)] 808990K->120912K(1350848K), 0.0063990 secs] [Times: user=0.01 sys=0.00, real=0.00 secs] 
2014-07-16T07:43:25.520+0000: 880.740: [GC [PSYoungGen: 663826K->256K(639616K)] 784144K->120678K(1326592K), 0.0049040 secs] [Times: user=0.01 sys=0.00, real=0.01 secs] 
2014-07-16T07:43:26.895+0000: 882.115: [GC [PSYoungGen: 639616K->128K(616768K)] 760038K->120606K(1303744K), 0.0117390 secs] [Times: user=0.04 sys=0.00, real=0.02 secs] 
2014-07-16T07:43:28.212+0000: 883.432: [GC [PSYoungGen: 616768K->616K(595584K)] 737246K->121150K(1282560K), 0.0063790 secs] [Times: user=0.02 sys=0.00, real=0.01 secs] 
2014-07-16T07:43:29.492+0000: 884.712: [GC [PSYoungGen: 595560K->388K(574656K)] 716094K->120954K(1261632K), 0.0113570 secs] [Times: user=0.04 sys=0.00, real=0.01 secs] 
2014-07-16T07:43:30.726+0000: 885.946: [GC [PSYoungGen: 574590K->256K(554688K)] 695157K->120926K(1241664K), 0.0143790 secs] [Times: user=0.05 sys=0.00, real=0.01 secs] 
2014-07-16T07:43:31.922+0000: 887.142: [GC [PSYoungGen: 554688K->626K(536192K)] 675358K->121392K(1223168K), 0.0033600 secs] [Times: user=0.01 sys=0.00, real=0.00 secs] 
2014-07-16T07:43:33.080+0000: 888.300: [GC [PSYoungGen: 536178K->352K(517888K)] 656944K->121206K(1204864K), 0.0123350 secs] [Times: user=0.04 sys=0.00, real=0.01 secs] 
2014-07-16T07:43:34.197+0000: 889.417: [GC [PSYoungGen: 517766K->858K(501184K)] 638620K->121808K(1188160K), 0.0098680 secs] [Times: user=0.03 sys=0.00, real=0.01 secs] 
2014-07-16T07:43:35.283+0000: 890.503: [GC [PSYoungGen: 501146K->932K(484800K)] 622096K->121954K(1171776K), 0.0087780 secs] [Times: user=0.02 sys=0.00, real=0.01 secs] 
2014-07-16T07:43:36.314+0000: 891.534: [GC [PSYoungGen: 484772K->256K(580864K)] 605794K->121358K(1267840K), 0.0299840 secs] [Times: user=0.10 sys=0.00, real=0.03 secs] 
2014-07-16T07:43:37.575+0000: 892.795: [GC [PSYoungGen: 580864K->416K(697216K)] 701966K->121574K(1384192K), 0.0071840 secs] [Times: user=0.03 sys=0.00, real=0.01 secs] 
2014-07-16T07:43:39.074+0000: 894.294: [GC [PSYoungGen: 697184K->384K(836544K)] 818342K->121606K(1523520K), 0.0145130 secs] [Times: user=0.05 sys=0.00, real=0.02 secs] 
2014-07-16T07:43:40.865+0000: 896.085: [GC [PSYoungGen: 836544K->320K(1003712K)] 957766K->121630K(1690688K), 0.0153140 secs] [Times: user=0.04 sys=0.00, real=0.02 secs] 
2014-07-16T07:43:43.046+0000: 898.266: [GC [PSYoungGen: 1003712K->384K(963904K)] 1125022K->121806K(1650880K), 0.0049680 secs] [Times: user=0.01 sys=0.00, real=0.01 secs] 
2014-07-16T07:43:45.128+0000: 900.348: [GC [PSYoungGen: 963904K->516K(926144K)] 1085326K->122074K(1613120K), 0.0124690 secs] [Times: user=0.05 sys=0.00, real=0.02 secs] 
2014-07-16T07:43:47.125+0000: 902.345: [GC [PSYoungGen: 926084K->352K(889792K)] 1047642K->122030K(1576768K), 0.0101820 secs] [Times: user=0.03 sys=0.00, real=0.01 secs] 
2014-07-16T07:43:49.040+0000: 904.260: [GC [PSYoungGen: 889760K->626K(855616K)] 1011438K->122376K(1542592K), 0.0095520 secs] [Times: user=0.03 sys=0.00, real=0.01 secs] 
2014-07-16T07:43:50.882+0000: 906.102: [GC [PSYoungGen: 855602K->470K(822656K)] 977352K->122324K(1509632K), 0.0090860 secs] [Times: user=0.03 sys=0.00, real=0.01 secs] 
2014-07-16T07:43:52.654+0000: 907.874: [GC [PSYoungGen: 822540K->726K(791616K)] 944395K->122700K(1478592K), 0.0161410 secs] [Times: user=0.06 sys=0.00, real=0.02 secs] 
2014-07-16T07:43:54.408+0000: 909.628: [GC [PSYoungGen: 791574K->548K(761664K)] 913548K->122666K(1448640K), 0.0154410 secs] [Times: user=0.06 sys=0.01, real=0.02 secs] 
2014-07-16T07:43:56.066+0000: 911.286: [GC [PSYoungGen: 761577K->630K(733312K)] 883695K->122892K(1420288K), 0.0075000 secs] [Times: user=0.02 sys=0.00, real=0.01 secs] 
2014-07-16T07:43:57.645+0000: 912.865: [GC [PSYoungGen: 733302K->544K(706176K)] 855564K->122878K(1393152K), 0.0065290 secs] [Times: user=0.02 sys=0.00, real=0.01 secs] 
2014-07-16T07:43:59.207+0000: 914.427: [GC [PSYoungGen: 706144K->630K(680448K)] 828478K->123020K(1367424K), 0.0037650 secs] [Times: user=0.01 sys=0.00, real=0.01 secs] 
2014-07-16T07:44:00.657+0000: 915.877: [GC [PSYoungGen: 680438K->480K(655680K)] 802828K->122958K(1342656K), 0.0121180 secs] [Times: user=0.05 sys=0.00, real=0.01 secs] 
2014-07-16T07:44:02.068+0000: 917.288: [GC [PSYoungGen: 655648K->352K(632064K)] 778126K->122934K(1319040K), 0.0047970 secs] [Times: user=0.01 sys=0.00, real=0.01 secs] 
2014-07-16T07:44:03.434+0000: 918.654: [GC [PSYoungGen: 632032K->384K(609664K)] 754614K->123046K(1296640K), 0.0061930 secs] [Times: user=0.01 sys=0.00, real=0.00 secs] 
2014-07-16T07:44:04.751+0000: 919.971: [GC [PSYoungGen: 609664K->598K(588544K)] 732326K->123348K(1275520K), 0.0099480 secs] [Times: user=0.03 sys=0.01, real=0.01 secs] 
2014-07-16T07:44:06.015+0000: 921.235: [GC [PSYoungGen: 588502K->416K(567936K)] 711252K->123230K(1254912K), 0.0097770 secs] [Times: user=0.03 sys=0.00, real=0.01 secs] 
2014-07-16T07:44:07.232+0000: 922.452: [GC [PSYoungGen: 567817K->698K(548736K)] 690631K->123592K(1235712K), 0.0096270 secs] [Times: user=0.03 sys=0.00, real=0.01 secs] 
2014-07-16T07:44:08.419+0000: 923.639: [GC [PSYoungGen: 548730K->466K(529920K)] 671624K->123400K(1216896K), 0.0096800 secs] [Times: user=0.03 sys=0.00, real=0.01 secs] 
2014-07-16T07:44:09.632+0000: 924.852: [GC [PSYoungGen: 529874K->384K(512000K)] 652808K->123382K(1198976K), 0.0031790 secs] [Times: user=0.01 sys=0.00, real=0.01 secs] 
2014-07-16T07:44:10.735+0000: 925.955: [GC [PSYoungGen: 511964K->794K(495488K)] 634963K->123936K(1182464K), 0.0093530 secs] [Times: user=0.03 sys=0.00, real=0.01 secs] 
2014-07-16T07:44:11.798+0000: 927.018: [GC [PSYoungGen: 495450K->192K(478592K)] 618592K->123398K(1165568K), 0.0042790 secs] [Times: user=0.01 sys=0.00, real=0.01 secs] 
2014-07-16T07:44:12.822+0000: 928.042: [GC [PSYoungGen: 478592K->324K(463296K)] 601798K->123610K(1150272K), 0.0082580 secs] [Times: user=0.02 sys=0.00, real=0.00 secs] 
2014-07-16T07:44:13.818+0000: 929.038: [GC [PSYoungGen: 463236K->192K(448256K)] 586522K->123518K(1135232K), 0.0091550 secs] [Times: user=0.04 sys=0.00, real=0.01 secs] 
2014-07-16T07:44:14.787+0000: 930.007: [GC [PSYoungGen: 448256K->480K(434368K)] 571582K->123862K(1121344K), 0.0156220 secs] [Times: user=0.05 sys=0.00, real=0.01 secs] 
2014-07-16T07:44:15.734+0000: 930.954: [GC [PSYoungGen: 434280K->680K(521344K)] 557662K->124158K(1208320K), 0.0160960 secs] [Times: user=0.05 sys=0.00, real=0.01 secs] 
2014-07-16T07:44:16.855+0000: 932.075: [GC [PSYoungGen: 521320K->288K(625088K)] 644798K->123798K(1312064K), 0.0097510 secs] [Times: user=0.04 sys=0.00, real=0.01 secs] 
2014-07-16T07:44:18.217+0000: 933.437: [GC [PSYoungGen: 625055K->288K(603008K)] 748566K->123830K(1289984K), 0.0063490 secs] [Times: user=0.01 sys=0.00, real=0.01 secs] 
2014-07-16T07:44:19.678+0000: 934.898: [GC [PSYoungGen: 602976K->644K(582336K)] 726518K->124258K(1269312K), 0.0050280 secs] [Times: user=0.01 sys=0.00, real=0.01 secs] 
2014-07-16T07:44:20.909+0000: 936.129: [GC [PSYoungGen: 582276K->448K(698432K)] 705890K->124254K(1385408K), 0.0320280 secs] [Times: user=0.10 sys=0.00, real=0.03 secs] 
2014-07-16T07:44:22.407+0000: 937.627: [GC [PSYoungGen: 698432K->416K(838080K)] 822238K->124326K(1525056K), 0.0148750 secs] [Times: user=0.05 sys=0.00, real=0.01 secs] 
2014-07-16T07:44:24.215+0000: 939.434: [GC [PSYoungGen: 838002K->566K(806208K)] 961913K->124580K(1493184K), 0.0089750 secs] [Times: user=0.03 sys=0.00, real=0.00 secs] 
2014-07-16T07:44:25.955+0000: 941.175: [GC [PSYoungGen: 806198K->544K(775744K)] 930212K->124670K(1462720K), 0.0119400 secs] [Times: user=0.04 sys=0.00, real=0.01 secs] 
2014-07-16T07:44:27.631+0000: 942.851: [GC [PSYoungGen: 775712K->402K(746560K)] 899838K->124608K(1433536K), 0.0102180 secs] [Times: user=0.04 sys=0.00, real=0.01 secs] 
2014-07-16T07:44:29.234+0000: 944.454: [GC [PSYoungGen: 746514K->466K(718912K)] 870720K->124736K(1405888K), 0.0093390 secs] [Times: user=0.03 sys=0.00, real=0.01 secs] 
2014-07-16T07:44:30.780+0000: 946.000: [GC [PSYoungGen: 718865K->608K(692608K)] 843135K->124966K(1379584K), 0.0056030 secs] [Times: user=0.02 sys=0.00, real=0.01 secs] 
2014-07-16T07:44:32.270+0000: 947.490: [GC [PSYoungGen: 692576K->484K(667328K)] 816934K->124994K(1354304K), 0.0173340 secs] [Times: user=0.06 sys=0.00, real=0.02 secs] 
2014-07-16T07:44:33.714+0000: 948.934: [GC [PSYoungGen: 667205K->160K(643008K)] 791716K->124742K(1329984K), 0.0040810 secs] [Times: user=0.01 sys=0.00, real=0.01 secs] 
2014-07-16T07:44:35.109+0000: 950.329: [GC [PSYoungGen: 642976K->576K(620480K)] 767558K->125230K(1307456K), 0.0152470 secs] [Times: user=0.05 sys=0.01, real=0.01 secs] 
2014-07-16T07:44:36.464+0000: 951.684: [GC [PSYoungGen: 620480K->352K(598400K)] 745134K->125102K(1285376K), 0.0085720 secs] [Times: user=0.03 sys=0.00, real=0.01 secs] 
2014-07-16T07:44:37.752+0000: 952.972: [GC [PSYoungGen: 598338K->754K(577920K)] 723089K->125568K(1264896K), 0.0199830 secs] [Times: user=0.06 sys=0.01, real=0.02 secs] 
2014-07-16T07:44:39.001+0000: 954.221: [GC [PSYoungGen: 577822K->822K(558080K)] 702636K->125692K(1245056K), 0.0133520 secs] [Times: user=0.05 sys=0.00, real=0.01 secs] 
2014-07-16T07:44:40.232+0000: 955.452: [GC [PSYoungGen: 558070K->256K(538496K)] 682940K->125338K(1225472K), 0.0077450 secs] [Times: user=0.01 sys=0.00, real=0.01 secs] 
2014-07-16T07:44:41.386+0000: 956.606: [GC [PSYoungGen: 538496K->160K(646080K)] 663578K->125378K(1333056K), 0.0188070 secs] [Times: user=0.07 sys=0.00, real=0.02 secs] 
2014-07-16T07:44:42.777+0000: 957.997: [GC [PSYoungGen: 646048K->224K(623104K)] 771266K->125506K(1310080K), 0.0033180 secs] [Times: user=0.01 sys=0.00, real=0.01 secs] 
2014-07-16T07:44:44.116+0000: 959.336: [GC [PSYoungGen: 623072K->256K(601088K)] 748354K->125610K(1288064K), 0.0029590 secs] [Times: user=0.01 sys=0.00, real=0.01 secs] 
2014-07-16T07:44:45.439+0000: 960.659: [GC [PSYoungGen: 601088K->288K(580160K)] 726442K->125674K(1267136K), 0.0057570 secs] [Times: user=0.01 sys=0.00, real=0.00 secs] 
2014-07-16T07:44:46.697+0000: 961.917: [GC [PSYoungGen: 580128K->456K(560320K)] 705514K->125930K(1247296K), 0.0034510 secs] [Times: user=0.01 sys=0.00, real=0.00 secs] 
2014-07-16T07:44:47.920+0000: 963.140: [GC [PSYoungGen: 560264K->416K(541120K)] 685738K->125962K(1228096K), 0.0107140 secs] [Times: user=0.03 sys=0.01, real=0.01 secs] 
2014-07-16T07:44:49.107+0000: 964.327: [GC [PSYoungGen: 541083K->256K(522624K)] 666629K->125842K(1209600K), 0.0076360 secs] [Times: user=0.01 sys=0.00, real=0.01 secs] 
2014-07-16T07:44:50.283+0000: 965.503: [GC [PSYoungGen: 522624K->512K(505408K)] 648210K->126170K(1192384K), 0.0070110 secs] [Times: user=0.02 sys=0.00, real=0.01 secs] 
2014-07-16T07:44:51.368+0000: 966.588: [GC [PSYoungGen: 505356K->704K(488896K)] 631015K->126506K(1175872K), 0.0174080 secs] [Times: user=0.06 sys=0.00, real=0.02 secs] 
2014-07-16T07:44:52.432+0000: 967.652: [GC [PSYoungGen: 488865K->416K(586304K)] 614668K->126282K(1273280K), 0.0167990 secs] [Times: user=0.06 sys=0.00, real=0.02 secs] 
2014-07-16T07:44:53.685+0000: 968.905: [GC [PSYoungGen: 586270K->594K(566208K)] 712137K->126540K(1253184K), 0.0070350 secs] [Times: user=0.02 sys=0.00, real=0.01 secs] 
2014-07-16T07:44:54.979+0000: 970.199: [GC [PSYoungGen: 566141K->762K(679488K)] 692088K->126948K(1366464K), 0.0222350 secs] [Times: user=0.08 sys=0.00, real=0.02 secs] 
2014-07-16T07:44:56.455+0000: 971.675: [GC [PSYoungGen: 679458K->644K(654848K)] 805644K->126910K(1341824K), 0.0074820 secs] [Times: user=0.01 sys=0.00, real=0.01 secs] 
2014-07-16T07:44:57.845+0000: 973.065: [GC [PSYoungGen: 654788K->530K(631296K)] 781054K->126916K(1318272K), 0.0081900 secs] [Times: user=0.03 sys=0.00, real=0.01 secs] 
2014-07-16T07:44:59.225+0000: 974.445: [GC [PSYoungGen: 631250K->1014K(609408K)] 757636K->127464K(1296384K), 0.0089150 secs] [Times: user=0.01 sys=0.00, real=0.01 secs] 
2014-07-16T07:45:00.576+0000: 975.796: [GC [PSYoungGen: 609398K->416K(587520K)] 735848K->126946K(1274496K), 0.0030100 secs] [Times: user=0.01 sys=0.00, real=0.00 secs] 
2014-07-16T07:45:01.839+0000: 977.059: [GC [PSYoungGen: 587488K->256K(566976K)] 714018K->126914K(1253952K), 0.0192300 secs] [Times: user=0.06 sys=0.00, real=0.02 secs] 
2014-07-16T07:45:03.060+0000: 978.280: [GC [PSYoungGen: 566976K->498K(547776K)] 693634K->127244K(1234752K), 0.0074780 secs] [Times: user=0.02 sys=0.00, real=0.00 secs] 
2014-07-16T07:45:04.241+0000: 979.461: [GC [PSYoungGen: 547762K->192K(528896K)] 674508K->126994K(1215872K), 0.0092620 secs] [Times: user=0.03 sys=0.00, real=0.01 secs] 
2014-07-16T07:45:05.454+0000: 980.674: [GC [PSYoungGen: 528890K->356K(511360K)] 655693K->127206K(1198336K), 0.0048790 secs] [Times: user=0.01 sys=0.00, real=0.00 secs] 
2014-07-16T07:45:06.566+0000: 981.786: [GC [PSYoungGen: 511332K->630K(494656K)] 638182K->127560K(1181632K), 0.0078000 secs] [Times: user=0.03 sys=0.01, real=0.01 secs] 
2014-07-16T07:45:07.669+0000: 982.889: [GC [PSYoungGen: 494646K->384K(478208K)] 621576K->127362K(1165184K), 0.0069290 secs] [Times: user=0.02 sys=0.00, real=0.01 secs] 
2014-07-16T07:45:08.687+0000: 983.907: [GC [PSYoungGen: 478208K->352K(462720K)] 605186K->127386K(1149696K), 0.0055960 secs] [Times: user=0.01 sys=0.00, real=0.01 secs] 
2014-07-16T07:45:09.686+0000: 984.906: [GC [PSYoungGen: 462688K->864K(555712K)] 589722K->127954K(1242688K), 0.0230980 secs] [Times: user=0.07 sys=0.00, real=0.02 secs] 
2014-07-16T07:45:10.910+0000: 986.130: [GC [PSYoungGen: 555680K->352K(536320K)] 682770K->127530K(1223296K), 0.0063190 secs] [Times: user=0.02 sys=0.00, real=0.01 secs] 
2014-07-16T07:45:12.070+0000: 987.290: [GC [PSYoungGen: 536288K->288K(518208K)] 663466K->127610K(1205184K), 0.0149220 secs] [Times: user=0.06 sys=0.00, real=0.02 secs] 
2014-07-16T07:45:13.182+0000: 988.402: [GC [PSYoungGen: 518176K->384K(500992K)] 645498K->127778K(1187968K), 0.0096730 secs] [Times: user=0.04 sys=0.00, real=0.01 secs] 
2014-07-16T07:45:14.261+0000: 989.481: [GC [PSYoungGen: 500986K->192K(600960K)] 628381K->127626K(1287936K), 0.0212840 secs] [Times: user=0.07 sys=0.00, real=0.03 secs] 
2014-07-16T07:45:15.572+0000: 990.792: [GC [PSYoungGen: 600960K->420K(580224K)] 728394K->127886K(1267200K), 0.0040450 secs] [Times: user=0.01 sys=0.00, real=0.00 secs] 
2014-07-16T07:45:16.790+0000: 992.010: [GC [PSYoungGen: 580178K->548K(696320K)] 707645K->128110K(1383296K), 0.0202470 secs] [Times: user=0.07 sys=0.00, real=0.02 secs] 
2014-07-16T07:45:18.318+0000: 993.538: [GC [PSYoungGen: 696214K->602K(671040K)] 823776K->128212K(1358016K), 0.0045240 secs] [Times: user=0.01 sys=0.00, real=0.01 secs] 
2014-07-16T07:45:19.754+0000: 994.974: [GC [PSYoungGen: 671002K->562K(646784K)] 798612K->128236K(1333760K), 0.0134120 secs] [Times: user=0.05 sys=0.00, real=0.01 secs] 
2014-07-16T07:45:21.149+0000: 996.369: [GC [PSYoungGen: 646770K->416K(623616K)] 774444K->128210K(1310592K), 0.0093560 secs] [Times: user=0.03 sys=0.00, real=0.01 secs] 
2014-07-16T07:45:22.500+0000: 997.720: [GC [PSYoungGen: 623584K->224K(601408K)] 751378K->128170K(1288384K), 0.0108850 secs] [Times: user=0.04 sys=0.00, real=0.01 secs] 
2014-07-16T07:45:23.797+0000: 999.017: [GC [PSYoungGen: 601376K->160K(580352K)] 729322K->128186K(1267328K), 0.0047680 secs] [Times: user=0.01 sys=0.00, real=0.00 secs] 
2014-07-16T07:45:25.081+0000: 1000.301: [GC [PSYoungGen: 580295K->858K(561024K)] 708322K->128940K(1248000K), 0.0188130 secs] [Times: user=0.07 sys=0.01, real=0.02 secs] 
2014-07-16T07:45:26.282+0000: 1001.501: [GC [PSYoungGen: 560986K->288K(672512K)] 689068K->128426K(1359488K), 0.0194610 secs] [Times: user=0.07 sys=0.00, real=0.02 secs] 
2014-07-16T07:45:27.730+0000: 1002.950: [GC [PSYoungGen: 672480K->498K(648448K)] 800618K->128700K(1335424K), 0.0094370 secs] [Times: user=0.03 sys=0.00, real=0.01 secs] 
2014-07-16T07:45:29.134+0000: 1004.354: [GC [PSYoungGen: 648434K->160K(624960K)] 776636K->128410K(1311936K), 0.0107960 secs] [Times: user=0.03 sys=0.00, real=0.01 secs] 
2014-07-16T07:45:30.528+0000: 1005.748: [GC [PSYoungGen: 624889K->548K(750336K)] 753140K->128878K(1437312K), 0.0208320 secs] [Times: user=0.08 sys=0.00, real=0.02 secs] 
2014-07-16T07:45:32.116+0000: 1007.336: [GC [PSYoungGen: 750308K->384K(722304K)] 878638K->128858K(1409280K), 0.0083220 secs] [Times: user=0.03 sys=0.00, real=0.01 secs] 
2014-07-16T07:45:33.664+0000: 1008.884: [GC [PSYoungGen: 722304K->356K(695744K)] 850778K->128942K(1382720K), 0.0079060 secs] [Times: user=0.03 sys=0.00, real=0.01 secs] 
2014-07-16T07:45:35.176+0000: 1010.396: [GC [PSYoungGen: 695716K->620K(670656K)] 824302K->129286K(1357632K), 0.0034060 secs] [Times: user=0.01 sys=0.00, real=0.00 secs] 
2014-07-16T07:45:36.684+0000: 1011.904: [GC [PSYoungGen: 670636K->530K(646400K)] 799302K->129276K(1333376K), 0.0039950 secs] [Times: user=0.02 sys=0.00, real=0.01 secs] 
2014-07-16T07:45:38.072+0000: 1013.292: [GC [PSYoungGen: 646354K->466K(623296K)] 775100K->129316K(1310272K), 0.0034630 secs] [Times: user=0.01 sys=0.00, real=0.01 secs] 
2014-07-16T07:45:39.415+0000: 1014.635: [GC [PSYoungGen: 623250K->484K(601280K)] 752100K->129374K(1288256K), 0.0046650 secs] [Times: user=0.01 sys=0.00, real=0.00 secs] 
2014-07-16T07:45:40.766+0000: 1015.986: [GC [PSYoungGen: 601201K->708K(580544K)] 730092K->129702K(1267520K), 0.0142580 secs] [Times: user=0.04 sys=0.00, real=0.02 secs] 
2014-07-16T07:45:41.997+0000: 1017.217: [GC [PSYoungGen: 580484K->320K(560064K)] 709478K->129434K(1247040K), 0.0124470 secs] [Times: user=0.04 sys=0.00, real=0.01 secs] 
2014-07-16T07:45:43.209+0000: 1018.429: [GC [PSYoungGen: 560064K->192K(540800K)] 689178K->129410K(1227776K), 0.0154700 secs] [Times: user=0.06 sys=0.00, real=0.01 secs] 
2014-07-16T07:45:44.377+0000: 1019.596: [GC [PSYoungGen: 540800K->416K(522752K)] 670018K->129690K(1209728K), 0.0093270 secs] [Times: user=0.03 sys=0.00, real=0.00 secs] 
2014-07-16T07:45:45.494+0000: 1020.714: [GC [PSYoungGen: 522720K->384K(505216K)] 651994K->129730K(1192192K), 0.0116640 secs] [Times: user=0.04 sys=0.00, real=0.01 secs] 
2014-07-16T07:45:46.608+0000: 1021.828: [GC [PSYoungGen: 505160K->288K(488448K)] 634507K->129674K(1175424K), 0.0133310 secs] [Times: user=0.04 sys=0.00, real=0.01 secs] 
2014-07-16T07:45:47.682+0000: 1022.902: [GC [PSYoungGen: 488416K->544K(472768K)] 617802K->129986K(1159744K), 0.0076150 secs] [Times: user=0.01 sys=0.00, real=0.01 secs] 
2014-07-16T07:45:48.680+0000: 1023.900: [GC [PSYoungGen: 472702K->502K(457472K)] 602145K->129984K(1144448K), 0.0044360 secs] [Times: user=0.01 sys=0.00, real=0.00 secs] 
2014-07-16T07:45:49.662+0000: 1024.882: [GC [PSYoungGen: 457462K->576K(442944K)] 586944K->130114K(1129920K), 0.0098030 secs] [Times: user=0.04 sys=0.00, real=0.01 secs] 
2014-07-16T07:45:50.629+0000: 1025.849: [GC [PSYoungGen: 442944K->626K(429056K)] 572482K->130332K(1116032K), 0.0064670 secs] [Times: user=0.01 sys=0.00, real=0.00 secs] 
2014-07-16T07:45:51.572+0000: 1026.792: [GC [PSYoungGen: 429042K->672K(514816K)] 558748K->130482K(1201792K), 0.0197660 secs] [Times: user=0.06 sys=0.00, real=0.02 secs] 
2014-07-16T07:45:52.698+0000: 1027.918: [GC [PSYoungGen: 514784K->498K(497536K)] 644594K->130556K(1184512K), 0.0077860 secs] [Times: user=0.02 sys=0.00, real=0.00 secs] 
2014-07-16T07:45:53.746+0000: 1028.966: [GC [PSYoungGen: 497522K->306K(481024K)] 627580K->130452K(1168000K), 0.0063770 secs] [Times: user=0.03 sys=0.00, real=0.01 secs] 
2014-07-16T07:45:54.795+0000: 1030.015: [GC [PSYoungGen: 481009K->534K(465664K)] 611155K->130760K(1152640K), 0.0053050 secs] [Times: user=0.01 sys=0.00, real=0.01 secs] 
2014-07-16T07:45:55.866+0000: 1031.086: [GC [PSYoungGen: 465622K->946K(451136K)] 595848K->131308K(1138112K), 0.0092670 secs] [Times: user=0.03 sys=0.00, real=0.01 secs] 
2014-07-16T07:45:56.811+0000: 1032.031: [GC [PSYoungGen: 451122K->438K(436352K)] 581484K->130968K(1123328K), 0.0061510 secs] [Times: user=0.02 sys=0.00, real=0.00 secs] 
2014-07-16T07:45:57.757+0000: 1032.977: [GC [PSYoungGen: 436342K->548K(422784K)] 566872K->131142K(1109760K), 0.0048330 secs] [Times: user=0.01 sys=0.00, real=0.01 secs] 
2014-07-16T07:45:58.666+0000: 1033.886: [GC [PSYoungGen: 422720K->224K(409408K)] 553315K->130874K(1096384K), 0.0079240 secs] [Times: user=0.02 sys=0.00, real=0.01 secs] 
2014-07-16T07:45:59.548+0000: 1034.768: [GC [PSYoungGen: 409376K->374K(396992K)] 540026K->131040K(1083968K), 0.0052640 secs] [Times: user=0.02 sys=0.00, real=0.01 secs] 
2014-07-16T07:46:00.402+0000: 1035.622: [GC [PSYoungGen: 396982K->288K(384960K)] 527648K->131034K(1071936K), 0.0040270 secs] [Times: user=0.01 sys=0.00, real=0.00 secs] 
2014-07-16T07:46:01.331+0000: 1036.551: [GC [PSYoungGen: 384928K->964K(462592K)] 515674K->131790K(1149568K), 0.0220770 secs] [Times: user=0.07 sys=0.00, real=0.02 secs] 
2014-07-16T07:46:02.304+0000: 1037.524: [GC [PSYoungGen: 462532K->370K(447168K)] 593358K->131308K(1134144K), 0.0059600 secs] [Times: user=0.02 sys=0.00, real=0.01 secs] 
2014-07-16T07:46:03.260+0000: 1038.480: [GC [PSYoungGen: 447154K->480K(433152K)] 578092K->131490K(1120128K), 0.0057320 secs] [Times: user=0.01 sys=0.00, real=0.00 secs] 
2014-07-16T07:46:04.190+0000: 1039.410: [GC [PSYoungGen: 433120K->288K(519488K)] 564130K->131362K(1206464K), 0.0228520 secs] [Times: user=0.08 sys=0.00, real=0.02 secs] 
2014-07-16T07:46:05.309+0000: 1040.529: [GC [PSYoungGen: 519456K->342K(623424K)] 650530K->131432K(1310400K), 0.0046430 secs] [Times: user=0.01 sys=0.00, real=0.00 secs] 
2014-07-16T07:46:06.726+0000: 1041.946: [GC [PSYoungGen: 623382K->224K(601280K)] 754472K->131354K(1288256K), 0.0104230 secs] [Times: user=0.04 sys=0.00, real=0.01 secs] 
2014-07-16T07:46:08.032+0000: 1043.252: [GC [PSYoungGen: 601248K->996K(581056K)] 732378K->132198K(1268032K), 0.0087040 secs] [Times: user=0.03 sys=0.00, real=0.01 secs] 
2014-07-16T07:46:09.275+0000: 1044.494: [GC [PSYoungGen: 581028K->256K(560256K)] 712230K->131506K(1247232K), 0.0049560 secs] [Times: user=0.02 sys=0.00, real=0.00 secs] 
2014-07-16T07:46:10.480+0000: 1045.700: [GC [PSYoungGen: 560256K->644K(541568K)] 691506K->131974K(1228544K), 0.0206280 secs] [Times: user=0.07 sys=0.00, real=0.02 secs] 
2014-07-16T07:46:11.677+0000: 1046.896: [GC [PSYoungGen: 541508K->1138K(650240K)] 672838K->132580K(1337216K), 0.0134250 secs] [Times: user=0.04 sys=0.00, real=0.02 secs] 
2014-07-16T07:46:13.046+0000: 1048.266: [GC [PSYoungGen: 650226K->608K(779584K)] 781668K->132138K(1466560K), 0.0234550 secs] [Times: user=0.07 sys=0.00, real=0.02 secs] 
2014-07-16T07:46:14.729+0000: 1049.949: [GC [PSYoungGen: 779552K->320K(935104K)] 911082K->131954K(1622080K), 0.0106350 secs] [Times: user=0.04 sys=0.00, real=0.01 secs] 
2014-07-16T07:46:16.782+0000: 1052.002: [GC [PSYoungGen: 935104K->306K(898496K)] 1066738K->132012K(1585472K), 0.0038370 secs] [Times: user=0.01 sys=0.00, real=0.00 secs] 
2014-07-16T07:46:18.710+0000: 1053.930: [GC [PSYoungGen: 898482K->256K(863552K)] 1030188K->132058K(1550528K), 0.0085610 secs] [Times: user=0.03 sys=0.00, real=0.01 secs] 
2014-07-16T07:46:20.574+0000: 1055.794: [GC [PSYoungGen: 863552K->612K(830720K)] 995354K->132446K(1517696K), 0.0050800 secs] [Times: user=0.01 sys=0.00, real=0.00 secs] 
2014-07-16T07:46:22.380+0000: 1057.600: [GC [PSYoungGen: 830692K->544K(799040K)] 962526K->132514K(1486016K), 0.0154510 secs] [Times: user=0.06 sys=0.00, real=0.02 secs] 
2014-07-16T07:46:24.075+0000: 1059.295: [GC [PSYoungGen: 799006K->320K(768640K)] 930977K->132474K(1455616K), 0.0040500 secs] [Times: user=0.02 sys=0.00, real=0.00 secs] 
2014-07-16T07:46:25.739+0000: 1060.959: [GC [PSYoungGen: 768640K->256K(739840K)] 900794K->132466K(1426816K), 0.0038580 secs] [Times: user=0.01 sys=0.00, real=0.01 secs] 
2014-07-16T07:46:27.331+0000: 1062.551: [GC [PSYoungGen: 739840K->658K(712896K)] 872050K->132940K(1399872K), 0.0177730 secs] [Times: user=0.06 sys=0.00, real=0.02 secs] 
2014-07-16T07:46:28.862+0000: 1064.082: [GC [PSYoungGen: 712837K->502K(686592K)] 845119K->132848K(1373568K), 0.0041590 secs] [Times: user=0.01 sys=0.00, real=0.01 secs] 
2014-07-16T07:46:30.346+0000: 1065.566: [GC [PSYoungGen: 686527K->594K(661824K)] 818873K->132996K(1348800K), 0.0120510 secs] [Times: user=0.05 sys=0.00, real=0.01 secs] 
2014-07-16T07:46:31.812+0000: 1067.032: [GC [PSYoungGen: 661775K->416K(637888K)] 794178K->132954K(1324864K), 0.0053390 secs] [Times: user=0.01 sys=0.00, real=0.01 secs] 
2014-07-16T07:46:33.169+0000: 1068.389: [GC [PSYoungGen: 637856K->384K(615168K)] 770394K->133066K(1302144K), 0.0149840 secs] [Times: user=0.04 sys=0.00, real=0.02 secs] 
2014-07-16T07:46:34.500+0000: 1069.720: [GC [PSYoungGen: 615168K->434K(593600K)] 747850K->133180K(1280576K), 0.0049100 secs] [Times: user=0.01 sys=0.01, real=0.01 secs] 
2014-07-16T07:46:35.773+0000: 1070.993: [GC [PSYoungGen: 593586K->178K(572672K)] 726332K->132964K(1259648K), 0.0081880 secs] [Times: user=0.01 sys=0.00, real=0.01 secs] 
2014-07-16T07:46:37.011+0000: 1072.231: [GC [PSYoungGen: 572658K->242K(553024K)] 705444K->133068K(1240000K), 0.0088810 secs] [Times: user=0.03 sys=0.00, real=0.01 secs] 
2014-07-16T07:46:38.227+0000: 1073.447: [GC [PSYoungGen: 553010K->224K(534208K)] 685836K->133122K(1221184K), 0.0065180 secs] [Times: user=0.02 sys=0.00, real=0.01 secs] 
2014-07-16T07:46:39.382+0000: 1074.602: [GC [PSYoungGen: 534176K->448K(516416K)] 667074K->133386K(1203392K), 0.0129330 secs] [Times: user=0.04 sys=0.00, real=0.01 secs] 
2014-07-16T07:46:40.499+0000: 1075.719: [GC [PSYoungGen: 516416K->580K(499456K)] 649354K->133598K(1186432K), 0.0172610 secs] [Times: user=0.06 sys=0.00, real=0.02 secs] 
2014-07-16T07:46:41.657+0000: 1076.877: [GC [PSYoungGen: 499396K->754K(599360K)] 632414K->134012K(1286336K), 0.0210800 secs] [Times: user=0.08 sys=0.00, real=0.02 secs] 
2014-07-16T07:46:42.967+0000: 1078.187: [GC [PSYoungGen: 599316K->836K(719232K)] 732574K->134230K(1406208K), 0.0085050 secs] [Times: user=0.03 sys=0.00, real=0.01 secs] 
2014-07-16T07:46:44.493+0000: 1079.713: [GC [PSYoungGen: 719172K->338K(692288K)] 852566K->133860K(1379264K), 0.0147680 secs] [Times: user=0.05 sys=0.00, real=0.02 secs] 
2014-07-16T07:46:45.991+0000: 1081.211: [GC [PSYoungGen: 692181K->516K(667328K)] 825704K->134086K(1354304K), 0.0148510 secs] [Times: user=0.05 sys=0.00, real=0.02 secs] 
2014-07-16T07:46:47.441+0000: 1082.661: [GC [PSYoungGen: 667251K->626K(643392K)] 800821K->134268K(1330368K), 0.0075190 secs] [Times: user=0.02 sys=0.00, real=0.01 secs] 
2014-07-16T07:46:48.828+0000: 1084.048: [GC [PSYoungGen: 643378K->672K(620544K)] 777020K->134402K(1307520K), 0.0180710 secs] [Times: user=0.05 sys=0.00, real=0.02 secs] 
2014-07-16T07:46:50.182+0000: 1085.402: [GC [PSYoungGen: 620462K->768K(744576K)] 754193K->134570K(1431552K), 0.0215320 secs] [Times: user=0.08 sys=0.00, real=0.02 secs] 
2014-07-16T07:46:51.912+0000: 1087.131: [GC [PSYoungGen: 744576K->1042K(717312K)] 878378K->135064K(1404288K), 0.0061320 secs] [Times: user=0.01 sys=0.00, real=0.01 secs] 
2014-07-16T07:46:53.456+0000: 1088.676: [GC [PSYoungGen: 717266K->356K(690304K)] 851288K->134554K(1377280K), 0.0079560 secs] [Times: user=0.03 sys=0.00, real=0.01 secs] 
2014-07-16T07:46:55.014+0000: 1090.234: [GC [PSYoungGen: 690276K->320K(665152K)] 824474K->134598K(1352128K), 0.0056900 secs] [Times: user=0.01 sys=0.00, real=0.01 secs] 
2014-07-16T07:46:56.444+0000: 1091.664: [GC [PSYoungGen: 665152K->434K(641344K)] 799430K->134816K(1328320K), 0.0190640 secs] [Times: user=0.06 sys=0.00, real=0.02 secs] 
2014-07-16T07:46:57.900+0000: 1093.120: [GC [PSYoungGen: 641330K->598K(618688K)] 775712K->135044K(1305664K), 0.0134000 secs] [Times: user=0.04 sys=0.01, real=0.01 secs] 
2014-07-16T07:46:59.243+0000: 1094.463: [GC [PSYoungGen: 618646K->818K(742528K)] 753092K->135368K(1429504K), 0.0223780 secs] [Times: user=0.08 sys=0.00, real=0.02 secs] 
2014-07-16T07:47:00.830+0000: 1096.050: [GC [PSYoungGen: 742514K->320K(890368K)] 877064K->134950K(1577344K), 0.0177790 secs] [Times: user=0.06 sys=0.00, real=0.01 secs] 
2014-07-16T07:47:02.782+0000: 1098.002: [GC [PSYoungGen: 890368K->626K(856192K)] 1024998K->135376K(1543168K), 0.0114220 secs] [Times: user=0.04 sys=0.00, real=0.01 secs] 
2014-07-16T07:47:04.644+0000: 1099.864: [GC [PSYoungGen: 856178K->384K(1027072K)] 990928K->135262K(1714048K), 0.0275140 secs] [Times: user=0.10 sys=0.00, real=0.03 secs] 
2014-07-16T07:47:06.873+0000: 1102.093: [GC [PSYoungGen: 1027072K->256K(985920K)] 1161950K->135238K(1672896K), 0.0082910 secs] [Times: user=0.01 sys=0.00, real=0.01 secs] 
2014-07-16T07:47:09.070+0000: 1104.290: [GC [PSYoungGen: 985920K->338K(947008K)] 1120902K->135384K(1633984K), 0.0046970 secs] [Times: user=0.02 sys=0.00, real=0.00 secs] 
2014-07-16T07:47:11.118+0000: 1106.338: [GC [PSYoungGen: 946962K->320K(909760K)] 1082008K->135470K(1596736K), 0.0069820 secs] [Times: user=0.03 sys=0.00, real=0.01 secs] 
2014-07-16T07:47:13.108+0000: 1108.328: [GC [PSYoungGen: 909760K->544K(874624K)] 1044910K->135854K(1561600K), 0.0083350 secs] [Times: user=0.02 sys=0.01, real=0.01 secs] 
2014-07-16T07:47:14.989+0000: 1110.209: [GC [PSYoungGen: 874592K->352K(840704K)] 1009902K->135798K(1527680K), 0.0063540 secs] [Times: user=0.02 sys=0.01, real=0.01 secs] 
2014-07-16T07:47:16.815+0000: 1112.035: [GC [PSYoungGen: 840672K->804K(809024K)] 976118K->136362K(1496000K), 0.0043680 secs] [Times: user=0.01 sys=0.00, real=0.00 secs] 
2014-07-16T07:47:18.579+0000: 1113.799: [GC [PSYoungGen: 808996K->754K(778368K)] 944554K->136384K(1465344K), 0.0093190 secs] [Times: user=0.03 sys=0.01, real=0.01 secs] 
2014-07-16T07:47:20.247+0000: 1115.467: [GC [PSYoungGen: 778354K->416K(748864K)] 913984K->136126K(1435840K), 0.0135030 secs] [Times: user=0.05 sys=0.00, real=0.01 secs] 
2014-07-16T07:47:21.847+0000: 1117.067: [GC [PSYoungGen: 748832K->242K(720896K)] 884542K->136088K(1407872K), 0.0105720 secs] [Times: user=0.04 sys=0.00, real=0.01 secs] 
2014-07-16T07:47:23.402+0000: 1118.622: [GC [PSYoungGen: 720882K->448K(694592K)] 856728K->136398K(1381568K), 0.0042290 secs] [Times: user=0.01 sys=0.00, real=0.00 secs] 
2014-07-16T07:47:24.915+0000: 1120.135: [GC [PSYoungGen: 694592K->224K(669120K)] 830542K->136278K(1356096K), 0.0051430 secs] [Times: user=0.01 sys=0.00, real=0.00 secs] 
2014-07-16T07:47:26.363+0000: 1121.583: [GC [PSYoungGen: 668998K->374K(645120K)] 805053K->136492K(1332096K), 0.0123440 secs] [Times: user=0.05 sys=0.00, real=0.01 secs] 
2014-07-16T07:47:27.772+0000: 1122.992: [GC [PSYoungGen: 645110K->498K(622272K)] 781228K->136688K(1309248K), 0.0143880 secs] [Times: user=0.05 sys=0.00, real=0.02 secs] 
2014-07-16T07:47:29.096+0000: 1124.316: [GC [PSYoungGen: 622258K->160K(600000K)] 758448K->136414K(1286976K), 0.0087350 secs] [Times: user=0.01 sys=0.00, real=0.01 secs] 
2014-07-16T07:47:30.401+0000: 1125.621: [GC [PSYoungGen: 599968K->786K(579712K)] 736222K->137096K(1266688K), 0.0190690 secs] [Times: user=0.06 sys=0.00, real=0.02 secs] 
2014-07-16T07:47:31.640+0000: 1126.860: [GC [PSYoungGen: 579665K->434K(559360K)] 715976K->136840K(1246336K), 0.0083910 secs] [Times: user=0.01 sys=0.00, real=0.01 secs] 
2014-07-16T07:47:32.865+0000: 1128.085: [GC [PSYoungGen: 559346K->754K(540608K)] 695752K->137256K(1227584K), 0.0179420 secs] [Times: user=0.06 sys=0.01, real=0.02 secs] 
2014-07-16T07:47:34.029+0000: 1129.249: [GC [PSYoungGen: 540594K->772K(522432K)] 677096K->137378K(1209408K), 0.0043430 secs] [Times: user=0.01 sys=0.00, real=0.01 secs] 
2014-07-16T07:47:35.155+0000: 1130.375: [GC [PSYoungGen: 522372K->160K(626112K)] 658978K->136830K(1313088K), 0.0290090 secs] [Times: user=0.10 sys=0.00, real=0.03 secs] 
2014-07-16T07:47:36.506+0000: 1131.726: [GC [PSYoungGen: 626080K->224K(751360K)] 762750K->136950K(1438336K), 0.0151310 secs] [Times: user=0.05 sys=0.00, real=0.01 secs] 
2014-07-16T07:47:38.131+0000: 1133.351: [GC [PSYoungGen: 751328K->932K(902336K)] 888054K->137706K(1589312K), 0.0311520 secs] [Times: user=0.11 sys=0.01, real=0.03 secs] 
2014-07-16T07:47:40.075+0000: 1135.295: [GC [PSYoungGen: 902308K->690K(1082368K)] 1039082K->137520K(1769344K), 0.0181310 secs] [Times: user=0.06 sys=0.00, real=0.01 secs] 
2014-07-16T07:47:42.400+0000: 1137.620: [GC [PSYoungGen: 1082354K->812K(1298880K)] 1219184K->137836K(1985856K), 0.0166630 secs] [Times: user=0.05 sys=0.00, real=0.02 secs] 
2014-07-16T07:47:45.250+0000: 1140.470: [GC [PSYoungGen: 1298860K->1196K(1558912K)] 1435884K->138380K(2245888K), 0.0270580 secs] [Times: user=0.10 sys=0.00, real=0.03 secs] 
2014-07-16T07:47:48.628+0000: 1143.848: [GC [PSYoungGen: 1558892K->448K(1491328K)] 1696076K->137784K(2178304K), 0.0079440 secs] [Times: user=0.03 sys=0.00, real=0.01 secs] 
2014-07-16T07:47:51.852+0000: 1147.072: [GC [PSYoungGen: 1491328K->800K(1428160K)] 1628664K->138280K(2115136K), 0.0305620 secs] [Times: user=0.11 sys=0.00, real=0.03 secs] 
2014-07-16T07:47:54.979+0000: 1150.199: [GC [PSYoungGen: 1428128K->448K(1367360K)] 1565608K->138096K(2054336K), 0.0051600 secs] [Times: user=0.01 sys=0.01, real=0.00 secs] 
2014-07-16T07:47:58.042+0000: 1153.262: [GC [PSYoungGen: 1367360K->900K(1310400K)] 1505008K->138756K(1997376K), 0.0095940 secs] [Times: user=0.03 sys=0.01, real=0.01 secs] 
2014-07-16T07:48:00.875+0000: 1156.095: [GC [PSYoungGen: 1310340K->320K(1255104K)] 1448196K->138288K(1942080K), 0.0082810 secs] [Times: user=0.02 sys=0.00, real=0.01 secs] 
2014-07-16T07:48:03.676+0000: 1158.896: [GC [PSYoungGen: 1255104K->722K(1203520K)] 1393072K->138866K(1890496K), 0.0087020 secs] [Times: user=0.01 sys=0.00, real=0.01 secs] 
2014-07-16T07:48:06.277+0000: 1161.497: [GC [PSYoungGen: 1203474K->420K(1153728K)] 1341618K->138724K(1840704K), 0.0110120 secs] [Times: user=0.03 sys=0.00, real=0.01 secs] 
2014-07-16T07:48:08.820+0000: 1164.040: [GC [PSYoungGen: 1153700K->224K(1106432K)] 1292004K->138640K(1793408K), 0.0051720 secs] [Times: user=0.02 sys=0.00, real=0.00 secs] 
2014-07-16T07:48:11.217+0000: 1166.437: [GC [PSYoungGen: 1106400K->448K(1061824K)] 1244816K->138928K(1748800K), 0.0391350 secs] [Times: user=0.14 sys=0.00, real=0.04 secs] 
2014-07-16T07:48:13.546+0000: 1168.766: [GC [PSYoungGen: 1061824K->900K(1019648K)] 1200304K->139524K(1706624K), 0.0068380 secs] [Times: user=0.01 sys=0.00, real=0.01 secs] 
2014-07-16T07:48:15.773+0000: 1170.993: [GC [PSYoungGen: 1019588K->818K(978880K)] 1158212K->139626K(1665856K), 0.0202930 secs] [Times: user=0.07 sys=0.01, real=0.02 secs] 
2014-07-16T07:48:17.925+0000: 1173.145: [GC [PSYoungGen: 978866K->800K(940224K)] 1117674K->139736K(1627200K), 0.0074170 secs] [Times: user=0.02 sys=0.00, real=0.01 secs] 
2014-07-16T07:48:19.945+0000: 1175.165: [GC [PSYoungGen: 940192K->320K(902912K)] 1079128K->139352K(1589888K), 0.0108130 secs] [Times: user=0.04 sys=0.00, real=0.01 secs] 
2014-07-16T07:48:21.887+0000: 1177.107: [GC [PSYoungGen: 902912K->256K(867776K)] 1041944K->139384K(1554752K), 0.0062870 secs] [Times: user=0.01 sys=0.00, real=0.01 secs] 
2014-07-16T07:48:23.826+0000: 1179.046: [GC [PSYoungGen: 867776K->402K(834560K)] 1006904K->139658K(1521536K), 0.0076010 secs] [Times: user=0.02 sys=0.01, real=0.01 secs] 
2014-07-16T07:48:25.617+0000: 1180.837: [GC [PSYoungGen: 834514K->160K(802496K)] 973770K->139536K(1489472K), 0.0040370 secs] [Times: user=0.01 sys=0.00, real=0.00 secs] 
2014-07-16T07:48:27.398+0000: 1182.618: [GC [PSYoungGen: 802389K->922K(772928K)] 941766K->140378K(1459904K), 0.0148590 secs] [Times: user=0.04 sys=0.00, real=0.02 secs] 
2014-07-16T07:48:29.064+0000: 1184.284: [GC [PSYoungGen: 772890K->516K(743616K)] 912346K->140068K(1430592K), 0.0112470 secs] [Times: user=0.04 sys=0.00, real=0.01 secs] 
2014-07-16T07:48:30.678+0000: 1185.898: [GC [PSYoungGen: 743556K->626K(716096K)] 883108K->140274K(1403072K), 0.0089910 secs] [Times: user=0.04 sys=0.00, real=0.01 secs] 
2014-07-16T07:48:32.223+0000: 1187.443: [GC [PSYoungGen: 716082K->676K(689920K)] 855730K->140476K(1376896K), 0.0115040 secs] [Times: user=0.04 sys=0.00, real=0.01 secs] 
2014-07-16T07:48:33.741+0000: 1188.961: [GC [PSYoungGen: 689892K->370K(664576K)] 829692K->140258K(1351552K), 0.0075380 secs] [Times: user=0.03 sys=0.00, real=0.01 secs] 
2014-07-16T07:48:35.137+0000: 1190.357: [GC [PSYoungGen: 664538K->726K(641088K)] 804427K->140726K(1328064K), 0.0292390 secs] [Times: user=0.11 sys=0.00, real=0.03 secs] 
2014-07-16T07:48:36.521+0000: 1191.741: [GC [PSYoungGen: 641046K->224K(617792K)] 781046K->140288K(1304768K), 0.0114910 secs] [Times: user=0.04 sys=0.00, real=0.02 secs] 
2014-07-16T07:48:37.879+0000: 1193.099: [GC [PSYoungGen: 617760K->384K(596160K)] 757824K->140528K(1283136K), 0.0068900 secs] [Times: user=0.03 sys=0.00, real=0.01 secs] 
2014-07-16T07:48:39.149+0000: 1194.369: [GC [PSYoungGen: 596160K->224K(575296K)] 736304K->140440K(1262272K), 0.0079080 secs] [Times: user=0.03 sys=0.00, real=0.01 secs] 
2014-07-16T07:48:40.395+0000: 1195.615: [GC [PSYoungGen: 575264K->288K(555520K)] 715480K->140576K(1242496K), 0.0166280 secs] [Times: user=0.06 sys=0.00, real=0.01 secs] 
2014-07-16T07:48:41.591+0000: 1196.811: [GC [PSYoungGen: 555488K->256K(536512K)] 695776K->140648K(1223488K), 0.0044190 secs] [Times: user=0.02 sys=0.00, real=0.01 secs] 
2014-07-16T07:48:42.749+0000: 1197.969: [GC [PSYoungGen: 536512K->562K(518784K)] 676904K->141026K(1205760K), 0.0133950 secs] [Times: user=0.06 sys=0.00, real=0.01 secs] 
2014-07-16T07:48:43.958+0000: 1199.178: [GC [PSYoungGen: 518770K->384K(622272K)] 659234K->140904K(1309248K), 0.0187900 secs] [Times: user=0.06 sys=0.00, real=0.02 secs] 
2014-07-16T07:48:45.309+0000: 1200.529: [GC [PSYoungGen: 622269K->598K(600576K)] 762790K->141222K(1287552K), 0.0120470 secs] [Times: user=0.04 sys=0.00, real=0.01 secs] 
2014-07-16T07:48:46.628+0000: 1201.848: [GC [PSYoungGen: 600534K->680K(720640K)] 741158K->141368K(1407616K), 0.0207190 secs] [Times: user=0.06 sys=0.00, real=0.02 secs] 
2014-07-16T07:48:48.217+0000: 1203.437: [GC [PSYoungGen: 720616K->680K(864640K)] 861304K->141448K(1551616K), 0.0163440 secs] [Times: user=0.06 sys=0.00, real=0.01 secs] 
2014-07-16T07:48:50.125+0000: 1205.345: [GC [PSYoungGen: 864615K->416K(831168K)] 1005384K->141248K(1518144K), 0.0061350 secs] [Times: user=0.02 sys=0.00, real=0.00 secs] 
2014-07-16T07:48:51.923+0000: 1207.143: [GC [PSYoungGen: 831136K->516K(799616K)] 971968K->141508K(1486592K), 0.0047250 secs] [Times: user=0.01 sys=0.01, real=0.01 secs] 
2014-07-16T07:48:53.648+0000: 1208.868: [GC [PSYoungGen: 799556K->534K(769408K)] 940548K->141646K(1456384K), 0.0166350 secs] [Times: user=0.06 sys=0.00, real=0.01 secs] 
2014-07-16T07:48:55.331+0000: 1210.550: [GC [PSYoungGen: 769366K->452K(740608K)] 910478K->141668K(1427584K), 0.0056640 secs] [Times: user=0.01 sys=0.00, real=0.01 secs] 
2014-07-16T07:48:56.929+0000: 1212.149: [GC [PSYoungGen: 740463K->672K(713408K)] 881680K->141992K(1400384K), 0.0074740 secs] [Times: user=0.02 sys=0.00, real=0.01 secs] 
2014-07-16T07:48:58.457+0000: 1213.677: [GC [PSYoungGen: 713345K->676K(687296K)] 854666K->142076K(1374272K), 0.0151250 secs] [Times: user=0.05 sys=0.00, real=0.01 secs] 
2014-07-16T07:48:59.965+0000: 1215.185: [GC [PSYoungGen: 687268K->562K(662208K)] 828668K->142042K(1349184K), 0.0119690 secs] [Times: user=0.04 sys=0.00, real=0.02 secs] 
2014-07-16T07:49:01.401+0000: 1216.621: [GC [PSYoungGen: 662194K->662K(638592K)] 803674K->142246K(1325568K), 0.0125100 secs] [Times: user=0.04 sys=0.00, real=0.01 secs] 
2014-07-16T07:49:02.779+0000: 1217.999: [GC [PSYoungGen: 638550K->580K(615872K)] 780134K->142268K(1302848K), 0.0205940 secs] [Times: user=0.07 sys=0.00, real=0.02 secs] 
2014-07-16T07:49:04.191+0000: 1219.411: [GC [PSYoungGen: 615812K->288K(738624K)] 757500K->142056K(1425600K), 0.0200010 secs] [Times: user=0.08 sys=0.00, real=0.02 secs] 
2014-07-16T07:49:05.783+0000: 1221.003: [GC [PSYoungGen: 738592K->256K(886272K)] 880360K->142128K(1573248K), 0.0249190 secs] [Times: user=0.09 sys=0.00, real=0.03 secs] 
2014-07-16T07:49:07.731+0000: 1222.951: [GC [PSYoungGen: 886272K->608K(1063872K)] 1028144K->142544K(1750848K), 0.0234640 secs] [Times: user=0.08 sys=0.00, real=0.02 secs] 
2014-07-16T07:49:10.090+0000: 1225.310: [GC [PSYoungGen: 1063811K->858K(1276800K)] 1205748K->142906K(1963776K), 0.0258510 secs] [Times: user=0.09 sys=0.00, real=0.02 secs] 
2014-07-16T07:49:12.841+0000: 1228.061: [GC [PSYoungGen: 1276762K->736K(1531904K)] 1418810K->142984K(2218880K), 0.0184980 secs] [Times: user=0.06 sys=0.00, real=0.02 secs] 
2014-07-16T07:49:16.184+0000: 1231.404: [GC [PSYoungGen: 1531872K->384K(1466048K)] 1674120K->142792K(2153024K), 0.0157150 secs] [Times: user=0.05 sys=0.00, real=0.02 secs] 
2014-07-16T07:49:19.451+0000: 1234.671: [GC [PSYoungGen: 1465953K->794K(1404224K)] 1608362K->143322K(2091200K), 0.0236540 secs] [Times: user=0.08 sys=0.00, real=0.02 secs] 
2014-07-16T07:49:22.458+0000: 1237.678: [GC [PSYoungGen: 1404186K->544K(1344704K)] 1546714K->143288K(2031680K), 0.0084140 secs] [Times: user=0.02 sys=0.00, real=0.01 secs] 
2014-07-16T07:49:25.350+0000: 1240.570: [GC [PSYoungGen: 1344672K->384K(1288128K)] 1487416K->143336K(1975104K), 0.0187620 secs] [Times: user=0.06 sys=0.00, real=0.01 secs] 
2014-07-16T07:49:28.138+0000: 1243.358: [GC [PSYoungGen: 1288029K->840K(1235008K)] 1430982K->143888K(1921984K), 0.0089420 secs] [Times: user=0.04 sys=0.00, real=0.01 secs] 
2014-07-16T07:49:30.880+0000: 1246.100: [GC [PSYoungGen: 1234934K->932K(1184064K)] 1377982K->144052K(1871040K), 0.0043770 secs] [Times: user=0.01 sys=0.00, real=0.01 secs] 
2014-07-16T07:49:33.417+0000: 1248.637: [GC [PSYoungGen: 1184036K->374K(1134976K)] 1327156K->143882K(1821952K), 0.0080250 secs] [Times: user=0.01 sys=0.00, real=0.01 secs] 
2014-07-16T07:49:35.880+0000: 1251.100: [GC [PSYoungGen: 1134966K->644K(1089088K)] 1278474K->144280K(1776064K), 0.0225370 secs] [Times: user=0.08 sys=0.00, real=0.03 secs] 
2014-07-16T07:49:38.226+0000: 1253.446: [GC [PSYoungGen: 1089028K->576K(1044992K)] 1232664K->144356K(1731968K), 0.0051740 secs] [Times: user=0.02 sys=0.00, real=0.00 secs] 
2014-07-16T07:49:40.533+0000: 1255.753: [GC [PSYoungGen: 1044992K->576K(1003136K)] 1188772K->144436K(1690112K), 0.0066600 secs] [Times: user=0.02 sys=0.00, real=0.00 secs] 
2014-07-16T07:49:42.703+0000: 1257.923: [GC [PSYoungGen: 1003136K->740K(963456K)] 1146996K->144800K(1650432K), 0.0140670 secs] [Times: user=0.05 sys=0.00, real=0.01 secs] 
2014-07-16T07:49:44.810+0000: 1260.030: [GC [PSYoungGen: 963428K->548K(925312K)] 1107488K->144728K(1612288K), 0.0053580 secs] [Times: user=0.01 sys=0.00, real=0.01 secs] 
2014-07-16T07:49:46.779+0000: 1261.999: [GC [PSYoungGen: 925284K->548K(889216K)] 1069464K->144816K(1576192K), 0.0052020 secs] [Times: user=0.01 sys=0.00, real=0.01 secs] 
2014-07-16T07:49:48.746+0000: 1263.966: [GC [PSYoungGen: 889188K->416K(854656K)] 1033456K->144748K(1541632K), 0.0059370 secs] [Times: user=0.02 sys=0.00, real=0.00 secs] 
2014-07-16T07:49:50.621+0000: 1265.841: [GC [PSYoungGen: 854624K->594K(822080K)] 998956K->145014K(1509056K), 0.0051080 secs] [Times: user=0.01 sys=0.00, real=0.01 secs] 
2014-07-16T07:49:52.347+0000: 1267.567: [GC [PSYoungGen: 822034K->352K(790592K)] 966454K->144948K(1477568K), 0.0049310 secs] [Times: user=0.02 sys=0.00, real=0.00 secs] 
2014-07-16T07:49:54.058+0000: 1269.278: [GC [PSYoungGen: 790560K->448K(760896K)] 935156K->145148K(1447872K), 0.0096430 secs] [Times: user=0.03 sys=0.00, real=0.01 secs] 
2014-07-16T07:49:55.726+0000: 1270.946: [GC [PSYoungGen: 760896K->160K(732288K)] 905596K->144916K(1419264K), 0.0137710 secs] [Times: user=0.05 sys=0.00, real=0.01 secs] 
2014-07-16T07:49:57.320+0000: 1272.540: [GC [PSYoungGen: 732248K->662K(705728K)] 877004K->145498K(1392704K), 0.0054880 secs] [Times: user=0.02 sys=0.01, real=0.01 secs] 
2014-07-16T07:49:58.838+0000: 1274.058: [GC [PSYoungGen: 705686K->544K(679808K)] 850522K->145436K(1366784K), 0.0077150 secs] [Times: user=0.03 sys=0.00, real=0.01 secs] 
2014-07-16T07:50:00.366+0000: 1275.586: [GC [PSYoungGen: 679776K->804K(655488K)] 824668K->145752K(1342464K), 0.0146410 secs] [Times: user=0.05 sys=0.00, real=0.01 secs] 
2014-07-16T07:50:01.846+0000: 1277.066: [GC [PSYoungGen: 655456K->672K(631936K)] 800405K->145780K(1318912K), 0.0066820 secs] [Times: user=0.01 sys=0.00, real=0.00 secs] 
2014-07-16T07:50:03.211+0000: 1278.431: [GC [PSYoungGen: 631904K->402K(609280K)] 777012K->145654K(1296256K), 0.0051230 secs] [Times: user=0.01 sys=0.00, real=0.01 secs] 
2014-07-16T07:50:04.524+0000: 1279.744: [GC [PSYoungGen: 609234K->256K(587712K)] 754486K->145572K(1274688K), 0.0094520 secs] [Times: user=0.03 sys=0.00, real=0.01 secs] 
2014-07-16T07:50:05.852+0000: 1281.072: [GC [PSYoungGen: 587712K->434K(567552K)] 733028K->145798K(1254528K), 0.0249250 secs] [Times: user=0.08 sys=0.00, real=0.03 secs] 
2014-07-16T07:50:07.095+0000: 1282.315: [GC [PSYoungGen: 567538K->672K(548352K)] 712902K->146140K(1235328K), 0.0088140 secs] [Times: user=0.02 sys=0.01, real=0.01 secs] 
2014-07-16T07:50:08.273+0000: 1283.493: [GC [PSYoungGen: 548320K->338K(529472K)] 693788K->145854K(1216448K), 0.0035700 secs] [Times: user=0.01 sys=0.00, real=0.01 secs] 
2014-07-16T07:50:09.407+0000: 1284.627: [GC [PSYoungGen: 529368K->790K(512192K)] 674884K->146370K(1199168K), 0.0090100 secs] [Times: user=0.02 sys=0.00, real=0.00 secs] 
2014-07-16T07:50:10.577+0000: 1285.797: [GC [PSYoungGen: 512150K->676K(495104K)] 657730K->146320K(1182080K), 0.0103700 secs] [Times: user=0.04 sys=0.00, real=0.02 secs] 
2014-07-16T07:50:11.625+0000: 1286.845: [GC [PSYoungGen: 495076K->434K(478656K)] 640720K->146206K(1165632K), 0.0040280 secs] [Times: user=0.01 sys=0.00, real=0.01 secs] 
2014-07-16T07:50:12.645+0000: 1287.865: [GC [PSYoungGen: 478642K->352K(463104K)] 624414K->146212K(1150080K), 0.0142170 secs] [Times: user=0.05 sys=0.00, real=0.02 secs] 
2014-07-16T07:50:13.654+0000: 1288.874: [GC [PSYoungGen: 463072K->224K(448128K)] 608932K->146140K(1135104K), 0.0041490 secs] [Times: user=0.01 sys=0.00, real=0.01 secs] 
2014-07-16T07:50:14.623+0000: 1289.843: [GC [PSYoungGen: 448069K->278K(433984K)] 593985K->146226K(1120960K), 0.0052220 secs] [Times: user=0.01 sys=0.00, real=0.01 secs] 
2014-07-16T07:50:15.579+0000: 1290.799: [GC [PSYoungGen: 433942K->288K(420416K)] 579890K->146284K(1107392K), 0.0081640 secs] [Times: user=0.03 sys=0.00, real=0.01 secs] 
2014-07-16T07:50:16.480+0000: 1291.700: [GC [PSYoungGen: 420384K->352K(407488K)] 566380K->146420K(1094464K), 0.0063370 secs] [Times: user=0.02 sys=0.00, real=0.00 secs] 
2014-07-16T07:50:17.368+0000: 1292.588: [GC [PSYoungGen: 407456K->754K(489344K)] 553524K->146846K(1176320K), 0.0239130 secs] [Times: user=0.09 sys=0.00, real=0.02 secs] 
2014-07-16T07:50:18.414+0000: 1293.634: [GC [PSYoungGen: 489330K->612K(586944K)] 635422K->146728K(1273920K), 0.0058540 secs] [Times: user=0.01 sys=0.00, real=0.01 secs] 
2014-07-16T07:50:19.727+0000: 1294.947: [GC [PSYoungGen: 586916K->608K(566592K)] 733032K->146788K(1253568K), 0.0084370 secs] [Times: user=0.03 sys=0.00, real=0.01 secs] 
2014-07-16T07:50:20.927+0000: 1296.147: [GC [PSYoungGen: 566550K->548K(679744K)] 712730K->146872K(1366720K), 0.0255850 secs] [Times: user=0.09 sys=0.00, real=0.03 secs] 
2014-07-16T07:50:22.436+0000: 1297.656: [GC [PSYoungGen: 679716K->352K(654976K)] 826040K->146772K(1341952K), 0.0044250 secs] [Times: user=0.01 sys=0.00, real=0.01 secs] 
2014-07-16T07:50:23.847+0000: 1299.067: [GC [PSYoungGen: 654944K->224K(631424K)] 801364K->146772K(1318400K), 0.0082560 secs] [Times: user=0.03 sys=0.00, real=0.01 secs] 
2014-07-16T07:50:25.318+0000: 1300.538: [GC [PSYoungGen: 631392K->960K(609728K)] 777940K->147644K(1296704K), 0.0060770 secs] [Times: user=0.02 sys=0.00, real=0.01 secs] 
2014-07-16T07:50:26.531+0000: 1301.751: [GC [PSYoungGen: 609728K->548K(587968K)] 756412K->147288K(1274944K), 0.0184640 secs] [Times: user=0.07 sys=0.00, real=0.02 secs] 
2014-07-16T07:50:27.818+0000: 1303.038: [GC [PSYoungGen: 587940K->676K(567744K)] 734680K->147488K(1254720K), 0.0075660 secs] [Times: user=0.01 sys=0.00, real=0.01 secs] 
2014-07-16T07:50:29.048+0000: 1304.268: [GC [PSYoungGen: 567716K->918K(681408K)] 714528K->147802K(1368384K), 0.0190090 secs] [Times: user=0.06 sys=0.00, real=0.02 secs] 
2014-07-16T07:50:30.600+0000: 1305.820: [GC [PSYoungGen: 681269K->772K(817408K)] 828153K->147712K(1504384K), 0.0268130 secs] [Times: user=0.09 sys=0.00, real=0.02 secs] 
2014-07-16T07:50:32.425+0000: 1307.645: [GC [PSYoungGen: 817348K->690K(980608K)] 964288K->148054K(1667584K), 0.0345710 secs] [Times: user=0.12 sys=0.00, real=0.03 secs] 
2014-07-16T07:50:34.483+0000: 1309.703: [GC [PSYoungGen: 980594K->320K(1176256K)] 1127958K->147836K(1863232K), 0.0043270 secs] [Times: user=0.01 sys=0.00, real=0.00 secs] 
2014-07-16T07:50:37.045+0000: 1312.265: [GC [PSYoungGen: 1176256K->914K(1128704K)] 1323772K->148574K(1815680K), 0.0094090 secs] [Times: user=0.04 sys=0.00, real=0.01 secs] 
2014-07-16T07:50:39.473+0000: 1314.692: [GC [PSYoungGen: 1128658K->288K(1082176K)] 1276318K->148044K(1769152K), 0.0045590 secs] [Times: user=0.02 sys=0.01, real=0.00 secs] 
2014-07-16T07:50:41.843+0000: 1317.063: [GC [PSYoungGen: 1082144K->562K(1038784K)] 1229900K->148414K(1725760K), 0.0118050 secs] [Times: user=0.04 sys=0.00, real=0.01 secs] 
2014-07-16T07:50:44.121+0000: 1319.341: [GC [PSYoungGen: 1038770K->914K(997632K)] 1186622K->149006K(1684608K), 0.0175610 secs] [Times: user=0.06 sys=0.00, real=0.02 secs] 
2014-07-16T07:50:46.345+0000: 1321.565: [GC [PSYoungGen: 997586K->448K(957568K)] 1145678K->148676K(1644544K), 0.0038130 secs] [Times: user=0.01 sys=0.00, real=0.00 secs] 
2014-07-16T07:50:48.406+0000: 1323.626: [GC [PSYoungGen: 957568K->434K(919872K)] 1105796K->148806K(1606848K), 0.0078500 secs] [Times: user=0.01 sys=0.00, real=0.01 secs] 
2014-07-16T07:50:50.387+0000: 1325.607: [GC [PSYoungGen: 919858K->320K(883840K)] 1068230K->148724K(1570816K), 0.0049300 secs] [Times: user=0.01 sys=0.00, real=0.00 secs] 
2014-07-16T07:50:52.360+0000: 1327.580: [GC [PSYoungGen: 883838K->758K(850112K)] 1032242K->149314K(1537088K), 0.0067120 secs] [Times: user=0.01 sys=0.00, real=0.01 secs] 
2014-07-16T07:50:54.211+0000: 1329.431: [GC [PSYoungGen: 850102K->594K(817408K)] 998658K->149326K(1504384K), 0.0119380 secs] [Times: user=0.04 sys=0.00, real=0.02 secs] 
2014-07-16T07:50:56.017+0000: 1331.237: [GC [PSYoungGen: 817339K->480K(786240K)] 966071K->149308K(1473216K), 0.0088740 secs] [Times: user=0.02 sys=0.00, real=0.01 secs] 
2014-07-16T07:50:57.719+0000: 1332.939: [GC [PSYoungGen: 786206K->566K(756736K)] 935035K->149490K(1443712K), 0.0146110 secs] [Times: user=0.06 sys=0.00, real=0.02 secs] 
2014-07-16T07:50:59.358+0000: 1334.578: [GC [PSYoungGen: 756726K->448K(728448K)] 905650K->149428K(1415424K), 0.0197250 secs] [Times: user=0.06 sys=0.00, real=0.02 secs] 
2014-07-16T07:51:01.005+0000: 1336.225: [GC [PSYoungGen: 728448K->644K(701824K)] 877428K->149728K(1388800K), 0.0124910 secs] [Times: user=0.05 sys=0.00, real=0.01 secs] 
2014-07-16T07:51:02.523+0000: 1337.743: [GC [PSYoungGen: 701764K->754K(676288K)] 850848K->149990K(1363264K), 0.0074840 secs] [Times: user=0.02 sys=0.00, real=0.01 secs] 
2014-07-16T07:51:04.000+0000: 1339.220: [GC [PSYoungGen: 676240K->384K(651456K)] 825477K->149764K(1338432K), 0.0118510 secs] [Times: user=0.04 sys=0.00, real=0.01 secs] 
2014-07-16T07:51:05.407+0000: 1340.627: [GC [PSYoungGen: 651456K->416K(628224K)] 800836K->149900K(1315200K), 0.0122730 secs] [Times: user=0.05 sys=0.00, real=0.01 secs] 
2014-07-16T07:51:06.830+0000: 1342.049: [GC [PSYoungGen: 628185K->512K(606080K)] 777670K->150068K(1293056K), 0.0175310 secs] [Times: user=0.06 sys=0.00, real=0.02 secs] 
2014-07-16T07:51:08.147+0000: 1343.367: [GC [PSYoungGen: 606080K->644K(585088K)] 755636K->150288K(1272064K), 0.0071200 secs] [Times: user=0.02 sys=0.01, real=0.00 secs] 
2014-07-16T07:51:09.408+0000: 1344.628: [GC [PSYoungGen: 585028K->160K(564352K)] 734672K->149836K(1251328K), 0.0176320 secs] [Times: user=0.06 sys=0.00, real=0.01 secs] 
2014-07-16T07:51:10.643+0000: 1345.863: [GC [PSYoungGen: 564320K->576K(677568K)] 713996K->150324K(1364544K), 0.0264820 secs] [Times: user=0.09 sys=0.01, real=0.03 secs] 
2014-07-16T07:51:12.215+0000: 1347.435: [GC [PSYoungGen: 677472K->580K(653120K)] 827220K->150432K(1340096K), 0.0039670 secs] [Times: user=0.01 sys=0.00, real=0.01 secs] 
2014-07-16T07:51:13.641+0000: 1348.861: [GC [PSYoungGen: 653060K->570K(629696K)] 802912K->150606K(1316672K), 0.0111830 secs] [Times: user=0.04 sys=0.00, real=0.01 secs] 
2014-07-16T07:51:15.001+0000: 1350.221: [GC [PSYoungGen: 629690K->512K(607360K)] 779726K->150628K(1294336K), 0.0090460 secs] [Times: user=0.03 sys=0.00, real=0.01 secs] 
2014-07-16T07:51:16.382+0000: 1351.602: [GC [PSYoungGen: 607356K->530K(586176K)] 757472K->150726K(1273152K), 0.0142520 secs] [Times: user=0.05 sys=0.00, real=0.01 secs] 
2014-07-16T07:51:17.618+0000: 1352.838: [GC [PSYoungGen: 586130K->224K(702976K)] 736326K->150500K(1389952K), 0.0182660 secs] [Times: user=0.06 sys=0.00, real=0.01 secs] 
2014-07-16T07:51:19.132+0000: 1354.352: [GC [PSYoungGen: 702944K->224K(677312K)] 853220K->150532K(1364288K), 0.0092710 secs] [Times: user=0.03 sys=0.00, real=0.01 secs] 
2014-07-16T07:51:20.606+0000: 1355.826: [GC [PSYoungGen: 677280K->758K(813248K)] 827588K->151130K(1500224K), 0.0188100 secs] [Times: user=0.06 sys=0.00, real=0.02 secs] 
2014-07-16T07:51:22.420+0000: 1357.640: [GC [PSYoungGen: 813238K->672K(782400K)] 963610K->151164K(1469376K), 0.0104660 secs] [Times: user=0.02 sys=0.01, real=0.01 secs] 
2014-07-16T07:51:24.128+0000: 1359.348: [GC [PSYoungGen: 782368K->484K(752832K)] 932860K->151280K(1439808K), 0.0133570 secs] [Times: user=0.05 sys=0.00, real=0.02 secs] 
2014-07-16T07:51:25.747+0000: 1360.967: [GC [PSYoungGen: 752804K->320K(724672K)] 903600K->151196K(1411648K), 0.0135730 secs] [Times: user=0.05 sys=0.00, real=0.02 secs] 
2014-07-16T07:51:27.309+0000: 1362.529: [GC [PSYoungGen: 724672K->612K(698304K)] 875548K->151568K(1385280K), 0.0048830 secs] [Times: user=0.02 sys=0.00, real=0.00 secs] 
2014-07-16T07:51:28.810+0000: 1364.030: [GC [PSYoungGen: 698276K->516K(672768K)] 849232K->151544K(1359744K), 0.0080160 secs] [Times: user=0.02 sys=0.00, real=0.00 secs] 
2014-07-16T07:51:30.278+0000: 1365.498: [GC [PSYoungGen: 672708K->384K(648320K)] 823736K->151468K(1335296K), 0.0202880 secs] [Times: user=0.07 sys=0.00, real=0.02 secs] 
2014-07-16T07:51:31.770+0000: 1366.990: [GC [PSYoungGen: 648312K->690K(625472K)] 799396K->151918K(1312448K), 0.0068880 secs] [Times: user=0.01 sys=0.01, real=0.00 secs] 
2014-07-16T07:51:33.104+0000: 1368.324: [GC [PSYoungGen: 625458K->566K(603264K)] 776686K->151954K(1290240K), 0.0181580 secs] [Times: user=0.07 sys=0.00, real=0.02 secs] 
2014-07-16T07:51:34.427+0000: 1369.647: [GC [PSYoungGen: 603254K->288K(581952K)] 754642K->151756K(1268928K), 0.0139060 secs] [Times: user=0.05 sys=0.00, real=0.02 secs] 
2014-07-16T07:51:35.712+0000: 1370.932: [GC [PSYoungGen: 581920K->512K(562048K)] 733388K->152084K(1249024K), 0.0068910 secs] [Times: user=0.02 sys=0.00, real=0.00 secs] 
2014-07-16T07:51:36.921+0000: 1372.141: [GC [PSYoungGen: 562048K->644K(543040K)] 713620K->152280K(1230016K), 0.0122920 secs] [Times: user=0.04 sys=0.00, real=0.01 secs] 
2014-07-16T07:51:38.119+0000: 1373.339: [GC [PSYoungGen: 542980K->612K(524608K)] 694616K->152672K(1211584K), 0.0120440 secs] [Times: user=0.03 sys=0.01, real=0.02 secs] 
2014-07-16T07:51:39.234+0000: 1374.454: [GC [PSYoungGen: 524580K->608K(507072K)] 676640K->152708K(1194048K), 0.0055700 secs] [Times: user=0.02 sys=0.00, real=0.01 secs] 
2014-07-16T07:51:40.330+0000: 1375.550: [GC [PSYoungGen: 507040K->498K(490176K)] 659140K->152774K(1177152K), 0.0121440 secs] [Times: user=0.04 sys=0.00, real=0.02 secs] 
2014-07-16T07:51:41.381+0000: 1376.600: [GC [PSYoungGen: 490104K->356K(474048K)] 642380K->152712K(1161024K), 0.0049080 secs] [Times: user=0.01 sys=0.00, real=0.00 secs] 
2014-07-16T07:51:42.438+0000: 1377.658: [GC [PSYoungGen: 474020K->580K(459008K)] 626376K->153032K(1145984K), 0.0111430 secs] [Times: user=0.05 sys=0.00, real=0.01 secs] 
2014-07-16T07:51:43.432+0000: 1378.652: [GC [PSYoungGen: 458872K->932K(551040K)] 611325K->153536K(1238016K), 0.0365260 secs] [Times: user=0.14 sys=0.00, real=0.03 secs] 
2014-07-16T07:51:44.625+0000: 1379.845: [GC [PSYoungGen: 551009K->370K(660480K)] 703613K->153318K(1347456K), 0.0073660 secs] [Times: user=0.02 sys=0.00, real=0.01 secs] 
2014-07-16T07:51:46.033+0000: 1381.253: [GC [PSYoungGen: 660466K->416K(792576K)] 813414K->153428K(1479552K), 0.0122070 secs] [Times: user=0.05 sys=0.00, real=0.01 secs] 
2014-07-16T07:51:47.788+0000: 1383.008: [GC [PSYoungGen: 792542K->950K(763264K)] 945554K->154042K(1450240K), 0.0057100 secs] [Times: user=0.01 sys=0.00, real=0.01 secs] 
2014-07-16T07:51:49.405+0000: 1384.625: [GC [PSYoungGen: 763254K->288K(734144K)] 916346K->153460K(1421120K), 0.0106570 secs] [Times: user=0.04 sys=0.00, real=0.01 secs] 
2014-07-16T07:51:50.987+0000: 1386.207: [GC [PSYoungGen: 734112K->416K(707136K)] 887284K->153676K(1394112K), 0.0047400 secs] [Times: user=0.01 sys=0.00, real=0.00 secs] 
2014-07-16T07:51:52.573+0000: 1387.793: [GC [PSYoungGen: 707104K->626K(681472K)] 860364K->154006K(1368448K), 0.0063050 secs] [Times: user=0.01 sys=0.00, real=0.00 secs] 
2014-07-16T07:51:54.028+0000: 1389.248: [GC [PSYoungGen: 681457K->672K(656896K)] 834838K->154220K(1343872K), 0.0132450 secs] [Times: user=0.04 sys=0.00, real=0.01 secs] 
2014-07-16T07:51:55.452+0000: 1390.672: [GC [PSYoungGen: 656856K->338K(633024K)] 810405K->153966K(1320000K), 0.0178350 secs] [Times: user=0.07 sys=0.00, real=0.02 secs] 
2014-07-16T07:51:56.918+0000: 1392.138: [GC [PSYoungGen: 632978K->882K(611072K)] 786606K->154574K(1298048K), 0.0162750 secs] [Times: user=0.06 sys=0.00, real=0.02 secs] 
2014-07-16T07:51:58.197+0000: 1393.417: [GC [PSYoungGen: 611006K->456K(732736K)] 764698K->154212K(1419712K), 0.0230620 secs] [Times: user=0.08 sys=0.00, real=0.02 secs] 
2014-07-16T07:51:59.775+0000: 1394.995: [GC [PSYoungGen: 732680K->544K(879296K)] 886436K->154348K(1566272K), 0.0183290 secs] [Times: user=0.07 sys=0.00, real=0.02 secs] 
2014-07-16T07:52:01.677+0000: 1396.897: [GC [PSYoungGen: 879264K->754K(1055232K)] 1033068K->154662K(1742208K), 0.0163980 secs] [Times: user=0.06 sys=0.00, real=0.01 secs] 
2014-07-16T07:52:04.069+0000: 1399.289: [GC [PSYoungGen: 1055218K->530K(1012736K)] 1209126K->154558K(1699712K), 0.0050930 secs] [Times: user=0.01 sys=0.00, real=0.01 secs] 
2014-07-16T07:52:06.287+0000: 1401.507: [GC [PSYoungGen: 1012690K->534K(972416K)] 1166718K->154754K(1659392K), 0.0139240 secs] [Times: user=0.05 sys=0.00, real=0.01 secs] 
2014-07-16T07:52:08.466+0000: 1403.686: [GC [PSYoungGen: 972374K->352K(933824K)] 1126594K->154668K(1620800K), 0.0177520 secs] [Times: user=0.05 sys=0.00, real=0.01 secs] 
2014-07-16T07:52:10.475+0000: 1405.695: [GC [PSYoungGen: 933792K->402K(897344K)] 1088108K->154798K(1584320K), 0.0151860 secs] [Times: user=0.05 sys=0.01, real=0.01 secs] 
2014-07-16T07:52:12.471+0000: 1407.691: [GC [PSYoungGen: 897298K->544K(862656K)] 1051694K->155068K(1549632K), 0.0056540 secs] [Times: user=0.02 sys=0.00, real=0.01 secs] 
2014-07-16T07:52:14.334+0000: 1409.554: [GC [PSYoungGen: 862624K->352K(829312K)] 1017148K->155060K(1516288K), 0.0079700 secs] [Times: user=0.03 sys=0.01, real=0.01 secs] 
2014-07-16T07:52:16.158+0000: 1411.378: [GC [PSYoungGen: 829258K->552K(797888K)] 983967K->155372K(1484864K), 0.0215460 secs] [Times: user=0.07 sys=0.00, real=0.02 secs] 
2014-07-16T07:52:17.899+0000: 1413.119: [GC [PSYoungGen: 797784K->644K(957504K)] 952605K->155576K(1644480K), 0.0333910 secs] [Times: user=0.12 sys=0.00, real=0.03 secs] 
2014-07-16T07:52:19.981+0000: 1415.201: [GC [PSYoungGen: 957444K->512K(919680K)] 1112376K->155540K(1606656K), 0.0070810 secs] [Times: user=0.03 sys=0.00, real=0.01 secs] 
2014-07-16T07:52:21.985+0000: 1417.205: [GC [PSYoungGen: 919680K->758K(1103808K)] 1074708K->155914K(1790784K), 0.0318400 secs] [Times: user=0.12 sys=0.00, real=0.04 secs] 
2014-07-16T07:52:24.376+0000: 1419.596: [GC [PSYoungGen: 1103798K->288K(1058688K)] 1258954K->155580K(1745664K), 0.0090730 secs] [Times: user=0.04 sys=0.00, real=0.01 secs] 
2014-07-16T07:52:26.671+0000: 1421.891: [GC [PSYoungGen: 1058650K->320K(1016192K)] 1213943K->155740K(1703168K), 0.0055020 secs] [Times: user=0.02 sys=0.00, real=0.00 secs] 
2014-07-16T07:52:28.863+0000: 1424.083: [GC [PSYoungGen: 1016110K->274K(975680K)] 1171530K->155782K(1662656K), 0.0091350 secs] [Times: user=0.03 sys=0.00, real=0.01 secs] 
2014-07-16T07:52:30.968+0000: 1426.188: [GC [PSYoungGen: 975634K->736K(937600K)] 1131142K->156300K(1624576K), 0.0210310 secs] [Times: user=0.06 sys=0.00, real=0.02 secs] 
2014-07-16T07:52:33.020+0000: 1428.240: [GC [PSYoungGen: 937568K->576K(900736K)] 1093132K->156308K(1587712K), 0.0358520 secs] [Times: user=0.13 sys=0.00, real=0.03 secs] 
2014-07-16T07:52:34.995+0000: 1430.215: [GC [PSYoungGen: 900736K->434K(865664K)] 1056468K->156334K(1552640K), 0.0155570 secs] [Times: user=0.05 sys=0.00, real=0.02 secs] 
2014-07-16T07:52:36.885+0000: 1432.105: [GC [PSYoungGen: 865650K->434K(1038720K)] 1021550K->156446K(1725696K), 0.0234040 secs] [Times: user=0.08 sys=0.00, real=0.02 secs] 
2014-07-16T07:52:39.139+0000: 1434.358: [GC [PSYoungGen: 1038678K->608K(997376K)] 1194690K->156700K(1684352K), 0.0175630 secs] [Times: user=0.06 sys=0.00, real=0.02 secs] 
2014-07-16T07:52:41.296+0000: 1436.516: [GC [PSYoungGen: 997344K->530K(957760K)] 1153436K->156742K(1644736K), 0.0049550 secs] [Times: user=0.02 sys=0.00, real=0.01 secs] 
2014-07-16T07:52:43.378+0000: 1438.598: [GC [PSYoungGen: 957714K->434K(919936K)] 1113926K->156806K(1606912K), 0.0055560 secs] [Times: user=0.01 sys=0.00, real=0.01 secs] 
2014-07-16T07:52:45.363+0000: 1440.583: [GC [PSYoungGen: 919896K->306K(883904K)] 1076269K->156798K(1570880K), 0.0055500 secs] [Times: user=0.02 sys=0.00, real=0.00 secs] 
2014-07-16T07:52:47.329+0000: 1442.549: [GC [PSYoungGen: 883890K->658K(850112K)] 1040382K->157230K(1537088K), 0.0192280 secs] [Times: user=0.07 sys=0.00, real=0.02 secs] 
2014-07-16T07:52:49.169+0000: 1444.389: [GC [PSYoungGen: 850066K->192K(817024K)] 1006638K->156828K(1504000K), 0.0056840 secs] [Times: user=0.01 sys=0.00, real=0.01 secs] 
2014-07-16T07:52:50.939+0000: 1446.159: [GC [PSYoungGen: 817024K->384K(786176K)] 973660K->157132K(1473152K), 0.0212800 secs] [Times: user=0.08 sys=0.00, real=0.02 secs] 
2014-07-16T07:52:52.735+0000: 1447.955: [GC [PSYoungGen: 786175K->886K(757120K)] 942924K->158074K(1444096K), 0.0233260 secs] [Times: user=0.08 sys=0.00, real=0.02 secs] 
2014-07-16T07:52:54.323+0000: 1449.543: [GC [PSYoungGen: 757110K->704K(728768K)] 914298K->158036K(1415744K), 0.0209870 secs] [Times: user=0.06 sys=0.00, real=0.02 secs] 
2014-07-16T07:52:55.916+0000: 1451.136: [GC [PSYoungGen: 728768K->758K(701952K)] 886100K->158402K(1388928K), 0.0088530 secs] [Times: user=0.02 sys=0.00, real=0.01 secs] 
2014-07-16T07:52:57.446+0000: 1452.666: [GC [PSYoungGen: 701942K->534K(676160K)] 859586K->158242K(1363136K), 0.0106690 secs] [Times: user=0.04 sys=0.00, real=0.01 secs] 
2014-07-16T07:52:58.909+0000: 1454.129: [GC [PSYoungGen: 676115K->352K(651520K)] 833824K->158164K(1338496K), 0.0111590 secs] [Times: user=0.02 sys=0.00, real=0.01 secs] 
2014-07-16T07:53:00.337+0000: 1455.557: [GC [PSYoungGen: 651488K->594K(628480K)] 809300K->158502K(1315456K), 0.0136860 secs] [Times: user=0.05 sys=0.00, real=0.01 secs] 
2014-07-16T07:53:01.684+0000: 1456.904: [GC [PSYoungGen: 628434K->672K(754112K)] 786342K->158724K(1441088K), 0.0220570 secs] [Times: user=0.08 sys=0.00, real=0.02 secs] 
2014-07-16T07:53:03.392+0000: 1458.612: [GC [PSYoungGen: 754080K->480K(725888K)] 912132K->158628K(1412864K), 0.0054640 secs] [Times: user=0.01 sys=0.00, real=0.01 secs] 
2014-07-16T07:53:04.956+0000: 1460.176: [GC [PSYoungGen: 725856K->466K(699136K)] 884004K->158734K(1386112K), 0.0111790 secs] [Times: user=0.03 sys=0.00, real=0.01 secs] 
2014-07-16T07:53:06.461+0000: 1461.681: [GC [PSYoungGen: 699087K->224K(673408K)] 857356K->158572K(1360384K), 0.0086840 secs] [Times: user=0.03 sys=0.00, real=0.01 secs] 
2014-07-16T07:53:08.007+0000: 1463.227: [GC [PSYoungGen: 673376K->772K(649664K)] 831724K->159176K(1336640K), 0.0071550 secs] [Times: user=0.02 sys=0.00, real=0.01 secs] 
2014-07-16T07:53:09.420+0000: 1464.639: [GC [PSYoungGen: 649581K->484K(626176K)] 807986K->158968K(1313152K), 0.0101670 secs] [Times: user=0.03 sys=0.00, real=0.01 secs] 
2014-07-16T07:53:10.771+0000: 1465.991: [GC [PSYoungGen: 626148K->256K(603776K)] 784632K->158844K(1290752K), 0.0082870 secs] [Times: user=0.02 sys=0.00, real=0.01 secs] 
2014-07-16T07:53:12.091+0000: 1467.311: [GC [PSYoungGen: 603775K->630K(583040K)] 762364K->159322K(1270016K), 0.0087890 secs] [Times: user=0.01 sys=0.00, real=0.01 secs] 
2014-07-16T07:53:13.412+0000: 1468.632: [GC [PSYoungGen: 583030K->256K(699136K)] 741722K->159044K(1386112K), 0.0338920 secs] [Times: user=0.12 sys=0.00, real=0.04 secs] 
2014-07-16T07:53:14.931+0000: 1470.151: [GC [PSYoungGen: 699136K->416K(673856K)] 857924K->159308K(1360832K), 0.0067180 secs] [Times: user=0.02 sys=0.00, real=0.01 secs] 
2014-07-16T07:53:16.434+0000: 1471.654: [GC [PSYoungGen: 673797K->996K(809152K)] 832690K->159976K(1496128K), 0.0336950 secs] [Times: user=0.12 sys=0.00, real=0.04 secs] 
2014-07-16T07:53:18.256+0000: 1473.476: [GC [PSYoungGen: 809122K->918K(970752K)] 968102K->159962K(1657728K), 0.0142760 secs] [Times: user=0.04 sys=0.01, real=0.01 secs] 
2014-07-16T07:53:20.345+0000: 1475.565: [GC [PSYoungGen: 970710K->498K(932032K)] 1129754K->159718K(1619008K), 0.0124470 secs] [Times: user=0.04 sys=0.00, real=0.02 secs] 
2014-07-16T07:53:22.368+0000: 1477.588: [GC [PSYoungGen: 932018K->224K(895296K)] 1091238K->159628K(1582272K), 0.0102790 secs] [Times: user=0.03 sys=0.00, real=0.01 secs] 
2014-07-16T07:53:24.308+0000: 1479.528: [GC [PSYoungGen: 895264K->384K(860736K)] 1054668K->159924K(1547712K), 0.0058630 secs] [Times: user=0.02 sys=0.01, real=0.00 secs] 
2014-07-16T07:53:26.160+0000: 1481.380: [GC [PSYoungGen: 860733K->288K(827584K)] 1020274K->159924K(1514560K), 0.0062570 secs] [Times: user=0.01 sys=0.00, real=0.01 secs] 
2014-07-16T07:53:27.951+0000: 1483.171: [GC [PSYoungGen: 827552K->420K(796224K)] 987188K->160120K(1483200K), 0.0043830 secs] [Times: user=0.02 sys=0.00, real=0.00 secs] 
2014-07-16T07:53:29.702+0000: 1484.922: [GC [PSYoungGen: 796196K->640K(766400K)] 955896K->160412K(1453376K), 0.0235410 secs] [Times: user=0.09 sys=0.00, real=0.02 secs] 
2014-07-16T07:53:31.353+0000: 1486.573: [GC [PSYoungGen: 766400K->384K(919296K)] 926172K->160340K(1606272K), 0.0545550 secs] [Times: user=0.19 sys=0.00, real=0.06 secs] 
2014-07-16T07:53:33.413+0000: 1488.633: [GC [PSYoungGen: 919296K->1060K(1103808K)] 1079252K->161200K(1790784K), 0.0088660 secs] [Times: user=0.01 sys=0.00, real=0.01 secs] 
2014-07-16T07:53:35.730+0000: 1490.950: [GC [PSYoungGen: 1103779K->562K(1058624K)] 1263920K->160838K(1745600K), 0.0098380 secs] [Times: user=0.04 sys=0.00, real=0.01 secs] 
2014-07-16T07:53:38.017+0000: 1493.237: [GC [PSYoungGen: 1058610K->402K(1016000K)] 1218886K->160766K(1702976K), 0.0051380 secs] [Times: user=0.01 sys=0.00, real=0.01 secs] 
2014-07-16T07:53:40.330+0000: 1495.550: [GC [PSYoungGen: 1015954K->352K(975488K)] 1176318K->160788K(1662464K), 0.0180520 secs] [Times: user=0.06 sys=0.00, real=0.01 secs] 
2014-07-16T07:53:42.441+0000: 1497.661: [GC [PSYoungGen: 975456K->480K(937088K)] 1135892K->161180K(1624064K), 0.0153380 secs] [Times: user=0.05 sys=0.00, real=0.01 secs] 
2014-07-16T07:53:44.481+0000: 1499.701: [GC [PSYoungGen: 937056K->274K(900224K)] 1097756K->161086K(1587200K), 0.0044610 secs] [Times: user=0.01 sys=0.00, real=0.00 secs] 
2014-07-16T07:53:46.443+0000: 1501.663: [GC [PSYoungGen: 900178K->320K(865280K)] 1060990K->161244K(1552256K), 0.0148840 secs] [Times: user=0.05 sys=0.00, real=0.01 secs] 
2014-07-16T07:53:48.329+0000: 1503.549: [GC [PSYoungGen: 865280K->306K(832000K)] 1026204K->161294K(1518976K), 0.0080930 secs] [Times: user=0.01 sys=0.00, real=0.01 secs] 
2014-07-16T07:53:50.143+0000: 1505.363: [GC [PSYoungGen: 831986K->658K(800640K)] 992974K->161702K(1487616K), 0.0089530 secs] [Times: user=0.01 sys=0.00, real=0.01 secs] 
2014-07-16T07:53:51.875+0000: 1507.095: [GC [PSYoungGen: 800594K->288K(770048K)] 961638K->161492K(1457024K), 0.0103960 secs] [Times: user=0.03 sys=0.00, real=0.01 secs] 
2014-07-16T07:53:53.563+0000: 1508.783: [GC [PSYoungGen: 770016K->630K(741568K)] 931220K->161930K(1428544K), 0.0060940 secs] [Times: user=0.01 sys=0.01, real=0.00 secs] 
2014-07-16T07:53:55.191+0000: 1510.411: [GC [PSYoungGen: 741558K->160K(713664K)] 902858K->161548K(1400640K), 0.0198300 secs] [Times: user=0.07 sys=0.00, real=0.02 secs] 
2014-07-16T07:53:56.729+0000: 1511.949: [GC [PSYoungGen: 713632K->320K(856512K)] 875020K->161844K(1543488K), 0.0431900 secs] [Times: user=0.16 sys=0.00, real=0.05 secs] 
2014-07-16T07:53:58.590+0000: 1513.810: [GC [PSYoungGen: 856512K->480K(1027968K)] 1018036K->162060K(1714944K), 0.0279520 secs] [Times: user=0.09 sys=0.00, real=0.03 secs] 
2014-07-16T07:54:00.867+0000: 1516.087: [GC [PSYoungGen: 1027936K->736K(1233728K)] 1189516K->162372K(1920704K), 0.0268830 secs] [Times: user=0.08 sys=0.00, real=0.03 secs] 
2014-07-16T07:54:03.527+0000: 1518.747: [GC [PSYoungGen: 1233696K->562K(1480128K)] 1395332K->162430K(2167104K), 0.0093570 secs] [Times: user=0.02 sys=0.00, real=0.01 secs] 
2014-07-16T07:54:06.769+0000: 1521.989: [GC [PSYoungGen: 1480114K->488K(1417088K)] 1641982K->162484K(2104064K), 0.0151510 secs] [Times: user=0.05 sys=0.00, real=0.02 secs] 
2014-07-16T07:54:09.971+0000: 1525.191: [GC [PSYoungGen: 1417064K->548K(1357248K)] 1579060K->162648K(2044224K), 0.0094820 secs] [Times: user=0.03 sys=0.01, real=0.01 secs] 
2014-07-16T07:54:12.924+0000: 1528.144: [GC [PSYoungGen: 1357210K->640K(1300352K)] 1519310K->162932K(1987328K), 0.0111080 secs] [Times: user=0.03 sys=0.00, real=0.02 secs] 
2014-07-16T07:54:15.816+0000: 1531.036: [GC [PSYoungGen: 1300352K->448K(1245952K)] 1462644K->162956K(1932928K), 0.0046200 secs] [Times: user=0.01 sys=0.00, real=0.00 secs] 
2014-07-16T07:54:18.524+0000: 1533.744: [GC [PSYoungGen: 1245952K->384K(1194304K)] 1408460K->163012K(1881280K), 0.0150980 secs] [Times: user=0.05 sys=0.00, real=0.02 secs] 
2014-07-16T07:54:21.131+0000: 1536.351: [GC [PSYoungGen: 1194304K->768K(1145600K)] 1356932K->163492K(1832576K), 0.0145370 secs] [Times: user=0.05 sys=0.00, real=0.02 secs] 
2014-07-16T07:54:23.606+0000: 1538.826: [GC [PSYoungGen: 1145600K->612K(1098752K)] 1308324K->163568K(1785728K), 0.0084500 secs] [Times: user=0.01 sys=0.00, real=0.00 secs] 
2014-07-16T07:54:25.975+0000: 1541.195: [GC [PSYoungGen: 1098724K->548K(1054272K)] 1261680K->163640K(1741248K), 0.0095110 secs] [Times: user=0.03 sys=0.00, real=0.01 secs] 
2014-07-16T07:54:28.261+0000: 1543.481: [GC [PSYoungGen: 1054244K->516K(1011968K)] 1217336K->163712K(1698944K), 0.0057130 secs] [Times: user=0.02 sys=0.00, real=0.01 secs] 
2014-07-16T07:54:30.460+0000: 1545.680: [GC [PSYoungGen: 1011908K->576K(971712K)] 1175104K->163852K(1658688K), 0.0047000 secs] [Times: user=0.01 sys=0.00, real=0.00 secs] 
2014-07-16T07:54:32.625+0000: 1547.845: [GC [PSYoungGen: 971673K->740K(933568K)] 1134949K->164208K(1620544K), 0.0095220 secs] [Times: user=0.04 sys=0.00, real=0.01 secs] 
2014-07-16T07:54:34.638+0000: 1549.858: [GC [PSYoungGen: 933540K->338K(896704K)] 1097008K->163966K(1583680K), 0.0215220 secs] [Times: user=0.08 sys=0.00, real=0.02 secs] 
2014-07-16T07:54:36.600+0000: 1551.820: [GC [PSYoungGen: 896658K->544K(862144K)] 1060286K->164244K(1549120K), 0.0209550 secs] [Times: user=0.07 sys=0.00, real=0.02 secs] 
2014-07-16T07:54:38.461+0000: 1553.681: [GC [PSYoungGen: 862112K->448K(828864K)] 1025812K->164212K(1515840K), 0.0052070 secs] [Times: user=0.01 sys=0.00, real=0.00 secs] 
2014-07-16T07:54:40.316+0000: 1555.536: [GC [PSYoungGen: 828864K->754K(797632K)] 992628K->164574K(1484608K), 0.0089710 secs] [Times: user=0.03 sys=0.00, real=0.01 secs] 
2014-07-16T07:54:42.080+0000: 1557.300: [GC [PSYoungGen: 797618K->612K(767424K)] 961438K->164944K(1454400K), 0.0139170 secs] [Times: user=0.05 sys=0.00, real=0.01 secs] 
2014-07-16T07:54:43.734+0000: 1558.954: [GC [PSYoungGen: 767396K->434K(738560K)] 931728K->164918K(1425536K), 0.0106330 secs] [Times: user=0.03 sys=0.00, real=0.01 secs] 
2014-07-16T07:54:45.353+0000: 1560.573: [GC [PSYoungGen: 738546K->512K(711296K)] 903030K->165180K(1398272K), 0.0258550 secs] [Times: user=0.09 sys=0.00, real=0.03 secs] 
2014-07-16T07:54:46.885+0000: 1562.105: [GC [PSYoungGen: 711296K->352K(685120K)] 875964K->165116K(1372096K), 0.0156280 secs] [Times: user=0.06 sys=0.00, real=0.02 secs] 
2014-07-16T07:54:48.378+0000: 1563.598: [GC [PSYoungGen: 685088K->320K(822016K)] 849852K->165132K(1508992K), 0.0202630 secs] [Times: user=0.07 sys=0.00, real=0.02 secs] 
2014-07-16T07:54:50.204+0000: 1565.424: [GC [PSYoungGen: 822016K->740K(791232K)] 986828K->165584K(1478208K), 0.0049860 secs] [Times: user=0.02 sys=0.00, real=0.01 secs] 
2014-07-16T07:54:51.910+0000: 1567.130: [GC [PSYoungGen: 791204K->448K(761152K)] 956048K->165468K(1448128K), 0.0193990 secs] [Times: user=0.06 sys=0.00, real=0.02 secs] 
2014-07-16T07:54:53.594+0000: 1568.814: [GC [PSYoungGen: 761150K->384K(732736K)] 926171K->165524K(1419712K), 0.0119480 secs] [Times: user=0.04 sys=0.00, real=0.01 secs] 
2014-07-16T07:54:55.207+0000: 1570.427: [GC [PSYoungGen: 732736K->448K(705728K)] 897876K->165716K(1392704K), 0.0071820 secs] [Times: user=0.03 sys=0.00, real=0.01 secs] 
2014-07-16T07:54:56.732+0000: 1571.952: [GC [PSYoungGen: 705728K->192K(679680K)] 870996K->165540K(1366656K), 0.0037940 secs] [Times: user=0.01 sys=0.00, real=0.00 secs] 
2014-07-16T07:54:58.218+0000: 1573.438: [GC [PSYoungGen: 679640K->648K(655616K)] 844989K->166028K(1342592K), 0.0154850 secs] [Times: user=0.06 sys=0.00, real=0.02 secs] 
2014-07-16T07:54:59.639+0000: 1574.859: [GC [PSYoungGen: 655482K->818K(632256K)] 820862K->166230K(1319232K), 0.0058820 secs] [Times: user=0.01 sys=0.01, real=0.01 secs] 
2014-07-16T07:55:01.059+0000: 1576.279: [GC [PSYoungGen: 632242K->288K(609344K)] 797654K->165804K(1296320K), 0.0034530 secs] [Times: user=0.01 sys=0.00, real=0.01 secs] 
2014-07-16T07:55:02.434+0000: 1577.654: [GC [PSYoungGen: 609312K->914K(588608K)] 774828K->166582K(1275584K), 0.0072860 secs] [Times: user=0.01 sys=0.00, real=0.01 secs] 
2014-07-16T07:55:03.714+0000: 1578.934: [GC [PSYoungGen: 588562K->402K(567680K)] 754230K->166166K(1254656K), 0.0058230 secs] [Times: user=0.01 sys=0.00, real=0.00 secs] 
2014-07-16T07:55:04.999+0000: 1580.219: [GC [PSYoungGen: 567634K->530K(681280K)] 733398K->166382K(1368256K), 0.0572530 secs] [Times: user=0.21 sys=0.00, real=0.06 secs] 
2014-07-16T07:55:06.511+0000: 1581.731: [GC [PSYoungGen: 681234K->484K(817408K)] 847086K->166416K(1504384K), 0.0114820 secs] [Times: user=0.04 sys=0.01, real=0.02 secs] 
2014-07-16T07:55:08.291+0000: 1583.511: [GC [PSYoungGen: 817380K->722K(981056K)] 983312K->166726K(1668032K), 0.0078560 secs] [Times: user=0.02 sys=0.00, real=0.01 secs] 
2014-07-16T07:55:10.488+0000: 1585.708: [GC [PSYoungGen: 981010K->480K(1176896K)] 1147014K->166540K(1863872K), 0.0185510 secs] [Times: user=0.06 sys=0.00, real=0.02 secs] 
2014-07-16T07:55:13.031+0000: 1588.251: [GC [PSYoungGen: 1176864K->644K(1128896K)] 1342924K->166888K(1815872K), 0.0128630 secs] [Times: user=0.04 sys=0.00, real=0.02 secs] 
2014-07-16T07:55:15.616+0000: 1590.836: [GC [PSYoungGen: 1128836K->448K(1082752K)] 1295080K->166860K(1769728K), 0.0054880 secs] [Times: user=0.01 sys=0.00, real=0.00 secs] 
2014-07-16T07:55:17.958+0000: 1593.178: [GC [PSYoungGen: 1082752K->512K(1039168K)] 1249164K->167092K(1726144K), 0.0059880 secs] [Times: user=0.02 sys=0.01, real=0.01 secs] 
2014-07-16T07:55:20.303+0000: 1595.523: [GC [PSYoungGen: 1039168K->626K(997696K)] 1205748K->167278K(1684672K), 0.0185490 secs] [Times: user=0.07 sys=0.00, real=0.02 secs] 
2014-07-16T07:55:22.427+0000: 1597.647: [GC [PSYoungGen: 997682K->448K(957952K)] 1164334K->167300K(1644928K), 0.0070460 secs] [Times: user=0.01 sys=0.00, real=0.01 secs] 
2014-07-16T07:55:24.506+0000: 1599.726: [GC [PSYoungGen: 957952K->288K(920128K)] 1124804K->167268K(1607104K), 0.0087330 secs] [Times: user=0.03 sys=0.00, real=0.01 secs] 
2014-07-16T07:55:26.520+0000: 1601.740: [GC [PSYoungGen: 920096K->704K(884608K)] 1087076K->167788K(1571584K), 0.0114760 secs] [Times: user=0.04 sys=0.00, real=0.01 secs] 
2014-07-16T07:55:28.425+0000: 1603.645: [GC [PSYoungGen: 884608K->288K(850048K)] 1051692K->167460K(1537024K), 0.0049950 secs] [Times: user=0.02 sys=0.00, real=0.00 secs] 
2014-07-16T07:55:30.339+0000: 1605.559: [GC [PSYoungGen: 849984K->676K(817856K)] 1017157K->167896K(1504832K), 0.0059140 secs] [Times: user=0.01 sys=0.00, real=0.01 secs] 
2014-07-16T07:55:32.057+0000: 1607.277: [GC [PSYoungGen: 817828K->754K(786880K)] 985048K->168142K(1473856K), 0.0124060 secs] [Times: user=0.05 sys=0.00, real=0.01 secs] 
2014-07-16T07:55:33.790+0000: 1609.010: [GC [PSYoungGen: 786866K->900K(757504K)] 954254K->168432K(1444480K), 0.0085370 secs] [Times: user=0.02 sys=0.01, real=0.01 secs] 
2014-07-16T07:55:35.488+0000: 1610.708: [GC [PSYoungGen: 757444K->374K(728768K)] 924976K->168202K(1415744K), 0.0056020 secs] [Times: user=0.01 sys=0.01, real=0.00 secs] 
2014-07-16T07:55:37.015+0000: 1612.235: [GC [PSYoungGen: 728732K->662K(702208K)] 896561K->168586K(1389184K), 0.0093380 secs] [Times: user=0.04 sys=0.00, real=0.01 secs] 
2014-07-16T07:55:38.532+0000: 1613.752: [GC [PSYoungGen: 702166K->274K(676224K)] 870090K->168278K(1363200K), 0.0058000 secs] [Times: user=0.02 sys=0.00, real=0.01 secs] 
2014-07-16T07:55:40.011+0000: 1615.231: [GC [PSYoungGen: 676177K->452K(651968K)] 844182K->168504K(1338944K), 0.0049410 secs] [Times: user=0.01 sys=0.00, real=0.00 secs] 
2014-07-16T07:55:41.468+0000: 1616.688: [GC [PSYoungGen: 651904K->868K(629056K)] 819957K->169048K(1316032K), 0.0105530 secs] [Times: user=0.03 sys=0.00, real=0.01 secs] 
2014-07-16T07:55:42.836+0000: 1618.056: [GC [PSYoungGen: 629028K->804K(606784K)] 797208K->169136K(1293760K), 0.0351820 secs] [Times: user=0.13 sys=0.00, real=0.04 secs] 
2014-07-16T07:55:44.163+0000: 1619.383: [GC [PSYoungGen: 606756K->384K(585088K)] 775088K->168812K(1272064K), 0.0046780 secs] [Times: user=0.01 sys=0.00, real=0.01 secs] 
2014-07-16T07:55:45.457+0000: 1620.677: [GC [PSYoungGen: 585088K->800K(565248K)] 753516K->169292K(1252224K), 0.0112890 secs] [Times: user=0.04 sys=0.00, real=0.02 secs] 
2014-07-16T07:55:46.706+0000: 1621.926: [GC [PSYoungGen: 565216K->320K(545408K)] 733708K->168860K(1232384K), 0.0058820 secs] [Times: user=0.01 sys=0.00, real=0.01 secs] 
2014-07-16T07:55:47.886+0000: 1623.106: [GC [PSYoungGen: 545408K->630K(527232K)] 713948K->169258K(1214208K), 0.0063090 secs] [Times: user=0.01 sys=0.00, real=0.01 secs] 
2014-07-16T07:55:49.030+0000: 1624.250: [GC [PSYoungGen: 527222K->544K(509504K)] 695850K->169236K(1196480K), 0.0160820 secs] [Times: user=0.05 sys=0.00, real=0.01 secs] 
2014-07-16T07:55:50.146+0000: 1625.366: [GC [PSYoungGen: 509472K->498K(492608K)] 678164K->169262K(1179584K), 0.0079820 secs] [Times: user=0.02 sys=0.00, real=0.01 secs] 
2014-07-16T07:55:51.244+0000: 1626.464: [GC [PSYoungGen: 492594K->612K(476608K)] 661358K->169496K(1163584K), 0.0091070 secs] [Times: user=0.03 sys=0.00, real=0.01 secs] 
2014-07-16T07:55:52.252+0000: 1627.472: [GC [PSYoungGen: 476551K->502K(571712K)] 645436K->169514K(1258688K), 0.0168740 secs] [Times: user=0.06 sys=0.00, real=0.02 secs] 
2014-07-16T07:55:53.506+0000: 1628.726: [GC [PSYoungGen: 571702K->192K(551744K)] 740714K->169260K(1238720K), 0.0042690 secs] [Times: user=0.01 sys=0.00, real=0.01 secs] 
2014-07-16T07:55:54.714+0000: 1629.934: [GC [PSYoungGen: 551742K->320K(533120K)] 720810K->169476K(1220096K), 0.0102840 secs] [Times: user=0.04 sys=0.01, real=0.01 secs] 
2014-07-16T07:55:55.910+0000: 1631.130: [GC [PSYoungGen: 533120K->416K(515328K)] 702276K->169628K(1202304K), 0.0100050 secs] [Times: user=0.04 sys=0.00, real=0.01 secs] 
2014-07-16T07:55:57.017+0000: 1632.237: [GC [PSYoungGen: 515296K->658K(498432K)] 684508K->169934K(1185408K), 0.0096430 secs] [Times: user=0.02 sys=0.00, real=0.01 secs] 
2014-07-16T07:55:58.112+0000: 1633.332: [GC [PSYoungGen: 498386K->480K(481856K)] 667662K->169804K(1168832K), 0.0124460 secs] [Times: user=0.05 sys=0.00, real=0.01 secs] 
2014-07-16T07:55:59.158+0000: 1634.378: [GC [PSYoungGen: 481824K->160K(465920K)] 651148K->169508K(1152896K), 0.0040930 secs] [Times: user=0.02 sys=0.00, real=0.01 secs] 
2014-07-16T07:56:00.186+0000: 1635.406: [GC [PSYoungGen: 465888K->676K(559616K)] 635236K->170096K(1246592K), 0.0201050 secs] [Times: user=0.07 sys=0.00, real=0.02 secs] 
2014-07-16T07:56:01.429+0000: 1636.649: [GC [PSYoungGen: 559588K->352K(540224K)] 729008K->169868K(1227200K), 0.0039780 secs] [Times: user=0.01 sys=0.01, real=0.01 secs] 
2014-07-16T07:56:02.605+0000: 1637.825: [GC [PSYoungGen: 540192K->516K(522176K)] 709708K->170176K(1209152K), 0.0040050 secs] [Times: user=0.01 sys=0.01, real=0.00 secs] 
2014-07-16T07:56:03.739+0000: 1638.959: [GC [PSYoungGen: 522116K->452K(504704K)] 691776K->170168K(1191680K), 0.0064030 secs] [Times: user=0.01 sys=0.01, real=0.01 secs] 
2014-07-16T07:56:04.864+0000: 1640.084: [GC [PSYoungGen: 504632K->384K(487936K)] 674349K->170148K(1174912K), 0.0055450 secs] [Times: user=0.02 sys=0.00, real=0.00 secs] 
2014-07-16T07:56:05.984+0000: 1641.204: [GC [PSYoungGen: 487936K->694K(472320K)] 657700K->170522K(1159296K), 0.0108330 secs] [Times: user=0.03 sys=0.00, real=0.01 secs] 
2014-07-16T07:56:06.990+0000: 1642.210: [GC [PSYoungGen: 472310K->544K(456960K)] 642138K->170452K(1143936K), 0.0135970 secs] [Times: user=0.04 sys=0.00, real=0.02 secs] 
2014-07-16T07:56:07.987+0000: 1643.207: [GC [PSYoungGen: 456928K->256K(442112K)] 626836K->170204K(1129088K), 0.0050580 secs] [Times: user=0.01 sys=0.00, real=0.01 secs] 
2014-07-16T07:56:08.950+0000: 1644.170: [GC [PSYoungGen: 442112K->448K(530688K)] 612060K->170452K(1217664K), 0.0234110 secs] [Times: user=0.08 sys=0.00, real=0.03 secs] 
2014-07-16T07:56:10.103+0000: 1645.323: [GC [PSYoungGen: 530688K->402K(512896K)] 700692K->170438K(1199872K), 0.0055000 secs] [Times: user=0.01 sys=0.00, real=0.00 secs] 
2014-07-16T07:56:11.271+0000: 1646.490: [GC [PSYoungGen: 512850K->274K(495744K)] 682886K->170422K(1182720K), 0.0071170 secs] [Times: user=0.01 sys=0.00, real=0.01 secs] 
2014-07-16T07:56:12.343+0000: 1647.563: [GC [PSYoungGen: 495698K->370K(594944K)] 665846K->170622K(1281920K), 0.0154060 secs] [Times: user=0.05 sys=0.00, real=0.01 secs] 
2014-07-16T07:56:13.631+0000: 1648.851: [GC [PSYoungGen: 594930K->512K(713984K)] 765182K->170836K(1400960K), 0.0149380 secs] [Times: user=0.05 sys=0.00, real=0.02 secs] 
2014-07-16T07:56:15.201+0000: 1650.421: [GC [PSYoungGen: 713984K->690K(688000K)] 884308K->171086K(1374976K), 0.0075270 secs] [Times: user=0.01 sys=0.00, real=0.01 secs] 
2014-07-16T07:56:16.713+0000: 1651.933: [GC [PSYoungGen: 687912K->388K(825216K)] 858309K->170856K(1512192K), 0.0266160 secs] [Times: user=0.10 sys=0.00, real=0.02 secs] 
2014-07-16T07:56:18.508+0000: 1653.728: [GC [PSYoungGen: 825156K->808K(794240K)] 995624K->171356K(1481216K), 0.0063420 secs] [Times: user=0.02 sys=0.00, real=0.01 secs] 
2014-07-16T07:56:20.234+0000: 1655.454: [GC [PSYoungGen: 794212K->424K(763968K)] 964760K->171124K(1450944K), 0.0138650 secs] [Times: user=0.04 sys=0.00, real=0.01 secs] 
2014-07-16T07:56:21.931+0000: 1657.151: [GC [PSYoungGen: 763902K->890K(735936K)] 934603K->171710K(1422912K), 0.0181090 secs] [Times: user=0.07 sys=0.00, real=0.02 secs] 
2014-07-16T07:56:23.551+0000: 1658.771: [GC [PSYoungGen: 735930K->594K(882688K)] 906750K->171598K(1569664K), 0.0260100 secs] [Times: user=0.09 sys=0.00, real=0.03 secs] 
2014-07-16T07:56:25.460+0000: 1660.680: [GC [PSYoungGen: 882641K->288K(1058816K)] 1053646K->171396K(1745792K), 0.0199910 secs] [Times: user=0.07 sys=0.00, real=0.02 secs] 
2014-07-16T07:56:27.769+0000: 1662.989: [GC [PSYoungGen: 1058784K->160K(1016128K)] 1229892K->171316K(1703104K), 0.0084650 secs] [Times: user=0.01 sys=0.00, real=0.01 secs] 
2014-07-16T07:56:29.985+0000: 1665.205: [GC [PSYoungGen: 1016096K->530K(976000K)] 1187252K->171774K(1662976K), 0.0174100 secs] [Times: user=0.06 sys=0.00, real=0.01 secs] 
2014-07-16T07:56:32.141+0000: 1667.361: [GC [PSYoungGen: 975954K->470K(937408K)] 1147198K->171850K(1624384K), 0.0087190 secs] [Times: user=0.02 sys=0.00, real=0.01 secs] 
2014-07-16T07:56:34.175+0000: 1669.395: [GC [PSYoungGen: 937366K->544K(900736K)] 1108746K->172140K(1587712K), 0.0151010 secs] [Times: user=0.04 sys=0.00, real=0.01 secs] 
2014-07-16T07:56:36.134+0000: 1671.353: [GC [PSYoungGen: 900704K->224K(865472K)] 1072300K->171884K(1552448K), 0.0094640 secs] [Times: user=0.04 sys=0.00, real=0.01 secs] 
2014-07-16T07:56:38.024+0000: 1673.244: [GC [PSYoungGen: 865440K->448K(832384K)] 1037100K->172188K(1519360K), 0.0152480 secs] [Times: user=0.04 sys=0.00, real=0.02 secs] 
2014-07-16T07:56:39.828+0000: 1675.048: [GC [PSYoungGen: 832384K->338K(800576K)] 1004124K->172158K(1487552K), 0.0065010 secs] [Times: user=0.01 sys=0.00, real=0.00 secs] 
2014-07-16T07:56:41.561+0000: 1676.781: [GC [PSYoungGen: 800530K->224K(770240K)] 972350K->172140K(1457216K), 0.0106990 secs] [Times: user=0.04 sys=0.00, real=0.01 secs] 
2014-07-16T07:56:43.238+0000: 1678.457: [GC [PSYoungGen: 770164K->566K(741760K)] 942081K->172586K(1428736K), 0.0098480 secs] [Times: user=0.03 sys=0.00, real=0.01 secs] 
2014-07-16T07:56:44.853+0000: 1680.073: [GC [PSYoungGen: 741750K->868K(714624K)] 913770K->173232K(1401600K), 0.0232590 secs] [Times: user=0.09 sys=0.00, real=0.02 secs] 
2014-07-16T07:56:46.623+0000: 1681.843: [GC [PSYoungGen: 714596K->370K(687936K)] 886960K->173718K(1374912K), 0.0100360 secs] [Times: user=0.02 sys=0.00, real=0.01 secs] 
2014-07-16T07:56:48.134+0000: 1683.354: [GC [PSYoungGen: 687921K->804K(663424K)] 861270K->174320K(1350400K), 0.0118730 secs] [Times: user=0.03 sys=0.00, real=0.01 secs] 
2014-07-16T07:56:49.563+0000: 1684.783: [GC [PSYoungGen: 663396K->320K(639104K)] 836912K->174124K(1326080K), 0.0186630 secs] [Times: user=0.07 sys=0.00, real=0.02 secs] 
2014-07-16T07:56:50.951+0000: 1686.171: [GC [PSYoungGen: 639104K->288K(616384K)] 812908K->174164K(1303360K), 0.0145210 secs] [Times: user=0.06 sys=0.00, real=0.01 secs] 
2014-07-16T07:56:52.334+0000: 1687.554: [GC [PSYoungGen: 616352K->288K(594688K)] 790228K->174284K(1281664K), 0.0055190 secs] [Times: user=0.02 sys=0.00, real=0.01 secs] 
2014-07-16T07:56:53.632+0000: 1688.852: [GC [PSYoungGen: 594656K->516K(574272K)] 768652K->174664K(1261248K), 0.0076910 secs] [Times: user=0.01 sys=0.00, real=0.01 secs] 
2014-07-16T07:56:54.876+0000: 1690.096: [GC [PSYoungGen: 574212K->256K(554176K)] 748360K->174468K(1241152K), 0.0053480 secs] [Times: user=0.01 sys=0.00, real=0.01 secs] 
2014-07-16T07:56:56.104+0000: 1691.324: [GC [PSYoungGen: 554176K->416K(535488K)] 728388K->174724K(1222464K), 0.0038440 secs] [Times: user=0.01 sys=0.00, real=0.00 secs] 
2014-07-16T07:56:57.292+0000: 1692.512: [GC [PSYoungGen: 535456K->498K(517504K)] 709764K->174854K(1204480K), 0.0055810 secs] [Times: user=0.01 sys=0.00, real=0.00 secs] 
2014-07-16T07:56:58.417+0000: 1693.637: [GC [PSYoungGen: 517490K->256K(500032K)] 691846K->174692K(1187008K), 0.0125430 secs] [Times: user=0.04 sys=0.00, real=0.02 secs] 
2014-07-16T07:56:59.497+0000: 1694.717: [GC [PSYoungGen: 500032K->306K(483648K)] 674468K->174774K(1170624K), 0.0196610 secs] [Times: user=0.07 sys=0.00, real=0.02 secs] 
2014-07-16T07:57:00.546+0000: 1695.766: [GC [PSYoungGen: 483634K->402K(580480K)] 658102K->174942K(1267456K), 0.0308190 secs] [Times: user=0.11 sys=0.00, real=0.03 secs] 
2014-07-16T07:57:01.869+0000: 1697.089: [GC [PSYoungGen: 580434K->964K(697088K)] 754974K->175592K(1384064K), 0.0236270 secs] [Times: user=0.09 sys=0.00, real=0.03 secs] 
2014-07-16T07:57:03.352+0000: 1698.572: [GC [PSYoungGen: 697028K->690K(836032K)] 871656K->175414K(1523008K), 0.0254300 secs] [Times: user=0.09 sys=0.00, real=0.02 secs] 
2014-07-16T07:57:05.156+0000: 1700.376: [GC [PSYoungGen: 836018K->562K(1003008K)] 1010742K->175382K(1689984K), 0.0107000 secs] [Times: user=0.04 sys=0.00, real=0.01 secs] 
2014-07-16T07:57:07.459+0000: 1702.679: [GC [PSYoungGen: 1002911K->320K(1203264K)] 1177732K->175236K(1890240K), 0.0044800 secs] [Times: user=0.02 sys=0.00, real=0.01 secs] 
2014-07-16T07:57:10.076+0000: 1705.296: [GC [PSYoungGen: 1203264K->626K(1154112K)] 1378180K->175662K(1841088K), 0.0095420 secs] [Times: user=0.01 sys=0.00, real=0.01 secs] 
2014-07-16T07:57:12.631+0000: 1707.851: [GC [PSYoungGen: 1154090K->658K(1107072K)] 1329127K->175838K(1794048K), 0.0131530 secs] [Times: user=0.05 sys=0.00, real=0.02 secs] 
2014-07-16T07:57:15.026+0000: 1710.246: [GC [PSYoungGen: 1107026K->448K(1061952K)] 1282206K->175804K(1748928K), 0.0168810 secs] [Times: user=0.06 sys=0.00, real=0.02 secs] 
2014-07-16T07:57:17.474+0000: 1712.694: [GC [PSYoungGen: 1061952K->1014K(1019840K)] 1237308K->176482K(1706816K), 0.0339670 secs] [Times: user=0.12 sys=0.00, real=0.03 secs] 
2014-07-16T07:57:19.623+0000: 1714.843: [GC [PSYoungGen: 1019787K->452K(978688K)] 1195256K->176040K(1665664K), 0.0054470 secs] [Times: user=0.01 sys=0.00, real=0.00 secs] 
2014-07-16T07:57:21.741+0000: 1716.961: [GC [PSYoungGen: 978628K->288K(939840K)] 1154216K->176012K(1626816K), 0.0133150 secs] [Times: user=0.05 sys=0.00, real=0.02 secs] 
2014-07-16T07:57:23.790+0000: 1719.010: [GC [PSYoungGen: 939808K->768K(903488K)] 1115532K->176660K(1590464K), 0.0080570 secs] [Times: user=0.01 sys=0.00, real=0.01 secs] 
2014-07-16T07:57:25.763+0000: 1720.983: [GC [PSYoungGen: 903488K->1024K(868672K)] 1079380K->177044K(1555648K), 0.0110890 secs] [Times: user=0.03 sys=0.00, real=0.02 secs] 
2014-07-16T07:57:27.679+0000: 1722.899: [GC [PSYoungGen: 868616K->576K(834816K)] 1044637K->176724K(1521792K), 0.0143930 secs] [Times: user=0.05 sys=0.00, real=0.02 secs] 
2014-07-16T07:57:29.491+0000: 1724.711: [GC [PSYoungGen: 834816K->534K(803008K)] 1010964K->176770K(1489984K), 0.0064750 secs] [Times: user=0.01 sys=0.00, real=0.01 secs] 
2014-07-16T07:57:31.219+0000: 1726.439: [GC [PSYoungGen: 802966K->512K(772608K)] 979202K->176868K(1459584K), 0.0047910 secs] [Times: user=0.01 sys=0.00, real=0.01 secs] 
2014-07-16T07:57:32.902+0000: 1728.122: [GC [PSYoungGen: 772608K->288K(743488K)] 948964K->176764K(1430464K), 0.0127680 secs] [Times: user=0.04 sys=0.00, real=0.02 secs] 
2014-07-16T07:57:34.525+0000: 1729.745: [GC [PSYoungGen: 743456K->352K(715968K)] 919932K->176956K(1402944K), 0.0045100 secs] [Times: user=0.02 sys=0.00, real=0.00 secs] 
2014-07-16T07:57:36.088+0000: 1731.308: [GC [PSYoungGen: 715936K->594K(689920K)] 892540K->177270K(1376896K), 0.0207960 secs] [Times: user=0.07 sys=0.00, real=0.02 secs] 
2014-07-16T07:57:37.656+0000: 1732.876: [GC [PSYoungGen: 689874K->626K(664896K)] 866550K->177366K(1351872K), 0.0124640 secs] [Times: user=0.04 sys=0.00, real=0.01 secs] 
2014-07-16T07:57:39.055+0000: 1734.275: [GC [PSYoungGen: 664882K->516K(640960K)] 841622K->177336K(1327936K), 0.0050930 secs] [Times: user=0.02 sys=0.00, real=0.00 secs] 
2014-07-16T07:57:40.430+0000: 1735.650: [GC [PSYoungGen: 640900K->480K(618112K)] 817720K->177412K(1305088K), 0.0226920 secs] [Times: user=0.08 sys=0.00, real=0.02 secs] 
2014-07-16T07:57:41.786+0000: 1737.006: [GC [PSYoungGen: 618080K->754K(741888K)] 795012K->177806K(1428864K), 0.0261600 secs] [Times: user=0.09 sys=0.00, real=0.02 secs] 
2014-07-16T07:57:43.398+0000: 1738.618: [GC [PSYoungGen: 741846K->544K(889920K)] 918899K->177708K(1576896K), 0.0117380 secs] [Times: user=0.04 sys=0.00, real=0.01 secs] 
2014-07-16T07:57:45.329+0000: 1740.549: [GC [PSYoungGen: 889888K->434K(855360K)] 1067052K->177718K(1542336K), 0.0046840 secs] [Times: user=0.02 sys=0.00, real=0.00 secs] 
2014-07-16T07:57:47.238+0000: 1742.458: [GC [PSYoungGen: 855346K->480K(822592K)] 1032630K->177828K(1509568K), 0.0138140 secs] [Times: user=0.05 sys=0.00, real=0.01 secs] 
2014-07-16T07:57:49.109+0000: 1744.329: [GC [PSYoungGen: 822560K->932K(987456K)] 999908K->178696K(1674432K), 0.0539530 secs] [Times: user=0.21 sys=0.00, real=0.05 secs] 
2014-07-16T07:57:51.237+0000: 1746.456: [GC [PSYoungGen: 987336K->498K(1184320K)] 1165101K->178430K(1871296K), 0.0078820 secs] [Times: user=0.03 sys=0.00, real=0.01 secs] 
2014-07-16T07:57:53.868+0000: 1749.088: [GC [PSYoungGen: 1184279K->694K(1421312K)] 1362212K->178858K(2108288K), 0.0235950 secs] [Times: user=0.09 sys=0.00, real=0.02 secs] 
2014-07-16T07:57:56.965+0000: 1752.185: [GC [PSYoungGen: 1421302K->352K(1360896K)] 1599466K->178676K(2047872K), 0.0053270 secs] [Times: user=0.02 sys=0.00, real=0.01 secs] 
2014-07-16T07:57:59.997+0000: 1755.216: [GC [PSYoungGen: 1360864K->576K(1303936K)] 1539188K->179004K(1990912K), 0.0073060 secs] [Times: user=0.02 sys=0.00, real=0.01 secs] 
2014-07-16T07:58:02.877+0000: 1758.097: [GC [PSYoungGen: 1303936K->1074K(1250048K)] 1482364K->179782K(1937024K), 0.0149430 secs] [Times: user=0.06 sys=0.00, real=0.02 secs] 
2014-07-16T07:58:05.611+0000: 1760.831: [GC [PSYoungGen: 1250034K->480K(1197760K)] 1428742K->179372K(1884736K), 0.0176810 secs] [Times: user=0.07 sys=0.00, real=0.01 secs] 
2014-07-16T07:58:08.313+0000: 1763.533: [GC [PSYoungGen: 1197632K->854K(1148928K)] 1376524K->179890K(1835904K), 0.0103790 secs] [Times: user=0.03 sys=0.00, real=0.01 secs] 
2014-07-16T07:58:10.814+0000: 1766.034: [GC [PSYoungGen: 1148886K->548K(1101760K)] 1327922K->179696K(1788736K), 0.0045760 secs] [Times: user=0.01 sys=0.00, real=0.00 secs] 
2014-07-16T07:58:13.257+0000: 1768.477: [GC [PSYoungGen: 1101732K->726K(1057344K)] 1280880K->180066K(1744320K), 0.0149610 secs] [Times: user=0.05 sys=0.00, real=0.02 secs] 
2014-07-16T07:58:15.565+0000: 1770.785: [GC [PSYoungGen: 1057302K->516K(1014720K)] 1236642K->180016K(1701696K), 0.0142390 secs] [Times: user=0.05 sys=0.00, real=0.01 secs] 
2014-07-16T07:58:17.771+0000: 1772.991: [GC [PSYoungGen: 1014626K->506K(974272K)] 1194126K->180110K(1661248K), 0.0137980 secs] [Times: user=0.05 sys=0.00, real=0.01 secs] 
2014-07-16T07:58:19.884+0000: 1775.104: [GC [PSYoungGen: 974266K->676K(936000K)] 1153870K->180360K(1622976K), 0.0116750 secs] [Times: user=0.04 sys=0.00, real=0.01 secs] 
2014-07-16T07:58:21.913+0000: 1777.133: [GC [PSYoungGen: 935972K->448K(899136K)] 1115656K->180300K(1586112K), 0.0097470 secs] [Times: user=0.03 sys=0.01, real=0.01 secs] 
2014-07-16T07:58:23.864+0000: 1779.084: [GC [PSYoungGen: 899136K->434K(864256K)] 1078988K->180414K(1551232K), 0.0138140 secs] [Times: user=0.04 sys=0.00, real=0.01 secs] 
2014-07-16T07:58:25.779+0000: 1780.999: [GC [PSYoungGen: 864242K->800K(831424K)] 1044222K->180916K(1518400K), 0.0078970 secs] [Times: user=0.02 sys=0.00, real=0.01 secs] 
2014-07-16T07:58:27.574+0000: 1782.794: [GC [PSYoungGen: 831392K->224K(799168K)] 1011508K->180444K(1486144K), 0.0079540 secs] [Times: user=0.03 sys=0.00, real=0.01 secs] 
2014-07-16T07:58:29.307+0000: 1784.527: [GC [PSYoungGen: 799136K->406K(769216K)] 979356K->180682K(1456192K), 0.0160050 secs] [Times: user=0.05 sys=0.00, real=0.02 secs] 
2014-07-16T07:58:30.988+0000: 1786.208: [GC [PSYoungGen: 769174K->402K(740480K)] 949450K->180782K(1427456K), 0.0138390 secs] [Times: user=0.05 sys=0.00, real=0.01 secs] 
2014-07-16T07:58:32.620+0000: 1787.840: [GC [PSYoungGen: 740434K->768K(713408K)] 920814K->181292K(1400384K), 0.0115280 secs] [Times: user=0.04 sys=0.00, real=0.01 secs] 
2014-07-16T07:58:34.173+0000: 1789.393: [GC [PSYoungGen: 713405K->576K(687104K)] 893930K->181236K(1374080K), 0.0304800 secs] [Times: user=0.09 sys=0.00, real=0.04 secs] 
2014-07-16T07:58:35.673+0000: 1790.893: [GC [PSYoungGen: 687104K->224K(661888K)] 867764K->181004K(1348864K), 0.0052320 secs] [Times: user=0.01 sys=0.00, real=0.00 secs] 
2014-07-16T07:58:37.136+0000: 1792.356: [GC [PSYoungGen: 661856K->594K(638528K)] 842636K->181478K(1325504K), 0.0206650 secs] [Times: user=0.07 sys=0.00, real=0.02 secs] 
2014-07-16T07:58:38.615+0000: 1793.835: [GC [PSYoungGen: 638482K->886K(616128K)] 819366K->181834K(1303104K), 0.0056650 secs] [Times: user=0.02 sys=0.00, real=0.00 secs] 
2014-07-16T07:58:39.928+0000: 1795.148: [GC [PSYoungGen: 616118K->544K(594176K)] 797066K->181596K(1281152K), 0.0102890 secs] [Times: user=0.04 sys=0.00, real=0.01 secs] 
2014-07-16T07:58:41.219+0000: 1796.439: [GC [PSYoungGen: 594144K->384K(573312K)] 775196K->181564K(1260288K), 0.0087090 secs] [Times: user=0.03 sys=0.00, real=0.01 secs] 
2014-07-16T07:58:42.483+0000: 1797.703: [GC [PSYoungGen: 573312K->320K(553536K)] 754492K->181596K(1240512K), 0.0208920 secs] [Times: user=0.07 sys=0.00, real=0.03 secs] 
2014-07-16T07:58:43.739+0000: 1798.959: [GC [PSYoungGen: 553444K->740K(664640K)] 734721K->182096K(1351616K), 0.0165730 secs] [Times: user=0.05 sys=0.00, real=0.02 secs] 
2014-07-16T07:58:45.151+0000: 1800.371: [GC [PSYoungGen: 664612K->544K(797248K)] 845968K->182012K(1484224K), 0.0155890 secs] [Times: user=0.05 sys=0.00, real=0.02 secs] 
2014-07-16T07:58:46.877+0000: 1802.097: [GC [PSYoungGen: 797211K->672K(956736K)] 978680K->182196K(1643712K), 0.0201750 secs] [Times: user=0.07 sys=0.00, real=0.02 secs] 
2014-07-16T07:58:48.951+0000: 1804.171: [GC [PSYoungGen: 956704K->256K(918656K)] 1138228K->181828K(1605632K), 0.0113990 secs] [Times: user=0.03 sys=0.00, real=0.01 secs] 
2014-07-16T07:58:50.945+0000: 1806.165: [GC [PSYoungGen: 918656K->384K(882944K)] 1100228K->182044K(1569920K), 0.0044950 secs] [Times: user=0.01 sys=0.00, real=0.01 secs] 
2014-07-16T07:58:52.854+0000: 1808.074: [GC [PSYoungGen: 882944K->256K(848704K)] 1064604K->182076K(1535680K), 0.0298940 secs] [Times: user=0.09 sys=0.00, real=0.03 secs] 
2014-07-16T07:58:54.857+0000: 1810.077: [GC [PSYoungGen: 848704K->288K(816256K)] 1030524K->182204K(1503232K), 0.0053960 secs] [Times: user=0.01 sys=0.00, real=0.00 secs] 
2014-07-16T07:58:56.632+0000: 1811.851: [GC [PSYoungGen: 816224K->352K(785344K)] 998140K->182388K(1472320K), 0.0043220 secs] [Times: user=0.01 sys=0.00, real=0.00 secs] 
2014-07-16T07:58:58.341+0000: 1813.560: [GC [PSYoungGen: 785265K->338K(755840K)] 967301K->182422K(1442816K), 0.0047430 secs] [Times: user=0.01 sys=0.00, real=0.00 secs] 
2014-07-16T07:59:00.036+0000: 1815.256: [GC [PSYoungGen: 755794K->384K(727680K)] 937878K->182532K(1414656K), 0.0142000 secs] [Times: user=0.05 sys=0.00, real=0.02 secs] 
2014-07-16T07:59:01.652+0000: 1816.872: [GC [PSYoungGen: 727679K->736K(701248K)] 909828K->183060K(1388224K), 0.0142040 secs] [Times: user=0.05 sys=0.00, real=0.01 secs] 
2014-07-16T07:59:03.167+0000: 1818.387: [GC [PSYoungGen: 701216K->256K(675136K)] 883540K->182724K(1362112K), 0.0104940 secs] [Times: user=0.04 sys=0.00, real=0.01 secs] 
2014-07-16T07:59:04.707+0000: 1819.927: [GC [PSYoungGen: 675135K->448K(650944K)] 857604K->182980K(1337920K), 0.0053770 secs] [Times: user=0.02 sys=0.00, real=0.01 secs] 
2014-07-16T07:59:06.122+0000: 1821.342: [GC [PSYoungGen: 650944K->666K(627968K)] 833476K->183286K(1314944K), 0.0073090 secs] [Times: user=0.01 sys=0.00, real=0.01 secs] 
2014-07-16T07:59:07.493+0000: 1822.713: [GC [PSYoungGen: 627929K->306K(605376K)] 810550K->182966K(1292352K), 0.0048960 secs] [Times: user=0.01 sys=0.00, real=0.01 secs] 
2014-07-16T07:59:08.828+0000: 1824.048: [GC [PSYoungGen: 605362K->914K(584832K)] 788022K->183630K(1271808K), 0.0057050 secs] [Times: user=0.01 sys=0.01, real=0.01 secs] 
2014-07-16T07:59:10.182+0000: 1825.402: [GC [PSYoungGen: 584786K->640K(564288K)] 767502K->183396K(1251264K), 0.0273880 secs] [Times: user=0.10 sys=0.00, real=0.03 secs] 
2014-07-16T07:59:11.432+0000: 1826.652: [GC [PSYoungGen: 564288K->722K(545088K)] 747044K->183654K(1232064K), 0.0143810 secs] [Times: user=0.05 sys=0.00, real=0.01 secs] 
2014-07-16T07:59:12.476+0000: 1827.696: [GC [PSYoungGen: 545042K->658K(653888K)] 727974K->183758K(1340864K), 0.0188780 secs] [Times: user=0.06 sys=0.00, real=0.02 secs] 
2014-07-16T07:59:13.734+0000: 1828.954: [GC [PSYoungGen: 653842K->644K(630528K)] 836942K->183824K(1317504K), 0.0067330 secs] [Times: user=0.02 sys=0.00, real=0.01 secs] 
2014-07-16T07:59:14.949+0000: 1830.169: [GC [PSYoungGen: 630468K->576K(608064K)] 813648K->183852K(1295040K), 0.0096980 secs] [Times: user=0.03 sys=0.00, real=0.01 secs] 
2014-07-16T07:59:16.071+0000: 1831.291: [GC [PSYoungGen: 608064K->452K(586688K)] 791340K->183800K(1273664K), 0.0055700 secs] [Times: user=0.01 sys=0.00, real=0.00 secs] 
2014-07-16T07:59:17.179+0000: 1832.399: [GC [PSYoungGen: 586628K->388K(703872K)] 769976K->183768K(1390848K), 0.0240990 secs] [Times: user=0.08 sys=0.00, real=0.03 secs] 
2014-07-16T07:59:18.508+0000: 1833.728: [GC [PSYoungGen: 703812K->754K(844928K)] 887192K->184198K(1531904K), 0.0134470 secs] [Times: user=0.05 sys=0.00, real=0.02 secs] 
2014-07-16T07:59:20.270+0000: 1835.490: [GC [PSYoungGen: 844883K->608K(1013632K)] 1028328K->184116K(1700608K), 0.0192460 secs] [Times: user=0.07 sys=0.00, real=0.02 secs] 
2014-07-16T07:59:22.382+0000: 1837.602: [GC [PSYoungGen: 1013600K->644K(973376K)] 1197108K->184376K(1660352K), 0.0051810 secs] [Times: user=0.02 sys=0.00, real=0.00 secs] 
2014-07-16T07:59:24.202+0000: 1839.422: [GC [PSYoungGen: 973316K->662K(934976K)] 1157048K->184618K(1621952K), 0.0126960 secs] [Times: user=0.05 sys=0.00, real=0.01 secs] 
2014-07-16T07:59:26.017+0000: 1841.237: [GC [PSYoungGen: 934844K->484K(898176K)] 1118801K->184512K(1585152K), 0.0041500 secs] [Times: user=0.01 sys=0.00, real=0.01 secs] 
2014-07-16T07:59:27.714+0000: 1842.934: [GC [PSYoungGen: 898148K->484K(1077760K)] 1082176K->184608K(1764736K), 0.0378620 secs] [Times: user=0.14 sys=0.01, real=0.04 secs] 
2014-07-16T07:59:29.786+0000: 1845.006: [GC [PSYoungGen: 1077732K->544K(1293312K)] 1261856K->184724K(1980288K), 0.0182500 secs] [Times: user=0.06 sys=0.00, real=0.02 secs] 
2014-07-16T07:59:32.370+0000: 1847.590: [GC [PSYoungGen: 1293280K->644K(1239552K)] 1477460K->184976K(1926528K), 0.0144520 secs] [Times: user=0.05 sys=0.00, real=0.02 secs] 
2014-07-16T07:59:34.764+0000: 1849.984: [GC [PSYoungGen: 1239492K->480K(1188096K)] 1423824K->185044K(1875072K), 0.0116410 secs] [Times: user=0.04 sys=0.00, real=0.01 secs] 
2014-07-16T07:59:36.961+0000: 1852.180: [GC [PSYoungGen: 1188064K->612K(1139456K)] 1372628K->185312K(1826432K), 0.0034270 secs] [Times: user=0.02 sys=0.00, real=0.01 secs] 
2014-07-16T07:59:39.158+0000: 1854.378: [GC [PSYoungGen: 1139428K->594K(1093056K)] 1324128K->185366K(1780032K), 0.0054060 secs] [Times: user=0.02 sys=0.00, real=0.01 secs] 
2014-07-16T07:59:41.507+0000: 1856.727: [GC [PSYoungGen: 1093010K->704K(1048960K)] 1277782K->185692K(1735936K), 0.0382900 secs] [Times: user=0.14 sys=0.00, real=0.04 secs] 
2014-07-16T07:59:43.531+0000: 1858.751: [GC [PSYoungGen: 1048945K->548K(1006784K)] 1233934K->185816K(1693760K), 0.0039470 secs] [Times: user=0.01 sys=0.00, real=0.01 secs] 
2014-07-16T07:59:45.469+0000: 1860.688: [GC [PSYoungGen: 1006756K->288K(966528K)] 1192024K->185716K(1653504K), 0.0132870 secs] [Times: user=0.05 sys=0.00, real=0.01 secs] 
2014-07-16T07:59:47.284+0000: 1862.504: [GC [PSYoungGen: 966496K->562K(928704K)] 1151924K->186094K(1615680K), 0.0065480 secs] [Times: user=0.02 sys=0.00, real=0.00 secs] 
2014-07-16T07:59:49.077+0000: 1864.297: [GC [PSYoungGen: 928690K->544K(892416K)] 1114222K->186140K(1579392K), 0.0220230 secs] [Times: user=0.08 sys=0.00, real=0.02 secs] 
2014-07-16T07:59:50.926+0000: 1866.146: [GC [PSYoungGen: 892384K->822K(858112K)] 1077980K->186514K(1545088K), 0.0309180 secs] [Times: user=0.11 sys=0.00, real=0.03 secs] 
2014-07-16T07:59:52.621+0000: 1867.841: [GC [PSYoungGen: 858102K->548K(824960K)] 1043794K->186440K(1511936K), 0.0060160 secs] [Times: user=0.02 sys=0.00, real=0.01 secs] 
2014-07-16T07:59:54.173+0000: 1869.393: [GC [PSYoungGen: 824932K->224K(793280K)] 1010824K->186252K(1480256K), 0.0058570 secs] [Times: user=0.01 sys=0.00, real=0.01 secs] 
2014-07-16T07:59:55.733+0000: 1870.953: [GC [PSYoungGen: 793248K->452K(763648K)] 979276K->186544K(1450624K), 0.0076240 secs] [Times: user=0.02 sys=0.00, real=0.01 secs] 
2014-07-16T07:59:57.141+0000: 1872.361: [GC [PSYoungGen: 763588K->644K(735360K)] 949680K->186816K(1422336K), 0.0055630 secs] [Times: user=0.01 sys=0.00, real=0.01 secs] 
2014-07-16T07:59:58.522+0000: 1873.742: [GC [PSYoungGen: 735261K->416K(707968K)] 921434K->186660K(1394944K), 0.0043250 secs] [Times: user=0.01 sys=0.00, real=0.01 secs] 
2014-07-16T07:59:59.871+0000: 1875.091: [GC [PSYoungGen: 707936K->544K(682176K)] 894180K->186852K(1369152K), 0.0118100 secs] [Times: user=0.04 sys=0.00, real=0.01 secs] 
2014-07-16T08:00:01.377+0000: 1876.597: [GC [PSYoungGen: 682144K->644K(657600K)] 868452K->187064K(1344576K), 0.0111130 secs] [Times: user=0.04 sys=0.00, real=0.01 secs] 
2014-07-16T08:00:02.676+0000: 1877.896: [GC [PSYoungGen: 657540K->530K(633920K)] 843960K->187166K(1320896K), 0.0043370 secs] [Times: user=0.01 sys=0.00, real=0.01 secs] 
2014-07-16T08:00:03.902+0000: 1879.122: [GC [PSYoungGen: 633874K->384K(611264K)] 820510K->187108K(1298240K), 0.0101150 secs] [Times: user=0.03 sys=0.01, real=0.01 secs] 
2014-07-16T08:00:05.031+0000: 1880.251: [GC [PSYoungGen: 611264K->740K(590208K)] 797988K->187552K(1277184K), 0.0196890 secs] [Times: user=0.07 sys=0.00, real=0.02 secs] 
2014-07-16T08:00:06.204+0000: 1881.424: [GC [PSYoungGen: 590095K->480K(569472K)] 776908K->187348K(1256448K), 0.0117900 secs] [Times: user=0.04 sys=0.00, real=0.01 secs] 
2014-07-16T08:00:07.263+0000: 1882.483: [GC [PSYoungGen: 569440K->320K(683072K)] 756308K->187276K(1370048K), 0.0172620 secs] [Times: user=0.06 sys=0.00, real=0.02 secs] 
2014-07-16T08:00:08.562+0000: 1883.782: [GC [PSYoungGen: 683072K->480K(819840K)] 870028K->187484K(1506816K), 0.0103830 secs] [Times: user=0.03 sys=0.00, real=0.01 secs] 
2014-07-16T08:00:10.131+0000: 1885.351: [GC [PSYoungGen: 819808K->722K(788992K)] 1006812K->187798K(1475968K), 0.0108830 secs] [Times: user=0.02 sys=0.00, real=0.01 secs] 
2014-07-16T08:00:11.812+0000: 1887.032: [GC [PSYoungGen: 788946K->576K(946496K)] 976022K->187860K(1633472K), 0.0272490 secs] [Times: user=0.10 sys=0.00, real=0.03 secs] 
2014-07-16T08:00:13.615+0000: 1888.835: [GC [PSYoungGen: 946496K->480K(1135616K)] 1133780K->187988K(1822592K), 0.0168500 secs] [Times: user=0.06 sys=0.00, real=0.02 secs] 
2014-07-16T08:00:15.731+0000: 1890.951: [GC [PSYoungGen: 1135584K->480K(1089408K)] 1323092K->188100K(1776384K), 0.0073550 secs] [Times: user=0.02 sys=0.00, real=0.00 secs] 
2014-07-16T08:00:17.778+0000: 1892.998: [GC [PSYoungGen: 1089376K->690K(1045632K)] 1276996K->188422K(1732608K), 0.0284160 secs] [Times: user=0.10 sys=0.00, real=0.03 secs] 
2014-07-16T08:00:19.748+0000: 1894.968: [GC [PSYoungGen: 1045618K->690K(1003776K)] 1233350K->188502K(1690752K), 0.0065640 secs] [Times: user=0.02 sys=0.00, real=0.01 secs] 
2014-07-16T08:00:21.726+0000: 1896.946: [GC [PSYoungGen: 1003762K->836K(964096K)] 1191574K->188776K(1651072K), 0.0117110 secs] [Times: user=0.03 sys=0.00, real=0.01 secs] 
2014-07-16T08:00:23.583+0000: 1898.803: [GC [PSYoungGen: 964035K->370K(1156224K)] 1151976K->188678K(1843200K), 0.0352460 secs] [Times: user=0.13 sys=0.00, real=0.03 secs] 
2014-07-16T08:00:25.940+0000: 1901.160: [GC [PSYoungGen: 1156114K->1004K(1109632K)] 1344423K->189600K(1796608K), 0.0077570 secs] [Times: user=0.01 sys=0.01, real=0.00 secs] 
2014-07-16T08:00:27.951+0000: 1903.171: [GC [PSYoungGen: 1109612K->544K(1064256K)] 1298208K->189348K(1751232K), 0.0154570 secs] [Times: user=0.05 sys=0.00, real=0.02 secs] 
2014-07-16T08:00:30.037+0000: 1905.257: [GC [PSYoungGen: 1064144K->740K(1021696K)] 1252948K->189656K(1708672K), 0.0050550 secs] [Times: user=0.02 sys=0.00, real=0.01 secs] 
2014-07-16T08:00:32.086+0000: 1907.306: [GC [PSYoungGen: 1021633K->736K(980992K)] 1210550K->189820K(1667968K), 0.0095970 secs] [Times: user=0.02 sys=0.00, real=0.01 secs] 
2014-07-16T08:00:34.031+0000: 1909.251: [GC [PSYoungGen: 980960K->804K(942272K)] 1170044K->190088K(1629248K), 0.0269300 secs] [Times: user=0.10 sys=0.01, real=0.03 secs] 
2014-07-16T08:00:35.924+0000: 1911.144: [GC [PSYoungGen: 942244K->562K(905088K)] 1131528K->189974K(1592064K), 0.0185550 secs] [Times: user=0.05 sys=0.00, real=0.02 secs] 
2014-07-16T08:00:37.558+0000: 1912.778: [GC [PSYoungGen: 905074K->480K(869888K)] 1094486K->190012K(1556864K), 0.0087400 secs] [Times: user=0.02 sys=0.00, real=0.01 secs] 
2014-07-16T08:00:39.217+0000: 1914.437: [GC [PSYoungGen: 869856K->434K(836352K)] 1059388K->189998K(1523328K), 0.0062740 secs] [Times: user=0.02 sys=0.00, real=0.01 secs] 
2014-07-16T08:00:40.962+0000: 1916.182: [GC [PSYoungGen: 836338K->996K(804992K)] 1025902K->190672K(1491968K), 0.0089550 secs] [Times: user=0.03 sys=0.00, real=0.00 secs] 
2014-07-16T08:00:42.529+0000: 1917.749: [GC [PSYoungGen: 804964K->868K(774464K)] 994640K->190768K(1461440K), 0.0089000 secs] [Times: user=0.03 sys=0.00, real=0.01 secs] 
2014-07-16T08:00:44.014+0000: 1919.234: [GC [PSYoungGen: 774436K->448K(745024K)] 964336K->190484K(1432000K), 0.0078320 secs] [Times: user=0.02 sys=0.01, real=0.00 secs] 
2014-07-16T08:00:45.423+0000: 1920.643: [GC [PSYoungGen: 745024K->644K(717632K)] 935060K->190760K(1404608K), 0.0107610 secs] [Times: user=0.04 sys=0.00, real=0.01 secs] 
2014-07-16T08:00:46.758+0000: 1921.978: [GC [PSYoungGen: 717572K->320K(690944K)] 907688K->190492K(1377920K), 0.0051000 secs] [Times: user=0.01 sys=0.00, real=0.01 secs] 
2014-07-16T08:00:48.092+0000: 1923.312: [GC [PSYoungGen: 690944K->544K(666112K)] 881116K->190796K(1353088K), 0.0205730 secs] [Times: user=0.07 sys=0.00, real=0.02 secs] 
2014-07-16T08:00:49.354+0000: 1924.574: [GC [PSYoungGen: 666080K->384K(641984K)] 856332K->190692K(1328960K), 0.0047750 secs] [Times: user=0.01 sys=0.00, real=0.01 secs] 
2014-07-16T08:00:50.590+0000: 1925.810: [GC [PSYoungGen: 641984K->708K(619520K)] 832292K->191112K(1306496K), 0.0143310 secs] [Times: user=0.05 sys=0.00, real=0.02 secs] 
2014-07-16T08:00:51.938+0000: 1927.158: [GC [PSYoungGen: 619460K->512K(597440K)] 809864K->191020K(1284416K), 0.0053700 secs] [Times: user=0.01 sys=0.00, real=0.00 secs] 
2014-07-16T08:00:53.053+0000: 1928.273: [GC [PSYoungGen: 597440K->648K(576832K)] 787948K->191332K(1263808K), 0.0175930 secs] [Times: user=0.06 sys=0.00, real=0.02 secs] 
2014-07-16T08:00:54.191+0000: 1929.411: [GC [PSYoungGen: 576776K->416K(556736K)] 767460K->191172K(1243712K), 0.0061190 secs] [Times: user=0.02 sys=0.00, real=0.01 secs] 
2014-07-16T08:00:55.277+0000: 1930.497: [GC [PSYoungGen: 556704K->384K(537664K)] 747460K->191220K(1224640K), 0.0091480 secs] [Times: user=0.04 sys=0.01, real=0.01 secs] 
2014-07-16T08:00:56.382+0000: 1931.602: [GC [PSYoungGen: 537664K->566K(519744K)] 728500K->191450K(1206720K), 0.0056950 secs] [Times: user=0.01 sys=0.00, real=0.01 secs] 
2014-07-16T08:00:57.324+0000: 1932.544: [GC [PSYoungGen: 519734K->338K(502208K)] 710618K->191294K(1189184K), 0.0054970 secs] [Times: user=0.01 sys=0.00, real=0.01 secs] 
2014-07-16T08:00:58.294+0000: 1933.514: [GC [PSYoungGen: 502162K->434K(485696K)] 693118K->191422K(1172672K), 0.0134500 secs] [Times: user=0.05 sys=0.00, real=0.02 secs] 
2014-07-16T08:00:59.226+0000: 1934.446: [GC [PSYoungGen: 485682K->498K(582848K)] 676670K->191542K(1269824K), 0.0209490 secs] [Times: user=0.08 sys=0.00, real=0.02 secs] 
2014-07-16T08:01:00.339+0000: 1935.559: [GC [PSYoungGen: 582827K->612K(699456K)] 773872K->191744K(1386432K), 0.0229660 secs] [Times: user=0.07 sys=0.00, real=0.02 secs] 
2014-07-16T08:01:01.793+0000: 1937.013: [GC [PSYoungGen: 699425K->818K(839424K)] 890558K->192078K(1526400K), 0.0183270 secs] [Times: user=0.07 sys=0.00, real=0.02 secs] 
2014-07-16T08:01:03.468+0000: 1938.688: [GC [PSYoungGen: 839342K->580K(1006976K)] 1030603K->192000K(1693952K), 0.0205500 secs] [Times: user=0.07 sys=0.01, real=0.02 secs] 
2014-07-16T08:01:05.432+0000: 1940.652: [GC [PSYoungGen: 1006916K->352K(1208000K)] 1198336K->191908K(1894976K), 0.0138300 secs] [Times: user=0.05 sys=0.01, real=0.01 secs] 
2014-07-16T08:01:07.742+0000: 1942.962: [GC [PSYoungGen: 1207968K->384K(1158272K)] 1399524K->192044K(1845248K), 0.0058410 secs] [Times: user=0.01 sys=0.00, real=0.01 secs] 
2014-07-16T08:01:09.835+0000: 1945.055: [GC [PSYoungGen: 1158270K->544K(1111168K)] 1349931K->192324K(1798144K), 0.0243070 secs] [Times: user=0.09 sys=0.00, real=0.03 secs] 
2014-07-16T08:01:12.138+0000: 1947.358: [GC [PSYoungGen: 1111136K->900K(1066496K)] 1302916K->192792K(1753472K), 0.0161280 secs] [Times: user=0.06 sys=0.00, real=0.01 secs] 
2014-07-16T08:01:14.199+0000: 1949.419: [GC [PSYoungGen: 1066436K->420K(1023104K)] 1258328K->193144K(1710080K), 0.0126350 secs] [Times: user=0.05 sys=0.01, real=0.01 secs] 
2014-07-16T08:01:16.214+0000: 1951.434: [GC [PSYoungGen: 1023073K->690K(982528K)] 1215798K->193542K(1669504K), 0.0220500 secs] [Times: user=0.08 sys=0.00, real=0.02 secs] 
2014-07-16T08:01:18.096+0000: 1953.315: [GC [PSYoungGen: 982514K->448K(943424K)] 1175366K->193532K(1630400K), 0.0045630 secs] [Times: user=0.02 sys=0.00, real=0.01 secs] 
2014-07-16T08:01:19.862+0000: 1955.082: [GC [PSYoungGen: 943407K->912K(906944K)] 1136492K->194108K(1593920K), 0.0170220 secs] [Times: user=0.06 sys=0.00, real=0.02 secs] 
2014-07-16T08:01:21.676+0000: 1956.896: [GC [PSYoungGen: 906896K->1088K(871808K)] 1100092K->194556K(1558784K), 0.0128850 secs] [Times: user=0.05 sys=0.00, real=0.02 secs] 
2014-07-16T08:01:23.290+0000: 1958.510: [GC [PSYoungGen: 871801K->658K(1045568K)] 1065270K->194310K(1732544K), 0.0339680 secs] [Times: user=0.12 sys=0.00, real=0.03 secs] 
2014-07-16T08:01:25.315+0000: 1960.535: [GC [PSYoungGen: 1045446K->768K(1003776K)] 1239099K->194588K(1690752K), 0.0102390 secs] [Times: user=0.03 sys=0.00, real=0.01 secs] 
2014-07-16T08:01:27.355+0000: 1962.575: [GC [PSYoungGen: 1003776K->352K(963520K)] 1197596K->194276K(1650496K), 0.0052010 secs] [Times: user=0.01 sys=0.00, real=0.01 secs] 
2014-07-16T08:01:29.146+0000: 1964.366: [GC [PSYoungGen: 963488K->768K(925952K)] 1157412K->194804K(1612928K), 0.0055970 secs] [Times: user=0.01 sys=0.00, real=0.01 secs] 
2014-07-16T08:01:30.872+0000: 1966.092: [GC [PSYoungGen: 925952K->644K(889728K)] 1119988K->194768K(1576704K), 0.0127940 secs] [Times: user=0.04 sys=0.00, real=0.01 secs] 
2014-07-16T08:01:32.681+0000: 1967.901: [GC [PSYoungGen: 889668K->850K(855488K)] 1083792K->195134K(1542464K), 0.0050620 secs] [Times: user=0.02 sys=0.00, real=0.00 secs] 
2014-07-16T08:01:34.384+0000: 1969.604: [GC [PSYoungGen: 855442K->512K(822336K)] 1049726K->194964K(1509312K), 0.0079500 secs] [Times: user=0.01 sys=0.00, real=0.01 secs] 
2014-07-16T08:01:36.045+0000: 1971.265: [GC [PSYoungGen: 822336K->722K(791360K)] 1016788K->195310K(1478336K), 0.0094370 secs] [Times: user=0.02 sys=0.00, real=0.01 secs] 
2014-07-16T08:01:37.581+0000: 1972.801: [GC [PSYoungGen: 791314K->480K(761344K)] 985902K->195156K(1448320K), 0.0147990 secs] [Times: user=0.05 sys=0.00, real=0.01 secs] 
2014-07-16T08:01:38.980+0000: 1974.200: [GC [PSYoungGen: 761312K->434K(732928K)] 955988K->195206K(1419904K), 0.0168220 secs] [Times: user=0.05 sys=0.00, real=0.02 secs] 
2014-07-16T08:01:40.373+0000: 1975.593: [GC [PSYoungGen: 732914K->448K(705856K)] 927686K->195268K(1392832K), 0.0043360 secs] [Times: user=0.01 sys=0.00, real=0.00 secs] 
2014-07-16T08:01:41.701+0000: 1976.921: [GC [PSYoungGen: 705856K->580K(680256K)] 900676K->195528K(1367232K), 0.0063760 secs] [Times: user=0.01 sys=0.00, real=0.01 secs] 
2014-07-16T08:01:43.098+0000: 1978.318: [GC [PSYoungGen: 680194K->480K(655552K)] 875143K->195548K(1342528K), 0.0236630 secs] [Times: user=0.06 sys=0.00, real=0.02 secs] 
2014-07-16T08:01:44.348+0000: 1979.568: [GC [PSYoungGen: 655451K->416K(632000K)] 850519K->195596K(1318976K), 0.0144320 secs] [Times: user=0.05 sys=0.00, real=0.02 secs] 
2014-07-16T08:01:45.597+0000: 1980.817: [GC [PSYoungGen: 631968K->648K(609856K)] 827148K->195908K(1296832K), 0.0077930 secs] [Times: user=0.00 sys=0.00, real=0.01 secs] 
2014-07-16T08:01:46.801+0000: 1982.021: [GC [PSYoungGen: 609800K->544K(731584K)] 805060K->195908K(1418560K), 0.0296890 secs] [Times: user=0.10 sys=0.00, real=0.03 secs] 
2014-07-16T08:01:48.293+0000: 1983.513: [GC [PSYoungGen: 731492K->648K(877952K)] 926857K->196084K(1564928K), 0.0064320 secs] [Times: user=0.01 sys=0.01, real=0.00 secs] 
2014-07-16T08:01:49.909+0000: 1985.129: [GC [PSYoungGen: 877896K->288K(1053056K)] 1073332K->195804K(1740032K), 0.0150220 secs] [Times: user=0.05 sys=0.00, real=0.02 secs] 
2014-07-16T08:01:51.878+0000: 1987.098: [GC [PSYoungGen: 1053024K->544K(1011072K)] 1248540K->196172K(1698048K), 0.0194230 secs] [Times: user=0.07 sys=0.00, real=0.02 secs] 
2014-07-16T08:01:53.897+0000: 1989.117: [GC [PSYoungGen: 1011040K->808K(971072K)] 1206668K->196588K(1658048K), 0.0047660 secs] [Times: user=0.01 sys=0.00, real=0.00 secs] 
2014-07-16T08:01:55.881+0000: 1991.101: [GC [PSYoungGen: 971005K->690K(932672K)] 1166786K->196614K(1619648K), 0.0209130 secs] [Times: user=0.08 sys=0.00, real=0.02 secs] 
2014-07-16T08:01:57.803+0000: 1993.023: [GC [PSYoungGen: 932658K->548K(896064K)] 1128582K->196600K(1583040K), 0.0048740 secs] [Times: user=0.02 sys=0.00, real=0.01 secs] 
2014-07-16T08:01:59.438+0000: 1994.658: [GC [PSYoungGen: 896036K->612K(861376K)] 1092088K->196824K(1548352K), 0.0115860 secs] [Times: user=0.04 sys=0.00, real=0.01 secs] 
2014-07-16T08:02:01.026+0000: 1996.246: [GC [PSYoungGen: 861348K->544K(828224K)] 1057560K->196852K(1515200K), 0.0136390 secs] [Times: user=0.04 sys=0.00, real=0.01 secs] 
2014-07-16T08:02:02.722+0000: 1997.942: [GC [PSYoungGen: 828119K->594K(796736K)] 1024428K->197030K(1483712K), 0.0186750 secs] [Times: user=0.07 sys=0.00, real=0.02 secs] 
2014-07-16T08:02:04.196+0000: 1999.416: [GC [PSYoungGen: 796688K->662K(766784K)] 993125K->197274K(1453760K), 0.0142970 secs] [Times: user=0.05 sys=0.00, real=0.01 secs] 
2014-07-16T08:02:05.646+0000: 2000.866: [GC [PSYoungGen: 766742K->580K(738112K)] 963354K->197264K(1425088K), 0.0161200 secs] [Times: user=0.05 sys=0.00, real=0.01 secs] 
2014-07-16T08:02:07.100+0000: 2002.320: [GC [PSYoungGen: 738052K->502K(885504K)] 934736K->197346K(1572480K), 0.0251430 secs] [Times: user=0.09 sys=0.00, real=0.02 secs] 
2014-07-16T08:02:08.879+0000: 2004.099: [GC [PSYoungGen: 885494K->384K(851136K)] 1082338K->197300K(1538112K), 0.0055990 secs] [Times: user=0.01 sys=0.00, real=0.00 secs] 
2014-07-16T08:02:10.468+0000: 2005.688: [GC [PSYoungGen: 851136K->384K(818496K)] 1048052K->197436K(1505472K), 0.0049600 secs] [Times: user=0.02 sys=0.00, real=0.00 secs] 
2014-07-16T08:02:11.986+0000: 2007.206: [GC [PSYoungGen: 818496K->352K(787392K)] 1015548K->197548K(1474368K), 0.0159830 secs] [Times: user=0.06 sys=0.00, real=0.02 secs] 
2014-07-16T08:02:13.637+0000: 2008.857: [GC [PSYoungGen: 787315K->896K(945344K)] 984512K->198236K(1632320K), 0.0412200 secs] [Times: user=0.14 sys=0.00, real=0.05 secs] 
2014-07-16T08:02:15.523+0000: 2010.743: [GC [PSYoungGen: 945343K->722K(1134144K)] 1142684K->198222K(1821120K), 0.0159250 secs] [Times: user=0.05 sys=0.00, real=0.02 secs] 
2014-07-16T08:02:17.955+0000: 2013.175: [GC [PSYoungGen: 1134098K->562K(1087808K)] 1331598K->198518K(1774784K), 0.0123280 secs] [Times: user=0.03 sys=0.00, real=0.02 secs] 
2014-07-16T08:02:20.036+0000: 2015.256: [GC [PSYoungGen: 1087794K->978K(1044352K)] 1285750K->199086K(1731328K), 0.0157310 secs] [Times: user=0.05 sys=0.00, real=0.02 secs] 
2014-07-16T08:02:22.094+0000: 2017.314: [GC [PSYoungGen: 1044306K->672K(1252736K)] 1242414K->199012K(1939712K), 0.0408730 secs] [Times: user=0.16 sys=0.00, real=0.04 secs] 
2014-07-16T08:02:24.638+0000: 2019.858: [GC [PSYoungGen: 1252704K->1142K(1503616K)] 1451044K->199690K(2190592K), 0.0141060 secs] [Times: user=0.05 sys=0.00, real=0.01 secs] 
2014-07-16T08:02:27.547+0000: 2022.767: [GC [PSYoungGen: 1503606K->626K(1439040K)] 1702154K->199486K(2126016K), 0.0229550 secs] [Times: user=0.07 sys=0.00, real=0.03 secs] 
2014-07-16T08:02:30.431+0000: 2025.651: [GC [PSYoungGen: 1439024K->804K(1378304K)] 1637884K->199808K(2065280K), 0.0300800 secs] [Times: user=0.11 sys=0.00, real=0.03 secs] 
2014-07-16T08:02:33.185+0000: 2028.405: [GC [PSYoungGen: 1378276K->1000K(1320512K)] 1577280K->200268K(2007488K), 0.0086970 secs] [Times: user=0.01 sys=0.00, real=0.01 secs] 
2014-07-16T08:02:35.729+0000: 2030.949: [GC [PSYoungGen: 1320488K->640K(1264960K)] 1519756K->200116K(1951936K), 0.0075680 secs] [Times: user=0.01 sys=0.00, real=0.01 secs] 
2014-07-16T08:02:38.284+0000: 2033.504: [GC [PSYoungGen: 1264960K->626K(1212480K)] 1464436K->200246K(1899456K), 0.0172700 secs] [Times: user=0.06 sys=0.00, real=0.02 secs] 
2014-07-16T08:02:40.519+0000: 2035.739: [GC [PSYoungGen: 1212466K->644K(1162624K)] 1412086K->200416K(1849600K), 0.0052460 secs] [Times: user=0.01 sys=0.01, real=0.01 secs] 
2014-07-16T08:02:42.682+0000: 2037.902: [GC [PSYoungGen: 1162564K->516K(1115008K)] 1362336K->200440K(1801984K), 0.0199680 secs] [Times: user=0.07 sys=0.00, real=0.02 secs] 
2014-07-16T08:02:44.821+0000: 2040.041: [GC [PSYoungGen: 1114948K->448K(1069632K)] 1314872K->200516K(1756608K), 0.0054950 secs] [Times: user=0.01 sys=0.00, real=0.00 secs] 
2014-07-16T08:02:46.906+0000: 2042.126: [GC [PSYoungGen: 1069632K->690K(1026816K)] 1269700K->200894K(1713792K), 0.0185560 secs] [Times: user=0.06 sys=0.00, real=0.02 secs] 
2014-07-16T08:02:49.099+0000: 2044.319: [GC [PSYoungGen: 1026802K->722K(985920K)] 1227006K->201038K(1672896K), 0.0249450 secs] [Times: user=0.08 sys=0.00, real=0.03 secs] 
2014-07-16T08:02:50.918+0000: 2046.138: [GC [PSYoungGen: 985874K->726K(946880K)] 1186190K->201210K(1633856K), 0.0145080 secs] [Times: user=0.04 sys=0.00, real=0.02 secs] 
2014-07-16T08:02:52.684+0000: 2047.904: [GC [PSYoungGen: 946838K->544K(909568K)] 1147322K->201188K(1596544K), 0.0262670 secs] [Times: user=0.10 sys=0.00, real=0.02 secs] 
2014-07-16T08:02:54.629+0000: 2049.849: [GC [PSYoungGen: 909536K->804K(874432K)] 1110180K->201576K(1561408K), 0.0067000 secs] [Times: user=0.02 sys=0.00, real=0.01 secs] 
2014-07-16T08:02:56.391+0000: 2051.611: [GC [PSYoungGen: 874404K->466K(840384K)] 1075176K->201414K(1527360K), 0.0094660 secs] [Times: user=0.04 sys=0.00, real=0.01 secs] 
2014-07-16T08:02:58.195+0000: 2053.415: [GC [PSYoungGen: 840289K->680K(808448K)] 1041238K->201756K(1495424K), 0.0100440 secs] [Times: user=0.04 sys=0.00, real=0.01 secs] 
2014-07-16T08:02:59.762+0000: 2054.982: [GC [PSYoungGen: 808424K->544K(777728K)] 1009500K->201756K(1464704K), 0.0256800 secs] [Times: user=0.09 sys=0.01, real=0.03 secs] 
2014-07-16T08:03:01.233+0000: 2056.453: [GC [PSYoungGen: 777696K->754K(748800K)] 978908K->202094K(1435776K), 0.0096530 secs] [Times: user=0.03 sys=0.00, real=0.01 secs] 
2014-07-16T08:03:02.625+0000: 2057.845: [GC [PSYoungGen: 748786K->754K(721024K)] 950126K->202222K(1408000K), 0.0067660 secs] [Times: user=0.01 sys=0.00, real=0.00 secs] 
2014-07-16T08:03:04.057+0000: 2059.277: [GC [PSYoungGen: 721010K->676K(694464K)] 922478K->202264K(1381440K), 0.0121260 secs] [Times: user=0.05 sys=0.00, real=0.01 secs] 
2014-07-16T08:03:05.389+0000: 2060.609: [GC [PSYoungGen: 694436K->434K(668928K)] 896024K->202134K(1355904K), 0.0051420 secs] [Times: user=0.02 sys=0.00, real=0.01 secs] 
2014-07-16T08:03:06.686+0000: 2061.906: [GC [PSYoungGen: 668914K->402K(644864K)] 870614K->202174K(1331840K), 0.0042530 secs] [Times: user=0.01 sys=0.00, real=0.00 secs] 
2014-07-16T08:03:07.952+0000: 2063.172: [GC [PSYoungGen: 644818K->512K(621952K)] 846590K->202364K(1308928K), 0.0114180 secs] [Times: user=0.03 sys=0.00, real=0.01 secs] 
2014-07-16T08:03:09.200+0000: 2064.420: [GC [PSYoungGen: 621952K->370K(599872K)] 823804K->202278K(1286848K), 0.0047160 secs] [Times: user=0.01 sys=0.00, real=0.01 secs] 
2014-07-16T08:03:10.317+0000: 2065.537: [GC [PSYoungGen: 599858K->384K(578944K)] 801766K->202404K(1265920K), 0.0241170 secs] [Times: user=0.08 sys=0.00, real=0.02 secs] 
2014-07-16T08:03:11.396+0000: 2066.616: [GC [PSYoungGen: 578944K->466K(559104K)] 780964K->202606K(1246080K), 0.0069670 secs] [Times: user=0.01 sys=0.00, real=0.00 secs] 
2014-07-16T08:03:12.468+0000: 2067.687: [GC [PSYoungGen: 559058K->320K(670656K)] 761198K->202540K(1357632K), 0.0219580 secs] [Times: user=0.08 sys=0.00, real=0.02 secs] 
2014-07-16T08:03:13.865+0000: 2069.085: [GC [PSYoungGen: 670656K->1014K(805440K)] 872876K->203490K(1492416K), 0.0111760 secs] [Times: user=0.04 sys=0.00, real=0.02 secs] 
2014-07-16T08:03:15.452+0000: 2070.672: [GC [PSYoungGen: 805430K->658K(966016K)] 1007906K->203222K(1652992K), 0.0178760 secs] [Times: user=0.06 sys=0.00, real=0.02 secs] 
2014-07-16T08:03:17.301+0000: 2072.521: [GC [PSYoungGen: 965968K->534K(927808K)] 1168533K->203226K(1614784K), 0.0040620 secs] [Times: user=0.02 sys=0.01, real=0.00 secs] 
2014-07-16T08:03:19.151+0000: 2074.371: [GC [PSYoungGen: 927766K->416K(891456K)] 1130458K->203188K(1578432K), 0.0251420 secs] [Times: user=0.09 sys=0.00, real=0.02 secs] 
2014-07-16T08:03:20.847+0000: 2076.067: [GC [PSYoungGen: 891380K->768K(1070016K)] 1094153K->203692K(1756992K), 0.0474720 secs] [Times: user=0.15 sys=0.00, real=0.04 secs] 
2014-07-16T08:03:22.896+0000: 2078.116: [GC [PSYoungGen: 1070016K->416K(1283584K)] 1272940K->203492K(1970560K), 0.0065850 secs] [Times: user=0.01 sys=0.00, real=0.01 secs] 
2014-07-16T08:03:25.497+0000: 2080.717: [GC [PSYoungGen: 1283552K->672K(1540480K)] 1486628K->203900K(2227456K), 0.0173340 secs] [Times: user=0.06 sys=0.00, real=0.02 secs] 
2014-07-16T08:03:28.549+0000: 2083.769: [GC [PSYoungGen: 1540448K->448K(1474304K)] 1743676K->203820K(2161280K), 0.0046740 secs] [Times: user=0.01 sys=0.00, real=0.00 secs] 
2014-07-16T08:03:31.332+0000: 2086.552: [GC [PSYoungGen: 1474304K->544K(1411712K)] 1677676K->204076K(2098688K), 0.0134160 secs] [Times: user=0.03 sys=0.00, real=0.01 secs] 
2014-07-16T08:03:34.005+0000: 2089.225: [GC [PSYoungGen: 1411629K->950K(1352448K)] 1615162K->204722K(2039424K), 0.0208310 secs] [Times: user=0.07 sys=0.00, real=0.02 secs] 
2014-07-16T08:03:36.724+0000: 2091.944: [GC [PSYoungGen: 1352438K->576K(1295360K)] 1556210K->204532K(1982336K), 0.0111100 secs] [Times: user=0.03 sys=0.00, real=0.01 secs] 
2014-07-16T08:03:39.418+0000: 2094.638: [GC [PSYoungGen: 1295360K->800K(1241664K)] 1499316K->204924K(1928640K), 0.0107930 secs] [Times: user=0.03 sys=0.00, real=0.01 secs] 
2014-07-16T08:03:41.759+0000: 2096.979: [GC [PSYoungGen: 1241632K->512K(1190016K)] 1445756K->204844K(1876992K), 0.0054010 secs] [Times: user=0.01 sys=0.00, real=0.01 secs] 
2014-07-16T08:03:43.966+0000: 2099.186: [GC [PSYoungGen: 1190013K->352K(1141056K)] 1394345K->204900K(1828032K), 0.0088660 secs] [Times: user=0.03 sys=0.00, real=0.01 secs] 
2014-07-16T08:03:46.255+0000: 2101.475: [GC [PSYoungGen: 1141024K->854K(1095104K)] 1345572K->205506K(1782080K), 0.0191930 secs] [Times: user=0.07 sys=0.00, real=0.02 secs] 
2014-07-16T08:03:48.387+0000: 2103.607: [GC [PSYoungGen: 1095062K->968K(1051008K)] 1299714K->205780K(1737984K), 0.0182820 secs] [Times: user=0.06 sys=0.00, real=0.02 secs] 
2014-07-16T08:03:50.558+0000: 2105.778: [GC [PSYoungGen: 1050952K->448K(1008320K)] 1255764K->205460K(1695296K), 0.0056230 secs] [Times: user=0.02 sys=0.00, real=0.01 secs] 
2014-07-16T08:03:52.440+0000: 2107.660: [GC [PSYoungGen: 1008320K->648K(968448K)] 1213332K->205908K(1655424K), 0.0057710 secs] [Times: user=0.01 sys=0.00, real=0.01 secs] 
2014-07-16T08:03:54.284+0000: 2109.504: [GC [PSYoungGen: 968308K->580K(930176K)] 1173569K->205992K(1617152K), 0.0111440 secs] [Times: user=0.04 sys=0.00, real=0.01 secs] 
2014-07-16T08:03:56.145+0000: 2111.365: [GC [PSYoungGen: 930105K->772K(894016K)] 1135518K->206280K(1580992K), 0.0105610 secs] [Times: user=0.04 sys=0.00, real=0.01 secs] 
2014-07-16T08:03:57.844+0000: 2113.064: [GC [PSYoungGen: 893920K->768K(859328K)] 1099429K->206412K(1546304K), 0.0206780 secs] [Times: user=0.07 sys=0.00, real=0.02 secs] 
2014-07-16T08:03:59.721+0000: 2114.941: [GC [PSYoungGen: 859328K->1074K(826688K)] 1064972K->206984K(1513664K), 0.0086680 secs] [Times: user=0.02 sys=0.00, real=0.01 secs] 
2014-07-16T08:04:01.295+0000: 2116.515: [GC [PSYoungGen: 826674K->370K(794560K)] 1032584K->206592K(1481536K), 0.0113630 secs] [Times: user=0.04 sys=0.00, real=0.01 secs] 
2014-07-16T08:04:02.800+0000: 2118.020: [GC [PSYoungGen: 794546K->608K(764864K)] 1000768K->207038K(1451840K), 0.0134810 secs] [Times: user=0.05 sys=0.00, real=0.02 secs] 
2014-07-16T08:04:04.228+0000: 2119.448: [GC [PSYoungGen: 764832K->352K(736064K)] 971262K->206902K(1423040K), 0.0054990 secs] [Times: user=0.02 sys=0.01, real=0.01 secs] 
2014-07-16T08:04:05.654+0000: 2120.873: [GC [PSYoungGen: 736032K->416K(708928K)] 942582K->207030K(1395904K), 0.0127970 secs] [Times: user=0.04 sys=0.00, real=0.02 secs] 
2014-07-16T08:04:07.026+0000: 2122.246: [GC [PSYoungGen: 708896K->320K(682880K)] 915510K->207006K(1369856K), 0.0058730 secs] [Times: user=0.01 sys=0.00, real=0.00 secs] 
2014-07-16T08:04:08.372+0000: 2123.592: [GC [PSYoungGen: 682880K->708K(658560K)] 889566K->207474K(1345536K), 0.0058850 secs] [Times: user=0.01 sys=0.00, real=0.01 secs] 
2014-07-16T08:04:09.790+0000: 2125.010: [GC [PSYoungGen: 658500K->1202K(635392K)] 865266K->208192K(1322368K), 0.0100440 secs] [Times: user=0.04 sys=0.00, real=0.01 secs] 
2014-07-16T08:04:11.032+0000: 2126.251: [GC [PSYoungGen: 635344K->608K(612288K)] 842335K->207734K(1299264K), 0.0081060 secs] [Times: user=0.02 sys=0.00, real=0.01 secs] 
2014-07-16T08:04:12.229+0000: 2127.449: [GC [PSYoungGen: 612256K->448K(590592K)] 819382K->207806K(1277568K), 0.0257460 secs] [Times: user=0.08 sys=0.00, real=0.02 secs] 
2014-07-16T08:04:13.342+0000: 2128.562: [GC [PSYoungGen: 590592K->530K(570240K)] 797950K->208000K(1257216K), 0.0080450 secs] [Times: user=0.02 sys=0.00, real=0.01 secs] 
2014-07-16T08:04:14.462+0000: 2129.682: [GC [PSYoungGen: 570194K->904K(684608K)] 777664K->208430K(1371584K), 0.0171590 secs] [Times: user=0.06 sys=0.00, real=0.02 secs] 
2014-07-16T08:04:15.863+0000: 2131.083: [GC [PSYoungGen: 684552K->584K(821056K)] 892078K->208182K(1508032K), 0.0138160 secs] [Times: user=0.05 sys=0.00, real=0.02 secs] 
2014-07-16T08:04:17.471+0000: 2132.691: [GC [PSYoungGen: 821000K->1106K(790400K)] 1028598K->208800K(1477376K), 0.0115080 secs] [Times: user=0.04 sys=0.00, real=0.01 secs] 
2014-07-16T08:04:18.999+0000: 2134.219: [GC [PSYoungGen: 790354K->676K(947840K)] 998048K->208434K(1634816K), 0.0182070 secs] [Times: user=0.06 sys=0.00, real=0.02 secs] 
2014-07-16T08:04:20.993+0000: 2136.213: [GC [PSYoungGen: 947812K->772K(910784K)] 1155570K->208610K(1597760K), 0.0125590 secs] [Times: user=0.05 sys=0.00, real=0.01 secs] 
2014-07-16T08:04:22.738+0000: 2137.958: [GC [PSYoungGen: 910724K->548K(875136K)] 1118562K->208610K(1562112K), 0.0063570 secs] [Times: user=0.01 sys=0.00, real=0.00 secs] 
2014-07-16T08:04:24.428+0000: 2139.648: [GC [PSYoungGen: 875108K->402K(841280K)] 1083170K->208600K(1528256K), 0.0219200 secs] [Times: user=0.08 sys=0.00, real=0.02 secs] 
2014-07-16T08:04:26.165+0000: 2141.385: [GC [PSYoungGen: 841234K->854K(809600K)] 1049432K->209156K(1496576K), 0.0095300 secs] [Times: user=0.02 sys=0.00, real=0.01 secs] 
2014-07-16T08:04:27.733+0000: 2142.953: [GC [PSYoungGen: 809558K->836K(778944K)] 1017860K->209250K(1465920K), 0.0220940 secs] [Times: user=0.08 sys=0.00, real=0.02 secs] 
2014-07-16T08:04:29.278+0000: 2144.498: [GC [PSYoungGen: 778881K->626K(749504K)] 987296K->209120K(1436480K), 0.0120320 secs] [Times: user=0.05 sys=0.00, real=0.01 secs] 
2014-07-16T08:04:30.894+0000: 2146.114: [GC [PSYoungGen: 749490K->978K(722048K)] 957984K->209600K(1409024K), 0.0191090 secs] [Times: user=0.07 sys=0.00, real=0.02 secs] 
2014-07-16T08:04:32.302+0000: 2147.522: [GC [PSYoungGen: 722002K->544K(695104K)] 930624K->209406K(1382080K), 0.0127420 secs] [Times: user=0.04 sys=0.00, real=0.01 secs] 
2014-07-16T08:04:33.622+0000: 2148.842: [GC [PSYoungGen: 695072K->512K(833984K)] 903934K->209494K(1520960K), 0.0211330 secs] [Times: user=0.07 sys=0.00, real=0.02 secs] 
2014-07-16T08:04:35.436+0000: 2150.656: [GC [PSYoungGen: 833984K->850K(1001088K)] 1042966K->209928K(1688064K), 0.0366270 secs] [Times: user=0.14 sys=0.00, real=0.04 secs] 
2014-07-16T08:04:37.384+0000: 2152.604: [GC [PSYoungGen: 1001042K->384K(1200640K)] 1210120K->209606K(1887616K), 0.0176230 secs] [Times: user=0.06 sys=0.00, real=0.02 secs] 
2014-07-16T08:04:39.777+0000: 2154.997: [GC [PSYoungGen: 1200542K->726K(1441088K)] 1409765K->210028K(2128064K), 0.0211560 secs] [Times: user=0.08 sys=0.01, real=0.02 secs] 
2014-07-16T08:04:42.566+0000: 2157.786: [GC [PSYoungGen: 1441046K->576K(1379840K)] 1650348K->210054K(2066816K), 0.0128850 secs] [Times: user=0.04 sys=0.00, real=0.02 secs] 
2014-07-16T08:04:45.194+0000: 2160.414: [GC [PSYoungGen: 1379840K->804K(1322048K)] 1589318K->210522K(2009024K), 0.0173380 secs] [Times: user=0.06 sys=0.00, real=0.02 secs] 
2014-07-16T08:04:47.923+0000: 2163.143: [GC [PSYoungGen: 1322020K->626K(1266624K)] 1531738K->210472K(1953600K), 0.0229430 secs] [Times: user=0.08 sys=0.00, real=0.02 secs] 
2014-07-16T08:04:50.443+0000: 2165.662: [GC [PSYoungGen: 1266610K->1138K(1214592K)] 1476456K->211216K(1901568K), 0.0254850 secs] [Times: user=0.09 sys=0.01, real=0.02 secs] 
2014-07-16T08:04:52.812+0000: 2168.032: [GC [PSYoungGen: 1214578K->562K(1164032K)] 1424656K->210984K(1851008K), 0.0202040 secs] [Times: user=0.07 sys=0.00, real=0.02 secs] 
2014-07-16T08:04:55.013+0000: 2170.233: [GC [PSYoungGen: 1164018K->562K(1116416K)] 1374440K->211208K(1803392K), 0.0052740 secs] [Times: user=0.02 sys=0.01, real=0.00 secs] 
2014-07-16T08:04:57.182+0000: 2172.402: [GC [PSYoungGen: 1116402K->658K(1071232K)] 1327048K->211464K(1758208K), 0.0140520 secs] [Times: user=0.06 sys=0.00, real=0.01 secs] 
2014-07-16T08:04:59.275+0000: 2174.495: [GC [PSYoungGen: 1071186K->594K(1028032K)] 1281992K->211504K(1715008K), 0.0044590 secs] [Times: user=0.01 sys=0.00, real=0.00 secs] 
2014-07-16T08:05:01.323+0000: 2176.543: [GC [PSYoungGen: 1027986K->978K(987392K)] 1238896K->212032K(1674368K), 0.0104130 secs] [Times: user=0.04 sys=0.00, real=0.01 secs] 
2014-07-16T08:05:03.218+0000: 2178.438: [GC [PSYoungGen: 987346K->576K(947904K)] 1198400K->211870K(1634880K), 0.0102520 secs] [Times: user=0.04 sys=0.00, real=0.01 secs] 
2014-07-16T08:05:05.007+0000: 2180.227: [GC [PSYoungGen: 947904K->402K(910592K)] 1159198K->211816K(1597568K), 0.0095630 secs] [Times: user=0.03 sys=0.00, real=0.01 secs] 
2014-07-16T08:05:06.779+0000: 2181.999: [GC [PSYoungGen: 910546K->512K(875200K)] 1121960K->212014K(1562176K), 0.0112230 secs] [Times: user=0.03 sys=0.00, real=0.01 secs] 
2014-07-16T08:05:08.512+0000: 2183.732: [GC [PSYoungGen: 875133K->644K(841664K)] 1086636K->212250K(1528640K), 0.0099350 secs] [Times: user=0.02 sys=0.00, real=0.01 secs] 
2014-07-16T08:05:10.147+0000: 2185.367: [GC [PSYoungGen: 841604K->466K(809344K)] 1053210K->212168K(1496320K), 0.0125410 secs] [Times: user=0.05 sys=0.00, real=0.01 secs] 
2014-07-16T08:05:11.936+0000: 2187.156: [GC [PSYoungGen: 809298K->960K(779136K)] 1021000K->212838K(1466112K), 0.0091940 secs] [Times: user=0.02 sys=0.00, real=0.01 secs] 
2014-07-16T08:05:13.418+0000: 2188.638: [GC [PSYoungGen: 779136K->626K(749632K)] 991014K->212720K(1436608K), 0.0087280 secs] [Times: user=0.01 sys=0.00, real=0.01 secs] 
2014-07-16T08:05:14.859+0000: 2190.079: [GC [PSYoungGen: 749618K->320K(721472K)] 961712K->212502K(1408448K), 0.0053780 secs] [Times: user=0.01 sys=0.01, real=0.01 secs] 
2014-07-16T08:05:16.324+0000: 2191.544: [GC [PSYoungGen: 721472K->416K(695040K)] 933654K->212662K(1382016K), 0.0096340 secs] [Times: user=0.03 sys=0.00, real=0.00 secs] 
2014-07-16T08:05:17.604+0000: 2192.824: [GC [PSYoungGen: 695008K->288K(669632K)] 907254K->212630K(1356608K), 0.0164140 secs] [Times: user=0.06 sys=0.00, real=0.02 secs] 
2014-07-16T08:05:18.873+0000: 2194.093: [GC [PSYoungGen: 669595K->384K(803584K)] 881938K->212798K(1490560K), 0.0280000 secs] [Times: user=0.10 sys=0.00, real=0.03 secs] 
2014-07-16T08:05:20.436+0000: 2195.655: [GC [PSYoungGen: 803584K->882K(773696K)] 1015998K->213368K(1460672K), 0.0106070 secs] [Times: user=0.04 sys=0.00, real=0.01 secs] 
2014-07-16T08:05:22.078+0000: 2197.298: [GC [PSYoungGen: 773682K->754K(928128K)] 986168K->213400K(1615104K), 0.0189090 secs] [Times: user=0.08 sys=0.00, real=0.02 secs] 
2014-07-16T08:05:23.871+0000: 2199.091: [GC [PSYoungGen: 928114K->722K(1113600K)] 1140760K->213560K(1800576K), 0.0282010 secs] [Times: user=0.11 sys=0.00, real=0.03 secs] 
2014-07-16T08:05:26.010+0000: 2201.230: [GC [PSYoungGen: 1113498K->790K(1336256K)] 1326337K->213756K(2023232K), 0.0148300 secs] [Times: user=0.03 sys=0.00, real=0.01 secs] 
2014-07-16T08:05:28.649+0000: 2203.869: [GC [PSYoungGen: 1336214K->640K(1280128K)] 1549180K->213702K(1967104K), 0.0075610 secs] [Times: user=0.03 sys=0.00, real=0.01 secs] 
2014-07-16T08:05:31.192+0000: 2206.412: [GC [PSYoungGen: 1280075K->896K(1227136K)] 1493138K->214078K(1914112K), 0.0136010 secs] [Times: user=0.05 sys=0.00, real=0.01 secs] 
2014-07-16T08:05:33.612+0000: 2208.832: [GC [PSYoungGen: 1227136K->480K(1176128K)] 1440318K->213918K(1863104K), 0.0096810 secs] [Times: user=0.03 sys=0.00, real=0.01 secs] 
2014-07-16T08:05:35.851+0000: 2211.070: [GC [PSYoungGen: 1176096K->562K(1128000K)] 1389534K->214184K(1814976K), 0.0099060 secs] [Times: user=0.03 sys=0.00, real=0.01 secs] 
2014-07-16T08:05:38.105+0000: 2213.325: [GC [PSYoungGen: 1127986K->576K(1082176K)] 1341608K->214286K(1769152K), 0.0101050 secs] [Times: user=0.02 sys=0.00, real=0.01 secs] 
2014-07-16T08:05:40.201+0000: 2215.420: [GC [PSYoungGen: 1082176K->708K(1038720K)] 1295886K->214546K(1725696K), 0.0119730 secs] [Times: user=0.04 sys=0.00, real=0.01 secs] 
2014-07-16T08:05:42.437+0000: 2217.657: [GC [PSYoungGen: 1038660K->754K(997184K)] 1252498K->214760K(1684160K), 0.0186030 secs] [Times: user=0.06 sys=0.00, real=0.02 secs] 
2014-07-16T08:05:44.333+0000: 2219.553: [GC [PSYoungGen: 997170K->384K(957248K)] 1211176K->214638K(1644224K), 0.0127670 secs] [Times: user=0.05 sys=0.00, real=0.01 secs] 
2014-07-16T08:05:46.142+0000: 2221.361: [GC [PSYoungGen: 957248K->772K(920064K)] 1171502K->215138K(1607040K), 0.0065060 secs] [Times: user=0.02 sys=0.00, real=0.00 secs] 
2014-07-16T08:05:47.985+0000: 2223.204: [GC [PSYoungGen: 920004K->868K(884288K)] 1134370K->215322K(1571264K), 0.0117000 secs] [Times: user=0.04 sys=0.00, real=0.01 secs] 
2014-07-16T08:05:49.836+0000: 2225.056: [GC [PSYoungGen: 884260K->484K(849728K)] 1098714K->215506K(1536704K), 0.0182930 secs] [Times: user=0.07 sys=0.00, real=0.02 secs] 
2014-07-16T08:05:51.517+0000: 2226.737: [GC [PSYoungGen: 849699K->786K(817536K)] 1064722K->215960K(1504512K), 0.0140140 secs] [Times: user=0.05 sys=0.00, real=0.02 secs] 
2014-07-16T08:05:53.204+0000: 2228.424: [GC [PSYoungGen: 817490K->772K(786560K)] 1032664K->216243K(1473536K), 0.0116980 secs] [Times: user=0.03 sys=0.00, real=0.01 secs] 
2014-07-16T08:05:54.684+0000: 2229.904: [GC [PSYoungGen: 786500K->676K(756864K)] 1001971K->216299K(1443840K), 0.0180700 secs] [Times: user=0.05 sys=0.00, real=0.02 secs] 
2014-07-16T08:05:56.122+0000: 2231.342: [GC [PSYoungGen: 756836K->630K(728640K)] 972459K->216325K(1415616K), 0.0054520 secs] [Times: user=0.02 sys=0.00, real=0.00 secs] 
2014-07-16T08:05:57.645+0000: 2232.865: [GC [PSYoungGen: 728630K->498K(701632K)] 944325K->216289K(1388608K), 0.0099880 secs] [Times: user=0.02 sys=0.00, real=0.01 secs] 
2014-07-16T08:05:59.026+0000: 2234.246: [GC [PSYoungGen: 701602K->914K(676480K)] 917393K->216801K(1363456K), 0.0079100 secs] [Times: user=0.01 sys=0.00, real=0.01 secs] 
2014-07-16T08:06:00.410+0000: 2235.630: [GC [PSYoungGen: 676428K->562K(811200K)] 892315K->216513K(1498176K), 0.0352520 secs] [Times: user=0.11 sys=0.00, real=0.04 secs] 
2014-07-16T08:06:02.151+0000: 2237.371: [GC [PSYoungGen: 811186K->804K(973632K)] 1027137K->216971K(1660608K), 0.0242460 secs] [Times: user=0.09 sys=0.00, real=0.03 secs] 
2014-07-16T08:06:04.112+0000: 2239.332: [GC [PSYoungGen: 973538K->900K(1168320K)] 1189705K->217283K(1855296K), 0.0224070 secs] [Times: user=0.09 sys=0.00, real=0.03 secs] 
2014-07-16T08:06:06.396+0000: 2241.616: [GC [PSYoungGen: 1168260K->662K(1401536K)] 1384643K->217189K(2088512K), 0.0331410 secs] [Times: user=0.13 sys=0.00, real=0.03 secs] 
2014-07-16T08:06:09.174+0000: 2244.394: [GC [PSYoungGen: 1401494K->914K(1524672K)] 1618021K->217545K(2211648K), 0.0210650 secs] [Times: user=0.07 sys=0.00, real=0.02 secs] 
2014-07-16T08:06:12.227+0000: 2247.447: [GC [PSYoungGen: 1524346K->1110K(1682112K)] 1740977K->217893K(2369088K), 0.0232120 secs] [Times: user=0.08 sys=0.00, real=0.02 secs] 
2014-07-16T08:06:15.407+0000: 2250.627: [GC [PSYoungGen: 1682000K->530K(1608640K)] 1898783K->217625K(2295616K), 0.0136090 secs] [Times: user=0.05 sys=0.00, real=0.01 secs] 
2014-07-16T08:06:18.502+0000: 2253.722: [GC [PSYoungGen: 1608594K->818K(1539648K)] 1825689K->218097K(2226624K), 0.0231330 secs] [Times: user=0.08 sys=0.00, real=0.03 secs] 
2014-07-16T08:06:21.534+0000: 2256.754: [GC [PSYoungGen: 1539634K->900K(1473920K)] 1756913K->218323K(2160896K), 0.0198990 secs] [Times: user=0.08 sys=0.00, real=0.02 secs] 
2014-07-16T08:06:24.446+0000: 2259.666: [GC [PSYoungGen: 1473860K->704K(1411008K)] 1691283K->218438K(2097984K), 0.0118420 secs] [Times: user=0.04 sys=0.00, real=0.01 secs] 
2014-07-16T08:06:27.094+0000: 2262.314: [GC [PSYoungGen: 1410993K->868K(1351616K)] 1628728K->218795K(2038592K), 0.0127300 secs] [Times: user=0.04 sys=0.00, real=0.02 secs] 
2014-07-16T08:06:29.732+0000: 2264.952: [GC [PSYoungGen: 1351588K->544K(1294592K)] 1569515K->218566K(1981568K), 0.0051910 secs] [Times: user=0.02 sys=0.00, real=0.01 secs] 
2014-07-16T08:06:32.251+0000: 2267.471: [GC [PSYoungGen: 1294560K->672K(1240768K)] 1512582K->218886K(1927744K), 0.0167490 secs] [Times: user=0.06 sys=0.00, real=0.02 secs] 
2014-07-16T08:06:34.846+0000: 2270.066: [GC [PSYoungGen: 1240736K->640K(1189376K)] 1458950K->219102K(1876352K), 0.0221580 secs] [Times: user=0.08 sys=0.00, real=0.03 secs] 
2014-07-16T08:06:37.076+0000: 2272.296: [GC [PSYoungGen: 1189376K->512K(1140416K)] 1407838K->219174K(1827392K), 0.0203930 secs] [Times: user=0.07 sys=0.00, real=0.02 secs] 
2014-07-16T08:06:39.260+0000: 2274.480: [GC [PSYoungGen: 1140416K->466K(1093952K)] 1359078K->219209K(1780928K), 0.0153710 secs] [Times: user=0.04 sys=0.00, real=0.01 secs] 
2014-07-16T08:06:41.353+0000: 2276.573: [GC [PSYoungGen: 1093906K->704K(1049920K)] 1312649K->219582K(1736896K), 0.0146400 secs] [Times: user=0.06 sys=0.00, real=0.02 secs] 
2014-07-16T08:06:43.630+0000: 2278.850: [GC [PSYoungGen: 1049920K->736K(1007872K)] 1268798K->219814K(1694848K), 0.0229280 secs] [Times: user=0.08 sys=0.00, real=0.02 secs] 
2014-07-16T08:06:45.630+0000: 2280.850: [GC [PSYoungGen: 1007840K->704K(967744K)] 1226918K->220006K(1654720K), 0.0189790 secs] [Times: user=0.07 sys=0.00, real=0.02 secs] 
2014-07-16T08:06:47.492+0000: 2282.712: [GC [PSYoungGen: 967744K->790K(929728K)] 1187046K->220237K(1616704K), 0.0210210 secs] [Times: user=0.08 sys=0.00, real=0.02 secs] 
2014-07-16T08:06:49.376+0000: 2284.596: [GC [PSYoungGen: 929686K->662K(893248K)] 1149133K->220189K(1580224K), 0.0067370 secs] [Times: user=0.02 sys=0.00, real=0.01 secs] 
2014-07-16T08:06:51.122+0000: 2286.342: [GC [PSYoungGen: 893141K->704K(858624K)] 1112668K->220467K(1545600K), 0.0263040 secs] [Times: user=0.09 sys=0.00, real=0.02 secs] 
2014-07-16T08:06:52.940+0000: 2288.160: [GC [PSYoungGen: 858622K->1132K(826112K)] 1078385K->221103K(1513088K), 0.0116360 secs] [Times: user=0.02 sys=0.00, real=0.01 secs] 
2014-07-16T08:06:54.604+0000: 2289.824: [GC [PSYoungGen: 826090K->484K(794048K)] 1046061K->221263K(1481024K), 0.0233870 secs] [Times: user=0.09 sys=0.00, real=0.02 secs] 
2014-07-16T08:06:56.184+0000: 2291.404: [GC [PSYoungGen: 793967K->754K(764416K)] 1014746K->221669K(1451392K), 0.0073980 secs] [Times: user=0.01 sys=0.00, real=0.01 secs] 
2014-07-16T08:06:57.720+0000: 2292.940: [GC [PSYoungGen: 764402K->736K(917184K)] 985317K->221899K(1604160K), 0.0253630 secs] [Times: user=0.09 sys=0.00, real=0.02 secs] 
2014-07-16T08:06:59.628+0000: 2294.848: [GC [PSYoungGen: 917152K->626K(881344K)] 1138315K->221869K(1568320K), 0.0047990 secs] [Times: user=0.02 sys=0.00, real=0.01 secs] 
2014-07-16T08:07:01.363+0000: 2296.583: [GC [PSYoungGen: 881330K->640K(847296K)] 1102573K->222067K(1534272K), 0.0102500 secs] [Times: user=0.02 sys=0.00, real=0.01 secs] 
2014-07-16T08:07:03.098+0000: 2298.318: [GC [PSYoungGen: 847296K->822K(815040K)] 1068723K->222425K(1502016K), 0.0196130 secs] [Times: user=0.07 sys=0.00, real=0.02 secs] 
2014-07-16T08:07:04.677+0000: 2299.897: [GC [PSYoungGen: 815026K->644K(977792K)] 1036629K->222399K(1664768K), 0.0244680 secs] [Times: user=0.06 sys=0.00, real=0.03 secs] 
2014-07-16T08:07:06.549+0000: 2301.769: [GC [PSYoungGen: 977732K->676K(939136K)] 1199487K->222511K(1626112K), 0.0172330 secs] [Times: user=0.06 sys=0.00, real=0.02 secs] 
2014-07-16T08:07:08.394+0000: 2303.614: [GC [PSYoungGen: 939104K->644K(902336K)] 1160939K->222575K(1589312K), 0.0156380 secs] [Times: user=0.05 sys=0.00, real=0.01 secs] 
2014-07-16T08:07:10.058+0000: 2305.278: [GC [PSYoungGen: 902276K->640K(1082624K)] 1124207K->222667K(1769600K), 0.0271910 secs] [Times: user=0.10 sys=0.00, real=0.03 secs] 
2014-07-16T08:07:12.195+0000: 2307.415: [GC [PSYoungGen: 1082624K->826K(1039168K)] 1304651K->222973K(1726144K), 0.0047020 secs] [Times: user=0.01 sys=0.00, real=0.00 secs] 
2014-07-16T08:07:14.328+0000: 2309.548: [GC [PSYoungGen: 1039162K->946K(997760K)] 1261309K->223301K(1684736K), 0.0254240 secs] [Times: user=0.10 sys=0.00, real=0.03 secs] 
2014-07-16T08:07:16.284+0000: 2311.504: [GC [PSYoungGen: 997746K->452K(957760K)] 1220101K->222967K(1644736K), 0.0049000 secs] [Times: user=0.01 sys=0.00, real=0.00 secs] 
2014-07-16T08:07:18.070+0000: 2313.290: [GC [PSYoungGen: 957660K->548K(920128K)] 1180175K->223167K(1607104K), 0.0063060 secs] [Times: user=0.01 sys=0.00, real=0.01 secs] 
2014-07-16T08:07:19.871+0000: 2315.091: [GC [PSYoungGen: 920094K->480K(884160K)] 1142713K->223179K(1571136K), 0.0160150 secs] [Times: user=0.06 sys=0.00, real=0.02 secs] 
2014-07-16T08:07:21.562+0000: 2316.782: [GC [PSYoungGen: 884128K->640K(850112K)] 1106827K->223507K(1537088K), 0.0190230 secs] [Times: user=0.07 sys=0.00, real=0.02 secs] 
2014-07-16T08:07:23.270+0000: 2318.489: [GC [PSYoungGen: 850112K->754K(817664K)] 1072979K->223797K(1504640K), 0.0240780 secs] [Times: user=0.09 sys=0.00, real=0.03 secs] 
2014-07-16T08:07:25.052+0000: 2320.272: [GC [PSYoungGen: 817627K->758K(786624K)] 1040670K->223945K(1473600K), 0.0050800 secs] [Times: user=0.01 sys=0.00, real=0.01 secs] 
2014-07-16T08:07:26.554+0000: 2321.774: [GC [PSYoungGen: 786586K->516K(756864K)] 1009773K->223855K(1443840K), 0.0078040 secs] [Times: user=0.02 sys=0.00, real=0.01 secs] 
2014-07-16T08:07:27.950+0000: 2323.170: [GC [PSYoungGen: 756804K->320K(728448K)] 980143K->223731K(1415424K), 0.0107600 secs] [Times: user=0.02 sys=0.00, real=0.01 secs] 
2014-07-16T08:07:29.366+0000: 2324.586: [GC [PSYoungGen: 728448K->512K(874304K)] 951859K->223979K(1561280K), 0.0269210 secs] [Times: user=0.10 sys=0.00, real=0.02 secs] 
2014-07-16T08:07:31.006+0000: 2326.226: [GC [PSYoungGen: 874304K->512K(1049088K)] 1097771K->224075K(1736064K), 0.0210300 secs] [Times: user=0.06 sys=0.00, real=0.02 secs] 
2014-07-16T08:07:33.031+0000: 2328.251: [GC [PSYoungGen: 1049057K->676K(1007232K)] 1272620K->224391K(1694208K), 0.0082360 secs] [Times: user=0.02 sys=0.00, real=0.01 secs] 
2014-07-16T08:07:35.215+0000: 2330.435: [GC [PSYoungGen: 1007156K->790K(967296K)] 1230871K->224673K(1654272K), 0.0171880 secs] [Times: user=0.06 sys=0.00, real=0.02 secs] 
2014-07-16T08:07:37.120+0000: 2332.340: [GC [PSYoungGen: 967170K->544K(928896K)] 1191053K->224619K(1615872K), 0.0158320 secs] [Times: user=0.06 sys=0.00, real=0.02 secs] 
2014-07-16T08:07:38.920+0000: 2334.140: [GC [PSYoungGen: 928864K->580K(892672K)] 1152939K->224759K(1579648K), 0.0112160 secs] [Times: user=0.03 sys=0.01, real=0.01 secs] 
2014-07-16T08:07:40.664+0000: 2335.884: [GC [PSYoungGen: 892612K->576K(858048K)] 1116791K->224835K(1545024K), 0.0135590 secs] [Times: user=0.05 sys=0.00, real=0.02 secs] 
2014-07-16T08:07:42.343+0000: 2337.563: [GC [PSYoungGen: 857965K->804K(825344K)] 1082224K->225239K(1512320K), 0.0135540 secs] [Times: user=0.06 sys=0.00, real=0.01 secs] 
2014-07-16T08:07:44.074+0000: 2339.294: [GC [PSYoungGen: 825316K->676K(793856K)] 1049751K->225383K(1480832K), 0.0157630 secs] [Times: user=0.06 sys=0.00, real=0.02 secs] 
2014-07-16T08:07:45.664+0000: 2340.884: [GC [PSYoungGen: 793822K->726K(764032K)] 1018529K->225561K(1451008K), 0.0137840 secs] [Times: user=0.04 sys=0.00, real=0.02 secs] 
2014-07-16T08:07:47.160+0000: 2342.380: [GC [PSYoungGen: 763990K->448K(916416K)] 988825K->225403K(1603392K), 0.0237590 secs] [Times: user=0.08 sys=0.00, real=0.02 secs] 
2014-07-16T08:07:48.990+0000: 2344.210: [GC [PSYoungGen: 916416K->772K(1100032K)] 1141371K->225815K(1787008K), 0.0305180 secs] [Times: user=0.11 sys=0.00, real=0.03 secs] 
2014-07-16T08:07:51.057+0000: 2346.277: [GC [PSYoungGen: 1099972K->950K(1320000K)] 1325015K->226105K(2006976K), 0.0128170 secs] [Times: user=0.04 sys=0.00, real=0.02 secs] 
2014-07-16T08:07:53.520+0000: 2348.740: [GC [PSYoungGen: 1319990K->530K(1583424K)] 1545145K->225869K(2270400K), 0.0230590 secs] [Times: user=0.08 sys=0.00, real=0.02 secs] 
2014-07-16T08:07:56.859+0000: 2352.079: [GC [PSYoungGen: 1583378K->672K(1515520K)] 1808717K->226179K(2202496K), 0.0197110 secs] [Times: user=0.07 sys=0.00, real=0.02 secs] 
2014-07-16T08:07:59.859+0000: 2355.079: [GC [PSYoungGen: 1515488K->448K(1450560K)] 1740995K->226163K(2137536K), 0.0158660 secs] [Times: user=0.06 sys=0.00, real=0.02 secs] 
2014-07-16T08:08:02.701+0000: 2357.921: [GC [PSYoungGen: 1450560K->562K(1389184K)] 1676275K->226485K(2076160K), 0.0051640 secs] [Times: user=0.02 sys=0.00, real=0.00 secs] 
2014-07-16T08:08:05.551+0000: 2360.771: [GC [PSYoungGen: 1389149K->754K(1330816K)] 1615072K->226925K(2017792K), 0.0134110 secs] [Times: user=0.03 sys=0.00, real=0.01 secs] 
2014-07-16T08:08:08.155+0000: 2363.375: [GC [PSYoungGen: 1330802K->640K(1275008K)] 1556973K->227003K(1961984K), 0.0181900 secs] [Times: user=0.06 sys=0.00, real=0.02 secs] 
2014-07-16T08:08:10.660+0000: 2365.880: [GC [PSYoungGen: 1275008K->858K(1222272K)] 1501371K->227341K(1909248K), 0.0117150 secs] [Times: user=0.04 sys=0.00, real=0.02 secs] 
2014-07-16T08:08:13.026+0000: 2368.246: [GC [PSYoungGen: 1222234K->548K(1171584K)] 1448717K->227359K(1858560K), 0.0060290 secs] [Times: user=0.02 sys=0.00, real=0.01 secs] 
2014-07-16T08:08:15.396+0000: 2370.616: [GC [PSYoungGen: 1171556K->868K(1123968K)] 1398367K->227855K(1810944K), 0.0071910 secs] [Times: user=0.02 sys=0.00, real=0.01 secs] 
2014-07-16T08:08:17.556+0000: 2372.776: [GC [PSYoungGen: 1123934K->754K(1078208K)] 1350921K->227925K(1765184K), 0.0077200 secs] [Times: user=0.02 sys=0.00, real=0.01 secs] 
2014-07-16T08:08:19.695+0000: 2374.915: [GC [PSYoungGen: 1078194K->658K(1034688K)] 1305365K->227917K(1721664K), 0.0217560 secs] [Times: user=0.08 sys=0.00, real=0.02 secs] 
2014-07-16T08:08:21.658+0000: 2376.878: [GC [PSYoungGen: 1034642K->576K(993216K)] 1261901K->227995K(1680192K), 0.0207860 secs] [Times: user=0.07 sys=0.00, real=0.02 secs] 
2014-07-16T08:08:23.600+0000: 2378.820: [GC [PSYoungGen: 993216K->608K(953920K)] 1220635K->228203K(1640896K), 0.0048510 secs] [Times: user=0.02 sys=0.00, real=0.01 secs] 
2014-07-16T08:08:25.616+0000: 2380.836: [GC [PSYoungGen: 953885K->1004K(916800K)] 1181480K->228927K(1603776K), 0.0115570 secs] [Times: user=0.04 sys=0.00, real=0.01 secs] 
2014-07-16T08:08:27.481+0000: 2382.701: [GC [PSYoungGen: 916780K->576K(880640K)] 1144703K->228675K(1567616K), 0.0108110 secs] [Times: user=0.04 sys=0.00, real=0.01 secs] 
2014-07-16T08:08:29.142+0000: 2384.362: [GC [PSYoungGen: 880640K->954K(847040K)] 1108739K->229213K(1534016K), 0.0099120 secs] [Times: user=0.02 sys=0.00, real=0.01 secs] 
2014-07-16T08:08:30.790+0000: 2386.010: [GC [PSYoungGen: 847034K->612K(814336K)] 1075293K->228951K(1501312K), 0.0151820 secs] [Times: user=0.05 sys=0.00, real=0.02 secs] 
2014-07-16T08:08:32.349+0000: 2387.569: [GC [PSYoungGen: 814308K->630K(783488K)] 1042647K->229137K(1470464K), 0.0046840 secs] [Times: user=0.01 sys=0.00, real=0.01 secs] 
2014-07-16T08:08:33.800+0000: 2389.020: [GC [PSYoungGen: 783478K->288K(753728K)] 1011985K->228915K(1440704K), 0.0066070 secs] [Times: user=0.01 sys=0.00, real=0.01 secs] 
2014-07-16T08:08:35.234+0000: 2390.453: [GC [PSYoungGen: 753637K->712K(726144K)] 982264K->229427K(1413120K), 0.0189220 secs] [Times: user=0.07 sys=0.00, real=0.02 secs] 
2014-07-16T08:08:36.663+0000: 2391.883: [GC [PSYoungGen: 726088K->530K(699200K)] 954803K->229317K(1386176K), 0.0050670 secs] [Times: user=0.02 sys=0.00, real=0.01 secs] 
2014-07-16T08:08:38.076+0000: 2393.296: [GC [PSYoungGen: 699147K->736K(673920K)] 927934K->229603K(1360896K), 0.0180740 secs] [Times: user=0.06 sys=0.00, real=0.01 secs] 
2014-07-16T08:08:39.379+0000: 2394.599: [GC [PSYoungGen: 673884K->772K(649664K)] 902751K->229751K(1336640K), 0.0149650 secs] [Times: user=0.04 sys=0.00, real=0.01 secs] 
2014-07-16T08:08:40.795+0000: 2396.015: [GC [PSYoungGen: 649604K->740K(779392K)] 878583K->229831K(1466368K), 0.0351090 secs] [Times: user=0.12 sys=0.00, real=0.04 secs] 
2014-07-16T08:08:42.259+0000: 2397.479: [GC [PSYoungGen: 779364K->224K(934656K)] 1008455K->229483K(1621632K), 0.0049110 secs] [Times: user=0.01 sys=0.00, real=0.00 secs] 
2014-07-16T08:08:44.068+0000: 2399.288: [GC [PSYoungGen: 934619K->320K(898112K)] 1163878K->229691K(1585088K), 0.0122470 secs] [Times: user=0.03 sys=0.00, real=0.01 secs] 
2014-07-16T08:08:45.912+0000: 2401.131: [GC [PSYoungGen: 898112K->288K(1077696K)] 1127483K->229763K(1764672K), 0.0392840 secs] [Times: user=0.14 sys=0.00, real=0.04 secs] 
2014-07-16T08:08:48.064+0000: 2403.284: [GC [PSYoungGen: 1077664K->512K(1293376K)] 1307139K->230091K(1980352K), 0.0094810 secs] [Times: user=0.01 sys=0.00, real=0.01 secs] 
2014-07-16T08:08:50.612+0000: 2405.832: [GC [PSYoungGen: 1293376K->740K(1239744K)] 1522955K->230431K(1926720K), 0.0227630 secs] [Times: user=0.08 sys=0.00, real=0.02 secs] 
2014-07-16T08:08:52.955+0000: 2408.175: [GC [PSYoungGen: 1239703K->694K(1188416K)] 1469394K->230625K(1875392K), 0.0143390 secs] [Times: user=0.06 sys=0.00, real=0.02 secs] 
2014-07-16T08:08:55.454+0000: 2410.674: [GC [PSYoungGen: 1188406K->722K(1139712K)] 1418337K->230805K(1826688K), 0.0291670 secs] [Times: user=0.08 sys=0.00, real=0.03 secs] 
2014-07-16T08:08:57.736+0000: 2412.956: [GC [PSYoungGen: 1139666K->772K(1367616K)] 1369749K->231063K(2054592K), 0.0307630 secs] [Times: user=0.11 sys=0.00, real=0.03 secs] 
2014-07-16T08:09:00.597+0000: 2415.817: [GC [PSYoungGen: 1367556K->608K(1309952K)] 1597847K->231035K(1996928K), 0.0043020 secs] [Times: user=0.01 sys=0.00, real=0.01 secs] 
2014-07-16T08:09:03.062+0000: 2418.282: [GC [PSYoungGen: 1309920K->658K(1255360K)] 1540347K->231357K(1942336K), 0.0102020 secs] [Times: user=0.02 sys=0.00, real=0.01 secs] 
2014-07-16T08:09:05.587+0000: 2420.807: [GC [PSYoungGen: 1255314K->854K(1203520K)] 1486013K->231729K(1890496K), 0.0270650 secs] [Times: user=0.09 sys=0.01, real=0.03 secs] 
2014-07-16T08:09:07.962+0000: 2423.182: [GC [PSYoungGen: 1203470K->612K(1153792K)] 1434345K->231823K(1840768K), 0.0157700 secs] [Times: user=0.05 sys=0.00, real=0.01 secs] 
2014-07-16T08:09:10.215+0000: 2425.435: [GC [PSYoungGen: 1153764K->630K(1106688K)] 1384975K->231953K(1793664K), 0.0063900 secs] [Times: user=0.02 sys=0.00, real=0.01 secs] 
2014-07-16T08:09:12.380+0000: 2427.600: [GC [PSYoungGen: 1106590K->576K(1061824K)] 1337913K->232115K(1748800K), 0.0365840 secs] [Times: user=0.13 sys=0.01, real=0.04 secs] 
2014-07-16T08:09:14.377+0000: 2429.597: [GC [PSYoungGen: 1061824K->562K(1274112K)] 1293363K->232325K(1961088K), 0.0326480 secs] [Times: user=0.12 sys=0.01, real=0.03 secs] 
2014-07-16T08:09:17.050+0000: 2432.270: [GC [PSYoungGen: 1274098K->690K(1221312K)] 1505861K->232549K(1908288K), 0.0080910 secs] [Times: user=0.02 sys=0.01, real=0.01 secs] 
2014-07-16T08:09:19.544+0000: 2434.764: [GC [PSYoungGen: 1221298K->722K(1171008K)] 1453157K->232773K(1857984K), 0.0051260 secs] [Times: user=0.02 sys=0.00, real=0.00 secs] 
2014-07-16T08:09:21.852+0000: 2437.072: [GC [PSYoungGen: 1170953K->644K(1123008K)] 1403004K->232855K(1809984K), 0.0112510 secs] [Times: user=0.04 sys=0.00, real=0.01 secs] 
2014-07-16T08:09:23.934+0000: 2439.154: [GC [PSYoungGen: 1122948K->544K(1077248K)] 1355159K->232995K(1764224K), 0.0130730 secs] [Times: user=0.04 sys=0.00, real=0.01 secs] 
2014-07-16T08:09:26.041+0000: 2441.261: [GC [PSYoungGen: 1077216K->658K(1033984K)] 1309667K->233189K(1720960K), 0.0312420 secs] [Times: user=0.12 sys=0.00, real=0.04 secs] 
2014-07-16T08:09:28.102+0000: 2443.322: [GC [PSYoungGen: 1033938K->932K(992896K)] 1266469K->233575K(1679872K), 0.0180070 secs] [Times: user=0.07 sys=0.00, real=0.02 secs] 
2014-07-16T08:09:30.045+0000: 2445.265: [GC [PSYoungGen: 992868K->320K(952896K)] 1225511K->233381K(1639872K), 0.0057710 secs] [Times: user=0.02 sys=0.00, real=0.00 secs] 
2014-07-16T08:09:31.935+0000: 2447.155: [GC [PSYoungGen: 952896K->690K(915840K)] 1185957K->233911K(1602816K), 0.0186390 secs] [Times: user=0.06 sys=0.00, real=0.02 secs] 
2014-07-16T08:09:33.675+0000: 2448.895: [GC [PSYoungGen: 915826K->690K(880192K)] 1149047K->234159K(1567168K), 0.0289870 secs] [Times: user=0.10 sys=0.00, real=0.03 secs] 
2014-07-16T08:09:35.420+0000: 2450.640: [GC [PSYoungGen: 880178K->644K(1056128K)] 1113647K->234201K(1743104K), 0.0296780 secs] [Times: user=0.10 sys=0.00, real=0.03 secs] 
2014-07-16T08:09:37.560+0000: 2452.780: [GC [PSYoungGen: 1056068K->512K(1013568K)] 1289625K->234157K(1700544K), 0.0045870 secs] [Times: user=0.01 sys=0.00, real=0.01 secs] 
2014-07-16T08:09:39.708+0000: 2454.928: [GC [PSYoungGen: 1013545K->904K(973696K)] 1247190K->234669K(1660672K), 0.0093600 secs] [Times: user=0.01 sys=0.00, real=0.01 secs] 
2014-07-16T08:09:41.819+0000: 2457.039: [GC [PSYoungGen: 973639K->484K(934848K)] 1207404K->234837K(1621824K), 0.0108920 secs] [Times: user=0.04 sys=0.00, real=0.01 secs] 
2014-07-16T08:09:43.643+0000: 2458.863: [GC [PSYoungGen: 934762K->890K(898624K)] 1169115K->235507K(1585600K), 0.0165490 secs] [Times: user=0.06 sys=0.00, real=0.02 secs] 
2014-07-16T08:09:45.406+0000: 2460.626: [GC [PSYoungGen: 898567K->548K(863488K)] 1133184K->235325K(1550464K), 0.0225310 secs] [Times: user=0.08 sys=0.00, real=0.02 secs] 
2014-07-16T08:09:47.159+0000: 2462.379: [GC [PSYoungGen: 863460K->754K(830464K)] 1098237K->235643K(1517440K), 0.0109710 secs] [Times: user=0.02 sys=0.00, real=0.01 secs] 
2014-07-16T08:09:48.734+0000: 2463.954: [GC [PSYoungGen: 830450K->516K(798656K)] 1065339K->235509K(1485632K), 0.0223310 secs] [Times: user=0.07 sys=0.00, real=0.03 secs] 
2014-07-16T08:09:50.285+0000: 2465.505: [GC [PSYoungGen: 798596K->740K(768704K)] 1033589K->235797K(1455680K), 0.0050890 secs] [Times: user=0.02 sys=0.00, real=0.01 secs] 
2014-07-16T08:09:51.811+0000: 2467.031: [GC [PSYoungGen: 768676K->658K(922240K)] 1003733K->235859K(1609216K), 0.0249010 secs] [Times: user=0.07 sys=0.00, real=0.02 secs] 
2014-07-16T08:09:53.596+0000: 2468.816: [GC [PSYoungGen: 922194K->736K(886336K)] 1157395K->236105K(1573312K), 0.0093410 secs] [Times: user=0.02 sys=0.00, real=0.00 secs] 
2014-07-16T08:09:55.249+0000: 2470.469: [GC [PSYoungGen: 886304K->594K(851968K)] 1121673K->236067K(1538944K), 0.0063450 secs] [Times: user=0.02 sys=0.00, real=0.00 secs] 
2014-07-16T08:09:56.956+0000: 2472.176: [GC [PSYoungGen: 851919K->616K(819328K)] 1087392K->236145K(1506304K), 0.0056440 secs] [Times: user=0.02 sys=0.00, real=0.01 secs] 
2014-07-16T08:09:58.592+0000: 2473.812: [GC [PSYoungGen: 819285K->608K(788224K)] 1054814K->236257K(1475200K), 0.0149010 secs] [Times: user=0.05 sys=0.00, real=0.02 secs] 
2014-07-16T08:10:00.202+0000: 2475.422: [GC [PSYoungGen: 788191K->672K(758656K)] 1023840K->236417K(1445632K), 0.0244940 secs] [Times: user=0.08 sys=0.00, real=0.02 secs] 
2014-07-16T08:10:01.733+0000: 2476.953: [GC [PSYoungGen: 758624K->740K(730496K)] 994369K->236885K(1417472K), 0.0111850 secs] [Times: user=0.05 sys=0.00, real=0.01 secs] 
2014-07-16T08:10:03.179+0000: 2478.399: [GC [PSYoungGen: 730468K->676K(703488K)] 966613K->236989K(1390464K), 0.0160420 secs] [Times: user=0.06 sys=0.00, real=0.01 secs] 
2014-07-16T08:10:04.532+0000: 2479.752: [GC [PSYoungGen: 703460K->868K(678016K)] 939773K->237365K(1364992K), 0.0084160 secs] [Times: user=0.03 sys=0.00, real=0.01 secs] 
2014-07-16T08:10:05.793+0000: 2481.013: [GC [PSYoungGen: 677988K->648K(653312K)] 914485K->237217K(1340288K), 0.0061660 secs] [Times: user=0.01 sys=0.00, real=0.01 secs] 
2014-07-16T08:10:07.230+0000: 2482.450: [GC [PSYoungGen: 653256K->740K(630016K)] 889825K->237357K(1316992K), 0.0053340 secs] [Times: user=0.02 sys=0.00, real=0.00 secs] 
2014-07-16T08:10:08.458+0000: 2483.678: [GC [PSYoungGen: 629988K->576K(607552K)] 866605K->237329K(1294528K), 0.0066600 secs] [Times: user=0.02 sys=0.01, real=0.01 secs] 
2014-07-16T08:10:09.625+0000: 2484.845: [GC [PSYoungGen: 607525K->498K(586240K)] 844278K->237291K(1273216K), 0.0223740 secs] [Times: user=0.08 sys=0.00, real=0.02 secs] 
2014-07-16T08:10:10.802+0000: 2486.022: [GC [PSYoungGen: 586226K->416K(565888K)] 823019K->237321K(1252864K), 0.0097820 secs] [Times: user=0.04 sys=0.00, real=0.01 secs] 
2014-07-16T08:10:11.947+0000: 2487.167: [GC [PSYoungGen: 565856K->480K(546560K)] 802761K->237513K(1233536K), 0.0072660 secs] [Times: user=0.02 sys=0.00, real=0.01 secs] 
2014-07-16T08:10:12.983+0000: 2488.203: [GC [PSYoungGen: 546528K->722K(528320K)] 783561K->237899K(1215296K), 0.0097590 secs] [Times: user=0.02 sys=0.00, real=0.01 secs] 
2014-07-16T08:10:13.991+0000: 2489.211: [GC [PSYoungGen: 528179K->616K(510528K)] 765356K->237857K(1197504K), 0.0124360 secs] [Times: user=0.04 sys=0.00, real=0.01 secs] 
2014-07-16T08:10:14.960+0000: 2490.180: [GC [PSYoungGen: 510502K->516K(612480K)] 747743K->237821K(1299456K), 0.0276700 secs] [Times: user=0.11 sys=0.00, real=0.02 secs] 
2014-07-16T08:10:16.158+0000: 2491.378: [GC [PSYoungGen: 612420K->612K(734976K)] 849725K->237973K(1421952K), 0.0097640 secs] [Times: user=0.04 sys=0.00, real=0.01 secs] 
2014-07-16T08:10:17.650+0000: 2492.870: [GC [PSYoungGen: 734948K->544K(881792K)] 972309K->237977K(1568768K), 0.0119310 secs] [Times: user=0.04 sys=0.00, real=0.01 secs] 
2014-07-16T08:10:19.387+0000: 2494.607: [GC [PSYoungGen: 881698K->580K(1058112K)] 1119131K->238133K(1745088K), 0.0184890 secs] [Times: user=0.07 sys=0.00, real=0.02 secs] 
2014-07-16T08:10:21.503+0000: 2496.723: [GC [PSYoungGen: 1058052K->658K(1269696K)] 1295605K->238339K(1956672K), 0.0143790 secs] [Times: user=0.04 sys=0.00, real=0.02 secs] 
2014-07-16T08:10:23.960+0000: 2499.180: [GC [PSYoungGen: 1269650K->608K(1216896K)] 1507331K->238529K(1903872K), 0.0151800 secs] [Times: user=0.05 sys=0.00, real=0.02 secs] 
2014-07-16T08:10:26.284+0000: 2501.504: [GC [PSYoungGen: 1216864K->804K(1166912K)] 1454785K->238877K(1853888K), 0.0115680 secs] [Times: user=0.04 sys=0.00, real=0.01 secs] 
2014-07-16T08:10:28.617+0000: 2503.837: [GC [PSYoungGen: 1166884K->498K(1118848K)] 1404957K->238707K(1805824K), 0.0252620 secs] [Times: user=0.08 sys=0.00, real=0.03 secs] 
2014-07-16T08:10:30.862+0000: 2506.082: [GC [PSYoungGen: 1118834K->946K(1073856K)] 1357043K->239299K(1760832K), 0.0304850 secs] [Times: user=0.11 sys=0.01, real=0.03 secs] 
2014-07-16T08:10:33.008+0000: 2508.228: [GC [PSYoungGen: 1073842K->498K(1030208K)] 1312195K->239267K(1717184K), 0.0149300 secs] [Times: user=0.05 sys=0.00, real=0.02 secs] 
2014-07-16T08:10:35.007+0000: 2510.227: [GC [PSYoungGen: 1030194K->562K(989120K)] 1268963K->239539K(1676096K), 0.0163050 secs] [Times: user=0.06 sys=0.00, real=0.02 secs] 
2014-07-16T08:10:37.109+0000: 2512.329: [GC [PSYoungGen: 989106K->772K(1187136K)] 1228083K->239909K(1874112K), 0.0423190 secs] [Times: user=0.15 sys=0.00, real=0.04 secs] 
2014-07-16T08:10:39.430+0000: 2514.649: [GC [PSYoungGen: 1187076K->576K(1424192K)] 1426213K->239833K(2111168K), 0.0138010 secs] [Times: user=0.04 sys=0.00, real=0.02 secs] 
2014-07-16T08:10:42.311+0000: 2517.530: [GC [PSYoungGen: 1424192K->776K(1364224K)] 1663449K->240169K(2051200K), 0.0153230 secs] [Times: user=0.05 sys=0.00, real=0.02 secs] 
2014-07-16T08:10:44.926+0000: 2520.146: [GC [PSYoungGen: 1364168K->352K(1306496K)] 1603561K->240025K(1993472K), 0.0050430 secs] [Times: user=0.02 sys=0.00, real=0.00 secs] 
2014-07-16T08:10:47.514+0000: 2522.734: [GC [PSYoungGen: 1306464K->640K(1252224K)] 1546137K->240433K(1939200K), 0.0119920 secs] [Times: user=0.04 sys=0.00, real=0.02 secs] 
2014-07-16T08:10:49.970+0000: 2525.190: [GC [PSYoungGen: 1252224K->914K(1200704K)] 1492017K->240851K(1887680K), 0.0078410 secs] [Times: user=0.03 sys=0.00, real=0.01 secs] 
2014-07-16T08:10:52.406+0000: 2527.626: [GC [PSYoungGen: 1200658K->498K(1150912K)] 1440595K->240691K(1837888K), 0.0195260 secs] [Times: user=0.07 sys=0.00, real=0.02 secs] 
2014-07-16T08:10:54.564+0000: 2529.784: [GC [PSYoungGen: 1150820K->736K(1104192K)] 1391013K->241177K(1791168K), 0.0201510 secs] [Times: user=0.07 sys=0.00, real=0.02 secs] 
2014-07-16T08:10:56.729+0000: 2531.949: [GC [PSYoungGen: 1104160K->608K(1059392K)] 1344601K->241169K(1746368K), 0.0111490 secs] [Times: user=0.04 sys=0.00, real=0.01 secs] 
2014-07-16T08:10:58.969+0000: 2534.189: [GC [PSYoungGen: 1059360K->562K(1016768K)] 1299921K->241211K(1703744K), 0.0069490 secs] [Times: user=0.02 sys=0.00, real=0.00 secs] 
2014-07-16T08:11:00.953+0000: 2536.173: [GC [PSYoungGen: 1016720K->886K(976576K)] 1257369K->241719K(1663552K), 0.0155690 secs] [Times: user=0.05 sys=0.00, real=0.02 secs] 
2014-07-16T08:11:03.025+0000: 2538.245: [GC [PSYoungGen: 976566K->914K(938112K)] 1217399K->241947K(1625088K), 0.0153130 secs] [Times: user=0.04 sys=0.01, real=0.02 secs] 
2014-07-16T08:11:04.796+0000: 2540.016: [GC [PSYoungGen: 938066K->498K(900928K)] 1179099K->241819K(1587904K), 0.0243390 secs] [Times: user=0.09 sys=0.00, real=0.03 secs] 
2014-07-16T08:11:06.603+0000: 2541.823: [GC [PSYoungGen: 900914K->772K(866304K)] 1142235K->242181K(1553280K), 0.0175390 secs] [Times: user=0.06 sys=0.00, real=0.02 secs] 
2014-07-16T08:11:08.438+0000: 2543.658: [GC [PSYoungGen: 866244K->914K(1039552K)] 1107653K->242467K(1726528K), 0.0301440 secs] [Times: user=0.11 sys=0.00, real=0.04 secs] 
2014-07-16T08:11:10.443+0000: 2545.663: [GC [PSYoungGen: 1039506K->480K(1246848K)] 1281059K->242169K(1933824K), 0.0182770 secs] [Times: user=0.05 sys=0.00, real=0.02 secs] 
2014-07-16T08:11:12.947+0000: 2548.167: [GC [PSYoungGen: 1246816K->872K(1195648K)] 1488505K->242817K(1882624K), 0.0198910 secs] [Times: user=0.06 sys=0.00, real=0.02 secs] 
2014-07-16T08:11:15.265+0000: 2550.485: [GC [PSYoungGen: 1195624K->352K(1146048K)] 1437569K->242505K(1833024K), 0.0049970 secs] [Times: user=0.01 sys=0.00, real=0.01 secs] 
2014-07-16T08:11:17.411+0000: 2552.631: [GC [PSYoungGen: 1146016K->480K(1099456K)] 1388169K->242785K(1786432K), 0.0125310 secs] [Times: user=0.04 sys=0.00, real=0.01 secs] 
2014-07-16T08:11:19.475+0000: 2554.695: [GC [PSYoungGen: 1099422K->594K(1055104K)] 1341727K->242971K(1742080K), 0.0131100 secs] [Times: user=0.04 sys=0.01, real=0.01 secs] 
2014-07-16T08:11:21.564+0000: 2556.784: [GC [PSYoungGen: 1055058K->1014K(1013184K)] 1297435K->243527K(1700160K), 0.0303350 secs] [Times: user=0.11 sys=0.00, real=0.03 secs] 
2014-07-16T08:11:23.684+0000: 2558.904: [GC [PSYoungGen: 1013111K->616K(1215232K)] 1255624K->243329K(1902208K), 0.0309770 secs] [Times: user=0.10 sys=0.00, real=0.03 secs] 
2014-07-16T08:11:25.970+0000: 2561.190: [GC [PSYoungGen: 1215208K->800K(1165376K)] 1457921K->243697K(1852352K), 0.0194040 secs] [Times: user=0.07 sys=0.00, real=0.02 secs] 
2014-07-16T08:11:28.281+0000: 2563.501: [GC [PSYoungGen: 1165344K->352K(1117312K)] 1408241K->243321K(1804288K), 0.0059030 secs] [Times: user=0.01 sys=0.00, real=0.00 secs] 
2014-07-16T08:11:30.429+0000: 2565.649: [GC [PSYoungGen: 1117280K->736K(1072320K)] 1360249K->243841K(1759296K), 0.0056550 secs] [Times: user=0.02 sys=0.00, real=0.01 secs] 
2014-07-16T08:11:32.502+0000: 2567.722: [GC [PSYoungGen: 1072288K->576K(1028992K)] 1315393K->243889K(1715968K), 0.0070770 secs] [Times: user=0.02 sys=0.01, real=0.00 secs] 
2014-07-16T08:11:34.547+0000: 2569.767: [GC [PSYoungGen: 1028992K->694K(988032K)] 1272305K->244175K(1675008K), 0.0143040 secs] [Times: user=0.05 sys=0.00, real=0.01 secs] 
2014-07-16T08:11:36.468+0000: 2571.688: [GC [PSYoungGen: 988022K->352K(948608K)] 1231503K->243961K(1635584K), 0.0145750 secs] [Times: user=0.06 sys=0.00, real=0.02 secs] 
2014-07-16T08:11:38.334+0000: 2573.554: [GC [PSYoungGen: 948576K->416K(911424K)] 1192185K->244137K(1598400K), 0.0205790 secs] [Times: user=0.07 sys=0.00, real=0.02 secs] 
2014-07-16T08:11:40.071+0000: 2575.291: [GC [PSYoungGen: 911392K->576K(876096K)] 1155113K->244401K(1563072K), 0.0157070 secs] [Times: user=0.05 sys=0.00, real=0.02 secs] 
2014-07-16T08:11:41.806+0000: 2577.026: [GC [PSYoungGen: 876063K->968K(842752K)] 1119888K->244929K(1529728K), 0.0279460 secs] [Times: user=0.11 sys=0.00, real=0.03 secs] 
2014-07-16T08:11:43.592+0000: 2578.812: [GC [PSYoungGen: 842696K->608K(1010752K)] 1086657K->244737K(1697728K), 0.0210440 secs] [Times: user=0.08 sys=0.00, real=0.03 secs] 
2014-07-16T08:11:45.566+0000: 2580.786: [GC [PSYoungGen: 1010704K->580K(970560K)] 1254834K->244885K(1657536K), 0.0115980 secs] [Times: user=0.05 sys=0.00, real=0.01 secs] 
2014-07-16T08:11:47.426+0000: 2582.646: [GC [PSYoungGen: 970500K->512K(932160K)] 1214805K->244921K(1619136K), 0.0212380 secs] [Times: user=0.08 sys=0.00, real=0.02 secs] 
2014-07-16T08:11:49.343+0000: 2584.563: [GC [PSYoungGen: 932152K->882K(896064K)] 1176561K->245403K(1583040K), 0.0186180 secs] [Times: user=0.07 sys=0.00, real=0.02 secs] 
2014-07-16T08:11:51.066+0000: 2586.286: [GC [PSYoungGen: 896050K->480K(1074752K)] 1140571K->245169K(1761728K), 0.0341670 secs] [Times: user=0.11 sys=0.00, real=0.03 secs] 
2014-07-16T08:11:53.387+0000: 2588.607: [GC [PSYoungGen: 1074720K->936K(1031936K)] 1319409K->246161K(1718912K), 0.0075370 secs] [Times: user=0.01 sys=0.00, real=0.01 secs] 
2014-07-16T08:11:55.341+0000: 2590.561: [GC [PSYoungGen: 1031912K->790K(1238016K)] 1277137K->246215K(1924992K), 0.0219230 secs] [Times: user=0.08 sys=0.00, real=0.02 secs] 
2014-07-16T08:11:57.711+0000: 2592.931: [GC [PSYoungGen: 1237893K->1078K(1187136K)] 1483318K->246727K(1874112K), 0.0128620 secs] [Times: user=0.04 sys=0.00, real=0.01 secs] 
2014-07-16T08:12:00.097+0000: 2595.317: [GC [PSYoungGen: 1187126K->512K(1137856K)] 1432775K->246265K(1824832K), 0.0262430 secs] [Times: user=0.09 sys=0.00, real=0.02 secs] 
2014-07-16T08:12:02.451+0000: 2597.671: [GC [PSYoungGen: 1137856K->890K(1091904K)] 1383609K->246851K(1778880K), 0.0183800 secs] [Times: user=0.07 sys=0.00, real=0.02 secs] 
2014-07-16T08:12:04.659+0000: 2599.879: [GC [PSYoungGen: 1091898K->740K(1047680K)] 1337859K->246941K(1734656K), 0.0138120 secs] [Times: user=0.04 sys=0.01, real=0.01 secs] 
2014-07-16T08:12:06.601+0000: 2601.821: [GC [PSYoungGen: 1047652K->548K(1005504K)] 1293853K->246893K(1692480K), 0.0084560 secs] [Times: user=0.02 sys=0.00, real=0.01 secs] 
2014-07-16T08:12:08.594+0000: 2603.814: [GC [PSYoungGen: 1005476K->1188K(966208K)] 1251821K->247597K(1653184K), 0.0080390 secs] [Times: user=0.02 sys=0.00, real=0.01 secs] 
2014-07-16T08:12:10.429+0000: 2605.649: [GC [PSYoungGen: 966180K->576K(927552K)] 1212589K->247073K(1614528K), 0.0275630 secs] [Times: user=0.10 sys=0.00, real=0.02 secs] 
2014-07-16T08:12:12.277+0000: 2607.497: [GC [PSYoungGen: 927521K->1210K(891968K)] 1174018K->247907K(1578944K), 0.0185650 secs] [Times: user=0.06 sys=0.00, real=0.02 secs] 
2014-07-16T08:12:14.117+0000: 2609.337: [GC [PSYoungGen: 891962K->658K(856960K)] 1138659K->247523K(1543936K), 0.0068670 secs] [Times: user=0.02 sys=0.00, real=0.01 secs] 
2014-07-16T08:12:15.743+0000: 2610.963: [GC [PSYoungGen: 856914K->512K(823872K)] 1103779K->247521K(1510848K), 0.0183850 secs] [Times: user=0.07 sys=0.00, real=0.02 secs] 
2014-07-16T08:12:17.325+0000: 2612.545: [GC [PSYoungGen: 823846K->452K(792576K)] 1070855K->247509K(1479552K), 0.0065810 secs] [Times: user=0.01 sys=0.00, real=0.01 secs] 
2014-07-16T08:12:18.947+0000: 2614.167: [GC [PSYoungGen: 792516K->922K(763200K)] 1039573K->248051K(1450176K), 0.0147040 secs] [Times: user=0.05 sys=0.01, real=0.02 secs] 
2014-07-16T08:12:20.470+0000: 2615.690: [GC [PSYoungGen: 763162K->758K(734528K)] 1010291K->247975K(1421504K), 0.0185350 secs] [Times: user=0.06 sys=0.00, real=0.01 secs] 
2014-07-16T08:12:22.023+0000: 2617.243: [GC [PSYoungGen: 734518K->772K(707456K)] 981735K->248173K(1394432K), 0.0180960 secs] [Times: user=0.07 sys=0.00, real=0.02 secs] 
2014-07-16T08:12:23.407+0000: 2618.627: [GC [PSYoungGen: 707396K->626K(848640K)] 954797K->248211K(1535616K), 0.0204430 secs] [Times: user=0.08 sys=0.00, real=0.02 secs] 
2014-07-16T08:12:25.155+0000: 2620.375: [GC [PSYoungGen: 848626K->950K(816448K)] 1096211K->248639K(1503424K), 0.0127780 secs] [Times: user=0.04 sys=0.00, real=0.01 secs] 
2014-07-16T08:12:26.669+0000: 2621.889: [GC [PSYoungGen: 816438K->416K(784960K)] 1064127K->248225K(1471936K), 0.0114510 secs] [Times: user=0.03 sys=0.00, real=0.02 secs] 
2014-07-16T08:12:28.151+0000: 2623.371: [GC [PSYoungGen: 784928K->512K(755520K)] 1032737K->248385K(1442496K), 0.0082480 secs] [Times: user=0.02 sys=0.01, real=0.00 secs] 
2014-07-16T08:12:29.574+0000: 2624.794: [GC [PSYoungGen: 755520K->352K(727296K)] 1003393K->248281K(1414272K), 0.0103080 secs] [Times: user=0.04 sys=0.00, real=0.01 secs] 
2014-07-16T08:12:30.956+0000: 2626.176: [GC [PSYoungGen: 727242K->822K(700928K)] 975171K->248863K(1387904K), 0.0146340 secs] [Times: user=0.05 sys=0.00, real=0.02 secs] 
2014-07-16T08:12:32.316+0000: 2627.536: [GC [PSYoungGen: 700908K->676K(840832K)] 948949K->248853K(1527808K), 0.0281590 secs] [Times: user=0.09 sys=0.00, real=0.03 secs] 
2014-07-16T08:12:34.204+0000: 2629.424: [GC [PSYoungGen: 840804K->1138K(809152K)] 1088981K->249443K(1496128K), 0.0047690 secs] [Times: user=0.02 sys=0.00, real=0.00 secs] 
2014-07-16T08:12:35.747+0000: 2630.967: [GC [PSYoungGen: 809138K->512K(777920K)] 1057443K->248969K(1464896K), 0.0056890 secs] [Times: user=0.01 sys=0.00, real=0.01 secs] 
2014-07-16T08:12:37.210+0000: 2632.430: [GC [PSYoungGen: 777920K->676K(748928K)] 1026377K->249253K(1435904K), 0.0193320 secs] [Times: user=0.07 sys=0.00, real=0.02 secs] 
2014-07-16T08:12:38.624+0000: 2633.844: [GC [PSYoungGen: 748900K->402K(720896K)] 997477K->249035K(1407872K), 0.0077730 secs] [Times: user=0.02 sys=0.00, real=0.00 secs] 
2014-07-16T08:12:40.044+0000: 2635.264: [GC [PSYoungGen: 720850K->754K(694720K)] 969483K->249435K(1381696K), 0.0166890 secs] [Times: user=0.06 sys=0.00, real=0.01 secs] 
2014-07-16T08:12:41.395+0000: 2636.615: [GC [PSYoungGen: 694706K->580K(669312K)] 943387K->249405K(1356288K), 0.0060770 secs] [Times: user=0.02 sys=0.00, real=0.00 secs] 
2014-07-16T08:12:42.705+0000: 2637.925: [GC [PSYoungGen: 669252K->566K(645120K)] 918077K->249511K(1332096K), 0.0153500 secs] [Times: user=0.05 sys=0.00, real=0.01 secs] 
2014-07-16T08:12:43.961+0000: 2639.181: [GC [PSYoungGen: 645074K->950K(622528K)] 894020K->250023K(1309504K), 0.0080650 secs] [Times: user=0.02 sys=0.00, real=0.01 secs] 
2014-07-16T08:12:45.349+0000: 2640.569: [GC [PSYoungGen: 622518K->754K(600384K)] 871591K->249907K(1287360K), 0.0181630 secs] [Times: user=0.06 sys=0.00, real=0.02 secs] 
2014-07-16T08:12:46.469+0000: 2641.689: [GC [PSYoungGen: 600370K->608K(720192K)] 849523K->249897K(1407168K), 0.0140730 secs] [Times: user=0.06 sys=0.00, real=0.02 secs] 
2014-07-16T08:12:47.854+0000: 2643.074: [GC [PSYoungGen: 720160K->448K(863936K)] 969449K->249777K(1550912K), 0.0273410 secs] [Times: user=0.10 sys=0.00, real=0.02 secs] 
2014-07-16T08:12:49.581+0000: 2644.801: [GC [PSYoungGen: 863936K->608K(1036864K)] 1113265K->250017K(1723840K), 0.0069720 secs] [Times: user=0.01 sys=0.00, real=0.01 secs] 
2014-07-16T08:12:51.618+0000: 2646.838: [GC [PSYoungGen: 1036755K->772K(995584K)] 1286164K->250317K(1682560K), 0.0121730 secs] [Times: user=0.04 sys=0.00, real=0.01 secs] 
2014-07-16T08:12:53.539+0000: 2648.759: [GC [PSYoungGen: 995524K->608K(955904K)] 1245069K->250369K(1642880K), 0.0087590 secs] [Times: user=0.03 sys=0.00, real=0.01 secs] 
2014-07-16T08:12:55.447+0000: 2650.667: [GC [PSYoungGen: 955790K->676K(918400K)] 1205551K->250541K(1605376K), 0.0162650 secs] [Times: user=0.06 sys=0.00, real=0.01 secs] 
2014-07-16T08:12:57.202+0000: 2652.422: [GC [PSYoungGen: 918349K->438K(882368K)] 1168214K->250431K(1569344K), 0.0171880 secs] [Times: user=0.05 sys=0.01, real=0.02 secs] 
2014-07-16T08:12:58.866+0000: 2654.086: [GC [PSYoungGen: 882358K->466K(848320K)] 1132351K->250523K(1535296K), 0.0051560 secs] [Times: user=0.02 sys=0.01, real=0.00 secs] 
2014-07-16T08:13:00.575+0000: 2655.795: [GC [PSYoungGen: 848274K->754K(816128K)] 1098331K->250867K(1503104K), 0.0151480 secs] [Times: user=0.05 sys=0.01, real=0.01 secs] 
2014-07-16T08:13:02.181+0000: 2657.401: [GC [PSYoungGen: 816114K->640K(785024K)] 1066227K->250993K(1472000K), 0.0273180 secs] [Times: user=0.10 sys=0.00, real=0.03 secs] 
2014-07-16T08:13:03.807+0000: 2659.027: [GC [PSYoungGen: 785024K->690K(755584K)] 1035377K->251187K(1442560K), 0.0099870 secs] [Times: user=0.04 sys=0.00, real=0.01 secs] 
2014-07-16T08:13:05.459+0000: 2660.679: [GC [PSYoungGen: 755570K->608K(727424K)] 1006067K->251249K(1414400K), 0.0045350 secs] [Times: user=0.02 sys=0.00, real=0.00 secs] 
2014-07-16T08:13:06.840+0000: 2662.060: [GC [PSYoungGen: 727392K->744K(872960K)] 978033K->251537K(1559936K), 0.0284320 secs] [Times: user=0.10 sys=0.00, real=0.03 secs] 
2014-07-16T08:13:08.515+0000: 2663.735: [GC [PSYoungGen: 872936K->466K(1047168K)] 1123729K->251331K(1734144K), 0.0159250 secs] [Times: user=0.06 sys=0.00, real=0.02 secs] 
2014-07-16T08:13:10.565+0000: 2665.785: [GC [PSYoungGen: 1047122K->562K(1256576K)] 1297987K->251491K(1943552K), 0.0284680 secs] [Times: user=0.10 sys=0.00, real=0.03 secs] 
2014-07-16T08:13:13.114+0000: 2668.334: [GC [PSYoungGen: 1256562K->658K(1204608K)] 1507491K->251779K(1891584K), 0.0053470 secs] [Times: user=0.02 sys=0.00, real=0.01 secs] 
2014-07-16T08:13:15.617+0000: 2670.837: [GC [PSYoungGen: 1204562K->704K(1155072K)] 1455683K->252105K(1842048K), 0.0082160 secs] [Times: user=0.02 sys=0.00, real=0.01 secs] 
2014-07-16T08:13:17.790+0000: 2673.010: [GC [PSYoungGen: 1155072K->402K(1107648K)] 1406473K->251963K(1794624K), 0.0177490 secs] [Times: user=0.06 sys=0.00, real=0.01 secs] 
2014-07-16T08:13:20.002+0000: 2675.222: [GC [PSYoungGen: 1107602K->946K(1063296K)] 1359163K->252643K(1750272K), 0.0067290 secs] [Times: user=0.02 sys=0.00, real=0.01 secs] 
2014-07-16T08:13:22.069+0000: 2677.289: [GC [PSYoungGen: 1063282K->868K(1020544K)] 1314979K->252709K(1707520K), 0.0200960 secs] [Times: user=0.07 sys=0.00, real=0.02 secs] 
2014-07-16T08:13:24.174+0000: 2679.394: [GC [PSYoungGen: 1020516K->626K(979648K)] 1272357K->252675K(1666624K), 0.0091670 secs] [Times: user=0.02 sys=0.00, real=0.01 secs] 
2014-07-16T08:13:26.239+0000: 2681.459: [GC [PSYoungGen: 979634K->672K(940992K)] 1231683K->252897K(1627968K), 0.0147970 secs] [Times: user=0.05 sys=0.00, real=0.02 secs] 
2014-07-16T08:13:28.013+0000: 2683.233: [GC [PSYoungGen: 940959K->876K(904320K)] 1193184K->253253K(1591296K), 0.0190960 secs] [Times: user=0.07 sys=0.00, real=0.02 secs] 
2014-07-16T08:13:29.731+0000: 2684.951: [GC [PSYoungGen: 904300K->932K(869248K)] 1156677K->253373K(1556224K), 0.0067900 secs] [Times: user=0.02 sys=0.01, real=0.00 secs] 
2014-07-16T08:13:31.475+0000: 2686.695: [GC [PSYoungGen: 869220K->502K(835328K)] 1121661K->253223K(1522304K), 0.0201310 secs] [Times: user=0.07 sys=0.00, real=0.02 secs] 
2014-07-16T08:13:33.134+0000: 2688.354: [GC [PSYoungGen: 835318K->1014K(803968K)] 1088039K->253927K(1490944K), 0.0254690 secs] [Times: user=0.10 sys=0.00, real=0.02 secs] 
2014-07-16T08:13:34.744+0000: 2689.964: [GC [PSYoungGen: 803958K->608K(964224K)] 1056871K->253697K(1651200K), 0.0229040 secs] [Times: user=0.08 sys=0.00, real=0.02 secs] 
2014-07-16T08:13:36.716+0000: 2691.936: [GC [PSYoungGen: 964188K->840K(1157248K)] 1217277K->254057K(1844224K), 0.0264920 secs] [Times: user=0.09 sys=0.00, real=0.03 secs] 
2014-07-16T08:13:38.908+0000: 2694.128: [GC [PSYoungGen: 1157192K->594K(1388288K)] 1410409K->253939K(2075264K), 0.0225360 secs] [Times: user=0.08 sys=0.00, real=0.02 secs] 
2014-07-16T08:13:41.661+0000: 2696.881: [GC [PSYoungGen: 1388236K->704K(1329856K)] 1641581K->254105K(2016832K), 0.0055540 secs] [Times: user=0.01 sys=0.00, real=0.00 secs] 
2014-07-16T08:13:44.283+0000: 2699.503: [GC [PSYoungGen: 1329856K->1142K(1274688K)] 1583257K->255063K(1961664K), 0.0267710 secs] [Times: user=0.10 sys=0.00, real=0.02 secs] 
2014-07-16T08:13:46.904+0000: 2702.124: [GC [PSYoungGen: 1274617K->640K(1221248K)] 1528538K->254713K(1908224K), 0.0207850 secs] [Times: user=0.07 sys=0.01, real=0.02 secs] 
2014-07-16T08:13:49.207+0000: 2704.427: [GC [PSYoungGen: 1221248K->576K(1170816K)] 1475321K->254841K(1857792K), 0.0069790 secs] [Times: user=0.02 sys=0.00, real=0.01 secs] 
2014-07-16T08:13:51.509+0000: 2706.729: [GC [PSYoungGen: 1170816K->900K(1123264K)] 1425081K->255277K(1810240K), 0.0210630 secs] [Times: user=0.07 sys=0.00, real=0.02 secs] 
2014-07-16T08:13:53.693+0000: 2708.913: [GC [PSYoungGen: 1123204K->544K(1077248K)] 1377581K->255161K(1764224K), 0.0152140 secs] [Times: user=0.06 sys=0.00, real=0.01 secs] 
2014-07-16T08:13:55.931+0000: 2711.151: [GC [PSYoungGen: 1077216K->850K(1034176K)] 1331833K->255603K(1721152K), 0.0341130 secs] [Times: user=0.13 sys=0.00, real=0.04 secs] 
2014-07-16T08:13:57.963+0000: 2713.183: [GC [PSYoungGen: 1034113K->662K(992640K)] 1288866K->255567K(1679616K), 0.0150050 secs] [Times: user=0.05 sys=0.00, real=0.02 secs] 
2014-07-16T08:13:59.826+0000: 2715.046: [GC [PSYoungGen: 992598K->502K(953088K)] 1247503K->255503K(1640064K), 0.0142980 secs] [Times: user=0.04 sys=0.00, real=0.01 secs] 
2014-07-16T08:14:01.769+0000: 2716.989: [GC [PSYoungGen: 953078K->754K(915904K)] 1208079K->255891K(1602880K), 0.0276700 secs] [Times: user=0.09 sys=0.00, real=0.03 secs] 
2014-07-16T08:14:03.544+0000: 2718.763: [GC [PSYoungGen: 915869K->922K(880448K)] 1171006K->256267K(1567424K), 0.0129910 secs] [Times: user=0.05 sys=0.00, real=0.02 secs] 
2014-07-16T08:14:05.286+0000: 2720.506: [GC [PSYoungGen: 880410K->640K(846144K)] 1135755K->256225K(1533120K), 0.0146590 secs] [Times: user=0.04 sys=0.00, real=0.01 secs] 
2014-07-16T08:14:07.169+0000: 2722.389: [GC [PSYoungGen: 846144K->868K(1015552K)] 1101729K->256573K(1702528K), 0.0413130 secs] [Times: user=0.16 sys=0.00, real=0.04 secs] 
2014-07-16T08:14:09.145+0000: 2724.365: [GC [PSYoungGen: 1015524K->946K(1218560K)] 1271229K->256867K(1905536K), 0.0175880 secs] [Times: user=0.05 sys=0.00, real=0.01 secs] 
2014-07-16T08:14:11.707+0000: 2726.927: [GC [PSYoungGen: 1218546K->992K(1462144K)] 1474467K->257041K(2149120K), 0.0158050 secs] [Times: user=0.04 sys=0.00, real=0.01 secs] 
2014-07-16T08:14:14.910+0000: 2730.130: [GC [PSYoungGen: 1462112K->352K(1399424K)] 1718161K->256649K(2086400K), 0.0241320 secs] [Times: user=0.09 sys=0.01, real=0.02 secs] 
2014-07-16T08:14:18.041+0000: 2733.261: [GC [PSYoungGen: 1399392K->384K(1340416K)] 1655689K->256809K(2027392K), 0.0089990 secs] [Times: user=0.02 sys=0.00, real=0.01 secs] 
2014-07-16T08:14:21.086+0000: 2736.306: [GC [PSYoungGen: 1340412K->1248K(1285120K)] 1596838K->257809K(1972096K), 0.0083090 secs] [Times: user=0.03 sys=0.00, real=0.01 secs] 
2014-07-16T08:14:23.880+0000: 2739.100: [GC [PSYoungGen: 1285088K->566K(1230976K)] 1541649K->257327K(1917952K), 0.0104540 secs] [Times: user=0.02 sys=0.00, real=0.01 secs] 
2014-07-16T08:14:26.591+0000: 2741.811: [GC [PSYoungGen: 1230966K->320K(1179904K)] 1487727K->257257K(1866880K), 0.0200290 secs] [Times: user=0.07 sys=0.00, real=0.02 secs] 
2014-07-16T08:14:29.194+0000: 2744.414: [GC [PSYoungGen: 1179904K->498K(1131712K)] 1436841K->257539K(1818688K), 0.0169520 secs] [Times: user=0.05 sys=0.00, real=0.02 secs] 
2014-07-16T08:14:31.754+0000: 2746.974: [GC [PSYoungGen: 1131698K->986K(1086208K)] 1388739K->258139K(1773184K), 0.0126660 secs] [Times: user=0.04 sys=0.00, real=0.01 secs] 
2014-07-16T08:14:34.125+0000: 2749.345: [GC [PSYoungGen: 1086170K->466K(1041856K)] 1343323K->257851K(1728832K), 0.0264140 secs] [Times: user=0.09 sys=0.00, real=0.03 secs] 
2014-07-16T08:14:36.471+0000: 2751.690: [GC [PSYoungGen: 1041757K->384K(1000000K)] 1299143K->257857K(1686976K), 0.0155660 secs] [Times: user=0.05 sys=0.00, real=0.01 secs] 
2014-07-16T08:14:38.696+0000: 2753.916: [GC [PSYoungGen: 1000000K->416K(960384K)] 1257473K->257993K(1647360K), 0.0058360 secs] [Times: user=0.02 sys=0.00, real=0.01 secs] 
2014-07-16T08:14:40.770+0000: 2755.990: [GC [PSYoungGen: 960275K->530K(922688K)] 1217853K->258219K(1609664K), 0.0091140 secs] [Times: user=0.02 sys=0.00, real=0.01 secs] 
2014-07-16T08:14:42.810+0000: 2758.030: [GC [PSYoungGen: 922642K->1060K(887168K)] 1180331K->258973K(1574144K), 0.0376220 secs] [Times: user=0.14 sys=0.00, real=0.03 secs] 
2014-07-16T08:14:44.752+0000: 2759.972: [GC [PSYoungGen: 887140K->548K(852352K)] 1145053K->258629K(1539328K), 0.0143590 secs] [Times: user=0.05 sys=0.01, real=0.01 secs] 
2014-07-16T08:14:46.675+0000: 2761.895: [GC [PSYoungGen: 852324K->854K(820032K)] 1110405K->259031K(1507008K), 0.0128170 secs] [Times: user=0.04 sys=0.00, real=0.01 secs] 
2014-07-16T08:14:48.462+0000: 2763.681: [GC [PSYoungGen: 819990K->320K(788352K)] 1078167K->258585K(1475328K), 0.0181680 secs] [Times: user=0.07 sys=0.00, real=0.01 secs] 
2014-07-16T08:14:50.188+0000: 2765.408: [GC [PSYoungGen: 788350K->772K(759232K)] 1046615K->259117K(1446208K), 0.0234710 secs] [Times: user=0.07 sys=0.00, real=0.02 secs] 
2014-07-16T08:14:51.850+0000: 2767.069: [GC [PSYoungGen: 759172K->672K(730816K)] 1017517K->259153K(1417792K), 0.0125630 secs] [Times: user=0.04 sys=0.00, real=0.02 secs] 
2014-07-16T08:14:53.451+0000: 2768.671: [GC [PSYoungGen: 730784K->256K(703424K)] 989265K->258881K(1390400K), 0.0131500 secs] [Times: user=0.05 sys=0.00, real=0.02 secs] 
2014-07-16T08:14:54.999+0000: 2770.219: [GC [PSYoungGen: 703424K->448K(677888K)] 962049K->259161K(1364864K), 0.0051020 secs] [Times: user=0.01 sys=0.00, real=0.01 secs] 
2014-07-16T08:14:56.497+0000: 2771.717: [GC [PSYoungGen: 677804K->562K(653504K)] 936517K->259331K(1340480K), 0.0079530 secs] [Times: user=0.01 sys=0.01, real=0.01 secs] 
2014-07-16T08:14:57.945+0000: 2773.165: [GC [PSYoungGen: 653490K->320K(629888K)] 912259K->259153K(1316864K), 0.0089350 secs] [Times: user=0.03 sys=0.00, real=0.01 secs] 
2014-07-16T08:14:59.328+0000: 2774.548: [GC [PSYoungGen: 629888K->484K(607808K)] 888721K->259405K(1294784K), 0.0171410 secs] [Times: user=0.06 sys=0.00, real=0.02 secs] 
2014-07-16T08:15:00.677+0000: 2775.897: [GC [PSYoungGen: 607780K->470K(729280K)] 866701K->259471K(1416256K), 0.0234740 secs] [Times: user=0.09 sys=0.00, real=0.02 secs] 
2014-07-16T08:15:02.415+0000: 2777.635: [GC [PSYoungGen: 729238K->466K(702400K)] 988239K->259571K(1389376K), 0.0060210 secs] [Times: user=0.01 sys=0.00, real=0.00 secs] 
2014-07-16T08:15:03.978+0000: 2779.198: [GC [PSYoungGen: 702354K->832K(677056K)] 961459K->260113K(1364032K), 0.0071840 secs] [Times: user=0.02 sys=0.00, real=0.01 secs] 
2014-07-16T08:15:05.479+0000: 2780.699: [GC [PSYoungGen: 677056K->352K(652160K)] 936337K->259697K(1339136K), 0.0150630 secs] [Times: user=0.06 sys=0.00, real=0.01 secs] 
2014-07-16T08:15:06.995+0000: 2782.215: [GC [PSYoungGen: 652128K->498K(628992K)] 911473K->259907K(1315968K), 0.0156900 secs] [Times: user=0.05 sys=0.01, real=0.01 secs] 
2014-07-16T08:15:08.364+0000: 2783.584: [GC [PSYoungGen: 628978K->320K(754496K)] 888387K->259809K(1441472K), 0.0213930 secs] [Times: user=0.07 sys=0.00, real=0.03 secs] 
2014-07-16T08:15:10.020+0000: 2785.240: [GC [PSYoungGen: 754496K->544K(726656K)] 1013985K->260105K(1413632K), 0.0083790 secs] [Times: user=0.01 sys=0.00, real=0.01 secs] 
2014-07-16T08:15:11.624+0000: 2786.844: [GC [PSYoungGen: 726624K->480K(699840K)] 986185K->260193K(1386816K), 0.0125260 secs] [Times: user=0.03 sys=0.00, real=0.02 secs] 
2014-07-16T08:15:13.222+0000: 2788.442: [GC [PSYoungGen: 699808K->256K(674048K)] 959521K->260089K(1361024K), 0.0045740 secs] [Times: user=0.01 sys=0.00, real=0.01 secs] 
2014-07-16T08:15:14.703+0000: 2789.923: [GC [PSYoungGen: 674048K->288K(649792K)] 933881K->260217K(1336768K), 0.0234910 secs] [Times: user=0.08 sys=0.00, real=0.03 secs] 
2014-07-16T08:15:16.142+0000: 2791.362: [GC [PSYoungGen: 649760K->608K(626880K)] 909689K->260609K(1313856K), 0.0158510 secs] [Times: user=0.05 sys=0.00, real=0.02 secs] 
2014-07-16T08:15:17.586+0000: 2792.806: [GC [PSYoungGen: 626848K->722K(752256K)] 886849K->260787K(1439232K), 0.0184870 secs] [Times: user=0.06 sys=0.00, real=0.02 secs] 
2014-07-16T08:15:19.238+0000: 2794.458: [GC [PSYoungGen: 752203K->530K(724096K)] 1012268K->260667K(1411072K), 0.0129260 secs] [Times: user=0.05 sys=0.00, real=0.01 secs] 
2014-07-16T08:15:20.869+0000: 2796.089: [GC [PSYoungGen: 724050K->576K(868800K)] 984187K->260809K(1555776K), 0.0297460 secs] [Times: user=0.11 sys=0.00, real=0.03 secs] 
2014-07-16T08:15:22.868+0000: 2798.088: [GC [PSYoungGen: 868800K->818K(835584K)] 1129033K->261219K(1522560K), 0.0075560 secs] [Times: user=0.02 sys=0.00, real=0.00 secs] 
2014-07-16T08:15:24.692+0000: 2799.912: [GC [PSYoungGen: 835570K->402K(803328K)] 1095971K->261011K(1490304K), 0.0065920 secs] [Times: user=0.02 sys=0.00, real=0.01 secs] 
2014-07-16T08:15:26.455+0000: 2801.675: [GC [PSYoungGen: 803267K->320K(772864K)] 1063877K->261001K(1459840K), 0.0267070 secs] [Times: user=0.10 sys=0.00, real=0.03 secs] 
2014-07-16T08:15:28.165+0000: 2803.385: [GC [PSYoungGen: 772864K->420K(744064K)] 1033545K->261165K(1431040K), 0.0109470 secs] [Times: user=0.04 sys=0.00, real=0.01 secs] 
2014-07-16T08:15:29.822+0000: 2805.042: [GC [PSYoungGen: 744036K->836K(716928K)] 1004781K->261693K(1403904K), 0.0214770 secs] [Times: user=0.06 sys=0.00, real=0.02 secs] 
2014-07-16T08:15:31.414+0000: 2806.634: [GC [PSYoungGen: 716868K->498K(859776K)] 977725K->261475K(1546752K), 0.0254150 secs] [Times: user=0.08 sys=0.00, real=0.03 secs] 
2014-07-16T08:15:33.309+0000: 2808.529: [GC [PSYoungGen: 859762K->498K(826752K)] 1120739K->261635K(1513728K), 0.0090040 secs] [Times: user=0.04 sys=0.00, real=0.01 secs] 
2014-07-16T08:15:35.123+0000: 2810.343: [GC [PSYoungGen: 826713K->544K(795328K)] 1087850K->261809K(1482304K), 0.0062430 secs] [Times: user=0.02 sys=0.00, real=0.01 secs] 
2014-07-16T08:15:36.899+0000: 2812.119: [GC [PSYoungGen: 795293K->932K(765760K)] 1056558K->262397K(1452736K), 0.0185180 secs] [Times: user=0.06 sys=0.00, real=0.02 secs] 
2014-07-16T08:15:38.576+0000: 2813.796: [GC [PSYoungGen: 765701K->818K(737088K)] 1027167K->262363K(1424064K), 0.0121700 secs] [Times: user=0.04 sys=0.00, real=0.01 secs] 
2014-07-16T08:15:40.240+0000: 2815.460: [GC [PSYoungGen: 736997K->552K(884096K)] 998542K->262489K(1571072K), 0.0290040 secs] [Times: user=0.11 sys=0.00, real=0.02 secs] 
2014-07-16T08:15:42.154+0000: 2817.374: [GC [PSYoungGen: 884072K->384K(849728K)] 1146009K->262497K(1536704K), 0.0049600 secs] [Times: user=0.01 sys=0.00, real=0.01 secs] 
2014-07-16T08:15:44.023+0000: 2819.243: [GC [PSYoungGen: 849728K->352K(817152K)] 1111841K->262641K(1504128K), 0.0056290 secs] [Times: user=0.01 sys=0.00, real=0.00 secs] 
2014-07-16T08:15:45.809+0000: 2821.029: [GC [PSYoungGen: 817120K->292K(786048K)] 1079409K->262677K(1473024K), 0.0060490 secs] [Times: user=0.01 sys=0.00, real=0.01 secs] 
2014-07-16T08:15:47.631+0000: 2822.851: [GC [PSYoungGen: 786020K->1042K(757248K)] 1048405K->263499K(1444224K), 0.0075230 secs] [Times: user=0.02 sys=0.00, real=0.00 secs] 
2014-07-16T08:15:49.230+0000: 2824.450: [GC [PSYoungGen: 757202K->370K(728384K)] 1019659K->262907K(1415360K), 0.0064800 secs] [Times: user=0.02 sys=0.00, real=0.01 secs] 
2014-07-16T08:15:50.872+0000: 2826.092: [GC [PSYoungGen: 728370K->680K(701824K)] 990907K->263281K(1388800K), 0.0066780 secs] [Times: user=0.01 sys=0.00, real=0.00 secs] 
2014-07-16T08:15:52.394+0000: 2827.614: [GC [PSYoungGen: 701800K->320K(675840K)] 964401K->263081K(1362816K), 0.0044530 secs] [Times: user=0.01 sys=0.00, real=0.00 secs] 
2014-07-16T08:15:53.880+0000: 2829.100: [GC [PSYoungGen: 675757K->438K(651520K)] 938518K->263303K(1338496K), 0.0185730 secs] [Times: user=0.07 sys=0.00, real=0.02 secs] 
2014-07-16T08:15:55.312+0000: 2830.532: [GC [PSYoungGen: 651510K->274K(628096K)] 914375K->263219K(1315072K), 0.0045980 secs] [Times: user=0.02 sys=0.00, real=0.00 secs] 
2014-07-16T08:15:56.697+0000: 2831.917: [GC [PSYoungGen: 628050K->498K(606080K)] 890995K->263491K(1293056K), 0.0248930 secs] [Times: user=0.09 sys=0.00, real=0.03 secs] 
2014-07-16T08:15:58.095+0000: 2833.315: [GC [PSYoungGen: 606066K->864K(585280K)] 869059K->263905K(1272256K), 0.0141660 secs] [Times: user=0.04 sys=0.00, real=0.01 secs] 
2014-07-16T08:15:59.376+0000: 2834.596: [GC [PSYoungGen: 585248K->352K(564544K)] 848289K->263497K(1251520K), 0.0143910 secs] [Times: user=0.05 sys=0.01, real=0.01 secs] 
2014-07-16T08:16:00.620+0000: 2835.840: [GC [PSYoungGen: 564512K->690K(545536K)] 827657K->263931K(1232512K), 0.0069620 secs] [Times: user=0.02 sys=0.00, real=0.01 secs] 
2014-07-16T08:16:01.822+0000: 2837.042: [GC [PSYoungGen: 545522K->594K(527040K)] 808763K->263955K(1214016K), 0.0156060 secs] [Times: user=0.05 sys=0.00, real=0.01 secs] 
2014-07-16T08:16:02.995+0000: 2838.215: [GC [PSYoungGen: 526994K->480K(509248K)] 790355K->263969K(1196224K), 0.0051060 secs] [Times: user=0.01 sys=0.00, real=0.00 secs] 
2014-07-16T08:16:04.123+0000: 2839.343: [GC [PSYoungGen: 509216K->274K(492224K)] 772705K->263835K(1179200K), 0.0053770 secs] [Times: user=0.01 sys=0.00, real=0.00 secs] 
2014-07-16T08:16:05.205+0000: 2840.425: [GC [PSYoungGen: 492178K->480K(590848K)] 755739K->264113K(1277824K), 0.0254330 secs] [Times: user=0.07 sys=0.00, real=0.02 secs] 
2014-07-16T08:16:06.515+0000: 2841.735: [GC [PSYoungGen: 590816K->466K(708928K)] 854449K->264131K(1395904K), 0.0125630 secs] [Times: user=0.04 sys=0.00, real=0.01 secs] 
2014-07-16T08:16:08.122+0000: 2843.342: [GC [PSYoungGen: 708882K->466K(850624K)] 972547K->264203K(1537600K), 0.0312440 secs] [Times: user=0.10 sys=0.00, real=0.04 secs] 
2014-07-16T08:16:09.991+0000: 2845.211: [GC [PSYoungGen: 850513K->534K(1020736K)] 1114250K->264343K(1707712K), 0.0059040 secs] [Times: user=0.02 sys=0.00, real=0.01 secs] 
2014-07-16T08:16:12.240+0000: 2847.460: [GC [PSYoungGen: 1020694K->544K(1224768K)] 1284503K->264505K(1911744K), 0.0242010 secs] [Times: user=0.08 sys=0.00, real=0.03 secs] 
2014-07-16T08:16:14.969+0000: 2850.189: [GC [PSYoungGen: 1224736K->658K(1174336K)] 1488697K->264835K(1861312K), 0.0069310 secs] [Times: user=0.02 sys=0.00, real=0.01 secs] 
2014-07-16T08:16:17.558+0000: 2852.778: [GC [PSYoungGen: 1174290K->352K(1125952K)] 1438467K->264641K(1812928K), 0.0054650 secs] [Times: user=0.02 sys=0.00, real=0.00 secs] 
2014-07-16T08:16:20.124+0000: 2855.344: [GC [PSYoungGen: 1125920K->726K(1080576K)] 1390209K->265095K(1767552K), 0.0088260 secs] [Times: user=0.02 sys=0.00, real=0.01 secs] 
2014-07-16T08:16:22.503+0000: 2857.723: [GC [PSYoungGen: 1080482K->548K(1036800K)] 1344851K->265077K(1723776K), 0.0086040 secs] [Times: user=0.02 sys=0.00, real=0.01 secs] 
2014-07-16T08:16:24.826+0000: 2860.046: [GC [PSYoungGen: 1036772K->448K(995200K)] 1301301K->265137K(1682176K), 0.0159610 secs] [Times: user=0.06 sys=0.00, real=0.01 secs] 
2014-07-16T08:16:26.997+0000: 2862.217: [GC [PSYoungGen: 995200K->306K(955584K)] 1259889K->265107K(1642560K), 0.0203880 secs] [Times: user=0.07 sys=0.00, real=0.02 secs] 
2014-07-16T08:16:29.100+0000: 2864.320: [GC [PSYoungGen: 955570K->548K(918272K)] 1220371K->265405K(1605248K), 0.0189720 secs] [Times: user=0.06 sys=0.00, real=0.02 secs] 
2014-07-16T08:16:31.126+0000: 2866.346: [GC [PSYoungGen: 918244K->758K(882688K)] 1183101K->265743K(1569664K), 0.0185840 secs] [Times: user=0.07 sys=0.00, real=0.02 secs] 
2014-07-16T08:16:33.110+0000: 2868.330: [GC [PSYoungGen: 882678K->352K(848192K)] 1147663K->265545K(1535168K), 0.0115310 secs] [Times: user=0.03 sys=0.00, real=0.01 secs] 
2014-07-16T08:16:34.978+0000: 2870.198: [GC [PSYoungGen: 848160K->402K(815808K)] 1113353K->265755K(1502784K), 0.0106210 secs] [Times: user=0.04 sys=0.00, real=0.02 secs] 
2014-07-16T08:16:36.775+0000: 2871.995: [GC [PSYoungGen: 815717K->448K(784832K)] 1081071K->265873K(1471808K), 0.0273190 secs] [Times: user=0.09 sys=0.00, real=0.03 secs] 
2014-07-16T08:16:38.622+0000: 2873.842: [GC [PSYoungGen: 784832K->640K(755520K)] 1050257K->266129K(1442496K), 0.0248160 secs] [Times: user=0.09 sys=0.00, real=0.02 secs] 
2014-07-16T08:16:40.236+0000: 2875.456: [GC [PSYoungGen: 755520K->598K(906496K)] 1021009K->266215K(1593472K), 0.0249580 secs] [Times: user=0.07 sys=0.00, real=0.03 secs] 
2014-07-16T08:16:42.277+0000: 2877.497: [GC [PSYoungGen: 906454K->808K(1087872K)] 1172071K->266569K(1774848K), 0.0156350 secs] [Times: user=0.06 sys=0.00, real=0.02 secs] 
2014-07-16T08:16:44.788+0000: 2880.008: [GC [PSYoungGen: 1087848K->370K(1043520K)] 1353609K->266355K(1730496K), 0.0141450 secs] [Times: user=0.05 sys=0.00, real=0.02 secs] 
2014-07-16T08:16:47.084+0000: 2882.304: [GC [PSYoungGen: 1043506K->640K(1001984K)] 1309491K->266817K(1688960K), 0.0162330 secs] [Times: user=0.05 sys=0.00, real=0.02 secs] 
2014-07-16T08:16:49.288+0000: 2884.508: [GC [PSYoungGen: 1001958K->384K(961920K)] 1268135K->266657K(1648896K), 0.0159770 secs] [Times: user=0.06 sys=0.00, real=0.02 secs] 
2014-07-16T08:16:51.414+0000: 2886.634: [GC [PSYoungGen: 961920K->352K(924032K)] 1228193K->266753K(1611008K), 0.0112970 secs] [Times: user=0.03 sys=0.00, real=0.01 secs] 
2014-07-16T08:16:53.492+0000: 2888.712: [GC [PSYoungGen: 924000K->768K(888320K)] 1190401K->267337K(1575296K), 0.0117590 secs] [Times: user=0.04 sys=0.00, real=0.01 secs] 
2014-07-16T08:16:55.465+0000: 2890.685: [GC [PSYoungGen: 888320K->288K(853504K)] 1154889K->267009K(1540480K), 0.0128610 secs] [Times: user=0.04 sys=0.00, real=0.01 secs] 
2014-07-16T08:16:57.340+0000: 2892.560: [GC [PSYoungGen: 853472K->256K(820736K)] 1120193K->267065K(1507712K), 0.0146460 secs] [Times: user=0.05 sys=0.00, real=0.02 secs] 
2014-07-16T08:16:59.170+0000: 2894.390: [GC [PSYoungGen: 820736K->352K(789696K)] 1087545K->267241K(1476672K), 0.0111570 secs] [Times: user=0.04 sys=0.01, real=0.02 secs] 
2014-07-16T08:17:00.898+0000: 2896.118: [GC [PSYoungGen: 789663K->640K(760256K)] 1056552K->267633K(1447232K), 0.0119700 secs] [Times: user=0.04 sys=0.01, real=0.01 secs] 
2014-07-16T08:17:02.587+0000: 2897.807: [GC [PSYoungGen: 760256K->644K(731968K)] 1027249K->267789K(1418944K), 0.0087630 secs] [Times: user=0.02 sys=0.00, real=0.01 secs] 
2014-07-16T08:17:04.197+0000: 2899.417: [GC [PSYoungGen: 731908K->612K(704896K)] 999053K->267893K(1391872K), 0.0064390 secs] [Times: user=0.02 sys=0.00, real=0.01 secs] 
2014-07-16T08:17:05.760+0000: 2900.980: [GC [PSYoungGen: 704868K->160K(678720K)] 972149K->267529K(1365696K), 0.0185730 secs] [Times: user=0.06 sys=0.00, real=0.02 secs] 
2014-07-16T08:17:07.257+0000: 2902.477: [GC [PSYoungGen: 678688K->530K(654528K)] 946057K->267979K(1341504K), 0.0058640 secs] [Times: user=0.02 sys=0.00, real=0.01 secs] 
2014-07-16T08:17:08.828+0000: 2904.048: [GC [PSYoungGen: 654482K->996K(631552K)] 921931K->268749K(1318528K), 0.0089610 secs] [Times: user=0.02 sys=0.01, real=0.01 secs] 
2014-07-16T08:17:10.150+0000: 2905.370: [GC [PSYoungGen: 631524K->480K(608704K)] 899277K->268297K(1295680K), 0.0146150 secs] [Times: user=0.05 sys=0.00, real=0.02 secs] 
2014-07-16T08:17:11.489+0000: 2906.709: [GC [PSYoungGen: 608672K->338K(730240K)] 876489K->268347K(1417216K), 0.0254760 secs] [Times: user=0.09 sys=0.00, real=0.03 secs] 
2014-07-16T08:17:13.106+0000: 2908.326: [GC [PSYoungGen: 730194K->466K(703424K)] 998203K->268579K(1390400K), 0.0091790 secs] [Times: user=0.02 sys=0.00, real=0.01 secs] 
2014-07-16T08:17:14.708+0000: 2909.928: [GC [PSYoungGen: 703378K->416K(677696K)] 971491K->268657K(1364672K), 0.0118340 secs] [Times: user=0.04 sys=0.00, real=0.01 secs] 
2014-07-16T08:17:16.192+0000: 2911.412: [GC [PSYoungGen: 677664K->352K(653120K)] 945905K->268705K(1340096K), 0.0111630 secs] [Times: user=0.04 sys=0.00, real=0.01 secs] 
2014-07-16T08:17:17.628+0000: 2912.848: [GC [PSYoungGen: 653088K->480K(629888K)] 921441K->268897K(1316864K), 0.0109350 secs] [Times: user=0.04 sys=0.00, real=0.01 secs] 
2014-07-16T08:17:19.103+0000: 2914.323: [GC [PSYoungGen: 629856K->566K(607680K)] 898273K->269023K(1294656K), 0.0179630 secs] [Times: user=0.07 sys=0.00, real=0.02 secs] 
2014-07-16T08:17:20.445+0000: 2915.665: [GC [PSYoungGen: 607613K->384K(586240K)] 876070K->268953K(1273216K), 0.0128510 secs] [Times: user=0.05 sys=0.00, real=0.01 secs] 
2014-07-16T08:17:21.741+0000: 2916.961: [GC [PSYoungGen: 586240K->562K(703616K)] 854809K->269267K(1390592K), 0.0231240 secs] [Times: user=0.08 sys=0.00, real=0.02 secs] 
2014-07-16T08:17:23.293+0000: 2918.513: [GC [PSYoungGen: 703602K->530K(844224K)] 972307K->269363K(1531200K), 0.0314040 secs] [Times: user=0.11 sys=0.00, real=0.03 secs] 
2014-07-16T08:17:25.202+0000: 2920.422: [GC [PSYoungGen: 844178K->484K(1012928K)] 1113011K->269421K(1699904K), 0.0183200 secs] [Times: user=0.07 sys=0.00, real=0.02 secs] 
2014-07-16T08:17:27.417+0000: 2922.637: [GC [PSYoungGen: 1012900K->612K(1215552K)] 1281837K->269669K(1902528K), 0.0257950 secs] [Times: user=0.09 sys=0.00, real=0.02 secs] 
2014-07-16T08:17:30.098+0000: 2925.318: [GC [PSYoungGen: 1215524K->530K(1458496K)] 1484581K->269667K(2145472K), 0.0153400 secs] [Times: user=0.05 sys=0.00, real=0.01 secs] 
2014-07-16T08:17:33.339+0000: 2928.559: [GC [PSYoungGen: 1458450K->512K(1396544K)] 1727587K->269849K(2083520K), 0.0153630 secs] [Times: user=0.05 sys=0.00, real=0.01 secs] 
2014-07-16T08:17:36.494+0000: 2931.714: [GC [PSYoungGen: 1396544K->736K(1337920K)] 1665881K->270273K(2024896K), 0.0119760 secs] [Times: user=0.04 sys=0.00, real=0.01 secs] 
2014-07-16T08:17:39.630+0000: 2934.850: [GC [PSYoungGen: 1337885K->868K(1282048K)] 1607422K->270677K(1969024K), 0.0217600 secs] [Times: user=0.07 sys=0.01, real=0.02 secs] 
2014-07-16T08:17:42.424+0000: 2937.644: [GC [PSYoungGen: 1282020K->192K(1228032K)] 1551829K->270969K(1915008K), 0.0210570 secs] [Times: user=0.06 sys=0.00, real=0.02 secs] 
2014-07-16T08:17:45.153+0000: 2940.373: [GC [PSYoungGen: 1228032K->1060K(1178240K)] 1498809K->272013K(1865216K), 0.0122820 secs] [Times: user=0.05 sys=0.00, real=0.01 secs] 
2014-07-16T08:17:47.714+0000: 2942.934: [GC [PSYoungGen: 1178212K->406K(1129344K)] 1449165K->271763K(1816320K), 0.0088980 secs] [Times: user=0.02 sys=0.00, real=0.01 secs] 
2014-07-16T08:17:50.202+0000: 2945.422: [GC [PSYoungGen: 1129302K->416K(1083392K)] 1400659K->271877K(1770368K), 0.0105030 secs] [Times: user=0.03 sys=0.01, real=0.01 secs] 
2014-07-16T08:17:52.593+0000: 2947.813: [GC [PSYoungGen: 1083360K->466K(1039744K)] 1354821K->272087K(1726720K), 0.0061520 secs] [Times: user=0.02 sys=0.00, real=0.01 secs] 
2014-07-16T08:17:54.964+0000: 2950.184: [GC [PSYoungGen: 1039698K->548K(998208K)] 1311319K->272321K(1685184K), 0.0126300 secs] [Times: user=0.04 sys=0.00, real=0.01 secs] 
2014-07-16T08:17:57.161+0000: 2952.381: [GC [PSYoungGen: 998132K->452K(958528K)] 1269906K->272401K(1645504K), 0.0245640 secs] [Times: user=0.10 sys=0.00, real=0.02 secs] 
2014-07-16T08:17:59.275+0000: 2954.495: [GC [PSYoungGen: 958468K->448K(920768K)] 1230417K->272501K(1607744K), 0.0303870 secs] [Times: user=0.11 sys=0.00, real=0.03 secs] 
2014-07-16T08:18:01.342+0000: 2956.561: [GC [PSYoungGen: 920768K->772K(885248K)] 1192821K->272921K(1572224K), 0.0262510 secs] [Times: user=0.10 sys=0.00, real=0.02 secs] 
2014-07-16T08:18:03.296+0000: 2958.516: [GC [PSYoungGen: 885188K->352K(850560K)] 1157337K->272669K(1537536K), 0.0170330 secs] [Times: user=0.06 sys=0.00, real=0.02 secs] 
2014-07-16T08:18:05.205+0000: 2960.425: [GC [PSYoungGen: 850528K->288K(817920K)] 1122845K->272733K(1504896K), 0.0084880 secs] [Times: user=0.01 sys=0.00, real=0.01 secs] 
2014-07-16T08:18:07.038+0000: 2962.258: [GC [PSYoungGen: 817888K->960K(787520K)] 1090333K->273557K(1474496K), 0.0282160 secs] [Times: user=0.10 sys=0.00, real=0.03 secs] 
2014-07-16T08:18:08.763+0000: 2963.983: [GC [PSYoungGen: 787520K->224K(944128K)] 1060117K->272901K(1631104K), 0.0262450 secs] [Times: user=0.09 sys=0.00, real=0.02 secs] 
2014-07-16T08:18:10.920+0000: 2966.140: [GC [PSYoungGen: 944096K->530K(907392K)] 1216773K->273295K(1594368K), 0.0141270 secs] [Times: user=0.05 sys=0.00, real=0.02 secs] 
2014-07-16T08:18:12.923+0000: 2968.143: [GC [PSYoungGen: 907346K->964K(1089216K)] 1180111K->273921K(1776192K), 0.0289690 secs] [Times: user=0.11 sys=0.00, real=0.03 secs] 
2014-07-16T08:18:15.405+0000: 2970.625: [GC [PSYoungGen: 1089138K->762K(1044992K)] 1362096K->273823K(1731968K), 0.0048040 secs] [Times: user=0.02 sys=0.00, real=0.00 secs] 
2014-07-16T08:18:17.749+0000: 2972.969: [GC [PSYoungGen: 1044986K->804K(1003200K)] 1318047K->274225K(1690176K), 0.0235910 secs] [Times: user=0.08 sys=0.00, real=0.02 secs] 
2014-07-16T08:18:20.061+0000: 2975.281: [GC [PSYoungGen: 1003172K->1394K(963968K)] 1276593K->274919K(1650944K), 0.0272050 secs] [Times: user=0.10 sys=0.00, real=0.03 secs] 
2014-07-16T08:18:22.145+0000: 2977.365: [GC [PSYoungGen: 963946K->544K(925184K)] 1237472K->274261K(1612160K), 0.0182280 secs] [Times: user=0.06 sys=0.00, real=0.01 secs] 
2014-07-16T08:18:24.204+0000: 2979.424: [GC [PSYoungGen: 925146K->544K(889088K)] 1198863K->274461K(1576064K), 0.0178250 secs] [Times: user=0.06 sys=0.00, real=0.01 secs] 
2014-07-16T08:18:26.168+0000: 2981.388: [GC [PSYoungGen: 889056K->416K(854528K)] 1162973K->274461K(1541504K), 0.0103520 secs] [Times: user=0.03 sys=0.01, real=0.01 secs] 
2014-07-16T08:18:28.056+0000: 2983.275: [GC [PSYoungGen: 854496K->658K(1025600K)] 1128541K->274823K(1712576K), 0.0383550 secs] [Times: user=0.14 sys=0.00, real=0.03 secs] 
2014-07-16T08:18:30.388+0000: 2985.608: [GC [PSYoungGen: 1025554K->740K(1230656K)] 1299719K->274993K(1917632K), 0.0260150 secs] [Times: user=0.09 sys=0.00, real=0.02 secs] 
2014-07-16T08:18:33.049+0000: 2988.269: [GC [PSYoungGen: 1230627K->918K(1476864K)] 1504880K->275387K(2163840K), 0.0200660 secs] [Times: user=0.07 sys=0.01, real=0.02 secs] 
2014-07-16T08:18:36.365+0000: 2991.585: [GC [PSYoungGen: 1476822K->672K(1413824K)] 1751291K->275301K(2100800K), 0.0267770 secs] [Times: user=0.09 sys=0.00, real=0.03 secs] 
2014-07-16T08:18:39.508+0000: 2994.728: [GC [PSYoungGen: 1413699K->716K(1354176K)] 1688329K->275553K(2041152K), 0.0220840 secs] [Times: user=0.08 sys=0.00, real=0.02 secs] 
2014-07-16T08:18:42.481+0000: 2997.701: [GC [PSYoungGen: 1354124K->1118K(1297728K)] 1628961K->276139K(1984704K), 0.0126520 secs] [Times: user=0.05 sys=0.00, real=0.01 secs] 
2014-07-16T08:18:45.491+0000: 3000.711: [GC [PSYoungGen: 1297694K->1266K(1243840K)] 1572715K->276447K(1930816K), 0.0078090 secs] [Times: user=0.02 sys=0.00, real=0.01 secs] 
2014-07-16T08:18:48.191+0000: 3003.411: [GC [PSYoungGen: 1243826K->352K(1191552K)] 1519007K->275677K(1878528K), 0.0049550 secs] [Times: user=0.02 sys=0.00, real=0.00 secs] 
2014-07-16T08:18:50.898+0000: 3006.118: [GC [PSYoungGen: 1191520K->868K(1143104K)] 1466845K->276337K(1830080K), 0.0203150 secs] [Times: user=0.07 sys=0.00, real=0.03 secs] 
2014-07-16T08:18:53.390+0000: 3008.610: [GC [PSYoungGen: 1143031K->744K(1096384K)] 1418501K->276445K(1783360K), 0.0141540 secs] [Times: user=0.03 sys=0.00, real=0.01 secs] 
2014-07-16T08:18:55.876+0000: 3011.096: [GC [PSYoungGen: 1096360K->484K(1051840K)] 1372061K->276329K(1738816K), 0.0128840 secs] [Times: user=0.04 sys=0.00, real=0.01 secs] 
2014-07-16T08:18:58.197+0000: 3013.417: [GC [PSYoungGen: 1051812K->562K(1009728K)] 1327657K->276535K(1696704K), 0.0282680 secs] [Times: user=0.10 sys=0.00, real=0.03 secs] 
2014-07-16T08:19:00.447+0000: 3015.667: [GC [PSYoungGen: 1009714K->690K(969664K)] 1285687K->276751K(1656640K), 0.0137210 secs] [Times: user=0.04 sys=0.00, real=0.02 secs] 
2014-07-16T08:19:02.599+0000: 3017.819: [GC [PSYoungGen: 969650K->786K(931584K)] 1245711K->277031K(1618560K), 0.0224030 secs] [Times: user=0.08 sys=0.00, real=0.03 secs] 
2014-07-16T08:19:04.651+0000: 3019.871: [GC [PSYoungGen: 931538K->352K(894720K)] 1207783K->276765K(1581696K), 0.0207770 secs] [Times: user=0.08 sys=0.00, real=0.02 secs] 
2014-07-16T08:19:06.731+0000: 3021.951: [GC [PSYoungGen: 894688K->544K(860224K)] 1171101K->277037K(1547200K), 0.0297850 secs] [Times: user=0.10 sys=0.00, real=0.03 secs] 
2014-07-16T08:19:08.644+0000: 3023.864: [GC [PSYoungGen: 860192K->530K(1032192K)] 1136685K->277175K(1719168K), 0.0336100 secs] [Times: user=0.12 sys=0.00, real=0.03 secs] 
2014-07-16T08:19:11.016+0000: 3026.236: [GC [PSYoungGen: 1032146K->1206K(1239168K)] 1308791K->278111K(1926144K), 0.0266340 secs] [Times: user=0.10 sys=0.00, real=0.03 secs] 
2014-07-16T08:19:13.753+0000: 3028.973: [GC [PSYoungGen: 1239158K->658K(1187456K)] 1516063K->277845K(1874432K), 0.0119430 secs] [Times: user=0.05 sys=0.00, real=0.01 secs] 
2014-07-16T08:19:16.444+0000: 3031.664: [GC [PSYoungGen: 1187410K->512K(1138560K)] 1464597K->277867K(1825536K), 0.0246820 secs] [Times: user=0.07 sys=0.00, real=0.02 secs] 
2014-07-16T08:19:18.962+0000: 3034.182: [GC [PSYoungGen: 1138560K->754K(1092480K)] 1415915K->278245K(1779456K), 0.0248370 secs] [Times: user=0.09 sys=0.00, real=0.02 secs] 
2014-07-16T08:19:21.428+0000: 3036.648: [GC [PSYoungGen: 1092466K->480K(1048064K)] 1369957K->278051K(1735040K), 0.0199910 secs] [Times: user=0.07 sys=0.00, real=0.02 secs] 
2014-07-16T08:19:23.721+0000: 3038.941: [GC [PSYoungGen: 1048032K->370K(1005952K)] 1325603K->278173K(1692928K), 0.0234890 secs] [Times: user=0.08 sys=0.00, real=0.03 secs] 
2014-07-16T08:19:25.955+0000: 3041.175: [GC [PSYoungGen: 1005938K->420K(966016K)] 1283741K->278311K(1652992K), 0.0050440 secs] [Times: user=0.01 sys=0.00, real=0.00 secs] 
2014-07-16T08:19:28.087+0000: 3043.307: [GC [PSYoungGen: 965988K->548K(928064K)] 1243879K->278527K(1615040K), 0.0145800 secs] [Times: user=0.05 sys=0.00, real=0.01 secs] 
2014-07-16T08:19:30.150+0000: 3045.370: [GC [PSYoungGen: 928033K->946K(892160K)] 1206013K->279045K(1579136K), 0.0135900 secs] [Times: user=0.05 sys=0.00, real=0.02 secs] 
2014-07-16T08:19:32.142+0000: 3047.362: [GC [PSYoungGen: 892146K->736K(857408K)] 1170245K->278995K(1544384K), 0.0300940 secs] [Times: user=0.11 sys=0.00, real=0.03 secs] 
2014-07-16T08:19:34.029+0000: 3049.249: [GC [PSYoungGen: 857376K->512K(824256K)] 1135635K->278955K(1511232K), 0.0123730 secs] [Times: user=0.04 sys=0.00, real=0.01 secs] 
2014-07-16T08:19:35.840+0000: 3051.060: [GC [PSYoungGen: 824256K->256K(792640K)] 1102699K->278779K(1479616K), 0.0159380 secs] [Times: user=0.06 sys=0.00, real=0.02 secs] 
2014-07-16T08:19:37.595+0000: 3052.815: [GC [PSYoungGen: 792640K->256K(762752K)] 1071163K->278835K(1449728K), 0.0051830 secs] [Times: user=0.02 sys=0.00, real=0.00 secs] 
2014-07-16T08:19:39.302+0000: 3054.522: [GC [PSYoungGen: 762752K->640K(734656K)] 1041331K->279307K(1421632K), 0.0138910 secs] [Times: user=0.04 sys=0.00, real=0.02 secs] 
2014-07-16T08:19:40.947+0000: 3056.167: [GC [PSYoungGen: 734656K->384K(707264K)] 1013323K->279155K(1394240K), 0.0250670 secs] [Times: user=0.08 sys=0.00, real=0.02 secs] 
2014-07-16T08:19:42.523+0000: 3057.743: [GC [PSYoungGen: 707264K->576K(848832K)] 986035K->279499K(1535808K), 0.0377040 secs] [Times: user=0.13 sys=0.00, real=0.04 secs] 
2014-07-16T08:19:44.386+0000: 3059.606: [GC [PSYoungGen: 848832K->448K(1018368K)] 1127755K->279531K(1705344K), 0.0119890 secs] [Times: user=0.04 sys=0.00, real=0.01 secs] 
2014-07-16T08:19:46.675+0000: 3061.895: [GC [PSYoungGen: 1018337K->530K(977920K)] 1297421K->279661K(1664896K), 0.0057100 secs] [Times: user=0.01 sys=0.00, real=0.01 secs] 
2014-07-16T08:19:48.847+0000: 3064.067: [GC [PSYoungGen: 977874K->562K(939264K)] 1257005K->279797K(1626240K), 0.0154290 secs] [Times: user=0.06 sys=0.00, real=0.01 secs] 
2014-07-16T08:19:50.966+0000: 3066.186: [GC [PSYoungGen: 939250K->608K(902528K)] 1218485K->279955K(1589504K), 0.0171490 secs] [Times: user=0.06 sys=0.00, real=0.02 secs] 
2014-07-16T08:19:53.028+0000: 3068.248: [GC [PSYoungGen: 902496K->780K(867648K)] 1181843K->280319K(1554624K), 0.0278380 secs] [Times: user=0.10 sys=0.00, real=0.02 secs] 
2014-07-16T08:19:54.950+0000: 3070.170: [GC [PSYoungGen: 867596K->160K(833664K)] 1147135K->279875K(1520640K), 0.0054880 secs] [Times: user=0.02 sys=0.00, real=0.00 secs] 
2014-07-16T08:19:56.817+0000: 3072.037: [GC [PSYoungGen: 833632K->448K(802112K)] 1113347K->280243K(1489088K), 0.0060030 secs] [Times: user=0.01 sys=0.00, real=0.01 secs] 
2014-07-16T08:19:58.556+0000: 3073.776: [GC [PSYoungGen: 802112K->370K(771776K)] 1081907K->280261K(1458752K), 0.0149750 secs] [Times: user=0.05 sys=0.00, real=0.02 secs] 
2014-07-16T08:20:00.283+0000: 3075.503: [GC [PSYoungGen: 771675K->676K(743232K)] 1051566K->280607K(1430208K), 0.0076600 secs] [Times: user=0.02 sys=0.00, real=0.01 secs] 
2014-07-16T08:20:01.930+0000: 3077.150: [GC [PSYoungGen: 743164K->722K(715776K)] 1023095K->280813K(1402752K), 0.0233210 secs] [Times: user=0.08 sys=0.00, real=0.02 secs] 
2014-07-16T08:20:03.549+0000: 3078.769: [GC [PSYoungGen: 715730K->484K(858560K)] 995821K->280743K(1545536K), 0.0328250 secs] [Times: user=0.11 sys=0.01, real=0.03 secs] 
2014-07-16T08:20:05.440+0000: 3080.660: [GC [PSYoungGen: 858531K->160K(825280K)] 1138791K->280507K(1512256K), 0.0038170 secs] [Times: user=0.02 sys=0.00, real=0.00 secs] 
2014-07-16T08:20:07.332+0000: 3082.552: [GC [PSYoungGen: 825180K->512K(794176K)] 1105527K->280939K(1481152K), 0.0097650 secs] [Times: user=0.02 sys=0.01, real=0.01 secs] 
2014-07-16T08:20:09.098+0000: 3084.318: [GC [PSYoungGen: 794176K->932K(764672K)] 1074603K->281455K(1451648K), 0.0255030 secs] [Times: user=0.09 sys=0.00, real=0.03 secs] 
2014-07-16T08:20:10.771+0000: 3085.991: [GC [PSYoungGen: 764644K->502K(735680K)] 1045167K->281153K(1422656K), 0.0081430 secs] [Times: user=0.03 sys=0.00, real=0.00 secs] 
2014-07-16T08:20:12.512+0000: 3087.732: [GC [PSYoungGen: 735670K->754K(708736K)] 1016321K->281557K(1395712K), 0.0060030 secs] [Times: user=0.02 sys=0.00, real=0.00 secs] 
2014-07-16T08:20:14.071+0000: 3089.291: [GC [PSYoungGen: 708666K->498K(682560K)] 989469K->281485K(1369536K), 0.0257200 secs] [Times: user=0.09 sys=0.00, real=0.02 secs] 
2014-07-16T08:20:15.572+0000: 3090.791: [GC [PSYoungGen: 682546K->320K(657664K)] 963533K->281371K(1344640K), 0.0130290 secs] [Times: user=0.05 sys=0.00, real=0.01 secs] 
2014-07-16T08:20:17.103+0000: 3092.323: [GC [PSYoungGen: 657664K->598K(789504K)] 938715K->281705K(1476480K), 0.0236590 secs] [Times: user=0.09 sys=0.00, real=0.02 secs] 
2014-07-16T08:20:18.832+0000: 3094.052: [GC [PSYoungGen: 789462K->480K(947200K)] 1070569K->281683K(1634176K), 0.0286550 secs] [Times: user=0.11 sys=0.00, real=0.02 secs] 
2014-07-16T08:20:20.985+0000: 3096.205: [GC [PSYoungGen: 947168K->786K(910336K)] 1228371K->282037K(1597312K), 0.0063250 secs] [Times: user=0.02 sys=0.01, real=0.00 secs] 
2014-07-16T08:20:23.027+0000: 3098.247: [GC [PSYoungGen: 910269K->566K(1092032K)] 1191520K->282009K(1779008K), 0.0220660 secs] [Times: user=0.07 sys=0.00, real=0.02 secs] 
2014-07-16T08:20:25.466+0000: 3100.686: [GC [PSYoungGen: 1092022K->690K(1048064K)] 1373465K->282309K(1735040K), 0.0044460 secs] [Times: user=0.01 sys=0.00, real=0.00 secs] 
2014-07-16T08:20:27.761+0000: 3102.981: [GC [PSYoungGen: 1048045K->384K(1005760K)] 1329665K->282091K(1692736K), 0.0102820 secs] [Times: user=0.02 sys=0.00, real=0.01 secs] 
2014-07-16T08:20:30.022+0000: 3105.242: [GC [PSYoungGen: 1005760K->512K(965888K)] 1287467K->282315K(1652864K), 0.0094130 secs] [Times: user=0.03 sys=0.00, real=0.01 secs] 
2014-07-16T08:20:32.248+0000: 3107.468: [GC [PSYoungGen: 965888K->946K(928256K)] 1247691K->283309K(1615232K), 0.0292230 secs] [Times: user=0.11 sys=0.00, real=0.03 secs] 
2014-07-16T08:20:34.212+0000: 3109.432: [GC [PSYoungGen: 928242K->484K(891584K)] 1210605K->283335K(1578560K), 0.0103890 secs] [Times: user=0.02 sys=0.00, real=0.01 secs] 
2014-07-16T08:20:36.155+0000: 3111.375: [GC [PSYoungGen: 891520K->448K(857024K)] 1174372K->283483K(1544000K), 0.0109720 secs] [Times: user=0.04 sys=0.00, real=0.01 secs] 
2014-07-16T08:20:38.056+0000: 3113.276: [GC [PSYoungGen: 857024K->288K(824000K)] 1140059K->283435K(1510976K), 0.0046670 secs] [Times: user=0.01 sys=0.00, real=0.00 secs] 
2014-07-16T08:20:39.877+0000: 3115.097: [GC [PSYoungGen: 823968K->480K(792832K)] 1107115K->283715K(1479808K), 0.0230490 secs] [Times: user=0.08 sys=0.00, real=0.02 secs] 
2014-07-16T08:20:41.671+0000: 3116.891: [GC [PSYoungGen: 792800K->658K(763136K)] 1076035K->284029K(1450112K), 0.0161830 secs] [Times: user=0.06 sys=0.00, real=0.02 secs] 
2014-07-16T08:20:43.347+0000: 3118.567: [GC [PSYoungGen: 763090K->416K(734400K)] 1046461K->283963K(1421376K), 0.0125850 secs] [Times: user=0.04 sys=0.00, real=0.01 secs] 
2014-07-16T08:20:44.972+0000: 3120.192: [GC [PSYoungGen: 734368K->484K(707328K)] 1017915K->284159K(1394304K), 0.0158050 secs] [Times: user=0.05 sys=0.00, real=0.02 secs] 
2014-07-16T08:20:46.540+0000: 3121.760: [GC [PSYoungGen: 707300K->160K(848384K)] 990975K->283907K(1535360K), 0.0360520 secs] [Times: user=0.12 sys=0.00, real=0.04 secs] 
2014-07-16T08:20:48.424+0000: 3123.644: [GC [PSYoungGen: 848268K->534K(1018432K)] 1132015K->284329K(1705408K), 0.0272130 secs] [Times: user=0.09 sys=0.00, real=0.03 secs] 
2014-07-16T08:20:50.680+0000: 3125.900: [GC [PSYoungGen: 1018390K->466K(977792K)] 1302185K->284317K(1664768K), 0.0048890 secs] [Times: user=0.02 sys=0.00, real=0.00 secs] 
2014-07-16T08:20:53.053+0000: 3128.273: [GC [PSYoungGen: 977746K->786K(939456K)] 1261597K->284821K(1626432K), 0.0117820 secs] [Times: user=0.05 sys=0.00, real=0.01 secs] 
2014-07-16T08:20:55.125+0000: 3130.345: [GC [PSYoungGen: 939410K->644K(902528K)] 1223445K->284927K(1589504K), 0.0116960 secs] [Times: user=0.04 sys=0.00, real=0.01 secs] 
2014-07-16T08:20:57.117+0000: 3132.337: [GC [PSYoungGen: 902468K->388K(867264K)] 1186751K->284775K(1554240K), 0.0200440 secs] [Times: user=0.08 sys=0.00, real=0.02 secs] 
2014-07-16T08:20:59.118+0000: 3134.338: [GC [PSYoungGen: 867204K->850K(834368K)] 1151591K->285317K(1521344K), 0.0262700 secs] [Times: user=0.09 sys=0.00, real=0.02 secs] 
2014-07-16T08:21:00.960+0000: 3136.180: [GC [PSYoungGen: 834322K->772K(1001024K)] 1118789K->285375K(1688000K), 0.0234320 secs] [Times: user=0.09 sys=0.00, real=0.02 secs] 
2014-07-16T08:21:03.227+0000: 3138.447: [GC [PSYoungGen: 1000964K->530K(961024K)] 1285567K->285285K(1648000K), 0.0166480 secs] [Times: user=0.05 sys=0.00, real=0.02 secs] 
2014-07-16T08:21:05.366+0000: 3140.586: [GC [PSYoungGen: 960978K->950K(1153536K)] 1245733K->285889K(1840512K), 0.0252480 secs] [Times: user=0.09 sys=0.00, real=0.03 secs] 
2014-07-16T08:21:07.962+0000: 3143.181: [GC [PSYoungGen: 1153492K->608K(1383744K)] 1438432K->285683K(2070720K), 0.0257590 secs] [Times: user=0.09 sys=0.00, real=0.02 secs] 
2014-07-16T08:21:11.040+0000: 3146.260: [GC [PSYoungGen: 1383712K->594K(1468288K)] 1668787K->285765K(2155264K), 0.0498890 secs] [Times: user=0.17 sys=0.00, real=0.05 secs] 
2014-07-16T08:21:14.366+0000: 3149.586: [GC [PSYoungGen: 1467986K->772K(1405824K)] 1753157K->286175K(2092800K), 0.0078540 secs] [Times: user=0.01 sys=0.00, real=0.01 secs] 
2014-07-16T08:21:17.485+0000: 3152.705: [GC [PSYoungGen: 1405711K->292K(1345984K)] 1691114K->286097K(2032960K), 0.0038920 secs] [Times: user=0.01 sys=0.00, real=0.00 secs] 
2014-07-16T08:21:20.577+0000: 3155.797: [GC [PSYoungGen: 1345956K->818K(1290048K)] 1631761K->286719K(1977024K), 0.0246780 secs] [Times: user=0.09 sys=0.00, real=0.03 secs] 
2014-07-16T08:21:23.456+0000: 3158.676: [GC [PSYoungGen: 1290034K->584K(1236160K)] 1575935K->286733K(1923136K), 0.0056560 secs] [Times: user=0.02 sys=0.00, real=0.01 secs] 
2014-07-16T08:21:26.189+0000: 3161.409: [GC [PSYoungGen: 1236104K->758K(1185216K)] 1522253K->287099K(1872192K), 0.0125110 secs] [Times: user=0.05 sys=0.00, real=0.01 secs] 
2014-07-16T08:21:28.812+0000: 3164.032: [GC [PSYoungGen: 1185206K->434K(1136320K)] 1471547K->286895K(1823296K), 0.0211030 secs] [Times: user=0.08 sys=0.00, real=0.02 secs] 
2014-07-16T08:21:31.312+0000: 3166.532: [GC [PSYoungGen: 1136306K->868K(1090496K)] 1422767K->287457K(1777472K), 0.0214190 secs] [Times: user=0.07 sys=0.00, real=0.03 secs] 
2014-07-16T08:21:33.756+0000: 3168.976: [GC [PSYoungGen: 1090464K->896K(1046464K)] 1377054K->287701K(1733440K), 0.0275960 secs] [Times: user=0.10 sys=0.00, real=0.03 secs] 
2014-07-16T08:21:36.047+0000: 3171.267: [GC [PSYoungGen: 1046464K->690K(1004352K)] 1333269K->287759K(1691328K), 0.0195140 secs] [Times: user=0.07 sys=0.00, real=0.02 secs] 
2014-07-16T08:21:38.363+0000: 3173.583: [GC [PSYoungGen: 1004335K->1014K(964800K)] 1291405K->288363K(1651776K), 0.0064920 secs] [Times: user=0.02 sys=0.00, real=0.01 secs] 
2014-07-16T08:21:40.447+0000: 3175.667: [GC [PSYoungGen: 964790K->772K(926592K)] 1252139K->288209K(1613568K), 0.0199840 secs] [Times: user=0.07 sys=0.00, real=0.02 secs] 
2014-07-16T08:21:42.539+0000: 3177.759: [GC [PSYoungGen: 926532K->754K(890368K)] 1213969K->288423K(1577344K), 0.0149460 secs] [Times: user=0.05 sys=0.00, real=0.02 secs] 
2014-07-16T08:21:44.534+0000: 3179.754: [GC [PSYoungGen: 890276K->516K(855744K)] 1177945K->288337K(1542720K), 0.0134810 secs] [Times: user=0.05 sys=0.00, real=0.02 secs] 
2014-07-16T08:21:46.424+0000: 3181.644: [GC [PSYoungGen: 855684K->192K(822528K)] 1143505K->288125K(1509504K), 0.0196620 secs] [Times: user=0.07 sys=0.00, real=0.02 secs] 
2014-07-16T08:21:48.234+0000: 3183.454: [GC [PSYoungGen: 822528K->466K(791552K)] 1110461K->288487K(1478528K), 0.0242790 secs] [Times: user=0.09 sys=0.00, real=0.03 secs] 
2014-07-16T08:21:49.990+0000: 3185.210: [GC [PSYoungGen: 791506K->786K(762048K)] 1079527K->288863K(1449024K), 0.0150050 secs] [Times: user=0.04 sys=0.00, real=0.01 secs] 
2014-07-16T08:21:51.688+0000: 3186.908: [GC [PSYoungGen: 762002K->736K(733568K)] 1050079K->288981K(1420544K), 0.0197620 secs] [Times: user=0.07 sys=0.00, real=0.02 secs] 
2014-07-16T08:21:53.322+0000: 3188.542: [GC [PSYoungGen: 733536K->754K(880128K)] 1021781K->289175K(1567104K), 0.0195050 secs] [Times: user=0.06 sys=0.00, real=0.02 secs] 
2014-07-16T08:21:55.288+0000: 3190.508: [GC [PSYoungGen: 880114K->868K(1056128K)] 1168535K->289409K(1743104K), 0.0200290 secs] [Times: user=0.07 sys=0.00, real=0.02 secs] 
2014-07-16T08:21:57.610+0000: 3192.830: [GC [PSYoungGen: 1056100K->288K(1013184K)] 1344641K->288925K(1700160K), 0.0171040 secs] [Times: user=0.06 sys=0.00, real=0.02 secs] 
2014-07-16T08:21:59.861+0000: 3195.081: [GC [PSYoungGen: 1013152K->498K(1216000K)] 1301789K->289215K(1902976K), 0.0298650 secs] [Times: user=0.11 sys=0.00, real=0.03 secs] 
2014-07-16T08:22:02.554+0000: 3197.774: [GC [PSYoungGen: 1215986K->576K(1165952K)] 1504703K->289437K(1852928K), 0.0086850 secs] [Times: user=0.02 sys=0.00, real=0.01 secs] 
2014-07-16T08:22:05.264+0000: 3200.484: [GC [PSYoungGen: 1165952K->384K(1118080K)] 1454813K->289437K(1805056K), 0.0157540 secs] [Times: user=0.06 sys=0.00, real=0.02 secs] 
2014-07-16T08:22:07.732+0000: 3202.952: [GC [PSYoungGen: 1118080K->594K(1072960K)] 1407133K->289855K(1759936K), 0.0118650 secs] [Times: user=0.04 sys=0.00, real=0.01 secs] 
2014-07-16T08:22:10.158+0000: 3205.378: [GC [PSYoungGen: 1072914K->936K(1030080K)] 1362175K->290285K(1717056K), 0.0329170 secs] [Times: user=0.12 sys=0.00, real=0.03 secs] 
2014-07-16T08:22:12.428+0000: 3207.648: [GC [PSYoungGen: 1030056K->576K(988608K)] 1319405K->290141K(1675584K), 0.0215290 secs] [Times: user=0.08 sys=0.00, real=0.03 secs] 
2014-07-16T08:22:14.749+0000: 3209.969: [GC [PSYoungGen: 988605K->786K(949696K)] 1278171K->290511K(1636672K), 0.0201590 secs] [Times: user=0.06 sys=0.01, real=0.03 secs] 
2014-07-16T08:22:16.872+0000: 3212.092: [GC [PSYoungGen: 949650K->288K(911936K)] 1239375K->290157K(1598912K), 0.0198140 secs] [Times: user=0.08 sys=0.00, real=0.02 secs] 
2014-07-16T08:22:18.883+0000: 3214.103: [GC [PSYoungGen: 911897K->370K(876480K)] 1201767K->290351K(1563456K), 0.0262250 secs] [Times: user=0.09 sys=0.00, real=0.02 secs] 
2014-07-16T08:22:20.891+0000: 3216.111: [GC [PSYoungGen: 876466K->352K(1051712K)] 1166447K->290381K(1738688K), 0.0277080 secs] [Times: user=0.09 sys=0.00, real=0.02 secs] 
2014-07-16T08:22:23.256+0000: 3218.476: [GC [PSYoungGen: 1051680K->502K(1009664K)] 1341709K->290691K(1696640K), 0.0088490 secs] [Times: user=0.01 sys=0.00, real=0.01 secs] 
2014-07-16T08:22:25.556+0000: 3220.776: [GC [PSYoungGen: 1009654K->320K(969280K)] 1299843K->290661K(1656256K), 0.0243450 secs] [Times: user=0.10 sys=0.00, real=0.02 secs] 
2014-07-16T08:22:27.735+0000: 3222.955: [GC [PSYoungGen: 969280K->818K(931584K)] 1259621K->291295K(1618560K), 0.0162300 secs] [Times: user=0.05 sys=0.01, real=0.02 secs] 
2014-07-16T08:22:29.808+0000: 3225.028: [GC [PSYoungGen: 931570K->480K(894848K)] 1222047K->291053K(1581824K), 0.0139110 secs] [Times: user=0.05 sys=0.00, real=0.02 secs] 
2014-07-16T08:22:31.788+0000: 3227.008: [GC [PSYoungGen: 894771K->648K(860352K)] 1185344K->291381K(1547328K), 0.0195470 secs] [Times: user=0.07 sys=0.00, real=0.02 secs] 
2014-07-16T08:22:33.691+0000: 3228.911: [GC [PSYoungGen: 860296K->562K(827200K)] 1151029K->291439K(1514176K), 0.0081230 secs] [Times: user=0.01 sys=0.01, real=0.01 secs] 
2014-07-16T08:22:35.528+0000: 3230.748: [GC [PSYoungGen: 827153K->648K(795840K)] 1118031K->291653K(1482816K), 0.0211750 secs] [Times: user=0.08 sys=0.00, real=0.02 secs] 
2014-07-16T08:22:37.285+0000: 3232.505: [GC [PSYoungGen: 795784K->466K(765632K)] 1086789K->291575K(1452608K), 0.0152470 secs] [Times: user=0.06 sys=0.00, real=0.01 secs] 
2014-07-16T08:22:38.978+0000: 3234.198: [GC [PSYoungGen: 765586K->288K(736832K)] 1056695K->291493K(1423808K), 0.0048630 secs] [Times: user=0.01 sys=0.00, real=0.01 secs] 
2014-07-16T08:22:40.613+0000: 3235.833: [GC [PSYoungGen: 736800K->416K(709696K)] 1028005K->291693K(1396672K), 0.0259550 secs] [Times: user=0.09 sys=0.00, real=0.02 secs] 
2014-07-16T08:22:42.210+0000: 3237.430: [GC [PSYoungGen: 709664K->580K(851776K)] 1000941K->292041K(1538752K), 0.0275330 secs] [Times: user=0.10 sys=0.00, real=0.03 secs] 
2014-07-16T08:22:44.061+0000: 3239.281: [GC [PSYoungGen: 851716K->626K(1022016K)] 1143177K->292199K(1708992K), 0.0270350 secs] [Times: user=0.10 sys=0.00, real=0.03 secs] 
2014-07-16T08:22:46.375+0000: 3241.595: [GC [PSYoungGen: 1022002K->644K(981312K)] 1313575K->292313K(1668288K), 0.0074720 secs] [Times: user=0.01 sys=0.00, real=0.00 secs] 
2014-07-16T08:22:48.548+0000: 3243.768: [GC [PSYoungGen: 981252K->452K(1177280K)] 1272921K->292249K(1864256K), 0.0253850 secs] [Times: user=0.09 sys=0.00, real=0.02 secs] 
2014-07-16T08:22:51.166+0000: 3246.386: [GC [PSYoungGen: 1177127K->950K(1413120K)] 1468924K->292835K(2100096K), 0.0292240 secs] [Times: user=0.10 sys=0.01, real=0.03 secs] 
2014-07-16T08:22:54.293+0000: 3249.513: [GC [PSYoungGen: 1413110K->498K(1447552K)] 1704995K->292687K(2134528K), 0.0398210 secs] [Times: user=0.15 sys=0.00, real=0.04 secs] 
2014-07-16T08:22:57.504+0000: 3252.724: [GC [PSYoungGen: 1447538K->448K(1448128K)] 1739727K->292805K(2135104K), 0.0247840 secs] [Times: user=0.08 sys=0.00, real=0.03 secs] 
2014-07-16T08:23:00.717+0000: 3255.937: [GC [PSYoungGen: 1447488K->904K(1386624K)] 1739845K->293405K(2073600K), 0.0237990 secs] [Times: user=0.08 sys=0.00, real=0.02 secs] 
2014-07-16T08:23:03.766+0000: 3258.986: [GC [PSYoungGen: 1386568K->872K(1328192K)] 1679069K->293637K(2015168K), 0.0248620 secs] [Times: user=0.09 sys=0.00, real=0.03 secs] 
2014-07-16T08:23:06.783+0000: 3262.003: [GC [PSYoungGen: 1328168K->480K(1272256K)] 1620933K->293381K(1959232K), 0.0130810 secs] [Times: user=0.04 sys=0.00, real=0.01 secs] 
2014-07-16T08:23:09.595+0000: 3264.815: [GC [PSYoungGen: 1272224K->480K(1219392K)] 1565125K->293565K(1906368K), 0.0065830 secs] [Times: user=0.01 sys=0.00, real=0.01 secs] 
2014-07-16T08:23:12.331+0000: 3267.551: [GC [PSYoungGen: 1219359K->512K(1169088K)] 1512444K->293749K(1856064K), 0.0148650 secs] [Times: user=0.05 sys=0.00, real=0.01 secs] 
2014-07-16T08:23:15.017+0000: 3270.237: [GC [PSYoungGen: 1169088K->1014K(1121792K)] 1462325K->294435K(1808768K), 0.0065770 secs] [Times: user=0.02 sys=0.00, real=0.01 secs] 
2014-07-16T08:23:17.528+0000: 3272.748: [GC [PSYoungGen: 1121780K->680K(1075968K)] 1415201K->294261K(1762944K), 0.0201530 secs] [Times: user=0.08 sys=0.01, real=0.02 secs] 
2014-07-16T08:23:20.035+0000: 3275.255: [GC [PSYoungGen: 1075944K->1142K(1033088K)] 1369525K->295011K(1720064K), 0.0080100 secs] [Times: user=0.02 sys=0.00, real=0.01 secs] 
2014-07-16T08:23:22.281+0000: 3277.501: [GC [PSYoungGen: 1033078K->480K(991168K)] 1326947K->294509K(1678144K), 0.0058570 secs] [Times: user=0.01 sys=0.00, real=0.00 secs] 
2014-07-16T08:23:24.460+0000: 3279.680: [GC [PSYoungGen: 991136K->384K(951744K)] 1285165K->294653K(1638720K), 0.0124690 secs] [Times: user=0.04 sys=0.00, real=0.02 secs] 
2014-07-16T08:23:26.628+0000: 3281.848: [GC [PSYoungGen: 951744K->498K(914496K)] 1246013K->294863K(1601472K), 0.0237840 secs] [Times: user=0.09 sys=0.00, real=0.03 secs] 
2014-07-16T08:23:28.692+0000: 3283.912: [GC [PSYoungGen: 914465K->544K(878976K)] 1208830K->295013K(1565952K), 0.0112040 secs] [Times: user=0.03 sys=0.00, real=0.01 secs] 
2014-07-16T08:23:30.683+0000: 3285.903: [GC [PSYoungGen: 878939K->712K(845248K)] 1173408K->295269K(1532224K), 0.0061690 secs] [Times: user=0.01 sys=0.00, real=0.00 secs] 
2014-07-16T08:23:32.510+0000: 3287.730: [GC [PSYoungGen: 845192K->644K(812864K)] 1139749K->295433K(1499840K), 0.0284400 secs] [Times: user=0.10 sys=0.00, real=0.03 secs] 
2014-07-16T08:23:34.327+0000: 3289.547: [GC [PSYoungGen: 812756K->854K(782272K)] 1107546K->295755K(1469248K), 0.0192510 secs] [Times: user=0.06 sys=0.00, real=0.02 secs] 
2014-07-16T08:23:36.040+0000: 3291.260: [GC [PSYoungGen: 782230K->512K(752512K)] 1077131K->295493K(1439488K), 0.0114820 secs] [Times: user=0.04 sys=0.00, real=0.01 secs] 
2014-07-16T08:23:37.721+0000: 3292.941: [GC [PSYoungGen: 752512K->548K(724608K)] 1047493K->295617K(1411584K), 0.0202950 secs] [Times: user=0.07 sys=0.00, real=0.02 secs] 
2014-07-16T08:23:39.372+0000: 3294.592: [GC [PSYoungGen: 724580K->918K(869824K)] 1019649K->296091K(1556800K), 0.0280040 secs] [Times: user=0.10 sys=0.00, real=0.03 secs] 
2014-07-16T08:23:41.317+0000: 3296.537: [GC [PSYoungGen: 869782K->740K(1043456K)] 1164955K->296041K(1730432K), 0.0209540 secs] [Times: user=0.08 sys=0.00, real=0.02 secs] 
2014-07-16T08:23:43.609+0000: 3298.829: [GC [PSYoungGen: 1043428K->402K(1251712K)] 1338729K->295927K(1938688K), 0.0232870 secs] [Times: user=0.08 sys=0.00, real=0.02 secs] 
2014-07-16T08:23:46.417+0000: 3301.637: [GC [PSYoungGen: 1251666K->850K(1200320K)] 1547191K->296479K(1887296K), 0.0181100 secs] [Times: user=0.05 sys=0.00, real=0.02 secs] 
2014-07-16T08:23:49.087+0000: 3304.307: [GC [PSYoungGen: 1200274K->498K(1150592K)] 1495903K->296263K(1837568K), 0.0152630 secs] [Times: user=0.05 sys=0.00, real=0.01 secs] 
2014-07-16T08:23:51.663+0000: 3306.883: [GC [PSYoungGen: 1150578K->544K(1103680K)] 1446343K->296445K(1790656K), 0.0189820 secs] [Times: user=0.07 sys=0.00, real=0.02 secs] 
2014-07-16T08:23:54.124+0000: 3309.344: [GC [PSYoungGen: 1103648K->712K(1059200K)] 1399549K->296885K(1746176K), 0.0129970 secs] [Times: user=0.03 sys=0.00, real=0.01 secs] 
2014-07-16T08:23:56.489+0000: 3311.709: [GC [PSYoungGen: 1059144K->694K(1016640K)] 1355317K->296987K(1703616K), 0.0131330 secs] [Times: user=0.04 sys=0.00, real=0.01 secs] 
2014-07-16T08:23:58.718+0000: 3313.938: [GC [PSYoungGen: 1016627K->388K(975872K)] 1312921K->296769K(1662848K), 0.0045330 secs] [Times: user=0.01 sys=0.00, real=0.00 secs] 
2014-07-16T08:24:00.972+0000: 3316.192: [GC [PSYoungGen: 975812K->868K(937792K)] 1272193K->297337K(1624768K), 0.0176620 secs] [Times: user=0.07 sys=0.00, real=0.02 secs] 
2014-07-16T08:24:03.063+0000: 3318.283: [GC [PSYoungGen: 937764K->544K(900736K)] 1234233K->297261K(1587712K), 0.0282350 secs] [Times: user=0.10 sys=0.00, real=0.03 secs] 
2014-07-16T08:24:05.094+0000: 3320.314: [GC [PSYoungGen: 900704K->512K(865728K)] 1197421K->297349K(1552704K), 0.0115830 secs] [Times: user=0.04 sys=0.00, real=0.01 secs] 
2014-07-16T08:24:07.051+0000: 3322.271: [GC [PSYoungGen: 865685K->512K(832448K)] 1162523K->297445K(1519424K), 0.0138250 secs] [Times: user=0.03 sys=0.01, real=0.01 secs] 
2014-07-16T08:24:08.916+0000: 3324.136: [GC [PSYoungGen: 832448K->512K(800704K)] 1129381K->297549K(1487680K), 0.0304310 secs] [Times: user=0.11 sys=0.00, real=0.03 secs] 
2014-07-16T08:24:10.705+0000: 3325.925: [GC [PSYoungGen: 800704K->968K(771008K)] 1097741K->298085K(1457984K), 0.0204520 secs] [Times: user=0.08 sys=0.00, real=0.02 secs] 
2014-07-16T08:24:12.472+0000: 3327.692: [GC [PSYoungGen: 770867K->576K(924608K)] 1067984K->297909K(1611584K), 0.0229430 secs] [Times: user=0.07 sys=0.01, real=0.02 secs] 
2014-07-16T08:24:14.530+0000: 3329.750: [GC [PSYoungGen: 924608K->1142K(1110016K)] 1221941K->298651K(1796992K), 0.0176430 secs] [Times: user=0.06 sys=0.00, real=0.02 secs] 
2014-07-16T08:24:17.081+0000: 3332.301: [GC [PSYoungGen: 1110006K->630K(1064576K)] 1407515K->298251K(1751552K), 0.0152700 secs] [Times: user=0.05 sys=0.00, real=0.01 secs] 
2014-07-16T08:24:19.452+0000: 3334.672: [GC [PSYoungGen: 1064566K->996K(1022144K)] 1362187K->298753K(1709120K), 0.0264120 secs] [Times: user=0.10 sys=0.00, real=0.03 secs] 
2014-07-16T08:24:21.849+0000: 3337.069: [GC [PSYoungGen: 1022116K->754K(981184K)] 1319873K->298655K(1668160K), 0.0061930 secs] [Times: user=0.02 sys=0.00, real=0.00 secs] 
2014-07-16T08:24:23.952+0000: 3339.172: [GC [PSYoungGen: 981170K->580K(942272K)] 1279071K->298737K(1629248K), 0.0197840 secs] [Times: user=0.06 sys=0.00, real=0.02 secs] 
2014-07-16T08:24:26.066+0000: 3341.286: [GC [PSYoungGen: 942212K->1206K(905920K)] 1240369K->299475K(1592896K), 0.0090070 secs] [Times: user=0.03 sys=0.00, real=0.01 secs] 
2014-07-16T08:24:28.073+0000: 3343.293: [GC [PSYoungGen: 905910K->420K(869952K)] 1204179K->298745K(1556928K), 0.0192300 secs] [Times: user=0.07 sys=0.00, real=0.02 secs] 
2014-07-16T08:24:30.019+0000: 3345.239: [GC [PSYoungGen: 869920K->352K(836416K)] 1168245K->298789K(1523392K), 0.0136260 secs] [Times: user=0.05 sys=0.00, real=0.02 secs] 
2014-07-16T08:24:31.971+0000: 3347.191: [GC [PSYoungGen: 836384K->818K(804928K)] 1134821K->299407K(1491904K), 0.0122530 secs] [Times: user=0.04 sys=0.00, real=0.01 secs] 
2014-07-16T08:24:33.741+0000: 3348.961: [GC [PSYoungGen: 804914K->644K(965632K)] 1103503K->299465K(1652608K), 0.0338810 secs] [Times: user=0.13 sys=0.00, real=0.03 secs] 
2014-07-16T08:24:35.869+0000: 3351.089: [GC [PSYoungGen: 965572K->384K(927296K)] 1264393K->299301K(1614272K), 0.0077570 secs] [Times: user=0.02 sys=0.00, real=0.01 secs] 
2014-07-16T08:24:37.932+0000: 3353.152: [GC [PSYoungGen: 927296K->288K(891008K)] 1226213K->299269K(1577984K), 0.0050970 secs] [Times: user=0.02 sys=0.00, real=0.00 secs] 
2014-07-16T08:24:39.924+0000: 3355.144: [GC [PSYoungGen: 890976K->576K(856768K)] 1189957K->299637K(1543744K), 0.0055250 secs] [Times: user=0.01 sys=0.00, real=0.00 secs] 
2014-07-16T08:24:41.873+0000: 3357.093: [GC [PSYoungGen: 856768K->836K(824192K)] 1155829K->300017K(1511168K), 0.0130980 secs] [Times: user=0.04 sys=0.00, real=0.01 secs] 
2014-07-16T08:24:43.730+0000: 3358.950: [GC [PSYoungGen: 824132K->772K(792832K)] 1123313K->300145K(1479808K), 0.0157030 secs] [Times: user=0.04 sys=0.01, real=0.02 secs] 
2014-07-16T08:24:45.518+0000: 3360.738: [GC [PSYoungGen: 792735K->776K(951232K)] 1092108K->300269K(1638208K), 0.0493760 secs] [Times: user=0.18 sys=0.00, real=0.05 secs] 
2014-07-16T08:24:47.638+0000: 3362.858: [GC [PSYoungGen: 951176K->562K(1141056K)] 1250669K->300159K(1828032K), 0.0194590 secs] [Times: user=0.07 sys=0.00, real=0.02 secs] 
2014-07-16T08:24:50.175+0000: 3365.395: [GC [PSYoungGen: 1141042K->744K(1369344K)] 1440639K->300453K(2056320K), 0.0209530 secs] [Times: user=0.07 sys=0.00, real=0.02 secs] 
2014-07-16T08:24:53.223+0000: 3368.443: [GC [PSYoungGen: 1369320K->672K(1311744K)] 1669029K->300557K(1998720K), 0.0193230 secs] [Times: user=0.06 sys=0.00, real=0.02 secs] 
2014-07-16T08:24:56.106+0000: 3371.326: [GC [PSYoungGen: 1311712K->338K(1256704K)] 1611597K->300455K(1943680K), 0.0180120 secs] [Times: user=0.07 sys=0.00, real=0.01 secs] 
2014-07-16T08:24:58.912+0000: 3374.132: [GC [PSYoungGen: 1256658K->384K(1204608K)] 1556775K->300589K(1891584K), 0.0106620 secs] [Times: user=0.04 sys=0.00, real=0.01 secs] 
2014-07-16T08:25:01.604+0000: 3376.824: [GC [PSYoungGen: 1204608K->932K(1155648K)] 1504813K->301265K(1842624K), 0.0294810 secs] [Times: user=0.11 sys=0.00, real=0.03 secs] 
2014-07-16T08:25:04.153+0000: 3379.373: [GC [PSYoungGen: 1155620K->448K(1107968K)] 1455953K->301005K(1794944K), 0.0161830 secs] [Times: user=0.04 sys=0.00, real=0.02 secs] 
2014-07-16T08:25:06.610+0000: 3381.830: [GC [PSYoungGen: 1107968K->288K(1062976K)] 1408525K->301013K(1749952K), 0.0039780 secs] [Times: user=0.01 sys=0.01, real=0.00 secs] 
2014-07-16T08:25:09.111+0000: 3384.331: [GC [PSYoungGen: 1062869K->1092K(1021056K)] 1363594K->301921K(1708032K), 0.0219240 secs] [Times: user=0.09 sys=0.00, real=0.02 secs] 
2014-07-16T08:25:11.356+0000: 3386.576: [GC [PSYoungGen: 1020996K->516K(979776K)] 1321825K->301457K(1666752K), 0.0231980 secs] [Times: user=0.08 sys=0.00, real=0.03 secs] 
2014-07-16T08:25:13.711+0000: 3388.931: [GC [PSYoungGen: 979621K->808K(941312K)] 1280562K->301949K(1628288K), 0.0124900 secs] [Times: user=0.04 sys=0.00, real=0.01 secs] 
2014-07-16T08:25:15.717+0000: 3390.937: [GC [PSYoungGen: 941288K->448K(904064K)] 1242429K->301813K(1591040K), 0.0113580 secs] [Times: user=0.03 sys=0.00, real=0.02 secs] 
2014-07-16T08:25:17.781+0000: 3393.001: [GC [PSYoungGen: 904061K->626K(869120K)] 1205426K->302047K(1556096K), 0.0083930 secs] [Times: user=0.01 sys=0.01, real=0.01 secs] 
2014-07-16T08:25:19.696+0000: 3394.916: [GC [PSYoungGen: 869106K->356K(835392K)] 1170527K->301865K(1522368K), 0.0131340 secs] [Times: user=0.04 sys=0.00, real=0.02 secs] 
2014-07-16T08:25:21.561+0000: 3396.781: [GC [PSYoungGen: 835364K->320K(803456K)] 1136873K->301933K(1490432K), 0.0232300 secs] [Times: user=0.09 sys=0.00, real=0.02 secs] 
2014-07-16T08:25:23.397+0000: 3398.617: [GC [PSYoungGen: 803456K->466K(773248K)] 1105069K->302223K(1460224K), 0.0091140 secs] [Times: user=0.04 sys=0.00, real=0.01 secs] 
2014-07-16T08:25:25.141+0000: 3400.361: [GC [PSYoungGen: 773202K->370K(744192K)] 1074959K->302287K(1431168K), 0.0257290 secs] [Times: user=0.10 sys=0.00, real=0.02 secs] 
2014-07-16T08:25:26.793+0000: 3402.013: [GC [PSYoungGen: 744119K->608K(716864K)] 1046036K->302621K(1403840K), 0.0187430 secs] [Times: user=0.07 sys=0.00, real=0.02 secs] 
2014-07-16T08:25:28.406+0000: 3403.626: [GC [PSYoungGen: 716832K->530K(690496K)] 1018845K->302615K(1377472K), 0.0044960 secs] [Times: user=0.01 sys=0.00, real=0.01 secs] 
2014-07-16T08:25:29.927+0000: 3405.147: [GC [PSYoungGen: 690450K->352K(665216K)] 992535K->302525K(1352192K), 0.0240830 secs] [Times: user=0.09 sys=0.00, real=0.03 secs] 
2014-07-16T08:25:31.410+0000: 3406.630: [GC [PSYoungGen: 665184K->544K(641472K)] 967357K->302845K(1328448K), 0.0083060 secs] [Times: user=0.02 sys=0.00, real=0.00 secs] 
2014-07-16T08:25:32.888+0000: 3408.108: [GC [PSYoungGen: 641440K->530K(618624K)] 943741K->302951K(1305600K), 0.0056110 secs] [Times: user=0.02 sys=0.00, real=0.01 secs] 
2014-07-16T08:25:34.251+0000: 3409.471: [GC [PSYoungGen: 618578K->402K(596736K)] 920999K->302959K(1283712K), 0.0220630 secs] [Times: user=0.06 sys=0.00, real=0.02 secs] 
2014-07-16T08:25:35.567+0000: 3410.787: [GC [PSYoungGen: 596615K->310K(575808K)] 899172K->302915K(1262784K), 0.0051360 secs] [Times: user=0.02 sys=0.00, real=0.01 secs] 
2014-07-16T08:25:36.852+0000: 3412.072: [GC [PSYoungGen: 575798K->448K(556096K)] 878403K->303125K(1243072K), 0.0105260 secs] [Times: user=0.03 sys=0.00, real=0.01 secs] 
2014-07-16T08:25:38.104+0000: 3413.324: [GC [PSYoungGen: 556096K->224K(536960K)] 858773K->302957K(1223936K), 0.0124570 secs] [Times: user=0.04 sys=0.00, real=0.01 secs] 
2014-07-16T08:25:39.304+0000: 3414.524: [GC [PSYoungGen: 536928K->498K(519104K)] 839661K->303311K(1206080K), 0.0148410 secs] [Times: user=0.05 sys=0.00, real=0.01 secs] 
2014-07-16T08:25:40.459+0000: 3415.679: [GC [PSYoungGen: 519090K->758K(623104K)] 821903K->303667K(1310080K), 0.0170550 secs] [Times: user=0.06 sys=0.00, real=0.02 secs] 
2014-07-16T08:25:41.847+0000: 3417.067: [GC [PSYoungGen: 623094K->562K(747392K)] 926003K->303575K(1434368K), 0.0130800 secs] [Times: user=0.04 sys=0.00, real=0.01 secs] 
2014-07-16T08:25:43.576+0000: 3418.796: [GC [PSYoungGen: 747378K->480K(719616K)] 1050391K->303605K(1406592K), 0.0105620 secs] [Times: user=0.04 sys=0.00, real=0.01 secs] 
2014-07-16T08:25:45.158+0000: 3420.378: [GC [PSYoungGen: 719584K->694K(863680K)] 1022709K->303987K(1550656K), 0.0242730 secs] [Times: user=0.09 sys=0.00, real=0.03 secs] 
2014-07-16T08:25:47.081+0000: 3422.301: [GC [PSYoungGen: 863647K->320K(1035904K)] 1166940K->303677K(1722880K), 0.0176200 secs] [Times: user=0.06 sys=0.00, real=0.02 secs] 
2014-07-16T08:25:49.443+0000: 3424.663: [GC [PSYoungGen: 1035904K->480K(994688K)] 1339261K->303917K(1681664K), 0.0156720 secs] [Times: user=0.06 sys=0.00, real=0.01 secs] 
2014-07-16T08:25:51.630+0000: 3426.850: [GC [PSYoungGen: 994656K->320K(955072K)] 1298093K->303917K(1642048K), 0.0049790 secs] [Times: user=0.01 sys=0.00, real=0.01 secs] 
2014-07-16T08:25:53.780+0000: 3429.000: [GC [PSYoungGen: 955072K->594K(917824K)] 1258669K->304359K(1604800K), 0.0187250 secs] [Times: user=0.07 sys=0.00, real=0.02 secs] 
2014-07-16T08:25:55.874+0000: 3431.094: [GC [PSYoungGen: 917731K->708K(882176K)] 1221496K->304633K(1569152K), 0.0103120 secs] [Times: user=0.02 sys=0.00, real=0.01 secs] 
2014-07-16T08:25:57.873+0000: 3433.093: [GC [PSYoungGen: 882116K->594K(848000K)] 1186041K->304631K(1534976K), 0.0163230 secs] [Times: user=0.06 sys=0.01, real=0.01 secs] 
2014-07-16T08:25:59.726+0000: 3434.946: [GC [PSYoungGen: 847952K->576K(815488K)] 1151989K->304813K(1502464K), 0.0199240 secs] [Times: user=0.07 sys=0.01, real=0.02 secs] 
2014-07-16T08:26:01.537+0000: 3436.757: [GC [PSYoungGen: 815488K->676K(784704K)] 1119725K->305049K(1471680K), 0.0148450 secs] [Times: user=0.06 sys=0.00, real=0.01 secs] 
2014-07-16T08:26:03.290+0000: 3438.510: [GC [PSYoungGen: 784676K->608K(755200K)] 1089049K->305149K(1442176K), 0.0168580 secs] [Times: user=0.05 sys=0.00, real=0.02 secs] 
2014-07-16T08:26:04.963+0000: 3440.183: [GC [PSYoungGen: 755168K->320K(726784K)] 1059709K->305005K(1413760K), 0.0217990 secs] [Times: user=0.08 sys=0.00, real=0.03 secs] 
2014-07-16T08:26:06.604+0000: 3441.823: [GC [PSYoungGen: 726697K->630K(700352K)] 1031382K->305387K(1387328K), 0.0131490 secs] [Times: user=0.03 sys=0.00, real=0.02 secs] 
2014-07-16T08:26:08.189+0000: 3443.409: [GC [PSYoungGen: 700342K->320K(674496K)] 1005099K->305141K(1361472K), 0.0185000 secs] [Times: user=0.07 sys=0.00, real=0.02 secs] 
2014-07-16T08:26:09.691+0000: 3444.911: [GC [PSYoungGen: 674496K->644K(809728K)] 979317K->305569K(1496704K), 0.0310160 secs] [Times: user=0.09 sys=0.00, real=0.03 secs] 
2014-07-16T08:26:11.469+0000: 3446.689: [GC [PSYoungGen: 809668K->480K(971392K)] 1114593K->305517K(1658368K), 0.0166080 secs] [Times: user=0.06 sys=0.00, real=0.02 secs] 
2014-07-16T08:26:13.711+0000: 3448.931: [GC [PSYoungGen: 971360K->576K(1165632K)] 1276397K->305749K(1852608K), 0.0150530 secs] [Times: user=0.05 sys=0.00, real=0.02 secs] 
2014-07-16T08:26:16.333+0000: 3451.553: [GC [PSYoungGen: 1165632K->676K(1118080K)] 1470805K->306001K(1805056K), 0.0045670 secs] [Times: user=0.01 sys=0.00, real=0.01 secs] 
2014-07-16T08:26:18.897+0000: 3454.117: [GC [PSYoungGen: 1118052K->566K(1072576K)] 1423377K->305995K(1759552K), 0.0059270 secs] [Times: user=0.02 sys=0.00, real=0.00 secs] 
2014-07-16T08:26:21.274+0000: 3456.494: [GC [PSYoungGen: 1072566K->690K(1029504K)] 1377995K->306287K(1716480K), 0.0247430 secs] [Times: user=0.09 sys=0.00, real=0.03 secs] 
2014-07-16T08:26:23.667+0000: 3458.887: [GC [PSYoungGen: 1029435K->544K(988288K)] 1335032K->306317K(1675264K), 0.0185310 secs] [Times: user=0.07 sys=0.00, real=0.01 secs] 
2014-07-16T08:26:25.875+0000: 3461.095: [GC [PSYoungGen: 988256K->566K(949184K)] 1294029K->306523K(1636160K), 0.0248490 secs] [Times: user=0.10 sys=0.00, real=0.03 secs] 
2014-07-16T08:26:27.962+0000: 3463.182: [GC [PSYoungGen: 949169K->256K(911616K)] 1255127K->306325K(1598592K), 0.0049370 secs] [Times: user=0.01 sys=0.00, real=0.00 secs] 
2014-07-16T08:26:29.990+0000: 3465.210: [GC [PSYoungGen: 911616K->530K(876416K)] 1217685K->306679K(1563392K), 0.0189890 secs] [Times: user=0.07 sys=0.00, real=0.02 secs] 
2014-07-16T08:26:31.951+0000: 3467.171: [GC [PSYoungGen: 876370K->256K(842304K)] 1182519K->306533K(1529280K), 0.0240550 secs] [Times: user=0.09 sys=0.00, real=0.02 secs] 
2014-07-16T08:26:33.898+0000: 3469.118: [GC [PSYoungGen: 842304K->722K(810624K)] 1148581K->307143K(1497600K), 0.0182390 secs] [Times: user=0.06 sys=0.00, real=0.02 secs] 
2014-07-16T08:26:35.700+0000: 3470.920: [GC [PSYoungGen: 810578K->818K(780032K)] 1116999K->307415K(1467008K), 0.0203130 secs] [Times: user=0.06 sys=0.01, real=0.02 secs] 
2014-07-16T08:26:37.423+0000: 3472.643: [GC [PSYoungGen: 780015K->644K(750656K)] 1086612K->307345K(1437632K), 0.0075330 secs] [Times: user=0.02 sys=0.00, real=0.01 secs] 
2014-07-16T08:26:39.098+0000: 3474.318: [GC [PSYoungGen: 750596K->402K(722496K)] 1057297K->307159K(1409472K), 0.0128940 secs] [Times: user=0.05 sys=0.01, real=0.02 secs] 
2014-07-16T08:26:40.689+0000: 3475.909: [GC [PSYoungGen: 722450K->822K(696320K)] 1029207K->307699K(1383296K), 0.0155580 secs] [Times: user=0.05 sys=0.00, real=0.02 secs] 
2014-07-16T08:26:42.242+0000: 3477.462: [GC [PSYoungGen: 696310K->320K(670464K)] 1003187K->307317K(1357440K), 0.0056510 secs] [Times: user=0.02 sys=0.00, real=0.00 secs] 
2014-07-16T08:26:43.773+0000: 3478.993: [GC [PSYoungGen: 670464K->658K(646656K)] 977461K->307783K(1333632K), 0.0272710 secs] [Times: user=0.10 sys=0.00, real=0.03 secs] 
2014-07-16T08:26:45.235+0000: 3480.455: [GC [PSYoungGen: 646610K->530K(775744K)] 953735K->307791K(1462720K), 0.0204060 secs] [Times: user=0.07 sys=0.00, real=0.02 secs] 
2014-07-16T08:26:46.982+0000: 3482.202: [GC [PSYoungGen: 775693K->352K(746496K)] 1082955K->307685K(1433472K), 0.0064110 secs] [Times: user=0.02 sys=0.00, real=0.00 secs] 
2014-07-16T08:26:48.742+0000: 3483.962: [GC [PSYoungGen: 746464K->932K(719360K)] 1053797K->308497K(1406336K), 0.0070590 secs] [Times: user=0.02 sys=0.00, real=0.00 secs] 
2014-07-16T08:26:50.264+0000: 3485.484: [GC [PSYoungGen: 719332K->576K(862656K)] 1026897K->308245K(1549632K), 0.0433090 secs] [Times: user=0.15 sys=0.00, real=0.04 secs] 
2014-07-16T08:26:52.173+0000: 3487.393: [GC [PSYoungGen: 862656K->512K(1035008K)] 1170325K->308349K(1721984K), 0.0053890 secs] [Times: user=0.02 sys=0.00, real=0.00 secs] 
2014-07-16T08:26:54.541+0000: 3489.761: [GC [PSYoungGen: 1035008K->544K(993664K)] 1342845K->308557K(1680640K), 0.0112580 secs] [Times: user=0.03 sys=0.00, real=0.02 secs] 
2014-07-16T08:26:56.738+0000: 3491.958: [GC [PSYoungGen: 993632K->608K(954368K)] 1301645K->308773K(1641344K), 0.0205700 secs] [Times: user=0.07 sys=0.00, real=0.02 secs] 
2014-07-16T08:26:58.925+0000: 3494.145: [GC [PSYoungGen: 954336K->576K(916800K)] 1262501K->308829K(1603776K), 0.0239290 secs] [Times: user=0.08 sys=0.00, real=0.02 secs] 
2014-07-16T08:27:00.944+0000: 3496.164: [GC [PSYoungGen: 916800K->484K(881024K)] 1225053K->308841K(1568000K), 0.0144540 secs] [Times: user=0.05 sys=0.01, real=0.01 secs] 
2014-07-16T08:27:02.910+0000: 3498.130: [GC [PSYoungGen: 880996K->352K(846848K)] 1189353K->308853K(1533824K), 0.0051760 secs] [Times: user=0.01 sys=0.00, real=0.01 secs] 
2014-07-16T08:27:04.829+0000: 3500.048: [GC [PSYoungGen: 846816K->370K(814464K)] 1155317K->308999K(1501440K), 0.0049730 secs] [Times: user=0.01 sys=0.01, real=0.01 secs] 
2014-07-16T08:27:06.648+0000: 3501.868: [GC [PSYoungGen: 814450K->548K(783744K)] 1123079K->309289K(1470720K), 0.0208530 secs] [Times: user=0.07 sys=0.00, real=0.02 secs] 
2014-07-16T08:27:08.370+0000: 3503.590: [GC [PSYoungGen: 783716K->160K(753920K)] 1092457K->308973K(1440896K), 0.0113080 secs] [Times: user=0.01 sys=0.00, real=0.01 secs] 
2014-07-16T08:27:10.046+0000: 3505.266: [GC [PSYoungGen: 753888K->512K(726208K)] 1062701K->309421K(1413184K), 0.0109550 secs] [Times: user=0.03 sys=0.01, real=0.01 secs] 
2014-07-16T08:27:11.678+0000: 3506.898: [GC [PSYoungGen: 726208K->512K(699456K)] 1035117K->309549K(1386432K), 0.0095440 secs] [Times: user=0.01 sys=0.00, real=0.01 secs] 
2014-07-16T08:27:13.218+0000: 3508.438: [GC [PSYoungGen: 699456K->722K(674240K)] 1008493K->309887K(1361216K), 0.0271150 secs] [Times: user=0.10 sys=0.00, real=0.03 secs] 
2014-07-16T08:27:14.904+0000: 3510.124: [GC [PSYoungGen: 674194K->548K(649728K)] 983359K->309905K(1336704K), 0.0125580 secs] [Times: user=0.05 sys=0.00, real=0.02 secs] 
2014-07-16T08:27:16.371+0000: 3511.591: [GC [PSYoungGen: 649700K->594K(779648K)] 959057K->310087K(1466624K), 0.0307770 secs] [Times: user=0.11 sys=0.00, real=0.03 secs] 
2014-07-16T08:27:18.142+0000: 3513.362: [GC [PSYoungGen: 779574K->744K(935616K)] 1089067K->310357K(1622592K), 0.0134020 secs] [Times: user=0.03 sys=0.00, real=0.02 secs] 
2014-07-16T08:27:20.233+0000: 3515.453: [GC [PSYoungGen: 935573K->498K(1122368K)] 1245186K->310215K(1809344K), 0.0254570 secs] [Times: user=0.09 sys=0.00, real=0.03 secs] 
2014-07-16T08:27:22.716+0000: 3517.935: [GC [PSYoungGen: 1122354K->598K(1346880K)] 1432071K->310499K(2033856K), 0.0175250 secs] [Times: user=0.06 sys=0.00, real=0.02 secs] 
2014-07-16T08:27:25.698+0000: 3520.918: [GC [PSYoungGen: 1346790K->530K(1290368K)] 1656691K->310583K(1977344K), 0.0106760 secs] [Times: user=0.01 sys=0.00, real=0.01 secs] 
2014-07-16T08:27:28.604+0000: 3523.824: [GC [PSYoungGen: 1290241K->452K(1236608K)] 1600295K->310649K(1923584K), 0.0333230 secs] [Times: user=0.11 sys=0.00, real=0.04 secs] 
2014-07-16T08:27:31.342+0000: 3526.562: [GC [PSYoungGen: 1236548K->608K(1185600K)] 1546745K->310917K(1872576K), 0.0201380 secs] [Times: user=0.06 sys=0.00, real=0.02 secs] 
2014-07-16T08:27:33.976+0000: 3529.196: [GC [PSYoungGen: 1185568K->562K(1136896K)] 1495877K->311103K(1823872K), 0.0152470 secs] [Times: user=0.06 sys=0.00, real=0.02 secs] 
2014-07-16T08:27:36.508+0000: 3531.728: [GC [PSYoungGen: 1136882K->626K(1090688K)] 1447423K->311311K(1777664K), 0.0221850 secs] [Times: user=0.08 sys=0.00, real=0.03 secs] 
2014-07-16T08:27:39.037+0000: 3534.257: [GC [PSYoungGen: 1090674K->626K(1046656K)] 1401359K->311447K(1733632K), 0.0154910 secs] [Times: user=0.05 sys=0.00, real=0.02 secs] 
2014-07-16T08:27:41.350+0000: 3536.570: [GC [PSYoungGen: 1046642K->448K(1004544K)] 1357463K->311445K(1691520K), 0.0279000 secs] [Times: user=0.10 sys=0.00, real=0.02 secs] 
2014-07-16T08:27:43.564+0000: 3538.784: [GC [PSYoungGen: 1004544K->466K(1205440K)] 1315541K->311679K(1892416K), 0.0324370 secs] [Times: user=0.09 sys=0.00, real=0.03 secs] 
2014-07-16T08:27:46.258+0000: 3541.478: [GC [PSYoungGen: 1205394K->676K(1446656K)] 1516607K->312009K(2133632K), 0.0267030 secs] [Times: user=0.10 sys=0.00, real=0.03 secs] 
2014-07-16T08:27:49.448+0000: 3544.668: [GC [PSYoungGen: 1446628K->448K(1385088K)] 1757961K->311925K(2072064K), 0.0199870 secs] [Times: user=0.07 sys=0.00, real=0.02 secs] 
2014-07-16T08:27:52.619+0000: 3547.839: [GC [PSYoungGen: 1385088K->612K(1326976K)] 1696565K->312217K(2013952K), 0.0208650 secs] [Times: user=0.07 sys=0.00, real=0.02 secs] 
2014-07-16T08:27:55.601+0000: 3550.821: [GC [PSYoungGen: 1326948K->754K(1271616K)] 1638553K->312639K(1958592K), 0.0182030 secs] [Times: user=0.06 sys=0.00, real=0.02 secs] 
2014-07-16T08:27:58.435+0000: 3553.655: [GC [PSYoungGen: 1271506K->1004K(1219072K)] 1583391K->313091K(1906048K), 0.0240750 secs] [Times: user=0.08 sys=0.00, real=0.02 secs] 
2014-07-16T08:28:01.257+0000: 3556.477: [GC [PSYoungGen: 1219052K->320K(1168128K)] 1531139K->312715K(1855104K), 0.0107000 secs] [Times: user=0.03 sys=0.00, real=0.01 secs] 
2014-07-16T08:28:03.850+0000: 3559.070: [GC [PSYoungGen: 1168128K->612K(1120640K)] 1480523K->313255K(1807616K), 0.0221220 secs] [Times: user=0.07 sys=0.00, real=0.03 secs] 
2014-07-16T08:28:06.386+0000: 3561.606: [GC [PSYoungGen: 1120612K->352K(1074880K)] 1433255K->313131K(1761856K), 0.0147380 secs] [Times: user=0.05 sys=0.00, real=0.01 secs] 
2014-07-16T08:28:08.809+0000: 3564.029: [GC [PSYoungGen: 1074816K->872K(1032064K)] 1387596K->313763K(1719040K), 0.0089570 secs] [Times: user=0.03 sys=0.00, real=0.01 secs] 
2014-07-16T08:28:11.177+0000: 3566.397: [GC [PSYoungGen: 1032040K->744K(990720K)] 1344931K->313771K(1677696K), 0.0225860 secs] [Times: user=0.08 sys=0.00, real=0.02 secs] 
2014-07-16T08:28:13.384+0000: 3568.604: [GC [PSYoungGen: 990662K->498K(951232K)] 1303689K->313765K(1638208K), 0.0186730 secs] [Times: user=0.06 sys=0.00, real=0.02 secs] 
2014-07-16T08:28:15.532+0000: 3570.752: [GC [PSYoungGen: 951169K->708K(1141632K)] 1264437K->314111K(1828608K), 0.0406150 secs] [Times: user=0.14 sys=0.00, real=0.04 secs] 
2014-07-16T08:28:18.062+0000: 3573.282: [GC [PSYoungGen: 1141571K->562K(1094912K)] 1454975K->314069K(1781888K), 0.0117350 secs] [Times: user=0.03 sys=0.00, real=0.02 secs] 
2014-07-16T08:28:20.564+0000: 3575.784: [GC [PSYoungGen: 1094896K->818K(1050944K)] 1408403K->314469K(1737920K), 0.0265670 secs] [Times: user=0.09 sys=0.00, real=0.03 secs] 
2014-07-16T08:28:22.890+0000: 3578.110: [GC [PSYoungGen: 1050930K->562K(1008576K)] 1364581K->314453K(1695552K), 0.0290460 secs] [Times: user=0.11 sys=0.00, real=0.03 secs] 
2014-07-16T08:28:25.142+0000: 3580.362: [GC [PSYoungGen: 1008562K->384K(968256K)] 1322453K->314427K(1655232K), 0.0057940 secs] [Times: user=0.02 sys=0.00, real=0.01 secs] 
2014-07-16T08:28:27.299+0000: 3582.519: [GC [PSYoungGen: 968256K->384K(930048K)] 1282299K->314539K(1617024K), 0.0139170 secs] [Times: user=0.05 sys=0.00, real=0.01 secs] 
2014-07-16T08:28:29.383+0000: 3584.603: [GC [PSYoungGen: 930048K->630K(893952K)] 1244203K->314905K(1580928K), 0.0294260 secs] [Times: user=0.10 sys=0.00, real=0.03 secs] 
2014-07-16T08:28:31.384+0000: 3586.604: [GC [PSYoungGen: 893942K->416K(859136K)] 1208217K->314795K(1546112K), 0.0197470 secs] [Times: user=0.07 sys=0.00, real=0.02 secs] 
2014-07-16T08:28:33.289+0000: 3588.509: [GC [PSYoungGen: 859104K->626K(826368K)] 1173483K->315245K(1513344K), 0.0070750 secs] [Times: user=0.02 sys=0.00, real=0.00 secs] 
2014-07-16T08:28:35.134+0000: 3590.354: [GC [PSYoungGen: 826354K->512K(794816K)] 1140973K->315243K(1481792K), 0.0153170 secs] [Times: user=0.05 sys=0.00, real=0.02 secs] 
2014-07-16T08:28:36.891+0000: 3592.111: [GC [PSYoungGen: 794810K->726K(765120K)] 1109542K->315537K(1452096K), 0.0284200 secs] [Times: user=0.10 sys=0.00, real=0.03 secs] 
2014-07-16T08:28:38.592+0000: 3593.812: [GC [PSYoungGen: 765032K->708K(736576K)] 1079844K->315615K(1423552K), 0.0107040 secs] [Times: user=0.04 sys=0.00, real=0.01 secs] 
2014-07-16T08:28:40.245+0000: 3595.465: [GC [PSYoungGen: 736516K->562K(709184K)] 1051423K->315605K(1396160K), 0.0076500 secs] [Times: user=0.01 sys=0.00, real=0.01 secs] 
2014-07-16T08:28:41.901+0000: 3597.121: [GC [PSYoungGen: 709169K->800K(683520K)] 1024213K->316003K(1370496K), 0.0206820 secs] [Times: user=0.06 sys=0.00, real=0.02 secs] 
2014-07-16T08:28:43.430+0000: 3598.650: [GC [PSYoungGen: 683486K->224K(819520K)] 998689K->315635K(1506496K), 0.0237520 secs] [Times: user=0.08 sys=0.00, real=0.02 secs] 
2014-07-16T08:28:45.251+0000: 3600.471: [GC [PSYoungGen: 819488K->384K(983552K)] 1134899K->315883K(1670528K), 0.0150400 secs] [Times: user=0.05 sys=0.01, real=0.01 secs] 
2014-07-16T08:28:47.446+0000: 3602.666: [GC [PSYoungGen: 983552K->562K(944832K)] 1299051K->316133K(1631808K), 0.0190120 secs] [Times: user=0.07 sys=0.00, real=0.02 secs] 
2014-07-16T08:28:49.548+0000: 3604.768: [GC [PSYoungGen: 944801K->580K(1133760K)] 1260372K->316263K(1820736K), 0.0256430 secs] [Times: user=0.09 sys=0.00, real=0.03 secs] 
2014-07-16T08:28:52.160+0000: 3607.380: [GC [PSYoungGen: 1133700K->676K(1360448K)] 1449383K->316479K(2047424K), 0.0385220 secs] [Times: user=0.14 sys=0.01, real=0.03 secs] 
2014-07-16T08:28:55.180+0000: 3610.400: [GC [PSYoungGen: 1360420K->384K(1632128K)] 1676223K->316435K(2319104K), 0.0253960 secs] [Times: user=0.09 sys=0.00, real=0.03 secs] 
2014-07-16T08:28:58.843+0000: 3614.063: [GC [PSYoungGen: 1632115K->708K(1562112K)] 1948166K->316903K(2249088K), 0.0132060 secs] [Times: user=0.05 sys=0.00, real=0.01 secs] 
2014-07-16T08:29:02.427+0000: 3617.647: [GC [PSYoungGen: 1561990K->996K(1495424K)] 1878186K->317511K(2182400K), 0.0277280 secs] [Times: user=0.10 sys=0.00, real=0.03 secs] 
2014-07-16T08:29:05.754+0000: 3620.974: [GC [PSYoungGen: 1495396K->320K(1431040K)] 1811911K->317349K(2118016K), 0.0329790 secs] [Times: user=0.12 sys=0.00, real=0.03 secs] 
2014-07-16T08:29:08.991+0000: 3624.211: [GC [PSYoungGen: 1430957K->684K(1370816K)] 1747987K->317897K(2057792K), 0.0312510 secs] [Times: user=0.12 sys=0.00, real=0.04 secs] 
Heap
 PSYoungGen      total 1370816K, used 706108K [0x0000000755560000, 0x00000007baf00000, 0x0000000800000000)
  eden space 1370112K, 51% used [0x0000000755560000,0x0000000780644320,0x00000007a8f60000)
  from space 704K, 97% used [0x00000007bace0000,0x00000007bad8b030,0x00000007bad90000)
  to   space 1216K, 0% used [0x00000007badd0000,0x00000007badd0000,0x00000007baf00000)
 ParOldGen       total 686976K, used 317213K [0x0000000600000000, 0x0000000629ee0000, 0x0000000755560000)
  object space 686976K, 46% used [0x0000000600000000,0x00000006135c75e0,0x0000000629ee0000)
 PSPermGen       total 21248K, used 11724K [0x00000005f5a00000, 0x00000005f6ec0000, 0x0000000600000000)
  object space 21248K, 55% used [0x00000005f5a00000,0x00000005f6573068,0x00000005f6ec0000)
