2014-07-16T06:07:25.302+0000: 24.302: [GC [PSYoungGen: 257728K->42848K(300608K)] 257728K->57771K(987584K), 0.0614440 secs] [Times: user=0.18 sys=0.02, real=0.06 secs] 
2014-07-16T06:07:25.524+0000: 24.525: [GC [PSYoungGen: 300576K->42854K(300608K)] 315499K->64155K(987584K), 0.0617940 secs] [Times: user=0.22 sys=0.02, real=0.06 secs] 
2014-07-16T06:07:26.594+0000: 25.594: [GC [PSYoungGen: 300582K->42870K(300608K)] 321883K->64243K(987584K), 0.0548250 secs] [Times: user=0.20 sys=0.00, real=0.05 secs] 
2014-07-16T06:07:28.035+0000: 27.036: [GC [PSYoungGen: 300598K->42870K(558336K)] 321971K->64779K(1245312K), 0.0505110 secs] [Times: user=0.18 sys=0.03, real=0.05 secs] 
2014-07-16T06:07:30.509+0000: 29.510: [GC [PSYoungGen: 558326K->42848K(558336K)] 580235K->65260K(1245312K), 0.0794830 secs] [Times: user=0.29 sys=0.02, real=0.08 secs] 
2014-07-16T06:07:33.145+0000: 32.145: [GC [PSYoungGen: 558304K->43850K(1088256K)] 580716K->66263K(1775232K), 0.0804080 secs] [Times: user=0.30 sys=0.02, real=0.08 secs] 
2014-07-16T06:07:37.039+0000: 36.040: [GC [PSYoungGen: 1074762K->2244K(1089344K)] 1097175K->65731K(1776320K), 0.0882060 secs] [Times: user=0.31 sys=0.02, real=0.09 secs] 
2014-07-16T06:07:40.890+0000: 39.891: [GC [PSYoungGen: 1033156K->2180K(2124096K)] 1096643K->65947K(2811072K), 0.0118050 secs] [Times: user=0.05 sys=0.00, real=0.02 secs] 
2014-07-16T06:07:48.116+0000: 47.116: [GC [PSYoungGen: 2059588K->2628K(2128512K)] 2123355K->66779K(2815488K), 0.0301660 secs] [Times: user=0.12 sys=0.00, real=0.03 secs] 
2014-07-16T06:07:54.106+0000: 53.107: [GC [PSYoungGen: 2060036K->2002K(2720640K)] 2124187K->66704K(3407616K), 0.0447990 secs] [Times: user=0.17 sys=0.00, real=0.04 secs] 
2014-07-16T06:08:01.897+0000: 60.898: [GC [PSYoungGen: 2649298K->1892K(2649216K)] 2714000K->67411K(3336192K), 0.0298090 secs] [Times: user=0.12 sys=0.00, real=0.03 secs] 
2014-07-16T06:08:09.467+0000: 68.468: [GC [PSYoungGen: 2649188K->1892K(2722240K)] 2714707K->67979K(3409216K), 0.0142630 secs] [Times: user=0.05 sys=0.01, real=0.01 secs] 
2014-07-16T06:08:17.068+0000: 76.069: [GC [PSYoungGen: 2649572K->1654K(2649344K)] 2715659K->68317K(3336320K), 0.0406680 secs] [Times: user=0.16 sys=0.01, real=0.04 secs] 
2014-07-16T06:08:24.117+0000: 83.118: [GC [PSYoungGen: 2649334K->1608K(2722112K)] 2715997K->68679K(3409088K), 0.0332330 secs] [Times: user=0.12 sys=0.01, real=0.04 secs] 
2014-07-16T06:08:30.392+0000: 89.393: [GC [PSYoungGen: 2650952K->1266K(2529920K)] 2718023K->68864K(3216896K), 0.0419020 secs] [Times: user=0.13 sys=0.00, real=0.04 secs] 
2014-07-16T06:08:35.793+0000: 94.793: [GC [PSYoungGen: 2529906K->676K(2414656K)] 2597504K->68723K(3101632K), 0.0068600 secs] [Times: user=0.01 sys=0.00, real=0.00 secs] 
2014-07-16T06:08:40.901+0000: 99.902: [GC [PSYoungGen: 2414628K->320K(2371904K)] 2482675K->68542K(3058880K), 0.0122100 secs] [Times: user=0.04 sys=0.00, real=0.01 secs] 
2014-07-16T06:08:45.783+0000: 104.784: [GC [PSYoungGen: 2305280K->352K(2201728K)] 2373502K->68782K(2888704K), 0.0196750 secs] [Times: user=0.04 sys=0.01, real=0.02 secs] 
2014-07-16T06:08:50.437+0000: 109.437: [GC [PSYoungGen: 2201696K->466K(2164864K)] 2270126K->69032K(2851840K), 0.0080970 secs] [Times: user=0.03 sys=0.00, real=0.01 secs] 
2014-07-16T06:08:54.912+0000: 113.912: [GC [PSYoungGen: 2103314K->580K(2009856K)] 2171880K->69395K(2696832K), 0.0175910 secs] [Times: user=0.04 sys=0.01, real=0.02 secs] 
2014-07-16T06:08:59.170+0000: 118.171: [GC [PSYoungGen: 2009796K->662K(1976704K)] 2078611K->69629K(2663680K), 0.0111650 secs] [Times: user=0.03 sys=0.00, real=0.01 secs] 
2014-07-16T06:09:03.237+0000: 122.238: [GC [PSYoungGen: 1920854K->416K(1836032K)] 1989821K->69646K(2523008K), 0.0114090 secs] [Times: user=0.01 sys=0.00, real=0.01 secs] 
2014-07-16T06:09:07.128+0000: 126.129: [GC [PSYoungGen: 1836000K->320K(1806016K)] 1905230K->69670K(2492992K), 0.0043810 secs] [Times: user=0.01 sys=0.00, real=0.00 secs] 
2014-07-16T06:09:10.900+0000: 129.900: [GC [PSYoungGen: 1755456K->626K(1679296K)] 1824806K->70176K(2366272K), 0.0149940 secs] [Times: user=0.03 sys=0.00, real=0.01 secs] 
2014-07-16T06:09:14.490+0000: 133.491: [GC [PSYoungGen: 1679282K->256K(1651328K)] 1748832K->70014K(2338304K), 0.0061620 secs] [Times: user=0.01 sys=0.00, real=0.01 secs] 
2014-07-16T06:09:17.898+0000: 136.898: [GC [PSYoungGen: 1606208K->658K(1537472K)] 1675966K->70552K(2224448K), 0.0174850 secs] [Times: user=0.05 sys=0.00, real=0.01 secs] 
2014-07-16T06:09:21.172+0000: 140.173: [GC [PSYoungGen: 1537426K->480K(1511104K)] 1607320K->70558K(2198080K), 0.0050640 secs] [Times: user=0.02 sys=0.00, real=0.01 secs] 
2014-07-16T06:09:24.297+0000: 143.298: [GC [PSYoungGen: 1471378K->288K(1408768K)] 1541457K->70526K(2095744K), 0.0138000 secs] [Times: user=0.01 sys=0.01, real=0.02 secs] 
2014-07-16T06:09:27.300+0000: 146.300: [GC [PSYoungGen: 1408736K->484K(1384256K)] 1478974K->70843K(2071232K), 0.0071760 secs] [Times: user=0.02 sys=0.00, real=0.00 secs] 
2014-07-16T06:09:30.204+0000: 149.205: [GC [PSYoungGen: 1349412K->512K(1292864K)] 1419771K->70998K(1979840K), 0.0092440 secs] [Times: user=0.01 sys=0.00, real=0.01 secs] 
2014-07-16T06:09:32.946+0000: 151.947: [GC [PSYoungGen: 1292864K->242K(1269376K)] 1363350K->70896K(1956352K), 0.0160090 secs] [Times: user=0.04 sys=0.00, real=0.02 secs] 
2014-07-16T06:09:35.591+0000: 154.591: [GC [PSYoungGen: 1238770K->224K(1187584K)] 1309424K->70942K(1874560K), 0.0053390 secs] [Times: user=0.01 sys=0.00, real=0.00 secs] 
2014-07-16T06:09:38.229+0000: 157.229: [GC [PSYoungGen: 1187543K->822K(1165440K)] 1258262K->71637K(1852416K), 0.0071110 secs] [Times: user=0.02 sys=0.01, real=0.01 secs] 
2014-07-16T06:09:40.586+0000: 159.587: [GC [PSYoungGen: 1139382K->160K(1092352K)] 1210197K->71182K(1779328K), 0.0063560 secs] [Times: user=0.00 sys=0.00, real=0.01 secs] 
2014-07-16T06:09:42.904+0000: 161.905: [GC [PSYoungGen: 1092320K->192K(1071296K)] 1163342K->71302K(1758272K), 0.0036010 secs] [Times: user=0.01 sys=0.00, real=0.00 secs] 
2014-07-16T06:09:45.142+0000: 164.142: [GC [PSYoungGen: 1048192K->288K(1006272K)] 1119302K->71462K(1693248K), 0.0136620 secs] [Times: user=0.04 sys=0.00, real=0.01 secs] 
2014-07-16T06:09:47.275+0000: 166.276: [GC [PSYoungGen: 1006240K->484K(986112K)] 1077414K->71755K(1673088K), 0.0031510 secs] [Times: user=0.01 sys=0.00, real=0.00 secs] 
2014-07-16T06:09:49.343+0000: 168.344: [GC [PSYoungGen: 966436K->416K(928320K)] 1037707K->71798K(1615296K), 0.0097840 secs] [Times: user=0.02 sys=0.01, real=0.01 secs] 
2014-07-16T06:09:51.307+0000: 170.308: [GC [PSYoungGen: 928288K->434K(908928K)] 999670K->72008K(1595904K), 0.0037740 secs] [Times: user=0.01 sys=0.01, real=0.00 secs] 
2014-07-16T06:09:53.190+0000: 172.191: [GC [PSYoungGen: 892018K->210K(857280K)] 963592K->71856K(1544256K), 0.0084250 secs] [Times: user=0.02 sys=0.01, real=0.01 secs] 
2014-07-16T06:09:54.995+0000: 173.996: [GC [PSYoungGen: 857234K->210K(839040K)] 928880K->71896K(1526016K), 0.0027130 secs] [Times: user=0.00 sys=0.00, real=0.00 secs] 
2014-07-16T06:09:56.746+0000: 175.747: [GC [PSYoungGen: 824338K->274K(793088K)] 896024K->71992K(1480064K), 0.0077960 secs] [Times: user=0.00 sys=0.00, real=0.01 secs] 
2014-07-16T06:09:58.441+0000: 177.442: [GC [PSYoungGen: 793042K->356K(775680K)] 864760K->72154K(1462656K), 0.0065560 secs] [Times: user=0.02 sys=0.00, real=0.01 secs] 
2014-07-16T06:10:00.162+0000: 179.162: [GC [PSYoungGen: 763236K->420K(734848K)] 835034K->72323K(1421824K), 0.0046980 secs] [Times: user=0.01 sys=0.01, real=0.01 secs] 
2014-07-16T06:10:01.714+0000: 180.715: [GC [PSYoungGen: 734820K->192K(718208K)] 806723K->72246K(1405184K), 0.0064430 secs] [Times: user=0.02 sys=0.00, real=0.00 secs] 
2014-07-16T06:10:03.224+0000: 182.224: [GC [PSYoungGen: 707456K->320K(681728K)] 779510K->72430K(1368704K), 0.0065240 secs] [Times: user=0.01 sys=0.00, real=0.01 secs] 
2014-07-16T06:10:04.685+0000: 183.686: [GC [PSYoungGen: 681728K->416K(666048K)] 753838K->72598K(1353024K), 0.0044800 secs] [Times: user=0.01 sys=0.00, real=0.00 secs] 
2014-07-16T06:10:06.083+0000: 185.084: [GC [PSYoungGen: 657120K->448K(633600K)] 729302K->72702K(1320576K), 0.0082460 secs] [Times: user=0.02 sys=0.00, real=0.01 secs] 
2014-07-16T06:10:07.425+0000: 186.426: [GC [PSYoungGen: 633600K->224K(618624K)] 705854K->72558K(1305600K), 0.0143490 secs] [Times: user=0.05 sys=0.00, real=0.01 secs] 
2014-07-16T06:10:08.732+0000: 187.733: [GC [PSYoungGen: 610912K->256K(589504K)] 683246K->72670K(1276480K), 0.0086380 secs] [Times: user=0.03 sys=0.00, real=0.01 secs] 
2014-07-16T06:10:09.987+0000: 188.988: [GC [PSYoungGen: 589504K->288K(575552K)] 661918K->72782K(1262528K), 0.0070350 secs] [Times: user=0.02 sys=0.00, real=0.00 secs] 
2014-07-16T06:10:11.193+0000: 190.194: [GC [PSYoungGen: 569056K->210K(549504K)] 641550K->72784K(1236480K), 0.0227830 secs] [Times: user=0.08 sys=0.00, real=0.03 secs] 
2014-07-16T06:10:12.366+0000: 191.367: [GC [PSYoungGen: 549458K->320K(536384K)] 622032K->72926K(1223360K), 0.0047690 secs] [Times: user=0.01 sys=0.00, real=0.00 secs] 
2014-07-16T06:10:13.484+0000: 192.484: [GC [PSYoungGen: 530880K->192K(512960K)] 603486K->72830K(1199936K), 0.0043480 secs] [Times: user=0.01 sys=0.00, real=0.01 secs] 
2014-07-16T06:10:14.678+0000: 193.678: [GC [PSYoungGen: 512960K->786K(500736K)] 585598K->73456K(1187712K), 0.0042110 secs] [Times: user=0.02 sys=0.00, real=0.00 secs] 
2014-07-16T06:10:15.691+0000: 194.691: [GC [PSYoungGen: 496530K->512K(480000K)] 569200K->73278K(1166976K), 0.0075680 secs] [Times: user=0.02 sys=0.01, real=0.01 secs] 
2014-07-16T06:10:16.697+0000: 195.698: [GC [PSYoungGen: 480000K->288K(464256K)] 552766K->73126K(1151232K), 0.0066750 secs] [Times: user=0.01 sys=0.00, real=0.00 secs] 
2014-07-16T06:10:17.691+0000: 196.692: [GC [PSYoungGen: 464224K->384K(557120K)] 537062K->73318K(1244096K), 0.0277940 secs] [Times: user=0.10 sys=0.00, real=0.03 secs] 
2014-07-16T06:10:18.886+0000: 197.887: [GC [PSYoungGen: 557120K->736K(668864K)] 630054K->73742K(1355840K), 0.0133590 secs] [Times: user=0.03 sys=0.00, real=0.01 secs] 
2014-07-16T06:10:20.329+0000: 199.330: [GC [PSYoungGen: 668832K->466K(644544K)] 741838K->73560K(1331520K), 0.0062240 secs] [Times: user=0.02 sys=0.00, real=0.00 secs] 
2014-07-16T06:10:21.695+0000: 200.696: [GC [PSYoungGen: 644498K->160K(621248K)] 717592K->73366K(1308224K), 0.0056840 secs] [Times: user=0.01 sys=0.00, real=0.01 secs] 
2014-07-16T06:10:23.019+0000: 202.020: [GC [PSYoungGen: 621201K->516K(599744K)] 694408K->73754K(1286720K), 0.0071280 secs] [Times: user=0.01 sys=0.01, real=0.00 secs] 
2014-07-16T06:10:24.293+0000: 203.294: [GC [PSYoungGen: 599684K->306K(578560K)] 672922K->73576K(1265536K), 0.0063060 secs] [Times: user=0.03 sys=0.00, real=0.01 secs] 
2014-07-16T06:10:25.541+0000: 204.541: [GC [PSYoungGen: 578546K->338K(558656K)] 651816K->73640K(1245632K), 0.0078080 secs] [Times: user=0.03 sys=0.00, real=0.01 secs] 
2014-07-16T06:10:26.743+0000: 205.744: [GC [PSYoungGen: 558610K->502K(539712K)] 631912K->73877K(1226688K), 0.0086820 secs] [Times: user=0.04 sys=0.00, real=0.01 secs] 
2014-07-16T06:10:27.880+0000: 206.880: [GC [PSYoungGen: 539702K->434K(521408K)] 613077K->73888K(1208384K), 0.0065790 secs] [Times: user=0.01 sys=0.00, real=0.00 secs] 
2014-07-16T06:10:28.989+0000: 207.989: [GC [PSYoungGen: 521335K->356K(503936K)] 594790K->73874K(1190912K), 0.0054800 secs] [Times: user=0.01 sys=0.00, real=0.00 secs] 
2014-07-16T06:10:30.148+0000: 209.149: [GC [PSYoungGen: 503908K->1028K(488000K)] 577426K->74603K(1174976K), 0.0055120 secs] [Times: user=0.01 sys=0.00, real=0.00 secs] 
2014-07-16T06:10:31.144+0000: 210.145: [GC [PSYoungGen: 487940K->192K(471232K)] 561515K->73902K(1158208K), 0.0033700 secs] [Times: user=0.01 sys=0.00, real=0.00 secs] 
2014-07-16T06:10:32.146+0000: 211.146: [GC [PSYoungGen: 471232K->306K(456192K)] 544942K->74072K(1143168K), 0.0094100 secs] [Times: user=0.03 sys=0.00, real=0.01 secs] 
2014-07-16T06:10:33.114+0000: 212.114: [GC [PSYoungGen: 456178K->256K(441600K)] 529944K->74038K(1128576K), 0.0035670 secs] [Times: user=0.01 sys=0.00, real=0.00 secs] 
2014-07-16T06:10:34.052+0000: 213.053: [GC [PSYoungGen: 441600K->160K(427648K)] 515382K->73958K(1114624K), 0.0031640 secs] [Times: user=0.01 sys=0.00, real=0.00 secs] 
2014-07-16T06:10:34.988+0000: 213.989: [GC [PSYoungGen: 427584K->438K(415744K)] 501383K->74269K(1102720K), 0.0036460 secs] [Times: user=0.01 sys=0.01, real=0.00 secs] 
2014-07-16T06:10:35.855+0000: 214.856: [GC [PSYoungGen: 414526K->324K(401792K)] 488357K->74210K(1088768K), 0.0040540 secs] [Times: user=0.01 sys=0.00, real=0.01 secs] 
2014-07-16T06:10:36.709+0000: 215.709: [GC [PSYoungGen: 401732K->512K(389760K)] 475618K->74470K(1076736K), 0.0103670 secs] [Times: user=0.03 sys=0.01, real=0.02 secs] 
2014-07-16T06:10:37.536+0000: 216.537: [GC [PSYoungGen: 389760K->228K(377856K)] 463718K->74234K(1064832K), 0.0036120 secs] [Times: user=0.01 sys=0.00, real=0.01 secs] 
2014-07-16T06:10:38.338+0000: 217.339: [GC [PSYoungGen: 377805K->256K(366656K)] 451812K->74334K(1053632K), 0.0071940 secs] [Times: user=0.03 sys=0.00, real=0.01 secs] 
2014-07-16T06:10:39.123+0000: 218.124: [GC [PSYoungGen: 366656K->502K(356160K)] 440734K->74621K(1043136K), 0.0058210 secs] [Times: user=0.02 sys=0.01, real=0.01 secs] 
2014-07-16T06:10:39.946+0000: 218.946: [GC [PSYoungGen: 356150K->1010K(346368K)] 430269K->75176K(1033344K), 0.0049610 secs] [Times: user=0.01 sys=0.01, real=0.01 secs] 
2014-07-16T06:10:40.621+0000: 219.621: [GC [PSYoungGen: 346350K->274K(335808K)] 420517K->74520K(1022784K), 0.0072420 secs] [Times: user=0.02 sys=0.00, real=0.00 secs] 
2014-07-16T06:10:41.348+0000: 220.348: [GC [PSYoungGen: 335762K->466K(326528K)] 410008K->74736K(1013504K), 0.0037940 secs] [Times: user=0.01 sys=0.00, real=0.01 secs] 
2014-07-16T06:10:42.047+0000: 221.048: [GC [PSYoungGen: 326482K->690K(317632K)] 400752K->75016K(1004608K), 0.0062470 secs] [Times: user=0.01 sys=0.00, real=0.01 secs] 
2014-07-16T06:10:42.706+0000: 221.707: [GC [PSYoungGen: 317618K->224K(380608K)] 391944K->74598K(1067584K), 0.0123170 secs] [Times: user=0.04 sys=0.00, real=0.01 secs] 
2014-07-16T06:10:43.519+0000: 222.520: [GC [PSYoungGen: 380576K->64K(369088K)] 454950K->74454K(1056064K), 0.0049870 secs] [Times: user=0.01 sys=0.00, real=0.01 secs] 
2014-07-16T06:10:44.308+0000: 223.308: [GC [PSYoungGen: 369088K->192K(359424K)] 443478K->74614K(1046400K), 0.0048840 secs] [Times: user=0.02 sys=0.00, real=0.01 secs] 
2014-07-16T06:10:45.137+0000: 224.137: [GC [PSYoungGen: 358400K->648K(348544K)] 432822K->75111K(1035520K), 0.0077340 secs] [Times: user=0.02 sys=0.00, real=0.01 secs] 
2014-07-16T06:10:45.845+0000: 224.846: [GC [PSYoungGen: 348488K->520K(417984K)] 422951K->75047K(1104960K), 0.0184530 secs] [Times: user=0.06 sys=0.01, real=0.02 secs] 
2014-07-16T06:10:46.742+0000: 225.743: [GC [PSYoungGen: 417928K->420K(501376K)] 492455K->74995K(1188352K), 0.0155540 secs] [Times: user=0.05 sys=0.00, real=0.01 secs] 
2014-07-16T06:10:47.815+0000: 226.816: [GC [PSYoungGen: 501348K->256K(601408K)] 575923K->74894K(1288384K), 0.0042640 secs] [Times: user=0.01 sys=0.00, real=0.00 secs] 
2014-07-16T06:10:49.092+0000: 228.093: [GC [PSYoungGen: 601408K->242K(580416K)] 676046K->74944K(1267392K), 0.0069770 secs] [Times: user=0.02 sys=0.00, real=0.00 secs] 
2014-07-16T06:10:50.404+0000: 229.404: [GC [PSYoungGen: 580355K->502K(560640K)] 655057K->75293K(1247616K), 0.0069240 secs] [Times: user=0.01 sys=0.00, real=0.00 secs] 
2014-07-16T06:10:51.567+0000: 230.568: [GC [PSYoungGen: 560590K->260K(541312K)] 635381K->75162K(1228288K), 0.0054140 secs] [Times: user=0.01 sys=0.00, real=0.01 secs] 
2014-07-16T06:10:52.718+0000: 231.719: [GC [PSYoungGen: 541228K->192K(522880K)] 616131K->75126K(1209856K), 0.0118040 secs] [Times: user=0.04 sys=0.00, real=0.01 secs] 
2014-07-16T06:10:53.831+0000: 232.831: [GC [PSYoungGen: 522880K->256K(505472K)] 597814K->75214K(1192448K), 0.0080110 secs] [Times: user=0.03 sys=0.00, real=0.01 secs] 
2014-07-16T06:10:54.911+0000: 233.911: [GC [PSYoungGen: 505472K->178K(488704K)] 580430K->75168K(1175680K), 0.0037990 secs] [Times: user=0.01 sys=0.00, real=0.01 secs] 
2014-07-16T06:10:55.969+0000: 234.969: [GC [PSYoungGen: 488690K->274K(472896K)] 563680K->75304K(1159872K), 0.0099330 secs] [Times: user=0.04 sys=0.00, real=0.01 secs] 
2014-07-16T06:10:56.978+0000: 235.979: [GC [PSYoungGen: 472850K->160K(457536K)] 547880K->75262K(1144512K), 0.0054040 secs] [Times: user=0.01 sys=0.00, real=0.01 secs] 
2014-07-16T06:10:57.956+0000: 236.957: [GC [PSYoungGen: 457504K->242K(443008K)] 532606K->75408K(1129984K), 0.0035640 secs] [Times: user=0.00 sys=0.00, real=0.00 secs] 
2014-07-16T06:10:58.898+0000: 237.899: [GC [PSYoungGen: 442994K->160K(428992K)] 518160K->75382K(1115968K), 0.0047780 secs] [Times: user=0.01 sys=0.00, real=0.01 secs] 
2014-07-16T06:10:59.812+0000: 238.812: [GC [PSYoungGen: 428960K->224K(415680K)] 504182K->75494K(1102656K), 0.0077430 secs] [Times: user=0.03 sys=0.00, real=0.01 secs] 
2014-07-16T06:11:00.749+0000: 239.750: [GC [PSYoungGen: 415648K->754K(403392K)] 490918K->76328K(1090368K), 0.0052700 secs] [Times: user=0.01 sys=0.00, real=0.01 secs] 
2014-07-16T06:11:01.577+0000: 240.578: [GC [PSYoungGen: 403378K->320K(390720K)] 478952K->75998K(1077696K), 0.0116460 secs] [Times: user=0.04 sys=0.00, real=0.01 secs] 
2014-07-16T06:11:02.404+0000: 241.405: [GC [PSYoungGen: 390720K->128K(378816K)] 466398K->75902K(1065792K), 0.0090050 secs] [Times: user=0.03 sys=0.00, real=0.01 secs] 
2014-07-16T06:11:03.214+0000: 242.215: [GC [PSYoungGen: 378816K->352K(367808K)] 454590K->76158K(1054784K), 0.0096280 secs] [Times: user=0.03 sys=0.00, real=0.01 secs] 
2014-07-16T06:11:03.996+0000: 242.996: [GC [PSYoungGen: 367776K->228K(356928K)] 443582K->76066K(1043904K), 0.0066350 secs] [Times: user=0.02 sys=0.00, real=0.00 secs] 
2014-07-16T06:11:04.754+0000: 243.755: [GC [PSYoungGen: 356900K->242K(346624K)] 432738K->76096K(1033600K), 0.0040060 secs] [Times: user=0.01 sys=0.00, real=0.00 secs] 
2014-07-16T06:11:05.515+0000: 244.516: [GC [PSYoungGen: 346610K->370K(416064K)] 422464K->76264K(1103040K), 0.0185240 secs] [Times: user=0.06 sys=0.00, real=0.02 secs] 
2014-07-16T06:11:06.384+0000: 245.384: [GC [PSYoungGen: 416039K->320K(499136K)] 491934K->76278K(1186112K), 0.0103180 secs] [Times: user=0.03 sys=0.00, real=0.01 secs] 
2014-07-16T06:11:07.440+0000: 246.440: [GC [PSYoungGen: 499136K->320K(598912K)] 575094K->76334K(1285888K), 0.0077720 secs] [Times: user=0.03 sys=0.00, real=0.01 secs] 
2014-07-16T06:11:08.716+0000: 247.716: [GC [PSYoungGen: 598912K->224K(718592K)] 674926K->76294K(1405568K), 0.0118550 secs] [Times: user=0.04 sys=0.01, real=0.01 secs] 
2014-07-16T06:11:10.242+0000: 249.243: [GC [PSYoungGen: 718560K->192K(692096K)] 794630K->76326K(1379072K), 0.0083650 secs] [Times: user=0.03 sys=0.00, real=0.01 secs] 
2014-07-16T06:11:11.746+0000: 250.747: [GC [PSYoungGen: 692096K->416K(667200K)] 768230K->76622K(1354176K), 0.0065170 secs] [Times: user=0.02 sys=0.00, real=0.00 secs] 
2014-07-16T06:11:13.153+0000: 252.153: [GC [PSYoungGen: 667168K->274K(643072K)] 743374K->76576K(1330048K), 0.0043630 secs] [Times: user=0.01 sys=0.00, real=0.01 secs] 
2014-07-16T06:11:14.516+0000: 253.517: [GC [PSYoungGen: 643026K->288K(620160K)] 719328K->76654K(1307136K), 0.0128530 secs] [Times: user=0.04 sys=0.00, real=0.01 secs] 
2014-07-16T06:11:15.851+0000: 254.852: [GC [PSYoungGen: 620128K->288K(598272K)] 696494K->76702K(1285248K), 0.0064690 secs] [Times: user=0.01 sys=0.00, real=0.01 secs] 
2014-07-16T06:11:17.124+0000: 256.124: [GC [PSYoungGen: 598240K->338K(577472K)] 674654K->76832K(1264448K), 0.0070890 secs] [Times: user=0.01 sys=0.00, real=0.01 secs] 
2014-07-16T06:11:18.357+0000: 257.358: [GC [PSYoungGen: 577406K->520K(557760K)] 653901K->77095K(1244736K), 0.0127120 secs] [Times: user=0.04 sys=0.00, real=0.01 secs] 
2014-07-16T06:11:19.548+0000: 258.549: [GC [PSYoungGen: 557704K->256K(538432K)] 634279K->77320K(1225408K), 0.0038190 secs] [Times: user=0.01 sys=0.00, real=0.00 secs] 
2014-07-16T06:11:20.718+0000: 259.719: [GC [PSYoungGen: 538432K->562K(520576K)] 615496K->77707K(1207552K), 0.0058300 secs] [Times: user=0.01 sys=0.00, real=0.00 secs] 
2014-07-16T06:11:21.818+0000: 260.818: [GC [PSYoungGen: 520562K->352K(503040K)] 597707K->77664K(1190016K), 0.0220780 secs] [Times: user=0.07 sys=0.00, real=0.02 secs] 
2014-07-16T06:11:22.888+0000: 261.888: [GC [PSYoungGen: 503008K->434K(486528K)] 580320K->77811K(1173504K), 0.0055860 secs] [Times: user=0.01 sys=0.00, real=0.00 secs] 
2014-07-16T06:11:23.930+0000: 262.930: [GC [PSYoungGen: 486514K->708K(470976K)] 563891K->78109K(1157952K), 0.0047460 secs] [Times: user=0.01 sys=0.00, real=0.00 secs] 
2014-07-16T06:11:24.916+0000: 263.916: [GC [PSYoungGen: 470916K->256K(455296K)] 548317K->77696K(1142272K), 0.0139650 secs] [Times: user=0.05 sys=0.01, real=0.02 secs] 
2014-07-16T06:11:25.927+0000: 264.927: [GC [PSYoungGen: 455296K->288K(440896K)] 532736K->77768K(1127872K), 0.0030360 secs] [Times: user=0.01 sys=0.00, real=0.00 secs] 
2014-07-16T06:11:26.866+0000: 265.867: [GC [PSYoungGen: 440864K->292K(427008K)] 518344K->77861K(1113984K), 0.0089680 secs] [Times: user=0.03 sys=0.00, real=0.00 secs] 
2014-07-16T06:11:27.775+0000: 266.776: [GC [PSYoungGen: 426980K->288K(413760K)] 504549K->77920K(1100736K), 0.0126060 secs] [Times: user=0.05 sys=0.00, real=0.02 secs] 
2014-07-16T06:11:28.665+0000: 267.666: [GC [PSYoungGen: 413720K->470K(401280K)] 491353K->78159K(1088256K), 0.0065050 secs] [Times: user=0.01 sys=0.00, real=0.01 secs] 
2014-07-16T06:11:29.516+0000: 268.517: [GC [PSYoungGen: 401238K->594K(481600K)] 478927K->78379K(1168576K), 0.0117670 secs] [Times: user=0.04 sys=0.00, real=0.02 secs] 
2014-07-16T06:11:30.628+0000: 269.629: [GC [PSYoungGen: 481554K->804K(466176K)] 559339K->79029K(1153152K), 0.0066410 secs] [Times: user=0.01 sys=0.00, real=0.00 secs] 
2014-07-16T06:11:31.571+0000: 270.571: [GC [PSYoungGen: 466148K->256K(450688K)] 544373K->78625K(1137664K), 0.0037910 secs] [Times: user=0.01 sys=0.01, real=0.00 secs] 
2014-07-16T06:11:32.531+0000: 271.532: [GC [PSYoungGen: 450688K->128K(436288K)] 529057K->78625K(1123264K), 0.0044250 secs] [Times: user=0.01 sys=0.00, real=0.00 secs] 
2014-07-16T06:11:33.468+0000: 272.469: [GC [PSYoungGen: 436288K->256K(422720K)] 514785K->78793K(1109696K), 0.0038050 secs] [Times: user=0.01 sys=0.00, real=0.00 secs] 
2014-07-16T06:11:34.360+0000: 273.361: [GC [PSYoungGen: 422720K->192K(409600K)] 501257K->78761K(1096576K), 0.0043880 secs] [Times: user=0.01 sys=0.00, real=0.00 secs] 
2014-07-16T06:11:35.227+0000: 274.228: [GC [PSYoungGen: 409600K->324K(397248K)] 488169K->78917K(1084224K), 0.0062810 secs] [Times: user=0.02 sys=0.00, real=0.01 secs] 
2014-07-16T06:11:36.123+0000: 275.123: [GC [PSYoungGen: 397188K->402K(385344K)] 475781K->79027K(1072320K), 0.0038660 secs] [Times: user=0.01 sys=0.00, real=0.00 secs] 
2014-07-16T06:11:36.937+0000: 275.938: [GC [PSYoungGen: 385298K->306K(373696K)] 463923K->79043K(1060672K), 0.0062570 secs] [Times: user=0.02 sys=0.00, real=0.01 secs] 
2014-07-16T06:11:37.726+0000: 276.727: [GC [PSYoungGen: 373682K->192K(362560K)] 452419K->78969K(1049536K), 0.0037550 secs] [Times: user=0.01 sys=0.00, real=0.01 secs] 
2014-07-16T06:11:38.513+0000: 277.514: [GC [PSYoungGen: 362560K->338K(352192K)] 441337K->79163K(1039168K), 0.0041170 secs] [Times: user=0.01 sys=0.00, real=0.00 secs] 
2014-07-16T06:11:39.257+0000: 278.258: [GC [PSYoungGen: 352144K->320K(342016K)] 430969K->79225K(1028992K), 0.0045210 secs] [Times: user=0.01 sys=0.00, real=0.01 secs] 
2014-07-16T06:11:39.993+0000: 278.994: [GC [PSYoungGen: 342016K->320K(332288K)] 420921K->79273K(1019264K), 0.0081200 secs] [Times: user=0.03 sys=0.00, real=0.01 secs] 
2014-07-16T06:11:40.684+0000: 279.685: [GC [PSYoungGen: 332288K->306K(322944K)] 411241K->79291K(1009920K), 0.0098570 secs] [Times: user=0.03 sys=0.01, real=0.01 secs] 
2014-07-16T06:11:41.412+0000: 280.412: [GC [PSYoungGen: 322930K->320K(313984K)] 401915K->79353K(1000960K), 0.0057480 secs] [Times: user=0.02 sys=0.00, real=0.00 secs] 
2014-07-16T06:11:42.061+0000: 281.062: [GC [PSYoungGen: 313984K->292K(305408K)] 393017K->79397K(992384K), 0.0032320 secs] [Times: user=0.00 sys=0.00, real=0.00 secs] 
2014-07-16T06:11:42.713+0000: 281.714: [GC [PSYoungGen: 305378K->416K(297280K)] 384483K->79545K(984256K), 0.0056150 secs] [Times: user=0.01 sys=0.00, real=0.00 secs] 
2014-07-16T06:11:43.339+0000: 282.340: [GC [PSYoungGen: 297243K->260K(356544K)] 376372K->79405K(1043520K), 0.0190800 secs] [Times: user=0.06 sys=0.00, real=0.01 secs] 
2014-07-16T06:11:44.111+0000: 283.112: [GC [PSYoungGen: 356478K->342K(427904K)] 435623K->79503K(1114880K), 0.0049140 secs] [Times: user=0.01 sys=0.00, real=0.00 secs] 
2014-07-16T06:11:45.017+0000: 284.018: [GC [PSYoungGen: 427798K->484K(414720K)] 506959K->79685K(1101696K), 0.0035650 secs] [Times: user=0.00 sys=0.00, real=0.01 secs] 
2014-07-16T06:11:45.963+0000: 284.964: [GC [PSYoungGen: 414691K->434K(401920K)] 493892K->79979K(1088896K), 0.0046620 secs] [Times: user=0.01 sys=0.01, real=0.00 secs] 
2014-07-16T06:11:46.757+0000: 285.758: [GC [PSYoungGen: 401902K->288K(389568K)] 481447K->79897K(1076544K), 0.0046320 secs] [Times: user=0.01 sys=0.00, real=0.01 secs] 
2014-07-16T06:11:47.583+0000: 286.584: [GC [PSYoungGen: 389536K->274K(377920K)] 469145K->80003K(1064896K), 0.0040130 secs] [Times: user=0.00 sys=0.00, real=0.00 secs] 
2014-07-16T06:11:48.388+0000: 287.389: [GC [PSYoungGen: 377874K->192K(366592K)] 457603K->79977K(1053568K), 0.0038910 secs] [Times: user=0.01 sys=0.00, real=0.01 secs] 
2014-07-16T06:11:49.188+0000: 288.189: [GC [PSYoungGen: 366587K->402K(356096K)] 446372K->80267K(1043072K), 0.0053610 secs] [Times: user=0.01 sys=0.00, real=0.01 secs] 
2014-07-16T06:11:49.940+0000: 288.941: [GC [PSYoungGen: 356050K->128K(345472K)] 435915K->80073K(1032448K), 0.0032690 secs] [Times: user=0.01 sys=0.00, real=0.00 secs] 
2014-07-16T06:11:50.672+0000: 289.673: [GC [PSYoungGen: 345472K->306K(335808K)] 425417K->80283K(1022784K), 0.0051370 secs] [Times: user=0.01 sys=0.01, real=0.00 secs] 
2014-07-16T06:11:51.423+0000: 290.424: [GC [PSYoungGen: 335712K->648K(326720K)] 415689K->80649K(1013696K), 0.0109720 secs] [Times: user=0.04 sys=0.00, real=0.01 secs] 
2014-07-16T06:11:52.116+0000: 291.117: [GC [PSYoungGen: 326662K->224K(317184K)] 406663K->80273K(1004160K), 0.0040390 secs] [Times: user=0.01 sys=0.00, real=0.01 secs] 
2014-07-16T06:11:52.797+0000: 291.798: [GC [PSYoungGen: 317152K->192K(308416K)] 397201K->80273K(995392K), 0.0029220 secs] [Times: user=0.01 sys=0.00, real=0.01 secs] 
2014-07-16T06:11:53.451+0000: 292.452: [GC [PSYoungGen: 308381K->224K(300096K)] 388462K->80321K(987072K), 0.0059720 secs] [Times: user=0.02 sys=0.00, real=0.00 secs] 
2014-07-16T06:11:54.098+0000: 293.099: [GC [PSYoungGen: 300064K->256K(292096K)] 380161K->80385K(979072K), 0.0036810 secs] [Times: user=0.01 sys=0.00, real=0.01 secs] 
2014-07-16T06:11:54.709+0000: 293.710: [GC [PSYoungGen: 292058K->228K(284352K)] 372187K->80389K(971328K), 0.0051300 secs] [Times: user=0.01 sys=0.00, real=0.01 secs] 
2014-07-16T06:11:55.386+0000: 294.387: [GC [PSYoungGen: 284324K->676K(277376K)] 364485K->81285K(964352K), 0.0041050 secs] [Times: user=0.01 sys=0.01, real=0.00 secs] 
2014-07-16T06:11:55.932+0000: 294.933: [GC [PSYoungGen: 277348K->502K(270080K)] 357957K->81255K(957056K), 0.0058480 secs] [Times: user=0.01 sys=0.00, real=0.00 secs] 
2014-07-16T06:11:56.506+0000: 295.507: [GC [PSYoungGen: 270069K->356K(323904K)] 350822K->81269K(1010880K), 0.0127120 secs] [Times: user=0.04 sys=0.00, real=0.01 secs] 
2014-07-16T06:11:57.196+0000: 296.197: [GC [PSYoungGen: 323780K->356K(314944K)] 404693K->81325K(1001920K), 0.0036530 secs] [Times: user=0.01 sys=0.00, real=0.00 secs] 
2014-07-16T06:11:57.863+0000: 296.864: [GC [PSYoungGen: 314916K->192K(377664K)] 395885K->81209K(1064640K), 0.0187420 secs] [Times: user=0.06 sys=0.00, real=0.02 secs] 
2014-07-16T06:11:58.670+0000: 297.671: [GC [PSYoungGen: 377664K->256K(453248K)] 458681K->81321K(1140224K), 0.0037170 secs] [Times: user=0.01 sys=0.00, real=0.01 secs] 
2014-07-16T06:11:59.634+0000: 298.634: [GC [PSYoungGen: 453248K->288K(543936K)] 534313K->81401K(1230912K), 0.0158420 secs] [Times: user=0.06 sys=0.00, real=0.01 secs] 
2014-07-16T06:12:00.793+0000: 299.794: [GC [PSYoungGen: 543904K->242K(652608K)] 625017K->81403K(1339584K), 0.0045430 secs] [Times: user=0.01 sys=0.00, real=0.00 secs] 
2014-07-16T06:12:02.213+0000: 301.214: [GC [PSYoungGen: 652594K->416K(629440K)] 733755K->81609K(1316416K), 0.0056440 secs] [Times: user=0.02 sys=0.00, real=0.00 secs] 
2014-07-16T06:12:03.545+0000: 302.546: [GC [PSYoungGen: 629408K->128K(606848K)] 710601K->81409K(1293824K), 0.0054460 secs] [Times: user=0.00 sys=0.01, real=0.00 secs] 
2014-07-16T06:12:04.842+0000: 303.843: [GC [PSYoungGen: 606848K->374K(585856K)] 688129K->81687K(1272832K), 0.0077180 secs] [Times: user=0.02 sys=0.00, real=0.00 secs] 
2014-07-16T06:12:06.186+0000: 305.187: [GC [PSYoungGen: 585846K->754K(565952K)] 667159K->82387K(1252928K), 0.0042810 secs] [Times: user=0.01 sys=0.01, real=0.00 secs] 
2014-07-16T06:12:07.318+0000: 306.319: [GC [PSYoungGen: 565938K->384K(546176K)] 647571K->82105K(1233152K), 0.0099460 secs] [Times: user=0.03 sys=0.01, real=0.01 secs] 
2014-07-16T06:12:08.478+0000: 307.479: [GC [PSYoungGen: 546176K->288K(527616K)] 627897K->82153K(1214592K), 0.0032660 secs] [Times: user=0.01 sys=0.00, real=0.00 secs] 
2014-07-16T06:12:09.600+0000: 308.601: [GC [PSYoungGen: 527584K->192K(509824K)] 609449K->82121K(1196800K), 0.0057660 secs] [Times: user=0.01 sys=0.00, real=0.01 secs] 
2014-07-16T06:12:10.693+0000: 309.694: [GC [PSYoungGen: 509824K->192K(492928K)] 591753K->82169K(1179904K), 0.0087420 secs] [Times: user=0.03 sys=0.00, real=0.00 secs] 
2014-07-16T06:12:11.835+0000: 310.835: [GC [PSYoungGen: 492863K->402K(477056K)] 574840K->82419K(1164032K), 0.0057400 secs] [Times: user=0.00 sys=0.00, real=0.00 secs] 
2014-07-16T06:12:12.819+0000: 311.820: [GC [PSYoungGen: 477010K->288K(461504K)] 559027K->82409K(1148480K), 0.0074160 secs] [Times: user=0.02 sys=0.01, real=0.01 secs] 
2014-07-16T06:12:13.800+0000: 312.801: [GC [PSYoungGen: 461472K->160K(446592K)] 543593K->82297K(1133568K), 0.0038320 secs] [Times: user=0.01 sys=0.00, real=0.01 secs] 
2014-07-16T06:12:14.750+0000: 313.751: [GC [PSYoungGen: 446560K->384K(432640K)] 528697K->82561K(1119616K), 0.0079590 secs] [Times: user=0.03 sys=0.00, real=0.01 secs] 
2014-07-16T06:12:15.672+0000: 314.673: [GC [PSYoungGen: 432572K->242K(419008K)] 514749K->82443K(1105984K), 0.0029850 secs] [Times: user=0.01 sys=0.01, real=0.01 secs] 
2014-07-16T06:12:16.568+0000: 315.569: [GC [PSYoungGen: 418952K->352K(406208K)] 501153K->82617K(1093184K), 0.0049250 secs] [Times: user=0.01 sys=0.00, real=0.00 secs] 
2014-07-16T06:12:17.437+0000: 316.438: [GC [PSYoungGen: 406176K->288K(393792K)] 488441K->82633K(1080768K), 0.0064480 secs] [Times: user=0.01 sys=0.00, real=0.00 secs] 
2014-07-16T06:12:18.273+0000: 317.273: [GC [PSYoungGen: 393760K->242K(381888K)] 476105K->82635K(1068864K), 0.0055210 secs] [Times: user=0.01 sys=0.00, real=0.01 secs] 
2014-07-16T06:12:19.116+0000: 318.116: [GC [PSYoungGen: 381874K->562K(370880K)] 464267K->83019K(1057856K), 0.0068430 secs] [Times: user=0.01 sys=0.00, real=0.00 secs] 
2014-07-16T06:12:19.896+0000: 318.896: [GC [PSYoungGen: 370864K->324K(359808K)] 453321K->82869K(1046784K), 0.0081640 secs] [Times: user=0.02 sys=0.00, real=0.01 secs] 
2014-07-16T06:12:20.666+0000: 319.667: [GC [PSYoungGen: 359748K->356K(349376K)] 442293K->82957K(1036352K), 0.0120260 secs] [Times: user=0.04 sys=0.00, real=0.01 secs] 
2014-07-16T06:12:21.487+0000: 320.488: [GC [PSYoungGen: 349348K->502K(339520K)] 431949K->83151K(1026496K), 0.0030960 secs] [Times: user=0.01 sys=0.00, real=0.00 secs] 
2014-07-16T06:12:22.186+0000: 321.186: [GC [PSYoungGen: 339509K->274K(329728K)] 422158K->82995K(1016704K), 0.0032800 secs] [Times: user=0.01 sys=0.00, real=0.00 secs] 
2014-07-16T06:12:22.890+0000: 321.891: [GC [PSYoungGen: 329681K->384K(320576K)] 412403K->83137K(1007552K), 0.0049790 secs] [Times: user=0.02 sys=0.00, real=0.01 secs] 
2014-07-16T06:12:23.572+0000: 322.573: [GC [PSYoungGen: 320576K->324K(311744K)] 403329K->83101K(998720K), 0.0032050 secs] [Times: user=0.01 sys=0.00, real=0.01 secs] 
2014-07-16T06:12:24.235+0000: 323.236: [GC [PSYoungGen: 311684K->160K(303040K)] 394461K->82961K(990016K), 0.0066150 secs] [Times: user=0.02 sys=0.00, real=0.00 secs] 
2014-07-16T06:12:24.883+0000: 323.883: [GC [PSYoungGen: 303004K->228K(294976K)] 385805K->83053K(981952K), 0.0032520 secs] [Times: user=0.01 sys=0.00, real=0.01 secs] 
2014-07-16T06:12:25.511+0000: 324.512: [GC [PSYoungGen: 294948K->320K(287232K)] 377773K->83161K(974208K), 0.0041310 secs] [Times: user=0.01 sys=0.00, real=0.01 secs] 
2014-07-16T06:12:26.120+0000: 325.121: [GC [PSYoungGen: 287230K->388K(344768K)] 370071K->83253K(1031744K), 0.0144990 secs] [Times: user=0.05 sys=0.00, real=0.01 secs] 
2014-07-16T06:12:26.862+0000: 325.862: [GC [PSYoungGen: 344708K->388K(334976K)] 427573K->83301K(1021952K), 0.0031700 secs] [Times: user=0.01 sys=0.00, real=0.01 secs] 
2014-07-16T06:12:27.578+0000: 326.578: [GC [PSYoungGen: 334916K->338K(325504K)] 417829K->83339K(1012480K), 0.0067450 secs] [Times: user=0.01 sys=0.00, real=0.00 secs] 
2014-07-16T06:12:28.278+0000: 327.278: [GC [PSYoungGen: 325458K->256K(390400K)] 408459K->83305K(1077376K), 0.0119790 secs] [Times: user=0.05 sys=0.00, real=0.01 secs] 
2014-07-16T06:12:29.099+0000: 328.099: [GC [PSYoungGen: 390400K->352K(468608K)] 473449K->83449K(1155584K), 0.0069910 secs] [Times: user=0.02 sys=0.00, real=0.00 secs] 
2014-07-16T06:12:30.102+0000: 329.103: [GC [PSYoungGen: 468545K->288K(453504K)] 551642K->83433K(1140480K), 0.0030610 secs] [Times: user=0.01 sys=0.01, real=0.00 secs] 
2014-07-16T06:12:31.068+0000: 330.069: [GC [PSYoungGen: 453472K->224K(439040K)] 536617K->83417K(1126016K), 0.0029440 secs] [Times: user=0.01 sys=0.00, real=0.00 secs] 
2014-07-16T06:12:32.019+0000: 331.020: [GC [PSYoungGen: 439008K->306K(425344K)] 522201K->83531K(1112320K), 0.0037830 secs] [Times: user=0.00 sys=0.00, real=0.00 secs] 
2014-07-16T06:12:32.922+0000: 331.923: [GC [PSYoungGen: 425330K->228K(412096K)] 508555K->83525K(1099072K), 0.0030820 secs] [Times: user=0.01 sys=0.00, real=0.00 secs] 
2014-07-16T06:12:33.803+0000: 332.804: [GC [PSYoungGen: 412068K->192K(399424K)] 495365K->83537K(1086400K), 0.0178540 secs] [Times: user=0.05 sys=0.00, real=0.02 secs] 
2014-07-16T06:12:34.659+0000: 333.659: [GC [PSYoungGen: 399423K->256K(387392K)] 482768K->83633K(1074368K), 0.0029770 secs] [Times: user=0.01 sys=0.00, real=0.00 secs] 
2014-07-16T06:12:35.484+0000: 334.485: [GC [PSYoungGen: 387392K->242K(375808K)] 470769K->83651K(1062784K), 0.0039550 secs] [Times: user=0.01 sys=0.00, real=0.01 secs] 
2014-07-16T06:12:36.284+0000: 335.284: [GC [PSYoungGen: 375794K->370K(364864K)] 459203K->83811K(1051840K), 0.0039420 secs] [Times: user=0.01 sys=0.00, real=0.01 secs] 
2014-07-16T06:12:37.074+0000: 336.075: [GC [PSYoungGen: 364850K->352K(354240K)] 448291K->83865K(1041216K), 0.0058020 secs] [Times: user=0.00 sys=0.00, real=0.01 secs] 
2014-07-16T06:12:37.827+0000: 336.828: [GC [PSYoungGen: 354208K->452K(344192K)] 437721K->84045K(1031168K), 0.0044880 secs] [Times: user=0.01 sys=0.00, real=0.00 secs] 
2014-07-16T06:12:38.560+0000: 337.561: [GC [PSYoungGen: 344036K->178K(334080K)] 427629K->84001K(1021056K), 0.0087540 secs] [Times: user=0.03 sys=0.00, real=0.01 secs] 
2014-07-16T06:12:39.273+0000: 338.274: [GC [PSYoungGen: 334066K->256K(324736K)] 417889K->84135K(1011712K), 0.0078080 secs] [Times: user=0.03 sys=0.00, real=0.01 secs] 
2014-07-16T06:12:39.970+0000: 338.971: [GC [PSYoungGen: 324719K->192K(315648K)] 408598K->84127K(1002624K), 0.0048430 secs] [Times: user=0.01 sys=0.00, real=0.00 secs] 
2014-07-16T06:12:40.655+0000: 339.655: [GC [PSYoungGen: 315648K->466K(379072K)] 399583K->84457K(1066048K), 0.0145220 secs] [Times: user=0.05 sys=0.00, real=0.02 secs] 
2014-07-16T06:12:41.456+0000: 340.457: [GC [PSYoungGen: 379026K->274K(367680K)] 463017K->84313K(1054656K), 0.0049480 secs] [Times: user=0.00 sys=0.00, real=0.01 secs] 
2014-07-16T06:12:42.321+0000: 341.321: [GC [PSYoungGen: 367634K->434K(357056K)] 451673K->84505K(1044032K), 0.0058030 secs] [Times: user=0.02 sys=0.00, real=0.00 secs] 
2014-07-16T06:12:43.104+0000: 342.104: [GC [PSYoungGen: 357042K->256K(346560K)] 441113K->84391K(1033536K), 0.0063930 secs] [Times: user=0.02 sys=0.00, real=0.01 secs] 
2014-07-16T06:12:43.841+0000: 342.841: [GC [PSYoungGen: 346463K->210K(336640K)] 430598K->84393K(1023616K), 0.0043860 secs] [Times: user=0.01 sys=0.00, real=0.00 secs] 
2014-07-16T06:12:44.555+0000: 343.555: [GC [PSYoungGen: 336593K->96K(327040K)] 420776K->84303K(1014016K), 0.0081690 secs] [Times: user=0.03 sys=0.00, real=0.01 secs] 
2014-07-16T06:12:45.255+0000: 344.256: [GC [PSYoungGen: 326986K->228K(318080K)] 411193K->84451K(1005056K), 0.0037080 secs] [Times: user=0.01 sys=0.00, real=0.01 secs] 
2014-07-16T06:12:45.941+0000: 344.941: [GC [PSYoungGen: 318052K->480K(309568K)] 402275K->84727K(996544K), 0.0038280 secs] [Times: user=0.01 sys=0.01, real=0.00 secs] 
2014-07-16T06:12:46.601+0000: 345.602: [GC [PSYoungGen: 309536K->434K(301120K)] 393783K->84721K(988096K), 0.0065500 secs] [Times: user=0.01 sys=0.00, real=0.01 secs] 
2014-07-16T06:12:47.265+0000: 346.266: [GC [PSYoungGen: 301069K->374K(292992K)] 385356K->84805K(979968K), 0.0045870 secs] [Times: user=0.01 sys=0.00, real=0.01 secs] 
2014-07-16T06:12:47.887+0000: 346.888: [GC [PSYoungGen: 292982K->292K(285184K)] 377413K->84787K(972160K), 0.0081670 secs] [Times: user=0.03 sys=0.00, real=0.01 secs] 
2014-07-16T06:12:48.492+0000: 347.493: [GC [PSYoungGen: 285156K->288K(277760K)] 369651K->84831K(964736K), 0.0048370 secs] [Times: user=0.01 sys=0.00, real=0.00 secs] 
2014-07-16T06:12:49.085+0000: 348.085: [GC [PSYoungGen: 277728K->288K(270592K)] 362271K->84879K(957568K), 0.0057420 secs] [Times: user=0.02 sys=0.01, real=0.01 secs] 
2014-07-16T06:12:49.661+0000: 348.662: [GC [PSYoungGen: 270560K->324K(263744K)] 355151K->84947K(950720K), 0.0042290 secs] [Times: user=0.01 sys=0.00, real=0.00 secs] 
2014-07-16T06:12:50.231+0000: 349.231: [GC [PSYoungGen: 263684K->434K(257216K)] 348307K->85089K(944192K), 0.0070790 secs] [Times: user=0.01 sys=0.00, real=0.00 secs] 
2014-07-16T06:12:50.771+0000: 349.772: [GC [PSYoungGen: 257198K->356K(250752K)] 341853K->85067K(937728K), 0.0049890 secs] [Times: user=0.01 sys=0.00, real=0.00 secs] 
2014-07-16T06:12:51.312+0000: 350.312: [GC [PSYoungGen: 250724K->416K(300928K)] 335435K->85175K(987904K), 0.0170220 secs] [Times: user=0.06 sys=0.00, real=0.01 secs] 
2014-07-16T06:12:52.040+0000: 351.041: [GC [PSYoungGen: 300893K->384K(360960K)] 385652K->85263K(1047936K), 0.0042860 secs] [Times: user=0.01 sys=0.00, real=0.00 secs] 
2014-07-16T06:12:52.783+0000: 351.784: [GC [PSYoungGen: 360960K->406K(433152K)] 445839K->85341K(1120128K), 0.0039840 secs] [Times: user=0.01 sys=0.00, real=0.00 secs] 
2014-07-16T06:12:53.725+0000: 352.726: [GC [PSYoungGen: 433110K->484K(419712K)] 518045K->85483K(1106688K), 0.0071610 secs] [Times: user=0.02 sys=0.01, real=0.01 secs] 
2014-07-16T06:12:54.616+0000: 353.617: [GC [PSYoungGen: 419682K->356K(406656K)] 504681K->85387K(1093632K), 0.0054710 secs] [Times: user=0.01 sys=0.00, real=0.01 secs] 
2014-07-16T06:12:55.481+0000: 354.481: [GC [PSYoungGen: 406624K->356K(394240K)] 491655K->85451K(1081216K), 0.0062300 secs] [Times: user=0.01 sys=0.00, real=0.00 secs] 
2014-07-16T06:12:56.324+0000: 355.325: [GC [PSYoungGen: 394208K->352K(382400K)] 479303K->85487K(1069376K), 0.0064250 secs] [Times: user=0.02 sys=0.00, real=0.01 secs] 
2014-07-16T06:12:57.171+0000: 356.172: [GC [PSYoungGen: 382368K->534K(459008K)] 467503K->85757K(1145984K), 0.0252500 secs] [Times: user=0.09 sys=0.00, real=0.02 secs] 
2014-07-16T06:12:58.144+0000: 357.145: [GC [PSYoungGen: 458966K->356K(550528K)] 544189K->85667K(1237504K), 0.0061540 secs] [Times: user=0.01 sys=0.00, real=0.01 secs] 
2014-07-16T06:12:59.327+0000: 358.328: [GC [PSYoungGen: 550500K->256K(660480K)] 635811K->85655K(1347456K), 0.0091770 secs] [Times: user=0.03 sys=0.00, real=0.01 secs] 
2014-07-16T06:13:00.736+0000: 359.736: [GC [PSYoungGen: 660409K->374K(636928K)] 745808K->85853K(1323904K), 0.0080010 secs] [Times: user=0.02 sys=0.00, real=0.01 secs] 
2014-07-16T06:13:02.180+0000: 361.181: [GC [PSYoungGen: 636918K->484K(614464K)] 722397K->86011K(1301440K), 0.0047950 secs] [Times: user=0.01 sys=0.00, real=0.01 secs] 
2014-07-16T06:13:03.455+0000: 362.456: [GC [PSYoungGen: 614414K->224K(592640K)] 699941K->85847K(1279616K), 0.0069350 secs] [Times: user=0.02 sys=0.00, real=0.01 secs] 
2014-07-16T06:13:04.723+0000: 363.724: [GC [PSYoungGen: 592608K->128K(571904K)] 678231K->85807K(1258880K), 0.0036890 secs] [Times: user=0.01 sys=0.00, real=0.00 secs] 
2014-07-16T06:13:05.939+0000: 364.940: [GC [PSYoungGen: 571904K->210K(552384K)] 657583K->85905K(1239360K), 0.0058580 secs] [Times: user=0.00 sys=0.00, real=0.01 secs] 
2014-07-16T06:13:07.160+0000: 366.161: [GC [PSYoungGen: 552338K->498K(533824K)] 638033K->86257K(1220800K), 0.0087030 secs] [Times: user=0.02 sys=0.00, real=0.01 secs] 
2014-07-16T06:13:08.280+0000: 367.281: [GC [PSYoungGen: 533810K->384K(515776K)] 619569K->86231K(1202752K), 0.0114950 secs] [Times: user=0.04 sys=0.00, real=0.01 secs] 
2014-07-16T06:13:09.376+0000: 368.376: [GC [PSYoungGen: 515756K->352K(498624K)] 601603K->86279K(1185600K), 0.0068910 secs] [Times: user=0.01 sys=0.00, real=0.01 secs] 
2014-07-16T06:13:10.465+0000: 369.466: [GC [PSYoungGen: 498592K->616K(482496K)] 584519K->87031K(1169472K), 0.0044240 secs] [Times: user=0.01 sys=0.00, real=0.00 secs] 
2014-07-16T06:13:11.483+0000: 370.484: [GC [PSYoungGen: 482472K->320K(466496K)] 568887K->86903K(1153472K), 0.0030410 secs] [Times: user=0.01 sys=0.00, real=0.00 secs] 
2014-07-16T06:13:12.513+0000: 371.514: [GC [PSYoungGen: 466496K->338K(451584K)] 553079K->87057K(1138560K), 0.0071560 secs] [Times: user=0.02 sys=0.00, real=0.00 secs] 
2014-07-16T06:13:13.496+0000: 372.496: [GC [PSYoungGen: 451535K->548K(437440K)] 538254K->87339K(1124416K), 0.0110260 secs] [Times: user=0.04 sys=0.00, real=0.01 secs] 
2014-07-16T06:13:14.405+0000: 373.406: [GC [PSYoungGen: 437412K->224K(423424K)] 524203K->87079K(1110400K), 0.0072350 secs] [Times: user=0.03 sys=0.00, real=0.00 secs] 
2014-07-16T06:13:15.312+0000: 374.312: [GC [PSYoungGen: 423390K->694K(410752K)] 510245K->87573K(1097728K), 0.0076550 secs] [Times: user=0.03 sys=0.00, real=0.01 secs] 
2014-07-16T06:13:16.182+0000: 375.183: [GC [PSYoungGen: 410742K->288K(397824K)] 497621K->87207K(1084800K), 0.0039320 secs] [Times: user=0.01 sys=0.00, real=0.01 secs] 
2014-07-16T06:13:17.030+0000: 376.030: [GC [PSYoungGen: 397792K->466K(385984K)] 484711K->87449K(1072960K), 0.0068740 secs] [Times: user=0.01 sys=0.00, real=0.01 secs] 
2014-07-16T06:13:17.876+0000: 376.876: [GC [PSYoungGen: 385895K->466K(374464K)] 472878K->87513K(1061440K), 0.0064030 secs] [Times: user=0.03 sys=0.00, real=0.00 secs] 
2014-07-16T06:13:18.667+0000: 377.668: [GC [PSYoungGen: 374415K->256K(363200K)] 461462K->87383K(1050176K), 0.0040900 secs] [Times: user=0.01 sys=0.00, real=0.00 secs] 
2014-07-16T06:13:19.435+0000: 378.436: [GC [PSYoungGen: 363199K->256K(352640K)] 450326K->87423K(1039616K), 0.0042770 secs] [Times: user=0.01 sys=0.00, real=0.00 secs] 
2014-07-16T06:13:20.186+0000: 379.187: [GC [PSYoungGen: 352633K->320K(342528K)] 439800K->87543K(1029504K), 0.0060390 secs] [Times: user=0.02 sys=0.00, real=0.00 secs] 
2014-07-16T06:13:20.920+0000: 379.920: [GC [PSYoungGen: 342528K->210K(332736K)] 429751K->87489K(1019712K), 0.0103940 secs] [Times: user=0.03 sys=0.00, real=0.01 secs] 
2014-07-16T06:13:21.641+0000: 380.641: [GC [PSYoungGen: 332690K->388K(323584K)] 419969K->87715K(1010560K), 0.0086620 secs] [Times: user=0.03 sys=0.00, real=0.01 secs] 
2014-07-16T06:13:22.396+0000: 381.397: [GC [PSYoungGen: 323523K->634K(388416K)] 410850K->88009K(1075392K), 0.0105200 secs] [Times: user=0.04 sys=0.00, real=0.01 secs] 
2014-07-16T06:13:23.187+0000: 382.187: [GC [PSYoungGen: 388410K->224K(376448K)] 475785K->87663K(1063424K), 0.0054910 secs] [Times: user=0.01 sys=0.00, real=0.00 secs] 
2014-07-16T06:13:24.011+0000: 383.012: [GC [PSYoungGen: 376412K->320K(365376K)] 463851K->87791K(1052352K), 0.0066380 secs] [Times: user=0.02 sys=0.00, real=0.01 secs] 
2014-07-16T06:13:24.791+0000: 383.792: [GC [PSYoungGen: 365375K->242K(354624K)] 452846K->87777K(1041600K), 0.0037230 secs] [Times: user=0.01 sys=0.00, real=0.01 secs] 
2014-07-16T06:13:25.548+0000: 384.549: [GC [PSYoungGen: 354610K->288K(344448K)] 442145K->87847K(1031424K), 0.0031120 secs] [Times: user=0.01 sys=0.00, real=0.00 secs] 
2014-07-16T06:13:26.290+0000: 385.291: [GC [PSYoungGen: 344416K->548K(334912K)] 431975K->88147K(1021888K), 0.0058020 secs] [Times: user=0.02 sys=0.00, real=0.01 secs] 
2014-07-16T06:13:27.007+0000: 386.008: [GC [PSYoungGen: 334884K->384K(325312K)] 422483K->88055K(1012288K), 0.0077020 secs] [Times: user=0.02 sys=0.01, real=0.01 secs] 
2014-07-16T06:13:27.697+0000: 386.698: [GC [PSYoungGen: 325312K->338K(316288K)] 412983K->88081K(1003264K), 0.0060670 secs] [Times: user=0.02 sys=0.00, real=0.00 secs] 
2014-07-16T06:13:28.375+0000: 387.375: [GC [PSYoungGen: 316242K->228K(307520K)] 403985K->88035K(994496K), 0.0058760 secs] [Times: user=0.00 sys=0.00, real=0.01 secs] 
2014-07-16T06:13:29.032+0000: 388.032: [GC [PSYoungGen: 307492K->466K(299456K)] 395299K->88337K(986432K), 0.0037840 secs] [Times: user=0.01 sys=0.00, real=0.01 secs] 
2014-07-16T06:13:29.672+0000: 388.673: [GC [PSYoungGen: 299410K->338K(291328K)] 387281K->88241K(978304K), 0.0085350 secs] [Times: user=0.03 sys=0.01, real=0.01 secs] 
2014-07-16T06:13:30.296+0000: 389.297: [GC [PSYoungGen: 291282K->356K(283648K)] 379185K->88299K(970624K), 0.0077170 secs] [Times: user=0.03 sys=0.00, real=0.00 secs] 
2014-07-16T06:13:30.915+0000: 389.915: [GC [PSYoungGen: 283536K->634K(276544K)] 371479K->88761K(963520K), 0.0043870 secs] [Times: user=0.01 sys=0.00, real=0.01 secs] 
2014-07-16T06:13:31.498+0000: 390.498: [GC [PSYoungGen: 276536K->320K(331456K)] 364663K->88775K(1018432K), 0.0310800 secs] [Times: user=0.10 sys=0.01, real=0.03 secs] 
2014-07-16T06:13:32.199+0000: 391.200: [GC [PSYoungGen: 331455K->288K(397696K)] 419911K->88799K(1084672K), 0.0144070 secs] [Times: user=0.04 sys=0.00, real=0.01 secs] 
2014-07-16T06:13:33.066+0000: 392.066: [GC [PSYoungGen: 397664K->256K(477120K)] 486175K->88895K(1164096K), 0.0053150 secs] [Times: user=0.02 sys=0.00, real=0.00 secs] 
2014-07-16T06:13:34.099+0000: 393.100: [GC [PSYoungGen: 477081K->420K(572736K)] 565720K->89131K(1259712K), 0.0072710 secs] [Times: user=0.03 sys=0.00, real=0.01 secs] 
2014-07-16T06:13:35.317+0000: 394.318: [GC [PSYoungGen: 572708K->338K(687168K)] 661419K->89097K(1374144K), 0.0055360 secs] [Times: user=0.01 sys=0.01, real=0.00 secs] 
2014-07-16T06:13:36.777+0000: 395.778: [GC [PSYoungGen: 687113K->388K(662272K)] 775872K->89195K(1349248K), 0.0072360 secs] [Times: user=0.02 sys=0.00, real=0.00 secs] 
2014-07-16T06:13:38.198+0000: 397.199: [GC [PSYoungGen: 662212K->306K(638336K)] 751019K->89193K(1325312K), 0.0042560 secs] [Times: user=0.01 sys=0.00, real=0.00 secs] 
2014-07-16T06:13:39.563+0000: 398.563: [GC [PSYoungGen: 638322K->178K(615488K)] 727209K->89193K(1302464K), 0.0074900 secs] [Times: user=0.03 sys=0.00, real=0.01 secs] 
2014-07-16T06:13:40.879+0000: 399.880: [GC [PSYoungGen: 615474K->160K(593856K)] 704489K->89223K(1280832K), 0.0111640 secs] [Times: user=0.03 sys=0.00, real=0.01 secs] 
2014-07-16T06:13:42.149+0000: 401.150: [GC [PSYoungGen: 593824K->178K(573184K)] 682887K->89297K(1260160K), 0.0040820 secs] [Times: user=0.01 sys=0.00, real=0.00 secs] 
2014-07-16T06:13:43.427+0000: 402.428: [GC [PSYoungGen: 573170K->434K(553728K)] 662289K->89601K(1240704K), 0.0075910 secs] [Times: user=0.01 sys=0.00, real=0.00 secs] 
2014-07-16T06:13:44.630+0000: 403.631: [GC [PSYoungGen: 553714K->192K(534656K)] 642881K->89431K(1221632K), 0.0040240 secs] [Times: user=0.01 sys=0.00, real=0.00 secs] 
2014-07-16T06:13:45.757+0000: 404.758: [GC [PSYoungGen: 534656K->192K(516672K)] 623895K->89479K(1203648K), 0.0038150 secs] [Times: user=0.01 sys=0.00, real=0.00 secs] 
2014-07-16T06:13:46.883+0000: 405.884: [GC [PSYoungGen: 516672K->288K(499584K)] 605959K->89647K(1186560K), 0.0281230 secs] [Times: user=0.10 sys=0.00, real=0.03 secs] 
2014-07-16T06:13:48.013+0000: 407.014: [GC [PSYoungGen: 499552K->512K(483328K)] 588911K->89967K(1170304K), 0.0073890 secs] [Times: user=0.02 sys=0.00, real=0.01 secs] 
2014-07-16T06:13:49.043+0000: 408.044: [GC [PSYoungGen: 483271K->498K(467648K)] 572726K->90073K(1154624K), 0.0093870 secs] [Times: user=0.03 sys=0.00, real=0.01 secs] 
2014-07-16T06:13:50.025+0000: 409.026: [GC [PSYoungGen: 467634K->324K(452480K)] 557209K->89955K(1139456K), 0.0035190 secs] [Times: user=0.00 sys=0.00, real=0.01 secs] 
2014-07-16T06:13:50.989+0000: 409.990: [GC [PSYoungGen: 452420K->424K(438208K)] 542051K->90119K(1125184K), 0.0100270 secs] [Times: user=0.03 sys=0.00, real=0.01 secs] 
2014-07-16T06:13:51.926+0000: 410.927: [GC [PSYoungGen: 438184K->292K(424320K)] 527879K->90019K(1111296K), 0.0123680 secs] [Times: user=0.05 sys=0.00, real=0.02 secs] 
2014-07-16T06:13:52.841+0000: 411.842: [GC [PSYoungGen: 424292K->242K(411072K)] 514019K->90009K(1098048K), 0.0032410 secs] [Times: user=0.01 sys=0.00, real=0.00 secs] 
2014-07-16T06:13:53.721+0000: 412.721: [GC [PSYoungGen: 411058K->160K(398400K)] 500825K->89975K(1085376K), 0.0089670 secs] [Times: user=0.03 sys=0.00, real=0.01 secs] 
2014-07-16T06:13:54.588+0000: 413.588: [GC [PSYoungGen: 398368K->288K(386496K)] 488183K->90135K(1073472K), 0.0088510 secs] [Times: user=0.03 sys=0.00, real=0.01 secs] 
2014-07-16T06:13:55.399+0000: 414.399: [GC [PSYoungGen: 386464K->274K(374976K)] 476311K->90169K(1061952K), 0.0100230 secs] [Times: user=0.03 sys=0.00, real=0.01 secs] 
2014-07-16T06:13:56.196+0000: 415.197: [GC [PSYoungGen: 374930K->224K(449856K)] 464825K->90159K(1136832K), 0.0096310 secs] [Times: user=0.03 sys=0.00, real=0.01 secs] 
2014-07-16T06:13:57.159+0000: 416.160: [GC [PSYoungGen: 449824K->274K(539840K)] 539759K->90273K(1226816K), 0.0144770 secs] [Times: user=0.05 sys=0.00, real=0.02 secs] 
2014-07-16T06:13:58.340+0000: 417.340: [GC [PSYoungGen: 539794K->480K(647936K)] 629793K->90535K(1334912K), 0.0078710 secs] [Times: user=0.01 sys=0.00, real=0.00 secs] 
2014-07-16T06:13:59.723+0000: 418.724: [GC [PSYoungGen: 647818K->260K(624640K)] 737873K->90419K(1311616K), 0.0040420 secs] [Times: user=0.01 sys=0.01, real=0.00 secs] 
2014-07-16T06:14:01.053+0000: 420.054: [GC [PSYoungGen: 624580K->288K(602560K)] 714739K->90495K(1289536K), 0.0037070 secs] [Times: user=0.01 sys=0.00, real=0.00 secs] 
2014-07-16T06:14:02.363+0000: 421.364: [GC [PSYoungGen: 602528K->352K(581568K)] 692735K->90671K(1268544K), 0.0081610 secs] [Times: user=0.04 sys=0.00, real=0.01 secs] 
2014-07-16T06:14:03.601+0000: 422.601: [GC [PSYoungGen: 581534K->242K(561344K)] 671853K->90609K(1248320K), 0.0176430 secs] [Times: user=0.06 sys=0.00, real=0.01 secs] 
2014-07-16T06:14:04.824+0000: 423.825: [GC [PSYoungGen: 561330K->562K(542464K)] 651697K->90993K(1229440K), 0.0064460 secs] [Times: user=0.02 sys=0.00, real=0.01 secs] 
2014-07-16T06:14:05.973+0000: 424.974: [GC [PSYoungGen: 542450K->420K(524032K)] 632881K->90907K(1211008K), 0.0049830 secs] [Times: user=0.01 sys=0.00, real=0.00 secs] 
2014-07-16T06:14:07.090+0000: 426.091: [GC [PSYoungGen: 524004K->192K(506240K)] 614491K->90735K(1193216K), 0.0117570 secs] [Times: user=0.04 sys=0.00, real=0.02 secs] 
2014-07-16T06:14:08.243+0000: 427.244: [GC [PSYoungGen: 506240K->448K(607744K)] 596783K->91071K(1294720K), 0.0202010 secs] [Times: user=0.07 sys=0.00, real=0.02 secs] 
2014-07-16T06:14:09.531+0000: 428.532: [GC [PSYoungGen: 607744K->320K(586304K)] 698367K->91071K(1273280K), 0.0057020 secs] [Times: user=0.02 sys=0.00, real=0.01 secs] 
2014-07-16T06:14:10.785+0000: 429.785: [GC [PSYoungGen: 586304K->338K(566080K)] 677055K->91153K(1253056K), 0.0168990 secs] [Times: user=0.06 sys=0.00, real=0.02 secs] 
2014-07-16T06:14:11.993+0000: 430.994: [GC [PSYoungGen: 566034K->338K(546688K)] 656849K->91185K(1233664K), 0.0056610 secs] [Times: user=0.01 sys=0.00, real=0.00 secs] 
2014-07-16T06:14:13.224+0000: 432.224: [GC [PSYoungGen: 546642K->576K(656192K)] 637489K->91471K(1343168K), 0.0301530 secs] [Times: user=0.11 sys=0.00, real=0.03 secs] 
2014-07-16T06:14:14.587+0000: 433.588: [GC [PSYoungGen: 656160K->228K(787008K)] 747055K->91309K(1473984K), 0.0040390 secs] [Times: user=0.01 sys=0.00, real=0.00 secs] 
2014-07-16T06:14:16.266+0000: 435.267: [GC [PSYoungGen: 786980K->224K(757440K)] 878061K->91361K(1444416K), 0.0081410 secs] [Times: user=0.03 sys=0.00, real=0.01 secs] 
2014-07-16T06:14:17.888+0000: 436.888: [GC [PSYoungGen: 757338K->388K(729408K)] 848476K->91645K(1416384K), 0.0084530 secs] [Times: user=0.03 sys=0.00, real=0.01 secs] 
2014-07-16T06:14:19.461+0000: 438.462: [GC [PSYoungGen: 729343K->338K(702464K)] 820600K->91699K(1389440K), 0.0029990 secs] [Times: user=0.01 sys=0.00, real=0.01 secs] 
2014-07-16T06:14:20.950+0000: 439.950: [GC [PSYoungGen: 702418K->484K(676928K)] 793779K->91965K(1363904K), 0.0073800 secs] [Times: user=0.03 sys=0.00, real=0.01 secs] 
2014-07-16T06:14:22.401+0000: 441.402: [GC [PSYoungGen: 676880K->288K(652288K)] 768361K->91809K(1339264K), 0.0097740 secs] [Times: user=0.03 sys=0.01, real=0.01 secs] 
2014-07-16T06:14:23.811+0000: 442.811: [GC [PSYoungGen: 652256K->416K(629056K)] 743777K->92001K(1316032K), 0.0146380 secs] [Times: user=0.04 sys=0.00, real=0.02 secs] 
2014-07-16T06:14:25.157+0000: 444.157: [GC [PSYoungGen: 629024K->242K(606592K)] 720609K->91907K(1293568K), 0.0039450 secs] [Times: user=0.01 sys=0.00, real=0.00 secs] 
2014-07-16T06:14:26.461+0000: 445.462: [GC [PSYoungGen: 606578K->242K(585344K)] 698243K->91955K(1272320K), 0.0145930 secs] [Times: user=0.05 sys=0.00, real=0.02 secs] 
2014-07-16T06:14:27.715+0000: 446.716: [GC [PSYoungGen: 585330K->274K(565120K)] 677043K->92091K(1252096K), 0.0124140 secs] [Times: user=0.05 sys=0.00, real=0.01 secs] 
2014-07-16T06:14:28.945+0000: 447.946: [GC [PSYoungGen: 565074K->224K(545728K)] 656891K->92105K(1232704K), 0.0068500 secs] [Times: user=0.01 sys=0.00, real=0.00 secs] 
2014-07-16T06:14:30.127+0000: 449.127: [GC [PSYoungGen: 545696K->580K(527616K)] 637577K->92573K(1214592K), 0.0082020 secs] [Times: user=0.01 sys=0.00, real=0.01 secs] 
2014-07-16T06:14:31.248+0000: 450.248: [GC [PSYoungGen: 527556K->370K(509696K)] 619549K->92419K(1196672K), 0.0092130 secs] [Times: user=0.03 sys=0.00, real=0.01 secs] 
2014-07-16T06:14:32.341+0000: 451.341: [GC [PSYoungGen: 509682K->288K(492736K)] 601731K->92377K(1179712K), 0.0038740 secs] [Times: user=0.01 sys=0.00, real=0.01 secs] 
2014-07-16T06:14:33.457+0000: 452.458: [GC [PSYoungGen: 492704K->530K(476864K)] 584793K->92659K(1163840K), 0.0049120 secs] [Times: user=0.01 sys=0.00, real=0.00 secs] 
2014-07-16T06:14:34.422+0000: 453.422: [GC [PSYoungGen: 476818K->684K(461568K)] 568947K->92925K(1148544K), 0.0049410 secs] [Times: user=0.01 sys=0.00, real=0.01 secs] 
2014-07-16T06:14:35.394+0000: 454.395: [GC [PSYoungGen: 461548K->192K(446336K)] 553789K->92593K(1133312K), 0.0038300 secs] [Times: user=0.01 sys=0.00, real=0.01 secs] 
2014-07-16T06:14:36.359+0000: 455.360: [GC [PSYoungGen: 446328K->224K(432320K)] 538729K->92673K(1119296K), 0.0059080 secs] [Times: user=0.02 sys=0.00, real=0.01 secs] 
2014-07-16T06:14:37.284+0000: 456.285: [GC [PSYoungGen: 432288K->356K(418944K)] 524737K->92925K(1105920K), 0.0197970 secs] [Times: user=0.08 sys=0.00, real=0.02 secs] 
2014-07-16T06:14:38.184+0000: 457.185: [GC [PSYoungGen: 418916K->224K(405888K)] 511485K->92841K(1092864K), 0.0064440 secs] [Times: user=0.01 sys=0.00, real=0.01 secs] 
2014-07-16T06:14:39.054+0000: 458.055: [GC [PSYoungGen: 405856K->256K(393536K)] 498473K->92913K(1080512K), 0.0055030 secs] [Times: user=0.01 sys=0.01, real=0.01 secs] 
2014-07-16T06:14:39.894+0000: 458.894: [GC [PSYoungGen: 393536K->470K(381952K)] 486193K->93191K(1068928K), 0.0052610 secs] [Times: user=0.01 sys=0.00, real=0.01 secs] 
2014-07-16T06:14:40.708+0000: 459.709: [GC [PSYoungGen: 381910K->192K(457920K)] 474631K->92945K(1144896K), 0.0284230 secs] [Times: user=0.10 sys=0.00, real=0.03 secs] 
2014-07-16T06:14:41.691+0000: 460.691: [GC [PSYoungGen: 457903K->288K(549632K)] 550656K->93073K(1236608K), 0.0074240 secs] [Times: user=0.02 sys=0.01, real=0.01 secs] 
2014-07-16T06:14:42.876+0000: 461.877: [GC [PSYoungGen: 549600K->434K(659648K)] 642385K->93259K(1346624K), 0.0112760 secs] [Times: user=0.04 sys=0.00, real=0.01 secs] 
2014-07-16T06:14:44.295+0000: 463.296: [GC [PSYoungGen: 659608K->288K(635840K)] 752433K->93153K(1322816K), 0.0069900 secs] [Times: user=0.01 sys=0.00, real=0.01 secs] 
2014-07-16T06:14:45.691+0000: 464.692: [GC [PSYoungGen: 635808K->580K(613568K)] 728673K->93509K(1300544K), 0.0049310 secs] [Times: user=0.01 sys=0.00, real=0.00 secs] 
2014-07-16T06:14:46.982+0000: 465.982: [GC [PSYoungGen: 613508K->256K(591616K)] 706437K->93273K(1278592K), 0.0058330 secs] [Times: user=0.02 sys=0.01, real=0.01 secs] 
2014-07-16T06:14:48.248+0000: 467.248: [GC [PSYoungGen: 591616K->192K(571008K)] 684633K->93321K(1257984K), 0.0046060 secs] [Times: user=0.02 sys=0.00, real=0.00 secs] 
2014-07-16T06:14:49.479+0000: 468.480: [GC [PSYoungGen: 571005K->416K(551616K)] 664134K->93609K(1238592K), 0.0041280 secs] [Times: user=0.01 sys=0.00, real=0.00 secs] 
2014-07-16T06:14:50.648+0000: 469.648: [GC [PSYoungGen: 551584K->388K(532864K)] 644777K->93669K(1219840K), 0.0103370 secs] [Times: user=0.03 sys=0.00, real=0.01 secs] 
2014-07-16T06:14:51.784+0000: 470.784: [GC [PSYoungGen: 532804K->192K(514688K)] 626085K->93513K(1201664K), 0.0039110 secs] [Times: user=0.01 sys=0.00, real=0.01 secs] 
2014-07-16T06:14:52.902+0000: 471.903: [GC [PSYoungGen: 514676K->324K(497792K)] 607998K->93669K(1184768K), 0.0034840 secs] [Times: user=0.01 sys=0.00, real=0.00 secs] 
2014-07-16T06:14:53.964+0000: 472.965: [GC [PSYoungGen: 497732K->192K(481280K)] 591077K->93593K(1168256K), 0.0094240 secs] [Times: user=0.03 sys=0.01, real=0.01 secs] 
2014-07-16T06:14:54.993+0000: 473.994: [GC [PSYoungGen: 481280K->416K(465920K)] 574681K->93865K(1152896K), 0.0120550 secs] [Times: user=0.04 sys=0.00, real=0.01 secs] 
2014-07-16T06:14:55.983+0000: 474.983: [GC [PSYoungGen: 465888K->384K(558976K)] 559337K->93881K(1245952K), 0.0317570 secs] [Times: user=0.12 sys=0.00, real=0.03 secs] 
2014-07-16T06:14:57.252+0000: 476.252: [GC [PSYoungGen: 558976K->502K(670848K)] 652473K->94175K(1357824K), 0.0126670 secs] [Times: user=0.04 sys=0.01, real=0.01 secs] 
2014-07-16T06:14:58.728+0000: 477.729: [GC [PSYoungGen: 670833K->594K(805056K)] 764506K->94411K(1492032K), 0.0218870 secs] [Times: user=0.07 sys=0.01, real=0.02 secs] 
2014-07-16T06:15:00.417+0000: 479.418: [GC [PSYoungGen: 805010K->352K(965696K)] 898827K->94313K(1652672K), 0.0042570 secs] [Times: user=0.01 sys=0.01, real=0.01 secs] 
2014-07-16T06:15:02.472+0000: 481.473: [GC [PSYoungGen: 965664K->352K(1158784K)] 1059625K->94401K(1845760K), 0.0256250 secs] [Times: user=0.09 sys=0.00, real=0.02 secs] 
2014-07-16T06:15:04.975+0000: 483.976: [GC [PSYoungGen: 1158667K->388K(1111488K)] 1252716K->94477K(1798464K), 0.0132410 secs] [Times: user=0.05 sys=0.00, real=0.01 secs] 
2014-07-16T06:15:07.374+0000: 486.375: [GC [PSYoungGen: 1111428K->694K(1066688K)] 1205517K->94951K(1753664K), 0.0101500 secs] [Times: user=0.04 sys=0.00, real=0.01 secs] 
2014-07-16T06:15:09.681+0000: 488.681: [GC [PSYoungGen: 1066678K->306K(1023424K)] 1160935K->94755K(1710400K), 0.0163860 secs] [Times: user=0.06 sys=0.00, real=0.01 secs] 
2014-07-16T06:15:11.869+0000: 490.870: [GC [PSYoungGen: 1023410K->210K(982528K)] 1117859K->94803K(1669504K), 0.0054620 secs] [Times: user=0.02 sys=0.00, real=0.01 secs] 
2014-07-16T06:15:14.023+0000: 493.023: [GC [PSYoungGen: 982482K->384K(943808K)] 1077075K->95057K(1630784K), 0.0111530 secs] [Times: user=0.03 sys=0.00, real=0.01 secs] 
2014-07-16T06:15:16.014+0000: 495.015: [GC [PSYoungGen: 943783K->552K(907008K)] 1038456K->95329K(1593984K), 0.0095440 secs] [Times: user=0.03 sys=0.00, real=0.01 secs] 
2014-07-16T06:15:17.966+0000: 496.967: [GC [PSYoungGen: 906984K->352K(871552K)] 1001761K->95209K(1558528K), 0.0045450 secs] [Times: user=0.01 sys=0.00, real=0.00 secs] 
2014-07-16T06:15:19.829+0000: 498.829: [GC [PSYoungGen: 871520K->338K(837952K)] 966377K->95347K(1524928K), 0.0042910 secs] [Times: user=0.01 sys=0.00, real=0.01 secs] 
2014-07-16T06:15:21.622+0000: 500.623: [GC [PSYoungGen: 837843K->160K(805760K)] 932853K->95281K(1492736K), 0.0098740 secs] [Times: user=0.03 sys=0.01, real=0.01 secs] 
2014-07-16T06:15:23.346+0000: 502.347: [GC [PSYoungGen: 805728K->224K(775360K)] 900849K->95417K(1462336K), 0.0076180 secs] [Times: user=0.03 sys=0.00, real=0.01 secs] 
2014-07-16T06:15:25.010+0000: 504.011: [GC [PSYoungGen: 775328K->338K(746432K)] 870521K->95571K(1433408K), 0.0044270 secs] [Times: user=0.01 sys=0.00, real=0.01 secs] 
2014-07-16T06:15:26.654+0000: 505.655: [GC [PSYoungGen: 746386K->740K(719104K)] 841619K->96053K(1406080K), 0.0119240 secs] [Times: user=0.04 sys=0.00, real=0.01 secs] 
2014-07-16T06:15:28.179+0000: 507.179: [GC [PSYoungGen: 719073K->438K(692352K)] 814386K->95911K(1379328K), 0.0087180 secs] [Times: user=0.01 sys=0.00, real=0.01 secs] 
2014-07-16T06:15:29.685+0000: 508.686: [GC [PSYoungGen: 692342K->192K(666944K)] 787815K->95817K(1353920K), 0.0087200 secs] [Times: user=0.03 sys=0.00, real=0.01 secs] 
2014-07-16T06:15:31.134+0000: 510.134: [GC [PSYoungGen: 666941K->370K(643136K)] 762566K->96083K(1330112K), 0.0078730 secs] [Times: user=0.02 sys=0.00, real=0.00 secs] 
2014-07-16T06:15:32.479+0000: 511.479: [GC [PSYoungGen: 643086K->260K(620160K)] 738799K->96021K(1307136K), 0.0113670 secs] [Times: user=0.04 sys=0.00, real=0.01 secs] 
2014-07-16T06:15:33.807+0000: 512.808: [GC [PSYoungGen: 620042K->242K(598208K)] 715803K->96035K(1285184K), 0.0059520 secs] [Times: user=0.01 sys=0.00, real=0.00 secs] 
2014-07-16T06:15:35.100+0000: 514.100: [GC [PSYoungGen: 598194K->352K(577472K)] 693987K->96201K(1264448K), 0.0057270 secs] [Times: user=0.01 sys=0.00, real=0.01 secs] 
2014-07-16T06:15:36.332+0000: 515.332: [GC [PSYoungGen: 577440K->338K(557568K)] 673289K->96259K(1244544K), 0.0102530 secs] [Times: user=0.03 sys=0.00, real=0.01 secs] 
2014-07-16T06:15:37.539+0000: 516.540: [GC [PSYoungGen: 557522K->768K(538944K)] 653443K->96809K(1225920K), 0.0253190 secs] [Times: user=0.09 sys=0.00, real=0.03 secs] 
2014-07-16T06:15:38.691+0000: 517.692: [GC [PSYoungGen: 538944K->434K(646272K)] 634985K->96571K(1333248K), 0.0157520 secs] [Times: user=0.05 sys=0.00, real=0.02 secs] 
2014-07-16T06:15:40.087+0000: 519.087: [GC [PSYoungGen: 646258K->320K(775360K)] 742395K->96569K(1462336K), 0.0206700 secs] [Times: user=0.07 sys=0.00, real=0.02 secs] 
2014-07-16T06:15:41.742+0000: 520.742: [GC [PSYoungGen: 775360K->224K(930304K)] 871609K->96577K(1617280K), 0.0090380 secs] [Times: user=0.04 sys=0.00, real=0.01 secs] 
2014-07-16T06:15:43.738+0000: 522.738: [GC [PSYoungGen: 930272K->434K(894144K)] 1026625K->96867K(1581120K), 0.0077910 secs] [Times: user=0.03 sys=0.00, real=0.01 secs] 
2014-07-16T06:15:45.635+0000: 524.636: [GC [PSYoungGen: 894130K->288K(859392K)] 990563K->96777K(1546368K), 0.0137880 secs] [Times: user=0.05 sys=0.00, real=0.02 secs] 
2014-07-16T06:15:47.475+0000: 526.475: [GC [PSYoungGen: 859291K->352K(826432K)] 955781K->96945K(1513408K), 0.0068040 secs] [Times: user=0.01 sys=0.00, real=0.01 secs] 
2014-07-16T06:15:49.240+0000: 528.240: [GC [PSYoungGen: 826400K->192K(794816K)] 922993K->96889K(1481792K), 0.0109900 secs] [Times: user=0.05 sys=0.00, real=0.01 secs] 
2014-07-16T06:15:50.970+0000: 529.971: [GC [PSYoungGen: 794816K->256K(764928K)] 891513K->97057K(1451904K), 0.0058980 secs] [Times: user=0.02 sys=0.00, real=0.01 secs] 
2014-07-16T06:15:52.603+0000: 531.604: [GC [PSYoungGen: 764927K->192K(736320K)] 861728K->97105K(1423296K), 0.0066300 secs] [Times: user=0.02 sys=0.00, real=0.01 secs] 
2014-07-16T06:15:54.185+0000: 533.185: [GC [PSYoungGen: 736320K->160K(709120K)] 833233K->97097K(1396096K), 0.0070260 secs] [Times: user=0.01 sys=0.00, real=0.01 secs] 
2014-07-16T06:15:55.697+0000: 534.698: [GC [PSYoungGen: 709078K->388K(683392K)] 806015K->97357K(1370368K), 0.0075580 secs] [Times: user=0.01 sys=0.00, real=0.00 secs] 
2014-07-16T06:15:57.161+0000: 536.162: [GC [PSYoungGen: 683289K->406K(658624K)] 780258K->97463K(1345600K), 0.0209910 secs] [Times: user=0.08 sys=0.00, real=0.02 secs] 
2014-07-16T06:15:58.569+0000: 537.570: [GC [PSYoungGen: 658525K->516K(635136K)] 755583K->97693K(1322112K), 0.0095700 secs] [Times: user=0.03 sys=0.00, real=0.01 secs] 
2014-07-16T06:15:59.940+0000: 538.941: [GC [PSYoungGen: 635076K->484K(612544K)] 732253K->97741K(1299520K), 0.0038430 secs] [Times: user=0.01 sys=0.00, real=0.00 secs] 
2014-07-16T06:16:01.246+0000: 540.247: [GC [PSYoungGen: 612516K->374K(590912K)] 709773K->97735K(1277888K), 0.0205990 secs] [Times: user=0.07 sys=0.00, real=0.02 secs] 
2014-07-16T06:16:02.517+0000: 541.517: [GC [PSYoungGen: 590902K->452K(570496K)] 688263K->97893K(1257472K), 0.0185370 secs] [Times: user=0.06 sys=0.00, real=0.02 secs] 
2014-07-16T06:16:03.748+0000: 542.749: [GC [PSYoungGen: 570392K->338K(550784K)] 667833K->97811K(1237760K), 0.0096410 secs] [Times: user=0.04 sys=0.00, real=0.01 secs] 
2014-07-16T06:16:04.924+0000: 543.925: [GC [PSYoungGen: 550738K->160K(660672K)] 648211K->97681K(1347648K), 0.0222730 secs] [Times: user=0.08 sys=0.00, real=0.02 secs] 
2014-07-16T06:16:06.355+0000: 545.356: [GC [PSYoungGen: 660640K->612K(637376K)] 758161K->98181K(1324352K), 0.0054150 secs] [Times: user=0.01 sys=0.00, real=0.01 secs] 
2014-07-16T06:16:07.707+0000: 546.707: [GC [PSYoungGen: 637348K->352K(614464K)] 734917K->98017K(1301440K), 0.0046480 secs] [Times: user=0.01 sys=0.00, real=0.01 secs] 
2014-07-16T06:16:09.092+0000: 548.093: [GC [PSYoungGen: 614432K->562K(593088K)] 712097K->98315K(1280064K), 0.0053420 secs] [Times: user=0.01 sys=0.01, real=0.00 secs] 
2014-07-16T06:16:10.375+0000: 549.376: [GC [PSYoungGen: 593074K->448K(572352K)] 690827K->98321K(1259328K), 0.0135140 secs] [Times: user=0.05 sys=0.00, real=0.01 secs] 
2014-07-16T06:16:11.598+0000: 550.599: [GC [PSYoungGen: 572352K->324K(552576K)] 670225K->98285K(1239552K), 0.0069770 secs] [Times: user=0.01 sys=0.00, real=0.01 secs] 
2014-07-16T06:16:12.782+0000: 551.782: [GC [PSYoungGen: 552493K->538K(533952K)] 650454K->98563K(1220928K), 0.0106630 secs] [Times: user=0.04 sys=0.00, real=0.01 secs] 
2014-07-16T06:16:13.924+0000: 552.924: [GC [PSYoungGen: 533914K->288K(515776K)] 631939K->98345K(1202752K), 0.0030850 secs] [Times: user=0.01 sys=0.00, real=0.00 secs] 
2014-07-16T06:16:15.060+0000: 554.061: [GC [PSYoungGen: 515744K->566K(498880K)] 613801K->98695K(1185856K), 0.0095480 secs] [Times: user=0.03 sys=0.00, real=0.01 secs] 
2014-07-16T06:16:16.131+0000: 555.131: [GC [PSYoungGen: 498859K->288K(482240K)] 596988K->98513K(1169216K), 0.0085980 secs] [Times: user=0.03 sys=0.00, real=0.00 secs] 
2014-07-16T06:16:17.165+0000: 556.166: [GC [PSYoungGen: 482207K->388K(466688K)] 580433K->98677K(1153664K), 0.0046330 secs] [Times: user=0.01 sys=0.00, real=0.00 secs] 
2014-07-16T06:16:18.164+0000: 557.165: [GC [PSYoungGen: 466628K->274K(451584K)] 564917K->98635K(1138560K), 0.0049470 secs] [Times: user=0.01 sys=0.00, real=0.00 secs] 
2014-07-16T06:16:19.182+0000: 558.183: [GC [PSYoungGen: 451538K->676K(437632K)] 549899K->99461K(1124608K), 0.0054670 secs] [Times: user=0.01 sys=0.00, real=0.00 secs] 
2014-07-16T06:16:20.133+0000: 559.134: [GC [PSYoungGen: 437604K->434K(423680K)] 536389K->99339K(1110656K), 0.0135690 secs] [Times: user=0.05 sys=0.00, real=0.01 secs] 
2014-07-16T06:16:21.044+0000: 560.045: [GC [PSYoungGen: 423666K->690K(508608K)] 522571K->99763K(1195584K), 0.0573820 secs] [Times: user=0.15 sys=0.00, real=0.06 secs] 
2014-07-16T06:16:22.166+0000: 561.167: [GC [PSYoungGen: 508536K->402K(609984K)] 607609K->99515K(1296960K), 0.0075370 secs] [Times: user=0.03 sys=0.00, real=0.01 secs] 
2014-07-16T06:16:23.446+0000: 562.446: [GC [PSYoungGen: 609938K->256K(731712K)] 709051K->99441K(1418688K), 0.0085700 secs] [Times: user=0.02 sys=0.00, real=0.01 secs] 
2014-07-16T06:16:25.053+0000: 564.054: [GC [PSYoungGen: 731629K->402K(878208K)] 830814K->99619K(1565184K), 0.0102010 secs] [Times: user=0.04 sys=0.00, real=0.01 secs] 
2014-07-16T06:16:26.901+0000: 565.902: [GC [PSYoungGen: 878162K->192K(1053504K)] 977379K->99497K(1740480K), 0.0085750 secs] [Times: user=0.03 sys=0.01, real=0.01 secs] 
2014-07-16T06:16:29.187+0000: 568.187: [GC [PSYoungGen: 1053504K->384K(1011392K)] 1152809K->99769K(1698368K), 0.0048730 secs] [Times: user=0.01 sys=0.00, real=0.00 secs] 
2014-07-16T06:16:31.359+0000: 570.360: [GC [PSYoungGen: 1011392K->402K(971200K)] 1110777K->99955K(1658176K), 0.0118720 secs] [Times: user=0.04 sys=0.00, real=0.01 secs] 
2014-07-16T06:16:33.438+0000: 572.439: [GC [PSYoungGen: 971107K->224K(932672K)] 1070660K->99905K(1619648K), 0.0064540 secs] [Times: user=0.02 sys=0.00, real=0.01 secs] 
2014-07-16T06:16:35.442+0000: 574.443: [GC [PSYoungGen: 932640K->338K(896320K)] 1032321K->100075K(1583296K), 0.0071110 secs] [Times: user=0.03 sys=0.00, real=0.01 secs] 
2014-07-16T06:16:37.353+0000: 576.354: [GC [PSYoungGen: 896274K->192K(861376K)] 996011K->100017K(1548352K), 0.0070270 secs] [Times: user=0.01 sys=0.00, real=0.00 secs] 
2014-07-16T06:16:39.188+0000: 578.188: [GC [PSYoungGen: 861376K->338K(828480K)] 961201K->100259K(1515456K), 0.0044060 secs] [Times: user=0.01 sys=0.00, real=0.00 secs] 
2014-07-16T06:16:40.977+0000: 579.978: [GC [PSYoungGen: 828434K->356K(796928K)] 928355K->100381K(1483904K), 0.0140090 secs] [Times: user=0.03 sys=0.00, real=0.01 secs] 
2014-07-16T06:16:42.683+0000: 581.684: [GC [PSYoungGen: 796900K->192K(766656K)] 896925K->100313K(1453632K), 0.0046000 secs] [Times: user=0.01 sys=0.00, real=0.01 secs] 
2014-07-16T06:16:44.313+0000: 583.313: [GC [PSYoungGen: 766656K->224K(738048K)] 866777K->100377K(1425024K), 0.0041960 secs] [Times: user=0.01 sys=0.00, real=0.01 secs] 
2014-07-16T06:16:45.925+0000: 584.925: [GC [PSYoungGen: 737990K->470K(710976K)] 838143K->100679K(1397952K), 0.0117410 secs] [Times: user=0.04 sys=0.00, real=0.02 secs] 
2014-07-16T06:16:47.442+0000: 586.443: [GC [PSYoungGen: 710934K->320K(684736K)] 811143K->100625K(1371712K), 0.0071790 secs] [Times: user=0.02 sys=0.00, real=0.01 secs] 
2014-07-16T06:16:48.915+0000: 587.916: [GC [PSYoungGen: 684736K->320K(659904K)] 785041K->100705K(1346880K), 0.0087500 secs] [Times: user=0.02 sys=0.00, real=0.00 secs] 
2014-07-16T06:16:50.393+0000: 589.393: [GC [PSYoungGen: 659904K->480K(636416K)] 760289K->100969K(1323392K), 0.0067060 secs] [Times: user=0.02 sys=0.00, real=0.01 secs] 
2014-07-16T06:16:51.752+0000: 590.753: [GC [PSYoungGen: 636384K->352K(613696K)] 736873K->100961K(1300672K), 0.0090790 secs] [Times: user=0.03 sys=0.00, real=0.01 secs] 
2014-07-16T06:16:53.071+0000: 592.072: [GC [PSYoungGen: 613664K->306K(592064K)] 714273K->100971K(1279040K), 0.0064310 secs] [Times: user=0.02 sys=0.00, real=0.01 secs] 
2014-07-16T06:16:54.329+0000: 593.330: [GC [PSYoungGen: 592050K->224K(571392K)] 692715K->100937K(1258368K), 0.0049100 secs] [Times: user=0.02 sys=0.00, real=0.00 secs] 
2014-07-16T06:16:55.590+0000: 594.591: [GC [PSYoungGen: 571360K->640K(552128K)] 672073K->101489K(1239104K), 0.0149610 secs] [Times: user=0.05 sys=0.00, real=0.01 secs] 
2014-07-16T06:16:56.744+0000: 595.745: [GC [PSYoungGen: 552128K->320K(533056K)] 652977K->101249K(1220032K), 0.0161280 secs] [Times: user=0.05 sys=0.00, real=0.02 secs] 
2014-07-16T06:16:57.891+0000: 596.891: [GC [PSYoungGen: 533056K->192K(515008K)] 633985K->101217K(1201984K), 0.0055030 secs] [Times: user=0.01 sys=0.00, real=0.00 secs] 
2014-07-16T06:16:59.002+0000: 598.002: [GC [PSYoungGen: 515008K->370K(498048K)] 616033K->101459K(1185024K), 0.0030790 secs] [Times: user=0.01 sys=0.00, real=0.00 secs] 
2014-07-16T06:17:00.066+0000: 599.066: [GC [PSYoungGen: 498034K->288K(481600K)] 599123K->101457K(1168576K), 0.0111660 secs] [Times: user=0.04 sys=0.00, real=0.02 secs] 
2014-07-16T06:17:01.138+0000: 600.139: [GC [PSYoungGen: 481543K->288K(465984K)] 582712K->101521K(1152960K), 0.0031720 secs] [Times: user=0.01 sys=0.00, real=0.00 secs] 
2014-07-16T06:17:02.135+0000: 601.135: [GC [PSYoungGen: 465952K->256K(450944K)] 567185K->101593K(1137920K), 0.0040030 secs] [Times: user=0.01 sys=0.00, real=0.01 secs] 
2014-07-16T06:17:03.096+0000: 602.096: [GC [PSYoungGen: 450944K->516K(436928K)] 552281K->101877K(1123904K), 0.0106250 secs] [Times: user=0.03 sys=0.00, real=0.01 secs] 
2014-07-16T06:17:04.027+0000: 603.028: [GC [PSYoungGen: 436868K->128K(422784K)] 538229K->101505K(1109760K), 0.0045380 secs] [Times: user=0.01 sys=0.00, real=0.01 secs] 
2014-07-16T06:17:04.934+0000: 603.935: [GC [PSYoungGen: 422784K->288K(409856K)] 524161K->101705K(1096832K), 0.0053320 secs] [Times: user=0.01 sys=0.01, real=0.01 secs] 
2014-07-16T06:17:05.819+0000: 604.820: [GC [PSYoungGen: 409824K->466K(397504K)] 511241K->101915K(1084480K), 0.0044200 secs] [Times: user=0.01 sys=0.00, real=0.00 secs] 
2014-07-16T06:17:06.666+0000: 605.666: [GC [PSYoungGen: 397458K->192K(385152K)] 498907K->101729K(1072128K), 0.0084760 secs] [Times: user=0.02 sys=0.00, real=0.01 secs] 
2014-07-16T06:17:07.492+0000: 606.492: [GC [PSYoungGen: 385152K->352K(373824K)] 486689K->101945K(1060800K), 0.0142630 secs] [Times: user=0.05 sys=0.00, real=0.01 secs] 
2014-07-16T06:17:08.295+0000: 607.296: [GC [PSYoungGen: 373766K->288K(362752K)] 475360K->101945K(1049728K), 0.0090010 secs] [Times: user=0.03 sys=0.01, real=0.01 secs] 
2014-07-16T06:17:09.078+0000: 608.079: [GC [PSYoungGen: 362720K->498K(435456K)] 464377K->102235K(1122432K), 0.0126260 secs] [Times: user=0.04 sys=0.00, real=0.01 secs] 
2014-07-16T06:17:10.014+0000: 609.015: [GC [PSYoungGen: 435442K->338K(421696K)] 537179K->102139K(1108672K), 0.0046760 secs] [Times: user=0.01 sys=0.00, real=0.01 secs] 
2014-07-16T06:17:10.965+0000: 609.966: [GC [PSYoungGen: 421650K->416K(408704K)] 523451K->102305K(1095680K), 0.0050540 secs] [Times: user=0.02 sys=0.00, real=0.01 secs] 
2014-07-16T06:17:11.833+0000: 610.834: [GC [PSYoungGen: 408672K->288K(396096K)] 510561K->102241K(1083072K), 0.0053100 secs] [Times: user=0.00 sys=0.00, real=0.00 secs] 
2014-07-16T06:17:12.679+0000: 611.680: [GC [PSYoungGen: 396061K->512K(384320K)] 498014K->102497K(1071296K), 0.0077220 secs] [Times: user=0.03 sys=0.00, real=0.00 secs] 
2014-07-16T06:17:13.495+0000: 612.496: [GC [PSYoungGen: 384320K->210K(372608K)] 486305K->102235K(1059584K), 0.0041510 secs] [Times: user=0.01 sys=0.00, real=0.01 secs] 
2014-07-16T06:17:14.291+0000: 613.292: [GC [PSYoungGen: 372562K->160K(361600K)] 474587K->102209K(1048576K), 0.0052490 secs] [Times: user=0.02 sys=0.00, real=0.00 secs] 
2014-07-16T06:17:15.069+0000: 614.069: [GC [PSYoungGen: 361568K->338K(351296K)] 463617K->102403K(1038272K), 0.0041750 secs] [Times: user=0.01 sys=0.00, real=0.01 secs] 
2014-07-16T06:17:15.852+0000: 614.853: [GC [PSYoungGen: 351250K->192K(340992K)] 453315K->102305K(1027968K), 0.0138780 secs] [Times: user=0.05 sys=0.00, real=0.01 secs] 
2014-07-16T06:17:16.578+0000: 615.579: [GC [PSYoungGen: 340992K->224K(409216K)] 443105K->102441K(1096192K), 0.0129670 secs] [Times: user=0.05 sys=0.00, real=0.02 secs] 
2014-07-16T06:17:17.458+0000: 616.459: [GC [PSYoungGen: 409172K->310K(396800K)] 511389K->102575K(1083776K), 0.0038270 secs] [Times: user=0.01 sys=0.00, real=0.01 secs] 
2014-07-16T06:17:18.309+0000: 617.309: [GC [PSYoungGen: 396790K->274K(476096K)] 499055K->102595K(1163072K), 0.0143930 secs] [Times: user=0.05 sys=0.00, real=0.02 secs] 
2014-07-16T06:17:19.338+0000: 618.338: [GC [PSYoungGen: 476045K->352K(571328K)] 578367K->102737K(1258304K), 0.0115590 secs] [Times: user=0.04 sys=0.00, real=0.01 secs] 
2014-07-16T06:17:20.640+0000: 619.641: [GC [PSYoungGen: 571296K->576K(551872K)] 673681K->103537K(1238848K), 0.0078140 secs] [Times: user=0.01 sys=0.00, real=0.00 secs] 
2014-07-16T06:17:21.762+0000: 620.762: [GC [PSYoungGen: 551872K->256K(532800K)] 654833K->103585K(1219776K), 0.0053040 secs] [Times: user=0.02 sys=0.00, real=0.00 secs] 
2014-07-16T06:17:22.900+0000: 621.901: [GC [PSYoungGen: 532800K->210K(514880K)] 636129K->103691K(1201856K), 0.0057200 secs] [Times: user=0.01 sys=0.00, real=0.00 secs] 
2014-07-16T06:17:23.999+0000: 623.000: [GC [PSYoungGen: 514833K->342K(497920K)] 618314K->103871K(1184896K), 0.0030240 secs] [Times: user=0.01 sys=0.00, real=0.01 secs] 
2014-07-16T06:17:25.079+0000: 624.080: [GC [PSYoungGen: 497878K->288K(481472K)] 601407K->103849K(1168448K), 0.0077830 secs] [Times: user=0.02 sys=0.01, real=0.01 secs] 
2014-07-16T06:17:26.123+0000: 625.124: [GC [PSYoungGen: 481438K->352K(465920K)] 585000K->103961K(1152896K), 0.0115520 secs] [Times: user=0.04 sys=0.00, real=0.01 secs] 
2014-07-16T06:17:27.120+0000: 626.120: [GC [PSYoungGen: 465888K->288K(450880K)] 569497K->103993K(1137856K), 0.0058840 secs] [Times: user=0.02 sys=0.00, real=0.01 secs] 
2014-07-16T06:17:28.084+0000: 627.085: [GC [PSYoungGen: 450848K->402K(436736K)] 554553K->104179K(1123712K), 0.0108470 secs] [Times: user=0.03 sys=0.00, real=0.01 secs] 
2014-07-16T06:17:29.020+0000: 628.020: [GC [PSYoungGen: 436690K->320K(422912K)] 540467K->104145K(1109888K), 0.0108680 secs] [Times: user=0.04 sys=0.00, real=0.01 secs] 
2014-07-16T06:17:29.924+0000: 628.925: [GC [PSYoungGen: 422912K->384K(507520K)] 526737K->104289K(1194496K), 0.0139270 secs] [Times: user=0.05 sys=0.00, real=0.01 secs] 
2014-07-16T06:17:31.055+0000: 630.056: [GC [PSYoungGen: 507450K->424K(490816K)] 611356K->104369K(1177792K), 0.0063600 secs] [Times: user=0.00 sys=0.00, real=0.00 secs] 
2014-07-16T06:17:32.094+0000: 631.095: [GC [PSYoungGen: 490792K->338K(474688K)] 594737K->104355K(1161664K), 0.0047120 secs] [Times: user=0.01 sys=0.00, real=0.00 secs] 
2014-07-16T06:17:33.103+0000: 632.104: [GC [PSYoungGen: 474642K->192K(459136K)] 578659K->104241K(1146112K), 0.0070600 secs] [Times: user=0.03 sys=0.00, real=0.00 secs] 
2014-07-16T06:17:34.088+0000: 633.088: [GC [PSYoungGen: 459090K->256K(444544K)] 563139K->104329K(1131520K), 0.0035290 secs] [Times: user=0.01 sys=0.00, real=0.00 secs] 
2014-07-16T06:17:35.049+0000: 634.050: [GC [PSYoungGen: 444544K->416K(430720K)] 548617K->104537K(1117696K), 0.0089560 secs] [Times: user=0.04 sys=0.00, real=0.01 secs] 
2014-07-16T06:17:36.016+0000: 635.016: [GC [PSYoungGen: 430688K->598K(417472K)] 534809K->104751K(1104448K), 0.0109950 secs] [Times: user=0.03 sys=0.00, real=0.01 secs] 
2014-07-16T06:17:36.869+0000: 635.870: [GC [PSYoungGen: 417430K->256K(404224K)] 521583K->104497K(1091200K), 0.0043230 secs] [Times: user=0.01 sys=0.00, real=0.01 secs] 
2014-07-16T06:17:37.744+0000: 636.744: [GC [PSYoungGen: 404224K->224K(391936K)] 508465K->104553K(1078912K), 0.0060100 secs] [Times: user=0.00 sys=0.00, real=0.00 secs] 
2014-07-16T06:17:38.583+0000: 637.583: [GC [PSYoungGen: 391904K->256K(380160K)] 496233K->104649K(1067136K), 0.0062290 secs] [Times: user=0.01 sys=0.00, real=0.01 secs] 
2014-07-16T06:17:39.409+0000: 638.410: [GC [PSYoungGen: 380159K->470K(369152K)] 484552K->104903K(1056128K), 0.0056450 secs] [Times: user=0.01 sys=0.00, real=0.01 secs] 
2014-07-16T06:17:40.199+0000: 639.200: [GC [PSYoungGen: 369086K->684K(358528K)] 473520K->105357K(1045504K), 0.0050340 secs] [Times: user=0.02 sys=0.00, real=0.01 secs] 
2014-07-16T06:17:41.039+0000: 640.039: [GC [PSYoungGen: 358508K->256K(347712K)] 463181K->105329K(1034688K), 0.0126010 secs] [Times: user=0.04 sys=0.00, real=0.01 secs] 
2014-07-16T06:17:41.728+0000: 640.729: [GC [PSYoungGen: 347712K->434K(337984K)] 452785K->105603K(1024960K), 0.0042660 secs] [Times: user=0.00 sys=0.00, real=0.00 secs] 
2014-07-16T06:17:42.455+0000: 641.456: [GC [PSYoungGen: 337970K->448K(405504K)] 443139K->105753K(1092480K), 0.0151610 secs] [Times: user=0.05 sys=0.00, real=0.01 secs] 
2014-07-16T06:17:43.316+0000: 642.317: [GC [PSYoungGen: 405504K->384K(486464K)] 510809K->105753K(1173440K), 0.0173410 secs] [Times: user=0.06 sys=0.00, real=0.02 secs] 
2014-07-16T06:17:44.357+0000: 643.357: [GC [PSYoungGen: 486462K->242K(583552K)] 591832K->105635K(1270528K), 0.0058180 secs] [Times: user=0.01 sys=0.00, real=0.00 secs] 
2014-07-16T06:17:45.612+0000: 644.613: [GC [PSYoungGen: 583538K->306K(563392K)] 688931K->105731K(1250368K), 0.0043970 secs] [Times: user=0.01 sys=0.00, real=0.01 secs] 
2014-07-16T06:17:46.857+0000: 645.858: [GC [PSYoungGen: 563324K->370K(544192K)] 668749K->105843K(1231168K), 0.0134780 secs] [Times: user=0.05 sys=0.00, real=0.01 secs] 
2014-07-16T06:17:48.018+0000: 647.019: [GC [PSYoungGen: 544178K->160K(525568K)] 649651K->105745K(1212544K), 0.0039650 secs] [Times: user=0.01 sys=0.00, real=0.00 secs] 
2014-07-16T06:17:49.150+0000: 648.151: [GC [PSYoungGen: 525536K->352K(508160K)] 631121K->105993K(1195136K), 0.0133000 secs] [Times: user=0.05 sys=0.00, real=0.01 secs] 
2014-07-16T06:17:50.236+0000: 649.237: [GC [PSYoungGen: 508128K->224K(491200K)] 613769K->105969K(1178176K), 0.0129800 secs] [Times: user=0.03 sys=0.00, real=0.01 secs] 
2014-07-16T06:17:51.368+0000: 650.368: [GC [PSYoungGen: 491168K->480K(475392K)] 596913K->106273K(1162368K), 0.0042230 secs] [Times: user=0.01 sys=0.00, real=0.00 secs] 
2014-07-16T06:17:52.362+0000: 651.363: [GC [PSYoungGen: 475360K->256K(459776K)] 581153K->106145K(1146752K), 0.0079630 secs] [Times: user=0.01 sys=0.00, real=0.01 secs] 
2014-07-16T06:17:53.356+0000: 652.356: [GC [PSYoungGen: 459685K->342K(445184K)] 565574K->106279K(1132160K), 0.0039880 secs] [Times: user=0.01 sys=0.00, real=0.00 secs] 
2014-07-16T06:17:54.306+0000: 653.307: [GC [PSYoungGen: 445142K->324K(431104K)] 551079K->106285K(1118080K), 0.0053610 secs] [Times: user=0.01 sys=0.00, real=0.00 secs] 
2014-07-16T06:17:55.225+0000: 654.225: [GC [PSYoungGen: 431044K->256K(417536K)] 537005K->106249K(1104512K), 0.0059470 secs] [Times: user=0.01 sys=0.00, real=0.01 secs] 
2014-07-16T06:17:56.230+0000: 655.231: [GC [PSYoungGen: 417536K->626K(405056K)] 523529K->107219K(1092032K), 0.0094330 secs] [Times: user=0.03 sys=0.01, real=0.01 secs] 
2014-07-16T06:17:57.004+0000: 656.004: [GC [PSYoungGen: 404994K->448K(392576K)] 511587K->107153K(1079552K), 0.0069530 secs] [Times: user=0.01 sys=0.00, real=0.01 secs] 
2014-07-16T06:17:57.854+0000: 656.854: [GC [PSYoungGen: 392576K->740K(471360K)] 499281K->107677K(1158336K), 0.0156550 secs] [Times: user=0.05 sys=0.00, real=0.02 secs] 
2014-07-16T06:17:58.841+0000: 657.842: [GC [PSYoungGen: 471258K->192K(455616K)] 578195K->107193K(1142592K), 0.0085340 secs] [Times: user=0.03 sys=0.00, real=0.01 secs] 
2014-07-16T06:17:59.830+0000: 658.831: [GC [PSYoungGen: 455614K->338K(441280K)] 562615K->107387K(1128256K), 0.0033290 secs] [Times: user=0.01 sys=0.01, real=0.00 secs] 
2014-07-16T06:18:00.769+0000: 659.769: [GC [PSYoungGen: 441234K->192K(427200K)] 548283K->107305K(1114176K), 0.0032800 secs] [Times: user=0.01 sys=0.00, real=0.00 secs] 
2014-07-16T06:18:01.731+0000: 660.732: [GC [PSYoungGen: 427200K->434K(414144K)] 534313K->107595K(1101120K), 0.0044270 secs] [Times: user=0.01 sys=0.00, real=0.00 secs] 
2014-07-16T06:18:02.604+0000: 661.605: [GC [PSYoungGen: 414130K->256K(401216K)] 521291K->107497K(1088192K), 0.0071370 secs] [Times: user=0.01 sys=0.00, real=0.01 secs] 
2014-07-16T06:18:03.461+0000: 662.462: [GC [PSYoungGen: 401193K->438K(481600K)] 508435K->107743K(1168576K), 0.0228330 secs] [Times: user=0.09 sys=0.00, real=0.02 secs] 
2014-07-16T06:18:04.500+0000: 663.501: [GC [PSYoungGen: 481590K->128K(577536K)] 588895K->107465K(1264512K), 0.0070010 secs] [Times: user=0.00 sys=0.00, real=0.01 secs] 
2014-07-16T06:18:05.740+0000: 664.741: [GC [PSYoungGen: 577498K->388K(558400K)] 684835K->107781K(1245376K), 0.0063140 secs] [Times: user=0.01 sys=0.00, real=0.00 secs] 
2014-07-16T06:18:06.954+0000: 665.955: [GC [PSYoungGen: 557892K->384K(538880K)] 665285K->107833K(1225856K), 0.0135230 secs] [Times: user=0.05 sys=0.00, real=0.02 secs] 
2014-07-16T06:18:08.097+0000: 667.098: [GC [PSYoungGen: 538880K->292K(520640K)] 646329K->107869K(1207616K), 0.0039320 secs] [Times: user=0.01 sys=0.00, real=0.00 secs] 
2014-07-16T06:18:09.220+0000: 668.220: [GC [PSYoungGen: 520612K->256K(624640K)] 628189K->107921K(1311616K), 0.0185780 secs] [Times: user=0.06 sys=0.00, real=0.02 secs] 
2014-07-16T06:18:10.556+0000: 669.556: [GC [PSYoungGen: 624640K->128K(602432K)] 732305K->107849K(1289408K), 0.0044890 secs] [Times: user=0.01 sys=0.00, real=0.01 secs] 
2014-07-16T06:18:11.855+0000: 670.856: [GC [PSYoungGen: 602422K->406K(581696K)] 710143K->108183K(1268672K), 0.0049700 secs] [Times: user=0.01 sys=0.00, real=0.01 secs] 
2014-07-16T06:18:13.099+0000: 672.100: [GC [PSYoungGen: 581654K->242K(561408K)] 689431K->108067K(1248384K), 0.0047990 secs] [Times: user=0.01 sys=0.00, real=0.00 secs] 
2014-07-16T06:18:14.300+0000: 673.300: [GC [PSYoungGen: 561394K->402K(542400K)] 669219K->108291K(1229376K), 0.0144350 secs] [Times: user=0.05 sys=0.00, real=0.01 secs] 
2014-07-16T06:18:15.466+0000: 674.467: [GC [PSYoungGen: 542354K->96K(523776K)] 650243K->108025K(1210752K), 0.0029230 secs] [Times: user=0.01 sys=0.00, real=0.01 secs] 
2014-07-16T06:18:16.688+0000: 675.689: [GC [PSYoungGen: 523670K->484K(506624K)] 631599K->108445K(1193600K), 0.0044590 secs] [Times: user=0.01 sys=0.00, real=0.01 secs] 
2014-07-16T06:18:17.730+0000: 676.731: [GC [PSYoungGen: 506596K->210K(489664K)] 614557K->108291K(1176640K), 0.0078260 secs] [Times: user=0.03 sys=0.00, real=0.00 secs] 
2014-07-16T06:18:18.785+0000: 677.786: [GC [PSYoungGen: 489615K->320K(473728K)] 597696K->108465K(1160704K), 0.0034270 secs] [Times: user=0.01 sys=0.00, real=0.00 secs] 
2014-07-16T06:18:19.805+0000: 678.806: [GC [PSYoungGen: 473728K->566K(458688K)] 581873K->108791K(1145664K), 0.0129000 secs] [Times: user=0.05 sys=0.00, real=0.01 secs] 
2014-07-16T06:18:20.784+0000: 679.784: [GC [PSYoungGen: 458678K->562K(444032K)] 566903K->108875K(1131008K), 0.0066040 secs] [Times: user=0.01 sys=0.00, real=0.01 secs] 
2014-07-16T06:18:21.792+0000: 680.793: [GC [PSYoungGen: 444018K->420K(429888K)] 552331K->108773K(1116864K), 0.0117510 secs] [Times: user=0.03 sys=0.00, real=0.01 secs] 
2014-07-16T06:18:22.762+0000: 681.763: [GC [PSYoungGen: 429860K->562K(416640K)] 538213K->109499K(1103616K), 0.0128310 secs] [Times: user=0.04 sys=0.00, real=0.01 secs] 
2014-07-16T06:18:23.619+0000: 682.620: [GC [PSYoungGen: 416626K->434K(499776K)] 525563K->109427K(1186752K), 0.0130460 secs] [Times: user=0.05 sys=0.00, real=0.02 secs] 
2014-07-16T06:18:24.685+0000: 683.686: [GC [PSYoungGen: 499756K->160K(483072K)] 608749K->109313K(1170048K), 0.0052470 secs] [Times: user=0.02 sys=0.00, real=0.01 secs] 
2014-07-16T06:18:25.726+0000: 684.726: [GC [PSYoungGen: 482999K->288K(467520K)] 592153K->109457K(1154496K), 0.0046890 secs] [Times: user=0.01 sys=0.01, real=0.01 secs] 
2014-07-16T06:18:26.758+0000: 685.759: [GC [PSYoungGen: 467470K->484K(452672K)] 576639K->109701K(1139648K), 0.0140180 secs] [Times: user=0.05 sys=0.00, real=0.02 secs] 
2014-07-16T06:18:27.715+0000: 686.715: [GC [PSYoungGen: 452644K->484K(543104K)] 561861K->109805K(1230080K), 0.0191470 secs] [Times: user=0.06 sys=0.00, real=0.02 secs] 
2014-07-16T06:18:28.879+0000: 687.880: [GC [PSYoungGen: 543076K->192K(524416K)] 652397K->109569K(1211392K), 0.0036490 secs] [Times: user=0.01 sys=0.00, real=0.01 secs] 
2014-07-16T06:18:30.003+0000: 689.004: [GC [PSYoungGen: 524416K->352K(629504K)] 633793K->109801K(1316480K), 0.0126530 secs] [Times: user=0.04 sys=0.00, real=0.01 secs] 
2014-07-16T06:18:31.354+0000: 690.355: [GC [PSYoungGen: 629472K->338K(607232K)] 738921K->109835K(1294208K), 0.0051080 secs] [Times: user=0.01 sys=0.00, real=0.00 secs] 
2014-07-16T06:18:32.748+0000: 691.748: [GC [PSYoungGen: 607186K->818K(586432K)] 716683K->110403K(1273408K), 0.0086180 secs] [Times: user=0.03 sys=0.00, real=0.01 secs] 
2014-07-16T06:18:34.003+0000: 693.004: [GC [PSYoungGen: 586418K->448K(703168K)] 696003K->110137K(1390144K), 0.0255510 secs] [Times: user=0.08 sys=0.00, real=0.02 secs] 
2014-07-16T06:18:35.497+0000: 694.498: [GC [PSYoungGen: 703168K->288K(677376K)] 812857K->110057K(1364352K), 0.0086580 secs] [Times: user=0.04 sys=0.00, real=0.01 secs] 
2014-07-16T06:18:36.980+0000: 695.980: [GC [PSYoungGen: 677344K->402K(812928K)] 787113K->110219K(1499904K), 0.0191170 secs] [Times: user=0.07 sys=0.00, real=0.02 secs] 
2014-07-16T06:18:38.716+0000: 697.717: [GC [PSYoungGen: 812882K->452K(782208K)] 922699K->110397K(1469184K), 0.0043720 secs] [Times: user=0.01 sys=0.00, real=0.00 secs] 
2014-07-16T06:18:40.389+0000: 699.390: [GC [PSYoungGen: 782128K->438K(752768K)] 892073K->110479K(1439744K), 0.0060460 secs] [Times: user=0.02 sys=0.01, real=0.01 secs] 
2014-07-16T06:18:42.039+0000: 701.040: [GC [PSYoungGen: 752750K->434K(724800K)] 862791K->110547K(1411776K), 0.0067990 secs] [Times: user=0.01 sys=0.00, real=0.01 secs] 
2014-07-16T06:18:43.592+0000: 702.592: [GC [PSYoungGen: 724786K->402K(698112K)] 834899K->110595K(1385088K), 0.0081480 secs] [Times: user=0.03 sys=0.01, real=0.01 secs] 
2014-07-16T06:18:45.062+0000: 704.063: [GC [PSYoungGen: 698066K->274K(672512K)] 808259K->110531K(1359488K), 0.0099790 secs] [Times: user=0.04 sys=0.00, real=0.01 secs] 
2014-07-16T06:18:46.506+0000: 705.507: [GC [PSYoungGen: 672466K->320K(648256K)] 782723K->110625K(1335232K), 0.0043710 secs] [Times: user=0.01 sys=0.01, real=0.00 secs] 
2014-07-16T06:18:47.906+0000: 706.906: [GC [PSYoungGen: 648256K->288K(625088K)] 758561K->110689K(1312064K), 0.0102680 secs] [Times: user=0.04 sys=0.00, real=0.01 secs] 
2014-07-16T06:18:49.252+0000: 708.252: [GC [PSYoungGen: 625056K->690K(603392K)] 735457K->111243K(1290368K), 0.0063560 secs] [Times: user=0.01 sys=0.00, real=0.01 secs] 
2014-07-16T06:18:50.535+0000: 709.536: [GC [PSYoungGen: 603378K->288K(581952K)] 713931K->110937K(1268928K), 0.0249900 secs] [Times: user=0.08 sys=0.00, real=0.02 secs] 
2014-07-16T06:18:51.784+0000: 710.784: [GC [PSYoungGen: 581914K->484K(562048K)] 692563K->111181K(1249024K), 0.0050620 secs] [Times: user=0.02 sys=0.00, real=0.01 secs] 
2014-07-16T06:18:53.060+0000: 712.061: [GC [PSYoungGen: 561977K->498K(542848K)] 672674K->111267K(1229824K), 0.0113200 secs] [Times: user=0.04 sys=0.00, real=0.01 secs] 
2014-07-16T06:18:54.205+0000: 713.206: [GC [PSYoungGen: 542742K->192K(524160K)] 653511K->111057K(1211136K), 0.0045290 secs] [Times: user=0.01 sys=0.00, real=0.00 secs] 
2014-07-16T06:18:55.327+0000: 714.328: [GC [PSYoungGen: 524160K->128K(506560K)] 635025K->111025K(1193536K), 0.0058200 secs] [Times: user=0.01 sys=0.00, real=0.00 secs] 
2014-07-16T06:18:56.415+0000: 715.416: [GC [PSYoungGen: 506548K->256K(489920K)] 617445K->111185K(1176896K), 0.0088920 secs] [Times: user=0.03 sys=0.00, real=0.00 secs] 
2014-07-16T06:18:57.529+0000: 716.529: [GC [PSYoungGen: 489920K->758K(474432K)] 600849K->111767K(1161408K), 0.0068250 secs] [Times: user=0.01 sys=0.00, real=0.01 secs] 
2014-07-16T06:18:58.524+0000: 717.525: [GC [PSYoungGen: 474422K->288K(458688K)] 585431K->111417K(1145664K), 0.0189680 secs] [Times: user=0.07 sys=0.00, real=0.02 secs] 
2014-07-16T06:18:59.515+0000: 718.516: [GC [PSYoungGen: 458641K->192K(443904K)] 569770K->111377K(1130880K), 0.0039050 secs] [Times: user=0.01 sys=0.00, real=0.00 secs] 
2014-07-16T06:19:00.525+0000: 719.526: [GC [PSYoungGen: 443879K->466K(532992K)] 555064K->111707K(1219968K), 0.0161400 secs] [Times: user=0.05 sys=0.00, real=0.01 secs] 
2014-07-16T06:19:01.659+0000: 720.660: [GC [PSYoungGen: 532946K->402K(639424K)] 644187K->111739K(1326400K), 0.0125580 secs] [Times: user=0.04 sys=0.01, real=0.01 secs] 
2014-07-16T06:19:03.058+0000: 722.058: [GC [PSYoungGen: 639378K->402K(616704K)] 750715K->111795K(1303680K), 0.0064470 secs] [Times: user=0.02 sys=0.00, real=0.00 secs] 
2014-07-16T06:19:04.371+0000: 723.371: [GC [PSYoungGen: 616655K->192K(594752K)] 728049K->111673K(1281728K), 0.0037740 secs] [Times: user=0.01 sys=0.00, real=0.00 secs] 
2014-07-16T06:19:05.652+0000: 724.653: [GC [PSYoungGen: 594752K->502K(574336K)] 706233K->112047K(1261312K), 0.0101670 secs] [Times: user=0.04 sys=0.00, real=0.01 secs] 
2014-07-16T06:19:06.876+0000: 725.876: [GC [PSYoungGen: 574326K->256K(554304K)] 685871K->111857K(1241280K), 0.0067100 secs] [Times: user=0.01 sys=0.00, real=0.01 secs] 
2014-07-16T06:19:08.076+0000: 727.077: [GC [PSYoungGen: 554304K->416K(535616K)] 665905K->112097K(1222592K), 0.0121930 secs] [Times: user=0.05 sys=0.00, real=0.01 secs] 
2014-07-16T06:19:09.223+0000: 728.223: [GC [PSYoungGen: 535584K->224K(517376K)] 647265K->112033K(1204352K), 0.0063930 secs] [Times: user=0.02 sys=0.00, real=0.01 secs] 
2014-07-16T06:19:10.345+0000: 729.346: [GC [PSYoungGen: 517344K->288K(500224K)] 629153K->112169K(1187200K), 0.0059510 secs] [Times: user=0.02 sys=0.00, real=0.01 secs] 
2014-07-16T06:19:11.443+0000: 730.444: [GC [PSYoungGen: 500192K->480K(483968K)] 612073K->112417K(1170944K), 0.0104420 secs] [Times: user=0.04 sys=0.00, real=0.01 secs] 
2014-07-16T06:19:12.542+0000: 731.543: [GC [PSYoungGen: 483936K->530K(468288K)] 595873K->112539K(1155264K), 0.0069010 secs] [Times: user=0.03 sys=0.01, real=0.01 secs] 
2014-07-16T06:19:13.523+0000: 732.524: [GC [PSYoungGen: 468242K->516K(453248K)] 580251K->112597K(1140224K), 0.0036770 secs] [Times: user=0.01 sys=0.00, real=0.00 secs] 
2014-07-16T06:19:14.479+0000: 733.480: [GC [PSYoungGen: 453188K->306K(438592K)] 565269K->112443K(1125568K), 0.0077400 secs] [Times: user=0.03 sys=0.00, real=0.01 secs] 
2014-07-16T06:19:15.414+0000: 734.415: [GC [PSYoungGen: 438578K->288K(424832K)] 550715K->112497K(1111808K), 0.0063820 secs] [Times: user=0.02 sys=0.00, real=0.01 secs] 
2014-07-16T06:19:16.323+0000: 735.324: [GC [PSYoungGen: 424800K->352K(411712K)] 537009K->112593K(1098688K), 0.0057910 secs] [Times: user=0.01 sys=0.01, real=0.01 secs] 
2014-07-16T06:19:17.208+0000: 736.208: [GC [PSYoungGen: 411680K->288K(399040K)] 523921K->112593K(1086016K), 0.0115860 secs] [Times: user=0.04 sys=0.00, real=0.02 secs] 
2014-07-16T06:19:18.072+0000: 737.073: [GC [PSYoungGen: 399008K->306K(386944K)] 511313K->112675K(1073920K), 0.0041360 secs] [Times: user=0.01 sys=0.00, real=0.00 secs] 
2014-07-16T06:19:18.899+0000: 737.899: [GC [PSYoungGen: 386930K->242K(375296K)] 499299K->112699K(1062272K), 0.0041330 secs] [Times: user=0.01 sys=0.00, real=0.00 secs] 
2014-07-16T06:19:19.707+0000: 738.707: [GC [PSYoungGen: 375282K->192K(364160K)] 487739K->112697K(1051136K), 0.0082860 secs] [Times: user=0.03 sys=0.00, real=0.01 secs] 
2014-07-16T06:19:20.489+0000: 739.490: [GC [PSYoungGen: 364160K->192K(353536K)] 476665K->112737K(1040512K), 0.0115800 secs] [Times: user=0.05 sys=0.00, real=0.01 secs] 
2014-07-16T06:19:21.246+0000: 740.247: [GC [PSYoungGen: 353478K->424K(424512K)] 466023K->113001K(1111488K), 0.0276990 secs] [Times: user=0.09 sys=0.01, real=0.03 secs] 
2014-07-16T06:19:22.154+0000: 741.155: [GC [PSYoungGen: 424488K->192K(509120K)] 537065K->112825K(1196096K), 0.0063090 secs] [Times: user=0.02 sys=0.01, real=0.01 secs] 
2014-07-16T06:19:23.291+0000: 742.292: [GC [PSYoungGen: 509120K->356K(611136K)] 621753K->113021K(1298112K), 0.0049690 secs] [Times: user=0.01 sys=0.00, real=0.00 secs] 
2014-07-16T06:19:24.608+0000: 743.609: [GC [PSYoungGen: 611108K->224K(589568K)] 723773K->112953K(1276544K), 0.0040720 secs] [Times: user=0.00 sys=0.00, real=0.01 secs] 
2014-07-16T06:19:25.857+0000: 744.858: [GC [PSYoungGen: 589535K->224K(569088K)] 702264K->113001K(1256064K), 0.0042610 secs] [Times: user=0.01 sys=0.00, real=0.01 secs] 
2014-07-16T06:19:27.082+0000: 746.083: [GC [PSYoungGen: 569056K->306K(549632K)] 681833K->113131K(1236608K), 0.0040810 secs] [Times: user=0.01 sys=0.00, real=0.00 secs] 
2014-07-16T06:19:28.279+0000: 747.280: [GC [PSYoungGen: 549618K->256K(530880K)] 662443K->113177K(1217856K), 0.0160680 secs] [Times: user=0.06 sys=0.00, real=0.01 secs] 
2014-07-16T06:19:29.417+0000: 748.417: [GC [PSYoungGen: 530880K->356K(513152K)] 643801K->113405K(1200128K), 0.0094260 secs] [Times: user=0.03 sys=0.00, real=0.01 secs] 
2014-07-16T06:19:30.513+0000: 749.514: [GC [PSYoungGen: 513124K->192K(495936K)] 626173K->113281K(1182912K), 0.0062910 secs] [Times: user=0.01 sys=0.00, real=0.00 secs] 
2014-07-16T06:19:31.581+0000: 750.582: [GC [PSYoungGen: 495936K->498K(595456K)] 609025K->113651K(1282432K), 0.0347570 secs] [Times: user=0.12 sys=0.00, real=0.03 secs] 
2014-07-16T06:19:32.905+0000: 751.905: [GC [PSYoungGen: 595442K->498K(714496K)] 708595K->114163K(1401472K), 0.0084800 secs] [Times: user=0.02 sys=0.00, real=0.01 secs] 
2014-07-16T06:19:34.406+0000: 753.407: [GC [PSYoungGen: 714482K->416K(688256K)] 828147K->114145K(1375232K), 0.0062730 secs] [Times: user=0.01 sys=0.00, real=0.01 secs] 
2014-07-16T06:19:35.891+0000: 754.892: [GC [PSYoungGen: 688224K->416K(825856K)] 801953K->114329K(1512832K), 0.0224540 secs] [Times: user=0.07 sys=0.00, real=0.03 secs] 
2014-07-16T06:19:37.734+0000: 756.735: [GC [PSYoungGen: 825821K->740K(991296K)] 939734K->115117K(1678272K), 0.0149480 secs] [Times: user=0.04 sys=0.00, real=0.01 secs] 
2014-07-16T06:19:39.799+0000: 758.799: [GC [PSYoungGen: 991251K->384K(951616K)] 1105629K->114973K(1638592K), 0.0061470 secs] [Times: user=0.02 sys=0.00, real=0.01 secs] 
2014-07-16T06:19:41.835+0000: 760.835: [GC [PSYoungGen: 951616K->320K(914176K)] 1066205K->115093K(1601152K), 0.0061500 secs] [Times: user=0.01 sys=0.00, real=0.00 secs] 
2014-07-16T06:19:43.843+0000: 762.844: [GC [PSYoungGen: 914176K->448K(878720K)] 1028949K->115309K(1565696K), 0.0131680 secs] [Times: user=0.05 sys=0.00, real=0.01 secs] 
2014-07-16T06:19:45.729+0000: 764.729: [GC [PSYoungGen: 878666K->484K(844864K)] 993527K->115473K(1531840K), 0.0075800 secs] [Times: user=0.03 sys=0.00, real=0.01 secs] 
2014-07-16T06:19:47.531+0000: 766.531: [GC [PSYoungGen: 844827K->406K(812480K)] 959816K->115467K(1499456K), 0.0146360 secs] [Times: user=0.05 sys=0.00, real=0.02 secs] 
2014-07-16T06:19:49.296+0000: 768.296: [GC [PSYoungGen: 812438K->694K(781952K)] 927499K->115867K(1468928K), 0.0065370 secs] [Times: user=0.01 sys=0.00, real=0.00 secs] 
2014-07-16T06:19:50.969+0000: 769.970: [GC [PSYoungGen: 781942K->438K(752384K)] 897115K->115755K(1439360K), 0.0113950 secs] [Times: user=0.04 sys=0.00, real=0.01 secs] 
2014-07-16T06:19:52.600+0000: 771.601: [GC [PSYoungGen: 752374K->452K(724480K)] 867691K->115833K(1411456K), 0.0103440 secs] [Times: user=0.04 sys=0.00, real=0.01 secs] 
2014-07-16T06:19:54.181+0000: 773.181: [GC [PSYoungGen: 724420K->562K(697856K)] 839801K->116039K(1384832K), 0.0148950 secs] [Times: user=0.05 sys=0.00, real=0.02 secs] 
2014-07-16T06:19:55.669+0000: 774.669: [GC [PSYoungGen: 697842K->274K(672192K)] 813319K->115839K(1359168K), 0.0046670 secs] [Times: user=0.01 sys=0.00, real=0.00 secs] 
2014-07-16T06:19:57.115+0000: 776.116: [GC [PSYoungGen: 672146K->384K(648000K)] 787711K->116021K(1334976K), 0.0065540 secs] [Times: user=0.01 sys=0.00, real=0.00 secs] 
2014-07-16T06:19:58.538+0000: 777.539: [GC [PSYoungGen: 648000K->288K(624832K)] 763637K->116037K(1311808K), 0.0109250 secs] [Times: user=0.04 sys=0.00, real=0.01 secs] 
2014-07-16T06:19:59.875+0000: 778.875: [GC [PSYoungGen: 624800K->292K(602752K)] 740549K->116161K(1289728K), 0.0031570 secs] [Times: user=0.01 sys=0.00, real=0.00 secs] 
2014-07-16T06:20:01.162+0000: 780.163: [GC [PSYoungGen: 602724K->128K(581504K)] 718593K->116037K(1268480K), 0.0044230 secs] [Times: user=0.01 sys=0.00, real=0.01 secs] 
2014-07-16T06:20:02.411+0000: 781.412: [GC [PSYoungGen: 581504K->160K(561472K)] 697413K->116117K(1248448K), 0.0078610 secs] [Times: user=0.02 sys=0.01, real=0.01 secs] 
2014-07-16T06:20:03.649+0000: 782.650: [GC [PSYoungGen: 561440K->160K(542272K)] 677397K->116149K(1229248K), 0.0044990 secs] [Times: user=0.01 sys=0.00, real=0.00 secs] 
2014-07-16T06:20:04.817+0000: 783.817: [GC [PSYoungGen: 542240K->192K(523904K)] 658229K->116261K(1210880K), 0.0045370 secs] [Times: user=0.01 sys=0.00, real=0.00 secs] 
2014-07-16T06:20:05.948+0000: 784.949: [GC [PSYoungGen: 523904K->470K(506688K)] 639973K->116595K(1193664K), 0.0100900 secs] [Times: user=0.03 sys=0.00, real=0.01 secs] 
2014-07-16T06:20:07.035+0000: 786.036: [GC [PSYoungGen: 506646K->320K(489728K)] 622771K->116525K(1176704K), 0.0116120 secs] [Times: user=0.04 sys=0.00, real=0.01 secs] 
2014-07-16T06:20:08.170+0000: 787.171: [GC [PSYoungGen: 489728K->740K(474176K)] 605933K->117425K(1161152K), 0.0068890 secs] [Times: user=0.01 sys=0.00, real=0.01 secs] 
2014-07-16T06:20:09.118+0000: 788.118: [GC [PSYoungGen: 474148K->448K(568576K)] 590833K->117237K(1255552K), 0.0303080 secs] [Times: user=0.10 sys=0.00, real=0.03 secs] 
2014-07-16T06:20:10.329+0000: 789.330: [GC [PSYoungGen: 568488K->384K(682176K)] 685277K->117333K(1369152K), 0.0118540 secs] [Times: user=0.05 sys=0.00, real=0.01 secs] 
2014-07-16T06:20:11.787+0000: 790.788: [GC [PSYoungGen: 682176K->434K(818624K)] 799125K->117423K(1505600K), 0.0093070 secs] [Times: user=0.03 sys=0.00, real=0.01 secs] 
2014-07-16T06:20:13.566+0000: 792.567: [GC [PSYoungGen: 818610K->370K(787456K)] 935599K->117399K(1474432K), 0.0040430 secs] [Times: user=0.01 sys=0.00, real=0.00 secs] 
2014-07-16T06:20:15.258+0000: 794.258: [GC [PSYoungGen: 787441K->96K(757568K)] 904470K->117205K(1444544K), 0.0034190 secs] [Times: user=0.01 sys=0.00, real=0.00 secs] 
2014-07-16T06:20:16.894+0000: 795.895: [GC [PSYoungGen: 757536K->466K(729728K)] 874645K->117623K(1416704K), 0.0101430 secs] [Times: user=0.03 sys=0.00, real=0.01 secs] 
2014-07-16T06:20:18.495+0000: 797.496: [GC [PSYoungGen: 729678K->626K(702976K)] 846835K->117927K(1389952K), 0.0103980 secs] [Times: user=0.03 sys=0.00, real=0.01 secs] 
2014-07-16T06:20:19.966+0000: 798.967: [GC [PSYoungGen: 702962K->128K(676800K)] 820263K->117557K(1363776K), 0.0037670 secs] [Times: user=0.01 sys=0.00, real=0.01 secs] 
2014-07-16T06:20:21.404+0000: 800.404: [GC [PSYoungGen: 676740K->552K(652800K)] 794169K->118061K(1339776K), 0.0080740 secs] [Times: user=0.01 sys=0.00, real=0.01 secs] 
2014-07-16T06:20:22.801+0000: 801.802: [GC [PSYoungGen: 652776K->256K(629120K)] 770285K->117805K(1316096K), 0.0050320 secs] [Times: user=0.01 sys=0.00, real=0.00 secs] 
2014-07-16T06:20:24.165+0000: 803.166: [GC [PSYoungGen: 629120K->672K(607296K)] 746669K->118293K(1294272K), 0.0125010 secs] [Times: user=0.04 sys=0.00, real=0.01 secs] 
2014-07-16T06:20:25.458+0000: 804.458: [GC [PSYoungGen: 607264K->420K(585792K)] 724885K->118121K(1272768K), 0.0152610 secs] [Times: user=0.05 sys=0.00, real=0.02 secs] 
2014-07-16T06:20:26.804+0000: 805.804: [GC [PSYoungGen: 585711K->722K(565824K)] 703412K->118495K(1252800K), 0.0093830 secs] [Times: user=0.02 sys=0.00, real=0.01 secs] 
2014-07-16T06:20:28.005+0000: 807.005: [GC [PSYoungGen: 565778K->562K(546240K)] 683551K->118511K(1233216K), 0.0117090 secs] [Times: user=0.04 sys=0.00, real=0.01 secs] 
2014-07-16T06:20:29.191+0000: 808.192: [GC [PSYoungGen: 546226K->320K(527488K)] 664175K->118365K(1214464K), 0.0050940 secs] [Times: user=0.01 sys=0.00, real=0.00 secs] 
2014-07-16T06:20:30.319+0000: 809.319: [GC [PSYoungGen: 527483K->370K(509888K)] 645528K->118519K(1196864K), 0.0063290 secs] [Times: user=0.01 sys=0.00, real=0.01 secs] 
2014-07-16T06:20:31.412+0000: 810.413: [GC [PSYoungGen: 509874K->306K(492928K)] 628023K->118495K(1179904K), 0.0209250 secs] [Times: user=0.07 sys=0.00, real=0.02 secs] 
2014-07-16T06:20:32.466+0000: 811.466: [GC [PSYoungGen: 492914K->274K(476800K)] 611103K->118495K(1163776K), 0.0039720 secs] [Times: user=0.01 sys=0.00, real=0.01 secs] 
2014-07-16T06:20:33.557+0000: 812.557: [GC [PSYoungGen: 476687K->438K(461504K)] 594908K->118691K(1148480K), 0.0062180 secs] [Times: user=0.01 sys=0.00, real=0.01 secs] 
2014-07-16T06:20:34.493+0000: 813.494: [GC [PSYoungGen: 461494K->320K(446592K)] 579747K->118637K(1133568K), 0.0038100 secs] [Times: user=0.01 sys=0.00, real=0.00 secs] 
2014-07-16T06:20:35.451+0000: 814.451: [GC [PSYoungGen: 446592K->374K(432512K)] 564909K->118715K(1119488K), 0.0095800 secs] [Times: user=0.03 sys=0.01, real=0.01 secs] 
2014-07-16T06:20:36.403+0000: 815.404: [GC [PSYoungGen: 432502K->420K(419072K)] 550843K->118793K(1106048K), 0.0047620 secs] [Times: user=0.01 sys=0.00, real=0.00 secs] 
2014-07-16T06:20:37.273+0000: 816.274: [GC [PSYoungGen: 419024K->292K(406016K)] 537397K->118729K(1092992K), 0.0041820 secs] [Times: user=0.01 sys=0.00, real=0.00 secs] 
2014-07-16T06:20:38.150+0000: 817.150: [GC [PSYoungGen: 405988K->402K(393792K)] 524425K->118911K(1080768K), 0.0083280 secs] [Times: user=0.03 sys=0.00, real=0.01 secs] 
2014-07-16T06:20:39.016+0000: 818.017: [GC [PSYoungGen: 393746K->690K(382208K)] 512255K->119425K(1069184K), 0.0073710 secs] [Times: user=0.01 sys=0.00, real=0.01 secs] 
2014-07-16T06:20:39.821+0000: 818.822: [GC [PSYoungGen: 382194K->448K(370624K)] 500929K->119287K(1057600K), 0.0076000 secs] [Times: user=0.01 sys=0.00, real=0.00 secs] 
2014-07-16T06:20:40.606+0000: 819.607: [GC [PSYoungGen: 370604K->160K(359488K)] 489443K->119055K(1046464K), 0.0036520 secs] [Times: user=0.01 sys=0.00, real=0.00 secs] 
2014-07-16T06:20:41.377+0000: 820.377: [GC [PSYoungGen: 359450K->242K(349120K)] 478345K->119169K(1036096K), 0.0053670 secs] [Times: user=0.02 sys=0.00, real=0.01 secs] 
2014-07-16T06:20:42.129+0000: 821.129: [GC [PSYoungGen: 349106K->160K(339072K)] 468033K->119119K(1026048K), 0.0058630 secs] [Times: user=0.01 sys=0.00, real=0.01 secs] 
2014-07-16T06:20:42.855+0000: 821.856: [GC [PSYoungGen: 339036K->288K(329600K)] 457995K->119279K(1016576K), 0.0092340 secs] [Times: user=0.03 sys=0.01, real=0.01 secs] 
2014-07-16T06:20:43.632+0000: 822.633: [GC [PSYoungGen: 329568K->822K(320896K)] 448559K->120037K(1007872K), 0.0060650 secs] [Times: user=0.01 sys=0.01, real=0.00 secs] 
2014-07-16T06:20:44.268+0000: 823.269: [GC [PSYoungGen: 320878K->242K(311488K)] 440093K->119497K(998464K), 0.0057750 secs] [Times: user=0.01 sys=0.00, real=0.01 secs] 
2014-07-16T06:20:44.939+0000: 823.940: [GC [PSYoungGen: 311474K->242K(302976K)] 430729K->119569K(989952K), 0.0045690 secs] [Times: user=0.01 sys=0.00, real=0.01 secs] 
2014-07-16T06:20:45.583+0000: 824.583: [GC [PSYoungGen: 302955K->452K(295104K)] 422282K->119811K(982080K), 0.0099940 secs] [Times: user=0.04 sys=0.00, real=0.01 secs] 
2014-07-16T06:20:46.218+0000: 825.218: [GC [PSYoungGen: 295044K->192K(286976K)] 414403K->119575K(973952K), 0.0039070 secs] [Times: user=0.01 sys=0.00, real=0.01 secs] 
2014-07-16T06:20:46.841+0000: 825.842: [GC [PSYoungGen: 286975K->484K(344704K)] 406358K->119915K(1031680K), 0.0106810 secs] [Times: user=0.04 sys=0.00, real=0.01 secs] 
2014-07-16T06:20:47.587+0000: 826.588: [GC [PSYoungGen: 344668K->256K(334656K)] 464100K->119735K(1021632K), 0.0039810 secs] [Times: user=0.00 sys=0.00, real=0.00 secs] 
2014-07-16T06:20:48.291+0000: 827.292: [GC [PSYoungGen: 334649K->370K(325376K)] 454129K->119937K(1012352K), 0.0033520 secs] [Times: user=0.01 sys=0.00, real=0.01 secs] 
2014-07-16T06:20:49.023+0000: 828.023: [GC [PSYoungGen: 325362K->288K(316288K)] 444929K->119895K(1003264K), 0.0073370 secs] [Times: user=0.03 sys=0.00, real=0.00 secs] 
2014-07-16T06:20:49.695+0000: 828.696: [GC [PSYoungGen: 316256K->420K(379648K)] 435863K->120115K(1066624K), 0.0111690 secs] [Times: user=0.04 sys=0.00, real=0.01 secs] 
2014-07-16T06:20:50.524+0000: 829.525: [GC [PSYoungGen: 379556K->744K(455808K)] 499251K->120583K(1142784K), 0.0135860 secs] [Times: user=0.05 sys=0.00, real=0.01 secs] 
2014-07-16T06:20:51.484+0000: 830.484: [GC [PSYoungGen: 455784K->192K(546240K)] 575623K->120063K(1233216K), 0.0191510 secs] [Times: user=0.07 sys=0.00, real=0.02 secs] 
2014-07-16T06:20:52.653+0000: 831.654: [GC [PSYoungGen: 546171K->160K(655488K)] 666042K->120087K(1342464K), 0.0066760 secs] [Times: user=0.02 sys=0.00, real=0.00 secs] 
2014-07-16T06:20:54.098+0000: 833.098: [GC [PSYoungGen: 655456K->384K(632192K)] 775383K->120335K(1319168K), 0.0045770 secs] [Times: user=0.01 sys=0.00, real=0.01 secs] 
2014-07-16T06:20:55.447+0000: 834.448: [GC [PSYoungGen: 632192K->224K(609664K)] 752143K->120255K(1296640K), 0.0078460 secs] [Times: user=0.02 sys=0.00, real=0.01 secs] 
2014-07-16T06:20:56.768+0000: 835.769: [GC [PSYoungGen: 609632K->804K(588864K)] 729663K->121139K(1275840K), 0.0104940 secs] [Times: user=0.03 sys=0.01, real=0.01 secs] 
2014-07-16T06:20:58.047+0000: 837.048: [GC [PSYoungGen: 588836K->256K(567872K)] 709171K->120671K(1254848K), 0.0045060 secs] [Times: user=0.01 sys=0.00, real=0.00 secs] 
2014-07-16T06:20:59.297+0000: 838.297: [GC [PSYoungGen: 567864K->320K(548480K)] 688279K->120887K(1235456K), 0.0036880 secs] [Times: user=0.01 sys=0.00, real=0.00 secs] 
2014-07-16T06:21:00.467+0000: 839.468: [GC [PSYoungGen: 548480K->306K(529856K)] 669047K->120985K(1216832K), 0.0176030 secs] [Times: user=0.06 sys=0.01, real=0.02 secs] 
2014-07-16T06:21:01.603+0000: 840.604: [GC [PSYoungGen: 529842K->160K(511936K)] 650521K->120863K(1198912K), 0.0035220 secs] [Times: user=0.01 sys=0.00, real=0.01 secs] 
2014-07-16T06:21:02.706+0000: 841.707: [GC [PSYoungGen: 511904K->192K(494976K)] 632607K->120919K(1181952K), 0.0038530 secs] [Times: user=0.01 sys=0.00, real=0.00 secs] 
2014-07-16T06:21:03.769+0000: 842.769: [GC [PSYoungGen: 494976K->370K(478912K)] 615703K->121121K(1165888K), 0.0173650 secs] [Times: user=0.05 sys=0.01, real=0.02 secs] 
2014-07-16T06:21:04.830+0000: 843.831: [GC [PSYoungGen: 478896K->356K(463424K)] 599648K->121139K(1150400K), 0.0035260 secs] [Times: user=0.01 sys=0.00, real=0.00 secs] 
2014-07-16T06:21:05.830+0000: 844.830: [GC [PSYoungGen: 463347K->488K(448704K)] 584130K->121335K(1135680K), 0.0075480 secs] [Times: user=0.01 sys=0.00, real=0.01 secs] 
2014-07-16T06:21:06.793+0000: 845.793: [GC [PSYoungGen: 448680K->288K(434304K)] 569527K->121207K(1121280K), 0.0036330 secs] [Times: user=0.01 sys=0.00, real=0.01 secs] 
2014-07-16T06:21:07.739+0000: 846.740: [GC [PSYoungGen: 434272K->320K(420736K)] 555191K->121303K(1107712K), 0.0105410 secs] [Times: user=0.04 sys=0.00, real=0.01 secs] 
2014-07-16T06:21:08.660+0000: 847.661: [GC [PSYoungGen: 420736K->740K(408192K)] 541719K->121907K(1095168K), 0.0062750 secs] [Times: user=0.02 sys=0.00, real=0.01 secs] 
2014-07-16T06:21:09.579+0000: 848.580: [GC [PSYoungGen: 408134K->352K(395392K)] 529301K->121623K(1082368K), 0.0043420 secs] [Times: user=0.01 sys=0.01, real=0.00 secs] 
2014-07-16T06:21:10.435+0000: 849.436: [GC [PSYoungGen: 395360K->338K(383488K)] 516631K->121721K(1070464K), 0.0044720 secs] [Times: user=0.02 sys=0.00, real=0.00 secs] 
2014-07-16T06:21:11.273+0000: 850.274: [GC [PSYoungGen: 383442K->704K(460480K)] 504825K->122151K(1147456K), 0.0253240 secs] [Times: user=0.09 sys=0.00, real=0.03 secs] 
2014-07-16T06:21:12.246+0000: 851.247: [GC [PSYoungGen: 460450K->342K(552128K)] 581897K->121821K(1239104K), 0.0041960 secs] [Times: user=0.01 sys=0.00, real=0.00 secs] 
2014-07-16T06:21:13.436+0000: 852.436: [GC [PSYoungGen: 552086K->224K(533248K)] 673565K->121751K(1220224K), 0.0064810 secs] [Times: user=0.01 sys=0.00, real=0.00 secs] 
2014-07-16T06:21:14.609+0000: 853.610: [GC [PSYoungGen: 533216K->256K(515328K)] 654743K->121815K(1202304K), 0.0150930 secs] [Times: user=0.06 sys=0.00, real=0.01 secs] 
2014-07-16T06:21:15.716+0000: 854.716: [GC [PSYoungGen: 515328K->256K(498176K)] 636887K->121887K(1185152K), 0.0075600 secs] [Times: user=0.01 sys=0.00, real=0.01 secs] 
2014-07-16T06:21:16.783+0000: 855.784: [GC [PSYoungGen: 498176K->512K(482048K)] 619807K->122199K(1169024K), 0.0047820 secs] [Times: user=0.01 sys=0.00, real=0.01 secs] 
2014-07-16T06:21:17.811+0000: 856.812: [GC [PSYoungGen: 482048K->356K(466240K)] 603735K->122107K(1153216K), 0.0042000 secs] [Times: user=0.01 sys=0.01, real=0.00 secs] 
2014-07-16T06:21:18.813+0000: 857.814: [GC [PSYoungGen: 466212K->160K(451072K)] 587963K->121983K(1138048K), 0.0137540 secs] [Times: user=0.05 sys=0.00, real=0.02 secs] 
2014-07-16T06:21:19.801+0000: 858.801: [GC [PSYoungGen: 451040K->306K(436864K)] 572863K->122193K(1123840K), 0.0039450 secs] [Times: user=0.01 sys=0.00, real=0.00 secs] 
2014-07-16T06:21:20.745+0000: 859.745: [GC [PSYoungGen: 436755K->260K(423168K)] 558643K->122219K(1110144K), 0.0078790 secs] [Times: user=0.03 sys=0.00, real=0.01 secs] 
2014-07-16T06:21:21.652+0000: 860.653: [GC [PSYoungGen: 423108K->306K(410048K)] 545067K->122313K(1097024K), 0.0131230 secs] [Times: user=0.05 sys=0.00, real=0.01 secs] 
2014-07-16T06:21:22.535+0000: 861.536: [GC [PSYoungGen: 410034K->160K(397376K)] 532041K->122199K(1084352K), 0.0063030 secs] [Times: user=0.01 sys=0.00, real=0.01 secs] 
2014-07-16T06:21:23.395+0000: 862.395: [GC [PSYoungGen: 397344K->584K(385792K)] 519383K->122655K(1072768K), 0.0102280 secs] [Times: user=0.03 sys=0.00, real=0.01 secs] 
2014-07-16T06:21:24.313+0000: 863.314: [GC [PSYoungGen: 385736K->626K(374272K)] 507807K->123177K(1061248K), 0.0075200 secs] [Times: user=0.02 sys=0.00, real=0.01 secs] 
2014-07-16T06:21:25.029+0000: 864.030: [GC [PSYoungGen: 374258K->320K(448704K)] 496809K->122919K(1135680K), 0.0118710 secs] [Times: user=0.04 sys=0.00, real=0.01 secs] 
2014-07-16T06:21:25.994+0000: 864.995: [GC [PSYoungGen: 448704K->434K(434624K)] 571303K->123177K(1121600K), 0.0070770 secs] [Times: user=0.01 sys=0.00, real=0.01 secs] 
2014-07-16T06:21:26.924+0000: 865.925: [GC [PSYoungGen: 434531K->292K(420928K)] 557274K->123107K(1107904K), 0.0044160 secs] [Times: user=0.01 sys=0.00, real=0.01 secs] 
2014-07-16T06:21:27.824+0000: 866.824: [GC [PSYoungGen: 420900K->260K(407936K)] 543715K->123139K(1094912K), 0.0078990 secs] [Times: user=0.01 sys=0.00, real=0.01 secs] 
2014-07-16T06:21:28.701+0000: 867.702: [GC [PSYoungGen: 407876K->306K(395456K)] 530755K->123233K(1082432K), 0.0044930 secs] [Times: user=0.01 sys=0.00, real=0.00 secs] 
2014-07-16T06:21:29.557+0000: 868.558: [GC [PSYoungGen: 395442K->320K(383552K)] 518369K->123351K(1070528K), 0.0063530 secs] [Times: user=0.02 sys=0.00, real=0.01 secs] 
2014-07-16T06:21:30.367+0000: 869.368: [GC [PSYoungGen: 383552K->256K(372032K)] 506583K->123375K(1059008K), 0.0071270 secs] [Times: user=0.01 sys=0.00, real=0.01 secs] 
2014-07-16T06:21:31.171+0000: 870.171: [GC [PSYoungGen: 372029K->562K(446720K)] 495149K->123721K(1133696K), 0.0189300 secs] [Times: user=0.06 sys=0.00, real=0.02 secs] 
2014-07-16T06:21:32.136+0000: 871.137: [GC [PSYoungGen: 446612K->452K(535936K)] 569772K->123643K(1222912K), 0.0075850 secs] [Times: user=0.02 sys=0.00, real=0.01 secs] 
2014-07-16T06:21:33.283+0000: 872.284: [GC [PSYoungGen: 535876K->306K(642880K)] 659067K->123537K(1329856K), 0.0105110 secs] [Times: user=0.04 sys=0.00, real=0.01 secs] 
2014-07-16T06:21:34.700+0000: 873.701: [GC [PSYoungGen: 642862K->498K(620160K)] 766093K->123785K(1307136K), 0.0047720 secs] [Times: user=0.02 sys=0.00, real=0.00 secs] 
2014-07-16T06:21:36.012+0000: 875.013: [GC [PSYoungGen: 620146K->292K(598144K)] 743433K->123643K(1285120K), 0.0046630 secs] [Times: user=0.00 sys=0.00, real=0.00 secs] 
2014-07-16T06:21:37.343+0000: 876.343: [GC [PSYoungGen: 598116K->758K(577728K)] 721467K->124405K(1264704K), 0.0070770 secs] [Times: user=0.01 sys=0.00, real=0.01 secs] 
2014-07-16T06:21:38.580+0000: 877.580: [GC [PSYoungGen: 577718K->502K(557568K)] 701365K->124373K(1244544K), 0.0055000 secs] [Times: user=0.01 sys=0.00, real=0.00 secs] 
2014-07-16T06:21:39.779+0000: 878.780: [GC [PSYoungGen: 557558K->288K(538368K)] 681429K->124303K(1225344K), 0.0065550 secs] [Times: user=0.01 sys=0.00, real=0.00 secs] 
2014-07-16T06:21:40.932+0000: 879.933: [GC [PSYoungGen: 538303K->292K(520192K)] 662318K->124435K(1207168K), 0.0095750 secs] [Times: user=0.03 sys=0.00, real=0.01 secs] 
2014-07-16T06:21:42.062+0000: 881.062: [GC [PSYoungGen: 520164K->502K(503040K)] 644307K->124661K(1190016K), 0.0045000 secs] [Times: user=0.01 sys=0.00, real=0.00 secs] 
2014-07-16T06:21:43.136+0000: 882.137: [GC [PSYoungGen: 503030K->274K(486272K)] 627189K->124473K(1173248K), 0.0100150 secs] [Times: user=0.03 sys=0.00, real=0.01 secs] 
2014-07-16T06:21:44.178+0000: 883.179: [GC [PSYoungGen: 486226K->324K(470464K)] 610425K->124555K(1157440K), 0.0145260 secs] [Times: user=0.05 sys=0.00, real=0.02 secs] 
2014-07-16T06:21:45.227+0000: 884.228: [GC [PSYoungGen: 470404K->384K(455296K)] 594635K->124647K(1142272K), 0.0051130 secs] [Times: user=0.01 sys=0.00, real=0.01 secs] 
2014-07-16T06:21:46.199+0000: 885.199: [GC [PSYoungGen: 455208K->356K(546304K)] 579471K->124715K(1233280K), 0.0297860 secs] [Times: user=0.11 sys=0.00, real=0.03 secs] 
2014-07-16T06:21:47.404+0000: 886.405: [GC [PSYoungGen: 546276K->598K(655744K)] 670635K->125029K(1342720K), 0.0132370 secs] [Times: user=0.04 sys=0.00, real=0.01 secs] 
2014-07-16T06:21:48.821+0000: 887.822: [GC [PSYoungGen: 655702K->882K(787072K)] 780133K->125537K(1474048K), 0.0311800 secs] [Times: user=0.12 sys=0.00, real=0.03 secs] 
2014-07-16T06:21:50.629+0000: 889.629: [GC [PSYoungGen: 787058K->320K(943744K)] 911713K->125137K(1630720K), 0.0095650 secs] [Times: user=0.03 sys=0.01, real=0.01 secs] 
2014-07-16T06:21:52.652+0000: 891.652: [GC [PSYoungGen: 943744K->224K(906688K)] 1068561K->125233K(1593664K), 0.0037800 secs] [Times: user=0.01 sys=0.00, real=0.00 secs] 
2014-07-16T06:21:54.590+0000: 893.590: [GC [PSYoungGen: 906656K->338K(871552K)] 1031665K->125419K(1558528K), 0.0140720 secs] [Times: user=0.05 sys=0.00, real=0.02 secs] 
2014-07-16T06:21:56.486+0000: 895.486: [GC [PSYoungGen: 871506K->320K(837888K)] 996587K->125449K(1524864K), 0.0036850 secs] [Times: user=0.01 sys=0.00, real=0.00 secs] 
2014-07-16T06:21:58.288+0000: 897.289: [GC [PSYoungGen: 837888K->512K(806080K)] 963017K->125777K(1493056K), 0.0109540 secs] [Times: user=0.04 sys=0.00, real=0.01 secs] 
2014-07-16T06:22:00.032+0000: 899.033: [GC [PSYoungGen: 806080K->384K(775488K)] 931345K->125801K(1462464K), 0.0036510 secs] [Times: user=0.02 sys=0.00, real=0.01 secs] 
2014-07-16T06:22:01.702+0000: 900.702: [GC [PSYoungGen: 775410K->480K(746560K)] 900827K->126009K(1433536K), 0.0080400 secs] [Times: user=0.03 sys=0.00, real=0.01 secs] 
2014-07-16T06:22:03.308+0000: 902.308: [GC [PSYoungGen: 746526K->768K(719104K)] 872056K->126393K(1406080K), 0.0099730 secs] [Times: user=0.04 sys=0.00, real=0.01 secs] 
2014-07-16T06:22:04.924+0000: 903.925: [GC [PSYoungGen: 719104K->576K(692480K)] 844729K->126737K(1379456K), 0.0064490 secs] [Times: user=0.02 sys=0.00, real=0.00 secs] 
2014-07-16T06:22:06.351+0000: 905.352: [GC [PSYoungGen: 692480K->448K(667200K)] 818641K->126713K(1354176K), 0.0102760 secs] [Times: user=0.03 sys=0.00, real=0.01 secs] 
2014-07-16T06:22:07.791+0000: 906.792: [GC [PSYoungGen: 667200K->384K(643136K)] 793465K->126857K(1330112K), 0.0046010 secs] [Times: user=0.01 sys=0.00, real=0.01 secs] 
2014-07-16T06:22:09.177+0000: 908.178: [GC [PSYoungGen: 643136K->384K(620224K)] 769609K->126937K(1307200K), 0.0048950 secs] [Times: user=0.01 sys=0.00, real=0.00 secs] 
2014-07-16T06:22:10.562+0000: 909.563: [GC [PSYoungGen: 620224K->452K(598464K)] 746777K->127085K(1285440K), 0.0159950 secs] [Times: user=0.06 sys=0.00, real=0.02 secs] 
2014-07-16T06:22:11.842+0000: 910.842: [GC [PSYoungGen: 598403K->192K(577280K)] 725036K->126953K(1264256K), 0.0158760 secs] [Times: user=0.06 sys=0.00, real=0.02 secs] 
2014-07-16T06:22:13.088+0000: 912.088: [GC [PSYoungGen: 577280K->388K(557632K)] 704041K->127181K(1244608K), 0.0130600 secs] [Times: user=0.05 sys=0.01, real=0.01 secs] 
2014-07-16T06:22:14.279+0000: 913.280: [GC [PSYoungGen: 557569K->388K(538624K)] 684362K->127229K(1225600K), 0.0046380 secs] [Times: user=0.01 sys=0.00, real=0.00 secs] 
2014-07-16T06:22:15.468+0000: 914.469: [GC [PSYoungGen: 538564K->388K(520448K)] 665405K->127253K(1207424K), 0.0079730 secs] [Times: user=0.01 sys=0.00, real=0.01 secs] 
2014-07-16T06:22:16.591+0000: 915.592: [GC [PSYoungGen: 520388K->370K(503040K)] 647253K->127307K(1190016K), 0.0212450 secs] [Times: user=0.07 sys=0.00, real=0.02 secs] 
2014-07-16T06:22:17.698+0000: 916.698: [GC [PSYoungGen: 503026K->498K(486592K)] 629963K->127531K(1173568K), 0.0044950 secs] [Times: user=0.01 sys=0.00, real=0.00 secs] 
2014-07-16T06:22:18.751+0000: 917.752: [GC [PSYoungGen: 486561K->630K(470848K)] 613595K->127759K(1157824K), 0.0052260 secs] [Times: user=0.01 sys=0.00, real=0.01 secs] 
2014-07-16T06:22:19.772+0000: 918.773: [GC [PSYoungGen: 470833K->352K(564672K)] 597962K->127577K(1251648K), 0.0227960 secs] [Times: user=0.08 sys=0.00, real=0.02 secs] 
2014-07-16T06:22:20.991+0000: 919.992: [GC [PSYoungGen: 564640K->320K(545280K)] 691865K->127617K(1232256K), 0.0045400 secs] [Times: user=0.01 sys=0.00, real=0.01 secs] 
2014-07-16T06:22:22.154+0000: 921.154: [GC [PSYoungGen: 545280K->192K(526656K)] 672577K->127521K(1213632K), 0.0065870 secs] [Times: user=0.01 sys=0.00, real=0.01 secs] 
2014-07-16T06:22:23.283+0000: 922.284: [GC [PSYoungGen: 526656K->242K(509056K)] 653985K->127611K(1196032K), 0.0068620 secs] [Times: user=0.01 sys=0.00, real=0.01 secs] 
2014-07-16T06:22:24.379+0000: 923.380: [GC [PSYoungGen: 509042K->256K(492224K)] 636411K->127649K(1179200K), 0.0038180 secs] [Times: user=0.01 sys=0.00, real=0.00 secs] 
2014-07-16T06:22:25.499+0000: 924.500: [GC [PSYoungGen: 492224K->320K(476160K)] 619617K->127761K(1163136K), 0.0106840 secs] [Times: user=0.04 sys=0.00, real=0.01 secs] 
2014-07-16T06:22:26.490+0000: 925.491: [GC [PSYoungGen: 476160K->384K(460800K)] 603601K->127913K(1147776K), 0.0112170 secs] [Times: user=0.03 sys=0.00, real=0.01 secs] 
2014-07-16T06:22:27.470+0000: 926.471: [GC [PSYoungGen: 460800K->192K(445888K)] 588329K->127793K(1132864K), 0.0038540 secs] [Times: user=0.01 sys=0.00, real=0.00 secs] 
2014-07-16T06:22:28.443+0000: 927.443: [GC [PSYoungGen: 445888K->402K(535296K)] 573489K->128059K(1222272K), 0.0191430 secs] [Times: user=0.07 sys=0.00, real=0.02 secs] 
2014-07-16T06:22:29.608+0000: 928.609: [GC [PSYoungGen: 535240K->434K(517312K)] 662897K->128147K(1204288K), 0.0047500 secs] [Times: user=0.01 sys=0.00, real=0.00 secs] 
2014-07-16T06:22:30.744+0000: 929.745: [GC [PSYoungGen: 517298K->452K(620800K)] 645011K->128253K(1307776K), 0.0249670 secs] [Times: user=0.08 sys=0.00, real=0.03 secs] 
2014-07-16T06:22:32.081+0000: 931.082: [GC [PSYoungGen: 620740K->288K(744704K)] 748541K->128185K(1431680K), 0.0109360 secs] [Times: user=0.04 sys=0.00, real=0.01 secs] 
2014-07-16T06:22:33.687+0000: 932.688: [GC [PSYoungGen: 744672K->288K(717120K)] 872569K->128233K(1404096K), 0.0042430 secs] [Times: user=0.01 sys=0.00, real=0.01 secs] 
2014-07-16T06:22:35.231+0000: 934.232: [GC [PSYoungGen: 716999K->676K(691200K)] 844945K->128701K(1378176K), 0.0071040 secs] [Times: user=0.01 sys=0.00, real=0.01 secs] 
2014-07-16T06:22:36.717+0000: 935.718: [GC [PSYoungGen: 691172K->288K(665728K)] 819197K->128377K(1352704K), 0.0064860 secs] [Times: user=0.03 sys=0.00, real=0.01 secs] 
2014-07-16T06:22:38.155+0000: 937.156: [GC [PSYoungGen: 665696K->672K(642176K)] 793785K->128905K(1329152K), 0.0148430 secs] [Times: user=0.05 sys=0.00, real=0.02 secs] 
2014-07-16T06:22:39.520+0000: 938.521: [GC [PSYoungGen: 642144K->192K(618816K)] 770377K->128489K(1305792K), 0.0042290 secs] [Times: user=0.01 sys=0.00, real=0.00 secs] 
2014-07-16T06:22:40.904+0000: 939.905: [GC [PSYoungGen: 618798K->352K(597184K)] 747096K->128713K(1284160K), 0.0076100 secs] [Times: user=0.01 sys=0.00, real=0.01 secs] 
2014-07-16T06:22:42.175+0000: 941.176: [GC [PSYoungGen: 597152K->192K(576192K)] 725513K->128681K(1263168K), 0.0032690 secs] [Times: user=0.01 sys=0.00, real=0.00 secs] 
2014-07-16T06:22:43.412+0000: 942.413: [GC [PSYoungGen: 576142K->242K(556416K)] 704632K->128771K(1243392K), 0.0083960 secs] [Times: user=0.01 sys=0.00, real=0.01 secs] 
2014-07-16T06:22:44.608+0000: 943.609: [GC [PSYoungGen: 556402K->306K(537536K)] 684931K->128867K(1224512K), 0.0044850 secs] [Times: user=0.01 sys=0.00, real=0.01 secs] 
2014-07-16T06:22:45.826+0000: 944.827: [GC [PSYoungGen: 537522K->338K(519488K)] 666083K->128931K(1206464K), 0.0045880 secs] [Times: user=0.02 sys=0.00, real=0.01 secs] 
2014-07-16T06:22:46.939+0000: 945.939: [GC [PSYoungGen: 519442K->352K(502144K)] 648035K->129073K(1189120K), 0.0070680 secs] [Times: user=0.03 sys=0.00, real=0.01 secs] 
2014-07-16T06:22:48.034+0000: 947.035: [GC [PSYoungGen: 502079K->680K(485952K)] 630801K->129489K(1172928K), 0.0054780 secs] [Times: user=0.01 sys=0.00, real=0.01 secs] 
2014-07-16T06:22:49.067+0000: 948.067: [GC [PSYoungGen: 485928K->384K(469824K)] 614737K->129329K(1156800K), 0.0069520 secs] [Times: user=0.01 sys=0.00, real=0.01 secs] 
2014-07-16T06:22:50.085+0000: 949.086: [GC [PSYoungGen: 469820K->452K(454848K)] 598765K->129461K(1141824K), 0.0038580 secs] [Times: user=0.01 sys=0.00, real=0.00 secs] 
2014-07-16T06:22:51.087+0000: 950.088: [GC [PSYoungGen: 454735K->630K(440512K)] 583745K->129695K(1127488K), 0.0087370 secs] [Times: user=0.03 sys=0.00, real=0.01 secs] 
2014-07-16T06:22:52.028+0000: 951.029: [GC [PSYoungGen: 440502K->658K(426752K)] 569567K->129779K(1113728K), 0.0055760 secs] [Times: user=0.01 sys=0.00, real=0.01 secs] 
2014-07-16T06:22:52.939+0000: 951.940: [GC [PSYoungGen: 426706K->274K(413120K)] 555827K->129427K(1100096K), 0.0041940 secs] [Times: user=0.02 sys=0.00, real=0.01 secs] 
2014-07-16T06:22:53.819+0000: 952.819: [GC [PSYoungGen: 413074K->320K(400448K)] 542227K->129513K(1087424K), 0.0073870 secs] [Times: user=0.01 sys=0.00, real=0.01 secs] 
2014-07-16T06:22:54.679+0000: 953.680: [GC [PSYoungGen: 400448K->288K(388288K)] 529641K->129505K(1075264K), 0.0137640 secs] [Times: user=0.05 sys=0.00, real=0.02 secs] 
2014-07-16T06:22:55.506+0000: 954.507: [GC [PSYoungGen: 388256K->420K(376768K)] 517473K->129661K(1063744K), 0.0051750 secs] [Times: user=0.01 sys=0.01, real=0.01 secs] 
2014-07-16T06:22:56.321+0000: 955.322: [GC [PSYoungGen: 376740K->306K(365504K)] 505981K->129579K(1052480K), 0.0042700 secs] [Times: user=0.01 sys=0.00, real=0.00 secs] 
2014-07-16T06:22:57.129+0000: 956.129: [GC [PSYoungGen: 365490K->338K(354880K)] 494763K->129699K(1041856K), 0.0044920 secs] [Times: user=0.01 sys=0.00, real=0.01 secs] 
2014-07-16T06:22:57.878+0000: 956.879: [GC [PSYoungGen: 354834K->370K(425792K)] 484195K->129819K(1112768K), 0.0226240 secs] [Times: user=0.08 sys=0.00, real=0.03 secs] 
2014-07-16T06:22:58.824+0000: 957.824: [GC [PSYoungGen: 425778K->676K(511232K)] 555227K->130261K(1198208K), 0.0073210 secs] [Times: user=0.02 sys=0.00, real=0.01 secs] 
2014-07-16T06:22:59.895+0000: 958.895: [GC [PSYoungGen: 511204K->256K(493824K)] 640789K->129945K(1180800K), 0.0066800 secs] [Times: user=0.02 sys=0.00, real=0.00 secs] 
2014-07-16T06:23:01.008+0000: 960.009: [GC [PSYoungGen: 493821K->384K(592704K)] 623510K->130153K(1279680K), 0.0124100 secs] [Times: user=0.04 sys=0.00, real=0.01 secs] 
2014-07-16T06:23:02.295+0000: 961.296: [GC [PSYoungGen: 592704K->434K(572160K)] 722473K->130291K(1259136K), 0.0091270 secs] [Times: user=0.03 sys=0.00, real=0.01 secs] 
2014-07-16T06:23:03.516+0000: 962.517: [GC [PSYoungGen: 572146K->224K(552320K)] 702003K->130129K(1239296K), 0.0143480 secs] [Times: user=0.05 sys=0.00, real=0.01 secs] 
2014-07-16T06:23:04.702+0000: 963.703: [GC [PSYoungGen: 552283K->160K(533440K)] 682188K->130113K(1220416K), 0.0105060 secs] [Times: user=0.04 sys=0.00, real=0.01 secs] 
2014-07-16T06:23:05.956+0000: 964.957: [GC [PSYoungGen: 533408K->754K(516096K)] 663361K->130779K(1203072K), 0.0090920 secs] [Times: user=0.03 sys=0.00, real=0.01 secs] 
2014-07-16T06:23:07.013+0000: 966.014: [GC [PSYoungGen: 516082K->516K(498752K)] 646107K->130637K(1185728K), 0.0117130 secs] [Times: user=0.04 sys=0.00, real=0.01 secs] 
2014-07-16T06:23:08.074+0000: 967.075: [GC [PSYoungGen: 498692K->224K(598080K)] 628813K->130441K(1285056K), 0.0140520 secs] [Times: user=0.05 sys=0.00, real=0.01 secs] 
2014-07-16T06:23:09.381+0000: 968.382: [GC [PSYoungGen: 598048K->498K(717952K)] 728265K->130779K(1404928K), 0.0121120 secs] [Times: user=0.05 sys=0.01, real=0.02 secs] 
2014-07-16T06:23:11.000+0000: 970.000: [GC [PSYoungGen: 717934K->754K(691840K)] 848215K->131131K(1378816K), 0.0051700 secs] [Times: user=0.02 sys=0.00, real=0.01 secs] 
2014-07-16T06:23:12.464+0000: 971.464: [GC [PSYoungGen: 691826K->402K(666368K)] 822203K->130907K(1353344K), 0.0045930 secs] [Times: user=0.02 sys=0.00, real=0.01 secs] 
2014-07-16T06:23:13.886+0000: 972.887: [GC [PSYoungGen: 666322K->192K(642112K)] 796827K->130745K(1329088K), 0.0072000 secs] [Times: user=0.02 sys=0.00, real=0.00 secs] 
2014-07-16T06:23:15.261+0000: 974.262: [GC [PSYoungGen: 642112K->256K(619328K)] 772665K->130849K(1306304K), 0.0092780 secs] [Times: user=0.03 sys=0.00, real=0.01 secs] 
2014-07-16T06:23:16.624+0000: 975.624: [GC [PSYoungGen: 619328K->352K(597632K)] 749921K->131009K(1284608K), 0.0057640 secs] [Times: user=0.02 sys=0.00, real=0.01 secs] 
2014-07-16T06:23:17.903+0000: 976.904: [GC [PSYoungGen: 597600K->224K(576704K)] 728257K->131009K(1263680K), 0.0093650 secs] [Times: user=0.03 sys=0.00, real=0.01 secs] 
2014-07-16T06:23:19.154+0000: 978.155: [GC [PSYoungGen: 576672K->384K(556928K)] 707457K->131233K(1243904K), 0.0069270 secs] [Times: user=0.02 sys=0.00, real=0.01 secs] 
2014-07-16T06:23:20.346+0000: 979.347: [GC [PSYoungGen: 556928K->402K(537984K)] 687777K->131347K(1224960K), 0.0072530 secs] [Times: user=0.02 sys=0.01, real=0.00 secs] 
2014-07-16T06:23:21.533+0000: 980.534: [GC [PSYoungGen: 537935K->388K(519872K)] 668881K->131373K(1206848K), 0.0049220 secs] [Times: user=0.01 sys=0.00, real=0.01 secs] 
2014-07-16T06:23:22.642+0000: 981.643: [GC [PSYoungGen: 519812K->242K(502336K)] 650797K->131323K(1189312K), 0.0112500 secs] [Times: user=0.04 sys=0.01, real=0.01 secs] 
2014-07-16T06:23:23.721+0000: 982.722: [GC [PSYoungGen: 502322K->192K(485696K)] 633403K->131313K(1172672K), 0.0074160 secs] [Times: user=0.03 sys=0.00, real=0.01 secs] 
2014-07-16T06:23:24.755+0000: 983.756: [GC [PSYoungGen: 485696K->416K(470144K)] 616817K->131577K(1157120K), 0.0066300 secs] [Times: user=0.01 sys=0.00, real=0.00 secs] 
2014-07-16T06:23:25.772+0000: 984.773: [GC [PSYoungGen: 470112K->320K(454912K)] 601273K->131513K(1141888K), 0.0100880 secs] [Times: user=0.03 sys=0.00, real=0.01 secs] 
2014-07-16T06:23:26.768+0000: 985.768: [GC [PSYoungGen: 454912K->192K(440320K)] 586105K->131433K(1127296K), 0.0173690 secs] [Times: user=0.06 sys=0.00, real=0.01 secs] 
2014-07-16T06:23:27.724+0000: 986.725: [GC [PSYoungGen: 440320K->256K(426560K)] 571561K->131593K(1113536K), 0.0078500 secs] [Times: user=0.03 sys=0.00, real=0.01 secs] 
2014-07-16T06:23:28.645+0000: 987.646: [GC [PSYoungGen: 426560K->288K(413376K)] 557897K->131673K(1100352K), 0.0047870 secs] [Times: user=0.01 sys=0.00, real=0.01 secs] 
2014-07-16T06:23:29.533+0000: 988.534: [GC [PSYoungGen: 413344K->192K(400576K)] 544729K->131657K(1087552K), 0.0068410 secs] [Times: user=0.02 sys=0.00, real=0.01 secs] 
2014-07-16T06:23:30.398+0000: 989.399: [GC [PSYoungGen: 400563K->512K(388736K)] 532028K->132033K(1075712K), 0.0091490 secs] [Times: user=0.03 sys=0.00, real=0.01 secs] 
2014-07-16T06:23:31.323+0000: 990.324: [GC [PSYoungGen: 388698K->694K(377280K)] 520219K->132679K(1064256K), 0.0053910 secs] [Times: user=0.01 sys=0.01, real=0.01 secs] 
2014-07-16T06:23:32.070+0000: 991.071: [GC [PSYoungGen: 377270K->256K(365696K)] 509255K->132449K(1052672K), 0.0069660 secs] [Times: user=0.02 sys=0.00, real=0.01 secs] 
2014-07-16T06:23:32.953+0000: 991.953: [GC [PSYoungGen: 365654K->648K(439232K)] 497847K->132961K(1126208K), 0.0301500 secs] [Times: user=0.10 sys=0.00, real=0.03 secs] 
2014-07-16T06:23:33.857+0000: 992.858: [GC [PSYoungGen: 439136K->224K(526528K)] 571449K->132665K(1213504K), 0.0090190 secs] [Times: user=0.03 sys=0.00, real=0.00 secs] 
2014-07-16T06:23:34.997+0000: 993.997: [GC [PSYoungGen: 526496K->480K(632064K)] 658937K->132961K(1319040K), 0.0081970 secs] [Times: user=0.03 sys=0.00, real=0.01 secs] 
2014-07-16T06:23:36.450+0000: 995.451: [GC [PSYoungGen: 632030K->868K(610048K)] 764511K->133413K(1297024K), 0.0033490 secs] [Times: user=0.01 sys=0.00, real=0.00 secs] 
2014-07-16T06:23:37.679+0000: 996.680: [GC [PSYoungGen: 610020K->256K(588032K)] 742565K->132937K(1275008K), 0.0078550 secs] [Times: user=0.01 sys=0.00, real=0.01 secs] 
2014-07-16T06:23:38.951+0000: 997.951: [GC [PSYoungGen: 587987K->356K(567744K)] 720669K->133117K(1254720K), 0.0043000 secs] [Times: user=0.01 sys=0.00, real=0.00 secs] 
2014-07-16T06:23:40.170+0000: 999.170: [GC [PSYoungGen: 567716K->256K(548160K)] 700477K->133089K(1235136K), 0.0136730 secs] [Times: user=0.04 sys=0.00, real=0.01 secs] 
2014-07-16T06:23:41.444+0000: 1000.445: [GC [PSYoungGen: 548160K->932K(530240K)] 680993K->134045K(1217216K), 0.0057530 secs] [Times: user=0.02 sys=0.00, real=0.01 secs] 
2014-07-16T06:23:42.522+0000: 1001.523: [GC [PSYoungGen: 530212K->256K(511744K)] 663325K->133457K(1198720K), 0.0058180 secs] [Times: user=0.02 sys=0.01, real=0.01 secs] 
2014-07-16T06:23:43.642+0000: 1002.642: [GC [PSYoungGen: 511744K->274K(494848K)] 644945K->133579K(1181824K), 0.0036520 secs] [Times: user=0.01 sys=0.00, real=0.00 secs] 
2014-07-16T06:23:44.707+0000: 1003.708: [GC [PSYoungGen: 494800K->612K(478976K)] 628105K->133997K(1165952K), 0.0114570 secs] [Times: user=0.04 sys=0.00, real=0.02 secs] 
2014-07-16T06:23:45.737+0000: 1004.738: [GC [PSYoungGen: 478948K->274K(463168K)] 612333K->133691K(1150144K), 0.0164530 secs] [Times: user=0.05 sys=0.00, real=0.02 secs] 
2014-07-16T06:23:46.788+0000: 1005.789: [GC [PSYoungGen: 463122K->726K(448768K)] 596539K->134191K(1135744K), 0.0061010 secs] [Times: user=0.02 sys=0.00, real=0.01 secs] 
2014-07-16T06:23:47.739+0000: 1006.740: [GC [PSYoungGen: 448726K->242K(434048K)] 582191K->133819K(1121024K), 0.0041790 secs] [Times: user=0.00 sys=0.00, real=0.00 secs] 
2014-07-16T06:23:48.671+0000: 1007.672: [GC [PSYoungGen: 434034K->292K(420544K)] 567611K->133917K(1107520K), 0.0051870 secs] [Times: user=0.01 sys=0.00, real=0.00 secs] 
2014-07-16T06:23:49.576+0000: 1008.576: [GC [PSYoungGen: 420516K->256K(407488K)] 554141K->133937K(1094464K), 0.0116640 secs] [Times: user=0.04 sys=0.01, real=0.01 secs] 
2014-07-16T06:23:50.453+0000: 1009.454: [GC [PSYoungGen: 407488K->320K(395136K)] 541169K->134057K(1082112K), 0.0084430 secs] [Times: user=0.03 sys=0.00, real=0.01 secs] 
2014-07-16T06:23:51.301+0000: 1010.301: [GC [PSYoungGen: 395136K->256K(383168K)] 528873K->134041K(1070144K), 0.0098470 secs] [Times: user=0.03 sys=0.00, real=0.01 secs] 
2014-07-16T06:23:52.154+0000: 1011.154: [GC [PSYoungGen: 383168K->480K(460032K)] 516953K->134321K(1147008K), 0.0281090 secs] [Times: user=0.10 sys=0.00, real=0.03 secs] 
2014-07-16T06:23:53.193+0000: 1012.194: [GC [PSYoungGen: 459985K->722K(552192K)] 593827K->134635K(1239168K), 0.0072190 secs] [Times: user=0.02 sys=0.00, real=0.01 secs] 
2014-07-16T06:23:54.359+0000: 1013.360: [GC [PSYoungGen: 552146K->384K(662144K)] 686059K->134385K(1349120K), 0.0085880 secs] [Times: user=0.02 sys=0.00, real=0.01 secs] 
2014-07-16T06:23:55.779+0000: 1014.780: [GC [PSYoungGen: 662144K->402K(638400K)] 796145K->134467K(1325376K), 0.0039850 secs] [Times: user=0.01 sys=0.00, real=0.01 secs] 
2014-07-16T06:23:57.203+0000: 1016.204: [GC [PSYoungGen: 638354K->256K(615552K)] 772419K->134401K(1302528K), 0.0045930 secs] [Times: user=0.02 sys=0.00, real=0.00 secs] 
2014-07-16T06:23:58.526+0000: 1017.527: [GC [PSYoungGen: 615539K->288K(593984K)] 749684K->134593K(1280960K), 0.0074790 secs] [Times: user=0.02 sys=0.00, real=0.01 secs] 
2014-07-16T06:23:59.822+0000: 1018.823: [GC [PSYoungGen: 593952K->420K(573440K)] 728257K->134805K(1260416K), 0.0077140 secs] [Times: user=0.01 sys=0.00, real=0.00 secs] 
2014-07-16T06:24:01.052+0000: 1020.053: [GC [PSYoungGen: 573412K->160K(553472K)] 707797K->134609K(1240448K), 0.0061650 secs] [Times: user=0.01 sys=0.00, real=0.00 secs] 
2014-07-16T06:24:02.276+0000: 1021.276: [GC [PSYoungGen: 553436K->320K(534784K)] 687885K->134809K(1221760K), 0.0169060 secs] [Times: user=0.06 sys=0.00, real=0.02 secs] 
2014-07-16T06:24:03.457+0000: 1022.458: [GC [PSYoungGen: 534758K->818K(517312K)] 669247K->135515K(1204288K), 0.0046500 secs] [Times: user=0.02 sys=0.00, real=0.01 secs] 
2014-07-16T06:24:04.549+0000: 1023.550: [GC [PSYoungGen: 517298K->338K(499648K)] 651995K->135075K(1186624K), 0.0053470 secs] [Times: user=0.02 sys=0.00, real=0.01 secs] 
2014-07-16T06:24:05.603+0000: 1024.603: [GC [PSYoungGen: 499598K->420K(483264K)] 634335K->135229K(1170240K), 0.0039100 secs] [Times: user=0.02 sys=0.00, real=0.00 secs] 
2014-07-16T06:24:06.639+0000: 1025.640: [GC [PSYoungGen: 483236K->192K(467328K)] 618045K->135033K(1154304K), 0.0058850 secs] [Times: user=0.01 sys=0.01, real=0.01 secs] 
2014-07-16T06:24:07.685+0000: 1026.686: [GC [PSYoungGen: 467328K->224K(452352K)] 602169K->135129K(1139328K), 0.0043130 secs] [Times: user=0.01 sys=0.00, real=0.00 secs] 
2014-07-16T06:24:08.660+0000: 1027.660: [GC [PSYoungGen: 452320K->256K(438016K)] 587225K->135265K(1124992K), 0.0159150 secs] [Times: user=0.06 sys=0.00, real=0.02 secs] 
2014-07-16T06:24:09.606+0000: 1028.607: [GC [PSYoungGen: 438016K->534K(525888K)] 573025K->135623K(1212864K), 0.0203270 secs] [Times: user=0.06 sys=0.00, real=0.02 secs] 
2014-07-16T06:24:10.743+0000: 1029.744: [GC [PSYoungGen: 525846K->320K(630720K)] 660935K->135465K(1317696K), 0.0123560 secs] [Times: user=0.05 sys=0.00, real=0.01 secs] 
2014-07-16T06:24:12.162+0000: 1031.162: [GC [PSYoungGen: 630638K->826K(608896K)] 765783K->136219K(1295872K), 0.0054030 secs] [Times: user=0.01 sys=0.00, real=0.01 secs] 
2014-07-16T06:24:13.436+0000: 1032.436: [GC [PSYoungGen: 608890K->320K(587072K)] 744283K->135801K(1274048K), 0.0077030 secs] [Times: user=0.03 sys=0.00, real=0.01 secs] 
2014-07-16T06:24:14.706+0000: 1033.706: [GC [PSYoungGen: 587072K->192K(566592K)] 722553K->135761K(1253568K), 0.0038290 secs] [Times: user=0.01 sys=0.00, real=0.00 secs] 
2014-07-16T06:24:15.931+0000: 1034.931: [GC [PSYoungGen: 566592K->498K(547456K)] 702161K->136123K(1234432K), 0.0155700 secs] [Times: user=0.05 sys=0.00, real=0.02 secs] 
2014-07-16T06:24:17.183+0000: 1036.184: [GC [PSYoungGen: 547409K->480K(528896K)] 683035K->136169K(1215872K), 0.0098910 secs] [Times: user=0.03 sys=0.00, real=0.01 secs] 
2014-07-16T06:24:18.275+0000: 1037.276: [GC [PSYoungGen: 528864K->320K(510976K)] 664553K->136161K(1197952K), 0.0075150 secs] [Times: user=0.01 sys=0.00, real=0.00 secs] 
2014-07-16T06:24:19.374+0000: 1038.375: [GC [PSYoungGen: 510928K->260K(494016K)] 646770K->136165K(1180992K), 0.0117250 secs] [Times: user=0.04 sys=0.01, real=0.01 secs] 
2014-07-16T06:24:20.432+0000: 1039.433: [GC [PSYoungGen: 493935K->516K(478080K)] 629841K->136461K(1165056K), 0.0048460 secs] [Times: user=0.01 sys=0.00, real=0.01 secs] 
2014-07-16T06:24:21.466+0000: 1040.467: [GC [PSYoungGen: 478020K->420K(462464K)] 613965K->136397K(1149440K), 0.0045500 secs] [Times: user=0.01 sys=0.00, real=0.00 secs] 
2014-07-16T06:24:22.497+0000: 1041.498: [GC [PSYoungGen: 462436K->530K(447808K)] 598413K->136579K(1134784K), 0.0097460 secs] [Times: user=0.04 sys=0.00, real=0.01 secs] 
2014-07-16T06:24:23.513+0000: 1042.514: [GC [PSYoungGen: 447706K->448K(433536K)] 583755K->136561K(1120512K), 0.0140270 secs] [Times: user=0.06 sys=0.00, real=0.02 secs] 
2014-07-16T06:24:24.446+0000: 1043.447: [GC [PSYoungGen: 433536K->256K(419776K)] 569649K->136449K(1106752K), 0.0051460 secs] [Times: user=0.02 sys=0.00, real=0.00 secs] 
2014-07-16T06:24:25.352+0000: 1044.352: [GC [PSYoungGen: 419773K->356K(503808K)] 555966K->136613K(1190784K), 0.0163340 secs] [Times: user=0.06 sys=0.00, real=0.02 secs] 
2014-07-16T06:24:26.432+0000: 1045.433: [GC [PSYoungGen: 503780K->502K(487296K)] 640037K->136783K(1174272K), 0.0070350 secs] [Times: user=0.02 sys=0.00, real=0.01 secs] 
2014-07-16T06:24:27.482+0000: 1046.483: [GC [PSYoungGen: 487286K->292K(471232K)] 623567K->136637K(1158208K), 0.0108090 secs] [Times: user=0.04 sys=0.00, real=0.01 secs] 
2014-07-16T06:24:28.494+0000: 1047.495: [GC [PSYoungGen: 471141K->292K(456064K)] 607486K->136701K(1143040K), 0.0047430 secs] [Times: user=0.01 sys=0.00, real=0.01 secs] 
2014-07-16T06:24:29.478+0000: 1048.479: [GC [PSYoungGen: 456036K->416K(547392K)] 592445K->136913K(1234368K), 0.0213150 secs] [Times: user=0.08 sys=0.00, real=0.02 secs] 
2014-07-16T06:24:30.642+0000: 1049.642: [GC [PSYoungGen: 547301K->192K(656576K)] 683798K->136753K(1343552K), 0.0087360 secs] [Times: user=0.03 sys=0.00, real=0.01 secs] 
2014-07-16T06:24:32.231+0000: 1051.232: [GC [PSYoungGen: 656574K->758K(788480K)] 793135K->137847K(1475456K), 0.0149590 secs] [Times: user=0.05 sys=0.01, real=0.02 secs] 
2014-07-16T06:24:33.869+0000: 1052.870: [GC [PSYoungGen: 788470K->914K(759040K)] 925559K->138099K(1446016K), 0.0099150 secs] [Times: user=0.02 sys=0.00, real=0.01 secs] 
2014-07-16T06:24:35.513+0000: 1054.514: [GC [PSYoungGen: 758994K->384K(730240K)] 896179K->138457K(1417216K), 0.0073120 secs] [Times: user=0.02 sys=0.01, real=0.01 secs] 
2014-07-16T06:24:37.069+0000: 1056.070: [GC [PSYoungGen: 730240K->516K(703488K)] 868313K->138653K(1390464K), 0.0060470 secs] [Times: user=0.02 sys=0.00, real=0.00 secs] 
2014-07-16T06:24:38.598+0000: 1057.598: [GC [PSYoungGen: 703428K->352K(677632K)] 841565K->138745K(1364608K), 0.0153520 secs] [Times: user=0.05 sys=0.00, real=0.01 secs] 
2014-07-16T06:24:40.063+0000: 1059.064: [GC [PSYoungGen: 677600K->544K(653312K)] 815993K->139089K(1340288K), 0.0193600 secs] [Times: user=0.08 sys=0.00, real=0.02 secs] 
2014-07-16T06:24:41.457+0000: 1060.458: [GC [PSYoungGen: 653280K->306K(629696K)] 791825K->138883K(1316672K), 0.0044630 secs] [Times: user=0.01 sys=0.00, real=0.00 secs] 
2014-07-16T06:24:42.845+0000: 1061.846: [GC [PSYoungGen: 629682K->434K(607552K)] 768259K->139075K(1294528K), 0.0192770 secs] [Times: user=0.07 sys=0.00, real=0.02 secs] 
2014-07-16T06:24:44.163+0000: 1063.163: [GC [PSYoungGen: 607538K->466K(586368K)] 746179K->139195K(1273344K), 0.0042160 secs] [Times: user=0.01 sys=0.00, real=0.00 secs] 
2014-07-16T06:24:45.421+0000: 1064.422: [GC [PSYoungGen: 586322K->292K(565888K)] 725051K->139085K(1252864K), 0.0112030 secs] [Times: user=0.04 sys=0.00, real=0.01 secs] 
2014-07-16T06:24:46.631+0000: 1065.632: [GC [PSYoungGen: 565860K->256K(546432K)] 704653K->139097K(1233408K), 0.0063620 secs] [Times: user=0.01 sys=0.01, real=0.00 secs] 
2014-07-16T06:24:47.812+0000: 1066.812: [GC [PSYoungGen: 546432K->626K(528320K)] 685273K->139539K(1215296K), 0.0113910 secs] [Times: user=0.05 sys=0.00, real=0.01 secs] 
2014-07-16T06:24:48.944+0000: 1067.945: [GC [PSYoungGen: 528306K->256K(510272K)] 667219K->139273K(1197248K), 0.0097380 secs] [Times: user=0.03 sys=0.00, real=0.01 secs] 
2014-07-16T06:24:50.036+0000: 1069.036: [GC [PSYoungGen: 510272K->192K(493312K)] 649289K->139273K(1180288K), 0.0179980 secs] [Times: user=0.06 sys=0.00, real=0.02 secs] 
2014-07-16T06:24:51.123+0000: 1070.124: [GC [PSYoungGen: 493312K->288K(477248K)] 632393K->139425K(1164224K), 0.0067070 secs] [Times: user=0.01 sys=0.00, real=0.01 secs] 
2014-07-16T06:24:52.146+0000: 1071.147: [GC [PSYoungGen: 477216K->288K(572672K)] 616353K->139513K(1259648K), 0.0299480 secs] [Times: user=0.10 sys=0.00, real=0.03 secs] 
2014-07-16T06:24:53.434+0000: 1072.435: [GC [PSYoungGen: 572640K->352K(687232K)] 711865K->139609K(1374208K), 0.0045010 secs] [Times: user=0.01 sys=0.00, real=0.01 secs] 
2014-07-16T06:24:54.923+0000: 1073.924: [GC [PSYoungGen: 687200K->384K(824640K)] 826457K->139769K(1511616K), 0.0114810 secs] [Times: user=0.04 sys=0.00, real=0.01 secs] 
2014-07-16T06:24:56.688+0000: 1075.689: [GC [PSYoungGen: 824640K->352K(793280K)] 964025K->139793K(1480256K), 0.0093090 secs] [Times: user=0.03 sys=0.00, real=0.01 secs] 
2014-07-16T06:24:58.423+0000: 1077.424: [GC [PSYoungGen: 793248K->324K(763392K)] 932689K->139885K(1450368K), 0.0036760 secs] [Times: user=0.01 sys=0.00, real=0.00 secs] 
2014-07-16T06:25:00.089+0000: 1079.089: [GC [PSYoungGen: 763332K->420K(734976K)] 902893K->140125K(1421952K), 0.0059260 secs] [Times: user=0.03 sys=0.00, real=0.01 secs] 
2014-07-16T06:25:01.674+0000: 1080.675: [GC [PSYoungGen: 734948K->402K(707840K)] 874653K->140211K(1394816K), 0.0033300 secs] [Times: user=0.01 sys=0.00, real=0.00 secs] 
2014-07-16T06:25:03.207+0000: 1082.207: [GC [PSYoungGen: 707794K->306K(681792K)] 847603K->140179K(1368768K), 0.0139500 secs] [Times: user=0.05 sys=0.00, real=0.02 secs] 
2014-07-16T06:25:04.709+0000: 1083.709: [GC [PSYoungGen: 681778K->502K(657280K)] 821651K->140463K(1344256K), 0.0068920 secs] [Times: user=0.02 sys=0.00, real=0.01 secs] 
2014-07-16T06:25:06.123+0000: 1085.123: [GC [PSYoungGen: 657270K->192K(633408K)] 797231K->140233K(1320384K), 0.0054660 secs] [Times: user=0.01 sys=0.00, real=0.00 secs] 
2014-07-16T06:25:07.492+0000: 1086.493: [GC [PSYoungGen: 633408K->256K(611008K)] 773449K->140401K(1297984K), 0.0086680 secs] [Times: user=0.02 sys=0.00, real=0.01 secs] 
2014-07-16T06:25:08.837+0000: 1087.837: [GC [PSYoungGen: 611006K->338K(589696K)] 751152K->140547K(1276672K), 0.0094800 secs] [Times: user=0.03 sys=0.00, real=0.01 secs] 
2014-07-16T06:25:10.108+0000: 1089.109: [GC [PSYoungGen: 589643K->420K(569280K)] 729852K->140749K(1256256K), 0.0073850 secs] [Times: user=0.01 sys=0.00, real=0.01 secs] 
2014-07-16T06:25:11.337+0000: 1090.338: [GC [PSYoungGen: 569240K->388K(549760K)] 709570K->140781K(1236736K), 0.0094210 secs] [Times: user=0.03 sys=0.00, real=0.01 secs] 
2014-07-16T06:25:12.518+0000: 1091.518: [GC [PSYoungGen: 549700K->128K(530752K)] 690093K->140561K(1217728K), 0.0092370 secs] [Times: user=0.03 sys=0.00, real=0.01 secs] 
2014-07-16T06:25:13.743+0000: 1092.744: [GC [PSYoungGen: 530714K->580K(513408K)] 671147K->141085K(1200384K), 0.0129510 secs] [Times: user=0.04 sys=0.00, real=0.01 secs] 
2014-07-16T06:25:14.841+0000: 1093.841: [GC [PSYoungGen: 513348K->370K(496128K)] 653853K->140979K(1183104K), 0.0040500 secs] [Times: user=0.01 sys=0.00, real=0.01 secs] 
2014-07-16T06:25:15.964+0000: 1094.965: [GC [PSYoungGen: 496114K->562K(480064K)] 636723K->141355K(1167040K), 0.0057090 secs] [Times: user=0.02 sys=0.00, real=0.00 secs] 
2014-07-16T06:25:16.991+0000: 1095.992: [GC [PSYoungGen: 479966K->616K(464576K)] 620759K->141521K(1151552K), 0.0081740 secs] [Times: user=0.03 sys=0.00, real=0.01 secs] 
2014-07-16T06:25:18.034+0000: 1097.034: [GC [PSYoungGen: 464552K->502K(449536K)] 605457K->141543K(1136512K), 0.0136030 secs] [Times: user=0.06 sys=0.00, real=0.01 secs] 
2014-07-16T06:25:18.956+0000: 1097.957: [GC [PSYoungGen: 449526K->192K(435008K)] 590567K->141321K(1121984K), 0.0038350 secs] [Times: user=0.01 sys=0.00, real=0.00 secs] 
2014-07-16T06:25:19.897+0000: 1098.898: [GC [PSYoungGen: 435008K->320K(522112K)] 576137K->141513K(1209088K), 0.0218740 secs] [Times: user=0.08 sys=0.00, real=0.02 secs] 
2014-07-16T06:25:21.023+0000: 1100.024: [GC [PSYoungGen: 522112K->402K(626624K)] 663305K->141635K(1313600K), 0.0175790 secs] [Times: user=0.07 sys=0.00, real=0.02 secs] 
2014-07-16T06:25:22.364+0000: 1101.364: [GC [PSYoungGen: 626578K->320K(751744K)] 767811K->141633K(1438720K), 0.0085890 secs] [Times: user=0.02 sys=0.00, real=0.00 secs] 
2014-07-16T06:25:24.021+0000: 1103.021: [GC [PSYoungGen: 751744K->594K(902400K)] 893057K->141971K(1589376K), 0.0188850 secs] [Times: user=0.07 sys=0.00, real=0.02 secs] 
2014-07-16T06:25:25.968+0000: 1104.968: [GC [PSYoungGen: 902354K->566K(867328K)] 1043731K->142039K(1554304K), 0.0106520 secs] [Times: user=0.04 sys=0.00, real=0.01 secs] 
2014-07-16T06:25:27.829+0000: 1106.829: [GC [PSYoungGen: 867318K->534K(833984K)] 1008791K->142127K(1520960K), 0.0084870 secs] [Times: user=0.01 sys=0.00, real=0.01 secs] 
2014-07-16T06:25:29.670+0000: 1108.670: [GC [PSYoungGen: 833942K->480K(802112K)] 975535K->142177K(1489088K), 0.0140380 secs] [Times: user=0.06 sys=0.00, real=0.01 secs] 
2014-07-16T06:25:31.405+0000: 1110.405: [GC [PSYoungGen: 802080K->456K(771840K)] 943777K->142281K(1458816K), 0.0049830 secs] [Times: user=0.01 sys=0.00, real=0.01 secs] 
2014-07-16T06:25:33.145+0000: 1112.146: [GC [PSYoungGen: 771784K->676K(743168K)] 913609K->143077K(1430144K), 0.0061380 secs] [Times: user=0.01 sys=0.01, real=0.01 secs] 
2014-07-16T06:25:34.676+0000: 1113.676: [GC [PSYoungGen: 743140K->480K(715456K)] 885541K->142953K(1402432K), 0.0179960 secs] [Times: user=0.06 sys=0.00, real=0.01 secs] 
2014-07-16T06:25:36.214+0000: 1115.214: [GC [PSYoungGen: 715424K->320K(689024K)] 857897K->142977K(1376000K), 0.0150020 secs] [Times: user=0.05 sys=0.00, real=0.02 secs] 
2014-07-16T06:25:37.720+0000: 1116.720: [GC [PSYoungGen: 689022K->466K(664192K)] 831679K->143227K(1351168K), 0.0105970 secs] [Times: user=0.03 sys=0.00, real=0.01 secs] 
2014-07-16T06:25:39.168+0000: 1118.169: [GC [PSYoungGen: 664146K->370K(640192K)] 806907K->143243K(1327168K), 0.0168390 secs] [Times: user=0.06 sys=0.00, real=0.01 secs] 
2014-07-16T06:25:40.548+0000: 1119.548: [GC [PSYoungGen: 640175K->192K(617216K)] 783048K->143193K(1304192K), 0.0129810 secs] [Times: user=0.05 sys=0.00, real=0.01 secs] 
2014-07-16T06:25:41.891+0000: 1120.892: [GC [PSYoungGen: 617215K->288K(595584K)] 760216K->143361K(1282560K), 0.0135850 secs] [Times: user=0.05 sys=0.01, real=0.01 secs] 
2014-07-16T06:25:43.177+0000: 1122.178: [GC [PSYoungGen: 595552K->288K(574848K)] 738625K->143409K(1261824K), 0.0035690 secs] [Times: user=0.01 sys=0.00, real=0.00 secs] 
2014-07-16T06:25:44.412+0000: 1123.413: [GC [PSYoungGen: 574750K->420K(555200K)] 717871K->143565K(1242176K), 0.0033960 secs] [Times: user=0.01 sys=0.00, real=0.00 secs] 
2014-07-16T06:25:45.636+0000: 1124.637: [GC [PSYoungGen: 555172K->434K(536320K)] 698317K->143651K(1223296K), 0.0084560 secs] [Times: user=0.03 sys=0.00, real=0.01 secs] 
2014-07-16T06:25:46.795+0000: 1125.796: [GC [PSYoungGen: 536303K->804K(518656K)] 679521K->144157K(1205632K), 0.0060730 secs] [Times: user=0.01 sys=0.00, real=0.01 secs] 
2014-07-16T06:25:47.894+0000: 1126.895: [GC [PSYoungGen: 518543K->356K(500928K)] 661896K->143797K(1187904K), 0.0143610 secs] [Times: user=0.04 sys=0.00, real=0.02 secs] 
2014-07-16T06:25:48.978+0000: 1127.979: [GC [PSYoungGen: 500873K->356K(484416K)] 644314K->143877K(1171392K), 0.0046890 secs] [Times: user=0.01 sys=0.00, real=0.00 secs] 
2014-07-16T06:25:50.023+0000: 1129.024: [GC [PSYoungGen: 484370K->370K(468672K)] 627891K->143987K(1155648K), 0.0174690 secs] [Times: user=0.07 sys=0.00, real=0.02 secs] 
2014-07-16T06:25:51.054+0000: 1130.055: [GC [PSYoungGen: 468658K->644K(453952K)] 612275K->144301K(1140928K), 0.0124200 secs] [Times: user=0.05 sys=0.00, real=0.01 secs] 
2014-07-16T06:25:52.011+0000: 1131.012: [GC [PSYoungGen: 453892K->288K(439168K)] 597549K->144017K(1126144K), 0.0038440 secs] [Times: user=0.01 sys=0.01, real=0.00 secs] 
2014-07-16T06:25:52.961+0000: 1131.961: [GC [PSYoungGen: 439136K->324K(527040K)] 582865K->144109K(1214016K), 0.0162350 secs] [Times: user=0.05 sys=0.01, real=0.01 secs] 
2014-07-16T06:25:54.138+0000: 1133.139: [GC [PSYoungGen: 526980K->256K(509248K)] 670765K->144073K(1196224K), 0.0079150 secs] [Times: user=0.03 sys=0.00, real=0.00 secs] 
2014-07-16T06:25:55.248+0000: 1134.249: [GC [PSYoungGen: 509248K->438K(492608K)] 653065K->144335K(1179584K), 0.0071100 secs] [Times: user=0.01 sys=0.00, real=0.00 secs] 
2014-07-16T06:25:56.314+0000: 1135.314: [GC [PSYoungGen: 492580K->416K(476480K)] 636477K->144393K(1163456K), 0.0034680 secs] [Times: user=0.01 sys=0.00, real=0.00 secs] 
2014-07-16T06:25:57.326+0000: 1136.327: [GC [PSYoungGen: 476448K->320K(460928K)] 620425K->144393K(1147904K), 0.0147350 secs] [Times: user=0.04 sys=0.00, real=0.02 secs] 
2014-07-16T06:25:58.321+0000: 1137.321: [GC [PSYoungGen: 460881K->452K(446400K)] 604955K->144605K(1133376K), 0.0112750 secs] [Times: user=0.04 sys=0.00, real=0.01 secs] 
2014-07-16T06:25:59.307+0000: 1138.308: [GC [PSYoungGen: 446340K->466K(432320K)] 590493K->144691K(1119296K), 0.0087470 secs] [Times: user=0.03 sys=0.00, real=0.01 secs] 
2014-07-16T06:26:00.242+0000: 1139.243: [GC [PSYoungGen: 432274K->128K(418432K)] 576499K->144441K(1105408K), 0.0050310 secs] [Times: user=0.02 sys=0.00, real=0.00 secs] 
2014-07-16T06:26:01.142+0000: 1140.143: [GC [PSYoungGen: 418431K->274K(405696K)] 562745K->144627K(1092672K), 0.0095940 secs] [Times: user=0.03 sys=0.00, real=0.01 secs] 
2014-07-16T06:26:02.024+0000: 1141.025: [GC [PSYoungGen: 405650K->594K(393664K)] 550003K->144995K(1080640K), 0.0055180 secs] [Times: user=0.01 sys=0.00, real=0.01 secs] 
2014-07-16T06:26:02.861+0000: 1141.862: [GC [PSYoungGen: 393618K->256K(381440K)] 538019K->144705K(1068416K), 0.0091380 secs] [Times: user=0.02 sys=0.00, real=0.01 secs] 
2014-07-16T06:26:03.751+0000: 1142.752: [GC [PSYoungGen: 381440K->602K(370496K)] 525889K->145075K(1057472K), 0.0040260 secs] [Times: user=0.02 sys=0.00, real=0.00 secs] 
2014-07-16T06:26:04.511+0000: 1143.511: [GC [PSYoungGen: 370456K->402K(359424K)] 514930K->144939K(1046400K), 0.0128900 secs] [Times: user=0.05 sys=0.00, real=0.01 secs] 
2014-07-16T06:26:05.287+0000: 1144.288: [GC [PSYoungGen: 359378K->448K(431232K)] 503915K->145041K(1118208K), 0.0080860 secs] [Times: user=0.03 sys=0.00, real=0.01 secs] 
2014-07-16T06:26:06.224+0000: 1145.225: [GC [PSYoungGen: 431232K->484K(517504K)] 575825K->145109K(1204480K), 0.0161850 secs] [Times: user=0.07 sys=0.00, real=0.02 secs] 
2014-07-16T06:26:07.333+0000: 1146.333: [GC [PSYoungGen: 517476K->192K(620608K)] 662101K->144897K(1307584K), 0.0134470 secs] [Times: user=0.05 sys=0.00, real=0.01 secs] 
2014-07-16T06:26:08.788+0000: 1147.789: [GC [PSYoungGen: 620608K->740K(745280K)] 765313K->145989K(1432256K), 0.0121640 secs] [Times: user=0.03 sys=0.01, real=0.02 secs] 
2014-07-16T06:26:10.332+0000: 1149.333: [GC [PSYoungGen: 745252K->480K(717376K)] 890501K->145849K(1404352K), 0.0067970 secs] [Times: user=0.02 sys=0.00, real=0.00 secs] 
2014-07-16T06:26:11.864+0000: 1150.864: [GC [PSYoungGen: 717344K->338K(690944K)] 862713K->145915K(1377920K), 0.0125040 secs] [Times: user=0.04 sys=0.00, real=0.01 secs] 
2014-07-16T06:26:13.356+0000: 1152.357: [GC [PSYoungGen: 690898K->388K(665920K)] 836475K->146013K(1352896K), 0.0105230 secs] [Times: user=0.04 sys=0.00, real=0.01 secs] 
2014-07-16T06:26:14.823+0000: 1153.824: [GC [PSYoungGen: 665860K->288K(641856K)] 811485K->145977K(1328832K), 0.0078880 secs] [Times: user=0.03 sys=0.00, real=0.01 secs] 
2014-07-16T06:26:16.207+0000: 1155.208: [GC [PSYoungGen: 641824K->448K(770304K)] 787513K->146233K(1457280K), 0.0279930 secs] [Times: user=0.11 sys=0.00, real=0.03 secs] 
2014-07-16T06:26:17.872+0000: 1156.873: [GC [PSYoungGen: 770301K->370K(924224K)] 916086K->146267K(1611200K), 0.0131800 secs] [Times: user=0.05 sys=0.01, real=0.01 secs] 
2014-07-16T06:26:19.901+0000: 1158.901: [GC [PSYoungGen: 924210K->352K(888128K)] 1070107K->146369K(1575104K), 0.0049360 secs] [Times: user=0.01 sys=0.00, real=0.01 secs] 
2014-07-16T06:26:21.807+0000: 1160.808: [GC [PSYoungGen: 888096K->434K(853824K)] 1034113K->146611K(1540800K), 0.0072770 secs] [Times: user=0.02 sys=0.00, real=0.01 secs] 
2014-07-16T06:26:23.644+0000: 1162.644: [GC [PSYoungGen: 853810K->320K(820928K)] 999987K->146553K(1507904K), 0.0326290 secs] [Times: user=0.12 sys=0.00, real=0.03 secs] 
2014-07-16T06:26:25.472+0000: 1164.472: [GC [PSYoungGen: 820846K->634K(790080K)] 967079K->146915K(1477056K), 0.0156500 secs] [Times: user=0.06 sys=0.00, real=0.02 secs] 
2014-07-16T06:26:27.184+0000: 1166.185: [GC [PSYoungGen: 790074K->352K(760128K)] 936355K->146753K(1447104K), 0.0046800 secs] [Times: user=0.01 sys=0.00, real=0.00 secs] 
2014-07-16T06:26:28.838+0000: 1167.839: [GC [PSYoungGen: 760096K->288K(731712K)] 906497K->146817K(1418688K), 0.0103380 secs] [Times: user=0.03 sys=0.00, real=0.01 secs] 
2014-07-16T06:26:30.432+0000: 1169.433: [GC [PSYoungGen: 731680K->352K(704768K)] 878209K->147025K(1391744K), 0.0069050 secs] [Times: user=0.02 sys=0.00, real=0.01 secs] 
2014-07-16T06:26:31.959+0000: 1170.960: [GC [PSYoungGen: 704736K->256K(678912K)] 851409K->147009K(1365888K), 0.0063610 secs] [Times: user=0.01 sys=0.01, real=0.01 secs] 
2014-07-16T06:26:33.408+0000: 1172.408: [GC [PSYoungGen: 678912K->160K(654272K)] 825665K->146961K(1341248K), 0.0058000 secs] [Times: user=0.01 sys=0.00, real=0.00 secs] 
2014-07-16T06:26:34.816+0000: 1173.817: [GC [PSYoungGen: 654240K->210K(630912K)] 801041K->147043K(1317888K), 0.0050950 secs] [Times: user=0.02 sys=0.00, real=0.00 secs] 
2014-07-16T06:26:36.176+0000: 1175.176: [GC [PSYoungGen: 630866K->420K(608768K)] 777699K->147277K(1295744K), 0.0126230 secs] [Times: user=0.04 sys=0.00, real=0.01 secs] 
2014-07-16T06:26:37.494+0000: 1176.495: [GC [PSYoungGen: 608723K->352K(587392K)] 755580K->147305K(1274368K), 0.0123220 secs] [Times: user=0.04 sys=0.00, real=0.02 secs] 
2014-07-16T06:26:38.796+0000: 1177.796: [GC [PSYoungGen: 587353K->480K(567168K)] 734307K->147505K(1254144K), 0.0137910 secs] [Times: user=0.06 sys=0.00, real=0.01 secs] 
2014-07-16T06:26:40.170+0000: 1179.170: [GC [PSYoungGen: 567136K->548K(547776K)] 714161K->147781K(1234752K), 0.0087620 secs] [Times: user=0.02 sys=0.00, real=0.01 secs] 
2014-07-16T06:26:41.342+0000: 1180.343: [GC [PSYoungGen: 547748K->256K(528896K)] 694981K->147633K(1215872K), 0.0118610 secs] [Times: user=0.05 sys=0.00, real=0.01 secs] 
2014-07-16T06:26:42.492+0000: 1181.493: [GC [PSYoungGen: 528896K->434K(511360K)] 676273K->147867K(1198336K), 0.0056710 secs] [Times: user=0.02 sys=0.00, real=0.01 secs] 
2014-07-16T06:26:43.579+0000: 1182.579: [GC [PSYoungGen: 511344K->306K(494272K)] 658778K->147779K(1181248K), 0.0129500 secs] [Times: user=0.03 sys=0.00, real=0.01 secs] 
2014-07-16T06:26:44.663+0000: 1183.664: [GC [PSYoungGen: 494240K->224K(478016K)] 641714K->147721K(1164992K), 0.0073290 secs] [Times: user=0.01 sys=0.00, real=0.01 secs] 
2014-07-16T06:26:45.690+0000: 1184.691: [GC [PSYoungGen: 477984K->420K(462720K)] 625481K->147997K(1149696K), 0.0118230 secs] [Times: user=0.04 sys=0.00, real=0.01 secs] 
2014-07-16T06:26:46.687+0000: 1185.688: [GC [PSYoungGen: 462692K->288K(447808K)] 610269K->147921K(1134784K), 0.0060430 secs] [Times: user=0.02 sys=0.00, real=0.00 secs] 
2014-07-16T06:26:47.646+0000: 1186.646: [GC [PSYoungGen: 447776K->502K(433856K)] 595409K->148223K(1120832K), 0.0083710 secs] [Times: user=0.02 sys=0.00, real=0.01 secs] 
2014-07-16T06:26:48.588+0000: 1187.589: [GC [PSYoungGen: 433846K->530K(420352K)] 581567K->148307K(1107328K), 0.0052140 secs] [Times: user=0.01 sys=0.00, real=0.00 secs] 
2014-07-16T06:26:49.511+0000: 1188.512: [GC [PSYoungGen: 420251K->470K(407296K)] 568028K->148319K(1094272K), 0.0074890 secs] [Times: user=0.02 sys=0.00, real=0.01 secs] 
2014-07-16T06:26:50.376+0000: 1189.377: [GC [PSYoungGen: 407254K->448K(394816K)] 555103K->148409K(1081792K), 0.0077300 secs] [Times: user=0.02 sys=0.00, real=0.01 secs] 
2014-07-16T06:26:51.222+0000: 1190.223: [GC [PSYoungGen: 394798K->342K(382848K)] 542759K->148327K(1069824K), 0.0033200 secs] [Times: user=0.01 sys=0.00, real=0.00 secs] 
2014-07-16T06:26:52.067+0000: 1191.068: [GC [PSYoungGen: 382805K->388K(371520K)] 530791K->148405K(1058496K), 0.0047560 secs] [Times: user=0.01 sys=0.00, real=0.00 secs] 
2014-07-16T06:26:52.852+0000: 1191.852: [GC [PSYoungGen: 371406K->452K(360640K)] 519423K->148509K(1047616K), 0.0106000 secs] [Times: user=0.03 sys=0.00, real=0.01 secs] 
2014-07-16T06:26:53.627+0000: 1192.628: [GC [PSYoungGen: 360580K->242K(349952K)] 508637K->148339K(1036928K), 0.0098270 secs] [Times: user=0.04 sys=0.01, real=0.01 secs] 
2014-07-16T06:26:54.466+0000: 1193.466: [GC [PSYoungGen: 349938K->694K(340352K)] 498035K->149287K(1027328K), 0.0077690 secs] [Times: user=0.02 sys=0.00, real=0.01 secs] 
2014-07-16T06:26:55.135+0000: 1194.136: [GC [PSYoungGen: 340342K->512K(330560K)] 488935K->149177K(1017536K), 0.0069230 secs] [Times: user=0.01 sys=0.00, real=0.01 secs] 
2014-07-16T06:26:55.838+0000: 1194.838: [GC [PSYoungGen: 330528K->406K(396544K)] 479193K->149223K(1083520K), 0.0261930 secs] [Times: user=0.08 sys=0.00, real=0.02 secs] 
2014-07-16T06:26:56.713+0000: 1195.713: [GC [PSYoungGen: 396502K->594K(475968K)] 545319K->149459K(1162944K), 0.0196870 secs] [Times: user=0.07 sys=0.00, real=0.02 secs] 
2014-07-16T06:26:57.732+0000: 1196.733: [GC [PSYoungGen: 475920K->256K(570688K)] 624786K->149225K(1257664K), 0.0166070 secs] [Times: user=0.07 sys=0.00, real=0.02 secs] 
2014-07-16T06:26:58.992+0000: 1197.992: [GC [PSYoungGen: 570688K->548K(685120K)] 719657K->149589K(1372096K), 0.0086020 secs] [Times: user=0.03 sys=0.00, real=0.01 secs] 
2014-07-16T06:27:00.485+0000: 1199.486: [GC [PSYoungGen: 685092K->402K(821952K)] 834133K->149531K(1508928K), 0.0198960 secs] [Times: user=0.07 sys=0.00, real=0.02 secs] 
2014-07-16T06:27:02.254+0000: 1201.255: [GC [PSYoungGen: 821906K->498K(986368K)] 971035K->149723K(1673344K), 0.0145990 secs] [Times: user=0.05 sys=0.00, real=0.02 secs] 
2014-07-16T06:27:04.377+0000: 1203.378: [GC [PSYoungGen: 986354K->516K(1183616K)] 1135579K->149829K(1870592K), 0.0093220 secs] [Times: user=0.02 sys=0.00, real=0.01 secs] 
2014-07-16T06:27:06.942+0000: 1205.942: [GC [PSYoungGen: 1183556K->256K(1134784K)] 1332869K->149625K(1821760K), 0.0050220 secs] [Times: user=0.01 sys=0.00, real=0.00 secs] 
2014-07-16T06:27:09.469+0000: 1208.470: [GC [PSYoungGen: 1134784K->818K(1089152K)] 1284153K->150363K(1776128K), 0.0253190 secs] [Times: user=0.10 sys=0.00, real=0.03 secs] 
2014-07-16T06:27:11.865+0000: 1210.866: [GC [PSYoungGen: 1089138K->480K(1044864K)] 1238683K->150241K(1731840K), 0.0103460 secs] [Times: user=0.03 sys=0.00, real=0.01 secs] 
2014-07-16T06:27:14.140+0000: 1213.141: [GC [PSYoungGen: 1044832K->896K(1003392K)] 1194593K->150801K(1690368K), 0.0054990 secs] [Times: user=0.02 sys=0.01, real=0.00 secs] 
2014-07-16T06:27:16.322+0000: 1215.323: [GC [PSYoungGen: 1003392K->320K(962944K)] 1153297K->150321K(1649920K), 0.0207680 secs] [Times: user=0.07 sys=0.00, real=0.02 secs] 
2014-07-16T06:27:18.393+0000: 1217.394: [GC [PSYoungGen: 962876K->438K(925120K)] 1112877K->150583K(1612096K), 0.0051550 secs] [Times: user=0.01 sys=0.00, real=0.00 secs] 
2014-07-16T06:27:20.455+0000: 1219.455: [GC [PSYoungGen: 925110K->320K(888896K)] 1075255K->150593K(1575872K), 0.0067030 secs] [Times: user=0.01 sys=0.00, real=0.01 secs] 
2014-07-16T06:27:22.377+0000: 1221.378: [GC [PSYoungGen: 888867K->256K(854400K)] 1039140K->150673K(1541376K), 0.0136980 secs] [Times: user=0.05 sys=0.00, real=0.01 secs] 
2014-07-16T06:27:24.228+0000: 1223.229: [GC [PSYoungGen: 854400K->242K(821632K)] 1004817K->150715K(1508608K), 0.0144410 secs] [Times: user=0.05 sys=0.00, real=0.02 secs] 
2014-07-16T06:27:26.015+0000: 1225.016: [GC [PSYoungGen: 821618K->416K(790592K)] 972091K->150945K(1477568K), 0.0062580 secs] [Times: user=0.01 sys=0.00, real=0.00 secs] 
2014-07-16T06:27:27.710+0000: 1226.710: [GC [PSYoungGen: 790560K->480K(760896K)] 941089K->151137K(1447872K), 0.0153380 secs] [Times: user=0.05 sys=0.00, real=0.02 secs] 
2014-07-16T06:27:29.344+0000: 1228.345: [GC [PSYoungGen: 760864K->434K(732480K)] 911521K->151211K(1419456K), 0.0127560 secs] [Times: user=0.05 sys=0.00, real=0.01 secs] 
2014-07-16T06:27:30.987+0000: 1229.988: [GC [PSYoungGen: 732466K->402K(705472K)] 883243K->151283K(1392448K), 0.0097830 secs] [Times: user=0.03 sys=0.00, real=0.01 secs] 
2014-07-16T06:27:32.499+0000: 1231.499: [GC [PSYoungGen: 705426K->160K(679424K)] 856307K->151177K(1366400K), 0.0253620 secs] [Times: user=0.08 sys=0.00, real=0.03 secs] 
2014-07-16T06:27:33.970+0000: 1232.971: [GC [PSYoungGen: 679371K->342K(655040K)] 830388K->151407K(1342016K), 0.0126240 secs] [Times: user=0.04 sys=0.00, real=0.02 secs] 
2014-07-16T06:27:35.413+0000: 1234.414: [GC [PSYoungGen: 654998K->434K(631680K)] 806063K->151547K(1318656K), 0.0080140 secs] [Times: user=0.02 sys=0.01, real=0.00 secs] 
2014-07-16T06:27:36.766+0000: 1235.766: [GC [PSYoungGen: 631666K->402K(609280K)] 782779K->151603K(1296256K), 0.0122650 secs] [Times: user=0.05 sys=0.00, real=0.01 secs] 
2014-07-16T06:27:38.088+0000: 1237.088: [GC [PSYoungGen: 609234K->498K(587968K)] 760435K->151795K(1274944K), 0.0112610 secs] [Times: user=0.04 sys=0.00, real=0.01 secs] 
2014-07-16T06:27:39.360+0000: 1238.360: [GC [PSYoungGen: 587954K->256K(567360K)] 739251K->151633K(1254336K), 0.0042630 secs] [Times: user=0.01 sys=0.00, real=0.01 secs] 
2014-07-16T06:27:40.646+0000: 1239.647: [GC [PSYoungGen: 567360K->370K(548032K)] 718737K->151827K(1235008K), 0.0075770 secs] [Times: user=0.01 sys=0.00, real=0.00 secs] 
2014-07-16T06:27:41.817+0000: 1240.817: [GC [PSYoungGen: 548018K->192K(529280K)] 699475K->151753K(1216256K), 0.0157510 secs] [Times: user=0.06 sys=0.00, real=0.01 secs] 
2014-07-16T06:27:42.959+0000: 1241.960: [GC [PSYoungGen: 529280K->416K(511808K)] 680841K->152001K(1198784K), 0.0082240 secs] [Times: user=0.01 sys=0.00, real=0.01 secs] 
2014-07-16T06:27:44.063+0000: 1243.064: [GC [PSYoungGen: 511776K->594K(495040K)] 663361K->152211K(1182016K), 0.0070540 secs] [Times: user=0.01 sys=0.00, real=0.01 secs] 
2014-07-16T06:27:45.228+0000: 1244.229: [GC [PSYoungGen: 494994K->758K(478976K)] 646611K->152839K(1165952K), 0.0079830 secs] [Times: user=0.02 sys=0.00, real=0.01 secs] 
2014-07-16T06:27:46.182+0000: 1245.183: [GC [PSYoungGen: 478966K->192K(462912K)] 631047K->152699K(1149888K), 0.0067360 secs] [Times: user=0.02 sys=0.00, real=0.01 secs] 
2014-07-16T06:27:47.190+0000: 1246.191: [GC [PSYoungGen: 462912K->530K(448448K)] 615419K->153213K(1135424K), 0.0053340 secs] [Times: user=0.01 sys=0.00, real=0.01 secs] 
2014-07-16T06:27:48.168+0000: 1247.169: [GC [PSYoungGen: 448402K->658K(434368K)] 601085K->153517K(1121344K), 0.0151000 secs] [Times: user=0.06 sys=0.00, real=0.01 secs] 
2014-07-16T06:27:49.107+0000: 1248.107: [GC [PSYoungGen: 434322K->594K(420736K)] 587181K->153509K(1107712K), 0.0046410 secs] [Times: user=0.01 sys=0.00, real=0.00 secs] 
2014-07-16T06:27:50.012+0000: 1249.012: [GC [PSYoungGen: 420612K->352K(407488K)] 573528K->153331K(1094464K), 0.0091780 secs] [Times: user=0.04 sys=0.00, real=0.01 secs] 
2014-07-16T06:27:50.940+0000: 1249.941: [GC [PSYoungGen: 407456K->946K(395648K)] 560435K->154141K(1082624K), 0.0070050 secs] [Times: user=0.02 sys=0.00, real=0.01 secs] 
2014-07-16T06:27:51.746+0000: 1250.747: [GC [PSYoungGen: 395634K->306K(383104K)] 548829K->153565K(1070080K), 0.0050820 secs] [Times: user=0.01 sys=0.00, real=0.00 secs] 
2014-07-16T06:27:52.570+0000: 1251.571: [GC [PSYoungGen: 383090K->256K(371648K)] 536349K->153603K(1058624K), 0.0070160 secs] [Times: user=0.01 sys=0.00, real=0.01 secs] 
2014-07-16T06:27:53.371+0000: 1252.372: [GC [PSYoungGen: 371648K->242K(360704K)] 524995K->153605K(1047680K), 0.0045440 secs] [Times: user=0.01 sys=0.00, real=0.00 secs] 
2014-07-16T06:27:54.156+0000: 1253.157: [GC [PSYoungGen: 360690K->256K(350208K)] 514053K->153651K(1037184K), 0.0147680 secs] [Times: user=0.05 sys=0.00, real=0.01 secs] 
2014-07-16T06:27:54.901+0000: 1253.902: [GC [PSYoungGen: 350208K->292K(420288K)] 503603K->153727K(1107264K), 0.0291270 secs] [Times: user=0.09 sys=0.01, real=0.03 secs] 
2014-07-16T06:27:55.822+0000: 1254.823: [GC [PSYoungGen: 420260K->338K(504384K)] 573695K->153805K(1191360K), 0.0128170 secs] [Times: user=0.05 sys=0.00, real=0.01 secs] 
2014-07-16T06:27:56.916+0000: 1255.917: [GC [PSYoungGen: 504338K->704K(605504K)] 657805K->154259K(1292480K), 0.0049520 secs] [Times: user=0.02 sys=0.00, real=0.01 secs] 
2014-07-16T06:27:58.219+0000: 1257.219: [GC [PSYoungGen: 605504K->502K(726272K)] 759059K->154129K(1413248K), 0.0049770 secs] [Times: user=0.02 sys=0.00, real=0.00 secs] 
2014-07-16T06:27:59.782+0000: 1258.783: [GC [PSYoungGen: 726262K->288K(699328K)] 879889K->153995K(1386304K), 0.0040900 secs] [Times: user=0.02 sys=0.00, real=0.00 secs] 
2014-07-16T06:28:01.361+0000: 1260.362: [GC [PSYoungGen: 699296K->1000K(674560K)] 853003K->154827K(1361536K), 0.0057200 secs] [Times: user=0.02 sys=0.00, real=0.01 secs] 
2014-07-16T06:28:02.782+0000: 1261.783: [GC [PSYoungGen: 674455K->292K(649536K)] 828283K->154215K(1336512K), 0.0043450 secs] [Times: user=0.01 sys=0.00, real=0.00 secs] 
2014-07-16T06:28:04.193+0000: 1263.194: [GC [PSYoungGen: 649493K->306K(626304K)] 803416K->154301K(1313280K), 0.0120450 secs] [Times: user=0.04 sys=0.00, real=0.01 secs] 
2014-07-16T06:28:05.610+0000: 1264.611: [GC [PSYoungGen: 626290K->616K(604480K)] 780285K->154675K(1291456K), 0.0139020 secs] [Times: user=0.05 sys=0.00, real=0.01 secs] 
2014-07-16T06:28:06.892+0000: 1265.892: [GC [PSYoungGen: 604456K->416K(583168K)] 758515K->154587K(1270144K), 0.0155460 secs] [Times: user=0.06 sys=0.00, real=0.01 secs] 
2014-07-16T06:28:08.151+0000: 1267.152: [GC [PSYoungGen: 583136K->288K(562880K)] 737307K->154539K(1249856K), 0.0107120 secs] [Times: user=0.04 sys=0.00, real=0.01 secs] 
2014-07-16T06:28:09.371+0000: 1268.372: [GC [PSYoungGen: 562848K->224K(543552K)] 717099K->154571K(1230528K), 0.0127680 secs] [Times: user=0.05 sys=0.01, real=0.01 secs] 
2014-07-16T06:28:10.648+0000: 1269.648: [GC [PSYoungGen: 543520K->996K(525952K)] 697867K->155479K(1212928K), 0.0043110 secs] [Times: user=0.02 sys=0.00, real=0.01 secs] 
2014-07-16T06:28:11.768+0000: 1270.769: [GC [PSYoungGen: 525924K->512K(507840K)] 680407K->155091K(1194816K), 0.0111650 secs] [Times: user=0.03 sys=0.00, real=0.02 secs] 
2014-07-16T06:28:12.853+0000: 1271.853: [GC [PSYoungGen: 507840K->388K(491008K)] 662419K->155055K(1177984K), 0.0080120 secs] [Times: user=0.02 sys=0.01, real=0.01 secs] 
2014-07-16T06:28:13.915+0000: 1272.916: [GC [PSYoungGen: 490948K->384K(589056K)] 645615K->155115K(1276032K), 0.0211680 secs] [Times: user=0.07 sys=0.00, real=0.02 secs] 
2014-07-16T06:28:15.179+0000: 1274.179: [GC [PSYoungGen: 589056K->452K(706944K)] 743787K->155239K(1393920K), 0.0119020 secs] [Times: user=0.05 sys=0.00, real=0.02 secs] 
2014-07-16T06:28:16.754+0000: 1275.755: [GC [PSYoungGen: 706884K->498K(848256K)] 861671K->155341K(1535232K), 0.0236500 secs] [Times: user=0.09 sys=0.00, real=0.02 secs] 
2014-07-16T06:28:18.582+0000: 1277.583: [GC [PSYoungGen: 848242K->352K(1017728K)] 1003085K->155363K(1704704K), 0.0144110 secs] [Times: user=0.05 sys=0.00, real=0.01 secs] 
2014-07-16T06:28:20.869+0000: 1279.870: [GC [PSYoungGen: 1017696K->594K(977408K)] 1172707K->155701K(1664384K), 0.0168330 secs] [Times: user=0.05 sys=0.00, real=0.02 secs] 
2014-07-16T06:28:22.945+0000: 1281.946: [GC [PSYoungGen: 977362K->224K(938432K)] 1132469K->155483K(1625408K), 0.0121320 secs] [Times: user=0.05 sys=0.00, real=0.01 secs] 
2014-07-16T06:28:24.970+0000: 1283.971: [GC [PSYoungGen: 938400K->160K(901632K)] 1093659K->155483K(1588608K), 0.0048450 secs] [Times: user=0.01 sys=0.00, real=0.01 secs] 
2014-07-16T06:28:26.959+0000: 1285.960: [GC [PSYoungGen: 901600K->402K(866880K)] 1056923K->155773K(1553856K), 0.0067440 secs] [Times: user=0.01 sys=0.00, real=0.01 secs] 
2014-07-16T06:28:28.850+0000: 1287.851: [GC [PSYoungGen: 866828K->352K(833472K)] 1022200K->155859K(1520448K), 0.0042360 secs] [Times: user=0.01 sys=0.00, real=0.01 secs] 
2014-07-16T06:28:30.641+0000: 1289.641: [GC [PSYoungGen: 833438K->448K(801728K)] 988946K->156099K(1488704K), 0.0059370 secs] [Times: user=0.02 sys=0.00, real=0.01 secs] 
2014-07-16T06:28:32.401+0000: 1291.401: [GC [PSYoungGen: 801728K->320K(771328K)] 957379K->156075K(1458304K), 0.0166940 secs] [Times: user=0.06 sys=0.00, real=0.02 secs] 
2014-07-16T06:28:34.056+0000: 1293.056: [GC [PSYoungGen: 771328K->274K(742464K)] 927083K->156141K(1429440K), 0.0102720 secs] [Times: user=0.03 sys=0.00, real=0.01 secs] 
2014-07-16T06:28:35.689+0000: 1294.689: [GC [PSYoungGen: 742418K->452K(715136K)] 898285K->156359K(1402112K), 0.0046710 secs] [Times: user=0.01 sys=0.00, real=0.01 secs] 
2014-07-16T06:28:37.206+0000: 1296.206: [GC [PSYoungGen: 715076K->416K(688832K)] 870983K->156419K(1375808K), 0.0191850 secs] [Times: user=0.08 sys=0.00, real=0.02 secs] 
2014-07-16T06:28:38.690+0000: 1297.691: [GC [PSYoungGen: 688800K->548K(663936K)] 844803K->156647K(1350912K), 0.0131940 secs] [Times: user=0.05 sys=0.00, real=0.02 secs] 
2014-07-16T06:28:40.119+0000: 1299.119: [GC [PSYoungGen: 663907K->256K(639744K)] 820007K->156451K(1326720K), 0.0050650 secs] [Times: user=0.01 sys=0.00, real=0.01 secs] 
2014-07-16T06:28:41.551+0000: 1300.552: [GC [PSYoungGen: 639744K->370K(617088K)] 795939K->156629K(1304064K), 0.0044260 secs] [Times: user=0.02 sys=0.00, real=0.01 secs] 
2014-07-16T06:28:42.958+0000: 1301.959: [GC [PSYoungGen: 617074K->480K(595520K)] 773333K->156835K(1282496K), 0.0131100 secs] [Times: user=0.05 sys=0.00, real=0.01 secs] 
2014-07-16T06:28:44.260+0000: 1303.260: [GC [PSYoungGen: 595488K->338K(574656K)] 751843K->156805K(1261632K), 0.0239340 secs] [Times: user=0.08 sys=0.00, real=0.02 secs] 
2014-07-16T06:28:45.516+0000: 1304.517: [GC [PSYoungGen: 574610K->224K(554752K)] 731077K->156771K(1241728K), 0.0073010 secs] [Times: user=0.02 sys=0.00, real=0.01 secs] 
2014-07-16T06:28:46.760+0000: 1305.760: [GC [PSYoungGen: 554720K->402K(536064K)] 711267K->157029K(1223040K), 0.0065380 secs] [Times: user=0.01 sys=0.00, real=0.01 secs] 
2014-07-16T06:28:47.913+0000: 1306.913: [GC [PSYoungGen: 536018K->320K(517888K)] 692645K->157091K(1204864K), 0.0161390 secs] [Times: user=0.05 sys=0.00, real=0.02 secs] 
2014-07-16T06:28:49.031+0000: 1308.031: [GC [PSYoungGen: 517888K->320K(621440K)] 674659K->157155K(1308416K), 0.0164140 secs] [Times: user=0.05 sys=0.00, real=0.02 secs] 
2014-07-16T06:28:50.379+0000: 1309.380: [GC [PSYoungGen: 621440K->256K(745600K)] 778275K->157147K(1432576K), 0.0130500 secs] [Times: user=0.05 sys=0.00, real=0.01 secs] 
2014-07-16T06:28:52.004+0000: 1311.005: [GC [PSYoungGen: 745600K->448K(718144K)] 902491K->157419K(1405120K), 0.0047110 secs] [Times: user=0.01 sys=0.00, real=0.01 secs] 
2014-07-16T06:28:53.566+0000: 1312.567: [GC [PSYoungGen: 718144K->626K(691968K)] 875115K->157749K(1378944K), 0.0088570 secs] [Times: user=0.01 sys=0.00, real=0.01 secs] 
2014-07-16T06:28:55.057+0000: 1314.057: [GC [PSYoungGen: 691954K->416K(666624K)] 849077K->157603K(1353600K), 0.0132020 secs] [Times: user=0.05 sys=0.00, real=0.01 secs] 
2014-07-16T06:28:56.538+0000: 1315.538: [GC [PSYoungGen: 666592K->434K(642624K)] 823779K->157677K(1329600K), 0.0153170 secs] [Times: user=0.06 sys=0.00, real=0.01 secs] 
2014-07-16T06:28:57.911+0000: 1316.912: [GC [PSYoungGen: 642610K->384K(619648K)] 799853K->157771K(1306624K), 0.0113620 secs] [Times: user=0.04 sys=0.00, real=0.01 secs] 
2014-07-16T06:28:59.237+0000: 1318.238: [GC [PSYoungGen: 619648K->320K(597760K)] 777035K->157787K(1284736K), 0.0101700 secs] [Times: user=0.03 sys=0.00, real=0.01 secs] 
2014-07-16T06:29:00.524+0000: 1319.525: [GC [PSYoungGen: 597760K->288K(576896K)] 755227K->157819K(1263872K), 0.0107430 secs] [Times: user=0.04 sys=0.00, real=0.01 secs] 
2014-07-16T06:29:01.814+0000: 1320.814: [GC [PSYoungGen: 576864K->370K(557056K)] 734395K->157981K(1244032K), 0.0145020 secs] [Times: user=0.05 sys=0.00, real=0.02 secs] 
2014-07-16T06:29:03.058+0000: 1322.058: [GC [PSYoungGen: 557042K->434K(538112K)] 714653K->158117K(1225088K), 0.0086600 secs] [Times: user=0.03 sys=0.00, real=0.00 secs] 
2014-07-16T06:29:04.225+0000: 1323.226: [GC [PSYoungGen: 538098K->370K(519936K)] 695781K->158141K(1206912K), 0.0042380 secs] [Times: user=0.01 sys=0.01, real=0.01 secs] 
2014-07-16T06:29:05.344+0000: 1324.345: [GC [PSYoungGen: 519922K->370K(502592K)] 677693K->158205K(1189568K), 0.0041020 secs] [Times: user=0.01 sys=0.00, real=0.01 secs] 
2014-07-16T06:29:06.460+0000: 1325.460: [GC [PSYoungGen: 502578K->484K(486144K)] 660413K->158351K(1173120K), 0.0053000 secs] [Times: user=0.02 sys=0.00, real=0.00 secs] 
2014-07-16T06:29:07.486+0000: 1326.487: [GC [PSYoungGen: 486116K->288K(470144K)] 643983K->158259K(1157120K), 0.0048630 secs] [Times: user=0.01 sys=0.00, real=0.01 secs] 
2014-07-16T06:29:08.497+0000: 1327.497: [GC [PSYoungGen: 470112K->256K(454912K)] 628083K->158291K(1141888K), 0.0135000 secs] [Times: user=0.05 sys=0.00, real=0.02 secs] 
2014-07-16T06:29:09.490+0000: 1328.491: [GC [PSYoungGen: 454912K->338K(545984K)] 612947K->158429K(1232960K), 0.0182030 secs] [Times: user=0.06 sys=0.00, real=0.02 secs] 
2014-07-16T06:29:10.668+0000: 1329.669: [GC [PSYoungGen: 545938K->306K(527424K)] 704029K->158461K(1214400K), 0.0053400 secs] [Times: user=0.01 sys=0.00, real=0.00 secs] 
2014-07-16T06:29:11.911+0000: 1330.912: [GC [PSYoungGen: 527410K->384K(509824K)] 685565K->158587K(1196800K), 0.0052860 secs] [Times: user=0.01 sys=0.00, real=0.00 secs] 
2014-07-16T06:29:13.031+0000: 1332.032: [GC [PSYoungGen: 509824K->548K(493120K)] 668027K->159455K(1180096K), 0.0093370 secs] [Times: user=0.02 sys=0.01, real=0.01 secs] 
2014-07-16T06:29:14.112+0000: 1333.112: [GC [PSYoungGen: 493092K->288K(591424K)] 651999K->159235K(1278400K), 0.0188850 secs] [Times: user=0.06 sys=0.00, real=0.02 secs] 
2014-07-16T06:29:15.383+0000: 1334.384: [GC [PSYoungGen: 591392K->338K(709760K)] 750339K->159525K(1396736K), 0.0220020 secs] [Times: user=0.08 sys=0.00, real=0.02 secs] 
2014-07-16T06:29:16.944+0000: 1335.944: [GC [PSYoungGen: 709711K->320K(851584K)] 868899K->159547K(1538560K), 0.0108530 secs] [Times: user=0.04 sys=0.00, real=0.01 secs] 
2014-07-16T06:29:18.783+0000: 1337.783: [GC [PSYoungGen: 851506K->356K(819008K)] 1010733K->159719K(1505984K), 0.0045060 secs] [Times: user=0.01 sys=0.00, real=0.00 secs] 
2014-07-16T06:29:20.562+0000: 1339.562: [GC [PSYoungGen: 818980K->466K(788032K)] 978343K->159909K(1475008K), 0.0068420 secs] [Times: user=0.01 sys=0.00, real=0.00 secs] 
2014-07-16T06:29:22.293+0000: 1341.294: [GC [PSYoungGen: 787986K->374K(758272K)] 947429K->159897K(1445248K), 0.0095450 secs] [Times: user=0.04 sys=0.00, real=0.01 secs] 
2014-07-16T06:29:23.975+0000: 1342.975: [GC [PSYoungGen: 758254K->548K(730240K)] 917778K->160175K(1417216K), 0.0134430 secs] [Times: user=0.05 sys=0.00, real=0.01 secs] 
2014-07-16T06:29:25.520+0000: 1344.521: [GC [PSYoungGen: 730212K->306K(703040K)] 889839K->160029K(1390016K), 0.0100250 secs] [Times: user=0.03 sys=0.00, real=0.02 secs] 
2014-07-16T06:29:27.064+0000: 1346.065: [GC [PSYoungGen: 703026K->288K(677376K)] 862749K->160067K(1364352K), 0.0041810 secs] [Times: user=0.02 sys=0.00, real=0.00 secs] 
2014-07-16T06:29:28.527+0000: 1347.528: [GC [PSYoungGen: 677344K->288K(652864K)] 837123K->160203K(1339840K), 0.0088730 secs] [Times: user=0.03 sys=0.00, real=0.01 secs] 
2014-07-16T06:29:29.937+0000: 1348.938: [GC [PSYoungGen: 652832K->370K(629568K)] 812747K->160381K(1316544K), 0.0098160 secs] [Times: user=0.04 sys=0.00, real=0.01 secs] 
2014-07-16T06:29:31.299+0000: 1350.300: [GC [PSYoungGen: 629554K->224K(607168K)] 789565K->160299K(1294144K), 0.0045090 secs] [Times: user=0.02 sys=0.00, real=0.01 secs] 
2014-07-16T06:29:32.639+0000: 1351.640: [GC [PSYoungGen: 607136K->498K(586176K)] 767211K->160629K(1273152K), 0.0162640 secs] [Times: user=0.05 sys=0.00, real=0.02 secs] 
2014-07-16T06:29:33.926+0000: 1352.927: [GC [PSYoungGen: 586160K->388K(565824K)] 746292K->160599K(1252800K), 0.0041090 secs] [Times: user=0.01 sys=0.00, real=0.00 secs] 
2014-07-16T06:29:35.162+0000: 1354.163: [GC [PSYoungGen: 565738K->520K(546560K)] 725949K->160795K(1233536K), 0.0067860 secs] [Times: user=0.03 sys=0.00, real=0.01 secs] 
2014-07-16T06:29:36.342+0000: 1355.343: [GC [PSYoungGen: 546448K->434K(527936K)] 706723K->160877K(1214912K), 0.0113050 secs] [Times: user=0.03 sys=0.01, real=0.01 secs] 
2014-07-16T06:29:37.496+0000: 1356.497: [GC [PSYoungGen: 527922K->288K(510144K)] 688365K->160819K(1197120K), 0.0048860 secs] [Times: user=0.01 sys=0.00, real=0.00 secs] 
2014-07-16T06:29:38.603+0000: 1357.604: [GC [PSYoungGen: 510088K->502K(493440K)] 670619K->161185K(1180416K), 0.0093490 secs] [Times: user=0.02 sys=0.00, real=0.01 secs] 
2014-07-16T06:29:39.667+0000: 1358.668: [GC [PSYoungGen: 493430K->128K(476928K)] 654113K->160875K(1163904K), 0.0067170 secs] [Times: user=0.00 sys=0.00, real=0.01 secs] 
2014-07-16T06:29:40.698+0000: 1359.698: [GC [PSYoungGen: 476928K->224K(461632K)] 637675K->161003K(1148608K), 0.0076900 secs] [Times: user=0.02 sys=0.00, real=0.01 secs] 
2014-07-16T06:29:41.696+0000: 1360.697: [GC [PSYoungGen: 461600K->256K(446848K)] 622379K->161059K(1133824K), 0.0125820 secs] [Times: user=0.05 sys=0.00, real=0.01 secs] 
2014-07-16T06:29:42.706+0000: 1361.707: [GC [PSYoungGen: 446848K->594K(536576K)] 607651K->161469K(1223552K), 0.0262930 secs] [Times: user=0.09 sys=0.00, real=0.02 secs] 
2014-07-16T06:29:43.859+0000: 1362.860: [GC [PSYoungGen: 536530K->352K(643520K)] 697405K->161315K(1330496K), 0.0126250 secs] [Times: user=0.05 sys=0.00, real=0.01 secs] 
2014-07-16T06:29:45.275+0000: 1364.276: [GC [PSYoungGen: 643488K->352K(772160K)] 804451K->161379K(1459136K), 0.0111370 secs] [Times: user=0.03 sys=0.00, real=0.01 secs] 
2014-07-16T06:29:47.067+0000: 1366.067: [GC [PSYoungGen: 772128K->740K(743616K)] 933155K->162263K(1430592K), 0.0072810 secs] [Times: user=0.02 sys=0.01, real=0.00 secs] 
2014-07-16T06:29:48.601+0000: 1367.602: [GC [PSYoungGen: 743588K->448K(715776K)] 905111K->162139K(1402752K), 0.0077700 secs] [Times: user=0.02 sys=0.00, real=0.01 secs] 
2014-07-16T06:29:50.142+0000: 1369.143: [GC [PSYoungGen: 715776K->420K(689536K)] 877467K->162295K(1376512K), 0.0058200 secs] [Times: user=0.01 sys=0.01, real=0.01 secs] 
2014-07-16T06:29:51.623+0000: 1370.623: [GC [PSYoungGen: 689500K->224K(664320K)] 851376K->162155K(1351296K), 0.0179220 secs] [Times: user=0.07 sys=0.01, real=0.02 secs] 
2014-07-16T06:29:53.099+0000: 1372.099: [GC [PSYoungGen: 664288K->402K(640640K)] 826219K->162389K(1327616K), 0.0042440 secs] [Times: user=0.01 sys=0.00, real=0.00 secs] 
2014-07-16T06:29:54.499+0000: 1373.500: [GC [PSYoungGen: 640525K->420K(617856K)] 802513K->162487K(1304832K), 0.0055050 secs] [Times: user=0.01 sys=0.00, real=0.00 secs] 
2014-07-16T06:29:55.836+0000: 1374.837: [GC [PSYoungGen: 617828K->224K(595904K)] 779895K->162371K(1282880K), 0.0122450 secs] [Times: user=0.04 sys=0.00, real=0.01 secs] 
2014-07-16T06:29:57.221+0000: 1376.222: [GC [PSYoungGen: 595872K->882K(575808K)] 758019K->163285K(1262784K), 0.0054300 secs] [Times: user=0.02 sys=0.00, real=0.01 secs] 
2014-07-16T06:29:58.386+0000: 1377.387: [GC [PSYoungGen: 575794K->370K(555456K)] 738197K->162885K(1242432K), 0.0104140 secs] [Times: user=0.04 sys=0.00, real=0.01 secs] 
2014-07-16T06:29:59.582+0000: 1378.583: [GC [PSYoungGen: 555405K->716K(536896K)] 717920K->163375K(1223872K), 0.0070820 secs] [Times: user=0.02 sys=0.00, real=0.01 secs] 
2014-07-16T06:30:00.744+0000: 1379.745: [GC [PSYoungGen: 536844K->320K(518400K)] 699503K->163019K(1205376K), 0.0048880 secs] [Times: user=0.01 sys=0.00, real=0.01 secs] 
2014-07-16T06:30:01.856+0000: 1380.856: [GC [PSYoungGen: 518383K->470K(501312K)] 681082K->163241K(1188288K), 0.0109170 secs] [Times: user=0.03 sys=0.00, real=0.02 secs] 
2014-07-16T06:30:02.964+0000: 1381.965: [GC [PSYoungGen: 501270K->466K(484800K)] 664041K->163285K(1171776K), 0.0172670 secs] [Times: user=0.07 sys=0.00, real=0.02 secs] 
2014-07-16T06:30:04.010+0000: 1383.011: [GC [PSYoungGen: 484754K->242K(468800K)] 647573K->163125K(1155776K), 0.0045690 secs] [Times: user=0.01 sys=0.00, real=0.00 secs] 
2014-07-16T06:30:05.037+0000: 1384.038: [GC [PSYoungGen: 468784K->306K(453760K)] 631667K->163261K(1140736K), 0.0139790 secs] [Times: user=0.05 sys=0.00, real=0.01 secs] 
2014-07-16T06:30:06.023+0000: 1385.024: [GC [PSYoungGen: 453666K->352K(439424K)] 616622K->163387K(1126400K), 0.0072980 secs] [Times: user=0.03 sys=0.00, real=0.01 secs] 
2014-07-16T06:30:06.971+0000: 1385.971: [GC [PSYoungGen: 439342K->324K(425600K)] 602377K->163447K(1112576K), 0.0079750 secs] [Times: user=0.02 sys=0.00, real=0.01 secs] 
2014-07-16T06:30:07.894+0000: 1386.895: [GC [PSYoungGen: 425540K->306K(510592K)] 588663K->163509K(1197568K), 0.0155860 secs] [Times: user=0.06 sys=0.00, real=0.02 secs] 
2014-07-16T06:30:08.998+0000: 1387.999: [GC [PSYoungGen: 510578K->402K(493824K)] 673781K->163701K(1180800K), 0.0090040 secs] [Times: user=0.02 sys=0.00, real=0.01 secs] 
2014-07-16T06:30:10.073+0000: 1389.073: [GC [PSYoungGen: 493778K->416K(592512K)] 657077K->163771K(1279488K), 0.0144810 secs] [Times: user=0.05 sys=0.00, real=0.02 secs] 
2014-07-16T06:30:11.356+0000: 1390.357: [GC [PSYoungGen: 592480K->356K(710912K)] 755835K->163751K(1397888K), 0.0208360 secs] [Times: user=0.06 sys=0.00, real=0.02 secs] 
2014-07-16T06:30:12.924+0000: 1391.924: [GC [PSYoungGen: 710884K->370K(684864K)] 874279K->163829K(1371840K), 0.0037440 secs] [Times: user=0.01 sys=0.00, real=0.01 secs] 
2014-07-16T06:30:14.405+0000: 1393.406: [GC [PSYoungGen: 684850K->320K(659968K)] 848309K->163867K(1346944K), 0.0069240 secs] [Times: user=0.02 sys=0.00, real=0.01 secs] 
2014-07-16T06:30:15.844+0000: 1394.845: [GC [PSYoungGen: 659968K->530K(636544K)] 823515K->164149K(1323520K), 0.0038510 secs] [Times: user=0.01 sys=0.00, real=0.01 secs] 
2014-07-16T06:30:17.220+0000: 1396.221: [GC [PSYoungGen: 636498K->416K(613824K)] 800117K->164139K(1300800K), 0.0100030 secs] [Times: user=0.03 sys=0.00, real=0.01 secs] 
2014-07-16T06:30:18.560+0000: 1397.561: [GC [PSYoungGen: 613792K->384K(592192K)] 777515K->164195K(1279168K), 0.0059690 secs] [Times: user=0.02 sys=0.00, real=0.00 secs] 
2014-07-16T06:30:19.842+0000: 1398.843: [GC [PSYoungGen: 592192K->306K(571520K)] 756003K->164229K(1258496K), 0.0047020 secs] [Times: user=0.02 sys=0.00, real=0.00 secs] 
2014-07-16T06:30:21.088+0000: 1400.089: [GC [PSYoungGen: 571502K->694K(686144K)] 735426K->164831K(1373120K), 0.0300180 secs] [Times: user=0.11 sys=0.00, real=0.03 secs] 
2014-07-16T06:30:22.642+0000: 1401.642: [GC [PSYoungGen: 686099K->744K(661312K)] 850236K->164969K(1348288K), 0.0043840 secs] [Times: user=0.01 sys=0.00, real=0.00 secs] 
2014-07-16T06:30:24.024+0000: 1403.024: [GC [PSYoungGen: 661288K->128K(636928K)] 825513K->164651K(1323904K), 0.0114020 secs] [Times: user=0.04 sys=0.01, real=0.01 secs] 
2014-07-16T06:30:25.391+0000: 1404.392: [GC [PSYoungGen: 636928K->192K(614336K)] 801451K->164763K(1301312K), 0.0041070 secs] [Times: user=0.01 sys=0.00, real=0.00 secs] 
2014-07-16T06:30:26.790+0000: 1405.791: [GC [PSYoungGen: 614334K->566K(593152K)] 778905K->165225K(1280128K), 0.0130680 secs] [Times: user=0.05 sys=0.00, real=0.01 secs] 
2014-07-16T06:30:28.108+0000: 1407.109: [GC [PSYoungGen: 593131K->416K(711552K)] 757790K->165267K(1398528K), 0.0283880 secs] [Times: user=0.10 sys=0.00, real=0.03 secs] 
2014-07-16T06:30:29.645+0000: 1408.646: [GC [PSYoungGen: 711520K->580K(685696K)] 876371K->165559K(1372672K), 0.0109610 secs] [Times: user=0.04 sys=0.00, real=0.01 secs] 
2014-07-16T06:30:31.115+0000: 1410.116: [GC [PSYoungGen: 685636K->338K(660608K)] 850615K->165389K(1347584K), 0.0139640 secs] [Times: user=0.06 sys=0.00, real=0.01 secs] 
2014-07-16T06:30:32.540+0000: 1411.541: [GC [PSYoungGen: 660562K->306K(636864K)] 825613K->165421K(1323840K), 0.0081150 secs] [Times: user=0.02 sys=0.00, real=0.00 secs] 
2014-07-16T06:30:33.943+0000: 1412.943: [GC [PSYoungGen: 636850K->288K(614272K)] 801965K->165475K(1301248K), 0.0085180 secs] [Times: user=0.02 sys=0.00, real=0.01 secs] 
2014-07-16T06:30:35.277+0000: 1414.278: [GC [PSYoungGen: 614240K->388K(592832K)] 779427K->165679K(1279808K), 0.0150200 secs] [Times: user=0.06 sys=0.00, real=0.02 secs] 
2014-07-16T06:30:36.574+0000: 1415.575: [GC [PSYoungGen: 592772K->754K(572544K)] 758063K->166109K(1259520K), 0.0087930 secs] [Times: user=0.02 sys=0.01, real=0.01 secs] 
2014-07-16T06:30:37.888+0000: 1416.889: [GC [PSYoungGen: 572530K->370K(552512K)] 737885K->166301K(1239488K), 0.0066520 secs] [Times: user=0.02 sys=0.00, real=0.01 secs] 
2014-07-16T06:30:39.023+0000: 1418.024: [GC [PSYoungGen: 552495K->544K(533888K)] 718427K->166603K(1220864K), 0.0057580 secs] [Times: user=0.01 sys=0.00, real=0.00 secs] 
2014-07-16T06:30:40.173+0000: 1419.174: [GC [PSYoungGen: 533856K->438K(515840K)] 699915K->166681K(1202816K), 0.0218380 secs] [Times: user=0.08 sys=0.00, real=0.02 secs] 
2014-07-16T06:30:41.303+0000: 1420.303: [GC [PSYoungGen: 515830K->370K(498624K)] 682073K->166645K(1185600K), 0.0046350 secs] [Times: user=0.01 sys=0.00, real=0.00 secs] 
2014-07-16T06:30:42.384+0000: 1421.385: [GC [PSYoungGen: 498610K->502K(482368K)] 664885K->166841K(1169344K), 0.0048180 secs] [Times: user=0.01 sys=0.00, real=0.00 secs] 
2014-07-16T06:30:43.449+0000: 1422.450: [GC [PSYoungGen: 482358K->384K(466560K)] 648697K->166763K(1153536K), 0.0091110 secs] [Times: user=0.03 sys=0.00, real=0.01 secs] 
2014-07-16T06:30:44.444+0000: 1423.444: [GC [PSYoungGen: 466560K->338K(451584K)] 632939K->166773K(1138560K), 0.0036100 secs] [Times: user=0.01 sys=0.00, real=0.00 secs] 
2014-07-16T06:30:45.415+0000: 1424.416: [GC [PSYoungGen: 451445K->324K(437248K)] 617880K->166807K(1124224K), 0.0134680 secs] [Times: user=0.05 sys=0.00, real=0.01 secs] 
2014-07-16T06:30:46.360+0000: 1425.361: [GC [PSYoungGen: 437188K->288K(524608K)] 603671K->166827K(1211584K), 0.0333990 secs] [Times: user=0.11 sys=0.00, real=0.04 secs] 
2014-07-16T06:30:47.571+0000: 1426.571: [GC [PSYoungGen: 524576K->804K(630016K)] 691115K->167431K(1316992K), 0.0214820 secs] [Times: user=0.09 sys=0.00, real=0.02 secs] 
2014-07-16T06:30:48.984+0000: 1427.985: [GC [PSYoungGen: 629988K->192K(755264K)] 796615K->166963K(1442240K), 0.0049230 secs] [Times: user=0.01 sys=0.00, real=0.00 secs] 
2014-07-16T06:30:50.616+0000: 1429.617: [GC [PSYoungGen: 755264K->548K(906688K)] 922035K->167463K(1593664K), 0.0295210 secs] [Times: user=0.10 sys=0.00, real=0.03 secs] 
2014-07-16T06:30:52.577+0000: 1431.578: [GC [PSYoungGen: 906660K->224K(1087616K)] 1073575K->167187K(1774592K), 0.0045730 secs] [Times: user=0.01 sys=0.00, real=0.00 secs] 
2014-07-16T06:30:54.937+0000: 1433.937: [GC [PSYoungGen: 1087584K->288K(1043776K)] 1254547K->167307K(1730752K), 0.0166150 secs] [Times: user=0.06 sys=0.00, real=0.01 secs] 
2014-07-16T06:30:57.245+0000: 1436.245: [GC [PSYoungGen: 1043696K->676K(1002368K)] 1210716K->167791K(1689344K), 0.0160550 secs] [Times: user=0.05 sys=0.00, real=0.01 secs] 
2014-07-16T06:30:59.459+0000: 1438.459: [GC [PSYoungGen: 1002340K->448K(962304K)] 1169455K->167763K(1649280K), 0.0051050 secs] [Times: user=0.01 sys=0.00, real=0.00 secs] 
2014-07-16T06:31:01.540+0000: 1440.541: [GC [PSYoungGen: 962304K->388K(924416K)] 1129619K->167879K(1611392K), 0.0127920 secs] [Times: user=0.04 sys=0.01, real=0.01 secs] 
2014-07-16T06:31:03.567+0000: 1442.568: [GC [PSYoungGen: 924353K->434K(888320K)] 1091845K->167989K(1575296K), 0.0046740 secs] [Times: user=0.01 sys=0.00, real=0.00 secs] 
2014-07-16T06:31:05.493+0000: 1444.494: [GC [PSYoungGen: 888306K->484K(854016K)] 1055861K->168111K(1540992K), 0.0042040 secs] [Times: user=0.01 sys=0.00, real=0.01 secs] 
2014-07-16T06:31:07.329+0000: 1446.330: [GC [PSYoungGen: 853889K->320K(821056K)] 1021516K->168027K(1508032K), 0.0172130 secs] [Times: user=0.06 sys=0.00, real=0.02 secs] 
2014-07-16T06:31:09.135+0000: 1448.136: [GC [PSYoungGen: 821056K->434K(790016K)] 988763K->168293K(1476992K), 0.0055780 secs] [Times: user=0.02 sys=0.00, real=0.01 secs] 
2014-07-16T06:31:10.841+0000: 1449.842: [GC [PSYoungGen: 790002K->452K(760320K)] 957861K->168471K(1447296K), 0.0134360 secs] [Times: user=0.03 sys=0.00, real=0.01 secs] 
2014-07-16T06:31:12.474+0000: 1451.475: [GC [PSYoungGen: 760260K->338K(731840K)] 928279K->168413K(1418816K), 0.0101570 secs] [Times: user=0.03 sys=0.00, real=0.01 secs] 
2014-07-16T06:31:14.080+0000: 1453.080: [GC [PSYoungGen: 731794K->758K(705216K)] 899869K->168969K(1392192K), 0.0054400 secs] [Times: user=0.01 sys=0.00, real=0.00 secs] 
2014-07-16T06:31:15.601+0000: 1454.602: [GC [PSYoungGen: 705206K->352K(679104K)] 873417K->168643K(1366080K), 0.0112790 secs] [Times: user=0.03 sys=0.00, real=0.01 secs] 
2014-07-16T06:31:17.071+0000: 1456.072: [GC [PSYoungGen: 679072K->530K(654720K)] 847363K->168901K(1341696K), 0.0061890 secs] [Times: user=0.01 sys=0.00, real=0.01 secs] 
2014-07-16T06:31:18.545+0000: 1457.546: [GC [PSYoungGen: 654593K->612K(631360K)] 822964K->169119K(1318336K), 0.0247380 secs] [Times: user=0.09 sys=0.00, real=0.03 secs] 
2014-07-16T06:31:19.900+0000: 1458.901: [GC [PSYoungGen: 631332K->534K(608960K)] 799839K->169185K(1295936K), 0.0053930 secs] [Times: user=0.01 sys=0.00, real=0.00 secs] 
2014-07-16T06:31:21.221+0000: 1460.222: [GC [PSYoungGen: 608918K->434K(587520K)] 777569K->169189K(1274496K), 0.0210290 secs] [Times: user=0.07 sys=0.00, real=0.02 secs] 
2014-07-16T06:31:22.489+0000: 1461.490: [GC [PSYoungGen: 587506K->320K(704832K)] 756261K->169155K(1391808K), 0.0289610 secs] [Times: user=0.10 sys=0.00, real=0.03 secs] 
2014-07-16T06:31:24.070+0000: 1463.071: [GC [PSYoungGen: 704832K->320K(845760K)] 873667K->169187K(1532736K), 0.0068360 secs] [Times: user=0.03 sys=0.00, real=0.00 secs] 
2014-07-16T06:31:25.898+0000: 1464.899: [GC [PSYoungGen: 845760K->384K(813440K)] 1014627K->169371K(1500416K), 0.0079360 secs] [Times: user=0.01 sys=0.00, real=0.01 secs] 
2014-07-16T06:31:27.659+0000: 1466.659: [GC [PSYoungGen: 813440K->434K(782656K)] 982427K->169501K(1469632K), 0.0234030 secs] [Times: user=0.08 sys=0.00, real=0.03 secs] 
2014-07-16T06:31:29.443+0000: 1468.444: [GC [PSYoungGen: 782642K->320K(753152K)] 951709K->169491K(1440128K), 0.0124250 secs] [Times: user=0.04 sys=0.00, real=0.01 secs] 
2014-07-16T06:31:31.094+0000: 1470.094: [GC [PSYoungGen: 753152K->498K(725312K)] 922323K->169845K(1412288K), 0.0121570 secs] [Times: user=0.04 sys=0.00, real=0.01 secs] 
2014-07-16T06:31:32.676+0000: 1471.677: [GC [PSYoungGen: 725298K->754K(870528K)] 894645K->170197K(1557504K), 0.0379240 secs] [Times: user=0.13 sys=0.00, real=0.04 secs] 
2014-07-16T06:31:34.612+0000: 1473.612: [GC [PSYoungGen: 870514K->224K(1043968K)] 1039957K->169715K(1730944K), 0.0109730 secs] [Times: user=0.04 sys=0.00, real=0.01 secs] 
2014-07-16T06:31:36.862+0000: 1475.862: [GC [PSYoungGen: 1043936K->288K(1002240K)] 1213427K->169899K(1689216K), 0.0059610 secs] [Times: user=0.01 sys=0.00, real=0.00 secs] 
2014-07-16T06:31:39.079+0000: 1478.080: [GC [PSYoungGen: 1002208K->402K(962560K)] 1171819K->170125K(1649536K), 0.0093640 secs] [Times: user=0.03 sys=0.00, real=0.01 secs] 
2014-07-16T06:31:41.164+0000: 1480.164: [GC [PSYoungGen: 962514K->516K(924800K)] 1132237K->170439K(1611776K), 0.0048030 secs] [Times: user=0.01 sys=0.00, real=0.00 secs] 
2014-07-16T06:31:43.160+0000: 1482.161: [GC [PSYoungGen: 924740K->288K(888448K)] 1094663K->170291K(1575424K), 0.0133170 secs] [Times: user=0.03 sys=0.00, real=0.02 secs] 
2014-07-16T06:31:45.129+0000: 1484.129: [GC [PSYoungGen: 888416K->352K(854144K)] 1058419K->170387K(1541120K), 0.0051510 secs] [Times: user=0.01 sys=0.00, real=0.01 secs] 
2014-07-16T06:31:46.995+0000: 1485.995: [GC [PSYoungGen: 854112K->516K(821568K)] 1024147K->170647K(1508544K), 0.0141800 secs] [Times: user=0.06 sys=0.00, real=0.01 secs] 
2014-07-16T06:31:48.890+0000: 1487.891: [GC [PSYoungGen: 821508K->744K(790528K)] 991639K->171491K(1477504K), 0.0269750 secs] [Times: user=0.09 sys=0.00, real=0.03 secs] 
2014-07-16T06:31:50.553+0000: 1489.553: [GC [PSYoungGen: 790504K->256K(760256K)] 961251K->171307K(1447232K), 0.0103800 secs] [Times: user=0.03 sys=0.00, real=0.01 secs] 
2014-07-16T06:31:52.189+0000: 1491.189: [GC [PSYoungGen: 760210K->388K(732096K)] 931261K->171623K(1419072K), 0.0139380 secs] [Times: user=0.05 sys=0.00, real=0.01 secs] 
2014-07-16T06:31:53.762+0000: 1492.762: [GC [PSYoungGen: 732033K->224K(704896K)] 903269K->171531K(1391872K), 0.0092450 secs] [Times: user=0.04 sys=0.00, real=0.01 secs] 
2014-07-16T06:31:55.346+0000: 1494.346: [GC [PSYoungGen: 704864K->530K(679424K)] 876171K->171885K(1366400K), 0.0249570 secs] [Times: user=0.08 sys=0.00, real=0.02 secs] 
2014-07-16T06:31:56.786+0000: 1495.787: [GC [PSYoungGen: 679378K->416K(654720K)] 850733K->171907K(1341696K), 0.0172390 secs] [Times: user=0.06 sys=0.01, real=0.02 secs] 
2014-07-16T06:31:58.221+0000: 1497.222: [GC [PSYoungGen: 654688K->388K(785600K)] 826179K->171967K(1472576K), 0.0164430 secs] [Times: user=0.06 sys=0.00, real=0.02 secs] 
2014-07-16T06:31:59.975+0000: 1498.975: [GC [PSYoungGen: 785538K->438K(756096K)] 957117K->172137K(1443072K), 0.0128180 secs] [Times: user=0.05 sys=0.00, real=0.01 secs] 
2014-07-16T06:32:01.614+0000: 1500.615: [GC [PSYoungGen: 756086K->320K(727808K)] 927785K->172179K(1414784K), 0.0108870 secs] [Times: user=0.04 sys=0.00, real=0.01 secs] 
2014-07-16T06:32:03.187+0000: 1502.188: [GC [PSYoungGen: 727777K->512K(701184K)] 899636K->172451K(1388160K), 0.0070440 secs] [Times: user=0.02 sys=0.00, real=0.01 secs] 
2014-07-16T06:32:04.753+0000: 1503.754: [GC [PSYoungGen: 701184K->740K(675840K)] 873123K->172719K(1362816K), 0.0048740 secs] [Times: user=0.02 sys=0.00, real=0.01 secs] 
2014-07-16T06:32:06.208+0000: 1505.208: [GC [PSYoungGen: 675812K->420K(651136K)] 847791K->172511K(1338112K), 0.0050910 secs] [Times: user=0.01 sys=0.00, real=0.00 secs] 
2014-07-16T06:32:07.632+0000: 1506.633: [GC [PSYoungGen: 651107K->448K(627840K)] 823199K->172611K(1314816K), 0.0048200 secs] [Times: user=0.01 sys=0.00, real=0.01 secs] 
2014-07-16T06:32:08.996+0000: 1507.997: [GC [PSYoungGen: 627840K->448K(605632K)] 800003K->172715K(1292608K), 0.0066220 secs] [Times: user=0.01 sys=0.00, real=0.00 secs] 
2014-07-16T06:32:10.359+0000: 1509.360: [GC [PSYoungGen: 605632K->384K(584384K)] 777899K->172747K(1271360K), 0.0065060 secs] [Times: user=0.02 sys=0.00, real=0.01 secs] 
2014-07-16T06:32:11.628+0000: 1510.629: [GC [PSYoungGen: 584384K->192K(563968K)] 756747K->172675K(1250944K), 0.0044750 secs] [Times: user=0.01 sys=0.00, real=0.00 secs] 
2014-07-16T06:32:12.854+0000: 1511.854: [GC [PSYoungGen: 563968K->306K(544768K)] 736451K->172861K(1231744K), 0.0143560 secs] [Times: user=0.05 sys=0.00, real=0.02 secs] 
2014-07-16T06:32:14.064+0000: 1513.065: [GC [PSYoungGen: 544754K->466K(526528K)] 717309K->173061K(1213504K), 0.0079130 secs] [Times: user=0.02 sys=0.00, real=0.01 secs] 
2014-07-16T06:32:15.206+0000: 1514.207: [GC [PSYoungGen: 526482K->466K(508928K)] 699077K->173109K(1195904K), 0.0056280 secs] [Times: user=0.01 sys=0.00, real=0.00 secs] 
2014-07-16T06:32:16.307+0000: 1515.308: [GC [PSYoungGen: 508882K->416K(492032K)] 681525K->173171K(1179008K), 0.0039760 secs] [Times: user=0.01 sys=0.00, real=0.00 secs] 
2014-07-16T06:32:17.378+0000: 1516.378: [GC [PSYoungGen: 492000K->324K(475904K)] 664755K->173143K(1162880K), 0.0047920 secs] [Times: user=0.01 sys=0.00, real=0.00 secs] 
2014-07-16T06:32:18.416+0000: 1517.417: [GC [PSYoungGen: 475844K->320K(460480K)] 648663K->173219K(1147456K), 0.0090060 secs] [Times: user=0.03 sys=0.00, real=0.01 secs] 
2014-07-16T06:32:19.486+0000: 1518.487: [GC [PSYoungGen: 460480K->662K(446144K)] 633379K->173665K(1133120K), 0.0065790 secs] [Times: user=0.02 sys=0.00, real=0.01 secs] 
2014-07-16T06:32:20.425+0000: 1519.425: [GC [PSYoungGen: 446102K->224K(431616K)] 619105K->173331K(1118592K), 0.0151160 secs] [Times: user=0.06 sys=0.00, real=0.02 secs] 
2014-07-16T06:32:21.365+0000: 1520.366: [GC [PSYoungGen: 431584K->320K(418240K)] 604691K->173475K(1105216K), 0.0057530 secs] [Times: user=0.01 sys=0.00, real=0.01 secs] 
2014-07-16T06:32:22.268+0000: 1521.269: [GC [PSYoungGen: 418240K->338K(501888K)] 591395K->173517K(1188864K), 0.0170610 secs] [Times: user=0.06 sys=0.00, real=0.01 secs] 
2014-07-16T06:32:23.347+0000: 1522.348: [GC [PSYoungGen: 501774K->324K(485376K)] 674953K->173535K(1172352K), 0.0045220 secs] [Times: user=0.01 sys=0.00, real=0.00 secs] 
2014-07-16T06:32:24.469+0000: 1523.470: [GC [PSYoungGen: 485316K->676K(469888K)] 658527K->173919K(1156864K), 0.0081860 secs] [Times: user=0.03 sys=0.00, real=0.01 secs] 
2014-07-16T06:32:25.442+0000: 1524.443: [GC [PSYoungGen: 469860K->416K(563520K)] 643103K->173747K(1250496K), 0.0186830 secs] [Times: user=0.05 sys=0.00, real=0.02 secs] 
2014-07-16T06:32:26.672+0000: 1525.673: [GC [PSYoungGen: 563488K->416K(676160K)] 736819K->173795K(1363136K), 0.0100190 secs] [Times: user=0.04 sys=0.00, real=0.01 secs] 
2014-07-16T06:32:28.134+0000: 1527.135: [GC [PSYoungGen: 676128K->448K(811328K)] 849507K->173923K(1498304K), 0.0135650 secs] [Times: user=0.06 sys=0.00, real=0.02 secs] 
2014-07-16T06:32:29.973+0000: 1528.974: [GC [PSYoungGen: 811328K->576K(780736K)] 984803K->174155K(1467712K), 0.0154800 secs] [Times: user=0.05 sys=0.00, real=0.02 secs] 
2014-07-16T06:32:31.659+0000: 1530.660: [GC [PSYoungGen: 780736K->224K(751104K)] 954315K->173987K(1438080K), 0.0138320 secs] [Times: user=0.05 sys=0.00, real=0.01 secs] 
2014-07-16T06:32:33.286+0000: 1532.287: [GC [PSYoungGen: 751066K->128K(901184K)] 924830K->173939K(1588160K), 0.0260180 secs] [Times: user=0.10 sys=0.00, real=0.03 secs] 
2014-07-16T06:32:35.260+0000: 1534.260: [GC [PSYoungGen: 901184K->352K(866432K)] 1074995K->174195K(1553408K), 0.0145650 secs] [Times: user=0.05 sys=0.00, real=0.01 secs] 
2014-07-16T06:32:37.141+0000: 1536.142: [GC [PSYoungGen: 866400K->402K(833152K)] 1040243K->174325K(1520128K), 0.0056170 secs] [Times: user=0.01 sys=0.00, real=0.00 secs] 
2014-07-16T06:32:38.955+0000: 1537.956: [GC [PSYoungGen: 833106K->562K(801536K)] 1007029K->174605K(1488512K), 0.0120380 secs] [Times: user=0.03 sys=0.00, real=0.01 secs] 
2014-07-16T06:32:40.794+0000: 1539.795: [GC [PSYoungGen: 801522K->420K(771136K)] 975565K->175023K(1458112K), 0.0301150 secs] [Times: user=0.11 sys=0.00, real=0.03 secs] 
2014-07-16T06:32:42.518+0000: 1541.519: [GC [PSYoungGen: 771108K->544K(742400K)] 945711K->175299K(1429376K), 0.0080830 secs] [Times: user=0.03 sys=0.00, real=0.01 secs] 
2014-07-16T06:32:44.117+0000: 1543.117: [GC [PSYoungGen: 742368K->466K(714816K)] 917123K->175429K(1401792K), 0.0106760 secs] [Times: user=0.03 sys=0.00, real=0.01 secs] 
2014-07-16T06:32:45.677+0000: 1544.678: [GC [PSYoungGen: 714688K->552K(688640K)] 889652K->175563K(1375616K), 0.0160030 secs] [Times: user=0.06 sys=0.00, real=0.02 secs] 
2014-07-16T06:32:47.178+0000: 1546.179: [GC [PSYoungGen: 688616K->484K(663552K)] 863627K->175591K(1350528K), 0.0089400 secs] [Times: user=0.04 sys=0.00, real=0.01 secs] 
2014-07-16T06:32:48.618+0000: 1547.618: [GC [PSYoungGen: 663524K->448K(796096K)] 838631K->175699K(1483072K), 0.0272310 secs] [Times: user=0.10 sys=0.00, real=0.03 secs] 
2014-07-16T06:32:50.347+0000: 1549.348: [GC [PSYoungGen: 796096K->698K(766336K)] 971347K->176045K(1453312K), 0.0043900 secs] [Times: user=0.01 sys=0.01, real=0.01 secs] 
2014-07-16T06:32:52.010+0000: 1551.011: [GC [PSYoungGen: 766330K->644K(737728K)] 941677K->176087K(1424704K), 0.0046440 secs] [Times: user=0.01 sys=0.00, real=0.01 secs] 
2014-07-16T06:32:53.609+0000: 1552.610: [GC [PSYoungGen: 737668K->320K(710080K)] 913111K->175843K(1397056K), 0.0069810 secs] [Times: user=0.02 sys=0.00, real=0.01 secs] 
2014-07-16T06:32:55.243+0000: 1554.244: [GC [PSYoungGen: 710080K->256K(684032K)] 885603K->175827K(1371008K), 0.0050670 secs] [Times: user=0.01 sys=0.00, real=0.00 secs] 
2014-07-16T06:32:56.708+0000: 1555.709: [GC [PSYoungGen: 684018K->456K(659520K)] 859590K->176107K(1346496K), 0.0055550 secs] [Times: user=0.01 sys=0.00, real=0.01 secs] 
2014-07-16T06:32:58.166+0000: 1557.167: [GC [PSYoungGen: 659464K->420K(635776K)] 835115K->176191K(1322752K), 0.0308360 secs] [Times: user=0.11 sys=0.00, real=0.03 secs] 
2014-07-16T06:32:59.544+0000: 1558.544: [GC [PSYoungGen: 635748K->648K(613440K)] 811519K->176515K(1300416K), 0.0037810 secs] [Times: user=0.01 sys=0.00, real=0.00 secs] 
2014-07-16T06:33:00.917+0000: 1559.918: [GC [PSYoungGen: 613384K->640K(591872K)] 789251K->176619K(1278848K), 0.0114970 secs] [Times: user=0.03 sys=0.00, real=0.01 secs] 
2014-07-16T06:33:02.170+0000: 1561.171: [GC [PSYoungGen: 591853K->356K(571072K)] 767833K->176431K(1258048K), 0.0047460 secs] [Times: user=0.01 sys=0.00, real=0.01 secs] 
2014-07-16T06:33:03.398+0000: 1562.398: [GC [PSYoungGen: 571044K->224K(551296K)] 747119K->176347K(1238272K), 0.0047210 secs] [Times: user=0.01 sys=0.00, real=0.00 secs] 
2014-07-16T06:33:04.591+0000: 1563.591: [GC [PSYoungGen: 551264K->192K(532480K)] 727387K->176355K(1219456K), 0.0099310 secs] [Times: user=0.04 sys=0.00, real=0.01 secs] 
2014-07-16T06:33:05.784+0000: 1564.785: [GC [PSYoungGen: 532480K->456K(514880K)] 708643K->176651K(1201856K), 0.0136720 secs] [Times: user=0.05 sys=0.01, real=0.01 secs] 
2014-07-16T06:33:06.904+0000: 1565.905: [GC [PSYoungGen: 514815K->292K(497600K)] 691011K->176567K(1184576K), 0.0175160 secs] [Times: user=0.06 sys=0.00, real=0.02 secs] 
2014-07-16T06:33:07.977+0000: 1566.977: [GC [PSYoungGen: 497572K->242K(596992K)] 673847K->176589K(1283968K), 0.0159750 secs] [Times: user=0.06 sys=0.00, real=0.01 secs] 
2014-07-16T06:33:09.280+0000: 1568.280: [GC [PSYoungGen: 596978K->370K(716480K)] 773325K->176789K(1403456K), 0.0236970 secs] [Times: user=0.09 sys=0.00, real=0.02 secs] 
2014-07-16T06:33:10.896+0000: 1569.896: [GC [PSYoungGen: 716466K->740K(860096K)] 892885K->177679K(1547072K), 0.0160100 secs] [Times: user=0.06 sys=0.00, real=0.01 secs] 
2014-07-16T06:33:12.731+0000: 1571.731: [GC [PSYoungGen: 860068K->434K(1031680K)] 1037007K->177759K(1718656K), 0.0213980 secs] [Times: user=0.08 sys=0.00, real=0.02 secs] 
2014-07-16T06:33:14.959+0000: 1573.960: [GC [PSYoungGen: 1031666K->160K(990208K)] 1208991K->177637K(1677184K), 0.0042410 secs] [Times: user=0.01 sys=0.00, real=0.00 secs] 
2014-07-16T06:33:17.130+0000: 1576.131: [GC [PSYoungGen: 990176K->338K(951168K)] 1167653K->177871K(1638144K), 0.0081550 secs] [Times: user=0.03 sys=0.00, real=0.01 secs] 
2014-07-16T06:33:19.201+0000: 1578.202: [GC [PSYoungGen: 951034K->452K(913920K)] 1128567K->178153K(1600896K), 0.0183310 secs] [Times: user=0.06 sys=0.00, real=0.02 secs] 
2014-07-16T06:33:21.221+0000: 1580.222: [GC [PSYoungGen: 913860K->288K(878144K)] 1091561K->178149K(1565120K), 0.0117560 secs] [Times: user=0.04 sys=0.00, real=0.01 secs] 
2014-07-16T06:33:23.213+0000: 1582.213: [GC [PSYoungGen: 878112K->402K(844352K)] 1055973K->178383K(1531328K), 0.0065620 secs] [Times: user=0.01 sys=0.00, real=0.01 secs] 
2014-07-16T06:33:25.065+0000: 1584.065: [GC [PSYoungGen: 844306K->804K(812416K)] 1022287K->178937K(1499392K), 0.0218460 secs] [Times: user=0.07 sys=0.00, real=0.02 secs] 
2014-07-16T06:33:26.887+0000: 1585.888: [GC [PSYoungGen: 812388K->466K(781312K)] 990521K->178671K(1468288K), 0.0167880 secs] [Times: user=0.07 sys=0.00, real=0.01 secs] 
2014-07-16T06:33:28.579+0000: 1587.580: [GC [PSYoungGen: 781266K->356K(751872K)] 959471K->178729K(1438848K), 0.0199290 secs] [Times: user=0.07 sys=0.00, real=0.02 secs] 
2014-07-16T06:33:30.213+0000: 1589.214: [GC [PSYoungGen: 751844K->384K(723904K)] 930217K->178853K(1410880K), 0.0063700 secs] [Times: user=0.02 sys=0.00, real=0.01 secs] 
2014-07-16T06:33:31.825+0000: 1590.826: [GC [PSYoungGen: 723904K->480K(697408K)] 902373K->179037K(1384384K), 0.0054270 secs] [Times: user=0.01 sys=0.00, real=0.01 secs] 
2014-07-16T06:33:33.337+0000: 1592.337: [GC [PSYoungGen: 697376K->434K(671936K)] 875933K->179119K(1358912K), 0.0155010 secs] [Times: user=0.05 sys=0.00, real=0.02 secs] 
2014-07-16T06:33:34.785+0000: 1593.786: [GC [PSYoungGen: 671922K->370K(647616K)] 850607K->179103K(1334592K), 0.0219780 secs] [Times: user=0.09 sys=0.00, real=0.02 secs] 
2014-07-16T06:33:36.200+0000: 1595.200: [GC [PSYoungGen: 647578K->530K(624704K)] 826312K->179319K(1311680K), 0.0137450 secs] [Times: user=0.05 sys=0.00, real=0.01 secs] 
2014-07-16T06:33:37.554+0000: 1596.555: [GC [PSYoungGen: 624658K->320K(602368K)] 803447K->179221K(1289344K), 0.0086620 secs] [Times: user=0.03 sys=0.00, real=0.01 secs] 
2014-07-16T06:33:38.869+0000: 1597.870: [GC [PSYoungGen: 602368K->256K(581248K)] 781269K->179245K(1268224K), 0.0038540 secs] [Times: user=0.01 sys=0.00, real=0.00 secs] 
2014-07-16T06:33:40.135+0000: 1599.135: [GC [PSYoungGen: 581244K->402K(561344K)] 760234K->179463K(1248320K), 0.0080630 secs] [Times: user=0.03 sys=0.00, real=0.01 secs] 
2014-07-16T06:33:41.412+0000: 1600.413: [GC [PSYoungGen: 561298K->612K(542336K)] 740359K->179769K(1229312K), 0.0114260 secs] [Times: user=0.04 sys=0.01, real=0.01 secs] 
2014-07-16T06:33:42.586+0000: 1601.587: [GC [PSYoungGen: 542308K->402K(523840K)] 721465K->179655K(1210816K), 0.0073950 secs] [Times: user=0.02 sys=0.00, real=0.01 secs] 
2014-07-16T06:33:43.755+0000: 1602.756: [GC [PSYoungGen: 523789K->616K(506560K)] 703043K->179917K(1193536K), 0.0075270 secs] [Times: user=0.01 sys=0.00, real=0.01 secs] 
2014-07-16T06:33:44.857+0000: 1603.858: [GC [PSYoungGen: 506536K->370K(489600K)] 685837K->179735K(1176576K), 0.0056930 secs] [Times: user=0.02 sys=0.00, real=0.01 secs] 
2014-07-16T06:33:45.964+0000: 1604.964: [GC [PSYoungGen: 489586K->288K(473536K)] 668951K->179725K(1160512K), 0.0047600 secs] [Times: user=0.01 sys=0.00, real=0.00 secs] 
2014-07-16T06:33:46.980+0000: 1605.980: [GC [PSYoungGen: 473504K->256K(458176K)] 652941K->179797K(1145152K), 0.0046290 secs] [Times: user=0.01 sys=0.00, real=0.01 secs] 
2014-07-16T06:33:47.975+0000: 1606.976: [GC [PSYoungGen: 458168K->370K(443712K)] 637710K->179983K(1130688K), 0.0052880 secs] [Times: user=0.01 sys=0.00, real=0.01 secs] 
2014-07-16T06:33:48.941+0000: 1607.942: [GC [PSYoungGen: 443698K->192K(429504K)] 623311K->179853K(1116480K), 0.0072050 secs] [Times: user=0.02 sys=0.00, real=0.00 secs] 
2014-07-16T06:33:49.886+0000: 1608.886: [GC [PSYoungGen: 429504K->320K(416256K)] 609165K->180053K(1103232K), 0.0050310 secs] [Times: user=0.01 sys=0.00, real=0.01 secs] 
2014-07-16T06:33:50.868+0000: 1609.869: [GC [PSYoungGen: 416256K->676K(403840K)] 595989K->180529K(1090816K), 0.0194890 secs] [Times: user=0.06 sys=0.00, real=0.02 secs] 
2014-07-16T06:33:51.729+0000: 1610.730: [GC [PSYoungGen: 403812K->466K(391360K)] 583665K->180423K(1078336K), 0.0081000 secs] [Times: user=0.03 sys=0.00, real=0.01 secs] 
2014-07-16T06:33:52.616+0000: 1611.617: [GC [PSYoungGen: 391314K->480K(469568K)] 571271K->180525K(1156544K), 0.0213590 secs] [Times: user=0.07 sys=0.00, real=0.02 secs] 
2014-07-16T06:33:53.640+0000: 1612.640: [GC [PSYoungGen: 469536K->342K(563264K)] 649581K->180459K(1250240K), 0.0057090 secs] [Times: user=0.01 sys=0.00, real=0.01 secs] 
2014-07-16T06:33:54.874+0000: 1613.874: [GC [PSYoungGen: 563222K->370K(675840K)] 743339K->180535K(1362816K), 0.0162770 secs] [Times: user=0.06 sys=0.01, real=0.01 secs] 
2014-07-16T06:33:56.360+0000: 1615.361: [GC [PSYoungGen: 675826K->370K(651456K)] 855991K->180583K(1338432K), 0.0076340 secs] [Times: user=0.02 sys=0.00, real=0.01 secs] 
2014-07-16T06:33:57.756+0000: 1616.756: [GC [PSYoungGen: 651428K->374K(628160K)] 831642K->180723K(1315136K), 0.0131410 secs] [Times: user=0.05 sys=0.00, real=0.01 secs] 
2014-07-16T06:33:59.137+0000: 1618.138: [GC [PSYoungGen: 628150K->704K(606272K)] 808499K->181133K(1293248K), 0.0076210 secs] [Times: user=0.02 sys=0.00, real=0.01 secs] 
2014-07-16T06:34:00.451+0000: 1619.452: [GC [PSYoungGen: 606270K->256K(584640K)] 786700K->180749K(1271616K), 0.0045500 secs] [Times: user=0.01 sys=0.00, real=0.01 secs] 
2014-07-16T06:34:01.755+0000: 1620.755: [GC [PSYoungGen: 584585K->480K(564672K)] 765079K->181085K(1251648K), 0.0087110 secs] [Times: user=0.02 sys=0.00, real=0.01 secs] 
2014-07-16T06:34:03.016+0000: 1622.016: [GC [PSYoungGen: 564540K->552K(545408K)] 745145K->181269K(1232384K), 0.0073120 secs] [Times: user=0.02 sys=0.00, real=0.01 secs] 
2014-07-16T06:34:04.188+0000: 1623.188: [GC [PSYoungGen: 545384K->466K(654336K)] 726101K->181295K(1341312K), 0.0276090 secs] [Times: user=0.09 sys=0.00, real=0.03 secs] 
2014-07-16T06:34:05.597+0000: 1624.598: [GC [PSYoungGen: 654219K->374K(630784K)] 835049K->181251K(1317760K), 0.0041930 secs] [Times: user=0.01 sys=0.00, real=0.00 secs] 
2014-07-16T06:34:07.005+0000: 1626.005: [GC [PSYoungGen: 630774K->466K(608576K)] 811651K->181383K(1295552K), 0.0090910 secs] [Times: user=0.03 sys=0.00, real=0.01 secs] 
2014-07-16T06:34:08.335+0000: 1627.336: [GC [PSYoungGen: 608530K->320K(587072K)] 789447K->181365K(1274048K), 0.0035230 secs] [Times: user=0.01 sys=0.00, real=0.00 secs] 
2014-07-16T06:34:09.619+0000: 1628.620: [GC [PSYoungGen: 587072K->416K(566848K)] 768117K->181581K(1253824K), 0.0220980 secs] [Times: user=0.08 sys=0.00, real=0.02 secs] 
2014-07-16T06:34:10.865+0000: 1629.865: [GC [PSYoungGen: 566816K->356K(547328K)] 747981K->181625K(1234304K), 0.0102810 secs] [Times: user=0.03 sys=0.00, real=0.01 secs] 
2014-07-16T06:34:12.087+0000: 1631.087: [GC [PSYoungGen: 547300K->224K(528640K)] 728569K->181557K(1215616K), 0.0103480 secs] [Times: user=0.04 sys=0.00, real=0.01 secs] 
2014-07-16T06:34:13.253+0000: 1632.253: [GC [PSYoungGen: 528608K->352K(511040K)] 709941K->181773K(1198016K), 0.0035560 secs] [Times: user=0.01 sys=0.01, real=0.01 secs] 
2014-07-16T06:34:14.349+0000: 1633.349: [GC [PSYoungGen: 511002K->320K(613120K)] 692424K->181845K(1300096K), 0.0225910 secs] [Times: user=0.08 sys=0.00, real=0.02 secs] 
2014-07-16T06:34:15.672+0000: 1634.673: [GC [PSYoungGen: 613053K->310K(591552K)] 794578K->181867K(1278528K), 0.0045210 secs] [Times: user=0.02 sys=0.00, real=0.01 secs] 
2014-07-16T06:34:16.979+0000: 1635.979: [GC [PSYoungGen: 591542K->434K(571136K)] 773099K->182063K(1258112K), 0.0069590 secs] [Times: user=0.03 sys=0.01, real=0.01 secs] 
2014-07-16T06:34:18.202+0000: 1637.203: [GC [PSYoungGen: 571122K->192K(551232K)] 752751K->181925K(1238208K), 0.0048520 secs] [Times: user=0.01 sys=0.00, real=0.01 secs] 
2014-07-16T06:34:19.400+0000: 1638.401: [GC [PSYoungGen: 551232K->288K(532608K)] 732965K->182093K(1219584K), 0.0159900 secs] [Times: user=0.05 sys=0.00, real=0.02 secs] 
2014-07-16T06:34:20.563+0000: 1639.563: [GC [PSYoungGen: 532565K->420K(514816K)] 714371K->182305K(1201792K), 0.0119510 secs] [Times: user=0.04 sys=0.00, real=0.01 secs] 
2014-07-16T06:34:21.738+0000: 1640.739: [GC [PSYoungGen: 514788K->466K(497792K)] 696673K->182423K(1184768K), 0.0094410 secs] [Times: user=0.03 sys=0.00, real=0.01 secs] 
2014-07-16T06:34:22.796+0000: 1641.797: [GC [PSYoungGen: 497746K->224K(596992K)] 679703K->182285K(1283968K), 0.0177830 secs] [Times: user=0.07 sys=0.00, real=0.01 secs] 
2014-07-16T06:34:24.102+0000: 1643.103: [GC [PSYoungGen: 596960K->626K(576576K)] 779021K->182727K(1263552K), 0.0049380 secs] [Times: user=0.02 sys=0.00, real=0.01 secs] 
2014-07-16T06:34:25.348+0000: 1644.349: [GC [PSYoungGen: 576562K->338K(691520K)] 758663K->182511K(1378496K), 0.0181840 secs] [Times: user=0.06 sys=0.00, real=0.02 secs] 
2014-07-16T06:34:26.858+0000: 1645.858: [GC [PSYoungGen: 691474K->338K(829760K)] 873647K->182583K(1516736K), 0.0207740 secs] [Times: user=0.08 sys=0.00, real=0.02 secs] 
2014-07-16T06:34:28.653+0000: 1647.653: [GC [PSYoungGen: 829714K->338K(798144K)] 1011959K->182727K(1485120K), 0.0089320 secs] [Times: user=0.02 sys=0.00, real=0.01 secs] 
2014-07-16T06:34:30.391+0000: 1649.392: [GC [PSYoungGen: 798098K->566K(768192K)] 980487K->183051K(1455168K), 0.0041150 secs] [Times: user=0.01 sys=0.00, real=0.00 secs] 
2014-07-16T06:34:32.072+0000: 1651.073: [GC [PSYoungGen: 768175K->352K(739328K)] 950661K->182909K(1426304K), 0.0053180 secs] [Times: user=0.01 sys=0.00, real=0.01 secs] 
2014-07-16T06:34:33.668+0000: 1652.668: [GC [PSYoungGen: 739296K->288K(711872K)] 921853K->182957K(1398848K), 0.0076670 secs] [Times: user=0.03 sys=0.00, real=0.00 secs] 
2014-07-16T06:34:35.220+0000: 1654.220: [GC [PSYoungGen: 711840K->224K(685696K)] 894509K->182981K(1372672K), 0.0234780 secs] [Times: user=0.08 sys=0.00, real=0.02 secs] 
2014-07-16T06:34:36.737+0000: 1655.737: [GC [PSYoungGen: 685664K->416K(660992K)] 868421K->183261K(1347968K), 0.0181930 secs] [Times: user=0.06 sys=0.00, real=0.02 secs] 
2014-07-16T06:34:38.167+0000: 1657.168: [GC [PSYoungGen: 660960K->256K(637056K)] 843805K->183237K(1324032K), 0.0081080 secs] [Times: user=0.02 sys=0.00, real=0.01 secs] 
2014-07-16T06:34:39.555+0000: 1658.555: [GC [PSYoungGen: 637056K->288K(614464K)] 820037K->183365K(1301440K), 0.0113670 secs] [Times: user=0.04 sys=0.00, real=0.01 secs] 
2014-07-16T06:34:40.891+0000: 1659.891: [GC [PSYoungGen: 614432K->402K(737472K)] 797509K->183559K(1424448K), 0.0248750 secs] [Times: user=0.09 sys=0.00, real=0.02 secs] 
2014-07-16T06:34:42.551+0000: 1661.552: [GC [PSYoungGen: 737426K->352K(884864K)] 920583K->183589K(1571840K), 0.0158180 secs] [Times: user=0.05 sys=0.00, real=0.01 secs] 
2014-07-16T06:34:44.515+0000: 1663.515: [GC [PSYoungGen: 884828K->498K(1061888K)] 1068065K->184287K(1748864K), 0.0269330 secs] [Times: user=0.10 sys=0.00, real=0.03 secs] 
2014-07-16T06:34:46.858+0000: 1665.859: [GC [PSYoungGen: 1061874K->694K(1274368K)] 1245663K->184587K(1961344K), 0.0297100 secs] [Times: user=0.11 sys=0.00, real=0.03 secs] 
2014-07-16T06:34:49.599+0000: 1668.599: [GC [PSYoungGen: 1274358K->338K(1528832K)] 1458251K->184519K(2215808K), 0.0150380 secs] [Times: user=0.05 sys=0.00, real=0.02 secs] 
2014-07-16T06:34:52.944+0000: 1671.945: [GC [PSYoungGen: 1528786K->352K(1463488K)] 1712967K->184669K(2150464K), 0.0058380 secs] [Times: user=0.02 sys=0.00, real=0.01 secs] 
2014-07-16T06:34:56.107+0000: 1675.108: [GC [PSYoungGen: 1463456K->192K(1401152K)] 1647773K->184661K(2088128K), 0.0223770 secs] [Times: user=0.08 sys=0.01, real=0.02 secs] 
2014-07-16T06:34:59.187+0000: 1678.188: [GC [PSYoungGen: 1401152K->320K(1342144K)] 1585621K->184893K(2029120K), 0.0046050 secs] [Times: user=0.02 sys=0.00, real=0.01 secs] 
2014-07-16T06:35:02.133+0000: 1681.134: [GC [PSYoungGen: 1342144K->672K(1286272K)] 1526717K->185445K(1973248K), 0.0277970 secs] [Times: user=0.11 sys=0.00, real=0.02 secs] 
2014-07-16T06:35:04.933+0000: 1683.933: [GC [PSYoungGen: 1286240K->434K(1232512K)] 1471013K->185367K(1919488K), 0.0106510 secs] [Times: user=0.03 sys=0.00, real=0.01 secs] 
2014-07-16T06:35:07.617+0000: 1686.617: [GC [PSYoungGen: 1232498K->416K(1181568K)] 1417431K->185453K(1868544K), 0.0211010 secs] [Times: user=0.08 sys=0.00, real=0.02 secs] 
2014-07-16T06:35:10.179+0000: 1689.180: [GC [PSYoungGen: 1181490K->466K(1133184K)] 1366527K->185687K(1820160K), 0.0148710 secs] [Times: user=0.06 sys=0.00, real=0.02 secs] 
2014-07-16T06:35:12.726+0000: 1691.727: [GC [PSYoungGen: 1133138K->466K(1087104K)] 1318359K->185855K(1774080K), 0.0090280 secs] [Times: user=0.03 sys=0.00, real=0.01 secs] 
2014-07-16T06:35:15.115+0000: 1694.116: [GC [PSYoungGen: 1087058K->466K(1043200K)] 1272447K->185983K(1730176K), 0.0111380 secs] [Times: user=0.04 sys=0.00, real=0.01 secs] 
2014-07-16T06:35:17.502+0000: 1696.503: [GC [PSYoungGen: 1043073K->566K(1001472K)] 1228591K->186235K(1688448K), 0.0053670 secs] [Times: user=0.01 sys=0.00, real=0.01 secs] 
2014-07-16T06:35:19.678+0000: 1698.679: [GC [PSYoungGen: 1001462K->818K(961984K)] 1187131K->187063K(1648960K), 0.0153950 secs] [Times: user=0.05 sys=0.00, real=0.01 secs] 
2014-07-16T06:35:21.746+0000: 1700.746: [GC [PSYoungGen: 961970K->320K(923584K)] 1148215K->186773K(1610560K), 0.0100460 secs] [Times: user=0.02 sys=0.00, real=0.01 secs] 
2014-07-16T06:35:23.774+0000: 1702.774: [GC [PSYoungGen: 923584K->256K(887488K)] 1110037K->186837K(1574464K), 0.0100880 secs] [Times: user=0.04 sys=0.00, real=0.01 secs] 
2014-07-16T06:35:25.717+0000: 1704.718: [GC [PSYoungGen: 887485K->256K(853120K)] 1074067K->186941K(1540096K), 0.0143390 secs] [Times: user=0.05 sys=0.00, real=0.01 secs] 
2014-07-16T06:35:27.591+0000: 1706.592: [GC [PSYoungGen: 853120K->416K(820608K)] 1039805K->187205K(1507584K), 0.0107570 secs] [Times: user=0.05 sys=0.00, real=0.01 secs] 
2014-07-16T06:35:29.347+0000: 1708.347: [GC [PSYoungGen: 820576K->480K(789504K)] 1007365K->187445K(1476480K), 0.0076650 secs] [Times: user=0.03 sys=0.00, real=0.00 secs] 
2014-07-16T06:35:31.056+0000: 1710.057: [GC [PSYoungGen: 789472K->256K(759552K)] 976437K->187349K(1446528K), 0.0380840 secs] [Times: user=0.14 sys=0.00, real=0.03 secs] 
2014-07-16T06:35:32.735+0000: 1711.735: [GC [PSYoungGen: 759552K->466K(731520K)] 946645K->187647K(1418496K), 0.0091550 secs] [Times: user=0.03 sys=0.00, real=0.01 secs] 
2014-07-16T06:35:34.305+0000: 1713.306: [GC [PSYoungGen: 731474K->224K(704256K)] 918655K->187485K(1391232K), 0.0060490 secs] [Times: user=0.02 sys=0.00, real=0.01 secs] 
2014-07-16T06:35:35.853+0000: 1714.853: [GC [PSYoungGen: 704224K->320K(678592K)] 891485K->187637K(1365568K), 0.0069300 secs] [Times: user=0.01 sys=0.00, real=0.01 secs] 
2014-07-16T06:35:37.424+0000: 1716.425: [GC [PSYoungGen: 678538K->872K(654656K)] 865856K->188701K(1341632K), 0.0057790 secs] [Times: user=0.02 sys=0.00, real=0.01 secs] 
2014-07-16T06:35:38.784+0000: 1717.784: [GC [PSYoungGen: 654632K->448K(630784K)] 842461K->188413K(1317760K), 0.0089980 secs] [Times: user=0.02 sys=0.00, real=0.01 secs] 
2014-07-16T06:35:40.160+0000: 1719.161: [GC [PSYoungGen: 630740K->256K(608256K)] 818706K->188429K(1295232K), 0.0106910 secs] [Times: user=0.04 sys=0.01, real=0.01 secs] 
2014-07-16T06:35:41.481+0000: 1720.482: [GC [PSYoungGen: 608256K->370K(587072K)] 796429K->188599K(1274048K), 0.0172280 secs] [Times: user=0.06 sys=0.00, real=0.02 secs] 
2014-07-16T06:35:42.810+0000: 1721.811: [GC [PSYoungGen: 587058K->274K(566656K)] 775287K->188559K(1253632K), 0.0093830 secs] [Times: user=0.03 sys=0.00, real=0.01 secs] 
2014-07-16T06:35:44.061+0000: 1723.062: [GC [PSYoungGen: 566610K->544K(547456K)] 754895K->188909K(1234432K), 0.0061280 secs] [Times: user=0.01 sys=0.00, real=0.00 secs] 
2014-07-16T06:35:45.315+0000: 1724.316: [GC [PSYoungGen: 547424K->384K(528704K)] 735789K->188797K(1215680K), 0.0108770 secs] [Times: user=0.03 sys=0.00, real=0.01 secs] 
2014-07-16T06:35:46.403+0000: 1725.404: [GC [PSYoungGen: 528704K->448K(511040K)] 717117K->188965K(1198016K), 0.0118480 secs] [Times: user=0.04 sys=0.00, real=0.01 secs] 
2014-07-16T06:35:47.589+0000: 1726.590: [GC [PSYoungGen: 511040K->886K(494528K)] 699557K->189475K(1181504K), 0.0053930 secs] [Times: user=0.01 sys=0.00, real=0.00 secs] 
2014-07-16T06:35:48.600+0000: 1727.601: [GC [PSYoungGen: 494518K->406K(477888K)] 683107K->189107K(1164864K), 0.0047230 secs] [Times: user=0.02 sys=0.00, real=0.00 secs] 
2014-07-16T06:35:49.635+0000: 1728.636: [GC [PSYoungGen: 477846K->306K(462272K)] 666547K->189103K(1149248K), 0.0107620 secs] [Times: user=0.04 sys=0.00, real=0.01 secs] 
2014-07-16T06:35:50.639+0000: 1729.639: [GC [PSYoungGen: 462258K->224K(447424K)] 651055K->189053K(1134400K), 0.0073860 secs] [Times: user=0.03 sys=0.00, real=0.01 secs] 
2014-07-16T06:35:51.634+0000: 1730.635: [GC [PSYoungGen: 447392K->562K(433600K)] 636221K->189463K(1120576K), 0.0169460 secs] [Times: user=0.05 sys=0.00, real=0.02 secs] 
2014-07-16T06:35:52.650+0000: 1731.650: [GC [PSYoungGen: 433586K->1024K(420480K)] 622487K->189981K(1107456K), 0.0072390 secs] [Times: user=0.01 sys=0.00, real=0.00 secs] 
2014-07-16T06:35:53.502+0000: 1732.502: [GC [PSYoungGen: 420480K->416K(406976K)] 609437K->189469K(1093952K), 0.0084710 secs] [Times: user=0.03 sys=0.00, real=0.01 secs] 
2014-07-16T06:35:54.424+0000: 1733.424: [GC [PSYoungGen: 406917K->576K(488448K)] 595971K->189685K(1175424K), 0.0311340 secs] [Times: user=0.11 sys=0.00, real=0.03 secs] 
2014-07-16T06:35:55.629+0000: 1734.630: [GC [PSYoungGen: 488448K->1088K(586560K)] 677557K->190285K(1273536K), 0.0137410 secs] [Times: user=0.05 sys=0.00, real=0.02 secs] 
2014-07-16T06:35:56.839+0000: 1735.840: [GC [PSYoungGen: 586560K->306K(702912K)] 775757K->189615K(1389888K), 0.0055890 secs] [Times: user=0.02 sys=0.00, real=0.01 secs] 
2014-07-16T06:35:58.395+0000: 1737.396: [GC [PSYoungGen: 702898K->786K(843968K)] 892207K->190215K(1530944K), 0.0140210 secs] [Times: user=0.05 sys=0.00, real=0.01 secs] 
2014-07-16T06:36:00.215+0000: 1739.215: [GC [PSYoungGen: 843922K->256K(811136K)] 1033351K->189789K(1498112K), 0.0077320 secs] [Times: user=0.02 sys=0.00, real=0.01 secs] 
2014-07-16T06:36:01.989+0000: 1740.989: [GC [PSYoungGen: 811136K->288K(780480K)] 1000669K->189925K(1467456K), 0.0156990 secs] [Times: user=0.06 sys=0.00, real=0.02 secs] 
2014-07-16T06:36:03.709+0000: 1742.710: [GC [PSYoungGen: 780448K->306K(751168K)] 970085K->190007K(1438144K), 0.0172660 secs] [Times: user=0.07 sys=0.00, real=0.02 secs] 
2014-07-16T06:36:05.350+0000: 1744.351: [GC [PSYoungGen: 751152K->580K(723584K)] 940853K->190361K(1410560K), 0.0170780 secs] [Times: user=0.06 sys=0.00, real=0.02 secs] 
2014-07-16T06:36:06.947+0000: 1745.947: [GC [PSYoungGen: 723524K->868K(697216K)] 913305K->190721K(1384192K), 0.0090700 secs] [Times: user=0.02 sys=0.00, real=0.01 secs] 
2014-07-16T06:36:08.464+0000: 1747.465: [GC [PSYoungGen: 697135K->388K(671360K)] 886988K->190385K(1358336K), 0.0076380 secs] [Times: user=0.01 sys=0.00, real=0.01 secs] 
2014-07-16T06:36:09.917+0000: 1748.917: [GC [PSYoungGen: 671300K->288K(647040K)] 861297K->190429K(1334016K), 0.0049290 secs] [Times: user=0.02 sys=0.00, real=0.00 secs] 
2014-07-16T06:36:11.324+0000: 1750.325: [GC [PSYoungGen: 647008K->338K(624000K)] 837149K->190551K(1310976K), 0.0049810 secs] [Times: user=0.01 sys=0.00, real=0.00 secs] 
2014-07-16T06:36:12.683+0000: 1751.684: [GC [PSYoungGen: 623954K->192K(601792K)] 814167K->190453K(1288768K), 0.0092910 secs] [Times: user=0.02 sys=0.01, real=0.01 secs] 
2014-07-16T06:36:14.045+0000: 1753.046: [GC [PSYoungGen: 601792K->338K(580928K)] 792053K->190639K(1267904K), 0.0059890 secs] [Times: user=0.01 sys=0.01, real=0.00 secs] 
2014-07-16T06:36:15.293+0000: 1754.294: [GC [PSYoungGen: 580880K->324K(560832K)] 771182K->190721K(1247808K), 0.0133140 secs] [Times: user=0.05 sys=0.00, real=0.01 secs] 
2014-07-16T06:36:16.589+0000: 1755.589: [GC [PSYoungGen: 560772K->594K(541952K)] 751169K->191039K(1228928K), 0.0052300 secs] [Times: user=0.01 sys=0.00, real=0.01 secs] 
2014-07-16T06:36:17.752+0000: 1756.753: [GC [PSYoungGen: 541906K->434K(523456K)] 732351K->191015K(1210432K), 0.0252610 secs] [Times: user=0.10 sys=0.00, real=0.03 secs] 
2014-07-16T06:36:18.955+0000: 1757.956: [GC [PSYoungGen: 523441K->698K(628352K)] 714022K->191351K(1315328K), 0.0147440 secs] [Times: user=0.05 sys=0.00, real=0.01 secs] 
2014-07-16T06:36:20.319+0000: 1759.319: [GC [PSYoungGen: 628346K->384K(753600K)] 818999K->191197K(1440576K), 0.0123720 secs] [Times: user=0.04 sys=0.00, real=0.01 secs] 
2014-07-16T06:36:21.979+0000: 1760.979: [GC [PSYoungGen: 753600K->822K(726016K)] 944413K->191723K(1412992K), 0.0088520 secs] [Times: user=0.02 sys=0.00, real=0.01 secs] 
2014-07-16T06:36:23.610+0000: 1762.611: [GC [PSYoungGen: 726006K->626K(699136K)] 916907K->191591K(1386112K), 0.0038580 secs] [Times: user=0.01 sys=0.00, real=0.00 secs] 
2014-07-16T06:36:25.109+0000: 1764.109: [GC [PSYoungGen: 699122K->224K(673280K)] 890087K->191285K(1360256K), 0.0104100 secs] [Times: user=0.04 sys=0.00, real=0.01 secs] 
2014-07-16T06:36:26.585+0000: 1765.586: [GC [PSYoungGen: 673248K->516K(649280K)] 864309K->191641K(1336256K), 0.0040430 secs] [Times: user=0.01 sys=0.01, real=0.00 secs] 
2014-07-16T06:36:27.990+0000: 1766.991: [GC [PSYoungGen: 649220K->402K(625984K)] 840345K->191639K(1312960K), 0.0068370 secs] [Times: user=0.01 sys=0.00, real=0.01 secs] 
2014-07-16T06:36:29.388+0000: 1768.389: [GC [PSYoungGen: 625873K->516K(603968K)] 817111K->191849K(1290944K), 0.0170490 secs] [Times: user=0.07 sys=0.00, real=0.02 secs] 
2014-07-16T06:36:30.692+0000: 1769.693: [GC [PSYoungGen: 603869K->716K(583040K)] 795203K->192177K(1270016K), 0.0182220 secs] [Times: user=0.06 sys=0.00, real=0.02 secs] 
2014-07-16T06:36:31.960+0000: 1770.961: [GC [PSYoungGen: 582988K->448K(562560K)] 774449K->191989K(1249536K), 0.0067680 secs] [Times: user=0.01 sys=0.00, real=0.01 secs] 
2014-07-16T06:36:33.266+0000: 1772.267: [GC [PSYoungGen: 562560K->932K(543808K)] 754101K->192793K(1230784K), 0.0071060 secs] [Times: user=0.03 sys=0.00, real=0.00 secs] 
2014-07-16T06:36:34.381+0000: 1773.382: [GC [PSYoungGen: 543780K->352K(524864K)] 735641K->192277K(1211840K), 0.0174410 secs] [Times: user=0.06 sys=0.00, real=0.02 secs] 
2014-07-16T06:36:35.531+0000: 1774.532: [GC [PSYoungGen: 524832K->402K(507392K)] 716757K->192447K(1194368K), 0.0042900 secs] [Times: user=0.01 sys=0.00, real=0.00 secs] 
2014-07-16T06:36:36.636+0000: 1775.637: [GC [PSYoungGen: 507346K->320K(490496K)] 699391K->192445K(1177472K), 0.0143710 secs] [Times: user=0.05 sys=0.00, real=0.01 secs] 
2014-07-16T06:36:37.695+0000: 1776.696: [GC [PSYoungGen: 490496K->288K(474496K)] 682621K->192509K(1161472K), 0.0115850 secs] [Times: user=0.03 sys=0.00, real=0.02 secs] 
2014-07-16T06:36:38.749+0000: 1777.750: [GC [PSYoungGen: 474464K->352K(459200K)] 666685K->192645K(1146176K), 0.0071250 secs] [Times: user=0.01 sys=0.00, real=0.01 secs] 
2014-07-16T06:36:39.744+0000: 1778.745: [GC [PSYoungGen: 459168K->242K(444416K)] 651461K->192639K(1131392K), 0.0050780 secs] [Times: user=0.01 sys=0.00, real=0.01 secs] 
2014-07-16T06:36:40.716+0000: 1779.717: [GC [PSYoungGen: 444402K->306K(430464K)] 636799K->192759K(1117440K), 0.0110050 secs] [Times: user=0.04 sys=0.00, real=0.01 secs] 
2014-07-16T06:36:41.656+0000: 1780.656: [GC [PSYoungGen: 430380K->256K(516480K)] 622834K->192757K(1203456K), 0.0218150 secs] [Times: user=0.07 sys=0.00, real=0.03 secs] 
2014-07-16T06:36:42.781+0000: 1781.782: [GC [PSYoungGen: 516432K->320K(619840K)] 708934K->192877K(1306816K), 0.0141720 secs] [Times: user=0.05 sys=0.00, real=0.01 secs] 
2014-07-16T06:36:44.170+0000: 1783.170: [GC [PSYoungGen: 619840K->320K(743744K)] 812397K->192925K(1430720K), 0.0155260 secs] [Times: user=0.06 sys=0.00, real=0.01 secs] 
2014-07-16T06:36:45.825+0000: 1784.826: [GC [PSYoungGen: 743744K->480K(892672K)] 936349K->193197K(1579648K), 0.0108550 secs] [Times: user=0.02 sys=0.00, real=0.01 secs] 
2014-07-16T06:36:47.778+0000: 1786.778: [GC [PSYoungGen: 892587K->356K(857984K)] 1085305K->193185K(1544960K), 0.0079930 secs] [Times: user=0.01 sys=0.00, real=0.00 secs] 
2014-07-16T06:36:49.675+0000: 1788.676: [GC [PSYoungGen: 857956K->466K(825152K)] 1050785K->193439K(1512128K), 0.0064180 secs] [Times: user=0.01 sys=0.00, real=0.01 secs] 
2014-07-16T06:36:51.467+0000: 1790.468: [GC [PSYoungGen: 825092K->324K(793664K)] 1018066K->193425K(1480640K), 0.0048310 secs] [Times: user=0.01 sys=0.00, real=0.01 secs] 
2014-07-16T06:36:53.207+0000: 1792.208: [GC [PSYoungGen: 793597K->274K(763712K)] 986699K->193423K(1450688K), 0.0050470 secs] [Times: user=0.01 sys=0.00, real=0.01 secs] 
2014-07-16T06:36:54.905+0000: 1793.906: [GC [PSYoungGen: 763666K->320K(735232K)] 956815K->193517K(1422208K), 0.0055010 secs] [Times: user=0.01 sys=0.00, real=0.01 secs] 
2014-07-16T06:36:56.538+0000: 1795.538: [GC [PSYoungGen: 735232K->576K(708288K)] 928429K->193901K(1395264K), 0.0077280 secs] [Times: user=0.01 sys=0.00, real=0.01 secs] 
2014-07-16T06:36:58.154+0000: 1797.154: [GC [PSYoungGen: 708288K->576K(682368K)] 901613K->194069K(1369344K), 0.0208060 secs] [Times: user=0.08 sys=0.00, real=0.02 secs] 
2014-07-16T06:36:59.636+0000: 1798.637: [GC [PSYoungGen: 682368K->256K(657344K)] 875861K->193941K(1344320K), 0.0061370 secs] [Times: user=0.02 sys=0.00, real=0.01 secs] 
2014-07-16T06:37:01.064+0000: 1800.064: [GC [PSYoungGen: 657344K->498K(634048K)] 851029K->194255K(1321024K), 0.0144070 secs] [Times: user=0.06 sys=0.00, real=0.01 secs] 
2014-07-16T06:37:02.442+0000: 1801.443: [GC [PSYoungGen: 633983K->388K(611520K)] 827740K->194209K(1298496K), 0.0071020 secs] [Times: user=0.02 sys=0.01, real=0.00 secs] 
2014-07-16T06:37:03.864+0000: 1802.865: [GC [PSYoungGen: 611441K->548K(590208K)] 805262K->194417K(1277184K), 0.0120810 secs] [Times: user=0.04 sys=0.00, real=0.01 secs] 
2014-07-16T06:37:05.133+0000: 1804.134: [GC [PSYoungGen: 590180K->530K(569728K)] 784049K->194511K(1256704K), 0.0124120 secs] [Times: user=0.05 sys=0.00, real=0.01 secs] 
2014-07-16T06:37:06.355+0000: 1805.355: [GC [PSYoungGen: 569682K->466K(550080K)] 763663K->194511K(1237056K), 0.0129470 secs] [Times: user=0.05 sys=0.00, real=0.01 secs] 
2014-07-16T06:37:07.574+0000: 1806.575: [GC [PSYoungGen: 550034K->562K(531456K)] 744079K->194719K(1218432K), 0.0181980 secs] [Times: user=0.06 sys=0.00, real=0.02 secs] 
2014-07-16T06:37:08.824+0000: 1807.825: [GC [PSYoungGen: 531442K->822K(637888K)] 725599K->195451K(1324864K), 0.0323310 secs] [Times: user=0.11 sys=0.00, real=0.03 secs] 
2014-07-16T06:37:10.142+0000: 1809.143: [GC [PSYoungGen: 637802K->306K(764800K)] 832431K->195121K(1451776K), 0.0134010 secs] [Times: user=0.05 sys=0.00, real=0.01 secs] 
2014-07-16T06:37:11.804+0000: 1810.805: [GC [PSYoungGen: 764786K->274K(917696K)] 959601K->195275K(1604672K), 0.0051160 secs] [Times: user=0.01 sys=0.01, real=0.00 secs] 
2014-07-16T06:37:13.911+0000: 1812.912: [GC [PSYoungGen: 917650K->1024K(882624K)] 1112651K->196169K(1569600K), 0.0179380 secs] [Times: user=0.07 sys=0.00, real=0.01 secs] 
2014-07-16T06:37:15.742+0000: 1814.742: [GC [PSYoungGen: 882624K->256K(847808K)] 1077769K->195481K(1534784K), 0.0053710 secs] [Times: user=0.01 sys=0.00, real=0.01 secs] 
2014-07-16T06:37:17.625+0000: 1816.625: [GC [PSYoungGen: 847808K->644K(815808K)] 1043033K->195981K(1502784K), 0.0220070 secs] [Times: user=0.07 sys=0.00, real=0.02 secs] 
2014-07-16T06:37:19.460+0000: 1818.460: [GC [PSYoungGen: 815748K->644K(784896K)] 1011085K->196165K(1471872K), 0.0122360 secs] [Times: user=0.05 sys=0.00, real=0.01 secs] 
2014-07-16T06:37:21.142+0000: 1820.142: [GC [PSYoungGen: 784836K->242K(941312K)] 980357K->195923K(1628288K), 0.0268510 secs] [Times: user=0.10 sys=0.00, real=0.03 secs] 
2014-07-16T06:37:23.185+0000: 1822.186: [GC [PSYoungGen: 941298K->274K(904448K)] 1136979K->196011K(1591424K), 0.0173060 secs] [Times: user=0.07 sys=0.00, real=0.01 secs] 
2014-07-16T06:37:25.193+0000: 1824.193: [GC [PSYoungGen: 904329K->516K(869568K)] 1100067K->196317K(1556544K), 0.0107230 secs] [Times: user=0.04 sys=0.00, real=0.02 secs] 
2014-07-16T06:37:27.090+0000: 1826.090: [GC [PSYoungGen: 869508K->580K(1043456K)] 1065309K->196517K(1730432K), 0.0379780 secs] [Times: user=0.12 sys=0.00, real=0.04 secs] 
2014-07-16T06:37:29.332+0000: 1828.333: [GC [PSYoungGen: 1043396K->722K(1252160K)] 1239333K->196835K(1939136K), 0.0248610 secs] [Times: user=0.09 sys=0.00, real=0.03 secs] 
2014-07-16T06:37:31.612+0000: 1830.613: [GC [PSYoungGen: 1252080K->288K(1199872K)] 1448193K->196585K(1886848K), 0.0054150 secs] [Times: user=0.01 sys=0.00, real=0.01 secs] 
2014-07-16T06:37:33.871+0000: 1832.872: [GC [PSYoungGen: 1199840K->384K(1150592K)] 1396137K->196769K(1837568K), 0.0194730 secs] [Times: user=0.07 sys=0.00, real=0.02 secs] 
2014-07-16T06:37:36.207+0000: 1835.208: [GC [PSYoungGen: 1150592K->658K(1103936K)] 1346977K->197163K(1790912K), 0.0256670 secs] [Times: user=0.09 sys=0.00, real=0.02 secs] 
2014-07-16T06:37:38.364+0000: 1837.365: [GC [PSYoungGen: 1103890K->832K(1059392K)] 1300395K->197521K(1746368K), 0.0137020 secs] [Times: user=0.04 sys=0.00, real=0.02 secs] 
2014-07-16T06:37:40.399+0000: 1839.400: [GC [PSYoungGen: 1059392K->512K(1270784K)] 1256081K->197385K(1957760K), 0.0427000 secs] [Times: user=0.16 sys=0.00, real=0.04 secs] 
2014-07-16T06:37:42.767+0000: 1841.768: [GC [PSYoungGen: 1270784K->384K(1217856K)] 1467657K->197393K(1904832K), 0.0055270 secs] [Times: user=0.01 sys=0.00, real=0.00 secs] 
2014-07-16T06:37:45.168+0000: 1844.169: [GC [PSYoungGen: 1217856K->544K(1167872K)] 1414865K->197641K(1854848K), 0.0121350 secs] [Times: user=0.04 sys=0.00, real=0.01 secs] 
2014-07-16T06:37:47.451+0000: 1846.452: [GC [PSYoungGen: 1167840K->722K(1120256K)] 1364937K->197955K(1807232K), 0.0272680 secs] [Times: user=0.10 sys=0.00, real=0.03 secs] 
2014-07-16T06:37:49.680+0000: 1848.680: [GC [PSYoungGen: 1120210K->530K(1074624K)] 1317443K->197939K(1761600K), 0.0058530 secs] [Times: user=0.01 sys=0.00, real=0.00 secs] 
2014-07-16T06:37:51.643+0000: 1850.644: [GC [PSYoungGen: 1074578K->466K(1031296K)] 1271987K->198067K(1718272K), 0.0339290 secs] [Times: user=0.13 sys=0.00, real=0.04 secs] 
2014-07-16T06:37:53.553+0000: 1852.554: [GC [PSYoungGen: 1031250K->448K(990016K)] 1228851K->198121K(1676992K), 0.0120760 secs] [Times: user=0.03 sys=0.00, real=0.01 secs] 
2014-07-16T06:37:55.580+0000: 1854.581: [GC [PSYoungGen: 990016K->512K(950848K)] 1187689K->198281K(1637824K), 0.0112740 secs] [Times: user=0.04 sys=0.00, real=0.01 secs] 
2014-07-16T06:37:57.450+0000: 1856.451: [GC [PSYoungGen: 950766K->708K(913728K)] 1148536K->198645K(1600704K), 0.0208070 secs] [Times: user=0.07 sys=0.00, real=0.02 secs] 
2014-07-16T06:37:59.191+0000: 1858.192: [GC [PSYoungGen: 913668K->548K(877952K)] 1111605K->198645K(1564928K), 0.0168380 secs] [Times: user=0.06 sys=0.00, real=0.01 secs] 
2014-07-16T06:38:00.846+0000: 1859.846: [GC [PSYoungGen: 877924K->338K(843904K)] 1076021K->198571K(1530880K), 0.0146670 secs] [Times: user=0.06 sys=0.00, real=0.02 secs] 
2014-07-16T06:38:02.383+0000: 1861.384: [GC [PSYoungGen: 843839K->352K(811648K)] 1042073K->198705K(1498624K), 0.0120090 secs] [Times: user=0.03 sys=0.00, real=0.01 secs] 
2014-07-16T06:38:03.827+0000: 1862.828: [GC [PSYoungGen: 811616K->754K(781312K)] 1009969K->199195K(1468288K), 0.0080770 secs] [Times: user=0.01 sys=0.00, real=0.01 secs] 
2014-07-16T06:38:05.420+0000: 1864.420: [GC [PSYoungGen: 781298K->576K(751808K)] 979739K->199089K(1438784K), 0.0099910 secs] [Times: user=0.04 sys=0.00, real=0.01 secs] 
2014-07-16T06:38:06.937+0000: 1865.938: [GC [PSYoungGen: 751808K->658K(724032K)] 950321K->199315K(1411008K), 0.0122480 secs] [Times: user=0.05 sys=0.00, real=0.02 secs] 
2014-07-16T06:38:08.328+0000: 1867.329: [GC [PSYoungGen: 723979K->516K(697280K)] 922637K->199325K(1384256K), 0.0172120 secs] [Times: user=0.06 sys=0.00, real=0.02 secs] 
2014-07-16T06:38:09.704+0000: 1868.705: [GC [PSYoungGen: 697220K->790K(672128K)] 896029K->199711K(1359104K), 0.0054840 secs] [Times: user=0.02 sys=0.00, real=0.00 secs] 
2014-07-16T06:38:11.146+0000: 1870.147: [GC [PSYoungGen: 672086K->434K(647552K)] 871007K->199451K(1334528K), 0.0093440 secs] [Times: user=0.03 sys=0.01, real=0.01 secs] 
2014-07-16T06:38:12.349+0000: 1871.349: [GC [PSYoungGen: 647538K->352K(776960K)] 846555K->199505K(1463936K), 0.0301410 secs] [Times: user=0.12 sys=0.00, real=0.03 secs] 
2014-07-16T06:38:13.910+0000: 1872.911: [GC [PSYoungGen: 776928K->516K(748032K)] 976081K->199725K(1435008K), 0.0054260 secs] [Times: user=0.02 sys=0.00, real=0.01 secs] 
2014-07-16T06:38:15.536+0000: 1874.536: [GC [PSYoungGen: 747972K->530K(897536K)] 947181K->199835K(1584512K), 0.0228010 secs] [Times: user=0.07 sys=0.00, real=0.02 secs] 
2014-07-16T06:38:17.280+0000: 1876.281: [GC [PSYoungGen: 897490K->480K(1076864K)] 1096795K->199921K(1763840K), 0.0148010 secs] [Times: user=0.05 sys=0.00, real=0.02 secs] 
2014-07-16T06:38:19.384+0000: 1878.385: [GC [PSYoungGen: 1076769K->384K(1033344K)] 1276211K->199977K(1720320K), 0.0111960 secs] [Times: user=0.02 sys=0.00, real=0.01 secs] 
2014-07-16T06:38:21.367+0000: 1880.368: [GC [PSYoungGen: 1033344K->498K(992192K)] 1232937K->200259K(1679168K), 0.0061770 secs] [Times: user=0.02 sys=0.00, real=0.01 secs] 
2014-07-16T06:38:23.185+0000: 1882.186: [GC [PSYoungGen: 992124K->420K(952832K)] 1191885K->200285K(1639808K), 0.0100280 secs] [Times: user=0.04 sys=0.00, real=0.01 secs] 
2014-07-16T06:38:24.964+0000: 1883.965: [GC [PSYoungGen: 952804K->452K(915456K)] 1152669K->200381K(1602432K), 0.0064910 secs] [Times: user=0.02 sys=0.00, real=0.00 secs] 
2014-07-16T06:38:26.861+0000: 1885.862: [GC [PSYoungGen: 915396K->740K(880064K)] 1115325K->201077K(1567040K), 0.0106150 secs] [Times: user=0.02 sys=0.00, real=0.01 secs] 
2014-07-16T06:38:28.615+0000: 1887.615: [GC [PSYoungGen: 880036K->320K(845632K)] 1080373K->201075K(1532608K), 0.0204750 secs] [Times: user=0.06 sys=0.00, real=0.02 secs] 
2014-07-16T06:38:30.308+0000: 1889.309: [GC [PSYoungGen: 845632K->1014K(1015424K)] 1046387K->202289K(1702400K), 0.0522950 secs] [Times: user=0.19 sys=0.00, real=0.05 secs] 
2014-07-16T06:38:32.127+0000: 1891.127: [GC [PSYoungGen: 1015414K->416K(1217728K)] 1216689K->201859K(1904704K), 0.0146360 secs] [Times: user=0.04 sys=0.00, real=0.01 secs] 
2014-07-16T06:38:34.422+0000: 1893.423: [GC [PSYoungGen: 1217696K->320K(1461056K)] 1419139K->201883K(2148032K), 0.0285340 secs] [Times: user=0.10 sys=0.00, real=0.03 secs] 
2014-07-16T06:38:37.438+0000: 1896.439: [GC [PSYoungGen: 1461056K->992K(1650496K)] 1662619K->202651K(2337472K), 0.0150150 secs] [Times: user=0.04 sys=0.00, real=0.01 secs] 
2014-07-16T06:38:40.644+0000: 1899.645: [GC [PSYoungGen: 1650106K->726K(1578624K)] 1851766K->202649K(2265600K), 0.0168450 secs] [Times: user=0.06 sys=0.00, real=0.02 secs] 
2014-07-16T06:38:43.579+0000: 1902.580: [GC [PSYoungGen: 1578582K->416K(1510528K)] 1780505K->202547K(2197504K), 0.0188770 secs] [Times: user=0.07 sys=0.00, real=0.02 secs] 
2014-07-16T06:38:46.563+0000: 1905.564: [GC [PSYoungGen: 1510496K->890K(1446528K)] 1712627K->203149K(2133504K), 0.0351410 secs] [Times: user=0.13 sys=0.00, real=0.04 secs] 
2014-07-16T06:38:49.523+0000: 1908.523: [GC [PSYoungGen: 1446522K->932K(1385280K)] 1648781K->203439K(2072256K), 0.0303780 secs] [Times: user=0.09 sys=0.00, real=0.03 secs] 
2014-07-16T06:38:52.181+0000: 1911.181: [GC [PSYoungGen: 1385252K->498K(1326528K)] 1587759K->203269K(2013504K), 0.0100610 secs] [Times: user=0.03 sys=0.00, real=0.01 secs] 
2014-07-16T06:38:54.563+0000: 1913.564: [GC [PSYoungGen: 1326514K->256K(1270784K)] 1529285K->203171K(1957760K), 0.0069770 secs] [Times: user=0.03 sys=0.00, real=0.01 secs] 
2014-07-16T06:38:57.153+0000: 1916.154: [GC [PSYoungGen: 1270784K->448K(1525120K)] 1473699K->203435K(2212096K), 0.0745970 secs] [Times: user=0.28 sys=0.00, real=0.08 secs] 
2014-07-16T06:39:00.145+0000: 1919.146: [GC [PSYoungGen: 1525120K->658K(1646144K)] 1728107K->203877K(2333120K), 0.0132640 secs] [Times: user=0.05 sys=0.00, real=0.02 secs] 
2014-07-16T06:39:03.293+0000: 1922.294: [GC [PSYoungGen: 1645458K->416K(1574208K)] 1848677K->203835K(2261184K), 0.0122980 secs] [Times: user=0.03 sys=0.00, real=0.01 secs] 
2014-07-16T06:39:06.319+0000: 1925.319: [GC [PSYoungGen: 1574154K->790K(1507008K)] 1777574K->204369K(2193984K), 0.0060880 secs] [Times: user=0.01 sys=0.00, real=0.01 secs] 
2014-07-16T06:39:09.198+0000: 1928.199: [GC [PSYoungGen: 1506966K->658K(1442624K)] 1710545K->204445K(2129600K), 0.0139280 secs] [Times: user=0.06 sys=0.00, real=0.02 secs] 
2014-07-16T06:39:12.077+0000: 1931.078: [GC [PSYoungGen: 1442578K->530K(1381376K)] 1646365K->204533K(2068352K), 0.0120840 secs] [Times: user=0.04 sys=0.00, real=0.02 secs] 
2014-07-16T06:39:14.793+0000: 1933.793: [GC [PSYoungGen: 1381330K->402K(1323072K)] 1585333K->204573K(2010048K), 0.0056780 secs] [Times: user=0.02 sys=0.00, real=0.00 secs] 
2014-07-16T06:39:17.503+0000: 1936.503: [GC [PSYoungGen: 1323026K->786K(1268160K)] 1527197K->205109K(1955136K), 0.0130090 secs] [Times: user=0.05 sys=0.00, real=0.01 secs] 
2014-07-16T06:39:19.917+0000: 1938.917: [GC [PSYoungGen: 1268114K->512K(1215232K)] 1472437K->205091K(1902208K), 0.0175150 secs] [Times: user=0.05 sys=0.00, real=0.02 secs] 
2014-07-16T06:39:22.292+0000: 1941.293: [GC [PSYoungGen: 1215232K->288K(1164992K)] 1419811K->205019K(1851968K), 0.0166120 secs] [Times: user=0.06 sys=0.00, real=0.01 secs] 
2014-07-16T06:39:24.464+0000: 1943.464: [GC [PSYoungGen: 1164960K->338K(1117376K)] 1369691K->205197K(1804352K), 0.0041670 secs] [Times: user=0.02 sys=0.00, real=0.00 secs] 
2014-07-16T06:39:26.746+0000: 1945.746: [GC [PSYoungGen: 1117330K->1124K(1072768K)] 1322189K->206079K(1759744K), 0.0110480 secs] [Times: user=0.03 sys=0.00, real=0.01 secs] 
2014-07-16T06:39:28.757+0000: 1947.758: [GC [PSYoungGen: 1072740K->772K(1029312K)] 1277695K->205943K(1716288K), 0.0075340 secs] [Times: user=0.01 sys=0.00, real=0.01 secs] 
2014-07-16T06:39:30.788+0000: 1949.789: [GC [PSYoungGen: 1029252K->530K(987968K)] 1234423K->205837K(1674944K), 0.0045460 secs] [Times: user=0.02 sys=0.00, real=0.01 secs] 
2014-07-16T06:39:32.642+0000: 1951.643: [GC [PSYoungGen: 987922K->370K(948672K)] 1193229K->205813K(1635648K), 0.0049790 secs] [Times: user=0.01 sys=0.00, real=0.01 secs] 
2014-07-16T06:39:34.395+0000: 1953.396: [GC [PSYoungGen: 948658K->402K(911488K)] 1154101K->205933K(1598464K), 0.0222120 secs] [Times: user=0.07 sys=0.00, real=0.02 secs] 
2014-07-16T06:39:36.133+0000: 1955.134: [GC [PSYoungGen: 911440K->548K(876160K)] 1116972K->206143K(1563136K), 0.0123670 secs] [Times: user=0.04 sys=0.00, real=0.01 secs] 
2014-07-16T06:39:37.858+0000: 1956.859: [GC [PSYoungGen: 876132K->758K(1051520K)] 1081727K->206497K(1738496K), 0.0389880 secs] [Times: user=0.13 sys=0.00, real=0.04 secs] 
2014-07-16T06:39:39.893+0000: 1958.894: [GC [PSYoungGen: 1051441K->452K(1009088K)] 1257181K->206343K(1696064K), 0.0061030 secs] [Times: user=0.01 sys=0.00, real=0.01 secs] 
2014-07-16T06:39:41.910+0000: 1960.911: [GC [PSYoungGen: 1009028K->416K(968896K)] 1214919K->206435K(1655872K), 0.0157720 secs] [Times: user=0.06 sys=0.00, real=0.02 secs] 
2014-07-16T06:39:43.716+0000: 1962.716: [GC [PSYoungGen: 968864K->402K(930688K)] 1174883K->206533K(1617664K), 0.0051880 secs] [Times: user=0.01 sys=0.00, real=0.00 secs] 
2014-07-16T06:39:45.463+0000: 1964.464: [GC [PSYoungGen: 930642K->192K(894016K)] 1136773K->206379K(1580992K), 0.0050740 secs] [Times: user=0.01 sys=0.00, real=0.01 secs] 
2014-07-16T06:39:47.294+0000: 1966.295: [GC [PSYoungGen: 894016K->762K(859904K)] 1100203K->207021K(1546880K), 0.0057080 secs] [Times: user=0.02 sys=0.00, real=0.01 secs] 
2014-07-16T06:39:48.905+0000: 1967.906: [GC [PSYoungGen: 859840K->598K(826752K)] 1066100K->207057K(1513728K), 0.0067000 secs] [Times: user=0.02 sys=0.01, real=0.00 secs] 
2014-07-16T06:39:50.458+0000: 1969.458: [GC [PSYoungGen: 826710K->498K(795200K)] 1033169K->207053K(1482176K), 0.0060620 secs] [Times: user=0.01 sys=0.00, real=0.00 secs] 
2014-07-16T06:39:52.085+0000: 1971.085: [GC [PSYoungGen: 795186K->512K(765248K)] 1001741K->207179K(1452224K), 0.0094880 secs] [Times: user=0.04 sys=0.00, real=0.01 secs] 
2014-07-16T06:39:53.459+0000: 1972.460: [GC [PSYoungGen: 765248K->768K(736960K)] 971915K->207539K(1423936K), 0.0046670 secs] [Times: user=0.01 sys=0.00, real=0.00 secs] 
2014-07-16T06:39:54.793+0000: 1973.793: [GC [PSYoungGen: 736960K->434K(709376K)] 943731K->207269K(1396352K), 0.0100220 secs] [Times: user=0.03 sys=0.00, real=0.01 secs] 
2014-07-16T06:39:56.104+0000: 1975.105: [GC [PSYoungGen: 709362K->1014K(683968K)] 916197K->207953K(1370944K), 0.0055810 secs] [Times: user=0.02 sys=0.00, real=0.01 secs] 
2014-07-16T06:39:57.548+0000: 1976.549: [GC [PSYoungGen: 683958K->626K(658816K)] 890897K->207661K(1345792K), 0.0186520 secs] [Times: user=0.08 sys=0.00, real=0.02 secs] 
2014-07-16T06:39:58.844+0000: 1977.845: [GC [PSYoungGen: 658802K->1110K(635712K)] 865837K->208329K(1322688K), 0.0146180 secs] [Times: user=0.06 sys=0.00, real=0.02 secs] 
2014-07-16T06:40:00.122+0000: 1979.123: [GC [PSYoungGen: 635670K->448K(612480K)] 842889K->207771K(1299456K), 0.0203540 secs] [Times: user=0.07 sys=0.00, real=0.02 secs] 
2014-07-16T06:40:01.351+0000: 1980.351: [GC [PSYoungGen: 612480K->434K(590976K)] 819803K->207861K(1277952K), 0.0116580 secs] [Times: user=0.03 sys=0.00, real=0.01 secs] 
2014-07-16T06:40:02.593+0000: 1981.594: [GC [PSYoungGen: 590962K->448K(570432K)] 798389K->207955K(1257408K), 0.0122900 secs] [Times: user=0.04 sys=0.00, real=0.01 secs] 
2014-07-16T06:40:03.674+0000: 1982.675: [GC [PSYoungGen: 570432K->708K(684800K)] 777939K->208303K(1371776K), 0.0125150 secs] [Times: user=0.04 sys=0.01, real=0.01 secs] 
2014-07-16T06:40:04.996+0000: 1983.997: [GC [PSYoungGen: 684740K->580K(821504K)] 892335K->208247K(1508480K), 0.0205880 secs] [Times: user=0.07 sys=0.00, real=0.02 secs] 
2014-07-16T06:40:06.564+0000: 1985.565: [GC [PSYoungGen: 821444K->608K(985728K)] 1029111K->208339K(1672704K), 0.0162470 secs] [Times: user=0.05 sys=0.00, real=0.02 secs] 
2014-07-16T06:40:08.613+0000: 1987.614: [GC [PSYoungGen: 985689K->1046K(947136K)] 1193421K->208913K(1634112K), 0.0069400 secs] [Times: user=0.02 sys=0.00, real=0.01 secs] 
2014-07-16T06:40:10.566+0000: 1989.567: [GC [PSYoungGen: 947094K->1046K(910016K)] 1154961K->209121K(1596992K), 0.0072630 secs] [Times: user=0.02 sys=0.00, real=0.01 secs] 
2014-07-16T06:40:12.378+0000: 1991.378: [GC [PSYoungGen: 909907K->320K(873856K)] 1117982K->208687K(1560832K), 0.0073490 secs] [Times: user=0.02 sys=0.00, real=0.01 secs] 
2014-07-16T06:40:14.003+0000: 1993.003: [GC [PSYoungGen: 873856K->498K(840384K)] 1082223K->208977K(1527360K), 0.0138370 secs] [Times: user=0.03 sys=0.00, real=0.01 secs] 
2014-07-16T06:40:15.587+0000: 1994.587: [GC [PSYoungGen: 840370K->530K(808320K)] 1048849K->209065K(1495296K), 0.0089510 secs] [Times: user=0.03 sys=0.00, real=0.01 secs] 
2014-07-16T06:40:17.268+0000: 1996.269: [GC [PSYoungGen: 808274K->562K(777728K)] 1016809K->209169K(1464704K), 0.0057200 secs] [Times: user=0.01 sys=0.00, real=0.01 secs] 
2014-07-16T06:40:18.791+0000: 1997.792: [GC [PSYoungGen: 777714K->516K(748608K)] 986321K->209283K(1435584K), 0.0057280 secs] [Times: user=0.02 sys=0.00, real=0.00 secs] 
2014-07-16T06:40:20.254+0000: 1999.255: [GC [PSYoungGen: 748548K->434K(720704K)] 957315K->209329K(1407680K), 0.0054380 secs] [Times: user=0.01 sys=0.01, real=0.00 secs] 
2014-07-16T06:40:21.684+0000: 2000.685: [GC [PSYoungGen: 720690K->836K(694656K)] 929585K->209835K(1381632K), 0.0170280 secs] [Times: user=0.07 sys=0.00, real=0.02 secs] 
2014-07-16T06:40:23.011+0000: 2002.012: [GC [PSYoungGen: 694596K->516K(669056K)] 903595K->209619K(1356032K), 0.0080780 secs] [Times: user=0.03 sys=0.00, real=0.00 secs] 
2014-07-16T06:40:24.282+0000: 2003.283: [GC [PSYoungGen: 668996K->384K(644800K)] 878099K->209567K(1331776K), 0.0036370 secs] [Times: user=0.01 sys=0.00, real=0.00 secs] 
2014-07-16T06:40:25.499+0000: 2004.499: [GC [PSYoungGen: 644747K->566K(622016K)] 853931K->209821K(1308992K), 0.0094080 secs] [Times: user=0.04 sys=0.00, real=0.01 secs] 
2014-07-16T06:40:26.695+0000: 2005.695: [GC [PSYoungGen: 622006K->512K(600000K)] 831261K->209831K(1286976K), 0.0126200 secs] [Times: user=0.05 sys=0.00, real=0.01 secs] 
2014-07-16T06:40:27.968+0000: 2006.969: [GC [PSYoungGen: 600000K->1000K(579584K)] 809319K->210439K(1266560K), 0.0152760 secs] [Times: user=0.04 sys=0.00, real=0.02 secs] 
2014-07-16T06:40:29.094+0000: 2008.095: [GC [PSYoungGen: 579543K->498K(694784K)] 788983K->210097K(1381760K), 0.0184150 secs] [Times: user=0.06 sys=0.00, real=0.02 secs] 
2014-07-16T06:40:30.499+0000: 2009.500: [GC [PSYoungGen: 694770K->630K(669632K)] 904369K->210317K(1356608K), 0.0082850 secs] [Times: user=0.02 sys=0.00, real=0.01 secs] 
2014-07-16T06:40:31.852+0000: 2010.852: [GC [PSYoungGen: 669622K->658K(645568K)] 879309K->210441K(1332544K), 0.0044680 secs] [Times: user=0.02 sys=0.00, real=0.01 secs] 
2014-07-16T06:40:33.120+0000: 2012.121: [GC [PSYoungGen: 645522K->964K(622912K)] 855305K->210827K(1309888K), 0.0072010 secs] [Times: user=0.03 sys=0.00, real=0.01 secs] 
2014-07-16T06:40:34.303+0000: 2013.304: [GC [PSYoungGen: 622852K->384K(600320K)] 832715K->210311K(1287296K), 0.0055410 secs] [Times: user=0.02 sys=0.00, real=0.00 secs] 
2014-07-16T06:40:35.413+0000: 2014.414: [GC [PSYoungGen: 600235K->420K(579456K)] 810163K->210411K(1266432K), 0.0195150 secs] [Times: user=0.08 sys=0.00, real=0.02 secs] 
2014-07-16T06:40:36.496+0000: 2015.497: [GC [PSYoungGen: 579355K->662K(559680K)] 789347K->210733K(1246656K), 0.0110010 secs] [Times: user=0.04 sys=0.00, real=0.01 secs] 
2014-07-16T06:40:37.658+0000: 2016.659: [GC [PSYoungGen: 559638K->594K(671424K)] 769709K->210753K(1358400K), 0.0192770 secs] [Times: user=0.07 sys=0.00, real=0.02 secs] 
2014-07-16T06:40:38.902+0000: 2017.902: [GC [PSYoungGen: 671378K->452K(805504K)] 881537K->210755K(1492480K), 0.0149030 secs] [Times: user=0.05 sys=0.00, real=0.02 secs] 
2014-07-16T06:40:40.473+0000: 2019.474: [GC [PSYoungGen: 805362K->644K(775232K)] 1015665K->211019K(1462208K), 0.0058760 secs] [Times: user=0.01 sys=0.00, real=0.00 secs] 
2014-07-16T06:40:42.042+0000: 2021.043: [GC [PSYoungGen: 775171K->448K(745920K)] 985547K->210927K(1432896K), 0.0139230 secs] [Times: user=0.06 sys=0.00, real=0.02 secs] 
2014-07-16T06:40:43.599+0000: 2022.600: [GC [PSYoungGen: 745920K->416K(718272K)] 956399K->210999K(1405248K), 0.0079720 secs] [Times: user=0.03 sys=0.00, real=0.01 secs] 
2014-07-16T06:40:45.004+0000: 2024.005: [GC [PSYoungGen: 718240K->708K(862208K)] 928823K->211395K(1549184K), 0.0222970 secs] [Times: user=0.08 sys=0.00, real=0.03 secs] 
2014-07-16T06:40:46.671+0000: 2025.671: [GC [PSYoungGen: 862148K->708K(829056K)] 1072835K->211459K(1516032K), 0.0157090 secs] [Times: user=0.06 sys=0.00, real=0.02 secs] 
2014-07-16T06:40:48.441+0000: 2027.442: [GC [PSYoungGen: 828996K->576K(797312K)] 1039747K->211719K(1484288K), 0.0099130 secs] [Times: user=0.02 sys=0.00, real=0.01 secs] 
2014-07-16T06:40:49.954+0000: 2028.954: [GC [PSYoungGen: 797312K->1124K(767808K)] 1008455K->212579K(1454784K), 0.0102370 secs] [Times: user=0.02 sys=0.00, real=0.02 secs] 
2014-07-16T06:40:51.432+0000: 2030.433: [GC [PSYoungGen: 767780K->640K(738624K)] 979235K->212335K(1425600K), 0.0115480 secs] [Times: user=0.04 sys=0.00, real=0.01 secs] 
2014-07-16T06:40:53.059+0000: 2032.060: [GC [PSYoungGen: 738554K->726K(711424K)] 950250K->212533K(1398400K), 0.0063630 secs] [Times: user=0.02 sys=0.00, real=0.01 secs] 
2014-07-16T06:40:54.462+0000: 2033.463: [GC [PSYoungGen: 711382K->320K(684928K)] 923189K->212263K(1371904K), 0.0051830 secs] [Times: user=0.02 sys=0.00, real=0.01 secs] 
2014-07-16T06:40:55.772+0000: 2034.773: [GC [PSYoungGen: 684928K->608K(660416K)] 896871K->212623K(1347392K), 0.0043750 secs] [Times: user=0.01 sys=0.01, real=0.01 secs] 
2014-07-16T06:40:57.057+0000: 2036.057: [GC [PSYoungGen: 660384K->434K(636544K)] 872399K->212529K(1323520K), 0.0138240 secs] [Times: user=0.06 sys=0.00, real=0.01 secs] 
2014-07-16T06:40:58.350+0000: 2037.351: [GC [PSYoungGen: 636530K->452K(614016K)] 848625K->212659K(1300992K), 0.0042540 secs] [Times: user=0.01 sys=0.01, real=0.00 secs] 
2014-07-16T06:40:59.544+0000: 2038.545: [GC [PSYoungGen: 613956K->416K(736704K)] 826163K->212767K(1423680K), 0.0304170 secs] [Times: user=0.10 sys=0.01, real=0.03 secs] 
2014-07-16T06:41:01.007+0000: 2040.008: [GC [PSYoungGen: 736665K->352K(709376K)] 949017K->212783K(1396352K), 0.0056940 secs] [Times: user=0.01 sys=0.00, real=0.00 secs] 
2014-07-16T06:41:02.452+0000: 2041.453: [GC [PSYoungGen: 709344K->256K(683264K)] 921775K->212783K(1370240K), 0.0192910 secs] [Times: user=0.06 sys=0.00, real=0.02 secs] 
2014-07-16T06:41:03.858+0000: 2042.859: [GC [PSYoungGen: 683264K->512K(658752K)] 895791K->213127K(1345728K), 0.0056140 secs] [Times: user=0.02 sys=0.00, real=0.00 secs] 
2014-07-16T06:41:05.131+0000: 2044.132: [GC [PSYoungGen: 658752K->448K(635072K)] 871367K->213183K(1322048K), 0.0065240 secs] [Times: user=0.02 sys=0.00, real=0.01 secs] 
2014-07-16T06:41:06.319+0000: 2045.319: [GC [PSYoungGen: 635072K->800K(612928K)] 847807K->213647K(1299904K), 0.0172640 secs] [Times: user=0.04 sys=0.00, real=0.01 secs] 
2014-07-16T06:41:07.422+0000: 2046.422: [GC [PSYoungGen: 612896K->352K(734912K)] 825743K->213295K(1421888K), 0.0216120 secs] [Times: user=0.07 sys=0.00, real=0.02 secs] 
2014-07-16T06:41:08.916+0000: 2047.917: [GC [PSYoungGen: 734845K->512K(881984K)] 947788K->213527K(1568960K), 0.0181100 secs] [Times: user=0.06 sys=0.00, real=0.02 secs] 
2014-07-16T06:41:10.604+0000: 2049.604: [GC [PSYoungGen: 881984K->548K(1058368K)] 1094999K->213723K(1745344K), 0.0108410 secs] [Times: user=0.04 sys=0.00, real=0.01 secs] 
2014-07-16T06:41:12.742+0000: 2051.743: [GC [PSYoungGen: 1058340K->384K(1015680K)] 1271515K->213655K(1702656K), 0.0045910 secs] [Times: user=0.01 sys=0.00, real=0.00 secs] 
2014-07-16T06:41:14.677+0000: 2053.678: [GC [PSYoungGen: 1015680K->320K(975168K)] 1228951K->213695K(1662144K), 0.0053820 secs] [Times: user=0.01 sys=0.00, real=0.01 secs] 
2014-07-16T06:41:16.500+0000: 2055.500: [GC [PSYoungGen: 975154K->452K(936832K)] 1188529K->213931K(1623808K), 0.0128760 secs] [Times: user=0.04 sys=0.00, real=0.01 secs] 
2014-07-16T06:41:18.344+0000: 2057.345: [GC [PSYoungGen: 936772K->544K(900224K)] 1150251K->214127K(1587200K), 0.0168440 secs] [Times: user=0.06 sys=0.00, real=0.02 secs] 
2014-07-16T06:41:20.139+0000: 2059.140: [GC [PSYoungGen: 900192K->608K(865344K)] 1113775K->214375K(1552320K), 0.0122810 secs] [Times: user=0.04 sys=0.00, real=0.01 secs] 
2014-07-16T06:41:21.870+0000: 2060.870: [GC [PSYoungGen: 865312K->658K(832128K)] 1079079K->214561K(1519104K), 0.0108640 secs] [Times: user=0.02 sys=0.00, real=0.01 secs] 
2014-07-16T06:41:23.498+0000: 2062.499: [GC [PSYoungGen: 832078K->416K(800192K)] 1045981K->214415K(1487168K), 0.0059830 secs] [Times: user=0.02 sys=0.00, real=0.01 secs] 
2014-07-16T06:41:24.981+0000: 2063.981: [GC [PSYoungGen: 800160K->288K(769856K)] 1014159K->214391K(1456832K), 0.0136970 secs] [Times: user=0.06 sys=0.00, real=0.01 secs] 
2014-07-16T06:41:26.407+0000: 2065.408: [GC [PSYoungGen: 769824K->388K(923904K)] 983927K->214563K(1610880K), 0.0306740 secs] [Times: user=0.10 sys=0.00, real=0.03 secs] 
2014-07-16T06:41:28.230+0000: 2067.230: [GC [PSYoungGen: 923844K->882K(1109056K)] 1138019K->215393K(1796032K), 0.0255220 secs] [Times: user=0.06 sys=0.00, real=0.03 secs] 
2014-07-16T06:41:30.302+0000: 2069.302: [GC [PSYoungGen: 1109042K->672K(1063936K)] 1323553K->215319K(1750912K), 0.0062450 secs] [Times: user=0.02 sys=0.00, real=0.00 secs] 
2014-07-16T06:41:32.402+0000: 2071.403: [GC [PSYoungGen: 1063904K->768K(1021248K)] 1278551K->215647K(1708224K), 0.0132680 secs] [Times: user=0.05 sys=0.00, real=0.01 secs] 
2014-07-16T06:41:34.463+0000: 2073.464: [GC [PSYoungGen: 1021248K->484K(980288K)] 1236127K->215491K(1667264K), 0.0057220 secs] [Times: user=0.02 sys=0.00, real=0.00 secs] 
2014-07-16T06:41:36.273+0000: 2075.274: [GC [PSYoungGen: 980258K->722K(941760K)] 1195266K->215873K(1628736K), 0.0127920 secs] [Times: user=0.05 sys=0.00, real=0.01 secs] 
2014-07-16T06:41:38.067+0000: 2077.067: [GC [PSYoungGen: 941714K->772K(904896K)] 1156865K->216019K(1591872K), 0.0193640 secs] [Times: user=0.07 sys=0.00, real=0.02 secs] 
2014-07-16T06:41:39.895+0000: 2078.896: [GC [PSYoungGen: 904836K->712K(869696K)] 1120083K->216103K(1556672K), 0.0164810 secs] [Times: user=0.06 sys=0.00, real=0.02 secs] 
2014-07-16T06:41:41.683+0000: 2080.684: [GC [PSYoungGen: 869640K->548K(836032K)] 1085031K->216099K(1523008K), 0.0137570 secs] [Times: user=0.05 sys=0.00, real=0.01 secs] 
2014-07-16T06:41:43.473+0000: 2082.474: [GC [PSYoungGen: 835987K->1010K(804608K)] 1051539K->216841K(1491584K), 0.0065890 secs] [Times: user=0.02 sys=0.00, real=0.00 secs] 
2014-07-16T06:41:44.901+0000: 2083.902: [GC [PSYoungGen: 804594K->420K(773632K)] 1020425K->216371K(1460608K), 0.0057520 secs] [Times: user=0.01 sys=0.00, real=0.01 secs] 
2014-07-16T06:41:46.311+0000: 2085.312: [GC [PSYoungGen: 773604K->498K(744704K)] 989555K->216553K(1431680K), 0.0177490 secs] [Times: user=0.07 sys=0.00, real=0.02 secs] 
2014-07-16T06:41:47.651+0000: 2086.652: [GC [PSYoungGen: 744690K->416K(717056K)] 960745K->216559K(1404032K), 0.0118000 secs] [Times: user=0.04 sys=0.00, real=0.02 secs] 
2014-07-16T06:41:49.212+0000: 2088.212: [GC [PSYoungGen: 717024K->544K(690880K)] 933167K->216759K(1377856K), 0.0062790 secs] [Times: user=0.01 sys=0.01, real=0.01 secs] 
2014-07-16T06:41:50.565+0000: 2089.565: [GC [PSYoungGen: 690775K->854K(666112K)] 906991K->217269K(1353088K), 0.0158160 secs] [Times: user=0.04 sys=0.00, real=0.01 secs] 
2014-07-16T06:41:51.883+0000: 2090.884: [GC [PSYoungGen: 666070K->352K(641664K)] 882485K->216847K(1328640K), 0.0188560 secs] [Times: user=0.07 sys=0.00, real=0.02 secs] 
2014-07-16T06:41:53.169+0000: 2092.169: [GC [PSYoungGen: 641632K->544K(619008K)] 858127K->217135K(1305984K), 0.0041360 secs] [Times: user=0.02 sys=0.00, real=0.00 secs] 
2014-07-16T06:41:54.415+0000: 2093.416: [GC [PSYoungGen: 618976K->370K(596992K)] 835567K->217033K(1283968K), 0.0061530 secs] [Times: user=0.03 sys=0.00, real=0.00 secs] 
2014-07-16T06:41:55.510+0000: 2094.511: [GC [PSYoungGen: 596978K->402K(576256K)] 813641K->217153K(1263232K), 0.0059510 secs] [Times: user=0.01 sys=0.00, real=0.01 secs] 
2014-07-16T06:41:56.612+0000: 2095.613: [GC [PSYoungGen: 576210K->384K(556352K)] 792961K->217183K(1243328K), 0.0124430 secs] [Times: user=0.04 sys=0.00, real=0.02 secs] 
2014-07-16T06:41:57.663+0000: 2096.663: [GC [PSYoungGen: 556352K->452K(537536K)] 773151K->217347K(1224512K), 0.0098020 secs] [Times: user=0.04 sys=0.00, real=0.01 secs] 
2014-07-16T06:41:58.806+0000: 2097.806: [GC [PSYoungGen: 537476K->1078K(645568K)] 754371K->218229K(1332544K), 0.0229840 secs] [Times: user=0.08 sys=0.00, real=0.02 secs] 
2014-07-16T06:42:00.024+0000: 2099.024: [GC [PSYoungGen: 645521K->498K(622016K)] 862673K->217769K(1308992K), 0.0058630 secs] [Times: user=0.01 sys=0.00, real=0.01 secs] 
2014-07-16T06:42:01.249+0000: 2100.250: [GC [PSYoungGen: 621959K->648K(746560K)] 839230K->218055K(1433536K), 0.0183840 secs] [Times: user=0.07 sys=0.00, real=0.02 secs] 
2014-07-16T06:42:02.708+0000: 2101.709: [GC [PSYoungGen: 746504K->448K(895488K)] 963911K->217927K(1582464K), 0.0148410 secs] [Times: user=0.06 sys=0.00, real=0.01 secs] 
2014-07-16T06:42:04.566+0000: 2103.567: [GC [PSYoungGen: 895488K->726K(1074816K)] 1112967K->218277K(1761792K), 0.0215430 secs] [Times: user=0.08 sys=0.00, real=0.02 secs] 
2014-07-16T06:42:06.567+0000: 2105.568: [GC [PSYoungGen: 1074774K->384K(1031168K)] 1292325K->218079K(1718144K), 0.0105280 secs] [Times: user=0.04 sys=0.00, real=0.01 secs] 
2014-07-16T06:42:08.464+0000: 2107.465: [GC [PSYoungGen: 1031168K->256K(989824K)] 1248863K->218071K(1676800K), 0.0053670 secs] [Times: user=0.01 sys=0.00, real=0.01 secs] 
2014-07-16T06:42:10.432+0000: 2109.433: [GC [PSYoungGen: 989824K->626K(950976K)] 1207639K->218569K(1637952K), 0.0334190 secs] [Times: user=0.12 sys=0.00, real=0.03 secs] 
2014-07-16T06:42:12.312+0000: 2111.313: [GC [PSYoungGen: 950962K->736K(913728K)] 1168905K->218831K(1600704K), 0.0043480 secs] [Times: user=0.01 sys=0.00, real=0.00 secs] 
2014-07-16T06:42:14.167+0000: 2113.168: [GC [PSYoungGen: 913696K->448K(877824K)] 1131791K->218639K(1564800K), 0.0118000 secs] [Times: user=0.03 sys=0.00, real=0.01 secs] 
2014-07-16T06:42:15.880+0000: 2114.880: [GC [PSYoungGen: 877823K->530K(844096K)] 1096015K->218841K(1531072K), 0.0118160 secs] [Times: user=0.04 sys=0.00, real=0.01 secs] 
2014-07-16T06:42:17.522+0000: 2116.522: [GC [PSYoungGen: 844050K->562K(811840K)] 1062361K->218993K(1498816K), 0.0156650 secs] [Times: user=0.05 sys=0.00, real=0.01 secs] 
2014-07-16T06:42:19.168+0000: 2118.169: [GC [PSYoungGen: 811826K->1010K(781568K)] 1030257K->219593K(1468544K), 0.0121260 secs] [Times: user=0.04 sys=0.00, real=0.01 secs] 
2014-07-16T06:42:20.717+0000: 2119.718: [GC [PSYoungGen: 781554K->498K(751744K)] 1000137K->219225K(1438720K), 0.0226380 secs] [Times: user=0.08 sys=0.00, real=0.03 secs] 
2014-07-16T06:42:22.201+0000: 2121.201: [GC [PSYoungGen: 751730K->580K(902144K)] 970457K->219427K(1589120K), 0.0197340 secs] [Times: user=0.07 sys=0.01, real=0.02 secs] 
2014-07-16T06:42:24.130+0000: 2123.130: [GC [PSYoungGen: 902074K->1138K(867648K)] 1120922K->220193K(1554624K), 0.0172660 secs] [Times: user=0.05 sys=0.00, real=0.01 secs] 
2014-07-16T06:42:25.728+0000: 2124.728: [GC [PSYoungGen: 867634K->552K(833728K)] 1086689K->219807K(1520704K), 0.0106000 secs] [Times: user=0.02 sys=0.01, real=0.01 secs] 
2014-07-16T06:42:27.266+0000: 2126.267: [GC [PSYoungGen: 833704K->612K(801984K)] 1052959K->220003K(1488960K), 0.0051360 secs] [Times: user=0.01 sys=0.00, real=0.01 secs] 
2014-07-16T06:42:28.742+0000: 2127.742: [GC [PSYoungGen: 801956K->352K(771456K)] 1021347K->219863K(1458432K), 0.0116360 secs] [Times: user=0.03 sys=0.01, real=0.01 secs] 
2014-07-16T06:42:30.328+0000: 2129.328: [GC [PSYoungGen: 771424K->352K(742592K)] 990935K->219983K(1429568K), 0.0186880 secs] [Times: user=0.07 sys=0.00, real=0.02 secs] 
2014-07-16T06:42:31.824+0000: 2130.825: [GC [PSYoungGen: 742560K->896K(715584K)] 962191K->220671K(1402560K), 0.0052230 secs] [Times: user=0.02 sys=0.00, real=0.00 secs] 
2014-07-16T06:42:33.170+0000: 2132.171: [GC [PSYoungGen: 715584K->804K(689280K)] 935359K->220667K(1376256K), 0.0235030 secs] [Times: user=0.08 sys=0.00, real=0.03 secs] 
2014-07-16T06:42:34.603+0000: 2133.604: [GC [PSYoungGen: 689252K->416K(663872K)] 909115K->220335K(1350848K), 0.0059550 secs] [Times: user=0.02 sys=0.00, real=0.00 secs] 
2014-07-16T06:42:35.826+0000: 2134.827: [GC [PSYoungGen: 663840K->480K(796672K)] 883759K->220527K(1483648K), 0.0212420 secs] [Times: user=0.08 sys=0.00, real=0.02 secs] 
2014-07-16T06:42:37.280+0000: 2136.281: [GC [PSYoungGen: 796640K->402K(766592K)] 1016687K->220521K(1453568K), 0.0079090 secs] [Times: user=0.01 sys=0.00, real=0.01 secs] 
2014-07-16T06:42:38.679+0000: 2137.679: [GC [PSYoungGen: 766546K->530K(920000K)] 986665K->220753K(1606976K), 0.0216520 secs] [Times: user=0.07 sys=0.00, real=0.02 secs] 
2014-07-16T06:42:40.498+0000: 2139.499: [GC [PSYoungGen: 919954K->466K(884032K)] 1140177K->220801K(1571008K), 0.0099910 secs] [Times: user=0.03 sys=0.01, real=0.01 secs] 
2014-07-16T06:42:42.347+0000: 2141.347: [GC [PSYoungGen: 883986K->1000K(850368K)] 1104321K->221471K(1537344K), 0.0074770 secs] [Times: user=0.01 sys=0.00, real=0.01 secs] 
2014-07-16T06:42:43.999+0000: 2142.999: [GC [PSYoungGen: 850344K->448K(817216K)] 1070815K->221063K(1504192K), 0.0061790 secs] [Times: user=0.02 sys=0.00, real=0.01 secs] 
2014-07-16T06:42:45.612+0000: 2144.613: [GC [PSYoungGen: 817216K->662K(786432K)] 1037831K->221357K(1473408K), 0.0217070 secs] [Times: user=0.08 sys=0.00, real=0.02 secs] 
2014-07-16T06:42:47.092+0000: 2146.093: [GC [PSYoungGen: 786390K->480K(756672K)] 1007085K->221295K(1443648K), 0.0164380 secs] [Times: user=0.06 sys=0.00, real=0.01 secs] 
2014-07-16T06:42:48.526+0000: 2147.527: [GC [PSYoungGen: 756640K->530K(728576K)] 977455K->221473K(1415552K), 0.0090470 secs] [Times: user=0.04 sys=0.00, real=0.01 secs] 
2014-07-16T06:42:49.949+0000: 2148.950: [GC [PSYoungGen: 728530K->868K(702016K)] 949473K->221907K(1388992K), 0.0048540 secs] [Times: user=0.02 sys=0.00, real=0.01 secs] 
2014-07-16T06:42:51.267+0000: 2150.268: [GC [PSYoungGen: 701985K->516K(676096K)] 923025K->221667K(1363072K), 0.0226740 secs] [Times: user=0.08 sys=0.00, real=0.02 secs] 
2014-07-16T06:42:52.543+0000: 2151.544: [GC [PSYoungGen: 676036K->434K(811072K)] 897187K->221649K(1498048K), 0.0220900 secs] [Times: user=0.08 sys=0.00, real=0.02 secs] 
2014-07-16T06:42:54.130+0000: 2153.131: [GC [PSYoungGen: 811058K->288K(973120K)] 1032273K->221567K(1660096K), 0.0220030 secs] [Times: user=0.08 sys=0.00, real=0.02 secs] 
2014-07-16T06:42:55.928+0000: 2154.929: [GC [PSYoungGen: 973088K->320K(934720K)] 1194367K->221687K(1621696K), 0.0053740 secs] [Times: user=0.01 sys=0.00, real=0.01 secs] 
2014-07-16T06:42:57.657+0000: 2156.658: [GC [PSYoungGen: 934720K->544K(898368K)] 1156087K->222007K(1585344K), 0.0166930 secs] [Times: user=0.06 sys=0.01, real=0.02 secs] 
2014-07-16T06:42:59.319+0000: 2158.320: [GC [PSYoungGen: 898336K->630K(863616K)] 1119799K->222213K(1550592K), 0.0181650 secs] [Times: user=0.07 sys=0.00, real=0.02 secs] 
2014-07-16T06:43:01.192+0000: 2160.192: [GC [PSYoungGen: 863578K->484K(830272K)] 1085162K->222195K(1517248K), 0.0094520 secs] [Times: user=0.03 sys=0.00, real=0.01 secs] 
2014-07-16T06:43:02.801+0000: 2161.802: [GC [PSYoungGen: 830244K->548K(798720K)] 1051955K->222411K(1485696K), 0.0148930 secs] [Times: user=0.05 sys=0.00, real=0.02 secs] 
2014-07-16T06:43:04.363+0000: 2163.364: [GC [PSYoungGen: 798692K->416K(768448K)] 1020555K->222351K(1455424K), 0.0155350 secs] [Times: user=0.05 sys=0.00, real=0.02 secs] 
2014-07-16T06:43:05.922+0000: 2164.923: [GC [PSYoungGen: 768416K->658K(739968K)] 990351K->222665K(1426944K), 0.0052390 secs] [Times: user=0.01 sys=0.00, real=0.01 secs] 
2014-07-16T06:43:07.315+0000: 2166.316: [GC [PSYoungGen: 739922K->402K(712320K)] 961929K->222537K(1399296K), 0.0124540 secs] [Times: user=0.04 sys=0.00, real=0.01 secs] 
2014-07-16T06:43:08.644+0000: 2167.645: [GC [PSYoungGen: 712262K->320K(686080K)] 934398K->222575K(1373056K), 0.0115240 secs] [Times: user=0.03 sys=0.00, real=0.02 secs] 
2014-07-16T06:43:10.035+0000: 2169.035: [GC [PSYoungGen: 686080K->960K(661824K)] 908335K->223495K(1348800K), 0.0113570 secs] [Times: user=0.03 sys=0.00, real=0.02 secs] 
2014-07-16T06:43:11.244+0000: 2170.245: [GC [PSYoungGen: 661824K->516K(637696K)] 884359K->223131K(1324672K), 0.0037570 secs] [Times: user=0.01 sys=0.00, real=0.01 secs] 
2014-07-16T06:43:12.439+0000: 2171.440: [GC [PSYoungGen: 637636K->512K(614976K)] 860251K->223231K(1301952K), 0.0072670 secs] [Times: user=0.03 sys=0.00, real=0.01 secs] 
2014-07-16T06:43:13.575+0000: 2172.576: [GC [PSYoungGen: 614976K->224K(593088K)] 837695K->223007K(1280064K), 0.0118760 secs] [Times: user=0.04 sys=0.01, real=0.02 secs] 
2014-07-16T06:43:14.843+0000: 2173.844: [GC [PSYoungGen: 593056K->498K(572736K)] 815839K->223337K(1259712K), 0.0148490 secs] [Times: user=0.06 sys=0.00, real=0.02 secs] 
2014-07-16T06:43:16.151+0000: 2175.152: [GC [PSYoungGen: 572722K->512K(687232K)] 795561K->223471K(1374208K), 0.0352570 secs] [Times: user=0.12 sys=0.00, real=0.04 secs] 
2014-07-16T06:43:17.505+0000: 2176.505: [GC [PSYoungGen: 687232K->512K(824576K)] 910191K->223631K(1511552K), 0.0217740 secs] [Times: user=0.08 sys=0.00, real=0.02 secs] 
2014-07-16T06:43:19.081+0000: 2178.082: [GC [PSYoungGen: 824576K->868K(989824K)] 1047695K->224115K(1676800K), 0.0209800 secs] [Times: user=0.07 sys=0.00, real=0.02 secs] 
2014-07-16T06:43:21.209+0000: 2180.210: [GC [PSYoungGen: 989796K->676K(1187456K)] 1213043K->224035K(1874432K), 0.0049430 secs] [Times: user=0.01 sys=0.00, real=0.00 secs] 
2014-07-16T06:43:23.583+0000: 2182.583: [GC [PSYoungGen: 1187428K->498K(1138560K)] 1410787K->224025K(1825536K), 0.0169450 secs] [Times: user=0.06 sys=0.00, real=0.02 secs] 
2014-07-16T06:43:25.908+0000: 2184.909: [GC [PSYoungGen: 1138546K->384K(1092096K)] 1362073K->224047K(1779072K), 0.0096430 secs] [Times: user=0.03 sys=0.00, real=0.00 secs] 
2014-07-16T06:43:27.949+0000: 2186.950: [GC [PSYoungGen: 1092096K->648K(1048256K)] 1315759K->224471K(1735232K), 0.0053670 secs] [Times: user=0.02 sys=0.00, real=0.00 secs] 
2014-07-16T06:43:29.890+0000: 2188.891: [GC [PSYoungGen: 1048200K->320K(1005888K)] 1272023K->224287K(1692864K), 0.0168140 secs] [Times: user=0.06 sys=0.00, real=0.01 secs] 
2014-07-16T06:43:31.919+0000: 2190.920: [GC [PSYoungGen: 1005888K->672K(966272K)] 1229855K->224783K(1653248K), 0.0170700 secs] [Times: user=0.06 sys=0.00, real=0.01 secs] 
2014-07-16T06:43:33.832+0000: 2192.832: [GC [PSYoungGen: 966240K->562K(928064K)] 1190351K->224809K(1615040K), 0.0058190 secs] [Times: user=0.02 sys=0.00, real=0.00 secs] 
2014-07-16T06:43:35.768+0000: 2194.769: [GC [PSYoungGen: 928043K->562K(891776K)] 1152291K->224905K(1578752K), 0.0047090 secs] [Times: user=0.01 sys=0.00, real=0.01 secs] 
2014-07-16T06:43:37.372+0000: 2196.373: [GC [PSYoungGen: 891762K->384K(857024K)] 1116105K->224879K(1544000K), 0.0069650 secs] [Times: user=0.02 sys=0.00, real=0.00 secs] 
2014-07-16T06:43:38.942+0000: 2197.943: [GC [PSYoungGen: 857024K->416K(824192K)] 1081519K->225023K(1511168K), 0.0054370 secs] [Times: user=0.02 sys=0.00, real=0.00 secs] 
2014-07-16T06:43:40.465+0000: 2199.466: [GC [PSYoungGen: 824113K->896K(793280K)] 1048720K->225663K(1480256K), 0.0102360 secs] [Times: user=0.01 sys=0.01, real=0.01 secs] 
2014-07-16T06:43:42.060+0000: 2201.060: [GC [PSYoungGen: 793280K->512K(763008K)] 1018047K->225367K(1449984K), 0.0068420 secs] [Times: user=0.01 sys=0.00, real=0.01 secs] 
2014-07-16T06:43:43.595+0000: 2202.596: [GC [PSYoungGen: 763007K->950K(734976K)] 987863K->225917K(1421952K), 0.0235010 secs] [Times: user=0.09 sys=0.00, real=0.02 secs] 
2014-07-16T06:43:45.021+0000: 2204.022: [GC [PSYoungGen: 734966K->580K(707520K)] 959933K->225643K(1394496K), 0.0185700 secs] [Times: user=0.06 sys=0.01, real=0.01 secs] 
2014-07-16T06:43:46.546+0000: 2205.547: [GC [PSYoungGen: 707460K->544K(848832K)] 932523K->225695K(1535808K), 0.0301670 secs] [Times: user=0.10 sys=0.00, real=0.03 secs] 
2014-07-16T06:43:48.154+0000: 2207.155: [GC [PSYoungGen: 848800K->370K(816128K)] 1073951K->225697K(1503104K), 0.0063710 secs] [Times: user=0.01 sys=0.00, real=0.00 secs] 
2014-07-16T06:43:49.646+0000: 2208.647: [GC [PSYoungGen: 816114K->370K(785152K)] 1041441K->225817K(1472128K), 0.0091370 secs] [Times: user=0.04 sys=0.00, real=0.01 secs] 
2014-07-16T06:43:51.276+0000: 2210.277: [GC [PSYoungGen: 785124K->772K(756096K)] 1010572K->226315K(1443072K), 0.0048360 secs] [Times: user=0.01 sys=0.00, real=0.00 secs] 
2014-07-16T06:43:52.707+0000: 2211.707: [GC [PSYoungGen: 756036K->630K(727808K)] 981579K->226317K(1414784K), 0.0137190 secs] [Times: user=0.04 sys=0.00, real=0.01 secs] 
2014-07-16T06:43:54.212+0000: 2213.212: [GC [PSYoungGen: 727798K->544K(700928K)] 953485K->226303K(1387904K), 0.0174000 secs] [Times: user=0.05 sys=0.00, real=0.02 secs] 
2014-07-16T06:43:55.635+0000: 2214.636: [GC [PSYoungGen: 700896K->640K(675456K)] 926655K->226495K(1362432K), 0.0064290 secs] [Times: user=0.01 sys=0.00, real=0.00 secs] 
2014-07-16T06:43:57.089+0000: 2216.090: [GC [PSYoungGen: 675456K->448K(650880K)] 901311K->226407K(1337856K), 0.0108890 secs] [Times: user=0.04 sys=0.00, real=0.01 secs] 
2014-07-16T06:43:58.330+0000: 2217.331: [GC [PSYoungGen: 650779K->406K(627648K)] 876739K->226533K(1314624K), 0.0059530 secs] [Times: user=0.01 sys=0.00, real=0.01 secs] 
2014-07-16T06:43:59.527+0000: 2218.528: [GC [PSYoungGen: 627606K->352K(753024K)] 853733K->226575K(1440000K), 0.0323290 secs] [Times: user=0.12 sys=0.00, real=0.03 secs] 
2014-07-16T06:44:01.087+0000: 2220.088: [GC [PSYoungGen: 752992K->896K(725504K)] 979215K->227199K(1412480K), 0.0056460 secs] [Times: user=0.01 sys=0.00, real=0.00 secs] 
2014-07-16T06:44:02.461+0000: 2221.462: [GC [PSYoungGen: 725504K->594K(698560K)] 951807K->227025K(1385536K), 0.0135320 secs] [Times: user=0.05 sys=0.00, real=0.02 secs] 
2014-07-16T06:44:03.836+0000: 2222.837: [GC [PSYoungGen: 698514K->384K(672832K)] 924945K->226879K(1359808K), 0.0068960 secs] [Times: user=0.01 sys=0.00, real=0.00 secs] 
2014-07-16T06:44:05.224+0000: 2224.224: [GC [PSYoungGen: 672735K->584K(648832K)] 899231K->227151K(1335808K), 0.0057610 secs] [Times: user=0.01 sys=0.00, real=0.01 secs] 
2014-07-16T06:44:06.638+0000: 2225.639: [GC [PSYoungGen: 648776K->576K(625600K)] 875343K->227239K(1312576K), 0.0202070 secs] [Times: user=0.07 sys=0.00, real=0.02 secs] 
2014-07-16T06:44:07.850+0000: 2226.851: [GC [PSYoungGen: 625600K->548K(750656K)] 852263K->227387K(1437632K), 0.0192030 secs] [Times: user=0.08 sys=0.00, real=0.02 secs] 
2014-07-16T06:44:09.277+0000: 2228.278: [GC [PSYoungGen: 750626K->420K(722624K)] 977465K->227339K(1409600K), 0.0053290 secs] [Times: user=0.01 sys=0.00, real=0.00 secs] 
2014-07-16T06:44:10.651+0000: 2229.652: [GC [PSYoungGen: 722596K->580K(867264K)] 949515K->227619K(1554240K), 0.0295120 secs] [Times: user=0.10 sys=0.00, real=0.03 secs] 
2014-07-16T06:44:12.485+0000: 2231.486: [GC [PSYoungGen: 867132K->416K(833728K)] 1094172K->227551K(1520704K), 0.0071730 secs] [Times: user=0.02 sys=0.00, real=0.00 secs] 
2014-07-16T06:44:14.067+0000: 2233.068: [GC [PSYoungGen: 833696K->224K(801728K)] 1060831K->227487K(1488704K), 0.0059890 secs] [Times: user=0.02 sys=0.00, real=0.00 secs] 
2014-07-16T06:44:15.693+0000: 2234.694: [GC [PSYoungGen: 801648K->434K(771648K)] 1028912K->227769K(1458624K), 0.0241120 secs] [Times: user=0.10 sys=0.00, real=0.03 secs] 
2014-07-16T06:44:17.262+0000: 2236.263: [GC [PSYoungGen: 771535K->886K(743232K)] 998871K->228453K(1430208K), 0.0061080 secs] [Times: user=0.02 sys=0.01, real=0.01 secs] 
2014-07-16T06:44:18.628+0000: 2237.629: [GC [PSYoungGen: 743222K->352K(715200K)] 970789K->228071K(1402176K), 0.0138080 secs] [Times: user=0.03 sys=0.01, real=0.01 secs] 
2014-07-16T06:44:19.943+0000: 2238.943: [GC [PSYoungGen: 715168K->516K(689152K)] 942887K->228371K(1376128K), 0.0085040 secs] [Times: user=0.03 sys=0.00, real=0.01 secs] 
2014-07-16T06:44:21.321+0000: 2240.321: [GC [PSYoungGen: 689092K->996K(664576K)] 916947K->229059K(1351552K), 0.0086880 secs] [Times: user=0.03 sys=0.00, real=0.01 secs] 
2014-07-16T06:44:22.557+0000: 2241.558: [GC [PSYoungGen: 664548K->498K(640192K)] 892611K->229027K(1327168K), 0.0070520 secs] [Times: user=0.02 sys=0.00, real=0.01 secs] 
2014-07-16T06:44:23.764+0000: 2242.764: [GC [PSYoungGen: 640178K->818K(617728K)] 868707K->229475K(1304704K), 0.0121440 secs] [Times: user=0.04 sys=0.00, real=0.01 secs] 
2014-07-16T06:44:24.911+0000: 2243.912: [GC [PSYoungGen: 617714K->502K(595712K)] 846371K->229295K(1282688K), 0.0042610 secs] [Times: user=0.02 sys=0.00, real=0.00 secs] 
2014-07-16T06:44:26.032+0000: 2245.033: [GC [PSYoungGen: 595702K->388K(574912K)] 824495K->229237K(1261888K), 0.0118600 secs] [Times: user=0.03 sys=0.00, real=0.01 secs] 
2014-07-16T06:44:27.252+0000: 2246.252: [GC [PSYoungGen: 574852K->644K(555392K)] 803701K->229573K(1242368K), 0.0109040 secs] [Times: user=0.04 sys=0.00, real=0.01 secs] 
2014-07-16T06:44:28.267+0000: 2247.267: [GC [PSYoungGen: 555274K->388K(666112K)] 784204K->229485K(1353088K), 0.0246060 secs] [Times: user=0.09 sys=0.00, real=0.03 secs] 
2014-07-16T06:44:29.549+0000: 2248.550: [GC [PSYoungGen: 666052K->448K(799296K)] 895149K->229609K(1486272K), 0.0150380 secs] [Times: user=0.06 sys=0.00, real=0.01 secs] 
2014-07-16T06:44:31.087+0000: 2250.087: [GC [PSYoungGen: 799296K->384K(959040K)] 1028457K->229641K(1646016K), 0.0158930 secs] [Times: user=0.05 sys=0.00, real=0.02 secs] 
2014-07-16T06:44:32.942+0000: 2251.942: [GC [PSYoungGen: 959040K->530K(1150976K)] 1188297K->229867K(1837952K), 0.0205870 secs] [Times: user=0.08 sys=0.00, real=0.02 secs] 
2014-07-16T06:44:35.251+0000: 2254.251: [GC [PSYoungGen: 1150930K->726K(1381248K)] 1380267K->230167K(2068224K), 0.0173870 secs] [Times: user=0.05 sys=0.00, real=0.01 secs] 
2014-07-16T06:44:38.095+0000: 2257.096: [GC [PSYoungGen: 1381206K->708K(1323136K)] 1610647K->230277K(2010112K), 0.0205260 secs] [Times: user=0.07 sys=0.00, real=0.02 secs] 
2014-07-16T06:44:40.489+0000: 2259.490: [GC [PSYoungGen: 1323076K->320K(1267392K)] 1552645K->230169K(1954368K), 0.0170030 secs] [Times: user=0.06 sys=0.00, real=0.01 secs] 
2014-07-16T06:44:42.970+0000: 2261.971: [GC [PSYoungGen: 1267392K->530K(1215040K)] 1497241K->230483K(1902016K), 0.0211670 secs] [Times: user=0.08 sys=0.00, real=0.02 secs] 
2014-07-16T06:44:45.355+0000: 2264.356: [GC [PSYoungGen: 1214994K->726K(1165184K)] 1444947K->230831K(1852160K), 0.0121520 secs] [Times: user=0.03 sys=0.00, real=0.01 secs] 
2014-07-16T06:44:47.770+0000: 2266.771: [GC [PSYoungGen: 1165142K->672K(1117504K)] 1395247K->230913K(1804480K), 0.0103760 secs] [Times: user=0.01 sys=0.00, real=0.01 secs] 
2014-07-16T06:44:49.841+0000: 2268.842: [GC [PSYoungGen: 1117472K->434K(1071936K)] 1347713K->230915K(1758912K), 0.0057810 secs] [Times: user=0.02 sys=0.00, real=0.00 secs] 
2014-07-16T06:44:51.899+0000: 2270.900: [GC [PSYoungGen: 1071922K->704K(1029056K)] 1302403K->231305K(1716032K), 0.0143670 secs] [Times: user=0.06 sys=0.00, real=0.02 secs] 
2014-07-16T06:44:53.910+0000: 2272.911: [GC [PSYoungGen: 1029033K->864K(988160K)] 1259635K->231577K(1675136K), 0.0095010 secs] [Times: user=0.01 sys=0.00, real=0.01 secs] 
2014-07-16T06:44:55.990+0000: 2274.991: [GC [PSYoungGen: 988126K->498K(948672K)] 1218840K->231587K(1635648K), 0.0227980 secs] [Times: user=0.08 sys=0.00, real=0.03 secs] 
2014-07-16T06:44:58.086+0000: 2277.087: [GC [PSYoungGen: 948658K->630K(911552K)] 1179747K->231879K(1598528K), 0.0062260 secs] [Times: user=0.02 sys=0.00, real=0.01 secs] 
2014-07-16T06:44:59.757+0000: 2278.757: [GC [PSYoungGen: 911542K->466K(875968K)] 1142791K->232011K(1562944K), 0.0235970 secs] [Times: user=0.08 sys=0.00, real=0.02 secs] 
2014-07-16T06:45:01.441+0000: 2280.442: [GC [PSYoungGen: 875922K->402K(842112K)] 1107467K->232043K(1529088K), 0.0132500 secs] [Times: user=0.04 sys=0.00, real=0.02 secs] 
2014-07-16T06:45:03.185+0000: 2282.186: [GC [PSYoungGen: 842066K->466K(809984K)] 1073707K->232179K(1496960K), 0.0062100 secs] [Times: user=0.01 sys=0.00, real=0.00 secs] 
2014-07-16T06:45:04.754+0000: 2283.755: [GC [PSYoungGen: 809897K->566K(779392K)] 1041611K->232391K(1466368K), 0.0195150 secs] [Times: user=0.07 sys=0.00, real=0.02 secs] 
2014-07-16T06:45:06.266+0000: 2285.267: [GC [PSYoungGen: 779382K->676K(750272K)] 1011207K->232581K(1437248K), 0.0059440 secs] [Times: user=0.01 sys=0.00, real=0.00 secs] 
2014-07-16T06:45:07.884+0000: 2286.885: [GC [PSYoungGen: 750244K->690K(722432K)] 982149K->232691K(1409408K), 0.0289290 secs] [Times: user=0.10 sys=0.00, real=0.03 secs] 
2014-07-16T06:45:09.256+0000: 2288.256: [GC [PSYoungGen: 722418K->370K(866496K)] 954419K->232555K(1553472K), 0.0176180 secs] [Times: user=0.07 sys=0.00, real=0.01 secs] 
2014-07-16T06:45:10.922+0000: 2289.923: [GC [PSYoungGen: 866481K->530K(833344K)] 1098667K->232835K(1520320K), 0.0080040 secs] [Times: user=0.01 sys=0.00, real=0.01 secs] 
2014-07-16T06:45:12.639+0000: 2291.640: [GC [PSYoungGen: 833223K->662K(801728K)] 1065529K->233055K(1488704K), 0.0175690 secs] [Times: user=0.07 sys=0.00, real=0.02 secs] 
2014-07-16T06:45:14.231+0000: 2293.232: [GC [PSYoungGen: 801686K->352K(771136K)] 1034079K->232865K(1458112K), 0.0042160 secs] [Times: user=0.01 sys=0.00, real=0.01 secs] 
2014-07-16T06:45:15.761+0000: 2294.762: [GC [PSYoungGen: 771037K->598K(742528K)] 1003551K->233207K(1429504K), 0.0192930 secs] [Times: user=0.07 sys=0.00, real=0.02 secs] 
2014-07-16T06:45:17.363+0000: 2296.364: [GC [PSYoungGen: 742453K->946K(891264K)] 975063K->233907K(1578240K), 0.0383370 secs] [Times: user=0.14 sys=0.00, real=0.04 secs] 
2014-07-16T06:45:19.058+0000: 2298.059: [GC [PSYoungGen: 891250K->384K(1068800K)] 1124211K->234107K(1755776K), 0.0088220 secs] [Times: user=0.02 sys=0.01, real=0.01 secs] 
2014-07-16T06:45:20.991+0000: 2299.992: [GC [PSYoungGen: 1068800K->608K(1282752K)] 1302523K->234531K(1969728K), 0.0158600 secs] [Times: user=0.05 sys=0.00, real=0.02 secs] 
2014-07-16T06:45:23.380+0000: 2302.381: [GC [PSYoungGen: 1282720K->466K(1229248K)] 1516643K->234589K(1916224K), 0.0052920 secs] [Times: user=0.01 sys=0.00, real=0.00 secs] 
2014-07-16T06:45:25.832+0000: 2304.833: [GC [PSYoungGen: 1229202K->612K(1178624K)] 1463325K->234831K(1865600K), 0.0116000 secs] [Times: user=0.04 sys=0.00, real=0.01 secs] 
2014-07-16T06:45:28.310+0000: 2307.311: [GC [PSYoungGen: 1178596K->918K(1130624K)] 1412815K->235289K(1817600K), 0.0164450 secs] [Times: user=0.03 sys=0.00, real=0.01 secs] 
2014-07-16T06:45:30.433+0000: 2309.434: [GC [PSYoungGen: 1130582K->466K(1084224K)] 1364953K->235093K(1771200K), 0.0138100 secs] [Times: user=0.06 sys=0.00, real=0.01 secs] 
2014-07-16T06:45:32.540+0000: 2311.541: [GC [PSYoungGen: 1084178K->1138K(1041152K)] 1318805K->235917K(1728128K), 0.0053070 secs] [Times: user=0.02 sys=0.00, real=0.00 secs] 
2014-07-16T06:45:34.472+0000: 2313.473: [GC [PSYoungGen: 1041138K->448K(998784K)] 1275917K->235339K(1685760K), 0.0328360 secs] [Times: user=0.11 sys=0.00, real=0.03 secs] 
2014-07-16T06:45:36.493+0000: 2315.494: [GC [PSYoungGen: 998784K->658K(959424K)] 1233675K->235637K(1646400K), 0.0074140 secs] [Times: user=0.02 sys=0.00, real=0.01 secs] 
2014-07-16T06:45:38.511+0000: 2317.512: [GC [PSYoungGen: 959378K->672K(921664K)] 1194357K->235819K(1608640K), 0.0233660 secs] [Times: user=0.08 sys=0.00, real=0.02 secs] 
2014-07-16T06:45:40.267+0000: 2319.267: [GC [PSYoungGen: 921632K->434K(885440K)] 1156779K->235789K(1572416K), 0.0061810 secs] [Times: user=0.01 sys=0.00, real=0.01 secs] 
2014-07-16T06:45:41.895+0000: 2320.896: [GC [PSYoungGen: 885426K->370K(851136K)] 1120781K->235829K(1538112K), 0.0058080 secs] [Times: user=0.01 sys=0.00, real=0.01 secs] 
2014-07-16T06:45:43.565+0000: 2322.565: [GC [PSYoungGen: 851122K->480K(818624K)] 1086581K->236027K(1505600K), 0.0087730 secs] [Times: user=0.02 sys=0.00, real=0.01 secs] 
2014-07-16T06:45:45.159+0000: 2324.160: [GC [PSYoungGen: 818592K->498K(787520K)] 1054139K->236141K(1474496K), 0.0186830 secs] [Times: user=0.07 sys=0.00, real=0.01 secs] 
2014-07-16T06:45:46.689+0000: 2325.690: [GC [PSYoungGen: 787506K->662K(758080K)] 1023149K->236377K(1445056K), 0.0168850 secs] [Times: user=0.06 sys=0.00, real=0.01 secs] 
2014-07-16T06:45:48.338+0000: 2327.338: [GC [PSYoungGen: 758038K->1138K(730304K)] 993753K->236989K(1417280K), 0.0072010 secs] [Times: user=0.02 sys=0.00, real=0.01 secs] 
2014-07-16T06:45:49.714+0000: 2328.715: [GC [PSYoungGen: 730290K->512K(702784K)] 966141K->236547K(1389760K), 0.0195920 secs] [Times: user=0.07 sys=0.00, real=0.02 secs] 
2014-07-16T06:45:51.012+0000: 2330.013: [GC [PSYoungGen: 702784K->274K(843072K)] 938819K->236389K(1530048K), 0.0265800 secs] [Times: user=0.07 sys=0.00, real=0.02 secs] 
2014-07-16T06:45:52.585+0000: 2331.586: [GC [PSYoungGen: 843018K->256K(1011584K)] 1079134K->236419K(1698560K), 0.0136380 secs] [Times: user=0.05 sys=0.00, real=0.01 secs] 
2014-07-16T06:45:54.744+0000: 2333.745: [GC [PSYoungGen: 1011584K->676K(1214336K)] 1247747K->236887K(1901312K), 0.0198100 secs] [Times: user=0.06 sys=0.00, real=0.02 secs] 
2014-07-16T06:45:57.172+0000: 2336.173: [GC [PSYoungGen: 1214245K->612K(1164224K)] 1450457K->236991K(1851200K), 0.0143190 secs] [Times: user=0.04 sys=0.00, real=0.01 secs] 
2014-07-16T06:45:59.558+0000: 2338.558: [GC [PSYoungGen: 1164196K->950K(1116928K)] 1400575K->237521K(1803904K), 0.0086610 secs] [Times: user=0.02 sys=0.00, real=0.01 secs] 
2014-07-16T06:46:01.646+0000: 2340.646: [GC [PSYoungGen: 1116885K->644K(1071360K)] 1353457K->237423K(1758336K), 0.0160270 secs] [Times: user=0.06 sys=0.00, real=0.01 secs] 
2014-07-16T06:46:03.768+0000: 2342.769: [GC [PSYoungGen: 1071300K->498K(1028032K)] 1308079K->237365K(1715008K), 0.0048730 secs] [Times: user=0.02 sys=0.00, real=0.01 secs] 
2014-07-16T06:46:05.700+0000: 2344.701: [GC [PSYoungGen: 1028018K->416K(986944K)] 1264885K->237411K(1673920K), 0.0229200 secs] [Times: user=0.09 sys=0.00, real=0.03 secs] 
2014-07-16T06:46:07.625+0000: 2346.625: [GC [PSYoungGen: 986912K->914K(948352K)] 1223907K->238029K(1635328K), 0.0262230 secs] [Times: user=0.09 sys=0.00, real=0.02 secs] 
2014-07-16T06:46:09.644+0000: 2348.644: [GC [PSYoungGen: 948303K->754K(910976K)] 1185419K->238013K(1597952K), 0.0090590 secs] [Times: user=0.04 sys=0.00, real=0.00 secs] 
2014-07-16T06:46:11.368+0000: 2350.369: [GC [PSYoungGen: 910962K->836K(1093184K)] 1148221K->238319K(1780160K), 0.0319920 secs] [Times: user=0.11 sys=0.00, real=0.03 secs] 
2014-07-16T06:46:13.507+0000: 2352.507: [GC [PSYoungGen: 1093052K->630K(1048768K)] 1330536K->238201K(1735744K), 0.0130560 secs] [Times: user=0.04 sys=0.00, real=0.01 secs] 
2014-07-16T06:46:15.565+0000: 2354.565: [GC [PSYoungGen: 1048718K->448K(1006528K)] 1286289K->238139K(1693504K), 0.0127870 secs] [Times: user=0.05 sys=0.00, real=0.01 secs] 
2014-07-16T06:46:17.524+0000: 2356.525: [GC [PSYoungGen: 1006471K->512K(966592K)] 1244163K->238315K(1653568K), 0.0094160 secs] [Times: user=0.04 sys=0.00, real=0.00 secs] 
2014-07-16T06:46:19.572+0000: 2358.572: [GC [PSYoungGen: 966571K->562K(928576K)] 1204375K->238525K(1615552K), 0.0093620 secs] [Times: user=0.04 sys=0.00, real=0.01 secs] 
2014-07-16T06:46:21.353+0000: 2360.354: [GC [PSYoungGen: 928562K->384K(892096K)] 1166525K->238555K(1579072K), 0.0089370 secs] [Times: user=0.01 sys=0.01, real=0.01 secs] 
2014-07-16T06:46:23.024+0000: 2362.025: [GC [PSYoungGen: 892096K->448K(857600K)] 1130267K->238715K(1544576K), 0.0058280 secs] [Times: user=0.01 sys=0.00, real=0.01 secs] 
2014-07-16T06:46:24.699+0000: 2363.699: [GC [PSYoungGen: 857600K->402K(824704K)] 1095867K->238717K(1511680K), 0.0054230 secs] [Times: user=0.02 sys=0.00, real=0.00 secs] 
2014-07-16T06:46:26.298+0000: 2365.298: [GC [PSYoungGen: 824658K->480K(793408K)] 1062973K->238899K(1480384K), 0.0145270 secs] [Times: user=0.04 sys=0.00, real=0.01 secs] 
2014-07-16T06:46:27.980+0000: 2366.980: [GC [PSYoungGen: 793376K->754K(763776K)] 1031795K->239301K(1450752K), 0.0145000 secs] [Times: user=0.04 sys=0.00, real=0.01 secs] 
2014-07-16T06:46:29.602+0000: 2368.603: [GC [PSYoungGen: 763762K->882K(735424K)] 1002309K->239629K(1422400K), 0.0285940 secs] [Times: user=0.10 sys=0.00, real=0.03 secs] 
2014-07-16T06:46:31.073+0000: 2370.074: [GC [PSYoungGen: 735336K->562K(707968K)] 974084K->239501K(1394944K), 0.0134100 secs] [Times: user=0.04 sys=0.00, real=0.02 secs] 
2014-07-16T06:46:32.371+0000: 2371.371: [GC [PSYoungGen: 707954K->338K(681856K)] 946893K->239357K(1368832K), 0.0056870 secs] [Times: user=0.01 sys=0.00, real=0.01 secs] 
2014-07-16T06:46:33.788+0000: 2372.789: [GC [PSYoungGen: 681810K->1028K(657856K)] 920829K->240119K(1344832K), 0.0069930 secs] [Times: user=0.01 sys=0.01, real=0.00 secs] 
2014-07-16T06:46:35.023+0000: 2374.024: [GC [PSYoungGen: 657796K->448K(633664K)] 896887K->239643K(1320640K), 0.0076980 secs] [Times: user=0.02 sys=0.00, real=0.01 secs] 
2014-07-16T06:46:36.222+0000: 2375.222: [GC [PSYoungGen: 633628K->388K(611200K)] 872824K->239647K(1298176K), 0.0060910 secs] [Times: user=0.01 sys=0.00, real=0.01 secs] 
2014-07-16T06:46:37.384+0000: 2376.385: [GC [PSYoungGen: 611140K->914K(590272K)] 850399K->240261K(1277248K), 0.0129920 secs] [Times: user=0.04 sys=0.01, real=0.02 secs] 
2014-07-16T06:46:38.517+0000: 2377.518: [GC [PSYoungGen: 590226K->544K(569408K)] 829573K->240003K(1256384K), 0.0129220 secs] [Times: user=0.04 sys=0.00, real=0.02 secs] 
2014-07-16T06:46:39.783+0000: 2378.784: [GC [PSYoungGen: 569376K->594K(683264K)] 808835K->240157K(1370240K), 0.0209510 secs] [Times: user=0.07 sys=0.00, real=0.02 secs] 
2014-07-16T06:46:41.123+0000: 2380.123: [GC [PSYoungGen: 683218K->544K(658432K)] 922781K->240291K(1345408K), 0.0085640 secs] [Times: user=0.01 sys=0.01, real=0.01 secs] 
2014-07-16T06:46:42.323+0000: 2381.324: [GC [PSYoungGen: 658400K->338K(634624K)] 898147K->240165K(1321600K), 0.0088750 secs] [Times: user=0.04 sys=0.00, real=0.01 secs] 
2014-07-16T06:46:43.532+0000: 2382.532: [GC [PSYoungGen: 634578K->288K(761408K)] 874405K->240155K(1448384K), 0.0271590 secs] [Times: user=0.10 sys=0.00, real=0.03 secs] 
2014-07-16T06:46:45.080+0000: 2384.080: [GC [PSYoungGen: 761376K->480K(733184K)] 1001243K->240403K(1420160K), 0.0041680 secs] [Times: user=0.01 sys=0.00, real=0.00 secs] 
2014-07-16T06:46:46.482+0000: 2385.483: [GC [PSYoungGen: 733113K->626K(706240K)] 973037K->240669K(1393216K), 0.0071400 secs] [Times: user=0.02 sys=0.00, real=0.01 secs] 
2014-07-16T06:46:47.904+0000: 2386.905: [GC [PSYoungGen: 706226K->480K(680320K)] 946269K->240627K(1367296K), 0.0047190 secs] [Times: user=0.01 sys=0.00, real=0.00 secs] 
2014-07-16T06:46:49.224+0000: 2388.224: [GC [PSYoungGen: 680288K->616K(655808K)] 920435K->240907K(1342784K), 0.0070100 secs] [Times: user=0.02 sys=0.00, real=0.01 secs] 
2014-07-16T06:46:50.621+0000: 2389.622: [GC [PSYoungGen: 655784K->448K(632128K)] 896075K->240851K(1319104K), 0.0046610 secs] [Times: user=0.02 sys=0.00, real=0.00 secs] 
2014-07-16T06:46:51.780+0000: 2390.780: [GC [PSYoungGen: 632128K->224K(609536K)] 872531K->240755K(1296512K), 0.0074120 secs] [Times: user=0.03 sys=0.00, real=0.00 secs] 
2014-07-16T06:46:52.914+0000: 2391.914: [GC [PSYoungGen: 609504K->384K(588288K)] 850035K->240955K(1275264K), 0.0060170 secs] [Times: user=0.01 sys=0.00, real=0.01 secs] 
2014-07-16T06:46:54.196+0000: 2393.197: [GC [PSYoungGen: 588234K->758K(568256K)] 828806K->241369K(1255232K), 0.0058370 secs] [Times: user=0.01 sys=0.00, real=0.01 secs] 
2014-07-16T06:46:55.209+0000: 2394.210: [GC [PSYoungGen: 568246K->434K(548480K)] 808857K->241141K(1235456K), 0.0095930 secs] [Times: user=0.03 sys=0.01, real=0.01 secs] 
2014-07-16T06:46:56.260+0000: 2395.261: [GC [PSYoungGen: 548466K->548K(529984K)] 789173K->241303K(1216960K), 0.0121100 secs] [Times: user=0.04 sys=0.00, real=0.01 secs] 
2014-07-16T06:46:57.331+0000: 2396.332: [GC [PSYoungGen: 529956K->484K(512128K)] 770711K->241319K(1199104K), 0.0047070 secs] [Times: user=0.02 sys=0.00, real=0.00 secs] 
2014-07-16T06:46:58.334+0000: 2397.334: [GC [PSYoungGen: 512100K->762K(614720K)] 752935K->241725K(1301696K), 0.0433530 secs] [Times: user=0.15 sys=0.00, real=0.04 secs] 
2014-07-16T06:46:59.661+0000: 2398.661: [GC [PSYoungGen: 614714K->630K(737408K)] 855677K->241689K(1424384K), 0.0097400 secs] [Times: user=0.02 sys=0.00, real=0.01 secs] 
2014-07-16T06:47:01.115+0000: 2400.116: [GC [PSYoungGen: 737398K->516K(884736K)] 978457K->241711K(1571712K), 0.0049040 secs] [Times: user=0.01 sys=0.00, real=0.00 secs] 
2014-07-16T06:47:02.810+0000: 2401.811: [GC [PSYoungGen: 884676K->850K(1061888K)] 1125871K->242141K(1748864K), 0.0201380 secs] [Times: user=0.07 sys=0.01, real=0.02 secs] 
2014-07-16T06:47:04.938+0000: 2403.939: [GC [PSYoungGen: 1061842K->384K(1273600K)] 1303133K->241771K(1960576K), 0.0154740 secs] [Times: user=0.05 sys=0.00, real=0.02 secs] 
2014-07-16T06:47:07.501+0000: 2406.501: [GC [PSYoungGen: 1273539K->992K(1507904K)] 1514927K->242523K(2194880K), 0.0352520 secs] [Times: user=0.13 sys=0.00, real=0.04 secs] 
2014-07-16T06:47:10.608+0000: 2409.609: [GC [PSYoungGen: 1507872K->658K(1443264K)] 1749403K->242397K(2130240K), 0.0140930 secs] [Times: user=0.05 sys=0.01, real=0.02 secs] 
2014-07-16T06:47:13.364+0000: 2412.365: [GC [PSYoungGen: 1443218K->594K(1382016K)] 1684957K->242581K(2068992K), 0.0084110 secs] [Times: user=0.02 sys=0.00, real=0.00 secs] 
2014-07-16T06:47:15.931+0000: 2414.931: [GC [PSYoungGen: 1381927K->448K(1323648K)] 1623915K->242571K(2010624K), 0.0055230 secs] [Times: user=0.01 sys=0.00, real=0.01 secs] 
2014-07-16T06:47:18.510+0000: 2417.511: [GC [PSYoungGen: 1323648K->736K(1268608K)] 1565771K->242979K(1955584K), 0.0078710 secs] [Times: user=0.02 sys=0.00, real=0.01 secs] 
2014-07-16T06:47:21.182+0000: 2420.182: [GC [PSYoungGen: 1268525K->886K(1216064K)] 1510768K->243377K(1903040K), 0.0076300 secs] [Times: user=0.02 sys=0.00, real=0.01 secs] 
2014-07-16T06:47:23.366+0000: 2422.367: [GC [PSYoungGen: 1216054K->498K(1165568K)] 1458545K->243205K(1852544K), 0.0389490 secs] [Times: user=0.14 sys=0.00, real=0.04 secs] 
2014-07-16T06:47:25.620+0000: 2424.620: [GC [PSYoungGen: 1165536K->452K(1117888K)] 1408244K->243239K(1804864K), 0.0163900 secs] [Times: user=0.06 sys=0.00, real=0.02 secs] 
2014-07-16T06:47:27.836+0000: 2426.836: [GC [PSYoungGen: 1117828K->562K(1072576K)] 1360615K->243461K(1759552K), 0.0052920 secs] [Times: user=0.02 sys=0.00, real=0.00 secs] 
2014-07-16T06:47:29.971+0000: 2428.971: [GC [PSYoungGen: 1072531K->562K(1029376K)] 1315431K->243653K(1716352K), 0.0125950 secs] [Times: user=0.03 sys=0.00, real=0.01 secs] 
2014-07-16T06:47:31.976+0000: 2430.977: [GC [PSYoungGen: 1029362K->516K(988288K)] 1272453K->243783K(1675264K), 0.0119180 secs] [Times: user=0.04 sys=0.00, real=0.01 secs] 
2014-07-16T06:47:33.810+0000: 2432.810: [GC [PSYoungGen: 988228K->320K(948928K)] 1231495K->243715K(1635904K), 0.0083870 secs] [Times: user=0.02 sys=0.00, real=0.01 secs] 
2014-07-16T06:47:35.642+0000: 2434.643: [GC [PSYoungGen: 948928K->530K(1138944K)] 1192323K->243997K(1825920K), 0.0493010 secs] [Times: user=0.17 sys=0.00, real=0.05 secs] 
2014-07-16T06:47:37.874+0000: 2436.875: [GC [PSYoungGen: 1138898K->562K(1366656K)] 1382365K->244133K(2053632K), 0.0176190 secs] [Times: user=0.07 sys=0.00, real=0.02 secs] 
2014-07-16T06:47:40.655+0000: 2439.655: [GC [PSYoungGen: 1366642K->960K(1309632K)] 1610213K->244843K(1996608K), 0.0110990 secs] [Times: user=0.03 sys=0.00, real=0.01 secs] 
2014-07-16T06:47:43.229+0000: 2442.230: [GC [PSYoungGen: 1309632K->448K(1254464K)] 1553515K->244539K(1941440K), 0.0047630 secs] [Times: user=0.02 sys=0.00, real=0.00 secs] 
2014-07-16T06:47:45.694+0000: 2444.695: [GC [PSYoungGen: 1254464K->448K(1202496K)] 1498555K->244707K(1889472K), 0.0051610 secs] [Times: user=0.02 sys=0.00, real=0.01 secs] 
2014-07-16T06:47:48.085+0000: 2447.086: [GC [PSYoungGen: 1202496K->576K(1153152K)] 1446755K->244987K(1840128K), 0.0125550 secs] [Times: user=0.04 sys=0.00, real=0.01 secs] 
2014-07-16T06:47:50.502+0000: 2449.502: [GC [PSYoungGen: 1153152K->964K(1106560K)] 1397563K->245607K(1793536K), 0.0399820 secs] [Times: user=0.13 sys=0.00, real=0.04 secs] 
2014-07-16T06:47:52.767+0000: 2451.767: [GC [PSYoungGen: 1106500K->608K(1061376K)] 1351143K->245435K(1748352K), 0.0139760 secs] [Times: user=0.05 sys=0.00, real=0.02 secs] 
2014-07-16T06:47:54.754+0000: 2453.754: [GC [PSYoungGen: 1061344K->370K(1018496K)] 1306171K->245349K(1705472K), 0.0040970 secs] [Times: user=0.01 sys=0.00, real=0.00 secs] 
2014-07-16T06:47:56.856+0000: 2455.857: [GC [PSYoungGen: 1018482K->800K(978368K)] 1263461K->245851K(1665344K), 0.0079160 secs] [Times: user=0.02 sys=0.00, real=0.01 secs] 
2014-07-16T06:47:58.743+0000: 2457.744: [GC [PSYoungGen: 978336K->530K(939456K)] 1223387K->245765K(1626432K), 0.0295600 secs] [Times: user=0.10 sys=0.00, real=0.03 secs] 
2014-07-16T06:48:00.753+0000: 2459.754: [GC [PSYoungGen: 939410K->690K(902784K)] 1184645K->246101K(1589760K), 0.0139200 secs] [Times: user=0.05 sys=0.00, real=0.01 secs] 
2014-07-16T06:48:02.528+0000: 2461.528: [GC [PSYoungGen: 902770K->740K(867776K)] 1148181K->246303K(1554752K), 0.0298260 secs] [Times: user=0.12 sys=0.00, real=0.03 secs] 
2014-07-16T06:48:04.132+0000: 2463.133: [GC [PSYoungGen: 867748K->448K(1040896K)] 1113311K->246115K(1727872K), 0.0256300 secs] [Times: user=0.09 sys=0.00, real=0.02 secs] 
2014-07-16T06:48:06.157+0000: 2465.158: [GC [PSYoungGen: 1040896K->818K(999616K)] 1286563K->246549K(1686592K), 0.0065040 secs] [Times: user=0.02 sys=0.00, real=0.01 secs] 
2014-07-16T06:48:08.048+0000: 2467.049: [GC [PSYoungGen: 999600K->612K(959744K)] 1245332K->246479K(1646720K), 0.0073040 secs] [Times: user=0.01 sys=0.00, real=0.01 secs] 
2014-07-16T06:48:09.862+0000: 2468.862: [GC [PSYoungGen: 959716K->626K(921984K)] 1205583K->246653K(1608960K), 0.0172570 secs] [Times: user=0.06 sys=0.00, real=0.01 secs] 
2014-07-16T06:48:11.761+0000: 2470.762: [GC [PSYoungGen: 921970K->512K(885888K)] 1167997K->246659K(1572864K), 0.0222990 secs] [Times: user=0.08 sys=0.00, real=0.02 secs] 
2014-07-16T06:48:13.497+0000: 2472.498: [GC [PSYoungGen: 885830K->480K(851648K)] 1131978K->246771K(1538624K), 0.0145910 secs] [Times: user=0.06 sys=0.00, real=0.02 secs] 
2014-07-16T06:48:15.050+0000: 2474.051: [GC [PSYoungGen: 851591K->448K(1021824K)] 1097883K->246867K(1708800K), 0.0261520 secs] [Times: user=0.09 sys=0.00, real=0.03 secs] 
2014-07-16T06:48:17.012+0000: 2476.012: [GC [PSYoungGen: 1021824K->384K(980992K)] 1268243K->246859K(1667968K), 0.0076360 secs] [Times: user=0.03 sys=0.00, real=0.01 secs] 
2014-07-16T06:48:18.871+0000: 2477.872: [GC [PSYoungGen: 980992K->320K(942144K)] 1227467K->246947K(1629120K), 0.0103160 secs] [Times: user=0.03 sys=0.01, real=0.01 secs] 
2014-07-16T06:48:20.886+0000: 2479.887: [GC [PSYoungGen: 942144K->740K(905664K)] 1188771K->247495K(1592640K), 0.0086460 secs] [Times: user=0.03 sys=0.01, real=0.01 secs] 
2014-07-16T06:48:22.727+0000: 2481.728: [GC [PSYoungGen: 905636K->530K(870272K)] 1152391K->247445K(1557248K), 0.0070090 secs] [Times: user=0.01 sys=0.00, real=0.01 secs] 
2014-07-16T06:48:24.356+0000: 2483.357: [GC [PSYoungGen: 870225K->402K(836608K)] 1117141K->247413K(1523584K), 0.0055720 secs] [Times: user=0.01 sys=0.00, real=0.00 secs] 
2014-07-16T06:48:25.970+0000: 2484.971: [GC [PSYoungGen: 836562K->886K(805120K)] 1083573K->247977K(1492096K), 0.0127120 secs] [Times: user=0.03 sys=0.00, real=0.01 secs] 
2014-07-16T06:48:27.474+0000: 2486.475: [GC [PSYoungGen: 805110K->352K(774208K)] 1052201K->247563K(1461184K), 0.0057230 secs] [Times: user=0.01 sys=0.00, real=0.00 secs] 
2014-07-16T06:48:28.976+0000: 2487.977: [GC [PSYoungGen: 774176K->434K(745280K)] 1021387K->247773K(1432256K), 0.0132140 secs] [Times: user=0.04 sys=0.00, real=0.01 secs] 
2014-07-16T06:48:30.388+0000: 2489.388: [GC [PSYoungGen: 745258K->416K(717632K)] 992598K->247851K(1404608K), 0.0046570 secs] [Times: user=0.02 sys=0.00, real=0.00 secs] 
2014-07-16T06:48:31.840+0000: 2490.841: [GC [PSYoungGen: 717600K->712K(691584K)] 965035K->248243K(1378560K), 0.0120620 secs] [Times: user=0.04 sys=0.00, real=0.01 secs] 
2014-07-16T06:48:33.154+0000: 2492.155: [GC [PSYoungGen: 691528K->352K(666048K)] 939059K->247987K(1353024K), 0.0053440 secs] [Times: user=0.01 sys=0.00, real=0.01 secs] 
2014-07-16T06:48:34.421+0000: 2493.421: [GC [PSYoungGen: 666016K->448K(642176K)] 913651K->248155K(1329152K), 0.0258280 secs] [Times: user=0.08 sys=0.00, real=0.03 secs] 
2014-07-16T06:48:35.651+0000: 2494.652: [GC [PSYoungGen: 642176K->480K(619392K)] 889883K->248235K(1306368K), 0.0060850 secs] [Times: user=0.01 sys=0.00, real=0.01 secs] 
2014-07-16T06:48:36.950+0000: 2495.950: [GC [PSYoungGen: 619360K->576K(743232K)] 867115K->248419K(1430208K), 0.0233540 secs] [Times: user=0.09 sys=0.00, real=0.02 secs] 
2014-07-16T06:48:38.350+0000: 2497.351: [GC [PSYoungGen: 743232K->416K(715584K)] 991075K->248411K(1402560K), 0.0105520 secs] [Times: user=0.02 sys=0.00, real=0.01 secs] 
2014-07-16T06:48:39.763+0000: 2498.764: [GC [PSYoungGen: 715552K->754K(858944K)] 963547K->248853K(1545920K), 0.0249980 secs] [Times: user=0.10 sys=0.00, real=0.03 secs] 
2014-07-16T06:48:41.645+0000: 2500.646: [GC [PSYoungGen: 858930K->676K(1030528K)] 1107029K->248911K(1717504K), 0.0097090 secs] [Times: user=0.02 sys=0.00, real=0.01 secs] 
2014-07-16T06:48:43.709+0000: 2502.710: [GC [PSYoungGen: 1030500K->502K(989184K)] 1278735K->249009K(1676160K), 0.0062890 secs] [Times: user=0.01 sys=0.00, real=0.00 secs] 
2014-07-16T06:48:45.526+0000: 2504.527: [GC [PSYoungGen: 989174K->384K(949888K)] 1237681K->248987K(1636864K), 0.0194100 secs] [Times: user=0.07 sys=0.01, real=0.02 secs] 
2014-07-16T06:48:47.326+0000: 2506.327: [GC [PSYoungGen: 949888K->594K(912832K)] 1198491K->249285K(1599808K), 0.0053340 secs] [Times: user=0.01 sys=0.00, real=0.01 secs] 
2014-07-16T06:48:49.076+0000: 2508.077: [GC [PSYoungGen: 912786K->480K(877184K)] 1161477K->249331K(1564160K), 0.0142130 secs] [Times: user=0.05 sys=0.00, real=0.02 secs] 
2014-07-16T06:48:50.787+0000: 2509.788: [GC [PSYoungGen: 877152K->644K(843520K)] 1126003K->249647K(1530496K), 0.0115080 secs] [Times: user=0.03 sys=0.00, real=0.01 secs] 
2014-07-16T06:48:52.627+0000: 2511.628: [GC [PSYoungGen: 843460K->840K(811456K)] 1092463K->249955K(1498432K), 0.0045790 secs] [Times: user=0.01 sys=0.00, real=0.01 secs] 
2014-07-16T06:48:54.154+0000: 2513.154: [GC [PSYoungGen: 811400K->320K(780160K)] 1060515K->249555K(1467136K), 0.0168080 secs] [Times: user=0.06 sys=0.00, real=0.02 secs] 
2014-07-16T06:48:55.641+0000: 2514.642: [GC [PSYoungGen: 780160K->498K(936320K)] 1029395K->249805K(1623296K), 0.0293700 secs] [Times: user=0.11 sys=0.00, real=0.03 secs] 
2014-07-16T06:48:57.464+0000: 2516.465: [GC [PSYoungGen: 936306K->466K(899648K)] 1185613K->249861K(1586624K), 0.0053070 secs] [Times: user=0.01 sys=0.00, real=0.01 secs] 
2014-07-16T06:48:59.231+0000: 2518.231: [GC [PSYoungGen: 899602K->598K(864896K)] 1148997K->250169K(1551872K), 0.0079080 secs] [Times: user=0.03 sys=0.00, real=0.00 secs] 
2014-07-16T06:49:00.919+0000: 2519.919: [GC [PSYoungGen: 864854K->530K(831552K)] 1114425K->250253K(1518528K), 0.0192590 secs] [Times: user=0.07 sys=0.00, real=0.02 secs] 
2014-07-16T06:49:02.629+0000: 2521.630: [GC [PSYoungGen: 831506K->840K(800192K)] 1081229K->250659K(1487168K), 0.0127190 secs] [Times: user=0.05 sys=0.00, real=0.02 secs] 
2014-07-16T06:49:04.206+0000: 2523.207: [GC [PSYoungGen: 800136K->384K(959552K)] 1049955K->250715K(1646528K), 0.0275710 secs] [Times: user=0.10 sys=0.00, real=0.03 secs] 
2014-07-16T06:49:05.989+0000: 2524.989: [GC [PSYoungGen: 959552K->580K(1151680K)] 1209883K->250999K(1838656K), 0.0233250 secs] [Times: user=0.09 sys=0.00, real=0.03 secs] 
2014-07-16T06:49:08.260+0000: 2527.260: [GC [PSYoungGen: 1151559K->384K(1104448K)] 1401979K->251003K(1791424K), 0.0112390 secs] [Times: user=0.04 sys=0.00, real=0.02 secs] 
2014-07-16T06:49:10.429+0000: 2529.429: [GC [PSYoungGen: 1104448K->918K(1060288K)] 1355067K->251761K(1747264K), 0.0193450 secs] [Times: user=0.06 sys=0.00, real=0.02 secs] 
2014-07-16T06:49:12.672+0000: 2531.673: [GC [PSYoungGen: 1060246K->754K(1017536K)] 1311089K->251733K(1704512K), 0.0065130 secs] [Times: user=0.01 sys=0.00, real=0.00 secs] 
2014-07-16T06:49:14.688+0000: 2533.689: [GC [PSYoungGen: 1017522K->548K(976832K)] 1268501K->251663K(1663808K), 0.0075150 secs] [Times: user=0.02 sys=0.00, real=0.01 secs] 
2014-07-16T06:49:16.668+0000: 2535.668: [GC [PSYoungGen: 976804K->896K(938560K)] 1227919K->252171K(1625536K), 0.0063090 secs] [Times: user=0.03 sys=0.00, real=0.01 secs] 
2014-07-16T06:49:18.394+0000: 2537.395: [GC [PSYoungGen: 938560K->562K(901504K)] 1189835K->252029K(1588480K), 0.0058530 secs] [Times: user=0.01 sys=0.01, real=0.00 secs] 
2014-07-16T06:49:20.119+0000: 2539.120: [GC [PSYoungGen: 901490K->882K(866816K)] 1152957K->252493K(1553792K), 0.0089120 secs] [Times: user=0.02 sys=0.00, real=0.01 secs] 
2014-07-16T06:49:21.824+0000: 2540.825: [GC [PSYoungGen: 866802K->726K(833344K)] 1118413K->252441K(1520320K), 0.0075840 secs] [Times: user=0.02 sys=0.00, real=0.00 secs] 
2014-07-16T06:49:23.465+0000: 2542.466: [GC [PSYoungGen: 833302K->630K(801472K)] 1085017K->252449K(1488448K), 0.0049000 secs] [Times: user=0.02 sys=0.00, real=0.00 secs] 
2014-07-16T06:49:25.030+0000: 2544.031: [GC [PSYoungGen: 801462K->562K(771136K)] 1053281K->252469K(1458112K), 0.0054750 secs] [Times: user=0.02 sys=0.00, real=0.01 secs] 
2014-07-16T06:49:26.459+0000: 2545.460: [GC [PSYoungGen: 771122K->640K(742336K)] 1023029K->252651K(1429312K), 0.0115960 secs] [Times: user=0.04 sys=0.00, real=0.01 secs] 
2014-07-16T06:49:27.987+0000: 2546.988: [GC [PSYoungGen: 742336K->900K(715136K)] 994347K->253023K(1402112K), 0.0091200 secs] [Times: user=0.02 sys=0.00, real=0.01 secs] 
2014-07-16T06:49:29.351+0000: 2548.351: [GC [PSYoungGen: 715076K->288K(688320K)] 967199K->252579K(1375296K), 0.0042720 secs] [Times: user=0.01 sys=0.00, real=0.01 secs] 
2014-07-16T06:49:30.687+0000: 2549.688: [GC [PSYoungGen: 688288K->384K(663360K)] 940579K->252771K(1350336K), 0.0145280 secs] [Times: user=0.05 sys=0.00, real=0.01 secs] 
2014-07-16T06:49:32.083+0000: 2551.084: [GC [PSYoungGen: 663360K->762K(639936K)] 915747K->253245K(1326912K), 0.0089490 secs] [Times: user=0.03 sys=0.00, real=0.01 secs] 
2014-07-16T06:49:33.328+0000: 2552.329: [GC [PSYoungGen: 639930K->516K(617024K)] 892413K->253087K(1304000K), 0.0062370 secs] [Times: user=0.01 sys=0.00, real=0.01 secs] 
2014-07-16T06:49:34.704+0000: 2553.705: [GC [PSYoungGen: 616964K->320K(595072K)] 869535K->252955K(1282048K), 0.0122360 secs] [Times: user=0.04 sys=0.00, real=0.01 secs] 
2014-07-16T06:49:35.847+0000: 2554.848: [GC [PSYoungGen: 595072K->818K(574848K)] 847707K->253573K(1261824K), 0.0159930 secs] [Times: user=0.06 sys=0.00, real=0.01 secs] 
2014-07-16T06:49:37.076+0000: 2556.077: [GC [PSYoungGen: 574834K->1060K(555328K)] 827589K->253879K(1242304K), 0.0082240 secs] [Times: user=0.02 sys=0.00, real=0.01 secs] 
2014-07-16T06:49:38.078+0000: 2557.078: [GC [PSYoungGen: 555300K->484K(665600K)] 808119K->253423K(1352576K), 0.0200760 secs] [Times: user=0.07 sys=0.00, real=0.02 secs] 
2014-07-16T06:49:39.318+0000: 2558.319: [GC [PSYoungGen: 665572K->498K(798656K)] 918511K->253525K(1485632K), 0.0181410 secs] [Times: user=0.06 sys=0.00, real=0.02 secs] 
2014-07-16T06:49:40.776+0000: 2559.777: [GC [PSYoungGen: 798642K->498K(768512K)] 1051669K->253597K(1455488K), 0.0067920 secs] [Times: user=0.01 sys=0.00, real=0.00 secs] 
2014-07-16T06:49:42.336+0000: 2561.336: [GC [PSYoungGen: 768469K->566K(739840K)] 1021569K->253721K(1426816K), 0.0154420 secs] [Times: user=0.05 sys=0.00, real=0.01 secs] 
2014-07-16T06:49:43.761+0000: 2562.761: [GC [PSYoungGen: 739830K->448K(712320K)] 992985K->253715K(1399296K), 0.0087650 secs] [Times: user=0.03 sys=0.01, real=0.01 secs] 
2014-07-16T06:49:45.245+0000: 2564.246: [GC [PSYoungGen: 712263K->562K(686336K)] 965531K->253909K(1373312K), 0.0068720 secs] [Times: user=0.02 sys=0.00, real=0.01 secs] 
2014-07-16T06:49:46.531+0000: 2565.531: [GC [PSYoungGen: 686240K->548K(661440K)] 939588K->254015K(1348416K), 0.0062320 secs] [Times: user=0.01 sys=0.00, real=0.01 secs] 
2014-07-16T06:49:47.854+0000: 2566.854: [GC [PSYoungGen: 661412K->644K(637824K)] 914879K->254231K(1324800K), 0.0096920 secs] [Times: user=0.03 sys=0.00, real=0.01 secs] 
2014-07-16T06:49:49.067+0000: 2568.068: [GC [PSYoungGen: 637709K->690K(615168K)] 891297K->254413K(1302144K), 0.0163150 secs] [Times: user=0.06 sys=0.01, real=0.01 secs] 
2014-07-16T06:49:50.225+0000: 2569.226: [GC [PSYoungGen: 615154K->452K(593344K)] 868877K->254279K(1280320K), 0.0077580 secs] [Times: user=0.02 sys=0.01, real=0.01 secs] 
2014-07-16T06:49:51.350+0000: 2570.350: [GC [PSYoungGen: 593284K->434K(572672K)] 847111K->254341K(1259648K), 0.0150590 secs] [Times: user=0.05 sys=0.00, real=0.01 secs] 
2014-07-16T06:49:52.536+0000: 2571.537: [GC [PSYoungGen: 572658K->726K(687488K)] 826565K->254697K(1374464K), 0.0291920 secs] [Times: user=0.11 sys=0.00, real=0.03 secs] 
2014-07-16T06:49:53.927+0000: 2572.928: [GC [PSYoungGen: 687446K->402K(824512K)] 941417K->254461K(1511488K), 0.0143840 secs] [Times: user=0.06 sys=0.00, real=0.01 secs] 
2014-07-16T06:49:55.567+0000: 2574.567: [GC [PSYoungGen: 824466K->530K(989504K)] 1078525K->254677K(1676480K), 0.0060130 secs] [Times: user=0.02 sys=0.00, real=0.01 secs] 
2014-07-16T06:49:57.479+0000: 2576.480: [GC [PSYoungGen: 989458K->626K(1187392K)] 1243605K->254885K(1874368K), 0.0192340 secs] [Times: user=0.06 sys=0.00, real=0.02 secs] 
2014-07-16T06:49:59.627+0000: 2578.628: [GC [PSYoungGen: 1187378K->384K(1138432K)] 1441637K->254811K(1825408K), 0.0150090 secs] [Times: user=0.06 sys=0.00, real=0.02 secs] 
2014-07-16T06:50:01.748+0000: 2580.749: [GC [PSYoungGen: 1138432K->352K(1092096K)] 1392859K->254891K(1779072K), 0.0054240 secs] [Times: user=0.02 sys=0.00, real=0.00 secs] 
2014-07-16T06:50:03.914+0000: 2582.915: [GC [PSYoungGen: 1092064K->868K(1048448K)] 1346603K->255495K(1735424K), 0.0108300 secs] [Times: user=0.02 sys=0.00, real=0.01 secs] 
2014-07-16T06:50:05.998+0000: 2584.999: [GC [PSYoungGen: 1048420K->544K(1006144K)] 1303047K->255315K(1693120K), 0.0182050 secs] [Times: user=0.05 sys=0.01, real=0.02 secs] 
2014-07-16T06:50:08.027+0000: 2587.028: [GC [PSYoungGen: 1006112K->608K(966208K)] 1260883K->255515K(1653184K), 0.0223230 secs] [Times: user=0.08 sys=0.00, real=0.03 secs] 
2014-07-16T06:50:09.784+0000: 2588.785: [GC [PSYoungGen: 966176K->352K(927872K)] 1221083K->255459K(1614848K), 0.0242140 secs] [Times: user=0.09 sys=0.00, real=0.02 secs] 
2014-07-16T06:50:11.608+0000: 2590.609: [GC [PSYoungGen: 927840K->548K(891776K)] 1182947K->255743K(1578752K), 0.0099350 secs] [Times: user=0.02 sys=0.00, real=0.01 secs] 
2014-07-16T06:50:13.564+0000: 2592.564: [GC [PSYoungGen: 891748K->868K(857536K)] 1146943K->256175K(1544512K), 0.0175030 secs] [Times: user=0.06 sys=0.00, real=0.02 secs] 
2014-07-16T06:50:15.256+0000: 2594.257: [GC [PSYoungGen: 857508K->484K(824256K)] 1112815K->255959K(1511232K), 0.0107020 secs] [Times: user=0.04 sys=0.00, real=0.01 secs] 
2014-07-16T06:50:16.852+0000: 2595.852: [GC [PSYoungGen: 824209K->452K(792896K)] 1079685K->256023K(1479872K), 0.0091870 secs] [Times: user=0.03 sys=0.00, real=0.01 secs] 
2014-07-16T06:50:18.499+0000: 2597.500: [GC [PSYoungGen: 792836K->448K(762944K)] 1048407K->256147K(1449920K), 0.0270370 secs] [Times: user=0.10 sys=0.00, real=0.03 secs] 
2014-07-16T06:50:19.960+0000: 2598.960: [GC [PSYoungGen: 762944K->708K(915776K)] 1018643K->256583K(1602752K), 0.0221690 secs] [Times: user=0.08 sys=0.00, real=0.03 secs] 
2014-07-16T06:50:21.787+0000: 2600.788: [GC [PSYoungGen: 915716K->744K(880128K)] 1171591K->256699K(1567104K), 0.0124320 secs] [Times: user=0.05 sys=0.00, real=0.01 secs] 
2014-07-16T06:50:23.627+0000: 2602.627: [GC [PSYoungGen: 880103K->996K(1056256K)] 1136059K->257191K(1743232K), 0.0253920 secs] [Times: user=0.09 sys=0.00, real=0.03 secs] 
2014-07-16T06:50:25.705+0000: 2604.706: [GC [PSYoungGen: 1056228K->320K(1013184K)] 1312423K->256691K(1700160K), 0.0116500 secs] [Times: user=0.04 sys=0.00, real=0.01 secs] 
2014-07-16T06:50:27.857+0000: 2606.858: [GC [PSYoungGen: 1013184K->1128K(1216640K)] 1269555K->257907K(1903616K), 0.0259630 secs] [Times: user=0.10 sys=0.00, real=0.03 secs] 
2014-07-16T06:50:30.217+0000: 2609.217: [GC [PSYoungGen: 1216616K->854K(1166272K)] 1473395K->257857K(1853248K), 0.0074510 secs] [Times: user=0.02 sys=0.00, real=0.01 secs] 
2014-07-16T06:50:32.506+0000: 2611.507: [GC [PSYoungGen: 1166210K->584K(1118336K)] 1423214K->257787K(1805312K), 0.0075100 secs] [Times: user=0.01 sys=0.00, real=0.01 secs] 
2014-07-16T06:50:34.842+0000: 2613.843: [GC [PSYoungGen: 1118280K->512K(1072832K)] 1375483K->257835K(1759808K), 0.0285140 secs] [Times: user=0.10 sys=0.00, real=0.03 secs] 
2014-07-16T06:50:36.967+0000: 2615.968: [GC [PSYoungGen: 1072832K->658K(1029824K)] 1330155K->258149K(1716800K), 0.0259970 secs] [Times: user=0.09 sys=0.00, real=0.03 secs] 
2014-07-16T06:50:39.035+0000: 2618.035: [GC [PSYoungGen: 1029778K->498K(1235456K)] 1287269K->258141K(1922432K), 0.0284370 secs] [Times: user=0.11 sys=0.00, real=0.02 secs] 
2014-07-16T06:50:41.522+0000: 2620.522: [GC [PSYoungGen: 1235442K->1010K(1184896K)] 1493085K->258861K(1871872K), 0.0065840 secs] [Times: user=0.02 sys=0.00, real=0.01 secs] 
2014-07-16T06:50:43.820+0000: 2622.821: [GC [PSYoungGen: 1184882K->466K(1135808K)] 1442733K->258453K(1822784K), 0.0239280 secs] [Times: user=0.09 sys=0.00, real=0.02 secs] 
2014-07-16T06:50:46.119+0000: 2625.120: [GC [PSYoungGen: 1135762K->1078K(1090176K)] 1393749K->259209K(1777152K), 0.0301450 secs] [Times: user=0.11 sys=0.00, real=0.03 secs] 
2014-07-16T06:50:48.354+0000: 2627.355: [GC [PSYoungGen: 1090166K->864K(1045952K)] 1348297K->259147K(1732928K), 0.0142760 secs] [Times: user=0.05 sys=0.00, real=0.02 secs] 
2014-07-16T06:50:50.289+0000: 2629.290: [GC [PSYoungGen: 1045883K->256K(1003456K)] 1304167K->258747K(1690432K), 0.0051240 secs] [Times: user=0.01 sys=0.00, real=0.00 secs] 
2014-07-16T06:50:52.286+0000: 2631.287: [GC [PSYoungGen: 1003456K->640K(963968K)] 1261947K->259259K(1650944K), 0.0262680 secs] [Times: user=0.10 sys=0.00, real=0.02 secs] 
2014-07-16T06:50:54.259+0000: 2633.260: [GC [PSYoungGen: 963968K->434K(925824K)] 1222587K->259141K(1612800K), 0.0056210 secs] [Times: user=0.01 sys=0.00, real=0.00 secs] 
2014-07-16T06:50:56.091+0000: 2635.091: [GC [PSYoungGen: 925810K->608K(889856K)] 1184517K->259467K(1576832K), 0.0059930 secs] [Times: user=0.01 sys=0.00, real=0.01 secs] 
2014-07-16T06:50:57.742+0000: 2636.743: [GC [PSYoungGen: 889824K->484K(855296K)] 1148683K->259463K(1542272K), 0.0187120 secs] [Times: user=0.06 sys=0.00, real=0.02 secs] 
2014-07-16T06:50:59.474+0000: 2638.475: [GC [PSYoungGen: 855268K->562K(822528K)] 1114247K->259669K(1509504K), 0.0137920 secs] [Times: user=0.05 sys=0.00, real=0.02 secs] 
2014-07-16T06:51:01.017+0000: 2640.018: [GC [PSYoungGen: 822514K->822K(791552K)] 1081621K->260097K(1478528K), 0.0133120 secs] [Times: user=0.04 sys=0.00, real=0.01 secs] 
2014-07-16T06:51:02.561+0000: 2641.561: [GC [PSYoungGen: 791542K->448K(761408K)] 1050817K->259787K(1448384K), 0.0095170 secs] [Times: user=0.01 sys=0.00, real=0.01 secs] 
2014-07-16T06:51:04.207+0000: 2643.208: [GC [PSYoungGen: 761390K->448K(732992K)] 1020730K->259851K(1419968K), 0.0062860 secs] [Times: user=0.01 sys=0.00, real=0.01 secs] 
2014-07-16T06:51:05.690+0000: 2644.691: [GC [PSYoungGen: 732992K->704K(706176K)] 992395K->260243K(1393152K), 0.0099740 secs] [Times: user=0.02 sys=0.00, real=0.01 secs] 
2014-07-16T06:51:07.056+0000: 2646.057: [GC [PSYoungGen: 706176K->594K(680320K)] 965715K->260237K(1367296K), 0.0075890 secs] [Times: user=0.01 sys=0.00, real=0.01 secs] 
2014-07-16T06:51:08.330+0000: 2647.330: [GC [PSYoungGen: 680258K->420K(655488K)] 939902K->260183K(1342464K), 0.0192540 secs] [Times: user=0.08 sys=0.00, real=0.02 secs] 
2014-07-16T06:51:09.599+0000: 2648.599: [GC [PSYoungGen: 655460K->352K(631936K)] 915223K->260211K(1318912K), 0.0145970 secs] [Times: user=0.06 sys=0.00, real=0.01 secs] 
2014-07-16T06:51:10.796+0000: 2649.797: [GC [PSYoungGen: 631904K->274K(758208K)] 891763K->260229K(1445184K), 0.0194690 secs] [Times: user=0.07 sys=0.00, real=0.02 secs] 
2014-07-16T06:51:12.332+0000: 2651.333: [GC [PSYoungGen: 758162K->480K(910016K)] 1018117K->260507K(1596992K), 0.0195580 secs] [Times: user=0.07 sys=0.00, real=0.02 secs] 
2014-07-16T06:51:14.194+0000: 2653.194: [GC [PSYoungGen: 909984K->658K(874816K)] 1170011K->260797K(1561792K), 0.0105780 secs] [Times: user=0.02 sys=0.00, real=0.01 secs] 
2014-07-16T06:51:15.928+0000: 2654.929: [GC [PSYoungGen: 874770K->530K(840960K)] 1134909K->260821K(1527936K), 0.0055310 secs] [Times: user=0.02 sys=0.00, real=0.01 secs] 
2014-07-16T06:51:17.508+0000: 2656.509: [GC [PSYoungGen: 840914K->480K(808768K)] 1101205K->260907K(1495744K), 0.0123480 secs] [Times: user=0.04 sys=0.00, real=0.02 secs] 
2014-07-16T06:51:19.091+0000: 2658.092: [GC [PSYoungGen: 808736K->530K(778240K)] 1069163K->261077K(1465216K), 0.0155840 secs] [Times: user=0.04 sys=0.00, real=0.01 secs] 
2014-07-16T06:51:20.560+0000: 2659.561: [GC [PSYoungGen: 778194K->434K(748928K)] 1038741K->261133K(1435904K), 0.0048360 secs] [Times: user=0.01 sys=0.00, real=0.00 secs] 
2014-07-16T06:51:22.021+0000: 2661.022: [GC [PSYoungGen: 748914K->416K(721152K)] 1009613K->261211K(1408128K), 0.0132440 secs] [Times: user=0.05 sys=0.00, real=0.01 secs] 
2014-07-16T06:51:23.461+0000: 2662.462: [GC [PSYoungGen: 721056K->744K(694976K)] 981852K->261627K(1381952K), 0.0135260 secs] [Times: user=0.05 sys=0.00, real=0.01 secs] 
2014-07-16T06:51:25.024+0000: 2664.024: [GC [PSYoungGen: 694952K->566K(833664K)] 955835K->261521K(1520640K), 0.0295770 secs] [Times: user=0.10 sys=0.00, real=0.03 secs] 
2014-07-16T06:51:26.733+0000: 2665.734: [GC [PSYoungGen: 833654K->630K(801920K)] 1094609K->261801K(1488896K), 0.0125060 secs] [Times: user=0.03 sys=0.00, real=0.01 secs] 
2014-07-16T06:51:28.322+0000: 2667.323: [GC [PSYoungGen: 801910K->466K(962048K)] 1063081K->261789K(1649024K), 0.0179770 secs] [Times: user=0.07 sys=0.00, real=0.01 secs] 
2014-07-16T06:51:30.336+0000: 2669.337: [GC [PSYoungGen: 962002K->480K(924160K)] 1223325K->261939K(1611136K), 0.0082590 secs] [Times: user=0.03 sys=0.00, real=0.01 secs] 
2014-07-16T06:51:32.212+0000: 2671.213: [GC [PSYoungGen: 924128K->480K(888064K)] 1185587K->262115K(1575040K), 0.0139790 secs] [Times: user=0.05 sys=0.01, real=0.01 secs] 
2014-07-16T06:51:34.045+0000: 2673.045: [GC [PSYoungGen: 887974K->946K(854144K)] 1149610K->262717K(1541120K), 0.0230730 secs] [Times: user=0.07 sys=0.00, real=0.02 secs] 
2014-07-16T06:51:35.749+0000: 2674.750: [GC [PSYoungGen: 854126K->530K(821056K)] 1115898K->262429K(1508032K), 0.0123360 secs] [Times: user=0.04 sys=0.00, real=0.01 secs] 
2014-07-16T06:51:37.322+0000: 2676.323: [GC [PSYoungGen: 821009K->562K(789888K)] 1082909K->262565K(1476864K), 0.0081070 secs] [Times: user=0.02 sys=0.00, real=0.01 secs] 
2014-07-16T06:51:38.797+0000: 2677.798: [GC [PSYoungGen: 789874K->288K(759936K)] 1051877K->262419K(1446912K), 0.0184040 secs] [Times: user=0.07 sys=0.00, real=0.02 secs] 
2014-07-16T06:51:40.396+0000: 2679.397: [GC [PSYoungGen: 759824K->790K(732096K)] 1021956K->263033K(1419072K), 0.0106990 secs] [Times: user=0.01 sys=0.01, real=0.01 secs] 
2014-07-16T06:51:41.810+0000: 2680.811: [GC [PSYoungGen: 732051K->516K(704832K)] 994295K->262903K(1391808K), 0.0146680 secs] [Times: user=0.05 sys=0.01, real=0.02 secs] 
2014-07-16T06:51:43.201+0000: 2682.202: [GC [PSYoungGen: 704772K->466K(679040K)] 967159K->262917K(1366016K), 0.0149170 secs] [Times: user=0.06 sys=0.00, real=0.02 secs] 
2014-07-16T06:51:44.734+0000: 2683.735: [GC [PSYoungGen: 678994K->804K(654784K)] 941445K->263343K(1341760K), 0.0130540 secs] [Times: user=0.05 sys=0.00, real=0.01 secs] 
2014-07-16T06:51:46.037+0000: 2685.037: [GC [PSYoungGen: 654756K->416K(785216K)] 917295K->263107K(1472192K), 0.0439360 secs] [Times: user=0.15 sys=0.00, real=0.04 secs] 
2014-07-16T06:51:47.599+0000: 2686.599: [GC [PSYoungGen: 785184K->502K(942272K)] 1047875K->263289K(1629248K), 0.0143950 secs] [Times: user=0.04 sys=0.00, real=0.01 secs] 
2014-07-16T06:51:49.458+0000: 2688.459: [GC [PSYoungGen: 942262K->498K(1130624K)] 1205049K->263397K(1817600K), 0.0076160 secs] [Times: user=0.02 sys=0.00, real=0.01 secs] 
2014-07-16T06:51:51.585+0000: 2690.586: [GC [PSYoungGen: 1130610K->608K(1356800K)] 1393509K->263675K(2043776K), 0.0169790 secs] [Times: user=0.06 sys=0.00, real=0.01 secs] 
2014-07-16T06:51:54.417+0000: 2693.418: [GC [PSYoungGen: 1356768K->804K(1300032K)] 1619835K->263999K(1987008K), 0.0214360 secs] [Times: user=0.08 sys=0.01, real=0.02 secs] 
2014-07-16T06:51:56.918+0000: 2695.918: [GC [PSYoungGen: 1299973K->1024K(1246080K)] 1563169K->264435K(1933056K), 0.0102050 secs] [Times: user=0.03 sys=0.00, real=0.01 secs] 
2014-07-16T06:51:59.405+0000: 2698.406: [GC [PSYoungGen: 1246080K->370K(1193920K)] 1509491K->264815K(1880896K), 0.0066840 secs] [Times: user=0.02 sys=0.00, real=0.01 secs] 
2014-07-16T06:52:01.556+0000: 2700.556: [GC [PSYoungGen: 1193906K->598K(1145152K)] 1458351K->265227K(1832128K), 0.0053500 secs] [Times: user=0.01 sys=0.00, real=0.01 secs] 
2014-07-16T06:52:03.786+0000: 2702.786: [GC [PSYoungGen: 1145110K->512K(1098368K)] 1409739K->265429K(1785344K), 0.0192850 secs] [Times: user=0.06 sys=0.00, real=0.02 secs] 
2014-07-16T06:52:06.165+0000: 2705.166: [GC [PSYoungGen: 1098368K->690K(1054144K)] 1363285K->265719K(1741120K), 0.0129390 secs] [Times: user=0.04 sys=0.00, real=0.02 secs] 
2014-07-16T06:52:08.280+0000: 2707.280: [GC [PSYoungGen: 1054130K->448K(1011584K)] 1319159K->265693K(1698560K), 0.0277800 secs] [Times: user=0.11 sys=0.00, real=0.03 secs] 
2014-07-16T06:52:10.307+0000: 2709.307: [GC [PSYoungGen: 1011584K->850K(971776K)] 1276829K->266279K(1658752K), 0.0130340 secs] [Times: user=0.04 sys=0.00, real=0.02 secs] 
2014-07-16T06:52:12.237+0000: 2711.238: [GC [PSYoungGen: 971730K->658K(933248K)] 1237159K->266239K(1620224K), 0.0106870 secs] [Times: user=0.01 sys=0.00, real=0.02 secs] 
2014-07-16T06:52:14.103+0000: 2713.103: [GC [PSYoungGen: 933202K->562K(896640K)] 1198783K->266263K(1583616K), 0.0070120 secs] [Times: user=0.02 sys=0.00, real=0.01 secs] 
2014-07-16T06:52:15.944+0000: 2714.945: [GC [PSYoungGen: 896626K->512K(861824K)] 1162327K->266341K(1548800K), 0.0211040 secs] [Times: user=0.08 sys=0.00, real=0.02 secs] 
2014-07-16T06:52:17.699+0000: 2716.700: [GC [PSYoungGen: 861824K->544K(828800K)] 1127653K->266525K(1515776K), 0.0186490 secs] [Times: user=0.07 sys=0.00, real=0.01 secs] 
2014-07-16T06:52:19.247+0000: 2718.247: [GC [PSYoungGen: 828737K->402K(797120K)] 1094719K->266551K(1484096K), 0.0122320 secs] [Times: user=0.03 sys=0.00, real=0.02 secs] 
2014-07-16T06:52:20.836+0000: 2719.836: [GC [PSYoungGen: 797071K->420K(767040K)] 1063221K->266673K(1454016K), 0.0061210 secs] [Times: user=0.02 sys=0.00, real=0.01 secs] 
2014-07-16T06:52:22.261+0000: 2721.262: [GC [PSYoungGen: 766956K->320K(738240K)] 1033210K->266669K(1425216K), 0.0137480 secs] [Times: user=0.05 sys=0.00, real=0.01 secs] 
2014-07-16T06:52:23.660+0000: 2722.661: [GC [PSYoungGen: 738240K->352K(710976K)] 1004589K->266757K(1397952K), 0.0198720 secs] [Times: user=0.07 sys=0.00, real=0.02 secs] 
2014-07-16T06:52:25.127+0000: 2724.128: [GC [PSYoungGen: 710944K->626K(853376K)] 977349K->267119K(1540352K), 0.0234820 secs] [Times: user=0.09 sys=0.00, real=0.03 secs] 
2014-07-16T06:52:26.784+0000: 2725.785: [GC [PSYoungGen: 853362K->416K(1023744K)] 1119855K->267013K(1710720K), 0.0244750 secs] [Times: user=0.09 sys=0.00, real=0.02 secs] 
2014-07-16T06:52:28.820+0000: 2727.820: [GC [PSYoungGen: 1023712K->576K(1228544K)] 1290309K->267341K(1915520K), 0.0156940 secs] [Times: user=0.05 sys=0.00, real=0.02 secs] 
2014-07-16T06:52:31.463+0000: 2730.464: [GC [PSYoungGen: 1228544K->192K(1177472K)] 1495309K->267125K(1864448K), 0.0063960 secs] [Times: user=0.02 sys=0.00, real=0.00 secs] 
2014-07-16T06:52:34.040+0000: 2733.040: [GC [PSYoungGen: 1177472K->320K(1129344K)] 1444405K->267365K(1816320K), 0.0048000 secs] [Times: user=0.01 sys=0.01, real=0.01 secs] 
2014-07-16T06:52:36.546+0000: 2735.546: [GC [PSYoungGen: 1129297K->384K(1083456K)] 1396343K->267493K(1770432K), 0.0185340 secs] [Times: user=0.07 sys=0.00, real=0.02 secs] 
2014-07-16T06:52:38.994+0000: 2737.995: [GC [PSYoungGen: 1083456K->708K(1040128K)] 1350565K->268001K(1727104K), 0.0303220 secs] [Times: user=0.11 sys=0.00, real=0.03 secs] 
2014-07-16T06:52:41.261+0000: 2740.262: [GC [PSYoungGen: 1040068K->192K(997952K)] 1307361K->267709K(1684928K), 0.0061780 secs] [Times: user=0.01 sys=0.00, real=0.01 secs] 
2014-07-16T06:52:43.446+0000: 2742.447: [GC [PSYoungGen: 997952K->242K(958400K)] 1265469K->267847K(1645376K), 0.0095460 secs] [Times: user=0.04 sys=0.00, real=0.01 secs] 
2014-07-16T06:52:45.611+0000: 2744.612: [GC [PSYoungGen: 958386K->562K(921024K)] 1225991K->268223K(1608000K), 0.0060390 secs] [Times: user=0.01 sys=0.00, real=0.01 secs] 
2014-07-16T06:52:47.627+0000: 2746.627: [GC [PSYoungGen: 921010K->644K(885248K)] 1188671K->268449K(1572224K), 0.0172560 secs] [Times: user=0.06 sys=0.00, real=0.02 secs] 
2014-07-16T06:52:49.569+0000: 2748.570: [GC [PSYoungGen: 885188K->498K(850816K)] 1152993K->268431K(1537792K), 0.0139520 secs] [Times: user=0.04 sys=0.00, real=0.01 secs] 
2014-07-16T06:52:51.492+0000: 2750.493: [GC [PSYoungGen: 850802K->320K(818048K)] 1118735K->268397K(1505024K), 0.0106790 secs] [Times: user=0.02 sys=0.00, real=0.01 secs] 
2014-07-16T06:52:53.300+0000: 2752.301: [GC [PSYoungGen: 818048K->288K(787008K)] 1086125K->268477K(1473984K), 0.0127410 secs] [Times: user=0.03 sys=0.00, real=0.01 secs] 
2014-07-16T06:52:55.051+0000: 2754.052: [GC [PSYoungGen: 786976K->256K(757376K)] 1055165K->268525K(1444352K), 0.0051990 secs] [Times: user=0.01 sys=0.00, real=0.01 secs] 
2014-07-16T06:52:56.743+0000: 2755.743: [GC [PSYoungGen: 757376K->352K(729280K)] 1025645K->268717K(1416256K), 0.0073390 secs] [Times: user=0.02 sys=0.01, real=0.01 secs] 
2014-07-16T06:52:58.346+0000: 2757.346: [GC [PSYoungGen: 729243K->352K(702400K)] 997609K->268869K(1389376K), 0.0229280 secs] [Times: user=0.08 sys=0.00, real=0.02 secs] 
2014-07-16T06:52:59.916+0000: 2758.917: [GC [PSYoungGen: 702368K->448K(676800K)] 970885K->269085K(1363776K), 0.0169030 secs] [Times: user=0.06 sys=0.00, real=0.01 secs] 
2014-07-16T06:53:01.397+0000: 2760.397: [GC [PSYoungGen: 676800K->224K(652160K)] 945437K->268989K(1339136K), 0.0161440 secs] [Times: user=0.06 sys=0.00, real=0.01 secs] 
2014-07-16T06:53:02.829+0000: 2761.830: [GC [PSYoungGen: 652091K->324K(628992K)] 920857K->269169K(1315968K), 0.0057790 secs] [Times: user=0.02 sys=0.00, real=0.00 secs] 
2014-07-16T06:53:04.203+0000: 2763.204: [GC [PSYoungGen: 628932K->288K(606656K)] 897777K->269181K(1293632K), 0.0149140 secs] [Times: user=0.05 sys=0.00, real=0.02 secs] 
2014-07-16T06:53:05.593+0000: 2764.594: [GC [PSYoungGen: 606624K->754K(585856K)] 875517K->269719K(1272832K), 0.0086020 secs] [Times: user=0.03 sys=0.00, real=0.01 secs] 
2014-07-16T06:53:06.839+0000: 2765.839: [GC [PSYoungGen: 585842K->370K(565184K)] 854807K->269431K(1252160K), 0.0065640 secs] [Times: user=0.02 sys=0.00, real=0.00 secs] 
2014-07-16T06:53:08.093+0000: 2767.094: [GC [PSYoungGen: 565170K->370K(545856K)] 834231K->269535K(1232832K), 0.0156970 secs] [Times: user=0.05 sys=0.00, real=0.02 secs] 
2014-07-16T06:53:09.332+0000: 2768.333: [GC [PSYoungGen: 545842K->466K(655104K)] 815007K->269751K(1342080K), 0.0197320 secs] [Times: user=0.07 sys=0.00, real=0.02 secs] 
2014-07-16T06:53:10.836+0000: 2769.837: [GC [PSYoungGen: 655055K->352K(785920K)] 924341K->269773K(1472896K), 0.0199560 secs] [Times: user=0.07 sys=0.00, real=0.02 secs] 
2014-07-16T06:53:12.553+0000: 2771.553: [GC [PSYoungGen: 785888K->256K(942912K)] 1055309K->269773K(1629888K), 0.0197360 secs] [Times: user=0.07 sys=0.00, real=0.02 secs] 
2014-07-16T06:53:14.645+0000: 2773.646: [GC [PSYoungGen: 942893K->470K(906176K)] 1212411K->270059K(1593152K), 0.0112540 secs] [Times: user=0.04 sys=0.00, real=0.01 secs] 
2014-07-16T06:53:16.673+0000: 2775.674: [GC [PSYoungGen: 906134K->384K(870848K)] 1175723K->270085K(1557824K), 0.0175820 secs] [Times: user=0.05 sys=0.00, real=0.02 secs] 
2014-07-16T06:53:18.591+0000: 2777.592: [GC [PSYoungGen: 870795K->584K(837568K)] 1140497K->270454K(1524544K), 0.0105920 secs] [Times: user=0.04 sys=0.00, real=0.01 secs] 
2014-07-16T06:53:20.443+0000: 2779.443: [GC [PSYoungGen: 837498K->452K(805504K)] 1107368K->270465K(1492480K), 0.0113040 secs] [Times: user=0.04 sys=0.00, real=0.01 secs] 
2014-07-16T06:53:22.238+0000: 2781.239: [GC [PSYoungGen: 805444K->388K(774976K)] 1075457K->270537K(1461952K), 0.0238790 secs] [Times: user=0.08 sys=0.01, real=0.03 secs] 
2014-07-16T06:53:23.938+0000: 2782.938: [GC [PSYoungGen: 774916K->438K(745920K)] 1045065K->270683K(1432896K), 0.0077710 secs] [Times: user=0.02 sys=0.00, real=0.01 secs] 
2014-07-16T06:53:25.583+0000: 2784.584: [GC [PSYoungGen: 745855K->320K(718144K)] 1016101K->270605K(1405120K), 0.0144480 secs] [Times: user=0.05 sys=0.00, real=0.01 secs] 
2014-07-16T06:53:27.208+0000: 2786.209: [GC [PSYoungGen: 718059K->498K(691968K)] 988345K->270847K(1378944K), 0.0113380 secs] [Times: user=0.04 sys=0.00, real=0.02 secs] 
2014-07-16T06:53:28.749+0000: 2787.750: [GC [PSYoungGen: 691954K->402K(666752K)] 962303K->270895K(1353728K), 0.0064370 secs] [Times: user=0.01 sys=0.00, real=0.01 secs] 
2014-07-16T06:53:30.214+0000: 2789.215: [GC [PSYoungGen: 666616K->452K(642816K)] 937110K->271065K(1329792K), 0.0096880 secs] [Times: user=0.04 sys=0.00, real=0.01 secs] 
2014-07-16T06:53:31.677+0000: 2790.677: [GC [PSYoungGen: 642756K->384K(619776K)] 913369K->271101K(1306752K), 0.0287010 secs] [Times: user=0.10 sys=0.00, real=0.03 secs] 
2014-07-16T06:53:33.055+0000: 2792.056: [GC [PSYoungGen: 619776K->548K(743872K)] 890493K->271401K(1430848K), 0.0211400 secs] [Times: user=0.08 sys=0.00, real=0.02 secs] 
2014-07-16T06:53:34.680+0000: 2793.681: [GC [PSYoungGen: 743836K->160K(892160K)] 1014690K->271061K(1579136K), 0.0121030 secs] [Times: user=0.04 sys=0.01, real=0.02 secs] 
2014-07-16T06:53:36.681+0000: 2795.682: [GC [PSYoungGen: 892128K->352K(857792K)] 1163029K->271333K(1544768K), 0.0087550 secs] [Times: user=0.03 sys=0.00, real=0.00 secs] 
2014-07-16T06:53:38.571+0000: 2797.572: [GC [PSYoungGen: 857760K->488K(1029440K)] 1128741K->271662K(1716416K), 0.0305580 secs] [Times: user=0.12 sys=0.00, real=0.03 secs] 
2014-07-16T06:53:40.851+0000: 2799.852: [GC [PSYoungGen: 1029416K->274K(1235072K)] 1300590K->271575K(1922048K), 0.0228190 secs] [Times: user=0.08 sys=0.00, real=0.02 secs] 
2014-07-16T06:53:43.623+0000: 2802.624: [GC [PSYoungGen: 1234954K->676K(1184384K)] 1506256K->272114K(1871360K), 0.0181370 secs] [Times: user=0.07 sys=0.00, real=0.01 secs] 
2014-07-16T06:53:46.329+0000: 2805.330: [GC [PSYoungGen: 1184277K->438K(1135552K)] 1455715K->272156K(1822528K), 0.0053590 secs] [Times: user=0.01 sys=0.00, real=0.01 secs] 
2014-07-16T06:53:48.790+0000: 2807.791: [GC [PSYoungGen: 1135542K->864K(1363072K)] 1407260K->272749K(2050048K), 0.0545210 secs] [Times: user=0.20 sys=0.00, real=0.06 secs] 
2014-07-16T06:53:51.821+0000: 2810.822: [GC [PSYoungGen: 1363040K->498K(1305472K)] 1634925K->272703K(1992448K), 0.0190460 secs] [Times: user=0.07 sys=0.00, real=0.02 secs] 
2014-07-16T06:53:54.674+0000: 2813.675: [GC [PSYoungGen: 1305458K->288K(1250816K)] 1577663K->272661K(1937792K), 0.0047810 secs] [Times: user=0.02 sys=0.00, real=0.00 secs] 
2014-07-16T06:53:57.471+0000: 2816.472: [GC [PSYoungGen: 1250784K->690K(1199360K)] 1523157K->273159K(1886336K), 0.0181870 secs] [Times: user=0.06 sys=0.00, real=0.02 secs] 
2014-07-16T06:54:00.121+0000: 2819.121: [GC [PSYoungGen: 1199346K->704K(1150080K)] 1471815K->273389K(1837056K), 0.0054280 secs] [Times: user=0.02 sys=0.00, real=0.01 secs] 
2014-07-16T06:54:02.683+0000: 2821.684: [GC [PSYoungGen: 1150080K->288K(1102784K)] 1422765K->273125K(1789760K), 0.0327310 secs] [Times: user=0.12 sys=0.00, real=0.04 secs] 
2014-07-16T06:54:05.113+0000: 2824.114: [GC [PSYoungGen: 1102752K->320K(1058112K)] 1375589K->273325K(1745088K), 0.0098070 secs] [Times: user=0.01 sys=0.00, real=0.01 secs] 
2014-07-16T06:54:07.461+0000: 2826.462: [GC [PSYoungGen: 1058112K->452K(1015808K)] 1331117K->273522K(1702784K), 0.0035650 secs] [Times: user=0.01 sys=0.00, real=0.00 secs] 
2014-07-16T06:54:09.703+0000: 2828.704: [GC [PSYoungGen: 1015748K->256K(975104K)] 1288818K->273501K(1662080K), 0.0050370 secs] [Times: user=0.01 sys=0.00, real=0.01 secs] 
2014-07-16T06:54:11.938+0000: 2830.938: [GC [PSYoungGen: 975017K->694K(937024K)] 1248263K->274100K(1624000K), 0.0202790 secs] [Times: user=0.07 sys=0.00, real=0.02 secs] 
2014-07-16T06:54:13.979+0000: 2832.979: [GC [PSYoungGen: 937014K->192K(899840K)] 1210420K->273749K(1586816K), 0.0186120 secs] [Times: user=0.06 sys=0.00, real=0.02 secs] 
2014-07-16T06:54:15.976+0000: 2834.976: [GC [PSYoungGen: 899797K->370K(865088K)] 1173355K->273975K(1552064K), 0.0132010 secs] [Times: user=0.05 sys=0.00, real=0.02 secs] 
2014-07-16T06:54:17.971+0000: 2836.971: [GC [PSYoungGen: 865074K->480K(831936K)] 1138679K->274181K(1518912K), 0.0281850 secs] [Times: user=0.11 sys=0.00, real=0.03 secs] 
2014-07-16T06:54:19.798+0000: 2838.799: [GC [PSYoungGen: 831904K->288K(800064K)] 1105605K->274213K(1487040K), 0.0124960 secs] [Times: user=0.05 sys=0.00, real=0.01 secs] 
2014-07-16T06:54:21.681+0000: 2840.682: [GC [PSYoungGen: 800032K->946K(770496K)] 1073957K->275200K(1457472K), 0.0220500 secs] [Times: user=0.08 sys=0.00, real=0.02 secs] 
2014-07-16T06:54:23.429+0000: 2842.430: [GC [PSYoungGen: 770482K->512K(741248K)] 1044736K->274877K(1428224K), 0.0053060 secs] [Times: user=0.01 sys=0.01, real=0.00 secs] 
2014-07-16T06:54:25.067+0000: 2844.067: [GC [PSYoungGen: 741248K->402K(713728K)] 1015613K->274968K(1400704K), 0.0069270 secs] [Times: user=0.02 sys=0.00, real=0.01 secs] 
2014-07-16T06:54:26.631+0000: 2845.632: [GC [PSYoungGen: 713682K->338K(687488K)] 988248K->274984K(1374464K), 0.0147330 secs] [Times: user=0.03 sys=0.00, real=0.01 secs] 
2014-07-16T06:54:28.166+0000: 2847.167: [GC [PSYoungGen: 687437K->256K(662400K)] 962083K->274997K(1349376K), 0.0044380 secs] [Times: user=0.01 sys=0.00, real=0.01 secs] 
2014-07-16T06:54:29.625+0000: 2848.626: [GC [PSYoungGen: 662396K->338K(638720K)] 937138K->275224K(1325696K), 0.0288530 secs] [Times: user=0.11 sys=0.00, real=0.03 secs] 
2014-07-16T06:54:31.046+0000: 2850.047: [GC [PSYoungGen: 638674K->256K(615872K)] 913560K->275205K(1302848K), 0.0058070 secs] [Times: user=0.01 sys=0.00, real=0.01 secs] 
2014-07-16T06:54:32.450+0000: 2851.451: [GC [PSYoungGen: 615827K->950K(594880K)] 890777K->275988K(1281856K), 0.0062010 secs] [Times: user=0.02 sys=0.00, real=0.00 secs] 
2014-07-16T06:54:33.768+0000: 2852.768: [GC [PSYoungGen: 594870K->416K(573696K)] 869908K->275533K(1260672K), 0.0119110 secs] [Times: user=0.04 sys=0.00, real=0.02 secs] 
2014-07-16T06:54:35.019+0000: 2854.019: [GC [PSYoungGen: 573664K->224K(553792K)] 848781K->275413K(1240768K), 0.0065050 secs] [Times: user=0.02 sys=0.00, real=0.01 secs] 
2014-07-16T06:54:36.241+0000: 2855.242: [GC [PSYoungGen: 553760K->416K(535104K)] 828949K->275701K(1222080K), 0.0095080 secs] [Times: user=0.02 sys=0.00, real=0.01 secs] 
2014-07-16T06:54:37.449+0000: 2856.450: [GC [PSYoungGen: 535072K->498K(517184K)] 810357K->275872K(1204160K), 0.0046090 secs] [Times: user=0.01 sys=0.00, real=0.01 secs] 
2014-07-16T06:54:38.587+0000: 2857.588: [GC [PSYoungGen: 517170K->192K(499648K)] 792544K->275709K(1186624K), 0.0204340 secs] [Times: user=0.08 sys=0.00, real=0.02 secs] 
2014-07-16T06:54:39.698+0000: 2858.698: [GC [PSYoungGen: 499640K->352K(483392K)] 775158K->275941K(1170368K), 0.0120290 secs] [Times: user=0.05 sys=0.00, real=0.01 secs] 
2014-07-16T06:54:40.762+0000: 2859.763: [GC [PSYoungGen: 483360K->338K(467648K)] 758949K->275960K(1154624K), 0.0056360 secs] [Times: user=0.01 sys=0.00, real=0.00 secs] 
2014-07-16T06:54:41.803+0000: 2860.804: [GC [PSYoungGen: 467602K->530K(561344K)] 743224K->276232K(1248320K), 0.0195540 secs] [Times: user=0.07 sys=0.00, real=0.02 secs] 
2014-07-16T06:54:43.113+0000: 2862.114: [GC [PSYoungGen: 561298K->320K(673280K)] 837000K->276077K(1360256K), 0.0213130 secs] [Times: user=0.08 sys=0.00, real=0.02 secs] 
2014-07-16T06:54:44.606+0000: 2863.607: [GC [PSYoungGen: 673280K->566K(808128K)] 949037K->276452K(1495104K), 0.0124940 secs] [Times: user=0.05 sys=0.00, real=0.01 secs] 
2014-07-16T06:54:46.373+0000: 2865.373: [GC [PSYoungGen: 808118K->288K(777280K)] 1084004K->276253K(1464256K), 0.0079750 secs] [Times: user=0.01 sys=0.00, real=0.00 secs] 
2014-07-16T06:54:48.103+0000: 2867.104: [GC [PSYoungGen: 777160K->736K(748608K)] 1053126K->276829K(1435584K), 0.0147170 secs] [Times: user=0.05 sys=0.00, real=0.01 secs] 
2014-07-16T06:54:49.718+0000: 2868.719: [GC [PSYoungGen: 748576K->352K(720448K)] 1024669K->276565K(1407424K), 0.0122790 secs] [Times: user=0.04 sys=0.00, real=0.01 secs] 
2014-07-16T06:54:51.307+0000: 2870.308: [GC [PSYoungGen: 720416K->470K(694080K)] 996629K->276788K(1381056K), 0.0181480 secs] [Times: user=0.07 sys=0.00, real=0.02 secs] 
2014-07-16T06:54:52.955+0000: 2871.955: [GC [PSYoungGen: 694038K->434K(832768K)] 970356K->276840K(1519744K), 0.0281900 secs] [Times: user=0.10 sys=0.00, real=0.03 secs] 
2014-07-16T06:54:54.786+0000: 2873.787: [GC [PSYoungGen: 832754K->192K(800768K)] 1109160K->276717K(1487744K), 0.0068030 secs] [Times: user=0.01 sys=0.00, real=0.01 secs] 
2014-07-16T06:54:56.553+0000: 2875.554: [GC [PSYoungGen: 800768K->384K(770688K)] 1077293K->276981K(1457664K), 0.0159310 secs] [Times: user=0.06 sys=0.00, real=0.02 secs] 
2014-07-16T06:54:58.281+0000: 2877.282: [GC [PSYoungGen: 770688K->562K(924992K)] 1047285K->277288K(1611968K), 0.0227480 secs] [Times: user=0.09 sys=0.00, real=0.03 secs] 
2014-07-16T06:55:00.307+0000: 2879.308: [GC [PSYoungGen: 924978K->370K(888704K)] 1201704K->277264K(1575680K), 0.0077480 secs] [Times: user=0.03 sys=0.00, real=0.01 secs] 
2014-07-16T06:55:02.376+0000: 2881.377: [GC [PSYoungGen: 888690K->594K(854592K)] 1165584K->277560K(1541568K), 0.0055890 secs] [Times: user=0.02 sys=0.00, real=0.00 secs] 
2014-07-16T06:55:04.274+0000: 2883.274: [GC [PSYoungGen: 854545K->384K(821568K)] 1131511K->277525K(1508544K), 0.0089590 secs] [Times: user=0.03 sys=0.00, real=0.01 secs] 
2014-07-16T06:55:06.075+0000: 2885.076: [GC [PSYoungGen: 821568K->338K(790336K)] 1098709K->277600K(1477312K), 0.0175930 secs] [Times: user=0.07 sys=0.00, real=0.01 secs] 
2014-07-16T06:55:07.805+0000: 2886.806: [GC [PSYoungGen: 790290K->288K(760512K)] 1067552K->277645K(1447488K), 0.0125560 secs] [Times: user=0.04 sys=0.00, real=0.01 secs] 
2014-07-16T06:55:09.481+0000: 2888.482: [GC [PSYoungGen: 760480K->416K(732288K)] 1037837K->277893K(1419264K), 0.0267240 secs] [Times: user=0.10 sys=0.00, real=0.03 secs] 
2014-07-16T06:55:11.117+0000: 2890.118: [GC [PSYoungGen: 732211K->658K(705536K)] 1009689K->278232K(1392512K), 0.0048280 secs] [Times: user=0.01 sys=0.00, real=0.00 secs] 
2014-07-16T06:55:12.701+0000: 2891.702: [GC [PSYoungGen: 705490K->416K(679488K)] 983064K->278085K(1366464K), 0.0045860 secs] [Times: user=0.01 sys=0.00, real=0.01 secs] 
2014-07-16T06:55:14.193+0000: 2893.193: [GC [PSYoungGen: 679456K->384K(654848K)] 957125K->278141K(1341824K), 0.0064100 secs] [Times: user=0.02 sys=0.00, real=0.01 secs] 
2014-07-16T06:55:15.625+0000: 2894.626: [GC [PSYoungGen: 654848K->160K(631232K)] 932605K->278005K(1318208K), 0.0239290 secs] [Times: user=0.09 sys=0.00, real=0.03 secs] 
2014-07-16T06:55:17.019+0000: 2896.019: [GC [PSYoungGen: 631200K->288K(757568K)] 909045K->278197K(1444544K), 0.0214800 secs] [Times: user=0.09 sys=0.00, real=0.02 secs] 
2014-07-16T06:55:18.702+0000: 2897.703: [GC [PSYoungGen: 757536K->452K(909248K)] 1035445K->278450K(1596224K), 0.0161820 secs] [Times: user=0.06 sys=0.01, real=0.02 secs] 
2014-07-16T06:55:20.707+0000: 2899.708: [GC [PSYoungGen: 909188K->256K(873600K)] 1187186K->278381K(1560576K), 0.0066270 secs] [Times: user=0.01 sys=0.00, real=0.01 secs] 
2014-07-16T06:55:22.698+0000: 2901.699: [GC [PSYoungGen: 873598K->562K(840256K)] 1151724K->278792K(1527232K), 0.0058860 secs] [Times: user=0.01 sys=0.01, real=0.00 secs] 
2014-07-16T06:55:24.541+0000: 2903.542: [GC [PSYoungGen: 840242K->256K(807872K)] 1118472K->278589K(1494848K), 0.0148880 secs] [Times: user=0.05 sys=0.00, real=0.01 secs] 
2014-07-16T06:55:26.314+0000: 2905.315: [GC [PSYoungGen: 807805K->292K(777344K)] 1086139K->278706K(1464320K), 0.0194590 secs] [Times: user=0.07 sys=0.00, real=0.02 secs] 
2014-07-16T06:55:28.067+0000: 2907.068: [GC [PSYoungGen: 777316K->594K(748544K)] 1055730K->279080K(1435520K), 0.0227230 secs] [Times: user=0.08 sys=0.00, real=0.03 secs] 
2014-07-16T06:55:29.715+0000: 2908.716: [GC [PSYoungGen: 748453K->356K(720512K)] 1026939K->279002K(1407488K), 0.0085380 secs] [Times: user=0.03 sys=0.00, real=0.01 secs] 
2014-07-16T06:55:31.309+0000: 2910.310: [GC [PSYoungGen: 720484K->488K(694144K)] 999130K->279230K(1381120K), 0.0061390 secs] [Times: user=0.02 sys=0.00, real=0.00 secs] 
2014-07-16T06:55:32.875+0000: 2911.876: [GC [PSYoungGen: 694118K->448K(668800K)] 972860K->279285K(1355776K), 0.0115200 secs] [Times: user=0.04 sys=0.00, real=0.01 secs] 
2014-07-16T06:55:34.352+0000: 2913.352: [GC [PSYoungGen: 668800K->402K(644736K)] 947637K->279320K(1331712K), 0.0239860 secs] [Times: user=0.09 sys=0.00, real=0.02 secs] 
2014-07-16T06:55:35.751+0000: 2914.751: [GC [PSYoungGen: 644690K->402K(773632K)] 923608K->279408K(1460608K), 0.0214580 secs] [Times: user=0.08 sys=0.00, real=0.02 secs] 
2014-07-16T06:55:37.460+0000: 2916.461: [GC [PSYoungGen: 773586K->320K(928192K)] 1052592K->279397K(1615168K), 0.0277090 secs] [Times: user=0.10 sys=0.00, real=0.02 secs] 
2014-07-16T06:55:39.523+0000: 2918.524: [GC [PSYoungGen: 928192K->612K(1114112K)] 1207269K->279818K(1801088K), 0.0256480 secs] [Times: user=0.09 sys=0.00, real=0.02 secs] 
2014-07-16T06:55:42.008+0000: 2921.008: [GC [PSYoungGen: 1114084K->698K(1068992K)] 1393290K->280448K(1755968K), 0.0051390 secs] [Times: user=0.02 sys=0.00, real=0.01 secs] 
2014-07-16T06:55:44.452+0000: 2923.453: [GC [PSYoungGen: 1068986K->128K(1282112K)] 1348736K->281260K(1969088K), 0.0307310 secs] [Times: user=0.11 sys=0.00, real=0.03 secs] 
2014-07-16T06:55:47.203+0000: 2926.203: [GC [PSYoungGen: 1282112K->480K(1230016K)] 1563244K->281732K(1916992K), 0.0059000 secs] [Times: user=0.01 sys=0.00, real=0.00 secs] 
2014-07-16T06:55:49.917+0000: 2928.917: [GC [PSYoungGen: 1229152K->384K(1178304K)] 1510404K->282004K(1865280K), 0.0062220 secs] [Times: user=0.02 sys=0.00, real=0.01 secs] 
2014-07-16T06:55:52.503+0000: 2931.503: [GC [PSYoungGen: 1178304K->726K(1130368K)] 1459924K->282514K(1817344K), 0.0305910 secs] [Times: user=0.11 sys=0.00, real=0.03 secs] 
2014-07-16T06:55:55.056+0000: 2934.056: [GC [PSYoungGen: 1130326K->416K(1084096K)] 1412114K->282292K(1771072K), 0.0166600 secs] [Times: user=0.06 sys=0.00, real=0.02 secs] 
2014-07-16T06:55:57.426+0000: 2936.427: [GC [PSYoungGen: 1083976K->420K(1040384K)] 1365852K->282448K(1727360K), 0.0055970 secs] [Times: user=0.01 sys=0.00, real=0.00 secs] 
2014-07-16T06:55:59.735+0000: 2938.736: [GC [PSYoungGen: 1040356K->498K(998784K)] 1322384K->282670K(1685760K), 0.0282440 secs] [Times: user=0.10 sys=0.00, real=0.03 secs] 
2014-07-16T06:56:01.951+0000: 2940.951: [GC [PSYoungGen: 998770K->384K(959040K)] 1280942K->282724K(1646016K), 0.0334020 secs] [Times: user=0.12 sys=0.01, real=0.04 secs] 
2014-07-16T06:56:04.110+0000: 2943.111: [GC [PSYoungGen: 959040K->416K(921344K)] 1241380K->282852K(1608320K), 0.0090890 secs] [Times: user=0.02 sys=0.00, real=0.01 secs] 
2014-07-16T06:56:06.143+0000: 2945.144: [GC [PSYoungGen: 921312K->288K(885248K)] 1203748K->282844K(1572224K), 0.0122190 secs] [Times: user=0.05 sys=0.00, real=0.02 secs] 
2014-07-16T06:56:08.096+0000: 2947.096: [GC [PSYoungGen: 885216K->388K(851136K)] 1167772K->283064K(1538112K), 0.0117430 secs] [Times: user=0.04 sys=0.00, real=0.01 secs] 
2014-07-16T06:56:09.963+0000: 2948.964: [GC [PSYoungGen: 851076K->224K(818304K)] 1133752K->283012K(1505280K), 0.0146900 secs] [Times: user=0.06 sys=0.00, real=0.02 secs] 
2014-07-16T06:56:11.777+0000: 2950.778: [GC [PSYoungGen: 818272K->384K(787392K)] 1101060K->283308K(1474368K), 0.0076860 secs] [Times: user=0.02 sys=0.00, real=0.01 secs] 
2014-07-16T06:56:13.605+0000: 2952.605: [GC [PSYoungGen: 787312K->776K(758208K)] 1070236K->283796K(1445184K), 0.0217420 secs] [Times: user=0.08 sys=0.00, real=0.03 secs] 
2014-07-16T06:56:15.243+0000: 2954.243: [GC [PSYoungGen: 758073K->324K(729536K)] 1041093K->283472K(1416512K), 0.0059940 secs] [Times: user=0.02 sys=0.00, real=0.01 secs] 
2014-07-16T06:56:16.845+0000: 2955.846: [GC [PSYoungGen: 729416K->320K(702592K)] 1012564K->283548K(1389568K), 0.0211730 secs] [Times: user=0.08 sys=0.00, real=0.02 secs] 
2014-07-16T06:56:18.498+0000: 2957.499: [GC [PSYoungGen: 702585K->996K(677632K)] 985813K->284496K(1364608K), 0.0054600 secs] [Times: user=0.02 sys=0.00, real=0.00 secs] 
2014-07-16T06:56:19.951+0000: 2958.952: [GC [PSYoungGen: 677604K->416K(652608K)] 961104K->284060K(1339584K), 0.0190300 secs] [Times: user=0.07 sys=0.00, real=0.02 secs] 
2014-07-16T06:56:21.401+0000: 2960.402: [GC [PSYoungGen: 652563K->338K(629184K)] 936207K->284118K(1316160K), 0.0056990 secs] [Times: user=0.01 sys=0.00, real=0.01 secs] 
2014-07-16T06:56:22.777+0000: 2961.777: [GC [PSYoungGen: 629138K->288K(754880K)] 912918K->284132K(1441856K), 0.0319110 secs] [Times: user=0.12 sys=0.00, real=0.03 secs] 
2014-07-16T06:56:24.507+0000: 2963.508: [GC [PSYoungGen: 754848K->320K(726784K)] 1038692K->284204K(1413760K), 0.0060900 secs] [Times: user=0.02 sys=0.00, real=0.00 secs] 
2014-07-16T06:56:26.152+0000: 2965.153: [GC [PSYoungGen: 726784K->384K(700096K)] 1010668K->284412K(1387072K), 0.0182870 secs] [Times: user=0.07 sys=0.00, real=0.02 secs] 
2014-07-16T06:56:27.686+0000: 2966.686: [GC [PSYoungGen: 700093K->594K(674816K)] 984121K->284774K(1361792K), 0.0083940 secs] [Times: user=0.03 sys=0.00, real=0.01 secs] 
2014-07-16T06:56:29.175+0000: 2968.176: [GC [PSYoungGen: 674770K->352K(650176K)] 958950K->284628K(1337152K), 0.0090930 secs] [Times: user=0.01 sys=0.00, real=0.01 secs] 
2014-07-16T06:56:30.615+0000: 2969.616: [GC [PSYoungGen: 650144K->434K(627008K)] 934420K->284846K(1313984K), 0.0070210 secs] [Times: user=0.02 sys=0.00, real=0.01 secs] 
2014-07-16T06:56:31.991+0000: 2970.992: [GC [PSYoungGen: 626994K->320K(604736K)] 911406K->284820K(1291712K), 0.0237170 secs] [Times: user=0.09 sys=0.00, real=0.02 secs] 
2014-07-16T06:56:33.325+0000: 2972.326: [GC [PSYoungGen: 604732K->562K(725888K)] 889233K->285134K(1412864K), 0.0300020 secs] [Times: user=0.11 sys=0.00, real=0.03 secs] 
2014-07-16T06:56:34.960+0000: 2973.961: [GC [PSYoungGen: 725874K->306K(870720K)] 1010446K->284926K(1557696K), 0.0047790 secs] [Times: user=0.02 sys=0.00, real=0.00 secs] 
2014-07-16T06:56:36.886+0000: 2975.887: [GC [PSYoungGen: 870706K->480K(837376K)] 1155326K->285204K(1524352K), 0.0051850 secs] [Times: user=0.01 sys=0.01, real=0.01 secs] 
2014-07-16T06:56:38.822+0000: 2977.822: [GC [PSYoungGen: 837344K->896K(805824K)] 1122068K->285900K(1492800K), 0.0141790 secs] [Times: user=0.05 sys=0.01, real=0.01 secs] 
2014-07-16T06:56:40.556+0000: 2979.556: [GC [PSYoungGen: 805759K->356K(774848K)] 1090763K->285520K(1461824K), 0.0066040 secs] [Times: user=0.01 sys=0.00, real=0.01 secs] 
2014-07-16T06:56:42.253+0000: 2981.254: [GC [PSYoungGen: 774820K->192K(745664K)] 1059984K->285484K(1432640K), 0.0167970 secs] [Times: user=0.06 sys=0.00, real=0.02 secs] 
2014-07-16T06:56:43.951+0000: 2982.952: [GC [PSYoungGen: 745583K->484K(718336K)] 1030875K->285808K(1405312K), 0.0060740 secs] [Times: user=0.01 sys=0.00, real=0.00 secs] 
2014-07-16T06:56:45.515+0000: 2984.515: [GC [PSYoungGen: 718308K->224K(691712K)] 1003632K->285644K(1378688K), 0.0184800 secs] [Times: user=0.06 sys=0.00, real=0.02 secs] 
2014-07-16T06:56:47.070+0000: 2986.071: [GC [PSYoungGen: 691580K->480K(666816K)] 977000K->285980K(1353792K), 0.0097030 secs] [Times: user=0.03 sys=0.00, real=0.00 secs] 
2014-07-16T06:56:48.537+0000: 2987.537: [GC [PSYoungGen: 666777K->352K(800000K)] 952277K->286012K(1486976K), 0.0307860 secs] [Times: user=0.11 sys=0.00, real=0.03 secs] 
2014-07-16T06:56:50.331+0000: 2989.332: [GC [PSYoungGen: 799968K->448K(769856K)] 1085628K->286196K(1456832K), 0.0069000 secs] [Times: user=0.01 sys=0.00, real=0.00 secs] 
2014-07-16T06:56:52.038+0000: 2991.038: [GC [PSYoungGen: 769826K->772K(924160K)] 1055574K->286680K(1611136K), 0.0308140 secs] [Times: user=0.09 sys=0.00, real=0.03 secs] 
2014-07-16T06:56:54.067+0000: 2993.068: [GC [PSYoungGen: 924100K->548K(1108608K)] 1210008K->286712K(1795584K), 0.0375630 secs] [Times: user=0.14 sys=0.00, real=0.04 secs] 
2014-07-16T06:56:56.548+0000: 2995.549: [GC [PSYoungGen: 1108580K->658K(1330368K)] 1394744K->286918K(2017344K), 0.0130610 secs] [Times: user=0.05 sys=0.00, real=0.02 secs] 
2014-07-16T06:56:59.527+0000: 2998.527: [GC [PSYoungGen: 1330322K->402K(1274432K)] 1616582K->286886K(1961408K), 0.0097480 secs] [Times: user=0.01 sys=0.00, real=0.01 secs] 
2014-07-16T06:57:02.327+0000: 3001.328: [GC [PSYoungGen: 1274386K->580K(1221696K)] 1560870K->287288K(1908672K), 0.0352010 secs] [Times: user=0.13 sys=0.00, real=0.04 secs] 
2014-07-16T06:57:05.093+0000: 3004.094: [GC [PSYoungGen: 1221572K->356K(1171072K)] 1508280K->287152K(1858048K), 0.0051000 secs] [Times: user=0.02 sys=0.00, real=0.00 secs] 
2014-07-16T06:57:07.766+0000: 3006.767: [GC [PSYoungGen: 1171044K->626K(1123392K)] 1457840K->287598K(1810368K), 0.0183340 secs] [Times: user=0.07 sys=0.00, real=0.02 secs] 
2014-07-16T06:57:10.266+0000: 3009.267: [GC [PSYoungGen: 1123378K->288K(1077440K)] 1410350K->287516K(1764416K), 0.0130570 secs] [Times: user=0.05 sys=0.01, real=0.01 secs] 
2014-07-16T06:57:12.628+0000: 3011.629: [GC [PSYoungGen: 1077406K->256K(1033920K)] 1364634K->287628K(1720896K), 0.0252010 secs] [Times: user=0.09 sys=0.00, real=0.02 secs] 
2014-07-16T06:57:14.925+0000: 3013.925: [GC [PSYoungGen: 1033916K->320K(992640K)] 1321288K->287748K(1679616K), 0.0125520 secs] [Times: user=0.04 sys=0.00, real=0.01 secs] 
2014-07-16T06:57:17.108+0000: 3016.109: [GC [PSYoungGen: 992640K->480K(953472K)] 1280068K->288020K(1640448K), 0.0056490 secs] [Times: user=0.02 sys=0.00, real=0.00 secs] 
2014-07-16T06:57:19.289+0000: 3018.290: [GC [PSYoungGen: 953407K->882K(916352K)] 1240947K->288942K(1603328K), 0.0092450 secs] [Times: user=0.02 sys=0.00, real=0.01 secs] 
2014-07-16T06:57:21.240+0000: 3020.241: [GC [PSYoungGen: 916338K->402K(880192K)] 1204398K->288606K(1567168K), 0.0051890 secs] [Times: user=0.02 sys=0.00, real=0.01 secs] 
2014-07-16T06:57:23.179+0000: 3022.179: [GC [PSYoungGen: 880146K->306K(846080K)] 1168350K->288686K(1533056K), 0.0101230 secs] [Times: user=0.03 sys=0.00, real=0.01 secs] 
2014-07-16T06:57:25.052+0000: 3024.052: [GC [PSYoungGen: 846066K->480K(813888K)] 1134446K->288908K(1500864K), 0.0084880 secs] [Times: user=0.01 sys=0.00, real=0.01 secs] 
2014-07-16T06:57:26.841+0000: 3025.842: [GC [PSYoungGen: 813800K->562K(783104K)] 1102229K->289078K(1470080K), 0.0153630 secs] [Times: user=0.06 sys=0.00, real=0.02 secs] 
2014-07-16T06:57:28.628+0000: 3027.629: [GC [PSYoungGen: 783090K->448K(753600K)] 1071606K->289100K(1440576K), 0.0241060 secs] [Times: user=0.08 sys=0.00, real=0.02 secs] 
2014-07-16T06:57:30.301+0000: 3029.302: [GC [PSYoungGen: 753600K->370K(725504K)] 1042252K->289230K(1412480K), 0.0112040 secs] [Times: user=0.04 sys=0.00, real=0.01 secs] 
2014-07-16T06:57:31.903+0000: 3030.904: [GC [PSYoungGen: 725490K->224K(698688K)] 1014350K->289172K(1385664K), 0.0214860 secs] [Times: user=0.09 sys=0.00, real=0.02 secs] 
2014-07-16T06:57:33.452+0000: 3032.453: [GC [PSYoungGen: 698656K->274K(673280K)] 987604K->289254K(1360256K), 0.0062660 secs] [Times: user=0.01 sys=0.00, real=0.01 secs] 
2014-07-16T06:57:34.981+0000: 3033.982: [GC [PSYoungGen: 673234K->384K(649024K)] 962214K->289420K(1336000K), 0.0105270 secs] [Times: user=0.04 sys=0.00, real=0.01 secs] 
2014-07-16T06:57:36.405+0000: 3035.406: [GC [PSYoungGen: 649024K->288K(625792K)] 938060K->289412K(1312768K), 0.0064270 secs] [Times: user=0.01 sys=0.00, real=0.01 secs] 
2014-07-16T06:57:37.780+0000: 3036.780: [GC [PSYoungGen: 625759K->598K(603968K)] 914884K->289818K(1290944K), 0.0050250 secs] [Times: user=0.02 sys=0.00, real=0.00 secs] 
2014-07-16T06:57:39.117+0000: 3038.118: [GC [PSYoungGen: 603926K->320K(582528K)] 893146K->289660K(1269504K), 0.0223400 secs] [Times: user=0.09 sys=0.00, real=0.03 secs] 
2014-07-16T06:57:40.453+0000: 3039.453: [GC [PSYoungGen: 582528K->388K(562496K)] 871868K->289840K(1249472K), 0.0074410 secs] [Times: user=0.02 sys=0.00, real=0.01 secs] 
2014-07-16T06:57:41.690+0000: 3040.691: [GC [PSYoungGen: 562389K->192K(542976K)] 851841K->289740K(1229952K), 0.0055430 secs] [Times: user=0.02 sys=0.00, real=0.00 secs] 
2014-07-16T06:57:42.884+0000: 3041.885: [GC [PSYoungGen: 542878K->356K(651776K)] 832426K->289960K(1338752K), 0.0297730 secs] [Times: user=0.11 sys=0.00, real=0.03 secs] 
2014-07-16T06:57:44.332+0000: 3043.332: [GC [PSYoungGen: 651748K->224K(781952K)] 941352K->289868K(1468928K), 0.0199460 secs] [Times: user=0.07 sys=0.00, real=0.02 secs] 
2014-07-16T06:57:46.104+0000: 3045.105: [GC [PSYoungGen: 781920K->818K(938880K)] 1071564K->290894K(1625856K), 0.0081730 secs] [Times: user=0.02 sys=0.00, real=0.01 secs] 
2014-07-16T06:57:48.156+0000: 3047.156: [GC [PSYoungGen: 938866K->576K(901888K)] 1228942K->290812K(1588864K), 0.0116730 secs] [Times: user=0.03 sys=0.00, real=0.01 secs] 
2014-07-16T06:57:50.182+0000: 3049.182: [GC [PSYoungGen: 901888K->434K(866752K)] 1192124K->290886K(1553728K), 0.0224060 secs] [Times: user=0.08 sys=0.00, real=0.02 secs] 
2014-07-16T06:57:52.088+0000: 3051.089: [GC [PSYoungGen: 866738K->306K(1039936K)] 1157190K->290910K(1726912K), 0.0326150 secs] [Times: user=0.12 sys=0.00, real=0.04 secs] 
2014-07-16T06:57:54.380+0000: 3053.381: [GC [PSYoungGen: 1039922K->320K(998336K)] 1330526K->290988K(1685312K), 0.0119090 secs] [Times: user=0.03 sys=0.00, real=0.01 secs] 
2014-07-16T06:57:56.628+0000: 3055.629: [GC [PSYoungGen: 998336K->466K(958912K)] 1289004K->291206K(1645888K), 0.0157610 secs] [Times: user=0.06 sys=0.00, real=0.02 secs] 
2014-07-16T06:57:58.780+0000: 3057.781: [GC [PSYoungGen: 958866K->416K(1150528K)] 1249606K->291332K(1837504K), 0.0290770 secs] [Times: user=0.10 sys=0.00, real=0.03 secs] 
2014-07-16T06:58:01.338+0000: 3060.339: [GC [PSYoungGen: 1150496K->580K(1103744K)] 1441412K->291704K(1790720K), 0.0102300 secs] [Times: user=0.03 sys=0.00, real=0.01 secs] 
2014-07-16T06:58:03.762+0000: 3062.763: [GC [PSYoungGen: 1103680K->288K(1058752K)] 1394804K->291572K(1745728K), 0.0171340 secs] [Times: user=0.06 sys=0.00, real=0.01 secs] 
2014-07-16T06:58:06.153+0000: 3065.154: [GC [PSYoungGen: 1058684K->666K(1016640K)] 1349968K->292030K(1703616K), 0.0228450 secs] [Times: user=0.09 sys=0.00, real=0.02 secs] 
2014-07-16T06:58:08.434+0000: 3067.434: [GC [PSYoungGen: 1016602K->658K(976128K)] 1307966K->292182K(1663104K), 0.0136050 secs] [Times: user=0.05 sys=0.01, real=0.01 secs] 
2014-07-16T06:58:10.640+0000: 3069.641: [GC [PSYoungGen: 976082K->384K(937280K)] 1267606K->292108K(1624256K), 0.0180560 secs] [Times: user=0.07 sys=0.00, real=0.02 secs] 
2014-07-16T06:58:12.709+0000: 3071.709: [GC [PSYoungGen: 937280K->242K(900416K)] 1229004K->292118K(1587392K), 0.0058110 secs] [Times: user=0.02 sys=0.00, real=0.01 secs] 
2014-07-16T06:58:14.685+0000: 3073.686: [GC [PSYoungGen: 900337K->192K(865408K)] 1192213K->292116K(1552384K), 0.0047950 secs] [Times: user=0.02 sys=0.01, real=0.00 secs] 
2014-07-16T06:58:16.625+0000: 3075.626: [GC [PSYoungGen: 865408K->466K(832448K)] 1157332K->292462K(1519424K), 0.0138190 secs] [Times: user=0.05 sys=0.00, real=0.01 secs] 
2014-07-16T06:58:18.454+0000: 3077.455: [GC [PSYoungGen: 832402K->594K(800832K)] 1124398K->292766K(1487808K), 0.0245740 secs] [Times: user=0.09 sys=0.00, real=0.02 secs] 
2014-07-16T06:58:20.353+0000: 3079.354: [GC [PSYoungGen: 800786K->882K(770880K)] 1092958K->293486K(1457856K), 0.0266290 secs] [Times: user=0.08 sys=0.00, real=0.03 secs] 
2014-07-16T06:58:21.958+0000: 3080.958: [GC [PSYoungGen: 770826K->292K(924352K)] 1063430K->293146K(1611328K), 0.0268650 secs] [Times: user=0.10 sys=0.00, real=0.03 secs] 
2014-07-16T06:58:24.011+0000: 3083.011: [GC [PSYoungGen: 924324K->384K(888320K)] 1217178K->293374K(1575296K), 0.0079140 secs] [Times: user=0.02 sys=0.00, real=0.01 secs] 
2014-07-16T06:58:25.971+0000: 3084.971: [GC [PSYoungGen: 888320K->320K(1065856K)] 1181310K->293406K(1752832K), 0.0261410 secs] [Times: user=0.10 sys=0.00, real=0.03 secs] 
2014-07-16T06:58:28.335+0000: 3087.336: [GC [PSYoungGen: 1065856K->416K(1023104K)] 1358942K->293622K(1710080K), 0.0062790 secs] [Times: user=0.02 sys=0.00, real=0.00 secs] 
2014-07-16T06:58:30.629+0000: 3089.629: [GC [PSYoungGen: 1023072K->566K(982400K)] 1316278K->293948K(1669376K), 0.0057820 secs] [Times: user=0.02 sys=0.00, real=0.00 secs] 
2014-07-16T06:58:32.771+0000: 3091.772: [GC [PSYoungGen: 982390K->320K(943296K)] 1275772K->293862K(1630272K), 0.0072320 secs] [Times: user=0.02 sys=0.00, real=0.01 secs] 
2014-07-16T06:58:34.856+0000: 3093.857: [GC [PSYoungGen: 943296K->850K(906880K)] 1236838K->294488K(1593856K), 0.0330860 secs] [Times: user=0.12 sys=0.00, real=0.03 secs] 
2014-07-16T06:58:36.869+0000: 3095.870: [GC [PSYoungGen: 906834K->416K(871168K)] 1200472K->294142K(1558144K), 0.0272290 secs] [Times: user=0.10 sys=0.00, real=0.03 secs] 
2014-07-16T06:58:38.808+0000: 3097.808: [GC [PSYoungGen: 871136K->576K(1045440K)] 1164862K->294510K(1732416K), 0.0238850 secs] [Times: user=0.09 sys=0.00, real=0.02 secs] 
2014-07-16T06:58:41.161+0000: 3100.162: [GC [PSYoungGen: 1045440K->580K(1003648K)] 1339374K->294642K(1690624K), 0.0049980 secs] [Times: user=0.02 sys=0.00, real=0.00 secs] 
2014-07-16T06:58:43.364+0000: 3102.364: [GC [PSYoungGen: 1003588K->356K(963520K)] 1297650K->294570K(1650496K), 0.0119820 secs] [Times: user=0.03 sys=0.00, real=0.01 secs] 
2014-07-16T06:58:45.486+0000: 3104.487: [GC [PSYoungGen: 963448K->356K(925568K)] 1257662K->294626K(1612544K), 0.0254360 secs] [Times: user=0.09 sys=0.00, real=0.03 secs] 
2014-07-16T06:58:47.569+0000: 3106.570: [GC [PSYoungGen: 925540K->754K(1111040K)] 1219810K->295088K(1798016K), 0.0358310 secs] [Times: user=0.14 sys=0.00, real=0.03 secs] 
2014-07-16T06:58:50.043+0000: 3109.044: [GC [PSYoungGen: 1111026K->480K(1065792K)] 1405360K->294998K(1752768K), 0.0055130 secs] [Times: user=0.01 sys=0.00, real=0.01 secs] 
2014-07-16T06:58:52.474+0000: 3111.475: [GC [PSYoungGen: 1065760K->384K(1022784K)] 1360278K->295086K(1709760K), 0.0071730 secs] [Times: user=0.02 sys=0.00, real=0.01 secs] 
2014-07-16T06:58:54.725+0000: 3113.726: [GC [PSYoungGen: 1022784K->256K(981888K)] 1317486K->295126K(1668864K), 0.0179290 secs] [Times: user=0.06 sys=0.00, real=0.02 secs] 
2014-07-16T06:58:56.933+0000: 3115.934: [GC [PSYoungGen: 981888K->352K(943168K)] 1276758K->295302K(1630144K), 0.0062630 secs] [Times: user=0.02 sys=0.00, real=0.01 secs] 
2014-07-16T06:58:59.027+0000: 3118.028: [GC [PSYoungGen: 943136K->452K(906304K)] 1238086K->295570K(1593280K), 0.0178370 secs] [Times: user=0.06 sys=0.00, real=0.02 secs] 
2014-07-16T06:59:01.067+0000: 3120.068: [GC [PSYoungGen: 906244K->434K(871040K)] 1201362K->295696K(1558016K), 0.0129790 secs] [Times: user=0.04 sys=0.01, real=0.02 secs] 
2014-07-16T06:59:03.006+0000: 3122.007: [GC [PSYoungGen: 871026K->416K(837504K)] 1166288K->295822K(1524480K), 0.0196740 secs] [Times: user=0.07 sys=0.00, real=0.02 secs] 
2014-07-16T06:59:04.859+0000: 3123.860: [GC [PSYoungGen: 837472K->488K(805568K)] 1132878K->295966K(1492544K), 0.0159030 secs] [Times: user=0.07 sys=0.00, real=0.02 secs] 
2014-07-16T06:59:06.644+0000: 3125.645: [GC [PSYoungGen: 805544K->448K(775040K)] 1101022K->295998K(1462016K), 0.0130770 secs] [Times: user=0.02 sys=0.00, real=0.01 secs] 
2014-07-16T06:59:08.360+0000: 3127.361: [GC [PSYoungGen: 775040K->320K(745856K)] 1070590K->296006K(1432832K), 0.0136070 secs] [Times: user=0.05 sys=0.00, real=0.02 secs] 
2014-07-16T06:59:10.035+0000: 3129.036: [GC [PSYoungGen: 745856K->612K(718528K)] 1041542K->296410K(1405504K), 0.0244110 secs] [Times: user=0.09 sys=0.00, real=0.02 secs] 
2014-07-16T06:59:11.733+0000: 3130.734: [GC [PSYoungGen: 718500K->616K(692160K)] 1014298K->296822K(1379136K), 0.0063960 secs] [Times: user=0.01 sys=0.01, real=0.00 secs] 
2014-07-16T06:59:13.274+0000: 3132.274: [GC [PSYoungGen: 692136K->740K(667136K)] 988342K->297090K(1354112K), 0.0106560 secs] [Times: user=0.03 sys=0.00, real=0.01 secs] 
2014-07-16T06:59:14.719+0000: 3133.719: [GC [PSYoungGen: 667108K->192K(642560K)] 963458K->296694K(1329536K), 0.0098950 secs] [Times: user=0.02 sys=0.00, real=0.01 secs] 
2014-07-16T06:59:16.236+0000: 3135.236: [GC [PSYoungGen: 642560K->868K(771776K)] 939062K->297434K(1458752K), 0.0284890 secs] [Times: user=0.11 sys=0.00, real=0.03 secs] 
2014-07-16T06:59:17.899+0000: 3136.899: [GC [PSYoungGen: 771748K->452K(925568K)] 1068314K->297154K(1612544K), 0.0232340 secs] [Times: user=0.09 sys=0.00, real=0.02 secs] 
2014-07-16T06:59:19.943+0000: 3138.944: [GC [PSYoungGen: 925508K->434K(889344K)] 1222210K->297256K(1576320K), 0.0053810 secs] [Times: user=0.01 sys=0.00, real=0.00 secs] 
2014-07-16T06:59:21.941+0000: 3140.942: [GC [PSYoungGen: 889256K->466K(854976K)] 1186078K->297464K(1541952K), 0.0048240 secs] [Times: user=0.01 sys=0.00, real=0.01 secs] 
2014-07-16T06:59:23.827+0000: 3142.828: [GC [PSYoungGen: 854881K->640K(822336K)] 1151879K->297750K(1509312K), 0.0106530 secs] [Times: user=0.03 sys=0.00, real=0.01 secs] 
2014-07-16T06:59:25.631+0000: 3144.632: [GC [PSYoungGen: 822336K->384K(790848K)] 1119446K->297574K(1477824K), 0.0277640 secs] [Times: user=0.09 sys=0.01, real=0.03 secs] 
2014-07-16T06:59:27.385+0000: 3146.385: [GC [PSYoungGen: 790848K->384K(761088K)] 1088038K->297670K(1448064K), 0.0120400 secs] [Times: user=0.04 sys=0.00, real=0.01 secs] 
2014-07-16T06:59:29.077+0000: 3148.078: [GC [PSYoungGen: 761088K->854K(733248K)] 1058374K->298316K(1420224K), 0.0072920 secs] [Times: user=0.02 sys=0.00, real=0.01 secs] 
2014-07-16T06:59:30.684+0000: 3149.685: [GC [PSYoungGen: 733206K->370K(705664K)] 1030668K->297944K(1392640K), 0.0087150 secs] [Times: user=0.02 sys=0.00, real=0.01 secs] 
2014-07-16T06:59:32.269+0000: 3151.270: [GC [PSYoungGen: 705650K->256K(679744K)] 1003224K->297910K(1366720K), 0.0062030 secs] [Times: user=0.01 sys=0.00, real=0.01 secs] 
2014-07-16T06:59:33.801+0000: 3152.802: [GC [PSYoungGen: 679744K->388K(655360K)] 977398K->298122K(1342336K), 0.0107460 secs] [Times: user=0.04 sys=0.00, real=0.01 secs] 
2014-07-16T06:59:35.249+0000: 3154.250: [GC [PSYoungGen: 655288K->356K(631808K)] 953022K->298202K(1318784K), 0.0168180 secs] [Times: user=0.06 sys=0.00, real=0.02 secs] 
2014-07-16T06:59:36.706+0000: 3155.707: [GC [PSYoungGen: 631696K->598K(609664K)] 929542K->298500K(1296640K), 0.0204500 secs] [Times: user=0.08 sys=0.00, real=0.02 secs] 
2014-07-16T06:59:38.032+0000: 3157.033: [GC [PSYoungGen: 609552K->886K(731776K)] 907454K->298956K(1418752K), 0.0273900 secs] [Times: user=0.11 sys=0.00, real=0.03 secs] 
2014-07-16T06:59:39.647+0000: 3158.648: [GC [PSYoungGen: 731766K->384K(877440K)] 1029836K->298542K(1564416K), 0.0194070 secs] [Times: user=0.06 sys=0.00, real=0.02 secs] 
2014-07-16T06:59:41.709+0000: 3160.710: [GC [PSYoungGen: 877440K->932K(1053440K)] 1175598K->299322K(1740416K), 0.0361390 secs] [Times: user=0.14 sys=0.00, real=0.03 secs] 
2014-07-16T06:59:44.088+0000: 3163.089: [GC [PSYoungGen: 1053369K->548K(1263552K)] 1351759K->299090K(1950528K), 0.0065130 secs] [Times: user=0.02 sys=0.00, real=0.00 secs] 
2014-07-16T06:59:46.951+0000: 3165.952: [GC [PSYoungGen: 1263524K->562K(1211136K)] 1562066K->299272K(1898112K), 0.0143450 secs] [Times: user=0.06 sys=0.00, real=0.01 secs] 
2014-07-16T06:59:49.638+0000: 3168.639: [GC [PSYoungGen: 1211122K->922K(1161664K)] 1509832K->299816K(1848640K), 0.0287960 secs] [Times: user=0.11 sys=0.00, real=0.02 secs] 
2014-07-16T06:59:52.241+0000: 3171.241: [GC [PSYoungGen: 1161626K->448K(1113664K)] 1460520K->299550K(1800640K), 0.0066540 secs] [Times: user=0.02 sys=0.00, real=0.00 secs] 
2014-07-16T06:59:54.699+0000: 3173.699: [GC [PSYoungGen: 1113664K->434K(1068480K)] 1412766K->299680K(1755456K), 0.0117870 secs] [Times: user=0.03 sys=0.00, real=0.01 secs] 
2014-07-16T06:59:57.105+0000: 3176.106: [GC [PSYoungGen: 1068466K->818K(1025856K)] 1367712K->300168K(1712832K), 0.0080240 secs] [Times: user=0.03 sys=0.00, real=0.01 secs] 
2014-07-16T06:59:59.352+0000: 3178.353: [GC [PSYoungGen: 1025767K->352K(984512K)] 1325117K->299862K(1671488K), 0.0070690 secs] [Times: user=0.01 sys=0.00, real=0.01 secs] 
2014-07-16T07:00:01.554+0000: 3180.554: [GC [PSYoungGen: 984480K->562K(945728K)] 1283990K->300232K(1632704K), 0.0189490 secs] [Times: user=0.07 sys=0.00, real=0.02 secs] 
2014-07-16T07:00:03.703+0000: 3182.703: [GC [PSYoungGen: 945714K->256K(908288K)] 1245384K->300046K(1595264K), 0.0142450 secs] [Times: user=0.04 sys=0.01, real=0.01 secs] 
2014-07-16T07:00:05.695+0000: 3184.696: [GC [PSYoungGen: 908288K->420K(873152K)] 1208078K->300354K(1560128K), 0.0201500 secs] [Times: user=0.06 sys=0.00, real=0.02 secs] 
2014-07-16T07:00:07.686+0000: 3186.687: [GC [PSYoungGen: 873124K->352K(839424K)] 1173058K->300350K(1526400K), 0.0152300 secs] [Times: user=0.06 sys=0.00, real=0.02 secs] 
2014-07-16T07:00:09.540+0000: 3188.541: [GC [PSYoungGen: 839392K->338K(807360K)] 1139390K->300512K(1494336K), 0.0296890 secs] [Times: user=0.11 sys=0.00, real=0.03 secs] 
2014-07-16T07:00:11.342+0000: 3190.343: [GC [PSYoungGen: 807314K->978K(777472K)] 1107488K->301272K(1464448K), 0.0095710 secs] [Times: user=0.03 sys=0.00, real=0.01 secs] 
2014-07-16T07:00:13.113+0000: 3192.113: [GC [PSYoungGen: 777423K->370K(747712K)] 1077717K->300760K(1434688K), 0.0123460 secs] [Times: user=0.02 sys=0.01, real=0.01 secs] 
2014-07-16T07:00:14.775+0000: 3193.776: [GC [PSYoungGen: 747698K->306K(719872K)] 1048088K->300824K(1406848K), 0.0231610 secs] [Times: user=0.08 sys=0.00, real=0.02 secs] 
2014-07-16T07:00:16.373+0000: 3195.374: [GC [PSYoungGen: 719858K->420K(693568K)] 1020376K->301026K(1380544K), 0.0049600 secs] [Times: user=0.02 sys=0.00, real=0.00 secs] 
2014-07-16T07:00:17.935+0000: 3196.936: [GC [PSYoungGen: 693540K->452K(668416K)] 994146K->301170K(1355392K), 0.0111390 secs] [Times: user=0.04 sys=0.00, real=0.01 secs] 
2014-07-16T07:00:19.412+0000: 3198.413: [GC [PSYoungGen: 668356K->338K(644224K)] 969074K->301192K(1331200K), 0.0063460 secs] [Times: user=0.02 sys=0.00, real=0.00 secs] 
2014-07-16T07:00:20.834+0000: 3199.835: [GC [PSYoungGen: 644178K->370K(772992K)] 945032K->301304K(1459968K), 0.0340120 secs] [Times: user=0.13 sys=0.00, real=0.03 secs] 
2014-07-16T07:00:22.584+0000: 3201.585: [GC [PSYoungGen: 772936K->580K(744320K)] 1073870K->301602K(1431296K), 0.0103420 secs] [Times: user=0.02 sys=0.00, real=0.01 secs] 
2014-07-16T07:00:24.227+0000: 3203.227: [GC [PSYoungGen: 744256K->448K(892864K)] 1045278K->301566K(1579840K), 0.0190700 secs] [Times: user=0.07 sys=0.00, real=0.02 secs] 
2014-07-16T07:00:26.193+0000: 3205.194: [GC [PSYoungGen: 892850K->534K(1071488K)] 1193968K->301748K(1758464K), 0.0258220 secs] [Times: user=0.09 sys=0.00, real=0.03 secs] 
2014-07-16T07:00:28.559+0000: 3207.560: [GC [PSYoungGen: 1071446K->868K(1286016K)] 1372660K->302186K(1972992K), 0.0391760 secs] [Times: user=0.15 sys=0.00, real=0.04 secs] 
2014-07-16T07:00:31.394+0000: 3210.395: [GC [PSYoungGen: 1285988K->320K(1344960K)] 1587306K->301814K(2031936K), 0.0160810 secs] [Times: user=0.06 sys=0.00, real=0.01 secs] 
2014-07-16T07:00:34.394+0000: 3213.395: [GC [PSYoungGen: 1344896K->722K(1345600K)] 1646390K->302344K(2032576K), 0.0304490 secs] [Times: user=0.10 sys=0.00, real=0.03 secs] 
2014-07-16T07:00:37.362+0000: 3216.363: [GC [PSYoungGen: 1345298K->800K(1289024K)] 1646920K->302582K(1976000K), 0.0108500 secs] [Times: user=0.03 sys=0.00, real=0.01 secs] 
2014-07-16T07:00:40.223+0000: 3219.224: [GC [PSYoungGen: 1288992K->448K(1235008K)] 1590774K->302414K(1921984K), 0.0053520 secs] [Times: user=0.02 sys=0.00, real=0.01 secs] 
2014-07-16T07:00:42.989+0000: 3221.989: [GC [PSYoungGen: 1235007K->630K(1184192K)] 1536973K->302764K(1871168K), 0.0176890 secs] [Times: user=0.06 sys=0.01, real=0.02 secs] 
2014-07-16T07:00:45.625+0000: 3224.626: [GC [PSYoungGen: 1184182K->548K(1135552K)] 1486316K->302826K(1822528K), 0.0369330 secs] [Times: user=0.14 sys=0.01, real=0.04 secs] 
2014-07-16T07:00:48.159+0000: 3227.159: [GC [PSYoungGen: 1135524K->416K(1089216K)] 1437802K->302870K(1776192K), 0.0228620 secs] [Times: user=0.09 sys=0.00, real=0.02 secs] 
2014-07-16T07:00:50.562+0000: 3229.563: [GC [PSYoungGen: 1089184K->480K(1045312K)] 1391638K->303142K(1732288K), 0.0285150 secs] [Times: user=0.10 sys=0.00, real=0.03 secs] 
2014-07-16T07:00:52.927+0000: 3231.928: [GC [PSYoungGen: 1045238K->416K(1003392K)] 1347900K->303174K(1690368K), 0.0179400 secs] [Times: user=0.07 sys=0.00, real=0.01 secs] 
2014-07-16T07:00:55.162+0000: 3234.163: [GC [PSYoungGen: 1003360K->434K(963520K)] 1306118K->303336K(1650496K), 0.0232380 secs] [Times: user=0.08 sys=0.01, real=0.02 secs] 
2014-07-16T07:00:57.281+0000: 3236.281: [GC [PSYoungGen: 963506K->448K(925568K)] 1266408K->303462K(1612544K), 0.0131540 secs] [Times: user=0.04 sys=0.00, real=0.01 secs] 
2014-07-16T07:00:59.365+0000: 3238.366: [GC [PSYoungGen: 925568K->320K(889280K)] 1228582K->303470K(1576256K), 0.0231740 secs] [Times: user=0.08 sys=0.00, real=0.03 secs] 
2014-07-16T07:01:01.325+0000: 3240.326: [GC [PSYoungGen: 889280K->306K(854848K)] 1192430K->303616K(1541824K), 0.0240010 secs] [Times: user=0.08 sys=0.00, real=0.03 secs] 
2014-07-16T07:01:03.352+0000: 3242.352: [GC [PSYoungGen: 854834K->448K(822208K)] 1158144K->303846K(1509184K), 0.0085690 secs] [Times: user=0.04 sys=0.00, real=0.01 secs] 
2014-07-16T07:01:05.154+0000: 3244.154: [GC [PSYoungGen: 822208K->598K(791168K)] 1125606K->304124K(1478144K), 0.0129340 secs] [Times: user=0.05 sys=0.00, real=0.01 secs] 
2014-07-16T07:01:06.933+0000: 3245.934: [GC [PSYoungGen: 791126K->804K(761600K)] 1094652K->304434K(1448576K), 0.0152880 secs] [Times: user=0.05 sys=0.00, real=0.01 secs] 
2014-07-16T07:01:08.602+0000: 3247.603: [GC [PSYoungGen: 761572K->256K(732672K)] 1065202K->304070K(1419648K), 0.0242390 secs] [Times: user=0.09 sys=0.00, real=0.02 secs] 
2014-07-16T07:01:10.260+0000: 3249.261: [GC [PSYoungGen: 732672K->886K(706240K)] 1036486K->304844K(1393216K), 0.0081410 secs] [Times: user=0.03 sys=0.00, real=0.00 secs] 
2014-07-16T07:01:11.805+0000: 3250.806: [GC [PSYoungGen: 706230K->420K(680000K)] 1010188K->304498K(1366976K), 0.0212730 secs] [Times: user=0.07 sys=0.00, real=0.02 secs] 
2014-07-16T07:01:13.414+0000: 3252.415: [GC [PSYoungGen: 679972K->448K(655424K)] 984050K->304574K(1342400K), 0.0054690 secs] [Times: user=0.02 sys=0.00, real=0.00 secs] 
2014-07-16T07:01:14.810+0000: 3253.810: [GC [PSYoungGen: 655392K->420K(631936K)] 959518K->304658K(1318912K), 0.0191680 secs] [Times: user=0.07 sys=0.00, real=0.02 secs] 
2014-07-16T07:01:16.215+0000: 3255.216: [GC [PSYoungGen: 631908K->320K(758144K)] 936146K->304606K(1445120K), 0.0185050 secs] [Times: user=0.07 sys=0.00, real=0.02 secs] 
2014-07-16T07:01:17.898+0000: 3256.899: [GC [PSYoungGen: 758144K->256K(909696K)] 1062430K->304638K(1596672K), 0.0267100 secs] [Times: user=0.10 sys=0.00, real=0.03 secs] 
2014-07-16T07:01:19.939+0000: 3258.940: [GC [PSYoungGen: 909696K->754K(874816K)] 1214078K->305224K(1561792K), 0.0070470 secs] [Times: user=0.02 sys=0.00, real=0.01 secs] 
2014-07-16T07:01:21.861+0000: 3260.862: [GC [PSYoungGen: 874802K->484K(840832K)] 1179272K->305082K(1527808K), 0.0052870 secs] [Times: user=0.02 sys=0.00, real=0.01 secs] 
2014-07-16T07:01:23.761+0000: 3262.761: [GC [PSYoungGen: 840804K->416K(808640K)] 1145402K->305118K(1495616K), 0.0083080 secs] [Times: user=0.02 sys=0.00, real=0.01 secs] 
2014-07-16T07:01:25.557+0000: 3264.558: [GC [PSYoungGen: 808608K->288K(777920K)] 1113310K->305118K(1464896K), 0.0047500 secs] [Times: user=0.02 sys=0.00, real=0.00 secs] 
2014-07-16T07:01:27.283+0000: 3266.283: [GC [PSYoungGen: 777888K->288K(748736K)] 1082718K->305214K(1435712K), 0.0047910 secs] [Times: user=0.02 sys=0.00, real=0.00 secs] 
2014-07-16T07:01:28.935+0000: 3267.935: [GC [PSYoungGen: 748704K->594K(721280K)] 1053630K->305680K(1408256K), 0.0210900 secs] [Times: user=0.08 sys=0.00, real=0.02 secs] 
2014-07-16T07:01:30.532+0000: 3269.532: [GC [PSYoungGen: 721205K->256K(694400K)] 1026291K->305462K(1381376K), 0.0282840 secs] [Times: user=0.11 sys=0.00, real=0.03 secs] 
2014-07-16T07:01:32.081+0000: 3271.081: [GC [PSYoungGen: 694400K->370K(669248K)] 999606K->305640K(1356224K), 0.0064960 secs] [Times: user=0.02 sys=0.00, real=0.01 secs] 
2014-07-16T07:01:33.657+0000: 3272.658: [GC [PSYoungGen: 669234K->498K(645248K)] 974504K->305824K(1332224K), 0.0130770 secs] [Times: user=0.05 sys=0.00, real=0.01 secs] 
2014-07-16T07:01:35.048+0000: 3274.048: [GC [PSYoungGen: 645234K->498K(774208K)] 950560K->305944K(1461184K), 0.0265390 secs] [Times: user=0.09 sys=0.00, real=0.03 secs] 
2014-07-16T07:01:36.893+0000: 3275.894: [GC [PSYoungGen: 774131K->626K(745344K)] 1079577K->306168K(1432320K), 0.0050850 secs] [Times: user=0.02 sys=0.01, real=0.01 secs] 
2014-07-16T07:01:38.615+0000: 3277.616: [GC [PSYoungGen: 745330K->548K(717632K)] 1050872K->306658K(1404608K), 0.0161980 secs] [Times: user=0.05 sys=0.00, real=0.01 secs] 
2014-07-16T07:01:40.139+0000: 3279.140: [GC [PSYoungGen: 717601K->580K(861120K)] 1023711K->306826K(1548096K), 0.0222150 secs] [Times: user=0.08 sys=0.00, real=0.02 secs] 
2014-07-16T07:01:42.042+0000: 3281.043: [GC [PSYoungGen: 861057K->1014K(828416K)] 1167303K->307412K(1515392K), 0.0066020 secs] [Times: user=0.02 sys=0.00, real=0.01 secs] 
2014-07-16T07:01:43.955+0000: 3282.956: [GC [PSYoungGen: 828406K->722K(796672K)] 1134804K->307208K(1483648K), 0.0084010 secs] [Times: user=0.02 sys=0.00, real=0.00 secs] 
2014-07-16T07:01:45.686+0000: 3284.686: [GC [PSYoungGen: 796626K->256K(766144K)] 1103112K->306878K(1453120K), 0.0112370 secs] [Times: user=0.02 sys=0.01, real=0.01 secs] 
2014-07-16T07:01:47.376+0000: 3286.376: [GC [PSYoungGen: 766144K->434K(919552K)] 1072766K->307136K(1606528K), 0.0342230 secs] [Times: user=0.13 sys=0.00, real=0.03 secs] 
2014-07-16T07:01:49.437+0000: 3288.438: [GC [PSYoungGen: 919538K->480K(1103488K)] 1226240K->307334K(1790464K), 0.0192130 secs] [Times: user=0.06 sys=0.00, real=0.02 secs] 
2014-07-16T07:01:51.873+0000: 3290.874: [GC [PSYoungGen: 1103456K->224K(1323840K)] 1410310K->307230K(2010816K), 0.0322780 secs] [Times: user=0.11 sys=0.00, real=0.03 secs] 
2014-07-16T07:01:54.837+0000: 3293.837: [GC [PSYoungGen: 1323808K->384K(1588736K)] 1630814K->307470K(2275712K), 0.0268840 secs] [Times: user=0.10 sys=0.00, real=0.03 secs] 
2014-07-16T07:01:58.375+0000: 3297.376: [GC [PSYoungGen: 1588691K->1032K(1521152K)] 1895778K->308254K(2208128K), 0.0243660 secs] [Times: user=0.09 sys=0.00, real=0.03 secs] 
2014-07-16T07:02:01.769+0000: 3300.770: [GC [PSYoungGen: 1521096K->576K(1455680K)] 1828318K->308030K(2142656K), 0.0091920 secs] [Times: user=0.01 sys=0.00, real=0.01 secs] 
2014-07-16T07:02:05.046+0000: 3304.047: [GC [PSYoungGen: 1455680K->1138K(1394496K)] 1763134K->308776K(2081472K), 0.0071240 secs] [Times: user=0.02 sys=0.00, real=0.01 secs] 
2014-07-16T07:02:08.212+0000: 3307.213: [GC [PSYoungGen: 1394482K->544K(1335168K)] 1702120K->308318K(2022144K), 0.0059490 secs] [Times: user=0.02 sys=0.00, real=0.00 secs] 
2014-07-16T07:02:11.224+0000: 3310.224: [GC [PSYoungGen: 1335136K->434K(1279168K)] 1642910K->308504K(1966144K), 0.0327640 secs] [Times: user=0.12 sys=0.00, real=0.03 secs] 
2014-07-16T07:02:14.115+0000: 3313.116: [GC [PSYoungGen: 1279154K->1202K(1226752K)] 1587224K->309480K(1913728K), 0.0050420 secs] [Times: user=0.02 sys=0.00, real=0.01 secs] 
2014-07-16T07:02:16.774+0000: 3315.775: [GC [PSYoungGen: 1226715K->1114K(1176064K)] 1534993K->309504K(1863040K), 0.0133700 secs] [Times: user=0.04 sys=0.00, real=0.01 secs] 
2014-07-16T07:02:19.420+0000: 3318.421: [GC [PSYoungGen: 1175968K->480K(1127296K)] 1484358K->309022K(1814272K), 0.0052930 secs] [Times: user=0.01 sys=0.00, real=0.00 secs] 
2014-07-16T07:02:21.868+0000: 3320.868: [GC [PSYoungGen: 1127264K->274K(1081280K)] 1435806K->309024K(1768256K), 0.0053200 secs] [Times: user=0.01 sys=0.00, real=0.01 secs] 
2014-07-16T07:02:24.362+0000: 3323.363: [GC [PSYoungGen: 1081234K->1252K(1038656K)] 1389984K->310098K(1725632K), 0.0340980 secs] [Times: user=0.13 sys=0.00, real=0.03 secs] 
2014-07-16T07:02:26.629+0000: 3325.630: [GC [PSYoungGen: 1038628K->626K(996480K)] 1347474K->309600K(1683456K), 0.0090820 secs] [Times: user=0.02 sys=0.00, real=0.01 secs] 
2014-07-16T07:02:28.819+0000: 3327.820: [GC [PSYoungGen: 996466K->534K(956864K)] 1305440K->309708K(1643840K), 0.0233300 secs] [Times: user=0.09 sys=0.00, real=0.03 secs] 
2014-07-16T07:02:30.948+0000: 3329.949: [GC [PSYoungGen: 956822K->288K(918976K)] 1265996K->309614K(1605952K), 0.0228480 secs] [Times: user=0.08 sys=0.00, real=0.02 secs] 
2014-07-16T07:02:32.984+0000: 3331.984: [GC [PSYoungGen: 918944K->790K(883648K)] 1228270K->310220K(1570624K), 0.0270320 secs] [Times: user=0.10 sys=0.00, real=0.02 secs] 
2014-07-16T07:02:34.952+0000: 3333.953: [GC [PSYoungGen: 883606K->672K(1060096K)] 1193036K->310174K(1747072K), 0.0326250 secs] [Times: user=0.12 sys=0.00, real=0.04 secs] 
2014-07-16T07:02:37.308+0000: 3336.308: [GC [PSYoungGen: 1060064K->1010K(1017856K)] 1369566K->310632K(1704832K), 0.0080920 secs] [Times: user=0.02 sys=0.00, real=0.01 secs] 
2014-07-16T07:02:39.591+0000: 3338.591: [GC [PSYoungGen: 1017799K->484K(976832K)] 1327421K->310266K(1663808K), 0.0149920 secs] [Times: user=0.05 sys=0.01, real=0.02 secs] 
2014-07-16T07:02:41.728+0000: 3340.728: [GC [PSYoungGen: 976804K->416K(938176K)] 1286586K->310414K(1625152K), 0.0141000 secs] [Times: user=0.05 sys=0.00, real=0.01 secs] 
2014-07-16T07:02:43.796+0000: 3342.797: [GC [PSYoungGen: 938104K->570K(901568K)] 1248103K->310632K(1588544K), 0.0184710 secs] [Times: user=0.07 sys=0.00, real=0.02 secs] 
2014-07-16T07:02:45.856+0000: 3344.857: [GC [PSYoungGen: 901562K->480K(866496K)] 1211624K->310598K(1553472K), 0.0062310 secs] [Times: user=0.02 sys=0.00, real=0.00 secs] 
2014-07-16T07:02:47.768+0000: 3346.769: [GC [PSYoungGen: 866464K->712K(833408K)] 1176582K->310982K(1520384K), 0.0301910 secs] [Times: user=0.11 sys=0.00, real=0.03 secs] 
2014-07-16T07:02:49.735+0000: 3348.736: [GC [PSYoungGen: 833352K->946K(801856K)] 1143622K->311360K(1488832K), 0.0063650 secs] [Times: user=0.02 sys=0.00, real=0.00 secs] 
2014-07-16T07:02:51.450+0000: 3350.451: [GC [PSYoungGen: 801841K->530K(771200K)] 1112255K->311168K(1458176K), 0.0198080 secs] [Times: user=0.07 sys=0.00, real=0.02 secs] 
2014-07-16T07:02:53.150+0000: 3352.151: [GC [PSYoungGen: 771154K->256K(742016K)] 1081792K->310942K(1428992K), 0.0132130 secs] [Times: user=0.05 sys=0.00, real=0.01 secs] 
2014-07-16T07:02:54.862+0000: 3353.862: [GC [PSYoungGen: 742015K->530K(714816K)] 1052701K->311264K(1401792K), 0.0120590 secs] [Times: user=0.03 sys=0.00, real=0.01 secs] 
2014-07-16T07:02:56.402+0000: 3355.402: [GC [PSYoungGen: 714753K->484K(688512K)] 1025487K->311322K(1375488K), 0.0153390 secs] [Times: user=0.04 sys=0.00, real=0.02 secs] 
2014-07-16T07:02:57.936+0000: 3356.937: [GC [PSYoungGen: 688481K->352K(663360K)] 999319K->311286K(1350336K), 0.0109650 secs] [Times: user=0.03 sys=0.00, real=0.02 secs] 
2014-07-16T07:02:59.404+0000: 3358.405: [GC [PSYoungGen: 663296K->352K(639552K)] 974230K->311414K(1326528K), 0.0062860 secs] [Times: user=0.02 sys=0.00, real=0.01 secs] 
2014-07-16T07:03:00.900+0000: 3359.901: [GC [PSYoungGen: 639520K->1124K(617600K)] 950582K->312338K(1304576K), 0.0123840 secs] [Times: user=0.02 sys=0.01, real=0.01 secs] 
2014-07-16T07:03:02.246+0000: 3361.247: [GC [PSYoungGen: 617541K->320K(595072K)] 928755K->311646K(1282048K), 0.0147900 secs] [Times: user=0.06 sys=0.00, real=0.02 secs] 
2014-07-16T07:03:03.557+0000: 3362.558: [GC [PSYoungGen: 595072K->192K(574208K)] 906398K->311606K(1261184K), 0.0135450 secs] [Times: user=0.03 sys=0.00, real=0.01 secs] 
2014-07-16T07:03:04.842+0000: 3363.842: [GC [PSYoungGen: 574208K->722K(689600K)] 885622K->312176K(1376576K), 0.0366860 secs] [Times: user=0.11 sys=0.00, real=0.14 secs] 
2014-07-16T07:03:06.400+0000: 3365.400: [GC [PSYoungGen: 689554K->498K(827136K)] 1001008K->312016K(1514112K), 0.0179490 secs] [Times: user=0.06 sys=0.00, real=0.02 secs] 
2014-07-16T07:03:08.248+0000: 3367.248: [GC [PSYoungGen: 827122K->608K(992640K)] 1138640K->312270K(1679616K), 0.0278490 secs] [Times: user=0.10 sys=0.00, real=0.03 secs] 
2014-07-16T07:03:10.544+0000: 3369.544: [GC [PSYoungGen: 992575K->612K(1191040K)] 1304237K->312434K(1878016K), 0.0052220 secs] [Times: user=0.01 sys=0.00, real=0.01 secs] 
2014-07-16T07:03:13.145+0000: 3372.146: [GC [PSYoungGen: 1191007K->544K(1429056K)] 1502829K->312574K(2116032K), 0.0343280 secs] [Times: user=0.12 sys=0.00, real=0.04 secs] 
2014-07-16T07:03:16.333+0000: 3375.334: [GC [PSYoungGen: 1429007K->388K(1368448K)] 1741037K->312490K(2055424K), 0.0061430 secs] [Times: user=0.01 sys=0.01, real=0.01 secs] 
2014-07-16T07:03:19.358+0000: 3378.359: [GC [PSYoungGen: 1368388K->352K(1310848K)] 1680490K->312638K(1997824K), 0.0300690 secs] [Times: user=0.11 sys=0.00, real=0.03 secs] 
2014-07-16T07:03:22.483+0000: 3381.484: [GC [PSYoungGen: 1310816K->512K(1573120K)] 1623102K->312998K(2260096K), 0.0434030 secs] [Times: user=0.16 sys=0.00, real=0.04 secs] 
2014-07-16T07:03:26.017+0000: 3385.018: [GC [PSYoungGen: 1573120K->662K(1505792K)] 1885606K->313388K(2192768K), 0.0091820 secs] [Times: user=0.03 sys=0.01, real=0.01 secs] 
2014-07-16T07:03:29.337+0000: 3388.338: [GC [PSYoungGen: 1505750K->630K(1441536K)] 1818476K->313556K(2128512K), 0.0156320 secs] [Times: user=0.04 sys=0.00, real=0.02 secs] 
2014-07-16T07:03:32.560+0000: 3391.561: [GC [PSYoungGen: 1441526K->434K(1380288K)] 1754452K->313560K(2067264K), 0.0133570 secs] [Times: user=0.04 sys=0.00, real=0.02 secs] 
2014-07-16T07:03:35.635+0000: 3394.636: [GC [PSYoungGen: 1380274K->384K(1322112K)] 1693400K->313662K(2009088K), 0.0176300 secs] [Times: user=0.07 sys=0.00, real=0.02 secs] 
2014-07-16T07:03:38.543+0000: 3397.544: [GC [PSYoungGen: 1322112K->416K(1266880K)] 1635390K->313862K(1953856K), 0.0055100 secs] [Times: user=0.02 sys=0.00, real=0.00 secs] 
2014-07-16T07:03:41.496+0000: 3400.497: [GC [PSYoungGen: 1266848K->484K(1214336K)] 1580294K->314114K(1901312K), 0.0180300 secs] [Times: user=0.07 sys=0.00, real=0.02 secs] 
2014-07-16T07:03:44.187+0000: 3403.188: [GC [PSYoungGen: 1214302K->320K(1164096K)] 1527932K->314166K(1851072K), 0.0178130 secs] [Times: user=0.06 sys=0.00, real=0.02 secs] 
2014-07-16T07:03:46.797+0000: 3405.797: [GC [PSYoungGen: 1164096K->352K(1116544K)] 1477942K->314294K(1803520K), 0.0179180 secs] [Times: user=0.06 sys=0.00, real=0.02 secs] 
2014-07-16T07:03:49.283+0000: 3408.283: [GC [PSYoungGen: 1116512K->896K(1071744K)] 1430454K->315022K(1758720K), 0.0162250 secs] [Times: user=0.04 sys=0.01, real=0.02 secs] 
2014-07-16T07:03:51.720+0000: 3410.721: [GC [PSYoungGen: 1071714K->868K(1028608K)] 1385840K->315178K(1715584K), 0.0084660 secs] [Times: user=0.02 sys=0.00, real=0.01 secs] 
2014-07-16T07:03:53.967+0000: 3412.968: [GC [PSYoungGen: 1028580K->242K(986944K)] 1342890K->314704K(1673920K), 0.0135860 secs] [Times: user=0.04 sys=0.00, real=0.01 secs] 
2014-07-16T07:03:56.180+0000: 3415.181: [GC [PSYoungGen: 986930K->384K(947968K)] 1301392K->314910K(1634944K), 0.0264490 secs] [Times: user=0.10 sys=0.00, real=0.03 secs] 
2014-07-16T07:03:58.312+0000: 3417.313: [GC [PSYoungGen: 947968K->658K(911040K)] 1262494K->315352K(1598016K), 0.0228110 secs] [Times: user=0.09 sys=0.00, real=0.03 secs] 
2014-07-16T07:04:00.303+0000: 3419.304: [GC [PSYoungGen: 910994K->466K(875392K)] 1225688K->315312K(1562368K), 0.0254980 secs] [Times: user=0.09 sys=0.00, real=0.03 secs] 
2014-07-16T07:04:02.328+0000: 3421.329: [GC [PSYoungGen: 875346K->566K(841728K)] 1190192K->315508K(1528704K), 0.0065660 secs] [Times: user=0.01 sys=0.00, real=0.00 secs] 
2014-07-16T07:04:04.178+0000: 3423.178: [GC [PSYoungGen: 841718K->320K(809280K)] 1156660K->315398K(1496256K), 0.0093040 secs] [Times: user=0.04 sys=0.01, real=0.01 secs] 
2014-07-16T07:04:06.083+0000: 3425.084: [GC [PSYoungGen: 809280K->946K(779264K)] 1124358K->316168K(1466240K), 0.0242380 secs] [Times: user=0.08 sys=0.00, real=0.03 secs] 
2014-07-16T07:04:07.787+0000: 3426.788: [GC [PSYoungGen: 779250K->516K(934592K)] 1094472K->315898K(1621568K), 0.0318930 secs] [Times: user=0.12 sys=0.00, real=0.03 secs] 
2014-07-16T07:04:09.847+0000: 3428.848: [GC [PSYoungGen: 934532K->320K(1121152K)] 1249914K->315838K(1808128K), 0.0212730 secs] [Times: user=0.07 sys=0.00, real=0.03 secs] 
2014-07-16T07:04:12.377+0000: 3431.378: [GC [PSYoungGen: 1121152K->1014K(1346048K)] 1436670K->316692K(2033024K), 0.0333250 secs] [Times: user=0.12 sys=0.00, real=0.04 secs] 
2014-07-16T07:04:15.339+0000: 3434.340: [GC [PSYoungGen: 1346038K->352K(1567744K)] 1661716K->316158K(2254720K), 0.0248550 secs] [Times: user=0.10 sys=0.00, real=0.02 secs] 
2014-07-16T07:04:18.836+0000: 3437.836: [GC [PSYoungGen: 1567200K->480K(1500096K)] 1883006K->316398K(2187072K), 0.0227910 secs] [Times: user=0.08 sys=0.00, real=0.03 secs] 
2014-07-16T07:04:22.253+0000: 3441.254: [GC [PSYoungGen: 1500064K->672K(1436352K)] 1815982K->316886K(2123328K), 0.0330770 secs] [Times: user=0.12 sys=0.00, real=0.03 secs] 
2014-07-16T07:04:25.395+0000: 3444.396: [GC [PSYoungGen: 1436320K->288K(1375168K)] 1752534K->316678K(2062144K), 0.0155000 secs] [Times: user=0.06 sys=0.00, real=0.02 secs] 
2014-07-16T07:04:28.465+0000: 3447.466: [GC [PSYoungGen: 1375077K->986K(1318016K)] 1691467K->317480K(2004992K), 0.0075370 secs] [Times: user=0.02 sys=0.00, real=0.01 secs] 
2014-07-16T07:04:31.425+0000: 3450.426: [GC [PSYoungGen: 1317978K->384K(1262336K)] 1634472K->317094K(1949312K), 0.0043600 secs] [Times: user=0.02 sys=0.00, real=0.00 secs] 
2014-07-16T07:04:34.215+0000: 3453.216: [GC [PSYoungGen: 1262279K->288K(1209920K)] 1578989K->317150K(1896896K), 0.0179870 secs] [Times: user=0.07 sys=0.00, real=0.02 secs] 
2014-07-16T07:04:36.877+0000: 3455.878: [GC [PSYoungGen: 1209849K->306K(1160064K)] 1526711K->317280K(1847040K), 0.0200530 secs] [Times: user=0.08 sys=0.01, real=0.02 secs] 
2014-07-16T07:04:39.463+0000: 3458.463: [GC [PSYoungGen: 1160018K->658K(1113024K)] 1476992K->317776K(1800000K), 0.0075410 secs] [Times: user=0.01 sys=0.00, real=0.00 secs] 
2014-07-16T07:04:42.001+0000: 3461.002: [GC [PSYoungGen: 1112978K->434K(1067648K)] 1430096K->317720K(1754624K), 0.0116230 secs] [Times: user=0.03 sys=0.00, real=0.02 secs] 
2014-07-16T07:04:44.364+0000: 3463.365: [GC [PSYoungGen: 1067634K->356K(1024640K)] 1384920K->317802K(1711616K), 0.0171160 secs] [Times: user=0.06 sys=0.00, real=0.01 secs] 
2014-07-16T07:04:46.686+0000: 3465.687: [GC [PSYoungGen: 1024514K->498K(983872K)] 1341961K->318048K(1670848K), 0.0055580 secs] [Times: user=0.02 sys=0.00, real=0.00 secs] 
2014-07-16T07:04:48.820+0000: 3467.821: [GC [PSYoungGen: 983858K->434K(944896K)] 1301408K->318136K(1631872K), 0.0208070 secs] [Times: user=0.07 sys=0.00, real=0.02 secs] 
2014-07-16T07:04:50.925+0000: 3469.925: [GC [PSYoungGen: 944871K->320K(907712K)] 1262573K->318150K(1594688K), 0.0072580 secs] [Times: user=0.02 sys=0.00, real=0.00 secs] 
2014-07-16T07:04:53.013+0000: 3472.013: [GC [PSYoungGen: 907628K->498K(872576K)] 1225458K->318456K(1559552K), 0.0103760 secs] [Times: user=0.03 sys=0.01, real=0.01 secs] 
2014-07-16T07:04:54.931+0000: 3473.931: [GC [PSYoungGen: 872562K->420K(838912K)] 1190520K->318490K(1525888K), 0.0268240 secs] [Times: user=0.10 sys=0.00, real=0.03 secs] 
2014-07-16T07:04:56.836+0000: 3475.837: [GC [PSYoungGen: 838884K->616K(807040K)] 1156954K->318766K(1494016K), 0.0060220 secs] [Times: user=0.02 sys=0.01, real=0.00 secs] 
2014-07-16T07:04:58.590+0000: 3477.591: [GC [PSYoungGen: 807014K->420K(776320K)] 1125164K->318730K(1463296K), 0.0310600 secs] [Times: user=0.11 sys=0.00, real=0.03 secs] 
2014-07-16T07:05:00.301+0000: 3479.301: [GC [PSYoungGen: 776292K->406K(931520K)] 1094602K->318836K(1618496K), 0.0264950 secs] [Times: user=0.09 sys=0.00, real=0.03 secs] 
2014-07-16T07:05:02.414+0000: 3481.415: [GC [PSYoungGen: 931478K->786K(895488K)] 1249908K->319312K(1582464K), 0.0070120 secs] [Times: user=0.02 sys=0.00, real=0.01 secs] 
2014-07-16T07:05:04.425+0000: 3483.426: [GC [PSYoungGen: 895442K->384K(860352K)] 1213968K->319030K(1547328K), 0.0078600 secs] [Times: user=0.01 sys=0.00, real=0.00 secs] 
2014-07-16T07:05:06.326+0000: 3485.326: [GC [PSYoungGen: 860352K->448K(1032448K)] 1178998K->319230K(1719424K), 0.0339430 secs] [Times: user=0.13 sys=0.00, real=0.04 secs] 
2014-07-16T07:05:08.639+0000: 3487.640: [GC [PSYoungGen: 1032448K->480K(991232K)] 1351230K->319358K(1678208K), 0.0064990 secs] [Times: user=0.02 sys=0.00, real=0.00 secs] 
2014-07-16T07:05:10.829+0000: 3489.830: [GC [PSYoungGen: 991200K->320K(951744K)] 1310078K->319390K(1638720K), 0.0250790 secs] [Times: user=0.08 sys=0.00, real=0.02 secs] 
2014-07-16T07:05:12.968+0000: 3491.969: [GC [PSYoungGen: 951744K->498K(914560K)] 1270814K->319640K(1601536K), 0.0176260 secs] [Times: user=0.06 sys=0.00, real=0.01 secs] 
2014-07-16T07:05:15.028+0000: 3494.029: [GC [PSYoungGen: 914543K->470K(878912K)] 1233685K->319740K(1565888K), 0.0056750 secs] [Times: user=0.02 sys=0.01, real=0.00 secs] 
2014-07-16T07:05:17.039+0000: 3496.040: [GC [PSYoungGen: 878870K->694K(845184K)] 1198140K->320188K(1532160K), 0.0092280 secs] [Times: user=0.02 sys=0.00, real=0.01 secs] 
2014-07-16T07:05:18.861+0000: 3497.862: [GC [PSYoungGen: 845174K->352K(812544K)] 1164668K->320030K(1499520K), 0.0185910 secs] [Times: user=0.07 sys=0.00, real=0.02 secs] 
2014-07-16T07:05:20.656+0000: 3499.657: [GC [PSYoungGen: 812512K->274K(781696K)] 1132190K->320080K(1468672K), 0.0282430 secs] [Times: user=0.11 sys=0.00, real=0.03 secs] 
2014-07-16T07:05:22.448+0000: 3501.449: [GC [PSYoungGen: 781650K->352K(752384K)] 1101456K->320254K(1439360K), 0.0085640 secs] [Times: user=0.04 sys=0.00, real=0.00 secs] 
2014-07-16T07:05:24.121+0000: 3503.122: [GC [PSYoungGen: 752352K->434K(724480K)] 1072254K->320464K(1411456K), 0.0053930 secs] [Times: user=0.01 sys=0.00, real=0.00 secs] 
2014-07-16T07:05:25.782+0000: 3504.783: [GC [PSYoungGen: 724466K->882K(698240K)] 1044496K->321032K(1385216K), 0.0278750 secs] [Times: user=0.10 sys=0.00, real=0.03 secs] 
2014-07-16T07:05:27.321+0000: 3506.322: [GC [PSYoungGen: 698220K->484K(837376K)] 1018370K->320762K(1524352K), 0.0223770 secs] [Times: user=0.08 sys=0.00, real=0.02 secs] 
2014-07-16T07:05:29.184+0000: 3508.185: [GC [PSYoungGen: 837348K->562K(805504K)] 1157626K->321016K(1492480K), 0.0093320 secs] [Times: user=0.02 sys=0.00, real=0.01 secs] 
2014-07-16T07:05:30.958+0000: 3509.959: [GC [PSYoungGen: 805490K->744K(775232K)] 1125944K->321358K(1462208K), 0.0193890 secs] [Times: user=0.06 sys=0.00, real=0.02 secs] 
2014-07-16T07:05:32.856+0000: 3511.857: [GC [PSYoungGen: 775208K->626K(930048K)] 1095822K->321312K(1617024K), 0.0229940 secs] [Times: user=0.09 sys=0.00, real=0.02 secs] 
2014-07-16T07:05:34.902+0000: 3513.902: [GC [PSYoungGen: 930033K->352K(1115712K)] 1250719K->321182K(1802688K), 0.0252120 secs] [Times: user=0.09 sys=0.00, real=0.02 secs] 
2014-07-16T07:05:37.430+0000: 3516.431: [GC [PSYoungGen: 1115680K->576K(1339008K)] 1436510K->321510K(2025984K), 0.0413570 secs] [Times: user=0.15 sys=0.00, real=0.05 secs] 
2014-07-16T07:05:40.363+0000: 3519.364: [GC [PSYoungGen: 1339008K->416K(1552448K)] 1659942K->321526K(2239424K), 0.0201870 secs] [Times: user=0.06 sys=0.00, real=0.02 secs] 
2014-07-16T07:05:43.817+0000: 3522.818: [GC [PSYoungGen: 1551859K->484K(1485504K)] 1872969K->321746K(2172480K), 0.0051900 secs] [Times: user=0.02 sys=0.00, real=0.01 secs] 
2014-07-16T07:05:47.143+0000: 3526.144: [GC [PSYoungGen: 1485417K->502K(1422272K)] 1806679K->321908K(2109248K), 0.0333870 secs] [Times: user=0.12 sys=0.00, real=0.03 secs] 
2014-07-16T07:05:50.304+0000: 3529.305: [GC [PSYoungGen: 1422234K->416K(1362048K)] 1743640K->322022K(2049024K), 0.0129990 secs] [Times: user=0.04 sys=0.00, real=0.01 secs] 
2014-07-16T07:05:53.385+0000: 3532.386: [GC [PSYoungGen: 1362016K->612K(1305024K)] 1683622K->322402K(1992000K), 0.0336220 secs] [Times: user=0.12 sys=0.00, real=0.03 secs] 
2014-07-16T07:05:56.294+0000: 3535.295: [GC [PSYoungGen: 1304996K->480K(1250496K)] 1626786K->322430K(1937472K), 0.0124460 secs] [Times: user=0.02 sys=0.00, real=0.01 secs] 
2014-07-16T07:05:59.086+0000: 3538.087: [GC [PSYoungGen: 1250464K->594K(1198848K)] 1572414K->322712K(1885824K), 0.0096420 secs] [Times: user=0.04 sys=0.00, real=0.01 secs] 
2014-07-16T07:06:01.728+0000: 3540.729: [GC [PSYoungGen: 1198802K->516K(1149504K)] 1520920K->322834K(1836480K), 0.0203390 secs] [Times: user=0.07 sys=0.01, real=0.02 secs] 
2014-07-16T07:06:04.330+0000: 3543.331: [GC [PSYoungGen: 1149444K->384K(1102400K)] 1471762K->322790K(1789376K), 0.0231650 secs] [Times: user=0.09 sys=0.00, real=0.02 secs] 
2014-07-16T07:06:06.817+0000: 3545.818: [GC [PSYoungGen: 1102400K->576K(1057984K)] 1424806K->323166K(1744960K), 0.0130170 secs] [Times: user=0.04 sys=0.00, real=0.01 secs] 
2014-07-16T07:06:09.193+0000: 3548.194: [GC [PSYoungGen: 1057927K->694K(1015616K)] 1380517K->323516K(1702592K), 0.0186250 secs] [Times: user=0.07 sys=0.00, real=0.02 secs] 
2014-07-16T07:06:11.443+0000: 3550.444: [GC [PSYoungGen: 1015606K->466K(974976K)] 1338428K->323464K(1661952K), 0.0124750 secs] [Times: user=0.04 sys=0.00, real=0.01 secs] 
2014-07-16T07:06:13.682+0000: 3552.683: [GC [PSYoungGen: 974930K->544K(936512K)] 1297928K->323606K(1623488K), 0.0172670 secs] [Times: user=0.06 sys=0.00, real=0.02 secs] 
2014-07-16T07:06:15.807+0000: 3554.807: [GC [PSYoungGen: 936480K->722K(900032K)] 1259542K->323920K(1587008K), 0.0269050 secs] [Times: user=0.09 sys=0.00, real=0.02 secs] 
2014-07-16T07:06:17.833+0000: 3556.833: [GC [PSYoungGen: 899985K->384K(864704K)] 1223183K->323838K(1551680K), 0.0282290 secs] [Times: user=0.10 sys=0.00, real=0.03 secs] 
2014-07-16T07:06:19.787+0000: 3558.787: [GC [PSYoungGen: 864704K->498K(831552K)] 1188158K->324104K(1518528K), 0.0162860 secs] [Times: user=0.07 sys=0.00, real=0.02 secs] 
2014-07-16T07:06:21.621+0000: 3560.622: [GC [PSYoungGen: 831538K->384K(799744K)] 1155144K->324150K(1486720K), 0.0148570 secs] [Times: user=0.04 sys=0.00, real=0.01 secs] 
2014-07-16T07:06:23.463+0000: 3562.464: [GC [PSYoungGen: 799744K->320K(769472K)] 1123510K->324150K(1456448K), 0.0152800 secs] [Times: user=0.05 sys=0.00, real=0.02 secs] 
2014-07-16T07:06:25.189+0000: 3564.189: [GC [PSYoungGen: 769472K->882K(741248K)] 1093302K->325128K(1428224K), 0.0121650 secs] [Times: user=0.04 sys=0.00, real=0.01 secs] 
2014-07-16T07:06:26.862+0000: 3565.862: [GC [PSYoungGen: 741234K->512K(713408K)] 1065480K->324838K(1400384K), 0.0059940 secs] [Times: user=0.01 sys=0.00, real=0.00 secs] 
2014-07-16T07:06:28.467+0000: 3567.467: [GC [PSYoungGen: 713406K->402K(687168K)] 1037732K->324976K(1374144K), 0.0054790 secs] [Times: user=0.02 sys=0.01, real=0.01 secs] 
2014-07-16T07:06:29.991+0000: 3568.991: [GC [PSYoungGen: 687118K->352K(662144K)] 1011692K->325038K(1349120K), 0.0092240 secs] [Times: user=0.02 sys=0.00, real=0.01 secs] 
2014-07-16T07:06:31.459+0000: 3570.460: [GC [PSYoungGen: 662100K->338K(638336K)] 986787K->325096K(1325312K), 0.0299160 secs] [Times: user=0.10 sys=0.00, real=0.03 secs] 
2014-07-16T07:06:32.890+0000: 3571.890: [GC [PSYoungGen: 638290K->256K(615552K)] 963048K->325078K(1302528K), 0.0131620 secs] [Times: user=0.04 sys=0.00, real=0.01 secs] 
2014-07-16T07:06:34.342+0000: 3573.342: [GC [PSYoungGen: 615552K->498K(594176K)] 940374K->325400K(1281152K), 0.0044330 secs] [Times: user=0.01 sys=0.00, real=0.00 secs] 
2014-07-16T07:06:35.680+0000: 3574.680: [GC [PSYoungGen: 594096K->502K(712960K)] 918998K->325524K(1399936K), 0.0245000 secs] [Times: user=0.09 sys=0.00, real=0.02 secs] 
2014-07-16T07:06:37.279+0000: 3576.280: [GC [PSYoungGen: 712950K->512K(855488K)] 1037972K->325654K(1542464K), 0.0365500 secs] [Times: user=0.13 sys=0.00, real=0.04 secs] 
2014-07-16T07:06:39.180+0000: 3578.181: [GC [PSYoungGen: 855488K->498K(1026496K)] 1180630K->325800K(1713472K), 0.0184810 secs] [Times: user=0.06 sys=0.00, real=0.01 secs] 
2014-07-16T07:06:41.453+0000: 3580.454: [GC [PSYoungGen: 1026482K->434K(1231680K)] 1351784K->325888K(1918656K), 0.0190800 secs] [Times: user=0.07 sys=0.00, real=0.02 secs] 
2014-07-16T07:06:44.218+0000: 3583.218: [GC [PSYoungGen: 1231646K->512K(1180864K)] 1557100K->326070K(1867840K), 0.0104540 secs] [Times: user=0.03 sys=0.00, real=0.01 secs] 
2014-07-16T07:06:46.869+0000: 3585.869: [GC [PSYoungGen: 1180801K->498K(1132480K)] 1506359K->326192K(1819456K), 0.0161020 secs] [Times: user=0.05 sys=0.00, real=0.02 secs] 
2014-07-16T07:06:49.448+0000: 3588.449: [GC [PSYoungGen: 1132466K->580K(1086528K)] 1458160K->326466K(1773504K), 0.0111110 secs] [Times: user=0.02 sys=0.00, real=0.01 secs] 
2014-07-16T07:06:51.876+0000: 3590.877: [GC [PSYoungGen: 1086468K->438K(1042496K)] 1412354K->327014K(1729472K), 0.0098770 secs] [Times: user=0.02 sys=0.00, real=0.01 secs] 
2014-07-16T07:06:54.224+0000: 3593.225: [GC [PSYoungGen: 1042486K->480K(1000832K)] 1369062K->327176K(1687808K), 0.0097670 secs] [Times: user=0.02 sys=0.00, real=0.01 secs] 
2014-07-16T07:06:56.436+0000: 3595.437: [GC [PSYoungGen: 1000800K->384K(960960K)] 1327496K->327312K(1647936K), 0.0352250 secs] [Times: user=0.13 sys=0.00, real=0.03 secs] 
2014-07-16T07:06:58.680+0000: 3597.680: [GC [PSYoungGen: 960960K->946K(923712K)] 1287888K->328218K(1610688K), 0.0055730 secs] [Times: user=0.02 sys=0.00, real=0.01 secs] 
2014-07-16T07:07:00.657+0000: 3599.657: [GC [PSYoungGen: 923698K->566K(887296K)] 1250970K->327990K(1574272K), 0.0090510 secs] [Times: user=0.03 sys=0.00, real=0.01 secs] 
2014-07-16T07:07:02.620+0000: 3601.621: [GC [PSYoungGen: 887286K->320K(852736K)] 1214710K->327904K(1539712K), 0.0271070 secs] [Times: user=0.09 sys=0.00, real=0.03 secs] 
2014-07-16T07:07:04.570+0000: 3603.570: [GC [PSYoungGen: 852736K->370K(1023296K)] 1180320K->328018K(1710272K), 0.0397680 secs] [Times: user=0.14 sys=0.00, real=0.04 secs] 
2014-07-16T07:07:06.853+0000: 3605.854: [GC [PSYoungGen: 1023282K->598K(982720K)] 1350930K->328350K(1669696K), 0.0053130 secs] [Times: user=0.01 sys=0.00, real=0.01 secs] 
2014-07-16T07:07:09.101+0000: 3608.101: [GC [PSYoungGen: 982678K->754K(944000K)] 1310430K->328674K(1630976K), 0.0086420 secs] [Times: user=0.02 sys=0.00, real=0.01 secs] 
2014-07-16T07:07:11.162+0000: 3610.162: [GC [PSYoungGen: 943986K->402K(906688K)] 1271906K->328530K(1593664K), 0.0148270 secs] [Times: user=0.05 sys=0.00, real=0.02 secs] 
2014-07-16T07:07:13.163+0000: 3612.164: [GC [PSYoungGen: 906642K->256K(871232K)] 1234770K->328496K(1558208K), 0.0138690 secs] [Times: user=0.05 sys=0.00, real=0.02 secs] 
2014-07-16T07:07:15.114+0000: 3614.115: [GC [PSYoungGen: 871214K->370K(837760K)] 1199454K->328666K(1524736K), 0.0091650 secs] [Times: user=0.03 sys=0.00, real=0.01 secs] 
2014-07-16T07:07:16.949+0000: 3615.950: [GC [PSYoungGen: 837684K->434K(805824K)] 1165980K->328826K(1492800K), 0.0190140 secs] [Times: user=0.06 sys=0.00, real=0.02 secs] 
2014-07-16T07:07:18.769+0000: 3617.769: [GC [PSYoungGen: 805810K->576K(775488K)] 1134202K->329088K(1462464K), 0.0315170 secs] [Times: user=0.12 sys=0.00, real=0.03 secs] 
2014-07-16T07:07:20.526+0000: 3619.526: [GC [PSYoungGen: 775488K->224K(746112K)] 1104000K->328904K(1433088K), 0.0064520 secs] [Times: user=0.01 sys=0.00, real=0.01 secs] 
2014-07-16T07:07:22.185+0000: 3621.185: [GC [PSYoungGen: 746080K->242K(718400K)] 1074760K->329026K(1405376K), 0.0146280 secs] [Times: user=0.05 sys=0.00, real=0.02 secs] 
2014-07-16T07:07:23.774+0000: 3622.775: [GC [PSYoungGen: 718383K->160K(691968K)] 1047167K->329000K(1378944K), 0.0099760 secs] [Times: user=0.03 sys=0.00, real=0.01 secs] 
2014-07-16T07:07:25.360+0000: 3624.361: [GC [PSYoungGen: 691910K->566K(667200K)] 1020750K->329470K(1354176K), 0.0087040 secs] [Times: user=0.03 sys=0.01, real=0.01 secs] 
2014-07-16T07:07:27.384+0000: 3626.384: [GC [PSYoungGen: 667133K->324K(643008K)] 996037K->329332K(1329984K), 0.0320000 secs] [Times: user=0.12 sys=0.00, real=0.03 secs] 
2014-07-16T07:07:30.358+0000: 3629.358: [GC [PSYoungGen: 642948K->228K(619968K)] 971956K->329292K(1306944K), 0.0083080 secs] [Times: user=0.03 sys=0.00, real=0.01 secs] 
2014-07-16T07:07:34.541+0000: 3633.541: [GC [PSYoungGen: 619940K->128K(598016K)] 949004K->329232K(1284992K), 0.0083340 secs] [Times: user=0.02 sys=0.00, real=0.01 secs] 
Heap
 PSYoungGen      total 598016K, used 217669K [0x0000000755560000, 0x00000007b2d60000, 0x0000000800000000)
  eden space 597888K, 36% used [0x0000000755560000,0x00000007629d16a0,0x0000000779d40000)
  from space 128K, 100% used [0x00000007b2d40000,0x00000007b2d60000,0x00000007b2d60000)
  to   space 960K, 0% used [0x00000007b2b80000,0x00000007b2b80000,0x00000007b2c70000)
 ParOldGen       total 686976K, used 329104K [0x0000000600000000, 0x0000000629ee0000, 0x0000000755560000)
  object space 686976K, 47% used [0x0000000600000000,0x0000000614164090,0x0000000629ee0000)
 PSPermGen       total 21248K, used 11724K [0x00000005f5a00000, 0x00000005f6ec0000, 0x0000000600000000)
  object space 21248K, 55% used [0x00000005f5a00000,0x00000005f65732c0,0x00000005f6ec0000)
