2014-07-08T18:48:59.310+0000: 23.440: [GC [PSYoungGen: 257728K->42855K(300608K)] 257728K->72623K(987584K), 0.0539010 secs] [Times: user=0.15 sys=0.04, real=0.06 secs] 
2014-07-08T18:49:01.580+0000: 25.710: [GC [PSYoungGen: 300583K->42876K(300608K)] 330351K->75165K(987584K), 0.0764260 secs] [Times: user=0.26 sys=0.02, real=0.08 secs] 
2014-07-08T18:49:03.789+0000: 27.919: [GC [PSYoungGen: 300604K->42851K(300608K)] 332893K->77894K(987584K), 0.0710770 secs] [Times: user=0.25 sys=0.00, real=0.07 secs] 
2014-07-08T18:49:05.890+0000: 30.020: [GC [PSYoungGen: 300579K->42865K(558336K)] 335622K->78317K(1245312K), 0.0583630 secs] [Times: user=0.21 sys=0.02, real=0.06 secs] 
2014-07-08T18:49:09.516+0000: 33.647: [GC [PSYoungGen: 558321K->42862K(558336K)] 593773K->78424K(1245312K), 0.0892060 secs] [Times: user=0.33 sys=0.02, real=0.09 secs] 
2014-07-08T18:49:14.049+0000: 38.179: [GC [PSYoungGen: 558318K->43208K(1099840K)] 593880K->78841K(1786816K), 0.0944660 secs] [Times: user=0.34 sys=0.03, real=0.09 secs] 
2014-07-08T18:49:24.282+0000: 48.412: [GC [PSYoungGen: 1074120K->5518K(1101824K)] 1109753K->79747K(1788800K), 0.0523630 secs] [Times: user=0.17 sys=0.02, real=0.05 secs] 
2014-07-08T18:49:34.627+0000: 58.757: [GC [PSYoungGen: 1036430K->4045K(2135808K)] 1110659K->80554K(2822784K), 0.0273140 secs] [Times: user=0.09 sys=0.00, real=0.03 secs] 
2014-07-08T18:49:55.368+0000: 79.499: [GC [PSYoungGen: 2062413K->3924K(2139264K)] 2138922K->81260K(2826240K), 0.0296740 secs] [Times: user=0.10 sys=0.01, real=0.03 secs] 
2014-07-08T18:50:16.183+0000: 100.314: [GC [PSYoungGen: 2062292K->3248K(1970176K)] 2139628K->81988K(2657152K), 0.0573180 secs] [Times: user=0.21 sys=0.01, real=0.06 secs] 
2014-07-08T18:50:37.122+0000: 121.253: [GC [PSYoungGen: 1970145K->2697K(1882752K)] 2048885K->83052K(2569728K), 0.0373040 secs] [Times: user=0.13 sys=0.01, real=0.04 secs] 
2014-07-08T18:50:58.614+0000: 142.744: [GC [PSYoungGen: 1882697K->2380K(1799808K)] 1963052K->83255K(2486784K), 0.0227810 secs] [Times: user=0.08 sys=0.00, real=0.02 secs] 
2014-07-08T18:51:18.755+0000: 162.885: [GC [PSYoungGen: 1799756K->2416K(1721216K)] 1880631K->83771K(2408192K), 0.0053030 secs] [Times: user=0.02 sys=0.00, real=0.00 secs] 
2014-07-08T18:51:38.827+0000: 182.957: [GC [PSYoungGen: 1721200K->2192K(1646336K)] 1802555K->84019K(2333312K), 0.0157550 secs] [Times: user=0.06 sys=0.00, real=0.02 secs] 
2014-07-08T18:51:56.828+0000: 200.958: [GC [PSYoungGen: 1646288K->2296K(1651136K)] 1728115K->84619K(2338112K), 0.0152420 secs] [Times: user=0.04 sys=0.01, real=0.02 secs] 
2014-07-08T18:52:14.657+0000: 218.788: [GC [PSYoungGen: 1575352K->2480K(1508032K)] 1657675K->85267K(2195008K), 0.0226020 secs] [Times: user=0.08 sys=0.00, real=0.02 secs] 
2014-07-08T18:52:31.966+0000: 236.096: [GC [PSYoungGen: 1508016K->2217K(1514176K)] 1590803K->85476K(2201152K), 0.0115480 secs] [Times: user=0.04 sys=0.00, real=0.01 secs] 
2014-07-08T18:52:48.738+0000: 252.868: [GC [PSYoungGen: 1443497K->2252K(1382464K)] 1526756K->85943K(2069440K), 0.0155510 secs] [Times: user=0.05 sys=0.00, real=0.02 secs] 
2014-07-08T18:53:04.829+0000: 268.959: [GC [PSYoungGen: 1382390K->2427K(1389056K)] 1466081K->86470K(2076032K), 0.0130510 secs] [Times: user=0.04 sys=0.00, real=0.02 secs] 
2014-07-08T18:53:20.000+0000: 284.130: [GC [PSYoungGen: 1324475K->2449K(1269248K)] 1408518K->86915K(1956224K), 0.0484120 secs] [Times: user=0.16 sys=0.00, real=0.05 secs] 
2014-07-08T18:53:34.758+0000: 298.888: [GC [PSYoungGen: 1269201K->1872K(1274944K)] 1353667K->86675K(1961920K), 0.0162130 secs] [Times: user=0.06 sys=0.00, real=0.01 secs] 
2014-07-08T18:53:49.881+0000: 314.011: [GC [PSYoungGen: 1216016K->2601K(1166720K)] 1300819K->87780K(1853696K), 0.0389970 secs] [Times: user=0.15 sys=0.00, real=0.04 secs] 
2014-07-08T18:54:02.879+0000: 327.009: [GC [PSYoungGen: 1166697K->2693K(1171072K)] 1251876K->88216K(1858048K), 0.0093160 secs] [Times: user=0.03 sys=0.00, real=0.01 secs] 
2014-07-08T18:54:16.275+0000: 340.405: [GC [PSYoungGen: 1119173K->2381K(1073600K)] 1204696K->88256K(1760576K), 0.0308600 secs] [Times: user=0.11 sys=0.00, real=0.03 secs] 
2014-07-08T18:54:28.782+0000: 352.912: [GC [PSYoungGen: 1073549K->2284K(1076608K)] 1159424K->88463K(1763584K), 0.0086950 secs] [Times: user=0.03 sys=0.00, real=0.01 secs] 
2014-07-08T18:54:40.020+0000: 364.150: [GC [PSYoungGen: 1030316K->2224K(989184K)] 1116495K->88675K(1676160K), 0.0154500 secs] [Times: user=0.06 sys=0.00, real=0.02 secs] 
2014-07-08T18:54:51.577+0000: 375.708: [GC [PSYoungGen: 989168K->1972K(990912K)] 1075619K->88719K(1677888K), 0.0239010 secs] [Times: user=0.09 sys=0.00, real=0.02 secs] 
2014-07-08T18:55:02.066+0000: 386.196: [GC [PSYoungGen: 949809K->2299K(912896K)] 1036555K->89350K(1599872K), 0.0088780 secs] [Times: user=0.03 sys=0.00, real=0.01 secs] 
2014-07-08T18:55:12.869+0000: 396.999: [GC [PSYoungGen: 912891K->2128K(913152K)] 999942K->89443K(1600128K), 0.0119460 secs] [Times: user=0.04 sys=0.01, real=0.02 secs] 
2014-07-08T18:55:22.019+0000: 406.149: [GC [PSYoungGen: 877264K->2121K(843520K)] 964579K->89708K(1530496K), 0.0247780 secs] [Times: user=0.08 sys=0.01, real=0.03 secs] 
2014-07-08T18:55:31.121+0000: 415.251: [GC [PSYoungGen: 843461K->2220K(842560K)] 931048K->90023K(1529536K), 0.0189180 secs] [Times: user=0.07 sys=0.01, real=0.02 secs] 
2014-07-08T18:55:40.392+0000: 424.523: [GC [PSYoungGen: 811372K->2305K(780864K)] 899175K->90324K(1467840K), 0.0157370 secs] [Times: user=0.06 sys=0.00, real=0.02 secs] 
2014-07-08T18:55:48.793+0000: 432.923: [GC [PSYoungGen: 780801K->2064K(751424K)] 868820K->90298K(1438400K), 0.0132000 secs] [Times: user=0.04 sys=0.01, real=0.02 secs] 
2014-07-08T18:55:56.940+0000: 441.070: [GC [PSYoungGen: 751376K->2284K(723776K)] 839610K->90694K(1410752K), 0.0096240 secs] [Times: user=0.02 sys=0.01, real=0.01 secs] 
2014-07-08T18:56:05.060+0000: 449.191: [GC [PSYoungGen: 723756K->2313K(697280K)] 812166K->90947K(1384256K), 0.0190670 secs] [Times: user=0.07 sys=0.00, real=0.02 secs] 
2014-07-08T18:56:12.948+0000: 457.079: [GC [PSYoungGen: 697213K->1524K(671104K)] 785848K->90366K(1358080K), 0.0120450 secs] [Times: user=0.01 sys=0.00, real=0.02 secs] 
2014-07-08T18:56:20.174+0000: 464.304: [GC [PSYoungGen: 671092K->2156K(667776K)] 759934K->91214K(1354752K), 0.0141430 secs] [Times: user=0.05 sys=0.00, real=0.01 secs] 
2014-07-08T18:56:27.948+0000: 472.078: [GC [PSYoungGen: 647596K->2313K(624768K)] 736654K->91523K(1311744K), 0.0122550 secs] [Times: user=0.03 sys=0.01, real=0.01 secs] 
2014-07-08T18:56:35.782+0000: 479.912: [GC [PSYoungGen: 624713K->2096K(602560K)] 713923K->91490K(1289536K), 0.0209640 secs] [Times: user=0.07 sys=0.00, real=0.03 secs] 
2014-07-08T18:56:43.117+0000: 487.247: [GC [PSYoungGen: 602544K->2092K(581568K)] 691938K->91711K(1268544K), 0.0255060 secs] [Times: user=0.09 sys=0.00, real=0.02 secs] 
2014-07-08T18:56:50.249+0000: 494.380: [GC [PSYoungGen: 581548K->1904K(561344K)] 671167K->91730K(1248320K), 0.0252190 secs] [Times: user=0.09 sys=0.00, real=0.03 secs] 
2014-07-08T18:56:57.113+0000: 501.243: [GC [PSYoungGen: 561291K->2153K(542464K)] 651117K->92131K(1229440K), 0.0088110 secs] [Times: user=0.03 sys=0.00, real=0.01 secs] 
2014-07-08T18:57:03.241+0000: 507.371: [GC [PSYoungGen: 542441K->2657K(524736K)] 632419K->92803K(1211712K), 0.0063590 secs] [Times: user=0.02 sys=0.00, real=0.01 secs] 
2014-07-08T18:57:09.376+0000: 513.506: [GC [PSYoungGen: 524705K->2028K(506624K)] 614851K->92374K(1193600K), 0.0184570 secs] [Times: user=0.06 sys=0.00, real=0.02 secs] 
2014-07-08T18:57:15.855+0000: 519.985: [GC [PSYoungGen: 506604K->2096K(490048K)] 596950K->92561K(1177024K), 0.0123520 secs] [Times: user=0.04 sys=0.01, real=0.01 secs] 
2014-07-08T18:57:22.037+0000: 526.167: [GC [PSYoungGen: 490015K->1684K(473728K)] 580481K->92357K(1160704K), 0.0080180 secs] [Times: user=0.01 sys=0.00, real=0.01 secs] 
2014-07-08T18:57:27.783+0000: 531.913: [GC [PSYoungGen: 473665K->2082K(458880K)] 564338K->92939K(1145856K), 0.0232900 secs] [Times: user=0.08 sys=0.00, real=0.02 secs] 
2014-07-08T18:57:33.381+0000: 537.511: [GC [PSYoungGen: 458837K->2252K(444480K)] 549694K->93230K(1131456K), 0.0094130 secs] [Times: user=0.03 sys=0.01, real=0.01 secs] 
2014-07-08T18:57:38.878+0000: 543.008: [GC [PSYoungGen: 444427K->2000K(430272K)] 535404K->93169K(1117248K), 0.0157790 secs] [Times: user=0.05 sys=0.01, real=0.02 secs] 
2014-07-08T18:57:43.854+0000: 547.985: [GC [PSYoungGen: 430224K->2128K(417088K)] 521393K->93393K(1104064K), 0.0188870 secs] [Times: user=0.06 sys=0.00, real=0.02 secs] 
2014-07-08T18:57:48.790+0000: 552.920: [GC [PSYoungGen: 417019K->1904K(404096K)] 508284K->93345K(1091072K), 0.0195770 secs] [Times: user=0.06 sys=0.00, real=0.02 secs] 
2014-07-08T18:57:53.608+0000: 557.738: [GC [PSYoungGen: 404080K->2128K(392128K)] 495521K->93641K(1079104K), 0.0106370 secs] [Times: user=0.03 sys=0.00, real=0.01 secs] 
2014-07-08T18:57:58.321+0000: 562.452: [GC [PSYoungGen: 392045K->1776K(380032K)] 483558K->93465K(1067008K), 0.0211740 secs] [Times: user=0.07 sys=0.00, real=0.02 secs] 
2014-07-08T18:58:03.073+0000: 567.203: [GC [PSYoungGen: 379981K->2270K(369344K)] 471670K->94039K(1056320K), 0.0169190 secs] [Times: user=0.05 sys=0.00, real=0.02 secs] 
2014-07-08T18:58:07.282+0000: 571.412: [GC [PSYoungGen: 369310K->2000K(358336K)] 461079K->93945K(1045312K), 0.0129810 secs] [Times: user=0.05 sys=0.00, real=0.01 secs] 
2014-07-08T18:58:11.678+0000: 575.809: [GC [PSYoungGen: 358286K->2064K(348096K)] 450231K->94113K(1035072K), 0.0114010 secs] [Times: user=0.03 sys=0.00, real=0.01 secs] 
2014-07-08T18:58:15.893+0000: 580.023: [GC [PSYoungGen: 347996K->2004K(338176K)] 440045K->94205K(1025152K), 0.0186590 secs] [Times: user=0.07 sys=0.00, real=0.02 secs] 
2014-07-08T18:58:19.607+0000: 583.737: [GC [PSYoungGen: 338132K->2061K(328768K)] 430333K->94374K(1015744K), 0.0086370 secs] [Times: user=0.02 sys=0.01, real=0.01 secs] 
2014-07-08T18:58:23.873+0000: 588.003: [GC [PSYoungGen: 328715K->1990K(319616K)] 421029K->94399K(1006592K), 0.0336860 secs] [Times: user=0.12 sys=0.01, real=0.03 secs] 
2014-07-08T18:58:27.610+0000: 591.740: [GC [PSYoungGen: 319556K->1744K(310656K)] 411965K->94321K(997632K), 0.0245590 secs] [Times: user=0.09 sys=0.00, real=0.02 secs] 
2014-07-08T18:58:31.298+0000: 595.429: [GC [PSYoungGen: 310605K->2501K(303040K)] 403182K->95158K(990016K), 0.0162440 secs] [Times: user=0.05 sys=0.00, real=0.02 secs] 
2014-07-08T18:58:35.072+0000: 599.203: [GC [PSYoungGen: 302981K->1968K(294400K)] 395638K->94761K(981376K), 0.0121850 secs] [Times: user=0.03 sys=0.00, real=0.01 secs] 
2014-07-08T18:58:38.469+0000: 602.599: [GC [PSYoungGen: 294349K->1936K(286656K)] 387142K->94833K(973632K), 0.0167900 secs] [Times: user=0.06 sys=0.01, real=0.02 secs] 
2014-07-08T18:58:42.147+0000: 606.277: [GC [PSYoungGen: 286608K->1904K(279168K)] 379505K->94881K(966144K), 0.0059540 secs] [Times: user=0.01 sys=0.00, real=0.01 secs] 
2014-07-08T18:58:45.335+0000: 609.465: [GC [PSYoungGen: 279152K->1684K(271808K)] 372129K->94797K(958784K), 0.0171720 secs] [Times: user=0.06 sys=0.00, real=0.02 secs] 
2014-07-08T18:58:48.301+0000: 612.431: [GC [PSYoungGen: 271716K->2231K(265472K)] 364829K->95441K(952448K), 0.0222050 secs] [Times: user=0.08 sys=0.00, real=0.03 secs] 
2014-07-08T18:58:51.935+0000: 616.066: [GC [PSYoungGen: 265463K->2139K(258816K)] 358673K->95470K(945792K), 0.0107420 secs] [Times: user=0.03 sys=0.01, real=0.01 secs] 
2014-07-08T18:58:54.883+0000: 619.014: [GC [PSYoungGen: 258779K->1926K(252224K)] 352110K->95401K(939200K), 0.0169270 secs] [Times: user=0.06 sys=0.00, real=0.01 secs] 
2014-07-08T18:58:57.998+0000: 622.128: [GC [PSYoungGen: 252166K->1684K(245824K)] 345641K->95313K(932800K), 0.0163500 secs] [Times: user=0.05 sys=0.00, real=0.02 secs] 
2014-07-08T18:59:01.043+0000: 625.173: [GC [PSYoungGen: 245780K->1812K(240064K)] 339409K->95521K(927040K), 0.0151900 secs] [Times: user=0.05 sys=0.00, real=0.02 secs] 
2014-07-08T18:59:03.832+0000: 627.962: [GC [PSYoungGen: 240020K->1804K(234368K)] 333729K->95618K(921344K), 0.0047570 secs] [Times: user=0.01 sys=0.00, real=0.01 secs] 
2014-07-08T18:59:06.385+0000: 630.516: [GC [PSYoungGen: 234316K->2530K(229568K)] 328130K->96439K(916544K), 0.0067160 secs] [Times: user=0.02 sys=0.00, real=0.00 secs] 
2014-07-08T18:59:08.986+0000: 633.117: [GC [PSYoungGen: 229538K->1996K(223744K)] 323447K->95986K(910720K), 0.0071070 secs] [Times: user=0.02 sys=0.00, real=0.00 secs] 
2014-07-08T18:59:11.117+0000: 635.247: [GC [PSYoungGen: 223692K->2156K(218752K)] 317682K->96201K(905728K), 0.0114070 secs] [Times: user=0.03 sys=0.01, real=0.01 secs] 
2014-07-08T18:59:13.625+0000: 637.755: [GC [PSYoungGen: 218729K->1776K(213440K)] 312775K->95909K(900416K), 0.0052770 secs] [Times: user=0.02 sys=0.00, real=0.01 secs] 
2014-07-08T18:59:16.016+0000: 640.146: [GC [PSYoungGen: 213424K->1996K(208960K)] 307557K->96218K(895936K), 0.0071800 secs] [Times: user=0.03 sys=0.00, real=0.01 secs] 
2014-07-08T18:59:18.720+0000: 642.850: [GC [PSYoungGen: 208908K->1716K(204096K)] 303130K->96009K(891072K), 0.0250190 secs] [Times: user=0.09 sys=0.00, real=0.02 secs] 
2014-07-08T18:59:20.945+0000: 645.075: [GC [PSYoungGen: 204084K->1876K(199872K)] 298377K->96225K(886848K), 0.0108410 secs] [Times: user=0.03 sys=0.00, real=0.01 secs] 
2014-07-08T18:59:23.038+0000: 647.168: [GC [PSYoungGen: 199828K->1741K(195456K)] 294177K->96178K(882432K), 0.0050020 secs] [Times: user=0.01 sys=0.00, real=0.00 secs] 
2014-07-08T18:59:25.345+0000: 649.476: [GC [PSYoungGen: 195405K->1652K(191232K)] 289842K->96161K(878208K), 0.0155000 secs] [Times: user=0.05 sys=0.01, real=0.02 secs] 
2014-07-08T18:59:27.442+0000: 651.572: [GC [PSYoungGen: 191168K->2445K(188096K)] 285678K->97042K(875072K), 0.0155330 secs] [Times: user=0.05 sys=0.00, real=0.01 secs] 
2014-07-08T18:59:29.898+0000: 654.028: [GC [PSYoungGen: 188021K->1506K(183296K)] 282618K->96303K(870272K), 0.0097830 secs] [Times: user=0.03 sys=0.00, real=0.01 secs] 
2014-07-08T18:59:31.910+0000: 656.041: [GC [PSYoungGen: 183252K->1876K(179968K)] 278049K->96761K(866944K), 0.0075720 secs] [Times: user=0.03 sys=0.00, real=0.00 secs] 
2014-07-08T18:59:34.017+0000: 658.147: [GC [PSYoungGen: 179924K->2000K(176512K)] 274809K->97013K(863488K), 0.0116910 secs] [Times: user=0.03 sys=0.00, real=0.01 secs] 
2014-07-08T18:59:35.939+0000: 660.069: [GC [PSYoungGen: 176464K->1936K(172928K)] 271477K->97037K(859904K), 0.0101480 secs] [Times: user=0.04 sys=0.00, real=0.01 secs] 
2014-07-08T18:59:37.950+0000: 662.080: [GC [PSYoungGen: 172855K->1520K(169088K)] 267956K->96677K(856064K), 0.0071390 secs] [Times: user=0.02 sys=0.00, real=0.00 secs] 
2014-07-08T18:59:39.903+0000: 664.033: [GC [PSYoungGen: 169057K->1978K(166272K)] 264214K->97184K(853248K), 0.0122800 secs] [Times: user=0.04 sys=0.00, real=0.01 secs] 
2014-07-08T18:59:42.036+0000: 666.166: [GC [PSYoungGen: 166251K->1904K(163072K)] 261457K->97277K(850048K), 0.0077610 secs] [Times: user=0.02 sys=0.00, real=0.01 secs] 
2014-07-08T18:59:43.839+0000: 667.969: [GC [PSYoungGen: 163056K->1744K(159872K)] 258429K->97253K(846848K), 0.0193020 secs] [Times: user=0.06 sys=0.01, real=0.02 secs] 
2014-07-08T18:59:45.607+0000: 669.737: [GC [PSYoungGen: 159824K->1584K(156736K)] 255333K->97245K(843712K), 0.0168400 secs] [Times: user=0.06 sys=0.01, real=0.02 secs] 
2014-07-08T18:59:47.270+0000: 671.400: [GC [PSYoungGen: 156720K->1712K(153984K)] 252381K->97461K(840960K), 0.0169370 secs] [Times: user=0.06 sys=0.01, real=0.02 secs] 
2014-07-08T18:59:49.089+0000: 673.219: [GC [PSYoungGen: 153921K->1638K(151104K)] 249671K->97443K(838080K), 0.0210520 secs] [Times: user=0.08 sys=0.00, real=0.02 secs] 
2014-07-08T18:59:51.031+0000: 675.161: [GC [PSYoungGen: 151078K->2220K(148992K)] 246883K->98074K(835968K), 0.0112030 secs] [Times: user=0.04 sys=0.00, real=0.02 secs] 
2014-07-08T18:59:52.784+0000: 676.915: [GC [PSYoungGen: 148910K->1141K(145280K)] 244764K->97943K(832256K), 0.0062180 secs] [Times: user=0.02 sys=0.00, real=0.00 secs] 
2014-07-08T18:59:54.430+0000: 678.560: [GC [PSYoungGen: 145269K->2549K(144128K)] 242071K->99438K(831104K), 0.0102090 secs] [Times: user=0.04 sys=0.00, real=0.01 secs] 
2014-07-08T18:59:56.098+0000: 680.228: [GC [PSYoungGen: 144101K->1460K(140544K)] 240991K->99072K(827520K), 0.0039830 secs] [Times: user=0.01 sys=0.01, real=0.00 secs] 
2014-07-08T18:59:57.864+0000: 681.994: [GC [PSYoungGen: 140532K->2028K(138688K)] 238144K->99705K(825664K), 0.0091790 secs] [Times: user=0.04 sys=0.00, real=0.01 secs] 
2014-07-08T18:59:59.399+0000: 683.529: [GC [PSYoungGen: 138668K->1882K(136256K)] 236345K->99837K(823232K), 0.0098770 secs] [Times: user=0.03 sys=0.00, real=0.01 secs] 
2014-07-08T19:00:00.981+0000: 685.111: [GC [PSYoungGen: 136218K->2339K(134464K)] 234173K->100341K(821440K), 0.0092590 secs] [Times: user=0.03 sys=0.00, real=0.01 secs] 
2014-07-08T19:00:02.392+0000: 686.522: [GC [PSYoungGen: 134420K->1142K(131072K)] 232423K->99708K(818048K), 0.0066950 secs] [Times: user=0.02 sys=0.00, real=0.01 secs] 
2014-07-08T19:00:04.166+0000: 688.296: [GC [PSYoungGen: 131014K->1827K(129600K)] 229581K->100466K(816576K), 0.0116070 secs] [Times: user=0.03 sys=0.00, real=0.01 secs] 
2014-07-08T19:00:05.575+0000: 689.706: [GC [PSYoungGen: 129495K->2057K(127744K)] 228134K->100884K(814720K), 0.0159910 secs] [Times: user=0.05 sys=0.00, real=0.01 secs] 
2014-07-08T19:00:07.027+0000: 691.157: [GC [PSYoungGen: 127689K->2217K(125824K)] 226516K->101115K(812800K), 0.0148470 secs] [Times: user=0.05 sys=0.00, real=0.01 secs] 
2014-07-08T19:00:08.379+0000: 692.509: [GC [PSYoungGen: 125800K->958K(122560K)] 224699K->100476K(809536K), 0.0151190 secs] [Times: user=0.05 sys=0.00, real=0.01 secs] 
2014-07-08T19:00:10.039+0000: 694.169: [GC [PSYoungGen: 122556K->1847K(121536K)] 222075K->101398K(808512K), 0.0085340 secs] [Times: user=0.03 sys=0.00, real=0.01 secs] 
2014-07-08T19:00:11.672+0000: 695.802: [GC [PSYoungGen: 121503K->2220K(120064K)] 221053K->101982K(807040K), 0.0158330 secs] [Times: user=0.05 sys=0.00, real=0.02 secs] 
2014-07-08T19:00:13.233+0000: 697.363: [GC [PSYoungGen: 120043K->1726K(143168K)] 219804K->101641K(830144K), 0.0268840 secs] [Times: user=0.09 sys=0.00, real=0.03 secs] 
2014-07-08T19:00:14.873+0000: 699.004: [GC [PSYoungGen: 143166K->1446K(171200K)] 243081K->101577K(858176K), 0.0157660 secs] [Times: user=0.05 sys=0.00, real=0.02 secs] 
2014-07-08T19:00:16.803+0000: 700.933: [GC [PSYoungGen: 171173K->1780K(168192K)] 271304K->102041K(855168K), 0.0065540 secs] [Times: user=0.02 sys=0.00, real=0.01 secs] 
2014-07-08T19:00:18.501+0000: 702.631: [GC [PSYoungGen: 168130K->1766K(164928K)] 268391K->102139K(851904K), 0.0060890 secs] [Times: user=0.02 sys=0.00, real=0.01 secs] 
2014-07-08T19:00:20.196+0000: 704.327: [GC [PSYoungGen: 164902K->2028K(162048K)] 265275K->102474K(849024K), 0.0151740 secs] [Times: user=0.06 sys=0.00, real=0.01 secs] 
2014-07-08T19:00:22.078+0000: 706.209: [GC [PSYoungGen: 161993K->1342K(158336K)] 262439K->102063K(845312K), 0.0040240 secs] [Times: user=0.01 sys=0.00, real=0.00 secs] 
2014-07-08T19:00:23.992+0000: 708.122: [GC [PSYoungGen: 158334K->1780K(155840K)] 259055K->102597K(842816K), 0.0137860 secs] [Times: user=0.04 sys=0.00, real=0.01 secs] 
2014-07-08T19:00:25.524+0000: 709.655: [GC [PSYoungGen: 155783K->1904K(153088K)] 256600K->102825K(840064K), 0.0151340 secs] [Times: user=0.05 sys=0.00, real=0.02 secs] 
2014-07-08T19:00:27.599+0000: 711.729: [GC [PSYoungGen: 153046K->2146K(150592K)] 253967K->103124K(837568K), 0.0129950 secs] [Times: user=0.05 sys=0.00, real=0.01 secs] 
2014-07-08T19:00:29.296+0000: 713.427: [GC [PSYoungGen: 150559K->940K(146688K)] 251536K->102529K(833664K), 0.0237820 secs] [Times: user=0.08 sys=0.00, real=0.03 secs] 
2014-07-08T19:00:31.208+0000: 715.338: [GC [PSYoungGen: 146660K->2076K(145216K)] 248250K->103714K(832192K), 0.0140380 secs] [Times: user=0.05 sys=0.00, real=0.02 secs] 
2014-07-08T19:00:32.695+0000: 716.825: [GC [PSYoungGen: 145180K->1780K(142400K)] 246818K->103770K(829376K), 0.0182180 secs] [Times: user=0.06 sys=0.00, real=0.02 secs] 
2014-07-08T19:00:34.435+0000: 718.565: [GC [PSYoungGen: 142388K->1961K(140160K)] 244378K->104039K(827136K), 0.0205300 secs] [Times: user=0.07 sys=0.01, real=0.02 secs] 
2014-07-08T19:00:36.129+0000: 720.259: [GC [PSYoungGen: 140137K->1267K(167104K)] 242215K->103810K(854080K), 0.0202730 secs] [Times: user=0.08 sys=0.00, real=0.03 secs] 
2014-07-08T19:00:38.417+0000: 722.547: [GC [PSYoungGen: 167091K->2281K(201344K)] 269634K->104929K(888320K), 0.0298900 secs] [Times: user=0.10 sys=0.00, real=0.03 secs] 
2014-07-08T19:00:41.057+0000: 725.187: [GC [PSYoungGen: 201320K->1323K(196096K)] 303968K->104649K(883072K), 0.0152000 secs] [Times: user=0.06 sys=0.00, real=0.02 secs] 
2014-07-08T19:00:43.219+0000: 727.349: [GC [PSYoungGen: 196075K->2100K(192704K)] 299401K->105538K(879680K), 0.0158900 secs] [Times: user=0.05 sys=0.00, real=0.02 secs] 
2014-07-08T19:00:45.600+0000: 729.731: [GC [PSYoungGen: 192692K->1570K(188160K)] 296130K->105430K(875136K), 0.0169430 secs] [Times: user=0.05 sys=0.00, real=0.01 secs] 
2014-07-08T19:00:48.075+0000: 732.205: [GC [PSYoungGen: 188130K->1751K(184448K)] 291990K->105939K(871424K), 0.0080070 secs] [Times: user=0.02 sys=0.00, real=0.01 secs] 
2014-07-08T19:00:50.229+0000: 734.359: [GC [PSYoungGen: 184407K->1662K(180544K)] 288595K->106066K(867520K), 0.0099820 secs] [Times: user=0.02 sys=0.01, real=0.01 secs] 
2014-07-08T19:00:52.306+0000: 736.436: [GC [PSYoungGen: 180542K->2171K(177408K)] 284946K->106737K(864384K), 0.0225460 secs] [Times: user=0.08 sys=0.00, real=0.02 secs] 
2014-07-08T19:00:54.266+0000: 738.397: [GC [PSYoungGen: 177400K->1077K(172800K)] 281967K->106754K(859776K), 0.0090490 secs] [Times: user=0.03 sys=0.00, real=0.01 secs] 
2014-07-08T19:00:56.314+0000: 740.444: [GC [PSYoungGen: 172789K->2481K(170816K)] 278466K->108230K(857792K), 0.0103460 secs] [Times: user=0.03 sys=0.00, real=0.01 secs] 
2014-07-08T19:00:58.152+0000: 742.282: [GC [PSYoungGen: 170800K->1466K(166528K)] 276549K->107769K(853504K), 0.0253340 secs] [Times: user=0.09 sys=0.00, real=0.03 secs] 
2014-07-08T19:01:00.125+0000: 744.255: [GC [PSYoungGen: 166522K->2342K(164224K)] 272825K->108700K(851200K), 0.0049260 secs] [Times: user=0.02 sys=0.00, real=0.00 secs] 
2014-07-08T19:01:02.226+0000: 746.356: [GC [PSYoungGen: 164139K->1462K(160256K)] 270498K->108287K(847232K), 0.0042610 secs] [Times: user=0.01 sys=0.01, real=0.00 secs] 
2014-07-08T19:01:04.248+0000: 748.378: [GC [PSYoungGen: 160246K->1968K(157760K)] 267071K->108889K(844736K), 0.0139130 secs] [Times: user=0.04 sys=0.00, real=0.01 secs] 
2014-07-08T19:01:06.211+0000: 750.341: [GC [PSYoungGen: 157716K->1837K(154752K)] 264637K->108926K(841728K), 0.0119360 secs] [Times: user=0.04 sys=0.01, real=0.01 secs] 
2014-07-08T19:01:08.220+0000: 752.351: [GC [PSYoungGen: 154733K->1922K(152064K)] 261822K->109091K(839040K), 0.0081810 secs] [Times: user=0.02 sys=0.01, real=0.01 secs] 
2014-07-08T19:01:10.062+0000: 754.192: [GC [PSYoungGen: 152002K->1332K(148672K)] 259171K->108693K(835648K), 0.0120330 secs] [Times: user=0.05 sys=0.00, real=0.01 secs] 
2014-07-08T19:01:11.559+0000: 755.689: [GC [PSYoungGen: 148660K->1876K(146624K)] 256021K->109325K(833600K), 0.0145720 secs] [Times: user=0.05 sys=0.00, real=0.01 secs] 
2014-07-08T19:01:13.316+0000: 757.446: [GC [PSYoungGen: 146560K->1897K(144064K)] 254009K->109586K(831040K), 0.0166030 secs] [Times: user=0.06 sys=0.00, real=0.01 secs] 
2014-07-08T19:01:15.198+0000: 759.329: [GC [PSYoungGen: 144040K->1808K(141504K)] 251729K->109593K(828480K), 0.0108280 secs] [Times: user=0.04 sys=0.00, real=0.01 secs] 
2014-07-08T19:01:16.989+0000: 761.119: [GC [PSYoungGen: 141426K->1392K(138624K)] 249211K->109497K(825600K), 0.0174090 secs] [Times: user=0.06 sys=0.00, real=0.02 secs] 
2014-07-08T19:01:18.321+0000: 762.452: [GC [PSYoungGen: 138607K->1932K(136832K)] 246712K->110117K(823808K), 0.0154360 secs] [Times: user=0.04 sys=0.00, real=0.02 secs] 
2014-07-08T19:01:20.277+0000: 764.407: [GC [PSYoungGen: 136780K->1648K(134208K)] 244965K->109945K(821184K), 0.0072840 secs] [Times: user=0.03 sys=0.00, real=0.00 secs] 
2014-07-08T19:01:22.086+0000: 766.217: [GC [PSYoungGen: 134190K->1428K(131776K)] 242487K->109813K(818752K), 0.0073600 secs] [Times: user=0.02 sys=0.00, real=0.00 secs] 
2014-07-08T19:01:23.507+0000: 767.638: [GC [PSYoungGen: 131731K->1786K(129920K)] 240116K->110349K(816896K), 0.0151940 secs] [Times: user=0.05 sys=0.00, real=0.01 secs] 
2014-07-08T19:01:25.072+0000: 769.202: [GC [PSYoungGen: 129881K->1854K(127872K)] 238444K->110513K(814848K), 0.0111360 secs] [Times: user=0.04 sys=0.00, real=0.01 secs] 
2014-07-08T19:01:26.913+0000: 771.044: [GC [PSYoungGen: 127870K->1254K(125248K)] 236529K->110233K(812224K), 0.0120050 secs] [Times: user=0.04 sys=0.00, real=0.01 secs] 
2014-07-08T19:01:28.383+0000: 772.514: [GC [PSYoungGen: 125175K->1684K(123712K)] 234154K->110785K(810688K), 0.0174550 secs] [Times: user=0.06 sys=0.01, real=0.02 secs] 
2014-07-08T19:01:30.077+0000: 774.207: [GC [PSYoungGen: 123668K->1790K(121856K)] 232769K->111069K(808832K), 0.0061990 secs] [Times: user=0.02 sys=0.00, real=0.01 secs] 
2014-07-08T19:01:31.357+0000: 775.487: [GC [PSYoungGen: 121853K->1964K(120192K)] 231132K->111331K(807168K), 0.0128110 secs] [Times: user=0.05 sys=0.00, real=0.02 secs] 
2014-07-08T19:01:32.984+0000: 777.114: [GC [PSYoungGen: 120172K->1014K(117376K)] 229539K->111318K(804352K), 0.0189710 secs] [Times: user=0.07 sys=0.00, real=0.02 secs] 
2014-07-08T19:01:34.288+0000: 778.418: [GC [PSYoungGen: 117320K->1660K(116224K)] 227623K->112011K(803200K), 0.0141400 secs] [Times: user=0.03 sys=0.01, real=0.01 secs] 
2014-07-08T19:01:35.553+0000: 779.684: [GC [PSYoungGen: 116219K->2089K(139584K)] 226571K->112832K(826560K), 0.0193920 secs] [Times: user=0.07 sys=0.00, real=0.02 secs] 
2014-07-08T19:01:37.270+0000: 781.400: [GC [PSYoungGen: 139561K->1968K(137088K)] 250304K->112783K(824064K), 0.0072080 secs] [Times: user=0.02 sys=0.00, real=0.00 secs] 
2014-07-08T19:01:38.953+0000: 783.083: [GC [PSYoungGen: 137072K->1072K(133888K)] 247887K->112456K(820864K), 0.0186930 secs] [Times: user=0.06 sys=0.00, real=0.02 secs] 
2014-07-08T19:01:40.193+0000: 784.324: [GC [PSYoungGen: 133851K->2028K(161408K)] 245234K->113476K(848384K), 0.0202930 secs] [Times: user=0.07 sys=0.00, real=0.02 secs] 
2014-07-08T19:01:42.327+0000: 786.457: [GC [PSYoungGen: 161376K->1730K(193024K)] 272824K->113306K(880000K), 0.0177420 secs] [Times: user=0.06 sys=0.00, real=0.02 secs] 
2014-07-08T19:01:44.827+0000: 788.957: [GC [PSYoungGen: 192962K->2156K(189376K)] 304538K->113868K(876352K), 0.0125890 secs] [Times: user=0.03 sys=0.01, real=0.02 secs] 
2014-07-08T19:01:47.118+0000: 791.248: [GC [PSYoungGen: 189356K->932K(184256K)] 301068K->113739K(871232K), 0.0080680 secs] [Times: user=0.02 sys=0.00, real=0.01 secs] 
2014-07-08T19:01:49.224+0000: 793.355: [GC [PSYoungGen: 184180K->2489K(182016K)] 296987K->115328K(868992K), 0.0067800 secs] [Times: user=0.02 sys=0.00, real=0.01 secs] 
2014-07-08T19:01:51.053+0000: 795.183: [GC [PSYoungGen: 181975K->1588K(177472K)] 294814K->114893K(864448K), 0.0098520 secs] [Times: user=0.03 sys=0.00, real=0.01 secs] 
2014-07-08T19:01:53.151+0000: 797.281: [GC [PSYoungGen: 177460K->1844K(174208K)] 290765K->115253K(861184K), 0.0093920 secs] [Times: user=0.03 sys=0.01, real=0.01 secs] 
2014-07-08T19:01:55.314+0000: 799.445: [GC [PSYoungGen: 174196K->1833K(170816K)] 287605K->115482K(857792K), 0.0078490 secs] [Times: user=0.03 sys=0.00, real=0.01 secs] 
2014-07-08T19:01:57.191+0000: 801.322: [GC [PSYoungGen: 170762K->2309K(168000K)] 284412K->116055K(854976K), 0.0151020 secs] [Times: user=0.05 sys=0.00, real=0.01 secs] 
2014-07-08T19:01:59.297+0000: 803.427: [GC [PSYoungGen: 167941K->950K(163392K)] 281687K->115454K(850368K), 0.0106310 secs] [Times: user=0.03 sys=0.00, real=0.01 secs] 
2014-07-08T19:02:01.399+0000: 805.530: [GC [PSYoungGen: 163333K->2058K(161408K)] 277837K->116610K(848384K), 0.0201900 secs] [Times: user=0.07 sys=0.00, real=0.02 secs] 
2014-07-08T19:02:03.541+0000: 807.671: [GC [PSYoungGen: 161330K->1716K(158016K)] 275882K->116652K(844992K), 0.0104260 secs] [Times: user=0.03 sys=0.00, real=0.01 secs] 
2014-07-08T19:02:05.264+0000: 809.395: [GC [PSYoungGen: 158004K->1776K(155136K)] 272940K->116808K(842112K), 0.0057740 secs] [Times: user=0.02 sys=0.00, real=0.00 secs] 
2014-07-08T19:02:07.123+0000: 811.253: [GC [PSYoungGen: 155119K->1649K(152192K)] 270151K->116888K(839168K), 0.0168710 secs] [Times: user=0.06 sys=0.00, real=0.01 secs] 
2014-07-08T19:02:08.768+0000: 812.899: [GC [PSYoungGen: 152105K->2277K(150080K)] 267345K->117565K(837056K), 0.0220590 secs] [Times: user=0.08 sys=0.00, real=0.02 secs] 
2014-07-08T19:02:10.550+0000: 814.680: [GC [PSYoungGen: 150053K->1070K(146176K)] 265341K->117056K(833152K), 0.0165850 secs] [Times: user=0.06 sys=0.00, real=0.02 secs] 
2014-07-08T19:02:12.286+0000: 816.417: [GC [PSYoungGen: 146158K->1998K(144576K)] 262144K->118080K(831552K), 0.0241730 secs] [Times: user=0.09 sys=0.00, real=0.02 secs] 
2014-07-08T19:02:13.963+0000: 818.093: [GC [PSYoungGen: 144516K->2047K(142080K)] 260599K->118563K(829056K), 0.0090240 secs] [Times: user=0.02 sys=0.00, real=0.01 secs] 
2014-07-08T19:02:15.552+0000: 819.682: [GC [PSYoungGen: 142061K->1748K(139392K)] 258577K->118344K(826368K), 0.0141470 secs] [Times: user=0.05 sys=0.00, real=0.02 secs] 
2014-07-08T19:02:17.365+0000: 821.496: [GC [PSYoungGen: 139334K->1599K(136832K)] 255930K->118379K(823808K), 0.0144680 secs] [Times: user=0.05 sys=0.00, real=0.01 secs] 
2014-07-08T19:02:19.077+0000: 823.207: [GC [PSYoungGen: 136801K->1950K(134912K)] 253581K->118811K(821888K), 0.0138380 secs] [Times: user=0.05 sys=0.00, real=0.01 secs] 
2014-07-08T19:02:20.489+0000: 824.619: [GC [PSYoungGen: 134878K->1684K(132416K)] 251739K->118608K(819392K), 0.0116950 secs] [Times: user=0.04 sys=0.00, real=0.01 secs] 
2014-07-08T19:02:22.163+0000: 826.293: [GC [PSYoungGen: 132354K->2402K(130944K)] 249278K->119430K(817920K), 0.0096860 secs] [Times: user=0.04 sys=0.00, real=0.01 secs] 
2014-07-08T19:02:23.986+0000: 828.117: [GC [PSYoungGen: 130914K->1014K(127424K)] 247942K->118652K(814400K), 0.0132060 secs] [Times: user=0.04 sys=0.00, real=0.01 secs] 
2014-07-08T19:02:25.349+0000: 829.479: [GC [PSYoungGen: 127392K->2136K(126528K)] 245030K->119847K(813504K), 0.0184610 secs] [Times: user=0.06 sys=0.00, real=0.02 secs] 
2014-07-08T19:02:27.000+0000: 831.130: [GC [PSYoungGen: 126448K->1840K(124224K)] 244159K->119846K(811200K), 0.0162400 secs] [Times: user=0.05 sys=0.00, real=0.02 secs] 
2014-07-08T19:02:28.356+0000: 832.486: [GC [PSYoungGen: 124201K->2036K(122496K)] 242207K->120107K(809472K), 0.0070660 secs] [Times: user=0.02 sys=0.00, real=0.01 secs] 
2014-07-08T19:02:29.942+0000: 834.072: [GC [PSYoungGen: 122484K->1389K(120000K)] 240555K->119747K(806976K), 0.0206940 secs] [Times: user=0.08 sys=0.00, real=0.02 secs] 
2014-07-08T19:02:31.364+0000: 835.495: [GC [PSYoungGen: 119947K->2146K(118912K)] 238305K->120568K(805888K), 0.0091900 secs] [Times: user=0.03 sys=0.00, real=0.01 secs] 
2014-07-08T19:02:33.009+0000: 837.139: [GC [PSYoungGen: 118882K->1581K(116544K)] 237304K->120323K(803520K), 0.0177220 secs] [Times: user=0.07 sys=0.00, real=0.02 secs] 
2014-07-08T19:02:34.484+0000: 838.614: [GC [PSYoungGen: 116495K->1730K(115008K)] 235237K->120618K(801984K), 0.0126070 secs] [Times: user=0.04 sys=0.00, real=0.01 secs] 
2014-07-08T19:02:36.007+0000: 840.137: [GC [PSYoungGen: 114935K->1773K(113344K)] 233823K->120871K(800320K), 0.0130920 secs] [Times: user=0.05 sys=0.00, real=0.02 secs] 
2014-07-08T19:02:37.208+0000: 841.338: [GC [PSYoungGen: 113324K->1766K(111680K)] 232422K->121010K(798656K), 0.0083090 secs] [Times: user=0.03 sys=0.00, real=0.00 secs] 
2014-07-08T19:02:38.539+0000: 842.669: [GC [PSYoungGen: 111654K->1460K(109760K)] 230898K->120994K(796736K), 0.0173540 secs] [Times: user=0.05 sys=0.01, real=0.01 secs] 
2014-07-08T19:02:39.953+0000: 844.083: [GC [PSYoungGen: 109748K->2188K(108928K)] 229282K->121803K(795904K), 0.0152760 secs] [Times: user=0.05 sys=0.00, real=0.02 secs] 
2014-07-08T19:02:41.294+0000: 845.425: [GC [PSYoungGen: 108851K->1194K(106368K)] 228466K->121863K(793344K), 0.0101770 secs] [Times: user=0.03 sys=0.00, real=0.01 secs] 
2014-07-08T19:02:42.366+0000: 846.496: [GC [PSYoungGen: 106346K->2557K(106240K)] 227015K->123298K(793216K), 0.0141020 secs] [Times: user=0.03 sys=0.00, real=0.02 secs] 
2014-07-08T19:02:43.813+0000: 847.943: [GC [PSYoungGen: 106237K->1392K(125824K)] 226978K->122829K(812800K), 0.0221800 secs] [Times: user=0.08 sys=0.00, real=0.02 secs] 
2014-07-08T19:02:45.377+0000: 849.508: [GC [PSYoungGen: 125808K->1954K(151296K)] 247245K->123463K(838272K), 0.0255600 secs] [Times: user=0.09 sys=0.00, real=0.03 secs] 
2014-07-08T19:02:47.084+0000: 851.215: [GC [PSYoungGen: 151266K->1684K(180928K)] 272775K->123305K(867904K), 0.0197690 secs] [Times: user=0.07 sys=0.00, real=0.02 secs] 
2014-07-08T19:02:49.106+0000: 853.236: [GC [PSYoungGen: 180884K->2025K(217088K)] 302505K->123702K(904064K), 0.0329090 secs] [Times: user=0.12 sys=0.00, real=0.03 secs] 
2014-07-08T19:02:51.834+0000: 855.964: [GC [PSYoungGen: 217017K->1520K(259584K)] 338694K->123405K(946560K), 0.0226430 secs] [Times: user=0.08 sys=0.00, real=0.02 secs] 
2014-07-08T19:02:54.801+0000: 858.931: [GC [PSYoungGen: 259469K->1613K(311360K)] 381354K->123618K(998336K), 0.0236510 secs] [Times: user=0.09 sys=0.00, real=0.02 secs] 
2014-07-08T19:02:58.394+0000: 862.524: [GC [PSYoungGen: 311309K->1961K(303232K)] 433314K->124054K(990208K), 0.0067380 secs] [Times: user=0.01 sys=0.00, real=0.01 secs] 
2014-07-08T19:03:02.084+0000: 866.214: [GC [PSYoungGen: 303209K->1968K(295168K)] 425302K->124125K(982144K), 0.0292120 secs] [Times: user=0.10 sys=0.00, real=0.03 secs] 
2014-07-08T19:03:05.240+0000: 869.370: [GC [PSYoungGen: 295112K->1206K(286656K)] 417269K->124091K(973632K), 0.0116200 secs] [Times: user=0.03 sys=0.00, real=0.02 secs] 
2014-07-08T19:03:08.817+0000: 872.948: [GC [PSYoungGen: 286646K->2236K(280192K)] 409531K->125193K(967168K), 0.0089540 secs] [Times: user=0.02 sys=0.01, real=0.01 secs] 
2014-07-08T19:03:11.986+0000: 876.117: [GC [PSYoungGen: 280176K->1444K(272256K)] 403134K->125208K(959232K), 0.0164190 secs] [Times: user=0.06 sys=0.00, real=0.02 secs] 
2014-07-08T19:03:15.301+0000: 879.432: [GC [PSYoungGen: 272228K->1936K(265856K)] 395992K->125828K(952832K), 0.0069670 secs] [Times: user=0.02 sys=0.00, real=0.01 secs] 
2014-07-08T19:03:18.626+0000: 882.757: [GC [PSYoungGen: 265793K->1708K(258944K)] 389684K->125858K(945920K), 0.0229860 secs] [Times: user=0.08 sys=0.00, real=0.02 secs] 
2014-07-08T19:03:21.932+0000: 886.063: [GC [PSYoungGen: 258924K->2483K(253312K)] 383074K->126778K(940288K), 0.0128620 secs] [Times: user=0.05 sys=0.00, real=0.02 secs] 
2014-07-08T19:03:24.966+0000: 889.096: [GC [PSYoungGen: 253295K->818K(245504K)] 377591K->126024K(932480K), 0.0257240 secs] [Times: user=0.10 sys=0.00, real=0.02 secs] 
2014-07-08T19:03:28.063+0000: 892.193: [GC [PSYoungGen: 245490K->2062K(240832K)] 370696K->127348K(927808K), 0.0149920 secs] [Times: user=0.05 sys=0.00, real=0.02 secs] 
2014-07-08T19:03:31.073+0000: 895.204: [GC [PSYoungGen: 240740K->1780K(234816K)] 366026K->127468K(921792K), 0.0155670 secs] [Times: user=0.05 sys=0.00, real=0.02 secs] 
2014-07-08T19:03:33.357+0000: 897.488: [GC [PSYoungGen: 234804K->1872K(229440K)] 360492K->127688K(916416K), 0.0101990 secs] [Times: user=0.03 sys=0.00, real=0.01 secs] 
2014-07-08T19:03:36.238+0000: 900.369: [GC [PSYoungGen: 229392K->1587K(223808K)] 355208K->127785K(910784K), 0.0119670 secs] [Times: user=0.05 sys=0.00, real=0.01 secs] 
2014-07-08T19:03:39.057+0000: 903.187: [GC [PSYoungGen: 223795K->1428K(218560K)] 349993K->127690K(905536K), 0.0331960 secs] [Times: user=0.12 sys=0.00, real=0.03 secs] 
2014-07-08T19:03:41.229+0000: 905.360: [GC [PSYoungGen: 218515K->1982K(214144K)] 344777K->128340K(901120K), 0.0217140 secs] [Times: user=0.08 sys=0.00, real=0.02 secs] 
2014-07-08T19:03:43.620+0000: 907.750: [GC [PSYoungGen: 214120K->1748K(209216K)] 340478K->128218K(896192K), 0.0108200 secs] [Times: user=0.03 sys=0.00, real=0.01 secs] 
2014-07-08T19:03:45.974+0000: 910.104: [GC [PSYoungGen: 209172K->1404K(204224K)] 335642K->128310K(891200K), 0.0045020 secs] [Times: user=0.02 sys=0.00, real=0.01 secs] 
2014-07-08T19:03:48.157+0000: 912.288: [GC [PSYoungGen: 204213K->1948K(200384K)] 331119K->128918K(887360K), 0.0078010 secs] [Times: user=0.02 sys=0.00, real=0.01 secs] 
2014-07-08T19:03:50.742+0000: 914.872: [GC [PSYoungGen: 200348K->1652K(195776K)] 327318K->128782K(882752K), 0.0177090 secs] [Times: user=0.06 sys=0.00, real=0.02 secs] 
2014-07-08T19:03:53.033+0000: 917.164: [GC [PSYoungGen: 195763K->1808K(191808K)] 322893K->129050K(878784K), 0.0132790 secs] [Times: user=0.04 sys=0.00, real=0.01 secs] 
2014-07-08T19:03:55.066+0000: 919.196: [GC [PSYoungGen: 191760K->1407K(187392K)] 319002K->129459K(874368K), 0.0073260 secs] [Times: user=0.03 sys=0.00, real=0.01 secs] 
2014-07-08T19:03:57.087+0000: 921.217: [GC [PSYoungGen: 187391K->2112K(184320K)] 315443K->130220K(871296K), 0.0116080 secs] [Times: user=0.04 sys=0.00, real=0.01 secs] 
2014-07-08T19:03:59.308+0000: 923.438: [GC [PSYoungGen: 184214K->1316K(179776K)] 312323K->130105K(866752K), 0.0180090 secs] [Times: user=0.05 sys=0.00, real=0.02 secs] 
2014-07-08T19:04:01.420+0000: 925.550: [GC [PSYoungGen: 179735K->1656K(176448K)] 308523K->130476K(863424K), 0.0042140 secs] [Times: user=0.01 sys=0.00, real=0.00 secs] 
2014-07-08T19:04:03.517+0000: 927.647: [GC [PSYoungGen: 176390K->1680K(172992K)] 305210K->130686K(859968K), 0.0113480 secs] [Times: user=0.04 sys=0.00, real=0.01 secs] 
2014-07-08T19:04:05.689+0000: 929.819: [GC [PSYoungGen: 172944K->2007K(169920K)] 301950K->131109K(856896K), 0.0146420 secs] [Times: user=0.05 sys=0.01, real=0.02 secs] 
2014-07-08T19:04:07.506+0000: 931.636: [GC [PSYoungGen: 169879K->1146K(165760K)] 298981K->130882K(852736K), 0.0084030 secs] [Times: user=0.03 sys=0.00, real=0.01 secs] 
2014-07-08T19:04:09.290+0000: 933.421: [GC [PSYoungGen: 165754K->1744K(163200K)] 295490K->131529K(850176K), 0.0089870 secs] [Times: user=0.03 sys=0.00, real=0.01 secs] 
2014-07-08T19:04:11.127+0000: 935.257: [GC [PSYoungGen: 163152K->1968K(160320K)] 292937K->131848K(847296K), 0.0064900 secs] [Times: user=0.02 sys=0.00, real=0.01 secs] 
2014-07-08T19:04:13.057+0000: 937.187: [GC [PSYoungGen: 160264K->1808K(157184K)] 290144K->131809K(844160K), 0.0102740 secs] [Times: user=0.04 sys=0.00, real=0.01 secs] 
2014-07-08T19:04:15.264+0000: 939.394: [GC [PSYoungGen: 157136K->950K(153408K)] 287137K->131977K(840384K), 0.0260750 secs] [Times: user=0.08 sys=0.01, real=0.02 secs] 
2014-07-08T19:04:16.989+0000: 941.119: [GC [PSYoungGen: 153398K->2012K(151680K)] 284425K->133103K(838656K), 0.0119860 secs] [Times: user=0.04 sys=0.00, real=0.01 secs] 
2014-07-08T19:04:18.782+0000: 942.913: [GC [PSYoungGen: 151644K->1652K(148608K)] 282735K->133079K(835584K), 0.0162850 secs] [Times: user=0.06 sys=0.00, real=0.01 secs] 
2014-07-08T19:04:20.386+0000: 944.517: [GC [PSYoungGen: 148595K->2124K(146496K)] 280022K->133592K(833472K), 0.0072150 secs] [Times: user=0.03 sys=0.00, real=0.01 secs] 
2014-07-08T19:04:22.228+0000: 946.358: [GC [PSYoungGen: 146444K->818K(142592K)] 277912K->133328K(829568K), 0.0098330 secs] [Times: user=0.03 sys=0.00, real=0.01 secs] 
2014-07-08T19:04:24.019+0000: 948.149: [GC [PSYoungGen: 142532K->2356K(141632K)] 275042K->135034K(828608K), 0.0257520 secs] [Times: user=0.09 sys=0.00, real=0.03 secs] 
2014-07-08T19:04:25.305+0000: 949.435: [GC [PSYoungGen: 141620K->1570K(138432K)] 274298K->134748K(825408K), 0.0164760 secs] [Times: user=0.05 sys=0.00, real=0.01 secs] 
2014-07-08T19:04:27.054+0000: 951.184: [GC [PSYoungGen: 138402K->2036K(136512K)] 271580K->135254K(823488K), 0.0096740 secs] [Times: user=0.03 sys=0.00, real=0.01 secs] 
2014-07-08T19:04:28.757+0000: 952.887: [GC [PSYoungGen: 136500K->1378K(133568K)] 269718K->135049K(820544K), 0.0198590 secs] [Times: user=0.08 sys=0.01, real=0.02 secs] 
2014-07-08T19:04:30.181+0000: 954.311: [GC [PSYoungGen: 133538K->2156K(132160K)] 267209K->135859K(819136K), 0.0059570 secs] [Times: user=0.02 sys=0.00, real=0.01 secs] 
2014-07-08T19:04:31.864+0000: 955.994: [GC [PSYoungGen: 132138K->1332K(129152K)] 265841K->135314K(816128K), 0.0133930 secs] [Times: user=0.04 sys=0.01, real=0.02 secs] 
2014-07-08T19:04:33.194+0000: 957.325: [GC [PSYoungGen: 129140K->1716K(127424K)] 263122K->135818K(814400K), 0.0102760 secs] [Times: user=0.04 sys=0.00, real=0.01 secs] 
2014-07-08T19:04:35.107+0000: 959.237: [GC [PSYoungGen: 127412K->1780K(125440K)] 261514K->135954K(812416K), 0.0156960 secs] [Times: user=0.06 sys=0.00, real=0.01 secs] 
2014-07-08T19:04:36.436+0000: 960.567: [GC [PSYoungGen: 125428K->1840K(123520K)] 259602K->136078K(810496K), 0.0147520 secs] [Times: user=0.05 sys=0.00, real=0.01 secs] 
2014-07-08T19:04:37.946+0000: 962.076: [GC [PSYoungGen: 123490K->1270K(121024K)] 257728K->135891K(808000K), 0.0127850 secs] [Times: user=0.05 sys=0.00, real=0.01 secs] 
2014-07-08T19:04:39.148+0000: 963.279: [GC [PSYoungGen: 121006K->1904K(119808K)] 255627K->136588K(806784K), 0.0068450 secs] [Times: user=0.02 sys=0.00, real=0.00 secs] 
2014-07-08T19:04:40.877+0000: 965.007: [GC [PSYoungGen: 119765K->1719K(117824K)] 254450K->136646K(804800K), 0.0152670 secs] [Times: user=0.05 sys=0.00, real=0.01 secs] 
2014-07-08T19:04:42.109+0000: 966.240: [GC [PSYoungGen: 117815K->2363K(116672K)] 252741K->137498K(803648K), 0.0111480 secs] [Times: user=0.04 sys=0.00, real=0.01 secs] 
2014-07-08T19:04:43.778+0000: 967.908: [GC [PSYoungGen: 116667K->698K(113280K)] 251802K->136865K(800256K), 0.0222510 secs] [Times: user=0.08 sys=0.01, real=0.02 secs] 
2014-07-08T19:04:45.331+0000: 969.461: [GC [PSYoungGen: 113274K->2314K(137472K)] 249441K->138553K(824448K), 0.0273780 secs] [Times: user=0.10 sys=0.00, real=0.03 secs] 
2014-07-08T19:04:47.016+0000: 971.146: [GC [PSYoungGen: 137418K->2057K(134912K)] 273657K->138714K(821888K), 0.0080270 secs] [Times: user=0.02 sys=0.00, real=0.01 secs] 
2014-07-08T19:04:48.291+0000: 972.421: [GC [PSYoungGen: 134857K->2057K(161472K)] 271514K->138794K(848448K), 0.0227990 secs] [Times: user=0.08 sys=0.00, real=0.02 secs] 
2014-07-08T19:04:50.249+0000: 974.379: [GC [PSYoungGen: 161417K->1078K(192320K)] 298154K->138281K(879296K), 0.0249190 secs] [Times: user=0.10 sys=0.01, real=0.02 secs] 
2014-07-08T19:04:52.614+0000: 976.744: [GC [PSYoungGen: 192310K->2118K(231680K)] 329513K->139417K(918656K), 0.0123990 secs] [Times: user=0.04 sys=0.00, real=0.01 secs] 
2014-07-08T19:04:55.173+0000: 979.303: [GC [PSYoungGen: 231615K->1915K(226048K)] 368914K->139702K(913024K), 0.0081450 secs] [Times: user=0.03 sys=0.00, real=0.01 secs] 
2014-07-08T19:04:58.378+0000: 982.509: [GC [PSYoungGen: 226043K->1936K(220928K)] 363830K->139803K(907904K), 0.0092570 secs] [Times: user=0.02 sys=0.00, real=0.00 secs] 
2014-07-08T19:05:00.568+0000: 984.698: [GC [PSYoungGen: 220880K->1530K(215488K)] 358747K->139648K(902464K), 0.0172260 secs] [Times: user=0.06 sys=0.00, real=0.02 secs] 
2014-07-08T19:05:03.143+0000: 987.273: [GC [PSYoungGen: 215479K->1780K(210944K)] 353596K->140001K(897920K), 0.0117380 secs] [Times: user=0.04 sys=0.00, real=0.01 secs] 
2014-07-08T19:05:05.452+0000: 989.582: [GC [PSYoungGen: 210904K->1960K(206464K)] 349125K->140342K(893440K), 0.0143180 secs] [Times: user=0.05 sys=0.00, real=0.01 secs] 
2014-07-08T19:05:07.972+0000: 992.103: [GC [PSYoungGen: 206434K->2437K(202496K)] 344815K->140906K(889472K), 0.0147330 secs] [Times: user=0.05 sys=0.00, real=0.01 secs] 
2014-07-08T19:05:10.138+0000: 994.268: [GC [PSYoungGen: 202414K->680K(196352K)] 340884K->140093K(883328K), 0.0067150 secs] [Times: user=0.02 sys=0.00, real=0.01 secs] 
2014-07-08T19:05:12.469+0000: 996.600: [GC [PSYoungGen: 196305K->2680K(194176K)] 335719K->142256K(881152K), 0.0183040 secs] [Times: user=0.06 sys=0.00, real=0.02 secs] 
2014-07-08T19:05:14.845+0000: 998.975: [GC [PSYoungGen: 194168K->2028K(189504K)] 333744K->142102K(876480K), 0.0153320 secs] [Times: user=0.06 sys=0.01, real=0.01 secs] 
2014-07-08T19:05:17.372+0000: 1001.502: [GC [PSYoungGen: 189484K->1812K(185408K)] 329558K->141958K(872384K), 0.0110040 secs] [Times: user=0.03 sys=0.00, real=0.01 secs] 
2014-07-08T19:05:19.446+0000: 1003.577: [GC [PSYoungGen: 185364K->1804K(181632K)] 325510K->142006K(868608K), 0.0054850 secs] [Times: user=0.01 sys=0.00, real=0.00 secs] 
2014-07-08T19:05:21.547+0000: 1005.677: [GC [PSYoungGen: 181580K->1840K(177984K)] 321782K->142122K(864960K), 0.0177270 secs] [Times: user=0.06 sys=0.00, real=0.02 secs] 
2014-07-08T19:05:24.009+0000: 1008.140: [GC [PSYoungGen: 177968K->2121K(174784K)] 318250K->142531K(861760K), 0.0172180 secs] [Times: user=0.06 sys=0.00, real=0.02 secs] 
2014-07-08T19:05:26.168+0000: 1010.298: [GC [PSYoungGen: 174729K->1812K(171008K)] 315139K->142310K(857984K), 0.0271020 secs] [Times: user=0.10 sys=0.00, real=0.03 secs] 
2014-07-08T19:05:28.266+0000: 1012.396: [GC [PSYoungGen: 170963K->1776K(167616K)] 311461K->142394K(854592K), 0.0137630 secs] [Times: user=0.05 sys=0.00, real=0.01 secs] 
2014-07-08T19:05:30.112+0000: 1014.243: [GC [PSYoungGen: 167600K->1965K(164608K)] 308218K->142663K(851584K), 0.0187520 secs] [Times: user=0.07 sys=0.00, real=0.02 secs] 
2014-07-08T19:05:32.075+0000: 1016.205: [GC [PSYoungGen: 164589K->1775K(161280K)] 305287K->142879K(848256K), 0.0103430 secs] [Times: user=0.04 sys=0.00, real=0.01 secs] 
2014-07-08T19:05:34.258+0000: 1018.388: [GC [PSYoungGen: 161258K->1872K(158400K)] 302362K->143080K(845376K), 0.0227790 secs] [Times: user=0.08 sys=0.00, real=0.02 secs] 
2014-07-08T19:05:36.306+0000: 1020.436: [GC [PSYoungGen: 158345K->1662K(155200K)] 299553K->143000K(842176K), 0.0129050 secs] [Times: user=0.05 sys=0.00, real=0.01 secs] 
2014-07-08T19:05:38.079+0000: 1022.210: [GC [PSYoungGen: 155198K->2110K(152832K)] 296536K->143512K(839808K), 0.0120610 secs] [Times: user=0.04 sys=0.00, real=0.01 secs] 
2014-07-08T19:05:39.989+0000: 1024.119: [GC [PSYoungGen: 152830K->1520K(149504K)] 294232K->143260K(836480K), 0.0241040 secs] [Times: user=0.06 sys=0.00, real=0.02 secs] 
2014-07-08T19:05:41.798+0000: 1025.929: [GC [PSYoungGen: 149488K->1964K(147264K)] 291228K->143800K(834240K), 0.0180760 secs] [Times: user=0.06 sys=0.00, real=0.02 secs] 
2014-07-08T19:05:43.589+0000: 1027.719: [GC [PSYoungGen: 147243K->1769K(144512K)] 289079K->143877K(831488K), 0.0178440 secs] [Times: user=0.06 sys=0.00, real=0.02 secs] 
2014-07-08T19:05:45.358+0000: 1029.489: [GC [PSYoungGen: 144488K->2110K(142336K)] 286596K->144330K(829312K), 0.0143200 secs] [Times: user=0.05 sys=0.00, real=0.01 secs] 
2014-07-08T19:05:46.954+0000: 1031.084: [GC [PSYoungGen: 142334K->1120K(138944K)] 284554K->144237K(825920K), 0.0155540 secs] [Times: user=0.05 sys=0.00, real=0.02 secs] 
2014-07-08T19:05:48.672+0000: 1032.802: [GC [PSYoungGen: 138912K->2224K(137664K)] 282029K->145405K(824640K), 0.0144830 secs] [Times: user=0.05 sys=0.00, real=0.02 secs] 
2014-07-08T19:05:50.371+0000: 1034.501: [GC [PSYoungGen: 137613K->1652K(134784K)] 280793K->145318K(821760K), 0.0149560 secs] [Times: user=0.06 sys=0.00, real=0.01 secs] 
2014-07-08T19:05:52.019+0000: 1036.149: [GC [PSYoungGen: 134771K->2046K(132928K)] 278438K->145817K(819904K), 0.0084120 secs] [Times: user=0.03 sys=0.00, real=0.01 secs] 
2014-07-08T19:05:53.613+0000: 1037.744: [GC [PSYoungGen: 132906K->1324K(130048K)] 276677K->145482K(817024K), 0.0056770 secs] [Times: user=0.02 sys=0.00, real=0.01 secs] 
2014-07-08T19:05:55.201+0000: 1039.331: [GC [PSYoungGen: 129998K->2285K(128896K)] 274157K->146531K(815872K), 0.0100610 secs] [Times: user=0.03 sys=0.00, real=0.01 secs] 
2014-07-08T19:05:56.536+0000: 1040.666: [GC [PSYoungGen: 128875K->1389K(125952K)] 273122K->145936K(812928K), 0.0096180 secs] [Times: user=0.02 sys=0.00, real=0.01 secs] 
2014-07-08T19:05:58.120+0000: 1042.251: [GC [PSYoungGen: 125932K->1868K(124480K)] 270478K->146455K(811456K), 0.0200160 secs] [Times: user=0.07 sys=0.00, real=0.02 secs] 
2014-07-08T19:05:59.490+0000: 1043.620: [GC [PSYoungGen: 124428K->1784K(122432K)] 269015K->146458K(809408K), 0.0152120 secs] [Times: user=0.05 sys=0.00, real=0.01 secs] 
2014-07-08T19:06:01.144+0000: 1045.274: [GC [PSYoungGen: 122424K->1730K(120512K)] 267098K->146469K(807488K), 0.0096200 secs] [Times: user=0.02 sys=0.00, real=0.01 secs] 
2014-07-08T19:06:02.429+0000: 1046.560: [GC [PSYoungGen: 120449K->1447K(118336K)] 265188K->146792K(805312K), 0.0127770 secs] [Times: user=0.04 sys=0.00, real=0.01 secs] 
2014-07-08T19:06:03.950+0000: 1048.080: [GC [PSYoungGen: 118310K->2050K(117184K)] 263655K->147491K(804160K), 0.0143830 secs] [Times: user=0.05 sys=0.00, real=0.01 secs] 
2014-07-08T19:06:05.331+0000: 1049.462: [GC [PSYoungGen: 117081K->1441K(139584K)] 262522K->147508K(826560K), 0.0203550 secs] [Times: user=0.06 sys=0.01, real=0.02 secs] 
2014-07-08T19:06:07.109+0000: 1051.240: [GC [PSYoungGen: 139553K->2153K(137920K)] 285620K->148291K(824896K), 0.0139760 secs] [Times: user=0.05 sys=0.00, real=0.01 secs] 
2014-07-08T19:06:08.557+0000: 1052.687: [GC [PSYoungGen: 137852K->1264K(134720K)] 283991K->147707K(821696K), 0.0102860 secs] [Times: user=0.04 sys=0.00, real=0.01 secs] 
2014-07-08T19:06:10.377+0000: 1054.508: [GC [PSYoungGen: 134704K->2140K(133376K)] 281146K->148614K(820352K), 0.0053690 secs] [Times: user=0.01 sys=0.00, real=0.01 secs] 
2014-07-08T19:06:12.162+0000: 1056.293: [GC [PSYoungGen: 133340K->1570K(130624K)] 279814K->148271K(817600K), 0.0140860 secs] [Times: user=0.05 sys=0.00, real=0.01 secs] 
2014-07-08T19:06:13.682+0000: 1057.812: [GC [PSYoungGen: 130594K->1982K(128896K)] 277295K->148795K(815872K), 0.0188680 secs] [Times: user=0.07 sys=0.00, real=0.02 secs] 
2014-07-08T19:06:15.570+0000: 1059.700: [GC [PSYoungGen: 128894K->1460K(126336K)] 275707K->148855K(813312K), 0.0128690 secs] [Times: user=0.05 sys=0.00, real=0.01 secs] 
2014-07-08T19:06:17.222+0000: 1061.353: [GC [PSYoungGen: 126321K->1730K(124672K)] 273716K->149313K(811648K), 0.0119570 secs] [Times: user=0.05 sys=0.00, real=0.01 secs] 
2014-07-08T19:06:18.524+0000: 1062.654: [GC [PSYoungGen: 124610K->1634K(122624K)] 272193K->149434K(809600K), 0.0166700 secs] [Times: user=0.07 sys=0.00, real=0.02 secs] 
2014-07-08T19:06:20.299+0000: 1064.429: [GC [PSYoungGen: 122564K->1979K(121024K)] 270363K->149892K(808000K), 0.0114570 secs] [Times: user=0.04 sys=0.00, real=0.01 secs] 
2014-07-08T19:06:21.610+0000: 1065.740: [GC [PSYoungGen: 120971K->1276K(118464K)] 268884K->150153K(805440K), 0.0133860 secs] [Times: user=0.05 sys=0.00, real=0.02 secs] 
2014-07-08T19:06:23.093+0000: 1067.223: [GC [PSYoungGen: 118459K->2132K(117568K)] 267335K->151096K(804544K), 0.0176370 secs] [Times: user=0.06 sys=0.01, real=0.01 secs] 
2014-07-08T19:06:24.473+0000: 1068.603: [GC [PSYoungGen: 117524K->1466K(139968K)] 266488K->150976K(826944K), 0.0219520 secs] [Times: user=0.07 sys=0.00, real=0.02 secs] 
2014-07-08T19:06:26.016+0000: 1070.146: [GC [PSYoungGen: 139946K->1968K(168192K)] 289456K->151534K(855168K), 0.0139810 secs] [Times: user=0.05 sys=0.00, real=0.01 secs] 
2014-07-08T19:06:28.027+0000: 1072.158: [GC [PSYoungGen: 168176K->1456K(200960K)] 317742K->151270K(887936K), 0.0219880 secs] [Times: user=0.08 sys=0.01, real=0.02 secs] 
2014-07-08T19:06:30.248+0000: 1074.379: [GC [PSYoungGen: 200942K->2124K(197376K)] 350756K->152002K(884352K), 0.0141690 secs] [Times: user=0.05 sys=0.00, real=0.02 secs] 
2014-07-08T19:06:32.835+0000: 1076.965: [GC [PSYoungGen: 197275K->1250K(192320K)] 347153K->151426K(879296K), 0.0204180 secs] [Times: user=0.07 sys=0.00, real=0.02 secs] 
2014-07-08T19:06:35.209+0000: 1079.339: [GC [PSYoungGen: 192244K->1869K(188928K)] 342421K->152157K(875904K), 0.0158860 secs] [Times: user=0.05 sys=0.00, real=0.02 secs] 
2014-07-08T19:06:37.335+0000: 1081.465: [GC [PSYoungGen: 188877K->1708K(184832K)] 339165K->152165K(871808K), 0.0175540 secs] [Times: user=0.07 sys=0.00, real=0.01 secs] 
2014-07-08T19:06:39.399+0000: 1083.529: [GC [PSYoungGen: 184812K->2028K(181376K)] 335268K->152540K(868352K), 0.0094320 secs] [Times: user=0.03 sys=0.00, real=0.01 secs] 
2014-07-08T19:06:41.594+0000: 1085.724: [GC [PSYoungGen: 181343K->1014K(176704K)] 331855K->152184K(863680K), 0.0140130 secs] [Times: user=0.05 sys=0.00, real=0.01 secs] 
2014-07-08T19:06:43.351+0000: 1087.481: [GC [PSYoungGen: 176694K->2193K(174400K)] 327864K->153459K(861376K), 0.0158220 secs] [Times: user=0.05 sys=0.00, real=0.02 secs] 
2014-07-08T19:06:45.382+0000: 1089.513: [GC [PSYoungGen: 174353K->1519K(170304K)] 325619K->153411K(857280K), 0.0131930 secs] [Times: user=0.04 sys=0.00, real=0.02 secs] 
2014-07-08T19:06:47.386+0000: 1091.516: [GC [PSYoungGen: 170287K->2331K(167808K)] 322179K->154286K(854784K), 0.0094420 secs] [Times: user=0.03 sys=0.00, real=0.01 secs] 
2014-07-08T19:06:49.327+0000: 1093.458: [GC [PSYoungGen: 167771K->1140K(163392K)] 319726K->153391K(850368K), 0.0114350 secs] [Times: user=0.04 sys=0.00, real=0.01 secs] 
2014-07-08T19:06:51.555+0000: 1095.685: [GC [PSYoungGen: 163357K->2305K(161536K)] 315609K->154605K(848512K), 0.0067830 secs] [Times: user=0.01 sys=0.00, real=0.01 secs] 
2014-07-08T19:06:53.443+0000: 1097.574: [GC [PSYoungGen: 161457K->1768K(157952K)] 313757K->154316K(844928K), 0.0086430 secs] [Times: user=0.03 sys=0.00, real=0.01 secs] 
2014-07-08T19:06:55.194+0000: 1099.324: [GC [PSYoungGen: 157928K->2000K(155264K)] 310476K->154628K(842240K), 0.0142650 secs] [Times: user=0.05 sys=0.00, real=0.02 secs] 
2014-07-08T19:06:57.228+0000: 1101.358: [GC [PSYoungGen: 155201K->1448K(151872K)] 307828K->154480K(838848K), 0.0133800 secs] [Times: user=0.05 sys=0.01, real=0.01 secs] 
2014-07-08T19:06:59.000+0000: 1103.131: [GC [PSYoungGen: 151848K->2217K(149888K)] 304880K->155304K(836864K), 0.0141490 secs] [Times: user=0.05 sys=0.00, real=0.01 secs] 
2014-07-08T19:07:01.002+0000: 1105.133: [GC [PSYoungGen: 149865K->1469K(146432K)] 302952K->155096K(833408K), 0.0151440 secs] [Times: user=0.05 sys=0.00, real=0.02 secs] 
2014-07-08T19:07:02.976+0000: 1107.106: [GC [PSYoungGen: 146428K->2252K(144704K)] 300056K->156000K(831680K), 0.0150190 secs] [Times: user=0.05 sys=0.00, real=0.02 secs] 
2014-07-08T19:07:04.650+0000: 1108.780: [GC [PSYoungGen: 144652K->1396K(141312K)] 298400K->155359K(828288K), 0.0191480 secs] [Times: user=0.07 sys=0.00, real=0.02 secs] 
2014-07-08T19:07:06.443+0000: 1110.573: [GC [PSYoungGen: 141257K->1933K(139456K)] 295220K->155968K(826432K), 0.0106380 secs] [Times: user=0.04 sys=0.00, real=0.01 secs] 
2014-07-08T19:07:08.241+0000: 1112.371: [GC [PSYoungGen: 139405K->1666K(136832K)] 293440K->155758K(823808K), 0.0099850 secs] [Times: user=0.03 sys=0.00, real=0.01 secs] 
2014-07-08T19:07:10.168+0000: 1114.298: [GC [PSYoungGen: 136737K->2124K(134976K)] 290828K->156264K(821952K), 0.0246050 secs] [Times: user=0.09 sys=0.00, real=0.03 secs] 
2014-07-08T19:07:11.841+0000: 1115.971: [GC [PSYoungGen: 134922K->1266K(131840K)] 289062K->156092K(818816K), 0.0197800 secs] [Times: user=0.07 sys=0.01, real=0.02 secs] 
2014-07-08T19:07:13.505+0000: 1117.636: [GC [PSYoungGen: 131792K->2285K(158976K)] 286618K->157191K(845952K), 0.0300060 secs] [Times: user=0.11 sys=0.00, real=0.03 secs] 
2014-07-08T19:07:15.275+0000: 1119.405: [GC [PSYoungGen: 158955K->1456K(189504K)] 313861K->156670K(876480K), 0.0136990 secs] [Times: user=0.05 sys=0.00, real=0.01 secs] 
2014-07-08T19:07:18.062+0000: 1122.192: [GC [PSYoungGen: 189483K->1968K(227648K)] 344697K->157238K(914624K), 0.0261530 secs] [Times: user=0.09 sys=0.00, real=0.02 secs] 
2014-07-08T19:07:21.243+0000: 1125.373: [GC [PSYoungGen: 227632K->1708K(222144K)] 382902K->157210K(909120K), 0.0109290 secs] [Times: user=0.02 sys=0.00, real=0.01 secs] 
2014-07-08T19:07:23.970+0000: 1128.101: [GC [PSYoungGen: 222114K->2150K(217536K)] 377616K->157780K(904512K), 0.0188990 secs] [Times: user=0.06 sys=0.00, real=0.02 secs] 
2014-07-08T19:07:26.481+0000: 1130.611: [GC [PSYoungGen: 217510K->1017K(211520K)] 373140K->157904K(898496K), 0.0162400 secs] [Times: user=0.06 sys=0.00, real=0.02 secs] 
2014-07-08T19:07:29.296+0000: 1133.426: [GC [PSYoungGen: 211513K->2527K(208384K)] 368400K->159470K(895360K), 0.0144800 secs] [Times: user=0.05 sys=0.00, real=0.01 secs] 
2014-07-08T19:07:31.847+0000: 1135.977: [GC [PSYoungGen: 208307K->1588K(202880K)] 365250K->159021K(889856K), 0.0204430 secs] [Times: user=0.06 sys=0.00, real=0.02 secs] 
2014-07-08T19:07:34.472+0000: 1138.603: [GC [PSYoungGen: 202868K->2281K(199232K)] 360301K->159858K(886208K), 0.0121690 secs] [Times: user=0.04 sys=0.01, real=0.01 secs] 
2014-07-08T19:07:37.035+0000: 1141.165: [GC [PSYoungGen: 199195K->1406K(194112K)] 356772K->159289K(881088K), 0.0146560 secs] [Times: user=0.06 sys=0.00, real=0.01 secs] 
2014-07-08T19:07:39.332+0000: 1143.462: [GC [PSYoungGen: 194110K->2160K(190784K)] 351993K->160115K(877760K), 0.0113970 secs] [Times: user=0.04 sys=0.00, real=0.02 secs] 
2014-07-08T19:07:41.573+0000: 1145.703: [GC [PSYoungGen: 190720K->1680K(186368K)] 348675K->159691K(873344K), 0.0232380 secs] [Times: user=0.08 sys=0.00, real=0.03 secs] 
2014-07-08T19:07:43.712+0000: 1147.842: [GC [PSYoungGen: 186285K->1869K(182720K)] 344296K->160000K(869696K), 0.0201490 secs] [Times: user=0.08 sys=0.00, real=0.02 secs] 
2014-07-08T19:07:46.334+0000: 1150.465: [GC [PSYoungGen: 182669K->1645K(178752K)] 340800K->159984K(865728K), 0.0178330 secs] [Times: user=0.07 sys=0.00, real=0.01 secs] 
2014-07-08T19:07:48.517+0000: 1152.648: [GC [PSYoungGen: 178733K->2036K(175552K)] 337072K->160447K(862528K), 0.0068720 secs] [Times: user=0.02 sys=0.00, real=0.01 secs] 
2014-07-08T19:07:50.692+0000: 1154.823: [GC [PSYoungGen: 175508K->1462K(171520K)] 333919K->160175K(858496K), 0.0059540 secs] [Times: user=0.02 sys=0.00, real=0.01 secs] 
2014-07-08T19:07:52.762+0000: 1156.892: [GC [PSYoungGen: 171489K->2014K(168768K)] 330202K->160832K(855744K), 0.0125600 secs] [Times: user=0.03 sys=0.00, real=0.01 secs] 
2014-07-08T19:07:54.776+0000: 1158.906: [GC [PSYoungGen: 168704K->1648K(165120K)] 327521K->160665K(852096K), 0.0220100 secs] [Times: user=0.09 sys=0.00, real=0.02 secs] 
2014-07-08T19:07:57.187+0000: 1161.318: [GC [PSYoungGen: 165103K->1812K(162176K)] 324120K->160893K(849152K), 0.0238150 secs] [Times: user=0.08 sys=0.01, real=0.02 secs] 
2014-07-08T19:07:58.774+0000: 1162.904: [GC [PSYoungGen: 162131K->1520K(158784K)] 321212K->160737K(845760K), 0.0276850 secs] [Times: user=0.10 sys=0.00, real=0.03 secs] 
2014-07-08T19:08:00.480+0000: 1164.610: [GC [PSYoungGen: 158768K->1652K(190400K)] 317985K->160997K(877376K), 0.0407610 secs] [Times: user=0.14 sys=0.00, real=0.04 secs] 
2014-07-08T19:08:02.969+0000: 1167.099: [GC [PSYoungGen: 190368K->1712K(228224K)] 349713K->161265K(915200K), 0.0084000 secs] [Times: user=0.03 sys=0.00, real=0.01 secs] 
2014-07-08T19:08:05.894+0000: 1170.024: [GC [PSYoungGen: 228208K->1908K(223168K)] 387761K->161573K(910144K), 0.0136280 secs] [Times: user=0.05 sys=0.01, real=0.02 secs] 
2014-07-08T19:08:08.606+0000: 1172.736: [GC [PSYoungGen: 223156K->1259K(217472K)] 382821K->161774K(904448K), 0.0188310 secs] [Times: user=0.07 sys=0.00, real=0.02 secs] 
2014-07-08T19:08:11.362+0000: 1175.492: [GC [PSYoungGen: 217442K->2054K(213376K)] 377958K->162618K(900352K), 0.0181480 secs] [Times: user=0.07 sys=0.00, real=0.02 secs] 
2014-07-08T19:08:13.887+0000: 1178.018: [GC [PSYoungGen: 213277K->1387K(207936K)] 373841K->162802K(894912K), 0.0182070 secs] [Times: user=0.06 sys=0.00, real=0.02 secs] 
2014-07-08T19:08:16.678+0000: 1180.808: [GC [PSYoungGen: 207914K->2050K(204096K)] 369330K->163562K(891072K), 0.0213680 secs] [Times: user=0.07 sys=0.00, real=0.03 secs] 
2014-07-08T19:08:19.304+0000: 1183.434: [GC [PSYoungGen: 204033K->1516K(199104K)] 365545K->163528K(886080K), 0.0246310 secs] [Times: user=0.09 sys=0.00, real=0.02 secs] 
2014-07-08T19:08:21.486+0000: 1185.616: [GC [PSYoungGen: 199048K->2160K(195520K)] 361060K->164245K(882496K), 0.0327500 secs] [Times: user=0.11 sys=0.00, real=0.03 secs] 
2014-07-08T19:08:24.216+0000: 1188.346: [GC [PSYoungGen: 195475K->1192K(190464K)] 357560K->163904K(877440K), 0.0142320 secs] [Times: user=0.03 sys=0.00, real=0.01 secs] 
2014-07-08T19:08:26.478+0000: 1190.608: [GC [PSYoungGen: 190440K->1868K(187200K)] 353152K->164693K(874176K), 0.0105930 secs] [Times: user=0.03 sys=0.00, real=0.01 secs] 
2014-07-08T19:08:28.577+0000: 1192.707: [GC [PSYoungGen: 187140K->1776K(183232K)] 349965K->164704K(870208K), 0.0157700 secs] [Times: user=0.05 sys=0.00, real=0.02 secs] 
2014-07-08T19:08:30.797+0000: 1194.927: [GC [PSYoungGen: 183216K->1716K(179456K)] 346144K->164700K(866432K), 0.0202020 secs] [Times: user=0.07 sys=0.00, real=0.02 secs] 
2014-07-08T19:08:33.183+0000: 1197.313: [GC [PSYoungGen: 179444K->1248K(175424K)] 342428K->164901K(862400K), 0.0192130 secs] [Times: user=0.07 sys=0.00, real=0.02 secs] 
2014-07-08T19:08:35.403+0000: 1199.533: [GC [PSYoungGen: 175392K->2074K(172800K)] 339045K->165849K(859776K), 0.0109200 secs] [Times: user=0.03 sys=0.00, real=0.01 secs] 
2014-07-08T19:08:37.465+0000: 1201.595: [GC [PSYoungGen: 172738K->1378K(168704K)] 336513K->165456K(855680K), 0.0176380 secs] [Times: user=0.04 sys=0.00, real=0.02 secs] 
2014-07-08T19:08:39.460+0000: 1203.590: [GC [PSYoungGen: 168652K->2025K(166080K)] 332730K->166210K(853056K), 0.0115950 secs] [Times: user=0.04 sys=0.00, real=0.01 secs] 
2014-07-08T19:08:41.495+0000: 1205.625: [GC [PSYoungGen: 166057K->1330K(162240K)] 330242K->166101K(849216K), 0.0087040 secs] [Times: user=0.02 sys=0.00, real=0.01 secs] 
2014-07-08T19:08:43.461+0000: 1207.591: [GC [PSYoungGen: 162226K->2275K(160128K)] 326997K->167165K(847104K), 0.0143100 secs] [Times: user=0.06 sys=0.00, real=0.02 secs] 
2014-07-08T19:08:45.437+0000: 1209.567: [GC [PSYoungGen: 160083K->992K(155904K)] 324974K->166971K(842880K), 0.0185600 secs] [Times: user=0.07 sys=0.00, real=0.02 secs] 
2014-07-08T19:08:47.316+0000: 1211.446: [GC [PSYoungGen: 155853K->2411K(154432K)] 321832K->168453K(841408K), 0.0112590 secs] [Times: user=0.04 sys=0.00, real=0.01 secs] 
2014-07-08T19:08:49.372+0000: 1213.503: [GC [PSYoungGen: 154407K->1460K(150656K)] 320450K->168003K(837632K), 0.0261550 secs] [Times: user=0.09 sys=0.00, real=0.03 secs] 
2014-07-08T19:08:51.354+0000: 1215.485: [GC [PSYoungGen: 150644K->2188K(148736K)] 317187K->168803K(835712K), 0.0194460 secs] [Times: user=0.07 sys=0.00, real=0.02 secs] 
2014-07-08T19:08:52.826+0000: 1216.957: [GC [PSYoungGen: 148642K->1330K(145216K)] 315257K->168491K(832192K), 0.0158330 secs] [Times: user=0.06 sys=0.00, real=0.01 secs] 
2014-07-08T19:08:54.689+0000: 1218.819: [GC [PSYoungGen: 145202K->2046K(143360K)] 312363K->169287K(830336K), 0.0211650 secs] [Times: user=0.08 sys=0.00, real=0.02 secs] 
2014-07-08T19:08:56.497+0000: 1220.627: [GC [PSYoungGen: 143358K->1662K(171264K)] 310599K->169163K(858240K), 0.0270520 secs] [Times: user=0.09 sys=0.00, real=0.02 secs] 
2014-07-08T19:08:58.520+0000: 1222.650: [GC [PSYoungGen: 171238K->1716K(168000K)] 338740K->169289K(854976K), 0.0081560 secs] [Times: user=0.03 sys=0.00, real=0.01 secs] 
2014-07-08T19:09:00.608+0000: 1224.738: [GC [PSYoungGen: 167986K->1511K(164608K)] 335559K->169658K(851584K), 0.0186800 secs] [Times: user=0.07 sys=0.00, real=0.02 secs] 
2014-07-08T19:09:02.838+0000: 1226.968: [GC [PSYoungGen: 164563K->2000K(161984K)] 332711K->170251K(848960K), 0.0148740 secs] [Times: user=0.05 sys=0.00, real=0.01 secs] 
2014-07-08T19:09:04.629+0000: 1228.760: [GC [PSYoungGen: 161936K->1319K(158272K)] 330187K->170265K(845248K), 0.0153470 secs] [Times: user=0.05 sys=0.00, real=0.01 secs] 
2014-07-08T19:09:06.631+0000: 1230.761: [GC [PSYoungGen: 158247K->1968K(155968K)] 327193K->170953K(842944K), 0.0046660 secs] [Times: user=0.02 sys=0.00, real=0.00 secs] 
2014-07-08T19:09:08.420+0000: 1232.550: [GC [PSYoungGen: 155952K->1448K(152640K)] 324937K->170954K(839616K), 0.0036560 secs] [Times: user=0.01 sys=0.00, real=0.00 secs] 
2014-07-08T19:09:10.618+0000: 1234.749: [GC [PSYoungGen: 152616K->1968K(150400K)] 322122K->171522K(837376K), 0.0162860 secs] [Times: user=0.05 sys=0.00, real=0.01 secs] 
2014-07-08T19:09:12.474+0000: 1236.604: [GC [PSYoungGen: 150360K->1192K(146944K)] 319914K->171284K(833920K), 0.0085790 secs] [Times: user=0.03 sys=0.00, real=0.01 secs] 
2014-07-08T19:09:14.426+0000: 1238.557: [GC [PSYoungGen: 146920K->1968K(145088K)] 317012K->172140K(832064K), 0.0244510 secs] [Times: user=0.07 sys=0.01, real=0.03 secs] 
2014-07-08T19:09:16.372+0000: 1240.502: [GC [PSYoungGen: 145072K->1470K(142080K)] 315244K->171940K(829056K), 0.0144500 secs] [Times: user=0.05 sys=0.00, real=0.01 secs] 
2014-07-08T19:09:18.113+0000: 1242.244: [GC [PSYoungGen: 142078K->2296K(140480K)] 312548K->172838K(827456K), 0.0059720 secs] [Times: user=0.02 sys=0.00, real=0.01 secs] 
2014-07-08T19:09:19.556+0000: 1243.686: [GC [PSYoungGen: 140472K->876K(136704K)] 311014K->172012K(823680K), 0.0057900 secs] [Times: user=0.02 sys=0.00, real=0.01 secs] 
2014-07-08T19:09:21.331+0000: 1245.461: [GC [PSYoungGen: 136675K->2057K(135616K)] 307811K->173258K(822592K), 0.0045730 secs] [Times: user=0.01 sys=0.00, real=0.00 secs] 
2014-07-08T19:09:23.027+0000: 1247.158: [GC [PSYoungGen: 135561K->1900K(133184K)] 306762K->173434K(820160K), 0.0175020 secs] [Times: user=0.06 sys=0.00, real=0.02 secs] 
2014-07-08T19:09:24.871+0000: 1249.001: [GC [PSYoungGen: 133164K->2124K(131264K)] 304698K->173746K(818240K), 0.0118670 secs] [Times: user=0.03 sys=0.00, real=0.01 secs] 
2014-07-08T19:09:26.186+0000: 1250.316: [GC [PSYoungGen: 131212K->950K(127936K)] 302834K->173362K(814912K), 0.0086020 secs] [Times: user=0.03 sys=0.00, real=0.01 secs] 
2014-07-08T19:09:27.623+0000: 1251.754: [GC [PSYoungGen: 127911K->2469K(127424K)] 300322K->174998K(814400K), 0.0117900 secs] [Times: user=0.04 sys=0.01, real=0.01 secs] 
2014-07-08T19:09:29.021+0000: 1253.152: [GC [PSYoungGen: 127370K->1587K(124544K)] 299898K->174774K(811520K), 0.0152330 secs] [Times: user=0.05 sys=0.00, real=0.01 secs] 
2014-07-08T19:09:30.233+0000: 1254.363: [GC [PSYoungGen: 124531K->2220K(149824K)] 297718K->175463K(836800K), 0.0236400 secs] [Times: user=0.08 sys=0.00, real=0.02 secs] 
2014-07-08T19:09:31.851+0000: 1255.981: [GC [PSYoungGen: 149804K->1594K(178752K)] 323047K->175143K(865728K), 0.0163900 secs] [Times: user=0.05 sys=0.01, real=0.01 secs] 
2014-07-08T19:09:33.858+0000: 1257.988: [GC [PSYoungGen: 178745K->2312K(175936K)] 352294K->175949K(862912K), 0.0091870 secs] [Times: user=0.03 sys=0.00, real=0.01 secs] 
2014-07-08T19:09:35.725+0000: 1259.855: [GC [PSYoungGen: 175880K->1456K(171584K)] 349517K->175333K(858560K), 0.0193810 secs] [Times: user=0.07 sys=0.00, real=0.02 secs] 
2014-07-08T19:09:38.042+0000: 1262.173: [GC [PSYoungGen: 171568K->2032K(168832K)] 345445K->175957K(855808K), 0.0099170 secs] [Times: user=0.03 sys=0.00, real=0.01 secs] 
2014-07-08T19:09:40.070+0000: 1264.200: [GC [PSYoungGen: 168816K->1904K(165440K)] 342741K->175917K(852416K), 0.0176140 secs] [Times: user=0.07 sys=0.00, real=0.02 secs] 
2014-07-08T19:09:41.912+0000: 1266.043: [GC [PSYoungGen: 165423K->2153K(162560K)] 339436K->176246K(849536K), 0.0183490 secs] [Times: user=0.07 sys=0.00, real=0.01 secs] 
2014-07-08T19:09:43.627+0000: 1267.758: [GC [PSYoungGen: 162537K->1206K(158528K)] 336630K->176086K(845504K), 0.0106200 secs] [Times: user=0.03 sys=0.00, real=0.01 secs] 
2014-07-08T19:09:45.765+0000: 1269.895: [GC [PSYoungGen: 158492K->2339K(156736K)] 333372K->177292K(843712K), 0.0175790 secs] [Times: user=0.07 sys=0.00, real=0.02 secs] 
2014-07-08T19:09:47.474+0000: 1271.604: [GC [PSYoungGen: 156707K->1581K(153088K)] 331660K->177093K(840064K), 0.0094770 secs] [Times: user=0.02 sys=0.00, real=0.01 secs] 
2014-07-08T19:09:49.366+0000: 1273.496: [GC [PSYoungGen: 153067K->2024K(150784K)] 328580K->177577K(837760K), 0.0062030 secs] [Times: user=0.02 sys=0.00, real=0.00 secs] 
2014-07-08T19:09:51.236+0000: 1275.367: [GC [PSYoungGen: 150760K->1520K(147584K)] 326313K->177224K(834560K), 0.0140940 secs] [Times: user=0.05 sys=0.00, real=0.01 secs] 
2014-07-08T19:09:53.017+0000: 1277.147: [GC [PSYoungGen: 147568K->2249K(145728K)] 323272K->178105K(832704K), 0.0112200 secs] [Times: user=0.03 sys=0.00, real=0.01 secs] 
2014-07-08T19:09:54.467+0000: 1278.597: [GC [PSYoungGen: 145672K->1316K(142208K)] 321529K->177709K(829184K), 0.0110260 secs] [Times: user=0.04 sys=0.01, real=0.01 secs] 
2014-07-08T19:09:56.693+0000: 1280.823: [GC [PSYoungGen: 142180K->1780K(140224K)] 318573K->178228K(827200K), 0.0139160 secs] [Times: user=0.05 sys=0.00, real=0.02 secs] 
2014-07-08T19:09:58.438+0000: 1282.568: [GC [PSYoungGen: 140210K->2028K(138112K)] 316659K->178605K(825088K), 0.0111530 secs] [Times: user=0.03 sys=0.00, real=0.01 secs] 
2014-07-08T19:10:00.054+0000: 1284.184: [GC [PSYoungGen: 138092K->2405K(136192K)] 314669K->179062K(823168K), 0.0200540 secs] [Times: user=0.07 sys=0.00, real=0.02 secs] 
2014-07-08T19:10:01.405+0000: 1285.535: [GC [PSYoungGen: 136145K->672K(132224K)] 312801K->178734K(819200K), 0.0209270 secs] [Times: user=0.08 sys=0.00, real=0.02 secs] 
2014-07-08T19:10:03.074+0000: 1287.204: [GC [PSYoungGen: 132115K->2201K(160064K)] 310176K->180359K(847040K), 0.0194880 secs] [Times: user=0.07 sys=0.01, real=0.02 secs] 
2014-07-08T19:10:04.802+0000: 1288.933: [GC [PSYoungGen: 159989K->2124K(191616K)] 338147K->180750K(878592K), 0.0222400 secs] [Times: user=0.08 sys=0.00, real=0.02 secs] 
2014-07-08T19:10:07.211+0000: 1291.341: [GC [PSYoungGen: 191536K->1456K(186944K)] 370162K->180146K(873920K), 0.0088500 secs] [Times: user=0.02 sys=0.00, real=0.01 secs] 
2014-07-08T19:10:09.502+0000: 1293.632: [GC [PSYoungGen: 186915K->1530K(183168K)] 365605K->180518K(870144K), 0.0151910 secs] [Times: user=0.05 sys=0.00, real=0.02 secs] 
2014-07-08T19:10:11.433+0000: 1295.564: [GC [PSYoungGen: 183162K->2338K(180288K)] 362150K->181398K(867264K), 0.0177750 secs] [Times: user=0.06 sys=0.00, real=0.02 secs] 
2014-07-08T19:10:13.856+0000: 1297.987: [GC [PSYoungGen: 180244K->1395K(175744K)] 359304K->181067K(862720K), 0.0216790 secs] [Times: user=0.08 sys=0.00, real=0.02 secs] 
2014-07-08T19:10:16.259+0000: 1300.389: [GC [PSYoungGen: 175710K->1894K(172800K)] 355382K->181662K(859776K), 0.0252030 secs] [Times: user=0.09 sys=0.00, real=0.02 secs] 
2014-07-08T19:10:18.093+0000: 1302.223: [GC [PSYoungGen: 172758K->1918K(169408K)] 352526K->181783K(856384K), 0.0081970 secs] [Times: user=0.03 sys=0.00, real=0.01 secs] 
2014-07-08T19:10:19.964+0000: 1304.094: [GC [PSYoungGen: 169406K->2032K(166272K)] 349271K->181960K(853248K), 0.0155120 secs] [Times: user=0.06 sys=0.00, real=0.02 secs] 
2014-07-08T19:10:21.848+0000: 1305.979: [GC [PSYoungGen: 166246K->1214K(162304K)] 346174K->181580K(849280K), 0.0163690 secs] [Times: user=0.06 sys=0.00, real=0.01 secs] 
2014-07-08T19:10:23.526+0000: 1307.656: [GC [PSYoungGen: 162302K->1780K(159808K)] 342668K->182250K(846784K), 0.0222920 secs] [Times: user=0.07 sys=0.01, real=0.03 secs] 
2014-07-08T19:10:25.351+0000: 1309.481: [GC [PSYoungGen: 159796K->2017K(157120K)] 340266K->182727K(844096K), 0.0042530 secs] [Times: user=0.01 sys=0.00, real=0.00 secs] 
2014-07-08T19:10:27.178+0000: 1311.308: [GC [PSYoungGen: 157052K->2092K(154304K)] 337762K->182882K(841280K), 0.0187500 secs] [Times: user=0.06 sys=0.01, real=0.02 secs] 
2014-07-08T19:10:29.008+0000: 1313.138: [GC [PSYoungGen: 154284K->1014K(150400K)] 335074K->182563K(837376K), 0.0249070 secs] [Times: user=0.09 sys=0.01, real=0.03 secs] 
2014-07-08T19:10:30.586+0000: 1314.716: [GC [PSYoungGen: 150390K->1844K(148544K)] 331939K->183440K(835520K), 0.0134500 secs] [Times: user=0.04 sys=0.00, real=0.02 secs] 
2014-07-08T19:10:32.448+0000: 1316.578: [GC [PSYoungGen: 148532K->2028K(146112K)] 330128K->183761K(833088K), 0.0200960 secs] [Times: user=0.07 sys=0.00, real=0.02 secs] 
2014-07-08T19:10:34.430+0000: 1318.560: [GC [PSYoungGen: 146092K->1666K(143232K)] 327825K->183709K(830208K), 0.0102700 secs] [Times: user=0.04 sys=0.00, real=0.01 secs] 
2014-07-08T19:10:36.381+0000: 1320.511: [GC [PSYoungGen: 143170K->1268K(140288K)] 325213K->183569K(827264K), 0.0213280 secs] [Times: user=0.07 sys=0.00, real=0.02 secs] 
2014-07-08T19:10:37.902+0000: 1322.032: [GC [PSYoungGen: 140276K->1840K(168704K)] 322577K->184263K(855680K), 0.0200910 secs] [Times: user=0.08 sys=0.00, real=0.02 secs] 
2014-07-08T19:10:39.885+0000: 1324.015: [GC [PSYoungGen: 168658K->1818K(165440K)] 351081K->184355K(852416K), 0.0134050 secs] [Times: user=0.04 sys=0.00, real=0.01 secs] 
2014-07-08T19:10:42.073+0000: 1326.203: [GC [PSYoungGen: 165402K->2050K(162560K)] 347939K->184667K(849536K), 0.0172150 secs] [Times: user=0.07 sys=0.00, real=0.01 secs] 
2014-07-08T19:10:43.598+0000: 1327.729: [GC [PSYoungGen: 162498K->950K(158336K)] 345115K->184363K(845312K), 0.0171580 secs] [Times: user=0.05 sys=0.00, real=0.02 secs] 
2014-07-08T19:10:45.393+0000: 1329.523: [GC [PSYoungGen: 158326K->2197K(156672K)] 341739K->185674K(843648K), 0.0190590 secs] [Times: user=0.07 sys=0.00, real=0.02 secs] 
2014-07-08T19:10:47.247+0000: 1331.377: [GC [PSYoungGen: 156624K->1723K(153280K)] 340101K->185842K(840256K), 0.0080470 secs] [Times: user=0.03 sys=0.00, real=0.01 secs] 
2014-07-08T19:10:48.718+0000: 1332.849: [GC [PSYoungGen: 153255K->1812K(150656K)] 337375K->185987K(837632K), 0.0102730 secs] [Times: user=0.02 sys=0.00, real=0.01 secs] 
2014-07-08T19:10:50.323+0000: 1334.453: [GC [PSYoungGen: 150612K->1593K(147712K)] 334787K->186301K(834688K), 0.0128330 secs] [Times: user=0.05 sys=0.01, real=0.01 secs] 
2014-07-08T19:10:52.195+0000: 1336.325: [GC [PSYoungGen: 147691K->1812K(145344K)] 332399K->186599K(832320K), 0.0208770 secs] [Times: user=0.07 sys=0.00, real=0.02 secs] 
2014-07-08T19:10:53.657+0000: 1337.788: [GC [PSYoungGen: 145300K->1620K(142592K)] 330087K->186519K(829568K), 0.0161100 secs] [Times: user=0.06 sys=0.00, real=0.02 secs] 
2014-07-08T19:10:55.374+0000: 1339.504: [GC [PSYoungGen: 142548K->2373K(140928K)] 327447K->187345K(827904K), 0.0124970 secs] [Times: user=0.04 sys=0.00, real=0.01 secs] 
2014-07-08T19:10:57.251+0000: 1341.382: [GC [PSYoungGen: 140869K->1086K(167296K)] 325841K->186439K(854272K), 0.0307680 secs] [Times: user=0.11 sys=0.00, real=0.03 secs] 
2014-07-08T19:10:59.217+0000: 1343.347: [GC [PSYoungGen: 167294K->2092K(165120K)] 352647K->187502K(852096K), 0.0091170 secs] [Times: user=0.03 sys=0.00, real=0.01 secs] 
2014-07-08T19:11:01.373+0000: 1345.503: [GC [PSYoungGen: 165100K->1876K(161792K)] 350510K->187350K(848768K), 0.0150850 secs] [Times: user=0.06 sys=0.00, real=0.02 secs] 
2014-07-08T19:11:03.173+0000: 1347.304: [GC [PSYoungGen: 161748K->2213K(159104K)] 347222K->187839K(846080K), 0.0154610 secs] [Times: user=0.06 sys=0.00, real=0.02 secs] 
2014-07-08T19:11:04.594+0000: 1348.724: [GC [PSYoungGen: 159052K->1128K(155072K)] 344678K->187316K(842048K), 0.0124790 secs] [Times: user=0.05 sys=0.01, real=0.01 secs] 
2014-07-08T19:11:06.298+0000: 1350.429: [GC [PSYoungGen: 155048K->2012K(153152K)] 341236K->188264K(840128K), 0.0077150 secs] [Times: user=0.02 sys=0.00, real=0.01 secs] 
2014-07-08T19:11:08.411+0000: 1352.541: [GC [PSYoungGen: 153056K->2107K(150464K)] 339308K->188701K(837440K), 0.0171930 secs] [Times: user=0.06 sys=0.00, real=0.02 secs] 
2014-07-08T19:11:10.246+0000: 1354.376: [GC [PSYoungGen: 150459K->2156K(147840K)] 337053K->188846K(834816K), 0.0297750 secs] [Times: user=0.11 sys=0.01, real=0.03 secs] 
2014-07-08T19:11:12.036+0000: 1356.167: [GC [PSYoungGen: 147776K->1128K(144192K)] 334466K->188576K(831168K), 0.0132780 secs] [Times: user=0.05 sys=0.00, real=0.01 secs] 
2014-07-08T19:11:13.649+0000: 1357.779: [GC [PSYoungGen: 144168K->1628K(142208K)] 331616K->189156K(829184K), 0.0203000 secs] [Times: user=0.07 sys=0.00, real=0.02 secs] 
2014-07-08T19:11:15.584+0000: 1359.714: [GC [PSYoungGen: 142172K->2057K(140224K)] 329700K->189905K(827200K), 0.0122950 secs] [Times: user=0.05 sys=0.00, real=0.02 secs] 
2014-07-08T19:11:17.431+0000: 1361.561: [GC [PSYoungGen: 140167K->2309K(138112K)] 328016K->190214K(825088K), 0.0138440 secs] [Times: user=0.04 sys=0.01, real=0.01 secs] 
2014-07-08T19:11:19.497+0000: 1363.627: [GC [PSYoungGen: 138014K->812K(134272K)] 325919K->189372K(821248K), 0.0140820 secs] [Times: user=0.05 sys=0.00, real=0.01 secs] 
2014-07-08T19:11:20.994+0000: 1365.124: [GC [PSYoungGen: 134213K->2300K(133504K)] 322773K->190893K(820480K), 0.0187700 secs] [Times: user=0.07 sys=0.00, real=0.02 secs] 
2014-07-08T19:11:22.681+0000: 1366.811: [GC [PSYoungGen: 133500K->1836K(130880K)] 322093K->190847K(817856K), 0.0069020 secs] [Times: user=0.03 sys=0.00, real=0.01 secs] 
2014-07-08T19:11:24.365+0000: 1368.496: [GC [PSYoungGen: 130818K->1922K(128896K)] 319829K->191013K(815872K), 0.0134410 secs] [Times: user=0.05 sys=0.00, real=0.02 secs] 
2014-07-08T19:11:26.300+0000: 1370.430: [GC [PSYoungGen: 128834K->1709K(126592K)] 317924K->191015K(813568K), 0.0205790 secs] [Times: user=0.07 sys=0.01, real=0.02 secs] 
2014-07-08T19:11:27.672+0000: 1371.802: [GC [PSYoungGen: 126542K->2060K(124992K)] 315849K->191455K(811968K), 0.0168880 secs] [Times: user=0.05 sys=0.00, real=0.02 secs] 
2014-07-08T19:11:29.497+0000: 1373.627: [GC [PSYoungGen: 124940K->1452K(122432K)] 314335K->191143K(809408K), 0.0129160 secs] [Times: user=0.04 sys=0.01, real=0.02 secs] 
2014-07-08T19:11:31.191+0000: 1375.321: [GC [PSYoungGen: 122412K->2340K(121408K)] 312103K->192095K(808384K), 0.0123290 secs] [Times: user=0.05 sys=0.00, real=0.01 secs] 
2014-07-08T19:11:32.818+0000: 1376.949: [GC [PSYoungGen: 121347K->1316K(118528K)] 311101K->191689K(805504K), 0.0088080 secs] [Times: user=0.03 sys=0.00, real=0.00 secs] 
2014-07-08T19:11:34.408+0000: 1378.538: [GC [PSYoungGen: 118500K->1930K(117376K)] 308873K->192391K(804352K), 0.0126930 secs] [Times: user=0.05 sys=0.00, real=0.02 secs] 
2014-07-08T19:11:35.495+0000: 1379.625: [GC [PSYoungGen: 117320K->1833K(115520K)] 307781K->192652K(802496K), 0.0085270 secs] [Times: user=0.03 sys=0.00, real=0.01 secs] 
2014-07-08T19:11:37.207+0000: 1381.337: [GC [PSYoungGen: 115497K->2092K(114048K)] 306316K->192983K(801024K), 0.0187010 secs] [Times: user=0.07 sys=0.00, real=0.02 secs] 
2014-07-08T19:11:38.701+0000: 1382.832: [GC [PSYoungGen: 114028K->1204K(111488K)] 304919K->192375K(798464K), 0.0138100 secs] [Times: user=0.05 sys=0.00, real=0.01 secs] 
2014-07-08T19:11:40.332+0000: 1384.462: [GC [PSYoungGen: 111476K->2533K(111232K)] 302647K->193768K(798208K), 0.0195710 secs] [Times: user=0.06 sys=0.01, real=0.02 secs] 
2014-07-08T19:11:41.538+0000: 1385.668: [GC [PSYoungGen: 111205K->1398K(131840K)] 302440K->193071K(818816K), 0.0479110 secs] [Times: user=0.19 sys=0.00, real=0.05 secs] 
2014-07-08T19:11:43.422+0000: 1387.552: [GC [PSYoungGen: 131830K->1524K(158080K)] 323503K->193285K(845056K), 0.0100120 secs] [Times: user=0.04 sys=0.00, real=0.01 secs] 
2014-07-08T19:11:45.479+0000: 1389.609: [GC [PSYoungGen: 158068K->2057K(190016K)] 349829K->193986K(876992K), 0.0085020 secs] [Times: user=0.02 sys=0.00, real=0.01 secs] 
2014-07-08T19:11:47.607+0000: 1391.737: [GC [PSYoungGen: 189952K->2047K(186048K)] 381881K->194103K(873024K), 0.0095960 secs] [Times: user=0.03 sys=0.00, real=0.01 secs] 
2014-07-08T19:11:50.419+0000: 1394.549: [GC [PSYoungGen: 186002K->1274K(222080K)] 378059K->193705K(909056K), 0.0439240 secs] [Times: user=0.17 sys=0.00, real=0.05 secs] 
2014-07-08T19:11:53.098+0000: 1397.228: [GC [PSYoungGen: 222074K->1950K(266944K)] 414505K->194485K(953920K), 0.0322360 secs] [Times: user=0.12 sys=0.00, real=0.03 secs] 
2014-07-08T19:11:56.568+0000: 1400.698: [GC [PSYoungGen: 266893K->2028K(260352K)] 459428K->194749K(947328K), 0.0123780 secs] [Times: user=0.05 sys=0.00, real=0.01 secs] 
2014-07-08T19:11:59.562+0000: 1403.692: [GC [PSYoungGen: 260332K->2124K(254016K)] 453053K->194941K(940992K), 0.0127190 secs] [Times: user=0.04 sys=0.00, real=0.02 secs] 
2014-07-08T19:12:02.988+0000: 1407.118: [GC [PSYoungGen: 253912K->1068K(246720K)] 446729K->195039K(933696K), 0.0202120 secs] [Times: user=0.07 sys=0.01, real=0.02 secs] 
2014-07-08T19:12:05.870+0000: 1410.001: [GC [PSYoungGen: 246700K->2108K(241792K)] 440671K->196224K(928768K), 0.0187790 secs] [Times: user=0.06 sys=0.00, real=0.02 secs] 
2014-07-08T19:12:08.769+0000: 1412.900: [GC [PSYoungGen: 241788K->1872K(235840K)] 435903K->196384K(922816K), 0.0218260 secs] [Times: user=0.08 sys=0.00, real=0.02 secs] 
2014-07-08T19:12:11.784+0000: 1415.914: [GC [PSYoungGen: 235790K->1620K(230080K)] 430301K->196195K(917056K), 0.0177100 secs] [Times: user=0.06 sys=0.00, real=0.02 secs] 
2014-07-08T19:12:14.653+0000: 1418.783: [GC [PSYoungGen: 230026K->1725K(224832K)] 424602K->196823K(911808K), 0.0125820 secs] [Times: user=0.04 sys=0.00, real=0.02 secs] 
2014-07-08T19:12:17.322+0000: 1421.452: [GC [PSYoungGen: 224829K->1986K(220032K)] 419927K->197172K(907008K), 0.0293950 secs] [Times: user=0.10 sys=0.01, real=0.03 secs] 
2014-07-08T19:12:20.465+0000: 1424.595: [GC [PSYoungGen: 219970K->1520K(214528K)] 415156K->196906K(901504K), 0.0313100 secs] [Times: user=0.11 sys=0.01, real=0.04 secs] 
2014-07-08T19:12:23.274+0000: 1427.404: [GC [PSYoungGen: 214511K->2313K(210560K)] 409897K->197819K(897536K), 0.0230110 secs] [Times: user=0.08 sys=0.00, real=0.03 secs] 
2014-07-08T19:12:26.434+0000: 1430.564: [GC [PSYoungGen: 210501K->1266K(204864K)] 406007K->197400K(891840K), 0.0171270 secs] [Times: user=0.06 sys=0.00, real=0.02 secs] 
2014-07-08T19:12:28.803+0000: 1432.933: [GC [PSYoungGen: 204833K->2032K(201152K)] 400967K->198238K(888128K), 0.0114810 secs] [Times: user=0.04 sys=0.00, real=0.01 secs] 
2014-07-08T19:12:31.509+0000: 1435.639: [GC [PSYoungGen: 201063K->1958K(196800K)] 397269K->198430K(883776K), 0.0087700 secs] [Times: user=0.02 sys=0.00, real=0.01 secs] 
2014-07-08T19:12:34.084+0000: 1438.214: [GC [PSYoungGen: 196727K->2344K(193024K)] 393199K->198952K(880000K), 0.0305150 secs] [Times: user=0.11 sys=0.00, real=0.03 secs] 
2014-07-08T19:12:36.605+0000: 1440.735: [GC [PSYoungGen: 193000K->948K(187584K)] 389608K->198732K(874560K), 0.0096460 secs] [Times: user=0.03 sys=0.01, real=0.01 secs] 
2014-07-08T19:12:38.889+0000: 1443.020: [GC [PSYoungGen: 187564K->2228K(184960K)] 385348K->200068K(871936K), 0.0286020 secs] [Times: user=0.10 sys=0.01, real=0.03 secs] 
2014-07-08T19:12:41.238+0000: 1445.368: [GC [PSYoungGen: 184921K->1894K(180864K)] 382761K->200070K(867840K), 0.0157480 secs] [Times: user=0.06 sys=0.00, real=0.02 secs] 
2014-07-08T19:12:43.469+0000: 1447.599: [GC [PSYoungGen: 180838K->2125K(177472K)] 379014K->200420K(864448K), 0.0243240 secs] [Times: user=0.08 sys=0.00, real=0.02 secs] 
2014-07-08T19:12:45.532+0000: 1449.662: [GC [PSYoungGen: 177421K->1184K(172992K)] 375716K->200116K(859968K), 0.0178060 secs] [Times: user=0.06 sys=0.00, real=0.02 secs] 
2014-07-08T19:12:47.426+0000: 1451.556: [GC [PSYoungGen: 172960K->2040K(170432K)] 371892K->201028K(857408K), 0.0141850 secs] [Times: user=0.05 sys=0.00, real=0.02 secs] 
2014-07-08T19:12:49.597+0000: 1453.727: [GC [PSYoungGen: 170424K->1904K(167040K)] 369412K->201180K(854016K), 0.0076340 secs] [Times: user=0.03 sys=0.00, real=0.01 secs] 
2014-07-08T19:12:51.454+0000: 1455.584: [GC [PSYoungGen: 166987K->2028K(163968K)] 366263K->201393K(850944K), 0.0311490 secs] [Times: user=0.11 sys=0.00, real=0.03 secs] 
2014-07-08T19:12:53.607+0000: 1457.738: [GC [PSYoungGen: 163948K->1200K(160064K)] 363312K->201112K(847040K), 0.0077980 secs] [Times: user=0.02 sys=0.00, real=0.01 secs] 
2014-07-08T19:12:55.511+0000: 1459.641: [GC [PSYoungGen: 160048K->1748K(157632K)] 359960K->201756K(844608K), 0.0041870 secs] [Times: user=0.01 sys=0.00, real=0.00 secs] 
2014-07-08T19:12:57.559+0000: 1461.689: [GC [PSYoungGen: 157571K->1748K(154752K)] 357580K->201844K(841728K), 0.0392420 secs] [Times: user=0.14 sys=0.01, real=0.04 secs] 
2014-07-08T19:12:59.631+0000: 1463.762: [GC [PSYoungGen: 154708K->1780K(151936K)] 354804K->201956K(838912K), 0.0118440 secs] [Times: user=0.04 sys=0.00, real=0.02 secs] 
2014-07-08T19:13:01.528+0000: 1465.658: [GC [PSYoungGen: 151889K->1460K(148864K)] 352065K->201908K(835840K), 0.0151850 secs] [Times: user=0.05 sys=0.00, real=0.02 secs] 
2014-07-08T19:13:03.420+0000: 1467.550: [GC [PSYoungGen: 148820K->2281K(179200K)] 349268K->202833K(866176K), 0.0287960 secs] [Times: user=0.10 sys=0.00, real=0.03 secs] 
2014-07-08T19:13:05.483+0000: 1469.614: [GC [PSYoungGen: 179177K->1266K(174592K)] 379729K->202505K(861568K), 0.0048680 secs] [Times: user=0.01 sys=0.00, real=0.00 secs] 
2014-07-08T19:13:07.521+0000: 1471.651: [GC [PSYoungGen: 174578K->1716K(171584K)] 375817K->203010K(858560K), 0.0112450 secs] [Times: user=0.04 sys=0.00, real=0.01 secs] 
2014-07-08T19:13:09.658+0000: 1473.789: [GC [PSYoungGen: 171572K->1556K(168128K)] 372866K->202946K(855104K), 0.0216310 secs] [Times: user=0.09 sys=0.00, real=0.02 secs] 
2014-07-08T19:13:11.710+0000: 1475.840: [GC [PSYoungGen: 168038K->1876K(165184K)] 369429K->203331K(852160K), 0.0091930 secs] [Times: user=0.02 sys=0.00, real=0.01 secs] 
2014-07-08T19:13:13.663+0000: 1477.793: [GC [PSYoungGen: 165140K->1512K(161664K)] 366595K->203331K(848640K), 0.0266610 secs] [Times: user=0.10 sys=0.00, real=0.03 secs] 
2014-07-08T19:13:15.677+0000: 1479.807: [GC [PSYoungGen: 161640K->2028K(159168K)] 363459K->203911K(846144K), 0.0063400 secs] [Times: user=0.02 sys=0.00, real=0.00 secs] 
2014-07-08T19:13:17.533+0000: 1481.664: [GC [PSYoungGen: 159117K->1334K(155520K)] 361000K->203615K(842496K), 0.0136100 secs] [Times: user=0.05 sys=0.00, real=0.02 secs] 
2014-07-08T19:13:19.514+0000: 1483.644: [GC [PSYoungGen: 155510K->2028K(153344K)] 357791K->204373K(840320K), 0.0173160 secs] [Times: user=0.05 sys=0.00, real=0.02 secs] 
2014-07-08T19:13:21.627+0000: 1485.757: [GC [PSYoungGen: 153302K->1406K(149952K)] 355646K->204001K(836928K), 0.0212490 secs] [Times: user=0.08 sys=0.00, real=0.02 secs] 
2014-07-08T19:13:23.659+0000: 1487.789: [GC [PSYoungGen: 149916K->1812K(147712K)] 352511K->204526K(834688K), 0.0275030 secs] [Times: user=0.09 sys=0.00, real=0.03 secs] 
2014-07-08T19:13:25.659+0000: 1489.790: [GC [PSYoungGen: 147625K->1512K(144768K)] 350340K->204599K(831744K), 0.0114020 secs] [Times: user=0.04 sys=0.00, real=0.01 secs] 
2014-07-08T19:13:27.643+0000: 1491.774: [GC [PSYoungGen: 144744K->2249K(143040K)] 347831K->205441K(830016K), 0.0080770 secs] [Times: user=0.02 sys=0.00, real=0.01 secs] 
2014-07-08T19:13:29.439+0000: 1493.569: [GC [PSYoungGen: 142962K->818K(139136K)] 346154K->204955K(826112K), 0.0094220 secs] [Times: user=0.02 sys=0.00, real=0.01 secs] 
2014-07-08T19:13:31.146+0000: 1495.277: [GC [PSYoungGen: 139094K->2200K(138176K)] 343231K->206369K(825152K), 0.0227740 secs] [Times: user=0.08 sys=0.00, real=0.02 secs] 
2014-07-08T19:13:32.887+0000: 1497.017: [GC [PSYoungGen: 138136K->1630K(135296K)] 342305K->206257K(822272K), 0.0223060 secs] [Times: user=0.09 sys=0.00, real=0.03 secs] 
2014-07-08T19:13:34.676+0000: 1498.806: [GC [PSYoungGen: 135262K->2043K(133440K)] 339889K->206758K(820416K), 0.0161570 secs] [Times: user=0.06 sys=0.00, real=0.02 secs] 
2014-07-08T19:13:36.415+0000: 1500.546: [GC [PSYoungGen: 133435K->1210K(130432K)] 338150K->206429K(817408K), 0.0212050 secs] [Times: user=0.07 sys=0.00, real=0.02 secs] 
2014-07-08T19:13:37.743+0000: 1501.874: [GC [PSYoungGen: 130426K->2074K(157184K)] 335645K->207423K(844160K), 0.0183890 secs] [Times: user=0.06 sys=0.00, real=0.02 secs] 
2014-07-08T19:13:39.786+0000: 1503.916: [GC [PSYoungGen: 157146K->1570K(187712K)] 362495K->207095K(874688K), 0.0215870 secs] [Times: user=0.08 sys=0.00, real=0.02 secs] 
2014-07-08T19:13:42.348+0000: 1506.478: [GC [PSYoungGen: 187682K->2060K(184384K)] 393207K->207723K(871360K), 0.0152610 secs] [Times: user=0.06 sys=0.00, real=0.01 secs] 
2014-07-08T19:13:44.608+0000: 1508.739: [GC [PSYoungGen: 184332K->1200K(179776K)] 389995K->207203K(866752K), 0.0107320 secs] [Times: user=0.04 sys=0.00, real=0.01 secs] 
2014-07-08T19:13:46.625+0000: 1510.756: [GC [PSYoungGen: 179722K->1922K(176896K)] 385725K->208005K(863872K), 0.0133670 secs] [Times: user=0.05 sys=0.00, real=0.01 secs] 
2014-07-08T19:13:49.036+0000: 1513.166: [GC [PSYoungGen: 176796K->1723K(173120K)] 382879K->208014K(860096K), 0.0202470 secs] [Times: user=0.07 sys=0.00, real=0.02 secs] 
2014-07-08T19:13:51.240+0000: 1515.371: [GC [PSYoungGen: 173115K->2313K(170368K)] 379406K->208652K(857344K), 0.0267810 secs] [Times: user=0.10 sys=0.00, real=0.02 secs] 
2014-07-08T19:13:53.339+0000: 1517.469: [GC [PSYoungGen: 170313K->686K(165440K)] 376652K->208091K(852416K), 0.0104090 secs] [Times: user=0.03 sys=0.01, real=0.01 secs] 
2014-07-08T19:13:55.501+0000: 1519.631: [GC [PSYoungGen: 165422K->1962K(163520K)] 372827K->209432K(850496K), 0.0064300 secs] [Times: user=0.01 sys=0.00, real=0.00 secs] 
2014-07-08T19:13:57.360+0000: 1521.490: [GC [PSYoungGen: 163492K->2029K(160512K)] 370962K->209964K(847488K), 0.0125000 secs] [Times: user=0.04 sys=0.00, real=0.01 secs] 
2014-07-08T19:13:59.236+0000: 1523.366: [GC [PSYoungGen: 160493K->1428K(156928K)] 368428K->209411K(843904K), 0.0123960 secs] [Times: user=0.04 sys=0.00, real=0.01 secs] 
2014-07-08T19:14:00.760+0000: 1524.891: [GC [PSYoungGen: 156834K->1405K(153984K)] 364818K->209968K(840960K), 0.0138850 secs] [Times: user=0.04 sys=0.00, real=0.02 secs] 
2014-07-08T19:14:02.489+0000: 1526.619: [GC [PSYoungGen: 153981K->1968K(151744K)] 362544K->210644K(838720K), 0.0251910 secs] [Times: user=0.09 sys=0.01, real=0.03 secs] 
2014-07-08T19:14:04.640+0000: 1528.770: [GC [PSYoungGen: 151725K->1524K(148608K)] 360401K->210343K(835584K), 0.0062470 secs] [Times: user=0.02 sys=0.00, real=0.01 secs] 
2014-07-08T19:14:06.375+0000: 1530.506: [GC [PSYoungGen: 148585K->2199K(146688K)] 357405K->211196K(833664K), 0.0101830 secs] [Times: user=0.03 sys=0.00, real=0.01 secs] 
2014-07-08T19:14:08.118+0000: 1532.248: [GC [PSYoungGen: 146647K->1138K(143040K)] 355644K->210796K(830016K), 0.0130580 secs] [Times: user=0.05 sys=0.00, real=0.01 secs] 
2014-07-08T19:14:09.543+0000: 1533.673: [GC [PSYoungGen: 143025K->1976K(141376K)] 352683K->211740K(828352K), 0.0132420 secs] [Times: user=0.05 sys=0.00, real=0.01 secs] 
2014-07-08T19:14:11.279+0000: 1535.409: [GC [PSYoungGen: 141368K->1776K(138752K)] 351132K->211964K(825728K), 0.0200980 secs] [Times: user=0.07 sys=0.00, real=0.02 secs] 
2014-07-08T19:14:12.452+0000: 1536.582: [GC [PSYoungGen: 138726K->1932K(136576K)] 348913K->212224K(823552K), 0.0149390 secs] [Times: user=0.05 sys=0.00, real=0.02 secs] 
2014-07-08T19:14:13.939+0000: 1538.070: [GC [PSYoungGen: 136524K->1278K(133568K)] 346816K->212080K(820544K), 0.0136790 secs] [Times: user=0.05 sys=0.01, real=0.01 secs] 
2014-07-08T19:14:15.410+0000: 1539.540: [GC [PSYoungGen: 133566K->2024K(132096K)] 344368K->212907K(819072K), 0.0093790 secs] [Times: user=0.03 sys=0.00, real=0.01 secs] 
2014-07-08T19:14:17.119+0000: 1541.249: [GC [PSYoungGen: 132072K->1584K(129472K)] 342954K->212738K(816448K), 0.0208420 secs] [Times: user=0.06 sys=0.00, real=0.02 secs] 
2014-07-08T19:14:18.846+0000: 1542.976: [GC [PSYoungGen: 129456K->2124K(127936K)] 340610K->213358K(814912K), 0.0170130 secs] [Times: user=0.05 sys=0.00, real=0.01 secs] 
2014-07-08T19:14:20.368+0000: 1544.498: [GC [PSYoungGen: 127884K->1014K(124736K)] 339118K->212874K(811712K), 0.0100970 secs] [Times: user=0.04 sys=0.00, real=0.01 secs] 
2014-07-08T19:14:21.590+0000: 1545.720: [GC [PSYoungGen: 124725K->2150K(150656K)] 336586K->214149K(837632K), 0.0196850 secs] [Times: user=0.06 sys=0.01, real=0.02 secs] 
2014-07-08T19:14:23.350+0000: 1547.481: [GC [PSYoungGen: 150629K->1698K(179904K)] 362628K->214161K(866880K), 0.0183190 secs] [Times: user=0.06 sys=0.01, real=0.02 secs] 
2014-07-08T19:14:25.309+0000: 1549.439: [GC [PSYoungGen: 179874K->2465K(177088K)] 392337K->215058K(864064K), 0.0087390 secs] [Times: user=0.03 sys=0.00, real=0.01 secs] 
2014-07-08T19:14:27.258+0000: 1551.388: [GC [PSYoungGen: 177057K->818K(171904K)] 389650K->214513K(858880K), 0.0186840 secs] [Times: user=0.06 sys=0.00, real=0.02 secs] 
2014-07-08T19:14:29.375+0000: 1553.505: [GC [PSYoungGen: 171848K->2108K(169792K)] 385543K->215851K(856768K), 0.0108250 secs] [Times: user=0.03 sys=0.00, real=0.01 secs] 
2014-07-08T19:14:31.402+0000: 1555.532: [GC [PSYoungGen: 169788K->2156K(166592K)] 383531K->216319K(853568K), 0.0141560 secs] [Times: user=0.05 sys=0.00, real=0.02 secs] 
2014-07-08T19:14:33.418+0000: 1557.548: [GC [PSYoungGen: 166572K->2089K(163328K)] 380735K->216396K(850304K), 0.0144840 secs] [Times: user=0.05 sys=0.00, real=0.01 secs] 
2014-07-08T19:14:35.350+0000: 1559.480: [GC [PSYoungGen: 163305K->892K(159040K)] 377612K->216179K(846016K), 0.0117100 secs] [Times: user=0.04 sys=0.00, real=0.01 secs] 
2014-07-08T19:14:37.249+0000: 1561.379: [GC [PSYoungGen: 159036K->2492K(157696K)] 374323K->218060K(844672K), 0.0133870 secs] [Times: user=0.04 sys=0.00, real=0.01 secs] 
2014-07-08T19:14:38.965+0000: 1563.095: [GC [PSYoungGen: 157653K->1662K(153984K)] 373221K->217844K(840960K), 0.0223480 secs] [Times: user=0.09 sys=0.00, real=0.03 secs] 
2014-07-08T19:14:40.605+0000: 1564.736: [GC [PSYoungGen: 153982K->1808K(151360K)] 370164K->218086K(838336K), 0.0094340 secs] [Times: user=0.02 sys=0.00, real=0.01 secs] 
2014-07-08T19:14:42.563+0000: 1566.693: [GC [PSYoungGen: 151312K->1684K(148544K)] 367590K->218105K(835520K), 0.0186970 secs] [Times: user=0.06 sys=0.00, real=0.02 secs] 
2014-07-08T19:14:44.388+0000: 1568.518: [GC [PSYoungGen: 148500K->1868K(146112K)] 364921K->218370K(833088K), 0.0198320 secs] [Times: user=0.08 sys=0.00, real=0.01 secs] 
2014-07-08T19:14:46.157+0000: 1570.287: [GC [PSYoungGen: 146027K->1897K(143552K)] 362529K->218551K(830528K), 0.0167310 secs] [Times: user=0.06 sys=0.00, real=0.02 secs] 
2014-07-08T19:14:47.896+0000: 1572.026: [GC [PSYoungGen: 143529K->2029K(172032K)] 360182K->218762K(859008K), 0.0296510 secs] [Times: user=0.10 sys=0.00, real=0.03 secs] 
2014-07-08T19:14:49.963+0000: 1574.093: [GC [PSYoungGen: 172013K->1470K(205504K)] 388746K->218421K(892480K), 0.0185070 secs] [Times: user=0.07 sys=0.00, real=0.02 secs] 
2014-07-08T19:14:52.313+0000: 1576.444: [GC [PSYoungGen: 205486K->1847K(201408K)] 422438K->218895K(888384K), 0.0082380 secs] [Times: user=0.03 sys=0.00, real=0.01 secs] 
2014-07-08T19:14:54.660+0000: 1578.790: [GC [PSYoungGen: 201398K->1961K(197184K)] 418446K->219184K(884160K), 0.0079130 secs] [Times: user=0.02 sys=0.00, real=0.00 secs] 
2014-07-08T19:14:56.719+0000: 1580.850: [GC [PSYoungGen: 197122K->2200K(193280K)] 414346K->219511K(880256K), 0.0212950 secs] [Times: user=0.08 sys=0.00, real=0.02 secs] 
2014-07-08T19:14:58.899+0000: 1583.029: [GC [PSYoungGen: 193240K->950K(187968K)] 410551K->219044K(874944K), 0.0202270 secs] [Times: user=0.07 sys=0.00, real=0.02 secs] 
2014-07-08T19:15:01.391+0000: 1585.521: [GC [PSYoungGen: 187958K->2246K(185408K)] 406052K->220372K(872384K), 0.0094230 secs] [Times: user=0.03 sys=0.00, real=0.01 secs] 
2014-07-08T19:15:03.477+0000: 1587.607: [GC [PSYoungGen: 185350K->1901K(181248K)] 403476K->220513K(868224K), 0.0258660 secs] [Times: user=0.09 sys=0.00, real=0.03 secs] 
2014-07-08T19:15:05.868+0000: 1589.998: [GC [PSYoungGen: 181183K->2363K(178048K)] 399795K->221071K(865024K), 0.0163700 secs] [Times: user=0.05 sys=0.00, real=0.02 secs] 
2014-07-08T19:15:08.218+0000: 1592.349: [GC [PSYoungGen: 178043K->1136K(173312K)] 396751K->220332K(860288K), 0.0265000 secs] [Times: user=0.10 sys=0.00, real=0.03 secs] 
2014-07-08T19:15:10.450+0000: 1594.580: [GC [PSYoungGen: 173296K->2238K(208832K)] 392492K->221491K(895808K), 0.0364990 secs] [Times: user=0.13 sys=0.00, real=0.04 secs] 
2014-07-08T19:15:12.543+0000: 1596.673: [GC [PSYoungGen: 208830K->1996K(249984K)] 428083K->221419K(936960K), 0.0213070 secs] [Times: user=0.08 sys=0.00, real=0.02 secs] 
2014-07-08T19:15:15.881+0000: 1600.011: [GC [PSYoungGen: 249889K->1840K(243776K)] 469311K->221359K(930752K), 0.0201830 secs] [Times: user=0.08 sys=0.00, real=0.02 secs] 
2014-07-08T19:15:18.615+0000: 1602.745: [GC [PSYoungGen: 243729K->1520K(237632K)] 463247K->221191K(924608K), 0.0169180 secs] [Times: user=0.06 sys=0.00, real=0.01 secs] 
2014-07-08T19:15:21.523+0000: 1605.653: [GC [PSYoungGen: 237616K->1872K(232384K)] 457287K->221599K(919360K), 0.0222010 secs] [Times: user=0.09 sys=0.00, real=0.03 secs] 
2014-07-08T19:15:24.575+0000: 1608.705: [GC [PSYoungGen: 232292K->1974K(227072K)] 452018K->221999K(914048K), 0.0190490 secs] [Times: user=0.07 sys=0.00, real=0.02 secs] 
2014-07-08T19:15:26.836+0000: 1610.967: [GC [PSYoungGen: 227019K->1912K(272064K)] 447043K->222064K(959040K), 0.0392850 secs] [Times: user=0.13 sys=0.00, real=0.04 secs] 
2014-07-08T19:15:29.847+0000: 1613.977: [GC [PSYoungGen: 272056K->1519K(264768K)] 492208K->222185K(951744K), 0.0188800 secs] [Times: user=0.07 sys=0.01, real=0.02 secs] 
2014-07-08T19:15:33.262+0000: 1617.392: [GC [PSYoungGen: 264751K->2032K(258688K)] 485417K->222787K(945664K), 0.0207150 secs] [Times: user=0.07 sys=0.01, real=0.02 secs] 
2014-07-08T19:15:37.028+0000: 1621.158: [GC [PSYoungGen: 258671K->1595K(251840K)] 479426K->222655K(938816K), 0.0222060 secs] [Times: user=0.08 sys=0.00, real=0.02 secs] 
2014-07-08T19:15:40.346+0000: 1624.476: [GC [PSYoungGen: 251828K->2466K(246592K)] 472888K->223680K(933568K), 0.0146430 secs] [Times: user=0.06 sys=0.00, real=0.01 secs] 
2014-07-08T19:15:43.507+0000: 1627.637: [GC [PSYoungGen: 246562K->932K(239168K)] 467776K->223123K(926144K), 0.0290940 secs] [Times: user=0.11 sys=0.01, real=0.03 secs] 
2014-07-08T19:15:46.490+0000: 1630.620: [GC [PSYoungGen: 239140K->2030K(234560K)] 461331K->224309K(921536K), 0.0185000 secs] [Times: user=0.06 sys=0.00, real=0.02 secs] 
2014-07-08T19:15:49.268+0000: 1633.399: [GC [PSYoungGen: 234537K->2092K(229120K)] 456816K->224715K(916096K), 0.0218790 secs] [Times: user=0.08 sys=0.00, real=0.02 secs] 
2014-07-08T19:15:52.009+0000: 1636.139: [GC [PSYoungGen: 229100K->1932K(223680K)] 451723K->224619K(910656K), 0.0207310 secs] [Times: user=0.08 sys=0.00, real=0.02 secs] 
2014-07-08T19:15:54.945+0000: 1639.075: [GC [PSYoungGen: 223613K->1078K(217664K)] 446299K->224441K(904640K), 0.0216110 secs] [Times: user=0.08 sys=0.00, real=0.02 secs] 
2014-07-08T19:15:57.531+0000: 1641.661: [GC [PSYoungGen: 217576K->2019K(213696K)] 440939K->225462K(900672K), 0.0086760 secs] [Times: user=0.03 sys=0.00, real=0.01 secs] 
2014-07-08T19:16:00.072+0000: 1644.202: [GC [PSYoungGen: 213634K->1766K(208704K)] 437077K->225447K(895680K), 0.0155130 secs] [Times: user=0.05 sys=0.00, real=0.01 secs] 
2014-07-08T19:16:02.718+0000: 1646.849: [GC [PSYoungGen: 208639K->2061K(204480K)] 432320K->225830K(891456K), 0.0051940 secs] [Times: user=0.02 sys=0.00, real=0.01 secs] 
2014-07-08T19:16:04.884+0000: 1649.015: [GC [PSYoungGen: 204415K->1128K(199104K)] 428184K->225603K(886080K), 0.0201040 secs] [Times: user=0.06 sys=0.00, real=0.02 secs] 
2014-07-08T19:16:07.655+0000: 1651.785: [GC [PSYoungGen: 199055K->1742K(195456K)] 423530K->226281K(882432K), 0.0049880 secs] [Times: user=0.01 sys=0.00, real=0.00 secs] 
2014-07-08T19:16:10.010+0000: 1654.140: [GC [PSYoungGen: 195398K->1957K(191552K)] 419937K->226906K(878528K), 0.0218490 secs] [Times: user=0.08 sys=0.00, real=0.03 secs] 
2014-07-08T19:16:12.725+0000: 1656.856: [GC [PSYoungGen: 191524K->1872K(187520K)] 416474K->226925K(874496K), 0.0133640 secs] [Times: user=0.05 sys=0.00, real=0.01 secs] 
2014-07-08T19:16:14.922+0000: 1659.052: [GC [PSYoungGen: 187449K->1250K(183040K)] 412503K->226665K(870016K), 0.0082210 secs] [Times: user=0.03 sys=0.00, real=0.00 secs] 
2014-07-08T19:16:17.657+0000: 1661.788: [GC [PSYoungGen: 183000K->2036K(180096K)] 408415K->227563K(867072K), 0.0096730 secs] [Times: user=0.04 sys=0.01, real=0.01 secs] 
2014-07-08T19:16:19.880+0000: 1664.011: [GC [PSYoungGen: 180080K->1837K(176320K)] 405607K->227620K(863296K), 0.0242170 secs] [Times: user=0.09 sys=0.00, real=0.03 secs] 
2014-07-08T19:16:22.182+0000: 1666.313: [GC [PSYoungGen: 176262K->2007K(172992K)] 402045K->227887K(859968K), 0.0188600 secs] [Times: user=0.07 sys=0.00, real=0.01 secs] 
2014-07-08T19:16:24.796+0000: 1668.927: [GC [PSYoungGen: 172951K->1142K(168704K)] 398831K->227607K(855680K), 0.0228530 secs] [Times: user=0.08 sys=0.00, real=0.02 secs] 
2014-07-08T19:16:26.698+0000: 1670.828: [GC [PSYoungGen: 168672K->2028K(166336K)] 395137K->228574K(853312K), 0.0189990 secs] [Times: user=0.07 sys=0.00, real=0.02 secs] 
2014-07-08T19:16:28.664+0000: 1672.795: [GC [PSYoungGen: 166316K->1748K(162944K)] 392862K->228381K(849920K), 0.0048280 secs] [Times: user=0.02 sys=0.01, real=0.00 secs] 
2014-07-08T19:16:30.547+0000: 1674.677: [GC [PSYoungGen: 162884K->2185K(160320K)] 389517K->228898K(847296K), 0.0297730 secs] [Times: user=0.09 sys=0.00, real=0.03 secs] 
2014-07-08T19:16:32.744+0000: 1676.874: [GC [PSYoungGen: 160235K->894K(156032K)] 386948K->228247K(843008K), 0.0205950 secs] [Times: user=0.08 sys=0.00, real=0.03 secs] 
2014-07-08T19:16:34.796+0000: 1678.926: [GC [PSYoungGen: 156003K->2168K(154432K)] 383357K->229618K(841408K), 0.0222450 secs] [Times: user=0.09 sys=0.00, real=0.02 secs] 
2014-07-08T19:16:36.669+0000: 1680.799: [GC [PSYoungGen: 154401K->1663K(184384K)] 381851K->229457K(871360K), 0.0232380 secs] [Times: user=0.08 sys=0.00, real=0.02 secs] 
2014-07-08T19:16:38.828+0000: 1682.958: [GC [PSYoungGen: 184383K->1808K(221120K)] 412176K->229666K(908096K), 0.0222670 secs] [Times: user=0.08 sys=0.00, real=0.02 secs] 
2014-07-08T19:16:41.602+0000: 1685.732: [GC [PSYoungGen: 221049K->1648K(215936K)] 448907K->229666K(902912K), 0.0078300 secs] [Times: user=0.02 sys=0.00, real=0.01 secs] 
2014-07-08T19:16:44.512+0000: 1688.643: [GC [PSYoungGen: 215920K->1812K(211328K)] 443938K->229973K(898304K), 0.0207580 secs] [Times: user=0.07 sys=0.00, real=0.02 secs] 
2014-07-08T19:16:46.943+0000: 1691.073: [GC [PSYoungGen: 211233K->1400K(206208K)] 439395K->229835K(893184K), 0.0231740 secs] [Times: user=0.08 sys=0.00, real=0.03 secs] 
2014-07-08T19:16:49.691+0000: 1693.821: [GC [PSYoungGen: 206200K->1712K(202048K)] 434635K->230212K(889024K), 0.0085960 secs] [Times: user=0.02 sys=0.00, real=0.01 secs] 
2014-07-08T19:16:52.317+0000: 1696.447: [GC [PSYoungGen: 202032K->1772K(197760K)] 430532K->230464K(884736K), 0.0143350 secs] [Times: user=0.05 sys=0.00, real=0.02 secs] 
2014-07-08T19:16:54.839+0000: 1698.969: [GC [PSYoungGen: 197740K->1904K(193664K)] 426432K->230724K(880640K), 0.0183510 secs] [Times: user=0.07 sys=0.00, real=0.02 secs] 
2014-07-08T19:16:57.325+0000: 1701.456: [GC [PSYoungGen: 193648K->1078K(188800K)] 422468K->230640K(875776K), 0.0263190 secs] [Times: user=0.10 sys=0.00, real=0.03 secs] 
2014-07-08T19:16:59.440+0000: 1703.570: [GC [PSYoungGen: 188782K->2018K(185856K)] 418344K->231644K(872832K), 0.0102960 secs] [Times: user=0.02 sys=0.00, real=0.01 secs] 
2014-07-08T19:17:01.784+0000: 1705.915: [GC [PSYoungGen: 185825K->1512K(181568K)] 415451K->231605K(868544K), 0.0280680 secs] [Times: user=0.10 sys=0.00, real=0.03 secs] 
2014-07-08T19:17:04.246+0000: 1708.376: [GC [PSYoungGen: 181543K->2060K(178496K)] 411635K->232272K(865472K), 0.0227460 secs] [Times: user=0.08 sys=0.00, real=0.02 secs] 
2014-07-08T19:17:06.553+0000: 1710.683: [GC [PSYoungGen: 178444K->1014K(173888K)] 408656K->232017K(860864K), 0.0226320 secs] [Times: user=0.07 sys=0.00, real=0.02 secs] 
2014-07-08T19:17:08.865+0000: 1712.995: [GC [PSYoungGen: 173868K->2150K(171584K)] 404871K->233201K(858560K), 0.0215860 secs] [Times: user=0.07 sys=0.00, real=0.02 secs] 
2014-07-08T19:17:10.821+0000: 1714.951: [GC [PSYoungGen: 171558K->1455K(204800K)] 402609K->233218K(891776K), 0.0354620 secs] [Times: user=0.13 sys=0.00, real=0.03 secs] 
2014-07-08T19:17:13.602+0000: 1717.732: [GC [PSYoungGen: 204783K->2014K(246080K)] 436546K->233889K(933056K), 0.0217140 secs] [Times: user=0.08 sys=0.00, real=0.02 secs] 
2014-07-08T19:17:16.702+0000: 1720.833: [GC [PSYoungGen: 246046K->1406K(239552K)] 477921K->233587K(926528K), 0.0128500 secs] [Times: user=0.04 sys=0.00, real=0.01 secs] 
2014-07-08T19:17:19.671+0000: 1723.802: [GC [PSYoungGen: 239518K->2082K(234560K)] 471699K->234343K(921536K), 0.0079590 secs] [Times: user=0.02 sys=0.00, real=0.00 secs] 
2014-07-08T19:17:22.171+0000: 1726.301: [GC [PSYoungGen: 234530K->1397K(228352K)] 466791K->234394K(915328K), 0.0230420 secs] [Times: user=0.08 sys=0.00, real=0.03 secs] 
2014-07-08T19:17:24.830+0000: 1728.960: [GC [PSYoungGen: 228337K->2367K(224000K)] 461334K->235476K(910976K), 0.0244430 secs] [Times: user=0.08 sys=0.00, real=0.03 secs] 
2014-07-08T19:17:27.718+0000: 1731.848: [GC [PSYoungGen: 223999K->1120K(217664K)] 457108K->235095K(904640K), 0.0083040 secs] [Times: user=0.03 sys=0.00, real=0.01 secs] 
2014-07-08T19:17:30.508+0000: 1734.638: [GC [PSYoungGen: 217604K->1926K(213568K)] 451580K->235965K(900544K), 0.0053990 secs] [Times: user=0.02 sys=0.00, real=0.01 secs] 
2014-07-08T19:17:33.411+0000: 1737.541: [GC [PSYoungGen: 213510K->1911K(208768K)] 447549K->236338K(895744K), 0.0194580 secs] [Times: user=0.08 sys=0.00, real=0.02 secs] 
2014-07-08T19:17:35.813+0000: 1739.943: [GC [PSYoungGen: 208759K->2028K(204352K)] 443186K->236592K(891328K), 0.0242560 secs] [Times: user=0.10 sys=0.00, real=0.03 secs] 
2014-07-08T19:17:38.760+0000: 1742.890: [GC [PSYoungGen: 204332K->1202K(199104K)] 438895K->236360K(886080K), 0.0085630 secs] [Times: user=0.04 sys=0.00, real=0.01 secs] 
2014-07-08T19:17:41.364+0000: 1745.494: [GC [PSYoungGen: 199090K->2096K(195712K)] 434247K->237294K(882688K), 0.0186210 secs] [Times: user=0.07 sys=0.00, real=0.02 secs] 
2014-07-08T19:17:43.908+0000: 1748.038: [GC [PSYoungGen: 195696K->1708K(191232K)] 430894K->237302K(878208K), 0.0230690 secs] [Times: user=0.08 sys=0.00, real=0.02 secs] 
2014-07-08T19:17:46.618+0000: 1750.748: [GC [PSYoungGen: 191176K->2309K(187904K)] 426770K->237998K(874880K), 0.0229830 secs] [Times: user=0.09 sys=0.00, real=0.02 secs] 
2014-07-08T19:17:48.748+0000: 1752.879: [GC [PSYoungGen: 187809K->940K(182656K)] 423499K->237308K(869632K), 0.0119660 secs] [Times: user=0.05 sys=0.01, real=0.01 secs] 
2014-07-08T19:17:51.587+0000: 1755.717: [GC [PSYoungGen: 182632K->2182K(180224K)] 419000K->238582K(867200K), 0.0249300 secs] [Times: user=0.09 sys=0.01, real=0.02 secs] 
2014-07-08T19:17:53.703+0000: 1757.834: [GC [PSYoungGen: 180146K->1976K(176384K)] 416546K->238742K(863360K), 0.0095910 secs] [Times: user=0.04 sys=0.00, real=0.01 secs] 
2014-07-08T19:17:56.125+0000: 1760.255: [GC [PSYoungGen: 176342K->2156K(173120K)] 413108K->239002K(860096K), 0.0095050 secs] [Times: user=0.03 sys=0.00, real=0.01 secs] 
2014-07-08T19:17:58.626+0000: 1762.756: [GC [PSYoungGen: 173080K->1136K(168704K)] 409927K->238600K(855680K), 0.0109000 secs] [Times: user=0.04 sys=0.00, real=0.01 secs] 
2014-07-08T19:18:00.816+0000: 1764.946: [GC [PSYoungGen: 168688K->1546K(165888K)] 406152K->239042K(852864K), 0.0108010 secs] [Times: user=0.03 sys=0.00, real=0.01 secs] 
2014-07-08T19:18:02.854+0000: 1766.984: [GC [PSYoungGen: 165779K->2121K(163328K)] 403276K->239904K(850304K), 0.0126680 secs] [Times: user=0.04 sys=0.00, real=0.01 secs] 
2014-07-08T19:18:05.313+0000: 1769.444: [GC [PSYoungGen: 163250K->2156K(160256K)] 401033K->240027K(847232K), 0.0173610 secs] [Times: user=0.07 sys=0.00, real=0.02 secs] 
2014-07-08T19:18:07.661+0000: 1771.791: [GC [PSYoungGen: 160236K->940K(156096K)] 398107K->239559K(843072K), 0.0174430 secs] [Times: user=0.06 sys=0.00, real=0.02 secs] 
2014-07-08T19:18:09.737+0000: 1773.867: [GC [PSYoungGen: 156076K->1884K(154176K)] 394695K->240543K(841152K), 0.0154990 secs] [Times: user=0.05 sys=0.00, real=0.02 secs] 
2014-07-08T19:18:11.640+0000: 1775.770: [GC [PSYoungGen: 154103K->1776K(151232K)] 392762K->240763K(838208K), 0.0071620 secs] [Times: user=0.01 sys=0.00, real=0.00 secs] 
2014-07-08T19:18:13.813+0000: 1777.944: [GC [PSYoungGen: 151133K->2243K(149056K)] 390120K->241334K(836032K), 0.0115320 secs] [Times: user=0.04 sys=0.00, real=0.01 secs] 
2014-07-08T19:18:15.673+0000: 1779.804: [GC [PSYoungGen: 148981K->1064K(145216K)] 388072K->240651K(832192K), 0.0172540 secs] [Times: user=0.06 sys=0.01, real=0.02 secs] 
2014-07-08T19:18:17.651+0000: 1781.782: [GC [PSYoungGen: 145156K->1862K(143488K)] 384743K->241505K(830464K), 0.0346660 secs] [Times: user=0.13 sys=0.00, real=0.03 secs] 
2014-07-08T19:18:19.190+0000: 1783.321: [GC [PSYoungGen: 143430K->2092K(172032K)] 383073K->241940K(859008K), 0.0234920 secs] [Times: user=0.09 sys=0.00, real=0.02 secs] 
2014-07-08T19:18:21.448+0000: 1785.578: [GC [PSYoungGen: 172010K->2384K(206336K)] 411858K->242335K(893312K), 0.0308820 secs] [Times: user=0.11 sys=0.00, real=0.03 secs] 
2014-07-08T19:18:24.100+0000: 1788.230: [GC [PSYoungGen: 206287K->614K(245376K)] 446239K->241828K(932352K), 0.0212690 secs] [Times: user=0.07 sys=0.00, real=0.03 secs] 
2014-07-08T19:18:27.452+0000: 1791.582: [GC [PSYoungGen: 245350K->2607K(241408K)] 486564K->243916K(928384K), 0.0240370 secs] [Times: user=0.08 sys=0.01, real=0.02 secs] 
2014-07-08T19:18:30.768+0000: 1794.898: [GC [PSYoungGen: 241321K->2022K(235136K)] 482631K->244054K(922112K), 0.0237190 secs] [Times: user=0.09 sys=0.00, real=0.02 secs] 
2014-07-08T19:18:33.657+0000: 1797.787: [GC [PSYoungGen: 235110K->2064K(229696K)] 477142K->244200K(916672K), 0.0258270 secs] [Times: user=0.08 sys=0.01, real=0.03 secs] 
2014-07-08T19:18:36.831+0000: 1800.961: [GC [PSYoungGen: 229648K->1897K(224192K)] 471784K->244169K(911168K), 0.0200330 secs] [Times: user=0.08 sys=0.00, real=0.02 secs] 
2014-07-08T19:18:40.026+0000: 1804.156: [GC [PSYoungGen: 224154K->2032K(219200K)] 466425K->244384K(906176K), 0.0245140 secs] [Times: user=0.08 sys=0.00, real=0.02 secs] 
2014-07-08T19:18:43.004+0000: 1807.134: [GC [PSYoungGen: 219182K->1836K(214080K)] 461534K->244348K(901056K), 0.0136040 secs] [Times: user=0.05 sys=0.00, real=0.01 secs] 
2014-07-08T19:18:45.769+0000: 1809.899: [GC [PSYoungGen: 214030K->1840K(209344K)] 456542K->244464K(896320K), 0.0149450 secs] [Times: user=0.06 sys=0.00, real=0.02 secs] 
2014-07-08T19:18:48.731+0000: 1812.861: [GC [PSYoungGen: 209328K->1748K(204672K)] 451952K->244444K(891648K), 0.0050840 secs] [Times: user=0.02 sys=0.00, real=0.01 secs] 
2014-07-08T19:18:51.525+0000: 1815.655: [GC [PSYoungGen: 204628K->2533K(201024K)] 447324K->245293K(888000K), 0.0298120 secs] [Times: user=0.12 sys=0.00, real=0.03 secs] 
2014-07-08T19:18:54.050+0000: 1818.180: [GC [PSYoungGen: 200996K->1203K(195392K)] 443755K->244665K(882368K), 0.0179440 secs] [Times: user=0.07 sys=0.00, real=0.02 secs] 
2014-07-08T19:18:56.812+0000: 1820.943: [GC [PSYoungGen: 195379K->1744K(191808K)] 438841K->245303K(878784K), 0.0186860 secs] [Times: user=0.06 sys=0.00, real=0.02 secs] 
2014-07-08T19:18:59.504+0000: 1823.634: [GC [PSYoungGen: 191738K->1869K(187968K)] 435297K->245515K(874944K), 0.0187240 secs] [Times: user=0.07 sys=0.00, real=0.02 secs] 
2014-07-08T19:19:01.775+0000: 1825.906: [GC [PSYoungGen: 187907K->1965K(184192K)] 431553K->245675K(871168K), 0.0226910 secs] [Times: user=0.09 sys=0.00, real=0.03 secs] 
2014-07-08T19:19:04.531+0000: 1828.661: [GC [PSYoungGen: 184133K->1643K(180160K)] 427843K->245909K(867136K), 0.0168760 secs] [Times: user=0.06 sys=0.00, real=0.02 secs] 
2014-07-08T19:19:06.840+0000: 1830.970: [GC [PSYoungGen: 180139K->1812K(176704K)] 424405K->246190K(863680K), 0.0312930 secs] [Times: user=0.12 sys=0.00, real=0.03 secs] 
2014-07-08T19:19:09.408+0000: 1833.539: [GC [PSYoungGen: 176660K->1890K(173248K)] 421038K->246349K(860224K), 0.0248670 secs] [Times: user=0.09 sys=0.00, real=0.02 secs] 
2014-07-08T19:19:11.705+0000: 1835.836: [GC [PSYoungGen: 173218K->2161K(170112K)] 417677K->246691K(857088K), 0.0164540 secs] [Times: user=0.06 sys=0.00, real=0.02 secs] 
2014-07-08T19:19:13.719+0000: 1837.849: [GC [PSYoungGen: 170076K->1210K(165888K)] 414607K->246260K(852864K), 0.0139170 secs] [Times: user=0.05 sys=0.00, real=0.01 secs] 
2014-07-08T19:19:15.876+0000: 1840.006: [GC [PSYoungGen: 165847K->1872K(163392K)] 410898K->247011K(850368K), 0.0110370 secs] [Times: user=0.04 sys=0.00, real=0.01 secs] 
2014-07-08T19:19:18.094+0000: 1842.225: [GC [PSYoungGen: 163344K->2157K(160576K)] 408483K->247431K(847552K), 0.0126700 secs] [Times: user=0.05 sys=0.00, real=0.01 secs] 
2014-07-08T19:19:20.016+0000: 1844.146: [GC [PSYoungGen: 160472K->2381K(157824K)] 405746K->247719K(844800K), 0.0263560 secs] [Times: user=0.10 sys=0.00, real=0.03 secs] 
2014-07-08T19:19:22.071+0000: 1846.201: [GC [PSYoungGen: 157773K->680K(153216K)] 403111K->246994K(840192K), 0.0216920 secs] [Times: user=0.08 sys=0.00, real=0.02 secs] 
2014-07-08T19:19:24.040+0000: 1848.171: [GC [PSYoungGen: 153192K->2481K(152192K)] 399506K->248875K(839168K), 0.0169970 secs] [Times: user=0.07 sys=0.01, real=0.01 secs] 
2014-07-08T19:19:25.869+0000: 1849.999: [GC [PSYoungGen: 152177K->1904K(148928K)] 398571K->248699K(835904K), 0.0137000 secs] [Times: user=0.04 sys=0.00, real=0.02 secs] 
2014-07-08T19:19:28.177+0000: 1852.307: [GC [PSYoungGen: 148912K->2093K(146496K)] 395707K->248960K(833472K), 0.0319190 secs] [Times: user=0.12 sys=0.00, real=0.03 secs] 
2014-07-08T19:19:30.123+0000: 1854.254: [GC [PSYoungGen: 146476K->1531K(143360K)] 393343K->248656K(830336K), 0.0144440 secs] [Times: user=0.04 sys=0.01, real=0.01 secs] 
2014-07-08T19:19:32.010+0000: 1856.140: [GC [PSYoungGen: 143355K->2092K(141440K)] 390480K->249313K(828416K), 0.0217730 secs] [Times: user=0.08 sys=0.00, real=0.03 secs] 
2014-07-08T19:19:33.852+0000: 1857.982: [GC [PSYoungGen: 141415K->1396K(138304K)] 388636K->248721K(825280K), 0.0181380 secs] [Times: user=0.07 sys=0.00, real=0.01 secs] 
2014-07-08T19:19:35.462+0000: 1859.593: [GC [PSYoungGen: 138194K->2142K(166464K)] 385519K->249637K(853440K), 0.0186300 secs] [Times: user=0.05 sys=0.01, real=0.01 secs] 
2014-07-08T19:19:37.351+0000: 1861.481: [GC [PSYoungGen: 166430K->1832K(199040K)] 413925K->249589K(886016K), 0.0320070 secs] [Times: user=0.11 sys=0.00, real=0.04 secs] 
2014-07-08T19:19:39.671+0000: 1863.802: [GC [PSYoungGen: 198974K->1982K(238656K)] 446731K->249837K(925632K), 0.0131530 secs] [Times: user=0.04 sys=0.00, real=0.02 secs] 
2014-07-08T19:19:42.819+0000: 1866.950: [GC [PSYoungGen: 238610K->1577K(232640K)] 486465K->249772K(919616K), 0.0147620 secs] [Times: user=0.05 sys=0.00, real=0.02 secs] 
2014-07-08T19:19:45.652+0000: 1869.783: [GC [PSYoungGen: 232583K->2028K(227648K)] 480779K->250426K(914624K), 0.0110520 secs] [Times: user=0.04 sys=0.00, real=0.02 secs] 
2014-07-08T19:19:48.463+0000: 1872.593: [GC [PSYoungGen: 227628K->1524K(221888K)] 476026K->250145K(908864K), 0.0286610 secs] [Times: user=0.09 sys=0.00, real=0.03 secs] 
2014-07-08T19:19:50.651+0000: 1874.781: [GC [PSYoungGen: 221875K->1524K(216832K)] 470496K->250217K(903808K), 0.0044120 secs] [Times: user=0.01 sys=0.00, real=0.01 secs] 
2014-07-08T19:19:53.523+0000: 1877.653: [GC [PSYoungGen: 216818K->1968K(212416K)] 465511K->250781K(899392K), 0.0095460 secs] [Times: user=0.04 sys=0.00, real=0.01 secs] 
2014-07-08T19:19:56.647+0000: 1880.777: [GC [PSYoungGen: 212399K->1844K(207616K)] 461212K->250761K(894592K), 0.0072400 secs] [Times: user=0.01 sys=0.00, real=0.00 secs] 
2014-07-08T19:19:58.763+0000: 1882.893: [GC [PSYoungGen: 207604K->1332K(202560K)] 456521K->250345K(889536K), 0.0106100 secs] [Times: user=0.04 sys=0.00, real=0.01 secs] 
2014-07-08T19:20:01.067+0000: 1885.197: [GC [PSYoungGen: 202528K->2082K(198976K)] 451541K->251143K(885952K), 0.0210810 secs] [Times: user=0.08 sys=0.00, real=0.02 secs] 
2014-07-08T19:20:03.424+0000: 1887.554: [GC [PSYoungGen: 198928K->1726K(194368K)] 447989K->251277K(881344K), 0.0309000 secs] [Times: user=0.12 sys=0.00, real=0.03 secs] 
2014-07-08T19:20:05.520+0000: 1889.650: [GC [PSYoungGen: 194332K->2004K(190592K)] 443883K->251675K(877568K), 0.0167480 secs] [Times: user=0.06 sys=0.01, real=0.02 secs] 
2014-07-08T19:20:07.609+0000: 1891.739: [GC [PSYoungGen: 190548K->1520K(186112K)] 440219K->251503K(873088K), 0.0138220 secs] [Times: user=0.04 sys=0.00, real=0.01 secs] 
2014-07-08T19:20:09.771+0000: 1893.901: [GC [PSYoungGen: 186092K->2110K(182848K)] 436075K->252198K(869824K), 0.0085430 secs] [Times: user=0.03 sys=0.00, real=0.01 secs] 
2014-07-08T19:20:11.700+0000: 1895.831: [GC [PSYoungGen: 182846K->1405K(178432K)] 432934K->251952K(865408K), 0.0054750 secs] [Times: user=0.01 sys=0.00, real=0.00 secs] 
2014-07-08T19:20:13.605+0000: 1897.735: [GC [PSYoungGen: 178387K->2401K(175872K)] 428935K->253076K(862848K), 0.0124790 secs] [Times: user=0.05 sys=0.00, real=0.01 secs] 
2014-07-08T19:20:15.589+0000: 1899.719: [GC [PSYoungGen: 175840K->1198K(171200K)] 426515K->252668K(858176K), 0.0250600 secs] [Times: user=0.09 sys=0.00, real=0.02 secs] 
2014-07-08T19:20:17.973+0000: 1902.103: [GC [PSYoungGen: 171182K->1798K(168512K)] 422652K->253316K(855488K), 0.0100570 secs] [Times: user=0.04 sys=0.00, real=0.01 secs] 
2014-07-08T19:20:19.938+0000: 1904.069: [GC [PSYoungGen: 168454K->2060K(165504K)] 419971K->253716K(852480K), 0.0133280 secs] [Times: user=0.05 sys=0.00, real=0.02 secs] 
2014-07-08T19:20:21.872+0000: 1906.003: [GC [PSYoungGen: 165450K->1936K(162240K)] 417106K->253688K(849216K), 0.0193570 secs] [Times: user=0.06 sys=0.00, real=0.02 secs] 
2014-07-08T19:20:23.871+0000: 1908.001: [GC [PSYoungGen: 162192K->950K(158144K)] 413944K->253484K(845120K), 0.0075500 secs] [Times: user=0.02 sys=0.00, real=0.00 secs] 
2014-07-08T19:20:25.844+0000: 1909.975: [GC [PSYoungGen: 158116K->2318K(156608K)] 410650K->254916K(843584K), 0.0173680 secs] [Times: user=0.06 sys=0.00, real=0.02 secs] 
2014-07-08T19:20:27.652+0000: 1911.782: [GC [PSYoungGen: 156558K->1708K(153088K)] 409156K->254738K(840064K), 0.0168360 secs] [Times: user=0.06 sys=0.00, real=0.01 secs] 
2014-07-08T19:20:29.737+0000: 1913.868: [GC [PSYoungGen: 153068K->1812K(150464K)] 406098K->254898K(837440K), 0.0246520 secs] [Times: user=0.09 sys=0.00, real=0.03 secs] 
2014-07-08T19:20:31.580+0000: 1915.710: [GC [PSYoungGen: 150420K->1584K(147520K)] 403506K->254814K(834496K), 0.0226950 secs] [Times: user=0.07 sys=0.00, real=0.03 secs] 
2014-07-08T19:20:33.239+0000: 1917.370: [GC [PSYoungGen: 147504K->2071K(177216K)] 400734K->255503K(864192K), 0.0206290 secs] [Times: user=0.08 sys=0.00, real=0.02 secs] 
2014-07-08T19:20:34.709+0000: 1918.839: [GC [PSYoungGen: 177175K->1456K(211648K)] 430607K->255154K(898624K), 0.0155540 secs] [Times: user=0.05 sys=0.01, real=0.02 secs] 
2014-07-08T19:20:37.001+0000: 1921.131: [GC [PSYoungGen: 211611K->2200K(207744K)] 465310K->256036K(894720K), 0.0167540 secs] [Times: user=0.05 sys=0.00, real=0.01 secs] 
2014-07-08T19:20:39.334+0000: 1923.464: [GC [PSYoungGen: 207699K->1340K(202304K)] 461535K->256109K(889280K), 0.0138800 secs] [Times: user=0.05 sys=0.00, real=0.01 secs] 
2014-07-08T19:20:41.536+0000: 1925.667: [GC [PSYoungGen: 202265K->2311K(198976K)] 457034K->257119K(885952K), 0.0155580 secs] [Times: user=0.05 sys=0.00, real=0.01 secs] 
2014-07-08T19:20:43.584+0000: 1927.714: [GC [PSYoungGen: 198878K->1594K(193984K)] 453687K->257005K(880960K), 0.0185750 secs] [Times: user=0.07 sys=0.00, real=0.02 secs] 
2014-07-08T19:20:46.235+0000: 1930.365: [GC [PSYoungGen: 193929K->1666K(190016K)] 449340K->257207K(876992K), 0.0207230 secs] [Times: user=0.08 sys=0.01, real=0.02 secs] 
2014-07-08T19:20:48.668+0000: 1932.798: [GC [PSYoungGen: 189952K->2110K(186432K)] 445493K->257739K(873408K), 0.0167260 secs] [Times: user=0.06 sys=0.00, real=0.02 secs] 
2014-07-08T19:20:50.705+0000: 1934.835: [GC [PSYoungGen: 186430K->1652K(182144K)] 442059K->257403K(869120K), 0.0132650 secs] [Times: user=0.04 sys=0.00, real=0.01 secs] 
2014-07-08T19:20:52.701+0000: 1936.831: [GC [PSYoungGen: 182132K->1648K(178432K)] 437883K->257615K(865408K), 0.0130140 secs] [Times: user=0.05 sys=0.00, real=0.02 secs] 
2014-07-08T19:20:55.300+0000: 1939.430: [GC [PSYoungGen: 178416K->2060K(214272K)] 434383K->258132K(901248K), 0.0497510 secs] [Times: user=0.17 sys=0.00, real=0.05 secs] 
2014-07-08T19:20:57.610+0000: 1941.740: [GC [PSYoungGen: 214220K->1534K(208960K)] 470292K->257847K(895936K), 0.0218600 secs] [Times: user=0.08 sys=0.00, real=0.02 secs] 
2014-07-08T19:21:00.130+0000: 1944.260: [GC [PSYoungGen: 208958K->1830K(204672K)] 465271K->258247K(891648K), 0.0217050 secs] [Times: user=0.07 sys=0.00, real=0.02 secs] 
2014-07-08T19:21:02.880+0000: 1947.010: [GC [PSYoungGen: 204646K->1789K(200192K)] 461063K->258689K(887168K), 0.0198850 secs] [Times: user=0.08 sys=0.00, real=0.02 secs] 
2014-07-08T19:21:05.701+0000: 1949.832: [GC [PSYoungGen: 200189K->1716K(195840K)] 457089K->258759K(882816K), 0.0261970 secs] [Times: user=0.09 sys=0.01, real=0.03 secs] 
2014-07-08T19:21:07.762+0000: 1951.893: [GC [PSYoungGen: 195828K->1772K(234752K)] 452871K->258967K(921728K), 0.0282070 secs] [Times: user=0.09 sys=0.00, real=0.03 secs] 
2014-07-08T19:21:10.554+0000: 1954.685: [GC [PSYoungGen: 234731K->1936K(229440K)] 491926K->259203K(916416K), 0.0073770 secs] [Times: user=0.02 sys=0.00, real=0.01 secs] 
2014-07-08T19:21:13.739+0000: 1957.869: [GC [PSYoungGen: 229370K->1394K(223552K)] 486637K->259215K(910528K), 0.0170190 secs] [Times: user=0.07 sys=0.00, real=0.01 secs] 
2014-07-08T19:21:16.423+0000: 1960.553: [GC [PSYoungGen: 223495K->2000K(219072K)] 481316K->259949K(906048K), 0.0323180 secs] [Times: user=0.12 sys=0.00, real=0.03 secs] 
2014-07-08T19:21:18.894+0000: 1963.024: [GC [PSYoungGen: 219024K->1456K(213568K)] 476973K->259598K(900544K), 0.0168970 secs] [Times: user=0.06 sys=0.00, real=0.02 secs] 
2014-07-08T19:21:21.866+0000: 1965.997: [GC [PSYoungGen: 213537K->2373K(209792K)] 471678K->260578K(896768K), 0.0102270 secs] [Times: user=0.03 sys=0.00, real=0.01 secs] 
2014-07-08T19:21:24.670+0000: 1968.800: [GC [PSYoungGen: 209733K->1004K(203776K)] 467938K->259761K(890752K), 0.0169080 secs] [Times: user=0.06 sys=0.00, real=0.01 secs] 
2014-07-08T19:21:27.440+0000: 1971.570: [GC [PSYoungGen: 203728K->2527K(200896K)] 462485K->261373K(887872K), 0.0139890 secs] [Times: user=0.05 sys=0.00, real=0.01 secs] 
2014-07-08T19:21:29.769+0000: 1973.899: [GC [PSYoungGen: 200863K->1584K(195648K)] 459708K->260838K(882624K), 0.0313390 secs] [Times: user=0.12 sys=0.00, real=0.04 secs] 
2014-07-08T19:21:32.695+0000: 1976.825: [GC [PSYoungGen: 195587K->2220K(192128K)] 454841K->261578K(879104K), 0.0245400 secs] [Times: user=0.09 sys=0.01, real=0.02 secs] 
2014-07-08T19:21:34.833+0000: 1978.963: [GC [PSYoungGen: 192091K->1459K(187392K)] 451449K->261529K(874368K), 0.0209340 secs] [Times: user=0.07 sys=0.01, real=0.02 secs] 
2014-07-08T19:21:36.915+0000: 1981.045: [GC [PSYoungGen: 187379K->2000K(184128K)] 447449K->262134K(871104K), 0.0065130 secs] [Times: user=0.02 sys=0.01, real=0.01 secs] 
2014-07-08T19:21:39.078+0000: 1983.209: [GC [PSYoungGen: 184080K->1900K(180288K)] 444214K->262138K(867264K), 0.0158060 secs] [Times: user=0.06 sys=0.00, real=0.02 secs] 
2014-07-08T19:21:41.606+0000: 1985.737: [GC [PSYoungGen: 180254K->1784K(176576K)] 440492K->262077K(863552K), 0.0071630 secs] [Times: user=0.02 sys=0.00, real=0.01 secs] 
2014-07-08T19:21:43.845+0000: 1987.976: [GC [PSYoungGen: 176568K->1446K(172736K)] 436861K->261987K(859712K), 0.0311810 secs] [Times: user=0.10 sys=0.00, real=0.03 secs] 
2014-07-08T19:21:45.922+0000: 1990.052: [GC [PSYoungGen: 172661K->1464K(169344K)] 433203K->262085K(856320K), 0.0106390 secs] [Times: user=0.03 sys=0.00, real=0.02 secs] 
2014-07-08T19:21:48.032+0000: 1992.163: [GC [PSYoungGen: 169336K->1460K(166080K)] 429957K->262137K(853056K), 0.0202610 secs] [Times: user=0.07 sys=0.00, real=0.02 secs] 
2014-07-08T19:21:50.326+0000: 1994.457: [GC [PSYoungGen: 166068K->2064K(163520K)] 426745K->262774K(850496K), 0.0206610 secs] [Times: user=0.07 sys=0.00, real=0.02 secs] 
2014-07-08T19:21:52.781+0000: 1996.911: [GC [PSYoungGen: 163471K->1708K(160064K)] 424181K->262690K(847040K), 0.0152540 secs] [Times: user=0.05 sys=0.00, real=0.02 secs] 
2014-07-08T19:21:54.850+0000: 1998.980: [GC [PSYoungGen: 160044K->1968K(157312K)] 421026K->263046K(844288K), 0.0266870 secs] [Times: user=0.09 sys=0.00, real=0.03 secs] 
2014-07-08T19:21:56.663+0000: 2000.793: [GC [PSYoungGen: 157274K->1455K(153920K)] 418352K->263122K(840896K), 0.0129220 secs] [Times: user=0.04 sys=0.00, real=0.02 secs] 
2014-07-08T19:21:58.917+0000: 2003.047: [GC [PSYoungGen: 153903K->2060K(151744K)] 415570K->263840K(838720K), 0.0183390 secs] [Times: user=0.06 sys=0.01, real=0.02 secs] 
2014-07-08T19:22:00.754+0000: 2004.884: [GC [PSYoungGen: 151663K->1470K(148416K)] 413443K->263532K(835392K), 0.0214750 secs] [Times: user=0.08 sys=0.00, real=0.03 secs] 
2014-07-08T19:22:03.020+0000: 2007.150: [GC [PSYoungGen: 148412K->1620K(145984K)] 410474K->263794K(832960K), 0.0146790 secs] [Times: user=0.06 sys=0.00, real=0.02 secs] 
2014-07-08T19:22:04.971+0000: 2009.102: [GC [PSYoungGen: 145897K->1900K(143680K)] 408071K->264202K(830656K), 0.0104860 secs] [Times: user=0.03 sys=0.00, real=0.01 secs] 
2014-07-08T19:22:06.726+0000: 2010.857: [GC [PSYoungGen: 143642K->2028K(141312K)] 405944K->264402K(828288K), 0.0221860 secs] [Times: user=0.07 sys=0.00, real=0.02 secs] 
2014-07-08T19:22:08.913+0000: 2013.043: [GC [PSYoungGen: 141292K->940K(137792K)] 403666K->263974K(824768K), 0.0129860 secs] [Times: user=0.04 sys=0.01, real=0.02 secs] 
2014-07-08T19:22:10.576+0000: 2014.706: [GC [PSYoungGen: 137772K->1798K(166080K)] 400806K->264904K(853056K), 0.0325020 secs] [Times: user=0.11 sys=0.00, real=0.03 secs] 
2014-07-08T19:22:12.793+0000: 2016.924: [GC [PSYoungGen: 165970K->2086K(199232K)] 429076K->265386K(886208K), 0.0238230 secs] [Times: user=0.09 sys=0.00, real=0.03 secs] 
2014-07-08T19:22:15.175+0000: 2019.305: [GC [PSYoungGen: 199206K->1556K(238144K)] 462506K->264976K(925120K), 0.0258510 secs] [Times: user=0.09 sys=0.00, real=0.03 secs] 
2014-07-08T19:22:17.914+0000: 2022.045: [GC [PSYoungGen: 238100K->1342K(285248K)] 501520K->265004K(972224K), 0.0294400 secs] [Times: user=0.11 sys=0.01, real=0.03 secs] 
2014-07-08T19:22:21.604+0000: 2025.734: [GC [PSYoungGen: 285236K->2469K(278976K)] 548899K->266203K(965952K), 0.0121150 secs] [Times: user=0.04 sys=0.00, real=0.01 secs] 
2014-07-08T19:22:25.130+0000: 2029.261: [GC [PSYoungGen: 278916K->1195K(270592K)] 542650K->265691K(957568K), 0.0232630 secs] [Times: user=0.08 sys=0.01, real=0.02 secs] 
2014-07-08T19:22:28.798+0000: 2032.928: [GC [PSYoungGen: 270516K->1934K(264512K)] 535011K->266533K(951488K), 0.0256490 secs] [Times: user=0.10 sys=0.00, real=0.03 secs] 
2014-07-08T19:22:32.521+0000: 2036.651: [GC [PSYoungGen: 264462K->2092K(258048K)] 529061K->266978K(945024K), 0.0210370 secs] [Times: user=0.07 sys=0.00, real=0.02 secs] 
2014-07-08T19:22:36.513+0000: 2040.643: [GC [PSYoungGen: 258025K->2156K(251776K)] 522911K->267202K(938752K), 0.0151350 secs] [Times: user=0.06 sys=0.00, real=0.01 secs] 
2014-07-08T19:22:39.777+0000: 2043.907: [GC [PSYoungGen: 251756K->1136K(244672K)] 516802K->266465K(931648K), 0.0051550 secs] [Times: user=0.02 sys=0.00, real=0.01 secs] 
2014-07-08T19:22:43.305+0000: 2047.435: [GC [PSYoungGen: 244655K->2064K(239744K)] 509985K->267490K(926720K), 0.0182150 secs] [Times: user=0.07 sys=0.00, real=0.02 secs] 
2014-07-08T19:22:46.654+0000: 2050.784: [GC [PSYoungGen: 239688K->1492K(233472K)] 505113K->267069K(920448K), 0.0270530 secs] [Times: user=0.10 sys=0.01, real=0.02 secs] 
2014-07-08T19:22:49.811+0000: 2053.942: [GC [PSYoungGen: 233428K->2280K(228800K)] 499005K->267938K(915776K), 0.0153840 secs] [Times: user=0.05 sys=0.00, real=0.01 secs] 
2014-07-08T19:22:52.732+0000: 2056.862: [GC [PSYoungGen: 228754K->1594K(222848K)] 494412K->267692K(909824K), 0.0126630 secs] [Times: user=0.04 sys=0.00, real=0.02 secs] 
2014-07-08T19:22:55.922+0000: 2060.053: [GC [PSYoungGen: 222842K->1997K(218240K)] 488940K->268230K(905216K), 0.0331510 secs] [Times: user=0.12 sys=0.00, real=0.03 secs] 
2014-07-08T19:22:58.856+0000: 2062.986: [GC [PSYoungGen: 218189K->1524K(212800K)] 484422K->267854K(899776K), 0.0192320 secs] [Times: user=0.07 sys=0.00, real=0.02 secs] 
2014-07-08T19:23:01.990+0000: 2066.120: [GC [PSYoungGen: 212788K->1844K(208384K)] 479118K->268254K(895360K), 0.0280740 secs] [Times: user=0.10 sys=0.00, real=0.03 secs] 
2014-07-08T19:23:04.742+0000: 2068.873: [GC [PSYoungGen: 208372K->1652K(203648K)] 474782K->268206K(890624K), 0.0127640 secs] [Times: user=0.04 sys=0.00, real=0.02 secs] 
2014-07-08T19:23:07.709+0000: 2071.839: [GC [PSYoungGen: 203604K->1954K(199552K)] 470158K->268588K(886528K), 0.0170460 secs] [Times: user=0.07 sys=0.01, real=0.02 secs] 
2014-07-08T19:23:10.621+0000: 2074.751: [GC [PSYoungGen: 199522K->1512K(194880K)] 466156K->268518K(881856K), 0.0307990 secs] [Times: user=0.10 sys=0.00, real=0.03 secs] 
2014-07-08T19:23:13.190+0000: 2077.320: [GC [PSYoungGen: 194856K->1946K(191232K)] 461862K->269098K(878208K), 0.0262650 secs] [Times: user=0.10 sys=0.00, real=0.03 secs] 
2014-07-08T19:23:15.871+0000: 2080.001: [GC [PSYoungGen: 191194K->1530K(186816K)] 458346K->269162K(873792K), 0.0162840 secs] [Times: user=0.06 sys=0.00, real=0.02 secs] 
2014-07-08T19:23:18.191+0000: 2082.322: [GC [PSYoungGen: 186810K->1552K(183040K)] 454442K->269306K(870016K), 0.0082990 secs] [Times: user=0.02 sys=0.00, real=0.01 secs] 
2014-07-08T19:23:20.871+0000: 2085.002: [GC [PSYoungGen: 182992K->1776K(179520K)] 450746K->269658K(866496K), 0.0170170 secs] [Times: user=0.05 sys=0.00, real=0.02 secs] 
2014-07-08T19:23:23.568+0000: 2087.698: [GC [PSYoungGen: 179504K->2032K(176192K)] 447386K->270050K(863168K), 0.0084920 secs] [Times: user=0.03 sys=0.00, real=0.01 secs] 
2014-07-08T19:23:25.812+0000: 2089.942: [GC [PSYoungGen: 176091K->1067K(171776K)] 444109K->269851K(858752K), 0.0095710 secs] [Times: user=0.02 sys=0.00, real=0.01 secs] 
2014-07-08T19:23:27.797+0000: 2091.927: [GC [PSYoungGen: 171743K->2112K(169472K)] 440527K->270952K(856448K), 0.0153590 secs] [Times: user=0.06 sys=0.00, real=0.01 secs] 
2014-07-08T19:23:30.011+0000: 2094.141: [GC [PSYoungGen: 169408K->1530K(165568K)] 438248K->270985K(852544K), 0.0292610 secs] [Times: user=0.10 sys=0.00, real=0.03 secs] 
2014-07-08T19:23:32.696+0000: 2096.827: [GC [PSYoungGen: 165562K->2096K(163008K)] 435017K->271622K(849984K), 0.0180960 secs] [Times: user=0.06 sys=0.01, real=0.02 secs] 
2014-07-08T19:23:34.741+0000: 2098.871: [GC [PSYoungGen: 162992K->1268K(159104K)] 432518K->271138K(846080K), 0.0219680 secs] [Times: user=0.08 sys=0.00, real=0.02 secs] 
2014-07-08T19:23:36.687+0000: 2100.817: [GC [PSYoungGen: 159092K->1904K(156800K)] 428962K->271862K(843776K), 0.0226920 secs] [Times: user=0.07 sys=0.00, real=0.03 secs] 
2014-07-08T19:23:38.933+0000: 2103.064: [GC [PSYoungGen: 156783K->1780K(153792K)] 426741K->271826K(840768K), 0.0145420 secs] [Times: user=0.05 sys=0.00, real=0.01 secs] 
2014-07-08T19:23:41.020+0000: 2105.150: [GC [PSYoungGen: 153780K->2064K(151296K)] 423826K->272150K(838272K), 0.0244710 secs] [Times: user=0.10 sys=0.00, real=0.02 secs] 
2014-07-08T19:23:42.885+0000: 2107.016: [GC [PSYoungGen: 151229K->882K(179968K)] 421315K->271782K(866944K), 0.0254670 secs] [Times: user=0.10 sys=0.01, real=0.03 secs] 
2014-07-08T19:23:45.795+0000: 2109.925: [GC [PSYoungGen: 179954K->1966K(177408K)] 450854K->272930K(864384K), 0.0179980 secs] [Times: user=0.06 sys=0.00, real=0.02 secs] 
2014-07-08T19:23:47.965+0000: 2112.096: [GC [PSYoungGen: 177353K->2022K(173952K)] 448318K->273381K(860928K), 0.0206110 secs] [Times: user=0.07 sys=0.00, real=0.02 secs] 
2014-07-08T19:23:50.273+0000: 2114.403: [GC [PSYoungGen: 173918K->2018K(170560K)] 445276K->273425K(857536K), 0.0125440 secs] [Times: user=0.04 sys=0.00, real=0.01 secs] 
2014-07-08T19:23:52.738+0000: 2116.869: [GC [PSYoungGen: 170530K->1064K(166272K)] 441937K->273441K(853248K), 0.0134930 secs] [Times: user=0.05 sys=0.00, real=0.02 secs] 
2014-07-08T19:23:55.014+0000: 2119.145: [GC [PSYoungGen: 166248K->2012K(164032K)] 438625K->274485K(851008K), 0.0184410 secs] [Times: user=0.07 sys=0.00, real=0.02 secs] 
2014-07-08T19:23:57.126+0000: 2121.256: [GC [PSYoungGen: 163955K->1901K(160832K)] 436429K->274718K(847808K), 0.0199690 secs] [Times: user=0.07 sys=0.00, real=0.02 secs] 
2014-07-08T19:23:59.470+0000: 2123.601: [GC [PSYoungGen: 160812K->2299K(158208K)] 433629K->275204K(845184K), 0.0208330 secs] [Times: user=0.08 sys=0.00, real=0.02 secs] 
2014-07-08T19:24:01.789+0000: 2125.919: [GC [PSYoungGen: 158191K->818K(153856K)] 431097K->274585K(840832K), 0.0172980 secs] [Times: user=0.06 sys=0.00, real=0.02 secs] 
2014-07-08T19:24:03.707+0000: 2127.838: [GC [PSYoungGen: 153810K->2438K(152704K)] 427577K->276294K(839680K), 0.0052510 secs] [Times: user=0.02 sys=0.00, real=0.00 secs] 
2014-07-08T19:24:05.828+0000: 2129.959: [GC [PSYoungGen: 152573K->1844K(149312K)] 426428K->276198K(836288K), 0.0192800 secs] [Times: user=0.07 sys=0.00, real=0.02 secs] 
2014-07-08T19:24:08.078+0000: 2132.208: [GC [PSYoungGen: 149300K->1492K(146368K)] 423654K->275909K(833344K), 0.0185100 secs] [Times: user=0.07 sys=0.00, real=0.02 secs] 
2014-07-08T19:24:10.080+0000: 2134.211: [GC [PSYoungGen: 146324K->2089K(144384K)] 420741K->276579K(831360K), 0.0204730 secs] [Times: user=0.07 sys=0.01, real=0.02 secs] 
2014-07-08T19:24:11.907+0000: 2136.038: [GC [PSYoungGen: 144361K->1996K(141824K)] 418851K->276590K(828800K), 0.0252360 secs] [Times: user=0.09 sys=0.00, real=0.02 secs] 
2014-07-08T19:24:13.826+0000: 2137.956: [GC [PSYoungGen: 141686K->1380K(138752K)] 416280K->276554K(825728K), 0.0110330 secs] [Times: user=0.04 sys=0.00, real=0.01 secs] 
2014-07-08T19:24:15.585+0000: 2139.715: [GC [PSYoungGen: 138701K->1918K(136896K)] 413875K->277222K(823872K), 0.0176750 secs] [Times: user=0.05 sys=0.00, real=0.01 secs] 
2014-07-08T19:24:16.738+0000: 2140.868: [GC [PSYoungGen: 136894K->1662K(134336K)] 412198K->277062K(821312K), 0.0055760 secs] [Times: user=0.02 sys=0.00, real=0.00 secs] 
2014-07-08T19:24:18.557+0000: 2142.687: [GC [PSYoungGen: 134326K->2217K(132672K)] 409726K->277715K(819648K), 0.0120730 secs] [Times: user=0.04 sys=0.01, real=0.01 secs] 
2014-07-08T19:24:19.816+0000: 2143.947: [GC [PSYoungGen: 132648K->1266K(157824K)] 408145K->277617K(844800K), 0.0325500 secs] [Times: user=0.13 sys=0.00, real=0.03 secs] 
2014-07-08T19:24:21.660+0000: 2145.790: [GC [PSYoungGen: 157807K->1762K(189696K)] 434157K->278184K(876672K), 0.0087150 secs] [Times: user=0.03 sys=0.00, real=0.01 secs] 
2014-07-08T19:24:23.849+0000: 2147.979: [GC [PSYoungGen: 189665K->1868K(227456K)] 466087K->278451K(914432K), 0.0287960 secs] [Times: user=0.11 sys=0.00, real=0.03 secs] 
2014-07-08T19:24:26.683+0000: 2150.814: [GC [PSYoungGen: 227404K->1968K(222272K)] 503987K->278630K(909248K), 0.0159350 secs] [Times: user=0.05 sys=0.00, real=0.02 secs] 
2014-07-08T19:24:29.256+0000: 2153.386: [GC [PSYoungGen: 222243K->1266K(216512K)] 498905K->278498K(903488K), 0.0170700 secs] [Times: user=0.06 sys=0.00, real=0.02 secs] 
2014-07-08T19:24:31.791+0000: 2155.921: [GC [PSYoungGen: 216494K->2402K(212800K)] 493727K->279683K(899776K), 0.0127280 secs] [Times: user=0.04 sys=0.00, real=0.01 secs] 
2014-07-08T19:24:33.876+0000: 2158.006: [GC [PSYoungGen: 212770K->1324K(207040K)] 490051K->279148K(894016K), 0.0260680 secs] [Times: user=0.09 sys=0.00, real=0.03 secs] 
2014-07-08T19:24:36.656+0000: 2160.787: [GC [PSYoungGen: 207009K->1872K(203072K)] 484834K->279769K(890048K), 0.0114880 secs] [Times: user=0.04 sys=0.00, real=0.02 secs] 
2014-07-08T19:24:38.750+0000: 2162.880: [GC [PSYoungGen: 203020K->1908K(198720K)] 480916K->280028K(885696K), 0.0139650 secs] [Times: user=0.04 sys=0.00, real=0.01 secs] 
2014-07-08T19:24:41.152+0000: 2165.282: [GC [PSYoungGen: 198708K->2469K(195072K)] 476828K->280702K(882048K), 0.0056250 secs] [Times: user=0.02 sys=0.00, real=0.00 secs] 
2014-07-08T19:24:43.611+0000: 2167.741: [GC [PSYoungGen: 195044K->622K(189120K)] 473276K->280165K(876096K), 0.0163380 secs] [Times: user=0.06 sys=0.00, real=0.01 secs] 
2014-07-08T19:24:45.746+0000: 2169.876: [GC [PSYoungGen: 189102K->2488K(187008K)] 468645K->282104K(873984K), 0.0168160 secs] [Times: user=0.06 sys=0.00, real=0.02 secs] 
2014-07-08T19:24:48.227+0000: 2172.357: [GC [PSYoungGen: 187000K->1772K(182464K)] 466616K->281864K(869440K), 0.0061240 secs] [Times: user=0.01 sys=0.00, real=0.01 secs] 
2014-07-08T19:24:50.585+0000: 2174.715: [GC [PSYoungGen: 182444K->1772K(178752K)] 462536K->281928K(865728K), 0.0390160 secs] [Times: user=0.14 sys=0.00, real=0.04 secs] 
2014-07-08T19:24:52.472+0000: 2176.602: [GC [PSYoungGen: 178729K->1812K(175232K)] 458884K->282079K(862208K), 0.0277750 secs] [Times: user=0.10 sys=0.00, real=0.03 secs] 
2014-07-08T19:24:54.332+0000: 2178.462: [GC [PSYoungGen: 175188K->1872K(171840K)] 455455K->282243K(858816K), 0.0068690 secs] [Times: user=0.02 sys=0.00, real=0.00 secs] 
2014-07-08T19:24:56.328+0000: 2180.459: [GC [PSYoungGen: 171792K->1645K(168256K)] 452163K->282304K(855232K), 0.0143100 secs] [Times: user=0.05 sys=0.00, real=0.02 secs] 
2014-07-08T19:24:58.491+0000: 2182.621: [GC [PSYoungGen: 168190K->2608K(165952K)] 448849K->283347K(852928K), 0.0130380 secs] [Times: user=0.04 sys=0.00, real=0.02 secs] 
2014-07-08T19:25:00.538+0000: 2184.668: [GC [PSYoungGen: 165936K->1014K(161216K)] 446675K->282403K(848192K), 0.0176850 secs] [Times: user=0.06 sys=0.01, real=0.02 secs] 
2014-07-08T19:25:02.934+0000: 2187.064: [GC [PSYoungGen: 161195K->2574K(159808K)] 442585K->284051K(846784K), 0.0162440 secs] [Times: user=0.05 sys=0.01, real=0.01 secs] 
2014-07-08T19:25:04.688+0000: 2188.818: [GC [PSYoungGen: 159718K->1900K(156160K)] 441195K->283890K(843136K), 0.0156560 secs] [Times: user=0.05 sys=0.00, real=0.02 secs] 
2014-07-08T19:25:06.472+0000: 2190.603: [GC [PSYoungGen: 156111K->2075K(187200K)] 438100K->284137K(874176K), 0.0306920 secs] [Times: user=0.10 sys=0.00, real=0.03 secs] 
2014-07-08T19:25:08.534+0000: 2192.665: [GC [PSYoungGen: 187163K->1897K(183168K)] 469225K->284134K(870144K), 0.0140520 secs] [Times: user=0.06 sys=0.00, real=0.01 secs] 
2014-07-08T19:25:10.405+0000: 2194.536: [GC [PSYoungGen: 183145K->1840K(219392K)] 465382K->284165K(906368K), 0.0279100 secs] [Times: user=0.09 sys=0.00, real=0.03 secs] 
2014-07-08T19:25:12.735+0000: 2196.866: [GC [PSYoungGen: 219324K->1894K(262976K)] 501649K->284332K(949952K), 0.0233660 secs] [Times: user=0.09 sys=0.00, real=0.02 secs] 
2014-07-08T19:25:15.730+0000: 2199.861: [GC [PSYoungGen: 262871K->2036K(256576K)] 545309K->284585K(943552K), 0.0191630 secs] [Times: user=0.07 sys=0.00, real=0.02 secs] 
2014-07-08T19:25:18.678+0000: 2202.808: [GC [PSYoungGen: 256564K->1580K(249856K)] 539113K->284410K(936832K), 0.0144580 secs] [Times: user=0.05 sys=0.01, real=0.01 secs] 
2014-07-08T19:25:21.623+0000: 2205.753: [GC [PSYoungGen: 249836K->2221K(244416K)] 532666K->285114K(931392K), 0.0289220 secs] [Times: user=0.12 sys=0.00, real=0.03 secs] 
2014-07-08T19:25:24.657+0000: 2208.787: [GC [PSYoungGen: 244397K->1456K(237824K)] 527290K->284764K(924800K), 0.0207410 secs] [Times: user=0.08 sys=0.00, real=0.02 secs] 
2014-07-08T19:25:27.480+0000: 2211.610: [GC [PSYoungGen: 237808K->2345K(233088K)] 521115K->285748K(920064K), 0.0179760 secs] [Times: user=0.07 sys=0.00, real=0.02 secs] 
2014-07-08T19:25:30.536+0000: 2214.666: [GC [PSYoungGen: 233024K->1446K(226752K)] 516428K->285089K(913728K), 0.0227100 secs] [Times: user=0.08 sys=0.00, real=0.03 secs] 
2014-07-08T19:25:33.111+0000: 2217.241: [GC [PSYoungGen: 226724K->1844K(221888K)] 510368K->285599K(908864K), 0.0281590 secs] [Times: user=0.10 sys=0.01, real=0.03 secs] 
2014-07-08T19:25:35.725+0000: 2219.855: [GC [PSYoungGen: 221851K->1954K(216960K)] 505606K->285830K(903936K), 0.0125070 secs] [Times: user=0.03 sys=0.00, real=0.02 secs] 
2014-07-08T19:25:37.943+0000: 2222.074: [GC [PSYoungGen: 216930K->2092K(212224K)] 500806K->286104K(899200K), 0.0128680 secs] [Times: user=0.04 sys=0.00, real=0.01 secs] 
2014-07-08T19:25:40.841+0000: 2224.971: [GC [PSYoungGen: 212204K->1192K(206656K)] 496216K->285659K(893632K), 0.0138000 secs] [Times: user=0.05 sys=0.01, real=0.01 secs] 
2014-07-08T19:25:43.224+0000: 2227.354: [GC [PSYoungGen: 206610K->2238K(203136K)] 491078K->286834K(890112K), 0.0291750 secs] [Times: user=0.11 sys=0.00, real=0.03 secs] 
2014-07-08T19:25:45.760+0000: 2229.890: [GC [PSYoungGen: 203134K->1843K(198400K)] 487730K->286795K(885376K), 0.0127590 secs] [Times: user=0.05 sys=0.00, real=0.01 secs] 
2014-07-08T19:25:48.138+0000: 2232.269: [GC [PSYoungGen: 198387K->1740K(194112K)] 483339K->286756K(881088K), 0.0061870 secs] [Times: user=0.02 sys=0.00, real=0.00 secs] 
2014-07-08T19:25:50.711+0000: 2234.841: [GC [PSYoungGen: 194020K->1662K(189888K)] 479035K->286936K(876864K), 0.0278920 secs] [Times: user=0.10 sys=0.00, real=0.02 secs] 
2014-07-08T19:25:52.860+0000: 2236.990: [GC [PSYoungGen: 189886K->1997K(186304K)] 475160K->287382K(873280K), 0.0069560 secs] [Times: user=0.02 sys=0.00, real=0.00 secs] 
2014-07-08T19:25:55.400+0000: 2239.530: [GC [PSYoungGen: 186227K->1470K(181888K)] 471613K->287058K(868864K), 0.0183680 secs] [Times: user=0.07 sys=0.00, real=0.01 secs] 
2014-07-08T19:25:58.150+0000: 2242.280: [GC [PSYoungGen: 181886K->1830K(178560K)] 467474K->287497K(865536K), 0.0177420 secs] [Times: user=0.07 sys=0.00, real=0.02 secs] 
2014-07-08T19:26:00.607+0000: 2244.737: [GC [PSYoungGen: 178534K->1850K(174976K)] 464201K->287738K(861952K), 0.0255490 secs] [Times: user=0.08 sys=0.00, real=0.03 secs] 
2014-07-08T19:26:02.881+0000: 2247.011: [GC [PSYoungGen: 174969K->2156K(171840K)] 460857K->288164K(858816K), 0.0248680 secs] [Times: user=0.09 sys=0.00, real=0.03 secs] 
2014-07-08T19:26:05.290+0000: 2249.420: [GC [PSYoungGen: 171788K->1000K(167360K)] 457795K->288002K(854336K), 0.0189050 secs] [Times: user=0.07 sys=0.00, real=0.02 secs] 
2014-07-08T19:26:07.597+0000: 2251.727: [GC [PSYoungGen: 167333K->2176K(165376K)] 454336K->289242K(852352K), 0.0191980 secs] [Times: user=0.07 sys=0.00, real=0.02 secs] 
2014-07-08T19:26:09.432+0000: 2253.562: [GC [PSYoungGen: 165312K->1776K(161792K)] 452378K->289334K(848768K), 0.0179950 secs] [Times: user=0.07 sys=0.00, real=0.02 secs] 
2014-07-08T19:26:11.786+0000: 2255.916: [GC [PSYoungGen: 161776K->2377K(159424K)] 449334K->290063K(846400K), 0.0107850 secs] [Times: user=0.03 sys=0.00, real=0.01 secs] 
2014-07-08T19:26:14.055+0000: 2258.185: [GC [PSYoungGen: 159369K->940K(155008K)] 447055K->289414K(841984K), 0.0147950 secs] [Times: user=0.05 sys=0.00, real=0.01 secs] 
2014-07-08T19:26:15.942+0000: 2260.072: [GC [PSYoungGen: 154988K->2321K(153536K)] 443462K->290884K(840512K), 0.0155370 secs] [Times: user=0.05 sys=0.00, real=0.02 secs] 
2014-07-08T19:26:17.933+0000: 2262.063: [GC [PSYoungGen: 153489K->1961K(150400K)] 442052K->290908K(837376K), 0.0146790 secs] [Times: user=0.06 sys=0.00, real=0.01 secs] 
2014-07-08T19:26:19.870+0000: 2264.000: [GC [PSYoungGen: 150333K->2092K(147840K)] 439280K->291095K(834816K), 0.0132490 secs] [Times: user=0.05 sys=0.00, real=0.02 secs] 
2014-07-08T19:26:22.002+0000: 2266.133: [GC [PSYoungGen: 147820K->1456K(144576K)] 436823K->290723K(831552K), 0.0191800 secs] [Times: user=0.07 sys=0.00, real=0.02 secs] 
2014-07-08T19:26:24.115+0000: 2268.245: [GC [PSYoungGen: 144522K->2046K(142656K)] 433789K->291417K(829632K), 0.0134340 secs] [Times: user=0.04 sys=0.00, real=0.01 secs] 
2014-07-08T19:26:26.148+0000: 2270.278: [GC [PSYoungGen: 142654K->1837K(140032K)] 432025K->291303K(827008K), 0.0137350 secs] [Times: user=0.05 sys=0.00, real=0.01 secs] 
2014-07-08T19:26:28.039+0000: 2272.170: [GC [PSYoungGen: 140004K->1872K(137728K)] 429470K->291411K(824704K), 0.0185610 secs] [Times: user=0.06 sys=0.00, real=0.02 secs] 
2014-07-08T19:26:29.977+0000: 2274.107: [GC [PSYoungGen: 137680K->1523K(135040K)] 427219K->291475K(822016K), 0.0187490 secs] [Times: user=0.07 sys=0.00, real=0.02 secs] 
2014-07-08T19:26:31.961+0000: 2276.091: [GC [PSYoungGen: 134989K->1844K(133120K)] 424942K->291893K(820096K), 0.0225520 secs] [Times: user=0.08 sys=0.00, real=0.02 secs] 
2014-07-08T19:26:33.925+0000: 2278.055: [GC [PSYoungGen: 133071K->1766K(130880K)] 423120K->291967K(817856K), 0.0189940 secs] [Times: user=0.05 sys=0.01, real=0.01 secs] 
2014-07-08T19:26:35.570+0000: 2279.701: [GC [PSYoungGen: 130847K->1933K(156928K)] 421048K->292254K(843904K), 0.0283120 secs] [Times: user=0.10 sys=0.00, real=0.03 secs] 
2014-07-08T19:26:37.575+0000: 2281.705: [GC [PSYoungGen: 156876K->1274K(187264K)] 447196K->292205K(874240K), 0.0210610 secs] [Times: user=0.07 sys=0.00, real=0.02 secs] 
2014-07-08T19:26:40.105+0000: 2284.235: [GC [PSYoungGen: 187258K->1869K(184064K)] 478189K->292928K(871040K), 0.0056450 secs] [Times: user=0.01 sys=0.01, real=0.01 secs] 
2014-07-08T19:26:42.967+0000: 2287.097: [GC [PSYoungGen: 184013K->1702K(180160K)] 475072K->292939K(867136K), 0.0166000 secs] [Times: user=0.05 sys=0.00, real=0.01 secs] 
2014-07-08T19:26:45.382+0000: 2289.513: [GC [PSYoungGen: 180088K->1734K(176576K)] 471325K->293213K(863552K), 0.0295980 secs] [Times: user=0.12 sys=0.00, real=0.03 secs] 
2014-07-08T19:26:47.920+0000: 2292.050: [GC [PSYoungGen: 176430K->1277K(172544K)] 467910K->293377K(859520K), 0.0191450 secs] [Times: user=0.07 sys=0.00, real=0.02 secs] 
2014-07-08T19:26:50.019+0000: 2294.150: [GC [PSYoungGen: 172541K->2060K(169984K)] 464641K->294232K(856960K), 0.0051490 secs] [Times: user=0.01 sys=0.00, real=0.00 secs] 
2014-07-08T19:26:52.121+0000: 2296.252: [GC [PSYoungGen: 169919K->1274K(165888K)] 462090K->293852K(852864K), 0.0240900 secs] [Times: user=0.09 sys=0.00, real=0.02 secs] 
2014-07-08T19:26:54.226+0000: 2298.356: [GC [PSYoungGen: 165882K->2206K(163648K)] 458460K->294946K(850624K), 0.0207380 secs] [Times: user=0.07 sys=0.00, real=0.02 secs] 
2014-07-08T19:26:56.426+0000: 2300.557: [GC [PSYoungGen: 163568K->1268K(159616K)] 456307K->294361K(846592K), 0.0307430 secs] [Times: user=0.11 sys=0.00, real=0.03 secs] 
2014-07-08T19:26:58.528+0000: 2302.659: [GC [PSYoungGen: 159602K->2235K(192256K)] 452696K->295416K(879232K), 0.0272730 secs] [Times: user=0.11 sys=0.00, real=0.03 secs] 
2014-07-08T19:27:00.788+0000: 2304.918: [GC [PSYoungGen: 192251K->1386K(229440K)] 485432K->295280K(916416K), 0.0263760 secs] [Times: user=0.10 sys=0.00, real=0.03 secs] 
2014-07-08T19:27:03.931+0000: 2308.061: [GC [PSYoungGen: 229418K->2224K(275904K)] 523312K->296288K(962880K), 0.0349350 secs] [Times: user=0.13 sys=0.00, real=0.03 secs] 
2014-07-08T19:27:07.360+0000: 2311.491: [GC [PSYoungGen: 275888K->1406K(268032K)] 569952K->296016K(955008K), 0.0157120 secs] [Times: user=0.06 sys=0.00, real=0.01 secs] 
2014-07-08T19:27:10.898+0000: 2315.028: [GC [PSYoungGen: 268030K->2138K(262080K)] 562640K->296944K(949056K), 0.0103580 secs] [Times: user=0.04 sys=0.00, real=0.01 secs] 
2014-07-08T19:27:14.090+0000: 2318.220: [GC [PSYoungGen: 262042K->1470K(254912K)] 556848K->296684K(941888K), 0.0047640 secs] [Times: user=0.01 sys=0.00, real=0.01 secs] 
2014-07-08T19:27:17.314+0000: 2321.445: [GC [PSYoungGen: 254864K->2000K(249216K)] 550078K->297384K(936192K), 0.0233530 secs] [Times: user=0.09 sys=0.00, real=0.02 secs] 
2014-07-08T19:27:20.560+0000: 2324.690: [GC [PSYoungGen: 249168K->1526K(242688K)] 544552K->297268K(929664K), 0.0374440 secs] [Times: user=0.14 sys=0.00, real=0.04 secs] 
2014-07-08T19:27:24.044+0000: 2328.174: [GC [PSYoungGen: 242664K->2362K(237696K)] 538406K->298232K(924672K), 0.0400300 secs] [Times: user=0.15 sys=0.00, real=0.04 secs] 
2014-07-08T19:27:26.930+0000: 2331.060: [GC [PSYoungGen: 237685K->1014K(230784K)] 533555K->297650K(917760K), 0.0115200 secs] [Times: user=0.04 sys=0.00, real=0.01 secs] 
2014-07-08T19:27:30.154+0000: 2334.284: [GC [PSYoungGen: 230774K->2467K(226880K)] 527410K->299207K(913856K), 0.0442550 secs] [Times: user=0.16 sys=0.01, real=0.04 secs] 
2014-07-08T19:27:32.942+0000: 2337.073: [GC [PSYoungGen: 226851K->1520K(220736K)] 523591K->298939K(907712K), 0.0113940 secs] [Times: user=0.04 sys=0.00, real=0.02 secs] 
2014-07-08T19:27:35.779+0000: 2339.909: [GC [PSYoungGen: 220720K->1968K(216192K)] 518139K->299491K(903168K), 0.0163960 secs] [Times: user=0.06 sys=0.00, real=0.02 secs] 
2014-07-08T19:27:38.948+0000: 2343.078: [GC [PSYoungGen: 216154K->1914K(211328K)] 513676K->299653K(898304K), 0.0299060 secs] [Times: user=0.10 sys=0.00, real=0.03 secs] 
2014-07-08T19:27:41.224+0000: 2345.355: [GC [PSYoungGen: 211322K->2000K(206784K)] 509061K->299835K(893760K), 0.0302530 secs] [Times: user=0.11 sys=0.00, real=0.03 secs] 
2014-07-08T19:27:44.072+0000: 2348.202: [GC [PSYoungGen: 206702K->1330K(201600K)] 504537K->299761K(888576K), 0.0264930 secs] [Times: user=0.09 sys=0.00, real=0.03 secs] 
2014-07-08T19:27:46.877+0000: 2351.007: [GC [PSYoungGen: 201586K->1852K(197760K)] 500017K->300387K(884736K), 0.0234590 secs] [Times: user=0.08 sys=0.00, real=0.02 secs] 
2014-07-08T19:27:49.132+0000: 2353.263: [GC [PSYoungGen: 197756K->1953K(193664K)] 496291K->300940K(880640K), 0.0080490 secs] [Times: user=0.02 sys=0.00, real=0.01 secs] 
2014-07-08T19:27:51.924+0000: 2356.055: [GC [PSYoungGen: 193633K->1808K(189504K)] 492620K->300859K(876480K), 0.0196790 secs] [Times: user=0.08 sys=0.00, real=0.02 secs] 
2014-07-08T19:27:54.659+0000: 2358.789: [GC [PSYoungGen: 189455K->1444K(185216K)] 488506K->300991K(872192K), 0.0283200 secs] [Times: user=0.11 sys=0.01, real=0.02 secs] 
2014-07-08T19:27:57.249+0000: 2361.379: [GC [PSYoungGen: 185188K->1868K(181888K)] 484735K->301511K(868864K), 0.0149070 secs] [Times: user=0.06 sys=0.00, real=0.01 secs] 
2014-07-08T19:27:59.742+0000: 2363.872: [GC [PSYoungGen: 181836K->1780K(178112K)] 481479K->301503K(865088K), 0.0282140 secs] [Times: user=0.11 sys=0.00, real=0.03 secs] 
2014-07-08T19:28:02.031+0000: 2366.161: [GC [PSYoungGen: 178085K->1602K(174464K)] 477808K->301389K(861440K), 0.0164130 secs] [Times: user=0.06 sys=0.00, real=0.01 secs] 
2014-07-08T19:28:04.239+0000: 2368.369: [GC [PSYoungGen: 174393K->1698K(171072K)] 474180K->301677K(858048K), 0.0235940 secs] [Times: user=0.08 sys=0.00, real=0.03 secs] 
2014-07-08T19:28:06.961+0000: 2371.092: [GC [PSYoungGen: 171042K->1904K(167936K)] 471021K->301979K(854912K), 0.0165350 secs] [Times: user=0.06 sys=0.00, real=0.01 secs] 
2014-07-08T19:28:09.072+0000: 2373.202: [GC [PSYoungGen: 167920K->1386K(164224K)] 467995K->301693K(851200K), 0.0150320 secs] [Times: user=0.05 sys=0.00, real=0.01 secs] 
2014-07-08T19:28:11.317+0000: 2375.448: [GC [PSYoungGen: 164187K->2082K(161792K)] 464494K->302445K(848768K), 0.0220230 secs] [Times: user=0.08 sys=0.01, real=0.02 secs] 
2014-07-08T19:28:13.634+0000: 2377.764: [GC [PSYoungGen: 161762K->1512K(158208K)] 462125K->302279K(845184K), 0.0199570 secs] [Times: user=0.07 sys=0.00, real=0.02 secs] 
2014-07-08T19:28:15.685+0000: 2379.815: [GC [PSYoungGen: 158184K->1840K(155584K)] 458951K->302703K(842560K), 0.0155600 secs] [Times: user=0.05 sys=0.00, real=0.01 secs] 
2014-07-08T19:28:18.030+0000: 2382.160: [GC [PSYoungGen: 155567K->1520K(152448K)] 456430K->302639K(839424K), 0.0115910 secs] [Times: user=0.04 sys=0.00, real=0.02 secs] 
2014-07-08T19:28:20.053+0000: 2384.183: [GC [PSYoungGen: 152408K->1748K(149952K)] 453527K->302939K(836928K), 0.0126620 secs] [Times: user=0.04 sys=0.00, real=0.01 secs] 
2014-07-08T19:28:21.999+0000: 2386.129: [GC [PSYoungGen: 149896K->1449K(146944K)] 451087K->303178K(833920K), 0.0067950 secs] [Times: user=0.02 sys=0.00, real=0.01 secs] 
2014-07-08T19:28:24.047+0000: 2388.177: [GC [PSYoungGen: 146921K->2156K(145024K)] 448650K->303989K(832000K), 0.0231150 secs] [Times: user=0.09 sys=0.00, real=0.02 secs] 
2014-07-08T19:28:25.990+0000: 2390.121: [GC [PSYoungGen: 145004K->1136K(141504K)] 446837K->303357K(828480K), 0.0136970 secs] [Times: user=0.03 sys=0.00, real=0.02 secs] 
2014-07-08T19:28:27.923+0000: 2392.053: [GC [PSYoungGen: 141447K->1922K(139904K)] 443669K->304199K(826880K), 0.0052790 secs] [Times: user=0.02 sys=0.00, real=0.00 secs] 
2014-07-08T19:28:29.776+0000: 2393.906: [GC [PSYoungGen: 139842K->1776K(137344K)] 442119K->304183K(824320K), 0.0224500 secs] [Times: user=0.08 sys=0.00, real=0.02 secs] 
2014-07-08T19:28:31.920+0000: 2396.051: [GC [PSYoungGen: 137328K->1805K(135104K)] 439735K->304268K(822080K), 0.0206640 secs] [Times: user=0.07 sys=0.00, real=0.02 secs] 
2014-07-08T19:28:33.595+0000: 2397.726: [GC [PSYoungGen: 135051K->1120K(132160K)] 437514K->304512K(819136K), 0.0265160 secs] [Times: user=0.10 sys=0.00, real=0.02 secs] 
2014-07-08T19:28:35.058+0000: 2399.188: [GC [PSYoungGen: 132105K->2044K(130880K)] 435497K->305558K(817856K), 0.0146510 secs] [Times: user=0.05 sys=0.00, real=0.01 secs] 
2014-07-08T19:28:36.979+0000: 2401.109: [GC [PSYoungGen: 130876K->1570K(128320K)] 434389K->305576K(815296K), 0.0164470 secs] [Times: user=0.06 sys=0.00, real=0.02 secs] 
2014-07-08T19:28:38.923+0000: 2403.053: [GC [PSYoungGen: 128289K->2142K(154240K)] 432295K->306278K(841216K), 0.0259280 secs] [Times: user=0.09 sys=0.00, real=0.03 secs] 
2014-07-08T19:28:40.936+0000: 2405.066: [GC [PSYoungGen: 154189K->993K(183552K)] 458325K->305839K(870528K), 0.0220760 secs] [Times: user=0.08 sys=0.00, real=0.02 secs] 
2014-07-08T19:28:43.144+0000: 2407.275: [GC [PSYoungGen: 183498K->2371K(181184K)] 488344K->307314K(868160K), 0.0130100 secs] [Times: user=0.05 sys=0.00, real=0.02 secs] 
2014-07-08T19:28:45.677+0000: 2409.808: [GC [PSYoungGen: 181101K->1456K(176576K)] 486044K->306995K(863552K), 0.0154670 secs] [Times: user=0.05 sys=0.00, real=0.01 secs] 
2014-07-08T19:28:48.010+0000: 2412.141: [GC [PSYoungGen: 176560K->1648K(173248K)] 482099K->307259K(860224K), 0.0050790 secs] [Times: user=0.02 sys=0.00, real=0.00 secs] 
2014-07-08T19:28:50.193+0000: 2414.323: [GC [PSYoungGen: 173232K->1904K(170112K)] 478843K->307595K(857088K), 0.0176560 secs] [Times: user=0.06 sys=0.00, real=0.02 secs] 
2014-07-08T19:28:52.707+0000: 2416.837: [GC [PSYoungGen: 170096K->2409K(167360K)] 475787K->308203K(854336K), 0.0096400 secs] [Times: user=0.04 sys=0.00, real=0.01 secs] 
2014-07-08T19:28:54.728+0000: 2418.858: [GC [PSYoungGen: 167303K->672K(162432K)] 473098K->307403K(849408K), 0.0056690 secs] [Times: user=0.01 sys=0.00, real=0.00 secs] 
2014-07-08T19:28:56.672+0000: 2420.802: [GC [PSYoungGen: 162373K->2556K(161216K)] 469104K->309385K(848192K), 0.0225680 secs] [Times: user=0.08 sys=0.00, real=0.02 secs] 
2014-07-08T19:28:58.163+0000: 2422.294: [GC [PSYoungGen: 161212K->1776K(157440K)] 468041K->309065K(844416K), 0.0132540 secs] [Times: user=0.05 sys=0.00, real=0.01 secs] 
2014-07-08T19:28:59.846+0000: 2423.976: [GC [PSYoungGen: 157408K->1776K(154560K)] 464697K->309113K(841536K), 0.0134760 secs] [Times: user=0.04 sys=0.00, real=0.02 secs] 
2014-07-08T19:29:01.745+0000: 2425.875: [GC [PSYoungGen: 154544K->1836K(151808K)] 461881K->309261K(838784K), 0.0136780 secs] [Times: user=0.05 sys=0.00, real=0.02 secs] 
2014-07-08T19:29:03.581+0000: 2427.711: [GC [PSYoungGen: 151788K->2281K(182272K)] 459213K->309818K(869248K), 0.0366140 secs] [Times: user=0.11 sys=0.00, real=0.03 secs] 
2014-07-08T19:29:05.801+0000: 2429.931: [GC [PSYoungGen: 182249K->1139K(177472K)] 489786K->309102K(864448K), 0.0140520 secs] [Times: user=0.05 sys=0.00, real=0.01 secs] 
2014-07-08T19:29:07.976+0000: 2432.106: [GC [PSYoungGen: 177459K->2217K(175040K)] 485422K->310236K(862016K), 0.0226590 secs] [Times: user=0.08 sys=0.00, real=0.02 secs] 
2014-07-08T19:29:10.348+0000: 2434.479: [GC [PSYoungGen: 175003K->2032K(171392K)] 483022K->310139K(858368K), 0.0128570 secs] [Times: user=0.05 sys=0.00, real=0.02 secs] 
2014-07-08T19:29:12.471+0000: 2436.602: [GC [PSYoungGen: 171376K->2028K(168064K)] 479483K->310256K(855040K), 0.0240760 secs] [Times: user=0.08 sys=0.01, real=0.02 secs] 
2014-07-08T19:29:14.446+0000: 2438.576: [GC [PSYoungGen: 168044K->1317K(164160K)] 476272K->310056K(851136K), 0.0157680 secs] [Times: user=0.05 sys=0.00, real=0.02 secs] 
2014-07-08T19:29:15.950+0000: 2440.080: [GC [PSYoungGen: 164131K->1819K(161536K)] 472870K->310622K(848512K), 0.0090400 secs] [Times: user=0.03 sys=0.00, real=0.01 secs] 
2014-07-08T19:29:17.881+0000: 2442.011: [GC [PSYoungGen: 161492K->1986K(158720K)] 470295K->310949K(845696K), 0.0183490 secs] [Times: user=0.07 sys=0.00, real=0.01 secs] 
2014-07-08T19:29:19.120+0000: 2443.250: [GC [PSYoungGen: 158657K->2089K(190144K)] 467620K->311140K(877120K), 0.0224980 secs] [Times: user=0.08 sys=0.00, real=0.02 secs] 
2014-07-08T19:29:20.915+0000: 2445.046: [GC [PSYoungGen: 190084K->886K(226560K)] 499135K->310691K(913536K), 0.0166050 secs] [Times: user=0.06 sys=0.00, real=0.02 secs] 
2014-07-08T19:29:23.540+0000: 2447.671: [GC [PSYoungGen: 226550K->2467K(222912K)] 536355K->312376K(909888K), 0.0159500 secs] [Times: user=0.05 sys=0.01, real=0.02 secs] 
2014-07-08T19:29:25.981+0000: 2450.111: [GC [PSYoungGen: 222883K->1645K(217024K)] 532792K->312172K(904000K), 0.0280830 secs] [Times: user=0.10 sys=0.00, real=0.03 secs] 
2014-07-08T19:29:28.617+0000: 2452.747: [GC [PSYoungGen: 216995K->2171K(260608K)] 527523K->312786K(947584K), 0.0311490 secs] [Times: user=0.12 sys=0.00, real=0.03 secs] 
2014-07-08T19:29:31.857+0000: 2455.987: [GC [PSYoungGen: 260603K->1712K(253696K)] 571218K->312471K(940672K), 0.0184430 secs] [Times: user=0.07 sys=0.00, real=0.02 secs] 
2014-07-08T19:29:34.779+0000: 2458.910: [GC [PSYoungGen: 253680K->2413K(248192K)] 564439K->313324K(935168K), 0.0129850 secs] [Times: user=0.04 sys=0.01, real=0.01 secs] 
2014-07-08T19:29:37.695+0000: 2461.825: [GC [PSYoungGen: 248159K->1268K(241088K)] 559070K->312491K(928064K), 0.0224250 secs] [Times: user=0.09 sys=0.00, real=0.02 secs] 
2014-07-08T19:29:40.778+0000: 2464.909: [GC [PSYoungGen: 241076K->2060K(236160K)] 552299K->313356K(923136K), 0.0189120 secs] [Times: user=0.08 sys=0.00, real=0.02 secs] 
2014-07-08T19:29:43.750+0000: 2467.880: [GC [PSYoungGen: 236108K->1460K(229952K)] 547404K->312875K(916928K), 0.0334230 secs] [Times: user=0.12 sys=0.00, real=0.03 secs] 
2014-07-08T19:29:46.324+0000: 2470.454: [GC [PSYoungGen: 229923K->2395K(225600K)] 541339K->313923K(912576K), 0.0188220 secs] [Times: user=0.06 sys=0.00, real=0.02 secs] 
2014-07-08T19:29:49.073+0000: 2473.203: [GC [PSYoungGen: 225539K->1644K(219712K)] 537067K->313428K(906688K), 0.0256960 secs] [Times: user=0.09 sys=0.00, real=0.03 secs] 
2014-07-08T19:29:51.693+0000: 2475.823: [GC [PSYoungGen: 219692K->1808K(214912K)] 531476K->313671K(901888K), 0.0308110 secs] [Times: user=0.11 sys=0.00, real=0.03 secs] 
2014-07-08T19:29:54.031+0000: 2478.162: [GC [PSYoungGen: 214864K->1968K(210240K)] 526727K->313976K(897216K), 0.0262170 secs] [Times: user=0.09 sys=0.00, real=0.03 secs] 
2014-07-08T19:29:56.754+0000: 2480.884: [GC [PSYoungGen: 210139K->2047K(205696K)] 522147K->314126K(892672K), 0.0055620 secs] [Times: user=0.01 sys=0.00, real=0.01 secs] 
2014-07-08T19:29:59.017+0000: 2483.148: [GC [PSYoungGen: 205693K->1392K(200576K)] 517772K->313696K(887552K), 0.0191970 secs] [Times: user=0.07 sys=0.00, real=0.01 secs] 
2014-07-08T19:30:01.774+0000: 2485.904: [GC [PSYoungGen: 200523K->2143K(197056K)] 512826K->314502K(884032K), 0.0247720 secs] [Times: user=0.08 sys=0.00, real=0.03 secs] 
2014-07-08T19:30:03.872+0000: 2488.003: [GC [PSYoungGen: 197023K->1719K(192448K)] 509382K->314424K(879424K), 0.0223890 secs] [Times: user=0.07 sys=0.01, real=0.02 secs] 
2014-07-08T19:30:05.968+0000: 2490.098: [GC [PSYoungGen: 192439K->2213K(188928K)] 505144K->315006K(875904K), 0.0113410 secs] [Times: user=0.04 sys=0.00, real=0.02 secs] 
2014-07-08T19:30:08.420+0000: 2492.550: [GC [PSYoungGen: 188901K->1330K(184128K)] 501694K->314622K(871104K), 0.0214430 secs] [Times: user=0.08 sys=0.00, real=0.02 secs] 
2014-07-08T19:30:11.029+0000: 2495.159: [GC [PSYoungGen: 184082K->2313K(181376K)] 497373K->315676K(868352K), 0.0051860 secs] [Times: user=0.02 sys=0.00, real=0.00 secs] 
2014-07-08T19:30:12.999+0000: 2497.129: [GC [PSYoungGen: 181305K->1584K(176960K)] 494669K->315252K(863936K), 0.0271980 secs] [Times: user=0.10 sys=0.00, real=0.03 secs] 
2014-07-08T19:30:14.975+0000: 2499.105: [GC [PSYoungGen: 176943K->1712K(173568K)] 490610K->315468K(860544K), 0.0163740 secs] [Times: user=0.06 sys=0.00, real=0.02 secs] 
2014-07-08T19:30:17.035+0000: 2501.166: [GC [PSYoungGen: 173552K->1854K(170304K)] 487308K->315763K(857280K), 0.0222580 secs] [Times: user=0.08 sys=0.00, real=0.02 secs] 
2014-07-08T19:30:19.164+0000: 2503.294: [GC [PSYoungGen: 170297K->2463K(167616K)] 484206K->316445K(854592K), 0.0124560 secs] [Times: user=0.04 sys=0.00, real=0.01 secs] 
2014-07-08T19:30:21.036+0000: 2505.166: [GC [PSYoungGen: 167583K->800K(162752K)] 481565K->316236K(849728K), 0.0258670 secs] [Times: user=0.10 sys=0.00, real=0.03 secs] 
2014-07-08T19:30:22.998+0000: 2507.128: [GC [PSYoungGen: 162720K->2545K(161408K)] 478156K->318069K(848384K), 0.0202070 secs] [Times: user=0.08 sys=0.00, real=0.02 secs] 
2014-07-08T19:30:24.878+0000: 2509.008: [GC [PSYoungGen: 161392K->1964K(157824K)] 476917K->317873K(844800K), 0.0104620 secs] [Times: user=0.04 sys=0.00, real=0.01 secs] 
2014-07-08T19:30:27.088+0000: 2511.219: [GC [PSYoungGen: 157782K->1620K(154624K)] 473690K->317600K(841600K), 0.0138030 secs] [Times: user=0.03 sys=0.00, real=0.02 secs] 
2014-07-08T19:30:29.128+0000: 2513.258: [GC [PSYoungGen: 154540K->1748K(151936K)] 470520K->317784K(838912K), 0.0071570 secs] [Times: user=0.03 sys=0.00, real=0.01 secs] 
2014-07-08T19:30:30.927+0000: 2515.057: [GC [PSYoungGen: 151892K->2281K(149696K)] 467928K->318357K(836672K), 0.0294230 secs] [Times: user=0.10 sys=0.00, real=0.03 secs] 
2014-07-08T19:30:33.035+0000: 2517.165: [GC [PSYoungGen: 149673K->1451K(178368K)] 465749K->318093K(865344K), 0.0335840 secs] [Times: user=0.12 sys=0.00, real=0.03 secs] 
2014-07-08T19:30:35.248+0000: 2519.378: [GC [PSYoungGen: 178347K->1588K(174912K)] 494989K->318309K(861888K), 0.0137560 secs] [Times: user=0.05 sys=0.00, real=0.01 secs] 
2014-07-08T19:30:37.970+0000: 2522.100: [GC [PSYoungGen: 174896K->1560K(171456K)] 491618K->318369K(858432K), 0.0179800 secs] [Times: user=0.06 sys=0.00, real=0.02 secs] 
2014-07-08T19:30:40.090+0000: 2524.220: [GC [PSYoungGen: 171371K->1804K(168384K)] 488181K->318670K(855360K), 0.0136660 secs] [Times: user=0.04 sys=0.01, real=0.02 secs] 
2014-07-08T19:30:42.158+0000: 2526.288: [GC [PSYoungGen: 168332K->1925K(165248K)] 485198K->318863K(852224K), 0.0089310 secs] [Times: user=0.03 sys=0.00, real=0.01 secs] 
2014-07-08T19:30:44.264+0000: 2528.395: [GC [PSYoungGen: 165175K->1684K(161856K)] 482112K->318773K(848832K), 0.0264140 secs] [Times: user=0.10 sys=0.00, real=0.02 secs] 
2014-07-08T19:30:46.374+0000: 2530.505: [GC [PSYoungGen: 161812K->1580K(158720K)] 478901K->318918K(845696K), 0.0194100 secs] [Times: user=0.07 sys=0.00, real=0.02 secs] 
2014-07-08T19:30:48.368+0000: 2532.498: [GC [PSYoungGen: 158666K->2196K(156416K)] 476004K->319597K(843392K), 0.0260570 secs] [Times: user=0.10 sys=0.00, real=0.03 secs] 
2014-07-08T19:30:50.494+0000: 2534.624: [GC [PSYoungGen: 156347K->1316K(186368K)] 473748K->319264K(873344K), 0.0273390 secs] [Times: user=0.10 sys=0.00, real=0.03 secs] 
2014-07-08T19:30:52.981+0000: 2537.111: [GC [PSYoungGen: 186340K->2405K(183616K)] 504288K->320449K(870592K), 0.0067300 secs] [Times: user=0.02 sys=0.00, real=0.01 secs] 
2014-07-08T19:30:55.811+0000: 2539.941: [GC [PSYoungGen: 183491K->1397K(178880K)] 501534K->320293K(865856K), 0.0298340 secs] [Times: user=0.11 sys=0.00, real=0.03 secs] 
2014-07-08T19:30:58.191+0000: 2542.321: [GC [PSYoungGen: 178826K->2015K(175936K)] 497722K->320983K(862912K), 0.0156720 secs] [Times: user=0.05 sys=0.00, real=0.02 secs] 
2014-07-08T19:31:00.593+0000: 2544.723: [GC [PSYoungGen: 175896K->1972K(172416K)] 494864K->321268K(859392K), 0.0225210 secs] [Times: user=0.08 sys=0.00, real=0.02 secs] 
2014-07-08T19:31:03.033+0000: 2547.163: [GC [PSYoungGen: 172404K->1932K(169024K)] 491700K->321364K(856000K), 0.0114820 secs] [Times: user=0.04 sys=0.01, real=0.01 secs] 
2014-07-08T19:31:05.263+0000: 2549.393: [GC [PSYoungGen: 168972K->1205K(164992K)] 488404K->321401K(851968K), 0.0162660 secs] [Times: user=0.06 sys=0.00, real=0.02 secs] 
2014-07-08T19:31:07.404+0000: 2551.534: [GC [PSYoungGen: 164947K->2292K(162944K)] 485142K->322567K(849920K), 0.0370800 secs] [Times: user=0.14 sys=0.00, real=0.04 secs] 
2014-07-08T19:31:09.617+0000: 2553.748: [GC [PSYoungGen: 162932K->1524K(194304K)] 483207K->322356K(881280K), 0.0323490 secs] [Times: user=0.12 sys=0.00, real=0.03 secs] 
2014-07-08T19:31:12.370+0000: 2556.501: [GC [PSYoungGen: 194276K->1876K(190592K)] 515109K->322788K(877568K), 0.0095680 secs] [Times: user=0.03 sys=0.00, real=0.01 secs] 
2014-07-08T19:31:15.245+0000: 2559.375: [GC [PSYoungGen: 190528K->1588K(186304K)] 511440K->322716K(873280K), 0.0170360 secs] [Times: user=0.06 sys=0.00, real=0.02 secs] 
2014-07-08T19:31:17.707+0000: 2561.837: [GC [PSYoungGen: 186291K->2249K(183168K)] 507420K->323481K(870144K), 0.0167480 secs] [Times: user=0.06 sys=0.01, real=0.02 secs] 
2014-07-08T19:31:20.172+0000: 2564.302: [GC [PSYoungGen: 183113K->1120K(178304K)] 504345K->323217K(865280K), 0.0120280 secs] [Times: user=0.04 sys=0.00, real=0.01 secs] 
2014-07-08T19:31:22.768+0000: 2566.898: [GC [PSYoungGen: 178271K->2044K(175616K)] 500368K->324213K(862592K), 0.0307160 secs] [Times: user=0.10 sys=0.00, real=0.03 secs] 
2014-07-08T19:31:25.093+0000: 2569.223: [GC [PSYoungGen: 175612K->1829K(171968K)] 497781K->324546K(858944K), 0.0196740 secs] [Times: user=0.07 sys=0.00, real=0.02 secs] 
2014-07-08T19:31:27.155+0000: 2571.286: [GC [PSYoungGen: 171897K->1954K(168768K)] 494614K->324751K(855744K), 0.0193390 secs] [Times: user=0.07 sys=0.00, real=0.02 secs] 
2014-07-08T19:31:29.400+0000: 2573.530: [GC [PSYoungGen: 168738K->1342K(164864K)] 491535K->324365K(851840K), 0.0274730 secs] [Times: user=0.10 sys=0.00, real=0.02 secs] 
2014-07-08T19:31:31.595+0000: 2575.725: [GC [PSYoungGen: 164861K->2533K(162944K)] 487884K->325620K(849920K), 0.0222920 secs] [Times: user=0.07 sys=0.00, real=0.02 secs] 
2014-07-08T19:31:33.943+0000: 2578.074: [GC [PSYoungGen: 162917K->1248K(158592K)] 486004K->324915K(845568K), 0.0067350 secs] [Times: user=0.02 sys=0.00, real=0.00 secs] 
2014-07-08T19:31:36.318+0000: 2580.448: [GC [PSYoungGen: 158560K->2206K(156608K)] 482227K->325953K(843584K), 0.0196320 secs] [Times: user=0.07 sys=0.00, real=0.02 secs] 
2014-07-08T19:31:38.241+0000: 2582.371: [GC [PSYoungGen: 156574K->1901K(153408K)] 480321K->325794K(840384K), 0.0222520 secs] [Times: user=0.07 sys=0.00, real=0.03 secs] 
2014-07-08T19:31:40.879+0000: 2585.010: [GC [PSYoungGen: 153389K->2000K(150784K)] 477282K->325949K(837760K), 0.0229540 secs] [Times: user=0.07 sys=0.00, real=0.03 secs] 
2014-07-08T19:31:42.729+0000: 2586.860: [GC [PSYoungGen: 150736K->1338K(147392K)] 474685K->325685K(834368K), 0.0206580 secs] [Times: user=0.08 sys=0.00, real=0.02 secs] 
2014-07-08T19:31:44.639+0000: 2588.769: [GC [PSYoungGen: 147386K->2313K(145792K)] 471733K->326764K(832768K), 0.0221600 secs] [Times: user=0.09 sys=0.00, real=0.02 secs] 
2014-07-08T19:31:46.310+0000: 2590.440: [GC [PSYoungGen: 145728K->1456K(173632K)] 470179K->326179K(860608K), 0.0400260 secs] [Times: user=0.15 sys=0.00, real=0.04 secs] 
2014-07-08T19:31:49.054+0000: 2593.184: [GC [PSYoungGen: 173616K->1968K(208576K)] 498339K->326739K(895552K), 0.0304630 secs] [Times: user=0.11 sys=0.00, real=0.03 secs] 
2014-07-08T19:31:51.780+0000: 2595.910: [GC [PSYoungGen: 208560K->1840K(249792K)] 533331K->326723K(936768K), 0.0281910 secs] [Times: user=0.10 sys=0.00, real=0.03 secs] 
2014-07-08T19:31:55.176+0000: 2599.307: [GC [PSYoungGen: 249776K->1748K(299328K)] 574659K->326751K(986304K), 0.0225540 secs] [Times: user=0.08 sys=0.00, real=0.02 secs] 
2014-07-08T19:31:59.355+0000: 2603.485: [GC [PSYoungGen: 299284K->1524K(291136K)] 624287K->326775K(978112K), 0.0219410 secs] [Times: user=0.09 sys=0.00, real=0.03 secs] 
2014-07-08T19:32:03.446+0000: 2607.576: [GC [PSYoungGen: 291093K->2359K(284352K)] 616344K->327698K(971328K), 0.0249910 secs] [Times: user=0.10 sys=0.00, real=0.02 secs] 
2014-07-08T19:32:07.514+0000: 2611.645: [GC [PSYoungGen: 284338K->1128K(275776K)] 609677K->327205K(962752K), 0.0334230 secs] [Times: user=0.13 sys=0.00, real=0.04 secs] 
2014-07-08T19:32:11.373+0000: 2615.503: [GC [PSYoungGen: 275697K->2257K(269888K)] 601774K->328415K(956864K), 0.0151980 secs] [Times: user=0.04 sys=0.00, real=0.02 secs] 
2014-07-08T19:32:15.409+0000: 2619.540: [GC [PSYoungGen: 269841K->1698K(262528K)] 595999K->328474K(949504K), 0.0197840 secs] [Times: user=0.06 sys=0.01, real=0.02 secs] 
2014-07-08T19:32:19.272+0000: 2623.402: [GC [PSYoungGen: 262480K->1716K(256000K)] 589256K->328611K(942976K), 0.0127920 secs] [Times: user=0.05 sys=0.00, real=0.01 secs] 
2014-07-08T19:32:23.025+0000: 2627.156: [GC [PSYoungGen: 255988K->1961K(249984K)] 582883K->329096K(936960K), 0.0395920 secs] [Times: user=0.14 sys=0.01, real=0.04 secs] 
2014-07-08T19:32:26.226+0000: 2630.356: [GC [PSYoungGen: 249961K->2096K(244032K)] 577096K->329400K(931008K), 0.0162800 secs] [Times: user=0.06 sys=0.00, real=0.02 secs] 
2014-07-08T19:32:29.305+0000: 2633.435: [GC [PSYoungGen: 244009K->1319K(237440K)] 571312K->329176K(924416K), 0.0279480 secs] [Times: user=0.10 sys=0.00, real=0.03 secs] 
2014-07-08T19:32:32.204+0000: 2636.334: [GC [PSYoungGen: 237414K->1868K(232384K)] 565271K->329773K(919360K), 0.0147230 secs] [Times: user=0.05 sys=0.00, real=0.01 secs] 
2014-07-08T19:32:35.951+0000: 2640.081: [GC [PSYoungGen: 232332K->1872K(227008K)] 560237K->329961K(913984K), 0.0472040 secs] [Times: user=0.17 sys=0.00, real=0.04 secs] 
2014-07-08T19:32:39.126+0000: 2643.256: [GC [PSYoungGen: 226931K->1773K(221696K)] 555019K->329958K(908672K), 0.0150890 secs] [Times: user=0.06 sys=0.00, real=0.02 secs] 
2014-07-08T19:32:41.862+0000: 2645.993: [GC [PSYoungGen: 221645K->1444K(216320K)] 549830K->330127K(903296K), 0.0252570 secs] [Times: user=0.10 sys=0.01, real=0.02 secs] 
2014-07-08T19:32:44.962+0000: 2649.092: [GC [PSYoungGen: 216283K->1894K(211904K)] 544966K->330720K(898880K), 0.0300760 secs] [Times: user=0.11 sys=0.00, real=0.04 secs] 
2014-07-08T19:32:47.835+0000: 2651.966: [GC [PSYoungGen: 211850K->1652K(206976K)] 540677K->330622K(893952K), 0.0299270 secs] [Times: user=0.12 sys=0.00, real=0.03 secs] 
2014-07-08T19:32:50.871+0000: 2655.001: [GC [PSYoungGen: 206940K->2263K(203072K)] 535911K->331306K(890048K), 0.0275370 secs] [Times: user=0.10 sys=0.01, real=0.03 secs] 
2014-07-08T19:32:53.720+0000: 2657.850: [GC [PSYoungGen: 203031K->940K(197376K)] 532074K->330638K(884352K), 0.0237070 secs] [Times: user=0.08 sys=0.00, real=0.03 secs] 
2014-07-08T19:32:56.369+0000: 2660.499: [GC [PSYoungGen: 197327K->2165K(194368K)] 527026K->331951K(881344K), 0.0268650 secs] [Times: user=0.09 sys=0.00, real=0.03 secs] 
2014-07-08T19:32:59.108+0000: 2663.238: [GC [PSYoungGen: 194356K->1616K(189760K)] 524143K->331707K(876736K), 0.0185480 secs] [Times: user=0.05 sys=0.00, real=0.02 secs] 
2014-07-08T19:33:01.588+0000: 2665.718: [GC [PSYoungGen: 189701K->1844K(227584K)] 519792K->331999K(914560K), 0.0469150 secs] [Times: user=0.18 sys=0.00, real=0.05 secs] 
2014-07-08T19:33:05.051+0000: 2669.182: [GC [PSYoungGen: 227572K->1662K(272576K)] 557727K->332083K(959552K), 0.0369090 secs] [Times: user=0.13 sys=0.00, real=0.04 secs] 
2014-07-08T19:33:08.149+0000: 2672.279: [GC [PSYoungGen: 272574K->2028K(266048K)] 602995K->332585K(953024K), 0.0105420 secs] [Times: user=0.04 sys=0.00, real=0.01 secs] 
2014-07-08T19:33:12.179+0000: 2676.309: [GC [PSYoungGen: 266028K->1206K(258560K)] 596585K->332457K(945536K), 0.0180900 secs] [Times: user=0.06 sys=0.00, real=0.02 secs] 
2014-07-08T19:33:15.586+0000: 2679.716: [GC [PSYoungGen: 258536K->1894K(252864K)] 589788K->333298K(939840K), 0.0269560 secs] [Times: user=0.09 sys=0.01, real=0.03 secs] 
2014-07-08T19:33:19.208+0000: 2683.338: [GC [PSYoungGen: 252804K->1670K(246528K)] 584207K->333169K(933504K), 0.0380870 secs] [Times: user=0.14 sys=0.00, real=0.03 secs] 
2014-07-08T19:33:22.800+0000: 2686.930: [GC [PSYoungGen: 246469K->2185K(241088K)] 577969K->333780K(928064K), 0.0279010 secs] [Times: user=0.10 sys=0.00, real=0.03 secs] 
2014-07-08T19:33:26.128+0000: 2690.259: [GC [PSYoungGen: 241033K->810K(233984K)] 572628K->333676K(920960K), 0.0281910 secs] [Times: user=0.11 sys=0.00, real=0.02 secs] 
2014-07-08T19:33:29.325+0000: 2693.456: [GC [PSYoungGen: 233962K->2332K(230016K)] 566828K->335286K(916992K), 0.0157720 secs] [Times: user=0.05 sys=0.00, real=0.02 secs] 
2014-07-08T19:33:32.461+0000: 2696.591: [GC [PSYoungGen: 229980K->1716K(224064K)] 562934K->335138K(911040K), 0.0208480 secs] [Times: user=0.08 sys=0.00, real=0.02 secs] 
2014-07-08T19:33:35.633+0000: 2699.763: [GC [PSYoungGen: 224052K->1780K(219008K)] 557474K->335378K(905984K), 0.0306330 secs] [Times: user=0.11 sys=0.01, real=0.03 secs] 
2014-07-08T19:33:38.460+0000: 2702.590: [GC [PSYoungGen: 218961K->1634K(213952K)] 552559K->335472K(900928K), 0.0226940 secs] [Times: user=0.09 sys=0.00, real=0.03 secs] 
2014-07-08T19:33:41.189+0000: 2705.319: [GC [PSYoungGen: 213922K->2188K(209792K)] 547760K->336122K(896768K), 0.0411680 secs] [Times: user=0.14 sys=0.01, real=0.05 secs] 
2014-07-08T19:33:43.896+0000: 2708.026: [GC [PSYoungGen: 209727K->993K(203968K)] 543661K->335670K(890944K), 0.0231400 secs] [Times: user=0.09 sys=0.01, real=0.02 secs] 
2014-07-08T19:33:46.407+0000: 2710.538: [GC [PSYoungGen: 203936K->2110K(245696K)] 538613K->336923K(932672K), 0.0310480 secs] [Times: user=0.11 sys=0.00, real=0.03 secs] 
2014-07-08T19:33:49.376+0000: 2713.506: [GC [PSYoungGen: 245694K->1890K(239616K)] 580507K->337125K(926592K), 0.0142830 secs] [Times: user=0.04 sys=0.00, real=0.01 secs] 
2014-07-08T19:33:52.617+0000: 2716.747: [GC [PSYoungGen: 239586K->2032K(234048K)] 574821K->337429K(921024K), 0.0243410 secs] [Times: user=0.09 sys=0.00, real=0.02 secs] 
2014-07-08T19:33:55.791+0000: 2719.921: [GC [PSYoungGen: 234000K->1200K(227776K)] 569398K->337011K(914752K), 0.0307090 secs] [Times: user=0.12 sys=0.00, real=0.03 secs] 
2014-07-08T19:33:58.651+0000: 2722.782: [GC [PSYoungGen: 227719K->2007K(223360K)] 563530K->337914K(910336K), 0.0226330 secs] [Times: user=0.07 sys=0.00, real=0.03 secs] 
2014-07-08T19:34:01.820+0000: 2725.950: [GC [PSYoungGen: 223319K->1915K(218176K)] 559226K->338008K(905152K), 0.0289080 secs] [Times: user=0.11 sys=0.00, real=0.03 secs] 
2014-07-08T19:34:04.455+0000: 2728.585: [GC [PSYoungGen: 218128K->1830K(213184K)] 554221K->338075K(900160K), 0.0223610 secs] [Times: user=0.08 sys=0.00, real=0.02 secs] 
2014-07-08T19:34:07.405+0000: 2731.535: [GC [PSYoungGen: 213140K->1271K(207872K)] 549386K->337998K(894848K), 0.0280200 secs] [Times: user=0.10 sys=0.00, real=0.02 secs] 
2014-07-08T19:34:10.224+0000: 2734.354: [GC [PSYoungGen: 207863K->1680K(203776K)] 544590K->338488K(890752K), 0.0180300 secs] [Times: user=0.07 sys=0.00, real=0.02 secs] 
2014-07-08T19:34:13.300+0000: 2737.430: [GC [PSYoungGen: 203703K->2018K(199680K)] 540511K->338961K(886656K), 0.0196210 secs] [Times: user=0.06 sys=0.00, real=0.02 secs] 
2014-07-08T19:34:16.104+0000: 2740.234: [GC [PSYoungGen: 199650K->2092K(195456K)] 536593K->339172K(882432K), 0.0161530 secs] [Times: user=0.06 sys=0.00, real=0.02 secs] 
2014-07-08T19:34:18.591+0000: 2742.721: [GC [PSYoungGen: 195435K->874K(190144K)] 532514K->338942K(877120K), 0.0167800 secs] [Times: user=0.06 sys=0.01, real=0.02 secs] 
2014-07-08T19:34:21.357+0000: 2745.487: [GC [PSYoungGen: 190096K->2256K(187584K)] 528163K->340388K(874560K), 0.0146330 secs] [Times: user=0.06 sys=0.00, real=0.01 secs] 
2014-07-08T19:34:24.196+0000: 2748.327: [GC [PSYoungGen: 187492K->1844K(183296K)] 525623K->340326K(870272K), 0.0131640 secs] [Times: user=0.05 sys=0.00, real=0.02 secs] 
2014-07-08T19:34:26.406+0000: 2750.537: [GC [PSYoungGen: 183270K->1808K(179584K)] 521752K->340436K(866560K), 0.0202440 secs] [Times: user=0.07 sys=0.00, real=0.02 secs] 
2014-07-08T19:34:28.873+0000: 2753.003: [GC [PSYoungGen: 179498K->1442K(175616K)] 518125K->340402K(862592K), 0.0044830 secs] [Times: user=0.01 sys=0.00, real=0.00 secs] 
2014-07-08T19:34:30.879+0000: 2755.010: [GC [PSYoungGen: 175586K->2000K(172736K)] 514546K->341008K(859712K), 0.0226400 secs] [Times: user=0.08 sys=0.00, real=0.02 secs] 
2014-07-08T19:34:32.771+0000: 2756.901: [GC [PSYoungGen: 172663K->1519K(168832K)] 511671K->341059K(855808K), 0.0187290 secs] [Times: user=0.07 sys=0.00, real=0.02 secs] 
2014-07-08T19:34:34.175+0000: 2758.305: [GC [PSYoungGen: 168762K->2381K(166464K)] 508302K->342009K(853440K), 0.0168130 secs] [Times: user=0.06 sys=0.00, real=0.02 secs] 
2014-07-08T19:34:36.085+0000: 2760.215: [GC [PSYoungGen: 166410K->1085K(161984K)] 506038K->341360K(848960K), 0.0135860 secs] [Times: user=0.04 sys=0.00, real=0.01 secs] 
2014-07-08T19:34:37.969+0000: 2762.099: [GC [PSYoungGen: 161956K->2364K(195456K)] 502231K->342687K(882432K), 0.0307270 secs] [Times: user=0.11 sys=0.00, real=0.03 secs] 
2014-07-08T19:34:39.984+0000: 2764.115: [GC [PSYoungGen: 195452K->1716K(233472K)] 535775K->342341K(920448K), 0.0238940 secs] [Times: user=0.08 sys=0.00, real=0.02 secs] 
2014-07-08T19:34:42.274+0000: 2766.404: [GC [PSYoungGen: 233460K->1748K(228096K)] 574085K->342469K(915072K), 0.0146350 secs] [Times: user=0.05 sys=0.00, real=0.01 secs] 
2014-07-08T19:34:45.140+0000: 2769.270: [GC [PSYoungGen: 228052K->1776K(222848K)] 568773K->342641K(909824K), 0.0316000 secs] [Times: user=0.12 sys=0.00, real=0.04 secs] 
2014-07-08T19:34:48.223+0000: 2772.353: [GC [PSYoungGen: 222831K->1993K(218048K)] 563697K->342946K(905024K), 0.0285060 secs] [Times: user=0.10 sys=0.00, real=0.03 secs] 
2014-07-08T19:34:50.742+0000: 2774.873: [GC [PSYoungGen: 217993K->1330K(260544K)] 558946K->342838K(947520K), 0.0309610 secs] [Times: user=0.11 sys=0.00, real=0.03 secs] 
2014-07-08T19:34:53.510+0000: 2777.640: [GC [PSYoungGen: 260484K->2168K(254912K)] 601991K->343772K(941888K), 0.0248650 secs] [Times: user=0.09 sys=0.00, real=0.03 secs] 
2014-07-08T19:34:56.485+0000: 2780.615: [GC [PSYoungGen: 254855K->1520K(248064K)] 596459K->343598K(935040K), 0.0180390 secs] [Times: user=0.07 sys=0.00, real=0.02 secs] 
2014-07-08T19:34:59.306+0000: 2783.436: [GC [PSYoungGen: 248048K->1932K(242496K)] 590126K->344098K(929472K), 0.0105710 secs] [Times: user=0.04 sys=0.00, real=0.01 secs] 
2014-07-08T19:35:02.075+0000: 2786.205: [GC [PSYoungGen: 242443K->1397K(236160K)] 584609K->344323K(923136K), 0.0140300 secs] [Times: user=0.05 sys=0.00, real=0.01 secs] 
2014-07-08T19:35:05.040+0000: 2789.170: [GC [PSYoungGen: 236127K->2431K(231616K)] 579052K->345508K(918592K), 0.0116170 secs] [Times: user=0.04 sys=0.00, real=0.01 secs] 
2014-07-08T19:35:08.253+0000: 2792.383: [GC [PSYoungGen: 231615K->1070K(224896K)] 574692K->345144K(911872K), 0.0217560 secs] [Times: user=0.07 sys=0.00, real=0.03 secs] 
2014-07-08T19:35:10.605+0000: 2794.735: [GC [PSYoungGen: 224878K->2420K(221056K)] 568952K->346566K(908032K), 0.0307600 secs] [Times: user=0.12 sys=0.00, real=0.03 secs] 
2014-07-08T19:35:13.118+0000: 2797.248: [GC [PSYoungGen: 220971K->1662K(215296K)] 565117K->346394K(902272K), 0.0204970 secs] [Times: user=0.08 sys=0.00, real=0.02 secs] 
2014-07-08T19:35:15.623+0000: 2799.754: [GC [PSYoungGen: 215294K->2182K(211072K)] 560026K->347002K(898048K), 0.0296080 secs] [Times: user=0.12 sys=0.01, real=0.03 secs] 
2014-07-08T19:35:18.011+0000: 2802.141: [GC [PSYoungGen: 210987K->1392K(205568K)] 555807K->346404K(892544K), 0.0105970 secs] [Times: user=0.04 sys=0.00, real=0.01 secs] 
2014-07-08T19:35:20.834+0000: 2804.964: [GC [PSYoungGen: 205511K->2000K(201728K)] 550523K->347084K(888704K), 0.0179450 secs] [Times: user=0.07 sys=0.00, real=0.02 secs] 
2014-07-08T19:35:23.100+0000: 2807.230: [GC [PSYoungGen: 201677K->1954K(197312K)] 546761K->347408K(884288K), 0.0260090 secs] [Times: user=0.09 sys=0.00, real=0.03 secs] 
2014-07-08T19:35:25.346+0000: 2809.476: [GC [PSYoungGen: 197282K->2000K(193216K)] 542736K->347542K(880192K), 0.0286890 secs] [Times: user=0.10 sys=0.00, real=0.02 secs] 
2014-07-08T19:35:27.867+0000: 2811.997: [GC [PSYoungGen: 193120K->1392K(188544K)] 538662K->347272K(875520K), 0.0139160 secs] [Times: user=0.05 sys=0.00, real=0.02 secs] 
2014-07-08T19:35:30.248+0000: 2814.379: [GC [PSYoungGen: 188495K->1844K(185088K)] 534375K->347788K(872064K), 0.0272510 secs] [Times: user=0.10 sys=0.00, real=0.02 secs] 
2014-07-08T19:35:32.610+0000: 2816.740: [GC [PSYoungGen: 185076K->1812K(181312K)] 531020K->347900K(868288K), 0.0280840 secs] [Times: user=0.10 sys=0.00, real=0.03 secs] 
2014-07-08T19:35:34.791+0000: 2818.921: [GC [PSYoungGen: 181268K->2060K(217472K)] 527356K->348268K(904448K), 0.0248290 secs] [Times: user=0.09 sys=0.00, real=0.02 secs] 
2014-07-08T19:35:37.176+0000: 2821.306: [GC [PSYoungGen: 217420K->1341K(211840K)] 563628K->348097K(898816K), 0.0172840 secs] [Times: user=0.04 sys=0.00, real=0.02 secs] 
2014-07-08T19:35:39.924+0000: 2824.055: [GC [PSYoungGen: 211836K->2405K(208256K)] 558592K->349233K(895232K), 0.0206820 secs] [Times: user=0.08 sys=0.01, real=0.02 secs] 
2014-07-08T19:35:42.347+0000: 2826.477: [GC [PSYoungGen: 208229K->1259K(202560K)] 555057K->349206K(889536K), 0.0217890 secs] [Times: user=0.08 sys=0.00, real=0.03 secs] 
2014-07-08T19:35:44.720+0000: 2828.850: [GC [PSYoungGen: 202517K->2460K(199424K)] 550464K->350511K(886400K), 0.0166270 secs] [Times: user=0.06 sys=0.00, real=0.01 secs] 
2014-07-08T19:35:46.980+0000: 2831.110: [GC [PSYoungGen: 199388K->1643K(194368K)] 547439K->350484K(881344K), 0.0204340 secs] [Times: user=0.08 sys=0.00, real=0.02 secs] 
2014-07-08T19:35:49.249+0000: 2833.379: [GC [PSYoungGen: 194347K->1620K(190272K)] 543188K->350517K(877248K), 0.0141760 secs] [Times: user=0.05 sys=0.00, real=0.02 secs] 
2014-07-08T19:35:52.042+0000: 2836.172: [GC [PSYoungGen: 190209K->2313K(187008K)] 539106K->351282K(873984K), 0.0204670 secs] [Times: user=0.07 sys=0.01, real=0.02 secs] 
2014-07-08T19:35:54.014+0000: 2838.144: [GC [PSYoungGen: 186928K->2142K(182976K)] 535897K->351256K(869952K), 0.0074070 secs] [Times: user=0.02 sys=0.00, real=0.01 secs] 
2014-07-08T19:35:56.016+0000: 2840.146: [GC [PSYoungGen: 182942K->1260K(178368K)] 532056K->350761K(865344K), 0.0146780 secs] [Times: user=0.05 sys=0.00, real=0.01 secs] 
2014-07-08T19:35:58.087+0000: 2842.217: [GC [PSYoungGen: 178315K->2569K(176128K)] 527816K->352142K(863104K), 0.0132800 secs] [Times: user=0.05 sys=0.00, real=0.01 secs] 
2014-07-08T19:36:00.409+0000: 2844.539: [GC [PSYoungGen: 176057K->1787K(171840K)] 525631K->351624K(858816K), 0.0193140 secs] [Times: user=0.07 sys=0.00, real=0.02 secs] 
2014-07-08T19:36:02.326+0000: 2846.456: [GC [PSYoungGen: 171835K->2156K(168896K)] 521672K->352098K(855872K), 0.0246600 secs] [Times: user=0.09 sys=0.00, real=0.02 secs] 
2014-07-08T19:36:04.163+0000: 2848.294: [GC [PSYoungGen: 168857K->1460K(164928K)] 518799K->351537K(851904K), 0.0139500 secs] [Times: user=0.05 sys=0.01, real=0.01 secs] 
2014-07-08T19:36:06.034+0000: 2850.164: [GC [PSYoungGen: 164916K->2196K(162560K)] 514993K->352337K(849536K), 0.0067570 secs] [Times: user=0.02 sys=0.00, real=0.00 secs] 
2014-07-08T19:36:08.415+0000: 2852.545: [GC [PSYoungGen: 162516K->1780K(159040K)] 512657K->351977K(846016K), 0.0060740 secs] [Times: user=0.01 sys=0.00, real=0.00 secs] 
2014-07-08T19:36:10.539+0000: 2854.669: [GC [PSYoungGen: 159014K->1808K(156160K)] 509211K->352085K(843136K), 0.0184360 secs] [Times: user=0.06 sys=0.00, real=0.02 secs] 
2014-07-08T19:36:12.397+0000: 2856.527: [GC [PSYoungGen: 156079K->2036K(153472K)] 506357K->352481K(840448K), 0.0204600 secs] [Times: user=0.07 sys=0.00, real=0.02 secs] 
2014-07-08T19:36:14.618+0000: 2858.749: [GC [PSYoungGen: 153444K->1606K(150336K)] 503889K->352147K(837312K), 0.0154810 secs] [Times: user=0.06 sys=0.00, real=0.02 secs] 
2014-07-08T19:36:16.614+0000: 2860.744: [GC [PSYoungGen: 150278K->1744K(147776K)] 500819K->352365K(834752K), 0.0295470 secs] [Times: user=0.11 sys=0.01, real=0.03 secs] 
2014-07-08T19:36:19.174+0000: 2863.304: [GC [PSYoungGen: 147728K->2156K(145536K)] 498349K->352826K(832512K), 0.0168130 secs] [Times: user=0.06 sys=0.00, real=0.02 secs] 
2014-07-08T19:36:21.143+0000: 2865.273: [GC [PSYoungGen: 145516K->1583K(173632K)] 496185K->352774K(860608K), 0.0321440 secs] [Times: user=0.12 sys=0.00, real=0.04 secs] 
2014-07-08T19:36:23.381+0000: 2867.511: [GC [PSYoungGen: 173615K->2185K(170880K)] 524806K->353496K(857856K), 0.0183770 secs] [Times: user=0.07 sys=0.00, real=0.02 secs] 
2014-07-08T19:36:25.680+0000: 2869.811: [GC [PSYoungGen: 170825K->1570K(203968K)] 522136K->353177K(890944K), 0.0250130 secs] [Times: user=0.09 sys=0.00, real=0.03 secs] 
2014-07-08T19:36:28.633+0000: 2872.763: [GC [PSYoungGen: 203938K->1840K(199808K)] 555545K->353520K(886784K), 0.0263270 secs] [Times: user=0.10 sys=0.00, real=0.03 secs] 
2014-07-08T19:36:31.454+0000: 2875.584: [GC [PSYoungGen: 199792K->1961K(195648K)] 551472K->353792K(882624K), 0.0120090 secs] [Times: user=0.04 sys=0.00, real=0.02 secs] 
2014-07-08T19:36:34.138+0000: 2878.268: [GC [PSYoungGen: 195585K->1734K(191360K)] 547417K->353693K(878336K), 0.0172330 secs] [Times: user=0.07 sys=0.00, real=0.01 secs] 
2014-07-08T19:36:36.767+0000: 2880.897: [GC [PSYoungGen: 191302K->1508K(187136K)] 543261K->354173K(874112K), 0.0186060 secs] [Times: user=0.06 sys=0.00, real=0.02 secs] 
2014-07-08T19:36:39.398+0000: 2883.528: [GC [PSYoungGen: 187108K->1812K(183616K)] 539773K->354548K(870592K), 0.0118710 secs] [Times: user=0.04 sys=0.00, real=0.01 secs] 
2014-07-08T19:36:41.481+0000: 2885.611: [GC [PSYoungGen: 183572K->1904K(179968K)] 536308K->354753K(866944K), 0.0285380 secs] [Times: user=0.11 sys=0.00, real=0.03 secs] 
2014-07-08T19:36:44.291+0000: 2888.421: [GC [PSYoungGen: 179952K->1936K(176448K)] 532801K->354913K(863424K), 0.0294320 secs] [Times: user=0.10 sys=0.00, real=0.03 secs] 
2014-07-08T19:36:46.607+0000: 2890.737: [GC [PSYoungGen: 176400K->1268K(172224K)] 529377K->354492K(859200K), 0.0241930 secs] [Times: user=0.09 sys=0.00, real=0.03 secs] 
2014-07-08T19:36:49.032+0000: 2893.162: [GC [PSYoungGen: 172170K->2211K(169792K)] 525395K->355507K(856768K), 0.0277130 secs] [Times: user=0.10 sys=0.00, real=0.03 secs] 
2014-07-08T19:36:51.379+0000: 2895.509: [GC [PSYoungGen: 169731K->1634K(165952K)] 523028K->355019K(852928K), 0.0044080 secs] [Times: user=0.01 sys=0.00, real=0.01 secs] 
2014-07-08T19:36:53.657+0000: 2897.788: [GC [PSYoungGen: 165876K->1964K(163136K)] 519260K->355535K(850112K), 0.0233130 secs] [Times: user=0.09 sys=0.00, real=0.03 secs] 
2014-07-08T19:36:56.300+0000: 2900.430: [GC [PSYoungGen: 163093K->1520K(159616K)] 516664K->355349K(846592K), 0.0147000 secs] [Times: user=0.06 sys=0.00, real=0.02 secs] 
2014-07-08T19:36:58.435+0000: 2902.565: [GC [PSYoungGen: 159586K->1929K(157120K)] 513415K->355888K(844096K), 0.0104870 secs] [Times: user=0.04 sys=0.01, real=0.01 secs] 
2014-07-08T19:37:00.872+0000: 2905.002: [GC [PSYoungGen: 157065K->1518K(153792K)] 511024K->355991K(840768K), 0.0195910 secs] [Times: user=0.07 sys=0.00, real=0.02 secs] 
2014-07-08T19:37:03.175+0000: 2907.305: [GC [PSYoungGen: 153773K->1776K(151232K)] 508246K->356385K(838208K), 0.0335420 secs] [Times: user=0.12 sys=0.00, real=0.03 secs] 
2014-07-08T19:37:05.182+0000: 2909.312: [GC [PSYoungGen: 151172K->1584K(148352K)] 505781K->356664K(835328K), 0.0211950 secs] [Times: user=0.07 sys=0.00, real=0.02 secs] 
2014-07-08T19:37:07.194+0000: 2911.324: [GC [PSYoungGen: 148300K->1740K(145920K)] 503381K->356941K(832896K), 0.0223210 secs] [Times: user=0.08 sys=0.00, real=0.02 secs] 
2014-07-08T19:37:08.998+0000: 2913.129: [GC [PSYoungGen: 145868K->1534K(174528K)] 501069K->357310K(861504K), 0.0366440 secs] [Times: user=0.12 sys=0.00, real=0.04 secs] 
2014-07-08T19:37:11.366+0000: 2915.497: [GC [PSYoungGen: 174504K->1776K(209408K)] 530280K->357649K(896384K), 0.0137570 secs] [Times: user=0.05 sys=0.00, real=0.01 secs] 
2014-07-08T19:37:14.319+0000: 2918.449: [GC [PSYoungGen: 209347K->1569K(204608K)] 565219K->357977K(891584K), 0.0209670 secs] [Times: user=0.08 sys=0.00, real=0.02 secs] 
2014-07-08T19:37:17.200+0000: 2921.331: [GC [PSYoungGen: 204577K->1830K(200448K)] 560985K->358334K(887424K), 0.0241740 secs] [Times: user=0.09 sys=0.00, real=0.03 secs] 
2014-07-08T19:37:19.605+0000: 2923.735: [GC [PSYoungGen: 200389K->1448K(239808K)] 556894K->358327K(926784K), 0.0491010 secs] [Times: user=0.19 sys=0.00, real=0.05 secs] 
2014-07-08T19:37:23.392+0000: 2927.522: [GC [PSYoungGen: 239784K->1616K(234304K)] 596663K->358567K(921280K), 0.0089590 secs] [Times: user=0.03 sys=0.00, real=0.01 secs] 
2014-07-08T19:37:26.668+0000: 2930.798: [GC [PSYoungGen: 234256K->1637K(228800K)] 591207K->359039K(915776K), 0.0188920 secs] [Times: user=0.07 sys=0.00, real=0.02 secs] 
2014-07-08T19:37:30.056+0000: 2934.186: [GC [PSYoungGen: 228771K->2032K(223872K)] 586174K->359515K(910848K), 0.0199140 secs] [Times: user=0.08 sys=0.00, real=0.02 secs] 
2014-07-08T19:37:33.475+0000: 2937.605: [GC [PSYoungGen: 223856K->1206K(217920K)] 581339K->359123K(904896K), 0.0137710 secs] [Times: user=0.04 sys=0.00, real=0.02 secs] 
2014-07-08T19:37:36.480+0000: 2940.610: [GC [PSYoungGen: 217865K->1936K(213760K)] 575782K->359989K(900736K), 0.0268200 secs] [Times: user=0.10 sys=0.00, real=0.03 secs] 
2014-07-08T19:37:39.387+0000: 2943.517: [GC [PSYoungGen: 213712K->1680K(208768K)] 571765K->359797K(895744K), 0.0184930 secs] [Times: user=0.06 sys=0.00, real=0.01 secs] 
2014-07-08T19:37:42.378+0000: 2946.508: [GC [PSYoungGen: 208719K->2206K(204672K)] 566836K->360403K(891648K), 0.0263230 secs] [Times: user=0.09 sys=0.00, real=0.02 secs] 
2014-07-08T19:37:45.146+0000: 2949.276: [GC [PSYoungGen: 204638K->800K(198848K)] 562835K->360357K(885824K), 0.0266390 secs] [Times: user=0.11 sys=0.00, real=0.03 secs] 
2014-07-08T19:37:48.277+0000: 2952.408: [GC [PSYoungGen: 198816K->2477K(196224K)] 558373K->362155K(883200K), 0.0223310 secs] [Times: user=0.09 sys=0.00, real=0.03 secs] 
2014-07-08T19:37:51.115+0000: 2955.246: [GC [PSYoungGen: 196205K->1725K(191360K)] 555883K->362091K(878336K), 0.0276720 secs] [Times: user=0.11 sys=0.00, real=0.03 secs] 
2014-07-08T19:37:53.966+0000: 2958.097: [GC [PSYoungGen: 191357K->1776K(187456K)] 551723K->362270K(874432K), 0.0330220 secs] [Times: user=0.13 sys=0.00, real=0.04 secs] 
2014-07-08T19:37:56.833+0000: 2960.963: [GC [PSYoungGen: 187378K->1805K(183680K)] 547871K->362419K(870656K), 0.0274110 secs] [Times: user=0.10 sys=0.00, real=0.03 secs] 
2014-07-08T19:37:59.269+0000: 2963.400: [GC [PSYoungGen: 183617K->1936K(180096K)] 544231K->362622K(867072K), 0.0100670 secs] [Times: user=0.03 sys=0.01, real=0.01 secs] 
2014-07-08T19:38:01.761+0000: 2965.891: [GC [PSYoungGen: 180048K->1584K(176128K)] 540734K->362481K(863104K), 0.0124710 secs] [Times: user=0.04 sys=0.00, real=0.01 secs] 
2014-07-08T19:38:04.466+0000: 2968.596: [GC [PSYoungGen: 176083K->1950K(172992K)] 536981K->362984K(859968K), 0.0153930 secs] [Times: user=0.06 sys=0.00, real=0.02 secs] 
2014-07-08T19:38:07.115+0000: 2971.246: [GC [PSYoungGen: 172958K->1716K(169344K)] 533992K->362902K(856320K), 0.0230380 secs] [Times: user=0.08 sys=0.00, real=0.02 secs] 
2014-07-08T19:38:09.285+0000: 2973.415: [GC [PSYoungGen: 169287K->2213K(166592K)] 530473K->363471K(853568K), 0.0137580 secs] [Times: user=0.05 sys=0.00, real=0.01 secs] 
2014-07-08T19:38:11.725+0000: 2975.855: [GC [PSYoungGen: 166560K->1086K(162304K)] 527818K->362832K(849280K), 0.0364260 secs] [Times: user=0.13 sys=0.00, real=0.04 secs] 
2014-07-08T19:38:14.327+0000: 2978.458: [GC [PSYoungGen: 162269K->2015K(160192K)] 524015K->363880K(847168K), 0.0152870 secs] [Times: user=0.06 sys=0.00, real=0.02 secs] 
2014-07-08T19:38:16.246+0000: 2980.377: [GC [PSYoungGen: 160124K->1880K(157120K)] 521990K->363924K(844096K), 0.0238950 secs] [Times: user=0.09 sys=0.00, real=0.02 secs] 
2014-07-08T19:38:18.581+0000: 2982.711: [GC [PSYoungGen: 157060K->2206K(154560K)] 519104K->364314K(841536K), 0.0202960 secs] [Times: user=0.07 sys=0.00, real=0.02 secs] 
2014-07-08T19:38:21.156+0000: 2985.286: [GC [PSYoungGen: 154526K->876K(150400K)] 516634K->363772K(837376K), 0.0292630 secs] [Times: user=0.12 sys=0.00, real=0.03 secs] 
2014-07-08T19:38:23.100+0000: 2987.230: [GC [PSYoungGen: 150379K->2008K(181504K)] 513276K->365001K(868480K), 0.0323560 secs] [Times: user=0.13 sys=0.00, real=0.03 secs] 
2014-07-08T19:38:25.466+0000: 2989.596: [GC [PSYoungGen: 181464K->2235K(217600K)] 544456K->365571K(904576K), 0.0238680 secs] [Times: user=0.08 sys=0.01, real=0.02 secs] 
2014-07-08T19:38:28.370+0000: 2992.500: [GC [PSYoungGen: 217595K->2089K(212608K)] 580931K->365505K(899584K), 0.0185750 secs] [Times: user=0.06 sys=0.00, real=0.02 secs] 
2014-07-08T19:38:31.353+0000: 2995.483: [GC [PSYoungGen: 212585K->1078K(206912K)] 576001K->365056K(893888K), 0.0230910 secs] [Times: user=0.08 sys=0.00, real=0.03 secs] 
2014-07-08T19:38:34.002+0000: 2998.132: [GC [PSYoungGen: 206902K->2108K(203392K)] 570880K->366198K(890368K), 0.0249690 secs] [Times: user=0.09 sys=0.00, real=0.03 secs] 
2014-07-08T19:38:36.505+0000: 3000.635: [GC [PSYoungGen: 203348K->1794K(243392K)] 567438K->366237K(930368K), 0.0317700 secs] [Times: user=0.12 sys=0.00, real=0.04 secs] 
2014-07-08T19:38:40.102+0000: 3004.232: [GC [PSYoungGen: 243330K->1872K(237632K)] 607773K->366395K(924608K), 0.0246310 secs] [Times: user=0.09 sys=0.00, real=0.03 secs] 
2014-07-08T19:38:43.660+0000: 3007.790: [GC [PSYoungGen: 237566K->1526K(231680K)] 602089K->366497K(918656K), 0.0293240 secs] [Times: user=0.12 sys=0.00, real=0.03 secs] 
2014-07-08T19:38:47.157+0000: 3011.288: [GC [PSYoungGen: 231670K->1620K(226432K)] 596641K->366742K(913408K), 0.0313150 secs] [Times: user=0.12 sys=0.00, real=0.03 secs] 
2014-07-08T19:38:50.379+0000: 3014.509: [GC [PSYoungGen: 226388K->1826K(221440K)] 591510K->367151K(908416K), 0.0396450 secs] [Times: user=0.14 sys=0.01, real=0.04 secs] 
2014-07-08T19:38:53.483+0000: 3017.613: [GC [PSYoungGen: 221410K->1684K(216320K)] 586735K->367120K(903296K), 0.0168390 secs] [Times: user=0.07 sys=0.00, real=0.02 secs] 
2014-07-08T19:38:56.414+0000: 3020.544: [GC [PSYoungGen: 216276K->1447K(211200K)] 581712K->367586K(898176K), 0.0047480 secs] [Times: user=0.02 sys=0.00, real=0.01 secs] 
2014-07-08T19:38:59.463+0000: 3023.593: [GC [PSYoungGen: 211175K->1844K(206912K)] 577314K->368055K(893888K), 0.0279470 secs] [Times: user=0.10 sys=0.01, real=0.03 secs] 
2014-07-08T19:39:02.671+0000: 3026.802: [GC [PSYoungGen: 206869K->1712K(202304K)] 573080K->368191K(889280K), 0.0301760 secs] [Times: user=0.11 sys=0.00, real=0.03 secs] 
2014-07-08T19:39:05.569+0000: 3029.699: [GC [PSYoungGen: 202288K->1844K(198080K)] 568767K->368475K(885056K), 0.0102290 secs] [Times: user=0.02 sys=0.00, real=0.01 secs] 
2014-07-08T19:39:08.112+0000: 3032.243: [GC [PSYoungGen: 198068K->1332K(193344K)] 564699K->368115K(880320K), 0.0192670 secs] [Times: user=0.07 sys=0.00, real=0.02 secs] 
2014-07-08T19:39:10.316+0000: 3034.446: [GC [PSYoungGen: 193332K->1936K(189888K)] 560115K->368783K(876864K), 0.0210080 secs] [Times: user=0.08 sys=0.00, real=0.02 secs] 
2014-07-08T19:39:12.662+0000: 3036.792: [GC [PSYoungGen: 189794K->1575K(185600K)] 556641K->369176K(872576K), 0.0105300 secs] [Times: user=0.04 sys=0.00, real=0.01 secs] 
2014-07-08T19:39:14.851+0000: 3038.982: [GC [PSYoungGen: 185566K->1894K(182144K)] 553167K->369599K(869120K), 0.0194000 secs] [Times: user=0.06 sys=0.01, real=0.01 secs] 
2014-07-08T19:39:17.087+0000: 3041.217: [GC [PSYoungGen: 182069K->1542K(178176K)] 549774K->369385K(865152K), 0.0054730 secs] [Times: user=0.02 sys=0.00, real=0.01 secs] 
2014-07-08T19:39:19.113+0000: 3043.244: [GC [PSYoungGen: 178118K->1964K(174976K)] 545961K->369863K(861952K), 0.0160870 secs] [Times: user=0.05 sys=0.00, real=0.01 secs] 
2014-07-08T19:39:21.147+0000: 3045.277: [GC [PSYoungGen: 174955K->1470K(171008K)] 542854K->369635K(857984K), 0.0317150 secs] [Times: user=0.11 sys=0.00, real=0.03 secs] 
2014-07-08T19:39:22.916+0000: 3047.046: [GC [PSYoungGen: 171006K->2028K(168256K)] 539171K->370305K(855232K), 0.0126270 secs] [Times: user=0.05 sys=0.00, real=0.01 secs] 
2014-07-08T19:39:24.740+0000: 3048.870: [GC [PSYoungGen: 168207K->1406K(200896K)] 536484K->369997K(887872K), 0.0395860 secs] [Times: user=0.11 sys=0.01, real=0.04 secs] 
2014-07-08T19:39:27.085+0000: 3051.215: [GC [PSYoungGen: 200894K->1787K(241216K)] 569485K->370458K(928192K), 0.0213950 secs] [Times: user=0.07 sys=0.00, real=0.02 secs] 
2014-07-08T19:39:30.328+0000: 3054.458: [GC [PSYoungGen: 241211K->1719K(289088K)] 609882K->370754K(976064K), 0.0274130 secs] [Times: user=0.10 sys=0.00, real=0.03 secs] 
2014-07-08T19:39:34.124+0000: 3058.254: [GC [PSYoungGen: 289079K->1684K(346560K)] 658114K->370823K(1033536K), 0.0406420 secs] [Times: user=0.13 sys=0.01, real=0.05 secs] 
2014-07-08T19:39:38.205+0000: 3062.336: [GC [PSYoungGen: 346515K->1456K(336448K)] 715655K->370851K(1023424K), 0.0100630 secs] [Times: user=0.03 sys=0.00, real=0.01 secs] 
2014-07-08T19:39:42.498+0000: 3066.628: [GC [PSYoungGen: 336432K->2156K(327744K)] 705827K->371656K(1014720K), 0.0127270 secs] [Times: user=0.05 sys=0.01, real=0.01 secs] 
2014-07-08T19:39:46.245+0000: 3070.376: [GC [PSYoungGen: 327699K->1120K(317696K)] 697198K->371714K(1004672K), 0.0137440 secs] [Times: user=0.05 sys=0.00, real=0.02 secs] 
2014-07-08T19:39:50.160+0000: 3074.290: [GC [PSYoungGen: 317649K->2399K(310272K)] 688243K->373088K(997248K), 0.0221350 secs] [Times: user=0.08 sys=0.00, real=0.02 secs] 
2014-07-08T19:39:54.120+0000: 3078.250: [GC [PSYoungGen: 310239K->1461K(300992K)] 680928K->373349K(987968K), 0.0131290 secs] [Times: user=0.05 sys=0.00, real=0.01 secs] 
2014-07-08T19:39:57.832+0000: 3081.962: [GC [PSYoungGen: 300979K->1908K(293440K)] 672867K->373932K(980416K), 0.0182930 secs] [Times: user=0.07 sys=0.00, real=0.02 secs] 
2014-07-08T19:40:01.094+0000: 3085.224: [GC [PSYoungGen: 293428K->1776K(285632K)] 665452K->373962K(972608K), 0.0213150 secs] [Times: user=0.07 sys=0.00, real=0.02 secs] 
2014-07-08T19:40:04.407+0000: 3088.537: [GC [PSYoungGen: 285587K->1719K(278144K)] 657774K->374018K(965120K), 0.0096650 secs] [Times: user=0.01 sys=0.00, real=0.01 secs] 
2014-07-08T19:40:08.334+0000: 3092.465: [GC [PSYoungGen: 278135K->1964K(271296K)] 650434K->374367K(958272K), 0.0123170 secs] [Times: user=0.04 sys=0.01, real=0.01 secs] 
2014-07-08T19:40:11.164+0000: 3095.295: [GC [PSYoungGen: 271273K->1790K(264256K)] 643675K->374257K(951232K), 0.0122790 secs] [Times: user=0.05 sys=0.00, real=0.01 secs] 
2014-07-08T19:40:14.071+0000: 3098.201: [GC [PSYoungGen: 264254K->1524K(257408K)] 636721K->374126K(944384K), 0.0179910 secs] [Times: user=0.06 sys=0.00, real=0.01 secs] 
2014-07-08T19:40:16.479+0000: 3100.609: [GC [PSYoungGen: 257357K->2512K(252096K)] 629960K->375219K(939072K), 0.0117480 secs] [Times: user=0.04 sys=0.00, real=0.02 secs] 
2014-07-08T19:40:19.653+0000: 3103.783: [GC [PSYoungGen: 252016K->1209K(244672K)] 624723K->374872K(931648K), 0.0175470 secs] [Times: user=0.06 sys=0.00, real=0.01 secs] 
2014-07-08T19:40:22.532+0000: 3106.662: [GC [PSYoungGen: 244638K->1994K(239616K)] 618301K->375729K(926592K), 0.0216600 secs] [Times: user=0.08 sys=0.00, real=0.02 secs] 
2014-07-08T19:40:25.369+0000: 3109.499: [GC [PSYoungGen: 239561K->1836K(233728K)] 613296K->375948K(920704K), 0.0316190 secs] [Times: user=0.13 sys=0.00, real=0.03 secs] 
2014-07-08T19:40:28.154+0000: 3112.284: [GC [PSYoungGen: 233708K->1872K(228352K)] 607820K->376055K(915328K), 0.0208230 secs] [Times: user=0.08 sys=0.00, real=0.02 secs] 
2014-07-08T19:40:30.810+0000: 3114.940: [GC [PSYoungGen: 228254K->1525K(222720K)] 602437K->376324K(909696K), 0.0119950 secs] [Times: user=0.05 sys=0.00, real=0.01 secs] 
2014-07-08T19:40:33.404+0000: 3117.534: [GC [PSYoungGen: 222649K->1936K(218112K)] 597449K->376864K(905088K), 0.0264710 secs] [Times: user=0.10 sys=0.00, real=0.02 secs] 
2014-07-08T19:40:36.625+0000: 3120.755: [GC [PSYoungGen: 218064K->1772K(212992K)] 592992K->376940K(899968K), 0.0292180 secs] [Times: user=0.10 sys=0.00, real=0.03 secs] 
2014-07-08T19:40:39.070+0000: 3123.201: [GC [PSYoungGen: 212930K->1794K(208320K)] 588098K->377057K(895296K), 0.0325560 secs] [Times: user=0.11 sys=0.00, real=0.03 secs] 
2014-07-08T19:40:41.233+0000: 3125.364: [GC [PSYoungGen: 208230K->1382K(203328K)] 583493K->376773K(890304K), 0.0152580 secs] [Times: user=0.05 sys=0.00, real=0.02 secs] 
2014-07-08T19:40:44.141+0000: 3128.271: [GC [PSYoungGen: 203279K->1904K(199424K)] 578671K->377423K(886400K), 0.0216770 secs] [Times: user=0.08 sys=0.00, real=0.02 secs] 
2014-07-08T19:40:46.962+0000: 3131.093: [GC [PSYoungGen: 199408K->1708K(195008K)] 574927K->377500K(881984K), 0.0310860 secs] [Times: user=0.11 sys=0.00, real=0.03 secs] 
2014-07-08T19:40:49.596+0000: 3133.727: [GC [PSYoungGen: 194976K->2118K(191360K)] 570767K->377989K(878336K), 0.0225570 secs] [Times: user=0.09 sys=0.01, real=0.02 secs] 
2014-07-08T19:40:52.414+0000: 3136.544: [GC [PSYoungGen: 191281K->1014K(186240K)] 567152K->377567K(873216K), 0.0334710 secs] [Times: user=0.13 sys=0.00, real=0.04 secs] 
2014-07-08T19:40:54.851+0000: 3138.982: [GC [PSYoungGen: 186230K->2417K(183808K)] 562783K->379075K(870784K), 0.0172300 secs] [Times: user=0.05 sys=0.00, real=0.02 secs] 
2014-07-08T19:40:57.716+0000: 3141.846: [GC [PSYoungGen: 183793K->1442K(179136K)] 560451K->378581K(866112K), 0.0301920 secs] [Times: user=0.10 sys=0.00, real=0.03 secs] 
2014-07-08T19:41:00.000+0000: 3144.131: [GC [PSYoungGen: 179106K->2156K(215424K)] 556245K->379392K(902400K), 0.0292540 secs] [Times: user=0.12 sys=0.00, real=0.03 secs] 
2014-07-08T19:41:03.201+0000: 3147.331: [GC [PSYoungGen: 215404K->1520K(257472K)] 592640K->378924K(944448K), 0.0366370 secs] [Times: user=0.14 sys=0.00, real=0.04 secs] 
2014-07-08T19:41:06.539+0000: 3150.670: [GC [PSYoungGen: 257456K->2060K(251712K)] 634860K->379600K(938688K), 0.0080470 secs] [Times: user=0.02 sys=0.00, real=0.00 secs] 
2014-07-08T19:41:10.403+0000: 3154.534: [GC [PSYoungGen: 251636K->1519K(245056K)] 629176K->379556K(932032K), 0.0225260 secs] [Times: user=0.08 sys=0.01, real=0.02 secs] 
2014-07-08T19:41:13.737+0000: 3157.867: [GC [PSYoungGen: 245027K->2018K(239680K)] 623064K->380226K(926656K), 0.0208340 secs] [Times: user=0.07 sys=0.00, real=0.02 secs] 
2014-07-08T19:41:17.383+0000: 3161.514: [GC [PSYoungGen: 239626K->1458K(233408K)] 617834K->380798K(920384K), 0.0219510 secs] [Times: user=0.09 sys=0.00, real=0.02 secs] 
2014-07-08T19:41:20.570+0000: 3164.700: [GC [PSYoungGen: 233352K->2314K(228864K)] 612692K->381742K(915840K), 0.0192290 secs] [Times: user=0.05 sys=0.01, real=0.02 secs] 
2014-07-08T19:41:24.048+0000: 3168.178: [GC [PSYoungGen: 228767K->1447K(222720K)] 608195K->381728K(909696K), 0.0269920 secs] [Times: user=0.11 sys=0.00, real=0.03 secs] 
2014-07-08T19:41:27.110+0000: 3171.240: [GC [PSYoungGen: 222695K->2090K(218304K)] 602976K->382482K(905280K), 0.0432830 secs] [Times: user=0.17 sys=0.00, real=0.05 secs] 
2014-07-08T19:41:30.231+0000: 3174.362: [GC [PSYoungGen: 218277K->1901K(213184K)] 598669K->382639K(900160K), 0.0287840 secs] [Times: user=0.10 sys=0.00, real=0.03 secs] 
2014-07-08T19:41:33.535+0000: 3177.666: [GC [PSYoungGen: 213152K->2188K(208768K)] 593890K->383007K(895744K), 0.0233280 secs] [Times: user=0.09 sys=0.00, real=0.02 secs] 
2014-07-08T19:41:36.567+0000: 3180.697: [GC [PSYoungGen: 208710K->1120K(203136K)] 589528K->382875K(890112K), 0.0386880 secs] [Times: user=0.14 sys=0.00, real=0.04 secs] 
2014-07-08T19:41:39.186+0000: 3183.316: [GC [PSYoungGen: 203076K->2250K(199872K)] 584831K->384127K(886848K), 0.0172980 secs] [Times: user=0.06 sys=0.00, real=0.02 secs] 
2014-07-08T19:41:42.051+0000: 3186.181: [GC [PSYoungGen: 199753K->1720K(195072K)] 581630K->384007K(882048K), 0.0322160 secs] [Times: user=0.12 sys=0.00, real=0.03 secs] 
2014-07-08T19:41:44.626+0000: 3188.756: [GC [PSYoungGen: 195064K->2309K(191616K)] 577351K->384740K(878592K), 0.0048780 secs] [Times: user=0.02 sys=0.00, real=0.00 secs] 
2014-07-08T19:41:47.095+0000: 3191.225: [GC [PSYoungGen: 191557K->1078K(186368K)] 573988K->384103K(873344K), 0.0100080 secs] [Times: user=0.03 sys=0.00, real=0.01 secs] 
2014-07-08T19:41:49.580+0000: 3193.710: [GC [PSYoungGen: 186358K->2150K(183616K)] 569383K->385263K(870592K), 0.0289700 secs] [Times: user=0.11 sys=0.00, real=0.03 secs] 
2014-07-08T19:41:52.372+0000: 3196.503: [GC [PSYoungGen: 183576K->1968K(179712K)] 566690K->385335K(866688K), 0.0116810 secs] [Times: user=0.04 sys=0.00, real=0.01 secs] 
2014-07-08T19:41:54.909+0000: 3199.039: [GC [PSYoungGen: 179660K->2060K(176256K)] 563027K->385564K(863232K), 0.0226600 secs] [Times: user=0.09 sys=0.00, real=0.02 secs] 
2014-07-08T19:41:57.549+0000: 3201.679: [GC [PSYoungGen: 176202K->1078K(171776K)] 559706K->385275K(858752K), 0.0219440 secs] [Times: user=0.07 sys=0.00, real=0.02 secs] 
2014-07-08T19:41:59.872+0000: 3204.002: [GC [PSYoungGen: 171728K->1962K(169280K)] 555925K->386223K(856256K), 0.0266110 secs] [Times: user=0.10 sys=0.00, real=0.03 secs] 
2014-07-08T19:42:02.388+0000: 3206.519: [GC [PSYoungGen: 169256K->2096K(166144K)] 553517K->386628K(853120K), 0.0314900 secs] [Times: user=0.12 sys=0.00, real=0.03 secs] 
2014-07-08T19:42:04.726+0000: 3208.857: [GC [PSYoungGen: 166128K->1872K(162816K)] 550660K->386532K(849792K), 0.0114360 secs] [Times: user=0.04 sys=0.00, real=0.02 secs] 
2014-07-08T19:42:06.983+0000: 3211.113: [GC [PSYoungGen: 162768K->1136K(158976K)] 547428K->386323K(845952K), 0.0248220 secs] [Times: user=0.09 sys=0.00, real=0.03 secs] 
2014-07-08T19:42:09.379+0000: 3213.509: [GC [PSYoungGen: 158958K->2032K(156928K)] 544146K->387284K(843904K), 0.0146290 secs] [Times: user=0.06 sys=0.00, real=0.01 secs] 
2014-07-08T19:42:11.487+0000: 3215.617: [GC [PSYoungGen: 156912K->1957K(153984K)] 542164K->387449K(840960K), 0.0202500 secs] [Times: user=0.07 sys=0.00, real=0.02 secs] 
2014-07-08T19:42:13.600+0000: 3217.730: [GC [PSYoungGen: 153956K->1868K(151104K)] 539447K->387480K(838080K), 0.0070040 secs] [Times: user=0.02 sys=0.01, real=0.00 secs] 
2014-07-08T19:42:15.609+0000: 3219.739: [GC [PSYoungGen: 151017K->1274K(147776K)] 536629K->387332K(834752K), 0.0203120 secs] [Times: user=0.06 sys=0.00, real=0.02 secs] 
2014-07-08T19:42:17.671+0000: 3221.801: [GC [PSYoungGen: 147728K->2196K(146112K)] 533786K->388341K(833088K), 0.0069730 secs] [Times: user=0.02 sys=0.00, real=0.00 secs] 
2014-07-08T19:42:19.626+0000: 3223.756: [GC [PSYoungGen: 146068K->1654K(142976K)] 532213K->388162K(829952K), 0.0244020 secs] [Times: user=0.09 sys=0.01, real=0.03 secs] 
2014-07-08T19:42:21.449+0000: 3225.580: [GC [PSYoungGen: 142925K->1904K(140736K)] 529432K->388484K(827712K), 0.0107020 secs] [Times: user=0.04 sys=0.00, real=0.01 secs] 
2014-07-08T19:42:23.428+0000: 3227.558: [GC [PSYoungGen: 140720K->1456K(137920K)] 527300K->388212K(824896K), 0.0338960 secs] [Times: user=0.13 sys=0.00, real=0.04 secs] 
2014-07-08T19:42:25.784+0000: 3229.914: [GC [PSYoungGen: 137904K->1716K(165504K)] 524660K->388568K(852480K), 0.0300320 secs] [Times: user=0.11 sys=0.00, real=0.03 secs] 
2014-07-08T19:42:27.995+0000: 3232.125: [GC [PSYoungGen: 165492K->1740K(198336K)] 552344K->388680K(885312K), 0.0303430 secs] [Times: user=0.12 sys=0.00, real=0.03 secs] 
2014-07-08T19:42:31.014+0000: 3235.145: [GC [PSYoungGen: 198284K->1748K(237696K)] 585224K->388752K(924672K), 0.0230320 secs] [Times: user=0.09 sys=0.00, real=0.02 secs] 
2014-07-08T19:42:34.322+0000: 3238.452: [GC [PSYoungGen: 237652K->1461K(231744K)] 624656K->389273K(918720K), 0.0196790 secs] [Times: user=0.07 sys=0.00, real=0.02 secs] 
2014-07-08T19:42:37.383+0000: 3241.514: [GC [PSYoungGen: 231733K->2186K(227136K)] 619545K->390086K(914112K), 0.0242600 secs] [Times: user=0.09 sys=0.00, real=0.02 secs] 
2014-07-08T19:42:40.304+0000: 3244.435: [GC [PSYoungGen: 227082K->1455K(221184K)] 614982K->390043K(908160K), 0.0195490 secs] [Times: user=0.07 sys=0.00, real=0.02 secs] 
2014-07-08T19:42:43.532+0000: 3247.662: [GC [PSYoungGen: 221156K->1986K(216768K)] 609744K->390670K(903744K), 0.0200550 secs] [Times: user=0.07 sys=0.00, real=0.02 secs] 
2014-07-08T19:42:46.472+0000: 3250.603: [GC [PSYoungGen: 216706K->1640K(211520K)] 605390K->390657K(898496K), 0.0276770 secs] [Times: user=0.11 sys=0.00, real=0.03 secs] 
2014-07-08T19:42:49.802+0000: 3253.932: [GC [PSYoungGen: 211496K->1997K(207232K)] 600513K->391109K(894208K), 0.0283790 secs] [Times: user=0.10 sys=0.00, real=0.03 secs] 
2014-07-08T19:42:53.437+0000: 3257.567: [GC [PSYoungGen: 207143K->1338K(201984K)] 596255K->390896K(888960K), 0.0104690 secs] [Times: user=0.03 sys=0.00, real=0.01 secs] 
2014-07-08T19:42:56.277+0000: 3260.407: [GC [PSYoungGen: 201978K->2188K(198528K)] 591536K->391883K(885504K), 0.0389210 secs] [Times: user=0.15 sys=0.00, real=0.04 secs] 
2014-07-08T19:42:59.180+0000: 3263.310: [GC [PSYoungGen: 198446K->1316K(236928K)] 588140K->391533K(923904K), 0.0557890 secs] [Times: user=0.20 sys=0.00, real=0.06 secs] 
2014-07-08T19:43:02.331+0000: 3266.461: [GC [PSYoungGen: 236900K->2256K(285056K)] 627117K->392569K(972032K), 0.0243920 secs] [Times: user=0.09 sys=0.00, real=0.02 secs] 
2014-07-08T19:43:06.032+0000: 3270.162: [GC [PSYoungGen: 285008K->1248K(340608K)] 675321K->392289K(1027584K), 0.0367140 secs] [Times: user=0.14 sys=0.00, real=0.04 secs] 
2014-07-08T19:43:10.933+0000: 3275.063: [GC [PSYoungGen: 340575K->2449K(332224K)] 731615K->393585K(1019200K), 0.0330740 secs] [Times: user=0.13 sys=0.00, real=0.03 secs] 
2014-07-08T19:43:15.501+0000: 3279.632: [GC [PSYoungGen: 332177K->1256K(321792K)] 723313K->393109K(1008768K), 0.0149010 secs] [Times: user=0.05 sys=0.00, real=0.01 secs] 
2014-07-08T19:43:20.092+0000: 3284.223: [GC [PSYoungGen: 321768K->2275K(313984K)] 713621K->394247K(1000960K), 0.0141890 secs] [Times: user=0.05 sys=0.00, real=0.01 secs] 
2014-07-08T19:43:24.536+0000: 3288.666: [GC [PSYoungGen: 313955K->1584K(304768K)] 705927K->393971K(991744K), 0.0332580 secs] [Times: user=0.12 sys=0.00, real=0.04 secs] 
2014-07-08T19:43:28.668+0000: 3292.798: [GC [PSYoungGen: 304728K->1780K(296768K)] 697115K->394342K(983744K), 0.0238350 secs] [Times: user=0.09 sys=0.00, real=0.03 secs] 
2014-07-08T19:43:32.900+0000: 3297.031: [GC [PSYoungGen: 296752K->1766K(288960K)] 689315K->394464K(975936K), 0.0243330 secs] [Times: user=0.08 sys=0.00, real=0.02 secs] 
2014-07-08T19:43:37.197+0000: 3301.327: [GC [PSYoungGen: 288928K->2345K(281984K)] 681627K->395236K(968960K), 0.0306500 secs] [Times: user=0.11 sys=0.01, real=0.03 secs] 
2014-07-08T19:43:40.716+0000: 3304.847: [GC [PSYoungGen: 281961K->876K(273280K)] 674852K->394691K(960256K), 0.0097720 secs] [Times: user=0.04 sys=0.00, real=0.01 secs] 
2014-07-08T19:43:44.529+0000: 3308.659: [GC [PSYoungGen: 273260K->2321K(267776K)] 667075K->396224K(954752K), 0.0154950 secs] [Times: user=0.06 sys=0.00, real=0.02 secs] 
2014-07-08T19:43:47.872+0000: 3312.002: [GC [PSYoungGen: 267635K->1904K(260608K)] 661538K->396319K(947584K), 0.0210630 secs] [Times: user=0.09 sys=0.00, real=0.03 secs] 
2014-07-08T19:43:50.499+0000: 3314.630: [GC [PSYoungGen: 260557K->2217K(254464K)] 654972K->396736K(941440K), 0.0232790 secs] [Times: user=0.09 sys=0.00, real=0.02 secs] 
2014-07-08T19:43:53.341+0000: 3317.471: [GC [PSYoungGen: 254439K->1406K(247424K)] 648958K->396183K(934400K), 0.0245880 secs] [Times: user=0.09 sys=0.00, real=0.03 secs] 
2014-07-08T19:43:56.294+0000: 3320.424: [GC [PSYoungGen: 247422K->2060K(242176K)] 642199K->396950K(929152K), 0.0093070 secs] [Times: user=0.03 sys=0.00, real=0.01 secs] 
2014-07-08T19:43:58.794+0000: 3322.924: [GC [PSYoungGen: 242122K->1759K(236096K)] 637011K->396736K(923072K), 0.0157740 secs] [Times: user=0.07 sys=0.00, real=0.01 secs] 
2014-07-08T19:44:00.846+0000: 3324.976: [GC [PSYoungGen: 236061K->2561K(231360K)] 631038K->397602K(918336K), 0.0279110 secs] [Times: user=0.11 sys=0.00, real=0.03 secs] 
2014-07-08T19:44:04.213+0000: 3328.343: [GC [PSYoungGen: 231297K->1014K(224384K)] 626338K->396886K(911360K), 0.0205690 secs] [Times: user=0.07 sys=0.00, real=0.02 secs] 
2014-07-08T19:44:06.859+0000: 3330.989: [GC [PSYoungGen: 224373K->1930K(220160K)] 620245K->397913K(907136K), 0.0284320 secs] [Times: user=0.11 sys=0.00, real=0.03 secs] 
2014-07-08T19:44:09.276+0000: 3333.407: [GC [PSYoungGen: 220106K->2241K(215488K)] 616089K->398479K(902464K), 0.0263020 secs] [Times: user=0.09 sys=0.00, real=0.02 secs] 
2014-07-08T19:44:11.889+0000: 3336.019: [GC [PSYoungGen: 215425K->1780K(210176K)] 611663K->398073K(897152K), 0.0254690 secs] [Times: user=0.09 sys=0.00, real=0.02 secs] 
2014-07-08T19:44:14.329+0000: 3338.460: [GC [PSYoungGen: 210162K->1462K(205248K)] 606455K->398178K(892224K), 0.0111360 secs] [Times: user=0.05 sys=0.00, real=0.01 secs] 
2014-07-08T19:44:16.509+0000: 3340.639: [GC [PSYoungGen: 205203K->1804K(201152K)] 601919K->398600K(888128K), 0.0253170 secs] [Times: user=0.09 sys=0.01, real=0.02 secs] 
2014-07-08T19:44:19.236+0000: 3343.366: [GC [PSYoungGen: 201096K->1837K(196864K)] 597892K->398713K(883840K), 0.0101230 secs] [Times: user=0.04 sys=0.00, real=0.01 secs] 
2014-07-08T19:44:21.682+0000: 3345.813: [GC [PSYoungGen: 196825K->2313K(193216K)] 593701K->399301K(880192K), 0.0292800 secs] [Times: user=0.11 sys=0.00, real=0.03 secs] 
2014-07-08T19:44:24.059+0000: 3348.189: [GC [PSYoungGen: 193114K->1086K(187904K)] 590101K->398601K(874880K), 0.0262420 secs] [Times: user=0.09 sys=0.00, real=0.02 secs] 
2014-07-08T19:44:26.051+0000: 3350.181: [GC [PSYoungGen: 187896K->1830K(184768K)] 585412K->399450K(871744K), 0.0173890 secs] [Times: user=0.07 sys=0.00, real=0.02 secs] 
2014-07-08T19:44:27.935+0000: 3352.066: [GC [PSYoungGen: 184713K->1872K(181056K)] 582333K->399636K(868032K), 0.0170290 secs] [Times: user=0.07 sys=0.00, real=0.02 secs] 
2014-07-08T19:44:29.841+0000: 3353.972: [GC [PSYoungGen: 180962K->1904K(216896K)] 578726K->399756K(903872K), 0.0279980 secs] [Times: user=0.09 sys=0.00, real=0.03 secs] 
2014-07-08T19:44:32.364+0000: 3356.494: [GC [PSYoungGen: 216847K->1330K(259328K)] 614699K->399680K(946304K), 0.0303550 secs] [Times: user=0.11 sys=0.00, real=0.03 secs] 
2014-07-08T19:44:35.457+0000: 3359.587: [GC [PSYoungGen: 259314K->2253K(253888K)] 657664K->400731K(940864K), 0.0241370 secs] [Times: user=0.09 sys=0.00, real=0.03 secs] 
2014-07-08T19:44:38.444+0000: 3362.575: [GC [PSYoungGen: 253823K->1407K(246784K)] 652300K->400162K(933760K), 0.0153530 secs] [Times: user=0.06 sys=0.00, real=0.01 secs] 
2014-07-08T19:44:41.336+0000: 3365.467: [GC [PSYoungGen: 246772K->1652K(241088K)] 645527K->400511K(928064K), 0.0142000 secs] [Times: user=0.05 sys=0.01, real=0.01 secs] 
2014-07-08T19:44:43.850+0000: 3367.980: [GC [PSYoungGen: 241076K->2103K(235776K)] 639935K->401154K(922752K), 0.0315250 secs] [Times: user=0.12 sys=0.00, real=0.04 secs] 
2014-07-08T19:44:46.733+0000: 3370.863: [GC [PSYoungGen: 235727K->2060K(230272K)] 634778K->401271K(917248K), 0.0292920 secs] [Times: user=0.11 sys=0.00, real=0.03 secs] 
2014-07-08T19:44:49.309+0000: 3373.439: [GC [PSYoungGen: 230220K->1078K(223936K)] 629431K->400919K(910912K), 0.0132410 secs] [Times: user=0.04 sys=0.00, real=0.02 secs] 
2014-07-08T19:44:51.781+0000: 3375.911: [GC [PSYoungGen: 223883K->2360K(220096K)] 623725K->402273K(907072K), 0.0266010 secs] [Times: user=0.10 sys=0.00, real=0.03 secs] 
2014-07-08T19:44:54.052+0000: 3378.182: [GC [PSYoungGen: 220060K->1719K(214528K)] 619974K->401994K(901504K), 0.0175870 secs] [Times: user=0.06 sys=0.00, real=0.02 secs] 
2014-07-08T19:44:56.389+0000: 3380.519: [GC [PSYoungGen: 214481K->1602K(209664K)] 614756K->401965K(896640K), 0.0063380 secs] [Times: user=0.02 sys=0.00, real=0.01 secs] 
2014-07-08T19:44:58.719+0000: 3382.849: [GC [PSYoungGen: 209602K->1897K(205312K)] 609965K->402428K(892288K), 0.0252550 secs] [Times: user=0.10 sys=0.01, real=0.03 secs] 
2014-07-08T19:45:01.245+0000: 3385.376: [GC [PSYoungGen: 205289K->2057K(201024K)] 605820K->402692K(888000K), 0.0304750 secs] [Times: user=0.11 sys=0.00, real=0.03 secs] 
2014-07-08T19:45:03.934+0000: 3388.064: [GC [PSYoungGen: 200969K->1248K(195904K)] 601604K->402464K(882880K), 0.0282660 secs] [Times: user=0.11 sys=0.00, real=0.03 secs] 
2014-07-08T19:45:06.134+0000: 3390.264: [GC [PSYoungGen: 195835K->2200K(235840K)] 597050K->403520K(922816K), 0.0309130 secs] [Times: user=0.11 sys=0.00, real=0.03 secs] 
2014-07-08T19:45:08.521+0000: 3392.651: [GC [PSYoungGen: 235792K->1647K(229760K)] 637112K->403571K(916736K), 0.0079630 secs] [Times: user=0.02 sys=0.00, real=0.01 secs] 
2014-07-08T19:45:11.475+0000: 3395.605: [GC [PSYoungGen: 229740K->1844K(224640K)] 631664K->403855K(911616K), 0.0156090 secs] [Times: user=0.06 sys=0.01, real=0.02 secs] 
2014-07-08T19:45:14.352+0000: 3398.483: [GC [PSYoungGen: 224628K->1744K(219456K)] 626639K->403908K(906432K), 0.0091440 secs] [Times: user=0.03 sys=0.00, real=0.01 secs] 
2014-07-08T19:45:16.747+0000: 3400.878: [GC [PSYoungGen: 219408K->2231K(214976K)] 621572K->404572K(901952K), 0.0218110 secs] [Times: user=0.08 sys=0.00, real=0.02 secs] 
2014-07-08T19:45:19.415+0000: 3403.545: [GC [PSYoungGen: 214967K->1278K(209216K)] 617308K->404108K(896192K), 0.0158840 secs] [Times: user=0.06 sys=0.00, real=0.02 secs] 
2014-07-08T19:45:22.354+0000: 3406.485: [GC [PSYoungGen: 209214K->1932K(205312K)] 612044K->404908K(892288K), 0.0184440 secs] [Times: user=0.06 sys=0.01, real=0.02 secs] 
2014-07-08T19:45:24.775+0000: 3408.905: [GC [PSYoungGen: 205249K->2033K(200896K)] 608225K->405201K(887872K), 0.0113580 secs] [Times: user=0.03 sys=0.00, real=0.01 secs] 
2014-07-08T19:45:27.680+0000: 3411.811: [GC [PSYoungGen: 200854K->1808K(240512K)] 604022K->405056K(927488K), 0.0719060 secs] [Times: user=0.26 sys=0.01, real=0.07 secs] 
2014-07-08T19:45:31.079+0000: 3415.209: [GC [PSYoungGen: 240402K->1396K(234368K)] 643650K->404960K(921344K), 0.0219130 secs] [Times: user=0.08 sys=0.00, real=0.02 secs] 
2014-07-08T19:45:34.461+0000: 3418.592: [GC [PSYoungGen: 234356K->2124K(229632K)] 637920K->405808K(916608K), 0.0218360 secs] [Times: user=0.06 sys=0.00, real=0.02 secs] 
2014-07-08T19:45:37.490+0000: 3421.620: [GC [PSYoungGen: 229565K->1574K(223744K)] 633249K->405450K(910720K), 0.0225120 secs] [Times: user=0.07 sys=0.01, real=0.02 secs] 
2014-07-08T19:45:40.603+0000: 3424.733: [GC [PSYoungGen: 223707K->1744K(218816K)] 627583K->405692K(905792K), 0.0209080 secs] [Times: user=0.07 sys=0.00, real=0.02 secs] 
2014-07-08T19:45:43.638+0000: 3427.768: [GC [PSYoungGen: 218768K->1772K(213888K)] 622716K->405936K(900864K), 0.0189260 secs] [Times: user=0.07 sys=0.00, real=0.02 secs] 
2014-07-08T19:45:46.551+0000: 3430.681: [GC [PSYoungGen: 213867K->2028K(209408K)] 618031K->406312K(896384K), 0.0383460 secs] [Times: user=0.14 sys=0.00, real=0.04 secs] 
2014-07-08T19:45:49.573+0000: 3433.704: [GC [PSYoungGen: 209363K->1192K(203968K)] 613647K->405972K(890944K), 0.0346480 secs] [Times: user=0.13 sys=0.00, real=0.03 secs] 
2014-07-08T19:45:52.264+0000: 3436.394: [GC [PSYoungGen: 203944K->2415K(200768K)] 608724K->407390K(887744K), 0.0230710 secs] [Times: user=0.08 sys=0.00, real=0.02 secs] 
2014-07-08T19:45:55.546+0000: 3439.677: [GC [PSYoungGen: 200751K->1274K(239296K)] 605726K->406954K(926272K), 0.0419290 secs] [Times: user=0.16 sys=0.00, real=0.04 secs] 
2014-07-08T19:45:58.676+0000: 3442.807: [GC [PSYoungGen: 239290K->2068K(234432K)] 644970K->407861K(921408K), 0.0105780 secs] [Times: user=0.04 sys=0.00, real=0.01 secs] 
2014-07-08T19:46:01.625+0000: 3445.756: [GC [PSYoungGen: 234388K->1896K(228736K)] 640180K->407941K(915712K), 0.0282530 secs] [Times: user=0.11 sys=0.00, real=0.03 secs] 
2014-07-08T19:46:04.453+0000: 3448.583: [GC [PSYoungGen: 228705K->2352K(223936K)] 634749K->408556K(910912K), 0.0219560 secs] [Times: user=0.08 sys=0.00, real=0.02 secs] 
2014-07-08T19:46:07.592+0000: 3451.723: [GC [PSYoungGen: 223906K->892K(217344K)] 630111K->408149K(904320K), 0.0200140 secs] [Times: user=0.07 sys=0.00, real=0.02 secs] 
2014-07-08T19:46:10.610+0000: 3454.740: [GC [PSYoungGen: 217340K->2168K(213696K)] 624597K->409513K(900672K), 0.0248180 secs] [Times: user=0.09 sys=0.00, real=0.03 secs] 
2014-07-08T19:46:13.650+0000: 3457.780: [GC [PSYoungGen: 213688K->1872K(208704K)] 621033K->409609K(895680K), 0.0104050 secs] [Times: user=0.03 sys=0.00, real=0.01 secs] 
2014-07-08T19:46:16.665+0000: 3460.795: [GC [PSYoungGen: 208648K->1840K(204096K)] 616385K->409681K(891072K), 0.0203750 secs] [Times: user=0.07 sys=0.00, real=0.03 secs] 
2014-07-08T19:46:19.761+0000: 3463.891: [GC [PSYoungGen: 204034K->1399K(199232K)] 611875K->409696K(886208K), 0.0164490 secs] [Times: user=0.06 sys=0.00, real=0.02 secs] 
2014-07-08T19:46:22.748+0000: 3466.879: [GC [PSYoungGen: 199214K->1876K(195456K)] 607511K->410277K(882432K), 0.0096930 secs] [Times: user=0.03 sys=0.00, real=0.01 secs] 
2014-07-08T19:46:25.267+0000: 3469.397: [GC [PSYoungGen: 195412K->1556K(191040K)] 603813K->410157K(878016K), 0.0293120 secs] [Times: user=0.11 sys=0.00, real=0.03 secs] 
2014-07-08T19:46:27.880+0000: 3472.010: [GC [PSYoungGen: 190926K->1908K(187392K)] 599527K->410597K(874368K), 0.0157580 secs] [Times: user=0.03 sys=0.00, real=0.01 secs] 
2014-07-08T19:46:30.765+0000: 3474.895: [GC [PSYoungGen: 187380K->1648K(183296K)] 596069K->410545K(870272K), 0.0150980 secs] [Times: user=0.05 sys=0.00, real=0.02 secs] 
2014-07-08T19:46:33.428+0000: 3477.558: [GC [PSYoungGen: 183280K->2153K(180096K)] 592177K->411162K(867072K), 0.0185420 secs] [Times: user=0.07 sys=0.00, real=0.02 secs] 
2014-07-08T19:46:35.980+0000: 3480.110: [GC [PSYoungGen: 180035K->1086K(175424K)] 589044K->410541K(862400K), 0.0274600 secs] [Times: user=0.11 sys=0.00, real=0.02 secs] 
2014-07-08T19:46:38.585+0000: 3482.716: [GC [PSYoungGen: 175422K->2313K(173248K)] 584877K->411848K(860224K), 0.0304290 secs] [Times: user=0.10 sys=0.00, real=0.03 secs] 
2014-07-08T19:46:40.696+0000: 3484.826: [GC [PSYoungGen: 173109K->1587K(169088K)] 582644K->411652K(856064K), 0.0078000 secs] [Times: user=0.01 sys=0.00, real=0.01 secs] 
2014-07-08T19:46:42.836+0000: 3486.967: [GC [PSYoungGen: 169056K->1663K(165888K)] 579121K->411824K(852864K), 0.0102740 secs] [Times: user=0.03 sys=0.00, real=0.01 secs] 
2014-07-08T19:46:45.136+0000: 3489.266: [GC [PSYoungGen: 165886K->2028K(163136K)] 576047K->412415K(850112K), 0.0208480 secs] [Times: user=0.08 sys=0.00, real=0.02 secs] 
2014-07-08T19:46:47.518+0000: 3491.648: [GC [PSYoungGen: 163072K->1588K(159616K)] 573459K->412079K(846592K), 0.0125690 secs] [Times: user=0.05 sys=0.00, real=0.02 secs] 
2014-07-08T19:46:49.642+0000: 3493.772: [GC [PSYoungGen: 159604K->1644K(156736K)] 570095K->412247K(843712K), 0.0092670 secs] [Times: user=0.03 sys=0.00, real=0.01 secs] 
2014-07-08T19:46:51.941+0000: 3496.071: [GC [PSYoungGen: 156689K->2220K(154432K)] 567292K->412920K(841408K), 0.0403340 secs] [Times: user=0.15 sys=0.00, real=0.04 secs] 
2014-07-08T19:46:54.377+0000: 3498.508: [GC [PSYoungGen: 154410K->1380K(184064K)] 565109K->412552K(871040K), 0.0388860 secs] [Times: user=0.14 sys=0.00, real=0.04 secs] 
2014-07-08T19:46:56.993+0000: 3501.123: [GC [PSYoungGen: 184033K->1822K(221056K)] 595204K->413090K(908032K), 0.0290280 secs] [Times: user=0.11 sys=0.00, real=0.03 secs] 
2014-07-08T19:47:00.055+0000: 3504.185: [GC [PSYoungGen: 221022K->2025K(265088K)] 632290K->413558K(952064K), 0.0423200 secs] [Times: user=0.16 sys=0.00, real=0.04 secs] 
2014-07-08T19:47:03.556+0000: 3507.687: [GC [PSYoungGen: 265065K->1840K(258304K)] 676598K->413477K(945280K), 0.0146780 secs] [Times: user=0.05 sys=0.00, real=0.01 secs] 
2014-07-08T19:47:07.464+0000: 3511.594: [GC [PSYoungGen: 258288K->1395K(251520K)] 669925K->413594K(938496K), 0.0243510 secs] [Times: user=0.09 sys=0.01, real=0.02 secs] 
2014-07-08T19:47:10.920+0000: 3515.050: [GC [PSYoungGen: 251507K->1968K(245952K)] 663706K->414271K(932928K), 0.0234790 secs] [Times: user=0.09 sys=0.00, real=0.03 secs] 
2014-07-08T19:47:14.464+0000: 3518.594: [GC [PSYoungGen: 245936K->1776K(239872K)] 658239K->414327K(926848K), 0.0287740 secs] [Times: user=0.11 sys=0.01, real=0.02 secs] 
2014-07-08T19:47:17.841+0000: 3521.972: [GC [PSYoungGen: 239856K->1836K(234240K)] 652407K->414508K(921216K), 0.0220060 secs] [Times: user=0.08 sys=0.00, real=0.02 secs] 
2014-07-08T19:47:21.294+0000: 3525.425: [GC [PSYoungGen: 234217K->1278K(228160K)] 646888K->414295K(915136K), 0.0094210 secs] [Times: user=0.03 sys=0.00, real=0.01 secs] 
2014-07-08T19:47:24.444+0000: 3528.574: [GC [PSYoungGen: 228158K->1936K(223616K)] 641175K->415090K(910592K), 0.0367490 secs] [Times: user=0.14 sys=0.00, real=0.04 secs] 
2014-07-08T19:47:27.516+0000: 3531.646: [GC [PSYoungGen: 223539K->1661K(218176K)] 636693K->415387K(905152K), 0.0316470 secs] [Times: user=0.12 sys=0.00, real=0.03 secs] 
2014-07-08T19:47:30.464+0000: 3534.595: [GC [PSYoungGen: 218164K->1872K(213504K)] 631889K->415662K(900480K), 0.0221980 secs] [Times: user=0.09 sys=0.00, real=0.03 secs] 
2014-07-08T19:47:33.547+0000: 3537.677: [GC [PSYoungGen: 213456K->1469K(208320K)] 627246K->415838K(895296K), 0.0355680 secs] [Times: user=0.12 sys=0.00, real=0.04 secs] 
2014-07-08T19:47:36.511+0000: 3540.642: [GC [PSYoungGen: 208317K->2296K(204608K)] 622686K->416793K(891584K), 0.0166090 secs] [Times: user=0.06 sys=0.00, real=0.02 secs] 
2014-07-08T19:47:38.967+0000: 3543.097: [GC [PSYoungGen: 204600K->1128K(199040K)] 619097K->416445K(886016K), 0.0338960 secs] [Times: user=0.13 sys=0.00, real=0.04 secs] 
2014-07-08T19:47:41.673+0000: 3545.803: [GC [PSYoungGen: 199016K->2050K(195712K)] 614333K->417415K(882688K), 0.0259080 secs] [Times: user=0.09 sys=0.00, real=0.03 secs] 
2014-07-08T19:47:44.375+0000: 3548.506: [GC [PSYoungGen: 195648K->1769K(234112K)] 611013K->417527K(921088K), 0.0450390 secs] [Times: user=0.17 sys=0.01, real=0.05 secs] 
2014-07-08T19:47:47.828+0000: 3551.958: [GC [PSYoungGen: 234089K->2249K(229120K)] 649847K->418111K(916096K), 0.0119190 secs] [Times: user=0.04 sys=0.01, real=0.02 secs] 
2014-07-08T19:47:51.185+0000: 3555.315: [GC [PSYoungGen: 229065K->932K(222528K)] 644927K->417631K(909504K), 0.0305650 secs] [Times: user=0.12 sys=0.00, real=0.03 secs] 
2014-07-08T19:47:54.204+0000: 3558.335: [GC [PSYoungGen: 222466K->2495K(218944K)] 639165K->419362K(905920K), 0.0337330 secs] [Times: user=0.12 sys=0.00, real=0.03 secs] 
2014-07-08T19:47:57.156+0000: 3561.286: [GC [PSYoungGen: 218943K->1587K(261376K)] 635810K->419180K(948352K), 0.0385060 secs] [Times: user=0.15 sys=0.00, real=0.04 secs] 
2014-07-08T19:48:00.848+0000: 3564.979: [GC [PSYoungGen: 261363K->1616K(254976K)] 678956K->419273K(941952K), 0.0083910 secs] [Times: user=0.03 sys=0.00, real=0.01 secs] 
2014-07-08T19:48:04.530+0000: 3568.660: [GC [PSYoungGen: 254928K->2028K(249088K)] 672585K->419829K(936064K), 0.0195670 secs] [Times: user=0.07 sys=0.00, real=0.02 secs] 
2014-07-08T19:48:07.959+0000: 3572.089: [GC [PSYoungGen: 249068K->2280K(243328K)] 666869K->420201K(930304K), 0.0188860 secs] [Times: user=0.07 sys=0.00, real=0.02 secs] 
2014-07-08T19:48:11.638+0000: 3575.768: [GC [PSYoungGen: 243304K->1078K(236352K)] 661225K->419837K(923328K), 0.0211210 secs] [Times: user=0.07 sys=0.00, real=0.02 secs] 
2014-07-08T19:48:14.692+0000: 3578.822: [GC [PSYoungGen: 236342K->2086K(231808K)] 655101K->420957K(918784K), 0.0250940 secs] [Times: user=0.09 sys=0.00, real=0.03 secs] 
2014-07-08T19:48:18.094+0000: 3582.224: [GC [PSYoungGen: 231773K->1968K(226304K)] 650644K->421173K(913280K), 0.0187280 secs] [Times: user=0.07 sys=0.00, real=0.01 secs] 
2014-07-08T19:48:21.187+0000: 3585.317: [GC [PSYoungGen: 226262K->2000K(221184K)] 645467K->421277K(908160K), 0.0283960 secs] [Times: user=0.11 sys=0.00, real=0.03 secs] 
2014-07-08T19:48:24.343+0000: 3588.474: [GC [PSYoungGen: 221136K->1259K(215424K)] 640413K->421278K(902400K), 0.0573750 secs] [Times: user=0.22 sys=0.00, real=0.06 secs] 
2014-07-08T19:48:27.372+0000: 3591.503: [GC [PSYoungGen: 215390K->2206K(259264K)] 635409K->422330K(946240K), 0.0328220 secs] [Times: user=0.12 sys=0.00, real=0.04 secs] 
2014-07-08T19:48:30.656+0000: 3594.786: [GC [PSYoungGen: 259230K->1530K(310016K)] 679354K->421994K(996992K), 0.0389050 secs] [Times: user=0.14 sys=0.00, real=0.03 secs] 
2014-07-08T19:48:34.849+0000: 3598.980: [GC [PSYoungGen: 310008K->2040K(372224K)] 730471K->422615K(1059200K), 0.0390980 secs] [Times: user=0.15 sys=0.00, real=0.04 secs] 
2014-07-08T19:48:39.995+0000: 3604.125: [GC [PSYoungGen: 372203K->1441K(360768K)] 792778K->422521K(1047744K), 0.0216190 secs] [Times: user=0.09 sys=0.00, real=0.02 secs] 
2014-07-08T19:48:44.828+0000: 3608.959: [GC [PSYoungGen: 360737K->2044K(350912K)] 781817K->423243K(1037888K), 0.0265710 secs] [Times: user=0.10 sys=0.00, real=0.02 secs] 
2014-07-08T19:48:49.674+0000: 3613.804: [GC [PSYoungGen: 350883K->1376K(340288K)] 772082K->423557K(1027264K), 0.0166830 secs] [Times: user=0.06 sys=0.00, real=0.02 secs] 
2014-07-08T19:48:54.700+0000: 3618.830: [GC [PSYoungGen: 340254K->2289K(331584K)] 762436K->424550K(1018560K), 0.0053440 secs] [Times: user=0.02 sys=0.00, real=0.00 secs] 
2014-07-08T19:48:59.453+0000: 3623.583: [GC [PSYoungGen: 331524K->1340K(321408K)] 753785K->424744K(1008384K), 0.0128050 secs] [Times: user=0.03 sys=0.00, real=0.01 secs] 
2014-07-08T19:49:02.775+0000: 3626.905: [GC [PSYoungGen: 321404K->2624K(386752K)] 744808K->440150K(1073728K), 0.0989980 secs] [Times: user=0.38 sys=0.01, real=0.10 secs] 
Heap
 PSYoungGen      total 386752K, used 205319K [0x0000000755560000, 0x000000078cfd0000, 0x0000000800000000)
  eden space 384128K, 52% used [0x0000000755560000,0x0000000761b51d28,0x000000076cc80000)
  from space 2624K, 100% used [0x000000078cbf0000,0x000000078ce80000,0x000000078ce80000)
  to   space 1344K, 0% used [0x000000078ce80000,0x000000078ce80000,0x000000078cfd0000)
 ParOldGen       total 686976K, used 437526K [0x0000000600000000, 0x0000000629ee0000, 0x0000000755560000)
  object space 686976K, 63% used [0x0000000600000000,0x000000061ab45920,0x0000000629ee0000)
 PSPermGen       total 21248K, used 11304K [0x00000005f5a00000, 0x00000005f6ec0000, 0x0000000600000000)
  object space 21248K, 53% used [0x00000005f5a00000,0x00000005f650a090,0x00000005f6ec0000)
