2014-07-08T19:58:28.871+0000: 22.518: [GC [PSYoungGen: 257728K->15282K(300608K)] 257728K->15290K(987584K), 0.0383930 secs] [Times: user=0.14 sys=0.01, real=0.04 secs] 
2014-07-08T19:58:32.845+0000: 26.492: [GC [PSYoungGen: 273010K->18737K(300608K)] 273018K->18753K(987584K), 0.0075880 secs] [Times: user=0.03 sys=0.01, real=0.01 secs] 
2014-07-08T19:58:33.963+0000: 27.610: [GC [PSYoungGen: 276465K->22869K(300608K)] 276481K->22885K(987584K), 0.0304570 secs] [Times: user=0.20 sys=0.01, real=0.03 secs] 
2014-07-08T19:58:35.347+0000: 28.994: [GC [PSYoungGen: 280597K->26055K(300608K)] 280613K->26079K(987584K), 0.0109350 secs] [Times: user=0.06 sys=0.01, real=0.02 secs] 
2014-07-08T19:58:36.612+0000: 30.259: [GC [PSYoungGen: 283783K->28445K(279808K)] 283807K->28469K(966784K), 0.0127050 secs] [Times: user=0.05 sys=0.01, real=0.01 secs] 
2014-07-08T19:58:37.882+0000: 31.529: [GC [PSYoungGen: 279773K->28496K(282048K)] 279797K->28528K(969024K), 0.0190280 secs] [Times: user=0.11 sys=0.01, real=0.02 secs] 
2014-07-08T19:58:39.236+0000: 32.883: [GC [PSYoungGen: 280272K->12176K(286208K)] 280304K->29541K(973184K), 0.0320530 secs] [Times: user=0.20 sys=0.02, real=0.04 secs] 
2014-07-08T19:58:40.712+0000: 34.359: [GC [PSYoungGen: 263952K->5202K(537280K)] 281317K->30226K(1224256K), 0.0077500 secs] [Times: user=0.04 sys=0.01, real=0.01 secs] 
2014-07-08T19:58:45.711+0000: 39.358: [GC [PSYoungGen: 507154K->4057K(489472K)] 532178K->31597K(1176448K), 0.0061100 secs] [Times: user=0.03 sys=0.01, real=0.00 secs] 
2014-07-08T19:58:50.000+0000: 43.647: [GC [PSYoungGen: 489403K->1801K(493248K)] 516942K->31156K(1180224K), 0.0068380 secs] [Times: user=0.04 sys=0.00, real=0.01 secs] 
2014-07-08T19:58:54.280+0000: 47.927: [GC [PSYoungGen: 471369K->1466K(455936K)] 500724K->31238K(1142912K), 0.0104440 secs] [Times: user=0.07 sys=0.00, real=0.02 secs] 
2014-07-08T19:58:58.448+0000: 52.095: [GC [PSYoungGen: 455930K->1608K(464192K)] 485702K->31388K(1151168K), 0.0048060 secs] [Times: user=0.02 sys=0.00, real=0.01 secs] 
2014-07-08T19:59:02.171+0000: 55.818: [GC [PSYoungGen: 441608K->1422K(427648K)] 471388K->31210K(1114624K), 0.0043370 secs] [Times: user=0.03 sys=0.00, real=0.00 secs] 
2014-07-08T19:59:06.003+0000: 59.650: [GC [PSYoungGen: 427598K->1454K(436544K)] 457386K->31242K(1123520K), 0.0104240 secs] [Times: user=0.05 sys=0.00, real=0.01 secs] 
2014-07-08T19:59:09.936+0000: 63.583: [GC [PSYoungGen: 414382K->1280K(401600K)] 444170K->31068K(1088576K), 0.0065620 secs] [Times: user=0.02 sys=0.00, real=0.00 secs] 
2014-07-08T19:59:13.791+0000: 67.438: [GC [PSYoungGen: 401536K->1238K(410368K)] 431324K->31034K(1097344K), 0.0074200 secs] [Times: user=0.02 sys=0.00, real=0.01 secs] 
2014-07-08T19:59:17.238+0000: 70.885: [GC [PSYoungGen: 389334K->1206K(377664K)] 419130K->31010K(1064640K), 0.0084580 secs] [Times: user=0.03 sys=0.00, real=0.01 secs] 
2014-07-08T19:59:20.741+0000: 74.388: [GC [PSYoungGen: 377654K->1284K(385856K)] 407458K->31088K(1072832K), 0.0051790 secs] [Times: user=0.02 sys=0.00, real=0.01 secs] 
2014-07-08T19:59:24.039+0000: 77.686: [GC [PSYoungGen: 366596K->1376K(356032K)] 396400K->31181K(1043008K), 0.0086000 secs] [Times: user=0.04 sys=0.00, real=0.01 secs] 
2014-07-08T19:59:27.101+0000: 80.748: [GC [PSYoungGen: 356000K->1330K(362816K)] 385805K->31134K(1049792K), 0.0100010 secs] [Times: user=0.05 sys=0.00, real=0.01 secs] 
2014-07-08T19:59:30.127+0000: 83.774: [GC [PSYoungGen: 345714K->1480K(336128K)] 375518K->31284K(1023104K), 0.0086710 secs] [Times: user=0.04 sys=0.00, real=0.01 secs] 
2014-07-08T19:59:33.101+0000: 86.748: [GC [PSYoungGen: 336072K->1564K(341504K)] 365876K->31369K(1028480K), 0.0064990 secs] [Times: user=0.02 sys=0.00, real=0.01 secs] 
2014-07-08T19:59:36.112+0000: 89.759: [GC [PSYoungGen: 326748K->1434K(317632K)] 356553K->31238K(1004608K), 0.0099410 secs] [Times: user=0.05 sys=0.00, real=0.01 secs] 
2014-07-08T19:59:38.888+0000: 92.535: [GC [PSYoungGen: 317591K->1398K(321664K)] 347395K->31210K(1008640K), 0.0084770 secs] [Times: user=0.04 sys=0.01, real=0.01 secs] 
2014-07-08T19:59:41.391+0000: 95.038: [GC [PSYoungGen: 308839K->1124K(300288K)] 338652K->30936K(987264K), 0.0065040 secs] [Times: user=0.03 sys=0.00, real=0.01 secs] 
2014-07-08T19:59:43.806+0000: 97.453: [GC [PSYoungGen: 300260K->1532K(303488K)] 330072K->31345K(990464K), 0.0074920 secs] [Times: user=0.04 sys=0.00, real=0.01 secs] 
2014-07-08T19:59:45.986+0000: 99.633: [GC [PSYoungGen: 292668K->1562K(285056K)] 322481K->31374K(972032K), 0.0056670 secs] [Times: user=0.02 sys=0.00, real=0.01 secs] 
2014-07-08T19:59:48.176+0000: 101.823: [GC [PSYoungGen: 285018K->1604K(286656K)] 314830K->31433K(973632K), 0.0042480 secs] [Times: user=0.01 sys=0.01, real=0.01 secs] 
2014-07-08T19:59:50.590+0000: 104.237: [GC [PSYoungGen: 277700K->1540K(270592K)] 307529K->31368K(957568K), 0.0052370 secs] [Times: user=0.03 sys=0.00, real=0.00 secs] 
2014-07-08T19:59:52.792+0000: 106.439: [GC [PSYoungGen: 270532K->1614K(271040K)] 300360K->31443K(958016K), 0.0057940 secs] [Times: user=0.03 sys=0.00, real=0.00 secs] 
2014-07-08T19:59:54.952+0000: 108.599: [GC [PSYoungGen: 263758K->1270K(256832K)] 293587K->31098K(943808K), 0.0050540 secs] [Times: user=0.02 sys=0.00, real=0.00 secs] 
2014-07-08T19:59:56.937+0000: 110.584: [GC [PSYoungGen: 256822K->1340K(256768K)] 286650K->31201K(943744K), 0.0072780 secs] [Times: user=0.04 sys=0.00, real=0.01 secs] 
2014-07-08T19:59:58.897+0000: 112.544: [GC [PSYoungGen: 250556K->1244K(244416K)] 280417K->31144K(931392K), 0.0080930 secs] [Times: user=0.04 sys=0.01, real=0.01 secs] 
2014-07-08T20:00:00.896+0000: 114.543: [GC [PSYoungGen: 244380K->1554K(242944K)] 274280K->31470K(929920K), 0.0058070 secs] [Times: user=0.03 sys=0.00, real=0.01 secs] 
2014-07-08T20:00:02.905+0000: 116.552: [GC [PSYoungGen: 238793K->1340K(232960K)] 268710K->31272K(919936K), 0.0052090 secs] [Times: user=0.02 sys=0.00, real=0.00 secs] 
2014-07-08T20:00:04.797+0000: 118.444: [GC [PSYoungGen: 232956K->1274K(229696K)] 262888K->31254K(916672K), 0.0056450 secs] [Times: user=0.01 sys=0.00, real=0.01 secs] 
2014-07-08T20:00:06.628+0000: 120.275: [GC [PSYoungGen: 227450K->1316K(222272K)] 257430K->31360K(909248K), 0.0064360 secs] [Times: user=0.03 sys=0.00, real=0.01 secs] 
2014-07-08T20:00:08.340+0000: 121.987: [GC [PSYoungGen: 222244K->1388K(217280K)] 252288K->31504K(904256K), 0.0062840 secs] [Times: user=0.03 sys=0.00, real=0.01 secs] 
2014-07-08T20:00:09.956+0000: 123.603: [GC [PSYoungGen: 217260K->1440K(212480K)] 247376K->31628K(899456K), 0.0075150 secs] [Times: user=0.03 sys=0.00, real=0.01 secs] 
2014-07-08T20:00:11.785+0000: 125.432: [GC [PSYoungGen: 212448K->1440K(207744K)] 242636K->31701K(894720K), 0.0048830 secs] [Times: user=0.02 sys=0.00, real=0.00 secs] 
2014-07-08T20:00:13.446+0000: 127.093: [GC [PSYoungGen: 207712K->1380K(203136K)] 237973K->31728K(890112K), 0.0052640 secs] [Times: user=0.03 sys=0.00, real=0.00 secs] 
2014-07-08T20:00:14.909+0000: 128.556: [GC [PSYoungGen: 203108K->1398K(198720K)] 233456K->31834K(885696K), 0.0046930 secs] [Times: user=0.02 sys=0.00, real=0.01 secs] 
2014-07-08T20:00:16.768+0000: 130.415: [GC [PSYoungGen: 198679K->1270K(194368K)] 229116K->31802K(881344K), 0.0073160 secs] [Times: user=0.03 sys=0.01, real=0.01 secs] 
2014-07-08T20:00:18.200+0000: 131.847: [GC [PSYoungGen: 194358K->1422K(190464K)] 224890K->32034K(877440K), 0.0042460 secs] [Times: user=0.01 sys=0.00, real=0.01 secs] 
2014-07-08T20:00:19.859+0000: 133.506: [GC [PSYoungGen: 190414K->1238K(186304K)] 221026K->31906K(873280K), 0.0059860 secs] [Times: user=0.03 sys=0.00, real=0.01 secs] 
2014-07-08T20:00:21.580+0000: 135.227: [GC [PSYoungGen: 186262K->1326K(182528K)] 216930K->32058K(869504K), 0.0136090 secs] [Times: user=0.08 sys=0.00, real=0.01 secs] 
2014-07-08T20:00:23.116+0000: 136.763: [GC [PSYoungGen: 182510K->1280K(178816K)] 213242K->32068K(865792K), 0.0033260 secs] [Times: user=0.01 sys=0.01, real=0.00 secs] 
2014-07-08T20:00:24.661+0000: 138.308: [GC [PSYoungGen: 178752K->1256K(175168K)] 209540K->32084K(862144K), 0.0121700 secs] [Times: user=0.06 sys=0.00, real=0.01 secs] 
2014-07-08T20:00:25.936+0000: 139.583: [GC [PSYoungGen: 175105K->1623K(172096K)] 205934K->32589K(859072K), 0.0070610 secs] [Times: user=0.03 sys=0.00, real=0.00 secs] 
2014-07-08T20:00:27.264+0000: 140.911: [GC [PSYoungGen: 172055K->1689K(168768K)] 203021K->32728K(855744K), 0.0050500 secs] [Times: user=0.03 sys=0.01, real=0.00 secs] 
2014-07-08T20:00:28.771+0000: 142.418: [GC [PSYoungGen: 168729K->1284K(165120K)] 199768K->32378K(852096K), 0.0055550 secs] [Times: user=0.03 sys=0.00, real=0.01 secs] 
2014-07-08T20:00:30.036+0000: 143.683: [GC [PSYoungGen: 165060K->1402K(162048K)] 196154K->32584K(849024K), 0.0037870 secs] [Times: user=0.02 sys=0.00, real=0.00 secs] 
2014-07-08T20:00:31.266+0000: 144.913: [GC [PSYoungGen: 162041K->1256K(158848K)] 193223K->32518K(845824K), 0.0092510 secs] [Times: user=0.05 sys=0.00, real=0.01 secs] 
2014-07-08T20:00:32.779+0000: 146.426: [GC [PSYoungGen: 158824K->1572K(156224K)] 190086K->32859K(843200K), 0.0092710 secs] [Times: user=0.04 sys=0.00, real=0.01 secs] 
2014-07-08T20:00:33.896+0000: 147.543: [GC [PSYoungGen: 156196K->1604K(153408K)] 187483K->32994K(840384K), 0.0049030 secs] [Times: user=0.02 sys=0.00, real=0.00 secs] 
2014-07-08T20:00:35.106+0000: 148.753: [GC [PSYoungGen: 153348K->1366K(150400K)] 184738K->32836K(837376K), 0.0046540 secs] [Times: user=0.03 sys=0.00, real=0.01 secs] 
2014-07-08T20:00:36.408+0000: 150.055: [GC [PSYoungGen: 150358K->1358K(147712K)] 181828K->32900K(834688K), 0.0041400 secs] [Times: user=0.01 sys=0.00, real=0.00 secs] 
2014-07-08T20:00:37.723+0000: 151.370: [GC [PSYoungGen: 147662K->1334K(145024K)] 179204K->32948K(832000K), 0.0098010 secs] [Times: user=0.05 sys=0.01, real=0.01 secs] 
2014-07-08T20:00:38.913+0000: 152.560: [GC [PSYoungGen: 145014K->1680K(142848K)] 176628K->33382K(829824K), 0.0084160 secs] [Times: user=0.04 sys=0.00, real=0.01 secs] 
2014-07-08T20:00:39.951+0000: 153.598: [GC [PSYoungGen: 142800K->992K(139648K)] 174502K->32734K(826624K), 0.0055200 secs] [Times: user=0.02 sys=0.00, real=0.01 secs] 
2014-07-08T20:00:41.209+0000: 154.856: [GC [PSYoungGen: 139616K->1502K(137792K)] 171358K->33340K(824768K), 0.0036500 secs] [Times: user=0.02 sys=0.00, real=0.00 secs] 
2014-07-08T20:00:42.300+0000: 155.947: [GC [PSYoungGen: 137758K->1575K(135552K)] 169596K->33477K(822528K), 0.0044380 secs] [Times: user=0.03 sys=0.00, real=0.00 secs] 
2014-07-08T20:00:43.425+0000: 157.072: [GC [PSYoungGen: 135478K->1376K(133120K)] 167380K->33390K(820096K), 0.0043790 secs] [Times: user=0.03 sys=0.00, real=0.01 secs] 
2014-07-08T20:00:44.446+0000: 158.093: [GC [PSYoungGen: 133088K->1476K(131072K)] 165102K->33547K(818048K), 0.0061040 secs] [Times: user=0.03 sys=0.00, real=0.01 secs] 
2014-07-08T20:00:45.498+0000: 159.145: [GC [PSYoungGen: 131012K->1590K(129024K)] 163083K->33740K(816000K), 0.0058340 secs] [Times: user=0.03 sys=0.00, real=0.00 secs] 
2014-07-08T20:00:46.605+0000: 160.252: [GC [PSYoungGen: 129014K->1486K(126912K)] 161164K->33725K(813888K), 0.0060510 secs] [Times: user=0.04 sys=0.00, real=0.01 secs] 
2014-07-08T20:00:47.703+0000: 161.350: [GC [PSYoungGen: 126825K->1434K(124800K)] 159064K->33744K(811776K), 0.0045620 secs] [Times: user=0.02 sys=0.00, real=0.00 secs] 
2014-07-08T20:00:48.686+0000: 162.333: [GC [PSYoungGen: 124762K->1412K(122816K)] 157072K->33803K(809792K), 0.0048300 secs] [Times: user=0.03 sys=0.00, real=0.01 secs] 
2014-07-08T20:00:49.744+0000: 163.391: [GC [PSYoungGen: 122754K->1416K(120896K)] 155145K->33870K(807872K), 0.0055580 secs] [Times: user=0.02 sys=0.00, real=0.01 secs] 
2014-07-08T20:00:50.620+0000: 164.267: [GC [PSYoungGen: 120803K->1440K(119040K)] 153258K->33998K(806016K), 0.0039180 secs] [Times: user=0.02 sys=0.00, real=0.00 secs] 
2014-07-08T20:00:51.432+0000: 165.079: [GC [PSYoungGen: 119008K->1490K(117312K)] 151566K->34136K(804288K), 0.0057000 secs] [Times: user=0.03 sys=0.00, real=0.01 secs] 
2014-07-08T20:00:52.342+0000: 165.989: [GC [PSYoungGen: 117266K->1272K(115264K)] 149912K->34119K(802240K), 0.0063320 secs] [Times: user=0.04 sys=0.00, real=0.01 secs] 
2014-07-08T20:00:53.386+0000: 167.033: [GC [PSYoungGen: 115211K->1434K(113728K)] 148057K->34368K(800704K), 0.0066250 secs] [Times: user=0.03 sys=0.00, real=0.01 secs] 
2014-07-08T20:00:54.114+0000: 167.761: [GC [PSYoungGen: 113690K->1262K(111872K)] 146624K->34372K(798848K), 0.0075260 secs] [Times: user=0.05 sys=0.00, real=0.01 secs] 
2014-07-08T20:00:55.186+0000: 168.833: [GC [PSYoungGen: 111854K->1306K(110336K)] 144964K->34456K(797312K), 0.0091810 secs] [Times: user=0.05 sys=0.01, real=0.01 secs] 
2014-07-08T20:00:55.943+0000: 169.590: [GC [PSYoungGen: 110298K->1270K(108672K)] 143448K->34606K(795648K), 0.0079620 secs] [Times: user=0.05 sys=0.00, real=0.01 secs] 
2014-07-08T20:00:56.962+0000: 170.609: [GC [PSYoungGen: 108661K->1622K(107520K)] 141998K->35039K(794496K), 0.0049790 secs] [Times: user=0.03 sys=0.00, real=0.00 secs] 
2014-07-08T20:00:57.858+0000: 171.505: [GC [PSYoungGen: 107478K->804K(105152K)] 140895K->34460K(792128K), 0.0052300 secs] [Times: user=0.02 sys=0.00, real=0.01 secs] 
2014-07-08T20:00:58.804+0000: 172.451: [GC [PSYoungGen: 105124K->1458K(104320K)] 138780K->35187K(791296K), 0.0076540 secs] [Times: user=0.04 sys=0.00, real=0.01 secs] 
2014-07-08T20:00:59.449+0000: 173.096: [GC [PSYoungGen: 104306K->1288K(102784K)] 138035K->35178K(789760K), 0.0060060 secs] [Times: user=0.03 sys=0.00, real=0.00 secs] 
2014-07-08T20:01:00.219+0000: 173.866: [GC [PSYoungGen: 102728K->1334K(101376K)] 136618K->35296K(788352K), 0.0039380 secs] [Times: user=0.02 sys=0.00, real=0.00 secs] 
2014-07-08T20:01:01.012+0000: 174.659: [GC [PSYoungGen: 101366K->1080K(99776K)] 135328K->35327K(786752K), 0.0081320 secs] [Times: user=0.04 sys=0.00, real=0.01 secs] 
2014-07-08T20:01:01.888+0000: 175.535: [GC [PSYoungGen: 99766K->1380K(98752K)] 134013K->35706K(785728K), 0.0054410 secs] [Times: user=0.02 sys=0.01, real=0.01 secs] 
2014-07-08T20:01:02.766+0000: 176.413: [GC [PSYoungGen: 98724K->1150K(97216K)] 133050K->35817K(784192K), 0.0056260 secs] [Times: user=0.03 sys=0.00, real=0.01 secs] 
2014-07-08T20:01:03.461+0000: 177.108: [GC [PSYoungGen: 97214K->1530K(96320K)] 131881K->36277K(783296K), 0.0048870 secs] [Times: user=0.02 sys=0.01, real=0.00 secs] 
2014-07-08T20:01:04.068+0000: 177.715: [GC [PSYoungGen: 96314K->942K(94528K)] 131061K->35963K(781504K), 0.0082970 secs] [Times: user=0.04 sys=0.00, real=0.01 secs] 
2014-07-08T20:01:05.012+0000: 178.659: [GC [PSYoungGen: 94510K->1604K(94016K)] 129531K->36689K(780992K), 0.0057910 secs] [Times: user=0.02 sys=0.00, real=0.00 secs] 
2014-07-08T20:01:05.817+0000: 179.464: [GC [PSYoungGen: 93956K->1016K(92160K)] 129041K->36637K(779136K), 0.0047640 secs] [Times: user=0.03 sys=0.00, real=0.01 secs] 
2014-07-08T20:01:06.603+0000: 180.250: [GC [PSYoungGen: 92124K->1686K(91712K)] 127745K->37379K(778688K), 0.0064370 secs] [Times: user=0.04 sys=0.00, real=0.00 secs] 
2014-07-08T20:01:07.245+0000: 180.892: [GC [PSYoungGen: 91654K->1010K(89856K)] 127347K->37221K(776832K), 0.0073720 secs] [Times: user=0.04 sys=0.00, real=0.01 secs] 
2014-07-08T20:01:08.021+0000: 181.668: [GC [PSYoungGen: 89842K->1202K(88960K)] 126053K->37461K(775936K), 0.0080650 secs] [Times: user=0.05 sys=0.00, real=0.01 secs] 
2014-07-08T20:01:08.876+0000: 182.523: [GC [PSYoungGen: 88946K->1384K(88064K)] 125205K->37805K(775040K), 0.0044980 secs] [Times: user=0.03 sys=0.00, real=0.00 secs] 
2014-07-08T20:01:09.471+0000: 183.118: [GC [PSYoungGen: 88040K->1288K(86912K)] 124461K->37781K(773888K), 0.0064540 secs] [Times: user=0.03 sys=0.00, real=0.00 secs] 
2014-07-08T20:01:10.118+0000: 183.765: [GC [PSYoungGen: 86849K->996K(85568K)] 123342K->37673K(772544K), 0.0044660 secs] [Times: user=0.03 sys=0.00, real=0.01 secs] 
2014-07-08T20:01:10.882+0000: 184.529: [GC [PSYoungGen: 85540K->1088K(84608K)] 122217K->37821K(771584K), 0.0064730 secs] [Times: user=0.03 sys=0.01, real=0.00 secs] 
2014-07-08T20:01:11.728+0000: 185.375: [GC [PSYoungGen: 84608K->1440K(84032K)] 121341K->38229K(771008K), 0.0042910 secs] [Times: user=0.02 sys=0.00, real=0.01 secs] 
2014-07-08T20:01:12.266+0000: 185.913: [GC [PSYoungGen: 84000K->1188K(82816K)] 120789K->38049K(769792K), 0.0041580 secs] [Times: user=0.02 sys=0.00, real=0.00 secs] 
2014-07-08T20:01:12.946+0000: 186.593: [GC [PSYoungGen: 82775K->1064K(81728K)] 119637K->38157K(768704K), 0.0036930 secs] [Times: user=0.02 sys=0.00, real=0.00 secs] 
2014-07-08T20:01:13.841+0000: 187.488: [GC [PSYoungGen: 81678K->1456K(81152K)] 118771K->38637K(768128K), 0.0048330 secs] [Times: user=0.02 sys=0.00, real=0.00 secs] 
2014-07-08T20:01:14.292+0000: 187.939: [GC [PSYoungGen: 81122K->1078K(96704K)] 118303K->38906K(783680K), 0.0104090 secs] [Times: user=0.06 sys=0.00, real=0.02 secs] 
2014-07-08T20:01:15.099+0000: 188.746: [GC [PSYoungGen: 96694K->1640K(96000K)] 134522K->39548K(782976K), 0.0037150 secs] [Times: user=0.01 sys=0.00, real=0.01 secs] 
2014-07-08T20:01:15.982+0000: 189.629: [GC [PSYoungGen: 95943K->1014K(94144K)] 133850K->39309K(781120K), 0.0041610 secs] [Times: user=0.01 sys=0.00, real=0.01 secs] 
2014-07-08T20:01:16.821+0000: 190.468: [GC [PSYoungGen: 94134K->1853K(93760K)] 132429K->40276K(780736K), 0.0033290 secs] [Times: user=0.02 sys=0.00, real=0.01 secs] 
2014-07-08T20:01:17.554+0000: 191.201: [GC [PSYoungGen: 93720K->893K(91648K)] 132143K->39753K(778624K), 0.0054510 secs] [Times: user=0.03 sys=0.00, real=0.00 secs] 
2014-07-08T20:01:18.199+0000: 191.846: [GC [PSYoungGen: 91645K->1770K(91392K)] 130505K->40745K(778368K), 0.0055310 secs] [Times: user=0.02 sys=0.00, real=0.01 secs] 
2014-07-08T20:01:19.026+0000: 192.673: [GC [PSYoungGen: 91370K->1398K(89856K)] 130345K->40582K(776832K), 0.0066450 secs] [Times: user=0.04 sys=0.00, real=0.01 secs] 
2014-07-08T20:01:19.897+0000: 193.544: [GC [PSYoungGen: 89846K->1494K(88896K)] 129030K->40767K(775872K), 0.0071260 secs] [Times: user=0.04 sys=0.00, real=0.01 secs] 
2014-07-08T20:01:20.710+0000: 194.357: [GC [PSYoungGen: 88854K->1188K(87488K)] 128127K->40725K(774464K), 0.0084440 secs] [Times: user=0.04 sys=0.00, real=0.01 secs] 
2014-07-08T20:01:21.433+0000: 195.080: [GC [PSYoungGen: 87460K->1640K(86912K)] 126997K->41233K(773888K), 0.0086520 secs] [Times: user=0.06 sys=0.00, real=0.01 secs] 
2014-07-08T20:01:22.026+0000: 195.673: [GC [PSYoungGen: 86888K->1010K(85248K)] 126481K->40858K(772224K), 0.0065310 secs] [Times: user=0.04 sys=0.00, real=0.01 secs] 
2014-07-08T20:01:22.853+0000: 196.500: [GC [PSYoungGen: 85232K->1792K(85056K)] 125081K->41713K(772032K), 0.0037980 secs] [Times: user=0.01 sys=0.00, real=0.00 secs] 
2014-07-08T20:01:23.436+0000: 197.083: [GC [PSYoungGen: 84991K->1124K(83392K)] 124912K->41345K(770368K), 0.0058480 secs] [Times: user=0.04 sys=0.00, real=0.00 secs] 
2014-07-08T20:01:23.998+0000: 197.645: [GC [PSYoungGen: 83364K->1522K(82816K)] 123585K->41839K(769792K), 0.0035550 secs] [Times: user=0.02 sys=0.00, real=0.00 secs] 
2014-07-08T20:01:24.828+0000: 198.475: [GC [PSYoungGen: 82801K->1316K(81664K)] 123117K->41752K(768640K), 0.0048870 secs] [Times: user=0.03 sys=0.00, real=0.01 secs] 
2014-07-08T20:01:25.524+0000: 199.171: [GC [PSYoungGen: 81636K->1530K(80960K)] 122072K->42038K(767936K), 0.0045870 secs] [Times: user=0.02 sys=0.00, real=0.00 secs] 
2014-07-08T20:01:26.049+0000: 199.696: [GC [PSYoungGen: 80954K->996K(79552K)] 121462K->41744K(766528K), 0.0049040 secs] [Times: user=0.02 sys=0.00, real=0.01 secs] 
2014-07-08T20:01:26.945+0000: 200.592: [GC [PSYoungGen: 79524K->1366K(79040K)] 120272K->42194K(766016K), 0.0048370 secs] [Times: user=0.02 sys=0.00, real=0.00 secs] 
2014-07-08T20:01:27.739+0000: 201.386: [GC [PSYoungGen: 78922K->1466K(78208K)] 119751K->42513K(765184K), 0.0035240 secs] [Times: user=0.02 sys=0.00, real=0.00 secs] 
2014-07-08T20:01:28.238+0000: 201.885: [GC [PSYoungGen: 78202K->1434K(77376K)] 119249K->42576K(764352K), 0.0059960 secs] [Times: user=0.04 sys=0.00, real=0.01 secs] 
2014-07-08T20:01:28.949+0000: 202.596: [GC [PSYoungGen: 77338K->946K(76032K)] 118480K->42409K(763008K), 0.0105380 secs] [Times: user=0.06 sys=0.01, real=0.01 secs] 
2014-07-08T20:01:29.776+0000: 203.423: [GC [PSYoungGen: 76018K->1512K(75776K)] 117481K->43054K(762752K), 0.0032430 secs] [Times: user=0.01 sys=0.00, real=0.00 secs] 
2014-07-08T20:01:30.343+0000: 203.990: [GC [PSYoungGen: 75684K->1388K(74880K)] 117227K->43181K(761856K), 0.0084860 secs] [Times: user=0.04 sys=0.00, real=0.01 secs] 
2014-07-08T20:01:31.010+0000: 204.657: [GC [PSYoungGen: 74860K->1028K(73792K)] 116653K->42860K(760768K), 0.0052570 secs] [Times: user=0.02 sys=0.00, real=0.01 secs] 
2014-07-08T20:01:31.788+0000: 205.435: [GC [PSYoungGen: 73729K->1384K(88704K)] 115562K->43361K(775680K), 0.0105530 secs] [Times: user=0.07 sys=0.00, real=0.01 secs] 
2014-07-08T20:01:32.449+0000: 206.096: [GC [PSYoungGen: 88676K->1434K(106240K)] 130652K->43506K(793216K), 0.0200120 secs] [Times: user=0.15 sys=0.00, real=0.02 secs] 
2014-07-08T20:01:33.397+0000: 207.044: [GC [PSYoungGen: 106202K->996K(126784K)] 148274K->43348K(813760K), 0.0075560 secs] [Times: user=0.04 sys=0.00, real=0.01 secs] 
2014-07-08T20:01:34.749+0000: 208.396: [GC [PSYoungGen: 126756K->1398K(133120K)] 169108K->43838K(820096K), 0.0077910 secs] [Times: user=0.05 sys=0.00, real=0.01 secs] 
2014-07-08T20:01:35.903+0000: 209.550: [GC [PSYoungGen: 132622K->1320K(130432K)] 175062K->43864K(817408K), 0.0044350 secs] [Times: user=0.02 sys=0.00, real=0.01 secs] 
2014-07-08T20:01:36.988+0000: 210.635: [GC [PSYoungGen: 130408K->1558K(128576K)] 172952K->44191K(815552K), 0.0089390 secs] [Times: user=0.06 sys=0.00, real=0.01 secs] 
2014-07-08T20:01:38.127+0000: 211.774: [GC [PSYoungGen: 128534K->680K(125632K)] 171167K->43916K(812608K), 0.0074040 secs] [Times: user=0.05 sys=0.00, real=0.00 secs] 
2014-07-08T20:01:39.410+0000: 213.057: [GC [PSYoungGen: 125608K->1750K(124736K)] 168844K->45059K(811712K), 0.0082310 secs] [Times: user=0.05 sys=0.01, real=0.01 secs] 
2014-07-08T20:01:40.619+0000: 214.266: [GC [PSYoungGen: 124651K->1124K(122112K)] 167960K->44935K(809088K), 0.0175850 secs] [Times: user=0.10 sys=0.01, real=0.02 secs] 
2014-07-08T20:01:41.804+0000: 215.451: [GC [PSYoungGen: 122084K->1334K(120384K)] 165895K->45225K(807360K), 0.0059860 secs] [Times: user=0.03 sys=0.00, real=0.01 secs] 
2014-07-08T20:01:42.867+0000: 216.514: [GC [PSYoungGen: 120374K->960K(118144K)] 164265K->44988K(805120K), 0.0064990 secs] [Times: user=0.05 sys=0.00, real=0.00 secs] 
2014-07-08T20:01:43.935+0000: 217.582: [GC [PSYoungGen: 118144K->1450K(116864K)] 162172K->45543K(803840K), 0.0050360 secs] [Times: user=0.02 sys=0.00, real=0.01 secs] 
2014-07-08T20:01:45.105+0000: 218.752: [GC [PSYoungGen: 116821K->1458K(115136K)] 160914K->45655K(802112K), 0.0080610 secs] [Times: user=0.05 sys=0.00, real=0.01 secs] 
2014-07-08T20:01:46.022+0000: 219.669: [GC [PSYoungGen: 115107K->1416K(113408K)] 159304K->45685K(800384K), 0.0181150 secs] [Times: user=0.12 sys=0.00, real=0.02 secs] 
2014-07-08T20:01:47.066+0000: 220.713: [GC [PSYoungGen: 113352K->940K(111232K)] 157621K->45619K(798208K), 0.0095420 secs] [Times: user=0.06 sys=0.00, real=0.01 secs] 
2014-07-08T20:01:48.112+0000: 221.759: [GC [PSYoungGen: 111212K->1330K(110016K)] 155891K->46049K(796992K), 0.0067160 secs] [Times: user=0.03 sys=0.01, real=0.01 secs] 
2014-07-08T20:01:49.183+0000: 222.830: [GC [PSYoungGen: 110002K->1458K(108544K)] 154721K->46353K(795520K), 0.0044640 secs] [Times: user=0.02 sys=0.00, real=0.01 secs] 
2014-07-08T20:01:50.377+0000: 224.024: [GC [PSYoungGen: 108530K->1550K(107136K)] 153425K->46533K(794112K), 0.0096570 secs] [Times: user=0.06 sys=0.00, real=0.00 secs] 
2014-07-08T20:01:51.327+0000: 224.974: [GC [PSYoungGen: 107086K->676K(104768K)] 152069K->46183K(791744K), 0.0072930 secs] [Times: user=0.04 sys=0.00, real=0.00 secs] 
2014-07-08T20:01:52.239+0000: 225.886: [GC [PSYoungGen: 104740K->1838K(104448K)] 150247K->47465K(791424K), 0.0068890 secs] [Times: user=0.03 sys=0.00, real=0.00 secs] 
2014-07-08T20:01:53.158+0000: 226.805: [GC [PSYoungGen: 104430K->1202K(102400K)] 150057K->47193K(789376K), 0.0067980 secs] [Times: user=0.04 sys=0.00, real=0.00 secs] 
2014-07-08T20:01:54.178+0000: 227.825: [GC [PSYoungGen: 102339K->1622K(101440K)] 148331K->47701K(788416K), 0.0096530 secs] [Times: user=0.06 sys=0.00, real=0.01 secs] 
2014-07-08T20:01:55.133+0000: 228.780: [GC [PSYoungGen: 101398K->1138K(99584K)] 147477K->47361K(786560K), 0.0080250 secs] [Times: user=0.05 sys=0.00, real=0.01 secs] 
2014-07-08T20:01:56.158+0000: 229.805: [GC [PSYoungGen: 99570K->1572K(98688K)] 145793K->47875K(785664K), 0.0059580 secs] [Times: user=0.04 sys=0.00, real=0.01 secs] 
2014-07-08T20:01:57.034+0000: 230.681: [GC [PSYoungGen: 98624K->1266K(97088K)] 144927K->47785K(784064K), 0.0067740 secs] [Times: user=0.03 sys=0.00, real=0.01 secs] 
2014-07-08T20:01:58.062+0000: 231.709: [GC [PSYoungGen: 97072K->1504K(96064K)] 143591K->48161K(783040K), 0.0065380 secs] [Times: user=0.03 sys=0.00, real=0.01 secs] 
2014-07-08T20:01:58.968+0000: 232.615: [GC [PSYoungGen: 96032K->1064K(94400K)] 142689K->48077K(781376K), 0.0033930 secs] [Times: user=0.01 sys=0.00, real=0.00 secs] 
2014-07-08T20:01:59.928+0000: 233.575: [GC [PSYoungGen: 94376K->1532K(93632K)] 141389K->48602K(780608K), 0.0111780 secs] [Times: user=0.07 sys=0.00, real=0.02 secs] 
2014-07-08T20:02:00.844+0000: 234.491: [GC [PSYoungGen: 93579K->1146K(92096K)] 140649K->48455K(779072K), 0.0045950 secs] [Times: user=0.02 sys=0.00, real=0.00 secs] 
2014-07-08T20:02:01.641+0000: 235.288: [GC [PSYoungGen: 92047K->1516K(91328K)] 139357K->48921K(778304K), 0.0093200 secs] [Times: user=0.07 sys=0.00, real=0.01 secs] 
2014-07-08T20:02:02.248+0000: 235.895: [GC [PSYoungGen: 91308K->1082K(108864K)] 138713K->48623K(795840K), 0.0117540 secs] [Times: user=0.07 sys=0.00, real=0.02 secs] 
2014-07-08T20:02:03.352+0000: 236.999: [GC [PSYoungGen: 108857K->1522K(130880K)] 156399K->49136K(817856K), 0.0096700 secs] [Times: user=0.06 sys=0.00, real=0.01 secs] 
2014-07-08T20:02:04.753+0000: 238.400: [GC [PSYoungGen: 130866K->1128K(128384K)] 178480K->49005K(815360K), 0.0054120 secs] [Times: user=0.03 sys=0.00, real=0.00 secs] 
2014-07-08T20:02:05.946+0000: 239.593: [GC [PSYoungGen: 128360K->1266K(126464K)] 176237K->49207K(813440K), 0.0044120 secs] [Times: user=0.03 sys=0.00, real=0.01 secs] 
2014-07-08T20:02:07.163+0000: 240.810: [GC [PSYoungGen: 126416K->1192K(124416K)] 174357K->49393K(811392K), 0.0091130 secs] [Times: user=0.06 sys=0.00, real=0.01 secs] 
2014-07-08T20:02:08.146+0000: 241.793: [GC [PSYoungGen: 124392K->1242K(122496K)] 172593K->49491K(809472K), 0.0064270 secs] [Times: user=0.03 sys=0.01, real=0.01 secs] 
2014-07-08T20:02:09.329+0000: 242.976: [GC [PSYoungGen: 122439K->1138K(120448K)] 170689K->49564K(807424K), 0.0086480 secs] [Times: user=0.04 sys=0.00, real=0.01 secs] 
2014-07-08T20:02:10.526+0000: 244.173: [GC [PSYoungGen: 120414K->1782K(119232K)] 168840K->50312K(806208K), 0.0058730 secs] [Times: user=0.04 sys=0.00, real=0.01 secs] 
2014-07-08T20:02:11.761+0000: 245.408: [GC [PSYoungGen: 119222K->676K(116352K)] 167752K->49859K(803328K), 0.0103540 secs] [Times: user=0.07 sys=0.00, real=0.01 secs] 
2014-07-08T20:02:12.862+0000: 246.510: [GC [PSYoungGen: 116314K->1911K(115840K)] 165498K->51244K(802816K), 0.0047680 secs] [Times: user=0.03 sys=0.00, real=0.00 secs] 
2014-07-08T20:02:13.874+0000: 247.521: [GC [PSYoungGen: 115814K->1270K(113472K)] 165147K->50935K(800448K), 0.0077230 secs] [Times: user=0.02 sys=0.00, real=0.01 secs] 
2014-07-08T20:02:14.946+0000: 248.593: [GC [PSYoungGen: 113462K->1466K(112000K)] 163127K->51227K(798976K), 0.0040940 secs] [Times: user=0.01 sys=0.00, real=0.00 secs] 
2014-07-08T20:02:16.122+0000: 249.769: [GC [PSYoungGen: 111994K->1402K(110336K)] 161755K->51219K(797312K), 0.0146470 secs] [Times: user=0.09 sys=0.00, real=0.01 secs] 
2014-07-08T20:02:16.938+0000: 250.585: [GC [PSYoungGen: 110330K->1266K(108608K)] 160147K->51163K(795584K), 0.0092360 secs] [Times: user=0.05 sys=0.00, real=0.01 secs] 
2014-07-08T20:02:18.067+0000: 251.714: [GC [PSYoungGen: 108594K->1320K(107136K)] 158491K->51313K(794112K), 0.0043340 secs] [Times: user=0.03 sys=0.00, real=0.01 secs] 
2014-07-08T20:02:18.992+0000: 252.639: [GC [PSYoungGen: 107112K->1366K(105664K)] 157105K->51423K(792640K), 0.0085200 secs] [Times: user=0.05 sys=0.00, real=0.00 secs] 
2014-07-08T20:02:20.006+0000: 253.653: [GC [PSYoungGen: 105622K->1192K(104000K)] 155679K->51337K(790976K), 0.0058880 secs] [Times: user=0.04 sys=0.01, real=0.01 secs] 
2014-07-08T20:02:21.126+0000: 254.773: [GC [PSYoungGen: 103946K->1475K(102912K)] 154091K->51724K(789888K), 0.0090250 secs] [Times: user=0.05 sys=0.00, real=0.01 secs] 
2014-07-08T20:02:22.030+0000: 255.677: [GC [PSYoungGen: 102851K->1144K(101120K)] 153100K->51701K(788096K), 0.0049790 secs] [Times: user=0.03 sys=0.00, real=0.01 secs] 
2014-07-08T20:02:23.022+0000: 256.669: [GC [PSYoungGen: 101108K->1561K(100224K)] 151665K->52214K(787200K), 0.0097800 secs] [Times: user=0.05 sys=0.01, real=0.01 secs] 
2014-07-08T20:02:24.071+0000: 257.718: [GC [PSYoungGen: 100182K->992K(98304K)] 150836K->51927K(785280K), 0.0043340 secs] [Times: user=0.02 sys=0.00, real=0.01 secs] 
2014-07-08T20:02:24.947+0000: 258.594: [GC [PSYoungGen: 98232K->1530K(97536K)] 149167K->52545K(784512K), 0.0047770 secs] [Times: user=0.02 sys=0.00, real=0.01 secs] 
2014-07-08T20:02:25.870+0000: 259.517: [GC [PSYoungGen: 97530K->1202K(95936K)] 148545K->52435K(782912K), 0.0060340 secs] [Times: user=0.03 sys=0.00, real=0.01 secs] 
2014-07-08T20:02:26.721+0000: 260.368: [GC [PSYoungGen: 95922K->1366K(94912K)] 147155K->52647K(781888K), 0.0065430 secs] [Times: user=0.02 sys=0.00, real=0.01 secs] 
2014-07-08T20:02:27.464+0000: 261.111: [GC [PSYoungGen: 94869K->1020K(93312K)] 146150K->52882K(780288K), 0.0060530 secs] [Times: user=0.03 sys=0.01, real=0.00 secs] 
2014-07-08T20:02:28.250+0000: 261.897: [GC [PSYoungGen: 93257K->1700K(92800K)] 145118K->53641K(779776K), 0.0092290 secs] [Times: user=0.05 sys=0.00, real=0.01 secs] 
2014-07-08T20:02:29.100+0000: 262.747: [GC [PSYoungGen: 92772K->1020K(90944K)] 144713K->53532K(777920K), 0.0050780 secs] [Times: user=0.03 sys=0.00, real=0.01 secs] 
2014-07-08T20:02:30.052+0000: 263.699: [GC [PSYoungGen: 90940K->1562K(90368K)] 143452K->54129K(777344K), 0.0046030 secs] [Times: user=0.02 sys=0.00, real=0.01 secs] 
2014-07-08T20:02:30.992+0000: 264.639: [GC [PSYoungGen: 90283K->1248K(88960K)] 142850K->54181K(775936K), 0.0060010 secs] [Times: user=0.04 sys=0.00, real=0.01 secs] 
2014-07-08T20:02:31.792+0000: 265.439: [GC [PSYoungGen: 88928K->1654K(88256K)] 141861K->54684K(775232K), 0.0075480 secs] [Times: user=0.05 sys=0.00, real=0.01 secs] 
2014-07-08T20:02:32.535+0000: 266.182: [GC [PSYoungGen: 88246K->950K(86464K)] 141276K->54139K(773440K), 0.0065450 secs] [Times: user=0.03 sys=0.00, real=0.00 secs] 
2014-07-08T20:02:33.220+0000: 266.867: [GC [PSYoungGen: 86453K->1508K(86016K)] 139643K->54793K(772992K), 0.0052360 secs] [Times: user=0.03 sys=0.00, real=0.01 secs] 
2014-07-08T20:02:34.120+0000: 267.767: [GC [PSYoungGen: 85988K->1376K(84864K)] 139273K->54773K(771840K), 0.0091410 secs] [Times: user=0.05 sys=0.01, real=0.01 secs] 
2014-07-08T20:02:35.073+0000: 268.720: [GC [PSYoungGen: 84832K->1494K(84032K)] 138229K->55004K(771008K), 0.0049510 secs] [Times: user=0.03 sys=0.00, real=0.01 secs] 
2014-07-08T20:02:35.841+0000: 269.488: [GC [PSYoungGen: 83990K->804K(82368K)] 137500K->54847K(769344K), 0.0062250 secs] [Times: user=0.03 sys=0.00, real=0.01 secs] 
2014-07-08T20:02:36.441+0000: 270.088: [GC [PSYoungGen: 82340K->1668K(82304K)] 136383K->55776K(769280K), 0.0071560 secs] [Times: user=0.05 sys=0.00, real=0.01 secs] 
2014-07-08T20:02:37.164+0000: 270.812: [GC [PSYoungGen: 82221K->1216K(80896K)] 136329K->55591K(767872K), 0.0069510 secs] [Times: user=0.04 sys=0.00, real=0.00 secs] 
2014-07-08T20:02:38.028+0000: 271.675: [GC [PSYoungGen: 80896K->1420K(80256K)] 135271K->55867K(767232K), 0.0047400 secs] [Times: user=0.02 sys=0.00, real=0.00 secs] 
2014-07-08T20:02:38.767+0000: 272.414: [GC [PSYoungGen: 80187K->1060K(78976K)] 134635K->55675K(765952K), 0.0076730 secs] [Times: user=0.05 sys=0.00, real=0.01 secs] 
2014-07-08T20:02:39.358+0000: 273.005: [GC [PSYoungGen: 78948K->1486K(78528K)] 133563K->56205K(765504K), 0.0072300 secs] [Times: user=0.05 sys=0.00, real=0.01 secs] 
2014-07-08T20:02:40.094+0000: 273.741: [GC [PSYoungGen: 78443K->1134K(77312K)] 133162K->56113K(764288K), 0.0072970 secs] [Times: user=0.03 sys=0.00, real=0.01 secs] 
2014-07-08T20:02:40.954+0000: 274.601: [GC [PSYoungGen: 77294K->1302K(76672K)] 132273K->56395K(763648K), 0.0069810 secs] [Times: user=0.03 sys=0.01, real=0.01 secs] 
2014-07-08T20:02:41.696+0000: 275.343: [GC [PSYoungGen: 76630K->1146K(75648K)] 131723K->56569K(762624K), 0.0054020 secs] [Times: user=0.03 sys=0.00, real=0.00 secs] 
2014-07-08T20:02:42.228+0000: 275.875: [GC [PSYoungGen: 75638K->1416K(90880K)] 131062K->56927K(777856K), 0.0103880 secs] [Times: user=0.06 sys=0.01, real=0.01 secs] 
2014-07-08T20:02:43.004+0000: 276.651: [GC [PSYoungGen: 90824K->994K(89344K)] 146335K->57180K(776320K), 0.0046700 secs] [Times: user=0.03 sys=0.00, real=0.01 secs] 
2014-07-08T20:02:44.065+0000: 277.712: [GC [PSYoungGen: 89314K->1288K(88576K)] 145500K->57521K(775552K), 0.0110410 secs] [Times: user=0.07 sys=0.00, real=0.01 secs] 
2014-07-08T20:02:44.883+0000: 278.530: [GC [PSYoungGen: 88519K->1270K(105984K)] 144753K->57655K(792960K), 0.0120310 secs] [Times: user=0.07 sys=0.00, real=0.02 secs] 
2014-07-08T20:02:45.868+0000: 279.515: [GC [PSYoungGen: 105974K->1408K(104704K)] 162359K->57882K(791680K), 0.0037230 secs] [Times: user=0.02 sys=0.00, real=0.00 secs] 
2014-07-08T20:02:46.893+0000: 280.540: [GC [PSYoungGen: 104640K->872K(102656K)] 161114K->57862K(789632K), 0.0117780 secs] [Times: user=0.07 sys=0.00, real=0.01 secs] 
2014-07-08T20:02:48.013+0000: 281.660: [GC [PSYoungGen: 102632K->1416K(101824K)] 159622K->58494K(788800K), 0.0075890 secs] [Times: user=0.04 sys=0.00, real=0.01 secs] 
2014-07-08T20:02:48.874+0000: 282.521: [GC [PSYoungGen: 101768K->1138K(111360K)] 158846K->58695K(798336K), 0.0158930 secs] [Times: user=0.08 sys=0.00, real=0.02 secs] 
2014-07-08T20:02:49.930+0000: 283.577: [GC [PSYoungGen: 111346K->1508K(110144K)] 168903K->59137K(797120K), 0.0059400 secs] [Times: user=0.04 sys=0.00, real=0.01 secs] 
2014-07-08T20:02:51.017+0000: 284.664: [GC [PSYoungGen: 110096K->306K(107328K)] 167724K->59049K(794304K), 0.0058600 secs] [Times: user=0.03 sys=0.01, real=0.00 secs] 
2014-07-08T20:02:51.972+0000: 285.619: [GC [PSYoungGen: 107314K->1708K(107200K)] 166057K->60653K(794176K), 0.0082900 secs] [Times: user=0.05 sys=0.00, real=0.01 secs] 
2014-07-08T20:02:53.022+0000: 286.669: [GC [PSYoungGen: 107177K->1426K(105472K)] 166122K->60791K(792448K), 0.0050530 secs] [Times: user=0.04 sys=0.00, real=0.00 secs] 
2014-07-08T20:02:54.040+0000: 287.687: [GC [PSYoungGen: 105426K->1459K(104000K)] 164791K->60880K(790976K), 0.0080230 secs] [Times: user=0.05 sys=0.00, real=0.01 secs] 
2014-07-08T20:02:54.872+0000: 288.519: [GC [PSYoungGen: 103987K->828K(101952K)] 163408K->60661K(788928K), 0.0102490 secs] [Times: user=0.05 sys=0.00, real=0.01 secs] 
2014-07-08T20:02:55.876+0000: 289.523: [GC [PSYoungGen: 101948K->1680K(101440K)] 161781K->61593K(788416K), 0.0096380 secs] [Times: user=0.06 sys=0.00, real=0.01 secs] 
2014-07-08T20:02:56.830+0000: 290.477: [GC [PSYoungGen: 101362K->1209K(99584K)] 161276K->61544K(786560K), 0.0046010 secs] [Times: user=0.02 sys=0.00, real=0.00 secs] 
2014-07-08T20:02:57.776+0000: 291.423: [GC [PSYoungGen: 99577K->1594K(98624K)] 159912K->62002K(785600K), 0.0070940 secs] [Times: user=0.04 sys=0.00, real=0.01 secs] 
2014-07-08T20:02:58.769+0000: 292.416: [GC [PSYoungGen: 98618K->1056K(96832K)] 159026K->61901K(783808K), 0.0052160 secs] [Times: user=0.02 sys=0.00, real=0.00 secs] 
2014-07-08T20:02:59.682+0000: 293.329: [GC [PSYoungGen: 96800K->1412K(95936K)] 157645K->62297K(782912K), 0.0102110 secs] [Times: user=0.06 sys=0.00, real=0.01 secs] 
2014-07-08T20:03:00.443+0000: 294.090: [GC [PSYoungGen: 95876K->1192K(94464K)] 156761K->62489K(781440K), 0.0087860 secs] [Times: user=0.05 sys=0.01, real=0.01 secs] 
2014-07-08T20:03:01.228+0000: 294.875: [GC [PSYoungGen: 94440K->1448K(93504K)] 155737K->62793K(780480K), 0.0063030 secs] [Times: user=0.03 sys=0.00, real=0.01 secs] 
2014-07-08T20:03:02.195+0000: 295.842: [GC [PSYoungGen: 93480K->1074K(91968K)] 154825K->62877K(778944K), 0.0088720 secs] [Times: user=0.05 sys=0.00, real=0.01 secs] 
2014-07-08T20:03:03.036+0000: 296.683: [GC [PSYoungGen: 91954K->1782K(91520K)] 153757K->63788K(778496K), 0.0094320 secs] [Times: user=0.05 sys=0.00, real=0.01 secs] 
2014-07-08T20:03:04.029+0000: 297.676: [GC [PSYoungGen: 91510K->754K(89344K)] 153516K->63439K(776320K), 0.0077230 secs] [Times: user=0.05 sys=0.00, real=0.00 secs] 
2014-07-08T20:03:04.874+0000: 298.521: [GC [PSYoungGen: 89329K->1701K(89216K)] 152015K->64451K(776192K), 0.0060900 secs] [Times: user=0.02 sys=0.01, real=0.01 secs] 
2014-07-08T20:03:05.551+0000: 299.198: [GC [PSYoungGen: 89160K->1402K(102528K)] 151910K->64554K(789504K), 0.0133710 secs] [Times: user=0.09 sys=0.00, real=0.01 secs] 
2014-07-08T20:03:06.518+0000: 300.166: [GC [PSYoungGen: 102522K->1554K(103168K)] 165674K->64802K(790144K), 0.0150070 secs] [Times: user=0.11 sys=0.00, real=0.02 secs] 
2014-07-08T20:03:07.404+0000: 301.051: [GC [PSYoungGen: 102674K->1398K(123328K)] 165922K->64742K(810304K), 0.0063660 secs] [Times: user=0.04 sys=0.00, real=0.01 secs] 
2014-07-08T20:03:08.774+0000: 302.421: [GC [PSYoungGen: 122742K->1490K(120960K)] 186086K->64922K(807936K), 0.0059000 secs] [Times: user=0.02 sys=0.00, real=0.01 secs] 
2014-07-08T20:03:09.924+0000: 303.572: [GC [PSYoungGen: 120882K->498K(118080K)] 184314K->64500K(805056K), 0.0102890 secs] [Times: user=0.07 sys=0.00, real=0.01 secs] 
2014-07-08T20:03:10.944+0000: 304.592: [GC [PSYoungGen: 118066K->1742K(117568K)] 182068K->65776K(804544K), 0.0123910 secs] [Times: user=0.07 sys=0.00, real=0.01 secs] 
2014-07-08T20:03:11.999+0000: 305.646: [GC [PSYoungGen: 117518K->1330K(115328K)] 181552K->65688K(802304K), 0.0090520 secs] [Times: user=0.06 sys=0.00, real=0.00 secs] 
2014-07-08T20:03:13.143+0000: 306.790: [GC [PSYoungGen: 115314K->1334K(113600K)] 179672K->65772K(800576K), 0.0099950 secs] [Times: user=0.05 sys=0.01, real=0.01 secs] 
2014-07-08T20:03:14.063+0000: 307.710: [GC [PSYoungGen: 113589K->1444K(112064K)] 178027K->65954K(799040K), 0.0093460 secs] [Times: user=0.06 sys=0.00, real=0.01 secs] 
2014-07-08T20:03:15.085+0000: 308.732: [GC [PSYoungGen: 112036K->1558K(110592K)] 176546K->66140K(797568K), 0.0059180 secs] [Times: user=0.03 sys=0.00, real=0.01 secs] 
2014-07-08T20:03:16.362+0000: 310.009: [GC [PSYoungGen: 110550K->950K(108352K)] 175132K->65804K(795328K), 0.0078190 secs] [Times: user=0.04 sys=0.00, real=0.00 secs] 
2014-07-08T20:03:17.179+0000: 310.826: [GC [PSYoungGen: 108342K->1636K(107520K)] 173196K->66546K(794496K), 0.0063380 secs] [Times: user=0.03 sys=0.00, real=0.01 secs] 
2014-07-08T20:03:18.227+0000: 311.874: [GC [PSYoungGen: 107490K->1386K(105728K)] 172400K->66596K(792704K), 0.0064320 secs] [Times: user=0.04 sys=0.00, real=0.01 secs] 
2014-07-08T20:03:19.260+0000: 312.907: [GC [PSYoungGen: 105706K->1320K(104192K)] 170916K->66610K(791168K), 0.0084210 secs] [Times: user=0.04 sys=0.00, real=0.01 secs] 
2014-07-08T20:03:20.203+0000: 313.850: [GC [PSYoungGen: 104168K->1278K(102720K)] 169458K->66930K(789696K), 0.0086740 secs] [Times: user=0.05 sys=0.00, real=0.01 secs] 
2014-07-08T20:03:21.197+0000: 314.844: [GC [PSYoungGen: 102718K->1472K(101568K)] 168370K->67204K(788544K), 0.0075950 secs] [Times: user=0.04 sys=0.00, real=0.01 secs] 
2014-07-08T20:03:22.204+0000: 315.851: [GC [PSYoungGen: 101486K->1212K(99904K)] 167218K->67437K(786880K), 0.0052660 secs] [Times: user=0.03 sys=0.00, real=0.00 secs] 
2014-07-08T20:03:23.184+0000: 316.831: [GC [PSYoungGen: 99881K->1434K(98816K)] 166106K->67772K(785792K), 0.0054650 secs] [Times: user=0.03 sys=0.00, real=0.00 secs] 
2014-07-08T20:03:24.122+0000: 317.769: [GC [PSYoungGen: 98759K->1326K(97408K)] 165098K->67867K(784384K), 0.0068200 secs] [Times: user=0.05 sys=0.00, real=0.00 secs] 
2014-07-08T20:03:25.205+0000: 318.852: [GC [PSYoungGen: 97390K->1504K(96320K)] 163931K->68133K(783296K), 0.0053150 secs] [Times: user=0.02 sys=0.00, real=0.00 secs] 
2014-07-08T20:03:26.116+0000: 319.763: [GC [PSYoungGen: 96288K->1006K(94592K)] 162917K->67819K(781568K), 0.0056100 secs] [Times: user=0.02 sys=0.00, real=0.01 secs] 
2014-07-08T20:03:27.036+0000: 320.683: [GC [PSYoungGen: 94574K->1274K(93632K)] 161387K->68150K(780608K), 0.0069040 secs] [Times: user=0.04 sys=0.00, real=0.01 secs] 
2014-07-08T20:03:27.879+0000: 321.526: [GC [PSYoungGen: 93626K->1530K(92672K)] 160502K->68486K(779648K), 0.0076980 secs] [Times: user=0.04 sys=0.00, real=0.01 secs] 
2014-07-08T20:03:28.781+0000: 322.428: [GC [PSYoungGen: 92645K->1348K(91392K)] 159602K->68400K(778368K), 0.0107540 secs] [Times: user=0.06 sys=0.00, real=0.02 secs] 
2014-07-08T20:03:29.643+0000: 323.290: [GC [PSYoungGen: 91332K->932K(89792K)] 158384K->68258K(776768K), 0.0089830 secs] [Times: user=0.05 sys=0.00, real=0.00 secs] 
2014-07-08T20:03:30.343+0000: 323.990: [GC [PSYoungGen: 89764K->1710K(108352K)] 157090K->69117K(795328K), 0.0152110 secs] [Times: user=0.10 sys=0.00, real=0.01 secs] 
2014-07-08T20:03:31.366+0000: 325.013: [GC [PSYoungGen: 108334K->1056K(108672K)] 175741K->68801K(795648K), 0.0136460 secs] [Times: user=0.08 sys=0.00, real=0.01 secs] 
2014-07-08T20:03:32.425+0000: 326.072: [GC [PSYoungGen: 108640K->1874K(109504K)] 176385K->69683K(796480K), 0.0069190 secs] [Times: user=0.04 sys=0.00, real=0.00 secs] 
2014-07-08T20:03:33.362+0000: 327.009: [GC [PSYoungGen: 109458K->1572K(107648K)] 177267K->69543K(794624K), 0.0068910 secs] [Times: user=0.03 sys=0.00, real=0.01 secs] 
2014-07-08T20:03:34.278+0000: 327.925: [GC [PSYoungGen: 107620K->1458K(105984K)] 175591K->69533K(792960K), 0.0082490 secs] [Times: user=0.05 sys=0.00, real=0.01 secs] 
2014-07-08T20:03:35.336+0000: 328.983: [GC [PSYoungGen: 105970K->954K(104000K)] 174045K->69348K(790976K), 0.0087070 secs] [Times: user=0.05 sys=0.00, real=0.01 secs] 
2014-07-08T20:03:36.268+0000: 329.915: [GC [PSYoungGen: 103952K->1106K(124800K)] 172347K->69540K(811776K), 0.0171320 secs] [Times: user=0.10 sys=0.01, real=0.02 secs] 
2014-07-08T20:03:37.463+0000: 331.110: [GC [PSYoungGen: 124754K->1266K(122944K)] 193188K->69836K(809920K), 0.0063410 secs] [Times: user=0.04 sys=0.00, real=0.01 secs] 
2014-07-08T20:03:38.893+0000: 332.540: [GC [PSYoungGen: 122890K->1420K(121216K)] 191461K->70079K(808192K), 0.0135220 secs] [Times: user=0.09 sys=0.00, real=0.02 secs] 
2014-07-08T20:03:39.961+0000: 333.608: [GC [PSYoungGen: 121164K->1148K(119040K)] 189823K->70007K(806016K), 0.0074780 secs] [Times: user=0.04 sys=0.00, real=0.01 secs] 
2014-07-08T20:03:41.200+0000: 334.847: [GC [PSYoungGen: 119036K->1380K(117504K)] 187895K->70310K(804480K), 0.0042310 secs] [Times: user=0.02 sys=0.00, real=0.01 secs] 
2014-07-08T20:03:42.042+0000: 335.689: [GC [PSYoungGen: 117476K->1188K(115520K)] 186406K->70222K(802496K), 0.0104180 secs] [Times: user=0.07 sys=0.00, real=0.01 secs] 
2014-07-08T20:03:43.201+0000: 336.848: [GC [PSYoungGen: 115472K->1554K(114176K)] 184507K->70629K(801152K), 0.0049370 secs] [Times: user=0.02 sys=0.00, real=0.01 secs] 
2014-07-08T20:03:44.122+0000: 337.769: [GC [PSYoungGen: 114130K->826K(111744K)] 183205K->70391K(798720K), 0.0074790 secs] [Times: user=0.05 sys=0.00, real=0.01 secs] 
2014-07-08T20:03:45.144+0000: 338.791: [GC [PSYoungGen: 111738K->1562K(110848K)] 181303K->71167K(797824K), 0.0112680 secs] [Times: user=0.07 sys=0.00, real=0.01 secs] 
2014-07-08T20:03:46.222+0000: 339.869: [GC [PSYoungGen: 110810K->1202K(108864K)] 180415K->71065K(795840K), 0.0093190 secs] [Times: user=0.06 sys=0.00, real=0.01 secs] 
2014-07-08T20:03:47.316+0000: 340.963: [GC [PSYoungGen: 108816K->1501K(107648K)] 178679K->71412K(794624K), 0.0069240 secs] [Times: user=0.03 sys=0.00, real=0.00 secs] 
2014-07-08T20:03:48.286+0000: 341.933: [GC [PSYoungGen: 107604K->864K(105472K)] 177515K->71275K(792448K), 0.0080880 secs] [Times: user=0.05 sys=0.00, real=0.00 secs] 
2014-07-08T20:03:49.252+0000: 342.899: [GC [PSYoungGen: 105439K->1430K(104576K)] 175850K->71905K(791552K), 0.0055480 secs] [Times: user=0.04 sys=0.00, real=0.01 secs] 
2014-07-08T20:03:50.168+0000: 343.815: [GC [PSYoungGen: 104534K->1269K(102912K)] 175009K->72148K(789888K), 0.0057300 secs] [Times: user=0.03 sys=0.00, real=0.00 secs] 
2014-07-08T20:03:51.242+0000: 344.889: [GC [PSYoungGen: 102901K->1604K(101888K)] 173780K->72555K(788864K), 0.0053530 secs] [Times: user=0.03 sys=0.00, real=0.01 secs] 
2014-07-08T20:03:52.312+0000: 345.959: [GC [PSYoungGen: 101828K->690K(99584K)] 172779K->72075K(786560K), 0.0060120 secs] [Times: user=0.04 sys=0.00, real=0.01 secs] 
2014-07-08T20:03:53.177+0000: 346.824: [GC [PSYoungGen: 99540K->1696K(99264K)] 170925K->73162K(786240K), 0.0074020 secs] [Times: user=0.05 sys=0.00, real=0.00 secs] 
2014-07-08T20:03:54.077+0000: 347.724: [GC [PSYoungGen: 99228K->1224K(97536K)] 170693K->72891K(784512K), 0.0084380 secs] [Times: user=0.05 sys=0.00, real=0.00 secs] 
2014-07-08T20:03:55.002+0000: 348.649: [GC [PSYoungGen: 97480K->1206K(96192K)] 169147K->72969K(783168K), 0.0040300 secs] [Times: user=0.02 sys=0.00, real=0.01 secs] 
2014-07-08T20:03:55.965+0000: 349.612: [GC [PSYoungGen: 96151K->1402K(95168K)] 167915K->73311K(782144K), 0.0079160 secs] [Times: user=0.04 sys=0.00, real=0.01 secs] 
2014-07-08T20:03:56.932+0000: 350.579: [GC [PSYoungGen: 95160K->1750K(94336K)] 167070K->73723K(781312K), 0.0116710 secs] [Times: user=0.07 sys=0.00, real=0.01 secs] 
2014-07-08T20:03:57.816+0000: 351.463: [GC [PSYoungGen: 94294K->694K(92032K)] 166267K->73149K(779008K), 0.0056290 secs] [Times: user=0.03 sys=0.01, real=0.00 secs] 
2014-07-08T20:03:58.490+0000: 352.137: [GC [PSYoungGen: 92022K->1810K(111488K)] 164477K->74330K(798464K), 0.0184840 secs] [Times: user=0.12 sys=0.00, real=0.02 secs] 
2014-07-08T20:03:59.478+0000: 353.125: [GC [PSYoungGen: 111442K->1440K(116288K)] 183962K->74300K(803264K), 0.0056430 secs] [Times: user=0.04 sys=0.00, real=0.00 secs] 
2014-07-08T20:04:00.707+0000: 354.354: [GC [PSYoungGen: 116256K->1344K(114496K)] 189116K->74275K(801472K), 0.0058900 secs] [Times: user=0.04 sys=0.00, real=0.00 secs] 
2014-07-08T20:04:01.766+0000: 355.413: [GC [PSYoungGen: 114432K->1078K(112512K)] 187363K->74201K(799488K), 0.0072190 secs] [Times: user=0.04 sys=0.00, real=0.01 secs] 
2014-07-08T20:04:02.776+0000: 356.423: [GC [PSYoungGen: 112502K->2023K(111808K)] 185625K->75243K(798784K), 0.0065320 secs] [Times: user=0.04 sys=0.00, real=0.01 secs] 
2014-07-08T20:04:03.798+0000: 357.445: [GC [PSYoungGen: 111783K->1006K(109184K)] 185003K->74475K(796160K), 0.0065930 secs] [Times: user=0.04 sys=0.00, real=0.00 secs] 
2014-07-08T20:04:04.780+0000: 358.427: [GC [PSYoungGen: 109166K->1306K(107968K)] 182635K->74823K(794944K), 0.0055510 secs] [Times: user=0.03 sys=0.00, real=0.00 secs] 
2014-07-08T20:04:05.716+0000: 359.363: [GC [PSYoungGen: 107930K->1398K(106496K)] 181447K->74995K(793472K), 0.0055180 secs] [Times: user=0.03 sys=0.00, real=0.01 secs] 
2014-07-08T20:04:06.682+0000: 360.329: [GC [PSYoungGen: 106486K->1398K(105024K)] 180083K->75059K(792000K), 0.0072070 secs] [Times: user=0.04 sys=0.00, real=0.01 secs] 
2014-07-08T20:04:07.652+0000: 361.299: [GC [PSYoungGen: 105014K->1500K(103680K)] 178675K->75242K(790656K), 0.0055490 secs] [Times: user=0.04 sys=0.00, real=0.00 secs] 
2014-07-08T20:04:08.661+0000: 362.308: [GC [PSYoungGen: 103643K->1704K(102464K)] 177384K->75518K(789440K), 0.0082020 secs] [Times: user=0.05 sys=0.00, real=0.01 secs] 
2014-07-08T20:04:09.522+0000: 363.169: [GC [PSYoungGen: 102440K->868K(100224K)] 176254K->74969K(787200K), 0.0064650 secs] [Times: user=0.03 sys=0.00, real=0.01 secs] 
2014-07-08T20:04:10.498+0000: 364.146: [GC [PSYoungGen: 100196K->1380K(99392K)] 174297K->75553K(786368K), 0.0073310 secs] [Times: user=0.04 sys=0.01, real=0.00 secs] 
2014-07-08T20:04:11.421+0000: 365.068: [GC [PSYoungGen: 99364K->1497K(98176K)] 173537K->75801K(785152K), 0.0170590 secs] [Times: user=0.10 sys=0.00, real=0.02 secs] 
2014-07-08T20:04:12.343+0000: 365.990: [GC [PSYoungGen: 98137K->1326K(96704K)] 172441K->75709K(783680K), 0.0059790 secs] [Times: user=0.02 sys=0.01, real=0.01 secs] 
2014-07-08T20:04:13.188+0000: 366.835: [GC [PSYoungGen: 96652K->1136K(95232K)] 171036K->75727K(782208K), 0.0101010 secs] [Times: user=0.06 sys=0.00, real=0.01 secs] 
2014-07-08T20:04:14.092+0000: 367.739: [GC [PSYoungGen: 95214K->1138K(94016K)] 169806K->75769K(780992K), 0.0062790 secs] [Times: user=0.02 sys=0.01, real=0.00 secs] 
2014-07-08T20:04:15.016+0000: 368.663: [GC [PSYoungGen: 94002K->1306K(92992K)] 168633K->76025K(779968K), 0.0041120 secs] [Times: user=0.02 sys=0.00, real=0.01 secs] 
2014-07-08T20:04:15.950+0000: 369.597: [GC [PSYoungGen: 92954K->1760K(92288K)] 167673K->76560K(779264K), 0.0064030 secs] [Times: user=0.04 sys=0.00, real=0.00 secs] 
2014-07-08T20:04:16.849+0000: 370.496: [GC [PSYoungGen: 92240K->754K(90112K)] 167039K->75973K(777088K), 0.0070660 secs] [Times: user=0.04 sys=0.00, real=0.00 secs] 
2014-07-08T20:04:17.520+0000: 371.167: [GC [PSYoungGen: 90082K->1434K(104320K)] 165301K->76717K(791296K), 0.0197920 secs] [Times: user=0.14 sys=0.00, real=0.02 secs] 
2014-07-08T20:04:18.438+0000: 372.085: [GC [PSYoungGen: 103770K->1486K(109184K)] 179053K->77023K(796160K), 0.0168460 secs] [Times: user=0.10 sys=0.00, real=0.02 secs] 
2014-07-08T20:04:19.375+0000: 373.022: [GC [PSYoungGen: 108750K->1422K(109184K)] 184287K->77039K(796160K), 0.0061350 secs] [Times: user=0.03 sys=0.00, real=0.01 secs] 
2014-07-08T20:04:20.275+0000: 373.922: [GC [PSYoungGen: 108686K->1586K(130560K)] 184303K->77292K(817536K), 0.0038460 secs] [Times: user=0.01 sys=0.00, real=0.00 secs] 
2014-07-08T20:04:21.420+0000: 375.067: [GC [PSYoungGen: 130253K->1590K(128192K)] 205959K->77392K(815168K), 0.0108660 secs] [Times: user=0.07 sys=0.00, real=0.02 secs] 
2014-07-08T20:04:22.830+0000: 376.477: [GC [PSYoungGen: 128137K->370K(124928K)] 203939K->76887K(811904K), 0.0065230 secs] [Times: user=0.04 sys=0.00, real=0.01 secs] 
2014-07-08T20:04:23.902+0000: 377.549: [GC [PSYoungGen: 124914K->1872K(124480K)] 201431K->78453K(811456K), 0.0045670 secs] [Times: user=0.03 sys=0.00, real=0.00 secs] 
2014-07-08T20:04:24.959+0000: 378.606: [GC [PSYoungGen: 124432K->1426K(122112K)] 201013K->78572K(809088K), 0.0049720 secs] [Times: user=0.02 sys=0.00, real=0.01 secs] 
2014-07-08T20:04:26.005+0000: 379.652: [GC [PSYoungGen: 122066K->1274K(120000K)] 199212K->78483K(806976K), 0.0041070 secs] [Times: user=0.01 sys=0.00, real=0.00 secs] 
2014-07-08T20:04:26.930+0000: 380.577: [GC [PSYoungGen: 119957K->1248K(118144K)] 197167K->78578K(805120K), 0.0077220 secs] [Times: user=0.03 sys=0.00, real=0.01 secs] 
2014-07-08T20:04:27.996+0000: 381.643: [GC [PSYoungGen: 118093K->1416K(116544K)] 195423K->78809K(803520K), 0.0037100 secs] [Times: user=0.02 sys=0.00, real=0.00 secs] 
2014-07-08T20:04:28.964+0000: 382.611: [GC [PSYoungGen: 116488K->1074K(114432K)] 193881K->78523K(801408K), 0.0074350 secs] [Times: user=0.05 sys=0.00, real=0.01 secs] 
2014-07-08T20:04:29.907+0000: 383.554: [GC [PSYoungGen: 114371K->1306K(112960K)] 191821K->78827K(799936K), 0.0040960 secs] [Times: user=0.02 sys=0.01, real=0.01 secs] 
2014-07-08T20:04:30.823+0000: 384.470: [GC [PSYoungGen: 112922K->1206K(111168K)] 190443K->78791K(798144K), 0.0064410 secs] [Times: user=0.04 sys=0.00, real=0.00 secs] 
2014-07-08T20:04:31.779+0000: 385.426: [GC [PSYoungGen: 111116K->1438K(109824K)] 188702K->79095K(796800K), 0.0083080 secs] [Times: user=0.05 sys=0.00, real=0.01 secs] 
2014-07-08T20:04:32.614+0000: 386.261: [GC [PSYoungGen: 109788K->1074K(107840K)] 187446K->78811K(794816K), 0.0048170 secs] [Times: user=0.03 sys=0.00, real=0.00 secs] 
2014-07-08T20:04:33.507+0000: 387.154: [GC [PSYoungGen: 107824K->1370K(106624K)] 185562K->79163K(793600K), 0.0089320 secs] [Times: user=0.06 sys=0.00, real=0.01 secs] 
2014-07-08T20:04:34.230+0000: 387.877: [GC [PSYoungGen: 106586K->1252K(105024K)] 184379K->79149K(792000K), 0.0046520 secs] [Times: user=0.03 sys=0.00, real=0.01 secs] 
2014-07-08T20:04:35.140+0000: 388.787: [GC [PSYoungGen: 104983K->1330K(103616K)] 182881K->79300K(790592K), 0.0073700 secs] [Times: user=0.04 sys=0.00, real=0.01 secs] 
2014-07-08T20:04:36.232+0000: 389.879: [GC [PSYoungGen: 103580K->882K(101760K)] 181550K->79043K(788736K), 0.0072290 secs] [Times: user=0.03 sys=0.00, real=0.01 secs] 
2014-07-08T20:04:37.029+0000: 390.676: [GC [PSYoungGen: 101746K->1516K(100992K)] 179907K->79749K(787968K), 0.0038080 secs] [Times: user=0.01 sys=0.00, real=0.01 secs] 
2014-07-08T20:04:37.972+0000: 391.619: [GC [PSYoungGen: 100972K->1078K(99200K)] 179205K->79653K(786176K), 0.0054310 secs] [Times: user=0.03 sys=0.00, real=0.01 secs] 
2014-07-08T20:04:38.886+0000: 392.533: [GC [PSYoungGen: 99190K->1270K(98048K)] 177765K->79909K(785024K), 0.0062840 secs] [Times: user=0.04 sys=0.00, real=0.00 secs] 
2014-07-08T20:04:39.750+0000: 393.397: [GC [PSYoungGen: 97984K->1124K(96640K)] 176624K->80005K(783616K), 0.0081860 secs] [Times: user=0.05 sys=0.00, real=0.01 secs] 
2014-07-08T20:04:40.477+0000: 394.124: [GC [PSYoungGen: 96605K->1352K(95616K)] 175487K->80330K(782592K), 0.0051350 secs] [Times: user=0.02 sys=0.00, real=0.00 secs] 
2014-07-08T20:04:41.450+0000: 395.097: [GC [PSYoungGen: 95521K->936K(93952K)] 174499K->80236K(780928K), 0.0075530 secs] [Times: user=0.05 sys=0.00, real=0.01 secs] 
2014-07-08T20:04:42.186+0000: 395.833: [GC [PSYoungGen: 93928K->1370K(93184K)] 173228K->80734K(780160K), 0.0055410 secs] [Times: user=0.03 sys=0.00, real=0.00 secs] 
2014-07-08T20:04:43.206+0000: 396.853: [GC [PSYoungGen: 93146K->1020K(91648K)] 172510K->80678K(778624K), 0.0084830 secs] [Times: user=0.05 sys=0.00, real=0.01 secs] 
2014-07-08T20:04:43.980+0000: 397.627: [GC [PSYoungGen: 91644K->1170K(110016K)] 171302K->80932K(796992K), 0.0172430 secs] [Times: user=0.11 sys=0.00, real=0.02 secs] 
2014-07-08T20:04:44.885+0000: 398.532: [GC [PSYoungGen: 109970K->1014K(108224K)] 189732K->81236K(795200K), 0.0034400 secs] [Times: user=0.02 sys=0.00, real=0.00 secs] 
2014-07-08T20:04:45.767+0000: 399.414: [GC [PSYoungGen: 108214K->1558K(107264K)] 188436K->81836K(794240K), 0.0068410 secs] [Times: user=0.03 sys=0.00, real=0.00 secs] 
2014-07-08T20:04:46.547+0000: 400.194: [GC [PSYoungGen: 107222K->762K(104896K)] 187500K->81760K(791872K), 0.0052410 secs] [Times: user=0.03 sys=0.00, real=0.00 secs] 
2014-07-08T20:04:47.379+0000: 401.026: [GC [PSYoungGen: 104890K->1580K(104256K)] 185888K->82634K(791232K), 0.0042440 secs] [Times: user=0.02 sys=0.01, real=0.00 secs] 
2014-07-08T20:04:48.118+0000: 401.765: [GC [PSYoungGen: 104235K->1124K(102400K)] 185289K->82486K(789376K), 0.0056530 secs] [Times: user=0.03 sys=0.00, real=0.00 secs] 
2014-07-08T20:04:49.268+0000: 402.915: [GC [PSYoungGen: 102372K->1498K(101376K)] 183734K->82948K(788352K), 0.0060630 secs] [Times: user=0.03 sys=0.00, real=0.00 secs] 
2014-07-08T20:04:50.181+0000: 403.828: [GC [PSYoungGen: 101338K->828K(99328K)] 182788K->82640K(786304K), 0.0074980 secs] [Times: user=0.04 sys=0.00, real=0.01 secs] 
2014-07-08T20:04:51.058+0000: 404.706: [GC [PSYoungGen: 99324K->1238K(98432K)] 181136K->83098K(785408K), 0.0071410 secs] [Times: user=0.03 sys=0.00, real=0.01 secs] 
2014-07-08T20:04:51.986+0000: 405.633: [GC [PSYoungGen: 98348K->1384K(97280K)] 180209K->83454K(784256K), 0.0073850 secs] [Times: user=0.04 sys=0.00, real=0.00 secs] 
2014-07-08T20:04:52.861+0000: 406.508: [GC [PSYoungGen: 97256K->1338K(95936K)] 179326K->83496K(782912K), 0.0057800 secs] [Times: user=0.03 sys=0.00, real=0.01 secs] 
2014-07-08T20:04:53.703+0000: 407.350: [GC [PSYoungGen: 95929K->886K(94272K)] 178087K->83712K(781248K), 0.0079170 secs] [Times: user=0.05 sys=0.00, real=0.01 secs] 
2014-07-08T20:04:54.494+0000: 408.141: [GC [PSYoungGen: 94262K->1412K(93632K)] 177088K->84318K(780608K), 0.0063920 secs] [Times: user=0.04 sys=0.00, real=0.01 secs] 
2014-07-08T20:04:55.203+0000: 408.850: [GC [PSYoungGen: 93572K->1106K(92160K)] 176478K->84174K(779136K), 0.0066140 secs] [Times: user=0.02 sys=0.00, real=0.01 secs] 
2014-07-08T20:04:56.022+0000: 409.669: [GC [PSYoungGen: 92114K->1554K(91456K)] 175182K->84703K(778432K), 0.0075830 secs] [Times: user=0.05 sys=0.00, real=0.01 secs] 
2014-07-08T20:04:56.948+0000: 410.595: [GC [PSYoungGen: 91409K->868K(89600K)] 174558K->84266K(776576K), 0.0072600 secs] [Times: user=0.04 sys=0.00, real=0.01 secs] 
2014-07-08T20:04:57.827+0000: 411.474: [GC [PSYoungGen: 89548K->1532K(89152K)] 172947K->85003K(776128K), 0.0069240 secs] [Times: user=0.03 sys=0.00, real=0.00 secs] 
2014-07-08T20:04:58.411+0000: 412.058: [GC [PSYoungGen: 89145K->1202K(87744K)] 172616K->84800K(774720K), 0.0044740 secs] [Times: user=0.02 sys=0.00, real=0.00 secs] 
2014-07-08T20:04:59.077+0000: 412.724: [GC [PSYoungGen: 87730K->1386K(105280K)] 171328K->85033K(792256K), 0.0116760 secs] [Times: user=0.04 sys=0.00, real=0.01 secs] 
2014-07-08T20:05:00.013+0000: 413.661: [GC [PSYoungGen: 105258K->1014K(107392K)] 188905K->84822K(794368K), 0.0119960 secs] [Times: user=0.07 sys=0.00, real=0.01 secs] 
2014-07-08T20:05:00.996+0000: 414.643: [GC [PSYoungGen: 107382K->1366K(106240K)] 191190K->85270K(793216K), 0.0057690 secs] [Times: user=0.03 sys=0.00, real=0.01 secs] 
2014-07-08T20:05:01.929+0000: 415.576: [GC [PSYoungGen: 106184K->498K(103872K)] 190089K->85208K(790848K), 0.0059830 secs] [Times: user=0.03 sys=0.00, real=0.00 secs] 
2014-07-08T20:05:02.867+0000: 416.514: [GC [PSYoungGen: 103815K->1707K(103616K)] 188525K->86561K(790592K), 0.0072940 secs] [Times: user=0.04 sys=0.00, real=0.00 secs] 
2014-07-08T20:05:03.654+0000: 417.301: [GC [PSYoungGen: 103595K->1266K(101760K)] 188449K->86593K(788736K), 0.0049980 secs] [Times: user=0.02 sys=0.00, real=0.01 secs] 
2014-07-08T20:05:04.404+0000: 418.051: [GC [PSYoungGen: 101746K->1274K(100352K)] 187073K->86707K(787328K), 0.0045360 secs] [Times: user=0.02 sys=0.00, real=0.01 secs] 
2014-07-08T20:05:05.230+0000: 418.877: [GC [PSYoungGen: 100344K->1124K(98880K)] 185778K->86605K(785856K), 0.0106010 secs] [Times: user=0.05 sys=0.01, real=0.01 secs] 
2014-07-08T20:05:06.079+0000: 419.726: [GC [PSYoungGen: 98852K->1468K(97920K)] 184333K->87013K(784896K), 0.0079740 secs] [Times: user=0.03 sys=0.00, real=0.01 secs] 
2014-07-08T20:05:06.993+0000: 420.640: [GC [PSYoungGen: 97916K->1276K(96448K)] 183461K->87102K(783424K), 0.0041290 secs] [Times: user=0.02 sys=0.00, real=0.01 secs] 
2014-07-08T20:05:07.937+0000: 421.584: [GC [PSYoungGen: 96420K->1651K(95552K)] 182246K->87532K(782528K), 0.0086680 secs] [Times: user=0.04 sys=0.00, real=0.01 secs] 
2014-07-08T20:05:08.745+0000: 422.392: [GC [PSYoungGen: 95530K->928K(93632K)] 181411K->87299K(780608K), 0.0048150 secs] [Times: user=0.02 sys=0.00, real=0.01 secs] 
2014-07-08T20:05:09.377+0000: 423.024: [GC [PSYoungGen: 93598K->1480K(92992K)] 179970K->87931K(779968K), 0.0058210 secs] [Times: user=0.04 sys=0.00, real=0.00 secs] 
2014-07-08T20:05:10.141+0000: 423.788: [GC [PSYoungGen: 92880K->1405K(91712K)] 179331K->88108K(778688K), 0.0054170 secs] [Times: user=0.03 sys=0.00, real=0.00 secs] 
2014-07-08T20:05:11.061+0000: 424.708: [GC [PSYoungGen: 91709K->1344K(101312K)] 178412K->88135K(788288K), 0.0192150 secs] [Times: user=0.12 sys=0.00, real=0.02 secs] 
2014-07-08T20:05:11.968+0000: 425.615: [GC [PSYoungGen: 100736K->1220K(99328K)] 187527K->88091K(786304K), 0.0044390 secs] [Times: user=0.02 sys=0.01, real=0.00 secs] 
2014-07-08T20:05:12.763+0000: 426.410: [GC [PSYoungGen: 99268K->1534K(98240K)] 186139K->88485K(785216K), 0.0056050 secs] [Times: user=0.02 sys=0.00, real=0.01 secs] 
2014-07-08T20:05:13.783+0000: 427.430: [GC [PSYoungGen: 98238K->1078K(96512K)] 185189K->88277K(783488K), 0.0061970 secs] [Times: user=0.03 sys=0.00, real=0.01 secs] 
2014-07-08T20:05:14.461+0000: 428.108: [GC [PSYoungGen: 96502K->1650K(95808K)] 183701K->88913K(782784K), 0.0042120 secs] [Times: user=0.02 sys=0.00, real=0.00 secs] 
2014-07-08T20:05:15.199+0000: 428.846: [GC [PSYoungGen: 95794K->1020K(93952K)] 183057K->88808K(780928K), 0.0040210 secs] [Times: user=0.02 sys=0.00, real=0.00 secs] 
2014-07-08T20:05:16.046+0000: 429.693: [GC [PSYoungGen: 93923K->1288K(93056K)] 181710K->89115K(780032K), 0.0051570 secs] [Times: user=0.02 sys=0.00, real=0.01 secs] 
2014-07-08T20:05:16.966+0000: 430.613: [GC [PSYoungGen: 93000K->1362K(91968K)] 180827K->89465K(778944K), 0.0040020 secs] [Times: user=0.01 sys=0.01, real=0.01 secs] 
2014-07-08T20:05:17.869+0000: 431.516: [GC [PSYoungGen: 91879K->1530K(90944K)] 179983K->89705K(777920K), 0.0061620 secs] [Times: user=0.03 sys=0.00, real=0.00 secs] 
2014-07-08T20:05:18.456+0000: 432.103: [GC [PSYoungGen: 90938K->804K(89152K)] 179113K->89251K(776128K), 0.0105870 secs] [Times: user=0.06 sys=0.00, real=0.01 secs] 
2014-07-08T20:05:19.313+0000: 432.960: [GC [PSYoungGen: 89124K->1630K(88896K)] 177571K->90133K(775872K), 0.0088510 secs] [Times: user=0.05 sys=0.01, real=0.01 secs] 
2014-07-08T20:05:20.088+0000: 433.735: [GC [PSYoungGen: 88862K->1280K(87424K)] 177365K->89945K(774400K), 0.0060460 secs] [Times: user=0.02 sys=0.00, real=0.01 secs] 
2014-07-08T20:05:20.818+0000: 434.465: [GC [PSYoungGen: 87424K->1298K(86464K)] 176089K->90019K(773440K), 0.0077320 secs] [Times: user=0.04 sys=0.01, real=0.01 secs] 
2014-07-08T20:05:21.370+0000: 435.017: [GC [PSYoungGen: 86418K->1272K(103104K)] 175139K->90186K(790080K), 0.0091850 secs] [Times: user=0.05 sys=0.01, real=0.00 secs] 
2014-07-08T20:05:22.377+0000: 436.024: [GC [PSYoungGen: 103096K->1536K(102016K)] 192010K->90521K(788992K), 0.0059560 secs] [Times: user=0.03 sys=0.00, real=0.01 secs] 
2014-07-08T20:05:23.130+0000: 436.777: [GC [PSYoungGen: 101939K->676K(99776K)] 190925K->90291K(786752K), 0.0044930 secs] [Times: user=0.03 sys=0.01, real=0.00 secs] 
2014-07-08T20:05:24.063+0000: 437.710: [GC [PSYoungGen: 99725K->1698K(99456K)] 189340K->91337K(786432K), 0.0053070 secs] [Times: user=0.02 sys=0.00, real=0.00 secs] 
2014-07-08T20:05:25.032+0000: 438.679: [GC [PSYoungGen: 99426K->1230K(97728K)] 189065K->91188K(784704K), 0.0051930 secs] [Times: user=0.04 sys=0.00, real=0.00 secs] 
2014-07-08T20:05:25.871+0000: 439.518: [GC [PSYoungGen: 97678K->1184K(96384K)] 187635K->91198K(783360K), 0.0065530 secs] [Times: user=0.03 sys=0.00, real=0.00 secs] 
2014-07-08T20:05:26.518+0000: 440.165: [GC [PSYoungGen: 96310K->1394K(95296K)] 186323K->91602K(782272K), 0.0049430 secs] [Times: user=0.02 sys=0.00, real=0.01 secs] 
2014-07-08T20:05:27.238+0000: 440.885: [GC [PSYoungGen: 95282K->1799K(94528K)] 185490K->92086K(781504K), 0.0095490 secs] [Times: user=0.05 sys=0.00, real=0.01 secs] 
2014-07-08T20:05:28.059+0000: 441.706: [GC [PSYoungGen: 94471K->618K(98880K)] 184758K->91517K(785856K), 0.0117770 secs] [Times: user=0.07 sys=0.00, real=0.02 secs] 
2014-07-08T20:05:28.962+0000: 442.609: [GC [PSYoungGen: 98858K->1562K(100224K)] 189757K->92517K(787200K), 0.0117790 secs] [Times: user=0.07 sys=0.00, real=0.01 secs] 
2014-07-08T20:05:29.868+0000: 443.515: [GC [PSYoungGen: 99801K->1490K(98432K)] 190757K->92830K(785408K), 0.0056250 secs] [Times: user=0.03 sys=0.00, real=0.01 secs] 
2014-07-08T20:05:30.721+0000: 444.368: [GC [PSYoungGen: 98386K->1608K(97280K)] 189726K->93036K(784256K), 0.0094370 secs] [Times: user=0.04 sys=0.00, real=0.00 secs] 
2014-07-08T20:05:31.479+0000: 445.126: [GC [PSYoungGen: 97224K->818K(95168K)] 188652K->92792K(782144K), 0.0051860 secs] [Times: user=0.03 sys=0.00, real=0.01 secs] 
2014-07-08T20:05:32.468+0000: 446.115: [GC [PSYoungGen: 95154K->1298K(94464K)] 187128K->93352K(781440K), 0.0070560 secs] [Times: user=0.04 sys=0.01, real=0.01 secs] 
2014-07-08T20:05:33.238+0000: 446.885: [GC [PSYoungGen: 94416K->1398K(93312K)] 186471K->93516K(780288K), 0.0039020 secs] [Times: user=0.01 sys=0.00, real=0.01 secs] 
2014-07-08T20:05:33.983+0000: 447.631: [GC [PSYoungGen: 93302K->1202K(91968K)] 185420K->93408K(778944K), 0.0050720 secs] [Times: user=0.02 sys=0.00, real=0.00 secs] 
2014-07-08T20:05:34.879+0000: 448.526: [GC [PSYoungGen: 91954K->1146K(90752K)] 184160K->93552K(777728K), 0.0079490 secs] [Times: user=0.05 sys=0.00, real=0.01 secs] 
2014-07-08T20:05:35.470+0000: 449.117: [GC [PSYoungGen: 90746K->1352K(89856K)] 183152K->93846K(776832K), 0.0034900 secs] [Times: user=0.01 sys=0.00, real=0.01 secs] 
2014-07-08T20:05:36.184+0000: 449.831: [GC [PSYoungGen: 89800K->1192K(88576K)] 182294K->93960K(775552K), 0.0049020 secs] [Times: user=0.03 sys=0.00, real=0.00 secs] 
2014-07-08T20:05:37.002+0000: 450.649: [GC [PSYoungGen: 88552K->1540K(87872K)] 181320K->94405K(774848K), 0.0043360 secs] [Times: user=0.02 sys=0.00, real=0.00 secs] 
2014-07-08T20:05:37.946+0000: 451.593: [GC [PSYoungGen: 87812K->804K(86080K)] 180677K->94030K(773056K), 0.0055860 secs] [Times: user=0.03 sys=0.01, real=0.00 secs] 
2014-07-08T20:05:38.807+0000: 452.454: [GC [PSYoungGen: 86052K->1644K(85888K)] 179278K->94919K(772864K), 0.0082840 secs] [Times: user=0.05 sys=0.00, real=0.01 secs] 
2014-07-08T20:05:39.332+0000: 452.979: [GC [PSYoungGen: 85868K->1134K(84352K)] 179143K->94981K(771328K), 0.0057920 secs] [Times: user=0.03 sys=0.01, real=0.01 secs] 
2014-07-08T20:05:40.149+0000: 453.796: [GC [PSYoungGen: 84334K->1322K(101184K)] 178181K->95193K(788160K), 0.0282660 secs] [Times: user=0.17 sys=0.01, real=0.03 secs] 
2014-07-08T20:05:41.220+0000: 454.867: [GC [PSYoungGen: 101162K->1142K(111488K)] 195033K->95100K(798464K), 0.0134330 secs] [Times: user=0.10 sys=0.00, real=0.02 secs] 
2014-07-08T20:05:42.053+0000: 455.700: [GC [PSYoungGen: 111222K->1192K(112000K)] 205180K->95230K(798976K), 0.0064610 secs] [Times: user=0.04 sys=0.01, real=0.00 secs] 
2014-07-08T20:05:43.109+0000: 456.756: [GC [PSYoungGen: 111272K->1270K(133888K)] 205310K->95380K(820864K), 0.0059910 secs] [Times: user=0.03 sys=0.00, real=0.01 secs] 
2014-07-08T20:05:44.193+0000: 457.840: [GC [PSYoungGen: 133366K->1320K(131264K)] 227476K->95526K(818240K), 0.0065130 secs] [Times: user=0.04 sys=0.00, real=0.01 secs] 
2014-07-08T20:05:45.521+0000: 459.168: [GC [PSYoungGen: 131239K->626K(128384K)] 225445K->95040K(815360K), 0.0067950 secs] [Times: user=0.03 sys=0.00, real=0.01 secs] 
2014-07-08T20:05:46.621+0000: 460.268: [GC [PSYoungGen: 128370K->1466K(127104K)] 222784K->95952K(814080K), 0.0057800 secs] [Times: user=0.03 sys=0.00, real=0.01 secs] 
2014-07-08T20:05:47.814+0000: 461.461: [GC [PSYoungGen: 127098K->1280K(124928K)] 221584K->96005K(811904K), 0.0058640 secs] [Times: user=0.03 sys=0.01, real=0.00 secs] 
2014-07-08T20:05:48.883+0000: 462.530: [GC [PSYoungGen: 124845K->1326K(122944K)] 219570K->96115K(809920K), 0.0066120 secs] [Times: user=0.03 sys=0.00, real=0.00 secs] 
2014-07-08T20:05:49.986+0000: 463.633: [GC [PSYoungGen: 122926K->1064K(120768K)] 217714K->95996K(807744K), 0.0057890 secs] [Times: user=0.04 sys=0.00, real=0.00 secs] 
2014-07-08T20:05:51.022+0000: 464.669: [GC [PSYoungGen: 120744K->1326K(119168K)] 215676K->96323K(806144K), 0.0073880 secs] [Times: user=0.04 sys=0.00, real=0.01 secs] 
2014-07-08T20:05:52.022+0000: 465.669: [GC [PSYoungGen: 119150K->1170K(117248K)] 214147K->96246K(804224K), 0.0054160 secs] [Times: user=0.02 sys=0.00, real=0.01 secs] 
2014-07-08T20:05:53.117+0000: 466.764: [GC [PSYoungGen: 117202K->1110K(115392K)] 212278K->96234K(802368K), 0.0087540 secs] [Times: user=0.04 sys=0.01, real=0.01 secs] 
2014-07-08T20:05:54.007+0000: 467.654: [GC [PSYoungGen: 115350K->1130K(113664K)] 210474K->96617K(800640K), 0.0043370 secs] [Times: user=0.02 sys=0.01, real=0.00 secs] 
2014-07-08T20:05:55.088+0000: 468.735: [GC [PSYoungGen: 113613K->1302K(112192K)] 209100K->96861K(799168K), 0.0032250 secs] [Times: user=0.02 sys=0.00, real=0.00 secs] 
2014-07-08T20:05:56.118+0000: 469.765: [GC [PSYoungGen: 112130K->1010K(110208K)] 207689K->97018K(797184K), 0.0050520 secs] [Times: user=0.03 sys=0.00, real=0.00 secs] 
2014-07-08T20:05:57.000+0000: 470.647: [GC [PSYoungGen: 110194K->1714K(109312K)] 206202K->97900K(796288K), 0.0069910 secs] [Times: user=0.04 sys=0.00, real=0.01 secs] 
2014-07-08T20:05:57.882+0000: 471.529: [GC [PSYoungGen: 109298K->754K(106816K)] 205484K->97654K(793792K), 0.0070390 secs] [Times: user=0.04 sys=0.00, real=0.01 secs] 
2014-07-08T20:05:58.900+0000: 472.547: [GC [PSYoungGen: 106802K->1512K(106048K)] 203702K->98460K(793024K), 0.0035880 secs] [Times: user=0.01 sys=0.01, real=0.00 secs] 
2014-07-08T20:05:59.919+0000: 473.566: [GC [PSYoungGen: 106023K->1156K(104256K)] 202972K->98324K(791232K), 0.0045890 secs] [Times: user=0.02 sys=0.00, real=0.00 secs] 
2014-07-08T20:06:00.938+0000: 474.585: [GC [PSYoungGen: 104196K->1398K(103040K)] 201364K->98630K(790016K), 0.0043470 secs] [Times: user=0.02 sys=0.00, real=0.00 secs] 
2014-07-08T20:06:01.970+0000: 475.617: [GC [PSYoungGen: 103022K->1146K(101376K)] 200255K->98580K(788352K), 0.0046380 secs] [Times: user=0.02 sys=0.00, real=0.00 secs] 
2014-07-08T20:06:03.072+0000: 476.719: [GC [PSYoungGen: 101370K->1650K(100544K)] 198804K->99141K(787520K), 0.0125260 secs] [Times: user=0.08 sys=0.00, real=0.01 secs] 
2014-07-08T20:06:03.890+0000: 477.537: [GC [PSYoungGen: 100530K->828K(98368K)] 198021K->98705K(785344K), 0.0097280 secs] [Times: user=0.06 sys=0.00, real=0.01 secs] 
2014-07-08T20:06:04.749+0000: 478.396: [GC [PSYoungGen: 98364K->1498K(97792K)] 196241K->99462K(784768K), 0.0068150 secs] [Times: user=0.05 sys=0.00, real=0.01 secs] 
2014-07-08T20:06:05.670+0000: 479.317: [GC [PSYoungGen: 97725K->1380K(96384K)] 195689K->99573K(783360K), 0.0090900 secs] [Times: user=0.06 sys=0.00, real=0.01 secs] 
2014-07-08T20:06:06.521+0000: 480.168: [GC [PSYoungGen: 96356K->1316K(95104K)] 194549K->99612K(782080K), 0.0088240 secs] [Times: user=0.05 sys=0.00, real=0.01 secs] 
2014-07-08T20:06:07.302+0000: 480.949: [GC [PSYoungGen: 95076K->1128K(93696K)] 193372K->99704K(780672K), 0.0048860 secs] [Times: user=0.03 sys=0.00, real=0.01 secs] 
2014-07-08T20:06:08.396+0000: 482.043: [GC [PSYoungGen: 93672K->1704K(93056K)] 192248K->100369K(780032K), 0.0063480 secs] [Times: user=0.04 sys=0.00, real=0.00 secs] 
2014-07-08T20:06:09.229+0000: 482.876: [GC [PSYoungGen: 93030K->744K(90944K)] 191695K->99920K(777920K), 0.0046830 secs] [Times: user=0.02 sys=0.00, real=0.00 secs] 
2014-07-08T20:06:10.179+0000: 483.826: [GC [PSYoungGen: 90920K->1480K(90560K)] 190096K->100712K(777536K), 0.0042250 secs] [Times: user=0.02 sys=0.00, real=0.00 secs] 
2014-07-08T20:06:10.942+0000: 484.589: [GC [PSYoungGen: 90504K->1440K(89408K)] 189736K->100919K(776384K), 0.0045100 secs] [Times: user=0.02 sys=0.00, real=0.00 secs] 
2014-07-08T20:06:11.756+0000: 485.403: [GC [PSYoungGen: 89376K->1650K(88512K)] 188855K->101217K(775488K), 0.0086270 secs] [Times: user=0.05 sys=0.00, real=0.01 secs] 
2014-07-08T20:06:12.485+0000: 486.132: [GC [PSYoungGen: 88498K->758K(86528K)] 188065K->100636K(773504K), 0.0096910 secs] [Times: user=0.06 sys=0.00, real=0.01 secs] 
2014-07-08T20:06:13.227+0000: 486.874: [GC [PSYoungGen: 86501K->1516K(86272K)] 186380K->101475K(773248K), 0.0073930 secs] [Times: user=0.05 sys=0.00, real=0.00 secs] 
2014-07-08T20:06:14.279+0000: 487.926: [GC [PSYoungGen: 86252K->1554K(85312K)] 186211K->101815K(772288K), 0.0081620 secs] [Times: user=0.03 sys=0.00, real=0.01 secs] 
2014-07-08T20:06:15.003+0000: 488.650: [GC [PSYoungGen: 85266K->1252K(83968K)] 185527K->101585K(770944K), 0.0055290 secs] [Times: user=0.02 sys=0.00, real=0.01 secs] 
2014-07-08T20:06:15.899+0000: 489.546: [GC [PSYoungGen: 83923K->1014K(82752K)] 184256K->101571K(769728K), 0.0062300 secs] [Times: user=0.03 sys=0.00, real=0.00 secs] 
2014-07-08T20:06:16.608+0000: 490.255: [GC [PSYoungGen: 82742K->1466K(82240K)] 183299K->102161K(769216K), 0.0055080 secs] [Times: user=0.03 sys=0.00, real=0.00 secs] 
2014-07-08T20:06:17.425+0000: 491.072: [GC [PSYoungGen: 82234K->1400K(81216K)] 182929K->102275K(768192K), 0.0084980 secs] [Times: user=0.04 sys=0.00, real=0.01 secs] 
2014-07-08T20:06:18.225+0000: 491.872: [GC [PSYoungGen: 81208K->1386K(80320K)] 182083K->102349K(767296K), 0.0050780 secs] [Times: user=0.03 sys=0.00, real=0.01 secs] 
2014-07-08T20:06:18.940+0000: 492.587: [GC [PSYoungGen: 80298K->936K(78976K)] 181261K->102243K(765952K), 0.0062990 secs] [Times: user=0.04 sys=0.00, real=0.00 secs] 
2014-07-08T20:06:19.609+0000: 493.256: [GC [PSYoungGen: 78952K->1494K(78656K)] 180259K->102865K(765632K), 0.0062660 secs] [Times: user=0.04 sys=0.00, real=0.00 secs] 
2014-07-08T20:06:20.330+0000: 493.977: [GC [PSYoungGen: 78614K->1152K(77440K)] 179985K->102699K(764416K), 0.0071240 secs] [Times: user=0.04 sys=0.00, real=0.00 secs] 
2014-07-08T20:06:21.077+0000: 494.724: [GC [PSYoungGen: 77440K->1348K(76864K)] 178987K->102991K(763840K), 0.0064130 secs] [Times: user=0.04 sys=0.00, real=0.01 secs] 
2014-07-08T20:06:22.051+0000: 495.698: [GC [PSYoungGen: 76804K->1082K(75712K)] 178447K->102983K(762688K), 0.0052770 secs] [Times: user=0.02 sys=0.00, real=0.00 secs] 
2014-07-08T20:06:22.692+0000: 496.340: [GC [PSYoungGen: 75672K->1576K(75392K)] 177574K->103565K(762368K), 0.0078710 secs] [Times: user=0.06 sys=0.00, real=0.01 secs] 
2014-07-08T20:06:23.380+0000: 497.027: [GC [PSYoungGen: 75368K->804K(89408K)] 177357K->103171K(776384K), 0.0105730 secs] [Times: user=0.07 sys=0.00, real=0.01 secs] 
2014-07-08T20:06:24.152+0000: 497.799: [GC [PSYoungGen: 89380K->1330K(88832K)] 191747K->103793K(775808K), 0.0053630 secs] [Times: user=0.02 sys=0.00, real=0.00 secs] 
2014-07-08T20:06:25.190+0000: 498.837: [GC [PSYoungGen: 88818K->1092K(87552K)] 191281K->103725K(774528K), 0.0087460 secs] [Times: user=0.05 sys=0.00, real=0.01 secs] 
2014-07-08T20:06:25.979+0000: 499.626: [GC [PSYoungGen: 87492K->1775K(87168K)] 190125K->104488K(774144K), 0.0054900 secs] [Times: user=0.03 sys=0.00, real=0.00 secs] 
2014-07-08T20:06:26.787+0000: 500.434: [GC [PSYoungGen: 87146K->694K(85056K)] 189860K->103823K(772032K), 0.0097400 secs] [Times: user=0.06 sys=0.00, real=0.01 secs] 
2014-07-08T20:06:27.464+0000: 501.111: [GC [PSYoungGen: 85046K->1584K(84928K)] 188175K->104827K(771904K), 0.0073210 secs] [Times: user=0.04 sys=0.00, real=0.01 secs] 
2014-07-08T20:06:28.277+0000: 501.924: [GC [PSYoungGen: 84912K->1138K(83520K)] 188155K->104839K(770496K), 0.0049530 secs] [Times: user=0.03 sys=0.00, real=0.01 secs] 
2014-07-08T20:06:29.187+0000: 502.834: [GC [PSYoungGen: 83506K->1408K(82880K)] 187207K->105213K(769856K), 0.0070130 secs] [Times: user=0.04 sys=0.00, real=0.01 secs] 
2014-07-08T20:06:29.921+0000: 503.568: [GC [PSYoungGen: 82816K->1248K(81728K)] 186621K->105304K(768704K), 0.0089430 secs] [Times: user=0.06 sys=0.00, real=0.01 secs] 
2014-07-08T20:06:30.593+0000: 504.240: [GC [PSYoungGen: 81695K->1458K(81024K)] 185751K->105602K(768000K), 0.0060500 secs] [Times: user=0.04 sys=0.00, real=0.00 secs] 
2014-07-08T20:06:31.242+0000: 504.890: [GC [PSYoungGen: 81010K->1142K(96640K)] 185154K->105510K(783616K), 0.0118980 secs] [Times: user=0.08 sys=0.00, real=0.01 secs] 
2014-07-08T20:06:32.181+0000: 505.828: [GC [PSYoungGen: 96630K->1092K(103936K)] 200998K->105484K(790912K), 0.0167280 secs] [Times: user=0.09 sys=0.01, real=0.01 secs] 
2014-07-08T20:06:33.277+0000: 506.924: [GC [PSYoungGen: 103172K->1280K(116544K)] 207564K->105834K(803520K), 0.0052480 secs] [Times: user=0.02 sys=0.00, real=0.01 secs] 
2014-07-08T20:06:34.289+0000: 507.936: [GC [PSYoungGen: 115968K->1472K(116480K)] 220522K->106122K(803456K), 0.0083090 secs] [Times: user=0.06 sys=0.01, real=0.01 secs] 
2014-07-08T20:06:35.346+0000: 508.993: [GC [PSYoungGen: 116136K->1619K(139392K)] 220786K->106325K(826368K), 0.0107820 secs] [Times: user=0.07 sys=0.00, real=0.01 secs] 
2014-07-08T20:06:36.866+0000: 510.513: [GC [PSYoungGen: 139219K->1852K(137088K)] 243925K->106671K(824064K), 0.0051420 secs] [Times: user=0.02 sys=0.00, real=0.00 secs] 
2014-07-08T20:06:38.113+0000: 511.760: [GC [PSYoungGen: 137084K->64K(132992K)] 241903K->106002K(819968K), 0.0056390 secs] [Times: user=0.03 sys=0.00, real=0.00 secs] 
2014-07-08T20:06:39.332+0000: 512.979: [GC [PSYoungGen: 132991K->2022K(132736K)] 238929K->108152K(819712K), 0.0048780 secs] [Times: user=0.02 sys=0.00, real=0.00 secs] 
2014-07-08T20:06:40.571+0000: 514.218: [GC [PSYoungGen: 132710K->1536K(130112K)] 238840K->108426K(817088K), 0.0125620 secs] [Times: user=0.08 sys=0.00, real=0.01 secs] 
2014-07-08T20:06:41.902+0000: 515.549: [GC [PSYoungGen: 130048K->1710K(128128K)] 236938K->108771K(815104K), 0.0107400 secs] [Times: user=0.08 sys=0.00, real=0.01 secs] 
2014-07-08T20:06:43.151+0000: 516.798: [GC [PSYoungGen: 128110K->1074K(125440K)] 235171K->108294K(812416K), 0.0064540 secs] [Times: user=0.04 sys=0.00, real=0.01 secs] 
2014-07-08T20:06:44.190+0000: 517.838: [GC [PSYoungGen: 125426K->1472K(123904K)] 232646K->108788K(810880K), 0.0078700 secs] [Times: user=0.04 sys=0.00, real=0.01 secs] 
2014-07-08T20:06:45.355+0000: 519.002: [GC [PSYoungGen: 123840K->1262K(121728K)] 231156K->108690K(808704K), 0.0057450 secs] [Times: user=0.03 sys=0.00, real=0.00 secs] 
2014-07-08T20:06:46.470+0000: 520.117: [GC [PSYoungGen: 121709K->1572K(120192K)] 229137K->109088K(807168K), 0.0052580 secs] [Times: user=0.03 sys=0.00, real=0.01 secs] 
2014-07-08T20:06:47.704+0000: 521.351: [GC [PSYoungGen: 120164K->1170K(117952K)] 227680K->108790K(804928K), 0.0061370 secs] [Times: user=0.04 sys=0.01, real=0.00 secs] 
2014-07-08T20:06:49.003+0000: 522.650: [GC [PSYoungGen: 117906K->1334K(116288K)] 225526K->109042K(803264K), 0.0104950 secs] [Times: user=0.07 sys=0.00, real=0.01 secs] 
2014-07-08T20:06:49.965+0000: 523.612: [GC [PSYoungGen: 116278K->1356K(114624K)] 223986K->109136K(801600K), 0.0066570 secs] [Times: user=0.03 sys=0.01, real=0.00 secs] 
2014-07-08T20:06:51.171+0000: 524.818: [GC [PSYoungGen: 114572K->1398K(112960K)] 222352K->109250K(799936K), 0.0040710 secs] [Times: user=0.02 sys=0.00, real=0.01 secs] 
2014-07-08T20:06:52.187+0000: 525.834: [GC [PSYoungGen: 112939K->978K(110912K)] 220791K->108902K(797888K), 0.0085530 secs] [Times: user=0.05 sys=0.01, real=0.01 secs] 
2014-07-08T20:06:53.270+0000: 526.917: [GC [PSYoungGen: 110866K->1344K(109696K)] 218790K->109372K(796672K), 0.0060460 secs] [Times: user=0.03 sys=0.00, real=0.01 secs] 
2014-07-08T20:06:54.189+0000: 527.836: [GC [PSYoungGen: 109632K->1458K(108160K)] 217660K->109566K(795136K), 0.0060210 secs] [Times: user=0.03 sys=0.00, real=0.01 secs] 
2014-07-08T20:06:55.245+0000: 528.892: [GC [PSYoungGen: 108146K->1564K(106752K)] 216254K->109744K(793728K), 0.0082880 secs] [Times: user=0.04 sys=0.00, real=0.01 secs] 
2014-07-08T20:06:56.203+0000: 529.850: [GC [PSYoungGen: 106716K->822K(104512K)] 214896K->109306K(791488K), 0.0060000 secs] [Times: user=0.03 sys=0.00, real=0.01 secs] 
2014-07-08T20:06:57.214+0000: 530.861: [GC [PSYoungGen: 104502K->1516K(103744K)] 212986K->110096K(790720K), 0.0150110 secs] [Times: user=0.10 sys=0.00, real=0.01 secs] 
2014-07-08T20:06:58.165+0000: 531.812: [GC [PSYoungGen: 103724K->1320K(124032K)] 212304K->110086K(811008K), 0.0155980 secs] [Times: user=0.10 sys=0.00, real=0.01 secs] 
2014-07-08T20:06:59.281+0000: 532.928: [GC [PSYoungGen: 123964K->1362K(126272K)] 232730K->110216K(813248K), 0.0121570 secs] [Times: user=0.08 sys=0.00, real=0.01 secs] 
2014-07-08T20:07:00.458+0000: 534.106: [GC [PSYoungGen: 125778K->1170K(123648K)] 234632K->110136K(810624K), 0.0055920 secs] [Times: user=0.02 sys=0.01, real=0.01 secs] 
2014-07-08T20:07:01.744+0000: 535.391: [GC [PSYoungGen: 123602K->1416K(121984K)] 232568K->110462K(808960K), 0.0067000 secs] [Times: user=0.03 sys=0.00, real=0.00 secs] 
2014-07-08T20:07:02.979+0000: 536.626: [GC [PSYoungGen: 121928K->1082K(119744K)] 230974K->110272K(806720K), 0.0179970 secs] [Times: user=0.11 sys=0.00, real=0.02 secs] 
2014-07-08T20:07:04.168+0000: 537.815: [GC [PSYoungGen: 119738K->1224K(118080K)] 228928K->110438K(805056K), 0.0074330 secs] [Times: user=0.03 sys=0.00, real=0.01 secs] 
2014-07-08T20:07:05.183+0000: 538.830: [GC [PSYoungGen: 118024K->1248K(116288K)] 227238K->110598K(803264K), 0.0067760 secs] [Times: user=0.04 sys=0.00, real=0.01 secs] 
2014-07-08T20:07:06.172+0000: 539.819: [GC [PSYoungGen: 116245K->1316K(114624K)] 225595K->110754K(801600K), 0.0048800 secs] [Times: user=0.02 sys=0.00, real=0.01 secs] 
2014-07-08T20:07:07.243+0000: 540.890: [GC [PSYoungGen: 114596K->864K(112448K)] 224034K->110768K(799424K), 0.0053860 secs] [Times: user=0.02 sys=0.00, real=0.01 secs] 
2014-07-08T20:07:08.148+0000: 541.795: [GC [PSYoungGen: 112416K->1476K(111424K)] 222320K->111452K(798400K), 0.0057740 secs] [Times: user=0.02 sys=0.00, real=0.00 secs] 
2014-07-08T20:07:09.426+0000: 543.073: [GC [PSYoungGen: 111364K->932K(109248K)] 221340K->111294K(796224K), 0.0059770 secs] [Times: user=0.03 sys=0.00, real=0.00 secs] 
2014-07-08T20:07:10.357+0000: 544.004: [GC [PSYoungGen: 109177K->1334K(108032K)] 219539K->111792K(795008K), 0.0081620 secs] [Times: user=0.05 sys=0.00, real=0.00 secs] 
2014-07-08T20:07:11.346+0000: 544.993: [GC [PSYoungGen: 108022K->1056K(106240K)] 218480K->111886K(793216K), 0.0065650 secs] [Times: user=0.04 sys=0.00, real=0.01 secs] 
2014-07-08T20:07:12.492+0000: 546.139: [GC [PSYoungGen: 106208K->1402K(105088K)] 217038K->112304K(792064K), 0.0058590 secs] [Times: user=0.03 sys=0.00, real=0.01 secs] 
2014-07-08T20:07:13.338+0000: 546.985: [GC [PSYoungGen: 105082K->886K(103104K)] 215984K->112414K(790080K), 0.0067440 secs] [Times: user=0.04 sys=0.00, real=0.00 secs] 
2014-07-08T20:07:14.412+0000: 548.060: [GC [PSYoungGen: 103094K->1448K(102272K)] 214622K->113032K(789248K), 0.0142580 secs] [Times: user=0.08 sys=0.01, real=0.02 secs] 
2014-07-08T20:07:15.427+0000: 549.074: [GC [PSYoungGen: 102248K->1018K(100416K)] 213832K->113014K(787392K), 0.0138810 secs] [Times: user=0.08 sys=0.00, real=0.01 secs] 
2014-07-08T20:07:16.326+0000: 549.973: [GC [PSYoungGen: 100410K->1640K(99712K)] 212406K->113757K(786688K), 0.0081120 secs] [Times: user=0.05 sys=0.00, real=0.01 secs] 
2014-07-08T20:07:17.341+0000: 550.988: [GC [PSYoungGen: 99688K->690K(97408K)] 211805K->113345K(784384K), 0.0084350 secs] [Times: user=0.05 sys=0.00, real=0.01 secs] 
2014-07-08T20:07:18.245+0000: 551.892: [GC [PSYoungGen: 97394K->1614K(117760K)] 210049K->114309K(804736K), 0.0158300 secs] [Times: user=0.08 sys=0.00, real=0.02 secs] 
2014-07-08T20:07:19.322+0000: 552.969: [GC [PSYoungGen: 117702K->1259K(139904K)] 230397K->114294K(826880K), 0.0087070 secs] [Times: user=0.06 sys=0.00, real=0.01 secs] 
2014-07-08T20:07:20.798+0000: 554.445: [GC [PSYoungGen: 139881K->1462K(137728K)] 252916K->114569K(824704K), 0.0100740 secs] [Times: user=0.07 sys=0.00, real=0.01 secs] 
2014-07-08T20:07:22.192+0000: 555.839: [GC [PSYoungGen: 137718K->420K(134400K)] 250825K->114431K(821376K), 0.0069890 secs] [Times: user=0.04 sys=0.00, real=0.01 secs] 
2014-07-08T20:07:23.379+0000: 557.026: [GC [PSYoungGen: 134326K->1768K(133504K)] 248337K->115836K(820480K), 0.0070160 secs] [Times: user=0.04 sys=0.00, real=0.00 secs] 
2014-07-08T20:07:24.556+0000: 558.203: [GC [PSYoungGen: 133480K->1358K(130944K)] 247547K->115889K(817920K), 0.0134350 secs] [Times: user=0.09 sys=0.01, real=0.02 secs] 
2014-07-08T20:07:25.886+0000: 559.533: [GC [PSYoungGen: 130894K->1486K(128960K)] 245425K->116081K(815936K), 0.0042930 secs] [Times: user=0.01 sys=0.01, real=0.01 secs] 
2014-07-08T20:07:27.200+0000: 560.847: [GC [PSYoungGen: 128910K->804K(126208K)] 243505K->115711K(813184K), 0.0055500 secs] [Times: user=0.04 sys=0.00, real=0.00 secs] 
2014-07-08T20:07:28.241+0000: 561.888: [GC [PSYoungGen: 126180K->1376K(124736K)] 241087K->116395K(811712K), 0.0064540 secs] [Times: user=0.02 sys=0.00, real=0.00 secs] 
2014-07-08T20:07:29.408+0000: 563.055: [GC [PSYoungGen: 124704K->1216K(122560K)] 239723K->116413K(809536K), 0.0076790 secs] [Times: user=0.04 sys=0.00, real=0.01 secs] 
2014-07-08T20:07:30.644+0000: 564.291: [GC [PSYoungGen: 122560K->1170K(120640K)] 237757K->116463K(807616K), 0.0082580 secs] [Times: user=0.06 sys=0.00, real=0.01 secs] 
2014-07-08T20:07:31.903+0000: 565.550: [GC [PSYoungGen: 120594K->1324K(118912K)] 235887K->116801K(805888K), 0.0103390 secs] [Times: user=0.06 sys=0.00, real=0.01 secs] 
2014-07-08T20:07:33.074+0000: 566.721: [GC [PSYoungGen: 118892K->1486K(117312K)] 234369K->117043K(804288K), 0.0066100 secs] [Times: user=0.03 sys=0.00, real=0.01 secs] 
2014-07-08T20:07:34.126+0000: 567.773: [GC [PSYoungGen: 117261K->876K(114880K)] 232818K->116891K(801856K), 0.0077020 secs] [Times: user=0.05 sys=0.00, real=0.01 secs] 
2014-07-08T20:07:35.285+0000: 568.932: [GC [PSYoungGen: 114856K->1352K(113664K)] 230872K->117399K(800640K), 0.0079220 secs] [Times: user=0.04 sys=0.00, real=0.01 secs] 
2014-07-08T20:07:36.204+0000: 569.851: [GC [PSYoungGen: 113608K->1156K(111808K)] 229655K->117513K(798784K), 0.0049460 secs] [Times: user=0.03 sys=0.00, real=0.00 secs] 
2014-07-08T20:07:37.268+0000: 570.915: [GC [PSYoungGen: 111748K->1472K(110528K)] 228105K->117933K(797504K), 0.0065080 secs] [Times: user=0.04 sys=0.00, real=0.01 secs] 
2014-07-08T20:07:38.230+0000: 571.877: [GC [PSYoungGen: 110463K->878K(108288K)] 226924K->117686K(795264K), 0.0041400 secs] [Times: user=0.02 sys=0.00, real=0.01 secs] 
2014-07-08T20:07:39.180+0000: 572.827: [GC [PSYoungGen: 108270K->1338K(107200K)] 225078K->118225K(794176K), 0.0038330 secs] [Times: user=0.02 sys=0.00, real=0.00 secs] 
2014-07-08T20:07:40.327+0000: 573.975: [GC [PSYoungGen: 107194K->1376K(105728K)] 224081K->118548K(792704K), 0.0085120 secs] [Times: user=0.05 sys=0.00, real=0.01 secs] 
2014-07-08T20:07:41.482+0000: 575.129: [GC [PSYoungGen: 105696K->1252K(104128K)] 222868K->118527K(791104K), 0.0051120 secs] [Times: user=0.03 sys=0.00, real=0.00 secs] 
2014-07-08T20:07:42.328+0000: 575.975: [GC [PSYoungGen: 104100K->954K(102400K)] 221375K->118674K(789376K), 0.0083480 secs] [Times: user=0.05 sys=0.00, real=0.01 secs] 
2014-07-08T20:07:43.228+0000: 576.875: [GC [PSYoungGen: 102394K->1682K(101760K)] 220114K->119490K(788736K), 0.0077180 secs] [Times: user=0.05 sys=0.00, real=0.01 secs] 
2014-07-08T20:07:44.419+0000: 578.066: [GC [PSYoungGen: 101703K->932K(99648K)] 219511K->119072K(786624K), 0.0050790 secs] [Times: user=0.03 sys=0.00, real=0.01 secs] 
2014-07-08T20:07:45.145+0000: 578.792: [GC [PSYoungGen: 99620K->1352K(98752K)] 217760K->119572K(785728K), 0.0113530 secs] [Times: user=0.07 sys=0.00, real=0.01 secs] 
2014-07-08T20:07:46.311+0000: 579.958: [GC [PSYoungGen: 98696K->1298K(97408K)] 216916K->119566K(784384K), 0.0082270 secs] [Times: user=0.04 sys=0.00, real=0.01 secs] 
2014-07-08T20:07:47.047+0000: 580.694: [GC [PSYoungGen: 97362K->1238K(96064K)] 215630K->119602K(783040K), 0.0071940 secs] [Times: user=0.04 sys=0.00, real=0.01 secs] 
2014-07-08T20:07:48.230+0000: 581.877: [GC [PSYoungGen: 96022K->1014K(94592K)] 214386K->119588K(781568K), 0.0080980 secs] [Times: user=0.05 sys=0.00, real=0.01 secs] 
2014-07-08T20:07:49.082+0000: 582.729: [GC [PSYoungGen: 94535K->1370K(93760K)] 213109K->120000K(780736K), 0.0111330 secs] [Times: user=0.06 sys=0.00, real=0.02 secs] 
2014-07-08T20:07:50.095+0000: 583.742: [GC [PSYoungGen: 93707K->1086K(92224K)] 212338K->120088K(779200K), 0.0108940 secs] [Times: user=0.06 sys=0.01, real=0.01 secs] 
2014-07-08T20:07:50.891+0000: 584.538: [GC [PSYoungGen: 92222K->1416K(91456K)] 211224K->120490K(778432K), 0.0090500 secs] [Times: user=0.06 sys=0.00, real=0.01 secs] 
2014-07-08T20:07:51.612+0000: 585.260: [GC [PSYoungGen: 91400K->946K(108992K)] 210474K->120398K(795968K), 0.0129020 secs] [Times: user=0.08 sys=0.00, real=0.01 secs] 
2014-07-08T20:07:52.634+0000: 586.281: [GC [PSYoungGen: 108978K->1394K(124224K)] 228430K->120976K(811200K), 0.0055020 secs] [Times: user=0.03 sys=0.00, real=0.00 secs] 
2014-07-08T20:07:53.963+0000: 587.610: [GC [PSYoungGen: 123954K->1320K(121984K)] 243536K->121070K(808960K), 0.0087810 secs] [Times: user=0.06 sys=0.00, real=0.01 secs] 
2014-07-08T20:07:55.070+0000: 588.717: [GC [PSYoungGen: 121960K->1092K(119872K)] 241710K->120882K(806848K), 0.0074500 secs] [Times: user=0.04 sys=0.00, real=0.01 secs] 
2014-07-08T20:07:56.211+0000: 589.858: [GC [PSYoungGen: 119812K->892K(117760K)] 239602K->121012K(804736K), 0.0038450 secs] [Times: user=0.02 sys=0.00, real=0.01 secs] 
2014-07-08T20:07:57.233+0000: 590.880: [GC [PSYoungGen: 117756K->1636K(116736K)] 237876K->121844K(803712K), 0.0067890 secs] [Times: user=0.04 sys=0.00, real=0.00 secs] 
2014-07-08T20:07:58.285+0000: 591.932: [GC [PSYoungGen: 116708K->804K(114176K)] 236916K->121228K(801152K), 0.0144490 secs] [Times: user=0.09 sys=0.00, real=0.01 secs] 
2014-07-08T20:07:59.449+0000: 593.096: [GC [PSYoungGen: 114148K->1776K(113408K)] 234572K->122280K(800384K), 0.0089960 secs] [Times: user=0.06 sys=0.00, real=0.01 secs] 
2014-07-08T20:08:00.522+0000: 594.169: [GC [PSYoungGen: 113379K->1014K(110976K)] 233883K->122051K(797952K), 0.0073640 secs] [Times: user=0.05 sys=0.00, real=0.01 secs] 
2014-07-08T20:08:01.484+0000: 595.131: [GC [PSYoungGen: 110934K->1341K(109696K)] 231972K->122450K(796672K), 0.0125150 secs] [Times: user=0.08 sys=0.00, real=0.01 secs] 
2014-07-08T20:08:02.521+0000: 596.168: [GC [PSYoungGen: 109693K->1522K(108288K)] 230802K->122823K(795264K), 0.0068710 secs] [Times: user=0.05 sys=0.01, real=0.01 secs] 
2014-07-08T20:08:03.490+0000: 597.137: [GC [PSYoungGen: 108274K->1302K(106560K)] 229575K->122714K(793536K), 0.0091860 secs] [Times: user=0.06 sys=0.00, real=0.01 secs] 
2014-07-08T20:08:04.507+0000: 598.154: [GC [PSYoungGen: 106518K->960K(104704K)] 227930K->122428K(791680K), 0.0078800 secs] [Times: user=0.04 sys=0.00, real=0.01 secs] 
2014-07-08T20:08:05.442+0000: 599.089: [GC [PSYoungGen: 104693K->1484K(103808K)] 226162K->123049K(790784K), 0.0078930 secs] [Times: user=0.05 sys=0.00, real=0.01 secs] 
2014-07-08T20:08:06.439+0000: 600.086: [GC [PSYoungGen: 103756K->1252K(102144K)] 225321K->122920K(789120K), 0.0071000 secs] [Times: user=0.05 sys=0.00, real=0.01 secs] 
2014-07-08T20:08:07.435+0000: 601.082: [GC [PSYoungGen: 102116K->1302K(100800K)] 223784K->123058K(787776K), 0.0118740 secs] [Times: user=0.09 sys=0.00, real=0.01 secs] 
2014-07-08T20:08:08.387+0000: 602.034: [GC [PSYoungGen: 100758K->1270K(99392K)] 222514K->123130K(786368K), 0.0089670 secs] [Times: user=0.05 sys=0.01, real=0.01 secs] 
2014-07-08T20:08:09.290+0000: 602.937: [GC [PSYoungGen: 99381K->1138K(97920K)] 221241K->123070K(784896K), 0.0112610 secs] [Times: user=0.07 sys=0.00, real=0.01 secs] 
2014-07-08T20:08:10.576+0000: 604.223: [GC [PSYoungGen: 97879K->1224K(96768K)] 219812K->123244K(783744K), 0.0076120 secs] [Times: user=0.05 sys=0.00, real=0.00 secs] 
2014-07-08T20:08:11.313+0000: 604.960: [GC [PSYoungGen: 96712K->1416K(95680K)] 218732K->123548K(782656K), 0.0098850 secs] [Times: user=0.07 sys=0.00, real=0.01 secs] 
2014-07-08T20:08:12.382+0000: 606.029: [GC [PSYoungGen: 95624K->882K(93888K)] 217756K->123166K(780864K), 0.0034670 secs] [Times: user=0.02 sys=0.00, real=0.01 secs] 
2014-07-08T20:08:13.265+0000: 606.912: [GC [PSYoungGen: 93858K->1512K(93312K)] 216142K->123852K(780288K), 0.0054210 secs] [Times: user=0.01 sys=0.00, real=0.00 secs] 
2014-07-08T20:08:14.125+0000: 607.772: [GC [PSYoungGen: 93288K->1194K(91840K)] 215628K->123719K(778816K), 0.0068080 secs] [Times: user=0.04 sys=0.00, real=0.00 secs] 
2014-07-08T20:08:14.999+0000: 608.646: [GC [PSYoungGen: 91817K->1370K(90880K)] 214341K->123982K(777856K), 0.0082140 secs] [Times: user=0.05 sys=0.00, real=0.01 secs] 
2014-07-08T20:08:15.899+0000: 609.546: [GC [PSYoungGen: 90825K->999K(89344K)] 213438K->124180K(776320K), 0.0088230 secs] [Times: user=0.07 sys=0.00, real=0.01 secs] 
2014-07-08T20:08:16.610+0000: 610.257: [GC [PSYoungGen: 89319K->1786K(89024K)] 212500K->125047K(776000K), 0.0060480 secs] [Times: user=0.03 sys=0.01, real=0.00 secs] 
2014-07-08T20:08:17.444+0000: 611.091: [GC [PSYoungGen: 89018K->818K(86976K)] 212279K->124737K(773952K), 0.0060600 secs] [Times: user=0.04 sys=0.00, real=0.01 secs] 
2014-07-08T20:08:18.254+0000: 611.901: [GC [PSYoungGen: 86962K->1622K(86784K)] 210881K->125605K(773760K), 0.0072700 secs] [Times: user=0.04 sys=0.00, real=0.01 secs] 
2014-07-08T20:08:19.236+0000: 612.883: [GC [PSYoungGen: 86742K->1397K(85504K)] 210725K->125807K(772480K), 0.0030620 secs] [Times: user=0.02 sys=0.01, real=0.00 secs] 
2014-07-08T20:08:20.133+0000: 613.780: [GC [PSYoungGen: 85493K->1394K(84480K)] 209903K->125884K(771456K), 0.0070600 secs] [Times: user=0.04 sys=0.01, real=0.01 secs] 
2014-07-08T20:08:20.843+0000: 614.490: [GC [PSYoungGen: 84465K->1340K(83456K)] 208955K->126071K(770432K), 0.0078600 secs] [Times: user=0.04 sys=0.00, real=0.01 secs] 
2014-07-08T20:08:21.616+0000: 615.263: [GC [PSYoungGen: 83452K->1458K(82624K)] 208183K->126244K(769600K), 0.0091680 secs] [Times: user=0.05 sys=0.00, real=0.01 secs] 
2014-07-08T20:08:22.253+0000: 615.900: [GC [PSYoungGen: 82610K->1202K(81408K)] 207396K->126262K(768384K), 0.0051360 secs] [Times: user=0.03 sys=0.00, real=0.01 secs] 
2014-07-08T20:08:23.302+0000: 616.949: [GC [PSYoungGen: 81367K->1504K(80832K)] 206427K->126628K(767808K), 0.0043300 secs] [Times: user=0.02 sys=0.00, real=0.00 secs] 
2014-07-08T20:08:24.097+0000: 617.744: [GC [PSYoungGen: 80751K->1128K(79552K)] 205875K->126576K(766528K), 0.0057650 secs] [Times: user=0.03 sys=0.00, real=0.01 secs] 
2014-07-08T20:08:24.765+0000: 618.412: [GC [PSYoungGen: 79528K->1415K(78976K)] 204976K->126943K(765952K), 0.0092850 secs] [Times: user=0.06 sys=0.00, real=0.01 secs] 
2014-07-08T20:08:25.463+0000: 619.110: [GC [PSYoungGen: 78919K->1138K(77824K)] 204447K->126890K(764800K), 0.0044930 secs] [Times: user=0.03 sys=0.00, real=0.01 secs] 
2014-07-08T20:08:26.200+0000: 619.847: [GC [PSYoungGen: 77810K->1288K(77184K)] 203562K->127104K(764160K), 0.0062650 secs] [Times: user=0.04 sys=0.00, real=0.00 secs] 
2014-07-08T20:08:27.077+0000: 620.724: [GC [PSYoungGen: 77128K->1138K(76160K)] 202944K->127106K(763136K), 0.0085280 secs] [Times: user=0.05 sys=0.00, real=0.00 secs] 
2014-07-08T20:08:27.613+0000: 621.260: [GC [PSYoungGen: 76140K->1781K(91840K)] 202108K->127967K(778816K), 0.0122940 secs] [Times: user=0.08 sys=0.01, real=0.01 secs] 
2014-07-08T20:08:28.481+0000: 622.128: [GC [PSYoungGen: 91824K->690K(108800K)] 218010K->127959K(795776K), 0.0085550 secs] [Times: user=0.04 sys=0.00, real=0.01 secs] 
2014-07-08T20:08:29.592+0000: 623.239: [GC [PSYoungGen: 108786K->1804K(110144K)] 236055K->129120K(797120K), 0.0070380 secs] [Times: user=0.03 sys=0.00, real=0.01 secs] 
2014-07-08T20:08:30.563+0000: 624.210: [GC [PSYoungGen: 109897K->1380K(107968K)] 237214K->129142K(794944K), 0.0067780 secs] [Times: user=0.03 sys=0.00, real=0.01 secs] 
2014-07-08T20:08:31.496+0000: 625.143: [GC [PSYoungGen: 107940K->1320K(106368K)] 235702K->129162K(793344K), 0.0063120 secs] [Times: user=0.03 sys=0.00, real=0.01 secs] 
2014-07-08T20:08:32.455+0000: 626.102: [GC [PSYoungGen: 106344K->1288K(104896K)] 234186K->129202K(791872K), 0.0092980 secs] [Times: user=0.06 sys=0.01, real=0.01 secs] 
2014-07-08T20:08:33.381+0000: 627.028: [GC [PSYoungGen: 104772K->1640K(103744K)] 232687K->129635K(790720K), 0.0074920 secs] [Times: user=0.04 sys=0.00, real=0.01 secs] 
2014-07-08T20:08:34.325+0000: 627.972: [GC [PSYoungGen: 103720K->1024K(101696K)] 231715K->129090K(788672K), 0.0053470 secs] [Times: user=0.03 sys=0.00, real=0.01 secs] 
2014-07-08T20:08:35.338+0000: 628.985: [GC [PSYoungGen: 101696K->1686K(100992K)] 229762K->129833K(787968K), 0.0056610 secs] [Times: user=0.03 sys=0.00, real=0.01 secs] 
2014-07-08T20:08:36.446+0000: 630.093: [GC [PSYoungGen: 100949K->1238K(99200K)] 229096K->129464K(786176K), 0.0089170 secs] [Times: user=0.05 sys=0.01, real=0.01 secs] 
2014-07-08T20:08:37.270+0000: 630.917: [GC [PSYoungGen: 99158K->1522K(98112K)] 227384K->129837K(785088K), 0.0059670 secs] [Times: user=0.03 sys=0.00, real=0.00 secs] 
2014-07-08T20:08:38.270+0000: 631.917: [GC [PSYoungGen: 98098K->1248K(96576K)] 226413K->129619K(783552K), 0.0091740 secs] [Times: user=0.06 sys=0.00, real=0.01 secs] 
2014-07-08T20:08:39.359+0000: 633.006: [GC [PSYoungGen: 96538K->1316K(95360K)] 224909K->129774K(782336K), 0.0050720 secs] [Times: user=0.03 sys=0.00, real=0.01 secs] 
2014-07-08T20:08:40.273+0000: 633.920: [GC [PSYoungGen: 95332K->1188K(94016K)] 223790K->129726K(780992K), 0.0070990 secs] [Times: user=0.04 sys=0.00, real=0.01 secs] 
2014-07-08T20:08:41.227+0000: 634.874: [GC [PSYoungGen: 93987K->1358K(92992K)] 222526K->129937K(779968K), 0.0116100 secs] [Times: user=0.07 sys=0.00, real=0.01 secs] 
2014-07-08T20:08:42.174+0000: 635.821: [GC [PSYoungGen: 92942K->1284K(91776K)] 221521K->129926K(778752K), 0.0071880 secs] [Times: user=0.04 sys=0.00, real=0.01 secs] 
2014-07-08T20:08:42.985+0000: 636.632: [GC [PSYoungGen: 91716K->1284K(90624K)] 220358K->129990K(777600K), 0.0091160 secs] [Times: user=0.04 sys=0.00, real=0.01 secs] 
2014-07-08T20:08:43.900+0000: 637.547: [GC [PSYoungGen: 90564K->1202K(89408K)] 219270K->130109K(776384K), 0.0088260 secs] [Times: user=0.06 sys=0.00, real=0.01 secs] 
2014-07-08T20:08:44.568+0000: 638.215: [GC [PSYoungGen: 89356K->1498K(88640K)] 218263K->130484K(775616K), 0.0084940 secs] [Times: user=0.06 sys=0.00, real=0.01 secs] 
2014-07-08T20:08:45.399+0000: 639.046: [GC [PSYoungGen: 88602K->1010K(105600K)] 217588K->130247K(792576K), 0.0093990 secs] [Times: user=0.05 sys=0.00, real=0.01 secs] 
2014-07-08T20:08:46.405+0000: 640.052: [GC [PSYoungGen: 105586K->1188K(104320K)] 234823K->130537K(791296K), 0.0077870 secs] [Times: user=0.06 sys=0.01, real=0.01 secs] 
2014-07-08T20:08:47.395+0000: 641.042: [GC [PSYoungGen: 104292K->1394K(103040K)] 233641K->130913K(790016K), 0.0051280 secs] [Times: user=0.03 sys=0.00, real=0.01 secs] 
2014-07-08T20:08:48.451+0000: 642.098: [GC [PSYoungGen: 103026K->1316K(101568K)] 232545K->130915K(788544K), 0.0084340 secs] [Times: user=0.05 sys=0.00, real=0.01 secs] 
2014-07-08T20:08:49.336+0000: 642.983: [GC [PSYoungGen: 101540K->1014K(99904K)] 231139K->130805K(786880K), 0.0094090 secs] [Times: user=0.06 sys=0.00, real=0.01 secs] 
2014-07-08T20:08:50.388+0000: 644.035: [GC [PSYoungGen: 99894K->1714K(99264K)] 229685K->131602K(786240K), 0.0060080 secs] [Times: user=0.03 sys=0.00, real=0.01 secs] 
2014-07-08T20:08:51.273+0000: 644.920: [GC [PSYoungGen: 99250K->868K(97152K)] 229138K->131209K(784128K), 0.0065480 secs] [Times: user=0.04 sys=0.00, real=0.00 secs] 
2014-07-08T20:08:52.296+0000: 645.943: [GC [PSYoungGen: 97124K->1486K(96512K)] 227465K->131859K(783488K), 0.0078960 secs] [Times: user=0.03 sys=0.00, real=0.01 secs] 
2014-07-08T20:08:53.278+0000: 646.925: [GC [PSYoungGen: 96462K->1316K(95104K)] 226835K->131833K(782080K), 0.0087630 secs] [Times: user=0.06 sys=0.00, real=0.01 secs] 
2014-07-08T20:08:54.061+0000: 647.708: [GC [PSYoungGen: 95048K->1476K(94080K)] 225565K->132073K(781056K), 0.0056300 secs] [Times: user=0.03 sys=0.00, real=0.00 secs] 
2014-07-08T20:08:54.970+0000: 648.617: [GC [PSYoungGen: 94020K->872K(92224K)] 224617K->131863K(779200K), 0.0048250 secs] [Times: user=0.02 sys=0.00, real=0.01 secs] 
2014-07-08T20:08:55.735+0000: 649.382: [GC [PSYoungGen: 92200K->1398K(91584K)] 223191K->132469K(778560K), 0.0077170 secs] [Times: user=0.05 sys=0.00, real=0.01 secs] 
2014-07-08T20:08:56.493+0000: 650.140: [GC [PSYoungGen: 91574K->1312K(90368K)] 222645K->132649K(777344K), 0.0045650 secs] [Times: user=0.03 sys=0.00, real=0.00 secs] 
2014-07-08T20:08:57.322+0000: 650.969: [GC [PSYoungGen: 90336K->1544K(89536K)] 221673K->132985K(776512K), 0.0067940 secs] [Times: user=0.04 sys=0.00, real=0.01 secs] 
2014-07-08T20:08:58.198+0000: 651.845: [GC [PSYoungGen: 89480K->690K(87552K)] 220921K->132483K(774528K), 0.0042510 secs] [Times: user=0.03 sys=0.00, real=0.01 secs] 
2014-07-08T20:08:59.040+0000: 652.687: [GC [PSYoungGen: 87493K->1832K(87616K)] 219287K->133722K(774592K), 0.0114360 secs] [Times: user=0.08 sys=0.00, real=0.01 secs] 
2014-07-08T20:08:59.882+0000: 653.529: [GC [PSYoungGen: 87592K->1206K(85952K)] 219482K->133515K(772928K), 0.0125600 secs] [Times: user=0.07 sys=0.01, real=0.02 secs] 
2014-07-08T20:09:00.585+0000: 654.232: [GC [PSYoungGen: 85942K->1426K(85184K)] 218251K->133799K(772160K), 0.0065830 secs] [Times: user=0.03 sys=0.00, real=0.00 secs] 
2014-07-08T20:09:01.208+0000: 654.855: [GC [PSYoungGen: 85138K->1206K(83904K)] 217511K->133725K(770880K), 0.0062410 secs] [Times: user=0.03 sys=0.00, real=0.01 secs] 
2014-07-08T20:09:02.086+0000: 655.733: [GC [PSYoungGen: 83894K->1302K(83072K)] 216413K->133893K(770048K), 0.0050860 secs] [Times: user=0.03 sys=0.00, real=0.00 secs] 
2014-07-08T20:09:02.835+0000: 656.482: [GC [PSYoungGen: 82997K->1470K(82240K)] 215588K->134199K(769216K), 0.0087770 secs] [Times: user=0.05 sys=0.00, real=0.01 secs] 
2014-07-08T20:09:03.421+0000: 657.068: [GC [PSYoungGen: 82238K->1806K(98816K)] 214967K->134600K(785792K), 0.0172960 secs] [Times: user=0.10 sys=0.00, real=0.02 secs] 
2014-07-08T20:09:04.241+0000: 657.888: [GC [PSYoungGen: 98744K->680K(108608K)] 231537K->134045K(795584K), 0.0070530 secs] [Times: user=0.04 sys=0.00, real=0.01 secs] 
2014-07-08T20:09:05.186+0000: 658.833: [GC [PSYoungGen: 108584K->1544K(109952K)] 241949K->135039K(796928K), 0.0115640 secs] [Times: user=0.09 sys=0.00, real=0.01 secs] 
2014-07-08T20:09:06.222+0000: 659.869: [GC [PSYoungGen: 109448K->1586K(131520K)] 242943K->135457K(818496K), 0.0068830 secs] [Times: user=0.03 sys=0.01, real=0.01 secs] 
2014-07-08T20:09:07.403+0000: 661.050: [GC [PSYoungGen: 131122K->1330K(128768K)] 264993K->135265K(815744K), 0.0053400 secs] [Times: user=0.03 sys=0.00, real=0.00 secs] 
2014-07-08T20:09:08.467+0000: 662.114: [GC [PSYoungGen: 128736K->676K(126080K)] 262672K->135103K(813056K), 0.0073520 secs] [Times: user=0.05 sys=0.00, real=0.01 secs] 
2014-07-08T20:09:09.425+0000: 663.072: [GC [PSYoungGen: 126052K->1594K(124928K)] 260479K->136093K(811904K), 0.0057650 secs] [Times: user=0.04 sys=0.00, real=0.00 secs] 
2014-07-08T20:09:10.396+0000: 664.043: [GC [PSYoungGen: 124909K->1554K(122944K)] 259408K->136380K(809920K), 0.0049140 secs] [Times: user=0.03 sys=0.00, real=0.00 secs] 
2014-07-08T20:09:11.560+0000: 665.207: [GC [PSYoungGen: 122898K->1610K(121088K)] 257724K->136540K(808064K), 0.0059710 secs] [Times: user=0.03 sys=0.00, real=0.01 secs] 
2014-07-08T20:09:12.784+0000: 666.432: [GC [PSYoungGen: 121034K->764K(118336K)] 255964K->136185K(805312K), 0.0124900 secs] [Times: user=0.08 sys=0.00, real=0.01 secs] 
2014-07-08T20:09:13.822+0000: 667.469: [GC [PSYoungGen: 118331K->1640K(117440K)] 253752K->137086K(804416K), 0.0154190 secs] [Times: user=0.09 sys=0.00, real=0.02 secs] 
2014-07-08T20:09:14.827+0000: 668.474: [GC [PSYoungGen: 117416K->1262K(126592K)] 252862K->136909K(813568K), 0.0148190 secs] [Times: user=0.09 sys=0.01, real=0.01 secs] 
2014-07-08T20:09:15.939+0000: 669.586: [GC [PSYoungGen: 126218K->1757K(124800K)] 261865K->137485K(811776K), 0.0053700 secs] [Times: user=0.02 sys=0.00, real=0.00 secs] 
2014-07-08T20:09:17.048+0000: 670.695: [GC [PSYoungGen: 124764K->320K(121344K)] 260491K->136789K(808320K), 0.0070320 secs] [Times: user=0.04 sys=0.00, real=0.01 secs] 
2014-07-08T20:09:18.086+0000: 671.733: [GC [PSYoungGen: 121344K->1810K(120960K)] 257813K->138336K(807936K), 0.0066060 secs] [Times: user=0.04 sys=0.00, real=0.00 secs] 
2014-07-08T20:09:19.178+0000: 672.825: [GC [PSYoungGen: 120892K->1310K(118592K)] 257418K->138225K(805568K), 0.0153430 secs] [Times: user=0.09 sys=0.00, real=0.01 secs] 
2014-07-08T20:09:20.315+0000: 673.962: [GC [PSYoungGen: 118539K->1316K(116800K)] 255455K->138303K(803776K), 0.0041240 secs] [Times: user=0.02 sys=0.00, real=0.01 secs] 
2014-07-08T20:09:21.308+0000: 674.955: [GC [PSYoungGen: 116738K->1174K(114944K)] 253726K->138241K(801920K), 0.0046950 secs] [Times: user=0.02 sys=0.00, real=0.00 secs] 
2014-07-08T20:09:22.278+0000: 675.925: [GC [PSYoungGen: 114902K->1316K(113344K)] 251969K->138447K(800320K), 0.0063440 secs] [Times: user=0.03 sys=0.00, real=0.00 secs] 
2014-07-08T20:09:23.115+0000: 676.762: [GC [PSYoungGen: 113316K->1024K(111360K)] 250447K->138211K(798336K), 0.0066150 secs] [Times: user=0.04 sys=0.00, real=0.01 secs] 
2014-07-08T20:09:24.242+0000: 677.889: [GC [PSYoungGen: 111360K->1348K(110144K)] 248547K->138615K(797120K), 0.0051560 secs] [Times: user=0.03 sys=0.00, real=0.01 secs] 
2014-07-08T20:09:25.274+0000: 678.921: [GC [PSYoungGen: 110084K->1408K(108608K)] 247351K->138740K(795584K), 0.0073110 secs] [Times: user=0.04 sys=0.00, real=0.01 secs] 
2014-07-08T20:09:26.183+0000: 679.830: [GC [PSYoungGen: 108544K->1480K(107136K)] 245876K->138907K(794112K), 0.0049270 secs] [Times: user=0.03 sys=0.00, real=0.01 secs] 
2014-07-08T20:09:27.143+0000: 680.790: [GC [PSYoungGen: 107080K->868K(105024K)] 244507K->138559K(792000K), 0.0055870 secs] [Times: user=0.02 sys=0.00, real=0.01 secs] 
2014-07-08T20:09:28.227+0000: 681.874: [GC [PSYoungGen: 104995K->1586K(104256K)] 242687K->139366K(791232K), 0.0066030 secs] [Times: user=0.04 sys=0.00, real=0.00 secs] 
2014-07-08T20:09:29.081+0000: 682.728: [GC [PSYoungGen: 104242K->1390K(102656K)] 242022K->139330K(789632K), 0.0035810 secs] [Times: user=0.02 sys=0.00, real=0.00 secs] 
2014-07-08T20:09:30.051+0000: 683.698: [GC [PSYoungGen: 102631K->1576K(101440K)] 240571K->139587K(788416K), 0.0065440 secs] [Times: user=0.03 sys=0.00, real=0.01 secs] 
2014-07-08T20:09:30.991+0000: 684.638: [GC [PSYoungGen: 101416K->886K(99392K)] 239427K->139251K(786368K), 0.0056360 secs] [Times: user=0.04 sys=0.00, real=0.01 secs] 
2014-07-08T20:09:31.978+0000: 685.625: [GC [PSYoungGen: 99341K->1903K(99072K)] 237706K->140497K(786048K), 0.0062730 secs] [Times: user=0.03 sys=0.00, real=0.00 secs] 
2014-07-08T20:09:32.818+0000: 686.465: [GC [PSYoungGen: 99055K->1060K(96960K)] 237649K->140248K(783936K), 0.0172910 secs] [Times: user=0.11 sys=0.00, real=0.01 secs] 
2014-07-08T20:09:33.651+0000: 687.298: [GC [PSYoungGen: 96932K->1782K(96384K)] 236120K->141116K(783360K), 0.0063530 secs] [Times: user=0.03 sys=0.00, real=0.01 secs] 
2014-07-08T20:09:34.454+0000: 688.101: [GC [PSYoungGen: 96326K->1422K(94848K)] 235660K->140984K(781824K), 0.0075070 secs] [Times: user=0.04 sys=0.00, real=0.01 secs] 
2014-07-08T20:09:35.417+0000: 689.064: [GC [PSYoungGen: 94798K->1376K(93568K)] 234360K->141042K(780544K), 0.0063410 secs] [Times: user=0.04 sys=0.00, real=0.01 secs] 
2014-07-08T20:09:36.289+0000: 689.936: [GC [PSYoungGen: 93536K->1276K(92288K)] 233202K->141030K(779264K), 0.0049610 secs] [Times: user=0.03 sys=0.00, real=0.00 secs] 
2014-07-08T20:09:37.071+0000: 690.718: [GC [PSYoungGen: 92284K->1280K(91200K)] 232038K->141114K(778176K), 0.0046980 secs] [Times: user=0.02 sys=0.00, real=0.00 secs] 
2014-07-08T20:09:37.897+0000: 691.544: [GC [PSYoungGen: 91097K->1476K(90240K)] 230931K->141382K(777216K), 0.0119500 secs] [Times: user=0.09 sys=0.00, real=0.02 secs] 
2014-07-08T20:09:38.532+0000: 692.179: [GC [PSYoungGen: 90180K->1536K(108096K)] 230086K->141530K(795072K), 0.0150200 secs] [Times: user=0.11 sys=0.00, real=0.01 secs] 
2014-07-08T20:09:39.661+0000: 693.308: [GC [PSYoungGen: 108032K->1006K(109632K)] 248026K->141200K(796608K), 0.0108480 secs] [Times: user=0.08 sys=0.00, real=0.01 secs] 
2014-07-08T20:09:40.494+0000: 694.141: [GC [PSYoungGen: 109614K->1444K(110592K)] 249808K->141702K(797568K), 0.0085270 secs] [Times: user=0.04 sys=0.00, real=0.01 secs] 
2014-07-08T20:09:41.489+0000: 695.136: [GC [PSYoungGen: 110052K->1206K(132288K)] 250310K->141618K(819264K), 0.0063350 secs] [Times: user=0.03 sys=0.00, real=0.01 secs] 
2014-07-08T20:09:42.577+0000: 696.224: [GC [PSYoungGen: 131574K->1206K(129408K)] 271986K->141698K(816384K), 0.0059880 secs] [Times: user=0.04 sys=0.00, real=0.01 secs] 
2014-07-08T20:09:43.804+0000: 697.451: [GC [PSYoungGen: 129363K->747K(126848K)] 269855K->142054K(813824K), 0.0051020 secs] [Times: user=0.03 sys=0.00, real=0.01 secs] 
2014-07-08T20:09:44.908+0000: 698.555: [GC [PSYoungGen: 126827K->1526K(125568K)] 268134K->142889K(812544K), 0.0058790 secs] [Times: user=0.04 sys=0.00, real=0.01 secs] 
2014-07-08T20:09:46.058+0000: 699.705: [GC [PSYoungGen: 125558K->1238K(123328K)] 266921K->142753K(810304K), 0.0192590 secs] [Times: user=0.11 sys=0.00, real=0.02 secs] 
2014-07-08T20:09:47.119+0000: 700.766: [GC [PSYoungGen: 123286K->1330K(121472K)] 264801K->142925K(808448K), 0.0060230 secs] [Times: user=0.03 sys=0.00, real=0.01 secs] 
2014-07-08T20:09:48.129+0000: 701.776: [GC [PSYoungGen: 121458K->1192K(119488K)] 263053K->142843K(806464K), 0.0034770 secs] [Times: user=0.02 sys=0.00, real=0.01 secs] 
2014-07-08T20:09:49.438+0000: 703.085: [GC [PSYoungGen: 119421K->1710K(118144K)] 261073K->143426K(805120K), 0.0072380 secs] [Times: user=0.04 sys=0.01, real=0.01 secs] 
2014-07-08T20:09:50.413+0000: 704.060: [GC [PSYoungGen: 118126K->808K(115456K)] 259842K->142923K(802432K), 0.0059480 secs] [Times: user=0.04 sys=0.00, real=0.00 secs] 
2014-07-08T20:09:51.417+0000: 705.064: [GC [PSYoungGen: 115432K->1892K(114816K)] 257547K->144138K(801792K), 0.0112330 secs] [Times: user=0.07 sys=0.00, real=0.01 secs] 
2014-07-08T20:09:52.532+0000: 706.179: [GC [PSYoungGen: 114745K->1120K(112384K)] 256991K->143746K(799360K), 0.0055460 secs] [Times: user=0.03 sys=0.00, real=0.00 secs] 
2014-07-08T20:09:53.581+0000: 707.228: [GC [PSYoungGen: 112352K->1673K(111296K)] 254978K->144421K(798272K), 0.0135580 secs] [Times: user=0.09 sys=0.00, real=0.01 secs] 
2014-07-08T20:09:54.498+0000: 708.145: [GC [PSYoungGen: 111238K->1252K(109248K)] 253985K->144234K(796224K), 0.0118060 secs] [Times: user=0.08 sys=0.00, real=0.01 secs] 
2014-07-08T20:09:55.398+0000: 709.045: [GC [PSYoungGen: 109220K->1900K(108352K)] 252202K->144996K(795328K), 0.0079390 secs] [Times: user=0.03 sys=0.00, real=0.01 secs] 
2014-07-08T20:09:56.361+0000: 710.008: [GC [PSYoungGen: 108332K->946K(123712K)] 251428K->144283K(810688K), 0.0160250 secs] [Times: user=0.11 sys=0.00, real=0.01 secs] 
2014-07-08T20:09:57.551+0000: 711.198: [GC [PSYoungGen: 123698K->1458K(124864K)] 267035K->144844K(811840K), 0.0128260 secs] [Times: user=0.07 sys=0.00, real=0.01 secs] 
2014-07-08T20:09:58.590+0000: 712.237: [GC [PSYoungGen: 124210K->1434K(149376K)] 267596K->144973K(836352K), 0.0141740 secs] [Times: user=0.10 sys=0.01, real=0.02 secs] 
2014-07-08T20:10:00.054+0000: 713.701: [GC [PSYoungGen: 148762K->1320K(149376K)] 292301K->144923K(836352K), 0.0107680 secs] [Times: user=0.07 sys=0.00, real=0.01 secs] 
2014-07-08T20:10:01.252+0000: 714.899: [GC [PSYoungGen: 148648K->1430K(146176K)] 292251K->145105K(833152K), 0.0063780 secs] [Times: user=0.02 sys=0.01, real=0.00 secs] 
2014-07-08T20:10:02.561+0000: 716.208: [GC [PSYoungGen: 146134K->1512K(143680K)] 289809K->145259K(830656K), 0.0053130 secs] [Times: user=0.02 sys=0.00, real=0.01 secs] 
2014-07-08T20:10:03.996+0000: 717.643: [GC [PSYoungGen: 143621K->1010K(140672K)] 287369K->145260K(827648K), 0.0084480 secs] [Times: user=0.06 sys=0.00, real=0.01 secs] 
2014-07-08T20:10:05.399+0000: 719.046: [GC [PSYoungGen: 140658K->1490K(138752K)] 284908K->145788K(825728K), 0.0062130 secs] [Times: user=0.04 sys=0.00, real=0.01 secs] 
2014-07-08T20:10:06.602+0000: 720.249: [GC [PSYoungGen: 138706K->1316K(136192K)] 283004K->146100K(823168K), 0.0056490 secs] [Times: user=0.03 sys=0.00, real=0.00 secs] 
2014-07-08T20:10:07.987+0000: 721.634: [GC [PSYoungGen: 136164K->1618K(134208K)] 280948K->146458K(821184K), 0.0044310 secs] [Times: user=0.02 sys=0.00, real=0.00 secs] 
2014-07-08T20:10:09.102+0000: 722.749: [GC [PSYoungGen: 134162K->996K(131328K)] 279002K->146084K(818304K), 0.0030560 secs] [Times: user=0.01 sys=0.01, real=0.01 secs] 
2014-07-08T20:10:10.310+0000: 723.957: [GC [PSYoungGen: 131251K->1504K(129664K)] 276339K->146648K(816640K), 0.0060320 secs] [Times: user=0.04 sys=0.00, real=0.01 secs] 
2014-07-08T20:10:11.656+0000: 725.303: [GC [PSYoungGen: 129585K->1404K(127424K)] 274729K->146604K(814400K), 0.0109520 secs] [Times: user=0.06 sys=0.00, real=0.01 secs] 
2014-07-08T20:10:12.806+0000: 726.453: [GC [PSYoungGen: 127420K->1554K(125568K)] 272620K->146834K(812544K), 0.0043520 secs] [Times: user=0.02 sys=0.00, real=0.00 secs] 
2014-07-08T20:10:14.010+0000: 727.657: [GC [PSYoungGen: 125495K->882K(122880K)] 270775K->146754K(809856K), 0.0077290 secs] [Times: user=0.05 sys=0.00, real=0.01 secs] 
2014-07-08T20:10:15.061+0000: 728.708: [GC [PSYoungGen: 122866K->1846K(121920K)] 268738K->148037K(808896K), 0.0045840 secs] [Times: user=0.02 sys=0.00, real=0.01 secs] 
2014-07-08T20:10:16.163+0000: 729.810: [GC [PSYoungGen: 121910K->1003K(119232K)] 268101K->148014K(806208K), 0.0057000 secs] [Times: user=0.04 sys=0.00, real=0.01 secs] 
2014-07-08T20:10:17.205+0000: 730.852: [GC [PSYoungGen: 119211K->1266K(117632K)] 266222K->148332K(804608K), 0.0060760 secs] [Times: user=0.03 sys=0.00, real=0.00 secs] 
2014-07-08T20:10:18.370+0000: 732.017: [GC [PSYoungGen: 117618K->1352K(115968K)] 264684K->148522K(802944K), 0.0054300 secs] [Times: user=0.04 sys=0.00, real=0.01 secs] 
2014-07-08T20:10:19.426+0000: 733.073: [GC [PSYoungGen: 115911K->1180K(114048K)] 263082K->148398K(801024K), 0.0140300 secs] [Times: user=0.09 sys=0.00, real=0.01 secs] 
2014-07-08T20:10:20.433+0000: 734.080: [GC [PSYoungGen: 114012K->1434K(112640K)] 261230K->148756K(799616K), 0.0143450 secs] [Times: user=0.11 sys=0.00, real=0.02 secs] 
2014-07-08T20:10:21.470+0000: 735.117: [GC [PSYoungGen: 112533K->1781K(135232K)] 259856K->149176K(822208K), 0.0158710 secs] [Times: user=0.11 sys=0.00, real=0.02 secs] 
2014-07-08T20:10:22.799+0000: 736.446: [GC [PSYoungGen: 135183K->864K(161024K)] 282578K->148717K(848000K), 0.0123530 secs] [Times: user=0.09 sys=0.00, real=0.01 secs] 
2014-07-08T20:10:24.189+0000: 737.836: [GC [PSYoungGen: 160980K->1580K(158720K)] 308834K->149457K(845696K), 0.0055340 secs] [Times: user=0.02 sys=0.00, real=0.00 secs] 
2014-07-08T20:10:25.679+0000: 739.326: [GC [PSYoungGen: 158699K->1174K(155392K)] 306576K->149361K(842368K), 0.0096580 secs] [Times: user=0.05 sys=0.00, real=0.01 secs] 
2014-07-08T20:10:27.159+0000: 740.806: [GC [PSYoungGen: 155350K->1434K(152768K)] 303537K->149685K(839744K), 0.0100150 secs] [Times: user=0.07 sys=0.00, real=0.01 secs] 
2014-07-08T20:10:28.541+0000: 742.188: [GC [PSYoungGen: 152729K->1362K(149952K)] 300980K->149709K(836928K), 0.0044790 secs] [Times: user=0.02 sys=0.00, real=0.00 secs] 
2014-07-08T20:10:30.098+0000: 743.745: [GC [PSYoungGen: 149874K->1148K(147008K)] 298221K->149543K(833984K), 0.0095560 secs] [Times: user=0.05 sys=0.00, real=0.01 secs] 
2014-07-08T20:10:31.217+0000: 744.864: [GC [PSYoungGen: 147004K->1298K(144576K)] 295399K->149741K(831552K), 0.0080660 secs] [Times: user=0.03 sys=0.00, real=0.00 secs] 
2014-07-08T20:10:32.429+0000: 746.076: [GC [PSYoungGen: 144530K->1650K(142400K)] 292973K->150157K(829376K), 0.0059490 secs] [Times: user=0.03 sys=0.00, real=0.00 secs] 
2014-07-08T20:10:33.881+0000: 747.528: [GC [PSYoungGen: 142386K->1014K(139328K)] 290893K->149705K(826304K), 0.0049150 secs] [Times: user=0.03 sys=0.00, real=0.00 secs] 
2014-07-08T20:10:35.140+0000: 748.787: [GC [PSYoungGen: 139318K->1680K(137664K)] 288009K->150451K(824640K), 0.0062520 secs] [Times: user=0.04 sys=0.00, real=0.00 secs] 
2014-07-08T20:10:36.474+0000: 750.121: [GC [PSYoungGen: 137616K->1234K(134912K)] 286387K->150175K(821888K), 0.0099600 secs] [Times: user=0.07 sys=0.00, real=0.01 secs] 
2014-07-08T20:10:37.803+0000: 751.450: [GC [PSYoungGen: 134866K->1284K(132736K)] 283807K->150297K(819712K), 0.0133660 secs] [Times: user=0.09 sys=0.00, real=0.01 secs] 
2014-07-08T20:10:39.200+0000: 752.847: [GC [PSYoungGen: 132676K->1376K(130624K)] 281689K->150541K(817600K), 0.0077610 secs] [Times: user=0.03 sys=0.01, real=0.01 secs] 
2014-07-08T20:10:40.448+0000: 754.095: [GC [PSYoungGen: 130591K->1358K(128512K)] 279756K->150611K(815488K), 0.0078800 secs] [Times: user=0.05 sys=0.00, real=0.00 secs] 
2014-07-08T20:10:41.590+0000: 755.237: [GC [PSYoungGen: 128462K->1184K(126272K)] 277715K->150645K(813248K), 0.0067460 secs] [Times: user=0.04 sys=0.00, real=0.00 secs] 
2014-07-08T20:10:42.841+0000: 756.488: [GC [PSYoungGen: 126240K->1392K(124480K)] 275701K->150901K(811456K), 0.0037290 secs] [Times: user=0.02 sys=0.00, real=0.00 secs] 
2014-07-08T20:10:44.065+0000: 757.712: [GC [PSYoungGen: 124464K->1134K(122240K)] 273973K->151208K(809216K), 0.0079080 secs] [Times: user=0.05 sys=0.00, real=0.01 secs] 
2014-07-08T20:10:45.195+0000: 758.842: [GC [PSYoungGen: 122143K->1707K(120896K)] 272217K->151853K(807872K), 0.0048640 secs] [Times: user=0.02 sys=0.00, real=0.01 secs] 
2014-07-08T20:10:46.338+0000: 759.985: [GC [PSYoungGen: 120875K->996K(118336K)] 271021K->151503K(805312K), 0.0037000 secs] [Times: user=0.02 sys=0.00, real=0.01 secs] 
2014-07-08T20:10:47.334+0000: 760.981: [GC [PSYoungGen: 118295K->1551K(117120K)] 268803K->152122K(804096K), 0.0050850 secs] [Times: user=0.03 sys=0.00, real=0.01 secs] 
2014-07-08T20:10:48.487+0000: 762.134: [GC [PSYoungGen: 117071K->1252K(115072K)] 267642K->151911K(802048K), 0.0084950 secs] [Times: user=0.06 sys=0.00, real=0.01 secs] 
2014-07-08T20:10:49.586+0000: 763.233: [GC [PSYoungGen: 115044K->1380K(113472K)] 265703K->152111K(800448K), 0.0073530 secs] [Times: user=0.03 sys=0.00, real=0.01 secs] 
2014-07-08T20:10:50.754+0000: 764.401: [GC [PSYoungGen: 113444K->1106K(111552K)] 264175K->151909K(798528K), 0.0097180 secs] [Times: user=0.05 sys=0.00, real=0.01 secs] 
2014-07-08T20:10:51.799+0000: 765.446: [GC [PSYoungGen: 111478K->1308K(110144K)] 262282K->152199K(797120K), 0.0107890 secs] [Times: user=0.07 sys=0.00, real=0.01 secs] 
2014-07-08T20:10:52.874+0000: 766.521: [GC [PSYoungGen: 110108K->1388K(108608K)] 260999K->152407K(795584K), 0.0097950 secs] [Times: user=0.07 sys=0.00, real=0.01 secs] 
2014-07-08T20:10:53.772+0000: 767.419: [GC [PSYoungGen: 108571K->1352K(107072K)] 259590K->152467K(794048K), 0.0104520 secs] [Times: user=0.07 sys=0.00, real=0.01 secs] 
2014-07-08T20:10:54.752+0000: 768.399: [GC [PSYoungGen: 107016K->936K(105088K)] 258131K->152463K(792064K), 0.0097580 secs] [Times: user=0.06 sys=0.00, real=0.01 secs] 
2014-07-08T20:10:55.774+0000: 769.421: [GC [PSYoungGen: 105057K->1675K(104384K)] 256585K->153267K(791360K), 0.0066000 secs] [Times: user=0.04 sys=0.00, real=0.01 secs] 
2014-07-08T20:10:56.656+0000: 770.304: [GC [PSYoungGen: 104331K->954K(102208K)] 255923K->152945K(789184K), 0.0061270 secs] [Times: user=0.04 sys=0.00, real=0.01 secs] 
2014-07-08T20:10:57.613+0000: 771.260: [GC [PSYoungGen: 102200K->1810K(101696K)] 254192K->153898K(788672K), 0.0064710 secs] [Times: user=0.04 sys=0.00, real=0.00 secs] 
2014-07-08T20:10:58.639+0000: 772.286: [GC [PSYoungGen: 101650K->942K(99456K)] 253738K->153498K(786432K), 0.0114540 secs] [Times: user=0.09 sys=0.00, real=0.02 secs] 
2014-07-08T20:10:59.557+0000: 773.204: [GC [PSYoungGen: 99438K->1654K(98816K)] 251994K->154266K(785792K), 0.0098530 secs] [Times: user=0.05 sys=0.00, real=0.01 secs] 
2014-07-08T20:11:00.610+0000: 774.257: [GC [PSYoungGen: 98806K->1252K(97152K)] 251418K->154039K(784128K), 0.0104650 secs] [Times: user=0.06 sys=0.00, real=0.01 secs] 
2014-07-08T20:11:01.466+0000: 775.113: [GC [PSYoungGen: 97124K->1156K(95808K)] 249911K->154023K(782784K), 0.0075200 secs] [Times: user=0.03 sys=0.00, real=0.01 secs] 
2014-07-08T20:11:02.456+0000: 776.103: [GC [PSYoungGen: 95743K->1376K(94784K)] 248611K->154332K(781760K), 0.0077770 secs] [Times: user=0.05 sys=0.00, real=0.01 secs] 
2014-07-08T20:11:03.333+0000: 776.980: [GC [PSYoungGen: 94752K->1060K(93248K)] 247708K->154087K(780224K), 0.0100320 secs] [Times: user=0.06 sys=0.00, real=0.01 secs] 
2014-07-08T20:11:04.416+0000: 778.063: [GC [PSYoungGen: 93220K->1248K(92288K)] 246247K->154340K(779264K), 0.0118710 secs] [Times: user=0.08 sys=0.00, real=0.01 secs] 
2014-07-08T20:11:05.247+0000: 778.894: [GC [PSYoungGen: 92256K->1366K(91264K)] 245348K->154561K(778240K), 0.0073910 secs] [Times: user=0.04 sys=0.00, real=0.01 secs] 
2014-07-08T20:11:06.270+0000: 779.917: [GC [PSYoungGen: 91222K->1071K(89792K)] 244417K->154650K(776768K), 0.0089080 secs] [Times: user=0.06 sys=0.01, real=0.01 secs] 
2014-07-08T20:11:07.163+0000: 780.810: [GC [PSYoungGen: 89731K->1302K(107840K)] 243309K->154936K(794816K), 0.0128270 secs] [Times: user=0.07 sys=0.00, real=0.01 secs] 
2014-07-08T20:11:08.218+0000: 781.865: [GC [PSYoungGen: 107798K->1188K(129024K)] 261432K->155195K(816000K), 0.0155800 secs] [Times: user=0.12 sys=0.00, real=0.02 secs] 
2014-07-08T20:11:09.329+0000: 782.976: [GC [PSYoungGen: 128996K->1686K(143872K)] 283003K->155733K(830848K), 0.0080330 secs] [Times: user=0.04 sys=0.00, real=0.01 secs] 
2014-07-08T20:11:10.532+0000: 784.179: [GC [PSYoungGen: 143748K->1252K(155264K)] 297795K->155462K(842240K), 0.0158010 secs] [Times: user=0.09 sys=0.01, real=0.02 secs] 
2014-07-08T20:11:12.323+0000: 785.971: [GC [PSYoungGen: 154660K->1298K(151936K)] 308870K->155588K(838912K), 0.0099220 secs] [Times: user=0.07 sys=0.00, real=0.01 secs] 
2014-07-08T20:11:13.666+0000: 787.313: [GC [PSYoungGen: 151890K->558K(153408K)] 306180K->155927K(840384K), 0.0183610 secs] [Times: user=0.11 sys=0.00, real=0.02 secs] 
2014-07-08T20:11:15.263+0000: 788.910: [GC [PSYoungGen: 153383K->1911K(151936K)] 308753K->157480K(838912K), 0.0116220 secs] [Times: user=0.08 sys=0.00, real=0.01 secs] 
2014-07-08T20:11:16.477+0000: 790.124: [GC [PSYoungGen: 151913K->64K(147328K)] 307482K->157169K(834304K), 0.0064830 secs] [Times: user=0.04 sys=0.00, real=0.01 secs] 
2014-07-08T20:11:18.177+0000: 791.824: [GC [PSYoungGen: 147298K->2086K(146752K)] 304403K->159207K(833728K), 0.0096960 secs] [Times: user=0.06 sys=0.00, real=0.01 secs] 
2014-07-08T20:11:19.553+0000: 793.200: [GC [PSYoungGen: 146726K->1220K(143360K)] 303847K->159149K(830336K), 0.0114540 secs] [Times: user=0.07 sys=0.00, real=0.02 secs] 
2014-07-08T20:11:21.065+0000: 794.712: [GC [PSYoungGen: 143300K->1266K(140864K)] 301229K->159267K(827840K), 0.0095480 secs] [Times: user=0.06 sys=0.00, real=0.01 secs] 
2014-07-08T20:11:22.413+0000: 796.060: [GC [PSYoungGen: 140850K->1174K(138368K)] 298851K->159239K(825344K), 0.0060460 secs] [Times: user=0.03 sys=0.00, real=0.01 secs] 
2014-07-08T20:11:23.535+0000: 797.182: [GC [PSYoungGen: 138326K->1643K(136448K)] 296391K->159804K(823424K), 0.0079750 secs] [Times: user=0.04 sys=0.00, real=0.00 secs] 
2014-07-08T20:11:25.008+0000: 798.655: [GC [PSYoungGen: 136415K->1366K(133888K)] 294576K->159615K(820864K), 0.0108920 secs] [Times: user=0.07 sys=0.00, real=0.01 secs] 
2014-07-08T20:11:26.442+0000: 800.089: [GC [PSYoungGen: 133846K->1266K(131520K)] 292095K->159595K(818496K), 0.0056060 secs] [Times: user=0.02 sys=0.00, real=0.01 secs] 
2014-07-08T20:11:27.493+0000: 801.140: [GC [PSYoungGen: 131506K->1504K(129600K)] 289835K->159921K(816576K), 0.0058640 secs] [Times: user=0.03 sys=0.00, real=0.01 secs] 
2014-07-08T20:11:28.903+0000: 802.550: [GC [PSYoungGen: 129568K->1170K(127168K)] 287985K->159675K(814144K), 0.0066660 secs] [Times: user=0.04 sys=0.00, real=0.01 secs] 
2014-07-08T20:11:30.193+0000: 803.840: [GC [PSYoungGen: 127122K->1376K(125312K)] 285627K->160041K(812288K), 0.0090960 secs] [Times: user=0.06 sys=0.00, real=0.01 secs] 
2014-07-08T20:11:31.166+0000: 804.813: [GC [PSYoungGen: 125276K->1366K(123328K)] 283942K->160111K(810304K), 0.0050860 secs] [Times: user=0.03 sys=0.00, real=0.00 secs] 
2014-07-08T20:11:32.528+0000: 806.175: [GC [PSYoungGen: 123286K->1294K(121344K)] 282031K->160087K(808320K), 0.0152690 secs] [Times: user=0.10 sys=0.00, real=0.01 secs] 
2014-07-08T20:11:33.604+0000: 807.251: [GC [PSYoungGen: 121294K->1284K(119488K)] 280087K->160149K(806464K), 0.0091460 secs] [Times: user=0.06 sys=0.00, real=0.01 secs] 
2014-07-08T20:11:34.754+0000: 808.401: [GC [PSYoungGen: 119428K->1327K(117632K)] 278293K->160389K(804608K), 0.0070350 secs] [Times: user=0.05 sys=0.00, real=0.01 secs] 
2014-07-08T20:11:35.949+0000: 809.596: [GC [PSYoungGen: 117595K->1270K(115776K)] 276657K->160444K(802752K), 0.0078190 secs] [Times: user=0.05 sys=0.00, real=0.01 secs] 
2014-07-08T20:11:37.126+0000: 810.773: [GC [PSYoungGen: 115766K->1252K(114048K)] 274940K->160530K(801024K), 0.0152080 secs] [Times: user=0.10 sys=0.00, real=0.01 secs] 
2014-07-08T20:11:38.252+0000: 811.899: [GC [PSYoungGen: 114020K->1298K(112448K)] 273298K->160656K(799424K), 0.0119670 secs] [Times: user=0.07 sys=0.00, real=0.01 secs] 
2014-07-08T20:11:39.338+0000: 812.985: [GC [PSYoungGen: 112402K->1088K(110528K)] 271760K->160534K(797504K), 0.0129170 secs] [Times: user=0.07 sys=0.00, real=0.01 secs] 
2014-07-08T20:11:40.456+0000: 814.103: [GC [PSYoungGen: 110528K->1106K(108992K)] 269974K->160624K(795968K), 0.0046920 secs] [Times: user=0.02 sys=0.00, real=0.01 secs] 
2014-07-08T20:11:41.421+0000: 815.068: [GC [PSYoungGen: 108946K->1230K(107584K)] 268464K->160812K(794560K), 0.0086530 secs] [Times: user=0.05 sys=0.00, real=0.01 secs] 
2014-07-08T20:11:42.406+0000: 816.053: [GC [PSYoungGen: 107534K->1338K(106112K)] 267116K->161024K(793088K), 0.0093110 secs] [Times: user=0.06 sys=0.00, real=0.01 secs] 
2014-07-08T20:11:43.387+0000: 817.034: [GC [PSYoungGen: 106106K->992K(104320K)] 265792K->160958K(791296K), 0.0038420 secs] [Times: user=0.01 sys=0.00, real=0.01 secs] 
2014-07-08T20:11:44.462+0000: 818.109: [GC [PSYoungGen: 104288K->1370K(103232K)] 264254K->161400K(790208K), 0.0086480 secs] [Times: user=0.05 sys=0.01, real=0.01 secs] 
2014-07-08T20:11:45.429+0000: 819.076: [GC [PSYoungGen: 103179K->1085K(101504K)] 263209K->161427K(788480K), 0.0094860 secs] [Times: user=0.05 sys=0.00, real=0.01 secs] 
2014-07-08T20:11:46.492+0000: 820.139: [GC [PSYoungGen: 101501K->1498K(100608K)] 261843K->161912K(787584K), 0.0059380 secs] [Times: user=0.04 sys=0.00, real=0.00 secs] 
2014-07-08T20:11:47.371+0000: 821.018: [GC [PSYoungGen: 100570K->886K(98624K)] 260984K->161682K(785600K), 0.0096910 secs] [Times: user=0.07 sys=0.00, real=0.01 secs] 
2014-07-08T20:11:48.373+0000: 822.020: [GC [PSYoungGen: 98580K->1380K(97856K)] 259376K->162240K(784832K), 0.0052280 secs] [Times: user=0.03 sys=0.00, real=0.01 secs] 
2014-07-08T20:11:49.328+0000: 822.975: [GC [PSYoungGen: 97828K->1188K(96384K)] 258688K->162344K(783360K), 0.0082670 secs] [Times: user=0.05 sys=0.00, real=0.00 secs] 
2014-07-08T20:11:50.267+0000: 823.914: [GC [PSYoungGen: 96356K->1166K(115456K)] 257512K->162355K(802432K), 0.0175910 secs] [Times: user=0.09 sys=0.00, real=0.02 secs] 
2014-07-08T20:11:51.396+0000: 825.043: [GC [PSYoungGen: 115406K->1078K(113600K)] 276595K->162530K(800576K), 0.0082350 secs] [Times: user=0.05 sys=0.00, real=0.01 secs] 
2014-07-08T20:11:52.247+0000: 825.894: [GC [PSYoungGen: 113590K->1554K(134400K)] 275042K->163070K(821376K), 0.0132400 secs] [Times: user=0.08 sys=0.00, real=0.02 secs] 
2014-07-08T20:11:53.667+0000: 827.314: [GC [PSYoungGen: 134260K->1422K(131968K)] 295776K->163018K(818944K), 0.0054970 secs] [Times: user=0.03 sys=0.00, real=0.01 secs] 
2014-07-08T20:11:55.064+0000: 828.711: [GC [PSYoungGen: 131905K->1334K(129664K)] 293501K->163018K(816640K), 0.0094210 secs] [Times: user=0.05 sys=0.01, real=0.01 secs] 
2014-07-08T20:11:56.435+0000: 830.082: [GC [PSYoungGen: 129654K->694K(126912K)] 291338K->162844K(813888K), 0.0060730 secs] [Times: user=0.03 sys=0.01, real=0.01 secs] 
2014-07-08T20:11:57.486+0000: 831.133: [GC [PSYoungGen: 126887K->1388K(125568K)] 289037K->163602K(812544K), 0.0059110 secs] [Times: user=0.03 sys=0.00, real=0.01 secs] 
2014-07-08T20:11:58.655+0000: 832.302: [GC [PSYoungGen: 125503K->1384K(123584K)] 287718K->163816K(810560K), 0.0068770 secs] [Times: user=0.04 sys=0.00, real=0.01 secs] 
2014-07-08T20:12:00.015+0000: 833.662: [GC [PSYoungGen: 123560K->1622K(121920K)] 285992K->164143K(808896K), 0.0110000 secs] [Times: user=0.07 sys=0.00, real=0.01 secs] 
2014-07-08T20:12:01.305+0000: 834.952: [GC [PSYoungGen: 121869K->434K(118848K)] 284390K->163860K(805824K), 0.0112690 secs] [Times: user=0.08 sys=0.00, real=0.01 secs] 
2014-07-08T20:12:02.358+0000: 836.005: [GC [PSYoungGen: 118834K->1778K(118336K)] 282260K->165229K(805312K), 0.0177910 secs] [Times: user=0.10 sys=0.00, real=0.02 secs] 
2014-07-08T20:12:03.529+0000: 837.176: [GC [PSYoungGen: 118322K->1238K(116032K)] 281773K->165055K(803008K), 0.0046140 secs] [Times: user=0.02 sys=0.00, real=0.01 secs] 
2014-07-08T20:12:04.562+0000: 838.209: [GC [PSYoungGen: 115990K->1252K(114304K)] 279807K->165149K(801280K), 0.0107320 secs] [Times: user=0.06 sys=0.00, real=0.01 secs] 
2014-07-08T20:12:05.711+0000: 839.358: [GC [PSYoungGen: 114276K->1188K(112576K)] 278173K->165229K(799552K), 0.0111310 secs] [Times: user=0.07 sys=0.00, real=0.01 secs] 
2014-07-08T20:12:06.842+0000: 840.489: [GC [PSYoungGen: 112548K->1440K(111168K)] 276589K->165577K(798144K), 0.0080660 secs] [Times: user=0.05 sys=0.00, real=0.00 secs] 
2014-07-08T20:12:07.902+0000: 841.549: [GC [PSYoungGen: 111044K->1082K(109184K)] 275181K->165519K(796160K), 0.0105620 secs] [Times: user=0.07 sys=0.01, real=0.01 secs] 
2014-07-08T20:12:09.097+0000: 842.744: [GC [PSYoungGen: 109178K->1630K(108224K)] 273615K->166123K(795200K), 0.0134300 secs] [Times: user=0.07 sys=0.00, real=0.01 secs] 
2014-07-08T20:12:10.208+0000: 843.855: [GC [PSYoungGen: 108190K->886K(105920K)] 272683K->166137K(792896K), 0.0097720 secs] [Times: user=0.06 sys=0.00, real=0.01 secs] 
2014-07-08T20:12:11.153+0000: 844.800: [GC [PSYoungGen: 105910K->1682K(105280K)] 271161K->166965K(792256K), 0.0087620 secs] [Times: user=0.05 sys=0.00, real=0.01 secs] 
2014-07-08T20:12:12.140+0000: 845.787: [GC [PSYoungGen: 105198K->1128K(103232K)] 270481K->167007K(790208K), 0.0083850 secs] [Times: user=0.05 sys=0.00, real=0.01 secs] 
2014-07-08T20:12:13.145+0000: 846.792: [GC [PSYoungGen: 103208K->1448K(102144K)] 269087K->167375K(789120K), 0.0070540 secs] [Times: user=0.02 sys=0.00, real=0.01 secs] 
2014-07-08T20:12:14.120+0000: 847.767: [GC [PSYoungGen: 102120K->1394K(100672K)] 268047K->167571K(787648K), 0.0090960 secs] [Times: user=0.06 sys=0.00, real=0.01 secs] 
2014-07-08T20:12:15.060+0000: 848.707: [GC [PSYoungGen: 100658K->1458K(99392K)] 266835K->167755K(786368K), 0.0104750 secs] [Times: user=0.07 sys=0.00, real=0.01 secs] 
2014-07-08T20:12:16.052+0000: 849.699: [GC [PSYoungGen: 99378K->1110K(97728K)] 265675K->167463K(784704K), 0.0060240 secs] [Times: user=0.03 sys=0.00, real=0.00 secs] 
2014-07-08T20:12:16.969+0000: 850.616: [GC [PSYoungGen: 97686K->1156K(96512K)] 264039K->167589K(783488K), 0.0089000 secs] [Times: user=0.05 sys=0.00, real=0.01 secs] 
2014-07-08T20:12:18.047+0000: 851.694: [GC [PSYoungGen: 96450K->1518K(95552K)] 262884K->168040K(782528K), 0.0094000 secs] [Times: user=0.07 sys=0.00, real=0.01 secs] 
2014-07-08T20:12:18.932+0000: 852.580: [GC [PSYoungGen: 95534K->1522K(94336K)] 262056K->168139K(781312K), 0.0067840 secs] [Times: user=0.05 sys=0.00, real=0.01 secs] 
2014-07-08T20:12:19.793+0000: 853.440: [GC [PSYoungGen: 94322K->950K(112320K)] 260939K->167727K(799296K), 0.0259400 secs] [Times: user=0.16 sys=0.00, real=0.02 secs] 
2014-07-08T20:12:20.841+0000: 854.488: [GC [PSYoungGen: 112310K->1760K(123136K)] 279087K->168602K(810112K), 0.0124510 secs] [Times: user=0.08 sys=0.00, real=0.02 secs] 
2014-07-08T20:12:22.030+0000: 855.677: [GC [PSYoungGen: 122912K->1536K(135744K)] 289754K->168450K(822720K), 0.0157020 secs] [Times: user=0.09 sys=0.00, real=0.02 secs] 
2014-07-08T20:12:23.412+0000: 857.059: [GC [PSYoungGen: 135191K->1701K(135680K)] 302104K->168702K(822656K), 0.0056660 secs] [Times: user=0.03 sys=0.00, real=0.01 secs] 
2014-07-08T20:12:24.600+0000: 858.248: [GC [PSYoungGen: 135397K->1334K(162496K)] 302398K->168423K(849472K), 0.0110640 secs] [Times: user=0.07 sys=0.00, real=0.01 secs] 
2014-07-08T20:12:26.234+0000: 859.881: [GC [PSYoungGen: 161782K->1426K(158848K)] 328871K->168603K(845824K), 0.0064290 secs] [Times: user=0.03 sys=0.00, real=0.00 secs] 
2014-07-08T20:12:27.840+0000: 861.487: [GC [PSYoungGen: 158802K->616K(155072K)] 325979K->168633K(842048K), 0.0153920 secs] [Times: user=0.09 sys=0.00, real=0.02 secs] 
2014-07-08T20:12:29.397+0000: 863.044: [GC [PSYoungGen: 155002K->1892K(153472K)] 323019K->170070K(840448K), 0.0055320 secs] [Times: user=0.02 sys=0.00, real=0.00 secs] 
2014-07-08T20:12:30.751+0000: 864.398: [GC [PSYoungGen: 153444K->1320K(150144K)] 321622K->169978K(837120K), 0.0137120 secs] [Times: user=0.07 sys=0.00, real=0.02 secs] 
2014-07-08T20:12:32.215+0000: 865.862: [GC [PSYoungGen: 150120K->1224K(147392K)] 318778K->169962K(834368K), 0.0065130 secs] [Times: user=0.04 sys=0.00, real=0.01 secs] 
2014-07-08T20:12:33.581+0000: 867.228: [GC [PSYoungGen: 147336K->1580K(145088K)] 316074K->170398K(832064K), 0.0051640 secs] [Times: user=0.03 sys=0.00, real=0.01 secs] 
2014-07-08T20:12:35.221+0000: 868.868: [GC [PSYoungGen: 144985K->1508K(142464K)] 313803K->170430K(829440K), 0.0087770 secs] [Times: user=0.07 sys=0.00, real=0.01 secs] 
2014-07-08T20:12:36.476+0000: 870.123: [GC [PSYoungGen: 142436K->1146K(139648K)] 311358K->170318K(826624K), 0.0052560 secs] [Times: user=0.04 sys=0.00, real=0.00 secs] 
2014-07-08T20:12:37.928+0000: 871.575: [GC [PSYoungGen: 139640K->1480K(137664K)] 308812K->170756K(824640K), 0.0056760 secs] [Times: user=0.04 sys=0.00, real=0.00 secs] 
2014-07-08T20:12:39.330+0000: 872.977: [GC [PSYoungGen: 137608K->1450K(135296K)] 306884K->170790K(822272K), 0.0093900 secs] [Times: user=0.05 sys=0.00, real=0.01 secs] 
2014-07-08T20:12:40.444+0000: 874.091: [GC [PSYoungGen: 135274K->1422K(133056K)] 304614K->170834K(820032K), 0.0041780 secs] [Times: user=0.02 sys=0.00, real=0.01 secs] 
2014-07-08T20:12:41.664+0000: 875.311: [GC [PSYoungGen: 133006K->1056K(130496K)] 302418K->170816K(817472K), 0.0086700 secs] [Times: user=0.06 sys=0.00, real=0.01 secs] 
2014-07-08T20:12:43.174+0000: 876.821: [GC [PSYoungGen: 130464K->1650K(128960K)] 300224K->171466K(815936K), 0.0064630 secs] [Times: user=0.03 sys=0.00, real=0.01 secs] 
2014-07-08T20:12:44.259+0000: 877.906: [GC [PSYoungGen: 128946K->1138K(126400K)] 298762K->171252K(813376K), 0.0070650 secs] [Times: user=0.05 sys=0.00, real=0.00 secs] 
2014-07-08T20:12:45.520+0000: 879.167: [GC [PSYoungGen: 126386K->1384K(124608K)] 296500K->171570K(811584K), 0.0077470 secs] [Times: user=0.05 sys=0.00, real=0.01 secs] 
2014-07-08T20:12:46.613+0000: 880.260: [GC [PSYoungGen: 124584K->1298K(122560K)] 294770K->171582K(809536K), 0.0136220 secs] [Times: user=0.09 sys=0.00, real=0.01 secs] 
2014-07-08T20:12:47.939+0000: 881.586: [GC [PSYoungGen: 122514K->1316K(120640K)] 292798K->171672K(807616K), 0.0063320 secs] [Times: user=0.04 sys=0.00, real=0.00 secs] 
2014-07-08T20:12:49.153+0000: 882.800: [GC [PSYoungGen: 120612K->1064K(118528K)] 290968K->171898K(805504K), 0.0086880 secs] [Times: user=0.04 sys=0.00, real=0.01 secs] 
2014-07-08T20:12:50.241+0000: 883.888: [GC [PSYoungGen: 118503K->1440K(117120K)] 289338K->172338K(804096K), 0.0138750 secs] [Times: user=0.09 sys=0.00, real=0.01 secs] 
2014-07-08T20:12:51.301+0000: 884.948: [GC [PSYoungGen: 117088K->1188K(115136K)] 287986K->172272K(802112K), 0.0065730 secs] [Times: user=0.03 sys=0.00, real=0.00 secs] 
2014-07-08T20:12:52.375+0000: 886.022: [GC [PSYoungGen: 115108K->1416K(113664K)] 286192K->172572K(800640K), 0.0121620 secs] [Times: user=0.06 sys=0.00, real=0.01 secs] 
2014-07-08T20:12:53.392+0000: 887.039: [GC [PSYoungGen: 113608K->942K(111488K)] 284764K->172444K(798464K), 0.0076650 secs] [Times: user=0.04 sys=0.00, real=0.01 secs] 
2014-07-08T20:12:54.338+0000: 887.985: [GC [PSYoungGen: 111470K->1636K(110592K)] 282972K->173218K(797568K), 0.0063740 secs] [Times: user=0.03 sys=0.00, real=0.01 secs] 
2014-07-08T20:12:55.534+0000: 889.181: [GC [PSYoungGen: 110563K->1014K(108352K)] 282145K->172820K(795328K), 0.0043380 secs] [Times: user=0.02 sys=0.00, real=0.01 secs] 
2014-07-08T20:12:56.442+0000: 890.089: [GC [PSYoungGen: 108332K->1690K(107520K)] 280138K->173576K(794496K), 0.0075520 secs] [Times: user=0.04 sys=0.00, real=0.01 secs] 
2014-07-08T20:12:57.595+0000: 891.242: [GC [PSYoungGen: 107482K->896K(105152K)] 279368K->173024K(792128K), 0.0042390 secs] [Times: user=0.03 sys=0.00, real=0.01 secs] 
2014-07-08T20:12:58.441+0000: 892.088: [GC [PSYoungGen: 105152K->1444K(104256K)] 277280K->173628K(791232K), 0.0094650 secs] [Times: user=0.05 sys=0.00, real=0.01 secs] 
2014-07-08T20:12:59.642+0000: 893.289: [GC [PSYoungGen: 104228K->1416K(102848K)] 276412K->173730K(789824K), 0.0105140 secs] [Times: user=0.07 sys=0.00, real=0.01 secs] 
2014-07-08T20:13:00.469+0000: 894.116: [GC [PSYoungGen: 102789K->1437K(101440K)] 275104K->173831K(788416K), 0.0089990 secs] [Times: user=0.05 sys=0.00, real=0.01 secs] 
2014-07-08T20:13:01.493+0000: 895.140: [GC [PSYoungGen: 101404K->700K(99328K)] 273798K->173594K(786304K), 0.0105520 secs] [Times: user=0.07 sys=0.00, real=0.01 secs] 
2014-07-08T20:13:02.313+0000: 895.960: [GC [PSYoungGen: 99322K->1786K(120192K)] 272217K->174768K(807168K), 0.0185210 secs] [Times: user=0.14 sys=0.00, real=0.02 secs] 
2014-07-08T20:13:03.732+0000: 897.379: [GC [PSYoungGen: 120186K->1128K(143232K)] 293168K->174612K(830208K), 0.0060300 secs] [Times: user=0.04 sys=0.00, real=0.00 secs] 
2014-07-08T20:13:05.248+0000: 898.895: [GC [PSYoungGen: 143208K->1308K(140928K)] 316692K->174888K(827904K), 0.0074300 secs] [Times: user=0.04 sys=0.01, real=0.01 secs] 
2014-07-08T20:13:06.455+0000: 900.102: [GC [PSYoungGen: 140891K->1238K(138432K)] 314471K->174906K(825408K), 0.0042660 secs] [Times: user=0.02 sys=0.00, real=0.00 secs] 
2014-07-08T20:13:08.159+0000: 901.806: [GC [PSYoungGen: 138306K->1288K(136128K)] 311975K->175028K(823104K), 0.0080870 secs] [Times: user=0.05 sys=0.00, real=0.01 secs] 
2014-07-08T20:13:09.654+0000: 903.301: [GC [PSYoungGen: 136072K->1274K(133760K)] 309812K->175078K(820736K), 0.0089770 secs] [Times: user=0.07 sys=0.00, real=0.01 secs] 
2014-07-08T20:13:10.969+0000: 904.616: [GC [PSYoungGen: 133725K->1824K(132096K)] 307530K->175789K(819072K), 0.0082500 secs] [Times: user=0.05 sys=0.00, real=0.01 secs] 
2014-07-08T20:13:12.181+0000: 905.828: [GC [PSYoungGen: 132064K->626K(128704K)] 306029K->174990K(815680K), 0.0063150 secs] [Times: user=0.04 sys=0.00, real=0.00 secs] 
2014-07-08T20:13:13.567+0000: 907.214: [GC [PSYoungGen: 128690K->1508K(127488K)] 303054K->175936K(814464K), 0.0033860 secs] [Times: user=0.01 sys=0.00, real=0.00 secs] 
2014-07-08T20:13:14.658+0000: 908.305: [GC [PSYoungGen: 127460K->1326K(125248K)] 301888K->176038K(812224K), 0.0068760 secs] [Times: user=0.04 sys=0.00, real=0.01 secs] 
2014-07-08T20:13:16.013+0000: 909.660: [GC [PSYoungGen: 125230K->1394K(123328K)] 299942K->176170K(810304K), 0.0063480 secs] [Times: user=0.03 sys=0.00, real=0.00 secs] 
2014-07-08T20:13:17.183+0000: 910.830: [GC [PSYoungGen: 123314K->1256K(121280K)] 298090K->176152K(808256K), 0.0131890 secs] [Times: user=0.09 sys=0.00, real=0.01 secs] 
2014-07-08T20:13:18.360+0000: 912.007: [GC [PSYoungGen: 121218K->1306K(119488K)] 296115K->176298K(806464K), 0.0103050 secs] [Times: user=0.07 sys=0.00, real=0.01 secs] 
2014-07-08T20:13:19.414+0000: 913.061: [GC [PSYoungGen: 119450K->1188K(117504K)] 294442K->176236K(804480K), 0.0082150 secs] [Times: user=0.05 sys=0.00, real=0.01 secs] 
2014-07-08T20:13:20.510+0000: 914.157: [GC [PSYoungGen: 117476K->1056K(115584K)] 292524K->176176K(802560K), 0.0125420 secs] [Times: user=0.05 sys=0.00, real=0.02 secs] 
2014-07-08T20:13:21.593+0000: 915.240: [GC [PSYoungGen: 115539K->1445K(114240K)] 290660K->176661K(801216K), 0.0050220 secs] [Times: user=0.02 sys=0.01, real=0.00 secs] 
2014-07-08T20:13:22.652+0000: 916.299: [GC [PSYoungGen: 114213K->1284K(112448K)] 289429K->176580K(799424K), 0.0060240 secs] [Times: user=0.03 sys=0.00, real=0.00 secs] 
2014-07-08T20:13:23.890+0000: 917.537: [GC [PSYoungGen: 112388K->1074K(110528K)] 287684K->176716K(797504K), 0.0089900 secs] [Times: user=0.06 sys=0.00, real=0.01 secs] 
2014-07-08T20:13:24.939+0000: 918.586: [GC [PSYoungGen: 110514K->1430K(109312K)] 286156K->177144K(796288K), 0.0072940 secs] [Times: user=0.03 sys=0.01, real=0.01 secs] 
2014-07-08T20:13:26.058+0000: 919.705: [GC [PSYoungGen: 109270K->1210K(107520K)] 284984K->177092K(794496K), 0.0129240 secs] [Times: user=0.08 sys=0.00, real=0.01 secs] 
2014-07-08T20:13:27.150+0000: 920.797: [GC [PSYoungGen: 107514K->1412K(106240K)] 283396K->177374K(793216K), 0.0161280 secs] [Times: user=0.11 sys=0.00, real=0.02 secs] 
2014-07-08T20:13:28.304+0000: 921.951: [GC [PSYoungGen: 106180K->950K(104256K)] 282142K->177196K(791232K), 0.0107160 secs] [Times: user=0.07 sys=0.00, real=0.01 secs] 
2014-07-08T20:13:29.254+0000: 922.901: [GC [PSYoungGen: 104246K->1370K(125376K)] 280492K->177696K(812352K), 0.0168490 secs] [Times: user=0.11 sys=0.00, real=0.01 secs] 
2014-07-08T20:13:30.420+0000: 924.067: [GC [PSYoungGen: 125338K->1134K(131200K)] 301664K->177575K(818176K), 0.0103290 secs] [Times: user=0.06 sys=0.00, real=0.01 secs] 
2014-07-08T20:13:31.483+0000: 925.130: [GC [PSYoungGen: 131182K->1420K(131776K)] 307623K->177964K(818752K), 0.0093020 secs] [Times: user=0.06 sys=0.00, real=0.01 secs] 
2014-07-08T20:13:32.932+0000: 926.579: [GC [PSYoungGen: 131468K->1516K(129408K)] 308012K->178148K(816384K), 0.0071860 secs] [Times: user=0.04 sys=0.00, real=0.01 secs] 
2014-07-08T20:13:34.246+0000: 927.893: [GC [PSYoungGen: 129347K->1538K(127360K)] 305980K->178234K(814336K), 0.0066070 secs] [Times: user=0.04 sys=0.00, real=0.00 secs] 
2014-07-08T20:13:35.429+0000: 929.076: [GC [PSYoungGen: 127297K->356K(124096K)] 303994K->178101K(811072K), 0.0049670 secs] [Times: user=0.02 sys=0.00, real=0.01 secs] 
2014-07-08T20:13:36.497+0000: 930.144: [GC [PSYoungGen: 124068K->1516K(123264K)] 301813K->179325K(810240K), 0.0058700 secs] [Times: user=0.03 sys=0.00, real=0.00 secs] 
2014-07-08T20:13:37.642+0000: 931.289: [GC [PSYoungGen: 123244K->1462K(121280K)] 301053K->179725K(808256K), 0.0099550 secs] [Times: user=0.06 sys=0.00, real=0.01 secs] 
2014-07-08T20:13:38.812+0000: 932.459: [GC [PSYoungGen: 121268K->1270K(119232K)] 299531K->179629K(806208K), 0.0061060 secs] [Times: user=0.03 sys=0.00, real=0.01 secs] 
2014-07-08T20:13:40.146+0000: 933.793: [GC [PSYoungGen: 119222K->746K(116928K)] 297581K->179830K(803904K), 0.0139570 secs] [Times: user=0.10 sys=0.00, real=0.01 secs] 
2014-07-08T20:13:41.362+0000: 935.009: [GC [PSYoungGen: 116885K->1712K(116096K)] 295969K->180963K(803072K), 0.0066410 secs] [Times: user=0.03 sys=0.00, real=0.01 secs] 
2014-07-08T20:13:42.404+0000: 936.051: [GC [PSYoungGen: 116080K->1004K(113664K)] 295331K->180923K(800640K), 0.0064860 secs] [Times: user=0.04 sys=0.00, real=0.01 secs] 
2014-07-08T20:13:43.496+0000: 937.143: [GC [PSYoungGen: 113644K->1430K(112448K)] 293563K->181413K(799424K), 0.0062820 secs] [Times: user=0.04 sys=0.00, real=0.00 secs] 
2014-07-08T20:13:44.512+0000: 938.159: [GC [PSYoungGen: 112406K->1404K(110720K)] 292389K->181596K(797696K), 0.0062630 secs] [Times: user=0.04 sys=0.01, real=0.01 secs] 
2014-07-08T20:13:45.521+0000: 939.168: [GC [PSYoungGen: 110716K->1298K(109056K)] 290908K->181569K(796032K), 0.0060130 secs] [Times: user=0.03 sys=0.00, real=0.01 secs] 
2014-07-08T20:13:46.574+0000: 940.221: [GC [PSYoungGen: 109010K->1128K(107328K)] 289281K->181607K(794304K), 0.0111940 secs] [Times: user=0.07 sys=0.00, real=0.01 secs] 
2014-07-08T20:13:47.628+0000: 941.275: [GC [PSYoungGen: 107303K->1586K(106240K)] 287783K->182154K(793216K), 0.0061770 secs] [Times: user=0.02 sys=0.01, real=0.00 secs] 
2014-07-08T20:13:48.599+0000: 942.246: [GC [PSYoungGen: 106223K->1000K(104192K)] 286791K->182060K(791168K), 0.0079600 secs] [Times: user=0.05 sys=0.00, real=0.01 secs] 
2014-07-08T20:13:49.759+0000: 943.406: [GC [PSYoungGen: 104168K->1288K(103040K)] 285228K->182371K(790016K), 0.0057360 secs] [Times: user=0.02 sys=0.00, real=0.00 secs] 
2014-07-08T20:13:50.638+0000: 944.285: [GC [PSYoungGen: 102983K->1376K(101696K)] 284067K->182907K(788672K), 0.0058090 secs] [Times: user=0.04 sys=0.00, real=0.00 secs] 
2014-07-08T20:13:51.581+0000: 945.228: [GC [PSYoungGen: 101656K->1384K(100352K)] 283188K->183011K(787328K), 0.0080540 secs] [Times: user=0.05 sys=0.01, real=0.01 secs] 
2014-07-08T20:13:52.488+0000: 946.135: [GC [PSYoungGen: 100328K->1078K(98688K)] 281955K->182777K(785664K), 0.0098530 secs] [Times: user=0.06 sys=0.00, real=0.01 secs] 
2014-07-08T20:13:53.452+0000: 947.099: [GC [PSYoungGen: 98678K->1570K(97920K)] 280377K->183349K(784896K), 0.0098970 secs] [Times: user=0.07 sys=0.00, real=0.01 secs] 
2014-07-08T20:13:54.481+0000: 948.128: [GC [PSYoungGen: 97855K->1210K(96256K)] 279635K->183101K(783232K), 0.0056950 secs] [Times: user=0.04 sys=0.00, real=0.01 secs] 
2014-07-08T20:13:55.497+0000: 949.144: [GC [PSYoungGen: 96249K->1440K(95232K)] 278141K->183420K(782208K), 0.0071480 secs] [Times: user=0.03 sys=0.00, real=0.01 secs] 
2014-07-08T20:13:56.451+0000: 950.098: [GC [PSYoungGen: 95200K->1074K(93632K)] 277180K->183101K(780608K), 0.0110280 secs] [Times: user=0.07 sys=0.00, real=0.01 secs] 
2014-07-08T20:13:57.226+0000: 950.873: [GC [PSYoungGen: 93618K->1230K(92608K)] 275645K->183338K(779584K), 0.0035580 secs] [Times: user=0.01 sys=0.00, real=0.01 secs] 
2014-07-08T20:13:58.166+0000: 951.814: [GC [PSYoungGen: 92558K->1526K(91712K)] 274666K->183730K(778688K), 0.0090330 secs] [Times: user=0.06 sys=0.00, real=0.01 secs] 
2014-07-08T20:13:59.036+0000: 952.683: [GC [PSYoungGen: 91702K->1782K(90816K)] 273906K->184050K(777792K), 0.0127880 secs] [Times: user=0.08 sys=0.00, real=0.02 secs] 
2014-07-08T20:13:59.793+0000: 953.440: [GC [PSYoungGen: 90805K->566K(88512K)] 273073K->183475K(775488K), 0.0075350 secs] [Times: user=0.04 sys=0.00, real=0.01 secs] 
2014-07-08T20:14:00.617+0000: 954.264: [GC [PSYoungGen: 88475K->1672K(88576K)] 271385K->184646K(775552K), 0.0067870 secs] [Times: user=0.03 sys=0.01, real=0.01 secs] 
2014-07-08T20:14:01.530+0000: 955.177: [GC [PSYoungGen: 88496K->1540K(87360K)] 271470K->184827K(774336K), 0.0088310 secs] [Times: user=0.06 sys=0.00, real=0.01 secs] 
2014-07-08T20:14:02.435+0000: 956.082: [GC [PSYoungGen: 87300K->1166K(85952K)] 270587K->184502K(772928K), 0.0077640 secs] [Times: user=0.03 sys=0.00, real=0.01 secs] 
2014-07-08T20:14:03.243+0000: 956.890: [GC [PSYoungGen: 85880K->1206K(84928K)] 269216K->184767K(771904K), 0.0062640 secs] [Times: user=0.03 sys=0.00, real=0.01 secs] 
2014-07-08T20:14:04.066+0000: 957.713: [GC [PSYoungGen: 84918K->1484K(84224K)] 268479K->185141K(771200K), 0.0116570 secs] [Times: user=0.08 sys=0.00, real=0.01 secs] 
2014-07-08T20:14:04.848+0000: 958.495: [GC [PSYoungGen: 84172K->1270K(100544K)] 267829K->185082K(787520K), 0.0152440 secs] [Times: user=0.09 sys=0.00, real=0.02 secs] 
2014-07-08T20:14:05.979+0000: 959.626: [GC [PSYoungGen: 100495K->1614K(120832K)] 284307K->185506K(807808K), 0.0063030 secs] [Times: user=0.04 sys=0.00, real=0.00 secs] 
2014-07-08T20:14:07.201+0000: 960.849: [GC [PSYoungGen: 120782K->808K(118144K)] 304674K->185107K(805120K), 0.0062030 secs] [Times: user=0.03 sys=0.00, real=0.00 secs] 
2014-07-08T20:14:08.359+0000: 962.006: [GC [PSYoungGen: 118120K->1710K(117248K)] 302419K->186074K(804224K), 0.0081320 secs] [Times: user=0.06 sys=0.00, real=0.00 secs] 
2014-07-08T20:14:09.446+0000: 963.093: [GC [PSYoungGen: 117230K->1326K(115136K)] 301594K->186006K(802112K), 0.0100660 secs] [Times: user=0.07 sys=0.00, real=0.01 secs] 
2014-07-08T20:14:10.374+0000: 964.021: [GC [PSYoungGen: 115118K->1458K(113536K)] 299798K->186242K(800512K), 0.0077280 secs] [Times: user=0.04 sys=0.01, real=0.01 secs] 
2014-07-08T20:14:11.518+0000: 965.165: [GC [PSYoungGen: 113522K->1210K(111616K)] 298306K->186105K(798592K), 0.0090640 secs] [Times: user=0.05 sys=0.01, real=0.01 secs] 
2014-07-08T20:14:12.510+0000: 966.157: [GC [PSYoungGen: 111610K->1170K(110016K)] 296505K->186153K(796992K), 0.0084420 secs] [Times: user=0.02 sys=0.01, real=0.01 secs] 
2014-07-08T20:14:13.309+0000: 966.956: [GC [PSYoungGen: 109970K->1458K(108672K)] 294953K->186554K(795648K), 0.0073030 secs] [Times: user=0.05 sys=0.00, real=0.01 secs] 
2014-07-08T20:14:14.560+0000: 968.207: [GC [PSYoungGen: 108656K->1409K(107136K)] 293751K->186585K(794112K), 0.0076860 secs] [Times: user=0.05 sys=0.00, real=0.00 secs] 
2014-07-08T20:14:15.466+0000: 969.113: [GC [PSYoungGen: 107053K->939K(105088K)] 292229K->186365K(792064K), 0.0143580 secs] [Times: user=0.09 sys=0.00, real=0.02 secs] 
2014-07-08T20:14:16.514+0000: 970.161: [GC [PSYoungGen: 105067K->1234K(126272K)] 290493K->186707K(813248K), 0.0153220 secs] [Times: user=0.09 sys=0.00, real=0.01 secs] 
2014-07-08T20:14:17.781+0000: 971.428: [GC [PSYoungGen: 126226K->1586K(124608K)] 311699K->187172K(811584K), 0.0058190 secs] [Times: user=0.04 sys=0.00, real=0.00 secs] 
2014-07-08T20:14:19.067+0000: 972.715: [GC [PSYoungGen: 124594K->1600K(122688K)] 310180K->187250K(809664K), 0.0101680 secs] [Times: user=0.06 sys=0.00, real=0.01 secs] 
2014-07-08T20:14:20.292+0000: 973.939: [GC [PSYoungGen: 122624K->626K(119744K)] 308274K->186815K(806720K), 0.0059180 secs] [Times: user=0.03 sys=0.00, real=0.00 secs] 
2014-07-08T20:14:21.397+0000: 975.044: [GC [PSYoungGen: 119730K->1472K(118784K)] 305919K->187694K(805760K), 0.0136570 secs] [Times: user=0.09 sys=0.00, real=0.01 secs] 
2014-07-08T20:14:22.387+0000: 976.034: [GC [PSYoungGen: 118707K->1568K(117056K)] 304929K->188039K(804032K), 0.0048510 secs] [Times: user=0.02 sys=0.01, real=0.01 secs] 
2014-07-08T20:14:23.517+0000: 977.164: [GC [PSYoungGen: 117024K->1566K(115328K)] 303495K->188110K(802304K), 0.0056520 secs] [Times: user=0.03 sys=0.00, real=0.01 secs] 
2014-07-08T20:14:24.662+0000: 978.309: [GC [PSYoungGen: 115294K->690K(112704K)] 301838K->187759K(799680K), 0.0084190 secs] [Times: user=0.06 sys=0.00, real=0.00 secs] 
2014-07-08T20:14:25.724+0000: 979.371: [GC [PSYoungGen: 112677K->1284K(111680K)] 299747K->188410K(798656K), 0.0113580 secs] [Times: user=0.07 sys=0.00, real=0.01 secs] 
2014-07-08T20:14:26.931+0000: 980.578: [GC [PSYoungGen: 111618K->1380K(110144K)] 298744K->188724K(797120K), 0.0087070 secs] [Times: user=0.06 sys=0.00, real=0.01 secs] 
2014-07-08T20:14:28.040+0000: 981.687: [GC [PSYoungGen: 110116K->1316K(108480K)] 297460K->188740K(795456K), 0.0177060 secs] [Times: user=0.11 sys=0.00, real=0.02 secs] 
2014-07-08T20:14:29.134+0000: 982.781: [GC [PSYoungGen: 108452K->1000K(106624K)] 295876K->188624K(793600K), 0.0101610 secs] [Times: user=0.06 sys=0.00, real=0.01 secs] 
2014-07-08T20:14:30.203+0000: 983.850: [GC [PSYoungGen: 106598K->1302K(126720K)] 294222K->189006K(813696K), 0.0172530 secs] [Times: user=0.12 sys=0.00, real=0.02 secs] 
2014-07-08T20:14:31.425+0000: 985.072: [GC [PSYoungGen: 126204K->1224K(124224K)] 313908K->189032K(811200K), 0.0073200 secs] [Times: user=0.05 sys=0.00, real=0.00 secs] 
2014-07-08T20:14:32.331+0000: 985.978: [GC [PSYoungGen: 124150K->1536K(122560K)] 311958K->189400K(809536K), 0.0046830 secs] [Times: user=0.03 sys=0.00, real=0.01 secs] 
2014-07-08T20:14:33.435+0000: 987.082: [GC [PSYoungGen: 122495K->754K(119808K)] 310359K->188884K(806784K), 0.0077900 secs] [Times: user=0.04 sys=0.01, real=0.00 secs] 
2014-07-08T20:14:34.542+0000: 988.189: [GC [PSYoungGen: 119794K->1152K(118336K)] 307924K->189354K(805312K), 0.0045560 secs] [Times: user=0.02 sys=0.00, real=0.01 secs] 
2014-07-08T20:14:35.549+0000: 989.196: [GC [PSYoungGen: 118335K->1298K(116736K)] 306537K->189636K(803712K), 0.0062710 secs] [Times: user=0.04 sys=0.01, real=0.01 secs] 
2014-07-08T20:14:36.689+0000: 990.336: [GC [PSYoungGen: 116690K->1352K(115072K)] 305028K->189786K(802048K), 0.0032040 secs] [Times: user=0.02 sys=0.00, real=0.00 secs] 
2014-07-08T20:14:37.638+0000: 991.285: [GC [PSYoungGen: 114967K->882K(112832K)] 303401K->189972K(799808K), 0.0114060 secs] [Times: user=0.07 sys=0.01, real=0.01 secs] 
2014-07-08T20:14:38.718+0000: 992.365: [GC [PSYoungGen: 112803K->1764K(112064K)] 301893K->191006K(799040K), 0.0092580 secs] [Times: user=0.03 sys=0.01, real=0.01 secs] 
2014-07-08T20:14:39.725+0000: 993.372: [GC [PSYoungGen: 112031K->954K(109632K)] 301273K->190844K(796608K), 0.0053990 secs] [Times: user=0.03 sys=0.00, real=0.00 secs] 
2014-07-08T20:14:40.799+0000: 994.446: [GC [PSYoungGen: 109626K->1534K(108608K)] 299516K->191546K(795584K), 0.0139830 secs] [Times: user=0.09 sys=0.00, real=0.01 secs] 
2014-07-08T20:14:41.693+0000: 995.340: [GC [PSYoungGen: 108606K->1398K(106944K)] 298618K->191662K(793920K), 0.0056930 secs] [Times: user=0.04 sys=0.00, real=0.01 secs] 
2014-07-08T20:14:42.601+0000: 996.248: [GC [PSYoungGen: 106921K->1440K(105536K)] 297186K->191800K(792512K), 0.0055480 secs] [Times: user=0.03 sys=0.00, real=0.01 secs] 
2014-07-08T20:14:43.534+0000: 997.181: [GC [PSYoungGen: 105504K->1010K(103616K)] 295864K->191604K(790592K), 0.0064870 secs] [Times: user=0.05 sys=0.00, real=0.01 secs] 
2014-07-08T20:14:44.799+0000: 998.446: [GC [PSYoungGen: 103602K->1572K(102784K)] 294196K->192230K(789760K), 0.0048120 secs] [Times: user=0.02 sys=0.00, real=0.00 secs] 
2014-07-08T20:14:45.516+0000: 999.163: [GC [PSYoungGen: 102756K->1142K(100928K)] 293414K->192122K(787904K), 0.0046800 secs] [Times: user=0.03 sys=0.00, real=0.00 secs] 
2014-07-08T20:14:46.376+0000: 1000.023: [GC [PSYoungGen: 100918K->1714K(100160K)] 291898K->192790K(787136K), 0.0043860 secs] [Times: user=0.02 sys=0.00, real=0.00 secs] 
2014-07-08T20:14:47.314+0000: 1000.961: [GC [PSYoungGen: 100146K->868K(97984K)] 291222K->192218K(784960K), 0.0058120 secs] [Times: user=0.04 sys=0.00, real=0.01 secs] 
2014-07-08T20:14:48.233+0000: 1001.880: [GC [PSYoungGen: 97956K->1430K(97280K)] 289306K->192844K(784256K), 0.0063090 secs] [Times: user=0.04 sys=0.00, real=0.01 secs] 
2014-07-08T20:14:49.127+0000: 1002.774: [GC [PSYoungGen: 97236K->1532K(96064K)] 288651K->193050K(783040K), 0.0054650 secs] [Times: user=0.03 sys=0.00, real=0.00 secs] 
2014-07-08T20:14:49.977+0000: 1003.624: [GC [PSYoungGen: 96060K->1124K(94464K)] 287578K->192706K(781440K), 0.0042500 secs] [Times: user=0.01 sys=0.01, real=0.00 secs] 
2014-07-08T20:14:50.722+0000: 1004.369: [GC [PSYoungGen: 94436K->1212K(93312K)] 286018K->193060K(780288K), 0.0114330 secs] [Times: user=0.07 sys=0.00, real=0.01 secs] 
2014-07-08T20:14:51.554+0000: 1005.201: [GC [PSYoungGen: 93308K->1402K(92352K)] 285156K->193322K(779328K), 0.0058400 secs] [Times: user=0.04 sys=0.00, real=0.01 secs] 
2014-07-08T20:14:52.439+0000: 1006.086: [GC [PSYoungGen: 92346K->1252K(91072K)] 284266K->193310K(778048K), 0.0045740 secs] [Times: user=0.03 sys=0.00, real=0.00 secs] 
2014-07-08T20:14:53.248+0000: 1006.895: [GC [PSYoungGen: 91044K->1308K(89984K)] 283102K->193462K(776960K), 0.0060740 secs] [Times: user=0.03 sys=0.00, real=0.00 secs] 
2014-07-08T20:14:54.028+0000: 1007.675: [GC [PSYoungGen: 89948K->1120K(88704K)] 282102K->193743K(775680K), 0.0121390 secs] [Times: user=0.07 sys=0.00, real=0.01 secs] 
2014-07-08T20:14:54.714+0000: 1008.361: [GC [PSYoungGen: 88672K->1846K(106944K)] 281295K->194669K(793920K), 0.0124550 secs] [Times: user=0.07 sys=0.01, real=0.02 secs] 
2014-07-08T20:14:55.581+0000: 1009.228: [GC [PSYoungGen: 106934K->754K(113152K)] 299757K->194116K(800128K), 0.0069470 secs] [Times: user=0.04 sys=0.00, real=0.01 secs] 
2014-07-08T20:14:56.612+0000: 1010.259: [GC [PSYoungGen: 113138K->1550K(112320K)] 306500K->194977K(799296K), 0.0044690 secs] [Times: user=0.03 sys=0.00, real=0.00 secs] 
2014-07-08T20:14:57.601+0000: 1011.248: [GC [PSYoungGen: 112270K->690K(109824K)] 305697K->194574K(796800K), 0.0061440 secs] [Times: user=0.03 sys=0.00, real=0.01 secs] 
2014-07-08T20:14:58.504+0000: 1012.151: [GC [PSYoungGen: 109810K->1238K(108800K)] 303694K->195186K(795776K), 0.0061260 secs] [Times: user=0.03 sys=0.00, real=0.01 secs] 
2014-07-08T20:14:59.401+0000: 1013.048: [GC [PSYoungGen: 108758K->1210K(107200K)] 302706K->195402K(794176K), 0.0065150 secs] [Times: user=0.04 sys=0.00, real=0.01 secs] 
2014-07-08T20:15:00.424+0000: 1014.071: [GC [PSYoungGen: 107194K->1380K(105856K)] 301386K->195644K(792832K), 0.0084900 secs] [Times: user=0.05 sys=0.01, real=0.01 secs] 
2014-07-08T20:15:01.317+0000: 1014.965: [GC [PSYoungGen: 105828K->1380K(104384K)] 300092K->195804K(791360K), 0.0031120 secs] [Times: user=0.01 sys=0.00, real=0.00 secs] 
2014-07-08T20:15:02.289+0000: 1015.936: [GC [PSYoungGen: 104356K->1276K(102848K)] 298780K->195805K(789824K), 0.0087330 secs] [Times: user=0.06 sys=0.00, real=0.01 secs] 
2014-07-08T20:15:03.277+0000: 1016.924: [GC [PSYoungGen: 102842K->1206K(101376K)] 297371K->195936K(788352K), 0.0058540 secs] [Times: user=0.03 sys=0.00, real=0.01 secs] 
2014-07-08T20:15:04.332+0000: 1017.979: [GC [PSYoungGen: 101364K->1362K(100224K)] 296095K->196173K(787200K), 0.0078020 secs] [Times: user=0.05 sys=0.00, real=0.01 secs] 
2014-07-08T20:15:05.207+0000: 1018.854: [GC [PSYoungGen: 100178K->1138K(98624K)] 294989K->196189K(785600K), 0.0067710 secs] [Times: user=0.04 sys=0.01, real=0.01 secs] 
2014-07-08T20:15:06.007+0000: 1019.654: [GC [PSYoungGen: 98568K->1384K(97600K)] 293619K->196491K(784576K), 0.0087130 secs] [Times: user=0.05 sys=0.00, real=0.01 secs] 
2014-07-08T20:15:06.700+0000: 1020.347: [GC [PSYoungGen: 97541K->1060K(96000K)] 292648K->196358K(782976K), 0.0060720 secs] [Times: user=0.03 sys=0.00, real=0.00 secs] 
2014-07-08T20:15:07.548+0000: 1021.195: [GC [PSYoungGen: 95972K->1192K(94912K)] 291270K->196563K(781888K), 0.0037010 secs] [Times: user=0.02 sys=0.00, real=0.01 secs] 
2014-07-08T20:15:08.557+0000: 1022.204: [GC [PSYoungGen: 94888K->1198K(93696K)] 290259K->196649K(780672K), 0.0159140 secs] [Times: user=0.12 sys=0.00, real=0.02 secs] 
2014-07-08T20:15:09.306+0000: 1022.953: [GC [PSYoungGen: 93678K->1554K(105792K)] 289129K->197085K(792768K), 0.0111740 secs] [Times: user=0.06 sys=0.00, real=0.01 secs] 
2014-07-08T20:15:10.406+0000: 1024.053: [GC [PSYoungGen: 105618K->1312K(103936K)] 301149K->196915K(790912K), 0.0088820 secs] [Times: user=0.06 sys=0.00, real=0.01 secs] 
2014-07-08T20:15:11.274+0000: 1024.921: [GC [PSYoungGen: 103904K->1412K(112320K)] 299507K->197071K(799296K), 0.0123100 secs] [Times: user=0.08 sys=0.00, real=0.01 secs] 
2014-07-08T20:15:12.300+0000: 1025.947: [GC [PSYoungGen: 111983K->1270K(124864K)] 307642K->196976K(811840K), 0.0151720 secs] [Times: user=0.08 sys=0.00, real=0.01 secs] 
2014-07-08T20:15:13.356+0000: 1027.003: [GC [PSYoungGen: 124406K->1256K(124864K)] 320112K->197019K(811840K), 0.0065700 secs] [Times: user=0.04 sys=0.00, real=0.01 secs] 
2014-07-08T20:15:14.480+0000: 1028.127: [GC [PSYoungGen: 124392K->1508K(122688K)] 320155K->197367K(809664K), 0.0081000 secs] [Times: user=0.05 sys=0.00, real=0.00 secs] 
2014-07-08T20:15:15.730+0000: 1029.377: [GC [PSYoungGen: 122660K->1156K(120448K)] 318519K->197078K(807424K), 0.0034430 secs] [Times: user=0.02 sys=0.00, real=0.00 secs] 
2014-07-08T20:15:16.783+0000: 1030.430: [GC [PSYoungGen: 120388K->754K(118144K)] 316310K->197062K(805120K), 0.0057460 secs] [Times: user=0.03 sys=0.00, real=0.00 secs] 
2014-07-08T20:15:17.882+0000: 1031.529: [GC [PSYoungGen: 118100K->1316K(116928K)] 314409K->197688K(803904K), 0.0054850 secs] [Times: user=0.04 sys=0.00, real=0.00 secs] 
2014-07-08T20:15:18.954+0000: 1032.601: [GC [PSYoungGen: 116900K->1252K(115136K)] 313272K->197835K(802112K), 0.0060980 secs] [Times: user=0.04 sys=0.00, real=0.00 secs] 
2014-07-08T20:15:19.938+0000: 1033.585: [GC [PSYoungGen: 115104K->1252K(113408K)] 311687K->197914K(800384K), 0.0063010 secs] [Times: user=0.04 sys=0.00, real=0.01 secs] 
2014-07-08T20:15:20.969+0000: 1034.616: [GC [PSYoungGen: 113380K->822K(111296K)] 310042K->197757K(798272K), 0.0064760 secs] [Times: user=0.04 sys=0.01, real=0.01 secs] 
2014-07-08T20:15:21.867+0000: 1035.514: [GC [PSYoungGen: 111285K->1632K(110528K)] 308220K->198655K(797504K), 0.0094410 secs] [Times: user=0.05 sys=0.00, real=0.01 secs] 
2014-07-08T20:15:22.841+0000: 1036.488: [GC [PSYoungGen: 110496K->871K(108160K)] 307519K->198499K(795136K), 0.0066210 secs] [Times: user=0.04 sys=0.01, real=0.00 secs] 
2014-07-08T20:15:23.817+0000: 1037.464: [GC [PSYoungGen: 108135K->1760K(107520K)] 305763K->199484K(794496K), 0.0038510 secs] [Times: user=0.02 sys=0.01, real=0.01 secs] 
2014-07-08T20:15:24.668+0000: 1038.315: [GC [PSYoungGen: 107488K->950K(105152K)] 305212K->198988K(792128K), 0.0062600 secs] [Times: user=0.04 sys=0.00, real=0.01 secs] 
2014-07-08T20:15:25.572+0000: 1039.219: [GC [PSYoungGen: 105142K->1577K(104320K)] 303180K->199663K(791296K), 0.0039330 secs] [Times: user=0.02 sys=0.00, real=0.00 secs] 
2014-07-08T20:15:26.572+0000: 1040.219: [GC [PSYoungGen: 104297K->1106K(102464K)] 302383K->199388K(789440K), 0.0072160 secs] [Times: user=0.05 sys=0.00, real=0.00 secs] 
2014-07-08T20:15:27.576+0000: 1041.223: [GC [PSYoungGen: 102409K->1148K(101056K)] 300691K->199494K(788032K), 0.0107510 secs] [Times: user=0.06 sys=0.00, real=0.01 secs] 
2014-07-08T20:15:28.383+0000: 1042.030: [GC [PSYoungGen: 101052K->1592K(100160K)] 299398K->200002K(787136K), 0.0041240 secs] [Times: user=0.02 sys=0.00, real=0.00 secs] 
2014-07-08T20:15:29.288+0000: 1042.935: [GC [PSYoungGen: 100113K->1587K(98816K)] 298523K->200069K(785792K), 0.0035090 secs] [Times: user=0.02 sys=0.00, real=0.00 secs] 
2014-07-08T20:15:30.203+0000: 1043.850: [GC [PSYoungGen: 98803K->704K(96640K)] 297285K->199524K(783616K), 0.0055990 secs] [Times: user=0.03 sys=0.00, real=0.00 secs] 
2014-07-08T20:15:31.019+0000: 1044.666: [GC [PSYoungGen: 96640K->1566K(96256K)] 295460K->200466K(783232K), 0.0072640 secs] [Times: user=0.04 sys=0.00, real=0.01 secs] 
2014-07-08T20:15:31.782+0000: 1045.429: [GC [PSYoungGen: 96192K->1455K(94912K)] 295092K->200499K(781888K), 0.0050870 secs] [Times: user=0.03 sys=0.00, real=0.00 secs] 
2014-07-08T20:15:32.554+0000: 1046.201: [GC [PSYoungGen: 94895K->1452K(93696K)] 293939K->200560K(780672K), 0.0066520 secs] [Times: user=0.03 sys=0.00, real=0.00 secs] 
2014-07-08T20:15:33.418+0000: 1047.065: [GC [PSYoungGen: 93676K->1070K(92160K)] 292784K->200338K(779136K), 0.0053370 secs] [Times: user=0.03 sys=0.00, real=0.01 secs] 
2014-07-08T20:15:34.312+0000: 1047.960: [GC [PSYoungGen: 92142K->1700K(91648K)] 291410K->201016K(778624K), 0.0061470 secs] [Times: user=0.02 sys=0.00, real=0.00 secs] 
2014-07-08T20:15:35.201+0000: 1048.848: [GC [PSYoungGen: 91619K->1064K(89856K)] 290935K->200712K(776832K), 0.0035390 secs] [Times: user=0.02 sys=0.00, real=0.01 secs] 
2014-07-08T20:15:35.941+0000: 1049.588: [GC [PSYoungGen: 89802K->1320K(89024K)] 289450K->201008K(776000K), 0.0041850 secs] [Times: user=0.01 sys=0.00, real=0.01 secs] 
2014-07-08T20:15:36.744+0000: 1050.391: [GC [PSYoungGen: 89000K->1462K(88064K)] 288688K->201355K(775040K), 0.0075590 secs] [Times: user=0.05 sys=0.01, real=0.00 secs] 
2014-07-08T20:15:37.463+0000: 1051.110: [GC [PSYoungGen: 88006K->1042K(86592K)] 287900K->201047K(773568K), 0.0060130 secs] [Times: user=0.03 sys=0.00, real=0.00 secs] 
2014-07-08T20:15:38.286+0000: 1051.934: [GC [PSYoungGen: 86544K->1331K(85824K)] 286550K->201510K(772800K), 0.0054620 secs] [Times: user=0.03 sys=0.00, real=0.00 secs] 
2014-07-08T20:15:38.899+0000: 1052.546: [GC [PSYoungGen: 85811K->1444K(102848K)] 285990K->201695K(789824K), 0.0179570 secs] [Times: user=0.12 sys=0.00, real=0.02 secs] 
2014-07-08T20:15:39.760+0000: 1053.407: [GC [PSYoungGen: 102734K->1085K(122752K)] 302984K->201726K(809728K), 0.0160640 secs] [Times: user=0.12 sys=0.00, real=0.02 secs] 
2014-07-08T20:15:40.879+0000: 1054.526: [GC [PSYoungGen: 122748K->1710K(133312K)] 323388K->202391K(820288K), 0.0101320 secs] [Times: user=0.06 sys=0.01, real=0.01 secs] 
2014-07-08T20:15:42.360+0000: 1056.007: [GC [PSYoungGen: 133102K->1252K(148096K)] 333783K->202136K(835072K), 0.0060180 secs] [Times: user=0.03 sys=0.00, real=0.01 secs] 
2014-07-08T20:15:43.546+0000: 1057.193: [GC [PSYoungGen: 147364K->1804K(145344K)] 348248K->202793K(832320K), 0.0065930 secs] [Times: user=0.04 sys=0.00, real=0.00 secs] 
2014-07-08T20:15:44.650+0000: 1058.297: [GC [PSYoungGen: 145262K->128K(141056K)] 346251K->202230K(828032K), 0.0065170 secs] [Times: user=0.04 sys=0.00, real=0.01 secs] 
2014-07-08T20:15:46.121+0000: 1059.768: [GC [PSYoungGen: 141056K->1840K(140352K)] 343158K->203983K(827328K), 0.0079860 secs] [Times: user=0.05 sys=0.00, real=0.01 secs] 
2014-07-08T20:15:47.241+0000: 1060.888: [GC [PSYoungGen: 140292K->1252K(137408K)] 342435K->203939K(824384K), 0.0075690 secs] [Times: user=0.05 sys=0.00, real=0.01 secs] 
2014-07-08T20:15:48.350+0000: 1061.997: [GC [PSYoungGen: 137380K->1366K(135232K)] 340067K->204125K(822208K), 0.0041970 secs] [Times: user=0.01 sys=0.00, real=0.01 secs] 
2014-07-08T20:15:49.438+0000: 1063.085: [GC [PSYoungGen: 135190K->1252K(132864K)] 337949K->204083K(819840K), 0.0041390 secs] [Times: user=0.02 sys=0.00, real=0.00 secs] 
2014-07-08T20:15:50.560+0000: 1064.207: [GC [PSYoungGen: 132836K->1110K(130560K)] 335667K->204013K(817536K), 0.0061820 secs] [Times: user=0.02 sys=0.00, real=0.01 secs] 
2014-07-08T20:15:51.754+0000: 1065.401: [GC [PSYoungGen: 130518K->1188K(128512K)] 333421K->204171K(815488K), 0.0102020 secs] [Times: user=0.07 sys=0.00, real=0.01 secs] 
2014-07-08T20:15:53.034+0000: 1066.681: [GC [PSYoungGen: 128484K->1490K(126784K)] 331467K->204569K(813760K), 0.0101460 secs] [Times: user=0.06 sys=0.00, real=0.01 secs] 
2014-07-08T20:15:54.216+0000: 1067.863: [GC [PSYoungGen: 126738K->1256K(124480K)] 329817K->204471K(811456K), 0.0108210 secs] [Times: user=0.06 sys=0.00, real=0.01 secs] 
2014-07-08T20:15:55.229+0000: 1068.876: [GC [PSYoungGen: 124419K->1664K(122944K)] 327634K->204967K(809920K), 0.0062700 secs] [Times: user=0.04 sys=0.00, real=0.01 secs] 
2014-07-08T20:15:56.227+0000: 1069.874: [GC [PSYoungGen: 122879K->872K(120192K)] 326182K->204407K(807168K), 0.0077130 secs] [Times: user=0.04 sys=0.00, real=0.00 secs] 
2014-07-08T20:15:57.290+0000: 1070.937: [GC [PSYoungGen: 120167K->1366K(118848K)] 323702K->204997K(805824K), 0.0065020 secs] [Times: user=0.04 sys=0.00, real=0.01 secs] 
2014-07-08T20:15:58.308+0000: 1071.955: [GC [PSYoungGen: 118763K->1238K(116928K)] 322394K->204997K(803904K), 0.0092540 secs] [Times: user=0.06 sys=0.00, real=0.01 secs] 
2014-07-08T20:15:59.350+0000: 1072.997: [GC [PSYoungGen: 116829K->1907K(115840K)] 320588K->205796K(802816K), 0.0077850 secs] [Times: user=0.05 sys=0.00, real=0.01 secs] 
2014-07-08T20:16:00.434+0000: 1074.081: [GC [PSYoungGen: 115827K->682K(112896K)] 319716K->205121K(799872K), 0.0101010 secs] [Times: user=0.05 sys=0.00, real=0.01 secs] 
2014-07-08T20:16:01.414+0000: 1075.061: [GC [PSYoungGen: 112844K->1654K(112192K)] 317283K->206165K(799168K), 0.0101780 secs] [Times: user=0.06 sys=0.00, real=0.01 secs] 
2014-07-08T20:16:02.433+0000: 1076.080: [GC [PSYoungGen: 112182K->1234K(110208K)] 316693K->205979K(797184K), 0.0062250 secs] [Times: user=0.03 sys=0.00, real=0.01 secs] 
2014-07-08T20:16:03.546+0000: 1077.193: [GC [PSYoungGen: 110162K->1280K(108672K)] 314907K->206065K(795648K), 0.0189850 secs] [Times: user=0.11 sys=0.00, real=0.02 secs] 
2014-07-08T20:16:04.445+0000: 1078.092: [GC [PSYoungGen: 108608K->1238K(107072K)] 313393K->206087K(794048K), 0.0081420 secs] [Times: user=0.03 sys=0.00, real=0.01 secs] 
2014-07-08T20:16:05.418+0000: 1079.065: [GC [PSYoungGen: 106944K->1227K(105536K)] 311793K->206140K(792512K), 0.0071430 secs] [Times: user=0.04 sys=0.00, real=0.00 secs] 
2014-07-08T20:16:06.382+0000: 1080.029: [GC [PSYoungGen: 105483K->1440K(104256K)] 310396K->206449K(791232K), 0.0047810 secs] [Times: user=0.01 sys=0.00, real=0.00 secs] 
2014-07-08T20:16:07.445+0000: 1081.092: [GC [PSYoungGen: 104221K->1462K(102848K)] 309231K->206551K(789824K), 0.0044120 secs] [Times: user=0.02 sys=0.00, real=0.01 secs] 
2014-07-08T20:16:08.359+0000: 1082.006: [GC [PSYoungGen: 102838K->1078K(101056K)] 307927K->206359K(788032K), 0.0047510 secs] [Times: user=0.03 sys=0.00, real=0.00 secs] 
2014-07-08T20:16:09.390+0000: 1083.037: [GC [PSYoungGen: 101046K->1380K(100032K)] 306327K->206701K(787008K), 0.0047400 secs] [Times: user=0.02 sys=0.00, real=0.00 secs] 
2014-07-08T20:16:10.281+0000: 1083.928: [GC [PSYoungGen: 100003K->1380K(98688K)] 305324K->206877K(785664K), 0.0060700 secs] [Times: user=0.03 sys=0.00, real=0.00 secs] 
2014-07-08T20:16:11.183+0000: 1084.830: [GC [PSYoungGen: 98660K->1056K(97088K)] 304157K->206617K(784064K), 0.0077810 secs] [Times: user=0.04 sys=0.00, real=0.01 secs] 
2014-07-08T20:16:12.075+0000: 1085.722: [GC [PSYoungGen: 97054K->1270K(96000K)] 302615K->207071K(782976K), 0.0080490 secs] [Times: user=0.05 sys=0.00, real=0.01 secs] 
2014-07-08T20:16:12.868+0000: 1086.515: [GC [PSYoungGen: 95958K->1516K(95040K)] 301760K->207389K(782016K), 0.0108390 secs] [Times: user=0.06 sys=0.01, real=0.01 secs] 
2014-07-08T20:16:13.812+0000: 1087.459: [GC [PSYoungGen: 95020K->1070K(93376K)] 300893K->207253K(780352K), 0.0133410 secs] [Times: user=0.08 sys=0.00, real=0.01 secs] 
2014-07-08T20:16:14.641+0000: 1088.288: [GC [PSYoungGen: 93358K->1228K(92352K)] 299541K->207427K(779328K), 0.0059240 secs] [Times: user=0.01 sys=0.00, real=0.00 secs] 
2014-07-08T20:16:15.398+0000: 1089.045: [GC [PSYoungGen: 92300K->1252K(91200K)] 298499K->207665K(778176K), 0.0045270 secs] [Times: user=0.02 sys=0.00, real=0.01 secs] 
2014-07-08T20:16:16.326+0000: 1089.973: [GC [PSYoungGen: 91172K->1376K(90176K)] 297585K->207845K(777152K), 0.0075290 secs] [Times: user=0.02 sys=0.00, real=0.01 secs] 
2014-07-08T20:16:17.240+0000: 1090.887: [GC [PSYoungGen: 90144K->932K(107520K)] 296613K->207545K(794496K), 0.0151110 secs] [Times: user=0.10 sys=0.00, real=0.01 secs] 
2014-07-08T20:16:18.183+0000: 1091.830: [GC [PSYoungGen: 107492K->1742K(126080K)] 314105K->208443K(813056K), 0.0253220 secs] [Times: user=0.19 sys=0.00, real=0.02 secs] 
2014-07-08T20:16:19.305+0000: 1092.952: [GC [PSYoungGen: 126030K->1306K(129856K)] 332731K->208103K(816832K), 0.0204620 secs] [Times: user=0.13 sys=0.00, real=0.02 secs] 
2014-07-08T20:16:20.390+0000: 1094.037: [GC [PSYoungGen: 129242K->1212K(129792K)] 336039K->208081K(816768K), 0.0267460 secs] [Times: user=0.19 sys=0.00, real=0.02 secs] 
2014-07-08T20:16:21.601+0000: 1095.248: [GC [PSYoungGen: 129117K->1519K(155392K)] 335987K->208460K(842368K), 0.0212570 secs] [Times: user=0.16 sys=0.00, real=0.02 secs] 
2014-07-08T20:16:23.394+0000: 1097.041: [GC [PSYoungGen: 155055K->1825K(155392K)] 361996K->208878K(842368K), 0.0075690 secs] [Times: user=0.04 sys=0.01, real=0.01 secs] 
2014-07-08T20:16:24.942+0000: 1098.589: [GC [PSYoungGen: 155361K->1372K(186176K)] 362414K->208513K(873152K), 0.0061130 secs] [Times: user=0.03 sys=0.00, real=0.00 secs] 
2014-07-08T20:16:26.593+0000: 1100.240: [GC [PSYoungGen: 185628K->1430K(181888K)] 392769K->208627K(868864K), 0.0045620 secs] [Times: user=0.02 sys=0.00, real=0.00 secs] 
2014-07-08T20:16:28.554+0000: 1102.201: [GC [PSYoungGen: 181846K->612K(177344K)] 389043K->208339K(864320K), 0.0097820 secs] [Times: user=0.06 sys=0.00, real=0.01 secs] 
2014-07-08T20:16:30.203+0000: 1103.850: [GC [PSYoungGen: 177316K->1903K(175040K)] 385043K->209963K(862016K), 0.0066740 secs] [Times: user=0.04 sys=0.00, real=0.00 secs] 
2014-07-08T20:16:31.727+0000: 1105.374: [GC [PSYoungGen: 175023K->1252K(170944K)] 383083K->209753K(857920K), 0.0058270 secs] [Times: user=0.04 sys=0.00, real=0.01 secs] 
2014-07-08T20:16:33.507+0000: 1107.154: [GC [PSYoungGen: 170916K->1266K(167616K)] 379417K->209871K(854592K), 0.0079700 secs] [Times: user=0.05 sys=0.00, real=0.01 secs] 
2014-07-08T20:16:35.223+0000: 1108.870: [GC [PSYoungGen: 167602K->1164K(164352K)] 376207K->209849K(851328K), 0.0089260 secs] [Times: user=0.05 sys=0.00, real=0.00 secs] 
2014-07-08T20:16:36.668+0000: 1110.315: [GC [PSYoungGen: 164270K->1448K(161472K)] 372955K->210205K(848448K), 0.0088450 secs] [Times: user=0.06 sys=0.00, real=0.01 secs] 
2014-07-08T20:16:38.338+0000: 1111.985: [GC [PSYoungGen: 161448K->1540K(158592K)] 370205K->210393K(845568K), 0.0065070 secs] [Times: user=0.03 sys=0.00, real=0.01 secs] 
2014-07-08T20:16:39.637+0000: 1113.284: [GC [PSYoungGen: 158531K->1562K(155648K)] 367384K->210479K(842624K), 0.0115780 secs] [Times: user=0.07 sys=0.00, real=0.01 secs] 
2014-07-08T20:16:41.306+0000: 1114.953: [GC [PSYoungGen: 155610K->936K(152128K)] 364527K->210149K(839104K), 0.0128010 secs] [Times: user=0.08 sys=0.00, real=0.01 secs] 
2014-07-08T20:16:42.655+0000: 1116.302: [GC [PSYoungGen: 152104K->1450K(149888K)] 361317K->210720K(836864K), 0.0108790 secs] [Times: user=0.06 sys=0.00, real=0.01 secs] 
2014-07-08T20:16:44.191+0000: 1117.838: [GC [PSYoungGen: 149866K->1370K(147136K)] 359136K->210743K(834112K), 0.0073560 secs] [Times: user=0.05 sys=0.00, real=0.01 secs] 
2014-07-08T20:16:45.651+0000: 1119.298: [GC [PSYoungGen: 147098K->1370K(144512K)] 356471K->210815K(831488K), 0.0067090 secs] [Times: user=0.04 sys=0.00, real=0.01 secs] 
2014-07-08T20:16:46.811+0000: 1120.458: [GC [PSYoungGen: 144473K->1064K(141696K)] 353918K->210743K(828672K), 0.0106440 secs] [Times: user=0.07 sys=0.00, real=0.01 secs] 
2014-07-08T20:16:48.419+0000: 1122.067: [GC [PSYoungGen: 141672K->1682K(139904K)] 351351K->211434K(826880K), 0.0085370 secs] [Times: user=0.06 sys=0.00, real=0.01 secs] 
2014-07-08T20:16:49.581+0000: 1123.228: [GC [PSYoungGen: 139858K->932K(136768K)] 349610K->210883K(823744K), 0.0077850 secs] [Times: user=0.05 sys=0.00, real=0.01 secs] 
2014-07-08T20:16:50.804+0000: 1124.451: [GC [PSYoungGen: 136739K->1280K(134848K)] 346690K->211287K(821824K), 0.0123970 secs] [Times: user=0.08 sys=0.00, real=0.02 secs] 
2014-07-08T20:16:52.258+0000: 1125.905: [GC [PSYoungGen: 134784K->1220K(132544K)] 344791K->211315K(819520K), 0.0123750 secs] [Times: user=0.09 sys=0.00, real=0.01 secs] 
2014-07-08T20:16:53.554+0000: 1127.201: [GC [PSYoungGen: 132484K->1522K(130624K)] 342579K->211665K(817600K), 0.0066300 secs] [Times: user=0.02 sys=0.00, real=0.00 secs] 
2014-07-08T20:16:54.647+0000: 1128.294: [GC [PSYoungGen: 130610K->946K(127936K)] 340753K->211443K(814912K), 0.0116270 secs] [Times: user=0.07 sys=0.00, real=0.01 secs] 
2014-07-08T20:16:55.943+0000: 1129.590: [GC [PSYoungGen: 127922K->1568K(126528K)] 338419K->212137K(813504K), 0.0057250 secs] [Times: user=0.03 sys=0.01, real=0.01 secs] 
2014-07-08T20:16:57.223+0000: 1130.870: [GC [PSYoungGen: 126464K->1192K(124160K)] 337034K->212109K(811136K), 0.0132490 secs] [Times: user=0.09 sys=0.00, real=0.02 secs] 
2014-07-08T20:16:58.487+0000: 1132.134: [GC [PSYoungGen: 124136K->1238K(122240K)] 335053K->212235K(809216K), 0.0107210 secs] [Times: user=0.08 sys=0.00, real=0.01 secs] 
2014-07-08T20:16:59.517+0000: 1133.164: [GC [PSYoungGen: 122198K->1404K(120448K)] 333195K->212481K(807424K), 0.0069130 secs] [Times: user=0.03 sys=0.00, real=0.00 secs] 
2014-07-08T20:17:00.632+0000: 1134.279: [GC [PSYoungGen: 120442K->1302K(118528K)] 331520K->212451K(805504K), 0.0105180 secs] [Times: user=0.06 sys=0.00, real=0.01 secs] 
2014-07-08T20:17:01.824+0000: 1135.471: [GC [PSYoungGen: 118486K->1010K(116416K)] 329635K->212343K(803392K), 0.0104350 secs] [Times: user=0.07 sys=0.00, real=0.01 secs] 
2014-07-08T20:17:02.954+0000: 1136.601: [GC [PSYoungGen: 116402K->1548K(115264K)] 327735K->212937K(802240K), 0.0117170 secs] [Times: user=0.07 sys=0.01, real=0.01 secs] 
2014-07-08T20:17:04.069+0000: 1137.716: [GC [PSYoungGen: 115212K->1128K(113088K)] 326601K->212637K(800064K), 0.0131240 secs] [Times: user=0.09 sys=0.00, real=0.01 secs] 
2014-07-08T20:17:05.048+0000: 1138.695: [GC [PSYoungGen: 113064K->1700K(136064K)] 324573K->213274K(823040K), 0.0139510 secs] [Times: user=0.08 sys=0.00, real=0.01 secs] 
2014-07-08T20:17:06.450+0000: 1140.097: [GC [PSYoungGen: 136036K->886K(132992K)] 347610K->212675K(819968K), 0.0060570 secs] [Times: user=0.02 sys=0.00, real=0.01 secs] 
2014-07-08T20:17:07.617+0000: 1141.264: [GC [PSYoungGen: 132980K->1074K(131008K)] 344770K->212927K(817984K), 0.0095180 secs] [Times: user=0.06 sys=0.00, real=0.01 secs] 
2014-07-08T20:17:08.892+0000: 1142.539: [GC [PSYoungGen: 130994K->1572K(129344K)] 342847K->213579K(816320K), 0.0063080 secs] [Times: user=0.03 sys=0.00, real=0.01 secs] 
2014-07-08T20:17:10.206+0000: 1143.853: [GC [PSYoungGen: 129316K->1416K(127104K)] 341323K->213519K(814080K), 0.0095950 secs] [Times: user=0.05 sys=0.00, real=0.01 secs] 
2014-07-08T20:17:11.465+0000: 1145.112: [GC [PSYoungGen: 127048K->818K(124416K)] 339151K->213153K(811392K), 0.0067160 secs] [Times: user=0.05 sys=0.00, real=0.01 secs] 
2014-07-08T20:17:12.669+0000: 1146.316: [GC [PSYoungGen: 124402K->1476K(123136K)] 336737K->213867K(810112K), 0.0102540 secs] [Times: user=0.06 sys=0.00, real=0.01 secs] 
2014-07-08T20:17:13.670+0000: 1147.317: [GC [PSYoungGen: 123076K->1398K(121088K)] 335467K->213885K(808064K), 0.0130570 secs] [Times: user=0.09 sys=0.00, real=0.01 secs] 
2014-07-08T20:17:14.870+0000: 1148.517: [GC [PSYoungGen: 121075K->1356K(119232K)] 333563K->213907K(806208K), 0.0083660 secs] [Times: user=0.05 sys=0.00, real=0.01 secs] 
2014-07-08T20:17:15.984+0000: 1149.631: [GC [PSYoungGen: 119180K->950K(116992K)] 331731K->214092K(803968K), 0.0072650 secs] [Times: user=0.04 sys=0.01, real=0.01 secs] 
2014-07-08T20:17:17.244+0000: 1150.891: [GC [PSYoungGen: 116982K->1598K(115840K)] 330124K->214803K(802816K), 0.0151820 secs] [Times: user=0.10 sys=0.00, real=0.02 secs] 
2014-07-08T20:17:18.383+0000: 1152.030: [GC [PSYoungGen: 115836K->1192K(113728K)] 329042K->214787K(800704K), 0.0127570 secs] [Times: user=0.10 sys=0.00, real=0.01 secs] 
2014-07-08T20:17:19.427+0000: 1153.074: [GC [PSYoungGen: 113704K->1326K(112192K)] 327299K->215026K(799168K), 0.0086320 secs] [Times: user=0.05 sys=0.00, real=0.01 secs] 
2014-07-08T20:17:20.515+0000: 1154.162: [GC [PSYoungGen: 112172K->1320K(110528K)] 325872K->215173K(797504K), 0.0041280 secs] [Times: user=0.02 sys=0.00, real=0.01 secs] 
2014-07-08T20:17:21.473+0000: 1155.120: [GC [PSYoungGen: 110504K->1454K(109056K)] 324357K->215414K(796032K), 0.0109250 secs] [Times: user=0.07 sys=0.00, real=0.01 secs] 
2014-07-08T20:17:22.510+0000: 1156.157: [GC [PSYoungGen: 109038K->957K(107008K)] 322998K->215265K(793984K), 0.0078710 secs] [Times: user=0.04 sys=0.00, real=0.00 secs] 
2014-07-08T20:17:23.593+0000: 1157.240: [GC [PSYoungGen: 107005K->1444K(105984K)] 321313K->215825K(792960K), 0.0037350 secs] [Times: user=0.01 sys=0.00, real=0.00 secs] 
2014-07-08T20:17:24.509+0000: 1158.156: [GC [PSYoungGen: 105956K->1184K(104256K)] 320337K->215784K(791232K), 0.0097640 secs] [Times: user=0.06 sys=0.00, real=0.01 secs] 
2014-07-08T20:17:25.699+0000: 1159.346: [GC [PSYoungGen: 104221K->1274K(102912K)] 318821K->215938K(789888K), 0.0074590 secs] [Times: user=0.04 sys=0.00, real=0.00 secs] 
2014-07-08T20:17:26.613+0000: 1160.260: [GC [PSYoungGen: 102897K->1124K(101376K)] 317562K->216185K(788352K), 0.0104100 secs] [Times: user=0.07 sys=0.00, real=0.01 secs] 
2014-07-08T20:17:27.574+0000: 1161.221: [GC [PSYoungGen: 101348K->1570K(100480K)] 316409K->216737K(787456K), 0.0069490 secs] [Times: user=0.05 sys=0.00, real=0.01 secs] 
2014-07-08T20:17:28.540+0000: 1162.187: [GC [PSYoungGen: 100450K->864K(98432K)] 315617K->216483K(785408K), 0.0064240 secs] [Times: user=0.01 sys=0.01, real=0.01 secs] 
2014-07-08T20:17:29.585+0000: 1163.232: [GC [PSYoungGen: 98400K->1718K(97984K)] 314019K->217409K(784960K), 0.0079420 secs] [Times: user=0.05 sys=0.01, real=0.01 secs] 
2014-07-08T20:17:30.533+0000: 1164.180: [GC [PSYoungGen: 97974K->1000K(96000K)] 313665K->217161K(782976K), 0.0094060 secs] [Times: user=0.06 sys=0.00, real=0.01 secs] 
2014-07-08T20:17:31.456+0000: 1165.103: [GC [PSYoungGen: 95976K->1416K(95232K)] 312137K->217689K(782208K), 0.0055320 secs] [Times: user=0.03 sys=0.00, real=0.01 secs] 
2014-07-08T20:17:32.540+0000: 1166.187: [GC [PSYoungGen: 95175K->1274K(93824K)] 311448K->217715K(780800K), 0.0120670 secs] [Times: user=0.08 sys=0.00, real=0.02 secs] 
2014-07-08T20:17:33.458+0000: 1167.105: [GC [PSYoungGen: 93818K->1294K(92672K)] 310259K->217807K(779648K), 0.0071190 secs] [Times: user=0.05 sys=0.00, real=0.01 secs] 
2014-07-08T20:17:34.335+0000: 1167.982: [GC [PSYoungGen: 92622K->1000K(91200K)] 309135K->217689K(778176K), 0.0070060 secs] [Times: user=0.04 sys=0.01, real=0.01 secs] 
2014-07-08T20:17:35.102+0000: 1168.749: [GC [PSYoungGen: 91174K->1302K(109568K)] 307863K->218047K(796544K), 0.0150070 secs] [Times: user=0.10 sys=0.00, real=0.01 secs] 
2014-07-08T20:17:36.173+0000: 1169.820: [GC [PSYoungGen: 109526K->1252K(107904K)] 326271K->218377K(794880K), 0.0065620 secs] [Times: user=0.04 sys=0.00, real=0.00 secs] 
2014-07-08T20:17:37.190+0000: 1170.837: [GC [PSYoungGen: 107876K->1312K(106432K)] 325001K->218501K(793408K), 0.0104670 secs] [Times: user=0.07 sys=0.00, real=0.01 secs] 
2014-07-08T20:17:38.293+0000: 1171.941: [GC [PSYoungGen: 106400K->1014K(104640K)] 323589K->218453K(791616K), 0.0090920 secs] [Times: user=0.06 sys=0.00, real=0.01 secs] 
2014-07-08T20:17:39.347+0000: 1172.994: [GC [PSYoungGen: 104630K->1120K(103296K)] 322069K->218623K(790272K), 0.0105790 secs] [Times: user=0.07 sys=0.00, real=0.01 secs] 
2014-07-08T20:17:40.317+0000: 1173.964: [GC [PSYoungGen: 103257K->1455K(102208K)] 320760K->219123K(789184K), 0.0110990 secs] [Times: user=0.08 sys=0.00, real=0.01 secs] 
2014-07-08T20:17:41.272+0000: 1174.919: [GC [PSYoungGen: 102191K->1288K(100672K)] 319859K->219004K(787648K), 0.0078450 secs] [Times: user=0.03 sys=0.00, real=0.00 secs] 
2014-07-08T20:17:42.065+0000: 1175.712: [GC [PSYoungGen: 100616K->940K(120192K)] 318332K->219237K(807168K), 0.0127630 secs] [Times: user=0.09 sys=0.00, real=0.01 secs] 
2014-07-08T20:17:43.368+0000: 1177.015: [GC [PSYoungGen: 120172K->1472K(144640K)] 338469K->219833K(831616K), 0.0150120 secs] [Times: user=0.09 sys=0.01, real=0.02 secs] 
2014-07-08T20:17:44.651+0000: 1178.298: [GC [PSYoungGen: 144536K->1256K(141888K)] 362897K->219761K(828864K), 0.0076900 secs] [Times: user=0.04 sys=0.00, real=0.01 secs] 
2014-07-08T20:17:45.985+0000: 1179.632: [GC [PSYoungGen: 141864K->1614K(139840K)] 360369K->220183K(826816K), 0.0121980 secs] [Times: user=0.08 sys=0.00, real=0.01 secs] 
2014-07-08T20:17:47.452+0000: 1181.099: [GC [PSYoungGen: 139790K->694K(136512K)] 358359K->219795K(823488K), 0.0069270 secs] [Times: user=0.03 sys=0.01, real=0.01 secs] 
2014-07-08T20:17:48.689+0000: 1182.336: [GC [PSYoungGen: 136502K->1562K(135104K)] 355603K->220719K(822080K), 0.0143990 secs] [Times: user=0.07 sys=0.00, real=0.02 secs] 
2014-07-08T20:17:49.963+0000: 1183.610: [GC [PSYoungGen: 135028K->1384K(132672K)] 354186K->220815K(819648K), 0.0104320 secs] [Times: user=0.07 sys=0.00, real=0.02 secs] 
2014-07-08T20:17:51.377+0000: 1185.024: [GC [PSYoungGen: 132634K->1526K(146240K)] 352066K->221021K(833216K), 0.0272050 secs] [Times: user=0.17 sys=0.00, real=0.03 secs] 
2014-07-08T20:17:52.505+0000: 1186.152: [GC [PSYoungGen: 145910K->1174K(143040K)] 365405K->220733K(830016K), 0.0063380 secs] [Times: user=0.04 sys=0.00, real=0.00 secs] 
2014-07-08T20:17:54.167+0000: 1187.814: [GC [PSYoungGen: 142998K->1174K(140544K)] 362557K->220797K(827520K), 0.0106760 secs] [Times: user=0.07 sys=0.00, real=0.01 secs] 
2014-07-08T20:17:55.653+0000: 1189.300: [GC [PSYoungGen: 140502K->1340K(157696K)] 360125K->221027K(844672K), 0.0198860 secs] [Times: user=0.12 sys=0.00, real=0.02 secs] 
2014-07-08T20:17:56.964+0000: 1190.611: [GC [PSYoungGen: 157691K->1238K(154688K)] 377378K->221013K(841664K), 0.0121790 secs] [Times: user=0.08 sys=0.00, real=0.02 secs] 
2014-07-08T20:17:58.529+0000: 1192.176: [GC [PSYoungGen: 154646K->562K(151168K)] 374421K->220819K(838144K), 0.0058540 secs] [Times: user=0.04 sys=0.00, real=0.01 secs] 
2014-07-08T20:17:59.959+0000: 1193.606: [GC [PSYoungGen: 151154K->1622K(149504K)] 371411K->221951K(836480K), 0.0073590 secs] [Times: user=0.04 sys=0.00, real=0.01 secs] 
2014-07-08T20:18:01.559+0000: 1195.206: [GC [PSYoungGen: 149462K->1294K(146496K)] 369791K->221878K(833472K), 0.0089720 secs] [Times: user=0.05 sys=0.00, real=0.01 secs] 
2014-07-08T20:18:02.763+0000: 1196.410: [GC [PSYoungGen: 146446K->1352K(144000K)] 367030K->222033K(830976K), 0.0082780 secs] [Times: user=0.06 sys=0.00, real=0.01 secs] 
2014-07-08T20:18:04.382+0000: 1198.029: [GC [PSYoungGen: 143939K->1014K(141120K)] 364620K->221902K(828096K), 0.0056310 secs] [Times: user=0.03 sys=0.00, real=0.01 secs] 
2014-07-08T20:18:05.537+0000: 1199.184: [GC [PSYoungGen: 141110K->1262K(138944K)] 361998K->222214K(825920K), 0.0067450 secs] [Times: user=0.04 sys=0.01, real=0.00 secs] 
2014-07-08T20:18:06.756+0000: 1200.403: [GC [PSYoungGen: 138926K->1342K(136640K)] 359878K->222446K(823616K), 0.0059370 secs] [Times: user=0.03 sys=0.00, real=0.00 secs] 
2014-07-08T20:18:08.044+0000: 1201.691: [GC [PSYoungGen: 136638K->1374K(134400K)] 357742K->222558K(821376K), 0.0129190 secs] [Times: user=0.08 sys=0.00, real=0.02 secs] 
2014-07-08T20:18:09.404+0000: 1203.051: [GC [PSYoungGen: 134361K->868K(131648K)] 355546K->222409K(818624K), 0.0080250 secs] [Times: user=0.05 sys=0.00, real=0.01 secs] 
2014-07-08T20:18:10.677+0000: 1204.324: [GC [PSYoungGen: 131590K->1288K(129920K)] 353131K->222893K(816896K), 0.0084130 secs] [Times: user=0.05 sys=0.00, real=0.00 secs] 
2014-07-08T20:18:11.717+0000: 1205.364: [GC [PSYoungGen: 129864K->1256K(127744K)] 351469K->223071K(814720K), 0.0106340 secs] [Times: user=0.07 sys=0.00, real=0.01 secs] 
2014-07-08T20:18:13.034+0000: 1206.681: [GC [PSYoungGen: 127719K->1366K(125824K)] 349534K->223269K(812800K), 0.0070010 secs] [Times: user=0.04 sys=0.00, real=0.01 secs] 
2014-07-08T20:18:14.338+0000: 1207.986: [GC [PSYoungGen: 125751K->812K(123264K)] 347654K->223239K(810240K), 0.0104230 secs] [Times: user=0.07 sys=0.00, real=0.01 secs] 
2014-07-08T20:18:15.546+0000: 1209.193: [GC [PSYoungGen: 123244K->1644K(122176K)] 345671K->224151K(809152K), 0.0047670 secs] [Times: user=0.02 sys=0.00, real=0.01 secs] 
2014-07-08T20:18:16.425+0000: 1210.072: [GC [PSYoungGen: 122156K->896K(119552K)] 344663K->223815K(806528K), 0.0116980 secs] [Times: user=0.08 sys=0.00, real=0.02 secs] 
2014-07-08T20:18:17.751+0000: 1211.398: [GC [PSYoungGen: 119552K->1384K(118208K)] 342471K->224407K(805184K), 0.0077210 secs] [Times: user=0.04 sys=0.00, real=0.01 secs] 
2014-07-08T20:18:18.767+0000: 1212.414: [GC [PSYoungGen: 118184K->1202K(116224K)] 341207K->224401K(803200K), 0.0062250 secs] [Times: user=0.04 sys=0.00, real=0.01 secs] 
2014-07-08T20:18:19.854+0000: 1213.501: [GC [PSYoungGen: 116210K->1640K(114944K)] 339409K->224927K(801920K), 0.0062280 secs] [Times: user=0.02 sys=0.01, real=0.01 secs] 
2014-07-08T20:18:20.951+0000: 1214.598: [GC [PSYoungGen: 114920K->505K(112064K)] 338207K->224599K(799040K), 0.0061230 secs] [Times: user=0.04 sys=0.00, real=0.00 secs] 
2014-07-08T20:18:22.331+0000: 1215.978: [GC [PSYoungGen: 112057K->1568K(111488K)] 336151K->225718K(798464K), 0.0105980 secs] [Times: user=0.07 sys=0.00, real=0.01 secs] 
2014-07-08T20:18:23.427+0000: 1217.074: [GC [PSYoungGen: 111456K->1316K(109632K)] 335606K->225820K(796608K), 0.0081050 secs] [Times: user=0.05 sys=0.00, real=0.01 secs] 
2014-07-08T20:18:24.527+0000: 1218.174: [GC [PSYoungGen: 109604K->1276K(107968K)] 334108K->225852K(794944K), 0.0066210 secs] [Times: user=0.04 sys=0.00, real=0.01 secs] 
2014-07-08T20:18:25.395+0000: 1219.042: [GC [PSYoungGen: 107951K->879K(106048K)] 332527K->226099K(793024K), 0.0081450 secs] [Times: user=0.06 sys=0.00, real=0.01 secs] 
2014-07-08T20:18:26.523+0000: 1220.170: [GC [PSYoungGen: 106031K->1790K(105472K)] 331251K->227114K(792448K), 0.0156130 secs] [Times: user=0.11 sys=0.00, real=0.02 secs] 
2014-07-08T20:18:27.464+0000: 1221.111: [GC [PSYoungGen: 105470K->954K(125376K)] 330794K->226970K(812352K), 0.0141500 secs] [Times: user=0.10 sys=0.00, real=0.01 secs] 
2014-07-08T20:18:28.506+0000: 1222.153: [GC [PSYoungGen: 125370K->1776K(144768K)] 351386K->227864K(831744K), 0.0102670 secs] [Times: user=0.04 sys=0.00, real=0.01 secs] 
2014-07-08T20:18:30.079+0000: 1223.726: [GC [PSYoungGen: 144590K->1483K(151296K)] 370678K->227857K(838272K), 0.0234080 secs] [Times: user=0.14 sys=0.00, real=0.03 secs] 
2014-07-08T20:18:31.536+0000: 1225.183: [GC [PSYoungGen: 150795K->1280K(147968K)] 377169K->227710K(834944K), 0.0078950 secs] [Times: user=0.04 sys=0.00, real=0.01 secs] 
2014-07-08T20:18:32.836+0000: 1226.483: [GC [PSYoungGen: 147904K->676K(144704K)] 374334K->227664K(831680K), 0.0111140 secs] [Times: user=0.08 sys=0.01, real=0.01 secs] 
2014-07-08T20:18:34.417+0000: 1228.064: [GC [PSYoungGen: 144676K->1502K(142976K)] 371664K->228546K(829952K), 0.0065680 secs] [Times: user=0.04 sys=0.01, real=0.01 secs] 
2014-07-08T20:18:35.663+0000: 1229.310: [GC [PSYoungGen: 142942K->1192K(140160K)] 369986K->228638K(827136K), 0.0126480 secs] [Times: user=0.07 sys=0.00, real=0.01 secs] 
2014-07-08T20:18:37.148+0000: 1230.795: [GC [PSYoungGen: 140136K->1270K(137792K)] 367582K->228812K(824768K), 0.0110780 secs] [Times: user=0.06 sys=0.00, real=0.01 secs] 
2014-07-08T20:18:38.431+0000: 1232.078: [GC [PSYoungGen: 137747K->1366K(135616K)] 365289K->229004K(822592K), 0.0098600 secs] [Times: user=0.07 sys=0.00, real=0.01 secs] 
2014-07-08T20:18:39.611+0000: 1233.258: [GC [PSYoungGen: 135574K->1260K(133248K)] 363212K->228954K(820224K), 0.0101510 secs] [Times: user=0.06 sys=0.00, real=0.01 secs] 
2014-07-08T20:18:40.867+0000: 1234.514: [GC [PSYoungGen: 133228K->1060K(130880K)] 360922K->229156K(817856K), 0.0098810 secs] [Times: user=0.05 sys=0.00, real=0.01 secs] 
2014-07-08T20:18:42.248+0000: 1235.895: [GC [PSYoungGen: 130823K->1842K(129536K)] 358920K->230027K(816512K), 0.0070890 secs] [Times: user=0.04 sys=0.00, real=0.01 secs] 
2014-07-08T20:18:43.566+0000: 1237.213: [GC [PSYoungGen: 129522K->808K(126400K)] 357707K->229508K(813376K), 0.0088480 secs] [Times: user=0.03 sys=0.00, real=0.01 secs] 
2014-07-08T20:18:44.612+0000: 1238.259: [GC [PSYoungGen: 126376K->1462K(124992K)] 355076K->230226K(811968K), 0.0146120 secs] [Times: user=0.07 sys=0.00, real=0.01 secs] 
2014-07-08T20:18:45.770+0000: 1239.417: [GC [PSYoungGen: 124982K->1448K(123008K)] 353746K->230406K(809984K), 0.0139980 secs] [Times: user=0.09 sys=0.00, real=0.02 secs] 
2014-07-08T20:18:46.967+0000: 1240.614: [GC [PSYoungGen: 122984K->1288K(120960K)] 351942K->230326K(807936K), 0.0071700 secs] [Times: user=0.04 sys=0.00, real=0.01 secs] 
2014-07-08T20:18:48.280+0000: 1241.927: [GC [PSYoungGen: 120904K->932K(118720K)] 349942K->230202K(805696K), 0.0147710 secs] [Times: user=0.09 sys=0.00, real=0.02 secs] 
2014-07-08T20:18:49.440+0000: 1243.087: [GC [PSYoungGen: 118676K->1634K(142336K)] 347947K->231000K(829312K), 0.0174440 secs] [Times: user=0.13 sys=0.00, real=0.02 secs] 
2014-07-08T20:18:50.642+0000: 1244.289: [GC [PSYoungGen: 142114K->1312K(139392K)] 371480K->230782K(826368K), 0.0089100 secs] [Times: user=0.07 sys=0.00, real=0.01 secs] 
2014-07-08T20:18:51.872+0000: 1245.519: [GC [PSYoungGen: 139360K->1276K(142720K)] 368830K->230802K(829696K), 0.0151630 secs] [Times: user=0.08 sys=0.00, real=0.01 secs] 
2014-07-08T20:18:53.465+0000: 1247.112: [GC [PSYoungGen: 142138K->1430K(139904K)] 371664K->231036K(826880K), 0.0109960 secs] [Times: user=0.07 sys=0.00, real=0.01 secs] 
2014-07-08T20:18:54.674+0000: 1248.321: [GC [PSYoungGen: 139862K->1074K(137152K)] 369468K->230736K(824128K), 0.0105460 secs] [Times: user=0.06 sys=0.00, real=0.01 secs] 
2014-07-08T20:18:56.268+0000: 1249.915: [GC [PSYoungGen: 137116K->1188K(134976K)] 366778K->231198K(821952K), 0.0064100 secs] [Times: user=0.04 sys=0.00, real=0.01 secs] 
2014-07-08T20:18:57.498+0000: 1251.145: [GC [PSYoungGen: 134947K->1730K(133312K)] 364958K->231796K(820288K), 0.0050760 secs] [Times: user=0.01 sys=0.01, real=0.01 secs] 
2014-07-08T20:18:58.651+0000: 1252.298: [GC [PSYoungGen: 133250K->762K(130112K)] 363316K->231558K(817088K), 0.0062240 secs] [Times: user=0.04 sys=0.01, real=0.01 secs] 
2014-07-08T20:19:00.018+0000: 1253.665: [GC [PSYoungGen: 130106K->1864K(129152K)] 360902K->232725K(816128K), 0.0059230 secs] [Times: user=0.03 sys=0.00, real=0.00 secs] 
2014-07-08T20:19:01.316+0000: 1254.963: [GC [PSYoungGen: 129096K->1188K(126400K)] 359957K->232588K(813376K), 0.0123360 secs] [Times: user=0.08 sys=0.00, real=0.01 secs] 
2014-07-08T20:19:02.485+0000: 1256.132: [GC [PSYoungGen: 126372K->1398K(124608K)] 357772K->232855K(811584K), 0.0126930 secs] [Times: user=0.06 sys=0.01, real=0.01 secs] 
2014-07-08T20:19:03.824+0000: 1257.471: [GC [PSYoungGen: 124598K->1416K(122688K)] 356055K->232953K(809664K), 0.0059650 secs] [Times: user=0.03 sys=0.00, real=0.01 secs] 
2014-07-08T20:19:04.966+0000: 1258.613: [GC [PSYoungGen: 122595K->1604K(120960K)] 354132K->233229K(807936K), 0.0066570 secs] [Times: user=0.04 sys=0.00, real=0.00 secs] 
2014-07-08T20:19:06.313+0000: 1259.960: [GC [PSYoungGen: 120900K->882K(118336K)] 352525K->232674K(805312K), 0.0096280 secs] [Times: user=0.06 sys=0.00, real=0.01 secs] 
2014-07-08T20:19:07.513+0000: 1261.160: [GC [PSYoungGen: 118303K->1786K(117440K)] 350096K->233667K(804416K), 0.0189880 secs] [Times: user=0.14 sys=0.00, real=0.02 secs] 
2014-07-08T20:19:08.483+0000: 1262.130: [GC [PSYoungGen: 117434K->1426K(115392K)] 349315K->233411K(802368K), 0.0051720 secs] [Times: user=0.02 sys=0.00, real=0.01 secs] 
2014-07-08T20:19:09.531+0000: 1263.178: [GC [PSYoungGen: 115343K->1330K(113536K)] 347328K->233379K(800512K), 0.0040360 secs] [Times: user=0.02 sys=0.01, real=0.01 secs] 
2014-07-08T20:19:10.492+0000: 1264.139: [GC [PSYoungGen: 113521K->1330K(111872K)] 345569K->233501K(798848K), 0.0061480 secs] [Times: user=0.04 sys=0.00, real=0.01 secs] 
2014-07-08T20:19:11.741+0000: 1265.388: [GC [PSYoungGen: 111858K->1586K(110528K)] 344029K->233845K(797504K), 0.0126770 secs] [Times: user=0.07 sys=0.00, real=0.01 secs] 
2014-07-08T20:19:12.589+0000: 1266.236: [GC [PSYoungGen: 110514K->1074K(108416K)] 342773K->233524K(795392K), 0.0074990 secs] [Times: user=0.05 sys=0.00, real=0.01 secs] 
2014-07-08T20:19:13.649+0000: 1267.296: [GC [PSYoungGen: 108402K->1578K(107392K)] 340852K->234109K(794368K), 0.0073700 secs] [Times: user=0.04 sys=0.01, real=0.01 secs] 
2014-07-08T20:19:14.550+0000: 1268.197: [GC [PSYoungGen: 107370K->1326K(105600K)] 339901K->233985K(792576K), 0.0050960 secs] [Times: user=0.02 sys=0.00, real=0.00 secs] 
2014-07-08T20:19:15.572+0000: 1269.219: [GC [PSYoungGen: 105582K->1060K(103872K)] 338241K->233775K(790848K), 0.0100080 secs] [Times: user=0.06 sys=0.00, real=0.01 secs] 
2014-07-08T20:19:16.519+0000: 1270.166: [GC [PSYoungGen: 103844K->1206K(102592K)] 336559K->233993K(789568K), 0.0030840 secs] [Times: user=0.02 sys=0.00, real=0.00 secs] 
2014-07-08T20:19:17.752+0000: 1271.399: [GC [PSYoungGen: 102563K->1494K(101504K)] 335350K->234345K(788480K), 0.0115360 secs] [Times: user=0.08 sys=0.00, real=0.01 secs] 
2014-07-08T20:19:18.581+0000: 1272.228: [GC [PSYoungGen: 101462K->1128K(99776K)] 334313K->234123K(786752K), 0.0051870 secs] [Times: user=0.04 sys=0.00, real=0.01 secs] 
2014-07-08T20:19:19.475+0000: 1273.122: [GC [PSYoungGen: 99750K->1370K(98688K)] 332745K->234429K(785664K), 0.0063000 secs] [Times: user=0.03 sys=0.00, real=0.01 secs] 
2014-07-08T20:19:20.278+0000: 1273.925: [GC [PSYoungGen: 98650K->1338K(97344K)] 331709K->235156K(784320K), 0.0051320 secs] [Times: user=0.03 sys=0.00, real=0.00 secs] 
2014-07-08T20:19:21.065+0000: 1274.712: [GC [PSYoungGen: 97334K->1302K(96064K)] 331152K->235200K(783040K), 0.0082510 secs] [Times: user=0.05 sys=0.00, real=0.01 secs] 
2014-07-08T20:19:21.828+0000: 1275.475: [GC [PSYoungGen: 96013K->1448K(94976K)] 329911K->235458K(781952K), 0.0032700 secs] [Times: user=0.02 sys=0.00, real=0.00 secs] 
2014-07-08T20:19:22.628+0000: 1276.275: [GC [PSYoungGen: 94952K->1262K(93568K)] 328962K->235352K(780544K), 0.0076290 secs] [Times: user=0.05 sys=0.00, real=0.00 secs] 
2014-07-08T20:19:23.845+0000: 1277.492: [GC [PSYoungGen: 93521K->1270K(92352K)] 327611K->235504K(779328K), 0.0080170 secs] [Times: user=0.05 sys=0.00, real=0.01 secs] 
2014-07-08T20:19:24.559+0000: 1278.206: [GC [PSYoungGen: 92342K->1320K(91264K)] 326576K->235626K(778240K), 0.0080030 secs] [Times: user=0.05 sys=0.00, real=0.00 secs] 
2014-07-08T20:19:25.449+0000: 1279.096: [GC [PSYoungGen: 91240K->1238K(90048K)] 325546K->235648K(777024K), 0.0085030 secs] [Times: user=0.06 sys=0.01, real=0.01 secs] 
2014-07-08T20:19:26.357+0000: 1280.004: [GC [PSYoungGen: 90006K->1060K(88768K)] 324416K->235502K(775744K), 0.0116910 secs] [Times: user=0.07 sys=0.00, real=0.02 secs] 
2014-07-08T20:19:27.105+0000: 1280.752: [GC [PSYoungGen: 88740K->1390K(88000K)] 323182K->235880K(774976K), 0.0067900 secs] [Times: user=0.04 sys=0.00, real=0.01 secs] 
2014-07-08T20:19:27.932+0000: 1281.579: [GC [PSYoungGen: 87963K->1746K(87296K)] 322453K->236340K(774272K), 0.0091430 secs] [Times: user=0.05 sys=0.00, real=0.01 secs] 
2014-07-08T20:19:28.628+0000: 1282.275: [GC [PSYoungGen: 87250K->562K(103232K)] 321844K->236018K(790208K), 0.0083820 secs] [Times: user=0.03 sys=0.01, real=0.00 secs] 
2014-07-08T20:19:29.788+0000: 1283.435: [GC [PSYoungGen: 103218K->1902K(125120K)] 338674K->237447K(812096K), 0.0153750 secs] [Times: user=0.11 sys=0.00, real=0.01 secs] 
2014-07-08T20:19:31.006+0000: 1284.653: [GC [PSYoungGen: 125102K->1390K(122624K)] 360647K->237388K(809600K), 0.0064630 secs] [Times: user=0.04 sys=0.00, real=0.01 secs] 
2014-07-08T20:19:32.298+0000: 1285.945: [GC [PSYoungGen: 122603K->1138K(120448K)] 358601K->237208K(807424K), 0.0062660 secs] [Times: user=0.03 sys=0.00, real=0.00 secs] 
2014-07-08T20:19:33.480+0000: 1287.127: [GC [PSYoungGen: 120373K->1338K(118784K)] 356444K->237472K(805760K), 0.0119620 secs] [Times: user=0.07 sys=0.00, real=0.01 secs] 
2014-07-08T20:19:34.485+0000: 1288.132: [GC [PSYoungGen: 118778K->1280K(116992K)] 354912K->237478K(803968K), 0.0142550 secs] [Times: user=0.09 sys=0.00, real=0.02 secs] 
2014-07-08T20:19:35.697+0000: 1289.344: [GC [PSYoungGen: 116928K->1330K(115264K)] 353126K->237600K(802240K), 0.0061680 secs] [Times: user=0.04 sys=0.00, real=0.01 secs] 
2014-07-08T20:19:36.548+0000: 1290.195: [GC [PSYoungGen: 115220K->1234K(137984K)] 351491K->237528K(824960K), 0.0141400 secs] [Times: user=0.07 sys=0.00, real=0.02 secs] 
2014-07-08T20:19:38.079+0000: 1291.727: [GC [PSYoungGen: 137912K->1262K(135616K)] 374206K->237855K(822592K), 0.0050890 secs] [Times: user=0.03 sys=0.00, real=0.00 secs] 
2014-07-08T20:19:39.351+0000: 1292.998: [GC [PSYoungGen: 135546K->1661K(133760K)] 372139K->238334K(820736K), 0.0066420 secs] [Times: user=0.04 sys=0.01, real=0.00 secs] 
2014-07-08T20:19:40.517+0000: 1294.164: [GC [PSYoungGen: 133710K->940K(130880K)] 370383K->237958K(817856K), 0.0071080 secs] [Times: user=0.04 sys=0.00, real=0.01 secs] 
2014-07-08T20:19:41.701+0000: 1295.348: [GC [PSYoungGen: 130860K->1872K(129664K)] 367878K->239044K(816640K), 0.0073850 secs] [Times: user=0.04 sys=0.00, real=0.00 secs] 
2014-07-08T20:19:42.768+0000: 1296.415: [GC [PSYoungGen: 129601K->1000K(126656K)] 366773K->238890K(813632K), 0.0090170 secs] [Times: user=0.06 sys=0.00, real=0.01 secs] 
2014-07-08T20:19:44.300+0000: 1297.948: [GC [PSYoungGen: 126632K->1612K(125248K)] 364522K->239558K(812224K), 0.0047370 secs] [Times: user=0.02 sys=0.00, real=0.00 secs] 
2014-07-08T20:19:45.414+0000: 1299.061: [GC [PSYoungGen: 125159K->1316K(122944K)] 363105K->239490K(809920K), 0.0036520 secs] [Times: user=0.02 sys=0.00, real=0.00 secs] 
2014-07-08T20:19:46.454+0000: 1300.101: [GC [PSYoungGen: 122916K->1735K(121472K)] 361090K->239997K(808448K), 0.0059730 secs] [Times: user=0.03 sys=0.00, real=0.00 secs] 
2014-07-08T20:19:47.785+0000: 1301.432: [GC [PSYoungGen: 121415K->996K(118848K)] 359677K->239540K(805824K), 0.0050130 secs] [Times: user=0.04 sys=0.00, real=0.00 secs] 
2014-07-08T20:19:48.684+0000: 1302.331: [GC [PSYoungGen: 118820K->1660K(117696K)] 357364K->240261K(804672K), 0.0073760 secs] [Times: user=0.04 sys=0.00, real=0.01 secs] 
2014-07-08T20:19:49.753+0000: 1303.400: [GC [PSYoungGen: 117692K->1284K(115584K)] 356293K->239964K(802560K), 0.0113520 secs] [Times: user=0.07 sys=0.00, real=0.01 secs] 
2014-07-08T20:19:50.880+0000: 1304.527: [GC [PSYoungGen: 115524K->1256K(113792K)] 354204K->240024K(800768K), 0.0097570 secs] [Times: user=0.06 sys=0.00, real=0.01 secs] 
2014-07-08T20:19:51.903+0000: 1305.550: [GC [PSYoungGen: 113768K->1292K(112192K)] 352536K->240124K(799168K), 0.0096660 secs] [Times: user=0.06 sys=0.00, real=0.01 secs] 
2014-07-08T20:19:52.955+0000: 1306.602: [GC [PSYoungGen: 112140K->1418K(110656K)] 350972K->240323K(797632K), 0.0081350 secs] [Times: user=0.05 sys=0.00, real=0.01 secs] 
2014-07-08T20:19:54.240+0000: 1307.887: [GC [PSYoungGen: 110602K->1316K(108928K)] 349507K->240461K(795904K), 0.0069910 secs] [Times: user=0.03 sys=0.00, real=0.01 secs] 
2014-07-08T20:19:55.176+0000: 1308.823: [GC [PSYoungGen: 108900K->1302K(107392K)] 348045K->240502K(794368K), 0.0077860 secs] [Times: user=0.04 sys=0.00, real=0.01 secs] 
2014-07-08T20:19:55.962+0000: 1309.609: [GC [PSYoungGen: 107350K->1320K(105856K)] 346550K->240648K(792832K), 0.0052560 secs] [Times: user=0.03 sys=0.00, real=0.00 secs] 
2014-07-08T20:19:56.981+0000: 1310.628: [GC [PSYoungGen: 105832K->1534K(104576K)] 345160K->240942K(791552K), 0.0075030 secs] [Times: user=0.05 sys=0.00, real=0.01 secs] 
2014-07-08T20:19:57.854+0000: 1311.501: [GC [PSYoungGen: 104574K->1014K(102656K)] 343982K->240654K(789632K), 0.0066260 secs] [Times: user=0.04 sys=0.00, real=0.00 secs] 
2014-07-08T20:19:59.060+0000: 1312.707: [GC [PSYoungGen: 102646K->1550K(101824K)] 342286K->241255K(788800K), 0.0079710 secs] [Times: user=0.04 sys=0.00, real=0.01 secs] 
2014-07-08T20:20:00.021+0000: 1313.668: [GC [PSYoungGen: 101774K->1134K(100032K)] 341479K->241151K(787008K), 0.0081340 secs] [Times: user=0.04 sys=0.00, real=0.01 secs] 
2014-07-08T20:20:00.869+0000: 1314.516: [GC [PSYoungGen: 100014K->1416K(120128K)] 340031K->241504K(807104K), 0.0188700 secs] [Times: user=0.11 sys=0.00, real=0.02 secs] 
2014-07-08T20:20:02.056+0000: 1315.703: [GC [PSYoungGen: 120072K->1128K(128704K)] 360160K->241418K(815680K), 0.0272020 secs] [Times: user=0.19 sys=0.00, real=0.03 secs] 
2014-07-08T20:20:03.259+0000: 1316.906: [GC [PSYoungGen: 128679K->1466K(129344K)] 368970K->241820K(816320K), 0.0092660 secs] [Times: user=0.05 sys=0.00, real=0.01 secs] 
2014-07-08T20:20:04.398+0000: 1318.045: [GC [PSYoungGen: 129018K->1783K(154752K)] 369372K->242225K(841728K), 0.0103960 secs] [Times: user=0.07 sys=0.00, real=0.01 secs] 
2014-07-08T20:20:05.891+0000: 1319.538: [GC [PSYoungGen: 154743K->1302K(151488K)] 395185K->241856K(838464K), 0.0063870 secs] [Times: user=0.04 sys=0.01, real=0.01 secs] 
2014-07-08T20:20:07.459+0000: 1321.106: [GC [PSYoungGen: 151446K->622K(148032K)] 392000K->241779K(835008K), 0.0080220 secs] [Times: user=0.05 sys=0.01, real=0.01 secs] 
2014-07-08T20:20:08.564+0000: 1322.211: [GC [PSYoungGen: 148014K->1536K(146368K)] 389171K->242749K(833344K), 0.0118650 secs] [Times: user=0.07 sys=0.00, real=0.01 secs] 
2014-07-08T20:20:09.842+0000: 1323.489: [GC [PSYoungGen: 146304K->1106K(143360K)] 387517K->242666K(830336K), 0.0056620 secs] [Times: user=0.03 sys=0.00, real=0.01 secs] 
2014-07-08T20:20:11.296+0000: 1324.943: [GC [PSYoungGen: 143297K->1530K(141248K)] 384858K->243178K(828224K), 0.0051690 secs] [Times: user=0.03 sys=0.00, real=0.00 secs] 
2014-07-08T20:20:12.452+0000: 1326.099: [GC [PSYoungGen: 141242K->1202K(138496K)] 382890K->242930K(825472K), 0.0052550 secs] [Times: user=0.03 sys=0.00, real=0.01 secs] 
2014-07-08T20:20:13.627+0000: 1327.274: [GC [PSYoungGen: 138482K->1224K(136192K)] 380210K->243024K(823168K), 0.0055360 secs] [Times: user=0.03 sys=0.00, real=0.00 secs] 
2014-07-08T20:20:14.946+0000: 1328.593: [GC [PSYoungGen: 136057K->1252K(133888K)] 377858K->243281K(820864K), 0.0035570 secs] [Times: user=0.02 sys=0.00, real=0.00 secs] 
2014-07-08T20:20:16.271+0000: 1329.918: [GC [PSYoungGen: 133860K->1426K(131840K)] 375889K->243543K(818816K), 0.0102050 secs] [Times: user=0.06 sys=0.00, real=0.01 secs] 
2014-07-08T20:20:17.418+0000: 1331.065: [GC [PSYoungGen: 131794K->1000K(129216K)] 373911K->243569K(816192K), 0.0055220 secs] [Times: user=0.03 sys=0.00, real=0.00 secs] 
2014-07-08T20:20:18.704+0000: 1332.351: [GC [PSYoungGen: 129192K->1596K(127680K)] 371761K->244287K(814656K), 0.0062990 secs] [Times: user=0.04 sys=0.01, real=0.01 secs] 
2014-07-08T20:20:19.754+0000: 1333.401: [GC [PSYoungGen: 127676K->992K(125056K)] 370367K->243971K(812032K), 0.0110520 secs] [Times: user=0.07 sys=0.00, real=0.01 secs] 
2014-07-08T20:20:20.979+0000: 1334.626: [GC [PSYoungGen: 125024K->1352K(123456K)] 368003K->244403K(810432K), 0.0072580 secs] [Times: user=0.04 sys=0.00, real=0.01 secs] 
2014-07-08T20:20:22.104+0000: 1335.751: [GC [PSYoungGen: 123396K->1341K(121472K)] 366447K->244846K(808448K), 0.0061340 secs] [Times: user=0.03 sys=0.00, real=0.01 secs] 
2014-07-08T20:20:23.261+0000: 1336.908: [GC [PSYoungGen: 121469K->1796K(120128K)] 364974K->245365K(807104K), 0.0105590 secs] [Times: user=0.06 sys=0.00, real=0.01 secs] 
2014-07-08T20:20:24.417+0000: 1338.064: [GC [PSYoungGen: 120068K->689K(117120K)] 363637K->245068K(804096K), 0.0065990 secs] [Times: user=0.03 sys=0.00, real=0.00 secs] 
2014-07-08T20:20:25.448+0000: 1339.095: [GC [PSYoungGen: 117105K->1554K(116224K)] 361484K->246005K(803200K), 0.0059700 secs] [Times: user=0.04 sys=0.00, real=0.00 secs] 
2014-07-08T20:20:26.523+0000: 1340.170: [GC [PSYoungGen: 116178K->1472K(114432K)] 360629K->246147K(801408K), 0.0044160 secs] [Times: user=0.02 sys=0.00, real=0.01 secs] 
2014-07-08T20:20:27.524+0000: 1341.171: [GC [PSYoungGen: 114368K->1244K(112512K)] 359043K->245999K(799488K), 0.0055340 secs] [Times: user=0.03 sys=0.00, real=0.01 secs] 
2014-07-08T20:20:28.640+0000: 1342.287: [GC [PSYoungGen: 112476K->1060K(110656K)] 357231K->245959K(797632K), 0.0063930 secs] [Times: user=0.03 sys=0.00, real=0.00 secs] 
2014-07-08T20:20:29.716+0000: 1343.363: [GC [PSYoungGen: 110628K->1658K(109632K)] 355527K->246629K(796608K), 0.0042020 secs] [Times: user=0.02 sys=0.00, real=0.01 secs] 
2014-07-08T20:20:30.825+0000: 1344.472: [GC [PSYoungGen: 109626K->1138K(107584K)] 354597K->246313K(794560K), 0.0042650 secs] [Times: user=0.01 sys=0.00, real=0.01 secs] 
2014-07-08T20:20:31.645+0000: 1345.292: [GC [PSYoungGen: 107544K->1490K(106432K)] 352719K->246737K(793408K), 0.0116620 secs] [Times: user=0.07 sys=0.00, real=0.01 secs] 
2014-07-08T20:20:32.826+0000: 1346.473: [GC [PSYoungGen: 106386K->1196K(104640K)] 351633K->246523K(791616K), 0.0069350 secs] [Times: user=0.04 sys=0.00, real=0.01 secs] 
2014-07-08T20:20:33.753+0000: 1347.400: [GC [PSYoungGen: 104620K->1312K(103296K)] 349947K->246703K(790272K), 0.0075930 secs] [Times: user=0.04 sys=0.00, real=0.01 secs] 
2014-07-08T20:20:34.573+0000: 1348.220: [GC [PSYoungGen: 103264K->1198K(101760K)] 348655K->246838K(788736K), 0.0074340 secs] [Times: user=0.04 sys=0.00, real=0.01 secs] 
2014-07-08T20:20:35.523+0000: 1349.170: [GC [PSYoungGen: 101714K->1544K(100736K)] 347354K->247247K(787712K), 0.0085470 secs] [Times: user=0.05 sys=0.00, real=0.01 secs] 
2014-07-08T20:20:36.612+0000: 1350.259: [GC [PSYoungGen: 100667K->936K(98752K)] 346370K->247059K(785728K), 0.0060270 secs] [Times: user=0.03 sys=0.01, real=0.01 secs] 
2014-07-08T20:20:37.449+0000: 1351.096: [GC [PSYoungGen: 98728K->1312K(97792K)] 344851K->247483K(784768K), 0.0095440 secs] [Times: user=0.05 sys=0.00, real=0.01 secs] 
2014-07-08T20:20:38.504+0000: 1352.151: [GC [PSYoungGen: 97705K->1330K(96512K)] 343877K->248016K(783488K), 0.0126820 secs] [Times: user=0.07 sys=0.00, real=0.01 secs] 
2014-07-08T20:20:39.397+0000: 1353.044: [GC [PSYoungGen: 96498K->1856K(116160K)] 343184K->248614K(803136K), 0.0204300 secs] [Times: user=0.14 sys=0.00, real=0.02 secs] 
2014-07-08T20:20:40.446+0000: 1354.093: [GC [PSYoungGen: 116095K->626K(136320K)] 362853K->248031K(823296K), 0.0096240 secs] [Times: user=0.06 sys=0.00, real=0.01 secs] 
2014-07-08T20:20:41.664+0000: 1355.311: [GC [PSYoungGen: 136306K->1302K(137664K)] 383711K->248779K(824640K), 0.0077630 secs] [Times: user=0.05 sys=0.00, real=0.01 secs] 
2014-07-08T20:20:43.078+0000: 1356.725: [GC [PSYoungGen: 136982K->1330K(134720K)] 384459K->249033K(821696K), 0.0073840 secs] [Times: user=0.03 sys=0.01, real=0.01 secs] 
2014-07-08T20:20:44.368+0000: 1358.015: [GC [PSYoungGen: 134706K->1334K(132480K)] 382409K->249133K(819456K), 0.0084900 secs] [Times: user=0.06 sys=0.00, real=0.01 secs] 
2014-07-08T20:20:45.443+0000: 1359.090: [GC [PSYoungGen: 132470K->1298K(130304K)] 380269K->249153K(817280K), 0.0055940 secs] [Times: user=0.04 sys=0.00, real=0.00 secs] 
2014-07-08T20:20:46.670+0000: 1360.317: [GC [PSYoungGen: 130258K->1725K(128576K)] 378113K->249652K(815552K), 0.0037470 secs] [Times: user=0.02 sys=0.00, real=0.01 secs] 
2014-07-08T20:20:47.909+0000: 1361.556: [GC [PSYoungGen: 128554K->804K(125632K)] 376482K->249027K(812608K), 0.0076910 secs] [Times: user=0.04 sys=0.00, real=0.01 secs] 
2014-07-08T20:20:49.049+0000: 1362.696: [GC [PSYoungGen: 125604K->1462K(124288K)] 373827K->249773K(811264K), 0.0104680 secs] [Times: user=0.07 sys=0.01, real=0.02 secs] 
2014-07-08T20:20:50.409+0000: 1364.056: [GC [PSYoungGen: 124277K->1408K(122368K)] 372589K->249947K(809344K), 0.0101860 secs] [Times: user=0.07 sys=0.00, real=0.01 secs] 
2014-07-08T20:20:51.591+0000: 1365.239: [GC [PSYoungGen: 122281K->1434K(120448K)] 370821K->250053K(807424K), 0.0069840 secs] [Times: user=0.05 sys=0.00, real=0.00 secs] 
2014-07-08T20:20:52.600+0000: 1366.247: [GC [PSYoungGen: 120410K->932K(118080K)] 369029K->249711K(805056K), 0.0119720 secs] [Times: user=0.09 sys=0.00, real=0.02 secs] 
2014-07-08T20:20:53.789+0000: 1367.436: [GC [PSYoungGen: 118008K->1484K(116864K)] 366788K->250367K(803840K), 0.0072000 secs] [Times: user=0.05 sys=0.00, real=0.01 secs] 
2014-07-08T20:20:54.870+0000: 1368.517: [GC [PSYoungGen: 116812K->1206K(114816K)] 365695K->250145K(801792K), 0.0130480 secs] [Times: user=0.08 sys=0.00, real=0.02 secs] 
2014-07-08T20:20:56.005+0000: 1369.652: [GC [PSYoungGen: 114806K->1572K(113472K)] 363745K->250576K(800448K), 0.0113680 secs] [Times: user=0.06 sys=0.00, real=0.01 secs] 
2014-07-08T20:20:57.183+0000: 1370.830: [GC [PSYoungGen: 113444K->946K(111168K)] 362448K->250474K(798144K), 0.0060630 secs] [Times: user=0.04 sys=0.00, real=0.00 secs] 
2014-07-08T20:20:58.268+0000: 1371.915: [GC [PSYoungGen: 111154K->1839K(110464K)] 360682K->251584K(797440K), 0.0064130 secs] [Times: user=0.04 sys=0.00, real=0.01 secs] 
2014-07-08T20:20:59.339+0000: 1372.986: [GC [PSYoungGen: 110446K->946K(107968K)] 360192K->251562K(794944K), 0.0173520 secs] [Times: user=0.11 sys=0.00, real=0.02 secs] 
2014-07-08T20:21:00.381+0000: 1374.028: [GC [PSYoungGen: 107954K->1494K(107008K)] 358570K->252189K(793984K), 0.0091230 secs] [Times: user=0.05 sys=0.00, real=0.01 secs] 
2014-07-08T20:21:01.387+0000: 1375.034: [GC [PSYoungGen: 106866K->1586K(105600K)] 357562K->252442K(792576K), 0.0105180 secs] [Times: user=0.07 sys=0.00, real=0.01 secs] 
2014-07-08T20:21:02.367+0000: 1376.014: [GC [PSYoungGen: 105585K->1344K(103936K)] 356441K->252280K(790912K), 0.0102290 secs] [Times: user=0.07 sys=0.00, real=0.01 secs] 
2014-07-08T20:21:03.323+0000: 1376.970: [GC [PSYoungGen: 103872K->1132K(102272K)] 354808K->252283K(789248K), 0.0075480 secs] [Times: user=0.05 sys=0.01, real=0.00 secs] 
2014-07-08T20:21:04.333+0000: 1377.980: [GC [PSYoungGen: 102215K->1452K(101184K)] 353367K->252691K(788160K), 0.0062130 secs] [Times: user=0.03 sys=0.00, real=0.00 secs] 
2014-07-08T20:21:05.263+0000: 1378.910: [GC [PSYoungGen: 101164K->1302K(99712K)] 352403K->252703K(786688K), 0.0128430 secs] [Times: user=0.10 sys=0.00, real=0.02 secs] 
2014-07-08T20:21:06.259+0000: 1379.906: [GC [PSYoungGen: 99670K->1358K(119488K)] 351071K->252856K(806464K), 0.0138530 secs] [Times: user=0.09 sys=0.00, real=0.01 secs] 
2014-07-08T20:21:07.440+0000: 1381.088: [GC [PSYoungGen: 119438K->1149K(117440K)] 370936K->252881K(804416K), 0.0072490 secs] [Times: user=0.03 sys=0.01, real=0.01 secs] 
2014-07-08T20:21:08.646+0000: 1382.293: [GC [PSYoungGen: 117437K->1202K(115712K)] 369169K->253005K(802688K), 0.0076250 secs] [Times: user=0.05 sys=0.00, real=0.01 secs] 
2014-07-08T20:21:09.705+0000: 1383.352: [GC [PSYoungGen: 115698K->1376K(114176K)] 367501K->253260K(801152K), 0.0132960 secs] [Times: user=0.08 sys=0.00, real=0.01 secs] 
2014-07-08T20:21:10.870+0000: 1384.517: [GC [PSYoungGen: 114144K->1484K(112640K)] 366028K->253464K(799616K), 0.0084800 secs] [Times: user=0.05 sys=0.00, real=0.01 secs] 
2014-07-08T20:21:11.830+0000: 1385.477: [GC [PSYoungGen: 112588K->811K(110272K)] 364568K->253228K(797248K), 0.0099240 secs] [Times: user=0.06 sys=0.00, real=0.01 secs] 
2014-07-08T20:21:12.843+0000: 1386.490: [GC [PSYoungGen: 110153K->1666K(109568K)] 362570K->254171K(796544K), 0.0121580 secs] [Times: user=0.08 sys=0.00, real=0.02 secs] 
2014-07-08T20:21:13.831+0000: 1387.478: [GC [PSYoungGen: 109506K->1188K(107520K)] 362011K->253903K(794496K), 0.0076080 secs] [Times: user=0.04 sys=0.00, real=0.01 secs] 
2014-07-08T20:21:14.966+0000: 1388.613: [GC [PSYoungGen: 107491K->1074K(128704K)] 360206K->253845K(815680K), 0.0148080 secs] [Times: user=0.09 sys=0.00, real=0.01 secs] 
2014-07-08T20:21:16.352+0000: 1389.999: [GC [PSYoungGen: 128690K->1348K(146880K)] 381461K->254183K(833856K), 0.0146240 secs] [Times: user=0.10 sys=0.00, real=0.02 secs] 
2014-07-08T20:21:17.691+0000: 1391.338: [GC [PSYoungGen: 146746K->1402K(144256K)] 399581K->254357K(831232K), 0.0060740 secs] [Times: user=0.04 sys=0.00, real=0.01 secs] 
2014-07-08T20:21:19.205+0000: 1392.852: [GC [PSYoungGen: 144250K->512K(140864K)] 397205K->254029K(827840K), 0.0094260 secs] [Times: user=0.06 sys=0.00, real=0.01 secs] 
2014-07-08T20:21:20.630+0000: 1394.277: [GC [PSYoungGen: 140864K->1594K(139520K)] 394381K->255191K(826496K), 0.0076360 secs] [Times: user=0.05 sys=0.00, real=0.01 secs] 
2014-07-08T20:21:21.794+0000: 1395.441: [GC [PSYoungGen: 139514K->1088K(136640K)] 393111K->255077K(823616K), 0.0097130 secs] [Times: user=0.07 sys=0.00, real=0.01 secs] 
2014-07-08T20:21:23.272+0000: 1396.919: [GC [PSYoungGen: 136640K->1316K(134592K)] 390629K->255401K(821568K), 0.0088620 secs] [Times: user=0.05 sys=0.01, real=0.01 secs] 
2014-07-08T20:21:24.553+0000: 1398.200: [GC [PSYoungGen: 134564K->1284K(132352K)] 388649K->255425K(819328K), 0.0049990 secs] [Times: user=0.03 sys=0.00, real=0.01 secs] 
2014-07-08T20:21:25.698+0000: 1399.345: [GC [PSYoungGen: 132292K->1220K(130112K)] 386433K->255417K(817088K), 0.0058230 secs] [Times: user=0.02 sys=0.00, real=0.00 secs] 
2014-07-08T20:21:26.894+0000: 1400.541: [GC [PSYoungGen: 130052K->1020K(127744K)] 384249K->255329K(814720K), 0.0048940 secs] [Times: user=0.03 sys=0.00, real=0.01 secs] 
2014-07-08T20:21:28.245+0000: 1401.892: [GC [PSYoungGen: 127739K->1426K(126144K)] 382048K->255815K(813120K), 0.0107230 secs] [Times: user=0.07 sys=0.00, real=0.02 secs] 
2014-07-08T20:21:29.553+0000: 1403.200: [GC [PSYoungGen: 126098K->1000K(123712K)] 380487K->255663K(810688K), 0.0125310 secs] [Times: user=0.08 sys=0.00, real=0.02 secs] 
2014-07-08T20:21:30.634+0000: 1404.281: [GC [PSYoungGen: 123688K->1540K(122368K)] 378351K->256251K(809344K), 0.0073960 secs] [Times: user=0.05 sys=0.00, real=0.01 secs] 
2014-07-08T20:21:31.690+0000: 1405.337: [GC [PSYoungGen: 122308K->896K(119744K)] 377019K->255841K(806720K), 0.0065350 secs] [Times: user=0.02 sys=0.00, real=0.00 secs] 
2014-07-08T20:21:32.771+0000: 1406.418: [GC [PSYoungGen: 119743K->1782K(118784K)] 374689K->256863K(805760K), 0.0117090 secs] [Times: user=0.07 sys=0.00, real=0.01 secs] 
2014-07-08T20:21:34.124+0000: 1407.772: [GC [PSYoungGen: 118774K->950K(116160K)] 373855K->256303K(803136K), 0.0091290 secs] [Times: user=0.06 sys=0.00, real=0.01 secs] 
2014-07-08T20:21:35.216+0000: 1408.863: [GC [PSYoungGen: 116150K->1426K(114944K)] 371503K->256851K(801920K), 0.0141730 secs] [Times: user=0.09 sys=0.00, real=0.02 secs] 
2014-07-08T20:21:36.384+0000: 1410.031: [GC [PSYoungGen: 114898K->1458K(113216K)] 370323K->257035K(800192K), 0.0131340 secs] [Times: user=0.07 sys=0.00, real=0.02 secs] 
2014-07-08T20:21:37.465+0000: 1411.112: [GC [PSYoungGen: 113202K->1230K(111360K)] 368779K->256879K(798336K), 0.0063570 secs] [Times: user=0.04 sys=0.00, real=0.01 secs] 
2014-07-08T20:21:38.727+0000: 1412.374: [GC [PSYoungGen: 111310K->1128K(109632K)] 366959K->256953K(796608K), 0.0089580 secs] [Times: user=0.05 sys=0.00, real=0.01 secs] 
2014-07-08T20:21:39.661+0000: 1413.308: [GC [PSYoungGen: 109579K->1707K(108608K)] 365405K->257612K(795584K), 0.0116100 secs] [Times: user=0.08 sys=0.00, real=0.01 secs] 
2014-07-08T20:21:40.736+0000: 1414.383: [GC [PSYoungGen: 108587K->882K(106240K)] 364492K->257087K(793216K), 0.0085630 secs] [Times: user=0.04 sys=0.01, real=0.01 secs] 
2014-07-08T20:21:41.692+0000: 1415.339: [GC [PSYoungGen: 106226K->1434K(105344K)] 362431K->257687K(792320K), 0.0101820 secs] [Times: user=0.06 sys=0.00, real=0.01 secs] 
2014-07-08T20:21:42.705+0000: 1416.352: [GC [PSYoungGen: 105306K->1348K(103808K)] 361559K->257731K(790784K), 0.0101520 secs] [Times: user=0.07 sys=0.00, real=0.01 secs] 
2014-07-08T20:21:43.652+0000: 1417.299: [GC [PSYoungGen: 103747K->1572K(124480K)] 360130K->258043K(811456K), 0.0135370 secs] [Times: user=0.09 sys=0.00, real=0.01 secs] 
2014-07-08T20:21:44.991+0000: 1418.638: [GC [PSYoungGen: 124452K->765K(121728K)] 380923K->257801K(808704K), 0.0079300 secs] [Times: user=0.03 sys=0.00, real=0.01 secs] 
2014-07-08T20:21:46.177+0000: 1419.824: [GC [PSYoungGen: 121725K->1718K(120768K)] 378761K->258834K(807744K), 0.0133890 secs] [Times: user=0.09 sys=0.00, real=0.02 secs] 
2014-07-08T20:21:47.378+0000: 1421.025: [GC [PSYoungGen: 120758K->1238K(118464K)] 377874K->258636K(805440K), 0.0095750 secs] [Times: user=0.07 sys=0.00, real=0.01 secs] 
2014-07-08T20:21:48.458+0000: 1422.105: [GC [PSYoungGen: 118422K->1384K(116800K)] 375820K->258862K(803776K), 0.0066590 secs] [Times: user=0.03 sys=0.00, real=0.01 secs] 
2014-07-08T20:21:49.626+0000: 1423.273: [GC [PSYoungGen: 116776K->1213K(114880K)] 374254K->258896K(801856K), 0.0100100 secs] [Times: user=0.06 sys=0.00, real=0.01 secs] 
2014-07-08T20:21:50.708+0000: 1424.355: [GC [PSYoungGen: 114877K->1060K(113024K)] 372560K->258807K(800000K), 0.0077860 secs] [Times: user=0.05 sys=0.00, real=0.01 secs] 
2014-07-08T20:21:51.645+0000: 1425.292: [GC [PSYoungGen: 112996K->1380K(111680K)] 370743K->259184K(798656K), 0.0043490 secs] [Times: user=0.02 sys=0.00, real=0.00 secs] 
2014-07-08T20:21:52.749+0000: 1426.396: [GC [PSYoungGen: 111652K->1124K(109824K)] 369456K->258983K(796800K), 0.0080630 secs] [Times: user=0.06 sys=0.00, real=0.01 secs] 
2014-07-08T20:21:53.733+0000: 1427.380: [GC [PSYoungGen: 109796K->1068K(108160K)] 367655K->259207K(795136K), 0.0048700 secs] [Times: user=0.02 sys=0.00, real=0.00 secs] 
2014-07-08T20:21:54.727+0000: 1428.374: [GC [PSYoungGen: 108140K->1316K(106880K)] 366279K->259519K(793856K), 0.0108380 secs] [Times: user=0.07 sys=0.00, real=0.01 secs] 
2014-07-08T20:21:55.796+0000: 1429.443: [GC [PSYoungGen: 106852K->1194K(105280K)] 365055K->259590K(792256K), 0.0076670 secs] [Times: user=0.04 sys=0.00, real=0.01 secs] 
2014-07-08T20:21:56.796+0000: 1430.443: [GC [PSYoungGen: 105258K->1476K(104128K)] 363654K->259919K(791104K), 0.0117560 secs] [Times: user=0.04 sys=0.00, real=0.01 secs] 
2014-07-08T20:21:57.791+0000: 1431.438: [GC [PSYoungGen: 104068K->744K(101952K)] 362511K->259799K(788928K), 0.0093920 secs] [Times: user=0.04 sys=0.00, real=0.01 secs] 
2014-07-08T20:21:58.775+0000: 1432.422: [GC [PSYoungGen: 101928K->1708K(101504K)] 360983K->260836K(788480K), 0.0121910 secs] [Times: user=0.08 sys=0.00, real=0.01 secs] 
2014-07-08T20:21:59.753+0000: 1433.400: [GC [PSYoungGen: 101484K->1021K(99456K)] 360612K->260934K(786432K), 0.0066780 secs] [Times: user=0.04 sys=0.01, real=0.00 secs] 
2014-07-08T20:22:00.784+0000: 1434.431: [GC [PSYoungGen: 99453K->1288K(98432K)] 359366K->261257K(785408K), 0.0124600 secs] [Times: user=0.07 sys=0.00, real=0.01 secs] 
2014-07-08T20:22:01.685+0000: 1435.332: [GC [PSYoungGen: 98362K->1426K(97280K)] 358331K->261547K(784256K), 0.0102110 secs] [Times: user=0.06 sys=0.00, real=0.01 secs] 
2014-07-08T20:22:02.775+0000: 1436.422: [GC [PSYoungGen: 97234K->1216K(95744K)] 357355K->261385K(782720K), 0.0093880 secs] [Times: user=0.03 sys=0.00, real=0.01 secs] 
2014-07-08T20:22:03.680+0000: 1437.327: [GC [PSYoungGen: 95744K->1078K(114560K)] 355913K->261367K(801536K), 0.0156360 secs] [Times: user=0.11 sys=0.00, real=0.02 secs] 
2014-07-08T20:22:04.755+0000: 1438.402: [GC [PSYoungGen: 114550K->1398K(123904K)] 374839K->261791K(810880K), 0.0064700 secs] [Times: user=0.04 sys=0.00, real=0.00 secs] 
2014-07-08T20:22:05.861+0000: 1439.508: [GC [PSYoungGen: 123446K->1326K(121472K)] 383839K->261815K(808448K), 0.0083400 secs] [Times: user=0.06 sys=0.00, real=0.01 secs] 
2014-07-08T20:22:07.012+0000: 1440.659: [GC [PSYoungGen: 121416K->1284K(119616K)] 381905K->261885K(806592K), 0.0127780 secs] [Times: user=0.09 sys=0.00, real=0.02 secs] 
2014-07-08T20:22:08.337+0000: 1441.984: [GC [PSYoungGen: 119507K->943K(117376K)] 380108K->261832K(804352K), 0.0088840 secs] [Times: user=0.05 sys=0.00, real=0.01 secs] 
2014-07-08T20:22:09.506+0000: 1443.153: [GC [PSYoungGen: 117359K->1698K(116352K)] 378248K->262853K(803328K), 0.0108620 secs] [Times: user=0.07 sys=0.00, real=0.01 secs] 
2014-07-08T20:22:10.688+0000: 1444.335: [GC [PSYoungGen: 116320K->822K(113728K)] 377475K->262551K(800704K), 0.0115110 secs] [Times: user=0.08 sys=0.00, real=0.01 secs] 
2014-07-08T20:22:11.662+0000: 1445.309: [GC [PSYoungGen: 113718K->1570K(112832K)] 375447K->263371K(799808K), 0.0089000 secs] [Times: user=0.06 sys=0.01, real=0.01 secs] 
2014-07-08T20:22:12.656+0000: 1446.303: [GC [PSYoungGen: 112802K->1234K(110848K)] 374603K->263287K(797824K), 0.0099120 secs] [Times: user=0.07 sys=0.00, real=0.01 secs] 
2014-07-08T20:22:13.694+0000: 1447.342: [GC [PSYoungGen: 110802K->1412K(109440K)] 372855K->263521K(796416K), 0.0051620 secs] [Times: user=0.03 sys=0.00, real=0.00 secs] 
2014-07-08T20:22:14.696+0000: 1448.343: [GC [PSYoungGen: 109380K->1130K(107584K)] 371489K->263479K(794560K), 0.0070790 secs] [Times: user=0.05 sys=0.00, real=0.01 secs] 
2014-07-08T20:22:15.736+0000: 1449.383: [GC [PSYoungGen: 107562K->1394K(106304K)] 369911K->263791K(793280K), 0.0116650 secs] [Times: user=0.08 sys=0.00, real=0.01 secs] 
2014-07-08T20:22:16.731+0000: 1450.378: [GC [PSYoungGen: 106288K->1068K(104512K)] 368685K->263803K(791488K), 0.0056160 secs] [Times: user=0.03 sys=0.00, real=0.01 secs] 
2014-07-08T20:22:17.789+0000: 1451.436: [GC [PSYoungGen: 104492K->1426K(103424K)] 367227K->264241K(790400K), 0.0105620 secs] [Times: user=0.08 sys=0.00, real=0.01 secs] 
2014-07-08T20:22:18.597+0000: 1452.244: [GC [PSYoungGen: 103344K->932K(101504K)] 366159K->264027K(788480K), 0.0041640 secs] [Times: user=0.02 sys=0.01, real=0.00 secs] 
2014-07-08T20:22:19.762+0000: 1453.409: [GC [PSYoungGen: 101476K->1502K(100672K)] 364571K->264669K(787648K), 0.0144650 secs] [Times: user=0.11 sys=0.00, real=0.02 secs] 
2014-07-08T20:22:20.697+0000: 1454.344: [GC [PSYoungGen: 100638K->1014K(98816K)] 363805K->264531K(785792K), 0.0118460 secs] [Times: user=0.08 sys=0.00, real=0.01 secs] 
2014-07-08T20:22:21.657+0000: 1455.304: [GC [PSYoungGen: 98806K->1010K(97472K)] 362323K->264575K(784448K), 0.0068990 secs] [Times: user=0.03 sys=0.00, real=0.00 secs] 
2014-07-08T20:22:22.539+0000: 1456.186: [GC [PSYoungGen: 97458K->1458K(96640K)] 361023K->265226K(783616K), 0.0080320 secs] [Times: user=0.05 sys=0.00, real=0.01 secs] 
2014-07-08T20:22:23.570+0000: 1457.217: [GC [PSYoungGen: 96626K->1344K(95296K)] 360394K->265207K(782272K), 0.0068640 secs] [Times: user=0.04 sys=0.01, real=0.01 secs] 
2014-07-08T20:22:24.507+0000: 1458.154: [GC [PSYoungGen: 95232K->886K(93568K)] 359095K->265013K(780544K), 0.0066320 secs] [Times: user=0.03 sys=0.01, real=0.00 secs] 
2014-07-08T20:22:25.376+0000: 1459.023: [GC [PSYoungGen: 93550K->1398K(92864K)] 357677K->265597K(779840K), 0.0120160 secs] [Times: user=0.07 sys=0.00, real=0.01 secs] 
2014-07-08T20:22:26.333+0000: 1459.980: [GC [PSYoungGen: 92854K->1138K(91456K)] 357053K->265457K(778432K), 0.0090020 secs] [Times: user=0.05 sys=0.00, real=0.01 secs] 
2014-07-08T20:22:27.191+0000: 1460.838: [GC [PSYoungGen: 91442K->1220K(90432K)] 355761K->265659K(777408K), 0.0091110 secs] [Times: user=0.07 sys=0.01, real=0.01 secs] 
2014-07-08T20:22:27.938+0000: 1461.585: [GC [PSYoungGen: 90371K->1201K(108224K)] 354810K->265998K(795200K), 0.0107960 secs] [Times: user=0.07 sys=0.00, real=0.01 secs] 
2014-07-08T20:22:28.865+0000: 1462.512: [GC [PSYoungGen: 108209K->1454K(106944K)] 373006K->266314K(793920K), 0.0067050 secs] [Times: user=0.03 sys=0.00, real=0.01 secs] 
2014-07-08T20:22:29.895+0000: 1463.542: [GC [PSYoungGen: 106925K->932K(104960K)] 371785K->266066K(791936K), 0.0045560 secs] [Times: user=0.02 sys=0.00, real=0.01 secs] 
2014-07-08T20:22:30.910+0000: 1464.557: [GC [PSYoungGen: 104932K->1188K(103744K)] 370066K->266378K(790720K), 0.0076370 secs] [Times: user=0.05 sys=0.01, real=0.01 secs] 
2014-07-08T20:22:31.980+0000: 1465.627: [GC [PSYoungGen: 103716K->1170K(102336K)] 368906K->266472K(789312K), 0.0097320 secs] [Times: user=0.06 sys=0.00, real=0.01 secs] 
2014-07-08T20:22:33.132+0000: 1466.779: [GC [PSYoungGen: 102290K->1479K(101248K)] 367592K->266853K(788224K), 0.0121210 secs] [Times: user=0.07 sys=0.00, real=0.01 secs] 
2014-07-08T20:22:34.069+0000: 1467.716: [GC [PSYoungGen: 101190K->754K(99136K)] 366565K->266434K(786112K), 0.0099200 secs] [Times: user=0.07 sys=0.00, real=0.01 secs] 
2014-07-08T20:22:34.954+0000: 1468.601: [GC [PSYoungGen: 99085K->1782K(98816K)] 364765K->267535K(785792K), 0.0062060 secs] [Times: user=0.04 sys=0.01, real=0.01 secs] 
2014-07-08T20:22:35.912+0000: 1469.559: [GC [PSYoungGen: 98795K->1078K(96832K)] 364547K->267046K(783808K), 0.0057080 secs] [Times: user=0.03 sys=0.00, real=0.01 secs] 
2014-07-08T20:22:36.783+0000: 1470.430: [GC [PSYoungGen: 96794K->1387K(95872K)] 362763K->267419K(782848K), 0.0060550 secs] [Times: user=0.03 sys=0.00, real=0.01 secs] 
2014-07-08T20:22:37.790+0000: 1471.437: [GC [PSYoungGen: 95851K->1272K(94528K)] 361883K->267449K(781504K), 0.0068820 secs] [Times: user=0.03 sys=0.01, real=0.01 secs] 
2014-07-08T20:22:38.823+0000: 1472.470: [GC [PSYoungGen: 94520K->1600K(93696K)] 360697K->267848K(780672K), 0.0067200 secs] [Times: user=0.03 sys=0.01, real=0.01 secs] 
2014-07-08T20:22:39.713+0000: 1473.360: [GC [PSYoungGen: 93632K->690K(91584K)] 359880K->267547K(778560K), 0.0091400 secs] [Times: user=0.06 sys=0.01, real=0.01 secs] 
2014-07-08T20:22:40.672+0000: 1474.319: [GC [PSYoungGen: 91570K->1594K(110656K)] 358427K->268515K(797632K), 0.0220550 secs] [Times: user=0.17 sys=0.00, real=0.02 secs] 
2014-07-08T20:22:41.668+0000: 1475.315: [GC [PSYoungGen: 110650K->1202K(118720K)] 377571K->268307K(805696K), 0.0070730 secs] [Times: user=0.03 sys=0.00, real=0.00 secs] 
2014-07-08T20:22:42.771+0000: 1476.418: [GC [PSYoungGen: 118436K->1680K(117184K)] 385541K->268857K(804160K), 0.0041890 secs] [Times: user=0.02 sys=0.00, real=0.00 secs] 
2014-07-08T20:22:43.730+0000: 1477.377: [GC [PSYoungGen: 117136K->306K(114048K)] 384313K->268475K(801024K), 0.0079080 secs] [Times: user=0.05 sys=0.00, real=0.00 secs] 
2014-07-08T20:22:44.786+0000: 1478.433: [GC [PSYoungGen: 114034K->1644K(113664K)] 382203K->269877K(800640K), 0.0068100 secs] [Times: user=0.04 sys=0.00, real=0.01 secs] 
2014-07-08T20:22:46.014+0000: 1479.661: [GC [PSYoungGen: 113644K->1220K(111616K)] 381877K->269939K(798592K), 0.0072330 secs] [Times: user=0.04 sys=0.00, real=0.01 secs] 
2014-07-08T20:22:47.050+0000: 1480.697: [GC [PSYoungGen: 111556K->1252K(110016K)] 380275K->270051K(796992K), 0.0146310 secs] [Times: user=0.09 sys=0.00, real=0.01 secs] 
2014-07-08T20:22:48.132+0000: 1481.779: [GC [PSYoungGen: 109947K->1334K(108480K)] 378746K->270229K(795456K), 0.0067640 secs] [Times: user=0.04 sys=0.00, real=0.01 secs] 
2014-07-08T20:22:49.182+0000: 1482.829: [GC [PSYoungGen: 108470K->1522K(107136K)] 377365K->270481K(794112K), 0.0141930 secs] [Times: user=0.08 sys=0.00, real=0.01 secs] 
2014-07-08T20:22:50.190+0000: 1483.837: [GC [PSYoungGen: 107122K->868K(105024K)] 376081K->270413K(792000K), 0.0093310 secs] [Times: user=0.07 sys=0.00, real=0.01 secs] 
2014-07-08T20:22:51.219+0000: 1484.866: [GC [PSYoungGen: 104996K->1718K(114048K)] 374541K->271304K(801024K), 0.0176230 secs] [Times: user=0.11 sys=0.00, real=0.01 secs] 
2014-07-08T20:22:52.226+0000: 1485.873: [GC [PSYoungGen: 113910K->1448K(126976K)] 383496K->271163K(813952K), 0.0187350 secs] [Times: user=0.13 sys=0.00, real=0.02 secs] 
2014-07-08T20:22:53.516+0000: 1487.163: [GC [PSYoungGen: 126465K->1416K(126912K)] 396180K->271203K(813888K), 0.0132480 secs] [Times: user=0.08 sys=0.00, real=0.02 secs] 
2014-07-08T20:22:54.757+0000: 1488.404: [GC [PSYoungGen: 126472K->1376K(151808K)] 396259K->271268K(838784K), 0.0106840 secs] [Times: user=0.07 sys=0.00, real=0.01 secs] 
2014-07-08T20:22:56.164+0000: 1489.811: [GC [PSYoungGen: 151413K->1572K(151872K)] 421305K->271568K(838848K), 0.0101790 secs] [Times: user=0.07 sys=0.00, real=0.01 secs] 
2014-07-08T20:22:57.641+0000: 1491.288: [GC [PSYoungGen: 151650K->1288K(148672K)] 421646K->271355K(835648K), 0.0136650 secs] [Times: user=0.10 sys=0.00, real=0.01 secs] 
2014-07-08T20:22:58.873+0000: 1492.520: [GC [PSYoungGen: 148616K->1180K(178048K)] 418683K->271304K(865024K), 0.0166660 secs] [Times: user=0.10 sys=0.00, real=0.01 secs] 
2014-07-08T20:23:00.707+0000: 1494.354: [GC [PSYoungGen: 178012K->1092K(174400K)] 448136K->271255K(861376K), 0.0056910 secs] [Times: user=0.02 sys=0.00, real=0.01 secs] 
2014-07-08T20:23:02.405+0000: 1496.052: [GC [PSYoungGen: 174330K->1494K(171328K)] 444494K->271722K(858304K), 0.0067980 secs] [Times: user=0.03 sys=0.00, real=0.01 secs] 
2014-07-08T20:23:03.901+0000: 1497.548: [GC [PSYoungGen: 171286K->1060K(167552K)] 441514K->271455K(854528K), 0.0140080 secs] [Times: user=0.09 sys=0.00, real=0.02 secs] 
2014-07-08T20:23:05.725+0000: 1499.372: [GC [PSYoungGen: 167524K->1334K(164544K)] 437919K->271809K(851520K), 0.0056370 secs] [Times: user=0.03 sys=0.00, real=0.00 secs] 
2014-07-08T20:23:07.281+0000: 1500.928: [GC [PSYoungGen: 164534K->1330K(161408K)] 435009K->271870K(848384K), 0.0134880 secs] [Times: user=0.09 sys=0.00, real=0.02 secs] 
2014-07-08T20:23:08.783+0000: 1502.431: [GC [PSYoungGen: 161394K->1156K(158272K)] 431934K->271759K(845248K), 0.0152250 secs] [Times: user=0.09 sys=0.00, real=0.01 secs] 
2014-07-08T20:23:10.239+0000: 1503.886: [GC [PSYoungGen: 158204K->1078K(155200K)] 428808K->271865K(842176K), 0.0097840 secs] [Times: user=0.06 sys=0.00, real=0.01 secs] 
2014-07-08T20:23:11.739+0000: 1505.386: [GC [PSYoungGen: 155190K->1262K(152512K)] 425977K->272122K(839488K), 0.0075370 secs] [Times: user=0.05 sys=0.00, real=0.01 secs] 
2014-07-08T20:23:13.015+0000: 1506.662: [GC [PSYoungGen: 152494K->1128K(149632K)] 423354K->272219K(836608K), 0.0088880 secs] [Times: user=0.05 sys=0.00, real=0.01 secs] 
2014-07-08T20:23:14.655+0000: 1508.302: [GC [PSYoungGen: 149608K->1494K(147328K)] 420699K->272649K(834304K), 0.0062220 secs] [Times: user=0.03 sys=0.00, real=0.00 secs] 
2014-07-08T20:23:15.911+0000: 1509.558: [GC [PSYoungGen: 147244K->686K(143872K)] 418400K->272404K(830848K), 0.0147730 secs] [Times: user=0.10 sys=0.00, real=0.02 secs] 
2014-07-08T20:23:17.570+0000: 1511.217: [GC [PSYoungGen: 143854K->1698K(142400K)] 415572K->273553K(829376K), 0.0092320 secs] [Times: user=0.06 sys=0.01, real=0.01 secs] 
2014-07-08T20:23:18.770+0000: 1512.417: [GC [PSYoungGen: 142370K->1060K(139328K)] 414225K->273395K(826304K), 0.0062680 secs] [Times: user=0.04 sys=0.00, real=0.01 secs] 
2014-07-08T20:23:19.882+0000: 1513.529: [GC [PSYoungGen: 139300K->1490K(137408K)] 411635K->273930K(824384K), 0.0044530 secs] [Times: user=0.03 sys=0.00, real=0.01 secs] 
2014-07-08T20:23:21.168+0000: 1514.815: [GC [PSYoungGen: 137362K->1120K(134720K)] 409802K->273826K(821696K), 0.0092550 secs] [Times: user=0.06 sys=0.00, real=0.01 secs] 
2014-07-08T20:23:22.594+0000: 1516.241: [GC [PSYoungGen: 134658K->1554K(132928K)] 407364K->274308K(819904K), 0.0079660 secs] [Times: user=0.04 sys=0.01, real=0.00 secs] 
2014-07-08T20:23:23.776+0000: 1517.423: [GC [PSYoungGen: 132882K->872K(130048K)] 405636K->274037K(817024K), 0.0088730 secs] [Times: user=0.05 sys=0.01, real=0.01 secs] 
2014-07-08T20:23:24.896+0000: 1518.543: [GC [PSYoungGen: 130024K->1444K(128512K)] 403189K->274649K(815488K), 0.0085980 secs] [Times: user=0.05 sys=0.00, real=0.01 secs] 
2014-07-08T20:23:26.227+0000: 1519.874: [GC [PSYoungGen: 128484K->1256K(126272K)] 401689K->274703K(813248K), 0.0118360 secs] [Times: user=0.08 sys=0.01, real=0.01 secs] 
2014-07-08T20:23:27.463+0000: 1521.110: [GC [PSYoungGen: 126247K->1760K(124800K)] 399695K->275328K(811776K), 0.0152330 secs] [Times: user=0.11 sys=0.00, real=0.02 secs] 
2014-07-08T20:23:28.768+0000: 1522.415: [GC [PSYoungGen: 124768K->562K(121600K)] 398336K->274784K(808576K), 0.0188000 secs] [Times: user=0.12 sys=0.00, real=0.02 secs] 
2014-07-08T20:23:29.754+0000: 1523.401: [GC [PSYoungGen: 121560K->1602K(120768K)] 395782K->275896K(807744K), 0.0057110 secs] [Times: user=0.03 sys=0.00, real=0.01 secs] 
2014-07-08T20:23:30.822+0000: 1524.469: [GC [PSYoungGen: 120706K->1448K(118720K)] 395000K->276276K(805696K), 0.0054660 secs] [Times: user=0.03 sys=0.01, real=0.01 secs] 
2014-07-08T20:23:31.949+0000: 1525.596: [GC [PSYoungGen: 118696K->1356K(116864K)] 393524K->276264K(803840K), 0.0117220 secs] [Times: user=0.08 sys=0.00, real=0.01 secs] 
2014-07-08T20:23:33.067+0000: 1526.714: [GC [PSYoungGen: 116812K->1014K(114752K)] 391720K->276212K(801728K), 0.0074960 secs] [Times: user=0.03 sys=0.00, real=0.00 secs] 
2014-07-08T20:23:34.463+0000: 1528.110: [GC [PSYoungGen: 114742K->1284K(113344K)] 389940K->276554K(800320K), 0.0147030 secs] [Times: user=0.10 sys=0.00, real=0.02 secs] 
2014-07-08T20:23:35.546+0000: 1529.193: [GC [PSYoungGen: 113284K->1377K(135808K)] 388554K->276719K(822784K), 0.0257670 secs] [Times: user=0.15 sys=0.01, real=0.02 secs] 
2014-07-08T20:23:36.727+0000: 1530.374: [GC [PSYoungGen: 135766K->1458K(162752K)] 411108K->276912K(849728K), 0.0189970 secs] [Times: user=0.13 sys=0.00, real=0.02 secs] 
2014-07-08T20:23:38.335+0000: 1531.982: [GC [PSYoungGen: 162716K->744K(165440K)] 438170K->276688K(852416K), 0.0081860 secs] [Times: user=0.04 sys=0.00, real=0.01 secs] 
2014-07-08T20:23:39.704+0000: 1533.351: [GC [PSYoungGen: 165416K->1416K(166464K)] 441360K->277448K(853440K), 0.0108800 secs] [Times: user=0.07 sys=0.00, real=0.01 secs] 
2014-07-08T20:23:41.527+0000: 1535.174: [GC [PSYoungGen: 166088K->1526K(163008K)] 442120K->277875K(849984K), 0.0108340 secs] [Times: user=0.07 sys=0.00, real=0.01 secs] 
2014-07-08T20:23:43.034+0000: 1536.681: [GC [PSYoungGen: 162998K->1458K(159872K)] 439347K->277919K(846848K), 0.0094180 secs] [Times: user=0.06 sys=0.00, real=0.01 secs] 
2014-07-08T20:23:44.682+0000: 1538.329: [GC [PSYoungGen: 159858K->630K(156032K)] 436319K->277729K(843008K), 0.0113190 secs] [Times: user=0.07 sys=0.00, real=0.01 secs] 
2014-07-08T20:23:45.896+0000: 1539.543: [GC [PSYoungGen: 156022K->1719K(154240K)] 433121K->279010K(841216K), 0.0164970 secs] [Times: user=0.08 sys=0.00, real=0.02 secs] 
2014-07-08T20:23:47.555+0000: 1541.202: [GC [PSYoungGen: 154229K->1138K(150848K)] 431520K->278925K(837824K), 0.0080200 secs] [Times: user=0.05 sys=0.00, real=0.01 secs] 
2014-07-08T20:23:48.672+0000: 1542.319: [GC [PSYoungGen: 150834K->1440K(148480K)] 428621K->279355K(835456K), 0.0079050 secs] [Times: user=0.05 sys=0.00, real=0.01 secs] 
2014-07-08T20:23:50.113+0000: 1543.760: [GC [PSYoungGen: 148448K->1256K(145664K)] 426363K->279323K(832640K), 0.0116750 secs] [Times: user=0.08 sys=0.00, real=0.01 secs] 
2014-07-08T20:23:51.505+0000: 1545.152: [GC [PSYoungGen: 145640K->1334K(143168K)] 423707K->279489K(830144K), 0.0094690 secs] [Times: user=0.06 sys=0.00, real=0.01 secs] 
2014-07-08T20:23:52.634+0000: 1546.281: [GC [PSYoungGen: 143158K->1124K(140480K)] 421313K->279367K(827456K), 0.0152830 secs] [Times: user=0.10 sys=0.00, real=0.02 secs] 
2014-07-08T20:23:53.888+0000: 1547.535: [GC [PSYoungGen: 140452K->1248K(138176K)] 418695K->279523K(825152K), 0.0128140 secs] [Times: user=0.07 sys=0.00, real=0.01 secs] 
2014-07-08T20:23:55.212+0000: 1548.859: [GC [PSYoungGen: 138144K->1330K(135872K)] 416419K->279781K(822848K), 0.0096600 secs] [Times: user=0.07 sys=0.00, real=0.01 secs] 
2014-07-08T20:23:56.503+0000: 1550.151: [GC [PSYoungGen: 135858K->1288K(133568K)] 414309K->279811K(820544K), 0.0079910 secs] [Times: user=0.04 sys=0.00, real=0.01 secs] 
2014-07-08T20:23:57.590+0000: 1551.237: [GC [PSYoungGen: 133512K->1060K(131072K)] 412035K->279679K(818048K), 0.0074000 secs] [Times: user=0.05 sys=0.00, real=0.00 secs] 
2014-07-08T20:23:58.627+0000: 1552.274: [GC [PSYoungGen: 131015K->1124K(128960K)] 409634K->279791K(815936K), 0.0135080 secs] [Times: user=0.08 sys=0.00, real=0.02 secs] 
2014-07-08T20:23:59.831+0000: 1553.478: [GC [PSYoungGen: 128921K->1519K(127232K)] 407588K->280306K(814208K), 0.0053860 secs] [Times: user=0.03 sys=0.00, real=0.00 secs] 
2014-07-08T20:24:00.982+0000: 1554.629: [GC [PSYoungGen: 127202K->1479K(125184K)] 405990K->280363K(812160K), 0.0131370 secs] [Times: user=0.08 sys=0.00, real=0.01 secs] 
2014-07-08T20:24:02.056+0000: 1555.703: [GC [PSYoungGen: 125119K->822K(122496K)] 404002K->280305K(809472K), 0.0107270 secs] [Times: user=0.06 sys=0.00, real=0.01 secs] 
2014-07-08T20:24:03.159+0000: 1556.806: [GC [PSYoungGen: 122476K->1712K(121472K)] 401960K->281276K(808448K), 0.0054140 secs] [Times: user=0.03 sys=0.00, real=0.01 secs] 
2014-07-08T20:24:04.228+0000: 1557.875: [GC [PSYoungGen: 121456K->1205K(119104K)] 401020K->281114K(806080K), 0.0102600 secs] [Times: user=0.07 sys=0.00, real=0.01 secs] 
2014-07-08T20:24:05.393+0000: 1559.040: [GC [PSYoungGen: 119093K->1544K(117696K)] 399002K->281541K(804672K), 0.0123740 secs] [Times: user=0.09 sys=0.00, real=0.01 secs] 
2014-07-08T20:24:06.459+0000: 1560.106: [GC [PSYoungGen: 117640K->1064K(115392K)] 397637K->281277K(802368K), 0.0071530 secs] [Times: user=0.04 sys=0.00, real=0.01 secs] 
2014-07-08T20:24:07.632+0000: 1561.279: [GC [PSYoungGen: 115368K->1398K(113984K)] 395581K->281675K(800960K), 0.0068260 secs] [Times: user=0.04 sys=0.00, real=0.00 secs] 
2014-07-08T20:24:08.594+0000: 1562.241: [GC [PSYoungGen: 113974K->1174K(112128K)] 394251K->281515K(799104K), 0.0066590 secs] [Times: user=0.04 sys=0.00, real=0.01 secs] 
2014-07-08T20:24:09.488+0000: 1563.135: [GC [PSYoungGen: 112086K->1440K(110720K)] 392427K->281877K(797696K), 0.0063070 secs] [Times: user=0.04 sys=0.00, real=0.01 secs] 
2014-07-08T20:24:10.557+0000: 1564.204: [GC [PSYoungGen: 110677K->1064K(108736K)] 391114K->281669K(795712K), 0.0114540 secs] [Times: user=0.06 sys=0.00, real=0.01 secs] 
2014-07-08T20:24:11.563+0000: 1565.210: [GC [PSYoungGen: 108696K->1718K(107840K)] 389301K->282437K(794816K), 0.0059870 secs] [Times: user=0.02 sys=0.01, real=0.00 secs] 
2014-07-08T20:24:12.458+0000: 1566.105: [GC [PSYoungGen: 107829K->932K(105536K)] 388548K->281967K(792512K), 0.0069260 secs] [Times: user=0.05 sys=0.00, real=0.01 secs] 
2014-07-08T20:24:13.435+0000: 1567.082: [GC [PSYoungGen: 105486K->1654K(104768K)] 386521K->282737K(791744K), 0.0172540 secs] [Times: user=0.11 sys=0.00, real=0.02 secs] 
2014-07-08T20:24:14.410+0000: 1568.057: [GC [PSYoungGen: 104758K->1252K(125056K)] 385841K->282415K(812032K), 0.0170790 secs] [Times: user=0.10 sys=0.00, real=0.02 secs] 
2014-07-08T20:24:15.468+0000: 1569.115: [GC [PSYoungGen: 124979K->1558K(150144K)] 406142K->282777K(837120K), 0.0255370 secs] [Times: user=0.16 sys=0.00, real=0.03 secs] 
2014-07-08T20:24:16.860+0000: 1570.507: [GC [PSYoungGen: 150089K->992K(179328K)] 431308K->282549K(866304K), 0.0064630 secs] [Times: user=0.03 sys=0.00, real=0.01 secs] 
2014-07-08T20:24:18.552+0000: 1572.199: [GC [PSYoungGen: 179296K->1622K(182400K)] 460853K->283251K(869376K), 0.0078970 secs] [Times: user=0.05 sys=0.00, real=0.01 secs] 
2014-07-08T20:24:20.400+0000: 1574.047: [GC [PSYoungGen: 182102K->1550K(178368K)] 463731K->283341K(865344K), 0.0073550 secs] [Times: user=0.04 sys=0.00, real=0.01 secs] 
2014-07-08T20:24:22.111+0000: 1575.758: [GC [PSYoungGen: 178318K->1552K(174784K)] 460109K->283399K(861760K), 0.0136160 secs] [Times: user=0.08 sys=0.00, real=0.02 secs] 
2014-07-08T20:24:23.766+0000: 1577.413: [GC [PSYoungGen: 174736K->686K(170432K)] 456583K->283119K(857408K), 0.0128420 secs] [Times: user=0.08 sys=0.00, real=0.01 secs] 
2014-07-08T20:24:25.519+0000: 1579.166: [GC [PSYoungGen: 170374K->1733K(168192K)] 452807K->284238K(855168K), 0.0075420 secs] [Times: user=0.04 sys=0.00, real=0.01 secs] 
2014-07-08T20:24:27.036+0000: 1580.683: [GC [PSYoungGen: 168133K->1390K(164544K)] 450638K->284203K(851520K), 0.0131290 secs] [Times: user=0.09 sys=0.00, real=0.01 secs] 
2014-07-08T20:24:28.676+0000: 1582.323: [GC [PSYoungGen: 164526K->1458K(161472K)] 447339K->284375K(848448K), 0.0043710 secs] [Times: user=0.03 sys=0.00, real=0.00 secs] 
2014-07-08T20:24:30.188+0000: 1583.835: [GC [PSYoungGen: 161458K->1014K(158016K)] 444375K->284061K(844992K), 0.0054140 secs] [Times: user=0.03 sys=0.00, real=0.00 secs] 
2014-07-08T20:24:31.570+0000: 1585.217: [GC [PSYoungGen: 158005K->1074K(155136K)] 441052K->284193K(842112K), 0.0079180 secs] [Times: user=0.05 sys=0.00, real=0.01 secs] 
2014-07-08T20:24:32.788+0000: 1586.435: [GC [PSYoungGen: 155122K->1440K(152640K)] 438241K->284623K(839616K), 0.0074390 secs] [Times: user=0.03 sys=0.00, real=0.01 secs] 
2014-07-08T20:24:34.502+0000: 1588.149: [GC [PSYoungGen: 152608K->1500K(149952K)] 435791K->284739K(836928K), 0.0125290 secs] [Times: user=0.09 sys=0.00, real=0.02 secs] 
2014-07-08T20:24:35.746+0000: 1589.393: [GC [PSYoungGen: 149915K->864K(146624K)] 433155K->284537K(833600K), 0.0064170 secs] [Times: user=0.04 sys=0.01, real=0.00 secs] 
2014-07-08T20:24:37.464+0000: 1591.111: [GC [PSYoungGen: 146592K->1849K(144960K)] 430265K->285610K(831936K), 0.0063940 secs] [Times: user=0.04 sys=0.00, real=0.01 secs] 
2014-07-08T20:24:38.652+0000: 1592.299: [GC [PSYoungGen: 144953K->1014K(141632K)] 428714K->285121K(828608K), 0.0074010 secs] [Times: user=0.06 sys=0.00, real=0.01 secs] 
2014-07-08T20:24:39.899+0000: 1593.546: [GC [PSYoungGen: 141622K->1640K(139840K)] 425729K->285819K(826816K), 0.0101320 secs] [Times: user=0.06 sys=0.01, real=0.01 secs] 
2014-07-08T20:24:41.434+0000: 1595.081: [GC [PSYoungGen: 139812K->1328K(137152K)] 423991K->285627K(824128K), 0.0085200 secs] [Times: user=0.06 sys=0.00, real=0.01 secs] 
2014-07-08T20:24:42.692+0000: 1596.339: [GC [PSYoungGen: 137136K->1316K(134848K)] 421435K->285711K(821824K), 0.0166430 secs] [Times: user=0.12 sys=0.00, real=0.02 secs] 
2014-07-08T20:24:43.966+0000: 1597.613: [GC [PSYoungGen: 134820K->1198K(132480K)] 419215K->285641K(819456K), 0.0057520 secs] [Times: user=0.03 sys=0.00, real=0.01 secs] 
2014-07-08T20:24:45.299+0000: 1598.946: [GC [PSYoungGen: 132462K->1188K(130304K)] 416905K->285719K(817280K), 0.0042840 secs] [Times: user=0.02 sys=0.00, real=0.00 secs] 
2014-07-08T20:24:46.487+0000: 1600.134: [GC [PSYoungGen: 130276K->1444K(128448K)] 414807K->286127K(815424K), 0.0064630 secs] [Times: user=0.04 sys=0.00, real=0.00 secs] 
2014-07-08T20:24:47.623+0000: 1601.270: [GC [PSYoungGen: 128420K->1156K(126144K)] 413103K->285993K(813120K), 0.0130340 secs] [Times: user=0.06 sys=0.00, real=0.01 secs] 
2014-07-08T20:24:48.652+0000: 1602.299: [GC [PSYoungGen: 126066K->1184K(124160K)] 410903K->286045K(811136K), 0.0061450 secs] [Times: user=0.02 sys=0.00, real=0.01 secs] 
2014-07-08T20:24:49.827+0000: 1603.474: [GC [PSYoungGen: 124127K->1460K(122432K)] 408988K->286401K(809408K), 0.0212020 secs] [Times: user=0.12 sys=0.01, real=0.03 secs] 
2014-07-08T20:24:51.030+0000: 1604.677: [GC [PSYoungGen: 122420K->1184K(120256K)] 407361K->286325K(807232K), 0.0059200 secs] [Times: user=0.02 sys=0.00, real=0.00 secs] 
2014-07-08T20:24:52.149+0000: 1605.796: [GC [PSYoungGen: 120224K->1252K(118464K)] 405365K->286491K(805440K), 0.0115640 secs] [Times: user=0.06 sys=0.00, real=0.01 secs] 
2014-07-08T20:24:53.251+0000: 1606.898: [GC [PSYoungGen: 118436K->1256K(116672K)] 403675K->286689K(803648K), 0.0052520 secs] [Times: user=0.04 sys=0.00, real=0.00 secs] 
2014-07-08T20:24:54.255+0000: 1607.902: [GC [PSYoungGen: 116648K->1604K(115328K)] 402081K->287117K(802304K), 0.0147880 secs] [Times: user=0.09 sys=0.00, real=0.02 secs] 
2014-07-08T20:24:55.447+0000: 1609.094: [GC [PSYoungGen: 115268K->694K(112640K)] 400781K->286703K(799616K), 0.0074040 secs] [Times: user=0.05 sys=0.00, real=0.01 secs] 
2014-07-08T20:24:56.537+0000: 1610.184: [GC [PSYoungGen: 112630K->1644K(111936K)] 398639K->287709K(798912K), 0.0115690 secs] [Times: user=0.07 sys=0.00, real=0.02 secs] 
2014-07-08T20:24:57.549+0000: 1611.196: [GC [PSYoungGen: 111916K->1366K(110080K)] 397981K->287789K(797056K), 0.0061610 secs] [Times: user=0.03 sys=0.00, real=0.00 secs] 
2014-07-08T20:24:58.538+0000: 1612.185: [GC [PSYoungGen: 110038K->1042K(108160K)] 396461K->287571K(795136K), 0.0080430 secs] [Times: user=0.04 sys=0.00, real=0.00 secs] 
2014-07-08T20:24:59.492+0000: 1613.139: [GC [PSYoungGen: 108113K->1220K(106816K)] 394642K->287813K(793792K), 0.0068490 secs] [Times: user=0.04 sys=0.00, real=0.01 secs] 
2014-07-08T20:25:00.462+0000: 1614.109: [GC [PSYoungGen: 106756K->1266K(105344K)] 393349K->287931K(792320K), 0.0089230 secs] [Times: user=0.06 sys=0.00, real=0.01 secs] 
2014-07-08T20:25:01.479+0000: 1615.126: [GC [PSYoungGen: 105330K->1196K(103808K)] 391995K->287909K(790784K), 0.0152600 secs] [Times: user=0.07 sys=0.00, real=0.01 secs] 
2014-07-08T20:25:02.387+0000: 1616.034: [GC [PSYoungGen: 103788K->1366K(102592K)] 390501K->288241K(789568K), 0.0080140 secs] [Times: user=0.05 sys=0.00, real=0.01 secs] 
2014-07-08T20:25:03.258+0000: 1616.905: [GC [PSYoungGen: 102550K->996K(100800K)] 389425K->288095K(787776K), 0.0094430 secs] [Times: user=0.06 sys=0.00, real=0.01 secs] 
2014-07-08T20:25:04.175+0000: 1617.822: [GC [PSYoungGen: 100747K->1412K(121216K)] 387846K->288551K(808192K), 0.0115780 secs] [Times: user=0.08 sys=0.00, real=0.01 secs] 
2014-07-08T20:25:05.305+0000: 1618.952: [GC [PSYoungGen: 121156K->1006K(118912K)] 408295K->288503K(805888K), 0.0067030 secs] [Times: user=0.03 sys=0.00, real=0.01 secs] 
2014-07-08T20:25:06.387+0000: 1620.034: [GC [PSYoungGen: 118893K->1714K(117824K)] 406390K->289300K(804800K), 0.0099850 secs] [Times: user=0.07 sys=0.00, real=0.01 secs] 
2014-07-08T20:25:07.431+0000: 1621.078: [GC [PSYoungGen: 117810K->758K(115072K)] 405396K->289136K(802048K), 0.0072530 secs] [Times: user=0.06 sys=0.00, real=0.00 secs] 
2014-07-08T20:25:08.485+0000: 1622.132: [GC [PSYoungGen: 115012K->1694K(114304K)] 403391K->290136K(801280K), 0.0056180 secs] [Times: user=0.03 sys=0.00, real=0.01 secs] 
2014-07-08T20:25:09.444+0000: 1623.091: [GC [PSYoungGen: 114270K->1266K(112192K)] 402712K->290142K(799168K), 0.0101070 secs] [Times: user=0.07 sys=0.01, real=0.01 secs] 
2014-07-08T20:25:10.608+0000: 1624.255: [GC [PSYoungGen: 112178K->1438K(110720K)] 401054K->290378K(797696K), 0.0061540 secs] [Times: user=0.03 sys=0.01, real=0.01 secs] 
2014-07-08T20:25:11.552+0000: 1625.199: [GC [PSYoungGen: 110686K->1276K(108928K)] 399626K->290458K(795904K), 0.0073460 secs] [Times: user=0.05 sys=0.00, real=0.00 secs] 
2014-07-08T20:25:12.599+0000: 1626.246: [GC [PSYoungGen: 108924K->1024K(107136K)] 398106K->290254K(794112K), 0.0052120 secs] [Times: user=0.02 sys=0.00, real=0.01 secs] 
2014-07-08T20:25:13.567+0000: 1627.214: [GC [PSYoungGen: 107136K->1579K(106176K)] 396366K->290961K(793152K), 0.0064850 secs] [Times: user=0.03 sys=0.00, real=0.01 secs] 
2014-07-08T20:25:14.573+0000: 1628.220: [GC [PSYoungGen: 106135K->1861K(105024K)] 395517K->291307K(792000K), 0.0126050 secs] [Times: user=0.07 sys=0.00, real=0.01 secs] 
2014-07-08T20:25:15.483+0000: 1629.130: [GC [PSYoungGen: 104965K->626K(102272K)] 394411K->290384K(789248K), 0.0041560 secs] [Times: user=0.02 sys=0.00, real=0.00 secs] 
2014-07-08T20:25:16.436+0000: 1630.083: [GC [PSYoungGen: 102227K->1486K(101760K)] 391985K->291357K(788736K), 0.0058080 secs] [Times: user=0.03 sys=0.00, real=0.01 secs] 
2014-07-08T20:25:17.317+0000: 1630.964: [GC [PSYoungGen: 101710K->1234K(100160K)] 391581K->291362K(787136K), 0.0042990 secs] [Times: user=0.02 sys=0.00, real=0.01 secs] 
2014-07-08T20:25:18.190+0000: 1631.837: [GC [PSYoungGen: 100114K->1462K(99008K)] 390242K->291750K(785984K), 0.0071660 secs] [Times: user=0.04 sys=0.00, real=0.01 secs] 
2014-07-08T20:25:19.157+0000: 1632.804: [GC [PSYoungGen: 98998K->1138K(97408K)] 389286K->291678K(784384K), 0.0086940 secs] [Times: user=0.05 sys=0.00, real=0.01 secs] 
2014-07-08T20:25:19.911+0000: 1633.558: [GC [PSYoungGen: 97394K->1334K(96320K)] 387934K->292052K(783296K), 0.0084680 secs] [Times: user=0.04 sys=0.00, real=0.00 secs] 
2014-07-08T20:25:20.797+0000: 1634.444: [GC [PSYoungGen: 96310K->1326K(95104K)] 387028K->292204K(782080K), 0.0074490 secs] [Times: user=0.06 sys=0.00, real=0.01 secs] 
2014-07-08T20:25:21.780+0000: 1635.427: [GC [PSYoungGen: 95067K->1619K(94208K)] 385945K->292569K(781184K), 0.0094310 secs] [Times: user=0.06 sys=0.01, real=0.01 secs] 
2014-07-08T20:25:22.639+0000: 1636.286: [GC [PSYoungGen: 94163K->868K(92224K)] 385113K->292380K(779200K), 0.0126930 secs] [Times: user=0.06 sys=0.00, real=0.01 secs] 
2014-07-08T20:25:23.566+0000: 1637.213: [GC [PSYoungGen: 92196K->1736K(91968K)] 383708K->293289K(778944K), 0.0051930 secs] [Times: user=0.02 sys=0.00, real=0.00 secs] 
2014-07-08T20:25:24.421+0000: 1638.068: [GC [PSYoungGen: 91872K->1206K(109440K)] 383424K->293314K(796416K), 0.0213170 secs] [Times: user=0.16 sys=0.00, real=0.03 secs] 
2014-07-08T20:25:25.451+0000: 1639.098: [GC [PSYoungGen: 109405K->1754K(131712K)] 401513K->294000K(818688K), 0.0083770 secs] [Times: user=0.05 sys=0.00, real=0.01 secs] 
2014-07-08T20:25:26.636+0000: 1640.283: [GC [PSYoungGen: 131619K->1141K(157056K)] 423866K->293649K(844032K), 0.0126200 secs] [Times: user=0.08 sys=0.00, real=0.01 secs] 
2014-07-08T20:25:28.097+0000: 1641.744: [GC [PSYoungGen: 157045K->1270K(181632K)] 449553K->293874K(868608K), 0.0104750 secs] [Times: user=0.07 sys=0.00, real=0.01 secs] 
2014-07-08T20:25:29.998+0000: 1643.645: [GC [PSYoungGen: 180854K->1302K(177280K)] 473458K->293994K(864256K), 0.0104990 secs] [Times: user=0.06 sys=0.00, real=0.01 secs] 
2014-07-08T20:25:31.689+0000: 1645.336: [GC [PSYoungGen: 177238K->1450K(173888K)] 469930K->294207K(860864K), 0.0101500 secs] [Times: user=0.07 sys=0.01, real=0.01 secs] 
2014-07-08T20:25:33.680+0000: 1647.327: [GC [PSYoungGen: 173865K->1156K(170240K)] 466621K->293976K(857216K), 0.0117080 secs] [Times: user=0.07 sys=0.00, real=0.01 secs] 
2014-07-08T20:25:35.284+0000: 1648.931: [GC [PSYoungGen: 170155K->1504K(167232K)] 462975K->294396K(854208K), 0.0076380 secs] [Times: user=0.04 sys=0.00, real=0.00 secs] 
2014-07-08T20:25:36.757+0000: 1650.404: [GC [PSYoungGen: 167200K->1266K(163776K)] 460092K->294312K(850752K), 0.0054430 secs] [Times: user=0.02 sys=0.00, real=0.00 secs] 
2014-07-08T20:25:38.589+0000: 1652.236: [GC [PSYoungGen: 163762K->1628K(161024K)] 456808K->294739K(848000K), 0.0073400 secs] [Times: user=0.04 sys=0.01, real=0.01 secs] 
2014-07-08T20:25:39.922+0000: 1653.569: [GC [PSYoungGen: 160988K->950K(157312K)] 454099K->294252K(844288K), 0.0126210 secs] [Times: user=0.09 sys=0.00, real=0.02 secs] 
2014-07-08T20:25:41.690+0000: 1655.337: [GC [PSYoungGen: 157302K->1516K(154944K)] 450604K->294882K(841920K), 0.0087540 secs] [Times: user=0.06 sys=0.00, real=0.01 secs] 
2014-07-08T20:25:42.865+0000: 1656.512: [GC [PSYoungGen: 154924K->1352K(152000K)] 448290K->294790K(838976K), 0.0102250 secs] [Times: user=0.04 sys=0.00, real=0.01 secs] 
2014-07-08T20:25:44.672+0000: 1658.319: [GC [PSYoungGen: 151944K->1224K(149120K)] 445382K->294734K(836096K), 0.0040900 secs] [Times: user=0.02 sys=0.00, real=0.01 secs] 
2014-07-08T20:25:45.917+0000: 1659.564: [GC [PSYoungGen: 149064K->1198K(146368K)] 442574K->294908K(833344K), 0.0061370 secs] [Times: user=0.03 sys=0.00, real=0.00 secs] 
2014-07-08T20:25:47.315+0000: 1660.962: [GC [PSYoungGen: 146350K->1782K(144384K)] 440060K->295556K(831360K), 0.0078250 secs] [Times: user=0.04 sys=0.00, real=0.01 secs] 
2014-07-08T20:25:48.749+0000: 1662.396: [GC [PSYoungGen: 144374K->762K(140864K)] 438148K->295108K(827840K), 0.0038450 secs] [Times: user=0.01 sys=0.00, real=0.00 secs] 
2014-07-08T20:25:50.133+0000: 1663.780: [GC [PSYoungGen: 140858K->1586K(139264K)] 435204K->296005K(826240K), 0.0093660 secs] [Times: user=0.06 sys=0.00, real=0.01 secs] 
2014-07-08T20:25:51.617+0000: 1665.264: [GC [PSYoungGen: 139250K->1120K(136448K)] 433669K->295748K(823424K), 0.0066320 secs] [Times: user=0.04 sys=0.00, real=0.00 secs] 
2014-07-08T20:25:52.988+0000: 1666.635: [GC [PSYoungGen: 136416K->1256K(134272K)] 431044K->295948K(821248K), 0.0063550 secs] [Times: user=0.03 sys=0.00, real=0.00 secs] 
2014-07-08T20:25:54.355+0000: 1668.002: [GC [PSYoungGen: 134248K->1468K(132224K)] 428940K->296313K(819200K), 0.0135900 secs] [Times: user=0.09 sys=0.00, real=0.02 secs] 
2014-07-08T20:25:55.655+0000: 1669.302: [GC [PSYoungGen: 132220K->1330K(129920K)] 427065K->296262K(816896K), 0.0083900 secs] [Times: user=0.03 sys=0.00, real=0.01 secs] 
2014-07-08T20:25:56.927+0000: 1670.574: [GC [PSYoungGen: 129890K->1082K(127552K)] 424823K->296200K(814528K), 0.0040300 secs] [Times: user=0.03 sys=0.00, real=0.00 secs] 
2014-07-08T20:25:58.014+0000: 1671.661: [GC [PSYoungGen: 127546K->1270K(125696K)] 422664K->296468K(812672K), 0.0043430 secs] [Times: user=0.03 sys=0.01, real=0.01 secs] 
2014-07-08T20:25:59.510+0000: 1673.157: [GC [PSYoungGen: 125686K->1270K(123712K)] 420884K->296556K(810688K), 0.0116680 secs] [Times: user=0.08 sys=0.00, real=0.01 secs] 
2014-07-08T20:26:00.812+0000: 1674.459: [GC [PSYoungGen: 123702K->1482K(122048K)] 418988K->296857K(809024K), 0.0127880 secs] [Times: user=0.08 sys=0.01, real=0.01 secs] 
2014-07-08T20:26:01.813+0000: 1675.460: [GC [PSYoungGen: 121994K->932K(119616K)] 417369K->296526K(806592K), 0.0081200 secs] [Times: user=0.04 sys=0.00, real=0.01 secs] 
2014-07-08T20:26:02.822+0000: 1676.469: [GC [PSYoungGen: 119587K->1412K(118272K)] 415182K->297110K(805248K), 0.0083530 secs] [Times: user=0.05 sys=0.00, real=0.01 secs] 
2014-07-08T20:26:03.902+0000: 1677.549: [GC [PSYoungGen: 118212K->1320K(141504K)] 413910K->297099K(828480K), 0.0288990 secs] [Times: user=0.18 sys=0.00, real=0.03 secs] 
2014-07-08T20:26:05.545+0000: 1679.192: [GC [PSYoungGen: 141480K->1522K(169728K)] 437259K->297325K(856704K), 0.0176190 secs] [Times: user=0.09 sys=0.01, real=0.02 secs] 
2014-07-08T20:26:07.183+0000: 1680.831: [GC [PSYoungGen: 169714K->750K(173312K)] 465517K->297035K(860288K), 0.0093360 secs] [Times: user=0.06 sys=0.00, real=0.01 secs] 
2014-07-08T20:26:09.084+0000: 1682.731: [GC [PSYoungGen: 173294K->1544K(170688K)] 469579K->297884K(857664K), 0.0108800 secs] [Times: user=0.07 sys=0.00, real=0.01 secs] 
2014-07-08T20:26:10.783+0000: 1684.430: [GC [PSYoungGen: 170632K->242K(166016K)] 466972K->297717K(852992K), 0.0077320 secs] [Times: user=0.05 sys=0.00, real=0.01 secs] 
2014-07-08T20:26:12.349+0000: 1685.996: [GC [PSYoungGen: 166002K->1644K(164224K)] 463477K->299167K(851200K), 0.0081260 secs] [Times: user=0.05 sys=0.00, real=0.00 secs] 
2014-07-08T20:26:13.896+0000: 1687.543: [GC [PSYoungGen: 164188K->1362K(160832K)] 461711K->299421K(847808K), 0.0066170 secs] [Times: user=0.04 sys=0.00, real=0.01 secs] 
2014-07-08T20:26:15.510+0000: 1689.157: [GC [PSYoungGen: 160786K->1256K(157696K)] 458845K->299411K(844672K), 0.0116500 secs] [Times: user=0.07 sys=0.00, real=0.01 secs] 
2014-07-08T20:26:16.970+0000: 1690.617: [GC [PSYoungGen: 157672K->956K(154432K)] 455827K->299343K(841408K), 0.0110700 secs] [Times: user=0.08 sys=0.00, real=0.02 secs] 
2014-07-08T20:26:18.659+0000: 1692.306: [GC [PSYoungGen: 154428K->1534K(152192K)] 452815K->299969K(839168K), 0.0104290 secs] [Times: user=0.06 sys=0.00, real=0.01 secs] 
2014-07-08T20:26:19.857+0000: 1693.504: [GC [PSYoungGen: 152190K->1120K(149056K)] 450625K->299942K(836032K), 0.0057060 secs] [Times: user=0.03 sys=0.00, real=0.01 secs] 
2014-07-08T20:26:21.349+0000: 1694.996: [GC [PSYoungGen: 149024K->1658K(146880K)] 447846K->300527K(833856K), 0.0094100 secs] [Times: user=0.05 sys=0.00, real=0.01 secs] 
2014-07-08T20:26:22.884+0000: 1696.531: [GC [PSYoungGen: 146874K->811K(143488K)] 445743K->300505K(830464K), 0.0089810 secs] [Times: user=0.05 sys=0.00, real=0.01 secs] 
2014-07-08T20:26:24.194+0000: 1697.841: [GC [PSYoungGen: 143467K->1778K(141952K)] 443161K->301545K(828928K), 0.0120360 secs] [Times: user=0.08 sys=0.00, real=0.01 secs] 
2014-07-08T20:26:25.782+0000: 1699.429: [GC [PSYoungGen: 141938K->1262K(139008K)] 441705K->301341K(825984K), 0.0151260 secs] [Times: user=0.10 sys=0.00, real=0.01 secs] 
2014-07-08T20:26:26.883+0000: 1700.530: [GC [PSYoungGen: 138990K->1888K(137280K)] 439069K->301991K(824256K), 0.0084990 secs] [Times: user=0.03 sys=0.00, real=0.01 secs] 
2014-07-08T20:26:28.215+0000: 1701.862: [GC [PSYoungGen: 137228K->822K(133888K)] 437331K->301368K(820864K), 0.0052740 secs] [Times: user=0.03 sys=0.00, real=0.00 secs] 
2014-07-08T20:26:29.793+0000: 1703.440: [GC [PSYoungGen: 133878K->1284K(132160K)] 434424K->301934K(819136K), 0.0097010 secs] [Times: user=0.07 sys=0.00, real=0.01 secs] 
2014-07-08T20:26:30.795+0000: 1704.442: [GC [PSYoungGen: 132100K->1120K(129792K)] 432750K->301956K(816768K), 0.0129750 secs] [Times: user=0.08 sys=0.00, real=0.01 secs] 
2014-07-08T20:26:32.276+0000: 1705.923: [GC [PSYoungGen: 129721K->1230K(127808K)] 430558K->302123K(814784K), 0.0072400 secs] [Times: user=0.03 sys=0.00, real=0.01 secs] 
2014-07-08T20:26:33.594+0000: 1707.241: [GC [PSYoungGen: 127758K->1366K(125888K)] 428651K->302362K(812864K), 0.0061770 secs] [Times: user=0.03 sys=0.00, real=0.00 secs] 
2014-07-08T20:26:34.896+0000: 1708.543: [GC [PSYoungGen: 125846K->1262K(123776K)] 426842K->302339K(810752K), 0.0186480 secs] [Times: user=0.11 sys=0.00, real=0.02 secs] 
2014-07-08T20:26:35.970+0000: 1709.617: [GC [PSYoungGen: 123745K->1334K(121920K)] 424822K->302646K(808896K), 0.0070670 secs] [Times: user=0.04 sys=0.00, real=0.01 secs] 
2014-07-08T20:26:37.187+0000: 1710.834: [GC [PSYoungGen: 121864K->1316K(120000K)] 423177K->302692K(806976K), 0.0158490 secs] [Times: user=0.10 sys=0.00, real=0.02 secs] 
2014-07-08T20:26:38.634+0000: 1712.281: [GC [PSYoungGen: 119972K->1328K(118144K)] 421348K->302864K(805120K), 0.0101460 secs] [Times: user=0.07 sys=0.00, real=0.01 secs] 
2014-07-08T20:26:39.786+0000: 1713.433: [GC [PSYoungGen: 118128K->1138K(116160K)] 419664K->302770K(803136K), 0.0091230 secs] [Times: user=0.05 sys=0.00, real=0.01 secs] 
2014-07-08T20:26:40.884+0000: 1714.531: [GC [PSYoungGen: 116146K->1274K(114560K)] 417778K->302954K(801536K), 0.0092440 secs] [Times: user=0.05 sys=0.00, real=0.00 secs] 
2014-07-08T20:26:41.893+0000: 1715.540: [GC [PSYoungGen: 114554K->1384K(112960K)] 416234K->303160K(799936K), 0.0140800 secs] [Times: user=0.09 sys=0.00, real=0.02 secs] 
2014-07-08T20:26:42.926+0000: 1716.573: [GC [PSYoungGen: 112935K->1188K(135104K)] 414711K->303141K(822080K), 0.0162710 secs] [Times: user=0.10 sys=0.00, real=0.01 secs] 
2014-07-08T20:26:44.648+0000: 1718.295: [GC [PSYoungGen: 135076K->1334K(132992K)] 437029K->303382K(819968K), 0.0108540 secs] [Times: user=0.07 sys=0.00, real=0.01 secs] 
2014-07-08T20:26:45.956+0000: 1719.603: [GC [PSYoungGen: 132982K->1064K(130560K)] 435030K->303280K(817536K), 0.0081990 secs] [Times: user=0.04 sys=0.00, real=0.01 secs] 
2014-07-08T20:26:47.110+0000: 1720.757: [GC [PSYoungGen: 130522K->1220K(128640K)] 432738K->303508K(815616K), 0.0074330 secs] [Times: user=0.05 sys=0.00, real=0.01 secs] 
2014-07-08T20:26:48.516+0000: 1722.163: [GC [PSYoungGen: 128580K->1142K(126464K)] 430868K->303737K(813440K), 0.0107370 secs] [Times: user=0.07 sys=0.00, real=0.01 secs] 
2014-07-08T20:26:49.867+0000: 1723.514: [GC [PSYoungGen: 126454K->1352K(124672K)] 429049K->304027K(811648K), 0.0174780 secs] [Times: user=0.09 sys=0.00, real=0.01 secs] 
2014-07-08T20:26:50.913+0000: 1724.560: [GC [PSYoungGen: 124616K->960K(122240K)] 427291K->303917K(809216K), 0.0109080 secs] [Times: user=0.06 sys=0.00, real=0.01 secs] 
2014-07-08T20:26:52.062+0000: 1725.709: [GC [PSYoungGen: 122196K->1636K(121024K)] 425153K->304673K(808000K), 0.0102130 secs] [Times: user=0.06 sys=0.00, real=0.01 secs] 
2014-07-08T20:26:53.284+0000: 1726.931: [GC [PSYoungGen: 120996K->864K(118400K)] 424033K->304349K(805376K), 0.0097730 secs] [Times: user=0.02 sys=0.01, real=0.01 secs] 
2014-07-08T20:26:54.563+0000: 1728.210: [GC [PSYoungGen: 118368K->1598K(117312K)] 421853K->305147K(804288K), 0.0115810 secs] [Times: user=0.07 sys=0.00, real=0.01 secs] 
2014-07-08T20:26:55.694+0000: 1729.341: [GC [PSYoungGen: 117310K->1014K(114944K)] 420859K->304991K(801920K), 0.0134360 secs] [Times: user=0.09 sys=0.00, real=0.02 secs] 
2014-07-08T20:26:56.712+0000: 1730.359: [GC [PSYoungGen: 114862K->1455K(138176K)] 418840K->305504K(825152K), 0.0154180 secs] [Times: user=0.09 sys=0.00, real=0.02 secs] 
2014-07-08T20:26:58.112+0000: 1731.759: [GC [PSYoungGen: 138158K->1132K(152640K)] 442207K->305439K(839616K), 0.0104140 secs] [Times: user=0.08 sys=0.00, real=0.01 secs] 
2014-07-08T20:26:59.794+0000: 1733.441: [GC [PSYoungGen: 152620K->1284K(150080K)] 456927K->305671K(837056K), 0.0140570 secs] [Times: user=0.10 sys=0.00, real=0.02 secs] 
2014-07-08T20:27:01.002+0000: 1734.649: [GC [PSYoungGen: 150020K->420K(146496K)] 454407K->305553K(833472K), 0.0113790 secs] [Times: user=0.07 sys=0.01, real=0.01 secs] 
2014-07-08T20:27:02.631+0000: 1736.278: [GC [PSYoungGen: 146468K->1718K(145152K)] 451601K->306907K(832128K), 0.0099260 secs] [Times: user=0.04 sys=0.00, real=0.01 secs] 
2014-07-08T20:27:04.070+0000: 1737.717: [GC [PSYoungGen: 145141K->1334K(150912K)] 450330K->307027K(837888K), 0.0215770 secs] [Times: user=0.14 sys=0.00, real=0.02 secs] 
2014-07-08T20:27:05.619+0000: 1739.266: [GC [PSYoungGen: 150902K->1266K(148160K)] 456595K->307007K(835136K), 0.0060730 secs] [Times: user=0.03 sys=0.00, real=0.00 secs] 
2014-07-08T20:27:06.902+0000: 1740.549: [GC [PSYoungGen: 148115K->750K(145024K)] 453857K->307212K(832000K), 0.0068840 secs] [Times: user=0.05 sys=0.00, real=0.01 secs] 
2014-07-08T20:27:08.285+0000: 1741.932: [GC [PSYoungGen: 145005K->1302K(143040K)] 451466K->307819K(830016K), 0.0102670 secs] [Times: user=0.04 sys=0.01, real=0.01 secs] 
2014-07-08T20:27:09.793+0000: 1743.440: [GC [PSYoungGen: 142998K->1124K(140352K)] 449515K->307835K(827328K), 0.0036920 secs] [Times: user=0.02 sys=0.00, real=0.00 secs] 
2014-07-08T20:27:11.097+0000: 1744.744: [GC [PSYoungGen: 140295K->1320K(138112K)] 447007K->308103K(825088K), 0.0100440 secs] [Times: user=0.06 sys=0.00, real=0.01 secs] 
2014-07-08T20:27:12.706+0000: 1746.353: [GC [PSYoungGen: 138087K->1394K(135808K)] 444871K->308297K(822784K), 0.0109060 secs] [Times: user=0.07 sys=0.00, real=0.01 secs] 
2014-07-08T20:27:14.007+0000: 1747.654: [GC [PSYoungGen: 135794K->1420K(133632K)] 442697K->308419K(820608K), 0.0068620 secs] [Times: user=0.04 sys=0.00, real=0.01 secs] 
2014-07-08T20:27:15.298+0000: 1748.945: [GC [PSYoungGen: 133580K->882K(130880K)] 440579K->308131K(817856K), 0.0084210 secs] [Times: user=0.05 sys=0.00, real=0.01 secs] 
2014-07-08T20:27:16.595+0000: 1750.242: [GC [PSYoungGen: 130816K->1458K(129280K)] 438065K->308804K(816256K), 0.0073420 secs] [Times: user=0.05 sys=0.00, real=0.01 secs] 
2014-07-08T20:27:17.903+0000: 1751.550: [GC [PSYoungGen: 129261K->1406K(127104K)] 436607K->308897K(814080K), 0.0066090 secs] [Times: user=0.04 sys=0.00, real=0.01 secs] 
2014-07-08T20:27:18.871+0000: 1752.518: [GC [PSYoungGen: 127102K->1266K(124928K)] 434593K->308861K(811904K), 0.0102690 secs] [Times: user=0.07 sys=0.00, real=0.01 secs] 
2014-07-08T20:27:20.195+0000: 1753.842: [GC [PSYoungGen: 124897K->1078K(122752K)] 432493K->308857K(809728K), 0.0114200 secs] [Times: user=0.08 sys=0.00, real=0.01 secs] 
2014-07-08T20:27:21.593+0000: 1755.240: [GC [PSYoungGen: 122693K->1501K(121280K)] 430473K->309352K(808256K), 0.0108560 secs] [Times: user=0.07 sys=0.00, real=0.01 secs] 
2014-07-08T20:27:22.741+0000: 1756.388: [GC [PSYoungGen: 121227K->996K(118912K)] 429079K->309015K(805888K), 0.0096150 secs] [Times: user=0.06 sys=0.01, real=0.01 secs] 
2014-07-08T20:27:23.865+0000: 1757.513: [GC [PSYoungGen: 118884K->1384K(142848K)] 426903K->309491K(829824K), 0.0207290 secs] [Times: user=0.15 sys=0.01, real=0.02 secs] 
2014-07-08T20:27:25.240+0000: 1758.887: [GC [PSYoungGen: 142387K->1469K(140096K)] 450495K->309665K(827072K), 0.0089300 secs] [Times: user=0.06 sys=0.00, real=0.00 secs] 
2014-07-08T20:27:26.694+0000: 1760.341: [GC [PSYoungGen: 140080K->1306K(137600K)] 448276K->309589K(824576K), 0.0130790 secs] [Times: user=0.10 sys=0.00, real=0.01 secs] 
2014-07-08T20:27:27.896+0000: 1761.543: [GC [PSYoungGen: 137529K->804K(134784K)] 445813K->309437K(821760K), 0.0107560 secs] [Times: user=0.07 sys=0.00, real=0.01 secs] 
2014-07-08T20:27:29.357+0000: 1763.004: [GC [PSYoungGen: 134756K->1316K(133056K)] 443389K->310037K(820032K), 0.0097830 secs] [Times: user=0.06 sys=0.00, real=0.01 secs] 
2014-07-08T20:27:30.715+0000: 1764.362: [GC [PSYoungGen: 133028K->1319K(130880K)] 441749K->310478K(817856K), 0.0181350 secs] [Times: user=0.11 sys=0.00, real=0.02 secs] 
2014-07-08T20:27:31.918+0000: 1765.565: [GC [PSYoungGen: 130855K->1564K(129024K)] 440014K->310820K(816000K), 0.0079160 secs] [Times: user=0.05 sys=0.00, real=0.01 secs] 
2014-07-08T20:27:33.120+0000: 1766.767: [GC [PSYoungGen: 128943K->804K(126208K)] 438199K->310395K(813184K), 0.0092810 secs] [Times: user=0.05 sys=0.00, real=0.01 secs] 
2014-07-08T20:27:34.360+0000: 1768.007: [GC [PSYoungGen: 126180K->1712K(139456K)] 435771K->311426K(826432K), 0.0190300 secs] [Times: user=0.13 sys=0.00, real=0.02 secs] 
2014-07-08T20:27:35.772+0000: 1769.419: [GC [PSYoungGen: 139312K->1288K(136576K)] 449026K->311264K(823552K), 0.0046430 secs] [Times: user=0.02 sys=0.00, real=0.01 secs] 
2014-07-08T20:27:37.033+0000: 1770.680: [GC [PSYoungGen: 136520K->1312K(134272K)] 446496K->311384K(821248K), 0.0050670 secs] [Times: user=0.03 sys=0.00, real=0.00 secs] 
2014-07-08T20:27:38.426+0000: 1772.073: [GC [PSYoungGen: 134223K->1206K(131904K)] 444295K->311740K(818880K), 0.0096810 secs] [Times: user=0.06 sys=0.00, real=0.01 secs] 
2014-07-08T20:27:39.761+0000: 1773.408: [GC [PSYoungGen: 131894K->1330K(129856K)] 442428K->311920K(816832K), 0.0119520 secs] [Times: user=0.08 sys=0.00, real=0.02 secs] 
2014-07-08T20:27:40.861+0000: 1774.508: [GC [PSYoungGen: 129840K->1337K(127744K)] 440430K->312079K(814720K), 0.0051970 secs] [Times: user=0.03 sys=0.00, real=0.01 secs] 
2014-07-08T20:27:42.023+0000: 1775.670: [GC [PSYoungGen: 127737K->1302K(125696K)] 438479K->312124K(812672K), 0.0088200 secs] [Times: user=0.05 sys=0.00, real=0.01 secs] 
2014-07-08T20:27:43.309+0000: 1776.956: [GC [PSYoungGen: 125654K->1184K(123584K)] 436476K->312270K(810560K), 0.0082520 secs] [Times: user=0.05 sys=0.00, real=0.01 secs] 
2014-07-08T20:27:44.696+0000: 1778.343: [GC [PSYoungGen: 123552K->1558K(122048K)] 434638K->312724K(809024K), 0.0052420 secs] [Times: user=0.02 sys=0.00, real=0.00 secs] 
2014-07-08T20:27:45.911+0000: 1779.558: [GC [PSYoungGen: 122006K->954K(119552K)] 433172K->312458K(806528K), 0.0035030 secs] [Times: user=0.02 sys=0.00, real=0.01 secs] 
2014-07-08T20:27:46.953+0000: 1780.601: [GC [PSYoungGen: 119546K->1444K(118208K)] 431050K->313004K(805184K), 0.0156080 secs] [Times: user=0.10 sys=0.01, real=0.02 secs] 
2014-07-08T20:27:48.037+0000: 1781.684: [GC [PSYoungGen: 118180K->1262K(116224K)] 429740K->312992K(803200K), 0.0094350 secs] [Times: user=0.06 sys=0.00, real=0.01 secs] 
2014-07-08T20:27:49.117+0000: 1782.764: [GC [PSYoungGen: 116206K->1522K(114752K)] 427936K->313356K(801728K), 0.0096800 secs] [Times: user=0.05 sys=0.00, real=0.01 secs] 
2014-07-08T20:27:50.174+0000: 1783.821: [GC [PSYoungGen: 114690K->822K(112384K)] 426525K->313156K(799360K), 0.0072860 secs] [Times: user=0.03 sys=0.01, real=0.00 secs] 
2014-07-08T20:27:51.357+0000: 1785.004: [GC [PSYoungGen: 112372K->1434K(111360K)] 424707K->313840K(798336K), 0.0117280 secs] [Times: user=0.08 sys=0.01, real=0.01 secs] 
2014-07-08T20:27:52.480+0000: 1786.127: [GC [PSYoungGen: 111322K->1298K(109632K)] 423728K->313932K(796608K), 0.0134180 secs] [Times: user=0.09 sys=0.00, real=0.01 secs] 
2014-07-08T20:27:53.550+0000: 1787.197: [GC [PSYoungGen: 109586K->1256K(107968K)] 422220K->313962K(794944K), 0.0098270 secs] [Times: user=0.06 sys=0.00, real=0.01 secs] 
2014-07-08T20:27:54.722+0000: 1788.369: [GC [PSYoungGen: 107944K->868K(106048K)] 420650K->313888K(793024K), 0.0070190 secs] [Times: user=0.04 sys=0.00, real=0.01 secs] 
2014-07-08T20:27:55.756+0000: 1789.403: [GC [PSYoungGen: 106020K->1388K(105088K)] 419040K->314472K(792064K), 0.0110240 secs] [Times: user=0.08 sys=0.00, real=0.01 secs] 
2014-07-08T20:27:56.683+0000: 1790.330: [GC [PSYoungGen: 105042K->1192K(125632K)] 418126K->314526K(812608K), 0.0128680 secs] [Times: user=0.09 sys=0.00, real=0.02 secs] 
2014-07-08T20:27:57.792+0000: 1791.439: [GC [PSYoungGen: 125608K->1576K(142080K)] 438942K->314982K(829056K), 0.0248380 secs] [Times: user=0.18 sys=0.00, real=0.03 secs] 
2014-07-08T20:27:59.462+0000: 1793.109: [GC [PSYoungGen: 141927K->1302K(151040K)] 455333K->314780K(838016K), 0.0140440 secs] [Times: user=0.09 sys=0.00, real=0.02 secs] 
2014-07-08T20:28:00.903+0000: 1794.550: [GC [PSYoungGen: 150614K->1224K(151040K)] 464092K->314758K(838016K), 0.0149770 secs] [Times: user=0.08 sys=0.00, real=0.02 secs] 
2014-07-08T20:28:02.137+0000: 1795.784: [GC [PSYoungGen: 150536K->1184K(180928K)] 464070K->314790K(867904K), 0.0110490 secs] [Times: user=0.06 sys=0.00, real=0.01 secs] 
2014-07-08T20:28:03.940+0000: 1797.587: [GC [PSYoungGen: 180383K->1458K(177024K)] 493989K->315160K(864000K), 0.0092830 secs] [Times: user=0.05 sys=0.00, real=0.01 secs] 
2014-07-08T20:28:05.881+0000: 1799.528: [GC [PSYoungGen: 176985K->295K(172352K)] 490687K->315131K(859328K), 0.0100630 secs] [Times: user=0.06 sys=0.00, real=0.01 secs] 
2014-07-08T20:28:07.587+0000: 1801.234: [GC [PSYoungGen: 172327K->1712K(170368K)] 487163K->316676K(857344K), 0.0184090 secs] [Times: user=0.13 sys=0.00, real=0.02 secs] 
2014-07-08T20:28:09.101+0000: 1802.748: [GC [PSYoungGen: 170326K->1444K(166784K)] 485290K->317000K(853760K), 0.0077580 secs] [Times: user=0.05 sys=0.00, real=0.01 secs] 
2014-07-08T20:28:10.855+0000: 1804.502: [GC [PSYoungGen: 166756K->1356K(163520K)] 482312K->317042K(850496K), 0.0082990 secs] [Times: user=0.05 sys=0.00, real=0.01 secs] 
2014-07-08T20:28:12.434+0000: 1806.081: [GC [PSYoungGen: 163451K->1270K(160320K)] 479137K->317084K(847296K), 0.0106580 secs] [Times: user=0.07 sys=0.00, real=0.01 secs] 
2014-07-08T20:28:13.978+0000: 1807.625: [GC [PSYoungGen: 160281K->1078K(157120K)] 476095K->316916K(844096K), 0.0062160 secs] [Times: user=0.03 sys=0.00, real=0.00 secs] 
2014-07-08T20:28:15.656+0000: 1809.303: [GC [PSYoungGen: 157110K->1480K(154688K)] 472948K->317430K(841664K), 0.0106090 secs] [Times: user=0.08 sys=0.00, real=0.01 secs] 
2014-07-08T20:28:17.041+0000: 1810.688: [GC [PSYoungGen: 154632K->1508K(151872K)] 470582K->317530K(838848K), 0.0158110 secs] [Times: user=0.10 sys=0.00, real=0.01 secs] 
2014-07-08T20:28:18.624+0000: 1812.271: [GC [PSYoungGen: 151844K->932K(148544K)] 467866K->317412K(835520K), 0.0084480 secs] [Times: user=0.05 sys=0.01, real=0.01 secs] 
2014-07-08T20:28:20.077+0000: 1813.724: [GC [PSYoungGen: 148513K->1702K(146688K)] 464993K->318254K(833664K), 0.0109700 secs] [Times: user=0.07 sys=0.01, real=0.01 secs] 
2014-07-08T20:28:21.520+0000: 1815.167: [GC [PSYoungGen: 146662K->1206K(143616K)] 463214K->318092K(830592K), 0.0097320 secs] [Times: user=0.05 sys=0.00, real=0.01 secs] 
2014-07-08T20:28:22.828+0000: 1816.475: [GC [PSYoungGen: 143570K->1333K(141248K)] 460456K->318267K(828224K), 0.0063390 secs] [Times: user=0.03 sys=0.00, real=0.01 secs] 
2014-07-08T20:28:24.140+0000: 1817.787: [GC [PSYoungGen: 141237K->1323K(138816K)] 458171K->318517K(825792K), 0.0151600 secs] [Times: user=0.09 sys=0.00, real=0.01 secs] 
2014-07-08T20:28:25.777+0000: 1819.424: [GC [PSYoungGen: 138795K->1760K(136896K)] 455989K->319034K(823872K), 0.0041440 secs] [Times: user=0.02 sys=0.00, real=0.01 secs] 
2014-07-08T20:28:27.037+0000: 1820.684: [GC [PSYoungGen: 136864K->744K(133568K)] 454138K->318778K(820544K), 0.0106080 secs] [Times: user=0.07 sys=0.01, real=0.01 secs] 
2014-07-08T20:28:28.329+0000: 1821.976: [GC [PSYoungGen: 133544K->1616K(132224K)] 451578K->319731K(819200K), 0.0089960 secs] [Times: user=0.05 sys=0.00, real=0.01 secs] 
2014-07-08T20:28:29.732+0000: 1823.380: [GC [PSYoungGen: 132176K->1458K(129856K)] 450291K->319897K(816832K), 0.0112230 secs] [Times: user=0.08 sys=0.00, real=0.01 secs] 
2014-07-08T20:28:30.953+0000: 1824.600: [GC [PSYoungGen: 129842K->1504K(127808K)] 448281K->319999K(814784K), 0.0038940 secs] [Times: user=0.02 sys=0.00, real=0.00 secs] 
2014-07-08T20:28:32.065+0000: 1825.712: [GC [PSYoungGen: 127776K->996K(125248K)] 446271K->319706K(812224K), 0.0088040 secs] [Times: user=0.06 sys=0.00, real=0.01 secs] 
2014-07-08T20:28:33.585+0000: 1827.233: [GC [PSYoungGen: 125220K->1412K(123712K)] 443930K->320203K(810688K), 0.0113780 secs] [Times: user=0.07 sys=0.00, real=0.01 secs] 
2014-07-08T20:28:34.821+0000: 1828.468: [GC [PSYoungGen: 123651K->1520K(121856K)] 442442K->320399K(808832K), 0.0116710 secs] [Times: user=0.08 sys=0.00, real=0.02 secs] 
2014-07-08T20:28:35.948+0000: 1829.595: [GC [PSYoungGen: 121840K->1408K(119872K)] 440719K->320334K(806848K), 0.0113170 secs] [Times: user=0.07 sys=0.00, real=0.01 secs] 
2014-07-08T20:28:36.967+0000: 1830.614: [GC [PSYoungGen: 119824K->950K(117568K)] 438751K->320251K(804544K), 0.0114790 secs] [Times: user=0.07 sys=0.00, real=0.01 secs] 
2014-07-08T20:28:38.120+0000: 1831.767: [GC [PSYoungGen: 117558K->1344K(116160K)] 436859K->320724K(803136K), 0.0064060 secs] [Times: user=0.04 sys=0.00, real=0.01 secs] 
2014-07-08T20:28:39.368+0000: 1833.015: [GC [PSYoungGen: 116160K->1184K(114304K)] 435540K->320676K(801280K), 0.0067320 secs] [Times: user=0.03 sys=0.00, real=0.01 secs] 
2014-07-08T20:28:40.706+0000: 1834.353: [GC [PSYoungGen: 114272K->1388K(112832K)] 433764K->320945K(799808K), 0.0062310 secs] [Times: user=0.04 sys=0.01, real=0.01 secs] 
2014-07-08T20:28:41.748+0000: 1835.395: [GC [PSYoungGen: 112795K->1149K(110912K)] 432352K->320996K(797888K), 0.0141230 secs] [Times: user=0.09 sys=0.00, real=0.02 secs] 
2014-07-08T20:28:42.736+0000: 1836.383: [GC [PSYoungGen: 110909K->1412K(109632K)] 430756K->321331K(796608K), 0.0092700 secs] [Times: user=0.06 sys=0.00, real=0.01 secs] 
2014-07-08T20:28:43.927+0000: 1837.574: [GC [PSYoungGen: 109572K->996K(107648K)] 429491K->321449K(794624K), 0.0093240 secs] [Times: user=0.07 sys=0.00, real=0.01 secs] 
2014-07-08T20:28:44.941+0000: 1838.588: [GC [PSYoungGen: 107620K->1458K(129472K)] 428073K->321983K(816448K), 0.0159780 secs] [Times: user=0.10 sys=0.00, real=0.02 secs] 
2014-07-08T20:28:46.160+0000: 1839.807: [GC [PSYoungGen: 129458K->1120K(127040K)] 449983K->322075K(814016K), 0.0066150 secs] [Times: user=0.03 sys=0.01, real=0.01 secs] 
2014-07-08T20:28:47.465+0000: 1841.112: [GC [PSYoungGen: 127008K->1238K(125120K)] 447963K->322265K(812096K), 0.0077140 secs] [Times: user=0.04 sys=0.00, real=0.01 secs] 
2014-07-08T20:28:48.706+0000: 1842.353: [GC [PSYoungGen: 125078K->1210K(123072K)] 446105K->322365K(810048K), 0.0149760 secs] [Times: user=0.09 sys=0.00, real=0.01 secs] 
2014-07-08T20:28:49.939+0000: 1843.586: [GC [PSYoungGen: 123066K->1170K(121152K)] 444221K->322429K(808128K), 0.0054300 secs] [Times: user=0.03 sys=0.00, real=0.01 secs] 
2014-07-08T20:28:51.034+0000: 1844.681: [GC [PSYoungGen: 121106K->1138K(119232K)] 442365K->322461K(806208K), 0.0064370 secs] [Times: user=0.03 sys=0.00, real=0.00 secs] 
2014-07-08T20:28:52.143+0000: 1845.790: [GC [PSYoungGen: 119122K->1437K(117760K)] 440446K->322832K(804736K), 0.0114670 secs] [Times: user=0.08 sys=0.00, real=0.02 secs] 
2014-07-08T20:28:53.463+0000: 1847.110: [GC [PSYoungGen: 117725K->1017K(115520K)] 439120K->322998K(802496K), 0.0083930 secs] [Times: user=0.05 sys=0.00, real=0.01 secs] 
2014-07-08T20:28:54.763+0000: 1848.410: [GC [PSYoungGen: 115513K->1618K(114432K)] 437494K->323664K(801408K), 0.0084870 secs] [Times: user=0.05 sys=0.00, real=0.01 secs] 
2014-07-08T20:28:55.850+0000: 1849.497: [GC [PSYoungGen: 114386K->942K(112064K)] 436432K->323580K(799040K), 0.0061280 secs] [Times: user=0.03 sys=0.00, real=0.01 secs] 
2014-07-08T20:28:56.928+0000: 1850.575: [GC [PSYoungGen: 112046K->1788K(111232K)] 434684K->324506K(798208K), 0.0076330 secs] [Times: user=0.05 sys=0.00, real=0.01 secs] 
2014-07-08T20:28:57.938+0000: 1851.585: [GC [PSYoungGen: 111228K->1000K(108864K)] 433946K->324400K(795840K), 0.0080860 secs] [Times: user=0.05 sys=0.00, real=0.01 secs] 
2014-07-08T20:28:58.826+0000: 1852.473: [GC [PSYoungGen: 108840K->1480K(107840K)] 432240K->324960K(794816K), 0.0071770 secs] [Times: user=0.03 sys=0.00, real=0.00 secs] 
2014-07-08T20:29:00.054+0000: 1853.701: [GC [PSYoungGen: 107754K->1284K(106112K)] 431234K->325058K(793088K), 0.0095660 secs] [Times: user=0.07 sys=0.00, real=0.01 secs] 
2014-07-08T20:29:01.152+0000: 1854.799: [GC [PSYoungGen: 105982K->1572K(104896K)] 429756K->325434K(791872K), 0.0143910 secs] [Times: user=0.09 sys=0.00, real=0.02 secs] 
2014-07-08T20:29:02.258+0000: 1855.905: [GC [PSYoungGen: 104868K->932K(124928K)] 428730K->325026K(811904K), 0.0166550 secs] [Times: user=0.12 sys=0.00, real=0.02 secs] 
2014-07-08T20:29:03.508+0000: 1857.155: [GC [PSYoungGen: 124850K->1900K(123904K)] 448945K->326099K(810880K), 0.0108530 secs] [Times: user=0.07 sys=0.00, real=0.01 secs] 
2014-07-08T20:29:04.798+0000: 1858.445: [GC [PSYoungGen: 123884K->1010K(121088K)] 448083K->325320K(808064K), 0.0117700 secs] [Times: user=0.07 sys=0.00, real=0.01 secs] 
2014-07-08T20:29:05.921+0000: 1859.568: [GC [PSYoungGen: 121074K->1400K(119616K)] 445384K->325783K(806592K), 0.0123850 secs] [Times: user=0.07 sys=0.00, real=0.01 secs] 
2014-07-08T20:29:06.929+0000: 1860.576: [GC [PSYoungGen: 119608K->1234K(117632K)] 443991K->325720K(804608K), 0.0098780 secs] [Times: user=0.07 sys=0.00, real=0.01 secs] 
2014-07-08T20:29:08.245+0000: 1861.892: [GC [PSYoungGen: 117586K->1326K(115904K)] 442072K->325908K(802880K), 0.0129570 secs] [Times: user=0.09 sys=0.00, real=0.02 secs] 
2014-07-08T20:29:09.408+0000: 1863.055: [GC [PSYoungGen: 115886K->1288K(114176K)] 440468K->325926K(801152K), 0.0072200 secs] [Times: user=0.03 sys=0.00, real=0.00 secs] 
2014-07-08T20:29:10.648+0000: 1864.295: [GC [PSYoungGen: 114120K->1420K(112640K)] 438758K->326138K(799616K), 0.0106050 secs] [Times: user=0.07 sys=0.00, real=0.01 secs] 
2014-07-08T20:29:11.830+0000: 1865.477: [GC [PSYoungGen: 112588K->1192K(110720K)] 437306K->326086K(797696K), 0.0146050 secs] [Times: user=0.11 sys=0.00, real=0.01 secs] 
2014-07-08T20:29:12.913+0000: 1866.560: [GC [PSYoungGen: 110694K->1440K(109376K)] 435588K->326382K(796352K), 0.0114940 secs] [Times: user=0.07 sys=0.00, real=0.01 secs] 
2014-07-08T20:29:13.861+0000: 1867.508: [GC [PSYoungGen: 109303K->1078K(107456K)] 434245K->326272K(794432K), 0.0062190 secs] [Times: user=0.04 sys=0.00, real=0.01 secs] 
2014-07-08T20:29:15.117+0000: 1868.764: [GC [PSYoungGen: 107356K->1305K(106176K)] 432551K->326587K(793152K), 0.0074330 secs] [Times: user=0.03 sys=0.00, real=0.00 secs] 
2014-07-08T20:29:16.062+0000: 1869.709: [GC [PSYoungGen: 106137K->1210K(104576K)] 431419K->326764K(791552K), 0.0076110 secs] [Times: user=0.04 sys=0.00, real=0.01 secs] 
2014-07-08T20:29:17.273+0000: 1870.920: [GC [PSYoungGen: 104570K->1450K(103360K)] 430124K->327077K(790336K), 0.0110400 secs] [Times: user=0.08 sys=0.00, real=0.01 secs] 
2014-07-08T20:29:18.065+0000: 1871.712: [GC [PSYoungGen: 103338K->932K(101440K)] 428965K->327189K(788416K), 0.0111940 secs] [Times: user=0.08 sys=0.00, real=0.01 secs] 
2014-07-08T20:29:19.074+0000: 1872.721: [GC [PSYoungGen: 101412K->1754K(100864K)] 427669K->328059K(787840K), 0.0068890 secs] [Times: user=0.03 sys=0.00, real=0.01 secs] 
2014-07-08T20:29:20.153+0000: 1873.800: [GC [PSYoungGen: 100788K->872K(98624K)] 427092K->327785K(785600K), 0.0129140 secs] [Times: user=0.09 sys=0.00, real=0.01 secs] 
2014-07-08T20:29:21.092+0000: 1874.739: [GC [PSYoungGen: 98600K->1430K(97920K)] 425513K->328431K(784896K), 0.0072690 secs] [Times: user=0.04 sys=0.00, real=0.01 secs] 
2014-07-08T20:29:22.080+0000: 1875.727: [GC [PSYoungGen: 97878K->1402K(96576K)] 424879K->328651K(783552K), 0.0065240 secs] [Times: user=0.04 sys=0.00, real=0.00 secs] 
2014-07-08T20:29:23.005+0000: 1876.652: [GC [PSYoungGen: 96570K->1518K(95424K)] 423819K->328881K(782400K), 0.0103010 secs] [Times: user=0.05 sys=0.00, real=0.01 secs] 
2014-07-08T20:29:23.922+0000: 1877.569: [GC [PSYoungGen: 95406K->804K(93504K)] 422769K->328449K(780480K), 0.0084190 secs] [Times: user=0.05 sys=0.00, real=0.01 secs] 
2014-07-08T20:29:24.845+0000: 1878.492: [GC [PSYoungGen: 93476K->1616K(93120K)] 421121K->329341K(780096K), 0.0109460 secs] [Times: user=0.07 sys=0.00, real=0.01 secs] 
2014-07-08T20:29:25.882+0000: 1879.529: [GC [PSYoungGen: 93072K->1264K(111040K)] 420797K->329181K(798016K), 0.0174790 secs] [Times: user=0.12 sys=0.00, real=0.02 secs] 
2014-07-08T20:29:26.812+0000: 1880.459: [GC [PSYoungGen: 111007K->1456K(109632K)] 438924K->329437K(796608K), 0.0052290 secs] [Times: user=0.03 sys=0.00, real=0.00 secs] 
2014-07-08T20:29:28.057+0000: 1881.704: [GC [PSYoungGen: 109604K->1014K(107648K)] 437585K->329359K(794624K), 0.0077640 secs] [Times: user=0.04 sys=0.00, real=0.01 secs] 
2014-07-08T20:29:28.972+0000: 1882.619: [GC [PSYoungGen: 107598K->1312K(106432K)] 435944K->329745K(793408K), 0.0068930 secs] [Times: user=0.04 sys=0.00, real=0.00 secs] 
2014-07-08T20:29:30.088+0000: 1883.735: [GC [PSYoungGen: 106400K->1248K(104896K)] 434833K->329843K(791872K), 0.0100020 secs] [Times: user=0.07 sys=0.00, real=0.01 secs] 
2014-07-08T20:29:31.132+0000: 1884.779: [GC [PSYoungGen: 104864K->1362K(125760K)] 433459K->330045K(812736K), 0.0198970 secs] [Times: user=0.15 sys=0.00, real=0.02 secs] 
2014-07-08T20:29:32.455+0000: 1886.103: [GC [PSYoungGen: 125694K->942K(123328K)] 454377K->330222K(810304K), 0.0065780 secs] [Times: user=0.03 sys=0.01, real=0.01 secs] 
2014-07-08T20:29:33.706+0000: 1887.353: [GC [PSYoungGen: 123310K->1362K(121856K)] 452590K->330713K(808832K), 0.0115430 secs] [Times: user=0.07 sys=0.00, real=0.01 secs] 
2014-07-08T20:29:34.768+0000: 1888.415: [GC [PSYoungGen: 121810K->1110K(119744K)] 451161K->330720K(806720K), 0.0104740 secs] [Times: user=0.07 sys=0.00, real=0.01 secs] 
2014-07-08T20:29:35.849+0000: 1889.496: [GC [PSYoungGen: 119702K->1270K(118016K)] 449312K->330976K(804992K), 0.0122710 secs] [Times: user=0.08 sys=0.00, real=0.02 secs] 
2014-07-08T20:29:36.886+0000: 1890.533: [GC [PSYoungGen: 118006K->1198K(116160K)] 447712K->331242K(803136K), 0.0106720 secs] [Times: user=0.07 sys=0.00, real=0.01 secs] 
2014-07-08T20:29:37.978+0000: 1891.625: [GC [PSYoungGen: 116142K->1330K(114560K)] 446186K->331461K(801536K), 0.0099020 secs] [Times: user=0.05 sys=0.00, real=0.01 secs] 
2014-07-08T20:29:39.076+0000: 1892.723: [GC [PSYoungGen: 114546K->1064K(112640K)] 444677K->331454K(799616K), 0.0057160 secs] [Times: user=0.04 sys=0.00, real=0.01 secs] 
2014-07-08T20:29:40.386+0000: 1894.033: [GC [PSYoungGen: 112614K->1558K(111488K)] 443004K->332036K(798464K), 0.0059070 secs] [Times: user=0.04 sys=0.00, real=0.01 secs] 
2014-07-08T20:29:41.389+0000: 1895.036: [GC [PSYoungGen: 111446K->804K(109120K)] 441924K->331928K(796096K), 0.0042100 secs] [Times: user=0.02 sys=0.00, real=0.01 secs] 
2014-07-08T20:29:42.502+0000: 1896.149: [GC [PSYoungGen: 109091K->1484K(108224K)] 440215K->332648K(795200K), 0.0185230 secs] [Times: user=0.11 sys=0.00, real=0.01 secs] 
2014-07-08T20:29:43.526+0000: 1897.173: [GC [PSYoungGen: 108172K->1148K(106304K)] 439336K->332582K(793280K), 0.0118010 secs] [Times: user=0.07 sys=0.00, real=0.01 secs] 
2014-07-08T20:29:44.506+0000: 1898.153: [GC [PSYoungGen: 106268K->1384K(105088K)] 437702K->332898K(792064K), 0.0084290 secs] [Times: user=0.05 sys=0.01, real=0.01 secs] 
2014-07-08T20:29:45.475+0000: 1899.122: [GC [PSYoungGen: 105064K->950K(103168K)] 436578K->332616K(790144K), 0.0087930 secs] [Times: user=0.06 sys=0.00, real=0.01 secs] 
2014-07-08T20:29:46.447+0000: 1900.094: [GC [PSYoungGen: 103114K->1508K(102336K)] 434780K->333246K(789312K), 0.0056710 secs] [Times: user=0.03 sys=0.00, real=0.01 secs] 
2014-07-08T20:29:47.373+0000: 1901.020: [GC [PSYoungGen: 102308K->1000K(100416K)] 434046K->333072K(787392K), 0.0134730 secs] [Times: user=0.09 sys=0.00, real=0.01 secs] 
2014-07-08T20:29:48.354+0000: 1902.001: [GC [PSYoungGen: 100312K->1650K(99712K)] 432385K->333795K(786688K), 0.0042650 secs] [Times: user=0.03 sys=0.00, real=0.00 secs] 
2014-07-08T20:29:49.396+0000: 1903.043: [GC [PSYoungGen: 99698K->818K(97536K)] 431843K->333343K(784512K), 0.0102390 secs] [Times: user=0.07 sys=0.00, real=0.01 secs] 
2014-07-08T20:29:50.331+0000: 1903.978: [GC [PSYoungGen: 97522K->1614K(97088K)] 430047K->334203K(784064K), 0.0065170 secs] [Times: user=0.04 sys=0.00, real=0.01 secs] 
2014-07-08T20:29:51.111+0000: 1904.758: [GC [PSYoungGen: 97038K->1138K(95296K)] 429627K->333959K(782272K), 0.0040910 secs] [Times: user=0.02 sys=0.00, real=0.01 secs] 
2014-07-08T20:29:51.930+0000: 1905.577: [GC [PSYoungGen: 95263K->1430K(94400K)] 428084K->334315K(781376K), 0.0071950 secs] [Times: user=0.05 sys=0.00, real=0.01 secs] 
2014-07-08T20:29:53.014+0000: 1906.661: [GC [PSYoungGen: 94343K->1000K(92736K)] 427228K->334145K(779712K), 0.0174890 secs] [Times: user=0.11 sys=0.00, real=0.01 secs] 
2014-07-08T20:29:53.822+0000: 1907.469: [GC [PSYoungGen: 92712K->1362K(91968K)] 425857K->334555K(778944K), 0.0071560 secs] [Times: user=0.05 sys=0.00, real=0.01 secs] 
2014-07-08T20:29:54.776+0000: 1908.423: [GC [PSYoungGen: 91921K->1152K(90560K)] 425114K->334441K(777536K), 0.0051780 secs] [Times: user=0.03 sys=0.00, real=0.00 secs] 
2014-07-08T20:29:55.716+0000: 1909.363: [GC [PSYoungGen: 90560K->1708K(90048K)] 423849K->335133K(777024K), 0.0115380 secs] [Times: user=0.06 sys=0.00, real=0.01 secs] 
2014-07-08T20:29:56.645+0000: 1910.292: [GC [PSYoungGen: 90028K->636K(87872K)] 423453K->334747K(774848K), 0.0109350 secs] [Times: user=0.05 sys=0.00, real=0.01 secs] 
2014-07-08T20:29:57.280+0000: 1910.927: [GC [PSYoungGen: 87868K->1352K(106112K)] 421979K->335519K(793088K), 0.0146180 secs] [Times: user=0.10 sys=0.00, real=0.02 secs] 
2014-07-08T20:29:58.181+0000: 1911.828: [GC [PSYoungGen: 106056K->1408K(126528K)] 440223K->335891K(813504K), 0.0069610 secs] [Times: user=0.05 sys=0.00, real=0.01 secs] 
2014-07-08T20:29:59.545+0000: 1913.192: [GC [PSYoungGen: 126208K->1704K(124544K)] 460691K->336259K(811520K), 0.0058040 secs] [Times: user=0.04 sys=0.00, real=0.00 secs] 
2014-07-08T20:30:00.660+0000: 1914.307: [GC [PSYoungGen: 124520K->128K(121024K)] 459075K->336100K(808000K), 0.0098860 secs] [Times: user=0.06 sys=0.00, real=0.01 secs] 
2014-07-08T20:30:01.738+0000: 1915.385: [GC [PSYoungGen: 121024K->1836K(120832K)] 456996K->337872K(807808K), 0.0039220 secs] [Times: user=0.02 sys=0.00, real=0.00 secs] 
2014-07-08T20:30:02.842+0000: 1916.489: [GC [PSYoungGen: 120812K->1288K(118464K)] 456848K->337844K(805440K), 0.0055260 secs] [Times: user=0.02 sys=0.00, real=0.01 secs] 
2014-07-08T20:30:03.986+0000: 1917.633: [GC [PSYoungGen: 118408K->1607K(116992K)] 454964K->338219K(803968K), 0.0155520 secs] [Times: user=0.10 sys=0.00, real=0.01 secs] 
2014-07-08T20:30:04.972+0000: 1918.619: [GC [PSYoungGen: 116934K->992K(114624K)] 453546K->337952K(801600K), 0.0101100 secs] [Times: user=0.05 sys=0.00, real=0.01 secs] 
2014-07-08T20:30:06.035+0000: 1919.682: [GC [PSYoungGen: 114592K->1888K(113792K)] 451552K->338897K(800768K), 0.0131730 secs] [Times: user=0.08 sys=0.00, real=0.01 secs] 
2014-07-08T20:30:07.277+0000: 1920.924: [GC [PSYoungGen: 113741K->953K(111168K)] 450749K->338616K(798144K), 0.0070440 secs] [Times: user=0.05 sys=0.01, real=0.00 secs] 
2014-07-08T20:30:08.340+0000: 1921.987: [GC [PSYoungGen: 111161K->1522K(110144K)] 448824K->339289K(797120K), 0.0067910 secs] [Times: user=0.04 sys=0.01, real=0.01 secs] 
2014-07-08T20:30:09.369+0000: 1923.016: [GC [PSYoungGen: 110130K->1170K(108224K)] 447897K->339067K(795200K), 0.0076670 secs] [Times: user=0.04 sys=0.00, real=0.01 secs] 
2014-07-08T20:30:10.616+0000: 1924.263: [GC [PSYoungGen: 108178K->1536K(107072K)] 446075K->339490K(794048K), 0.0067830 secs] [Times: user=0.04 sys=0.00, real=0.00 secs] 
2014-07-08T20:30:11.555+0000: 1925.202: [GC [PSYoungGen: 107008K->1202K(105216K)] 444962K->339373K(792192K), 0.0104600 secs] [Times: user=0.07 sys=0.00, real=0.02 secs] 
2014-07-08T20:30:12.789+0000: 1926.436: [GC [PSYoungGen: 105180K->1508K(104064K)] 443351K->339775K(791040K), 0.0063670 secs] [Times: user=0.03 sys=0.00, real=0.00 secs] 
2014-07-08T20:30:13.739+0000: 1927.386: [GC [PSYoungGen: 104036K->1127K(102272K)] 442303K->339706K(789248K), 0.0072780 secs] [Times: user=0.04 sys=0.00, real=0.01 secs] 
2014-07-08T20:30:14.759+0000: 1928.406: [GC [PSYoungGen: 102247K->1526K(101248K)] 440826K->340168K(788224K), 0.0089690 secs] [Times: user=0.07 sys=0.00, real=0.01 secs] 
2014-07-08T20:30:15.745+0000: 1929.392: [GC [PSYoungGen: 101238K->1085K(99456K)] 439880K->340127K(786432K), 0.0039380 secs] [Times: user=0.03 sys=0.00, real=0.01 secs] 
2014-07-08T20:30:16.729+0000: 1930.376: [GC [PSYoungGen: 99453K->1426K(98496K)] 438495K->340540K(785472K), 0.0073920 secs] [Times: user=0.05 sys=0.00, real=0.01 secs] 
2014-07-08T20:30:17.570+0000: 1931.217: [GC [PSYoungGen: 98450K->1188K(96960K)] 437564K->340786K(783936K), 0.0074900 secs] [Times: user=0.05 sys=0.00, real=0.01 secs] 
2014-07-08T20:30:18.405+0000: 1932.052: [GC [PSYoungGen: 96932K->1572K(96064K)] 436530K->341242K(783040K), 0.0092390 secs] [Times: user=0.06 sys=0.00, real=0.01 secs] 
2014-07-08T20:30:19.156+0000: 1932.803: [GC [PSYoungGen: 96036K->928K(94208K)] 435706K->341221K(781184K), 0.0081370 secs] [Times: user=0.05 sys=0.00, real=0.01 secs] 
2014-07-08T20:30:19.961+0000: 1933.608: [GC [PSYoungGen: 94176K->1676K(93760K)] 434469K->342018K(780736K), 0.0072700 secs] [Times: user=0.03 sys=0.00, real=0.01 secs] 
2014-07-08T20:30:20.788+0000: 1934.435: [GC [PSYoungGen: 93684K->1078K(91968K)] 434026K->341813K(778944K), 0.0033660 secs] [Times: user=0.02 sys=0.00, real=0.00 secs] 
2014-07-08T20:30:21.704+0000: 1935.351: [GC [PSYoungGen: 91958K->1668K(91456K)] 432693K->342476K(778432K), 0.0043850 secs] [Times: user=0.03 sys=0.00, real=0.01 secs] 
2014-07-08T20:30:22.635+0000: 1936.282: [GC [PSYoungGen: 91396K->932K(89536K)] 432204K->342270K(776512K), 0.0042720 secs] [Times: user=0.02 sys=0.00, real=0.01 secs] 
2014-07-08T20:30:23.232+0000: 1936.879: [GC [PSYoungGen: 89508K->1764K(89280K)] 430846K->343209K(776256K), 0.0098700 secs] [Times: user=0.07 sys=0.00, real=0.01 secs] 
2014-07-08T20:30:24.019+0000: 1937.666: [GC [PSYoungGen: 89252K->1010K(87424K)] 430697K->342994K(774400K), 0.0091980 secs] [Times: user=0.05 sys=0.00, real=0.01 secs] 
2014-07-08T20:30:24.869+0000: 1938.516: [GC [PSYoungGen: 87410K->1590K(86976K)] 429394K->343786K(773952K), 0.0054050 secs] [Times: user=0.03 sys=0.00, real=0.00 secs] 
2014-07-08T20:30:25.762+0000: 1939.409: [GC [PSYoungGen: 86966K->1120K(85504K)] 429162K->343608K(772480K), 0.0066390 secs] [Times: user=0.05 sys=0.00, real=0.01 secs] 
2014-07-08T20:30:26.468+0000: 1940.115: [GC [PSYoungGen: 85461K->1540K(84928K)] 427949K->344108K(771904K), 0.0050600 secs] [Times: user=0.04 sys=0.00, real=0.01 secs] 
2014-07-08T20:30:27.062+0000: 1940.709: [GC [PSYoungGen: 84868K->978K(83392K)] 427436K->343708K(770368K), 0.0032900 secs] [Times: user=0.03 sys=0.00, real=0.00 secs] 
2014-07-08T20:30:27.757+0000: 1941.404: [GC [PSYoungGen: 83344K->1366K(82816K)] 426074K->344144K(769792K), 0.0063640 secs] [Times: user=0.02 sys=0.00, real=0.01 secs] 
2014-07-08T20:30:28.424+0000: 1942.071: [GC [PSYoungGen: 82774K->1416K(81920K)] 425552K->344274K(768896K), 0.0065520 secs] [Times: user=0.04 sys=0.00, real=0.01 secs] 
2014-07-08T20:30:28.958+0000: 1942.605: [GC [PSYoungGen: 81864K->1728K(81344K)] 424722K->344674K(768320K), 0.0049410 secs] [Times: user=0.02 sys=0.00, real=0.01 secs] 
2014-07-08T20:30:29.730+0000: 1943.377: [GC [PSYoungGen: 81280K->498K(79168K)] 424226K->344000K(766144K), 0.0033070 secs] [Times: user=0.02 sys=0.00, real=0.00 secs] 
2014-07-08T20:30:30.496+0000: 1944.143: [GC [PSYoungGen: 79153K->1868K(96320K)] 422655K->345418K(783296K), 0.0209660 secs] [Times: user=0.14 sys=0.00, real=0.02 secs] 
2014-07-08T20:30:31.173+0000: 1944.820: [GC [PSYoungGen: 96268K->1170K(107264K)] 439818K->345110K(794240K), 0.0170940 secs] [Times: user=0.08 sys=0.00, real=0.02 secs] 
2014-07-08T20:30:31.902+0000: 1945.549: [GC [PSYoungGen: 106962K->1358K(107840K)] 450902K->345370K(794816K), 0.0183750 secs] [Times: user=0.14 sys=0.00, real=0.02 secs] 
2014-07-08T20:30:32.975+0000: 1946.622: [GC [PSYoungGen: 107150K->1494K(128896K)] 451162K->345611K(815872K), 0.0191200 secs] [Times: user=0.14 sys=0.00, real=0.02 secs] 
2014-07-08T20:30:34.274+0000: 1947.921: [GC [PSYoungGen: 128470K->1298K(128960K)] 472586K->345502K(815936K), 0.0166370 secs] [Times: user=0.12 sys=0.00, real=0.02 secs] 
2014-07-08T20:30:35.446+0000: 1949.093: [GC [PSYoungGen: 128274K->1760K(154304K)] 472478K->346029K(841280K), 0.0122320 secs] [Times: user=0.08 sys=0.00, real=0.01 secs] 
2014-07-08T20:30:36.838+0000: 1950.485: [GC [PSYoungGen: 154079K->1288K(154368K)] 498348K->345636K(841344K), 0.0092260 secs] [Times: user=0.07 sys=0.00, real=0.01 secs] 
2014-07-08T20:30:38.266+0000: 1951.913: [GC [PSYoungGen: 153608K->1380K(184768K)] 497956K->345808K(871744K), 0.0165400 secs] [Times: user=0.08 sys=0.01, real=0.02 secs] 
2014-07-08T20:30:39.768+0000: 1953.415: [GC [PSYoungGen: 184136K->1480K(184768K)] 528565K->345996K(871744K), 0.0089990 secs] [Times: user=0.06 sys=0.00, real=0.01 secs] 
2014-07-08T20:30:41.643+0000: 1955.290: [GC [PSYoungGen: 184243K->1580K(180608K)] 528759K->346176K(867584K), 0.0055480 secs] [Times: user=0.03 sys=0.00, real=0.00 secs] 
2014-07-08T20:30:43.117+0000: 1956.764: [GC [PSYoungGen: 180587K->1320K(176704K)] 525183K->345980K(863680K), 0.0060360 secs] [Times: user=0.03 sys=0.00, real=0.01 secs] 
2014-07-08T20:30:45.039+0000: 1958.686: [GC [PSYoungGen: 176680K->946K(172800K)] 521340K->345982K(859776K), 0.0044430 secs] [Times: user=0.02 sys=0.00, real=0.01 secs] 
2014-07-08T20:30:46.975+0000: 1960.622: [GC [PSYoungGen: 172755K->1534K(169984K)] 517792K->346618K(856960K), 0.0089390 secs] [Times: user=0.05 sys=0.00, real=0.01 secs] 
2014-07-08T20:30:48.466+0000: 1962.113: [GC [PSYoungGen: 169932K->1380K(166528K)] 515016K->346804K(853504K), 0.0077970 secs] [Times: user=0.05 sys=0.00, real=0.01 secs] 
2014-07-08T20:30:50.037+0000: 1963.684: [GC [PSYoungGen: 166500K->1376K(163328K)] 511924K->346880K(850304K), 0.0040200 secs] [Times: user=0.02 sys=0.00, real=0.01 secs] 
2014-07-08T20:30:51.295+0000: 1964.942: [GC [PSYoungGen: 163247K->1060K(159936K)] 508752K->346628K(846912K), 0.0081360 secs] [Times: user=0.05 sys=0.00, real=0.01 secs] 
2014-07-08T20:30:52.835+0000: 1966.482: [GC [PSYoungGen: 159908K->1554K(157440K)] 505476K->347171K(844416K), 0.0103980 secs] [Times: user=0.07 sys=0.00, real=0.01 secs] 
2014-07-08T20:30:54.190+0000: 1967.837: [GC [PSYoungGen: 157382K->1188K(154176K)] 502999K->346884K(841152K), 0.0113150 secs] [Times: user=0.08 sys=0.00, real=0.01 secs] 
2014-07-08T20:30:55.786+0000: 1969.433: [GC [PSYoungGen: 154147K->1170K(151360K)] 499844K->346930K(838336K), 0.0246240 secs] [Times: user=0.15 sys=0.00, real=0.02 secs] 
2014-07-08T20:30:57.229+0000: 1970.876: [GC [PSYoungGen: 151314K->1448K(148864K)] 497074K->347320K(835840K), 0.0094040 secs] [Times: user=0.06 sys=0.00, real=0.01 secs] 
2014-07-08T20:30:58.808+0000: 1972.455: [GC [PSYoungGen: 148840K->1804K(146624K)] 494712K->347757K(833600K), 0.0097090 secs] [Times: user=0.05 sys=0.01, real=0.01 secs] 
2014-07-08T20:31:00.110+0000: 1973.757: [GC [PSYoungGen: 146572K->562K(142784K)] 492525K->346906K(829760K), 0.0098600 secs] [Times: user=0.05 sys=0.00, real=0.01 secs] 
2014-07-08T20:31:01.380+0000: 1975.027: [GC [PSYoungGen: 142770K->1956K(141696K)] 489114K->348365K(828672K), 0.0094060 secs] [Times: user=0.06 sys=0.00, real=0.01 secs] 
2014-07-08T20:31:02.933+0000: 1976.580: [GC [PSYoungGen: 141668K->1572K(138880K)] 488077K->348364K(825856K), 0.0093030 secs] [Times: user=0.05 sys=0.00, real=0.01 secs] 
2014-07-08T20:31:04.117+0000: 1977.764: [GC [PSYoungGen: 138852K->1277K(136192K)] 485644K->348141K(823168K), 0.0086190 secs] [Times: user=0.05 sys=0.00, real=0.01 secs] 
2014-07-08T20:31:05.409+0000: 1979.056: [GC [PSYoungGen: 136189K->1238K(133888K)] 483053K->348166K(820864K), 0.0061910 secs] [Times: user=0.03 sys=0.00, real=0.01 secs] 
2014-07-08T20:31:06.805+0000: 1980.452: [GC [PSYoungGen: 133796K->1256K(131648K)] 480725K->348248K(818624K), 0.0128550 secs] [Times: user=0.07 sys=0.01, real=0.01 secs] 
2014-07-08T20:31:08.053+0000: 1981.701: [GC [PSYoungGen: 131624K->1486K(129728K)] 478616K->348558K(816704K), 0.0046560 secs] [Times: user=0.02 sys=0.00, real=0.01 secs] 
2014-07-08T20:31:09.170+0000: 1982.817: [GC [PSYoungGen: 129632K->1584K(127680K)] 476705K->348736K(814656K), 0.0060200 secs] [Times: user=0.03 sys=0.00, real=0.01 secs] 
2014-07-08T20:31:10.417+0000: 1984.064: [GC [PSYoungGen: 127664K->1014K(125056K)] 474816K->348262K(812032K), 0.0097730 secs] [Times: user=0.04 sys=0.00, real=0.01 secs] 
2014-07-08T20:31:11.726+0000: 1985.373: [GC [PSYoungGen: 125046K->1768K(123840K)] 472294K->349105K(810816K), 0.0057910 secs] [Times: user=0.04 sys=0.00, real=0.00 secs] 
2014-07-08T20:31:12.967+0000: 1986.614: [GC [PSYoungGen: 123815K->1042K(121216K)] 471152K->348434K(808192K), 0.0056770 secs] [Times: user=0.03 sys=0.00, real=0.00 secs] 
2014-07-08T20:31:14.026+0000: 1987.673: [GC [PSYoungGen: 121170K->1234K(119552K)] 468562K->348698K(806528K), 0.0110090 secs] [Times: user=0.07 sys=0.00, real=0.01 secs] 
2014-07-08T20:31:15.120+0000: 1988.767: [GC [PSYoungGen: 119506K->1486K(117952K)] 466970K->349038K(804928K), 0.0051960 secs] [Times: user=0.03 sys=0.00, real=0.01 secs] 
2014-07-08T20:31:16.251+0000: 1989.898: [GC [PSYoungGen: 117855K->1270K(115904K)] 465407K->348894K(802880K), 0.0159390 secs] [Times: user=0.11 sys=0.00, real=0.02 secs] 
2014-07-08T20:31:17.449+0000: 1991.096: [GC [PSYoungGen: 115894K->1238K(114176K)] 463518K->348942K(801152K), 0.0104040 secs] [Times: user=0.07 sys=0.00, real=0.01 secs] 
2014-07-08T20:31:18.758+0000: 1992.405: [GC [PSYoungGen: 114133K->1412K(112704K)] 461838K->349212K(799680K), 0.0113520 secs] [Times: user=0.08 sys=0.00, real=0.01 secs] 
2014-07-08T20:31:19.855+0000: 1993.502: [GC [PSYoungGen: 112644K->1248K(110848K)] 460444K->349527K(797824K), 0.0087550 secs] [Times: user=0.06 sys=0.00, real=0.01 secs] 
2014-07-08T20:31:20.897+0000: 1994.544: [GC [PSYoungGen: 110816K->1092K(109120K)] 459095K->349426K(796096K), 0.0102000 secs] [Times: user=0.07 sys=0.00, real=0.01 secs] 
2014-07-08T20:31:21.946+0000: 1995.593: [GC [PSYoungGen: 109060K->1316K(107776K)] 457394K->349794K(794752K), 0.0116220 secs] [Times: user=0.07 sys=0.00, real=0.02 secs] 
2014-07-08T20:31:23.073+0000: 1996.720: [GC [PSYoungGen: 107748K->1700K(106624K)] 456226K->350267K(793600K), 0.0044920 secs] [Times: user=0.02 sys=0.00, real=0.01 secs] 
2014-07-08T20:31:24.132+0000: 1997.779: [GC [PSYoungGen: 106560K->928K(104384K)] 455126K->350329K(791360K), 0.0111200 secs] [Times: user=0.07 sys=0.00, real=0.01 secs] 
2014-07-08T20:31:25.267+0000: 1998.914: [GC [PSYoungGen: 104352K->1721K(103680K)] 453753K->351170K(790656K), 0.0093930 secs] [Times: user=0.06 sys=0.01, real=0.00 secs] 
2014-07-08T20:31:26.104+0000: 1999.751: [GC [PSYoungGen: 103673K->1422K(102016K)] 453122K->351284K(788992K), 0.0061660 secs] [Times: user=0.04 sys=0.00, real=0.01 secs] 
2014-07-08T20:31:27.056+0000: 2000.703: [GC [PSYoungGen: 101966K->1700K(100864K)] 451828K->351650K(787840K), 0.0099690 secs] [Times: user=0.06 sys=0.00, real=0.01 secs] 
2014-07-08T20:31:28.036+0000: 2001.683: [GC [PSYoungGen: 100836K->1064K(98880K)] 450786K->351330K(785856K), 0.0104720 secs] [Times: user=0.07 sys=0.00, real=0.01 secs] 
2014-07-08T20:31:28.986+0000: 2002.633: [GC [PSYoungGen: 98829K->1412K(118848K)] 449095K->351848K(805824K), 0.0201200 secs] [Times: user=0.10 sys=0.01, real=0.02 secs] 
2014-07-08T20:31:29.987+0000: 2003.634: [GC [PSYoungGen: 118788K->1142K(142016K)] 469224K->351650K(828992K), 0.0065030 secs] [Times: user=0.04 sys=0.00, real=0.01 secs] 
2014-07-08T20:31:31.112+0000: 2004.759: [GC [PSYoungGen: 142006K->1244K(170368K)] 492514K->351808K(857344K), 0.0111980 secs] [Times: user=0.07 sys=0.00, real=0.01 secs] 
2014-07-08T20:31:32.943+0000: 2006.590: [GC [PSYoungGen: 170332K->1338K(167104K)] 520896K->351966K(854080K), 0.0156580 secs] [Times: user=0.10 sys=0.00, real=0.02 secs] 
2014-07-08T20:31:34.339+0000: 2007.986: [GC [PSYoungGen: 167098K->1466K(164032K)] 517726K->352182K(851008K), 0.0071050 secs] [Times: user=0.04 sys=0.00, real=0.00 secs] 
2014-07-08T20:31:36.136+0000: 2009.783: [GC [PSYoungGen: 164026K->1206K(160640K)] 514742K->352034K(847616K), 0.0137350 secs] [Times: user=0.08 sys=0.00, real=0.02 secs] 
2014-07-08T20:31:37.408+0000: 2011.055: [GC [PSYoungGen: 160630K->1394K(157824K)] 511458K->352294K(844800K), 0.0136210 secs] [Times: user=0.08 sys=0.00, real=0.02 secs] 
2014-07-08T20:31:39.059+0000: 2012.706: [GC [PSYoungGen: 157772K->1252K(188992K)] 508672K->352336K(875968K), 0.0255010 secs] [Times: user=0.20 sys=0.00, real=0.03 secs] 
2014-07-08T20:31:40.709+0000: 2014.356: [GC [PSYoungGen: 188964K->1576K(192576K)] 540048K->352750K(879552K), 0.0208510 secs] [Times: user=0.13 sys=0.00, real=0.02 secs] 
2014-07-08T20:31:42.439+0000: 2016.086: [GC [PSYoungGen: 192296K->1632K(188352K)] 543470K->352928K(875328K), 0.0105960 secs] [Times: user=0.07 sys=0.01, real=0.02 secs] 
2014-07-08T20:31:44.311+0000: 2017.958: [GC [PSYoungGen: 188320K->1042K(183872K)] 539616K->352444K(870848K), 0.0103360 secs] [Times: user=0.07 sys=0.00, real=0.01 secs] 
2014-07-08T20:31:46.098+0000: 2019.745: [GC [PSYoungGen: 183826K->1006K(180032K)] 535228K->352560K(867008K), 0.0041800 secs] [Times: user=0.02 sys=0.00, real=0.01 secs] 
2014-07-08T20:31:47.805+0000: 2021.452: [GC [PSYoungGen: 180014K->1568K(176960K)] 531568K->353178K(863936K), 0.0089430 secs] [Times: user=0.05 sys=0.00, real=0.01 secs] 
2014-07-08T20:31:49.428+0000: 2023.075: [GC [PSYoungGen: 176928K->1192K(173056K)] 528538K->352866K(860032K), 0.0072650 secs] [Times: user=0.04 sys=0.00, real=0.01 secs] 
2014-07-08T20:31:51.138+0000: 2024.785: [GC [PSYoungGen: 173032K->1306K(169792K)] 524706K->353068K(856768K), 0.0048080 secs] [Times: user=0.02 sys=0.00, real=0.01 secs] 
2014-07-08T20:31:52.705+0000: 2026.352: [GC [PSYoungGen: 169754K->1330K(166464K)] 521516K->353228K(853440K), 0.0105820 secs] [Times: user=0.08 sys=0.00, real=0.01 secs] 
2014-07-08T20:31:54.125+0000: 2027.772: [GC [PSYoungGen: 166450K->1206K(163136K)] 518348K->353176K(850112K), 0.0112930 secs] [Times: user=0.06 sys=0.00, real=0.01 secs] 
2014-07-08T20:31:55.704+0000: 2029.351: [GC [PSYoungGen: 163126K->1202K(160064K)] 515096K->353416K(847040K), 0.0117640 secs] [Times: user=0.07 sys=0.00, real=0.01 secs] 
2014-07-08T20:31:57.102+0000: 2030.749: [GC [PSYoungGen: 160043K->1560K(157440K)] 512257K->353862K(844416K), 0.0051890 secs] [Times: user=0.02 sys=0.00, real=0.00 secs] 
2014-07-08T20:31:58.365+0000: 2032.012: [GC [PSYoungGen: 157379K->940K(153920K)] 509681K->353686K(840896K), 0.0062780 secs] [Times: user=0.04 sys=0.00, real=0.00 secs] 
2014-07-08T20:31:59.954+0000: 2033.601: [GC [PSYoungGen: 153900K->1444K(151616K)] 506646K->354296K(838592K), 0.0098210 secs] [Times: user=0.06 sys=0.00, real=0.01 secs] 
2014-07-08T20:32:01.211+0000: 2034.858: [GC [PSYoungGen: 151588K->1210K(148608K)] 504440K->354338K(835584K), 0.0088610 secs] [Times: user=0.05 sys=0.00, real=0.01 secs] 
2014-07-08T20:32:02.463+0000: 2036.110: [GC [PSYoungGen: 148602K->1262K(146048K)] 501730K->354446K(833024K), 0.0041170 secs] [Times: user=0.03 sys=0.00, real=0.00 secs] 
2014-07-08T20:32:04.025+0000: 2037.672: [GC [PSYoungGen: 145986K->1124K(143360K)] 499170K->354500K(830336K), 0.0046850 secs] [Times: user=0.02 sys=0.00, real=0.00 secs] 
2014-07-08T20:32:05.168+0000: 2038.815: [GC [PSYoungGen: 143332K->1262K(140992K)] 496708K->354694K(827968K), 0.0039770 secs] [Times: user=0.02 sys=0.00, real=0.00 secs] 
2014-07-08T20:32:06.367+0000: 2040.015: [GC [PSYoungGen: 140949K->1078K(138368K)] 494381K->354770K(825344K), 0.0119430 secs] [Times: user=0.07 sys=0.00, real=0.01 secs] 
2014-07-08T20:32:07.927+0000: 2041.574: [GC [PSYoungGen: 138358K->1256K(136192K)] 492050K->355012K(823168K), 0.0085100 secs] [Times: user=0.04 sys=0.00, real=0.01 secs] 
2014-07-08T20:32:09.122+0000: 2042.769: [GC [PSYoungGen: 136168K->1141K(133760K)] 489924K->355245K(820736K), 0.0079190 secs] [Times: user=0.06 sys=0.00, real=0.01 secs] 
2014-07-08T20:32:10.292+0000: 2043.939: [GC [PSYoungGen: 133749K->1604K(132032K)] 487853K->355772K(819008K), 0.0068030 secs] [Times: user=0.02 sys=0.00, real=0.01 secs] 
2014-07-08T20:32:11.778+0000: 2045.425: [GC [PSYoungGen: 131972K->676K(128896K)] 486140K->355260K(815872K), 0.0063550 secs] [Times: user=0.04 sys=0.00, real=0.01 secs] 
2014-07-08T20:32:13.118+0000: 2046.765: [GC [PSYoungGen: 128868K->1786K(127872K)] 483452K->356450K(814848K), 0.0053810 secs] [Times: user=0.03 sys=0.01, real=0.00 secs] 
2014-07-08T20:32:14.171+0000: 2047.818: [GC [PSYoungGen: 127866K->1124K(125184K)] 482530K->356226K(812160K), 0.0080160 secs] [Times: user=0.05 sys=0.00, real=0.01 secs] 
2014-07-08T20:32:15.233+0000: 2048.880: [GC [PSYoungGen: 125156K->1622K(123712K)] 480258K->356796K(810688K), 0.0090520 secs] [Times: user=0.05 sys=0.00, real=0.01 secs] 
2014-07-08T20:32:16.390+0000: 2050.037: [GC [PSYoungGen: 123670K->1078K(121216K)] 478844K->356574K(808192K), 0.0200020 secs] [Times: user=0.15 sys=0.00, real=0.02 secs] 
2014-07-08T20:32:17.565+0000: 2051.212: [GC [PSYoungGen: 121184K->1420K(119744K)] 476681K->356988K(806720K), 0.0084580 secs] [Times: user=0.05 sys=0.00, real=0.00 secs] 
2014-07-08T20:32:18.976+0000: 2052.623: [GC [PSYoungGen: 119692K->1280K(117760K)] 475260K->356897K(804736K), 0.0202900 secs] [Times: user=0.12 sys=0.00, real=0.02 secs] 
2014-07-08T20:32:20.317+0000: 2053.964: [GC [PSYoungGen: 117695K->1394K(116032K)] 473312K->357058K(803008K), 0.0068030 secs] [Times: user=0.04 sys=0.00, real=0.00 secs] 
2014-07-08T20:32:21.177+0000: 2054.824: [GC [PSYoungGen: 116018K->1006K(113920K)] 471682K->356855K(800896K), 0.0043060 secs] [Times: user=0.02 sys=0.00, real=0.00 secs] 
2014-07-08T20:32:22.218+0000: 2055.865: [GC [PSYoungGen: 113902K->1398K(112640K)] 469751K->357286K(799616K), 0.0051760 secs] [Times: user=0.02 sys=0.01, real=0.00 secs] 
2014-07-08T20:32:23.226+0000: 2056.873: [GC [PSYoungGen: 112630K->1330K(110912K)] 468518K->357357K(797888K), 0.0042920 secs] [Times: user=0.02 sys=0.01, real=0.01 secs] 
2014-07-08T20:32:24.266+0000: 2057.913: [GC [PSYoungGen: 110898K->1348K(109376K)] 466925K->357447K(796352K), 0.0069510 secs] [Times: user=0.04 sys=0.01, real=0.00 secs] 
2014-07-08T20:32:25.313+0000: 2058.960: [GC [PSYoungGen: 109289K->872K(107328K)] 465388K->357391K(794304K), 0.0157680 secs] [Times: user=0.10 sys=0.00, real=0.02 secs] 
2014-07-08T20:32:26.257+0000: 2059.904: [GC [PSYoungGen: 107304K->1220K(129024K)] 463823K->357877K(816000K), 0.0193150 secs] [Times: user=0.12 sys=0.00, real=0.02 secs] 
2014-07-08T20:32:27.717+0000: 2061.364: [GC [PSYoungGen: 128964K->1326K(126976K)] 485621K->358187K(813952K), 0.0076100 secs] [Times: user=0.04 sys=0.00, real=0.00 secs] 
2014-07-08T20:32:29.092+0000: 2062.739: [GC [PSYoungGen: 126958K->1206K(124800K)] 483819K->358131K(811776K), 0.0080400 secs] [Times: user=0.05 sys=0.00, real=0.01 secs] 
2014-07-08T20:32:30.163+0000: 2063.810: [GC [PSYoungGen: 124769K->954K(122560K)] 481694K->358438K(809536K), 0.0038960 secs] [Times: user=0.02 sys=0.00, real=0.01 secs] 
2014-07-08T20:32:31.512+0000: 2065.159: [GC [PSYoungGen: 122554K->1356K(121088K)] 480038K->358904K(808064K), 0.0063980 secs] [Times: user=0.04 sys=0.00, real=0.01 secs] 
2014-07-08T20:32:32.647+0000: 2066.294: [GC [PSYoungGen: 121036K->1120K(118976K)] 478584K->359124K(805952K), 0.0039850 secs] [Times: user=0.02 sys=0.00, real=0.00 secs] 
2014-07-08T20:32:34.110+0000: 2067.757: [GC [PSYoungGen: 118944K->1270K(117312K)] 476948K->359298K(804288K), 0.0234970 secs] [Times: user=0.13 sys=0.00, real=0.02 secs] 
2014-07-08T20:32:35.216+0000: 2068.863: [GC [PSYoungGen: 117293K->1078K(115328K)] 475322K->359330K(802304K), 0.0069660 secs] [Times: user=0.05 sys=0.01, real=0.01 secs] 
2014-07-08T20:32:36.308+0000: 2069.955: [GC [PSYoungGen: 115317K->1723K(114240K)] 473569K->360191K(801216K), 0.0088770 secs] [Times: user=0.06 sys=0.00, real=0.01 secs] 
2014-07-08T20:32:37.267+0000: 2070.914: [GC [PSYoungGen: 114210K->700K(111552K)] 472678K->359964K(798528K), 0.0100420 secs] [Times: user=0.07 sys=0.00, real=0.01 secs] 
2014-07-08T20:32:38.626+0000: 2072.273: [GC [PSYoungGen: 111548K->1829K(111040K)] 470812K->361181K(798016K), 0.0112490 secs] [Times: user=0.07 sys=0.00, real=0.01 secs] 
2014-07-08T20:32:39.771+0000: 2073.419: [GC [PSYoungGen: 111013K->1188K(108800K)] 470365K->361233K(795776K), 0.0151680 secs] [Times: user=0.11 sys=0.00, real=0.01 secs] 
2014-07-08T20:32:40.873+0000: 2074.520: [GC [PSYoungGen: 108772K->1206K(130368K)] 468817K->361339K(817344K), 0.0132140 secs] [Times: user=0.10 sys=0.00, real=0.01 secs] 
2014-07-08T20:32:42.134+0000: 2075.781: [GC [PSYoungGen: 130334K->1270K(128320K)] 490467K->361475K(815296K), 0.0101110 secs] [Times: user=0.06 sys=0.00, real=0.01 secs] 
2014-07-08T20:32:43.384+0000: 2077.031: [GC [PSYoungGen: 128310K->1434K(126464K)] 488515K->361735K(813440K), 0.0096940 secs] [Times: user=0.07 sys=0.00, real=0.01 secs] 
2014-07-08T20:32:44.646+0000: 2078.293: [GC [PSYoungGen: 126400K->1505K(124544K)] 486701K->361934K(811520K), 0.0113870 secs] [Times: user=0.07 sys=0.01, real=0.01 secs] 
2014-07-08T20:32:46.136+0000: 2079.783: [GC [PSYoungGen: 124439K->1209K(122240K)] 484868K->361710K(809216K), 0.0138180 secs] [Times: user=0.09 sys=0.01, real=0.02 secs] 
2014-07-08T20:32:47.370+0000: 2081.017: [GC [PSYoungGen: 122185K->1256K(120384K)] 482686K->361813K(807360K), 0.0091350 secs] [Times: user=0.06 sys=0.00, real=0.01 secs] 
2014-07-08T20:32:48.435+0000: 2082.082: [GC [PSYoungGen: 120340K->1170K(118464K)] 480897K->361791K(805440K), 0.0119440 secs] [Times: user=0.08 sys=0.01, real=0.01 secs] 
2014-07-08T20:32:49.448+0000: 2083.095: [GC [PSYoungGen: 118418K->1608K(117120K)] 479039K->362309K(804096K), 0.0075670 secs] [Times: user=0.03 sys=0.00, real=0.01 secs] 
2014-07-08T20:32:50.743+0000: 2084.390: [GC [PSYoungGen: 117064K->1212K(114944K)] 477765K->361969K(801920K), 0.0133380 secs] [Times: user=0.09 sys=0.00, real=0.01 secs] 
2014-07-08T20:32:51.867+0000: 2085.514: [GC [PSYoungGen: 114940K->1255K(113280K)] 475697K->362297K(800256K), 0.0103810 secs] [Times: user=0.07 sys=0.01, real=0.01 secs] 
2014-07-08T20:32:53.092+0000: 2086.739: [GC [PSYoungGen: 113255K->1516K(111872K)] 474297K->362630K(798848K), 0.0121320 secs] [Times: user=0.08 sys=0.01, real=0.01 secs] 
2014-07-08T20:32:54.210+0000: 2087.857: [GC [PSYoungGen: 111852K->1188K(109952K)] 472966K->362534K(796928K), 0.0073050 secs] [Times: user=0.04 sys=0.00, real=0.00 secs] 
2014-07-08T20:32:55.210+0000: 2088.857: [GC [PSYoungGen: 109924K->1718K(132224K)] 471270K->363104K(819200K), 0.0153280 secs] [Times: user=0.10 sys=0.00, real=0.02 secs] 
2014-07-08T20:32:56.527+0000: 2090.174: [GC [PSYoungGen: 132214K->950K(129280K)] 493600K->362642K(816256K), 0.0088660 secs] [Times: user=0.06 sys=0.00, real=0.01 secs] 
2014-07-08T20:32:57.957+0000: 2091.604: [GC [PSYoungGen: 129270K->1352K(155392K)] 490962K->363092K(842368K), 0.0278530 secs] [Times: user=0.19 sys=0.00, real=0.03 secs] 
2014-07-08T20:32:59.507+0000: 2093.154: [GC [PSYoungGen: 155305K->1256K(186112K)] 517045K->363076K(873088K), 0.0107660 secs] [Times: user=0.07 sys=0.01, real=0.01 secs] 
2014-07-08T20:33:01.397+0000: 2095.044: [GC [PSYoungGen: 186088K->1238K(182272K)] 547908K->363154K(869248K), 0.0132330 secs] [Times: user=0.10 sys=0.00, real=0.01 secs] 
2014-07-08T20:33:03.321+0000: 2096.968: [GC [PSYoungGen: 182230K->1330K(178624K)] 544146K->363408K(865600K), 0.0109890 secs] [Times: user=0.07 sys=0.00, real=0.01 secs] 
2014-07-08T20:33:05.122+0000: 2098.769: [GC [PSYoungGen: 178610K->1380K(175104K)] 540688K->363546K(862080K), 0.0161080 secs] [Times: user=0.11 sys=0.00, real=0.01 secs] 
2014-07-08T20:33:06.640+0000: 2100.287: [GC [PSYoungGen: 175076K->1120K(171392K)] 537242K->363558K(858368K), 0.0115700 secs] [Times: user=0.08 sys=0.00, real=0.01 secs] 
2014-07-08T20:33:08.385+0000: 2102.032: [GC [PSYoungGen: 171360K->1536K(168512K)] 533798K->364046K(855488K), 0.0088790 secs] [Times: user=0.06 sys=0.00, real=0.01 secs] 
2014-07-08T20:33:10.230+0000: 2103.877: [GC [PSYoungGen: 168448K->886K(164544K)] 530958K->363830K(851520K), 0.0089900 secs] [Times: user=0.06 sys=0.00, real=0.01 secs] 
2014-07-08T20:33:11.792+0000: 2105.439: [GC [PSYoungGen: 164534K->1516K(162048K)] 527478K->364516K(849024K), 0.0162760 secs] [Times: user=0.11 sys=0.00, real=0.02 secs] 
2014-07-08T20:33:13.369+0000: 2107.016: [GC [PSYoungGen: 162028K->1188K(158656K)] 525028K->364522K(845632K), 0.0134320 secs] [Times: user=0.09 sys=0.00, real=0.01 secs] 
2014-07-08T20:33:15.211+0000: 2108.858: [GC [PSYoungGen: 158628K->1238K(155776K)] 521962K->364676K(842752K), 0.0087390 secs] [Times: user=0.06 sys=0.00, real=0.01 secs] 
2014-07-08T20:33:16.546+0000: 2110.193: [GC [PSYoungGen: 155734K->1142K(152768K)] 519172K->364716K(839744K), 0.0142350 secs] [Times: user=0.09 sys=0.00, real=0.01 secs] 
2014-07-08T20:33:18.298+0000: 2111.945: [GC [PSYoungGen: 152758K->1764K(150656K)] 516332K->365451K(837632K), 0.0119140 secs] [Times: user=0.08 sys=0.00, real=0.01 secs] 
2014-07-08T20:33:19.608+0000: 2113.255: [GC [PSYoungGen: 150628K->694K(146880K)] 514315K->364814K(833856K), 0.0116340 secs] [Times: user=0.08 sys=0.00, real=0.01 secs] 
2014-07-08T20:33:21.312+0000: 2114.959: [GC [PSYoungGen: 146870K->1444K(145024K)] 510990K->365628K(832000K), 0.0094120 secs] [Times: user=0.07 sys=0.00, real=0.01 secs] 
2014-07-08T20:33:22.512+0000: 2116.159: [GC [PSYoungGen: 144994K->1334K(142336K)] 509179K->365752K(829312K), 0.0122010 secs] [Times: user=0.08 sys=0.01, real=0.01 secs] 
2014-07-08T20:33:24.056+0000: 2117.703: [GC [PSYoungGen: 142326K->1458K(140032K)] 506744K->365973K(827008K), 0.0060110 secs] [Times: user=0.03 sys=0.00, real=0.00 secs] 
2014-07-08T20:33:25.334+0000: 2118.981: [GC [PSYoungGen: 140018K->954K(137152K)] 504533K->365780K(824128K), 0.0111290 secs] [Times: user=0.08 sys=0.00, real=0.02 secs] 
2014-07-08T20:33:26.764+0000: 2120.411: [GC [PSYoungGen: 137146K->1420K(135360K)] 501972K->366294K(822336K), 0.0141240 secs] [Times: user=0.10 sys=0.00, real=0.02 secs] 
2014-07-08T20:33:28.283+0000: 2121.930: [GC [PSYoungGen: 135308K->1334K(132992K)] 500182K->366361K(819968K), 0.0176500 secs] [Times: user=0.11 sys=0.00, real=0.02 secs] 
2014-07-08T20:33:29.501+0000: 2123.148: [GC [PSYoungGen: 132968K->1476K(131008K)] 497995K->366615K(817984K), 0.0099040 secs] [Times: user=0.06 sys=0.00, real=0.01 secs] 
2014-07-08T20:33:30.789+0000: 2124.436: [GC [PSYoungGen: 130948K->761K(128128K)] 496087K->366409K(815104K), 0.0072480 secs] [Times: user=0.05 sys=0.00, real=0.01 secs] 
2014-07-08T20:33:32.117+0000: 2125.764: [GC [PSYoungGen: 128121K->1680K(127040K)] 493769K->367384K(814016K), 0.0112200 secs] [Times: user=0.07 sys=0.00, real=0.01 secs] 
2014-07-08T20:33:33.193+0000: 2126.840: [GC [PSYoungGen: 126966K->1131K(124416K)] 492670K->367555K(811392K), 0.0049120 secs] [Times: user=0.03 sys=0.00, real=0.01 secs] 
2014-07-08T20:33:34.326+0000: 2127.973: [GC [PSYoungGen: 124395K->1466K(122752K)] 490819K->368004K(809728K), 0.0116070 secs] [Times: user=0.08 sys=0.00, real=0.02 secs] 
2014-07-08T20:33:35.542+0000: 2129.189: [GC [PSYoungGen: 122745K->1234K(120640K)] 489283K->368066K(807616K), 0.0101890 secs] [Times: user=0.06 sys=0.00, real=0.01 secs] 
2014-07-08T20:33:36.999+0000: 2130.646: [GC [PSYoungGen: 120594K->1170K(118720K)] 487426K->368090K(805696K), 0.0063110 secs] [Times: user=0.04 sys=0.01, real=0.00 secs] 
2014-07-08T20:33:38.265+0000: 2131.912: [GC [PSYoungGen: 118674K->1174K(116928K)] 485594K->368158K(803904K), 0.0106240 secs] [Times: user=0.07 sys=0.00, real=0.01 secs] 
2014-07-08T20:33:39.376+0000: 2133.023: [GC [PSYoungGen: 116882K->1572K(115520K)] 483867K->368628K(802496K), 0.0053240 secs] [Times: user=0.03 sys=0.00, real=0.01 secs] 
2014-07-08T20:33:40.379+0000: 2134.026: [GC [PSYoungGen: 115492K->1068K(113280K)] 482548K->368392K(800256K), 0.0086610 secs] [Times: user=0.06 sys=0.00, real=0.01 secs] 
2014-07-08T20:33:41.318+0000: 2134.965: [GC [PSYoungGen: 113260K->1298K(111872K)] 480584K->368718K(798848K), 0.0112930 secs] [Times: user=0.08 sys=0.00, real=0.02 secs] 
2014-07-08T20:33:42.583+0000: 2136.230: [GC [PSYoungGen: 111826K->1174K(110144K)] 479246K->368666K(797120K), 0.0061330 secs] [Times: user=0.04 sys=0.00, real=0.01 secs] 
2014-07-08T20:33:43.606+0000: 2137.253: [GC [PSYoungGen: 110102K->1412K(108800K)] 477594K->368976K(795776K), 0.0075050 secs] [Times: user=0.03 sys=0.00, real=0.01 secs] 
2014-07-08T20:33:44.704+0000: 2138.351: [GC [PSYoungGen: 108740K->1060K(106880K)] 476304K->368874K(793856K), 0.0103290 secs] [Times: user=0.07 sys=0.00, real=0.01 secs] 
2014-07-08T20:33:45.831+0000: 2139.478: [GC [PSYoungGen: 106852K->1380K(105664K)] 474666K->369258K(792640K), 0.0159450 secs] [Times: user=0.11 sys=0.00, real=0.01 secs] 
2014-07-08T20:33:46.860+0000: 2140.507: [GC [PSYoungGen: 105602K->1150K(126272K)] 473480K->369326K(813248K), 0.0127490 secs] [Times: user=0.09 sys=0.00, real=0.01 secs] 
2014-07-08T20:33:48.182+0000: 2141.829: [GC [PSYoungGen: 126270K->1686K(151872K)] 494446K->369934K(838848K), 0.0165250 secs] [Times: user=0.10 sys=0.00, real=0.01 secs] 
2014-07-08T20:33:49.606+0000: 2143.253: [GC [PSYoungGen: 151806K->626K(172288K)] 520055K->369840K(859264K), 0.0125020 secs] [Times: user=0.09 sys=0.00, real=0.01 secs] 
2014-07-08T20:33:51.433+0000: 2145.080: [GC [PSYoungGen: 172274K->1833K(173504K)] 541488K->371062K(860480K), 0.0229410 secs] [Times: user=0.15 sys=0.00, real=0.02 secs] 
2014-07-08T20:33:53.252+0000: 2146.899: [GC [PSYoungGen: 173481K->1554K(208000K)] 542710K->371424K(894976K), 0.0155190 secs] [Times: user=0.10 sys=0.00, real=0.01 secs] 
2014-07-08T20:33:55.245+0000: 2148.892: [GC [PSYoungGen: 207563K->1376K(202880K)] 577434K->371287K(889856K), 0.0120530 secs] [Times: user=0.09 sys=0.00, real=0.01 secs] 
2014-07-08T20:33:57.037+0000: 2150.684: [GC [PSYoungGen: 202839K->626K(197696K)] 572749K->370970K(884672K), 0.0111520 secs] [Times: user=0.05 sys=0.00, real=0.01 secs] 
2014-07-08T20:33:59.104+0000: 2152.751: [GC [PSYoungGen: 197682K->1968K(194816K)] 568026K->372377K(881792K), 0.0082020 secs] [Times: user=0.04 sys=0.01, real=0.01 secs] 
2014-07-08T20:34:00.936+0000: 2154.583: [GC [PSYoungGen: 194800K->1384K(190144K)] 565209K->372339K(877120K), 0.0177040 secs] [Times: user=0.13 sys=0.00, real=0.02 secs] 
2014-07-08T20:34:02.604+0000: 2156.251: [GC [PSYoungGen: 190120K->1224K(186048K)] 561075K->372226K(873024K), 0.0221700 secs] [Times: user=0.15 sys=0.00, real=0.02 secs] 
2014-07-08T20:34:04.416+0000: 2158.063: [GC [PSYoungGen: 185992K->1238K(182208K)] 556994K->372304K(869184K), 0.0149880 secs] [Times: user=0.10 sys=0.00, real=0.02 secs] 
2014-07-08T20:34:06.333+0000: 2159.980: [GC [PSYoungGen: 182166K->1216K(178432K)] 553232K->372370K(865408K), 0.0067140 secs] [Times: user=0.05 sys=0.00, real=0.00 secs] 
2014-07-08T20:34:08.199+0000: 2161.846: [GC [PSYoungGen: 178392K->1646K(175296K)] 549546K->372841K(862272K), 0.0272120 secs] [Times: user=0.17 sys=0.00, real=0.03 secs] 
2014-07-08T20:34:09.823+0000: 2163.470: [GC [PSYoungGen: 175259K->1288K(171520K)] 546453K->372562K(858496K), 0.0074020 secs] [Times: user=0.05 sys=0.00, real=0.00 secs] 
2014-07-08T20:34:11.545+0000: 2165.192: [GC [PSYoungGen: 171464K->1380K(168256K)] 542738K->372735K(855232K), 0.0054940 secs] [Times: user=0.03 sys=0.00, real=0.00 secs] 
2014-07-08T20:34:13.260+0000: 2166.907: [GC [PSYoungGen: 168223K->1394K(164992K)] 539577K->372813K(851968K), 0.0077740 secs] [Times: user=0.03 sys=0.00, real=0.01 secs] 
2014-07-08T20:34:14.686+0000: 2168.333: [GC [PSYoungGen: 164954K->1334K(161792K)] 536373K->372865K(848768K), 0.0136060 secs] [Times: user=0.10 sys=0.00, real=0.01 secs] 
2014-07-08T20:34:16.300+0000: 2169.947: [GC [PSYoungGen: 161753K->1380K(158784K)] 533284K->372974K(845760K), 0.0139510 secs] [Times: user=0.08 sys=0.00, real=0.02 secs] 
2014-07-08T20:34:18.163+0000: 2171.811: [GC [PSYoungGen: 158756K->1264K(155712K)] 530350K->373074K(842688K), 0.0112620 secs] [Times: user=0.08 sys=0.00, real=0.01 secs] 
2014-07-08T20:34:19.512+0000: 2173.159: [GC [PSYoungGen: 155652K->1402K(152960K)] 527463K->373284K(839936K), 0.0092220 secs] [Times: user=0.07 sys=0.00, real=0.01 secs] 
2014-07-08T20:34:21.118+0000: 2174.765: [GC [PSYoungGen: 152954K->1196K(150016K)] 524836K->373246K(836992K), 0.0114170 secs] [Times: user=0.08 sys=0.00, real=0.01 secs] 
2014-07-08T20:34:22.519+0000: 2176.166: [GC [PSYoungGen: 149996K->1078K(147200K)] 522046K->373184K(834176K), 0.0071160 secs] [Times: user=0.03 sys=0.00, real=0.01 secs] 
2014-07-08T20:34:24.174+0000: 2177.821: [GC [PSYoungGen: 147190K->1448K(144960K)] 519296K->373642K(831936K), 0.0065520 secs] [Times: user=0.04 sys=0.00, real=0.01 secs] 
2014-07-08T20:34:25.255+0000: 2178.902: [GC [PSYoungGen: 144936K->1448K(142400K)] 517130K->373707K(829376K), 0.0210520 secs] [Times: user=0.14 sys=0.00, real=0.02 secs] 
2014-07-08T20:34:26.766+0000: 2180.413: [GC [PSYoungGen: 142376K->828K(139328K)] 514635K->373507K(826304K), 0.0140050 secs] [Times: user=0.10 sys=0.00, real=0.01 secs] 
2014-07-08T20:34:28.144+0000: 2181.791: [GC [PSYoungGen: 139324K->1676K(137856K)] 512003K->374434K(824832K), 0.0037740 secs] [Times: user=0.03 sys=0.00, real=0.01 secs] 
2014-07-08T20:34:29.241+0000: 2182.888: [GC [PSYoungGen: 137771K->1074K(134912K)] 510529K->374343K(821888K), 0.0058700 secs] [Times: user=0.02 sys=0.00, real=0.01 secs] 
2014-07-08T20:34:30.511+0000: 2184.158: [GC [PSYoungGen: 134866K->1494K(133120K)] 508134K->374835K(820096K), 0.0100670 secs] [Times: user=0.07 sys=0.00, real=0.01 secs] 
2014-07-08T20:34:31.815+0000: 2185.462: [GC [PSYoungGen: 133078K->1260K(130688K)] 506419K->374973K(817664K), 0.0062240 secs] [Times: user=0.04 sys=0.00, real=0.00 secs] 
2014-07-08T20:34:33.120+0000: 2186.767: [GC [PSYoungGen: 130668K->1484K(128832K)] 504381K->375253K(815808K), 0.0083370 secs] [Times: user=0.06 sys=0.00, real=0.01 secs] 
2014-07-08T20:34:34.374+0000: 2188.021: [GC [PSYoungGen: 128780K->1074K(126336K)] 502549K->375077K(813312K), 0.0082970 secs] [Times: user=0.06 sys=0.00, real=0.01 secs] 
2014-07-08T20:34:35.554+0000: 2189.201: [GC [PSYoungGen: 126322K->1434K(124672K)] 500325K->375525K(811648K), 0.0043240 secs] [Times: user=0.02 sys=0.00, real=0.01 secs] 
2014-07-08T20:34:36.631+0000: 2190.278: [GC [PSYoungGen: 124632K->1191K(122432K)] 498723K->375717K(809408K), 0.0050750 secs] [Times: user=0.02 sys=0.00, real=0.01 secs] 
2014-07-08T20:34:37.871+0000: 2191.518: [GC [PSYoungGen: 122406K->1266K(120576K)] 496933K->375864K(807552K), 0.0048920 secs] [Times: user=0.02 sys=0.01, real=0.00 secs] 
2014-07-08T20:34:39.014+0000: 2192.661: [GC [PSYoungGen: 120562K->1230K(118720K)] 495160K->375974K(805696K), 0.0039040 secs] [Times: user=0.03 sys=0.00, real=0.01 secs] 
2014-07-08T20:34:40.082+0000: 2193.729: [GC [PSYoungGen: 118670K->1344K(117056K)] 493414K->376160K(804032K), 0.0040010 secs] [Times: user=0.03 sys=0.01, real=0.01 secs] 
2014-07-08T20:34:41.287+0000: 2194.934: [GC [PSYoungGen: 116992K->1078K(115008K)] 491808K->376006K(801984K), 0.0102760 secs] [Times: user=0.06 sys=0.00, real=0.01 secs] 
2014-07-08T20:34:42.247+0000: 2195.894: [GC [PSYoungGen: 114991K->1142K(113344K)] 489920K->376134K(800320K), 0.0061070 secs] [Times: user=0.04 sys=0.01, real=0.00 secs] 
2014-07-08T20:34:43.281+0000: 2196.928: [GC [PSYoungGen: 113334K->1042K(111616K)] 488326K->376090K(798592K), 0.0094910 secs] [Times: user=0.06 sys=0.00, real=0.01 secs] 
2014-07-08T20:34:44.449+0000: 2198.096: [GC [PSYoungGen: 111528K->1849K(110784K)] 486576K->377009K(797760K), 0.0079280 secs] [Times: user=0.05 sys=0.00, real=0.00 secs] 
2014-07-08T20:34:45.550+0000: 2199.197: [GC [PSYoungGen: 110777K->804K(108160K)] 485937K->376334K(795136K), 0.0063760 secs] [Times: user=0.04 sys=0.00, real=0.00 secs] 
2014-07-08T20:34:46.522+0000: 2200.169: [GC [PSYoungGen: 108132K->1656K(107456K)] 483662K->377251K(794432K), 0.0076490 secs] [Times: user=0.05 sys=0.00, real=0.01 secs] 
2014-07-08T20:34:47.542+0000: 2201.189: [GC [PSYoungGen: 107448K->1384K(105664K)] 483043K->377098K(792640K), 0.0080490 secs] [Times: user=0.05 sys=0.00, real=0.01 secs] 
2014-07-08T20:34:48.481+0000: 2202.128: [GC [PSYoungGen: 105640K->1356K(104192K)] 481354K->377184K(791168K), 0.0083760 secs] [Times: user=0.05 sys=0.00, real=0.01 secs] 
2014-07-08T20:34:49.449+0000: 2203.096: [GC [PSYoungGen: 104140K->1214K(102592K)] 479968K->377282K(789568K), 0.0060060 secs] [Times: user=0.03 sys=0.00, real=0.00 secs] 
2014-07-08T20:34:50.381+0000: 2204.028: [GC [PSYoungGen: 102590K->1450K(101440K)] 478658K->377691K(788416K), 0.0036670 secs] [Times: user=0.02 sys=0.00, real=0.00 secs] 
2014-07-08T20:34:51.326+0000: 2204.973: [GC [PSYoungGen: 101418K->1202K(99840K)] 477659K->377546K(786816K), 0.0034880 secs] [Times: user=0.02 sys=0.00, real=0.01 secs] 
2014-07-08T20:34:52.292+0000: 2205.939: [GC [PSYoungGen: 99826K->1416K(98752K)] 476170K->377840K(785728K), 0.0050960 secs] [Times: user=0.02 sys=0.00, real=0.00 secs] 
2014-07-08T20:34:53.225+0000: 2206.872: [GC [PSYoungGen: 98682K->1064K(97088K)] 475106K->377840K(784064K), 0.0072240 secs] [Times: user=0.05 sys=0.00, real=0.01 secs] 
2014-07-08T20:34:54.238+0000: 2207.885: [GC [PSYoungGen: 97064K->1540K(96320K)] 473840K->378463K(783296K), 0.0083420 secs] [Times: user=0.04 sys=0.01, real=0.01 secs] 
2014-07-08T20:34:55.188+0000: 2208.835: [GC [PSYoungGen: 96260K->932K(94464K)] 473183K->378130K(781440K), 0.0074710 secs] [Times: user=0.03 sys=0.00, real=0.01 secs] 
2014-07-08T20:34:56.024+0000: 2209.671: [GC [PSYoungGen: 94393K->1224K(93568K)] 471592K->378478K(780544K), 0.0130350 secs] [Times: user=0.06 sys=0.00, real=0.01 secs] 
2014-07-08T20:34:56.843+0000: 2210.490: [GC [PSYoungGen: 93512K->1384K(112192K)] 470766K->378856K(799168K), 0.0116110 secs] [Times: user=0.08 sys=0.00, real=0.01 secs] 
2014-07-08T20:34:57.938+0000: 2211.585: [GC [PSYoungGen: 112168K->1422K(110592K)] 489640K->378991K(797568K), 0.0056350 secs] [Times: user=0.03 sys=0.00, real=0.01 secs] 
2014-07-08T20:34:59.030+0000: 2212.677: [GC [PSYoungGen: 110542K->878K(108416K)] 488111K->379097K(795392K), 0.0067930 secs] [Times: user=0.03 sys=0.00, real=0.00 secs] 
2014-07-08T20:35:00.065+0000: 2213.712: [GC [PSYoungGen: 108376K->1776K(130816K)] 486595K->380035K(817792K), 0.0207590 secs] [Times: user=0.12 sys=0.00, real=0.02 secs] 
2014-07-08T20:35:01.351+0000: 2214.998: [GC [PSYoungGen: 130800K->936K(155840K)] 509059K->379567K(842816K), 0.0092720 secs] [Times: user=0.05 sys=0.00, real=0.01 secs] 
2014-07-08T20:35:02.707+0000: 2216.354: [GC [PSYoungGen: 155816K->1344K(153408K)] 534447K->380047K(840384K), 0.0121090 secs] [Times: user=0.08 sys=0.00, real=0.01 secs] 
2014-07-08T20:35:04.166+0000: 2217.813: [GC [PSYoungGen: 153344K->1326K(150528K)] 532047K->380183K(837504K), 0.0113580 secs] [Times: user=0.06 sys=0.00, real=0.01 secs] 
2014-07-08T20:35:05.436+0000: 2219.083: [GC [PSYoungGen: 150510K->1248K(147776K)] 529367K->380169K(834752K), 0.0067090 secs] [Times: user=0.04 sys=0.00, real=0.01 secs] 
2014-07-08T20:35:07.085+0000: 2220.732: [GC [PSYoungGen: 147727K->1135K(145024K)] 526648K->380338K(832000K), 0.0082690 secs] [Times: user=0.05 sys=0.00, real=0.01 secs] 
2014-07-08T20:35:08.277+0000: 2221.924: [GC [PSYoungGen: 144991K->1458K(142784K)] 524195K->380725K(829760K), 0.0070360 secs] [Times: user=0.02 sys=0.00, real=0.01 secs] 
2014-07-08T20:35:09.663+0000: 2223.310: [GC [PSYoungGen: 142769K->992K(139840K)] 522036K->380737K(826816K), 0.0086940 secs] [Times: user=0.05 sys=0.00, real=0.01 secs] 
2014-07-08T20:35:11.113+0000: 2224.760: [GC [PSYoungGen: 139808K->1434K(137920K)] 519553K->381267K(824896K), 0.0096330 secs] [Times: user=0.06 sys=0.00, real=0.01 secs] 
2014-07-08T20:35:12.254+0000: 2225.901: [GC [PSYoungGen: 137872K->1149K(135296K)] 517705K->381274K(822272K), 0.0160020 secs] [Times: user=0.10 sys=0.00, real=0.01 secs] 
2014-07-08T20:35:13.434+0000: 2227.081: [GC [PSYoungGen: 135227K->1516K(133440K)] 515352K->381729K(820416K), 0.0107090 secs] [Times: user=0.06 sys=0.00, real=0.01 secs] 
2014-07-08T20:35:14.645+0000: 2228.292: [GC [PSYoungGen: 133420K->800K(130560K)] 513633K->381445K(817536K), 0.0135030 secs] [Times: user=0.07 sys=0.00, real=0.01 secs] 
2014-07-08T20:35:16.121+0000: 2229.768: [GC [PSYoungGen: 130497K->1690K(129344K)] 511142K->382383K(816320K), 0.0042790 secs] [Times: user=0.02 sys=0.00, real=0.01 secs] 
2014-07-08T20:35:17.438+0000: 2231.085: [GC [PSYoungGen: 129306K->932K(126464K)] 509999K->382097K(813440K), 0.0071860 secs] [Times: user=0.05 sys=0.00, real=0.01 secs] 
2014-07-08T20:35:18.530+0000: 2232.177: [GC [PSYoungGen: 126436K->1270K(124736K)] 507601K->382499K(811712K), 0.0085020 secs] [Times: user=0.05 sys=0.01, real=0.01 secs] 
2014-07-08T20:35:19.723+0000: 2233.370: [GC [PSYoungGen: 124726K->1388K(122880K)] 505955K->383021K(809856K), 0.0092910 secs] [Times: user=0.06 sys=0.00, real=0.01 secs] 
2014-07-08T20:35:21.002+0000: 2234.649: [GC [PSYoungGen: 122860K->1618K(121216K)] 504493K->383348K(808192K), 0.0060120 secs] [Times: user=0.03 sys=0.00, real=0.01 secs] 
2014-07-08T20:35:22.303+0000: 2235.950: [GC [PSYoungGen: 121170K->686K(118400K)] 502900K->383086K(805376K), 0.0128490 secs] [Times: user=0.09 sys=0.00, real=0.01 secs] 
2014-07-08T20:35:23.418+0000: 2237.065: [GC [PSYoungGen: 118382K->1832K(117760K)] 500782K->384402K(804736K), 0.0131270 secs] [Times: user=0.07 sys=0.00, real=0.01 secs] 
2014-07-08T20:35:24.463+0000: 2238.110: [GC [PSYoungGen: 117736K->1188K(115328K)] 500306K->384350K(802304K), 0.0081200 secs] [Times: user=0.05 sys=0.01, real=0.01 secs] 
2014-07-08T20:35:25.315+0000: 2238.962: [GC [PSYoungGen: 115274K->1306K(113728K)] 498436K->384574K(800704K), 0.0090040 secs] [Times: user=0.07 sys=0.00, real=0.01 secs] 
2014-07-08T20:35:26.363+0000: 2240.010: [GC [PSYoungGen: 113689K->1074K(111808K)] 496957K->384488K(798784K), 0.0036570 secs] [Times: user=0.02 sys=0.00, real=0.01 secs] 
2014-07-08T20:35:27.368+0000: 2241.015: [GC [PSYoungGen: 111794K->1536K(110720K)] 495208K->385022K(797696K), 0.0081390 secs] [Times: user=0.05 sys=0.00, real=0.01 secs] 
2014-07-08T20:35:28.415+0000: 2242.062: [GC [PSYoungGen: 110656K->1451K(108992K)] 494142K->385153K(795968K), 0.0075630 secs] [Times: user=0.04 sys=0.00, real=0.00 secs] 
2014-07-08T20:35:29.409+0000: 2243.056: [GC [PSYoungGen: 108971K->1444K(107456K)] 492673K->385202K(794432K), 0.0093250 secs] [Times: user=0.05 sys=0.00, real=0.01 secs] 
2014-07-08T20:35:30.456+0000: 2244.104: [GC [PSYoungGen: 107428K->1194K(105664K)] 491186K->385153K(792640K), 0.0101590 secs] [Times: user=0.07 sys=0.00, real=0.01 secs] 
2014-07-08T20:35:31.622+0000: 2245.269: [GC [PSYoungGen: 105642K->1881K(104896K)] 489601K->385943K(791872K), 0.0093600 secs] [Times: user=0.05 sys=0.00, real=0.01 secs] 
2014-07-08T20:35:32.635+0000: 2246.282: [GC [PSYoungGen: 104815K->864K(102464K)] 488877K->385342K(789440K), 0.0112080 secs] [Times: user=0.07 sys=0.00, real=0.01 secs] 
2014-07-08T20:35:33.601+0000: 2247.248: [GC [PSYoungGen: 102432K->1684K(101888K)] 486910K->386292K(788864K), 0.0057730 secs] [Times: user=0.03 sys=0.00, real=0.01 secs] 
2014-07-08T20:35:34.578+0000: 2248.225: [GC [PSYoungGen: 101818K->1480K(100352K)] 486426K->386564K(787328K), 0.0121040 secs] [Times: user=0.09 sys=0.00, real=0.01 secs] 
2014-07-08T20:35:35.439+0000: 2249.086: [GC [PSYoungGen: 100296K->1252K(98752K)] 485380K->386424K(785728K), 0.0072070 secs] [Times: user=0.04 sys=0.00, real=0.01 secs] 
2014-07-08T20:35:36.585+0000: 2250.232: [GC [PSYoungGen: 98724K->1294K(97536K)] 483896K->386546K(784512K), 0.0083590 secs] [Times: user=0.04 sys=0.00, real=0.00 secs] 
2014-07-08T20:35:37.402+0000: 2251.049: [GC [PSYoungGen: 97485K->1224K(116736K)] 482737K->386548K(803712K), 0.0155260 secs] [Times: user=0.10 sys=0.00, real=0.02 secs] 
2014-07-08T20:35:38.536+0000: 2252.183: [GC [PSYoungGen: 116679K->1394K(139968K)] 502004K->386807K(826944K), 0.0086120 secs] [Times: user=0.05 sys=0.00, real=0.01 secs] 
2014-07-08T20:35:40.209+0000: 2253.856: [GC [PSYoungGen: 139954K->1334K(137536K)] 525367K->386818K(824512K), 0.0075780 secs] [Times: user=0.04 sys=0.00, real=0.01 secs] 
2014-07-08T20:35:41.342+0000: 2254.989: [GC [PSYoungGen: 137526K->1255K(135168K)] 523010K->387127K(822144K), 0.0102790 secs] [Times: user=0.07 sys=0.00, real=0.01 secs] 
2014-07-08T20:35:42.642+0000: 2256.289: [GC [PSYoungGen: 135140K->1822K(133504K)] 521013K->387750K(820480K), 0.0123210 secs] [Times: user=0.06 sys=0.00, real=0.01 secs] 
2014-07-08T20:35:44.001+0000: 2257.648: [GC [PSYoungGen: 133470K->878K(130368K)] 519398K->387532K(817344K), 0.0040440 secs] [Times: user=0.02 sys=0.00, real=0.00 secs] 
2014-07-08T20:35:45.299+0000: 2258.946: [GC [PSYoungGen: 130350K->1362K(128768K)] 517004K->388072K(815744K), 0.0046670 secs] [Times: user=0.02 sys=0.00, real=0.00 secs] 
2014-07-08T20:35:46.437+0000: 2260.084: [GC [PSYoungGen: 128722K->1266K(126592K)] 515432K->388049K(813568K), 0.0051830 secs] [Times: user=0.02 sys=0.00, real=0.00 secs] 
2014-07-08T20:35:47.733+0000: 2261.380: [GC [PSYoungGen: 126578K->1142K(124416K)] 513361K->387980K(811392K), 0.0038070 secs] [Times: user=0.02 sys=0.00, real=0.01 secs] 
2014-07-08T20:35:49.129+0000: 2262.776: [GC [PSYoungGen: 124358K->1573K(122880K)] 511197K->388483K(809856K), 0.0125460 secs] [Times: user=0.08 sys=0.00, real=0.01 secs] 
2014-07-08T20:35:50.353+0000: 2264.000: [GC [PSYoungGen: 122853K->1388K(120768K)] 509763K->388371K(807744K), 0.0041560 secs] [Times: user=0.03 sys=0.00, real=0.01 secs] 
2014-07-08T20:35:51.254+0000: 2264.901: [GC [PSYoungGen: 120709K->1139K(118656K)] 507692K->388462K(805632K), 0.0089170 secs] [Times: user=0.04 sys=0.00, real=0.01 secs] 
2014-07-08T20:35:52.274+0000: 2265.921: [GC [PSYoungGen: 118643K->1608K(117376K)] 505966K->388971K(804352K), 0.0136220 secs] [Times: user=0.08 sys=0.00, real=0.02 secs] 
2014-07-08T20:35:53.327+0000: 2266.974: [GC [PSYoungGen: 117320K->1080K(115008K)] 504683K->388733K(801984K), 0.0066270 secs] [Times: user=0.03 sys=0.00, real=0.01 secs] 
2014-07-08T20:35:54.388+0000: 2268.035: [GC [PSYoungGen: 115000K->1302K(113536K)] 502653K->389143K(800512K), 0.0068900 secs] [Times: user=0.04 sys=0.00, real=0.01 secs] 
2014-07-08T20:35:55.495+0000: 2269.142: [GC [PSYoungGen: 113494K->1454K(112000K)] 501335K->389612K(798976K), 0.0084560 secs] [Times: user=0.04 sys=0.00, real=0.01 secs] 
2014-07-08T20:35:56.576+0000: 2270.223: [GC [PSYoungGen: 111979K->1156K(110144K)] 500137K->389377K(797120K), 0.0068930 secs] [Times: user=0.04 sys=0.00, real=0.01 secs] 
2014-07-08T20:35:57.581+0000: 2271.228: [GC [PSYoungGen: 110084K->1320K(108672K)] 498305K->389800K(795648K), 0.0055750 secs] [Times: user=0.04 sys=0.00, real=0.00 secs] 
2014-07-08T20:35:58.671+0000: 2272.318: [GC [PSYoungGen: 108648K->1302K(107136K)] 497128K->389877K(794112K), 0.0061880 secs] [Times: user=0.04 sys=0.00, real=0.00 secs] 
2014-07-08T20:35:59.591+0000: 2273.238: [GC [PSYoungGen: 107094K->1316K(105600K)] 495669K->390118K(792576K), 0.0104820 secs] [Times: user=0.06 sys=0.00, real=0.01 secs] 
2014-07-08T20:36:00.511+0000: 2274.158: [GC [PSYoungGen: 105504K->1515K(104320K)] 494306K->390381K(791296K), 0.0067170 secs] [Times: user=0.05 sys=0.00, real=0.00 secs] 
2014-07-08T20:36:01.650+0000: 2275.297: [GC [PSYoungGen: 104299K->1138K(102528K)] 493165K->390099K(789504K), 0.0118130 secs] [Times: user=0.08 sys=0.00, real=0.01 secs] 
2014-07-08T20:36:02.593+0000: 2276.240: [GC [PSYoungGen: 102513K->1706K(101696K)] 491475K->390764K(788672K), 0.0040510 secs] [Times: user=0.02 sys=0.00, real=0.00 secs] 
2014-07-08T20:36:03.699+0000: 2277.346: [GC [PSYoungGen: 101674K->992K(99648K)] 490732K->390250K(786624K), 0.0052820 secs] [Times: user=0.03 sys=0.00, real=0.00 secs] 
2014-07-08T20:36:04.661+0000: 2278.308: [GC [PSYoungGen: 99616K->1426K(98752K)] 488874K->390739K(785728K), 0.0056500 secs] [Times: user=0.04 sys=0.00, real=0.00 secs] 
2014-07-08T20:36:05.574+0000: 2279.221: [GC [PSYoungGen: 98706K->1430K(97472K)] 488019K->390832K(784448K), 0.0101420 secs] [Times: user=0.08 sys=0.00, real=0.01 secs] 
2014-07-08T20:36:06.808+0000: 2280.455: [GC [PSYoungGen: 97430K->1398K(96128K)] 486832K->390979K(783104K), 0.0106340 secs] [Times: user=0.05 sys=0.00, real=0.01 secs] 
2014-07-08T20:36:07.630+0000: 2281.277: [GC [PSYoungGen: 96118K->896K(94400K)] 485699K->390653K(781376K), 0.0059910 secs] [Times: user=0.04 sys=0.00, real=0.00 secs] 
2014-07-08T20:36:08.513+0000: 2282.160: [GC [PSYoungGen: 94400K->1312K(93632K)] 484157K->391150K(780608K), 0.0126540 secs] [Times: user=0.08 sys=0.00, real=0.01 secs] 
2014-07-08T20:36:09.377+0000: 2283.024: [GC [PSYoungGen: 93593K->1316K(92416K)] 483431K->391265K(779392K), 0.0052840 secs] [Times: user=0.03 sys=0.00, real=0.01 secs] 
2014-07-08T20:36:10.263+0000: 2283.910: [GC [PSYoungGen: 92388K->1380K(91328K)] 482337K->391394K(778304K), 0.0059030 secs] [Times: user=0.03 sys=0.00, real=0.00 secs] 
2014-07-08T20:36:11.208+0000: 2284.855: [GC [PSYoungGen: 91300K->886K(89664K)] 481314K->391070K(776640K), 0.0110640 secs] [Times: user=0.06 sys=0.00, real=0.01 secs] 
2014-07-08T20:36:12.095+0000: 2285.742: [GC [PSYoungGen: 89654K->1712K(89408K)] 479838K->391952K(776384K), 0.0044440 secs] [Times: user=0.02 sys=0.00, real=0.00 secs] 
2014-07-08T20:36:12.842+0000: 2286.489: [GC [PSYoungGen: 89360K->1010K(87616K)] 479600K->392082K(774592K), 0.0126830 secs] [Times: user=0.08 sys=0.00, real=0.01 secs] 
2014-07-08T20:36:13.548+0000: 2287.195: [GC [PSYoungGen: 87583K->1394K(105344K)] 478655K->392578K(792320K), 0.0074960 secs] [Times: user=0.04 sys=0.00, real=0.01 secs] 
2014-07-08T20:36:14.723+0000: 2288.370: [GC [PSYoungGen: 105330K->1188K(125952K)] 496514K->392550K(812928K), 0.0151870 secs] [Times: user=0.10 sys=0.00, real=0.01 secs] 
2014-07-08T20:36:16.235+0000: 2289.883: [GC [PSYoungGen: 125924K->1538K(124352K)] 517286K->392956K(811328K), 0.0097400 secs] [Times: user=0.05 sys=0.01, real=0.01 secs] 
2014-07-08T20:36:17.305+0000: 2290.952: [GC [PSYoungGen: 124290K->1066K(121920K)] 515708K->392775K(808896K), 0.0065290 secs] [Times: user=0.03 sys=0.00, real=0.01 secs] 
2014-07-08T20:36:18.324+0000: 2291.971: [GC [PSYoungGen: 121898K->1124K(120064K)] 513607K->392880K(807040K), 0.0104380 secs] [Times: user=0.06 sys=0.00, real=0.01 secs] 
2014-07-08T20:36:19.366+0000: 2293.013: [GC [PSYoungGen: 120036K->1294K(118400K)] 511792K->393154K(805376K), 0.0072010 secs] [Times: user=0.04 sys=0.00, real=0.01 secs] 
2014-07-08T20:36:20.475+0000: 2294.122: [GC [PSYoungGen: 118316K->1242K(116544K)] 510177K->393166K(803520K), 0.0082970 secs] [Times: user=0.04 sys=0.00, real=0.01 secs] 
2014-07-08T20:36:21.685+0000: 2295.332: [GC [PSYoungGen: 116506K->1120K(114688K)] 508430K->393326K(801664K), 0.0090500 secs] [Times: user=0.06 sys=0.00, real=0.01 secs] 
2014-07-08T20:36:22.819+0000: 2296.466: [GC [PSYoungGen: 114656K->1344K(113216K)] 506862K->393598K(800192K), 0.0075090 secs] [Times: user=0.04 sys=0.00, real=0.01 secs] 
2014-07-08T20:36:23.912+0000: 2297.559: [GC [PSYoungGen: 113149K->1084K(111232K)] 505404K->393712K(798208K), 0.0048800 secs] [Times: user=0.02 sys=0.00, real=0.00 secs] 
2014-07-08T20:36:25.150+0000: 2298.797: [GC [PSYoungGen: 111219K->1672K(110272K)] 503848K->394364K(797248K), 0.0161770 secs] [Times: user=0.12 sys=0.00, real=0.02 secs] 
2014-07-08T20:36:26.231+0000: 2299.878: [GC [PSYoungGen: 110216K->811K(107776K)] 502908K->394006K(794752K), 0.0152120 secs] [Times: user=0.09 sys=0.00, real=0.02 secs] 
2014-07-08T20:36:27.307+0000: 2300.954: [GC [PSYoungGen: 107727K->1604K(130048K)] 500922K->394888K(817024K), 0.0149860 secs] [Times: user=0.10 sys=0.01, real=0.01 secs] 
2014-07-08T20:36:28.331+0000: 2301.978: [GC [PSYoungGen: 129988K->1260K(131264K)] 523272K->394809K(818240K), 0.0102080 secs] [Times: user=0.06 sys=0.00, real=0.01 secs] 
2014-07-08T20:36:29.564+0000: 2303.211: [GC [PSYoungGen: 131226K->1706K(129536K)] 524775K->395352K(816512K), 0.0056590 secs] [Times: user=0.03 sys=0.00, real=0.00 secs] 
2014-07-08T20:36:30.925+0000: 2304.572: [GC [PSYoungGen: 129514K->178K(125888K)] 523160K->395074K(812864K), 0.0174380 secs] [Times: user=0.11 sys=0.00, real=0.01 secs] 
2014-07-08T20:36:32.154+0000: 2305.801: [GC [PSYoungGen: 125874K->1730K(125440K)] 520770K->396674K(812416K), 0.0112990 secs] [Times: user=0.07 sys=0.00, real=0.01 secs] 
2014-07-08T20:36:33.549+0000: 2307.197: [GC [PSYoungGen: 125378K->1504K(129856K)] 520322K->397085K(816832K), 0.0175060 secs] [Times: user=0.12 sys=0.00, real=0.02 secs] 
2014-07-08T20:36:34.693+0000: 2308.340: [GC [PSYoungGen: 129568K->1224K(127232K)] 525148K->396884K(814208K), 0.0092270 secs] [Times: user=0.06 sys=0.00, real=0.01 secs] 
2014-07-08T20:36:36.164+0000: 2309.811: [GC [PSYoungGen: 127176K->676K(124608K)] 522836K->396836K(811584K), 0.0096340 secs] [Times: user=0.07 sys=0.01, real=0.01 secs] 
2014-07-08T20:36:37.273+0000: 2310.920: [GC [PSYoungGen: 124580K->1768K(123712K)] 520740K->398024K(810688K), 0.0079380 secs] [Times: user=0.04 sys=0.00, real=0.01 secs] 
2014-07-08T20:36:38.529+0000: 2312.177: [GC [PSYoungGen: 123688K->1334K(121344K)] 519944K->397966K(808320K), 0.0165750 secs] [Times: user=0.11 sys=0.00, real=0.02 secs] 
2014-07-08T20:36:39.584+0000: 2313.231: [GC [PSYoungGen: 121334K->1448K(127360K)] 517966K->398160K(814336K), 0.0182720 secs] [Times: user=0.13 sys=0.00, real=0.02 secs] 
2014-07-08T20:36:41.169+0000: 2314.816: [GC [PSYoungGen: 126824K->1690K(125056K)] 523536K->398474K(812032K), 0.0076610 secs] [Times: user=0.04 sys=0.00, real=0.01 secs] 
2014-07-08T20:36:42.474+0000: 2316.121: [GC [PSYoungGen: 125018K->1092K(122496K)] 521802K->397932K(809472K), 0.0090190 secs] [Times: user=0.06 sys=0.01, real=0.01 secs] 
2014-07-08T20:36:43.485+0000: 2317.132: [GC [PSYoungGen: 122436K->1138K(120576K)] 519276K->398236K(807552K), 0.0114700 secs] [Times: user=0.08 sys=0.00, real=0.02 secs] 
2014-07-08T20:36:44.727+0000: 2318.374: [GC [PSYoungGen: 120562K->1092K(118720K)] 517660K->398254K(805696K), 0.0065830 secs] [Times: user=0.04 sys=0.00, real=0.00 secs] 
2014-07-08T20:36:45.883+0000: 2319.530: [GC [PSYoungGen: 118660K->1394K(117184K)] 515822K->398668K(804160K), 0.0053870 secs] [Times: user=0.03 sys=0.00, real=0.01 secs] 
2014-07-08T20:36:47.288+0000: 2320.935: [GC [PSYoungGen: 117170K->1490K(115520K)] 514444K->398868K(802496K), 0.0120560 secs] [Times: user=0.08 sys=0.00, real=0.01 secs] 
2014-07-08T20:36:48.424+0000: 2322.071: [GC [PSYoungGen: 115474K->936K(113216K)] 512852K->398700K(800192K), 0.0087510 secs] [Times: user=0.05 sys=0.00, real=0.01 secs] 
2014-07-08T20:36:49.433+0000: 2323.080: [GC [PSYoungGen: 113192K->1358K(136128K)] 510956K->399218K(823104K), 0.0219100 secs] [Times: user=0.15 sys=0.00, real=0.02 secs] 
2014-07-08T20:36:50.829+0000: 2324.476: [GC [PSYoungGen: 136078K->1402K(140608K)] 533938K->399398K(827584K), 0.0216150 secs] [Times: user=0.16 sys=0.00, real=0.02 secs] 
2014-07-08T20:36:52.420+0000: 2326.067: [GC [PSYoungGen: 140602K->1270K(141056K)] 538598K->399306K(828032K), 0.0124180 secs] [Times: user=0.07 sys=0.00, real=0.01 secs] 
2014-07-08T20:36:53.625+0000: 2327.272: [GC [PSYoungGen: 140470K->1262K(168832K)] 538506K->399386K(855808K), 0.0108420 secs] [Times: user=0.07 sys=0.00, real=0.01 secs] 
2014-07-08T20:36:55.388+0000: 2329.035: [GC [PSYoungGen: 168302K->1316K(165120K)] 566426K->399504K(852096K), 0.0058230 secs] [Times: user=0.02 sys=0.00, real=0.00 secs] 
2014-07-08T20:36:57.164+0000: 2330.811: [GC [PSYoungGen: 165092K->502K(161152K)] 563280K->399290K(848128K), 0.0124080 secs] [Times: user=0.08 sys=0.00, real=0.02 secs] 
2014-07-08T20:36:58.772+0000: 2332.419: [GC [PSYoungGen: 161142K->1762K(159360K)] 559930K->400630K(846336K), 0.0114110 secs] [Times: user=0.08 sys=0.00, real=0.01 secs] 
2014-07-08T20:37:00.462+0000: 2334.109: [GC [PSYoungGen: 159330K->1334K(155968K)] 558198K->400815K(842944K), 0.0079200 secs] [Times: user=0.05 sys=0.00, real=0.01 secs] 
2014-07-08T20:37:01.809+0000: 2335.456: [GC [PSYoungGen: 155958K->1042K(152832K)] 555439K->400578K(839808K), 0.0139570 secs] [Times: user=0.09 sys=0.01, real=0.01 secs] 
2014-07-08T20:37:03.431+0000: 2337.078: [GC [PSYoungGen: 152786K->1238K(150272K)] 552322K->400862K(837248K), 0.0101870 secs] [Times: user=0.07 sys=0.00, real=0.01 secs] 
2014-07-08T20:37:04.713+0000: 2338.360: [GC [PSYoungGen: 150230K->1686K(148032K)] 549854K->401390K(835008K), 0.0066510 secs] [Times: user=0.04 sys=0.00, real=0.01 secs] 
2014-07-08T20:37:06.359+0000: 2340.006: [GC [PSYoungGen: 147990K->1142K(144832K)] 547694K->401195K(831808K), 0.0051680 secs] [Times: user=0.03 sys=0.00, real=0.01 secs] 
2014-07-08T20:37:07.586+0000: 2341.233: [GC [PSYoungGen: 144820K->1274K(142400K)] 544874K->401399K(829376K), 0.0141030 secs] [Times: user=0.08 sys=0.00, real=0.02 secs] 
2014-07-08T20:37:09.284+0000: 2342.931: [GC [PSYoungGen: 142392K->1252K(139904K)] 542518K->401481K(826880K), 0.0141040 secs] [Times: user=0.10 sys=0.00, real=0.01 secs] 
2014-07-08T20:37:10.588+0000: 2344.235: [GC [PSYoungGen: 139876K->1206K(137472K)] 540105K->401499K(824448K), 0.0124890 secs] [Times: user=0.09 sys=0.00, real=0.02 secs] 
2014-07-08T20:37:11.927+0000: 2345.574: [GC [PSYoungGen: 137462K->1192K(135168K)] 537755K->401581K(822144K), 0.0151480 secs] [Times: user=0.11 sys=0.00, real=0.02 secs] 
2014-07-08T20:37:13.358+0000: 2347.005: [GC [PSYoungGen: 135144K->1124K(132864K)] 535533K->401585K(819840K), 0.0085280 secs] [Times: user=0.05 sys=0.00, real=0.01 secs] 
2014-07-08T20:37:14.546+0000: 2348.193: [GC [PSYoungGen: 132836K->1202K(130752K)] 533297K->401759K(817728K), 0.0092500 secs] [Times: user=0.07 sys=0.00, real=0.01 secs] 
2014-07-08T20:37:15.787+0000: 2349.434: [GC [PSYoungGen: 130738K->1270K(128704K)] 531295K->401907K(815680K), 0.0104950 secs] [Times: user=0.06 sys=0.00, real=0.01 secs] 
2014-07-08T20:37:17.220+0000: 2350.867: [GC [PSYoungGen: 128692K->1376K(126784K)] 529330K->402118K(813760K), 0.0170130 secs] [Times: user=0.11 sys=0.00, real=0.02 secs] 
2014-07-08T20:37:18.412+0000: 2352.059: [GC [PSYoungGen: 126752K->1042K(124416K)] 527494K->401839K(811392K), 0.0078700 secs] [Times: user=0.05 sys=0.00, real=0.00 secs] 
2014-07-08T20:37:19.782+0000: 2353.429: [GC [PSYoungGen: 124361K->1174K(149248K)] 525158K->402011K(836224K), 0.0223420 secs] [Times: user=0.12 sys=0.00, real=0.02 secs] 
2014-07-08T20:37:21.385+0000: 2355.032: [GC [PSYoungGen: 149206K->1316K(156480K)] 550043K->402217K(843456K), 0.0187820 secs] [Times: user=0.12 sys=0.00, real=0.02 secs] 
2014-07-08T20:37:22.899+0000: 2356.546: [GC [PSYoungGen: 156004K->1284K(179520K)] 556905K->402281K(866496K), 0.0130550 secs] [Times: user=0.06 sys=0.00, real=0.02 secs] 
2014-07-08T20:37:24.670+0000: 2358.317: [GC [PSYoungGen: 179012K->1224K(175424K)] 580009K->402277K(862400K), 0.0160140 secs] [Times: user=0.09 sys=0.00, real=0.02 secs] 
2014-07-08T20:37:26.623+0000: 2360.270: [GC [PSYoungGen: 175347K->506K(171200K)] 576400K->402411K(858176K), 0.0174430 secs] [Times: user=0.12 sys=0.00, real=0.01 secs] 
2014-07-08T20:37:28.479+0000: 2362.126: [GC [PSYoungGen: 171194K->1366K(168704K)] 573099K->403353K(855680K), 0.0118710 secs] [Times: user=0.06 sys=0.00, real=0.01 secs] 
2014-07-08T20:37:30.003+0000: 2363.650: [GC [PSYoungGen: 168655K->1445K(165504K)] 570643K->403819K(852480K), 0.0134640 secs] [Times: user=0.10 sys=0.00, real=0.01 secs] 
2014-07-08T20:37:31.711+0000: 2365.358: [GC [PSYoungGen: 165477K->1785K(177216K)] 567851K->404254K(864192K), 0.0323000 secs] [Times: user=0.25 sys=0.00, real=0.04 secs] 
2014-07-08T20:37:33.561+0000: 2367.208: [GC [PSYoungGen: 177073K->1914K(198528K)] 579543K->404588K(885504K), 0.0156720 secs] [Times: user=0.10 sys=0.00, real=0.02 secs] 
2014-07-08T20:37:35.727+0000: 2369.374: [GC [PSYoungGen: 198522K->1450K(193856K)] 601196K->404172K(880832K), 0.0119260 secs] [Times: user=0.08 sys=0.00, real=0.01 secs] 
2014-07-08T20:37:37.571+0000: 2371.218: [GC [PSYoungGen: 193834K->740K(189056K)] 596556K->403807K(876032K), 0.0064340 secs] [Times: user=0.05 sys=0.00, real=0.01 secs] 
2014-07-08T20:37:39.438+0000: 2373.085: [GC [PSYoungGen: 189028K->1252K(185600K)] 592095K->404383K(872576K), 0.0080560 secs] [Times: user=0.04 sys=0.00, real=0.01 secs] 
2014-07-08T20:37:41.513+0000: 2375.160: [GC [PSYoungGen: 185572K->1220K(181760K)] 588703K->404407K(868736K), 0.0075060 secs] [Times: user=0.05 sys=0.00, real=0.01 secs] 
2014-07-08T20:37:43.258+0000: 2376.905: [GC [PSYoungGen: 181700K->1370K(178176K)] 584887K->404669K(865152K), 0.0082640 secs] [Times: user=0.06 sys=0.00, real=0.01 secs] 
2014-07-08T20:37:45.192+0000: 2378.839: [GC [PSYoungGen: 178102K->1384K(174592K)] 581402K->404771K(861568K), 0.0129630 secs] [Times: user=0.09 sys=0.00, real=0.01 secs] 
2014-07-08T20:37:46.653+0000: 2380.300: [GC [PSYoungGen: 174568K->1394K(171136K)] 577955K->404862K(858112K), 0.0077270 secs] [Times: user=0.04 sys=0.00, real=0.01 secs] 
2014-07-08T20:37:48.455+0000: 2382.102: [GC [PSYoungGen: 171122K->1084K(167488K)] 574590K->404752K(854464K), 0.0072380 secs] [Times: user=0.05 sys=0.00, real=0.01 secs] 
2014-07-08T20:37:50.088+0000: 2383.735: [GC [PSYoungGen: 167478K->1546K(164736K)] 571146K->405278K(851712K), 0.0110580 secs] [Times: user=0.07 sys=0.00, real=0.01 secs] 
2014-07-08T20:37:51.612+0000: 2385.259: [GC [PSYoungGen: 164681K->1071K(161088K)] 568413K->405284K(848064K), 0.0120300 secs] [Times: user=0.08 sys=0.00, real=0.01 secs] 
2014-07-08T20:37:53.436+0000: 2387.083: [GC [PSYoungGen: 161071K->1202K(158208K)] 565284K->405495K(845184K), 0.0055350 secs] [Times: user=0.04 sys=0.00, real=0.01 secs] 
2014-07-08T20:37:54.898+0000: 2388.545: [GC [PSYoungGen: 158155K->1060K(155136K)] 562449K->405433K(842112K), 0.0040270 secs] [Times: user=0.02 sys=0.00, real=0.00 secs] 
2014-07-08T20:37:56.461+0000: 2390.108: [GC [PSYoungGen: 155108K->1476K(152704K)] 559481K->405929K(839680K), 0.0069030 secs] [Times: user=0.04 sys=0.00, real=0.01 secs] 
2014-07-08T20:37:57.847+0000: 2391.494: [GC [PSYoungGen: 152644K->1120K(149568K)] 557097K->405815K(836544K), 0.0110840 secs] [Times: user=0.08 sys=0.00, real=0.02 secs] 
2014-07-08T20:37:59.433+0000: 2393.080: [GC [PSYoungGen: 149536K->1426K(147200K)] 554231K->406177K(834176K), 0.0086160 secs] [Times: user=0.06 sys=0.00, real=0.01 secs] 
2014-07-08T20:38:00.741+0000: 2394.388: [GC [PSYoungGen: 147154K->1138K(144256K)] 551905K->406025K(831232K), 0.0065090 secs] [Times: user=0.03 sys=0.00, real=0.01 secs] 
2014-07-08T20:38:02.334+0000: 2395.981: [GC [PSYoungGen: 144242K->1412K(142080K)] 549129K->406379K(829056K), 0.0136350 secs] [Times: user=0.09 sys=0.00, real=0.02 secs] 
2014-07-08T20:38:03.564+0000: 2397.211: [GC [PSYoungGen: 142020K->1000K(139200K)] 546987K->406231K(826176K), 0.0128070 secs] [Times: user=0.06 sys=0.00, real=0.01 secs] 
2014-07-08T20:38:05.029+0000: 2398.676: [GC [PSYoungGen: 139176K->1434K(137280K)] 544407K->406721K(824256K), 0.0107830 secs] [Times: user=0.07 sys=0.00, real=0.01 secs] 
2014-07-08T20:38:06.477+0000: 2400.124: [GC [PSYoungGen: 137242K->1014K(134528K)] 542529K->406559K(821504K), 0.0109890 secs] [Times: user=0.07 sys=0.00, real=0.02 secs] 
2014-07-08T20:38:07.767+0000: 2401.414: [GC [PSYoungGen: 134518K->1419K(132736K)] 540063K->407012K(819712K), 0.0134600 secs] [Times: user=0.08 sys=0.01, real=0.02 secs] 
2014-07-08T20:38:09.299+0000: 2402.946: [GC [PSYoungGen: 132683K->1014K(130112K)] 538276K->406881K(817088K), 0.0178440 secs] [Times: user=0.13 sys=0.00, real=0.01 secs] 
2014-07-08T20:38:10.476+0000: 2404.123: [GC [PSYoungGen: 130102K->1604K(128640K)] 535969K->407560K(815616K), 0.0083150 secs] [Times: user=0.05 sys=0.00, real=0.01 secs] 
2014-07-08T20:38:11.563+0000: 2405.210: [GC [PSYoungGen: 128580K->676K(125632K)] 534536K->407073K(812608K), 0.0116050 secs] [Times: user=0.08 sys=0.01, real=0.01 secs] 
2014-07-08T20:38:12.980+0000: 2406.627: [GC [PSYoungGen: 125604K->1548K(124544K)] 532001K->408025K(811520K), 0.0125630 secs] [Times: user=0.08 sys=0.00, real=0.01 secs] 
2014-07-08T20:38:14.332+0000: 2407.979: [GC [PSYoungGen: 124492K->1330K(122304K)] 530969K->408074K(809280K), 0.0134490 secs] [Times: user=0.07 sys=0.00, real=0.01 secs] 
2014-07-08T20:38:15.466+0000: 2409.113: [GC [PSYoungGen: 122290K->1362K(120448K)] 529034K->408186K(807424K), 0.0125450 secs] [Times: user=0.09 sys=0.00, real=0.02 secs] 
2014-07-08T20:38:16.538+0000: 2410.185: [GC [PSYoungGen: 120402K->1006K(118208K)] 527226K->408088K(805184K), 0.0075190 secs] [Times: user=0.04 sys=0.00, real=0.01 secs] 
2014-07-08T20:38:17.575+0000: 2411.222: [GC [PSYoungGen: 118190K->1606K(117056K)] 525272K->408752K(804032K), 0.0092210 secs] [Times: user=0.06 sys=0.00, real=0.01 secs] 
2014-07-08T20:38:18.671+0000: 2412.318: [GC [PSYoungGen: 116998K->950K(114624K)] 524144K->408410K(801600K), 0.0129300 secs] [Times: user=0.10 sys=0.00, real=0.01 secs] 
2014-07-08T20:38:19.840+0000: 2413.487: [GC [PSYoungGen: 114614K->1422K(113408K)] 522074K->408962K(800384K), 0.0126960 secs] [Times: user=0.09 sys=0.00, real=0.01 secs] 
2014-07-08T20:38:21.139+0000: 2414.786: [GC [PSYoungGen: 113357K->1202K(111488K)] 520897K->408862K(798464K), 0.0120810 secs] [Times: user=0.08 sys=0.00, real=0.02 secs] 
2014-07-08T20:38:22.341+0000: 2415.988: [GC [PSYoungGen: 111474K->1252K(109952K)] 519134K->408984K(796928K), 0.0071920 secs] [Times: user=0.03 sys=0.00, real=0.00 secs] 
2014-07-08T20:38:23.334+0000: 2416.981: [GC [PSYoungGen: 109924K->1124K(108224K)] 517656K->408936K(795200K), 0.0082880 secs] [Times: user=0.06 sys=0.00, real=0.01 secs] 
2014-07-08T20:38:24.647+0000: 2418.294: [GC [PSYoungGen: 108173K->1434K(107008K)] 515985K->409342K(793984K), 0.0114190 secs] [Times: user=0.08 sys=0.00, real=0.01 secs] 
2014-07-08T20:38:25.542+0000: 2419.189: [GC [PSYoungGen: 106929K->1013K(127680K)] 514837K->409309K(814656K), 0.0242710 secs] [Times: user=0.17 sys=0.00, real=0.02 secs] 
2014-07-08T20:38:27.264+0000: 2420.911: [GC [PSYoungGen: 127669K->1654K(153664K)] 535965K->410030K(840640K), 0.0066380 secs] [Times: user=0.04 sys=0.00, real=0.00 secs] 
2014-07-08T20:38:28.629+0000: 2422.276: [GC [PSYoungGen: 153621K->818K(177472K)] 561997K->409748K(864448K), 0.0120270 secs] [Times: user=0.08 sys=0.00, real=0.02 secs] 
2014-07-08T20:38:30.320+0000: 2423.967: [GC [PSYoungGen: 177458K->1781K(174848K)] 586388K->410767K(861824K), 0.0064720 secs] [Times: user=0.03 sys=0.00, real=0.01 secs] 
2014-07-08T20:38:32.408+0000: 2426.055: [GC [PSYoungGen: 174833K->64K(169664K)] 583819K->410306K(856640K), 0.0097410 secs] [Times: user=0.06 sys=0.00, real=0.01 secs] 
2014-07-08T20:38:33.863+0000: 2427.510: [GC [PSYoungGen: 169663K->1834K(168128K)] 579905K->412409K(855104K), 0.0104850 secs] [Times: user=0.07 sys=0.01, real=0.01 secs] 
2014-07-08T20:38:35.592+0000: 2429.239: [GC [PSYoungGen: 168105K->1184K(164288K)] 578680K->412585K(851264K), 0.0068060 secs] [Times: user=0.05 sys=0.00, real=0.01 secs] 
2014-07-08T20:38:37.353+0000: 2431.000: [GC [PSYoungGen: 164256K->1266K(161216K)] 575657K->412715K(848192K), 0.0062870 secs] [Times: user=0.02 sys=0.00, real=0.00 secs] 
2014-07-08T20:38:39.245+0000: 2432.892: [GC [PSYoungGen: 161158K->1256K(158208K)] 572607K->412769K(845184K), 0.0069760 secs] [Times: user=0.05 sys=0.00, real=0.00 secs] 
2014-07-08T20:38:40.675+0000: 2434.322: [GC [PSYoungGen: 158182K->1472K(155520K)] 569695K->413065K(842496K), 0.0122140 secs] [Times: user=0.09 sys=0.00, real=0.01 secs] 
2014-07-08T20:38:42.456+0000: 2436.103: [GC [PSYoungGen: 155456K->1184K(152384K)] 567049K->412817K(839360K), 0.0069900 secs] [Times: user=0.03 sys=0.00, real=0.01 secs] 
2014-07-08T20:38:44.106+0000: 2437.753: [GC [PSYoungGen: 152352K->1288K(149760K)] 563985K->412985K(836736K), 0.0117190 secs] [Times: user=0.08 sys=0.00, real=0.01 secs] 
2014-07-08T20:38:45.642+0000: 2439.289: [GC [PSYoungGen: 149704K->1344K(147136K)] 561401K->413121K(834112K), 0.0079410 secs] [Times: user=0.05 sys=0.00, real=0.01 secs] 
2014-07-08T20:38:47.190+0000: 2440.837: [GC [PSYoungGen: 147072K->1646K(144768K)] 558849K->413503K(831744K), 0.0079800 secs] [Times: user=0.05 sys=0.00, real=0.01 secs] 
2014-07-08T20:38:48.553+0000: 2442.200: [GC [PSYoungGen: 144750K->818K(141440K)] 556607K->413115K(828416K), 0.0130210 secs] [Times: user=0.08 sys=0.00, real=0.02 secs] 
2014-07-08T20:38:50.201+0000: 2443.848: [GC [PSYoungGen: 141426K->1448K(139648K)] 553723K->413785K(826624K), 0.0228130 secs] [Times: user=0.15 sys=0.00, real=0.03 secs] 
2014-07-08T20:38:51.637+0000: 2445.284: [GC [PSYoungGen: 139624K->1230K(137088K)] 551961K->413859K(824064K), 0.0134770 secs] [Times: user=0.09 sys=0.00, real=0.01 secs] 
2014-07-08T20:38:53.197+0000: 2446.844: [GC [PSYoungGen: 137038K->1426K(134976K)] 549667K->414143K(821952K), 0.0127630 secs] [Times: user=0.09 sys=0.00, real=0.01 secs] 
2014-07-08T20:38:54.598+0000: 2448.245: [GC [PSYoungGen: 134930K->1024K(132288K)] 547647K->413893K(819264K), 0.0137710 secs] [Times: user=0.09 sys=0.00, real=0.01 secs] 
2014-07-08T20:38:56.173+0000: 2449.820: [GC [PSYoungGen: 132288K->1306K(130432K)] 545157K->414231K(817408K), 0.0120780 secs] [Times: user=0.08 sys=0.00, real=0.02 secs] 
2014-07-08T20:38:57.394+0000: 2451.041: [GC [PSYoungGen: 130393K->1394K(128384K)] 543318K->414407K(815360K), 0.0098640 secs] [Times: user=0.06 sys=0.00, real=0.01 secs] 
2014-07-08T20:38:58.732+0000: 2452.379: [GC [PSYoungGen: 128370K->1500K(126464K)] 541383K->414627K(813440K), 0.0076040 secs] [Times: user=0.04 sys=0.00, real=0.01 secs] 
2014-07-08T20:39:00.331+0000: 2453.978: [GC [PSYoungGen: 126349K->675K(123648K)] 539476K->414644K(810624K), 0.0175110 secs] [Times: user=0.13 sys=0.00, real=0.02 secs] 
2014-07-08T20:39:01.636+0000: 2455.283: [GC [PSYoungGen: 123619K->1516K(122496K)] 537588K->415541K(809472K), 0.0043180 secs] [Times: user=0.03 sys=0.00, real=0.01 secs] 
2014-07-08T20:39:02.869+0000: 2456.516: [GC [PSYoungGen: 122450K->1452K(120512K)] 536475K->415909K(807488K), 0.0087560 secs] [Times: user=0.06 sys=0.00, real=0.01 secs] 
2014-07-08T20:39:04.075+0000: 2457.722: [GC [PSYoungGen: 120451K->1618K(118848K)] 534908K->416171K(805824K), 0.0108850 secs] [Times: user=0.07 sys=0.00, real=0.01 secs] 
2014-07-08T20:39:05.256+0000: 2458.903: [GC [PSYoungGen: 118797K->502K(115904K)] 533350K->415971K(802880K), 0.0074610 secs] [Times: user=0.05 sys=0.00, real=0.01 secs] 
2014-07-08T20:39:06.277+0000: 2459.924: [GC [PSYoungGen: 115894K->1750K(115456K)] 531363K->417267K(802432K), 0.0080960 secs] [Times: user=0.06 sys=0.00, real=0.01 secs] 
2014-07-08T20:39:07.303+0000: 2460.950: [GC [PSYoungGen: 115414K->1312K(113280K)] 530931K->417442K(800256K), 0.0099420 secs] [Times: user=0.07 sys=0.01, real=0.01 secs] 
2014-07-08T20:39:08.316+0000: 2461.963: [GC [PSYoungGen: 113248K->1248K(111552K)] 529378K->417426K(798528K), 0.0078340 secs] [Times: user=0.05 sys=0.00, real=0.01 secs] 
2014-07-08T20:39:09.346+0000: 2462.993: [GC [PSYoungGen: 111520K->1206K(109888K)] 527698K->417464K(796864K), 0.0106960 secs] [Times: user=0.07 sys=0.00, real=0.01 secs] 
2014-07-08T20:39:10.516+0000: 2464.163: [GC [PSYoungGen: 109878K->1302K(108416K)] 526136K->417632K(795392K), 0.0112320 secs] [Times: user=0.07 sys=0.01, real=0.01 secs] 
2014-07-08T20:39:11.442+0000: 2465.089: [GC [PSYoungGen: 108374K->1582K(107136K)] 524704K->417992K(794112K), 0.0049800 secs] [Times: user=0.03 sys=0.00, real=0.00 secs] 
2014-07-08T20:39:12.453+0000: 2466.100: [GC [PSYoungGen: 107118K->1214K(105280K)] 523528K->417696K(792256K), 0.0128360 secs] [Times: user=0.07 sys=0.00, real=0.01 secs] 
2014-07-08T20:39:13.428+0000: 2467.075: [GC [PSYoungGen: 105278K->1198K(103808K)] 521760K->417848K(790784K), 0.0110480 secs] [Times: user=0.07 sys=0.00, real=0.01 secs] 
2014-07-08T20:39:14.563+0000: 2468.210: [GC [PSYoungGen: 103790K->1778K(124928K)] 520440K->418516K(811904K), 0.0206930 secs] [Times: user=0.14 sys=0.00, real=0.02 secs] 
2014-07-08T20:39:15.676+0000: 2469.323: [GC [PSYoungGen: 124875K->878K(148672K)] 541613K->417922K(835648K), 0.0155020 secs] [Times: user=0.10 sys=0.00, real=0.02 secs] 
2014-07-08T20:39:17.289+0000: 2470.936: [GC [PSYoungGen: 148652K->1592K(157632K)] 565696K->418716K(844608K), 0.0076860 secs] [Times: user=0.04 sys=0.00, real=0.00 secs] 
2014-07-08T20:39:18.633+0000: 2472.280: [GC [PSYoungGen: 157176K->1338K(154048K)] 574300K->418574K(841024K), 0.0055860 secs] [Times: user=0.04 sys=0.00, real=0.00 secs] 
2014-07-08T20:39:19.908+0000: 2473.555: [GC [PSYoungGen: 154042K->1554K(151488K)] 571278K->418886K(838464K), 0.0079690 secs] [Times: user=0.05 sys=0.00, real=0.01 secs] 
2014-07-08T20:39:21.485+0000: 2475.132: [GC [PSYoungGen: 151442K->1070K(148224K)] 568774K->418732K(835200K), 0.0052670 secs] [Times: user=0.03 sys=0.00, real=0.01 secs] 
2014-07-08T20:39:22.948+0000: 2476.595: [GC [PSYoungGen: 148206K->1458K(145984K)] 565868K->419192K(832960K), 0.0052580 secs] [Times: user=0.03 sys=0.00, real=0.01 secs] 
2014-07-08T20:39:24.363+0000: 2478.010: [GC [PSYoungGen: 145970K->1316K(143296K)] 563704K->419178K(830272K), 0.0166840 secs] [Times: user=0.12 sys=0.00, real=0.01 secs] 
2014-07-08T20:39:25.668+0000: 2479.315: [GC [PSYoungGen: 143268K->1522K(140992K)] 561130K->419448K(827968K), 0.0133860 secs] [Times: user=0.08 sys=0.00, real=0.02 secs] 
2014-07-08T20:39:27.231+0000: 2480.878: [GC [PSYoungGen: 140978K->882K(137920K)] 558904K->418968K(824896K), 0.0109960 secs] [Times: user=0.07 sys=0.00, real=0.01 secs] 
2014-07-08T20:39:28.476+0000: 2482.123: [GC [PSYoungGen: 137906K->1600K(136320K)] 555992K->419774K(823296K), 0.0063930 secs] [Times: user=0.04 sys=0.00, real=0.01 secs] 
2014-07-08T20:39:29.601+0000: 2483.248: [GC [PSYoungGen: 136256K->1206K(133568K)] 554430K->419548K(820544K), 0.0079570 secs] [Times: user=0.05 sys=0.00, real=0.00 secs] 
2014-07-08T20:39:30.946+0000: 2484.593: [GC [PSYoungGen: 133558K->1458K(131584K)] 551900K->419888K(818560K), 0.0177910 secs] [Times: user=0.12 sys=0.00, real=0.02 secs] 
2014-07-08T20:39:32.281+0000: 2485.928: [GC [PSYoungGen: 131570K->1084K(129024K)] 550000K->419650K(816000K), 0.0156860 secs] [Times: user=0.10 sys=0.00, real=0.02 secs] 
2014-07-08T20:39:33.522+0000: 2487.169: [GC [PSYoungGen: 129020K->1622K(127488K)] 547586K->420276K(814464K), 0.0146520 secs] [Times: user=0.08 sys=0.01, real=0.01 secs] 
2014-07-08T20:39:34.843+0000: 2488.490: [GC [PSYoungGen: 127431K->1013K(124800K)] 546085K->420153K(811776K), 0.0068960 secs] [Times: user=0.03 sys=0.00, real=0.00 secs] 
2014-07-08T20:39:36.154+0000: 2489.801: [GC [PSYoungGen: 124770K->1694K(123520K)] 543911K->420898K(810496K), 0.0044760 secs] [Times: user=0.02 sys=0.00, real=0.00 secs] 
2014-07-08T20:39:37.273+0000: 2490.920: [GC [PSYoungGen: 123486K->1010K(120896K)] 542690K->420608K(807872K), 0.0039710 secs] [Times: user=0.02 sys=0.00, real=0.00 secs] 
2014-07-08T20:39:38.310+0000: 2491.957: [GC [PSYoungGen: 120878K->1248K(119296K)] 540476K->420886K(806272K), 0.0040140 secs] [Times: user=0.02 sys=0.01, real=0.01 secs] 
2014-07-08T20:39:39.532+0000: 2493.179: [GC [PSYoungGen: 119264K->1138K(117376K)] 538902K->420864K(804352K), 0.0096100 secs] [Times: user=0.06 sys=0.00, real=0.01 secs] 
2014-07-08T20:39:40.911+0000: 2494.558: [GC [PSYoungGen: 117362K->1490K(115968K)] 537088K->421288K(802944K), 0.0118720 secs] [Times: user=0.07 sys=0.00, real=0.02 secs] 
2014-07-08T20:39:42.082+0000: 2495.729: [GC [PSYoungGen: 115877K->1184K(113920K)] 535675K->421222K(800896K), 0.0058410 secs] [Times: user=0.04 sys=0.00, real=0.01 secs] 
2014-07-08T20:39:43.088+0000: 2496.735: [GC [PSYoungGen: 113888K->1270K(112320K)] 533926K->421380K(799296K), 0.0139420 secs] [Times: user=0.08 sys=0.00, real=0.01 secs] 
2014-07-08T20:39:44.131+0000: 2497.778: [GC [PSYoungGen: 112310K->1106K(134400K)] 532420K->421304K(821376K), 0.0193890 secs] [Times: user=0.14 sys=0.00, real=0.02 secs] 
2014-07-08T20:39:45.372+0000: 2499.019: [GC [PSYoungGen: 134354K->1372K(161344K)] 554552K->421658K(848320K), 0.0267470 secs] [Times: user=0.21 sys=0.00, real=0.03 secs] 
2014-07-08T20:39:47.098+0000: 2500.745: [GC [PSYoungGen: 161308K->1198K(166656K)] 581594K->421716K(853632K), 0.0203260 secs] [Times: user=0.12 sys=0.00, real=0.02 secs] 
2014-07-08T20:39:48.559+0000: 2502.206: [GC [PSYoungGen: 166605K->1288K(167232K)] 587123K->421870K(854208K), 0.0081340 secs] [Times: user=0.05 sys=0.00, real=0.01 secs] 
2014-07-08T20:39:50.265+0000: 2503.912: [GC [PSYoungGen: 166728K->992K(163264K)] 587310K->421646K(850240K), 0.0048650 secs] [Times: user=0.03 sys=0.00, real=0.00 secs] 
2014-07-08T20:39:51.855+0000: 2505.502: [GC [PSYoungGen: 163183K->1356K(160576K)] 583837K->422082K(847552K), 0.0098270 secs] [Times: user=0.06 sys=0.00, real=0.01 secs] 
2014-07-08T20:39:53.419+0000: 2507.066: [GC [PSYoungGen: 160503K->1196K(157376K)] 581229K->422116K(844352K), 0.0130010 secs] [Times: user=0.09 sys=0.00, real=0.01 secs] 
2014-07-08T20:39:55.270+0000: 2508.917: [GC [PSYoungGen: 157356K->1632K(154880K)] 578276K->422633K(841856K), 0.0043060 secs] [Times: user=0.02 sys=0.00, real=0.01 secs] 
2014-07-08T20:39:56.650+0000: 2510.297: [GC [PSYoungGen: 154848K->612K(151040K)] 575849K->422232K(838016K), 0.0047720 secs] [Times: user=0.03 sys=0.00, real=0.01 secs] 
2014-07-08T20:39:58.300+0000: 2511.947: [GC [PSYoungGen: 151012K->1712K(149376K)] 572632K->423388K(836352K), 0.0096630 secs] [Times: user=0.07 sys=0.00, real=0.01 secs] 
2014-07-08T20:39:59.733+0000: 2513.380: [GC [PSYoungGen: 149360K->1142K(146112K)] 571036K->423152K(833088K), 0.0053210 secs] [Times: user=0.02 sys=0.00, real=0.01 secs] 
2014-07-08T20:40:01.233+0000: 2514.880: [GC [PSYoungGen: 146102K->1124K(143552K)] 568112K->423174K(830528K), 0.0152760 secs] [Times: user=0.07 sys=0.00, real=0.02 secs] 
2014-07-08T20:40:02.362+0000: 2516.009: [GC [PSYoungGen: 143524K->1348K(141312K)] 565574K->423462K(828288K), 0.0112170 secs] [Times: user=0.06 sys=0.00, real=0.01 secs] 
2014-07-08T20:40:03.952+0000: 2517.599: [GC [PSYoungGen: 141251K->1440K(138944K)] 563366K->423611K(825920K), 0.0103320 secs] [Times: user=0.06 sys=0.00, real=0.01 secs] 
2014-07-08T20:40:05.312+0000: 2518.959: [GC [PSYoungGen: 138912K->740K(135872K)] 561083K->423182K(822848K), 0.0057130 secs] [Times: user=0.02 sys=0.00, real=0.01 secs] 
2014-07-08T20:40:06.453+0000: 2520.100: [GC [PSYoungGen: 135819K->1462K(134272K)] 558262K->423936K(821248K), 0.0141460 secs] [Times: user=0.08 sys=0.00, real=0.02 secs] 
2014-07-08T20:40:08.251+0000: 2521.898: [GC [PSYoungGen: 134262K->1514K(132096K)] 556736K->424279K(819072K), 0.0086490 secs] [Times: user=0.06 sys=0.01, real=0.01 secs] 
2014-07-08T20:40:09.583+0000: 2523.230: [GC [PSYoungGen: 132074K->1654K(130048K)] 554839K->424599K(817024K), 0.0142500 secs] [Times: user=0.08 sys=0.00, real=0.02 secs] 
2014-07-08T20:40:10.663+0000: 2524.310: [GC [PSYoungGen: 130038K->800K(127104K)] 552983K->424228K(814080K), 0.0048880 secs] [Times: user=0.03 sys=0.00, real=0.01 secs] 
2014-07-08T20:40:11.989+0000: 2525.636: [GC [PSYoungGen: 127072K->1540K(125824K)] 550500K->425041K(812800K), 0.0089050 secs] [Times: user=0.06 sys=0.01, real=0.01 secs] 
2014-07-08T20:40:13.220+0000: 2526.867: [GC [PSYoungGen: 125764K->1452K(123712K)] 549265K->425302K(810688K), 0.0090760 secs] [Times: user=0.07 sys=0.00, real=0.01 secs] 
2014-07-08T20:40:14.281+0000: 2527.928: [GC [PSYoungGen: 123691K->1434K(121792K)] 547542K->425456K(808768K), 0.0064810 secs] [Times: user=0.05 sys=0.00, real=0.01 secs] 
2014-07-08T20:40:15.335+0000: 2528.982: [GC [PSYoungGen: 121754K->928K(119424K)] 545776K->425467K(806400K), 0.0068260 secs] [Times: user=0.04 sys=0.00, real=0.01 secs] 
2014-07-08T20:40:16.448+0000: 2530.095: [GC [PSYoungGen: 119392K->1398K(118016K)] 543931K->425993K(804992K), 0.0124070 secs] [Times: user=0.08 sys=0.00, real=0.01 secs] 
2014-07-08T20:40:17.627+0000: 2531.274: [GC [PSYoungGen: 117965K->1390K(116224K)] 542560K->426170K(803200K), 0.0051420 secs] [Times: user=0.03 sys=0.00, real=0.01 secs] 
2014-07-08T20:40:18.831+0000: 2532.478: [GC [PSYoungGen: 116206K->1430K(114560K)] 540986K->426265K(801536K), 0.0137420 secs] [Times: user=0.07 sys=0.00, real=0.01 secs] 
2014-07-08T20:40:19.954+0000: 2533.601: [GC [PSYoungGen: 114518K->878K(112320K)] 539353K->426232K(799296K), 0.0118100 secs] [Times: user=0.06 sys=0.00, real=0.01 secs] 
2014-07-08T20:40:21.132+0000: 2534.779: [GC [PSYoungGen: 112302K->1772K(111552K)] 537656K->427182K(798528K), 0.0050070 secs] [Times: user=0.02 sys=0.00, real=0.00 secs] 
2014-07-08T20:40:22.075+0000: 2535.722: [GC [PSYoungGen: 111532K->928K(109120K)] 536942K->426830K(796096K), 0.0077480 secs] [Times: user=0.05 sys=0.00, real=0.01 secs] 
2014-07-08T20:40:23.151+0000: 2536.798: [GC [PSYoungGen: 109088K->1736K(108416K)] 534990K->427693K(795392K), 0.0059200 secs] [Times: user=0.04 sys=0.00, real=0.00 secs] 
2014-07-08T20:40:24.358+0000: 2538.005: [GC [PSYoungGen: 108355K->1014K(106112K)] 534313K->427466K(793088K), 0.0082300 secs] [Times: user=0.04 sys=0.00, real=0.01 secs] 
2014-07-08T20:40:25.437+0000: 2539.084: [GC [PSYoungGen: 106102K->1042K(104704K)] 532554K->427558K(791680K), 0.0105150 secs] [Times: user=0.08 sys=0.00, real=0.01 secs] 
2014-07-08T20:40:26.502+0000: 2540.149: [GC [PSYoungGen: 104651K->1458K(103616K)] 531167K->428168K(790592K), 0.0073400 secs] [Times: user=0.05 sys=0.00, real=0.01 secs] 
2014-07-08T20:40:27.587+0000: 2541.234: [GC [PSYoungGen: 103602K->1238K(102016K)] 530312K->428060K(788992K), 0.0086890 secs] [Times: user=0.06 sys=0.01, real=0.01 secs] 
2014-07-08T20:40:28.450+0000: 2542.097: [GC [PSYoungGen: 101974K->1000K(100352K)] 528796K->428080K(787328K), 0.0136620 secs] [Times: user=0.08 sys=0.00, real=0.01 secs] 
2014-07-08T20:40:29.365+0000: 2543.012: [GC [PSYoungGen: 100323K->1690K(120960K)] 527404K->428866K(807936K), 0.0355590 secs] [Times: user=0.20 sys=0.00, real=0.04 secs] 
2014-07-08T20:40:30.438+0000: 2544.085: [GC [PSYoungGen: 120897K->1018K(144128K)] 548074K->428666K(831104K), 0.0099590 secs] [Times: user=0.06 sys=0.00, real=0.01 secs] 
2014-07-08T20:40:31.728+0000: 2545.375: [GC [PSYoungGen: 144118K->1860K(173696K)] 571766K->429615K(860672K), 0.0070110 secs] [Times: user=0.04 sys=0.01, real=0.01 secs] 
2014-07-08T20:40:33.391+0000: 2547.038: [GC [PSYoungGen: 173636K->928K(181056K)] 601391K->429141K(868032K), 0.0056550 secs] [Times: user=0.04 sys=0.01, real=0.00 secs] 
2014-07-08T20:40:35.451+0000: 2549.098: [GC [PSYoungGen: 181002K->1626K(178112K)] 609215K->429887K(865088K), 0.0101640 secs] [Times: user=0.07 sys=0.00, real=0.01 secs] 
2014-07-08T20:40:37.266+0000: 2550.913: [GC [PSYoungGen: 178027K->384K(173248K)] 606287K->429816K(860224K), 0.0113830 secs] [Times: user=0.07 sys=0.01, real=0.01 secs] 
2014-07-08T20:40:38.728+0000: 2552.375: [GC [PSYoungGen: 173248K->1890K(171328K)] 602680K->431395K(858304K), 0.0111600 secs] [Times: user=0.06 sys=0.00, real=0.01 secs] 
2014-07-08T20:40:40.393+0000: 2554.040: [GC [PSYoungGen: 171298K->1302K(167424K)] 600803K->431345K(854400K), 0.0081160 secs] [Times: user=0.05 sys=0.00, real=0.01 secs] 
2014-07-08T20:40:42.203+0000: 2555.850: [GC [PSYoungGen: 167380K->1206K(164096K)] 597423K->431321K(851072K), 0.0155040 secs] [Times: user=0.10 sys=0.01, real=0.01 secs] 
2014-07-08T20:40:43.960+0000: 2557.607: [GC [PSYoungGen: 164086K->1508K(161280K)] 594201K->431695K(848256K), 0.0170210 secs] [Times: user=0.10 sys=0.00, real=0.02 secs] 
2014-07-08T20:40:45.599+0000: 2559.246: [GC [PSYoungGen: 161252K->1270K(158016K)] 591439K->431637K(844992K), 0.0141480 secs] [Times: user=0.09 sys=0.00, real=0.02 secs] 
2014-07-08T20:40:47.479+0000: 2561.126: [GC [PSYoungGen: 157978K->1203K(155008K)] 588345K->431871K(841984K), 0.0147140 secs] [Times: user=0.10 sys=0.00, real=0.02 secs] 
2014-07-08T20:40:48.793+0000: 2562.440: [GC [PSYoungGen: 154945K->1406K(152384K)] 585613K->432164K(839360K), 0.0168330 secs] [Times: user=0.11 sys=0.00, real=0.01 secs] 
2014-07-08T20:40:50.508+0000: 2564.155: [GC [PSYoungGen: 152382K->1390K(149632K)] 583140K->432310K(836608K), 0.0097590 secs] [Times: user=0.06 sys=0.00, real=0.01 secs] 
2014-07-08T20:40:51.979+0000: 2565.626: [GC [PSYoungGen: 149614K->1202K(146752K)] 580534K->432194K(833728K), 0.0140910 secs] [Times: user=0.08 sys=0.01, real=0.02 secs] 
2014-07-08T20:40:53.689+0000: 2567.336: [GC [PSYoungGen: 146738K->1258K(144192K)] 577730K->432306K(831168K), 0.0081620 secs] [Times: user=0.03 sys=0.00, real=0.01 secs] 
2014-07-08T20:40:55.371+0000: 2569.018: [GC [PSYoungGen: 144170K->1596K(142016K)] 575218K->432724K(828992K), 0.0052430 secs] [Times: user=0.03 sys=0.00, real=0.01 secs] 
2014-07-08T20:40:56.661+0000: 2570.308: [GC [PSYoungGen: 142012K->1016K(139008K)] 573140K->432695K(825984K), 0.0070900 secs] [Times: user=0.03 sys=0.00, real=0.01 secs] 
2014-07-08T20:40:58.294+0000: 2571.941: [GC [PSYoungGen: 139000K->1714K(137344K)] 570679K->433465K(824320K), 0.0091740 secs] [Times: user=0.06 sys=0.00, real=0.00 secs] 
2014-07-08T20:40:59.712+0000: 2573.359: [GC [PSYoungGen: 137330K->1138K(134464K)] 569081K->433096K(821440K), 0.0106460 secs] [Times: user=0.08 sys=0.00, real=0.01 secs] 
2014-07-08T20:41:01.209+0000: 2574.856: [GC [PSYoungGen: 134450K->1306K(132416K)] 566408K->433376K(819392K), 0.0187810 secs] [Times: user=0.12 sys=0.00, real=0.02 secs] 
2014-07-08T20:41:02.674+0000: 2576.321: [GC [PSYoungGen: 132378K->1106K(130048K)] 564448K->433248K(817024K), 0.0133070 secs] [Times: user=0.10 sys=0.00, real=0.02 secs] 
2014-07-08T20:41:04.142+0000: 2577.789: [GC [PSYoungGen: 129999K->1202K(128000K)] 562141K->433424K(814976K), 0.0056210 secs] [Times: user=0.03 sys=0.00, real=0.01 secs] 
2014-07-08T20:41:05.527+0000: 2579.174: [GC [PSYoungGen: 127986K->1124K(125888K)] 560208K->433418K(812864K), 0.0074720 secs] [Times: user=0.03 sys=0.00, real=0.00 secs] 
2014-07-08T20:41:06.846+0000: 2580.493: [GC [PSYoungGen: 125860K->1804K(124608K)] 558154K->434187K(811584K), 0.0155440 secs] [Times: user=0.11 sys=0.00, real=0.01 secs] 
2014-07-08T20:41:08.337+0000: 2581.984: [GC [PSYoungGen: 124556K->872K(121728K)] 556939K->433632K(808704K), 0.0142200 secs] [Times: user=0.09 sys=0.00, real=0.01 secs] 
2014-07-08T20:41:09.819+0000: 2583.466: [GC [PSYoungGen: 121704K->1402K(120320K)] 554464K->434226K(807296K), 0.0117400 secs] [Times: user=0.08 sys=0.00, real=0.01 secs] 
2014-07-08T20:41:11.351+0000: 2584.998: [GC [PSYoungGen: 120314K->1334K(118400K)] 553138K->434418K(805376K), 0.0141010 secs] [Times: user=0.10 sys=0.00, real=0.01 secs] 
2014-07-08T20:41:12.632+0000: 2586.279: [GC [PSYoungGen: 118390K->1540K(116864K)] 551474K->434713K(803840K), 0.0131930 secs] [Times: user=0.08 sys=0.00, real=0.01 secs] 
2014-07-08T20:41:13.682+0000: 2587.329: [GC [PSYoungGen: 116804K->942K(139328K)] 549977K->434535K(826304K), 0.0223410 secs] [Times: user=0.15 sys=0.00, real=0.02 secs] 
2014-07-08T20:41:15.391+0000: 2589.038: [GC [PSYoungGen: 139309K->1490K(165696K)] 572903K->435171K(852672K), 0.0115150 secs] [Times: user=0.08 sys=0.00, real=0.01 secs] 
2014-07-08T20:41:17.137+0000: 2590.784: [GC [PSYoungGen: 165330K->1326K(162048K)] 599011K->435143K(849024K), 0.0119350 secs] [Times: user=0.09 sys=0.00, real=0.02 secs] 
2014-07-08T20:41:18.891+0000: 2592.538: [GC [PSYoungGen: 162028K->1316K(158976K)] 595846K->435221K(845952K), 0.0112840 secs] [Times: user=0.08 sys=0.00, real=0.01 secs] 
2014-07-08T20:41:20.658+0000: 2594.305: [GC [PSYoungGen: 158948K->1060K(155776K)] 592853K->435133K(842752K), 0.0174400 secs] [Times: user=0.11 sys=0.00, real=0.01 secs] 
2014-07-08T20:41:22.567+0000: 2596.214: [GC [PSYoungGen: 155748K->1650K(153472K)] 589821K->435787K(840448K), 0.0109540 secs] [Times: user=0.07 sys=0.00, real=0.02 secs] 
2014-07-08T20:41:24.281+0000: 2597.928: [GC [PSYoungGen: 153458K->872K(149952K)] 587595K->435469K(836928K), 0.0075770 secs] [Times: user=0.04 sys=0.00, real=0.01 secs] 
2014-07-08T20:41:25.759+0000: 2599.406: [GC [PSYoungGen: 149928K->1462K(147840K)] 584525K->436123K(834816K), 0.0067040 secs] [Times: user=0.04 sys=0.00, real=0.00 secs] 
2014-07-08T20:41:27.543+0000: 2601.190: [GC [PSYoungGen: 147830K->1120K(144896K)] 582491K->435909K(831872K), 0.0097430 secs] [Times: user=0.07 sys=0.00, real=0.01 secs] 
2014-07-08T20:41:29.361+0000: 2603.008: [GC [PSYoungGen: 144864K->1430K(142656K)] 579653K->436315K(829632K), 0.0128860 secs] [Times: user=0.09 sys=0.00, real=0.01 secs] 
2014-07-08T20:41:30.788+0000: 2604.435: [GC [PSYoungGen: 142613K->1142K(139840K)] 577498K->436123K(826816K), 0.0109190 secs] [Times: user=0.08 sys=0.00, real=0.02 secs] 
2014-07-08T20:41:32.161+0000: 2605.808: [GC [PSYoungGen: 139820K->1238K(137600K)] 574801K->436283K(824576K), 0.0094250 secs] [Times: user=0.06 sys=0.00, real=0.01 secs] 
2014-07-08T20:41:33.804+0000: 2607.451: [GC [PSYoungGen: 137558K->1124K(135168K)] 572603K->436257K(822144K), 0.0102300 secs] [Times: user=0.07 sys=0.00, real=0.01 secs] 
2014-07-08T20:41:35.406+0000: 2609.053: [GC [PSYoungGen: 135140K->1444K(133248K)] 570273K->436641K(820224K), 0.0113040 secs] [Times: user=0.08 sys=0.00, real=0.01 secs] 
2014-07-08T20:41:36.763+0000: 2610.410: [GC [PSYoungGen: 133192K->996K(130624K)] 568390K->436361K(817600K), 0.0117400 secs] [Times: user=0.07 sys=0.00, real=0.01 secs] 
2014-07-08T20:41:38.029+0000: 2611.676: [GC [PSYoungGen: 130596K->1384K(128896K)] 565961K->436845K(815872K), 0.0122100 secs] [Times: user=0.08 sys=0.00, real=0.02 secs] 
2014-07-08T20:41:39.523+0000: 2613.170: [GC [PSYoungGen: 128872K->1202K(126656K)] 564333K->436897K(813632K), 0.0085540 secs] [Times: user=0.05 sys=0.00, real=0.01 secs] 
2014-07-08T20:41:40.725+0000: 2614.372: [GC [PSYoungGen: 126642K->1060K(124480K)] 562337K->436811K(811456K), 0.0076450 secs] [Times: user=0.04 sys=0.00, real=0.01 secs] 
2014-07-08T20:41:41.948+0000: 2615.595: [GC [PSYoungGen: 124452K->1192K(122624K)] 560203K->437071K(809600K), 0.0136590 secs] [Times: user=0.10 sys=0.00, real=0.02 secs] 
2014-07-08T20:41:43.430+0000: 2617.077: [GC [PSYoungGen: 122550K->1498K(121024K)] 558430K->437473K(808000K), 0.0141480 secs] [Times: user=0.09 sys=0.00, real=0.02 secs] 
2014-07-08T20:41:44.660+0000: 2618.307: [GC [PSYoungGen: 120986K->750K(118400K)] 556961K->437329K(805376K), 0.0086700 secs] [Times: user=0.04 sys=0.00, real=0.01 secs] 
2014-07-08T20:41:45.855+0000: 2619.502: [GC [PSYoungGen: 118382K->1654K(117504K)] 554961K->438321K(804480K), 0.0140000 secs] [Times: user=0.10 sys=0.00, real=0.01 secs] 
2014-07-08T20:41:47.396+0000: 2621.043: [GC [PSYoungGen: 117494K->1084K(115136K)] 554161K->438075K(802112K), 0.0083900 secs] [Times: user=0.05 sys=0.00, real=0.01 secs] 
2014-07-08T20:41:48.528+0000: 2622.175: [GC [PSYoungGen: 115132K->1416K(113792K)] 552123K->438479K(800768K), 0.0049920 secs] [Times: user=0.03 sys=0.01, real=0.01 secs] 
2014-07-08T20:41:49.614+0000: 2623.261: [GC [PSYoungGen: 113736K->1068K(111744K)] 550799K->438415K(798720K), 0.0053760 secs] [Times: user=0.04 sys=0.00, real=0.00 secs] 
2014-07-08T20:41:50.916+0000: 2624.563: [GC [PSYoungGen: 111724K->1358K(110464K)] 549071K->438785K(797440K), 0.0087350 secs] [Times: user=0.06 sys=0.00, real=0.01 secs] 
2014-07-08T20:41:52.073+0000: 2625.720: [GC [PSYoungGen: 110414K->1010K(108480K)] 547841K->438685K(795456K), 0.0081920 secs] [Times: user=0.05 sys=0.00, real=0.00 secs] 
2014-07-08T20:41:53.305+0000: 2626.952: [GC [PSYoungGen: 108466K->1288K(107264K)] 546141K->439043K(794240K), 0.0075360 secs] [Times: user=0.04 sys=0.00, real=0.01 secs] 
2014-07-08T20:41:54.530+0000: 2628.177: [GC [PSYoungGen: 107208K->1000K(105408K)] 544963K->438987K(792384K), 0.0097360 secs] [Times: user=0.04 sys=0.00, real=0.01 secs] 
2014-07-08T20:41:55.668+0000: 2629.315: [GC [PSYoungGen: 105361K->1490K(104448K)] 543348K->439533K(791424K), 0.0173580 secs] [Times: user=0.11 sys=0.00, real=0.02 secs] 
2014-07-08T20:41:56.689+0000: 2630.336: [GC [PSYoungGen: 104381K->832K(124352K)] 542425K->439083K(811328K), 0.0139630 secs] [Times: user=0.09 sys=0.00, real=0.02 secs] 
2014-07-08T20:41:57.935+0000: 2631.582: [GC [PSYoungGen: 124352K->1458K(123008K)] 562603K->439782K(809984K), 0.0120100 secs] [Times: user=0.08 sys=0.01, real=0.01 secs] 
2014-07-08T20:41:59.407+0000: 2633.054: [GC [PSYoungGen: 122962K->1186K(120832K)] 561285K->439783K(807808K), 0.0126440 secs] [Times: user=0.09 sys=0.00, real=0.01 secs] 
2014-07-08T20:42:00.642+0000: 2634.289: [GC [PSYoungGen: 120802K->1472K(145088K)] 559399K->440117K(832064K), 0.0154220 secs] [Times: user=0.10 sys=0.00, real=0.02 secs] 
2014-07-08T20:42:02.132+0000: 2635.779: [GC [PSYoungGen: 145024K->754K(141760K)] 583669K->439859K(828736K), 0.0127020 secs] [Times: user=0.09 sys=0.00, real=0.02 secs] 
2014-07-08T20:42:03.651+0000: 2637.298: [GC [PSYoungGen: 141746K->1704K(140288K)] 580851K->440905K(827264K), 0.0099740 secs] [Times: user=0.04 sys=0.00, real=0.01 secs] 
2014-07-08T20:42:05.083+0000: 2638.730: [GC [PSYoungGen: 140264K->1014K(137216K)] 579465K->440621K(824192K), 0.0102880 secs] [Times: user=0.07 sys=0.00, real=0.01 secs] 
2014-07-08T20:42:06.647+0000: 2640.294: [GC [PSYoungGen: 137184K->1352K(135296K)] 576791K->441039K(822272K), 0.0101300 secs] [Times: user=0.07 sys=0.00, real=0.01 secs] 
2014-07-08T20:42:07.890+0000: 2641.537: [GC [PSYoungGen: 135201K->1324K(132992K)] 574888K->441269K(819968K), 0.0130500 secs] [Times: user=0.10 sys=0.00, real=0.01 secs] 
2014-07-08T20:42:09.576+0000: 2643.223: [GC [PSYoungGen: 132945K->1156K(130688K)] 572891K->441157K(817664K), 0.0056730 secs] [Times: user=0.04 sys=0.00, real=0.00 secs] 
2014-07-08T20:42:10.810+0000: 2644.457: [GC [PSYoungGen: 130627K->1208K(128576K)] 570629K->441402K(815552K), 0.0110790 secs] [Times: user=0.06 sys=0.00, real=0.01 secs] 
2014-07-08T20:42:12.504+0000: 2646.151: [GC [PSYoungGen: 128568K->1582K(126912K)] 568762K->441840K(813888K), 0.0129480 secs] [Times: user=0.08 sys=0.00, real=0.02 secs] 
2014-07-08T20:42:13.777+0000: 2647.424: [GC [PSYoungGen: 126894K->814K(124096K)] 567152K->441432K(811072K), 0.0106040 secs] [Times: user=0.08 sys=0.00, real=0.01 secs] 
2014-07-08T20:42:14.926+0000: 2648.573: [GC [PSYoungGen: 124077K->1494K(122816K)] 564694K->442176K(809792K), 0.0055840 secs] [Times: user=0.03 sys=0.00, real=0.01 secs] 
2014-07-08T20:42:16.363+0000: 2650.010: [GC [PSYoungGen: 122774K->1152K(120512K)] 563456K->442085K(807488K), 0.0095400 secs] [Times: user=0.06 sys=0.00, real=0.01 secs] 
2014-07-08T20:42:17.781+0000: 2651.428: [GC [PSYoungGen: 120512K->1664K(119232K)] 561445K->442686K(806208K), 0.0115390 secs] [Times: user=0.08 sys=0.00, real=0.01 secs] 
2014-07-08T20:42:18.908+0000: 2652.555: [GC [PSYoungGen: 119168K->882K(116608K)] 560190K->442558K(803584K), 0.0191740 secs] [Times: user=0.13 sys=0.00, real=0.02 secs] 
2014-07-08T20:42:20.341+0000: 2653.988: [GC [PSYoungGen: 116563K->1892K(115840K)] 558239K->443656K(802816K), 0.0071440 secs] [Times: user=0.05 sys=0.00, real=0.01 secs] 
2014-07-08T20:42:21.484+0000: 2655.131: [GC [PSYoungGen: 115812K->1068K(113280K)] 557576K->443276K(800256K), 0.0154800 secs] [Times: user=0.11 sys=0.01, real=0.02 secs] 
2014-07-08T20:42:22.696+0000: 2656.343: [GC [PSYoungGen: 113260K->1502K(112064K)] 555468K->443806K(799040K), 0.0088650 secs] [Times: user=0.06 sys=0.00, real=0.01 secs] 
2014-07-08T20:42:23.699+0000: 2657.346: [GC [PSYoungGen: 111943K->1156K(110144K)] 554247K->443598K(797120K), 0.0059840 secs] [Times: user=0.03 sys=0.00, real=0.00 secs] 
2014-07-08T20:42:24.855+0000: 2658.502: [GC [PSYoungGen: 110084K->1376K(108736K)] 552526K->443898K(795712K), 0.0133220 secs] [Times: user=0.09 sys=0.00, real=0.02 secs] 
2014-07-08T20:42:26.155+0000: 2659.802: [GC [PSYoungGen: 108704K->1042K(129920K)] 551226K->443628K(816896K), 0.0209370 secs] [Times: user=0.16 sys=0.00, real=0.02 secs] 
2014-07-08T20:42:27.672+0000: 2661.319: [GC [PSYoungGen: 129874K->1458K(128192K)] 572460K->444148K(815168K), 0.0091330 secs] [Times: user=0.06 sys=0.00, real=0.01 secs] 
2014-07-08T20:42:28.851+0000: 2662.498: [GC [PSYoungGen: 128178K->1422K(139904K)] 570868K->444200K(826880K), 0.0150300 secs] [Times: user=0.09 sys=0.00, real=0.01 secs] 
2014-07-08T20:42:30.436+0000: 2664.083: [GC [PSYoungGen: 139854K->1320K(137408K)] 582632K->444146K(824384K), 0.0132240 secs] [Times: user=0.07 sys=0.00, real=0.02 secs] 
2014-07-08T20:42:31.842+0000: 2665.489: [GC [PSYoungGen: 137384K->612K(134400K)] 580210K->444002K(821376K), 0.0117300 secs] [Times: user=0.07 sys=0.00, real=0.01 secs] 
2014-07-08T20:42:33.297+0000: 2666.944: [GC [PSYoungGen: 134370K->1854K(133376K)] 577760K->445422K(820352K), 0.0093910 secs] [Times: user=0.06 sys=0.00, real=0.01 secs] 
2014-07-08T20:42:34.652+0000: 2668.299: [GC [PSYoungGen: 133374K->1272K(130624K)] 576942K->445468K(817600K), 0.0116270 secs] [Times: user=0.05 sys=0.00, real=0.01 secs] 
2014-07-08T20:42:36.126+0000: 2669.773: [GC [PSYoungGen: 130616K->1386K(128640K)] 574812K->445630K(815616K), 0.0082530 secs] [Times: user=0.04 sys=0.00, real=0.01 secs] 
2014-07-08T20:42:37.476+0000: 2671.123: [GC [PSYoungGen: 128606K->1605K(126848K)] 572851K->445929K(813824K), 0.0190970 secs] [Times: user=0.12 sys=0.00, real=0.02 secs] 
2014-07-08T20:42:38.766+0000: 2672.413: [GC [PSYoungGen: 126789K->1174K(124416K)] 571113K->445570K(811392K), 0.0069650 secs] [Times: user=0.04 sys=0.01, real=0.01 secs] 
2014-07-08T20:42:40.279+0000: 2673.926: [GC [PSYoungGen: 124339K->1302K(122560K)] 568735K->445770K(809536K), 0.0104270 secs] [Times: user=0.07 sys=0.00, real=0.01 secs] 
2014-07-08T20:42:41.632+0000: 2675.279: [GC [PSYoungGen: 122518K->1512K(120832K)] 566986K->446052K(807808K), 0.0059600 secs] [Times: user=0.03 sys=0.00, real=0.00 secs] 
2014-07-08T20:42:42.836+0000: 2676.483: [GC [PSYoungGen: 120808K->1188K(118656K)] 565348K->445808K(805632K), 0.0059500 secs] [Times: user=0.03 sys=0.00, real=0.01 secs] 
2014-07-08T20:42:44.173+0000: 2677.820: [GC [PSYoungGen: 118628K->1554K(117248K)] 563248K->446262K(804224K), 0.0128910 secs] [Times: user=0.09 sys=0.00, real=0.01 secs] 
2014-07-08T20:42:45.486+0000: 2679.133: [GC [PSYoungGen: 117162K->1316K(115264K)] 561870K->446216K(802240K), 0.0111440 secs] [Times: user=0.07 sys=0.00, real=0.01 secs] 
2014-07-08T20:42:46.681+0000: 2680.329: [GC [PSYoungGen: 115203K->1468K(113664K)] 560103K->446506K(800640K), 0.0065120 secs] [Times: user=0.04 sys=0.00, real=0.00 secs] 
2014-07-08T20:42:47.882+0000: 2681.529: [GC [PSYoungGen: 113623K->1170K(111744K)] 558661K->446304K(798720K), 0.0133980 secs] [Times: user=0.09 sys=0.01, real=0.01 secs] 
2014-07-08T20:42:48.963+0000: 2682.610: [GC [PSYoungGen: 111698K->1436K(110400K)] 556832K->446642K(797376K), 0.0150310 secs] [Times: user=0.11 sys=0.00, real=0.01 secs] 
2014-07-08T20:42:50.153+0000: 2683.800: [GC [PSYoungGen: 110364K->1214K(130112K)] 555570K->446556K(817088K), 0.0204270 secs] [Times: user=0.15 sys=0.00, real=0.02 secs] 
2014-07-08T20:42:51.570+0000: 2685.217: [GC [PSYoungGen: 130110K->1508K(128320K)] 575452K->446914K(815296K), 0.0073870 secs] [Times: user=0.04 sys=0.00, real=0.01 secs] 
2014-07-08T20:42:52.819+0000: 2686.466: [GC [PSYoungGen: 128292K->377K(125120K)] 573698K->446740K(812096K), 0.0097950 secs] [Times: user=0.07 sys=0.00, real=0.01 secs] 
2014-07-08T20:42:54.222+0000: 2687.869: [GC [PSYoungGen: 125113K->1818K(124608K)] 571476K->448253K(811584K), 0.0113760 secs] [Times: user=0.08 sys=0.00, real=0.02 secs] 
2014-07-08T20:42:55.590+0000: 2689.237: [GC [PSYoungGen: 124570K->1532K(122368K)] 571005K->448550K(809344K), 0.0165670 secs] [Times: user=0.10 sys=0.00, real=0.02 secs] 
2014-07-08T20:42:56.679+0000: 2690.326: [GC [PSYoungGen: 122364K->1816K(120768K)] 569382K->448906K(807744K), 0.0124450 secs] [Times: user=0.05 sys=0.00, real=0.02 secs] 
2014-07-08T20:42:57.915+0000: 2691.563: [GC [PSYoungGen: 120727K->992K(118080K)] 567817K->448361K(805056K), 0.0103740 secs] [Times: user=0.07 sys=0.00, real=0.01 secs] 
2014-07-08T20:42:59.139+0000: 2692.786: [GC [PSYoungGen: 118048K->1494K(116800K)] 565417K->448936K(803776K), 0.0105090 secs] [Times: user=0.07 sys=0.00, real=0.01 secs] 
2014-07-08T20:43:00.450+0000: 2694.097: [GC [PSYoungGen: 116758K->1202K(114752K)] 564200K->448847K(801728K), 0.0161970 secs] [Times: user=0.11 sys=0.00, real=0.02 secs] 
2014-07-08T20:43:01.673+0000: 2695.320: [GC [PSYoungGen: 114738K->1056K(112896K)] 562383K->448765K(799872K), 0.0049620 secs] [Times: user=0.03 sys=0.00, real=0.01 secs] 
2014-07-08T20:43:02.796+0000: 2696.443: [GC [PSYoungGen: 112864K->1106K(111296K)] 560573K->448911K(798272K), 0.0105670 secs] [Times: user=0.08 sys=0.00, real=0.01 secs] 
2014-07-08T20:43:03.851+0000: 2697.499: [GC [PSYoungGen: 111250K->1408K(110016K)] 559055K->449310K(796992K), 0.0131150 secs] [Times: user=0.09 sys=0.00, real=0.02 secs] 
2014-07-08T20:43:05.019+0000: 2698.666: [GC [PSYoungGen: 109952K->1366K(108352K)] 557854K->449371K(795328K), 0.0071950 secs] [Times: user=0.04 sys=0.00, real=0.01 secs] 
2014-07-08T20:43:06.159+0000: 2699.806: [GC [PSYoungGen: 108275K->1524K(106944K)] 556281K->449617K(793920K), 0.0114210 secs] [Times: user=0.07 sys=0.00, real=0.01 secs] 
2014-07-08T20:43:07.253+0000: 2700.901: [GC [PSYoungGen: 106874K->1067K(105024K)] 554968K->449731K(792000K), 0.0072600 secs] [Times: user=0.04 sys=0.00, real=0.01 secs] 
2014-07-08T20:43:08.314+0000: 2701.961: [GC [PSYoungGen: 105003K->1608K(104128K)] 553667K->450386K(791104K), 0.0160690 secs] [Times: user=0.11 sys=0.00, real=0.01 secs] 
2014-07-08T20:43:09.502+0000: 2703.149: [GC [PSYoungGen: 104072K->1234K(119744K)] 552850K->450397K(806720K), 0.0134790 secs] [Times: user=0.10 sys=0.00, real=0.02 secs] 
2014-07-08T20:43:10.759+0000: 2704.406: [GC [PSYoungGen: 119570K->1156K(120320K)] 568733K->450391K(807296K), 0.0127600 secs] [Times: user=0.09 sys=0.00, real=0.01 secs] 
2014-07-08T20:43:11.861+0000: 2705.508: [GC [PSYoungGen: 119492K->1604K(143936K)] 568727K->450944K(830912K), 0.0201000 secs] [Times: user=0.14 sys=0.00, real=0.02 secs] 
2014-07-08T20:43:13.529+0000: 2707.176: [GC [PSYoungGen: 143556K->1728K(144000K)] 592896K->451132K(830976K), 0.0184950 secs] [Times: user=0.12 sys=0.00, real=0.02 secs] 
2014-07-08T20:43:14.830+0000: 2708.477: [GC [PSYoungGen: 143679K->1564K(172416K)] 593083K->451056K(859392K), 0.0121140 secs] [Times: user=0.08 sys=0.00, real=0.01 secs] 
2014-07-08T20:43:16.653+0000: 2710.300: [GC [PSYoungGen: 171932K->1316K(172416K)] 621424K->450855K(859392K), 0.0179390 secs] [Times: user=0.12 sys=0.00, real=0.02 secs] 
2014-07-08T20:43:18.773+0000: 2712.420: [GC [PSYoungGen: 171684K->1885K(168960K)] 621223K->451473K(855936K), 0.0093470 secs] [Times: user=0.06 sys=0.00, real=0.01 secs] 
2014-07-08T20:43:20.489+0000: 2714.136: [GC [PSYoungGen: 168925K->1434K(165248K)] 618513K->451086K(852224K), 0.0192570 secs] [Times: user=0.12 sys=0.00, real=0.02 secs] 
2014-07-08T20:43:22.239+0000: 2715.886: [GC [PSYoungGen: 165206K->868K(161536K)] 614858K->451116K(848512K), 0.0104880 secs] [Times: user=0.07 sys=0.00, real=0.01 secs] 
2014-07-08T20:43:23.823+0000: 2717.470: [GC [PSYoungGen: 161498K->1548K(159168K)] 611746K->451918K(846144K), 0.0079970 secs] [Times: user=0.04 sys=0.00, real=0.01 secs] 
2014-07-08T20:43:25.634+0000: 2719.281: [GC [PSYoungGen: 159066K->1252K(155904K)] 609436K->451922K(842880K), 0.0124360 secs] [Times: user=0.08 sys=0.00, real=0.02 secs] 
2014-07-08T20:43:27.301+0000: 2720.948: [GC [PSYoungGen: 155876K->1426K(153216K)] 606546K->452176K(840192K), 0.0070500 secs] [Times: user=0.04 sys=0.00, real=0.01 secs] 
2014-07-08T20:43:28.756+0000: 2722.403: [GC [PSYoungGen: 153170K->1248K(150272K)] 603920K->452142K(837248K), 0.0256110 secs] [Times: user=0.16 sys=0.00, real=0.03 secs] 
2014-07-08T20:43:30.601+0000: 2724.248: [GC [PSYoungGen: 150240K->1466K(147776K)] 601134K->452400K(834752K), 0.0166230 secs] [Times: user=0.10 sys=0.01, real=0.02 secs] 
2014-07-08T20:43:31.966+0000: 2725.613: [GC [PSYoungGen: 147755K->1124K(176768K)] 598689K->452302K(863744K), 0.0201050 secs] [Times: user=0.14 sys=0.00, real=0.02 secs] 
2014-07-08T20:43:33.619+0000: 2727.266: [GC [PSYoungGen: 176740K->1281K(173440K)] 627918K->452507K(860416K), 0.0046660 secs] [Times: user=0.02 sys=0.00, real=0.00 secs] 
2014-07-08T20:43:35.605+0000: 2729.252: [GC [PSYoungGen: 173377K->1262K(169984K)] 624603K->452592K(856960K), 0.0117730 secs] [Times: user=0.08 sys=0.00, real=0.01 secs] 
2014-07-08T20:43:37.623+0000: 2731.270: [GC [PSYoungGen: 169966K->1430K(166848K)] 621296K->452800K(853824K), 0.0285490 secs] [Times: user=0.16 sys=0.00, real=0.03 secs] 
2014-07-08T20:43:39.295+0000: 2732.942: [GC [PSYoungGen: 166806K->870K(163072K)] 618176K->452766K(850048K), 0.0103040 secs] [Times: user=0.05 sys=0.00, real=0.01 secs] 
2014-07-08T20:43:40.801+0000: 2734.448: [GC [PSYoungGen: 163033K->1724K(160832K)] 614929K->453685K(847808K), 0.0113130 secs] [Times: user=0.07 sys=0.00, real=0.01 secs] 
2014-07-08T20:43:42.526+0000: 2736.173: [GC [PSYoungGen: 160819K->872K(156992K)] 612780K->453470K(843968K), 0.0171030 secs] [Times: user=0.13 sys=0.00, real=0.02 secs] 
2014-07-08T20:43:43.801+0000: 2737.448: [GC [PSYoungGen: 156968K->1742K(154944K)] 609566K->454413K(841920K), 0.0131950 secs] [Times: user=0.09 sys=0.00, real=0.01 secs] 
2014-07-08T20:43:45.501+0000: 2739.148: [GC [PSYoungGen: 154894K->1066K(151424K)] 607565K->454287K(838400K), 0.0076300 secs] [Times: user=0.05 sys=0.00, real=0.00 secs] 
2014-07-08T20:43:46.734+0000: 2740.381: [GC [PSYoungGen: 151384K->1434K(149056K)] 604605K->454734K(836032K), 0.0072360 secs] [Times: user=0.04 sys=0.00, real=0.01 secs] 
2014-07-08T20:43:48.412+0000: 2742.059: [GC [PSYoungGen: 149018K->1334K(146304K)] 602318K->455055K(833280K), 0.0036780 secs] [Times: user=0.02 sys=0.00, real=0.00 secs] 
2014-07-08T20:43:49.843+0000: 2743.490: [GC [PSYoungGen: 146246K->1480K(143936K)] 599967K->455273K(830912K), 0.0053360 secs] [Times: user=0.02 sys=0.00, real=0.00 secs] 
2014-07-08T20:43:51.251+0000: 2744.898: [GC [PSYoungGen: 143880K->1020K(140928K)] 597673K->455013K(827904K), 0.0124260 secs] [Times: user=0.08 sys=0.00, real=0.01 secs] 
2014-07-08T20:43:52.540+0000: 2746.187: [GC [PSYoungGen: 140924K->1320K(138816K)] 594917K->455369K(825792K), 0.0149690 secs] [Times: user=0.07 sys=0.00, real=0.02 secs] 
2014-07-08T20:43:53.691+0000: 2747.338: [GC [PSYoungGen: 138758K->1530K(136640K)] 592807K->455895K(823616K), 0.0100860 secs] [Times: user=0.06 sys=0.00, real=0.01 secs] 
2014-07-08T20:43:55.165+0000: 2748.812: [GC [PSYoungGen: 136634K->1831K(134656K)] 590999K->456228K(821632K), 0.0053220 secs] [Times: user=0.01 sys=0.00, real=0.00 secs] 
2014-07-08T20:43:56.545+0000: 2750.192: [GC [PSYoungGen: 134631K->612K(131200K)] 589028K->455605K(818176K), 0.0073670 secs] [Times: user=0.05 sys=0.00, real=0.01 secs] 
2014-07-08T20:43:57.591+0000: 2751.238: [GC [PSYoungGen: 131172K->1868K(130304K)] 586165K->456949K(817280K), 0.0116610 secs] [Times: user=0.08 sys=0.00, real=0.02 secs] 
2014-07-08T20:43:58.859+0000: 2752.506: [GC [PSYoungGen: 130231K->1694K(128000K)] 585312K->457343K(814976K), 0.0075890 secs] [Times: user=0.05 sys=0.00, real=0.01 secs] 
2014-07-08T20:44:00.292+0000: 2753.939: [GC [PSYoungGen: 127966K->1294K(125568K)] 583615K->457065K(812544K), 0.0146370 secs] [Times: user=0.11 sys=0.00, real=0.01 secs] 
2014-07-08T20:44:01.597+0000: 2755.244: [GC [PSYoungGen: 125518K->1160K(123456K)] 581289K->456987K(810432K), 0.0044320 secs] [Times: user=0.01 sys=0.00, real=0.00 secs] 
2014-07-08T20:44:02.682+0000: 2756.329: [GC [PSYoungGen: 123400K->1174K(121536K)] 579227K->457065K(808512K), 0.0131340 secs] [Times: user=0.09 sys=0.00, real=0.02 secs] 
2014-07-08T20:44:03.803+0000: 2757.450: [GC [PSYoungGen: 121494K->1586K(120064K)] 577385K->457599K(807040K), 0.0127550 secs] [Times: user=0.09 sys=0.00, real=0.01 secs] 
2014-07-08T20:44:04.961+0000: 2758.608: [GC [PSYoungGen: 120020K->1630K(143872K)] 576034K->457691K(830848K), 0.0200630 secs] [Times: user=0.12 sys=0.00, real=0.02 secs] 
2014-07-08T20:44:06.412+0000: 2760.059: [GC [PSYoungGen: 143739K->996K(140736K)] 599800K->457248K(827712K), 0.0081790 secs] [Times: user=0.05 sys=0.00, real=0.01 secs] 
2014-07-08T20:44:07.618+0000: 2761.265: [GC [PSYoungGen: 140708K->1320K(138624K)] 596960K->457644K(825600K), 0.0097080 secs] [Times: user=0.05 sys=0.00, real=0.01 secs] 
2014-07-08T20:44:08.906+0000: 2762.553: [GC [PSYoungGen: 138600K->1628K(136576K)] 594924K->458056K(823552K), 0.0091870 secs] [Times: user=0.07 sys=0.00, real=0.01 secs] 
2014-07-08T20:44:10.402+0000: 2764.049: [GC [PSYoungGen: 136540K->1710K(134336K)] 592968K->458211K(821312K), 0.0168360 secs] [Times: user=0.10 sys=0.00, real=0.02 secs] 
2014-07-08T20:44:11.559+0000: 2765.206: [GC [PSYoungGen: 134318K->872K(131264K)] 590819K->457882K(818240K), 0.0059730 secs] [Times: user=0.03 sys=0.00, real=0.01 secs] 
2014-07-08T20:44:12.719+0000: 2766.366: [GC [PSYoungGen: 131222K->1455K(129664K)] 588233K->458530K(816640K), 0.0052930 secs] [Times: user=0.03 sys=0.01, real=0.01 secs] 
2014-07-08T20:44:14.108+0000: 2767.755: [GC [PSYoungGen: 129647K->1362K(127488K)] 586722K->458533K(814464K), 0.0121800 secs] [Times: user=0.08 sys=0.00, real=0.01 secs] 
2014-07-08T20:44:15.604+0000: 2769.251: [GC [PSYoungGen: 127442K->1302K(125376K)] 584613K->458576K(812352K), 0.0105410 secs] [Times: user=0.06 sys=0.00, real=0.02 secs] 
2014-07-08T20:44:16.674+0000: 2770.321: [GC [PSYoungGen: 125334K->1266K(123328K)] 582608K->458709K(810304K), 0.0105410 secs] [Times: user=0.07 sys=0.00, real=0.01 secs] 
2014-07-08T20:44:18.063+0000: 2771.710: [GC [PSYoungGen: 123302K->1266K(121408K)] 580745K->458765K(808384K), 0.0049690 secs] [Times: user=0.03 sys=0.00, real=0.01 secs] 
2014-07-08T20:44:19.357+0000: 2773.004: [GC [PSYoungGen: 121393K->1342K(119616K)] 578892K->458993K(806592K), 0.0054660 secs] [Times: user=0.04 sys=0.00, real=0.00 secs] 
2014-07-08T20:44:20.541+0000: 2774.188: [GC [PSYoungGen: 119614K->1596K(118016K)] 577265K->459319K(804992K), 0.0051690 secs] [Times: user=0.03 sys=0.00, real=0.01 secs] 
2014-07-08T20:44:21.928+0000: 2775.575: [GC [PSYoungGen: 118012K->814K(115456K)] 575735K->459193K(802432K), 0.0090520 secs] [Times: user=0.05 sys=0.00, real=0.01 secs] 
2014-07-08T20:44:22.920+0000: 2776.567: [GC [PSYoungGen: 115438K->1334K(114240K)] 573817K->459801K(801216K), 0.0111890 secs] [Times: user=0.07 sys=0.01, real=0.01 secs] 
2014-07-08T20:44:24.064+0000: 2777.711: [GC [PSYoungGen: 114221K->1320K(112576K)] 572688K->459997K(799552K), 0.0129590 secs] [Times: user=0.09 sys=0.00, real=0.02 secs] 
2014-07-08T20:44:25.283+0000: 2778.930: [GC [PSYoungGen: 112552K->1266K(110848K)] 571229K->460039K(797824K), 0.0143490 secs] [Times: user=0.09 sys=0.00, real=0.02 secs] 
2014-07-08T20:44:26.371+0000: 2780.018: [GC [PSYoungGen: 110832K->1134K(132672K)] 569605K->460333K(819648K), 0.0173570 secs] [Times: user=0.11 sys=0.00, real=0.02 secs] 
2014-07-08T20:44:27.770+0000: 2781.417: [GC [PSYoungGen: 132654K->1540K(130944K)] 591853K->460853K(817920K), 0.0077040 secs] [Times: user=0.04 sys=0.00, real=0.01 secs] 
2014-07-08T20:44:28.992+0000: 2782.639: [GC [PSYoungGen: 130884K->1014K(128256K)] 590197K->460789K(815232K), 0.0056660 secs] [Times: user=0.04 sys=0.00, real=0.01 secs] 
2014-07-08T20:44:30.480+0000: 2784.127: [GC [PSYoungGen: 128246K->1678K(126912K)] 588021K->461526K(813888K), 0.0137890 secs] [Times: user=0.10 sys=0.00, real=0.01 secs] 
2014-07-08T20:44:31.607+0000: 2785.254: [GC [PSYoungGen: 126862K->868K(124096K)] 586710K->460979K(811072K), 0.0111210 secs] [Times: user=0.07 sys=0.00, real=0.01 secs] 
2014-07-08T20:44:32.697+0000: 2786.344: [GC [PSYoungGen: 124029K->1839K(123072K)] 584141K->462038K(810048K), 0.0090450 secs] [Times: user=0.06 sys=0.00, real=0.00 secs] 
2014-07-08T20:44:33.918+0000: 2787.565: [GC [PSYoungGen: 123042K->1138K(120448K)] 583241K->461742K(807424K), 0.0054940 secs] [Times: user=0.03 sys=0.01, real=0.00 secs] 
2014-07-08T20:44:34.997+0000: 2788.644: [GC [PSYoungGen: 120434K->1324K(118784K)] 581038K->461991K(805760K), 0.0046300 secs] [Times: user=0.02 sys=0.00, real=0.01 secs] 
2014-07-08T20:44:36.246+0000: 2789.893: [GC [PSYoungGen: 118723K->1480K(117184K)] 579391K->462327K(804160K), 0.0057040 secs] [Times: user=0.02 sys=0.00, real=0.01 secs] 
2014-07-08T20:44:37.474+0000: 2791.121: [GC [PSYoungGen: 117128K->1568K(115520K)] 577975K->462512K(802496K), 0.0133380 secs] [Times: user=0.10 sys=0.00, real=0.02 secs] 
2014-07-08T20:44:38.589+0000: 2792.236: [GC [PSYoungGen: 115487K->754K(112960K)] 576431K->462059K(799936K), 0.0105080 secs] [Times: user=0.07 sys=0.00, real=0.01 secs] 
2014-07-08T20:44:39.731+0000: 2793.378: [GC [PSYoungGen: 112946K->1606K(112192K)] 574251K->462960K(799168K), 0.0077380 secs] [Times: user=0.05 sys=0.00, real=0.01 secs] 
2014-07-08T20:44:40.889+0000: 2794.536: [GC [PSYoungGen: 112134K->1160K(110144K)] 573488K->462767K(797120K), 0.0041130 secs] [Times: user=0.02 sys=0.00, real=0.00 secs] 
2014-07-08T20:44:41.782+0000: 2795.429: [GC [PSYoungGen: 110088K->1384K(108736K)] 571695K->463056K(795712K), 0.0042550 secs] [Times: user=0.03 sys=0.00, real=0.00 secs] 
2014-07-08T20:44:42.738+0000: 2796.385: [GC [PSYoungGen: 108712K->1404K(107200K)] 570384K->463318K(794176K), 0.0042220 secs] [Times: user=0.02 sys=0.01, real=0.00 secs] 
2014-07-08T20:44:43.759+0000: 2797.406: [GC [PSYoungGen: 107196K->1220K(105536K)] 569110K->463205K(792512K), 0.0054540 secs] [Times: user=0.04 sys=0.00, real=0.00 secs] 
2014-07-08T20:44:44.634+0000: 2798.281: [GC [PSYoungGen: 105476K->1210K(104000K)] 567461K->463299K(790976K), 0.0039380 secs] [Times: user=0.03 sys=0.01, real=0.01 secs] 
2014-07-08T20:44:45.714+0000: 2799.361: [GC [PSYoungGen: 103994K->1444K(102848K)] 566083K->463590K(789824K), 0.0050700 secs] [Times: user=0.02 sys=0.00, real=0.01 secs] 
2014-07-08T20:44:46.678+0000: 2800.325: [GC [PSYoungGen: 102820K->1188K(101184K)] 564966K->463601K(788160K), 0.0060130 secs] [Times: user=0.03 sys=0.00, real=0.01 secs] 
2014-07-08T20:44:47.626+0000: 2801.273: [GC [PSYoungGen: 101115K->1156K(99840K)] 563529K->463633K(786816K), 0.0098090 secs] [Times: user=0.06 sys=0.00, real=0.01 secs] 
2014-07-08T20:44:48.581+0000: 2802.228: [GC [PSYoungGen: 99780K->1342K(98624K)] 562257K->463964K(785600K), 0.0127720 secs] [Times: user=0.08 sys=0.00, real=0.01 secs] 
2014-07-08T20:44:49.606+0000: 2803.253: [GC [PSYoungGen: 98554K->1678K(97728K)] 561176K->464356K(784704K), 0.0046300 secs] [Times: user=0.02 sys=0.00, real=0.01 secs] 
2014-07-08T20:44:50.639+0000: 2804.286: [GC [PSYoungGen: 97678K->676K(95424K)] 560355K->463885K(782400K), 0.0102070 secs] [Times: user=0.07 sys=0.00, real=0.01 secs] 
2014-07-08T20:44:51.562+0000: 2805.209: [GC [PSYoungGen: 95396K->1810K(95360K)] 558605K->465132K(782336K), 0.0133480 secs] [Times: user=0.10 sys=0.00, real=0.01 secs] 
2014-07-08T20:44:52.490+0000: 2806.137: [GC [PSYoungGen: 95314K->1210K(93504K)] 558636K->464858K(780480K), 0.0101950 secs] [Times: user=0.07 sys=0.00, real=0.01 secs] 
2014-07-08T20:44:53.443+0000: 2807.090: [GC [PSYoungGen: 93498K->1394K(112192K)] 557146K->465154K(799168K), 0.0125270 secs] [Times: user=0.07 sys=0.00, real=0.01 secs] 
2014-07-08T20:44:54.543+0000: 2808.190: [GC [PSYoungGen: 112178K->1394K(134400K)] 575938K->465258K(821376K), 0.0141370 secs] [Times: user=0.10 sys=0.00, real=0.01 secs] 
2014-07-08T20:44:55.658+0000: 2809.305: [GC [PSYoungGen: 134386K->1592K(161216K)] 598250K->465520K(848192K), 0.0167470 secs] [Times: user=0.11 sys=0.00, real=0.02 secs] 
2014-07-08T20:44:57.220+0000: 2810.867: [GC [PSYoungGen: 161208K->1468K(161536K)] 625136K->465516K(848512K), 0.0142710 secs] [Times: user=0.10 sys=0.00, real=0.02 secs] 
2014-07-08T20:44:58.656+0000: 2812.303: [GC [PSYoungGen: 161532K->1498K(161984K)] 625580K->465602K(848960K), 0.0124220 secs] [Times: user=0.08 sys=0.00, real=0.01 secs] 
2014-07-08T20:45:00.347+0000: 2813.994: [GC [PSYoungGen: 161562K->1774K(158848K)] 625666K->465958K(845824K), 0.0133230 secs] [Times: user=0.09 sys=0.00, real=0.01 secs] 
2014-07-08T20:45:02.155+0000: 2815.802: [GC [PSYoungGen: 158824K->1188K(189696K)] 623008K->465412K(876672K), 0.0217020 secs] [Times: user=0.13 sys=0.00, real=0.02 secs] 
2014-07-08T20:45:04.040+0000: 2817.687: [GC [PSYoungGen: 189668K->1000K(185536K)] 653892K->465490K(872512K), 0.0079730 secs] [Times: user=0.05 sys=0.00, real=0.01 secs] 
2014-07-08T20:45:05.793+0000: 2819.440: [GC [PSYoungGen: 185512K->1274K(181952K)] 650002K->465812K(868928K), 0.0095080 secs] [Times: user=0.05 sys=0.00, real=0.01 secs] 
2014-07-08T20:45:07.558+0000: 2821.205: [GC [PSYoungGen: 181932K->1466K(178432K)] 646470K->466076K(865408K), 0.0091510 secs] [Times: user=0.06 sys=0.00, real=0.01 secs] 
2014-07-08T20:45:09.348+0000: 2822.995: [GC [PSYoungGen: 178426K->1854K(175232K)] 643036K->466529K(862208K), 0.0144700 secs] [Times: user=0.09 sys=0.00, real=0.02 secs] 
2014-07-08T20:45:10.871+0000: 2824.518: [GC [PSYoungGen: 175230K->576K(170496K)] 639905K->465882K(857472K), 0.0125180 secs] [Times: user=0.09 sys=0.00, real=0.02 secs] 
2014-07-08T20:45:12.821+0000: 2826.468: [GC [PSYoungGen: 170496K->1710K(168320K)] 635802K->467065K(855296K), 0.0049310 secs] [Times: user=0.02 sys=0.00, real=0.01 secs] 
2014-07-08T20:45:14.476+0000: 2828.123: [GC [PSYoungGen: 168302K->1270K(164608K)] 633657K->466876K(851584K), 0.0062610 secs] [Times: user=0.04 sys=0.00, real=0.00 secs] 
2014-07-08T20:45:16.072+0000: 2829.719: [GC [PSYoungGen: 164571K->1110K(161344K)] 630177K->466772K(848320K), 0.0073760 secs] [Times: user=0.05 sys=0.00, real=0.01 secs] 
2014-07-08T20:45:17.579+0000: 2831.226: [GC [PSYoungGen: 161302K->1438K(158656K)] 626964K->467172K(845632K), 0.0048600 secs] [Times: user=0.02 sys=0.00, real=0.01 secs] 
2014-07-08T20:45:19.076+0000: 2832.723: [GC [PSYoungGen: 158622K->1192K(155456K)] 624356K->466982K(842432K), 0.0069830 secs] [Times: user=0.04 sys=0.00, real=0.00 secs] 
2014-07-08T20:45:20.820+0000: 2834.467: [GC [PSYoungGen: 155432K->1092K(152512K)] 621222K->466914K(839488K), 0.0152920 secs] [Times: user=0.09 sys=0.00, real=0.02 secs] 
2014-07-08T20:45:22.526+0000: 2836.173: [GC [PSYoungGen: 152445K->1522K(150144K)] 618267K->467433K(837120K), 0.0120090 secs] [Times: user=0.06 sys=0.00, real=0.01 secs] 
2014-07-08T20:45:23.932+0000: 2837.579: [GC [PSYoungGen: 150130K->1312K(147264K)] 616041K->467505K(834240K), 0.0067120 secs] [Times: user=0.03 sys=0.00, real=0.01 secs] 
2014-07-08T20:45:25.632+0000: 2839.279: [GC [PSYoungGen: 147232K->1917K(145216K)] 613425K->468182K(832192K), 0.0119730 secs] [Times: user=0.08 sys=0.00, real=0.01 secs] 
2014-07-08T20:45:26.916+0000: 2840.563: [GC [PSYoungGen: 145212K->761K(141504K)] 611477K->467487K(828480K), 0.0141720 secs] [Times: user=0.11 sys=0.00, real=0.01 secs] 
2014-07-08T20:45:28.588+0000: 2842.235: [GC [PSYoungGen: 141497K->1388K(139712K)] 608223K->468146K(826688K), 0.0302090 secs] [Times: user=0.19 sys=0.00, real=0.03 secs] 
2014-07-08T20:45:29.900+0000: 2843.547: [GC [PSYoungGen: 139692K->1320K(167360K)] 606450K->468314K(854336K), 0.0158150 secs] [Times: user=0.11 sys=0.00, real=0.02 secs] 
2014-07-08T20:45:31.818+0000: 2845.465: [GC [PSYoungGen: 167336K->1366K(181568K)] 634330K->468432K(868544K), 0.0194820 secs] [Times: user=0.12 sys=0.00, real=0.02 secs] 
2014-07-08T20:45:33.648+0000: 2847.295: [GC [PSYoungGen: 180935K->1106K(177088K)] 648001K->468228K(864064K), 0.0069990 secs] [Times: user=0.04 sys=0.00, real=0.00 secs] 
2014-07-08T20:45:35.480+0000: 2849.127: [GC [PSYoungGen: 177021K->1636K(174080K)] 644143K->468823K(861056K), 0.0070220 secs] [Times: user=0.03 sys=0.00, real=0.01 secs] 
2014-07-08T20:45:37.459+0000: 2851.106: [GC [PSYoungGen: 174035K->1206K(170240K)] 641221K->468464K(857216K), 0.0120440 secs] [Times: user=0.09 sys=0.00, real=0.01 secs] 
2014-07-08T20:45:39.147+0000: 2852.794: [GC [PSYoungGen: 170230K->1369K(167104K)] 637488K->468715K(854080K), 0.0071060 secs] [Times: user=0.05 sys=0.00, real=0.01 secs] 
2014-07-08T20:45:40.873+0000: 2854.520: [GC [PSYoungGen: 167036K->1342K(163840K)] 634383K->468736K(850816K), 0.0148310 secs] [Times: user=0.10 sys=0.00, real=0.02 secs] 
2014-07-08T20:45:42.680+0000: 2856.327: [GC [PSYoungGen: 163838K->1578K(160960K)] 631232K->469036K(847936K), 0.0092700 secs] [Times: user=0.05 sys=0.00, real=0.01 secs] 
2014-07-08T20:45:44.361+0000: 2858.008: [GC [PSYoungGen: 160906K->822K(157184K)] 628364K->468674K(844160K), 0.0114430 secs] [Times: user=0.07 sys=0.01, real=0.01 secs] 
2014-07-08T20:45:45.885+0000: 2859.532: [GC [PSYoungGen: 157174K->1448K(154880K)] 625026K->469356K(841856K), 0.0070320 secs] [Times: user=0.04 sys=0.00, real=0.01 secs] 
2014-07-08T20:45:47.735+0000: 2861.382: [GC [PSYoungGen: 154807K->1270K(151872K)] 622715K->469398K(838848K), 0.0063820 secs] [Times: user=0.04 sys=0.00, real=0.01 secs] 
2014-07-08T20:45:49.082+0000: 2862.729: [GC [PSYoungGen: 151816K->1540K(149440K)] 619944K->469764K(836416K), 0.0134590 secs] [Times: user=0.09 sys=0.00, real=0.01 secs] 
2014-07-08T20:45:50.765+0000: 2864.412: [GC [PSYoungGen: 149380K->864K(146048K)] 617604K->469464K(833024K), 0.0110560 secs] [Times: user=0.08 sys=0.00, real=0.01 secs] 
2014-07-08T20:45:51.954+0000: 2865.601: [GC [PSYoungGen: 146015K->1470K(144064K)] 614615K->470134K(831040K), 0.0072280 secs] [Times: user=0.04 sys=0.00, real=0.01 secs] 
2014-07-08T20:45:53.687+0000: 2867.334: [GC [PSYoungGen: 144062K->1198K(141312K)] 612726K->470122K(828288K), 0.0104680 secs] [Times: user=0.07 sys=0.00, real=0.01 secs] 
2014-07-08T20:45:55.053+0000: 2868.700: [GC [PSYoungGen: 141294K->1206K(138880K)] 610218K->470210K(825856K), 0.0183510 secs] [Times: user=0.13 sys=0.00, real=0.02 secs] 
2014-07-08T20:45:56.635+0000: 2870.282: [GC [PSYoungGen: 138870K->1206K(136512K)] 607874K->470434K(823488K), 0.0054560 secs] [Times: user=0.03 sys=0.00, real=0.01 secs] 
2014-07-08T20:45:57.947+0000: 2871.594: [GC [PSYoungGen: 136502K->1558K(134592K)] 605730K->470866K(821568K), 0.0113870 secs] [Times: user=0.08 sys=0.00, real=0.01 secs] 
2014-07-08T20:45:59.496+0000: 2873.143: [GC [PSYoungGen: 134550K->818K(131584K)] 603858K->470490K(818560K), 0.0102450 secs] [Times: user=0.07 sys=0.01, real=0.01 secs] 
2014-07-08T20:46:00.841+0000: 2874.488: [GC [PSYoungGen: 131570K->1572K(130176K)] 601242K->471348K(817152K), 0.0067480 secs] [Times: user=0.04 sys=0.00, real=0.00 secs] 
2014-07-08T20:46:02.030+0000: 2875.677: [GC [PSYoungGen: 130148K->1184K(127680K)] 599924K->471176K(814656K), 0.0072360 secs] [Times: user=0.03 sys=0.01, real=0.01 secs] 
2014-07-08T20:46:03.596+0000: 2877.243: [GC [PSYoungGen: 127648K->1550K(126016K)] 597640K->471662K(812992K), 0.0148240 secs] [Times: user=0.10 sys=0.00, real=0.02 secs] 
2014-07-08T20:46:04.824+0000: 2878.471: [GC [PSYoungGen: 125966K->814K(123264K)] 596078K->471502K(810240K), 0.0083970 secs] [Times: user=0.06 sys=0.00, real=0.01 secs] 
2014-07-08T20:46:05.901+0000: 2879.548: [GC [PSYoungGen: 123156K->1633K(122176K)] 593845K->472401K(809152K), 0.0116070 secs] [Times: user=0.08 sys=0.01, real=0.01 secs] 
2014-07-08T20:46:07.227+0000: 2880.874: [GC [PSYoungGen: 122143K->1146K(119808K)] 592912K->472178K(806784K), 0.0113360 secs] [Times: user=0.09 sys=0.00, real=0.01 secs] 
2014-07-08T20:46:08.543+0000: 2882.190: [GC [PSYoungGen: 119802K->1192K(143616K)] 590834K->472272K(830592K), 0.0221010 secs] [Times: user=0.14 sys=0.00, real=0.02 secs] 
2014-07-08T20:46:10.072+0000: 2883.719: [GC [PSYoungGen: 143575K->1270K(141184K)] 614655K->472690K(828160K), 0.0111640 secs] [Times: user=0.08 sys=0.00, real=0.01 secs] 
2014-07-08T20:46:11.604+0000: 2885.251: [GC [PSYoungGen: 141140K->1636K(139136K)] 612560K->473136K(826112K), 0.0144410 secs] [Times: user=0.10 sys=0.00, real=0.01 secs] 
2014-07-08T20:46:12.861+0000: 2886.508: [GC [PSYoungGen: 139108K->804K(135936K)] 610608K->472780K(822912K), 0.0079010 secs] [Times: user=0.04 sys=0.00, real=0.01 secs] 
2014-07-08T20:46:14.410+0000: 2888.057: [GC [PSYoungGen: 135908K->1772K(134592K)] 607884K->473837K(821568K), 0.0150770 secs] [Times: user=0.11 sys=0.00, real=0.02 secs] 
2014-07-08T20:46:15.726+0000: 2889.373: [GC [PSYoungGen: 134572K->1088K(131648K)] 606637K->473362K(818624K), 0.0086430 secs] [Times: user=0.05 sys=0.00, real=0.01 secs] 
2014-07-08T20:46:17.381+0000: 2891.028: [GC [PSYoungGen: 131648K->1380K(129792K)] 603922K->473734K(816768K), 0.0093990 secs] [Times: user=0.06 sys=0.01, real=0.01 secs] 
2014-07-08T20:46:18.872+0000: 2892.519: [GC [PSYoungGen: 129729K->1512K(127808K)] 602084K->473955K(814784K), 0.0054620 secs] [Times: user=0.03 sys=0.00, real=0.01 secs] 
2014-07-08T20:46:20.056+0000: 2893.703: [GC [PSYoungGen: 127784K->1238K(125504K)] 600227K->473744K(812480K), 0.0186000 secs] [Times: user=0.12 sys=0.00, real=0.02 secs] 
2014-07-08T20:46:21.510+0000: 2895.157: [GC [PSYoungGen: 125371K->1202K(123456K)] 597878K->474094K(810432K), 0.0073200 secs] [Times: user=0.04 sys=0.00, real=0.01 secs] 
2014-07-08T20:46:22.740+0000: 2896.387: [GC [PSYoungGen: 123405K->1701K(122048K)] 596297K->474641K(809024K), 0.0073310 secs] [Times: user=0.03 sys=0.00, real=0.01 secs] 
2014-07-08T20:46:23.949+0000: 2897.596: [GC [PSYoungGen: 122021K->1068K(119552K)] 594961K->474461K(806528K), 0.0135180 secs] [Times: user=0.10 sys=0.00, real=0.01 secs] 
2014-07-08T20:46:25.416+0000: 2899.063: [GC [PSYoungGen: 119530K->1234K(117888K)] 592923K->474691K(804864K), 0.0083490 secs] [Times: user=0.05 sys=0.00, real=0.01 secs] 
2014-07-08T20:46:26.682+0000: 2900.329: [GC [PSYoungGen: 117842K->1366K(116224K)] 591299K->474903K(803200K), 0.0163800 secs] [Times: user=0.11 sys=0.01, real=0.02 secs] 
2014-07-08T20:46:27.815+0000: 2901.462: [GC [PSYoungGen: 116152K->1128K(114240K)] 589689K->474713K(801216K), 0.0107990 secs] [Times: user=0.06 sys=0.00, real=0.01 secs] 
2014-07-08T20:46:28.947+0000: 2902.594: [GC [PSYoungGen: 114216K->1326K(112768K)] 587801K->475031K(799744K), 0.0069540 secs] [Times: user=0.04 sys=0.00, real=0.00 secs] 
2014-07-08T20:46:29.906+0000: 2903.553: [GC [PSYoungGen: 112750K->1550K(111360K)] 586455K->475377K(798336K), 0.0109560 secs] [Times: user=0.07 sys=0.00, real=0.01 secs] 
2014-07-08T20:46:30.926+0000: 2904.573: [GC [PSYoungGen: 111310K->946K(109120K)] 585137K->475005K(796096K), 0.0124890 secs] [Times: user=0.08 sys=0.00, real=0.01 secs] 
2014-07-08T20:46:32.213+0000: 2905.860: [GC [PSYoungGen: 109106K->1156K(131008K)] 583165K->475279K(817984K), 0.0181630 secs] [Times: user=0.12 sys=0.00, real=0.02 secs] 
2014-07-08T20:46:33.709+0000: 2907.356: [GC [PSYoungGen: 130948K->1432K(129152K)] 605071K->475651K(816128K), 0.0099250 secs] [Times: user=0.06 sys=0.00, real=0.01 secs] 
2014-07-08T20:46:34.840+0000: 2908.487: [GC [PSYoungGen: 129112K->1654K(127232K)] 603331K->475945K(814208K), 0.0069000 secs] [Times: user=0.04 sys=0.00, real=0.01 secs] 
2014-07-08T20:46:36.023+0000: 2909.670: [GC [PSYoungGen: 127222K->630K(124160K)] 601513K->475501K(811136K), 0.0074490 secs] [Times: user=0.04 sys=0.00, real=0.01 secs] 
2014-07-08T20:46:37.650+0000: 2911.297: [GC [PSYoungGen: 124150K->1616K(123200K)] 599021K->476585K(810176K), 0.0246100 secs] [Times: user=0.17 sys=0.00, real=0.02 secs] 
2014-07-08T20:46:38.840+0000: 2912.487: [GC [PSYoungGen: 123152K->1406K(147264K)] 598121K->476741K(834240K), 0.0271380 secs] [Times: user=0.10 sys=0.00, real=0.03 secs] 
2014-07-08T20:46:40.275+0000: 2913.922: [GC [PSYoungGen: 147261K->1312K(174656K)] 622596K->476711K(861632K), 0.0119610 secs] [Times: user=0.08 sys=0.00, real=0.02 secs] 
2014-07-08T20:46:42.056+0000: 2915.703: [GC [PSYoungGen: 174048K->1312K(176896K)] 649447K->476783K(863872K), 0.0129610 secs] [Times: user=0.08 sys=0.00, real=0.01 secs] 
2014-07-08T20:46:43.807+0000: 2917.454: [GC [PSYoungGen: 176317K->1448K(172992K)] 651788K->477007K(859968K), 0.0075760 secs] [Times: user=0.04 sys=0.01, real=0.00 secs] 
2014-07-08T20:46:45.746+0000: 2919.393: [GC [PSYoungGen: 172968K->427K(168576K)] 648527K->476996K(855552K), 0.0057220 secs] [Times: user=0.03 sys=0.00, real=0.01 secs] 
2014-07-08T20:46:47.366+0000: 2921.013: [GC [PSYoungGen: 168555K->1762K(166656K)] 645124K->478613K(853632K), 0.0165230 secs] [Times: user=0.11 sys=0.00, real=0.02 secs] 
2014-07-08T20:46:49.004+0000: 2922.651: [GC [PSYoungGen: 166626K->1324K(163008K)] 643477K->478797K(849984K), 0.0083110 secs] [Times: user=0.04 sys=0.00, real=0.01 secs] 
2014-07-08T20:46:50.814+0000: 2924.461: [GC [PSYoungGen: 162988K->1284K(159936K)] 640461K->478844K(846912K), 0.0112190 secs] [Times: user=0.08 sys=0.00, real=0.01 secs] 
2014-07-08T20:46:52.191+0000: 2925.838: [GC [PSYoungGen: 159876K->1330K(156928K)] 637436K->478955K(843904K), 0.0086710 secs] [Times: user=0.05 sys=0.00, real=0.01 secs] 
2014-07-08T20:46:53.901+0000: 2927.548: [GC [PSYoungGen: 156914K->1238K(153984K)] 634539K->478934K(840960K), 0.0070550 secs] [Times: user=0.04 sys=0.00, real=0.01 secs] 
2014-07-08T20:46:55.574+0000: 2929.221: [GC [PSYoungGen: 153942K->1270K(151168K)] 631638K->479006K(838144K), 0.0070930 secs] [Times: user=0.03 sys=0.00, real=0.01 secs] 
2014-07-08T20:46:57.034+0000: 2930.681: [GC [PSYoungGen: 151158K->1482K(148672K)] 628894K->479323K(835648K), 0.0120110 secs] [Times: user=0.08 sys=0.00, real=0.01 secs] 
2014-07-08T20:46:58.686+0000: 2932.333: [GC [PSYoungGen: 148617K->936K(145472K)] 626458K->479109K(832448K), 0.0129890 secs] [Times: user=0.09 sys=0.00, real=0.02 secs] 
2014-07-08T20:47:00.043+0000: 2933.690: [GC [PSYoungGen: 145448K->1765K(143744K)] 623621K->480001K(830720K), 0.0122010 secs] [Times: user=0.09 sys=0.00, real=0.01 secs] 
2014-07-08T20:47:01.787+0000: 2935.434: [GC [PSYoungGen: 143717K->1010K(140480K)] 621953K->479617K(827456K), 0.0121070 secs] [Times: user=0.03 sys=0.00, real=0.02 secs] 
2014-07-08T20:47:02.979+0000: 2936.626: [GC [PSYoungGen: 140466K->1148K(138176K)] 619073K->479803K(825152K), 0.0230160 secs] [Times: user=0.17 sys=0.00, real=0.02 secs] 
2014-07-08T20:47:04.621+0000: 2938.268: [GC [PSYoungGen: 138172K->1678K(136384K)] 616827K->480421K(823360K), 0.0114240 secs] [Times: user=0.08 sys=0.01, real=0.01 secs] 
2014-07-08T20:47:05.992+0000: 2939.639: [GC [PSYoungGen: 136334K->1448K(163072K)] 615077K->480279K(850048K), 0.0307990 secs] [Times: user=0.22 sys=0.00, real=0.03 secs] 
2014-07-08T20:47:07.858+0000: 2941.505: [GC [PSYoungGen: 163010K->804K(167168K)] 641842K->480145K(854144K), 0.0130530 secs] [Times: user=0.08 sys=0.01, real=0.02 secs] 
2014-07-08T20:47:09.678+0000: 2943.325: [GC [PSYoungGen: 167095K->1476K(168256K)] 646437K->480882K(855232K), 0.0139830 secs] [Times: user=0.10 sys=0.00, real=0.02 secs] 
2014-07-08T20:47:11.272+0000: 2944.919: [GC [PSYoungGen: 167812K->1440K(164608K)] 647218K->481024K(851584K), 0.0113280 secs] [Times: user=0.08 sys=0.00, real=0.01 secs] 
2014-07-08T20:47:12.912+0000: 2946.559: [GC [PSYoungGen: 164576K->1822K(161856K)] 644160K->481494K(848832K), 0.0083500 secs] [Times: user=0.03 sys=0.01, real=0.00 secs] 
2014-07-08T20:47:14.688+0000: 2948.335: [GC [PSYoungGen: 161822K->434K(157440K)] 641494K->480916K(844416K), 0.0049810 secs] [Times: user=0.03 sys=0.01, real=0.01 secs] 
2014-07-08T20:47:16.186+0000: 2949.833: [GC [PSYoungGen: 157426K->1534K(155584K)] 637908K->482064K(842560K), 0.0234160 secs] [Times: user=0.16 sys=0.00, real=0.02 secs] 
2014-07-08T20:47:17.840+0000: 2951.487: [GC [PSYoungGen: 155582K->1348K(152576K)] 636112K->482292K(839552K), 0.0184960 secs] [Times: user=0.12 sys=0.00, real=0.02 secs] 
2014-07-08T20:47:19.176+0000: 2952.823: [GC [PSYoungGen: 152514K->1803K(183296K)] 633458K->482852K(870272K), 0.0161400 secs] [Times: user=0.10 sys=0.00, real=0.02 secs] 
2014-07-08T20:47:21.177+0000: 2954.824: [GC [PSYoungGen: 183242K->630K(178368K)] 664290K->482470K(865344K), 0.0065310 secs] [Times: user=0.04 sys=0.00, real=0.01 secs] 
2014-07-08T20:47:23.122+0000: 2956.769: [GC [PSYoungGen: 178337K->1614K(175808K)] 660177K->483486K(862784K), 0.0151390 secs] [Times: user=0.10 sys=0.00, real=0.01 secs] 
2014-07-08T20:47:25.114+0000: 2958.761: [GC [PSYoungGen: 175732K->1334K(172032K)] 657604K->483398K(859008K), 0.0208690 secs] [Times: user=0.16 sys=0.00, real=0.02 secs] 
2014-07-08T20:47:26.853+0000: 2960.500: [GC [PSYoungGen: 172022K->1408K(168768K)] 654086K->483544K(855744K), 0.0133110 secs] [Times: user=0.08 sys=0.00, real=0.02 secs] 
2014-07-08T20:47:28.846+0000: 2962.493: [GC [PSYoungGen: 168704K->1194K(165248K)] 650840K->483612K(852224K), 0.0249360 secs] [Times: user=0.17 sys=0.00, real=0.02 secs] 
2014-07-08T20:47:30.506+0000: 2964.153: [GC [PSYoungGen: 165226K->1220K(162176K)] 647644K->483710K(849152K), 0.0079750 secs] [Times: user=0.05 sys=0.00, real=0.00 secs] 
2014-07-08T20:47:32.292+0000: 2965.939: [GC [PSYoungGen: 162116K->1142K(158976K)] 644606K->483704K(845952K), 0.0157220 secs] [Times: user=0.10 sys=0.00, real=0.02 secs] 
2014-07-08T20:47:33.919+0000: 2967.566: [GC [PSYoungGen: 158966K->1448K(156352K)] 641528K->484074K(843328K), 0.0184530 secs] [Times: user=0.11 sys=0.00, real=0.02 secs] 
2014-07-08T20:47:35.658+0000: 2969.305: [GC [PSYoungGen: 156328K->1266K(153280K)] 638954K->484124K(840256K), 0.0071470 secs] [Times: user=0.04 sys=0.00, real=0.01 secs] 
2014-07-08T20:47:36.978+0000: 2970.625: [GC [PSYoungGen: 153265K->1586K(150784K)] 636124K->484492K(837760K), 0.0119980 secs] [Times: user=0.08 sys=0.00, real=0.01 secs] 
2014-07-08T20:47:38.798+0000: 2972.445: [GC [PSYoungGen: 150770K->886K(147392K)] 633676K->484090K(834368K), 0.0104760 secs] [Times: user=0.07 sys=0.00, real=0.01 secs] 
2014-07-08T20:47:40.043+0000: 2973.690: [GC [PSYoungGen: 147382K->1330K(145216K)] 630586K->484606K(832192K), 0.0134930 secs] [Times: user=0.09 sys=0.01, real=0.02 secs] 
2014-07-08T20:47:41.830+0000: 2975.477: [GC [PSYoungGen: 145202K->1532K(142848K)] 628478K->485002K(829824K), 0.0113750 secs] [Times: user=0.08 sys=0.01, real=0.01 secs] 
2014-07-08T20:47:43.237+0000: 2976.884: [GC [PSYoungGen: 142844K->1344K(140224K)] 626314K->484894K(827200K), 0.0160600 secs] [Times: user=0.11 sys=0.00, real=0.01 secs] 
2014-07-08T20:47:44.755+0000: 2978.402: [GC [PSYoungGen: 140160K->950K(137408K)] 623710K->484724K(824384K), 0.0099990 secs] [Times: user=0.07 sys=0.00, real=0.01 secs] 
2014-07-08T20:47:46.039+0000: 2979.686: [GC [PSYoungGen: 137396K->1802K(136000K)] 621170K->485657K(822976K), 0.0135730 secs] [Times: user=0.07 sys=0.00, real=0.01 secs] 
2014-07-08T20:47:47.520+0000: 2981.167: [GC [PSYoungGen: 135946K->1056K(132992K)] 619801K->485364K(819968K), 0.0124570 secs] [Times: user=0.09 sys=0.00, real=0.01 secs] 
2014-07-08T20:47:48.799+0000: 2982.446: [GC [PSYoungGen: 132922K->1274K(131008K)] 617230K->485622K(817984K), 0.0138040 secs] [Times: user=0.08 sys=0.00, real=0.01 secs] 
2014-07-08T20:47:50.098+0000: 2983.745: [GC [PSYoungGen: 131002K->1646K(129280K)] 615350K->486107K(816256K), 0.0111810 secs] [Times: user=0.07 sys=0.00, real=0.01 secs] 
2014-07-08T20:47:51.603+0000: 2985.250: [GC [PSYoungGen: 129262K->1590K(127104K)] 613723K->486146K(814080K), 0.0136020 secs] [Times: user=0.09 sys=0.00, real=0.02 secs] 
2014-07-08T20:47:52.929+0000: 2986.576: [GC [PSYoungGen: 127094K->885K(124352K)] 611650K->486077K(811328K), 0.0056540 secs] [Times: user=0.04 sys=0.00, real=0.00 secs] 
2014-07-08T20:47:54.047+0000: 2987.694: [GC [PSYoungGen: 124341K->1480K(123008K)] 609533K->486744K(809984K), 0.0094030 secs] [Times: user=0.06 sys=0.00, real=0.00 secs] 
2014-07-08T20:47:55.430+0000: 2989.077: [GC [PSYoungGen: 122952K->1352K(120960K)] 608216K->486892K(807936K), 0.0088090 secs] [Times: user=0.06 sys=0.01, real=0.01 secs] 
2014-07-08T20:47:56.777+0000: 2990.424: [GC [PSYoungGen: 120873K->1206K(118912K)] 606413K->486802K(805888K), 0.0057260 secs] [Times: user=0.03 sys=0.00, real=0.01 secs] 
2014-07-08T20:47:57.731+0000: 2991.378: [GC [PSYoungGen: 118902K->1274K(117184K)] 604498K->486950K(804160K), 0.0105300 secs] [Times: user=0.07 sys=0.00, real=0.01 secs] 
2014-07-08T20:47:59.040+0000: 2992.687: [GC [PSYoungGen: 117178K->1512K(115648K)] 602854K->487260K(802624K), 0.0135530 secs] [Times: user=0.09 sys=0.00, real=0.01 secs] 
2014-07-08T20:48:00.246+0000: 2993.893: [GC [PSYoungGen: 115604K->1064K(113472K)] 601353K->486966K(800448K), 0.0146520 secs] [Times: user=0.10 sys=0.00, real=0.02 secs] 
2014-07-08T20:48:01.713+0000: 2995.360: [GC [PSYoungGen: 113405K->1458K(112192K)] 599307K->487472K(799168K), 0.0122270 secs] [Times: user=0.09 sys=0.00, real=0.01 secs] 
2014-07-08T20:48:02.824+0000: 2996.471: [GC [PSYoungGen: 112178K->1202K(110336K)] 598192K->487526K(797312K), 0.0057650 secs] [Times: user=0.03 sys=0.01, real=0.01 secs] 
2014-07-08T20:48:03.811+0000: 2997.458: [GC [PSYoungGen: 110304K->1480K(109056K)] 596628K->487924K(796032K), 0.0086550 secs] [Times: user=0.05 sys=0.00, real=0.01 secs] 
2014-07-08T20:48:04.898+0000: 2998.545: [GC [PSYoungGen: 109000K->1006K(107008K)] 595444K->487626K(793984K), 0.0065290 secs] [Times: user=0.02 sys=0.00, real=0.01 secs] 
2014-07-08T20:48:05.936+0000: 2999.583: [GC [PSYoungGen: 106990K->1338K(105792K)] 593610K->488030K(792768K), 0.0185010 secs] [Times: user=0.13 sys=0.00, real=0.02 secs] 
2014-07-08T20:48:06.976+0000: 3000.623: [GC [PSYoungGen: 105785K->1394K(126784K)] 592477K->488190K(813760K), 0.0142550 secs] [Times: user=0.06 sys=0.00, real=0.02 secs] 
2014-07-08T20:48:08.198+0000: 3001.845: [GC [PSYoungGen: 126770K->1362K(124736K)] 613566K->488222K(811712K), 0.0072070 secs] [Times: user=0.04 sys=0.01, real=0.01 secs] 
2014-07-08T20:48:09.642+0000: 3003.289: [GC [PSYoungGen: 124690K->822K(122176K)] 611550K->488092K(809152K), 0.0107480 secs] [Times: user=0.07 sys=0.00, real=0.01 secs] 
2014-07-08T20:48:10.883+0000: 3004.530: [GC [PSYoungGen: 122165K->1488K(120960K)] 609435K->488938K(807936K), 0.0114500 secs] [Times: user=0.08 sys=0.00, real=0.01 secs] 
2014-07-08T20:48:11.882+0000: 3005.529: [GC [PSYoungGen: 120881K->1252K(144640K)] 608332K->489012K(831616K), 0.0155500 secs] [Times: user=0.10 sys=0.00, real=0.01 secs] 
2014-07-08T20:48:13.639+0000: 3007.286: [GC [PSYoungGen: 144612K->1352K(142208K)] 632372K->489208K(829184K), 0.0145970 secs] [Times: user=0.10 sys=0.00, real=0.02 secs] 
2014-07-08T20:48:14.949+0000: 3008.596: [GC [PSYoungGen: 142152K->950K(139328K)] 630008K->489062K(826304K), 0.0079080 secs] [Times: user=0.04 sys=0.00, real=0.01 secs] 
2014-07-08T20:48:16.274+0000: 3009.921: [GC [PSYoungGen: 139318K->1522K(137536K)] 627430K->489722K(824512K), 0.0075980 secs] [Times: user=0.05 sys=0.00, real=0.01 secs] 
2014-07-08T20:48:17.795+0000: 3011.442: [GC [PSYoungGen: 137522K->1124K(134848K)] 625722K->489492K(821824K), 0.0098750 secs] [Times: user=0.03 sys=0.00, real=0.01 secs] 
2014-07-08T20:48:19.150+0000: 3012.797: [GC [PSYoungGen: 134820K->1284K(132800K)] 623188K->489756K(819776K), 0.0116470 secs] [Times: user=0.08 sys=0.01, real=0.02 secs] 
2014-07-08T20:48:20.579+0000: 3014.227: [GC [PSYoungGen: 132740K->1134K(130432K)] 621212K->489806K(817408K), 0.0083090 secs] [Times: user=0.05 sys=0.01, real=0.01 secs] 
2014-07-08T20:48:21.887+0000: 3015.534: [GC [PSYoungGen: 130414K->1092K(128320K)] 619086K->489828K(815296K), 0.0101540 secs] [Times: user=0.06 sys=0.00, real=0.01 secs] 
2014-07-08T20:48:22.998+0000: 3016.645: [GC [PSYoungGen: 128260K->1192K(126336K)] 616996K->490144K(813312K), 0.0095540 secs] [Times: user=0.07 sys=0.00, real=0.01 secs] 
2014-07-08T20:48:24.349+0000: 3017.996: [GC [PSYoungGen: 126312K->1234K(124416K)] 615264K->490282K(811392K), 0.0127330 secs] [Times: user=0.08 sys=0.00, real=0.01 secs] 
2014-07-08T20:48:25.708+0000: 3019.355: [GC [PSYoungGen: 124370K->996K(122176K)] 613418K->490236K(809152K), 0.0168450 secs] [Times: user=0.12 sys=0.00, real=0.02 secs] 
2014-07-08T20:48:26.920+0000: 3020.567: [GC [PSYoungGen: 122148K->1402K(120640K)] 611388K->490738K(807616K), 0.0082520 secs] [Times: user=0.06 sys=0.00, real=0.01 secs] 
2014-07-08T20:48:27.944+0000: 3021.591: [GC [PSYoungGen: 120634K->1078K(118464K)] 609970K->490678K(805440K), 0.0090150 secs] [Times: user=0.05 sys=0.00, real=0.01 secs] 
2014-07-08T20:48:29.002+0000: 3022.649: [GC [PSYoungGen: 118454K->1486K(117120K)] 608054K->491182K(804096K), 0.0124330 secs] [Times: user=0.09 sys=0.00, real=0.02 secs] 
2014-07-08T20:48:30.365+0000: 3024.012: [GC [PSYoungGen: 117070K->764K(114624K)] 606766K->491106K(801600K), 0.0159470 secs] [Times: user=0.12 sys=0.00, real=0.01 secs] 
2014-07-08T20:48:31.604+0000: 3025.251: [GC [PSYoungGen: 114619K->1643K(138304K)] 604962K->492050K(825280K), 0.0134850 secs] [Times: user=0.10 sys=0.00, real=0.01 secs] 
2014-07-08T20:48:33.051+0000: 3026.698: [GC [PSYoungGen: 138281K->950K(135296K)] 628688K->491737K(822272K), 0.0120670 secs] [Times: user=0.08 sys=0.00, real=0.02 secs] 
2014-07-08T20:48:34.459+0000: 3028.106: [GC [PSYoungGen: 135286K->1441K(133568K)] 626073K->492293K(820544K), 0.0139700 secs] [Times: user=0.09 sys=0.00, real=0.02 secs] 
2014-07-08T20:48:35.881+0000: 3029.528: [GC [PSYoungGen: 133515K->1070K(131008K)] 624367K->492275K(817984K), 0.0062640 secs] [Times: user=0.04 sys=0.00, real=0.01 secs] 
2014-07-08T20:48:37.140+0000: 3030.787: [GC [PSYoungGen: 130990K->1220K(129024K)] 622195K->492489K(816000K), 0.0040640 secs] [Times: user=0.02 sys=0.00, real=0.01 secs] 
2014-07-08T20:48:38.566+0000: 3032.213: [GC [PSYoungGen: 128964K->1134K(126784K)] 620233K->492629K(813760K), 0.0202990 secs] [Times: user=0.13 sys=0.01, real=0.02 secs] 
2014-07-08T20:48:39.873+0000: 3033.520: [GC [PSYoungGen: 126766K->1320K(124928K)] 618261K->492903K(811904K), 0.0105650 secs] [Times: user=0.05 sys=0.00, real=0.02 secs] 
2014-07-08T20:48:41.071+0000: 3034.718: [GC [PSYoungGen: 124850K->868K(122496K)] 616433K->492825K(809472K), 0.0066560 secs] [Times: user=0.05 sys=0.00, real=0.01 secs] 
2014-07-08T20:48:42.330+0000: 3035.977: [GC [PSYoungGen: 122468K->1462K(121152K)] 614425K->493499K(808128K), 0.0087300 secs] [Times: user=0.07 sys=0.00, real=0.01 secs] 
2014-07-08T20:48:43.644+0000: 3037.291: [GC [PSYoungGen: 121142K->1010K(144640K)] 613179K->493159K(831616K), 0.0325620 secs] [Times: user=0.25 sys=0.00, real=0.04 secs] 
2014-07-08T20:48:45.064+0000: 3038.711: [GC [PSYoungGen: 144626K->1088K(142144K)] 636775K->493309K(829120K), 0.0058730 secs] [Times: user=0.03 sys=0.00, real=0.01 secs] 
2014-07-08T20:48:46.661+0000: 3040.308: [GC [PSYoungGen: 142144K->1142K(139776K)] 634365K->493403K(826752K), 0.0051980 secs] [Times: user=0.03 sys=0.00, real=0.01 secs] 
2014-07-08T20:48:47.925+0000: 3041.572: [GC [PSYoungGen: 139766K->1424K(137728K)] 632027K->493749K(824704K), 0.0046500 secs] [Times: user=0.02 sys=0.00, real=0.01 secs] 
2014-07-08T20:48:49.370+0000: 3043.017: [GC [PSYoungGen: 137678K->764K(134720K)] 630003K->493681K(821696K), 0.0133580 secs] [Times: user=0.10 sys=0.00, real=0.01 secs] 
2014-07-08T20:48:50.775+0000: 3044.422: [GC [PSYoungGen: 134678K->1662K(133376K)] 627595K->494684K(820352K), 0.0133770 secs] [Times: user=0.09 sys=0.01, real=0.02 secs] 
2014-07-08T20:48:52.306+0000: 3045.953: [GC [PSYoungGen: 133368K->928K(130496K)] 626390K->494722K(817472K), 0.0140710 secs] [Times: user=0.10 sys=0.00, real=0.01 secs] 
2014-07-08T20:48:53.786+0000: 3047.433: [GC [PSYoungGen: 130452K->1652K(129088K)] 624246K->495509K(816064K), 0.0047410 secs] [Times: user=0.03 sys=0.00, real=0.00 secs] 
2014-07-08T20:48:54.997+0000: 3048.644: [GC [PSYoungGen: 129076K->1238K(126656K)] 622933K->495391K(813632K), 0.0057350 secs] [Times: user=0.03 sys=0.00, real=0.00 secs] 
2014-07-08T20:48:56.463+0000: 3050.110: [GC [PSYoungGen: 126600K->1320K(124672K)] 620754K->495577K(811648K), 0.0132340 secs] [Times: user=0.09 sys=0.00, real=0.01 secs] 
2014-07-08T20:48:57.866+0000: 3051.513: [GC [PSYoungGen: 124648K->1266K(122624K)] 618905K->495683K(809600K), 0.0119290 secs] [Times: user=0.07 sys=0.00, real=0.02 secs] 
2014-07-08T20:48:58.822+0000: 3052.469: [GC [PSYoungGen: 122610K->1376K(120832K)] 617027K->495850K(807808K), 0.0141480 secs] [Times: user=0.10 sys=0.00, real=0.01 secs] 
2014-07-08T20:49:00.187+0000: 3053.834: [GC [PSYoungGen: 120757K->1060K(118656K)] 615231K->495717K(805632K), 0.0105280 secs] [Times: user=0.06 sys=0.00, real=0.01 secs] 
2014-07-08T20:49:01.573+0000: 3055.220: [GC [PSYoungGen: 118628K->1394K(117184K)] 613285K->496166K(804160K), 0.0109340 secs] [Times: user=0.07 sys=0.00, real=0.01 secs] 
2014-07-08T20:49:02.789+0000: 3056.436: [GC [PSYoungGen: 117128K->1120K(115136K)] 611899K->496054K(802112K), 0.0075790 secs] [Times: user=0.05 sys=0.00, real=0.00 secs] 
2014-07-08T20:49:03.905+0000: 3057.552: [GC [PSYoungGen: 115079K->1280K(113600K)] 610013K->496278K(800576K), 0.0153300 secs] [Times: user=0.10 sys=0.00, real=0.02 secs] 
2014-07-08T20:49:05.033+0000: 3058.680: [GC [PSYoungGen: 113536K->996K(111616K)] 608534K->496169K(798592K), 0.0132790 secs] [Times: user=0.08 sys=0.00, real=0.01 secs] 
2014-07-08T20:49:06.050+0000: 3059.697: [GC [PSYoungGen: 111588K->1238K(110272K)] 606761K->496475K(797248K), 0.0103700 secs] [Times: user=0.06 sys=0.00, real=0.01 secs] 
2014-07-08T20:49:07.091+0000: 3060.738: [GC [PSYoungGen: 110230K->1206K(108608K)] 605467K->496589K(795584K), 0.0070130 secs] [Times: user=0.04 sys=0.00, real=0.01 secs] 
2014-07-08T20:49:08.258+0000: 3061.905: [GC [PSYoungGen: 108598K->1284K(130240K)] 603981K->496771K(817216K), 0.0187610 secs] [Times: user=0.13 sys=0.00, real=0.01 secs] 
2014-07-08T20:49:09.852+0000: 3063.499: [GC [PSYoungGen: 130180K->818K(154752K)] 625667K->496521K(841728K), 0.0137450 secs] [Times: user=0.08 sys=0.00, real=0.01 secs] 
2014-07-08T20:49:11.403+0000: 3065.050: [GC [PSYoungGen: 154738K->1448K(152576K)] 650441K->497224K(839552K), 0.0117100 secs] [Times: user=0.08 sys=0.00, real=0.01 secs] 
2014-07-08T20:49:12.980+0000: 3066.627: [GC [PSYoungGen: 152552K->242K(148608K)] 648328K->496941K(835584K), 0.0075410 secs] [Times: user=0.04 sys=0.00, real=0.00 secs] 
2014-07-08T20:49:14.692+0000: 3068.339: [GC [PSYoungGen: 148592K->1634K(147328K)] 645291K->498406K(834304K), 0.0082600 secs] [Times: user=0.05 sys=0.00, real=0.01 secs] 
2014-07-08T20:49:16.000+0000: 3069.647: [GC [PSYoungGen: 147298K->1462K(144512K)] 644070K->498746K(831488K), 0.0102930 secs] [Times: user=0.05 sys=0.00, real=0.02 secs] 
2014-07-08T20:49:17.812+0000: 3071.459: [GC [PSYoungGen: 144502K->1646K(142208K)] 641786K->499018K(829184K), 0.0122420 secs] [Times: user=0.09 sys=0.00, real=0.01 secs] 
2014-07-08T20:49:18.937+0000: 3072.584: [GC [PSYoungGen: 142189K->484K(138624K)] 639561K->498490K(825600K), 0.0053860 secs] [Times: user=0.02 sys=0.01, real=0.01 secs] 
2014-07-08T20:49:20.288+0000: 3073.935: [GC [PSYoungGen: 138577K->1522K(137280K)] 636583K->499592K(824256K), 0.0113060 secs] [Times: user=0.07 sys=0.00, real=0.01 secs] 
2014-07-08T20:49:21.752+0000: 3075.399: [GC [PSYoungGen: 137266K->1288K(134784K)] 635336K->499672K(821760K), 0.0058090 secs] [Times: user=0.04 sys=0.00, real=0.00 secs] 
2014-07-08T20:49:22.872+0000: 3076.519: [GC [PSYoungGen: 134728K->1348K(132608K)] 633112K->499780K(819584K), 0.0064640 secs] [Times: user=0.03 sys=0.00, real=0.00 secs] 
2014-07-08T20:49:24.140+0000: 3077.787: [GC [PSYoungGen: 132525K->996K(130048K)] 630957K->499588K(817024K), 0.0122140 secs] [Times: user=0.09 sys=0.00, real=0.02 secs] 
2014-07-08T20:49:25.607+0000: 3079.254: [GC [PSYoungGen: 130019K->1266K(128192K)] 628611K->499946K(815168K), 0.0148590 secs] [Times: user=0.10 sys=0.00, real=0.02 secs] 
2014-07-08T20:49:26.764+0000: 3080.411: [GC [PSYoungGen: 128178K->1174K(126080K)] 626858K->499926K(813056K), 0.0060600 secs] [Times: user=0.03 sys=0.00, real=0.00 secs] 
2014-07-08T20:49:27.843+0000: 3081.490: [GC [PSYoungGen: 126038K->1270K(124160K)] 624790K->500150K(811136K), 0.0159350 secs] [Times: user=0.11 sys=0.00, real=0.01 secs] 
2014-07-08T20:49:28.998+0000: 3082.645: [GC [PSYoungGen: 124150K->992K(121984K)] 623030K->500252K(808960K), 0.0113160 secs] [Times: user=0.07 sys=0.00, real=0.01 secs] 
2014-07-08T20:49:30.194+0000: 3083.841: [GC [PSYoungGen: 121910K->1520K(120576K)] 621170K->500852K(807552K), 0.0110850 secs] [Times: user=0.07 sys=0.00, real=0.01 secs] 
2014-07-08T20:49:31.690+0000: 3085.337: [GC [PSYoungGen: 120560K->936K(118144K)] 619892K->500786K(805120K), 0.0115970 secs] [Times: user=0.07 sys=0.00, real=0.01 secs] 
2014-07-08T20:49:32.707+0000: 3086.354: [GC [PSYoungGen: 118120K->1188K(116608K)] 617970K->501086K(803584K), 0.0049510 secs] [Times: user=0.03 sys=0.00, real=0.01 secs] 
2014-07-08T20:49:33.888+0000: 3087.535: [GC [PSYoungGen: 116580K->1316K(115008K)] 616478K->501342K(801984K), 0.0109820 secs] [Times: user=0.07 sys=0.00, real=0.01 secs] 
2014-07-08T20:49:34.823+0000: 3088.470: [GC [PSYoungGen: 114980K->1238K(113216K)] 615006K->501328K(800192K), 0.0045890 secs] [Times: user=0.02 sys=0.00, real=0.00 secs] 
2014-07-08T20:49:35.844+0000: 3089.491: [GC [PSYoungGen: 113174K->886K(111168K)] 613264K->501224K(798144K), 0.0110180 secs] [Times: user=0.06 sys=0.00, real=0.01 secs] 
2014-07-08T20:49:36.903+0000: 3090.551: [GC [PSYoungGen: 111157K->1466K(133824K)] 611495K->501844K(820800K), 0.0255810 secs] [Times: user=0.17 sys=0.00, real=0.02 secs] 
2014-07-08T20:49:38.218+0000: 3091.865: [GC [PSYoungGen: 133818K->1124K(143936K)] 634196K->501862K(830912K), 0.0094820 secs] [Times: user=0.06 sys=0.00, real=0.01 secs] 
2014-07-08T20:49:39.717+0000: 3093.364: [GC [PSYoungGen: 143908K->1202K(141504K)] 644646K->501988K(828480K), 0.0056200 secs] [Times: user=0.03 sys=0.00, real=0.00 secs] 
2014-07-08T20:49:40.956+0000: 3094.603: [GC [PSYoungGen: 141490K->626K(138496K)] 642276K->501952K(825472K), 0.0116440 secs] [Times: user=0.08 sys=0.00, real=0.01 secs] 
2014-07-08T20:49:42.515+0000: 3096.162: [GC [PSYoungGen: 138482K->1576K(137088K)] 639808K->502983K(824064K), 0.0040910 secs] [Times: user=0.03 sys=0.00, real=0.00 secs] 
2014-07-08T20:49:43.761+0000: 3097.408: [GC [PSYoungGen: 137064K->1263K(134464K)] 638471K->502945K(821440K), 0.0047080 secs] [Times: user=0.02 sys=0.00, real=0.01 secs] 
2014-07-08T20:49:45.067+0000: 3098.714: [GC [PSYoungGen: 134447K->1639K(132608K)] 636129K->503385K(819584K), 0.0078580 secs] [Times: user=0.05 sys=0.00, real=0.01 secs] 
2014-07-08T20:49:46.422+0000: 3100.069: [GC [PSYoungGen: 132583K->814K(129600K)] 634329K->503237K(816576K), 0.0047530 secs] [Times: user=0.02 sys=0.00, real=0.01 secs] 
2014-07-08T20:49:47.748+0000: 3101.395: [GC [PSYoungGen: 129582K->1206K(127872K)] 632005K->503677K(814848K), 0.0110250 secs] [Times: user=0.08 sys=0.00, real=0.01 secs] 
2014-07-08T20:49:48.889+0000: 3102.536: [GC [PSYoungGen: 127862K->1512K(126144K)] 630333K->504235K(813120K), 0.0056230 secs] [Times: user=0.03 sys=0.00, real=0.00 secs] 
2014-07-08T20:49:49.964+0000: 3103.611: [GC [PSYoungGen: 126120K->1188K(123840K)] 628843K->503991K(810816K), 0.0125530 secs] [Times: user=0.09 sys=0.01, real=0.02 secs] 
2014-07-08T20:49:51.191+0000: 3104.838: [GC [PSYoungGen: 123812K->996K(121728K)] 626615K->504155K(808704K), 0.0100670 secs] [Times: user=0.06 sys=0.00, real=0.01 secs] 
2014-07-08T20:49:52.395+0000: 3106.042: [GC [PSYoungGen: 121696K->1366K(120192K)] 624856K->504597K(807168K), 0.0044400 secs] [Times: user=0.02 sys=0.00, real=0.01 secs] 
2014-07-08T20:49:53.636+0000: 3107.283: [GC [PSYoungGen: 120150K->1156K(118144K)] 623381K->504517K(805120K), 0.0087010 secs] [Times: user=0.04 sys=0.00, real=0.01 secs] 
2014-07-08T20:49:54.755+0000: 3108.402: [GC [PSYoungGen: 118084K->1402K(116544K)] 621445K->504827K(803520K), 0.0197950 secs] [Times: user=0.12 sys=0.00, real=0.02 secs] 
2014-07-08T20:49:56.004+0000: 3109.651: [GC [PSYoungGen: 116538K->1003K(114432K)] 619963K->504795K(801408K), 0.0104350 secs] [Times: user=0.04 sys=0.00, real=0.01 secs] 
2014-07-08T20:49:56.951+0000: 3110.598: [GC [PSYoungGen: 114398K->1412K(113152K)] 618190K->505268K(800128K), 0.0106670 secs] [Times: user=0.07 sys=0.01, real=0.01 secs] 
2014-07-08T20:49:57.939+0000: 3111.586: [GC [PSYoungGen: 113057K->1018K(135040K)] 616914K->505154K(822016K), 0.0130410 secs] [Times: user=0.10 sys=0.00, real=0.01 secs] 
2014-07-08T20:49:59.311+0000: 3112.958: [GC [PSYoungGen: 135034K->1444K(133248K)] 639170K->505628K(820224K), 0.0078060 secs] [Times: user=0.05 sys=0.00, real=0.01 secs] 
2014-07-08T20:50:00.788+0000: 3114.435: [GC [PSYoungGen: 133220K->878K(130496K)] 637404K->505504K(817472K), 0.0094500 secs] [Times: user=0.06 sys=0.00, real=0.01 secs] 
2014-07-08T20:50:01.839+0000: 3115.486: [GC [PSYoungGen: 130478K->1266K(134720K)] 635104K->505988K(821696K), 0.0297130 secs] [Times: user=0.20 sys=0.00, real=0.03 secs] 
2014-07-08T20:50:03.076+0000: 3116.723: [GC [PSYoungGen: 134322K->1636K(157056K)] 639044K->506568K(844032K), 0.0105920 secs] [Times: user=0.07 sys=0.00, real=0.01 secs] 
2014-07-08T20:50:04.761+0000: 3118.408: [GC [PSYoungGen: 157028K->1330K(153856K)] 661960K->506318K(840832K), 0.0040370 secs] [Times: user=0.02 sys=0.00, real=0.00 secs] 
2014-07-08T20:50:06.137+0000: 3119.784: [GC [PSYoungGen: 153842K->502K(150208K)] 658830K->506312K(837184K), 0.0062240 secs] [Times: user=0.03 sys=0.01, real=0.01 secs] 
2014-07-08T20:50:07.728+0000: 3121.375: [GC [PSYoungGen: 150198K->1762K(148800K)] 656008K->507652K(835776K), 0.0098080 secs] [Times: user=0.03 sys=0.00, real=0.01 secs] 
2014-07-08T20:50:08.970+0000: 3122.617: [GC [PSYoungGen: 148770K->1330K(145728K)] 654660K->507717K(832704K), 0.0142200 secs] [Times: user=0.08 sys=0.00, real=0.01 secs] 
2014-07-08T20:50:10.478+0000: 3124.125: [GC [PSYoungGen: 145714K->1316K(143168K)] 652101K->507822K(830144K), 0.0135420 secs] [Times: user=0.10 sys=0.00, real=0.01 secs] 
2014-07-08T20:50:11.799+0000: 3125.446: [GC [PSYoungGen: 143140K->1220K(140608K)] 649646K->507798K(827584K), 0.0123570 secs] [Times: user=0.09 sys=0.00, real=0.01 secs] 
2014-07-08T20:50:13.124+0000: 3126.771: [GC [PSYoungGen: 140548K->1270K(138176K)] 647126K->507928K(825152K), 0.0120020 secs] [Times: user=0.08 sys=0.00, real=0.01 secs] 
2014-07-08T20:50:14.708+0000: 3128.355: [GC [PSYoungGen: 138135K->1322K(135872K)] 644794K->508289K(822848K), 0.0067860 secs] [Times: user=0.03 sys=0.00, real=0.01 secs] 
2014-07-08T20:50:15.894+0000: 3129.541: [GC [PSYoungGen: 135832K->1156K(133440K)] 642799K->508202K(820416K), 0.0107950 secs] [Times: user=0.08 sys=0.01, real=0.01 secs] 
2014-07-08T20:50:17.172+0000: 3130.819: [GC [PSYoungGen: 133380K->1384K(131392K)] 640426K->508518K(818368K), 0.0147960 secs] [Times: user=0.10 sys=0.00, real=0.01 secs] 
2014-07-08T20:50:18.410+0000: 3132.057: [GC [PSYoungGen: 131368K->1668K(150976K)] 638502K->508851K(837952K), 0.0189750 secs] [Times: user=0.12 sys=0.00, real=0.02 secs] 
2014-07-08T20:50:19.964+0000: 3133.611: [GC [PSYoungGen: 150724K->1184K(158080K)] 657907K->508430K(845056K), 0.0168080 secs] [Times: user=0.11 sys=0.00, real=0.02 secs] 
2014-07-08T20:50:21.489+0000: 3135.136: [GC [PSYoungGen: 157280K->1380K(154560K)] 664526K->508722K(841536K), 0.0098800 secs] [Times: user=0.07 sys=0.01, real=0.01 secs] 
2014-07-08T20:50:22.957+0000: 3136.604: [GC [PSYoungGen: 154532K->572K(150912K)] 661874K->508559K(837888K), 0.0118030 secs] [Times: user=0.08 sys=0.00, real=0.01 secs] 
2014-07-08T20:50:24.520+0000: 3138.167: [GC [PSYoungGen: 150908K->1596K(149184K)] 658895K->509639K(836160K), 0.0184440 secs] [Times: user=0.11 sys=0.01, real=0.01 secs] 
2014-07-08T20:50:25.739+0000: 3139.386: [GC [PSYoungGen: 149180K->1188K(146176K)] 657222K->509470K(833152K), 0.0065520 secs] [Times: user=0.05 sys=0.00, real=0.01 secs] 
2014-07-08T20:50:27.064+0000: 3140.711: [GC [PSYoungGen: 146148K->1596K(144000K)] 654430K->509951K(830976K), 0.0142850 secs] [Times: user=0.09 sys=0.00, real=0.01 secs] 
2014-07-08T20:50:28.657+0000: 3142.304: [GC [PSYoungGen: 143996K->1082K(140992K)] 652351K->509714K(827968K), 0.0081850 secs] [Times: user=0.03 sys=0.00, real=0.01 secs] 
2014-07-08T20:50:29.870+0000: 3143.517: [GC [PSYoungGen: 140986K->1270K(138752K)] 649618K->509974K(825728K), 0.0075390 secs] [Times: user=0.05 sys=0.00, real=0.01 secs] 
2014-07-08T20:50:31.239+0000: 3144.886: [GC [PSYoungGen: 138742K->1504K(136640K)] 647446K->510355K(823616K), 0.0075620 secs] [Times: user=0.05 sys=0.00, real=0.01 secs] 
2014-07-08T20:50:32.820+0000: 3146.467: [GC [PSYoungGen: 136598K->1366K(134208K)] 645449K->510312K(821184K), 0.0099110 secs] [Times: user=0.07 sys=0.00, real=0.01 secs] 
2014-07-08T20:50:33.938+0000: 3147.585: [GC [PSYoungGen: 134166K->946K(131520K)] 643112K->510289K(818496K), 0.0163920 secs] [Times: user=0.11 sys=0.01, real=0.02 secs] 
2014-07-08T20:50:35.144+0000: 3148.791: [GC [PSYoungGen: 131506K->1760K(130176K)] 640849K->511191K(817152K), 0.0130820 secs] [Times: user=0.08 sys=0.00, real=0.01 secs] 
2014-07-08T20:50:36.550+0000: 3150.197: [GC [PSYoungGen: 130144K->1010K(127296K)] 639575K->510845K(814272K), 0.0055970 secs] [Times: user=0.03 sys=0.00, real=0.01 secs] 
2014-07-08T20:50:37.802+0000: 3151.449: [GC [PSYoungGen: 127282K->1234K(125504K)] 637117K->511140K(812480K), 0.0075810 secs] [Times: user=0.05 sys=0.00, real=0.00 secs] 
2014-07-08T20:50:38.788+0000: 3152.435: [GC [PSYoungGen: 125458K->1256K(123520K)] 635364K->511301K(810496K), 0.0098010 secs] [Times: user=0.07 sys=0.00, real=0.01 secs] 
2014-07-08T20:50:39.916+0000: 3153.563: [GC [PSYoungGen: 123496K->1554K(121920K)] 633541K->511687K(808896K), 0.0104670 secs] [Times: user=0.07 sys=0.00, real=0.01 secs] 
2014-07-08T20:50:41.287+0000: 3154.934: [GC [PSYoungGen: 121873K->878K(119360K)] 632005K->511399K(806336K), 0.0110270 secs] [Times: user=0.05 sys=0.00, real=0.01 secs] 
2014-07-08T20:50:42.627+0000: 3156.274: [GC [PSYoungGen: 119295K->1423K(118080K)] 629816K->512016K(805056K), 0.0155840 secs] [Times: user=0.10 sys=0.00, real=0.01 secs] 
2014-07-08T20:50:43.759+0000: 3157.406: [GC [PSYoungGen: 118031K->1384K(116224K)] 628624K->512245K(803200K), 0.0099000 secs] [Times: user=0.07 sys=0.00, real=0.01 secs] 
2014-07-08T20:50:44.880+0000: 3158.527: [GC [PSYoungGen: 116200K->1569K(139392K)] 627061K->512518K(826368K), 0.0156170 secs] [Times: user=0.09 sys=0.00, real=0.02 secs] 
2014-07-08T20:50:46.076+0000: 3159.723: [GC [PSYoungGen: 139361K->754K(145984K)] 650310K->512807K(832960K), 0.0281220 secs] [Times: user=0.19 sys=0.00, real=0.03 secs] 
2014-07-08T20:50:47.644+0000: 3161.291: [GC [PSYoungGen: 145924K->1830K(147200K)] 657977K->513996K(834176K), 0.0053170 secs] [Times: user=0.02 sys=0.01, real=0.00 secs] 
2014-07-08T20:50:48.906+0000: 3162.553: [GC [PSYoungGen: 147028K->1296K(176256K)] 659195K->513838K(863232K), 0.0281750 secs] [Times: user=0.16 sys=0.00, real=0.03 secs] 
2014-07-08T20:50:50.750+0000: 3164.397: [GC [PSYoungGen: 175568K->1398K(176320K)] 688110K->513997K(863296K), 0.0085250 secs] [Times: user=0.06 sys=0.00, real=0.01 secs] 
2014-07-08T20:50:52.424+0000: 3166.071: [GC [PSYoungGen: 175670K->1262K(172096K)] 688269K->513916K(859072K), 0.0047550 secs] [Times: user=0.03 sys=0.00, real=0.00 secs] 
2014-07-08T20:50:54.056+0000: 3167.703: [GC [PSYoungGen: 172076K->1192K(168640K)] 684731K->513902K(855616K), 0.0046260 secs] [Times: user=0.03 sys=0.00, real=0.00 secs] 
2014-07-08T20:50:55.886+0000: 3169.533: [GC [PSYoungGen: 168582K->1224K(165440K)] 681293K->513998K(852416K), 0.0100900 secs] [Times: user=0.06 sys=0.00, real=0.01 secs] 
2014-07-08T20:50:57.337+0000: 3170.984: [GC [PSYoungGen: 165384K->1288K(162368K)] 678158K->514110K(849344K), 0.0046290 secs] [Times: user=0.02 sys=0.00, real=0.00 secs] 
2014-07-08T20:50:58.989+0000: 3172.636: [GC [PSYoungGen: 162312K->1380K(159360K)] 675134K->514405K(846336K), 0.0085140 secs] [Times: user=0.06 sys=0.00, real=0.01 secs] 
2014-07-08T20:51:00.705+0000: 3174.352: [GC [PSYoungGen: 159284K->1359K(156416K)] 672309K->514464K(843392K), 0.0135930 secs] [Times: user=0.10 sys=0.00, real=0.01 secs] 
2014-07-08T20:51:02.096+0000: 3175.743: [GC [PSYoungGen: 156367K->1202K(153344K)] 669472K->514402K(840320K), 0.0067820 secs] [Times: user=0.04 sys=0.00, real=0.01 secs] 
2014-07-08T20:51:03.848+0000: 3177.495: [GC [PSYoungGen: 153330K->1472K(150848K)] 666530K->514760K(837824K), 0.0088870 secs] [Times: user=0.05 sys=0.00, real=0.01 secs] 
2014-07-08T20:51:05.100+0000: 3178.747: [GC [PSYoungGen: 150784K->1138K(147776K)] 664072K->514522K(834752K), 0.0164060 secs] [Times: user=0.10 sys=0.00, real=0.02 secs] 
2014-07-08T20:51:06.734+0000: 3180.381: [GC [PSYoungGen: 147732K->1644K(145664K)] 661116K->515085K(832640K), 0.0110510 secs] [Times: user=0.08 sys=0.00, real=0.01 secs] 
2014-07-08T20:51:08.164+0000: 3181.812: [GC [PSYoungGen: 145644K->954K(142400K)] 659085K->514794K(829376K), 0.0064230 secs] [Times: user=0.03 sys=0.00, real=0.01 secs] 
2014-07-08T20:51:09.753+0000: 3183.400: [GC [PSYoungGen: 142368K->1743K(140736K)] 656208K->515615K(827712K), 0.0060860 secs] [Times: user=0.02 sys=0.00, real=0.01 secs] 
2014-07-08T20:51:11.195+0000: 3184.842: [GC [PSYoungGen: 140687K->1124K(137664K)] 654559K->515285K(824640K), 0.0166730 secs] [Times: user=0.12 sys=0.00, real=0.02 secs] 
2014-07-08T20:51:12.826+0000: 3186.473: [GC [PSYoungGen: 137636K->1548K(135808K)] 651797K->515773K(822784K), 0.0054260 secs] [Times: user=0.02 sys=0.00, real=0.01 secs] 
2014-07-08T20:51:14.051+0000: 3187.698: [GC [PSYoungGen: 135756K->1138K(133120K)] 649981K->515775K(820096K), 0.0075620 secs] [Times: user=0.02 sys=0.00, real=0.01 secs] 
2014-07-08T20:51:15.445+0000: 3189.092: [GC [PSYoungGen: 133090K->1566K(131392K)] 647728K->516283K(818368K), 0.0120640 secs] [Times: user=0.08 sys=0.00, real=0.01 secs] 
2014-07-08T20:51:16.937+0000: 3190.584: [GC [PSYoungGen: 131338K->1120K(128832K)] 646055K->516079K(815808K), 0.0134940 secs] [Times: user=0.09 sys=0.00, real=0.02 secs] 
2014-07-08T20:51:18.094+0000: 3191.741: [GC [PSYoungGen: 128800K->1590K(154816K)] 643759K->516645K(841792K), 0.0243970 secs] [Times: user=0.15 sys=0.00, real=0.03 secs] 
2014-07-08T20:51:19.695+0000: 3193.342: [GC [PSYoungGen: 154806K->1142K(151552K)] 669861K->516405K(838528K), 0.0115360 secs] [Times: user=0.08 sys=0.01, real=0.01 secs] 
2014-07-08T20:51:21.095+0000: 3194.742: [GC [PSYoungGen: 151496K->1238K(148928K)] 666760K->516565K(835904K), 0.0110490 secs] [Times: user=0.08 sys=0.00, real=0.01 secs] 
2014-07-08T20:51:22.700+0000: 3196.347: [GC [PSYoungGen: 148885K->1192K(146176K)] 664212K->516583K(833152K), 0.0129340 secs] [Times: user=0.09 sys=0.01, real=0.01 secs] 
2014-07-08T20:51:24.164+0000: 3197.811: [GC [PSYoungGen: 146110K->1256K(143680K)] 661501K->516719K(830656K), 0.0150970 secs] [Times: user=0.11 sys=0.00, real=0.02 secs] 
2014-07-08T20:51:25.674+0000: 3199.321: [GC [PSYoungGen: 143656K->1266K(141184K)] 659119K->516882K(828160K), 0.0125090 secs] [Times: user=0.09 sys=0.00, real=0.01 secs] 
2014-07-08T20:51:27.009+0000: 3200.656: [GC [PSYoungGen: 141148K->1252K(169216K)] 656764K->516915K(856192K), 0.0368630 secs] [Times: user=0.25 sys=0.00, real=0.03 secs] 
2014-07-08T20:51:28.727+0000: 3202.374: [GC [PSYoungGen: 169188K->1202K(196544K)] 684851K->517065K(883520K), 0.0166470 secs] [Times: user=0.11 sys=0.00, real=0.02 secs] 
2014-07-08T20:51:30.822+0000: 3204.469: [GC [PSYoungGen: 196530K->1436K(197120K)] 712393K->517382K(884096K), 0.0131000 secs] [Times: user=0.08 sys=0.00, real=0.01 secs] 
2014-07-08T20:51:32.856+0000: 3206.503: [GC [PSYoungGen: 196764K->1170K(192384K)] 712710K->517221K(879360K), 0.0105810 secs] [Times: user=0.07 sys=0.00, real=0.01 secs] 
2014-07-08T20:51:34.792+0000: 3208.439: [GC [PSYoungGen: 192338K->1424K(188608K)] 708389K->517523K(875584K), 0.0078430 secs] [Times: user=0.04 sys=0.01, real=0.00 secs] 
2014-07-08T20:51:36.801+0000: 3210.448: [GC [PSYoungGen: 188560K->932K(184192K)] 704659K->517373K(871168K), 0.0184280 secs] [Times: user=0.12 sys=0.00, real=0.02 secs] 
2014-07-08T20:51:38.633+0000: 3212.280: [GC [PSYoungGen: 184164K->1458K(180928K)] 700605K->517979K(867904K), 0.0142740 secs] [Times: user=0.10 sys=0.00, real=0.01 secs] 
2014-07-08T20:51:40.229+0000: 3213.876: [GC [PSYoungGen: 180893K->1064K(216448K)] 697414K->517809K(903424K), 0.0262580 secs] [Times: user=0.20 sys=0.00, real=0.03 secs] 
2014-07-08T20:51:42.638+0000: 3216.285: [GC [PSYoungGen: 216424K->1412K(211968K)] 733169K->518206K(898944K), 0.0158760 secs] [Times: user=0.10 sys=0.00, real=0.02 secs] 
2014-07-08T20:51:44.972+0000: 3218.619: [GC [PSYoungGen: 211908K->950K(206784K)] 728702K->517895K(893760K), 0.0066570 secs] [Times: user=0.05 sys=0.00, real=0.00 secs] 
2014-07-08T20:51:47.030+0000: 3220.677: [GC [PSYoungGen: 206763K->1699K(203008K)] 723709K->518725K(889984K), 0.0117430 secs] [Times: user=0.09 sys=0.00, real=0.01 secs] 
2014-07-08T20:51:49.104+0000: 3222.751: [GC [PSYoungGen: 202979K->822K(197760K)] 720005K->518233K(884736K), 0.0152900 secs] [Times: user=0.11 sys=0.00, real=0.01 secs] 
2014-07-08T20:51:51.086+0000: 3224.733: [GC [PSYoungGen: 197750K->1394K(194112K)] 715161K->518870K(881088K), 0.0149640 secs] [Times: user=0.11 sys=0.00, real=0.01 secs] 
2014-07-08T20:51:53.006+0000: 3226.653: [GC [PSYoungGen: 194097K->1344K(190016K)] 711573K->519056K(876992K), 0.0118360 secs] [Times: user=0.08 sys=0.00, real=0.01 secs] 
2014-07-08T20:51:54.944+0000: 3228.591: [GC [PSYoungGen: 189952K->1188K(185856K)] 707664K->518971K(872832K), 0.0125110 secs] [Times: user=0.08 sys=0.00, real=0.01 secs] 
2014-07-08T20:51:56.873+0000: 3230.520: [GC [PSYoungGen: 185828K->1000K(181824K)] 703611K->519074K(868800K), 0.0141970 secs] [Times: user=0.09 sys=0.00, real=0.02 secs] 
2014-07-08T20:51:58.680+0000: 3232.327: [GC [PSYoungGen: 181800K->1440K(218432K)] 699874K->519586K(905408K), 0.0437110 secs] [Times: user=0.30 sys=0.00, real=0.04 secs] 
2014-07-08T20:52:00.937+0000: 3234.584: [GC [PSYoungGen: 218400K->992K(213056K)] 736546K->519386K(900032K), 0.0094030 secs] [Times: user=0.06 sys=0.00, real=0.01 secs] 
2014-07-08T20:52:03.025+0000: 3236.672: [GC [PSYoungGen: 213024K->1468K(208768K)] 731418K->519902K(895744K), 0.0127370 secs] [Times: user=0.08 sys=0.00, real=0.01 secs] 
2014-07-08T20:52:05.159+0000: 3238.806: [GC [PSYoungGen: 208764K->1010K(203712K)] 727198K->519870K(890688K), 0.0133390 secs] [Times: user=0.09 sys=0.00, real=0.01 secs] 
2014-07-08T20:52:07.278+0000: 3240.925: [GC [PSYoungGen: 203660K->1530K(199808K)] 722520K->520422K(886784K), 0.0071170 secs] [Times: user=0.04 sys=0.00, real=0.00 secs] 
2014-07-08T20:52:09.326+0000: 3242.973: [GC [PSYoungGen: 199802K->950K(194944K)] 718694K->520192K(881920K), 0.0209520 secs] [Times: user=0.16 sys=0.00, real=0.02 secs] 
2014-07-08T20:52:11.682+0000: 3245.329: [GC [PSYoungGen: 194934K->1498K(191360K)] 714176K->520804K(878336K), 0.0152400 secs] [Times: user=0.12 sys=0.00, real=0.02 secs] 
2014-07-08T20:52:13.835+0000: 3247.482: [GC [PSYoungGen: 191303K->1010K(186880K)] 710609K->520736K(873856K), 0.0187870 secs] [Times: user=0.12 sys=0.00, real=0.02 secs] 
2014-07-08T20:52:15.821+0000: 3249.468: [GC [PSYoungGen: 186866K->1452K(183488K)] 706592K->521284K(870464K), 0.0124670 secs] [Times: user=0.09 sys=0.00, real=0.01 secs] 
2014-07-08T20:52:17.813+0000: 3251.460: [GC [PSYoungGen: 183454K->1010K(179328K)] 703286K->521502K(866304K), 0.0074640 secs] [Times: user=0.03 sys=0.00, real=0.01 secs] 
2014-07-08T20:52:19.763+0000: 3253.411: [GC [PSYoungGen: 179314K->1736K(176512K)] 699806K->522285K(863488K), 0.0213540 secs] [Times: user=0.14 sys=0.00, real=0.02 secs] 
2014-07-08T20:52:21.378+0000: 3255.025: [GC [PSYoungGen: 176437K->826K(172032K)] 696985K->522044K(859008K), 0.0092800 secs] [Times: user=0.06 sys=0.00, real=0.00 secs] 
2014-07-08T20:52:23.150+0000: 3256.797: [GC [PSYoungGen: 171999K->1466K(169280K)] 693218K->522772K(856256K), 0.0162190 secs] [Times: user=0.10 sys=0.00, real=0.01 secs] 
2014-07-08T20:52:24.973+0000: 3258.620: [GC [PSYoungGen: 169274K->1462K(166016K)] 690580K->523113K(852992K), 0.0147370 secs] [Times: user=0.11 sys=0.00, real=0.02 secs] 
2014-07-08T20:52:26.620+0000: 3260.267: [GC [PSYoungGen: 166006K->1490K(162880K)] 687657K->523221K(849856K), 0.0172410 secs] [Times: user=0.13 sys=0.00, real=0.01 secs] 
2014-07-08T20:52:28.045+0000: 3261.692: [GC [PSYoungGen: 162833K->868K(159168K)] 684564K->523081K(846144K), 0.0056200 secs] [Times: user=0.02 sys=0.00, real=0.01 secs] 
2014-07-08T20:52:29.955+0000: 3263.602: [GC [PSYoungGen: 159140K->1566K(156864K)] 681353K->523835K(843840K), 0.0047530 secs] [Times: user=0.02 sys=0.01, real=0.01 secs] 
2014-07-08T20:52:31.304+0000: 3264.951: [GC [PSYoungGen: 156830K->1263K(153664K)] 679099K->523946K(840640K), 0.0185690 secs] [Times: user=0.14 sys=0.00, real=0.02 secs] 
2014-07-08T20:52:33.036+0000: 3266.683: [GC [PSYoungGen: 153647K->1434K(151040K)] 676330K->524173K(838016K), 0.0157270 secs] [Times: user=0.08 sys=0.00, real=0.02 secs] 
2014-07-08T20:52:34.477+0000: 3268.124: [GC [PSYoungGen: 151002K->1148K(148032K)] 673741K->524104K(835008K), 0.0116950 secs] [Times: user=0.08 sys=0.00, real=0.01 secs] 
2014-07-08T20:52:36.034+0000: 3269.681: [GC [PSYoungGen: 148028K->1252K(145536K)] 670984K->524295K(832512K), 0.0067680 secs] [Times: user=0.04 sys=0.00, real=0.01 secs] 
2014-07-08T20:52:37.589+0000: 3271.236: [GC [PSYoungGen: 145508K->1256K(142976K)] 668551K->524411K(829952K), 0.0129260 secs] [Times: user=0.08 sys=0.01, real=0.02 secs] 
2014-07-08T20:52:38.989+0000: 3272.636: [GC [PSYoungGen: 142952K->1652K(140864K)] 666107K->524863K(827840K), 0.0103740 secs] [Times: user=0.07 sys=0.00, real=0.02 secs] 
2014-07-08T20:52:40.170+0000: 3273.817: [GC [PSYoungGen: 140852K->814K(137600K)] 664063K->524475K(824576K), 0.0193930 secs] [Times: user=0.13 sys=0.00, real=0.02 secs] 
2014-07-08T20:52:41.985+0000: 3275.632: [GC [PSYoungGen: 137582K->1302K(135744K)] 661243K->524995K(822720K), 0.0173070 secs] [Times: user=0.10 sys=0.00, real=0.02 secs] 
2014-07-08T20:52:43.240+0000: 3276.887: [GC [PSYoungGen: 135702K->1206K(133376K)] 659395K->525175K(820352K), 0.0114140 secs] [Times: user=0.08 sys=0.01, real=0.02 secs] 
2014-07-08T20:52:44.702+0000: 3278.349: [GC [PSYoungGen: 133366K->1422K(131456K)] 657335K->525471K(818432K), 0.0150190 secs] [Times: user=0.10 sys=0.00, real=0.01 secs] 
2014-07-08T20:52:46.134+0000: 3279.781: [GC [PSYoungGen: 131406K->1064K(128896K)] 655455K->525297K(815872K), 0.0101410 secs] [Times: user=0.07 sys=0.00, real=0.01 secs] 
2014-07-08T20:52:47.587+0000: 3281.235: [GC [PSYoungGen: 128872K->1480K(127232K)] 653105K->525793K(814208K), 0.0097500 secs] [Times: user=0.06 sys=0.00, real=0.01 secs] 
2014-07-08T20:52:48.914+0000: 3282.561: [GC [PSYoungGen: 127160K->1131K(124800K)] 651473K->525550K(811776K), 0.0069610 secs] [Times: user=0.02 sys=0.00, real=0.00 secs] 
2014-07-08T20:52:50.052+0000: 3283.699: [GC [PSYoungGen: 124764K->1152K(122816K)] 649183K->525659K(809792K), 0.0123390 secs] [Times: user=0.07 sys=0.00, real=0.02 secs] 
2014-07-08T20:52:51.179+0000: 3284.826: [GC [PSYoungGen: 122802K->1324K(147392K)] 647309K->526017K(834368K), 0.0251130 secs] [Times: user=0.18 sys=0.00, real=0.03 secs] 
2014-07-08T20:52:52.958+0000: 3286.606: [GC [PSYoungGen: 147372K->1426K(144896K)] 672065K->526183K(831872K), 0.0089810 secs] [Times: user=0.06 sys=0.00, real=0.01 secs] 
2014-07-08T20:52:54.138+0000: 3287.785: [GC [PSYoungGen: 144849K->822K(141696K)] 669606K->526015K(828672K), 0.0071460 secs] [Times: user=0.05 sys=0.01, real=0.01 secs] 
2014-07-08T20:52:55.696+0000: 3289.343: [GC [PSYoungGen: 141686K->1326K(139776K)] 666879K->526583K(826752K), 0.0076780 secs] [Times: user=0.04 sys=0.00, real=0.01 secs] 
2014-07-08T20:52:57.064+0000: 3290.711: [GC [PSYoungGen: 139749K->1252K(137344K)] 665006K->526703K(824320K), 0.0121490 secs] [Times: user=0.09 sys=0.00, real=0.01 secs] 
2014-07-08T20:52:58.538+0000: 3292.185: [GC [PSYoungGen: 137288K->1426K(135232K)] 662739K->526973K(822208K), 0.0232400 secs] [Times: user=0.16 sys=0.00, real=0.02 secs] 
2014-07-08T20:52:59.977+0000: 3293.624: [GC [PSYoungGen: 135158K->740K(132288K)] 660705K->526763K(819264K), 0.0106100 secs] [Times: user=0.07 sys=0.00, real=0.01 secs] 
2014-07-08T20:53:01.115+0000: 3294.762: [GC [PSYoungGen: 132260K->1356K(159232K)] 658283K->527435K(846208K), 0.0180560 secs] [Times: user=0.11 sys=0.00, real=0.01 secs] 
2014-07-08T20:53:02.838+0000: 3296.485: [GC [PSYoungGen: 159180K->1316K(156224K)] 685259K->527615K(843200K), 0.0055990 secs] [Times: user=0.03 sys=0.00, real=0.01 secs] 
2014-07-08T20:53:04.474+0000: 3298.121: [GC [PSYoungGen: 156196K->1320K(153344K)] 682495K->527699K(840320K), 0.0159150 secs] [Times: user=0.12 sys=0.00, real=0.01 secs] 
2014-07-08T20:53:06.145+0000: 3299.792: [GC [PSYoungGen: 153317K->680K(183104K)] 679697K->527836K(870080K), 0.0252070 secs] [Times: user=0.19 sys=0.00, real=0.03 secs] 
2014-07-08T20:53:08.017+0000: 3301.664: [GC [PSYoungGen: 183080K->1634K(180288K)] 710236K->529072K(867264K), 0.0054090 secs] [Times: user=0.03 sys=0.00, real=0.00 secs] 
2014-07-08T20:53:09.928+0000: 3303.575: [GC [PSYoungGen: 180258K->996K(176000K)] 707696K->528920K(862976K), 0.0131620 secs] [Times: user=0.09 sys=0.00, real=0.01 secs] 
2014-07-08T20:53:11.998+0000: 3305.645: [GC [PSYoungGen: 175972K->1518K(172992K)] 703896K->529490K(859968K), 0.0121220 secs] [Times: user=0.03 sys=0.00, real=0.01 secs] 
2014-07-08T20:53:13.898+0000: 3307.545: [GC [PSYoungGen: 172974K->1070K(169152K)] 700946K->529308K(856128K), 0.0119690 secs] [Times: user=0.09 sys=0.00, real=0.01 secs] 
2014-07-08T20:53:15.694+0000: 3309.341: [GC [PSYoungGen: 169133K->1522K(166336K)] 697371K->529816K(853312K), 0.0132150 secs] [Times: user=0.09 sys=0.00, real=0.02 secs] 
2014-07-08T20:53:17.557+0000: 3311.204: [GC [PSYoungGen: 166322K->992K(162624K)] 694616K->529558K(849600K), 0.0125870 secs] [Times: user=0.09 sys=0.00, real=0.01 secs] 
2014-07-08T20:53:19.097+0000: 3312.744: [GC [PSYoungGen: 162592K->1778K(160320K)] 691158K->530409K(847296K), 0.0173580 secs] [Times: user=0.12 sys=0.00, real=0.01 secs] 
2014-07-08T20:53:20.868+0000: 3314.515: [GC [PSYoungGen: 160306K->808K(156352K)] 688937K->530010K(843328K), 0.0050900 secs] [Times: user=0.02 sys=0.00, real=0.00 secs] 
2014-07-08T20:53:22.549+0000: 3316.196: [GC [PSYoungGen: 156328K->1532K(154176K)] 685530K->530798K(841152K), 0.0127660 secs] [Times: user=0.10 sys=0.00, real=0.01 secs] 
2014-07-08T20:53:24.106+0000: 3317.753: [GC [PSYoungGen: 154172K->1526K(151360K)] 683438K->531092K(838336K), 0.0125840 secs] [Times: user=0.09 sys=0.00, real=0.02 secs] 
2014-07-08T20:53:25.778+0000: 3319.425: [GC [PSYoungGen: 151348K->1348K(148480K)] 680915K->530994K(835456K), 0.0112460 secs] [Times: user=0.06 sys=0.00, real=0.02 secs] 
2014-07-08T20:53:27.149+0000: 3320.796: [GC [PSYoungGen: 148394K->1064K(145536K)] 678041K->530846K(832512K), 0.0129090 secs] [Times: user=0.09 sys=0.00, real=0.01 secs] 
2014-07-08T20:53:28.732+0000: 3322.379: [GC [PSYoungGen: 145474K->1380K(143296K)] 675256K->531258K(830272K), 0.0162530 secs] [Times: user=0.12 sys=0.00, real=0.02 secs] 
2014-07-08T20:53:30.147+0000: 3323.794: [GC [PSYoungGen: 143265K->1450K(140864K)] 673144K->531393K(827840K), 0.0115050 secs] [Times: user=0.09 sys=0.00, real=0.02 secs] 
2014-07-08T20:53:31.492+0000: 3325.139: [GC [PSYoungGen: 140842K->1316K(138304K)] 670785K->531354K(825280K), 0.0073260 secs] [Times: user=0.04 sys=0.01, real=0.01 secs] 
2014-07-08T20:53:33.014+0000: 3326.661: [GC [PSYoungGen: 138276K->942K(135552K)] 668314K->531303K(822528K), 0.0051020 secs] [Times: user=0.02 sys=0.00, real=0.01 secs] 
2014-07-08T20:53:34.137+0000: 3327.784: [GC [PSYoungGen: 135534K->1452K(133760K)] 665895K->531844K(820736K), 0.0073050 secs] [Times: user=0.03 sys=0.00, real=0.01 secs] 
2014-07-08T20:53:35.516+0000: 3329.163: [GC [PSYoungGen: 133708K->1312K(131392K)] 664100K->531864K(818368K), 0.0189060 secs] [Times: user=0.13 sys=0.00, real=0.02 secs] 
2014-07-08T20:53:36.960+0000: 3330.607: [GC [PSYoungGen: 131360K->1700K(129600K)] 661912K->532309K(816576K), 0.0177830 secs] [Times: user=0.12 sys=0.00, real=0.01 secs] 
2014-07-08T20:53:38.116+0000: 3331.763: [GC [PSYoungGen: 129572K->548K(154048K)] 660180K->531802K(841024K), 0.0148230 secs] [Times: user=0.08 sys=0.00, real=0.02 secs] 
2014-07-08T20:53:39.696+0000: 3333.343: [GC [PSYoungGen: 154020K->1828K(186048K)] 685274K->533291K(873024K), 0.0167350 secs] [Times: user=0.11 sys=0.00, real=0.02 secs] 
2014-07-08T20:53:41.625+0000: 3335.272: [GC [PSYoungGen: 185981K->1324K(181760K)] 717444K->533283K(868736K), 0.0147910 secs] [Times: user=0.10 sys=0.00, real=0.01 secs] 
2014-07-08T20:53:43.331+0000: 3336.978: [GC [PSYoungGen: 181740K->1804K(178560K)] 713699K->533875K(865536K), 0.0067720 secs] [Times: user=0.04 sys=0.00, real=0.00 secs] 
2014-07-08T20:53:45.265+0000: 3338.912: [GC [PSYoungGen: 178508K->1056K(174208K)] 710579K->533475K(861184K), 0.0114070 secs] [Times: user=0.08 sys=0.00, real=0.01 secs] 
2014-07-08T20:53:46.976+0000: 3340.623: [GC [PSYoungGen: 174176K->1266K(170944K)] 706595K->533741K(857920K), 0.0112180 secs] [Times: user=0.07 sys=0.00, real=0.01 secs] 
2014-07-08T20:53:49.101+0000: 3342.748: [GC [PSYoungGen: 170930K->1248K(167616K)] 703405K->533771K(854592K), 0.0149670 secs] [Times: user=0.11 sys=0.00, real=0.01 secs] 
2014-07-08T20:53:50.903+0000: 3344.550: [GC [PSYoungGen: 167583K->1426K(164608K)] 700107K->534021K(851584K), 0.0136290 secs] [Times: user=0.09 sys=0.00, real=0.01 secs] 
2014-07-08T20:53:52.568+0000: 3346.215: [GC [PSYoungGen: 164546K->1508K(161536K)] 697141K->534191K(848512K), 0.0190750 secs] [Times: user=0.14 sys=0.00, real=0.02 secs] 
2014-07-08T20:53:54.179+0000: 3347.826: [GC [PSYoungGen: 161508K->1504K(158528K)] 694191K->534252K(845504K), 0.0048040 secs] [Times: user=0.03 sys=0.00, real=0.01 secs] 
2014-07-08T20:53:55.939+0000: 3349.586: [GC [PSYoungGen: 158495K->1074K(155136K)] 691242K->533973K(842112K), 0.0153960 secs] [Times: user=0.11 sys=0.00, real=0.02 secs] 
2014-07-08T20:53:57.082+0000: 3350.729: [GC [PSYoungGen: 155122K->1426K(152640K)] 688021K->534389K(839616K), 0.0074960 secs] [Times: user=0.04 sys=0.00, real=0.01 secs] 
2014-07-08T20:53:58.892+0000: 3352.539: [GC [PSYoungGen: 152594K->1202K(149632K)] 685557K->534269K(836608K), 0.0089780 secs] [Times: user=0.06 sys=0.00, real=0.01 secs] 
2014-07-08T20:54:00.077+0000: 3353.724: [GC [PSYoungGen: 149618K->1174K(146944K)] 682685K->534305K(833920K), 0.0090300 secs] [Times: user=0.06 sys=0.00, real=0.01 secs] 
2014-07-08T20:54:01.495+0000: 3355.142: [GC [PSYoungGen: 146902K->1256K(144384K)] 680033K->534459K(831360K), 0.0109810 secs] [Times: user=0.07 sys=0.00, real=0.01 secs] 
2014-07-08T20:54:02.858+0000: 3356.505: [GC [PSYoungGen: 144360K->1252K(141888K)] 677563K->534651K(828864K), 0.0110470 secs] [Times: user=0.07 sys=0.00, real=0.01 secs] 
2014-07-08T20:54:04.139+0000: 3357.786: [GC [PSYoungGen: 141860K->1316K(139520K)] 675259K->534901K(826496K), 0.0107320 secs] [Times: user=0.08 sys=0.00, real=0.01 secs] 
2014-07-08T20:54:05.676+0000: 3359.323: [GC [PSYoungGen: 139492K->1632K(137472K)] 673077K->535289K(824448K), 0.0176880 secs] [Times: user=0.13 sys=0.00, real=0.01 secs] 
2014-07-08T20:54:07.011+0000: 3360.658: [GC [PSYoungGen: 137439K->740K(134272K)] 671097K->534693K(821248K), 0.0057690 secs] [Times: user=0.03 sys=0.00, real=0.01 secs] 
2014-07-08T20:54:08.354+0000: 3362.001: [GC [PSYoungGen: 134244K->1572K(132864K)] 668197K->535589K(819840K), 0.0155590 secs] [Times: user=0.08 sys=0.00, real=0.01 secs] 
2014-07-08T20:54:09.757+0000: 3363.404: [GC [PSYoungGen: 132836K->1156K(158784K)] 666853K->535359K(845760K), 0.0256350 secs] [Times: user=0.18 sys=0.00, real=0.02 secs] 
2014-07-08T20:54:11.162+0000: 3364.809: [GC [PSYoungGen: 158689K->1504K(184128K)] 692893K->535795K(871104K), 0.0138210 secs] [Times: user=0.10 sys=0.00, real=0.02 secs] 
2014-07-08T20:54:12.895+0000: 3366.542: [GC [PSYoungGen: 183712K->1408K(191040K)] 718003K->535779K(878016K), 0.0150250 secs] [Times: user=0.10 sys=0.00, real=0.02 secs] 
2014-07-08T20:54:14.779+0000: 3368.426: [GC [PSYoungGen: 190478K->1566K(186752K)] 724850K->536009K(873728K), 0.0085030 secs] [Times: user=0.06 sys=0.00, real=0.01 secs] 
2014-07-08T20:54:16.560+0000: 3370.207: [GC [PSYoungGen: 186718K->356K(181696K)] 721161K->535841K(868672K), 0.0109500 secs] [Times: user=0.08 sys=0.00, real=0.01 secs] 
2014-07-08T20:54:18.190+0000: 3371.837: [GC [PSYoungGen: 181668K->1662K(179264K)] 717153K->537195K(866240K), 0.0064380 secs] [Times: user=0.04 sys=0.00, real=0.01 secs] 
2014-07-08T20:54:19.943+0000: 3373.590: [GC [PSYoungGen: 179248K->1270K(175296K)] 714781K->537249K(862272K), 0.0101480 secs] [Times: user=0.07 sys=0.00, real=0.01 secs] 
2014-07-08T20:54:21.778+0000: 3375.425: [GC [PSYoungGen: 175285K->1220K(171840K)] 711265K->537271K(858816K), 0.0093940 secs] [Times: user=0.07 sys=0.00, real=0.01 secs] 
2014-07-08T20:54:23.279+0000: 3376.926: [GC [PSYoungGen: 171780K->1324K(168512K)] 707831K->537561K(855488K), 0.0067390 secs] [Times: user=0.04 sys=0.00, real=0.00 secs] 
2014-07-08T20:54:24.907+0000: 3378.554: [GC [PSYoungGen: 168406K->1662K(165568K)] 704644K->537947K(852544K), 0.0165250 secs] [Times: user=0.10 sys=0.01, real=0.01 secs] 
2014-07-08T20:54:26.555+0000: 3380.202: [GC [PSYoungGen: 165566K->758K(161536K)] 701851K->537429K(848512K), 0.0111930 secs] [Times: user=0.07 sys=0.00, real=0.01 secs] 
2014-07-08T20:54:28.067+0000: 3381.714: [GC [PSYoungGen: 161526K->1568K(159296K)] 698197K->538351K(846272K), 0.0077640 secs] [Times: user=0.06 sys=0.00, real=0.01 secs] 
2014-07-08T20:54:29.786+0000: 3383.433: [GC [PSYoungGen: 159250K->1534K(156288K)] 696034K->538535K(843264K), 0.0113840 secs] [Times: user=0.08 sys=0.00, real=0.02 secs] 
2014-07-08T20:54:31.288+0000: 3384.935: [GC [PSYoungGen: 156258K->1498K(153408K)] 693260K->538587K(840384K), 0.0064060 secs] [Times: user=0.04 sys=0.00, real=0.00 secs] 
2014-07-08T20:54:32.877+0000: 3386.524: [GC [PSYoungGen: 153370K->1074K(150208K)] 690459K->538227K(837184K), 0.0080430 secs] [Times: user=0.04 sys=0.00, real=0.01 secs] 
2014-07-08T20:54:34.076+0000: 3387.723: [GC [PSYoungGen: 150156K->1618K(148096K)] 687310K->538860K(835072K), 0.0110970 secs] [Times: user=0.07 sys=0.00, real=0.01 secs] 
2014-07-08T20:54:35.599+0000: 3389.246: [GC [PSYoungGen: 148050K->1252K(145088K)] 685292K->538653K(832064K), 0.0177110 secs] [Times: user=0.12 sys=0.00, real=0.01 secs] 
2014-07-08T20:54:37.149+0000: 3390.796: [GC [PSYoungGen: 145030K->1623K(142912K)] 682432K->539088K(829888K), 0.0092560 secs] [Times: user=0.05 sys=0.00, real=0.01 secs] 
2014-07-08T20:54:38.413+0000: 3392.060: [GC [PSYoungGen: 142848K->1070K(139840K)] 680314K->539134K(826816K), 0.0135330 secs] [Times: user=0.08 sys=0.00, real=0.01 secs] 
2014-07-08T20:54:39.840+0000: 3393.487: [GC [PSYoungGen: 139822K->1408K(137856K)] 677886K->539512K(824832K), 0.0136810 secs] [Times: user=0.07 sys=0.00, real=0.01 secs] 
2014-07-08T20:54:41.047+0000: 3394.694: [GC [PSYoungGen: 137792K->1248K(135360K)] 675896K->539655K(822336K), 0.0085760 secs] [Times: user=0.05 sys=0.00, real=0.01 secs] 
2014-07-08T20:54:42.257+0000: 3395.904: [GC [PSYoungGen: 135296K->1248K(133120K)] 673703K->539711K(820096K), 0.0142960 secs] [Times: user=0.11 sys=0.00, real=0.02 secs] 
2014-07-08T20:54:43.733+0000: 3397.380: [GC [PSYoungGen: 133043K->1420K(131136K)] 671506K->539946K(818112K), 0.0086350 secs] [Times: user=0.05 sys=0.01, real=0.01 secs] 
2014-07-08T20:54:45.078+0000: 3398.725: [GC [PSYoungGen: 131084K->1430K(129024K)] 669610K->540036K(816000K), 0.0084380 secs] [Times: user=0.06 sys=0.00, real=0.01 secs] 
2014-07-08T20:54:46.224+0000: 3399.871: [GC [PSYoungGen: 128982K->957K(126464K)] 667588K->539905K(813440K), 0.0065210 secs] [Times: user=0.03 sys=0.00, real=0.01 secs] 
2014-07-08T20:54:47.533+0000: 3401.180: [GC [PSYoungGen: 126459K->1640K(125120K)] 665407K->540636K(812096K), 0.0198860 secs] [Times: user=0.13 sys=0.00, real=0.02 secs] 
2014-07-08T20:54:48.759+0000: 3402.406: [GC [PSYoungGen: 125060K->1127K(122624K)] 664056K->540653K(809600K), 0.0101730 secs] [Times: user=0.07 sys=0.00, real=0.01 secs] 
2014-07-08T20:54:49.838+0000: 3403.485: [GC [PSYoungGen: 122599K->1426K(121024K)] 662125K->540992K(808000K), 0.0094860 secs] [Times: user=0.04 sys=0.00, real=0.01 secs] 
2014-07-08T20:54:50.895+0000: 3404.542: [GC [PSYoungGen: 120978K->1238K(118976K)] 660544K->541015K(805952K), 0.0049170 secs] [Times: user=0.02 sys=0.00, real=0.01 secs] 
2014-07-08T20:54:51.926+0000: 3405.573: [GC [PSYoungGen: 118934K->1384K(117312K)] 658711K->541258K(804288K), 0.0111260 secs] [Times: user=0.07 sys=0.00, real=0.01 secs] 
2014-07-08T20:54:53.032+0000: 3406.679: [GC [PSYoungGen: 117288K->1078K(115200K)] 657162K->541231K(802176K), 0.0080190 secs] [Times: user=0.05 sys=0.00, real=0.00 secs] 
2014-07-08T20:54:54.176+0000: 3407.823: [GC [PSYoungGen: 115189K->1814K(114240K)] 655343K->542024K(801216K), 0.0132490 secs] [Times: user=0.09 sys=0.00, real=0.01 secs] 
2014-07-08T20:54:55.394+0000: 3409.041: [GC [PSYoungGen: 114198K->822K(111552K)] 654408K->541450K(798528K), 0.0146960 secs] [Times: user=0.11 sys=0.00, real=0.01 secs] 
2014-07-08T20:54:56.413+0000: 3410.060: [GC [PSYoungGen: 111542K->1530K(110656K)] 652170K->542238K(797632K), 0.0094630 secs] [Times: user=0.06 sys=0.00, real=0.01 secs] 
2014-07-08T20:54:57.348+0000: 3410.995: [GC [PSYoungGen: 110650K->1180K(108736K)] 651358K->542058K(795712K), 0.0087700 secs] [Times: user=0.06 sys=0.00, real=0.01 secs] 
2014-07-08T20:54:58.245+0000: 3411.892: [GC [PSYoungGen: 108700K->1586K(130624K)] 649578K->542536K(817600K), 0.0108560 secs] [Times: user=0.06 sys=0.00, real=0.01 secs] 
2014-07-08T20:54:59.186+0000: 3412.833: [GC [PSYoungGen: 130610K->1074K(155968K)] 671560K->542248K(842944K), 0.0159930 secs] [Times: user=0.09 sys=0.00, real=0.01 secs] 
2014-07-08T20:55:00.767+0000: 3414.414: [GC [PSYoungGen: 155954K->1010K(153024K)] 697128K->542215K(840000K), 0.0062410 secs] [Times: user=0.02 sys=0.00, real=0.01 secs] 
2014-07-08T20:55:02.039+0000: 3415.686: [GC [PSYoungGen: 152943K->1669K(150912K)] 694149K->542996K(837888K), 0.0113570 secs] [Times: user=0.03 sys=0.00, real=0.01 secs] 
2014-07-08T20:55:03.304+0000: 3416.951: [GC [PSYoungGen: 150853K->1356K(147904K)] 692180K->542756K(834880K), 0.0126790 secs] [Times: user=0.08 sys=0.00, real=0.01 secs] 
2014-07-08T20:55:04.602+0000: 3418.249: [GC [PSYoungGen: 147852K->878K(168320K)] 689252K->542730K(855296K), 0.0221190 secs] [Times: user=0.14 sys=0.00, real=0.03 secs] 
2014-07-08T20:55:05.939+0000: 3419.586: [GC [PSYoungGen: 168300K->1508K(165696K)] 710152K->543424K(852672K), 0.0064920 secs] [Times: user=0.03 sys=0.00, real=0.01 secs] 
2014-07-08T20:55:07.539+0000: 3421.186: [GC [PSYoungGen: 165659K->438K(161472K)] 707575K->543486K(848448K), 0.0127890 secs] [Times: user=0.08 sys=0.00, real=0.01 secs] 
2014-07-08T20:55:09.049+0000: 3422.696: [GC [PSYoungGen: 161455K->1694K(159680K)] 704503K->544798K(846656K), 0.0072970 secs] [Times: user=0.04 sys=0.00, real=0.01 secs] 
2014-07-08T20:55:10.739+0000: 3424.386: [GC [PSYoungGen: 159646K->1334K(156352K)] 702750K->544852K(843328K), 0.0220770 secs] [Times: user=0.11 sys=0.00, real=0.02 secs] 
2014-07-08T20:55:11.996+0000: 3425.643: [GC [PSYoungGen: 156342K->1192K(153344K)] 699860K->544806K(840320K), 0.0074160 secs] [Times: user=0.05 sys=0.00, real=0.00 secs] 
2014-07-08T20:55:13.771+0000: 3427.418: [GC [PSYoungGen: 153308K->1337K(150656K)] 696922K->545096K(837632K), 0.0197490 secs] [Times: user=0.14 sys=0.00, real=0.02 secs] 
2014-07-08T20:55:15.010+0000: 3428.657: [GC [PSYoungGen: 150649K->1422K(148096K)] 694408K->545284K(835072K), 0.0103590 secs] [Times: user=0.07 sys=0.00, real=0.01 secs] 
2014-07-08T20:55:16.626+0000: 3430.273: [GC [PSYoungGen: 148045K->1074K(145088K)] 691907K->545269K(832064K), 0.0050380 secs] [Times: user=0.02 sys=0.00, real=0.00 secs] 
2014-07-08T20:55:17.987+0000: 3431.634: [GC [PSYoungGen: 145073K->1412K(142912K)] 689268K->545670K(829888K), 0.0136440 secs] [Times: user=0.10 sys=0.00, real=0.01 secs] 
2014-07-08T20:55:19.344+0000: 3432.991: [GC [PSYoungGen: 142840K->1188K(140160K)] 687099K->545898K(827136K), 0.0103500 secs] [Times: user=0.08 sys=0.00, real=0.01 secs] 
2014-07-08T20:55:20.831+0000: 3434.478: [GC [PSYoungGen: 140132K->1646K(138176K)] 684842K->546389K(825152K), 0.0153440 secs] [Times: user=0.10 sys=0.00, real=0.02 secs] 
2014-07-08T20:55:22.007+0000: 3435.654: [GC [PSYoungGen: 138113K->864K(135104K)] 682856K->546131K(822080K), 0.0095610 secs] [Times: user=0.06 sys=0.00, real=0.01 secs] 
2014-07-08T20:55:23.470+0000: 3437.117: [GC [PSYoungGen: 135072K->1776K(133760K)] 680339K->547132K(820736K), 0.0111190 secs] [Times: user=0.06 sys=0.00, real=0.01 secs] 
2014-07-08T20:55:24.986+0000: 3438.633: [GC [PSYoungGen: 133744K->1082K(130880K)] 679100K->546788K(817856K), 0.0160400 secs] [Times: user=0.09 sys=0.00, real=0.01 secs] 
2014-07-08T20:55:26.005+0000: 3439.652: [GC [PSYoungGen: 130849K->1260K(128960K)] 676555K->547022K(815936K), 0.0079520 secs] [Times: user=0.05 sys=0.00, real=0.01 secs] 
2014-07-08T20:55:27.156+0000: 3440.803: [GC [PSYoungGen: 128940K->1522K(127104K)] 674702K->547365K(814080K), 0.0057640 secs] [Times: user=0.03 sys=0.00, real=0.00 secs] 
2014-07-08T20:55:28.436+0000: 3442.083: [GC [PSYoungGen: 127090K->1142K(124672K)] 672933K->547032K(811648K), 0.0138190 secs] [Times: user=0.09 sys=0.00, real=0.02 secs] 
2014-07-08T20:55:29.779+0000: 3443.426: [GC [PSYoungGen: 124662K->1056K(122624K)] 670552K->547010K(809600K), 0.0113280 secs] [Times: user=0.07 sys=0.00, real=0.01 secs] 
2014-07-08T20:55:30.924+0000: 3444.571: [GC [PSYoungGen: 122591K->1799K(121472K)] 668546K->547802K(808448K), 0.0139680 secs] [Times: user=0.09 sys=0.00, real=0.02 secs] 
2014-07-08T20:55:31.973+0000: 3445.620: [GC [PSYoungGen: 121415K->950K(118720K)] 667418K->547250K(805696K), 0.0065420 secs] [Times: user=0.03 sys=0.00, real=0.01 secs] 
2014-07-08T20:55:33.252+0000: 3446.899: [GC [PSYoungGen: 118710K->1810K(117824K)] 665010K->548191K(804800K), 0.0040940 secs] [Times: user=0.02 sys=0.01, real=0.00 secs] 
2014-07-08T20:55:34.520+0000: 3448.167: [GC [PSYoungGen: 117736K->1332K(115520K)] 664117K->548005K(802496K), 0.0045310 secs] [Times: user=0.03 sys=0.00, real=0.00 secs] 
2014-07-08T20:55:35.771+0000: 3449.418: [GC [PSYoungGen: 115507K->1302K(113792K)] 662180K->548054K(800768K), 0.0093110 secs] [Times: user=0.07 sys=0.00, real=0.01 secs] 
2014-07-08T20:55:36.827+0000: 3450.474: [GC [PSYoungGen: 113750K->1024K(111808K)] 660502K->547872K(798784K), 0.0072480 secs] [Times: user=0.04 sys=0.00, real=0.00 secs] 
2014-07-08T20:55:37.858+0000: 3451.505: [GC [PSYoungGen: 111807K->1156K(110336K)] 658656K->548068K(797312K), 0.0203050 secs] [Times: user=0.14 sys=0.00, real=0.03 secs] 
2014-07-08T20:55:38.926+0000: 3452.573: [GC [PSYoungGen: 110273K->1316K(132288K)] 657185K->548300K(819264K), 0.0164020 secs] [Times: user=0.11 sys=0.00, real=0.02 secs] 
2014-07-08T20:55:40.267+0000: 3453.914: [GC [PSYoungGen: 132253K->1512K(152960K)] 679237K->548561K(839936K), 0.0100460 secs] [Times: user=0.06 sys=0.00, real=0.01 secs] 
2014-07-08T20:55:41.883+0000: 3455.530: [GC [PSYoungGen: 152424K->1074K(149248K)] 699473K->548162K(836224K), 0.0087850 secs] [Times: user=0.05 sys=0.00, real=0.01 secs] 
2014-07-08T20:55:42.999+0000: 3456.646: [GC [PSYoungGen: 149234K->1042K(146560K)] 696322K->548178K(833536K), 0.0050670 secs] [Times: user=0.03 sys=0.00, real=0.00 secs] 
2014-07-08T20:55:44.511+0000: 3458.158: [GC [PSYoungGen: 146514K->1456K(144320K)] 693650K->548656K(831296K), 0.0169460 secs] [Times: user=0.11 sys=0.00, real=0.01 secs] 
2014-07-08T20:55:46.008+0000: 3459.655: [GC [PSYoungGen: 144304K->1224K(141632K)] 691504K->548480K(828608K), 0.0081610 secs] [Times: user=0.03 sys=0.00, real=0.01 secs] 
2014-07-08T20:55:47.269+0000: 3460.916: [GC [PSYoungGen: 141576K->1262K(139200K)] 688832K->548873K(826176K), 0.0157510 secs] [Times: user=0.12 sys=0.00, real=0.01 secs] 
2014-07-08T20:55:48.846+0000: 3462.493: [GC [PSYoungGen: 139182K->1605K(137216K)] 686793K->549338K(824192K), 0.0109280 secs] [Times: user=0.08 sys=0.00, real=0.01 secs] 
2014-07-08T20:55:50.087+0000: 3463.734: [GC [PSYoungGen: 137138K->1081K(134336K)] 684871K->549566K(821312K), 0.0135090 secs] [Times: user=0.10 sys=0.00, real=0.02 secs] 
2014-07-08T20:55:51.459+0000: 3465.106: [GC [PSYoungGen: 134329K->2020K(133056K)] 682814K->550619K(820032K), 0.0138810 secs] [Times: user=0.10 sys=0.00, real=0.02 secs] 
2014-07-08T20:55:52.771+0000: 3466.418: [GC [PSYoungGen: 133028K->1138K(129984K)] 681627K->550199K(816960K), 0.0066080 secs] [Times: user=0.04 sys=0.00, real=0.00 secs] 
2014-07-08T20:55:53.881+0000: 3467.528: [GC [PSYoungGen: 129970K->1440K(128192K)] 679031K->550639K(815168K), 0.0094360 secs] [Times: user=0.07 sys=0.00, real=0.01 secs] 
2014-07-08T20:55:55.272+0000: 3468.919: [GC [PSYoungGen: 128114K->1309K(126016K)] 677313K->550622K(812992K), 0.0151260 secs] [Times: user=0.10 sys=0.00, real=0.01 secs] 
2014-07-08T20:55:56.342+0000: 3469.989: [GC [PSYoungGen: 125981K->1526K(124224K)] 675294K->550895K(811200K), 0.0144460 secs] [Times: user=0.09 sys=0.00, real=0.01 secs] 
2014-07-08T20:55:57.812+0000: 3471.459: [GC [PSYoungGen: 124214K->1380K(122176K)] 673583K->550797K(809152K), 0.0140600 secs] [Times: user=0.09 sys=0.00, real=0.01 secs] 
2014-07-08T20:55:58.869+0000: 3472.516: [GC [PSYoungGen: 122148K->1266K(146240K)] 671565K->550747K(833216K), 0.0147550 secs] [Times: user=0.07 sys=0.00, real=0.02 secs] 
2014-07-08T20:56:00.094+0000: 3473.741: [GC [PSYoungGen: 146226K->1462K(143872K)] 695707K->551209K(830848K), 0.0093500 secs] [Times: user=0.06 sys=0.00, real=0.01 secs] 
2014-07-08T20:56:01.630+0000: 3475.277: [GC [PSYoungGen: 143862K->1817K(141760K)] 693609K->551628K(828736K), 0.0110020 secs] [Times: user=0.07 sys=0.00, real=0.02 secs] 
2014-07-08T20:56:02.800+0000: 3476.447: [GC [PSYoungGen: 141721K->928K(138432K)] 691532K->551020K(825408K), 0.0146230 secs] [Times: user=0.05 sys=0.00, real=0.02 secs] 
2014-07-08T20:56:04.057+0000: 3477.704: [GC [PSYoungGen: 138378K->1544K(147200K)] 688469K->551692K(834176K), 0.0258680 secs] [Times: user=0.17 sys=0.00, real=0.03 secs] 
2014-07-08T20:56:05.831+0000: 3479.478: [GC [PSYoungGen: 146568K->1434K(167168K)] 696716K->551825K(854144K), 0.0077780 secs] [Times: user=0.04 sys=0.00, real=0.01 secs] 
2014-07-08T20:56:07.560+0000: 3481.207: [GC [PSYoungGen: 166490K->1148K(163008K)] 716881K->551588K(849984K), 0.0125020 secs] [Times: user=0.07 sys=0.01, real=0.02 secs] 
2014-07-08T20:56:09.005+0000: 3482.652: [GC [PSYoungGen: 163004K->946K(159744K)] 713444K->551569K(846720K), 0.0099350 secs] [Times: user=0.06 sys=0.00, real=0.01 secs] 
2014-07-08T20:56:10.805+0000: 3484.452: [GC [PSYoungGen: 159730K->1370K(157184K)] 710353K->552073K(844160K), 0.0075490 secs] [Times: user=0.05 sys=0.00, real=0.01 secs] 
2014-07-08T20:56:12.192+0000: 3485.839: [GC [PSYoungGen: 157146K->1288K(154240K)] 707849K->552079K(841216K), 0.0070080 secs] [Times: user=0.04 sys=0.00, real=0.01 secs] 
2014-07-08T20:56:13.913+0000: 3487.560: [GC [PSYoungGen: 154184K->1458K(151552K)] 704975K->552306K(838528K), 0.0302270 secs] [Times: user=0.20 sys=0.00, real=0.04 secs] 
2014-07-08T20:56:15.170+0000: 3488.817: [GC [PSYoungGen: 151538K->1206K(148544K)] 702386K->552222K(835520K), 0.0085210 secs] [Times: user=0.06 sys=0.00, real=0.01 secs] 
2014-07-08T20:56:16.772+0000: 3490.419: [GC [PSYoungGen: 148497K->1658K(146368K)] 699513K->552746K(833344K), 0.0089420 secs] [Times: user=0.06 sys=0.00, real=0.01 secs] 
2014-07-08T20:56:17.963+0000: 3491.610: [GC [PSYoungGen: 146350K->1014K(143168K)] 697438K->552359K(830144K), 0.0112510 secs] [Times: user=0.07 sys=0.01, real=0.02 secs] 
2014-07-08T20:56:19.335+0000: 3492.982: [GC [PSYoungGen: 143143K->1754K(141440K)] 694489K->553148K(828416K), 0.0055810 secs] [Times: user=0.02 sys=0.00, real=0.00 secs] 
2014-07-08T20:56:21.026+0000: 3494.673: [GC [PSYoungGen: 141402K->1084K(138304K)] 692796K->552714K(825280K), 0.0141170 secs] [Times: user=0.08 sys=0.00, real=0.01 secs] 
2014-07-08T20:56:22.217+0000: 3495.864: [GC [PSYoungGen: 138300K->1092K(136000K)] 689930K->552777K(822976K), 0.0056810 secs] [Times: user=0.03 sys=0.00, real=0.00 secs] 
2014-07-08T20:56:23.739+0000: 3497.386: [GC [PSYoungGen: 135940K->1156K(133760K)] 687625K->552913K(820736K), 0.0181750 secs] [Times: user=0.12 sys=0.00, real=0.02 secs] 
2014-07-08T20:56:24.989+0000: 3498.636: [GC [PSYoungGen: 133700K->1120K(131456K)] 685457K->552949K(818432K), 0.0132390 secs] [Times: user=0.07 sys=0.00, real=0.01 secs] 
2014-07-08T20:56:26.330+0000: 3499.977: [GC [PSYoungGen: 131424K->1384K(129536K)] 683253K->553301K(816512K), 0.0080280 secs] [Times: user=0.04 sys=0.01, real=0.01 secs] 
2014-07-08T20:56:27.878+0000: 3501.525: [GC [PSYoungGen: 129512K->1284K(127360K)] 681429K->553289K(814336K), 0.0093800 secs] [Times: user=0.05 sys=0.00, real=0.01 secs] 
2014-07-08T20:56:29.161+0000: 3502.808: [GC [PSYoungGen: 127211K->1149K(125120K)] 679217K->553460K(812096K), 0.0123610 secs] [Times: user=0.09 sys=0.00, real=0.01 secs] 
2014-07-08T20:56:30.273+0000: 3503.920: [GC [PSYoungGen: 125117K->1348K(123392K)] 677428K->553822K(810368K), 0.0135500 secs] [Times: user=0.10 sys=0.00, real=0.02 secs] 
2014-07-08T20:56:31.750+0000: 3505.397: [GC [PSYoungGen: 123312K->1187K(121280K)] 675786K->554131K(808256K), 0.0143330 secs] [Times: user=0.10 sys=0.00, real=0.01 secs] 
2014-07-08T20:56:33.012+0000: 3506.659: [GC [PSYoungGen: 121251K->1584K(145728K)] 674195K->554576K(832704K), 0.0174070 secs] [Times: user=0.10 sys=0.00, real=0.02 secs] 
2014-07-08T20:56:34.304+0000: 3507.951: [GC [PSYoungGen: 145712K->946K(142528K)] 698704K->554337K(829504K), 0.0090150 secs] [Times: user=0.05 sys=0.00, real=0.01 secs] 
2014-07-08T20:56:36.041+0000: 3509.688: [GC [PSYoungGen: 142513K->1516K(140608K)] 695905K->554996K(827584K), 0.0153350 secs] [Times: user=0.11 sys=0.00, real=0.02 secs] 
2014-07-08T20:56:37.224+0000: 3510.871: [GC [PSYoungGen: 140588K->1262K(137920K)] 694068K->554886K(824896K), 0.0098040 secs] [Times: user=0.04 sys=0.00, real=0.01 secs] 
2014-07-08T20:56:38.925+0000: 3512.572: [GC [PSYoungGen: 137864K->1274K(135616K)] 691488K->554954K(822592K), 0.0205930 secs] [Times: user=0.13 sys=0.00, real=0.02 secs] 
2014-07-08T20:56:40.186+0000: 3513.833: [GC [PSYoungGen: 135582K->1196K(151936K)] 689262K->555102K(838912K), 0.0144190 secs] [Times: user=0.07 sys=0.00, real=0.02 secs] 
2014-07-08T20:56:41.905+0000: 3515.552: [GC [PSYoungGen: 151916K->1484K(152512K)] 705822K->555486K(839488K), 0.0175930 secs] [Times: user=0.13 sys=0.00, real=0.02 secs] 
2014-07-08T20:56:43.160+0000: 3516.807: [GC [PSYoungGen: 152204K->1334K(149312K)] 706206K->555540K(836288K), 0.0110130 secs] [Times: user=0.06 sys=0.00, real=0.01 secs] 
2014-07-08T20:56:44.862+0000: 3518.509: [GC [PSYoungGen: 149302K->1344K(146688K)] 703508K->555638K(833664K), 0.0133760 secs] [Times: user=0.09 sys=0.00, real=0.01 secs] 
2014-07-08T20:56:46.330+0000: 3519.977: [GC [PSYoungGen: 146624K->768K(143488K)] 700918K->555368K(830464K), 0.0080100 secs] [Times: user=0.05 sys=0.01, real=0.00 secs] 
2014-07-08T20:56:47.900+0000: 3521.547: [GC [PSYoungGen: 143488K->1616K(141888K)] 698088K->556288K(828864K), 0.0165080 secs] [Times: user=0.11 sys=0.01, real=0.01 secs] 
2014-07-08T20:56:49.260+0000: 3522.907: [GC [PSYoungGen: 141840K->1084K(138880K)] 696512K->556276K(825856K), 0.0043970 secs] [Times: user=0.03 sys=0.00, real=0.00 secs] 
2014-07-08T20:56:50.553+0000: 3524.200: [GC [PSYoungGen: 138876K->1708K(137152K)] 694068K->556972K(824128K), 0.0125280 secs] [Times: user=0.09 sys=0.00, real=0.01 secs] 
2014-07-08T20:56:52.139+0000: 3525.786: [GC [PSYoungGen: 137132K->932K(134080K)] 692396K->556478K(821056K), 0.0135090 secs] [Times: user=0.09 sys=0.00, real=0.02 secs] 
2014-07-08T20:56:53.435+0000: 3527.082: [GC [PSYoungGen: 134052K->1628K(132544K)] 689598K->557262K(819520K), 0.0147960 secs] [Times: user=0.10 sys=0.00, real=0.02 secs] 
2014-07-08T20:56:54.783+0000: 3528.430: [GC [PSYoungGen: 132508K->1267K(129984K)] 688142K->557140K(816960K), 0.0099150 secs] [Times: user=0.07 sys=0.00, real=0.01 secs] 
2014-07-08T20:56:56.274+0000: 3529.921: [GC [PSYoungGen: 129968K->1412K(128064K)] 685842K->557357K(815040K), 0.0127920 secs] [Times: user=0.09 sys=0.00, real=0.01 secs] 
2014-07-08T20:56:57.465+0000: 3531.112: [GC [PSYoungGen: 128004K->1146K(125696K)] 683949K->557347K(812672K), 0.0103790 secs] [Times: user=0.06 sys=0.00, real=0.01 secs] 
2014-07-08T20:56:59.063+0000: 3532.710: [GC [PSYoungGen: 125689K->1508K(124096K)] 681890K->557765K(811072K), 0.0142200 secs] [Times: user=0.06 sys=0.00, real=0.01 secs] 
2014-07-08T20:57:00.162+0000: 3533.809: [GC [PSYoungGen: 124052K->1064K(121728K)] 680310K->557701K(808704K), 0.0131630 secs] [Times: user=0.09 sys=0.00, real=0.01 secs] 
2014-07-08T20:57:01.582+0000: 3535.229: [GC [PSYoungGen: 121704K->1406K(120128K)] 678341K->558115K(807104K), 0.0098970 secs] [Times: user=0.05 sys=0.00, real=0.01 secs] 
2014-07-08T20:57:02.958+0000: 3536.605: [GC [PSYoungGen: 120126K->1142K(118016K)] 676835K->558029K(804992K), 0.0129050 secs] [Times: user=0.08 sys=0.00, real=0.01 secs] 
2014-07-08T20:57:04.116+0000: 3537.763: [GC [PSYoungGen: 118006K->1472K(116608K)] 674893K->558455K(803584K), 0.0145530 secs] [Times: user=0.10 sys=0.00, real=0.01 secs] 
2014-07-08T20:57:05.353+0000: 3539.000: [GC [PSYoungGen: 116544K->953K(139072K)] 673527K->558302K(826048K), 0.0156610 secs] [Times: user=0.12 sys=0.00, real=0.01 secs] 
2014-07-08T20:57:07.046+0000: 3540.693: [GC [PSYoungGen: 139064K->1726K(137472K)] 696413K->559219K(824448K), 0.0138080 secs] [Times: user=0.09 sys=0.00, real=0.01 secs] 
2014-07-08T20:57:08.178+0000: 3541.825: [GC [PSYoungGen: 137470K->814K(134272K)] 694963K->558739K(821248K), 0.0092410 secs] [Times: user=0.05 sys=0.00, real=0.01 secs] 
2014-07-08T20:57:09.686+0000: 3543.333: [GC [PSYoungGen: 134251K->1580K(132800K)] 692176K->559569K(819776K), 0.0127680 secs] [Times: user=0.09 sys=0.00, real=0.01 secs] 
2014-07-08T20:57:11.031+0000: 3544.678: [GC [PSYoungGen: 132780K->1324K(130368K)] 690769K->559581K(817344K), 0.0141040 secs] [Times: user=0.10 sys=0.01, real=0.02 secs] 
2014-07-08T20:57:12.309+0000: 3545.956: [GC [PSYoungGen: 130348K->1610K(128576K)] 688605K->559963K(815552K), 0.0120000 secs] [Times: user=0.06 sys=0.00, real=0.01 secs] 
2014-07-08T20:57:13.695+0000: 3547.342: [GC [PSYoungGen: 128522K->886K(125760K)] 686875K->559595K(812736K), 0.0076470 secs] [Times: user=0.04 sys=0.00, real=0.01 secs] 
2014-07-08T20:57:15.024+0000: 3548.671: [GC [PSYoungGen: 125750K->1516K(124416K)] 684459K->560289K(811392K), 0.0042410 secs] [Times: user=0.02 sys=0.01, real=0.00 secs] 
2014-07-08T20:57:16.286+0000: 3549.933: [GC [PSYoungGen: 124396K->1024K(121984K)] 683169K->559951K(808960K), 0.0199230 secs] [Times: user=0.13 sys=0.00, real=0.02 secs] 
2014-07-08T20:57:17.399+0000: 3551.046: [GC [PSYoungGen: 121984K->1692K(146880K)] 680911K->560707K(833856K), 0.0155410 secs] [Times: user=0.11 sys=0.01, real=0.02 secs] 
2014-07-08T20:57:18.991+0000: 3552.638: [GC [PSYoungGen: 146809K->1124K(143744K)] 705824K->560347K(830720K), 0.0093960 secs] [Times: user=0.04 sys=0.00, real=0.01 secs] 
2014-07-08T20:57:20.670+0000: 3554.317: [GC [PSYoungGen: 143716K->1470K(141568K)] 702939K->560765K(828544K), 0.0115280 secs] [Times: user=0.06 sys=0.00, real=0.01 secs] 
2014-07-08T20:57:22.131+0000: 3555.778: [GC [PSYoungGen: 141566K->1078K(138752K)] 700861K->560495K(825728K), 0.0161460 secs] [Times: user=0.11 sys=0.00, real=0.02 secs] 
2014-07-08T20:57:23.656+0000: 3557.303: [GC [PSYoungGen: 138733K->1532K(136832K)] 698150K->561045K(823808K), 0.0139650 secs] [Times: user=0.09 sys=0.00, real=0.01 secs] 
2014-07-08T20:57:25.126+0000: 3558.773: [GC [PSYoungGen: 136828K->1206K(134208K)] 696341K->560767K(821184K), 0.0098190 secs] [Times: user=0.04 sys=0.00, real=0.01 secs] 
2014-07-08T20:57:26.246+0000: 3559.893: [GC [PSYoungGen: 134198K->1262K(132032K)] 693759K->560895K(819008K), 0.0151110 secs] [Times: user=0.10 sys=0.00, real=0.01 secs] 
2014-07-08T20:57:27.648+0000: 3561.295: [GC [PSYoungGen: 132013K->1401K(129984K)] 691647K->561175K(816960K), 0.0115870 secs] [Times: user=0.08 sys=0.00, real=0.01 secs] 
2014-07-08T20:57:29.123+0000: 3562.770: [GC [PSYoungGen: 129967K->1416K(127936K)] 689741K->561262K(814912K), 0.0145490 secs] [Times: user=0.09 sys=0.01, real=0.02 secs] 
2014-07-08T20:57:30.316+0000: 3563.963: [GC [PSYoungGen: 127880K->868K(152704K)] 687726K->560922K(839680K), 0.0230720 secs] [Times: user=0.18 sys=0.00, real=0.02 secs] 
2014-07-08T20:57:32.026+0000: 3565.673: [GC [PSYoungGen: 152676K->1462K(150528K)] 712730K->561580K(837504K), 0.0065330 secs] [Times: user=0.04 sys=0.01, real=0.00 secs] 
2014-07-08T20:57:33.381+0000: 3567.028: [GC [PSYoungGen: 150518K->1394K(162944K)] 710636K->561682K(849920K), 0.0153880 secs] [Times: user=0.11 sys=0.00, real=0.02 secs] 
2014-07-08T20:57:35.181+0000: 3568.828: [GC [PSYoungGen: 162930K->1202K(159680K)] 723218K->561578K(846656K), 0.0073190 secs] [Times: user=0.05 sys=0.00, real=0.01 secs] 
2014-07-08T20:57:36.862+0000: 3570.509: [GC [PSYoungGen: 159666K->672K(156160K)] 720042K->561757K(843136K), 0.0116960 secs] [Times: user=0.08 sys=0.01, real=0.01 secs] 
2014-07-08T20:57:38.428+0000: 3572.075: [GC [PSYoungGen: 156058K->1767K(154368K)] 717142K->563093K(841344K), 0.0170100 secs] [Times: user=0.11 sys=0.00, real=0.01 secs] 
2014-07-08T20:57:40.192+0000: 3573.839: [GC [PSYoungGen: 154343K->1128K(150912K)] 715669K->562774K(837888K), 0.0094620 secs] [Times: user=0.06 sys=0.00, real=0.01 secs] 
2014-07-08T20:57:41.793+0000: 3575.440: [GC [PSYoungGen: 150888K->1206K(148288K)] 712534K->563056K(835264K), 0.0174730 secs] [Times: user=0.11 sys=0.00, real=0.02 secs] 
2014-07-08T20:57:43.194+0000: 3576.841: [GC [PSYoungGen: 148277K->1633K(146112K)] 710128K->563563K(833088K), 0.0136330 secs] [Times: user=0.09 sys=0.00, real=0.02 secs] 
2014-07-08T20:57:44.436+0000: 3578.083: [GC [PSYoungGen: 146081K->1546K(143488K)] 708011K->563557K(830464K), 0.0126430 secs] [Times: user=0.09 sys=0.00, real=0.02 secs] 
2014-07-08T20:57:46.115+0000: 3579.762: [GC [PSYoungGen: 143434K->761K(140160K)] 705445K->563449K(827136K), 0.0103220 secs] [Times: user=0.07 sys=0.00, real=0.01 secs] 
2014-07-08T20:57:47.426+0000: 3581.073: [GC [PSYoungGen: 140140K->1470K(158208K)] 702828K->564182K(845184K), 0.0265570 secs] [Times: user=0.16 sys=0.00, real=0.03 secs] 
2014-07-08T20:57:49.188+0000: 3582.835: [GC [PSYoungGen: 157727K->1304K(154688K)] 720439K->564245K(841664K), 0.0088060 secs] [Times: user=0.06 sys=0.01, real=0.00 secs] 
2014-07-08T20:57:50.445+0000: 3584.092: [GC [PSYoungGen: 154629K->1593K(168640K)] 717569K->564597K(855616K), 0.0141110 secs] [Times: user=0.10 sys=0.00, real=0.02 secs] 
2014-07-08T20:57:52.181+0000: 3585.828: [GC [PSYoungGen: 168371K->1406K(164928K)] 731375K->564482K(851904K), 0.0049830 secs] [Times: user=0.03 sys=0.00, real=0.00 secs] 
2014-07-08T20:57:54.022+0000: 3587.669: [GC [PSYoungGen: 164926K->1579K(161984K)] 728002K->564727K(848960K), 0.0144980 secs] [Times: user=0.10 sys=0.00, real=0.01 secs] 
2014-07-08T20:57:55.639+0000: 3589.286: [GC [PSYoungGen: 161963K->736K(158080K)] 725111K->564594K(845056K), 0.0078530 secs] [Times: user=0.04 sys=0.00, real=0.00 secs] 
2014-07-08T20:57:57.249+0000: 3590.896: [GC [PSYoungGen: 158048K->1508K(155904K)] 721906K->565423K(842880K), 0.0152200 secs] [Times: user=0.10 sys=0.00, real=0.01 secs] 
2014-07-08T20:57:59.093+0000: 3592.740: [GC [PSYoungGen: 155876K->1174K(152704K)] 719791K->565430K(839680K), 0.0085770 secs] [Times: user=0.06 sys=0.00, real=0.01 secs] 
2014-07-08T20:58:00.495+0000: 3594.142: [GC [PSYoungGen: 152662K->1362K(150144K)] 716918K->565690K(837120K), 0.0124060 secs] [Times: user=0.09 sys=0.00, real=0.01 secs] 
2014-07-08T20:58:02.051+0000: 3595.698: [GC [PSYoungGen: 150098K->1120K(147200K)] 714426K->565672K(834176K), 0.0157110 secs] [Times: user=0.10 sys=0.00, real=0.01 secs] 
2014-07-08T20:58:03.760+0000: 3597.407: [GC [PSYoungGen: 147168K->1532K(144960K)] 711720K->566181K(831936K), 0.0133150 secs] [Times: user=0.10 sys=0.00, real=0.02 secs] 
2014-07-08T20:58:05.161+0000: 3598.808: [GC [PSYoungGen: 144956K->946K(141824K)] 709605K->566061K(828800K), 0.0069380 secs] [Times: user=0.05 sys=0.00, real=0.00 secs] 
2014-07-08T20:58:06.451+0000: 3600.098: [GC [PSYoungGen: 141774K->1484K(139968K)] 706889K->566670K(826944K), 0.0155850 secs] [Times: user=0.11 sys=0.00, real=0.01 secs] 
2014-07-08T20:58:08.111+0000: 3601.758: [GC [PSYoungGen: 139916K->1138K(137216K)] 705102K->566500K(824192K), 0.0179000 secs] [Times: user=0.12 sys=0.00, real=0.01 secs] 
2014-07-08T20:58:09.207+0000: 3602.854: [GC [PSYoungGen: 137202K->1188K(134976K)] 702564K->566638K(821952K), 0.0135980 secs] [Times: user=0.10 sys=0.00, real=0.01 secs] 
2014-07-08T20:58:10.747+0000: 3604.394: [GC [PSYoungGen: 134948K->1128K(132672K)] 700398K->566780K(819648K), 0.0157200 secs] [Times: user=0.11 sys=0.00, real=0.02 secs] 
2014-07-08T20:58:12.195+0000: 3605.842: [GC [PSYoungGen: 132648K->1252K(130624K)] 698300K->567018K(817600K), 0.0122960 secs] [Times: user=0.04 sys=0.01, real=0.01 secs] 
2014-07-08T20:58:13.359+0000: 3607.006: [GC [PSYoungGen: 130596K->1078K(128320K)] 696362K->567036K(815296K), 0.0127710 secs] [Times: user=0.09 sys=0.00, real=0.02 secs] 
2014-07-08T20:58:15.012+0000: 3608.659: [GC [PSYoungGen: 128308K->1388K(126592K)] 694267K->567419K(813568K), 0.0107310 secs] [Times: user=0.06 sys=0.00, real=0.02 secs] 
2014-07-08T20:58:16.212+0000: 3609.859: [GC [PSYoungGen: 126488K->996K(124224K)] 692519K->567358K(811200K), 0.0043810 secs] [Times: user=0.02 sys=0.00, real=0.00 secs] 
2014-07-08T20:58:17.287+0000: 3610.935: [GC [PSYoungGen: 124196K->1262K(122496K)] 690558K->567713K(809472K), 0.0074150 secs] [Times: user=0.05 sys=0.00, real=0.01 secs] 
2014-07-08T20:58:18.576+0000: 3612.223: [GC [PSYoungGen: 122478K->1078K(120384K)] 688929K->567657K(807360K), 0.0180850 secs] [Times: user=0.13 sys=0.00, real=0.02 secs] 
2014-07-08T20:58:20.025+0000: 3613.672: [GC [PSYoungGen: 120374K->1614K(119104K)] 686953K->568273K(806080K), 0.0186660 secs] [Times: user=0.13 sys=0.00, real=0.02 secs] 
2014-07-08T20:58:21.173+0000: 3614.820: [GC [PSYoungGen: 119013K->612K(116288K)] 685672K->567953K(803264K), 0.0102120 secs] [Times: user=0.07 sys=0.00, real=0.01 secs] 
2014-07-08T20:58:22.213+0000: 3615.860: [GC [PSYoungGen: 116260K->1708K(115648K)] 683601K->569113K(802624K), 0.0103920 secs] [Times: user=0.07 sys=0.01, real=0.01 secs] 
2014-07-08T20:58:23.267+0000: 3616.914: [GC [PSYoungGen: 115613K->1132K(137856K)] 683018K->568977K(824832K), 0.0135170 secs] [Times: user=0.09 sys=0.00, real=0.01 secs] 
2014-07-08T20:58:24.795+0000: 3618.442: [GC [PSYoungGen: 137836K->1500K(135872K)] 705681K->569441K(822848K), 0.0074570 secs] [Times: user=0.05 sys=0.00, real=0.00 secs] 
2014-07-08T20:58:26.336+0000: 3619.983: [GC [PSYoungGen: 135836K->1060K(133184K)] 703777K->569299K(820160K), 0.0127150 secs] [Times: user=0.09 sys=0.00, real=0.01 secs] 
2014-07-08T20:58:27.502+0000: 3621.149: [GC [PSYoungGen: 133136K->1220K(131200K)] 701376K->569539K(818176K), 0.0151970 secs] [Times: user=0.10 sys=0.00, real=0.02 secs] 
2014-07-08T20:58:29.126+0000: 3622.773: [GC [PSYoungGen: 131140K->1188K(128960K)] 699459K->569563K(815936K), 0.0153460 secs] [Times: user=0.10 sys=0.00, real=0.01 secs] 
2014-07-08T20:58:30.404+0000: 3624.051: [GC [PSYoungGen: 128932K->1110K(126784K)] 697307K->569533K(813760K), 0.0072140 secs] [Times: user=0.04 sys=0.00, real=0.00 secs] 
2014-07-08T20:58:31.657+0000: 3625.304: [GC [PSYoungGen: 126728K->1250K(124864K)] 695152K->570100K(811840K), 0.0094780 secs] [Times: user=0.06 sys=0.00, real=0.01 secs] 
2014-07-08T20:58:32.536+0000: 3626.183: [GC [PSYoungGen: 124834K->1718K(123328K)] 693684K->570632K(810304K), 0.0099240 secs] [Times: user=0.06 sys=0.00, real=0.01 secs] 
Heap
 PSYoungGen      total 123328K, used 31753K [0x0000000755560000, 0x000000075fcf0000, 0x0000000800000000)
  eden space 121600K, 24% used [0x0000000755560000,0x00000007572b4860,0x000000075cc20000)
  from space 1728K, 99% used [0x000000075fa80000,0x000000075fc2dbb8,0x000000075fc30000)
  to   space 768K, 0% used [0x000000075fc30000,0x000000075fc30000,0x000000075fcf0000)
 ParOldGen       total 686976K, used 568913K [0x0000000600000000, 0x0000000629ee0000, 0x0000000755560000)
  object space 686976K, 82% used [0x0000000600000000,0x0000000622b94648,0x0000000629ee0000)
 PSPermGen       total 21248K, used 11804K [0x00000005f5a00000, 0x00000005f6ec0000, 0x0000000600000000)
  object space 21248K, 55% used [0x00000005f5a00000,0x00000005f6587268,0x00000005f6ec0000)
