2014-07-08T19:58:30.755+0000: 24.402: [GC [PSYoungGen: 257728K->42864K(300608K)] 257728K->57733K(987584K), 0.0897750 secs] [Times: user=0.29 sys=0.04, real=0.09 secs] 
2014-07-08T19:58:31.079+0000: 24.726: [GC [PSYoungGen: 300592K->42864K(300608K)] 315461K->63983K(987584K), 0.0730720 secs] [Times: user=0.25 sys=0.03, real=0.07 secs] 
2014-07-08T19:58:32.252+0000: 25.899: [GC [PSYoungGen: 300592K->42854K(300608K)] 321711K->64101K(987584K), 0.0481860 secs] [Times: user=0.18 sys=0.00, real=0.05 secs] 
2014-07-08T19:58:33.113+0000: 26.760: [GC [PSYoungGen: 300582K->42870K(558336K)] 321829K->65403K(1245312K), 0.0812520 secs] [Times: user=0.29 sys=0.02, real=0.08 secs] 
2014-07-08T19:58:34.787+0000: 28.434: [GC [PSYoungGen: 558326K->42870K(558336K)] 580859K->65923K(1245312K), 0.0882810 secs] [Times: user=0.32 sys=0.03, real=0.09 secs] 
2014-07-08T19:58:36.351+0000: 29.999: [GC [PSYoungGen: 558326K->42994K(1088640K)] 581379K->66047K(1775616K), 0.0706900 secs] [Times: user=0.25 sys=0.02, real=0.07 secs] 
2014-07-08T19:58:39.570+0000: 33.217: [GC [PSYoungGen: 1073906K->2380K(1089472K)] 1096959K->65941K(1776448K), 0.0896090 secs] [Times: user=0.33 sys=0.02, real=0.09 secs] 
2014-07-08T19:58:44.840+0000: 38.487: [GC [PSYoungGen: 1033267K->2304K(2124224K)] 1096829K->66227K(2811200K), 0.0134740 secs] [Times: user=0.03 sys=0.00, real=0.01 secs] 
2014-07-08T19:58:55.757+0000: 49.404: [GC [PSYoungGen: 2059776K->3300K(2128576K)] 2123699K->67575K(2815552K), 0.0487940 secs] [Times: user=0.17 sys=0.01, real=0.05 secs] 
2014-07-08T19:59:06.086+0000: 59.734: [GC [PSYoungGen: 2060772K->3524K(2721216K)] 2125047K->68655K(3408192K), 0.0567180 secs] [Times: user=0.21 sys=0.01, real=0.06 secs] 
2014-07-08T19:59:20.549+0000: 74.196: [GC [PSYoungGen: 2651460K->2610K(2650560K)] 2716591K->70013K(3337536K), 0.0461440 secs] [Times: user=0.15 sys=0.02, real=0.05 secs] 
2014-07-08T19:59:34.152+0000: 87.799: [GC [PSYoungGen: 2650465K->2752K(2722624K)] 2717868K->71595K(3409600K), 0.0614710 secs] [Times: user=0.23 sys=0.01, real=0.06 secs] 
2014-07-08T19:59:47.032+0000: 100.679: [GC [PSYoungGen: 2651200K->2628K(2651136K)] 2720043K->72927K(3338112K), 0.0254270 secs] [Times: user=0.10 sys=0.00, real=0.02 secs] 
2014-07-08T19:59:59.685+0000: 113.332: [GC [PSYoungGen: 2651076K->2436K(2722368K)] 2721375K->74047K(3409344K), 0.0077370 secs] [Times: user=0.03 sys=0.00, real=0.01 secs] 
2014-07-08T20:00:11.926+0000: 125.573: [GC [PSYoungGen: 2652484K->2468K(2531840K)] 2724095K->75319K(3218816K), 0.0240700 secs] [Times: user=0.08 sys=0.01, real=0.02 secs] 
2014-07-08T20:00:24.205+0000: 137.852: [GC [PSYoungGen: 2531812K->2628K(2417280K)] 2604663K->76711K(3104256K), 0.0458730 secs] [Times: user=0.16 sys=0.01, real=0.04 secs] 
2014-07-08T20:00:35.894+0000: 149.542: [GC [PSYoungGen: 2417220K->2322K(2307904K)] 2491303K->77693K(2994880K), 0.0096700 secs] [Times: user=0.03 sys=0.01, real=0.01 secs] 
2014-07-08T20:00:47.047+0000: 160.695: [GC [PSYoungGen: 2307858K->2290K(2204160K)] 2383229K->78813K(2891136K), 0.0278620 secs] [Times: user=0.07 sys=0.01, real=0.02 secs] 
2014-07-08T20:00:57.414+0000: 171.061: [GC [PSYoungGen: 2204146K->2390K(2164608K)] 2280669K->80009K(2851584K), 0.0315230 secs] [Times: user=0.12 sys=0.00, real=0.03 secs] 
2014-07-08T20:01:07.475+0000: 181.122: [GC [PSYoungGen: 2105750K->2258K(2012032K)] 2183369K->80925K(2699008K), 0.0511910 secs] [Times: user=0.17 sys=0.00, real=0.05 secs] 
2014-07-08T20:01:17.174+0000: 190.821: [GC [PSYoungGen: 2011986K->2262K(1976512K)] 2090653K->81897K(2663488K), 0.0171630 secs] [Times: user=0.04 sys=0.00, real=0.01 secs] 
2014-07-08T20:01:26.969+0000: 200.616: [GC [PSYoungGen: 1922966K->2112K(1838144K)] 2002601K->82731K(2525120K), 0.0332080 secs] [Times: user=0.09 sys=0.01, real=0.03 secs] 
2014-07-08T20:01:36.865+0000: 210.512: [GC [PSYoungGen: 1838088K->2294K(1805952K)] 1918708K->83897K(2492928K), 0.0281390 secs] [Times: user=0.09 sys=0.00, real=0.03 secs] 
2014-07-08T20:01:46.511+0000: 220.158: [GC [PSYoungGen: 1757878K->2226K(1681344K)] 1839481K->84797K(2368320K), 0.0401760 secs] [Times: user=0.13 sys=0.01, real=0.04 secs] 
2014-07-08T20:01:56.065+0000: 229.712: [GC [PSYoungGen: 1681330K->2098K(1651328K)] 1763901K->85613K(2338304K), 0.0075350 secs] [Times: user=0.03 sys=0.00, real=0.01 secs] 
2014-07-08T20:02:04.907+0000: 238.554: [GC [PSYoungGen: 1608390K->2102K(1539264K)] 1691905K->86537K(2226240K), 0.0363920 secs] [Times: user=0.12 sys=0.00, real=0.04 secs] 
2014-07-08T20:02:13.498+0000: 247.145: [GC [PSYoungGen: 1539254K->2116K(1511360K)] 1623689K->87407K(2198336K), 0.0200170 secs] [Times: user=0.07 sys=0.00, real=0.02 secs] 
2014-07-08T20:02:21.907+0000: 255.554: [GC [PSYoungGen: 1473476K->1956K(1410752K)] 1558767K->88071K(2097728K), 0.0226760 secs] [Times: user=0.07 sys=0.01, real=0.02 secs] 
2014-07-08T20:02:29.530+0000: 263.177: [GC [PSYoungGen: 1410724K->2066K(1384576K)] 1496839K->88973K(2071552K), 0.0248750 secs] [Times: user=0.09 sys=0.00, real=0.03 secs] 
2014-07-08T20:02:37.044+0000: 270.691: [GC [PSYoungGen: 1351314K->2020K(1294656K)] 1438221K->89711K(1981632K), 0.0107970 secs] [Times: user=0.02 sys=0.01, real=0.02 secs] 
2014-07-08T20:02:44.157+0000: 277.804: [GC [PSYoungGen: 1294628K->2006K(1269888K)] 1382319K->90457K(1956864K), 0.0163620 secs] [Times: user=0.05 sys=0.00, real=0.01 secs] 
2014-07-08T20:02:51.153+0000: 284.800: [GC [PSYoungGen: 1240790K->1714K(1189248K)] 1329241K->90853K(1876224K), 0.0296970 secs] [Times: user=0.10 sys=0.01, real=0.03 secs] 
2014-07-08T20:02:57.857+0000: 291.504: [GC [PSYoungGen: 1189234K->1824K(1166080K)] 1278373K->91571K(1853056K), 0.0107870 secs] [Times: user=0.02 sys=0.00, real=0.01 secs] 
2014-07-08T20:03:04.150+0000: 297.797: [GC [PSYoungGen: 1140576K->1864K(1094272K)] 1230323K->92323K(1781248K), 0.0214220 secs] [Times: user=0.07 sys=0.00, real=0.02 secs] 
2014-07-08T20:03:10.142+0000: 303.789: [GC [PSYoungGen: 1094216K->1632K(1049856K)] 1184675K->92707K(1736832K), 0.0074350 secs] [Times: user=0.03 sys=0.00, real=0.01 secs] 
2014-07-08T20:03:16.277+0000: 309.924: [GC [PSYoungGen: 1049824K->1910K(1008064K)] 1140899K->93537K(1695040K), 0.0094530 secs] [Times: user=0.01 sys=0.01, real=0.01 secs] 
2014-07-08T20:03:21.968+0000: 315.615: [GC [PSYoungGen: 1008054K->1682K(967872K)] 1099681K->93933K(1654848K), 0.0133130 secs] [Times: user=0.04 sys=0.00, real=0.02 secs] 
2014-07-08T20:03:27.205+0000: 320.852: [GC [PSYoungGen: 967826K->1896K(929984K)] 1060077K->94651K(1616960K), 0.0356470 secs] [Times: user=0.13 sys=0.00, real=0.03 secs] 
2014-07-08T20:03:32.519+0000: 326.166: [GC [PSYoungGen: 929921K->1782K(893568K)] 1022677K->95153K(1580544K), 0.0135470 secs] [Times: user=0.04 sys=0.00, real=0.01 secs] 
2014-07-08T20:03:37.270+0000: 330.918: [GC [PSYoungGen: 893558K->1810K(859072K)] 986929K->95653K(1546048K), 0.0205590 secs] [Times: user=0.07 sys=0.00, real=0.02 secs] 
2014-07-08T20:03:42.116+0000: 335.764: [GC [PSYoungGen: 858952K->1600K(825920K)] 952795K->95979K(1512896K), 0.0156700 secs] [Times: user=0.06 sys=0.01, real=0.01 secs] 
2014-07-08T20:03:46.919+0000: 340.566: [GC [PSYoungGen: 825920K->1696K(794688K)] 920299K->96523K(1481664K), 0.0194660 secs] [Times: user=0.07 sys=0.01, real=0.02 secs] 
2014-07-08T20:03:51.196+0000: 344.843: [GC [PSYoungGen: 794656K->1508K(764608K)] 889483K->96847K(1451584K), 0.0074310 secs] [Times: user=0.02 sys=0.00, real=0.00 secs] 
2014-07-08T20:03:55.505+0000: 349.152: [GC [PSYoungGen: 764580K->1650K(736256K)] 859919K->97349K(1423232K), 0.0125830 secs] [Times: user=0.04 sys=0.00, real=0.02 secs] 
2014-07-08T20:03:59.438+0000: 353.085: [GC [PSYoungGen: 736242K->1636K(709120K)] 831941K->97815K(1396096K), 0.0363160 secs] [Times: user=0.13 sys=0.01, real=0.03 secs] 
2014-07-08T20:04:03.263+0000: 356.910: [GC [PSYoungGen: 708996K->1686K(683264K)] 805175K->98273K(1370240K), 0.0313440 secs] [Times: user=0.12 sys=0.01, real=0.03 secs] 
2014-07-08T20:04:07.137+0000: 360.784: [GC [PSYoungGen: 683218K->1618K(658496K)] 779806K->98589K(1345472K), 0.0108990 secs] [Times: user=0.02 sys=0.00, real=0.02 secs] 
2014-07-08T20:04:10.853+0000: 364.500: [GC [PSYoungGen: 658450K->1608K(634944K)] 755421K->98987K(1321920K), 0.0161190 secs] [Times: user=0.06 sys=0.00, real=0.02 secs] 
2014-07-08T20:04:14.174+0000: 367.821: [GC [PSYoungGen: 634818K->1650K(612480K)] 732197K->99341K(1299456K), 0.0377030 secs] [Times: user=0.14 sys=0.00, real=0.04 secs] 
2014-07-08T20:04:17.615+0000: 371.262: [GC [PSYoungGen: 612379K->1568K(590976K)] 710070K->99691K(1277952K), 0.0143930 secs] [Times: user=0.02 sys=0.00, real=0.02 secs] 
2014-07-08T20:04:20.765+0000: 374.412: [GC [PSYoungGen: 590944K->1394K(570304K)] 689067K->99869K(1257280K), 0.0218360 secs] [Times: user=0.08 sys=0.01, real=0.02 secs] 
2014-07-08T20:04:23.785+0000: 377.432: [GC [PSYoungGen: 570290K->1654K(551040K)] 668765K->100385K(1238016K), 0.0294420 secs] [Times: user=0.10 sys=0.01, real=0.03 secs] 
2014-07-08T20:04:26.385+0000: 380.032: [GC [PSYoungGen: 551030K->1344K(532032K)] 649761K->100459K(1219008K), 0.0072530 secs] [Times: user=0.03 sys=0.00, real=0.01 secs] 
2014-07-08T20:04:29.052+0000: 382.699: [GC [PSYoungGen: 532031K->1444K(514304K)] 631146K->100807K(1201280K), 0.0072070 secs] [Times: user=0.02 sys=0.00, real=0.00 secs] 
2014-07-08T20:04:31.589+0000: 385.236: [GC [PSYoungGen: 514276K->1280K(497088K)] 613639K->100907K(1184064K), 0.0075170 secs] [Times: user=0.03 sys=0.00, real=0.01 secs] 
2014-07-08T20:04:33.994+0000: 387.641: [GC [PSYoungGen: 497088K->1504K(481088K)] 596715K->101339K(1168064K), 0.0061320 secs] [Times: user=0.01 sys=0.00, real=0.00 secs] 
2014-07-08T20:04:36.490+0000: 390.137: [GC [PSYoungGen: 481056K->1312K(465344K)] 580891K->101507K(1152320K), 0.0344910 secs] [Times: user=0.13 sys=0.00, real=0.04 secs] 
2014-07-08T20:04:38.909+0000: 392.556: [GC [PSYoungGen: 465312K->1344K(450432K)] 565507K->101795K(1137408K), 0.0100830 secs] [Times: user=0.02 sys=0.00, real=0.01 secs] 
2014-07-08T20:04:41.328+0000: 394.975: [GC [PSYoungGen: 450432K->1348K(436288K)] 550883K->102031K(1123264K), 0.0054140 secs] [Times: user=0.01 sys=0.00, real=0.01 secs] 
2014-07-08T20:04:43.586+0000: 397.234: [GC [PSYoungGen: 436228K->1772K(423040K)] 536911K->102647K(1110016K), 0.0286250 secs] [Times: user=0.10 sys=0.00, real=0.03 secs] 
2014-07-08T20:04:45.597+0000: 399.244: [GC [PSYoungGen: 423017K->1362K(409600K)] 523892K->102549K(1096576K), 0.0098050 secs] [Times: user=0.01 sys=0.01, real=0.01 secs] 
2014-07-08T20:04:47.581+0000: 401.228: [GC [PSYoungGen: 409554K->1348K(397120K)] 510741K->102759K(1084096K), 0.0171100 secs] [Times: user=0.05 sys=0.00, real=0.02 secs] 
2014-07-08T20:04:49.808+0000: 403.455: [GC [PSYoungGen: 397052K->1444K(385216K)] 498464K->103031K(1072192K), 0.0154480 secs] [Times: user=0.06 sys=0.00, real=0.01 secs] 
2014-07-08T20:04:51.924+0000: 405.571: [GC [PSYoungGen: 385188K->1266K(373568K)] 486775K->103053K(1060544K), 0.0080740 secs] [Times: user=0.01 sys=0.00, real=0.01 secs] 
2014-07-08T20:04:53.847+0000: 407.494: [GC [PSYoungGen: 373554K->1440K(362816K)] 475341K->103427K(1049792K), 0.0213970 secs] [Times: user=0.07 sys=0.00, real=0.02 secs] 
2014-07-08T20:04:55.695+0000: 409.342: [GC [PSYoungGen: 362729K->1494K(352384K)] 464717K->103769K(1039360K), 0.0051950 secs] [Times: user=0.02 sys=0.00, real=0.00 secs] 
2014-07-08T20:04:57.464+0000: 411.111: [GC [PSYoungGen: 352304K->1362K(342144K)] 454580K->103845K(1029120K), 0.0095160 secs] [Times: user=0.03 sys=0.00, real=0.01 secs] 
2014-07-08T20:04:59.122+0000: 412.769: [GC [PSYoungGen: 342098K->1266K(332352K)] 444581K->103933K(1019328K), 0.0044280 secs] [Times: user=0.01 sys=0.00, real=0.01 secs] 
2014-07-08T20:05:00.930+0000: 414.577: [GC [PSYoungGen: 332300K->1416K(323264K)] 434968K->104259K(1010240K), 0.0129180 secs] [Times: user=0.05 sys=0.00, real=0.01 secs] 
2014-07-08T20:05:02.432+0000: 416.079: [GC [PSYoungGen: 323208K->1412K(314368K)] 426051K->104391K(1001344K), 0.0094760 secs] [Times: user=0.04 sys=0.00, real=0.01 secs] 
2014-07-08T20:05:04.017+0000: 417.665: [GC [PSYoungGen: 314305K->1362K(305728K)] 417284K->104541K(992704K), 0.0229090 secs] [Times: user=0.08 sys=0.00, real=0.02 secs] 
2014-07-08T20:05:05.533+0000: 419.180: [GC [PSYoungGen: 305682K->1298K(297472K)] 408861K->104733K(984448K), 0.0240640 secs] [Times: user=0.08 sys=0.01, real=0.03 secs] 
2014-07-08T20:05:07.009+0000: 420.656: [GC [PSYoungGen: 297426K->1380K(289664K)] 400861K->104983K(976640K), 0.0069190 secs] [Times: user=0.02 sys=0.00, real=0.00 secs] 
2014-07-08T20:05:08.488+0000: 422.135: [GC [PSYoungGen: 289636K->1330K(282048K)] 393239K->105093K(969024K), 0.0103810 secs] [Times: user=0.04 sys=0.00, real=0.01 secs] 
2014-07-08T20:05:09.958+0000: 423.605: [GC [PSYoungGen: 282034K->1448K(274880K)] 385797K->105371K(961856K), 0.0140910 secs] [Times: user=0.05 sys=0.00, real=0.01 secs] 
2014-07-08T20:05:11.246+0000: 424.893: [GC [PSYoungGen: 274856K->1316K(267776K)] 378779K->105375K(954752K), 0.0115090 secs] [Times: user=0.04 sys=0.00, real=0.01 secs] 
2014-07-08T20:05:12.663+0000: 426.310: [GC [PSYoungGen: 267748K->1426K(261184K)] 371807K->105613K(948160K), 0.0112070 secs] [Times: user=0.03 sys=0.01, real=0.01 secs] 
2014-07-08T20:05:14.159+0000: 427.806: [GC [PSYoungGen: 261138K->1398K(254656K)] 365325K->105769K(941632K), 0.0054990 secs] [Times: user=0.01 sys=0.01, real=0.00 secs] 
2014-07-08T20:05:15.352+0000: 428.999: [GC [PSYoungGen: 254646K->1348K(305344K)] 359017K->105943K(992320K), 0.0384260 secs] [Times: user=0.14 sys=0.01, real=0.04 secs] 
2014-07-08T20:05:17.036+0000: 430.683: [GC [PSYoungGen: 305284K->1416K(366208K)] 409879K->106147K(1053184K), 0.0077210 secs] [Times: user=0.02 sys=0.00, real=0.01 secs] 
2014-07-08T20:05:19.040+0000: 432.687: [GC [PSYoungGen: 366152K->1476K(439232K)] 470883K->106367K(1126208K), 0.0269270 secs] [Times: user=0.10 sys=0.00, real=0.02 secs] 
2014-07-08T20:05:21.059+0000: 434.706: [GC [PSYoungGen: 439172K->996K(424960K)] 544063K->106343K(1111936K), 0.0079900 secs] [Times: user=0.01 sys=0.00, real=0.00 secs] 
2014-07-08T20:05:23.179+0000: 436.826: [GC [PSYoungGen: 424932K->1440K(412288K)] 530279K->106947K(1099264K), 0.0117700 secs] [Times: user=0.04 sys=0.01, real=0.02 secs] 
2014-07-08T20:05:25.321+0000: 438.968: [GC [PSYoungGen: 412256K->1380K(399616K)] 517763K->107279K(1086592K), 0.0118660 secs] [Times: user=0.03 sys=0.00, real=0.01 secs] 
2014-07-08T20:05:27.204+0000: 440.851: [GC [PSYoungGen: 399586K->1448K(387648K)] 505485K->107587K(1074624K), 0.0040890 secs] [Times: user=0.01 sys=0.00, real=0.00 secs] 
2014-07-08T20:05:29.091+0000: 442.738: [GC [PSYoungGen: 387624K->1138K(375808K)] 493763K->107549K(1062784K), 0.0061780 secs] [Times: user=0.02 sys=0.00, real=0.00 secs] 
2014-07-08T20:05:31.055+0000: 444.702: [GC [PSYoungGen: 375794K->1266K(364864K)] 482205K->107853K(1051840K), 0.0055350 secs] [Times: user=0.01 sys=0.00, real=0.00 secs] 
2014-07-08T20:05:33.149+0000: 446.796: [GC [PSYoungGen: 364850K->1426K(354432K)] 471437K->108189K(1041408K), 0.0248840 secs] [Times: user=0.09 sys=0.01, real=0.03 secs] 
2014-07-08T20:05:34.906+0000: 448.553: [GC [PSYoungGen: 354386K->1362K(344192K)] 461149K->108413K(1031168K), 0.0065160 secs] [Times: user=0.01 sys=0.00, real=0.01 secs] 
2014-07-08T20:05:36.469+0000: 450.116: [GC [PSYoungGen: 344146K->882K(412288K)] 451197K->108469K(1099264K), 0.0380070 secs] [Times: user=0.14 sys=0.00, real=0.04 secs] 
2014-07-08T20:05:38.870+0000: 452.517: [GC [PSYoungGen: 412274K->1394K(400192K)] 519861K->109125K(1087168K), 0.0056400 secs] [Times: user=0.02 sys=0.00, real=0.01 secs] 
2014-07-08T20:05:41.094+0000: 454.741: [GC [PSYoungGen: 400178K->1330K(388032K)] 507909K->109397K(1075008K), 0.0144230 secs] [Times: user=0.05 sys=0.00, real=0.01 secs] 
2014-07-08T20:05:42.994+0000: 456.641: [GC [PSYoungGen: 388018K->1476K(465600K)] 496085K->109743K(1152576K), 0.0426230 secs] [Times: user=0.15 sys=0.00, real=0.04 secs] 
2014-07-08T20:05:45.509+0000: 459.156: [GC [PSYoungGen: 465537K->754K(557696K)] 573804K->109861K(1244672K), 0.0297330 secs] [Times: user=0.11 sys=0.00, real=0.03 secs] 
2014-07-08T20:05:48.290+0000: 461.937: [GC [PSYoungGen: 557676K->1618K(539584K)] 666784K->110989K(1226560K), 0.0107470 secs] [Times: user=0.03 sys=0.00, real=0.01 secs] 
2014-07-08T20:05:51.135+0000: 464.782: [GC [PSYoungGen: 539538K->1188K(520960K)] 648909K->111103K(1207936K), 0.0074490 secs] [Times: user=0.01 sys=0.00, real=0.00 secs] 
2014-07-08T20:05:53.928+0000: 467.575: [GC [PSYoungGen: 520908K->1622K(504064K)] 630823K->111769K(1191040K), 0.0069780 secs] [Times: user=0.02 sys=0.00, real=0.01 secs] 
2014-07-08T20:05:56.412+0000: 470.059: [GC [PSYoungGen: 504022K->1010K(486848K)] 614169K->111957K(1173824K), 0.0175110 secs] [Times: user=0.06 sys=0.01, real=0.02 secs] 
2014-07-08T20:05:58.984+0000: 472.631: [GC [PSYoungGen: 486834K->1408K(471424K)] 597781K->112579K(1158400K), 0.0059390 secs] [Times: user=0.01 sys=0.00, real=0.01 secs] 
2014-07-08T20:06:01.839+0000: 475.486: [GC [PSYoungGen: 471424K->1558K(456448K)] 582595K->113073K(1143424K), 0.0427730 secs] [Times: user=0.16 sys=0.00, real=0.04 secs] 
2014-07-08T20:06:04.207+0000: 477.854: [GC [PSYoungGen: 456406K->1554K(441984K)] 567921K->113325K(1128960K), 0.0115250 secs] [Times: user=0.02 sys=0.00, real=0.01 secs] 
2014-07-08T20:06:06.866+0000: 480.513: [GC [PSYoungGen: 441938K->690K(427200K)] 553709K->113453K(1114176K), 0.0059570 secs] [Times: user=0.01 sys=0.00, real=0.01 secs] 
2014-07-08T20:06:09.207+0000: 482.854: [GC [PSYoungGen: 427186K->1522K(414784K)] 539949K->114549K(1101760K), 0.0182000 secs] [Times: user=0.06 sys=0.00, real=0.01 secs] 
2014-07-08T20:06:11.372+0000: 485.019: [GC [PSYoungGen: 414770K->1394K(401984K)] 527797K->114789K(1088960K), 0.0121420 secs] [Times: user=0.04 sys=0.00, real=0.01 secs] 
2014-07-08T20:06:13.879+0000: 487.526: [GC [PSYoungGen: 401970K->1604K(390080K)] 515365K->115191K(1077056K), 0.0144540 secs] [Times: user=0.04 sys=0.00, real=0.01 secs] 
2014-07-08T20:06:16.002+0000: 489.649: [GC [PSYoungGen: 390020K->832K(377600K)] 503607K->115195K(1064576K), 0.0095740 secs] [Times: user=0.02 sys=0.00, real=0.01 secs] 
2014-07-08T20:06:18.221+0000: 491.868: [GC [PSYoungGen: 377593K->1676K(367360K)] 491956K->116239K(1054336K), 0.0101240 secs] [Times: user=0.04 sys=0.00, real=0.01 secs] 
2014-07-08T20:06:20.242+0000: 493.889: [GC [PSYoungGen: 367308K->1202K(356160K)] 481871K->116149K(1043136K), 0.0097090 secs] [Times: user=0.03 sys=0.01, real=0.01 secs] 
2014-07-08T20:06:22.230+0000: 495.878: [GC [PSYoungGen: 356146K->1380K(346112K)] 471093K->116487K(1033088K), 0.0063200 secs] [Times: user=0.02 sys=0.00, real=0.00 secs] 
2014-07-08T20:06:24.165+0000: 497.812: [GC [PSYoungGen: 346084K->1138K(336000K)] 461191K->116677K(1022976K), 0.0140060 secs] [Times: user=0.06 sys=0.00, real=0.02 secs] 
2014-07-08T20:06:26.124+0000: 499.771: [GC [PSYoungGen: 335984K->1362K(326848K)] 451523K->117181K(1013824K), 0.0196600 secs] [Times: user=0.07 sys=0.00, real=0.02 secs] 
2014-07-08T20:06:28.103+0000: 501.750: [GC [PSYoungGen: 326802K->1202K(317632K)] 442621K->117325K(1004608K), 0.0081680 secs] [Times: user=0.02 sys=0.00, real=0.01 secs] 
2014-07-08T20:06:29.726+0000: 503.373: [GC [PSYoungGen: 317585K->1594K(309312K)] 433708K->117917K(996288K), 0.0127740 secs] [Times: user=0.04 sys=0.01, real=0.01 secs] 
2014-07-08T20:06:31.309+0000: 504.956: [GC [PSYoungGen: 309233K->950K(300352K)] 425556K->117857K(987328K), 0.0074000 secs] [Times: user=0.02 sys=0.00, real=0.01 secs] 
2014-07-08T20:06:33.223+0000: 506.870: [GC [PSYoungGen: 300342K->1590K(292992K)] 417249K->118609K(979968K), 0.0073590 secs] [Times: user=0.02 sys=0.00, real=0.01 secs] 
2014-07-08T20:06:34.873+0000: 508.520: [GC [PSYoungGen: 292981K->1074K(284800K)] 410001K->118669K(971776K), 0.0048650 secs] [Times: user=0.02 sys=0.00, real=0.00 secs] 
2014-07-08T20:06:36.393+0000: 510.040: [GC [PSYoungGen: 284786K->1312K(277632K)] 402381K->119115K(964608K), 0.0060700 secs] [Times: user=0.03 sys=0.01, real=0.00 secs] 
2014-07-08T20:06:38.070+0000: 511.717: [GC [PSYoungGen: 277596K->1188K(270400K)] 395399K->119343K(957376K), 0.0131740 secs] [Times: user=0.05 sys=0.00, real=0.02 secs] 
2014-07-08T20:06:39.459+0000: 513.106: [GC [PSYoungGen: 270301K->1416K(263808K)] 388456K->119731K(950784K), 0.0267860 secs] [Times: user=0.10 sys=0.00, real=0.03 secs] 
2014-07-08T20:06:41.087+0000: 514.734: [GC [PSYoungGen: 263752K->960K(256704K)] 382067K->119899K(943680K), 0.0091350 secs] [Times: user=0.01 sys=0.00, real=0.01 secs] 
2014-07-08T20:06:42.266+0000: 515.913: [GC [PSYoungGen: 256704K->1458K(308416K)] 375643K->120509K(995392K), 0.0343200 secs] [Times: user=0.13 sys=0.00, real=0.03 secs] 
2014-07-08T20:06:44.148+0000: 517.795: [GC [PSYoungGen: 308402K->1192K(369600K)] 427453K->120755K(1056576K), 0.0061700 secs] [Times: user=0.02 sys=0.01, real=0.01 secs] 
2014-07-08T20:06:46.248+0000: 519.895: [GC [PSYoungGen: 369573K->1508K(359104K)] 489136K->121327K(1046080K), 0.0093670 secs] [Times: user=0.02 sys=0.01, real=0.01 secs] 
2014-07-08T20:06:48.259+0000: 521.906: [GC [PSYoungGen: 359076K->1024K(348224K)] 478895K->121347K(1035200K), 0.0182500 secs] [Times: user=0.05 sys=0.00, real=0.02 secs] 
2014-07-08T20:06:50.087+0000: 523.734: [GC [PSYoungGen: 348224K->1380K(338688K)] 468547K->121903K(1025664K), 0.0067970 secs] [Times: user=0.02 sys=0.01, real=0.01 secs] 
2014-07-08T20:06:52.179+0000: 525.826: [GC [PSYoungGen: 338660K->1216K(328960K)] 459183K->121995K(1015936K), 0.0119840 secs] [Times: user=0.04 sys=0.00, real=0.01 secs] 
2014-07-08T20:06:54.011+0000: 527.658: [GC [PSYoungGen: 328960K->1490K(394880K)] 449739K->122477K(1081856K), 0.0376100 secs] [Times: user=0.13 sys=0.00, real=0.04 secs] 
2014-07-08T20:06:56.184+0000: 529.831: [GC [PSYoungGen: 394834K->886K(382400K)] 515821K->122649K(1069376K), 0.0056910 secs] [Times: user=0.02 sys=0.01, real=0.01 secs] 
2014-07-08T20:06:58.248+0000: 531.895: [GC [PSYoungGen: 382390K->1444K(371648K)] 504153K->123407K(1058624K), 0.0063470 secs] [Times: user=0.02 sys=0.00, real=0.01 secs] 
2014-07-08T20:07:00.275+0000: 533.922: [GC [PSYoungGen: 371604K->1280K(445504K)] 493568K->123587K(1132480K), 0.0512360 secs] [Times: user=0.20 sys=0.00, real=0.05 secs] 
2014-07-08T20:07:03.001+0000: 536.648: [GC [PSYoungGen: 445501K->1540K(534720K)] 567808K->124023K(1221696K), 0.0197530 secs] [Times: user=0.07 sys=0.00, real=0.02 secs] 
2014-07-08T20:07:05.986+0000: 539.633: [GC [PSYoungGen: 534660K->768K(515968K)] 657143K->124211K(1202944K), 0.0204640 secs] [Times: user=0.08 sys=0.01, real=0.02 secs] 
2014-07-08T20:07:08.773+0000: 542.420: [GC [PSYoungGen: 515968K->1818K(620096K)] 639411K->125597K(1307072K), 0.0425270 secs] [Times: user=0.16 sys=0.00, real=0.05 secs] 
2014-07-08T20:07:12.295+0000: 545.942: [GC [PSYoungGen: 620001K->1124K(743040K)] 743780K->125719K(1430016K), 0.0306380 secs] [Times: user=0.11 sys=0.00, real=0.04 secs] 
2014-07-08T20:07:16.399+0000: 550.046: [GC [PSYoungGen: 743012K->1778K(892096K)] 867607K->126693K(1579072K), 0.0419830 secs] [Times: user=0.16 sys=0.00, real=0.04 secs] 
2014-07-08T20:07:21.408+0000: 555.055: [GC [PSYoungGen: 892082K->1078K(856896K)] 1016997K->127081K(1543872K), 0.0365970 secs] [Times: user=0.14 sys=0.00, real=0.03 secs] 
2014-07-08T20:07:26.180+0000: 559.828: [GC [PSYoungGen: 856878K->1996K(825024K)] 982881K->128415K(1512000K), 0.0268490 secs] [Times: user=0.09 sys=0.00, real=0.02 secs] 
2014-07-08T20:07:31.120+0000: 564.767: [GC [PSYoungGen: 824972K->1270K(792960K)] 951391K->128657K(1479936K), 0.0256530 secs] [Times: user=0.09 sys=0.01, real=0.02 secs] 
2014-07-08T20:07:35.418+0000: 569.065: [GC [PSYoungGen: 792950K->1714K(763584K)] 920337K->129501K(1450560K), 0.0090090 secs] [Times: user=0.02 sys=0.00, real=0.01 secs] 
2014-07-08T20:07:39.657+0000: 573.304: [GC [PSYoungGen: 763570K->1700K(735168K)] 891357K->130047K(1422144K), 0.0257480 secs] [Times: user=0.10 sys=0.00, real=0.03 secs] 
2014-07-08T20:07:44.052+0000: 577.699: [GC [PSYoungGen: 735140K->1696K(708032K)] 863487K->130459K(1395008K), 0.0132960 secs] [Times: user=0.04 sys=0.00, real=0.01 secs] 
2014-07-08T20:07:47.929+0000: 581.576: [GC [PSYoungGen: 708000K->1202K(681664K)] 836763K->130849K(1368640K), 0.0263880 secs] [Times: user=0.10 sys=0.00, real=0.03 secs] 
2014-07-08T20:07:51.740+0000: 585.387: [GC [PSYoungGen: 681650K->1700K(657536K)] 811297K->131739K(1344512K), 0.0235530 secs] [Times: user=0.09 sys=0.00, real=0.03 secs] 
2014-07-08T20:07:55.338+0000: 588.985: [GC [PSYoungGen: 657484K->1686K(634048K)] 787524K->132109K(1321024K), 0.0214340 secs] [Times: user=0.08 sys=0.00, real=0.02 secs] 
2014-07-08T20:07:59.107+0000: 592.754: [GC [PSYoungGen: 634006K->1750K(611712K)] 764429K->132597K(1298688K), 0.0591870 secs] [Times: user=0.22 sys=0.00, real=0.06 secs] 
2014-07-08T20:08:02.344+0000: 595.991: [GC [PSYoungGen: 611670K->1010K(589568K)] 742517K->132609K(1276544K), 0.0159050 secs] [Times: user=0.06 sys=0.00, real=0.01 secs] 
2014-07-08T20:08:05.521+0000: 599.168: [GC [PSYoungGen: 589554K->1650K(569792K)] 721153K->133545K(1256768K), 0.0371590 secs] [Times: user=0.13 sys=0.00, real=0.04 secs] 
2014-07-08T20:08:08.760+0000: 602.407: [GC [PSYoungGen: 569778K->1490K(550144K)] 701673K->133833K(1237120K), 0.0444240 secs] [Times: user=0.17 sys=0.00, real=0.04 secs] 
2014-07-08T20:08:12.192+0000: 605.839: [GC [PSYoungGen: 550053K->1490K(531520K)] 682397K->134153K(1218496K), 0.0351510 secs] [Times: user=0.14 sys=0.00, real=0.04 secs] 
2014-07-08T20:08:14.972+0000: 608.619: [GC [PSYoungGen: 531474K->1344K(513536K)] 664137K->134359K(1200512K), 0.0144890 secs] [Times: user=0.03 sys=0.00, real=0.02 secs] 
2014-07-08T20:08:17.920+0000: 611.567: [GC [PSYoungGen: 513495K->1458K(496640K)] 646511K->134825K(1183616K), 0.0192050 secs] [Times: user=0.06 sys=0.01, real=0.02 secs] 
2014-07-08T20:08:20.531+0000: 614.178: [GC [PSYoungGen: 496626K->1394K(480320K)] 629993K->135073K(1167296K), 0.0282540 secs] [Times: user=0.11 sys=0.00, real=0.03 secs] 
2014-07-08T20:08:23.351+0000: 616.998: [GC [PSYoungGen: 480306K->1640K(465024K)] 613985K->135551K(1152000K), 0.0087260 secs] [Times: user=0.02 sys=0.01, real=0.01 secs] 
2014-07-08T20:08:26.030+0000: 619.678: [GC [PSYoungGen: 464996K->1202K(449728K)] 598908K->135689K(1136704K), 0.0121960 secs] [Times: user=0.04 sys=0.00, real=0.01 secs] 
2014-07-08T20:08:28.427+0000: 622.074: [GC [PSYoungGen: 449714K->1608K(435968K)] 584201K->136375K(1122944K), 0.0184090 secs] [Times: user=0.07 sys=0.00, real=0.02 secs] 
2014-07-08T20:08:31.082+0000: 624.729: [GC [PSYoungGen: 435912K->1380K(422144K)] 570679K->136459K(1109120K), 0.0098870 secs] [Times: user=0.03 sys=0.00, real=0.01 secs] 
2014-07-08T20:08:33.145+0000: 626.793: [GC [PSYoungGen: 422116K->1394K(409152K)] 557195K->136657K(1096128K), 0.0072040 secs] [Times: user=0.02 sys=0.00, real=0.01 secs] 
2014-07-08T20:08:35.490+0000: 629.137: [GC [PSYoungGen: 409138K->1316K(396608K)] 544401K->136989K(1083584K), 0.0139130 secs] [Times: user=0.04 sys=0.01, real=0.01 secs] 
2014-07-08T20:08:37.983+0000: 631.630: [GC [PSYoungGen: 396574K->1508K(384896K)] 532248K->137429K(1071872K), 0.0324200 secs] [Times: user=0.12 sys=0.00, real=0.03 secs] 
2014-07-08T20:08:40.202+0000: 633.849: [GC [PSYoungGen: 384868K->1270K(373184K)] 520789K->137535K(1060160K), 0.0315600 secs] [Times: user=0.12 sys=0.00, real=0.03 secs] 
2014-07-08T20:08:42.257+0000: 635.904: [GC [PSYoungGen: 373174K->1440K(362432K)] 509439K->137897K(1049408K), 0.0144090 secs] [Times: user=0.02 sys=0.00, real=0.02 secs] 
2014-07-08T20:08:44.253+0000: 637.900: [GC [PSYoungGen: 362400K->1274K(351744K)] 498857K->138211K(1038720K), 0.0059200 secs] [Times: user=0.02 sys=0.00, real=0.00 secs] 
2014-07-08T20:08:46.274+0000: 639.921: [GC [PSYoungGen: 351738K->1394K(341824K)] 488675K->138611K(1028800K), 0.0055040 secs] [Times: user=0.02 sys=0.00, real=0.00 secs] 
2014-07-08T20:08:48.316+0000: 641.963: [GC [PSYoungGen: 341797K->1320K(332096K)] 479015K->139017K(1019072K), 0.0083090 secs] [Times: user=0.02 sys=0.00, real=0.01 secs] 
2014-07-08T20:08:50.228+0000: 643.876: [GC [PSYoungGen: 332072K->1366K(322880K)] 469769K->139255K(1009856K), 0.0095340 secs] [Times: user=0.03 sys=0.00, real=0.01 secs] 
2014-07-08T20:08:51.930+0000: 645.577: [GC [PSYoungGen: 322832K->1362K(313984K)] 460722K->139459K(1000960K), 0.0103360 secs] [Times: user=0.03 sys=0.00, real=0.01 secs] 
2014-07-08T20:08:53.607+0000: 647.254: [GC [PSYoungGen: 313938K->1490K(305600K)] 452035K->139731K(992576K), 0.0144070 secs] [Times: user=0.04 sys=0.00, real=0.02 secs] 
2014-07-08T20:08:55.165+0000: 648.812: [GC [PSYoungGen: 305554K->1202K(297088K)] 443795K->139731K(984064K), 0.0057890 secs] [Times: user=0.01 sys=0.00, real=0.00 secs] 
2014-07-08T20:08:57.001+0000: 650.648: [GC [PSYoungGen: 297072K->1280K(289280K)] 435602K->139985K(976256K), 0.0059300 secs] [Times: user=0.01 sys=0.00, real=0.01 secs] 
2014-07-08T20:08:58.340+0000: 651.987: [GC [PSYoungGen: 289278K->1394K(347008K)] 427984K->140291K(1033984K), 0.0404710 secs] [Times: user=0.15 sys=0.00, real=0.04 secs] 
2014-07-08T20:09:00.333+0000: 653.980: [GC [PSYoungGen: 346991K->1280K(337024K)] 485888K->140329K(1024000K), 0.0074430 secs] [Times: user=0.02 sys=0.00, real=0.00 secs] 
2014-07-08T20:09:02.106+0000: 655.753: [GC [PSYoungGen: 337024K->1338K(327616K)] 476073K->140651K(1014592K), 0.0075920 secs] [Times: user=0.03 sys=0.00, real=0.01 secs] 
2014-07-08T20:09:03.865+0000: 657.512: [GC [PSYoungGen: 327610K->1458K(318656K)] 466923K->140955K(1005632K), 0.0279410 secs] [Times: user=0.11 sys=0.00, real=0.02 secs] 
2014-07-08T20:09:05.303+0000: 658.951: [GC [PSYoungGen: 318642K->1202K(309696K)] 458139K->141207K(996672K), 0.0140520 secs] [Times: user=0.04 sys=0.00, real=0.01 secs] 
2014-07-08T20:09:07.167+0000: 660.814: [GC [PSYoungGen: 309682K->1330K(371520K)] 449687K->141495K(1058496K), 0.0424370 secs] [Times: user=0.15 sys=0.01, real=0.04 secs] 
2014-07-08T20:09:09.037+0000: 662.685: [GC [PSYoungGen: 371504K->1462K(445696K)] 511670K->141803K(1132672K), 0.0146050 secs] [Times: user=0.05 sys=0.00, real=0.01 secs] 
2014-07-08T20:09:11.211+0000: 664.858: [GC [PSYoungGen: 445681K->1330K(431552K)] 586023K->141847K(1118528K), 0.0063870 secs] [Times: user=0.01 sys=0.01, real=0.01 secs] 
2014-07-08T20:09:13.409+0000: 667.056: [GC [PSYoungGen: 431538K->1078K(517376K)] 572055K->142163K(1204352K), 0.0263160 secs] [Times: user=0.10 sys=0.00, real=0.03 secs] 
2014-07-08T20:09:16.124+0000: 669.771: [GC [PSYoungGen: 517323K->1508K(500608K)] 658408K->142881K(1187584K), 0.0074500 secs] [Times: user=0.02 sys=0.00, real=0.01 secs] 
2014-07-08T20:09:18.884+0000: 672.531: [GC [PSYoungGen: 500580K->1252K(483904K)] 641953K->143153K(1170880K), 0.0343100 secs] [Times: user=0.12 sys=0.00, real=0.04 secs] 
2014-07-08T20:09:21.384+0000: 675.031: [GC [PSYoungGen: 483876K->1394K(468352K)] 625777K->143543K(1155328K), 0.0069890 secs] [Times: user=0.02 sys=0.00, real=0.01 secs] 
2014-07-08T20:09:23.650+0000: 677.297: [GC [PSYoungGen: 468338K->1316K(453248K)] 610487K->143881K(1140224K), 0.0056760 secs] [Times: user=0.01 sys=0.01, real=0.00 secs] 
2014-07-08T20:09:26.213+0000: 679.861: [GC [PSYoungGen: 453189K->1362K(438976K)] 595755K->144231K(1125952K), 0.0246940 secs] [Times: user=0.10 sys=0.00, real=0.03 secs] 
2014-07-08T20:09:28.598+0000: 682.246: [GC [PSYoungGen: 438930K->1270K(425088K)] 581799K->144475K(1112064K), 0.0072580 secs] [Times: user=0.03 sys=0.00, real=0.00 secs] 
2014-07-08T20:09:30.934+0000: 684.581: [GC [PSYoungGen: 425078K->1426K(412160K)] 568283K->144831K(1099136K), 0.0307150 secs] [Times: user=0.11 sys=0.00, real=0.03 secs] 
2014-07-08T20:09:33.103+0000: 686.750: [GC [PSYoungGen: 412114K->1266K(399360K)] 555519K->144951K(1086336K), 0.0073110 secs] [Times: user=0.01 sys=0.00, real=0.01 secs] 
2014-07-08T20:09:35.340+0000: 688.987: [GC [PSYoungGen: 399305K->1444K(387520K)] 542991K->145401K(1074496K), 0.0217250 secs] [Times: user=0.07 sys=0.00, real=0.02 secs] 
2014-07-08T20:09:37.213+0000: 690.860: [GC [PSYoungGen: 387441K->1128K(464448K)] 531399K->145597K(1151424K), 0.0396060 secs] [Times: user=0.15 sys=0.00, real=0.04 secs] 
2014-07-08T20:09:39.877+0000: 693.524: [GC [PSYoungGen: 464424K->1408K(449856K)] 608893K->146061K(1136832K), 0.0094850 secs] [Times: user=0.03 sys=0.01, real=0.01 secs] 
2014-07-08T20:09:42.150+0000: 695.797: [GC [PSYoungGen: 449856K->1316K(435584K)] 594509K->146321K(1122560K), 0.0154960 secs] [Times: user=0.04 sys=0.01, real=0.01 secs] 
2014-07-08T20:09:44.229+0000: 697.876: [GC [PSYoungGen: 435554K->1526K(422208K)] 580560K->146739K(1109184K), 0.0111250 secs] [Times: user=0.03 sys=0.00, real=0.01 secs] 
2014-07-08T20:09:46.521+0000: 700.168: [GC [PSYoungGen: 422198K->1000K(408704K)] 567411K->146949K(1095680K), 0.0298810 secs] [Times: user=0.12 sys=0.00, real=0.03 secs] 
2014-07-08T20:09:48.846+0000: 702.493: [GC [PSYoungGen: 408672K->1540K(396800K)] 554621K->147705K(1083776K), 0.0296240 secs] [Times: user=0.11 sys=0.00, real=0.03 secs] 
2014-07-08T20:09:51.075+0000: 704.723: [GC [PSYoungGen: 396740K->1280K(384576K)] 542905K->147741K(1071552K), 0.0048640 secs] [Times: user=0.02 sys=0.01, real=0.01 secs] 
2014-07-08T20:09:53.185+0000: 706.833: [GC [PSYoungGen: 384570K->1572K(461568K)] 531032K->148225K(1148544K), 0.0491810 secs] [Times: user=0.19 sys=0.00, real=0.05 secs] 
2014-07-08T20:09:55.408+0000: 709.055: [GC [PSYoungGen: 461540K->1018K(553024K)] 608193K->148471K(1240000K), 0.0136250 secs] [Times: user=0.05 sys=0.00, real=0.02 secs] 
2014-07-08T20:09:58.300+0000: 711.948: [GC [PSYoungGen: 553017K->1782K(535040K)] 700471K->149491K(1222016K), 0.0234350 secs] [Times: user=0.08 sys=0.00, real=0.03 secs] 
2014-07-08T20:10:01.172+0000: 714.819: [GC [PSYoungGen: 535030K->1188K(516544K)] 682739K->149409K(1203520K), 0.0259320 secs] [Times: user=0.10 sys=0.00, real=0.03 secs] 
2014-07-08T20:10:04.012+0000: 717.659: [GC [PSYoungGen: 516516K->1586K(499776K)] 664737K->150047K(1186752K), 0.0290120 secs] [Times: user=0.09 sys=0.00, real=0.02 secs] 
2014-07-08T20:10:06.817+0000: 720.464: [GC [PSYoungGen: 499762K->1202K(599040K)] 648223K->150183K(1286016K), 0.0325540 secs] [Times: user=0.11 sys=0.00, real=0.03 secs] 
2014-07-08T20:10:10.137+0000: 723.784: [GC [PSYoungGen: 599023K->1476K(578496K)] 748005K->150689K(1265472K), 0.0054470 secs] [Times: user=0.02 sys=0.00, real=0.00 secs] 
2014-07-08T20:10:13.367+0000: 727.014: [GC [PSYoungGen: 578436K->1280K(558336K)] 727649K->151207K(1245312K), 0.0103820 secs] [Times: user=0.03 sys=0.00, real=0.01 secs] 
2014-07-08T20:10:16.301+0000: 729.948: [GC [PSYoungGen: 558336K->1440K(539520K)] 708263K->151711K(1226496K), 0.0185430 secs] [Times: user=0.05 sys=0.00, real=0.02 secs] 
2014-07-08T20:10:19.364+0000: 733.011: [GC [PSYoungGen: 539488K->1522K(521408K)] 689759K->152113K(1208384K), 0.0048270 secs] [Times: user=0.01 sys=0.00, real=0.01 secs] 
2014-07-08T20:10:22.225+0000: 735.872: [GC [PSYoungGen: 521392K->1376K(503936K)] 671984K->152239K(1190912K), 0.0066640 secs] [Times: user=0.02 sys=0.00, real=0.01 secs] 
2014-07-08T20:10:24.978+0000: 738.625: [GC [PSYoungGen: 503904K->1216K(487168K)] 654767K->152527K(1174144K), 0.0204120 secs] [Times: user=0.06 sys=0.00, real=0.02 secs] 
2014-07-08T20:10:27.503+0000: 741.150: [GC [PSYoungGen: 487168K->1344K(471424K)] 638479K->152991K(1158400K), 0.0113630 secs] [Times: user=0.03 sys=0.00, real=0.01 secs] 
2014-07-08T20:10:30.193+0000: 743.840: [GC [PSYoungGen: 471375K->1298K(456256K)] 623022K->153193K(1143232K), 0.0044750 secs] [Times: user=0.01 sys=0.00, real=0.01 secs] 
2014-07-08T20:10:32.354+0000: 746.001: [GC [PSYoungGen: 456210K->1572K(442048K)] 608105K->153683K(1129024K), 0.0115300 secs] [Times: user=0.04 sys=0.00, real=0.01 secs] 
2014-07-08T20:10:34.952+0000: 748.599: [GC [PSYoungGen: 442020K->1188K(427776K)] 594131K->153899K(1114752K), 0.0226300 secs] [Times: user=0.08 sys=0.00, real=0.02 secs] 
2014-07-08T20:10:37.360+0000: 751.007: [GC [PSYoungGen: 427748K->1458K(414784K)] 580459K->154465K(1101760K), 0.0056860 secs] [Times: user=0.02 sys=0.00, real=0.00 secs] 
2014-07-08T20:10:39.676+0000: 753.323: [GC [PSYoungGen: 414770K->1394K(402048K)] 567777K->154689K(1089024K), 0.0238180 secs] [Times: user=0.08 sys=0.00, real=0.03 secs] 
2014-07-08T20:10:42.220+0000: 755.867: [GC [PSYoungGen: 402034K->1412K(389952K)] 555329K->154931K(1076928K), 0.0142480 secs] [Times: user=0.04 sys=0.01, real=0.01 secs] 
2014-07-08T20:10:44.223+0000: 757.870: [GC [PSYoungGen: 389892K->1138K(377984K)] 543411K->155113K(1064960K), 0.0106890 secs] [Times: user=0.02 sys=0.00, real=0.01 secs] 
2014-07-08T20:10:46.353+0000: 760.000: [GC [PSYoungGen: 377970K->1344K(367040K)] 531945K->155599K(1054016K), 0.0090030 secs] [Times: user=0.01 sys=0.00, real=0.01 secs] 
2014-07-08T20:10:48.412+0000: 762.059: [GC [PSYoungGen: 367002K->1394K(356416K)] 521257K->155897K(1043392K), 0.0079050 secs] [Times: user=0.02 sys=0.00, real=0.01 secs] 
2014-07-08T20:10:50.429+0000: 764.076: [GC [PSYoungGen: 356402K->1312K(346112K)] 510905K->156023K(1033088K), 0.0295060 secs] [Times: user=0.11 sys=0.00, real=0.02 secs] 
2014-07-08T20:10:52.412+0000: 766.059: [GC [PSYoungGen: 346080K->1124K(336064K)] 500791K->156259K(1023040K), 0.0252530 secs] [Times: user=0.08 sys=0.00, real=0.02 secs] 
2014-07-08T20:10:54.297+0000: 767.944: [GC [PSYoungGen: 336036K->1540K(327104K)] 491171K->156883K(1014080K), 0.0204510 secs] [Times: user=0.08 sys=0.00, real=0.02 secs] 
2014-07-08T20:10:56.148+0000: 769.795: [GC [PSYoungGen: 327044K->1142K(317632K)] 482387K->157045K(1004608K), 0.0215200 secs] [Times: user=0.08 sys=0.01, real=0.02 secs] 
2014-07-08T20:10:57.730+0000: 771.377: [GC [PSYoungGen: 317622K->1494K(381312K)] 473525K->157605K(1068288K), 0.0177660 secs] [Times: user=0.07 sys=0.00, real=0.02 secs] 
2014-07-08T20:11:00.065+0000: 773.713: [GC [PSYoungGen: 381269K->1216K(369728K)] 537381K->157615K(1056704K), 0.0110480 secs] [Times: user=0.03 sys=0.01, real=0.01 secs] 
2014-07-08T20:11:02.153+0000: 775.800: [GC [PSYoungGen: 369728K->1362K(443648K)] 526127K->157961K(1130624K), 0.0823250 secs] [Times: user=0.30 sys=0.00, real=0.08 secs] 
2014-07-08T20:11:04.678+0000: 778.325: [GC [PSYoungGen: 443602K->1124K(531840K)] 600201K->158291K(1218816K), 0.0079010 secs] [Times: user=0.03 sys=0.00, real=0.01 secs] 
2014-07-08T20:11:07.664+0000: 781.311: [GC [PSYoungGen: 531812K->1604K(638528K)] 688979K->159075K(1325504K), 0.0355030 secs] [Times: user=0.12 sys=0.01, real=0.03 secs] 
2014-07-08T20:11:11.168+0000: 784.815: [GC [PSYoungGen: 638468K->1078K(615296K)] 795939K->159261K(1302272K), 0.0053020 secs] [Times: user=0.02 sys=0.01, real=0.01 secs] 
2014-07-08T20:11:14.870+0000: 788.517: [GC [PSYoungGen: 615286K->1682K(594304K)] 773469K->160129K(1281280K), 0.0157770 secs] [Times: user=0.07 sys=0.00, real=0.02 secs] 
2014-07-08T20:11:18.305+0000: 791.952: [GC [PSYoungGen: 594257K->1206K(573184K)] 752705K->160485K(1260160K), 0.0084490 secs] [Times: user=0.02 sys=0.00, real=0.01 secs] 
2014-07-08T20:11:21.465+0000: 795.112: [GC [PSYoungGen: 573174K->1504K(553792K)] 732453K->161095K(1240768K), 0.0388400 secs] [Times: user=0.15 sys=0.00, real=0.03 secs] 
2014-07-08T20:11:24.722+0000: 798.369: [GC [PSYoungGen: 553760K->1522K(534976K)] 713351K->161473K(1221952K), 0.0299530 secs] [Times: user=0.12 sys=0.00, real=0.03 secs] 
2014-07-08T20:11:27.962+0000: 801.609: [GC [PSYoungGen: 534959K->1572K(517120K)] 694911K->161931K(1204096K), 0.0140420 secs] [Times: user=0.04 sys=0.01, real=0.02 secs] 
2014-07-08T20:11:30.594+0000: 804.242: [GC [PSYoungGen: 517092K->1152K(499520K)] 677451K->161919K(1186496K), 0.0126310 secs] [Times: user=0.04 sys=0.00, real=0.02 secs] 
2014-07-08T20:11:33.697+0000: 807.344: [GC [PSYoungGen: 499446K->1750K(483776K)] 660213K->162749K(1170752K), 0.0347150 secs] [Times: user=0.14 sys=0.00, real=0.03 secs] 
2014-07-08T20:11:36.412+0000: 810.059: [GC [PSYoungGen: 483734K->1206K(467520K)] 644733K->162893K(1154496K), 0.0350000 secs] [Times: user=0.13 sys=0.00, real=0.04 secs] 
2014-07-08T20:11:39.320+0000: 812.967: [GC [PSYoungGen: 467510K->1440K(452800K)] 629197K->163407K(1139776K), 0.0070830 secs] [Times: user=0.02 sys=0.00, real=0.01 secs] 
2014-07-08T20:11:41.924+0000: 815.571: [GC [PSYoungGen: 452768K->1590K(543232K)] 614735K->163925K(1230208K), 0.0509990 secs] [Times: user=0.17 sys=0.00, real=0.05 secs] 
2014-07-08T20:11:45.061+0000: 818.708: [GC [PSYoungGen: 543222K->1554K(524928K)] 705557K->164113K(1211904K), 0.0197660 secs] [Times: user=0.07 sys=0.00, real=0.02 secs] 
2014-07-08T20:11:48.058+0000: 821.705: [GC [PSYoungGen: 524878K->1216K(629248K)] 687438K->164287K(1316224K), 0.0382640 secs] [Times: user=0.15 sys=0.00, real=0.03 secs] 
2014-07-08T20:11:51.522+0000: 825.169: [GC [PSYoungGen: 629248K->1686K(607552K)] 792319K->165021K(1294528K), 0.0139590 secs] [Times: user=0.04 sys=0.01, real=0.01 secs] 
2014-07-08T20:11:55.121+0000: 828.768: [GC [PSYoungGen: 607510K->1458K(586048K)] 770845K->165201K(1273024K), 0.0061320 secs] [Times: user=0.02 sys=0.00, real=0.00 secs] 
2014-07-08T20:11:58.284+0000: 831.931: [GC [PSYoungGen: 586034K->1476K(565888K)] 749777K->165635K(1252864K), 0.0083720 secs] [Times: user=0.02 sys=0.00, real=0.01 secs] 
2014-07-08T20:12:01.786+0000: 835.433: [GC [PSYoungGen: 565804K->1274K(546304K)] 729963K->166057K(1233280K), 0.0112300 secs] [Times: user=0.05 sys=0.00, real=0.01 secs] 
2014-07-08T20:12:05.026+0000: 838.673: [GC [PSYoungGen: 546271K->1732K(528320K)] 711055K->166803K(1215296K), 0.0327390 secs] [Times: user=0.12 sys=0.00, real=0.03 secs] 
2014-07-08T20:12:08.083+0000: 841.730: [GC [PSYoungGen: 528260K->1330K(510208K)] 693331K->166993K(1197184K), 0.0466140 secs] [Times: user=0.16 sys=0.00, real=0.04 secs] 
2014-07-08T20:12:11.064+0000: 844.711: [GC [PSYoungGen: 510194K->1426K(493504K)] 675857K->167377K(1180480K), 0.0197260 secs] [Times: user=0.06 sys=0.01, real=0.02 secs] 
2014-07-08T20:12:13.619+0000: 847.266: [GC [PSYoungGen: 493458K->1504K(477440K)] 659409K->167711K(1164416K), 0.0200140 secs] [Times: user=0.07 sys=0.00, real=0.02 secs] 
2014-07-08T20:12:16.343+0000: 849.990: [GC [PSYoungGen: 477408K->1408K(461888K)] 643615K->167951K(1148864K), 0.0085350 secs] [Times: user=0.02 sys=0.01, real=0.00 secs] 
2014-07-08T20:12:19.402+0000: 853.049: [GC [PSYoungGen: 461888K->1444K(447232K)] 628431K->168251K(1134208K), 0.0065910 secs] [Times: user=0.02 sys=0.00, real=0.01 secs] 
2014-07-08T20:12:21.602+0000: 855.249: [GC [PSYoungGen: 447204K->1312K(433024K)] 614011K->168399K(1120000K), 0.0352810 secs] [Times: user=0.13 sys=0.00, real=0.04 secs] 
2014-07-08T20:12:24.268+0000: 857.915: [GC [PSYoungGen: 432992K->1590K(419776K)] 600079K->168861K(1106752K), 0.0311350 secs] [Times: user=0.12 sys=0.00, real=0.03 secs] 
2014-07-08T20:12:26.547+0000: 860.194: [GC [PSYoungGen: 419766K->1480K(503360K)] 587037K->169095K(1190336K), 0.0480360 secs] [Times: user=0.19 sys=0.00, real=0.05 secs] 
2014-07-08T20:12:29.538+0000: 863.185: [GC [PSYoungGen: 503301K->1142K(603392K)] 670917K->169285K(1290368K), 0.0192830 secs] [Times: user=0.06 sys=0.00, real=0.02 secs] 
2014-07-08T20:12:33.216+0000: 866.863: [GC [PSYoungGen: 603382K->1700K(582912K)] 771525K->170123K(1269888K), 0.0113450 secs] [Times: user=0.04 sys=0.00, real=0.01 secs] 
2014-07-08T20:12:36.400+0000: 870.047: [GC [PSYoungGen: 582884K->1266K(562368K)] 751307K->170313K(1249344K), 0.0370410 secs] [Times: user=0.14 sys=0.00, real=0.04 secs] 
2014-07-08T20:12:39.578+0000: 873.225: [GC [PSYoungGen: 562354K->1458K(543360K)] 731401K->170833K(1230336K), 0.0303910 secs] [Times: user=0.11 sys=0.00, real=0.03 secs] 
2014-07-08T20:12:42.694+0000: 876.341: [GC [PSYoungGen: 543346K->1508K(651840K)] 712721K->171267K(1338816K), 0.0444900 secs] [Times: user=0.18 sys=0.00, real=0.05 secs] 
2014-07-08T20:12:46.353+0000: 880.000: [GC [PSYoungGen: 651812K->1654K(782080K)] 821571K->171741K(1469056K), 0.0373510 secs] [Times: user=0.14 sys=0.00, real=0.04 secs] 
2014-07-08T20:12:50.822+0000: 884.469: [GC [PSYoungGen: 782070K->1216K(752320K)] 952157K->171871K(1439296K), 0.0251010 secs] [Times: user=0.09 sys=0.00, real=0.03 secs] 
2014-07-08T20:12:55.276+0000: 888.923: [GC [PSYoungGen: 752320K->1796K(725056K)] 922975K->172811K(1412032K), 0.0244870 secs] [Times: user=0.08 sys=0.00, real=0.03 secs] 
2014-07-08T20:12:59.457+0000: 893.104: [GC [PSYoungGen: 724964K->1216K(697792K)] 895979K->172943K(1384768K), 0.0242150 secs] [Times: user=0.09 sys=0.01, real=0.03 secs] 
2014-07-08T20:13:03.420+0000: 897.067: [GC [PSYoungGen: 697792K->1714K(672896K)] 869519K->173825K(1359872K), 0.0307950 secs] [Times: user=0.11 sys=0.00, real=0.03 secs] 
2014-07-08T20:13:07.442+0000: 901.089: [GC [PSYoungGen: 672882K->1444K(648448K)] 844993K->174107K(1335424K), 0.0128570 secs] [Times: user=0.04 sys=0.01, real=0.01 secs] 
2014-07-08T20:13:11.334+0000: 904.981: [GC [PSYoungGen: 648414K->1586K(625472K)] 821078K->174633K(1312448K), 0.0108360 secs] [Times: user=0.02 sys=0.00, real=0.01 secs] 
2014-07-08T20:13:14.933+0000: 908.580: [GC [PSYoungGen: 625458K->1316K(603200K)] 798505K->175027K(1290176K), 0.0309620 secs] [Times: user=0.12 sys=0.00, real=0.03 secs] 
2014-07-08T20:13:18.402+0000: 912.049: [GC [PSYoungGen: 603088K->1540K(582400K)] 776800K->175651K(1269376K), 0.0062260 secs] [Times: user=0.01 sys=0.00, real=0.00 secs] 
2014-07-08T20:13:21.569+0000: 915.216: [GC [PSYoungGen: 582340K->1572K(562304K)] 756451K->176107K(1249280K), 0.0248020 secs] [Times: user=0.09 sys=0.00, real=0.03 secs] 
2014-07-08T20:13:24.736+0000: 918.383: [GC [PSYoungGen: 562270K->1718K(543232K)] 736806K->176533K(1230208K), 0.0410430 secs] [Times: user=0.16 sys=0.00, real=0.04 secs] 
2014-07-08T20:13:28.048+0000: 921.695: [GC [PSYoungGen: 543194K->1088K(524288K)] 718009K->176599K(1211264K), 0.0124050 secs] [Times: user=0.04 sys=0.00, real=0.01 secs] 
2014-07-08T20:13:30.940+0000: 924.587: [GC [PSYoungGen: 524288K->1472K(507200K)] 699799K->177271K(1194176K), 0.0215310 secs] [Times: user=0.09 sys=0.00, real=0.02 secs] 
2014-07-08T20:13:33.737+0000: 927.384: [GC [PSYoungGen: 507200K->1586K(490624K)] 682999K->177689K(1177600K), 0.0103430 secs] [Times: user=0.04 sys=0.01, real=0.01 secs] 
2014-07-08T20:13:36.526+0000: 930.173: [GC [PSYoungGen: 490610K->1408K(474432K)] 666713K->177871K(1161408K), 0.0190850 secs] [Times: user=0.07 sys=0.00, real=0.02 secs] 
2014-07-08T20:13:39.245+0000: 932.892: [GC [PSYoungGen: 474432K->1256K(459008K)] 650895K->178215K(1145984K), 0.0082010 secs] [Times: user=0.02 sys=0.01, real=0.00 secs] 
2014-07-08T20:13:41.935+0000: 935.583: [GC [PSYoungGen: 458984K->1508K(444672K)] 635943K->178723K(1131648K), 0.0189220 secs] [Times: user=0.07 sys=0.00, real=0.01 secs] 
2014-07-08T20:13:44.440+0000: 938.087: [GC [PSYoungGen: 444642K->1444K(430656K)] 621858K->179011K(1117632K), 0.0117340 secs] [Times: user=0.04 sys=0.00, real=0.01 secs] 
2014-07-08T20:13:46.881+0000: 940.528: [GC [PSYoungGen: 430532K->1312K(417152K)] 608100K->179199K(1104128K), 0.0444460 secs] [Times: user=0.17 sys=0.00, real=0.04 secs] 
2014-07-08T20:13:49.378+0000: 943.025: [GC [PSYoungGen: 417118K->1458K(500480K)] 595006K->179593K(1187456K), 0.0471890 secs] [Times: user=0.18 sys=0.01, real=0.04 secs] 
2014-07-08T20:13:52.148+0000: 945.796: [GC [PSYoungGen: 500466K->1540K(600448K)] 678601K->179923K(1287424K), 0.0455060 secs] [Times: user=0.18 sys=0.00, real=0.04 secs] 
2014-07-08T20:13:55.527+0000: 949.174: [GC [PSYoungGen: 600388K->1206K(719872K)] 778771K->180197K(1406848K), 0.0135240 secs] [Times: user=0.04 sys=0.00, real=0.02 secs] 
2014-07-08T20:13:59.491+0000: 953.138: [GC [PSYoungGen: 719862K->1586K(693824K)] 898853K->180945K(1380800K), 0.0170150 secs] [Times: user=0.06 sys=0.01, real=0.01 secs] 
2014-07-08T20:14:03.445+0000: 957.092: [GC [PSYoungGen: 693810K->1458K(668480K)] 873169K->181321K(1355456K), 0.0332540 secs] [Times: user=0.12 sys=0.00, real=0.03 secs] 
2014-07-08T20:14:07.408+0000: 961.056: [GC [PSYoungGen: 668466K->1590K(644608K)] 848329K->181837K(1331584K), 0.0098840 secs] [Times: user=0.03 sys=0.00, real=0.01 secs] 
2014-07-08T20:14:11.216+0000: 964.863: [GC [PSYoungGen: 644598K->1320K(621440K)] 824845K->182215K(1308416K), 0.0115020 secs] [Times: user=0.04 sys=0.00, real=0.01 secs] 
2014-07-08T20:14:14.550+0000: 968.197: [GC [PSYoungGen: 621416K->1746K(600000K)] 802311K->182937K(1286976K), 0.0092860 secs] [Times: user=0.02 sys=0.01, real=0.01 secs] 
2014-07-08T20:14:18.017+0000: 971.664: [GC [PSYoungGen: 599950K->1252K(578624K)] 781142K->183099K(1265600K), 0.0106830 secs] [Times: user=0.03 sys=0.00, real=0.01 secs] 
2014-07-08T20:14:21.309+0000: 974.956: [GC [PSYoungGen: 578596K->1558K(559040K)] 760443K->183717K(1246016K), 0.0229790 secs] [Times: user=0.09 sys=0.00, real=0.03 secs] 
2014-07-08T20:14:24.534+0000: 978.181: [GC [PSYoungGen: 558998K->1508K(539968K)] 741157K->184043K(1226944K), 0.0090690 secs] [Times: user=0.02 sys=0.00, real=0.01 secs] 
2014-07-08T20:14:27.471+0000: 981.118: [GC [PSYoungGen: 539940K->1580K(521856K)] 722475K->184491K(1208832K), 0.0264490 secs] [Times: user=0.10 sys=0.01, real=0.03 secs] 
2014-07-08T20:14:30.469+0000: 984.116: [GC [PSYoungGen: 521836K->1266K(504192K)] 704747K->184529K(1191168K), 0.0220680 secs] [Times: user=0.07 sys=0.00, real=0.02 secs] 
2014-07-08T20:14:33.294+0000: 986.941: [GC [PSYoungGen: 504178K->1622K(488000K)] 687441K->185117K(1174976K), 0.0136710 secs] [Times: user=0.05 sys=0.00, real=0.01 secs] 
2014-07-08T20:14:35.845+0000: 989.492: [GC [PSYoungGen: 487942K->1444K(471936K)] 671438K->185307K(1158912K), 0.0215770 secs] [Times: user=0.08 sys=0.01, real=0.02 secs] 
2014-07-08T20:14:38.456+0000: 992.103: [GC [PSYoungGen: 471908K->1430K(456768K)] 655771K->185549K(1143744K), 0.0060440 secs] [Times: user=0.02 sys=0.00, real=0.00 secs] 
2014-07-08T20:14:40.843+0000: 994.490: [GC [PSYoungGen: 456725K->1216K(441984K)] 640845K->185551K(1128960K), 0.0054440 secs] [Times: user=0.01 sys=0.00, real=0.01 secs] 
2014-07-08T20:14:43.224+0000: 996.872: [GC [PSYoungGen: 441984K->1558K(428480K)] 626319K->186069K(1115456K), 0.0096640 secs] [Times: user=0.02 sys=0.00, real=0.01 secs] 
2014-07-08T20:14:45.473+0000: 999.120: [GC [PSYoungGen: 428434K->1394K(415040K)] 612946K->186233K(1102016K), 0.0309550 secs] [Times: user=0.12 sys=0.00, real=0.03 secs] 
2014-07-08T20:14:47.684+0000: 1001.331: [GC [PSYoungGen: 415026K->1558K(402496K)] 599865K->186661K(1089472K), 0.0339510 secs] [Times: user=0.12 sys=0.00, real=0.04 secs] 
2014-07-08T20:14:49.844+0000: 1003.491: [GC [PSYoungGen: 402454K->1266K(482368K)] 587557K->186553K(1169344K), 0.0354250 secs] [Times: user=0.13 sys=0.00, real=0.04 secs] 
2014-07-08T20:14:52.411+0000: 1006.058: [GC [PSYoungGen: 482354K->1412K(578816K)] 667641K->186859K(1265792K), 0.0217550 secs] [Times: user=0.08 sys=0.00, real=0.02 secs] 
2014-07-08T20:14:55.333+0000: 1008.980: [GC [PSYoungGen: 578752K->1394K(558848K)] 764199K->187153K(1245824K), 0.0071340 secs] [Times: user=0.02 sys=0.00, real=0.01 secs] 
2014-07-08T20:14:58.318+0000: 1011.965: [GC [PSYoungGen: 558826K->1544K(540032K)] 744585K->187647K(1227008K), 0.0241090 secs] [Times: user=0.09 sys=0.01, real=0.02 secs] 
2014-07-08T20:15:01.116+0000: 1014.764: [GC [PSYoungGen: 539976K->1142K(521408K)] 726079K->187757K(1208384K), 0.0210960 secs] [Times: user=0.09 sys=0.00, real=0.03 secs] 
2014-07-08T20:15:03.728+0000: 1017.375: [GC [PSYoungGen: 521398K->1718K(504640K)] 708013K->188533K(1191616K), 0.0206610 secs] [Times: user=0.07 sys=0.00, real=0.02 secs] 
2014-07-08T20:15:06.345+0000: 1019.992: [GC [PSYoungGen: 504630K->1152K(487488K)] 691445K->188447K(1174464K), 0.0110750 secs] [Times: user=0.02 sys=0.00, real=0.01 secs] 
2014-07-08T20:15:09.078+0000: 1022.725: [GC [PSYoungGen: 487488K->1590K(472064K)] 674783K->189133K(1159040K), 0.0288000 secs] [Times: user=0.10 sys=0.00, real=0.02 secs] 
2014-07-08T20:15:11.511+0000: 1025.158: [GC [PSYoungGen: 472054K->1266K(456576K)] 659597K->189121K(1143552K), 0.0095110 secs] [Times: user=0.04 sys=0.00, real=0.01 secs] 
2014-07-08T20:15:14.126+0000: 1027.773: [GC [PSYoungGen: 456558K->1636K(442432K)] 644414K->189723K(1129408K), 0.0422480 secs] [Times: user=0.17 sys=0.00, real=0.04 secs] 
2014-07-08T20:15:16.389+0000: 1030.036: [GC [PSYoungGen: 442362K->932K(427840K)] 630450K->189803K(1114816K), 0.0086450 secs] [Times: user=0.02 sys=0.00, real=0.01 secs] 
2014-07-08T20:15:18.732+0000: 1032.380: [GC [PSYoungGen: 427785K->1594K(415232K)] 616657K->190665K(1102208K), 0.0146610 secs] [Times: user=0.04 sys=0.00, real=0.01 secs] 
2014-07-08T20:15:20.972+0000: 1034.619: [GC [PSYoungGen: 415226K->1334K(402240K)] 604297K->190749K(1089216K), 0.0197040 secs] [Times: user=0.08 sys=0.00, real=0.02 secs] 
2014-07-08T20:15:23.091+0000: 1036.738: [GC [PSYoungGen: 402230K->1544K(390336K)] 591645K->191127K(1077312K), 0.0340440 secs] [Times: user=0.13 sys=0.00, real=0.04 secs] 
2014-07-08T20:15:25.174+0000: 1038.821: [GC [PSYoungGen: 390280K->932K(467456K)] 579863K->191235K(1154432K), 0.0260870 secs] [Times: user=0.10 sys=0.00, real=0.02 secs] 
2014-07-08T20:15:27.593+0000: 1041.240: [GC [PSYoungGen: 467428K->1522K(453056K)] 657731K->192081K(1140032K), 0.0096890 secs] [Times: user=0.03 sys=0.00, real=0.01 secs] 
2014-07-08T20:15:29.864+0000: 1043.511: [GC [PSYoungGen: 453041K->1252K(438464K)] 643601K->192147K(1125440K), 0.0071900 secs] [Times: user=0.02 sys=0.00, real=0.00 secs] 
2014-07-08T20:15:32.224+0000: 1045.871: [GC [PSYoungGen: 438436K->1490K(425024K)] 629331K->192561K(1112000K), 0.0105680 secs] [Times: user=0.03 sys=0.00, real=0.01 secs] 
2014-07-08T20:15:34.342+0000: 1047.990: [GC [PSYoungGen: 424978K->946K(411328K)] 616049K->192681K(1098304K), 0.0324960 secs] [Times: user=0.12 sys=0.00, real=0.03 secs] 
2014-07-08T20:15:36.565+0000: 1050.212: [GC [PSYoungGen: 411314K->1376K(399232K)] 603049K->193415K(1086208K), 0.0183350 secs] [Times: user=0.06 sys=0.01, real=0.02 secs] 
2014-07-08T20:15:38.534+0000: 1052.181: [GC [PSYoungGen: 399200K->1366K(387200K)] 591239K->193701K(1074176K), 0.0158410 secs] [Times: user=0.06 sys=0.00, real=0.01 secs] 
2014-07-08T20:15:40.550+0000: 1054.198: [GC [PSYoungGen: 387131K->1366K(464384K)] 579467K->193869K(1151360K), 0.0307120 secs] [Times: user=0.11 sys=0.01, real=0.03 secs] 
2014-07-08T20:15:43.258+0000: 1056.905: [GC [PSYoungGen: 464342K->946K(449088K)] 656845K->194129K(1136064K), 0.0248370 secs] [Times: user=0.09 sys=0.00, real=0.02 secs] 
2014-07-08T20:15:45.478+0000: 1059.125: [GC [PSYoungGen: 449074K->1590K(539392K)] 642257K->195085K(1226368K), 0.0295240 secs] [Times: user=0.11 sys=0.00, real=0.03 secs] 
2014-07-08T20:15:48.301+0000: 1061.948: [GC [PSYoungGen: 539382K->1202K(520832K)] 732877K->195209K(1207808K), 0.0122340 secs] [Times: user=0.02 sys=0.01, real=0.01 secs] 
2014-07-08T20:15:50.905+0000: 1064.552: [GC [PSYoungGen: 520818K->1440K(503744K)] 714825K->195655K(1190720K), 0.0139210 secs] [Times: user=0.05 sys=0.01, real=0.02 secs] 
2014-07-08T20:15:53.515+0000: 1067.162: [GC [PSYoungGen: 503712K->1206K(486912K)] 697927K->195925K(1173888K), 0.0069950 secs] [Times: user=0.02 sys=0.00, real=0.01 secs] 
2014-07-08T20:15:56.058+0000: 1069.705: [GC [PSYoungGen: 486902K->1636K(471552K)] 681621K->196715K(1158528K), 0.0099040 secs] [Times: user=0.03 sys=0.00, real=0.01 secs] 
2014-07-08T20:15:58.389+0000: 1072.036: [GC [PSYoungGen: 471518K->1014K(455744K)] 666598K->196789K(1142720K), 0.0098390 secs] [Times: user=0.03 sys=0.00, real=0.01 secs] 
2014-07-08T20:16:00.842+0000: 1074.489: [GC [PSYoungGen: 455734K->1508K(441792K)] 651509K->197483K(1128768K), 0.0256190 secs] [Times: user=0.10 sys=0.00, real=0.03 secs] 
2014-07-08T20:16:03.340+0000: 1076.988: [GC [PSYoungGen: 441761K->1320K(427776K)] 637736K->197807K(1114752K), 0.0094130 secs] [Times: user=0.02 sys=0.01, real=0.01 secs] 
2014-07-08T20:16:05.463+0000: 1079.110: [GC [PSYoungGen: 427750K->1426K(414656K)] 624237K->198233K(1101632K), 0.0340250 secs] [Times: user=0.11 sys=0.00, real=0.04 secs] 
2014-07-08T20:16:07.767+0000: 1081.414: [GC [PSYoungGen: 414610K->1188K(401728K)] 611417K->198459K(1088704K), 0.0149540 secs] [Times: user=0.06 sys=0.00, real=0.01 secs] 
2014-07-08T20:16:09.974+0000: 1083.621: [GC [PSYoungGen: 401700K->1576K(482240K)] 598971K->199039K(1169216K), 0.0388470 secs] [Times: user=0.15 sys=0.00, real=0.04 secs] 
2014-07-08T20:16:12.542+0000: 1086.190: [GC [PSYoungGen: 482215K->1216K(466240K)] 679679K->198991K(1153216K), 0.0085870 secs] [Times: user=0.03 sys=0.00, real=0.01 secs] 
2014-07-08T20:16:15.216+0000: 1088.863: [GC [PSYoungGen: 466240K->1690K(451840K)] 664015K->199721K(1138816K), 0.0295130 secs] [Times: user=0.10 sys=0.01, real=0.03 secs] 
2014-07-08T20:16:17.464+0000: 1091.111: [GC [PSYoungGen: 451802K->960K(436800K)] 649833K->199667K(1123776K), 0.0233610 secs] [Times: user=0.09 sys=0.00, real=0.02 secs] 
2014-07-08T20:16:19.920+0000: 1093.567: [GC [PSYoungGen: 436800K->1640K(423872K)] 635507K->200547K(1110848K), 0.0271230 secs] [Times: user=0.10 sys=0.00, real=0.02 secs] 
2014-07-08T20:16:22.478+0000: 1096.125: [GC [PSYoungGen: 423848K->1252K(410432K)] 622755K->200559K(1097408K), 0.0112010 secs] [Times: user=0.02 sys=0.00, real=0.01 secs] 
2014-07-08T20:16:24.796+0000: 1098.443: [GC [PSYoungGen: 410404K->1490K(398144K)] 609711K->201013K(1085120K), 0.0112280 secs] [Times: user=0.04 sys=0.00, real=0.01 secs] 
2014-07-08T20:16:27.117+0000: 1100.764: [GC [PSYoungGen: 398098K->946K(385600K)] 597621K->201205K(1072576K), 0.0401080 secs] [Times: user=0.15 sys=0.00, real=0.04 secs] 
2014-07-08T20:16:29.362+0000: 1103.009: [GC [PSYoungGen: 385586K->1604K(463232K)] 585845K->202095K(1150208K), 0.0542830 secs] [Times: user=0.20 sys=0.01, real=0.05 secs] 
2014-07-08T20:16:31.811+0000: 1105.459: [GC [PSYoungGen: 463172K->1142K(555072K)] 663663K->202177K(1242048K), 0.0269990 secs] [Times: user=0.10 sys=0.00, real=0.02 secs] 
2014-07-08T20:16:35.199+0000: 1108.846: [GC [PSYoungGen: 555033K->1718K(666432K)] 756068K->202969K(1353408K), 0.0518860 secs] [Times: user=0.19 sys=0.00, real=0.05 secs] 
2014-07-08T20:16:38.779+0000: 1112.426: [GC [PSYoungGen: 666422K->896K(798592K)] 867673K->203091K(1485568K), 0.0261590 secs] [Times: user=0.09 sys=0.00, real=0.03 secs] 
2014-07-08T20:16:43.503+0000: 1117.151: [GC [PSYoungGen: 798592K->1746K(769344K)] 1000787K->204261K(1456320K), 0.0081500 secs] [Times: user=0.03 sys=0.00, real=0.00 secs] 
2014-07-08T20:16:47.731+0000: 1121.378: [GC [PSYoungGen: 769298K->1202K(740096K)] 971813K->204653K(1427072K), 0.0399370 secs] [Times: user=0.15 sys=0.01, real=0.04 secs] 
2014-07-08T20:16:51.934+0000: 1125.581: [GC [PSYoungGen: 740076K->1714K(713280K)] 943528K->205549K(1400256K), 0.0497010 secs] [Times: user=0.18 sys=0.00, real=0.05 secs] 
2014-07-08T20:16:56.144+0000: 1129.791: [GC [PSYoungGen: 713266K->1330K(686784K)] 917101K->205861K(1373760K), 0.0330410 secs] [Times: user=0.12 sys=0.01, real=0.04 secs] 
2014-07-08T20:16:59.908+0000: 1133.555: [GC [PSYoungGen: 686770K->1586K(662144K)] 891301K->206607K(1349120K), 0.0318560 secs] [Times: user=0.11 sys=0.01, real=0.03 secs] 
2014-07-08T20:17:03.668+0000: 1137.315: [GC [PSYoungGen: 662130K->1458K(638272K)] 867151K->206919K(1325248K), 0.0305720 secs] [Times: user=0.12 sys=0.00, real=0.03 secs] 
2014-07-08T20:17:07.402+0000: 1141.049: [GC [PSYoungGen: 638258K->1622K(615808K)] 843719K->207499K(1302784K), 0.0111950 secs] [Times: user=0.03 sys=0.00, real=0.01 secs] 
2014-07-08T20:17:10.628+0000: 1144.275: [GC [PSYoungGen: 615766K->1266K(593856K)] 821643K->207599K(1280832K), 0.0093920 secs] [Times: user=0.03 sys=0.00, real=0.01 secs] 
2014-07-08T20:17:14.188+0000: 1147.835: [GC [PSYoungGen: 593842K->1700K(573696K)] 800175K->208305K(1260672K), 0.0105980 secs] [Times: user=0.03 sys=0.00, real=0.01 secs] 
2014-07-08T20:17:17.386+0000: 1151.034: [GC [PSYoungGen: 573594K->1270K(553536K)] 780200K->208532K(1240512K), 0.0063050 secs] [Times: user=0.02 sys=0.00, real=0.01 secs] 
2014-07-08T20:17:20.593+0000: 1154.240: [GC [PSYoungGen: 553526K->1764K(535232K)] 760788K->209346K(1222208K), 0.0151220 secs] [Times: user=0.02 sys=0.00, real=0.02 secs] 
2014-07-08T20:17:23.587+0000: 1157.234: [GC [PSYoungGen: 535154K->1188K(516736K)] 742736K->209386K(1203712K), 0.0177820 secs] [Times: user=0.06 sys=0.00, real=0.02 secs] 
2014-07-08T20:17:26.556+0000: 1160.203: [GC [PSYoungGen: 516708K->1558K(499968K)] 724906K->210124K(1186944K), 0.0233830 secs] [Times: user=0.08 sys=0.00, real=0.03 secs] 
2014-07-08T20:17:29.522+0000: 1163.169: [GC [PSYoungGen: 499888K->1444K(483456K)] 708454K->210354K(1170432K), 0.0176830 secs] [Times: user=0.07 sys=0.00, real=0.02 secs] 
2014-07-08T20:17:32.434+0000: 1166.081: [GC [PSYoungGen: 483428K->1508K(467840K)] 692338K->210682K(1154816K), 0.0495390 secs] [Times: user=0.17 sys=0.01, real=0.05 secs] 
2014-07-08T20:17:34.886+0000: 1168.533: [GC [PSYoungGen: 467812K->1138K(560768K)] 676986K->210863K(1247744K), 0.0403360 secs] [Times: user=0.15 sys=0.00, real=0.04 secs] 
2014-07-08T20:17:38.307+0000: 1171.954: [GC [PSYoungGen: 560754K->1668K(542208K)] 770479K->211698K(1229184K), 0.0098830 secs] [Times: user=0.04 sys=0.00, real=0.01 secs] 
2014-07-08T20:17:41.428+0000: 1175.075: [GC [PSYoungGen: 542115K->1280K(523520K)] 752145K->211677K(1210496K), 0.0372970 secs] [Times: user=0.13 sys=0.00, real=0.04 secs] 
2014-07-08T20:17:44.461+0000: 1178.108: [GC [PSYoungGen: 523520K->1654K(506432K)] 733917K->212308K(1193408K), 0.0339570 secs] [Times: user=0.12 sys=0.00, real=0.04 secs] 
2014-07-08T20:17:47.360+0000: 1181.008: [GC [PSYoungGen: 506422K->1202K(489280K)] 717076K->212415K(1176256K), 0.0224970 secs] [Times: user=0.09 sys=0.00, real=0.03 secs] 
2014-07-08T20:17:50.021+0000: 1183.668: [GC [PSYoungGen: 489266K->1700K(587456K)] 700479K->213226K(1274432K), 0.0392910 secs] [Times: user=0.15 sys=0.00, real=0.04 secs] 
2014-07-08T20:17:53.490+0000: 1187.137: [GC [PSYoungGen: 587428K->1206K(566656K)] 798954K->213364K(1253632K), 0.0083100 secs] [Times: user=0.02 sys=0.00, real=0.01 secs] 
2014-07-08T20:17:56.511+0000: 1190.158: [GC [PSYoungGen: 566613K->1504K(547584K)] 778770K->214013K(1234560K), 0.0253830 secs] [Times: user=0.09 sys=0.00, real=0.03 secs] 
2014-07-08T20:17:59.753+0000: 1193.401: [GC [PSYoungGen: 547552K->1394K(528960K)] 760061K->214295K(1215936K), 0.0083100 secs] [Times: user=0.02 sys=0.00, real=0.01 secs] 
2014-07-08T20:18:02.742+0000: 1196.389: [GC [PSYoungGen: 528946K->1558K(511488K)] 741847K->214740K(1198464K), 0.0310920 secs] [Times: user=0.11 sys=0.00, real=0.03 secs] 
2014-07-08T20:18:05.653+0000: 1199.300: [GC [PSYoungGen: 511376K->1128K(613056K)] 724558K->215210K(1300032K), 0.0489950 secs] [Times: user=0.17 sys=0.00, real=0.05 secs] 
2014-07-08T20:18:09.302+0000: 1202.949: [GC [PSYoungGen: 613032K->1700K(736064K)] 827114K->216094K(1423040K), 0.0440400 secs] [Times: user=0.18 sys=0.00, real=0.05 secs] 
2014-07-08T20:18:13.517+0000: 1207.164: [GC [PSYoungGen: 736036K->1408K(708608K)] 950430K->216290K(1395584K), 0.0102060 secs] [Times: user=0.02 sys=0.00, real=0.01 secs] 
2014-07-08T20:18:17.541+0000: 1211.188: [GC [PSYoungGen: 708608K->1636K(683008K)] 923490K->216934K(1369984K), 0.0089600 secs] [Times: user=0.03 sys=0.00, real=0.01 secs] 
2014-07-08T20:18:21.405+0000: 1215.052: [GC [PSYoungGen: 682980K->1206K(657856K)] 898278K->217248K(1344832K), 0.0471290 secs] [Times: user=0.17 sys=0.01, real=0.05 secs] 
2014-07-08T20:18:25.227+0000: 1218.875: [GC [PSYoungGen: 657815K->1910K(635008K)] 873857K->218296K(1321984K), 0.0430240 secs] [Times: user=0.16 sys=0.00, real=0.05 secs] 
2014-07-08T20:18:28.578+0000: 1222.225: [GC [PSYoungGen: 634998K->1266K(611904K)] 851384K->218284K(1298880K), 0.0079410 secs] [Times: user=0.03 sys=0.01, real=0.01 secs] 
2014-07-08T20:18:32.341+0000: 1225.988: [GC [PSYoungGen: 611890K->1554K(590784K)] 828908K->218884K(1277760K), 0.0272120 secs] [Times: user=0.10 sys=0.00, real=0.02 secs] 
2014-07-08T20:18:35.587+0000: 1229.234: [GC [PSYoungGen: 590738K->1508K(570240K)] 808068K->219222K(1257216K), 0.0345700 secs] [Times: user=0.14 sys=0.00, real=0.04 secs] 
2014-07-08T20:18:38.690+0000: 1232.337: [GC [PSYoungGen: 570212K->1558K(550784K)] 787926K->219664K(1237760K), 0.0254910 secs] [Times: user=0.08 sys=0.00, real=0.02 secs] 
2014-07-08T20:18:41.800+0000: 1235.447: [GC [PSYoungGen: 550742K->1280K(531776K)] 768848K->219754K(1218752K), 0.0257650 secs] [Times: user=0.09 sys=0.00, real=0.03 secs] 
2014-07-08T20:18:44.917+0000: 1238.564: [GC [PSYoungGen: 531776K->1504K(514240K)] 750250K->220250K(1201216K), 0.0382910 secs] [Times: user=0.15 sys=0.00, real=0.04 secs] 
2014-07-08T20:18:47.774+0000: 1241.421: [GC [PSYoungGen: 514208K->1426K(497152K)] 732954K->220564K(1184128K), 0.0203100 secs] [Times: user=0.07 sys=0.00, real=0.02 secs] 
2014-07-08T20:18:50.668+0000: 1244.315: [GC [PSYoungGen: 497101K->1344K(596160K)] 716239K->220770K(1283136K), 0.0418100 secs] [Times: user=0.16 sys=0.00, real=0.04 secs] 
2014-07-08T20:18:54.033+0000: 1247.680: [GC [PSYoungGen: 596160K->1600K(715392K)] 815586K->221306K(1402368K), 0.0404160 secs] [Times: user=0.16 sys=0.01, real=0.04 secs] 
2014-07-08T20:18:58.370+0000: 1252.017: [GC [PSYoungGen: 715392K->1668K(689344K)] 935098K->221766K(1376320K), 0.0303010 secs] [Times: user=0.09 sys=0.00, real=0.03 secs] 
2014-07-08T20:19:02.141+0000: 1255.788: [GC [PSYoungGen: 689284K->1216K(663872K)] 909382K->221940K(1350848K), 0.0259990 secs] [Times: user=0.10 sys=0.01, real=0.03 secs] 
2014-07-08T20:19:06.211+0000: 1259.858: [GC [PSYoungGen: 663872K->1732K(796992K)] 884596K->222800K(1483968K), 0.0737060 secs] [Times: user=0.28 sys=0.00, real=0.07 secs] 
2014-07-08T20:19:10.537+0000: 1264.184: [GC [PSYoungGen: 796932K->1380K(766592K)] 1018000K->223000K(1453568K), 0.0104940 secs] [Times: user=0.02 sys=0.00, real=0.01 secs] 
2014-07-08T20:19:14.743+0000: 1268.390: [GC [PSYoungGen: 766564K->1796K(738432K)] 988184K->223800K(1425408K), 0.0386490 secs] [Times: user=0.14 sys=0.00, real=0.04 secs] 
2014-07-08T20:19:18.807+0000: 1272.454: [GC [PSYoungGen: 738372K->1124K(710464K)] 960376K->223944K(1397440K), 0.0073740 secs] [Times: user=0.02 sys=0.00, real=0.00 secs] 
2014-07-08T20:19:22.461+0000: 1276.108: [GC [PSYoungGen: 710436K->1704K(685056K)] 933256K->224844K(1372032K), 0.0114690 secs] [Times: user=0.02 sys=0.00, real=0.01 secs] 
2014-07-08T20:19:26.396+0000: 1280.043: [GC [PSYoungGen: 685032K->1472K(660032K)] 908172K->225012K(1347008K), 0.0058900 secs] [Times: user=0.02 sys=0.00, real=0.01 secs] 
2014-07-08T20:19:30.218+0000: 1283.865: [GC [PSYoungGen: 660032K->1458K(636416K)] 883572K->225382K(1323392K), 0.0170360 secs] [Times: user=0.06 sys=0.00, real=0.02 secs] 
2014-07-08T20:19:33.743+0000: 1287.390: [GC [PSYoungGen: 636402K->1462K(613888K)] 860326K->225834K(1300864K), 0.0289200 secs] [Times: user=0.11 sys=0.00, real=0.03 secs] 
2014-07-08T20:19:37.131+0000: 1290.778: [GC [PSYoungGen: 613878K->1572K(592512K)] 838250K->226336K(1279488K), 0.0116530 secs] [Times: user=0.04 sys=0.00, real=0.01 secs] 
2014-07-08T20:19:40.490+0000: 1294.137: [GC [PSYoungGen: 592484K->1462K(571840K)] 817248K->226538K(1258816K), 0.0222770 secs] [Times: user=0.08 sys=0.00, real=0.03 secs] 
2014-07-08T20:19:43.744+0000: 1297.391: [GC [PSYoungGen: 571830K->1618K(552448K)] 796906K->226950K(1239424K), 0.0319490 secs] [Times: user=0.11 sys=0.00, real=0.03 secs] 
2014-07-08T20:19:46.538+0000: 1300.185: [GC [PSYoungGen: 552402K->1256K(533312K)] 777734K->227204K(1220288K), 0.0077240 secs] [Times: user=0.02 sys=0.00, real=0.01 secs] 
2014-07-08T20:19:49.508+0000: 1303.155: [GC [PSYoungGen: 533192K->1440K(515584K)] 759140K->227644K(1202560K), 0.0115230 secs] [Times: user=0.02 sys=0.00, real=0.01 secs] 
2014-07-08T20:19:52.419+0000: 1306.067: [GC [PSYoungGen: 515552K->1394K(498432K)] 741756K->227894K(1185408K), 0.0085820 secs] [Times: user=0.03 sys=0.00, real=0.01 secs] 
2014-07-08T20:19:55.298+0000: 1308.946: [GC [PSYoungGen: 498418K->1536K(482240K)] 724918K->228340K(1169216K), 0.0117780 secs] [Times: user=0.04 sys=0.00, real=0.01 secs] 
2014-07-08T20:19:57.690+0000: 1311.338: [GC [PSYoungGen: 482237K->1426K(466560K)] 709041K->228574K(1153536K), 0.0099250 secs] [Times: user=0.02 sys=0.00, real=0.01 secs] 
2014-07-08T20:20:00.467+0000: 1314.114: [GC [PSYoungGen: 466511K->1280K(451456K)] 693659K->228636K(1138432K), 0.0073770 secs] [Times: user=0.03 sys=0.00, real=0.01 secs] 
2014-07-08T20:20:02.827+0000: 1316.474: [GC [PSYoungGen: 451456K->1536K(437440K)] 678812K->229140K(1124416K), 0.0150970 secs] [Times: user=0.06 sys=0.00, real=0.01 secs] 
2014-07-08T20:20:05.574+0000: 1319.221: [GC [PSYoungGen: 437440K->1408K(423616K)] 665044K->229300K(1110592K), 0.0403660 secs] [Times: user=0.14 sys=0.00, real=0.04 secs] 
2014-07-08T20:20:07.754+0000: 1321.401: [GC [PSYoungGen: 423616K->1316K(410496K)] 651508K->229528K(1097472K), 0.0062980 secs] [Times: user=0.02 sys=0.00, real=0.00 secs] 
2014-07-08T20:20:09.872+0000: 1323.519: [GC [PSYoungGen: 410468K->1398K(398016K)] 638680K->229802K(1084992K), 0.0129740 secs] [Times: user=0.04 sys=0.00, real=0.02 secs] 
2014-07-08T20:20:12.115+0000: 1325.762: [GC [PSYoungGen: 398006K->1394K(386048K)] 626410K->229966K(1073024K), 0.0055290 secs] [Times: user=0.01 sys=0.00, real=0.01 secs] 
2014-07-08T20:20:14.296+0000: 1327.944: [GC [PSYoungGen: 386033K->1536K(374720K)] 614605K->230356K(1061696K), 0.0369460 secs] [Times: user=0.15 sys=0.00, real=0.03 secs] 
2014-07-08T20:20:16.271+0000: 1329.918: [GC [PSYoungGen: 374720K->1202K(363392K)] 603540K->230382K(1050368K), 0.0189290 secs] [Times: user=0.07 sys=0.00, real=0.02 secs] 
2014-07-08T20:20:18.270+0000: 1331.917: [GC [PSYoungGen: 363378K->1426K(353088K)] 592558K->230782K(1040064K), 0.0126560 secs] [Times: user=0.04 sys=0.00, real=0.01 secs] 
2014-07-08T20:20:20.231+0000: 1333.878: [GC [PSYoungGen: 353042K->1280K(342784K)] 582398K->230812K(1029760K), 0.0052370 secs] [Times: user=0.02 sys=0.00, real=0.00 secs] 
2014-07-08T20:20:21.946+0000: 1335.593: [GC [PSYoungGen: 342720K->1362K(333184K)] 572252K->231062K(1020160K), 0.0301360 secs] [Times: user=0.11 sys=0.00, real=0.04 secs] 
2014-07-08T20:20:23.658+0000: 1337.305: [GC [PSYoungGen: 333136K->1188K(399360K)] 562836K->231280K(1086336K), 0.0260690 secs] [Times: user=0.10 sys=0.00, real=0.02 secs] 
2014-07-08T20:20:26.218+0000: 1339.865: [GC [PSYoungGen: 399331K->1394K(479232K)] 629423K->231742K(1166208K), 0.0302900 secs] [Times: user=0.11 sys=0.00, real=0.03 secs] 
2014-07-08T20:20:28.732+0000: 1342.379: [GC [PSYoungGen: 479218K->1280K(463616K)] 709566K->231908K(1150592K), 0.0070690 secs] [Times: user=0.02 sys=0.01, real=0.01 secs] 
2014-07-08T20:20:31.425+0000: 1345.072: [GC [PSYoungGen: 463608K->1362K(448960K)] 694236K->232206K(1135936K), 0.0069440 secs] [Times: user=0.02 sys=0.00, real=0.01 secs] 
2014-07-08T20:20:33.893+0000: 1347.540: [GC [PSYoungGen: 448912K->1074K(434496K)] 679756K->232462K(1121472K), 0.0113000 secs] [Times: user=0.03 sys=0.00, real=0.01 secs] 
2014-07-08T20:20:36.279+0000: 1349.926: [GC [PSYoungGen: 434482K->1590K(421440K)] 665870K->233330K(1108416K), 0.0297160 secs] [Times: user=0.11 sys=0.01, real=0.03 secs] 
2014-07-08T20:20:38.664+0000: 1352.311: [GC [PSYoungGen: 421386K->1074K(407936K)] 653126K->233342K(1094912K), 0.0207230 secs] [Times: user=0.07 sys=0.01, real=0.02 secs] 
2014-07-08T20:20:41.057+0000: 1354.704: [GC [PSYoungGen: 407922K->1394K(395840K)] 640190K->233854K(1082816K), 0.0052750 secs] [Times: user=0.02 sys=0.00, real=0.01 secs] 
2014-07-08T20:20:43.303+0000: 1356.950: [GC [PSYoungGen: 395803K->1270K(383808K)] 628263K->234218K(1070784K), 0.0069560 secs] [Times: user=0.02 sys=0.00, real=0.01 secs] 
2014-07-08T20:20:45.323+0000: 1358.970: [GC [PSYoungGen: 383798K->1476K(372672K)] 616746K->234720K(1059648K), 0.0071570 secs] [Times: user=0.02 sys=0.00, real=0.01 secs] 
2014-07-08T20:20:47.394+0000: 1361.041: [GC [PSYoungGen: 372612K->1074K(361280K)] 605856K->234798K(1048256K), 0.0133580 secs] [Times: user=0.05 sys=0.00, real=0.01 secs] 
2014-07-08T20:20:49.340+0000: 1362.987: [GC [PSYoungGen: 361266K->1330K(351040K)] 594990K->235214K(1038016K), 0.0092220 secs] [Times: user=0.01 sys=0.00, real=0.00 secs] 
2014-07-08T20:20:51.474+0000: 1365.122: [GC [PSYoungGen: 351026K->1334K(340992K)] 584910K->235482K(1027968K), 0.0259290 secs] [Times: user=0.10 sys=0.00, real=0.02 secs] 
2014-07-08T20:20:53.455+0000: 1367.102: [GC [PSYoungGen: 340982K->1604K(331712K)] 575130K->235968K(1018688K), 0.0131490 secs] [Times: user=0.05 sys=0.00, real=0.01 secs] 
2014-07-08T20:20:55.337+0000: 1368.984: [GC [PSYoungGen: 331652K->754K(396864K)] 566016K->235990K(1083840K), 0.0415670 secs] [Times: user=0.16 sys=0.00, real=0.04 secs] 
2014-07-08T20:20:57.537+0000: 1371.184: [GC [PSYoungGen: 396850K->1458K(385600K)] 632086K->236918K(1072576K), 0.0074100 secs] [Times: user=0.02 sys=0.00, real=0.01 secs] 
2014-07-08T20:20:59.571+0000: 1373.218: [GC [PSYoungGen: 385586K->1298K(374016K)] 621046K->237102K(1060992K), 0.0179140 secs] [Times: user=0.05 sys=0.01, real=0.02 secs] 
2014-07-08T20:21:01.702+0000: 1375.349: [GC [PSYoungGen: 373970K->1362K(448640K)] 609774K->237358K(1135616K), 0.0404050 secs] [Times: user=0.13 sys=0.00, real=0.04 secs] 
2014-07-08T20:21:04.461+0000: 1378.108: [GC [PSYoungGen: 448594K->1014K(537728K)] 684590K->237786K(1224704K), 0.0301480 secs] [Times: user=0.10 sys=0.00, real=0.03 secs] 
2014-07-08T20:21:07.451+0000: 1381.098: [GC [PSYoungGen: 537718K->1700K(520320K)] 774490K->238808K(1207296K), 0.0156950 secs] [Times: user=0.05 sys=0.00, real=0.02 secs] 
2014-07-08T20:21:10.670+0000: 1384.317: [GC [PSYoungGen: 520292K->1152K(623488K)] 757400K->238860K(1310464K), 0.0379950 secs] [Times: user=0.14 sys=0.00, real=0.04 secs] 
2014-07-08T20:21:13.885+0000: 1387.532: [GC [PSYoungGen: 623410K->1782K(748608K)] 861118K->239746K(1435584K), 0.0332440 secs] [Times: user=0.12 sys=0.01, real=0.03 secs] 
2014-07-08T20:21:18.303+0000: 1391.950: [GC [PSYoungGen: 748597K->1088K(720192K)] 986561K->240102K(1407168K), 0.0411090 secs] [Times: user=0.16 sys=0.01, real=0.04 secs] 
2014-07-08T20:21:22.447+0000: 1396.094: [GC [PSYoungGen: 720191K->1682K(864704K)] 959205K->241072K(1551680K), 0.0468490 secs] [Times: user=0.17 sys=0.00, real=0.05 secs] 
2014-07-08T20:21:27.489+0000: 1401.136: [GC [PSYoungGen: 864653K->1664K(831424K)] 1104043K->241518K(1518400K), 0.0066240 secs] [Times: user=0.02 sys=0.00, real=0.00 secs] 
2014-07-08T20:21:31.896+0000: 1405.543: [GC [PSYoungGen: 831424K->1586K(799744K)] 1071278K->241936K(1486720K), 0.0488000 secs] [Times: user=0.17 sys=0.01, real=0.05 secs] 
2014-07-08T20:21:36.733+0000: 1410.380: [GC [PSYoungGen: 799730K->996K(769024K)] 1040080K->242378K(1456000K), 0.0246490 secs] [Times: user=0.07 sys=0.00, real=0.03 secs] 
2014-07-08T20:21:41.104+0000: 1414.751: [GC [PSYoungGen: 768996K->1796K(741120K)] 1010378K->243642K(1428096K), 0.0598510 secs] [Times: user=0.23 sys=0.00, real=0.06 secs] 
2014-07-08T20:21:45.525+0000: 1419.172: [GC [PSYoungGen: 741060K->1522K(713408K)] 982906K->244000K(1400384K), 0.0398810 secs] [Times: user=0.15 sys=0.00, real=0.04 secs] 
2014-07-08T20:21:49.530+0000: 1423.177: [GC [PSYoungGen: 713394K->1568K(687360K)] 955872K->244518K(1374336K), 0.0268140 secs] [Times: user=0.11 sys=0.00, real=0.02 secs] 
2014-07-08T20:21:53.453+0000: 1427.100: [GC [PSYoungGen: 687328K->1508K(662400K)] 930278K->244986K(1349376K), 0.0303910 secs] [Times: user=0.12 sys=0.01, real=0.03 secs] 
2014-07-08T20:21:57.020+0000: 1430.667: [GC [PSYoungGen: 662372K->1654K(638784K)] 905850K->245532K(1325760K), 0.0233000 secs] [Times: user=0.08 sys=0.01, real=0.03 secs] 
2014-07-08T20:22:00.729+0000: 1434.376: [GC [PSYoungGen: 638774K->1572K(616064K)] 882652K->245842K(1303040K), 0.0223690 secs] [Times: user=0.07 sys=0.00, real=0.03 secs] 
2014-07-08T20:22:04.321+0000: 1437.968: [GC [PSYoungGen: 616036K->1768K(594624K)] 860306K->246366K(1281600K), 0.0129570 secs] [Times: user=0.05 sys=0.00, real=0.02 secs] 
2014-07-08T20:22:07.659+0000: 1441.306: [GC [PSYoungGen: 594600K->1252K(573504K)] 839198K->246482K(1260480K), 0.0070470 secs] [Times: user=0.02 sys=0.00, real=0.01 secs] 
2014-07-08T20:22:10.876+0000: 1444.523: [GC [PSYoungGen: 573476K->1508K(554048K)] 818706K->247034K(1241024K), 0.0087320 secs] [Times: user=0.02 sys=0.00, real=0.01 secs] 
2014-07-08T20:22:13.837+0000: 1447.485: [GC [PSYoungGen: 554006K->1718K(535424K)] 799532K->247604K(1222400K), 0.0314690 secs] [Times: user=0.12 sys=0.00, real=0.03 secs] 
2014-07-08T20:22:16.925+0000: 1450.573: [GC [PSYoungGen: 535414K->1576K(517312K)] 781300K->247854K(1204288K), 0.0263790 secs] [Times: user=0.10 sys=0.00, real=0.02 secs] 
2014-07-08T20:22:19.896+0000: 1453.543: [GC [PSYoungGen: 517288K->1074K(499648K)] 763566K->247962K(1186624K), 0.0079420 secs] [Times: user=0.03 sys=0.00, real=0.01 secs] 
2014-07-08T20:22:22.656+0000: 1456.303: [GC [PSYoungGen: 499634K->1622K(483840K)] 746522K->248798K(1170816K), 0.0386110 secs] [Times: user=0.14 sys=0.00, real=0.04 secs] 
2014-07-08T20:22:25.537+0000: 1459.184: [GC [PSYoungGen: 483798K->1426K(467968K)] 730974K->248938K(1154944K), 0.0095300 secs] [Times: user=0.02 sys=0.01, real=0.01 secs] 
2014-07-08T20:22:28.305+0000: 1461.952: [GC [PSYoungGen: 467922K->1672K(453248K)] 715434K->249520K(1140224K), 0.0182830 secs] [Times: user=0.07 sys=0.01, real=0.02 secs] 
2014-07-08T20:22:30.756+0000: 1464.403: [GC [PSYoungGen: 453192K->1060K(438272K)] 701040K->249436K(1125248K), 0.0177610 secs] [Times: user=0.06 sys=0.00, real=0.02 secs] 
2014-07-08T20:22:33.540+0000: 1467.187: [GC [PSYoungGen: 438244K->1682K(425216K)] 686620K->250314K(1112192K), 0.0213130 secs] [Times: user=0.06 sys=0.00, real=0.02 secs] 
2014-07-08T20:22:35.776+0000: 1469.423: [GC [PSYoungGen: 425163K->1320K(411712K)] 673795K->250488K(1098688K), 0.0186100 secs] [Times: user=0.06 sys=0.01, real=0.01 secs] 
2014-07-08T20:22:38.185+0000: 1471.832: [GC [PSYoungGen: 411687K->1476K(494016K)] 660855K->250892K(1180992K), 0.0559170 secs] [Times: user=0.21 sys=0.01, real=0.06 secs] 
2014-07-08T20:22:40.940+0000: 1474.587: [GC [PSYoungGen: 493955K->1270K(592256K)] 743371K->251086K(1279232K), 0.0423540 secs] [Times: user=0.17 sys=0.00, real=0.04 secs] 
2014-07-08T20:22:44.386+0000: 1478.033: [GC [PSYoungGen: 592246K->1960K(711168K)] 842062K->252032K(1398144K), 0.0463110 secs] [Times: user=0.17 sys=0.00, real=0.05 secs] 
2014-07-08T20:22:48.596+0000: 1482.243: [GC [PSYoungGen: 711144K->868K(851968K)] 961216K->252028K(1538944K), 0.0384020 secs] [Times: user=0.15 sys=0.00, real=0.04 secs] 
2014-07-08T20:22:53.356+0000: 1487.003: [GC [PSYoungGen: 851940K->1970K(1023296K)] 1103100K->253514K(1710272K), 0.0431730 secs] [Times: user=0.17 sys=0.00, real=0.04 secs] 
2014-07-08T20:22:58.960+0000: 1492.607: [GC [PSYoungGen: 1023282K->1508K(982080K)] 1274826K->253844K(1669056K), 0.0200990 secs] [Times: user=0.08 sys=0.00, real=0.02 secs] 
2014-07-08T20:23:04.616+0000: 1498.263: [GC [PSYoungGen: 982052K->1760K(943552K)] 1234388K->254592K(1630528K), 0.0395270 secs] [Times: user=0.13 sys=0.00, real=0.04 secs] 
2014-07-08T20:23:09.796+0000: 1503.443: [GC [PSYoungGen: 943520K->1458K(906304K)] 1196352K->254986K(1593280K), 0.0373440 secs] [Times: user=0.15 sys=0.00, real=0.04 secs] 
2014-07-08T20:23:14.967+0000: 1508.614: [GC [PSYoungGen: 906290K->1792K(871424K)] 1159818K->255792K(1558400K), 0.0317290 secs] [Times: user=0.13 sys=0.00, real=0.03 secs] 
2014-07-08T20:23:19.805+0000: 1513.452: [GC [PSYoungGen: 871332K->1644K(837760K)] 1125332K->256356K(1524736K), 0.0217320 secs] [Times: user=0.08 sys=0.00, real=0.02 secs] 
2014-07-08T20:23:24.655+0000: 1518.302: [GC [PSYoungGen: 837740K->1760K(805952K)] 1092452K->256872K(1492928K), 0.0095320 secs] [Times: user=0.03 sys=0.00, real=0.01 secs] 
2014-07-08T20:23:29.137+0000: 1522.785: [GC [PSYoungGen: 805920K->1568K(775360K)] 1061032K->257224K(1462336K), 0.0188710 secs] [Times: user=0.07 sys=0.00, real=0.02 secs] 
2014-07-08T20:23:33.575+0000: 1527.222: [GC [PSYoungGen: 775328K->1650K(746432K)] 1030984K->257706K(1433408K), 0.0323370 secs] [Times: user=0.13 sys=0.00, real=0.03 secs] 
2014-07-08T20:23:37.845+0000: 1531.492: [GC [PSYoungGen: 746416K->1440K(718592K)] 1002472K->257952K(1405568K), 0.0097760 secs] [Times: user=0.02 sys=0.01, real=0.01 secs] 
2014-07-08T20:23:41.885+0000: 1535.532: [GC [PSYoungGen: 718560K->1682K(692480K)] 975072K->258618K(1379456K), 0.0228070 secs] [Times: user=0.09 sys=0.00, real=0.03 secs] 
2014-07-08T20:23:45.719+0000: 1539.366: [GC [PSYoungGen: 692434K->1714K(667328K)] 949370K->259034K(1354304K), 0.0199650 secs] [Times: user=0.08 sys=0.00, real=0.02 secs] 
2014-07-08T20:23:49.577+0000: 1543.224: [GC [PSYoungGen: 667314K->1572K(643264K)] 924634K->259316K(1330240K), 0.0064120 secs] [Times: user=0.02 sys=0.00, real=0.01 secs] 
2014-07-08T20:23:52.824+0000: 1546.471: [GC [PSYoungGen: 643236K->1590K(620416K)] 900980K->259670K(1307392K), 0.0091500 secs] [Times: user=0.02 sys=0.00, real=0.01 secs] 
2014-07-08T20:23:56.199+0000: 1549.846: [GC [PSYoungGen: 620406K->1458K(598464K)] 878486K->259874K(1285440K), 0.0208810 secs] [Times: user=0.07 sys=0.00, real=0.02 secs] 
2014-07-08T20:23:59.272+0000: 1552.919: [GC [PSYoungGen: 598450K->1508K(577728K)] 856866K->260268K(1264704K), 0.0355800 secs] [Times: user=0.12 sys=0.00, real=0.03 secs] 
2014-07-08T20:24:02.425+0000: 1556.072: [GC [PSYoungGen: 577672K->1558K(557888K)] 836432K->260550K(1244864K), 0.0132500 secs] [Times: user=0.05 sys=0.00, real=0.01 secs] 
2014-07-08T20:24:05.301+0000: 1558.948: [GC [PSYoungGen: 557846K->1632K(538944K)] 816838K->260928K(1225920K), 0.0347980 secs] [Times: user=0.14 sys=0.01, real=0.03 secs] 
2014-07-08T20:24:08.217+0000: 1561.864: [GC [PSYoungGen: 538912K->1394K(520576K)] 798208K->261042K(1207552K), 0.0240310 secs] [Times: user=0.09 sys=0.00, real=0.03 secs] 
2014-07-08T20:24:10.889+0000: 1564.536: [GC [PSYoungGen: 520555K->1330K(503168K)] 780203K->261202K(1190144K), 0.0273920 secs] [Times: user=0.09 sys=0.00, real=0.03 secs] 
2014-07-08T20:24:13.617+0000: 1567.264: [GC [PSYoungGen: 503154K->1572K(486848K)] 763026K->261668K(1173824K), 0.0275000 secs] [Times: user=0.10 sys=0.00, real=0.03 secs] 
2014-07-08T20:24:16.256+0000: 1569.904: [GC [PSYoungGen: 486816K->1558K(583936K)] 746913K->262030K(1270912K), 0.0419180 secs] [Times: user=0.16 sys=0.00, real=0.04 secs] 
2014-07-08T20:24:19.586+0000: 1573.233: [GC [PSYoungGen: 583894K->1444K(563648K)] 844366K->262164K(1250624K), 0.0072140 secs] [Times: user=0.03 sys=0.00, real=0.01 secs] 
2014-07-08T20:24:22.835+0000: 1576.482: [GC [PSYoungGen: 563620K->1458K(544384K)] 824340K->262458K(1231360K), 0.0414270 secs] [Times: user=0.16 sys=0.00, real=0.04 secs] 
2014-07-08T20:24:25.887+0000: 1579.534: [GC [PSYoungGen: 544370K->1536K(526080K)] 805370K->262864K(1213056K), 0.0289000 secs] [Times: user=0.10 sys=0.00, real=0.03 secs] 
2014-07-08T20:24:28.910+0000: 1582.557: [GC [PSYoungGen: 526063K->1398K(508416K)] 787391K->263102K(1195392K), 0.0087290 secs] [Times: user=0.03 sys=0.00, real=0.01 secs] 
2014-07-08T20:24:31.660+0000: 1585.307: [GC [PSYoungGen: 508406K->1412K(491712K)] 770110K->263340K(1178688K), 0.0119820 secs] [Times: user=0.03 sys=0.01, real=0.01 secs] 
2014-07-08T20:24:34.538+0000: 1588.185: [GC [PSYoungGen: 491613K->1512K(475712K)] 753541K->263784K(1162688K), 0.0169370 secs] [Times: user=0.06 sys=0.00, real=0.02 secs] 
2014-07-08T20:24:37.263+0000: 1590.910: [GC [PSYoungGen: 475685K->1494K(460352K)] 737957K->264110K(1147328K), 0.0333590 secs] [Times: user=0.12 sys=0.00, real=0.04 secs] 
2014-07-08T20:24:39.682+0000: 1593.329: [GC [PSYoungGen: 460310K->1316K(445504K)] 722926K->264228K(1132480K), 0.0123300 secs] [Times: user=0.03 sys=0.00, real=0.01 secs] 
2014-07-08T20:24:42.303+0000: 1595.950: [GC [PSYoungGen: 445476K->1558K(431744K)] 708388K->264678K(1118720K), 0.0389530 secs] [Times: user=0.12 sys=0.00, real=0.04 secs] 
2014-07-08T20:24:44.682+0000: 1598.329: [GC [PSYoungGen: 431702K->1316K(418048K)] 694822K->264900K(1105024K), 0.0086180 secs] [Times: user=0.02 sys=0.00, real=0.01 secs] 
2014-07-08T20:24:46.840+0000: 1600.487: [GC [PSYoungGen: 418020K->1490K(405376K)] 681604K->265386K(1092352K), 0.0265970 secs] [Times: user=0.10 sys=0.01, real=0.03 secs] 
2014-07-08T20:24:49.160+0000: 1602.807: [GC [PSYoungGen: 405330K->1398K(392960K)] 669226K->265518K(1079936K), 0.0125320 secs] [Times: user=0.03 sys=0.00, real=0.01 secs] 
2014-07-08T20:24:51.462+0000: 1605.109: [GC [PSYoungGen: 392950K->1380K(381184K)] 657070K->265676K(1068160K), 0.0107770 secs] [Times: user=0.02 sys=0.00, real=0.01 secs] 
2014-07-08T20:24:53.503+0000: 1607.150: [GC [PSYoungGen: 381155K->1344K(369856K)] 645451K->265944K(1056832K), 0.0333090 secs] [Times: user=0.12 sys=0.00, real=0.03 secs] 
2014-07-08T20:24:55.513+0000: 1609.161: [GC [PSYoungGen: 369823K->1476K(359232K)] 634423K->266356K(1046208K), 0.0155760 secs] [Times: user=0.05 sys=0.01, real=0.02 secs] 
2014-07-08T20:24:57.509+0000: 1611.156: [GC [PSYoungGen: 359172K->1124K(348480K)] 624052K->266436K(1035456K), 0.0114860 secs] [Times: user=0.03 sys=0.00, real=0.01 secs] 
2014-07-08T20:24:59.312+0000: 1612.959: [GC [PSYoungGen: 348452K->1626K(418496K)] 613764K->267090K(1105472K), 0.0426250 secs] [Times: user=0.16 sys=0.00, real=0.04 secs] 
2014-07-08T20:25:01.618+0000: 1615.265: [GC [PSYoungGen: 418458K->1216K(501440K)] 683922K->266912K(1188416K), 0.0230060 secs] [Times: user=0.08 sys=0.00, real=0.03 secs] 
2014-07-08T20:25:04.356+0000: 1618.003: [GC [PSYoungGen: 501440K->1618K(601984K)] 767136K->267514K(1288960K), 0.0193390 secs] [Times: user=0.08 sys=0.00, real=0.02 secs] 
2014-07-08T20:25:07.546+0000: 1621.193: [GC [PSYoungGen: 601938K->1024K(721408K)] 867834K->267576K(1408384K), 0.0361010 secs] [Times: user=0.14 sys=0.00, real=0.04 secs] 
2014-07-08T20:25:11.575+0000: 1625.222: [GC [PSYoungGen: 721408K->1668K(695616K)] 987960K->268524K(1382592K), 0.0225940 secs] [Times: user=0.07 sys=0.00, real=0.02 secs] 
2014-07-08T20:25:15.259+0000: 1628.906: [GC [PSYoungGen: 695556K->1128K(833856K)] 962412K->268920K(1520832K), 0.0899800 secs] [Times: user=0.35 sys=0.01, real=0.09 secs] 
2014-07-08T20:25:19.764+0000: 1633.411: [GC [PSYoungGen: 833826K->1604K(1000960K)] 1101618K->269796K(1687936K), 0.0107010 secs] [Times: user=0.02 sys=0.00, real=0.01 secs] 
2014-07-08T20:25:25.501+0000: 1639.148: [GC [PSYoungGen: 1000898K->1330K(1200512K)] 1269090K->270298K(1887488K), 0.0578850 secs] [Times: user=0.22 sys=0.00, real=0.06 secs] 
2014-07-08T20:25:32.668+0000: 1646.315: [GC [PSYoungGen: 1200498K->2052K(1151936K)] 1469466K->271572K(1838912K), 0.0228430 secs] [Times: user=0.06 sys=0.00, real=0.02 secs] 
2014-07-08T20:25:39.325+0000: 1652.972: [GC [PSYoungGen: 1151876K->950K(1103872K)] 1421396K->272138K(1790848K), 0.0259550 secs] [Times: user=0.10 sys=0.00, real=0.02 secs] 
2014-07-08T20:25:45.758+0000: 1659.405: [GC [PSYoungGen: 1103855K->2294K(1060544K)] 1375043K->274098K(1747520K), 0.0317810 secs] [Times: user=0.11 sys=0.00, real=0.03 secs] 
2014-07-08T20:25:51.751+0000: 1665.398: [GC [PSYoungGen: 1060534K->1650K(1017408K)] 1332338K->274270K(1704384K), 0.0268850 secs] [Times: user=0.09 sys=0.00, real=0.03 secs] 
2014-07-08T20:25:57.820+0000: 1671.467: [GC [PSYoungGen: 1017394K->1796K(977152K)] 1290014K->274944K(1664128K), 0.0368750 secs] [Times: user=0.12 sys=0.01, real=0.04 secs] 
2014-07-08T20:26:03.585+0000: 1677.233: [GC [PSYoungGen: 977092K->1792K(938560K)] 1250240K->275572K(1625536K), 0.0357240 secs] [Times: user=0.14 sys=0.01, real=0.04 secs] 
2014-07-08T20:26:09.249+0000: 1682.896: [GC [PSYoungGen: 938560K->1632K(901760K)] 1212340K->275964K(1588736K), 0.0361740 secs] [Times: user=0.14 sys=0.00, real=0.03 secs] 
2014-07-08T20:26:14.262+0000: 1687.910: [GC [PSYoungGen: 901728K->1956K(867136K)] 1176060K->276832K(1554112K), 0.0376630 secs] [Times: user=0.14 sys=0.00, real=0.04 secs] 
2014-07-08T20:26:19.160+0000: 1692.808: [GC [PSYoungGen: 867108K->1882K(833792K)] 1141984K->277302K(1520768K), 0.0282760 secs] [Times: user=0.11 sys=0.00, real=0.02 secs] 
2014-07-08T20:26:23.866+0000: 1697.513: [GC [PSYoungGen: 833751K->1394K(801536K)] 1109171K->277462K(1488512K), 0.0107940 secs] [Times: user=0.05 sys=0.00, real=0.01 secs] 
2014-07-08T20:26:28.667+0000: 1702.314: [GC [PSYoungGen: 801522K->1718K(771648K)] 1077590K->278290K(1458624K), 0.0312110 secs] [Times: user=0.12 sys=0.00, real=0.03 secs] 
2014-07-08T20:26:32.990+0000: 1706.638: [GC [PSYoungGen: 771638K->1782K(742912K)] 1048210K->278842K(1429888K), 0.0608860 secs] [Times: user=0.23 sys=0.00, real=0.06 secs] 
2014-07-08T20:26:37.682+0000: 1711.329: [GC [PSYoungGen: 742902K->1782K(715456K)] 1019962K->279298K(1402432K), 0.0618270 secs] [Times: user=0.23 sys=0.00, real=0.07 secs] 
2014-07-08T20:26:41.807+0000: 1715.454: [GC [PSYoungGen: 715446K->1458K(688960K)] 992962K->279438K(1375936K), 0.0171020 secs] [Times: user=0.05 sys=0.00, real=0.02 secs] 
2014-07-08T20:26:46.021+0000: 1719.668: [GC [PSYoungGen: 688946K->1750K(664320K)] 966926K->280082K(1351296K), 0.0089290 secs] [Times: user=0.02 sys=0.00, real=0.01 secs] 
2014-07-08T20:26:49.990+0000: 1723.637: [GC [PSYoungGen: 664278K->1440K(640192K)] 942610K->280204K(1327168K), 0.0068200 secs] [Times: user=0.02 sys=0.00, real=0.01 secs] 
2014-07-08T20:26:53.679+0000: 1727.326: [GC [PSYoungGen: 640160K->1632K(617664K)] 918924K->280756K(1304640K), 0.0412650 secs] [Times: user=0.16 sys=0.00, real=0.04 secs] 
2014-07-08T20:26:57.094+0000: 1730.741: [GC [PSYoungGen: 617632K->1636K(595968K)] 896756K->281176K(1282944K), 0.0396490 secs] [Times: user=0.15 sys=0.00, real=0.04 secs] 
2014-07-08T20:27:00.763+0000: 1734.410: [GC [PSYoungGen: 595940K->1572K(575232K)] 875480K->281424K(1262208K), 0.0149060 secs] [Times: user=0.06 sys=0.00, real=0.02 secs] 
2014-07-08T20:27:04.030+0000: 1737.677: [GC [PSYoungGen: 575204K->1568K(555456K)] 855056K->281740K(1242432K), 0.0288980 secs] [Times: user=0.11 sys=0.00, real=0.03 secs] 
2014-07-08T20:27:07.069+0000: 1740.716: [GC [PSYoungGen: 555424K->1604K(536640K)] 835596K->282184K(1223616K), 0.0331880 secs] [Times: user=0.11 sys=0.00, real=0.03 secs] 
2014-07-08T20:27:10.186+0000: 1743.833: [GC [PSYoungGen: 536580K->1526K(518464K)] 817160K->282426K(1205440K), 0.0469200 secs] [Times: user=0.18 sys=0.00, real=0.05 secs] 
2014-07-08T20:27:13.206+0000: 1746.853: [GC [PSYoungGen: 518454K->1522K(621888K)] 799354K->282726K(1308864K), 0.0487460 secs] [Times: user=0.18 sys=0.00, real=0.05 secs] 
2014-07-08T20:27:16.808+0000: 1750.455: [GC [PSYoungGen: 621874K->1572K(746048K)] 903078K->283120K(1433024K), 0.0541830 secs] [Times: user=0.20 sys=0.00, real=0.06 secs] 
2014-07-08T20:27:21.229+0000: 1754.876: [GC [PSYoungGen: 746020K->1636K(895040K)] 1027568K->283536K(1582016K), 0.0297320 secs] [Times: user=0.12 sys=0.00, real=0.03 secs] 
2014-07-08T20:27:26.370+0000: 1760.017: [GC [PSYoungGen: 894970K->1384K(1073472K)] 1176870K->284196K(1760448K), 0.0658220 secs] [Times: user=0.25 sys=0.00, real=0.07 secs] 
2014-07-08T20:27:32.733+0000: 1766.380: [GC [PSYoungGen: 1073448K->1970K(1030848K)] 1356260K->285310K(1717824K), 0.0183700 secs] [Times: user=0.06 sys=0.00, real=0.02 secs] 
2014-07-08T20:27:38.572+0000: 1772.219: [GC [PSYoungGen: 1030832K->1512K(989312K)] 1314173K->285900K(1676288K), 0.0267320 secs] [Times: user=0.11 sys=0.00, real=0.03 secs] 
2014-07-08T20:27:44.048+0000: 1777.695: [GC [PSYoungGen: 989288K->1988K(950656K)] 1273676K->286912K(1637632K), 0.0446320 secs] [Times: user=0.16 sys=0.01, real=0.04 secs] 
2014-07-08T20:27:49.696+0000: 1783.343: [GC [PSYoungGen: 950596K->1682K(913088K)] 1235520K->287214K(1600064K), 0.0253960 secs] [Times: user=0.09 sys=0.00, real=0.02 secs] 
2014-07-08T20:27:54.916+0000: 1788.563: [GC [PSYoungGen: 913042K->1846K(877696K)] 1198574K->287866K(1564672K), 0.0455600 secs] [Times: user=0.17 sys=0.00, real=0.04 secs] 
2014-07-08T20:27:59.979+0000: 1793.626: [GC [PSYoungGen: 877686K->1590K(843648K)] 1163706K->288178K(1530624K), 0.0102660 secs] [Times: user=0.02 sys=0.00, real=0.01 secs] 
2014-07-08T20:28:04.933+0000: 1798.580: [GC [PSYoungGen: 843638K->1864K(811776K)] 1130226K->288892K(1498752K), 0.0262800 secs] [Times: user=0.10 sys=0.00, real=0.03 secs] 
2014-07-08T20:28:09.813+0000: 1803.460: [GC [PSYoungGen: 811720K->1572K(780800K)] 1098748K->289136K(1467776K), 0.0124250 secs] [Times: user=0.03 sys=0.00, real=0.01 secs] 
2014-07-08T20:28:14.126+0000: 1807.773: [GC [PSYoungGen: 780769K->1796K(751808K)] 1068333K->289784K(1438784K), 0.0457890 secs] [Times: user=0.18 sys=0.00, real=0.05 secs] 
2014-07-08T20:28:18.643+0000: 1812.290: [GC [PSYoungGen: 751665K->1590K(723648K)] 1039653K->290082K(1410624K), 0.0083140 secs] [Times: user=0.03 sys=0.01, real=0.01 secs] 
2014-07-08T20:28:22.825+0000: 1816.472: [GC [PSYoungGen: 723638K->1572K(697088K)] 1012130K->290448K(1384064K), 0.0101840 secs] [Times: user=0.02 sys=0.00, real=0.01 secs] 
2014-07-08T20:28:26.998+0000: 1820.645: [GC [PSYoungGen: 697060K->1718K(671872K)] 985936K->290986K(1358848K), 0.0087400 secs] [Times: user=0.01 sys=0.01, real=0.01 secs] 
2014-07-08T20:28:30.915+0000: 1824.562: [GC [PSYoungGen: 671862K->1622K(647616K)] 961130K->291290K(1334592K), 0.0256110 secs] [Times: user=0.10 sys=0.00, real=0.03 secs] 
2014-07-08T20:28:34.861+0000: 1828.508: [GC [PSYoungGen: 647574K->1522K(624448K)] 937242K->291598K(1311424K), 0.0282030 secs] [Times: user=0.11 sys=0.00, real=0.02 secs] 
2014-07-08T20:28:38.236+0000: 1831.883: [GC [PSYoungGen: 624434K->1736K(602688K)] 914510K->292276K(1289664K), 0.0347840 secs] [Times: user=0.13 sys=0.00, real=0.04 secs] 
2014-07-08T20:28:41.891+0000: 1835.538: [GC [PSYoungGen: 602632K->1586K(581504K)] 893172K->292478K(1268480K), 0.0077170 secs] [Times: user=0.02 sys=0.01, real=0.01 secs] 
2014-07-08T20:28:45.233+0000: 1838.880: [GC [PSYoungGen: 581490K->1668K(561600K)] 872382K->292896K(1248576K), 0.0200350 secs] [Times: user=0.07 sys=0.00, real=0.02 secs] 
2014-07-08T20:28:48.567+0000: 1842.214: [GC [PSYoungGen: 561540K->1458K(542208K)] 852768K->293126K(1229184K), 0.0281870 secs] [Times: user=0.10 sys=0.00, real=0.03 secs] 
2014-07-08T20:28:51.765+0000: 1845.412: [GC [PSYoungGen: 542193K->1440K(523904K)] 833861K->293420K(1210880K), 0.0266220 secs] [Times: user=0.10 sys=0.00, real=0.02 secs] 
2014-07-08T20:28:54.862+0000: 1848.509: [GC [PSYoungGen: 523872K->1686K(506688K)] 815852K->293946K(1193664K), 0.0366840 secs] [Times: user=0.12 sys=0.00, real=0.04 secs] 
2014-07-08T20:28:57.759+0000: 1851.406: [GC [PSYoungGen: 506646K->1526K(489792K)] 798906K->294178K(1176768K), 0.0154990 secs] [Times: user=0.04 sys=0.00, real=0.02 secs] 
2014-07-08T20:29:00.682+0000: 1854.329: [GC [PSYoungGen: 489782K->1398K(473728K)] 782434K->294458K(1160704K), 0.0484690 secs] [Times: user=0.19 sys=0.00, real=0.05 secs] 
2014-07-08T20:29:03.358+0000: 1857.005: [GC [PSYoungGen: 473718K->1636K(568448K)] 766778K->294994K(1255424K), 0.0416430 secs] [Times: user=0.16 sys=0.00, real=0.04 secs] 
2014-07-08T20:29:06.752+0000: 1860.399: [GC [PSYoungGen: 568420K->1444K(548800K)] 861778K->295154K(1235776K), 0.0075230 secs] [Times: user=0.02 sys=0.00, real=0.01 secs] 
2014-07-08T20:29:09.973+0000: 1863.620: [GC [PSYoungGen: 548772K->1426K(530240K)] 842482K->295448K(1217216K), 0.0240790 secs] [Times: user=0.08 sys=0.01, real=0.03 secs] 
2014-07-08T20:29:13.011+0000: 1866.658: [GC [PSYoungGen: 530194K->1472K(512512K)] 824216K->296070K(1199488K), 0.0323400 secs] [Times: user=0.10 sys=0.00, real=0.03 secs] 
2014-07-08T20:29:16.043+0000: 1869.690: [GC [PSYoungGen: 512512K->1504K(495616K)] 807110K->296414K(1182592K), 0.0092040 secs] [Times: user=0.03 sys=0.00, real=0.01 secs] 
2014-07-08T20:29:18.948+0000: 1872.595: [GC [PSYoungGen: 495584K->1522K(479424K)] 790494K->296824K(1166400K), 0.0346010 secs] [Times: user=0.12 sys=0.00, real=0.03 secs] 
2014-07-08T20:29:21.956+0000: 1875.603: [GC [PSYoungGen: 479410K->1444K(463872K)] 774712K->297018K(1150848K), 0.0274500 secs] [Times: user=0.09 sys=0.00, real=0.03 secs] 
2014-07-08T20:29:24.636+0000: 1878.283: [GC [PSYoungGen: 463841K->1522K(449152K)] 759416K->297352K(1136128K), 0.0182200 secs] [Times: user=0.07 sys=0.00, real=0.02 secs] 
2014-07-08T20:29:26.958+0000: 1880.605: [GC [PSYoungGen: 449138K->1362K(434880K)] 744968K->297528K(1121856K), 0.0133200 secs] [Times: user=0.05 sys=0.00, real=0.02 secs] 
2014-07-08T20:29:29.864+0000: 1883.511: [GC [PSYoungGen: 434834K->1394K(421312K)] 731000K->297784K(1108288K), 0.0291790 secs] [Times: user=0.12 sys=0.00, real=0.03 secs] 
2014-07-08T20:29:32.137+0000: 1885.784: [GC [PSYoungGen: 421298K->1462K(408384K)] 717688K->298108K(1095360K), 0.0261070 secs] [Times: user=0.09 sys=0.01, real=0.03 secs] 
2014-07-08T20:29:34.622+0000: 1888.269: [GC [PSYoungGen: 408374K->1458K(395968K)] 705020K->298328K(1082944K), 0.0092950 secs] [Times: user=0.02 sys=0.00, real=0.01 secs] 
2014-07-08T20:29:36.765+0000: 1890.413: [GC [PSYoungGen: 395951K->1494K(384128K)] 692821K->298684K(1071104K), 0.0277480 secs] [Times: user=0.11 sys=0.00, real=0.03 secs] 
2014-07-08T20:29:38.822+0000: 1892.469: [GC [PSYoungGen: 384086K->1394K(460544K)] 681276K->298832K(1147520K), 0.0298970 secs] [Times: user=0.12 sys=0.00, real=0.03 secs] 
2014-07-08T20:29:41.722+0000: 1895.369: [GC [PSYoungGen: 460528K->1458K(552448K)] 757966K->299104K(1239424K), 0.0330240 secs] [Times: user=0.09 sys=0.00, real=0.03 secs] 
2014-07-08T20:29:44.698+0000: 1898.345: [GC [PSYoungGen: 552434K->1398K(533632K)] 850080K->299468K(1220608K), 0.0154650 secs] [Times: user=0.05 sys=0.00, real=0.02 secs] 
2014-07-08T20:29:47.713+0000: 1901.360: [GC [PSYoungGen: 533615K->1476K(515840K)] 831685K->299922K(1202816K), 0.0083000 secs] [Times: user=0.03 sys=0.00, real=0.00 secs] 
2014-07-08T20:29:50.815+0000: 1904.463: [GC [PSYoungGen: 515780K->1334K(498560K)] 814226K->300204K(1185536K), 0.0235790 secs] [Times: user=0.07 sys=0.00, real=0.02 secs] 
2014-07-08T20:29:53.537+0000: 1907.185: [GC [PSYoungGen: 498550K->1522K(482432K)] 797420K->300632K(1169408K), 0.0079630 secs] [Times: user=0.03 sys=0.00, real=0.01 secs] 
2014-07-08T20:29:56.191+0000: 1909.838: [GC [PSYoungGen: 482418K->1380K(466688K)] 781528K->300954K(1153664K), 0.0395640 secs] [Times: user=0.14 sys=0.00, real=0.04 secs] 
2014-07-08T20:29:58.770+0000: 1912.418: [GC [PSYoungGen: 466660K->1462K(451840K)] 766234K->301300K(1138816K), 0.0187440 secs] [Times: user=0.06 sys=0.00, real=0.02 secs] 
2014-07-08T20:30:01.198+0000: 1914.845: [GC [PSYoungGen: 451830K->1380K(541888K)] 751668K->301482K(1228864K), 0.0412830 secs] [Times: user=0.16 sys=0.00, real=0.04 secs] 
2014-07-08T20:30:04.267+0000: 1917.914: [GC [PSYoungGen: 541860K->1636K(650240K)] 841962K->301954K(1337216K), 0.0309570 secs] [Times: user=0.12 sys=0.00, real=0.03 secs] 
2014-07-08T20:30:08.038+0000: 1921.686: [GC [PSYoungGen: 650212K->1060K(626496K)] 950530K->302170K(1313472K), 0.0275320 secs] [Times: user=0.10 sys=0.00, real=0.03 secs] 
2014-07-08T20:30:11.771+0000: 1925.418: [GC [PSYoungGen: 626468K->1818K(605120K)] 927578K->303200K(1292096K), 0.0318220 secs] [Times: user=0.13 sys=0.00, real=0.03 secs] 
2014-07-08T20:30:15.130+0000: 1928.777: [GC [PSYoungGen: 605082K->1330K(583488K)] 906464K->303416K(1270464K), 0.0281490 secs] [Times: user=0.11 sys=0.00, real=0.03 secs] 
2014-07-08T20:30:18.549+0000: 1932.196: [GC [PSYoungGen: 583454K->1818K(563840K)] 885540K->304352K(1250816K), 0.0228730 secs] [Times: user=0.09 sys=0.01, real=0.02 secs] 
2014-07-08T20:30:21.531+0000: 1935.178: [GC [PSYoungGen: 563802K->1330K(544064K)] 866336K->304224K(1231040K), 0.0128120 secs] [Times: user=0.04 sys=0.00, real=0.01 secs] 
2014-07-08T20:30:24.418+0000: 1938.065: [GC [PSYoungGen: 544050K->1586K(525952K)] 846944K->304712K(1212928K), 0.0099780 secs] [Times: user=0.02 sys=0.00, real=0.01 secs] 
2014-07-08T20:30:27.034+0000: 1940.681: [GC [PSYoungGen: 525845K->1444K(508288K)] 828971K->304962K(1195264K), 0.0262160 secs] [Times: user=0.10 sys=0.00, real=0.03 secs] 
2014-07-08T20:30:29.592+0000: 1943.239: [GC [PSYoungGen: 508260K->1330K(491392K)] 811778K->305064K(1178368K), 0.0265500 secs] [Times: user=0.10 sys=0.00, real=0.03 secs] 
2014-07-08T20:30:31.808+0000: 1945.455: [GC [PSYoungGen: 491378K->1480K(475584K)] 795112K->305422K(1162560K), 0.0279970 secs] [Times: user=0.11 sys=0.00, real=0.03 secs] 
2014-07-08T20:30:34.622+0000: 1948.270: [GC [PSYoungGen: 475528K->1636K(460416K)] 779470K->305810K(1147392K), 0.0262510 secs] [Times: user=0.10 sys=0.00, real=0.02 secs] 
2014-07-08T20:30:36.944+0000: 1950.591: [GC [PSYoungGen: 460388K->1206K(445312K)] 764562K->305972K(1132288K), 0.0266680 secs] [Times: user=0.11 sys=0.00, real=0.03 secs] 
2014-07-08T20:30:39.344+0000: 1952.991: [GC [PSYoungGen: 445302K->1412K(431552K)] 750068K->306386K(1118528K), 0.0054070 secs] [Times: user=0.02 sys=0.00, real=0.00 secs] 
2014-07-08T20:30:41.722+0000: 1955.369: [GC [PSYoungGen: 431492K->1426K(418112K)] 736466K->306640K(1105088K), 0.0073210 secs] [Times: user=0.02 sys=0.00, real=0.00 secs] 
2014-07-08T20:30:43.830+0000: 1957.477: [GC [PSYoungGen: 418066K->1554K(405376K)] 723280K->306992K(1092352K), 0.0176920 secs] [Times: user=0.06 sys=0.01, real=0.02 secs] 
2014-07-08T20:30:46.533+0000: 1960.180: [GC [PSYoungGen: 405261K->1202K(392704K)] 710699K->307024K(1079680K), 0.0311620 secs] [Times: user=0.12 sys=0.01, real=0.03 secs] 
2014-07-08T20:30:48.781+0000: 1962.428: [GC [PSYoungGen: 392690K->1426K(381184K)] 698512K->307472K(1068160K), 0.0273990 secs] [Times: user=0.10 sys=0.01, real=0.02 secs] 
2014-07-08T20:30:50.764+0000: 1964.412: [GC [PSYoungGen: 381124K->1430K(457152K)] 687170K->307652K(1144128K), 0.0307030 secs] [Times: user=0.12 sys=0.00, real=0.03 secs] 
2014-07-08T20:30:53.156+0000: 1966.803: [GC [PSYoungGen: 457110K->1490K(442688K)] 763332K->307880K(1129664K), 0.0076720 secs] [Times: user=0.02 sys=0.00, real=0.01 secs] 
2014-07-08T20:30:55.497+0000: 1969.145: [GC [PSYoungGen: 442642K->996K(530432K)] 749032K->308138K(1217408K), 0.0425140 secs] [Times: user=0.15 sys=0.00, real=0.04 secs] 
2014-07-08T20:30:58.703+0000: 1972.350: [GC [PSYoungGen: 530404K->1754K(513408K)] 837546K->309152K(1200384K), 0.0173650 secs] [Times: user=0.07 sys=0.00, real=0.02 secs] 
2014-07-08T20:31:01.466+0000: 1975.113: [GC [PSYoungGen: 513370K->1334K(496000K)] 820768K->309116K(1182976K), 0.0287550 secs] [Times: user=0.11 sys=0.00, real=0.03 secs] 
2014-07-08T20:31:04.244+0000: 1977.891: [GC [PSYoungGen: 495990K->1572K(480000K)] 803772K->309570K(1166976K), 0.0199590 secs] [Times: user=0.08 sys=0.00, real=0.03 secs] 
2014-07-08T20:31:07.052+0000: 1980.699: [GC [PSYoungGen: 479970K->1188K(464128K)] 787968K->309866K(1151104K), 0.0249130 secs] [Times: user=0.10 sys=0.00, real=0.03 secs] 
2014-07-08T20:31:09.636+0000: 1983.283: [GC [PSYoungGen: 464021K->1458K(449536K)] 772699K->310376K(1136512K), 0.0068860 secs] [Times: user=0.02 sys=0.00, real=0.00 secs] 
2014-07-08T20:31:12.085+0000: 1985.732: [GC [PSYoungGen: 449514K->1444K(539200K)] 758432K->310690K(1226176K), 0.0495770 secs] [Times: user=0.18 sys=0.00, real=0.05 secs] 
2014-07-08T20:31:15.177+0000: 1988.824: [GC [PSYoungGen: 539172K->1554K(646912K)] 848418K->311048K(1333888K), 0.0277380 secs] [Times: user=0.10 sys=0.00, real=0.02 secs] 
2014-07-08T20:31:19.065+0000: 1992.712: [GC [PSYoungGen: 646789K->1074K(623360K)] 956283K->311306K(1310336K), 0.0224530 secs] [Times: user=0.08 sys=0.01, real=0.03 secs] 
2014-07-08T20:31:22.524+0000: 1996.172: [GC [PSYoungGen: 623346K->1668K(748480K)] 933578K->312204K(1435456K), 0.0862000 secs] [Times: user=0.33 sys=0.00, real=0.09 secs] 
2014-07-08T20:31:26.982+0000: 2000.629: [GC [PSYoungGen: 748420K->1316K(897472K)] 1058956K->312540K(1584448K), 0.0125740 secs] [Times: user=0.05 sys=0.00, real=0.01 secs] 
2014-07-08T20:31:31.762+0000: 2005.409: [GC [PSYoungGen: 897444K->1786K(863168K)] 1208668K->313402K(1550144K), 0.0066760 secs] [Times: user=0.02 sys=0.00, real=0.01 secs] 
2014-07-08T20:31:36.794+0000: 2010.441: [GC [PSYoungGen: 863162K->1142K(829440K)] 1174778K->313870K(1516416K), 0.0409290 secs] [Times: user=0.16 sys=0.01, real=0.04 secs] 
2014-07-08T20:31:41.201+0000: 2014.848: [GC [PSYoungGen: 829430K->1636K(798400K)] 1142158K->314860K(1485376K), 0.0225720 secs] [Times: user=0.07 sys=0.01, real=0.02 secs] 
2014-07-08T20:31:45.934+0000: 2019.581: [GC [PSYoungGen: 798372K->1714K(768384K)] 1111596K->315450K(1455360K), 0.0141270 secs] [Times: user=0.04 sys=0.01, real=0.01 secs] 
2014-07-08T20:31:50.077+0000: 2023.724: [GC [PSYoungGen: 768370K->1572K(739584K)] 1082106K->315804K(1426560K), 0.0224190 secs] [Times: user=0.07 sys=0.01, real=0.02 secs] 
2014-07-08T20:31:54.185+0000: 2027.832: [GC [PSYoungGen: 739556K->1216K(711872K)] 1053788K->316104K(1398848K), 0.0461920 secs] [Times: user=0.18 sys=0.00, real=0.05 secs] 
2014-07-08T20:31:58.084+0000: 2031.731: [GC [PSYoungGen: 711872K->1554K(686208K)] 1026760K->316858K(1373184K), 0.0067070 secs] [Times: user=0.03 sys=0.00, real=0.00 secs] 
2014-07-08T20:32:01.837+0000: 2035.484: [GC [PSYoungGen: 686162K->1526K(661312K)] 1001466K->317166K(1348288K), 0.0267600 secs] [Times: user=0.10 sys=0.00, real=0.03 secs] 
2014-07-08T20:32:05.203+0000: 2038.851: [GC [PSYoungGen: 661302K->1618K(637760K)] 976942K->317562K(1324736K), 0.0343100 secs] [Times: user=0.13 sys=0.00, real=0.03 secs] 
2014-07-08T20:32:08.957+0000: 2042.604: [GC [PSYoungGen: 637714K->1202K(614720K)] 953658K->317770K(1301696K), 0.0225640 secs] [Times: user=0.09 sys=0.00, real=0.02 secs] 
2014-07-08T20:32:12.517+0000: 2046.164: [GC [PSYoungGen: 614706K->1590K(593536K)] 931274K->318496K(1280512K), 0.0102390 secs] [Times: user=0.02 sys=0.00, real=0.01 secs] 
2014-07-08T20:32:15.674+0000: 2049.321: [GC [PSYoungGen: 593526K->1536K(572864K)] 910432K->318834K(1259840K), 0.0090430 secs] [Times: user=0.03 sys=0.00, real=0.00 secs] 
2014-07-08T20:32:19.109+0000: 2052.756: [GC [PSYoungGen: 572864K->1522K(553216K)] 890162K->319172K(1240192K), 0.0237900 secs] [Times: user=0.10 sys=0.00, real=0.02 secs] 
2014-07-08T20:32:22.137+0000: 2055.784: [GC [PSYoungGen: 553202K->1202K(534144K)] 870852K->319364K(1221120K), 0.0075770 secs] [Times: user=0.02 sys=0.01, real=0.00 secs] 
2014-07-08T20:32:25.130+0000: 2058.777: [GC [PSYoungGen: 534130K->1618K(516672K)] 852292K->320084K(1203648K), 0.0279600 secs] [Times: user=0.09 sys=0.01, real=0.03 secs] 
2014-07-08T20:32:28.132+0000: 2061.779: [GC [PSYoungGen: 516626K->1380K(499264K)] 835092K->320262K(1186240K), 0.0350190 secs] [Times: user=0.13 sys=0.00, real=0.04 secs] 
2014-07-08T20:32:31.219+0000: 2064.866: [GC [PSYoungGen: 499236K->1394K(482880K)] 818118K->320540K(1169856K), 0.0300600 secs] [Times: user=0.11 sys=0.00, real=0.03 secs] 
2014-07-08T20:32:34.143+0000: 2067.790: [GC [PSYoungGen: 482866K->1320K(467136K)] 802012K->321018K(1154112K), 0.0248800 secs] [Times: user=0.09 sys=0.00, real=0.03 secs] 
2014-07-08T20:32:36.718+0000: 2070.365: [GC [PSYoungGen: 467112K->1736K(452608K)] 786810K->321810K(1139584K), 0.0263820 secs] [Times: user=0.08 sys=0.00, real=0.03 secs] 
2014-07-08T20:32:39.480+0000: 2073.127: [GC [PSYoungGen: 452552K->1138K(437632K)] 772626K->321788K(1124608K), 0.0352530 secs] [Times: user=0.13 sys=0.00, real=0.03 secs] 
2014-07-08T20:32:42.132+0000: 2075.779: [GC [PSYoungGen: 437618K->1554K(525376K)] 758268K->322452K(1212352K), 0.0386660 secs] [Times: user=0.14 sys=0.00, real=0.04 secs] 
2014-07-08T20:32:45.399+0000: 2079.046: [GC [PSYoungGen: 525328K->1508K(507776K)] 846226K->322758K(1194752K), 0.0132650 secs] [Times: user=0.04 sys=0.00, real=0.02 secs] 
2014-07-08T20:32:48.421+0000: 2082.068: [GC [PSYoungGen: 507740K->1540K(491072K)] 828990K->323142K(1178048K), 0.0121550 secs] [Times: user=0.04 sys=0.00, real=0.01 secs] 
2014-07-08T20:32:51.306+0000: 2084.953: [GC [PSYoungGen: 491008K->1138K(474624K)] 812611K->323220K(1161600K), 0.0237350 secs] [Times: user=0.09 sys=0.01, real=0.02 secs] 
2014-07-08T20:32:54.156+0000: 2087.803: [GC [PSYoungGen: 474610K->1732K(459968K)] 796692K->324054K(1146944K), 0.0449270 secs] [Times: user=0.17 sys=0.01, real=0.05 secs] 
2014-07-08T20:32:56.912+0000: 2090.560: [GC [PSYoungGen: 459908K->1216K(551040K)] 782230K->324010K(1238016K), 0.0446970 secs] [Times: user=0.17 sys=0.00, real=0.04 secs] 
2014-07-08T20:33:00.261+0000: 2093.908: [GC [PSYoungGen: 550962K->1522K(532672K)] 873756K->324580K(1219648K), 0.0164120 secs] [Times: user=0.06 sys=0.00, real=0.02 secs] 
2014-07-08T20:33:03.387+0000: 2097.034: [GC [PSYoungGen: 532658K->1394K(514688K)] 855716K->324844K(1201664K), 0.0091840 secs] [Times: user=0.02 sys=0.00, real=0.01 secs] 
2014-07-08T20:33:06.378+0000: 2100.025: [GC [PSYoungGen: 514674K->1604K(497920K)] 838124K->325398K(1184896K), 0.0222820 secs] [Times: user=0.07 sys=0.00, real=0.02 secs] 
2014-07-08T20:33:09.364+0000: 2103.011: [GC [PSYoungGen: 497860K->1060K(481024K)] 821654K->325606K(1168000K), 0.0182590 secs] [Times: user=0.07 sys=0.00, real=0.01 secs] 
2014-07-08T20:33:12.209+0000: 2105.856: [GC [PSYoungGen: 480996K->1782K(577728K)] 805542K->326592K(1264704K), 0.0872030 secs] [Times: user=0.33 sys=0.01, real=0.09 secs] 
2014-07-08T20:33:15.445+0000: 2109.092: [GC [PSYoungGen: 577621K->1280K(692416K)] 902431K->326730K(1379392K), 0.0414380 secs] [Times: user=0.15 sys=0.00, real=0.04 secs] 
2014-07-08T20:33:19.512+0000: 2113.159: [GC [PSYoungGen: 692416K->1472K(830848K)] 1017866K->327282K(1517824K), 0.0074550 secs] [Times: user=0.02 sys=0.00, real=0.01 secs] 
2014-07-08T20:33:24.412+0000: 2118.059: [GC [PSYoungGen: 830848K->1526K(799296K)] 1156658K->327952K(1486272K), 0.0205810 secs] [Times: user=0.08 sys=0.00, real=0.02 secs] 
2014-07-08T20:33:29.356+0000: 2123.003: [GC [PSYoungGen: 799270K->1704K(769344K)] 1125697K->328594K(1456320K), 0.0243420 secs] [Times: user=0.09 sys=0.00, real=0.03 secs] 
2014-07-08T20:33:33.671+0000: 2127.318: [GC [PSYoungGen: 769320K->1252K(740224K)] 1096210K->328974K(1427200K), 0.0063880 secs] [Times: user=0.03 sys=0.00, real=0.01 secs] 
2014-07-08T20:33:38.335+0000: 2131.982: [GC [PSYoungGen: 740196K->1746K(713344K)] 1067918K->329908K(1400320K), 0.0269290 secs] [Times: user=0.10 sys=0.00, real=0.03 secs] 
2014-07-08T20:33:42.441+0000: 2136.088: [GC [PSYoungGen: 713298K->1572K(687040K)] 1041460K->330238K(1374016K), 0.0241100 secs] [Times: user=0.10 sys=0.00, real=0.02 secs] 
2014-07-08T20:33:46.366+0000: 2140.013: [GC [PSYoungGen: 687012K->1814K(662400K)] 1015678K->330872K(1349376K), 0.0425330 secs] [Times: user=0.17 sys=0.00, real=0.05 secs] 
2014-07-08T20:33:50.262+0000: 2143.909: [GC [PSYoungGen: 662358K->1216K(638016K)] 991416K->330834K(1324992K), 0.0416520 secs] [Times: user=0.15 sys=0.01, real=0.04 secs] 
2014-07-08T20:33:54.277+0000: 2147.924: [GC [PSYoungGen: 638016K->1764K(615936K)] 967634K->331718K(1302912K), 0.0271070 secs] [Times: user=0.09 sys=0.01, real=0.03 secs] 
2014-07-08T20:33:57.340+0000: 2150.987: [GC [PSYoungGen: 615875K->1512K(594112K)] 945830K->332042K(1281088K), 0.0360020 secs] [Times: user=0.13 sys=0.01, real=0.03 secs] 
2014-07-08T20:34:01.069+0000: 2154.717: [GC [PSYoungGen: 594088K->1686K(573696K)] 924618K->332504K(1260672K), 0.0434850 secs] [Times: user=0.17 sys=0.01, real=0.05 secs] 
2014-07-08T20:34:04.278+0000: 2157.925: [GC [PSYoungGen: 573654K->1280K(553536K)] 904472K->332706K(1240512K), 0.0242940 secs] [Times: user=0.10 sys=0.00, real=0.03 secs] 
2014-07-08T20:34:07.411+0000: 2161.059: [GC [PSYoungGen: 553536K->1522K(534976K)] 884962K->333356K(1221952K), 0.0087010 secs] [Times: user=0.02 sys=0.00, real=0.00 secs] 
2014-07-08T20:34:10.459+0000: 2164.106: [GC [PSYoungGen: 534959K->1490K(517056K)] 866793K->333700K(1204032K), 0.0342620 secs] [Times: user=0.13 sys=0.00, real=0.04 secs] 
2014-07-08T20:34:13.667+0000: 2167.314: [GC [PSYoungGen: 516978K->1618K(500032K)] 849189K->334092K(1187008K), 0.0318870 secs] [Times: user=0.10 sys=0.01, real=0.03 secs] 
2014-07-08T20:34:16.441+0000: 2170.088: [GC [PSYoungGen: 499986K->1330K(483328K)] 832460K->334220K(1170304K), 0.0341030 secs] [Times: user=0.12 sys=0.00, real=0.04 secs] 
2014-07-08T20:34:19.455+0000: 2173.102: [GC [PSYoungGen: 483314K->1586K(467904K)] 816204K->334764K(1154880K), 0.0242070 secs] [Times: user=0.08 sys=0.00, real=0.02 secs] 
2014-07-08T20:34:22.300+0000: 2175.947: [GC [PSYoungGen: 467887K->1458K(452800K)] 801066K->334924K(1139776K), 0.0172830 secs] [Times: user=0.06 sys=0.00, real=0.02 secs] 
2014-07-08T20:34:24.732+0000: 2178.379: [GC [PSYoungGen: 452711K->1804K(438848K)] 786178K->335526K(1125824K), 0.0106320 secs] [Times: user=0.03 sys=0.00, real=0.01 secs] 
2014-07-08T20:34:27.322+0000: 2180.969: [GC [PSYoungGen: 438796K->946K(424256K)] 772518K->335372K(1111232K), 0.0122750 secs] [Times: user=0.04 sys=0.00, real=0.01 secs] 
2014-07-08T20:34:29.487+0000: 2183.134: [GC [PSYoungGen: 424207K->1526K(509504K)] 758633K->336184K(1196480K), 0.0464860 secs] [Times: user=0.18 sys=0.00, real=0.04 secs] 
2014-07-08T20:34:32.298+0000: 2185.945: [GC [PSYoungGen: 509471K->1476K(492672K)] 844129K->336438K(1179648K), 0.0110930 secs] [Times: user=0.04 sys=0.00, real=0.01 secs] 
2014-07-08T20:34:35.321+0000: 2188.968: [GC [PSYoungGen: 492610K->1490K(476608K)] 827573K->336716K(1163584K), 0.0399350 secs] [Times: user=0.16 sys=0.00, real=0.04 secs] 
2014-07-08T20:34:37.922+0000: 2191.570: [GC [PSYoungGen: 476557K->1202K(571328K)] 811784K->336916K(1258304K), 0.0391480 secs] [Times: user=0.15 sys=0.00, real=0.04 secs] 
2014-07-08T20:34:41.184+0000: 2194.831: [GC [PSYoungGen: 571314K->1508K(552064K)] 907028K->337422K(1239040K), 0.0118140 secs] [Times: user=0.04 sys=0.00, real=0.01 secs] 
2014-07-08T20:34:44.204+0000: 2197.851: [GC [PSYoungGen: 552036K->1394K(533248K)] 887950K->337700K(1220224K), 0.0143060 secs] [Times: user=0.05 sys=0.00, real=0.02 secs] 
2014-07-08T20:34:47.173+0000: 2200.820: [GC [PSYoungGen: 533234K->1494K(515520K)] 869540K->338120K(1202496K), 0.0223400 secs] [Times: user=0.09 sys=0.00, real=0.02 secs] 
2014-07-08T20:34:50.074+0000: 2203.721: [GC [PSYoungGen: 515478K->1188K(498112K)] 852104K->338310K(1185088K), 0.0152820 secs] [Times: user=0.06 sys=0.01, real=0.02 secs] 
2014-07-08T20:34:52.705+0000: 2206.352: [GC [PSYoungGen: 498084K->1810K(482432K)] 835206K->339196K(1169408K), 0.0419530 secs] [Times: user=0.15 sys=0.00, real=0.04 secs] 
2014-07-08T20:34:55.394+0000: 2209.041: [GC [PSYoungGen: 482358K->1082K(466048K)] 819744K->339412K(1153024K), 0.0249790 secs] [Times: user=0.09 sys=0.00, real=0.03 secs] 
2014-07-08T20:34:58.106+0000: 2211.753: [GC [PSYoungGen: 466042K->1476K(451584K)] 804372K->340094K(1138560K), 0.0086950 secs] [Times: user=0.02 sys=0.00, real=0.01 secs] 
2014-07-08T20:35:00.542+0000: 2214.189: [GC [PSYoungGen: 451524K->1462K(437248K)] 790142K->340424K(1124224K), 0.0205990 secs] [Times: user=0.07 sys=0.01, real=0.02 secs] 
2014-07-08T20:35:03.171+0000: 2216.818: [GC [PSYoungGen: 437237K->1504K(423680K)] 776200K->340698K(1110656K), 0.0319440 secs] [Times: user=0.11 sys=0.00, real=0.03 secs] 
2014-07-08T20:35:05.349+0000: 2218.996: [GC [PSYoungGen: 423648K->1376K(410496K)] 762842K->340882K(1097472K), 0.0091640 secs] [Times: user=0.02 sys=0.00, real=0.01 secs] 
2014-07-08T20:35:07.766+0000: 2221.413: [GC [PSYoungGen: 410464K->1444K(398016K)] 749970K->341214K(1084992K), 0.0255260 secs] [Times: user=0.10 sys=0.00, real=0.03 secs] 
2014-07-08T20:35:10.096+0000: 2223.743: [GC [PSYoungGen: 397986K->1398K(385984K)] 737756K->341376K(1072960K), 0.0246370 secs] [Times: user=0.08 sys=0.00, real=0.02 secs] 
2014-07-08T20:35:12.150+0000: 2225.797: [GC [PSYoungGen: 385974K->1362K(462912K)] 725952K->341532K(1149888K), 0.0426950 secs] [Times: user=0.15 sys=0.00, real=0.05 secs] 
2014-07-08T20:35:14.562+0000: 2228.209: [GC [PSYoungGen: 462806K->1330K(555200K)] 802977K->341844K(1242176K), 0.0218600 secs] [Times: user=0.07 sys=0.00, real=0.02 secs] 
2014-07-08T20:35:18.059+0000: 2231.706: [GC [PSYoungGen: 555186K->1508K(536512K)] 895700K->342326K(1223488K), 0.0168940 secs] [Times: user=0.05 sys=0.00, real=0.02 secs] 
2014-07-08T20:35:21.087+0000: 2234.734: [GC [PSYoungGen: 536477K->1252K(518208K)] 877295K->342542K(1205184K), 0.0306360 secs] [Times: user=0.12 sys=0.01, real=0.03 secs] 
2014-07-08T20:35:24.153+0000: 2237.800: [GC [PSYoungGen: 518180K->1718K(501440K)] 859470K->343240K(1188416K), 0.0184090 secs] [Times: user=0.06 sys=0.00, real=0.02 secs] 
2014-07-08T20:35:26.671+0000: 2240.319: [GC [PSYoungGen: 501337K->1124K(484416K)] 842859K->343458K(1171392K), 0.0079940 secs] [Times: user=0.02 sys=0.01, real=0.01 secs] 
2014-07-08T20:35:29.334+0000: 2242.981: [GC [PSYoungGen: 484383K->1376K(468928K)] 826718K->343950K(1155904K), 0.0439090 secs] [Times: user=0.16 sys=0.01, real=0.04 secs] 
2014-07-08T20:35:32.299+0000: 2245.946: [GC [PSYoungGen: 468840K->1658K(454144K)] 811414K->344520K(1141120K), 0.0285160 secs] [Times: user=0.10 sys=0.00, real=0.03 secs] 
2014-07-08T20:35:34.831+0000: 2248.478: [GC [PSYoungGen: 454137K->1636K(544640K)] 796999K->344794K(1231616K), 0.0369270 secs] [Times: user=0.14 sys=0.00, real=0.04 secs] 
2014-07-08T20:35:38.020+0000: 2251.667: [GC [PSYoungGen: 544609K->936K(652544K)] 887768K->345070K(1339520K), 0.0341970 secs] [Times: user=0.13 sys=0.00, real=0.03 secs] 
2014-07-08T20:35:41.680+0000: 2255.327: [GC [PSYoungGen: 652520K->1618K(783616K)] 996654K->345992K(1470592K), 0.0600170 secs] [Times: user=0.24 sys=0.00, real=0.06 secs] 
2014-07-08T20:35:46.282+0000: 2259.929: [GC [PSYoungGen: 783517K->1654K(940032K)] 1127892K->346540K(1627008K), 0.0360770 secs] [Times: user=0.12 sys=0.00, real=0.04 secs] 
2014-07-08T20:35:51.494+0000: 2265.141: [GC [PSYoungGen: 940022K->1732K(903360K)] 1284908K->347082K(1590336K), 0.0293550 secs] [Times: user=0.11 sys=0.01, real=0.03 secs] 
2014-07-08T20:35:56.557+0000: 2270.204: [GC [PSYoungGen: 903300K->1074K(867648K)] 1248650K->347424K(1554624K), 0.0109670 secs] [Times: user=0.04 sys=0.00, real=0.02 secs] 
2014-07-08T20:36:01.420+0000: 2275.067: [GC [PSYoungGen: 867634K->1814K(835072K)] 1213984K->348668K(1522048K), 0.0454820 secs] [Times: user=0.18 sys=0.00, real=0.04 secs] 
2014-07-08T20:36:06.579+0000: 2280.226: [GC [PSYoungGen: 835014K->1718K(803136K)] 1181869K->349164K(1490112K), 0.0437840 secs] [Times: user=0.16 sys=0.01, real=0.05 secs] 
2014-07-08T20:36:11.075+0000: 2284.722: [GC [PSYoungGen: 803126K->1750K(772928K)] 1150572K->349716K(1459904K), 0.0350910 secs] [Times: user=0.12 sys=0.00, real=0.03 secs] 
2014-07-08T20:36:15.610+0000: 2289.257: [GC [PSYoungGen: 772886K->1408K(743680K)] 1120852K->350092K(1430656K), 0.0176590 secs] [Times: user=0.06 sys=0.00, real=0.02 secs] 
2014-07-08T20:36:19.578+0000: 2293.225: [GC [PSYoungGen: 743680K->1682K(716480K)] 1092364K->350878K(1403456K), 0.0359410 secs] [Times: user=0.13 sys=0.01, real=0.04 secs] 
2014-07-08T20:36:23.672+0000: 2297.319: [GC [PSYoungGen: 716434K->1664K(690176K)] 1065630K->351260K(1377152K), 0.0151050 secs] [Times: user=0.06 sys=0.00, real=0.02 secs] 
2014-07-08T20:36:27.761+0000: 2301.408: [GC [PSYoungGen: 690176K->1632K(665152K)] 1039772K->351692K(1352128K), 0.0259550 secs] [Times: user=0.10 sys=0.00, real=0.03 secs] 
2014-07-08T20:36:31.355+0000: 2305.003: [GC [PSYoungGen: 665120K->1444K(641088K)] 1015180K->351904K(1328064K), 0.0369240 secs] [Times: user=0.14 sys=0.00, real=0.03 secs] 
2014-07-08T20:36:35.405+0000: 2309.052: [GC [PSYoungGen: 641060K->1714K(618560K)] 991520K->352478K(1305536K), 0.0221920 secs] [Times: user=0.08 sys=0.00, real=0.02 secs] 
2014-07-08T20:36:39.106+0000: 2312.754: [GC [PSYoungGen: 618539K->1444K(596608K)] 969304K->352776K(1283584K), 0.0372460 secs] [Times: user=0.14 sys=0.00, real=0.03 secs] 
2014-07-08T20:36:42.665+0000: 2316.312: [GC [PSYoungGen: 596580K->1604K(576064K)] 947912K->353240K(1263040K), 0.0190080 secs] [Times: user=0.05 sys=0.01, real=0.01 secs] 
2014-07-08T20:36:46.174+0000: 2319.821: [GC [PSYoungGen: 576004K->1536K(556160K)] 927640K->353556K(1243136K), 0.0405470 secs] [Times: user=0.15 sys=0.01, real=0.04 secs] 
2014-07-08T20:36:49.475+0000: 2323.122: [GC [PSYoungGen: 556160K->1554K(537344K)] 908180K->353950K(1224320K), 0.0249440 secs] [Times: user=0.10 sys=0.00, real=0.03 secs] 
2014-07-08T20:36:52.594+0000: 2326.241: [GC [PSYoungGen: 537298K->1426K(519168K)] 889694K->354126K(1206144K), 0.0325020 secs] [Times: user=0.11 sys=0.01, real=0.03 secs] 
2014-07-08T20:36:55.571+0000: 2329.218: [GC [PSYoungGen: 519119K->1490K(501952K)] 871819K->354494K(1188928K), 0.0381350 secs] [Times: user=0.14 sys=0.00, real=0.04 secs] 
2014-07-08T20:36:58.830+0000: 2332.477: [GC [PSYoungGen: 501906K->1576K(485504K)] 854910K->354908K(1172480K), 0.0342700 secs] [Times: user=0.13 sys=0.01, real=0.03 secs] 
2014-07-08T20:37:01.629+0000: 2335.276: [GC [PSYoungGen: 485480K->1458K(469632K)] 838812K->355078K(1156608K), 0.0175620 secs] [Times: user=0.05 sys=0.00, real=0.01 secs] 
2014-07-08T20:37:04.450+0000: 2338.097: [GC [PSYoungGen: 469618K->1458K(454592K)] 823238K->355342K(1141568K), 0.0101710 secs] [Times: user=0.03 sys=0.00, real=0.01 secs] 
2014-07-08T20:37:07.147+0000: 2340.794: [GC [PSYoungGen: 454578K->1508K(440256K)] 808462K->355760K(1127232K), 0.0360130 secs] [Times: user=0.14 sys=0.00, real=0.04 secs] 
2014-07-08T20:37:09.566+0000: 2343.213: [GC [PSYoungGen: 440145K->1408K(426368K)] 794397K->355932K(1113344K), 0.0290230 secs] [Times: user=0.10 sys=0.00, real=0.03 secs] 
2014-07-08T20:37:12.299+0000: 2345.946: [GC [PSYoungGen: 426366K->1814K(511808K)] 780890K->356634K(1198784K), 0.0301200 secs] [Times: user=0.10 sys=0.01, real=0.03 secs] 
2014-07-08T20:37:15.266+0000: 2348.913: [GC [PSYoungGen: 511766K->1152K(494208K)] 866586K->356500K(1181184K), 0.0118230 secs] [Times: user=0.04 sys=0.00, real=0.01 secs] 
2014-07-08T20:37:18.232+0000: 2351.879: [GC [PSYoungGen: 494208K->1504K(478464K)] 849556K->357212K(1165440K), 0.0387080 secs] [Times: user=0.14 sys=0.00, real=0.04 secs] 
2014-07-08T20:37:21.221+0000: 2354.868: [GC [PSYoungGen: 478432K->1490K(573888K)] 834140K->357534K(1260864K), 0.0340000 secs] [Times: user=0.11 sys=0.00, real=0.03 secs] 
2014-07-08T20:37:24.531+0000: 2358.178: [GC [PSYoungGen: 573842K->1818K(688704K)] 929886K->358126K(1375680K), 0.0352560 secs] [Times: user=0.13 sys=0.00, real=0.03 secs] 
2014-07-08T20:37:28.698+0000: 2362.345: [GC [PSYoungGen: 688666K->868K(662784K)] 1044974K->358280K(1349760K), 0.0241680 secs] [Times: user=0.08 sys=0.01, real=0.03 secs] 
2014-07-08T20:37:32.696+0000: 2366.343: [GC [PSYoungGen: 662756K->1892K(640000K)] 1020168K->359648K(1326976K), 0.0231930 secs] [Times: user=0.09 sys=0.00, real=0.02 secs] 
2014-07-08T20:37:36.612+0000: 2370.259: [GC [PSYoungGen: 639972K->1604K(617024K)] 997728K->359912K(1304000K), 0.0279100 secs] [Times: user=0.10 sys=0.00, real=0.03 secs] 
2014-07-08T20:37:40.525+0000: 2374.172: [GC [PSYoungGen: 616964K->1604K(595392K)] 975272K->360304K(1282368K), 0.0243480 secs] [Times: user=0.09 sys=0.00, real=0.02 secs] 
2014-07-08T20:37:43.756+0000: 2377.404: [GC [PSYoungGen: 595332K->1216K(574272K)] 954032K->360580K(1261248K), 0.0374340 secs] [Times: user=0.14 sys=0.01, real=0.04 secs] 
2014-07-08T20:37:47.367+0000: 2381.014: [GC [PSYoungGen: 574232K->1896K(555264K)] 933596K->361652K(1242240K), 0.0429470 secs] [Times: user=0.17 sys=0.00, real=0.04 secs] 
2014-07-08T20:37:50.510+0000: 2384.157: [GC [PSYoungGen: 555240K->1266K(535808K)] 914996K->361550K(1222784K), 0.0109190 secs] [Times: user=0.02 sys=0.01, real=0.01 secs] 
2014-07-08T20:37:53.651+0000: 2387.298: [GC [PSYoungGen: 535794K->1536K(518080K)] 896078K->362084K(1205056K), 0.0201060 secs] [Times: user=0.07 sys=0.00, real=0.02 secs] 
2014-07-08T20:37:56.648+0000: 2390.295: [GC [PSYoungGen: 518056K->1576K(500928K)] 878604K->362524K(1187904K), 0.0079530 secs] [Times: user=0.03 sys=0.00, real=0.00 secs] 
2014-07-08T20:37:59.589+0000: 2393.236: [GC [PSYoungGen: 500904K->1508K(484416K)] 861852K->362728K(1171392K), 0.0101350 secs] [Times: user=0.02 sys=0.01, real=0.01 secs] 
2014-07-08T20:38:02.545+0000: 2396.192: [GC [PSYoungGen: 484387K->1266K(468480K)] 845608K->362870K(1155456K), 0.0086770 secs] [Times: user=0.03 sys=0.00, real=0.01 secs] 
2014-07-08T20:38:05.485+0000: 2399.132: [GC [PSYoungGen: 468466K->1832K(454016K)] 830070K->363716K(1140992K), 0.0622420 secs] [Times: user=0.23 sys=0.00, real=0.06 secs] 
2014-07-08T20:38:08.289+0000: 2401.936: [GC [PSYoungGen: 453992K->1124K(438912K)] 815876K->363664K(1125888K), 0.0122170 secs] [Times: user=0.02 sys=0.00, real=0.01 secs] 
2014-07-08T20:38:10.692+0000: 2404.339: [GC [PSYoungGen: 438884K->1376K(425408K)] 801424K->364180K(1112384K), 0.0139130 secs] [Times: user=0.05 sys=0.00, real=0.01 secs] 
2014-07-08T20:38:13.370+0000: 2407.017: [GC [PSYoungGen: 425376K->1636K(412480K)] 788180K->364720K(1099456K), 0.0132440 secs] [Times: user=0.03 sys=0.00, real=0.01 secs] 
2014-07-08T20:38:15.614+0000: 2409.262: [GC [PSYoungGen: 412452K->1394K(399616K)] 775536K->364798K(1086592K), 0.0136010 secs] [Times: user=0.05 sys=0.01, real=0.01 secs] 
2014-07-08T20:38:17.927+0000: 2411.574: [GC [PSYoungGen: 399600K->1206K(387392K)] 763004K->365090K(1074368K), 0.0367140 secs] [Times: user=0.14 sys=0.00, real=0.04 secs] 
2014-07-08T20:38:20.343+0000: 2413.990: [GC [PSYoungGen: 387382K->1426K(464896K)] 751266K->365526K(1151872K), 0.0750850 secs] [Times: user=0.30 sys=0.01, real=0.07 secs] 
2014-07-08T20:38:23.144+0000: 2416.791: [GC [PSYoungGen: 464850K->1586K(557760K)] 828950K->365982K(1244736K), 0.0494530 secs] [Times: user=0.19 sys=0.00, real=0.05 secs] 
2014-07-08T20:38:26.688+0000: 2420.335: [GC [PSYoungGen: 557746K->1522K(668928K)] 922142K->366206K(1355904K), 0.0207970 secs] [Times: user=0.08 sys=0.00, real=0.02 secs] 
2014-07-08T20:38:30.527+0000: 2424.174: [GC [PSYoungGen: 668914K->1018K(801920K)] 1033598K->366694K(1488896K), 0.0359790 secs] [Times: user=0.13 sys=0.00, real=0.04 secs] 
2014-07-08T20:38:35.544+0000: 2429.191: [GC [PSYoungGen: 801914K->2002K(772672K)] 1167590K->368022K(1459648K), 0.0168360 secs] [Times: user=0.06 sys=0.00, real=0.01 secs] 
2014-07-08T20:38:40.361+0000: 2434.008: [GC [PSYoungGen: 772626K->1206K(742976K)] 1138646K->368298K(1429952K), 0.0095150 secs] [Times: user=0.02 sys=0.01, real=0.01 secs] 
2014-07-08T20:38:45.057+0000: 2438.704: [GC [PSYoungGen: 742966K->1924K(716224K)] 1110058K->369416K(1403200K), 0.0316170 secs] [Times: user=0.12 sys=0.00, real=0.03 secs] 
2014-07-08T20:38:49.421+0000: 2443.068: [GC [PSYoungGen: 716164K->1554K(689600K)] 1083656K->369638K(1376576K), 0.0298660 secs] [Times: user=0.11 sys=0.00, real=0.03 secs] 
2014-07-08T20:38:53.727+0000: 2447.374: [GC [PSYoungGen: 689554K->1632K(664640K)] 1057638K->370116K(1351616K), 0.0284960 secs] [Times: user=0.11 sys=0.00, real=0.03 secs] 
2014-07-08T20:38:58.230+0000: 2451.877: [GC [PSYoungGen: 664607K->1522K(640704K)] 1033091K->370494K(1327680K), 0.0289170 secs] [Times: user=0.11 sys=0.00, real=0.03 secs] 
2014-07-08T20:39:02.448+0000: 2456.095: [GC [PSYoungGen: 640690K->1522K(617984K)] 1009662K->370862K(1304960K), 0.0155780 secs] [Times: user=0.06 sys=0.00, real=0.01 secs] 
2014-07-08T20:39:05.800+0000: 2459.447: [GC [PSYoungGen: 617970K->1572K(596352K)] 987310K->371288K(1283328K), 0.0429620 secs] [Times: user=0.15 sys=0.00, real=0.04 secs] 
2014-07-08T20:39:09.263+0000: 2462.910: [GC [PSYoungGen: 596324K->1440K(575488K)] 966040K->371540K(1262464K), 0.0082210 secs] [Times: user=0.03 sys=0.00, real=0.01 secs] 
2014-07-08T20:39:12.409+0000: 2466.056: [GC [PSYoungGen: 575456K->1572K(555840K)] 945556K->371976K(1242816K), 0.0473490 secs] [Times: user=0.19 sys=0.00, real=0.04 secs] 
2014-07-08T20:39:15.600+0000: 2469.247: [GC [PSYoungGen: 555812K->1668K(537088K)] 926216K->372384K(1224064K), 0.0195420 secs] [Times: user=0.07 sys=0.00, real=0.02 secs] 
2014-07-08T20:39:18.737+0000: 2472.384: [GC [PSYoungGen: 537028K->1334K(518656K)] 907744K->372546K(1205632K), 0.0087700 secs] [Times: user=0.02 sys=0.00, real=0.01 secs] 
2014-07-08T20:39:21.551+0000: 2475.198: [GC [PSYoungGen: 518639K->1540K(501696K)] 889852K->373024K(1188672K), 0.0276090 secs] [Times: user=0.11 sys=0.01, real=0.02 secs] 
2014-07-08T20:39:24.442+0000: 2478.089: [GC [PSYoungGen: 501636K->1536K(485184K)] 873120K->373292K(1172160K), 0.0253470 secs] [Times: user=0.09 sys=0.00, real=0.02 secs] 
2014-07-08T20:39:27.300+0000: 2480.947: [GC [PSYoungGen: 485183K->1408K(469312K)] 856940K->373548K(1156288K), 0.0086830 secs] [Times: user=0.02 sys=0.00, real=0.01 secs] 
2014-07-08T20:39:29.910+0000: 2483.557: [GC [PSYoungGen: 469312K->1312K(454208K)] 841452K->373692K(1141184K), 0.0132080 secs] [Times: user=0.05 sys=0.00, real=0.02 secs] 
2014-07-08T20:39:32.517+0000: 2486.164: [GC [PSYoungGen: 454124K->1540K(440064K)] 826505K->374144K(1127040K), 0.0210190 secs] [Times: user=0.07 sys=0.00, real=0.02 secs] 
2014-07-08T20:39:35.205+0000: 2488.852: [GC [PSYoungGen: 440004K->1572K(426304K)] 812608K->374590K(1113280K), 0.0186500 secs] [Times: user=0.07 sys=0.00, real=0.02 secs] 
2014-07-08T20:39:37.419+0000: 2491.066: [GC [PSYoungGen: 426266K->1512K(413056K)] 799285K->374850K(1100032K), 0.0298880 secs] [Times: user=0.11 sys=0.00, real=0.03 secs] 
2014-07-08T20:39:40.034+0000: 2493.681: [GC [PSYoungGen: 413032K->1380K(495232K)] 786370K->374934K(1182208K), 0.0472680 secs] [Times: user=0.18 sys=0.00, real=0.04 secs] 
2014-07-08T20:39:42.806+0000: 2496.453: [GC [PSYoungGen: 495201K->1704K(594368K)] 868755K->375466K(1281344K), 0.0351300 secs] [Times: user=0.14 sys=0.00, real=0.03 secs] 
2014-07-08T20:39:46.326+0000: 2499.973: [GC [PSYoungGen: 594344K->1266K(712448K)] 968106K->375604K(1399424K), 0.0239990 secs] [Times: user=0.05 sys=0.01, real=0.02 secs] 
2014-07-08T20:39:50.312+0000: 2503.959: [GC [PSYoungGen: 712433K->1458K(686592K)] 1086772K->376116K(1373568K), 0.0291670 secs] [Times: user=0.11 sys=0.00, real=0.03 secs] 
2014-07-08T20:39:54.634+0000: 2508.281: [GC [PSYoungGen: 686578K->1650K(823808K)] 1061236K->376692K(1510784K), 0.0585160 secs] [Times: user=0.22 sys=0.00, real=0.06 secs] 
2014-07-08T20:39:59.519+0000: 2513.166: [GC [PSYoungGen: 823794K->1650K(792512K)] 1198836K->377116K(1479488K), 0.0219430 secs] [Times: user=0.08 sys=0.00, real=0.02 secs] 
2014-07-08T20:40:04.073+0000: 2517.720: [GC [PSYoungGen: 792498K->1216K(762304K)] 1167964K->377394K(1449280K), 0.0468270 secs] [Times: user=0.19 sys=0.00, real=0.05 secs] 
2014-07-08T20:40:08.568+0000: 2522.215: [GC [PSYoungGen: 762304K->1632K(734336K)] 1138482K->378274K(1421312K), 0.0232660 secs] [Times: user=0.07 sys=0.00, real=0.02 secs] 
2014-07-08T20:40:12.697+0000: 2526.344: [GC [PSYoungGen: 734304K->1640K(707264K)] 1110946K->378802K(1394240K), 0.0314140 secs] [Times: user=0.12 sys=0.00, real=0.04 secs] 
2014-07-08T20:40:16.753+0000: 2530.400: [GC [PSYoungGen: 707240K->1682K(681536K)] 1084402K->379228K(1368512K), 0.0331040 secs] [Times: user=0.13 sys=0.00, real=0.03 secs] 
2014-07-08T20:40:20.751+0000: 2534.398: [GC [PSYoungGen: 681490K->1398K(656576K)] 1059036K->379496K(1343552K), 0.0608130 secs] [Times: user=0.23 sys=0.01, real=0.06 secs] 
2014-07-08T20:40:24.565+0000: 2538.212: [GC [PSYoungGen: 656566K->1800K(788096K)] 1034664K->380202K(1475072K), 0.0439660 secs] [Times: user=0.16 sys=0.00, real=0.04 secs] 
2014-07-08T20:40:29.321+0000: 2542.968: [GC [PSYoungGen: 788040K->1380K(758080K)] 1166442K->380430K(1445056K), 0.0074660 secs] [Times: user=0.02 sys=0.01, real=0.00 secs] 
2014-07-08T20:40:33.410+0000: 2547.057: [GC [PSYoungGen: 758052K->1764K(730304K)] 1137102K->381190K(1417280K), 0.0102390 secs] [Times: user=0.03 sys=0.00, real=0.02 secs] 
2014-07-08T20:40:37.946+0000: 2551.593: [GC [PSYoungGen: 730274K->1444K(703104K)] 1109700K->381438K(1390080K), 0.0302120 secs] [Times: user=0.12 sys=0.00, real=0.03 secs] 
2014-07-08T20:40:41.791+0000: 2555.439: [GC [PSYoungGen: 703072K->1654K(677696K)] 1083066K->382008K(1364672K), 0.0344090 secs] [Times: user=0.13 sys=0.00, real=0.03 secs] 
2014-07-08T20:40:46.427+0000: 2560.074: [GC [PSYoungGen: 677639K->1512K(653120K)] 1057994K->382426K(1340096K), 0.0195830 secs] [Times: user=0.08 sys=0.00, real=0.02 secs] 
2014-07-08T20:40:50.360+0000: 2564.007: [GC [PSYoungGen: 653096K->1554K(629888K)] 1034010K->382900K(1316864K), 0.0425580 secs] [Times: user=0.17 sys=0.00, real=0.05 secs] 
2014-07-08T20:40:54.328+0000: 2567.975: [GC [PSYoungGen: 629842K->1636K(607680K)] 1011188K->383406K(1294656K), 0.0438650 secs] [Times: user=0.17 sys=0.01, real=0.04 secs] 
2014-07-08T20:40:58.257+0000: 2571.904: [GC [PSYoungGen: 607652K->1590K(586368K)] 989422K->383800K(1273344K), 0.0225050 secs] [Times: user=0.07 sys=0.00, real=0.02 secs] 
2014-07-08T20:41:01.979+0000: 2575.626: [GC [PSYoungGen: 586358K->1526K(566016K)] 968568K->384120K(1252992K), 0.0331710 secs] [Times: user=0.12 sys=0.00, real=0.03 secs] 
2014-07-08T20:41:05.644+0000: 2579.291: [GC [PSYoungGen: 566006K->1860K(547072K)] 948600K->384798K(1234048K), 0.0337400 secs] [Times: user=0.13 sys=0.01, real=0.04 secs] 
2014-07-08T20:41:09.539+0000: 2583.186: [GC [PSYoungGen: 547012K->1316K(528000K)] 929950K->384846K(1214976K), 0.0271430 secs] [Times: user=0.11 sys=0.00, real=0.03 secs] 
2014-07-08T20:41:12.920+0000: 2586.567: [GC [PSYoungGen: 527966K->1654K(510656K)] 911497K->385488K(1197632K), 0.0526360 secs] [Times: user=0.20 sys=0.00, real=0.05 secs] 
2014-07-08T20:41:16.278+0000: 2589.925: [GC [PSYoungGen: 510595K->1644K(493824K)] 894429K->385918K(1180800K), 0.0166210 secs] [Times: user=0.07 sys=0.01, real=0.01 secs] 
2014-07-08T20:41:19.610+0000: 2593.257: [GC [PSYoungGen: 493804K->1522K(477568K)] 878078K->386132K(1164544K), 0.0134070 secs] [Times: user=0.05 sys=0.00, real=0.01 secs] 
2014-07-08T20:41:22.675+0000: 2596.322: [GC [PSYoungGen: 477492K->1576K(462208K)] 862103K->386538K(1149184K), 0.0290450 secs] [Times: user=0.11 sys=0.00, real=0.03 secs] 
2014-07-08T20:41:25.626+0000: 2599.273: [GC [PSYoungGen: 462184K->1622K(447552K)] 847146K->386880K(1134528K), 0.0161100 secs] [Times: user=0.06 sys=0.00, real=0.02 secs] 
2014-07-08T20:41:28.535+0000: 2602.182: [GC [PSYoungGen: 447510K->1512K(433344K)] 832768K->387090K(1120320K), 0.0384830 secs] [Times: user=0.15 sys=0.01, real=0.04 secs] 
2014-07-08T20:41:31.451+0000: 2605.098: [GC [PSYoungGen: 433320K->1426K(419776K)] 818898K->387260K(1106752K), 0.0080190 secs] [Times: user=0.03 sys=0.00, real=0.00 secs] 
2014-07-08T20:41:34.243+0000: 2607.890: [GC [PSYoungGen: 419730K->1654K(407040K)] 805564K->387752K(1094016K), 0.0429830 secs] [Times: user=0.15 sys=0.00, real=0.04 secs] 
2014-07-08T20:41:36.841+0000: 2610.488: [GC [PSYoungGen: 407030K->1344K(394368K)] 793128K->387770K(1081344K), 0.0111760 secs] [Times: user=0.03 sys=0.00, real=0.01 secs] 
2014-07-08T20:41:39.397+0000: 2613.044: [GC [PSYoungGen: 394368K->1604K(473344K)] 780794K->388286K(1160320K), 0.0528520 secs] [Times: user=0.21 sys=0.00, real=0.06 secs] 
2014-07-08T20:41:42.223+0000: 2615.870: [GC [PSYoungGen: 473284K->1344K(457792K)] 859966K->388258K(1144768K), 0.0173340 secs] [Times: user=0.05 sys=0.00, real=0.01 secs] 
2014-07-08T20:41:45.078+0000: 2618.725: [GC [PSYoungGen: 457792K->1618K(549440K)] 844706K->388812K(1236416K), 0.0546720 secs] [Times: user=0.21 sys=0.00, real=0.06 secs] 
2014-07-08T20:41:48.628+0000: 2622.275: [GC [PSYoungGen: 549303K->1540K(658944K)] 936498K->389086K(1345920K), 0.0368050 secs] [Times: user=0.15 sys=0.00, real=0.04 secs] 
2014-07-08T20:41:52.805+0000: 2626.452: [GC [PSYoungGen: 658884K->1252K(790144K)] 1046430K->389374K(1477120K), 0.0355200 secs] [Times: user=0.14 sys=0.00, real=0.03 secs] 
2014-07-08T20:41:57.820+0000: 2631.467: [GC [PSYoungGen: 790116K->1632K(760832K)] 1178238K->390162K(1447808K), 0.0102220 secs] [Times: user=0.04 sys=0.00, real=0.01 secs] 
2014-07-08T20:42:02.765+0000: 2636.413: [GC [PSYoungGen: 760800K->1568K(732480K)] 1149330K->390610K(1419456K), 0.0100970 secs] [Times: user=0.02 sys=0.01, real=0.01 secs] 
2014-07-08T20:42:07.299+0000: 2640.946: [GC [PSYoungGen: 732448K->1746K(705664K)] 1121490K->391260K(1392640K), 0.0358850 secs] [Times: user=0.14 sys=0.01, real=0.04 secs] 
2014-07-08T20:42:11.752+0000: 2645.400: [GC [PSYoungGen: 705525K->1014K(679168K)] 1095039K->391488K(1366144K), 0.0321980 secs] [Times: user=0.11 sys=0.01, real=0.03 secs] 
2014-07-08T20:42:16.095+0000: 2649.742: [GC [PSYoungGen: 679158K->1906K(655552K)] 1069632K->392756K(1342528K), 0.0575860 secs] [Times: user=0.23 sys=0.00, real=0.06 secs] 
2014-07-08T20:42:20.541+0000: 2654.188: [GC [PSYoungGen: 655518K->1600K(631808K)] 1046368K->393026K(1318784K), 0.0386740 secs] [Times: user=0.15 sys=0.00, real=0.04 secs] 
2014-07-08T20:42:24.371+0000: 2658.018: [GC [PSYoungGen: 631711K->1814K(609728K)] 1023137K->393624K(1296704K), 0.0391000 secs] [Times: user=0.15 sys=0.00, real=0.04 secs] 
2014-07-08T20:42:28.169+0000: 2661.816: [GC [PSYoungGen: 609686K->1060K(730560K)] 1001496K->393854K(1417536K), 0.0505150 secs] [Times: user=0.19 sys=0.01, real=0.05 secs] 
2014-07-08T20:42:32.597+0000: 2666.244: [GC [PSYoungGen: 730532K->1618K(704192K)] 1123326K->394732K(1391168K), 0.0117730 secs] [Times: user=0.04 sys=0.00, real=0.02 secs] 
2014-07-08T20:42:36.990+0000: 2670.637: [GC [PSYoungGen: 704052K->1782K(678656K)] 1097166K->395416K(1365632K), 0.0504850 secs] [Times: user=0.20 sys=0.00, real=0.05 secs] 
2014-07-08T20:42:41.611+0000: 2675.258: [GC [PSYoungGen: 678629K->1504K(653952K)] 1072264K->395546K(1340928K), 0.0100670 secs] [Times: user=0.03 sys=0.00, real=0.01 secs] 
2014-07-08T20:42:45.667+0000: 2679.314: [GC [PSYoungGen: 653841K->1188K(630272K)] 1047884K->396070K(1317248K), 0.0400460 secs] [Times: user=0.15 sys=0.00, real=0.04 secs] 
2014-07-08T20:42:49.680+0000: 2683.327: [GC [PSYoungGen: 630243K->1682K(608512K)] 1025126K->397004K(1295488K), 0.0315580 secs] [Times: user=0.11 sys=0.00, real=0.04 secs] 
2014-07-08T20:42:53.458+0000: 2687.105: [GC [PSYoungGen: 608466K->1554K(587136K)] 1003788K->397324K(1274112K), 0.0352770 secs] [Times: user=0.14 sys=0.00, real=0.04 secs] 
2014-07-08T20:42:56.906+0000: 2690.553: [GC [PSYoungGen: 587085K->1554K(566848K)] 982855K->397724K(1253824K), 0.0492590 secs] [Times: user=0.19 sys=0.00, real=0.05 secs] 
2014-07-08T20:43:00.518+0000: 2694.165: [GC [PSYoungGen: 566802K->1330K(547200K)] 962972K->397980K(1234176K), 0.0221520 secs] [Times: user=0.08 sys=0.00, real=0.02 secs] 
2014-07-08T20:43:03.806+0000: 2697.453: [GC [PSYoungGen: 547186K->1650K(529024K)] 943836K->398620K(1216000K), 0.0328290 secs] [Times: user=0.13 sys=0.00, real=0.03 secs] 
2014-07-08T20:43:07.042+0000: 2700.689: [GC [PSYoungGen: 528926K->1408K(634240K)] 925897K->398842K(1321216K), 0.0579460 secs] [Times: user=0.22 sys=0.01, real=0.06 secs] 
2014-07-08T20:43:11.032+0000: 2704.679: [GC [PSYoungGen: 634240K->1636K(761088K)] 1031674K->399382K(1448064K), 0.0570740 secs] [Times: user=0.21 sys=0.01, real=0.06 secs] 
2014-07-08T20:43:15.855+0000: 2709.502: [GC [PSYoungGen: 761060K->1344K(732480K)] 1158806K->399642K(1419456K), 0.0184590 secs] [Times: user=0.07 sys=0.00, real=0.02 secs] 
2014-07-08T20:43:20.489+0000: 2714.137: [GC [PSYoungGen: 732464K->1736K(705920K)] 1130763K->400538K(1392896K), 0.0453070 secs] [Times: user=0.17 sys=0.00, real=0.04 secs] 
2014-07-08T20:43:24.750+0000: 2718.398: [GC [PSYoungGen: 705864K->1266K(679680K)] 1104666K->400812K(1366656K), 0.0123370 secs] [Times: user=0.04 sys=0.00, real=0.01 secs] 
2014-07-08T20:43:29.020+0000: 2722.667: [GC [PSYoungGen: 679666K->1800K(815936K)] 1079212K->401826K(1502912K), 0.0809410 secs] [Times: user=0.32 sys=0.00, real=0.08 secs] 
2014-07-08T20:43:33.977+0000: 2727.624: [GC [PSYoungGen: 815872K->1256K(784448K)] 1215898K->402274K(1471424K), 0.0339570 secs] [Times: user=0.12 sys=0.00, real=0.04 secs] 
2014-07-08T20:43:39.195+0000: 2732.843: [GC [PSYoungGen: 784424K->1664K(755392K)] 1185442K->403170K(1442368K), 0.0292810 secs] [Times: user=0.11 sys=0.00, real=0.03 secs] 
2014-07-08T20:43:43.559+0000: 2737.206: [GC [PSYoungGen: 755392K->1668K(727424K)] 1156898K->403726K(1414400K), 0.0361750 secs] [Times: user=0.14 sys=0.00, real=0.04 secs] 
2014-07-08T20:43:47.619+0000: 2741.266: [GC [PSYoungGen: 727362K->1554K(700544K)] 1129421K->404068K(1387520K), 0.0300860 secs] [Times: user=0.11 sys=0.00, real=0.03 secs] 
2014-07-08T20:43:51.732+0000: 2745.379: [GC [PSYoungGen: 700498K->1344K(674816K)] 1103012K->404330K(1361792K), 0.0293650 secs] [Times: user=0.11 sys=0.01, real=0.03 secs] 
2014-07-08T20:43:55.562+0000: 2749.209: [GC [PSYoungGen: 674816K->1750K(650944K)] 1077802K->405080K(1337920K), 0.0359140 secs] [Times: user=0.13 sys=0.00, real=0.03 secs] 
2014-07-08T20:43:59.337+0000: 2752.984: [GC [PSYoungGen: 650902K->1380K(627328K)] 1054232K->405326K(1314304K), 0.0288970 secs] [Times: user=0.11 sys=0.00, real=0.03 secs] 
2014-07-08T20:44:02.977+0000: 2756.624: [GC [PSYoungGen: 627300K->1764K(605568K)] 1031246K->406006K(1292544K), 0.0332780 secs] [Times: user=0.14 sys=0.00, real=0.03 secs] 
2014-07-08T20:44:06.473+0000: 2760.120: [GC [PSYoungGen: 605540K->1330K(584000K)] 1009782K->406124K(1270976K), 0.0083140 secs] [Times: user=0.02 sys=0.00, real=0.01 secs] 
2014-07-08T20:44:09.646+0000: 2763.293: [GC [PSYoungGen: 583898K->1476K(564032K)] 988692K->406614K(1251008K), 0.0099630 secs] [Times: user=0.03 sys=0.00, real=0.01 secs] 
2014-07-08T20:44:12.777+0000: 2766.424: [GC [PSYoungGen: 563972K->1536K(544768K)] 969110K->406986K(1231744K), 0.0310710 secs] [Times: user=0.12 sys=0.00, real=0.03 secs] 
2014-07-08T20:44:16.260+0000: 2769.907: [GC [PSYoungGen: 544763K->1650K(526528K)] 950213K->407468K(1213504K), 0.0347020 secs] [Times: user=0.14 sys=0.00, real=0.04 secs] 
2014-07-08T20:44:19.492+0000: 2773.139: [GC [PSYoungGen: 526511K->1316K(508608K)] 932329K->407606K(1195584K), 0.0269860 secs] [Times: user=0.11 sys=0.00, real=0.03 secs] 
2014-07-08T20:44:22.653+0000: 2776.300: [GC [PSYoungGen: 508580K->1672K(492224K)] 914870K->408258K(1179200K), 0.0456990 secs] [Times: user=0.18 sys=0.01, real=0.05 secs] 
2014-07-08T20:44:25.556+0000: 2779.203: [GC [PSYoungGen: 492168K->1330K(475776K)] 898754K->408308K(1162752K), 0.0097140 secs] [Times: user=0.02 sys=0.00, real=0.01 secs] 
2014-07-08T20:44:28.477+0000: 2782.124: [GC [PSYoungGen: 475762K->1376K(460480K)] 882740K->408674K(1147456K), 0.0400330 secs] [Times: user=0.15 sys=0.00, real=0.04 secs] 
2014-07-08T20:44:31.152+0000: 2784.800: [GC [PSYoungGen: 460448K->1494K(445952K)] 867746K->409056K(1132928K), 0.0071480 secs] [Times: user=0.02 sys=0.00, real=0.01 secs] 
2014-07-08T20:44:33.609+0000: 2787.257: [GC [PSYoungGen: 445908K->1508K(431936K)] 853471K->409286K(1118912K), 0.0270650 secs] [Times: user=0.09 sys=0.00, real=0.02 secs] 
2014-07-08T20:44:36.012+0000: 2789.659: [GC [PSYoungGen: 431907K->1202K(418176K)] 839686K->409468K(1105152K), 0.0117460 secs] [Times: user=0.05 sys=0.00, real=0.01 secs] 
2014-07-08T20:44:38.627+0000: 2792.274: [GC [PSYoungGen: 418162K->1490K(405632K)] 826428K->410004K(1092608K), 0.0318650 secs] [Times: user=0.12 sys=0.00, real=0.04 secs] 
2014-07-08T20:44:41.065+0000: 2794.712: [GC [PSYoungGen: 405584K->1412K(486400K)] 814098K->410190K(1173376K), 0.0471050 secs] [Times: user=0.15 sys=0.00, real=0.05 secs] 
2014-07-08T20:44:43.584+0000: 2797.231: [GC [PSYoungGen: 486340K->1622K(470784K)] 895118K->410592K(1157760K), 0.0103220 secs] [Times: user=0.03 sys=0.00, real=0.01 secs] 
2014-07-08T20:44:46.378+0000: 2800.025: [GC [PSYoungGen: 470742K->1142K(455168K)] 879712K->410848K(1142144K), 0.0113760 secs] [Times: user=0.04 sys=0.00, real=0.02 secs] 
2014-07-08T20:44:48.752+0000: 2802.399: [GC [PSYoungGen: 455129K->1440K(441024K)] 864836K->411394K(1128000K), 0.0330580 secs] [Times: user=0.12 sys=0.01, real=0.03 secs] 
2014-07-08T20:44:51.546+0000: 2805.193: [GC [PSYoungGen: 440990K->1444K(427200K)] 850944K->411662K(1114176K), 0.0093980 secs] [Times: user=0.03 sys=0.00, real=0.01 secs] 
2014-07-08T20:44:53.836+0000: 2807.483: [GC [PSYoungGen: 427172K->1540K(414080K)] 837390K->411974K(1101056K), 0.0284580 secs] [Times: user=0.09 sys=0.01, real=0.03 secs] 
2014-07-08T20:44:56.429+0000: 2810.076: [GC [PSYoungGen: 414013K->1202K(496192K)] 824448K->412100K(1183168K), 0.0483650 secs] [Times: user=0.18 sys=0.00, real=0.05 secs] 
2014-07-08T20:44:59.030+0000: 2812.677: [GC [PSYoungGen: 496178K->1526K(595520K)] 907076K->412656K(1282496K), 0.0296830 secs] [Times: user=0.11 sys=0.00, real=0.03 secs] 
2014-07-08T20:45:02.925+0000: 2816.572: [GC [PSYoungGen: 595510K->1394K(714240K)] 1006640K->412844K(1401216K), 0.0328370 secs] [Times: user=0.12 sys=0.00, real=0.03 secs] 
2014-07-08T20:45:06.801+0000: 2820.448: [GC [PSYoungGen: 714226K->1600K(688256K)] 1125676K->413434K(1375232K), 0.0199150 secs] [Times: user=0.08 sys=0.00, real=0.02 secs] 
2014-07-08T20:45:10.750+0000: 2824.397: [GC [PSYoungGen: 688256K->996K(662720K)] 1100090K->413702K(1349696K), 0.0469330 secs] [Times: user=0.18 sys=0.00, real=0.05 secs] 
2014-07-08T20:45:14.679+0000: 2828.326: [GC [PSYoungGen: 662692K->1728K(795776K)] 1075398K->414754K(1482752K), 0.0457870 secs] [Times: user=0.17 sys=0.00, real=0.05 secs] 
2014-07-08T20:45:19.558+0000: 2833.205: [GC [PSYoungGen: 795776K->1394K(765504K)] 1208802K->415156K(1452480K), 0.0144240 secs] [Times: user=0.04 sys=0.00, real=0.01 secs] 
2014-07-08T20:45:24.190+0000: 2837.837: [GC [PSYoungGen: 765490K->1832K(737408K)] 1179252K->415962K(1424384K), 0.0373450 secs] [Times: user=0.14 sys=0.00, real=0.04 secs] 
2014-07-08T20:45:28.736+0000: 2842.383: [GC [PSYoungGen: 737384K->1138K(709504K)] 1151514K->416188K(1396480K), 0.0117420 secs] [Times: user=0.02 sys=0.00, real=0.01 secs] 
2014-07-08T20:45:32.919+0000: 2846.567: [GC [PSYoungGen: 709490K->1810K(684288K)] 1124540K->417260K(1371264K), 0.0465760 secs] [Times: user=0.18 sys=0.00, real=0.05 secs] 
2014-07-08T20:45:37.512+0000: 2851.159: [GC [PSYoungGen: 684242K->1522K(659264K)] 1099692K->417508K(1346240K), 0.0193280 secs] [Times: user=0.06 sys=0.00, real=0.02 secs] 
2014-07-08T20:45:41.621+0000: 2855.268: [GC [PSYoungGen: 659250K->1504K(635648K)] 1075236K->417898K(1322624K), 0.0256820 secs] [Times: user=0.09 sys=0.01, real=0.02 secs] 
2014-07-08T20:45:45.569+0000: 2859.217: [GC [PSYoungGen: 635616K->1586K(613184K)] 1052010K->418324K(1300160K), 0.0461620 secs] [Times: user=0.18 sys=0.00, real=0.04 secs] 
2014-07-08T20:45:49.158+0000: 2862.805: [GC [PSYoungGen: 613170K->1472K(591552K)] 1029908K->418658K(1278528K), 0.0406900 secs] [Times: user=0.16 sys=0.00, real=0.05 secs] 
2014-07-08T20:45:52.850+0000: 2866.497: [GC [PSYoungGen: 591552K->1554K(709696K)] 1008738K->419084K(1396672K), 0.0503760 secs] [Times: user=0.20 sys=0.01, real=0.05 secs] 
2014-07-08T20:45:56.968+0000: 2870.616: [GC [PSYoungGen: 709650K->1732K(851520K)] 1127180K->419638K(1538496K), 0.0500350 secs] [Times: user=0.19 sys=0.00, real=0.05 secs] 
2014-07-08T20:46:02.463+0000: 2876.110: [GC [PSYoungGen: 851460K->1252K(1020992K)] 1269366K->419958K(1707968K), 0.0617940 secs] [Times: user=0.24 sys=0.00, real=0.06 secs] 
2014-07-08T20:46:08.671+0000: 2882.318: [GC [PSYoungGen: 1020964K->1792K(980864K)] 1439670K->420954K(1667840K), 0.0116040 secs] [Times: user=0.03 sys=0.00, real=0.02 secs] 
2014-07-08T20:46:14.669+0000: 2888.316: [GC [PSYoungGen: 980864K->1586K(941952K)] 1400026K->421572K(1628928K), 0.0396060 secs] [Times: user=0.16 sys=0.00, real=0.04 secs] 
2014-07-08T20:46:20.885+0000: 2894.532: [GC [PSYoungGen: 941938K->1928K(905472K)] 1361924K->422474K(1592448K), 0.0291850 secs] [Times: user=0.11 sys=0.00, real=0.03 secs] 
2014-07-08T20:46:26.763+0000: 2900.410: [GC [PSYoungGen: 905416K->1472K(869824K)] 1325962K->422730K(1556800K), 0.0115880 secs] [Times: user=0.04 sys=0.00, real=0.02 secs] 
2014-07-08T20:46:31.916+0000: 2905.563: [GC [PSYoungGen: 869733K->1700K(836608K)] 1290992K->423494K(1523584K), 0.0088930 secs] [Times: user=0.03 sys=0.00, real=0.01 secs] 
2014-07-08T20:46:36.787+0000: 2910.434: [GC [PSYoungGen: 836580K->1650K(804672K)] 1258374K->423932K(1491648K), 0.0347310 secs] [Times: user=0.13 sys=0.00, real=0.03 secs] 
2014-07-08T20:46:41.943+0000: 2915.590: [GC [PSYoungGen: 804658K->1554K(774272K)] 1226940K->424340K(1461248K), 0.0262540 secs] [Times: user=0.10 sys=0.00, real=0.03 secs] 
2014-07-08T20:46:46.674+0000: 2920.321: [GC [PSYoungGen: 774226K->1632K(745408K)] 1197012K->424866K(1432384K), 0.0434260 secs] [Times: user=0.16 sys=0.00, real=0.05 secs] 
2014-07-08T20:46:51.029+0000: 2924.676: [GC [PSYoungGen: 745376K->1718K(717888K)] 1168610K->425416K(1404864K), 0.0368160 secs] [Times: user=0.15 sys=0.00, real=0.03 secs] 
2014-07-08T20:46:55.509+0000: 2929.156: [GC [PSYoungGen: 717878K->1536K(691392K)] 1141576K->425690K(1378368K), 0.0502650 secs] [Times: user=0.20 sys=0.00, real=0.05 secs] 
2014-07-08T20:46:59.782+0000: 2933.429: [GC [PSYoungGen: 691392K->1504K(666304K)] 1115546K->426130K(1353280K), 0.0357050 secs] [Times: user=0.14 sys=0.01, real=0.03 secs] 
2014-07-08T20:47:03.887+0000: 2937.534: [GC [PSYoungGen: 666272K->1728K(642560K)] 1090898K->426770K(1329536K), 0.0284600 secs] [Times: user=0.11 sys=0.00, real=0.03 secs] 
2014-07-08T20:47:07.940+0000: 2941.587: [GC [PSYoungGen: 642560K->1718K(619712K)] 1067602K->427184K(1306688K), 0.0167040 secs] [Times: user=0.05 sys=0.00, real=0.02 secs] 
2014-07-08T20:47:11.807+0000: 2945.454: [GC [PSYoungGen: 619700K->1216K(597440K)] 1045166K->427170K(1284416K), 0.0673070 secs] [Times: user=0.26 sys=0.00, real=0.07 secs] 
2014-07-08T20:47:15.563+0000: 2949.210: [GC [PSYoungGen: 597440K->1714K(577152K)] 1023394K->427988K(1264128K), 0.0414990 secs] [Times: user=0.16 sys=0.00, real=0.04 secs] 
2014-07-08T20:47:18.929+0000: 2952.576: [GC [PSYoungGen: 577138K->1472K(557056K)] 1003412K->428202K(1244032K), 0.0205780 secs] [Times: user=0.08 sys=0.00, real=0.02 secs] 
2014-07-08T20:47:22.596+0000: 2956.243: [GC [PSYoungGen: 557007K->1490K(538176K)] 983737K->428492K(1225152K), 0.0381950 secs] [Times: user=0.15 sys=0.00, real=0.04 secs] 
2014-07-08T20:47:25.912+0000: 2959.559: [GC [PSYoungGen: 538130K->1508K(520064K)] 965132K->428926K(1207040K), 0.0364110 secs] [Times: user=0.14 sys=0.00, real=0.04 secs] 
2014-07-08T20:47:29.301+0000: 2962.948: [GC [PSYoungGen: 520036K->1536K(623808K)] 947454K->429314K(1310784K), 0.0456650 secs] [Times: user=0.18 sys=0.00, real=0.05 secs] 
2014-07-08T20:47:33.313+0000: 2966.961: [GC [PSYoungGen: 623808K->1444K(601792K)] 1051586K->429622K(1288768K), 0.0277110 secs] [Times: user=0.11 sys=0.00, real=0.03 secs] 
2014-07-08T20:47:36.817+0000: 2970.464: [GC [PSYoungGen: 601764K->1440K(580800K)] 1029942K->430002K(1267776K), 0.0213870 secs] [Times: user=0.07 sys=0.00, real=0.02 secs] 
2014-07-08T20:47:40.498+0000: 2974.145: [GC [PSYoungGen: 580768K->1540K(560896K)] 1009330K->430454K(1247872K), 0.0443360 secs] [Times: user=0.16 sys=0.00, real=0.04 secs] 
2014-07-08T20:47:43.920+0000: 2977.567: [GC [PSYoungGen: 560827K->1472K(541632K)] 989741K->430698K(1228608K), 0.0114000 secs] [Times: user=0.03 sys=0.00, real=0.01 secs] 
2014-07-08T20:47:47.235+0000: 2980.882: [GC [PSYoungGen: 541632K->1320K(523264K)] 970858K->431234K(1210240K), 0.0410650 secs] [Times: user=0.16 sys=0.00, real=0.05 secs] 
2014-07-08T20:47:50.553+0000: 2984.200: [GC [PSYoungGen: 523239K->1554K(506112K)] 953154K->431780K(1193088K), 0.0363740 secs] [Times: user=0.14 sys=0.01, real=0.04 secs] 
2014-07-08T20:47:53.716+0000: 2987.363: [GC [PSYoungGen: 506066K->1572K(489472K)] 936292K->432126K(1176448K), 0.0254870 secs] [Times: user=0.09 sys=0.00, real=0.03 secs] 
2014-07-08T20:47:56.754+0000: 2990.402: [GC [PSYoungGen: 489444K->1672K(473664K)] 919998K->432610K(1160640K), 0.0326110 secs] [Times: user=0.12 sys=0.00, real=0.03 secs] 
2014-07-08T20:47:59.728+0000: 2993.375: [GC [PSYoungGen: 473608K->1206K(567552K)] 904546K->432776K(1254528K), 0.0735470 secs] [Times: user=0.28 sys=0.00, real=0.07 secs] 
2014-07-08T20:48:03.208+0000: 2996.855: [GC [PSYoungGen: 567542K->1732K(681408K)] 999112K->433558K(1368384K), 0.0320640 secs] [Times: user=0.11 sys=0.00, real=0.04 secs] 
2014-07-08T20:48:07.214+0000: 3000.861: [GC [PSYoungGen: 681348K->1526K(817088K)] 1113174K->433864K(1504064K), 0.0262930 secs] [Times: user=0.10 sys=0.01, real=0.03 secs] 
2014-07-08T20:48:11.961+0000: 3005.608: [GC [PSYoungGen: 817078K->1536K(980224K)] 1249416K->434210K(1667200K), 0.0397630 secs] [Times: user=0.16 sys=0.00, real=0.04 secs] 
2014-07-08T20:48:17.938+0000: 3011.585: [GC [PSYoungGen: 980224K->1472K(941440K)] 1412898K->434690K(1628416K), 0.0300710 secs] [Times: user=0.10 sys=0.00, real=0.03 secs] 
2014-07-08T20:48:23.840+0000: 3017.487: [GC [PSYoungGen: 941425K->1928K(905088K)] 1374644K->435690K(1592064K), 0.0304980 secs] [Times: user=0.11 sys=0.00, real=0.03 secs] 
2014-07-08T20:48:28.950+0000: 3022.597: [GC [PSYoungGen: 905032K->1202K(869248K)] 1338794K->435868K(1556224K), 0.0097880 secs] [Times: user=0.04 sys=0.00, real=0.01 secs] 
2014-07-08T20:48:34.539+0000: 3028.186: [GC [PSYoungGen: 869234K->2220K(836864K)] 1303900K->437334K(1523840K), 0.0652050 secs] [Times: user=0.25 sys=0.00, real=0.07 secs] 
2014-07-08T20:48:39.805+0000: 3033.452: [GC [PSYoungGen: 836844K->1316K(804096K)] 1271958K->437326K(1491072K), 0.0091830 secs] [Times: user=0.03 sys=0.00, real=0.01 secs] 
2014-07-08T20:48:44.646+0000: 3038.293: [GC [PSYoungGen: 804063K->1874K(774336K)] 1240074K->438308K(1461312K), 0.0433190 secs] [Times: user=0.16 sys=0.01, real=0.04 secs] 
2014-07-08T20:48:49.140+0000: 3042.787: [GC [PSYoungGen: 774290K->1604K(745152K)] 1210724K->438606K(1432128K), 0.0243590 secs] [Times: user=0.09 sys=0.00, real=0.02 secs] 
2014-07-08T20:48:53.914+0000: 3047.561: [GC [PSYoungGen: 745027K->1632K(717568K)] 1182030K->439010K(1404544K), 0.0135620 secs] [Times: user=0.03 sys=0.00, real=0.02 secs] 
2014-07-08T20:48:58.394+0000: 3052.041: [GC [PSYoungGen: 717477K->1700K(691328K)] 1154855K->439574K(1378304K), 0.0282830 secs] [Times: user=0.11 sys=0.00, real=0.03 secs] 
2014-07-08T20:49:02.771+0000: 3056.418: [GC [PSYoungGen: 691300K->1618K(666176K)] 1129174K->439876K(1353152K), 0.0460940 secs] [Times: user=0.17 sys=0.00, real=0.04 secs] 
2014-07-08T20:49:06.662+0000: 3060.309: [GC [PSYoungGen: 666130K->1508K(642112K)] 1104388K->440238K(1329088K), 0.0326540 secs] [Times: user=0.12 sys=0.00, real=0.03 secs] 
2014-07-08T20:49:10.661+0000: 3064.309: [GC [PSYoungGen: 642084K->1554K(619392K)] 1080814K->440676K(1306368K), 0.0458640 secs] [Times: user=0.17 sys=0.00, real=0.04 secs] 
2014-07-08T20:49:14.438+0000: 3068.085: [GC [PSYoungGen: 619346K->1618K(597696K)] 1058468K->441092K(1284672K), 0.0496060 secs] [Times: user=0.19 sys=0.00, real=0.05 secs] 
2014-07-08T20:49:18.070+0000: 3071.718: [GC [PSYoungGen: 597650K->1522K(576768K)] 1037124K->441436K(1263744K), 0.0310630 secs] [Times: user=0.11 sys=0.00, real=0.03 secs] 
2014-07-08T20:49:21.366+0000: 3075.013: [GC [PSYoungGen: 576754K->1586K(556992K)] 1016668K->441852K(1243968K), 0.0405310 secs] [Times: user=0.16 sys=0.00, real=0.04 secs] 
2014-07-08T20:49:24.561+0000: 3078.208: [GC [PSYoungGen: 556978K->1522K(668032K)] 997244K->442060K(1355008K), 0.0379970 secs] [Times: user=0.14 sys=0.00, real=0.04 secs] 
2014-07-08T20:49:28.228+0000: 3081.876: [GC [PSYoungGen: 668018K->1654K(644160K)] 1108556K->442608K(1331136K), 0.0291480 secs] [Times: user=0.11 sys=0.00, real=0.03 secs] 
2014-07-08T20:49:31.956+0000: 3085.604: [GC [PSYoungGen: 644150K->1376K(620992K)] 1085104K->442634K(1307968K), 0.0222940 secs] [Times: user=0.08 sys=0.00, real=0.02 secs] 
2014-07-08T20:49:35.646+0000: 3089.294: [GC [PSYoungGen: 620877K->1586K(599360K)] 1062135K->443180K(1286336K), 0.0409440 secs] [Times: user=0.16 sys=0.01, real=0.04 secs] 
2014-07-08T20:49:38.807+0000: 3092.454: [GC [PSYoungGen: 599346K->1426K(578368K)] 1040940K->443436K(1265344K), 0.0226320 secs] [Times: user=0.09 sys=0.00, real=0.02 secs] 
2014-07-08T20:49:42.258+0000: 3095.905: [GC [PSYoungGen: 578322K->1444K(558464K)] 1020332K->443718K(1245440K), 0.0083490 secs] [Times: user=0.02 sys=0.00, real=0.01 secs] 
2014-07-08T20:49:45.678+0000: 3099.325: [GC [PSYoungGen: 558436K->1650K(539648K)] 1000710K->444252K(1226624K), 0.0506010 secs] [Times: user=0.18 sys=0.00, real=0.05 secs] 
2014-07-08T20:49:48.769+0000: 3102.416: [GC [PSYoungGen: 539634K->1312K(521152K)] 982236K->444282K(1208128K), 0.0189000 secs] [Times: user=0.06 sys=0.00, real=0.02 secs] 
2014-07-08T20:49:51.651+0000: 3105.298: [GC [PSYoungGen: 521114K->1622K(504128K)] 964085K->444840K(1191104K), 0.0431680 secs] [Times: user=0.16 sys=0.01, real=0.04 secs] 
2014-07-08T20:49:54.267+0000: 3107.914: [GC [PSYoungGen: 504083K->1508K(604544K)] 947302K->445030K(1291520K), 0.0569430 secs] [Times: user=0.23 sys=0.01, real=0.05 secs] 
2014-07-08T20:49:57.794+0000: 3111.441: [GC [PSYoungGen: 604516K->1590K(725248K)] 1048038K->445472K(1412224K), 0.0303220 secs] [Times: user=0.11 sys=0.01, real=0.03 secs] 
2014-07-08T20:50:01.997+0000: 3115.644: [GC [PSYoungGen: 725238K->1408K(869824K)] 1169120K->445666K(1556800K), 0.0237290 secs] [Times: user=0.09 sys=0.00, real=0.02 secs] 
2014-07-08T20:50:06.954+0000: 3120.601: [GC [PSYoungGen: 869812K->1796K(836800K)] 1314071K->446430K(1523776K), 0.0416350 secs] [Times: user=0.15 sys=0.00, real=0.04 secs] 
2014-07-08T20:50:11.828+0000: 3125.475: [GC [PSYoungGen: 836740K->1124K(804224K)] 1281374K->446670K(1491200K), 0.0371480 secs] [Times: user=0.14 sys=0.00, real=0.04 secs] 
2014-07-08T20:50:16.647+0000: 3130.294: [GC [PSYoungGen: 804196K->1778K(774528K)] 1249742K->447676K(1461504K), 0.0078320 secs] [Times: user=0.03 sys=0.00, real=0.01 secs] 
2014-07-08T20:50:20.989+0000: 3134.637: [GC [PSYoungGen: 774514K->1572K(745408K)] 1220412K->448054K(1432384K), 0.0295550 secs] [Times: user=0.11 sys=0.00, real=0.03 secs] 
2014-07-08T20:50:25.147+0000: 3138.794: [GC [PSYoungGen: 745380K->1832K(718080K)] 1191862K->448642K(1405056K), 0.0101910 secs] [Times: user=0.04 sys=0.01, real=0.01 secs] 
2014-07-08T20:50:29.173+0000: 3142.820: [GC [PSYoungGen: 718056K->1316K(691264K)] 1164866K->448782K(1378240K), 0.0516840 secs] [Times: user=0.18 sys=0.01, real=0.05 secs] 
2014-07-08T20:50:33.270+0000: 3146.917: [GC [PSYoungGen: 691236K->1554K(666432K)] 1138702K->449340K(1353408K), 0.0305330 secs] [Times: user=0.12 sys=0.00, real=0.03 secs] 
2014-07-08T20:50:37.063+0000: 3150.710: [GC [PSYoungGen: 666386K->1622K(642560K)] 1114172K->449840K(1329536K), 0.0212040 secs] [Times: user=0.07 sys=0.00, real=0.02 secs] 
2014-07-08T20:50:40.834+0000: 3154.481: [GC [PSYoungGen: 642518K->1458K(619520K)] 1090736K->450028K(1306496K), 0.0457130 secs] [Times: user=0.18 sys=0.00, real=0.04 secs] 
2014-07-08T20:50:44.488+0000: 3158.135: [GC [PSYoungGen: 619506K->1526K(597824K)] 1068076K->450544K(1284800K), 0.0530890 secs] [Times: user=0.15 sys=0.00, real=0.05 secs] 
2014-07-08T20:50:47.793+0000: 3161.440: [GC [PSYoungGen: 597801K->1408K(576896K)] 1046819K->450858K(1263872K), 0.0103760 secs] [Times: user=0.03 sys=0.00, real=0.01 secs] 
2014-07-08T20:50:51.158+0000: 3164.805: [GC [PSYoungGen: 576896K->1586K(557248K)] 1026346K->451364K(1244224K), 0.0260790 secs] [Times: user=0.09 sys=0.01, real=0.03 secs] 
2014-07-08T20:50:54.510+0000: 3168.157: [GC [PSYoungGen: 557234K->1650K(538368K)] 1007012K->451716K(1225344K), 0.0509810 secs] [Times: user=0.19 sys=0.00, real=0.05 secs] 
2014-07-08T20:50:57.627+0000: 3171.274: [GC [PSYoungGen: 538354K->1398K(520000K)] 988420K->452008K(1206976K), 0.0260860 secs] [Times: user=0.09 sys=0.01, real=0.02 secs] 
2014-07-08T20:51:00.818+0000: 3174.465: [GC [PSYoungGen: 519990K->1458K(502784K)] 970600K->452324K(1189760K), 0.0118320 secs] [Times: user=0.02 sys=0.01, real=0.01 secs] 
2014-07-08T20:51:03.859+0000: 3177.506: [GC [PSYoungGen: 502765K->1750K(486592K)] 953631K->452912K(1173568K), 0.0216330 secs] [Times: user=0.07 sys=0.00, real=0.02 secs] 
2014-07-08T20:51:06.663+0000: 3180.311: [GC [PSYoungGen: 486550K->1622K(470656K)] 937712K->453192K(1157632K), 0.0307430 secs] [Times: user=0.12 sys=0.00, real=0.03 secs] 
2014-07-08T20:51:09.600+0000: 3183.247: [GC [PSYoungGen: 470614K->1078K(454976K)] 922184K->453416K(1141952K), 0.0342630 secs] [Times: user=0.13 sys=0.00, real=0.03 secs] 
2014-07-08T20:51:12.530+0000: 3186.177: [GC [PSYoungGen: 454966K->1650K(546368K)] 907304K->454292K(1233344K), 0.0618740 secs] [Times: user=0.25 sys=0.00, real=0.06 secs] 
2014-07-08T20:51:15.934+0000: 3189.581: [GC [PSYoungGen: 546354K->1554K(527872K)] 998996K->454580K(1214848K), 0.0071930 secs] [Times: user=0.03 sys=0.00, real=0.01 secs] 
2014-07-08T20:51:18.944+0000: 3192.591: [GC [PSYoungGen: 527803K->1686K(510400K)] 980830K->455096K(1197376K), 0.0270510 secs] [Times: user=0.08 sys=0.00, real=0.03 secs] 
2014-07-08T20:51:22.000+0000: 3195.648: [GC [PSYoungGen: 510351K->1074K(492928K)] 963761K->455028K(1179904K), 0.0184820 secs] [Times: user=0.07 sys=0.00, real=0.02 secs] 
2014-07-08T20:51:24.996+0000: 3198.644: [GC [PSYoungGen: 492914K->1586K(477312K)] 946868K->455796K(1164288K), 0.0183130 secs] [Times: user=0.06 sys=0.00, real=0.02 secs] 
2014-07-08T20:51:27.987+0000: 3201.634: [GC [PSYoungGen: 477297K->1394K(461696K)] 931507K->456028K(1148672K), 0.0096590 secs] [Times: user=0.04 sys=0.01, real=0.01 secs] 
2014-07-08T20:51:30.841+0000: 3204.488: [GC [PSYoungGen: 461682K->1444K(447040K)] 916316K->456334K(1134016K), 0.0114510 secs] [Times: user=0.04 sys=0.00, real=0.01 secs] 
2014-07-08T20:51:33.409+0000: 3207.056: [GC [PSYoungGen: 447012K->1270K(432768K)] 901902K->456648K(1119744K), 0.0329720 secs] [Times: user=0.12 sys=0.01, real=0.04 secs] 
2014-07-08T20:51:36.105+0000: 3209.752: [GC [PSYoungGen: 432758K->1408K(419392K)] 888136K->457122K(1106368K), 0.0097120 secs] [Times: user=0.03 sys=0.01, real=0.01 secs] 
2014-07-08T20:51:38.694+0000: 3212.341: [GC [PSYoungGen: 419392K->1462K(406592K)] 875106K->457520K(1093568K), 0.0295950 secs] [Times: user=0.10 sys=0.00, real=0.03 secs] 
2014-07-08T20:51:40.994+0000: 3214.641: [GC [PSYoungGen: 406582K->1412K(394240K)] 862640K->457702K(1081216K), 0.0349830 secs] [Times: user=0.11 sys=0.00, real=0.03 secs] 
2014-07-08T20:51:43.385+0000: 3217.032: [GC [PSYoungGen: 394180K->1344K(472704K)] 850470K->457866K(1159680K), 0.0456770 secs] [Times: user=0.18 sys=0.00, real=0.04 secs] 
2014-07-08T20:51:46.290+0000: 3219.937: [GC [PSYoungGen: 472696K->1572K(567232K)] 929219K->458422K(1254208K), 0.0301120 secs] [Times: user=0.12 sys=0.00, real=0.03 secs] 
2014-07-08T20:51:49.927+0000: 3223.574: [GC [PSYoungGen: 567199K->1216K(680000K)] 1024050K->458648K(1366976K), 0.0326460 secs] [Times: user=0.13 sys=0.01, real=0.03 secs] 
2014-07-08T20:51:53.950+0000: 3227.597: [GC [PSYoungGen: 679992K->1700K(816320K)] 1137425K->459412K(1503296K), 0.0411200 secs] [Times: user=0.14 sys=0.00, real=0.04 secs] 
2014-07-08T20:51:58.829+0000: 3232.476: [GC [PSYoungGen: 816292K->1188K(784896K)] 1274004K->459756K(1471872K), 0.0204990 secs] [Times: user=0.08 sys=0.00, real=0.02 secs] 
2014-07-08T20:52:03.712+0000: 3237.359: [GC [PSYoungGen: 784868K->1938K(756224K)] 1243436K->460962K(1443200K), 0.0393230 secs] [Times: user=0.16 sys=0.00, real=0.04 secs] 
2014-07-08T20:52:08.167+0000: 3241.814: [GC [PSYoungGen: 756178K->1188K(727360K)] 1215202K->461124K(1414336K), 0.0137800 secs] [Times: user=0.05 sys=0.01, real=0.01 secs] 
2014-07-08T20:52:13.032+0000: 3246.679: [GC [PSYoungGen: 727332K->1874K(701312K)] 1187268K->462218K(1388288K), 0.0412170 secs] [Times: user=0.16 sys=0.00, real=0.04 secs] 
2014-07-08T20:52:17.332+0000: 3250.980: [GC [PSYoungGen: 701266K->1536K(675392K)] 1161610K->462464K(1362368K), 0.0317000 secs] [Times: user=0.12 sys=0.00, real=0.03 secs] 
2014-07-08T20:52:21.497+0000: 3255.144: [GC [PSYoungGen: 675392K->1604K(651200K)] 1136320K->462932K(1338176K), 0.0276570 secs] [Times: user=0.09 sys=0.00, real=0.03 secs] 
2014-07-08T20:52:25.566+0000: 3259.213: [GC [PSYoungGen: 651140K->1572K(627904K)] 1112468K->463356K(1314880K), 0.0408100 secs] [Times: user=0.16 sys=0.00, real=0.04 secs] 
2014-07-08T20:52:29.246+0000: 3262.893: [GC [PSYoungGen: 627876K->1718K(605888K)] 1089660K->463950K(1292864K), 0.0396920 secs] [Times: user=0.16 sys=0.00, real=0.04 secs] 
2014-07-08T20:52:32.989+0000: 3266.636: [GC [PSYoungGen: 605878K->1586K(584640K)] 1068110K->464170K(1271616K), 0.0086260 secs] [Times: user=0.03 sys=0.00, real=0.01 secs] 
2014-07-08T20:52:36.364+0000: 3270.011: [GC [PSYoungGen: 584565K->1586K(564480K)] 1047149K->464546K(1251456K), 0.0384870 secs] [Times: user=0.15 sys=0.00, real=0.04 secs] 
2014-07-08T20:52:39.773+0000: 3273.420: [GC [PSYoungGen: 564466K->1344K(544960K)] 1027426K->464648K(1231936K), 0.0132280 secs] [Times: user=0.05 sys=0.00, real=0.01 secs] 
2014-07-08T20:52:43.131+0000: 3276.778: [GC [PSYoungGen: 544960K->1540K(526784K)] 1008264K->465156K(1213760K), 0.0276230 secs] [Times: user=0.09 sys=0.01, real=0.02 secs] 
2014-07-08T20:52:46.349+0000: 3279.996: [GC [PSYoungGen: 526724K->1568K(509184K)] 990340K->465584K(1196160K), 0.0295180 secs] [Times: user=0.12 sys=0.00, real=0.03 secs] 
2014-07-08T20:52:49.509+0000: 3283.156: [GC [PSYoungGen: 509128K->1636K(492416K)] 973144K->465996K(1179392K), 0.0422180 secs] [Times: user=0.15 sys=0.01, real=0.04 secs] 
2014-07-08T20:52:52.401+0000: 3286.048: [GC [PSYoungGen: 492290K->1260K(590208K)] 956650K->466332K(1277184K), 0.0508270 secs] [Times: user=0.20 sys=0.00, real=0.05 secs] 
2014-07-08T20:52:55.934+0000: 3289.581: [GC [PSYoungGen: 590141K->1686K(570176K)] 1055213K->466990K(1257152K), 0.0080210 secs] [Times: user=0.03 sys=0.00, real=0.00 secs] 
2014-07-08T20:52:59.307+0000: 3292.954: [GC [PSYoungGen: 570134K->1472K(550400K)] 1035438K->467272K(1237376K), 0.0124250 secs] [Times: user=0.04 sys=0.01, real=0.01 secs] 
2014-07-08T20:53:02.677+0000: 3296.324: [GC [PSYoungGen: 550400K->1586K(531904K)] 1016200K->467682K(1218880K), 0.0383310 secs] [Times: user=0.14 sys=0.00, real=0.04 secs] 
2014-07-08T20:53:06.057+0000: 3299.704: [GC [PSYoungGen: 531890K->1448K(513984K)] 997986K->468064K(1200960K), 0.0288400 secs] [Times: user=0.12 sys=0.00, real=0.03 secs] 
2014-07-08T20:53:09.126+0000: 3302.773: [GC [PSYoungGen: 513960K->1344K(496832K)] 980576K->468312K(1183808K), 0.0375720 secs] [Times: user=0.14 sys=0.00, real=0.03 secs] 
2014-07-08T20:53:12.387+0000: 3306.034: [GC [PSYoungGen: 496830K->1604K(596288K)] 963798K->468884K(1283264K), 0.0551030 secs] [Times: user=0.22 sys=0.00, real=0.05 secs] 
2014-07-08T20:53:15.997+0000: 3309.644: [GC [PSYoungGen: 596228K->1686K(715328K)] 1063508K->469286K(1402304K), 0.0386060 secs] [Times: user=0.14 sys=0.00, real=0.03 secs] 
2014-07-08T20:53:20.730+0000: 3314.377: [GC [PSYoungGen: 715286K->1138K(688576K)] 1182886K->469514K(1375552K), 0.0170190 secs] [Times: user=0.06 sys=0.00, real=0.02 secs] 
2014-07-08T20:53:24.984+0000: 3318.631: [GC [PSYoungGen: 688562K->1892K(664384K)] 1156938K->470644K(1351360K), 0.0089590 secs] [Times: user=0.03 sys=0.00, real=0.01 secs] 
2014-07-08T20:53:28.921+0000: 3322.568: [GC [PSYoungGen: 664332K->1444K(640128K)] 1133085K->470772K(1327104K), 0.0440820 secs] [Times: user=0.16 sys=0.00, real=0.04 secs] 
2014-07-08T20:53:32.889+0000: 3326.536: [GC [PSYoungGen: 640100K->1732K(617728K)] 1109428K->471412K(1304704K), 0.0445990 secs] [Times: user=0.17 sys=0.00, real=0.05 secs] 
2014-07-08T20:53:36.329+0000: 3329.976: [GC [PSYoungGen: 617666K->1380K(595648K)] 1087347K->471668K(1282624K), 0.0312870 secs] [Times: user=0.12 sys=0.00, real=0.04 secs] 
2014-07-08T20:53:39.872+0000: 3333.519: [GC [PSYoungGen: 595620K->1590K(575168K)] 1065908K->472214K(1262144K), 0.0442030 secs] [Times: user=0.17 sys=0.01, real=0.04 secs] 
2014-07-08T20:53:43.368+0000: 3337.015: [GC [PSYoungGen: 575158K->1650K(689984K)] 1045782K->472634K(1376960K), 0.0585150 secs] [Times: user=0.22 sys=0.01, real=0.06 secs] 
2014-07-08T20:53:47.799+0000: 3341.446: [GC [PSYoungGen: 689970K->1618K(827648K)] 1160954K->472994K(1514624K), 0.0624330 secs] [Times: user=0.24 sys=0.00, real=0.07 secs] 
2014-07-08T20:53:52.994+0000: 3346.641: [GC [PSYoungGen: 827601K->1330K(992576K)] 1298977K->473354K(1679552K), 0.0351140 secs] [Times: user=0.14 sys=0.00, real=0.03 secs] 
2014-07-08T20:53:58.862+0000: 3352.509: [GC [PSYoungGen: 992489K->1760K(953728K)] 1464513K->474256K(1640704K), 0.0259290 secs] [Times: user=0.10 sys=0.00, real=0.03 secs] 
2014-07-08T20:54:03.923+0000: 3357.570: [GC [PSYoungGen: 953696K->1536K(916032K)] 1426192K->474664K(1603008K), 0.0470560 secs] [Times: user=0.16 sys=0.00, real=0.04 secs] 
2014-07-08T20:54:09.507+0000: 3363.154: [GC [PSYoungGen: 915978K->1824K(880704K)] 1389107K->475464K(1567680K), 0.0244040 secs] [Times: user=0.09 sys=0.01, real=0.02 secs] 
2014-07-08T20:54:14.468+0000: 3368.115: [GC [PSYoungGen: 880661K->1384K(846336K)] 1354301K->475896K(1533312K), 0.0291330 secs] [Times: user=0.10 sys=0.00, real=0.03 secs] 
2014-07-08T20:54:19.161+0000: 3372.808: [GC [PSYoungGen: 846220K->1796K(814464K)] 1320733K->476844K(1501440K), 0.0232550 secs] [Times: user=0.09 sys=0.01, real=0.02 secs] 
2014-07-08T20:54:23.884+0000: 3377.531: [GC [PSYoungGen: 814404K->1654K(783488K)] 1289452K->477190K(1470464K), 0.0512630 secs] [Times: user=0.20 sys=0.00, real=0.05 secs] 
2014-07-08T20:54:28.471+0000: 3382.118: [GC [PSYoungGen: 783393K->1668K(754176K)] 1258930K->477684K(1441152K), 0.0310100 secs] [Times: user=0.12 sys=0.00, real=0.03 secs] 
2014-07-08T20:54:32.904+0000: 3386.551: [GC [PSYoungGen: 754116K->1508K(726016K)] 1230132K->477940K(1412992K), 0.0095330 secs] [Times: user=0.03 sys=0.00, real=0.01 secs] 
2014-07-08T20:54:37.073+0000: 3390.720: [GC [PSYoungGen: 725988K->1682K(699520K)] 1202420K->478546K(1386496K), 0.0256780 secs] [Times: user=0.09 sys=0.00, real=0.03 secs] 
2014-07-08T20:54:40.947+0000: 3394.594: [GC [PSYoungGen: 699474K->1540K(673920K)] 1176338K->478812K(1360896K), 0.0223150 secs] [Times: user=0.08 sys=0.00, real=0.03 secs] 
2014-07-08T20:54:44.924+0000: 3398.571: [GC [PSYoungGen: 673860K->1682K(649792K)] 1151132K->479234K(1336768K), 0.0294510 secs] [Times: user=0.11 sys=0.00, real=0.03 secs] 
2014-07-08T20:54:48.709+0000: 3402.356: [GC [PSYoungGen: 649741K->1452K(626368K)] 1127294K->479740K(1313344K), 0.0220290 secs] [Times: user=0.08 sys=0.00, real=0.03 secs] 
2014-07-08T20:54:52.027+0000: 3405.674: [GC [PSYoungGen: 626346K->1782K(604608K)] 1104634K->480398K(1291584K), 0.0095210 secs] [Times: user=0.03 sys=0.00, real=0.01 secs] 
2014-07-08T20:54:55.830+0000: 3409.477: [GC [PSYoungGen: 604598K->1536K(583296K)] 1083214K->480520K(1270272K), 0.0506360 secs] [Times: user=0.18 sys=0.01, real=0.05 secs] 
2014-07-08T20:54:58.824+0000: 3412.472: [GC [PSYoungGen: 583296K->1476K(563200K)] 1062280K->480860K(1250176K), 0.0293960 secs] [Times: user=0.11 sys=0.00, real=0.03 secs] 
2014-07-08T20:55:01.758+0000: 3415.405: [GC [PSYoungGen: 563140K->1494K(675584K)] 1042524K->481134K(1362560K), 0.0513040 secs] [Times: user=0.18 sys=0.01, real=0.05 secs] 
2014-07-08T20:55:04.921+0000: 3418.568: [GC [PSYoungGen: 675542K->1600K(651328K)] 1155182K->481496K(1338304K), 0.0115570 secs] [Times: user=0.02 sys=0.00, real=0.01 secs] 
2014-07-08T20:55:08.560+0000: 3422.207: [GC [PSYoungGen: 651328K->1476K(628032K)] 1131224K->481780K(1315008K), 0.0295500 secs] [Times: user=0.11 sys=0.00, real=0.03 secs] 
2014-07-08T20:55:11.941+0000: 3425.588: [GC [PSYoungGen: 627972K->1490K(605888K)] 1108276K->482082K(1292864K), 0.0475630 secs] [Times: user=0.16 sys=0.00, real=0.05 secs] 
2014-07-08T20:55:15.644+0000: 3429.291: [GC [PSYoungGen: 605842K->1600K(584832K)] 1086434K->482488K(1271808K), 0.0234080 secs] [Times: user=0.08 sys=0.00, real=0.02 secs] 
2014-07-08T20:55:18.971+0000: 3432.619: [GC [PSYoungGen: 584832K->1458K(564480K)] 1065720K->482738K(1251456K), 0.0228450 secs] [Times: user=0.09 sys=0.00, real=0.02 secs] 
2014-07-08T20:55:22.131+0000: 3435.778: [GC [PSYoungGen: 564402K->1466K(545216K)] 1045682K->483130K(1232192K), 0.0414950 secs] [Times: user=0.16 sys=0.01, real=0.04 secs] 
2014-07-08T20:55:25.529+0000: 3439.176: [GC [PSYoungGen: 545204K->1732K(654336K)] 1026868K->483708K(1341312K), 0.0479150 secs] [Times: user=0.17 sys=0.00, real=0.05 secs] 
2014-07-08T20:55:29.070+0000: 3442.717: [GC [PSYoungGen: 654276K->1266K(630464K)] 1136252K->483778K(1317440K), 0.0276340 secs] [Times: user=0.10 sys=0.00, real=0.03 secs] 
2014-07-08T20:55:32.987+0000: 3446.634: [GC [PSYoungGen: 630450K->1718K(608640K)] 1112962K->484502K(1295616K), 0.0098760 secs] [Times: user=0.03 sys=0.01, real=0.00 secs] 
2014-07-08T20:55:36.587+0000: 3450.235: [GC [PSYoungGen: 608629K->1526K(587200K)] 1091414K->484790K(1274176K), 0.0262490 secs] [Times: user=0.10 sys=0.00, real=0.02 secs] 
2014-07-08T20:55:40.013+0000: 3453.660: [GC [PSYoungGen: 587190K->1476K(566912K)] 1070454K->485060K(1253888K), 0.0303390 secs] [Times: user=0.11 sys=0.00, real=0.03 secs] 
2014-07-08T20:55:43.044+0000: 3456.691: [GC [PSYoungGen: 566852K->1444K(547456K)] 1050436K->485412K(1234432K), 0.0134740 secs] [Times: user=0.05 sys=0.00, real=0.01 secs] 
2014-07-08T20:55:46.286+0000: 3459.933: [GC [PSYoungGen: 547428K->1522K(529024K)] 1031396K->485834K(1216000K), 0.0296270 secs] [Times: user=0.11 sys=0.01, real=0.03 secs] 
2014-07-08T20:55:49.265+0000: 3462.912: [GC [PSYoungGen: 529010K->1494K(511360K)] 1013322K->486142K(1198336K), 0.0223270 secs] [Times: user=0.07 sys=0.00, real=0.02 secs] 
2014-07-08T20:55:52.263+0000: 3465.911: [GC [PSYoungGen: 511318K->1508K(494464K)] 995966K->486388K(1181440K), 0.0133400 secs] [Times: user=0.05 sys=0.00, real=0.01 secs] 
2014-07-08T20:55:55.299+0000: 3468.946: [GC [PSYoungGen: 494430K->1462K(478272K)] 979310K->486782K(1165248K), 0.0230490 secs] [Times: user=0.08 sys=0.00, real=0.03 secs] 
2014-07-08T20:55:58.002+0000: 3471.649: [GC [PSYoungGen: 478262K->1490K(462912K)] 963582K->487154K(1149888K), 0.0233490 secs] [Times: user=0.08 sys=0.00, real=0.02 secs] 
2014-07-08T20:56:00.750+0000: 3474.397: [GC [PSYoungGen: 462866K->1526K(448128K)] 948530K->487486K(1135104K), 0.0311300 secs] [Times: user=0.12 sys=0.00, real=0.04 secs] 
2014-07-08T20:56:02.968+0000: 3476.616: [GC [PSYoungGen: 448118K->1554K(537536K)] 934078K->487730K(1224512K), 0.0518680 secs] [Times: user=0.19 sys=0.00, real=0.05 secs] 
2014-07-08T20:56:06.319+0000: 3479.967: [GC [PSYoungGen: 537490K->1380K(644544K)] 1023666K->488060K(1331520K), 0.0343660 secs] [Times: user=0.13 sys=0.00, real=0.04 secs] 
2014-07-08T20:56:10.337+0000: 3483.984: [GC [PSYoungGen: 644500K->1554K(621824K)] 1131181K->488538K(1308800K), 0.0205200 secs] [Times: user=0.08 sys=0.01, real=0.02 secs] 
2014-07-08T20:56:14.076+0000: 3487.723: [GC [PSYoungGen: 621778K->1522K(599872K)] 1108762K->488858K(1286848K), 0.0087350 secs] [Times: user=0.02 sys=0.00, real=0.01 secs] 
2014-07-08T20:56:17.394+0000: 3491.041: [GC [PSYoungGen: 599858K->1554K(579072K)] 1087194K->489330K(1266048K), 0.0499980 secs] [Times: user=0.18 sys=0.00, real=0.06 secs] 
2014-07-08T20:56:20.953+0000: 3494.600: [GC [PSYoungGen: 579026K->1380K(558976K)] 1066802K->489540K(1245952K), 0.0309550 secs] [Times: user=0.13 sys=0.00, real=0.03 secs] 
2014-07-08T20:56:24.140+0000: 3497.787: [GC [PSYoungGen: 558948K->1636K(670784K)] 1047108K->490068K(1357760K), 0.0455860 secs] [Times: user=0.17 sys=0.00, real=0.05 secs] 
2014-07-08T20:56:28.140+0000: 3501.787: [GC [PSYoungGen: 670756K->1330K(804288K)] 1159188K->490218K(1491264K), 0.0748040 secs] [Times: user=0.28 sys=0.00, real=0.07 secs] 
2014-07-08T20:56:33.219+0000: 3506.866: [GC [PSYoungGen: 804274K->1650K(965248K)] 1293162K->490890K(1652224K), 0.0537720 secs] [Times: user=0.20 sys=0.00, real=0.05 secs] 
2014-07-08T20:56:39.198+0000: 3512.845: [GC [PSYoungGen: 965188K->1256K(1157632K)] 1454428K->491432K(1844608K), 0.0585140 secs] [Times: user=0.21 sys=0.00, real=0.05 secs] 
2014-07-08T20:56:46.253+0000: 3519.900: [GC [PSYoungGen: 1157608K->2034K(1389696K)] 1647784K->492706K(2076672K), 0.0468510 secs] [Times: user=0.17 sys=0.00, real=0.05 secs] 
2014-07-08T20:56:54.637+0000: 3528.285: [GC [PSYoungGen: 1389682K->1202K(1330368K)] 1880354K->493378K(2017344K), 0.0405240 secs] [Times: user=0.15 sys=0.01, real=0.04 secs] 
2014-07-08T20:57:03.235+0000: 3536.882: [GC [PSYoungGen: 1330354K->2148K(1275712K)] 1822530K->495076K(1962688K), 0.0446220 secs] [Times: user=0.18 sys=0.00, real=0.04 secs] 
2014-07-08T20:57:11.098+0000: 3544.745: [GC [PSYoungGen: 1275684K->1892K(1222528K)] 1768612K->495756K(1909504K), 0.0145600 secs] [Times: user=0.05 sys=0.00, real=0.02 secs] 
2014-07-08T20:57:18.777+0000: 3552.424: [GC [PSYoungGen: 1222500K->2052K(1172352K)] 1716364K->496588K(1859328K), 0.0421790 secs] [Times: user=0.16 sys=0.01, real=0.04 secs] 
2014-07-08T20:57:26.096+0000: 3559.743: [GC [PSYoungGen: 1172292K->1124K(1123456K)] 1666828K->497116K(1810432K), 0.0256520 secs] [Times: user=0.07 sys=0.00, real=0.02 secs] 
2014-07-08T20:57:32.982+0000: 3566.629: [GC [PSYoungGen: 1123428K->2198K(1078912K)] 1619420K->498830K(1765888K), 0.0534600 secs] [Times: user=0.20 sys=0.00, real=0.06 secs] 
2014-07-08T20:57:39.327+0000: 3572.974: [GC [PSYoungGen: 1078870K->1728K(1035008K)] 1575502K->499160K(1721984K), 0.0461220 secs] [Times: user=0.18 sys=0.00, real=0.04 secs] 
2014-07-08T20:57:45.625+0000: 3579.272: [GC [PSYoungGen: 1035008K->1906K(993856K)] 1532440K->499906K(1680832K), 0.0494010 secs] [Times: user=0.19 sys=0.00, real=0.05 secs] 
2014-07-08T20:57:51.648+0000: 3585.296: [GC [PSYoungGen: 993842K->1828K(954432K)] 1491842K->500452K(1641408K), 0.0386790 secs] [Times: user=0.15 sys=0.01, real=0.03 secs] 
2014-07-08T20:57:57.544+0000: 3591.191: [GC [PSYoungGen: 954404K->1960K(917120K)] 1453028K->501088K(1604096K), 0.0919780 secs] [Times: user=0.35 sys=0.00, real=0.09 secs] 
2014-07-08T20:58:03.256+0000: 3596.903: [GC [PSYoungGen: 917096K->1444K(880960K)] 1416224K->501412K(1567936K), 0.0307840 secs] [Times: user=0.12 sys=0.00, real=0.03 secs] 
2014-07-08T20:58:08.456+0000: 3602.103: [GC [PSYoungGen: 880932K->1878K(847424K)] 1380900K->502366K(1534400K), 0.0365080 secs] [Times: user=0.13 sys=0.00, real=0.04 secs] 
2014-07-08T20:58:13.895+0000: 3607.542: [GC [PSYoungGen: 847382K->1682K(814848K)] 1347870K->502738K(1501824K), 0.0351970 secs] [Times: user=0.12 sys=0.00, real=0.03 secs] 
2014-07-08T20:58:18.877+0000: 3612.524: [GC [PSYoungGen: 814802K->1878K(784192K)] 1315858K->503462K(1471168K), 0.0368060 secs] [Times: user=0.14 sys=0.01, real=0.04 secs] 
2014-07-08T20:58:23.365+0000: 3617.012: [GC [PSYoungGen: 784150K->1522K(754432K)] 1285734K->503658K(1441408K), 0.0451700 secs] [Times: user=0.18 sys=0.00, real=0.04 secs] 
2014-07-08T20:58:28.061+0000: 3621.708: [GC [PSYoungGen: 754418K->1600K(726464K)] 1256554K->504184K(1413440K), 0.0206080 secs] [Times: user=0.07 sys=0.00, real=0.02 secs] 
2014-07-08T20:58:32.628+0000: 3626.275: [GC [PSYoungGen: 726464K->594K(698816K)] 1229048K->503618K(1385792K), 0.0377050 secs] [Times: user=0.15 sys=0.00, real=0.04 secs] 
Heap
 PSYoungGen      total 698816K, used 420055K [0x0000000755560000, 0x00000007adb60000, 0x0000000800000000)
  eden space 698176K, 60% used [0x0000000755560000,0x000000076ef01588,0x000000077ff30000)
  from space 640K, 92% used [0x00000007adac0000,0x00000007adb54810,0x00000007adb60000)
  to   space 2688K, 0% used [0x00000007ad620000,0x00000007ad620000,0x00000007ad8c0000)
 ParOldGen       total 686976K, used 503024K [0x0000000600000000, 0x0000000629ee0000, 0x0000000755560000)
  object space 686976K, 73% used [0x0000000600000000,0x000000061eb3c2e0,0x0000000629ee0000)
 PSPermGen       total 21248K, used 11728K [0x00000005f5a00000, 0x00000005f6ec0000, 0x0000000600000000)
  object space 21248K, 55% used [0x00000005f5a00000,0x00000005f65741f0,0x00000005f6ec0000)
