2014-07-16T08:51:08.799+0000: 23.862: [GC [PSYoungGen: 257728K->42877K(300608K)] 257728K->72321K(987584K), 0.0758470 secs] [Times: user=0.24 sys=0.04, real=0.08 secs] 
2014-07-16T08:51:09.708+0000: 24.771: [GC [PSYoungGen: 300605K->42855K(300608K)] 330049K->77939K(987584K), 0.0553220 secs] [Times: user=0.18 sys=0.02, real=0.06 secs] 
2014-07-16T08:51:10.751+0000: 25.814: [GC [PSYoungGen: 300583K->42854K(300608K)] 335667K->78739K(987584K), 0.0356820 secs] [Times: user=0.14 sys=0.00, real=0.04 secs] 
2014-07-16T08:51:11.677+0000: 26.740: [GC [PSYoungGen: 300582K->42875K(558336K)] 336467K->84284K(1245312K), 0.0625310 secs] [Times: user=0.22 sys=0.02, real=0.06 secs] 
2014-07-16T08:51:13.037+0000: 28.099: [GC [PSYoungGen: 558331K->42864K(558336K)] 599740K->87008K(1245312K), 0.1006410 secs] [Times: user=0.37 sys=0.02, real=0.10 secs] 
2014-07-16T08:51:14.412+0000: 29.474: [GC [PSYoungGen: 558320K->44024K(1100288K)] 602464K->88176K(1787264K), 0.0396630 secs] [Times: user=0.14 sys=0.02, real=0.04 secs] 
2014-07-16T08:51:17.166+0000: 32.229: [GC [PSYoungGen: 1074936K->12002K(1101696K)] 1119088K->88168K(1788672K), 0.0684720 secs] [Times: user=0.24 sys=0.03, real=0.07 secs] 
2014-07-16T08:51:19.619+0000: 34.682: [GC [PSYoungGen: 1042914K->8945K(2134976K)] 1119080K->87650K(2821952K), 0.0151990 secs] [Times: user=0.05 sys=0.01, real=0.02 secs] 
2014-07-16T08:51:24.130+0000: 39.192: [GC [PSYoungGen: 2067441K->7148K(2138304K)] 2146146K->87969K(2825280K), 0.0386180 secs] [Times: user=0.13 sys=0.02, real=0.04 secs] 
2014-07-16T08:51:28.514+0000: 43.577: [GC [PSYoungGen: 2065644K->6820K(2713152K)] 2146465K->87897K(3400128K), 0.0478950 secs] [Times: user=0.18 sys=0.01, real=0.05 secs] 
2014-07-16T08:51:34.112+0000: 49.174: [GC [PSYoungGen: 2638244K->6724K(2713792K)] 2719321K->88211K(3400768K), 0.0176160 secs] [Times: user=0.06 sys=0.00, real=0.02 secs] 
2014-07-16T08:51:39.691+0000: 54.754: [GC [PSYoungGen: 2638148K->6820K(2711744K)] 2719635K->88539K(3398720K), 0.0271340 secs] [Times: user=0.09 sys=0.01, real=0.03 secs] 
2014-07-16T08:51:45.336+0000: 60.398: [GC [PSYoungGen: 2638372K->6792K(2712832K)] 2720091K->88711K(3399808K), 0.0065810 secs] [Times: user=0.02 sys=0.00, real=0.01 secs] 
2014-07-16T08:51:50.888+0000: 65.950: [GC [PSYoungGen: 2638344K->6710K(2518464K)] 2720263K->88877K(3205440K), 0.0143120 secs] [Times: user=0.04 sys=0.00, real=0.02 secs] 
2014-07-16T08:51:56.205+0000: 71.267: [GC [PSYoungGen: 2518454K->6564K(2404480K)] 2600621K->88951K(3091456K), 0.0063190 secs] [Times: user=0.02 sys=0.00, real=0.01 secs] 
2014-07-16T08:52:01.323+0000: 76.386: [GC [PSYoungGen: 2404452K->6774K(2296448K)] 2486839K->89306K(2983424K), 0.0212720 secs] [Times: user=0.07 sys=0.01, real=0.02 secs] 
2014-07-16T08:52:06.184+0000: 81.246: [GC [PSYoungGen: 2296438K->6710K(2193536K)] 2378970K->89514K(2880512K), 0.0162770 secs] [Times: user=0.07 sys=0.00, real=0.01 secs] 
2014-07-16T08:52:10.874+0000: 85.936: [GC [PSYoungGen: 2193526K->6874K(2095936K)] 2276330K->89822K(2782912K), 0.0231580 secs] [Times: user=0.06 sys=0.00, real=0.02 secs] 
2014-07-16T08:52:15.314+0000: 90.377: [GC [PSYoungGen: 2095898K->6596K(2002752K)] 2178846K->89767K(2689728K), 0.0285930 secs] [Times: user=0.10 sys=0.00, real=0.02 secs] 
2014-07-16T08:52:19.570+0000: 94.632: [GC [PSYoungGen: 2002692K->6532K(1914304K)] 2085863K->89855K(2601280K), 0.0157920 secs] [Times: user=0.03 sys=0.01, real=0.02 secs] 
2014-07-16T08:52:23.649+0000: 98.712: [GC [PSYoungGen: 1914208K->6692K(1830400K)] 1997532K->90143K(2517376K), 0.0124650 secs] [Times: user=0.04 sys=0.00, real=0.01 secs] 
2014-07-16T08:52:27.566+0000: 102.629: [GC [PSYoungGen: 1830372K->6500K(1750336K)] 1913823K->90119K(2437312K), 0.0114310 secs] [Times: user=0.02 sys=0.01, real=0.01 secs] 
2014-07-16T08:52:31.293+0000: 106.356: [GC [PSYoungGen: 1750308K->6596K(1674560K)] 1833927K->90319K(2361536K), 0.0298820 secs] [Times: user=0.10 sys=0.00, real=0.03 secs] 
2014-07-16T08:52:34.844+0000: 109.906: [GC [PSYoungGen: 1674500K->6628K(1602368K)] 1758223K->90567K(2289344K), 0.0349840 secs] [Times: user=0.09 sys=0.00, real=0.04 secs] 
2014-07-16T08:52:38.256+0000: 113.318: [GC [PSYoungGen: 1602340K->6682K(1533760K)] 1686279K->90782K(2220736K), 0.0089530 secs] [Times: user=0.02 sys=0.01, real=0.01 secs] 
2014-07-16T08:52:41.499+0000: 116.562: [GC [PSYoungGen: 1533722K->6806K(1468608K)] 1617822K->91018K(2155584K), 0.0365700 secs] [Times: user=0.12 sys=0.01, real=0.03 secs] 
2014-07-16T08:52:44.612+0000: 119.674: [GC [PSYoungGen: 1468522K->6778K(1406464K)] 1552733K->91166K(2093440K), 0.0207850 secs] [Times: user=0.07 sys=0.00, real=0.02 secs] 
2014-07-16T08:52:47.561+0000: 122.623: [GC [PSYoungGen: 1406410K->6628K(1347264K)] 1490798K->91143K(2034240K), 0.0137380 secs] [Times: user=0.01 sys=0.01, real=0.01 secs] 
2014-07-16T08:52:50.413+0000: 125.476: [GC [PSYoungGen: 1347236K->6564K(1291008K)] 1431751K->91183K(1977984K), 0.0156310 secs] [Times: user=0.06 sys=0.00, real=0.02 secs] 
2014-07-16T08:52:53.144+0000: 128.207: [GC [PSYoungGen: 1290980K->6746K(1237760K)] 1375599K->91502K(1924736K), 0.0215700 secs] [Times: user=0.07 sys=0.01, real=0.02 secs] 
2014-07-16T08:52:55.772+0000: 130.835: [GC [PSYoungGen: 1237722K->6550K(1186688K)] 1322478K->91482K(1873664K), 0.0060220 secs] [Times: user=0.02 sys=0.00, real=0.00 secs] 
2014-07-16T08:52:58.291+0000: 133.354: [GC [PSYoungGen: 1186646K->6550K(1138304K)] 1271578K->91554K(1825280K), 0.0206040 secs] [Times: user=0.07 sys=0.00, real=0.02 secs] 
2014-07-16T08:53:00.706+0000: 135.769: [GC [PSYoungGen: 1138262K->6532K(1092224K)] 1223266K->91607K(1779200K), 0.0208800 secs] [Times: user=0.06 sys=0.00, real=0.02 secs] 
2014-07-16T08:53:03.042+0000: 138.105: [GC [PSYoungGen: 1092164K->6596K(1048448K)] 1177239K->91823K(1735424K), 0.0228060 secs] [Times: user=0.07 sys=0.00, real=0.02 secs] 
2014-07-16T08:53:05.254+0000: 140.316: [GC [PSYoungGen: 1048388K->6536K(1006656K)] 1133615K->91924K(1693632K), 0.0064170 secs] [Times: user=0.02 sys=0.00, real=0.01 secs] 
2014-07-16T08:53:07.410+0000: 142.472: [GC [PSYoungGen: 1006600K->6564K(966912K)] 1091988K->92015K(1653888K), 0.0180160 secs] [Times: user=0.05 sys=0.00, real=0.02 secs] 
2014-07-16T08:53:09.431+0000: 144.493: [GC [PSYoungGen: 966884K->6532K(929088K)] 1052335K->92095K(1616064K), 0.0113020 secs] [Times: user=0.03 sys=0.00, real=0.02 secs] 
2014-07-16T08:53:11.389+0000: 146.451: [GC [PSYoungGen: 929028K->6596K(893120K)] 1014591K->92271K(1580096K), 0.0335330 secs] [Times: user=0.10 sys=0.00, real=0.04 secs] 
2014-07-16T08:53:13.305+0000: 148.367: [GC [PSYoungGen: 893060K->6596K(858816K)] 978735K->92423K(1545792K), 0.0276290 secs] [Times: user=0.10 sys=0.00, real=0.03 secs] 
2014-07-16T08:53:15.120+0000: 150.182: [GC [PSYoungGen: 858756K->6500K(825984K)] 944583K->92487K(1512960K), 0.0162580 secs] [Times: user=0.05 sys=0.01, real=0.02 secs] 
2014-07-16T08:53:16.890+0000: 151.953: [GC [PSYoungGen: 825956K->6532K(794880K)] 911943K->92623K(1481856K), 0.0115370 secs] [Times: user=0.04 sys=0.01, real=0.02 secs] 
2014-07-16T08:53:18.563+0000: 153.626: [GC [PSYoungGen: 794820K->6500K(765120K)] 880911K->92687K(1452096K), 0.0058120 secs] [Times: user=0.02 sys=0.00, real=0.00 secs] 
2014-07-16T08:53:20.198+0000: 155.261: [GC [PSYoungGen: 765092K->6714K(737024K)] 851279K->92942K(1424000K), 0.0097320 secs] [Times: user=0.04 sys=0.00, real=0.01 secs] 
2014-07-16T08:53:21.754+0000: 156.816: [GC [PSYoungGen: 737018K->6500K(709888K)] 823246K->92855K(1396864K), 0.0093990 secs] [Times: user=0.03 sys=0.00, real=0.01 secs] 
2014-07-16T08:53:23.248+0000: 158.310: [GC [PSYoungGen: 709860K->6536K(684224K)] 796215K->93004K(1371200K), 0.0066920 secs] [Times: user=0.02 sys=0.00, real=0.01 secs] 
2014-07-16T08:53:24.679+0000: 159.742: [GC [PSYoungGen: 684168K->6532K(659712K)] 770636K->93087K(1346688K), 0.0230540 secs] [Times: user=0.08 sys=0.00, real=0.02 secs] 
2014-07-16T08:53:26.077+0000: 161.139: [GC [PSYoungGen: 659652K->6518K(636288K)] 746207K->93186K(1323264K), 0.0094830 secs] [Times: user=0.02 sys=0.00, real=0.01 secs] 
2014-07-16T08:53:27.512+0000: 162.574: [GC [PSYoungGen: 636278K->6468K(613952K)] 722946K->93199K(1300928K), 0.0059290 secs] [Times: user=0.02 sys=0.00, real=0.01 secs] 
2014-07-16T08:53:28.813+0000: 163.876: [GC [PSYoungGen: 613892K->6532K(592704K)] 700623K->93375K(1279680K), 0.0122290 secs] [Times: user=0.04 sys=0.00, real=0.02 secs] 
2014-07-16T08:53:30.051+0000: 165.113: [GC [PSYoungGen: 592644K->6532K(572352K)] 679487K->93431K(1259328K), 0.0201320 secs] [Times: user=0.06 sys=0.00, real=0.02 secs] 
2014-07-16T08:53:31.277+0000: 166.339: [GC [PSYoungGen: 572292K->6500K(552896K)] 659191K->93511K(1239872K), 0.0060950 secs] [Times: user=0.01 sys=0.00, real=0.00 secs] 
2014-07-16T08:53:32.489+0000: 167.552: [GC [PSYoungGen: 552868K->6550K(534400K)] 639879K->93674K(1221376K), 0.0052070 secs] [Times: user=0.02 sys=0.00, real=0.00 secs] 
2014-07-16T08:53:33.636+0000: 168.698: [GC [PSYoungGen: 534358K->6650K(516736K)] 621482K->93902K(1203712K), 0.0177900 secs] [Times: user=0.05 sys=0.01, real=0.01 secs] 
2014-07-16T08:53:34.732+0000: 169.794: [GC [PSYoungGen: 516638K->6518K(499712K)] 603889K->93874K(1186688K), 0.0088310 secs] [Times: user=0.02 sys=0.00, real=0.01 secs] 
2014-07-16T08:53:35.786+0000: 170.848: [GC [PSYoungGen: 499702K->6454K(483456K)] 587058K->93930K(1170432K), 0.0052190 secs] [Times: user=0.02 sys=0.00, real=0.00 secs] 
2014-07-16T08:53:36.800+0000: 171.863: [GC [PSYoungGen: 483446K->6468K(583744K)] 570922K->94031K(1270720K), 0.0234810 secs] [Times: user=0.08 sys=0.00, real=0.02 secs] 
2014-07-16T08:53:38.039+0000: 173.101: [GC [PSYoungGen: 583684K->6500K(699200K)] 671247K->94135K(1386176K), 0.0154910 secs] [Times: user=0.05 sys=0.00, real=0.01 secs] 
2014-07-16T08:53:39.512+0000: 174.574: [GC [PSYoungGen: 699172K->6746K(838016K)] 786807K->94454K(1524992K), 0.0268140 secs] [Times: user=0.10 sys=0.00, real=0.03 secs] 
2014-07-16T08:53:41.288+0000: 176.350: [GC [PSYoungGen: 837978K->6532K(1004096K)] 925686K->94343K(1691072K), 0.0163490 secs] [Times: user=0.06 sys=0.01, real=0.01 secs] 
2014-07-16T08:53:43.415+0000: 178.477: [GC [PSYoungGen: 1004036K->5868K(1202944K)] 1091847K->94439K(1889920K), 0.0122640 secs] [Times: user=0.04 sys=0.00, real=0.02 secs] 
2014-07-16T08:53:46.000+0000: 181.062: [GC [PSYoungGen: 1202924K->6596K(1154496K)] 1291495K->95264K(1841472K), 0.0105130 secs] [Times: user=0.03 sys=0.00, real=0.01 secs] 
2014-07-16T08:53:48.442+0000: 183.505: [GC [PSYoungGen: 1154436K->5820K(1106816K)] 1243104K->95216K(1793792K), 0.0060080 secs] [Times: user=0.01 sys=0.00, real=0.01 secs] 
2014-07-16T08:53:50.793+0000: 185.855: [GC [PSYoungGen: 1106812K->6564K(1063040K)] 1196208K->96024K(1750016K), 0.0065550 secs] [Times: user=0.01 sys=0.00, real=0.01 secs] 
2014-07-16T08:53:53.032+0000: 188.094: [GC [PSYoungGen: 1063012K->5052K(1019072K)] 1152472K->96296K(1706048K), 0.0426750 secs] [Times: user=0.15 sys=0.01, real=0.04 secs] 
2014-07-16T08:53:55.211+0000: 190.273: [GC [PSYoungGen: 1019068K->6532K(980224K)] 1110312K->97920K(1667200K), 0.0165570 secs] [Times: user=0.05 sys=0.00, real=0.01 secs] 
2014-07-16T08:53:57.336+0000: 192.399: [GC [PSYoungGen: 980164K->5180K(940352K)] 1071552K->98144K(1627328K), 0.0215900 secs] [Times: user=0.08 sys=0.00, real=0.02 secs] 
2014-07-16T08:53:59.286+0000: 194.349: [GC [PSYoungGen: 940348K->6500K(905088K)] 1033312K->99520K(1592064K), 0.0061850 secs] [Times: user=0.01 sys=0.01, real=0.01 secs] 
2014-07-16T08:54:01.198+0000: 196.260: [GC [PSYoungGen: 905060K->4604K(868288K)] 998080K->99760K(1555264K), 0.0200810 secs] [Times: user=0.07 sys=0.00, real=0.02 secs] 
2014-07-16T08:54:03.066+0000: 198.129: [GC [PSYoungGen: 868284K->6582K(837056K)] 963440K->101850K(1524032K), 0.0156360 secs] [Times: user=0.05 sys=0.00, real=0.02 secs] 
2014-07-16T08:54:04.818+0000: 199.881: [GC [PSYoungGen: 837046K->4732K(803520K)] 932314K->102196K(1490496K), 0.0215040 secs] [Times: user=0.08 sys=0.01, real=0.03 secs] 
2014-07-16T08:54:06.533+0000: 201.596: [GC [PSYoungGen: 803516K->6532K(775232K)] 900980K->104100K(1462208K), 0.0052830 secs] [Times: user=0.01 sys=0.00, real=0.00 secs] 
2014-07-16T08:54:08.178+0000: 203.240: [GC [PSYoungGen: 775172K->4330K(744256K)] 872740K->104366K(1431232K), 0.0062520 secs] [Times: user=0.02 sys=0.00, real=0.01 secs] 
2014-07-16T08:54:09.749+0000: 204.811: [GC [PSYoungGen: 744234K->6614K(719168K)] 844270K->106746K(1406144K), 0.0314200 secs] [Times: user=0.09 sys=0.00, real=0.04 secs] 
2014-07-16T08:54:11.257+0000: 206.320: [GC [PSYoungGen: 719126K->4400K(690816K)] 819258K->106946K(1377792K), 0.0081270 secs] [Times: user=0.02 sys=0.00, real=0.01 secs] 
2014-07-16T08:54:12.761+0000: 207.823: [GC [PSYoungGen: 690800K->6682K(668224K)] 793346K->109348K(1355200K), 0.0173700 secs] [Times: user=0.06 sys=0.00, real=0.02 secs] 
2014-07-16T08:54:14.145+0000: 209.208: [GC [PSYoungGen: 668136K->4002K(641792K)] 770802K->109577K(1328768K), 0.0114130 secs] [Times: user=0.02 sys=0.00, real=0.01 secs] 
2014-07-16T08:54:15.500+0000: 210.562: [GC [PSYoungGen: 641762K->6750K(621888K)] 747337K->112430K(1308864K), 0.0158140 secs] [Times: user=0.02 sys=0.01, real=0.02 secs] 
2014-07-16T08:54:16.801+0000: 211.863: [GC [PSYoungGen: 621845K->4216K(597696K)] 727524K->112527K(1284672K), 0.0129070 secs] [Times: user=0.04 sys=0.00, real=0.01 secs] 
2014-07-16T08:54:18.068+0000: 213.131: [GC [PSYoungGen: 597681K->6636K(718848K)] 705991K->115077K(1405824K), 0.0225600 secs] [Times: user=0.08 sys=0.00, real=0.02 secs] 
2014-07-16T08:54:19.577+0000: 214.639: [GC [PSYoungGen: 718787K->4002K(858688K)] 827228K->115265K(1545664K), 0.0172150 secs] [Times: user=0.06 sys=0.01, real=0.02 secs] 
2014-07-16T08:54:21.405+0000: 216.467: [GC [PSYoungGen: 858658K->6814K(1032448K)] 969921K->118173K(1719424K), 0.0162240 secs] [Times: user=0.06 sys=0.00, real=0.01 secs] 
2014-07-16T08:54:23.585+0000: 218.647: [GC [PSYoungGen: 1032414K->3894K(1234624K)] 1143773K->118318K(1921600K), 0.0179690 secs] [Times: user=0.06 sys=0.00, real=0.02 secs] 
2014-07-16T08:54:26.234+0000: 221.297: [GC [PSYoungGen: 1234614K->6710K(1483584K)] 1349038K->121246K(2170560K), 0.0460730 secs] [Times: user=0.15 sys=0.00, real=0.04 secs] 
2014-07-16T08:54:29.410+0000: 224.472: [GC [PSYoungGen: 1483574K->4148K(1776448K)] 1598110K->121509K(2463424K), 0.0247680 secs] [Times: user=0.08 sys=0.00, real=0.03 secs] 
2014-07-16T08:54:33.234+0000: 228.297: [GC [PSYoungGen: 1776436K->6838K(1701824K)] 1893797K->124336K(2388800K), 0.0191360 secs] [Times: user=0.07 sys=0.00, real=0.01 secs] 
2014-07-16T08:54:36.835+0000: 231.898: [GC [PSYoungGen: 1701814K->3638K(1625088K)] 1819312K->124476K(2312064K), 0.0086400 secs] [Times: user=0.02 sys=0.00, real=0.01 secs] 
2014-07-16T08:54:40.338+0000: 235.400: [GC [PSYoungGen: 1625078K->6892K(1558400K)] 1745916K->127818K(2245376K), 0.0083580 secs] [Times: user=0.02 sys=0.00, real=0.01 secs] 
2014-07-16T08:54:43.631+0000: 238.694: [GC [PSYoungGen: 1558380K->4066K(1489088K)] 1679306K->128027K(2176064K), 0.0073420 secs] [Times: user=0.02 sys=0.00, real=0.01 secs] 
2014-07-16T08:54:46.790+0000: 241.853: [GC [PSYoungGen: 1489058K->6646K(1428416K)] 1613019K->130711K(2115392K), 0.0216660 secs] [Times: user=0.08 sys=0.00, real=0.02 secs] 
2014-07-16T08:54:49.815+0000: 244.878: [GC [PSYoungGen: 1428406K->4004K(1365632K)] 1552471K->131127K(2052608K), 0.0141810 secs] [Times: user=0.04 sys=0.00, real=0.02 secs] 
2014-07-16T08:54:52.736+0000: 247.799: [GC [PSYoungGen: 1365604K->6596K(1311040K)] 1492727K->133855K(1998016K), 0.0120220 secs] [Times: user=0.02 sys=0.00, real=0.02 secs] 
2014-07-16T08:54:55.527+0000: 250.589: [GC [PSYoungGen: 1310980K->4094K(1254080K)] 1438239K->134276K(1941056K), 0.0291370 secs] [Times: user=0.10 sys=0.00, real=0.03 secs] 
2014-07-16T08:54:58.202+0000: 253.265: [GC [PSYoungGen: 1254078K->6664K(1204928K)] 1384260K->136934K(1891904K), 0.0278120 secs] [Times: user=0.10 sys=0.01, real=0.03 secs] 
2014-07-16T08:55:00.726+0000: 255.789: [GC [PSYoungGen: 1204872K->4066K(1153024K)] 1335142K->137257K(1840000K), 0.0060790 secs] [Times: user=0.01 sys=0.00, real=0.01 secs] 
2014-07-16T08:55:03.158+0000: 258.221: [GC [PSYoungGen: 1152994K->6746K(1108800K)] 1286185K->140058K(1795776K), 0.0130230 secs] [Times: user=0.05 sys=0.00, real=0.01 secs] 
2014-07-16T08:55:05.498+0000: 260.560: [GC [PSYoungGen: 1108762K->3888K(1061312K)] 1242074K->140226K(1748288K), 0.0173170 secs] [Times: user=0.07 sys=0.00, real=0.02 secs] 
2014-07-16T08:55:07.740+0000: 262.803: [GC [PSYoungGen: 1061296K->6614K(1021568K)] 1197634K->143088K(1708544K), 0.0136700 secs] [Times: user=0.04 sys=0.00, real=0.01 secs] 
2014-07-16T08:55:09.910+0000: 264.972: [GC [PSYoungGen: 1021526K->4194K(978688K)] 1158000K->143286K(1665664K), 0.0097450 secs] [Times: user=0.02 sys=0.00, real=0.01 secs] 
2014-07-16T08:55:11.985+0000: 267.048: [GC [PSYoungGen: 978658K->6678K(942656K)] 1117750K->145914K(1629632K), 0.0255260 secs] [Times: user=0.09 sys=0.00, real=0.03 secs] 
2014-07-16T08:55:13.974+0000: 269.037: [GC [PSYoungGen: 942614K->3708K(902976K)] 1081850K->146178K(1589952K), 0.0318010 secs] [Times: user=0.11 sys=0.00, real=0.03 secs] 
2014-07-16T08:55:15.890+0000: 270.953: [GC [PSYoungGen: 902972K->6564K(870912K)] 1045442K->149147K(1557888K), 0.0069210 secs] [Times: user=0.02 sys=0.00, real=0.00 secs] 
2014-07-16T08:55:17.727+0000: 272.790: [GC [PSYoungGen: 870884K->4348K(835392K)] 1013467K->149319K(1522368K), 0.0116750 secs] [Times: user=0.05 sys=0.01, real=0.01 secs] 
2014-07-16T08:55:19.497+0000: 274.560: [GC [PSYoungGen: 835387K->6682K(806080K)] 980357K->151693K(1493056K), 0.0175500 secs] [Times: user=0.06 sys=0.00, real=0.02 secs] 
2014-07-16T08:55:21.194+0000: 276.257: [GC [PSYoungGen: 806024K->3438K(772608K)] 951034K->151864K(1459584K), 0.0254660 secs] [Times: user=0.09 sys=0.00, real=0.02 secs] 
2014-07-16T08:55:22.816+0000: 277.879: [GC [PSYoungGen: 772590K->6728K(929792K)] 921016K->155282K(1616768K), 0.0280300 secs] [Times: user=0.10 sys=0.00, real=0.03 secs] 
2014-07-16T08:55:24.793+0000: 279.856: [GC [PSYoungGen: 929736K->4130K(891136K)] 1078290K->155453K(1578112K), 0.0090850 secs] [Times: user=0.02 sys=0.00, real=0.01 secs] 
2014-07-16T08:55:26.700+0000: 281.762: [GC [PSYoungGen: 891106K->6550K(859264K)] 1042429K->157993K(1546240K), 0.0137930 secs] [Times: user=0.05 sys=0.00, real=0.02 secs] 
2014-07-16T08:55:28.523+0000: 283.586: [GC [PSYoungGen: 859222K->3626K(823616K)] 1010665K->158292K(1510592K), 0.0079790 secs] [Times: user=0.02 sys=0.00, real=0.00 secs] 
2014-07-16T08:55:30.262+0000: 285.325: [GC [PSYoungGen: 823594K->6846K(795648K)] 978260K->161577K(1482624K), 0.0147970 secs] [Times: user=0.05 sys=0.00, real=0.01 secs] 
2014-07-16T08:55:31.943+0000: 287.005: [GC [PSYoungGen: 795643K->3874K(763008K)] 950374K->161995K(1449984K), 0.0226860 secs] [Times: user=0.08 sys=0.00, real=0.02 secs] 
2014-07-16T08:55:33.559+0000: 288.621: [GC [PSYoungGen: 762978K->6778K(737600K)] 921099K->164987K(1424576K), 0.0138650 secs] [Times: user=0.05 sys=0.00, real=0.02 secs] 
2014-07-16T08:55:35.251+0000: 290.314: [GC [PSYoungGen: 737594K->3938K(707776K)] 895803K->165205K(1394752K), 0.0071660 secs] [Times: user=0.02 sys=0.01, real=0.01 secs] 
2014-07-16T08:55:36.742+0000: 291.805: [GC [PSYoungGen: 707746K->6796K(684928K)] 869013K->168175K(1371904K), 0.0134680 secs] [Times: user=0.05 sys=0.00, real=0.02 secs] 
2014-07-16T08:55:38.210+0000: 293.272: [GC [PSYoungGen: 684876K->3810K(657408K)] 846255K->168168K(1344384K), 0.0148370 secs] [Times: user=0.04 sys=0.00, real=0.02 secs] 
2014-07-16T08:55:39.670+0000: 294.732: [GC [PSYoungGen: 657378K->6828K(791168K)] 821736K->171251K(1478144K), 0.0219180 secs] [Times: user=0.07 sys=0.00, real=0.02 secs] 
2014-07-16T08:55:41.353+0000: 296.415: [GC [PSYoungGen: 791148K->3834K(945024K)] 955571K->171397K(1632000K), 0.0206670 secs] [Times: user=0.08 sys=0.00, real=0.02 secs] 
2014-07-16T08:55:43.365+0000: 298.428: [GC [PSYoungGen: 945018K->6728K(1136256K)] 1112581K->174403K(1823232K), 0.0226610 secs] [Times: user=0.08 sys=0.00, real=0.02 secs] 
2014-07-16T08:55:45.801+0000: 300.863: [GC [PSYoungGen: 1136200K->3874K(1087424K)] 1303875K->174483K(1774400K), 0.0061740 secs] [Times: user=0.01 sys=0.01, real=0.01 secs] 
2014-07-16T08:55:48.118+0000: 303.180: [GC [PSYoungGen: 1087394K->6614K(1046464K)] 1258003K->177295K(1733440K), 0.0050440 secs] [Times: user=0.01 sys=0.00, real=0.00 secs] 
2014-07-16T08:55:50.343+0000: 305.406: [GC [PSYoungGen: 1046422K->3816K(1002048K)] 1217103K->177604K(1689024K), 0.0137700 secs] [Times: user=0.04 sys=0.00, real=0.02 secs] 
2014-07-16T08:55:52.466+0000: 307.529: [GC [PSYoungGen: 1002024K->6632K(965248K)] 1175812K->180564K(1652224K), 0.0279540 secs] [Times: user=0.10 sys=0.00, real=0.02 secs] 
2014-07-16T08:55:54.522+0000: 309.585: [GC [PSYoungGen: 965224K->3898K(1154240K)] 1139156K->180926K(1841216K), 0.0382330 secs] [Times: user=0.12 sys=0.00, real=0.04 secs] 
2014-07-16T08:55:56.937+0000: 312.000: [GC [PSYoungGen: 1154205K->6860K(1110272K)] 1331232K->183992K(1797248K), 0.0110080 secs] [Times: user=0.02 sys=0.00, real=0.01 secs] 
2014-07-16T08:55:59.336+0000: 314.399: [GC [PSYoungGen: 1110220K->3706K(1062400K)] 1287352K->184324K(1749376K), 0.0116170 secs] [Times: user=0.04 sys=0.01, real=0.02 secs] 
2014-07-16T08:56:01.563+0000: 316.626: [GC [PSYoungGen: 1062394K->6792K(1022976K)] 1243012K->187564K(1709952K), 0.0095090 secs] [Times: user=0.04 sys=0.00, real=0.01 secs] 
2014-07-16T08:56:03.709+0000: 318.771: [GC [PSYoungGen: 1022920K->4066K(979712K)] 1203692K->187720K(1666688K), 0.0069300 secs] [Times: user=0.02 sys=0.00, real=0.00 secs] 
2014-07-16T08:56:05.786+0000: 320.849: [GC [PSYoungGen: 979682K->6628K(943744K)] 1163336K->190378K(1630720K), 0.0394960 secs] [Times: user=0.15 sys=0.00, real=0.04 secs] 
2014-07-16T08:56:07.797+0000: 322.859: [GC [PSYoungGen: 943716K->3888K(904256K)] 1127466K->190493K(1591232K), 0.0220020 secs] [Times: user=0.07 sys=0.01, real=0.03 secs] 
2014-07-16T08:56:09.786+0000: 324.848: [GC [PSYoungGen: 904240K->6628K(872064K)] 1090845K->193281K(1559040K), 0.0219400 secs] [Times: user=0.08 sys=0.00, real=0.02 secs] 
2014-07-16T08:56:11.626+0000: 326.689: [GC [PSYoungGen: 872036K->3966K(836096K)] 1058689K->193590K(1523072K), 0.0121590 secs] [Times: user=0.03 sys=0.00, real=0.01 secs] 
2014-07-16T08:56:13.396+0000: 328.458: [GC [PSYoungGen: 836094K->6664K(807104K)] 1025718K->196441K(1494080K), 0.0091370 secs] [Times: user=0.02 sys=0.00, real=0.01 secs] 
2014-07-16T08:56:15.107+0000: 330.169: [GC [PSYoungGen: 807018K->3830K(774016K)] 996794K->196627K(1460992K), 0.0168520 secs] [Times: user=0.05 sys=0.01, real=0.02 secs] 
2014-07-16T08:56:16.746+0000: 331.808: [GC [PSYoungGen: 774006K->6650K(748032K)] 966803K->199528K(1435008K), 0.0110240 secs] [Times: user=0.03 sys=0.00, real=0.01 secs] 
2014-07-16T08:56:18.309+0000: 333.371: [GC [PSYoungGen: 748026K->4016K(717952K)] 940904K->199791K(1404928K), 0.0123460 secs] [Times: user=0.04 sys=0.00, real=0.02 secs] 
2014-07-16T08:56:19.888+0000: 334.950: [GC [PSYoungGen: 717936K->6842K(694592K)] 913711K->202665K(1381568K), 0.0227240 secs] [Times: user=0.08 sys=0.00, real=0.03 secs] 
2014-07-16T08:56:21.357+0000: 336.419: [GC [PSYoungGen: 694586K->3646K(666432K)] 890409K->202782K(1353408K), 0.0127750 secs] [Times: user=0.05 sys=0.00, real=0.01 secs] 
2014-07-16T08:56:22.759+0000: 337.821: [GC [PSYoungGen: 666430K->6614K(645632K)] 865566K->205846K(1332608K), 0.0055570 secs] [Times: user=0.01 sys=0.00, real=0.01 secs] 
2014-07-16T08:56:24.119+0000: 339.182: [GC [PSYoungGen: 645590K->4214K(620480K)] 844822K->205908K(1307456K), 0.0190760 secs] [Times: user=0.05 sys=0.00, real=0.02 secs] 
2014-07-16T08:56:25.419+0000: 340.481: [GC [PSYoungGen: 620470K->6618K(746176K)] 822164K->208384K(1433152K), 0.0266440 secs] [Times: user=0.10 sys=0.00, real=0.03 secs] 
2014-07-16T08:56:27.001+0000: 342.063: [GC [PSYoungGen: 746138K->3504K(890944K)] 947904K->208782K(1577920K), 0.0339580 secs] [Times: user=0.12 sys=0.00, real=0.03 secs] 
2014-07-16T08:56:28.886+0000: 343.948: [GC [PSYoungGen: 890928K->6568K(1071552K)] 1096206K->211919K(1758528K), 0.0059720 secs] [Times: user=0.02 sys=0.00, real=0.01 secs] 
2014-07-16T08:56:31.217+0000: 346.279: [GC [PSYoungGen: 1071528K->4408K(1282368K)] 1276879K->212327K(1969344K), 0.0207380 secs] [Times: user=0.08 sys=0.00, real=0.02 secs] 
2014-07-16T08:56:33.935+0000: 348.998: [GC [PSYoungGen: 1282360K->6710K(1231552K)] 1490279K->214860K(1918528K), 0.0189980 secs] [Times: user=0.02 sys=0.01, real=0.02 secs] 
2014-07-16T08:56:36.575+0000: 351.637: [GC [PSYoungGen: 1231542K->3506K(1177792K)] 1439692K->215091K(1864768K), 0.0204600 secs] [Times: user=0.07 sys=0.00, real=0.02 secs] 
2014-07-16T08:56:39.085+0000: 354.148: [GC [PSYoungGen: 1177778K->6860K(1133056K)] 1389363K->218518K(1820032K), 0.0053260 secs] [Times: user=0.02 sys=0.00, real=0.00 secs] 
2014-07-16T08:56:41.515+0000: 356.577: [GC [PSYoungGen: 1133004K->4066K(1084480K)] 1344662K->218635K(1771456K), 0.0145530 secs] [Times: user=0.05 sys=0.00, real=0.01 secs] 
2014-07-16T08:56:43.807+0000: 358.870: [GC [PSYoungGen: 1084450K->6614K(1043456K)] 1299019K->221311K(1730432K), 0.0063560 secs] [Times: user=0.02 sys=0.00, real=0.00 secs] 
2014-07-16T08:56:46.057+0000: 361.119: [GC [PSYoungGen: 1043343K->3766K(999104K)] 1258039K->221606K(1686080K), 0.0196150 secs] [Times: user=0.07 sys=0.00, real=0.02 secs] 
2014-07-16T08:56:48.159+0000: 363.221: [GC [PSYoungGen: 999094K->6714K(962560K)] 1216934K->224602K(1649536K), 0.0379250 secs] [Times: user=0.14 sys=0.00, real=0.04 secs] 
2014-07-16T08:56:50.223+0000: 365.285: [GC [PSYoungGen: 962549K->4002K(922240K)] 1180436K->225016K(1609216K), 0.0063770 secs] [Times: user=0.02 sys=0.00, real=0.01 secs] 
2014-07-16T08:56:52.153+0000: 367.216: [GC [PSYoungGen: 922210K->6614K(889024K)] 1143224K->227749K(1576000K), 0.0053370 secs] [Times: user=0.02 sys=0.00, real=0.01 secs] 
2014-07-16T08:56:54.048+0000: 369.111: [GC [PSYoungGen: 888982K->3962K(852224K)] 1110117K->228203K(1539200K), 0.0211980 secs] [Times: user=0.08 sys=0.00, real=0.02 secs] 
2014-07-16T08:56:55.858+0000: 370.920: [GC [PSYoungGen: 852218K->6660K(822464K)] 1076459K->230973K(1509440K), 0.0112960 secs] [Times: user=0.04 sys=0.01, real=0.01 secs] 
2014-07-16T08:56:57.598+0000: 372.661: [GC [PSYoungGen: 822404K->4080K(788864K)] 1046717K->231096K(1475840K), 0.0231680 secs] [Times: user=0.09 sys=0.00, real=0.02 secs] 
2014-07-16T08:56:59.293+0000: 374.355: [GC [PSYoungGen: 788848K->6678K(761984K)] 1015864K->233718K(1448960K), 0.0062550 secs] [Times: user=0.02 sys=0.00, real=0.01 secs] 
2014-07-16T08:57:00.914+0000: 375.976: [GC [PSYoungGen: 761918K->3834K(731008K)] 988957K->234017K(1417984K), 0.0244790 secs] [Times: user=0.08 sys=0.00, real=0.03 secs] 
2014-07-16T08:57:02.478+0000: 377.540: [GC [PSYoungGen: 731002K->6600K(707008K)] 961185K->236977K(1393984K), 0.0058500 secs] [Times: user=0.01 sys=0.00, real=0.00 secs] 
2014-07-16T08:57:03.954+0000: 379.016: [GC [PSYoungGen: 706952K->4152K(678976K)] 937329K->237286K(1365952K), 0.0192630 secs] [Times: user=0.07 sys=0.01, real=0.02 secs] 
2014-07-16T08:57:05.449+0000: 380.511: [GC [PSYoungGen: 678968K->6878K(657344K)] 912102K->240092K(1344320K), 0.0054050 secs] [Times: user=0.02 sys=0.00, real=0.00 secs] 
2014-07-16T08:57:06.785+0000: 381.847: [GC [PSYoungGen: 657310K->3564K(630784K)] 890524K->240052K(1317760K), 0.0057970 secs] [Times: user=0.01 sys=0.00, real=0.01 secs] 
2014-07-16T08:57:08.113+0000: 383.176: [GC [PSYoungGen: 630764K->6614K(611648K)] 867252K->243166K(1298624K), 0.0060120 secs] [Times: user=0.02 sys=0.00, real=0.01 secs] 
2014-07-16T08:57:09.412+0000: 384.474: [GC [PSYoungGen: 611606K->4276K(588096K)] 848158K->243374K(1275072K), 0.0179960 secs] [Times: user=0.07 sys=0.00, real=0.02 secs] 
2014-07-16T08:57:10.656+0000: 385.718: [GC [PSYoungGen: 588084K->6468K(570112K)] 827182K->245678K(1257088K), 0.0113980 secs] [Times: user=0.04 sys=0.00, real=0.01 secs] 
2014-07-16T08:57:11.858+0000: 386.920: [GC [PSYoungGen: 570052K->3560K(679936K)] 809262K->246049K(1366912K), 0.0248490 secs] [Times: user=0.08 sys=0.00, real=0.02 secs] 
2014-07-16T08:57:13.292+0000: 388.355: [GC [PSYoungGen: 679882K->6732K(818432K)] 922371K->249341K(1505408K), 0.0228090 secs] [Times: user=0.09 sys=0.00, real=0.02 secs] 
2014-07-16T08:57:15.024+0000: 390.086: [GC [PSYoungGen: 818366K->4152K(978176K)] 1060974K->249594K(1665152K), 0.0227060 secs] [Times: user=0.08 sys=0.00, real=0.02 secs] 
2014-07-16T08:57:17.104+0000: 392.167: [GC [PSYoungGen: 978168K->6564K(1175424K)] 1223610K->252062K(1862400K), 0.0216070 secs] [Times: user=0.08 sys=0.00, real=0.02 secs] 
2014-07-16T08:57:19.595+0000: 394.658: [GC [PSYoungGen: 1175396K->3744K(1406400K)] 1420894K->252279K(2093376K), 0.0120360 secs] [Times: user=0.02 sys=0.00, real=0.01 secs] 
2014-07-16T08:57:22.588+0000: 397.651: [GC [PSYoungGen: 1406368K->6710K(1350144K)] 1654903K->255341K(2037120K), 0.0064630 secs] [Times: user=0.02 sys=0.00, real=0.01 secs] 
2014-07-16T08:57:25.514+0000: 400.576: [GC [PSYoungGen: 1350134K->3888K(1291008K)] 1598765K->255582K(1977984K), 0.0096590 secs] [Times: user=0.01 sys=0.01, real=0.01 secs] 
2014-07-16T08:57:28.158+0000: 403.220: [GC [PSYoungGen: 1290992K->6828K(1240384K)] 1542686K->258626K(1927360K), 0.0128860 secs] [Times: user=0.04 sys=0.00, real=0.02 secs] 
2014-07-16T08:57:30.784+0000: 405.847: [GC [PSYoungGen: 1240364K->3624K(1186176K)] 1492162K->258972K(1873152K), 0.0234780 secs] [Times: user=0.08 sys=0.00, real=0.02 secs] 
2014-07-16T08:57:33.319+0000: 408.381: [GC [PSYoungGen: 1186152K->6942K(1140992K)] 1441500K->262426K(1827968K), 0.0178360 secs] [Times: user=0.07 sys=0.00, real=0.02 secs] 
2014-07-16T08:57:35.859+0000: 410.921: [GC [PSYoungGen: 1140958K->4030K(1091904K)] 1396442K->262666K(1778880K), 0.0259200 secs] [Times: user=0.10 sys=0.00, real=0.03 secs] 
2014-07-16T08:57:38.199+0000: 413.261: [GC [PSYoungGen: 1091902K->6714K(1050624K)] 1350538K->265438K(1737600K), 0.0121660 secs] [Times: user=0.02 sys=0.00, real=0.01 secs] 
2014-07-16T08:57:40.418+0000: 415.480: [GC [PSYoungGen: 1050618K->4002K(1006080K)] 1309342K->265606K(1693056K), 0.0137510 secs] [Times: user=0.04 sys=0.00, real=0.01 secs] 
2014-07-16T08:57:42.593+0000: 417.656: [GC [PSYoungGen: 1006050K->6678K(968960K)] 1267654K->268402K(1655936K), 0.0238990 secs] [Times: user=0.08 sys=0.00, real=0.02 secs] 
2014-07-16T08:57:44.681+0000: 419.743: [GC [PSYoungGen: 968918K->3902K(928256K)] 1230642K->268650K(1615232K), 0.0297910 secs] [Times: user=0.11 sys=0.00, real=0.03 secs] 
2014-07-16T08:57:46.748+0000: 421.810: [GC [PSYoungGen: 928254K->6696K(894976K)] 1193002K->271564K(1581952K), 0.0189770 secs] [Times: user=0.06 sys=0.00, real=0.02 secs] 
2014-07-16T08:57:48.629+0000: 423.692: [GC [PSYoungGen: 894952K->4016K(1069952K)] 1159820K->271759K(1756928K), 0.0352990 secs] [Times: user=0.13 sys=0.00, real=0.04 secs] 
2014-07-16T08:57:51.004+0000: 426.067: [GC [PSYoungGen: 1069936K->6906K(1286016K)] 1337679K->274729K(1972992K), 0.0473580 secs] [Times: user=0.17 sys=0.01, real=0.04 secs] 
2014-07-16T08:57:53.686+0000: 428.748: [GC [PSYoungGen: 1286010K->3580K(1538560K)] 1553833K->274800K(2225536K), 0.0207060 secs] [Times: user=0.07 sys=0.00, real=0.02 secs] 
2014-07-16T08:57:56.951+0000: 432.013: [GC [PSYoungGen: 1538556K->6614K(1475968K)] 1809776K->277954K(2162944K), 0.0058050 secs] [Times: user=0.01 sys=0.00, real=0.01 secs] 
2014-07-16T08:58:00.065+0000: 435.128: [GC [PSYoungGen: 1475926K->4258K(1411136K)] 1747266K->278376K(2098112K), 0.0171000 secs] [Times: user=0.06 sys=0.00, real=0.01 secs] 
2014-07-16T08:58:03.071+0000: 438.133: [GC [PSYoungGen: 1411106K->6774K(1354240K)] 1685224K->281012K(2041216K), 0.0229500 secs] [Times: user=0.08 sys=0.00, real=0.02 secs] 
2014-07-16T08:58:05.946+0000: 441.008: [GC [PSYoungGen: 1354230K->3566K(1294528K)] 1628468K->281187K(1981504K), 0.0094190 secs] [Times: user=0.03 sys=0.00, real=0.01 secs] 
2014-07-16T08:58:08.696+0000: 443.759: [GC [PSYoungGen: 1294510K->6678K(1243904K)] 1572131K->284372K(1930880K), 0.0135020 secs] [Times: user=0.05 sys=0.00, real=0.02 secs] 
2014-07-16T08:58:11.356+0000: 446.418: [GC [PSYoungGen: 1243862K->4322K(1190400K)] 1521556K->284925K(1877376K), 0.0251710 secs] [Times: user=0.09 sys=0.01, real=0.03 secs] 
2014-07-16T08:58:13.856+0000: 448.919: [GC [PSYoungGen: 1190370K->6860K(1144256K)] 1470973K->287623K(1831232K), 0.0062160 secs] [Times: user=0.02 sys=0.00, real=0.01 secs] 
2014-07-16T08:58:16.345+0000: 451.408: [GC [PSYoungGen: 1144204K->3516K(1094528K)] 1424967K->287777K(1781504K), 0.0166120 secs] [Times: user=0.05 sys=0.01, real=0.02 secs] 
2014-07-16T08:58:18.599+0000: 453.662: [GC [PSYoungGen: 1094524K->7078K(1054016K)] 1378785K->291427K(1740992K), 0.0354910 secs] [Times: user=0.13 sys=0.00, real=0.03 secs] 
2014-07-16T08:58:20.820+0000: 455.883: [GC [PSYoungGen: 1053990K->4130K(1009088K)] 1338339K->291744K(1696064K), 0.0078780 secs] [Times: user=0.02 sys=0.00, real=0.01 secs] 
2014-07-16T08:58:22.985+0000: 458.048: [GC [PSYoungGen: 1009058K->6632K(971648K)] 1296672K->294382K(1658624K), 0.0349800 secs] [Times: user=0.13 sys=0.00, real=0.04 secs] 
2014-07-16T08:58:25.042+0000: 460.105: [GC [PSYoungGen: 971624K->4192K(931200K)] 1259374K->294688K(1618176K), 0.0160010 secs] [Times: user=0.05 sys=0.00, real=0.01 secs] 
2014-07-16T08:58:27.031+0000: 462.093: [GC [PSYoungGen: 931168K->6582K(897344K)] 1221664K->297190K(1584320K), 0.0081990 secs] [Times: user=0.02 sys=0.00, real=0.01 secs] 
2014-07-16T08:58:28.923+0000: 463.986: [GC [PSYoungGen: 897334K->4066K(860352K)] 1187942K->297455K(1547328K), 0.0125920 secs] [Times: user=0.02 sys=0.00, real=0.01 secs] 
2014-07-16T08:58:30.738+0000: 465.801: [GC [PSYoungGen: 860236K->7102K(1034624K)] 1153625K->300556K(1721600K), 0.0338480 secs] [Times: user=0.12 sys=0.00, real=0.04 secs] 
2014-07-16T08:58:32.960+0000: 468.022: [GC [PSYoungGen: 1034622K->3684K(1236736K)] 1328076K->300520K(1923712K), 0.0228610 secs] [Times: user=0.08 sys=0.00, real=0.03 secs] 
2014-07-16T08:58:35.574+0000: 470.636: [GC [PSYoungGen: 1236708K->6878K(1188992K)] 1533544K->303843K(1875968K), 0.0208950 secs] [Times: user=0.08 sys=0.00, real=0.02 secs] 
2014-07-16T08:58:38.108+0000: 473.170: [GC [PSYoungGen: 1188958K->4276K(1137856K)] 1485923K->304198K(1824832K), 0.0098250 secs] [Times: user=0.02 sys=0.01, real=0.01 secs] 
2014-07-16T08:58:40.501+0000: 475.564: [GC [PSYoungGen: 1137844K->6614K(1094080K)] 1437766K->306624K(1781056K), 0.0061100 secs] [Times: user=0.02 sys=0.00, real=0.00 secs] 
2014-07-16T08:58:42.845+0000: 477.908: [GC [PSYoungGen: 1094038K->4066K(1047616K)] 1394048K->306865K(1734592K), 0.0063120 secs] [Times: user=0.01 sys=0.00, real=0.00 secs] 
2014-07-16T08:58:45.086+0000: 480.149: [GC [PSYoungGen: 1047569K->6646K(1008384K)] 1350368K->309573K(1695360K), 0.0058940 secs] [Times: user=0.01 sys=0.00, real=0.01 secs] 
2014-07-16T08:58:47.250+0000: 482.312: [GC [PSYoungGen: 1008374K->4152K(966080K)] 1311301K->309724K(1653056K), 0.0200700 secs] [Times: user=0.06 sys=0.00, real=0.02 secs] 
2014-07-16T08:58:49.308+0000: 484.371: [GC [PSYoungGen: 966072K->6532K(930624K)] 1271644K->312168K(1617600K), 0.0063500 secs] [Times: user=0.01 sys=0.00, real=0.01 secs] 
2014-07-16T08:58:51.275+0000: 486.337: [GC [PSYoungGen: 930517K->4152K(892096K)] 1236153K->312535K(1579072K), 0.0249890 secs] [Times: user=0.09 sys=0.00, real=0.02 secs] 
2014-07-16T08:58:53.214+0000: 488.277: [GC [PSYoungGen: 892088K->6632K(860224K)] 1200471K->315135K(1547200K), 0.0177180 secs] [Times: user=0.05 sys=0.00, real=0.01 secs] 
2014-07-16T08:58:55.039+0000: 490.101: [GC [PSYoungGen: 860200K->3948K(824768K)] 1168703K->315364K(1511744K), 0.0095410 secs] [Times: user=0.02 sys=0.00, real=0.01 secs] 
2014-07-16T08:58:56.760+0000: 491.823: [GC [PSYoungGen: 824748K->6732K(796352K)] 1136164K->318220K(1483328K), 0.0104710 secs] [Times: user=0.03 sys=0.00, real=0.01 secs] 
2014-07-16T08:58:58.466+0000: 493.529: [GC [PSYoungGen: 796300K->4008K(951552K)] 1107788K->318445K(1638528K), 0.0392560 secs] [Times: user=0.16 sys=0.00, real=0.04 secs] 
2014-07-16T08:59:00.485+0000: 495.547: [GC [PSYoungGen: 951528K->6728K(917120K)] 1265965K->321214K(1604096K), 0.0063370 secs] [Times: user=0.02 sys=0.00, real=0.00 secs] 
2014-07-16T08:59:02.434+0000: 497.497: [GC [PSYoungGen: 917064K->3838K(878720K)] 1231550K->321645K(1565696K), 0.0133580 secs] [Times: user=0.04 sys=0.00, real=0.02 secs] 
2014-07-16T08:59:04.274+0000: 499.336: [GC [PSYoungGen: 878718K->6646K(847808K)] 1196525K->324533K(1534784K), 0.0064110 secs] [Times: user=0.01 sys=0.00, real=0.01 secs] 
2014-07-16T08:59:06.060+0000: 501.122: [GC [PSYoungGen: 847798K->4258K(813248K)] 1165685K->324837K(1500224K), 0.0296170 secs] [Times: user=0.11 sys=0.00, real=0.03 secs] 
2014-07-16T08:59:07.788+0000: 502.850: [GC [PSYoungGen: 813218K->6564K(784896K)] 1133797K->327255K(1471872K), 0.0095050 secs] [Times: user=0.03 sys=0.00, real=0.01 secs] 
2014-07-16T08:59:09.437+0000: 504.499: [GC [PSYoungGen: 784868K->3902K(753024K)] 1105559K->327599K(1440000K), 0.0204570 secs] [Times: user=0.08 sys=0.00, real=0.02 secs] 
2014-07-16T08:59:11.035+0000: 506.098: [GC [PSYoungGen: 753022K->6746K(905728K)] 1076719K->330531K(1592704K), 0.0266210 secs] [Times: user=0.11 sys=0.00, real=0.03 secs] 
2014-07-16T08:59:12.944+0000: 508.007: [GC [PSYoungGen: 905690K->4066K(868160K)] 1229475K->330734K(1555136K), 0.0068520 secs] [Times: user=0.01 sys=0.01, real=0.01 secs] 
2014-07-16T08:59:14.776+0000: 509.838: [GC [PSYoungGen: 868130K->6760K(837632K)] 1194798K->333606K(1524608K), 0.0143120 secs] [Times: user=0.05 sys=0.00, real=0.02 secs] 
2014-07-16T08:59:16.554+0000: 511.617: [GC [PSYoungGen: 837608K->3758K(1000832K)] 1164454K->333887K(1687808K), 0.0355310 secs] [Times: user=0.12 sys=0.00, real=0.04 secs] 
2014-07-16T08:59:18.663+0000: 513.726: [GC [PSYoungGen: 1000814K->6746K(1203264K)] 1330943K->336939K(1890240K), 0.0124400 secs] [Times: user=0.04 sys=0.00, real=0.01 secs] 
2014-07-16T08:59:21.211+0000: 516.273: [GC [PSYoungGen: 1203199K->4066K(1439872K)] 1533392K->337336K(2126848K), 0.0296050 secs] [Times: user=0.10 sys=0.00, real=0.03 secs] 
2014-07-16T08:59:24.287+0000: 519.350: [GC [PSYoungGen: 1439842K->6828K(1381824K)] 1773112K->340234K(2068800K), 0.0269020 secs] [Times: user=0.10 sys=0.00, real=0.03 secs] 
2014-07-16T08:59:27.243+0000: 522.306: [GC [PSYoungGen: 1381804K->3834K(1653824K)] 1715210K->340405K(2340800K), 0.0317800 secs] [Times: user=0.12 sys=0.01, real=0.03 secs] 
2014-07-16T08:59:30.733+0000: 525.796: [GC [PSYoungGen: 1653818K->6742K(1585472K)] 1990389K->343409K(2272448K), 0.0273280 secs] [Times: user=0.10 sys=0.00, real=0.03 secs] 
2014-07-16T08:59:34.160+0000: 529.223: [GC [PSYoungGen: 1585430K->4026K(1514880K)] 1922097K->343951K(2201856K), 0.0089560 secs] [Times: user=0.02 sys=0.00, real=0.00 secs] 
2014-07-16T08:59:37.404+0000: 532.466: [GC [PSYoungGen: 1514874K->6660K(1453056K)] 1854799K->346745K(2140032K), 0.0109230 secs] [Times: user=0.03 sys=0.00, real=0.01 secs] 
2014-07-16T08:59:40.476+0000: 535.539: [GC [PSYoungGen: 1452996K->4144K(1389120K)] 1793081K->347065K(2076096K), 0.0089440 secs] [Times: user=0.01 sys=0.00, real=0.01 secs] 
2014-07-16T08:59:43.567+0000: 538.630: [GC [PSYoungGen: 1389104K->6696K(1333312K)] 1732025K->349753K(2020288K), 0.0232640 secs] [Times: user=0.08 sys=0.00, real=0.02 secs] 
2014-07-16T08:59:46.415+0000: 541.477: [GC [PSYoungGen: 1333288K->4030K(1275136K)] 1676345K->350039K(1962112K), 0.0212510 secs] [Times: user=0.08 sys=0.00, real=0.02 secs] 
2014-07-16T08:59:49.142+0000: 544.204: [GC [PSYoungGen: 1275134K->6596K(1224960K)] 1621143K->352678K(1911936K), 0.0332850 secs] [Times: user=0.11 sys=0.00, real=0.04 secs] 
2014-07-16T08:59:51.731+0000: 546.794: [GC [PSYoungGen: 1224900K->4080K(1172160K)] 1570982K->353033K(1859136K), 0.0289390 secs] [Times: user=0.09 sys=0.00, real=0.03 secs] 
2014-07-16T08:59:54.251+0000: 549.313: [GC [PSYoungGen: 1172144K->6910K(1408640K)] 1521097K->356008K(2095616K), 0.0366390 secs] [Times: user=0.13 sys=0.00, real=0.04 secs] 
2014-07-16T08:59:57.233+0000: 552.295: [GC [PSYoungGen: 1408637K->3774K(1346304K)] 1757734K->356067K(2033280K), 0.0204270 secs] [Times: user=0.07 sys=0.00, real=0.03 secs] 
2014-07-16T09:00:00.113+0000: 555.176: [GC [PSYoungGen: 1346302K->6860K(1293184K)] 1698595K->359225K(1980160K), 0.0170710 secs] [Times: user=0.06 sys=0.00, real=0.01 secs] 
2014-07-16T09:00:02.845+0000: 557.907: [GC [PSYoungGen: 1293132K->4066K(1236800K)] 1645497K->359357K(1923776K), 0.0108640 secs] [Times: user=0.01 sys=0.00, real=0.01 secs] 
2014-07-16T09:00:05.478+0000: 560.540: [GC [PSYoungGen: 1236770K->6728K(1188544K)] 1592061K->362139K(1875520K), 0.0189200 secs] [Times: user=0.07 sys=0.00, real=0.02 secs] 
2014-07-16T09:00:07.981+0000: 563.043: [GC [PSYoungGen: 1188470K->3774K(1137088K)] 1543881K->362595K(1824064K), 0.0221150 secs] [Times: user=0.08 sys=0.00, real=0.02 secs] 
2014-07-16T09:00:10.443+0000: 565.505: [GC [PSYoungGen: 1137086K->6692K(1093888K)] 1495907K->365577K(1780864K), 0.0291130 secs] [Times: user=0.11 sys=0.00, real=0.03 secs] 
2014-07-16T09:00:12.746+0000: 567.809: [GC [PSYoungGen: 1093860K->4280K(1047552K)] 1452745K->365854K(1734528K), 0.0260150 secs] [Times: user=0.10 sys=0.00, real=0.02 secs] 
2014-07-16T09:00:14.970+0000: 570.032: [GC [PSYoungGen: 1047544K->6710K(1008192K)] 1409118K->368420K(1695168K), 0.0249780 secs] [Times: user=0.09 sys=0.01, real=0.02 secs] 
2014-07-16T09:00:17.107+0000: 572.169: [GC [PSYoungGen: 1008182K->3774K(1205568K)] 1369892K->368562K(1892544K), 0.0298940 secs] [Times: user=0.11 sys=0.00, real=0.03 secs] 
2014-07-16T09:00:19.732+0000: 574.794: [GC [PSYoungGen: 1205537K->6824K(1449024K)] 1570326K->371669K(2136000K), 0.0418720 secs] [Times: user=0.16 sys=0.00, real=0.04 secs] 
2014-07-16T09:00:22.810+0000: 577.872: [GC [PSYoungGen: 1449000K->4022K(1635136K)] 1813845K->371826K(2322112K), 0.0250910 secs] [Times: user=0.10 sys=0.00, real=0.02 secs] 
2014-07-16T09:00:26.285+0000: 581.347: [GC [PSYoungGen: 1635110K->6792K(1567552K)] 2002914K->374732K(2254528K), 0.0164730 secs] [Times: user=0.06 sys=0.00, real=0.02 secs] 
2014-07-16T09:00:29.632+0000: 584.695: [GC [PSYoungGen: 1567496K->506K(1494272K)] 1935436K->375325K(2181248K), 0.0321530 secs] [Times: user=0.11 sys=0.00, real=0.03 secs] 
2014-07-16T09:00:32.828+0000: 587.890: [GC [PSYoungGen: 1494266K->7352K(1437440K)] 1869085K->382196K(2124416K), 0.0194330 secs] [Times: user=0.05 sys=0.00, real=0.02 secs] 
2014-07-16T09:00:35.883+0000: 590.946: [GC [PSYoungGen: 1437432K->6550K(1376128K)] 1812276K->382236K(2063104K), 0.0051930 secs] [Times: user=0.02 sys=0.00, real=0.00 secs] 
2014-07-16T09:00:38.887+0000: 593.949: [GC [PSYoungGen: 1376086K->6664K(1318656K)] 1751772K->382478K(2005632K), 0.0076670 secs] [Times: user=0.02 sys=0.00, real=0.01 secs] 
2014-07-16T09:00:41.674+0000: 596.737: [GC [PSYoungGen: 1318600K->1848K(1259008K)] 1694414K->382784K(1945984K), 0.0254330 secs] [Times: user=0.10 sys=0.00, real=0.02 secs] 
2014-07-16T09:00:44.389+0000: 599.452: [GC [PSYoungGen: 1259000K->6846K(1211840K)] 1639936K->387903K(1898816K), 0.0222970 secs] [Times: user=0.08 sys=0.00, real=0.03 secs] 
2014-07-16T09:00:46.953+0000: 602.015: [GC [PSYoungGen: 1211838K->6300K(1161728K)] 1592895K->388005K(1848704K), 0.0050700 secs] [Times: user=0.02 sys=0.00, real=0.00 secs] 
2014-07-16T09:00:49.486+0000: 604.549: [GC [PSYoungGen: 1161692K->6628K(1114816K)] 1543397K->388405K(1801792K), 0.0121620 secs] [Times: user=0.05 sys=0.00, real=0.01 secs] 
2014-07-16T09:00:51.836+0000: 606.899: [GC [PSYoungGen: 1114788K->2030K(1065280K)] 1496565K->388870K(1752256K), 0.0258180 secs] [Times: user=0.07 sys=0.01, real=0.03 secs] 
2014-07-16T09:00:54.151+0000: 609.214: [GC [PSYoungGen: 1065262K->7010K(1027520K)] 1452102K->393955K(1714496K), 0.0068550 secs] [Times: user=0.02 sys=0.00, real=0.01 secs] 
2014-07-16T09:00:56.295+0000: 611.357: [GC [PSYoungGen: 1027490K->5918K(985728K)] 1414435K->394037K(1672704K), 0.0179600 secs] [Times: user=0.07 sys=0.00, real=0.02 secs] 
2014-07-16T09:00:58.389+0000: 613.452: [GC [PSYoungGen: 985694K->6582K(947584K)] 1373813K->394805K(1634560K), 0.0250690 secs] [Times: user=0.09 sys=0.00, real=0.03 secs] 
2014-07-16T09:01:00.424+0000: 615.487: [GC [PSYoungGen: 947530K->2736K(906816K)] 1335753K->395248K(1593792K), 0.0149730 secs] [Times: user=0.06 sys=0.00, real=0.01 secs] 
2014-07-16T09:01:02.357+0000: 617.420: [GC [PSYoungGen: 906800K->7010K(875968K)] 1299312K->399659K(1562944K), 0.0176730 secs] [Times: user=0.07 sys=0.00, real=0.02 secs] 
2014-07-16T09:01:04.252+0000: 619.314: [GC [PSYoungGen: 875938K->5362K(840832K)] 1268587K->399723K(1527808K), 0.0121520 secs] [Times: user=0.04 sys=0.00, real=0.02 secs] 
2014-07-16T09:01:05.969+0000: 621.032: [GC [PSYoungGen: 840818K->6564K(810176K)] 1235179K->401013K(1497152K), 0.0154410 secs] [Times: user=0.05 sys=0.00, real=0.02 secs] 
2014-07-16T09:01:07.674+0000: 622.736: [GC [PSYoungGen: 810148K->3314K(776512K)] 1204597K->401205K(1463488K), 0.0210880 secs] [Times: user=0.07 sys=0.01, real=0.03 secs] 
2014-07-16T09:01:09.347+0000: 624.410: [GC [PSYoungGen: 776498K->6946K(934848K)] 1174389K->404885K(1621824K), 0.0310020 secs] [Times: user=0.12 sys=0.00, real=0.03 secs] 
2014-07-16T09:01:11.333+0000: 626.395: [GC [PSYoungGen: 934818K->4728K(1118208K)] 1332757K->404952K(1805184K), 0.0347040 secs] [Times: user=0.13 sys=0.00, real=0.04 secs] 
2014-07-16T09:01:13.690+0000: 628.752: [GC [PSYoungGen: 1118200K->6646K(1342848K)] 1518424K->407014K(2029824K), 0.0131270 secs] [Times: user=0.03 sys=0.01, real=0.01 secs] 
2014-07-16T09:01:16.573+0000: 631.636: [GC [PSYoungGen: 1342838K->3638K(1283840K)] 1743206K->407230K(1970816K), 0.0142870 secs] [Times: user=0.05 sys=0.00, real=0.02 secs] 
2014-07-16T09:01:19.390+0000: 634.453: [GC [PSYoungGen: 1283830K->6742K(1543040K)] 1687422K->410430K(2230016K), 0.0448880 secs] [Times: user=0.16 sys=0.00, real=0.04 secs] 
2014-07-16T09:01:22.589+0000: 637.652: [GC [PSYoungGen: 1542998K->4472K(1588160K)] 1946686K->410754K(2275136K), 0.0357380 secs] [Times: user=0.12 sys=0.00, real=0.03 secs] 
2014-07-16T09:01:25.983+0000: 641.046: [GC [PSYoungGen: 1588152K->6582K(1522176K)] 1994434K->413040K(2209152K), 0.0056890 secs] [Times: user=0.02 sys=0.00, real=0.01 secs] 
2014-07-16T09:01:29.201+0000: 644.264: [GC [PSYoungGen: 1522166K->876K(1451776K)] 1928624K->413372K(2138752K), 0.0295510 secs] [Times: user=0.11 sys=0.01, real=0.03 secs] 
2014-07-16T09:01:32.348+0000: 647.411: [GC [PSYoungGen: 1451756K->7398K(1396736K)] 1864252K->419935K(2083712K), 0.0284480 secs] [Times: user=0.10 sys=0.00, real=0.02 secs] 
2014-07-16T09:01:35.326+0000: 650.389: [GC [PSYoungGen: 1396710K->6550K(1337344K)] 1809247K->419847K(2024320K), 0.0059960 secs] [Times: user=0.02 sys=0.00, real=0.01 secs] 
2014-07-16T09:01:38.154+0000: 653.217: [GC [PSYoungGen: 1337302K->6628K(1281728K)] 1750599K->420077K(1968704K), 0.0222720 secs] [Times: user=0.06 sys=0.00, real=0.02 secs] 
2014-07-16T09:01:40.901+0000: 655.963: [GC [PSYoungGen: 1281700K->1888K(1224000K)] 1695149K->420358K(1910976K), 0.0216170 secs] [Times: user=0.08 sys=0.01, real=0.02 secs] 
2014-07-16T09:01:43.492+0000: 658.554: [GC [PSYoungGen: 1223968K->6924K(1178624K)] 1642438K->425507K(1865600K), 0.0335240 secs] [Times: user=0.12 sys=0.00, real=0.03 secs] 
2014-07-16T09:01:46.022+0000: 661.085: [GC [PSYoungGen: 1178572K->6130K(1412160K)] 1597155K->425649K(2099136K), 0.0592570 secs] [Times: user=0.21 sys=0.01, real=0.06 secs] 
2014-07-16T09:01:49.031+0000: 664.094: [GC [PSYoungGen: 1412146K->6764K(1574464K)] 1831665K->426379K(2261440K), 0.0128560 secs] [Times: user=0.04 sys=0.00, real=0.01 secs] 
2014-07-16T09:01:52.427+0000: 667.489: [GC [PSYoungGen: 1573740K->6692K(1506432K)] 1993355K->426411K(2193408K), 0.0077730 secs] [Times: user=0.03 sys=0.00, real=0.01 secs] 
2014-07-16T09:01:55.668+0000: 670.730: [GC [PSYoungGen: 1506404K->6614K(1442432K)] 1926123K->426573K(2129408K), 0.0094920 secs] [Times: user=0.02 sys=0.00, real=0.01 secs] 
2014-07-16T09:01:58.724+0000: 673.786: [GC [PSYoungGen: 1442390K->1524K(1376512K)] 1862349K->426856K(2063488K), 0.0175600 secs] [Times: user=0.06 sys=0.00, real=0.01 secs] 
2014-07-16T09:02:01.716+0000: 676.778: [GC [PSYoungGen: 1376500K->7102K(1324224K)] 1801832K->432482K(2011200K), 0.0374040 secs] [Times: user=0.14 sys=0.00, real=0.04 secs] 
2014-07-16T09:02:04.565+0000: 679.627: [GC [PSYoungGen: 1324222K->6140K(1268224K)] 1749602K->432416K(1955200K), 0.0099280 secs] [Times: user=0.02 sys=0.00, real=0.01 secs] 
2014-07-16T09:02:07.273+0000: 682.335: [GC [PSYoungGen: 1268220K->6582K(1216320K)] 1694496K->432978K(1903296K), 0.0208260 secs] [Times: user=0.07 sys=0.00, real=0.03 secs] 
2014-07-16T09:02:09.848+0000: 684.910: [GC [PSYoungGen: 1216310K->2144K(1162048K)] 1642706K->433387K(1849024K), 0.0318480 secs] [Times: user=0.12 sys=0.00, real=0.03 secs] 
2014-07-16T09:02:12.334+0000: 687.396: [GC [PSYoungGen: 1162016K->7056K(1119552K)] 1593259K->438372K(1806528K), 0.0261870 secs] [Times: user=0.09 sys=0.01, real=0.03 secs] 
2014-07-16T09:02:14.688+0000: 689.751: [GC [PSYoungGen: 1119504K->5628K(1072960K)] 1550820K->438420K(1759936K), 0.0217530 secs] [Times: user=0.08 sys=0.00, real=0.02 secs] 
2014-07-16T09:02:16.986+0000: 692.048: [GC [PSYoungGen: 1072956K->6600K(1031040K)] 1505748K->439504K(1718016K), 0.0279280 secs] [Times: user=0.10 sys=0.00, real=0.02 secs] 
2014-07-16T09:02:19.166+0000: 694.229: [GC [PSYoungGen: 1030984K->2726K(986240K)] 1463888K->439778K(1673216K), 0.0138480 secs] [Times: user=0.04 sys=0.00, real=0.01 secs] 
2014-07-16T09:02:21.262+0000: 696.324: [GC [PSYoungGen: 986214K->6860K(951488K)] 1423266K->443993K(1638464K), 0.0133320 secs] [Times: user=0.04 sys=0.00, real=0.02 secs] 
2014-07-16T09:02:23.289+0000: 698.351: [GC [PSYoungGen: 951436K->5230K(912768K)] 1388569K->444259K(1599744K), 0.0060690 secs] [Times: user=0.02 sys=0.00, real=0.01 secs] 
2014-07-16T09:02:25.214+0000: 700.277: [GC [PSYoungGen: 912750K->6628K(878848K)] 1351779K->445785K(1565824K), 0.0300290 secs] [Times: user=0.11 sys=0.01, real=0.03 secs] 
2014-07-16T09:02:27.083+0000: 702.145: [GC [PSYoungGen: 878820K->3004K(1049664K)] 1317977K->446022K(1736640K), 0.0294980 secs] [Times: user=0.10 sys=0.01, real=0.03 secs] 
2014-07-16T09:02:29.301+0000: 704.363: [GC [PSYoungGen: 1049623K->6974K(1262976K)] 1492641K->450057K(1949952K), 0.0270880 secs] [Times: user=0.09 sys=0.00, real=0.03 secs] 
2014-07-16T09:02:31.963+0000: 707.025: [GC [PSYoungGen: 1262974K->4796K(1512000K)] 1706057K->450255K(2198976K), 0.0304290 secs] [Times: user=0.11 sys=0.01, real=0.03 secs] 
2014-07-16T09:02:35.179+0000: 710.241: [GC [PSYoungGen: 1511996K->6646K(1449536K)] 1957455K->452297K(2136512K), 0.0156950 secs] [Times: user=0.06 sys=0.00, real=0.01 secs] 
2014-07-16T09:02:38.264+0000: 713.326: [GC [PSYoungGen: 1449526K->3438K(1656576K)] 1895177K->452543K(2343552K), 0.0465720 secs] [Times: user=0.17 sys=0.00, real=0.05 secs] 
2014-07-16T09:02:41.978+0000: 717.040: [GC [PSYoungGen: 1656558K->6824K(1588480K)] 2105663K->455978K(2275456K), 0.0130810 secs] [Times: user=0.02 sys=0.01, real=0.02 secs] 
2014-07-16T09:02:45.391+0000: 720.454: [GC [PSYoungGen: 1588456K->570K(1514240K)] 2037610K->456454K(2201216K), 0.0187550 secs] [Times: user=0.07 sys=0.01, real=0.02 secs] 
2014-07-16T09:02:48.639+0000: 723.701: [GC [PSYoungGen: 1514234K->7174K(1456256K)] 1970118K->463091K(2143232K), 0.0350560 secs] [Times: user=0.13 sys=0.00, real=0.03 secs] 
2014-07-16T09:02:51.773+0000: 726.835: [GC [PSYoungGen: 1456198K->6710K(1394240K)] 1912115K->463357K(2081216K), 0.0387410 secs] [Times: user=0.14 sys=0.01, real=0.04 secs] 
2014-07-16T09:02:54.747+0000: 729.810: [GC [PSYoungGen: 1394230K->6628K(1335680K)] 1850877K->463491K(2022656K), 0.0245930 secs] [Times: user=0.10 sys=0.00, real=0.03 secs] 
2014-07-16T09:02:57.685+0000: 732.747: [GC [PSYoungGen: 1335652K->1638K(1275072K)] 1792515K->463772K(1962048K), 0.0243640 secs] [Times: user=0.09 sys=0.01, real=0.02 secs] 
2014-07-16T09:03:00.399+0000: 735.461: [GC [PSYoungGen: 1275046K->7024K(1227520K)] 1737180K->469206K(1914496K), 0.0156850 secs] [Times: user=0.05 sys=0.00, real=0.02 secs] 
2014-07-16T09:03:03.039+0000: 738.101: [GC [PSYoungGen: 1227504K->6190K(1176320K)] 1689686K->469416K(1863296K), 0.0350110 secs] [Times: user=0.13 sys=0.00, real=0.04 secs] 
2014-07-16T09:03:05.524+0000: 740.587: [GC [PSYoungGen: 1176302K->6678K(1128896K)] 1639528K->470065K(1815872K), 0.0137570 secs] [Times: user=0.04 sys=0.00, real=0.01 secs] 
2014-07-16T09:03:07.927+0000: 742.989: [GC [PSYoungGen: 1128854K->2108K(1078720K)] 1592241K->470492K(1765696K), 0.0331290 secs] [Times: user=0.12 sys=0.00, real=0.03 secs] 
2014-07-16T09:03:10.224+0000: 745.286: [GC [PSYoungGen: 1078716K->7092K(1040320K)] 1547100K->475525K(1727296K), 0.0085040 secs] [Times: user=0.02 sys=0.01, real=0.01 secs] 
2014-07-16T09:03:12.412+0000: 747.475: [GC [PSYoungGen: 1040308K->5820K(997696K)] 1508741K->475469K(1684672K), 0.0286860 secs] [Times: user=0.10 sys=0.00, real=0.03 secs] 
2014-07-16T09:03:14.520+0000: 749.583: [GC [PSYoungGen: 997692K->6760K(1197056K)] 1467341K->476585K(1884032K), 0.0280270 secs] [Times: user=0.10 sys=0.01, real=0.03 secs] 
2014-07-16T09:03:17.068+0000: 752.130: [GC [PSYoungGen: 1197032K->2416K(1143808K)] 1666857K->476794K(1830784K), 0.0155070 secs] [Times: user=0.06 sys=0.00, real=0.02 secs] 
2014-07-16T09:03:19.514+0000: 754.576: [GC [PSYoungGen: 1143792K->6892K(1101760K)] 1618170K->481327K(1788736K), 0.0161610 secs] [Times: user=0.05 sys=0.00, real=0.02 secs] 
2014-07-16T09:03:21.853+0000: 756.915: [GC [PSYoungGen: 1101740K->5564K(1056128K)] 1576175K->481567K(1743104K), 0.0155000 secs] [Times: user=0.05 sys=0.00, real=0.02 secs] 
2014-07-16T09:03:24.091+0000: 759.154: [GC [PSYoungGen: 1056124K->6564K(1014976K)] 1532127K->482719K(1701952K), 0.0213920 secs] [Times: user=0.07 sys=0.00, real=0.02 secs] 
2014-07-16T09:03:26.338+0000: 761.401: [GC [PSYoungGen: 1014948K->2720K(971008K)] 1491103K->483217K(1657984K), 0.0253890 secs] [Times: user=0.08 sys=0.01, real=0.02 secs] 
2014-07-16T09:03:28.343+0000: 763.406: [GC [PSYoungGen: 970916K->7042K(937152K)] 1451413K->487603K(1624128K), 0.0115470 secs] [Times: user=0.04 sys=0.00, real=0.02 secs] 
2014-07-16T09:03:30.310+0000: 765.372: [GC [PSYoungGen: 937090K->5052K(898752K)] 1417651K->487607K(1585728K), 0.0260580 secs] [Times: user=0.10 sys=0.00, real=0.03 secs] 
2014-07-16T09:03:32.226+0000: 767.288: [GC [PSYoungGen: 898748K->6806K(865920K)] 1381303K->489497K(1552896K), 0.0198490 secs] [Times: user=0.03 sys=0.00, real=0.02 secs] 
2014-07-16T09:03:34.060+0000: 769.122: [GC [PSYoungGen: 865878K->3004K(829056K)] 1348569K->489707K(1516032K), 0.0092790 secs] [Times: user=0.03 sys=0.00, real=0.01 secs] 
2014-07-16T09:03:35.813+0000: 770.875: [GC [PSYoungGen: 829052K->6782K(801408K)] 1315755K->493582K(1488384K), 0.0151700 secs] [Times: user=0.06 sys=0.00, real=0.02 secs] 
2014-07-16T09:03:37.548+0000: 772.611: [GC [PSYoungGen: 801406K->5116K(958720K)] 1288206K->493761K(1645696K), 0.0333580 secs] [Times: user=0.13 sys=0.01, real=0.03 secs] 
2014-07-16T09:03:39.591+0000: 774.654: [GC [PSYoungGen: 958716K->6628K(1150976K)] 1447361K->495361K(1837952K), 0.0239590 secs] [Times: user=0.08 sys=0.00, real=0.02 secs] 
2014-07-16T09:03:42.036+0000: 777.098: [GC [PSYoungGen: 1150948K->3004K(1376192K)] 1639681K->495685K(2063168K), 0.0337280 secs] [Times: user=0.13 sys=0.00, real=0.04 secs] 
2014-07-16T09:03:44.970+0000: 780.033: [GC [PSYoungGen: 1376188K->6924K(1606528K)] 1868869K->499694K(2293504K), 0.0142100 secs] [Times: user=0.06 sys=0.00, real=0.01 secs] 
2014-07-16T09:03:48.377+0000: 783.439: [GC [PSYoungGen: 1606092K->6564K(1536960K)] 2098862K->499798K(2223936K), 0.0071910 secs] [Times: user=0.02 sys=0.01, real=0.01 secs] 
2014-07-16T09:03:51.773+0000: 786.836: [GC [PSYoungGen: 1536932K->6938K(1471872K)] 2030166K->500292K(2158848K), 0.0189010 secs] [Times: user=0.07 sys=0.01, real=0.02 secs] 
2014-07-16T09:03:54.871+0000: 789.933: [GC [PSYoungGen: 1471834K->1196K(1403840K)] 1965188K->500413K(2090816K), 0.0162170 secs] [Times: user=0.04 sys=0.00, real=0.01 secs] 
2014-07-16T09:03:57.916+0000: 792.978: [GC [PSYoungGen: 1403820K->7042K(1350528K)] 1903037K->506324K(2037504K), 0.0130010 secs] [Times: user=0.04 sys=0.01, real=0.01 secs] 
2014-07-16T09:04:00.780+0000: 795.843: [GC [PSYoungGen: 1350466K->6432K(1293568K)] 1849748K->506420K(1980544K), 0.0116300 secs] [Times: user=0.05 sys=0.00, real=0.01 secs] 
2014-07-16T09:04:03.572+0000: 798.634: [GC [PSYoungGen: 1293536K->6596K(1240192K)] 1793524K->506728K(1927168K), 0.0210450 secs] [Times: user=0.07 sys=0.00, real=0.02 secs] 
2014-07-16T09:04:06.212+0000: 801.275: [GC [PSYoungGen: 1240132K->1788K(1184320K)] 1740264K->507115K(1871296K), 0.0072830 secs] [Times: user=0.02 sys=0.00, real=0.00 secs] 
2014-07-16T09:04:08.779+0000: 803.842: [GC [PSYoungGen: 1184316K->7120K(1141184K)] 1689643K->512544K(1828160K), 0.0212840 secs] [Times: user=0.08 sys=0.00, real=0.02 secs] 
2014-07-16T09:04:11.211+0000: 806.274: [GC [PSYoungGen: 1141136K->5940K(1093824K)] 1646560K->512464K(1780800K), 0.0270210 secs] [Times: user=0.09 sys=0.00, real=0.03 secs] 
2014-07-16T09:04:13.516+0000: 808.578: [GC [PSYoungGen: 1093812K->6678K(1050624K)] 1600336K->513378K(1737600K), 0.0379010 secs] [Times: user=0.12 sys=0.00, real=0.04 secs] 
2014-07-16T09:04:15.744+0000: 810.806: [GC [PSYoungGen: 1050582K->2212K(1254976K)] 1557282K->513562K(1941952K), 0.0479510 secs] [Times: user=0.16 sys=0.00, real=0.04 secs] 
2014-07-16T09:04:18.467+0000: 813.530: [GC [PSYoungGen: 1254948K->7038K(1510336K)] 1766298K->518469K(2197312K), 0.0190620 secs] [Times: user=0.06 sys=0.00, real=0.02 secs] 
2014-07-16T09:04:21.691+0000: 816.753: [GC [PSYoungGen: 1510334K->5486K(1630464K)] 2021765K->518629K(2317440K), 0.0226570 secs] [Times: user=0.08 sys=0.00, real=0.03 secs] 
2014-07-16T09:04:25.176+0000: 820.239: [GC [PSYoungGen: 1630446K->6842K(1561728K)] 2143589K->520201K(2248704K), 0.0081100 secs] [Times: user=0.02 sys=0.00, real=0.01 secs] 
2014-07-16T09:04:28.512+0000: 823.574: [GC [PSYoungGen: 1561722K->634K(1488832K)] 2075081K->520326K(2175808K), 0.0075090 secs] [Times: user=0.02 sys=0.01, real=0.01 secs] 
2014-07-16T09:04:31.678+0000: 826.741: [GC [PSYoungGen: 1488826K->7338K(1432128K)] 2008518K->527243K(2119104K), 0.0239640 secs] [Times: user=0.08 sys=0.01, real=0.02 secs] 
2014-07-16T09:04:34.709+0000: 829.771: [GC [PSYoungGen: 1432092K->6632K(1371136K)] 1951996K->527371K(2058112K), 0.0101800 secs] [Times: user=0.03 sys=0.00, real=0.01 secs] 
2014-07-16T09:04:37.660+0000: 832.723: [GC [PSYoungGen: 1371112K->6682K(1313856K)] 1891851K->527557K(2000832K), 0.0429920 secs] [Times: user=0.16 sys=0.00, real=0.04 secs] 
2014-07-16T09:04:40.455+0000: 835.518: [GC [PSYoungGen: 1313818K->1784K(1254336K)] 1834693K->527862K(1941312K), 0.0099650 secs] [Times: user=0.02 sys=0.00, real=0.01 secs] 
2014-07-16T09:04:43.138+0000: 838.201: [GC [PSYoungGen: 1254328K->6942K(1207616K)] 1780406K->533117K(1894592K), 0.0297450 secs] [Times: user=0.11 sys=0.00, real=0.03 secs] 
2014-07-16T09:04:45.716+0000: 840.778: [GC [PSYoungGen: 1207582K->6386K(1157632K)] 1733757K->533323K(1844608K), 0.0181630 secs] [Times: user=0.06 sys=0.00, real=0.02 secs] 
2014-07-16T09:04:48.203+0000: 843.265: [GC [PSYoungGen: 1157618K->6564K(1388096K)] 1684555K->533589K(2075072K), 0.0456120 secs] [Times: user=0.16 sys=0.00, real=0.05 secs] 
2014-07-16T09:04:51.139+0000: 846.202: [GC [PSYoungGen: 1388064K->2020K(1325376K)] 1915089K->534337K(2012352K), 0.0218140 secs] [Times: user=0.08 sys=0.00, real=0.02 secs] 
2014-07-16T09:04:53.970+0000: 849.033: [GC [PSYoungGen: 1325348K->6878K(1274880K)] 1857665K->539300K(1961856K), 0.0267260 secs] [Times: user=0.10 sys=0.00, real=0.02 secs] 
2014-07-16T09:04:56.677+0000: 851.740: [GC [PSYoungGen: 1274846K->6304K(1221632K)] 1807268K->539490K(1908608K), 0.0105360 secs] [Times: user=0.03 sys=0.01, real=0.01 secs] 
2014-07-16T09:04:59.357+0000: 854.420: [GC [PSYoungGen: 1221600K->6564K(1171776K)] 1754786K->539846K(1858752K), 0.0174540 secs] [Times: user=0.06 sys=0.00, real=0.02 secs] 
2014-07-16T09:05:01.839+0000: 856.902: [GC [PSYoungGen: 1171748K->2230K(1119744K)] 1705030K->540358K(1806720K), 0.0157100 secs] [Times: user=0.05 sys=0.00, real=0.01 secs] 
2014-07-16T09:05:04.286+0000: 859.349: [GC [PSYoungGen: 1119724K->6978K(1079168K)] 1657852K->545187K(1766144K), 0.0295670 secs] [Times: user=0.10 sys=0.00, real=0.03 secs] 
2014-07-16T09:05:06.570+0000: 861.632: [GC [PSYoungGen: 1079106K->5886K(1034816K)] 1617315K->545241K(1721792K), 0.0227990 secs] [Times: user=0.08 sys=0.00, real=0.03 secs] 
2014-07-16T09:05:08.814+0000: 863.876: [GC [PSYoungGen: 1034814K->6596K(994496K)] 1574169K->546055K(1681472K), 0.0273870 secs] [Times: user=0.10 sys=0.01, real=0.03 secs] 
2014-07-16T09:05:10.920+0000: 865.983: [GC [PSYoungGen: 994436K->2472K(951168K)] 1533895K->546406K(1638144K), 0.0086440 secs] [Times: user=0.02 sys=0.00, real=0.01 secs] 
2014-07-16T09:05:12.965+0000: 868.028: [GC [PSYoungGen: 951144K->6956K(918400K)] 1495078K->551019K(1605376K), 0.0240180 secs] [Times: user=0.08 sys=0.00, real=0.02 secs] 
2014-07-16T09:05:14.904+0000: 869.966: [GC [PSYoungGen: 918380K->5436K(1099200K)] 1462443K->551059K(1786176K), 0.0362670 secs] [Times: user=0.14 sys=0.00, real=0.03 secs] 
2014-07-16T09:05:17.267+0000: 872.330: [GC [PSYoungGen: 1099196K->6742K(1319296K)] 1644819K->552469K(2006272K), 0.0290680 secs] [Times: user=0.11 sys=0.00, real=0.03 secs] 
2014-07-16T09:05:20.058+0000: 875.120: [GC [PSYoungGen: 1319254K->2676K(1577728K)] 1864981K->552627K(2264704K), 0.0265210 secs] [Times: user=0.08 sys=0.01, real=0.03 secs] 
2014-07-16T09:05:23.435+0000: 878.498: [GC [PSYoungGen: 1577716K->6992K(1514432K)] 2127667K->557071K(2201408K), 0.0173650 secs] [Times: user=0.06 sys=0.00, real=0.01 secs] 
2014-07-16T09:05:26.639+0000: 881.702: [GC [PSYoungGen: 1514384K->5052K(1448128K)] 2064463K->557281K(2135104K), 0.0224710 secs] [Times: user=0.08 sys=0.00, real=0.02 secs] 
2014-07-16T09:05:29.733+0000: 884.796: [GC [PSYoungGen: 1448124K->6878K(1388800K)] 2000353K->559219K(2075776K), 0.0208080 secs] [Times: user=0.07 sys=0.00, real=0.03 secs] 
2014-07-16T09:05:32.679+0000: 887.742: [GC [PSYoungGen: 1388766K->2940K(1326656K)] 1941107K->559482K(2013632K), 0.0287260 secs] [Times: user=0.09 sys=0.00, real=0.03 secs] 
2014-07-16T09:05:35.496+0000: 890.559: [GC [PSYoungGen: 1326652K->6942K(1275328K)] 1883194K->563572K(1962304K), 0.0085820 secs] [Times: user=0.02 sys=0.00, real=0.01 secs] 
2014-07-16T09:05:38.200+0000: 893.262: [GC [PSYoungGen: 1275294K->4988K(1220672K)] 1831924K->563602K(1907648K), 0.0212600 secs] [Times: user=0.08 sys=0.00, real=0.02 secs] 
2014-07-16T09:05:40.851+0000: 895.913: [GC [PSYoungGen: 1220668K->6810K(1172416K)] 1779282K->565504K(1859392K), 0.0381440 secs] [Times: user=0.13 sys=0.00, real=0.04 secs] 
2014-07-16T09:05:43.350+0000: 898.413: [GC [PSYoungGen: 1172378K->2940K(1120832K)] 1731072K->565684K(1807808K), 0.0153720 secs] [Times: user=0.05 sys=0.00, real=0.02 secs] 
2014-07-16T09:05:45.770+0000: 900.832: [GC [PSYoungGen: 1120828K->6878K(1079424K)] 1683572K->569719K(1766400K), 0.0226720 secs] [Times: user=0.08 sys=0.00, real=0.02 secs] 
2014-07-16T09:05:48.075+0000: 903.138: [GC [PSYoungGen: 1079390K->4796K(1034112K)] 1642231K->569823K(1721088K), 0.0151780 secs] [Times: user=0.05 sys=0.01, real=0.02 secs] 
2014-07-16T09:05:50.286+0000: 905.349: [GC [PSYoungGen: 1034106K->6724K(994944K)] 1599133K->571847K(1681920K), 0.0307830 secs] [Times: user=0.11 sys=0.00, real=0.04 secs] 
2014-07-16T09:05:52.398+0000: 907.460: [GC [PSYoungGen: 994884K->3060K(952064K)] 1560007K->572109K(1639040K), 0.0232240 secs] [Times: user=0.07 sys=0.00, real=0.02 secs] 
2014-07-16T09:05:54.417+0000: 909.479: [GC [PSYoungGen: 952052K->6910K(918592K)] 1521101K->576079K(1605568K), 0.0142980 secs] [Times: user=0.04 sys=0.00, real=0.02 secs] 
2014-07-16T09:05:56.356+0000: 911.418: [GC [PSYoungGen: 918590K->4650K(880832K)] 1487759K->576135K(1567808K), 0.0203730 secs] [Times: user=0.07 sys=0.00, real=0.02 secs] 
2014-07-16T09:05:58.233+0000: 913.296: [GC [PSYoungGen: 880810K->6814K(849216K)] 1452295K->578371K(1536192K), 0.0220960 secs] [Times: user=0.08 sys=0.00, real=0.02 secs] 
2014-07-16T09:06:00.185+0000: 915.247: [GC [PSYoungGen: 849182K->3004K(1013888K)] 1420739K->578657K(1700864K), 0.0304840 secs] [Times: user=0.10 sys=0.00, real=0.03 secs] 
2014-07-16T09:06:02.365+0000: 917.427: [GC [PSYoungGen: 1013884K->6942K(977600K)] 1589537K->582723K(1664576K), 0.0121120 secs] [Times: user=0.04 sys=0.00, real=0.01 secs] 
2014-07-16T09:06:04.468+0000: 919.531: [GC [PSYoungGen: 977566K->4528K(936832K)] 1553347K->582889K(1623808K), 0.0112820 secs] [Times: user=0.03 sys=0.00, real=0.02 secs] 
2014-07-16T09:06:06.481+0000: 921.544: [GC [PSYoungGen: 936816K->6618K(902464K)] 1515177K->585067K(1589440K), 0.0239220 secs] [Times: user=0.09 sys=0.00, real=0.02 secs] 
2014-07-16T09:06:08.404+0000: 923.466: [GC [PSYoungGen: 902426K->3434K(1078464K)] 1480875K->585262K(1765440K), 0.0402750 secs] [Times: user=0.14 sys=0.01, real=0.04 secs] 
2014-07-16T09:06:10.745+0000: 925.807: [GC [PSYoungGen: 1078442K->6810K(1296896K)] 1660270K->588711K(1983872K), 0.0166470 secs] [Times: user=0.06 sys=0.00, real=0.02 secs] 
2014-07-16T09:06:13.493+0000: 928.556: [GC [PSYoungGen: 1296858K->4344K(1544256K)] 1878759K->588891K(2231232K), 0.0281570 secs] [Times: user=0.11 sys=0.00, real=0.03 secs] 
2014-07-16T09:06:16.778+0000: 931.840: [GC [PSYoungGen: 1544248K->6628K(1547200K)] 2128795K->591311K(2234176K), 0.0604210 secs] [Times: user=0.23 sys=0.01, real=0.06 secs] 
2014-07-16T09:06:20.109+0000: 935.172: [GC [PSYoungGen: 1546508K->6628K(1480640K)] 2131190K->591431K(2167616K), 0.0074690 secs] [Times: user=0.02 sys=0.01, real=0.01 secs] 
2014-07-16T09:06:23.295+0000: 938.357: [GC [PSYoungGen: 1480612K->6724K(1775616K)] 2065415K->591727K(2462592K), 0.0351630 secs] [Times: user=0.12 sys=0.00, real=0.03 secs] 
2014-07-16T09:06:27.095+0000: 942.158: [GC [PSYoungGen: 1775556K->1200K(1692864K)] 2360559K->592029K(2379840K), 0.0186770 secs] [Times: user=0.06 sys=0.00, real=0.02 secs] 
2014-07-16T09:06:30.715+0000: 945.778: [GC [PSYoungGen: 1692848K->7288K(1625600K)] 2283677K->598214K(2312576K), 0.0312150 secs] [Times: user=0.12 sys=0.00, real=0.03 secs] 
2014-07-16T09:06:34.176+0000: 949.239: [GC [PSYoungGen: 1625592K->6118K(1554688K)] 2216518K->598318K(2241664K), 0.0405330 secs] [Times: user=0.13 sys=0.00, real=0.04 secs] 
2014-07-16T09:06:37.497+0000: 952.559: [GC [PSYoungGen: 1554662K->6724K(1846592K)] 2146862K->599076K(2533568K), 0.0404080 secs] [Times: user=0.14 sys=0.01, real=0.04 secs] 
2014-07-16T09:06:41.428+0000: 956.490: [GC [PSYoungGen: 1845764K->6974K(1765376K)] 2438116K->599422K(2452352K), 0.0185800 secs] [Times: user=0.07 sys=0.00, real=0.02 secs] 
2014-07-16T09:06:45.200+0000: 960.262: [GC [PSYoungGen: 1765374K->6742K(1688512K)] 2357822K->599454K(2375488K), 0.0420060 secs] [Times: user=0.15 sys=0.01, real=0.04 secs] 
2014-07-16T09:06:48.781+0000: 963.843: [GC [PSYoungGen: 1688470K->1260K(1610112K)] 2281182K->599725K(2297088K), 0.0224030 secs] [Times: user=0.07 sys=0.01, real=0.02 secs] 
2014-07-16T09:06:52.292+0000: 967.354: [GC [PSYoungGen: 1610092K->7366K(1546944K)] 2208557K->605880K(2233920K), 0.0178580 secs] [Times: user=0.06 sys=0.00, real=0.02 secs] 
2014-07-16T09:06:55.646+0000: 970.708: [GC [PSYoungGen: 1546886K->6318K(1479936K)] 2145400K->605960K(2166912K), 0.0295760 secs] [Times: user=0.11 sys=0.01, real=0.03 secs] 
2014-07-16T09:06:58.788+0000: 973.851: [GC [PSYoungGen: 1479918K->6692K(1417664K)] 2079560K->606486K(2104640K), 0.0216890 secs] [Times: user=0.07 sys=0.00, real=0.02 secs] 
2014-07-16T09:07:01.894+0000: 976.956: [GC [PSYoungGen: 1417636K->2336K(1353664K)] 2017430K->606780K(2040640K), 0.0117070 secs] [Times: user=0.02 sys=0.00, real=0.01 secs] 
2014-07-16T09:07:04.787+0000: 979.850: [GC [PSYoungGen: 1353632K->6860K(1301504K)] 1958076K->611441K(1988480K), 0.0455970 secs] [Times: user=0.16 sys=0.00, real=0.05 secs] 
2014-07-16T09:07:07.609+0000: 982.671: [GC [PSYoungGen: 1301452K->5998K(1246656K)] 1906033K->611651K(1933632K), 0.0374720 secs] [Times: user=0.13 sys=0.00, real=0.03 secs] 
2014-07-16T09:07:10.279+0000: 985.341: [GC [PSYoungGen: 1246638K->6678K(1196032K)] 1852291K->612419K(1883008K), 0.0061660 secs] [Times: user=0.02 sys=0.00, real=0.01 secs] 
2014-07-16T09:07:12.831+0000: 987.893: [GC [PSYoungGen: 1195990K->2428K(1142912K)] 1801731K->612804K(1829888K), 0.0117830 secs] [Times: user=0.02 sys=0.00, real=0.01 secs] 
2014-07-16T09:07:15.314+0000: 990.376: [GC [PSYoungGen: 1142855K->7042K(1101120K)] 1753231K->617572K(1788096K), 0.0180920 secs] [Times: user=0.06 sys=0.00, real=0.02 secs] 
2014-07-16T09:07:17.617+0000: 992.680: [GC [PSYoungGen: 1101058K->5628K(1055424K)] 1711588K->617552K(1742400K), 0.0288320 secs] [Times: user=0.10 sys=0.00, real=0.03 secs] 
2014-07-16T09:07:19.869+0000: 994.931: [GC [PSYoungGen: 1055420K->6564K(1266368K)] 1667344K->618568K(1953344K), 0.0561900 secs] [Times: user=0.20 sys=0.00, real=0.06 secs] 
2014-07-16T09:07:22.593+0000: 997.655: [GC [PSYoungGen: 1266340K->2804K(1514560K)] 1878344K->619093K(2201536K), 0.0260480 secs] [Times: user=0.10 sys=0.00, real=0.02 secs] 
2014-07-16T09:07:25.896+0000: 1000.958: [GC [PSYoungGen: 1514548K->7102K(1454272K)] 2130837K->623503K(2141248K), 0.0093390 secs] [Times: user=0.03 sys=0.01, real=0.01 secs] 
2014-07-16T09:07:28.974+0000: 1004.036: [GC [PSYoungGen: 1454270K->5116K(1390912K)] 2070671K->623453K(2077888K), 0.0205130 secs] [Times: user=0.08 sys=0.00, real=0.02 secs] 
2014-07-16T09:07:31.934+0000: 1006.997: [GC [PSYoungGen: 1390908K->6596K(1334080K)] 2009245K->625021K(2021056K), 0.0096620 secs] [Times: user=0.03 sys=0.00, real=0.01 secs] 
2014-07-16T09:07:34.774+0000: 1009.837: [GC [PSYoungGen: 1334020K->3260K(1275136K)] 1952445K->625498K(1962112K), 0.0095220 secs] [Times: user=0.02 sys=0.01, real=0.01 secs] 
2014-07-16T09:07:37.503+0000: 1012.566: [GC [PSYoungGen: 1275132K->6828K(1225856K)] 1897370K->629170K(1912832K), 0.0115120 secs] [Times: user=0.02 sys=0.00, real=0.01 secs] 
2014-07-16T09:07:40.116+0000: 1015.179: [GC [PSYoungGen: 1225836K->4924K(1173632K)] 1848178K->629436K(1860608K), 0.0277540 secs] [Times: user=0.10 sys=0.00, real=0.03 secs] 
2014-07-16T09:07:42.649+0000: 1017.712: [GC [PSYoungGen: 1173628K->6710K(1127552K)] 1798140K->631374K(1814528K), 0.0291330 secs] [Times: user=0.10 sys=0.00, real=0.03 secs] 
2014-07-16T09:07:45.081+0000: 1020.143: [GC [PSYoungGen: 1127542K->3388K(1348416K)] 1752206K->631671K(2035392K), 0.0745000 secs] [Times: user=0.29 sys=0.00, real=0.08 secs] 
2014-07-16T09:07:47.982+0000: 1023.044: [GC [PSYoungGen: 1348412K->6824K(1620928K)] 1976695K->635196K(2307904K), 0.0318840 secs] [Times: user=0.11 sys=0.01, real=0.03 secs] 
2014-07-16T09:07:51.459+0000: 1026.521: [GC [PSYoungGen: 1620904K->4646K(1815616K)] 2249276K->635484K(2502592K), 0.0102150 secs] [Times: user=0.03 sys=0.00, real=0.01 secs] 
2014-07-16T09:07:55.348+0000: 1030.411: [GC [PSYoungGen: 1815580K->6974K(1738688K)] 2446418K->638028K(2425664K), 0.0357440 secs] [Times: user=0.13 sys=0.00, real=0.03 secs] 
2014-07-16T09:07:59.040+0000: 1034.102: [GC [PSYoungGen: 1738686K->506K(1656896K)] 2369740K->638364K(2343872K), 0.0362850 secs] [Times: user=0.13 sys=0.01, real=0.04 secs] 
2014-07-16T09:08:02.686+0000: 1037.748: [GC [PSYoungGen: 1656890K->7398K(1592192K)] 2294748K->645280K(2279168K), 0.0327600 secs] [Times: user=0.12 sys=0.00, real=0.04 secs] 
2014-07-16T09:08:06.145+0000: 1041.208: [GC [PSYoungGen: 1592166K->6678K(1523392K)] 2230048K->645474K(2210368K), 0.0095590 secs] [Times: user=0.02 sys=0.01, real=0.01 secs] 
2014-07-16T09:08:09.354+0000: 1044.417: [GC [PSYoungGen: 1523350K->6742K(1458688K)] 2162146K->645674K(2145664K), 0.0287390 secs] [Times: user=0.11 sys=0.00, real=0.03 secs] 
2014-07-16T09:08:12.460+0000: 1047.522: [GC [PSYoungGen: 1458646K->1784K(1392064K)] 2097578K->645932K(2079040K), 0.0327310 secs] [Times: user=0.12 sys=0.00, real=0.03 secs] 
2014-07-16T09:08:15.435+0000: 1050.497: [GC [PSYoungGen: 1392056K->6796K(1338496K)] 2036204K->651041K(2025472K), 0.0212220 secs] [Times: user=0.08 sys=0.00, real=0.02 secs] 
2014-07-16T09:08:18.318+0000: 1053.381: [GC [PSYoungGen: 1338444K->6500K(1282432K)] 1982689K->651249K(1969408K), 0.0077140 secs] [Times: user=0.03 sys=0.00, real=0.01 secs] 
2014-07-16T09:08:21.042+0000: 1056.105: [GC [PSYoungGen: 1282404K->6760K(1229632K)] 1927153K->651621K(1916608K), 0.0418210 secs] [Times: user=0.15 sys=0.01, real=0.04 secs] 
2014-07-16T09:08:23.641+0000: 1058.704: [GC [PSYoungGen: 1229608K->1720K(1174080K)] 1874469K->651869K(1861056K), 0.0310930 secs] [Times: user=0.12 sys=0.00, real=0.03 secs] 
2014-07-16T09:08:26.148+0000: 1061.210: [GC [PSYoungGen: 1174072K->6960K(1131328K)] 1824221K->657214K(1818304K), 0.0091850 secs] [Times: user=0.03 sys=0.00, real=0.01 secs] 
2014-07-16T09:08:28.583+0000: 1063.646: [GC [PSYoungGen: 1131312K->6204K(1084864K)] 1781566K->657318K(1771840K), 0.0293750 secs] [Times: user=0.10 sys=0.00, real=0.03 secs] 
2014-07-16T09:08:30.902+0000: 1065.964: [GC [PSYoungGen: 1084860K->6742K(1041920K)] 1735974K->658008K(1728896K), 0.0219320 secs] [Times: user=0.08 sys=0.00, real=0.02 secs] 
2014-07-16T09:08:33.143+0000: 1068.206: [GC [PSYoungGen: 1041878K->1912K(1244096K)] 1693144K->658339K(1931072K), 0.0344860 secs] [Times: user=0.12 sys=0.00, real=0.03 secs] 
2014-07-16T09:08:35.792+0000: 1070.855: [GC [PSYoungGen: 1244088K->6992K(1197824K)] 1900515K->663515K(1884800K), 0.0204110 secs] [Times: user=0.07 sys=0.01, real=0.02 secs] 
2014-07-16T09:08:38.393+0000: 1073.455: [GC [PSYoungGen: 1197776K->5930K(1434944K)] 1854299K->663711K(2121920K), 0.0295910 secs] [Times: user=0.10 sys=0.00, real=0.03 secs] 
2014-07-16T09:08:41.530+0000: 1076.593: [GC [PSYoungGen: 1434922K->6792K(1375360K)] 2092703K->664686K(2062336K), 0.0190790 secs] [Times: user=0.06 sys=0.01, real=0.02 secs] 
2014-07-16T09:08:44.381+0000: 1079.444: [GC [PSYoungGen: 1375304K->2080K(1313088K)] 2033198K->665159K(2000064K), 0.0295510 secs] [Times: user=0.10 sys=0.00, real=0.03 secs] 
2014-07-16T09:08:47.245+0000: 1082.307: [GC [PSYoungGen: 1313056K->7038K(1263296K)] 1976135K->670237K(1950272K), 0.0340300 secs] [Times: user=0.13 sys=0.00, real=0.03 secs] 
2014-07-16T09:08:49.976+0000: 1085.039: [GC [PSYoungGen: 1263294K->5870K(1210048K)] 1926493K->670237K(1897024K), 0.0086820 secs] [Times: user=0.02 sys=0.00, real=0.01 secs] 
2014-07-16T09:08:52.553+0000: 1087.615: [GC [PSYoungGen: 1210030K->6746K(1161408K)] 1874397K->671257K(1848384K), 0.0092620 secs] [Times: user=0.02 sys=0.00, real=0.01 secs] 
2014-07-16T09:08:55.039+0000: 1090.101: [GC [PSYoungGen: 1161370K->2230K(1109696K)] 1825881K->671515K(1796672K), 0.0321820 secs] [Times: user=0.12 sys=0.00, real=0.03 secs] 
2014-07-16T09:08:57.465+0000: 1092.527: [GC [PSYoungGen: 1109686K->7170K(1336192K)] 1778971K->676535K(2023168K), 0.0363910 secs] [Times: user=0.13 sys=0.00, real=0.03 secs] 
2014-07-16T09:09:00.295+0000: 1095.357: [GC [PSYoungGen: 1336130K->5436K(1278784K)] 2005495K->676599K(1965760K), 0.0155090 secs] [Times: user=0.06 sys=0.00, real=0.02 secs] 
2014-07-16T09:09:03.066+0000: 1098.129: [GC [PSYoungGen: 1278780K->6910K(1227328K)] 1949943K->678226K(1914304K), 0.0094040 secs] [Times: user=0.02 sys=0.01, real=0.00 secs] 
2014-07-16T09:09:05.673+0000: 1100.735: [GC [PSYoungGen: 1227326K->2664K(1172736K)] 1898642K->678194K(1859712K), 0.0351570 secs] [Times: user=0.13 sys=0.01, real=0.04 secs] 
2014-07-16T09:09:08.238+0000: 1103.301: [GC [PSYoungGen: 1172712K->6878K(1129024K)] 1848242K->682465K(1816000K), 0.0156870 secs] [Times: user=0.06 sys=0.00, real=0.01 secs] 
2014-07-16T09:09:10.656+0000: 1105.719: [GC [PSYoungGen: 1128990K->5308K(1081856K)] 1804577K->682655K(1768832K), 0.0281840 secs] [Times: user=0.11 sys=0.00, real=0.03 secs] 
2014-07-16T09:09:12.990+0000: 1108.052: [GC [PSYoungGen: 1081809K->6614K(1039808K)] 1759155K->684105K(1726784K), 0.0089310 secs] [Times: user=0.02 sys=0.00, real=0.01 secs] 
2014-07-16T09:09:15.184+0000: 1110.247: [GC [PSYoungGen: 1039766K->2940K(994752K)] 1717257K->684393K(1681728K), 0.0295170 secs] [Times: user=0.11 sys=0.01, real=0.03 secs] 
2014-07-16T09:09:15.214+0000: 1110.276: [Full GC [PSYoungGen: 2940K->0K(994752K)] [ParOldGen: 681453K->128670K(390144K)] 684393K->128670K(1384896K) [PSPermGen: 11362K->11235K(22912K)], 0.2922450 secs] [Times: user=0.95 sys=0.04, real=0.29 secs] 
2014-07-16T09:09:17.444+0000: 1112.506: [GC [PSYoungGen: 991808K->7288K(959680K)] 1120478K->135959K(1349824K), 0.0115130 secs] [Times: user=0.02 sys=0.00, real=0.01 secs] 
2014-07-16T09:09:19.504+0000: 1114.566: [GC [PSYoungGen: 959629K->4660K(919552K)] 1088300K->136551K(1309696K), 0.0063820 secs] [Times: user=0.02 sys=0.00, real=0.01 secs] 
2014-07-16T09:09:21.415+0000: 1116.478: [GC [PSYoungGen: 919502K->6564K(885760K)] 1051392K->138607K(1275904K), 0.0075740 secs] [Times: user=0.01 sys=0.00, real=0.01 secs] 
2014-07-16T09:09:23.297+0000: 1118.359: [GC [PSYoungGen: 885696K->4276K(849408K)] 1017738K->138937K(1239552K), 0.0100180 secs] [Times: user=0.03 sys=0.00, real=0.01 secs] 
2014-07-16T09:09:25.095+0000: 1120.158: [GC [PSYoungGen: 849396K->6568K(819264K)] 984057K->141391K(1209408K), 0.0263070 secs] [Times: user=0.10 sys=0.00, real=0.03 secs] 
2014-07-16T09:09:26.826+0000: 1121.888: [GC [PSYoungGen: 819240K->4650K(786432K)] 954063K->141775K(1176576K), 0.0235330 secs] [Times: user=0.08 sys=0.00, real=0.02 secs] 
2014-07-16T09:09:28.546+0000: 1123.608: [GC [PSYoungGen: 786410K->6696K(759040K)] 923535K->143909K(1149184K), 0.0099840 secs] [Times: user=0.03 sys=0.01, real=0.01 secs] 
2014-07-16T09:09:30.166+0000: 1125.228: [GC [PSYoungGen: 759016K->4002K(903296K)] 896229K->144338K(1293440K), 0.0238770 secs] [Times: user=0.08 sys=0.00, real=0.02 secs] 
2014-07-16T09:09:32.064+0000: 1127.126: [GC [PSYoungGen: 903266K->6864K(871168K)] 1043602K->147336K(1261312K), 0.0081650 secs] [Times: user=0.03 sys=0.00, real=0.01 secs] 
2014-07-16T09:09:33.935+0000: 1128.997: [GC [PSYoungGen: 871120K->4472K(835392K)] 1011592K->147526K(1225536K), 0.0073600 secs] [Times: user=0.01 sys=0.01, real=0.01 secs] 
2014-07-16T09:09:35.694+0000: 1130.757: [GC [PSYoungGen: 835384K->6632K(805824K)] 978438K->149806K(1195968K), 0.0215050 secs] [Times: user=0.07 sys=0.00, real=0.02 secs] 
2014-07-16T09:09:37.464+0000: 1132.527: [GC [PSYoungGen: 805800K->4014K(772928K)] 948974K->150007K(1163072K), 0.0108770 secs] [Times: user=0.03 sys=0.00, real=0.01 secs] 
2014-07-16T09:09:39.059+0000: 1134.121: [GC [PSYoungGen: 772910K->6814K(746880K)] 918903K->152871K(1137024K), 0.0110450 secs] [Times: user=0.04 sys=0.00, real=0.01 secs] 
2014-07-16T09:09:40.647+0000: 1135.709: [GC [PSYoungGen: 746846K->4284K(716864K)] 892903K->153038K(1107008K), 0.0184380 secs] [Times: user=0.07 sys=0.00, real=0.02 secs] 
2014-07-16T09:09:42.172+0000: 1137.235: [GC [PSYoungGen: 716845K->6564K(692992K)] 865599K->155438K(1083136K), 0.0082890 secs] [Times: user=0.02 sys=0.00, real=0.00 secs] 
2014-07-16T09:09:43.637+0000: 1138.700: [GC [PSYoungGen: 692964K->4152K(665600K)] 841838K->155836K(1055744K), 0.0209350 secs] [Times: user=0.06 sys=0.01, real=0.02 secs] 
2014-07-16T09:09:45.053+0000: 1140.116: [GC [PSYoungGen: 665592K->6700K(797760K)] 817276K->158488K(1187904K), 0.0264750 secs] [Times: user=0.10 sys=0.00, real=0.02 secs] 
2014-07-16T09:09:46.737+0000: 1141.800: [GC [PSYoungGen: 797740K->4016K(949504K)] 949528K->158512K(1339648K), 0.0080900 secs] [Times: user=0.01 sys=0.00, real=0.01 secs] 
2014-07-16T09:09:48.789+0000: 1143.851: [GC [PSYoungGen: 949452K->6750K(915072K)] 1103947K->161286K(1305216K), 0.0058600 secs] [Times: user=0.02 sys=0.00, real=0.01 secs] 
2014-07-16T09:09:50.734+0000: 1145.796: [GC [PSYoungGen: 915038K->4072K(876928K)] 1069574K->161631K(1267072K), 0.0181630 secs] [Times: user=0.06 sys=0.01, real=0.01 secs] 
2014-07-16T09:09:52.683+0000: 1147.746: [GC [PSYoungGen: 876904K->6728K(1050048K)] 1034463K->164479K(1440192K), 0.0292630 secs] [Times: user=0.08 sys=0.01, real=0.03 secs] 
2014-07-16T09:09:54.867+0000: 1149.929: [GC [PSYoungGen: 1049992K->4020K(1251008K)] 1207743K->164673K(1641152K), 0.0205040 secs] [Times: user=0.08 sys=0.00, real=0.02 secs] 
2014-07-16T09:09:57.544+0000: 1152.607: [GC [PSYoungGen: 1250996K->6646K(1201920K)] 1411649K->167395K(1592064K), 0.0139340 secs] [Times: user=0.05 sys=0.01, real=0.01 secs] 
2014-07-16T09:10:00.134+0000: 1155.197: [GC [PSYoungGen: 1201910K->4094K(1150144K)] 1362659K->167635K(1540288K), 0.0145060 secs] [Times: user=0.05 sys=0.00, real=0.02 secs] 
2014-07-16T09:10:02.586+0000: 1157.648: [GC [PSYoungGen: 1150109K->6760K(1105984K)] 1313650K->170454K(1496128K), 0.0054590 secs] [Times: user=0.02 sys=0.00, real=0.00 secs] 
2014-07-16T09:10:04.919+0000: 1159.982: [GC [PSYoungGen: 1105960K->3748K(1058432K)] 1269654K->170746K(1448576K), 0.0245820 secs] [Times: user=0.08 sys=0.00, real=0.02 secs] 
2014-07-16T09:10:07.172+0000: 1162.234: [GC [PSYoungGen: 1058404K->6700K(1018944K)] 1225402K->173786K(1409088K), 0.0064050 secs] [Times: user=0.02 sys=0.00, real=0.01 secs] 
2014-07-16T09:10:09.452+0000: 1164.515: [GC [PSYoungGen: 1018924K->4130K(976000K)] 1186010K->174031K(1366144K), 0.0131320 secs] [Times: user=0.05 sys=0.00, real=0.01 secs] 
2014-07-16T09:10:11.538+0000: 1166.601: [GC [PSYoungGen: 975970K->6596K(940032K)] 1145871K->176610K(1330176K), 0.0208110 secs] [Times: user=0.07 sys=0.00, real=0.02 secs] 
2014-07-16T09:10:13.546+0000: 1168.609: [GC [PSYoungGen: 939972K->3838K(900608K)] 1109986K->176948K(1290752K), 0.0172340 secs] [Times: user=0.05 sys=0.00, real=0.02 secs] 
2014-07-16T09:10:15.482+0000: 1170.545: [GC [PSYoungGen: 900606K->6742K(868672K)] 1073716K->179972K(1258816K), 0.0089780 secs] [Times: user=0.03 sys=0.00, real=0.01 secs] 
2014-07-16T09:10:17.301+0000: 1172.363: [GC [PSYoungGen: 868630K->4002K(832704K)] 1041860K->180069K(1222848K), 0.0058720 secs] [Times: user=0.02 sys=0.00, real=0.00 secs] 
2014-07-16T09:10:19.067+0000: 1174.130: [GC [PSYoungGen: 832674K->6550K(803584K)] 1008741K->182673K(1193728K), 0.0232430 secs] [Times: user=0.08 sys=0.01, real=0.03 secs] 
2014-07-16T09:10:20.772+0000: 1175.834: [GC [PSYoungGen: 803542K->3902K(770752K)] 979665K->183091K(1160896K), 0.0070670 secs] [Times: user=0.01 sys=0.00, real=0.01 secs] 
2014-07-16T09:10:22.435+0000: 1177.497: [GC [PSYoungGen: 770750K->6796K(744960K)] 949939K->186073K(1135104K), 0.0263640 secs] [Times: user=0.09 sys=0.01, real=0.03 secs] 
2014-07-16T09:10:24.032+0000: 1179.094: [GC [PSYoungGen: 744908K->3902K(714624K)] 924185K->186243K(1104768K), 0.0048860 secs] [Times: user=0.02 sys=0.00, real=0.00 secs] 
2014-07-16T09:10:25.533+0000: 1180.595: [GC [PSYoungGen: 714622K->6500K(691136K)] 896963K->188937K(1081280K), 0.0069680 secs] [Times: user=0.02 sys=0.00, real=0.01 secs] 
2014-07-16T09:10:27.009+0000: 1182.071: [GC [PSYoungGen: 691108K->4066K(663808K)] 873545K->189110K(1053952K), 0.0106900 secs] [Times: user=0.04 sys=0.00, real=0.01 secs] 
2014-07-16T09:10:28.435+0000: 1183.497: [GC [PSYoungGen: 663778K->6614K(642624K)] 848822K->191738K(1032768K), 0.0137150 secs] [Times: user=0.05 sys=0.00, real=0.01 secs] 
2014-07-16T09:10:29.784+0000: 1184.846: [GC [PSYoungGen: 642536K->3774K(617088K)] 827660K->191974K(1007232K), 0.0130450 secs] [Times: user=0.05 sys=0.00, real=0.01 secs] 
2014-07-16T09:10:31.094+0000: 1186.157: [GC [PSYoungGen: 617086K->6778K(739968K)] 805286K->195130K(1130112K), 0.0230220 secs] [Times: user=0.08 sys=0.00, real=0.02 secs] 
2014-07-16T09:10:32.653+0000: 1187.715: [GC [PSYoungGen: 739962K->3966K(881216K)] 928314K->195391K(1271360K), 0.0340280 secs] [Times: user=0.13 sys=0.00, real=0.03 secs] 
2014-07-16T09:10:34.606+0000: 1189.668: [GC [PSYoungGen: 881214K->6714K(1055936K)] 1072639K->198211K(1446080K), 0.0155920 secs] [Times: user=0.06 sys=0.00, real=0.02 secs] 
2014-07-16T09:10:36.858+0000: 1191.920: [GC [PSYoungGen: 1055912K->3838K(1258688K)] 1247409K->198506K(1648832K), 0.0259170 secs] [Times: user=0.10 sys=0.00, real=0.03 secs] 
2014-07-16T09:10:39.578+0000: 1194.641: [GC [PSYoungGen: 1258686K->6806K(1507520K)] 1453354K->201538K(1897664K), 0.0294390 secs] [Times: user=0.10 sys=0.00, real=0.03 secs] 
2014-07-16T09:10:42.811+0000: 1197.873: [GC [PSYoungGen: 1507478K->3816K(1664960K)] 1702210K->201785K(2055104K), 0.0204210 secs] [Times: user=0.07 sys=0.01, real=0.02 secs] 
2014-07-16T09:10:46.368+0000: 1201.430: [GC [PSYoungGen: 1664936K->6764K(1595968K)] 1862905K->204877K(1986112K), 0.0079660 secs] [Times: user=0.02 sys=0.00, real=0.01 secs] 
2014-07-16T09:10:49.802+0000: 1204.864: [GC [PSYoungGen: 1595948K->570K(1521344K)] 1794061K->205434K(1911488K), 0.0206060 secs] [Times: user=0.07 sys=0.00, real=0.03 secs] 
2014-07-16T09:10:53.075+0000: 1208.138: [GC [PSYoungGen: 1521338K->7142K(1462848K)] 1726202K->212046K(1852992K), 0.0074490 secs] [Times: user=0.02 sys=0.00, real=0.00 secs] 
2014-07-16T09:10:56.233+0000: 1211.296: [GC [PSYoungGen: 1462822K->6500K(1400320K)] 1667726K->212214K(1790464K), 0.0057620 secs] [Times: user=0.02 sys=0.00, real=0.00 secs] 
2014-07-16T09:10:59.244+0000: 1214.307: [GC [PSYoungGen: 1400292K->6596K(1341568K)] 1606006K->212430K(1731712K), 0.0081910 secs] [Times: user=0.02 sys=0.00, real=0.00 secs] 
2014-07-16T09:11:02.096+0000: 1217.158: [GC [PSYoungGen: 1341508K->1720K(1280640K)] 1547342K->212758K(1670784K), 0.0177060 secs] [Times: user=0.06 sys=0.00, real=0.01 secs] 
2014-07-16T09:11:04.903+0000: 1219.966: [GC [PSYoungGen: 1280632K->7152K(1232832K)] 1491670K->218270K(1622976K), 0.0163420 secs] [Times: user=0.05 sys=0.00, real=0.02 secs] 
2014-07-16T09:11:07.541+0000: 1222.604: [GC [PSYoungGen: 1232816K->5988K(1180992K)] 1443934K->218422K(1571136K), 0.0051790 secs] [Times: user=0.01 sys=0.00, real=0.01 secs] 
2014-07-16T09:11:10.090+0000: 1225.153: [GC [PSYoungGen: 1180882K->6810K(1133568K)] 1393316K->219380K(1523712K), 0.0182180 secs] [Times: user=0.05 sys=0.01, real=0.02 secs] 
2014-07-16T09:11:12.487+0000: 1227.549: [GC [PSYoungGen: 1133530K->2276K(1083136K)] 1346100K->219523K(1473280K), 0.0313520 secs] [Times: user=0.11 sys=0.00, real=0.03 secs] 
2014-07-16T09:11:14.825+0000: 1229.888: [GC [PSYoungGen: 1083108K->6860K(1044032K)] 1300355K->224188K(1434176K), 0.0349670 secs] [Times: user=0.13 sys=0.00, real=0.04 secs] 
2014-07-16T09:11:17.042+0000: 1232.104: [GC [PSYoungGen: 1043947K->5820K(1001344K)] 1261274K->224324K(1391488K), 0.0134720 secs] [Times: user=0.05 sys=0.00, real=0.01 secs] 
2014-07-16T09:11:19.221+0000: 1234.284: [GC [PSYoungGen: 1001340K->6878K(962816K)] 1219844K->225454K(1352960K), 0.0212340 secs] [Times: user=0.08 sys=0.00, real=0.02 secs] 
2014-07-16T09:11:21.233+0000: 1236.296: [GC [PSYoungGen: 962782K->2172K(920384K)] 1181358K->225428K(1310528K), 0.0087870 secs] [Times: user=0.03 sys=0.00, real=0.01 secs] 
2014-07-16T09:11:23.210+0000: 1238.272: [GC [PSYoungGen: 920380K->6796K(889152K)] 1143636K->230172K(1279296K), 0.0057770 secs] [Times: user=0.01 sys=0.00, real=0.00 secs] 
2014-07-16T09:11:25.147+0000: 1240.209: [GC [PSYoungGen: 889100K->5756K(853888K)] 1112476K->230356K(1244032K), 0.0146750 secs] [Times: user=0.05 sys=0.00, real=0.02 secs] 
2014-07-16T09:11:26.952+0000: 1242.014: [GC [PSYoungGen: 853884K->6518K(822080K)] 1078484K->231254K(1212224K), 0.0196710 secs] [Times: user=0.06 sys=0.00, real=0.02 secs] 
2014-07-16T09:11:28.697+0000: 1243.759: [GC [PSYoungGen: 822070K->2366K(786880K)] 1046806K->231552K(1177024K), 0.0156690 secs] [Times: user=0.06 sys=0.00, real=0.02 secs] 
2014-07-16T09:11:30.386+0000: 1245.448: [GC [PSYoungGen: 786878K->6910K(761856K)] 1016064K->236128K(1152000K), 0.0058500 secs] [Times: user=0.01 sys=0.00, real=0.01 secs] 
2014-07-16T09:11:32.002+0000: 1247.064: [GC [PSYoungGen: 761854K->5372K(732160K)] 991072K->236280K(1122304K), 0.0219490 secs] [Times: user=0.08 sys=0.01, real=0.02 secs] 
2014-07-16T09:11:33.559+0000: 1248.621: [GC [PSYoungGen: 732156K->6518K(706432K)] 963064K->237523K(1096576K), 0.0076770 secs] [Times: user=0.02 sys=0.00, real=0.00 secs] 
2014-07-16T09:11:35.078+0000: 1250.141: [GC [PSYoungGen: 706422K->2748K(677056K)] 937427K->237921K(1067200K), 0.0099340 secs] [Times: user=0.03 sys=0.00, real=0.01 secs] 
2014-07-16T09:11:36.522+0000: 1251.584: [GC [PSYoungGen: 677052K->6956K(656832K)] 912225K->242217K(1046976K), 0.0154650 secs] [Times: user=0.05 sys=0.00, real=0.01 secs] 
2014-07-16T09:11:37.914+0000: 1252.976: [GC [PSYoungGen: 656812K->4906K(631488K)] 892073K->242228K(1021632K), 0.0105500 secs] [Times: user=0.03 sys=0.00, real=0.01 secs] 
2014-07-16T09:11:39.258+0000: 1254.320: [GC [PSYoungGen: 631466K->6614K(611008K)] 868788K->244048K(1001152K), 0.0157280 secs] [Times: user=0.05 sys=0.00, real=0.02 secs] 
2014-07-16T09:11:40.575+0000: 1255.638: [GC [PSYoungGen: 610966K->3050K(725504K)] 848400K->244353K(1115648K), 0.0185410 secs] [Times: user=0.07 sys=0.00, real=0.02 secs] 
2014-07-16T09:11:42.143+0000: 1257.206: [GC [PSYoungGen: 725482K->6814K(870656K)] 966785K->248237K(1260800K), 0.0218140 secs] [Times: user=0.07 sys=0.00, real=0.02 secs] 
2014-07-16T09:11:43.986+0000: 1259.049: [GC [PSYoungGen: 870622K->4728K(1038464K)] 1112045K->248457K(1428608K), 0.0451430 secs] [Times: user=0.16 sys=0.00, real=0.05 secs] 
2014-07-16T09:11:46.224+0000: 1261.286: [GC [PSYoungGen: 1038456K->6650K(1243200K)] 1282185K->250483K(1633344K), 0.0147200 secs] [Times: user=0.05 sys=0.00, real=0.01 secs] 
2014-07-16T09:11:48.851+0000: 1263.913: [GC [PSYoungGen: 1243194K->3260K(1481408K)] 1487027K->250800K(1871552K), 0.0097090 secs] [Times: user=0.02 sys=0.00, real=0.01 secs] 
2014-07-16T09:11:52.035+0000: 1267.097: [GC [PSYoungGen: 1481404K->6888K(1422080K)] 1728944K->254476K(1812224K), 0.0208560 secs] [Times: user=0.07 sys=0.00, real=0.02 secs] 
2014-07-16T09:11:55.126+0000: 1270.188: [GC [PSYoungGen: 1422056K->4464K(1359744K)] 1669644K->254770K(1749888K), 0.0135120 secs] [Times: user=0.03 sys=0.00, real=0.01 secs] 
2014-07-16T09:11:58.007+0000: 1273.069: [GC [PSYoungGen: 1359728K->6796K(1305088K)] 1610034K->257278K(1695232K), 0.0105970 secs] [Times: user=0.02 sys=0.00, real=0.01 secs] 
2014-07-16T09:12:00.787+0000: 1275.850: [GC [PSYoungGen: 1305036K->3424K(1247488K)] 1555518K->257450K(1637632K), 0.0134050 secs] [Times: user=0.04 sys=0.00, real=0.01 secs] 
2014-07-16T09:12:03.465+0000: 1278.528: [GC [PSYoungGen: 1247456K->6710K(1199168K)] 1501482K->260872K(1589312K), 0.0171430 secs] [Times: user=0.05 sys=0.00, real=0.01 secs] 
2014-07-16T09:12:06.088+0000: 1281.151: [GC [PSYoungGen: 1199158K->4450K(1147840K)] 1453320K->261054K(1537984K), 0.0107710 secs] [Times: user=0.03 sys=0.00, real=0.01 secs] 
2014-07-16T09:12:08.520+0000: 1283.583: [GC [PSYoungGen: 1147810K->6632K(1103296K)] 1404414K->263364K(1493440K), 0.0094790 secs] [Times: user=0.03 sys=0.00, real=0.01 secs] 
2014-07-16T09:12:10.870+0000: 1285.932: [GC [PSYoungGen: 1103272K->3506K(1055680K)] 1360003K->263657K(1445824K), 0.0172560 secs] [Times: user=0.07 sys=0.00, real=0.02 secs] 
2014-07-16T09:12:13.124+0000: 1288.187: [GC [PSYoungGen: 1055666K->6860K(1016768K)] 1315817K->267156K(1406912K), 0.0133630 secs] [Times: user=0.05 sys=0.00, real=0.02 secs] 
2014-07-16T09:12:15.394+0000: 1290.456: [GC [PSYoungGen: 1016716K->4194K(973824K)] 1277012K->267280K(1363968K), 0.0103740 secs] [Times: user=0.03 sys=0.01, real=0.01 secs] 
2014-07-16T09:12:17.505+0000: 1292.567: [GC [PSYoungGen: 973794K->6856K(938176K)] 1236880K->270022K(1328320K), 0.0108040 secs] [Times: user=0.02 sys=0.00, real=0.01 secs] 
2014-07-16T09:12:19.507+0000: 1294.570: [GC [PSYoungGen: 938120K->3374K(898112K)] 1201286K->270086K(1288256K), 0.0111790 secs] [Times: user=0.04 sys=0.00, real=0.01 secs] 
2014-07-16T09:12:21.421+0000: 1296.483: [GC [PSYoungGen: 898094K->6828K(866816K)] 1164806K->273677K(1256960K), 0.0227780 secs] [Times: user=0.08 sys=0.00, real=0.02 secs] 
2014-07-16T09:12:23.278+0000: 1298.341: [GC [PSYoungGen: 866796K->4148K(830976K)] 1133645K->273857K(1221120K), 0.0091000 secs] [Times: user=0.02 sys=0.00, real=0.01 secs] 
2014-07-16T09:12:25.067+0000: 1300.130: [GC [PSYoungGen: 830864K->6896K(802176K)] 1100573K->276709K(1192320K), 0.0126740 secs] [Times: user=0.03 sys=0.00, real=0.01 secs] 
2014-07-16T09:12:26.801+0000: 1301.863: [GC [PSYoungGen: 802160K->3324K(768512K)] 1071973K->276687K(1158656K), 0.0057970 secs] [Times: user=0.02 sys=0.00, real=0.00 secs] 
2014-07-16T09:12:28.421+0000: 1303.483: [GC [PSYoungGen: 768464K->6760K(743296K)] 1041827K->280203K(1133440K), 0.0073700 secs] [Times: user=0.02 sys=0.00, real=0.01 secs] 
2014-07-16T09:12:29.992+0000: 1305.055: [GC [PSYoungGen: 743272K->4258K(713472K)] 1016715K->280357K(1103616K), 0.0142030 secs] [Times: user=0.05 sys=0.00, real=0.01 secs] 
2014-07-16T09:12:31.513+0000: 1306.575: [GC [PSYoungGen: 713442K->6664K(689856K)] 989541K->282892K(1080000K), 0.0128100 secs] [Times: user=0.05 sys=0.00, real=0.01 secs] 
2014-07-16T09:12:32.977+0000: 1308.040: [GC [PSYoungGen: 689800K->3364K(661696K)] 966028K->283038K(1051840K), 0.0113420 secs] [Times: user=0.02 sys=0.00, real=0.02 secs] 
2014-07-16T09:12:34.381+0000: 1309.443: [GC [PSYoungGen: 661668K->6664K(641344K)] 941342K->286418K(1031488K), 0.0056340 secs] [Times: user=0.01 sys=0.00, real=0.00 secs] 
2014-07-16T09:12:35.743+0000: 1310.806: [GC [PSYoungGen: 641288K->4148K(616192K)] 921042K->286660K(1006336K), 0.0052130 secs] [Times: user=0.02 sys=0.00, real=0.01 secs] 
2014-07-16T09:12:37.069+0000: 1312.131: [GC [PSYoungGen: 616180K->6746K(597248K)] 898692K->289370K(987392K), 0.0285170 secs] [Times: user=0.10 sys=0.00, real=0.03 secs] 
2014-07-16T09:12:38.310+0000: 1313.372: [GC [PSYoungGen: 597210K->3438K(573312K)] 879834K->289336K(963456K), 0.0079220 secs] [Times: user=0.02 sys=0.00, real=0.00 secs] 
2014-07-16T09:12:39.551+0000: 1314.613: [GC [PSYoungGen: 573294K->6728K(556992K)] 859192K->292714K(947136K), 0.0146370 secs] [Times: user=0.05 sys=0.01, real=0.01 secs] 
2014-07-16T09:12:40.781+0000: 1315.843: [GC [PSYoungGen: 556936K->4002K(662528K)] 842922K->293085K(1052672K), 0.0359980 secs] [Times: user=0.12 sys=0.00, real=0.03 secs] 
2014-07-16T09:12:42.234+0000: 1317.296: [GC [PSYoungGen: 662498K->6892K(795072K)] 951581K->296096K(1185216K), 0.0271410 secs] [Times: user=0.09 sys=0.00, real=0.03 secs] 
2014-07-16T09:12:43.910+0000: 1318.972: [GC [PSYoungGen: 795038K->3438K(947072K)] 1084241K->296089K(1337216K), 0.0378460 secs] [Times: user=0.14 sys=0.00, real=0.04 secs] 
2014-07-16T09:12:45.973+0000: 1321.036: [GC [PSYoungGen: 947054K->6714K(1136064K)] 1239705K->299488K(1526208K), 0.0165520 secs] [Times: user=0.06 sys=0.01, real=0.02 secs] 
2014-07-16T09:12:48.395+0000: 1323.457: [GC [PSYoungGen: 1136058K->4212K(1355072K)] 1428832K->299778K(1745216K), 0.0100960 secs] [Times: user=0.02 sys=0.00, real=0.01 secs] 
2014-07-16T09:12:51.287+0000: 1326.349: [GC [PSYoungGen: 1355060K->6924K(1551424K)] 1650626K->302546K(1941568K), 0.0318430 secs] [Times: user=0.12 sys=0.00, real=0.03 secs] 
2014-07-16T09:12:54.595+0000: 1329.657: [GC [PSYoungGen: 1551180K->6742K(1622784K)] 1846802K->302820K(2012928K), 0.0367010 secs] [Times: user=0.13 sys=0.01, real=0.04 secs] 
2014-07-16T09:12:58.119+0000: 1333.181: [GC [PSYoungGen: 1622358K->6742K(1622784K)] 1918436K->302964K(2012928K), 0.0491350 secs] [Times: user=0.18 sys=0.01, real=0.05 secs] 
2014-07-16T09:13:01.592+0000: 1336.655: [GC [PSYoungGen: 1622358K->6746K(1938240K)] 1918580K->303112K(2328384K), 0.0177810 secs] [Times: user=0.05 sys=0.00, real=0.01 secs] 
2014-07-16T09:13:05.834+0000: 1340.897: [GC [PSYoungGen: 1938202K->6724K(1852992K)] 2234568K->303306K(2243136K), 0.0098740 secs] [Times: user=0.03 sys=0.00, real=0.01 secs] 
2014-07-16T09:13:09.800+0000: 1344.862: [GC [PSYoungGen: 1852932K->826K(1765952K)] 2149514K->303676K(2156096K), 0.0246480 secs] [Times: user=0.09 sys=0.01, real=0.03 secs] 
2014-07-16T09:13:13.648+0000: 1348.711: [GC [PSYoungGen: 1765946K->7202K(1695296K)] 2068796K->310217K(2085440K), 0.0147610 secs] [Times: user=0.05 sys=0.00, real=0.01 secs] 
2014-07-16T09:13:17.280+0000: 1352.343: [GC [PSYoungGen: 1695266K->6440K(1621248K)] 1998281K->310489K(2011392K), 0.0175840 secs] [Times: user=0.06 sys=0.00, real=0.02 secs] 
2014-07-16T09:13:20.728+0000: 1355.790: [GC [PSYoungGen: 1621224K->6842K(1551936K)] 1925273K->311051K(1942080K), 0.0102900 secs] [Times: user=0.02 sys=0.01, real=0.01 secs] 
2014-07-16T09:13:24.075+0000: 1359.137: [GC [PSYoungGen: 1551930K->1720K(1480512K)] 1856139K->311336K(1870656K), 0.0207130 secs] [Times: user=0.07 sys=0.00, real=0.02 secs] 
2014-07-16T09:13:27.208+0000: 1362.271: [GC [PSYoungGen: 1480504K->6878K(1422656K)] 1790120K->316591K(1812800K), 0.0294130 secs] [Times: user=0.11 sys=0.01, real=0.03 secs] 
2014-07-16T09:13:30.245+0000: 1365.308: [GC [PSYoungGen: 1422622K->6364K(1362176K)] 1732335K->316701K(1752320K), 0.0131430 secs] [Times: user=0.04 sys=0.00, real=0.02 secs] 
2014-07-16T09:13:33.168+0000: 1368.231: [GC [PSYoungGen: 1362140K->6696K(1305472K)] 1672477K->317241K(1695616K), 0.0054960 secs] [Times: user=0.02 sys=0.00, real=0.00 secs] 
2014-07-16T09:13:35.945+0000: 1371.007: [GC [PSYoungGen: 1305448K->1916K(1246400K)] 1615993K->317452K(1636544K), 0.0189960 secs] [Times: user=0.07 sys=0.00, real=0.02 secs] 
2014-07-16T09:13:38.619+0000: 1373.682: [GC [PSYoungGen: 1246396K->7102K(1200000K)] 1561932K->322702K(1590144K), 0.0264690 secs] [Times: user=0.10 sys=0.01, real=0.02 secs] 
2014-07-16T09:13:41.160+0000: 1376.223: [GC [PSYoungGen: 1199998K->5884K(1149696K)] 1515598K->322580K(1539840K), 0.0100160 secs] [Times: user=0.04 sys=0.00, real=0.01 secs] 
2014-07-16T09:13:43.607+0000: 1378.669: [GC [PSYoungGen: 1149692K->6628K(1103744K)] 1466388K->323532K(1493888K), 0.0166410 secs] [Times: user=0.06 sys=0.00, real=0.02 secs] 
2014-07-16T09:13:45.947+0000: 1381.009: [GC [PSYoungGen: 1103716K->2348K(1054976K)] 1420620K->323827K(1445120K), 0.0115960 secs] [Times: user=0.04 sys=0.00, real=0.01 secs] 
2014-07-16T09:13:48.210+0000: 1383.272: [GC [PSYoungGen: 1054956K->6828K(1017152K)] 1376435K->328340K(1407296K), 0.0072030 secs] [Times: user=0.02 sys=0.00, real=0.00 secs] 
2014-07-16T09:13:50.389+0000: 1385.451: [GC [PSYoungGen: 1017132K->5672K(975680K)] 1338644K->328720K(1365824K), 0.0087380 secs] [Times: user=0.03 sys=0.00, real=0.01 secs] 
2014-07-16T09:13:52.524+0000: 1387.586: [GC [PSYoungGen: 975656K->6678K(938304K)] 1298704K->329854K(1328448K), 0.0113280 secs] [Times: user=0.03 sys=0.00, real=0.01 secs] 
2014-07-16T09:13:54.517+0000: 1389.579: [GC [PSYoungGen: 938262K->2476K(897536K)] 1261438K->330124K(1287680K), 0.0080990 secs] [Times: user=0.01 sys=0.00, real=0.01 secs] 
2014-07-16T09:13:56.427+0000: 1391.489: [GC [PSYoungGen: 897516K->6768K(867008K)] 1225164K->334497K(1257152K), 0.0067130 secs] [Times: user=0.02 sys=0.00, real=0.01 secs] 
2014-07-16T09:13:58.353+0000: 1393.416: [GC [PSYoungGen: 866992K->5614K(832704K)] 1194721K->334639K(1222848K), 0.0078260 secs] [Times: user=0.02 sys=0.00, real=0.01 secs] 
2014-07-16T09:14:00.118+0000: 1395.180: [GC [PSYoungGen: 832686K->6564K(802112K)] 1161711K->335661K(1192256K), 0.0079520 secs] [Times: user=0.02 sys=0.00, real=0.01 secs] 
2014-07-16T09:14:01.852+0000: 1396.915: [GC [PSYoungGen: 802055K->2540K(768000K)] 1131151K->336118K(1158144K), 0.0335930 secs] [Times: user=0.13 sys=0.00, real=0.03 secs] 
2014-07-16T09:14:03.505+0000: 1398.568: [GC [PSYoungGen: 767980K->6864K(743680K)] 1101558K->340612K(1133824K), 0.0133230 secs] [Times: user=0.04 sys=0.00, real=0.01 secs] 
2014-07-16T09:14:05.085+0000: 1400.147: [GC [PSYoungGen: 743632K->5304K(886656K)] 1077380K->340674K(1276800K), 0.0412520 secs] [Times: user=0.16 sys=0.00, real=0.04 secs] 
2014-07-16T09:14:07.037+0000: 1402.100: [GC [PSYoungGen: 886648K->6878K(1061376K)] 1222018K->342337K(1451520K), 0.0295940 secs] [Times: user=0.11 sys=0.00, real=0.03 secs] 
2014-07-16T09:14:09.284+0000: 1404.346: [GC [PSYoungGen: 1061342K->2404K(1263296K)] 1396801K->342515K(1653440K), 0.0098690 secs] [Times: user=0.02 sys=0.00, real=0.01 secs] 
2014-07-16T09:14:12.033+0000: 1407.095: [GC [PSYoungGen: 1263268K->7092K(1215552K)] 1603379K->347283K(1605696K), 0.0154620 secs] [Times: user=0.05 sys=0.00, real=0.02 secs] 
2014-07-16T09:14:14.616+0000: 1409.679: [GC [PSYoungGen: 1215540K->5116K(1449728K)] 1555731K->347525K(1839872K), 0.0316390 secs] [Times: user=0.12 sys=0.00, real=0.03 secs] 
2014-07-16T09:14:17.706+0000: 1412.769: [GC [PSYoungGen: 1449724K->6614K(1733312K)] 1792133K->349143K(2123456K), 0.0273380 secs] [Times: user=0.09 sys=0.00, real=0.02 secs] 
2014-07-16T09:14:21.378+0000: 1416.441: [GC [PSYoungGen: 1733270K->3116K(1654592K)] 2075799K->349550K(2044736K), 0.0089630 secs] [Times: user=0.03 sys=0.00, real=0.01 secs] 
2014-07-16T09:14:24.987+0000: 1420.049: [GC [PSYoungGen: 1654572K->6906K(1586880K)] 2001006K->353500K(1977024K), 0.0062530 secs] [Times: user=0.02 sys=0.00, real=0.00 secs] 
2014-07-16T09:14:28.385+0000: 1423.447: [GC [PSYoungGen: 1586874K->4834K(1516864K)] 1933468K->353522K(1907008K), 0.0112550 secs] [Times: user=0.02 sys=0.00, real=0.02 secs] 
2014-07-16T09:14:31.622+0000: 1426.685: [GC [PSYoungGen: 1516834K->6710K(1454080K)] 1865522K->355478K(1844224K), 0.0081420 secs] [Times: user=0.02 sys=0.00, real=0.01 secs] 
2014-07-16T09:14:34.759+0000: 1429.822: [GC [PSYoungGen: 1454070K->3196K(1389056K)] 1802838K->355800K(1779200K), 0.0174520 secs] [Times: user=0.06 sys=0.00, real=0.02 secs] 
2014-07-16T09:14:37.725+0000: 1432.788: [GC [PSYoungGen: 1389051K->6910K(1334272K)] 1741655K->359651K(1724416K), 0.0185470 secs] [Times: user=0.06 sys=0.00, real=0.02 secs] 
2014-07-16T09:14:40.573+0000: 1435.635: [GC [PSYoungGen: 1334270K->4650K(1276416K)] 1687011K->359835K(1666560K), 0.0127640 secs] [Times: user=0.04 sys=0.00, real=0.01 secs] 
2014-07-16T09:14:43.310+0000: 1438.372: [GC [PSYoungGen: 1276394K->6728K(1225600K)] 1631579K->362081K(1615744K), 0.0231080 secs] [Times: user=0.07 sys=0.01, real=0.02 secs] 
2014-07-16T09:14:45.917+0000: 1440.979: [GC [PSYoungGen: 1225544K->3324K(1171776K)] 1580897K->362344K(1561920K), 0.0204650 secs] [Times: user=0.06 sys=0.00, real=0.02 secs] 
2014-07-16T09:14:48.402+0000: 1443.464: [GC [PSYoungGen: 1171772K->6924K(1127488K)] 1530792K->366016K(1517632K), 0.0206050 secs] [Times: user=0.08 sys=0.00, real=0.02 secs] 
2014-07-16T09:14:50.803+0000: 1445.865: [GC [PSYoungGen: 1127436K->4450K(1079360K)] 1486528K->366294K(1469504K), 0.0163280 secs] [Times: user=0.05 sys=0.00, real=0.02 secs] 
2014-07-16T09:14:53.139+0000: 1448.202: [GC [PSYoungGen: 1079330K->6878K(1038400K)] 1441174K->368882K(1428544K), 0.0197370 secs] [Times: user=0.07 sys=0.00, real=0.02 secs] 
2014-07-16T09:14:55.361+0000: 1450.424: [GC [PSYoungGen: 1038366K->3388K(993536K)] 1400370K->368952K(1383680K), 0.0282560 secs] [Times: user=0.11 sys=0.00, real=0.02 secs] 
2014-07-16T09:14:57.476+0000: 1452.538: [GC [PSYoungGen: 993532K->6746K(957568K)] 1359096K->372390K(1347712K), 0.0161440 secs] [Times: user=0.05 sys=0.00, real=0.02 secs] 
2014-07-16T09:14:59.547+0000: 1454.609: [GC [PSYoungGen: 957530K->4472K(917824K)] 1323174K->372482K(1307968K), 0.0112150 secs] [Times: user=0.04 sys=0.00, real=0.01 secs] 
2014-07-16T09:15:01.502+0000: 1456.564: [GC [PSYoungGen: 917816K->6596K(884352K)] 1285826K->374718K(1274496K), 0.0100880 secs] [Times: user=0.01 sys=0.00, real=0.01 secs] 
2014-07-16T09:15:03.446+0000: 1458.508: [GC [PSYoungGen: 884292K->3488K(847232K)] 1252414K->375004K(1237376K), 0.0110260 secs] [Times: user=0.04 sys=0.00, real=0.01 secs] 
2014-07-16T09:15:05.267+0000: 1460.329: [GC [PSYoungGen: 847200K->6582K(817920K)] 1218716K->378186K(1208064K), 0.0060560 secs] [Times: user=0.02 sys=0.00, real=0.01 secs] 
2014-07-16T09:15:07.021+0000: 1462.083: [GC [PSYoungGen: 817910K->4536K(785024K)] 1189514K->378394K(1175168K), 0.0151280 secs] [Times: user=0.04 sys=0.00, real=0.02 secs] 
2014-07-16T09:15:08.753+0000: 1463.815: [GC [PSYoungGen: 785016K->6696K(757824K)] 1158874K->380626K(1147968K), 0.0104330 secs] [Times: user=0.03 sys=0.00, real=0.01 secs] 
2014-07-16T09:15:10.361+0000: 1465.423: [GC [PSYoungGen: 757800K->3260K(726336K)] 1131730K->380878K(1116480K), 0.0155390 secs] [Times: user=0.05 sys=0.00, real=0.02 secs] 
2014-07-16T09:15:11.914+0000: 1466.977: [GC [PSYoungGen: 726332K->6728K(703168K)] 1103950K->384458K(1093312K), 0.0099020 secs] [Times: user=0.03 sys=0.00, real=0.01 secs] 
2014-07-16T09:15:13.427+0000: 1468.490: [GC [PSYoungGen: 703112K->4466K(675392K)] 1080842K->384666K(1065536K), 0.0129520 secs] [Times: user=0.02 sys=0.00, real=0.01 secs] 
2014-07-16T09:15:14.867+0000: 1469.930: [GC [PSYoungGen: 675378K->6582K(653248K)] 1055578K->386895K(1043392K), 0.0170920 secs] [Times: user=0.05 sys=0.00, real=0.02 secs] 
2014-07-16T09:15:16.256+0000: 1471.318: [GC [PSYoungGen: 653238K->3438K(626944K)] 1033551K->387119K(1017088K), 0.0136660 secs] [Times: user=0.05 sys=0.00, real=0.01 secs] 
2014-07-16T09:15:17.583+0000: 1472.645: [GC [PSYoungGen: 626926K->6742K(608192K)] 1010607K->390527K(998336K), 0.0117450 secs] [Times: user=0.03 sys=0.00, real=0.02 secs] 
2014-07-16T09:15:18.878+0000: 1473.940: [GC [PSYoungGen: 608150K->4270K(584640K)] 991935K->390487K(974784K), 0.0099510 secs] [Times: user=0.02 sys=0.00, real=0.01 secs] 
2014-07-16T09:15:18.888+0000: 1473.951: [Full GC [PSYoungGen: 4270K->0K(584640K)] [ParOldGen: 386217K->142822K(399680K)] 390487K->142822K(984320K) [PSPermGen: 11235K->11232K(25984K)], 0.2497110 secs] [Times: user=0.91 sys=0.00, real=0.25 secs] 
2014-07-16T09:15:20.199+0000: 1475.262: [GC [PSYoungGen: 580352K->7106K(567296K)] 723174K->150129K(966976K), 0.0142090 secs] [Times: user=0.05 sys=0.01, real=0.02 secs] 
2014-07-16T09:15:21.417+0000: 1476.480: [GC [PSYoungGen: 567234K->2918K(543744K)] 710257K->150726K(943424K), 0.0074670 secs] [Times: user=0.02 sys=0.00, real=0.01 secs] 
2014-07-16T09:15:22.569+0000: 1477.632: [GC [PSYoungGen: 543718K->6750K(650816K)] 691526K->154638K(1050496K), 0.0171420 secs] [Times: user=0.05 sys=0.00, real=0.02 secs] 
2014-07-16T09:15:23.993+0000: 1479.055: [GC [PSYoungGen: 650782K->5408K(626368K)] 798670K->154864K(1026048K), 0.0130260 secs] [Times: user=0.04 sys=0.00, real=0.02 secs] 
2014-07-16T09:15:25.321+0000: 1480.383: [GC [PSYoungGen: 626336K->6550K(605440K)] 775792K->156126K(1005120K), 0.0102780 secs] [Times: user=0.03 sys=0.00, real=0.01 secs] 
2014-07-16T09:15:26.606+0000: 1481.669: [GC [PSYoungGen: 605398K->2986K(716928K)] 754974K->156393K(1116608K), 0.0234730 secs] [Times: user=0.09 sys=0.00, real=0.02 secs] 
2014-07-16T09:15:28.203+0000: 1483.265: [GC [PSYoungGen: 716906K->6988K(858240K)] 870313K->160460K(1257920K), 0.0201480 secs] [Times: user=0.06 sys=0.00, real=0.02 secs] 
2014-07-16T09:15:29.953+0000: 1485.015: [GC [PSYoungGen: 858188K->4860K(823232K)] 1011660K->160452K(1222912K), 0.0049060 secs] [Times: user=0.01 sys=0.00, real=0.01 secs] 
2014-07-16T09:15:31.699+0000: 1486.761: [GC [PSYoungGen: 823228K->6468K(793600K)] 978820K->162196K(1193280K), 0.0127470 secs] [Times: user=0.04 sys=0.00, real=0.01 secs] 
2014-07-16T09:15:33.415+0000: 1488.478: [GC [PSYoungGen: 793540K->3516K(760768K)] 949268K->162572K(1160448K), 0.0061380 secs] [Times: user=0.02 sys=0.00, real=0.00 secs] 
2014-07-16T09:15:35.014+0000: 1490.077: [GC [PSYoungGen: 760764K->6614K(735488K)] 919820K->165766K(1135168K), 0.0144670 secs] [Times: user=0.04 sys=0.00, real=0.02 secs] 
2014-07-16T09:15:36.590+0000: 1491.652: [GC [PSYoungGen: 735446K->4604K(706368K)] 894598K->166053K(1106048K), 0.0226510 secs] [Times: user=0.08 sys=0.00, real=0.02 secs] 
2014-07-16T09:15:38.135+0000: 1493.198: [GC [PSYoungGen: 706364K->6650K(843648K)] 867812K->168163K(1243328K), 0.0330890 secs] [Times: user=0.12 sys=0.00, real=0.04 secs] 
2014-07-16T09:15:39.984+0000: 1495.047: [GC [PSYoungGen: 843642K->3516K(1000640K)] 1005155K->168475K(1400320K), 0.0071740 secs] [Times: user=0.01 sys=0.00, real=0.01 secs] 
2014-07-16T09:15:42.124+0000: 1497.186: [GC [PSYoungGen: 1000636K->6614K(1194560K)] 1165595K->171710K(1594240K), 0.0225960 secs] [Times: user=0.07 sys=0.00, real=0.02 secs] 
2014-07-16T09:15:44.668+0000: 1499.730: [GC [PSYoungGen: 1194518K->4604K(1143488K)] 1359614K->171942K(1543168K), 0.0071030 secs] [Times: user=0.03 sys=0.00, real=0.00 secs] 
2014-07-16T09:15:47.139+0000: 1502.202: [GC [PSYoungGen: 1143484K->6628K(1098944K)] 1310822K->174102K(1498624K), 0.0072700 secs] [Times: user=0.02 sys=0.00, real=0.00 secs] 
2014-07-16T09:15:49.445+0000: 1504.507: [GC [PSYoungGen: 1098916K->3366K(1051328K)] 1266390K->174301K(1451008K), 0.0191390 secs] [Times: user=0.07 sys=0.00, real=0.02 secs] 
2014-07-16T09:15:51.714+0000: 1506.777: [GC [PSYoungGen: 1051302K->7046K(1012800K)] 1222237K->178109K(1412480K), 0.0101280 secs] [Times: user=0.03 sys=0.00, real=0.01 secs] 
2014-07-16T09:15:53.926+0000: 1508.989: [GC [PSYoungGen: 1012742K->4002K(969536K)] 1183805K->178218K(1369216K), 0.0172340 secs] [Times: user=0.07 sys=0.00, real=0.02 secs] 
2014-07-16T09:15:55.990+0000: 1511.052: [GC [PSYoungGen: 969506K->6582K(933824K)] 1143722K->180902K(1333504K), 0.0071430 secs] [Times: user=0.01 sys=0.00, real=0.00 secs] 
2014-07-16T09:15:57.966+0000: 1513.029: [GC [PSYoungGen: 933814K->4144K(894976K)] 1108134K->181098K(1294656K), 0.0111410 secs] [Times: user=0.02 sys=0.00, real=0.01 secs] 
2014-07-16T09:15:59.885+0000: 1514.948: [GC [PSYoungGen: 894960K->6928K(863104K)] 1071914K->183954K(1262784K), 0.0137730 secs] [Times: user=0.03 sys=0.00, real=0.02 secs] 
2014-07-16T09:16:01.736+0000: 1516.799: [GC [PSYoungGen: 863056K->3642K(826688K)] 1040082K->183924K(1226368K), 0.0169750 secs] [Times: user=0.06 sys=0.00, real=0.02 secs] 
2014-07-16T09:16:03.502+0000: 1518.565: [GC [PSYoungGen: 826682K->6678K(798272K)] 1006964K->187048K(1197952K), 0.0125010 secs] [Times: user=0.04 sys=0.00, real=0.01 secs] 
2014-07-16T09:16:05.262+0000: 1520.324: [GC [PSYoungGen: 798230K->4278K(765824K)] 978600K->187224K(1165504K), 0.0091790 secs] [Times: user=0.02 sys=0.00, real=0.01 secs] 
2014-07-16T09:16:06.887+0000: 1521.949: [GC [PSYoungGen: 765814K->6764K(739712K)] 948760K->189815K(1139392K), 0.0072590 secs] [Times: user=0.02 sys=0.00, real=0.01 secs] 
2014-07-16T09:16:08.477+0000: 1523.540: [GC [PSYoungGen: 739692K->3424K(709120K)] 922743K->190024K(1108800K), 0.0114710 secs] [Times: user=0.03 sys=0.00, real=0.01 secs] 
2014-07-16T09:16:10.095+0000: 1525.158: [GC [PSYoungGen: 709085K->6764K(686464K)] 895685K->193436K(1086144K), 0.0110560 secs] [Times: user=0.04 sys=0.00, real=0.01 secs] 
2014-07-16T09:16:11.520+0000: 1526.582: [GC [PSYoungGen: 686444K->4258K(659200K)] 873116K->193630K(1058880K), 0.0140540 secs] [Times: user=0.04 sys=0.00, real=0.02 secs] 
2014-07-16T09:16:12.931+0000: 1527.993: [GC [PSYoungGen: 659170K->6532K(637888K)] 848542K->196008K(1037568K), 0.0060490 secs] [Times: user=0.03 sys=0.00, real=0.01 secs] 
2014-07-16T09:16:14.378+0000: 1529.441: [GC [PSYoungGen: 637828K->3638K(612416K)] 827304K->196294K(1012096K), 0.0152430 secs] [Times: user=0.06 sys=0.00, real=0.02 secs] 
2014-07-16T09:16:15.673+0000: 1530.735: [GC [PSYoungGen: 612406K->6632K(593920K)] 805062K->199377K(993600K), 0.0114080 secs] [Times: user=0.05 sys=0.00, real=0.01 secs] 
2014-07-16T09:16:16.945+0000: 1532.008: [GC [PSYoungGen: 593896K->4216K(570944K)] 786641K->199509K(970624K), 0.0066560 secs] [Times: user=0.02 sys=0.00, real=0.00 secs] 
2014-07-16T09:16:18.157+0000: 1533.219: [GC [PSYoungGen: 570936K->6636K(553792K)] 766229K->201977K(953472K), 0.0083130 secs] [Times: user=0.02 sys=0.00, real=0.01 secs] 
2014-07-16T09:16:19.374+0000: 1534.437: [GC [PSYoungGen: 553772K->3510K(655296K)] 749113K->202341K(1054976K), 0.0244270 secs] [Times: user=0.08 sys=0.00, real=0.02 secs] 
2014-07-16T09:16:20.764+0000: 1535.827: [GC [PSYoungGen: 655265K->6810K(783296K)] 854096K->205754K(1182976K), 0.0148510 secs] [Times: user=0.05 sys=0.00, real=0.01 secs] 
2014-07-16T09:16:22.426+0000: 1537.488: [GC [PSYoungGen: 783213K->4152K(930496K)] 982157K->205852K(1330176K), 0.0348290 secs] [Times: user=0.14 sys=0.00, real=0.03 secs] 
2014-07-16T09:16:24.413+0000: 1539.475: [GC [PSYoungGen: 930488K->6678K(1110976K)] 1132188K->208458K(1510656K), 0.0127910 secs] [Times: user=0.04 sys=0.00, real=0.02 secs] 
2014-07-16T09:16:26.779+0000: 1541.841: [GC [PSYoungGen: 1110934K->3510K(1318912K)] 1312714K->208693K(1718592K), 0.0163620 secs] [Times: user=0.06 sys=0.00, real=0.02 secs] 
2014-07-16T09:16:29.599+0000: 1544.662: [GC [PSYoungGen: 1318902K->6728K(1267008K)] 1524085K->211975K(1666688K), 0.0198660 secs] [Times: user=0.07 sys=0.00, real=0.02 secs] 
2014-07-16T09:16:32.301+0000: 1547.364: [GC [PSYoungGen: 1266952K->4068K(1211840K)] 1472199K->212279K(1611520K), 0.0130060 secs] [Times: user=0.04 sys=0.00, real=0.02 secs] 
2014-07-16T09:16:34.906+0000: 1549.969: [GC [PSYoungGen: 1211812K->6760K(1164544K)] 1420023K->215108K(1564224K), 0.0362720 secs] [Times: user=0.13 sys=0.00, real=0.03 secs] 
2014-07-16T09:16:37.399+0000: 1552.462: [GC [PSYoungGen: 1164520K->3620K(1113856K)] 1372868K->215206K(1513536K), 0.0151530 secs] [Times: user=0.05 sys=0.00, real=0.01 secs] 
2014-07-16T09:16:39.798+0000: 1554.860: [GC [PSYoungGen: 1113828K->6810K(1330432K)] 1325414K->218468K(1730112K), 0.0475850 secs] [Times: user=0.16 sys=0.00, real=0.05 secs] 
2014-07-16T09:16:42.649+0000: 1557.712: [GC [PSYoungGen: 1330394K->3898K(1271872K)] 1542052K->218829K(1671552K), 0.0092970 secs] [Times: user=0.03 sys=0.00, real=0.01 secs] 
2014-07-16T09:16:45.375+0000: 1560.438: [GC [PSYoungGen: 1271866K->6500K(1221632K)] 1486797K->221583K(1621312K), 0.0055180 secs] [Times: user=0.01 sys=0.00, real=0.01 secs] 
2014-07-16T09:16:47.973+0000: 1563.036: [GC [PSYoungGen: 1221604K->4066K(1168896K)] 1436687K->221866K(1568576K), 0.0113380 secs] [Times: user=0.03 sys=0.00, real=0.01 secs] 
2014-07-16T09:16:50.456+0000: 1565.519: [GC [PSYoungGen: 1168866K->6810K(1123776K)] 1386666K->224698K(1523456K), 0.0408600 secs] [Times: user=0.15 sys=0.01, real=0.05 secs] 
2014-07-16T09:16:52.844+0000: 1567.907: [GC [PSYoungGen: 1123738K->3574K(1074944K)] 1341626K->224938K(1474624K), 0.0163790 secs] [Times: user=0.06 sys=0.00, real=0.02 secs] 
2014-07-16T09:16:55.203+0000: 1570.265: [GC [PSYoungGen: 1074934K->6742K(1034816K)] 1296298K->228226K(1434496K), 0.0255240 secs] [Times: user=0.09 sys=0.00, real=0.03 secs] 
2014-07-16T09:16:57.406+0000: 1572.468: [GC [PSYoungGen: 1034774K->4130K(990912K)] 1256258K->228414K(1390592K), 0.0217120 secs] [Times: user=0.07 sys=0.00, real=0.02 secs] 
2014-07-16T09:16:59.538+0000: 1574.601: [GC [PSYoungGen: 990882K->6760K(1182528K)] 1215166K->231108K(1582208K), 0.0304930 secs] [Times: user=0.11 sys=0.01, real=0.03 secs] 
2014-07-16T09:17:02.061+0000: 1577.124: [GC [PSYoungGen: 1182461K->3556K(1130944K)] 1406809K->231302K(1530624K), 0.0060780 secs] [Times: user=0.02 sys=0.00, real=0.00 secs] 
2014-07-16T09:17:04.457+0000: 1579.519: [GC [PSYoungGen: 1130916K->6864K(1088192K)] 1358662K->234722K(1487872K), 0.0060770 secs] [Times: user=0.01 sys=0.00, real=0.01 secs] 
2014-07-16T09:17:06.829+0000: 1581.891: [GC [PSYoungGen: 1088144K->4008K(1041472K)] 1316002K->234774K(1441152K), 0.0157960 secs] [Times: user=0.05 sys=0.00, real=0.02 secs] 
2014-07-16T09:17:09.078+0000: 1584.140: [GC [PSYoungGen: 1041448K->6792K(1242240K)] 1272214K->237671K(1641920K), 0.0414720 secs] [Times: user=0.15 sys=0.01, real=0.04 secs] 
2014-07-16T09:17:11.788+0000: 1586.850: [GC [PSYoungGen: 1242184K->3488K(1187584K)] 1473063K->238217K(1587264K), 0.0228980 secs] [Times: user=0.08 sys=0.00, real=0.03 secs] 
2014-07-16T09:17:14.348+0000: 1589.410: [GC [PSYoungGen: 1187552K->6956K(1418048K)] 1422281K->241846K(1817728K), 0.0378430 secs] [Times: user=0.14 sys=0.00, real=0.04 secs] 
2014-07-16T09:17:17.420+0000: 1592.483: [GC [PSYoungGen: 1418028K->4130K(1355392K)] 1652918K->242118K(1755072K), 0.0151620 secs] [Times: user=0.04 sys=0.00, real=0.02 secs] 
2014-07-16T09:17:20.373+0000: 1595.435: [GC [PSYoungGen: 1355362K->6838K(1301120K)] 1593350K->244938K(1700800K), 0.0124850 secs] [Times: user=0.03 sys=0.01, real=0.01 secs] 
2014-07-16T09:17:23.150+0000: 1598.213: [GC [PSYoungGen: 1301110K->3766K(1243904K)] 1539210K->245104K(1643584K), 0.0070270 secs] [Times: user=0.01 sys=0.00, real=0.01 secs] 
2014-07-16T09:17:25.780+0000: 1600.843: [GC [PSYoungGen: 1243894K->6896K(1195520K)] 1485232K->248362K(1595200K), 0.0204820 secs] [Times: user=0.08 sys=0.00, real=0.02 secs] 
2014-07-16T09:17:28.335+0000: 1603.397: [GC [PSYoungGen: 1195457K->4084K(1143680K)] 1436923K->248496K(1543360K), 0.0058800 secs] [Times: user=0.02 sys=0.00, real=0.00 secs] 
2014-07-16T09:17:30.791+0000: 1605.854: [GC [PSYoungGen: 1143668K->6660K(1099648K)] 1388080K->251152K(1499328K), 0.0173060 secs] [Times: user=0.07 sys=0.00, real=0.02 secs] 
2014-07-16T09:17:33.135+0000: 1608.197: [GC [PSYoungGen: 1099588K->3834K(1052352K)] 1344080K->251470K(1452032K), 0.0147620 secs] [Times: user=0.05 sys=0.00, real=0.01 secs] 
2014-07-16T09:17:35.384+0000: 1610.447: [GC [PSYoungGen: 1052346K->6646K(1012928K)] 1299982K->254386K(1412608K), 0.0184680 secs] [Times: user=0.06 sys=0.00, real=0.01 secs] 
2014-07-16T09:17:37.517+0000: 1612.580: [GC [PSYoungGen: 1012918K->4130K(970176K)] 1260658K->254520K(1369856K), 0.0074480 secs] [Times: user=0.02 sys=0.00, real=0.01 secs] 
2014-07-16T09:17:39.609+0000: 1614.672: [GC [PSYoungGen: 970146K->6714K(934464K)] 1220536K->257222K(1334144K), 0.0188990 secs] [Times: user=0.07 sys=0.00, real=0.02 secs] 
2014-07-16T09:17:41.603+0000: 1616.665: [GC [PSYoungGen: 934458K->3770K(895040K)] 1184966K->257707K(1294720K), 0.0168010 secs] [Times: user=0.07 sys=0.00, real=0.02 secs] 
2014-07-16T09:17:43.510+0000: 1618.573: [GC [PSYoungGen: 895034K->6628K(863168K)] 1148971K->260685K(1262848K), 0.0097820 secs] [Times: user=0.04 sys=0.00, real=0.01 secs] 
2014-07-16T09:17:45.419+0000: 1620.482: [GC [PSYoungGen: 863140K->4348K(827776K)] 1117197K->260944K(1227456K), 0.0205480 secs] [Times: user=0.07 sys=0.01, real=0.02 secs] 
2014-07-16T09:17:47.122+0000: 1622.184: [GC [PSYoungGen: 827772K->6582K(798528K)] 1084368K->263258K(1198208K), 0.0111190 secs] [Times: user=0.04 sys=0.00, real=0.01 secs] 
2014-07-16T09:17:48.811+0000: 1623.873: [GC [PSYoungGen: 798518K->3810K(765760K)] 1055194K->263440K(1165440K), 0.0058560 secs] [Times: user=0.02 sys=0.00, real=0.01 secs] 
2014-07-16T09:17:50.538+0000: 1625.600: [GC [PSYoungGen: 765700K->6778K(740096K)] 1025330K->266464K(1139776K), 0.0221050 secs] [Times: user=0.08 sys=0.00, real=0.02 secs] 
2014-07-16T09:17:52.078+0000: 1627.140: [GC [PSYoungGen: 740090K->4002K(710080K)] 999776K->266617K(1109760K), 0.0178320 secs] [Times: user=0.06 sys=0.00, real=0.01 secs] 
2014-07-16T09:17:53.591+0000: 1628.653: [GC [PSYoungGen: 710050K->6568K(686656K)] 972665K->269335K(1086336K), 0.0056320 secs] [Times: user=0.01 sys=0.01, real=0.00 secs] 
2014-07-16T09:17:55.071+0000: 1630.134: [GC [PSYoungGen: 686632K->4002K(659328K)] 949399K->269657K(1059008K), 0.0181720 secs] [Times: user=0.07 sys=0.00, real=0.02 secs] 
2014-07-16T09:17:56.486+0000: 1631.548: [GC [PSYoungGen: 659298K->6500K(787648K)] 924953K->272251K(1187328K), 0.0266210 secs] [Times: user=0.10 sys=0.00, real=0.03 secs] 
2014-07-16T09:17:58.153+0000: 1633.215: [GC [PSYoungGen: 787603K->3938K(934976K)] 1053354K->272500K(1334656K), 0.0181270 secs] [Times: user=0.06 sys=0.00, real=0.02 secs] 
2014-07-16T09:18:00.149+0000: 1635.211: [GC [PSYoungGen: 934946K->6796K(1116160K)] 1203508K->275422K(1515840K), 0.0178640 secs] [Times: user=0.06 sys=0.00, real=0.01 secs] 
2014-07-16T09:18:02.656+0000: 1637.719: [GC [PSYoungGen: 1116108K->3688K(1324928K)] 1384734K->275825K(1724608K), 0.0203220 secs] [Times: user=0.08 sys=0.00, real=0.02 secs] 
2014-07-16T09:18:05.508+0000: 1640.570: [GC [PSYoungGen: 1324893K->6646K(1272384K)] 1597030K->278943K(1672064K), 0.0053930 secs] [Times: user=0.01 sys=0.01, real=0.01 secs] 
2014-07-16T09:18:08.279+0000: 1643.342: [GC [PSYoungGen: 1272374K->4276K(1217216K)] 1544671K->279204K(1616896K), 0.0128740 secs] [Times: user=0.05 sys=0.00, real=0.01 secs] 
2014-07-16T09:18:10.929+0000: 1645.992: [GC [PSYoungGen: 1217204K->6810K(1169600K)] 1492132K->281826K(1569280K), 0.0234140 secs] [Times: user=0.09 sys=0.00, real=0.02 secs] 
2014-07-16T09:18:13.417+0000: 1648.479: [GC [PSYoungGen: 1169562K->3506K(1118528K)] 1444578K->282104K(1518208K), 0.0250620 secs] [Times: user=0.10 sys=0.00, real=0.03 secs] 
2014-07-16T09:18:15.822+0000: 1650.884: [GC [PSYoungGen: 1118514K->6682K(1076288K)] 1397112K->285392K(1475968K), 0.0306260 secs] [Times: user=0.10 sys=0.01, real=0.03 secs] 
2014-07-16T09:18:18.136+0000: 1653.199: [GC [PSYoungGen: 1076250K->4398K(1030720K)] 1354960K->285699K(1430400K), 0.0237080 secs] [Times: user=0.08 sys=0.00, real=0.03 secs] 
2014-07-16T09:18:20.350+0000: 1655.413: [GC [PSYoungGen: 1030702K->6696K(991808K)] 1312003K->288077K(1391488K), 0.0058090 secs] [Times: user=0.02 sys=0.00, real=0.01 secs] 
2014-07-16T09:18:22.504+0000: 1657.567: [GC [PSYoungGen: 991784K->3506K(949376K)] 1273165K->288447K(1349056K), 0.0148670 secs] [Times: user=0.06 sys=0.00, real=0.01 secs] 
2014-07-16T09:18:24.550+0000: 1659.613: [GC [PSYoungGen: 949362K->6778K(915328K)] 1234303K->291863K(1315008K), 0.0059210 secs] [Times: user=0.02 sys=0.00, real=0.01 secs] 
2014-07-16T09:18:26.455+0000: 1661.517: [GC [PSYoungGen: 915322K->4454K(1088128K)] 1200407K->291881K(1487808K), 0.0589430 secs] [Times: user=0.20 sys=0.00, real=0.06 secs] 
2014-07-16T09:18:28.774+0000: 1663.836: [GC [PSYoungGen: 1088102K->6818K(1297536K)] 1375529K->294309K(1697216K), 0.0070000 secs] [Times: user=0.02 sys=0.00, real=0.00 secs] 
2014-07-16T09:18:31.640+0000: 1666.702: [GC [PSYoungGen: 1297506K->3306K(1540672K)] 1584997K->294523K(1940352K), 0.0293620 secs] [Times: user=0.11 sys=0.00, real=0.03 secs] 
2014-07-16T09:18:34.893+0000: 1669.956: [GC [PSYoungGen: 1540650K->6942K(1478272K)] 1831867K->298367K(1877952K), 0.0179420 secs] [Times: user=0.05 sys=0.00, real=0.01 secs] 
2014-07-16T09:18:38.050+0000: 1673.112: [GC [PSYoungGen: 1478238K->4344K(1412864K)] 1769663K->298559K(1812544K), 0.0106030 secs] [Times: user=0.04 sys=0.00, real=0.01 secs] 
2014-07-16T09:18:41.043+0000: 1676.105: [GC [PSYoungGen: 1412856K->6728K(1355584K)] 1707071K->301015K(1755264K), 0.0227300 secs] [Times: user=0.08 sys=0.00, real=0.03 secs] 
2014-07-16T09:18:43.979+0000: 1679.042: [GC [PSYoungGen: 1355528K->3488K(1295488K)] 1649815K->301324K(1695168K), 0.0155940 secs] [Times: user=0.05 sys=0.00, real=0.02 secs] 
2014-07-16T09:18:46.741+0000: 1681.804: [GC [PSYoungGen: 1295456K->6796K(1244736K)] 1593292K->304769K(1644416K), 0.0136890 secs] [Times: user=0.04 sys=0.00, real=0.02 secs] 
2014-07-16T09:18:49.394+0000: 1684.456: [GC [PSYoungGen: 1244684K->4386K(1190912K)] 1542657K->304877K(1590592K), 0.0114340 secs] [Times: user=0.04 sys=0.00, real=0.02 secs] 
2014-07-16T09:18:51.957+0000: 1687.019: [GC [PSYoungGen: 1190882K->6888K(1144512K)] 1491373K->307467K(1544192K), 0.0156030 secs] [Times: user=0.05 sys=0.00, real=0.01 secs] 
2014-07-16T09:18:54.423+0000: 1689.486: [GC [PSYoungGen: 1144488K->3310K(1094400K)] 1445067K->307678K(1494080K), 0.0054050 secs] [Times: user=0.02 sys=0.00, real=0.01 secs] 
2014-07-16T09:18:56.773+0000: 1691.836: [GC [PSYoungGen: 1094382K->6596K(1053440K)] 1398750K->311052K(1453120K), 0.0080700 secs] [Times: user=0.02 sys=0.00, real=0.01 secs] 
2014-07-16T09:18:59.036+0000: 1694.098: [GC [PSYoungGen: 1053380K->4668K(1009280K)] 1357836K->311260K(1408960K), 0.0216390 secs] [Times: user=0.08 sys=0.00, real=0.03 secs] 
2014-07-16T09:19:01.207+0000: 1696.269: [GC [PSYoungGen: 1009276K->6692K(1203520K)] 1315868K->313404K(1603200K), 0.0520210 secs] [Times: user=0.18 sys=0.00, real=0.06 secs] 
2014-07-16T09:19:03.845+0000: 1698.908: [GC [PSYoungGen: 1203492K->3242K(1428480K)] 1510204K->313844K(1828160K), 0.0215070 secs] [Times: user=0.07 sys=0.00, real=0.03 secs] 
2014-07-16T09:19:06.982+0000: 1702.044: [GC [PSYoungGen: 1428458K->7074K(1371776K)] 1739060K->317788K(1771456K), 0.0286920 secs] [Times: user=0.11 sys=0.00, real=0.03 secs] 
2014-07-16T09:19:09.907+0000: 1704.970: [GC [PSYoungGen: 1371746K->4410K(1311488K)] 1682460K->317824K(1711168K), 0.0232060 secs] [Times: user=0.07 sys=0.00, real=0.03 secs] 
2014-07-16T09:19:12.732+0000: 1707.795: [GC [PSYoungGen: 1311482K->6910K(1259200K)] 1624896K->320460K(1658880K), 0.0064560 secs] [Times: user=0.02 sys=0.00, real=0.00 secs] 
2014-07-16T09:19:15.431+0000: 1710.493: [GC [PSYoungGen: 1259198K->3570K(1203776K)] 1572748K->320712K(1603456K), 0.0164340 secs] [Times: user=0.05 sys=0.00, real=0.01 secs] 
2014-07-16T09:19:18.042+0000: 1713.104: [GC [PSYoungGen: 1203762K->6614K(1157248K)] 1520904K->323812K(1556928K), 0.0162030 secs] [Times: user=0.05 sys=0.00, real=0.01 secs] 
2014-07-16T09:19:20.492+0000: 1715.555: [GC [PSYoungGen: 1157206K->4668K(1108096K)] 1474404K->324174K(1507776K), 0.0069880 secs] [Times: user=0.01 sys=0.00, real=0.00 secs] 
2014-07-16T09:19:22.918+0000: 1717.980: [GC [PSYoungGen: 1108092K->6764K(1065280K)] 1427598K->326430K(1464960K), 0.0079080 secs] [Times: user=0.02 sys=0.00, real=0.01 secs] 
2014-07-16T09:19:25.194+0000: 1720.256: [GC [PSYoungGen: 1065260K->3428K(1019200K)] 1384926K->326601K(1418880K), 0.0060370 secs] [Times: user=0.02 sys=0.00, real=0.00 secs] 
2014-07-16T09:19:27.388+0000: 1722.451: [GC [PSYoungGen: 1019172K->6978K(982080K)] 1342345K->330224K(1381760K), 0.0164810 secs] [Times: user=0.06 sys=0.00, real=0.02 secs] 
2014-07-16T09:19:29.482+0000: 1724.544: [GC [PSYoungGen: 982018K->4258K(940608K)] 1305264K->330195K(1340288K), 0.0061680 secs] [Times: user=0.02 sys=0.00, real=0.00 secs] 
2014-07-16T09:19:31.504+0000: 1726.566: [GC [PSYoungGen: 940578K->6742K(906240K)] 1266515K->332767K(1305920K), 0.0066010 secs] [Times: user=0.01 sys=0.00, real=0.00 secs] 
2014-07-16T09:19:33.436+0000: 1728.499: [GC [PSYoungGen: 906198K->3560K(867904K)] 1232223K->332945K(1267584K), 0.0175860 secs] [Times: user=0.07 sys=0.00, real=0.02 secs] 
2014-07-16T09:19:35.289+0000: 1730.351: [GC [PSYoungGen: 867880K->6778K(837632K)] 1197265K->336259K(1237312K), 0.0154850 secs] [Times: user=0.05 sys=0.00, real=0.02 secs] 
2014-07-16T09:19:37.149+0000: 1732.212: [GC [PSYoungGen: 837626K->4258K(803264K)] 1167107K->336435K(1202944K), 0.0087960 secs] [Times: user=0.02 sys=0.01, real=0.01 secs] 
2014-07-16T09:19:38.788+0000: 1733.851: [GC [PSYoungGen: 803234K->6846K(775488K)] 1135411K->339096K(1175168K), 0.0119300 secs] [Times: user=0.04 sys=0.00, real=0.01 secs] 
2014-07-16T09:19:40.436+0000: 1735.499: [GC [PSYoungGen: 775486K->3388K(743104K)] 1107736K->339331K(1142784K), 0.0182840 secs] [Times: user=0.07 sys=0.01, real=0.02 secs] 
2014-07-16T09:19:42.025+0000: 1737.087: [GC [PSYoungGen: 743100K->6878K(719040K)] 1079043K->342934K(1118720K), 0.0115930 secs] [Times: user=0.04 sys=0.00, real=0.01 secs] 
2014-07-16T09:19:43.591+0000: 1738.653: [GC [PSYoungGen: 719006K->4322K(852416K)] 1055062K->343214K(1252096K), 0.0269780 secs] [Times: user=0.10 sys=0.00, real=0.03 secs] 
2014-07-16T09:19:45.389+0000: 1740.452: [GC [PSYoungGen: 852386K->6518K(821888K)] 1191278K->345554K(1221568K), 0.0099250 secs] [Times: user=0.01 sys=0.00, real=0.01 secs] 
2014-07-16T09:19:47.147+0000: 1742.209: [GC [PSYoungGen: 821878K->3752K(788032K)] 1160914K->345819K(1187712K), 0.0073450 secs] [Times: user=0.03 sys=0.00, real=0.01 secs] 
2014-07-16T09:19:48.852+0000: 1743.914: [GC [PSYoungGen: 788008K->6746K(761344K)] 1130075K->348901K(1161024K), 0.0176320 secs] [Times: user=0.06 sys=0.01, real=0.02 secs] 
2014-07-16T09:19:50.474+0000: 1745.536: [GC [PSYoungGen: 761306K->4066K(730368K)] 1103461K->349136K(1130048K), 0.0127030 secs] [Times: user=0.04 sys=0.00, real=0.02 secs] 
2014-07-16T09:19:52.032+0000: 1747.095: [GC [PSYoungGen: 730338K->6564K(705920K)] 1075408K->351762K(1105600K), 0.0108590 secs] [Times: user=0.04 sys=0.00, real=0.01 secs] 
2014-07-16T09:19:53.540+0000: 1748.602: [GC [PSYoungGen: 705892K->3966K(836992K)] 1051090K->352057K(1236672K), 0.0256230 secs] [Times: user=0.09 sys=0.00, real=0.03 secs] 
2014-07-16T09:19:55.345+0000: 1750.408: [GC [PSYoungGen: 836990K->6732K(807872K)] 1185081K->354943K(1207552K), 0.0049220 secs] [Times: user=0.01 sys=0.00, real=0.00 secs] 
2014-07-16T09:19:57.073+0000: 1752.136: [GC [PSYoungGen: 807820K->3888K(774528K)] 1156031K->354941K(1174208K), 0.0179240 secs] [Times: user=0.07 sys=0.00, real=0.02 secs] 
2014-07-16T09:19:58.734+0000: 1753.797: [GC [PSYoungGen: 774512K->6878K(924672K)] 1125565K->357987K(1324352K), 0.0221230 secs] [Times: user=0.09 sys=0.00, real=0.03 secs] 
2014-07-16T09:20:00.709+0000: 1755.771: [GC [PSYoungGen: 924625K->3702K(1097728K)] 1275733K->357958K(1497408K), 0.0308070 secs] [Times: user=0.09 sys=0.00, real=0.03 secs] 
2014-07-16T09:20:03.076+0000: 1758.138: [GC [PSYoungGen: 1097718K->6696K(1310272K)] 1451974K->361073K(1709952K), 0.0202940 secs] [Times: user=0.07 sys=0.00, real=0.02 secs] 
2014-07-16T09:20:05.869+0000: 1760.932: [GC [PSYoungGen: 1310248K->3966K(1252928K)] 1664625K->361293K(1652608K), 0.0075500 secs] [Times: user=0.02 sys=0.00, real=0.00 secs] 
2014-07-16T09:20:08.551+0000: 1763.614: [GC [PSYoungGen: 1252926K->6842K(1203840K)] 1610253K->364266K(1603520K), 0.0088490 secs] [Times: user=0.02 sys=0.00, real=0.01 secs] 
2014-07-16T09:20:11.127+0000: 1766.190: [GC [PSYoungGen: 1203834K->3580K(1151168K)] 1561258K->364414K(1550848K), 0.0059830 secs] [Times: user=0.02 sys=0.00, real=0.01 secs] 
2014-07-16T09:20:13.622+0000: 1768.685: [GC [PSYoungGen: 1151164K->6760K(1107328K)] 1511998K->367723K(1507008K), 0.0118080 secs] [Times: user=0.01 sys=0.00, real=0.01 secs] 
2014-07-16T09:20:15.988+0000: 1771.050: [GC [PSYoungGen: 1107304K->4010K(1059840K)] 1468267K->368065K(1459520K), 0.0128630 secs] [Times: user=0.03 sys=0.00, real=0.02 secs] 
2014-07-16T09:20:18.293+0000: 1773.356: [GC [PSYoungGen: 1059818K->6846K(1020032K)] 1423873K->370997K(1419712K), 0.0144340 secs] [Times: user=0.04 sys=0.00, real=0.01 secs] 
2014-07-16T09:20:20.465+0000: 1775.527: [GC [PSYoungGen: 1020030K->3620K(976256K)] 1384181K->371167K(1375936K), 0.0121600 secs] [Times: user=0.04 sys=0.00, real=0.01 secs] 
2014-07-16T09:20:22.542+0000: 1777.604: [GC [PSYoungGen: 976228K->6646K(940672K)] 1343775K->374305K(1340352K), 0.0197050 secs] [Times: user=0.07 sys=0.00, real=0.02 secs] 
2014-07-16T09:20:24.605+0000: 1779.668: [GC [PSYoungGen: 940662K->4212K(901440K)] 1308321K->374651K(1301120K), 0.0061560 secs] [Times: user=0.02 sys=0.00, real=0.01 secs] 
2014-07-16T09:20:26.554+0000: 1781.617: [GC [PSYoungGen: 901428K->6646K(868864K)] 1271867K->377173K(1268544K), 0.0061640 secs] [Times: user=0.02 sys=0.00, real=0.01 secs] 
2014-07-16T09:20:28.435+0000: 1783.497: [GC [PSYoungGen: 868854K->3642K(832512K)] 1239381K->377350K(1232192K), 0.0171730 secs] [Times: user=0.06 sys=0.00, real=0.02 secs] 
2014-07-16T09:20:30.214+0000: 1785.277: [GC [PSYoungGen: 832506K->6760K(803904K)] 1206214K->380556K(1203584K), 0.0328640 secs] [Times: user=0.11 sys=0.00, real=0.03 secs] 
2014-07-16T09:20:31.905+0000: 1786.968: [GC [PSYoungGen: 803880K->4066K(770944K)] 1177676K->380793K(1170624K), 0.0187940 secs] [Times: user=0.07 sys=0.00, real=0.02 secs] 
2014-07-16T09:20:33.540+0000: 1788.602: [GC [PSYoungGen: 770914K->6678K(744704K)] 1147641K->383525K(1144384K), 0.0135820 secs] [Times: user=0.04 sys=0.00, real=0.02 secs] 
2014-07-16T09:20:35.123+0000: 1790.185: [GC [PSYoungGen: 744662K->3706K(714176K)] 1121509K->383801K(1113856K), 0.0132140 secs] [Times: user=0.05 sys=0.00, real=0.01 secs] 
2014-07-16T09:20:36.667+0000: 1791.730: [GC [PSYoungGen: 714170K->6614K(852992K)] 1094265K->386790K(1252672K), 0.0209300 secs] [Times: user=0.08 sys=0.00, real=0.02 secs] 
2014-07-16T09:20:38.577+0000: 1793.639: [GC [PSYoungGen: 852950K->4130K(1012032K)] 1233126K->387297K(1411712K), 0.0166610 secs] [Times: user=0.07 sys=0.00, real=0.02 secs] 
2014-07-16T09:20:40.686+0000: 1795.749: [GC [PSYoungGen: 1012002K->6692K(974272K)] 1395169K->389931K(1373952K), 0.0065880 secs] [Times: user=0.02 sys=0.00, real=0.01 secs] 
2014-07-16T09:20:42.782+0000: 1797.844: [GC [PSYoungGen: 974244K->3766K(932928K)] 1357483K->390163K(1332608K), 0.0153250 secs] [Times: user=0.06 sys=0.00, real=0.02 secs] 
2014-07-16T09:20:44.796+0000: 1799.859: [GC [PSYoungGen: 932918K->6596K(899264K)] 1319315K->393081K(1298944K), 0.0063320 secs] [Times: user=0.01 sys=0.00, real=0.00 secs] 
2014-07-16T09:20:46.705+0000: 1801.767: [GC [PSYoungGen: 899204K->4218K(1067648K)] 1285689K->393320K(1467328K), 0.0408970 secs] [Times: user=0.15 sys=0.00, real=0.04 secs] 
2014-07-16T09:20:49.046+0000: 1804.108: [GC [PSYoungGen: 1067642K->6742K(1027200K)] 1456744K->395916K(1426880K), 0.0102970 secs] [Times: user=0.03 sys=0.01, real=0.01 secs] 
2014-07-16T09:20:51.235+0000: 1806.297: [GC [PSYoungGen: 1027158K->3488K(983040K)] 1416332K->396141K(1382720K), 0.0061190 secs] [Times: user=0.02 sys=0.00, real=0.00 secs] 
2014-07-16T09:20:53.397+0000: 1808.459: [GC [PSYoungGen: 983008K->6960K(947520K)] 1375661K->399757K(1347200K), 0.0218750 secs] [Times: user=0.07 sys=0.00, real=0.02 secs] 
2014-07-16T09:20:55.392+0000: 1810.455: [GC [PSYoungGen: 947504K->4026K(907520K)] 1340301K->399691K(1307200K), 0.0143600 secs] [Times: user=0.05 sys=0.00, real=0.02 secs] 
2014-07-16T09:20:55.407+0000: 1810.469: [Full GC [PSYoungGen: 4026K->0K(907520K)] [ParOldGen: 395665K->146069K(400512K)] 399691K->146069K(1308032K) [PSPermGen: 11232K->11232K(24832K)], 0.3642700 secs] [Times: user=1.25 sys=0.00, real=0.36 secs] 
2014-07-16T09:20:57.681+0000: 1812.744: [GC [PSYoungGen: 903488K->7224K(875328K)] 1049557K->153518K(1275840K), 0.0158750 secs] [Times: user=0.06 sys=0.00, real=0.02 secs] 
2014-07-16T09:20:59.584+0000: 1814.647: [GC [PSYoungGen: 875320K->3256K(837632K)] 1021614K->153862K(1238144K), 0.0055420 secs] [Times: user=0.02 sys=0.00, real=0.01 secs] 
2014-07-16T09:21:01.390+0000: 1816.452: [GC [PSYoungGen: 837624K->6878K(809152K)] 988230K->157628K(1209664K), 0.0177100 secs] [Times: user=0.04 sys=0.00, real=0.02 secs] 
2014-07-16T09:21:03.101+0000: 1818.164: [GC [PSYoungGen: 809118K->5106K(776768K)] 959868K->157706K(1177280K), 0.0075660 secs] [Times: user=0.02 sys=0.00, real=0.01 secs] 
2014-07-16T09:21:04.760+0000: 1819.823: [GC [PSYoungGen: 776754K->6550K(749120K)] 929354K->159214K(1149632K), 0.0066200 secs] [Times: user=0.02 sys=0.00, real=0.01 secs] 
2014-07-16T09:21:06.361+0000: 1821.423: [GC [PSYoungGen: 749078K->3296K(718080K)] 901742K->159562K(1118592K), 0.0133200 secs] [Times: user=0.04 sys=0.00, real=0.01 secs] 
2014-07-16T09:21:07.888+0000: 1822.951: [GC [PSYoungGen: 718048K->6650K(694912K)] 874314K->162973K(1095424K), 0.0083470 secs] [Times: user=0.02 sys=0.01, real=0.01 secs] 
2014-07-16T09:21:09.415+0000: 1824.478: [GC [PSYoungGen: 694906K->5038K(668032K)] 851229K->163327K(1068544K), 0.0191660 secs] [Times: user=0.08 sys=0.00, real=0.02 secs] 
2014-07-16T09:21:10.799+0000: 1825.862: [GC [PSYoungGen: 668014K->6760K(645696K)] 826303K->165193K(1046208K), 0.0165390 secs] [Times: user=0.05 sys=0.00, real=0.01 secs] 
2014-07-16T09:21:12.065+0000: 1827.128: [GC [PSYoungGen: 645672K->3196K(762368K)] 804105K->165380K(1162880K), 0.0210820 secs] [Times: user=0.07 sys=0.01, real=0.02 secs] 
2014-07-16T09:21:13.532+0000: 1828.595: [GC [PSYoungGen: 762364K->6682K(908352K)] 924548K->168994K(1308864K), 0.0128740 secs] [Times: user=0.02 sys=0.00, real=0.01 secs] 
2014-07-16T09:21:15.295+0000: 1830.358: [GC [PSYoungGen: 908314K->4962K(1078656K)] 1070626K->169248K(1479168K), 0.0448540 secs] [Times: user=0.17 sys=0.00, real=0.05 secs] 
2014-07-16T09:21:17.332+0000: 1832.395: [GC [PSYoungGen: 1078626K->6682K(1284224K)] 1242912K->171080K(1684736K), 0.0171480 secs] [Times: user=0.06 sys=0.00, real=0.02 secs] 
2014-07-16T09:21:19.836+0000: 1834.898: [GC [PSYoungGen: 1284186K->3056K(1490368K)] 1448584K->171279K(1890880K), 0.0212260 secs] [Times: user=0.07 sys=0.00, real=0.02 secs] 
2014-07-16T09:21:22.623+0000: 1837.686: [GC [PSYoungGen: 1490352K->6960K(1430592K)] 1658575K->175311K(1831104K), 0.0053670 secs] [Times: user=0.01 sys=0.00, real=0.01 secs] 
2014-07-16T09:21:25.343+0000: 1840.405: [GC [PSYoungGen: 1430576K->360K(1363456K)] 1598927K->175776K(1763968K), 0.0155010 secs] [Times: user=0.05 sys=0.01, real=0.01 secs] 
2014-07-16T09:21:27.860+0000: 1842.923: [GC [PSYoungGen: 1363430K->7306K(1312832K)] 1538847K->182739K(1713344K), 0.0064400 secs] [Times: user=0.02 sys=0.00, real=0.00 secs] 
2014-07-16T09:21:30.450+0000: 1845.512: [GC [PSYoungGen: 1312778K->6678K(1257408K)] 1488211K->182899K(1657920K), 0.0046860 secs] [Times: user=0.02 sys=0.00, real=0.01 secs] 
2014-07-16T09:21:32.748+0000: 1847.810: [GC [PSYoungGen: 1257366K->6564K(1205120K)] 1433587K->183025K(1605632K), 0.0168280 secs] [Times: user=0.06 sys=0.00, real=0.02 secs] 
2014-07-16T09:21:35.033+0000: 1850.096: [GC [PSYoungGen: 1205072K->1834K(1150784K)] 1381533K->183399K(1551296K), 0.0227250 secs] [Times: user=0.09 sys=0.00, real=0.02 secs] 
2014-07-16T09:21:37.253+0000: 1852.316: [GC [PSYoungGen: 1150762K->7192K(1108992K)] 1332327K->188837K(1509504K), 0.0128460 secs] [Times: user=0.05 sys=0.00, real=0.01 secs] 
2014-07-16T09:21:39.473+0000: 1854.536: [GC [PSYoungGen: 1108952K->5920K(1062784K)] 1290597K->188953K(1463296K), 0.0100960 secs] [Times: user=0.02 sys=0.00, real=0.01 secs] 
2014-07-16T09:21:41.435+0000: 1856.498: [GC [PSYoungGen: 1062752K->6532K(1020672K)] 1245785K->189789K(1421184K), 0.0060040 secs] [Times: user=0.01 sys=0.00, real=0.01 secs] 
2014-07-16T09:21:43.293+0000: 1858.356: [GC [PSYoungGen: 1020612K->2750K(976128K)] 1203869K->190138K(1376640K), 0.0119700 secs] [Times: user=0.04 sys=0.00, real=0.01 secs] 
2014-07-16T09:21:45.172+0000: 1860.234: [GC [PSYoungGen: 976126K->6832K(941504K)] 1163514K->194284K(1342016K), 0.0053030 secs] [Times: user=0.01 sys=0.00, real=0.00 secs] 
2014-07-16T09:21:46.904+0000: 1861.966: [GC [PSYoungGen: 941488K->5664K(903488K)] 1128940K->194528K(1304000K), 0.0062020 secs] [Times: user=0.01 sys=0.00, real=0.00 secs] 
2014-07-16T09:21:48.572+0000: 1863.635: [GC [PSYoungGen: 903456K->6582K(869248K)] 1092320K->195558K(1269760K), 0.0281820 secs] [Times: user=0.11 sys=0.00, real=0.02 secs] 
2014-07-16T09:21:50.380+0000: 1865.443: [GC [PSYoungGen: 869237K->2864K(1026880K)] 1058213K->196056K(1427392K), 0.0291620 secs] [Times: user=0.11 sys=0.00, real=0.03 secs] 
2014-07-16T09:21:52.282+0000: 1867.344: [GC [PSYoungGen: 1026802K->6974K(989824K)] 1219994K->200326K(1390336K), 0.0131450 secs] [Times: user=0.04 sys=0.00, real=0.02 secs] 
2014-07-16T09:21:54.126+0000: 1869.189: [GC [PSYoungGen: 989822K->5290K(948992K)] 1183174K->200324K(1349504K), 0.0097920 secs] [Times: user=0.02 sys=0.00, real=0.01 secs] 
2014-07-16T09:21:55.933+0000: 1870.995: [GC [PSYoungGen: 948970K->6664K(913088K)] 1144004K->201762K(1313600K), 0.0054580 secs] [Times: user=0.01 sys=0.00, real=0.00 secs] 
2014-07-16T09:21:57.667+0000: 1872.730: [GC [PSYoungGen: 913032K->2982K(873856K)] 1108130K->202045K(1274368K), 0.0096130 secs] [Times: user=0.03 sys=0.00, real=0.01 secs] 
2014-07-16T09:21:59.323+0000: 1874.386: [GC [PSYoungGen: 873830K->6778K(843776K)] 1072893K->205945K(1244288K), 0.0201270 secs] [Times: user=0.07 sys=0.00, real=0.02 secs] 
2014-07-16T09:22:00.982+0000: 1876.044: [GC [PSYoungGen: 843770K->5106K(809856K)] 1042937K->206335K(1210368K), 0.0061660 secs] [Times: user=0.02 sys=0.00, real=0.01 secs] 
2014-07-16T09:22:02.478+0000: 1877.540: [GC [PSYoungGen: 809842K->6646K(780672K)] 1011071K->208067K(1181184K), 0.0103710 secs] [Times: user=0.03 sys=0.00, real=0.01 secs] 
2014-07-16T09:22:03.927+0000: 1878.989: [GC [PSYoungGen: 780662K->3238K(748032K)] 982083K->208258K(1148544K), 0.0132510 secs] [Times: user=0.05 sys=0.00, real=0.01 secs] 
2014-07-16T09:22:05.448+0000: 1880.511: [GC [PSYoungGen: 748006K->6714K(723584K)] 953026K->211814K(1124096K), 0.0056490 secs] [Times: user=0.02 sys=0.00, real=0.00 secs] 
2014-07-16T09:22:06.806+0000: 1881.868: [GC [PSYoungGen: 723578K->4916K(856768K)] 928678K->212076K(1257280K), 0.0327980 secs] [Times: user=0.11 sys=0.00, real=0.03 secs] 
2014-07-16T09:22:08.455+0000: 1883.517: [GC [PSYoungGen: 856756K->6678K(1017792K)] 1063916K->213934K(1418304K), 0.0107410 secs] [Times: user=0.04 sys=0.00, real=0.02 secs] 
2014-07-16T09:22:10.459+0000: 1885.521: [GC [PSYoungGen: 1017750K->3114K(973632K)] 1225006K->214350K(1374144K), 0.0055520 secs] [Times: user=0.02 sys=0.00, real=0.00 secs] 
2014-07-16T09:22:12.304+0000: 1887.367: [GC [PSYoungGen: 973610K->6792K(1159296K)] 1184846K->218221K(1559808K), 0.0312840 secs] [Times: user=0.10 sys=0.00, real=0.03 secs] 
2014-07-16T09:22:14.440+0000: 1889.502: [GC [PSYoungGen: 1159240K->4896K(1110016K)] 1370669K->218287K(1510528K), 0.0089530 secs] [Times: user=0.01 sys=0.00, real=0.01 secs] 
2014-07-16T09:22:16.613+0000: 1891.676: [GC [PSYoungGen: 1109984K->6746K(1066816K)] 1323375K->220217K(1467328K), 0.0205010 secs] [Times: user=0.07 sys=0.00, real=0.02 secs] 
2014-07-16T09:22:18.581+0000: 1893.643: [GC [PSYoungGen: 1066778K->3056K(1020224K)] 1280249K->220456K(1420736K), 0.0064980 secs] [Times: user=0.02 sys=0.01, real=0.01 secs] 
2014-07-16T09:22:20.614+0000: 1895.677: [GC [PSYoungGen: 1020208K->6956K(1214208K)] 1237608K->224428K(1614720K), 0.0330340 secs] [Times: user=0.13 sys=0.00, real=0.04 secs] 
2014-07-16T09:22:22.961+0000: 1898.024: [GC [PSYoungGen: 1214188K->4586K(1428608K)] 1431660K->224839K(1829120K), 0.0428040 secs] [Times: user=0.14 sys=0.00, real=0.04 secs] 
2014-07-16T09:22:25.769+0000: 1900.832: [GC [PSYoungGen: 1428586K->6956K(1431424K)] 1648839K->227377K(1831936K), 0.0077930 secs] [Times: user=0.02 sys=0.00, real=0.00 secs] 
2014-07-16T09:22:28.497+0000: 1903.559: [GC [PSYoungGen: 1430956K->6582K(1369984K)] 1651377K->227245K(1770496K), 0.0070890 secs] [Times: user=0.02 sys=0.01, real=0.01 secs] 
2014-07-16T09:22:31.188+0000: 1906.250: [GC [PSYoungGen: 1369974K->6788K(1312640K)] 1590637K->227555K(1713152K), 0.0060640 secs] [Times: user=0.02 sys=0.00, real=0.01 secs] 
2014-07-16T09:22:33.643+0000: 1908.706: [GC [PSYoungGen: 1312580K->1442K(1252416K)] 1533347K->228231K(1652928K), 0.0124390 secs] [Times: user=0.05 sys=0.00, real=0.01 secs] 
2014-07-16T09:22:35.954+0000: 1911.017: [GC [PSYoungGen: 1252386K->6978K(1205824K)] 1479175K->233840K(1606336K), 0.0207690 secs] [Times: user=0.07 sys=0.01, real=0.02 secs] 
2014-07-16T09:22:38.275+0000: 1913.337: [GC [PSYoungGen: 1205762K->6532K(1155776K)] 1432624K->233968K(1556288K), 0.0090550 secs] [Times: user=0.03 sys=0.00, real=0.01 secs] 
2014-07-16T09:22:40.623+0000: 1915.686: [GC [PSYoungGen: 1155716K->6788K(1108800K)] 1383152K->234336K(1509312K), 0.0126680 secs] [Times: user=0.05 sys=0.00, real=0.01 secs] 
2014-07-16T09:22:42.694+0000: 1917.756: [GC [PSYoungGen: 1108740K->1724K(1058752K)] 1336288K->234618K(1459264K), 0.0115130 secs] [Times: user=0.04 sys=0.00, real=0.01 secs] 
2014-07-16T09:22:44.654+0000: 1919.717: [GC [PSYoungGen: 1058748K->6978K(1021312K)] 1291642K->239953K(1421824K), 0.0243070 secs] [Times: user=0.08 sys=0.00, real=0.02 secs] 
2014-07-16T09:22:46.625+0000: 1921.687: [GC [PSYoungGen: 1021250K->6254K(979840K)] 1254225K->240157K(1380352K), 0.0121370 secs] [Times: user=0.05 sys=0.00, real=0.01 secs] 
2014-07-16T09:22:48.530+0000: 1923.592: [GC [PSYoungGen: 979822K->6888K(941760K)] 1213725K->240911K(1342272K), 0.0193840 secs] [Times: user=0.07 sys=0.00, real=0.02 secs] 
2014-07-16T09:22:50.458+0000: 1925.521: [GC [PSYoungGen: 941736K->1826K(1112960K)] 1175759K->241048K(1513472K), 0.0404010 secs] [Times: user=0.15 sys=0.00, real=0.04 secs] 
2014-07-16T09:22:52.595+0000: 1927.657: [GC [PSYoungGen: 1112930K->7270K(1328704K)] 1352152K->246605K(1729216K), 0.0299480 secs] [Times: user=0.11 sys=0.00, real=0.03 secs] 
2014-07-16T09:22:55.049+0000: 1930.111: [GC [PSYoungGen: 1328678K->5758K(1577344K)] 1568013K->246749K(1977856K), 0.0298700 secs] [Times: user=0.10 sys=0.00, real=0.03 secs] 
2014-07-16T09:22:58.059+0000: 1933.121: [GC [PSYoungGen: 1577342K->6646K(1672000K)] 1818333K->247757K(2072512K), 0.0249220 secs] [Times: user=0.10 sys=0.00, real=0.03 secs] 
2014-07-16T09:23:01.304+0000: 1936.367: [GC [PSYoungGen: 1671030K->6774K(1598784K)] 1912141K->248013K(1999296K), 0.0053710 secs] [Times: user=0.01 sys=0.00, real=0.00 secs] 
2014-07-16T09:23:04.337+0000: 1939.399: [GC [PSYoungGen: 1598774K->6692K(1529920K)] 1840013K->248227K(1930432K), 0.0287550 secs] [Times: user=0.10 sys=0.01, real=0.03 secs] 
2014-07-16T09:23:07.266+0000: 1942.329: [GC [PSYoungGen: 1529892K->1770K(1459520K)] 1771427K->248789K(1860032K), 0.0239280 secs] [Times: user=0.09 sys=0.00, real=0.02 secs] 
2014-07-16T09:23:10.030+0000: 1945.092: [GC [PSYoungGen: 1459498K->7188K(1402752K)] 1706517K->254330K(1803264K), 0.0116050 secs] [Times: user=0.03 sys=0.01, real=0.01 secs] 
2014-07-16T09:23:12.803+0000: 1947.866: [GC [PSYoungGen: 1402708K->6386K(1342720K)] 1649850K->254360K(1743232K), 0.0051640 secs] [Times: user=0.02 sys=0.00, real=0.01 secs] 
2014-07-16T09:23:15.280+0000: 1950.342: [GC [PSYoungGen: 1342706K->6646K(1286656K)] 1590680K->254844K(1687168K), 0.0163230 secs] [Times: user=0.05 sys=0.01, real=0.02 secs] 
2014-07-16T09:23:17.773+0000: 1952.835: [GC [PSYoungGen: 1286646K->2358K(1228800K)] 1534844K->255294K(1629312K), 0.0208070 secs] [Times: user=0.07 sys=0.00, real=0.02 secs] 
2014-07-16T09:23:20.156+0000: 1955.219: [GC [PSYoungGen: 1228790K->7106K(1182656K)] 1481726K->260115K(1583168K), 0.0342580 secs] [Times: user=0.12 sys=0.00, real=0.03 secs] 
2014-07-16T09:23:22.553+0000: 1957.616: [GC [PSYoungGen: 1182504K->5874K(1132864K)] 1435512K->260405K(1533376K), 0.0148660 secs] [Times: user=0.05 sys=0.01, real=0.02 secs] 
2014-07-16T09:23:24.619+0000: 1959.682: [GC [PSYoungGen: 1132850K->6664K(1345472K)] 1387381K->261435K(1745984K), 0.0374070 secs] [Times: user=0.13 sys=0.00, real=0.03 secs] 
2014-07-16T09:23:27.189+0000: 1962.251: [GC [PSYoungGen: 1345416K->2928K(1285248K)] 1600187K->261837K(1685760K), 0.0160240 secs] [Times: user=0.04 sys=0.00, real=0.01 secs] 
2014-07-16T09:23:29.682+0000: 1964.745: [GC [PSYoungGen: 1285219K->7106K(1235776K)] 1544128K->266111K(1636288K), 0.0177460 secs] [Times: user=0.06 sys=0.00, real=0.02 secs] 
2014-07-16T09:23:32.203+0000: 1967.265: [GC [PSYoungGen: 1235714K->5280K(1182848K)] 1494719K->266283K(1583360K), 0.0094560 secs] [Times: user=0.02 sys=0.00, real=0.01 secs] 
2014-07-16T09:23:34.437+0000: 1969.500: [GC [PSYoungGen: 1182816K->6746K(1135744K)] 1443819K->267990K(1536256K), 0.0262060 secs] [Times: user=0.09 sys=0.00, real=0.03 secs] 
2014-07-16T09:23:36.630+0000: 1971.693: [GC [PSYoungGen: 1135706K->3298K(1086080K)] 1396950K->268316K(1486592K), 0.0158510 secs] [Times: user=0.05 sys=0.00, real=0.01 secs] 
2014-07-16T09:23:38.641+0000: 1973.704: [GC [PSYoungGen: 1086050K->6782K(1045568K)] 1351068K->271896K(1446080K), 0.0076680 secs] [Times: user=0.01 sys=0.01, real=0.00 secs] 
2014-07-16T09:23:40.544+0000: 1975.607: [GC [PSYoungGen: 1045566K->5152K(1002112K)] 1310680K->272078K(1402624K), 0.0163990 secs] [Times: user=0.06 sys=0.00, real=0.02 secs] 
2014-07-16T09:23:42.513+0000: 1977.576: [GC [PSYoungGen: 1002080K->6980K(964096K)] 1269006K->274090K(1364608K), 0.0138260 secs] [Times: user=0.04 sys=0.01, real=0.01 secs] 
2014-07-16T09:23:44.361+0000: 1979.423: [GC [PSYoungGen: 964036K->2942K(1138944K)] 1231146K->274055K(1539456K), 0.0308990 secs] [Times: user=0.11 sys=0.01, real=0.03 secs] 
2014-07-16T09:23:46.654+0000: 1981.716: [GC [PSYoungGen: 1138942K->7024K(1357632K)] 1410055K->278218K(1758144K), 0.0389980 secs] [Times: user=0.14 sys=0.01, real=0.04 secs] 
2014-07-16T09:23:49.228+0000: 1984.290: [GC [PSYoungGen: 1357616K->5052K(1608832K)] 1628810K->278428K(2009344K), 0.0149520 secs] [Times: user=0.05 sys=0.00, real=0.02 secs] 
2014-07-16T09:23:52.367+0000: 1987.429: [GC [PSYoungGen: 1608828K->6966K(1541376K)] 1882204K->280502K(1941888K), 0.0143380 secs] [Times: user=0.05 sys=0.01, real=0.02 secs] 
2014-07-16T09:23:55.313+0000: 1990.376: [GC [PSYoungGen: 1541294K->2978K(1471424K)] 1814829K->280840K(1871936K), 0.0193830 secs] [Times: user=0.08 sys=0.00, real=0.02 secs] 
2014-07-16T09:23:58.090+0000: 1993.153: [GC [PSYoungGen: 1471394K->7110K(1412800K)] 1749256K->285100K(1813312K), 0.0247750 secs] [Times: user=0.08 sys=0.00, real=0.03 secs] 
2014-07-16T09:24:00.695+0000: 1995.757: [GC [PSYoungGen: 1412742K->4974K(1350912K)] 1690732K->285214K(1751424K), 0.0060040 secs] [Times: user=0.02 sys=0.00, real=0.00 secs] 
2014-07-16T09:24:03.336+0000: 1998.398: [GC [PSYoungGen: 1350894K->6878K(1296064K)] 1631134K->287302K(1696576K), 0.0192850 secs] [Times: user=0.06 sys=0.00, real=0.02 secs] 
2014-07-16T09:24:05.770+0000: 2000.833: [GC [PSYoungGen: 1296030K->3242K(1238400K)] 1576454K->287476K(1638912K), 0.0159900 secs] [Times: user=0.06 sys=0.00, real=0.02 secs] 
2014-07-16T09:24:08.133+0000: 2003.196: [GC [PSYoungGen: 1238378K->6728K(1190528K)] 1522612K->291043K(1591040K), 0.0148010 secs] [Times: user=0.05 sys=0.00, real=0.02 secs] 
2014-07-16T09:24:10.297+0000: 2005.359: [GC [PSYoungGen: 1190472K->4966K(1139840K)] 1474787K->291389K(1540352K), 0.0194260 secs] [Times: user=0.07 sys=0.00, real=0.02 secs] 
2014-07-16T09:24:12.486+0000: 2007.549: [GC [PSYoungGen: 1139814K->6728K(1095104K)] 1426237K->293287K(1495616K), 0.0053470 secs] [Times: user=0.02 sys=0.00, real=0.00 secs] 
2014-07-16T09:24:14.551+0000: 2009.613: [GC [PSYoungGen: 1095048K->3246K(1047296K)] 1381607K->293641K(1447808K), 0.0113890 secs] [Times: user=0.05 sys=0.00, real=0.01 secs] 
2014-07-16T09:24:16.477+0000: 2011.540: [GC [PSYoungGen: 1047278K->6696K(1008640K)] 1337673K->297204K(1409152K), 0.0345640 secs] [Times: user=0.11 sys=0.00, real=0.03 secs] 
2014-07-16T09:24:18.402+0000: 2013.465: [GC [PSYoungGen: 1008616K->5034K(966848K)] 1299124K->297300K(1367360K), 0.0085230 secs] [Times: user=0.02 sys=0.00, real=0.01 secs] 
2014-07-16T09:24:20.200+0000: 2015.262: [GC [PSYoungGen: 966826K->6842K(930432K)] 1259092K->299196K(1330944K), 0.0085390 secs] [Times: user=0.03 sys=0.00, real=0.01 secs] 
2014-07-16T09:24:21.907+0000: 2016.970: [GC [PSYoungGen: 930426K->2992K(1099456K)] 1222780K->299342K(1499968K), 0.0315120 secs] [Times: user=0.13 sys=0.00, real=0.03 secs] 
2014-07-16T09:24:24.101+0000: 2019.163: [GC [PSYoungGen: 1099440K->6928K(1058752K)] 1395790K->303374K(1459264K), 0.0094790 secs] [Times: user=0.02 sys=0.00, real=0.01 secs] 
2014-07-16T09:24:26.112+0000: 2021.175: [GC [PSYoungGen: 1058704K->4914K(1253632K)] 1355150K->303436K(1654144K), 0.0289590 secs] [Times: user=0.09 sys=0.00, real=0.03 secs] 
2014-07-16T09:24:28.553+0000: 2023.616: [GC [PSYoungGen: 1253605K->6646K(1490240K)] 1552128K->305256K(1890752K), 0.0315410 secs] [Times: user=0.11 sys=0.00, real=0.03 secs] 
2014-07-16T09:24:31.356+0000: 2026.419: [GC [PSYoungGen: 1490230K->3188K(1423296K)] 1788840K->305725K(1823808K), 0.0063180 secs] [Times: user=0.02 sys=0.00, real=0.01 secs] 
2014-07-16T09:24:34.163+0000: 2029.225: [GC [PSYoungGen: 1423284K->6960K(1366656K)] 1725821K->309674K(1767168K), 0.0289820 secs] [Times: user=0.11 sys=0.00, real=0.03 secs] 
2014-07-16T09:24:36.733+0000: 2031.796: [GC [PSYoungGen: 1366640K->4600K(1306816K)] 1669354K->309946K(1707328K), 0.0271730 secs] [Times: user=0.10 sys=0.00, real=0.03 secs] 
2014-07-16T09:24:39.315+0000: 2034.377: [GC [PSYoungGen: 1306808K->6810K(1552576K)] 1612154K->312326K(1953088K), 0.0273920 secs] [Times: user=0.09 sys=0.00, real=0.03 secs] 
2014-07-16T09:24:42.263+0000: 2037.325: [GC [PSYoungGen: 1552538K->3448K(1787776K)] 1858054K->312794K(2188288K), 0.0351370 secs] [Times: user=0.13 sys=0.00, real=0.03 secs] 
2014-07-16T09:24:45.759+0000: 2040.822: [GC [PSYoungGen: 1787768K->7006K(1713088K)] 2097114K->316521K(2113600K), 0.0205200 secs] [Times: user=0.08 sys=0.00, real=0.02 secs] 
2014-07-16T09:24:48.998+0000: 2044.060: [GC [PSYoungGen: 1713054K->488K(1632128K)] 2022569K->317128K(2032640K), 0.0085860 secs] [Times: user=0.02 sys=0.00, real=0.01 secs] 
2014-07-16T09:24:52.060+0000: 2047.123: [GC [PSYoungGen: 1632104K->7562K(1568448K)] 1948744K->324250K(1968960K), 0.0244600 secs] [Times: user=0.08 sys=0.00, real=0.02 secs] 
2014-07-16T09:24:55.107+0000: 2050.170: [GC [PSYoungGen: 1568394K->6678K(1500288K)] 1885082K->324322K(1900800K), 0.0052180 secs] [Times: user=0.02 sys=0.00, real=0.01 secs] 
2014-07-16T09:24:57.989+0000: 2053.051: [GC [PSYoungGen: 1500246K->6564K(1436160K)] 1817890K->324368K(1836672K), 0.0065380 secs] [Times: user=0.02 sys=0.01, real=0.01 secs] 
2014-07-16T09:25:00.649+0000: 2055.712: [GC [PSYoungGen: 1436132K->2362K(1371072K)] 1753936K->324851K(1771584K), 0.0092290 secs] [Times: user=0.03 sys=0.01, real=0.01 secs] 
2014-07-16T09:25:03.414+0000: 2058.476: [GC [PSYoungGen: 1371066K->7174K(1318080K)] 1693555K->329783K(1718592K), 0.0213750 secs] [Times: user=0.08 sys=0.01, real=0.02 secs] 
2014-07-16T09:25:06.019+0000: 2061.081: [GC [PSYoungGen: 1318022K->5948K(1261760K)] 1640631K->330005K(1662272K), 0.0174670 secs] [Times: user=0.06 sys=0.00, real=0.02 secs] 
2014-07-16T09:25:08.477+0000: 2063.540: [GC [PSYoungGen: 1261756K->6646K(1210112K)] 1585813K->330823K(1610624K), 0.0103790 secs] [Times: user=0.03 sys=0.00, real=0.01 secs] 
2014-07-16T09:25:10.743+0000: 2065.805: [GC [PSYoungGen: 1210102K->3056K(1156672K)] 1534279K->331217K(1557184K), 0.0197820 secs] [Times: user=0.07 sys=0.00, real=0.02 secs] 
2014-07-16T09:25:13.033+0000: 2068.096: [GC [PSYoungGen: 1156656K->7270K(1113472K)] 1484817K->335592K(1513984K), 0.0251060 secs] [Times: user=0.09 sys=0.00, real=0.02 secs] 
2014-07-16T09:25:15.077+0000: 2070.140: [GC [PSYoungGen: 1113446K->5158K(1066240K)] 1441768K->335540K(1466752K), 0.0144360 secs] [Times: user=0.06 sys=0.00, real=0.01 secs] 
2014-07-16T09:25:17.185+0000: 2072.248: [GC [PSYoungGen: 1066214K->6832K(1024960K)] 1396596K->337318K(1425472K), 0.0067940 secs] [Times: user=0.02 sys=0.01, real=0.00 secs] 
2014-07-16T09:25:19.145+0000: 2074.208: [GC [PSYoungGen: 1024919K->3516K(980736K)] 1355405K->337394K(1381248K), 0.0334060 secs] [Times: user=0.12 sys=0.00, real=0.03 secs] 
2014-07-16T09:25:20.960+0000: 2076.023: [GC [PSYoungGen: 980732K->6874K(945216K)] 1314610K->340880K(1345728K), 0.0151810 secs] [Times: user=0.05 sys=0.00, real=0.02 secs] 
2014-07-16T09:25:22.744+0000: 2077.806: [GC [PSYoungGen: 945178K->4978K(906240K)] 1279184K->341020K(1306752K), 0.0202590 secs] [Times: user=0.07 sys=0.00, real=0.02 secs] 
2014-07-16T09:25:24.483+0000: 2079.545: [GC [PSYoungGen: 906226K->6632K(872640K)] 1242268K->342826K(1273152K), 0.0062410 secs] [Times: user=0.02 sys=0.00, real=0.01 secs] 
2014-07-16T09:25:26.179+0000: 2081.242: [GC [PSYoungGen: 872616K->3630K(836032K)] 1208810K->342992K(1236544K), 0.0239530 secs] [Times: user=0.08 sys=0.00, real=0.02 secs] 
2014-07-16T09:25:27.797+0000: 2082.860: [GC [PSYoungGen: 836014K->6960K(995584K)] 1175376K->346443K(1396096K), 0.0205660 secs] [Times: user=0.07 sys=0.00, real=0.02 secs] 
2014-07-16T09:25:29.697+0000: 2084.760: [GC [PSYoungGen: 995568K->4518K(1180544K)] 1335051K->346693K(1581056K), 0.0341650 secs] [Times: user=0.12 sys=0.00, real=0.03 secs] 
2014-07-16T09:25:31.876+0000: 2086.938: [GC [PSYoungGen: 1180480K->6810K(1405632K)] 1522654K->349121K(1806144K), 0.0259390 secs] [Times: user=0.09 sys=0.00, real=0.02 secs] 
2014-07-16T09:25:34.578+0000: 2089.641: [GC [PSYoungGen: 1405594K->3752K(1664192K)] 1747905K->349551K(2064704K), 0.0070830 secs] [Times: user=0.02 sys=0.00, real=0.00 secs] 
2014-07-16T09:25:37.786+0000: 2092.848: [GC [PSYoungGen: 1664168K->6742K(1595008K)] 2009967K->352669K(1995520K), 0.0059110 secs] [Times: user=0.01 sys=0.00, real=0.01 secs] 
2014-07-16T09:25:40.802+0000: 2095.865: [GC [PSYoungGen: 1594966K->4576K(1524224K)] 1940893K->353039K(1924736K), 0.0386250 secs] [Times: user=0.15 sys=0.00, real=0.04 secs] 
2014-07-16T09:25:43.757+0000: 2098.819: [GC [PSYoungGen: 1524192K->7174K(1461568K)] 1872655K->355813K(1862080K), 0.0213320 secs] [Times: user=0.08 sys=0.00, real=0.03 secs] 
2014-07-16T09:25:46.489+0000: 2101.552: [GC [PSYoungGen: 1461510K->3324K(1395584K)] 1810149K->355731K(1796096K), 0.0077220 secs] [Times: user=0.02 sys=0.00, real=0.00 secs] 
2014-07-16T09:25:49.358+0000: 2104.420: [GC [PSYoungGen: 1395580K->6974K(1340224K)] 1747987K->359478K(1740736K), 0.0190720 secs] [Times: user=0.07 sys=0.00, real=0.02 secs] 
2014-07-16T09:25:51.855+0000: 2106.917: [GC [PSYoungGen: 1340222K->4838K(1281984K)] 1692726K->359666K(1682496K), 0.0265770 secs] [Times: user=0.10 sys=0.00, real=0.03 secs] 
2014-07-16T09:25:54.376+0000: 2109.439: [GC [PSYoungGen: 1281918K->6932K(1230656K)] 1636745K->361952K(1631168K), 0.0105580 secs] [Times: user=0.02 sys=0.01, real=0.01 secs] 
2014-07-16T09:25:56.763+0000: 2111.825: [GC [PSYoungGen: 1230541K->3302K(1176192K)] 1585561K->362141K(1576704K), 0.0265130 secs] [Times: user=0.10 sys=0.00, real=0.02 secs] 
2014-07-16T09:25:59.186+0000: 2114.249: [GC [PSYoungGen: 1176166K->7074K(1131584K)] 1535005K->366010K(1532096K), 0.0235840 secs] [Times: user=0.09 sys=0.00, real=0.03 secs] 
2014-07-16T09:26:01.303+0000: 2116.366: [GC [PSYoungGen: 1131554K->4600K(1083072K)] 1490490K->366287K(1483584K), 0.0122190 secs] [Times: user=0.05 sys=0.00, real=0.01 secs] 
2014-07-16T09:26:03.282+0000: 2118.344: [GC [PSYoungGen: 1083064K->6974K(1041664K)] 1444751K->368869K(1442176K), 0.0135310 secs] [Times: user=0.05 sys=0.00, real=0.01 secs] 
2014-07-16T09:26:05.301+0000: 2120.363: [GC [PSYoungGen: 1041662K->3556K(996608K)] 1403557K->369178K(1397120K), 0.0259750 secs] [Times: user=0.09 sys=0.00, real=0.03 secs] 
2014-07-16T09:26:07.155+0000: 2122.217: [GC [PSYoungGen: 996580K->6814K(1187072K)] 1362202K->372540K(1587584K), 0.0326540 secs] [Times: user=0.12 sys=0.00, real=0.03 secs] 
2014-07-16T09:26:09.496+0000: 2124.559: [GC [PSYoungGen: 1187038K->4714K(1136256K)] 1552764K->372854K(1536768K), 0.0061660 secs] [Times: user=0.02 sys=0.01, real=0.01 secs] 
2014-07-16T09:26:11.641+0000: 2126.704: [GC [PSYoungGen: 1136234K->6742K(1352256K)] 1504374K->375058K(1752768K), 0.0435080 secs] [Times: user=0.16 sys=0.00, real=0.05 secs] 
2014-07-16T09:26:14.248+0000: 2129.310: [GC [PSYoungGen: 1352214K->3616K(1601472K)] 1720530K->375300K(2001984K), 0.0144960 secs] [Times: user=0.04 sys=0.00, real=0.01 secs] 
2014-07-16T09:26:17.252+0000: 2132.315: [GC [PSYoungGen: 1601440K->6892K(1535616K)] 1973124K->378738K(1936128K), 0.0192660 secs] [Times: user=0.07 sys=0.00, real=0.02 secs] 
2014-07-16T09:26:20.231+0000: 2135.294: [GC [PSYoungGen: 1535596K->4460K(1467456K)] 1907442K->379144K(1867968K), 0.0275500 secs] [Times: user=0.10 sys=0.01, real=0.03 secs] 
2014-07-16T09:26:22.999+0000: 2138.062: [GC [PSYoungGen: 1467436K->6778K(1407296K)] 1842120K->381631K(1807808K), 0.0191110 secs] [Times: user=0.07 sys=0.00, real=0.02 secs] 
2014-07-16T09:26:25.664+0000: 2140.726: [GC [PSYoungGen: 1407290K->3880K(1344960K)] 1782143K->381909K(1745472K), 0.0067780 secs] [Times: user=0.02 sys=0.00, real=0.01 secs] 
2014-07-16T09:26:28.173+0000: 2143.236: [GC [PSYoungGen: 1344908K->6664K(1291264K)] 1722936K->384797K(1691776K), 0.0278690 secs] [Times: user=0.11 sys=0.00, real=0.03 secs] 
2014-07-16T09:26:30.676+0000: 2145.738: [GC [PSYoungGen: 1291195K->4414K(1235200K)] 1669328K->385378K(1635712K), 0.0296980 secs] [Times: user=0.11 sys=0.00, real=0.03 secs] 
2014-07-16T09:26:33.082+0000: 2148.145: [GC [PSYoungGen: 1235198K->6760K(1186432K)] 1616162K->387974K(1586944K), 0.0154550 secs] [Times: user=0.06 sys=0.00, real=0.02 secs] 
2014-07-16T09:26:35.440+0000: 2150.503: [GC [PSYoungGen: 1186408K->3940K(1134912K)] 1567622K->388168K(1535424K), 0.0104040 secs] [Times: user=0.02 sys=0.00, real=0.01 secs] 
2014-07-16T09:26:37.558+0000: 2152.620: [GC [PSYoungGen: 1134884K->6842K(1091456K)] 1519112K->391174K(1491968K), 0.0078010 secs] [Times: user=0.03 sys=0.00, real=0.01 secs] 
2014-07-16T09:26:39.670+0000: 2154.733: [GC [PSYoungGen: 1091450K->4196K(1044736K)] 1475782K->391353K(1445248K), 0.0152330 secs] [Times: user=0.05 sys=0.00, real=0.01 secs] 
2014-07-16T09:26:41.755+0000: 2156.817: [GC [PSYoungGen: 1044708K->6874K(1242432K)] 1431865K->394151K(1642944K), 0.0427740 secs] [Times: user=0.16 sys=0.00, real=0.05 secs] 
2014-07-16T09:26:44.116+0000: 2159.179: [GC [PSYoungGen: 1242394K->3756K(1187904K)] 1629671K->394415K(1588416K), 0.0117710 secs] [Times: user=0.04 sys=0.00, real=0.02 secs] 
2014-07-16T09:26:46.420+0000: 2161.482: [GC [PSYoungGen: 1187884K->6796K(1142080K)] 1578543K->397560K(1542592K), 0.0181880 secs] [Times: user=0.07 sys=0.00, real=0.02 secs] 
2014-07-16T09:26:48.560+0000: 2163.623: [GC [PSYoungGen: 1142028K->4264K(1352448K)] 1532792K->397869K(1752960K), 0.0323540 secs] [Times: user=0.12 sys=0.01, real=0.03 secs] 
2014-07-16T09:26:51.336+0000: 2166.398: [GC [PSYoungGen: 1352424K->6906K(1607744K)] 1746029K->400575K(2008256K), 0.0270360 secs] [Times: user=0.09 sys=0.00, real=0.03 secs] 
2014-07-16T09:26:54.421+0000: 2169.483: [GC [PSYoungGen: 1607738K->3680K(1535296K)] 2001407K->400963K(1935808K), 0.0157730 secs] [Times: user=0.04 sys=0.00, real=0.01 secs] 
2014-07-16T09:26:54.437+0000: 2169.499: [Full GC [PSYoungGen: 3680K->0K(1535296K)] [ParOldGen: 397283K->163555K(416448K)] 400963K->163555K(1951744K) [PSPermGen: 11233K->11233K(23616K)], 0.2509700 secs] [Times: user=0.92 sys=0.00, real=0.25 secs] 
2014-07-16T09:26:57.689+0000: 2172.752: [GC [PSYoungGen: 1531503K->7470K(1473152K)] 1695058K->171150K(1889600K), 0.0131030 secs] [Times: user=0.03 sys=0.00, real=0.01 secs] 
2014-07-16T09:27:00.651+0000: 2175.713: [GC [PSYoungGen: 1473134K->3822K(1406848K)] 1636814K->171535K(1823296K), 0.0158610 secs] [Times: user=0.05 sys=0.00, real=0.01 secs] 
2014-07-16T09:27:03.411+0000: 2178.474: [GC [PSYoungGen: 1406830K->7070K(1350464K)] 1574543K->175081K(1766912K), 0.0052370 secs] [Times: user=0.02 sys=0.00, real=0.00 secs] 
2014-07-16T09:27:05.984+0000: 2181.047: [GC [PSYoungGen: 1350430K->4838K(1291520K)] 1518441K->175053K(1707968K), 0.0324540 secs] [Times: user=0.12 sys=0.00, real=0.03 secs] 
2014-07-16T09:27:08.406+0000: 2183.469: [GC [PSYoungGen: 1291494K->6746K(1239488K)] 1461709K->177097K(1655936K), 0.0131940 secs] [Times: user=0.04 sys=0.00, real=0.01 secs] 
2014-07-16T09:27:10.816+0000: 2185.879: [GC [PSYoungGen: 1239450K->4008K(1185408K)] 1409801K->177365K(1601856K), 0.0073200 secs] [Times: user=0.02 sys=0.00, real=0.01 secs] 
2014-07-16T09:27:13.125+0000: 2188.188: [GC [PSYoungGen: 1185384K->6824K(1139392K)] 1358741K->180373K(1555840K), 0.0215310 secs] [Times: user=0.09 sys=0.00, real=0.02 secs] 
2014-07-16T09:27:15.409+0000: 2190.471: [GC [PSYoungGen: 1139368K->4642K(1348992K)] 1312917K->180567K(1765440K), 0.0433050 secs] [Times: user=0.16 sys=0.00, real=0.05 secs] 
2014-07-16T09:27:17.968+0000: 2193.030: [GC [PSYoungGen: 1348962K->6764K(1294336K)] 1524887K->182842K(1710784K), 0.0117820 secs] [Times: user=0.05 sys=0.00, real=0.01 secs] 
2014-07-16T09:27:20.515+0000: 2195.577: [GC [PSYoungGen: 1294316K->3944K(1237504K)] 1470394K->183282K(1653952K), 0.0057550 secs] [Times: user=0.02 sys=0.00, real=0.00 secs] 
2014-07-16T09:27:22.885+0000: 2197.947: [GC [PSYoungGen: 1237480K->6828K(1188992K)] 1416818K->186334K(1605440K), 0.0132630 secs] [Times: user=0.04 sys=0.00, real=0.01 secs] 
2014-07-16T09:27:25.089+0000: 2200.151: [GC [PSYoungGen: 1188972K->4604K(1137856K)] 1368478K->186658K(1554304K), 0.0202960 secs] [Times: user=0.07 sys=0.01, real=0.02 secs] 
2014-07-16T09:27:27.232+0000: 2202.295: [GC [PSYoungGen: 1137852K->6682K(1093504K)] 1319906K->188825K(1509952K), 0.0133610 secs] [Times: user=0.04 sys=0.00, real=0.02 secs] 
2014-07-16T09:27:29.298+0000: 2204.360: [GC [PSYoungGen: 1093466K->3940K(1046528K)] 1275609K->189240K(1462976K), 0.0117590 secs] [Times: user=0.04 sys=0.00, real=0.01 secs] 
2014-07-16T09:27:31.344+0000: 2206.407: [GC [PSYoungGen: 1046500K->6974K(1007424K)] 1231800K->192410K(1423872K), 0.0185650 secs] [Times: user=0.07 sys=0.00, real=0.01 secs] 
2014-07-16T09:27:33.232+0000: 2208.295: [GC [PSYoungGen: 1007422K->4344K(964736K)] 1192858K->192541K(1381184K), 0.0220590 secs] [Times: user=0.08 sys=0.00, real=0.02 secs] 
2014-07-16T09:27:35.045+0000: 2210.107: [GC [PSYoungGen: 964728K->6728K(929024K)] 1152925K->195053K(1345472K), 0.0208490 secs] [Times: user=0.07 sys=0.00, real=0.03 secs] 
2014-07-16T09:27:36.852+0000: 2211.914: [GC [PSYoungGen: 928968K->4030K(889920K)] 1117293K->195397K(1306368K), 0.0136280 secs] [Times: user=0.06 sys=0.00, real=0.02 secs] 
2014-07-16T09:27:38.514+0000: 2213.577: [GC [PSYoungGen: 889918K->6714K(857984K)] 1081285K->198185K(1274432K), 0.0075550 secs] [Times: user=0.02 sys=0.00, real=0.01 secs] 
2014-07-16T09:27:40.136+0000: 2215.199: [GC [PSYoungGen: 857978K->4388K(822720K)] 1049449K->198433K(1239168K), 0.0091830 secs] [Times: user=0.03 sys=0.00, real=0.00 secs] 
2014-07-16T09:27:41.845+0000: 2216.907: [GC [PSYoungGen: 822692K->6778K(793664K)] 1016737K->200968K(1210112K), 0.0137540 secs] [Times: user=0.05 sys=0.00, real=0.02 secs] 
2014-07-16T09:27:43.413+0000: 2218.475: [GC [PSYoungGen: 793658K->3816K(760832K)] 987848K->201321K(1177280K), 0.0077650 secs] [Times: user=0.02 sys=0.00, real=0.01 secs] 
2014-07-16T09:27:44.818+0000: 2219.880: [GC [PSYoungGen: 760797K->6682K(735232K)] 958301K->204283K(1151680K), 0.0071610 secs] [Times: user=0.02 sys=0.00, real=0.00 secs] 
2014-07-16T09:27:46.299+0000: 2221.362: [GC [PSYoungGen: 735194K->4458K(705792K)] 932795K->204563K(1122240K), 0.0123070 secs] [Times: user=0.04 sys=0.00, real=0.01 secs] 
2014-07-16T09:27:47.620+0000: 2222.683: [GC [PSYoungGen: 705770K->6696K(682112K)] 905875K->206897K(1098560K), 0.0149050 secs] [Times: user=0.05 sys=0.01, real=0.01 secs] 
2014-07-16T09:27:48.872+0000: 2223.935: [GC [PSYoungGen: 682088K->3688K(654400K)] 882289K->206959K(1070848K), 0.0097560 secs] [Times: user=0.04 sys=0.00, real=0.01 secs] 
2014-07-16T09:27:50.120+0000: 2225.182: [GC [PSYoungGen: 654376K->6732K(779328K)] 857647K->210043K(1195776K), 0.0209480 secs] [Times: user=0.07 sys=0.00, real=0.02 secs] 
2014-07-16T09:27:51.669+0000: 2226.731: [GC [PSYoungGen: 779276K->4404K(921536K)] 982587K->210432K(1337984K), 0.0146070 secs] [Times: user=0.05 sys=0.00, real=0.01 secs] 
2014-07-16T09:27:53.507+0000: 2228.569: [GC [PSYoungGen: 921524K->6946K(888000K)] 1127552K->213142K(1304448K), 0.0080640 secs] [Times: user=0.01 sys=0.00, real=0.01 secs] 
2014-07-16T09:27:55.164+0000: 2230.227: [GC [PSYoungGen: 887970K->3492K(850176K)] 1094166K->213068K(1266624K), 0.0161340 secs] [Times: user=0.07 sys=0.00, real=0.02 secs] 
2014-07-16T09:27:56.770+0000: 2231.833: [GC [PSYoungGen: 850148K->6750K(820672K)] 1059724K->216407K(1237120K), 0.0055390 secs] [Times: user=0.02 sys=0.00, real=0.00 secs] 
2014-07-16T09:27:58.317+0000: 2233.380: [GC [PSYoungGen: 820594K->4476K(787200K)] 1030251K->216563K(1203648K), 0.0066330 secs] [Times: user=0.02 sys=0.00, real=0.01 secs] 
2014-07-16T09:27:59.822+0000: 2234.884: [GC [PSYoungGen: 787196K->6614K(759680K)] 999283K->218773K(1176128K), 0.0139270 secs] [Times: user=0.05 sys=0.01, real=0.01 secs] 
2014-07-16T09:28:01.364+0000: 2236.427: [GC [PSYoungGen: 759638K->3516K(728192K)] 971797K->219303K(1144640K), 0.0120260 secs] [Times: user=0.05 sys=0.01, real=0.01 secs] 
2014-07-16T09:28:02.768+0000: 2237.830: [GC [PSYoungGen: 728188K->6878K(869056K)] 943975K->222817K(1285504K), 0.0403910 secs] [Times: user=0.14 sys=0.01, real=0.04 secs] 
2014-07-16T09:28:04.458+0000: 2239.521: [GC [PSYoungGen: 869022K->4320K(1029248K)] 1084961K->222885K(1445696K), 0.0130530 secs] [Times: user=0.03 sys=0.00, real=0.02 secs] 
2014-07-16T09:28:06.408+0000: 2241.470: [GC [PSYoungGen: 1029216K->6796K(1223232K)] 1247781K->225498K(1639680K), 0.0094590 secs] [Times: user=0.04 sys=0.00, real=0.01 secs] 
2014-07-16T09:28:08.657+0000: 2243.719: [GC [PSYoungGen: 1223180K->3452K(1448768K)] 1441882K->225572K(1865216K), 0.0324100 secs] [Times: user=0.11 sys=0.00, real=0.03 secs] 
2014-07-16T09:28:11.487+0000: 2246.549: [GC [PSYoungGen: 1448764K->7006K(1390656K)] 1670884K->229174K(1807104K), 0.0133160 secs] [Times: user=0.05 sys=0.00, real=0.01 secs] 
2014-07-16T09:28:14.182+0000: 2249.244: [GC [PSYoungGen: 1390622K->4016K(1328960K)] 1612790K->229539K(1745408K), 0.0167910 secs] [Times: user=0.06 sys=0.00, real=0.01 secs] 
2014-07-16T09:28:16.660+0000: 2251.722: [GC [PSYoungGen: 1328944K->6696K(1275840K)] 1554467K->232379K(1692288K), 0.0050010 secs] [Times: user=0.01 sys=0.00, real=0.01 secs] 
2014-07-16T09:28:19.001+0000: 2254.063: [GC [PSYoungGen: 1275816K->4140K(1220160K)] 1501499K->232696K(1636608K), 0.0169560 secs] [Times: user=0.06 sys=0.00, real=0.02 secs] 
2014-07-16T09:28:21.439+0000: 2256.501: [GC [PSYoungGen: 1220140K->7084K(1172608K)] 1448696K->235744K(1589056K), 0.0163140 secs] [Times: user=0.04 sys=0.00, real=0.02 secs] 
2014-07-16T09:28:23.755+0000: 2258.817: [GC [PSYoungGen: 1172550K->3638K(1121088K)] 1401209K->235822K(1537536K), 0.0101040 secs] [Times: user=0.04 sys=0.01, real=0.01 secs] 
2014-07-16T09:28:25.919+0000: 2260.982: [GC [PSYoungGen: 1121078K->6696K(1078400K)] 1353262K->239024K(1494848K), 0.0057810 secs] [Times: user=0.02 sys=0.00, real=0.01 secs] 
2014-07-16T09:28:27.946+0000: 2263.009: [GC [PSYoungGen: 1078376K->4536K(1032704K)] 1310704K->239344K(1449152K), 0.0108930 secs] [Times: user=0.04 sys=0.00, real=0.01 secs] 
2014-07-16T09:28:29.819+0000: 2264.881: [GC [PSYoungGen: 1032696K->6664K(993472K)] 1267504K->241560K(1409920K), 0.0136660 secs] [Times: user=0.05 sys=0.00, real=0.01 secs] 
2014-07-16T09:28:31.820+0000: 2266.882: [GC [PSYoungGen: 993416K->3630K(950976K)] 1228312K->241970K(1367424K), 0.0171050 secs] [Times: user=0.07 sys=0.00, real=0.02 secs] 
2014-07-16T09:28:33.720+0000: 2268.783: [GC [PSYoungGen: 950958K->6888K(1131904K)] 1189298K->245420K(1548352K), 0.0416250 secs] [Times: user=0.15 sys=0.00, real=0.04 secs] 
2014-07-16T09:28:35.940+0000: 2271.003: [GC [PSYoungGen: 1131865K->4340K(1083264K)] 1370397K->245902K(1499712K), 0.0129640 secs] [Times: user=0.05 sys=0.00, real=0.01 secs] 
2014-07-16T09:28:38.047+0000: 2273.109: [GC [PSYoungGen: 1083252K->6874K(1041984K)] 1324814K->248557K(1458432K), 0.0134240 secs] [Times: user=0.03 sys=0.00, real=0.01 secs] 
2014-07-16T09:28:39.961+0000: 2275.023: [GC [PSYoungGen: 1041946K->3876K(1234176K)] 1283629K->248833K(1650624K), 0.0379540 secs] [Times: user=0.14 sys=0.00, real=0.04 secs] 
2014-07-16T09:28:42.400+0000: 2277.462: [GC [PSYoungGen: 1234148K->7170K(1470464K)] 1479105K->252247K(1886912K), 0.0361600 secs] [Times: user=0.13 sys=0.00, real=0.04 secs] 
2014-07-16T09:28:45.270+0000: 2280.332: [GC [PSYoungGen: 1470402K->3898K(1570624K)] 1715479K->252413K(1987072K), 0.0108400 secs] [Times: user=0.02 sys=0.00, real=0.01 secs] 
2014-07-16T09:28:48.301+0000: 2283.364: [GC [PSYoungGen: 1570618K->6710K(1505792K)] 1819133K->255353K(1922240K), 0.0062380 secs] [Times: user=0.02 sys=0.00, real=0.01 secs] 
2014-07-16T09:28:51.099+0000: 2286.161: [GC [PSYoungGen: 1505782K->936K(1435712K)] 1754425K->256026K(1852160K), 0.0200400 secs] [Times: user=0.07 sys=0.00, real=0.02 secs] 
2014-07-16T09:28:53.941+0000: 2289.004: [GC [PSYoungGen: 1435688K->7402K(1380992K)] 1690778K->262573K(1797440K), 0.0046000 secs] [Times: user=0.01 sys=0.00, real=0.00 secs] 
2014-07-16T09:28:56.579+0000: 2291.641: [GC [PSYoungGen: 1380970K->6682K(1322112K)] 1636141K->262721K(1738560K), 0.0102160 secs] [Times: user=0.04 sys=0.00, real=0.01 secs] 
2014-07-16T09:28:59.092+0000: 2294.154: [GC [PSYoungGen: 1322074K->6796K(1266880K)] 1578113K->262931K(1683328K), 0.0062210 secs] [Times: user=0.01 sys=0.00, real=0.01 secs] 
2014-07-16T09:29:01.421+0000: 2296.484: [GC [PSYoungGen: 1266828K->1966K(1209344K)] 1522963K->263301K(1625792K), 0.0105000 secs] [Times: user=0.04 sys=0.00, real=0.01 secs] 
2014-07-16T09:29:03.821+0000: 2298.883: [GC [PSYoungGen: 1209326K->7270K(1164544K)] 1470661K->268717K(1580992K), 0.0207600 secs] [Times: user=0.07 sys=0.00, real=0.02 secs] 
2014-07-16T09:29:06.088+0000: 2301.151: [GC [PSYoungGen: 1164518K->6268K(1115840K)] 1425965K->268641K(1532288K), 0.0218820 secs] [Times: user=0.09 sys=0.00, real=0.03 secs] 
2014-07-16T09:29:08.265+0000: 2303.327: [GC [PSYoungGen: 1115836K->6678K(1070912K)] 1378209K->269188K(1487360K), 0.0369820 secs] [Times: user=0.12 sys=0.00, real=0.04 secs] 
2014-07-16T09:29:10.264+0000: 2305.327: [GC [PSYoungGen: 1070870K->2550K(1023616K)] 1333380K->269692K(1440064K), 0.0108320 secs] [Times: user=0.04 sys=0.00, real=0.01 secs] 
2014-07-16T09:29:12.179+0000: 2307.242: [GC [PSYoungGen: 1023606K->7010K(987008K)] 1290748K->274257K(1403456K), 0.0053000 secs] [Times: user=0.02 sys=0.00, real=0.01 secs] 
2014-07-16T09:29:14.096+0000: 2309.158: [GC [PSYoungGen: 986978K->5938K(946816K)] 1254225K->274287K(1363264K), 0.0078130 secs] [Times: user=0.02 sys=0.00, real=0.01 secs] 
2014-07-16T09:29:16.025+0000: 2311.088: [GC [PSYoungGen: 946802K->6600K(910272K)] 1215151K->275085K(1326720K), 0.0080390 secs] [Times: user=0.01 sys=0.00, real=0.01 secs] 
2014-07-16T09:29:17.767+0000: 2312.829: [GC [PSYoungGen: 910216K->2672K(870848K)] 1178701K->275530K(1287296K), 0.0071640 secs] [Times: user=0.01 sys=0.00, real=0.01 secs] 
2014-07-16T09:29:19.368+0000: 2314.430: [GC [PSYoungGen: 870832K->6992K(841408K)] 1143690K->279906K(1257856K), 0.0116750 secs] [Times: user=0.02 sys=0.00, real=0.01 secs] 
2014-07-16T09:29:20.924+0000: 2315.986: [GC [PSYoungGen: 841360K->5564K(807744K)] 1114274K->280126K(1224192K), 0.0224720 secs] [Times: user=0.08 sys=0.00, real=0.02 secs] 
2014-07-16T09:29:22.563+0000: 2317.626: [GC [PSYoungGen: 807740K->6710K(778240K)] 1082302K->281392K(1194688K), 0.0074670 secs] [Times: user=0.02 sys=0.00, real=0.00 secs] 
2014-07-16T09:29:24.038+0000: 2319.101: [GC [PSYoungGen: 778189K->2864K(918528K)] 1052871K->281577K(1334976K), 0.0265510 secs] [Times: user=0.11 sys=0.00, real=0.03 secs] 
2014-07-16T09:29:25.834+0000: 2320.896: [GC [PSYoungGen: 918512K->6978K(886656K)] 1197225K->285780K(1303104K), 0.0095190 secs] [Times: user=0.03 sys=0.00, real=0.01 secs] 
2014-07-16T09:29:27.526+0000: 2322.588: [GC [PSYoungGen: 886594K->5236K(850560K)] 1165396K->285836K(1267008K), 0.0151940 secs] [Times: user=0.05 sys=0.00, real=0.01 secs] 
2014-07-16T09:29:29.192+0000: 2324.255: [GC [PSYoungGen: 850548K->6582K(1009728K)] 1131148K->287278K(1426176K), 0.0208440 secs] [Times: user=0.06 sys=0.00, real=0.02 secs] 
2014-07-16T09:29:31.043+0000: 2326.106: [GC [PSYoungGen: 1009718K->3056K(966016K)] 1290414K->287566K(1382464K), 0.0071140 secs] [Times: user=0.02 sys=0.00, real=0.00 secs] 
2014-07-16T09:29:32.942+0000: 2328.005: [GC [PSYoungGen: 966000K->7142K(931840K)] 1250510K->291764K(1348288K), 0.0155190 secs] [Times: user=0.06 sys=0.00, real=0.02 secs] 
2014-07-16T09:29:34.720+0000: 2329.783: [GC [PSYoungGen: 931814K->4670K(1102720K)] 1216436K->292082K(1519168K), 0.0291870 secs] [Times: user=0.11 sys=0.00, real=0.03 secs] 
2014-07-16T09:29:36.873+0000: 2331.935: [GC [PSYoungGen: 1102718K->6714K(1059968K)] 1390130K->294191K(1476416K), 0.0067620 secs] [Times: user=0.02 sys=0.00, real=0.01 secs] 
2014-07-16T09:29:38.957+0000: 2334.019: [GC [PSYoungGen: 1059962K->3884K(1014528K)] 1347439K->294532K(1430976K), 0.0072100 secs] [Times: user=0.02 sys=0.00, real=0.01 secs] 
2014-07-16T09:29:40.831+0000: 2335.893: [GC [PSYoungGen: 1014508K->6778K(976832K)] 1305156K->297523K(1393280K), 0.0291130 secs] [Times: user=0.09 sys=0.00, real=0.03 secs] 
2014-07-16T09:29:42.659+0000: 2337.721: [GC [PSYoungGen: 976826K->4472K(935872K)] 1267571K->297795K(1352320K), 0.0144360 secs] [Times: user=0.05 sys=0.00, real=0.01 secs] 
2014-07-16T09:29:44.540+0000: 2339.602: [GC [PSYoungGen: 935857K->6792K(901440K)] 1229180K->300251K(1317888K), 0.0167370 secs] [Times: user=0.05 sys=0.00, real=0.02 secs] 
2014-07-16T09:29:46.269+0000: 2341.331: [GC [PSYoungGen: 901384K->3826K(1068352K)] 1194843K->300505K(1484800K), 0.0428520 secs] [Times: user=0.14 sys=0.01, real=0.04 secs] 
2014-07-16T09:29:48.381+0000: 2343.444: [GC [PSYoungGen: 1068338K->6678K(1272576K)] 1365017K->303445K(1689024K), 0.0193260 secs] [Times: user=0.06 sys=0.01, real=0.02 secs] 
2014-07-16T09:29:50.802+0000: 2345.865: [GC [PSYoungGen: 1272505K->4464K(1506816K)] 1569272K->303677K(1923264K), 0.0336210 secs] [Times: user=0.13 sys=0.00, real=0.04 secs] 
2014-07-16T09:29:53.689+0000: 2348.751: [GC [PSYoungGen: 1506800K->6810K(1509760K)] 1806013K->306199K(1926208K), 0.0179140 secs] [Times: user=0.07 sys=0.00, real=0.02 secs] 
2014-07-16T09:29:56.554+0000: 2351.616: [GC [PSYoungGen: 1509146K->6564K(1444416K)] 1808535K->306219K(1860864K), 0.0099270 secs] [Times: user=0.03 sys=0.01, real=0.01 secs] 
2014-07-16T09:29:59.392+0000: 2354.454: [GC [PSYoungGen: 1444388K->6778K(1713280K)] 1744043K->306585K(2129728K), 0.0340960 secs] [Times: user=0.12 sys=0.00, real=0.03 secs] 
2014-07-16T09:30:02.555+0000: 2357.618: [GC [PSYoungGen: 1713274K->1510K(1633536K)] 2013081K->307079K(2049984K), 0.0157310 secs] [Times: user=0.06 sys=0.00, real=0.02 secs] 
2014-07-16T09:30:05.675+0000: 2360.737: [GC [PSYoungGen: 1633510K->7174K(1568384K)] 1939079K->312848K(1984832K), 0.0175370 secs] [Times: user=0.07 sys=0.01, real=0.02 secs] 
2014-07-16T09:30:08.738+0000: 2363.801: [GC [PSYoungGen: 1568326K->6262K(1500032K)] 1874000K->313056K(1916480K), 0.0307120 secs] [Times: user=0.08 sys=0.00, real=0.03 secs] 
2014-07-16T09:30:11.521+0000: 2366.583: [GC [PSYoungGen: 1500022K->6710K(1436416K)] 1806816K->313656K(1852864K), 0.0226300 secs] [Times: user=0.07 sys=0.00, real=0.02 secs] 
2014-07-16T09:30:14.338+0000: 2369.400: [GC [PSYoungGen: 1436309K->2280K(1371072K)] 1743255K->314276K(1787520K), 0.0312840 secs] [Times: user=0.12 sys=0.00, real=0.04 secs] 
2014-07-16T09:30:16.976+0000: 2372.039: [GC [PSYoungGen: 1371048K->6914K(1631296K)] 1683044K->319014K(2047744K), 0.0300370 secs] [Times: user=0.11 sys=0.01, real=0.03 secs] 
2014-07-16T09:30:20.201+0000: 2375.263: [GC [PSYoungGen: 1631234K->6130K(1774912K)] 1943334K->319324K(2191360K), 0.0360040 secs] [Times: user=0.13 sys=0.00, real=0.03 secs] 
2014-07-16T09:30:23.611+0000: 2378.674: [GC [PSYoungGen: 1774898K->6906K(1698112K)] 2088092K->320356K(2114560K), 0.0270820 secs] [Times: user=0.10 sys=0.00, real=0.02 secs] 
2014-07-16T09:30:26.881+0000: 2381.944: [GC [PSYoungGen: 1698106K->808K(1768896K)] 2011556K->320645K(2185344K), 0.0378960 secs] [Times: user=0.15 sys=0.00, real=0.03 secs] 
2014-07-16T09:30:30.508+0000: 2385.570: [GC [PSYoungGen: 1768872K->7480K(1697984K)] 2088709K->327382K(2114432K), 0.0141030 secs] [Times: user=0.05 sys=0.00, real=0.01 secs] 
2014-07-16T09:30:33.677+0000: 2388.739: [GC [PSYoungGen: 1697976K->192K(1616960K)] 2017878K->327880K(2033408K), 0.0078710 secs] [Times: user=0.02 sys=0.00, real=0.01 secs] 
2014-07-16T09:30:36.835+0000: 2391.897: [GC [PSYoungGen: 1616960K->7484K(1554176K)] 1944648K->335197K(1970624K), 0.0054450 secs] [Times: user=0.02 sys=0.00, real=0.00 secs] 
2014-07-16T09:30:39.919+0000: 2394.982: [GC [PSYoungGen: 1554172K->6660K(1486720K)] 1881885K->335257K(1903168K), 0.0087470 secs] [Times: user=0.03 sys=0.00, real=0.01 secs] 
2014-07-16T09:30:42.677+0000: 2397.739: [GC [PSYoungGen: 1486660K->6760K(1423424K)] 1815257K->335573K(1839872K), 0.0065470 secs] [Times: user=0.02 sys=0.00, real=0.00 secs] 
2014-07-16T09:30:45.416+0000: 2400.479: [GC [PSYoungGen: 1423400K->2682K(1359040K)] 1752213K->335783K(1775488K), 0.0125800 secs] [Times: user=0.04 sys=0.00, real=0.01 secs] 
2014-07-16T09:30:48.003+0000: 2403.065: [GC [PSYoungGen: 1359034K->6992K(1306048K)] 1692135K->340198K(1722496K), 0.0182150 secs] [Times: user=0.06 sys=0.00, real=0.02 secs] 
2014-07-16T09:30:50.576+0000: 2405.638: [GC [PSYoungGen: 1306000K->6304K(1250816K)] 1639206K->340368K(1667264K), 0.0227490 secs] [Times: user=0.08 sys=0.00, real=0.02 secs] 
2014-07-16T09:30:52.978+0000: 2408.041: [GC [PSYoungGen: 1250784K->6678K(1199296K)] 1584848K->340950K(1615744K), 0.0404890 secs] [Times: user=0.14 sys=0.00, real=0.04 secs] 
2014-07-16T09:30:55.310+0000: 2410.372: [GC [PSYoungGen: 1199254K->2732K(1145984K)] 1533526K->341337K(1562432K), 0.0232220 secs] [Times: user=0.08 sys=0.00, real=0.02 secs] 
2014-07-16T09:30:57.546+0000: 2412.609: [GC [PSYoungGen: 1145964K->6878K(1364800K)] 1484569K->345595K(1781248K), 0.0332680 secs] [Times: user=0.13 sys=0.00, real=0.03 secs] 
2014-07-16T09:31:00.215+0000: 2415.278: [GC [PSYoungGen: 1364766K->5988K(1617984K)] 1703483K->345887K(2034432K), 0.0215200 secs] [Times: user=0.09 sys=0.00, real=0.03 secs] 
2014-07-16T09:31:03.237+0000: 2418.299: [GC [PSYoungGen: 1617956K->6660K(1548800K)] 1957855K->346767K(1965248K), 0.0139830 secs] [Times: user=0.04 sys=0.00, real=0.02 secs] 
2014-07-16T09:31:06.186+0000: 2421.248: [GC [PSYoungGen: 1548740K->2800K(1478464K)] 1888847K->347012K(1894912K), 0.0201200 secs] [Times: user=0.06 sys=0.00, real=0.02 secs] 
2014-07-16T09:31:08.949+0000: 2424.012: [GC [PSYoungGen: 1478393K->7078K(1419584K)] 1822606K->351461K(1836032K), 0.0183490 secs] [Times: user=0.06 sys=0.00, real=0.01 secs] 
2014-07-16T09:31:11.684+0000: 2426.747: [GC [PSYoungGen: 1419496K->5490K(1357888K)] 1763878K->351765K(1774336K), 0.0164020 secs] [Times: user=0.06 sys=0.00, real=0.02 secs] 
2014-07-16T09:31:14.205+0000: 2429.268: [GC [PSYoungGen: 1357874K->6696K(1301952K)] 1704149K->353195K(1718400K), 0.0062340 secs] [Times: user=0.02 sys=0.00, real=0.01 secs] 
2014-07-16T09:31:16.609+0000: 2431.671: [GC [PSYoungGen: 1301928K->3320K(1244224K)] 1648427K->353325K(1660672K), 0.0064740 secs] [Times: user=0.02 sys=0.00, real=0.01 secs] 
2014-07-16T09:31:18.995+0000: 2434.057: [GC [PSYoungGen: 1244216K->6978K(1196224K)] 1594221K->357063K(1612672K), 0.0073400 secs] [Times: user=0.02 sys=0.00, real=0.01 secs] 
2014-07-16T09:31:21.286+0000: 2436.348: [GC [PSYoungGen: 1196162K->5034K(1145024K)] 1546247K->357143K(1561472K), 0.0142430 secs] [Times: user=0.05 sys=0.00, real=0.02 secs] 
2014-07-16T09:31:23.500+0000: 2438.563: [GC [PSYoungGen: 1145002K->6874K(1100032K)] 1497111K->359207K(1516480K), 0.0192890 secs] [Times: user=0.06 sys=0.00, real=0.01 secs] 
2014-07-16T09:31:25.678+0000: 2440.740: [GC [PSYoungGen: 1099994K->3174K(1051776K)] 1452327K->359348K(1468224K), 0.0254420 secs] [Times: user=0.09 sys=0.00, real=0.03 secs] 
2014-07-16T09:31:27.744+0000: 2442.806: [GC [PSYoungGen: 1051749K->6796K(1012992K)] 1407923K->363090K(1429440K), 0.0253250 secs] [Times: user=0.09 sys=0.00, real=0.02 secs] 
2014-07-16T09:31:29.890+0000: 2444.953: [GC [PSYoungGen: 1012940K->4972K(970752K)] 1369234K->363432K(1387200K), 0.0128810 secs] [Times: user=0.04 sys=0.00, real=0.02 secs] 
2014-07-16T09:31:31.775+0000: 2446.837: [GC [PSYoungGen: 970732K->6942K(934336K)] 1329192K->365594K(1350784K), 0.0144990 secs] [Times: user=0.05 sys=0.00, real=0.01 secs] 
2014-07-16T09:31:33.471+0000: 2448.533: [GC [PSYoungGen: 934302K->3064K(893824K)] 1292954K->365727K(1310272K), 0.0191350 secs] [Times: user=0.08 sys=0.00, real=0.02 secs] 
2014-07-16T09:31:35.227+0000: 2450.290: [GC [PSYoungGen: 893816K->6714K(862656K)] 1256479K->369450K(1279104K), 0.0124140 secs] [Times: user=0.03 sys=0.00, real=0.01 secs] 
2014-07-16T09:31:36.848+0000: 2451.910: [GC [PSYoungGen: 862650K->5116K(1021312K)] 1225386K->369544K(1437760K), 0.0247370 secs] [Times: user=0.10 sys=0.00, real=0.03 secs] 
2014-07-16T09:31:38.794+0000: 2453.857: [GC [PSYoungGen: 1021308K->6596K(982016K)] 1385736K->371120K(1398464K), 0.0069390 secs] [Times: user=0.02 sys=0.00, real=0.00 secs] 
2014-07-16T09:31:40.688+0000: 2455.750: [GC [PSYoungGen: 981956K->3124K(1163264K)] 1346480K->371488K(1579712K), 0.0462860 secs] [Times: user=0.17 sys=0.00, real=0.05 secs] 
2014-07-16T09:31:42.921+0000: 2457.984: [GC [PSYoungGen: 1163252K->6842K(1384384K)] 1531616K->375334K(1800832K), 0.0089030 secs] [Times: user=0.02 sys=0.00, real=0.01 secs] 
2014-07-16T09:31:45.592+0000: 2460.655: [GC [PSYoungGen: 1384378K->4914K(1643200K)] 1752870K->375582K(2059648K), 0.0473890 secs] [Times: user=0.18 sys=0.00, real=0.05 secs] 
2014-07-16T09:31:48.661+0000: 2463.724: [GC [PSYoungGen: 1643113K->6678K(1707008K)] 2013781K->377482K(2123456K), 0.0141650 secs] [Times: user=0.03 sys=0.01, real=0.02 secs] 
2014-07-16T09:31:52.097+0000: 2467.160: [GC [PSYoungGen: 1706262K->6948K(1632384K)] 2077066K->377936K(2048832K), 0.0091490 secs] [Times: user=0.02 sys=0.00, real=0.01 secs] 
2014-07-16T09:31:55.163+0000: 2470.226: [GC [PSYoungGen: 1632356K->6824K(1561728K)] 2003344K->378172K(1978176K), 0.0373310 secs] [Times: user=0.14 sys=0.01, real=0.04 secs] 
2014-07-16T09:31:58.087+0000: 2473.150: [GC [PSYoungGen: 1561704K->954K(1488768K)] 1933052K->378409K(1905216K), 0.0111930 secs] [Times: user=0.04 sys=0.00, real=0.01 secs] 
2014-07-16T09:32:00.894+0000: 2475.956: [GC [PSYoungGen: 1488666K->7352K(1431424K)] 1866122K->384948K(1847872K), 0.0215170 secs] [Times: user=0.07 sys=0.01, real=0.03 secs] 
2014-07-16T09:32:03.600+0000: 2478.662: [GC [PSYoungGen: 1431416K->6450K(1369856K)] 1809012K->384942K(1786304K), 0.0248460 secs] [Times: user=0.09 sys=0.00, real=0.02 secs] 
2014-07-16T09:32:06.289+0000: 2481.352: [GC [PSYoungGen: 1369842K->6764K(1312512K)] 1748334K->385424K(1728960K), 0.0081020 secs] [Times: user=0.01 sys=0.00, real=0.01 secs] 
2014-07-16T09:32:08.740+0000: 2483.802: [GC [PSYoungGen: 1312492K->1902K(1252800K)] 1691152K->385587K(1669248K), 0.0190770 secs] [Times: user=0.06 sys=0.00, real=0.02 secs] 
2014-07-16T09:32:11.356+0000: 2486.419: [GC [PSYoungGen: 1252782K->7288K(1205952K)] 1636467K->391014K(1622400K), 0.0080760 secs] [Times: user=0.02 sys=0.00, real=0.01 secs] 
2014-07-16T09:32:13.685+0000: 2488.747: [GC [PSYoungGen: 1205944K->5792K(1154816K)] 1589670K->391114K(1571264K), 0.0131740 secs] [Times: user=0.05 sys=0.00, real=0.02 secs] 
2014-07-16T09:32:15.977+0000: 2491.040: [GC [PSYoungGen: 1154784K->6664K(1108480K)] 1540106K->392114K(1524928K), 0.0164180 secs] [Times: user=0.06 sys=0.00, real=0.02 secs] 
2014-07-16T09:32:18.058+0000: 2493.120: [GC [PSYoungGen: 1108424K->2864K(1059648K)] 1493874K->392430K(1476096K), 0.0178920 secs] [Times: user=0.07 sys=0.00, real=0.02 secs] 
2014-07-16T09:32:20.075+0000: 2495.137: [GC [PSYoungGen: 1059632K->6942K(1020928K)] 1449198K->396580K(1437376K), 0.0088200 secs] [Times: user=0.01 sys=0.00, real=0.01 secs] 
2014-07-16T09:32:22.015+0000: 2497.077: [GC [PSYoungGen: 1020894K->5418K(978624K)] 1410532K->396660K(1395072K), 0.0296000 secs] [Times: user=0.11 sys=0.00, real=0.03 secs] 
2014-07-16T09:32:23.953+0000: 2499.016: [GC [PSYoungGen: 978588K->6664K(1164032K)] 1369830K->398058K(1580480K), 0.0440230 secs] [Times: user=0.16 sys=0.00, real=0.04 secs] 
2014-07-16T09:32:26.312+0000: 2501.375: [GC [PSYoungGen: 1163976K->3002K(1377792K)] 1555370K->398330K(1794240K), 0.0152670 secs] [Times: user=0.05 sys=0.00, real=0.01 secs] 
2014-07-16T09:32:28.890+0000: 2503.953: [GC [PSYoungGen: 1377786K->6828K(1640960K)] 1773114K->402301K(2057408K), 0.0348660 secs] [Times: user=0.12 sys=0.00, real=0.03 secs] 
2014-07-16T09:32:32.141+0000: 2507.204: [GC [PSYoungGen: 1640940K->5180K(1919168K)] 2036413K->402727K(2335616K), 0.0170480 secs] [Times: user=0.06 sys=0.00, real=0.01 secs] 
2014-07-16T09:32:36.005+0000: 2511.067: [GC [PSYoungGen: 1919164K->6988K(1836288K)] 2316711K->404807K(2252736K), 0.0063050 secs] [Times: user=0.02 sys=0.00, real=0.01 secs] 
2014-07-16T09:32:39.474+0000: 2514.537: [GC [PSYoungGen: 1836236K->552K(1749248K)] 2234055K->405058K(2165696K), 0.0353470 secs] [Times: user=0.12 sys=0.01, real=0.03 secs] 
2014-07-16T09:32:42.944+0000: 2518.006: [GC [PSYoungGen: 1749224K->7448K(1679552K)] 2153730K->411987K(2096000K), 0.0315550 secs] [Times: user=0.12 sys=0.00, real=0.03 secs] 
2014-07-16T09:32:46.233+0000: 2521.296: [GC [PSYoungGen: 1679512K->6824K(1606080K)] 2084051K->412407K(2022528K), 0.0187320 secs] [Times: user=0.05 sys=0.01, real=0.02 secs] 
2014-07-16T09:32:49.234+0000: 2524.297: [GC [PSYoungGen: 1606056K->6828K(1536832K)] 2011639K->412579K(1953280K), 0.0377120 secs] [Times: user=0.14 sys=0.00, real=0.03 secs] 
2014-07-16T09:32:52.226+0000: 2527.289: [GC [PSYoungGen: 1536812K->1592K(1465728K)] 1942563K->412957K(1882176K), 0.0087550 secs] [Times: user=0.02 sys=0.00, real=0.01 secs] 
2014-07-16T09:32:52.235+0000: 2527.298: [Full GC [PSYoungGen: 1592K->0K(1465728K)] [ParOldGen: 411365K->181353K(433728K)] 412957K->181353K(1899456K) [PSPermGen: 11233K->11233K(22592K)], 0.3047210 secs] [Times: user=1.15 sys=0.00, real=0.30 secs] 
2014-07-16T09:32:55.273+0000: 2530.336: [GC [PSYoungGen: 1464128K->7434K(1408960K)] 1645481K->188788K(1842688K), 0.0191340 secs] [Times: user=0.06 sys=0.01, real=0.02 secs] 
2014-07-16T09:32:58.114+0000: 2533.176: [GC [PSYoungGen: 1408906K->6186K(1348096K)] 1590260K->188956K(1781824K), 0.0335550 secs] [Times: user=0.12 sys=0.00, real=0.04 secs] 
2014-07-16T09:33:00.675+0000: 2535.738: [GC [PSYoungGen: 1348074K->6828K(1292032K)] 1530844K->189742K(1725760K), 0.0216110 secs] [Times: user=0.08 sys=0.00, real=0.02 secs] 
2014-07-16T09:33:03.325+0000: 2538.388: [GC [PSYoungGen: 1292012K->2750K(1233984K)] 1474926K->190118K(1667712K), 0.0214120 secs] [Times: user=0.07 sys=0.00, real=0.02 secs] 
2014-07-16T09:33:05.743+0000: 2540.805: [GC [PSYoungGen: 1233982K->7042K(1187008K)] 1421350K->194578K(1620736K), 0.0140760 secs] [Times: user=0.03 sys=0.00, real=0.02 secs] 
2014-07-16T09:33:08.096+0000: 2543.159: [GC [PSYoungGen: 1186946K->5796K(1136896K)] 1374482K->194786K(1570624K), 0.0116400 secs] [Times: user=0.03 sys=0.00, real=0.01 secs] 
2014-07-16T09:33:10.254+0000: 2545.317: [GC [PSYoungGen: 1136868K->6928K(1091584K)] 1325858K->196047K(1525312K), 0.0162300 secs] [Times: user=0.05 sys=0.00, real=0.02 secs] 
2014-07-16T09:33:12.398+0000: 2547.461: [GC [PSYoungGen: 1091536K->2750K(1043136K)] 1280655K->196215K(1476864K), 0.0325490 secs] [Times: user=0.11 sys=0.00, real=0.03 secs] 
2014-07-16T09:33:14.403+0000: 2549.466: [GC [PSYoungGen: 1043134K->7010K(1005376K)] 1236599K->200619K(1439104K), 0.0085600 secs] [Times: user=0.02 sys=0.00, real=0.01 secs] 
2014-07-16T09:33:16.376+0000: 2551.439: [GC [PSYoungGen: 1005346K->5602K(963904K)] 1198955K->200699K(1397632K), 0.0055080 secs] [Times: user=0.02 sys=0.00, real=0.01 secs] 
2014-07-16T09:33:18.270+0000: 2553.332: [GC [PSYoungGen: 963874K->6764K(1143936K)] 1158971K->201998K(1577664K), 0.0405570 secs] [Times: user=0.14 sys=0.00, real=0.04 secs] 
2014-07-16T09:33:20.434+0000: 2555.496: [GC [PSYoungGen: 1143916K->2736K(1352512K)] 1339150K->202217K(1786240K), 0.0235350 secs] [Times: user=0.08 sys=0.00, real=0.02 secs] 
2014-07-16T09:33:23.113+0000: 2558.176: [GC [PSYoungGen: 1352496K->6956K(1299648K)] 1551977K->206566K(1733376K), 0.0136410 secs] [Times: user=0.04 sys=0.01, real=0.01 secs] 
2014-07-16T09:33:25.676+0000: 2560.739: [GC [PSYoungGen: 1299628K->5408K(1243840K)] 1499238K->206810K(1677568K), 0.0171690 secs] [Times: user=0.06 sys=0.00, real=0.02 secs] 
2014-07-16T09:33:28.118+0000: 2563.181: [GC [PSYoungGen: 1243808K->6664K(1193472K)] 1445210K->208210K(1627200K), 0.0188040 secs] [Times: user=0.07 sys=0.00, real=0.02 secs] 
2014-07-16T09:33:30.427+0000: 2565.489: [GC [PSYoungGen: 1193416K->2992K(1140608K)] 1394962K->208499K(1574336K), 0.0114420 secs] [Times: user=0.04 sys=0.00, real=0.01 secs] 
2014-07-16T09:33:32.701+0000: 2567.763: [GC [PSYoungGen: 1140592K->6810K(1097664K)] 1346099K->212454K(1531392K), 0.0052990 secs] [Times: user=0.02 sys=0.00, real=0.00 secs] 
2014-07-16T09:33:34.794+0000: 2569.856: [GC [PSYoungGen: 1097577K->5180K(1051520K)] 1303220K->212686K(1485248K), 0.0143690 secs] [Times: user=0.05 sys=0.00, real=0.01 secs] 
2014-07-16T09:33:36.799+0000: 2571.861: [GC [PSYoungGen: 1051516K->6664K(1010688K)] 1259022K->214306K(1444416K), 0.0059910 secs] [Times: user=0.02 sys=0.00, real=0.01 secs] 
2014-07-16T09:33:38.819+0000: 2573.882: [GC [PSYoungGen: 1010632K->3120K(966784K)] 1218274K->214773K(1400512K), 0.0174810 secs] [Times: user=0.07 sys=0.00, real=0.02 secs] 
2014-07-16T09:33:40.666+0000: 2575.728: [GC [PSYoungGen: 966768K->6842K(1149696K)] 1178421K->218591K(1583424K), 0.0369180 secs] [Times: user=0.12 sys=0.00, real=0.04 secs] 
2014-07-16T09:33:42.968+0000: 2578.031: [GC [PSYoungGen: 1149690K->5034K(1360832K)] 1361439K->218915K(1794560K), 0.0243190 secs] [Times: user=0.09 sys=0.00, real=0.03 secs] 
2014-07-16T09:33:45.654+0000: 2580.717: [GC [PSYoungGen: 1360810K->6778K(1305152K)] 1574691K->220835K(1738880K), 0.0059910 secs] [Times: user=0.02 sys=0.00, real=0.00 secs] 
2014-07-16T09:33:48.144+0000: 2583.207: [GC [PSYoungGen: 1305146K->3196K(1246976K)] 1519203K->221233K(1680704K), 0.0107260 secs] [Times: user=0.04 sys=0.00, real=0.01 secs] 
2014-07-16T09:33:50.451+0000: 2585.513: [GC [PSYoungGen: 1246972K->7120K(1199040K)] 1465009K->225237K(1632768K), 0.0147460 secs] [Times: user=0.05 sys=0.00, real=0.02 secs] 
2014-07-16T09:33:52.749+0000: 2587.811: [GC [PSYoungGen: 1198992K->4650K(1147136K)] 1417109K->225205K(1580864K), 0.0274020 secs] [Times: user=0.10 sys=0.00, real=0.03 secs] 
2014-07-16T09:33:54.962+0000: 2590.024: [GC [PSYoungGen: 1147114K->6724K(1102272K)] 1367669K->227463K(1536000K), 0.0184100 secs] [Times: user=0.06 sys=0.01, real=0.02 secs] 
2014-07-16T09:33:57.088+0000: 2592.150: [GC [PSYoungGen: 1102212K->3552K(1054336K)] 1322951K->227589K(1488064K), 0.0147240 secs] [Times: user=0.05 sys=0.00, real=0.01 secs] 
2014-07-16T09:33:59.187+0000: 2594.249: [GC [PSYoungGen: 1054304K->6910K(1015104K)] 1278341K->231028K(1448832K), 0.0126950 secs] [Times: user=0.02 sys=0.00, real=0.01 secs] 
2014-07-16T09:34:01.104+0000: 2596.166: [GC [PSYoungGen: 1015102K->4536K(972224K)] 1239220K->231195K(1405952K), 0.0151700 secs] [Times: user=0.06 sys=0.00, real=0.02 secs] 
2014-07-16T09:34:03.001+0000: 2598.063: [GC [PSYoungGen: 972190K->6914K(936064K)] 1198848K->233733K(1369792K), 0.0206630 secs] [Times: user=0.07 sys=0.00, real=0.02 secs] 
2014-07-16T09:34:04.871+0000: 2599.934: [GC [PSYoungGen: 936002K->3380K(1105920K)] 1162821K->233922K(1539648K), 0.0291580 secs] [Times: user=0.11 sys=0.01, real=0.03 secs] 
2014-07-16T09:34:06.950+0000: 2602.013: [GC [PSYoungGen: 1105908K->6832K(1315456K)] 1336450K->237495K(1749184K), 0.0231660 secs] [Times: user=0.08 sys=0.01, real=0.02 secs] 
2014-07-16T09:34:09.421+0000: 2604.483: [GC [PSYoungGen: 1315440K->4650K(1258176K)] 1546103K->237733K(1691904K), 0.0122930 secs] [Times: user=0.04 sys=0.00, real=0.01 secs] 
2014-07-16T09:34:11.819+0000: 2606.881: [GC [PSYoungGen: 1258154K->6960K(1208064K)] 1491237K->240163K(1641792K), 0.0062520 secs] [Times: user=0.02 sys=0.00, real=0.01 secs] 
2014-07-16T09:34:14.166+0000: 2609.228: [GC [PSYoungGen: 1208048K->3260K(1154496K)] 1441251K->240385K(1588224K), 0.0121340 secs] [Times: user=0.05 sys=0.00, real=0.02 secs] 
2014-07-16T09:34:16.364+0000: 2611.426: [GC [PSYoungGen: 1154492K->6760K(1110592K)] 1391617K->244021K(1544320K), 0.0150290 secs] [Times: user=0.05 sys=0.00, real=0.02 secs] 
2014-07-16T09:34:18.448+0000: 2613.511: [GC [PSYoungGen: 1110568K->4834K(1063552K)] 1347829K->244105K(1497280K), 0.0124940 secs] [Times: user=0.04 sys=0.00, real=0.01 secs] 
2014-07-16T09:34:20.400+0000: 2615.463: [GC [PSYoungGen: 1063522K->6892K(1022656K)] 1302793K->246251K(1456384K), 0.0107280 secs] [Times: user=0.04 sys=0.00, real=0.01 secs] 
2014-07-16T09:34:22.348+0000: 2617.410: [GC [PSYoungGen: 1022636K->2992K(977856K)] 1261995K->246293K(1411584K), 0.0237130 secs] [Times: user=0.07 sys=0.00, real=0.02 secs] 
2014-07-16T09:34:24.458+0000: 2619.520: [GC [PSYoungGen: 977840K->6978K(942976K)] 1221141K->250392K(1376704K), 0.0159880 secs] [Times: user=0.05 sys=0.00, real=0.01 secs] 
2014-07-16T09:34:26.263+0000: 2621.325: [GC [PSYoungGen: 942914K->4604K(903488K)] 1186328K->250674K(1337216K), 0.0065600 secs] [Times: user=0.02 sys=0.00, real=0.01 secs] 
2014-07-16T09:34:28.047+0000: 2623.109: [GC [PSYoungGen: 903484K->6860K(870528K)] 1149554K->253026K(1304256K), 0.0140000 secs] [Times: user=0.03 sys=0.00, real=0.02 secs] 
2014-07-16T09:34:29.697+0000: 2624.760: [GC [PSYoungGen: 870476K->3234K(833280K)] 1116642K->253276K(1267008K), 0.0161330 secs] [Times: user=0.06 sys=0.00, real=0.02 secs] 
2014-07-16T09:34:31.286+0000: 2626.349: [GC [PSYoungGen: 833250K->6746K(804800K)] 1083292K->256908K(1238528K), 0.0166410 secs] [Times: user=0.06 sys=0.00, real=0.02 secs] 
2014-07-16T09:34:32.813+0000: 2627.876: [GC [PSYoungGen: 804762K->4732K(772288K)] 1054924K->257172K(1206016K), 0.0144590 secs] [Times: user=0.04 sys=0.00, real=0.01 secs] 
2014-07-16T09:34:34.384+0000: 2629.446: [GC [PSYoungGen: 772284K->6564K(745088K)] 1024724K->259108K(1178816K), 0.0050710 secs] [Times: user=0.02 sys=0.00, real=0.00 secs] 
2014-07-16T09:34:35.809+0000: 2630.871: [GC [PSYoungGen: 745060K->3438K(714240K)] 997604K->259343K(1147968K), 0.0157670 secs] [Times: user=0.06 sys=0.00, real=0.02 secs] 
2014-07-16T09:34:37.190+0000: 2632.253: [GC [PSYoungGen: 714221K->6728K(691200K)] 970126K->262689K(1124928K), 0.0056700 secs] [Times: user=0.01 sys=0.00, real=0.00 secs] 
2014-07-16T09:34:38.554+0000: 2633.616: [GC [PSYoungGen: 691144K->4514K(816768K)] 947105K->262967K(1250496K), 0.0267860 secs] [Times: user=0.10 sys=0.00, real=0.03 secs] 
2014-07-16T09:34:40.141+0000: 2635.204: [GC [PSYoungGen: 816671K->6896K(970240K)] 1075125K->265421K(1403968K), 0.0128420 secs] [Times: user=0.03 sys=0.00, real=0.01 secs] 
2014-07-16T09:34:41.991+0000: 2637.054: [GC [PSYoungGen: 970224K->3302K(1148032K)] 1228749K->265602K(1581760K), 0.0328920 secs] [Times: user=0.12 sys=0.00, real=0.03 secs] 
2014-07-16T09:34:44.232+0000: 2639.295: [GC [PSYoungGen: 1148006K->7124K(1366272K)] 1410306K->269560K(1800000K), 0.0173310 secs] [Times: user=0.06 sys=0.00, real=0.01 secs] 
2014-07-16T09:34:46.877+0000: 2641.940: [GC [PSYoungGen: 1366228K->4258K(1617472K)] 1628664K->269480K(2051200K), 0.0251090 secs] [Times: user=0.10 sys=0.00, real=0.03 secs] 
2014-07-16T09:34:49.984+0000: 2645.047: [GC [PSYoungGen: 1617442K->6892K(1799936K)] 1882664K->272218K(2233664K), 0.0232720 secs] [Times: user=0.08 sys=0.00, real=0.02 secs] 
2014-07-16T09:34:53.458+0000: 2648.520: [GC [PSYoungGen: 1799468K->6888K(1720704K)] 2064794K->272562K(2154432K), 0.0190550 secs] [Times: user=0.07 sys=0.00, real=0.02 secs] 
2014-07-16T09:34:56.758+0000: 2651.821: [GC [PSYoungGen: 1720680K->6746K(1645632K)] 1986354K->272660K(2079360K), 0.0105270 secs] [Times: user=0.04 sys=0.00, real=0.01 secs] 
2014-07-16T09:34:59.844+0000: 2654.907: [GC [PSYoungGen: 1645594K->930K(1568576K)] 1911508K->273010K(2002304K), 0.0246730 secs] [Times: user=0.09 sys=0.00, real=0.02 secs] 
2014-07-16T09:35:02.794+0000: 2657.856: [GC [PSYoungGen: 1568546K->7270K(1507136K)] 1840626K->279391K(1940864K), 0.0122360 secs] [Times: user=0.04 sys=0.01, real=0.01 secs] 
2014-07-16T09:35:05.744+0000: 2660.806: [GC [PSYoungGen: 1507110K->6518K(1441920K)] 1779231K->279601K(1875648K), 0.0343440 secs] [Times: user=0.13 sys=0.00, real=0.04 secs] 
2014-07-16T09:35:08.618+0000: 2663.680: [GC [PSYoungGen: 1441910K->6888K(1381056K)] 1714993K->280139K(1814784K), 0.0149220 secs] [Times: user=0.05 sys=0.00, real=0.01 secs] 
2014-07-16T09:35:11.152+0000: 2666.214: [GC [PSYoungGen: 1381032K->1698K(1317568K)] 1654283K->280424K(1751296K), 0.0231590 secs] [Times: user=0.09 sys=0.00, real=0.03 secs] 
2014-07-16T09:35:13.694+0000: 2668.756: [GC [PSYoungGen: 1317538K->7270K(1267712K)] 1596264K->286183K(1701440K), 0.0173020 secs] [Times: user=0.05 sys=0.01, real=0.02 secs] 
2014-07-16T09:35:16.140+0000: 2671.203: [GC [PSYoungGen: 1267686K->6116K(1213824K)] 1546599K->286181K(1647552K), 0.0242620 secs] [Times: user=0.09 sys=0.01, real=0.02 secs] 
2014-07-16T09:35:18.476+0000: 2673.539: [GC [PSYoungGen: 1213796K->6568K(1164096K)] 1493861K->286753K(1597824K), 0.0064410 secs] [Times: user=0.02 sys=0.00, real=0.00 secs] 
2014-07-16T09:35:20.786+0000: 2675.848: [GC [PSYoungGen: 1164072K->2558K(1112320K)] 1444257K->287191K(1546048K), 0.0331630 secs] [Times: user=0.12 sys=0.00, real=0.03 secs] 
2014-07-16T09:35:22.888+0000: 2677.950: [GC [PSYoungGen: 1112318K->7074K(1071424K)] 1396951K->291876K(1505152K), 0.0118850 secs] [Times: user=0.04 sys=0.00, real=0.01 secs] 
2014-07-16T09:35:25.067+0000: 2680.129: [GC [PSYoungGen: 1071332K->5626K(1026752K)] 1356133K->292252K(1460480K), 0.0171730 secs] [Times: user=0.05 sys=0.00, real=0.01 secs] 
2014-07-16T09:35:27.110+0000: 2682.173: [GC [PSYoungGen: 1026746K->6860K(986880K)] 1313372K->293622K(1420608K), 0.0191560 secs] [Times: user=0.06 sys=0.00, real=0.02 secs] 
2014-07-16T09:35:29.098+0000: 2684.161: [GC [PSYoungGen: 986828K->2864K(1165568K)] 1273590K->293732K(1599296K), 0.0304280 secs] [Times: user=0.09 sys=0.00, real=0.03 secs] 
2014-07-16T09:35:31.271+0000: 2686.333: [GC [PSYoungGen: 1165552K->7088K(1386752K)] 1456420K->298053K(1820480K), 0.0226410 secs] [Times: user=0.07 sys=0.00, real=0.02 secs] 
2014-07-16T09:35:33.808+0000: 2688.870: [GC [PSYoungGen: 1386736K->5308K(1326400K)] 1677701K->298199K(1760128K), 0.0056210 secs] [Times: user=0.02 sys=0.00, real=0.01 secs] 
2014-07-16T09:35:36.347+0000: 2691.410: [GC [PSYoungGen: 1326396K->6646K(1272064K)] 1619287K->299649K(1705792K), 0.0167020 secs] [Times: user=0.05 sys=0.00, real=0.02 secs] 
2014-07-16T09:35:38.797+0000: 2693.859: [GC [PSYoungGen: 1272037K->3320K(1215744K)] 1565039K->299947K(1649472K), 0.0120870 secs] [Times: user=0.04 sys=0.00, real=0.01 secs] 
2014-07-16T09:35:41.132+0000: 2696.194: [GC [PSYoungGen: 1215693K->7134K(1169216K)] 1512320K->303889K(1602944K), 0.0227480 secs] [Times: user=0.08 sys=0.01, real=0.02 secs] 
2014-07-16T09:35:43.328+0000: 2698.390: [GC [PSYoungGen: 1169182K->4664K(1118784K)] 1465937K->303945K(1552512K), 0.0139710 secs] [Times: user=0.05 sys=0.00, real=0.02 secs] 
2014-07-16T09:35:45.536+0000: 2700.599: [GC [PSYoungGen: 1118776K->6892K(1075392K)] 1418057K->306293K(1509120K), 0.0240950 secs] [Times: user=0.09 sys=0.01, real=0.03 secs] 
2014-07-16T09:35:47.633+0000: 2702.695: [GC [PSYoungGen: 1075372K->3566K(1028672K)] 1374773K->306519K(1462400K), 0.0174260 secs] [Times: user=0.06 sys=0.00, real=0.02 secs] 
2014-07-16T09:35:49.673+0000: 2704.736: [GC [PSYoungGen: 1028653K->6824K(990592K)] 1331607K->309874K(1424320K), 0.0058590 secs] [Times: user=0.01 sys=0.00, real=0.00 secs] 
2014-07-16T09:35:51.506+0000: 2706.568: [GC [PSYoungGen: 990568K->4728K(949120K)] 1293618K->310182K(1382848K), 0.0267160 secs] [Times: user=0.09 sys=0.00, real=0.03 secs] 
2014-07-16T09:35:53.281+0000: 2708.343: [GC [PSYoungGen: 949112K->6614K(1128448K)] 1254566K->312252K(1562176K), 0.0327080 secs] [Times: user=0.11 sys=0.01, real=0.04 secs] 
2014-07-16T09:35:55.466+0000: 2710.529: [GC [PSYoungGen: 1128343K->3630K(1336256K)] 1433980K->312640K(1769984K), 0.0253250 secs] [Times: user=0.09 sys=0.01, real=0.03 secs] 
2014-07-16T09:35:58.005+0000: 2713.067: [GC [PSYoungGen: 1336238K->7014K(1283392K)] 1645248K->316144K(1717120K), 0.0057050 secs] [Times: user=0.01 sys=0.00, real=0.00 secs] 
2014-07-16T09:36:00.575+0000: 2715.638: [GC [PSYoungGen: 1283366K->4340K(1227200K)] 1592496K->316644K(1660928K), 0.0067780 secs] [Times: user=0.02 sys=0.00, real=0.01 secs] 
2014-07-16T09:36:02.824+0000: 2717.887: [GC [PSYoungGen: 1227188K->6646K(1178624K)] 1539492K->319183K(1612352K), 0.0158470 secs] [Times: user=0.06 sys=0.00, real=0.01 secs] 
2014-07-16T09:36:05.133+0000: 2720.195: [GC [PSYoungGen: 1178614K->4272K(1127808K)] 1491151K->319579K(1561536K), 0.0256750 secs] [Times: user=0.09 sys=0.00, real=0.02 secs] 
2014-07-16T09:36:07.296+0000: 2722.359: [GC [PSYoungGen: 1127792K->6814K(1084288K)] 1443099K->322225K(1518016K), 0.0126050 secs] [Times: user=0.04 sys=0.00, real=0.01 secs] 
2014-07-16T09:36:09.417+0000: 2724.480: [GC [PSYoungGen: 1084254K->4008K(1037632K)] 1399665K->322403K(1471360K), 0.0230640 secs] [Times: user=0.09 sys=0.00, real=0.02 secs] 
2014-07-16T09:36:11.752+0000: 2726.815: [GC [PSYoungGen: 1037608K->6856K(998784K)] 1356003K->325387K(1432512K), 0.0250950 secs] [Times: user=0.09 sys=0.01, real=0.03 secs] 
2014-07-16T09:36:13.893+0000: 2728.956: [GC [PSYoungGen: 998728K->4080K(956224K)] 1317259K->325609K(1389952K), 0.0159420 secs] [Times: user=0.06 sys=0.00, real=0.02 secs] 
2014-07-16T09:36:15.932+0000: 2730.994: [GC [PSYoungGen: 956208K->6550K(920896K)] 1277737K->328191K(1354624K), 0.0106140 secs] [Times: user=0.03 sys=0.00, real=0.01 secs] 
2014-07-16T09:36:17.889+0000: 2732.951: [GC [PSYoungGen: 920854K->4340K(882624K)] 1242495K->328423K(1316352K), 0.0177360 secs] [Times: user=0.06 sys=0.00, real=0.02 secs] 
2014-07-16T09:36:19.876+0000: 2734.938: [GC [PSYoungGen: 882612K->6692K(1050368K)] 1206695K->330879K(1484096K), 0.0450350 secs] [Times: user=0.17 sys=0.00, real=0.04 secs] 
2014-07-16T09:36:22.151+0000: 2737.213: [GC [PSYoungGen: 1050340K->3948K(1244032K)] 1374527K->331130K(1677760K), 0.0253370 secs] [Times: user=0.10 sys=0.00, real=0.03 secs] 
2014-07-16T09:36:24.817+0000: 2739.880: [GC [PSYoungGen: 1244009K->6764K(1477696K)] 1571191K->334122K(1911424K), 0.0120660 secs] [Times: user=0.03 sys=0.01, real=0.01 secs] 
2014-07-16T09:36:27.991+0000: 2743.054: [GC [PSYoungGen: 1477676K->4148K(1412032K)] 1805034K->334326K(1845760K), 0.0232650 secs] [Times: user=0.08 sys=0.00, real=0.02 secs] 
2014-07-16T09:36:31.037+0000: 2746.099: [GC [PSYoungGen: 1412020K->6906K(1354880K)] 1742198K->337196K(1788608K), 0.0288710 secs] [Times: user=0.10 sys=0.00, real=0.02 secs] 
2014-07-16T09:36:33.967+0000: 2749.029: [GC [PSYoungGen: 1354836K->3704K(1294656K)] 1685126K->337372K(1728384K), 0.0216160 secs] [Times: user=0.08 sys=0.00, real=0.03 secs] 
2014-07-16T09:36:36.755+0000: 2751.818: [GC [PSYoungGen: 1294648K->6782K(1243520K)] 1628316K->340587K(1677248K), 0.0168930 secs] [Times: user=0.06 sys=0.01, real=0.02 secs] 
2014-07-16T09:36:39.429+0000: 2754.491: [GC [PSYoungGen: 1243518K->4272K(1189440K)] 1577323K->341031K(1623168K), 0.0227170 secs] [Times: user=0.09 sys=0.00, real=0.02 secs] 
2014-07-16T09:36:41.991+0000: 2757.053: [GC [PSYoungGen: 1189424K->6910K(1142976K)] 1526183K->343789K(1576704K), 0.0233030 secs] [Times: user=0.08 sys=0.01, real=0.02 secs] 
2014-07-16T09:36:44.419+0000: 2759.481: [GC [PSYoungGen: 1142974K->3688K(1093056K)] 1479853K->344069K(1526784K), 0.0299280 secs] [Times: user=0.12 sys=0.00, real=0.03 secs] 
2014-07-16T09:36:46.766+0000: 2761.828: [GC [PSYoungGen: 1093032K->6632K(1299456K)] 1433413K->347109K(1733184K), 0.0301770 secs] [Times: user=0.11 sys=0.00, real=0.03 secs] 
2014-07-16T09:36:49.566+0000: 2764.628: [GC [PSYoungGen: 1299432K->4528K(1243008K)] 1639909K->347529K(1676736K), 0.0104840 secs] [Times: user=0.04 sys=0.00, real=0.01 secs] 
2014-07-16T09:36:52.256+0000: 2767.319: [GC [PSYoungGen: 1242992K->7024K(1193856K)] 1585993K->350129K(1627584K), 0.0316650 secs] [Times: user=0.10 sys=0.00, real=0.03 secs] 
2014-07-16T09:36:54.793+0000: 2769.856: [GC [PSYoungGen: 1193840K->3324K(1140992K)] 1536945K->350122K(1574720K), 0.0206950 secs] [Times: user=0.07 sys=0.00, real=0.02 secs] 
2014-07-16T09:36:57.256+0000: 2772.318: [GC [PSYoungGen: 1140988K->6878K(1097792K)] 1487786K->353756K(1531520K), 0.0126530 secs] [Times: user=0.04 sys=0.01, real=0.01 secs] 
2014-07-16T09:36:59.629+0000: 2774.692: [GC [PSYoungGen: 1097758K->4654K(1051072K)] 1444636K->354036K(1484800K), 0.0166200 secs] [Times: user=0.06 sys=0.00, real=0.02 secs] 
2014-07-16T09:37:01.889+0000: 2776.951: [GC [PSYoungGen: 1051054K->6660K(1010752K)] 1400436K->356154K(1444480K), 0.0255480 secs] [Times: user=0.08 sys=0.01, real=0.03 secs] 
2014-07-16T09:37:04.068+0000: 2779.130: [GC [PSYoungGen: 1010692K->3502K(967232K)] 1360186K->356696K(1400960K), 0.0246070 secs] [Times: user=0.09 sys=0.00, real=0.03 secs] 
2014-07-16T09:37:06.179+0000: 2781.241: [GC [PSYoungGen: 967214K->6874K(932224K)] 1320408K->360221K(1365952K), 0.0122870 secs] [Times: user=0.04 sys=0.00, real=0.01 secs] 
2014-07-16T09:37:08.174+0000: 2783.236: [GC [PSYoungGen: 932186K->4596K(1102976K)] 1285533K->360497K(1536704K), 0.0331270 secs] [Times: user=0.13 sys=0.00, real=0.03 secs] 
2014-07-16T09:37:10.550+0000: 2785.612: [GC [PSYoungGen: 1102954K->6628K(1311552K)] 1458854K->362593K(1745280K), 0.0336220 secs] [Times: user=0.12 sys=0.00, real=0.04 secs] 
2014-07-16T09:37:13.383+0000: 2788.446: [GC [PSYoungGen: 1311524K->3744K(1553152K)] 1667489K->363041K(1986880K), 0.0251920 secs] [Times: user=0.09 sys=0.00, real=0.02 secs] 
2014-07-16T09:37:16.759+0000: 2791.821: [GC [PSYoungGen: 1553120K->6796K(1801664K)] 1912417K->366237K(2235392K), 0.0273790 secs] [Times: user=0.10 sys=0.01, real=0.03 secs] 
2014-07-16T09:37:20.638+0000: 2795.701: [GC [PSYoungGen: 1800972K->6678K(1845952K)] 2160413K->366385K(2279680K), 0.0392030 secs] [Times: user=0.14 sys=0.01, real=0.04 secs] 
2014-07-16T09:37:24.721+0000: 2799.784: [GC [PSYoungGen: 1845142K->6660K(1764096K)] 2204849K->366551K(2197824K), 0.0152390 secs] [Times: user=0.05 sys=0.00, real=0.02 secs] 
2014-07-16T09:37:28.572+0000: 2803.635: [GC [PSYoungGen: 1764036K->808K(1681152K)] 2123927K->366941K(2114880K), 0.0079020 secs] [Times: user=0.02 sys=0.00, real=0.01 secs] 
2014-07-16T09:37:32.207+0000: 2807.269: [GC [PSYoungGen: 1681128K->7288K(1614336K)] 2047261K->373454K(2048064K), 0.0209320 secs] [Times: user=0.06 sys=0.00, real=0.02 secs] 
2014-07-16T09:37:35.693+0000: 2810.756: [GC [PSYoungGen: 1614328K->6596K(1544000K)] 1980494K->373670K(1977728K), 0.0082870 secs] [Times: user=0.02 sys=0.00, real=0.01 secs] 
2014-07-16T09:37:39.002+0000: 2814.064: [GC [PSYoungGen: 1543940K->6596K(1477760K)] 1911014K->373814K(1911488K), 0.0151640 secs] [Times: user=0.06 sys=0.01, real=0.02 secs] 
2014-07-16T09:37:42.208+0000: 2817.271: [GC [PSYoungGen: 1477700K->1852K(1409920K)] 1844918K->374347K(1843648K), 0.0254090 secs] [Times: user=0.09 sys=0.01, real=0.02 secs] 
2014-07-16T09:37:45.241+0000: 2820.303: [GC [PSYoungGen: 1409916K->7124K(1355328K)] 1782411K->379748K(1789056K), 0.0189620 secs] [Times: user=0.07 sys=0.00, real=0.02 secs] 
2014-07-16T09:37:48.155+0000: 2823.217: [GC [PSYoungGen: 1355284K->6116K(1297280K)] 1727908K->379766K(1731008K), 0.0272310 secs] [Times: user=0.10 sys=0.00, real=0.03 secs] 
2014-07-16T09:37:50.928+0000: 2825.990: [GC [PSYoungGen: 1297252K->6660K(1243648K)] 1670902K->380422K(1677376K), 0.0322820 secs] [Times: user=0.12 sys=0.00, real=0.04 secs] 
2014-07-16T09:37:53.617+0000: 2828.679: [GC [PSYoungGen: 1243588K->2422K(1187776K)] 1617350K->380747K(1621504K), 0.0145660 secs] [Times: user=0.06 sys=0.00, real=0.02 secs] 
2014-07-16T09:37:56.181+0000: 2831.243: [GC [PSYoungGen: 1187766K->7060K(1143360K)] 1566091K->385497K(1577088K), 0.0221330 secs] [Times: user=0.08 sys=0.00, real=0.02 secs] 
2014-07-16T09:37:58.649+0000: 2833.712: [GC [PSYoungGen: 1143316K->5602K(1095168K)] 1521753K->385405K(1528896K), 0.0266910 secs] [Times: user=0.10 sys=0.00, real=0.03 secs] 
2014-07-16T09:38:00.995+0000: 2836.058: [GC [PSYoungGen: 1095138K->6614K(1298560K)] 1474941K->386482K(1732288K), 0.0295030 secs] [Times: user=0.11 sys=0.00, real=0.03 secs] 
2014-07-16T09:38:03.804+0000: 2838.867: [GC [PSYoungGen: 1298518K->2722K(1240384K)] 1678386K->386971K(1674112K), 0.0255670 secs] [Times: user=0.08 sys=0.00, real=0.02 secs] 
2014-07-16T09:38:06.587+0000: 2841.649: [GC [PSYoungGen: 1240354K->7380K(1475712K)] 1624603K->391774K(1909440K), 0.0323770 secs] [Times: user=0.10 sys=0.01, real=0.03 secs] 
2014-07-16T09:38:09.683+0000: 2844.746: [GC [PSYoungGen: 1475668K->4842K(1747584K)] 1860062K->391568K(2181312K), 0.0358840 secs] [Times: user=0.14 sys=0.00, real=0.03 secs] 
2014-07-16T09:38:13.473+0000: 2848.536: [GC [PSYoungGen: 1747562K->6742K(1673152K)] 2134288K->393620K(2106880K), 0.0134610 secs] [Times: user=0.04 sys=0.00, real=0.01 secs] 
2014-07-16T09:38:17.117+0000: 2852.179: [GC [PSYoungGen: 1673110K->3620K(1597440K)] 2059988K->393919K(2031168K), 0.0206650 secs] [Times: user=0.08 sys=0.00, real=0.02 secs] 
2014-07-16T09:38:20.557+0000: 2855.620: [GC [PSYoungGen: 1597412K->6842K(1531584K)] 1987711K->397286K(1965312K), 0.0221330 secs] [Times: user=0.08 sys=0.00, real=0.02 secs] 
2014-07-16T09:38:23.838+0000: 2858.900: [GC [PSYoungGen: 1531578K->4786K(1463872K)] 1922022K->397750K(1897600K), 0.0074380 secs] [Times: user=0.02 sys=0.00, real=0.01 secs] 
2014-07-16T09:38:27.088+0000: 2862.150: [GC [PSYoungGen: 1463858K->6646K(1403328K)] 1856822K->399770K(1837056K), 0.0102820 secs] [Times: user=0.03 sys=0.00, real=0.01 secs] 
2014-07-16T09:38:30.085+0000: 2865.147: [GC [PSYoungGen: 1403296K->3820K(1341120K)] 1796420K->400074K(1774848K), 0.0099680 secs] [Times: user=0.02 sys=0.00, real=0.01 secs] 
2014-07-16T09:38:33.009+0000: 2868.071: [GC [PSYoungGen: 1341100K->6760K(1287616K)] 1737354K->403118K(1721344K), 0.0063050 secs] [Times: user=0.02 sys=0.00, real=0.01 secs] 
2014-07-16T09:38:35.769+0000: 2870.831: [GC [PSYoungGen: 1287592K->4522K(1231680K)] 1683950K->403334K(1665408K), 0.0070290 secs] [Times: user=0.02 sys=0.00, real=0.01 secs] 
2014-07-16T09:38:38.408+0000: 2873.471: [GC [PSYoungGen: 1231658K->6600K(1182656K)] 1630470K->405476K(1616384K), 0.0082260 secs] [Times: user=0.02 sys=0.00, real=0.01 secs] 
2014-07-16T09:38:40.932+0000: 2875.994: [GC [PSYoungGen: 1182600K->3816K(1131200K)] 1581476K->405811K(1564928K), 0.0352850 secs] [Times: user=0.13 sys=0.00, real=0.04 secs] 
2014-07-16T09:38:43.363+0000: 2878.426: [GC [PSYoungGen: 1131176K->6696K(1087808K)] 1533171K->408811K(1521536K), 0.0230720 secs] [Times: user=0.08 sys=0.00, real=0.02 secs] 
2014-07-16T09:38:45.705+0000: 2880.767: [GC [PSYoungGen: 1087784K->4472K(1041536K)] 1489899K->408963K(1475264K), 0.0060200 secs] [Times: user=0.02 sys=0.00, real=0.01 secs] 
2014-07-16T09:38:47.966+0000: 2883.028: [GC [PSYoungGen: 1041528K->6646K(1001792K)] 1446019K->411217K(1435520K), 0.0117750 secs] [Times: user=0.04 sys=0.00, real=0.02 secs] 
2014-07-16T09:38:50.101+0000: 2885.164: [GC [PSYoungGen: 1001782K->3752K(959040K)] 1406353K->411528K(1392768K), 0.0196980 secs] [Times: user=0.07 sys=0.00, real=0.02 secs] 
2014-07-16T09:38:52.164+0000: 2887.226: [GC [PSYoungGen: 959016K->6760K(924096K)] 1366792K->414656K(1357824K), 0.0182330 secs] [Times: user=0.06 sys=0.00, real=0.02 secs] 
2014-07-16T09:38:54.171+0000: 2889.233: [GC [PSYoungGen: 924072K->4212K(885376K)] 1331968K->414872K(1319104K), 0.0243260 secs] [Times: user=0.10 sys=0.00, real=0.02 secs] 
2014-07-16T09:38:56.069+0000: 2891.132: [GC [PSYoungGen: 885364K->6650K(853376K)] 1296024K->417430K(1287104K), 0.0182460 secs] [Times: user=0.07 sys=0.00, real=0.01 secs] 
2014-07-16T09:38:57.926+0000: 2892.989: [GC [PSYoungGen: 853370K->3872K(817856K)] 1264150K->417686K(1251584K), 0.0150460 secs] [Times: user=0.06 sys=0.00, real=0.02 secs] 
2014-07-16T09:38:59.685+0000: 2894.748: [GC [PSYoungGen: 817824K->6682K(972992K)] 1231638K->420601K(1406720K), 0.0293450 secs] [Times: user=0.11 sys=0.00, real=0.03 secs] 
2014-07-16T09:39:01.778+0000: 2896.841: [GC [PSYoungGen: 972954K->4028K(1153216K)] 1386873K->420959K(1586944K), 0.0410770 secs] [Times: user=0.14 sys=0.01, real=0.05 secs] 
2014-07-16T09:39:04.272+0000: 2899.334: [GC [PSYoungGen: 1153205K->6946K(1371648K)] 1570135K->423981K(1805376K), 0.0129370 secs] [Times: user=0.04 sys=0.00, real=0.01 secs] 
2014-07-16T09:39:07.273+0000: 2902.335: [GC [PSYoungGen: 1371618K->3744K(1623424K)] 1788653K->424187K(2057152K), 0.0258210 secs] [Times: user=0.10 sys=0.00, real=0.02 secs] 
2014-07-16T09:39:10.734+0000: 2905.797: [GC [PSYoungGen: 1623392K->6760K(1556096K)] 2043835K->427307K(1989824K), 0.0127440 secs] [Times: user=0.04 sys=0.00, real=0.01 secs] 
2014-07-16T09:39:14.111+0000: 2909.174: [GC [PSYoungGen: 1556072K->4216K(1486656K)] 1976619K->427611K(1920384K), 0.0117750 secs] [Times: user=0.03 sys=0.00, real=0.01 secs] 
2014-07-16T09:39:17.326+0000: 2912.388: [GC [PSYoungGen: 1486648K->6664K(1425600K)] 1910043K->430203K(1859328K), 0.0142300 secs] [Times: user=0.05 sys=0.00, real=0.01 secs] 
2014-07-16T09:39:20.463+0000: 2915.526: [GC [PSYoungGen: 1425544K->3816K(1362240K)] 1849083K->430629K(1795968K), 0.0301850 secs] [Times: user=0.11 sys=0.00, real=0.03 secs] 
2014-07-16T09:39:23.436+0000: 2918.498: [GC [PSYoungGen: 1362216K->6810K(1307712K)] 1789029K->433824K(1741440K), 0.0155080 secs] [Times: user=0.05 sys=0.00, real=0.01 secs] 
2014-07-16T09:39:26.235+0000: 2921.298: [GC [PSYoungGen: 1307674K->4200K(1250368K)] 1734688K->433950K(1684096K), 0.0062110 secs] [Times: user=0.02 sys=0.01, real=0.00 secs] 
2014-07-16T09:39:26.242+0000: 2921.304: [Full GC [PSYoungGen: 4200K->0K(1250368K)] [ParOldGen: 429749K->199260K(448128K)] 433950K->199260K(1698496K) [PSPermGen: 11242K->11242K(21504K)], 0.3146790 secs] [Times: user=1.19 sys=0.00, real=0.32 secs] 
2014-07-16T09:39:29.269+0000: 2924.331: [GC [PSYoungGen: 1246144K->7302K(1201408K)] 1445404K->206663K(1649536K), 0.0135690 secs] [Times: user=0.05 sys=0.00, real=0.01 secs] 
2014-07-16T09:39:31.858+0000: 2926.921: [GC [PSYoungGen: 1201350K->3170K(1147648K)] 1400711K->207387K(1595776K), 0.0220160 secs] [Times: user=0.08 sys=0.00, real=0.02 secs] 
2014-07-16T09:39:34.370+0000: 2929.432: [GC [PSYoungGen: 1147618K->6664K(1104000K)] 1351835K->211025K(1552128K), 0.0061780 secs] [Times: user=0.01 sys=0.00, real=0.01 secs] 
2014-07-16T09:39:36.742+0000: 2931.805: [GC [PSYoungGen: 1103944K->5748K(1058176K)] 1308305K->211153K(1506304K), 0.0285050 secs] [Times: user=0.11 sys=0.00, real=0.03 secs] 
2014-07-16T09:39:39.020+0000: 2934.082: [GC [PSYoungGen: 1058120K->6632K(1016384K)] 1263525K->212117K(1464512K), 0.0248200 secs] [Times: user=0.09 sys=0.00, real=0.02 secs] 
2014-07-16T09:39:41.203+0000: 2936.265: [GC [PSYoungGen: 1016360K->3106K(972224K)] 1221845K->212593K(1420352K), 0.0056770 secs] [Times: user=0.02 sys=0.00, real=0.01 secs] 
2014-07-16T09:39:43.300+0000: 2938.363: [GC [PSYoungGen: 972194K->7078K(937472K)] 1181681K->216662K(1385600K), 0.0115220 secs] [Times: user=0.01 sys=0.00, real=0.01 secs] 
2014-07-16T09:39:45.278+0000: 2940.340: [GC [PSYoungGen: 937446K->5308K(898816K)] 1147030K->216476K(1346944K), 0.0051880 secs] [Times: user=0.02 sys=0.00, real=0.00 secs] 
2014-07-16T09:39:47.211+0000: 2942.273: [GC [PSYoungGen: 898812K->6696K(865152K)] 1109980K->217976K(1313280K), 0.0257280 secs] [Times: user=0.09 sys=0.01, real=0.03 secs] 
2014-07-16T09:39:49.103+0000: 2944.166: [GC [PSYoungGen: 865128K->3252K(828288K)] 1076408K->218219K(1276416K), 0.0199470 secs] [Times: user=0.07 sys=0.00, real=0.02 secs] 
2014-07-16T09:39:50.872+0000: 2945.934: [GC [PSYoungGen: 828276K->6810K(800064K)] 1043243K->221914K(1248192K), 0.0200700 secs] [Times: user=0.07 sys=0.00, real=0.02 secs] 
2014-07-16T09:39:52.597+0000: 2947.659: [GC [PSYoungGen: 800026K->5052K(767936K)] 1015130K->222052K(1216064K), 0.0133530 secs] [Times: user=0.05 sys=0.00, real=0.02 secs] 
2014-07-16T09:39:54.226+0000: 2949.288: [GC [PSYoungGen: 767932K->6614K(911168K)] 984932K->223726K(1359296K), 0.0217580 secs] [Times: user=0.07 sys=0.00, real=0.03 secs] 
2014-07-16T09:39:56.178+0000: 2951.240: [GC [PSYoungGen: 911126K->3310K(872256K)] 1128238K->224076K(1320384K), 0.0113860 secs] [Times: user=0.02 sys=0.00, real=0.02 secs] 
2014-07-16T09:39:58.048+0000: 2953.110: [GC [PSYoungGen: 872238K->6618K(841664K)] 1093004K->227448K(1289792K), 0.0089010 secs] [Times: user=0.03 sys=0.00, real=0.01 secs] 
2014-07-16T09:39:59.920+0000: 2954.982: [GC [PSYoungGen: 841595K->4906K(807616K)] 1062425K->227826K(1255744K), 0.0057550 secs] [Times: user=0.02 sys=0.00, real=0.00 secs] 
2014-07-16T09:40:01.648+0000: 2956.711: [GC [PSYoungGen: 807594K->6710K(778624K)] 1030514K->229814K(1226752K), 0.0128370 secs] [Times: user=0.02 sys=0.00, real=0.02 secs] 
2014-07-16T09:40:03.331+0000: 2958.393: [GC [PSYoungGen: 778614K->3244K(745856K)] 1001718K->230108K(1193984K), 0.0180000 secs] [Times: user=0.07 sys=0.00, real=0.02 secs] 
2014-07-16T09:40:04.927+0000: 2959.990: [GC [PSYoungGen: 745836K->6814K(721472K)] 972700K->233767K(1169600K), 0.0171320 secs] [Times: user=0.06 sys=0.00, real=0.02 secs] 
2014-07-16T09:40:06.466+0000: 2961.529: [GC [PSYoungGen: 721347K->4784K(852736K)] 948300K->233913K(1300864K), 0.0245570 secs] [Times: user=0.09 sys=0.00, real=0.03 secs] 
2014-07-16T09:40:08.289+0000: 2963.351: [GC [PSYoungGen: 852720K->6650K(1013376K)] 1081849K->235835K(1461504K), 0.0240900 secs] [Times: user=0.09 sys=0.00, real=0.03 secs] 
2014-07-16T09:40:10.487+0000: 2965.550: [GC [PSYoungGen: 1013353K->3306K(1198144K)] 1242537K->236105K(1646272K), 0.0209030 secs] [Times: user=0.07 sys=0.00, real=0.02 secs] 
2014-07-16T09:40:13.076+0000: 2968.138: [GC [PSYoungGen: 1198122K->6828K(1152064K)] 1430921K->239795K(1600192K), 0.0061050 secs] [Times: user=0.02 sys=0.00, real=0.01 secs] 
2014-07-16T09:40:15.573+0000: 2970.635: [GC [PSYoungGen: 1152044K->4586K(1102592K)] 1385011K->239995K(1550720K), 0.0259920 secs] [Times: user=0.09 sys=0.00, real=0.02 secs] 
2014-07-16T09:40:17.930+0000: 2972.992: [GC [PSYoungGen: 1102570K->6518K(1308864K)] 1337979K->242023K(1756992K), 0.0310640 secs] [Times: user=0.11 sys=0.01, real=0.04 secs] 
2014-07-16T09:40:20.827+0000: 2975.889: [GC [PSYoungGen: 1308854K->3516K(1251008K)] 1544359K->242429K(1699136K), 0.0076230 secs] [Times: user=0.02 sys=0.00, real=0.01 secs] 
2014-07-16T09:40:23.491+0000: 2978.554: [GC [PSYoungGen: 1251004K->6938K(1202304K)] 1489917K->246051K(1650432K), 0.0207560 secs] [Times: user=0.07 sys=0.01, real=0.03 secs] 
2014-07-16T09:40:26.120+0000: 2981.183: [GC [PSYoungGen: 1202266K->4148K(1149824K)] 1441379K->246134K(1597952K), 0.0056310 secs] [Times: user=0.01 sys=0.01, real=0.01 secs] 
2014-07-16T09:40:28.575+0000: 2983.638: [GC [PSYoungGen: 1149812K->6746K(1105216K)] 1391798K->248852K(1553344K), 0.0275780 secs] [Times: user=0.09 sys=0.00, real=0.02 secs] 
2014-07-16T09:40:30.954+0000: 2986.017: [GC [PSYoungGen: 1105178K->3680K(1057216K)] 1347284K->249170K(1505344K), 0.0086850 secs] [Times: user=0.02 sys=0.00, real=0.00 secs] 
2014-07-16T09:40:33.220+0000: 2988.282: [GC [PSYoungGen: 1057184K->6878K(1017664K)] 1302674K->252568K(1465792K), 0.0243540 secs] [Times: user=0.09 sys=0.00, real=0.03 secs] 
2014-07-16T09:40:35.499+0000: 2990.562: [GC [PSYoungGen: 1017630K->4158K(974208K)] 1263320K->252808K(1422336K), 0.0265130 secs] [Times: user=0.08 sys=0.00, real=0.03 secs] 
2014-07-16T09:40:37.596+0000: 2992.658: [GC [PSYoungGen: 974206K->6586K(937920K)] 1222856K->255364K(1386048K), 0.0228770 secs] [Times: user=0.09 sys=0.00, real=0.02 secs] 
2014-07-16T09:40:39.625+0000: 2994.688: [GC [PSYoungGen: 937914K->4002K(898496K)] 1186692K->255640K(1346624K), 0.0083750 secs] [Times: user=0.03 sys=0.00, real=0.00 secs] 
2014-07-16T09:40:41.608+0000: 2996.671: [GC [PSYoungGen: 898466K->6860K(866240K)] 1150104K->258610K(1314368K), 0.0158350 secs] [Times: user=0.06 sys=0.00, real=0.01 secs] 
2014-07-16T09:40:43.446+0000: 2998.509: [GC [PSYoungGen: 866188K->3702K(829568K)] 1117938K->258801K(1277696K), 0.0073210 secs] [Times: user=0.02 sys=0.00, real=0.00 secs] 
2014-07-16T09:40:45.227+0000: 3000.289: [GC [PSYoungGen: 829558K->6582K(800576K)] 1084657K->261770K(1248704K), 0.0121730 secs] [Times: user=0.05 sys=0.00, real=0.01 secs] 
2014-07-16T09:40:46.953+0000: 3002.015: [GC [PSYoungGen: 800566K->4348K(946880K)] 1055754K->261914K(1395008K), 0.0392770 secs] [Times: user=0.15 sys=0.00, real=0.04 secs] 
2014-07-16T09:40:48.984+0000: 3004.047: [GC [PSYoungGen: 946876K->6914K(1125760K)] 1204442K->264544K(1573888K), 0.0213640 secs] [Times: user=0.08 sys=0.00, real=0.03 secs] 
2014-07-16T09:40:51.401+0000: 3006.463: [GC [PSYoungGen: 1125698K->3316K(1330368K)] 1383328K->264722K(1778496K), 0.0189620 secs] [Times: user=0.07 sys=0.00, real=0.02 secs] 
2014-07-16T09:40:54.345+0000: 3009.408: [GC [PSYoungGen: 1330356K->6910K(1277888K)] 1591762K->268468K(1726016K), 0.0075380 secs] [Times: user=0.01 sys=0.00, real=0.01 secs] 
2014-07-16T09:40:57.048+0000: 3012.110: [GC [PSYoungGen: 1277886K->4528K(1222208K)] 1539444K->268690K(1670336K), 0.0187500 secs] [Times: user=0.08 sys=0.00, real=0.01 secs] 
2014-07-16T09:40:59.676+0000: 3014.738: [GC [PSYoungGen: 1222167K->6842K(1173824K)] 1486330K->271077K(1621952K), 0.0107730 secs] [Times: user=0.03 sys=0.01, real=0.01 secs] 
2014-07-16T09:41:02.194+0000: 3017.256: [GC [PSYoungGen: 1173762K->3360K(1122112K)] 1437996K->271343K(1570240K), 0.0351240 secs] [Times: user=0.12 sys=0.00, real=0.04 secs] 
2014-07-16T09:41:04.714+0000: 3019.776: [GC [PSYoungGen: 1122079K->6828K(1079680K)] 1390062K->274955K(1527808K), 0.0055880 secs] [Times: user=0.02 sys=0.00, real=0.01 secs] 
2014-07-16T09:41:07.009+0000: 3022.072: [GC [PSYoungGen: 1079660K->4536K(1033664K)] 1347787K->275147K(1481792K), 0.0082090 secs] [Times: user=0.02 sys=0.00, real=0.00 secs] 
2014-07-16T09:41:09.234+0000: 3024.297: [GC [PSYoungGen: 1033656K->6746K(994304K)] 1304267K->277429K(1442432K), 0.0124230 secs] [Times: user=0.04 sys=0.00, real=0.01 secs] 
2014-07-16T09:41:11.395+0000: 3026.457: [GC [PSYoungGen: 994266K->3448K(951360K)] 1264949K->277757K(1399488K), 0.0210330 secs] [Times: user=0.08 sys=0.00, real=0.02 secs] 
2014-07-16T09:41:13.472+0000: 3028.535: [GC [PSYoungGen: 951352K->6760K(916992K)] 1225661K->281246K(1365120K), 0.0086640 secs] [Times: user=0.03 sys=0.00, real=0.01 secs] 
2014-07-16T09:41:15.458+0000: 3030.521: [GC [PSYoungGen: 916968K->4518K(878848K)] 1191454K->281546K(1326976K), 0.0070460 secs] [Times: user=0.02 sys=0.00, real=0.01 secs] 
2014-07-16T09:41:17.350+0000: 3032.413: [GC [PSYoungGen: 878822K->6764K(846912K)] 1155850K->283888K(1295040K), 0.0253390 secs] [Times: user=0.09 sys=0.01, real=0.02 secs] 
2014-07-16T09:41:19.155+0000: 3034.218: [GC [PSYoungGen: 846892K->3428K(811008K)] 1124016K->284083K(1259136K), 0.0103130 secs] [Times: user=0.03 sys=0.00, real=0.01 secs] 
2014-07-16T09:41:21.017+0000: 3036.079: [GC [PSYoungGen: 810980K->6696K(783296K)] 1091635K->287423K(1231424K), 0.0137450 secs] [Times: user=0.05 sys=0.01, real=0.01 secs] 
2014-07-16T09:41:22.682+0000: 3037.745: [GC [PSYoungGen: 783272K->4472K(751488K)] 1063999K->287735K(1199616K), 0.0074540 secs] [Times: user=0.02 sys=0.00, real=0.00 secs] 
2014-07-16T09:41:24.301+0000: 3039.364: [GC [PSYoungGen: 751480K->6782K(725632K)] 1034743K->290141K(1173760K), 0.0129740 secs] [Times: user=0.04 sys=0.00, real=0.01 secs] 
2014-07-16T09:41:25.876+0000: 3040.938: [GC [PSYoungGen: 725630K->3388K(695424K)] 1008989K->290219K(1143552K), 0.0269320 secs] [Times: user=0.09 sys=0.00, real=0.03 secs] 
2014-07-16T09:41:27.384+0000: 3042.446: [GC [PSYoungGen: 695420K->6632K(673088K)] 982251K->293535K(1121216K), 0.0096760 secs] [Times: user=0.04 sys=0.01, real=0.01 secs] 
2014-07-16T09:41:28.821+0000: 3043.883: [GC [PSYoungGen: 673064K->4596K(795200K)] 959967K->293689K(1243328K), 0.0212240 secs] [Times: user=0.08 sys=0.00, real=0.03 secs] 
2014-07-16T09:41:30.604+0000: 3045.666: [GC [PSYoungGen: 795188K->6874K(944512K)] 1084281K->296039K(1392640K), 0.0167320 secs] [Times: user=0.05 sys=0.01, real=0.01 secs] 
2014-07-16T09:41:32.636+0000: 3047.699: [GC [PSYoungGen: 944474K->2978K(1114688K)] 1233639K->296241K(1562816K), 0.0184530 secs] [Times: user=0.06 sys=0.00, real=0.02 secs] 
2014-07-16T09:41:35.082+0000: 3050.145: [GC [PSYoungGen: 1114658K->6928K(1326144K)] 1407921K->300319K(1774272K), 0.0314470 secs] [Times: user=0.11 sys=0.00, real=0.04 secs] 
2014-07-16T09:41:37.897+0000: 3052.959: [GC [PSYoungGen: 1326096K->4650K(1268160K)] 1619487K->300321K(1716288K), 0.0120530 secs] [Times: user=0.04 sys=0.00, real=0.01 secs] 
2014-07-16T09:41:40.662+0000: 3055.725: [GC [PSYoungGen: 1268138K->6874K(1217472K)] 1563809K->302625K(1665600K), 0.0060600 secs] [Times: user=0.02 sys=0.00, real=0.01 secs] 
2014-07-16T09:41:43.252+0000: 3058.314: [GC [PSYoungGen: 1217434K->2914K(1163136K)] 1513185K->302822K(1611264K), 0.0076020 secs] [Times: user=0.02 sys=0.00, real=0.01 secs] 
2014-07-16T09:41:45.819+0000: 3060.882: [GC [PSYoungGen: 1163106K->6846K(1119104K)] 1463014K->306859K(1567232K), 0.0231620 secs] [Times: user=0.08 sys=0.01, real=0.02 secs] 
2014-07-16T09:41:48.229+0000: 3063.291: [GC [PSYoungGen: 1119102K->4714K(1071360K)] 1419115K->307143K(1519488K), 0.0187980 secs] [Times: user=0.07 sys=0.00, real=0.02 secs] 
2014-07-16T09:41:50.553+0000: 3065.615: [GC [PSYoungGen: 1071338K->6678K(1029952K)] 1373767K->309203K(1478080K), 0.0362470 secs] [Times: user=0.11 sys=0.01, real=0.04 secs] 
2014-07-16T09:41:52.742+0000: 3067.805: [GC [PSYoungGen: 1029910K->3178K(985152K)] 1332435K->309555K(1433280K), 0.0104090 secs] [Times: user=0.01 sys=0.00, real=0.01 secs] 
2014-07-16T09:41:54.867+0000: 3069.930: [GC [PSYoungGen: 985130K->6714K(949376K)] 1291507K->313211K(1397504K), 0.0060110 secs] [Times: user=0.02 sys=0.01, real=0.00 secs] 
2014-07-16T09:41:56.917+0000: 3071.979: [GC [PSYoungGen: 949370K->4714K(909952K)] 1255867K->313365K(1358080K), 0.0066220 secs] [Times: user=0.02 sys=0.00, real=0.00 secs] 
2014-07-16T09:41:58.865+0000: 3073.927: [GC [PSYoungGen: 909930K->6600K(876224K)] 1218581K->315347K(1324352K), 0.0083350 secs] [Times: user=0.01 sys=0.00, real=0.01 secs] 
2014-07-16T09:42:00.776+0000: 3075.839: [GC [PSYoungGen: 876168K->3248K(838912K)] 1184915K->315635K(1287040K), 0.0266690 secs] [Times: user=0.09 sys=0.00, real=0.03 secs] 
2014-07-16T09:42:02.583+0000: 3077.645: [GC [PSYoungGen: 838896K->6796K(810176K)] 1151283K->319328K(1258304K), 0.0177100 secs] [Times: user=0.07 sys=0.00, real=0.02 secs] 
2014-07-16T09:42:04.309+0000: 3079.371: [GC [PSYoungGen: 810124K->4394K(776960K)] 1122656K->319460K(1225088K), 0.0148800 secs] [Times: user=0.04 sys=0.00, real=0.01 secs] 
2014-07-16T09:42:06.022+0000: 3081.085: [GC [PSYoungGen: 776938K->6600K(749824K)] 1092004K->321794K(1197952K), 0.0152200 secs] [Times: user=0.06 sys=0.00, real=0.02 secs] 
2014-07-16T09:42:07.621+0000: 3082.683: [GC [PSYoungGen: 749768K->3434K(885824K)] 1064962K->321863K(1333952K), 0.0301720 secs] [Times: user=0.11 sys=0.00, real=0.03 secs] 
2014-07-16T09:42:09.530+0000: 3084.593: [GC [PSYoungGen: 885802K->7092K(1054720K)] 1204231K->325569K(1502848K), 0.0211200 secs] [Times: user=0.07 sys=0.01, real=0.02 secs] 
2014-07-16T09:42:11.812+0000: 3086.875: [GC [PSYoungGen: 1054705K->3948K(1249152K)] 1373182K->325717K(1697280K), 0.0375600 secs] [Times: user=0.12 sys=0.00, real=0.04 secs] 
2014-07-16T09:42:14.516+0000: 3089.578: [GC [PSYoungGen: 1249132K->6682K(1485248K)] 1570901K->328587K(1933376K), 0.0196730 secs] [Times: user=0.07 sys=0.00, real=0.02 secs] 
2014-07-16T09:42:17.726+0000: 3092.789: [GC [PSYoungGen: 1485210K->4198K(1598144K)] 1807115K->328992K(2046272K), 0.0156220 secs] [Times: user=0.06 sys=0.00, real=0.02 secs] 
2014-07-16T09:42:21.234+0000: 3096.296: [GC [PSYoungGen: 1598118K->6956K(1531776K)] 1922912K->331854K(1979904K), 0.0159840 secs] [Times: user=0.06 sys=0.00, real=0.01 secs] 
2014-07-16T09:42:24.514+0000: 3099.577: [GC [PSYoungGen: 1531748K->488K(1459584K)] 1856646K->332112K(1907712K), 0.0084780 secs] [Times: user=0.02 sys=0.00, real=0.01 secs] 
2014-07-16T09:42:27.718+0000: 3102.781: [GC [PSYoungGen: 1459560K->7402K(1403968K)] 1791184K->339059K(1852096K), 0.0076260 secs] [Times: user=0.02 sys=0.00, real=0.01 secs] 
2014-07-16T09:42:30.736+0000: 3105.798: [GC [PSYoungGen: 1403946K->6646K(1343744K)] 1735603K->339205K(1791872K), 0.0143200 secs] [Times: user=0.05 sys=0.00, real=0.01 secs] 
2014-07-16T09:42:33.665+0000: 3108.728: [GC [PSYoungGen: 1343734K->6596K(1287232K)] 1676293K->339315K(1735360K), 0.0140430 secs] [Times: user=0.05 sys=0.00, real=0.01 secs] 
2014-07-16T09:42:36.443+0000: 3111.506: [GC [PSYoungGen: 1287172K->1966K(1228800K)] 1619891K->339866K(1676928K), 0.0290770 secs] [Times: user=0.10 sys=0.00, real=0.03 secs] 
2014-07-16T09:42:39.150+0000: 3114.212: [GC [PSYoungGen: 1228782K->7074K(1182784K)] 1566682K->345063K(1630912K), 0.0307220 secs] [Times: user=0.11 sys=0.00, real=0.03 secs] 
2014-07-16T09:42:41.677+0000: 3116.740: [GC [PSYoungGen: 1182754K->6190K(1133184K)] 1520743K->345201K(1581312K), 0.0140230 secs] [Times: user=0.05 sys=0.00, real=0.01 secs] 
2014-07-16T09:42:44.095+0000: 3119.157: [GC [PSYoungGen: 1133166K->6628K(1087296K)] 1472177K->345799K(1535424K), 0.0104440 secs] [Times: user=0.03 sys=0.01, real=0.01 secs] 
2014-07-16T09:42:46.489+0000: 3121.551: [GC [PSYoungGen: 1087268K->2404K(1038976K)] 1426439K->346124K(1487104K), 0.0154470 secs] [Times: user=0.05 sys=0.00, real=0.02 secs] 
2014-07-16T09:42:48.761+0000: 3123.824: [GC [PSYoungGen: 1038948K->7074K(1001728K)] 1382668K->350922K(1449856K), 0.0098370 secs] [Times: user=0.04 sys=0.00, real=0.01 secs] 
2014-07-16T09:42:50.954+0000: 3126.017: [GC [PSYoungGen: 1001698K->5610K(960320K)] 1345546K->350993K(1408448K), 0.0330120 secs] [Times: user=0.13 sys=0.00, real=0.03 secs] 
2014-07-16T09:42:53.056+0000: 3128.119: [GC [PSYoungGen: 960298K->6582K(923264K)] 1305681K->352181K(1371392K), 0.0161410 secs] [Times: user=0.03 sys=0.00, real=0.01 secs] 
2014-07-16T09:42:55.040+0000: 3130.102: [GC [PSYoungGen: 923245K->2914K(883392K)] 1268843K->352594K(1331520K), 0.0140040 secs] [Times: user=0.04 sys=0.00, real=0.01 secs] 
2014-07-16T09:42:56.952+0000: 3132.015: [GC [PSYoungGen: 883362K->7188K(853184K)] 1233042K->356964K(1301312K), 0.0245650 secs] [Times: user=0.09 sys=0.00, real=0.03 secs] 
2014-07-16T09:42:58.776+0000: 3133.838: [GC [PSYoungGen: 853140K->4988K(818112K)] 1202916K->356898K(1266240K), 0.0138300 secs] [Times: user=0.04 sys=0.00, real=0.01 secs] 
2014-07-16T09:43:00.520+0000: 3135.582: [GC [PSYoungGen: 818108K->6742K(970624K)] 1170018K->358716K(1418752K), 0.0212960 secs] [Times: user=0.08 sys=0.00, real=0.02 secs] 
2014-07-16T09:43:02.608+0000: 3137.670: [GC [PSYoungGen: 970582K->3370K(928768K)] 1322556K->359048K(1376896K), 0.0093830 secs] [Times: user=0.02 sys=0.00, real=0.01 secs] 
2014-07-16T09:43:04.600+0000: 3139.662: [GC [PSYoungGen: 928746K->6746K(895552K)] 1284424K->362544K(1343680K), 0.0179570 secs] [Times: user=0.07 sys=0.00, real=0.02 secs] 
2014-07-16T09:43:06.572+0000: 3141.635: [GC [PSYoungGen: 895514K->4980K(1058688K)] 1251312K->362806K(1506816K), 0.0258830 secs] [Times: user=0.09 sys=0.00, real=0.03 secs] 
2014-07-16T09:43:08.818+0000: 3143.880: [GC [PSYoungGen: 1058676K->6532K(1017536K)] 1416502K->364438K(1465664K), 0.0089620 secs] [Times: user=0.02 sys=0.00, real=0.00 secs] 
2014-07-16T09:43:10.984+0000: 3146.046: [GC [PSYoungGen: 1017476K->3424K(973696K)] 1375382K->364763K(1421824K), 0.0156570 secs] [Times: user=0.06 sys=0.00, real=0.02 secs] 
2014-07-16T09:43:13.098+0000: 3148.161: [GC [PSYoungGen: 973664K->6728K(1158080K)] 1335003K->368212K(1606208K), 0.0381880 secs] [Times: user=0.14 sys=0.00, real=0.03 secs] 
2014-07-16T09:43:15.566+0000: 3150.629: [GC [PSYoungGen: 1158024K->4768K(1370560K)] 1519508K->368602K(1818688K), 0.0227920 secs] [Times: user=0.08 sys=0.00, real=0.03 secs] 
2014-07-16T09:43:18.524+0000: 3153.586: [GC [PSYoungGen: 1370528K->6964K(1314816K)] 1734362K->370870K(1762944K), 0.0133120 secs] [Times: user=0.04 sys=0.00, real=0.01 secs] 
2014-07-16T09:43:21.361+0000: 3156.423: [GC [PSYoungGen: 1314804K->3238K(1256000K)] 1678710K->371112K(1704128K), 0.0218290 secs] [Times: user=0.08 sys=0.00, real=0.02 secs] 
2014-07-16T09:43:24.102+0000: 3159.164: [GC [PSYoungGen: 1255974K->6810K(1207168K)] 1623848K->374860K(1655296K), 0.0220770 secs] [Times: user=0.08 sys=0.00, real=0.02 secs] 
2014-07-16T09:43:26.784+0000: 3161.847: [GC [PSYoungGen: 1207130K->4904K(1155392K)] 1575180K->375170K(1603520K), 0.0062450 secs] [Times: user=0.01 sys=0.00, real=0.01 secs] 
2014-07-16T09:43:29.260+0000: 3164.323: [GC [PSYoungGen: 1155368K->6778K(1109824K)] 1525634K->377141K(1557952K), 0.0289970 secs] [Times: user=0.11 sys=0.00, real=0.02 secs] 
2014-07-16T09:43:31.659+0000: 3166.721: [GC [PSYoungGen: 1109818K->3306K(1061184K)] 1480181K->377496K(1509312K), 0.0086190 secs] [Times: user=0.02 sys=0.00, real=0.01 secs] 
2014-07-16T09:43:34.039+0000: 3169.102: [GC [PSYoungGen: 1061162K->6846K(1021760K)] 1435352K->381164K(1469888K), 0.0071450 secs] [Times: user=0.02 sys=0.00, real=0.01 secs] 
2014-07-16T09:43:36.222+0000: 3171.284: [GC [PSYoungGen: 1021758K->4846K(978880K)] 1396076K->381456K(1427008K), 0.0132340 secs] [Times: user=0.05 sys=0.00, real=0.01 secs] 
2014-07-16T09:43:38.365+0000: 3173.427: [GC [PSYoungGen: 978862K->6796K(941952K)] 1355472K->383463K(1390080K), 0.0140350 secs] [Times: user=0.05 sys=0.00, real=0.01 secs] 
2014-07-16T09:43:40.387+0000: 3175.449: [GC [PSYoungGen: 941900K->3312K(901376K)] 1318567K->383790K(1349504K), 0.0229560 secs] [Times: user=0.08 sys=0.00, real=0.02 secs] 
2014-07-16T09:43:42.342+0000: 3177.404: [GC [PSYoungGen: 901360K->7010K(869760K)] 1281838K->387641K(1317888K), 0.0179880 secs] [Times: user=0.07 sys=0.00, real=0.02 secs] 
2014-07-16T09:43:44.177+0000: 3179.239: [GC [PSYoungGen: 869730K->4650K(833792K)] 1250361K->387867K(1281920K), 0.0063260 secs] [Times: user=0.02 sys=0.00, real=0.01 secs] 
2014-07-16T09:43:45.962+0000: 3181.024: [GC [PSYoungGen: 833770K->6700K(990080K)] 1216987K->390021K(1438208K), 0.0355860 secs] [Times: user=0.12 sys=0.00, real=0.04 secs] 
2014-07-16T09:43:48.104+0000: 3183.167: [GC [PSYoungGen: 990060K->3616K(1173184K)] 1373381K->390330K(1621312K), 0.0491960 secs] [Times: user=0.17 sys=0.00, real=0.05 secs] 
2014-07-16T09:43:50.630+0000: 3185.692: [GC [PSYoungGen: 1173152K->6856K(1395456K)] 1559866K->393650K(1843584K), 0.0114570 secs] [Times: user=0.03 sys=0.00, real=0.01 secs] 
2014-07-16T09:43:53.646+0000: 3188.708: [GC [PSYoungGen: 1395400K->4476K(1333952K)] 1782194K->393856K(1782080K), 0.0061980 secs] [Times: user=0.02 sys=0.00, real=0.00 secs] 
2014-07-16T09:43:56.542+0000: 3191.604: [GC [PSYoungGen: 1333948K->6564K(1279872K)] 1723328K->396104K(1728000K), 0.0272420 secs] [Times: user=0.09 sys=0.01, real=0.03 secs] 
2014-07-16T09:43:59.305+0000: 3194.368: [GC [PSYoungGen: 1279844K->3816K(1223680K)] 1669384K->396501K(1671808K), 0.0059580 secs] [Times: user=0.02 sys=0.00, real=0.00 secs] 
2014-07-16T09:44:01.938+0000: 3197.001: [GC [PSYoungGen: 1223656K->6842K(1175872K)] 1616341K->399639K(1624000K), 0.0122290 secs] [Times: user=0.03 sys=0.00, real=0.01 secs] 
2014-07-16T09:44:04.462+0000: 3199.525: [GC [PSYoungGen: 1175866K->4194K(1124864K)] 1568663K->399877K(1572992K), 0.0176420 secs] [Times: user=0.06 sys=0.00, real=0.02 secs] 
2014-07-16T09:44:06.855+0000: 3201.917: [GC [PSYoungGen: 1124834K->6614K(1081280K)] 1520517K->402433K(1529408K), 0.0212640 secs] [Times: user=0.07 sys=0.01, real=0.03 secs] 
2014-07-16T09:44:09.259+0000: 3204.321: [GC [PSYoungGen: 1081238K->4016K(1034880K)] 1477057K->402676K(1483008K), 0.0153100 secs] [Times: user=0.06 sys=0.00, real=0.01 secs] 
2014-07-16T09:44:11.489+0000: 3206.551: [GC [PSYoungGen: 1034864K->6824K(996032K)] 1433524K->405668K(1444160K), 0.0307560 secs] [Times: user=0.10 sys=0.00, real=0.03 secs] 
2014-07-16T09:44:13.710+0000: 3208.773: [GC [PSYoungGen: 995979K->3894K(1177344K)] 1394822K->405848K(1625472K), 0.0319260 secs] [Times: user=0.12 sys=0.00, real=0.03 secs] 
2014-07-16T09:44:16.274+0000: 3211.336: [GC [PSYoungGen: 1177334K->6650K(1399040K)] 1579288K->408716K(1847168K), 0.0290150 secs] [Times: user=0.10 sys=0.00, real=0.03 secs] 
2014-07-16T09:44:19.303+0000: 3214.366: [GC [PSYoungGen: 1399034K->4208K(1337344K)] 1801100K->409048K(1785472K), 0.0169910 secs] [Times: user=0.06 sys=0.00, real=0.02 secs] 
2014-07-16T09:44:22.208+0000: 3217.271: [GC [PSYoungGen: 1337328K->6878K(1283712K)] 1742168K->411846K(1731840K), 0.0109020 secs] [Times: user=0.03 sys=0.00, real=0.01 secs] 
2014-07-16T09:44:25.013+0000: 3220.076: [GC [PSYoungGen: 1283678K->3616K(1226880K)] 1688646K->412097K(1675008K), 0.0163560 secs] [Times: user=0.03 sys=0.00, real=0.02 secs] 
2014-07-16T09:44:27.635+0000: 3222.698: [GC [PSYoungGen: 1226848K->6746K(1179008K)] 1635329K->415331K(1627136K), 0.0307570 secs] [Times: user=0.11 sys=0.00, real=0.03 secs] 
2014-07-16T09:44:30.247+0000: 3225.309: [GC [PSYoungGen: 1178970K->4324K(1128064K)] 1587555K->415571K(1576192K), 0.0201310 secs] [Times: user=0.08 sys=0.00, real=0.02 secs] 
2014-07-16T09:44:32.690+0000: 3227.752: [GC [PSYoungGen: 1128036K->7074K(1084672K)] 1539283K->418514K(1532800K), 0.0111840 secs] [Times: user=0.03 sys=0.01, real=0.02 secs] 
2014-07-16T09:44:35.042+0000: 3230.105: [GC [PSYoungGen: 1084642K->3320K(1036992K)] 1496082K->418568K(1485120K), 0.0176340 secs] [Times: user=0.07 sys=0.00, real=0.02 secs] 
2014-07-16T09:44:37.266+0000: 3232.329: [GC [PSYoungGen: 1036984K->6696K(998592K)] 1452232K->422040K(1446720K), 0.0172960 secs] [Times: user=0.07 sys=0.00, real=0.02 secs] 
2014-07-16T09:44:39.425+0000: 3234.488: [GC [PSYoungGen: 998568K->4832K(956928K)] 1413912K->422184K(1405056K), 0.0137900 secs] [Times: user=0.04 sys=0.00, real=0.01 secs] 
2014-07-16T09:44:41.525+0000: 3236.588: [GC [PSYoungGen: 956896K->6892K(1135552K)] 1374248K->424372K(1583680K), 0.0350420 secs] [Times: user=0.12 sys=0.00, real=0.03 secs] 
2014-07-16T09:44:43.946+0000: 3239.009: [GC [PSYoungGen: 1135532K->2996K(1341184K)] 1553012K->424523K(1789312K), 0.0242880 secs] [Times: user=0.09 sys=0.00, real=0.02 secs] 
2014-07-16T09:44:46.826+0000: 3241.888: [GC [PSYoungGen: 1341172K->6614K(1288256K)] 1762699K->428254K(1736384K), 0.0174040 secs] [Times: user=0.05 sys=0.00, real=0.02 secs] 
2014-07-16T09:44:49.621+0000: 3244.683: [GC [PSYoungGen: 1288214K->5106K(1232896K)] 1709854K->428724K(1681024K), 0.0168720 secs] [Times: user=0.06 sys=0.00, real=0.02 secs] 
2014-07-16T09:44:52.276+0000: 3247.339: [GC [PSYoungGen: 1232882K->6710K(1183296K)] 1656500K->430488K(1631424K), 0.0138430 secs] [Times: user=0.02 sys=0.00, real=0.01 secs] 
2014-07-16T09:44:54.882+0000: 3249.944: [GC [PSYoungGen: 1183286K->2928K(1130816K)] 1607064K->430728K(1578944K), 0.0295320 secs] [Times: user=0.11 sys=0.00, real=0.03 secs] 
2014-07-16T09:44:57.342+0000: 3252.405: [GC [PSYoungGen: 1130800K->6946K(1088512K)] 1558600K->434867K(1536640K), 0.0250290 secs] [Times: user=0.09 sys=0.00, real=0.03 secs] 
2014-07-16T09:44:59.660+0000: 3254.722: [GC [PSYoungGen: 1088482K->4832K(1287744K)] 1516403K->434987K(1735872K), 0.0319320 secs] [Times: user=0.10 sys=0.00, real=0.03 secs] 
2014-07-16T09:45:02.421+0000: 3257.483: [GC [PSYoungGen: 1287712K->6978K(1236032K)] 1717867K->437269K(1684160K), 0.0167910 secs] [Times: user=0.06 sys=0.00, real=0.02 secs] 
2014-07-16T09:45:05.092+0000: 3260.154: [GC [PSYoungGen: 1235970K->2850K(1180608K)] 1666261K->437421K(1628736K), 0.0137710 secs] [Times: user=0.05 sys=0.00, real=0.02 secs] 
2014-07-16T09:45:07.614+0000: 3262.677: [GC [PSYoungGen: 1180578K->6978K(1136000K)] 1615149K->441669K(1584128K), 0.0207010 secs] [Times: user=0.08 sys=0.01, real=0.03 secs] 
2014-07-16T09:45:10.033+0000: 3265.096: [GC [PSYoungGen: 1135938K->4832K(1087424K)] 1570629K->441793K(1535552K), 0.0078800 secs] [Times: user=0.02 sys=0.00, real=0.01 secs] 
2014-07-16T09:45:12.388+0000: 3267.451: [GC [PSYoungGen: 1087392K->6764K(1045184K)] 1524353K->443869K(1493312K), 0.0056830 secs] [Times: user=0.02 sys=0.00, real=0.00 secs] 
2014-07-16T09:45:14.677+0000: 3269.740: [GC [PSYoungGen: 1045164K->3124K(999488K)] 1482269K->444030K(1447616K), 0.0086160 secs] [Times: user=0.02 sys=0.00, real=0.01 secs] 
2014-07-16T09:45:16.837+0000: 3271.900: [GC [PSYoungGen: 999454K->6878K(963264K)] 1440360K->447921K(1411392K), 0.0286310 secs] [Times: user=0.11 sys=0.00, real=0.03 secs] 
2014-07-16T09:45:18.958+0000: 3274.021: [GC [PSYoungGen: 963230K->4590K(922880K)] 1404273K->447939K(1371008K), 0.0081530 secs] [Times: user=0.03 sys=0.00, real=0.00 secs] 
2014-07-16T09:45:18.967+0000: 3274.029: [Full GC [PSYoungGen: 4590K->0K(922880K)] [ParOldGen: 443348K->213742K(460160K)] 447939K->213742K(1383040K) [PSPermGen: 11242K->11242K(21504K)], 0.3122200 secs] [Times: user=1.17 sys=0.00, real=0.32 secs] 
2014-07-16T09:45:20.997+0000: 3276.060: [GC [PSYoungGen: 918272K->7288K(889216K)] 1132014K->221059K(1349376K), 0.0134220 secs] [Times: user=0.04 sys=0.00, real=0.01 secs] 
2014-07-16T09:45:22.906+0000: 3277.969: [GC [PSYoungGen: 889208K->2736K(850048K)] 1102979K->221458K(1310208K), 0.0106220 secs] [Times: user=0.02 sys=0.00, real=0.01 secs] 
2014-07-16T09:45:24.814+0000: 3279.876: [GC [PSYoungGen: 850032K->6928K(821312K)] 1068754K->225731K(1281472K), 0.0112320 secs] [Times: user=0.04 sys=0.00, real=0.01 secs] 
2014-07-16T09:45:26.585+0000: 3281.647: [GC [PSYoungGen: 821264K->5554K(788480K)] 1040067K->225803K(1248640K), 0.0083660 secs] [Times: user=0.02 sys=0.00, real=0.01 secs] 
2014-07-16T09:45:28.296+0000: 3283.358: [GC [PSYoungGen: 788466K->6550K(759616K)] 1008715K->226879K(1219776K), 0.0072550 secs] [Times: user=0.02 sys=0.00, real=0.01 secs] 
2014-07-16T09:45:29.985+0000: 3285.047: [GC [PSYoungGen: 759574K->2982K(727552K)] 979903K->227318K(1187712K), 0.0058850 secs] [Times: user=0.02 sys=0.00, real=0.01 secs] 
2014-07-16T09:45:31.552+0000: 3286.615: [GC [PSYoungGen: 727526K->6678K(704128K)] 951862K->231143K(1164288K), 0.0090280 secs] [Times: user=0.01 sys=0.00, real=0.01 secs] 
2014-07-16T09:45:33.071+0000: 3288.133: [GC [PSYoungGen: 704086K->5284K(676800K)] 928551K->231373K(1136960K), 0.0091160 secs] [Times: user=0.01 sys=0.00, real=0.01 secs] 
2014-07-16T09:45:34.575+0000: 3289.637: [GC [PSYoungGen: 676772K->6678K(803456K)] 902861K->232855K(1263616K), 0.0421500 secs] [Times: user=0.14 sys=0.00, real=0.04 secs] 
2014-07-16T09:45:36.326+0000: 3291.389: [GC [PSYoungGen: 803414K->2992K(769152K)] 1029591K->233075K(1229312K), 0.0067160 secs] [Times: user=0.02 sys=0.00, real=0.01 secs] 
2014-07-16T09:45:37.971+0000: 3293.034: [GC [PSYoungGen: 769136K->6782K(914816K)] 999219K->236953K(1374976K), 0.0198190 secs] [Times: user=0.07 sys=0.00, real=0.02 secs] 
2014-07-16T09:45:39.954+0000: 3295.017: [GC [PSYoungGen: 914814K->5118K(1081024K)] 1144985K->237179K(1541184K), 0.0176800 secs] [Times: user=0.06 sys=0.00, real=0.02 secs] 
2014-07-16T09:45:42.279+0000: 3297.342: [GC [PSYoungGen: 1081022K->6796K(1282048K)] 1313083K->238994K(1742208K), 0.0248090 secs] [Times: user=0.06 sys=0.00, real=0.03 secs] 
2014-07-16T09:45:45.033+0000: 3300.096: [GC [PSYoungGen: 1281996K->2800K(1224384K)] 1514194K->239415K(1684544K), 0.0098740 secs] [Times: user=0.02 sys=0.00, real=0.01 secs] 
2014-07-16T09:45:47.754+0000: 3302.817: [GC [PSYoungGen: 1224368K->7028K(1177600K)] 1460983K->243731K(1637760K), 0.0058050 secs] [Times: user=0.01 sys=0.00, real=0.00 secs] 
2014-07-16T09:45:50.300+0000: 3305.363: [GC [PSYoungGen: 1177573K->5028K(1127104K)] 1414276K->243969K(1587264K), 0.0209400 secs] [Times: user=0.07 sys=0.00, real=0.02 secs] 
2014-07-16T09:45:52.731+0000: 3307.793: [GC [PSYoungGen: 1127076K->6682K(1082624K)] 1366017K->245807K(1542784K), 0.0139610 secs] [Times: user=0.05 sys=0.00, real=0.02 secs] 
2014-07-16T09:45:55.032+0000: 3310.094: [GC [PSYoungGen: 1082586K->3242K(1035264K)] 1321711K->246005K(1495424K), 0.0073630 secs] [Times: user=0.02 sys=0.00, real=0.01 secs] 
2014-07-16T09:45:57.300+0000: 3312.362: [GC [PSYoungGen: 1035242K->6928K(997184K)] 1278005K->249772K(1457344K), 0.0244610 secs] [Times: user=0.09 sys=0.00, real=0.03 secs] 
2014-07-16T09:45:59.445+0000: 3314.508: [GC [PSYoungGen: 997136K->4796K(955200K)] 1239980K->249824K(1415360K), 0.0054580 secs] [Times: user=0.02 sys=0.00, real=0.00 secs] 
2014-07-16T09:46:01.460+0000: 3316.523: [GC [PSYoungGen: 955196K->6728K(919296K)] 1200224K->251950K(1379456K), 0.0192400 secs] [Times: user=0.07 sys=0.00, real=0.02 secs] 
2014-07-16T09:46:03.439+0000: 3318.501: [GC [PSYoungGen: 919240K->3192K(879616K)] 1164462K->252187K(1339776K), 0.0192100 secs] [Times: user=0.06 sys=0.00, real=0.02 secs] 
2014-07-16T09:46:05.334+0000: 3320.396: [GC [PSYoungGen: 879608K->6714K(848768K)] 1128603K->255822K(1308928K), 0.0084070 secs] [Times: user=0.02 sys=0.00, real=0.01 secs] 
2014-07-16T09:46:07.150+0000: 3322.212: [GC [PSYoungGen: 848762K->4832K(814208K)] 1097870K->256014K(1274368K), 0.0129140 secs] [Times: user=0.04 sys=0.00, real=0.01 secs] 
2014-07-16T09:46:08.906+0000: 3323.969: [GC [PSYoungGen: 814176K->6632K(784832K)] 1065358K->257862K(1244992K), 0.0117960 secs] [Times: user=0.04 sys=0.00, real=0.01 secs] 
2014-07-16T09:46:10.612+0000: 3325.674: [GC [PSYoungGen: 784808K->3110K(924992K)] 1036038K->258354K(1385152K), 0.0300130 secs] [Times: user=0.12 sys=0.00, real=0.03 secs] 
2014-07-16T09:46:12.609+0000: 3327.672: [GC [PSYoungGen: 924966K->6842K(892160K)] 1180210K->262230K(1352320K), 0.0156160 secs] [Times: user=0.05 sys=0.00, real=0.01 secs] 
2014-07-16T09:46:14.582+0000: 3329.644: [GC [PSYoungGen: 892154K->4776K(855360K)] 1147542K->262280K(1315520K), 0.0180190 secs] [Times: user=0.07 sys=0.00, real=0.02 secs] 
2014-07-16T09:46:16.368+0000: 3331.430: [GC [PSYoungGen: 855336K->6682K(824192K)] 1112840K->264291K(1284352K), 0.0158030 secs] [Times: user=0.05 sys=0.00, real=0.01 secs] 
2014-07-16T09:46:18.128+0000: 3333.191: [GC [PSYoungGen: 824154K->3134K(789056K)] 1081763K->264511K(1249216K), 0.0060260 secs] [Times: user=0.02 sys=0.00, real=0.00 secs] 
2014-07-16T09:46:19.861+0000: 3334.923: [GC [PSYoungGen: 789021K->6828K(762688K)] 1050399K->268278K(1222848K), 0.0060070 secs] [Times: user=0.02 sys=0.00, real=0.01 secs] 
2014-07-16T09:46:21.514+0000: 3336.576: [GC [PSYoungGen: 762668K->4650K(731904K)] 1024118K->268584K(1192064K), 0.0237150 secs] [Times: user=0.09 sys=0.00, real=0.03 secs] 
2014-07-16T09:46:23.076+0000: 3338.139: [GC [PSYoungGen: 731882K->6778K(868416K)] 995816K->270824K(1328576K), 0.0203290 secs] [Times: user=0.07 sys=0.00, real=0.01 secs] 
2014-07-16T09:46:24.965+0000: 3340.027: [GC [PSYoungGen: 868410K->3174K(831168K)] 1132456K->270996K(1291328K), 0.0061780 secs] [Times: user=0.02 sys=0.00, real=0.01 secs] 
2014-07-16T09:46:26.741+0000: 3341.804: [GC [PSYoungGen: 831142K->6896K(802816K)] 1098964K->274790K(1262976K), 0.0211960 secs] [Times: user=0.08 sys=0.00, real=0.02 secs] 
2014-07-16T09:46:28.481+0000: 3343.543: [GC [PSYoungGen: 802800K->4532K(949312K)] 1070694K->274874K(1409472K), 0.0319300 secs] [Times: user=0.11 sys=0.00, real=0.03 secs] 
2014-07-16T09:46:30.602+0000: 3345.664: [GC [PSYoungGen: 949290K->6660K(1126656K)] 1219632K->277098K(1586816K), 0.0129710 secs] [Times: user=0.05 sys=0.00, real=0.01 secs] 
2014-07-16T09:46:33.042+0000: 3348.104: [GC [PSYoungGen: 1126596K->3238K(1330816K)] 1397034K->277414K(1790976K), 0.0242830 secs] [Times: user=0.09 sys=0.00, real=0.02 secs] 
2014-07-16T09:46:35.978+0000: 3351.040: [GC [PSYoungGen: 1330790K->6874K(1278336K)] 1604966K->281179K(1738496K), 0.0105920 secs] [Times: user=0.03 sys=0.00, real=0.01 secs] 
2014-07-16T09:46:38.714+0000: 3353.777: [GC [PSYoungGen: 1278298K->4344K(1222336K)] 1552603K->281363K(1682496K), 0.0063530 secs] [Times: user=0.01 sys=0.00, real=0.01 secs] 
2014-07-16T09:46:41.365+0000: 3356.427: [GC [PSYoungGen: 1222328K->6988K(1174208K)] 1499347K->284143K(1634368K), 0.0111820 secs] [Times: user=0.04 sys=0.00, real=0.01 secs] 
2014-07-16T09:46:43.888+0000: 3358.950: [GC [PSYoungGen: 1174156K->3110K(1121984K)] 1451311K->284193K(1582144K), 0.0187340 secs] [Times: user=0.07 sys=0.00, real=0.02 secs] 
2014-07-16T09:46:46.306+0000: 3361.368: [GC [PSYoungGen: 1121958K->6760K(1079616K)] 1403041K->287931K(1539776K), 0.0164250 secs] [Times: user=0.06 sys=0.00, real=0.02 secs] 
2014-07-16T09:46:48.625+0000: 3363.688: [GC [PSYoungGen: 1079592K->4714K(1033792K)] 1360763K->288087K(1493952K), 0.0276960 secs] [Times: user=0.11 sys=0.00, real=0.03 secs] 
2014-07-16T09:46:50.889+0000: 3365.952: [GC [PSYoungGen: 1033770K->6810K(994240K)] 1317143K->290255K(1454400K), 0.0050920 secs] [Times: user=0.02 sys=0.00, real=0.01 secs] 
2014-07-16T09:46:53.010+0000: 3368.073: [GC [PSYoungGen: 994189K->2920K(950656K)] 1277634K->290416K(1410816K), 0.0071730 secs] [Times: user=0.02 sys=0.00, real=0.01 secs] 
2014-07-16T09:46:55.157+0000: 3370.220: [GC [PSYoungGen: 950632K->6996K(916992K)] 1238128K->294556K(1377152K), 0.0060190 secs] [Times: user=0.02 sys=0.00, real=0.01 secs] 
2014-07-16T09:46:57.020+0000: 3372.082: [GC [PSYoungGen: 916948K->4522K(878528K)] 1204507K->294696K(1338688K), 0.0070060 secs] [Times: user=0.02 sys=0.00, real=0.01 secs] 
2014-07-16T09:46:58.891+0000: 3373.953: [GC [PSYoungGen: 878506K->6700K(846464K)] 1168680K->296978K(1306624K), 0.0238670 secs] [Times: user=0.09 sys=0.00, real=0.03 secs] 
2014-07-16T09:47:00.762+0000: 3375.825: [GC [PSYoungGen: 846444K->3376K(810560K)] 1136722K->297356K(1270720K), 0.0188020 secs] [Times: user=0.06 sys=0.00, real=0.01 secs] 
2014-07-16T09:47:02.513+0000: 3377.576: [GC [PSYoungGen: 810515K->6978K(783168K)] 1104495K->301142K(1243328K), 0.0080570 secs] [Times: user=0.01 sys=0.01, real=0.00 secs] 
2014-07-16T09:47:04.206+0000: 3379.269: [GC [PSYoungGen: 783106K->4212K(750784K)] 1077270K->301308K(1210944K), 0.0197420 secs] [Times: user=0.07 sys=0.00, real=0.02 secs] 
2014-07-16T09:47:05.817+0000: 3380.879: [GC [PSYoungGen: 750772K->6778K(892480K)] 1047868K->303975K(1352640K), 0.0312090 secs] [Times: user=0.11 sys=0.00, real=0.03 secs] 
2014-07-16T09:47:07.755+0000: 3382.818: [GC [PSYoungGen: 892474K->3764K(854656K)] 1189671K->304221K(1314816K), 0.0079790 secs] [Times: user=0.01 sys=0.00, real=0.01 secs] 
2014-07-16T09:47:09.593+0000: 3384.656: [GC [PSYoungGen: 854644K->6810K(1017344K)] 1155101K->307339K(1477504K), 0.0379120 secs] [Times: user=0.12 sys=0.00, real=0.04 secs] 
2014-07-16T09:47:11.954+0000: 3387.016: [GC [PSYoungGen: 1017306K->4144K(1205120K)] 1317835K->307765K(1665280K), 0.0363160 secs] [Times: user=0.14 sys=0.00, real=0.04 secs] 
2014-07-16T09:47:14.560+0000: 3389.622: [GC [PSYoungGen: 1205104K->6946K(1342656K)] 1508725K->310759K(1802816K), 0.0213030 secs] [Times: user=0.07 sys=0.00, real=0.02 secs] 
2014-07-16T09:47:17.468+0000: 3392.530: [GC [PSYoungGen: 1342178K->6792K(1433344K)] 1645991K->310989K(1893504K), 0.0122750 secs] [Times: user=0.03 sys=0.01, real=0.01 secs] 
2014-07-16T09:47:20.624+0000: 3395.686: [GC [PSYoungGen: 1432776K->6678K(1371712K)] 1736973K->310995K(1831872K), 0.0095530 secs] [Times: user=0.02 sys=0.00, real=0.01 secs] 
2014-07-16T09:47:23.530+0000: 3398.593: [GC [PSYoungGen: 1371670K->680K(1307712K)] 1675987K->311468K(1767872K), 0.0270610 secs] [Times: user=0.10 sys=0.00, real=0.03 secs] 
2014-07-16T09:47:26.370+0000: 3401.433: [GC [PSYoungGen: 1307688K->7306K(1259200K)] 1618476K->318151K(1719360K), 0.0223070 secs] [Times: user=0.09 sys=0.00, real=0.02 secs] 
2014-07-16T09:47:29.076+0000: 3404.139: [GC [PSYoungGen: 1259145K->6696K(1425280K)] 1569990K->318393K(1885440K), 0.0379390 secs] [Times: user=0.15 sys=0.00, real=0.04 secs] 
2014-07-16T09:47:32.229+0000: 3407.292: [GC [PSYoungGen: 1425128K->6742K(1364608K)] 1736825K->318551K(1824768K), 0.0143870 secs] [Times: user=0.03 sys=0.01, real=0.01 secs] 
2014-07-16T09:47:35.227+0000: 3410.289: [GC [PSYoungGen: 1364566K->744K(1300928K)] 1676375K->319017K(1761088K), 0.0095530 secs] [Times: user=0.03 sys=0.00, real=0.00 secs] 
2014-07-16T09:47:38.095+0000: 3413.158: [GC [PSYoungGen: 1300904K->7406K(1252736K)] 1619177K->325744K(1712896K), 0.0141880 secs] [Times: user=0.04 sys=0.01, real=0.02 secs] 
2014-07-16T09:47:40.776+0000: 3415.839: [GC [PSYoungGen: 1252698K->6628K(1199808K)] 1571035K->325770K(1659968K), 0.0308060 secs] [Times: user=0.11 sys=0.00, real=0.03 secs] 
2014-07-16T09:47:43.411+0000: 3418.473: [GC [PSYoungGen: 1199780K->6910K(1150464K)] 1518922K->326236K(1610624K), 0.0098670 secs] [Times: user=0.03 sys=0.00, real=0.01 secs] 
2014-07-16T09:47:45.864+0000: 3420.927: [GC [PSYoungGen: 1150462K->1720K(1098048K)] 1469788K->326251K(1558208K), 0.0149410 secs] [Times: user=0.06 sys=0.00, real=0.02 secs] 
2014-07-16T09:47:48.262+0000: 3423.324: [GC [PSYoungGen: 1098040K->7110K(1058560K)] 1422571K->331722K(1518720K), 0.0099420 secs] [Times: user=0.02 sys=0.01, real=0.01 secs] 
2014-07-16T09:47:50.532+0000: 3425.595: [GC [PSYoungGen: 1058502K->6268K(1014912K)] 1383114K->331798K(1475072K), 0.0137240 secs] [Times: user=0.03 sys=0.01, real=0.01 secs] 
2014-07-16T09:47:52.766+0000: 3427.828: [GC [PSYoungGen: 1014908K->6660K(974656K)] 1340438K->332398K(1434816K), 0.0153340 secs] [Times: user=0.05 sys=0.01, real=0.02 secs] 
2014-07-16T09:47:54.857+0000: 3429.919: [GC [PSYoungGen: 974565K->2144K(931392K)] 1300302K->332752K(1391552K), 0.0209290 secs] [Times: user=0.08 sys=0.01, real=0.02 secs] 
2014-07-16T09:47:56.875+0000: 3431.938: [GC [PSYoungGen: 931360K->7164K(899520K)] 1261968K->337829K(1359680K), 0.0055180 secs] [Times: user=0.02 sys=0.00, real=0.01 secs] 
2014-07-16T09:47:58.781+0000: 3433.843: [GC [PSYoungGen: 899516K->5820K(863040K)] 1230181K->337783K(1323200K), 0.0209800 secs] [Times: user=0.07 sys=0.00, real=0.03 secs] 
2014-07-16T09:48:00.646+0000: 3435.708: [GC [PSYoungGen: 863036K->6742K(830592K)] 1194999K->338777K(1290752K), 0.0191360 secs] [Times: user=0.07 sys=0.00, real=0.02 secs] 
2014-07-16T09:48:02.437+0000: 3437.500: [GC [PSYoungGen: 830550K->2558K(979584K)] 1162585K->339209K(1439744K), 0.0317060 secs] [Times: user=0.10 sys=0.00, real=0.03 secs] 
2014-07-16T09:48:04.565+0000: 3439.628: [GC [PSYoungGen: 979582K->7092K(944960K)] 1316233K->343855K(1405120K), 0.0090930 secs] [Times: user=0.04 sys=0.00, real=0.01 secs] 
2014-07-16T09:48:06.628+0000: 3441.690: [GC [PSYoungGen: 944948K->5472K(906048K)] 1281711K->344011K(1366208K), 0.0063960 secs] [Times: user=0.02 sys=0.00, real=0.01 secs] 
2014-07-16T09:48:08.555+0000: 3443.617: [GC [PSYoungGen: 906016K->6678K(871744K)] 1244555K->345297K(1331904K), 0.0149450 secs] [Times: user=0.05 sys=0.00, real=0.01 secs] 
2014-07-16T09:48:10.417+0000: 3445.480: [GC [PSYoungGen: 871702K->2932K(834176K)] 1210321K->345719K(1294336K), 0.0053380 secs] [Times: user=0.02 sys=0.00, real=0.00 secs] 
2014-07-16T09:48:12.276+0000: 3447.338: [GC [PSYoungGen: 834164K->6988K(806080K)] 1176951K->349920K(1266240K), 0.0158900 secs] [Times: user=0.05 sys=0.00, real=0.01 secs] 
2014-07-16T09:48:13.961+0000: 3449.023: [GC [PSYoungGen: 805965K->5152K(773568K)] 1148897K->350026K(1233728K), 0.0115890 secs] [Times: user=0.04 sys=0.00, real=0.01 secs] 
2014-07-16T09:48:15.620+0000: 3450.683: [GC [PSYoungGen: 773536K->6582K(745728K)] 1118410K->351560K(1205888K), 0.0155670 secs] [Times: user=0.06 sys=0.00, real=0.02 secs] 
2014-07-16T09:48:17.223+0000: 3452.286: [GC [PSYoungGen: 745718K->3246K(881728K)] 1090696K->351823K(1341888K), 0.0468820 secs] [Times: user=0.18 sys=0.00, real=0.05 secs] 
2014-07-16T09:48:19.135+0000: 3454.197: [GC [PSYoungGen: 881710K->6760K(1049472K)] 1230287K->355394K(1509632K), 0.0122610 secs] [Times: user=0.04 sys=0.00, real=0.01 secs] 
2014-07-16T09:48:21.386+0000: 3456.448: [GC [PSYoungGen: 1049448K->4962K(1240192K)] 1398082K->355570K(1700352K), 0.0092980 secs] [Times: user=0.02 sys=0.00, real=0.01 secs] 
2014-07-16T09:48:24.122+0000: 3459.184: [GC [PSYoungGen: 1240133K->6964K(1376064K)] 1590741K->357700K(1836224K), 0.0358450 secs] [Times: user=0.12 sys=0.00, real=0.04 secs] 
2014-07-16T09:48:27.097+0000: 3462.160: [GC [PSYoungGen: 1375604K->6532K(1317056K)] 1726340K->357694K(1777216K), 0.0188030 secs] [Times: user=0.07 sys=0.00, real=0.02 secs] 
2014-07-16T09:48:29.962+0000: 3465.024: [GC [PSYoungGen: 1316996K->6724K(1261952K)] 1668158K->358006K(1722112K), 0.0227910 secs] [Times: user=0.07 sys=0.01, real=0.02 secs] 
2014-07-16T09:48:32.753+0000: 3467.815: [GC [PSYoungGen: 1261892K->1524K(1464768K)] 1613174K->358484K(1924928K), 0.0600410 secs] [Times: user=0.21 sys=0.00, real=0.06 secs] 
2014-07-16T09:48:35.966+0000: 3471.029: [GC [PSYoungGen: 1464754K->7142K(1470720K)] 1821715K->364199K(1930880K), 0.0060740 secs] [Times: user=0.02 sys=0.00, real=0.01 secs] 
2014-07-16T09:48:39.217+0000: 3474.279: [GC [PSYoungGen: 1470374K->6646K(1407104K)] 1827431K->364391K(1867264K), 0.0187890 secs] [Times: user=0.07 sys=0.00, real=0.02 secs] 
2014-07-16T09:48:42.305+0000: 3477.367: [GC [PSYoungGen: 1407094K->6696K(1347456K)] 1764839K->364609K(1807616K), 0.0137500 secs] [Times: user=0.04 sys=0.01, real=0.02 secs] 
2014-07-16T09:48:45.202+0000: 3480.264: [GC [PSYoungGen: 1347432K->1638K(1285568K)] 1705345K->365125K(1745728K), 0.0112600 secs] [Times: user=0.04 sys=0.01, real=0.01 secs] 
2014-07-16T09:48:47.989+0000: 3483.051: [GC [PSYoungGen: 1285542K->7160K(1237056K)] 1649029K->370736K(1697216K), 0.0310580 secs] [Times: user=0.11 sys=0.01, real=0.03 secs] 
2014-07-16T09:48:50.659+0000: 3485.722: [GC [PSYoungGen: 1237048K->6326K(1184832K)] 1600624K->370928K(1644992K), 0.0375440 secs] [Times: user=0.13 sys=0.00, real=0.03 secs] 
2014-07-16T09:48:53.228+0000: 3488.290: [GC [PSYoungGen: 1184822K->6696K(1136320K)] 1549424K->371458K(1596480K), 0.0183870 secs] [Times: user=0.07 sys=0.01, real=0.02 secs] 
2014-07-16T09:48:55.645+0000: 3490.708: [GC [PSYoungGen: 1136296K->2352K(1085440K)] 1501058K->371795K(1545600K), 0.0144540 secs] [Times: user=0.05 sys=0.00, real=0.02 secs] 
2014-07-16T09:48:57.998+0000: 3493.060: [GC [PSYoungGen: 1085424K->6978K(1045824K)] 1454867K->376477K(1505984K), 0.0133790 secs] [Times: user=0.04 sys=0.01, real=0.02 secs] 
2014-07-16T09:49:00.233+0000: 3495.295: [GC [PSYoungGen: 1045762K->5870K(1002560K)] 1415261K->376653K(1462720K), 0.0141520 secs] [Times: user=0.05 sys=0.00, real=0.01 secs] 
2014-07-16T09:49:02.464+0000: 3497.527: [GC [PSYoungGen: 1002542K->6778K(963328K)] 1373325K->377705K(1423488K), 0.0208940 secs] [Times: user=0.08 sys=0.00, real=0.02 secs] 
2014-07-16T09:49:04.549+0000: 3499.612: [GC [PSYoungGen: 963322K->2494K(920832K)] 1334249K->377893K(1380992K), 0.0122740 secs] [Times: user=0.03 sys=0.00, real=0.02 secs] 
2014-07-16T09:49:06.521+0000: 3501.583: [GC [PSYoungGen: 920830K->7010K(889024K)] 1296229K->382505K(1349184K), 0.0227110 secs] [Times: user=0.08 sys=0.00, real=0.03 secs] 
2014-07-16T09:49:08.437+0000: 3503.499: [GC [PSYoungGen: 888994K->5476K(852864K)] 1264489K->382801K(1313024K), 0.0059040 secs] [Times: user=0.01 sys=0.01, real=0.01 secs] 
2014-07-16T09:49:10.271+0000: 3505.333: [GC [PSYoungGen: 852832K->6646K(821056K)] 1230157K->384075K(1281216K), 0.0265470 secs] [Times: user=0.09 sys=0.00, real=0.03 secs] 
2014-07-16T09:49:12.023+0000: 3507.085: [GC [PSYoungGen: 821046K->2984K(968320K)] 1198475K->384359K(1428480K), 0.0228240 secs] [Times: user=0.08 sys=0.00, real=0.02 secs] 
2014-07-16T09:49:14.152+0000: 3509.215: [GC [PSYoungGen: 968296K->6928K(933696K)] 1349671K->388392K(1393856K), 0.0138170 secs] [Times: user=0.05 sys=0.00, real=0.02 secs] 
2014-07-16T09:49:16.187+0000: 3511.250: [GC [PSYoungGen: 933648K->5038K(895040K)] 1315112K->388610K(1355200K), 0.0111630 secs] [Times: user=0.02 sys=0.00, real=0.01 secs] 
2014-07-16T09:49:18.118+0000: 3513.180: [GC [PSYoungGen: 895022K->6468K(861504K)] 1278594K->390128K(1321664K), 0.0166860 secs] [Times: user=0.05 sys=0.00, real=0.02 secs] 
2014-07-16T09:49:19.971+0000: 3515.033: [GC [PSYoungGen: 861444K->3452K(825088K)] 1245104K->390480K(1285248K), 0.0062020 secs] [Times: user=0.02 sys=0.00, real=0.01 secs] 
2014-07-16T09:49:21.735+0000: 3516.797: [GC [PSYoungGen: 825084K->6696K(796608K)] 1212112K->393844K(1256768K), 0.0098630 secs] [Times: user=0.01 sys=0.00, real=0.01 secs] 
2014-07-16T09:49:23.459+0000: 3518.521: [GC [PSYoungGen: 796584K->4842K(764480K)] 1183732K->394060K(1224640K), 0.0069930 secs] [Times: user=0.02 sys=0.00, real=0.01 secs] 
2014-07-16T09:49:25.100+0000: 3520.163: [GC [PSYoungGen: 764421K->6746K(737600K)] 1153639K->396076K(1197760K), 0.0318210 secs] [Times: user=0.11 sys=0.00, real=0.03 secs] 
2014-07-16T09:49:26.691+0000: 3521.753: [GC [PSYoungGen: 737562K->3252K(706624K)] 1126892K->396303K(1166784K), 0.0075160 secs] [Times: user=0.01 sys=0.00, real=0.01 secs] 
2014-07-16T09:49:28.242+0000: 3523.304: [GC [PSYoungGen: 706612K->6946K(684160K)] 1099663K->400054K(1144320K), 0.0134770 secs] [Times: user=0.04 sys=0.00, real=0.02 secs] 
2014-07-16T09:49:29.717+0000: 3524.780: [GC [PSYoungGen: 684130K->4530K(656768K)] 1077238K->400102K(1116928K), 0.0161300 secs] [Times: user=0.06 sys=0.00, real=0.01 secs] 
2014-07-16T09:49:31.131+0000: 3526.194: [GC [PSYoungGen: 656754K->6646K(635072K)] 1052326K->402338K(1095232K), 0.0092100 secs] [Times: user=0.03 sys=0.00, real=0.01 secs] 
2014-07-16T09:49:32.478+0000: 3527.540: [GC [PSYoungGen: 635062K->3552K(748416K)] 1030754K->402582K(1208576K), 0.0196170 secs] [Times: user=0.07 sys=0.00, real=0.02 secs] 
2014-07-16T09:49:34.147+0000: 3529.209: [GC [PSYoungGen: 748384K->6764K(723520K)] 1147414K->405882K(1183680K), 0.0093650 secs] [Times: user=0.02 sys=0.00, real=0.01 secs] 
2014-07-16T09:49:35.710+0000: 3530.773: [GC [PSYoungGen: 723481K->4284K(694208K)] 1122599K->406021K(1154368K), 0.0160240 secs] [Times: user=0.06 sys=0.00, real=0.02 secs] 
2014-07-16T09:49:37.211+0000: 3532.273: [GC [PSYoungGen: 694204K->6686K(824832K)] 1095941K->408487K(1284992K), 0.0208070 secs] [Times: user=0.07 sys=0.00, real=0.02 secs] 
2014-07-16T09:49:39.053+0000: 3534.116: [GC [PSYoungGen: 824798K->3640K(975296K)] 1226599K->408929K(1435456K), 0.0308640 secs] [Times: user=0.09 sys=0.01, real=0.03 secs] 
2014-07-16T09:49:41.154+0000: 3536.217: [GC [PSYoungGen: 975250K->6778K(1159424K)] 1380539K->412147K(1619584K), 0.0142580 secs] [Times: user=0.05 sys=0.00, real=0.02 secs] 
2014-07-16T09:49:43.680+0000: 3538.743: [GC [PSYoungGen: 1159418K->4212K(1109248K)] 1564787K->412459K(1569408K), 0.0087790 secs] [Times: user=0.02 sys=0.00, real=0.01 secs] 
2014-07-16T09:49:46.072+0000: 3541.135: [GC [PSYoungGen: 1109236K->6664K(1066432K)] 1517483K->415055K(1526592K), 0.0090340 secs] [Times: user=0.02 sys=0.00, real=0.01 secs] 
2014-07-16T09:49:48.363+0000: 3543.426: [GC [PSYoungGen: 1066376K->3816K(1020416K)] 1474767K->415260K(1480576K), 0.0149360 secs] [Times: user=0.05 sys=0.00, real=0.02 secs] 
2014-07-16T09:49:50.561+0000: 3545.624: [GC [PSYoungGen: 1020392K->6778K(982272K)] 1431836K->418310K(1442432K), 0.0110360 secs] [Times: user=0.04 sys=0.00, real=0.01 secs] 
2014-07-16T09:49:52.664+0000: 3547.726: [GC [PSYoungGen: 982215K->4030K(940416K)] 1393747K->418666K(1400576K), 0.0217940 secs] [Times: user=0.07 sys=0.00, real=0.02 secs] 
2014-07-16T09:49:54.695+0000: 3549.758: [GC [PSYoungGen: 940414K->6614K(905856K)] 1355050K->421378K(1366016K), 0.0055980 secs] [Times: user=0.02 sys=0.00, real=0.01 secs] 
2014-07-16T09:49:56.644+0000: 3551.707: [GC [PSYoungGen: 905814K->4082K(867840K)] 1320578K->421586K(1328000K), 0.0160010 secs] [Times: user=0.04 sys=0.00, real=0.02 secs] 
2014-07-16T09:49:58.522+0000: 3553.585: [GC [PSYoungGen: 867826K->6614K(836672K)] 1285330K->424202K(1296832K), 0.0181350 secs] [Times: user=0.06 sys=0.00, real=0.02 secs] 
2014-07-16T09:50:00.338+0000: 3555.401: [GC [PSYoungGen: 836630K->3880K(801792K)] 1254218K->424496K(1261952K), 0.0054150 secs] [Times: user=0.02 sys=0.00, real=0.01 secs] 
2014-07-16T09:50:02.049+0000: 3557.112: [GC [PSYoungGen: 801768K->6760K(774080K)] 1222384K->427521K(1234240K), 0.0224010 secs] [Times: user=0.08 sys=0.00, real=0.03 secs] 
2014-07-16T09:50:03.809+0000: 3558.872: [GC [PSYoungGen: 774056K->3940K(742080K)] 1194817K->427731K(1202240K), 0.0160390 secs] [Times: user=0.06 sys=0.00, real=0.02 secs] 
2014-07-16T09:50:05.401+0000: 3560.464: [GC [PSYoungGen: 742052K->6714K(717056K)] 1165843K->430641K(1177216K), 0.0158810 secs] [Times: user=0.06 sys=0.00, real=0.01 secs] 
2014-07-16T09:50:06.913+0000: 3561.975: [GC [PSYoungGen: 717050K->3952K(687808K)] 1140977K->430791K(1147968K), 0.0059230 secs] [Times: user=0.02 sys=0.00, real=0.00 secs] 
2014-07-16T09:50:08.450+0000: 3563.512: [GC [PSYoungGen: 687792K->7014K(665600K)] 1114631K->433925K(1125760K), 0.0187140 secs] [Times: user=0.07 sys=0.00, real=0.02 secs] 
2014-07-16T09:50:09.819+0000: 3564.881: [GC [PSYoungGen: 665574K->3516K(638016K)] 1092485K->433966K(1098176K), 0.0076760 secs] [Times: user=0.03 sys=0.00, real=0.01 secs] 
2014-07-16T09:50:11.187+0000: 3566.249: [GC [PSYoungGen: 638012K->6842K(618368K)] 1068462K->437436K(1078528K), 0.0152690 secs] [Times: user=0.04 sys=0.01, real=0.02 secs] 
2014-07-16T09:50:12.504+0000: 3567.566: [GC [PSYoungGen: 618362K->4266K(729728K)] 1048956K->437476K(1189888K), 0.0221250 secs] [Times: user=0.07 sys=0.01, real=0.02 secs] 
2014-07-16T09:50:14.092+0000: 3569.155: [GC [PSYoungGen: 729706K->6614K(867776K)] 1162916K->439928K(1327936K), 0.0210700 secs] [Times: user=0.07 sys=0.00, real=0.02 secs] 
2014-07-16T09:50:15.954+0000: 3571.017: [GC [PSYoungGen: 867734K->3552K(831104K)] 1301048K->440264K(1291264K), 0.0065180 secs] [Times: user=0.02 sys=0.00, real=0.00 secs] 
2014-07-16T09:50:17.785+0000: 3572.848: [GC [PSYoungGen: 831049K->6664K(987264K)] 1267760K->443456K(1447424K), 0.0193150 secs] [Times: user=0.07 sys=0.00, real=0.02 secs] 
2014-07-16T09:50:19.914+0000: 3574.977: [GC [PSYoungGen: 987173K->4194K(1166784K)] 1423965K->443771K(1626944K), 0.0246600 secs] [Times: user=0.09 sys=0.00, real=0.02 secs] 
2014-07-16T09:50:22.407+0000: 3577.470: [GC [PSYoungGen: 1166754K->6824K(1121280K)] 1606331K->446569K(1581440K), 0.0173940 secs] [Times: user=0.05 sys=0.00, real=0.02 secs] 
2014-07-16T09:50:24.844+0000: 3579.906: [GC [PSYoungGen: 1121256K->3442K(1072064K)] 1561001K->446761K(1532224K), 0.0230550 secs] [Times: user=0.09 sys=0.00, real=0.02 secs] 
2014-07-16T09:50:27.162+0000: 3582.224: [GC [PSYoungGen: 1072050K->6864K(1031936K)] 1515369K->450304K(1492096K), 0.0140820 secs] [Times: user=0.05 sys=0.00, real=0.02 secs] 
2014-07-16T09:50:29.389+0000: 3584.451: [GC [PSYoungGen: 1031888K->4148K(987712K)] 1475328K->450449K(1447872K), 0.0072440 secs] [Times: user=0.02 sys=0.01, real=0.01 secs] 
2014-07-16T09:50:31.535+0000: 3586.598: [GC [PSYoungGen: 987700K->7010K(951104K)] 1434001K->453416K(1411264K), 0.0195020 secs] [Times: user=0.07 sys=0.00, real=0.02 secs] 
2014-07-16T09:50:33.578+0000: 3588.640: [GC [PSYoungGen: 951074K->3324K(909824K)] 1397480K->453520K(1369984K), 0.0079370 secs] [Times: user=0.01 sys=0.01, real=0.01 secs] 
2014-07-16T09:50:35.572+0000: 3590.634: [GC [PSYoungGen: 909820K->6792K(877568K)] 1360016K->457092K(1337728K), 0.0105990 secs] [Times: user=0.04 sys=0.00, real=0.01 secs] 
2014-07-16T09:50:37.458+0000: 3592.520: [GC [PSYoungGen: 877470K->4476K(841152K)] 1327770K->457438K(1301312K), 0.0064190 secs] [Times: user=0.02 sys=0.00, real=0.00 secs] 
2014-07-16T09:50:39.347+0000: 3594.410: [GC [PSYoungGen: 841148K->6664K(810944K)] 1294110K->459682K(1271104K), 0.0191600 secs] [Times: user=0.07 sys=0.00, real=0.02 secs] 
2014-07-16T09:50:41.075+0000: 3596.137: [GC [PSYoungGen: 810888K->3552K(776896K)] 1263906K->460026K(1237056K), 0.0222500 secs] [Times: user=0.09 sys=0.01, real=0.03 secs] 
2014-07-16T09:50:41.097+0000: 3596.160: [Full GC [PSYoungGen: 3552K->0K(776896K)] [ParOldGen: 456473K->227226K(471168K)] 460026K->227226K(1248064K) [PSPermGen: 11242K->11242K(21504K)], 0.3387610 secs] [Times: user=1.28 sys=0.00, real=0.34 secs] 
2014-07-16T09:50:42.962+0000: 3598.025: [GC [PSYoungGen: 773312K->7320K(751104K)] 1000538K->234747K(1222272K), 0.0151380 secs] [Times: user=0.06 sys=0.00, real=0.02 secs] 
2014-07-16T09:50:44.598+0000: 3599.660: [GC [PSYoungGen: 751042K->3812K(719424K)] 978468K->235195K(1190592K), 0.0115290 secs] [Times: user=0.03 sys=0.00, real=0.01 secs] 
2014-07-16T09:50:46.220+0000: 3601.283: [GC [PSYoungGen: 719396K->6960K(695744K)] 950779K->238407K(1166912K), 0.0084540 secs] [Times: user=0.02 sys=0.00, real=0.01 secs] 
2014-07-16T09:50:47.672+0000: 3602.735: [GC [PSYoungGen: 695728K->4586K(667840K)] 927175K->238451K(1139008K), 0.0088640 secs] [Times: user=0.03 sys=0.00, real=0.01 secs] 
2014-07-16T09:50:49.164+0000: 3604.227: [GC [PSYoungGen: 667818K->6778K(792960K)] 901683K->240739K(1264128K), 0.0343530 secs] [Times: user=0.12 sys=0.00, real=0.04 secs] 
2014-07-16T09:50:50.845+0000: 3605.907: [GC [PSYoungGen: 792954K->3884K(935936K)] 1026915K->240839K(1407104K), 0.0186270 secs] [Times: user=0.07 sys=0.00, real=0.02 secs] 
2014-07-16T09:50:52.861+0000: 3607.924: [GC [PSYoungGen: 935916K->6760K(1112640K)] 1172871K->243843K(1583808K), 0.0290310 secs] [Times: user=0.11 sys=0.00, real=0.03 secs] 
2014-07-16T09:50:55.265+0000: 3610.328: [GC [PSYoungGen: 1112616K->4472K(1315776K)] 1349699K->243987K(1786944K), 0.0219680 secs] [Times: user=0.08 sys=0.00, real=0.02 secs] 
2014-07-16T09:50:58.133+0000: 3613.195: [GC [PSYoungGen: 1315768K->6778K(1262592K)] 1555283K->246446K(1733760K), 0.0088370 secs] [Times: user=0.02 sys=0.01, real=0.01 secs] 
2014-07-16T09:51:00.867+0000: 3615.930: [GC [PSYoungGen: 1262578K->3752K(1206848K)] 1502246K->246806K(1678016K), 0.0052120 secs] [Times: user=0.02 sys=0.00, real=0.01 secs] 
2014-07-16T09:51:03.459+0000: 3618.522: [GC [PSYoungGen: 1206824K->6892K(1159808K)] 1449878K->250138K(1630976K), 0.0151860 secs] [Times: user=0.04 sys=0.01, real=0.01 secs] 
2014-07-16T09:51:05.936+0000: 3620.999: [GC [PSYoungGen: 1159788K->4346K(1109504K)] 1403034K->250252K(1580672K), 0.0128140 secs] [Times: user=0.03 sys=0.00, real=0.02 secs] 
2014-07-16T09:51:08.336+0000: 3623.398: [GC [PSYoungGen: 1109457K->6782K(1066496K)] 1355363K->252784K(1537664K), 0.0178630 secs] [Times: user=0.05 sys=0.00, real=0.02 secs] 
Heap
 PSYoungGen      total 1066496K, used 891754K [0x0000000755560000, 0x00000007b6bf0000, 0x0000000800000000)
  eden space 1059712K, 83% used [0x0000000755560000,0x000000078b59b010,0x0000000796040000)
  from space 6784K, 99% used [0x00000007b61a0000,0x00000007b683fb48,0x00000007b6840000)
  to   space 3776K, 0% used [0x00000007b6840000,0x00000007b6840000,0x00000007b6bf0000)
 ParOldGen       total 471168K, used 246001K [0x0000000600000000, 0x000000061cc20000, 0x0000000755560000)
  object space 471168K, 52% used [0x0000000600000000,0x000000060f03c730,0x000000061cc20000)
 PSPermGen       total 21504K, used 11300K [0x00000005f5a00000, 0x00000005f6f00000, 0x0000000600000000)
  object space 21504K, 52% used [0x00000005f5a00000,0x00000005f6509138,0x00000005f6f00000)
