2014-07-16T11:30:30.940+0000: 23.084: [GC [PSYoungGen: 257728K->42864K(300608K)] 257728K->48386K(987584K), 0.0976640 secs] [Times: user=0.33 sys=0.02, real=0.10 secs] 
2014-07-16T11:30:31.169+0000: 23.313: [GC [PSYoungGen: 300592K->42854K(300608K)] 306114K->56689K(987584K), 0.0641430 secs] [Times: user=0.22 sys=0.03, real=0.06 secs] 
2014-07-16T11:30:31.666+0000: 23.810: [GC [PSYoungGen: 300582K->42870K(300608K)] 314417K->58073K(987584K), 0.0820740 secs] [Times: user=0.29 sys=0.00, real=0.08 secs] 
2014-07-16T11:30:32.154+0000: 24.298: [GC [PSYoungGen: 300598K->42866K(558336K)] 315801K->59083K(1245312K), 0.0794240 secs] [Times: user=0.28 sys=0.02, real=0.08 secs] 
2014-07-16T11:30:33.044+0000: 25.188: [GC [PSYoungGen: 558322K->42880K(558336K)] 574539K->60681K(1245312K), 0.0744340 secs] [Times: user=0.25 sys=0.02, real=0.08 secs] 
2014-07-16T11:30:33.907+0000: 26.051: [GC [PSYoungGen: 558336K->44466K(1082432K)] 576137K->62267K(1769408K), 0.1081840 secs] [Times: user=0.39 sys=0.03, real=0.11 secs] 
2014-07-16T11:30:36.171+0000: 28.315: [GC [PSYoungGen: 1075378K->4836K(1082944K)] 1093179K->64401K(1769920K), 0.0869330 secs] [Times: user=0.27 sys=0.03, real=0.09 secs] 
2014-07-16T11:30:39.061+0000: 31.205: [GC [PSYoungGen: 1035748K->4448K(2117504K)] 1095313K->64261K(2804480K), 0.0387560 secs] [Times: user=0.12 sys=0.01, real=0.04 secs] 
2014-07-16T11:30:44.572+0000: 36.716: [GC [PSYoungGen: 2061593K->8584K(2122176K)] 2121406K->68501K(2809152K), 0.0775020 secs] [Times: user=0.22 sys=0.01, real=0.08 secs] 
2014-07-16T11:30:50.176+0000: 42.320: [GC [PSYoungGen: 2065736K->8498K(2727744K)] 2125653K->68423K(3414720K), 0.0364540 secs] [Times: user=0.05 sys=0.01, real=0.04 secs] 
2014-07-16T11:30:57.721+0000: 49.865: [GC [PSYoungGen: 2669362K->10802K(2728512K)] 2729287K->70751K(3415488K), 0.0770350 secs] [Times: user=0.21 sys=0.01, real=0.07 secs] 
2014-07-16T11:31:04.998+0000: 57.143: [GC [PSYoungGen: 2671666K->11172K(2726400K)] 2731615K->71145K(3413376K), 0.0444050 secs] [Times: user=0.09 sys=0.00, real=0.05 secs] 
2014-07-16T11:31:11.615+0000: 63.759: [GC [PSYoungGen: 2672356K->10980K(2727616K)] 2732329K->70993K(3414592K), 0.0675170 secs] [Times: user=0.18 sys=0.00, real=0.07 secs] 
2014-07-16T11:31:18.831+0000: 70.975: [GC [PSYoungGen: 2672164K->11044K(2726592K)] 2732177K->71081K(3413568K), 0.0757890 secs] [Times: user=0.22 sys=0.00, real=0.08 secs] 
2014-07-16T11:31:26.089+0000: 78.233: [GC [PSYoungGen: 2675620K->11090K(2728128K)] 2735657K->71143K(3415104K), 0.0527700 secs] [Times: user=0.12 sys=0.00, real=0.05 secs] 
2014-07-16T11:31:33.516+0000: 85.660: [GC [PSYoungGen: 2675666K->11158K(2728896K)] 2735719K->71227K(3415872K), 0.0768460 secs] [Times: user=0.22 sys=0.00, real=0.08 secs] 
2014-07-16T11:31:40.807+0000: 92.951: [GC [PSYoungGen: 2682006K->10930K(2730624K)] 2742075K->71023K(3417600K), 0.1020350 secs] [Times: user=0.30 sys=0.01, real=0.11 secs] 
2014-07-16T11:31:48.176+0000: 100.320: [GC [PSYoungGen: 2681778K->11058K(2732480K)] 2741871K->71175K(3419456K), 0.0440500 secs] [Times: user=0.08 sys=0.00, real=0.05 secs] 
2014-07-16T11:31:55.482+0000: 107.626: [GC [PSYoungGen: 2689714K->11008K(2734272K)] 2749831K->71141K(3421248K), 0.0847370 secs] [Times: user=0.23 sys=0.00, real=0.08 secs] 
2014-07-16T11:32:03.066+0000: 115.210: [GC [PSYoungGen: 2689664K->11008K(2736448K)] 2749797K->71165K(3423424K), 0.0745200 secs] [Times: user=0.21 sys=0.00, real=0.08 secs] 
2014-07-16T11:32:10.551+0000: 122.696: [GC [PSYoungGen: 2698112K->11286K(2738304K)] 2758269K->71459K(3425280K), 0.0862920 secs] [Times: user=0.24 sys=0.00, real=0.08 secs] 
2014-07-16T11:32:17.950+0000: 130.094: [GC [PSYoungGen: 2698390K->11204K(2740928K)] 2758563K->71393K(3427904K), 0.0643170 secs] [Times: user=0.16 sys=0.00, real=0.07 secs] 
2014-07-16T11:32:25.258+0000: 137.402: [GC [PSYoungGen: 2707140K->11136K(2742784K)] 2767329K->71349K(3429760K), 0.0774150 secs] [Times: user=0.20 sys=0.00, real=0.08 secs] 
2014-07-16T11:32:32.545+0000: 144.689: [GC [PSYoungGen: 2707072K->11204K(2745472K)] 2767285K->71433K(3432448K), 0.0987290 secs] [Times: user=0.29 sys=0.00, real=0.09 secs] 
2014-07-16T11:32:40.236+0000: 152.380: [GC [PSYoungGen: 2715780K->11200K(2747264K)] 2776009K->71453K(3434240K), 0.0703100 secs] [Times: user=0.17 sys=0.01, real=0.07 secs] 
2014-07-16T11:32:47.469+0000: 159.613: [GC [PSYoungGen: 2715776K->11072K(2749952K)] 2776029K->71349K(3436928K), 0.0720380 secs] [Times: user=0.18 sys=0.01, real=0.07 secs] 
2014-07-16T11:32:55.137+0000: 167.281: [GC [PSYoungGen: 2723840K->11222K(2751616K)] 2784117K->71515K(3438592K), 0.0664240 secs] [Times: user=0.15 sys=0.00, real=0.07 secs] 
2014-07-16T11:33:02.790+0000: 174.934: [GC [PSYoungGen: 2723990K->11346K(2600320K)] 2784283K->71655K(3287296K), 0.0523610 secs] [Times: user=0.09 sys=0.00, real=0.05 secs] 
2014-07-16T11:33:09.881+0000: 182.025: [GC [PSYoungGen: 2600274K->10560K(2481792K)] 2660583K->70901K(3168768K), 0.0577540 secs] [Times: user=0.15 sys=0.01, real=0.05 secs] 
2014-07-16T11:33:16.733+0000: 188.877: [GC [PSYoungGen: 2481792K->10266K(2724864K)] 2542133K->70623K(3411840K), 0.1034540 secs] [Times: user=0.32 sys=0.01, real=0.10 secs] 
2014-07-16T11:33:24.345+0000: 196.489: [GC [PSYoungGen: 2701338K->10930K(2723456K)] 2761695K->71303K(3410432K), 0.1153030 secs] [Times: user=0.34 sys=0.00, real=0.11 secs] 
2014-07-16T11:33:31.628+0000: 203.772: [GC [PSYoungGen: 2702002K->10962K(2762240K)] 2762375K->71351K(3449216K), 0.0752720 secs] [Times: user=0.18 sys=0.01, real=0.07 secs] 
2014-07-16T11:33:39.017+0000: 211.161: [GC [PSYoungGen: 2742354K->11478K(2760832K)] 2802743K->71891K(3447808K), 0.0747240 secs] [Times: user=0.21 sys=0.00, real=0.07 secs] 
2014-07-16T11:33:46.496+0000: 218.640: [GC [PSYoungGen: 2742870K->11346K(2765184K)] 2803283K->71775K(3452160K), 0.0659240 secs] [Times: user=0.16 sys=0.00, real=0.07 secs] 
2014-07-16T11:33:53.485+0000: 225.629: [GC [PSYoungGen: 2748498K->11360K(2763904K)] 2808927K->71805K(3450880K), 0.0811910 secs] [Times: user=0.24 sys=0.00, real=0.08 secs] 
2014-07-16T11:34:01.117+0000: 233.261: [GC [PSYoungGen: 2748512K->11264K(2768064K)] 2808957K->71733K(3455040K), 0.0644570 secs] [Times: user=0.16 sys=0.00, real=0.07 secs] 
2014-07-16T11:34:07.575+0000: 239.719: [GC [PSYoungGen: 2753728K->11286K(2628480K)] 2814197K->71779K(3315456K), 0.0558900 secs] [Times: user=0.12 sys=0.00, real=0.06 secs] 
2014-07-16T11:34:13.566+0000: 245.710: [GC [PSYoungGen: 2628438K->11030K(2744512K)] 2688931K->71539K(3431488K), 0.0839240 secs] [Times: user=0.24 sys=0.00, real=0.09 secs] 
2014-07-16T11:34:18.971+0000: 251.115: [GC [PSYoungGen: 2742294K->11296K(2753792K)] 2802803K->71829K(3440768K), 0.0604850 secs] [Times: user=0.15 sys=0.00, real=0.07 secs] 
2014-07-16T11:34:25.012+0000: 257.156: [GC [PSYoungGen: 2742560K->11222K(2771200K)] 2803093K->71771K(3458176K), 0.0979070 secs] [Times: user=0.27 sys=0.00, real=0.10 secs] 
2014-07-16T11:34:32.015+0000: 264.159: [GC [PSYoungGen: 2763222K->11346K(2772864K)] 2823771K->71919K(3459840K), 0.0820430 secs] [Times: user=0.22 sys=0.01, real=0.08 secs] 
2014-07-16T11:34:39.347+0000: 271.491: [GC [PSYoungGen: 2763346K->11364K(2772992K)] 2823919K->71977K(3459968K), 0.0752070 secs] [Times: user=0.18 sys=0.00, real=0.07 secs] 
2014-07-16T11:34:45.265+0000: 277.409: [GC [PSYoungGen: 2766564K->11460K(2774528K)] 2827177K->72097K(3461504K), 0.0690020 secs] [Times: user=0.19 sys=0.01, real=0.07 secs] 
2014-07-16T11:34:52.858+0000: 285.002: [GC [PSYoungGen: 2766660K->11264K(2775040K)] 2827297K->71917K(3462016K), 0.0795720 secs] [Times: user=0.22 sys=0.00, real=0.08 secs] 
2014-07-16T11:34:59.447+0000: 291.591: [GC [PSYoungGen: 2769408K->11410K(2776256K)] 2830061K->72095K(3463232K), 0.0672170 secs] [Times: user=0.16 sys=0.00, real=0.07 secs] 
2014-07-16T11:35:06.914+0000: 299.058: [GC [PSYoungGen: 2769551K->11378K(2776448K)] 2830236K->72079K(3463424K), 0.0710850 secs] [Times: user=0.20 sys=0.00, real=0.07 secs] 
2014-07-16T11:35:13.180+0000: 305.324: [GC [PSYoungGen: 2771890K->11296K(2777536K)] 2832591K->72021K(3464512K), 0.0567480 secs] [Times: user=0.08 sys=0.01, real=0.05 secs] 
2014-07-16T11:35:16.836+0000: 308.980: [GC [PSYoungGen: 2771808K->11492K(2777728K)] 2832533K->72249K(3464704K), 0.0754330 secs] [Times: user=0.21 sys=0.00, real=0.08 secs] 
2014-07-16T11:35:20.988+0000: 313.132: [GC [PSYoungGen: 2774116K->11218K(2778688K)] 2834873K->71991K(3465664K), 0.1166080 secs] [Times: user=0.35 sys=0.00, real=0.12 secs] 
2014-07-16T11:35:24.788+0000: 316.932: [GC [PSYoungGen: 2773842K->11396K(2779072K)] 2834615K->72185K(3466048K), 0.0408410 secs] [Times: user=0.07 sys=0.00, real=0.04 secs] 
2014-07-16T11:35:28.499+0000: 320.643: [GC [PSYoungGen: 2775812K->11378K(2779776K)] 2836601K->72191K(3466752K), 0.0631350 secs] [Times: user=0.15 sys=0.00, real=0.07 secs] 
2014-07-16T11:35:33.724+0000: 325.868: [GC [PSYoungGen: 2775787K->11360K(2779840K)] 2836600K->72189K(3466816K), 0.0852530 secs] [Times: user=0.25 sys=0.00, real=0.08 secs] 
2014-07-16T11:35:41.131+0000: 333.276: [GC [PSYoungGen: 2777184K->11474K(2780480K)] 2838013K->72327K(3467456K), 0.0436370 secs] [Times: user=0.09 sys=0.00, real=0.05 secs] 
2014-07-16T11:35:48.816+0000: 340.960: [GC [PSYoungGen: 2777298K->11538K(2780608K)] 2838151K->72407K(3467584K), 0.0615530 secs] [Times: user=0.16 sys=0.00, real=0.06 secs] 
2014-07-16T11:35:56.357+0000: 348.501: [GC [PSYoungGen: 2778642K->11446K(2781184K)] 2839511K->72339K(3468160K), 0.0639760 secs] [Times: user=0.15 sys=0.00, real=0.06 secs] 
2014-07-16T11:36:04.130+0000: 356.274: [GC [PSYoungGen: 2778550K->11538K(2781376K)] 2839443K->72447K(3468352K), 0.0553210 secs] [Times: user=0.12 sys=0.00, real=0.05 secs] 
2014-07-16T11:36:11.408+0000: 363.552: [GC [PSYoungGen: 2779730K->11524K(2781824K)] 2840639K->72473K(3468800K), 0.0774200 secs] [Times: user=0.21 sys=0.00, real=0.07 secs] 
2014-07-16T11:36:19.069+0000: 371.213: [GC [PSYoungGen: 2779716K->11410K(2781952K)] 2840665K->72375K(3468928K), 0.0850770 secs] [Times: user=0.24 sys=0.00, real=0.08 secs] 
2014-07-16T11:36:26.798+0000: 378.942: [GC [PSYoungGen: 2780498K->11460K(2782336K)] 2841463K->72441K(3469312K), 0.0761740 secs] [Times: user=0.19 sys=0.00, real=0.08 secs] 
2014-07-16T11:36:34.318+0000: 386.463: [GC [PSYoungGen: 2780548K->11492K(2653952K)] 2841529K->72497K(3340928K), 0.0598780 secs] [Times: user=0.13 sys=0.00, real=0.06 secs] 
2014-07-16T11:36:41.705+0000: 393.849: [GC [PSYoungGen: 2653924K->10912K(2533056K)] 2714929K->71957K(3220032K), 0.0550180 secs] [Times: user=0.11 sys=0.00, real=0.05 secs] 
2014-07-16T11:36:48.764+0000: 400.908: [GC [PSYoungGen: 2533024K->3428K(2411200K)] 2594069K->71489K(3098176K), 0.0744900 secs] [Times: user=0.21 sys=0.00, real=0.07 secs] 
2014-07-16T11:36:55.314+0000: 407.458: [GC [PSYoungGen: 2411172K->9938K(2308992K)] 2479233K->78263K(2995968K), 0.0630250 secs] [Times: user=0.17 sys=0.00, real=0.07 secs] 
2014-07-16T11:37:01.259+0000: 413.403: [GC [PSYoungGen: 2308946K->9636K(2205312K)] 2377271K->77985K(2892288K), 0.0452000 secs] [Times: user=0.09 sys=0.00, real=0.04 secs] 
2014-07-16T11:37:07.331+0000: 419.475: [GC [PSYoungGen: 2205284K->9170K(2106624K)] 2273633K->77543K(2793600K), 0.0578870 secs] [Times: user=0.16 sys=0.00, real=0.06 secs] 
2014-07-16T11:37:13.275+0000: 425.419: [GC [PSYoungGen: 2106578K->7424K(2524352K)] 2174951K->77229K(3211328K), 0.0810460 secs] [Times: user=0.25 sys=0.00, real=0.08 secs] 
2014-07-16T11:37:19.872+0000: 432.016: [GC [PSYoungGen: 2524352K->10404K(2753984K)] 2594157K->80321K(3440960K), 0.0904940 secs] [Times: user=0.27 sys=0.00, real=0.09 secs] 
2014-07-16T11:37:27.097+0000: 439.241: [GC [PSYoungGen: 2751076K->11218K(2782528K)] 2820993K->81151K(3469504K), 0.0967070 secs] [Times: user=0.28 sys=0.01, real=0.10 secs] 
2014-07-16T11:37:34.567+0000: 446.711: [GC [PSYoungGen: 2780946K->11652K(2782784K)] 2850879K->81609K(3469760K), 0.0783210 secs] [Times: user=0.21 sys=0.00, real=0.08 secs] 
2014-07-16T11:37:42.569+0000: 454.713: [GC [PSYoungGen: 2781380K->11396K(2782976K)] 2851337K->81369K(3469952K), 0.0855060 secs] [Times: user=0.23 sys=0.00, real=0.09 secs] 
2014-07-16T11:37:50.357+0000: 462.501: [GC [PSYoungGen: 2781188K->11460K(2782976K)] 2851161K->81465K(3469952K), 0.0781820 secs] [Times: user=0.21 sys=0.01, real=0.08 secs] 
2014-07-16T11:37:57.595+0000: 469.739: [GC [PSYoungGen: 2781252K->11410K(2782848K)] 2851257K->81431K(3469824K), 0.0812380 secs] [Times: user=0.22 sys=0.00, real=0.08 secs] 
2014-07-16T11:38:05.448+0000: 477.592: [GC [PSYoungGen: 2781202K->11346K(2782912K)] 2851223K->81383K(3469888K), 0.0831770 secs] [Times: user=0.23 sys=0.00, real=0.08 secs] 
2014-07-16T11:38:12.844+0000: 484.988: [GC [PSYoungGen: 2781126K->11442K(2783040K)] 2851163K->81503K(3470016K), 0.0612600 secs] [Times: user=0.15 sys=0.00, real=0.06 secs] 
2014-07-16T11:38:20.674+0000: 492.818: [GC [PSYoungGen: 2781426K->11492K(2654848K)] 2851487K->81577K(3341824K), 0.0441030 secs] [Times: user=0.08 sys=0.00, real=0.05 secs] 
2014-07-16T11:38:27.559+0000: 499.703: [GC [PSYoungGen: 2654820K->1586K(2524544K)] 2724905K->80927K(3211520K), 0.0542990 secs] [Times: user=0.13 sys=0.01, real=0.06 secs] 
2014-07-16T11:38:34.252+0000: 506.396: [GC [PSYoungGen: 2524530K->10304K(2418816K)] 2603871K->89669K(3105792K), 0.0737250 secs] [Times: user=0.19 sys=0.00, real=0.07 secs] 
2014-07-16T11:38:40.827+0000: 512.971: [GC [PSYoungGen: 2418816K->10180K(2310016K)] 2498181K->89577K(2996992K), 0.0591610 secs] [Times: user=0.15 sys=0.00, real=0.06 secs] 
2014-07-16T11:38:45.847+0000: 517.991: [GC [PSYoungGen: 2309956K->9636K(2206080K)] 2389353K->89041K(2893056K), 0.0472150 secs] [Times: user=0.06 sys=0.00, real=0.05 secs] 
2014-07-16T11:38:51.426+0000: 523.570: [GC [PSYoungGen: 2206052K->5632K(2103808K)] 2285457K->88445K(2790784K), 0.0681470 secs] [Times: user=0.19 sys=0.00, real=0.07 secs] 
2014-07-16T11:38:56.911+0000: 529.055: [GC [PSYoungGen: 2103808K->8914K(2013760K)] 2186621K->91935K(2700736K), 0.0406670 secs] [Times: user=0.07 sys=0.00, real=0.04 secs] 
2014-07-16T11:39:00.136+0000: 532.280: [GC [PSYoungGen: 2013714K->8466K(1924544K)] 2096735K->91527K(2611520K), 0.0348250 secs] [Times: user=0.06 sys=0.00, real=0.03 secs] 
2014-07-16T11:39:05.150+0000: 537.294: [GC [PSYoungGen: 1924498K->8032K(1839680K)] 2007559K->91109K(2526656K), 0.0513840 secs] [Times: user=0.14 sys=0.00, real=0.05 secs] 
2014-07-16T11:39:10.129+0000: 542.273: [GC [PSYoungGen: 1839648K->7698K(2205696K)] 1922725K->90807K(2892672K), 0.0685890 secs] [Times: user=0.20 sys=0.00, real=0.07 secs] 
2014-07-16T11:39:15.604+0000: 547.748: [GC [PSYoungGen: 2205650K->9202K(2646784K)] 2288759K->92327K(3333760K), 0.0451520 secs] [Times: user=0.09 sys=0.00, real=0.05 secs] 
2014-07-16T11:39:21.230+0000: 553.374: [GC [PSYoungGen: 2646770K->9590K(2729344K)] 2729895K->94067K(3416320K), 0.0698710 secs] [Times: user=0.19 sys=0.00, real=0.07 secs] 
2014-07-16T11:39:27.192+0000: 559.336: [GC [PSYoungGen: 2729334K->11186K(2732864K)] 2813811K->95775K(3419840K), 0.0552290 secs] [Times: user=0.13 sys=0.00, real=0.05 secs] 
2014-07-16T11:39:33.639+0000: 565.783: [GC [PSYoungGen: 2730930K->11200K(2782720K)] 2815519K->95805K(3469696K), 0.0627540 secs] [Times: user=0.14 sys=0.00, real=0.07 secs] 
2014-07-16T11:39:41.102+0000: 573.246: [GC [PSYoungGen: 2780608K->11474K(2654272K)] 2865213K->96103K(3341248K), 0.0624960 secs] [Times: user=0.14 sys=0.01, real=0.06 secs] 
2014-07-16T11:39:48.293+0000: 580.437: [GC [PSYoungGen: 2654226K->1970K(2524352K)] 2738855K->95583K(3211328K), 0.0554850 secs] [Times: user=0.15 sys=0.00, real=0.05 secs] 
2014-07-16T11:39:54.802+0000: 586.946: [GC [PSYoungGen: 2524338K->10450K(2418496K)] 2617951K->104151K(3105472K), 0.0707200 secs] [Times: user=0.18 sys=0.01, real=0.08 secs] 
2014-07-16T11:39:58.716+0000: 590.860: [GC [PSYoungGen: 2418450K->10084K(2768000K)] 2512151K->103825K(3454976K), 0.0491250 secs] [Times: user=0.11 sys=0.00, real=0.05 secs] 
2014-07-16T11:40:05.629+0000: 597.773: [GC [PSYoungGen: 2764836K->11282K(2640128K)] 2858577K->105039K(3327104K), 0.0587820 secs] [Times: user=0.14 sys=0.00, real=0.06 secs] 
2014-07-16T11:40:11.557+0000: 603.701: [GC [PSYoungGen: 2640082K->1714K(2754816K)] 2733839K->104503K(3441792K), 0.0947880 secs] [Times: user=0.31 sys=0.00, real=0.09 secs] 
2014-07-16T11:40:19.302+0000: 611.446: [GC [PSYoungGen: 2754802K->11396K(2766080K)] 2857591K->114257K(3453056K), 0.0660860 secs] [Times: user=0.17 sys=0.01, real=0.07 secs] 
2014-07-16T11:40:27.104+0000: 619.248: [GC [PSYoungGen: 2764481K->11314K(2782976K)] 2867343K->114191K(3469952K), 0.0673640 secs] [Times: user=0.17 sys=0.00, real=0.07 secs] 
2014-07-16T11:40:34.608+0000: 626.752: [GC [PSYoungGen: 2781234K->11424K(2781376K)] 2884111K->114317K(3468352K), 0.0731610 secs] [Times: user=0.18 sys=0.01, real=0.08 secs] 
2014-07-16T11:40:42.061+0000: 634.205: [GC [PSYoungGen: 2781344K->11232K(2783040K)] 2884237K->114149K(3470016K), 0.0815830 secs] [Times: user=0.22 sys=0.00, real=0.08 secs] 
2014-07-16T11:40:49.719+0000: 641.863: [GC [PSYoungGen: 2781088K->11328K(2782976K)] 2884005K->114269K(3469952K), 0.0818210 secs] [Times: user=0.23 sys=0.01, real=0.09 secs] 
2014-07-16T11:40:57.029+0000: 649.173: [GC [PSYoungGen: 2781184K->11442K(2782976K)] 2884125K->114399K(3469952K), 0.0689470 secs] [Times: user=0.18 sys=0.00, real=0.07 secs] 
2014-07-16T11:41:04.737+0000: 656.881: [GC [PSYoungGen: 2781298K->11446K(2782976K)] 2884255K->114419K(3469952K), 0.0842750 secs] [Times: user=0.24 sys=0.00, real=0.08 secs] 
2014-07-16T11:41:12.177+0000: 664.321: [GC [PSYoungGen: 2781302K->11474K(2783040K)] 2884275K->114471K(3470016K), 0.0692380 secs] [Times: user=0.19 sys=0.00, real=0.07 secs] 
2014-07-16T11:41:19.831+0000: 671.976: [GC [PSYoungGen: 2781394K->11506K(2654784K)] 2884391K->114519K(3341760K), 0.0680850 secs] [Times: user=0.18 sys=0.00, real=0.07 secs] 
2014-07-16T11:41:27.124+0000: 679.269: [GC [PSYoungGen: 2654770K->1650K(2770176K)] 2757783K->113783K(3457152K), 0.1045720 secs] [Times: user=0.33 sys=0.00, real=0.11 secs] 
2014-07-16T11:41:34.610+0000: 686.755: [GC [PSYoungGen: 2770162K->11314K(2781440K)] 2882295K->123511K(3468416K), 0.0753160 secs] [Times: user=0.20 sys=0.01, real=0.07 secs] 
2014-07-16T11:41:42.076+0000: 694.220: [GC [PSYoungGen: 2779826K->11428K(2783040K)] 2892023K->123649K(3470016K), 0.0703900 secs] [Times: user=0.17 sys=0.01, real=0.07 secs] 
2014-07-16T11:41:49.511+0000: 701.655: [GC [PSYoungGen: 2781796K->11506K(2783168K)] 2894017K->123751K(3470144K), 0.0774440 secs] [Times: user=0.21 sys=0.00, real=0.07 secs] 
2014-07-16T11:41:57.034+0000: 709.178: [GC [PSYoungGen: 2781874K->11442K(2655104K)] 2894119K->123703K(3342080K), 0.0534270 secs] [Times: user=0.12 sys=0.01, real=0.05 secs] 
2014-07-16T11:42:04.422+0000: 716.566: [GC [PSYoungGen: 2655090K->10898K(2534208K)] 2767351K->123175K(3221184K), 0.0519590 secs] [Times: user=0.10 sys=0.01, real=0.05 secs] 
2014-07-16T11:42:11.340+0000: 723.484: [GC [PSYoungGen: 2534162K->3136K(2411968K)] 2646439K->122701K(3098944K), 0.0749520 secs] [Times: user=0.20 sys=0.00, real=0.08 secs] 
2014-07-16T11:42:17.823+0000: 729.967: [GC [PSYoungGen: 2411968K->9988K(2310080K)] 2531533K->129577K(2997056K), 0.0651040 secs] [Times: user=0.18 sys=0.00, real=0.07 secs] 
2014-07-16T11:42:24.087+0000: 736.231: [GC [PSYoungGen: 2310020K->9682K(2206400K)] 2429609K->129295K(2893376K), 0.0686910 secs] [Times: user=0.19 sys=0.00, real=0.07 secs] 
2014-07-16T11:42:30.164+0000: 742.308: [GC [PSYoungGen: 2206354K->9170K(2107648K)] 2325967K->128799K(2794624K), 0.0583050 secs] [Times: user=0.15 sys=0.00, real=0.06 secs] 
2014-07-16T11:42:35.849+0000: 747.993: [GC [PSYoungGen: 2107602K->6450K(2524608K)] 2227231K->128319K(3211584K), 0.0727590 secs] [Times: user=0.21 sys=0.01, real=0.07 secs] 
2014-07-16T11:42:42.812+0000: 754.956: [GC [PSYoungGen: 2524594K->10518K(2755392K)] 2646463K->132451K(3442368K), 0.0595310 secs] [Times: user=0.15 sys=0.00, real=0.06 secs] 
2014-07-16T11:42:50.688+0000: 762.832: [GC [PSYoungGen: 2752982K->11236K(2783104K)] 2874915K->133193K(3470080K), 0.0846250 secs] [Times: user=0.22 sys=0.01, real=0.09 secs] 
2014-07-16T11:42:58.043+0000: 770.187: [GC [PSYoungGen: 2781796K->11264K(2783296K)] 2903753K->133237K(3470272K), 0.0963430 secs] [Times: user=0.25 sys=0.00, real=0.09 secs] 
2014-07-16T11:43:05.597+0000: 777.741: [GC [PSYoungGen: 2781824K->11488K(2783104K)] 2903797K->133477K(3470080K), 0.0734580 secs] [Times: user=0.20 sys=0.00, real=0.08 secs] 
2014-07-16T11:43:13.353+0000: 785.497: [GC [PSYoungGen: 2781792K->11542K(2655168K)] 2903781K->133555K(3342144K), 0.0641990 secs] [Times: user=0.16 sys=0.00, real=0.06 secs] 
2014-07-16T11:43:20.792+0000: 792.936: [GC [PSYoungGen: 2655126K->1522K(2770624K)] 2777139K->132855K(3457600K), 0.0810830 secs] [Times: user=0.26 sys=0.00, real=0.09 secs] 
2014-07-16T11:43:28.030+0000: 800.174: [GC [PSYoungGen: 2770610K->11328K(2653760K)] 2901943K->142717K(3340736K), 0.0672130 secs] [Times: user=0.18 sys=0.00, real=0.07 secs] 
2014-07-16T11:43:35.051+0000: 807.195: [GC [PSYoungGen: 2653760K->1522K(2523648K)] 2785149K->142207K(3210624K), 0.0709100 secs] [Times: user=0.22 sys=0.00, real=0.07 secs] 
2014-07-16T11:43:42.264+0000: 814.408: [GC [PSYoungGen: 2523634K->10354K(2769344K)] 2664319K->151183K(3456320K), 0.0846500 secs] [Times: user=0.26 sys=0.00, real=0.09 secs] 
2014-07-16T11:43:49.842+0000: 821.986: [GC [PSYoungGen: 2767090K->11446K(2783488K)] 2907919K->152291K(3470464K), 0.0896600 secs] [Times: user=0.25 sys=0.01, real=0.09 secs] 
2014-07-16T11:43:57.520+0000: 829.664: [GC [PSYoungGen: 2782390K->11410K(2783552K)] 2923235K->152271K(3470528K), 0.0753330 secs] [Times: user=0.20 sys=0.01, real=0.07 secs] 
2014-07-16T11:44:05.110+0000: 837.254: [GC [PSYoungGen: 2782354K->11314K(2783552K)] 2923215K->152191K(3470528K), 0.0876550 secs] [Times: user=0.25 sys=0.00, real=0.09 secs] 
2014-07-16T11:44:12.776+0000: 844.920: [GC [PSYoungGen: 2782258K->11360K(2783552K)] 2923135K->152269K(3470528K), 0.0910840 secs] [Times: user=0.27 sys=0.00, real=0.09 secs] 
2014-07-16T11:44:20.412+0000: 852.556: [GC [PSYoungGen: 2782304K->11424K(2783552K)] 2923213K->152349K(3470528K), 0.0770130 secs] [Times: user=0.22 sys=0.01, real=0.07 secs] 
2014-07-16T11:44:27.085+0000: 859.230: [GC [PSYoungGen: 2782368K->11360K(2782336K)] 2923293K->152301K(3469312K), 0.0690120 secs] [Times: user=0.18 sys=0.00, real=0.07 secs] 
2014-07-16T11:44:33.626+0000: 865.770: [GC [PSYoungGen: 2782304K->11360K(2783488K)] 2923245K->152317K(3470464K), 0.0963550 secs] [Times: user=0.28 sys=0.00, real=0.09 secs] 
2014-07-16T11:44:41.003+0000: 873.148: [GC [PSYoungGen: 2782304K->11442K(2783488K)] 2923261K->152415K(3470464K), 0.0575690 secs] [Times: user=0.14 sys=0.00, real=0.06 secs] 
2014-07-16T11:44:48.212+0000: 880.356: [GC [PSYoungGen: 2782386K->11474K(2783488K)] 2923359K->152471K(3470464K), 0.0632630 secs] [Times: user=0.16 sys=0.00, real=0.06 secs] 
2014-07-16T11:44:54.573+0000: 886.717: [GC [PSYoungGen: 2782546K->11588K(2783552K)] 2923543K->152601K(3470528K), 0.0657030 secs] [Times: user=0.16 sys=0.00, real=0.07 secs] 
2014-07-16T11:45:01.493+0000: 893.637: [GC [PSYoungGen: 2782660K->11560K(2783616K)] 2923673K->152589K(3470592K), 0.0820520 secs] [Times: user=0.23 sys=0.00, real=0.08 secs] 
2014-07-16T11:45:09.071+0000: 901.215: [GC [PSYoungGen: 2782632K->11442K(2655808K)] 2923661K->152487K(3342784K), 0.0451700 secs] [Times: user=0.07 sys=0.00, real=0.04 secs] 
2014-07-16T11:45:15.966+0000: 908.110: [GC [PSYoungGen: 2655794K->1152K(2771264K)] 2796839K->151931K(3458240K), 0.0907260 secs] [Times: user=0.30 sys=0.01, real=0.09 secs] 
2014-07-16T11:45:23.619+0000: 915.763: [GC [PSYoungGen: 2771264K->11442K(2654912K)] 2922043K->162286K(3341888K), 0.0653770 secs] [Times: user=0.17 sys=0.00, real=0.07 secs] 
2014-07-16T11:45:30.604+0000: 922.748: [GC [PSYoungGen: 2654898K->1014K(2524096K)] 2805742K->161858K(3211072K), 0.0585490 secs] [Times: user=0.21 sys=0.01, real=0.05 secs] 
2014-07-16T11:45:35.544+0000: 927.688: [GC [PSYoungGen: 2524086K->10354K(2419008K)] 2684930K->171358K(3105984K), 0.0449230 secs] [Times: user=0.06 sys=0.00, real=0.04 secs] 
2014-07-16T11:45:41.891+0000: 934.035: [GC [PSYoungGen: 2418994K->9970K(2309888K)] 2579998K->170998K(2996864K), 0.0422760 secs] [Times: user=0.08 sys=0.00, real=0.04 secs] 
2014-07-16T11:45:48.227+0000: 940.371: [GC [PSYoungGen: 2309874K->9600K(2206144K)] 2470902K->170643K(2893120K), 0.0424010 secs] [Times: user=0.08 sys=0.00, real=0.04 secs] 
2014-07-16T11:45:53.967+0000: 946.111: [GC [PSYoungGen: 2206144K->5298K(2103616K)] 2367187K->170174K(2790592K), 0.0651010 secs] [Times: user=0.18 sys=0.00, real=0.06 secs] 
2014-07-16T11:45:59.597+0000: 951.741: [GC [PSYoungGen: 2103602K->8740K(2013696K)] 2268478K->173784K(2700672K), 0.0711620 secs] [Times: user=0.19 sys=0.01, real=0.08 secs] 
2014-07-16T11:46:05.133+0000: 957.277: [GC [PSYoungGen: 2013668K->8498K(2414464K)] 2178712K->173566K(3101440K), 0.0684370 secs] [Times: user=0.20 sys=0.00, real=0.07 secs] 
2014-07-16T11:46:11.643+0000: 963.787: [GC [PSYoungGen: 2414450K->10038K(2748352K)] 2579518K->175130K(3435328K), 0.0731990 secs] [Times: user=0.21 sys=0.00, real=0.07 secs] 
2014-07-16T11:46:19.263+0000: 971.407: [GC [PSYoungGen: 2745462K->11232K(2783168K)] 2910554K->176339K(3470144K), 0.0801600 secs] [Times: user=0.20 sys=0.01, real=0.08 secs] 
2014-07-16T11:46:26.758+0000: 978.902: [GC [PSYoungGen: 2781728K->11360K(2781888K)] 2946835K->176491K(3468864K), 0.0667520 secs] [Times: user=0.15 sys=0.00, real=0.07 secs] 
2014-07-16T11:46:34.365+0000: 986.509: [GC [PSYoungGen: 2781856K->11538K(2782848K)] 2946987K->176686K(3469824K), 0.0774140 secs] [Times: user=0.22 sys=0.00, real=0.07 secs] 
2014-07-16T11:46:42.127+0000: 994.271: [GC [PSYoungGen: 2781458K->11264K(2783040K)] 2946606K->176427K(3470016K), 0.0988670 secs] [Times: user=0.29 sys=0.00, real=0.10 secs] 
2014-07-16T11:46:49.775+0000: 1001.919: [GC [PSYoungGen: 2781184K->11378K(2783040K)] 2946347K->176558K(3470016K), 0.0871390 secs] [Times: user=0.26 sys=0.00, real=0.09 secs] 
2014-07-16T11:46:57.285+0000: 1009.429: [GC [PSYoungGen: 2781298K->11328K(2783040K)] 2946478K->176523K(3470016K), 0.0733120 secs] [Times: user=0.20 sys=0.00, real=0.08 secs] 
2014-07-16T11:47:04.988+0000: 1017.132: [GC [PSYoungGen: 2781248K->11378K(2783040K)] 2946443K->176590K(3470016K), 0.0719100 secs] [Times: user=0.18 sys=0.00, real=0.07 secs] 
2014-07-16T11:47:12.528+0000: 1024.672: [GC [PSYoungGen: 2781298K->11378K(2654656K)] 2946510K->176606K(3341632K), 0.0620890 secs] [Times: user=0.16 sys=0.00, real=0.06 secs] 
2014-07-16T11:47:19.840+0000: 1031.984: [GC [PSYoungGen: 2654642K->1778K(2524672K)] 2819870K->176070K(3211648K), 0.0627190 secs] [Times: user=0.17 sys=0.01, real=0.07 secs] 
2014-07-16T11:47:27.011+0000: 1039.155: [GC [PSYoungGen: 2524658K->10354K(2418816K)] 2698950K->184686K(3105792K), 0.0607050 secs] [Times: user=0.16 sys=0.00, real=0.06 secs] 
2014-07-16T11:47:33.687+0000: 1045.831: [GC [PSYoungGen: 2418802K->9984K(2309696K)] 2593134K->184331K(2996672K), 0.0605820 secs] [Times: user=0.15 sys=0.00, real=0.06 secs] 
2014-07-16T11:47:39.800+0000: 1051.944: [GC [PSYoungGen: 2309696K->9568K(2205952K)] 2484043K->183939K(2892928K), 0.0679410 secs] [Times: user=0.19 sys=0.01, real=0.07 secs] 
2014-07-16T11:47:45.980+0000: 1058.124: [GC [PSYoungGen: 2205920K->5924K(2104064K)] 2380291K->183552K(2791040K), 0.0453090 secs] [Times: user=0.11 sys=0.00, real=0.05 secs] 
2014-07-16T11:47:51.608+0000: 1063.752: [GC [PSYoungGen: 2104036K->8768K(2013504K)] 2281664K->186531K(2700480K), 0.0609910 secs] [Times: user=0.16 sys=0.00, real=0.06 secs] 
2014-07-16T11:47:57.072+0000: 1069.216: [GC [PSYoungGen: 2013504K->8288K(1924288K)] 2191267K->186067K(2611264K), 0.0464710 secs] [Times: user=0.12 sys=0.00, real=0.05 secs] 
2014-07-16T11:48:02.495+0000: 1074.639: [GC [PSYoungGen: 1924256K->8100K(1839680K)] 2102035K->185904K(2526656K), 0.0594960 secs] [Times: user=0.17 sys=0.00, real=0.06 secs] 
2014-07-16T11:48:07.293+0000: 1079.437: [GC [PSYoungGen: 1839652K->7858K(1759168K)] 2017456K->185686K(2446144K), 0.0530910 secs] [Times: user=0.14 sys=0.01, real=0.05 secs] 
2014-07-16T11:48:12.148+0000: 1084.292: [GC [PSYoungGen: 1759154K->7328K(1682368K)] 1936982K->185179K(2369344K), 0.0300540 secs] [Times: user=0.06 sys=0.00, real=0.03 secs] 
2014-07-16T11:48:16.953+0000: 1089.097: [GC [PSYoungGen: 1682336K->7186K(1609664K)] 1860187K->185062K(2296640K), 0.0317870 secs] [Times: user=0.06 sys=0.00, real=0.03 secs] 
2014-07-16T11:48:21.296+0000: 1093.440: [GC [PSYoungGen: 1609618K->6816K(1929792K)] 1787494K->184715K(2616768K), 0.0667300 secs] [Times: user=0.19 sys=0.01, real=0.07 secs] 
2014-07-16T11:48:26.567+0000: 1098.711: [GC [PSYoungGen: 1929760K->8146K(2315776K)] 2107659K->186062K(3002752K), 0.0581360 secs] [Times: user=0.16 sys=0.00, real=0.06 secs] 
2014-07-16T11:48:33.086+0000: 1105.231: [GC [PSYoungGen: 2315730K->9764K(2213632K)] 2493646K->187704K(2900608K), 0.0543830 secs] [Times: user=0.14 sys=0.01, real=0.06 secs] 
2014-07-16T11:48:39.002+0000: 1111.146: [GC [PSYoungGen: 2213604K->7908K(2113152K)] 2391544K->187280K(2800128K), 0.0634650 secs] [Times: user=0.18 sys=0.00, real=0.06 secs] 
2014-07-16T11:48:44.688+0000: 1116.832: [GC [PSYoungGen: 2113124K->8854K(2535168K)] 2292496K->188426K(3222144K), 0.0737370 secs] [Times: user=0.20 sys=0.00, real=0.08 secs] 
2014-07-16T11:48:51.573+0000: 1123.717: [GC [PSYoungGen: 2535126K->8306K(2420032K)] 2714698K->190142K(3107008K), 0.0365360 secs] [Times: user=0.06 sys=0.00, real=0.04 secs] 
2014-07-16T11:48:58.284+0000: 1130.428: [GC [PSYoungGen: 2420018K->10002K(2312832K)] 2601854K->191870K(2999808K), 0.0434280 secs] [Times: user=0.09 sys=0.00, real=0.05 secs] 
2014-07-16T11:49:02.847+0000: 1134.991: [GC [PSYoungGen: 2312786K->6656K(2691008K)] 2494654K->191427K(3377984K), 0.0867390 secs] [Times: user=0.26 sys=0.00, real=0.08 secs] 
2014-07-16T11:49:09.970+0000: 1142.114: [GC [PSYoungGen: 2691008K->11126K(2696640K)] 2875779K->195930K(3383616K), 0.0564050 secs] [Times: user=0.14 sys=0.00, real=0.06 secs] 
2014-07-16T11:49:17.302+0000: 1149.446: [GC [PSYoungGen: 2695478K->11154K(2782848K)] 2880282K->195974K(3469824K), 0.0669760 secs] [Times: user=0.18 sys=0.01, real=0.07 secs] 
2014-07-16T11:49:24.543+0000: 1156.687: [GC [PSYoungGen: 2781330K->11506K(2655040K)] 2966150K->196350K(3342016K), 0.0654960 secs] [Times: user=0.16 sys=0.01, real=0.07 secs] 
2014-07-16T11:49:29.416+0000: 1161.560: [GC [PSYoungGen: 2655026K->1842K(2770176K)] 2839870K->195686K(3457152K), 0.0685760 secs] [Times: user=0.18 sys=0.01, real=0.07 secs] 
2014-07-16T11:49:34.672+0000: 1166.816: [GC [PSYoungGen: 2770162K->11232K(2781696K)] 2964006K->205091K(3468672K), 0.0825990 secs] [Times: user=0.23 sys=0.01, real=0.08 secs] 
2014-07-16T11:49:41.167+0000: 1173.311: [GC [PSYoungGen: 2779552K->11364K(2782400K)] 2973411K->205240K(3469376K), 0.0710700 secs] [Times: user=0.18 sys=0.00, real=0.07 secs] 
2014-07-16T11:49:47.510+0000: 1179.654: [GC [PSYoungGen: 2780260K->11232K(2780160K)] 2974136K->205123K(3467136K), 0.0469830 secs] [Times: user=0.07 sys=0.00, real=0.05 secs] 
2014-07-16T11:49:54.316+0000: 1186.460: [GC [PSYoungGen: 2780128K->11232K(2782464K)] 2974019K->205139K(3469440K), 0.0944950 secs] [Times: user=0.26 sys=0.00, real=0.09 secs] 
2014-07-16T11:50:01.899+0000: 1194.043: [GC [PSYoungGen: 2780000K->11442K(2780224K)] 2973907K->205366K(3467200K), 0.0563630 secs] [Times: user=0.14 sys=0.00, real=0.06 secs] 
2014-07-16T11:50:09.054+0000: 1201.198: [GC [PSYoungGen: 2780210K->11296K(2782400K)] 2974134K->205243K(3469376K), 0.0811490 secs] [Times: user=0.23 sys=0.00, real=0.09 secs] 
2014-07-16T11:50:16.673+0000: 1208.817: [GC [PSYoungGen: 2779936K->11346K(2780032K)] 2973883K->205310K(3467008K), 0.0804420 secs] [Times: user=0.23 sys=0.00, real=0.08 secs] 
2014-07-16T11:50:23.644+0000: 1215.788: [GC [PSYoungGen: 2779986K->11474K(2653568K)] 2973950K->205454K(3340544K), 0.0474240 secs] [Times: user=0.10 sys=0.00, real=0.05 secs] 
2014-07-16T11:50:28.711+0000: 1220.855: [GC [PSYoungGen: 2653522K->10916K(2780160K)] 2847502K->204920K(3467136K), 0.0618270 secs] [Times: user=0.15 sys=0.00, real=0.06 secs] 
2014-07-16T11:50:34.788+0000: 1226.932: [GC [PSYoungGen: 2777380K->11314K(2782144K)] 2971384K->205334K(3469120K), 0.0734160 secs] [Times: user=0.19 sys=0.01, real=0.08 secs] 
2014-07-16T11:50:42.326+0000: 1234.471: [GC [PSYoungGen: 2780274K->11474K(2782400K)] 2974294K->205518K(3469376K), 0.0744390 secs] [Times: user=0.21 sys=0.00, real=0.08 secs] 
2014-07-16T11:50:50.036+0000: 1242.180: [GC [PSYoungGen: 2780434K->11410K(2782592K)] 2974478K->205470K(3469568K), 0.0731220 secs] [Times: user=0.19 sys=0.00, real=0.07 secs] 
2014-07-16T11:50:57.684+0000: 1249.828: [GC [PSYoungGen: 2780690K->11446K(2782656K)] 2974750K->205522K(3469632K), 0.0953700 secs] [Times: user=0.29 sys=0.00, real=0.09 secs] 
2014-07-16T11:51:05.374+0000: 1257.518: [GC [PSYoungGen: 2780726K->11442K(2782656K)] 2974802K->205534K(3469632K), 0.0734730 secs] [Times: user=0.20 sys=0.00, real=0.07 secs] 
2014-07-16T11:51:13.266+0000: 1265.410: [GC [PSYoungGen: 2780914K->11442K(2654272K)] 2975006K->205558K(3341248K), 0.0650020 secs] [Times: user=0.17 sys=0.01, real=0.06 secs] 
2014-07-16T11:51:20.463+0000: 1272.607: [GC [PSYoungGen: 2654258K->1906K(2524352K)] 2848374K->204918K(3211328K), 0.0632970 secs] [Times: user=0.17 sys=0.00, real=0.07 secs] 
2014-07-16T11:51:27.424+0000: 1279.568: [GC [PSYoungGen: 2524338K->10386K(2418496K)] 2727350K->213462K(3105472K), 0.0673590 secs] [Times: user=0.17 sys=0.00, real=0.07 secs] 
2014-07-16T11:51:34.031+0000: 1286.175: [GC [PSYoungGen: 2418450K->10120K(2309504K)] 2621526K->213220K(2996480K), 0.0564080 secs] [Times: user=0.14 sys=0.00, real=0.05 secs] 
2014-07-16T11:51:40.000+0000: 1292.145: [GC [PSYoungGen: 2309448K->9682K(2205696K)] 2512548K->212806K(2892672K), 0.0452410 secs] [Times: user=0.10 sys=0.00, real=0.04 secs] 
2014-07-16T11:51:46.072+0000: 1298.216: [GC [PSYoungGen: 2205650K->5874K(2103616K)] 2408774K->212222K(2790592K), 0.0503250 secs] [Times: user=0.12 sys=0.01, real=0.05 secs] 
2014-07-16T11:51:51.947+0000: 1304.091: [GC [PSYoungGen: 2103602K->8918K(2013312K)] 2309950K->215346K(2700288K), 0.0655610 secs] [Times: user=0.18 sys=0.00, real=0.07 secs] 
2014-07-16T11:51:57.437+0000: 1309.581: [GC [PSYoungGen: 2013270K->8338K(1923968K)] 2219698K->214782K(2610944K), 0.0487030 secs] [Times: user=0.12 sys=0.00, real=0.05 secs] 
2014-07-16T11:52:02.786+0000: 1314.930: [GC [PSYoungGen: 1923922K->8100K(2306880K)] 2130366K->214560K(2993856K), 0.0785220 secs] [Times: user=0.23 sys=0.00, real=0.08 secs] 
2014-07-16T11:52:09.121+0000: 1321.265: [GC [PSYoungGen: 2306852K->9504K(2738176K)] 2513312K->215987K(3425152K), 0.0797940 secs] [Times: user=0.24 sys=0.00, real=0.08 secs] 
2014-07-16T11:52:16.776+0000: 1328.920: [GC [PSYoungGen: 2737888K->11414K(2741376K)] 2944371K->217914K(3428352K), 0.0697130 secs] [Times: user=0.18 sys=0.01, real=0.07 secs] 
2014-07-16T11:52:24.147+0000: 1336.292: [GC [PSYoungGen: 2739798K->11218K(2782720K)] 2946298K->217734K(3469696K), 0.1087310 secs] [Times: user=0.33 sys=0.00, real=0.11 secs] 
2014-07-16T11:52:31.943+0000: 1344.087: [GC [PSYoungGen: 2780754K->11200K(2780736K)] 2987270K->217739K(3467712K), 0.0810510 secs] [Times: user=0.21 sys=0.01, real=0.08 secs] 
2014-07-16T11:52:39.395+0000: 1351.539: [GC [PSYoungGen: 2780736K->11232K(2782656K)] 2987275K->217795K(3469632K), 0.0587740 secs] [Times: user=0.12 sys=0.00, real=0.06 secs] 
2014-07-16T11:52:46.922+0000: 1359.066: [GC [PSYoungGen: 2780512K->11378K(2654016K)] 2987075K->217966K(3340992K), 0.0641120 secs] [Times: user=0.15 sys=0.00, real=0.06 secs] 
2014-07-16T11:52:53.822+0000: 1365.966: [GC [PSYoungGen: 2654002K->2176K(2769472K)] 2860590K->217547K(3456448K), 0.0909230 secs] [Times: user=0.26 sys=0.01, real=0.09 secs] 
2014-07-16T11:53:01.567+0000: 1373.711: [GC [PSYoungGen: 2769472K->11392K(2780672K)] 2984843K->226803K(3467648K), 0.0923860 secs] [Times: user=0.26 sys=0.01, real=0.09 secs] 
2014-07-16T11:53:09.273+0000: 1381.417: [GC [PSYoungGen: 2778688K->11474K(2782656K)] 2994099K->226902K(3469632K), 0.0866440 secs] [Times: user=0.24 sys=0.01, real=0.08 secs] 
2014-07-16T11:53:16.914+0000: 1389.058: [GC [PSYoungGen: 2780754K->11456K(2782720K)] 2996182K->226899K(3469696K), 0.0849160 secs] [Times: user=0.25 sys=0.01, real=0.08 secs] 
2014-07-16T11:53:24.615+0000: 1396.759: [GC [PSYoungGen: 2780736K->11378K(2782592K)] 2996179K->226846K(3469568K), 0.0630910 secs] [Times: user=0.16 sys=0.00, real=0.06 secs] 
2014-07-16T11:53:32.273+0000: 1404.417: [GC [PSYoungGen: 2780658K->11570K(2654208K)] 2996126K->227062K(3341184K), 0.0614110 secs] [Times: user=0.15 sys=0.00, real=0.06 secs] 
2014-07-16T11:53:38.925+0000: 1411.069: [GC [PSYoungGen: 2654194K->1920K(2524160K)] 2869686K->226267K(3211136K), 0.0656210 secs] [Times: user=0.17 sys=0.00, real=0.07 secs] 
2014-07-16T11:53:44.673+0000: 1416.817: [GC [PSYoungGen: 2524160K->10582K(2418496K)] 2748507K->234986K(3105472K), 0.0551050 secs] [Times: user=0.13 sys=0.00, real=0.06 secs] 
2014-07-16T11:53:50.821+0000: 1422.965: [GC [PSYoungGen: 2418454K->9956K(2768000K)] 2642858K->234376K(3454976K), 0.0698800 secs] [Times: user=0.20 sys=0.00, real=0.07 secs] 
2014-07-16T11:53:57.565+0000: 1429.709: [GC [PSYoungGen: 2764964K->11232K(2640320K)] 2989384K->235667K(3327296K), 0.0515720 secs] [Times: user=0.10 sys=0.00, real=0.05 secs] 
2014-07-16T11:54:03.455+0000: 1435.599: [GC [PSYoungGen: 2640288K->1700K(2755264K)] 2864723K->235240K(3442240K), 0.0887950 secs] [Times: user=0.27 sys=0.01, real=0.09 secs] 
2014-07-16T11:54:10.529+0000: 1442.673: [GC [PSYoungGen: 2755236K->11382K(2766272K)] 2988776K->244962K(3453248K), 0.0712750 secs] [Times: user=0.19 sys=0.00, real=0.07 secs] 
2014-07-16T11:54:17.962+0000: 1450.106: [GC [PSYoungGen: 2764918K->11168K(2783296K)] 2998498K->244763K(3470272K), 0.0725970 secs] [Times: user=0.18 sys=0.00, real=0.08 secs] 
2014-07-16T11:54:25.489+0000: 1457.633: [GC [PSYoungGen: 2781856K->11346K(2783360K)] 3015451K->244966K(3470336K), 0.0909930 secs] [Times: user=0.24 sys=0.01, real=0.09 secs] 
2014-07-16T11:54:30.762+0000: 1462.906: [GC [PSYoungGen: 2782034K->11328K(2783360K)] 3015654K->244963K(3470336K), 0.0967080 secs] [Times: user=0.28 sys=0.00, real=0.10 secs] 
2014-07-16T11:54:38.006+0000: 1470.150: [GC [PSYoungGen: 2782144K->11332K(2783424K)] 3015779K->244992K(3470400K), 0.0541710 secs] [Times: user=0.12 sys=0.00, real=0.06 secs] 
2014-07-16T11:54:44.874+0000: 1477.018: [GC [PSYoungGen: 2782148K->11396K(2783424K)] 3015808K->245080K(3470400K), 0.0759470 secs] [Times: user=0.22 sys=0.01, real=0.08 secs] 
2014-07-16T11:54:52.059+0000: 1484.203: [GC [PSYoungGen: 2782340K->11410K(2783488K)] 3016024K->245110K(3470464K), 0.0938220 secs] [Times: user=0.27 sys=0.00, real=0.09 secs] 
2014-07-16T11:54:59.380+0000: 1491.524: [GC [PSYoungGen: 2782354K->11494K(2783616K)] 3016054K->245218K(3470592K), 0.0582630 secs] [Times: user=0.14 sys=0.01, real=0.05 secs] 
2014-07-16T11:55:03.738+0000: 1495.882: [GC [PSYoungGen: 2782566K->11478K(2783616K)] 3016290K->245226K(3470592K), 0.0684480 secs] [Times: user=0.18 sys=0.00, real=0.07 secs] 
2014-07-16T11:55:07.383+0000: 1499.527: [GC [PSYoungGen: 2782550K->11410K(2783488K)] 3016298K->245182K(3470464K), 0.0544110 secs] [Times: user=0.12 sys=0.00, real=0.05 secs] 
2014-07-16T11:55:11.845+0000: 1503.989: [GC [PSYoungGen: 2782482K->11460K(2783552K)] 3016254K->245248K(3470528K), 0.0574600 secs] [Times: user=0.14 sys=0.00, real=0.06 secs] 
2014-07-16T11:55:15.523+0000: 1507.667: [GC [PSYoungGen: 2782532K->11300K(2783424K)] 3016320K->245112K(3470400K), 0.0898200 secs] [Times: user=0.25 sys=0.00, real=0.09 secs] 
2014-07-16T11:55:19.137+0000: 1511.281: [GC [PSYoungGen: 2782500K->11396K(2783552K)] 3016312K->245224K(3470528K), 0.0411970 secs] [Times: user=0.06 sys=0.00, real=0.04 secs] 
2014-07-16T11:55:26.029+0000: 1518.173: [GC [PSYoungGen: 2782596K->11410K(2783680K)] 3016424K->245262K(3470656K), 0.0614520 secs] [Times: user=0.15 sys=0.01, real=0.06 secs] 
2014-07-16T11:55:33.797+0000: 1525.941: [GC [PSYoungGen: 2782866K->11410K(2783744K)] 3016718K->245278K(3470720K), 0.0811260 secs] [Times: user=0.22 sys=0.00, real=0.08 secs] 
2014-07-16T11:55:40.904+0000: 1533.048: [GC [PSYoungGen: 2782866K->11396K(2783744K)] 3016734K->245296K(3470720K), 0.0661800 secs] [Times: user=0.18 sys=0.00, real=0.07 secs] 
2014-07-16T11:55:48.530+0000: 1540.674: [GC [PSYoungGen: 2783044K->11442K(2783808K)] 3016944K->245358K(3470784K), 0.0570690 secs] [Times: user=0.13 sys=0.00, real=0.06 secs] 
2014-07-16T11:55:55.937+0000: 1548.081: [GC [PSYoungGen: 2783090K->11506K(2784000K)] 3017006K->245446K(3470976K), 0.0868910 secs] [Times: user=0.25 sys=0.00, real=0.09 secs] 
2014-07-16T11:56:03.561+0000: 1555.705: [GC [PSYoungGen: 2783346K->11392K(2783232K)] 3017286K->245355K(3470208K), 0.0600630 secs] [Times: user=0.14 sys=0.00, real=0.06 secs] 
2014-07-16T11:56:11.208+0000: 1563.352: [GC [PSYoungGen: 2783223K->11296K(2784000K)] 3017187K->245291K(3470976K), 0.0855060 secs] [Times: user=0.23 sys=0.00, real=0.09 secs] 
2014-07-16T11:56:18.994+0000: 1571.138: [GC [PSYoungGen: 2783200K->11506K(2783936K)] 3017195K->245518K(3470912K), 0.0804190 secs] [Times: user=0.22 sys=0.01, real=0.08 secs] 
2014-07-16T11:56:26.730+0000: 1578.874: [GC [PSYoungGen: 2783410K->11442K(2656576K)] 3017422K->245478K(3343552K), 0.0552140 secs] [Times: user=0.12 sys=0.00, real=0.06 secs] 
2014-07-16T11:56:33.793+0000: 1585.937: [GC [PSYoungGen: 2656562K->11026K(2535680K)] 2890598K->245078K(3222656K), 0.0617110 secs] [Times: user=0.15 sys=0.00, real=0.07 secs] 
2014-07-16T11:56:40.630+0000: 1592.774: [GC [PSYoungGen: 2535634K->1444K(2411584K)] 2769686K->244424K(3098560K), 0.0748830 secs] [Times: user=0.24 sys=0.00, real=0.07 secs] 
2014-07-16T11:56:47.588+0000: 1599.732: [GC [PSYoungGen: 2411556K->9988K(2311296K)] 2654536K->253064K(2998272K), 0.0681720 secs] [Times: user=0.19 sys=0.00, real=0.07 secs] 
2014-07-16T11:56:53.790+0000: 1605.934: [GC [PSYoungGen: 2311236K->9536K(2770368K)] 2554312K->252627K(3457344K), 0.0705260 secs] [Times: user=0.21 sys=0.00, real=0.07 secs] 
2014-07-16T11:57:01.424+0000: 1613.568: [GC [PSYoungGen: 2767680K->11298K(2770496K)] 3010771K->254406K(3457472K), 0.1031610 secs] [Times: user=0.32 sys=0.00, real=0.10 secs] 
2014-07-16T11:57:09.105+0000: 1621.249: [GC [PSYoungGen: 2769442K->11410K(2783680K)] 3012550K->254534K(3470656K), 0.0635640 secs] [Times: user=0.14 sys=0.01, real=0.07 secs] 
2014-07-16T11:57:16.855+0000: 1628.999: [GC [PSYoungGen: 2782738K->11378K(2656000K)] 3025862K->254518K(3342976K), 0.0672310 secs] [Times: user=0.17 sys=0.01, real=0.07 secs] 
2014-07-16T11:57:24.092+0000: 1636.236: [GC [PSYoungGen: 2655986K->1124K(2771584K)] 2899126K->253992K(3458560K), 0.0866290 secs] [Times: user=0.31 sys=0.01, real=0.08 secs] 
2014-07-16T11:57:31.884+0000: 1644.028: [GC [PSYoungGen: 2771556K->11442K(2782720K)] 3024424K->264390K(3469696K), 0.0864900 secs] [Times: user=0.25 sys=0.00, real=0.08 secs] 
2014-07-16T11:57:39.550+0000: 1651.694: [GC [PSYoungGen: 2781874K->11296K(2783808K)] 3034822K->264275K(3470784K), 0.0915020 secs] [Times: user=0.25 sys=0.01, real=0.09 secs] 
2014-07-16T11:57:46.911+0000: 1659.055: [GC [PSYoungGen: 2782816K->11314K(2783808K)] 3035795K->264310K(3470784K), 0.0652810 secs] [Times: user=0.16 sys=0.00, real=0.07 secs] 
2014-07-16T11:57:54.672+0000: 1666.816: [GC [PSYoungGen: 2782834K->11410K(2783808K)] 3035830K->264430K(3470784K), 0.0800980 secs] [Times: user=0.22 sys=0.00, real=0.08 secs] 
2014-07-16T11:58:02.076+0000: 1674.220: [GC [PSYoungGen: 2782994K->11296K(2783808K)] 3036014K->264339K(3470784K), 0.0898660 secs] [Times: user=0.25 sys=0.00, real=0.09 secs] 
2014-07-16T11:58:09.850+0000: 1681.994: [GC [PSYoungGen: 2782880K->11584K(2656384K)] 3035923K->264643K(3343360K), 0.0576070 secs] [Times: user=0.15 sys=0.00, real=0.05 secs] 
2014-07-16T11:58:16.942+0000: 1689.086: [GC [PSYoungGen: 2656384K->10994K(2535360K)] 2909443K->264078K(3222336K), 0.0583080 secs] [Times: user=0.14 sys=0.00, real=0.06 secs] 
2014-07-16T11:58:24.033+0000: 1696.177: [GC [PSYoungGen: 2535346K->1892K(2411776K)] 2788430K->263584K(3098752K), 0.0454340 secs] [Times: user=0.12 sys=0.01, real=0.04 secs] 
2014-07-16T11:58:30.877+0000: 1703.021: [GC [PSYoungGen: 2411748K->10002K(2311104K)] 2673440K->271806K(2998080K), 0.0730540 secs] [Times: user=0.20 sys=0.01, real=0.07 secs] 
2014-07-16T11:58:37.355+0000: 1709.499: [GC [PSYoungGen: 2311058K->9590K(2207232K)] 2572862K->271418K(2894208K), 0.0435060 secs] [Times: user=0.09 sys=0.00, real=0.04 secs] 
2014-07-16T11:58:43.388+0000: 1715.532: [GC [PSYoungGen: 2207222K->9156K(2108544K)] 2469050K->271000K(2795520K), 0.0725230 secs] [Times: user=0.21 sys=0.00, real=0.07 secs] 
2014-07-16T11:58:49.206+0000: 1721.350: [GC [PSYoungGen: 2108484K->6052K(2525312K)] 2370328K->270592K(3212288K), 0.0704830 secs] [Times: user=0.21 sys=0.00, real=0.07 secs] 
2014-07-16T11:58:56.002+0000: 1728.146: [GC [PSYoungGen: 2525284K->10368K(2415360K)] 2789824K->274971K(3102336K), 0.0660840 secs] [Times: user=0.18 sys=0.00, real=0.07 secs] 
2014-07-16T11:59:02.429+0000: 1734.573: [GC [PSYoungGen: 2415360K->8946K(2305344K)] 2679963K->274726K(2992320K), 0.0559960 secs] [Times: user=0.14 sys=0.00, real=0.05 secs] 
2014-07-16T11:59:08.939+0000: 1741.083: [GC [PSYoungGen: 2305330K->9490K(2202688K)] 2571110K->275446K(2889664K), 0.0643790 secs] [Times: user=0.18 sys=0.00, real=0.06 secs] 
2014-07-16T11:59:15.045+0000: 1747.189: [GC [PSYoungGen: 2202642K->6258K(2638080K)] 2468598K->275166K(3325056K), 0.0812580 secs] [Times: user=0.23 sys=0.00, real=0.08 secs] 
2014-07-16T11:59:20.559+0000: 1752.703: [GC [PSYoungGen: 2638066K->10820K(2742592K)] 2906974K->279968K(3429568K), 0.0985610 secs] [Times: user=0.31 sys=0.01, real=0.10 secs] 
2014-07-16T11:59:27.766+0000: 1759.910: [GC [PSYoungGen: 2741060K->11236K(2783552K)] 3010208K->280400K(3470528K), 0.0833920 secs] [Times: user=0.22 sys=0.01, real=0.08 secs] 
2014-07-16T11:59:33.752+0000: 1765.897: [GC [PSYoungGen: 2782436K->11264K(2782464K)] 3051600K->280443K(3469440K), 0.0714950 secs] [Times: user=0.18 sys=0.00, real=0.07 secs] 
2014-07-16T11:59:40.663+0000: 1772.808: [GC [PSYoungGen: 2782464K->11378K(2783296K)] 3051643K->280574K(3470272K), 0.0598720 secs] [Times: user=0.15 sys=0.00, real=0.06 secs] 
2014-07-16T11:59:47.049+0000: 1779.193: [GC [PSYoungGen: 2782066K->11410K(2782144K)] 3051262K->280630K(3469120K), 0.0735350 secs] [Times: user=0.19 sys=0.00, real=0.07 secs] 
2014-07-16T11:59:52.047+0000: 1784.191: [GC [PSYoungGen: 2782098K->11720K(2782976K)] 3051318K->280956K(3469952K), 0.0561340 secs] [Times: user=0.14 sys=0.00, real=0.05 secs] 
2014-07-16T11:59:59.299+0000: 1791.444: [GC [PSYoungGen: 2781896K->11492K(2781696K)] 3051132K->280744K(3468672K), 0.0488060 secs] [Times: user=0.10 sys=0.00, real=0.05 secs] 
2014-07-16T12:00:05.741+0000: 1797.886: [GC [PSYoungGen: 2781668K->11570K(2655104K)] 3050920K->280846K(3342080K), 0.0598610 secs] [Times: user=0.15 sys=0.00, real=0.06 secs] 
2014-07-16T12:00:09.774+0000: 1801.918: [GC [PSYoungGen: 2655090K->10952K(2781568K)] 2924366K->280260K(3468544K), 0.0482120 secs] [Times: user=0.08 sys=0.01, real=0.05 secs] 
2014-07-16T12:00:16.831+0000: 1808.975: [GC [PSYoungGen: 2779400K->11510K(2782848K)] 3048708K->280834K(3469824K), 0.0822940 secs] [Times: user=0.23 sys=0.00, real=0.08 secs] 
2014-07-16T12:00:24.036+0000: 1816.180: [GC [PSYoungGen: 2781622K->11364K(2783040K)] 3050946K->280704K(3470016K), 0.0629450 secs] [Times: user=0.17 sys=0.00, real=0.07 secs] 
2014-07-16T12:00:29.743+0000: 1821.887: [GC [PSYoungGen: 2781476K->11382K(2783168K)] 3050816K->280738K(3470144K), 0.0691410 secs] [Times: user=0.17 sys=0.00, real=0.07 secs] 
2014-07-16T12:00:33.291+0000: 1825.436: [GC [PSYoungGen: 2781750K->11232K(2783232K)] 3051106K->280603K(3470208K), 0.0707340 secs] [Times: user=0.18 sys=0.00, real=0.07 secs] 
2014-07-16T12:00:37.557+0000: 1829.701: [GC [PSYoungGen: 2781600K->11360K(2783232K)] 3050971K->280763K(3470208K), 0.0809380 secs] [Times: user=0.24 sys=0.00, real=0.08 secs] 
2014-07-16T12:00:44.518+0000: 1836.662: [GC [PSYoungGen: 2781920K->11560K(2783232K)] 3051323K->280980K(3470208K), 0.0715760 secs] [Times: user=0.20 sys=0.00, real=0.07 secs] 
2014-07-16T12:00:52.094+0000: 1844.238: [GC [PSYoungGen: 2782120K->11410K(2783488K)] 3051540K->280854K(3470464K), 0.0438000 secs] [Times: user=0.08 sys=0.00, real=0.04 secs] 
2014-07-16T12:00:59.584+0000: 1851.728: [GC [PSYoungGen: 2782226K->11396K(2782272K)] 3051670K->280856K(3469248K), 0.0620960 secs] [Times: user=0.16 sys=0.00, real=0.07 secs] 
2014-07-16T12:01:07.091+0000: 1859.235: [GC [PSYoungGen: 2782212K->11378K(2783488K)] 3051672K->280862K(3470464K), 0.0896320 secs] [Times: user=0.26 sys=0.00, real=0.09 secs] 
2014-07-16T12:01:14.472+0000: 1866.616: [GC [PSYoungGen: 2782258K->11346K(2783424K)] 3051742K->280846K(3470400K), 0.0593880 secs] [Times: user=0.14 sys=0.00, real=0.06 secs] 
2014-07-16T12:01:21.882+0000: 1874.026: [GC [PSYoungGen: 2782226K->11588K(2655808K)] 3051726K->281112K(3342784K), 0.0450820 secs] [Times: user=0.09 sys=0.00, real=0.04 secs] 
2014-07-16T12:01:28.983+0000: 1881.127: [GC [PSYoungGen: 2655748K->10994K(2534720K)] 2925272K->280534K(3221696K), 0.0641990 secs] [Times: user=0.16 sys=0.00, real=0.06 secs] 
2014-07-16T12:01:35.687+0000: 1887.831: [GC [PSYoungGen: 2534706K->2356K(2411648K)] 2804246K->280176K(3098624K), 0.0848830 secs] [Times: user=0.25 sys=0.00, real=0.09 secs] 
2014-07-16T12:01:42.224+0000: 1894.368: [GC [PSYoungGen: 2411636K->9938K(2310464K)] 2689456K->287814K(2997440K), 0.0540550 secs] [Times: user=0.13 sys=0.00, real=0.05 secs] 
2014-07-16T12:01:48.232+0000: 1900.377: [GC [PSYoungGen: 2310418K->9522K(2206592K)] 2588294K->287422K(2893568K), 0.0568410 secs] [Times: user=0.15 sys=0.00, real=0.05 secs] 
2014-07-16T12:01:54.305+0000: 1906.449: [GC [PSYoungGen: 2206578K->9302K(2645824K)] 2484478K->287218K(3332800K), 0.0770660 secs] [Times: user=0.22 sys=0.00, real=0.08 secs] 
2014-07-16T12:02:01.398+0000: 1913.542: [GC [PSYoungGen: 2645782K->6386K(2756288K)] 2923698K->288750K(3443264K), 0.0812770 secs] [Times: user=0.23 sys=0.00, real=0.08 secs] 
2014-07-16T12:02:09.125+0000: 1921.269: [GC [PSYoungGen: 2756274K->11314K(2762432K)] 3038638K->293926K(3449408K), 0.0800210 secs] [Times: user=0.22 sys=0.00, real=0.08 secs] 
2014-07-16T12:02:16.602+0000: 1928.746: [GC [PSYoungGen: 2761202K->11382K(2635584K)] 3043814K->294018K(3322560K), 0.0544890 secs] [Times: user=0.11 sys=0.01, real=0.06 secs] 
2014-07-16T12:02:23.762+0000: 1935.906: [GC [PSYoungGen: 2635574K->10802K(2515584K)] 2918210K->293454K(3202560K), 0.0762280 secs] [Times: user=0.19 sys=0.00, real=0.08 secs] 
2014-07-16T12:02:30.893+0000: 1943.037: [GC [PSYoungGen: 2515570K->3072K(2771264K)] 2798222K->292955K(3458240K), 0.0887580 secs] [Times: user=0.25 sys=0.01, real=0.09 secs] 
2014-07-16T12:02:38.471+0000: 1950.615: [GC [PSYoungGen: 2771264K->11364K(2780608K)] 3061147K->301264K(3467584K), 0.0929040 secs] [Times: user=0.27 sys=0.01, real=0.09 secs] 
2014-07-16T12:02:45.746+0000: 1957.890: [GC [PSYoungGen: 2779556K->11364K(2783616K)] 3069456K->301280K(3470592K), 0.0768090 secs] [Times: user=0.20 sys=0.00, real=0.08 secs] 
2014-07-16T12:02:53.481+0000: 1965.626: [GC [PSYoungGen: 2782564K->11378K(2783680K)] 3072480K->301310K(3470656K), 0.0828250 secs] [Times: user=0.21 sys=0.00, real=0.08 secs] 
2014-07-16T12:03:00.813+0000: 1972.957: [GC [PSYoungGen: 2782565K->11442K(2783552K)] 3072497K->301398K(3470528K), 0.0890540 secs] [Times: user=0.26 sys=0.00, real=0.08 secs] 
2014-07-16T12:03:08.579+0000: 1980.724: [GC [PSYoungGen: 2782514K->11506K(2655872K)] 3072470K->301478K(3342848K), 0.0512940 secs] [Times: user=0.09 sys=0.00, real=0.05 secs] 
2014-07-16T12:03:15.775+0000: 1987.919: [GC [PSYoungGen: 2655858K->1138K(2771328K)] 2945830K->300894K(3458304K), 0.0778240 secs] [Times: user=0.27 sys=0.01, real=0.07 secs] 
2014-07-16T12:03:23.548+0000: 1995.692: [GC [PSYoungGen: 2771314K->11410K(2654976K)] 3071070K->311286K(3341952K), 0.0552610 secs] [Times: user=0.09 sys=0.00, real=0.05 secs] 
2014-07-16T12:03:30.894+0000: 2003.039: [GC [PSYoungGen: 2654930K->1024K(2524160K)] 2954806K->310731K(3211136K), 0.0707280 secs] [Times: user=0.25 sys=0.01, real=0.07 secs] 
2014-07-16T12:03:37.883+0000: 2010.027: [GC [PSYoungGen: 2524160K->10368K(2419072K)] 2833867K->320203K(3106048K), 0.0548800 secs] [Times: user=0.13 sys=0.01, real=0.05 secs] 
2014-07-16T12:03:44.336+0000: 2016.481: [GC [PSYoungGen: 2419072K->9824K(2769280K)] 2728907K->319675K(3456256K), 0.0953070 secs] [Times: user=0.27 sys=0.01, real=0.10 secs] 
2014-07-16T12:03:51.931+0000: 2024.075: [GC [PSYoungGen: 2766752K->11232K(2642176K)] 3076603K->321099K(3329152K), 0.0568710 secs] [Times: user=0.13 sys=0.00, real=0.05 secs] 
2014-07-16T12:03:57.484+0000: 2029.628: [GC [PSYoungGen: 2642144K->1202K(2757120K)] 2952011K->320662K(3444096K), 0.0850740 secs] [Times: user=0.30 sys=0.00, real=0.08 secs] 
2014-07-16T12:04:04.600+0000: 2036.744: [GC [PSYoungGen: 2757106K->11168K(2768192K)] 3076566K->330667K(3455168K), 0.0760460 secs] [Times: user=0.22 sys=0.00, real=0.08 secs] 
2014-07-16T12:04:11.004+0000: 2043.148: [GC [PSYoungGen: 2767072K->11282K(2641280K)] 3086571K->330798K(3328256K), 0.0435080 secs] [Times: user=0.07 sys=0.00, real=0.04 secs] 
2014-07-16T12:04:16.959+0000: 2049.104: [GC [PSYoungGen: 2641234K->10770K(2783040K)] 2960750K->330302K(3470016K), 0.0859070 secs] [Times: user=0.23 sys=0.01, real=0.09 secs] 
2014-07-16T12:04:23.258+0000: 2055.402: [GC [PSYoungGen: 2781586K->11264K(2783872K)] 3101118K->330811K(3470848K), 0.0802320 secs] [Times: user=0.21 sys=0.00, real=0.08 secs] 
2014-07-16T12:04:29.174+0000: 2061.318: [GC [PSYoungGen: 2783029K->11428K(2783936K)] 3102577K->330992K(3470912K), 0.0482500 secs] [Times: user=0.11 sys=0.00, real=0.05 secs] 
2014-07-16T12:04:36.897+0000: 2069.041: [GC [PSYoungGen: 2783204K->11556K(2656576K)] 3102768K->331136K(3343552K), 0.0476340 secs] [Times: user=0.11 sys=0.00, real=0.05 secs] 
2014-07-16T12:04:42.825+0000: 2074.969: [GC [PSYoungGen: 2656548K->10738K(2535296K)] 2976128K->330334K(3222272K), 0.0500330 secs] [Times: user=0.09 sys=0.00, real=0.05 secs] 
2014-07-16T12:04:46.414+0000: 2078.558: [GC [PSYoungGen: 2535282K->2304K(2771776K)] 2854878K->329883K(3458752K), 0.0589720 secs] [Times: user=0.13 sys=0.01, real=0.06 secs] 
2014-07-16T12:04:49.880+0000: 2082.024: [GC [PSYoungGen: 2771776K->11282K(2781696K)] 3099355K->339070K(3468672K), 0.0728930 secs] [Times: user=0.19 sys=0.00, real=0.07 secs] 
2014-07-16T12:04:53.256+0000: 2085.400: [GC [PSYoungGen: 2780754K->11378K(2783936K)] 3108542K->339182K(3470912K), 0.0464120 secs] [Times: user=0.07 sys=0.01, real=0.05 secs] 
2014-07-16T12:04:57.039+0000: 2089.183: [GC [PSYoungGen: 2783090K->11538K(2783296K)] 3110894K->339358K(3470272K), 0.0595570 secs] [Times: user=0.14 sys=0.00, real=0.06 secs] 
2014-07-16T12:05:00.841+0000: 2092.985: [GC [PSYoungGen: 2783250K->11442K(2783744K)] 3111070K->339278K(3470720K), 0.0568660 secs] [Times: user=0.13 sys=0.00, real=0.06 secs] 
2014-07-16T12:05:07.572+0000: 2099.716: [GC [PSYoungGen: 2782898K->11360K(2783808K)] 3110734K->339219K(3470784K), 0.0647630 secs] [Times: user=0.15 sys=0.01, real=0.06 secs] 
2014-07-16T12:05:11.572+0000: 2103.716: [GC [PSYoungGen: 2782816K->11428K(2783808K)] 3110675K->339304K(3470784K), 0.0599320 secs] [Times: user=0.14 sys=0.00, real=0.06 secs] 
2014-07-16T12:05:15.272+0000: 2107.416: [GC [PSYoungGen: 2782948K->11314K(2783808K)] 3110824K->339214K(3470784K), 0.0465690 secs] [Times: user=0.09 sys=0.00, real=0.05 secs] 
2014-07-16T12:05:19.539+0000: 2111.683: [GC [PSYoungGen: 2782834K->11360K(2783808K)] 3110734K->339275K(3470784K), 0.0545060 secs] [Times: user=0.12 sys=0.00, real=0.05 secs] 
2014-07-16T12:05:25.786+0000: 2117.930: [GC [PSYoungGen: 2782944K->11574K(2783808K)] 3110859K->339506K(3470784K), 0.0456970 secs] [Times: user=0.10 sys=0.00, real=0.04 secs] 
2014-07-16T12:05:33.242+0000: 2125.386: [GC [PSYoungGen: 2783158K->11410K(2783936K)] 3111090K->339358K(3470912K), 0.0671640 secs] [Times: user=0.18 sys=0.00, real=0.07 secs] 
2014-07-16T12:05:40.795+0000: 2132.939: [GC [PSYoungGen: 2783122K->11492K(2783936K)] 3111070K->339472K(3470912K), 0.0863910 secs] [Times: user=0.24 sys=0.01, real=0.09 secs] 
2014-07-16T12:05:48.287+0000: 2140.431: [GC [PSYoungGen: 2783204K->11378K(2783808K)] 3111184K->339390K(3470784K), 0.0531780 secs] [Times: user=0.11 sys=0.01, real=0.06 secs] 
2014-07-16T12:05:55.686+0000: 2147.831: [GC [PSYoungGen: 2783090K->11410K(2783872K)] 3111102K->339438K(3470848K), 0.0804240 secs] [Times: user=0.22 sys=0.00, real=0.08 secs] 
2014-07-16T12:06:03.440+0000: 2155.584: [GC [PSYoungGen: 2783122K->11364K(2783872K)] 3111150K->339408K(3470848K), 0.1120020 secs] [Times: user=0.35 sys=0.01, real=0.12 secs] 
2014-07-16T12:06:11.280+0000: 2163.424: [GC [PSYoungGen: 2783268K->11360K(2783936K)] 3111312K->339427K(3470912K), 0.0716620 secs] [Times: user=0.18 sys=0.00, real=0.07 secs] 
2014-07-16T12:06:19.105+0000: 2171.249: [GC [PSYoungGen: 2783264K->11460K(2784000K)] 3111331K->339544K(3470976K), 0.0823610 secs] [Times: user=0.24 sys=0.00, real=0.08 secs] 
2014-07-16T12:06:26.624+0000: 2178.768: [GC [PSYoungGen: 2783556K->11474K(2784064K)] 3111640K->339582K(3471040K), 0.0757060 secs] [Times: user=0.21 sys=0.00, real=0.07 secs] 
2014-07-16T12:06:34.378+0000: 2186.522: [GC [PSYoungGen: 2783570K->11378K(2784064K)] 3111678K->339502K(3471040K), 0.0705550 secs] [Times: user=0.18 sys=0.00, real=0.07 secs] 
2014-07-16T12:06:42.058+0000: 2194.202: [GC [PSYoungGen: 2783602K->11396K(2784128K)] 3111726K->339544K(3471104K), 0.0906110 secs] [Times: user=0.27 sys=0.00, real=0.09 secs] 
2014-07-16T12:06:49.597+0000: 2201.741: [GC [PSYoungGen: 2783620K->11296K(2784128K)] 3111768K->339459K(3471104K), 0.0822990 secs] [Times: user=0.21 sys=0.00, real=0.08 secs] 
2014-07-16T12:06:57.229+0000: 2209.373: [GC [PSYoungGen: 2783648K->11332K(2784192K)] 3111811K->339512K(3471168K), 0.0618470 secs] [Times: user=0.14 sys=0.00, real=0.06 secs] 
2014-07-16T12:07:04.906+0000: 2217.051: [GC [PSYoungGen: 2783684K->11428K(2657024K)] 3111864K->339624K(3344000K), 0.0676550 secs] [Times: user=0.18 sys=0.00, real=0.07 secs] 
2014-07-16T12:07:12.078+0000: 2224.222: [GC [PSYoungGen: 2656996K->10884K(2536000K)] 2985192K->339104K(3222976K), 0.0575990 secs] [Times: user=0.11 sys=0.01, real=0.06 secs] 
2014-07-16T12:07:18.985+0000: 2231.129: [GC [PSYoungGen: 2535940K->1188K(2411776K)] 2864160K->338664K(3098752K), 0.0678510 secs] [Times: user=0.23 sys=0.01, real=0.07 secs] 
2014-07-16T12:07:25.850+0000: 2237.994: [GC [PSYoungGen: 2411748K->10002K(2311744K)] 2749224K->347574K(2998720K), 0.0609030 secs] [Times: user=0.16 sys=0.00, real=0.06 secs] 
2014-07-16T12:07:32.384+0000: 2244.528: [GC [PSYoungGen: 2311698K->9408K(2207616K)] 2649270K->347003K(2894592K), 0.0795370 secs] [Times: user=0.24 sys=0.00, real=0.08 secs] 
2014-07-16T12:07:38.678+0000: 2250.822: [GC [PSYoungGen: 2207616K->9234K(2109120K)] 2545211K->346846K(2796096K), 0.0513110 secs] [Times: user=0.13 sys=0.00, real=0.05 secs] 
2014-07-16T12:07:44.449+0000: 2256.593: [GC [PSYoungGen: 2109074K->5952K(2012288K)] 2446686K->346355K(2699264K), 0.0581070 secs] [Times: user=0.15 sys=0.01, real=0.06 secs] 
2014-07-16T12:07:49.941+0000: 2262.085: [GC [PSYoungGen: 2012288K->8626K(2416256K)] 2352691K->349230K(3103232K), 0.0628420 secs] [Times: user=0.18 sys=0.01, real=0.06 secs] 
2014-07-16T12:07:56.582+0000: 2268.726: [GC [PSYoungGen: 2416242K->10066K(2308992K)] 2756846K->350686K(2995968K), 0.0535070 secs] [Times: user=0.13 sys=0.00, real=0.05 secs] 
2014-07-16T12:08:03.124+0000: 2275.268: [GC [PSYoungGen: 2308946K->9672K(2205312K)] 2649566K->350308K(2892288K), 0.0397750 secs] [Times: user=0.07 sys=0.00, real=0.04 secs] 
2014-07-16T12:08:09.097+0000: 2281.241: [GC [PSYoungGen: 2205256K->5284K(2102656K)] 2545892K->349944K(2789632K), 0.0814080 secs] [Times: user=0.23 sys=0.00, real=0.08 secs] 
2014-07-16T12:08:14.911+0000: 2287.055: [GC [PSYoungGen: 2102628K->8886K(2012864K)] 2447288K->353642K(2699840K), 0.0514140 secs] [Times: user=0.13 sys=0.01, real=0.05 secs] 
2014-07-16T12:08:20.527+0000: 2292.671: [GC [PSYoungGen: 2012854K->8320K(2413120K)] 2357610K->353099K(3100096K), 0.0773860 secs] [Times: user=0.24 sys=0.01, real=0.08 secs] 
2014-07-16T12:08:27.180+0000: 2299.324: [GC [PSYoungGen: 2413120K->10070K(2306368K)] 2757899K->354866K(2993344K), 0.0548110 secs] [Times: user=0.13 sys=0.00, real=0.06 secs] 
2014-07-16T12:08:33.639+0000: 2305.783: [GC [PSYoungGen: 2306326K->6592K(2199680K)] 2651122K->354355K(2886656K), 0.0507100 secs] [Times: user=0.12 sys=0.00, real=0.05 secs] 
2014-07-16T12:08:39.918+0000: 2312.062: [GC [PSYoungGen: 2199680K->9124K(2104128K)] 2547443K->356992K(2791104K), 0.0507020 secs] [Times: user=0.12 sys=0.00, real=0.05 secs] 
2014-07-16T12:08:45.726+0000: 2317.870: [GC [PSYoungGen: 2104100K->8498K(2010240K)] 2451968K->356574K(2697216K), 0.0556520 secs] [Times: user=0.15 sys=0.00, real=0.05 secs] 
2014-07-16T12:08:51.113+0000: 2323.257: [GC [PSYoungGen: 2010226K->8356K(1921472K)] 2358302K->356648K(2608448K), 0.0536800 secs] [Times: user=0.14 sys=0.00, real=0.06 secs] 
2014-07-16T12:08:56.265+0000: 2328.409: [GC [PSYoungGen: 1921444K->7090K(2302848K)] 2269736K->356286K(2989824K), 0.0738160 secs] [Times: user=0.23 sys=0.00, real=0.08 secs] 
2014-07-16T12:09:02.758+0000: 2334.902: [GC [PSYoungGen: 2302834K->9636K(2202240K)] 2652030K->359008K(2889216K), 0.0414080 secs] [Times: user=0.08 sys=0.00, real=0.05 secs] 
2014-07-16T12:09:08.987+0000: 2341.131: [GC [PSYoungGen: 2202212K->7204K(2101760K)] 2551584K->358544K(2788736K), 0.0539920 secs] [Times: user=0.13 sys=0.00, real=0.06 secs] 
2014-07-16T12:09:14.781+0000: 2346.925: [GC [PSYoungGen: 2101732K->8790K(2522304K)] 2453072K->360186K(3209280K), 0.0778210 secs] [Times: user=0.24 sys=0.00, real=0.08 secs] 
2014-07-16T12:09:21.400+0000: 2353.544: [GC [PSYoungGen: 2522262K->7282K(2697984K)] 2873658K->361670K(3384960K), 0.0823790 secs] [Times: user=0.24 sys=0.00, real=0.08 secs] 
2014-07-16T12:09:28.763+0000: 2360.908: [GC [PSYoungGen: 2697970K->11090K(2702336K)] 3052358K->365702K(3389312K), 0.0780970 secs] [Times: user=0.22 sys=0.00, real=0.07 secs] 
2014-07-16T12:09:34.452+0000: 2366.596: [GC [PSYoungGen: 2701772K->11040K(2783488K)] 3056384K->365667K(3470464K), 0.0721920 secs] [Times: user=0.19 sys=0.01, real=0.07 secs] 
2014-07-16T12:09:41.496+0000: 2373.640: [GC [PSYoungGen: 2782496K->11378K(2782848K)] 3137123K->366038K(3469824K), 0.0843360 secs] [Times: user=0.24 sys=0.01, real=0.08 secs] 
2014-07-16T12:09:48.209+0000: 2380.353: [GC [PSYoungGen: 2782834K->11328K(2782976K)] 3137494K->366011K(3469952K), 0.0801820 secs] [Times: user=0.22 sys=0.00, real=0.08 secs] 
2014-07-16T12:09:55.527+0000: 2387.671: [GC [PSYoungGen: 2781632K->11620K(2781952K)] 3136315K->366320K(3468928K), 0.0678690 secs] [Times: user=0.18 sys=0.00, real=0.06 secs] 
2014-07-16T12:10:01.712+0000: 2393.857: [GC [PSYoungGen: 2781924K->11506K(2782528K)] 3136624K->366222K(3469504K), 0.0657060 secs] [Times: user=0.17 sys=0.00, real=0.07 secs] 
2014-07-16T12:10:07.942+0000: 2400.086: [GC [PSYoungGen: 2780786K->11460K(2780800K)] 3135502K->366200K(3467776K), 0.0654040 secs] [Times: user=0.17 sys=0.01, real=0.07 secs] 
2014-07-16T12:10:15.045+0000: 2407.189: [GC [PSYoungGen: 2780740K->11360K(2782528K)] 3135480K->366115K(3469504K), 0.0852520 secs] [Times: user=0.23 sys=0.00, real=0.09 secs] 
2014-07-16T12:10:22.235+0000: 2414.380: [GC [PSYoungGen: 2780384K->11460K(2780544K)] 3135139K->366240K(3467520K), 0.0852610 secs] [Times: user=0.25 sys=0.00, real=0.09 secs] 
2014-07-16T12:10:29.914+0000: 2422.058: [GC [PSYoungGen: 2780484K->11346K(2782592K)] 3135264K->366142K(3469568K), 0.0598790 secs] [Times: user=0.15 sys=0.00, real=0.06 secs] 
2014-07-16T12:10:33.928+0000: 2426.072: [GC [PSYoungGen: 2780306K->11364K(2782528K)] 3135102K->366176K(3469504K), 0.0454280 secs] [Times: user=0.07 sys=0.00, real=0.05 secs] 
2014-07-16T12:10:37.830+0000: 2429.974: [GC [PSYoungGen: 2780324K->11392K(2782528K)] 3135136K->366227K(3469504K), 0.0398410 secs] [Times: user=0.06 sys=0.00, real=0.04 secs] 
2014-07-16T12:10:44.122+0000: 2436.267: [GC [PSYoungGen: 2780416K->11332K(2782528K)] 3135251K->366184K(3469504K), 0.0629360 secs] [Times: user=0.15 sys=0.00, real=0.07 secs] 
2014-07-16T12:10:48.008+0000: 2440.152: [GC [PSYoungGen: 2780356K->11232K(2782464K)] 3135208K->366099K(3469440K), 0.0483700 secs] [Times: user=0.10 sys=0.00, real=0.05 secs] 
2014-07-16T12:10:51.751+0000: 2443.895: [GC [PSYoungGen: 2780448K->11346K(2782528K)] 3135315K->366230K(3469504K), 0.0447100 secs] [Times: user=0.07 sys=0.00, real=0.05 secs] 
2014-07-16T12:10:56.697+0000: 2448.841: [GC [PSYoungGen: 2780562K->11268K(2782592K)] 3135446K->366168K(3469568K), 0.1027680 secs] [Times: user=0.30 sys=0.00, real=0.10 secs] 
2014-07-16T12:11:03.773+0000: 2455.917: [GC [PSYoungGen: 2780868K->11478K(2782720K)] 3135768K->366394K(3469696K), 0.0811030 secs] [Times: user=0.24 sys=0.00, real=0.08 secs] 
2014-07-16T12:11:11.379+0000: 2463.523: [GC [PSYoungGen: 2781078K->11346K(2782848K)] 3135994K->366286K(3469824K), 0.0804660 secs] [Times: user=0.22 sys=0.00, real=0.08 secs] 
2014-07-16T12:11:18.994+0000: 2471.138: [GC [PSYoungGen: 2781330K->11442K(2782976K)] 3136270K->366406K(3469952K), 0.0738280 secs] [Times: user=0.20 sys=0.00, real=0.08 secs] 
2014-07-16T12:11:26.505+0000: 2478.649: [GC [PSYoungGen: 2781426K->11392K(2782976K)] 3136390K->366371K(3469952K), 0.0751790 secs] [Times: user=0.20 sys=0.00, real=0.08 secs] 
2014-07-16T12:11:34.106+0000: 2486.250: [GC [PSYoungGen: 2781632K->11410K(2783104K)] 3136611K->366406K(3470080K), 0.0696860 secs] [Times: user=0.17 sys=0.00, real=0.07 secs] 
2014-07-16T12:11:41.841+0000: 2493.985: [GC [PSYoungGen: 2781650K->11538K(2783232K)] 3136646K->366558K(3470208K), 0.0732600 secs] [Times: user=0.20 sys=0.00, real=0.08 secs] 
2014-07-16T12:11:49.471+0000: 2501.615: [GC [PSYoungGen: 2782034K->11460K(2783296K)] 3137054K->366496K(3470272K), 0.0683630 secs] [Times: user=0.18 sys=0.00, real=0.07 secs] 
2014-07-16T12:11:57.262+0000: 2509.406: [GC [PSYoungGen: 2781956K->11346K(2783104K)] 3136992K->366406K(3470080K), 0.0951510 secs] [Times: user=0.29 sys=0.00, real=0.10 secs] 
2014-07-16T12:12:05.042+0000: 2517.186: [GC [PSYoungGen: 2781970K->11328K(2783232K)] 3137030K->366403K(3470208K), 0.1144560 secs] [Times: user=0.36 sys=0.00, real=0.12 secs] 
2014-07-16T12:12:12.744+0000: 2524.888: [GC [PSYoungGen: 2781952K->11346K(2783232K)] 3137027K->366438K(3470208K), 0.0699600 secs] [Times: user=0.18 sys=0.00, real=0.07 secs] 
2014-07-16T12:12:20.073+0000: 2532.217: [GC [PSYoungGen: 2782354K->11602K(2655936K)] 3137446K->366710K(3342912K), 0.0464180 secs] [Times: user=0.09 sys=0.00, real=0.05 secs] 
2014-07-16T12:12:27.539+0000: 2539.683: [GC [PSYoungGen: 2655890K->1024K(2524864K)] 3010998K->365915K(3211840K), 0.0795420 secs] [Times: user=0.26 sys=0.01, real=0.08 secs] 
2014-07-16T12:12:34.561+0000: 2546.705: [GC [PSYoungGen: 2524864K->10468K(2419840K)] 2889755K->375464K(3106816K), 0.0474330 secs] [Times: user=0.11 sys=0.00, real=0.04 secs] 
2014-07-16T12:12:41.108+0000: 2553.252: [GC [PSYoungGen: 2419812K->9970K(2310528K)] 2784808K->374982K(2997504K), 0.0526370 secs] [Times: user=0.12 sys=0.00, real=0.06 secs] 
2014-07-16T12:12:47.519+0000: 2559.664: [GC [PSYoungGen: 2310514K->9618K(2206784K)] 2675526K->374646K(2893760K), 0.0730850 secs] [Times: user=0.21 sys=0.00, real=0.08 secs] 
2014-07-16T12:12:53.225+0000: 2565.369: [GC [PSYoungGen: 2206738K->5504K(2104320K)] 2571766K->374115K(2791296K), 0.0517030 secs] [Times: user=0.12 sys=0.00, real=0.05 secs] 
2014-07-16T12:12:59.164+0000: 2571.308: [GC [PSYoungGen: 2104320K->8832K(2014208K)] 2472931K->377475K(2701184K), 0.0607350 secs] [Times: user=0.16 sys=0.01, real=0.06 secs] 
2014-07-16T12:13:04.885+0000: 2577.029: [GC [PSYoungGen: 2014208K->8480K(1925056K)] 2382851K->377147K(2612032K), 0.0458300 secs] [Times: user=0.11 sys=0.00, real=0.04 secs] 
2014-07-16T12:13:10.258+0000: 2582.402: [GC [PSYoungGen: 1925024K->7986K(1840128K)] 2293691K->376678K(2527104K), 0.0685350 secs] [Times: user=0.20 sys=0.00, real=0.07 secs] 
2014-07-16T12:13:15.247+0000: 2587.391: [GC [PSYoungGen: 1840114K->7666K(2206272K)] 2208806K->376374K(2893248K), 0.0622410 secs] [Times: user=0.18 sys=0.00, real=0.06 secs] 
2014-07-16T12:13:21.394+0000: 2593.538: [GC [PSYoungGen: 2206258K->9288K(2647680K)] 2574966K->378012K(3334656K), 0.0743970 secs] [Times: user=0.21 sys=0.00, real=0.08 secs] 
2014-07-16T12:13:28.471+0000: 2600.615: [GC [PSYoungGen: 2647624K->9536K(2731264K)] 3016348K->379475K(3418240K), 0.0797090 secs] [Times: user=0.22 sys=0.01, real=0.08 secs] 
2014-07-16T12:13:35.987+0000: 2608.131: [GC [PSYoungGen: 2731264K->11122K(2734784K)] 3101203K->381334K(3421760K), 0.0718960 secs] [Times: user=0.19 sys=0.00, real=0.08 secs] 
2014-07-16T12:13:43.638+0000: 2615.782: [GC [PSYoungGen: 2732850K->11384K(2782592K)] 3103062K->381620K(3469568K), 0.0999640 secs] [Times: user=0.26 sys=0.00, real=0.10 secs] 
2014-07-16T12:13:51.071+0000: 2623.215: [GC [PSYoungGen: 2780792K->11264K(2780672K)] 3151028K->381515K(3467648K), 0.0890130 secs] [Times: user=0.25 sys=0.00, real=0.08 secs] 
2014-07-16T12:13:58.446+0000: 2630.590: [GC [PSYoungGen: 2780672K->11346K(2782464K)] 3150923K->381614K(3469440K), 0.0504190 secs] [Times: user=0.11 sys=0.00, real=0.05 secs] 
2014-07-16T12:14:05.729+0000: 2637.873: [GC [PSYoungGen: 2780370K->11410K(2653824K)] 3150638K->381694K(3340800K), 0.0608160 secs] [Times: user=0.14 sys=0.00, real=0.06 secs] 
2014-07-16T12:14:11.784+0000: 2643.928: [GC [PSYoungGen: 2653778K->2276K(2769344K)] 3024062K->381176K(3456320K), 0.0701740 secs] [Times: user=0.17 sys=0.00, real=0.07 secs] 
2014-07-16T12:14:18.344+0000: 2650.488: [GC [PSYoungGen: 2769316K->11396K(2780480K)] 3148216K->390400K(3467456K), 0.0630350 secs] [Times: user=0.14 sys=0.00, real=0.07 secs] 
2014-07-16T12:14:25.646+0000: 2657.790: [GC [PSYoungGen: 2778436K->11314K(2782656K)] 3157440K->390334K(3469632K), 0.1079830 secs] [Times: user=0.30 sys=0.01, real=0.11 secs] 
2014-07-16T12:14:33.183+0000: 2665.327: [GC [PSYoungGen: 2780466K->11488K(2782656K)] 3159486K->390523K(3469632K), 0.0718960 secs] [Times: user=0.20 sys=0.00, real=0.07 secs] 
2014-07-16T12:14:39.869+0000: 2672.013: [GC [PSYoungGen: 2780640K->11296K(2653824K)] 3159675K->390355K(3340800K), 0.0502170 secs] [Times: user=0.11 sys=0.00, real=0.05 secs] 
2014-07-16T12:14:44.756+0000: 2676.900: [GC [PSYoungGen: 2653792K->10818K(2780544K)] 3032851K->389902K(3467520K), 0.0735950 secs] [Times: user=0.19 sys=0.00, real=0.07 secs] 
2014-07-16T12:14:50.813+0000: 2682.957: [GC [PSYoungGen: 2777922K->11478K(2782464K)] 3157006K->390578K(3469440K), 0.0559120 secs] [Times: user=0.14 sys=0.00, real=0.05 secs] 
2014-07-16T12:14:57.708+0000: 2689.852: [GC [PSYoungGen: 2781014K->11424K(2782720K)] 3160114K->390539K(3469696K), 0.0687770 secs] [Times: user=0.17 sys=0.00, real=0.07 secs] 
2014-07-16T12:15:04.058+0000: 2696.202: [GC [PSYoungGen: 2780960K->11428K(2782848K)] 3160075K->390568K(3469824K), 0.0729910 secs] [Times: user=0.20 sys=0.01, real=0.07 secs] 
2014-07-16T12:15:09.439+0000: 2701.583: [GC [PSYoungGen: 2781220K->11282K(2782912K)] 3160360K->390446K(3469888K), 0.1148700 secs] [Times: user=0.34 sys=0.01, real=0.12 secs] 
2014-07-16T12:15:12.920+0000: 2705.064: [GC [PSYoungGen: 2781074K->11296K(2782784K)] 3160238K->390475K(3469760K), 0.0670530 secs] [Times: user=0.16 sys=0.00, real=0.07 secs] 
2014-07-16T12:15:17.026+0000: 2709.170: [GC [PSYoungGen: 2781280K->11282K(2782912K)] 3160459K->390478K(3469888K), 0.0774670 secs] [Times: user=0.20 sys=0.00, real=0.07 secs] 
2014-07-16T12:15:20.519+0000: 2712.663: [GC [PSYoungGen: 2781266K->11232K(2782912K)] 3160462K->390451K(3469888K), 0.0747720 secs] [Times: user=0.19 sys=0.01, real=0.07 secs] 
2014-07-16T12:15:24.888+0000: 2717.032: [GC [PSYoungGen: 2781600K->11378K(2783104K)] 3160819K->390614K(3470080K), 0.0689760 secs] [Times: user=0.18 sys=0.00, real=0.07 secs] 
2014-07-16T12:15:28.573+0000: 2720.717: [GC [PSYoungGen: 2781746K->11378K(2783232K)] 3160982K->390630K(3470208K), 0.0492240 secs] [Times: user=0.08 sys=0.00, real=0.05 secs] 
2014-07-16T12:15:32.078+0000: 2724.222: [GC [PSYoungGen: 2782130K->11332K(2783360K)] 3161382K->390608K(3470336K), 0.0779600 secs] [Times: user=0.20 sys=0.00, real=0.07 secs] 
2014-07-16T12:15:37.457+0000: 2729.601: [GC [PSYoungGen: 2782084K->11442K(2783488K)] 3161360K->390742K(3470464K), 0.0872150 secs] [Times: user=0.23 sys=0.00, real=0.09 secs] 
2014-07-16T12:15:44.616+0000: 2736.760: [GC [PSYoungGen: 2782450K->11328K(2783552K)] 3161750K->390643K(3470528K), 0.0628520 secs] [Times: user=0.15 sys=0.01, real=0.06 secs] 
2014-07-16T12:15:51.653+0000: 2743.797: [GC [PSYoungGen: 2782336K->11282K(2783552K)] 3161651K->390614K(3470528K), 0.0622130 secs] [Times: user=0.16 sys=0.00, real=0.06 secs] 
2014-07-16T12:15:59.492+0000: 2751.636: [GC [PSYoungGen: 2782482K->11296K(2783552K)] 3161814K->390643K(3470528K), 0.0821860 secs] [Times: user=0.23 sys=0.00, real=0.08 secs] 
2014-07-16T12:16:07.352+0000: 2759.496: [GC [PSYoungGen: 2782496K->11264K(2783616K)] 3161843K->390627K(3470592K), 0.0629570 secs] [Times: user=0.16 sys=0.00, real=0.07 secs] 
2014-07-16T12:16:15.001+0000: 2767.145: [GC [PSYoungGen: 2782784K->11328K(2783680K)] 3162147K->390715K(3470656K), 0.0835530 secs] [Times: user=0.24 sys=0.00, real=0.09 secs] 
2014-07-16T12:16:22.748+0000: 2774.892: [GC [PSYoungGen: 2782848K->11360K(2783872K)] 3162235K->390763K(3470848K), 0.0825980 secs] [Times: user=0.23 sys=0.00, real=0.08 secs] 
2014-07-16T12:16:30.346+0000: 2782.490: [GC [PSYoungGen: 2783200K->11542K(2783936K)] 3162603K->390970K(3470912K), 0.0658480 secs] [Times: user=0.17 sys=0.00, real=0.07 secs] 
2014-07-16T12:16:38.081+0000: 2790.225: [GC [PSYoungGen: 2783382K->11428K(2784064K)] 3162810K->390872K(3471040K), 0.0734910 secs] [Times: user=0.19 sys=0.01, real=0.07 secs] 
2014-07-16T12:16:45.487+0000: 2797.631: [GC [PSYoungGen: 2783396K->11538K(2784064K)] 3162840K->390998K(3471040K), 0.0861320 secs] [Times: user=0.24 sys=0.00, real=0.09 secs] 
2014-07-16T12:16:52.822+0000: 2804.966: [GC [PSYoungGen: 2783506K->11492K(2784064K)] 3162966K->390968K(3471040K), 0.0843130 secs] [Times: user=0.24 sys=0.00, real=0.08 secs] 
2014-07-16T12:17:00.450+0000: 2812.594: [GC [PSYoungGen: 2783460K->11378K(2783360K)] 3162936K->390870K(3470336K), 0.0835880 secs] [Times: user=0.24 sys=0.00, real=0.08 secs] 
2014-07-16T12:17:08.011+0000: 2820.155: [GC [PSYoungGen: 2783346K->11574K(2784000K)] 3162838K->391098K(3470976K), 0.0839920 secs] [Times: user=0.23 sys=0.00, real=0.09 secs] 
2014-07-16T12:17:15.453+0000: 2827.597: [GC [PSYoungGen: 2783542K->11328K(2784000K)] 3163066K->390867K(3470976K), 0.1060170 secs] [Times: user=0.32 sys=0.00, real=0.10 secs] 
2014-07-16T12:17:22.939+0000: 2835.083: [GC [PSYoungGen: 2783295K->11460K(2784000K)] 3162835K->391016K(3470976K), 0.0880730 secs] [Times: user=0.26 sys=0.00, real=0.09 secs] 
2014-07-16T12:17:30.731+0000: 2842.875: [GC [PSYoungGen: 2783556K->11424K(2784064K)] 3163112K->390995K(3471040K), 0.0643950 secs] [Times: user=0.15 sys=0.00, real=0.07 secs] 
2014-07-16T12:17:38.544+0000: 2850.688: [GC [PSYoungGen: 2783520K->11474K(2784064K)] 3163091K->391070K(3471040K), 0.0983280 secs] [Times: user=0.30 sys=0.00, real=0.10 secs] 
2014-07-16T12:17:46.042+0000: 2858.186: [GC [PSYoungGen: 2783698K->11264K(2784128K)] 3163294K->390883K(3471104K), 0.0772030 secs] [Times: user=0.21 sys=0.00, real=0.08 secs] 
2014-07-16T12:17:53.167+0000: 2865.311: [GC [PSYoungGen: 2783488K->11328K(2784128K)] 3163107K->390963K(3471104K), 0.0626630 secs] [Times: user=0.16 sys=0.00, real=0.07 secs] 
2014-07-16T12:18:00.882+0000: 2873.026: [GC [PSYoungGen: 2783680K->11378K(2784192K)] 3163315K->391030K(3471168K), 0.0943180 secs] [Times: user=0.28 sys=0.00, real=0.09 secs] 
2014-07-16T12:18:08.647+0000: 2880.791: [GC [PSYoungGen: 2783730K->11392K(2784192K)] 3163382K->391067K(3471168K), 0.0646910 secs] [Times: user=0.15 sys=0.00, real=0.07 secs] 
2014-07-16T12:18:16.379+0000: 2888.523: [GC [PSYoungGen: 2783872K->11638K(2657344K)] 3163547K->391330K(3344320K), 0.0568370 secs] [Times: user=0.14 sys=0.00, real=0.06 secs] 
2014-07-16T12:18:23.929+0000: 2896.073: [GC [PSYoungGen: 2657334K->256K(2525440K)] 3037026K->390526K(3212416K), 0.0701110 secs] [Times: user=0.27 sys=0.00, real=0.07 secs] 
2014-07-16T12:18:31.053+0000: 2903.197: [GC [PSYoungGen: 2525440K->11218K(2772480K)] 2915710K->401616K(3459456K), 0.1120160 secs] [Times: user=0.36 sys=0.00, real=0.12 secs] 
2014-07-16T12:18:38.826+0000: 2910.970: [GC [PSYoungGen: 2771794K->11446K(2784192K)] 3162192K->402764K(3471168K), 0.0686960 secs] [Times: user=0.16 sys=0.00, real=0.06 secs] 
2014-07-16T12:18:46.656+0000: 2918.800: [GC [PSYoungGen: 2783862K->11424K(2784256K)] 3175180K->402758K(3471232K), 0.0924800 secs] [Times: user=0.26 sys=0.01, real=0.09 secs] 
2014-07-16T12:18:52.312+0000: 2924.456: [GC [PSYoungGen: 2783840K->11264K(2784192K)] 3175174K->402614K(3471168K), 0.0793660 secs] [Times: user=0.23 sys=0.00, real=0.08 secs] 
2014-07-16T12:18:58.976+0000: 2931.120: [GC [PSYoungGen: 2783744K->11606K(2784256K)] 3175094K->402972K(3471232K), 0.0587300 secs] [Times: user=0.14 sys=0.00, real=0.06 secs] 
2014-07-16T12:19:05.315+0000: 2937.459: [GC [PSYoungGen: 2784086K->11396K(2784320K)] 3175452K->402778K(3471296K), 0.0727260 secs] [Times: user=0.20 sys=0.00, real=0.07 secs] 
2014-07-16T12:19:12.828+0000: 2944.972: [GC [PSYoungGen: 2783876K->11378K(2783872K)] 3175258K->402792K(3470848K), 0.0829960 secs] [Times: user=0.23 sys=0.00, real=0.09 secs] 
2014-07-16T12:19:19.222+0000: 2951.366: [GC [PSYoungGen: 2783858K->11492K(2784256K)] 3175272K->402922K(3471232K), 0.0724610 secs] [Times: user=0.20 sys=0.00, real=0.07 secs] 
2014-07-16T12:19:25.245+0000: 2957.389: [GC [PSYoungGen: 2783972K->11460K(2784256K)] 3175402K->402906K(3471232K), 0.1297550 secs] [Times: user=0.42 sys=0.00, real=0.13 secs] 
2014-07-16T12:19:32.769+0000: 2964.913: [GC [PSYoungGen: 2783940K->11378K(2784384K)] 3175386K->402848K(3471360K), 0.0943710 secs] [Times: user=0.29 sys=0.01, real=0.10 secs] 
2014-07-16T12:19:40.014+0000: 2972.158: [GC [PSYoungGen: 2783986K->11360K(2784000K)] 3175456K->402854K(3470976K), 0.0647660 secs] [Times: user=0.16 sys=0.00, real=0.06 secs] 
2014-07-16T12:19:46.806+0000: 2978.950: [GC [PSYoungGen: 2783968K->11328K(2784320K)] 3175462K->402838K(3471296K), 0.0921650 secs] [Times: user=0.21 sys=0.01, real=0.09 secs] 
2014-07-16T12:19:50.436+0000: 2982.580: [GC [PSYoungGen: 2783936K->11396K(2784320K)] 3175446K->402922K(3471296K), 0.0435880 secs] [Times: user=0.06 sys=0.00, real=0.04 secs] 
2014-07-16T12:19:54.541+0000: 2986.685: [GC [PSYoungGen: 2784004K->11328K(2784384K)] 3175530K->402870K(3471360K), 0.0786270 secs] [Times: user=0.21 sys=0.00, real=0.08 secs] 
2014-07-16T12:19:58.319+0000: 2990.463: [GC [PSYoungGen: 2784064K->11442K(2784384K)] 3175606K->403000K(3471360K), 0.0545970 secs] [Times: user=0.13 sys=0.01, real=0.05 secs] 
2014-07-16T12:20:03.219+0000: 2995.363: [GC [PSYoungGen: 2784178K->11442K(2784512K)] 3175736K->403024K(3471488K), 0.0858410 secs] [Times: user=0.24 sys=0.00, real=0.08 secs] 
2014-07-16T12:20:10.994+0000: 3003.138: [GC [PSYoungGen: 2784306K->11346K(2784512K)] 3175888K->402944K(3471488K), 0.0785220 secs] [Times: user=0.22 sys=0.01, real=0.08 secs] 
2014-07-16T12:20:18.592+0000: 3010.736: [GC [PSYoungGen: 2784210K->11474K(2784512K)] 3175808K->403088K(3471488K), 0.0572410 secs] [Times: user=0.14 sys=0.00, real=0.05 secs] 
2014-07-16T12:20:26.430+0000: 3018.574: [GC [PSYoungGen: 2784338K->11524K(2784512K)] 3175952K->403162K(3471488K), 0.0832380 secs] [Times: user=0.24 sys=0.00, real=0.09 secs] 
2014-07-16T12:20:34.370+0000: 3026.515: [GC [PSYoungGen: 2784388K->11428K(2784512K)] 3176026K->403082K(3471488K), 0.0841870 secs] [Times: user=0.23 sys=0.00, real=0.09 secs] 
2014-07-16T12:20:41.949+0000: 3034.093: [GC [PSYoungGen: 2784292K->11464K(2784512K)] 3175946K->403142K(3471488K), 0.0659610 secs] [Times: user=0.17 sys=0.00, real=0.07 secs] 
2014-07-16T12:20:49.840+0000: 3041.984: [GC [PSYoungGen: 2784328K->11556K(2784384K)] 3176006K->403250K(3471360K), 0.0825840 secs] [Times: user=0.23 sys=0.00, real=0.08 secs] 
2014-07-16T12:20:57.266+0000: 3049.410: [GC [PSYoungGen: 2784292K->11378K(2784448K)] 3175986K->403088K(3471424K), 0.0944220 secs] [Times: user=0.25 sys=0.00, real=0.09 secs] 
2014-07-16T12:21:04.885+0000: 3057.029: [GC [PSYoungGen: 2784114K->11410K(2784448K)] 3175824K->403136K(3471424K), 0.1114920 secs] [Times: user=0.34 sys=0.00, real=0.11 secs] 
2014-07-16T12:21:12.698+0000: 3064.842: [GC [PSYoungGen: 2784210K->11538K(2784448K)] 3175936K->403288K(3471424K), 0.0624840 secs] [Times: user=0.16 sys=0.01, real=0.07 secs] 
2014-07-16T12:21:20.296+0000: 3072.440: [GC [PSYoungGen: 2784338K->11414K(2784512K)] 3176088K->403180K(3471488K), 0.0657450 secs] [Times: user=0.17 sys=0.00, real=0.07 secs] 
2014-07-16T12:21:28.068+0000: 3080.212: [GC [PSYoungGen: 2784278K->11328K(2784512K)] 3176044K->403110K(3471488K), 0.0685900 secs] [Times: user=0.18 sys=0.00, real=0.07 secs] 
2014-07-16T12:21:35.404+0000: 3087.548: [GC [PSYoungGen: 2784192K->11474K(2657536K)] 3175974K->403272K(3344512K), 0.0656130 secs] [Times: user=0.17 sys=0.00, real=0.06 secs] 
2014-07-16T12:21:42.412+0000: 3094.556: [GC [PSYoungGen: 2657490K->10866K(2784384K)] 3049288K->402680K(3471360K), 0.0813110 secs] [Times: user=0.23 sys=0.00, real=0.09 secs] 
2014-07-16T12:21:50.013+0000: 3102.157: [GC [PSYoungGen: 2783602K->11410K(2784448K)] 3175416K->403240K(3471424K), 0.0757800 secs] [Times: user=0.21 sys=0.01, real=0.08 secs] 
2014-07-16T12:21:57.177+0000: 3109.321: [GC [PSYoungGen: 2784146K->11542K(2657536K)] 3175976K->403396K(3344512K), 0.0480620 secs] [Times: user=0.10 sys=0.01, real=0.05 secs] 
2014-07-16T12:22:04.418+0000: 3116.563: [GC [PSYoungGen: 2657494K->192K(2525632K)] 3049348K->402656K(3212608K), 0.0652830 secs] [Times: user=0.23 sys=0.01, real=0.06 secs] 
2014-07-16T12:22:11.429+0000: 3123.573: [GC [PSYoungGen: 2525632K->11122K(2422016K)] 2928096K->413634K(3108992K), 0.0557900 secs] [Times: user=0.13 sys=0.00, real=0.05 secs] 
2014-07-16T12:22:18.096+0000: 3130.241: [GC [PSYoungGen: 2422002K->10002K(2312064K)] 2824514K->413346K(2999040K), 0.0900810 secs] [Times: user=0.28 sys=0.00, real=0.09 secs] 
2014-07-16T12:22:24.491+0000: 3136.635: [GC [PSYoungGen: 2312018K->9572K(2770688K)] 2715362K->412932K(3457664K), 0.0946670 secs] [Times: user=0.29 sys=0.00, real=0.09 secs] 
2014-07-16T12:22:32.126+0000: 3144.270: [GC [PSYoungGen: 2768292K->11332K(2774592K)] 3171652K->414708K(3461568K), 0.0666340 secs] [Times: user=0.16 sys=0.00, real=0.07 secs] 
2014-07-16T12:22:39.847+0000: 3151.991: [GC [PSYoungGen: 2773764K->11588K(2647808K)] 3177140K->415004K(3334784K), 0.0603600 secs] [Times: user=0.14 sys=0.00, real=0.06 secs] 
2014-07-16T12:22:47.062+0000: 3159.206: [GC [PSYoungGen: 2647748K->548K(2516672K)] 3051164K->414252K(3203648K), 0.0510400 secs] [Times: user=0.18 sys=0.01, real=0.06 secs] 
2014-07-16T12:22:53.931+0000: 3166.075: [GC [PSYoungGen: 2516644K->10386K(2412416K)] 2930348K->424122K(3099392K), 0.0766060 secs] [Times: user=0.22 sys=0.00, real=0.08 secs] 
2014-07-16T12:23:00.438+0000: 3172.583: [GC [PSYoungGen: 2412370K->9824K(2303424K)] 2826106K->423584K(2990400K), 0.0580920 secs] [Times: user=0.16 sys=0.00, real=0.06 secs] 
2014-07-16T12:23:06.757+0000: 3178.901: [GC [PSYoungGen: 2303392K->9586K(2759488K)] 2717152K->423362K(3446464K), 0.0747140 secs] [Times: user=0.22 sys=0.00, real=0.07 secs] 
2014-07-16T12:23:14.665+0000: 3186.809: [GC [PSYoungGen: 2756786K->11364K(2633024K)] 3170562K->425156K(3320000K), 0.0646640 secs] [Times: user=0.15 sys=0.00, real=0.07 secs] 
2014-07-16T12:23:21.915+0000: 3194.060: [GC [PSYoungGen: 2632996K->10902K(2513280K)] 3046788K->424710K(3200256K), 0.0533990 secs] [Times: user=0.12 sys=0.00, real=0.06 secs] 
2014-07-16T12:23:28.741+0000: 3200.885: [GC [PSYoungGen: 2513238K->2550K(2391488K)] 2927046K->424214K(3078464K), 0.0663480 secs] [Times: user=0.17 sys=0.01, real=0.06 secs] 
2014-07-16T12:23:35.522+0000: 3207.666: [GC [PSYoungGen: 2391478K->9974K(2291136K)] 2813142K->431926K(2978112K), 0.0505050 secs] [Times: user=0.12 sys=0.00, real=0.05 secs] 
2014-07-16T12:23:41.831+0000: 3213.975: [GC [PSYoungGen: 2291126K->9472K(2188160K)] 2713078K->431448K(2875136K), 0.0693540 secs] [Times: user=0.19 sys=0.00, real=0.07 secs] 
2014-07-16T12:23:47.935+0000: 3220.079: [GC [PSYoungGen: 2188160K->9106K(2090432K)] 2610136K->431098K(2777408K), 0.0513430 secs] [Times: user=0.13 sys=0.01, real=0.05 secs] 
2014-07-16T12:23:53.626+0000: 3225.770: [GC [PSYoungGen: 2090386K->6000K(1994752K)] 2512378K->430688K(2681728K), 0.0558990 secs] [Times: user=0.15 sys=0.00, real=0.05 secs] 
2014-07-16T12:23:58.859+0000: 3231.003: [GC [PSYoungGen: 1994736K->8192K(1908928K)] 2419424K->432984K(2595904K), 0.0456160 secs] [Times: user=0.11 sys=0.01, real=0.05 secs] 
2014-07-16T12:24:03.913+0000: 3236.057: [GC [PSYoungGen: 1908928K->8128K(1825216K)] 2333720K->432936K(2512192K), 0.0473960 secs] [Times: user=0.12 sys=0.00, real=0.05 secs] 
2014-07-16T12:24:08.991+0000: 3241.135: [GC [PSYoungGen: 1825216K->7552K(2188096K)] 2250024K->432384K(2875072K), 0.0657030 secs] [Times: user=0.20 sys=0.00, real=0.07 secs] 
2014-07-16T12:24:14.975+0000: 3247.119: [GC [PSYoungGen: 2188096K->9074K(2092160K)] 2612928K->433922K(2779136K), 0.0569550 secs] [Times: user=0.14 sys=0.01, real=0.06 secs] 
2014-07-16T12:24:20.832+0000: 3252.976: [GC [PSYoungGen: 2092146K->8640K(2508352K)] 2516994K->433512K(3195328K), 0.0754280 secs] [Times: user=0.23 sys=0.00, real=0.08 secs] 
2014-07-16T12:24:27.340+0000: 3259.484: [GC [PSYoungGen: 2508352K->7542K(2711424K)] 2933224K->435382K(3398400K), 0.0670460 secs] [Times: user=0.17 sys=0.00, real=0.06 secs] 
2014-07-16T12:24:32.998+0000: 3265.142: [GC [PSYoungGen: 2711414K->11026K(2716416K)] 3139254K->439090K(3403392K), 0.0783050 secs] [Times: user=0.21 sys=0.00, real=0.08 secs] 
2014-07-16T12:24:40.090+0000: 3272.234: [GC [PSYoungGen: 2714898K->11090K(2782976K)] 3142962K->439178K(3469952K), 0.0863150 secs] [Times: user=0.18 sys=0.01, real=0.08 secs] 
2014-07-16T12:24:45.677+0000: 3277.821: [GC [PSYoungGen: 2781266K->11392K(2781568K)] 3209354K->439496K(3468544K), 0.0747590 secs] [Times: user=0.19 sys=0.00, real=0.08 secs] 
2014-07-16T12:24:52.886+0000: 3285.030: [GC [PSYoungGen: 2781568K->11428K(2782528K)] 3209672K->439548K(3469504K), 0.0622040 secs] [Times: user=0.15 sys=0.00, real=0.06 secs] 
2014-07-16T12:24:57.917+0000: 3290.061: [GC [PSYoungGen: 2780708K->11538K(2780864K)] 3208828K->439674K(3467840K), 0.0491950 secs] [Times: user=0.11 sys=0.00, real=0.05 secs] 
2014-07-16T12:25:03.776+0000: 3295.920: [GC [PSYoungGen: 2780818K->11396K(2782400K)] 3208954K->439548K(3469376K), 0.0788800 secs] [Times: user=0.23 sys=0.00, real=0.08 secs] 
2014-07-16T12:25:09.517+0000: 3301.661: [GC [PSYoungGen: 2780164K->11528K(2780352K)] 3208316K->439696K(3467328K), 0.0703460 secs] [Times: user=0.17 sys=0.00, real=0.07 secs] 
2014-07-16T12:25:16.216+0000: 3308.360: [GC [PSYoungGen: 2780296K->11378K(2782400K)] 3208464K->439562K(3469376K), 0.0424430 secs] [Times: user=0.08 sys=0.00, real=0.04 secs] 
2014-07-16T12:25:21.119+0000: 3313.263: [GC [PSYoungGen: 2780018K->11296K(2779968K)] 3208202K->439496K(3466944K), 0.0760430 secs] [Times: user=0.21 sys=0.00, real=0.07 secs] 
2014-07-16T12:25:25.581+0000: 3317.726: [GC [PSYoungGen: 2779936K->11232K(2782400K)] 3208136K->439448K(3469376K), 0.0772270 secs] [Times: user=0.20 sys=0.00, real=0.08 secs] 
2014-07-16T12:25:29.328+0000: 3321.472: [GC [PSYoungGen: 2779936K->11346K(2782336K)] 3208152K->439578K(3469312K), 0.0421470 secs] [Times: user=0.08 sys=0.00, real=0.05 secs] 
2014-07-16T12:25:34.540+0000: 3326.684: [GC [PSYoungGen: 2780050K->11410K(2782464K)] 3208282K->439658K(3469440K), 0.0802760 secs] [Times: user=0.22 sys=0.00, real=0.08 secs] 
2014-07-16T12:25:40.976+0000: 3333.120: [GC [PSYoungGen: 2780306K->11410K(2782400K)] 3208554K->439682K(3469376K), 0.0770800 secs] [Times: user=0.20 sys=0.00, real=0.08 secs] 
2014-07-16T12:25:44.570+0000: 3336.714: [GC [PSYoungGen: 2780306K->11474K(2782528K)] 3208578K->439770K(3469504K), 0.0680740 secs] [Times: user=0.18 sys=0.00, real=0.06 secs] 
2014-07-16T12:25:51.612+0000: 3343.756: [GC [PSYoungGen: 2780562K->11250K(2782528K)] 3208858K->439562K(3469504K), 0.0562390 secs] [Times: user=0.13 sys=0.00, real=0.05 secs] 
2014-07-16T12:25:58.253+0000: 3350.397: [GC [PSYoungGen: 2780338K->11378K(2782592K)] 3208650K->439706K(3469568K), 0.0668920 secs] [Times: user=0.18 sys=0.00, real=0.06 secs] 
2014-07-16T12:26:05.519+0000: 3357.663: [GC [PSYoungGen: 2780781K->11410K(2782592K)] 3209109K->439754K(3469568K), 0.0681990 secs] [Times: user=0.18 sys=0.00, real=0.07 secs] 
2014-07-16T12:26:13.208+0000: 3365.352: [GC [PSYoungGen: 2780818K->11264K(2782784K)] 3209162K->439632K(3469760K), 0.0802160 secs] [Times: user=0.23 sys=0.00, real=0.08 secs] 
2014-07-16T12:26:20.731+0000: 3372.875: [GC [PSYoungGen: 2781120K->11474K(2782848K)] 3209488K->439858K(3469824K), 0.0747280 secs] [Times: user=0.20 sys=0.00, real=0.08 secs] 
2014-07-16T12:26:28.438+0000: 3380.582: [GC [PSYoungGen: 2781330K->11442K(2783040K)] 3209714K->439842K(3470016K), 0.0802750 secs] [Times: user=0.22 sys=0.00, real=0.08 secs] 
2014-07-16T12:26:36.249+0000: 3388.393: [GC [PSYoungGen: 2781682K->11428K(2654976K)] 3210082K->439844K(3341952K), 0.0605440 secs] [Times: user=0.14 sys=0.00, real=0.06 secs] 
2014-07-16T12:26:43.553+0000: 3395.697: [GC [PSYoungGen: 2654948K->1522K(2524672K)] 3083364K->439226K(3211648K), 0.0740350 secs] [Times: user=0.23 sys=0.00, real=0.07 secs] 
2014-07-16T12:26:50.402+0000: 3402.546: [GC [PSYoungGen: 2524658K->10354K(2419072K)] 2962362K->448082K(3106048K), 0.0640300 secs] [Times: user=0.18 sys=0.00, real=0.06 secs] 
2014-07-16T12:26:56.605+0000: 3408.749: [GC [PSYoungGen: 2419058K->9938K(2309952K)] 2856786K->447682K(2996928K), 0.0592830 secs] [Times: user=0.15 sys=0.00, real=0.06 secs] 
2014-07-16T12:27:03.036+0000: 3415.180: [GC [PSYoungGen: 2309906K->9586K(2766336K)] 2747650K->447346K(3453312K), 0.0851240 secs] [Times: user=0.25 sys=0.00, real=0.08 secs] 
2014-07-16T12:27:10.746+0000: 3422.890: [GC [PSYoungGen: 2763186K->11414K(2772800K)] 3200946K->449198K(3459776K), 0.0716980 secs] [Times: user=0.17 sys=0.01, real=0.07 secs] 
2014-07-16T12:27:18.461+0000: 3430.605: [GC [PSYoungGen: 2771414K->11300K(2772800K)] 3209198K->449100K(3459776K), 0.1240660 secs] [Times: user=0.39 sys=0.00, real=0.13 secs] 
2014-07-16T12:27:25.863+0000: 3438.007: [GC [PSYoungGen: 2771300K->11638K(2783232K)] 3209100K->449462K(3470208K), 0.0754890 secs] [Times: user=0.20 sys=0.01, real=0.08 secs] 
2014-07-16T12:27:33.386+0000: 3445.530: [GC [PSYoungGen: 2782070K->11460K(2783296K)] 3219894K->449300K(3470272K), 0.0780170 secs] [Times: user=0.22 sys=0.00, real=0.08 secs] 
2014-07-16T12:27:41.097+0000: 3453.241: [GC [PSYoungGen: 2781892K->11264K(2783040K)] 3219732K->449128K(3470016K), 0.0896750 secs] [Times: user=0.24 sys=0.00, real=0.09 secs] 
2014-07-16T12:27:48.923+0000: 3461.067: [GC [PSYoungGen: 2781696K->11428K(2783168K)] 3219560K->449308K(3470144K), 0.0644950 secs] [Times: user=0.16 sys=0.00, real=0.06 secs] 
2014-07-16T12:27:56.532+0000: 3468.676: [GC [PSYoungGen: 2781860K->11296K(2783296K)] 3219740K->449192K(3470272K), 0.0937570 secs] [Times: user=0.29 sys=0.00, real=0.09 secs] 
2014-07-16T12:28:03.987+0000: 3476.131: [GC [PSYoungGen: 2781984K->11410K(2783360K)] 3219880K->449330K(3470336K), 0.0695600 secs] [Times: user=0.17 sys=0.00, real=0.07 secs] 
2014-07-16T12:28:11.757+0000: 3483.901: [GC [PSYoungGen: 2782098K->11460K(2783360K)] 3220018K->449396K(3470336K), 0.0677550 secs] [Times: user=0.18 sys=0.00, real=0.07 secs] 
2014-07-16T12:28:19.541+0000: 3491.685: [GC [PSYoungGen: 2782340K->11392K(2655552K)] 3220276K->449344K(3342528K), 0.0738990 secs] [Times: user=0.20 sys=0.00, real=0.08 secs] 
2014-07-16T12:28:26.809+0000: 3498.953: [GC [PSYoungGen: 2655552K->1266K(2524992K)] 3093504K->448794K(3211968K), 0.0636970 secs] [Times: user=0.20 sys=0.00, real=0.06 secs] 
2014-07-16T12:28:33.839+0000: 3505.984: [GC [PSYoungGen: 2524978K->10386K(2771072K)] 2972506K->458010K(3458048K), 0.0790200 secs] [Times: user=0.24 sys=0.00, real=0.08 secs] 
2014-07-16T12:28:41.360+0000: 3513.504: [GC [PSYoungGen: 2768978K->11136K(2783424K)] 3216602K->458776K(3470400K), 0.1159760 secs] [Times: user=0.31 sys=0.00, real=0.11 secs] 
2014-07-16T12:28:48.960+0000: 3521.104: [GC [PSYoungGen: 2782336K->11360K(2783552K)] 3229976K->459016K(3470528K), 0.0659590 secs] [Times: user=0.17 sys=0.00, real=0.06 secs] 
2014-07-16T12:28:56.684+0000: 3528.828: [GC [PSYoungGen: 2782560K->11328K(2783744K)] 3230216K->459008K(3470720K), 0.0732230 secs] [Times: user=0.20 sys=0.00, real=0.07 secs] 
2014-07-16T12:29:03.452+0000: 3535.596: [GC [PSYoungGen: 2782848K->11428K(2783808K)] 3230528K->459132K(3470784K), 0.0813160 secs] [Times: user=0.23 sys=0.00, real=0.08 secs] 
2014-07-16T12:29:08.919+0000: 3541.064: [GC [PSYoungGen: 2782948K->11346K(2783744K)] 3230652K->459074K(3470720K), 0.0721720 secs] [Times: user=0.20 sys=0.00, real=0.08 secs] 
2014-07-16T12:29:16.080+0000: 3548.224: [GC [PSYoungGen: 2782930K->11314K(2783808K)] 3230658K->459058K(3470784K), 0.0898700 secs] [Times: user=0.27 sys=0.00, real=0.09 secs] 
2014-07-16T12:29:22.445+0000: 3554.590: [GC [PSYoungGen: 2782898K->11328K(2783936K)] 3230642K->459088K(3470912K), 0.0778840 secs] [Times: user=0.22 sys=0.00, real=0.08 secs] 
2014-07-16T12:29:29.927+0000: 3562.071: [GC [PSYoungGen: 2783104K->11296K(2783936K)] 3230864K->459072K(3470912K), 0.0678350 secs] [Times: user=0.17 sys=0.00, real=0.07 secs] 
2014-07-16T12:29:35.553+0000: 3567.697: [GC [PSYoungGen: 2783072K->11456K(2783936K)] 3230848K->459248K(3470912K), 0.0690970 secs] [Times: user=0.18 sys=0.00, real=0.07 secs] 
2014-07-16T12:29:40.237+0000: 3572.381: [GC [PSYoungGen: 2783296K->11346K(2783936K)] 3231088K->459162K(3470912K), 0.0832020 secs] [Times: user=0.21 sys=0.01, real=0.08 secs] 
2014-07-16T12:29:45.324+0000: 3577.468: [GC [PSYoungGen: 2783186K->11378K(2784000K)] 3231002K->459210K(3470976K), 0.0733930 secs] [Times: user=0.18 sys=0.00, real=0.08 secs] 
2014-07-16T12:29:51.814+0000: 3583.959: [GC [PSYoungGen: 2783346K->11424K(2784000K)] 3231178K->459280K(3470976K), 0.1079850 secs] [Times: user=0.34 sys=0.00, real=0.11 secs] 
2014-07-16T12:29:56.298+0000: 3588.442: [GC [PSYoungGen: 2783392K->11200K(2784064K)] 3231248K->459072K(3471040K), 0.0910600 secs] [Times: user=0.21 sys=0.00, real=0.10 secs] 
2014-07-16T12:30:03.341+0000: 3595.485: [GC [PSYoungGen: 2783296K->11410K(2784064K)] 3231168K->459298K(3471040K), 0.0810020 secs] [Times: user=0.23 sys=0.00, real=0.08 secs] 
2014-07-16T12:30:09.944+0000: 3602.088: [GC [PSYoungGen: 2783506K->11524K(2784064K)] 3231394K->459428K(3471040K), 0.0749530 secs] [Times: user=0.20 sys=0.00, real=0.07 secs] 
2014-07-16T12:30:14.174+0000: 3606.318: [GC [PSYoungGen: 2783684K->11574K(2784128K)] 3231588K->459494K(3471104K), 0.0845680 secs] [Times: user=0.25 sys=0.00, real=0.08 secs] 
2014-07-16T12:30:21.771+0000: 3613.915: [GC [PSYoungGen: 2783734K->11410K(2784192K)] 3231654K->459346K(3471168K), 0.0629280 secs] [Times: user=0.16 sys=0.01, real=0.07 secs] 
2014-07-16T12:30:28.355+0000: 3620.499: [GC [PSYoungGen: 2783634K->11296K(2783552K)] 3231570K->459248K(3470528K), 0.0608180 secs] [Times: user=0.15 sys=0.00, real=0.06 secs] 
Heap
 PSYoungGen      total 2783552K, used 2141708K [0x0000000755560000, 0x00000007fffe0000, 0x0000000800000000)
  eden space 2772224K, 76% used [0x0000000755560000,0x00000007d75db120,0x00000007fe8a0000)
  from space 11328K, 99% used [0x00000007fe8a0000,0x00000007ff3a8000,0x00000007ff3b0000)
  to   space 11904K, 0% used [0x00000007ff440000,0x00000007ff440000,0x00000007fffe0000)
 ParOldGen       total 686976K, used 447952K [0x0000000600000000, 0x0000000629ee0000, 0x0000000755560000)
  object space 686976K, 65% used [0x0000000600000000,0x000000061b5740b0,0x0000000629ee0000)
 PSPermGen       total 21248K, used 11682K [0x00000005f5a00000, 0x00000005f6ec0000, 0x0000000600000000)
  object space 21248K, 54% used [0x00000005f5a00000,0x00000005f65688e8,0x00000005f6ec0000)
