2014-07-16T10:08:19.569+0000: 22.578: [GC [PSYoungGen: 257728K->11202K(300608K)] 257728K->11210K(987584K), 0.0685690 secs] [Times: user=0.23 sys=0.01, real=0.07 secs] 
2014-07-16T10:08:23.365+0000: 26.373: [GC [PSYoungGen: 268930K->16310K(300608K)] 268938K->16326K(987584K), 0.0074880 secs] [Times: user=0.03 sys=0.02, real=0.01 secs] 
2014-07-16T10:08:25.325+0000: 28.333: [GC [PSYoungGen: 274038K->21042K(300608K)] 274054K->21066K(987584K), 0.0139230 secs] [Times: user=0.07 sys=0.00, real=0.02 secs] 
2014-07-16T10:08:27.354+0000: 30.362: [GC [PSYoungGen: 278770K->24164K(300608K)] 278794K->24188K(987584K), 0.0082150 secs] [Times: user=0.04 sys=0.00, real=0.01 secs] 
2014-07-16T10:08:29.303+0000: 32.311: [GC [PSYoungGen: 281892K->24944K(276288K)] 281916K->24968K(963264K), 0.0071900 secs] [Times: user=0.03 sys=0.01, real=0.01 secs] 
2014-07-16T10:08:31.051+0000: 34.060: [GC [PSYoungGen: 276270K->25206K(272192K)] 276294K->25230K(959168K), 0.0097900 secs] [Times: user=0.03 sys=0.02, real=0.01 secs] 
2014-07-16T10:08:32.744+0000: 35.752: [GC [PSYoungGen: 270390K->10828K(250112K)] 270414K->25190K(937088K), 0.0220150 secs] [Times: user=0.15 sys=0.01, real=0.02 secs] 
2014-07-16T10:08:34.256+0000: 37.264: [GC [PSYoungGen: 250060K->2119K(264000K)] 264422K->25372K(950976K), 0.0055690 secs] [Times: user=0.03 sys=0.01, real=0.01 secs] 
2014-07-16T10:08:35.748+0000: 38.756: [GC [PSYoungGen: 235655K->814K(228864K)] 258908K->25430K(915840K), 0.0074360 secs] [Times: user=0.04 sys=0.00, real=0.01 secs] 
2014-07-16T10:08:36.968+0000: 39.976: [GC [PSYoungGen: 228846K->680K(253824K)] 253462K->25570K(940800K), 0.0049850 secs] [Times: user=0.02 sys=0.01, real=0.01 secs] 
2014-07-16T10:08:38.040+0000: 41.048: [GC [PSYoungGen: 223354K->712K(218368K)] 248244K->25674K(905344K), 0.0031950 secs] [Times: user=0.02 sys=0.00, real=0.00 secs] 
2014-07-16T10:08:39.100+0000: 42.109: [GC [PSYoungGen: 218307K->584K(243072K)] 243269K->25594K(930048K), 0.0068320 secs] [Times: user=0.04 sys=0.00, real=0.00 secs] 
2014-07-16T10:08:40.150+0000: 43.159: [GC [PSYoungGen: 213241K->566K(208448K)] 238252K->25656K(895424K), 0.0043950 secs] [Times: user=0.03 sys=0.00, real=0.00 secs] 
2014-07-16T10:08:41.194+0000: 44.203: [GC [PSYoungGen: 208438K->1260K(231808K)] 233528K->26422K(918784K), 0.0060900 secs] [Times: user=0.03 sys=0.00, real=0.01 secs] 
2014-07-16T10:08:42.176+0000: 45.184: [GC [PSYoungGen: 204524K->780K(199616K)] 229686K->26014K(886592K), 0.0048850 secs] [Times: user=0.02 sys=0.00, real=0.01 secs] 
2014-07-16T10:08:43.010+0000: 46.018: [GC [PSYoungGen: 199564K->844K(220992K)] 224798K->26126K(907968K), 0.0039460 secs] [Times: user=0.01 sys=0.01, real=0.01 secs] 
2014-07-16T10:08:43.762+0000: 46.771: [GC [PSYoungGen: 195340K->598K(190976K)] 220622K->25952K(877952K), 0.0045530 secs] [Times: user=0.02 sys=0.00, real=0.00 secs] 
2014-07-16T10:08:44.507+0000: 47.515: [GC [PSYoungGen: 190923K->794K(210304K)] 216277K->26220K(897280K), 0.0049760 secs] [Times: user=0.03 sys=0.00, real=0.01 secs] 
2014-07-16T10:08:45.229+0000: 48.238: [GC [PSYoungGen: 187079K->916K(183360K)] 212506K->26415K(870336K), 0.0066620 secs] [Times: user=0.03 sys=0.00, real=0.01 secs] 
2014-07-16T10:08:45.969+0000: 48.977: [GC [PSYoungGen: 183282K->1240K(200064K)] 208781K->26803K(887040K), 0.0045940 secs] [Times: user=0.01 sys=0.00, real=0.01 secs] 
2014-07-16T10:08:46.716+0000: 49.724: [GC [PSYoungGen: 179864K->830K(175808K)] 205427K->26465K(862784K), 0.0050870 secs] [Times: user=0.03 sys=0.00, real=0.01 secs] 
2014-07-16T10:08:47.382+0000: 50.391: [GC [PSYoungGen: 175806K->1136K(190464K)] 201441K->26859K(877440K), 0.0057730 secs] [Times: user=0.02 sys=0.00, real=0.00 secs] 
2014-07-16T10:08:48.050+0000: 51.058: [GC [PSYoungGen: 172592K->844K(168960K)] 198315K->26654K(855936K), 0.0066480 secs] [Times: user=0.03 sys=0.00, real=0.01 secs] 
2014-07-16T10:08:48.730+0000: 51.738: [GC [PSYoungGen: 168908K->612K(181568K)] 194718K->26470K(868544K), 0.0051970 secs] [Times: user=0.01 sys=0.00, real=0.01 secs] 
2014-07-16T10:08:49.383+0000: 52.392: [GC [PSYoungGen: 165412K->338K(161984K)] 191270K->26212K(848960K), 0.0054320 secs] [Times: user=0.02 sys=0.00, real=0.00 secs] 
2014-07-16T10:08:50.038+0000: 53.046: [GC [PSYoungGen: 161938K->972K(173184K)] 187812K->26910K(860160K), 0.0045370 secs] [Times: user=0.01 sys=0.00, real=0.01 secs] 
2014-07-16T10:08:50.642+0000: 53.650: [GC [PSYoungGen: 159465K->352K(155904K)] 185404K->26362K(842880K), 0.0042300 secs] [Times: user=0.01 sys=0.01, real=0.00 secs] 
2014-07-16T10:08:51.325+0000: 54.333: [GC [PSYoungGen: 155872K->352K(165568K)] 181882K->26410K(852544K), 0.0042510 secs] [Times: user=0.02 sys=0.00, real=0.00 secs] 
2014-07-16T10:08:51.945+0000: 54.953: [GC [PSYoungGen: 152992K->890K(150720K)] 179050K->27020K(837696K), 0.0049870 secs] [Times: user=0.02 sys=0.00, real=0.00 secs] 
2014-07-16T10:08:52.607+0000: 55.615: [GC [PSYoungGen: 150712K->534K(158080K)] 176843K->26712K(845056K), 0.0081380 secs] [Times: user=0.04 sys=0.00, real=0.01 secs] 
2014-07-16T10:08:53.163+0000: 56.171: [GC [PSYoungGen: 147606K->530K(145024K)] 173784K->26772K(832000K), 0.0037530 secs] [Times: user=0.01 sys=0.00, real=0.00 secs] 
2014-07-16T10:08:53.676+0000: 56.684: [GC [PSYoungGen: 144978K->726K(151296K)] 171220K->27048K(838272K), 0.0063030 secs] [Times: user=0.03 sys=0.00, real=0.01 secs] 
2014-07-16T10:08:54.187+0000: 57.195: [GC [PSYoungGen: 142604K->762K(140160K)] 168927K->27172K(827136K), 0.0034930 secs] [Times: user=0.01 sys=0.00, real=0.00 secs] 
2014-07-16T10:08:54.684+0000: 57.693: [GC [PSYoungGen: 140154K->434K(144960K)] 166564K->26908K(831936K), 0.0042240 secs] [Times: user=0.02 sys=0.00, real=0.00 secs] 
2014-07-16T10:08:55.217+0000: 58.226: [GC [PSYoungGen: 137370K->612K(135232K)] 163845K->27158K(822208K), 0.0028630 secs] [Times: user=0.02 sys=0.00, real=0.00 secs] 
2014-07-16T10:08:55.686+0000: 58.695: [GC [PSYoungGen: 135204K->658K(139008K)] 161750K->27284K(825984K), 0.0038130 secs] [Times: user=0.02 sys=0.00, real=0.00 secs] 
2014-07-16T10:08:56.161+0000: 59.170: [GC [PSYoungGen: 132946K->840K(130944K)] 159572K->27546K(817920K), 0.0038960 secs] [Times: user=0.01 sys=0.01, real=0.01 secs] 
2014-07-16T10:08:56.614+0000: 59.622: [GC [PSYoungGen: 130849K->1194K(133312K)] 157556K->27973K(820288K), 0.0032900 secs] [Times: user=0.01 sys=0.01, real=0.00 secs] 
2014-07-16T10:08:57.077+0000: 60.085: [GC [PSYoungGen: 129066K->1076K(126848K)] 155845K->27935K(813824K), 0.0028910 secs] [Times: user=0.01 sys=0.00, real=0.00 secs] 
2014-07-16T10:08:57.551+0000: 60.560: [GC [PSYoungGen: 126836K->904K(128320K)] 153695K->27850K(815296K), 0.0055900 secs] [Times: user=0.03 sys=0.00, real=0.01 secs] 
2014-07-16T10:08:58.026+0000: 61.035: [GC [PSYoungGen: 124615K->1232K(123008K)] 151561K->28267K(809984K), 0.0051910 secs] [Times: user=0.03 sys=0.01, real=0.00 secs] 
2014-07-16T10:08:58.426+0000: 61.435: [GC [PSYoungGen: 122960K->940K(123584K)] 149995K->28054K(810560K), 0.0036010 secs] [Times: user=0.02 sys=0.00, real=0.00 secs] 
2014-07-16T10:08:58.849+0000: 61.857: [GC [PSYoungGen: 120748K->448K(125952K)] 147862K->27602K(812928K), 0.0076370 secs] [Times: user=0.03 sys=0.01, real=0.01 secs] 
2014-07-16T10:08:59.272+0000: 62.281: [GC [PSYoungGen: 120256K->758K(118720K)] 147410K->27984K(805696K), 0.0028380 secs] [Times: user=0.01 sys=0.00, real=0.01 secs] 
2014-07-16T10:08:59.706+0000: 62.715: [GC [PSYoungGen: 118627K->994K(147264K)] 145853K->28285K(834240K), 0.0055670 secs] [Times: user=0.03 sys=0.00, real=0.00 secs] 
2014-07-16T10:09:00.215+0000: 63.224: [GC [PSYoungGen: 142818K->640K(139968K)] 170109K->28026K(826944K), 0.0036870 secs] [Times: user=0.02 sys=0.00, real=0.00 secs] 
2014-07-16T10:09:00.715+0000: 63.724: [GC [PSYoungGen: 139968K->608K(137536K)] 167354K->28066K(824512K), 0.0027760 secs] [Times: user=0.01 sys=0.00, real=0.00 secs] 
2014-07-16T10:09:01.201+0000: 64.209: [GC [PSYoungGen: 137501K->872K(135424K)] 164959K->28378K(822400K), 0.0034930 secs] [Times: user=0.01 sys=0.01, real=0.01 secs] 
2014-07-16T10:09:01.678+0000: 64.686: [GC [PSYoungGen: 135400K->402K(132672K)] 162906K->27924K(819648K), 0.0049530 secs] [Times: user=0.01 sys=0.00, real=0.00 secs] 
2014-07-16T10:09:02.148+0000: 65.157: [GC [PSYoungGen: 132626K->926K(130944K)] 160148K->28497K(817920K), 0.0054220 secs] [Times: user=0.03 sys=0.00, real=0.01 secs] 
2014-07-16T10:09:02.613+0000: 65.622: [GC [PSYoungGen: 130892K->502K(128320K)] 158463K->28112K(815296K), 0.0052230 secs] [Times: user=0.03 sys=0.00, real=0.00 secs] 
2014-07-16T10:09:03.079+0000: 66.088: [GC [PSYoungGen: 128310K->884K(137600K)] 155920K->28527K(824576K), 0.0088070 secs] [Times: user=0.05 sys=0.00, real=0.01 secs] 
2014-07-16T10:09:03.557+0000: 66.565: [GC [PSYoungGen: 135028K->640K(137344K)] 162671K->28378K(824320K), 0.0039930 secs] [Times: user=0.03 sys=0.00, real=0.00 secs] 
2014-07-16T10:09:04.039+0000: 67.048: [GC [PSYoungGen: 134746K->1348K(133312K)] 162485K->29127K(820288K), 0.0029820 secs] [Times: user=0.01 sys=0.01, real=0.00 secs] 
2014-07-16T10:09:04.514+0000: 67.522: [GC [PSYoungGen: 133252K->402K(130176K)] 161031K->28236K(817152K), 0.0039680 secs] [Times: user=0.02 sys=0.00, real=0.00 secs] 
2014-07-16T10:09:04.975+0000: 67.983: [GC [PSYoungGen: 130130K->986K(128640K)] 157964K->28893K(815616K), 0.0050150 secs] [Times: user=0.02 sys=0.01, real=0.07 secs] 
2014-07-16T10:09:05.430+0000: 68.439: [GC [PSYoungGen: 128602K->934K(126464K)] 156509K->28921K(813440K), 0.0034840 secs] [Times: user=0.01 sys=0.01, real=0.00 secs] 
2014-07-16T10:09:05.889+0000: 68.898: [GC [PSYoungGen: 126438K->416K(123904K)] 154425K->28458K(810880K), 0.0039010 secs] [Times: user=0.01 sys=0.00, real=0.00 secs] 
2014-07-16T10:09:06.323+0000: 69.331: [GC [PSYoungGen: 123872K->616K(122112K)] 151914K->28706K(809088K), 0.0053190 secs] [Times: user=0.02 sys=0.01, real=0.01 secs] 
2014-07-16T10:09:06.743+0000: 69.751: [GC [PSYoungGen: 122088K->776K(120384K)] 150178K->28930K(807360K), 0.0044550 secs] [Times: user=0.03 sys=0.00, real=0.01 secs] 
2014-07-16T10:09:07.175+0000: 70.183: [GC [PSYoungGen: 120328K->798K(118528K)] 148482K->29017K(805504K), 0.0041390 secs] [Times: user=0.02 sys=0.01, real=0.00 secs] 
2014-07-16T10:09:07.598+0000: 70.606: [GC [PSYoungGen: 118491K->1008K(116928K)] 146710K->29283K(803904K), 0.0027760 secs] [Times: user=0.01 sys=0.00, real=0.00 secs] 
2014-07-16T10:09:08.024+0000: 71.032: [GC [PSYoungGen: 116912K->662K(114816K)] 145187K->28976K(801792K), 0.0059640 secs] [Times: user=0.03 sys=0.00, real=0.00 secs] 
2014-07-16T10:09:08.411+0000: 71.419: [GC [PSYoungGen: 114753K->1140K(138112K)] 143068K->29503K(825088K), 0.0091230 secs] [Times: user=0.05 sys=0.00, real=0.01 secs] 
2014-07-16T10:09:08.919+0000: 71.928: [GC [PSYoungGen: 138100K->1090K(153088K)] 166463K->29541K(840064K), 0.0023590 secs] [Times: user=0.01 sys=0.00, real=0.00 secs] 
2014-07-16T10:09:09.453+0000: 72.461: [GC [PSYoungGen: 152258K->1054K(166272K)] 180709K->29593K(853248K), 0.0042750 secs] [Times: user=0.02 sys=0.00, real=0.01 secs] 
2014-07-16T10:09:10.137+0000: 73.146: [GC [PSYoungGen: 165406K->1188K(162432K)] 193945K->29798K(849408K), 0.0037750 secs] [Times: user=0.01 sys=0.00, real=0.00 secs] 
2014-07-16T10:09:10.652+0000: 73.661: [GC [PSYoungGen: 162404K->762K(158912K)] 191014K->29853K(845888K), 0.0025150 secs] [Times: user=0.02 sys=0.00, real=0.01 secs] 
2014-07-16T10:09:11.224+0000: 74.232: [GC [PSYoungGen: 158906K->726K(155968K)] 187997K->29897K(842944K), 0.0043980 secs] [Times: user=0.02 sys=0.00, real=0.01 secs] 
2014-07-16T10:09:11.780+0000: 74.788: [GC [PSYoungGen: 155926K->976K(153344K)] 185097K->30219K(840320K), 0.0057380 secs] [Times: user=0.03 sys=0.00, real=0.01 secs] 
2014-07-16T10:09:12.320+0000: 75.329: [GC [PSYoungGen: 153296K->940K(150464K)] 182539K->30271K(837440K), 0.0039130 secs] [Times: user=0.02 sys=0.01, real=0.00 secs] 
2014-07-16T10:09:12.866+0000: 75.875: [GC [PSYoungGen: 150440K->580K(147456K)] 179771K->29991K(834432K), 0.0028610 secs] [Times: user=0.01 sys=0.00, real=0.00 secs] 
2014-07-16T10:09:13.384+0000: 76.393: [GC [PSYoungGen: 147396K->894K(145088K)] 176807K->30385K(832064K), 0.0037570 secs] [Times: user=0.02 sys=0.00, real=0.01 secs] 
2014-07-16T10:09:13.895+0000: 76.903: [GC [PSYoungGen: 145086K->1276K(142912K)] 174577K->30847K(829888K), 0.0036830 secs] [Times: user=0.02 sys=0.01, real=0.01 secs] 
2014-07-16T10:09:14.399+0000: 77.407: [GC [PSYoungGen: 142908K->712K(139904K)] 172479K->30323K(826880K), 0.0071150 secs] [Times: user=0.03 sys=0.00, real=0.01 secs] 
2014-07-16T10:09:14.903+0000: 77.911: [GC [PSYoungGen: 139848K->434K(137152K)] 169459K->30117K(824128K), 0.0061460 secs] [Times: user=0.03 sys=0.00, real=0.01 secs] 
2014-07-16T10:09:15.417+0000: 78.426: [GC [PSYoungGen: 137138K->716K(135104K)] 166821K->30439K(822080K), 0.0041770 secs] [Times: user=0.02 sys=0.00, real=0.00 secs] 
2014-07-16T10:09:15.872+0000: 78.881: [GC [PSYoungGen: 134983K->822K(132928K)] 164706K->30585K(819904K), 0.0037020 secs] [Times: user=0.01 sys=0.00, real=0.01 secs] 
2014-07-16T10:09:16.341+0000: 79.349: [GC [PSYoungGen: 132918K->498K(130432K)] 162681K->30333K(817408K), 0.0046090 secs] [Times: user=0.03 sys=0.01, real=0.01 secs] 
2014-07-16T10:09:16.809+0000: 79.818: [GC [PSYoungGen: 130418K->608K(128384K)] 160253K->30523K(815360K), 0.0042490 secs] [Times: user=0.02 sys=0.01, real=0.00 secs] 
2014-07-16T10:09:17.265+0000: 80.274: [GC [PSYoungGen: 128352K->694K(126336K)] 158267K->30681K(813312K), 0.0035120 secs] [Times: user=0.02 sys=0.00, real=0.00 secs] 
2014-07-16T10:09:17.713+0000: 80.721: [GC [PSYoungGen: 126305K->826K(124416K)] 156292K->30893K(811392K), 0.0026300 secs] [Times: user=0.01 sys=0.00, real=0.01 secs] 
2014-07-16T10:09:18.149+0000: 81.158: [GC [PSYoungGen: 124401K->626K(122240K)] 154468K->30741K(809216K), 0.0064980 secs] [Times: user=0.02 sys=0.01, real=0.00 secs] 
2014-07-16T10:09:18.582+0000: 81.591: [GC [PSYoungGen: 122226K->612K(120320K)] 152341K->30823K(807296K), 0.0031860 secs] [Times: user=0.02 sys=0.00, real=0.00 secs] 
2014-07-16T10:09:19.019+0000: 82.027: [GC [PSYoungGen: 120242K->994K(118848K)] 150453K->31261K(805824K), 0.0035560 secs] [Times: user=0.02 sys=0.00, real=0.00 secs] 
2014-07-16T10:09:19.429+0000: 82.438: [GC [PSYoungGen: 118816K->1076K(117120K)] 149083K->31447K(804096K), 0.0054510 secs] [Times: user=0.03 sys=0.01, real=0.00 secs] 
2014-07-16T10:09:19.856+0000: 82.864: [GC [PSYoungGen: 117060K->836K(115136K)] 147431K->31255K(802112K), 0.0036220 secs] [Times: user=0.01 sys=0.00, real=0.00 secs] 
2014-07-16T10:09:20.347+0000: 83.355: [GC [PSYoungGen: 115076K->950K(113472K)] 145495K->31457K(800448K), 0.0026240 secs] [Times: user=0.01 sys=0.00, real=0.00 secs] 
2014-07-16T10:09:20.680+0000: 83.689: [GC [PSYoungGen: 113461K->748K(111616K)] 143968K->31303K(798592K), 0.0039280 secs] [Times: user=0.02 sys=0.00, real=0.00 secs] 
2014-07-16T10:09:21.081+0000: 84.089: [GC [PSYoungGen: 111562K->966K(110208K)] 142117K->31577K(797184K), 0.0042310 secs] [Times: user=0.02 sys=0.00, real=0.00 secs] 
2014-07-16T10:09:21.465+0000: 84.473: [GC [PSYoungGen: 110105K->1052K(132160K)] 140716K->31703K(819136K), 0.0063390 secs] [Times: user=0.03 sys=0.00, real=0.01 secs] 
2014-07-16T10:09:21.933+0000: 84.941: [GC [PSYoungGen: 132124K->634K(149056K)] 162775K->31707K(836032K), 0.0103370 secs] [Times: user=0.05 sys=0.00, real=0.01 secs] 
2014-07-16T10:09:22.475+0000: 85.484: [GC [PSYoungGen: 149050K->434K(149824K)] 180123K->31531K(836800K), 0.0040800 secs] [Times: user=0.01 sys=0.00, real=0.01 secs] 
2014-07-16T10:09:23.004+0000: 86.013: [GC [PSYoungGen: 148804K->1234K(179520K)] 179901K->32403K(866496K), 0.0024640 secs] [Times: user=0.01 sys=0.00, real=0.01 secs] 
2014-07-16T10:09:23.652+0000: 86.660: [GC [PSYoungGen: 179240K->962K(175488K)] 210409K->32187K(862464K), 0.0032740 secs] [Times: user=0.02 sys=0.00, real=0.00 secs] 
2014-07-16T10:09:24.283+0000: 87.291: [GC [PSYoungGen: 175426K->556K(171520K)] 206651K->32227K(858496K), 0.0049530 secs] [Times: user=0.03 sys=0.00, real=0.01 secs] 
2014-07-16T10:09:24.901+0000: 87.910: [GC [PSYoungGen: 171500K->950K(168512K)] 203171K->32701K(855488K), 0.0044780 secs] [Times: user=0.02 sys=0.00, real=0.00 secs] 
2014-07-16T10:09:25.494+0000: 88.502: [GC [PSYoungGen: 168502K->512K(164800K)] 200253K->32319K(851776K), 0.0066220 secs] [Times: user=0.03 sys=0.00, real=0.01 secs] 
2014-07-16T10:09:26.066+0000: 89.075: [GC [PSYoungGen: 164795K->544K(161728K)] 196602K->32399K(848704K), 0.0065160 secs] [Times: user=0.03 sys=0.00, real=0.01 secs] 
2014-07-16T10:09:26.639+0000: 89.648: [GC [PSYoungGen: 161640K->762K(158848K)] 193495K->32713K(845824K), 0.0059620 secs] [Times: user=0.03 sys=0.00, real=0.00 secs] 
2014-07-16T10:09:27.196+0000: 90.204: [GC [PSYoungGen: 158842K->480K(155648K)] 190793K->32511K(842624K), 0.0037620 secs] [Times: user=0.02 sys=0.00, real=0.01 secs] 
2014-07-16T10:09:27.740+0000: 90.748: [GC [PSYoungGen: 155616K->466K(152768K)] 187647K->32569K(839744K), 0.0031440 secs] [Times: user=0.02 sys=0.00, real=0.00 secs] 
2014-07-16T10:09:28.276+0000: 91.284: [GC [PSYoungGen: 152722K->580K(150080K)] 184825K->32779K(837056K), 0.0025140 secs] [Times: user=0.01 sys=0.00, real=0.01 secs] 
2014-07-16T10:09:28.819+0000: 91.827: [GC [PSYoungGen: 150009K->1248K(148032K)] 182208K->33527K(835008K), 0.0026610 secs] [Times: user=0.02 sys=0.00, real=0.00 secs] 
2014-07-16T10:09:29.342+0000: 92.351: [GC [PSYoungGen: 147994K->576K(144704K)] 180274K->32927K(831680K), 0.0026610 secs] [Times: user=0.01 sys=0.00, real=0.00 secs] 
2014-07-16T10:09:29.864+0000: 92.872: [GC [PSYoungGen: 144704K->968K(142592K)] 177055K->33383K(829568K), 0.0028020 secs] [Times: user=0.01 sys=0.00, real=0.00 secs] 
2014-07-16T10:09:30.466+0000: 93.475: [GC [PSYoungGen: 142536K->1096K(140224K)] 174951K->33583K(827200K), 0.0033920 secs] [Times: user=0.01 sys=0.00, real=0.01 secs] 
2014-07-16T10:09:30.932+0000: 93.941: [GC [PSYoungGen: 140168K->698K(137344K)] 172655K->33257K(824320K), 0.0028180 secs] [Times: user=0.01 sys=0.00, real=0.00 secs] 
2014-07-16T10:09:31.425+0000: 94.433: [GC [PSYoungGen: 137338K->722K(135104K)] 169897K->33369K(822080K), 0.0031710 secs] [Times: user=0.01 sys=0.00, real=0.00 secs] 
2014-07-16T10:09:31.917+0000: 94.925: [GC [PSYoungGen: 135028K->1094K(133248K)] 167675K->33821K(820224K), 0.0036160 secs] [Times: user=0.02 sys=0.00, real=0.01 secs] 
2014-07-16T10:09:32.393+0000: 95.401: [GC [PSYoungGen: 133190K->940K(130880K)] 165917K->33747K(817856K), 0.0027540 secs] [Times: user=0.00 sys=0.00, real=0.00 secs] 
2014-07-16T10:09:32.855+0000: 95.863: [GC [PSYoungGen: 130860K->872K(128640K)] 163667K->33767K(815616K), 0.0025350 secs] [Times: user=0.01 sys=0.00, real=0.00 secs] 
2014-07-16T10:09:33.327+0000: 96.335: [GC [PSYoungGen: 128616K->1106K(126784K)] 161511K->34065K(813760K), 0.0086990 secs] [Times: user=0.05 sys=0.00, real=0.01 secs] 
2014-07-16T10:09:33.772+0000: 96.780: [GC [PSYoungGen: 126738K->576K(124160K)] 159697K->33607K(811136K), 0.0032250 secs] [Times: user=0.02 sys=0.00, real=0.00 secs] 
2014-07-16T10:09:34.219+0000: 97.228: [GC [PSYoungGen: 124160K->434K(148800K)] 157191K->33513K(835776K), 0.0086780 secs] [Times: user=0.05 sys=0.00, real=0.01 secs] 
2014-07-16T10:09:34.763+0000: 97.771: [GC [PSYoungGen: 148752K->862K(146560K)] 181831K->34021K(833536K), 0.0033250 secs] [Times: user=0.01 sys=0.00, real=0.00 secs] 
2014-07-16T10:09:35.282+0000: 98.290: [GC [PSYoungGen: 146517K->1026K(144128K)] 179676K->34273K(831104K), 0.0032490 secs] [Times: user=0.02 sys=0.00, real=0.00 secs] 
2014-07-16T10:09:35.851+0000: 98.860: [GC [PSYoungGen: 144066K->466K(141056K)] 177313K->33777K(828032K), 0.0042220 secs] [Times: user=0.01 sys=0.00, real=0.00 secs] 
2014-07-16T10:09:36.363+0000: 99.371: [GC [PSYoungGen: 141010K->562K(138688K)] 174321K->33937K(825664K), 0.0034690 secs] [Times: user=0.01 sys=0.00, real=0.00 secs] 
2014-07-16T10:09:36.869+0000: 99.877: [GC [PSYoungGen: 138672K->1190K(136960K)] 172047K->34637K(823936K), 0.0045300 secs] [Times: user=0.03 sys=0.00, real=0.00 secs] 
2014-07-16T10:09:37.343+0000: 100.352: [GC [PSYoungGen: 136934K->1094K(134592K)] 170381K->34637K(821568K), 0.0035650 secs] [Times: user=0.01 sys=0.00, real=0.00 secs] 
2014-07-16T10:09:37.818+0000: 100.826: [GC [PSYoungGen: 134534K->744K(131968K)] 168077K->34367K(818944K), 0.0036160 secs] [Times: user=0.02 sys=0.00, real=0.01 secs] 
2014-07-16T10:09:38.282+0000: 101.291: [GC [PSYoungGen: 131944K->858K(129920K)] 165567K->34537K(816896K), 0.0049250 secs] [Times: user=0.03 sys=0.00, real=0.00 secs] 
2014-07-16T10:09:38.730+0000: 101.738: [GC [PSYoungGen: 129882K->1112K(128064K)] 163561K->34847K(815040K), 0.0046300 secs] [Times: user=0.02 sys=0.00, real=0.00 secs] 
2014-07-16T10:09:39.180+0000: 102.188: [GC [PSYoungGen: 128024K->1004K(125888K)] 161759K->34843K(812864K), 0.0038420 secs] [Times: user=0.02 sys=0.00, real=0.00 secs] 
2014-07-16T10:09:39.623+0000: 102.632: [GC [PSYoungGen: 125868K->608K(123520K)] 159707K->34519K(810496K), 0.0038330 secs] [Times: user=0.02 sys=0.00, real=0.00 secs] 
2014-07-16T10:09:40.060+0000: 103.068: [GC [PSYoungGen: 123447K->1112K(122112K)] 157358K->35087K(809088K), 0.0030300 secs] [Times: user=0.00 sys=0.01, real=0.00 secs] 
2014-07-16T10:09:40.491+0000: 103.500: [GC [PSYoungGen: 122072K->562K(119616K)] 156047K->34569K(806592K), 0.0060340 secs] [Times: user=0.01 sys=0.00, real=0.00 secs] 
2014-07-16T10:09:40.970+0000: 103.978: [GC [PSYoungGen: 119602K->872K(118080K)] 153609K->34943K(805056K), 0.0032550 secs] [Times: user=0.01 sys=0.00, real=0.00 secs] 
2014-07-16T10:09:41.402+0000: 104.410: [GC [PSYoungGen: 118056K->926K(116352K)] 152127K->35061K(803328K), 0.0041850 secs] [Times: user=0.02 sys=0.00, real=0.00 secs] 
2014-07-16T10:09:41.813+0000: 104.821: [GC [PSYoungGen: 116318K->626K(114304K)] 150453K->34841K(801280K), 0.0033910 secs] [Times: user=0.01 sys=0.00, real=0.00 secs] 
2014-07-16T10:09:42.224+0000: 105.233: [GC [PSYoungGen: 114290K->448K(112384K)] 148505K->34743K(799360K), 0.0046310 secs] [Times: user=0.02 sys=0.00, real=0.01 secs] 
2014-07-16T10:09:42.621+0000: 105.629: [GC [PSYoungGen: 112384K->626K(110912K)] 146679K->34985K(797888K), 0.0029030 secs] [Times: user=0.01 sys=0.00, real=0.00 secs] 
2014-07-16T10:09:43.019+0000: 106.028: [GC [PSYoungGen: 110898K->772K(109504K)] 145257K->35195K(796480K), 0.0033580 secs] [Times: user=0.01 sys=0.00, real=0.00 secs] 
2014-07-16T10:09:43.411+0000: 106.420: [GC [PSYoungGen: 109444K->948K(108032K)] 143867K->35427K(795008K), 0.0031820 secs] [Times: user=0.01 sys=0.00, real=0.00 secs] 
2014-07-16T10:09:43.804+0000: 106.812: [GC [PSYoungGen: 107990K->830K(106368K)] 142470K->35381K(793344K), 0.0050210 secs] [Times: user=0.02 sys=0.00, real=0.00 secs] 
2014-07-16T10:09:44.181+0000: 107.189: [GC [PSYoungGen: 106366K->498K(127168K)] 140917K->35113K(814144K), 0.0051870 secs] [Times: user=0.02 sys=0.00, real=0.00 secs] 
2014-07-16T10:09:44.636+0000: 107.644: [GC [PSYoungGen: 127137K->1272K(125888K)] 161752K->36017K(812864K), 0.0030100 secs] [Times: user=0.02 sys=0.00, real=0.00 secs] 
2014-07-16T10:09:45.079+0000: 108.087: [GC [PSYoungGen: 125880K->1190K(150784K)] 160625K->36007K(837760K), 0.0071910 secs] [Times: user=0.04 sys=0.01, real=0.01 secs] 
2014-07-16T10:09:45.693+0000: 108.702: [GC [PSYoungGen: 150758K->492K(147392K)] 185575K->36015K(834368K), 0.0039460 secs] [Times: user=0.03 sys=0.00, real=0.00 secs] 
2014-07-16T10:09:46.156+0000: 109.165: [GC [PSYoungGen: 147353K->1336K(145600K)] 182876K->36907K(832576K), 0.0037310 secs] [Times: user=0.01 sys=0.00, real=0.01 secs] 
2014-07-16T10:09:46.669+0000: 109.677: [GC [PSYoungGen: 145509K->958K(142656K)] 181080K->36803K(829632K), 0.0051060 secs] [Times: user=0.03 sys=0.00, real=0.01 secs] 
2014-07-16T10:09:47.167+0000: 110.176: [GC [PSYoungGen: 142654K->530K(139776K)] 178499K->36431K(826752K), 0.0050220 secs] [Times: user=0.03 sys=0.00, real=0.01 secs] 
2014-07-16T10:09:47.657+0000: 110.666: [GC [PSYoungGen: 139730K->448K(137216K)] 175631K->36421K(824192K), 0.0034210 secs] [Times: user=0.01 sys=0.00, real=0.01 secs] 
2014-07-16T10:09:48.140+0000: 111.149: [GC [PSYoungGen: 137191K->530K(134976K)] 173165K->36591K(821952K), 0.0043500 secs] [Times: user=0.03 sys=0.00, real=0.00 secs] 
2014-07-16T10:09:48.619+0000: 111.627: [GC [PSYoungGen: 134930K->894K(133056K)] 170991K->37027K(820032K), 0.0050470 secs] [Times: user=0.02 sys=0.00, real=0.01 secs] 
2014-07-16T10:09:49.104+0000: 112.112: [GC [PSYoungGen: 133049K->922K(130944K)] 169183K->37135K(817920K), 0.0035700 secs] [Times: user=0.01 sys=0.00, real=0.00 secs] 
2014-07-16T10:09:49.559+0000: 112.567: [GC [PSYoungGen: 130860K->1262K(129088K)] 167073K->37721K(816064K), 0.0029020 secs] [Times: user=0.01 sys=0.00, real=0.01 secs] 
2014-07-16T10:09:50.024+0000: 113.032: [GC [PSYoungGen: 129070K->1164K(126912K)] 165529K->37687K(813888K), 0.0039200 secs] [Times: user=0.02 sys=0.00, real=0.00 secs] 
2014-07-16T10:09:50.453+0000: 113.461: [GC [PSYoungGen: 126810K->848K(124544K)] 163333K->37451K(811520K), 0.0039590 secs] [Times: user=0.02 sys=0.00, real=0.00 secs] 
2014-07-16T10:09:50.927+0000: 113.936: [GC [PSYoungGen: 124496K->976K(122688K)] 161099K->37675K(809664K), 0.0029050 secs] [Times: user=0.01 sys=0.00, real=0.01 secs] 
2014-07-16T10:09:51.327+0000: 114.335: [GC [PSYoungGen: 122635K->566K(120320K)] 159335K->37321K(807296K), 0.0037730 secs] [Times: user=0.02 sys=0.00, real=0.00 secs] 
2014-07-16T10:09:51.769+0000: 114.777: [GC [PSYoungGen: 120308K->288K(118208K)] 157064K->37083K(805184K), 0.0038100 secs] [Times: user=0.02 sys=0.00, real=0.01 secs] 
2014-07-16T10:09:52.199+0000: 115.208: [GC [PSYoungGen: 118176K->658K(116800K)] 154971K->37517K(803776K), 0.0027350 secs] [Times: user=0.01 sys=0.00, real=0.01 secs] 
2014-07-16T10:09:52.613+0000: 115.621: [GC [PSYoungGen: 116746K->940K(115264K)] 153606K->37855K(802240K), 0.0024110 secs] [Times: user=0.01 sys=0.00, real=0.00 secs] 
2014-07-16T10:09:53.028+0000: 116.036: [GC [PSYoungGen: 115244K->530K(113152K)] 152159K->37533K(800128K), 0.0024230 secs] [Times: user=0.02 sys=0.00, real=0.00 secs] 
2014-07-16T10:09:53.428+0000: 116.437: [GC [PSYoungGen: 113105K->512K(111424K)] 150108K->37579K(798400K), 0.0040810 secs] [Times: user=0.03 sys=0.00, real=0.01 secs] 
2014-07-16T10:09:53.849+0000: 116.858: [GC [PSYoungGen: 111407K->598K(109888K)] 148475K->37721K(796864K), 0.0044290 secs] [Times: user=0.02 sys=0.00, real=0.01 secs] 
2014-07-16T10:09:54.243+0000: 117.251: [GC [PSYoungGen: 109846K->912K(108608K)] 146969K->38091K(795584K), 0.0041670 secs] [Times: user=0.02 sys=0.00, real=0.00 secs] 
2014-07-16T10:09:54.627+0000: 117.636: [GC [PSYoungGen: 108560K->940K(107072K)] 145739K->38207K(794048K), 0.0025450 secs] [Times: user=0.01 sys=0.00, real=0.00 secs] 
2014-07-16T10:09:55.004+0000: 118.012: [GC [PSYoungGen: 107052K->1426K(106048K)] 144319K->38799K(793024K), 0.0047750 secs] [Times: user=0.02 sys=0.00, real=0.00 secs] 
2014-07-16T10:09:55.377+0000: 118.385: [GC [PSYoungGen: 106002K->570K(103680K)] 143375K->38249K(790656K), 0.0047400 secs] [Times: user=0.03 sys=0.00, real=0.01 secs] 
2014-07-16T10:09:55.834+0000: 118.842: [GC [PSYoungGen: 103672K->1214K(124992K)] 141351K->38933K(811968K), 0.0062670 secs] [Times: user=0.03 sys=0.00, real=0.00 secs] 
2014-07-16T10:09:56.225+0000: 119.234: [GC [PSYoungGen: 124899K->1058K(122880K)] 162618K->39199K(809856K), 0.0029150 secs] [Times: user=0.01 sys=0.00, real=0.00 secs] 
2014-07-16T10:09:56.642+0000: 119.650: [GC [PSYoungGen: 122849K->830K(120704K)] 160990K->39019K(807680K), 0.0032070 secs] [Times: user=0.02 sys=0.00, real=0.00 secs] 
2014-07-16T10:09:57.080+0000: 120.088: [GC [PSYoungGen: 120697K->876K(118912K)] 158886K->39121K(805888K), 0.0049750 secs] [Times: user=0.03 sys=0.00, real=0.01 secs] 
2014-07-16T10:09:57.498+0000: 120.506: [GC [PSYoungGen: 118892K->448K(136896K)] 157137K->38733K(823872K), 0.0064260 secs] [Times: user=0.03 sys=0.00, real=0.01 secs] 
2014-07-16T10:09:57.981+0000: 120.989: [GC [PSYoungGen: 135808K->1100K(143168K)] 174093K->39481K(830144K), 0.0036860 secs] [Times: user=0.01 sys=0.00, real=0.01 secs] 
2014-07-16T10:09:58.487+0000: 121.496: [GC [PSYoungGen: 142732K->734K(143168K)] 181113K->39171K(830144K), 0.0061120 secs] [Times: user=0.03 sys=0.00, real=0.01 secs] 
2014-07-16T10:09:59.002+0000: 122.010: [GC [PSYoungGen: 142366K->1036K(140224K)] 180803K->39537K(827200K), 0.0027640 secs] [Times: user=0.02 sys=0.00, real=0.01 secs] 
2014-07-16T10:09:59.489+0000: 122.498: [GC [PSYoungGen: 140172K->680K(137408K)] 178673K->39229K(824384K), 0.0033470 secs] [Times: user=0.01 sys=0.00, real=0.01 secs] 
2014-07-16T10:09:59.983+0000: 122.991: [GC [PSYoungGen: 137384K->658K(135040K)] 175933K->39319K(822016K), 0.0026470 secs] [Times: user=0.01 sys=0.00, real=0.00 secs] 
2014-07-16T10:10:00.485+0000: 123.494: [GC [PSYoungGen: 134962K->1458K(133568K)] 173623K->40291K(820544K), 0.0041040 secs] [Times: user=0.02 sys=0.01, real=0.00 secs] 
2014-07-16T10:10:01.028+0000: 124.036: [GC [PSYoungGen: 133551K->808K(130752K)] 172385K->40213K(817728K), 0.0030760 secs] [Times: user=0.01 sys=0.01, real=0.00 secs] 
2014-07-16T10:10:01.445+0000: 124.454: [GC [PSYoungGen: 130728K->1354K(129152K)] 170133K->40939K(816128K), 0.0056320 secs] [Times: user=0.03 sys=0.00, real=0.00 secs] 
2014-07-16T10:10:01.874+0000: 124.883: [GC [PSYoungGen: 129076K->930K(126592K)] 168662K->41179K(813568K), 0.0039770 secs] [Times: user=0.02 sys=0.00, real=0.00 secs] 
2014-07-16T10:10:02.336+0000: 125.344: [GC [PSYoungGen: 126562K->690K(151488K)] 166811K->40995K(838464K), 0.0072920 secs] [Times: user=0.04 sys=0.00, real=0.01 secs] 
2014-07-16T10:10:02.874+0000: 125.882: [GC [PSYoungGen: 151433K->1034K(166464K)] 191739K->41396K(853440K), 0.0100570 secs] [Times: user=0.06 sys=0.00, real=0.01 secs] 
2014-07-16T10:10:03.485+0000: 126.493: [GC [PSYoungGen: 165706K->1068K(166400K)] 206068K->41493K(853376K), 0.0070800 secs] [Times: user=0.04 sys=0.00, real=0.01 secs] 
2014-07-16T10:10:04.070+0000: 127.078: [GC [PSYoungGen: 165740K->690K(199296K)] 206165K->41171K(886272K), 0.0045480 secs] [Times: user=0.02 sys=0.00, real=0.01 secs] 
2014-07-16T10:10:04.772+0000: 127.780: [GC [PSYoungGen: 198322K->626K(193984K)] 238803K->41147K(880960K), 0.0045310 secs] [Times: user=0.01 sys=0.00, real=0.01 secs] 
2014-07-16T10:10:05.461+0000: 128.469: [GC [PSYoungGen: 193970K->680K(189952K)] 234491K->41265K(876928K), 0.0037960 secs] [Times: user=0.02 sys=0.00, real=0.01 secs] 
2014-07-16T10:10:06.198+0000: 129.207: [GC [PSYoungGen: 189928K->1272K(186560K)] 230513K->41938K(873536K), 0.0058380 secs] [Times: user=0.03 sys=0.00, real=0.01 secs] 
2014-07-16T10:10:06.804+0000: 129.812: [GC [PSYoungGen: 186552K->730K(182208K)] 227218K->41451K(869184K), 0.0042370 secs] [Times: user=0.01 sys=0.00, real=0.00 secs] 
2014-07-16T10:10:07.457+0000: 130.465: [GC [PSYoungGen: 182170K->498K(178240K)] 222891K->41307K(865216K), 0.0038210 secs] [Times: user=0.02 sys=0.00, real=0.00 secs] 
2014-07-16T10:10:08.100+0000: 131.108: [GC [PSYoungGen: 178226K->648K(174848K)] 219035K->41545K(861824K), 0.0050340 secs] [Times: user=0.02 sys=0.00, real=0.01 secs] 
2014-07-16T10:10:08.728+0000: 131.737: [GC [PSYoungGen: 174792K->948K(171648K)] 215689K->41925K(858624K), 0.0045750 secs] [Times: user=0.02 sys=0.01, real=0.00 secs] 
2014-07-16T10:10:09.342+0000: 132.350: [GC [PSYoungGen: 171636K->694K(168000K)] 212613K->41743K(854976K), 0.0041580 secs] [Times: user=0.02 sys=0.00, real=0.01 secs] 
2014-07-16T10:10:09.934+0000: 132.943: [GC [PSYoungGen: 167990K->544K(164608K)] 209039K->41689K(851584K), 0.0032350 secs] [Times: user=0.01 sys=0.01, real=0.00 secs] 
2014-07-16T10:10:10.525+0000: 133.533: [GC [PSYoungGen: 164576K->848K(161792K)] 205721K->42065K(848768K), 0.0024650 secs] [Times: user=0.01 sys=0.00, real=0.00 secs] 
2014-07-16T10:10:11.160+0000: 134.168: [GC [PSYoungGen: 161744K->950K(158784K)] 202961K->42247K(845760K), 0.0035200 secs] [Times: user=0.03 sys=0.00, real=0.00 secs] 
2014-07-16T10:10:11.668+0000: 134.677: [GC [PSYoungGen: 158759K->972K(155904K)] 200056K->42325K(842880K), 0.0048490 secs] [Times: user=0.02 sys=0.00, real=0.00 secs] 
2014-07-16T10:10:12.225+0000: 135.234: [GC [PSYoungGen: 155849K->734K(152768K)] 197202K->42151K(839744K), 0.0028900 secs] [Times: user=0.01 sys=0.00, real=0.00 secs] 
2014-07-16T10:10:12.772+0000: 135.781: [GC [PSYoungGen: 152734K->1140K(150336K)] 194151K->42621K(837312K), 0.0045000 secs] [Times: user=0.03 sys=0.00, real=0.01 secs] 
2014-07-16T10:10:13.305+0000: 136.314: [GC [PSYoungGen: 150247K->1216K(147776K)] 191728K->42746K(834752K), 0.0044920 secs] [Times: user=0.02 sys=0.00, real=0.00 secs] 
2014-07-16T10:10:13.829+0000: 136.837: [GC [PSYoungGen: 147712K->552K(144448K)] 189242K->42341K(831424K), 0.0039920 secs] [Times: user=0.02 sys=0.01, real=0.00 secs] 
2014-07-16T10:10:14.347+0000: 137.356: [GC [PSYoungGen: 144344K->908K(142272K)] 186134K->42753K(829248K), 0.0039220 secs] [Times: user=0.01 sys=0.00, real=0.00 secs] 
2014-07-16T10:10:14.854+0000: 137.863: [GC [PSYoungGen: 142219K->1012K(139840K)] 184065K->42937K(826816K), 0.0036740 secs] [Times: user=0.02 sys=0.00, real=0.00 secs] 
2014-07-16T10:10:15.348+0000: 138.356: [GC [PSYoungGen: 139828K->448K(136896K)] 181753K->42453K(823872K), 0.0044690 secs] [Times: user=0.02 sys=0.00, real=0.00 secs] 
2014-07-16T10:10:15.856+0000: 138.865: [GC [PSYoungGen: 136839K->1312K(135488K)] 178844K->43390K(822464K), 0.0043910 secs] [Times: user=0.02 sys=0.00, real=0.00 secs] 
2014-07-16T10:10:16.399+0000: 139.407: [GC [PSYoungGen: 135456K->912K(132864K)] 177534K->43021K(819840K), 0.0061970 secs] [Times: user=0.04 sys=0.00, real=0.01 secs] 
2014-07-16T10:10:16.857+0000: 139.865: [GC [PSYoungGen: 132816K->530K(158912K)] 174925K->42679K(845888K), 0.0083200 secs] [Times: user=0.05 sys=0.00, real=0.01 secs] 
2014-07-16T10:10:17.457+0000: 140.465: [GC [PSYoungGen: 158866K->868K(156224K)] 201015K->43105K(843200K), 0.0029840 secs] [Times: user=0.02 sys=0.00, real=0.00 secs] 
2014-07-16T10:10:18.016+0000: 141.025: [GC [PSYoungGen: 156196K->690K(153152K)] 198433K->43007K(840128K), 0.0032030 secs] [Times: user=0.02 sys=0.00, real=0.00 secs] 
2014-07-16T10:10:18.550+0000: 141.559: [GC [PSYoungGen: 153118K->722K(150400K)] 195436K->43135K(837376K), 0.0038610 secs] [Times: user=0.02 sys=0.00, real=0.00 secs] 
2014-07-16T10:10:19.086+0000: 142.094: [GC [PSYoungGen: 150354K->754K(147712K)] 192767K->43247K(834688K), 0.0025190 secs] [Times: user=0.01 sys=0.00, real=0.00 secs] 
2014-07-16T10:10:19.608+0000: 142.616: [GC [PSYoungGen: 147698K->548K(144896K)] 190191K->43113K(831872K), 0.0041110 secs] [Times: user=0.02 sys=0.00, real=0.00 secs] 
2014-07-16T10:10:20.130+0000: 143.139: [GC [PSYoungGen: 144802K->740K(142528K)] 187368K->43393K(829504K), 0.0025670 secs] [Times: user=0.01 sys=0.01, real=0.00 secs] 
2014-07-16T10:10:20.634+0000: 143.643: [GC [PSYoungGen: 142500K->826K(140096K)] 185153K->43559K(827072K), 0.0047120 secs] [Times: user=0.02 sys=0.00, real=0.01 secs] 
2014-07-16T10:10:21.122+0000: 144.130: [GC [PSYoungGen: 140090K->680K(137536K)] 182823K->43477K(824512K), 0.0051320 secs] [Times: user=0.03 sys=0.00, real=0.01 secs] 
2014-07-16T10:10:21.621+0000: 144.629: [GC [PSYoungGen: 137512K->626K(135104K)] 180309K->43495K(822080K), 0.0029570 secs] [Times: user=0.01 sys=0.00, real=0.00 secs] 
2014-07-16T10:10:22.109+0000: 145.117: [GC [PSYoungGen: 135090K->730K(132928K)] 177959K->43679K(819904K), 0.0029690 secs] [Times: user=0.01 sys=0.00, real=0.00 secs] 
2014-07-16T10:10:22.576+0000: 145.584: [GC [PSYoungGen: 132862K->1190K(131200K)] 175812K->44278K(818176K), 0.0036130 secs] [Times: user=0.01 sys=0.00, real=0.00 secs] 
2014-07-16T10:10:23.040+0000: 146.049: [GC [PSYoungGen: 131133K->506K(128320K)] 174221K->44714K(815296K), 0.0049780 secs] [Times: user=0.02 sys=0.00, real=0.01 secs] 
2014-07-16T10:10:23.498+0000: 146.506: [GC [PSYoungGen: 128314K->894K(126592K)] 172522K->45190K(813568K), 0.0043410 secs] [Times: user=0.02 sys=0.00, real=0.00 secs] 
2014-07-16T10:10:23.976+0000: 146.984: [GC [PSYoungGen: 126590K->658K(124352K)] 170886K->45018K(811328K), 0.0041540 secs] [Times: user=0.01 sys=0.00, real=0.01 secs] 
2014-07-16T10:10:24.405+0000: 147.413: [GC [PSYoungGen: 124306K->548K(122240K)] 168666K->44956K(809216K), 0.0069360 secs] [Times: user=0.03 sys=0.00, real=0.01 secs] 
2014-07-16T10:10:24.837+0000: 147.846: [GC [PSYoungGen: 122202K->748K(146816K)] 166610K->45228K(833792K), 0.0051290 secs] [Times: user=0.03 sys=0.00, real=0.00 secs] 
2014-07-16T10:10:25.354+0000: 148.363: [GC [PSYoungGen: 146750K->822K(175808K)] 191230K->45350K(862784K), 0.0057430 secs] [Times: user=0.03 sys=0.00, real=0.01 secs] 
2014-07-16T10:10:25.984+0000: 148.992: [GC [PSYoungGen: 175141K->680K(171648K)] 219669K->45264K(858624K), 0.0028540 secs] [Times: user=0.01 sys=0.00, real=0.01 secs] 
2014-07-16T10:10:26.637+0000: 149.645: [GC [PSYoungGen: 171624K->1136K(168704K)] 216208K->45784K(855680K), 0.0031600 secs] [Times: user=0.02 sys=0.00, real=0.00 secs] 
2014-07-16T10:10:27.225+0000: 150.233: [GC [PSYoungGen: 168649K->784K(165120K)] 213297K->45480K(852096K), 0.0043430 secs] [Times: user=0.02 sys=0.00, real=0.01 secs] 
2014-07-16T10:10:27.815+0000: 150.823: [GC [PSYoungGen: 165072K->502K(161664K)] 209768K->45278K(848640K), 0.0027770 secs] [Times: user=0.01 sys=0.00, real=0.01 secs] 
2014-07-16T10:10:28.393+0000: 151.401: [GC [PSYoungGen: 161621K->1244K(159360K)] 206398K->46100K(846336K), 0.0025540 secs] [Times: user=0.01 sys=0.01, real=0.01 secs] 
2014-07-16T10:10:28.951+0000: 151.959: [GC [PSYoungGen: 159324K->584K(155776K)] 204180K->45488K(842752K), 0.0049660 secs] [Times: user=0.03 sys=0.01, real=0.00 secs] 
2014-07-16T10:10:29.518+0000: 152.526: [GC [PSYoungGen: 155720K->626K(152896K)] 200624K->45602K(839872K), 0.0043380 secs] [Times: user=0.02 sys=0.00, real=0.00 secs] 
2014-07-16T10:10:30.065+0000: 153.073: [GC [PSYoungGen: 152882K->1158K(150656K)] 197858K->46198K(837632K), 0.0045750 secs] [Times: user=0.02 sys=0.00, real=0.01 secs] 
2014-07-16T10:10:30.586+0000: 153.595: [GC [PSYoungGen: 150598K->594K(147392K)] 195638K->45722K(834368K), 0.0037060 secs] [Times: user=0.02 sys=0.00, real=0.01 secs] 
2014-07-16T10:10:31.096+0000: 154.104: [GC [PSYoungGen: 147346K->1234K(145408K)] 192474K->46418K(832384K), 0.0041380 secs] [Times: user=0.01 sys=0.00, real=0.01 secs] 
2014-07-16T10:10:31.644+0000: 154.653: [GC [PSYoungGen: 145362K->420K(142016K)] 190546K->45652K(828992K), 0.0030240 secs] [Times: user=0.01 sys=0.00, real=0.01 secs] 
2014-07-16T10:10:32.160+0000: 155.168: [GC [PSYoungGen: 141932K->908K(140032K)] 187165K->46212K(827008K), 0.0037620 secs] [Times: user=0.02 sys=0.00, real=0.00 secs] 
2014-07-16T10:10:32.646+0000: 155.654: [GC [PSYoungGen: 139980K->498K(137152K)] 185284K->45890K(824128K), 0.0038000 secs] [Times: user=0.03 sys=0.00, real=0.01 secs] 
2014-07-16T10:10:33.133+0000: 156.142: [GC [PSYoungGen: 137096K->1016K(135360K)] 182488K->46464K(822336K), 0.0029020 secs] [Times: user=0.02 sys=0.00, real=0.00 secs] 
2014-07-16T10:10:33.610+0000: 156.619: [GC [PSYoungGen: 135352K->640K(132736K)] 180800K->46144K(819712K), 0.0035940 secs] [Times: user=0.02 sys=0.00, real=0.00 secs] 
2014-07-16T10:10:34.078+0000: 157.087: [GC [PSYoungGen: 132736K->762K(130688K)] 178240K->46362K(817664K), 0.0049370 secs] [Times: user=0.03 sys=0.00, real=0.00 secs] 
2014-07-16T10:10:34.551+0000: 157.559: [GC [PSYoungGen: 130682K->722K(128512K)] 176282K->46386K(815488K), 0.0035350 secs] [Times: user=0.01 sys=0.00, real=0.00 secs] 
2014-07-16T10:10:35.022+0000: 158.030: [GC [PSYoungGen: 128466K->672K(126336K)] 174130K->46400K(813312K), 0.0037720 secs] [Times: user=0.00 sys=0.00, real=0.00 secs] 
2014-07-16T10:10:35.467+0000: 158.475: [GC [PSYoungGen: 126298K->962K(124608K)] 172026K->46746K(811584K), 0.0071830 secs] [Times: user=0.04 sys=0.00, real=0.00 secs] 
2014-07-16T10:10:35.899+0000: 158.907: [GC [PSYoungGen: 124546K->530K(122176K)] 170330K->46370K(809152K), 0.0028600 secs] [Times: user=0.02 sys=0.00, real=0.00 secs] 
2014-07-16T10:10:36.432+0000: 159.440: [GC [PSYoungGen: 122130K->1106K(120832K)] 167970K->47050K(807808K), 0.0036280 secs] [Times: user=0.02 sys=0.00, real=0.00 secs] 
2014-07-16T10:10:36.785+0000: 159.794: [GC [PSYoungGen: 120786K->766K(144384K)] 166730K->46774K(831360K), 0.0063010 secs] [Times: user=0.03 sys=0.01, real=0.01 secs] 
2014-07-16T10:10:37.302+0000: 160.310: [GC [PSYoungGen: 144382K->930K(142016K)] 190390K->47176K(828992K), 0.0043610 secs] [Times: user=0.02 sys=0.01, real=0.00 secs] 
2014-07-16T10:10:37.814+0000: 160.822: [GC [PSYoungGen: 141986K->1004K(139648K)] 188232K->47338K(826624K), 0.0037050 secs] [Times: user=0.01 sys=0.01, real=0.00 secs] 
2014-07-16T10:10:38.305+0000: 161.313: [GC [PSYoungGen: 139628K->894K(137152K)] 185962K->47292K(824128K), 0.0065550 secs] [Times: user=0.03 sys=0.00, real=0.01 secs] 
2014-07-16T10:10:38.799+0000: 161.807: [GC [PSYoungGen: 137150K->662K(134656K)] 183548K->47124K(821632K), 0.0035220 secs] [Times: user=0.01 sys=0.00, real=0.00 secs] 
2014-07-16T10:10:39.280+0000: 162.288: [GC [PSYoungGen: 134596K->1048K(161472K)] 181058K->47574K(848448K), 0.0067130 secs] [Times: user=0.04 sys=0.00, real=0.00 secs] 
2014-07-16T10:10:39.854+0000: 162.862: [GC [PSYoungGen: 161232K->930K(158144K)] 207758K->47544K(845120K), 0.0030230 secs] [Times: user=0.01 sys=0.00, real=0.00 secs] 
2014-07-16T10:10:40.414+0000: 163.422: [GC [PSYoungGen: 158114K->502K(154752K)] 204728K->47214K(841728K), 0.0053640 secs] [Times: user=0.03 sys=0.00, real=0.01 secs] 
2014-07-16T10:10:40.962+0000: 163.970: [GC [PSYoungGen: 154742K->466K(151872K)] 201454K->47234K(838848K), 0.0032510 secs] [Times: user=0.02 sys=0.00, real=0.00 secs] 
2014-07-16T10:10:41.495+0000: 164.504: [GC [PSYoungGen: 151826K->666K(149312K)] 198594K->47466K(836288K), 0.0083370 secs] [Times: user=0.05 sys=0.01, real=0.01 secs] 
2014-07-16T10:10:42.048+0000: 165.056: [GC [PSYoungGen: 149274K->516K(146496K)] 196074K->47380K(833472K), 0.0036460 secs] [Times: user=0.02 sys=0.00, real=0.01 secs] 
2014-07-16T10:10:42.578+0000: 165.586: [GC [PSYoungGen: 146436K->848K(144192K)] 193300K->47768K(831168K), 0.0054450 secs] [Times: user=0.03 sys=0.00, real=0.00 secs] 
2014-07-16T10:10:43.096+0000: 166.104: [GC [PSYoungGen: 144111K->962K(141760K)] 191032K->47954K(828736K), 0.0042900 secs] [Times: user=0.02 sys=0.00, real=0.01 secs] 
2014-07-16T10:10:43.590+0000: 166.598: [GC [PSYoungGen: 141698K->370K(138688K)] 188690K->47386K(825664K), 0.0037660 secs] [Times: user=0.01 sys=0.00, real=0.00 secs] 
2014-07-16T10:10:44.129+0000: 167.138: [GC [PSYoungGen: 138658K->1208K(137152K)] 185674K->48288K(824128K), 0.0032410 secs] [Times: user=0.01 sys=0.00, real=0.00 secs] 
2014-07-16T10:10:44.633+0000: 167.642: [GC [PSYoungGen: 137129K->612K(134272K)] 184209K->47772K(821248K), 0.0077910 secs] [Times: user=0.03 sys=0.00, real=0.01 secs] 
2014-07-16T10:10:45.131+0000: 168.139: [GC [PSYoungGen: 134175K->1172K(132608K)] 181335K->48396K(819584K), 0.0048880 secs] [Times: user=0.02 sys=0.00, real=0.00 secs] 
2014-07-16T10:10:45.585+0000: 168.593: [GC [PSYoungGen: 132564K->1132K(130368K)] 179788K->48452K(817344K), 0.0039670 secs] [Times: user=0.02 sys=0.00, real=0.00 secs] 
2014-07-16T10:10:46.045+0000: 169.054: [GC [PSYoungGen: 130348K->580K(127744K)] 177668K->47972K(814720K), 0.0035620 secs] [Times: user=0.02 sys=0.01, real=0.01 secs] 
2014-07-16T10:10:46.696+0000: 169.704: [GC [PSYoungGen: 127684K->1220K(126336K)] 175076K->48684K(813312K), 0.0057730 secs] [Times: user=0.03 sys=0.00, real=0.01 secs] 
2014-07-16T10:10:47.078+0000: 170.086: [GC [PSYoungGen: 126226K->944K(151040K)] 173690K->48456K(838016K), 0.0089000 secs] [Times: user=0.05 sys=0.01, real=0.01 secs] 
2014-07-16T10:10:47.599+0000: 170.607: [GC [PSYoungGen: 150998K->930K(152704K)] 198510K->48506K(839680K), 0.0034910 secs] [Times: user=0.02 sys=0.00, real=0.01 secs] 
2014-07-16T10:10:48.143+0000: 171.151: [GC [PSYoungGen: 152482K->562K(149376K)] 200058K->48218K(836352K), 0.0027560 secs] [Times: user=0.01 sys=0.00, real=0.00 secs] 
2014-07-16T10:10:48.664+0000: 171.672: [GC [PSYoungGen: 149362K->448K(146560K)] 197018K->48160K(833536K), 0.0030520 secs] [Times: user=0.01 sys=0.00, real=0.00 secs] 
2014-07-16T10:10:49.177+0000: 172.186: [GC [PSYoungGen: 146560K->516K(144064K)] 194272K->48324K(831040K), 0.0025760 secs] [Times: user=0.01 sys=0.00, real=0.01 secs] 
2014-07-16T10:10:49.690+0000: 172.698: [GC [PSYoungGen: 143992K->808K(141760K)] 191800K->48680K(828736K), 0.0037680 secs] [Times: user=0.01 sys=0.00, real=0.00 secs] 
2014-07-16T10:10:50.195+0000: 173.204: [GC [PSYoungGen: 141736K->1022K(139520K)] 189608K->48942K(826496K), 0.0047180 secs] [Times: user=0.02 sys=0.01, real=0.01 secs] 
2014-07-16T10:10:50.720+0000: 173.729: [GC [PSYoungGen: 139518K->932K(137088K)] 187438K->48940K(824064K), 0.0026440 secs] [Times: user=0.01 sys=0.00, real=0.00 secs] 
2014-07-16T10:10:51.176+0000: 174.185: [GC [PSYoungGen: 137060K->708K(134592K)] 185068K->48780K(821568K), 0.0042910 secs] [Times: user=0.02 sys=0.01, real=0.01 secs] 
2014-07-16T10:10:51.771+0000: 174.779: [GC [PSYoungGen: 134532K->914K(132544K)] 182604K->49066K(819520K), 0.0046620 secs] [Times: user=0.03 sys=0.00, real=0.00 secs] 
2014-07-16T10:10:52.158+0000: 175.167: [GC [PSYoungGen: 132498K->658K(130112K)] 180650K->48914K(817088K), 0.0054510 secs] [Times: user=0.03 sys=0.00, real=0.01 secs] 
2014-07-16T10:10:52.635+0000: 175.644: [GC [PSYoungGen: 130066K->914K(128256K)] 178322K->49242K(815232K), 0.0032250 secs] [Times: user=0.01 sys=0.00, real=0.00 secs] 
2014-07-16T10:10:53.065+0000: 176.073: [GC [PSYoungGen: 128210K->972K(126272K)] 176538K->49348K(813248K), 0.0049670 secs] [Times: user=0.02 sys=0.00, real=0.00 secs] 
2014-07-16T10:10:53.501+0000: 176.509: [GC [PSYoungGen: 126192K->758K(123968K)] 174568K->49304K(810944K), 0.0027070 secs] [Times: user=0.01 sys=0.00, real=0.00 secs] 
2014-07-16T10:10:53.945+0000: 176.953: [GC [PSYoungGen: 123958K->786K(122048K)] 172504K->49446K(809024K), 0.0030340 secs] [Times: user=0.02 sys=0.00, real=0.01 secs] 
2014-07-16T10:10:54.382+0000: 177.390: [GC [PSYoungGen: 121917K->936K(120256K)] 170577K->49700K(807232K), 0.0041070 secs] [Times: user=0.02 sys=0.01, real=0.00 secs] 
2014-07-16T10:10:54.815+0000: 177.824: [GC [PSYoungGen: 120232K->448K(117888K)] 168996K->49268K(804864K), 0.0040040 secs] [Times: user=0.03 sys=0.00, real=0.00 secs] 
2014-07-16T10:10:55.228+0000: 178.236: [GC [PSYoungGen: 117888K->866K(116544K)] 166708K->49734K(803520K), 0.0052280 secs] [Times: user=0.03 sys=0.00, real=0.01 secs] 
2014-07-16T10:10:55.644+0000: 178.653: [GC [PSYoungGen: 116514K->548K(139392K)] 165382K->49480K(826368K), 0.0088190 secs] [Times: user=0.06 sys=0.00, real=0.01 secs] 
2014-07-16T10:10:56.156+0000: 179.165: [GC [PSYoungGen: 139364K->880K(143040K)] 188296K->49860K(830016K), 0.0037160 secs] [Times: user=0.02 sys=0.00, real=0.01 secs] 
2014-07-16T10:10:56.776+0000: 179.785: [GC [PSYoungGen: 142768K->1138K(140544K)] 191748K->50190K(827520K), 0.0027230 secs] [Times: user=0.02 sys=0.00, real=0.00 secs] 
2014-07-16T10:10:57.244+0000: 180.252: [GC [PSYoungGen: 140530K->192K(141888K)] 189582K->49766K(828864K), 0.0072110 secs] [Times: user=0.04 sys=0.00, real=0.01 secs] 
2014-07-16T10:10:57.729+0000: 180.737: [GC [PSYoungGen: 141888K->762K(143040K)] 191462K->50376K(830016K), 0.0063520 secs] [Times: user=0.03 sys=0.00, real=0.01 secs] 
2014-07-16T10:10:58.243+0000: 181.251: [GC [PSYoungGen: 142445K->648K(171328K)] 192059K->50618K(858304K), 0.0036110 secs] [Times: user=0.02 sys=0.01, real=0.00 secs] 
2014-07-16T10:10:58.855+0000: 181.863: [GC [PSYoungGen: 170674K->1144K(167872K)] 220645K->51178K(854848K), 0.0033760 secs] [Times: user=0.01 sys=0.00, real=0.00 secs] 
2014-07-16T10:10:59.447+0000: 182.455: [GC [PSYoungGen: 167838K->192K(163648K)] 217873K->50840K(850624K), 0.0025830 secs] [Times: user=0.02 sys=0.00, real=0.00 secs] 
2014-07-16T10:11:00.035+0000: 183.043: [GC [PSYoungGen: 163648K->1062K(161408K)] 214296K->51774K(848384K), 0.0049410 secs] [Times: user=0.03 sys=0.01, real=0.00 secs] 
2014-07-16T10:11:00.607+0000: 183.615: [GC [PSYoungGen: 161382K->800K(158080K)] 212094K->52100K(845056K), 0.0045630 secs] [Times: user=0.01 sys=0.00, real=0.01 secs] 
2014-07-16T10:11:01.182+0000: 184.190: [GC [PSYoungGen: 158048K->844K(155200K)] 209348K->52208K(842176K), 0.0052290 secs] [Times: user=0.03 sys=0.00, real=0.00 secs] 
2014-07-16T10:11:01.733+0000: 184.742: [GC [PSYoungGen: 155148K->516K(152000K)] 206512K->51920K(838976K), 0.0074060 secs] [Times: user=0.03 sys=0.01, real=0.00 secs] 
2014-07-16T10:11:02.281+0000: 185.289: [GC [PSYoungGen: 151896K->808K(149504K)] 203301K->52284K(836480K), 0.0027840 secs] [Times: user=0.02 sys=0.00, real=0.01 secs] 
2014-07-16T10:11:02.822+0000: 185.830: [GC [PSYoungGen: 149480K->694K(146688K)] 200956K->52242K(833664K), 0.0034880 secs] [Times: user=0.02 sys=0.01, real=0.00 secs] 
2014-07-16T10:11:03.354+0000: 186.363: [GC [PSYoungGen: 146678K->1062K(144448K)] 198226K->52682K(831424K), 0.0037580 secs] [Times: user=0.01 sys=0.00, real=0.00 secs] 
2014-07-16T10:11:03.869+0000: 186.877: [GC [PSYoungGen: 144420K->576K(141376K)] 196041K->52316K(828352K), 0.0052400 secs] [Times: user=0.03 sys=0.00, real=0.01 secs] 
2014-07-16T10:11:04.363+0000: 187.372: [GC [PSYoungGen: 141376K->626K(139008K)] 193116K->52438K(825984K), 0.0052140 secs] [Times: user=0.03 sys=0.00, real=0.00 secs] 
2014-07-16T10:11:04.864+0000: 187.873: [GC [PSYoungGen: 138993K->658K(136704K)] 190806K->52558K(823680K), 0.0034330 secs] [Times: user=0.01 sys=0.00, real=0.00 secs] 
2014-07-16T10:11:05.372+0000: 188.381: [GC [PSYoungGen: 136658K->576K(134272K)] 188558K->52516K(821248K), 0.0074580 secs] [Times: user=0.03 sys=0.00, real=0.00 secs] 
2014-07-16T10:11:05.852+0000: 188.860: [GC [PSYoungGen: 134272K->384K(131840K)] 186212K->52364K(818816K), 0.0041260 secs] [Times: user=0.02 sys=0.01, real=0.01 secs] 
2014-07-16T10:11:06.328+0000: 189.336: [GC [PSYoungGen: 131840K->626K(158400K)] 183820K->52670K(845376K), 0.0080560 secs] [Times: user=0.05 sys=0.00, real=0.01 secs] 
2014-07-16T10:11:06.967+0000: 189.976: [GC [PSYoungGen: 158358K->1200K(156032K)] 210403K->53490K(843008K), 0.0039380 secs] [Times: user=0.03 sys=0.00, real=0.00 secs] 
2014-07-16T10:11:07.437+0000: 190.445: [GC [PSYoungGen: 155981K->466K(152448K)] 208272K->52820K(839424K), 0.0033960 secs] [Times: user=0.01 sys=0.00, real=0.00 secs] 
2014-07-16T10:11:07.980+0000: 190.989: [GC [PSYoungGen: 152402K->480K(149632K)] 204756K->52890K(836608K), 0.0036540 secs] [Times: user=0.02 sys=0.00, real=0.01 secs] 
2014-07-16T10:11:08.516+0000: 191.524: [GC [PSYoungGen: 149600K->402K(146880K)] 202010K->52844K(833856K), 0.0039210 secs] [Times: user=0.01 sys=0.00, real=0.00 secs] 
2014-07-16T10:11:09.050+0000: 192.059: [GC [PSYoungGen: 146834K->844K(144704K)] 199276K->53310K(831680K), 0.0070290 secs] [Times: user=0.03 sys=0.00, real=0.02 secs] 
2014-07-16T10:11:09.561+0000: 192.569: [GC [PSYoungGen: 144627K->944K(142208K)] 197093K->53498K(829184K), 0.0027330 secs] [Times: user=0.02 sys=0.00, real=0.01 secs] 
2014-07-16T10:11:10.077+0000: 193.085: [GC [PSYoungGen: 142153K->866K(139648K)] 194708K->53484K(826624K), 0.0049870 secs] [Times: user=0.03 sys=0.00, real=0.00 secs] 
2014-07-16T10:11:10.595+0000: 193.603: [GC [PSYoungGen: 139583K->958K(159616K)] 192202K->53656K(846592K), 0.0105920 secs] [Times: user=0.06 sys=0.00, real=0.01 secs] 
2014-07-16T10:11:11.156+0000: 194.165: [GC [PSYoungGen: 159166K->872K(156096K)] 211864K->53642K(843072K), 0.0028830 secs] [Times: user=0.02 sys=0.00, real=0.00 secs] 
2014-07-16T10:11:11.710+0000: 194.718: [GC [PSYoungGen: 156072K->844K(153216K)] 208842K->53718K(840192K), 0.0032090 secs] [Times: user=0.01 sys=0.00, real=0.01 secs] 
2014-07-16T10:11:12.274+0000: 195.283: [GC [PSYoungGen: 153164K->598K(150144K)] 206038K->53560K(837120K), 0.0029530 secs] [Times: user=0.02 sys=0.01, real=0.00 secs] 
2014-07-16T10:11:12.804+0000: 195.813: [GC [PSYoungGen: 150102K->1022K(147840K)] 203064K->54056K(834816K), 0.0034720 secs] [Times: user=0.01 sys=0.00, real=0.00 secs] 
2014-07-16T10:11:13.336+0000: 196.345: [GC [PSYoungGen: 147797K->658K(144896K)] 200832K->53780K(831872K), 0.0052750 secs] [Times: user=0.03 sys=0.00, real=0.00 secs] 
2014-07-16T10:11:13.855+0000: 196.864: [GC [PSYoungGen: 144850K->876K(142528K)] 197972K->54070K(829504K), 0.0039750 secs] [Times: user=0.02 sys=0.00, real=0.00 secs] 
2014-07-16T10:11:14.348+0000: 197.356: [GC [PSYoungGen: 142508K->466K(139648K)] 195702K->53716K(826624K), 0.0033040 secs] [Times: user=0.02 sys=0.00, real=0.00 secs] 
2014-07-16T10:11:14.859+0000: 197.867: [GC [PSYoungGen: 139602K->1126K(137856K)] 192852K->54432K(824832K), 0.0053360 secs] [Times: user=0.03 sys=0.01, real=0.01 secs] 
2014-07-16T10:11:15.342+0000: 198.350: [GC [PSYoungGen: 137830K->648K(135040K)] 191136K->54018K(822016K), 0.0046450 secs] [Times: user=0.03 sys=0.00, real=0.01 secs] 
2014-07-16T10:11:15.833+0000: 198.841: [GC [PSYoungGen: 134984K->658K(132800K)] 188354K->54092K(819776K), 0.0042850 secs] [Times: user=0.02 sys=0.00, real=0.01 secs] 
2014-07-16T10:11:16.300+0000: 199.308: [GC [PSYoungGen: 132754K->780K(130752K)] 186188K->54302K(817728K), 0.0052990 secs] [Times: user=0.03 sys=0.00, real=0.01 secs] 
2014-07-16T10:11:16.780+0000: 199.789: [GC [PSYoungGen: 130700K->922K(128704K)] 184222K->54524K(815680K), 0.0029090 secs] [Times: user=0.01 sys=0.00, real=0.00 secs] 
2014-07-16T10:11:17.294+0000: 200.303: [GC [PSYoungGen: 128666K->830K(126464K)] 182268K->54810K(813440K), 0.0080510 secs] [Times: user=0.05 sys=0.01, real=0.00 secs] 
2014-07-16T10:11:17.725+0000: 200.733: [GC [PSYoungGen: 126382K->890K(151680K)] 180363K->54950K(838656K), 0.0086580 secs] [Times: user=0.04 sys=0.00, real=0.00 secs] 
2014-07-16T10:11:18.253+0000: 201.261: [GC [PSYoungGen: 151649K->858K(160448K)] 205710K->54998K(847424K), 0.0027460 secs] [Times: user=0.01 sys=0.00, real=0.01 secs] 
2014-07-16T10:11:18.842+0000: 201.850: [GC [PSYoungGen: 160154K->694K(156992K)] 214294K->54930K(843968K), 0.0046150 secs] [Times: user=0.02 sys=0.00, real=0.01 secs] 
2014-07-16T10:11:19.418+0000: 202.427: [GC [PSYoungGen: 156982K->684K(154048K)] 211218K->55000K(841024K), 0.0029200 secs] [Times: user=0.01 sys=0.00, real=0.00 secs] 
2014-07-16T10:11:19.976+0000: 202.985: [GC [PSYoungGen: 154028K->658K(151232K)] 208344K->55046K(838208K), 0.0067950 secs] [Times: user=0.04 sys=0.00, real=0.00 secs] 
2014-07-16T10:11:20.512+0000: 203.520: [GC [PSYoungGen: 151186K->644K(148480K)] 205574K->55136K(835456K), 0.0048290 secs] [Times: user=0.02 sys=0.00, real=0.01 secs] 
2014-07-16T10:11:21.048+0000: 204.056: [GC [PSYoungGen: 148420K->402K(145536K)] 202912K->54926K(832512K), 0.0068220 secs] [Times: user=0.03 sys=0.00, real=0.01 secs] 
2014-07-16T10:11:21.571+0000: 204.579: [GC [PSYoungGen: 145490K->844K(143424K)] 200014K->55448K(830400K), 0.0048550 secs] [Times: user=0.02 sys=0.00, real=0.01 secs] 
2014-07-16T10:11:22.179+0000: 205.188: [GC [PSYoungGen: 143341K->1264K(141312K)] 197946K->55940K(828288K), 0.0040970 secs] [Times: user=0.03 sys=0.00, real=0.00 secs] 
2014-07-16T10:11:22.591+0000: 205.599: [GC [PSYoungGen: 141296K->434K(156288K)] 195972K->55333K(843264K), 0.0059650 secs] [Times: user=0.03 sys=0.00, real=0.01 secs] 
2014-07-16T10:11:23.161+0000: 206.169: [GC [PSYoungGen: 156274K->808K(153792K)] 211173K->55771K(840768K), 0.0039570 secs] [Times: user=0.01 sys=0.00, real=0.01 secs] 
2014-07-16T10:11:23.709+0000: 206.718: [GC [PSYoungGen: 153768K->630K(150784K)] 208731K->56013K(837760K), 0.0022300 secs] [Times: user=0.01 sys=0.00, real=0.00 secs] 
2014-07-16T10:11:24.255+0000: 207.264: [GC [PSYoungGen: 150774K->448K(147840K)] 206157K->55903K(834816K), 0.0043300 secs] [Times: user=0.03 sys=0.00, real=0.00 secs] 
2014-07-16T10:11:24.785+0000: 207.794: [GC [PSYoungGen: 147840K->1380K(146176K)] 203295K->57053K(833152K), 0.0070220 secs] [Times: user=0.04 sys=0.00, real=0.00 secs] 
2014-07-16T10:11:25.299+0000: 208.307: [GC [PSYoungGen: 146129K->926K(143168K)] 201802K->56695K(830144K), 0.0042460 secs] [Times: user=0.02 sys=0.00, real=0.00 secs] 
2014-07-16T10:11:25.814+0000: 208.823: [GC [PSYoungGen: 143134K->826K(140544K)] 198903K->56699K(827520K), 0.0030730 secs] [Times: user=0.01 sys=0.01, real=0.01 secs] 
2014-07-16T10:11:26.338+0000: 209.346: [GC [PSYoungGen: 140538K->1306K(138624K)] 196411K->57283K(825600K), 0.0059500 secs] [Times: user=0.02 sys=0.00, real=0.00 secs] 
2014-07-16T10:11:26.834+0000: 209.843: [GC [PSYoungGen: 138586K->676K(135616K)] 194563K->56749K(822592K), 0.0039460 secs] [Times: user=0.02 sys=0.00, real=0.01 secs] 
2014-07-16T10:11:27.384+0000: 210.393: [GC [PSYoungGen: 135548K->1140K(133760K)] 191622K->57301K(820736K), 0.0044180 secs] [Times: user=0.01 sys=0.00, real=0.01 secs] 
2014-07-16T10:11:27.826+0000: 210.834: [GC [PSYoungGen: 133748K->480K(130880K)] 189909K->56697K(817856K), 0.0058100 secs] [Times: user=0.01 sys=0.01, real=0.00 secs] 
2014-07-16T10:11:28.303+0000: 211.311: [GC [PSYoungGen: 130841K->662K(151040K)] 187058K->56935K(838016K), 0.0084620 secs] [Times: user=0.04 sys=0.01, real=0.01 secs] 
2014-07-16T10:11:28.844+0000: 211.853: [GC [PSYoungGen: 150102K->880K(147648K)] 206375K->57249K(834624K), 0.0026520 secs] [Times: user=0.01 sys=0.00, real=0.01 secs] 
2014-07-16T10:11:29.374+0000: 212.382: [GC [PSYoungGen: 147621K->798K(144960K)] 203990K->57263K(831936K), 0.0027610 secs] [Times: user=0.01 sys=0.01, real=0.01 secs] 
2014-07-16T10:11:29.900+0000: 212.908: [GC [PSYoungGen: 144926K->762K(142336K)] 201391K->57299K(829312K), 0.0066180 secs] [Times: user=0.03 sys=0.01, real=0.01 secs] 
2014-07-16T10:11:30.407+0000: 213.415: [GC [PSYoungGen: 142330K->320K(139392K)] 198867K->56897K(826368K), 0.0046120 secs] [Times: user=0.02 sys=0.00, real=0.00 secs] 
2014-07-16T10:11:30.915+0000: 213.923: [GC [PSYoungGen: 139392K->880K(137536K)] 195969K->57513K(824512K), 0.0055480 secs] [Times: user=0.03 sys=0.00, real=0.01 secs] 
2014-07-16T10:11:31.399+0000: 214.408: [GC [PSYoungGen: 137518K->876K(135232K)] 194152K->57565K(822208K), 0.0040380 secs] [Times: user=0.01 sys=0.00, real=0.00 secs] 
2014-07-16T10:11:31.882+0000: 214.890: [GC [PSYoungGen: 135212K->922K(153984K)] 191901K->57699K(840960K), 0.0064430 secs] [Times: user=0.04 sys=0.00, real=0.01 secs] 
2014-07-16T10:11:32.464+0000: 215.473: [GC [PSYoungGen: 153817K->608K(150720K)] 210594K->57457K(837696K), 0.0048240 secs] [Times: user=0.02 sys=0.00, real=0.01 secs] 
2014-07-16T10:11:33.008+0000: 216.016: [GC [PSYoungGen: 150688K->826K(148160K)] 207537K->57881K(835136K), 0.0038340 secs] [Times: user=0.01 sys=0.00, real=0.00 secs] 
2014-07-16T10:11:33.526+0000: 216.534: [GC [PSYoungGen: 148154K->1390K(146112K)] 205209K->58625K(833088K), 0.0039560 secs] [Times: user=0.01 sys=0.00, real=0.01 secs] 
2014-07-16T10:11:34.038+0000: 217.046: [GC [PSYoungGen: 146094K->548K(142720K)] 203329K->57855K(829696K), 0.0041940 secs] [Times: user=0.02 sys=0.00, real=0.00 secs] 
2014-07-16T10:11:34.556+0000: 217.564: [GC [PSYoungGen: 142666K->680K(140352K)] 199974K->58035K(827328K), 0.0044980 secs] [Times: user=0.01 sys=0.00, real=0.00 secs] 
2014-07-16T10:11:35.078+0000: 218.086: [GC [PSYoungGen: 140328K->580K(137856K)] 197683K->58015K(824832K), 0.0033960 secs] [Times: user=0.02 sys=0.00, real=0.00 secs] 
2014-07-16T10:11:35.576+0000: 218.584: [GC [PSYoungGen: 137758K->690K(135552K)] 195193K->58205K(822528K), 0.0034830 secs] [Times: user=0.02 sys=0.00, real=0.01 secs] 
2014-07-16T10:11:36.058+0000: 219.066: [GC [PSYoungGen: 135514K->1440K(134016K)] 193029K->59011K(820992K), 0.0068180 secs] [Times: user=0.03 sys=0.00, real=0.00 secs] 
2014-07-16T10:11:36.529+0000: 219.537: [GC [PSYoungGen: 133910K->612K(130944K)] 191481K->58223K(817920K), 0.0045810 secs] [Times: user=0.01 sys=0.00, real=0.00 secs] 
2014-07-16T10:11:37.013+0000: 220.021: [GC [PSYoungGen: 130916K->1122K(129280K)] 188527K->59105K(816256K), 0.0055380 secs] [Times: user=0.01 sys=0.00, real=0.01 secs] 
2014-07-16T10:11:37.549+0000: 220.557: [GC [PSYoungGen: 129250K->1368K(127424K)] 187233K->59489K(814400K), 0.0029010 secs] [Times: user=0.01 sys=0.00, real=0.00 secs] 
2014-07-16T10:11:37.983+0000: 220.991: [GC [PSYoungGen: 127384K->836K(124864K)] 185505K->59029K(811840K), 0.0054800 secs] [Times: user=0.03 sys=0.01, real=0.01 secs] 
2014-07-16T10:11:38.429+0000: 221.437: [GC [PSYoungGen: 124772K->480K(147072K)] 182966K->58745K(834048K), 0.0075830 secs] [Times: user=0.04 sys=0.00, real=0.00 secs] 
2014-07-16T10:11:38.954+0000: 221.962: [GC [PSYoungGen: 145760K->844K(150656K)] 204025K->59181K(837632K), 0.0046030 secs] [Times: user=0.02 sys=0.00, real=0.01 secs] 
2014-07-16T10:11:39.484+0000: 222.493: [GC [PSYoungGen: 149705K->944K(150592K)] 208043K->59361K(837568K), 0.0050640 secs] [Times: user=0.03 sys=0.00, real=0.01 secs] 
2014-07-16T10:11:40.019+0000: 223.027: [GC [PSYoungGen: 149808K->512K(146688K)] 208225K->58993K(833664K), 0.0029130 secs] [Times: user=0.02 sys=0.00, real=0.00 secs] 
2014-07-16T10:11:40.552+0000: 223.561: [GC [PSYoungGen: 146687K->954K(144512K)] 205169K->59507K(831488K), 0.0031530 secs] [Times: user=0.01 sys=0.01, real=0.00 secs] 
2014-07-16T10:11:41.081+0000: 224.089: [GC [PSYoungGen: 144506K->944K(141952K)] 203059K->59577K(828928K), 0.0040170 secs] [Times: user=0.02 sys=0.00, real=0.00 secs] 
2014-07-16T10:11:41.576+0000: 224.584: [GC [PSYoungGen: 141924K->1208K(139776K)] 200558K->59921K(826752K), 0.0059920 secs] [Times: user=0.03 sys=0.01, real=0.01 secs] 
2014-07-16T10:11:42.070+0000: 225.078: [GC [PSYoungGen: 139768K->826K(137024K)] 198481K->59619K(824000K), 0.0048550 secs] [Times: user=0.03 sys=0.00, real=0.00 secs] 
2014-07-16T10:11:42.648+0000: 225.656: [GC [PSYoungGen: 137018K->626K(134528K)] 195811K->59475K(821504K), 0.0029550 secs] [Times: user=0.01 sys=0.00, real=0.00 secs] 
2014-07-16T10:11:43.133+0000: 226.141: [GC [PSYoungGen: 134514K->1008K(132672K)] 193363K->59929K(819648K), 0.0056840 secs] [Times: user=0.04 sys=0.00, real=0.01 secs] 
2014-07-16T10:11:43.598+0000: 226.607: [GC [PSYoungGen: 132656K->1080K(130560K)] 191577K->60081K(817536K), 0.0037990 secs] [Times: user=0.02 sys=0.00, real=0.00 secs] 
2014-07-16T10:11:44.062+0000: 227.071: [GC [PSYoungGen: 130552K->726K(128128K)] 189553K->59807K(815104K), 0.0038730 secs] [Times: user=0.02 sys=0.00, real=0.00 secs] 
2014-07-16T10:11:44.517+0000: 227.525: [GC [PSYoungGen: 128086K->448K(125760K)] 187167K->59617K(812736K), 0.0064980 secs] [Times: user=0.03 sys=0.00, real=0.01 secs] 
2014-07-16T10:11:44.985+0000: 227.993: [GC [PSYoungGen: 125760K->1336K(124608K)] 184929K->60585K(811584K), 0.0026650 secs] [Times: user=0.00 sys=0.01, real=0.01 secs] 
2014-07-16T10:11:45.417+0000: 228.426: [GC [PSYoungGen: 124599K->704K(121984K)] 183849K->60025K(808960K), 0.0030610 secs] [Times: user=0.02 sys=0.00, real=0.01 secs] 
2014-07-16T10:11:45.846+0000: 228.854: [GC [PSYoungGen: 121984K->676K(120064K)] 181305K->60085K(807040K), 0.0042560 secs] [Times: user=0.03 sys=0.00, real=0.01 secs] 
2014-07-16T10:11:46.266+0000: 229.275: [GC [PSYoungGen: 120033K->1076K(118592K)] 179442K->60565K(805568K), 0.0031620 secs] [Times: user=0.02 sys=0.00, real=0.01 secs] 
2014-07-16T10:11:46.697+0000: 229.705: [GC [PSYoungGen: 118580K->566K(116288K)] 178069K->60119K(803264K), 0.0037400 secs] [Times: user=0.02 sys=0.00, real=0.01 secs] 
2014-07-16T10:11:47.121+0000: 230.129: [GC [PSYoungGen: 116278K->876K(114816K)] 175831K->60509K(801792K), 0.0048510 secs] [Times: user=0.03 sys=0.00, real=0.00 secs] 
2014-07-16T10:11:47.607+0000: 230.615: [GC [PSYoungGen: 114796K->786K(113024K)] 174429K->60507K(800000K), 0.0025420 secs] [Times: user=0.02 sys=0.00, real=0.01 secs] 
2014-07-16T10:11:47.995+0000: 231.003: [GC [PSYoungGen: 112978K->562K(111104K)] 172699K->60347K(798080K), 0.0037360 secs] [Times: user=0.01 sys=0.00, real=0.01 secs] 
2014-07-16T10:11:48.399+0000: 231.408: [GC [PSYoungGen: 111090K->676K(109632K)] 170875K->60533K(796608K), 0.0056530 secs] [Times: user=0.03 sys=0.00, real=0.00 secs] 
2014-07-16T10:11:48.791+0000: 231.799: [GC [PSYoungGen: 109591K->630K(107968K)] 169448K->60543K(794944K), 0.0045080 secs] [Times: user=0.02 sys=0.00, real=0.00 secs] 
2014-07-16T10:11:49.179+0000: 232.188: [GC [PSYoungGen: 107958K->826K(106624K)] 167871K->60835K(793600K), 0.0040260 secs] [Times: user=0.02 sys=0.00, real=0.00 secs] 
2014-07-16T10:11:49.555+0000: 232.563: [GC [PSYoungGen: 106618K->594K(104896K)] 166627K->60683K(791872K), 0.0028530 secs] [Times: user=0.01 sys=0.00, real=0.00 secs] 
2014-07-16T10:11:49.927+0000: 232.936: [GC [PSYoungGen: 104850K->858K(103680K)] 164939K->61027K(790656K), 0.0031860 secs] [Times: user=0.01 sys=0.00, real=0.01 secs] 
2014-07-16T10:11:50.282+0000: 233.290: [GC [PSYoungGen: 103641K->948K(102336K)] 163811K->61173K(789312K), 0.0046930 secs] [Times: user=0.02 sys=0.00, real=0.00 secs] 
2014-07-16T10:11:50.643+0000: 233.651: [GC [PSYoungGen: 102289K->640K(100608K)] 162514K->60969K(787584K), 0.0031790 secs] [Times: user=0.02 sys=0.00, real=0.00 secs] 
2014-07-16T10:11:50.998+0000: 234.007: [GC [PSYoungGen: 100606K->480K(99136K)] 160935K->60873K(786112K), 0.0030210 secs] [Times: user=0.01 sys=0.00, real=0.01 secs] 
2014-07-16T10:11:51.354+0000: 234.363: [GC [PSYoungGen: 99103K->954K(98240K)] 159497K->61403K(785216K), 0.0028660 secs] [Times: user=0.01 sys=0.01, real=0.00 secs] 
2014-07-16T10:11:51.698+0000: 234.707: [GC [PSYoungGen: 98234K->548K(117312K)] 158683K->61061K(804288K), 0.0085080 secs] [Times: user=0.05 sys=0.00, real=0.01 secs] 
2014-07-16T10:11:52.115+0000: 235.123: [GC [PSYoungGen: 117262K->1180K(141312K)] 177775K->61757K(828288K), 0.0049310 secs] [Times: user=0.03 sys=0.00, real=0.01 secs] 
2014-07-16T10:11:52.699+0000: 235.708: [GC [PSYoungGen: 141276K->676K(162752K)] 201853K->61309K(849728K), 0.0042050 secs] [Times: user=0.01 sys=0.00, real=0.00 secs] 
2014-07-16T10:11:53.283+0000: 236.291: [GC [PSYoungGen: 162016K->640K(169472K)] 222649K->61353K(856448K), 0.0068380 secs] [Times: user=0.04 sys=0.01, real=0.01 secs] 
2014-07-16T10:11:53.889+0000: 236.898: [GC [PSYoungGen: 168768K->1086K(165952K)] 229481K->61847K(852928K), 0.0041290 secs] [Times: user=0.02 sys=0.00, real=0.00 secs] 
2014-07-16T10:11:54.490+0000: 237.498: [GC [PSYoungGen: 165950K->296K(161984K)] 226711K->61451K(848960K), 0.0041730 secs] [Times: user=0.02 sys=0.00, real=0.00 secs] 
2014-07-16T10:11:55.057+0000: 238.065: [GC [PSYoungGen: 161960K->1340K(159936K)] 223115K->62765K(846912K), 0.0055760 secs] [Times: user=0.01 sys=0.00, real=0.01 secs] 
2014-07-16T10:11:55.628+0000: 238.636: [GC [PSYoungGen: 159932K->530K(156160K)] 221357K->62525K(843136K), 0.0051290 secs] [Times: user=0.03 sys=0.00, real=0.01 secs] 
2014-07-16T10:11:56.190+0000: 239.198: [GC [PSYoungGen: 156114K->966K(153728K)] 218109K->63067K(840704K), 0.0074130 secs] [Times: user=0.04 sys=0.00, real=0.00 secs] 
2014-07-16T10:11:56.763+0000: 239.771: [GC [PSYoungGen: 153622K->1104K(151040K)] 215724K->63277K(838016K), 0.0031890 secs] [Times: user=0.02 sys=0.00, real=0.00 secs] 
2014-07-16T10:11:57.296+0000: 240.304: [GC [PSYoungGen: 150992K->530K(147712K)] 213165K->62815K(834688K), 0.0057430 secs] [Times: user=0.03 sys=0.00, real=0.01 secs] 
2014-07-16T10:11:57.850+0000: 240.858: [GC [PSYoungGen: 147665K->822K(145344K)] 209951K->63171K(832320K), 0.0046570 secs] [Times: user=0.02 sys=0.01, real=0.01 secs] 
2014-07-16T10:11:58.353+0000: 241.362: [GC [PSYoungGen: 145277K->676K(142656K)] 207627K->63105K(829632K), 0.0042990 secs] [Times: user=0.02 sys=0.00, real=0.00 secs] 
2014-07-16T10:11:58.857+0000: 241.866: [GC [PSYoungGen: 142628K->898K(140416K)] 205057K->63399K(827392K), 0.0057580 secs] [Times: user=0.03 sys=0.00, real=0.01 secs] 
2014-07-16T10:11:59.368+0000: 242.377: [GC [PSYoungGen: 140354K->484K(137536K)] 202855K->63049K(824512K), 0.0066160 secs] [Times: user=0.03 sys=0.00, real=0.01 secs] 
2014-07-16T10:11:59.856+0000: 242.865: [GC [PSYoungGen: 137474K->708K(162432K)] 200039K->63353K(849408K), 0.0055970 secs] [Times: user=0.04 sys=0.00, real=0.01 secs] 
2014-07-16T10:12:00.433+0000: 243.441: [GC [PSYoungGen: 161668K->716K(158656K)] 224313K->63417K(845632K), 0.0032180 secs] [Times: user=0.01 sys=0.00, real=0.00 secs] 
2014-07-16T10:12:01.009+0000: 244.018: [GC [PSYoungGen: 158604K->694K(155648K)] 221305K->63579K(842624K), 0.0068540 secs] [Times: user=0.03 sys=0.00, real=0.01 secs] 
2014-07-16T10:12:01.564+0000: 244.572: [GC [PSYoungGen: 155638K->448K(152512K)] 218523K->63413K(839488K), 0.0027270 secs] [Times: user=0.01 sys=0.00, real=0.00 secs] 
2014-07-16T10:12:02.097+0000: 245.105: [GC [PSYoungGen: 152511K->1212K(150464K)] 215477K->64225K(837440K), 0.0054150 secs] [Times: user=0.02 sys=0.00, real=0.01 secs] 
2014-07-16T10:12:02.717+0000: 245.726: [GC [PSYoungGen: 150460K->1042K(147648K)] 213473K->64127K(834624K), 0.0049560 secs] [Times: user=0.02 sys=0.00, real=0.01 secs] 
2014-07-16T10:12:03.182+0000: 246.190: [GC [PSYoungGen: 147602K->676K(144640K)] 210687K->63825K(831616K), 0.0042840 secs] [Times: user=0.03 sys=0.00, real=0.00 secs] 
2014-07-16T10:12:03.673+0000: 246.681: [GC [PSYoungGen: 144612K->1026K(142464K)] 207761K->64255K(829440K), 0.0069470 secs] [Times: user=0.03 sys=0.00, real=0.00 secs] 
2014-07-16T10:12:04.188+0000: 247.196: [GC [PSYoungGen: 142402K->1004K(158400K)] 205631K->64289K(845376K), 0.0087560 secs] [Times: user=0.05 sys=0.00, real=0.01 secs] 
2014-07-16T10:12:04.745+0000: 247.753: [GC [PSYoungGen: 158188K->972K(155264K)] 221473K->64337K(842240K), 0.0028710 secs] [Times: user=0.01 sys=0.01, real=0.00 secs] 
2014-07-16T10:12:05.299+0000: 248.308: [GC [PSYoungGen: 155184K->512K(151872K)] 218550K->64079K(838848K), 0.0053060 secs] [Times: user=0.02 sys=0.00, real=0.01 secs] 
2014-07-16T10:12:05.840+0000: 248.848: [GC [PSYoungGen: 151827K->1216K(157312K)] 215394K->64815K(844288K), 0.0064330 secs] [Times: user=0.04 sys=0.00, real=0.01 secs] 
2014-07-16T10:12:06.402+0000: 249.410: [GC [PSYoungGen: 157120K->1004K(154048K)] 220719K->64849K(841024K), 0.0046100 secs] [Times: user=0.03 sys=0.00, real=0.00 secs] 
2014-07-16T10:12:06.971+0000: 249.980: [GC [PSYoungGen: 154028K->876K(151104K)] 217873K->64769K(838080K), 0.0052290 secs] [Times: user=0.02 sys=0.00, real=0.00 secs] 
2014-07-16T10:12:07.485+0000: 250.494: [GC [PSYoungGen: 151019K->1084K(148544K)] 214913K->65307K(835520K), 0.0037570 secs] [Times: user=0.02 sys=0.00, real=0.00 secs] 
2014-07-16T10:12:08.029+0000: 251.037: [GC [PSYoungGen: 148539K->1222K(146112K)] 212763K->65509K(833088K), 0.0033000 secs] [Times: user=0.02 sys=0.00, real=0.01 secs] 
2014-07-16T10:12:08.529+0000: 251.538: [GC [PSYoungGen: 146054K->694K(142976K)] 210341K->65061K(829952K), 0.0075350 secs] [Times: user=0.04 sys=0.00, real=0.01 secs] 
2014-07-16T10:12:09.050+0000: 252.058: [GC [PSYoungGen: 142966K->1036K(140864K)] 207333K->65475K(827840K), 0.0052930 secs] [Times: user=0.03 sys=0.00, real=0.01 secs] 
2014-07-16T10:12:09.549+0000: 252.558: [GC [PSYoungGen: 140797K->822K(138176K)] 205237K->65357K(825152K), 0.0048990 secs] [Times: user=0.02 sys=0.00, real=0.01 secs] 
2014-07-16T10:12:10.033+0000: 253.042: [GC [PSYoungGen: 138166K->498K(135488K)] 202701K->65121K(822464K), 0.0034340 secs] [Times: user=0.01 sys=0.01, real=0.00 secs] 
2014-07-16T10:12:10.521+0000: 253.529: [GC [PSYoungGen: 135474K->670K(133376K)] 200097K->65325K(820352K), 0.0029410 secs] [Times: user=0.01 sys=0.00, real=0.01 secs] 
2014-07-16T10:12:11.001+0000: 254.010: [GC [PSYoungGen: 133285K->680K(131136K)] 197941K->65415K(818112K), 0.0026140 secs] [Times: user=0.01 sys=0.01, real=0.01 secs] 
2014-07-16T10:12:11.463+0000: 254.472: [GC [PSYoungGen: 131112K->384K(128640K)] 195847K->65183K(815616K), 0.0037040 secs] [Times: user=0.02 sys=0.00, real=0.00 secs] 
2014-07-16T10:12:11.913+0000: 254.921: [GC [PSYoungGen: 128639K->1026K(127232K)] 193438K->65937K(814208K), 0.0036480 secs] [Times: user=0.01 sys=0.00, real=0.00 secs] 
2014-07-16T10:12:12.354+0000: 255.362: [GC [PSYoungGen: 127142K->1230K(125376K)] 192054K->66205K(812352K), 0.0030330 secs] [Times: user=0.01 sys=0.00, real=0.00 secs] 
2014-07-16T10:12:12.872+0000: 255.880: [GC [PSYoungGen: 125326K->1156K(123328K)] 190301K->66203K(810304K), 0.0036510 secs] [Times: user=0.02 sys=0.00, real=0.01 secs] 
2014-07-16T10:12:13.245+0000: 256.253: [GC [PSYoungGen: 123268K->738K(120960K)] 188315K->66095K(807936K), 0.0053800 secs] [Times: user=0.03 sys=0.00, real=0.00 secs] 
2014-07-16T10:12:13.676+0000: 256.685: [GC [PSYoungGen: 120930K->612K(118976K)] 186287K->66049K(805952K), 0.0034800 secs] [Times: user=0.02 sys=0.01, real=0.00 secs] 
2014-07-16T10:12:14.111+0000: 257.119: [GC [PSYoungGen: 118930K->666K(117184K)] 184368K->66259K(804160K), 0.0032000 secs] [Times: user=0.02 sys=0.00, real=0.01 secs] 
2014-07-16T10:12:14.548+0000: 257.557: [GC [PSYoungGen: 117142K->862K(115584K)] 182736K->66527K(802560K), 0.0041110 secs] [Times: user=0.02 sys=0.00, real=0.01 secs] 
2014-07-16T10:12:14.949+0000: 257.957: [GC [PSYoungGen: 115503K->630K(113600K)] 181169K->66343K(800576K), 0.0052970 secs] [Times: user=0.02 sys=0.00, real=0.01 secs] 
2014-07-16T10:12:15.354+0000: 258.363: [GC [PSYoungGen: 113576K->958K(136512K)] 179290K->66767K(823488K), 0.0053440 secs] [Times: user=0.04 sys=0.00, real=0.00 secs] 
2014-07-16T10:12:15.837+0000: 258.845: [GC [PSYoungGen: 136484K->690K(133952K)] 202294K->66595K(820928K), 0.0037880 secs] [Times: user=0.02 sys=0.00, real=0.00 secs] 
2014-07-16T10:12:16.319+0000: 259.328: [GC [PSYoungGen: 133931K->866K(160832K)] 199837K->66804K(847808K), 0.0069930 secs] [Times: user=0.04 sys=0.01, real=0.01 secs] 
2014-07-16T10:12:16.905+0000: 259.913: [GC [PSYoungGen: 160802K->722K(157696K)] 226740K->66731K(844672K), 0.0033190 secs] [Times: user=0.02 sys=0.00, real=0.00 secs] 
2014-07-16T10:12:17.485+0000: 260.494: [GC [PSYoungGen: 157573K->1162K(168512K)] 223583K->67228K(855488K), 0.0072770 secs] [Times: user=0.04 sys=0.00, real=0.00 secs] 
2014-07-16T10:12:18.165+0000: 261.174: [GC [PSYoungGen: 168330K->944K(164864K)] 234396K->67074K(851840K), 0.0047770 secs] [Times: user=0.02 sys=0.00, real=0.00 secs] 
2014-07-16T10:12:18.704+0000: 261.713: [GC [PSYoungGen: 164821K->662K(161472K)] 230951K->66839K(848448K), 0.0037210 secs] [Times: user=0.02 sys=0.00, real=0.00 secs] 
2014-07-16T10:12:19.275+0000: 262.284: [GC [PSYoungGen: 161430K->658K(158400K)] 227607K->66915K(845376K), 0.0040640 secs] [Times: user=0.02 sys=0.00, real=0.00 secs] 
2014-07-16T10:12:19.854+0000: 262.862: [GC [PSYoungGen: 158285K->1168K(155968K)] 224543K->67497K(842944K), 0.0032380 secs] [Times: user=0.01 sys=0.01, real=0.00 secs] 
2014-07-16T10:12:20.393+0000: 263.401: [GC [PSYoungGen: 155897K->948K(152832K)] 222226K->67516K(839808K), 0.0044010 secs] [Times: user=0.02 sys=0.00, real=0.01 secs] 
2014-07-16T10:12:20.964+0000: 263.972: [GC [PSYoungGen: 152820K->1510K(150656K)] 219388K->68158K(837632K), 0.0045950 secs] [Times: user=0.03 sys=0.00, real=0.00 secs] 
2014-07-16T10:12:21.487+0000: 264.496: [GC [PSYoungGen: 150624K->630K(147072K)] 217272K->67498K(834048K), 0.0023710 secs] [Times: user=0.01 sys=0.00, real=0.00 secs] 
2014-07-16T10:12:22.021+0000: 265.030: [GC [PSYoungGen: 147062K->736K(144576K)] 213930K->67723K(831552K), 0.0044080 secs] [Times: user=0.02 sys=0.00, real=0.01 secs] 
2014-07-16T10:12:22.543+0000: 265.551: [GC [PSYoungGen: 144544K->640K(141888K)] 211531K->67683K(828864K), 0.0084360 secs] [Times: user=0.06 sys=0.00, real=0.01 secs] 
2014-07-16T10:12:23.123+0000: 266.132: [GC [PSYoungGen: 141888K->1140K(139904K)] 208931K->68264K(826880K), 0.0033150 secs] [Times: user=0.01 sys=0.00, real=0.01 secs] 
2014-07-16T10:12:23.560+0000: 266.569: [GC [PSYoungGen: 139870K->1266K(137664K)] 206994K->68478K(824640K), 0.0047820 secs] [Times: user=0.03 sys=0.01, real=0.01 secs] 
2014-07-16T10:12:24.050+0000: 267.058: [GC [PSYoungGen: 137621K->958K(135040K)] 204833K->68282K(822016K), 0.0026540 secs] [Times: user=0.02 sys=0.00, real=0.00 secs] 
2014-07-16T10:12:24.526+0000: 267.535: [GC [PSYoungGen: 135038K->1080K(132928K)] 202362K->68476K(819904K), 0.0047690 secs] [Times: user=0.02 sys=0.00, real=0.00 secs] 
2014-07-16T10:12:25.031+0000: 268.040: [GC [PSYoungGen: 132920K->1582K(131264K)] 200316K->69066K(818240K), 0.0064310 secs] [Times: user=0.03 sys=0.00, real=0.01 secs] 
2014-07-16T10:12:25.497+0000: 268.506: [GC [PSYoungGen: 131246K->570K(128128K)] 198730K->68776K(815104K), 0.0054360 secs] [Times: user=0.03 sys=0.00, real=0.00 secs] 
2014-07-16T10:12:25.959+0000: 268.967: [GC [PSYoungGen: 128120K->1542K(154688K)] 196326K->69812K(841664K), 0.0070030 secs] [Times: user=0.04 sys=0.00, real=0.01 secs] 
2014-07-16T10:12:26.475+0000: 269.483: [GC [PSYoungGen: 154630K->562K(180736K)] 222900K->69474K(867712K), 0.0039530 secs] [Times: user=0.02 sys=0.00, real=0.00 secs] 
2014-07-16T10:12:27.119+0000: 270.128: [GC [PSYoungGen: 179826K->1008K(176640K)] 248738K->69992K(863616K), 0.0027360 secs] [Times: user=0.01 sys=0.00, real=0.00 secs] 
2014-07-16T10:12:27.765+0000: 270.773: [GC [PSYoungGen: 176624K->936K(173056K)] 245608K->70132K(860032K), 0.0048730 secs] [Times: user=0.03 sys=0.00, real=0.00 secs] 
2014-07-16T10:12:28.373+0000: 271.381: [GC [PSYoungGen: 173002K->1222K(169984K)] 242199K->70498K(856960K), 0.0027630 secs] [Times: user=0.01 sys=0.00, real=0.01 secs] 
2014-07-16T10:12:28.974+0000: 271.983: [GC [PSYoungGen: 169926K->1004K(166400K)] 239202K->70368K(853376K), 0.0043560 secs] [Times: user=0.02 sys=0.01, real=0.01 secs] 
2014-07-16T10:12:29.571+0000: 272.579: [GC [PSYoungGen: 166380K->826K(163008K)] 235744K->70270K(849984K), 0.0046140 secs] [Times: user=0.02 sys=0.00, real=0.01 secs] 
2014-07-16T10:12:30.152+0000: 273.161: [GC [PSYoungGen: 162989K->1284K(160448K)] 232434K->70800K(847424K), 0.0046410 secs] [Times: user=0.03 sys=0.00, real=0.01 secs] 
2014-07-16T10:12:30.742+0000: 273.751: [GC [PSYoungGen: 160388K->1164K(157312K)] 229904K->70744K(844288K), 0.0053450 secs] [Times: user=0.03 sys=0.00, real=0.01 secs] 
2014-07-16T10:12:31.289+0000: 274.297: [GC [PSYoungGen: 157260K->562K(153728K)] 226840K->70230K(840704K), 0.0041760 secs] [Times: user=0.02 sys=0.00, real=0.00 secs] 
2014-07-16T10:12:31.840+0000: 274.849: [GC [PSYoungGen: 153714K->1140K(151488K)] 223382K->70856K(838464K), 0.0046820 secs] [Times: user=0.01 sys=0.00, real=0.01 secs] 
2014-07-16T10:12:32.374+0000: 275.382: [GC [PSYoungGen: 151470K->794K(148416K)] 221186K->70606K(835392K), 0.0033330 secs] [Times: user=0.02 sys=0.00, real=0.01 secs] 
2014-07-16T10:12:32.907+0000: 275.915: [GC [PSYoungGen: 148378K->576K(145536K)] 218190K->70444K(832512K), 0.0031990 secs] [Times: user=0.02 sys=0.00, real=0.00 secs] 
2014-07-16T10:12:33.656+0000: 276.664: [GC [PSYoungGen: 145492K->976K(143424K)] 215361K->70932K(830400K), 0.0028970 secs] [Times: user=0.01 sys=0.00, real=0.00 secs] 
2014-07-16T10:12:34.149+0000: 277.158: [GC [PSYoungGen: 143336K->658K(140608K)] 213292K->70710K(827584K), 0.0033660 secs] [Times: user=0.02 sys=0.00, real=0.00 secs] 
2014-07-16T10:12:34.637+0000: 277.646: [GC [PSYoungGen: 140562K->744K(138240K)] 210614K->70868K(825216K), 0.0059510 secs] [Times: user=0.03 sys=0.00, real=0.00 secs] 
2014-07-16T10:12:35.122+0000: 278.130: [GC [PSYoungGen: 138181K->758K(165760K)] 208306K->70938K(852736K), 0.0128820 secs] [Times: user=0.07 sys=0.00, real=0.02 secs] 
2014-07-16T10:12:35.729+0000: 278.737: [GC [PSYoungGen: 165750K->884K(170176K)] 235930K->71112K(857152K), 0.0051570 secs] [Times: user=0.03 sys=0.01, real=0.00 secs] 
2014-07-16T10:12:36.337+0000: 279.345: [GC [PSYoungGen: 169495K->1308K(166656K)] 239724K->71656K(853632K), 0.0031230 secs] [Times: user=0.02 sys=0.00, real=0.00 secs] 
2014-07-16T10:12:36.958+0000: 279.966: [GC [PSYoungGen: 166620K->192K(162304K)] 236968K->70852K(849280K), 0.0048520 secs] [Times: user=0.03 sys=0.00, real=0.00 secs] 
2014-07-16T10:12:37.541+0000: 280.550: [GC [PSYoungGen: 162304K->990K(168576K)] 232964K->71722K(855552K), 0.0081470 secs] [Times: user=0.05 sys=0.00, real=0.01 secs] 
2014-07-16T10:12:38.159+0000: 281.167: [GC [PSYoungGen: 167878K->1328K(165056K)] 238610K->72272K(852032K), 0.0044640 secs] [Times: user=0.02 sys=0.00, real=0.00 secs] 
2014-07-16T10:12:38.847+0000: 281.855: [GC [PSYoungGen: 165040K->762K(161344K)] 235984K->71778K(848320K), 0.0033600 secs] [Times: user=0.01 sys=0.00, real=0.00 secs] 
2014-07-16T10:12:39.420+0000: 282.429: [GC [PSYoungGen: 161338K->562K(158080K)] 232354K->71642K(845056K), 0.0035710 secs] [Times: user=0.02 sys=0.00, real=0.00 secs] 
2014-07-16T10:12:39.989+0000: 282.998: [GC [PSYoungGen: 158066K->662K(155264K)] 229146K->71798K(842240K), 0.0033230 secs] [Times: user=0.02 sys=0.00, real=0.00 secs] 
2014-07-16T10:12:40.543+0000: 283.552: [GC [PSYoungGen: 155222K->702K(152384K)] 226358K->71902K(839360K), 0.0041850 secs] [Times: user=0.02 sys=0.01, real=0.01 secs] 
2014-07-16T10:12:41.089+0000: 284.097: [GC [PSYoungGen: 152382K->448K(149376K)] 223582K->71728K(836352K), 0.0047350 secs] [Times: user=0.03 sys=0.01, real=0.00 secs] 
2014-07-16T10:12:41.624+0000: 284.633: [GC [PSYoungGen: 149376K->612K(146880K)] 220656K->71964K(833856K), 0.0058490 secs] [Times: user=0.04 sys=0.00, real=0.01 secs] 
2014-07-16T10:12:42.141+0000: 285.149: [GC [PSYoungGen: 146852K->448K(144064K)] 218204K->71896K(831040K), 0.0039410 secs] [Times: user=0.02 sys=0.00, real=0.00 secs] 
2014-07-16T10:12:42.660+0000: 285.668: [GC [PSYoungGen: 144064K->1108K(142208K)] 215512K->72620K(829184K), 0.0057840 secs] [Times: user=0.04 sys=0.00, real=0.00 secs] 
2014-07-16T10:12:43.263+0000: 286.271: [GC [PSYoungGen: 142139K->1028K(170368K)] 213652K->72628K(857344K), 0.0115260 secs] [Times: user=0.06 sys=0.00, real=0.01 secs] 
2014-07-16T10:12:43.789+0000: 286.797: [GC [PSYoungGen: 170308K->544K(188992K)] 241908K->72232K(875968K), 0.0049540 secs] [Times: user=0.03 sys=0.00, real=0.00 secs] 
2014-07-16T10:12:44.474+0000: 287.482: [GC [PSYoungGen: 188640K->780K(185024K)] 260328K->72540K(872000K), 0.0041200 secs] [Times: user=0.03 sys=0.00, real=0.01 secs] 
2014-07-16T10:12:45.132+0000: 288.141: [GC [PSYoungGen: 184972K->762K(181184K)] 256732K->72684K(868160K), 0.0025130 secs] [Times: user=0.01 sys=0.00, real=0.00 secs] 
2014-07-16T10:12:45.788+0000: 288.796: [GC [PSYoungGen: 181178K->662K(177408K)] 253100K->72648K(864384K), 0.0099090 secs] [Times: user=0.06 sys=0.00, real=0.01 secs] 
2014-07-16T10:12:46.433+0000: 289.442: [GC [PSYoungGen: 177347K->754K(173888K)] 249333K->72812K(860864K), 0.0040270 secs] [Times: user=0.02 sys=0.00, real=0.01 secs] 
2014-07-16T10:12:47.059+0000: 290.068: [GC [PSYoungGen: 173874K->1176K(170880K)] 245932K->73322K(857856K), 0.0051830 secs] [Times: user=0.03 sys=0.00, real=0.00 secs] 
2014-07-16T10:12:47.691+0000: 290.700: [GC [PSYoungGen: 170838K->762K(167104K)] 242984K->73194K(854080K), 0.0057170 secs] [Times: user=0.03 sys=0.00, real=0.01 secs] 
2014-07-16T10:12:48.392+0000: 291.400: [GC [PSYoungGen: 167098K->1270K(164416K)] 239530K->73766K(851392K), 0.0076110 secs] [Times: user=0.05 sys=0.00, real=0.01 secs] 
2014-07-16T10:12:48.961+0000: 291.970: [GC [PSYoungGen: 164406K->658K(160704K)] 236902K->73226K(847680K), 0.0033540 secs] [Times: user=0.01 sys=0.01, real=0.00 secs] 
2014-07-16T10:12:49.541+0000: 292.550: [GC [PSYoungGen: 160656K->976K(158016K)] 233224K->73632K(844992K), 0.0030890 secs] [Times: user=0.01 sys=0.01, real=0.00 secs] 
2014-07-16T10:12:50.109+0000: 293.118: [GC [PSYoungGen: 157968K->452K(154560K)] 230624K->73132K(841536K), 0.0055050 secs] [Times: user=0.02 sys=0.01, real=0.00 secs] 
2014-07-16T10:12:50.656+0000: 293.664: [GC [PSYoungGen: 154500K->648K(151872K)] 227180K->73392K(838848K), 0.0056370 secs] [Times: user=0.03 sys=0.00, real=0.01 secs] 
2014-07-16T10:12:51.207+0000: 294.216: [GC [PSYoungGen: 151816K->1012K(149440K)] 224560K->73804K(836416K), 0.0043540 secs] [Times: user=0.01 sys=0.00, real=0.01 secs] 
2014-07-16T10:12:51.734+0000: 294.743: [GC [PSYoungGen: 149428K->580K(146368K)] 222220K->73436K(833344K), 0.0039610 secs] [Times: user=0.03 sys=0.00, real=0.01 secs] 
2014-07-16T10:12:52.251+0000: 295.260: [GC [PSYoungGen: 146307K->352K(143488K)] 219163K->73248K(830464K), 0.0073510 secs] [Times: user=0.04 sys=0.00, real=0.01 secs] 
2014-07-16T10:12:52.766+0000: 295.774: [GC [PSYoungGen: 143456K->716K(141376K)] 216352K->73668K(828352K), 0.0048040 secs] [Times: user=0.03 sys=0.00, real=0.01 secs] 
2014-07-16T10:12:53.266+0000: 296.275: [GC [PSYoungGen: 141324K->1012K(139200K)] 214276K->74028K(826176K), 0.0035410 secs] [Times: user=0.01 sys=0.00, real=0.01 secs] 
2014-07-16T10:12:53.776+0000: 296.784: [GC [PSYoungGen: 139188K->434K(136256K)] 212204K->73514K(823232K), 0.0063210 secs] [Times: user=0.03 sys=0.01, real=0.01 secs] 
2014-07-16T10:12:54.264+0000: 297.273: [GC [PSYoungGen: 136242K->816K(134336K)] 209322K->73960K(821312K), 0.0050340 secs] [Times: user=0.03 sys=0.00, real=0.01 secs] 
2014-07-16T10:12:54.752+0000: 297.761: [GC [PSYoungGen: 134320K->826K(132096K)] 207464K->74058K(819072K), 0.0053490 secs] [Times: user=0.03 sys=0.00, real=0.00 secs] 
2014-07-16T10:12:55.213+0000: 298.221: [GC [PSYoungGen: 132090K->466K(158080K)] 205322K->73770K(845056K), 0.0057270 secs] [Times: user=0.04 sys=0.00, real=0.00 secs] 
2014-07-16T10:12:55.777+0000: 298.785: [GC [PSYoungGen: 158034K->448K(155072K)] 231338K->73848K(842048K), 0.0051290 secs] [Times: user=0.02 sys=0.00, real=0.01 secs] 
2014-07-16T10:12:56.336+0000: 299.345: [GC [PSYoungGen: 155039K->844K(152640K)] 228439K->74332K(839616K), 0.0042150 secs] [Times: user=0.02 sys=0.00, real=0.01 secs] 
2014-07-16T10:12:56.899+0000: 299.908: [GC [PSYoungGen: 152576K->932K(149952K)] 226065K->74484K(836928K), 0.0044310 secs] [Times: user=0.02 sys=0.00, real=0.00 secs] 
2014-07-16T10:12:57.410+0000: 300.419: [GC [PSYoungGen: 149881K->484K(146816K)] 223433K->74068K(833792K), 0.0035540 secs] [Times: user=0.02 sys=0.00, real=0.00 secs] 
2014-07-16T10:12:57.952+0000: 300.960: [GC [PSYoungGen: 146742K->922K(144640K)] 220327K->74562K(831616K), 0.0040770 secs] [Times: user=0.02 sys=0.01, real=0.00 secs] 
2014-07-16T10:12:58.529+0000: 301.537: [GC [PSYoungGen: 144602K->1010K(142144K)] 218242K->74714K(829120K), 0.0054730 secs] [Times: user=0.02 sys=0.01, real=0.00 secs] 
2014-07-16T10:12:59.073+0000: 302.082: [GC [PSYoungGen: 142094K->1218K(139904K)] 215798K->75002K(826880K), 0.0040590 secs] [Times: user=0.02 sys=0.00, real=0.00 secs] 
2014-07-16T10:12:59.538+0000: 302.547: [GC [PSYoungGen: 139842K->552K(166976K)] 213626K->74690K(853952K), 0.0082480 secs] [Times: user=0.05 sys=0.00, real=0.01 secs] 
2014-07-16T10:13:00.146+0000: 303.154: [GC [PSYoungGen: 166952K->1450K(164608K)] 241090K->75652K(851584K), 0.0030420 secs] [Times: user=0.01 sys=0.00, real=0.01 secs] 
2014-07-16T10:13:00.717+0000: 303.725: [GC [PSYoungGen: 164586K->562K(160576K)] 238788K->75210K(847552K), 0.0040820 secs] [Times: user=0.01 sys=0.00, real=0.01 secs] 
2014-07-16T10:13:01.296+0000: 304.304: [GC [PSYoungGen: 160562K->658K(157696K)] 235210K->75362K(844672K), 0.0040520 secs] [Times: user=0.02 sys=0.00, real=0.01 secs] 
2014-07-16T10:13:01.863+0000: 304.872: [GC [PSYoungGen: 157650K->512K(154560K)] 232354K->75312K(841536K), 0.0039750 secs] [Times: user=0.02 sys=0.00, real=0.00 secs] 
2014-07-16T10:13:02.415+0000: 305.423: [GC [PSYoungGen: 154560K->908K(170560K)] 229360K->75780K(857536K), 0.0115830 secs] [Times: user=0.07 sys=0.00, real=0.01 secs] 
2014-07-16T10:13:03.022+0000: 306.030: [GC [PSYoungGen: 169868K->1136K(166784K)] 244740K->76096K(853760K), 0.0044610 secs] [Times: user=0.03 sys=0.00, real=0.00 secs] 
2014-07-16T10:13:03.663+0000: 306.671: [GC [PSYoungGen: 166768K->644K(163136K)] 241728K->75676K(850112K), 0.0048950 secs] [Times: user=0.02 sys=0.00, real=0.00 secs] 
2014-07-16T10:13:04.241+0000: 307.250: [GC [PSYoungGen: 163076K->448K(184960K)] 238108K->75536K(871936K), 0.0076150 secs] [Times: user=0.05 sys=0.00, real=0.00 secs] 
2014-07-16T10:13:04.891+0000: 307.899: [GC [PSYoungGen: 183911K->954K(180736K)] 259000K->76122K(867712K), 0.0052000 secs] [Times: user=0.03 sys=0.00, real=0.00 secs] 
2014-07-16T10:13:05.539+0000: 308.547: [GC [PSYoungGen: 180730K->448K(176576K)] 255898K->75728K(863552K), 0.0046130 secs] [Times: user=0.02 sys=0.01, real=0.01 secs] 
2014-07-16T10:13:06.166+0000: 309.174: [GC [PSYoungGen: 176576K->640K(173248K)] 251856K->75992K(860224K), 0.0026480 secs] [Times: user=0.02 sys=0.00, real=0.00 secs] 
2014-07-16T10:13:06.781+0000: 309.789: [GC [PSYoungGen: 173248K->1236K(170432K)] 248600K->76660K(857408K), 0.0045980 secs] [Times: user=0.02 sys=0.00, real=0.00 secs] 
2014-07-16T10:13:07.388+0000: 310.397: [GC [PSYoungGen: 170388K->512K(166336K)] 245812K->76032K(853312K), 0.0042190 secs] [Times: user=0.02 sys=0.00, real=0.01 secs] 
2014-07-16T10:13:07.979+0000: 310.987: [GC [PSYoungGen: 166336K->1040K(163712K)] 241856K->76624K(850688K), 0.0033950 secs] [Times: user=0.01 sys=0.00, real=0.01 secs] 
2014-07-16T10:13:08.629+0000: 311.638: [GC [PSYoungGen: 163664K->1306K(160832K)] 239248K->76962K(847808K), 0.0048030 secs] [Times: user=0.02 sys=0.01, real=0.01 secs] 
2014-07-16T10:13:09.165+0000: 312.174: [GC [PSYoungGen: 160794K->498K(156992K)] 236450K->76234K(843968K), 0.0041310 secs] [Times: user=0.02 sys=0.00, real=0.00 secs] 
2014-07-16T10:13:09.734+0000: 312.742: [GC [PSYoungGen: 156978K->790K(154368K)] 232714K->76590K(841344K), 0.0047230 secs] [Times: user=0.02 sys=0.00, real=0.00 secs] 
2014-07-16T10:13:10.292+0000: 313.301: [GC [PSYoungGen: 154326K->498K(151232K)] 230126K->76402K(838208K), 0.0053930 secs] [Times: user=0.03 sys=0.00, real=0.00 secs] 
2014-07-16T10:13:10.829+0000: 313.838: [GC [PSYoungGen: 151213K->466K(148480K)] 227117K->76434K(835456K), 0.0039480 secs] [Times: user=0.02 sys=0.00, real=0.01 secs] 
2014-07-16T10:13:11.358+0000: 314.367: [GC [PSYoungGen: 148434K->584K(145920K)] 224402K->76592K(832896K), 0.0076490 secs] [Times: user=0.04 sys=0.00, real=0.01 secs] 
2014-07-16T10:13:11.892+0000: 314.901: [GC [PSYoungGen: 145831K->1166K(143936K)] 221839K->77246K(830912K), 0.0067360 secs] [Times: user=0.03 sys=0.00, real=0.00 secs] 
2014-07-16T10:13:12.401+0000: 315.410: [GC [PSYoungGen: 143886K->1016K(141248K)] 219966K->77152K(828224K), 0.0043560 secs] [Times: user=0.03 sys=0.00, real=0.00 secs] 
2014-07-16T10:13:12.908+0000: 315.917: [GC [PSYoungGen: 141240K->544K(138368K)] 217376K->76800K(825344K), 0.0040120 secs] [Times: user=0.02 sys=0.00, real=0.01 secs] 
2014-07-16T10:13:13.406+0000: 316.414: [GC [PSYoungGen: 138333K->562K(136000K)] 214590K->76922K(822976K), 0.0052190 secs] [Times: user=0.03 sys=0.00, real=0.01 secs] 
2014-07-16T10:13:13.912+0000: 316.920: [GC [PSYoungGen: 135986K->626K(163200K)] 212346K->77066K(850176K), 0.0066400 secs] [Times: user=0.04 sys=0.00, real=0.00 secs] 
2014-07-16T10:13:14.496+0000: 317.504: [GC [PSYoungGen: 163186K->740K(160192K)] 239626K->77236K(847168K), 0.0055850 secs] [Times: user=0.03 sys=0.01, real=0.01 secs] 
2014-07-16T10:13:15.082+0000: 318.090: [GC [PSYoungGen: 160164K->786K(157248K)] 236660K->77354K(844224K), 0.0030580 secs] [Times: user=0.01 sys=0.00, real=0.01 secs] 
2014-07-16T10:13:15.623+0000: 318.631: [GC [PSYoungGen: 157177K->994K(154496K)] 233745K->77642K(841472K), 0.0052580 secs] [Times: user=0.02 sys=0.00, real=0.00 secs] 
2014-07-16T10:13:16.170+0000: 319.178: [GC [PSYoungGen: 154466K->1222K(151936K)] 231114K->77950K(838912K), 0.0066100 secs] [Times: user=0.04 sys=0.00, real=0.01 secs] 
2014-07-16T10:13:16.716+0000: 319.724: [GC [PSYoungGen: 151878K->502K(171328K)] 228606K->77262K(858304K), 0.0094800 secs] [Times: user=0.05 sys=0.00, real=0.01 secs] 
2014-07-16T10:13:17.335+0000: 320.344: [GC [PSYoungGen: 171254K->854K(168256K)] 248014K->77654K(855232K), 0.0038030 secs] [Times: user=0.01 sys=0.01, real=0.00 secs] 
2014-07-16T10:13:17.927+0000: 320.935: [GC [PSYoungGen: 168169K->534K(164672K)] 244969K->77374K(851648K), 0.0043480 secs] [Times: user=0.02 sys=0.00, real=0.01 secs] 
2014-07-16T10:13:18.526+0000: 321.534: [GC [PSYoungGen: 164630K->708K(161728K)] 241470K->77636K(848704K), 0.0041270 secs] [Times: user=0.03 sys=0.00, real=0.00 secs] 
2014-07-16T10:13:19.152+0000: 322.160: [GC [PSYoungGen: 161668K->1212K(159104K)] 238596K->78188K(846080K), 0.0047080 secs] [Times: user=0.02 sys=0.00, real=0.01 secs] 
2014-07-16T10:13:19.719+0000: 322.727: [GC [PSYoungGen: 159100K->612K(155584K)] 236076K->77636K(842560K), 0.0054900 secs] [Times: user=0.02 sys=0.00, real=0.01 secs] 
2014-07-16T10:13:20.256+0000: 323.264: [GC [PSYoungGen: 155465K->758K(152832K)] 232489K->77878K(839808K), 0.0035320 secs] [Times: user=0.02 sys=0.00, real=0.00 secs] 
2014-07-16T10:13:20.811+0000: 323.819: [GC [PSYoungGen: 152820K->576K(149824K)] 229941K->77792K(836800K), 0.0033780 secs] [Times: user=0.02 sys=0.00, real=0.01 secs] 
2014-07-16T10:13:21.346+0000: 324.355: [GC [PSYoungGen: 149824K->640K(147200K)] 227040K->77960K(834176K), 0.0034940 secs] [Times: user=0.02 sys=0.00, real=0.00 secs] 
2014-07-16T10:13:21.869+0000: 324.878: [GC [PSYoungGen: 147200K->608K(144576K)] 224520K->78032K(831552K), 0.0051030 secs] [Times: user=0.03 sys=0.00, real=0.01 secs] 
2014-07-16T10:13:22.395+0000: 325.403: [GC [PSYoungGen: 144544K->944K(142336K)] 221968K->78480K(829312K), 0.0043610 secs] [Times: user=0.03 sys=0.00, real=0.00 secs] 
2014-07-16T10:13:22.910+0000: 325.918: [GC [PSYoungGen: 142236K->790K(139712K)] 219772K->78382K(826688K), 0.0041330 secs] [Times: user=0.02 sys=0.00, real=0.01 secs] 
2014-07-16T10:13:23.399+0000: 326.407: [GC [PSYoungGen: 139670K->734K(137280K)] 217262K->78374K(824256K), 0.0086410 secs] [Times: user=0.05 sys=0.00, real=0.01 secs] 
2014-07-16T10:13:23.976+0000: 326.985: [GC [PSYoungGen: 137246K->1208K(135424K)] 214886K->78954K(822400K), 0.0045260 secs] [Times: user=0.02 sys=0.00, real=0.00 secs] 
2014-07-16T10:13:24.359+0000: 327.367: [GC [PSYoungGen: 135416K->466K(132480K)] 213162K->78300K(819456K), 0.0036840 secs] [Times: user=0.02 sys=0.00, real=0.00 secs] 
2014-07-16T10:13:24.839+0000: 327.848: [GC [PSYoungGen: 132434K->844K(130688K)] 210268K->78726K(817664K), 0.0036970 secs] [Times: user=0.01 sys=0.01, real=0.01 secs] 
2014-07-16T10:13:25.309+0000: 328.317: [GC [PSYoungGen: 130635K->926K(128640K)] 208517K->78896K(815616K), 0.0041910 secs] [Times: user=0.03 sys=0.00, real=0.00 secs] 
2014-07-16T10:13:25.764+0000: 328.772: [GC [PSYoungGen: 128606K->866K(126464K)] 206576K->78884K(813440K), 0.0041810 secs] [Times: user=0.01 sys=0.00, real=0.00 secs] 
2014-07-16T10:13:26.207+0000: 329.215: [GC [PSYoungGen: 126434K->880K(124416K)] 204452K->79284K(811392K), 0.0034830 secs] [Times: user=0.01 sys=0.00, real=0.00 secs] 
2014-07-16T10:13:26.672+0000: 329.680: [GC [PSYoungGen: 124400K->1132K(122688K)] 202804K->79608K(809664K), 0.0053840 secs] [Times: user=0.03 sys=0.01, real=0.01 secs] 
2014-07-16T10:13:27.096+0000: 330.105: [GC [PSYoungGen: 122667K->944K(120576K)] 201144K->79742K(807552K), 0.0027630 secs] [Times: user=0.01 sys=0.00, real=0.00 secs] 
2014-07-16T10:13:27.520+0000: 330.529: [GC [PSYoungGen: 120528K->708K(118528K)] 199326K->79578K(805504K), 0.0049770 secs] [Times: user=0.02 sys=0.00, real=0.01 secs] 
2014-07-16T10:13:27.953+0000: 330.962: [GC [PSYoungGen: 118468K->658K(142016K)] 197338K->79600K(828992K), 0.0079480 secs] [Times: user=0.05 sys=0.00, real=0.00 secs] 
2014-07-16T10:13:28.464+0000: 331.472: [GC [PSYoungGen: 141888K->680K(160128K)] 220831K->79678K(847104K), 0.0040920 secs] [Times: user=0.02 sys=0.01, real=0.00 secs] 
2014-07-16T10:13:29.201+0000: 332.209: [GC [PSYoungGen: 159229K->1514K(170816K)] 238228K->80884K(857792K), 0.0352310 secs] [Times: user=0.13 sys=0.00, real=0.04 secs] 
2014-07-16T10:13:29.815+0000: 332.824: [GC [PSYoungGen: 170794K->608K(171136K)] 250164K->80058K(858112K), 0.0039290 secs] [Times: user=0.01 sys=0.00, real=0.00 secs] 
2014-07-16T10:13:30.444+0000: 333.453: [GC [PSYoungGen: 169888K->904K(204800K)] 249338K->80450K(891776K), 0.0051960 secs] [Times: user=0.03 sys=0.01, real=0.00 secs] 
2014-07-16T10:13:31.183+0000: 334.191: [GC [PSYoungGen: 204039K->512K(204864K)] 283586K->80130K(891840K), 0.0034340 secs] [Times: user=0.02 sys=0.00, real=0.01 secs] 
2014-07-16T10:13:31.913+0000: 334.921: [GC [PSYoungGen: 203648K->626K(245376K)] 283266K->80332K(932352K), 0.0050680 secs] [Times: user=0.02 sys=0.00, real=0.01 secs] 
2014-07-16T10:13:32.809+0000: 335.817: [GC [PSYoungGen: 244402K->818K(238720K)] 324108K->80604K(925696K), 0.0052470 secs] [Times: user=0.02 sys=0.00, real=0.01 secs] 
2014-07-16T10:13:33.648+0000: 336.656: [GC [PSYoungGen: 238706K->416K(232640K)] 318492K->80290K(919616K), 0.0065010 secs] [Times: user=0.04 sys=0.00, real=0.01 secs] 
2014-07-16T10:13:34.512+0000: 337.520: [GC [PSYoungGen: 232608K->1146K(243456K)] 312482K->81108K(930432K), 0.0208700 secs] [Times: user=0.02 sys=0.00, real=0.02 secs] 
2014-07-16T10:13:35.391+0000: 338.400: [GC [PSYoungGen: 242996K->662K(236736K)] 322959K->80688K(923712K), 0.0034370 secs] [Times: user=0.01 sys=0.01, real=0.00 secs] 
2014-07-16T10:13:36.247+0000: 339.255: [GC [PSYoungGen: 236694K->1008K(231424K)] 316720K->81098K(918400K), 0.0057400 secs] [Times: user=0.03 sys=0.00, real=0.00 secs] 
2014-07-16T10:13:37.074+0000: 340.082: [GC [PSYoungGen: 231408K->862K(225920K)] 311498K->81008K(912896K), 0.0043420 secs] [Times: user=0.02 sys=0.01, real=0.01 secs] 
2014-07-16T10:13:37.887+0000: 340.895: [GC [PSYoungGen: 225884K->890K(220736K)] 306031K->81108K(907712K), 0.0045850 secs] [Times: user=0.02 sys=0.00, real=0.00 secs] 
2014-07-16T10:13:38.680+0000: 341.688: [GC [PSYoungGen: 220730K->940K(215744K)] 300948K->81238K(902720K), 0.0032640 secs] [Times: user=0.02 sys=0.00, real=0.00 secs] 
2014-07-16T10:13:39.451+0000: 342.460: [GC [PSYoungGen: 215685K->840K(210816K)] 295984K->81178K(897792K), 0.0040700 secs] [Times: user=0.02 sys=0.00, real=0.01 secs] 
2014-07-16T10:13:40.202+0000: 343.210: [GC [PSYoungGen: 210758K->798K(206080K)] 291097K->81200K(893056K), 0.0059420 secs] [Times: user=0.02 sys=0.00, real=0.01 secs] 
2014-07-16T10:13:41.010+0000: 344.018: [GC [PSYoungGen: 206045K->804K(201536K)] 286448K->81254K(888512K), 0.0090210 secs] [Times: user=0.05 sys=0.01, real=0.01 secs] 
2014-07-16T10:13:41.670+0000: 344.678: [GC [PSYoungGen: 201480K->1058K(197440K)] 281930K->81572K(884416K), 0.0051270 secs] [Times: user=0.03 sys=0.00, real=0.00 secs] 
2014-07-16T10:13:42.365+0000: 345.374: [GC [PSYoungGen: 197395K->848K(193024K)] 277910K->81434K(880000K), 0.0027920 secs] [Times: user=0.02 sys=0.00, real=0.01 secs] 
2014-07-16T10:13:43.051+0000: 346.059: [GC [PSYoungGen: 192976K->626K(188672K)] 273562K->81284K(875648K), 0.0035170 secs] [Times: user=0.02 sys=0.00, real=0.00 secs] 
2014-07-16T10:13:43.723+0000: 346.732: [GC [PSYoungGen: 188658K->672K(184832K)] 269316K->81394K(871808K), 0.0052450 secs] [Times: user=0.02 sys=0.00, real=0.01 secs] 
2014-07-16T10:13:44.409+0000: 347.417: [GC [PSYoungGen: 184729K->530K(180928K)] 265452K->81332K(867904K), 0.0031100 secs] [Times: user=0.01 sys=0.00, real=0.00 secs] 
2014-07-16T10:13:45.042+0000: 348.051: [GC [PSYoungGen: 180882K->730K(177408K)] 261684K->81572K(864384K), 0.0032190 secs] [Times: user=0.01 sys=0.00, real=0.00 secs] 
2014-07-16T10:13:45.673+0000: 348.682: [GC [PSYoungGen: 177323K->548K(173632K)] 258166K->81446K(860608K), 0.0050070 secs] [Times: user=0.03 sys=0.00, real=0.01 secs] 
2014-07-16T10:13:46.286+0000: 349.294: [GC [PSYoungGen: 173604K->698K(170304K)] 254502K->81660K(857280K), 0.0048810 secs] [Times: user=0.02 sys=0.00, real=0.00 secs] 
2014-07-16T10:13:46.909+0000: 349.917: [GC [PSYoungGen: 170273K->694K(166976K)] 251235K->81736K(853952K), 0.0027740 secs] [Times: user=0.01 sys=0.01, real=0.00 secs] 
2014-07-16T10:13:47.501+0000: 350.510: [GC [PSYoungGen: 166964K->640K(163712K)] 248007K->81778K(850688K), 0.0030600 secs] [Times: user=0.02 sys=0.01, real=0.00 secs] 
2014-07-16T10:13:48.104+0000: 351.112: [GC [PSYoungGen: 163712K->534K(160512K)] 244850K->81728K(847488K), 0.0052900 secs] [Times: user=0.04 sys=0.00, real=0.01 secs] 
2014-07-16T10:13:48.668+0000: 351.677: [GC [PSYoungGen: 160385K->694K(157632K)] 241580K->81968K(844608K), 0.0042440 secs] [Times: user=0.02 sys=0.00, real=0.00 secs] 
2014-07-16T10:13:49.331+0000: 352.339: [GC [PSYoungGen: 157622K->918K(154944K)] 238896K->82304K(841920K), 0.0042670 secs] [Times: user=0.02 sys=0.00, real=0.00 secs] 
2014-07-16T10:13:49.814+0000: 352.823: [GC [PSYoungGen: 154902K->1140K(152320K)] 236288K->82614K(839296K), 0.0085910 secs] [Times: user=0.05 sys=0.00, real=0.01 secs] 
2014-07-16T10:13:50.344+0000: 353.353: [GC [PSYoungGen: 152308K->256K(148672K)] 233782K->81948K(835648K), 0.0053370 secs] [Times: user=0.02 sys=0.00, real=0.01 secs] 
2014-07-16T10:13:50.879+0000: 353.887: [GC [PSYoungGen: 148672K->580K(146368K)] 230364K->82304K(833344K), 0.0040950 secs] [Times: user=0.02 sys=0.00, real=0.00 secs] 
2014-07-16T10:13:51.478+0000: 354.487: [GC [PSYoungGen: 146278K->1264K(144384K)] 228003K->83094K(831360K), 0.0072620 secs] [Times: user=0.04 sys=0.00, real=0.00 secs] 
2014-07-16T10:13:51.935+0000: 354.943: [GC [PSYoungGen: 144368K->498K(172288K)] 226198K->82432K(859264K), 0.0095130 secs] [Times: user=0.06 sys=0.00, real=0.01 secs] 
2014-07-16T10:13:52.559+0000: 355.568: [GC [PSYoungGen: 172237K->848K(207040K)] 254172K->82870K(894016K), 0.0031230 secs] [Times: user=0.01 sys=0.01, real=0.00 secs] 
2014-07-16T10:13:53.302+0000: 356.311: [GC [PSYoungGen: 206992K->1344K(203008K)] 289014K->83439K(889984K), 0.0057340 secs] [Times: user=0.03 sys=0.00, real=0.01 secs] 
2014-07-16T10:13:54.052+0000: 357.060: [GC [PSYoungGen: 202944K->548K(197760K)] 285039K->82794K(884736K), 0.0060630 secs] [Times: user=0.04 sys=0.00, real=0.01 secs] 
2014-07-16T10:13:54.744+0000: 357.752: [GC [PSYoungGen: 197690K->1430K(194432K)] 279936K->83757K(881408K), 0.0027020 secs] [Times: user=0.01 sys=0.00, real=0.00 secs] 
2014-07-16T10:13:55.429+0000: 358.438: [GC [PSYoungGen: 194367K->1084K(189952K)] 276694K->84089K(876928K), 0.0043600 secs] [Times: user=0.03 sys=0.00, real=0.00 secs] 
2014-07-16T10:13:56.110+0000: 359.119: [GC [PSYoungGen: 189948K->612K(185536K)] 272953K->83672K(872512K), 0.0056310 secs] [Times: user=0.02 sys=0.00, real=0.00 secs] 
2014-07-16T10:13:56.777+0000: 359.786: [GC [PSYoungGen: 185508K->352K(181440K)] 268568K->83518K(868416K), 0.0041630 secs] [Times: user=0.02 sys=0.00, real=0.01 secs] 
2014-07-16T10:13:57.437+0000: 360.446: [GC [PSYoungGen: 181408K->384K(177728K)] 264574K->83574K(864704K), 0.0110760 secs] [Times: user=0.07 sys=0.00, real=0.02 secs] 
2014-07-16T10:13:58.073+0000: 361.082: [GC [PSYoungGen: 177728K->1018K(174784K)] 260918K->84297K(861760K), 0.0077090 secs] [Times: user=0.04 sys=0.00, real=0.01 secs] 
2014-07-16T10:13:58.706+0000: 361.714: [GC [PSYoungGen: 174697K->1016K(171328K)] 257976K->84367K(858304K), 0.0033680 secs] [Times: user=0.02 sys=0.00, real=0.01 secs] 
2014-07-16T10:13:59.333+0000: 362.342: [GC [PSYoungGen: 171292K->914K(167936K)] 254643K->84328K(854912K), 0.0046790 secs] [Times: user=0.03 sys=0.00, real=0.01 secs] 
2014-07-16T10:13:59.940+0000: 362.948: [GC [PSYoungGen: 167877K->740K(164480K)] 251292K->84211K(851456K), 0.0069630 secs] [Times: user=0.03 sys=0.00, real=0.00 secs] 
2014-07-16T10:14:00.521+0000: 363.530: [GC [PSYoungGen: 164441K->1294K(161920K)] 247912K->84813K(848896K), 0.0035480 secs] [Times: user=0.01 sys=0.00, real=0.00 secs] 
2014-07-16T10:14:01.109+0000: 364.118: [GC [PSYoungGen: 161870K->644K(158208K)] 245389K->84267K(845184K), 0.0047960 secs] [Times: user=0.03 sys=0.00, real=0.00 secs] 
2014-07-16T10:14:01.694+0000: 364.702: [GC [PSYoungGen: 158148K->566K(155136K)] 241771K->84221K(842112K), 0.0041890 secs] [Times: user=0.02 sys=0.00, real=0.00 secs] 
2014-07-16T10:14:02.240+0000: 365.249: [GC [PSYoungGen: 155126K->480K(152192K)] 238781K->84230K(839168K), 0.0030270 secs] [Times: user=0.02 sys=0.00, real=0.00 secs] 
2014-07-16T10:14:02.789+0000: 365.797: [GC [PSYoungGen: 152160K->822K(149760K)] 235910K->84653K(836736K), 0.0040590 secs] [Times: user=0.02 sys=0.00, real=0.01 secs] 
2014-07-16T10:14:03.322+0000: 366.330: [GC [PSYoungGen: 149750K->712K(147008K)] 233581K->84599K(833984K), 0.0040150 secs] [Times: user=0.02 sys=0.00, real=0.00 secs] 
2014-07-16T10:14:03.854+0000: 366.863: [GC [PSYoungGen: 146951K->594K(144256K)] 230838K->84568K(831232K), 0.0045420 secs] [Times: user=0.02 sys=0.00, real=0.01 secs] 
2014-07-16T10:14:04.365+0000: 367.373: [GC [PSYoungGen: 144210K->1204K(173568K)] 228184K->85243K(860544K), 0.0124470 secs] [Times: user=0.06 sys=0.00, real=0.01 secs] 
2014-07-16T10:14:05.012+0000: 368.020: [GC [PSYoungGen: 173556K->544K(207424K)] 257595K->84638K(894400K), 0.0053750 secs] [Times: user=0.03 sys=0.00, real=0.00 secs] 
2014-07-16T10:14:05.755+0000: 368.763: [GC [PSYoungGen: 207392K->448K(202752K)] 291486K->84630K(889728K), 0.0039590 secs] [Times: user=0.03 sys=0.00, real=0.00 secs] 
2014-07-16T10:14:06.471+0000: 369.479: [GC [PSYoungGen: 202752K->644K(198592K)] 286934K->84899K(885568K), 0.0049450 secs] [Times: user=0.02 sys=0.00, real=0.00 secs] 
2014-07-16T10:14:07.192+0000: 370.200: [GC [PSYoungGen: 198532K->1354K(195008K)] 282787K->85665K(881984K), 0.0071400 secs] [Times: user=0.03 sys=0.00, real=0.01 secs] 
2014-07-16T10:14:07.890+0000: 370.898: [GC [PSYoungGen: 194949K->894K(190400K)] 279260K->85533K(877376K), 0.0049210 secs] [Times: user=0.03 sys=0.00, real=0.00 secs] 
2014-07-16T10:14:08.561+0000: 371.569: [GC [PSYoungGen: 190398K->1162K(186752K)] 275037K->85889K(873728K), 0.0054170 secs] [Times: user=0.02 sys=0.01, real=0.00 secs] 
2014-07-16T10:14:09.240+0000: 372.248: [GC [PSYoungGen: 186698K->594K(182336K)] 271425K->85701K(869312K), 0.0045220 secs] [Times: user=0.03 sys=0.00, real=0.01 secs] 
2014-07-16T10:14:10.018+0000: 373.026: [GC [PSYoungGen: 182270K->1136K(219200K)] 267377K->86323K(906176K), 0.0157070 secs] [Times: user=0.10 sys=0.00, real=0.02 secs] 
2014-07-16T10:14:10.785+0000: 373.794: [GC [PSYoungGen: 219184K->844K(213952K)] 304371K->86119K(900928K), 0.0036930 secs] [Times: user=0.02 sys=0.00, real=0.00 secs] 
2014-07-16T10:14:11.548+0000: 374.557: [GC [PSYoungGen: 213900K->608K(208896K)] 299175K->85963K(895872K), 0.0049690 secs] [Times: user=0.01 sys=0.00, real=0.01 secs] 
2014-07-16T10:14:12.330+0000: 375.338: [GC [PSYoungGen: 208864K->594K(204288K)] 294219K->86037K(891264K), 0.0041800 secs] [Times: user=0.02 sys=0.00, real=0.00 secs] 
2014-07-16T10:14:13.047+0000: 376.055: [GC [PSYoungGen: 204242K->1072K(200256K)] 289685K->86595K(887232K), 0.0053300 secs] [Times: user=0.04 sys=0.00, real=0.01 secs] 
2014-07-16T10:14:13.771+0000: 376.780: [GC [PSYoungGen: 200240K->466K(195392K)] 285763K->86037K(882368K), 0.0045440 secs] [Times: user=0.02 sys=0.00, real=0.00 secs] 
2014-07-16T10:14:14.482+0000: 377.490: [GC [PSYoungGen: 195310K->466K(191232K)] 280881K->86117K(878208K), 0.0040830 secs] [Times: user=0.02 sys=0.00, real=0.00 secs] 
2014-07-16T10:14:15.210+0000: 378.219: [GC [PSYoungGen: 191186K->790K(187520K)] 276837K->86521K(874496K), 0.0057500 secs] [Times: user=0.03 sys=0.01, real=0.01 secs] 
2014-07-16T10:14:15.876+0000: 378.884: [GC [PSYoungGen: 187428K->1430K(184256K)] 273159K->87249K(871232K), 0.0066160 secs] [Times: user=0.05 sys=0.00, real=0.01 secs] 
2014-07-16T10:14:16.528+0000: 379.537: [GC [PSYoungGen: 184214K->680K(179712K)] 270033K->86587K(866688K), 0.0044270 secs] [Times: user=0.02 sys=0.00, real=0.01 secs] 
2014-07-16T10:14:17.174+0000: 380.183: [GC [PSYoungGen: 179688K->794K(176192K)] 265595K->86789K(863168K), 0.0048690 secs] [Times: user=0.03 sys=0.00, real=0.00 secs] 
2014-07-16T10:14:17.810+0000: 380.818: [GC [PSYoungGen: 176154K->868K(172736K)] 262149K->86919K(859712K), 0.0058380 secs] [Times: user=0.03 sys=0.00, real=0.01 secs] 
2014-07-16T10:14:18.434+0000: 381.442: [GC [PSYoungGen: 172708K->890K(169344K)] 258759K->87005K(856320K), 0.0076750 secs] [Times: user=0.04 sys=0.00, real=0.01 secs] 
2014-07-16T10:14:19.033+0000: 382.041: [GC [PSYoungGen: 169338K->1086K(166208K)] 255453K->87273K(853184K), 0.0052230 secs] [Times: user=0.03 sys=0.00, real=0.00 secs] 
2014-07-16T10:14:19.733+0000: 382.741: [GC [PSYoungGen: 166198K->1292K(163264K)] 252385K->87575K(850240K), 0.0043800 secs] [Times: user=0.02 sys=0.00, real=0.00 secs] 
2014-07-16T10:14:20.290+0000: 383.298: [GC [PSYoungGen: 163212K->546K(159424K)] 249495K->87773K(846400K), 0.0054310 secs] [Times: user=0.03 sys=0.00, real=0.01 secs] 
2014-07-16T10:14:20.837+0000: 383.845: [GC [PSYoungGen: 159386K->1658K(157504K)] 246613K->88933K(844480K), 0.0040110 secs] [Times: user=0.02 sys=0.00, real=0.00 secs] 
2014-07-16T10:14:21.397+0000: 384.405: [GC [PSYoungGen: 157498K->1126K(154112K)] 244773K->89129K(841088K), 0.0055030 secs] [Times: user=0.03 sys=0.00, real=0.01 secs] 
2014-07-16T10:14:21.932+0000: 384.940: [GC [PSYoungGen: 154086K->552K(184128K)] 242089K->88603K(871104K), 0.0085990 secs] [Times: user=0.05 sys=0.00, real=0.01 secs] 
2014-07-16T10:14:22.576+0000: 385.585: [GC [PSYoungGen: 184104K->652K(180480K)] 272155K->88759K(867456K), 0.0031800 secs] [Times: user=0.02 sys=0.01, real=0.00 secs] 
2014-07-16T10:14:23.226+0000: 386.235: [GC [PSYoungGen: 180428K->1076K(177216K)] 268535K->89247K(864192K), 0.0076740 secs] [Times: user=0.04 sys=0.00, real=0.01 secs] 
2014-07-16T10:14:23.873+0000: 386.882: [GC [PSYoungGen: 177204K->794K(173440K)] 265375K->89037K(860416K), 0.0037560 secs] [Times: user=0.01 sys=0.01, real=0.00 secs] 
2014-07-16T10:14:24.480+0000: 387.489: [GC [PSYoungGen: 173402K->608K(169792K)] 261645K->88939K(856768K), 0.0033080 secs] [Times: user=0.01 sys=0.01, real=0.01 secs] 
2014-07-16T10:14:25.094+0000: 388.102: [GC [PSYoungGen: 169760K->626K(166464K)] 258091K->89053K(853440K), 0.0036540 secs] [Times: user=0.02 sys=0.00, real=0.00 secs] 
2014-07-16T10:14:25.688+0000: 388.697: [GC [PSYoungGen: 166425K->730K(163392K)] 254853K->89245K(850368K), 0.0029510 secs] [Times: user=0.01 sys=0.00, real=0.00 secs] 
2014-07-16T10:14:26.272+0000: 389.280: [GC [PSYoungGen: 163336K->1008K(160512K)] 251851K->89595K(847488K), 0.0050290 secs] [Times: user=0.02 sys=0.00, real=0.00 secs] 
2014-07-16T10:14:26.843+0000: 389.851: [GC [PSYoungGen: 160496K->466K(156992K)] 249083K->89133K(843968K), 0.0049550 secs] [Times: user=0.02 sys=0.00, real=0.00 secs] 
2014-07-16T10:14:27.399+0000: 390.408: [GC [PSYoungGen: 156946K->848K(154432K)] 245613K->89603K(841408K), 0.0045980 secs] [Times: user=0.03 sys=0.00, real=0.01 secs] 
2014-07-16T10:14:27.954+0000: 390.963: [GC [PSYoungGen: 154384K->484K(151232K)] 243139K->89319K(838208K), 0.0043800 secs] [Times: user=0.02 sys=0.00, real=0.00 secs] 
2014-07-16T10:14:28.495+0000: 391.504: [GC [PSYoungGen: 151204K->530K(148544K)] 240039K->89413K(835520K), 0.0086470 secs] [Times: user=0.05 sys=0.01, real=0.01 secs] 
2014-07-16T10:14:29.030+0000: 392.038: [GC [PSYoungGen: 148498K->722K(146048K)] 237381K->89677K(833024K), 0.0033530 secs] [Times: user=0.01 sys=0.00, real=0.01 secs] 
2014-07-16T10:14:29.553+0000: 392.561: [GC [PSYoungGen: 145960K->658K(143424K)] 234915K->89709K(830400K), 0.0037770 secs] [Times: user=0.02 sys=0.00, real=0.00 secs] 
2014-07-16T10:14:30.116+0000: 393.125: [GC [PSYoungGen: 143378K->530K(140800K)] 232429K->89653K(827776K), 0.0034970 secs] [Times: user=0.01 sys=0.00, real=0.00 secs] 
2014-07-16T10:14:30.581+0000: 393.589: [GC [PSYoungGen: 140754K->680K(169024K)] 229877K->89851K(856000K), 0.0112080 secs] [Times: user=0.07 sys=0.00, real=0.01 secs] 
2014-07-16T10:14:31.193+0000: 394.201: [GC [PSYoungGen: 169000K->1108K(203136K)] 258171K->90359K(890112K), 0.0051160 secs] [Times: user=0.03 sys=0.00, real=0.01 secs] 
2014-07-16T10:14:31.966+0000: 394.974: [GC [PSYoungGen: 203085K->866K(198464K)] 292336K->90867K(885440K), 0.0037260 secs] [Times: user=0.02 sys=0.00, real=0.00 secs] 
2014-07-16T10:14:32.650+0000: 395.658: [GC [PSYoungGen: 198432K->1500K(194880K)] 288434K->91557K(881856K), 0.0045950 secs] [Times: user=0.02 sys=0.00, real=0.01 secs] 
2014-07-16T10:14:33.340+0000: 396.349: [GC [PSYoungGen: 194797K->954K(190208K)] 284855K->91665K(877184K), 0.0035560 secs] [Times: user=0.02 sys=0.00, real=0.01 secs] 
2014-07-16T10:14:34.020+0000: 397.029: [GC [PSYoungGen: 190188K->726K(186048K)] 280900K->91509K(873024K), 0.0044600 secs] [Times: user=0.02 sys=0.01, real=0.01 secs] 
2014-07-16T10:14:34.689+0000: 397.697: [GC [PSYoungGen: 185967K->1044K(182528K)] 276751K->91907K(869504K), 0.0071310 secs] [Times: user=0.05 sys=0.00, real=0.01 secs] 
2014-07-16T10:14:35.343+0000: 398.351: [GC [PSYoungGen: 182484K->484K(178240K)] 273347K->91419K(865216K), 0.0047180 secs] [Times: user=0.02 sys=0.00, real=0.01 secs] 
2014-07-16T10:14:35.975+0000: 398.984: [GC [PSYoungGen: 178200K->1432K(175616K)] 269135K->92431K(862592K), 0.0038630 secs] [Times: user=0.01 sys=0.00, real=0.00 secs] 
2014-07-16T10:14:36.600+0000: 399.608: [GC [PSYoungGen: 175541K->1300K(172032K)] 266541K->92363K(859008K), 0.0036370 secs] [Times: user=0.02 sys=0.00, real=0.00 secs] 
2014-07-16T10:14:37.211+0000: 400.220: [GC [PSYoungGen: 171966K->658K(168000K)] 263029K->91793K(854976K), 0.0054250 secs] [Times: user=0.02 sys=0.00, real=0.01 secs] 
2014-07-16T10:14:37.818+0000: 400.826: [GC [PSYoungGen: 167889K->1530K(165568K)] 259025K->92753K(852544K), 0.0032660 secs] [Times: user=0.02 sys=0.00, real=0.00 secs] 
2014-07-16T10:14:38.388+0000: 401.397: [GC [PSYoungGen: 165562K->544K(161472K)] 256785K->91815K(848448K), 0.0051940 secs] [Times: user=0.02 sys=0.00, real=0.00 secs] 
2014-07-16T10:14:38.976+0000: 401.984: [GC [PSYoungGen: 161425K->448K(158272K)] 252696K->91783K(845248K), 0.0034320 secs] [Times: user=0.01 sys=0.01, real=0.00 secs] 
2014-07-16T10:14:39.537+0000: 402.546: [GC [PSYoungGen: 158272K->858K(155776K)] 249607K->92249K(842752K), 0.0063220 secs] [Times: user=0.03 sys=0.00, real=0.00 secs] 
2014-07-16T10:14:40.126+0000: 403.134: [GC [PSYoungGen: 155708K->630K(152640K)] 247100K->92069K(839616K), 0.0079190 secs] [Times: user=0.04 sys=0.00, real=0.01 secs] 
2014-07-16T10:14:40.634+0000: 403.642: [GC [PSYoungGen: 152630K->848K(150080K)] 244069K->92359K(837056K), 0.0052120 secs] [Times: user=0.02 sys=0.00, real=0.01 secs] 
2014-07-16T10:14:41.169+0000: 404.177: [GC [PSYoungGen: 150032K->594K(147136K)] 241543K->92193K(834112K), 0.0043280 secs] [Times: user=0.02 sys=0.00, real=0.00 secs] 
2014-07-16T10:14:41.690+0000: 404.698: [GC [PSYoungGen: 147075K->748K(144640K)] 238675K->92435K(831616K), 0.0070770 secs] [Times: user=0.04 sys=0.00, real=0.01 secs] 
2014-07-16T10:14:42.206+0000: 405.214: [GC [PSYoungGen: 144561K->694K(142016K)] 236249K->92485K(828992K), 0.0030150 secs] [Times: user=0.01 sys=0.00, real=0.00 secs] 
2014-07-16T10:14:42.714+0000: 405.722: [GC [PSYoungGen: 141982K->990K(139840K)] 233773K->92853K(826816K), 0.0071880 secs] [Times: user=0.04 sys=0.00, real=0.01 secs] 
2014-07-16T10:14:43.213+0000: 406.222: [GC [PSYoungGen: 139806K->612K(167232K)] 231669K->92539K(854208K), 0.0098440 secs] [Times: user=0.06 sys=0.00, real=0.01 secs] 
2014-07-16T10:14:43.826+0000: 406.834: [GC [PSYoungGen: 167181K->694K(200640K)] 259109K->92669K(887616K), 0.0035010 secs] [Times: user=0.01 sys=0.00, real=0.00 secs] 
2014-07-16T10:14:44.536+0000: 407.544: [GC [PSYoungGen: 200630K->384K(195968K)] 292605K->92407K(882944K), 0.0058850 secs] [Times: user=0.03 sys=0.00, real=0.00 secs] 
2014-07-16T10:14:45.318+0000: 408.326: [GC [PSYoungGen: 195968K->826K(192256K)] 287991K->92905K(879232K), 0.0030380 secs] [Times: user=0.02 sys=0.00, real=0.00 secs] 
2014-07-16T10:14:45.938+0000: 408.946: [GC [PSYoungGen: 192250K->512K(187904K)] 284329K->92679K(874880K), 0.0044040 secs] [Times: user=0.02 sys=0.00, real=0.00 secs] 
2014-07-16T10:14:46.605+0000: 409.613: [GC [PSYoungGen: 187904K->594K(184128K)] 280071K->92817K(871104K), 0.0038130 secs] [Times: user=0.01 sys=0.00, real=0.01 secs] 
2014-07-16T10:14:47.269+0000: 410.277: [GC [PSYoungGen: 184082K->680K(180416K)] 276305K->92991K(867392K), 0.0029330 secs] [Times: user=0.02 sys=0.00, real=0.00 secs] 
2014-07-16T10:14:47.934+0000: 410.942: [GC [PSYoungGen: 180392K->790K(176896K)] 272703K->93165K(863872K), 0.0042280 secs] [Times: user=0.03 sys=0.00, real=0.01 secs] 
2014-07-16T10:14:48.532+0000: 411.541: [GC [PSYoungGen: 176854K->498K(173056K)] 269229K->92937K(860032K), 0.0032030 secs] [Times: user=0.01 sys=0.00, real=0.00 secs] 
2014-07-16T10:14:49.155+0000: 412.163: [GC [PSYoungGen: 173042K->854K(169984K)] 265481K->93357K(856960K), 0.0037350 secs] [Times: user=0.01 sys=0.00, real=0.01 secs] 
2014-07-16T10:14:49.767+0000: 412.776: [GC [PSYoungGen: 169940K->626K(166400K)] 262443K->93169K(853376K), 0.0113540 secs] [Times: user=0.05 sys=0.00, real=0.01 secs] 
2014-07-16T10:14:50.357+0000: 413.365: [GC [PSYoungGen: 166346K->912K(163520K)] 258890K->93503K(850496K), 0.0047450 secs] [Times: user=0.01 sys=0.00, real=0.00 secs] 
2014-07-16T10:14:50.941+0000: 413.950: [GC [PSYoungGen: 163472K->1254K(160704K)] 256063K->94123K(847680K), 0.0062630 secs] [Times: user=0.03 sys=0.00, real=0.01 secs] 
2014-07-16T10:14:51.512+0000: 414.520: [GC [PSYoungGen: 160678K->356K(191744K)] 253547K->93611K(878720K), 0.0082750 secs] [Times: user=0.04 sys=0.00, real=0.01 secs] 
2014-07-16T10:14:52.199+0000: 415.207: [GC [PSYoungGen: 191716K->694K(188032K)] 284971K->94047K(875008K), 0.0052170 secs] [Times: user=0.03 sys=0.00, real=0.00 secs] 
2014-07-16T10:14:52.892+0000: 415.900: [GC [PSYoungGen: 188022K->740K(184192K)] 281375K->94337K(871168K), 0.0039820 secs] [Times: user=0.02 sys=0.00, real=0.01 secs] 
2014-07-16T10:14:53.561+0000: 416.570: [GC [PSYoungGen: 184159K->1236K(180928K)] 277757K->94873K(867904K), 0.0047070 secs] [Times: user=0.02 sys=0.00, real=0.01 secs] 
2014-07-16T10:14:54.248+0000: 417.256: [GC [PSYoungGen: 180884K->812K(176832K)] 274521K->94489K(863808K), 0.0067990 secs] [Times: user=0.04 sys=0.00, real=0.00 secs] 
2014-07-16T10:14:54.829+0000: 417.838: [GC [PSYoungGen: 176806K->1400K(173888K)] 270484K->95224K(860864K), 0.0039400 secs] [Times: user=0.01 sys=0.00, real=0.00 secs] 
2014-07-16T10:14:55.544+0000: 418.552: [GC [PSYoungGen: 173844K->620K(169664K)] 267668K->94693K(856640K), 0.0046020 secs] [Times: user=0.02 sys=0.00, real=0.01 secs] 
2014-07-16T10:14:56.133+0000: 419.141: [GC [PSYoungGen: 169644K->830K(166528K)] 263717K->94975K(853504K), 0.0037590 secs] [Times: user=0.02 sys=0.00, real=0.00 secs] 
2014-07-16T10:14:56.727+0000: 419.735: [GC [PSYoungGen: 166526K->480K(163008K)] 260671K->95087K(849984K), 0.0033190 secs] [Times: user=0.02 sys=0.00, real=0.01 secs] 
2014-07-16T10:14:57.309+0000: 420.317: [GC [PSYoungGen: 162976K->876K(160256K)] 257583K->95580K(847232K), 0.0042270 secs] [Times: user=0.03 sys=0.00, real=0.00 secs] 
2014-07-16T10:14:57.885+0000: 420.894: [GC [PSYoungGen: 160236K->498K(156864K)] 254940K->95289K(843840K), 0.0037310 secs] [Times: user=0.02 sys=0.00, real=0.01 secs] 
2014-07-16T10:14:58.446+0000: 421.454: [GC [PSYoungGen: 156804K->1090K(154560K)] 251596K->95954K(841536K), 0.0042340 secs] [Times: user=0.02 sys=0.00, real=0.01 secs] 
2014-07-16T10:14:58.994+0000: 422.002: [GC [PSYoungGen: 154498K->740K(151360K)] 249362K->95700K(838336K), 0.0028620 secs] [Times: user=0.01 sys=0.00, real=0.00 secs] 
2014-07-16T10:14:59.540+0000: 422.549: [GC [PSYoungGen: 151332K->1090K(148992K)] 246292K->96130K(835968K), 0.0117770 secs] [Times: user=0.07 sys=0.00, real=0.01 secs] 
2014-07-16T10:15:00.082+0000: 423.091: [GC [PSYoungGen: 148930K->1076K(146240K)] 243970K->96402K(833216K), 0.0042620 secs] [Times: user=0.02 sys=0.00, real=0.00 secs] 
2014-07-16T10:15:00.642+0000: 423.650: [GC [PSYoungGen: 146147K->904K(143552K)] 241473K->96310K(830528K), 0.0047700 secs] [Times: user=0.03 sys=0.00, real=0.00 secs] 
2014-07-16T10:15:01.132+0000: 424.141: [GC [PSYoungGen: 143496K->816K(140928K)] 238902K->96286K(827904K), 0.0054410 secs] [Times: user=0.03 sys=0.00, real=0.00 secs] 
2014-07-16T10:15:01.643+0000: 424.651: [GC [PSYoungGen: 140911K->370K(138048K)] 236381K->95888K(825024K), 0.0048440 secs] [Times: user=0.02 sys=0.00, real=0.00 secs] 
2014-07-16T10:15:02.171+0000: 425.179: [GC [PSYoungGen: 138034K->928K(136256K)] 233552K->96509K(823232K), 0.0035650 secs] [Times: user=0.02 sys=0.00, real=0.00 secs] 
2014-07-16T10:15:02.635+0000: 425.644: [GC [PSYoungGen: 136224K->1496K(134528K)] 231805K->97350K(821504K), 0.0031640 secs] [Times: user=0.02 sys=0.00, real=0.01 secs] 
2014-07-16T10:15:03.104+0000: 426.113: [GC [PSYoungGen: 134488K->498K(131264K)] 230342K->96448K(818240K), 0.0032190 secs] [Times: user=0.01 sys=0.00, real=0.00 secs] 
2014-07-16T10:15:03.602+0000: 426.611: [GC [PSYoungGen: 131222K->1242K(129856K)] 227172K->97264K(816832K), 0.0080390 secs] [Times: user=0.05 sys=0.00, real=0.01 secs] 
2014-07-16T10:15:04.057+0000: 427.065: [GC [PSYoungGen: 129818K->566K(127040K)] 225840K->96660K(814016K), 0.0033400 secs] [Times: user=0.02 sys=0.00, real=0.01 secs] 
2014-07-16T10:15:04.556+0000: 427.564: [GC [PSYoungGen: 126998K->954K(152768K)] 223092K->97120K(839744K), 0.0073500 secs] [Times: user=0.04 sys=0.00, real=0.01 secs] 
2014-07-16T10:15:05.096+0000: 428.104: [GC [PSYoungGen: 152745K->1080K(150144K)] 248911K->97302K(837120K), 0.0042120 secs] [Times: user=0.01 sys=0.00, real=0.01 secs] 
2014-07-16T10:15:05.651+0000: 428.659: [GC [PSYoungGen: 150136K->1184K(147584K)] 246358K->97454K(834560K), 0.0050910 secs] [Times: user=0.03 sys=0.01, real=0.00 secs] 
2014-07-16T10:15:06.180+0000: 429.188: [GC [PSYoungGen: 147552K->516K(176256K)] 243822K->96834K(863232K), 0.0075230 secs] [Times: user=0.04 sys=0.00, real=0.00 secs] 
2014-07-16T10:15:06.801+0000: 429.810: [GC [PSYoungGen: 176196K->802K(172992K)] 272514K->97176K(859968K), 0.0040130 secs] [Times: user=0.02 sys=0.00, real=0.00 secs] 
2014-07-16T10:15:07.420+0000: 430.428: [GC [PSYoungGen: 172962K->644K(169472K)] 269336K->97098K(856448K), 0.0048940 secs] [Times: user=0.02 sys=0.00, real=0.00 secs] 
2014-07-16T10:15:08.023+0000: 431.031: [GC [PSYoungGen: 169412K->634K(166080K)] 265866K->97144K(853056K), 0.0046810 secs] [Times: user=0.02 sys=0.00, real=0.00 secs] 
2014-07-16T10:15:08.622+0000: 431.630: [GC [PSYoungGen: 166074K->566K(162816K)] 262584K->97124K(849792K), 0.0030680 secs] [Times: user=0.01 sys=0.00, real=0.00 secs] 
2014-07-16T10:15:09.212+0000: 432.220: [GC [PSYoungGen: 162806K->658K(159872K)] 259364K->97280K(846848K), 0.0031450 secs] [Times: user=0.01 sys=0.00, real=0.00 secs] 
2014-07-16T10:15:09.789+0000: 432.797: [GC [PSYoungGen: 159811K->784K(156992K)] 256433K->97454K(843968K), 0.0031130 secs] [Times: user=0.01 sys=0.00, real=0.01 secs] 
2014-07-16T10:15:10.342+0000: 433.350: [GC [PSYoungGen: 156944K->762K(153984K)] 253614K->97512K(840960K), 0.0044780 secs] [Times: user=0.01 sys=0.01, real=0.00 secs] 
2014-07-16T10:15:10.930+0000: 433.938: [GC [PSYoungGen: 153972K->1084K(151488K)] 250722K->97890K(838464K), 0.0034650 secs] [Times: user=0.02 sys=0.00, real=0.00 secs] 
2014-07-16T10:15:11.500+0000: 434.508: [GC [PSYoungGen: 151484K->498K(148160K)] 248290K->97360K(835136K), 0.0054960 secs] [Times: user=0.04 sys=0.00, real=0.00 secs] 
2014-07-16T10:15:12.011+0000: 435.019: [GC [PSYoungGen: 148146K->608K(145600K)] 245008K->97550K(832576K), 0.0063110 secs] [Times: user=0.04 sys=0.00, real=0.00 secs] 
2014-07-16T10:15:12.539+0000: 435.548: [GC [PSYoungGen: 145493K->1308K(143744K)] 242435K->98338K(830720K), 0.0028110 secs] [Times: user=0.01 sys=0.00, real=0.00 secs] 
2014-07-16T10:15:13.052+0000: 436.061: [GC [PSYoungGen: 143708K->830K(140736K)] 240738K->97948K(827712K), 0.0052390 secs] [Times: user=0.03 sys=0.00, real=0.00 secs] 
2014-07-16T10:15:13.566+0000: 436.575: [GC [PSYoungGen: 140734K->812K(138304K)] 237852K->97978K(825280K), 0.0061520 secs] [Times: user=0.03 sys=0.01, real=0.01 secs] 
2014-07-16T10:15:14.049+0000: 437.058: [GC [PSYoungGen: 138284K->480K(135616K)] 235450K->97750K(822592K), 0.0039690 secs] [Times: user=0.03 sys=0.00, real=0.01 secs] 
2014-07-16T10:15:14.542+0000: 437.550: [GC [PSYoungGen: 135584K->1362K(134208K)] 232854K->98688K(821184K), 0.0056820 secs] [Times: user=0.03 sys=0.01, real=0.00 secs] 
2014-07-16T10:15:15.012+0000: 438.020: [GC [PSYoungGen: 134162K->466K(131072K)] 231488K->97848K(818048K), 0.0042240 secs] [Times: user=0.01 sys=0.00, real=0.00 secs] 
2014-07-16T10:15:15.562+0000: 438.571: [GC [PSYoungGen: 131026K->1138K(129536K)] 228408K->98616K(816512K), 0.0040170 secs] [Times: user=0.02 sys=0.00, real=0.00 secs] 
2014-07-16T10:15:15.994+0000: 439.002: [GC [PSYoungGen: 129522K->612K(126912K)] 227000K->98138K(813888K), 0.0030210 secs] [Times: user=0.01 sys=0.00, real=0.00 secs] 
2014-07-16T10:15:16.450+0000: 439.458: [GC [PSYoungGen: 126884K->602K(124864K)] 224410K->98192K(811840K), 0.0049910 secs] [Times: user=0.03 sys=0.00, real=0.01 secs] 
2014-07-16T10:15:16.911+0000: 439.919: [GC [PSYoungGen: 124809K->976K(123264K)] 222399K->98638K(810240K), 0.0047350 secs] [Times: user=0.03 sys=0.00, real=0.00 secs] 
2014-07-16T10:15:17.338+0000: 440.346: [GC [PSYoungGen: 123199K->1240K(121600K)] 220861K->98942K(808576K), 0.0057920 secs] [Times: user=0.02 sys=0.00, real=0.01 secs] 
2014-07-16T10:15:17.768+0000: 440.776: [GC [PSYoungGen: 121560K->630K(119104K)] 219262K->98412K(806080K), 0.0029550 secs] [Times: user=0.02 sys=0.00, real=0.01 secs] 
2014-07-16T10:15:18.202+0000: 441.211: [GC [PSYoungGen: 119094K->594K(117248K)] 216876K->98472K(804224K), 0.0033780 secs] [Times: user=0.02 sys=0.00, real=0.00 secs] 
2014-07-16T10:15:18.617+0000: 441.625: [GC [PSYoungGen: 117202K->790K(115648K)] 215080K->98700K(802624K), 0.0051890 secs] [Times: user=0.02 sys=0.00, real=0.01 secs] 
2014-07-16T10:15:19.033+0000: 442.042: [GC [PSYoungGen: 115605K->830K(138624K)] 213515K->98764K(825600K), 0.0051470 secs] [Times: user=0.02 sys=0.00, real=0.00 secs] 
2014-07-16T10:15:19.522+0000: 442.531: [GC [PSYoungGen: 138613K->702K(166080K)] 236547K->98692K(853056K), 0.0056220 secs] [Times: user=0.03 sys=0.00, real=0.00 secs] 
2014-07-16T10:15:20.120+0000: 443.128: [GC [PSYoungGen: 166078K->498K(162688K)] 264068K->98560K(849664K), 0.0049820 secs] [Times: user=0.03 sys=0.00, real=0.01 secs] 
2014-07-16T10:15:20.769+0000: 443.777: [GC [PSYoungGen: 162674K->876K(160000K)] 260736K->99018K(846976K), 0.0055100 secs] [Times: user=0.02 sys=0.00, real=0.01 secs] 
2014-07-16T10:15:21.333+0000: 444.341: [GC [PSYoungGen: 159980K->658K(156800K)] 258122K->98872K(843776K), 0.0031800 secs] [Times: user=0.01 sys=0.00, real=0.00 secs] 
2014-07-16T10:15:21.929+0000: 444.938: [GC [PSYoungGen: 156694K->980K(154176K)] 254908K->99266K(841152K), 0.0049280 secs] [Times: user=0.03 sys=0.00, real=0.01 secs] 
2014-07-16T10:15:22.489+0000: 445.497: [GC [PSYoungGen: 154131K->926K(151296K)] 252418K->99276K(838272K), 0.0053970 secs] [Times: user=0.04 sys=0.00, real=0.01 secs] 
2014-07-16T10:15:23.022+0000: 446.030: [GC [PSYoungGen: 151237K->708K(148352K)] 249587K->99130K(835328K), 0.0024880 secs] [Times: user=0.01 sys=0.01, real=0.00 secs] 
2014-07-16T10:15:23.569+0000: 446.578: [GC [PSYoungGen: 148292K->1132K(146112K)] 246714K->99618K(833088K), 0.0071350 secs] [Times: user=0.05 sys=0.00, real=0.01 secs] 
2014-07-16T10:15:24.089+0000: 447.097: [GC [PSYoungGen: 146092K->744K(143168K)] 244578K->99302K(830144K), 0.0026490 secs] [Times: user=0.01 sys=0.01, real=0.01 secs] 
2014-07-16T10:15:24.617+0000: 447.625: [GC [PSYoungGen: 143144K->926K(164928K)] 241702K->99532K(851904K), 0.0090040 secs] [Times: user=0.05 sys=0.00, real=0.01 secs] 
2014-07-16T10:15:25.192+0000: 448.201: [GC [PSYoungGen: 164510K->1158K(161664K)] 263116K->99820K(848640K), 0.0028700 secs] [Times: user=0.02 sys=0.00, real=0.00 secs] 
2014-07-16T10:15:25.851+0000: 448.859: [GC [PSYoungGen: 161606K->698K(158080K)] 260268K->99424K(845056K), 0.0032220 secs] [Times: user=0.02 sys=0.01, real=0.00 secs] 
2014-07-16T10:15:26.343+0000: 449.351: [GC [PSYoungGen: 158074K->944K(155392K)] 256800K->99742K(842368K), 0.0039690 secs] [Times: user=0.02 sys=0.00, real=0.00 secs] 
2014-07-16T10:15:26.891+0000: 449.900: [GC [PSYoungGen: 155343K->998K(152576K)] 254141K->99868K(839552K), 0.0079890 secs] [Times: user=0.04 sys=0.00, real=0.01 secs] 
2014-07-16T10:15:27.420+0000: 450.429: [GC [PSYoungGen: 152549K->876K(149696K)] 251419K->99802K(836672K), 0.0053160 secs] [Times: user=0.03 sys=0.00, real=0.01 secs] 
2014-07-16T10:15:27.950+0000: 450.958: [GC [PSYoungGen: 149676K->762K(146880K)] 248602K->99744K(833856K), 0.0033580 secs] [Times: user=0.01 sys=0.00, real=0.01 secs] 
2014-07-16T10:15:28.482+0000: 451.490: [GC [PSYoungGen: 146874K->384K(143872K)] 245856K->99430K(830848K), 0.0036690 secs] [Times: user=0.02 sys=0.00, real=0.00 secs] 
2014-07-16T10:15:29.004+0000: 452.013: [GC [PSYoungGen: 143872K->1330K(142272K)] 242918K->100448K(829248K), 0.0059300 secs] [Times: user=0.04 sys=0.00, real=0.00 secs] 
2014-07-16T10:15:29.508+0000: 452.517: [GC [PSYoungGen: 142258K->402K(138944K)] 241376K->99576K(825920K), 0.0053170 secs] [Times: user=0.02 sys=0.01, real=0.01 secs] 
2014-07-16T10:15:30.002+0000: 453.010: [GC [PSYoungGen: 138854K->626K(136768K)] 238028K->99872K(823744K), 0.0044020 secs] [Times: user=0.03 sys=0.00, real=0.01 secs] 
2014-07-16T10:15:30.504+0000: 453.512: [GC [PSYoungGen: 136719K->758K(134592K)] 235965K->100108K(821568K), 0.0059600 secs] [Times: user=0.04 sys=0.00, real=0.00 secs] 
2014-07-16T10:15:31.021+0000: 454.029: [GC [PSYoungGen: 134510K->1058K(132672K)] 233860K->100464K(819648K), 0.0038560 secs] [Times: user=0.01 sys=0.00, real=0.01 secs] 
2014-07-16T10:15:31.453+0000: 454.461: [GC [PSYoungGen: 132642K->762K(158720K)] 232048K->100200K(845696K), 0.0066310 secs] [Times: user=0.04 sys=0.00, real=0.00 secs] 
2014-07-16T10:15:32.034+0000: 455.042: [GC [PSYoungGen: 158671K->1296K(156352K)] 258109K->100806K(843328K), 0.0030340 secs] [Times: user=0.01 sys=0.00, real=0.00 secs] 
2014-07-16T10:15:32.577+0000: 455.586: [GC [PSYoungGen: 156304K->562K(152704K)] 255814K->100192K(839680K), 0.0024510 secs] [Times: user=0.01 sys=0.00, real=0.00 secs] 
2014-07-16T10:15:33.139+0000: 456.148: [GC [PSYoungGen: 152688K->576K(149888K)] 252318K->100302K(836864K), 0.0031950 secs] [Times: user=0.01 sys=0.00, real=0.00 secs] 
2014-07-16T10:15:33.655+0000: 456.664: [GC [PSYoungGen: 149852K->1204K(147840K)] 249578K->101026K(834816K), 0.0045630 secs] [Times: user=0.03 sys=0.00, real=0.00 secs] 
2014-07-16T10:15:34.192+0000: 457.200: [GC [PSYoungGen: 147828K->534K(144576K)] 247650K->100404K(831552K), 0.0058230 secs] [Times: user=0.03 sys=0.00, real=0.01 secs] 
2014-07-16T10:15:34.685+0000: 457.693: [GC [PSYoungGen: 144534K->434K(141888K)] 244404K->100384K(828864K), 0.0030990 secs] [Times: user=0.01 sys=0.00, real=0.00 secs] 
2014-07-16T10:15:35.193+0000: 458.201: [GC [PSYoungGen: 141874K->1008K(139968K)] 241824K->101046K(826944K), 0.0053220 secs] [Times: user=0.03 sys=0.00, real=0.01 secs] 
2014-07-16T10:15:35.725+0000: 458.734: [GC [PSYoungGen: 139928K->620K(137152K)] 239966K->100690K(824128K), 0.0032260 secs] [Times: user=0.01 sys=0.00, real=0.00 secs] 
2014-07-16T10:15:36.207+0000: 459.215: [GC [PSYoungGen: 137110K->1090K(135360K)] 237180K->101248K(822336K), 0.0031130 secs] [Times: user=0.02 sys=0.00, real=0.00 secs] 
2014-07-16T10:15:36.693+0000: 459.701: [GC [PSYoungGen: 135276K->836K(132864K)] 235434K->101034K(819840K), 0.0038950 secs] [Times: user=0.01 sys=0.00, real=0.01 secs] 
2014-07-16T10:15:37.165+0000: 460.174: [GC [PSYoungGen: 132804K->384K(130176K)] 233002K->100622K(817152K), 0.0061690 secs] [Times: user=0.03 sys=0.00, real=0.00 secs] 
2014-07-16T10:15:37.637+0000: 460.646: [GC [PSYoungGen: 130176K->644K(128384K)] 230414K->100946K(815360K), 0.0042930 secs] [Times: user=0.02 sys=0.00, real=0.00 secs] 
2014-07-16T10:15:38.100+0000: 461.108: [GC [PSYoungGen: 128324K->740K(126336K)] 228626K->101122K(813312K), 0.0032270 secs] [Times: user=0.01 sys=0.00, real=0.01 secs] 
2014-07-16T10:15:38.548+0000: 461.556: [GC [PSYoungGen: 126289K->836K(124416K)] 226671K->101298K(811392K), 0.0023020 secs] [Times: user=0.01 sys=0.00, real=0.00 secs] 
2014-07-16T10:15:38.988+0000: 461.996: [GC [PSYoungGen: 124356K->880K(122432K)] 224818K->101446K(809408K), 0.0026560 secs] [Times: user=0.01 sys=0.00, real=0.00 secs] 
2014-07-16T10:15:39.422+0000: 462.431: [GC [PSYoungGen: 122393K->952K(120576K)] 222959K->101608K(807552K), 0.0032900 secs] [Times: user=0.02 sys=0.00, real=0.01 secs] 
2014-07-16T10:15:39.855+0000: 462.863: [GC [PSYoungGen: 120556K->1030K(118848K)] 221212K->101758K(805824K), 0.0040190 secs] [Times: user=0.02 sys=0.00, real=0.00 secs] 
2014-07-16T10:15:40.296+0000: 463.305: [GC [PSYoungGen: 118790K->694K(116672K)] 219518K->101502K(803648K), 0.0045470 secs] [Times: user=0.03 sys=0.00, real=0.00 secs] 
2014-07-16T10:15:40.697+0000: 463.705: [GC [PSYoungGen: 116662K->690K(114880K)] 217470K->101570K(801856K), 0.0061500 secs] [Times: user=0.04 sys=0.00, real=0.00 secs] 
2014-07-16T10:15:41.128+0000: 464.136: [GC [PSYoungGen: 114835K->1076K(113536K)] 215715K->102060K(800512K), 0.0040530 secs] [Times: user=0.03 sys=0.00, real=0.00 secs] 
2014-07-16T10:15:41.503+0000: 464.511: [GC [PSYoungGen: 113523K->520K(135552K)] 214507K->101544K(822528K), 0.0049890 secs] [Times: user=0.03 sys=0.00, real=0.01 secs] 
2014-07-16T10:15:41.992+0000: 465.001: [GC [PSYoungGen: 135496K->658K(133376K)] 236520K->101722K(820352K), 0.0038130 secs] [Times: user=0.01 sys=0.00, real=0.01 secs] 
2014-07-16T10:15:42.466+0000: 465.474: [GC [PSYoungGen: 133323K->1326K(131776K)] 234387K->102846K(818752K), 0.0031850 secs] [Times: user=0.01 sys=0.01, real=0.00 secs] 
2014-07-16T10:15:42.945+0000: 465.954: [GC [PSYoungGen: 131758K->690K(128960K)] 233278K->102338K(815936K), 0.0028380 secs] [Times: user=0.01 sys=0.00, real=0.00 secs] 
2014-07-16T10:15:43.410+0000: 466.418: [GC [PSYoungGen: 128946K->1004K(127168K)] 230594K->102732K(814144K), 0.0069390 secs] [Times: user=0.03 sys=0.00, real=0.01 secs] 
2014-07-16T10:15:43.868+0000: 466.876: [GC [PSYoungGen: 127148K->916K(125056K)] 228876K->102766K(812032K), 0.0035370 secs] [Times: user=0.01 sys=0.01, real=0.00 secs] 
2014-07-16T10:15:44.299+0000: 467.307: [GC [PSYoungGen: 124995K->680K(149632K)] 226846K->102586K(836608K), 0.0167730 secs] [Times: user=0.09 sys=0.00, real=0.02 secs] 
2014-07-16T10:15:44.842+0000: 467.850: [GC [PSYoungGen: 149565K->530K(150336K)] 251472K->102508K(837312K), 0.0036850 secs] [Times: user=0.02 sys=0.01, real=0.01 secs] 
2014-07-16T10:15:45.392+0000: 468.401: [GC [PSYoungGen: 149430K->1154K(150336K)] 251408K->103204K(837312K), 0.0040540 secs] [Times: user=0.02 sys=0.00, real=0.01 secs] 
2014-07-16T10:15:46.064+0000: 469.073: [GC [PSYoungGen: 150082K->992K(180224K)] 252132K->103122K(867200K), 0.0030890 secs] [Times: user=0.02 sys=0.00, real=0.00 secs] 
2014-07-16T10:15:46.662+0000: 469.670: [GC [PSYoungGen: 179696K->804K(175936K)] 281826K->103022K(862912K), 0.0038380 secs] [Times: user=0.02 sys=0.00, real=0.01 secs] 
2014-07-16T10:15:47.298+0000: 470.306: [GC [PSYoungGen: 175908K->466K(172096K)] 278126K->102740K(859072K), 0.0033650 secs] [Times: user=0.02 sys=0.00, real=0.00 secs] 
2014-07-16T10:15:47.910+0000: 470.918: [GC [PSYoungGen: 172047K->484K(168704K)] 274322K->102830K(855680K), 0.0045090 secs] [Times: user=0.03 sys=0.00, real=0.00 secs] 
2014-07-16T10:15:48.524+0000: 471.533: [GC [PSYoungGen: 168676K->1008K(165952K)] 271022K->103442K(852928K), 0.0051000 secs] [Times: user=0.03 sys=0.00, real=0.01 secs] 
2014-07-16T10:15:49.117+0000: 472.125: [GC [PSYoungGen: 165936K->662K(162432K)] 268370K->103184K(849408K), 0.0046040 secs] [Times: user=0.03 sys=0.01, real=0.00 secs] 
2014-07-16T10:15:49.691+0000: 472.700: [GC [PSYoungGen: 162390K->1084K(159744K)] 264912K->103654K(846720K), 0.0082060 secs] [Times: user=0.05 sys=0.00, real=0.01 secs] 
2014-07-16T10:15:50.268+0000: 473.276: [GC [PSYoungGen: 159740K->812K(156480K)] 262310K->103446K(843456K), 0.0032010 secs] [Times: user=0.01 sys=0.00, real=0.00 secs] 
2014-07-16T10:15:50.818+0000: 473.827: [GC [PSYoungGen: 156460K->438K(153216K)] 259094K->103096K(840192K), 0.0056410 secs] [Times: user=0.01 sys=0.00, real=0.00 secs] 
2014-07-16T10:15:51.399+0000: 474.407: [GC [PSYoungGen: 153206K->466K(150464K)] 255864K->103188K(837440K), 0.0029610 secs] [Times: user=0.02 sys=0.00, real=0.00 secs] 
2014-07-16T10:15:51.919+0000: 474.928: [GC [PSYoungGen: 150418K->648K(147904K)] 253140K->103442K(834880K), 0.0049910 secs] [Times: user=0.03 sys=0.00, real=0.00 secs] 
2014-07-16T10:15:52.430+0000: 475.438: [GC [PSYoungGen: 147805K->1280K(145920K)] 250599K->104154K(832896K), 0.0056590 secs] [Times: user=0.03 sys=0.00, real=0.01 secs] 
2014-07-16T10:15:52.947+0000: 475.955: [GC [PSYoungGen: 145816K->680K(142720K)] 248690K->103916K(829696K), 0.0036210 secs] [Times: user=0.02 sys=0.00, real=0.00 secs] 
2014-07-16T10:15:53.446+0000: 476.454: [GC [PSYoungGen: 142617K->1508K(141056K)] 245853K->104932K(828032K), 0.0040240 secs] [Times: user=0.02 sys=0.01, real=0.00 secs] 
2014-07-16T10:15:53.950+0000: 476.959: [GC [PSYoungGen: 141028K->630K(137728K)] 244452K->104618K(824704K), 0.0043680 secs] [Times: user=0.02 sys=0.00, real=0.00 secs] 
2014-07-16T10:15:54.451+0000: 477.460: [GC [PSYoungGen: 137718K->772K(135552K)] 241706K->104840K(822528K), 0.0048790 secs] [Times: user=0.03 sys=0.00, real=0.01 secs] 
2014-07-16T10:15:54.934+0000: 477.943: [GC [PSYoungGen: 135492K->402K(132864K)] 239560K->104518K(819840K), 0.0043590 secs] [Times: user=0.02 sys=0.00, real=0.01 secs] 
2014-07-16T10:15:55.411+0000: 478.419: [GC [PSYoungGen: 132790K->734K(130944K)] 236906K->104914K(817920K), 0.0033060 secs] [Times: user=0.01 sys=0.00, real=0.00 secs] 
2014-07-16T10:15:55.875+0000: 478.883: [GC [PSYoungGen: 130865K->762K(128768K)] 235045K->105038K(815744K), 0.0032970 secs] [Times: user=0.02 sys=0.00, real=0.01 secs] 
2014-07-16T10:15:56.386+0000: 479.394: [GC [PSYoungGen: 128762K->416K(126336K)] 233038K->104748K(813312K), 0.0035140 secs] [Times: user=0.01 sys=0.00, real=0.01 secs] 
2014-07-16T10:15:56.827+0000: 479.835: [GC [PSYoungGen: 126304K->786K(124672K)] 230636K->105182K(811648K), 0.0079170 secs] [Times: user=0.05 sys=0.00, real=0.00 secs] 
2014-07-16T10:15:57.278+0000: 480.286: [GC [PSYoungGen: 124626K->612K(149248K)] 229022K->105072K(836224K), 0.0052630 secs] [Times: user=0.03 sys=0.00, real=0.00 secs] 
2014-07-16T10:15:57.803+0000: 480.811: [GC [PSYoungGen: 149218K->1404K(147328K)] 253678K->105936K(834304K), 0.0047600 secs] [Times: user=0.03 sys=0.01, real=0.01 secs] 
2014-07-16T10:15:58.315+0000: 481.324: [GC [PSYoungGen: 147324K->576K(143872K)] 251856K->105196K(830848K), 0.0031820 secs] [Times: user=0.01 sys=0.01, real=0.01 secs] 
2014-07-16T10:15:58.835+0000: 481.844: [GC [PSYoungGen: 143872K->936K(141696K)] 248492K->105620K(828672K), 0.0058240 secs] [Times: user=0.04 sys=0.00, real=0.01 secs] 
2014-07-16T10:15:59.337+0000: 482.346: [GC [PSYoungGen: 141672K->1276K(139584K)] 246356K->106032K(826560K), 0.0029930 secs] [Times: user=0.01 sys=0.01, real=0.00 secs] 
2014-07-16T10:15:59.837+0000: 482.845: [GC [PSYoungGen: 139572K->890K(136832K)] 244328K->105784K(823808K), 0.0041180 secs] [Times: user=0.02 sys=0.00, real=0.01 secs] 
2014-07-16T10:16:00.321+0000: 483.329: [GC [PSYoungGen: 136820K->1030K(134720K)] 241714K->105980K(821696K), 0.0053070 secs] [Times: user=0.04 sys=0.00, real=0.00 secs] 
2014-07-16T10:16:00.791+0000: 483.800: [GC [PSYoungGen: 134662K->954K(132352K)] 239612K->105968K(819328K), 0.0033030 secs] [Times: user=0.02 sys=0.00, real=0.00 secs] 
2014-07-16T10:16:01.339+0000: 484.347: [GC [PSYoungGen: 132341K->1078K(130304K)] 237356K->106132K(817280K), 0.0050270 secs] [Times: user=0.01 sys=0.00, real=0.00 secs] 
2014-07-16T10:16:01.746+0000: 484.754: [GC [PSYoungGen: 130294K->940K(128064K)] 235348K->106074K(815040K), 0.0042740 secs] [Times: user=0.02 sys=0.00, real=0.01 secs] 
2014-07-16T10:16:02.200+0000: 485.208: [GC [PSYoungGen: 128044K->698K(153280K)] 233178K->105912K(840256K), 0.0068660 secs] [Times: user=0.05 sys=0.00, real=0.00 secs] 
2014-07-16T10:16:02.745+0000: 485.754: [GC [PSYoungGen: 153274K->1286K(151104K)] 258488K->106572K(838080K), 0.0036890 secs] [Times: user=0.02 sys=0.00, real=0.01 secs] 
2014-07-16T10:16:03.275+0000: 486.283: [GC [PSYoungGen: 151046K->594K(147712K)] 256332K->105960K(834688K), 0.0065030 secs] [Times: user=0.03 sys=0.00, real=0.01 secs] 
2014-07-16T10:16:03.814+0000: 486.822: [GC [PSYoungGen: 147666K->466K(144960K)] 253032K->105928K(831936K), 0.0040460 secs] [Times: user=0.03 sys=0.00, real=0.01 secs] 
2014-07-16T10:16:04.330+0000: 487.339: [GC [PSYoungGen: 144914K->766K(142656K)] 250376K->106292K(829632K), 0.0058860 secs] [Times: user=0.03 sys=0.00, real=0.00 secs] 
2014-07-16T10:16:04.857+0000: 487.865: [GC [PSYoungGen: 142653K->1200K(140608K)] 248179K->106806K(827584K), 0.0048920 secs] [Times: user=0.03 sys=0.00, real=0.01 secs] 
2014-07-16T10:16:05.350+0000: 488.359: [GC [PSYoungGen: 140592K->402K(137408K)] 246198K->106032K(824384K), 0.0041430 secs] [Times: user=0.01 sys=0.00, real=0.00 secs] 
2014-07-16T10:16:05.829+0000: 488.838: [GC [PSYoungGen: 137360K->640K(135232K)] 242990K->106358K(822208K), 0.0038870 secs] [Times: user=0.03 sys=0.00, real=0.00 secs] 
2014-07-16T10:16:06.395+0000: 489.403: [GC [PSYoungGen: 135232K->992K(133312K)] 240950K->106774K(820288K), 0.0072860 secs] [Times: user=0.04 sys=0.00, real=0.01 secs] 
2014-07-16T10:16:06.829+0000: 489.837: [GC [PSYoungGen: 133280K->946K(131008K)] 239062K->106808K(817984K), 0.0031200 secs] [Times: user=0.02 sys=0.00, real=0.00 secs] 
2014-07-16T10:16:07.279+0000: 490.287: [GC [PSYoungGen: 130988K->516K(128448K)] 236851K->106450K(815424K), 0.0031310 secs] [Times: user=0.02 sys=0.00, real=0.00 secs] 
2014-07-16T10:16:07.749+0000: 490.758: [GC [PSYoungGen: 128373K->1408K(127232K)] 234307K->107422K(814208K), 0.0049750 secs] [Times: user=0.03 sys=0.00, real=0.00 secs] 
2014-07-16T10:16:08.221+0000: 491.229: [GC [PSYoungGen: 127167K->626K(124352K)] 233181K->106712K(811328K), 0.0042080 secs] [Times: user=0.02 sys=0.00, real=0.00 secs] 
2014-07-16T10:16:08.650+0000: 491.659: [GC [PSYoungGen: 124338K->416K(122176K)] 230424K->106574K(809152K), 0.0047100 secs] [Times: user=0.03 sys=0.00, real=0.00 secs] 
2014-07-16T10:16:09.089+0000: 492.097: [GC [PSYoungGen: 122143K->722K(120576K)] 228301K->106944K(807552K), 0.0024160 secs] [Times: user=0.01 sys=0.00, real=0.00 secs] 
2014-07-16T10:16:09.517+0000: 492.526: [GC [PSYoungGen: 120530K->384K(118336K)] 226752K->106670K(805312K), 0.0045430 secs] [Times: user=0.03 sys=0.01, real=0.01 secs] 
2014-07-16T10:16:09.935+0000: 492.943: [GC [PSYoungGen: 118336K->470K(116672K)] 224622K->106796K(803648K), 0.0052140 secs] [Times: user=0.03 sys=0.00, real=0.01 secs] 
2014-07-16T10:16:10.354+0000: 493.362: [GC [PSYoungGen: 116630K->762K(115136K)] 222956K->107152K(802112K), 0.0037780 secs] [Times: user=0.02 sys=0.00, real=0.00 secs] 
2014-07-16T10:16:10.762+0000: 493.770: [GC [PSYoungGen: 115130K->940K(113600K)] 221520K->107386K(800576K), 0.0046010 secs] [Times: user=0.02 sys=0.00, real=0.00 secs] 
2014-07-16T10:16:11.168+0000: 494.176: [GC [PSYoungGen: 113501K->748K(111744K)] 219947K->107250K(798720K), 0.0040870 secs] [Times: user=0.01 sys=0.00, real=0.00 secs] 
2014-07-16T10:16:11.610+0000: 494.619: [GC [PSYoungGen: 111724K->672K(110016K)] 218226K->107254K(796992K), 0.0039510 secs] [Times: user=0.02 sys=0.01, real=0.00 secs] 
2014-07-16T10:16:12.001+0000: 495.009: [GC [PSYoungGen: 109932K->680K(108416K)] 216514K->107310K(795392K), 0.0036300 secs] [Times: user=0.01 sys=0.00, real=0.00 secs] 
2014-07-16T10:16:12.391+0000: 495.399: [GC [PSYoungGen: 108392K->844K(107072K)] 215022K->107562K(794048K), 0.0043490 secs] [Times: user=0.02 sys=0.00, real=0.00 secs] 
2014-07-16T10:16:12.779+0000: 495.787: [GC [PSYoungGen: 107020K->608K(105280K)] 213738K->107430K(792256K), 0.0028210 secs] [Times: user=0.02 sys=0.00, real=0.00 secs] 
2014-07-16T10:16:13.154+0000: 496.162: [GC [PSYoungGen: 105248K->716K(126336K)] 212070K->107578K(813312K), 0.0095820 secs] [Times: user=0.05 sys=0.00, real=0.01 secs] 
2014-07-16T10:16:13.624+0000: 496.632: [GC [PSYoungGen: 126284K->1026K(145536K)] 233146K->107976K(832512K), 0.0041200 secs] [Times: user=0.02 sys=0.00, real=0.00 secs] 
2014-07-16T10:16:14.152+0000: 497.160: [GC [PSYoungGen: 145291K->1254K(145600K)] 252242K->108618K(832576K), 0.0032250 secs] [Times: user=0.01 sys=0.00, real=0.00 secs] 
2014-07-16T10:16:14.653+0000: 497.661: [GC [PSYoungGen: 145574K->880K(142656K)] 252938K->108324K(829632K), 0.0043440 secs] [Times: user=0.03 sys=0.00, real=0.00 secs] 
2014-07-16T10:16:15.154+0000: 498.163: [GC [PSYoungGen: 142640K->684K(139968K)] 250084K->108184K(826944K), 0.0048730 secs] [Times: user=0.02 sys=0.00, real=0.01 secs] 
2014-07-16T10:16:15.645+0000: 498.653: [GC [PSYoungGen: 139925K->804K(137664K)] 247426K->108368K(824640K), 0.0051730 secs] [Times: user=0.03 sys=0.00, real=0.01 secs] 
2014-07-16T10:16:16.150+0000: 499.158: [GC [PSYoungGen: 137636K->544K(135040K)] 245200K->108220K(822016K), 0.0042830 secs] [Times: user=0.02 sys=0.00, real=0.00 secs] 
2014-07-16T10:16:16.700+0000: 499.709: [GC [PSYoungGen: 135008K->762K(132928K)] 242684K->108510K(819904K), 0.0046800 secs] [Times: user=0.01 sys=0.01, real=0.00 secs] 
2014-07-16T10:16:17.168+0000: 500.176: [GC [PSYoungGen: 132922K->858K(130880K)] 240670K->108694K(817856K), 0.0050450 secs] [Times: user=0.03 sys=0.00, real=0.01 secs] 
2014-07-16T10:16:17.621+0000: 500.629: [GC [PSYoungGen: 130842K->584K(128448K)] 238678K->108476K(815424K), 0.0050530 secs] [Times: user=0.03 sys=0.00, real=0.00 secs] 
2014-07-16T10:16:18.096+0000: 501.105: [GC [PSYoungGen: 128392K->990K(126720K)] 236284K->108994K(813696K), 0.0037420 secs] [Times: user=0.03 sys=0.00, real=0.01 secs] 
2014-07-16T10:16:18.543+0000: 501.552: [GC [PSYoungGen: 126686K->908K(124608K)] 234690K->108984K(811584K), 0.0037130 secs] [Times: user=0.02 sys=0.00, real=0.00 secs] 
2014-07-16T10:16:18.992+0000: 502.000: [GC [PSYoungGen: 124556K->812K(149248K)] 232632K->108936K(836224K), 0.0097370 secs] [Times: user=0.04 sys=0.00, real=0.01 secs] 
2014-07-16T10:16:19.521+0000: 502.529: [GC [PSYoungGen: 149187K->826K(168832K)] 257312K->109054K(855808K), 0.0039050 secs] [Times: user=0.02 sys=0.00, real=0.00 secs] 
2014-07-16T10:16:20.132+0000: 503.141: [GC [PSYoungGen: 168698K->736K(165376K)] 276926K->109012K(852352K), 0.0031790 secs] [Times: user=0.01 sys=0.00, real=0.00 secs] 
2014-07-16T10:16:20.720+0000: 503.728: [GC [PSYoungGen: 165344K->484K(161920K)] 273620K->109080K(848896K), 0.0033080 secs] [Times: user=0.02 sys=0.00, real=0.00 secs] 
2014-07-16T10:16:21.300+0000: 504.309: [GC [PSYoungGen: 161824K->1134K(159488K)] 270421K->110016K(846464K), 0.0062080 secs] [Times: user=0.03 sys=0.00, real=0.00 secs] 
2014-07-16T10:16:21.928+0000: 504.937: [GC [PSYoungGen: 159470K->698K(156032K)] 268352K->109710K(843008K), 0.0084400 secs] [Times: user=0.05 sys=0.00, real=0.01 secs] 
2014-07-16T10:16:22.469+0000: 505.478: [GC [PSYoungGen: 156015K->1294K(167360K)] 265028K->110486K(854336K), 0.0063990 secs] [Times: user=0.04 sys=0.00, real=0.01 secs] 
2014-07-16T10:16:23.060+0000: 506.069: [GC [PSYoungGen: 167310K->1048K(163904K)] 276502K->110320K(850880K), 0.0045270 secs] [Times: user=0.03 sys=0.00, real=0.00 secs] 
2014-07-16T10:16:23.636+0000: 506.644: [GC [PSYoungGen: 163864K->1262K(160960K)] 273136K->110598K(847936K), 0.0035200 secs] [Times: user=0.01 sys=0.01, real=0.00 secs] 
2014-07-16T10:16:24.215+0000: 507.223: [GC [PSYoungGen: 160942K->634K(157312K)] 270278K->110210K(844288K), 0.0039890 secs] [Times: user=0.01 sys=0.00, real=0.00 secs] 
2014-07-16T10:16:24.793+0000: 507.801: [GC [PSYoungGen: 157306K->530K(154304K)] 266882K->110186K(841280K), 0.0042100 secs] [Times: user=0.03 sys=0.01, real=0.00 secs] 
2014-07-16T10:16:25.335+0000: 508.344: [GC [PSYoungGen: 154258K->880K(151808K)] 263914K->110600K(838784K), 0.0052620 secs] [Times: user=0.03 sys=0.00, real=0.01 secs] 
2014-07-16T10:16:25.874+0000: 508.882: [GC [PSYoungGen: 151767K->530K(148736K)] 261488K->110330K(835712K), 0.0057840 secs] [Times: user=0.03 sys=0.01, real=0.00 secs] 
2014-07-16T10:16:26.410+0000: 509.418: [GC [PSYoungGen: 148690K->630K(146112K)] 258490K->110462K(833088K), 0.0054330 secs] [Times: user=0.01 sys=0.00, real=0.01 secs] 
2014-07-16T10:16:26.982+0000: 509.990: [GC [PSYoungGen: 146100K->594K(143488K)] 255933K->110514K(830464K), 0.0063890 secs] [Times: user=0.04 sys=0.00, real=0.00 secs] 
2014-07-16T10:16:27.483+0000: 510.492: [GC [PSYoungGen: 143422K->698K(141056K)] 253343K->110666K(828032K), 0.0058290 secs] [Times: user=0.03 sys=0.00, real=0.00 secs] 
2014-07-16T10:16:27.994+0000: 511.002: [GC [PSYoungGen: 141050K->1058K(139008K)] 251018K->111066K(825984K), 0.0037530 secs] [Times: user=0.02 sys=0.00, real=0.00 secs] 
2014-07-16T10:16:28.476+0000: 511.484: [GC [PSYoungGen: 138978K->530K(136128K)] 248986K->110626K(823104K), 0.0027610 secs] [Times: user=0.01 sys=0.00, real=0.00 secs] 
2014-07-16T10:16:28.959+0000: 511.967: [GC [PSYoungGen: 136082K->658K(133952K)] 246178K->110858K(820928K), 0.0029530 secs] [Times: user=0.02 sys=0.00, real=0.01 secs] 
2014-07-16T10:16:29.427+0000: 512.435: [GC [PSYoungGen: 133823K->744K(131776K)] 244024K->111048K(818752K), 0.0031110 secs] [Times: user=0.02 sys=0.00, real=0.00 secs] 
2014-07-16T10:16:29.896+0000: 512.904: [GC [PSYoungGen: 131752K->794K(129664K)] 242056K->111162K(816640K), 0.0058960 secs] [Times: user=0.03 sys=0.00, real=0.01 secs] 
2014-07-16T10:16:30.362+0000: 513.370: [GC [PSYoungGen: 129626K->576K(127296K)] 239994K->111048K(814272K), 0.0030250 secs] [Times: user=0.02 sys=0.01, real=0.00 secs] 
2014-07-16T10:16:30.823+0000: 513.832: [GC [PSYoungGen: 127296K->416K(125120K)] 237768K->110952K(812096K), 0.0027990 secs] [Times: user=0.01 sys=0.01, real=0.00 secs] 
2014-07-16T10:16:31.279+0000: 514.287: [GC [PSYoungGen: 125060K->676K(123392K)] 235597K->111276K(810368K), 0.0061100 secs] [Times: user=0.03 sys=0.01, real=0.01 secs] 
2014-07-16T10:16:31.814+0000: 514.822: [GC [PSYoungGen: 123364K->936K(121728K)] 233964K->111584K(808704K), 0.0050060 secs] [Times: user=0.02 sys=0.00, real=0.00 secs] 
2014-07-16T10:16:32.169+0000: 515.178: [GC [PSYoungGen: 121704K->602K(145600K)] 232352K->111290K(832576K), 0.0104400 secs] [Times: user=0.06 sys=0.00, real=0.01 secs] 
2014-07-16T10:16:32.697+0000: 515.705: [GC [PSYoungGen: 145562K->384K(174336K)] 256250K->111128K(861312K), 0.0036880 secs] [Times: user=0.01 sys=0.00, real=0.00 secs] 
2014-07-16T10:16:33.313+0000: 516.322: [GC [PSYoungGen: 174336K->594K(176512K)] 285080K->111442K(863488K), 0.0035020 secs] [Times: user=0.02 sys=0.00, real=0.00 secs] 
2014-07-16T10:16:33.947+0000: 516.955: [GC [PSYoungGen: 175800K->912K(172672K)] 286649K->111848K(859648K), 0.0041000 secs] [Times: user=0.02 sys=0.00, real=0.00 secs] 
2014-07-16T10:16:34.549+0000: 517.558: [GC [PSYoungGen: 172624K->306K(168640K)] 283560K->111822K(855616K), 0.0034020 secs] [Times: user=0.02 sys=0.00, real=0.01 secs] 
2014-07-16T10:16:35.153+0000: 518.161: [GC [PSYoungGen: 168580K->1272K(166336K)] 280097K->113111K(853312K), 0.0074290 secs] [Times: user=0.04 sys=0.01, real=0.00 secs] 
2014-07-16T10:16:35.743+0000: 518.751: [GC [PSYoungGen: 166255K->1020K(162880K)] 278094K->113255K(849856K), 0.0029730 secs] [Times: user=0.02 sys=0.00, real=0.00 secs] 
2014-07-16T10:16:36.316+0000: 519.325: [GC [PSYoungGen: 162876K->1376K(160192K)] 275111K->113715K(847168K), 0.0044860 secs] [Times: user=0.03 sys=0.00, real=0.00 secs] 
2014-07-16T10:16:36.952+0000: 519.960: [GC [PSYoungGen: 160160K->826K(156608K)] 272499K->113237K(843584K), 0.0046150 secs] [Times: user=0.03 sys=0.00, real=0.01 secs] 
2014-07-16T10:16:37.466+0000: 520.474: [GC [PSYoungGen: 156602K->690K(153600K)] 269013K->113181K(840576K), 0.0050620 secs] [Times: user=0.04 sys=0.00, real=0.00 secs] 
2014-07-16T10:16:38.003+0000: 521.011: [GC [PSYoungGen: 153541K->1140K(151232K)] 266032K->113695K(838208K), 0.0030170 secs] [Times: user=0.02 sys=0.00, real=0.00 secs] 
2014-07-16T10:16:38.577+0000: 521.586: [GC [PSYoungGen: 151203K->694K(148032K)] 263758K->113305K(835008K), 0.0043570 secs] [Times: user=0.02 sys=0.00, real=0.00 secs] 
2014-07-16T10:16:39.106+0000: 522.114: [GC [PSYoungGen: 147963K->980K(145728K)] 260574K->113639K(832704K), 0.0090970 secs] [Times: user=0.05 sys=0.00, real=0.01 secs] 
2014-07-16T10:16:39.615+0000: 522.623: [GC [PSYoungGen: 145684K->1598K(143744K)] 258343K->114495K(830720K), 0.0052560 secs] [Times: user=0.03 sys=0.00, real=0.00 secs] 
2014-07-16T10:16:40.139+0000: 523.148: [GC [PSYoungGen: 143742K->580K(169344K)] 256639K->113557K(856320K), 0.0061310 secs] [Times: user=0.03 sys=0.00, real=0.01 secs] 
2014-07-16T10:16:40.751+0000: 523.759: [GC [PSYoungGen: 169284K->530K(165952K)] 282261K->113579K(852928K), 0.0040920 secs] [Times: user=0.02 sys=0.00, real=0.01 secs] 
2014-07-16T10:16:41.351+0000: 524.359: [GC [PSYoungGen: 165906K->548K(162752K)] 278955K->113661K(849728K), 0.0050860 secs] [Times: user=0.03 sys=0.00, real=0.01 secs] 
2014-07-16T10:16:42.019+0000: 525.028: [GC [PSYoungGen: 162709K->908K(160064K)] 275822K->114109K(847040K), 0.0040390 secs] [Times: user=0.03 sys=0.00, real=0.01 secs] 
2014-07-16T10:16:42.526+0000: 525.535: [GC [PSYoungGen: 160012K->662K(156800K)] 273213K->113927K(843776K), 0.0032010 secs] [Times: user=0.01 sys=0.00, real=0.00 secs] 
2014-07-16T10:16:43.086+0000: 526.094: [GC [PSYoungGen: 156758K->1140K(154304K)] 270023K->114477K(841280K), 0.0028940 secs] [Times: user=0.02 sys=0.00, real=0.00 secs] 
2014-07-16T10:16:43.637+0000: 526.645: [GC [PSYoungGen: 154263K->740K(151104K)] 267600K->114157K(838080K), 0.0058140 secs] [Times: user=0.02 sys=0.01, real=0.00 secs] 
2014-07-16T10:16:44.176+0000: 527.184: [GC [PSYoungGen: 151068K->798K(148416K)] 264485K->114279K(835392K), 0.0050540 secs] [Times: user=0.03 sys=0.00, real=0.00 secs] 
2014-07-16T10:16:44.718+0000: 527.726: [GC [PSYoungGen: 148382K->1018K(145984K)] 261863K->114563K(832960K), 0.0037990 secs] [Times: user=0.01 sys=0.01, real=0.00 secs] 
2014-07-16T10:16:45.247+0000: 528.256: [GC [PSYoungGen: 145978K->896K(143296K)] 259523K->114521K(830272K), 0.0037650 secs] [Times: user=0.01 sys=0.00, real=0.00 secs] 
2014-07-16T10:16:45.759+0000: 528.767: [GC [PSYoungGen: 143296K->822K(140736K)] 256921K->114511K(827712K), 0.0094520 secs] [Times: user=0.05 sys=0.00, real=0.01 secs] 
2014-07-16T10:16:46.262+0000: 529.270: [GC [PSYoungGen: 140726K->1272K(138752K)] 254415K->115025K(825728K), 0.0047750 secs] [Times: user=0.01 sys=0.00, real=0.01 secs] 
2014-07-16T10:16:46.768+0000: 529.776: [GC [PSYoungGen: 138744K->894K(161728K)] 252497K->114727K(848704K), 0.0056850 secs] [Times: user=0.03 sys=0.00, real=0.00 secs] 
2014-07-16T10:16:47.375+0000: 530.383: [GC [PSYoungGen: 161671K->1144K(158912K)] 275504K->115049K(845888K), 0.0035340 secs] [Times: user=0.02 sys=0.00, real=0.00 secs] 
2014-07-16T10:16:47.921+0000: 530.929: [GC [PSYoungGen: 158904K->420K(155264K)] 272809K->114817K(842240K), 0.0035100 secs] [Times: user=0.01 sys=0.01, real=0.01 secs] 
2014-07-16T10:16:48.482+0000: 531.491: [GC [PSYoungGen: 155236K->898K(152896K)] 269633K->115383K(839872K), 0.0039460 secs] [Times: user=0.01 sys=0.00, real=0.01 secs] 
2014-07-16T10:16:49.021+0000: 532.029: [GC [PSYoungGen: 152742K->844K(150016K)] 267227K->115533K(836992K), 0.0039390 secs] [Times: user=0.02 sys=0.00, real=0.01 secs] 
2014-07-16T10:16:49.562+0000: 532.570: [GC [PSYoungGen: 149964K->908K(147392K)] 264653K->115661K(834368K), 0.0039740 secs] [Times: user=0.02 sys=0.00, real=0.01 secs] 
2014-07-16T10:16:50.088+0000: 533.097: [GC [PSYoungGen: 147340K->726K(144576K)] 262093K->115543K(831552K), 0.0052650 secs] [Times: user=0.03 sys=0.00, real=0.00 secs] 
2014-07-16T10:16:50.605+0000: 533.613: [GC [PSYoungGen: 144534K->608K(141888K)] 259351K->115497K(828864K), 0.0049660 secs] [Times: user=0.03 sys=0.00, real=0.00 secs] 
2014-07-16T10:16:51.112+0000: 534.120: [GC [PSYoungGen: 141856K->544K(139328K)] 256745K->115529K(826304K), 0.0048080 secs] [Times: user=0.02 sys=0.01, real=0.01 secs] 
2014-07-16T10:16:51.624+0000: 534.632: [GC [PSYoungGen: 139294K->612K(137024K)] 254280K->115661K(824000K), 0.0027390 secs] [Times: user=0.01 sys=0.01, real=0.00 secs] 
2014-07-16T10:16:52.187+0000: 535.196: [GC [PSYoungGen: 136969K->1340K(135424K)] 252019K->116993K(822400K), 0.0034420 secs] [Times: user=0.01 sys=0.00, real=0.00 secs] 
2014-07-16T10:16:52.604+0000: 535.612: [GC [PSYoungGen: 135420K->1250K(133120K)] 251073K->116959K(820096K), 0.0077220 secs] [Times: user=0.05 sys=0.00, real=0.01 secs] 
2014-07-16T10:16:53.081+0000: 536.089: [GC [PSYoungGen: 133090K->754K(130432K)] 248799K->116527K(817408K), 0.0039660 secs] [Times: user=0.01 sys=0.00, real=0.01 secs] 
2014-07-16T10:16:53.540+0000: 536.549: [GC [PSYoungGen: 130418K->758K(128320K)] 246191K->116627K(815296K), 0.0056820 secs] [Times: user=0.04 sys=0.00, real=0.01 secs] 
2014-07-16T10:16:53.995+0000: 537.004: [GC [PSYoungGen: 128310K->512K(154624K)] 244179K->116437K(841600K), 0.0054220 secs] [Times: user=0.03 sys=0.00, real=0.00 secs] 
2014-07-16T10:16:54.547+0000: 537.555: [GC [PSYoungGen: 153472K->1204K(151360K)] 269397K->117185K(838336K), 0.0048580 secs] [Times: user=0.02 sys=0.00, real=0.00 secs] 
2014-07-16T10:16:55.076+0000: 538.085: [GC [PSYoungGen: 151308K->484K(147904K)] 267289K->117191K(834880K), 0.0046790 secs] [Times: user=0.03 sys=0.00, real=0.00 secs] 
2014-07-16T10:16:55.602+0000: 538.611: [GC [PSYoungGen: 147875K->1676K(146496K)] 264582K->118463K(833472K), 0.0047280 secs] [Times: user=0.03 sys=0.00, real=0.01 secs] 
2014-07-16T10:16:56.124+0000: 539.132: [GC [PSYoungGen: 146444K->466K(142720K)] 263231K->118059K(829696K), 0.0041900 secs] [Times: user=0.02 sys=0.00, real=0.01 secs] 
2014-07-16T10:16:56.639+0000: 539.647: [GC [PSYoungGen: 142674K->416K(140160K)] 260267K->118081K(827136K), 0.0044700 secs] [Times: user=0.02 sys=0.00, real=0.00 secs] 
2014-07-16T10:16:57.149+0000: 540.157: [GC [PSYoungGen: 140125K->844K(138176K)] 257791K->118589K(825152K), 0.0046900 secs] [Times: user=0.02 sys=0.00, real=0.00 secs] 
2014-07-16T10:16:57.641+0000: 540.649: [GC [PSYoungGen: 138120K->448K(135360K)] 255866K->118281K(822336K), 0.0053130 secs] [Times: user=0.03 sys=0.01, real=0.01 secs] 
2014-07-16T10:16:58.124+0000: 541.133: [GC [PSYoungGen: 135360K->890K(133504K)] 253193K->118803K(820480K), 0.0037080 secs] [Times: user=0.01 sys=0.00, real=0.01 secs] 
2014-07-16T10:16:58.602+0000: 541.611: [GC [PSYoungGen: 133498K->934K(148224K)] 251411K->118863K(835200K), 0.0133360 secs] [Times: user=0.07 sys=0.00, real=0.01 secs] 
2014-07-16T10:16:59.132+0000: 542.140: [GC [PSYoungGen: 147366K->466K(160960K)] 265295K->118467K(847936K), 0.0055350 secs] [Times: user=0.03 sys=0.00, real=0.01 secs] 
2014-07-16T10:16:59.713+0000: 542.722: [GC [PSYoungGen: 159698K->576K(160896K)] 277699K->118657K(847872K), 0.0058080 secs] [Times: user=0.04 sys=0.00, real=0.01 secs] 
2014-07-16T10:17:00.264+0000: 543.272: [GC [PSYoungGen: 159786K->1312K(192704K)] 277868K->119457K(879680K), 0.0130710 secs] [Times: user=0.09 sys=0.00, real=0.02 secs] 
2014-07-16T10:17:00.949+0000: 543.957: [GC [PSYoungGen: 192352K->1140K(192768K)] 310497K->119373K(879744K), 0.0047630 secs] [Times: user=0.02 sys=0.01, real=0.00 secs] 
2014-07-16T10:17:01.644+0000: 544.652: [GC [PSYoungGen: 192180K->848K(230912K)] 310413K->119161K(917888K), 0.0069480 secs] [Times: user=0.05 sys=0.00, real=0.01 secs] 
2014-07-16T10:17:02.586+0000: 545.595: [GC [PSYoungGen: 230096K->994K(230976K)] 348409K->119387K(917952K), 0.0051270 secs] [Times: user=0.03 sys=0.00, real=0.00 secs] 
2014-07-16T10:17:03.412+0000: 546.420: [GC [PSYoungGen: 230242K->762K(224640K)] 348635K->119251K(911616K), 0.0038720 secs] [Times: user=0.03 sys=0.00, real=0.01 secs] 
2014-07-16T10:17:04.218+0000: 547.226: [GC [PSYoungGen: 224634K->740K(219456K)] 343123K->119309K(906432K), 0.0063830 secs] [Times: user=0.04 sys=0.01, real=0.00 secs] 
2014-07-16T10:17:05.001+0000: 548.009: [GC [PSYoungGen: 219426K->584K(214336K)] 337996K->119209K(901312K), 0.0062140 secs] [Times: user=0.03 sys=0.01, real=0.01 secs] 
2014-07-16T10:17:05.779+0000: 548.787: [GC [PSYoungGen: 214278K->352K(209280K)] 332904K->119009K(896256K), 0.0077820 secs] [Times: user=0.04 sys=0.00, real=0.00 secs] 
2014-07-16T10:17:06.536+0000: 549.544: [GC [PSYoungGen: 209248K->658K(204928K)] 327905K->119403K(891904K), 0.0025530 secs] [Times: user=0.01 sys=0.00, real=0.01 secs] 
2014-07-16T10:17:07.353+0000: 550.361: [GC [PSYoungGen: 204882K->1010K(200768K)] 323627K->119827K(887744K), 0.0049110 secs] [Times: user=0.03 sys=0.00, real=0.01 secs] 
2014-07-16T10:17:08.006+0000: 551.014: [GC [PSYoungGen: 200754K->804K(196224K)] 319571K->119685K(883200K), 0.0038260 secs] [Times: user=0.02 sys=0.00, real=0.01 secs] 
2014-07-16T10:17:08.725+0000: 551.734: [GC [PSYoungGen: 196196K->594K(235136K)] 315077K->119523K(922112K), 0.0154120 secs] [Times: user=0.09 sys=0.00, real=0.02 secs] 
2014-07-16T10:17:09.572+0000: 552.580: [GC [PSYoungGen: 235090K->722K(229696K)] 354019K->119723K(916672K), 0.0076120 secs] [Times: user=0.04 sys=0.01, real=0.01 secs] 
2014-07-16T10:17:10.402+0000: 553.410: [GC [PSYoungGen: 229650K->576K(224128K)] 348651K->119633K(911104K), 0.0042230 secs] [Times: user=0.02 sys=0.00, real=0.00 secs] 
2014-07-16T10:17:11.215+0000: 554.223: [GC [PSYoungGen: 224128K->836K(219264K)] 343185K->119981K(906240K), 0.0031750 secs] [Times: user=0.01 sys=0.00, real=0.01 secs] 
2014-07-16T10:17:11.970+0000: 554.978: [GC [PSYoungGen: 219158K->744K(214144K)] 338303K->119929K(901120K), 0.0073310 secs] [Times: user=0.02 sys=0.00, real=0.00 secs] 
2014-07-16T10:17:12.806+0000: 555.815: [GC [PSYoungGen: 214120K->908K(209536K)] 333305K->120125K(896512K), 0.0038840 secs] [Times: user=0.01 sys=0.01, real=0.01 secs] 
2014-07-16T10:17:13.531+0000: 556.539: [GC [PSYoungGen: 209483K->748K(204736K)] 328701K->120021K(891712K), 0.0048550 secs] [Times: user=0.03 sys=0.00, real=0.00 secs] 
2014-07-16T10:17:14.319+0000: 557.327: [GC [PSYoungGen: 204716K->868K(200384K)] 323989K->120353K(887360K), 0.0082160 secs] [Times: user=0.05 sys=0.01, real=0.00 secs] 
2014-07-16T10:17:14.985+0000: 557.994: [GC [PSYoungGen: 200356K->666K(195904K)] 319841K->120223K(882880K), 0.0041510 secs] [Times: user=0.02 sys=0.00, real=0.01 secs] 
2014-07-16T10:17:15.702+0000: 558.710: [GC [PSYoungGen: 195866K->754K(191808K)] 315423K->120383K(878784K), 0.0036540 secs] [Times: user=0.01 sys=0.01, real=0.00 secs] 
2014-07-16T10:17:16.405+0000: 559.413: [GC [PSYoungGen: 191794K->964K(188032K)] 311423K->120673K(875008K), 0.0073510 secs] [Times: user=0.05 sys=0.00, real=0.01 secs] 
2014-07-16T10:17:17.079+0000: 560.088: [GC [PSYoungGen: 187948K->676K(183808K)] 307658K->120457K(870784K), 0.0033450 secs] [Times: user=0.02 sys=0.00, real=0.00 secs] 
2014-07-16T10:17:17.775+0000: 560.783: [GC [PSYoungGen: 183780K->908K(180288K)] 303561K->120777K(867264K), 0.0028410 secs] [Times: user=0.01 sys=0.00, real=0.00 secs] 
2014-07-16T10:17:18.419+0000: 561.427: [GC [PSYoungGen: 180230K->630K(176320K)] 300100K->120571K(863296K), 0.0042630 secs] [Times: user=0.02 sys=0.00, real=0.01 secs] 
2014-07-16T10:17:19.058+0000: 562.066: [GC [PSYoungGen: 176310K->880K(173056K)] 296251K->120869K(860032K), 0.0054470 secs] [Times: user=0.04 sys=0.00, real=0.01 secs] 
2014-07-16T10:17:19.767+0000: 562.776: [GC [PSYoungGen: 173040K->958K(169728K)] 293029K->121181K(856704K), 0.0029520 secs] [Times: user=0.02 sys=0.00, real=0.01 secs] 
2014-07-16T10:17:20.321+0000: 563.330: [GC [PSYoungGen: 169726K->1244K(166720K)] 289949K->121539K(853696K), 0.0059140 secs] [Times: user=0.04 sys=0.00, real=0.00 secs] 
2014-07-16T10:17:20.917+0000: 563.926: [GC [PSYoungGen: 166643K->484K(162752K)] 286938K->121349K(849728K), 0.0051660 secs] [Times: user=0.03 sys=0.00, real=0.01 secs] 
2014-07-16T10:17:21.489+0000: 564.497: [GC [PSYoungGen: 162724K->858K(160064K)] 283589K->121804K(847040K), 0.0041210 secs] [Times: user=0.02 sys=0.00, real=0.01 secs] 
2014-07-16T10:17:22.069+0000: 565.077: [GC [PSYoungGen: 160026K->576K(156736K)] 280972K->121601K(843712K), 0.0045760 secs] [Times: user=0.02 sys=0.01, real=0.00 secs] 
2014-07-16T10:17:22.692+0000: 565.700: [GC [PSYoungGen: 156736K->908K(154176K)] 277761K->122014K(841152K), 0.0074500 secs] [Times: user=0.05 sys=0.00, real=0.01 secs] 
2014-07-16T10:17:23.249+0000: 566.257: [GC [PSYoungGen: 154124K->516K(150976K)] 275230K->121669K(837952K), 0.0080810 secs] [Times: user=0.05 sys=0.00, real=0.00 secs] 
2014-07-16T10:17:23.791+0000: 566.799: [GC [PSYoungGen: 150916K->634K(148288K)] 272069K->121859K(835264K), 0.0035410 secs] [Times: user=0.02 sys=0.00, real=0.00 secs] 
2014-07-16T10:17:24.334+0000: 567.342: [GC [PSYoungGen: 148282K->730K(145728K)] 269507K->122060K(832704K), 0.0070890 secs] [Times: user=0.05 sys=0.00, real=0.01 secs] 
2014-07-16T10:17:24.851+0000: 567.859: [GC [PSYoungGen: 145667K->612K(143040K)] 266997K->122037K(830016K), 0.0042320 secs] [Times: user=0.03 sys=0.00, real=0.00 secs] 
2014-07-16T10:17:25.355+0000: 568.363: [GC [PSYoungGen: 143000K->748K(140672K)] 264426K->122230K(827648K), 0.0046560 secs] [Times: user=0.03 sys=0.01, real=0.00 secs] 
2014-07-16T10:17:25.871+0000: 568.879: [GC [PSYoungGen: 140652K->1040K(138560K)] 262134K->122586K(825536K), 0.0042190 secs] [Times: user=0.01 sys=0.00, real=0.00 secs] 
2014-07-16T10:17:26.351+0000: 569.359: [GC [PSYoungGen: 138493K->740K(135872K)] 260039K->122423K(822848K), 0.0053740 secs] [Times: user=0.02 sys=0.01, real=0.00 secs] 
2014-07-16T10:17:26.844+0000: 569.853: [GC [PSYoungGen: 135830K->512K(162688K)] 257514K->122259K(849664K), 0.0089860 secs] [Times: user=0.06 sys=0.00, real=0.01 secs] 
2014-07-16T10:17:27.413+0000: 570.421: [GC [PSYoungGen: 162660K->1094K(195776K)] 284408K->122938K(882752K), 0.0057680 secs] [Times: user=0.04 sys=0.00, real=0.00 secs] 
2014-07-16T10:17:28.183+0000: 571.191: [GC [PSYoungGen: 195718K->858K(234496K)] 317562K->122797K(921472K), 0.0075610 secs] [Times: user=0.05 sys=0.00, real=0.01 secs] 
2014-07-16T10:17:29.016+0000: 572.024: [GC [PSYoungGen: 234458K->466K(228608K)] 356397K->122485K(915584K), 0.0050930 secs] [Times: user=0.04 sys=0.00, real=0.01 secs] 
2014-07-16T10:17:29.876+0000: 572.884: [GC [PSYoungGen: 228562K->1312K(224128K)] 350581K->123412K(911104K), 0.0029850 secs] [Times: user=0.02 sys=0.00, real=0.00 secs] 
2014-07-16T10:17:30.672+0000: 573.680: [GC [PSYoungGen: 224096K->848K(218560K)] 346196K->123070K(905536K), 0.0058900 secs] [Times: user=0.03 sys=0.01, real=0.00 secs] 
2014-07-16T10:17:31.518+0000: 574.526: [GC [PSYoungGen: 218512K->562K(213312K)] 340734K->122831K(900288K), 0.0034560 secs] [Times: user=0.01 sys=0.00, real=0.01 secs] 
2014-07-16T10:17:32.279+0000: 575.288: [GC [PSYoungGen: 213242K->648K(208640K)] 335512K->122982K(895616K), 0.0067470 secs] [Times: user=0.04 sys=0.00, real=0.01 secs] 
2014-07-16T10:17:33.073+0000: 576.082: [GC [PSYoungGen: 208584K->512K(203840K)] 330918K->122933K(890816K), 0.0046580 secs] [Times: user=0.03 sys=0.00, real=0.00 secs] 
2014-07-16T10:17:33.779+0000: 576.787: [GC [PSYoungGen: 203840K->790K(199680K)] 326261K->123307K(886656K), 0.0073360 secs] [Times: user=0.02 sys=0.00, real=0.01 secs] 
2014-07-16T10:17:34.495+0000: 577.504: [GC [PSYoungGen: 199638K->512K(195072K)] 322155K->123117K(882048K), 0.0057810 secs] [Times: user=0.04 sys=0.01, real=0.01 secs] 
2014-07-16T10:17:35.195+0000: 578.203: [GC [PSYoungGen: 195069K->434K(190848K)] 317675K->123103K(877824K), 0.0080450 secs] [Times: user=0.05 sys=0.00, real=0.01 secs] 
2014-07-16T10:17:35.885+0000: 578.893: [GC [PSYoungGen: 190834K->594K(187008K)] 313503K->123311K(873984K), 0.0042620 secs] [Times: user=0.02 sys=0.00, real=0.00 secs] 
2014-07-16T10:17:36.553+0000: 579.561: [GC [PSYoungGen: 186962K->530K(183040K)] 309679K->123311K(870016K), 0.0036230 secs] [Times: user=0.02 sys=0.00, real=0.00 secs] 
2014-07-16T10:17:37.219+0000: 580.228: [GC [PSYoungGen: 182994K->434K(179136K)] 305775K->123263K(866112K), 0.0066160 secs] [Times: user=0.05 sys=0.00, real=0.01 secs] 
2014-07-16T10:17:37.920+0000: 580.929: [GC [PSYoungGen: 179122K->758K(175808K)] 301951K->123667K(862784K), 0.0052360 secs] [Times: user=0.03 sys=0.00, real=0.01 secs] 
2014-07-16T10:17:38.512+0000: 581.521: [GC [PSYoungGen: 175798K->448K(171968K)] 298707K->123413K(858944K), 0.0063310 secs] [Times: user=0.04 sys=0.00, real=0.00 secs] 
2014-07-16T10:17:39.121+0000: 582.130: [GC [PSYoungGen: 171968K->1062K(169216K)] 294933K->124092K(856192K), 0.0084600 secs] [Times: user=0.05 sys=0.00, real=0.01 secs] 
2014-07-16T10:17:39.730+0000: 582.738: [GC [PSYoungGen: 169144K->748K(165632K)] 292174K->123850K(852608K), 0.0053650 secs] [Times: user=0.03 sys=0.01, real=0.01 secs] 
2014-07-16T10:17:40.329+0000: 583.338: [GC [PSYoungGen: 165612K->832K(198720K)] 288714K->124005K(885696K), 0.0104280 secs] [Times: user=0.06 sys=0.00, real=0.01 secs] 
2014-07-16T10:17:41.039+0000: 584.048: [GC [PSYoungGen: 198691K->1268K(194880K)] 321865K->124714K(881856K), 0.0030340 secs] [Times: user=0.01 sys=0.00, real=0.01 secs] 
2014-07-16T10:17:41.732+0000: 584.741: [GC [PSYoungGen: 194868K->498K(190016K)] 318314K->124096K(876992K), 0.0048810 secs] [Times: user=0.03 sys=0.00, real=0.00 secs] 
2014-07-16T10:17:42.413+0000: 585.421: [GC [PSYoungGen: 190002K->1448K(187008K)] 313600K->125184K(873984K), 0.0073430 secs] [Times: user=0.05 sys=0.00, real=0.00 secs] 
2014-07-16T10:17:43.100+0000: 586.108: [GC [PSYoungGen: 186984K->972K(182720K)] 310720K->124788K(869696K), 0.0053370 secs] [Times: user=0.03 sys=0.00, real=0.01 secs] 
2014-07-16T10:17:43.741+0000: 586.750: [GC [PSYoungGen: 182668K->836K(178880K)] 306484K->124708K(865856K), 0.0030500 secs] [Times: user=0.02 sys=0.00, real=0.01 secs] 
2014-07-16T10:17:44.374+0000: 587.382: [GC [PSYoungGen: 178820K->776K(175232K)] 302692K->124712K(862208K), 0.0052430 secs] [Times: user=0.02 sys=0.00, real=0.00 secs] 
2014-07-16T10:17:45.008+0000: 588.016: [GC [PSYoungGen: 175176K->694K(171648K)] 299112K->124686K(858624K), 0.0086940 secs] [Times: user=0.05 sys=0.01, real=0.01 secs] 
2014-07-16T10:17:45.625+0000: 588.633: [GC [PSYoungGen: 171607K->384K(167936K)] 295599K->124456K(854912K), 0.0071390 secs] [Times: user=0.04 sys=0.00, real=0.00 secs] 
2014-07-16T10:17:46.227+0000: 589.236: [GC [PSYoungGen: 167936K->1094K(165440K)] 292008K->125278K(852416K), 0.0038840 secs] [Times: user=0.03 sys=0.00, real=0.00 secs] 
2014-07-16T10:17:46.818+0000: 589.826: [GC [PSYoungGen: 165382K->876K(162048K)] 289566K->125156K(849024K), 0.0051150 secs] [Times: user=0.03 sys=0.00, real=0.01 secs] 
2014-07-16T10:17:47.384+0000: 590.392: [GC [PSYoungGen: 161993K->644K(158784K)] 286274K->124996K(845760K), 0.0052730 secs] [Times: user=0.03 sys=0.00, real=0.00 secs] 
2014-07-16T10:17:48.057+0000: 591.065: [GC [PSYoungGen: 158723K->676K(155840K)] 283075K->125076K(842816K), 0.0053960 secs] [Times: user=0.02 sys=0.00, real=0.00 secs] 
2014-07-16T10:17:48.545+0000: 591.553: [GC [PSYoungGen: 155812K->1208K(153472K)] 280212K->125696K(840448K), 0.0061050 secs] [Times: user=0.04 sys=0.00, real=0.00 secs] 
2014-07-16T10:17:49.098+0000: 592.106: [GC [PSYoungGen: 153455K->884K(183616K)] 277943K->125420K(870592K), 0.0087660 secs] [Times: user=0.05 sys=0.00, real=0.01 secs] 
2014-07-16T10:17:49.792+0000: 592.800: [GC [PSYoungGen: 183604K->1438K(180416K)] 308140K->126046K(867392K), 0.0038830 secs] [Times: user=0.02 sys=0.00, real=0.01 secs] 
2014-07-16T10:17:50.419+0000: 593.427: [GC [PSYoungGen: 180382K->640K(175936K)] 304990K->125426K(862912K), 0.0031490 secs] [Times: user=0.01 sys=0.00, real=0.00 secs] 
2014-07-16T10:17:51.091+0000: 594.099: [GC [PSYoungGen: 175890K->1172K(211584K)] 300676K->126006K(898560K), 0.0105450 secs] [Times: user=0.07 sys=0.00, real=0.01 secs] 
2014-07-16T10:17:51.824+0000: 594.833: [GC [PSYoungGen: 211540K->630K(206336K)] 336374K->125670K(893312K), 0.0065210 secs] [Times: user=0.04 sys=0.00, real=0.00 secs] 
2014-07-16T10:17:52.555+0000: 595.563: [GC [PSYoungGen: 206326K->758K(201920K)] 331366K->125854K(888896K), 0.0078530 secs] [Times: user=0.05 sys=0.01, real=0.00 secs] 
2014-07-16T10:17:53.289+0000: 596.297: [GC [PSYoungGen: 201910K->720K(235968K)] 327006K->125840K(922944K), 0.0169390 secs] [Times: user=0.10 sys=0.00, real=0.02 secs] 
2014-07-16T10:17:54.124+0000: 597.132: [GC [PSYoungGen: 235152K->908K(235968K)] 360272K->126116K(922944K), 0.0044840 secs] [Times: user=0.03 sys=0.00, real=0.01 secs] 
2014-07-16T10:17:54.972+0000: 597.980: [GC [PSYoungGen: 235340K->480K(282816K)] 360548K->125760K(969792K), 0.0064760 secs] [Times: user=0.04 sys=0.00, real=0.01 secs] 
2014-07-16T10:17:55.967+0000: 598.975: [GC [PSYoungGen: 281802K->538K(274624K)] 407082K->125842K(961600K), 0.0076460 secs] [Times: user=0.04 sys=0.01, real=0.01 secs] 
2014-07-16T10:17:56.948+0000: 599.956: [GC [PSYoungGen: 274531K->948K(267968K)] 399835K->126340K(954944K), 0.0049990 secs] [Times: user=0.03 sys=0.00, real=0.00 secs] 
2014-07-16T10:17:57.920+0000: 600.928: [GC [PSYoungGen: 267956K->794K(261056K)] 393348K->126242K(948032K), 0.0056440 secs] [Times: user=0.01 sys=0.01, real=0.01 secs] 
2014-07-16T10:17:58.859+0000: 601.867: [GC [PSYoungGen: 261016K->980K(254720K)] 386464K->126492K(941696K), 0.0060370 secs] [Times: user=0.04 sys=0.00, real=0.01 secs] 
2014-07-16T10:17:59.779+0000: 602.787: [GC [PSYoungGen: 254676K->690K(248128K)] 380188K->126250K(935104K), 0.0073970 secs] [Times: user=0.04 sys=0.00, real=0.01 secs] 
2014-07-16T10:18:00.667+0000: 603.675: [GC [PSYoungGen: 248114K->594K(242048K)] 373674K->126250K(929024K), 0.0044620 secs] [Times: user=0.03 sys=0.00, real=0.00 secs] 
2014-07-16T10:18:01.576+0000: 604.584: [GC [PSYoungGen: 241979K->868K(236480K)] 367635K->126588K(923456K), 0.0066060 secs] [Times: user=0.02 sys=0.00, real=0.00 secs] 
2014-07-16T10:18:02.427+0000: 605.435: [GC [PSYoungGen: 236412K->676K(230720K)] 362132K->126484K(917696K), 0.0064330 secs] [Times: user=0.03 sys=0.00, real=0.00 secs] 
2014-07-16T10:18:03.285+0000: 606.293: [GC [PSYoungGen: 230663K->1290K(225984K)] 356471K->127162K(912960K), 0.0040160 secs] [Times: user=0.02 sys=0.00, real=0.00 secs] 
2014-07-16T10:18:04.099+0000: 607.107: [GC [PSYoungGen: 225928K->690K(220160K)] 351800K->127060K(907136K), 0.0061480 secs] [Times: user=0.04 sys=0.00, real=0.01 secs] 
2014-07-16T10:18:04.857+0000: 607.865: [GC [PSYoungGen: 220128K->1310K(215808K)] 346498K->127736K(902784K), 0.0052820 secs] [Times: user=0.03 sys=0.00, real=0.00 secs] 
2014-07-16T10:18:05.618+0000: 608.627: [GC [PSYoungGen: 215774K->876K(210496K)] 342200K->127598K(897472K), 0.0044080 secs] [Times: user=0.03 sys=0.00, real=0.00 secs] 
2014-07-16T10:18:06.389+0000: 609.397: [GC [PSYoungGen: 210476K->512K(205440K)] 337198K->127314K(892416K), 0.0050300 secs] [Times: user=0.03 sys=0.00, real=0.00 secs] 
2014-07-16T10:18:07.132+0000: 610.140: [GC [PSYoungGen: 205440K->722K(201216K)] 332242K->127596K(888192K), 0.0033010 secs] [Times: user=0.01 sys=0.00, real=0.00 secs] 
2014-07-16T10:18:07.856+0000: 610.865: [GC [PSYoungGen: 201170K->676K(196800K)] 328044K->127622K(883776K), 0.0037250 secs] [Times: user=0.01 sys=0.00, real=0.00 secs] 
2014-07-16T10:18:08.597+0000: 611.606: [GC [PSYoungGen: 196772K->862K(192768K)] 323718K->127872K(879744K), 0.0045810 secs] [Times: user=0.03 sys=0.00, real=0.00 secs] 
2014-07-16T10:18:09.284+0000: 612.293: [GC [PSYoungGen: 192734K->862K(188736K)] 319744K->127960K(875712K), 0.0034160 secs] [Times: user=0.02 sys=0.01, real=0.01 secs] 
2014-07-16T10:18:09.968+0000: 612.976: [GC [PSYoungGen: 188702K->780K(184768K)] 315800K->127942K(871744K), 0.0045300 secs] [Times: user=0.01 sys=0.00, real=0.00 secs] 
2014-07-16T10:18:10.646+0000: 613.654: [GC [PSYoungGen: 184716K->1068K(181248K)] 311878K->128302K(868224K), 0.0089210 secs] [Times: user=0.04 sys=0.00, real=0.01 secs] 
2014-07-16T10:18:11.291+0000: 614.299: [GC [PSYoungGen: 181228K->576K(177088K)] 308462K->127882K(864064K), 0.0041540 secs] [Times: user=0.02 sys=0.00, real=0.00 secs] 
2014-07-16T10:18:11.951+0000: 614.960: [GC [PSYoungGen: 177088K->894K(173824K)] 304394K->128264K(860800K), 0.0065270 secs] [Times: user=0.03 sys=0.01, real=0.01 secs] 
2014-07-16T10:18:12.567+0000: 615.575: [GC [PSYoungGen: 173786K->744K(170240K)] 301156K->128146K(857216K), 0.0049620 secs] [Times: user=0.02 sys=0.00, real=0.00 secs] 
2014-07-16T10:18:13.188+0000: 616.196: [GC [PSYoungGen: 170213K->630K(166784K)] 297616K->128080K(853760K), 0.0045200 secs] [Times: user=0.01 sys=0.00, real=0.00 secs] 
2014-07-16T10:18:13.817+0000: 616.825: [GC [PSYoungGen: 166774K->676K(200128K)] 294224K->128198K(887104K), 0.0176010 secs] [Times: user=0.12 sys=0.00, real=0.01 secs] 
2014-07-16T10:18:14.538+0000: 617.547: [GC [PSYoungGen: 200079K->1036K(240448K)] 327601K->128630K(927424K), 0.0029940 secs] [Times: user=0.01 sys=0.00, real=0.00 secs] 
2014-07-16T10:18:15.404+0000: 618.413: [GC [PSYoungGen: 240396K->812K(234432K)] 367990K->128470K(921408K), 0.0037420 secs] [Times: user=0.02 sys=0.00, real=0.01 secs] 
2014-07-16T10:18:16.234+0000: 619.242: [GC [PSYoungGen: 234348K->1136K(229248K)] 362006K->128858K(916224K), 0.0073620 secs] [Times: user=0.05 sys=0.00, real=0.01 secs] 
2014-07-16T10:18:17.056+0000: 620.064: [GC [PSYoungGen: 229232K->630K(223424K)] 356954K->128538K(910400K), 0.0037060 secs] [Times: user=0.02 sys=0.00, real=0.01 secs] 
2014-07-16T10:18:17.853+0000: 620.861: [GC [PSYoungGen: 223377K->726K(218432K)] 351286K->128706K(905408K), 0.0052140 secs] [Times: user=0.03 sys=0.00, real=0.01 secs] 
2014-07-16T10:18:18.716+0000: 621.724: [GC [PSYoungGen: 218390K->562K(213312K)] 346370K->128598K(900288K), 0.0032940 secs] [Times: user=0.02 sys=0.00, real=0.01 secs] 
2014-07-16T10:18:19.455+0000: 622.463: [GC [PSYoungGen: 213298K->894K(208832K)] 341334K->128986K(895808K), 0.0045680 secs] [Times: user=0.03 sys=0.00, real=0.01 secs] 
2014-07-16T10:18:20.211+0000: 623.219: [GC [PSYoungGen: 208816K->712K(204096K)] 336908K->128868K(891072K), 0.0083240 secs] [Times: user=0.05 sys=0.00, real=0.01 secs] 
2014-07-16T10:18:20.959+0000: 623.967: [GC [PSYoungGen: 204038K->676K(199552K)] 332194K->128896K(886528K), 0.0054920 secs] [Times: user=0.03 sys=0.00, real=0.00 secs] 
2014-07-16T10:18:21.656+0000: 624.664: [GC [PSYoungGen: 199507K->644K(195264K)] 327727K->128952K(882240K), 0.0098740 secs] [Times: user=0.05 sys=0.00, real=0.01 secs] 
2014-07-16T10:18:22.388+0000: 625.397: [GC [PSYoungGen: 195204K->662K(191104K)] 323512K->129042K(878080K), 0.0029710 secs] [Times: user=0.01 sys=0.00, real=0.00 secs] 
2014-07-16T10:18:23.060+0000: 626.068: [GC [PSYoungGen: 191014K->1058K(187456K)] 319394K->129978K(874432K), 0.0074390 secs] [Times: user=0.02 sys=0.00, real=0.00 secs] 
2014-07-16T10:18:23.780+0000: 626.788: [GC [PSYoungGen: 187426K->884K(183360K)] 316346K->129836K(870336K), 0.0067240 secs] [Times: user=0.03 sys=0.00, real=0.00 secs] 
2014-07-16T10:18:24.447+0000: 627.456: [GC [PSYoungGen: 183334K->812K(179520K)] 312286K->129828K(866496K), 0.0035170 secs] [Times: user=0.02 sys=0.00, real=0.01 secs] 
2014-07-16T10:18:25.088+0000: 628.096: [GC [PSYoungGen: 179474K->822K(175872K)] 308490K->129886K(862848K), 0.0045390 secs] [Times: user=0.02 sys=0.00, real=0.01 secs] 
2014-07-16T10:18:25.717+0000: 628.725: [GC [PSYoungGen: 175839K->694K(172224K)] 304903K->129830K(859200K), 0.0052480 secs] [Times: user=0.03 sys=0.01, real=0.01 secs] 
2014-07-16T10:18:26.335+0000: 629.344: [GC [PSYoungGen: 172214K->712K(168896K)] 301350K->129944K(855872K), 0.0041120 secs] [Times: user=0.02 sys=0.00, real=0.01 secs] 
2014-07-16T10:18:26.935+0000: 629.944: [GC [PSYoungGen: 168840K->384K(165248K)] 298072K->129680K(852224K), 0.0078350 secs] [Times: user=0.04 sys=0.00, real=0.01 secs] 
2014-07-16T10:18:27.538+0000: 630.547: [GC [PSYoungGen: 165248K->890K(162560K)] 294544K->130282K(849536K), 0.0064240 secs] [Times: user=0.03 sys=0.00, real=0.01 secs] 
2014-07-16T10:18:28.123+0000: 631.131: [GC [PSYoungGen: 162554K->612K(159232K)] 291946K->130060K(846208K), 0.0042980 secs] [Times: user=0.02 sys=0.00, real=0.00 secs] 
2014-07-16T10:18:28.802+0000: 631.810: [GC [PSYoungGen: 159195K->980K(156608K)] 288643K->130484K(843584K), 0.0062230 secs] [Times: user=0.03 sys=0.01, real=0.00 secs] 
2014-07-16T10:18:29.331+0000: 632.340: [GC [PSYoungGen: 156564K->562K(153280K)] 286068K->130130K(840256K), 0.0052130 secs] [Times: user=0.03 sys=0.01, real=0.00 secs] 
2014-07-16T10:18:29.884+0000: 632.892: [GC [PSYoungGen: 153266K->448K(183744K)] 282834K->130064K(870720K), 0.0093070 secs] [Times: user=0.05 sys=0.00, real=0.01 secs] 
2014-07-16T10:18:30.570+0000: 633.579: [GC [PSYoungGen: 183744K->1286K(180864K)] 313360K->130958K(867840K), 0.0039710 secs] [Times: user=0.02 sys=0.00, real=0.00 secs] 
2014-07-16T10:18:31.214+0000: 634.222: [GC [PSYoungGen: 180806K->876K(176768K)] 310478K->130612K(863744K), 0.0034580 secs] [Times: user=0.02 sys=0.01, real=0.00 secs] 
2014-07-16T10:18:31.882+0000: 634.891: [GC [PSYoungGen: 176737K->740K(173120K)] 306473K->130646K(860096K), 0.0058810 secs] [Times: user=0.04 sys=0.00, real=0.00 secs] 
2014-07-16T10:18:32.537+0000: 635.545: [GC [PSYoungGen: 173092K->990K(169984K)] 302998K->130952K(856960K), 0.0097980 secs] [Times: user=0.06 sys=0.00, real=0.01 secs] 
2014-07-16T10:18:33.151+0000: 636.159: [GC [PSYoungGen: 169950K->1066K(166720K)] 299912K->131306K(853696K), 0.0031340 secs] [Times: user=0.01 sys=0.00, real=0.00 secs] 
2014-07-16T10:18:33.793+0000: 636.801: [GC [PSYoungGen: 166698K->630K(163072K)] 296938K->130966K(850048K), 0.0040510 secs] [Times: user=0.03 sys=0.00, real=0.00 secs] 
2014-07-16T10:18:34.362+0000: 637.371: [GC [PSYoungGen: 163062K->948K(160256K)] 293398K->131522K(847232K), 0.0047310 secs] [Times: user=0.03 sys=0.01, real=0.00 secs] 
2014-07-16T10:18:34.927+0000: 637.935: [GC [PSYoungGen: 160244K->808K(157120K)] 290818K->131462K(844096K), 0.0053840 secs] [Times: user=0.03 sys=0.00, real=0.01 secs] 
2014-07-16T10:18:35.489+0000: 638.497: [GC [PSYoungGen: 157096K->466K(153856K)] 287750K->131184K(840832K), 0.0056800 secs] [Times: user=0.03 sys=0.00, real=0.01 secs] 
2014-07-16T10:18:36.059+0000: 639.067: [GC [PSYoungGen: 153792K->812K(151360K)] 284511K->131618K(838336K), 0.0064620 secs] [Times: user=0.03 sys=0.01, real=0.01 secs] 
2014-07-16T10:18:36.600+0000: 639.608: [GC [PSYoungGen: 151340K->580K(181312K)] 282146K->131466K(868288K), 0.0088280 secs] [Times: user=0.06 sys=0.00, real=0.00 secs] 
2014-07-16T10:18:37.257+0000: 640.265: [GC [PSYoungGen: 181252K->658K(177664K)] 312138K->131624K(864640K), 0.0050950 secs] [Times: user=0.03 sys=0.00, real=0.01 secs] 
2014-07-16T10:18:37.885+0000: 640.894: [GC [PSYoungGen: 177618K->434K(173824K)] 308584K->131464K(860800K), 0.0040780 secs] [Times: user=0.02 sys=0.00, real=0.00 secs] 
2014-07-16T10:18:38.508+0000: 641.516: [GC [PSYoungGen: 173810K->402K(170368K)] 304840K->131480K(857344K), 0.0064810 secs] [Times: user=0.04 sys=0.00, real=0.01 secs] 
2014-07-16T10:18:39.151+0000: 642.159: [GC [PSYoungGen: 170314K->840K(167488K)] 301392K->131990K(854464K), 0.0033490 secs] [Times: user=0.01 sys=0.00, real=0.01 secs] 
2014-07-16T10:18:39.747+0000: 642.755: [GC [PSYoungGen: 167432K->798K(164160K)] 298582K->132004K(851136K), 0.0042650 secs] [Times: user=0.02 sys=0.00, real=0.01 secs] 
2014-07-16T10:18:40.320+0000: 643.329: [GC [PSYoungGen: 164098K->998K(161216K)] 295305K->132284K(848192K), 0.0056080 secs] [Times: user=0.03 sys=0.00, real=0.01 secs] 
2014-07-16T10:18:40.895+0000: 643.903: [GC [PSYoungGen: 161190K->944K(158144K)] 292476K->132310K(845120K), 0.0042400 secs] [Times: user=0.02 sys=0.00, real=0.00 secs] 
2014-07-16T10:18:41.467+0000: 644.475: [GC [PSYoungGen: 158118K->816K(155072K)] 289485K->132254K(842048K), 0.0041220 secs] [Times: user=0.03 sys=0.00, real=0.01 secs] 
2014-07-16T10:18:42.020+0000: 645.029: [GC [PSYoungGen: 155043K->944K(152320K)] 286481K->132462K(839296K), 0.0035790 secs] [Times: user=0.02 sys=0.00, real=0.01 secs] 
2014-07-16T10:18:42.551+0000: 645.559: [GC [PSYoungGen: 152304K->912K(149568K)] 283822K->132462K(836544K), 0.0055300 secs] [Times: user=0.01 sys=0.00, real=0.00 secs] 
2014-07-16T10:18:43.128+0000: 646.136: [GC [PSYoungGen: 149520K->1316K(147264K)] 281070K->132930K(834240K), 0.0027200 secs] [Times: user=0.01 sys=0.00, real=0.00 secs] 
2014-07-16T10:18:43.616+0000: 646.625: [GC [PSYoungGen: 147216K->424K(143744K)] 278831K->132730K(830720K), 0.0062700 secs] [Times: user=0.03 sys=0.00, real=0.01 secs] 
2014-07-16T10:18:44.148+0000: 647.156: [GC [PSYoungGen: 143720K->666K(172672K)] 276026K->133062K(859648K), 0.0098610 secs] [Times: user=0.06 sys=0.00, real=0.01 secs] 
2014-07-16T10:18:44.753+0000: 647.762: [GC [PSYoungGen: 172634K->844K(169472K)] 305030K->133586K(856448K), 0.0041250 secs] [Times: user=0.03 sys=0.01, real=0.00 secs] 
2014-07-16T10:18:45.370+0000: 648.378: [GC [PSYoungGen: 169420K->836K(166144K)] 302162K->133666K(853120K), 0.0056790 secs] [Times: user=0.03 sys=0.00, real=0.01 secs] 
2014-07-16T10:18:45.965+0000: 648.973: [GC [PSYoungGen: 166059K->872K(162944K)] 298890K->133782K(849920K), 0.0063710 secs] [Times: user=0.04 sys=0.00, real=0.00 secs] 
2014-07-16T10:18:46.562+0000: 649.570: [GC [PSYoungGen: 162905K->794K(195328K)] 295816K->133784K(882304K), 0.0071220 secs] [Times: user=0.04 sys=0.00, real=0.00 secs] 
2014-07-16T10:18:47.262+0000: 650.270: [GC [PSYoungGen: 195282K->498K(190848K)] 328273K->133568K(877824K), 0.0034130 secs] [Times: user=0.02 sys=0.00, real=0.00 secs] 
2014-07-16T10:18:47.947+0000: 650.955: [GC [PSYoungGen: 190774K->630K(186944K)] 323845K->133772K(873920K), 0.0034190 secs] [Times: user=0.02 sys=0.00, real=0.00 secs] 
2014-07-16T10:18:48.617+0000: 651.626: [GC [PSYoungGen: 186934K->812K(183232K)] 320076K->134026K(870208K), 0.0046660 secs] [Times: user=0.03 sys=0.00, real=0.01 secs] 
2014-07-16T10:18:49.310+0000: 652.318: [GC [PSYoungGen: 183212K->548K(179200K)] 316426K->133810K(866176K), 0.0035180 secs] [Times: user=0.02 sys=0.00, real=0.01 secs] 
2014-07-16T10:18:49.932+0000: 652.941: [GC [PSYoungGen: 179172K->1184K(176192K)] 312434K->134593K(863168K), 0.0040940 secs] [Times: user=0.02 sys=0.01, real=0.00 secs] 
2014-07-16T10:18:50.552+0000: 653.560: [GC [PSYoungGen: 176160K->676K(172160K)] 309569K->134132K(859136K), 0.0061090 secs] [Times: user=0.03 sys=0.00, real=0.01 secs] 
2014-07-16T10:18:51.174+0000: 654.182: [GC [PSYoungGen: 172132K->786K(168896K)] 305588K->134338K(855872K), 0.0029150 secs] [Times: user=0.02 sys=0.00, real=0.00 secs] 
2014-07-16T10:18:51.780+0000: 654.788: [GC [PSYoungGen: 168811K->1080K(165888K)] 302364K->134720K(852864K), 0.0067260 secs] [Times: user=0.03 sys=0.00, real=0.01 secs] 
2014-07-16T10:18:52.370+0000: 655.378: [GC [PSYoungGen: 165880K->658K(162304K)] 299520K->134362K(849280K), 0.0051330 secs] [Times: user=0.02 sys=0.00, real=0.01 secs] 
2014-07-16T10:18:52.957+0000: 655.966: [GC [PSYoungGen: 162258K->576K(159104K)] 295962K->134368K(846080K), 0.0032760 secs] [Times: user=0.02 sys=0.00, real=0.00 secs] 
2014-07-16T10:18:53.585+0000: 656.593: [GC [PSYoungGen: 159104K->562K(156096K)] 292896K->134402K(843072K), 0.0065940 secs] [Times: user=0.04 sys=0.00, real=0.00 secs] 
2014-07-16T10:18:54.169+0000: 657.177: [GC [PSYoungGen: 156081K->858K(153536K)] 289922K->134802K(840512K), 0.0041520 secs] [Times: user=0.02 sys=0.00, real=0.01 secs] 
2014-07-16T10:18:54.697+0000: 657.705: [GC [PSYoungGen: 153498K->658K(150528K)] 287442K->134666K(837504K), 0.0027370 secs] [Times: user=0.01 sys=0.00, real=0.00 secs] 
2014-07-16T10:18:55.243+0000: 658.252: [GC [PSYoungGen: 150481K->1140K(148224K)] 284490K->135236K(835200K), 0.0032380 secs] [Times: user=0.02 sys=0.00, real=0.00 secs] 
2014-07-16T10:18:55.784+0000: 658.793: [GC [PSYoungGen: 148210K->752K(145216K)] 282307K->134970K(832192K), 0.0036800 secs] [Times: user=0.02 sys=0.00, real=0.00 secs] 
2014-07-16T10:18:56.316+0000: 659.324: [GC [PSYoungGen: 145200K->544K(142464K)] 279418K->134810K(829440K), 0.0099460 secs] [Times: user=0.06 sys=0.00, real=0.01 secs] 
2014-07-16T10:18:56.818+0000: 659.827: [GC [PSYoungGen: 142432K->1130K(171456K)] 276698K->135461K(858432K), 0.0072000 secs] [Times: user=0.04 sys=0.00, real=0.01 secs] 
2014-07-16T10:18:57.446+0000: 660.455: [GC [PSYoungGen: 171434K->544K(204992K)] 305765K->134930K(891968K), 0.0063380 secs] [Times: user=0.03 sys=0.00, real=0.00 secs] 
2014-07-16T10:18:58.253+0000: 661.261: [GC [PSYoungGen: 204958K->896K(200832K)] 339345K->135330K(887808K), 0.0033860 secs] [Times: user=0.01 sys=0.00, real=0.01 secs] 
2014-07-16T10:18:58.905+0000: 661.914: [GC [PSYoungGen: 200832K->466K(196096K)] 335266K->134964K(883072K), 0.0085460 secs] [Times: user=0.05 sys=0.01, real=0.00 secs] 
2014-07-16T10:18:59.613+0000: 662.621: [GC [PSYoungGen: 196050K->790K(192256K)] 330548K->135392K(879232K), 0.0072430 secs] [Times: user=0.05 sys=0.01, real=0.01 secs] 
2014-07-16T10:19:00.318+0000: 663.327: [GC [PSYoungGen: 192188K->1072K(188480K)] 326791K->135779K(875456K), 0.0053640 secs] [Times: user=0.02 sys=0.01, real=0.00 secs] 
2014-07-16T10:19:00.995+0000: 664.003: [GC [PSYoungGen: 188464K->808K(184320K)] 323171K->135636K(871296K), 0.0035720 secs] [Times: user=0.02 sys=0.00, real=0.00 secs] 
2014-07-16T10:19:01.656+0000: 664.664: [GC [PSYoungGen: 184296K->758K(180480K)] 319124K->135658K(867456K), 0.0081810 secs] [Times: user=0.05 sys=0.00, real=0.01 secs] 
2014-07-16T10:19:02.304+0000: 665.312: [GC [PSYoungGen: 180470K->612K(176704K)] 315370K->135592K(863680K), 0.0032560 secs] [Times: user=0.01 sys=0.00, real=0.00 secs] 
2014-07-16T10:19:02.942+0000: 665.951: [GC [PSYoungGen: 176676K->876K(173440K)] 311656K->135952K(860416K), 0.0031690 secs] [Times: user=0.02 sys=0.01, real=0.01 secs] 
2014-07-16T10:19:03.563+0000: 666.571: [GC [PSYoungGen: 173420K->858K(169984K)] 308496K->135998K(856960K), 0.0092470 secs] [Times: user=0.05 sys=0.00, real=0.01 secs] 
2014-07-16T10:19:04.322+0000: 667.331: [GC [PSYoungGen: 169882K->812K(166592K)] 305023K->136008K(853568K), 0.0056220 secs] [Times: user=0.02 sys=0.00, real=0.01 secs] 
2014-07-16T10:19:04.821+0000: 667.830: [GC [PSYoungGen: 166572K->730K(199680K)] 301768K->135974K(886656K), 0.0082270 secs] [Times: user=0.05 sys=0.01, real=0.01 secs] 
2014-07-16T10:19:05.532+0000: 668.540: [GC [PSYoungGen: 199642K->516K(195200K)] 334886K->135848K(882176K), 0.0042220 secs] [Times: user=0.02 sys=0.00, real=0.01 secs] 
2014-07-16T10:19:06.238+0000: 669.246: [GC [PSYoungGen: 195140K->530K(191040K)] 330472K->135934K(878016K), 0.0041210 secs] [Times: user=0.03 sys=0.00, real=0.00 secs] 
2014-07-16T10:19:06.913+0000: 669.921: [GC [PSYoungGen: 190945K->1098K(187584K)] 326350K->136575K(874560K), 0.0030790 secs] [Times: user=0.02 sys=0.00, real=0.01 secs] 
2014-07-16T10:19:07.602+0000: 670.611: [GC [PSYoungGen: 187530K->744K(183296K)] 323007K->136308K(870272K), 0.0072790 secs] [Times: user=0.05 sys=0.00, real=0.01 secs] 
2014-07-16T10:19:08.286+0000: 671.294: [GC [PSYoungGen: 183241K->1004K(179776K)] 318806K->136648K(866752K), 0.0051100 secs] [Times: user=0.03 sys=0.00, real=0.00 secs] 
2014-07-16T10:19:08.926+0000: 671.934: [GC [PSYoungGen: 179739K->640K(175744K)] 315384K->136356K(862720K), 0.0043270 secs] [Times: user=0.03 sys=0.00, real=0.00 secs] 
2014-07-16T10:19:09.572+0000: 672.581: [GC [PSYoungGen: 175744K->480K(172096K)] 311460K->136292K(859072K), 0.0046770 secs] [Times: user=0.03 sys=0.00, real=0.01 secs] 
2014-07-16T10:19:10.196+0000: 673.204: [GC [PSYoungGen: 172064K->594K(168832K)] 307876K->136510K(855808K), 0.0066000 secs] [Times: user=0.04 sys=0.00, real=0.01 secs] 
2014-07-16T10:19:10.798+0000: 673.806: [GC [PSYoungGen: 168786K->626K(165568K)] 304702K->136638K(852544K), 0.0075390 secs] [Times: user=0.04 sys=0.00, real=0.00 secs] 
2014-07-16T10:19:11.390+0000: 674.398: [GC [PSYoungGen: 165554K->530K(162304K)] 301566K->136614K(849280K), 0.0051610 secs] [Times: user=0.03 sys=0.00, real=0.00 secs] 
2014-07-16T10:19:11.985+0000: 674.993: [GC [PSYoungGen: 162257K->672K(194816K)] 298342K->136820K(881792K), 0.0108410 secs] [Times: user=0.07 sys=0.00, real=0.01 secs] 
2014-07-16T10:19:12.685+0000: 675.693: [GC [PSYoungGen: 194782K->498K(190464K)] 330931K->136686K(877440K), 0.0039290 secs] [Times: user=0.01 sys=0.00, real=0.01 secs] 
2014-07-16T10:19:13.366+0000: 676.374: [GC [PSYoungGen: 190450K->762K(186752K)] 326638K->137006K(873728K), 0.0051830 secs] [Times: user=0.03 sys=0.00, real=0.01 secs] 
2014-07-16T10:19:14.038+0000: 677.046: [GC [PSYoungGen: 186745K->498K(182656K)] 322989K->136798K(869632K), 0.0049310 secs] [Times: user=0.03 sys=0.00, real=0.00 secs] 
2014-07-16T10:19:14.762+0000: 677.770: [GC [PSYoungGen: 182618K->758K(179200K)] 318919K->137122K(866176K), 0.0031000 secs] [Times: user=0.02 sys=0.00, real=0.00 secs] 
2014-07-16T10:19:15.397+0000: 678.405: [GC [PSYoungGen: 179190K->744K(175552K)] 315554K->137180K(862528K), 0.0056470 secs] [Times: user=0.04 sys=0.00, real=0.00 secs] 
2014-07-16T10:19:16.010+0000: 679.018: [GC [PSYoungGen: 175528K->512K(171776K)] 311964K->137036K(858752K), 0.0057130 secs] [Times: user=0.04 sys=0.00, real=0.00 secs] 
2014-07-16T10:19:16.618+0000: 679.626: [GC [PSYoungGen: 171776K->498K(168384K)] 308300K->137094K(855360K), 0.0035170 secs] [Times: user=0.02 sys=0.00, real=0.00 secs] 
2014-07-16T10:19:17.231+0000: 680.239: [GC [PSYoungGen: 168370K->940K(165568K)] 304966K->137624K(852544K), 0.0030670 secs] [Times: user=0.02 sys=0.00, real=0.00 secs] 
2014-07-16T10:19:17.810+0000: 680.818: [GC [PSYoungGen: 165548K->690K(162112K)] 302232K->137430K(849088K), 0.0036900 secs] [Times: user=0.01 sys=0.00, real=0.00 secs] 
2014-07-16T10:19:18.400+0000: 681.408: [GC [PSYoungGen: 162098K->416K(158784K)] 298838K->137220K(845760K), 0.0057320 secs] [Times: user=0.03 sys=0.00, real=0.00 secs] 
2014-07-16T10:19:18.974+0000: 681.982: [GC [PSYoungGen: 158752K->950K(156288K)] 295556K->137842K(843264K), 0.0039320 secs] [Times: user=0.02 sys=0.00, real=0.01 secs] 
2014-07-16T10:19:19.553+0000: 682.561: [GC [PSYoungGen: 156278K->698K(153152K)] 293170K->137630K(840128K), 0.0037480 secs] [Times: user=0.02 sys=0.00, real=0.00 secs] 
2014-07-16T10:19:20.094+0000: 683.103: [GC [PSYoungGen: 153137K->726K(150400K)] 290069K->137730K(837376K), 0.0028460 secs] [Times: user=0.02 sys=0.00, real=0.01 secs] 
2014-07-16T10:19:20.620+0000: 683.629: [GC [PSYoungGen: 150358K->480K(147456K)] 287362K->137572K(834432K), 0.0043390 secs] [Times: user=0.02 sys=0.01, real=0.00 secs] 
2014-07-16T10:19:21.151+0000: 684.159: [GC [PSYoungGen: 147385K->848K(145216K)] 284478K->138004K(832192K), 0.0042060 secs] [Times: user=0.01 sys=0.01, real=0.00 secs] 
2014-07-16T10:19:21.688+0000: 684.696: [GC [PSYoungGen: 145155K->662K(142464K)] 282312K->137874K(829440K), 0.0061190 secs] [Times: user=0.02 sys=0.00, real=0.00 secs] 
2014-07-16T10:19:22.188+0000: 685.197: [GC [PSYoungGen: 142383K->708K(140032K)] 279596K->138024K(827008K), 0.0051160 secs] [Times: user=0.03 sys=0.01, real=0.00 secs] 
2014-07-16T10:19:22.676+0000: 685.685: [GC [PSYoungGen: 139972K->680K(137536K)] 277288K->138076K(824512K), 0.0039630 secs] [Times: user=0.02 sys=0.00, real=0.01 secs] 
2014-07-16T10:19:23.180+0000: 686.189: [GC [PSYoungGen: 137512K->704K(135168K)] 274908K->138196K(822144K), 0.0042670 secs] [Times: user=0.02 sys=0.00, real=0.00 secs] 
2014-07-16T10:19:23.651+0000: 686.660: [GC [PSYoungGen: 135168K->598K(162048K)] 272660K->138146K(849024K), 0.0086200 secs] [Times: user=0.05 sys=0.00, real=0.01 secs] 
2014-07-16T10:19:24.225+0000: 687.234: [GC [PSYoungGen: 162006K->744K(159104K)] 299554K->138522K(846080K), 0.0031840 secs] [Times: user=0.02 sys=0.00, real=0.01 secs] 
2014-07-16T10:19:24.903+0000: 687.912: [GC [PSYoungGen: 159080K->1078K(156416K)] 296858K->138992K(843392K), 0.0073680 secs] [Times: user=0.05 sys=0.00, real=0.01 secs] 
2014-07-16T10:19:25.452+0000: 688.460: [GC [PSYoungGen: 156404K->370K(186816K)] 294319K->138446K(873792K), 0.0125590 secs] [Times: user=0.08 sys=0.01, real=0.01 secs] 
2014-07-16T10:19:26.117+0000: 689.125: [GC [PSYoungGen: 186782K->1062K(211136K)] 324859K->139261K(898112K), 0.0104850 secs] [Times: user=0.06 sys=0.00, real=0.01 secs] 
2014-07-16T10:19:26.878+0000: 689.887: [GC [PSYoungGen: 210982K->1012K(224960K)] 349181K->139491K(911936K), 0.0030590 secs] [Times: user=0.01 sys=0.00, real=0.00 secs] 
2014-07-16T10:19:27.679+0000: 690.687: [GC [PSYoungGen: 224692K->690K(219200K)] 363171K->139225K(906176K), 0.0043810 secs] [Times: user=0.01 sys=0.00, real=0.00 secs] 
2014-07-16T10:19:28.453+0000: 691.461: [GC [PSYoungGen: 219186K->680K(214208K)] 357721K->139287K(901184K), 0.0046720 secs] [Times: user=0.03 sys=0.01, real=0.00 secs] 
2014-07-16T10:19:29.232+0000: 692.240: [GC [PSYoungGen: 214179K->566K(209280K)] 352786K->139237K(896256K), 0.0045120 secs] [Times: user=0.03 sys=0.00, real=0.00 secs] 
2014-07-16T10:19:30.004+0000: 693.013: [GC [PSYoungGen: 209250K->1040K(205184K)] 347921K->139807K(892160K), 0.0026330 secs] [Times: user=0.02 sys=0.00, real=0.00 secs] 
2014-07-16T10:19:30.731+0000: 693.739: [GC [PSYoungGen: 205136K->1008K(200640K)] 343903K->139847K(887616K), 0.0048400 secs] [Times: user=0.03 sys=0.00, real=0.00 secs] 
2014-07-16T10:19:31.452+0000: 694.460: [GC [PSYoungGen: 200621K->620K(195904K)] 339460K->139713K(882880K), 0.0044700 secs] [Times: user=0.01 sys=0.01, real=0.00 secs] 
2014-07-16T10:19:32.158+0000: 695.166: [GC [PSYoungGen: 195884K->962K(192128K)] 334977K->140103K(879104K), 0.0067990 secs] [Times: user=0.03 sys=0.00, real=0.01 secs] 
2014-07-16T10:19:32.863+0000: 695.871: [GC [PSYoungGen: 192065K->904K(188032K)] 331206K->140199K(875008K), 0.0053510 secs] [Times: user=0.03 sys=0.01, real=0.00 secs] 
2014-07-16T10:19:33.541+0000: 696.549: [GC [PSYoungGen: 187976K->1000K(184192K)] 327271K->140335K(871168K), 0.0034870 secs] [Times: user=0.01 sys=0.00, real=0.00 secs] 
2014-07-16T10:19:34.195+0000: 697.203: [GC [PSYoungGen: 184168K->716K(180160K)] 323503K->140131K(867136K), 0.0048600 secs] [Times: user=0.02 sys=0.00, real=0.01 secs] 
2014-07-16T10:19:34.905+0000: 697.913: [GC [PSYoungGen: 180108K->930K(176704K)] 319523K->140409K(863680K), 0.0075960 secs] [Times: user=0.04 sys=0.00, real=0.01 secs] 
2014-07-16T10:19:35.552+0000: 698.561: [GC [PSYoungGen: 176674K->608K(172864K)] 316153K->140151K(859840K), 0.0056260 secs] [Times: user=0.03 sys=0.01, real=0.00 secs] 
2014-07-16T10:19:36.208+0000: 699.216: [GC [PSYoungGen: 172809K->1030K(169920K)] 312352K->140645K(856896K), 0.0028350 secs] [Times: user=0.02 sys=0.00, real=0.01 secs] 
2014-07-16T10:19:36.800+0000: 699.809: [GC [PSYoungGen: 169862K->562K(166080K)] 309477K->140257K(853056K), 0.0039280 secs] [Times: user=0.02 sys=0.00, real=0.00 secs] 
2014-07-16T10:19:37.389+0000: 700.397: [GC [PSYoungGen: 166066K->498K(162816K)] 305761K->140249K(849792K), 0.0058010 secs] [Times: user=0.03 sys=0.00, real=0.01 secs] 
2014-07-16T10:19:37.971+0000: 700.979: [GC [PSYoungGen: 162769K->644K(159936K)] 302521K->140467K(846912K), 0.0027430 secs] [Times: user=0.02 sys=0.00, real=0.00 secs] 
2014-07-16T10:19:38.544+0000: 701.552: [GC [PSYoungGen: 159876K->672K(156928K)] 299699K->140559K(843904K), 0.0030850 secs] [Times: user=0.02 sys=0.01, real=0.00 secs] 
2014-07-16T10:19:39.115+0000: 702.124: [GC [PSYoungGen: 156888K->876K(154176K)] 296775K->140835K(841152K), 0.0041050 secs] [Times: user=0.02 sys=0.00, real=0.00 secs] 
2014-07-16T10:19:39.722+0000: 702.730: [GC [PSYoungGen: 154156K->544K(151040K)] 294115K->140575K(838016K), 0.0034710 secs] [Times: user=0.02 sys=0.00, real=0.00 secs] 
2014-07-16T10:19:40.249+0000: 703.257: [GC [PSYoungGen: 151008K->534K(148288K)] 291039K->140629K(835264K), 0.0083950 secs] [Times: user=0.05 sys=0.00, real=0.01 secs] 
2014-07-16T10:19:40.796+0000: 703.805: [GC [PSYoungGen: 148246K->1136K(146176K)] 288341K->141303K(833152K), 0.0049510 secs] [Times: user=0.03 sys=0.00, real=0.01 secs] 
2014-07-16T10:19:41.310+0000: 704.318: [GC [PSYoungGen: 146160K->876K(143360K)] 286327K->141139K(830336K), 0.0050580 secs] [Times: user=0.02 sys=0.00, real=0.00 secs] 
2014-07-16T10:19:41.813+0000: 704.821: [GC [PSYoungGen: 143340K->480K(140480K)] 283603K->140807K(827456K), 0.0059280 secs] [Times: user=0.02 sys=0.00, real=0.00 secs] 
2014-07-16T10:19:42.345+0000: 705.354: [GC [PSYoungGen: 140448K->976K(138560K)] 280775K->141391K(825536K), 0.0036210 secs] [Times: user=0.02 sys=0.00, real=0.00 secs] 
2014-07-16T10:19:42.813+0000: 705.821: [GC [PSYoungGen: 138512K->576K(135744K)] 278927K->141103K(822720K), 0.0042880 secs] [Times: user=0.03 sys=0.00, real=0.00 secs] 
2014-07-16T10:19:43.311+0000: 706.319: [GC [PSYoungGen: 135744K->1250K(134144K)] 276271K->141999K(821120K), 0.0030200 secs] [Times: user=0.01 sys=0.00, real=0.01 secs] 
2014-07-16T10:19:43.782+0000: 706.790: [GC [PSYoungGen: 134114K->1394K(132032K)] 274863K->142207K(819008K), 0.0031440 secs] [Times: user=0.02 sys=0.00, real=0.00 secs] 
2014-07-16T10:19:44.259+0000: 707.267: [GC [PSYoungGen: 132018K->306K(157120K)] 272831K->141249K(844096K), 0.0100710 secs] [Times: user=0.07 sys=0.00, real=0.01 secs] 
2014-07-16T10:19:44.901+0000: 707.909: [GC [PSYoungGen: 157106K->804K(188992K)] 298049K->141787K(875968K), 0.0074210 secs] [Times: user=0.02 sys=0.01, real=0.00 secs] 
2014-07-16T10:19:45.557+0000: 708.565: [GC [PSYoungGen: 188942K->626K(210624K)] 329925K->141681K(897600K), 0.0088030 secs] [Times: user=0.06 sys=0.00, real=0.01 secs] 
2014-07-16T10:19:46.318+0000: 709.326: [GC [PSYoungGen: 209629K->730K(210560K)] 350684K->141857K(897536K), 0.0053000 secs] [Times: user=0.02 sys=0.00, real=0.01 secs] 
2014-07-16T10:19:47.095+0000: 710.103: [GC [PSYoungGen: 209754K->1458K(252096K)] 350881K->142781K(939072K), 0.0115570 secs] [Times: user=0.07 sys=0.00, real=0.01 secs] 
2014-07-16T10:19:47.986+0000: 710.994: [GC [PSYoungGen: 252082K->1058K(245568K)] 393405K->142437K(932544K), 0.0049030 secs] [Times: user=0.01 sys=0.00, real=0.00 secs] 
2014-07-16T10:19:48.860+0000: 711.868: [GC [PSYoungGen: 245538K->466K(239104K)] 386917K->141925K(926080K), 0.0028210 secs] [Times: user=0.01 sys=0.01, real=0.01 secs] 
2014-07-16T10:19:49.816+0000: 712.824: [GC [PSYoungGen: 239058K->1046K(233984K)] 380517K->142609K(920960K), 0.0055460 secs] [Times: user=0.02 sys=0.00, real=0.00 secs] 
2014-07-16T10:19:50.557+0000: 713.565: [GC [PSYoungGen: 233942K->544K(227968K)] 375505K->142179K(914944K), 0.0078520 secs] [Times: user=0.05 sys=0.01, real=0.01 secs] 
2014-07-16T10:19:51.383+0000: 714.391: [GC [PSYoungGen: 227936K->384K(222464K)] 369571K->142067K(909440K), 0.0096610 secs] [Times: user=0.06 sys=0.00, real=0.01 secs] 
2014-07-16T10:19:52.195+0000: 715.203: [GC [PSYoungGen: 222464K->836K(248576K)] 364147K->142575K(935552K), 0.0171380 secs] [Times: user=0.10 sys=0.00, real=0.02 secs] 
2014-07-16T10:19:53.095+0000: 716.104: [GC [PSYoungGen: 247724K->1382K(248512K)] 389463K->143225K(935488K), 0.0070290 secs] [Times: user=0.04 sys=0.00, real=0.01 secs] 
2014-07-16T10:19:53.985+0000: 716.993: [GC [PSYoungGen: 248276K->862K(241792K)] 390120K->142769K(928768K), 0.0043750 secs] [Times: user=0.01 sys=0.00, real=0.00 secs] 
2014-07-16T10:19:54.941+0000: 717.949: [GC [PSYoungGen: 241758K->690K(235840K)] 383665K->142677K(922816K), 0.0034310 secs] [Times: user=0.02 sys=0.00, real=0.01 secs] 
2014-07-16T10:19:55.717+0000: 718.725: [GC [PSYoungGen: 235825K->452K(230080K)] 377812K->142495K(917056K), 0.0052340 secs] [Times: user=0.03 sys=0.00, real=0.01 secs] 
2014-07-16T10:19:56.566+0000: 719.574: [GC [PSYoungGen: 229939K->812K(225024K)] 371982K->142887K(912000K), 0.0038520 secs] [Times: user=0.02 sys=0.01, real=0.00 secs] 
2014-07-16T10:19:57.387+0000: 720.395: [GC [PSYoungGen: 225004K->722K(219776K)] 367079K->142877K(906752K), 0.0070840 secs] [Times: user=0.04 sys=0.01, real=0.01 secs] 
2014-07-16T10:19:58.207+0000: 721.215: [GC [PSYoungGen: 219688K->916K(214976K)] 361843K->143111K(901952K), 0.0038600 secs] [Times: user=0.02 sys=0.00, real=0.00 secs] 
2014-07-16T10:19:58.990+0000: 721.999: [GC [PSYoungGen: 214932K->480K(209728K)] 357127K->142755K(896704K), 0.0055440 secs] [Times: user=0.03 sys=0.01, real=0.01 secs] 
2014-07-16T10:19:59.751+0000: 722.760: [GC [PSYoungGen: 209696K->662K(205248K)] 351971K->143025K(892224K), 0.0045730 secs] [Times: user=0.03 sys=0.00, real=0.01 secs] 
2014-07-16T10:20:00.517+0000: 723.525: [GC [PSYoungGen: 205202K->694K(200768K)] 347565K->143129K(887744K), 0.0052560 secs] [Times: user=0.03 sys=0.00, real=0.00 secs] 
2014-07-16T10:20:01.252+0000: 724.260: [GC [PSYoungGen: 200740K->798K(196544K)] 343175K->143265K(883520K), 0.0087300 secs] [Times: user=0.04 sys=0.00, real=0.01 secs] 
2014-07-16T10:20:01.965+0000: 724.973: [GC [PSYoungGen: 196480K->704K(192256K)] 338948K->143235K(879232K), 0.0053510 secs] [Times: user=0.03 sys=0.00, real=0.00 secs] 
2014-07-16T10:20:02.673+0000: 725.681: [GC [PSYoungGen: 192256K->840K(188416K)] 334787K->143427K(875392K), 0.0039310 secs] [Times: user=0.01 sys=0.00, real=0.01 secs] 
2014-07-16T10:20:03.351+0000: 726.359: [GC [PSYoungGen: 188339K->626K(184256K)] 330926K->143285K(871232K), 0.0048770 secs] [Times: user=0.03 sys=0.00, real=0.01 secs] 
2014-07-16T10:20:04.003+0000: 727.012: [GC [PSYoungGen: 184231K->1012K(180864K)] 326891K->143759K(867840K), 0.0053300 secs] [Times: user=0.03 sys=0.00, real=0.01 secs] 
2014-07-16T10:20:04.655+0000: 727.663: [GC [PSYoungGen: 180804K->794K(177024K)] 323551K->143687K(864000K), 0.0071770 secs] [Times: user=0.05 sys=0.01, real=0.00 secs] 
2014-07-16T10:20:05.318+0000: 728.326: [GC [PSYoungGen: 176986K->1180K(173888K)] 319879K->144195K(860864K), 0.0058670 secs] [Times: user=0.03 sys=0.00, real=0.00 secs] 
2014-07-16T10:20:05.973+0000: 728.981: [GC [PSYoungGen: 173852K->420K(169664K)] 316867K->144237K(856640K), 0.0042510 secs] [Times: user=0.03 sys=0.00, real=0.01 secs] 
2014-07-16T10:20:06.540+0000: 729.549: [GC [PSYoungGen: 169593K->1462K(167360K)] 313411K->145717K(854336K), 0.0063270 secs] [Times: user=0.04 sys=0.00, real=0.01 secs] 
2014-07-16T10:20:07.149+0000: 730.158: [GC [PSYoungGen: 167350K->480K(163200K)] 311605K->145213K(850176K), 0.0032790 secs] [Times: user=0.01 sys=0.00, real=0.00 secs] 
2014-07-16T10:20:07.739+0000: 730.747: [GC [PSYoungGen: 163168K->740K(196032K)] 307901K->145505K(883008K), 0.0112060 secs] [Times: user=0.06 sys=0.00, real=0.01 secs] 
2014-07-16T10:20:08.439+0000: 731.448: [GC [PSYoungGen: 196004K->466K(191616K)] 340769K->145295K(878592K), 0.0061320 secs] [Times: user=0.05 sys=0.00, real=0.01 secs] 
2014-07-16T10:20:09.128+0000: 732.137: [GC [PSYoungGen: 191570K->352K(187456K)] 336399K->145229K(874432K), 0.0031470 secs] [Times: user=0.01 sys=0.00, real=0.00 secs] 
2014-07-16T10:20:09.806+0000: 732.814: [GC [PSYoungGen: 187424K->930K(184128K)] 332301K->145871K(871104K), 0.0059770 secs] [Times: user=0.03 sys=0.00, real=0.00 secs] 
2014-07-16T10:20:10.488+0000: 733.496: [GC [PSYoungGen: 184069K->994K(180416K)] 329011K->145991K(867392K), 0.0037900 secs] [Times: user=0.01 sys=0.00, real=0.00 secs] 
2014-07-16T10:20:11.113+0000: 734.121: [GC [PSYoungGen: 180386K->1058K(176832K)] 325383K->146135K(863808K), 0.0068860 secs] [Times: user=0.03 sys=0.01, real=0.01 secs] 
2014-07-16T10:20:11.746+0000: 734.754: [GC [PSYoungGen: 176802K->702K(172928K)] 321879K->145843K(859904K), 0.0030670 secs] [Times: user=0.02 sys=0.00, real=0.00 secs] 
2014-07-16T10:20:12.372+0000: 735.381: [GC [PSYoungGen: 172881K->676K(169536K)] 318023K->145881K(856512K), 0.0036870 secs] [Times: user=0.02 sys=0.00, real=0.01 secs] 
2014-07-16T10:20:12.975+0000: 735.984: [GC [PSYoungGen: 169508K->1090K(166656K)] 314713K->146343K(853632K), 0.0071120 secs] [Times: user=0.04 sys=0.00, real=0.00 secs] 
2014-07-16T10:20:13.577+0000: 736.585: [GC [PSYoungGen: 166590K->880K(163200K)] 311844K->146237K(850176K), 0.0060450 secs] [Times: user=0.04 sys=0.00, real=0.00 secs] 
2014-07-16T10:20:14.175+0000: 737.183: [GC [PSYoungGen: 163184K->794K(160064K)] 308541K->146231K(847040K), 0.0030310 secs] [Times: user=0.01 sys=0.00, real=0.01 secs] 
2014-07-16T10:20:14.760+0000: 737.768: [GC [PSYoungGen: 160026K->498K(156736K)] 305463K->146039K(843712K), 0.0046400 secs] [Times: user=0.03 sys=0.00, real=0.00 secs] 
2014-07-16T10:20:15.371+0000: 738.380: [GC [PSYoungGen: 156664K->1204K(154496K)] 302206K->146817K(841472K), 0.0047880 secs] [Times: user=0.01 sys=0.01, real=0.01 secs] 
2014-07-16T10:20:15.897+0000: 738.905: [GC [PSYoungGen: 154484K->698K(151168K)] 300097K->146391K(838144K), 0.0037260 secs] [Times: user=0.02 sys=0.00, real=0.00 secs] 
2014-07-16T10:20:16.454+0000: 739.463: [GC [PSYoungGen: 151162K->612K(148352K)] 296855K->146377K(835328K), 0.0050170 secs] [Times: user=0.03 sys=0.00, real=0.01 secs] 
2014-07-16T10:20:16.974+0000: 739.982: [GC [PSYoungGen: 148301K->548K(145600K)] 294066K->146385K(832576K), 0.0050650 secs] [Times: user=0.03 sys=0.00, real=0.01 secs] 
2014-07-16T10:20:17.503+0000: 740.511: [GC [PSYoungGen: 145571K->930K(143424K)] 291409K->146823K(830400K), 0.0075270 secs] [Times: user=0.05 sys=0.00, real=0.01 secs] 
2014-07-16T10:20:18.012+0000: 741.020: [GC [PSYoungGen: 143394K->484K(140480K)] 289287K->146425K(827456K), 0.0050850 secs] [Times: user=0.03 sys=0.00, real=0.01 secs] 
2014-07-16T10:20:18.510+0000: 741.518: [GC [PSYoungGen: 140452K->512K(138048K)] 286393K->146549K(825024K), 0.0042150 secs] [Times: user=0.02 sys=0.00, real=0.00 secs] 
2014-07-16T10:20:18.998+0000: 742.006: [GC [PSYoungGen: 138048K->484K(135680K)] 284085K->146569K(822656K), 0.0059710 secs] [Times: user=0.04 sys=0.00, real=0.00 secs] 
2014-07-16T10:20:19.473+0000: 742.481: [GC [PSYoungGen: 135652K->548K(162816K)] 281737K->146705K(849792K), 0.0056650 secs] [Times: user=0.03 sys=0.00, real=0.01 secs] 
2014-07-16T10:20:20.079+0000: 743.088: [GC [PSYoungGen: 162788K->690K(159872K)] 308945K->146871K(846848K), 0.0050470 secs] [Times: user=0.02 sys=0.00, real=0.00 secs] 
2014-07-16T10:20:20.674+0000: 743.682: [GC [PSYoungGen: 159858K->808K(191872K)] 306039K->147069K(878848K), 0.0093890 secs] [Times: user=0.07 sys=0.00, real=0.01 secs] 
2014-07-16T10:20:21.356+0000: 744.365: [GC [PSYoungGen: 191848K->1082K(230336K)] 338109K->147547K(917312K), 0.0063290 secs] [Times: user=0.01 sys=0.00, real=0.00 secs] 
2014-07-16T10:20:22.179+0000: 745.187: [GC [PSYoungGen: 230330K->602K(224512K)] 376795K->147123K(911488K), 0.0046400 secs] [Times: user=0.03 sys=0.00, real=0.00 secs] 
2014-07-16T10:20:22.990+0000: 745.998: [GC [PSYoungGen: 224473K->904K(219648K)] 370995K->147529K(906624K), 0.0029630 secs] [Times: user=0.01 sys=0.00, real=0.00 secs] 
2014-07-16T10:20:23.766+0000: 746.774: [GC [PSYoungGen: 219592K->876K(214592K)] 366217K->147581K(901568K), 0.0059340 secs] [Times: user=0.04 sys=0.00, real=0.01 secs] 
2014-07-16T10:20:24.568+0000: 747.577: [GC [PSYoungGen: 214572K->932K(209856K)] 361277K->147693K(896832K), 0.0074030 secs] [Times: user=0.05 sys=0.00, real=0.00 secs] 
2014-07-16T10:20:25.398+0000: 748.407: [GC [PSYoungGen: 209795K->1396K(205632K)] 356556K->148343K(892608K), 0.0056840 secs] [Times: user=0.03 sys=0.00, real=0.00 secs] 
2014-07-16T10:20:26.134+0000: 749.142: [GC [PSYoungGen: 205620K->502K(200256K)] 352567K->147751K(887232K), 0.0088140 secs] [Times: user=0.05 sys=0.00, real=0.01 secs] 
2014-07-16T10:20:26.832+0000: 749.840: [GC [PSYoungGen: 200246K->680K(196096K)] 347495K->148035K(883072K), 0.0069510 secs] [Times: user=0.02 sys=0.00, real=0.01 secs] 
2014-07-16T10:20:27.580+0000: 750.589: [GC [PSYoungGen: 196036K->798K(192064K)] 343391K->148301K(879040K), 0.0039230 secs] [Times: user=0.01 sys=0.00, real=0.00 secs] 
2014-07-16T10:20:28.319+0000: 751.327: [GC [PSYoungGen: 191989K->1072K(188288K)] 339493K->148663K(875264K), 0.0031940 secs] [Times: user=0.02 sys=0.00, real=0.00 secs] 
2014-07-16T10:20:28.970+0000: 751.979: [GC [PSYoungGen: 188272K->712K(184064K)] 335863K->148383K(871040K), 0.0058720 secs] [Times: user=0.03 sys=0.00, real=0.00 secs] 
2014-07-16T10:20:29.613+0000: 752.622: [GC [PSYoungGen: 183967K->1030K(180608K)] 331639K->148781K(867584K), 0.0053470 secs] [Times: user=0.03 sys=0.00, real=0.01 secs] 
2014-07-16T10:20:30.372+0000: 753.380: [GC [PSYoungGen: 180550K->1124K(177024K)] 328301K->148963K(864000K), 0.0075880 secs] [Times: user=0.05 sys=0.00, real=0.01 secs] 
2014-07-16T10:20:30.949+0000: 753.957: [GC [PSYoungGen: 176960K->670K(173056K)] 324800K->148549K(860032K), 0.0071250 secs] [Times: user=0.04 sys=0.00, real=0.00 secs] 
2014-07-16T10:20:31.562+0000: 754.571: [GC [PSYoungGen: 173002K->730K(169728K)] 320881K->148665K(856704K), 0.0059210 secs] [Times: user=0.03 sys=0.00, real=0.01 secs] 
2014-07-16T10:20:32.183+0000: 755.191: [GC [PSYoungGen: 169690K->620K(166272K)] 317625K->148579K(853248K), 0.0047120 secs] [Times: user=0.01 sys=0.00, real=0.00 secs] 
2014-07-16T10:20:32.826+0000: 755.835: [GC [PSYoungGen: 166230K->730K(163200K)] 314190K->148753K(850176K), 0.0065300 secs] [Times: user=0.03 sys=0.00, real=0.01 secs] 
2014-07-16T10:20:33.387+0000: 756.395: [GC [PSYoungGen: 163162K->338K(159680K)] 311185K->148377K(846656K), 0.0058780 secs] [Times: user=0.01 sys=0.01, real=0.01 secs] 
2014-07-16T10:20:33.978+0000: 756.987: [GC [PSYoungGen: 159634K->1064K(192256K)] 307673K->149191K(879232K), 0.0076400 secs] [Times: user=0.05 sys=0.00, real=0.00 secs] 
2014-07-16T10:20:34.661+0000: 757.669: [GC [PSYoungGen: 192213K->694K(187840K)] 340341K->148917K(874816K), 0.0061570 secs] [Times: user=0.03 sys=0.00, real=0.00 secs] 
2014-07-16T10:20:35.427+0000: 758.435: [GC [PSYoungGen: 187830K->1092K(184384K)] 336053K->149395K(871360K), 0.0062770 secs] [Times: user=0.03 sys=0.00, real=0.01 secs] 
2014-07-16T10:20:36.041+0000: 759.049: [GC [PSYoungGen: 184296K->994K(180480K)] 332600K->149369K(867456K), 0.0049260 secs] [Times: user=0.02 sys=0.00, real=0.00 secs] 
2014-07-16T10:20:36.671+0000: 759.679: [GC [PSYoungGen: 180438K->812K(176640K)] 328814K->149344K(863616K), 0.0062180 secs] [Times: user=0.03 sys=0.00, real=0.00 secs] 
2014-07-16T10:20:37.311+0000: 760.319: [GC [PSYoungGen: 176620K->612K(172928K)] 325152K->149232K(859904K), 0.0058070 secs] [Times: user=0.03 sys=0.00, real=0.00 secs] 
2014-07-16T10:20:37.935+0000: 760.943: [GC [PSYoungGen: 172900K->580K(169536K)] 321520K->149264K(856512K), 0.0061020 secs] [Times: user=0.02 sys=0.01, real=0.01 secs] 
2014-07-16T10:20:38.559+0000: 761.568: [GC [PSYoungGen: 169463K->794K(166400K)] 318147K->149526K(853376K), 0.0044870 secs] [Times: user=0.02 sys=0.00, real=0.00 secs] 
2014-07-16T10:20:39.133+0000: 762.141: [GC [PSYoungGen: 166362K->730K(199488K)] 315094K->149526K(886464K), 0.0123190 secs] [Times: user=0.08 sys=0.00, real=0.01 secs] 
2014-07-16T10:20:39.862+0000: 762.871: [GC [PSYoungGen: 199443K->694K(239168K)] 348240K->149578K(926144K), 0.0069520 secs] [Times: user=0.04 sys=0.00, real=0.01 secs] 
2014-07-16T10:20:40.801+0000: 763.809: [GC [PSYoungGen: 239158K->812K(233600K)] 388042K->149776K(920576K), 0.0049710 secs] [Times: user=0.03 sys=0.00, real=0.00 secs] 
2014-07-16T10:20:41.631+0000: 764.639: [GC [PSYoungGen: 233566K->448K(227712K)] 382530K->149452K(914688K), 0.0070680 secs] [Times: user=0.03 sys=0.00, real=0.00 secs] 
2014-07-16T10:20:42.429+0000: 765.437: [GC [PSYoungGen: 227700K->716K(222720K)] 376704K->149816K(909696K), 0.0030630 secs] [Times: user=0.02 sys=0.00, real=0.01 secs] 
2014-07-16T10:20:43.228+0000: 766.236: [GC [PSYoungGen: 222663K->1144K(217984K)] 371764K->150324K(904960K), 0.0069410 secs] [Times: user=0.04 sys=0.00, real=0.01 secs] 
2014-07-16T10:20:44.022+0000: 767.030: [GC [PSYoungGen: 217949K->566K(212480K)] 367129K->150284K(899456K), 0.0061150 secs] [Times: user=0.04 sys=0.00, real=0.00 secs] 
2014-07-16T10:20:44.800+0000: 767.808: [GC [PSYoungGen: 212470K->900K(208128K)] 362188K->150698K(895104K), 0.0045770 secs] [Times: user=0.02 sys=0.01, real=0.01 secs] 
2014-07-16T10:20:45.639+0000: 768.647: [GC [PSYoungGen: 207992K->1238K(203840K)] 357790K->151108K(890816K), 0.0077730 secs] [Times: user=0.04 sys=0.00, real=0.01 secs] 
2014-07-16T10:20:46.337+0000: 769.346: [GC [PSYoungGen: 203797K->912K(199104K)] 353668K->150846K(886080K), 0.0055530 secs] [Times: user=0.01 sys=0.00, real=0.01 secs] 
2014-07-16T10:20:47.045+0000: 770.054: [GC [PSYoungGen: 199056K->548K(194432K)] 348990K->150546K(881408K), 0.0051500 secs] [Times: user=0.03 sys=0.00, real=0.01 secs] 
2014-07-16T10:20:47.737+0000: 770.746: [GC [PSYoungGen: 194404K->740K(190464K)] 344402K->150842K(877440K), 0.0045360 secs] [Times: user=0.03 sys=0.00, real=0.01 secs] 
2014-07-16T10:20:48.412+0000: 771.421: [GC [PSYoungGen: 190436K->1026K(186816K)] 340538K->151216K(873792K), 0.0049000 secs] [Times: user=0.03 sys=0.00, real=0.00 secs] 
2014-07-16T10:20:49.100+0000: 772.108: [GC [PSYoungGen: 186754K->580K(182528K)] 336944K->150818K(869504K), 0.0055470 secs] [Times: user=0.02 sys=0.00, real=0.01 secs] 
2014-07-16T10:20:49.762+0000: 772.770: [GC [PSYoungGen: 182423K->694K(178880K)] 332662K->151012K(865856K), 0.0030570 secs] [Times: user=0.01 sys=0.01, real=0.00 secs] 
2014-07-16T10:20:50.430+0000: 773.438: [GC [PSYoungGen: 178835K->836K(175488K)] 329153K->151218K(862464K), 0.0028100 secs] [Times: user=0.02 sys=0.00, real=0.01 secs] 
2014-07-16T10:20:51.097+0000: 774.106: [GC [PSYoungGen: 175356K->1108K(172224K)] 325739K->151586K(859200K), 0.0047620 secs] [Times: user=0.03 sys=0.00, real=0.01 secs] 
2014-07-16T10:20:51.697+0000: 774.705: [GC [PSYoungGen: 172180K->736K(168448K)] 322658K->151326K(855424K), 0.0044290 secs] [Times: user=0.03 sys=0.00, real=0.01 secs] 
2014-07-16T10:20:52.295+0000: 775.303: [GC [PSYoungGen: 168416K->448K(164864K)] 319006K->151102K(851840K), 0.0031500 secs] [Times: user=0.01 sys=0.00, real=0.00 secs] 
2014-07-16T10:20:52.888+0000: 775.897: [GC [PSYoungGen: 164864K->466K(161728K)] 315518K->151168K(848704K), 0.0030500 secs] [Times: user=0.01 sys=0.00, real=0.01 secs] 
2014-07-16T10:20:53.482+0000: 776.491: [GC [PSYoungGen: 161661K->608K(158784K)] 312363K->151374K(845760K), 0.0032490 secs] [Times: user=0.02 sys=0.00, real=0.00 secs] 
2014-07-16T10:20:54.038+0000: 777.047: [GC [PSYoungGen: 158752K->936K(156160K)] 309518K->151790K(843136K), 0.0056330 secs] [Times: user=0.03 sys=0.00, real=0.01 secs] 
2014-07-16T10:20:54.588+0000: 777.597: [GC [PSYoungGen: 156136K->776K(153152K)] 306990K->151718K(840128K), 0.0033670 secs] [Times: user=0.01 sys=0.01, real=0.01 secs] 
2014-07-16T10:20:55.138+0000: 778.146: [GC [PSYoungGen: 153096K->1262K(150784K)] 304038K->152374K(837760K), 0.0050900 secs] [Times: user=0.03 sys=0.00, real=0.01 secs] 
2014-07-16T10:20:55.763+0000: 778.771: [GC [PSYoungGen: 150766K->502K(147328K)] 301878K->152286K(834304K), 0.0045330 secs] [Times: user=0.02 sys=0.00, real=0.00 secs] 
2014-07-16T10:20:56.233+0000: 779.241: [GC [PSYoungGen: 147318K->1508K(145728K)] 299102K->153349K(832704K), 0.0060350 secs] [Times: user=0.04 sys=0.01, real=0.00 secs] 
2014-07-16T10:20:56.735+0000: 779.743: [GC [PSYoungGen: 145700K->448K(142080K)] 297541K->152796K(829056K), 0.0055390 secs] [Times: user=0.03 sys=0.00, real=0.00 secs] 
2014-07-16T10:20:57.248+0000: 780.256: [GC [PSYoungGen: 142080K->808K(139968K)] 294428K->153212K(826944K), 0.0039920 secs] [Times: user=0.02 sys=0.00, real=0.01 secs] 
2014-07-16T10:20:57.766+0000: 780.774: [GC [PSYoungGen: 139944K->808K(137536K)] 292348K->153260K(824512K), 0.0050550 secs] [Times: user=0.02 sys=0.01, real=0.00 secs] 
2014-07-16T10:20:58.251+0000: 781.259: [GC [PSYoungGen: 137512K->580K(134976K)] 289964K->153088K(821952K), 0.0059940 secs] [Times: user=0.03 sys=0.00, real=0.01 secs] 
2014-07-16T10:20:58.772+0000: 781.780: [GC [PSYoungGen: 134916K->1148K(133248K)] 287424K->153705K(820224K), 0.0052470 secs] [Times: user=0.02 sys=0.01, real=0.00 secs] 
2014-07-16T10:20:59.224+0000: 782.232: [GC [PSYoungGen: 133239K->658K(159232K)] 285796K->153262K(846208K), 0.0149260 secs] [Times: user=0.09 sys=0.00, real=0.01 secs] 
2014-07-16T10:20:59.771+0000: 782.780: [GC [PSYoungGen: 159186K->666K(190976K)] 311790K->153310K(877952K), 0.0035600 secs] [Times: user=0.02 sys=0.00, real=0.01 secs] 
2014-07-16T10:21:00.466+0000: 783.474: [GC [PSYoungGen: 190938K->820K(229184K)] 343582K->153513K(916160K), 0.0030590 secs] [Times: user=0.01 sys=0.01, real=0.00 secs] 
2014-07-16T10:21:01.292+0000: 784.300: [GC [PSYoungGen: 229158K->548K(223616K)] 381850K->153312K(910592K), 0.0045490 secs] [Times: user=0.03 sys=0.00, real=0.01 secs] 
2014-07-16T10:21:02.116+0000: 785.125: [GC [PSYoungGen: 223588K->1238K(219200K)] 376352K->154090K(906176K), 0.0046110 secs] [Times: user=0.03 sys=0.00, real=0.00 secs] 
2014-07-16T10:21:02.877+0000: 785.886: [GC [PSYoungGen: 219158K->1094K(214080K)] 372010K->154018K(901056K), 0.0058110 secs] [Times: user=0.03 sys=0.00, real=0.01 secs] 
2014-07-16T10:21:03.637+0000: 786.646: [GC [PSYoungGen: 214016K->598K(208768K)] 366941K->153602K(895744K), 0.0061680 secs] [Times: user=0.04 sys=0.00, real=0.01 secs] 
2014-07-16T10:21:04.462+0000: 787.470: [GC [PSYoungGen: 208726K->1130K(204672K)] 361730K->154183K(891648K), 0.0037330 secs] [Times: user=0.01 sys=0.00, real=0.01 secs] 
2014-07-16T10:21:05.162+0000: 788.171: [GC [PSYoungGen: 204650K->662K(199744K)] 357703K->153770K(886720K), 0.0085380 secs] [Times: user=0.05 sys=0.00, real=0.01 secs] 
2014-07-16T10:21:05.872+0000: 788.880: [GC [PSYoungGen: 199702K->634K(195392K)] 352810K->153782K(882368K), 0.0043560 secs] [Times: user=0.02 sys=0.00, real=0.01 secs] 
2014-07-16T10:21:06.590+0000: 789.599: [GC [PSYoungGen: 195370K->844K(191488K)] 348519K->154048K(878464K), 0.0075930 secs] [Times: user=0.05 sys=0.00, real=0.01 secs] 
2014-07-16T10:21:07.280+0000: 790.288: [GC [PSYoungGen: 191436K->1212K(187776K)] 344640K->154465K(874752K), 0.0047520 secs] [Times: user=0.03 sys=0.00, real=0.01 secs] 
2014-07-16T10:21:07.947+0000: 790.955: [GC [PSYoungGen: 187696K->980K(183680K)] 340949K->154280K(870656K), 0.0098200 secs] [Times: user=0.07 sys=0.00, real=0.01 secs] 
2014-07-16T10:21:08.661+0000: 791.669: [GC [PSYoungGen: 183636K->754K(179648K)] 336936K->154126K(866624K), 0.0071550 secs] [Times: user=0.04 sys=0.00, real=0.01 secs] 
2014-07-16T10:21:09.309+0000: 792.317: [GC [PSYoungGen: 179629K->1148K(176384K)] 333002K->154569K(863360K), 0.0032640 secs] [Times: user=0.02 sys=0.01, real=0.00 secs] 
2014-07-16T10:21:09.936+0000: 792.944: [GC [PSYoungGen: 176350K->1054K(172800K)] 329770K->154546K(859776K), 0.0047720 secs] [Times: user=0.02 sys=0.00, real=0.00 secs] 
2014-07-16T10:21:10.556+0000: 793.564: [GC [PSYoungGen: 172760K->722K(169088K)] 326253K->154286K(856064K), 0.0052590 secs] [Times: user=0.03 sys=0.00, real=0.00 secs] 
2014-07-16T10:21:11.193+0000: 794.201: [GC [PSYoungGen: 169042K->594K(165696K)] 322606K->154214K(852672K), 0.0065190 secs] [Times: user=0.04 sys=0.00, real=0.01 secs] 
2014-07-16T10:21:11.771+0000: 794.779: [GC [PSYoungGen: 165650K->954K(162816K)] 319270K->154646K(849792K), 0.0043790 secs] [Times: user=0.01 sys=0.00, real=0.01 secs] 
2014-07-16T10:21:12.356+0000: 795.365: [GC [PSYoungGen: 162803K->1012K(159808K)] 316496K->154777K(846784K), 0.0042660 secs] [Times: user=0.03 sys=0.00, real=0.00 secs] 
2014-07-16T10:21:12.927+0000: 795.936: [GC [PSYoungGen: 159796K->884K(156672K)] 313561K->154704K(843648K), 0.0049910 secs] [Times: user=0.03 sys=0.00, real=0.00 secs] 
2014-07-16T10:21:13.493+0000: 796.502: [GC [PSYoungGen: 156660K->548K(153472K)] 310480K->154408K(840448K), 0.0074720 secs] [Times: user=0.05 sys=0.00, real=0.01 secs] 
2014-07-16T10:21:14.076+0000: 797.085: [GC [PSYoungGen: 153381K->1338K(151424K)] 307242K->155222K(838400K), 0.0055170 secs] [Times: user=0.02 sys=0.00, real=0.00 secs] 
2014-07-16T10:21:14.600+0000: 797.609: [GC [PSYoungGen: 151418K->662K(180800K)] 305302K->154586K(867776K), 0.0083250 secs] [Times: user=0.05 sys=0.00, real=0.01 secs] 
2014-07-16T10:21:15.259+0000: 798.268: [GC [PSYoungGen: 180758K->914K(217088K)] 334682K->154910K(904064K), 0.0063220 secs] [Times: user=0.04 sys=0.00, real=0.01 secs] 
2014-07-16T10:21:16.124+0000: 799.132: [GC [PSYoungGen: 217041K->794K(212032K)] 371038K->154854K(899008K), 0.0052390 secs] [Times: user=0.04 sys=0.00, real=0.01 secs] 
2014-07-16T10:21:16.818+0000: 799.826: [GC [PSYoungGen: 211978K->1394K(207872K)] 366039K->155693K(894848K), 0.0056330 secs] [Times: user=0.03 sys=0.00, real=0.00 secs] 
2014-07-16T10:21:17.553+0000: 800.561: [GC [PSYoungGen: 207858K->608K(202560K)] 362157K->154994K(889536K), 0.0025500 secs] [Times: user=0.01 sys=0.00, real=0.01 secs] 
2014-07-16T10:21:18.279+0000: 801.287: [GC [PSYoungGen: 202462K->918K(198464K)] 356849K->155376K(885440K), 0.0043360 secs] [Times: user=0.02 sys=0.00, real=0.00 secs] 
2014-07-16T10:21:19.023+0000: 802.032: [GC [PSYoungGen: 198422K->862K(194176K)] 352880K->155377K(881152K), 0.0058830 secs] [Times: user=0.03 sys=0.00, real=0.01 secs] 
2014-07-16T10:21:19.712+0000: 802.720: [GC [PSYoungGen: 194130K->626K(189824K)] 348645K->155196K(876800K), 0.0061620 secs] [Times: user=0.03 sys=0.00, real=0.01 secs] 
2014-07-16T10:21:20.407+0000: 803.415: [GC [PSYoungGen: 189810K->964K(186240K)] 344380K->155574K(873216K), 0.0123970 secs] [Times: user=0.07 sys=0.00, real=0.01 secs] 
2014-07-16T10:21:21.169+0000: 804.178: [GC [PSYoungGen: 186180K->1268K(182656K)] 340790K->155959K(869632K), 0.0057730 secs] [Times: user=0.03 sys=0.01, real=0.01 secs] 
2014-07-16T10:21:21.743+0000: 804.751: [GC [PSYoungGen: 182644K->612K(178304K)] 337335K->155374K(865280K), 0.0051020 secs] [Times: user=0.03 sys=0.00, real=0.01 secs] 
2014-07-16T10:21:22.389+0000: 805.397: [GC [PSYoungGen: 178276K->466K(174592K)] 333038K->155284K(861568K), 0.0071290 secs] [Times: user=0.04 sys=0.01, real=0.01 secs] 
2014-07-16T10:21:23.006+0000: 806.015: [GC [PSYoungGen: 174544K->766K(171392K)] 329363K->155657K(858368K), 0.0048710 secs] [Times: user=0.03 sys=0.00, real=0.00 secs] 
2014-07-16T10:21:23.615+0000: 806.623: [GC [PSYoungGen: 171390K->894K(205696K)] 326280K->155833K(892672K), 0.0090380 secs] [Times: user=0.06 sys=0.00, real=0.01 secs] 
2014-07-16T10:21:24.372+0000: 807.380: [GC [PSYoungGen: 205694K->576K(200896K)] 360633K->155562K(887872K), 0.0041830 secs] [Times: user=0.02 sys=0.00, real=0.01 secs] 
2014-07-16T10:21:25.097+0000: 808.105: [GC [PSYoungGen: 200856K->822K(196800K)] 355843K->155888K(883776K), 0.0033630 secs] [Times: user=0.01 sys=0.00, real=0.00 secs] 
2014-07-16T10:21:25.794+0000: 808.802: [GC [PSYoungGen: 196790K->812K(192576K)] 351856K->155943K(879552K), 0.0065790 secs] [Times: user=0.04 sys=0.00, real=0.01 secs] 
2014-07-16T10:21:26.535+0000: 809.543: [GC [PSYoungGen: 192556K->666K(188416K)] 347687K->155844K(875392K), 0.0068380 secs] [Times: user=0.04 sys=0.00, real=0.01 secs] 
2014-07-16T10:21:27.226+0000: 810.234: [GC [PSYoungGen: 188378K->1110K(184960K)] 343556K->156336K(871936K), 0.0049900 secs] [Times: user=0.02 sys=0.00, real=0.01 secs] 
2014-07-16T10:21:27.871+0000: 810.879: [GC [PSYoungGen: 184918K->736K(180800K)] 340144K->156042K(867776K), 0.0031110 secs] [Times: user=0.01 sys=0.00, real=0.00 secs] 
2014-07-16T10:21:28.529+0000: 811.537: [GC [PSYoungGen: 180732K->630K(177024K)] 336039K->156000K(864000K), 0.0054940 secs] [Times: user=0.04 sys=0.00, real=0.00 secs] 
2014-07-16T10:21:29.167+0000: 812.175: [GC [PSYoungGen: 177014K->580K(173504K)] 332384K->156022K(860480K), 0.0053380 secs] [Times: user=0.03 sys=0.01, real=0.00 secs] 
2014-07-16T10:21:29.786+0000: 812.794: [GC [PSYoungGen: 173444K->912K(170368K)] 328886K->156403K(857344K), 0.0058540 secs] [Times: user=0.04 sys=0.00, real=0.01 secs] 
2014-07-16T10:21:30.410+0000: 813.418: [GC [PSYoungGen: 170320K->1148K(167232K)] 325811K->156687K(854208K), 0.0061680 secs] [Times: user=0.03 sys=0.00, real=0.00 secs] 
2014-07-16T10:21:31.020+0000: 814.028: [GC [PSYoungGen: 167192K->640K(163520K)] 322731K->156242K(850496K), 0.0087450 secs] [Times: user=0.06 sys=0.00, real=0.01 secs] 
2014-07-16T10:21:31.613+0000: 814.622: [GC [PSYoungGen: 163520K->826K(196288K)] 319122K->156485K(883264K), 0.0080860 secs] [Times: user=0.05 sys=0.00, real=0.01 secs] 
2014-07-16T10:21:32.320+0000: 815.328: [GC [PSYoungGen: 196270K->1008K(192320K)] 351929K->156747K(879296K), 0.0032120 secs] [Times: user=0.01 sys=0.00, real=0.00 secs] 
2014-07-16T10:21:33.006+0000: 816.014: [GC [PSYoungGen: 192304K->520K(187840K)] 348043K->156283K(874816K), 0.0050650 secs] [Times: user=0.01 sys=0.00, real=0.01 secs] 
2014-07-16T10:21:33.678+0000: 816.686: [GC [PSYoungGen: 187784K->512K(183872K)] 343547K->156354K(870848K), 0.0058800 secs] [Times: user=0.03 sys=0.00, real=0.00 secs] 
2014-07-16T10:21:34.352+0000: 817.360: [GC [PSYoungGen: 183872K->908K(180544K)] 339714K->156847K(867520K), 0.0051320 secs] [Times: user=0.02 sys=0.00, real=0.00 secs] 
2014-07-16T10:21:34.983+0000: 817.991: [GC [PSYoungGen: 180411K->716K(176704K)] 336350K->156702K(863680K), 0.0066820 secs] [Times: user=0.05 sys=0.00, real=0.01 secs] 
2014-07-16T10:21:35.611+0000: 818.619: [GC [PSYoungGen: 176652K->544K(172992K)] 332638K->156602K(859968K), 0.0032750 secs] [Times: user=0.02 sys=0.00, real=0.00 secs] 
2014-07-16T10:21:36.320+0000: 819.328: [GC [PSYoungGen: 172876K->1156K(207424K)] 328935K->157278K(894400K), 0.0171170 secs] [Times: user=0.09 sys=0.00, real=0.01 secs] 
2014-07-16T10:21:36.991+0000: 820.000: [GC [PSYoungGen: 207300K->584K(207552K)] 363422K->156771K(894528K), 0.0039890 secs] [Times: user=0.01 sys=0.00, real=0.00 secs] 
2014-07-16T10:21:37.741+0000: 820.749: [GC [PSYoungGen: 206720K->662K(202304K)] 362907K->156952K(889280K), 0.0039530 secs] [Times: user=0.02 sys=0.00, real=0.00 secs] 
2014-07-16T10:21:38.456+0000: 821.464: [GC [PSYoungGen: 202262K->676K(197888K)] 358552K->157014K(884864K), 0.0041870 secs] [Times: user=0.02 sys=0.01, real=0.01 secs] 
2014-07-16T10:21:39.152+0000: 822.160: [GC [PSYoungGen: 197812K->998K(193984K)] 354151K->157409K(880960K), 0.0034360 secs] [Times: user=0.01 sys=0.01, real=0.00 secs] 
2014-07-16T10:21:39.865+0000: 822.873: [GC [PSYoungGen: 193958K->658K(189568K)] 350369K->157108K(876544K), 0.0047150 secs] [Times: user=0.02 sys=0.00, real=0.01 secs] 
2014-07-16T10:21:40.574+0000: 823.582: [GC [PSYoungGen: 189522K->562K(185472K)] 345972K->157068K(872448K), 0.0059200 secs] [Times: user=0.03 sys=0.00, real=0.01 secs] 
2014-07-16T10:21:41.259+0000: 824.267: [GC [PSYoungGen: 185458K->894K(181952K)] 341964K->157457K(868928K), 0.0098460 secs] [Times: user=0.04 sys=0.00, real=0.01 secs] 
2014-07-16T10:21:42.010+0000: 825.019: [GC [PSYoungGen: 181950K->1136K(178496K)] 338513K->157929K(865472K), 0.0050890 secs] [Times: user=0.03 sys=0.00, real=0.00 secs] 
2014-07-16T10:21:42.612+0000: 825.620: [GC [PSYoungGen: 178480K->512K(174272K)] 335273K->157376K(861248K), 0.0048190 secs] [Times: user=0.03 sys=0.01, real=0.00 secs] 
2014-07-16T10:21:43.250+0000: 826.258: [GC [PSYoungGen: 174272K->634K(170944K)] 331136K->157547K(857920K), 0.0068400 secs] [Times: user=0.04 sys=0.00, real=0.00 secs] 
2014-07-16T10:21:43.867+0000: 826.876: [GC [PSYoungGen: 170938K->880K(167872K)] 327851K->157865K(854848K), 0.0043070 secs] [Times: user=0.02 sys=0.00, real=0.01 secs] 
2014-07-16T10:21:44.469+0000: 827.478: [GC [PSYoungGen: 167856K->872K(201280K)] 324841K->157905K(888256K), 0.0133610 secs] [Times: user=0.07 sys=0.00, real=0.01 secs] 
2014-07-16T10:21:45.199+0000: 828.208: [GC [PSYoungGen: 201256K->964K(197056K)] 358289K->158077K(884032K), 0.0038040 secs] [Times: user=0.02 sys=0.01, real=0.00 secs] 
2014-07-16T10:21:45.891+0000: 828.899: [GC [PSYoungGen: 196996K->822K(192640K)] 354109K->158131K(879616K), 0.0044630 secs] [Times: user=0.03 sys=0.00, real=0.00 secs] 
2014-07-16T10:21:46.687+0000: 829.695: [GC [PSYoungGen: 192599K->1218K(189056K)] 349908K->158615K(876032K), 0.0066710 secs] [Times: user=0.04 sys=0.00, real=0.01 secs] 
2014-07-16T10:21:47.354+0000: 830.363: [GC [PSYoungGen: 188994K->634K(184512K)] 346391K->158219K(871488K), 0.0041870 secs] [Times: user=0.03 sys=0.00, real=0.00 secs] 
2014-07-16T10:21:48.043+0000: 831.051: [GC [PSYoungGen: 184506K->722K(180864K)] 342091K->158395K(867840K), 0.0058790 secs] [Times: user=0.04 sys=0.00, real=0.00 secs] 
2014-07-16T10:21:48.660+0000: 831.669: [GC [PSYoungGen: 180818K->562K(177024K)] 338491K->158323K(864000K), 0.0043800 secs] [Times: user=0.03 sys=0.01, real=0.00 secs] 
2014-07-16T10:21:49.301+0000: 832.309: [GC [PSYoungGen: 177010K->948K(173824K)] 334771K->158765K(860800K), 0.0052810 secs] [Times: user=0.02 sys=0.00, real=0.00 secs] 
2014-07-16T10:21:49.921+0000: 832.930: [GC [PSYoungGen: 173812K->566K(169984K)] 331629K->158463K(856960K), 0.0047170 secs] [Times: user=0.03 sys=0.00, real=0.00 secs] 
2014-07-16T10:21:50.544+0000: 833.552: [GC [PSYoungGen: 169974K->946K(167040K)] 327871K->158947K(854016K), 0.0056380 secs] [Times: user=0.04 sys=0.00, real=0.00 secs] 
2014-07-16T10:21:51.144+0000: 834.153: [GC [PSYoungGen: 167026K->644K(163584K)] 325027K->158709K(850560K), 0.0073020 secs] [Times: user=0.04 sys=0.00, real=0.01 secs] 
2014-07-16T10:21:51.794+0000: 834.802: [GC [PSYoungGen: 163524K->612K(160384K)] 321589K->158773K(847360K), 0.0047430 secs] [Times: user=0.03 sys=0.00, real=0.00 secs] 
2014-07-16T10:21:52.367+0000: 835.375: [GC [PSYoungGen: 160356K->672K(157440K)] 318517K->158897K(844416K), 0.0039720 secs] [Times: user=0.01 sys=0.00, real=0.01 secs] 
2014-07-16T10:21:52.919+0000: 835.927: [GC [PSYoungGen: 157370K->548K(154368K)] 315595K->158845K(841344K), 0.0048620 secs] [Times: user=0.03 sys=0.00, real=0.01 secs] 
2014-07-16T10:21:53.482+0000: 836.490: [GC [PSYoungGen: 154340K->544K(151552K)] 312637K->158889K(838528K), 0.0055710 secs] [Times: user=0.02 sys=0.01, real=0.00 secs] 
2014-07-16T10:21:54.033+0000: 837.041: [GC [PSYoungGen: 151520K->772K(149056K)] 309865K->159221K(836032K), 0.0049910 secs] [Times: user=0.02 sys=0.01, real=0.00 secs] 
2014-07-16T10:21:54.576+0000: 837.584: [GC [PSYoungGen: 148951K->944K(146496K)] 307400K->159473K(833472K), 0.0076070 secs] [Times: user=0.05 sys=0.01, real=0.01 secs] 
2014-07-16T10:21:55.093+0000: 838.102: [GC [PSYoungGen: 146480K->704K(175360K)] 305009K->159297K(862336K), 0.0083200 secs] [Times: user=0.05 sys=0.00, real=0.01 secs] 
2014-07-16T10:21:55.736+0000: 838.744: [GC [PSYoungGen: 175324K->958K(172096K)] 333917K->159755K(859072K), 0.0040940 secs] [Times: user=0.03 sys=0.00, real=0.00 secs] 
2014-07-16T10:21:56.346+0000: 839.354: [GC [PSYoungGen: 172091K->612K(206016K)] 330888K->159505K(892992K), 0.0076300 secs] [Times: user=0.04 sys=0.00, real=0.01 secs] 
2014-07-16T10:21:57.151+0000: 840.159: [GC [PSYoungGen: 205988K->416K(232256K)] 364881K->159365K(919232K), 0.0076140 secs] [Times: user=0.05 sys=0.00, real=0.01 secs] 
2014-07-16T10:21:57.993+0000: 841.001: [GC [PSYoungGen: 231520K->512K(226176K)] 390469K->159557K(913152K), 0.0047510 secs] [Times: user=0.02 sys=0.00, real=0.00 secs] 
2014-07-16T10:21:58.797+0000: 841.806: [GC [PSYoungGen: 226176K->626K(221056K)] 385221K->159735K(908032K), 0.0053750 secs] [Times: user=0.01 sys=0.00, real=0.01 secs] 
2014-07-16T10:21:59.614+0000: 842.622: [GC [PSYoungGen: 221042K->1262K(216640K)] 380151K->160575K(903616K), 0.0042230 secs] [Times: user=0.02 sys=0.00, real=0.00 secs] 
2014-07-16T10:22:00.395+0000: 843.404: [GC [PSYoungGen: 216622K->698K(211200K)] 375935K->160433K(898176K), 0.0066830 secs] [Times: user=0.04 sys=0.00, real=0.01 secs] 
2014-07-16T10:22:01.163+0000: 844.171: [GC [PSYoungGen: 211194K->868K(206720K)] 370929K->160691K(893696K), 0.0030860 secs] [Times: user=0.01 sys=0.00, real=0.00 secs] 
2014-07-16T10:22:01.914+0000: 844.923: [GC [PSYoungGen: 206692K->936K(202240K)] 366515K->160815K(889216K), 0.0049060 secs] [Times: user=0.02 sys=0.00, real=0.00 secs] 
2014-07-16T10:22:02.649+0000: 845.657: [GC [PSYoungGen: 202216K->416K(197376K)] 362095K->160391K(884352K), 0.0077070 secs] [Times: user=0.05 sys=0.00, real=0.01 secs] 
2014-07-16T10:22:03.349+0000: 846.357: [GC [PSYoungGen: 197344K->630K(193344K)] 357319K->160685K(880320K), 0.0036070 secs] [Times: user=0.01 sys=0.00, real=0.01 secs] 
2014-07-16T10:22:04.059+0000: 847.067: [GC [PSYoungGen: 193334K->1382K(190016K)] 353389K->161485K(876992K), 0.0047250 secs] [Times: user=0.02 sys=0.00, real=0.01 secs] 
2014-07-16T10:22:04.717+0000: 847.726: [GC [PSYoungGen: 189990K->512K(185152K)] 350093K->160655K(872128K), 0.0074470 secs] [Times: user=0.03 sys=0.01, real=0.01 secs] 
2014-07-16T10:22:05.374+0000: 848.382: [GC [PSYoungGen: 185152K->862K(181696K)] 345295K->161093K(868672K), 0.0042210 secs] [Times: user=0.01 sys=0.00, real=0.00 secs] 
2014-07-16T10:22:06.044+0000: 849.053: [GC [PSYoungGen: 181662K->722K(177856K)] 341893K->161017K(864832K), 0.0043740 secs] [Times: user=0.02 sys=0.00, real=0.00 secs] 
2014-07-16T10:22:06.657+0000: 849.666: [GC [PSYoungGen: 177810K->916K(174464K)] 338105K->161235K(861440K), 0.0043510 secs] [Times: user=0.01 sys=0.00, real=0.00 secs] 
2014-07-16T10:22:07.322+0000: 850.330: [GC [PSYoungGen: 174399K->1026K(171136K)] 334718K->161433K(858112K), 0.0053660 secs] [Times: user=0.03 sys=0.00, real=0.00 secs] 
2014-07-16T10:22:07.897+0000: 850.905: [GC [PSYoungGen: 171074K->1090K(167872K)] 331481K->161585K(854848K), 0.0035120 secs] [Times: user=0.02 sys=0.00, real=0.00 secs] 
2014-07-16T10:22:08.515+0000: 851.523: [GC [PSYoungGen: 167806K->644K(164160K)] 328301K->161203K(851136K), 0.0058820 secs] [Times: user=0.02 sys=0.00, real=0.00 secs] 
2014-07-16T10:22:09.111+0000: 852.120: [GC [PSYoungGen: 164099K->690K(161024K)] 324658K->161321K(848000K), 0.0057190 secs] [Times: user=0.04 sys=0.00, real=0.01 secs] 
2014-07-16T10:22:09.673+0000: 852.681: [GC [PSYoungGen: 160971K->1108K(158400K)] 321602K->161819K(845376K), 0.0089720 secs] [Times: user=0.06 sys=0.00, real=0.01 secs] 
2014-07-16T10:22:10.243+0000: 853.252: [GC [PSYoungGen: 158315K->872K(155200K)] 319026K->161647K(842176K), 0.0057230 secs] [Times: user=0.03 sys=0.00, real=0.00 secs] 
2014-07-16T10:22:10.815+0000: 853.824: [GC [PSYoungGen: 155176K->876K(186112K)] 315951K->161699K(873088K), 0.0108750 secs] [Times: user=0.06 sys=0.00, real=0.01 secs] 
2014-07-16T10:22:11.607+0000: 854.616: [GC [PSYoungGen: 186038K->1178K(182592K)] 346861K->162073K(869568K), 0.0036280 secs] [Times: user=0.02 sys=0.00, real=0.00 secs] 
2014-07-16T10:22:12.240+0000: 855.248: [GC [PSYoungGen: 182554K->690K(218368K)] 343449K->161665K(905344K), 0.0090700 secs] [Times: user=0.06 sys=0.00, real=0.01 secs] 
2014-07-16T10:22:13.025+0000: 856.034: [GC [PSYoungGen: 218354K->908K(213696K)] 379329K->161947K(900672K), 0.0035440 secs] [Times: user=0.02 sys=0.00, real=0.00 secs] 
2014-07-16T10:22:13.792+0000: 856.800: [GC [PSYoungGen: 213644K->1036K(209024K)] 374683K->162123K(896000K), 0.0058350 secs] [Times: user=0.02 sys=0.01, real=0.01 secs] 
2014-07-16T10:22:14.538+0000: 857.547: [GC [PSYoungGen: 208883K->1272K(204608K)] 369971K->162415K(891584K), 0.0057530 secs] [Times: user=0.03 sys=0.00, real=0.01 secs] 
2014-07-16T10:22:15.276+0000: 858.284: [GC [PSYoungGen: 204600K->498K(199360K)] 365743K->161745K(886336K), 0.0042360 secs] [Times: user=0.03 sys=0.00, real=0.00 secs] 
2014-07-16T10:22:15.993+0000: 859.001: [GC [PSYoungGen: 199346K->516K(195136K)] 360593K->161819K(882112K), 0.0028210 secs] [Times: user=0.02 sys=0.00, real=0.01 secs] 
2014-07-16T10:22:16.695+0000: 859.703: [GC [PSYoungGen: 195036K->716K(191168K)] 356339K->162091K(878144K), 0.0033840 secs] [Times: user=0.02 sys=0.00, real=0.00 secs] 
2014-07-16T10:22:17.377+0000: 860.385: [GC [PSYoungGen: 191116K->1026K(187456K)] 352491K->162473K(874432K), 0.0069480 secs] [Times: user=0.04 sys=0.00, real=0.01 secs] 
2014-07-16T10:22:18.030+0000: 861.039: [GC [PSYoungGen: 187394K->1148K(183616K)] 348841K->162975K(870592K), 0.0071870 secs] [Times: user=0.04 sys=0.00, real=0.01 secs] 
2014-07-16T10:22:18.690+0000: 861.698: [GC [PSYoungGen: 183566K->516K(179264K)] 345394K->162399K(866240K), 0.0097760 secs] [Times: user=0.06 sys=0.00, real=0.01 secs] 
2014-07-16T10:22:19.346+0000: 862.354: [GC [PSYoungGen: 179204K->1072K(176128K)] 341087K->163035K(863104K), 0.0048790 secs] [Times: user=0.03 sys=0.00, real=0.00 secs] 
2014-07-16T10:22:19.983+0000: 862.991: [GC [PSYoungGen: 176112K->612K(172160K)] 338075K->162631K(859136K), 0.0071070 secs] [Times: user=0.02 sys=0.00, real=0.01 secs] 
2014-07-16T10:22:20.595+0000: 863.604: [GC [PSYoungGen: 172116K->912K(169088K)] 334136K->163019K(856064K), 0.0036450 secs] [Times: user=0.02 sys=0.00, real=0.00 secs] 
2014-07-16T10:22:21.228+0000: 864.237: [GC [PSYoungGen: 169040K->704K(165568K)] 331147K->162915K(852544K), 0.0054870 secs] [Times: user=0.03 sys=0.00, real=0.00 secs] 
2014-07-16T10:22:21.829+0000: 864.838: [GC [PSYoungGen: 165562K->722K(162432K)] 327773K->163013K(849408K), 0.0082500 secs] [Times: user=0.05 sys=0.00, real=0.01 secs] 
2014-07-16T10:22:22.453+0000: 865.462: [GC [PSYoungGen: 162386K->612K(159232K)] 324677K->162943K(846208K), 0.0054260 secs] [Times: user=0.01 sys=0.00, real=0.01 secs] 
2014-07-16T10:22:23.043+0000: 866.051: [GC [PSYoungGen: 159204K->976K(156608K)] 321535K->163387K(843584K), 0.0027440 secs] [Times: user=0.01 sys=0.00, real=0.01 secs] 
2014-07-16T10:22:23.586+0000: 866.595: [GC [PSYoungGen: 156560K->980K(187776K)] 318971K->163415K(874752K), 0.0224530 secs] [Times: user=0.14 sys=0.00, real=0.02 secs] 
2014-07-16T10:22:24.281+0000: 867.289: [GC [PSYoungGen: 187701K->912K(209152K)] 350136K->163501K(896128K), 0.0036960 secs] [Times: user=0.02 sys=0.00, real=0.00 secs] 
2014-07-16T10:22:25.022+0000: 868.031: [GC [PSYoungGen: 209104K->1034K(209600K)] 371693K->163671K(896576K), 0.0059840 secs] [Times: user=0.03 sys=0.00, real=0.01 secs] 
2014-07-16T10:22:25.783+0000: 868.791: [GC [PSYoungGen: 209226K->1244K(251264K)] 371863K->163953K(938240K), 0.0050340 secs] [Times: user=0.03 sys=0.00, real=0.01 secs] 
2014-07-16T10:22:26.694+0000: 869.703: [GC [PSYoungGen: 251036K->1172K(244864K)] 413745K->163969K(931840K), 0.0028850 secs] [Times: user=0.01 sys=0.00, real=0.01 secs] 
2014-07-16T10:22:27.610+0000: 870.618: [GC [PSYoungGen: 244820K->370K(238144K)] 407617K->163627K(925120K), 0.0066880 secs] [Times: user=0.04 sys=0.00, real=0.01 secs] 
2014-07-16T10:22:28.465+0000: 871.473: [GC [PSYoungGen: 238130K->644K(232768K)] 401387K->163957K(919744K), 0.0041430 secs] [Times: user=0.02 sys=0.00, real=0.01 secs] 
2014-07-16T10:22:29.301+0000: 872.309: [GC [PSYoungGen: 232708K->844K(227520K)] 396021K->164361K(914496K), 0.0049660 secs] [Times: user=0.03 sys=0.00, real=0.01 secs] 
2014-07-16T10:22:30.141+0000: 873.149: [GC [PSYoungGen: 227468K->854K(222272K)] 390985K->164435K(909248K), 0.0055840 secs] [Times: user=0.03 sys=0.00, real=0.01 secs] 
2014-07-16T10:22:30.935+0000: 873.944: [GC [PSYoungGen: 222220K->794K(217152K)] 385801K->164439K(904128K), 0.0051900 secs] [Times: user=0.03 sys=0.00, real=0.01 secs] 
2014-07-16T10:22:31.719+0000: 874.728: [GC [PSYoungGen: 217114K->544K(211968K)] 380759K->164245K(898944K), 0.0032480 secs] [Times: user=0.01 sys=0.00, real=0.00 secs] 
2014-07-16T10:22:32.528+0000: 875.537: [GC [PSYoungGen: 211936K->1180K(207872K)] 375637K->164961K(894848K), 0.0031890 secs] [Times: user=0.01 sys=0.01, real=0.00 secs] 
2014-07-16T10:22:33.275+0000: 876.283: [GC [PSYoungGen: 207836K->690K(202816K)] 371617K->164583K(889792K), 0.0043090 secs] [Times: user=0.02 sys=0.00, real=0.01 secs] 
2014-07-16T10:22:34.006+0000: 877.015: [GC [PSYoungGen: 202802K->794K(198528K)] 366695K->164767K(885504K), 0.0036540 secs] [Times: user=0.01 sys=0.00, real=0.00 secs] 
2014-07-16T10:22:34.726+0000: 877.735: [GC [PSYoungGen: 198449K->634K(194048K)] 362423K->164679K(881024K), 0.0076480 secs] [Times: user=0.04 sys=0.00, real=0.01 secs] 
2014-07-16T10:22:35.412+0000: 878.420: [GC [PSYoungGen: 194042K->1126K(190464K)] 358087K->165267K(877440K), 0.0074660 secs] [Times: user=0.05 sys=0.00, real=0.01 secs] 
2014-07-16T10:22:36.109+0000: 879.118: [GC [PSYoungGen: 190438K->576K(185920K)] 354579K->164789K(872896K), 0.0046840 secs] [Times: user=0.02 sys=0.00, real=0.00 secs] 
2014-07-16T10:22:36.763+0000: 879.771: [GC [PSYoungGen: 185871K->716K(182272K)] 350084K->164977K(869248K), 0.0052500 secs] [Times: user=0.02 sys=0.00, real=0.01 secs] 
2014-07-16T10:22:37.477+0000: 880.485: [GC [PSYoungGen: 182220K->976K(178816K)] 346481K->165341K(865792K), 0.0058000 secs] [Times: user=0.04 sys=0.00, real=0.01 secs] 
2014-07-16T10:22:38.095+0000: 881.103: [GC [PSYoungGen: 178736K->972K(175232K)] 343101K->165425K(862208K), 0.0030200 secs] [Times: user=0.01 sys=0.00, real=0.01 secs] 
2014-07-16T10:22:38.722+0000: 881.731: [GC [PSYoungGen: 175180K->594K(171392K)] 339633K->165127K(858368K), 0.0076820 secs] [Times: user=0.05 sys=0.00, real=0.01 secs] 
2014-07-16T10:22:39.335+0000: 882.343: [GC [PSYoungGen: 171346K->626K(168000K)] 335879K->165231K(854976K), 0.0054590 secs] [Times: user=0.02 sys=0.00, real=0.01 secs] 
2014-07-16T10:22:39.939+0000: 882.947: [GC [PSYoungGen: 167986K->648K(164800K)] 332591K->165301K(851776K), 0.0066420 secs] [Times: user=0.03 sys=0.01, real=0.00 secs] 
2014-07-16T10:22:40.556+0000: 883.564: [GC [PSYoungGen: 164744K->794K(161792K)] 329397K->165519K(848768K), 0.0052120 secs] [Times: user=0.03 sys=0.00, real=0.01 secs] 
2014-07-16T10:22:41.123+0000: 884.131: [GC [PSYoungGen: 161754K->848K(194048K)] 326479K->165613K(881024K), 0.0098200 secs] [Times: user=0.06 sys=0.00, real=0.01 secs] 
2014-07-16T10:22:41.817+0000: 884.826: [GC [PSYoungGen: 194000K->890K(189952K)] 358765K->165935K(876928K), 0.0034070 secs] [Times: user=0.01 sys=0.01, real=0.01 secs] 
2014-07-16T10:22:42.564+0000: 885.573: [GC [PSYoungGen: 189944K->1340K(186432K)] 354989K->166663K(873408K), 0.0051710 secs] [Times: user=0.04 sys=0.00, real=0.01 secs] 
2014-07-16T10:22:43.292+0000: 886.300: [GC [PSYoungGen: 186397K->506K(181760K)] 351720K->166118K(868736K), 0.0037120 secs] [Times: user=0.02 sys=0.00, real=0.00 secs] 
2014-07-16T10:22:43.910+0000: 886.919: [GC [PSYoungGen: 181699K->1522K(179072K)] 347312K->167223K(866048K), 0.0058080 secs] [Times: user=0.04 sys=0.00, real=0.00 secs] 
2014-07-16T10:22:44.546+0000: 887.555: [GC [PSYoungGen: 179058K->498K(174464K)] 344759K->166735K(861440K), 0.0063690 secs] [Times: user=0.03 sys=0.01, real=0.01 secs] 
2014-07-16T10:22:45.170+0000: 888.179: [GC [PSYoungGen: 174448K->1086K(171584K)] 340685K->167403K(858560K), 0.0052610 secs] [Times: user=0.02 sys=0.00, real=0.00 secs] 
2014-07-16T10:22:45.801+0000: 888.809: [GC [PSYoungGen: 171582K->1308K(168448K)] 337899K->167681K(855424K), 0.0057180 secs] [Times: user=0.03 sys=0.00, real=0.00 secs] 
2014-07-16T10:22:46.391+0000: 889.400: [GC [PSYoungGen: 168385K->1176K(165056K)] 334758K->167645K(852032K), 0.0055720 secs] [Times: user=0.03 sys=0.00, real=0.00 secs] 
2014-07-16T10:22:47.009+0000: 890.017: [GC [PSYoungGen: 165016K->790K(161536K)] 331485K->167371K(848512K), 0.0053860 secs] [Times: user=0.03 sys=0.00, real=0.00 secs] 
2014-07-16T10:22:47.638+0000: 890.647: [GC [PSYoungGen: 161494K->1394K(159040K)] 328075K->168055K(846016K), 0.0053790 secs] [Times: user=0.03 sys=0.00, real=0.01 secs] 
2014-07-16T10:22:48.202+0000: 891.210: [GC [PSYoungGen: 159026K->448K(155136K)] 325687K->167181K(842112K), 0.0067490 secs] [Times: user=0.04 sys=0.01, real=0.01 secs] 
2014-07-16T10:22:48.754+0000: 891.762: [GC [PSYoungGen: 155136K->690K(152512K)] 321869K->167495K(839488K), 0.0044930 secs] [Times: user=0.02 sys=0.00, real=0.00 secs] 
2014-07-16T10:22:49.300+0000: 892.309: [GC [PSYoungGen: 152490K->890K(183104K)] 319295K->167783K(870080K), 0.0130740 secs] [Times: user=0.08 sys=0.00, real=0.01 secs] 
2014-07-16T10:22:49.983+0000: 892.991: [GC [PSYoungGen: 183098K->626K(219328K)] 349991K->167567K(906304K), 0.0122680 secs] [Times: user=0.07 sys=0.00, real=0.01 secs] 
2014-07-16T10:22:50.796+0000: 893.804: [GC [PSYoungGen: 219314K->704K(230464K)] 386255K->167741K(917440K), 0.0062610 secs] [Times: user=0.04 sys=0.00, real=0.01 secs] 
2014-07-16T10:22:51.621+0000: 894.630: [GC [PSYoungGen: 229440K->758K(230400K)] 396477K->167883K(917376K), 0.0055430 secs] [Times: user=0.03 sys=0.00, real=0.00 secs] 
2014-07-16T10:22:52.543+0000: 895.552: [GC [PSYoungGen: 229494K->1520K(224896K)] 396619K->168701K(911872K), 0.0034170 secs] [Times: user=0.01 sys=0.00, real=0.00 secs] 
2014-07-16T10:22:53.359+0000: 896.368: [GC [PSYoungGen: 224880K->872K(219072K)] 392061K->168109K(906048K), 0.0082320 secs] [Times: user=0.04 sys=0.00, real=0.00 secs] 
2014-07-16T10:22:54.166+0000: 897.174: [GC [PSYoungGen: 219048K->1186K(214400K)] 386285K->169371K(901376K), 0.0099030 secs] [Times: user=0.07 sys=0.00, real=0.01 secs] 
2014-07-16T10:22:54.891+0000: 897.899: [GC [PSYoungGen: 214328K->1362K(209792K)] 382513K->169635K(896768K), 0.0034200 secs] [Times: user=0.02 sys=0.00, real=0.00 secs] 
2014-07-16T10:22:55.642+0000: 898.650: [GC [PSYoungGen: 209746K->690K(204480K)] 378019K->169027K(891456K), 0.0055830 secs] [Times: user=0.03 sys=0.00, real=0.00 secs] 
2014-07-16T10:22:56.381+0000: 899.389: [GC [PSYoungGen: 204466K->598K(199936K)] 372803K->168991K(886912K), 0.0047910 secs] [Times: user=0.02 sys=0.00, real=0.00 secs] 
2014-07-16T10:22:57.096+0000: 900.104: [GC [PSYoungGen: 199845K->930K(195968K)] 368238K->169403K(882944K), 0.0066510 secs] [Times: user=0.04 sys=0.00, real=0.01 secs] 
2014-07-16T10:22:57.884+0000: 900.893: [GC [PSYoungGen: 195938K->1322K(192192K)] 364411K->169859K(879168K), 0.0041250 secs] [Times: user=0.01 sys=0.00, real=0.00 secs] 
2014-07-16T10:22:58.550+0000: 901.559: [GC [PSYoungGen: 192170K->708K(187584K)] 360707K->169317K(874560K), 0.0050700 secs] [Times: user=0.03 sys=0.01, real=0.00 secs] 
2014-07-16T10:22:59.213+0000: 902.221: [GC [PSYoungGen: 187524K->712K(183680K)] 356133K->169385K(870656K), 0.0047960 secs] [Times: user=0.03 sys=0.00, real=0.00 secs] 
2014-07-16T10:22:59.882+0000: 902.890: [GC [PSYoungGen: 183624K->448K(179584K)] 352297K->169185K(866560K), 0.0049550 secs] [Times: user=0.04 sys=0.00, real=0.00 secs] 
2014-07-16T10:23:00.561+0000: 903.569: [GC [PSYoungGen: 179584K->644K(176192K)] 348321K->169469K(863168K), 0.0037870 secs] [Times: user=0.02 sys=0.00, real=0.01 secs] 
2014-07-16T10:23:01.195+0000: 904.203: [GC [PSYoungGen: 176132K->1246K(173248K)] 344957K->170159K(860224K), 0.0079740 secs] [Times: user=0.05 sys=0.00, real=0.01 secs] 
2014-07-16T10:23:01.801+0000: 904.809: [GC [PSYoungGen: 173176K->1048K(169664K)] 342089K->170033K(856640K), 0.0067810 secs] [Times: user=0.04 sys=0.00, real=0.00 secs] 
2014-07-16T10:23:02.415+0000: 905.424: [GC [PSYoungGen: 169624K->612K(165888K)] 338609K->169677K(852864K), 0.0060680 secs] [Times: user=0.04 sys=0.00, real=0.01 secs] 
2014-07-16T10:23:03.122+0000: 906.131: [GC [PSYoungGen: 165860K->1164K(163264K)] 334925K->170317K(850240K), 0.0090500 secs] [Times: user=0.06 sys=0.00, real=0.01 secs] 
2014-07-16T10:23:03.660+0000: 906.668: [GC [PSYoungGen: 163196K->648K(195200K)] 332349K->169881K(882176K), 0.0084300 secs] [Times: user=0.04 sys=0.01, real=0.01 secs] 
2014-07-16T10:23:04.367+0000: 907.375: [GC [PSYoungGen: 195144K->1272K(234688K)] 364377K->170593K(921664K), 0.0065250 secs] [Times: user=0.05 sys=0.00, real=0.01 secs] 
2014-07-16T10:23:05.208+0000: 908.216: [GC [PSYoungGen: 234676K->1230K(229184K)] 403997K->170647K(916160K), 0.0048110 secs] [Times: user=0.03 sys=0.00, real=0.01 secs] 
2014-07-16T10:23:06.046+0000: 909.055: [GC [PSYoungGen: 229124K->1004K(223616K)] 398542K->170485K(910592K), 0.0052230 secs] [Times: user=0.02 sys=0.00, real=0.01 secs] 
2014-07-16T10:23:06.838+0000: 909.846: [GC [PSYoungGen: 223578K->812K(218304K)] 393060K->170357K(905280K), 0.0070790 secs] [Times: user=0.04 sys=0.00, real=0.01 secs] 
2014-07-16T10:23:07.640+0000: 910.648: [GC [PSYoungGen: 218284K->694K(213248K)] 387829K->170335K(900224K), 0.0096610 secs] [Times: user=0.07 sys=0.00, real=0.01 secs] 
2014-07-16T10:23:08.432+0000: 911.440: [GC [PSYoungGen: 213207K->848K(208640K)] 382848K->170553K(895616K), 0.0048160 secs] [Times: user=0.03 sys=0.00, real=0.00 secs] 
2014-07-16T10:23:09.200+0000: 912.209: [GC [PSYoungGen: 208565K->1040K(204224K)] 378270K->170809K(891200K), 0.0026260 secs] [Times: user=0.01 sys=0.00, real=0.01 secs] 
2014-07-16T10:23:09.912+0000: 912.920: [GC [PSYoungGen: 204176K->666K(199424K)] 373945K->170507K(886400K), 0.0081090 secs] [Times: user=0.06 sys=0.00, real=0.01 secs] 
2014-07-16T10:23:10.664+0000: 913.672: [GC [PSYoungGen: 199336K->662K(195136K)] 369177K->170559K(882112K), 0.0064950 secs] [Times: user=0.04 sys=0.00, real=0.00 secs] 
2014-07-16T10:23:11.373+0000: 914.381: [GC [PSYoungGen: 195094K->968K(191296K)] 364991K->170937K(878272K), 0.0066070 secs] [Times: user=0.04 sys=0.00, real=0.00 secs] 
2014-07-16T10:23:12.039+0000: 915.048: [GC [PSYoungGen: 191214K->984K(187264K)] 361183K->171001K(874240K), 0.0035880 secs] [Times: user=0.02 sys=0.00, real=0.01 secs] 
2014-07-16T10:23:12.714+0000: 915.723: [GC [PSYoungGen: 187224K->1062K(183424K)] 357241K->171159K(870400K), 0.0088210 secs] [Times: user=0.06 sys=0.00, real=0.01 secs] 
2014-07-16T10:23:13.374+0000: 916.382: [GC [PSYoungGen: 183398K->562K(179136K)] 353495K->170723K(866112K), 0.0062600 secs] [Times: user=0.03 sys=0.00, real=0.00 secs] 
2014-07-16T10:23:14.071+0000: 917.079: [GC [PSYoungGen: 179104K->926K(175872K)] 349265K->171135K(862848K), 0.0062540 secs] [Times: user=0.03 sys=0.00, real=0.01 secs] 
2014-07-16T10:23:14.669+0000: 917.678: [GC [PSYoungGen: 175793K->1358K(172800K)] 346002K->171631K(859776K), 0.0043650 secs] [Times: user=0.02 sys=0.00, real=0.01 secs] 
2014-07-16T10:23:15.300+0000: 918.308: [GC [PSYoungGen: 172728K->626K(168640K)] 343001K->171069K(855616K), 0.0070790 secs] [Times: user=0.04 sys=0.00, real=0.01 secs] 
2014-07-16T10:23:15.901+0000: 918.909: [GC [PSYoungGen: 168626K->962K(202624K)] 339069K->171517K(889600K), 0.0096220 secs] [Times: user=0.06 sys=0.00, real=0.01 secs] 
2014-07-16T10:23:16.633+0000: 919.641: [GC [PSYoungGen: 202555K->680K(197888K)] 373111K->171407K(884864K), 0.0036410 secs] [Times: user=0.02 sys=0.00, real=0.01 secs] 
2014-07-16T10:23:17.348+0000: 920.357: [GC [PSYoungGen: 197864K->684K(193664K)] 368591K->171451K(880640K), 0.0087970 secs] [Times: user=0.05 sys=0.01, real=0.01 secs] 
2014-07-16T10:23:18.206+0000: 921.214: [GC [PSYoungGen: 193644K->1176K(190080K)] 364411K->172007K(877056K), 0.0033590 secs] [Times: user=0.02 sys=0.00, real=0.00 secs] 
2014-07-16T10:23:18.809+0000: 921.817: [GC [PSYoungGen: 190040K->772K(185728K)] 360871K->171691K(872704K), 0.0047780 secs] [Times: user=0.03 sys=0.00, real=0.01 secs] 
2014-07-16T10:23:19.466+0000: 922.474: [GC [PSYoungGen: 185668K->1084K(182144K)] 356587K->172099K(869120K), 0.0074490 secs] [Times: user=0.04 sys=0.00, real=0.01 secs] 
2014-07-16T10:23:20.113+0000: 923.122: [GC [PSYoungGen: 182071K->912K(178304K)] 353086K->171999K(865280K), 0.0079370 secs] [Times: user=0.04 sys=0.00, real=0.00 secs] 
2014-07-16T10:23:20.756+0000: 923.764: [GC [PSYoungGen: 178214K->1040K(174848K)] 349301K->172357K(861824K), 0.0048350 secs] [Times: user=0.03 sys=0.01, real=0.00 secs] 
2014-07-16T10:23:21.378+0000: 924.387: [GC [PSYoungGen: 174800K->676K(171008K)] 346117K->172097K(857984K), 0.0033120 secs] [Times: user=0.02 sys=0.00, real=0.00 secs] 
2014-07-16T10:23:22.003+0000: 925.011: [GC [PSYoungGen: 170890K->976K(168000K)] 342311K->172461K(854976K), 0.0049720 secs] [Times: user=0.02 sys=0.00, real=0.01 secs] 
2014-07-16T10:23:22.595+0000: 925.603: [GC [PSYoungGen: 167932K->1058K(164800K)] 339417K->172623K(851776K), 0.0043730 secs] [Times: user=0.02 sys=0.00, real=0.00 secs] 
2014-07-16T10:23:23.243+0000: 926.252: [GC [PSYoungGen: 164770K->858K(161472K)] 336335K->172479K(848448K), 0.0043400 secs] [Times: user=0.02 sys=0.00, real=0.01 secs] 
2014-07-16T10:23:23.826+0000: 926.834: [GC [PSYoungGen: 161434K->1390K(158912K)] 333055K->173167K(845888K), 0.0038130 secs] [Times: user=0.02 sys=0.00, real=0.00 secs] 
2014-07-16T10:23:24.393+0000: 927.401: [GC [PSYoungGen: 158853K->570K(155136K)] 330630K->172525K(842112K), 0.0029800 secs] [Times: user=0.02 sys=0.00, real=0.01 secs] 
2014-07-16T10:23:24.928+0000: 927.936: [GC [PSYoungGen: 155123K->748K(152448K)] 327078K->172799K(839424K), 0.0035820 secs] [Times: user=0.02 sys=0.00, real=0.00 secs] 
2014-07-16T10:23:25.475+0000: 928.484: [GC [PSYoungGen: 152428K->926K(149888K)] 324479K->173239K(836864K), 0.0053050 secs] [Times: user=0.03 sys=0.01, real=0.00 secs] 
2014-07-16T10:23:26.022+0000: 929.031: [GC [PSYoungGen: 149854K->932K(147200K)] 322167K->173317K(834176K), 0.0062160 secs] [Times: user=0.03 sys=0.00, real=0.01 secs] 
2014-07-16T10:23:26.547+0000: 929.555: [GC [PSYoungGen: 147171K->384K(144000K)] 319556K->172825K(830976K), 0.0033670 secs] [Times: user=0.01 sys=0.01, real=0.00 secs] 
2014-07-16T10:23:27.075+0000: 930.084: [GC [PSYoungGen: 144000K->1132K(142208K)] 316441K->173645K(829184K), 0.0057400 secs] [Times: user=0.02 sys=0.01, real=0.00 secs] 
2014-07-16T10:23:27.579+0000: 930.587: [GC [PSYoungGen: 142188K->780K(139456K)] 314701K->173365K(826432K), 0.0071080 secs] [Times: user=0.04 sys=0.00, real=0.01 secs] 
2014-07-16T10:23:28.177+0000: 931.186: [GC [PSYoungGen: 139404K->1120K(137408K)] 311989K->173801K(824384K), 0.0054780 secs] [Times: user=0.03 sys=0.00, real=0.00 secs] 
2014-07-16T10:23:28.580+0000: 931.588: [GC [PSYoungGen: 137376K->808K(164352K)] 310057K->173577K(851328K), 0.0066610 secs] [Times: user=0.04 sys=0.00, real=0.01 secs] 
2014-07-16T10:23:29.178+0000: 932.186: [GC [PSYoungGen: 164328K->480K(160896K)] 337097K->173321K(847872K), 0.0034020 secs] [Times: user=0.02 sys=0.00, real=0.00 secs] 
2014-07-16T10:23:29.761+0000: 932.769: [GC [PSYoungGen: 160864K->772K(158144K)] 333705K->173701K(845120K), 0.0060990 secs] [Times: user=0.04 sys=0.00, real=0.01 secs] 
2014-07-16T10:23:30.322+0000: 933.330: [GC [PSYoungGen: 158071K->744K(155136K)] 331000K->173737K(842112K), 0.0051300 secs] [Times: user=0.02 sys=0.00, real=0.01 secs] 
2014-07-16T10:23:30.877+0000: 933.886: [GC [PSYoungGen: 155112K->1262K(186560K)] 328105K->174319K(873536K), 0.0072270 secs] [Times: user=0.04 sys=0.00, real=0.00 secs] 
2014-07-16T10:23:31.540+0000: 934.548: [GC [PSYoungGen: 186505K->1266K(223616K)] 359562K->174387K(910592K), 0.0075320 secs] [Times: user=0.05 sys=0.00, real=0.01 secs] 
2014-07-16T10:23:32.355+0000: 935.364: [GC [PSYoungGen: 223602K->548K(236096K)] 396723K->173749K(923072K), 0.0090410 secs] [Times: user=0.05 sys=0.00, real=0.00 secs] 
2014-07-16T10:23:33.295+0000: 936.303: [GC [PSYoungGen: 236068K->1036K(231040K)] 409269K->174293K(918016K), 0.0039360 secs] [Times: user=0.02 sys=0.00, real=0.01 secs] 
2014-07-16T10:23:34.094+0000: 937.103: [GC [PSYoungGen: 230988K->552K(225152K)] 404245K->174263K(912128K), 0.0040820 secs] [Times: user=0.02 sys=0.00, real=0.01 secs] 
2014-07-16T10:23:34.937+0000: 937.945: [GC [PSYoungGen: 225128K->976K(220416K)] 398839K->174735K(907392K), 0.0032740 secs] [Times: user=0.02 sys=0.00, real=0.00 secs] 
2014-07-16T10:23:35.736+0000: 938.745: [GC [PSYoungGen: 220368K->1040K(215488K)] 394127K->175093K(902464K), 0.0062700 secs] [Times: user=0.04 sys=0.00, real=0.00 secs] 
2014-07-16T10:23:36.493+0000: 939.502: [GC [PSYoungGen: 215440K->594K(210176K)] 389493K->174751K(897152K), 0.0051370 secs] [Times: user=0.03 sys=0.00, real=0.01 secs] 
2014-07-16T10:23:37.243+0000: 940.251: [GC [PSYoungGen: 210126K->976K(205888K)] 384284K->175205K(892864K), 0.0065850 secs] [Times: user=0.05 sys=0.00, real=0.01 secs] 
2014-07-16T10:23:37.988+0000: 940.997: [GC [PSYoungGen: 205839K->780K(201216K)] 380069K->175057K(888192K), 0.0030850 secs] [Times: user=0.01 sys=0.00, real=0.00 secs] 
2014-07-16T10:23:38.725+0000: 941.733: [GC [PSYoungGen: 201164K->844K(196928K)] 375441K->175209K(883904K), 0.0049890 secs] [Times: user=0.03 sys=0.00, real=0.01 secs] 
2014-07-16T10:23:39.426+0000: 942.434: [GC [PSYoungGen: 196778K->498K(192320K)] 371143K->174959K(879296K), 0.0034410 secs] [Times: user=0.02 sys=0.00, real=0.00 secs] 
2014-07-16T10:23:40.117+0000: 943.125: [GC [PSYoungGen: 192306K->1004K(188800K)] 366767K->175561K(875776K), 0.0090630 secs] [Times: user=0.06 sys=0.00, real=0.01 secs] 
2014-07-16T10:23:40.799+0000: 943.808: [GC [PSYoungGen: 188754K->712K(184640K)] 363312K->175325K(871616K), 0.0055150 secs] [Times: user=0.02 sys=0.00, real=0.00 secs] 
2014-07-16T10:23:41.445+0000: 944.453: [GC [PSYoungGen: 184584K->736K(180864K)] 359197K->175413K(867840K), 0.0043330 secs] [Times: user=0.02 sys=0.00, real=0.01 secs] 
2014-07-16T10:23:42.100+0000: 945.108: [GC [PSYoungGen: 180796K->726K(177216K)] 355473K->175491K(864192K), 0.0048290 secs] [Times: user=0.03 sys=0.00, real=0.00 secs] 
2014-07-16T10:23:42.736+0000: 945.744: [GC [PSYoungGen: 177169K->352K(173248K)] 351935K->175173K(860224K), 0.0049960 secs] [Times: user=0.03 sys=0.01, real=0.01 secs] 
2014-07-16T10:23:43.443+0000: 946.451: [GC [PSYoungGen: 173209K->1322K(170752K)] 348030K->176311K(857728K), 0.0032190 secs] [Times: user=0.01 sys=0.00, real=0.00 secs] 
2014-07-16T10:23:44.021+0000: 947.030: [GC [PSYoungGen: 170729K->754K(166848K)] 345718K->175823K(853824K), 0.0050380 secs] [Times: user=0.03 sys=0.00, real=0.00 secs] 
2014-07-16T10:23:44.665+0000: 947.673: [GC [PSYoungGen: 166777K->790K(163712K)] 341847K->175915K(850688K), 0.0119430 secs] [Times: user=0.07 sys=0.00, real=0.01 secs] 
2014-07-16T10:23:45.231+0000: 948.240: [GC [PSYoungGen: 163670K->1336K(196800K)] 338795K->176549K(883776K), 0.0065820 secs] [Times: user=0.04 sys=0.00, real=0.01 secs] 
2014-07-16T10:23:45.922+0000: 948.930: [GC [PSYoungGen: 196792K->726K(192064K)] 372005K->176035K(879040K), 0.0031760 secs] [Times: user=0.02 sys=0.00, real=0.00 secs] 
2014-07-16T10:23:46.613+0000: 949.622: [GC [PSYoungGen: 192022K->904K(188224K)] 367331K->176293K(875200K), 0.0057990 secs] [Times: user=0.04 sys=0.00, real=0.01 secs] 
2014-07-16T10:23:47.290+0000: 950.298: [GC [PSYoungGen: 188166K->1104K(184512K)] 363555K->176573K(871488K), 0.0044160 secs] [Times: user=0.02 sys=0.00, real=0.00 secs] 
2014-07-16T10:23:47.935+0000: 950.943: [GC [PSYoungGen: 184464K->776K(180416K)] 359933K->176341K(867392K), 0.0070370 secs] [Times: user=0.04 sys=0.00, real=0.01 secs] 
2014-07-16T10:23:48.656+0000: 951.665: [GC [PSYoungGen: 180360K->1194K(177152K)] 355925K->176839K(864128K), 0.0030630 secs] [Times: user=0.02 sys=0.00, real=0.01 secs] 
2014-07-16T10:23:49.315+0000: 952.324: [GC [PSYoungGen: 177077K->804K(173248K)] 352722K->176545K(860224K), 0.0048280 secs] [Times: user=0.03 sys=0.00, real=0.01 secs] 
2014-07-16T10:23:49.921+0000: 952.929: [GC [PSYoungGen: 173220K->894K(169920K)] 348961K->176707K(856896K), 0.0045480 secs] [Times: user=0.02 sys=0.00, real=0.00 secs] 
2014-07-16T10:23:50.522+0000: 953.531: [GC [PSYoungGen: 169918K->976K(166720K)] 345731K->176853K(853696K), 0.0069180 secs] [Times: user=0.04 sys=0.00, real=0.01 secs] 
2014-07-16T10:23:51.124+0000: 954.132: [GC [PSYoungGen: 166672K->868K(163392K)] 342549K->176841K(850368K), 0.0054580 secs] [Times: user=0.03 sys=0.00, real=0.01 secs] 
2014-07-16T10:23:51.705+0000: 954.713: [GC [PSYoungGen: 163364K->940K(160320K)] 339337K->177059K(847296K), 0.0032120 secs] [Times: user=0.02 sys=0.00, real=0.01 secs] 
2014-07-16T10:23:52.286+0000: 955.295: [GC [PSYoungGen: 160300K->612K(156992K)] 336419K->176803K(843968K), 0.0049040 secs] [Times: user=0.03 sys=0.00, real=0.01 secs] 
2014-07-16T10:23:52.854+0000: 955.862: [GC [PSYoungGen: 156925K->658K(154112K)] 333116K->176937K(841088K), 0.0079840 secs] [Times: user=0.05 sys=0.00, real=0.01 secs] 
2014-07-16T10:23:53.404+0000: 956.413: [GC [PSYoungGen: 154066K->576K(151168K)] 330345K->176951K(838144K), 0.0043940 secs] [Times: user=0.01 sys=0.00, real=0.00 secs] 
2014-07-16T10:23:54.008+0000: 957.016: [GC [PSYoungGen: 151168K->972K(148864K)] 327543K->177419K(835840K), 0.0041260 secs] [Times: user=0.03 sys=0.00, real=0.01 secs] 
2014-07-16T10:23:54.552+0000: 957.560: [GC [PSYoungGen: 148781K->876K(146048K)] 325228K->177363K(833024K), 0.0038950 secs] [Times: user=0.02 sys=0.00, real=0.00 secs] 
2014-07-16T10:23:55.118+0000: 958.127: [GC [PSYoungGen: 146028K->948K(143552K)] 322515K->177659K(830528K), 0.0041290 secs] [Times: user=0.02 sys=0.00, real=0.01 secs] 
2014-07-16T10:23:55.595+0000: 958.603: [GC [PSYoungGen: 143540K->1276K(141376K)] 320251K->178051K(828352K), 0.0065990 secs] [Times: user=0.03 sys=0.00, real=0.01 secs] 
2014-07-16T10:23:56.105+0000: 959.113: [GC [PSYoungGen: 141372K->620K(138304K)] 318147K->177961K(825280K), 0.0045480 secs] [Times: user=0.02 sys=0.00, real=0.01 secs] 
2014-07-16T10:23:56.583+0000: 959.591: [GC [PSYoungGen: 138257K->1144K(136448K)] 315599K->178557K(823424K), 0.0046800 secs] [Times: user=0.03 sys=0.00, real=0.00 secs] 
2014-07-16T10:23:57.078+0000: 960.087: [GC [PSYoungGen: 136410K->1240K(134272K)] 313824K->178883K(821248K), 0.0039770 secs] [Times: user=0.02 sys=0.00, real=0.01 secs] 
2014-07-16T10:23:57.562+0000: 960.570: [GC [PSYoungGen: 134232K->1358K(132160K)] 311875K->179090K(819136K), 0.0036800 secs] [Times: user=0.02 sys=0.00, real=0.00 secs] 
2014-07-16T10:23:58.041+0000: 961.050: [GC [PSYoungGen: 132110K->562K(129152K)] 309842K->178679K(816128K), 0.0052090 secs] [Times: user=0.03 sys=0.00, real=0.00 secs] 
2014-07-16T10:23:58.496+0000: 961.504: [GC [PSYoungGen: 129137K->776K(127296K)] 307254K->178965K(814272K), 0.0056160 secs] [Times: user=0.03 sys=0.00, real=0.01 secs] 
2014-07-16T10:23:59.015+0000: 962.024: [GC [PSYoungGen: 127240K->812K(125248K)] 305429K->179289K(812224K), 0.0037230 secs] [Times: user=0.02 sys=0.00, real=0.01 secs] 
2014-07-16T10:23:59.447+0000: 962.456: [GC [PSYoungGen: 125132K->972K(123456K)] 303610K->179529K(810432K), 0.0035850 secs] [Times: user=0.02 sys=0.00, real=0.01 secs] 
2014-07-16T10:23:59.881+0000: 962.889: [GC [PSYoungGen: 123404K->480K(121024K)] 301961K->179125K(808000K), 0.0031010 secs] [Times: user=0.02 sys=0.00, real=0.00 secs] 
2014-07-16T10:24:00.325+0000: 963.334: [GC [PSYoungGen: 120991K->826K(145472K)] 299637K->179527K(832448K), 0.0073300 secs] [Times: user=0.03 sys=0.00, real=0.01 secs] 
2014-07-16T10:24:00.850+0000: 963.858: [GC [PSYoungGen: 145466K->690K(174272K)] 324167K->179487K(861248K), 0.0061730 secs] [Times: user=0.04 sys=0.00, real=0.01 secs] 
2014-07-16T10:24:01.471+0000: 964.479: [GC [PSYoungGen: 174258K->708K(209088K)] 353055K->179585K(896064K), 0.0070580 secs] [Times: user=0.04 sys=0.00, real=0.00 secs] 
2014-07-16T10:24:02.214+0000: 965.222: [GC [PSYoungGen: 209028K->598K(204352K)] 387905K->179507K(891328K), 0.0045260 secs] [Times: user=0.01 sys=0.00, real=0.00 secs] 
2014-07-16T10:24:02.967+0000: 965.975: [GC [PSYoungGen: 204310K->1458K(200704K)] 383219K->180540K(887680K), 0.0067280 secs] [Times: user=0.03 sys=0.00, real=0.01 secs] 
2014-07-16T10:24:03.781+0000: 966.789: [GC [PSYoungGen: 200690K->868K(195840K)] 379772K->180029K(882816K), 0.0057010 secs] [Times: user=0.04 sys=0.00, real=0.00 secs] 
2014-07-16T10:24:04.432+0000: 967.440: [GC [PSYoungGen: 195811K->1646K(192448K)] 374973K->180928K(879424K), 0.0055850 secs] [Times: user=0.04 sys=0.00, real=0.00 secs] 
2014-07-16T10:24:05.135+0000: 968.143: [GC [PSYoungGen: 192430K->804K(187584K)] 371712K->180197K(874560K), 0.0028920 secs] [Times: user=0.02 sys=0.00, real=0.00 secs] 
2014-07-16T10:24:05.819+0000: 968.827: [GC [PSYoungGen: 187515K->1366K(184256K)] 366909K->180824K(871232K), 0.0034200 secs] [Times: user=0.01 sys=0.00, real=0.01 secs] 
2014-07-16T10:24:06.485+0000: 969.493: [GC [PSYoungGen: 184180K->1108K(180224K)] 363638K->180630K(867200K), 0.0051220 secs] [Times: user=0.02 sys=0.00, real=0.00 secs] 
2014-07-16T10:24:07.126+0000: 970.135: [GC [PSYoungGen: 180180K->594K(176064K)] 359702K->180243K(863040K), 0.0040390 secs] [Times: user=0.02 sys=0.01, real=0.00 secs] 
2014-07-16T10:24:07.765+0000: 970.773: [GC [PSYoungGen: 176018K->958K(172864K)] 355667K->180688K(859840K), 0.0057500 secs] [Times: user=0.03 sys=0.00, real=0.00 secs] 
2014-07-16T10:24:08.392+0000: 971.401: [GC [PSYoungGen: 172813K->958K(169472K)] 352543K->180751K(856448K), 0.0035910 secs] [Times: user=0.01 sys=0.00, real=0.00 secs] 
2014-07-16T10:24:09.027+0000: 972.035: [GC [PSYoungGen: 169470K->644K(165888K)] 349263K->180501K(852864K), 0.0032090 secs] [Times: user=0.02 sys=0.00, real=0.00 secs] 
2014-07-16T10:24:09.583+0000: 972.592: [GC [PSYoungGen: 165828K->930K(162944K)] 345685K->180827K(849920K), 0.0039320 secs] [Times: user=0.01 sys=0.00, real=0.00 secs] 
2014-07-16T10:24:10.161+0000: 973.170: [GC [PSYoungGen: 162914K->1040K(160000K)] 342811K->181041K(846976K), 0.0051660 secs] [Times: user=0.03 sys=0.00, real=0.00 secs] 
2014-07-16T10:24:10.726+0000: 973.734: [GC [PSYoungGen: 159944K->904K(156864K)] 339946K->180985K(843840K), 0.0033630 secs] [Times: user=0.02 sys=0.00, real=0.00 secs] 
2014-07-16T10:24:11.285+0000: 974.293: [GC [PSYoungGen: 156808K->680K(153728K)] 336889K->180801K(840704K), 0.0098740 secs] [Times: user=0.05 sys=0.00, real=0.01 secs] 
2014-07-16T10:24:11.844+0000: 974.852: [GC [PSYoungGen: 153704K->580K(150848K)] 333825K->180805K(837824K), 0.0033390 secs] [Times: user=0.02 sys=0.00, real=0.00 secs] 
2014-07-16T10:24:12.385+0000: 975.393: [GC [PSYoungGen: 150788K->530K(180864K)] 331013K->180827K(867840K), 0.0114810 secs] [Times: user=0.07 sys=0.00, real=0.01 secs] 
2014-07-16T10:24:13.046+0000: 976.054: [GC [PSYoungGen: 180818K->1362K(199104K)] 361115K->181716K(886080K), 0.0077430 secs] [Times: user=0.05 sys=0.00, real=0.01 secs] 
2014-07-16T10:24:13.741+0000: 976.750: [GC [PSYoungGen: 198930K->922K(218112K)] 379284K->181355K(905088K), 0.0126650 secs] [Times: user=0.08 sys=0.00, real=0.02 secs] 
2014-07-16T10:24:14.537+0000: 977.546: [GC [PSYoungGen: 217370K->416K(218048K)] 397803K->180897K(905024K), 0.0070390 secs] [Times: user=0.04 sys=0.00, real=0.01 secs] 
2014-07-16T10:24:15.333+0000: 978.342: [GC [PSYoungGen: 216832K->772K(261248K)] 397314K->181333K(948224K), 0.0060020 secs] [Times: user=0.03 sys=0.01, real=0.00 secs] 
2014-07-16T10:24:16.263+0000: 979.271: [GC [PSYoungGen: 260548K->1534K(261312K)] 441109K->182390K(948288K), 0.0077370 secs] [Times: user=0.04 sys=0.00, real=0.00 secs] 
2014-07-16T10:24:17.233+0000: 980.241: [GC [PSYoungGen: 261310K->1066K(254400K)] 442166K->181970K(941376K), 0.0033940 secs] [Times: user=0.01 sys=0.00, real=0.00 secs] 
2014-07-16T10:24:18.137+0000: 981.146: [GC [PSYoungGen: 254378K->1040K(248128K)] 435282K->182032K(935104K), 0.0054020 secs] [Times: user=0.03 sys=0.00, real=0.01 secs] 
2014-07-16T10:24:19.095+0000: 982.103: [GC [PSYoungGen: 248080K->762K(241792K)] 429072K->181818K(928768K), 0.0071190 secs] [Times: user=0.05 sys=0.00, real=0.01 secs] 
2014-07-16T10:24:19.899+0000: 982.907: [GC [PSYoungGen: 241786K->434K(235712K)] 422842K->181537K(922688K), 0.0038080 secs] [Times: user=0.01 sys=0.00, real=0.01 secs] 
2014-07-16T10:24:20.764+0000: 983.772: [GC [PSYoungGen: 235678K->1316K(231040K)] 416781K->182492K(918016K), 0.0064840 secs] [Times: user=0.04 sys=0.01, real=0.00 secs] 
2014-07-16T10:24:21.593+0000: 984.601: [GC [PSYoungGen: 231012K->448K(224768K)] 412188K->181703K(911744K), 0.0030790 secs] [Times: user=0.01 sys=0.01, real=0.00 secs] 
2014-07-16T10:24:22.400+0000: 985.409: [GC [PSYoungGen: 224687K->630K(219776K)] 405943K->181965K(906752K), 0.0072520 secs] [Times: user=0.05 sys=0.01, real=0.01 secs] 
2014-07-16T10:24:23.192+0000: 986.200: [GC [PSYoungGen: 219766K->1244K(215424K)] 401101K->182636K(902400K), 0.0039330 secs] [Times: user=0.01 sys=0.00, real=0.01 secs] 
2014-07-16T10:24:24.069+0000: 987.077: [GC [PSYoungGen: 215388K->1178K(210560K)] 396780K->182633K(897536K), 0.0071280 secs] [Times: user=0.03 sys=0.01, real=0.01 secs] 
2014-07-16T10:24:24.745+0000: 987.753: [GC [PSYoungGen: 210522K->1254K(205952K)] 391977K->182766K(892928K), 0.0069370 secs] [Times: user=0.04 sys=0.00, real=0.00 secs] 
2014-07-16T10:24:25.466+0000: 988.475: [GC [PSYoungGen: 205926K->616K(200832K)] 387438K->182191K(887808K), 0.0028620 secs] [Times: user=0.01 sys=0.00, real=0.00 secs] 
2014-07-16T10:24:26.210+0000: 989.218: [GC [PSYoungGen: 200800K->852K(196736K)] 382376K->182476K(883712K), 0.0031750 secs] [Times: user=0.02 sys=0.00, real=0.00 secs] 
2014-07-16T10:24:26.917+0000: 989.926: [GC [PSYoungGen: 196692K->416K(192064K)] 378316K->182095K(879040K), 0.0050320 secs] [Times: user=0.03 sys=0.00, real=0.00 secs] 
2014-07-16T10:24:27.606+0000: 990.614: [GC [PSYoungGen: 192032K->676K(188288K)] 373711K->182467K(875264K), 0.0049810 secs] [Times: user=0.02 sys=0.01, real=0.00 secs] 
2014-07-16T10:24:28.273+0000: 991.281: [GC [PSYoungGen: 188260K->876K(184576K)] 370051K->182747K(871552K), 0.0036540 secs] [Times: user=0.02 sys=0.01, real=0.01 secs] 
2014-07-16T10:24:28.921+0000: 991.930: [GC [PSYoungGen: 184556K->338K(180288K)] 366427K->182241K(867264K), 0.0127660 secs] [Times: user=0.08 sys=0.00, real=0.02 secs] 
2014-07-16T10:24:29.600+0000: 992.608: [GC [PSYoungGen: 180200K->1162K(177472K)] 362104K->183130K(864448K), 0.0031960 secs] [Times: user=0.02 sys=0.00, real=0.00 secs] 
2014-07-16T10:24:30.247+0000: 993.256: [GC [PSYoungGen: 177418K->602K(173376K)] 359386K->182602K(860352K), 0.0036950 secs] [Times: user=0.02 sys=0.00, real=0.00 secs] 
2014-07-16T10:24:30.873+0000: 993.882: [GC [PSYoungGen: 173338K->702K(208000K)] 355338K->182733K(894976K), 0.0145940 secs] [Times: user=0.08 sys=0.00, real=0.02 secs] 
2014-07-16T10:24:31.632+0000: 994.640: [GC [PSYoungGen: 207998K->762K(249536K)] 390029K->182865K(936512K), 0.0065650 secs] [Times: user=0.05 sys=0.00, real=0.01 secs] 
2014-07-16T10:24:32.534+0000: 995.542: [GC [PSYoungGen: 249530K->384K(243072K)] 431633K->182535K(930048K), 0.0031130 secs] [Times: user=0.01 sys=0.00, real=0.00 secs] 
2014-07-16T10:24:33.408+0000: 996.416: [GC [PSYoungGen: 243072K->608K(237504K)] 425223K->182791K(924480K), 0.0060440 secs] [Times: user=0.03 sys=0.00, real=0.00 secs] 
2014-07-16T10:24:34.340+0000: 997.348: [GC [PSYoungGen: 237472K->648K(231936K)] 419655K->182887K(918912K), 0.0086170 secs] [Times: user=0.05 sys=0.00, real=0.01 secs] 
2014-07-16T10:24:35.148+0000: 998.156: [GC [PSYoungGen: 231880K->990K(226816K)] 414119K->183301K(913792K), 0.0035310 secs] [Times: user=0.01 sys=0.00, real=0.00 secs] 
2014-07-16T10:24:35.946+0000: 998.955: [GC [PSYoungGen: 226743K->1118K(221696K)] 409055K->183509K(908672K), 0.0072710 secs] [Times: user=0.04 sys=0.00, real=0.00 secs] 
2014-07-16T10:24:36.778+0000: 999.786: [GC [PSYoungGen: 221662K->890K(216384K)] 404053K->183361K(903360K), 0.0070090 secs] [Times: user=0.04 sys=0.00, real=0.00 secs] 
2014-07-16T10:24:37.521+0000: 1000.530: [GC [PSYoungGen: 216378K->1080K(211712K)] 398849K->183632K(898688K), 0.0047780 secs] [Times: user=0.03 sys=0.00, real=0.01 secs] 
2014-07-16T10:24:38.280+0000: 1001.288: [GC [PSYoungGen: 211704K->780K(206720K)] 394256K->183403K(893696K), 0.0053530 secs] [Times: user=0.03 sys=0.00, real=0.01 secs] 
2014-07-16T10:24:39.035+0000: 1002.044: [GC [PSYoungGen: 206632K->1128K(202496K)] 389256K->183823K(889472K), 0.0059020 secs] [Times: user=0.04 sys=0.00, real=0.00 secs] 
2014-07-16T10:24:39.770+0000: 1002.779: [GC [PSYoungGen: 202472K->480K(197504K)] 385167K->183247K(884480K), 0.0059110 secs] [Times: user=0.04 sys=0.00, real=0.01 secs] 
2014-07-16T10:24:40.498+0000: 1003.507: [GC [PSYoungGen: 197445K->812K(193600K)] 380213K->183636K(880576K), 0.0081350 secs] [Times: user=0.04 sys=0.00, real=0.01 secs] 
2014-07-16T10:24:41.192+0000: 1004.201: [GC [PSYoungGen: 193579K->1044K(189760K)] 376403K->183956K(876736K), 0.0052010 secs] [Times: user=0.02 sys=0.01, real=0.01 secs] 
2014-07-16T10:24:41.854+0000: 1004.863: [GC [PSYoungGen: 189698K->630K(185344K)] 372610K->183613K(872320K), 0.0071620 secs] [Times: user=0.04 sys=0.00, real=0.01 secs] 
2014-07-16T10:24:42.526+0000: 1005.534: [GC [PSYoungGen: 185334K->966K(181888K)] 368317K->184006K(868864K), 0.0082370 secs] [Times: user=0.04 sys=0.00, real=0.01 secs] 
2014-07-16T10:24:43.189+0000: 1006.197: [GC [PSYoungGen: 181792K->816K(177984K)] 364832K->183904K(864960K), 0.0038450 secs] [Times: user=0.01 sys=0.01, real=0.00 secs] 
2014-07-16T10:24:43.817+0000: 1006.826: [GC [PSYoungGen: 177937K->626K(174208K)] 361024K->183785K(861184K), 0.0035860 secs] [Times: user=0.01 sys=0.01, real=0.00 secs] 
2014-07-16T10:24:44.516+0000: 1007.524: [GC [PSYoungGen: 174194K->836K(171008K)] 357353K->184059K(857984K), 0.0038640 secs] [Times: user=0.01 sys=0.00, real=0.01 secs] 
2014-07-16T10:24:45.102+0000: 1008.110: [GC [PSYoungGen: 170948K->740K(167552K)] 354171K->184035K(854528K), 0.0078900 secs] [Times: user=0.05 sys=0.00, real=0.01 secs] 
2014-07-16T10:24:45.720+0000: 1008.728: [GC [PSYoungGen: 167524K->676K(164224K)] 350819K->184027K(851200K), 0.0057100 secs] [Times: user=0.03 sys=0.01, real=0.00 secs] 
2014-07-16T10:24:46.324+0000: 1009.333: [GC [PSYoungGen: 164196K->1108K(161536K)] 347547K->184532K(848512K), 0.0066530 secs] [Times: user=0.05 sys=0.00, real=0.01 secs] 
2014-07-16T10:24:46.901+0000: 1009.910: [GC [PSYoungGen: 161483K->698K(158016K)] 344907K->184185K(844992K), 0.0035260 secs] [Times: user=0.01 sys=0.00, real=0.00 secs] 
2014-07-16T10:24:47.492+0000: 1010.500: [GC [PSYoungGen: 158010K->548K(154944K)] 341497K->184091K(841920K), 0.0030210 secs] [Times: user=0.01 sys=0.00, real=0.00 secs] 
2014-07-16T10:24:48.051+0000: 1011.060: [GC [PSYoungGen: 154916K->780K(152320K)] 338459K->184411K(839296K), 0.0044960 secs] [Times: user=0.03 sys=0.00, real=0.00 secs] 
2014-07-16T10:24:48.595+0000: 1011.603: [GC [PSYoungGen: 152187K->744K(149504K)] 335819K->184479K(836480K), 0.0032310 secs] [Times: user=0.02 sys=0.00, real=0.01 secs] 
2014-07-16T10:24:49.150+0000: 1012.159: [GC [PSYoungGen: 149453K->1022K(147072K)] 333189K->184837K(834048K), 0.0039850 secs] [Times: user=0.02 sys=0.00, real=0.00 secs] 
2014-07-16T10:24:49.764+0000: 1012.772: [GC [PSYoungGen: 147070K->794K(144256K)] 330885K->184698K(831232K), 0.0052960 secs] [Times: user=0.03 sys=0.00, real=0.01 secs] 
2014-07-16T10:24:50.308+0000: 1013.316: [GC [PSYoungGen: 144213K->680K(172864K)] 328117K->184631K(859840K), 0.0112680 secs] [Times: user=0.06 sys=0.00, real=0.01 secs] 
2014-07-16T10:24:50.929+0000: 1013.937: [GC [PSYoungGen: 172797K->940K(207552K)] 356749K->184955K(894528K), 0.0075830 secs] [Times: user=0.04 sys=0.00, real=0.00 secs] 
2014-07-16T10:24:51.680+0000: 1014.688: [GC [PSYoungGen: 207532K->832K(202880K)] 391547K->184927K(889856K), 0.0034090 secs] [Times: user=0.02 sys=0.00, real=0.00 secs] 
2014-07-16T10:24:52.398+0000: 1015.406: [GC [PSYoungGen: 202875K->1208K(198848K)] 386970K->185608K(885824K), 0.0074940 secs] [Times: user=0.04 sys=0.00, real=0.01 secs] 
2014-07-16T10:24:53.131+0000: 1016.139: [GC [PSYoungGen: 198840K->434K(193792K)] 383240K->185061K(880768K), 0.0056930 secs] [Times: user=0.03 sys=0.00, real=0.00 secs] 
2014-07-16T10:24:53.828+0000: 1016.837: [GC [PSYoungGen: 193778K->626K(189888K)] 378405K->185341K(876864K), 0.0058100 secs] [Times: user=0.03 sys=0.00, real=0.00 secs] 
2014-07-16T10:24:54.565+0000: 1017.574: [GC [PSYoungGen: 189874K->1076K(186368K)] 374589K->185906K(873344K), 0.0032480 secs] [Times: user=0.02 sys=0.01, real=0.01 secs] 
2014-07-16T10:24:55.215+0000: 1018.224: [GC [PSYoungGen: 186356K->480K(181952K)] 371186K->185365K(868928K), 0.0065710 secs] [Times: user=0.03 sys=0.00, real=0.01 secs] 
2014-07-16T10:24:55.895+0000: 1018.903: [GC [PSYoungGen: 181920K->794K(178560K)] 366805K->185752K(865536K), 0.0069820 secs] [Times: user=0.03 sys=0.00, real=0.01 secs] 
2014-07-16T10:24:56.529+0000: 1019.538: [GC [PSYoungGen: 178522K->534K(174720K)] 363480K->185524K(861696K), 0.0041920 secs] [Times: user=0.02 sys=0.00, real=0.00 secs] 
2014-07-16T10:24:57.176+0000: 1020.185: [GC [PSYoungGen: 174678K->826K(171520K)] 359668K->185896K(858496K), 0.0057560 secs] [Times: user=0.03 sys=0.00, real=0.01 secs] 
2014-07-16T10:24:57.798+0000: 1020.806: [GC [PSYoungGen: 171461K->562K(167872K)] 356531K->185727K(854848K), 0.0057810 secs] [Times: user=0.03 sys=0.01, real=0.00 secs] 
2014-07-16T10:24:58.392+0000: 1021.400: [GC [PSYoungGen: 167825K->730K(164800K)] 352991K->185976K(851776K), 0.0049630 secs] [Times: user=0.03 sys=0.00, real=0.00 secs] 
2014-07-16T10:24:58.981+0000: 1021.990: [GC [PSYoungGen: 164762K->836K(161792K)] 350008K->186162K(848768K), 0.0029470 secs] [Times: user=0.01 sys=0.00, real=0.00 secs] 
2014-07-16T10:24:59.640+0000: 1022.648: [GC [PSYoungGen: 161696K->936K(158784K)] 347022K->186442K(845760K), 0.0055310 secs] [Times: user=0.04 sys=0.00, real=0.00 secs] 
2014-07-16T10:25:00.188+0000: 1023.197: [GC [PSYoungGen: 158760K->780K(155712K)] 344266K->186350K(842688K), 0.0044110 secs] [Times: user=0.02 sys=0.00, real=0.01 secs] 
2014-07-16T10:25:00.725+0000: 1023.733: [GC [PSYoungGen: 155654K->944K(152960K)] 341224K->186894K(839936K), 0.0032000 secs] [Times: user=0.01 sys=0.01, real=0.00 secs] 
2014-07-16T10:25:01.263+0000: 1024.271: [GC [PSYoungGen: 152925K->790K(150016K)] 338875K->186828K(836992K), 0.0052240 secs] [Times: user=0.03 sys=0.00, real=0.00 secs] 
2014-07-16T10:25:01.801+0000: 1024.809: [GC [PSYoungGen: 149974K->1184K(147712K)] 336012K->187584K(834688K), 0.0050870 secs] [Times: user=0.03 sys=0.00, real=0.00 secs] 
2014-07-16T10:25:02.329+0000: 1025.337: [GC [PSYoungGen: 147680K->762K(144640K)] 334080K->187234K(831616K), 0.0065750 secs] [Times: user=0.03 sys=0.00, real=0.01 secs] 
2014-07-16T10:25:02.853+0000: 1025.862: [GC [PSYoungGen: 144623K->758K(142080K)] 331095K->187468K(829056K), 0.0044280 secs] [Times: user=0.03 sys=0.01, real=0.00 secs] 
2014-07-16T10:25:03.353+0000: 1026.361: [GC [PSYoungGen: 142028K->1008K(139840K)] 328738K->187806K(826816K), 0.0036240 secs] [Times: user=0.01 sys=0.00, real=0.00 secs] 
2014-07-16T10:25:03.862+0000: 1026.870: [GC [PSYoungGen: 139824K->1300K(137792K)] 326622K->188202K(824768K), 0.0028590 secs] [Times: user=0.01 sys=0.00, real=0.00 secs] 
2014-07-16T10:25:04.345+0000: 1027.354: [GC [PSYoungGen: 137748K->416K(134592K)] 324650K->187382K(821568K), 0.0063690 secs] [Times: user=0.03 sys=0.00, real=0.01 secs] 
2014-07-16T10:25:04.934+0000: 1027.942: [GC [PSYoungGen: 134560K->980K(132928K)] 321526K->187978K(819904K), 0.0040570 secs] [Times: user=0.01 sys=0.00, real=0.00 secs] 
2014-07-16T10:25:05.385+0000: 1028.394: [GC [PSYoungGen: 132871K->1026K(130816K)] 319869K->188128K(817792K), 0.0037220 secs] [Times: user=0.03 sys=0.00, real=0.01 secs] 
2014-07-16T10:25:05.843+0000: 1028.852: [GC [PSYoungGen: 130754K->1130K(156864K)] 317856K->188320K(843840K), 0.0124610 secs] [Times: user=0.08 sys=0.00, real=0.01 secs] 
2014-07-16T10:25:06.401+0000: 1029.410: [GC [PSYoungGen: 156822K->944K(187840K)] 344012K->188198K(874816K), 0.0042930 secs] [Times: user=0.02 sys=0.00, real=0.00 secs] 
2014-07-16T10:25:07.095+0000: 1030.103: [GC [PSYoungGen: 187824K->1150K(225408K)] 375078K->188476K(912384K), 0.0048250 secs] [Times: user=0.02 sys=0.00, real=0.01 secs] 
2014-07-16T10:25:07.954+0000: 1030.963: [GC [PSYoungGen: 225368K->1118K(220224K)] 412694K->188524K(907200K), 0.0068950 secs] [Times: user=0.04 sys=0.01, real=0.01 secs] 
2014-07-16T10:25:08.710+0000: 1031.719: [GC [PSYoungGen: 220147K->758K(214848K)] 407553K->188244K(901824K), 0.0031560 secs] [Times: user=0.02 sys=0.00, real=0.00 secs] 
2014-07-16T10:25:09.484+0000: 1032.493: [GC [PSYoungGen: 214837K->830K(210112K)] 402323K->188380K(897088K), 0.0059460 secs] [Times: user=0.04 sys=0.00, real=0.01 secs] 
2014-07-16T10:25:10.235+0000: 1033.243: [GC [PSYoungGen: 210109K->1262K(205888K)] 397660K->188876K(892864K), 0.0066430 secs] [Times: user=0.04 sys=0.00, real=0.01 secs] 
2014-07-16T10:25:10.982+0000: 1033.990: [GC [PSYoungGen: 205868K->640K(200768K)] 393482K->188326K(887744K), 0.0057370 secs] [Times: user=0.03 sys=0.00, real=0.00 secs] 
2014-07-16T10:25:11.707+0000: 1034.715: [GC [PSYoungGen: 200741K->1076K(196864K)] 388427K->188866K(883840K), 0.0052340 secs] [Times: user=0.03 sys=0.00, real=0.01 secs] 
2014-07-16T10:25:12.419+0000: 1035.428: [GC [PSYoungGen: 196852K->576K(192128K)] 384642K->188438K(879104K), 0.0041920 secs] [Times: user=0.02 sys=0.00, real=0.01 secs] 
2014-07-16T10:25:13.108+0000: 1036.116: [GC [PSYoungGen: 192128K->512K(188032K)] 379990K->188486K(875008K), 0.0036320 secs] [Times: user=0.02 sys=0.00, real=0.01 secs] 
2014-07-16T10:25:13.784+0000: 1036.792: [GC [PSYoungGen: 188032K->1248K(184896K)] 376006K->189310K(871872K), 0.0044140 secs] [Times: user=0.03 sys=0.00, real=0.00 secs] 
2014-07-16T10:25:14.449+0000: 1037.457: [GC [PSYoungGen: 184842K->720K(180608K)] 372904K->188806K(867584K), 0.0103920 secs] [Times: user=0.06 sys=0.00, real=0.01 secs] 
2014-07-16T10:25:15.160+0000: 1038.168: [GC [PSYoungGen: 180518K->676K(176896K)] 368605K->188834K(863872K), 0.0043440 secs] [Times: user=0.01 sys=0.00, real=0.01 secs] 
2014-07-16T10:25:15.732+0000: 1038.740: [GC [PSYoungGen: 176868K->516K(173248K)] 365026K->188730K(860224K), 0.0056630 secs] [Times: user=0.04 sys=0.00, real=0.00 secs] 
2014-07-16T10:25:16.359+0000: 1039.368: [GC [PSYoungGen: 173188K->598K(169856K)] 361402K->188852K(856832K), 0.0076300 secs] [Times: user=0.04 sys=0.00, real=0.01 secs] 
2014-07-16T10:25:16.972+0000: 1039.980: [GC [PSYoungGen: 169774K->980K(166912K)] 358029K->189290K(853888K), 0.0035130 secs] [Times: user=0.02 sys=0.00, real=0.00 secs] 
2014-07-16T10:25:17.557+0000: 1040.566: [GC [PSYoungGen: 166868K->990K(163712K)] 355178K->189388K(850688K), 0.0079380 secs] [Times: user=0.04 sys=0.00, real=0.01 secs] 
2014-07-16T10:25:18.177+0000: 1041.185: [GC [PSYoungGen: 163677K->822K(196096K)] 352076K->189292K(883072K), 0.0116830 secs] [Times: user=0.07 sys=0.01, real=0.01 secs] 
2014-07-16T10:25:18.892+0000: 1041.900: [GC [PSYoungGen: 196044K->884K(235264K)] 384514K->189410K(922240K), 0.0079110 secs] [Times: user=0.04 sys=0.00, real=0.01 secs] 
2014-07-16T10:25:19.744+0000: 1042.753: [GC [PSYoungGen: 235252K->1108K(229952K)] 423778K->189722K(916928K), 0.0030600 secs] [Times: user=0.01 sys=0.00, real=0.00 secs] 
2014-07-16T10:25:20.562+0000: 1043.570: [GC [PSYoungGen: 229908K->830K(224256K)] 418522K->189516K(911232K), 0.0057280 secs] [Times: user=0.03 sys=0.00, real=0.01 secs] 
2014-07-16T10:25:21.371+0000: 1044.380: [GC [PSYoungGen: 224248K->648K(218944K)] 412934K->189398K(905920K), 0.0040700 secs] [Times: user=0.02 sys=0.00, real=0.01 secs] 
2014-07-16T10:25:22.167+0000: 1045.176: [GC [PSYoungGen: 218888K->512K(213760K)] 407638K->189342K(900736K), 0.0032430 secs] [Times: user=0.01 sys=0.00, real=0.00 secs] 
2014-07-16T10:25:22.927+0000: 1045.935: [GC [PSYoungGen: 213760K->658K(209152K)] 402590K->189552K(896128K), 0.0073840 secs] [Times: user=0.05 sys=0.00, real=0.01 secs] 
2014-07-16T10:25:23.676+0000: 1046.685: [GC [PSYoungGen: 209106K->598K(204480K)] 398000K->189572K(891456K), 0.0054390 secs] [Times: user=0.04 sys=0.00, real=0.00 secs] 
2014-07-16T10:25:24.433+0000: 1047.441: [GC [PSYoungGen: 204438K->534K(199936K)] 393412K->189556K(886912K), 0.0037980 secs] [Times: user=0.01 sys=0.00, real=0.00 secs] 
2014-07-16T10:25:25.372+0000: 1048.381: [GC [PSYoungGen: 199877K->850K(195968K)] 388899K->189944K(882944K), 0.0060720 secs] [Times: user=0.04 sys=0.00, real=0.01 secs] 
2014-07-16T10:25:26.043+0000: 1049.052: [GC [PSYoungGen: 195922K->1190K(192128K)] 385016K->190332K(879104K), 0.0039180 secs] [Times: user=0.01 sys=0.00, real=0.00 secs] 
2014-07-16T10:25:26.722+0000: 1049.731: [GC [PSYoungGen: 192102K->926K(187840K)] 381244K->190148K(874816K), 0.0053230 secs] [Times: user=0.03 sys=0.00, real=0.01 secs] 
2014-07-16T10:25:27.399+0000: 1050.407: [GC [PSYoungGen: 187806K->684K(183680K)] 377028K->190168K(870656K), 0.0055200 secs] [Times: user=0.03 sys=0.00, real=0.01 secs] 
2014-07-16T10:25:28.086+0000: 1051.095: [GC [PSYoungGen: 183660K->822K(180032K)] 373144K->190394K(867008K), 0.0058660 secs] [Times: user=0.04 sys=0.00, real=0.00 secs] 
2014-07-16T10:25:28.751+0000: 1051.759: [GC [PSYoungGen: 180022K->894K(176448K)] 369594K->190630K(863424K), 0.0060220 secs] [Times: user=0.04 sys=0.00, real=0.01 secs] 
2014-07-16T10:25:29.415+0000: 1052.423: [GC [PSYoungGen: 176417K->1122K(173184K)] 366153K->190930K(860160K), 0.0064540 secs] [Times: user=0.03 sys=0.00, real=0.00 secs] 
2014-07-16T10:25:30.107+0000: 1053.116: [GC [PSYoungGen: 173154K->690K(169344K)] 362962K->190690K(856320K), 0.0081300 secs] [Times: user=0.03 sys=0.00, real=0.01 secs] 
2014-07-16T10:25:30.681+0000: 1053.690: [GC [PSYoungGen: 169330K->630K(165952K)] 359330K->190702K(852928K), 0.0047780 secs] [Times: user=0.03 sys=0.00, real=0.01 secs] 
2014-07-16T10:25:31.278+0000: 1054.287: [GC [PSYoungGen: 165941K->704K(162816K)] 356013K->190988K(849792K), 0.0069280 secs] [Times: user=0.04 sys=0.00, real=0.01 secs] 
2014-07-16T10:25:31.884+0000: 1054.893: [GC [PSYoungGen: 162816K->1036K(160128K)] 353100K->191392K(847104K), 0.0037510 secs] [Times: user=0.02 sys=0.01, real=0.00 secs] 
2014-07-16T10:25:32.450+0000: 1055.458: [GC [PSYoungGen: 160076K->934K(156992K)] 350432K->191378K(843968K), 0.0034370 secs] [Times: user=0.02 sys=0.00, real=0.00 secs] 
2014-07-16T10:25:33.013+0000: 1056.022: [GC [PSYoungGen: 156929K->1082K(154240K)] 347374K->191638K(841216K), 0.0057860 secs] [Times: user=0.04 sys=0.00, real=0.01 secs] 
2014-07-16T10:25:33.554+0000: 1056.562: [GC [PSYoungGen: 154234K->562K(150912K)] 344790K->191198K(837888K), 0.0064150 secs] [Times: user=0.04 sys=0.00, real=0.01 secs] 
2014-07-16T10:25:34.108+0000: 1057.117: [GC [PSYoungGen: 150898K->1100K(181568K)] 341534K->191792K(868544K), 0.0101640 secs] [Times: user=0.07 sys=0.00, real=0.01 secs] 
2014-07-16T10:25:34.743+0000: 1057.752: [GC [PSYoungGen: 181516K->1134K(177856K)] 372208K->191946K(864832K), 0.0031640 secs] [Times: user=0.02 sys=0.00, real=0.01 secs] 
2014-07-16T10:25:35.413+0000: 1058.421: [GC [PSYoungGen: 177838K->648K(173824K)] 368650K->191508K(860800K), 0.0070930 secs] [Times: user=0.03 sys=0.00, real=0.01 secs] 
2014-07-16T10:25:36.043+0000: 1059.052: [GC [PSYoungGen: 173768K->666K(170368K)] 364628K->191582K(857344K), 0.0053660 secs] [Times: user=0.03 sys=0.00, real=0.01 secs] 
2014-07-16T10:25:36.649+0000: 1059.658: [GC [PSYoungGen: 170330K->288K(203968K)] 361246K->191236K(890944K), 0.0209530 secs] [Times: user=0.12 sys=0.00, real=0.02 secs] 
2014-07-16T10:25:37.375+0000: 1060.383: [GC [PSYoungGen: 203906K->1520K(242240K)] 394855K->192508K(929216K), 0.0055540 secs] [Times: user=0.03 sys=0.00, real=0.00 secs] 
2014-07-16T10:25:38.229+0000: 1061.238: [GC [PSYoungGen: 242190K->1144K(242432K)] 433178K->192204K(929408K), 0.0091060 secs] [Times: user=0.05 sys=0.01, real=0.01 secs] 
2014-07-16T10:25:39.112+0000: 1062.120: [GC [PSYoungGen: 241848K->826K(290496K)] 432908K->191950K(977472K), 0.0030560 secs] [Times: user=0.02 sys=0.00, real=0.01 secs] 
2014-07-16T10:25:40.290+0000: 1063.299: [GC [PSYoungGen: 289722K->964K(282304K)] 480846K->192152K(969280K), 0.0067560 secs] [Times: user=0.04 sys=0.00, real=0.01 secs] 
2014-07-16T10:25:41.212+0000: 1064.221: [GC [PSYoungGen: 282244K->752K(274752K)] 473432K->192394K(961728K), 0.0034600 secs] [Times: user=0.02 sys=0.00, real=0.01 secs] 
2014-07-16T10:25:42.205+0000: 1065.214: [GC [PSYoungGen: 274736K->1030K(268032K)] 466378K->192744K(955008K), 0.0032320 secs] [Times: user=0.03 sys=0.00, real=0.00 secs] 
2014-07-16T10:25:43.160+0000: 1066.169: [GC [PSYoungGen: 267974K->954K(261120K)] 459688K->192756K(948096K), 0.0057100 secs] [Times: user=0.04 sys=0.00, real=0.01 secs] 
2014-07-16T10:25:44.107+0000: 1067.115: [GC [PSYoungGen: 261106K->748K(254400K)] 452909K->192598K(941376K), 0.0085310 secs] [Times: user=0.06 sys=0.00, real=0.01 secs] 
2014-07-16T10:25:45.037+0000: 1068.045: [GC [PSYoungGen: 254369K->740K(248128K)] 446220K->192646K(935104K), 0.0079280 secs] [Times: user=0.05 sys=0.00, real=0.00 secs] 
2014-07-16T10:25:46.031+0000: 1069.040: [GC [PSYoungGen: 248100K->1354K(242752K)] 440006K->193364K(929728K), 0.0040480 secs] [Times: user=0.03 sys=0.00, real=0.00 secs] 
2014-07-16T10:25:46.884+0000: 1069.892: [GC [PSYoungGen: 242698K->826K(236352K)] 434708K->192900K(923328K), 0.0057590 secs] [Times: user=0.02 sys=0.00, real=0.01 secs] 
2014-07-16T10:25:47.766+0000: 1070.775: [GC [PSYoungGen: 236346K->1586K(231552K)] 428420K->193988K(918528K), 0.0068000 secs] [Times: user=0.05 sys=0.00, real=0.00 secs] 
2014-07-16T10:25:48.583+0000: 1071.592: [GC [PSYoungGen: 231538K->548K(225152K)] 423940K->193014K(912128K), 0.0042660 secs] [Times: user=0.02 sys=0.00, real=0.01 secs] 
2014-07-16T10:25:49.408+0000: 1072.416: [GC [PSYoungGen: 225124K->748K(220160K)] 417590K->193262K(907136K), 0.0034110 secs] [Times: user=0.02 sys=0.00, real=0.00 secs] 
2014-07-16T10:25:50.200+0000: 1073.209: [GC [PSYoungGen: 220140K->598K(215040K)] 412654K->193184K(902016K), 0.0064080 secs] [Times: user=0.03 sys=0.00, real=0.01 secs] 
2014-07-16T10:25:51.081+0000: 1074.089: [GC [PSYoungGen: 214998K->1200K(210752K)] 407584K->193858K(897728K), 0.0052040 secs] [Times: user=0.03 sys=0.00, real=0.01 secs] 
2014-07-16T10:25:51.820+0000: 1074.828: [GC [PSYoungGen: 210712K->998K(205888K)] 403370K->193736K(892864K), 0.0057450 secs] [Times: user=0.03 sys=0.00, real=0.00 secs] 
2014-07-16T10:25:52.548+0000: 1075.557: [GC [PSYoungGen: 205862K->640K(201024K)] 398600K->193466K(888000K), 0.0026100 secs] [Times: user=0.02 sys=0.00, real=0.00 secs] 
2014-07-16T10:25:53.272+0000: 1076.280: [GC [PSYoungGen: 201024K->736K(196800K)] 393850K->193626K(883776K), 0.0060300 secs] [Times: user=0.03 sys=0.00, real=0.01 secs] 
2014-07-16T10:25:53.971+0000: 1076.979: [GC [PSYoungGen: 196768K->616K(192448K)] 389658K->193554K(879424K), 0.0055180 secs] [Times: user=0.02 sys=0.00, real=0.00 secs] 
2014-07-16T10:25:54.653+0000: 1077.661: [GC [PSYoungGen: 192413K->1216K(189056K)] 385352K->194234K(876032K), 0.0033830 secs] [Times: user=0.02 sys=0.00, real=0.00 secs] 
2014-07-16T10:25:55.320+0000: 1078.328: [GC [PSYoungGen: 188986K->916K(184832K)] 382004K->194014K(871808K), 0.0053500 secs] [Times: user=0.04 sys=0.00, real=0.00 secs] 
2014-07-16T10:25:56.062+0000: 1079.071: [GC [PSYoungGen: 184788K->1012K(181120K)] 377886K->194214K(868096K), 0.0048740 secs] [Times: user=0.03 sys=0.00, real=0.01 secs] 
2014-07-16T10:25:56.710+0000: 1079.718: [GC [PSYoungGen: 181108K->694K(177152K)] 374310K->193968K(864128K), 0.0086260 secs] [Times: user=0.05 sys=0.00, real=0.01 secs] 
2014-07-16T10:25:57.352+0000: 1080.360: [GC [PSYoungGen: 177142K->762K(173632K)] 370416K->194100K(860608K), 0.0050050 secs] [Times: user=0.02 sys=0.00, real=0.01 secs] 
2014-07-16T10:25:57.987+0000: 1080.995: [GC [PSYoungGen: 173626K->1466K(170880K)] 366964K->194884K(857856K), 0.0043480 secs] [Times: user=0.03 sys=0.00, real=0.01 secs] 
2014-07-16T10:25:58.640+0000: 1081.649: [GC [PSYoungGen: 170874K->876K(166976K)] 364292K->194382K(853952K), 0.0033670 secs] [Times: user=0.01 sys=0.00, real=0.00 secs] 
2014-07-16T10:25:59.228+0000: 1082.236: [GC [PSYoungGen: 166956K->734K(163648K)] 360462K->194272K(850624K), 0.0038180 secs] [Times: user=0.01 sys=0.00, real=0.00 secs] 
2014-07-16T10:25:59.848+0000: 1082.856: [GC [PSYoungGen: 163614K->722K(160512K)] 357152K->194340K(847488K), 0.0045280 secs] [Times: user=0.02 sys=0.00, real=0.00 secs] 
2014-07-16T10:26:00.427+0000: 1083.436: [GC [PSYoungGen: 160449K->904K(157696K)] 354068K->194602K(844672K), 0.0033490 secs] [Times: user=0.01 sys=0.00, real=0.01 secs] 
2014-07-16T10:26:01.043+0000: 1084.051: [GC [PSYoungGen: 157640K->866K(154688K)] 351338K->194628K(841664K), 0.0070290 secs] [Times: user=0.03 sys=0.00, real=0.01 secs] 
2014-07-16T10:26:01.601+0000: 1084.609: [GC [PSYoungGen: 154658K->566K(151552K)] 348420K->194400K(838528K), 0.0095920 secs] [Times: user=0.06 sys=0.00, real=0.01 secs] 
2014-07-16T10:26:02.173+0000: 1085.182: [GC [PSYoungGen: 151542K->808K(149056K)] 345376K->194706K(836032K), 0.0051470 secs] [Times: user=0.02 sys=0.00, real=0.01 secs] 
2014-07-16T10:26:02.700+0000: 1085.708: [GC [PSYoungGen: 149032K->512K(146048K)] 342930K->194514K(833024K), 0.0050350 secs] [Times: user=0.03 sys=0.00, real=0.00 secs] 
2014-07-16T10:26:03.240+0000: 1086.249: [GC [PSYoungGen: 146048K->608K(143552K)] 340050K->194714K(830528K), 0.0045010 secs] [Times: user=0.02 sys=0.01, real=0.00 secs] 
2014-07-16T10:26:03.759+0000: 1086.768: [GC [PSYoungGen: 143520K->416K(140864K)] 337626K->194586K(827840K), 0.0061390 secs] [Times: user=0.03 sys=0.00, real=0.00 secs] 
2014-07-16T10:26:04.276+0000: 1087.284: [GC [PSYoungGen: 140832K->676K(138688K)] 335002K->194918K(825664K), 0.0054790 secs] [Times: user=0.02 sys=0.00, real=0.01 secs] 
2014-07-16T10:26:04.755+0000: 1087.763: [GC [PSYoungGen: 138660K->466K(136128K)] 332902K->194788K(823104K), 0.0049510 secs] [Times: user=0.03 sys=0.00, real=0.01 secs] 
2014-07-16T10:26:05.249+0000: 1088.257: [GC [PSYoungGen: 136082K->644K(163456K)] 330404K->195038K(850432K), 0.0076380 secs] [Times: user=0.05 sys=0.00, real=0.01 secs] 
2014-07-16T10:26:05.892+0000: 1088.901: [GC [PSYoungGen: 163396K->876K(196224K)] 357790K->195342K(883200K), 0.0061220 secs] [Times: user=0.04 sys=0.01, real=0.00 secs] 
2014-07-16T10:26:06.586+0000: 1089.595: [GC [PSYoungGen: 196204K->626K(191808K)] 390670K->195156K(878784K), 0.0049490 secs] [Times: user=0.03 sys=0.00, real=0.01 secs] 
2014-07-16T10:26:07.269+0000: 1090.278: [GC [PSYoungGen: 191747K->1026K(188224K)] 386277K->195628K(875200K), 0.0060560 secs] [Times: user=0.04 sys=0.00, real=0.00 secs] 
2014-07-16T10:26:07.956+0000: 1090.965: [GC [PSYoungGen: 188153K->790K(184064K)] 382756K->195464K(871040K), 0.0035440 secs] [Times: user=0.01 sys=0.00, real=0.01 secs] 
2014-07-16T10:26:08.611+0000: 1091.619: [GC [PSYoungGen: 184013K->940K(180416K)] 378687K->195702K(867392K), 0.0029800 secs] [Times: user=0.02 sys=0.00, real=0.00 secs] 
2014-07-16T10:26:09.244+0000: 1092.253: [GC [PSYoungGen: 180394K->816K(176640K)] 375156K->195990K(863616K), 0.0101740 secs] [Times: user=0.05 sys=0.00, real=0.01 secs] 
2014-07-16T10:26:09.915+0000: 1092.923: [GC [PSYoungGen: 176614K->972K(212032K)] 371789K->196276K(899008K), 0.0109540 secs] [Times: user=0.07 sys=0.01, real=0.01 secs] 
2014-07-16T10:26:10.760+0000: 1093.768: [GC [PSYoungGen: 211980K->1004K(207296K)] 407284K->196558K(894272K), 0.0056890 secs] [Times: user=0.04 sys=0.00, real=0.00 secs] 
2014-07-16T10:26:11.423+0000: 1094.431: [GC [PSYoungGen: 207270K->944K(248512K)] 402825K->196610K(935488K), 0.0076810 secs] [Times: user=0.05 sys=0.00, real=0.01 secs] 
2014-07-16T10:26:12.310+0000: 1095.319: [GC [PSYoungGen: 248486K->516K(242112K)] 444153K->196296K(929088K), 0.0066050 secs] [Times: user=0.05 sys=0.00, real=0.00 secs] 
2014-07-16T10:26:13.185+0000: 1096.193: [GC [PSYoungGen: 242052K->544K(236288K)] 437832K->196388K(923264K), 0.0056820 secs] [Times: user=0.03 sys=0.00, real=0.01 secs] 
2014-07-16T10:26:14.057+0000: 1097.066: [GC [PSYoungGen: 236256K->626K(230784K)] 432100K->196510K(917760K), 0.0039410 secs] [Times: user=0.02 sys=0.00, real=0.01 secs] 
2014-07-16T10:26:14.900+0000: 1097.908: [GC [PSYoungGen: 230770K->384K(225152K)] 426654K->196308K(912128K), 0.0036960 secs] [Times: user=0.01 sys=0.00, real=0.01 secs] 
2014-07-16T10:26:15.819+0000: 1098.828: [GC [PSYoungGen: 225118K->1470K(221056K)] 421043K->197442K(908032K), 0.0076160 secs] [Times: user=0.04 sys=0.00, real=0.01 secs] 
2014-07-16T10:26:16.491+0000: 1099.500: [GC [PSYoungGen: 221054K->794K(215424K)] 417026K->196870K(902400K), 0.0032120 secs] [Times: user=0.02 sys=0.00, real=0.00 secs] 
2014-07-16T10:26:17.301+0000: 1100.309: [GC [PSYoungGen: 215386K->1022K(210752K)] 411462K->197146K(897728K), 0.0065950 secs] [Times: user=0.04 sys=0.00, real=0.00 secs] 
2014-07-16T10:26:18.039+0000: 1101.048: [GC [PSYoungGen: 210727K->866K(205952K)] 406852K->197054K(892928K), 0.0046220 secs] [Times: user=0.03 sys=0.00, real=0.01 secs] 
2014-07-16T10:26:18.821+0000: 1101.830: [GC [PSYoungGen: 205922K->1050K(201664K)] 402110K->197302K(888640K), 0.0042100 secs] [Times: user=0.01 sys=0.01, real=0.00 secs] 
2014-07-16T10:26:19.539+0000: 1102.547: [GC [PSYoungGen: 201626K->858K(197120K)] 397878K->197174K(884096K), 0.0071890 secs] [Times: user=0.04 sys=0.00, real=0.01 secs] 
2014-07-16T10:26:20.244+0000: 1103.252: [GC [PSYoungGen: 197051K->944K(192960K)] 393368K->197308K(879936K), 0.0036590 secs] [Times: user=0.01 sys=0.00, real=0.00 secs] 
2014-07-16T10:26:21.109+0000: 1104.118: [GC [PSYoungGen: 192944K->818K(188736K)] 389308K->197230K(875712K), 0.0062770 secs] [Times: user=0.03 sys=0.00, real=0.01 secs] 
2014-07-16T10:26:21.640+0000: 1104.648: [GC [PSYoungGen: 188720K->534K(184576K)] 385133K->196994K(871552K), 0.0078130 secs] [Times: user=0.04 sys=0.01, real=0.01 secs] 
2014-07-16T10:26:22.330+0000: 1105.338: [GC [PSYoungGen: 184534K->798K(181056K)] 380994K->197306K(868032K), 0.0064760 secs] [Times: user=0.04 sys=0.00, real=0.01 secs] 
2014-07-16T10:26:22.962+0000: 1105.971: [GC [PSYoungGen: 181022K->908K(177536K)] 377530K->197488K(864512K), 0.0049110 secs] [Times: user=0.02 sys=0.00, real=0.00 secs] 
2014-07-16T10:26:23.594+0000: 1106.602: [GC [PSYoungGen: 177484K->416K(173440K)] 374064K->197044K(860416K), 0.0056080 secs] [Times: user=0.03 sys=0.00, real=0.00 secs] 
2014-07-16T10:26:24.230+0000: 1107.238: [GC [PSYoungGen: 173408K->730K(170304K)] 370036K->197454K(857280K), 0.0046460 secs] [Times: user=0.02 sys=0.00, real=0.01 secs] 
2014-07-16T10:26:24.833+0000: 1107.842: [GC [PSYoungGen: 170266K->1062K(167296K)] 366990K->197850K(854272K), 0.0060220 secs] [Times: user=0.04 sys=0.00, real=0.00 secs] 
2014-07-16T10:26:25.427+0000: 1108.435: [GC [PSYoungGen: 167270K->676K(163712K)] 364058K->197560K(850688K), 0.0064550 secs] [Times: user=0.04 sys=0.00, real=0.01 secs] 
2014-07-16T10:26:26.097+0000: 1109.106: [GC [PSYoungGen: 163642K->1078K(160960K)] 360527K->198042K(847936K), 0.0051550 secs] [Times: user=0.03 sys=0.01, real=0.01 secs] 
2014-07-16T10:26:26.579+0000: 1109.588: [GC [PSYoungGen: 160942K->958K(157824K)] 357907K->198084K(844800K), 0.0045820 secs] [Times: user=0.03 sys=0.00, real=0.01 secs] 
2014-07-16T10:26:27.142+0000: 1110.150: [GC [PSYoungGen: 157797K->1154K(189504K)] 354924K->198360K(876480K), 0.0081340 secs] [Times: user=0.05 sys=0.00, real=0.01 secs] 
2014-07-16T10:26:27.837+0000: 1110.845: [GC [PSYoungGen: 189414K->684K(185024K)] 386621K->198194K(872000K), 0.0054510 secs] [Times: user=0.03 sys=0.00, real=0.01 secs] 
2014-07-16T10:26:28.509+0000: 1111.518: [GC [PSYoungGen: 185004K->768K(181248K)] 382514K->198374K(868224K), 0.0061160 secs] [Times: user=0.03 sys=0.00, real=0.01 secs] 
2014-07-16T10:26:29.153+0000: 1112.162: [GC [PSYoungGen: 181230K->626K(177408K)] 378837K->198320K(864384K), 0.0064330 secs] [Times: user=0.04 sys=0.00, real=0.00 secs] 
2014-07-16T10:26:29.798+0000: 1112.807: [GC [PSYoungGen: 177392K->598K(173824K)] 375087K->198356K(860800K), 0.0046260 secs] [Times: user=0.04 sys=0.00, real=0.01 secs] 
2014-07-16T10:26:30.437+0000: 1113.446: [GC [PSYoungGen: 173782K->1172K(170944K)] 371540K->199026K(857920K), 0.0062130 secs] [Times: user=0.04 sys=0.00, real=0.01 secs] 
2014-07-16T10:26:31.132+0000: 1114.141: [GC [PSYoungGen: 170885K->932K(167360K)] 368739K->198826K(854336K), 0.0044920 secs] [Times: user=0.01 sys=0.01, real=0.01 secs] 
2014-07-16T10:26:31.669+0000: 1114.677: [GC [PSYoungGen: 167331K->802K(163968K)] 365226K->199246K(850944K), 0.0076230 secs] [Times: user=0.05 sys=0.00, real=0.01 secs] 
2014-07-16T10:26:32.287+0000: 1115.296: [GC [PSYoungGen: 163938K->694K(160704K)] 362382K->199218K(847680K), 0.0053870 secs] [Times: user=0.04 sys=0.00, real=0.00 secs] 
2014-07-16T10:26:32.853+0000: 1115.861: [GC [PSYoungGen: 160694K->1016K(158016K)] 359218K->199697K(844992K), 0.0057030 secs] [Times: user=0.04 sys=0.00, real=0.01 secs] 
2014-07-16T10:26:33.422+0000: 1116.431: [GC [PSYoungGen: 158008K->786K(189248K)] 356689K->199546K(876224K), 0.0175510 secs] [Times: user=0.12 sys=0.00, real=0.02 secs] 
2014-07-16T10:26:34.128+0000: 1117.136: [GC [PSYoungGen: 189202K->808K(226944K)] 387962K->199640K(913920K), 0.0056040 secs] [Times: user=0.04 sys=0.00, real=0.01 secs] 
2014-07-16T10:26:34.940+0000: 1117.949: [GC [PSYoungGen: 226920K->690K(242816K)] 425752K->199618K(929792K), 0.0050480 secs] [Times: user=0.03 sys=0.01, real=0.01 secs] 
2014-07-16T10:26:35.807+0000: 1118.816: [GC [PSYoungGen: 242034K->1112K(236672K)] 440962K->200129K(923648K), 0.0047120 secs] [Times: user=0.03 sys=0.00, real=0.00 secs] 
2014-07-16T10:26:36.670+0000: 1119.678: [GC [PSYoungGen: 236617K->694K(230656K)] 435634K->199790K(917632K), 0.0076620 secs] [Times: user=0.04 sys=0.00, real=0.01 secs] 
2014-07-16T10:26:37.506+0000: 1120.515: [GC [PSYoungGen: 230639K->930K(225536K)] 429735K->200123K(912512K), 0.0030980 secs] [Times: user=0.01 sys=0.01, real=0.00 secs] 
2014-07-16T10:26:38.316+0000: 1121.325: [GC [PSYoungGen: 225493K->562K(219968K)] 424685K->199818K(906944K), 0.0049050 secs] [Times: user=0.03 sys=0.00, real=0.00 secs] 
2014-07-16T10:26:39.111+0000: 1122.119: [GC [PSYoungGen: 219925K->598K(215040K)] 419182K->199926K(902016K), 0.0067270 secs] [Times: user=0.03 sys=0.01, real=0.01 secs] 
2014-07-16T10:26:39.883+0000: 1122.892: [GC [PSYoungGen: 214998K->762K(210304K)] 414326K->200138K(897280K), 0.0033160 secs] [Times: user=0.01 sys=0.00, real=0.01 secs] 
2014-07-16T10:26:40.651+0000: 1123.659: [GC [PSYoungGen: 210202K->944K(205824K)] 409579K->200400K(892800K), 0.0053860 secs] [Times: user=0.03 sys=0.00, real=0.01 secs] 
2014-07-16T10:26:41.474+0000: 1124.483: [GC [PSYoungGen: 205807K->1326K(201728K)] 405264K->200871K(888704K), 0.0030180 secs] [Times: user=0.01 sys=0.00, real=0.00 secs] 
2014-07-16T10:26:42.217+0000: 1125.225: [GC [PSYoungGen: 201710K->448K(196480K)] 401255K->200176K(883456K), 0.0049010 secs] [Times: user=0.03 sys=0.01, real=0.00 secs] 
2014-07-16T10:26:42.901+0000: 1125.909: [GC [PSYoungGen: 196480K->944K(192768K)] 396208K->200712K(879744K), 0.0121070 secs] [Times: user=0.07 sys=0.00, real=0.01 secs] 
2014-07-16T10:26:43.618+0000: 1126.627: [GC [PSYoungGen: 192752K->708K(188544K)] 392520K->200664K(875520K), 0.0075030 secs] [Times: user=0.05 sys=0.00, real=0.01 secs] 
2014-07-16T10:26:44.288+0000: 1127.297: [GC [PSYoungGen: 188484K->758K(184640K)] 388440K->200810K(871616K), 0.0041840 secs] [Times: user=0.01 sys=0.00, real=0.00 secs] 
2014-07-16T10:26:44.942+0000: 1127.950: [GC [PSYoungGen: 184630K->530K(180672K)] 384682K->200654K(867648K), 0.0069770 secs] [Times: user=0.04 sys=0.00, real=0.01 secs] 
2014-07-16T10:26:45.562+0000: 1128.570: [GC [PSYoungGen: 180626K->798K(177280K)] 380750K->201003K(864256K), 0.0036980 secs] [Times: user=0.02 sys=0.00, real=0.01 secs] 
2014-07-16T10:26:46.203+0000: 1129.211: [GC [PSYoungGen: 177246K->804K(173696K)] 377451K->201080K(860672K), 0.0040860 secs] [Times: user=0.02 sys=0.00, real=0.02 secs] 
2014-07-16T10:26:46.850+0000: 1129.858: [GC [PSYoungGen: 173668K->1262K(170688K)] 373944K->201893K(857664K), 0.0045010 secs] [Times: user=0.02 sys=0.00, real=0.00 secs] 
2014-07-16T10:26:47.455+0000: 1130.463: [GC [PSYoungGen: 170670K->484K(166592K)] 371301K->201194K(853568K), 0.0076590 secs] [Times: user=0.05 sys=0.00, real=0.01 secs] 
2014-07-16T10:26:48.076+0000: 1131.084: [GC [PSYoungGen: 166559K->1510K(164416K)] 367270K->202301K(851392K), 0.0039210 secs] [Times: user=0.02 sys=0.01, real=0.00 secs] 
2014-07-16T10:26:48.648+0000: 1131.657: [GC [PSYoungGen: 164390K->726K(160512K)] 365181K->201605K(847488K), 0.0079040 secs] [Times: user=0.06 sys=0.00, real=0.01 secs] 
2014-07-16T10:26:49.210+0000: 1132.218: [GC [PSYoungGen: 160470K->1112K(157888K)] 361349K->202095K(844864K), 0.0043070 secs] [Times: user=0.02 sys=0.00, real=0.00 secs] 
2014-07-16T10:26:49.778+0000: 1132.786: [GC [PSYoungGen: 157848K->480K(154304K)] 358831K->201518K(841280K), 0.0064200 secs] [Times: user=0.04 sys=0.00, real=0.00 secs] 
2014-07-16T10:26:50.337+0000: 1133.346: [GC [PSYoungGen: 154272K->972K(185600K)] 355310K->202083K(872576K), 0.0071760 secs] [Times: user=0.05 sys=0.00, real=0.00 secs] 
2014-07-16T10:26:51.006+0000: 1134.015: [GC [PSYoungGen: 185512K->784K(181568K)] 386623K->201943K(868544K), 0.0036090 secs] [Times: user=0.02 sys=0.00, real=0.00 secs] 
2014-07-16T10:26:51.723+0000: 1134.732: [GC [PSYoungGen: 181520K->448K(177472K)] 382679K->201670K(864448K), 0.0052930 secs] [Times: user=0.03 sys=0.00, real=0.01 secs] 
2014-07-16T10:26:52.367+0000: 1135.376: [GC [PSYoungGen: 177472K->530K(174016K)] 378694K->201824K(860992K), 0.0037980 secs] [Times: user=0.01 sys=0.00, real=0.00 secs] 
2014-07-16T10:26:52.984+0000: 1135.992: [GC [PSYoungGen: 173959K->752K(170752K)] 375253K->202095K(857728K), 0.0051560 secs] [Times: user=0.03 sys=0.00, real=0.01 secs] 
2014-07-16T10:26:53.605+0000: 1136.614: [GC [PSYoungGen: 170736K->698K(167360K)] 372079K->202097K(854336K), 0.0052080 secs] [Times: user=0.03 sys=0.00, real=0.01 secs] 
2014-07-16T10:26:54.207+0000: 1137.216: [GC [PSYoungGen: 167353K->498K(163904K)] 368751K->201952K(850880K), 0.0060700 secs] [Times: user=0.04 sys=0.00, real=0.00 secs] 
2014-07-16T10:26:54.795+0000: 1137.804: [GC [PSYoungGen: 163890K->580K(160896K)] 365344K->202106K(847872K), 0.0033820 secs] [Times: user=0.02 sys=0.00, real=0.01 secs] 
2014-07-16T10:26:55.374+0000: 1138.382: [GC [PSYoungGen: 160836K->1208K(158400K)] 362362K->202831K(845376K), 0.0034670 secs] [Times: user=0.02 sys=0.00, real=0.01 secs] 
2014-07-16T10:26:55.948+0000: 1138.956: [GC [PSYoungGen: 158371K->616K(154880K)] 359994K->202287K(841856K), 0.0065600 secs] [Times: user=0.03 sys=0.00, real=0.00 secs] 
2014-07-16T10:26:56.583+0000: 1139.591: [GC [PSYoungGen: 154856K->1026K(152448K)] 356527K->202761K(839424K), 0.0083310 secs] [Times: user=0.05 sys=0.00, real=0.01 secs] 
2014-07-16T10:26:57.127+0000: 1140.135: [GC [PSYoungGen: 152386K->576K(149184K)] 354121K->202398K(836160K), 0.0033590 secs] [Times: user=0.02 sys=0.00, real=0.00 secs] 
2014-07-16T10:26:57.662+0000: 1140.671: [GC [PSYoungGen: 149148K->676K(146624K)] 350971K->202562K(833600K), 0.0057920 secs] [Times: user=0.04 sys=0.00, real=0.01 secs] 
2014-07-16T10:26:58.203+0000: 1141.211: [GC [PSYoungGen: 146596K->1326K(144640K)] 348482K->203309K(831616K), 0.0053130 secs] [Times: user=0.03 sys=0.01, real=0.01 secs] 
2014-07-16T10:26:58.720+0000: 1141.729: [GC [PSYoungGen: 144622K->716K(172736K)] 346605K->202739K(859712K), 0.0150200 secs] [Times: user=0.10 sys=0.00, real=0.01 secs] 
2014-07-16T10:26:59.349+0000: 1142.357: [GC [PSYoungGen: 172684K->598K(207040K)] 374707K->202677K(894016K), 0.0083750 secs] [Times: user=0.05 sys=0.00, real=0.01 secs] 
2014-07-16T10:27:00.094+0000: 1143.102: [GC [PSYoungGen: 206930K->1140K(248832K)] 409009K->203291K(935808K), 0.0035310 secs] [Times: user=0.01 sys=0.00, real=0.01 secs] 
2014-07-16T10:27:01.000+0000: 1144.008: [GC [PSYoungGen: 248820K->576K(249600K)] 450971K->202806K(936576K), 0.0058430 secs] [Times: user=0.03 sys=0.01, real=0.00 secs] 
2014-07-16T10:27:01.952+0000: 1144.961: [GC [PSYoungGen: 248960K->680K(243008K)] 451190K->202999K(929984K), 0.0068020 secs] [Times: user=0.04 sys=0.00, real=0.01 secs] 
2014-07-16T10:27:02.868+0000: 1145.876: [GC [PSYoungGen: 242940K->786K(237312K)] 445259K->203176K(924288K), 0.0060280 secs] [Times: user=0.03 sys=0.01, real=0.00 secs] 
2014-07-16T10:27:03.700+0000: 1146.708: [GC [PSYoungGen: 237169K->744K(231616K)] 439560K->203230K(918592K), 0.0042290 secs] [Times: user=0.03 sys=0.00, real=0.00 secs] 
2014-07-16T10:27:04.540+0000: 1147.548: [GC [PSYoungGen: 231537K->1018K(226432K)] 434024K->203593K(913408K), 0.0030430 secs] [Times: user=0.01 sys=0.00, real=0.00 secs] 
2014-07-16T10:27:05.357+0000: 1148.365: [GC [PSYoungGen: 226379K->776K(220992K)] 428954K->203423K(907968K), 0.0056410 secs] [Times: user=0.03 sys=0.00, real=0.01 secs] 
2014-07-16T10:27:06.162+0000: 1149.170: [GC [PSYoungGen: 220936K->926K(216064K)] 423583K->203661K(903040K), 0.0059610 secs] [Times: user=0.03 sys=0.00, real=0.01 secs] 
2014-07-16T10:27:07.020+0000: 1150.028: [GC [PSYoungGen: 216030K->762K(211008K)] 418765K->203552K(897984K), 0.0054000 secs] [Times: user=0.04 sys=0.00, real=0.00 secs] 
2014-07-16T10:27:07.754+0000: 1150.762: [GC [PSYoungGen: 210991K->690K(206272K)] 413782K->203560K(893248K), 0.0045180 secs] [Times: user=0.03 sys=0.00, real=0.01 secs] 
2014-07-16T10:27:08.509+0000: 1151.518: [GC [PSYoungGen: 206240K->562K(201600K)] 409111K->203496K(888576K), 0.0060670 secs] [Times: user=0.04 sys=0.00, real=0.00 secs] 
2014-07-16T10:27:09.250+0000: 1152.258: [GC [PSYoungGen: 201586K->990K(197696K)] 404520K->204005K(884672K), 0.0077330 secs] [Times: user=0.04 sys=0.00, real=0.00 secs] 
2014-07-16T10:27:09.946+0000: 1152.955: [GC [PSYoungGen: 197662K->544K(193024K)] 400677K->203646K(880000K), 0.0066210 secs] [Times: user=0.04 sys=0.00, real=0.01 secs] 
2014-07-16T10:27:10.656+0000: 1153.664: [GC [PSYoungGen: 192990K->844K(189248K)] 396093K->204043K(876224K), 0.0094540 secs] [Times: user=0.06 sys=0.00, real=0.01 secs] 
2014-07-16T10:27:11.322+0000: 1154.331: [GC [PSYoungGen: 189196K->1208K(185600K)] 392395K->204671K(872576K), 0.0051760 secs] [Times: user=0.02 sys=0.00, real=0.00 secs] 
2014-07-16T10:27:12.027+0000: 1155.035: [GC [PSYoungGen: 185589K->492K(181056K)] 389052K->204351K(868032K), 0.0047600 secs] [Times: user=0.03 sys=0.00, real=0.01 secs] 
2014-07-16T10:27:12.722+0000: 1155.731: [GC [PSYoungGen: 181036K->1328K(178176K)] 384895K->205267K(865152K), 0.0104490 secs] [Times: user=0.07 sys=0.00, real=0.01 secs] 
2014-07-16T10:27:13.340+0000: 1156.349: [GC [PSYoungGen: 178160K->894K(174144K)] 382099K->205211K(861120K), 0.0060050 secs] [Times: user=0.03 sys=0.00, real=0.00 secs] 
2014-07-16T10:27:13.985+0000: 1156.993: [GC [PSYoungGen: 174142K->1168K(171008K)] 378459K->205549K(857984K), 0.0055370 secs] [Times: user=0.03 sys=0.00, real=0.01 secs] 
2014-07-16T10:27:14.586+0000: 1157.594: [GC [PSYoungGen: 170960K->740K(204544K)] 375341K->205169K(891520K), 0.0080190 secs] [Times: user=0.03 sys=0.00, real=0.01 secs] 
2014-07-16T10:27:15.318+0000: 1158.326: [GC [PSYoungGen: 204506K->944K(240576K)] 408935K->205461K(927552K), 0.0088490 secs] [Times: user=0.05 sys=0.00, real=0.01 secs] 
2014-07-16T10:27:16.194+0000: 1159.203: [GC [PSYoungGen: 239920K->780K(234112K)] 444437K->205353K(921088K), 0.0060750 secs] [Times: user=0.03 sys=0.00, real=0.01 secs] 
2014-07-16T10:27:17.048+0000: 1160.056: [GC [PSYoungGen: 234060K->448K(228224K)] 438633K->205077K(915200K), 0.0047610 secs] [Times: user=0.02 sys=0.00, real=0.01 secs] 
2014-07-16T10:27:17.859+0000: 1160.868: [GC [PSYoungGen: 228224K->780K(223296K)] 432853K->205505K(910272K), 0.0073360 secs] [Times: user=0.05 sys=0.00, real=0.01 secs] 
2014-07-16T10:27:18.654+0000: 1161.663: [GC [PSYoungGen: 223244K->962K(218368K)] 427969K->205783K(905344K), 0.0052060 secs] [Times: user=0.03 sys=0.00, real=0.00 secs] 
2014-07-16T10:27:19.430+0000: 1162.438: [GC [PSYoungGen: 218295K->1020K(213440K)] 423117K->205881K(900416K), 0.0062480 secs] [Times: user=0.03 sys=0.00, real=0.01 secs] 
2014-07-16T10:27:20.226+0000: 1163.235: [GC [PSYoungGen: 213436K->848K(208576K)] 418297K->205741K(895552K), 0.0051930 secs] [Times: user=0.01 sys=0.00, real=0.01 secs] 
2014-07-16T10:27:20.964+0000: 1163.973: [GC [PSYoungGen: 208528K->1004K(204096K)] 413421K->205985K(891072K), 0.0077160 secs] [Times: user=0.05 sys=0.01, real=0.01 secs] 
2014-07-16T10:27:21.699+0000: 1164.708: [GC [PSYoungGen: 204076K->702K(199360K)] 409057K->205739K(886336K), 0.0030230 secs] [Times: user=0.02 sys=0.00, real=0.01 secs] 
2014-07-16T10:27:22.465+0000: 1165.474: [GC [PSYoungGen: 199352K->594K(195008K)] 404389K->205727K(881984K), 0.0032130 secs] [Times: user=0.01 sys=0.00, real=0.00 secs] 
2014-07-16T10:27:23.185+0000: 1166.194: [GC [PSYoungGen: 194887K->804K(191040K)] 400020K->206041K(878016K), 0.0056460 secs] [Times: user=0.04 sys=0.00, real=0.01 secs] 
2014-07-16T10:27:23.895+0000: 1166.903: [GC [PSYoungGen: 191012K->694K(186880K)] 396249K->206027K(873856K), 0.0047190 secs] [Times: user=0.03 sys=0.00, real=0.00 secs] 
2014-07-16T10:27:24.588+0000: 1167.596: [GC [PSYoungGen: 186870K->1008K(183296K)] 392203K->206429K(870272K), 0.0045050 secs] [Times: user=0.03 sys=0.00, real=0.01 secs] 
2014-07-16T10:27:25.244+0000: 1168.252: [GC [PSYoungGen: 183261K->1002K(179584K)] 388682K->206535K(866560K), 0.0029220 secs] [Times: user=0.02 sys=0.00, real=0.00 secs] 
2014-07-16T10:27:25.898+0000: 1168.906: [GC [PSYoungGen: 179562K->822K(175744K)] 385095K->206427K(862720K), 0.0094960 secs] [Times: user=0.06 sys=0.00, real=0.01 secs] 
2014-07-16T10:27:26.540+0000: 1169.548: [GC [PSYoungGen: 175698K->690K(172096K)] 381303K->206367K(859072K), 0.0049820 secs] [Times: user=0.02 sys=0.00, real=0.01 secs] 
2014-07-16T10:27:27.160+0000: 1170.168: [GC [PSYoungGen: 172082K->448K(168448K)] 377759K->206229K(855424K), 0.0074000 secs] [Times: user=0.05 sys=0.00, real=0.01 secs] 
2014-07-16T10:27:27.780+0000: 1170.788: [GC [PSYoungGen: 168409K->858K(165632K)] 374191K->206735K(852608K), 0.0031880 secs] [Times: user=0.02 sys=0.00, real=0.01 secs] 
2014-07-16T10:27:28.389+0000: 1171.398: [GC [PSYoungGen: 165594K->434K(198144K)] 371471K->206359K(885120K), 0.0129830 secs] [Times: user=0.09 sys=0.00, real=0.02 secs] 
2014-07-16T10:27:29.114+0000: 1172.122: [GC [PSYoungGen: 198079K->940K(235648K)] 404004K->206969K(922624K), 0.0062060 secs] [Times: user=0.05 sys=0.00, real=0.00 secs] 
2014-07-16T10:27:29.962+0000: 1172.970: [GC [PSYoungGen: 235244K->1340K(230080K)] 441273K->207539K(917056K), 0.0070200 secs] [Times: user=0.04 sys=0.00, real=0.00 secs] 
2014-07-16T10:27:30.786+0000: 1173.795: [GC [PSYoungGen: 230076K->64K(223424K)] 436275K->207268K(910400K), 0.0036610 secs] [Times: user=0.02 sys=0.00, real=0.00 secs] 
2014-07-16T10:27:31.582+0000: 1174.590: [GC [PSYoungGen: 223424K->1272K(219456K)] 430628K->208509K(906432K), 0.0048400 secs] [Times: user=0.02 sys=0.01, real=0.00 secs] 
2014-07-16T10:27:32.522+0000: 1175.530: [GC [PSYoungGen: 219447K->758K(213952K)] 426683K->208415K(900928K), 0.0047490 secs] [Times: user=0.03 sys=0.00, real=0.01 secs] 
2014-07-16T10:27:33.296+0000: 1176.304: [GC [PSYoungGen: 213942K->736K(209152K)] 421599K->208448K(896128K), 0.0102890 secs] [Times: user=0.06 sys=0.00, real=0.01 secs] 
2014-07-16T10:27:34.094+0000: 1177.103: [GC [PSYoungGen: 209112K->1108K(204928K)] 416825K->208901K(891904K), 0.0035890 secs] [Times: user=0.02 sys=0.00, real=0.00 secs] 
2014-07-16T10:27:34.902+0000: 1177.911: [GC [PSYoungGen: 204864K->940K(200256K)] 412657K->208805K(887232K), 0.0066500 secs] [Times: user=0.03 sys=0.00, real=0.00 secs] 
2014-07-16T10:27:35.575+0000: 1178.584: [GC [PSYoungGen: 200194K->1054K(196096K)] 408059K->209091K(883072K), 0.0103430 secs] [Times: user=0.06 sys=0.00, real=0.01 secs] 
2014-07-16T10:27:36.271+0000: 1179.279: [GC [PSYoungGen: 196062K->498K(191360K)] 404099K->208591K(878336K), 0.0064950 secs] [Times: user=0.03 sys=0.00, real=0.01 secs] 
2014-07-16T10:27:36.982+0000: 1179.990: [GC [PSYoungGen: 191346K->594K(187456K)] 399439K->208759K(874432K), 0.0057280 secs] [Times: user=0.03 sys=0.00, real=0.01 secs] 
2014-07-16T10:27:37.654+0000: 1180.662: [GC [PSYoungGen: 187410K->766K(183680K)] 395575K->208987K(870656K), 0.0067030 secs] [Times: user=0.05 sys=0.00, real=0.00 secs] 
2014-07-16T10:27:38.322+0000: 1181.330: [GC [PSYoungGen: 183676K->566K(179712K)] 391897K->208859K(866688K), 0.0059910 secs] [Times: user=0.04 sys=0.00, real=0.01 secs] 
2014-07-16T10:27:38.975+0000: 1181.983: [GC [PSYoungGen: 179701K->894K(176384K)] 387994K->209283K(863360K), 0.0066570 secs] [Times: user=0.05 sys=0.00, real=0.00 secs] 
2014-07-16T10:27:39.611+0000: 1182.620: [GC [PSYoungGen: 176382K->772K(172800K)] 384771K->209217K(859776K), 0.0068100 secs] [Times: user=0.01 sys=0.00, real=0.01 secs] 
2014-07-16T10:27:40.233+0000: 1183.242: [GC [PSYoungGen: 172740K->626K(169216K)] 381185K->209135K(856192K), 0.0049620 secs] [Times: user=0.02 sys=0.00, real=0.00 secs] 
2014-07-16T10:27:40.846+0000: 1183.854: [GC [PSYoungGen: 169188K->894K(166144K)] 377697K->209491K(853120K), 0.0038580 secs] [Times: user=0.02 sys=0.00, real=0.00 secs] 
2014-07-16T10:27:41.434+0000: 1184.442: [GC [PSYoungGen: 166142K->1022K(163072K)] 374739K->209715K(850048K), 0.0034620 secs] [Times: user=0.02 sys=0.00, real=0.00 secs] 
2014-07-16T10:27:42.028+0000: 1185.036: [GC [PSYoungGen: 163070K->694K(159680K)] 371763K->209467K(846656K), 0.0062050 secs] [Times: user=0.04 sys=0.00, real=0.01 secs] 
2014-07-16T10:27:42.633+0000: 1185.642: [GC [PSYoungGen: 159670K->812K(156800K)] 368443K->209665K(843776K), 0.0091950 secs] [Times: user=0.07 sys=0.00, real=0.00 secs] 
2014-07-16T10:27:43.188+0000: 1186.197: [GC [PSYoungGen: 156776K->598K(187840K)] 365629K->209499K(874816K), 0.0115200 secs] [Times: user=0.07 sys=0.00, real=0.01 secs] 
2014-07-16T10:27:43.864+0000: 1186.872: [GC [PSYoungGen: 187757K->776K(223360K)] 396658K->209765K(910336K), 0.0082470 secs] [Times: user=0.04 sys=0.00, real=0.01 secs] 
2014-07-16T10:27:44.657+0000: 1187.665: [GC [PSYoungGen: 222856K->452K(225920K)] 431845K->209473K(912896K), 0.0054330 secs] [Times: user=0.02 sys=0.00, real=0.00 secs] 
2014-07-16T10:27:45.480+0000: 1188.488: [GC [PSYoungGen: 225092K->768K(225920K)] 434113K->209884K(912896K), 0.0065160 secs] [Times: user=0.04 sys=0.00, real=0.01 secs] 
2014-07-16T10:27:46.288+0000: 1189.296: [GC [PSYoungGen: 225406K->548K(220032K)] 434523K->209721K(907008K), 0.0040050 secs] [Times: user=0.02 sys=0.00, real=0.00 secs] 
2014-07-16T10:27:47.095+0000: 1190.103: [GC [PSYoungGen: 219940K->726K(215232K)] 429113K->209979K(902208K), 0.0055520 secs] [Times: user=0.03 sys=0.00, real=0.00 secs] 
2014-07-16T10:27:47.876+0000: 1190.884: [GC [PSYoungGen: 215190K->1112K(210752K)] 424443K->210429K(897728K), 0.0072380 secs] [Times: user=0.03 sys=0.00, real=0.00 secs] 
2014-07-16T10:27:48.631+0000: 1191.640: [GC [PSYoungGen: 210701K->658K(205632K)] 420018K->210063K(892608K), 0.0054240 secs] [Times: user=0.02 sys=0.00, real=0.01 secs] 
2014-07-16T10:27:49.374+0000: 1192.382: [GC [PSYoungGen: 205558K->658K(201152K)] 414963K->210119K(888128K), 0.0061300 secs] [Times: user=0.03 sys=0.00, real=0.01 secs] 
2014-07-16T10:27:50.104+0000: 1193.113: [GC [PSYoungGen: 201106K->576K(196672K)] 410567K->210116K(883648K), 0.0056340 secs] [Times: user=0.03 sys=0.00, real=0.01 secs] 
2014-07-16T10:27:50.817+0000: 1193.825: [GC [PSYoungGen: 196672K->544K(192448K)] 406212K->210148K(879424K), 0.0030410 secs] [Times: user=0.02 sys=0.00, real=0.00 secs] 
2014-07-16T10:27:51.510+0000: 1194.518: [GC [PSYoungGen: 192416K->816K(188672K)] 402020K->210453K(875648K), 0.0049320 secs] [Times: user=0.01 sys=0.00, real=0.00 secs] 
2014-07-16T10:27:52.170+0000: 1195.178: [GC [PSYoungGen: 188654K->940K(184896K)] 398291K->210665K(871872K), 0.0065690 secs] [Times: user=0.04 sys=0.00, real=0.01 secs] 
2014-07-16T10:27:52.950+0000: 1195.958: [GC [PSYoungGen: 184876K->530K(180736K)] 394601K->210311K(867712K), 0.0082670 secs] [Times: user=0.05 sys=0.00, real=0.01 secs] 
2014-07-16T10:27:53.610+0000: 1196.618: [GC [PSYoungGen: 180690K->922K(177472K)] 390471K->210759K(864448K), 0.0054600 secs] [Times: user=0.02 sys=0.01, real=0.01 secs] 
2014-07-16T10:27:54.257+0000: 1197.266: [GC [PSYoungGen: 177434K->534K(173504K)] 387271K->210419K(860480K), 0.0068500 secs] [Times: user=0.03 sys=0.01, real=0.00 secs] 
2014-07-16T10:27:54.891+0000: 1197.900: [GC [PSYoungGen: 173462K->634K(170112K)] 383347K->210567K(857088K), 0.0065580 secs] [Times: user=0.04 sys=0.00, real=0.01 secs] 
2014-07-16T10:27:55.522+0000: 1198.530: [GC [PSYoungGen: 170091K->1186K(167360K)] 380024K->211363K(854336K), 0.0070250 secs] [Times: user=0.05 sys=0.00, real=0.01 secs] 
2014-07-16T10:27:56.116+0000: 1199.124: [GC [PSYoungGen: 167317K->620K(163584K)] 377494K->210861K(850560K), 0.0057590 secs] [Times: user=0.03 sys=0.00, real=0.00 secs] 
2014-07-16T10:27:56.688+0000: 1199.696: [GC [PSYoungGen: 163522K->534K(160384K)] 373763K->210881K(847360K), 0.0033130 secs] [Times: user=0.02 sys=0.00, real=0.00 secs] 
2014-07-16T10:27:57.262+0000: 1200.270: [GC [PSYoungGen: 160322K->448K(157248K)] 370669K->210867K(844224K), 0.0032660 secs] [Times: user=0.02 sys=0.00, real=0.01 secs] 
2014-07-16T10:27:57.873+0000: 1200.882: [GC [PSYoungGen: 157248K->736K(154624K)] 367667K->211235K(841600K), 0.0065140 secs] [Times: user=0.04 sys=0.00, real=0.01 secs] 
2014-07-16T10:27:58.421+0000: 1201.429: [GC [PSYoungGen: 154592K->672K(151744K)] 365091K->211243K(838720K), 0.0059520 secs] [Times: user=0.04 sys=0.00, real=0.01 secs] 
2014-07-16T10:27:58.975+0000: 1201.984: [GC [PSYoungGen: 151712K->822K(149120K)] 362283K->211465K(836096K), 0.0064460 secs] [Times: user=0.04 sys=0.00, real=0.01 secs] 
2014-07-16T10:27:59.504+0000: 1202.512: [GC [PSYoungGen: 149090K->1062K(179072K)] 359733K->211867K(866048K), 0.0069440 secs] [Times: user=0.04 sys=0.01, real=0.01 secs] 
2014-07-16T10:28:00.188+0000: 1203.196: [GC [PSYoungGen: 179046K->1260K(175680K)] 389851K->212121K(862656K), 0.0053730 secs] [Times: user=0.02 sys=0.00, real=0.00 secs] 
2014-07-16T10:28:00.780+0000: 1203.788: [GC [PSYoungGen: 175660K->498K(171456K)] 386521K->211471K(858432K), 0.0049950 secs] [Times: user=0.03 sys=0.00, real=0.00 secs] 
2014-07-16T10:28:01.400+0000: 1204.409: [GC [PSYoungGen: 171442K->1048K(168640K)] 382415K->212101K(855616K), 0.0051740 secs] [Times: user=0.03 sys=0.00, real=0.00 secs] 
2014-07-16T10:28:01.995+0000: 1205.004: [GC [PSYoungGen: 168600K->612K(164928K)] 379653K->211811K(851904K), 0.0067770 secs] [Times: user=0.05 sys=0.00, real=0.01 secs] 
2014-07-16T10:28:02.673+0000: 1205.682: [GC [PSYoungGen: 164900K->1272K(198464K)] 376099K->212535K(885440K), 0.0090660 secs] [Times: user=0.06 sys=0.00, real=0.01 secs] 
2014-07-16T10:28:03.376+0000: 1206.385: [GC [PSYoungGen: 198456K->990K(193984K)] 409719K->212333K(880960K), 0.0055050 secs] [Times: user=0.03 sys=0.00, real=0.01 secs] 
2014-07-16T10:28:04.080+0000: 1207.089: [GC [PSYoungGen: 193939K->908K(189824K)] 405282K->212323K(876800K), 0.0058440 secs] [Times: user=0.04 sys=0.00, real=0.00 secs] 
2014-07-16T10:28:04.764+0000: 1207.773: [GC [PSYoungGen: 189772K->848K(227584K)] 401187K->212327K(914560K), 0.0108150 secs] [Times: user=0.07 sys=0.01, real=0.01 secs] 
2014-07-16T10:28:05.574+0000: 1208.582: [GC [PSYoungGen: 227536K->658K(222144K)] 439015K->212217K(909120K), 0.0033960 secs] [Times: user=0.02 sys=0.00, real=0.01 secs] 
2014-07-16T10:28:06.393+0000: 1209.402: [GC [PSYoungGen: 222089K->616K(217024K)] 433648K->212247K(904000K), 0.0040620 secs] [Times: user=0.02 sys=0.00, real=0.01 secs] 
2014-07-16T10:28:07.177+0000: 1210.186: [GC [PSYoungGen: 217000K->1244K(212736K)] 428631K->212987K(899712K), 0.0050670 secs] [Times: user=0.03 sys=0.00, real=0.00 secs] 
2014-07-16T10:28:08.003+0000: 1211.011: [GC [PSYoungGen: 212700K->930K(207680K)] 424443K->212997K(894656K), 0.0088830 secs] [Times: user=0.06 sys=0.00, real=0.02 secs] 
2014-07-16T10:28:08.754+0000: 1211.763: [GC [PSYoungGen: 207650K->594K(202816K)] 419717K->212701K(889792K), 0.0050120 secs] [Times: user=0.02 sys=0.00, real=0.01 secs] 
2014-07-16T10:28:09.480+0000: 1212.489: [GC [PSYoungGen: 202770K->480K(198272K)] 414877K->212733K(885248K), 0.0065700 secs] [Times: user=0.05 sys=0.00, real=0.00 secs] 
2014-07-16T10:28:10.202+0000: 1213.211: [GC [PSYoungGen: 198240K->512K(193984K)] 410493K->212869K(880960K), 0.0036100 secs] [Times: user=0.02 sys=0.01, real=0.00 secs] 
2014-07-16T10:28:10.946+0000: 1213.954: [GC [PSYoungGen: 193984K->1054K(190464K)] 406341K->213475K(877440K), 0.0041770 secs] [Times: user=0.01 sys=0.00, real=0.01 secs] 
2014-07-16T10:28:11.619+0000: 1214.627: [GC [PSYoungGen: 190430K->1598K(187008K)] 402851K->214223K(873984K), 0.0044310 secs] [Times: user=0.02 sys=0.00, real=0.00 secs] 
2014-07-16T10:28:12.289+0000: 1215.297: [GC [PSYoungGen: 187006K->552K(182144K)] 399631K->213795K(869120K), 0.0046420 secs] [Times: user=0.02 sys=0.00, real=0.00 secs] 
2014-07-16T10:28:12.987+0000: 1215.995: [GC [PSYoungGen: 182120K->1026K(178944K)] 395363K->214325K(865920K), 0.0034350 secs] [Times: user=0.02 sys=0.00, real=0.01 secs] 
2014-07-16T10:28:13.631+0000: 1216.640: [GC [PSYoungGen: 178804K->744K(175040K)] 392103K->214157K(862016K), 0.0052480 secs] [Times: user=0.03 sys=0.00, real=0.00 secs] 
2014-07-16T10:28:14.271+0000: 1217.280: [GC [PSYoungGen: 175016K->1190K(172032K)] 388429K->214667K(859008K), 0.0049040 secs] [Times: user=0.03 sys=0.00, real=0.00 secs] 
2014-07-16T10:28:14.914+0000: 1217.922: [GC [PSYoungGen: 172006K->1080K(168512K)] 385483K->214605K(855488K), 0.0044540 secs] [Times: user=0.02 sys=0.01, real=0.01 secs] 
2014-07-16T10:28:15.564+0000: 1218.572: [GC [PSYoungGen: 168504K->976K(165184K)] 382029K->214581K(852160K), 0.0074180 secs] [Times: user=0.04 sys=0.00, real=0.01 secs] 
2014-07-16T10:28:16.184+0000: 1219.193: [GC [PSYoungGen: 165136K->690K(161728K)] 378741K->214367K(848704K), 0.0048290 secs] [Times: user=0.02 sys=0.00, real=0.01 secs] 
2014-07-16T10:28:16.751+0000: 1219.760: [GC [PSYoungGen: 161714K->612K(158592K)] 375391K->214353K(845568K), 0.0036310 secs] [Times: user=0.02 sys=0.00, real=0.00 secs] 
2014-07-16T10:28:17.324+0000: 1220.332: [GC [PSYoungGen: 158564K->840K(155904K)] 372305K->214645K(842880K), 0.0039650 secs] [Times: user=0.02 sys=0.01, real=0.00 secs] 
2014-07-16T10:28:17.930+0000: 1220.939: [GC [PSYoungGen: 155830K->1394K(153536K)] 369635K->215239K(840512K), 0.0093710 secs] [Times: user=0.06 sys=0.00, real=0.01 secs] 
2014-07-16T10:28:18.433+0000: 1221.442: [GC [PSYoungGen: 153519K->934K(150272K)] 367365K->215113K(837248K), 0.0036590 secs] [Times: user=0.02 sys=0.00, real=0.00 secs] 
2014-07-16T10:28:18.959+0000: 1221.967: [GC [PSYoungGen: 150246K->744K(147392K)] 364425K->214987K(834368K), 0.0059770 secs] [Times: user=0.03 sys=0.00, real=0.01 secs] 
2014-07-16T10:28:19.485+0000: 1222.493: [GC [PSYoungGen: 147368K->1012K(145024K)] 361611K->215477K(832000K), 0.0050310 secs] [Times: user=0.02 sys=0.00, real=0.01 secs] 
2014-07-16T10:28:19.999+0000: 1223.008: [GC [PSYoungGen: 145012K->580K(142080K)] 359477K->215117K(829056K), 0.0067300 secs] [Times: user=0.04 sys=0.00, real=0.00 secs] 
2014-07-16T10:28:20.535+0000: 1223.543: [GC [PSYoungGen: 142020K->1028K(170816K)] 356557K->215677K(857792K), 0.0099790 secs] [Times: user=0.06 sys=0.01, real=0.01 secs] 
2014-07-16T10:28:21.160+0000: 1224.168: [GC [PSYoungGen: 170756K->566K(204288K)] 385405K->215279K(891264K), 0.0066850 secs] [Times: user=0.04 sys=0.00, real=0.00 secs] 
2014-07-16T10:28:21.895+0000: 1224.903: [GC [PSYoungGen: 204251K->1198K(239232K)] 418965K->215983K(926208K), 0.0061870 secs] [Times: user=0.04 sys=0.00, real=0.01 secs] 
2014-07-16T10:28:22.886+0000: 1225.894: [GC [PSYoungGen: 238830K->1506K(233472K)] 453615K->216355K(920448K), 0.0067060 secs] [Times: user=0.02 sys=0.00, real=0.01 secs] 
2014-07-16T10:28:23.657+0000: 1226.666: [GC [PSYoungGen: 233442K->178K(237568K)] 448291K->215591K(924544K), 0.0089770 secs] [Times: user=0.05 sys=0.00, real=0.01 secs] 
2014-07-16T10:28:24.502+0000: 1227.510: [GC [PSYoungGen: 237525K->1126K(232896K)] 452939K->216603K(919872K), 0.0079550 secs] [Times: user=0.03 sys=0.00, real=0.01 secs] 
2014-07-16T10:28:25.355+0000: 1228.364: [GC [PSYoungGen: 232861K->702K(227008K)] 448339K->216457K(913984K), 0.0043430 secs] [Times: user=0.03 sys=0.00, real=0.00 secs] 
2014-07-16T10:28:26.195+0000: 1229.204: [GC [PSYoungGen: 226964K->1078K(222144K)] 442720K->216897K(909120K), 0.0036580 secs] [Times: user=0.03 sys=0.00, real=0.00 secs] 
2014-07-16T10:28:26.980+0000: 1229.988: [GC [PSYoungGen: 222088K->502K(216512K)] 437908K->216361K(903488K), 0.0040790 secs] [Times: user=0.01 sys=0.01, real=0.00 secs] 
2014-07-16T10:28:27.752+0000: 1230.760: [GC [PSYoungGen: 216502K->498K(211648K)] 432361K->216413K(898624K), 0.0109500 secs] [Times: user=0.07 sys=0.00, real=0.01 secs] 
2014-07-16T10:28:28.530+0000: 1231.538: [GC [PSYoungGen: 211634K->904K(207360K)] 427549K->216899K(894336K), 0.0072740 secs] [Times: user=0.05 sys=0.00, real=0.01 secs] 
2014-07-16T10:28:29.252+0000: 1232.260: [GC [PSYoungGen: 207304K->384K(234752K)] 423299K->216427K(921728K), 0.0108240 secs] [Times: user=0.07 sys=0.01, real=0.01 secs] 
2014-07-16T10:28:30.133+0000: 1233.141: [GC [PSYoungGen: 233536K->864K(228544K)] 449579K->216995K(915520K), 0.0081830 secs] [Times: user=0.05 sys=0.00, real=0.01 secs] 
2014-07-16T10:28:30.919+0000: 1233.927: [GC [PSYoungGen: 228414K->912K(223296K)] 444546K->217115K(910272K), 0.0033510 secs] [Times: user=0.02 sys=0.00, real=0.01 secs] 
2014-07-16T10:28:31.716+0000: 1234.725: [GC [PSYoungGen: 223248K->908K(218176K)] 439451K->217183K(905152K), 0.0072030 secs] [Times: user=0.05 sys=0.00, real=0.01 secs] 
2014-07-16T10:28:32.516+0000: 1235.525: [GC [PSYoungGen: 218124K->1222K(247552K)] 434399K->217553K(934528K), 0.0120890 secs] [Times: user=0.08 sys=0.00, real=0.01 secs] 
2014-07-16T10:28:33.474+0000: 1236.483: [GC [PSYoungGen: 247302K->662K(240832K)] 463633K->217049K(927808K), 0.0057880 secs] [Times: user=0.03 sys=0.01, real=0.00 secs] 
2014-07-16T10:28:34.314+0000: 1237.323: [GC [PSYoungGen: 240790K->480K(234880K)] 457177K->216939K(921856K), 0.0058970 secs] [Times: user=0.03 sys=0.00, real=0.00 secs] 
2014-07-16T10:28:35.165+0000: 1238.173: [GC [PSYoungGen: 234848K->944K(229760K)] 451307K->217475K(916736K), 0.0053760 secs] [Times: user=0.03 sys=0.00, real=0.00 secs] 
2014-07-16T10:28:36.002+0000: 1239.010: [GC [PSYoungGen: 229744K->626K(224064K)] 446275K->217261K(911040K), 0.0062150 secs] [Times: user=0.04 sys=0.00, real=0.00 secs] 
2014-07-16T10:28:36.839+0000: 1239.847: [GC [PSYoungGen: 224038K->1382K(219648K)] 440673K->218163K(906624K), 0.0102090 secs] [Times: user=0.06 sys=0.00, real=0.01 secs] 
2014-07-16T10:28:37.612+0000: 1240.621: [GC [PSYoungGen: 219606K->640K(213888K)] 436388K->217583K(900864K), 0.0056530 secs] [Times: user=0.03 sys=0.00, real=0.00 secs] 
2014-07-16T10:28:38.422+0000: 1241.430: [GC [PSYoungGen: 213888K->626K(209088K)] 430831K->217665K(896064K), 0.0087970 secs] [Times: user=0.05 sys=0.00, real=0.00 secs] 
2014-07-16T10:28:39.173+0000: 1242.181: [GC [PSYoungGen: 209072K->776K(204672K)] 426111K->217919K(891648K), 0.0070230 secs] [Times: user=0.04 sys=0.00, real=0.00 secs] 
2014-07-16T10:28:39.906+0000: 1242.914: [GC [PSYoungGen: 204616K->480K(199872K)] 421759K->217703K(886848K), 0.0056690 secs] [Times: user=0.04 sys=0.00, real=0.00 secs] 
2014-07-16T10:28:40.636+0000: 1243.644: [GC [PSYoungGen: 199818K->1208K(196288K)] 417042K->218535K(883264K), 0.0055840 secs] [Times: user=0.03 sys=0.00, real=0.00 secs] 
2014-07-16T10:28:41.340+0000: 1244.348: [GC [PSYoungGen: 196242K->826K(191744K)] 413569K->218217K(878720K), 0.0070200 secs] [Times: user=0.05 sys=0.00, real=0.01 secs] 
2014-07-16T10:28:42.050+0000: 1245.058: [GC [PSYoungGen: 191708K->940K(187840K)] 409100K->218403K(874816K), 0.0049980 secs] [Times: user=0.02 sys=0.01, real=0.01 secs] 
2014-07-16T10:28:42.717+0000: 1245.726: [GC [PSYoungGen: 187820K->608K(183616K)] 405283K->218183K(870592K), 0.0038680 secs] [Times: user=0.02 sys=0.00, real=0.00 secs] 
2014-07-16T10:28:43.457+0000: 1246.465: [GC [PSYoungGen: 183584K->1380K(180608K)] 401159K->219019K(867584K), 0.0038380 secs] [Times: user=0.02 sys=0.00, real=0.00 secs] 
2014-07-16T10:28:44.079+0000: 1247.087: [GC [PSYoungGen: 180580K->934K(176512K)] 398219K->218741K(863488K), 0.0050440 secs] [Times: user=0.03 sys=0.00, real=0.01 secs] 
2014-07-16T10:28:44.700+0000: 1247.708: [GC [PSYoungGen: 176446K->972K(173056K)] 394253K->218891K(860032K), 0.0071020 secs] [Times: user=0.04 sys=0.00, real=0.01 secs] 
2014-07-16T10:28:45.317+0000: 1248.325: [GC [PSYoungGen: 173004K->566K(169216K)] 390923K->218533K(856192K), 0.0035850 secs] [Times: user=0.02 sys=0.00, real=0.00 secs] 
2014-07-16T10:28:45.928+0000: 1248.937: [GC [PSYoungGen: 169167K->534K(165888K)] 387135K->218549K(852864K), 0.0039000 secs] [Times: user=0.01 sys=0.00, real=0.00 secs] 
2014-07-16T10:28:46.562+0000: 1249.570: [GC [PSYoungGen: 165846K->1428K(163584K)] 383861K->219539K(850560K), 0.0069530 secs] [Times: user=0.04 sys=0.00, real=0.01 secs] 
2014-07-16T10:28:47.136+0000: 1250.145: [GC [PSYoungGen: 163540K->1090K(160192K)] 381651K->219273K(847168K), 0.0040800 secs] [Times: user=0.02 sys=0.00, real=0.00 secs] 
2014-07-16T10:28:47.744+0000: 1250.752: [GC [PSYoungGen: 160112K->548K(156608K)] 378295K->218811K(843584K), 0.0059180 secs] [Times: user=0.04 sys=0.00, real=0.00 secs] 
2014-07-16T10:28:48.388+0000: 1251.396: [GC [PSYoungGen: 156563K->954K(154112K)] 374827K->219329K(841088K), 0.0040810 secs] [Times: user=0.02 sys=0.00, real=0.00 secs] 
2014-07-16T10:28:48.856+0000: 1251.865: [GC [PSYoungGen: 154093K->652K(151040K)] 372468K->219083K(838016K), 0.0047540 secs] [Times: user=0.02 sys=0.01, real=0.00 secs] 
2014-07-16T10:28:49.391+0000: 1252.400: [GC [PSYoungGen: 150951K->1354K(148992K)] 369383K->219849K(835968K), 0.0038620 secs] [Times: user=0.02 sys=0.00, real=0.01 secs] 
2014-07-16T10:28:49.933+0000: 1252.941: [GC [PSYoungGen: 148938K->826K(177984K)] 367433K->219401K(864960K), 0.0117310 secs] [Times: user=0.07 sys=0.01, real=0.02 secs] 
2014-07-16T10:28:50.565+0000: 1253.573: [GC [PSYoungGen: 177978K->790K(174400K)] 396553K->219437K(861376K), 0.0037800 secs] [Times: user=0.03 sys=0.00, real=0.00 secs] 
2014-07-16T10:28:51.204+0000: 1254.212: [GC [PSYoungGen: 174358K->758K(209088K)] 393005K->219453K(896064K), 0.0120680 secs] [Times: user=0.07 sys=0.00, real=0.01 secs] 
2014-07-16T10:28:51.961+0000: 1254.969: [GC [PSYoungGen: 209078K->530K(244416K)] 427773K->219273K(931392K), 0.0070640 secs] [Times: user=0.05 sys=0.00, real=0.01 secs] 
2014-07-16T10:28:52.855+0000: 1255.863: [GC [PSYoungGen: 243410K->548K(237568K)] 462153K->219355K(924544K), 0.0057870 secs] [Times: user=0.03 sys=0.00, real=0.00 secs] 
2014-07-16T10:28:53.765+0000: 1256.774: [GC [PSYoungGen: 237540K->1226K(232640K)] 456347K->220105K(919616K), 0.0031530 secs] [Times: user=0.02 sys=0.00, real=0.00 secs] 
2014-07-16T10:28:54.582+0000: 1257.591: [GC [PSYoungGen: 232584K->726K(226688K)] 451463K->219685K(913664K), 0.0029870 secs] [Times: user=0.01 sys=0.01, real=0.01 secs] 
2014-07-16T10:28:55.416+0000: 1258.424: [GC [PSYoungGen: 226641K->1064K(221760K)] 445601K->220135K(908736K), 0.0094380 secs] [Times: user=0.07 sys=0.00, real=0.01 secs] 
2014-07-16T10:28:56.222+0000: 1259.230: [GC [PSYoungGen: 221736K->684K(216320K)] 440807K->219843K(903296K), 0.0051440 secs] [Times: user=0.03 sys=0.00, real=0.01 secs] 
2014-07-16T10:28:57.027+0000: 1260.035: [GC [PSYoungGen: 216264K->926K(211712K)] 435423K->220133K(898688K), 0.0065420 secs] [Times: user=0.03 sys=0.00, real=0.00 secs] 
2014-07-16T10:28:57.795+0000: 1260.803: [GC [PSYoungGen: 211678K->1222K(207296K)] 430885K->220509K(894272K), 0.0067950 secs] [Times: user=0.04 sys=0.00, real=0.01 secs] 
2014-07-16T10:28:58.594+0000: 1261.603: [GC [PSYoungGen: 207238K->790K(202304K)] 426525K->220125K(889280K), 0.0116880 secs] [Times: user=0.07 sys=0.00, real=0.02 secs] 
2014-07-16T10:28:59.317+0000: 1262.325: [GC [PSYoungGen: 202262K->480K(197568K)] 421597K->219863K(884544K), 0.0074980 secs] [Times: user=0.05 sys=0.00, real=0.00 secs] 
2014-07-16T10:29:00.062+0000: 1263.070: [GC [PSYoungGen: 197536K->594K(193472K)] 416919K->220057K(880448K), 0.0035370 secs] [Times: user=0.02 sys=0.00, real=0.01 secs] 
2014-07-16T10:29:00.764+0000: 1263.772: [GC [PSYoungGen: 193426K->1126K(189888K)] 412889K->220685K(876864K), 0.0079220 secs] [Times: user=0.05 sys=0.00, real=0.01 secs] 
2014-07-16T10:29:01.434+0000: 1264.443: [GC [PSYoungGen: 189861K->534K(185344K)] 409420K->220149K(872320K), 0.0088930 secs] [Times: user=0.05 sys=0.00, real=0.01 secs] 
2014-07-16T10:29:02.110+0000: 1265.118: [GC [PSYoungGen: 185302K->640K(181568K)] 404917K->220359K(868544K), 0.0068430 secs] [Times: user=0.03 sys=0.00, real=0.01 secs] 
2014-07-16T10:29:02.766+0000: 1265.775: [GC [PSYoungGen: 181566K->1244K(178496K)] 401285K->221035K(865472K), 0.0067240 secs] [Times: user=0.04 sys=0.00, real=0.00 secs] 
2014-07-16T10:29:03.496+0000: 1266.504: [GC [PSYoungGen: 178460K->1204K(174848K)] 398251K->221139K(861824K), 0.0054150 secs] [Times: user=0.01 sys=0.01, real=0.00 secs] 
2014-07-16T10:29:04.104+0000: 1267.113: [GC [PSYoungGen: 174836K->762K(170944K)] 394771K->220809K(857920K), 0.0049680 secs] [Times: user=0.04 sys=0.00, real=0.01 secs] 
2014-07-16T10:29:04.715+0000: 1267.724: [GC [PSYoungGen: 170938K->1126K(168000K)] 390985K->221269K(854976K), 0.0047120 secs] [Times: user=0.03 sys=0.01, real=0.01 secs] 
2014-07-16T10:29:05.331+0000: 1268.339: [GC [PSYoungGen: 167974K->1158K(164800K)] 388117K->221397K(851776K), 0.0067800 secs] [Times: user=0.03 sys=0.01, real=0.01 secs] 
2014-07-16T10:29:05.918+0000: 1268.926: [GC [PSYoungGen: 164742K->744K(161216K)] 384981K->221015K(848192K), 0.0054940 secs] [Times: user=0.02 sys=0.00, real=0.00 secs] 
2014-07-16T10:29:06.504+0000: 1269.513: [GC [PSYoungGen: 161192K->930K(158336K)] 381463K->221289K(845312K), 0.0063570 secs] [Times: user=0.05 sys=0.00, real=0.01 secs] 
2014-07-16T10:29:07.074+0000: 1270.082: [GC [PSYoungGen: 158306K->936K(155392K)] 378665K->221391K(842368K), 0.0043420 secs] [Times: user=0.03 sys=0.00, real=0.01 secs] 
2014-07-16T10:29:07.650+0000: 1270.658: [GC [PSYoungGen: 155368K->576K(185920K)] 375823K->221111K(872896K), 0.0111990 secs] [Times: user=0.08 sys=0.00, real=0.01 secs] 
2014-07-16T10:29:08.314+0000: 1271.322: [GC [PSYoungGen: 185920K->850K(223360K)] 406455K->221441K(910336K), 0.0177810 secs] [Times: user=0.11 sys=0.00, real=0.02 secs] 
2014-07-16T10:29:09.179+0000: 1272.187: [GC [PSYoungGen: 223314K->708K(236480K)] 443905K->221379K(923456K), 0.0031710 secs] [Times: user=0.01 sys=0.00, real=0.00 secs] 
2014-07-16T10:29:10.039+0000: 1273.048: [GC [PSYoungGen: 235716K->922K(268544K)] 456387K->221665K(955520K), 0.0109170 secs] [Times: user=0.06 sys=0.00, real=0.01 secs] 
2014-07-16T10:29:10.989+0000: 1273.997: [GC [PSYoungGen: 267994K->976K(268480K)] 488737K->221799K(955456K), 0.0059610 secs] [Times: user=0.04 sys=0.00, real=0.00 secs] 
2014-07-16T10:29:11.951+0000: 1274.960: [GC [PSYoungGen: 268048K->626K(260928K)] 488871K->221537K(947904K), 0.0064880 secs] [Times: user=0.04 sys=0.01, real=0.01 secs] 
2014-07-16T10:29:12.887+0000: 1275.896: [GC [PSYoungGen: 260914K->384K(254144K)] 481825K->221359K(941120K), 0.0054620 secs] [Times: user=0.03 sys=0.00, real=0.00 secs] 
2014-07-16T10:29:13.883+0000: 1276.892: [GC [PSYoungGen: 254144K->758K(248256K)] 475119K->221829K(935232K), 0.0070070 secs] [Times: user=0.05 sys=0.00, real=0.01 secs] 
2014-07-16T10:29:14.760+0000: 1277.769: [GC [PSYoungGen: 248246K->858K(242368K)] 469317K->222025K(929344K), 0.0041890 secs] [Times: user=0.02 sys=0.00, real=0.00 secs] 
2014-07-16T10:29:15.646+0000: 1278.654: [GC [PSYoungGen: 242330K->498K(236160K)] 463497K->221705K(923136K), 0.0048150 secs] [Times: user=0.02 sys=0.00, real=0.01 secs] 
2014-07-16T10:29:16.493+0000: 1279.502: [GC [PSYoungGen: 236144K->1040K(231168K)] 457351K->222319K(918144K), 0.0044200 secs] [Times: user=0.02 sys=0.00, real=0.00 secs] 
2014-07-16T10:29:17.330+0000: 1280.339: [GC [PSYoungGen: 231120K->1026K(225792K)] 452399K->222393K(912768K), 0.0034640 secs] [Times: user=0.01 sys=0.00, real=0.00 secs] 
2014-07-16T10:29:18.200+0000: 1281.208: [GC [PSYoungGen: 225730K->804K(220352K)] 447097K->222251K(907328K), 0.0051180 secs] [Times: user=0.02 sys=0.00, real=0.00 secs] 
2014-07-16T10:29:19.046+0000: 1282.054: [GC [PSYoungGen: 220285K->776K(215360K)] 441732K->222271K(902336K), 0.0049080 secs] [Times: user=0.02 sys=0.00, real=0.01 secs] 
2014-07-16T10:29:19.787+0000: 1282.795: [GC [PSYoungGen: 215304K->584K(210304K)] 436799K->222135K(897280K), 0.0030080 secs] [Times: user=0.02 sys=0.00, real=0.01 secs] 
2014-07-16T10:29:20.540+0000: 1283.548: [GC [PSYoungGen: 210235K->1144K(206144K)] 431786K->222775K(893120K), 0.0039610 secs] [Times: user=0.02 sys=0.00, real=0.00 secs] 
2014-07-16T10:29:21.293+0000: 1284.302: [GC [PSYoungGen: 206121K->1080K(201600K)] 427752K->222775K(888576K), 0.0030840 secs] [Times: user=0.02 sys=0.00, real=0.00 secs] 
2014-07-16T10:29:22.020+0000: 1285.029: [GC [PSYoungGen: 201592K->640K(196800K)] 423287K->222431K(883776K), 0.0091860 secs] [Times: user=0.06 sys=0.00, real=0.01 secs] 
2014-07-16T10:29:22.737+0000: 1285.745: [GC [PSYoungGen: 196800K->516K(192512K)] 418591K->222363K(879488K), 0.0075660 secs] [Times: user=0.04 sys=0.00, real=0.01 secs] 
2014-07-16T10:29:23.436+0000: 1286.444: [GC [PSYoungGen: 192452K->630K(188480K)] 414299K->222549K(875456K), 0.0043180 secs] [Times: user=0.02 sys=0.00, real=0.01 secs] 
2014-07-16T10:29:24.135+0000: 1287.143: [GC [PSYoungGen: 188470K->840K(184832K)] 410389K->222855K(871808K), 0.0061490 secs] [Times: user=0.04 sys=0.00, real=0.01 secs] 
2014-07-16T10:29:24.786+0000: 1287.794: [GC [PSYoungGen: 184757K->1230K(181440K)] 406773K->223317K(868416K), 0.0064420 secs] [Times: user=0.04 sys=0.00, real=0.01 secs] 
2014-07-16T10:29:25.436+0000: 1288.445: [GC [PSYoungGen: 181390K->594K(177152K)] 403477K->222753K(864128K), 0.0032920 secs] [Times: user=0.01 sys=0.00, real=0.01 secs] 
2014-07-16T10:29:26.087+0000: 1289.095: [GC [PSYoungGen: 177106K->1062K(174016K)] 399265K->223343K(860992K), 0.0060380 secs] [Times: user=0.04 sys=0.00, real=0.01 secs] 
2014-07-16T10:29:26.722+0000: 1289.730: [GC [PSYoungGen: 173989K->872K(170368K)] 396271K->223257K(857344K), 0.0045450 secs] [Times: user=0.02 sys=0.00, real=0.00 secs] 
2014-07-16T10:29:27.336+0000: 1290.345: [GC [PSYoungGen: 170344K->480K(166656K)] 392729K->222921K(853632K), 0.0087630 secs] [Times: user=0.06 sys=0.01, real=0.01 secs] 
2014-07-16T10:29:27.950+0000: 1290.959: [GC [PSYoungGen: 166607K->866K(163840K)] 389049K->223371K(850816K), 0.0059420 secs] [Times: user=0.03 sys=0.00, real=0.00 secs] 
2014-07-16T10:29:28.570+0000: 1291.578: [GC [PSYoungGen: 163810K->1392K(196992K)] 386315K->223985K(883968K), 0.0084280 secs] [Times: user=0.05 sys=0.00, real=0.00 secs] 
2014-07-16T10:29:29.326+0000: 1292.335: [GC [PSYoungGen: 196947K->1340K(236096K)] 419541K->224005K(923072K), 0.0095690 secs] [Times: user=0.05 sys=0.00, real=0.01 secs] 
2014-07-16T10:29:30.171+0000: 1293.180: [GC [PSYoungGen: 236088K->496K(282240K)] 458754K->223689K(969216K), 0.0073680 secs] [Times: user=0.04 sys=0.00, real=0.00 secs] 
2014-07-16T10:29:31.217+0000: 1294.225: [GC [PSYoungGen: 282224K->698K(275136K)] 505417K->223931K(962112K), 0.0061560 secs] [Times: user=0.04 sys=0.00, real=0.01 secs] 
2014-07-16T10:29:32.231+0000: 1295.239: [GC [PSYoungGen: 275130K->818K(268224K)] 498363K->224421K(955200K), 0.0045220 secs] [Times: user=0.02 sys=0.00, real=0.00 secs] 
2014-07-16T10:29:33.173+0000: 1296.181: [GC [PSYoungGen: 268163K->716K(261376K)] 491767K->224367K(948352K), 0.0036320 secs] [Times: user=0.02 sys=0.00, real=0.00 secs] 
2014-07-16T10:29:34.113+0000: 1297.121: [GC [PSYoungGen: 261324K->448K(254528K)] 484975K->224139K(941504K), 0.0118790 secs] [Times: user=0.06 sys=0.01, real=0.01 secs] 
2014-07-16T10:29:35.039+0000: 1298.047: [GC [PSYoungGen: 254528K->576K(248384K)] 478219K->224323K(935360K), 0.0105680 secs] [Times: user=0.05 sys=0.00, real=0.01 secs] 
2014-07-16T10:29:35.963+0000: 1298.971: [GC [PSYoungGen: 248384K->634K(242432K)] 472131K->224421K(929408K), 0.0034440 secs] [Times: user=0.02 sys=0.00, real=0.00 secs] 
2014-07-16T10:29:36.836+0000: 1299.844: [GC [PSYoungGen: 242426K->1158K(237184K)] 466213K->225017K(924160K), 0.0036020 secs] [Times: user=0.01 sys=0.00, real=0.00 secs] 
2014-07-16T10:29:37.695+0000: 1300.703: [GC [PSYoungGen: 237126K->990K(231360K)] 460985K->224953K(918336K), 0.0028270 secs] [Times: user=0.01 sys=0.00, real=0.00 secs] 
2014-07-16T10:29:38.532+0000: 1301.540: [GC [PSYoungGen: 231326K->658K(225664K)] 455289K->224693K(912640K), 0.0077380 secs] [Times: user=0.05 sys=0.00, real=0.00 secs] 
2014-07-16T10:29:39.661+0000: 1302.670: [GC [PSYoungGen: 225618K->562K(220352K)] 449653K->224653K(907328K), 0.0076880 secs] [Times: user=0.04 sys=0.00, real=0.00 secs] 
2014-07-16T10:29:40.465+0000: 1303.473: [GC [PSYoungGen: 220338K->826K(215552K)] 444429K->224981K(902528K), 0.0072270 secs] [Times: user=0.05 sys=0.01, real=0.01 secs] 
2014-07-16T10:29:41.244+0000: 1304.253: [GC [PSYoungGen: 215546K->1340K(211200K)] 439701K->225575K(898176K), 0.0066150 secs] [Times: user=0.04 sys=0.00, real=0.01 secs] 
2014-07-16T10:29:41.995+0000: 1305.003: [GC [PSYoungGen: 211196K->626K(205824K)] 435431K->224957K(892800K), 0.0050030 secs] [Times: user=0.03 sys=0.00, real=0.00 secs] 
2014-07-16T10:29:42.742+0000: 1305.750: [GC [PSYoungGen: 205810K->626K(201280K)] 430141K->225021K(888256K), 0.0040760 secs] [Times: user=0.01 sys=0.00, real=0.01 secs] 
2014-07-16T10:29:43.475+0000: 1306.483: [GC [PSYoungGen: 201266K->994K(197312K)] 425661K->225469K(884288K), 0.0051050 secs] [Times: user=0.03 sys=0.01, real=0.00 secs] 
2014-07-16T10:29:44.299+0000: 1307.308: [GC [PSYoungGen: 197282K->900K(193024K)] 421757K->225455K(880000K), 0.0051210 secs] [Times: user=0.02 sys=0.00, real=0.01 secs] 
2014-07-16T10:29:44.893+0000: 1307.902: [GC [PSYoungGen: 192964K->1408K(189440K)] 417519K->226044K(876416K), 0.0050920 secs] [Times: user=0.03 sys=0.00, real=0.00 secs] 
2014-07-16T10:29:45.573+0000: 1308.581: [GC [PSYoungGen: 189374K->480K(184576K)] 414010K->225219K(871552K), 0.0055460 secs] [Times: user=0.04 sys=0.00, real=0.00 secs] 
2014-07-16T10:29:46.241+0000: 1309.249: [GC [PSYoungGen: 184544K->844K(181184K)] 409283K->225687K(868160K), 0.0050600 secs] [Times: user=0.03 sys=0.00, real=0.01 secs] 
2014-07-16T10:29:46.888+0000: 1309.896: [GC [PSYoungGen: 181132K->516K(177216K)] 405975K->225423K(864192K), 0.0058640 secs] [Times: user=0.03 sys=0.00, real=0.01 secs] 
2014-07-16T10:29:47.549+0000: 1310.557: [GC [PSYoungGen: 177129K->840K(173952K)] 402036K->225803K(860928K), 0.0052620 secs] [Times: user=0.02 sys=0.00, real=0.01 secs] 
2014-07-16T10:29:48.188+0000: 1311.197: [GC [PSYoungGen: 173896K->1136K(170752K)] 398859K->226195K(857728K), 0.0053440 secs] [Times: user=0.04 sys=0.00, real=0.01 secs] 
2014-07-16T10:29:48.783+0000: 1311.791: [GC [PSYoungGen: 170736K->1266K(167552K)] 395795K->226374K(854528K), 0.0095110 secs] [Times: user=0.05 sys=0.01, real=0.00 secs] 
2014-07-16T10:29:49.453+0000: 1312.462: [GC [PSYoungGen: 167538K->694K(163776K)] 392646K->225955K(850752K), 0.0040460 secs] [Times: user=0.03 sys=0.00, real=0.00 secs] 
2014-07-16T10:29:50.030+0000: 1313.038: [GC [PSYoungGen: 163723K->908K(160896K)] 388984K->226257K(847872K), 0.0058640 secs] [Times: user=0.04 sys=0.00, real=0.01 secs] 
2014-07-16T10:29:50.613+0000: 1313.621: [GC [PSYoungGen: 160844K->1440K(158400K)] 386193K->227342K(845376K), 0.0043150 secs] [Times: user=0.02 sys=0.00, real=0.01 secs] 
2014-07-16T10:29:51.174+0000: 1314.182: [GC [PSYoungGen: 158368K->798K(154816K)] 384270K->226764K(841792K), 0.0060510 secs] [Times: user=0.01 sys=0.00, real=0.00 secs] 
2014-07-16T10:29:51.744+0000: 1314.753: [GC [PSYoungGen: 154782K->1350K(186240K)] 380748K->227412K(873216K), 0.0079040 secs] [Times: user=0.05 sys=0.01, real=0.00 secs] 
2014-07-16T10:29:52.416+0000: 1315.424: [GC [PSYoungGen: 186181K->844K(181888K)] 412243K->226977K(868864K), 0.0062980 secs] [Times: user=0.04 sys=0.00, real=0.00 secs] 
2014-07-16T10:29:53.072+0000: 1316.080: [GC [PSYoungGen: 181836K->918K(178240K)] 407969K->227131K(865216K), 0.0034160 secs] [Times: user=0.01 sys=0.01, real=0.01 secs] 
2014-07-16T10:29:53.710+0000: 1316.719: [GC [PSYoungGen: 178198K->708K(174464K)] 404411K->227001K(861440K), 0.0040490 secs] [Times: user=0.02 sys=0.00, real=0.01 secs] 
2014-07-16T10:29:54.429+0000: 1317.437: [GC [PSYoungGen: 174391K->1232K(171520K)] 400685K->227606K(858496K), 0.0065920 secs] [Times: user=0.04 sys=0.00, real=0.01 secs] 
2014-07-16T10:29:54.993+0000: 1318.001: [GC [PSYoungGen: 171472K->766K(167680K)] 397846K->227195K(854656K), 0.0066310 secs] [Times: user=0.05 sys=0.00, real=0.01 secs] 
2014-07-16T10:29:55.602+0000: 1318.610: [GC [PSYoungGen: 167678K->934K(164608K)] 394107K->227404K(851584K), 0.0050060 secs] [Times: user=0.02 sys=0.00, real=0.01 secs] 
2014-07-16T10:29:56.199+0000: 1319.208: [GC [PSYoungGen: 164582K->748K(161280K)] 391052K->227273K(848256K), 0.0076130 secs] [Times: user=0.03 sys=0.01, real=0.01 secs] 
2014-07-16T10:29:56.797+0000: 1319.805: [GC [PSYoungGen: 161260K->626K(193280K)] 387785K->227215K(880256K), 0.0076200 secs] [Times: user=0.05 sys=0.00, real=0.01 secs] 
2014-07-16T10:29:57.492+0000: 1320.501: [GC [PSYoungGen: 193266K->940K(189504K)] 419855K->227625K(876480K), 0.0047740 secs] [Times: user=0.02 sys=0.00, real=0.01 secs] 
2014-07-16T10:29:58.164+0000: 1321.173: [GC [PSYoungGen: 189386K->748K(185344K)] 416072K->227530K(872320K), 0.0045170 secs] [Times: user=0.03 sys=0.00, real=0.00 secs] 
2014-07-16T10:29:58.821+0000: 1321.829: [GC [PSYoungGen: 185296K->726K(181504K)] 412078K->227571K(868480K), 0.0075770 secs] [Times: user=0.04 sys=0.01, real=0.01 secs] 
2014-07-16T10:29:59.552+0000: 1322.561: [GC [PSYoungGen: 181462K->1136K(218048K)] 408307K->228086K(905024K), 0.0107690 secs] [Times: user=0.07 sys=0.00, real=0.01 secs] 
2014-07-16T10:30:00.341+0000: 1323.349: [GC [PSYoungGen: 218032K->940K(261248K)] 444982K->227929K(948224K), 0.0097820 secs] [Times: user=0.05 sys=0.00, real=0.01 secs] 
2014-07-16T10:30:01.356+0000: 1324.364: [GC [PSYoungGen: 261225K->1000K(281024K)] 488215K->228117K(968000K), 0.0086190 secs] [Times: user=0.05 sys=0.00, real=0.01 secs] 
2014-07-16T10:30:02.400+0000: 1325.408: [GC [PSYoungGen: 280973K->616K(273408K)] 508091K->227789K(960384K), 0.0078180 secs] [Times: user=0.04 sys=0.00, real=0.01 secs] 
2014-07-16T10:30:03.416+0000: 1326.424: [GC [PSYoungGen: 273384K->936K(266752K)] 500557K->228287K(953728K), 0.0032430 secs] [Times: user=0.02 sys=0.00, real=0.00 secs] 
2014-07-16T10:30:04.385+0000: 1327.394: [GC [PSYoungGen: 266728K->1118K(260224K)] 494079K->228526K(947200K), 0.0123490 secs] [Times: user=0.07 sys=0.01, real=0.01 secs] 
2014-07-16T10:30:05.397+0000: 1328.406: [GC [PSYoungGen: 260169K->990K(253632K)] 487577K->228854K(940608K), 0.0127780 secs] [Times: user=0.07 sys=0.00, real=0.01 secs] 
2014-07-16T10:30:06.285+0000: 1329.294: [GC [PSYoungGen: 253598K->616K(247040K)] 481462K->228520K(934016K), 0.0035640 secs] [Times: user=0.01 sys=0.00, real=0.00 secs] 
2014-07-16T10:30:07.181+0000: 1330.189: [GC [PSYoungGen: 247016K->1158K(241600K)] 474920K->229126K(928576K), 0.0090460 secs] [Times: user=0.05 sys=0.01, real=0.01 secs] 
2014-07-16T10:30:08.049+0000: 1331.058: [GC [PSYoungGen: 241542K->794K(235456K)] 469510K->228874K(922432K), 0.0051070 secs] [Times: user=0.03 sys=0.01, real=0.00 secs] 
2014-07-16T10:30:08.910+0000: 1331.918: [GC [PSYoungGen: 235340K->1076K(230144K)] 463420K->229676K(917120K), 0.0057150 secs] [Times: user=0.03 sys=0.00, real=0.00 secs] 
2014-07-16T10:30:09.800+0000: 1332.808: [GC [PSYoungGen: 230109K->930K(224640K)] 458709K->229594K(911616K), 0.0056350 secs] [Times: user=0.03 sys=0.01, real=0.00 secs] 
2014-07-16T10:30:10.621+0000: 1333.629: [GC [PSYoungGen: 224570K->776K(219328K)] 453234K->229496K(906304K), 0.0052820 secs] [Times: user=0.03 sys=0.00, real=0.01 secs] 
2014-07-16T10:30:11.420+0000: 1334.429: [GC [PSYoungGen: 219272K->626K(214144K)] 447992K->229442K(901120K), 0.0054000 secs] [Times: user=0.03 sys=0.00, real=0.00 secs] 
2014-07-16T10:30:12.192+0000: 1335.201: [GC [PSYoungGen: 214115K->840K(209600K)] 442931K->229744K(896576K), 0.0031970 secs] [Times: user=0.02 sys=0.00, real=0.00 secs] 
2014-07-16T10:30:12.929+0000: 1335.937: [GC [PSYoungGen: 209543K->880K(204992K)] 438447K->229824K(891968K), 0.0115070 secs] [Times: user=0.06 sys=0.00, real=0.01 secs] 
2014-07-16T10:30:13.669+0000: 1336.678: [GC [PSYoungGen: 204975K->612K(200256K)] 433919K->229628K(887232K), 0.0040480 secs] [Times: user=0.02 sys=0.00, real=0.00 secs] 
2014-07-16T10:30:14.386+0000: 1337.395: [GC [PSYoungGen: 200228K->690K(195968K)] 429244K->229786K(882944K), 0.0055820 secs] [Times: user=0.04 sys=0.00, real=0.00 secs] 
2014-07-16T10:30:15.149+0000: 1338.157: [GC [PSYoungGen: 195954K->744K(191872K)] 425050K->229896K(878848K), 0.0083890 secs] [Times: user=0.06 sys=0.00, real=0.01 secs] 
2014-07-16T10:30:15.832+0000: 1338.841: [GC [PSYoungGen: 191848K->530K(187648K)] 421000K->229754K(874624K), 0.0031550 secs] [Times: user=0.02 sys=0.00, real=0.00 secs] 
2014-07-16T10:30:16.527+0000: 1339.535: [GC [PSYoungGen: 187590K->858K(184064K)] 416814K->230178K(871040K), 0.0089450 secs] [Times: user=0.06 sys=0.00, real=0.01 secs] 
2014-07-16T10:30:17.176+0000: 1340.184: [GC [PSYoungGen: 184026K->562K(179968K)] 413346K->229962K(866944K), 0.0076130 secs] [Times: user=0.05 sys=0.01, real=0.01 secs] 
2014-07-16T10:30:17.833+0000: 1340.842: [GC [PSYoungGen: 179954K->704K(176448K)] 409354K->230176K(863424K), 0.0079690 secs] [Times: user=0.04 sys=0.00, real=0.01 secs] 
2014-07-16T10:30:18.448+0000: 1341.456: [GC [PSYoungGen: 176368K->1126K(173376K)] 405840K->230694K(860352K), 0.0044710 secs] [Times: user=0.02 sys=0.00, real=0.00 secs] 
2014-07-16T10:30:19.072+0000: 1342.081: [GC [PSYoungGen: 173350K->708K(169600K)] 402918K->230380K(856576K), 0.0032940 secs] [Times: user=0.02 sys=0.00, real=0.00 secs] 
2014-07-16T10:30:19.778+0000: 1342.786: [GC [PSYoungGen: 169540K->1082K(166592K)] 399212K->230810K(853568K), 0.0061350 secs] [Times: user=0.04 sys=0.00, real=0.00 secs] 
2014-07-16T10:30:20.339+0000: 1343.347: [GC [PSYoungGen: 166560K->980K(163328K)] 396288K->230772K(850304K), 0.0058670 secs] [Times: user=0.03 sys=0.00, real=0.00 secs] 
2014-07-16T10:30:20.896+0000: 1343.905: [GC [PSYoungGen: 163284K->530K(159808K)] 393076K->230394K(846784K), 0.0053840 secs] [Times: user=0.04 sys=0.00, real=0.01 secs] 
2014-07-16T10:30:21.486+0000: 1344.495: [GC [PSYoungGen: 159762K->908K(157184K)] 389626K->230844K(844160K), 0.0037100 secs] [Times: user=0.02 sys=0.00, real=0.01 secs] 
2014-07-16T10:30:22.076+0000: 1345.085: [GC [PSYoungGen: 157132K->1018K(154304K)] 387068K->231034K(841280K), 0.0059230 secs] [Times: user=0.03 sys=0.00, real=0.01 secs] 
2014-07-16T10:30:22.627+0000: 1345.635: [GC [PSYoungGen: 154298K->530K(151040K)] 384314K->230602K(838016K), 0.0037390 secs] [Times: user=0.02 sys=0.00, real=0.01 secs] 
2014-07-16T10:30:23.168+0000: 1346.177: [GC [PSYoungGen: 150994K->848K(148608K)] 381066K->230984K(835584K), 0.0063040 secs] [Times: user=0.03 sys=0.00, real=0.00 secs] 
2014-07-16T10:30:23.706+0000: 1346.714: [GC [PSYoungGen: 148560K->794K(178112K)] 378696K->230994K(865088K), 0.0083710 secs] [Times: user=0.04 sys=0.00, real=0.01 secs] 
2014-07-16T10:30:24.349+0000: 1347.357: [GC [PSYoungGen: 178074K->1286K(175040K)] 408274K->231590K(862016K), 0.0053420 secs] [Times: user=0.04 sys=0.00, real=0.00 secs] 
2014-07-16T10:30:25.029+0000: 1348.037: [GC [PSYoungGen: 174953K->566K(209024K)] 405257K->231242K(896000K), 0.0112090 secs] [Times: user=0.05 sys=0.00, real=0.01 secs] 
2014-07-16T10:30:25.727+0000: 1348.735: [GC [PSYoungGen: 208988K->980K(251200K)] 439664K->231752K(938176K), 0.0052830 secs] [Times: user=0.03 sys=0.00, real=0.01 secs] 
2014-07-16T10:30:26.627+0000: 1349.636: [GC [PSYoungGen: 251156K->594K(244672K)] 481928K->231464K(931648K), 0.0050740 secs] [Times: user=0.02 sys=0.00, real=0.01 secs] 
2014-07-16T10:30:27.508+0000: 1350.516: [GC [PSYoungGen: 244626K->434K(238592K)] 475496K->231376K(925568K), 0.0055490 secs] [Times: user=0.03 sys=0.00, real=0.00 secs] 
2014-07-16T10:30:28.374+0000: 1351.382: [GC [PSYoungGen: 238578K->890K(233344K)] 469520K->231936K(920320K), 0.0059420 secs] [Times: user=0.03 sys=0.00, real=0.01 secs] 
2014-07-16T10:30:29.219+0000: 1352.227: [GC [PSYoungGen: 233338K->530K(227520K)] 464384K->231648K(914496K), 0.0074350 secs] [Times: user=0.04 sys=0.00, real=0.01 secs] 
2014-07-16T10:30:30.187+0000: 1353.195: [GC [PSYoungGen: 227435K->754K(222400K)] 458553K->231944K(909376K), 0.0035240 secs] [Times: user=0.02 sys=0.00, real=0.01 secs] 
2014-07-16T10:30:30.913+0000: 1353.921: [GC [PSYoungGen: 222372K->898K(217472K)] 453563K->232144K(904448K), 0.0098470 secs] [Times: user=0.05 sys=0.00, real=0.01 secs] 
2014-07-16T10:30:31.695+0000: 1354.704: [GC [PSYoungGen: 217410K->908K(212544K)] 448656K->232210K(899520K), 0.0060580 secs] [Times: user=0.03 sys=0.00, real=0.01 secs] 
2014-07-16T10:30:32.477+0000: 1355.486: [GC [PSYoungGen: 212492K->722K(207616K)] 443794K->232112K(894592K), 0.0067850 secs] [Times: user=0.04 sys=0.00, real=0.01 secs] 
2014-07-16T10:30:33.203+0000: 1356.212: [GC [PSYoungGen: 207568K->530K(202880K)] 438958K->232008K(889856K), 0.0043120 secs] [Times: user=0.02 sys=0.00, real=0.00 secs] 
2014-07-16T10:30:33.935+0000: 1356.943: [GC [PSYoungGen: 202834K->798K(198720K)] 434312K->232340K(885696K), 0.0075620 secs] [Times: user=0.03 sys=0.00, real=0.01 secs] 
2014-07-16T10:30:34.664+0000: 1357.672: [GC [PSYoungGen: 198686K->498K(194112K)] 430228K->232104K(881088K), 0.0052890 secs] [Times: user=0.03 sys=0.00, real=0.00 secs] 
2014-07-16T10:30:35.376+0000: 1358.385: [GC [PSYoungGen: 194098K->1094K(190656K)] 425704K->232756K(877632K), 0.0034520 secs] [Times: user=0.02 sys=0.00, real=0.01 secs] 
2014-07-16T10:30:36.056+0000: 1359.064: [GC [PSYoungGen: 190577K->944K(186496K)] 422240K->232686K(873472K), 0.0061760 secs] [Times: user=0.04 sys=0.00, real=0.01 secs] 
2014-07-16T10:30:36.722+0000: 1359.730: [GC [PSYoungGen: 186480K->352K(182080K)] 418222K->232142K(869056K), 0.0078230 secs] [Times: user=0.05 sys=0.00, real=0.00 secs] 
2014-07-16T10:30:37.377+0000: 1360.385: [GC [PSYoungGen: 182048K->1380K(219456K)] 413838K->233210K(906432K), 0.0129690 secs] [Times: user=0.08 sys=0.00, real=0.01 secs] 
2014-07-16T10:30:38.159+0000: 1361.168: [GC [PSYoungGen: 219378K->1248K(253888K)] 451209K->233126K(940864K), 0.0069690 secs] [Times: user=0.04 sys=0.00, real=0.01 secs] 
2014-07-16T10:30:39.074+0000: 1362.083: [GC [PSYoungGen: 253600K->748K(246912K)] 485478K->232690K(933888K), 0.0046460 secs] [Times: user=0.02 sys=0.00, real=0.00 secs] 
2014-07-16T10:30:40.066+0000: 1363.075: [GC [PSYoungGen: 246892K->1188K(241408K)] 478834K->233210K(928384K), 0.0076850 secs] [Times: user=0.06 sys=0.00, real=0.01 secs] 
2014-07-16T10:30:40.878+0000: 1363.886: [GC [PSYoungGen: 241380K->958K(235392K)] 473402K->233068K(922368K), 0.0081560 secs] [Times: user=0.04 sys=0.01, real=0.01 secs] 
2014-07-16T10:30:41.725+0000: 1364.733: [GC [PSYoungGen: 235347K->784K(229696K)] 467457K->232942K(916672K), 0.0035610 secs] [Times: user=0.01 sys=0.00, real=0.00 secs] 
2014-07-16T10:30:42.557+0000: 1365.565: [GC [PSYoungGen: 229647K->980K(224512K)] 461805K->233202K(911488K), 0.0072380 secs] [Times: user=0.04 sys=0.00, real=0.01 secs] 
2014-07-16T10:30:43.358+0000: 1366.366: [GC [PSYoungGen: 224468K->790K(219136K)] 456690K->233092K(906112K), 0.0038130 secs] [Times: user=0.02 sys=0.00, real=0.01 secs] 
2014-07-16T10:30:44.158+0000: 1367.166: [GC [PSYoungGen: 219094K->944K(214272K)] 451396K->233310K(901248K), 0.0060000 secs] [Times: user=0.04 sys=0.00, real=0.01 secs] 
2014-07-16T10:30:44.938+0000: 1367.947: [GC [PSYoungGen: 214246K->1454K(209984K)] 446612K->233984K(896960K), 0.0048100 secs] [Times: user=0.01 sys=0.00, real=0.01 secs] 
2014-07-16T10:30:45.741+0000: 1368.749: [GC [PSYoungGen: 209922K->552K(204480K)] 442453K->233210K(891456K), 0.0113570 secs] [Times: user=0.05 sys=0.01, real=0.02 secs] 
2014-07-16T10:30:46.487+0000: 1369.496: [GC [PSYoungGen: 204437K->1100K(200576K)] 437095K->233838K(887552K), 0.0043850 secs] [Times: user=0.02 sys=0.00, real=0.01 secs] 
2014-07-16T10:30:47.214+0000: 1370.223: [GC [PSYoungGen: 200519K->634K(195776K)] 433257K->233486K(882752K), 0.0063500 secs] [Times: user=0.04 sys=0.00, real=0.00 secs] 
2014-07-16T10:30:47.905+0000: 1370.913: [GC [PSYoungGen: 195763K->434K(191424K)] 428615K->233366K(878400K), 0.0066410 secs] [Times: user=0.04 sys=0.00, real=0.00 secs] 
2014-07-16T10:30:48.613+0000: 1371.621: [GC [PSYoungGen: 191393K->1126K(188096K)] 424325K->234122K(875072K), 0.0099270 secs] [Times: user=0.05 sys=0.01, real=0.01 secs] 
2014-07-16T10:30:49.289+0000: 1372.297: [GC [PSYoungGen: 188070K->498K(183552K)] 421066K->233558K(870528K), 0.0067710 secs] [Times: user=0.04 sys=0.00, real=0.01 secs] 
2014-07-16T10:30:49.952+0000: 1372.960: [GC [PSYoungGen: 183538K->880K(180160K)] 416598K->233988K(867136K), 0.0059970 secs] [Times: user=0.03 sys=0.00, real=0.01 secs] 
2014-07-16T10:30:50.631+0000: 1373.640: [GC [PSYoungGen: 180144K->562K(176192K)] 413252K->233734K(863168K), 0.0066830 secs] [Times: user=0.03 sys=0.00, real=0.01 secs] 
2014-07-16T10:30:51.261+0000: 1374.269: [GC [PSYoungGen: 176119K->484K(211264K)] 409291K->233712K(898240K), 0.0132810 secs] [Times: user=0.06 sys=0.00, real=0.02 secs] 
2014-07-16T10:30:52.022+0000: 1375.030: [GC [PSYoungGen: 211206K->940K(251968K)] 444434K->234240K(938944K), 0.0047120 secs] [Times: user=0.02 sys=0.01, real=0.01 secs] 
2014-07-16T10:30:52.947+0000: 1375.956: [GC [PSYoungGen: 251372K->1304K(245632K)] 484672K->234684K(932608K), 0.0057680 secs] [Times: user=0.04 sys=0.00, real=0.01 secs] 
2014-07-16T10:30:53.846+0000: 1376.854: [GC [PSYoungGen: 245592K->562K(238976K)] 478972K->234006K(925952K), 0.0042040 secs] [Times: user=0.02 sys=0.00, real=0.00 secs] 
2014-07-16T10:30:54.712+0000: 1377.720: [GC [PSYoungGen: 238962K->740K(233472K)] 472406K->234264K(920448K), 0.0053600 secs] [Times: user=0.03 sys=0.00, real=0.01 secs] 
2014-07-16T10:30:55.574+0000: 1378.582: [GC [PSYoungGen: 233444K->594K(227840K)] 466968K->234182K(914816K), 0.0056280 secs] [Times: user=0.03 sys=0.00, real=0.00 secs] 
2014-07-16T10:30:56.393+0000: 1379.401: [GC [PSYoungGen: 227753K->704K(222592K)] 461342K->234364K(909568K), 0.0037390 secs] [Times: user=0.02 sys=0.00, real=0.00 secs] 
2014-07-16T10:30:57.201+0000: 1380.209: [GC [PSYoungGen: 222590K->466K(217280K)] 456251K->234150K(904256K), 0.0133360 secs] [Times: user=0.07 sys=0.00, real=0.02 secs] 
2014-07-16T10:30:57.961+0000: 1380.969: [GC [PSYoungGen: 217234K->576K(212416K)] 450918K->234356K(899392K), 0.0036580 secs] [Times: user=0.02 sys=0.00, real=0.01 secs] 
2014-07-16T10:30:58.729+0000: 1381.737: [GC [PSYoungGen: 212416K->734K(207872K)] 446196K->234578K(894848K), 0.0094890 secs] [Times: user=0.06 sys=0.01, real=0.01 secs] 
2014-07-16T10:30:59.488+0000: 1382.497: [GC [PSYoungGen: 207838K->914K(203456K)] 441682K->234838K(890432K), 0.0067360 secs] [Times: user=0.04 sys=0.00, real=0.01 secs] 
2014-07-16T10:31:00.196+0000: 1383.204: [GC [PSYoungGen: 203410K->544K(198656K)] 437334K->234540K(885632K), 0.0074660 secs] [Times: user=0.04 sys=0.00, real=0.01 secs] 
2014-07-16T10:31:00.966+0000: 1383.974: [GC [PSYoungGen: 198624K->844K(194688K)] 432620K->234912K(881664K), 0.0042810 secs] [Times: user=0.03 sys=0.00, real=0.00 secs] 
2014-07-16T10:31:01.672+0000: 1384.680: [GC [PSYoungGen: 194547K->1312K(191040K)] 428615K->235910K(878016K), 0.0060650 secs] [Times: user=0.03 sys=0.00, real=0.01 secs] 
2014-07-16T10:31:02.388+0000: 1385.396: [GC [PSYoungGen: 191008K->512K(186240K)] 425606K->235376K(873216K), 0.0058150 secs] [Times: user=0.03 sys=0.00, real=0.00 secs] 
2014-07-16T10:31:03.055+0000: 1386.063: [GC [PSYoungGen: 186240K->1290K(183232K)] 421104K->236210K(870208K), 0.0083200 secs] [Times: user=0.05 sys=0.00, real=0.00 secs] 
2014-07-16T10:31:03.742+0000: 1386.750: [GC [PSYoungGen: 183178K->758K(178944K)] 418098K->236108K(865920K), 0.0065300 secs] [Times: user=0.04 sys=0.00, real=0.01 secs] 
2014-07-16T10:31:04.388+0000: 1387.396: [GC [PSYoungGen: 178934K->1022K(175616K)] 414284K->236420K(862592K), 0.0043190 secs] [Times: user=0.01 sys=0.00, real=0.00 secs] 
2014-07-16T10:31:05.036+0000: 1388.044: [GC [PSYoungGen: 175614K->968K(172096K)] 411012K->236430K(859072K), 0.0061260 secs] [Times: user=0.03 sys=0.00, real=0.00 secs] 
2014-07-16T10:31:05.722+0000: 1388.730: [GC [PSYoungGen: 172040K->1262K(168960K)] 407502K->236804K(855936K), 0.0067790 secs] [Times: user=0.03 sys=0.00, real=0.01 secs] 
2014-07-16T10:31:06.318+0000: 1389.326: [GC [PSYoungGen: 168905K->930K(165376K)] 404447K->236618K(852352K), 0.0044870 secs] [Times: user=0.01 sys=0.00, real=0.00 secs] 
2014-07-16T10:31:06.917+0000: 1389.925: [GC [PSYoungGen: 165346K->1022K(162240K)] 401034K->236774K(849216K), 0.0083540 secs] [Times: user=0.05 sys=0.00, real=0.01 secs] 
2014-07-16T10:31:07.502+0000: 1390.510: [GC [PSYoungGen: 162238K->958K(194432K)] 397990K->236898K(881408K), 0.0066830 secs] [Times: user=0.03 sys=0.00, real=0.01 secs] 
2014-07-16T10:31:08.192+0000: 1391.201: [GC [PSYoungGen: 194430K->962K(233216K)] 430370K->236974K(920192K), 0.0084020 secs] [Times: user=0.04 sys=0.00, real=0.01 secs] 
2014-07-16T10:31:09.029+0000: 1392.037: [GC [PSYoungGen: 233151K->516K(227328K)] 469164K->236600K(914304K), 0.0064180 secs] [Times: user=0.04 sys=0.00, real=0.01 secs] 
2014-07-16T10:31:09.863+0000: 1392.871: [GC [PSYoungGen: 227268K->466K(222016K)] 463352K->236598K(908992K), 0.0033860 secs] [Times: user=0.02 sys=0.00, real=0.01 secs] 
2014-07-16T10:31:10.740+0000: 1393.748: [GC [PSYoungGen: 221919K->862K(217344K)] 458052K->237082K(904320K), 0.0050470 secs] [Times: user=0.03 sys=0.00, real=0.00 secs] 
2014-07-16T10:31:11.519+0000: 1394.528: [GC [PSYoungGen: 217310K->1468K(212992K)] 453530K->237824K(899968K), 0.0076670 secs] [Times: user=0.05 sys=0.00, real=0.01 secs] 
2014-07-16T10:31:12.261+0000: 1395.269: [GC [PSYoungGen: 212988K->634K(207424K)] 449344K->237276K(894400K), 0.0060430 secs] [Times: user=0.04 sys=0.00, real=0.01 secs] 
2014-07-16T10:31:13.005+0000: 1396.014: [GC [PSYoungGen: 207417K->1344K(203648K)] 444059K->238034K(890624K), 0.0054310 secs] [Times: user=0.02 sys=0.00, real=0.00 secs] 
2014-07-16T10:31:13.749+0000: 1396.757: [GC [PSYoungGen: 203584K->1212K(199040K)] 440274K->238178K(886016K), 0.0061510 secs] [Times: user=0.04 sys=0.00, real=0.00 secs] 
2014-07-16T10:31:14.465+0000: 1397.474: [GC [PSYoungGen: 199036K->854K(194432K)] 436002K->237884K(881408K), 0.0094050 secs] [Times: user=0.05 sys=0.00, real=0.01 secs] 
2014-07-16T10:31:15.165+0000: 1398.173: [GC [PSYoungGen: 194390K->416K(189888K)] 431420K->237486K(876864K), 0.0086990 secs] [Times: user=0.05 sys=0.00, real=0.01 secs] 
2014-07-16T10:31:15.938+0000: 1398.946: [GC [PSYoungGen: 189814K->972K(186496K)] 426884K->238146K(873472K), 0.0058530 secs] [Times: user=0.04 sys=0.00, real=0.00 secs] 
2014-07-16T10:31:16.582+0000: 1399.590: [GC [PSYoungGen: 186444K->890K(182528K)] 423618K->238120K(869504K), 0.0072600 secs] [Times: user=0.04 sys=0.00, real=0.01 secs] 
2014-07-16T10:31:17.242+0000: 1400.250: [GC [PSYoungGen: 182511K->566K(178496K)] 419741K->237820K(865472K), 0.0058050 secs] [Times: user=0.02 sys=0.01, real=0.01 secs] 
2014-07-16T10:31:17.909+0000: 1400.917: [GC [PSYoungGen: 178486K->594K(174976K)] 415740K->237896K(861952K), 0.0065150 secs] [Times: user=0.04 sys=0.01, real=0.00 secs] 
2014-07-16T10:31:18.535+0000: 1401.544: [GC [PSYoungGen: 174929K->790K(171712K)] 412231K->238180K(858688K), 0.0053280 secs] [Times: user=0.03 sys=0.00, real=0.01 secs] 
2014-07-16T10:31:19.156+0000: 1402.164: [GC [PSYoungGen: 171670K->516K(168064K)] 409060K->237954K(855040K), 0.0069300 secs] [Times: user=0.04 sys=0.01, real=0.00 secs] 
2014-07-16T10:31:19.768+0000: 1402.777: [GC [PSYoungGen: 168004K->658K(164928K)] 405442K->238160K(851904K), 0.0034920 secs] [Times: user=0.01 sys=0.00, real=0.00 secs] 
2014-07-16T10:31:20.358+0000: 1403.366: [GC [PSYoungGen: 164882K->552K(161664K)] 402384K->238110K(848640K), 0.0071570 secs] [Times: user=0.04 sys=0.00, real=0.00 secs] 
2014-07-16T10:31:21.023+0000: 1404.031: [GC [PSYoungGen: 161640K->1112K(159168K)] 399198K->238742K(846144K), 0.0048280 secs] [Times: user=0.03 sys=0.01, real=0.01 secs] 
2014-07-16T10:31:21.528+0000: 1404.537: [GC [PSYoungGen: 159124K->804K(155904K)] 396755K->238522K(842880K), 0.0036360 secs] [Times: user=0.02 sys=0.00, real=0.00 secs] 
2014-07-16T10:31:22.121+0000: 1405.130: [GC [PSYoungGen: 155855K->1414K(153664K)] 393574K->239220K(840640K), 0.0045770 secs] [Times: user=0.03 sys=0.00, real=0.00 secs] 
2014-07-16T10:31:22.642+0000: 1405.651: [GC [PSYoungGen: 153606K->698K(150080K)] 391412K->238782K(837056K), 0.0056630 secs] [Times: user=0.04 sys=0.00, real=0.01 secs] 
2014-07-16T10:31:23.182+0000: 1406.191: [GC [PSYoungGen: 150074K->434K(147136K)] 388158K->238574K(834112K), 0.0070690 secs] [Times: user=0.04 sys=0.00, real=0.01 secs] 
2014-07-16T10:31:23.697+0000: 1406.705: [GC [PSYoungGen: 147122K->680K(144768K)] 385262K->238876K(831744K), 0.0035000 secs] [Times: user=0.02 sys=0.00, real=0.00 secs] 
2014-07-16T10:31:24.243+0000: 1407.252: [GC [PSYoungGen: 144695K->932K(142464K)] 382892K->239216K(829440K), 0.0054170 secs] [Times: user=0.03 sys=0.00, real=0.01 secs] 
2014-07-16T10:31:24.841+0000: 1407.849: [GC [PSYoungGen: 142436K->466K(170368K)] 380720K->238790K(857344K), 0.0095750 secs] [Times: user=0.05 sys=0.00, real=0.01 secs] 
2014-07-16T10:31:25.463+0000: 1408.471: [GC [PSYoungGen: 170322K->448K(204288K)] 408646K->238820K(891264K), 0.0085660 secs] [Times: user=0.04 sys=0.00, real=0.01 secs] 
2014-07-16T10:31:26.230+0000: 1409.239: [GC [PSYoungGen: 204247K->986K(223808K)] 442619K->239422K(910784K), 0.0075230 secs] [Times: user=0.04 sys=0.00, real=0.01 secs] 
2014-07-16T10:31:27.016+0000: 1410.024: [GC [PSYoungGen: 223258K->512K(217664K)] 461694K->239020K(904640K), 0.0058440 secs] [Times: user=0.04 sys=0.00, real=0.01 secs] 
2014-07-16T10:31:27.794+0000: 1410.802: [GC [PSYoungGen: 217662K->908K(222400K)] 456170K->239512K(909376K), 0.0084780 secs] [Times: user=0.05 sys=0.00, real=0.01 secs] 
2014-07-16T10:31:28.593+0000: 1411.602: [GC [PSYoungGen: 222220K->448K(222784K)] 460824K->239100K(909760K), 0.0115340 secs] [Times: user=0.06 sys=0.00, real=0.01 secs] 
2014-07-16T10:31:29.384+0000: 1412.392: [GC [PSYoungGen: 221759K->502K(267072K)] 460412K->239194K(954048K), 0.0083500 secs] [Times: user=0.04 sys=0.00, real=0.01 secs] 
2014-07-16T10:31:30.337+0000: 1413.346: [GC [PSYoungGen: 266059K->812K(259712K)] 504752K->239600K(946688K), 0.0053370 secs] [Times: user=0.03 sys=0.01, real=0.01 secs] 
2014-07-16T10:31:31.308+0000: 1414.316: [GC [PSYoungGen: 259692K->690K(253120K)] 498480K->239518K(940096K), 0.0052070 secs] [Times: user=0.02 sys=0.00, real=0.01 secs] 
2014-07-16T10:31:32.204+0000: 1415.213: [GC [PSYoungGen: 253106K->658K(246912K)] 491934K->239558K(933888K), 0.0103930 secs] [Times: user=0.07 sys=0.00, real=0.01 secs] 
2014-07-16T10:31:33.096+0000: 1416.105: [GC [PSYoungGen: 246863K->1216K(241536K)] 485764K->240197K(928512K), 0.0049500 secs] [Times: user=0.03 sys=0.00, real=0.01 secs] 
2014-07-16T10:31:33.974+0000: 1416.982: [GC [PSYoungGen: 241472K->562K(235072K)] 480453K->239614K(922048K), 0.0067040 secs] [Times: user=0.04 sys=0.01, real=0.01 secs] 
2014-07-16T10:31:34.831+0000: 1417.839: [GC [PSYoungGen: 235058K->512K(229440K)] 474110K->239612K(916416K), 0.0034280 secs] [Times: user=0.02 sys=0.00, real=0.00 secs] 
2014-07-16T10:31:35.651+0000: 1418.660: [GC [PSYoungGen: 229422K->734K(224320K)] 468523K->239882K(911296K), 0.0080180 secs] [Times: user=0.05 sys=0.00, real=0.01 secs] 
2014-07-16T10:31:36.456+0000: 1419.464: [GC [PSYoungGen: 224202K->762K(219136K)] 463351K->239974K(906112K), 0.0055820 secs] [Times: user=0.04 sys=0.00, real=0.01 secs] 
2014-07-16T10:31:37.245+0000: 1420.254: [GC [PSYoungGen: 219115K->740K(214144K)] 458328K->240024K(901120K), 0.0076660 secs] [Times: user=0.04 sys=0.00, real=0.01 secs] 
2014-07-16T10:31:38.003+0000: 1421.011: [GC [PSYoungGen: 214116K->794K(209408K)] 453400K->240158K(896384K), 0.0105580 secs] [Times: user=0.07 sys=0.01, real=0.01 secs] 
2014-07-16T10:31:38.765+0000: 1421.773: [GC [PSYoungGen: 209347K->944K(251264K)] 448712K->240372K(938240K), 0.0140570 secs] [Times: user=0.07 sys=0.00, real=0.02 secs] 
2014-07-16T10:31:39.673+0000: 1422.682: [GC [PSYoungGen: 251238K->702K(260672K)] 490666K->240558K(947648K), 0.0053650 secs] [Times: user=0.04 sys=0.00, real=0.01 secs] 
2014-07-16T10:31:40.618+0000: 1423.626: [GC [PSYoungGen: 260670K->1222K(254784K)] 500526K->241175K(941760K), 0.0041860 secs] [Times: user=0.02 sys=0.00, real=0.01 secs] 
2014-07-16T10:31:41.571+0000: 1424.579: [GC [PSYoungGen: 254726K->128K(247360K)] 494679K->240598K(934336K), 0.0057420 secs] [Times: user=0.03 sys=0.00, real=0.00 secs] 
2014-07-16T10:31:42.456+0000: 1425.464: [GC [PSYoungGen: 247360K->1322K(242560K)] 487830K->241849K(929536K), 0.0039660 secs] [Times: user=0.01 sys=0.00, real=0.01 secs] 
2014-07-16T10:31:43.329+0000: 1426.338: [GC [PSYoungGen: 242538K->876K(236288K)] 483065K->242115K(923264K), 0.0073150 secs] [Times: user=0.05 sys=0.00, real=0.01 secs] 
2014-07-16T10:31:44.188+0000: 1427.197: [GC [PSYoungGen: 236258K->862K(230720K)] 477497K->242197K(917696K), 0.0054390 secs] [Times: user=0.03 sys=0.00, real=0.01 secs] 
2014-07-16T10:31:45.011+0000: 1428.020: [GC [PSYoungGen: 230686K->1208K(225664K)] 472021K->242649K(912640K), 0.0100220 secs] [Times: user=0.06 sys=0.00, real=0.01 secs] 
2014-07-16T10:31:45.892+0000: 1428.901: [GC [PSYoungGen: 225656K->886K(220160K)] 467097K->242439K(907136K), 0.0055670 secs] [Times: user=0.04 sys=0.00, real=0.00 secs] 
2014-07-16T10:31:46.702+0000: 1429.710: [GC [PSYoungGen: 220148K->890K(215168K)] 461701K->242563K(902144K), 0.0041050 secs] [Times: user=0.02 sys=0.00, real=0.00 secs] 
2014-07-16T10:31:47.465+0000: 1430.474: [GC [PSYoungGen: 215161K->1204K(210688K)] 456834K->242965K(897664K), 0.0037080 secs] [Times: user=0.02 sys=0.01, real=0.00 secs] 
2014-07-16T10:31:48.236+0000: 1431.244: [GC [PSYoungGen: 210649K->744K(205568K)] 452410K->242641K(892544K), 0.0071370 secs] [Times: user=0.04 sys=0.00, real=0.01 secs] 
2014-07-16T10:31:48.968+0000: 1431.976: [GC [PSYoungGen: 205541K->1098K(201472K)] 447438K->243083K(888448K), 0.0063890 secs] [Times: user=0.03 sys=0.00, real=0.01 secs] 
2014-07-16T10:31:49.705+0000: 1432.713: [GC [PSYoungGen: 201418K->666K(196672K)] 443403K->242733K(883648K), 0.0039860 secs] [Times: user=0.01 sys=0.00, real=0.00 secs] 
2014-07-16T10:31:50.409+0000: 1433.417: [GC [PSYoungGen: 196601K->812K(192576K)] 438668K->242975K(879552K), 0.0054280 secs] [Times: user=0.03 sys=0.00, real=0.01 secs] 
2014-07-16T10:31:51.204+0000: 1434.212: [GC [PSYoungGen: 192556K->1388K(189120K)] 434719K->243615K(876096K), 0.0058560 secs] [Times: user=0.01 sys=0.00, real=0.00 secs] 
2014-07-16T10:31:51.802+0000: 1434.810: [GC [PSYoungGen: 189100K->1122K(184960K)] 431327K->243421K(871936K), 0.0041480 secs] [Times: user=0.02 sys=0.01, real=0.00 secs] 
2014-07-16T10:31:52.460+0000: 1435.468: [GC [PSYoungGen: 184923K->480K(180544K)] 427223K->242843K(867520K), 0.0038370 secs] [Times: user=0.02 sys=0.00, real=0.01 secs] 
2014-07-16T10:31:53.135+0000: 1436.144: [GC [PSYoungGen: 180512K->948K(177344K)] 422875K->243367K(864320K), 0.0075280 secs] [Times: user=0.04 sys=0.00, real=0.01 secs] 
2014-07-16T10:31:53.786+0000: 1436.794: [GC [PSYoungGen: 177332K->580K(173504K)] 419751K->243079K(860480K), 0.0056190 secs] [Times: user=0.02 sys=0.00, real=0.00 secs] 
2014-07-16T10:31:54.414+0000: 1437.422: [GC [PSYoungGen: 173444K->930K(170368K)] 415943K->243509K(857344K), 0.0085810 secs] [Times: user=0.06 sys=0.00, real=0.01 secs] 
2014-07-16T10:31:55.049+0000: 1438.058: [GC [PSYoungGen: 170338K->644K(166784K)] 412917K->243303K(853760K), 0.0054040 secs] [Times: user=0.03 sys=0.01, real=0.01 secs] 
2014-07-16T10:31:55.686+0000: 1438.694: [GC [PSYoungGen: 166724K->466K(163392K)] 409383K->243181K(850368K), 0.0063160 secs] [Times: user=0.03 sys=0.00, real=0.01 secs] 
2014-07-16T10:31:56.417+0000: 1439.425: [GC [PSYoungGen: 163346K->908K(160704K)] 406061K->243695K(847680K), 0.0044700 secs] [Times: user=0.02 sys=0.00, real=0.00 secs] 
2014-07-16T10:31:56.970+0000: 1439.979: [GC [PSYoungGen: 160652K->1362K(158144K)] 403439K->244213K(845120K), 0.0054120 secs] [Times: user=0.03 sys=0.00, real=0.01 secs] 
2014-07-16T10:31:57.540+0000: 1440.548: [GC [PSYoungGen: 158098K->620K(188736K)] 400949K->243813K(875712K), 0.0086460 secs] [Times: user=0.06 sys=0.00, real=0.01 secs] 
2014-07-16T10:31:58.226+0000: 1441.235: [GC [PSYoungGen: 188676K->1062K(226816K)] 431869K->244335K(913792K), 0.0082790 secs] [Times: user=0.06 sys=0.00, real=0.01 secs] 
2014-07-16T10:31:59.052+0000: 1442.060: [GC [PSYoungGen: 226790K->772K(221312K)] 470063K->244401K(908288K), 0.0052860 secs] [Times: user=0.02 sys=0.00, real=0.01 secs] 
2014-07-16T10:31:59.869+0000: 1442.877: [GC [PSYoungGen: 221252K->740K(216192K)] 464881K->244489K(903168K), 0.0055790 secs] [Times: user=0.04 sys=0.00, real=0.01 secs] 
2014-07-16T10:32:00.650+0000: 1443.658: [GC [PSYoungGen: 216164K->890K(211456K)] 459913K->244703K(898432K), 0.0054530 secs] [Times: user=0.02 sys=0.00, real=0.01 secs] 
2014-07-16T10:32:01.552+0000: 1444.561: [GC [PSYoungGen: 211450K->1390K(207296K)] 455263K->245251K(894272K), 0.0046870 secs] [Times: user=0.01 sys=0.01, real=0.01 secs] 
2014-07-16T10:32:02.288+0000: 1445.296: [GC [PSYoungGen: 207278K->466K(201856K)] 451139K->244383K(888832K), 0.0069740 secs] [Times: user=0.04 sys=0.00, real=0.01 secs] 
2014-07-16T10:32:03.033+0000: 1446.041: [GC [PSYoungGen: 201810K->672K(197696K)] 445727K->244661K(884672K), 0.0050900 secs] [Times: user=0.03 sys=0.00, real=0.01 secs] 
2014-07-16T10:32:03.767+0000: 1446.775: [GC [PSYoungGen: 197662K->1076K(193856K)] 441651K->245129K(880832K), 0.0081570 secs] [Times: user=0.06 sys=0.00, real=0.01 secs] 
2014-07-16T10:32:04.468+0000: 1447.477: [GC [PSYoungGen: 193844K->990K(232384K)] 437897K->245131K(919360K), 0.0203020 secs] [Times: user=0.14 sys=0.01, real=0.02 secs] 
2014-07-16T10:32:05.292+0000: 1448.300: [GC [PSYoungGen: 232350K->644K(243072K)] 476491K->244841K(930048K), 0.0117890 secs] [Times: user=0.06 sys=0.00, real=0.02 secs] 
2014-07-16T10:32:06.184+0000: 1449.192: [GC [PSYoungGen: 242564K->576K(243456K)] 486761K->244869K(930432K), 0.0043940 secs] [Times: user=0.02 sys=0.00, real=0.00 secs] 
2014-07-16T10:32:07.121+0000: 1450.129: [GC [PSYoungGen: 242496K->612K(291712K)] 486789K->244969K(978688K), 0.0071140 secs] [Times: user=0.05 sys=0.00, real=0.01 secs] 
2014-07-16T10:32:08.175+0000: 1451.183: [GC [PSYoungGen: 290916K->908K(283584K)] 535273K->245345K(970560K), 0.0035380 secs] [Times: user=0.02 sys=0.00, real=0.00 secs] 
2014-07-16T10:32:09.205+0000: 1452.214: [GC [PSYoungGen: 283532K->480K(275776K)] 527969K->244997K(962752K), 0.0069980 secs] [Times: user=0.05 sys=0.00, real=0.00 secs] 
2014-07-16T10:32:10.235+0000: 1453.244: [GC [PSYoungGen: 275732K->894K(269056K)] 520249K->245499K(956032K), 0.0044600 secs] [Times: user=0.02 sys=0.00, real=0.00 secs] 
2014-07-16T10:32:11.203+0000: 1454.212: [GC [PSYoungGen: 269054K->480K(261888K)] 513659K->245141K(948864K), 0.0062590 secs] [Times: user=0.04 sys=0.01, real=0.01 secs] 
2014-07-16T10:32:12.273+0000: 1455.282: [GC [PSYoungGen: 261856K->1032K(255936K)] 506517K->245773K(942912K), 0.0067000 secs] [Times: user=0.04 sys=0.00, real=0.01 secs] 
2014-07-16T10:32:13.202+0000: 1456.210: [GC [PSYoungGen: 255880K->726K(249344K)] 500621K->245563K(936320K), 0.0040520 secs] [Times: user=0.02 sys=0.01, real=0.01 secs] 
2014-07-16T10:32:14.104+0000: 1457.112: [GC [PSYoungGen: 249302K->894K(243392K)] 494139K->245795K(930368K), 0.0081800 secs] [Times: user=0.06 sys=0.00, real=0.01 secs] 
2014-07-16T10:32:14.990+0000: 1457.998: [GC [PSYoungGen: 243389K->744K(237440K)] 488291K->245717K(924416K), 0.0093080 secs] [Times: user=0.06 sys=0.01, real=0.01 secs] 
2014-07-16T10:32:15.869+0000: 1458.878: [GC [PSYoungGen: 237416K->1124K(232192K)] 482389K->246185K(919168K), 0.0045060 secs] [Times: user=0.02 sys=0.00, real=0.00 secs] 
2014-07-16T10:32:16.811+0000: 1459.819: [GC [PSYoungGen: 232164K->772K(226432K)] 477225K->245897K(913408K), 0.0064960 secs] [Times: user=0.02 sys=0.00, real=0.01 secs] 
2014-07-16T10:32:17.572+0000: 1460.581: [GC [PSYoungGen: 226334K->1054K(221440K)] 471459K->246251K(908416K), 0.0038840 secs] [Times: user=0.01 sys=0.01, real=0.01 secs] 
2014-07-16T10:32:18.402+0000: 1461.411: [GC [PSYoungGen: 221357K->830K(216128K)] 466554K->246595K(903104K), 0.0060320 secs] [Times: user=0.04 sys=0.01, real=0.01 secs] 
2014-07-16T10:32:19.169+0000: 1462.178: [GC [PSYoungGen: 216083K->866K(211328K)] 461848K->246703K(898304K), 0.0031300 secs] [Times: user=0.01 sys=0.00, real=0.00 secs] 
2014-07-16T10:32:19.940+0000: 1462.949: [GC [PSYoungGen: 211282K->644K(206464K)] 457120K->246561K(893440K), 0.0054070 secs] [Times: user=0.03 sys=0.00, real=0.01 secs] 
2014-07-16T10:32:20.696+0000: 1463.704: [GC [PSYoungGen: 206404K->894K(202112K)] 452321K->246851K(889088K), 0.0062730 secs] [Times: user=0.02 sys=0.00, real=0.01 secs] 
2014-07-16T10:32:21.419+0000: 1464.427: [GC [PSYoungGen: 202110K->676K(197568K)] 448067K->246713K(884544K), 0.0087530 secs] [Times: user=0.05 sys=0.00, real=0.01 secs] 
2014-07-16T10:32:22.153+0000: 1465.162: [GC [PSYoungGen: 197540K->1162K(193856K)] 443577K->247279K(880832K), 0.0038660 secs] [Times: user=0.02 sys=0.01, real=0.01 secs] 
2014-07-16T10:32:22.870+0000: 1465.878: [GC [PSYoungGen: 193716K->946K(189504K)] 439834K->247227K(876480K), 0.0038400 secs] [Times: user=0.02 sys=0.00, real=0.00 secs] 
2014-07-16T10:32:23.532+0000: 1466.540: [GC [PSYoungGen: 189446K->466K(185088K)] 435727K->246811K(872064K), 0.0038780 secs] [Times: user=0.02 sys=0.00, real=0.00 secs] 
2014-07-16T10:32:24.206+0000: 1467.215: [GC [PSYoungGen: 185042K->1358K(182144K)] 431387K->247767K(869120K), 0.0065670 secs] [Times: user=0.02 sys=0.00, real=0.00 secs] 
2014-07-16T10:32:24.864+0000: 1467.873: [GC [PSYoungGen: 182094K->562K(177600K)] 428503K->247043K(864576K), 0.0087400 secs] [Times: user=0.05 sys=0.00, real=0.01 secs] 
2014-07-16T10:32:25.507+0000: 1468.516: [GC [PSYoungGen: 177586K->1248K(174720K)] 424067K->247933K(861696K), 0.0047570 secs] [Times: user=0.02 sys=0.00, real=0.00 secs] 
2014-07-16T10:32:26.193+0000: 1469.201: [GC [PSYoungGen: 174688K->1190K(171200K)] 421373K->247947K(858176K), 0.0067040 secs] [Times: user=0.04 sys=0.00, real=0.01 secs] 
2014-07-16T10:32:26.868+0000: 1469.876: [GC [PSYoungGen: 171174K->1004K(167680K)] 417931K->247891K(854656K), 0.0036860 secs] [Times: user=0.02 sys=0.00, real=0.00 secs] 
2014-07-16T10:32:27.386+0000: 1470.394: [GC [PSYoungGen: 167660K->658K(164096K)] 414547K->247617K(851072K), 0.0041400 secs] [Times: user=0.02 sys=0.00, real=0.01 secs] 
2014-07-16T10:32:27.967+0000: 1470.976: [GC [PSYoungGen: 164050K->1216K(161536K)] 411009K->248231K(848512K), 0.0051880 secs] [Times: user=0.03 sys=0.00, real=0.00 secs] 
2014-07-16T10:32:28.547+0000: 1471.555: [GC [PSYoungGen: 161472K->580K(157824K)] 408487K->247651K(844800K), 0.0048710 secs] [Times: user=0.02 sys=0.00, real=0.01 secs] 
2014-07-16T10:32:29.117+0000: 1472.125: [GC [PSYoungGen: 157764K->516K(154816K)] 404835K->247635K(841792K), 0.0049590 secs] [Times: user=0.03 sys=0.00, real=0.01 secs] 
2014-07-16T10:32:29.666+0000: 1472.674: [GC [PSYoungGen: 154756K->530K(151936K)] 401875K->247761K(838912K), 0.0057540 secs] [Times: user=0.04 sys=0.00, real=0.01 secs] 
2014-07-16T10:32:30.211+0000: 1473.219: [GC [PSYoungGen: 151890K->1012K(149632K)] 399121K->248323K(836608K), 0.0062540 secs] [Times: user=0.03 sys=0.01, real=0.01 secs] 
2014-07-16T10:32:30.748+0000: 1473.757: [GC [PSYoungGen: 149620K->990K(146944K)] 396931K->248381K(833920K), 0.0033170 secs] [Times: user=0.01 sys=0.00, real=0.00 secs] 
2014-07-16T10:32:31.284+0000: 1474.293: [GC [PSYoungGen: 146846K->954K(144256K)] 394237K->248425K(831232K), 0.0032530 secs] [Times: user=0.02 sys=0.00, real=0.01 secs] 
2014-07-16T10:32:31.918+0000: 1474.926: [GC [PSYoungGen: 144250K->928K(141696K)] 391721K->248487K(828672K), 0.0055580 secs] [Times: user=0.03 sys=0.00, real=0.00 secs] 
2014-07-16T10:32:32.382+0000: 1475.390: [GC [PSYoungGen: 141664K->996K(169920K)] 389223K->248643K(856896K), 0.0100140 secs] [Times: user=0.07 sys=0.01, real=0.01 secs] 
2014-07-16T10:32:32.985+0000: 1475.993: [GC [PSYoungGen: 169857K->1044K(203776K)] 417505K->248771K(890752K), 0.0083710 secs] [Times: user=0.06 sys=0.00, real=0.01 secs] 
2014-07-16T10:32:33.712+0000: 1476.720: [GC [PSYoungGen: 203732K->762K(244032K)] 451459K->248553K(931008K), 0.0046620 secs] [Times: user=0.02 sys=0.00, real=0.00 secs] 
2014-07-16T10:32:34.600+0000: 1477.609: [GC [PSYoungGen: 244026K->940K(269760K)] 491817K->248803K(956736K), 0.0082290 secs] [Times: user=0.05 sys=0.00, real=0.01 secs] 
2014-07-16T10:32:35.578+0000: 1478.587: [GC [PSYoungGen: 269223K->916K(262464K)] 517087K->248843K(949440K), 0.0068400 secs] [Times: user=0.04 sys=0.00, real=0.00 secs] 
2014-07-16T10:32:36.529+0000: 1479.537: [GC [PSYoungGen: 262420K->862K(255872K)] 510347K->248853K(942848K), 0.0066450 secs] [Times: user=0.03 sys=0.00, real=0.00 secs] 
2014-07-16T10:32:37.482+0000: 1480.491: [GC [PSYoungGen: 255837K->976K(249664K)] 503829K->249063K(936640K), 0.0050770 secs] [Times: user=0.04 sys=0.00, real=0.00 secs] 
2014-07-16T10:32:38.367+0000: 1481.375: [GC [PSYoungGen: 249616K->544K(243136K)] 497703K->248695K(930112K), 0.0032980 secs] [Times: user=0.02 sys=0.00, real=0.01 secs] 
2014-07-16T10:32:39.254+0000: 1482.262: [GC [PSYoungGen: 243104K->854K(237632K)] 491255K->249101K(924608K), 0.0061440 secs] [Times: user=0.03 sys=0.00, real=0.01 secs] 
2014-07-16T10:32:40.113+0000: 1483.122: [GC [PSYoungGen: 237590K->1026K(232192K)] 485837K->249369K(919168K), 0.0046870 secs] [Times: user=0.02 sys=0.00, real=0.00 secs] 
2014-07-16T10:32:40.945+0000: 1483.953: [GC [PSYoungGen: 232129K->530K(226240K)] 480472K->248961K(913216K), 0.0065050 secs] [Times: user=0.04 sys=0.00, real=0.01 secs] 
2014-07-16T10:32:41.759+0000: 1484.767: [GC [PSYoungGen: 226194K->466K(220928K)] 474625K->248953K(907904K), 0.0067620 secs] [Times: user=0.05 sys=0.00, real=0.01 secs] 
2014-07-16T10:32:42.578+0000: 1485.586: [GC [PSYoungGen: 220846K->794K(216192K)] 469334K->249321K(903168K), 0.0067790 secs] [Times: user=0.05 sys=0.00, real=0.01 secs] 
2014-07-16T10:32:43.373+0000: 1486.381: [GC [PSYoungGen: 216154K->1140K(211648K)] 464681K->249763K(898624K), 0.0094510 secs] [Times: user=0.06 sys=0.00, real=0.01 secs] 
2014-07-16T10:32:44.136+0000: 1487.144: [GC [PSYoungGen: 211636K->740K(206592K)] 460259K->249451K(893568K), 0.0094120 secs] [Times: user=0.06 sys=0.01, real=0.01 secs] 
2014-07-16T10:32:44.887+0000: 1487.895: [GC [PSYoungGen: 206547K->1108K(202432K)] 455259K->249867K(889408K), 0.0037180 secs] [Times: user=0.01 sys=0.00, real=0.01 secs] 
2014-07-16T10:32:45.604+0000: 1488.613: [GC [PSYoungGen: 202388K->612K(242176K)] 451147K->249435K(929152K), 0.0121440 secs] [Times: user=0.08 sys=0.00, real=0.01 secs] 
2014-07-16T10:32:46.490+0000: 1489.498: [GC [PSYoungGen: 242148K->612K(287104K)] 490971K->249491K(974080K), 0.0161010 secs] [Times: user=0.09 sys=0.01, real=0.02 secs] 
2014-07-16T10:32:47.605+0000: 1490.614: [GC [PSYoungGen: 286308K->1400K(291072K)] 535187K->250415K(978048K), 0.0081270 secs] [Times: user=0.05 sys=0.00, real=0.01 secs] 
2014-07-16T10:32:48.721+0000: 1491.730: [GC [PSYoungGen: 291053K->1122K(283200K)] 540069K->250217K(970176K), 0.0070450 secs] [Times: user=0.05 sys=0.00, real=0.00 secs] 
2014-07-16T10:32:49.713+0000: 1492.721: [GC [PSYoungGen: 283170K->498K(275200K)] 532265K->249633K(962176K), 0.0046500 secs] [Times: user=0.02 sys=0.00, real=0.00 secs] 
2014-07-16T10:32:50.756+0000: 1493.765: [GC [PSYoungGen: 275186K->992K(268672K)] 524321K->250207K(955648K), 0.0070910 secs] [Times: user=0.04 sys=0.00, real=0.01 secs] 
2014-07-16T10:32:51.700+0000: 1494.708: [GC [PSYoungGen: 268638K->516K(261440K)] 517854K->249779K(948416K), 0.0072500 secs] [Times: user=0.04 sys=0.00, real=0.01 secs] 
2014-07-16T10:32:52.701+0000: 1495.710: [GC [PSYoungGen: 261379K->434K(254784K)] 510643K->249737K(941760K), 0.0042180 secs] [Times: user=0.02 sys=0.00, real=0.00 secs] 
2014-07-16T10:32:53.639+0000: 1496.647: [GC [PSYoungGen: 254770K->598K(248704K)] 504073K->249957K(935680K), 0.0083910 secs] [Times: user=0.05 sys=0.00, real=0.01 secs] 
2014-07-16T10:32:54.556+0000: 1497.564: [GC [PSYoungGen: 248662K->480K(242496K)] 498021K->249903K(929472K), 0.0130420 secs] [Times: user=0.10 sys=0.01, real=0.01 secs] 
2014-07-16T10:32:55.449+0000: 1498.457: [GC [PSYoungGen: 242442K->776K(236992K)] 491866K->250303K(923968K), 0.0056240 secs] [Times: user=0.04 sys=0.00, real=0.01 secs] 
2014-07-16T10:32:56.302+0000: 1499.310: [GC [PSYoungGen: 236936K->940K(231488K)] 486463K->250555K(918464K), 0.0059250 secs] [Times: user=0.04 sys=0.00, real=0.00 secs] 
2014-07-16T10:32:57.259+0000: 1500.267: [GC [PSYoungGen: 231468K->1210K(226304K)] 481083K->250913K(913280K), 0.0048270 secs] [Times: user=0.03 sys=0.00, real=0.01 secs] 
2014-07-16T10:32:58.009+0000: 1501.018: [GC [PSYoungGen: 226298K->1572K(221504K)] 476001K->251387K(908480K), 0.0084750 secs] [Times: user=0.05 sys=0.01, real=0.01 secs] 
2014-07-16T10:32:58.814+0000: 1501.822: [GC [PSYoungGen: 221476K->420K(215296K)] 471291K->250421K(902272K), 0.0039890 secs] [Times: user=0.03 sys=0.00, real=0.00 secs] 
2014-07-16T10:32:59.590+0000: 1502.598: [GC [PSYoungGen: 215268K->648K(210688K)] 465269K->250681K(897664K), 0.0057730 secs] [Times: user=0.02 sys=0.00, real=0.01 secs] 
2014-07-16T10:33:00.350+0000: 1503.359: [GC [PSYoungGen: 210632K->676K(206016K)] 460665K->250905K(892992K), 0.0090050 secs] [Times: user=0.06 sys=0.00, real=0.01 secs] 
2014-07-16T10:33:01.079+0000: 1504.087: [GC [PSYoungGen: 205962K->658K(201472K)] 456192K->250983K(888448K), 0.0078730 secs] [Times: user=0.05 sys=0.00, real=0.01 secs] 
2014-07-16T10:33:01.828+0000: 1504.836: [GC [PSYoungGen: 201426K->576K(196992K)] 451751K->250933K(883968K), 0.0062630 secs] [Times: user=0.03 sys=0.00, real=0.01 secs] 
2014-07-16T10:33:02.566+0000: 1505.575: [GC [PSYoungGen: 196992K->612K(192832K)] 447349K->251033K(879808K), 0.0076750 secs] [Times: user=0.05 sys=0.00, real=0.01 secs] 
2014-07-16T10:33:03.262+0000: 1506.270: [GC [PSYoungGen: 192802K->826K(188928K)] 443224K->251351K(875904K), 0.0052560 secs] [Times: user=0.04 sys=0.00, real=0.01 secs] 
2014-07-16T10:33:03.961+0000: 1506.969: [GC [PSYoungGen: 188922K->608K(184832K)] 439447K->251213K(871808K), 0.0087190 secs] [Times: user=0.05 sys=0.01, real=0.01 secs] 
2014-07-16T10:33:04.648+0000: 1507.657: [GC [PSYoungGen: 184800K->544K(180992K)] 435405K->251229K(867968K), 0.0058880 secs] [Times: user=0.03 sys=0.00, real=0.01 secs] 
2014-07-16T10:33:05.310+0000: 1508.319: [GC [PSYoungGen: 180960K->562K(177280K)] 431645K->251311K(864256K), 0.0058590 secs] [Times: user=0.03 sys=0.00, real=0.01 secs] 
2014-07-16T10:33:05.954+0000: 1508.962: [GC [PSYoungGen: 177266K->1040K(174208K)] 428015K->251877K(861184K), 0.0039490 secs] [Times: user=0.02 sys=0.00, real=0.00 secs] 
2014-07-16T10:33:06.575+0000: 1509.584: [GC [PSYoungGen: 174160K->768K(170432K)] 424997K->251693K(857408K), 0.0080730 secs] [Times: user=0.05 sys=0.00, real=0.01 secs] 
2014-07-16T10:33:07.215+0000: 1510.224: [GC [PSYoungGen: 170432K->566K(204224K)] 421357K->251523K(891200K), 0.0123810 secs] [Times: user=0.08 sys=0.00, real=0.01 secs] 
2014-07-16T10:33:08.065+0000: 1511.073: [GC [PSYoungGen: 204214K->854K(245312K)] 455171K->251899K(932288K), 0.0070800 secs] [Times: user=0.03 sys=0.00, real=0.01 secs] 
2014-07-16T10:33:08.931+0000: 1511.939: [GC [PSYoungGen: 245270K->1016K(239552K)] 496315K->252133K(926528K), 0.0050570 secs] [Times: user=0.03 sys=0.00, real=0.01 secs] 
2014-07-16T10:33:09.813+0000: 1512.822: [GC [PSYoungGen: 239544K->384K(233216K)] 490661K->251549K(920192K), 0.0033910 secs] [Times: user=0.02 sys=0.00, real=0.00 secs] 
2014-07-16T10:33:10.650+0000: 1513.658: [GC [PSYoungGen: 233216K->480K(227840K)] 484381K->251717K(914816K), 0.0048610 secs] [Times: user=0.03 sys=0.00, real=0.01 secs] 
2014-07-16T10:33:11.495+0000: 1514.504: [GC [PSYoungGen: 227807K->530K(222592K)] 479045K->251839K(909568K), 0.0088690 secs] [Times: user=0.06 sys=0.00, real=0.01 secs] 
2014-07-16T10:33:12.299+0000: 1515.308: [GC [PSYoungGen: 222482K->1084K(217984K)] 473792K->252465K(904960K), 0.0070190 secs] [Times: user=0.05 sys=0.00, real=0.01 secs] 
2014-07-16T10:33:13.123+0000: 1516.131: [GC [PSYoungGen: 217980K->576K(212544K)] 469361K->252061K(899520K), 0.0057820 secs] [Times: user=0.04 sys=0.00, real=0.01 secs] 
2014-07-16T10:33:13.896+0000: 1516.904: [GC [PSYoungGen: 212544K->1144K(208384K)] 464029K->252725K(895360K), 0.0050820 secs] [Times: user=0.03 sys=0.00, real=0.00 secs] 
2014-07-16T10:33:14.641+0000: 1517.649: [GC [PSYoungGen: 208376K->776K(203456K)] 459957K->252437K(890432K), 0.0072760 secs] [Times: user=0.05 sys=0.00, real=0.01 secs] 
2014-07-16T10:33:15.386+0000: 1518.394: [GC [PSYoungGen: 203400K->908K(199168K)] 455061K->252665K(886144K), 0.0077520 secs] [Times: user=0.05 sys=0.00, real=0.01 secs] 
2014-07-16T10:33:16.103+0000: 1519.112: [GC [PSYoungGen: 199116K->576K(194496K)] 450873K->252421K(881472K), 0.0081650 secs] [Times: user=0.06 sys=0.00, real=0.01 secs] 
2014-07-16T10:33:16.847+0000: 1519.856: [GC [PSYoungGen: 194481K->990K(190784K)] 446327K->252907K(877760K), 0.0056190 secs] [Times: user=0.04 sys=0.00, real=0.00 secs] 
2014-07-16T10:33:17.659+0000: 1520.667: [GC [PSYoungGen: 190750K->1374K(187200K)] 442667K->253387K(874176K), 0.0052790 secs] [Times: user=0.03 sys=0.00, real=0.01 secs] 
2014-07-16T10:33:18.272+0000: 1521.281: [GC [PSYoungGen: 187166K->438K(182400K)] 439179K->253093K(869376K), 0.0064700 secs] [Times: user=0.04 sys=0.00, real=0.01 secs] 
2014-07-16T10:33:18.940+0000: 1521.949: [GC [PSYoungGen: 182390K->904K(179200K)] 435045K->253639K(866176K), 0.0048890 secs] [Times: user=0.03 sys=0.00, real=0.01 secs] 
2014-07-16T10:33:19.574+0000: 1522.582: [GC [PSYoungGen: 179144K->498K(175168K)] 431879K->253455K(862144K), 0.0030020 secs] [Times: user=0.02 sys=0.00, real=0.01 secs] 
2014-07-16T10:33:20.208+0000: 1523.216: [GC [PSYoungGen: 175154K->1148K(210752K)] 428111K->254178K(897728K), 0.0135300 secs] [Times: user=0.09 sys=0.00, real=0.01 secs] 
2014-07-16T10:33:20.984+0000: 1523.992: [GC [PSYoungGen: 210748K->758K(205696K)] 463778K->253875K(892672K), 0.0034800 secs] [Times: user=0.02 sys=0.00, real=0.01 secs] 
2014-07-16T10:33:21.730+0000: 1524.738: [GC [PSYoungGen: 205686K->566K(201024K)] 458803K->253747K(888000K), 0.0063960 secs] [Times: user=0.04 sys=0.00, real=0.01 secs] 
2014-07-16T10:33:22.447+0000: 1525.456: [GC [PSYoungGen: 200983K->802K(196928K)] 454164K->254047K(883904K), 0.0055890 secs] [Times: user=0.04 sys=0.01, real=0.00 secs] 
2014-07-16T10:33:23.246+0000: 1526.255: [GC [PSYoungGen: 196898K->818K(192704K)] 450143K->254127K(879680K), 0.0048710 secs] [Times: user=0.02 sys=0.00, real=0.00 secs] 
2014-07-16T10:33:23.934+0000: 1526.942: [GC [PSYoungGen: 192690K->998K(188864K)] 445999K->254379K(875840K), 0.0033310 secs] [Times: user=0.01 sys=0.00, real=0.01 secs] 
2014-07-16T10:33:24.613+0000: 1527.622: [GC [PSYoungGen: 188831K->890K(184832K)] 442213K->254351K(871808K), 0.0068050 secs] [Times: user=0.03 sys=0.00, real=0.01 secs] 
2014-07-16T10:33:25.276+0000: 1528.284: [GC [PSYoungGen: 184826K->402K(180608K)] 438287K->253935K(867584K), 0.0075160 secs] [Times: user=0.05 sys=0.00, real=0.00 secs] 
2014-07-16T10:33:25.945+0000: 1528.954: [GC [PSYoungGen: 180562K->594K(177152K)] 434095K->254199K(864128K), 0.0049240 secs] [Times: user=0.02 sys=0.00, real=0.01 secs] 
2014-07-16T10:33:26.585+0000: 1529.593: [GC [PSYoungGen: 177106K->726K(173696K)] 430711K->254395K(860672K), 0.0044510 secs] [Times: user=0.02 sys=0.00, real=0.01 secs] 
2014-07-16T10:33:27.215+0000: 1530.223: [GC [PSYoungGen: 173654K->576K(170048K)] 427323K->254317K(857024K), 0.0077060 secs] [Times: user=0.05 sys=0.00, real=0.01 secs] 
2014-07-16T10:33:27.899+0000: 1530.907: [GC [PSYoungGen: 170048K->890K(204288K)] 423789K->254695K(891264K), 0.0099990 secs] [Times: user=0.05 sys=0.01, real=0.01 secs] 
2014-07-16T10:33:28.657+0000: 1531.665: [GC [PSYoungGen: 204282K->780K(244928K)] 458087K->254657K(931904K), 0.0091630 secs] [Times: user=0.06 sys=0.00, real=0.01 secs] 
2014-07-16T10:33:29.538+0000: 1532.546: [GC [PSYoungGen: 244876K->676K(258368K)] 498753K->254633K(945344K), 0.0078960 secs] [Times: user=0.05 sys=0.00, real=0.00 secs] 
2014-07-16T10:33:30.465+0000: 1533.474: [GC [PSYoungGen: 258148K->998K(252096K)] 512105K->255019K(939072K), 0.0039010 secs] [Times: user=0.02 sys=0.00, real=0.01 secs] 
2014-07-16T10:33:31.393+0000: 1534.401: [GC [PSYoungGen: 252070K->228K(245184K)] 506091K->254819K(932160K), 0.0061480 secs] [Times: user=0.03 sys=0.01, real=0.01 secs] 
2014-07-16T10:33:32.281+0000: 1535.289: [GC [PSYoungGen: 245130K->1208K(240192K)] 499722K->255956K(927168K), 0.0056930 secs] [Times: user=0.03 sys=0.00, real=0.00 secs] 
2014-07-16T10:33:33.206+0000: 1536.214: [GC [PSYoungGen: 240155K->926K(234240K)] 494903K->256222K(921216K), 0.0075860 secs] [Times: user=0.05 sys=0.00, real=0.01 secs] 
2014-07-16T10:33:34.010+0000: 1537.018: [GC [PSYoungGen: 234206K->530K(228352K)] 489502K->255897K(915328K), 0.0071630 secs] [Times: user=0.05 sys=0.00, real=0.00 secs] 
2014-07-16T10:33:34.839+0000: 1537.847: [GC [PSYoungGen: 228259K->676K(223168K)] 483626K->256124K(910144K), 0.0057950 secs] [Times: user=0.03 sys=0.00, real=0.00 secs] 
2014-07-16T10:33:35.636+0000: 1538.645: [GC [PSYoungGen: 223107K->1326K(218688K)] 478555K->256854K(905664K), 0.0089410 secs] [Times: user=0.05 sys=0.00, real=0.01 secs] 
2014-07-16T10:33:36.415+0000: 1539.423: [GC [PSYoungGen: 218670K->698K(213120K)] 474198K->256306K(900096K), 0.0088980 secs] [Times: user=0.05 sys=0.00, real=0.01 secs] 
2014-07-16T10:33:37.191+0000: 1540.200: [GC [PSYoungGen: 213114K->644K(208384K)] 468722K->256348K(895360K), 0.0052470 secs] [Times: user=0.03 sys=0.00, real=0.00 secs] 
2014-07-16T10:33:38.038+0000: 1541.046: [GC [PSYoungGen: 208324K->1204K(204288K)] 464028K->256996K(891264K), 0.0063760 secs] [Times: user=0.04 sys=0.00, real=0.00 secs] 
2014-07-16T10:33:38.717+0000: 1541.725: [GC [PSYoungGen: 204276K->836K(199552K)] 460068K->256708K(886528K), 0.0073330 secs] [Times: user=0.04 sys=0.00, real=0.01 secs] 
2014-07-16T10:33:39.414+0000: 1542.422: [GC [PSYoungGen: 199492K->898K(195328K)] 455364K->256866K(882304K), 0.0054820 secs] [Times: user=0.04 sys=0.00, real=0.01 secs] 
2014-07-16T10:33:40.119+0000: 1543.128: [GC [PSYoungGen: 195266K->580K(190848K)] 451234K->256604K(877824K), 0.0049930 secs] [Times: user=0.03 sys=0.00, real=0.00 secs] 
2014-07-16T10:33:40.811+0000: 1543.819: [GC [PSYoungGen: 190739K->598K(186816K)] 446763K->256702K(873792K), 0.0034240 secs] [Times: user=0.02 sys=0.00, real=0.00 secs] 
2014-07-16T10:33:41.473+0000: 1544.482: [GC [PSYoungGen: 186774K->726K(183040K)] 442878K->256894K(870016K), 0.0033460 secs] [Times: user=0.02 sys=0.00, real=0.00 secs] 
2014-07-16T10:33:42.203+0000: 1545.212: [GC [PSYoungGen: 182986K->830K(179392K)] 439154K->257062K(866368K), 0.0052200 secs] [Times: user=0.03 sys=0.00, real=0.01 secs] 
2014-07-16T10:33:42.822+0000: 1545.830: [GC [PSYoungGen: 179390K->840K(175808K)] 435622K->257152K(862784K), 0.0035050 secs] [Times: user=0.02 sys=0.00, real=0.00 secs] 
2014-07-16T10:33:43.466+0000: 1546.474: [GC [PSYoungGen: 175752K->994K(172416K)] 432064K->257428K(859392K), 0.0055310 secs] [Times: user=0.04 sys=0.00, real=0.01 secs] 
2014-07-16T10:33:44.088+0000: 1547.096: [GC [PSYoungGen: 172386K->812K(168832K)] 428820K->257318K(855808K), 0.0038710 secs] [Times: user=0.02 sys=0.00, real=0.00 secs] 
2014-07-16T10:33:44.706+0000: 1547.715: [GC [PSYoungGen: 168812K->608K(165376K)] 425318K->257185K(852352K), 0.0052880 secs] [Times: user=0.04 sys=0.00, real=0.01 secs] 
2014-07-16T10:33:45.290+0000: 1548.299: [GC [PSYoungGen: 165344K->640K(162176K)] 421921K->257297K(849152K), 0.0040760 secs] [Times: user=0.02 sys=0.00, real=0.00 secs] 
2014-07-16T10:33:45.874+0000: 1548.882: [GC [PSYoungGen: 162130K->584K(159104K)] 418788K->257290K(846080K), 0.0068690 secs] [Times: user=0.04 sys=0.01, real=0.01 secs] 
2014-07-16T10:33:46.449+0000: 1549.457: [GC [PSYoungGen: 159048K->1122K(156608K)] 415754K->257924K(843584K), 0.0041260 secs] [Times: user=0.03 sys=0.00, real=0.01 secs] 
2014-07-16T10:33:47.008+0000: 1550.016: [GC [PSYoungGen: 156578K->816K(153408K)] 413380K->257917K(840384K), 0.0057010 secs] [Times: user=0.03 sys=0.01, real=0.01 secs] 
2014-07-16T10:33:47.558+0000: 1550.566: [GC [PSYoungGen: 153304K->1380K(151168K)] 410406K->258577K(838144K), 0.0037890 secs] [Times: user=0.03 sys=0.00, real=0.01 secs] 
2014-07-16T10:33:48.243+0000: 1551.252: [GC [PSYoungGen: 151140K->616K(180352K)] 408337K->258239K(867328K), 0.0152810 secs] [Times: user=0.10 sys=0.00, real=0.01 secs] 
2014-07-16T10:33:48.936+0000: 1551.944: [GC [PSYoungGen: 180328K->798K(216512K)] 437951K->258493K(903488K), 0.0053380 secs] [Times: user=0.04 sys=0.00, real=0.01 secs] 
2014-07-16T10:33:49.735+0000: 1552.744: [GC [PSYoungGen: 216478K->644K(211520K)] 474173K->258677K(898496K), 0.0059060 secs] [Times: user=0.04 sys=0.00, real=0.01 secs] 
2014-07-16T10:33:50.477+0000: 1553.485: [GC [PSYoungGen: 211460K->580K(243968K)] 469493K->258669K(930944K), 0.0089310 secs] [Times: user=0.05 sys=0.00, real=0.01 secs] 
2014-07-16T10:33:51.391+0000: 1554.399: [GC [PSYoungGen: 243076K->1194K(237888K)] 501165K->259339K(924864K), 0.0048610 secs] [Times: user=0.02 sys=0.00, real=0.00 secs] 
2014-07-16T10:33:52.244+0000: 1555.252: [GC [PSYoungGen: 237866K->904K(232000K)] 496011K->259145K(918976K), 0.0105290 secs] [Times: user=0.07 sys=0.00, real=0.01 secs] 
2014-07-16T10:33:53.191+0000: 1556.199: [GC [PSYoungGen: 231944K->918K(226560K)] 490185K->259313K(913536K), 0.0072750 secs] [Times: user=0.06 sys=0.00, real=0.00 secs] 
2014-07-16T10:33:53.968+0000: 1556.976: [GC [PSYoungGen: 226474K->894K(221248K)] 484870K->259369K(908224K), 0.0070810 secs] [Times: user=0.04 sys=0.00, real=0.01 secs] 
2014-07-16T10:33:54.771+0000: 1557.780: [GC [PSYoungGen: 221246K->722K(216064K)] 479721K->259261K(903040K), 0.0034560 secs] [Times: user=0.02 sys=0.00, real=0.00 secs] 
2014-07-16T10:33:55.551+0000: 1558.559: [GC [PSYoungGen: 216018K->384K(210816K)] 474557K->258987K(897792K), 0.0057940 secs] [Times: user=0.03 sys=0.00, real=0.00 secs] 
2014-07-16T10:33:56.305+0000: 1559.313: [GC [PSYoungGen: 210816K->612K(206400K)] 469419K->259287K(893376K), 0.0062290 secs] [Times: user=0.04 sys=0.00, real=0.01 secs] 
2014-07-16T10:33:57.047+0000: 1560.056: [GC [PSYoungGen: 206319K->730K(201984K)] 464995K->259461K(888960K), 0.0075690 secs] [Times: user=0.04 sys=0.00, real=0.01 secs] 
2014-07-16T10:33:57.775+0000: 1560.783: [GC [PSYoungGen: 201946K->644K(197568K)] 460677K->259431K(884544K), 0.0038570 secs] [Times: user=0.02 sys=0.00, real=0.00 secs] 
2014-07-16T10:33:58.538+0000: 1561.546: [GC [PSYoungGen: 197508K->986K(193664K)] 456295K->259861K(880640K), 0.0072650 secs] [Times: user=0.04 sys=0.00, real=0.01 secs] 
2014-07-16T10:33:59.307+0000: 1562.316: [GC [PSYoungGen: 193626K->772K(189376K)] 452501K->259719K(876352K), 0.0087050 secs] [Times: user=0.04 sys=0.00, real=0.01 secs] 
2014-07-16T10:33:59.960+0000: 1562.969: [GC [PSYoungGen: 189316K->448K(185024K)] 448263K->259475K(872000K), 0.0038970 secs] [Times: user=0.02 sys=0.00, real=0.01 secs] 
2014-07-16T10:34:00.627+0000: 1563.635: [GC [PSYoungGen: 185024K->602K(181376K)] 444051K->259701K(868352K), 0.0063260 secs] [Times: user=0.03 sys=0.00, real=0.01 secs] 
2014-07-16T10:34:01.297+0000: 1564.306: [GC [PSYoungGen: 181338K->826K(177856K)] 440437K->259989K(864832K), 0.0052410 secs] [Times: user=0.02 sys=0.00, real=0.01 secs] 
2014-07-16T10:34:01.917+0000: 1564.926: [GC [PSYoungGen: 177850K->544K(174016K)] 437013K->259787K(860992K), 0.0055230 secs] [Times: user=0.04 sys=0.00, real=0.01 secs] 
2014-07-16T10:34:02.562+0000: 1565.571: [GC [PSYoungGen: 173944K->1150K(171136K)] 433187K->260481K(858112K), 0.0047920 secs] [Times: user=0.03 sys=0.01, real=0.00 secs] 
2014-07-16T10:34:03.259+0000: 1566.267: [GC [PSYoungGen: 171111K->894K(167552K)] 430443K->260531K(854528K), 0.0032240 secs] [Times: user=0.02 sys=0.00, real=0.01 secs] 
2014-07-16T10:34:03.777+0000: 1566.785: [GC [PSYoungGen: 167550K->876K(164288K)] 427187K->260617K(851264K), 0.0064150 secs] [Times: user=0.04 sys=0.00, real=0.01 secs] 
2014-07-16T10:34:04.377+0000: 1567.385: [GC [PSYoungGen: 164236K->844K(161152K)] 423977K->260731K(848128K), 0.0032600 secs] [Times: user=0.02 sys=0.00, real=0.00 secs] 
2014-07-16T10:34:04.966+0000: 1567.975: [GC [PSYoungGen: 161100K->876K(158080K)] 420987K->260843K(845056K), 0.0033650 secs] [Times: user=0.02 sys=0.01, real=0.00 secs] 
2014-07-16T10:34:05.527+0000: 1568.535: [GC [PSYoungGen: 158060K->662K(154944K)] 418027K->260709K(841920K), 0.0058930 secs] [Times: user=0.04 sys=0.00, real=0.01 secs] 
2014-07-16T10:34:06.086+0000: 1569.095: [GC [PSYoungGen: 154884K->958K(152320K)] 414932K->261069K(839296K), 0.0060560 secs] [Times: user=0.02 sys=0.00, real=0.01 secs] 
2014-07-16T10:34:06.634+0000: 1569.643: [GC [PSYoungGen: 152317K->780K(182464K)] 412428K->260955K(869440K), 0.0086410 secs] [Times: user=0.06 sys=0.00, real=0.01 secs] 
2014-07-16T10:34:07.308+0000: 1570.317: [GC [PSYoungGen: 182387K->448K(218432K)] 442563K->260671K(905408K), 0.0067000 secs] [Times: user=0.04 sys=0.00, real=0.01 secs] 
2014-07-16T10:34:08.100+0000: 1571.108: [GC [PSYoungGen: 218412K->708K(213760K)] 478636K->261035K(900736K), 0.0076130 secs] [Times: user=0.05 sys=0.00, real=0.01 secs] 
2014-07-16T10:34:08.922+0000: 1571.930: [GC [PSYoungGen: 213700K->844K(209088K)] 474027K->261243K(896064K), 0.0032890 secs] [Times: user=0.02 sys=0.00, real=0.01 secs] 
2014-07-16T10:34:09.666+0000: 1572.674: [GC [PSYoungGen: 209036K->666K(204288K)] 469435K->261113K(891264K), 0.0073250 secs] [Times: user=0.04 sys=0.00, real=0.01 secs] 
2014-07-16T10:34:10.401+0000: 1573.410: [GC [PSYoungGen: 204250K->562K(199680K)] 464697K->261081K(886656K), 0.0031300 secs] [Times: user=0.02 sys=0.00, real=0.01 secs] 
2014-07-16T10:34:11.119+0000: 1574.127: [GC [PSYoungGen: 199665K->762K(195584K)] 460185K->261337K(882560K), 0.0053750 secs] [Times: user=0.03 sys=0.00, real=0.01 secs] 
2014-07-16T10:34:11.822+0000: 1574.830: [GC [PSYoungGen: 195575K->804K(191488K)] 456151K->261475K(878464K), 0.0049030 secs] [Times: user=0.03 sys=0.00, real=0.01 secs] 
2014-07-16T10:34:12.522+0000: 1575.530: [GC [PSYoungGen: 191426K->766K(187392K)] 452097K->261851K(874368K), 0.0107470 secs] [Times: user=0.07 sys=0.00, real=0.01 secs] 
2014-07-16T10:34:13.187+0000: 1576.196: [GC [PSYoungGen: 187367K->726K(183488K)] 448452K->261915K(870464K), 0.0062140 secs] [Times: user=0.03 sys=0.00, real=0.01 secs] 
2014-07-16T10:34:13.890+0000: 1576.899: [GC [PSYoungGen: 183412K->690K(179648K)] 444602K->261967K(866624K), 0.0057280 secs] [Times: user=0.03 sys=0.00, real=0.01 secs] 
2014-07-16T10:34:14.530+0000: 1577.538: [GC [PSYoungGen: 179634K->662K(176000K)] 440911K->262019K(862976K), 0.0038800 secs] [Times: user=0.01 sys=0.00, real=0.01 secs] 
2014-07-16T10:34:15.183+0000: 1578.192: [GC [PSYoungGen: 175958K->480K(172288K)] 437315K->261925K(859264K), 0.0033450 secs] [Times: user=0.01 sys=0.00, real=0.00 secs] 
2014-07-16T10:34:15.811+0000: 1578.819: [GC [PSYoungGen: 172254K->822K(169216K)] 433700K->262347K(856192K), 0.0055260 secs] [Times: user=0.03 sys=0.00, real=0.01 secs] 
2014-07-16T10:34:16.428+0000: 1579.437: [GC [PSYoungGen: 169173K->930K(166080K)] 430699K->262519K(853056K), 0.0059700 secs] [Times: user=0.03 sys=0.00, real=0.01 secs] 
2014-07-16T10:34:17.027+0000: 1580.035: [GC [PSYoungGen: 166016K->676K(198848K)] 427605K->262337K(885824K), 0.0114370 secs] [Times: user=0.06 sys=0.00, real=0.01 secs] 
2014-07-16T10:34:17.759+0000: 1580.768: [GC [PSYoungGen: 198820K->562K(234368K)] 460481K->262311K(921344K), 0.0066660 secs] [Times: user=0.04 sys=0.00, real=0.01 secs] 
2014-07-16T10:34:18.671+0000: 1581.679: [GC [PSYoungGen: 234083K->1026K(234752K)] 495833K->262839K(921728K), 0.0092430 secs] [Times: user=0.05 sys=0.00, real=0.01 secs] 
2014-07-16T10:34:19.522+0000: 1582.531: [GC [PSYoungGen: 234521K->748K(281408K)] 496335K->262625K(968384K), 0.0128920 secs] [Times: user=0.07 sys=0.00, real=0.02 secs] 
2014-07-16T10:34:20.572+0000: 1583.581: [GC [PSYoungGen: 281004K->740K(281472K)] 542881K->262657K(968448K), 0.0137130 secs] [Times: user=0.08 sys=0.00, real=0.02 secs] 
2014-07-16T10:34:21.579+0000: 1584.587: [GC [PSYoungGen: 280996K->818K(337472K)] 542913K->262823K(1024448K), 0.0064200 secs] [Times: user=0.03 sys=0.01, real=0.01 secs] 
2014-07-16T10:34:22.808+0000: 1585.816: [GC [PSYoungGen: 337138K->1022K(327872K)] 599143K->263091K(1014848K), 0.0091240 secs] [Times: user=0.05 sys=0.01, real=0.01 secs] 
2014-07-16T10:34:24.037+0000: 1587.045: [GC [PSYoungGen: 327870K->192K(317952K)] 589939K->262569K(1004928K), 0.0068450 secs] [Times: user=0.05 sys=0.00, real=0.01 secs] 
2014-07-16T10:34:25.191+0000: 1588.199: [GC [PSYoungGen: 317952K->1194K(310208K)] 580329K->263802K(997184K), 0.0043440 secs] [Times: user=0.02 sys=0.00, real=0.01 secs] 
2014-07-16T10:34:26.305+0000: 1589.313: [GC [PSYoungGen: 310184K->1076K(301696K)] 572792K->263994K(988672K), 0.0085020 secs] [Times: user=0.06 sys=0.00, real=0.01 secs] 
2014-07-16T10:34:27.415+0000: 1590.423: [GC [PSYoungGen: 301653K->662K(293248K)] 564571K->263636K(980224K), 0.0107980 secs] [Times: user=0.06 sys=0.00, real=0.01 secs] 
2014-07-16T10:34:28.478+0000: 1591.487: [GC [PSYoungGen: 293206K->384K(285184K)] 556180K->263389K(972160K), 0.0140030 secs] [Times: user=0.06 sys=0.00, real=0.01 secs] 
2014-07-16T10:34:29.576+0000: 1592.584: [GC [PSYoungGen: 285161K->1058K(278464K)] 548167K->264120K(965440K), 0.0093700 secs] [Times: user=0.06 sys=0.00, real=0.01 secs] 
2014-07-16T10:34:30.597+0000: 1593.605: [GC [PSYoungGen: 278434K->1130K(271360K)] 541496K->264248K(958336K), 0.0031640 secs] [Times: user=0.02 sys=0.00, real=0.00 secs] 
2014-07-16T10:34:31.568+0000: 1594.576: [GC [PSYoungGen: 271338K->544K(263872K)] 534456K->263725K(950848K), 0.0075930 secs] [Times: user=0.05 sys=0.00, real=0.00 secs] 
2014-07-16T10:34:32.531+0000: 1595.539: [GC [PSYoungGen: 263840K->666K(257408K)] 527021K->263896K(944384K), 0.0037450 secs] [Times: user=0.02 sys=0.00, real=0.00 secs] 
2014-07-16T10:34:33.477+0000: 1596.485: [GC [PSYoungGen: 257352K->986K(251328K)] 520582K->264328K(938304K), 0.0069660 secs] [Times: user=0.04 sys=0.00, real=0.00 secs] 
2014-07-16T10:34:34.429+0000: 1597.438: [GC [PSYoungGen: 251290K->1022K(245184K)] 514632K->264444K(932160K), 0.0054630 secs] [Times: user=0.03 sys=0.00, real=0.00 secs] 
2014-07-16T10:34:35.303+0000: 1598.311: [GC [PSYoungGen: 245138K->1144K(239424K)] 508560K->264630K(926400K), 0.0045750 secs] [Times: user=0.02 sys=0.00, real=0.01 secs] 
2014-07-16T10:34:36.201+0000: 1599.209: [GC [PSYoungGen: 239347K->948K(233536K)] 502833K->264582K(920512K), 0.0043360 secs] [Times: user=0.01 sys=0.00, real=0.00 secs] 
2014-07-16T10:34:37.044+0000: 1600.052: [GC [PSYoungGen: 233524K->994K(228096K)] 497158K->264684K(915072K), 0.0074520 secs] [Times: user=0.04 sys=0.00, real=0.01 secs] 
2014-07-16T10:34:37.877+0000: 1600.886: [GC [PSYoungGen: 228066K->698K(222464K)] 491756K->264436K(909440K), 0.0077150 secs] [Times: user=0.04 sys=0.00, real=0.00 secs] 
2014-07-16T10:34:38.778+0000: 1601.786: [GC [PSYoungGen: 222458K->1278K(217920K)] 486196K->265088K(904896K), 0.0037960 secs] [Times: user=0.02 sys=0.00, real=0.00 secs] 
2014-07-16T10:34:39.468+0000: 1602.476: [GC [PSYoungGen: 217916K->1126K(212864K)] 481726K->265090K(899840K), 0.0103310 secs] [Times: user=0.03 sys=0.00, real=0.01 secs] 
2014-07-16T10:34:40.230+0000: 1603.239: [GC [PSYoungGen: 212838K->836K(207872K)] 476802K->264872K(894848K), 0.0064950 secs] [Times: user=0.04 sys=0.00, real=0.01 secs] 
2014-07-16T10:34:40.994+0000: 1604.002: [GC [PSYoungGen: 207812K->968K(203392K)] 471848K->265116K(890368K), 0.0095990 secs] [Times: user=0.07 sys=0.00, real=0.01 secs] 
2014-07-16T10:34:41.743+0000: 1604.751: [GC [PSYoungGen: 203335K->1368K(199360K)] 467483K->265588K(886336K), 0.0041160 secs] [Times: user=0.03 sys=0.00, real=0.00 secs] 
2014-07-16T10:34:42.460+0000: 1605.468: [GC [PSYoungGen: 199302K->806K(194496K)] 463522K->265196K(881472K), 0.0066870 secs] [Times: user=0.04 sys=0.01, real=0.00 secs] 
2014-07-16T10:34:43.171+0000: 1606.179: [GC [PSYoungGen: 194470K->786K(190400K)] 458860K->265232K(877376K), 0.0068440 secs] [Times: user=0.02 sys=0.00, real=0.01 secs] 
2014-07-16T10:34:43.952+0000: 1606.961: [GC [PSYoungGen: 190326K->1454K(187072K)] 454772K->265956K(874048K), 0.0072930 secs] [Times: user=0.04 sys=0.00, real=0.01 secs] 
2014-07-16T10:34:44.564+0000: 1607.572: [GC [PSYoungGen: 187004K->876K(182656K)] 451506K->265482K(869632K), 0.0057000 secs] [Times: user=0.04 sys=0.00, real=0.01 secs] 
2014-07-16T10:34:45.224+0000: 1608.232: [GC [PSYoungGen: 182636K->1126K(179200K)] 447242K->265780K(866176K), 0.0035530 secs] [Times: user=0.02 sys=0.00, real=0.00 secs] 
2014-07-16T10:34:45.859+0000: 1608.867: [GC [PSYoungGen: 179174K->726K(175232K)] 443828K->265468K(862208K), 0.0083560 secs] [Times: user=0.06 sys=0.00, real=0.00 secs] 
2014-07-16T10:34:46.484+0000: 1609.493: [GC [PSYoungGen: 175189K->954K(171904K)] 439931K->265760K(858880K), 0.0044540 secs] [Times: user=0.03 sys=0.00, real=0.01 secs] 
2014-07-16T10:34:47.100+0000: 1610.109: [GC [PSYoungGen: 171898K->826K(168384K)] 436704K->265728K(855360K), 0.0067540 secs] [Times: user=0.04 sys=0.01, real=0.00 secs] 
2014-07-16T10:34:47.723+0000: 1610.731: [GC [PSYoungGen: 168378K->868K(165184K)] 433280K->265834K(852160K), 0.0079650 secs] [Times: user=0.05 sys=0.00, real=0.01 secs] 
2014-07-16T10:34:48.317+0000: 1611.325: [GC [PSYoungGen: 165145K->694K(161856K)] 430111K->265740K(848832K), 0.0051010 secs] [Times: user=0.03 sys=0.00, real=0.01 secs] 
2014-07-16T10:34:48.994+0000: 1612.002: [GC [PSYoungGen: 161846K->832K(158912K)] 426892K->265934K(845888K), 0.0044130 secs] [Times: user=0.02 sys=0.00, real=0.01 secs] 
2014-07-16T10:34:49.474+0000: 1612.482: [GC [PSYoungGen: 158902K->1432K(156608K)] 424004K->266614K(843584K), 0.0047180 secs] [Times: user=0.02 sys=0.00, real=0.01 secs] 
2014-07-16T10:34:50.038+0000: 1613.046: [GC [PSYoungGen: 156568K->702K(152960K)] 421750K->265972K(839936K), 0.0054990 secs] [Times: user=0.02 sys=0.00, real=0.01 secs] 
2014-07-16T10:34:50.591+0000: 1613.599: [GC [PSYoungGen: 152958K->794K(150272K)] 418228K->266144K(837248K), 0.0028470 secs] [Times: user=0.02 sys=0.00, real=0.00 secs] 
2014-07-16T10:34:51.131+0000: 1614.139: [GC [PSYoungGen: 150194K->434K(147200K)] 415544K->265940K(834176K), 0.0039960 secs] [Times: user=0.01 sys=0.00, real=0.00 secs] 
2014-07-16T10:34:51.664+0000: 1614.672: [GC [PSYoungGen: 147186K->634K(144768K)] 412692K->266204K(831744K), 0.0046430 secs] [Times: user=0.03 sys=0.00, real=0.00 secs] 
2014-07-16T10:34:52.188+0000: 1615.196: [GC [PSYoungGen: 144730K->762K(142336K)] 410301K->266388K(829312K), 0.0045610 secs] [Times: user=0.02 sys=0.00, real=0.01 secs] 
2014-07-16T10:34:52.711+0000: 1615.719: [GC [PSYoungGen: 142330K->808K(139904K)] 407956K->266514K(826880K), 0.0052790 secs] [Times: user=0.03 sys=0.00, real=0.00 secs] 
2014-07-16T10:34:53.202+0000: 1616.210: [GC [PSYoungGen: 139880K->712K(137408K)] 405586K->266482K(824384K), 0.0039510 secs] [Times: user=0.02 sys=0.00, real=0.00 secs] 
2014-07-16T10:34:53.694+0000: 1616.702: [GC [PSYoungGen: 137352K->566K(164544K)] 403122K->266400K(851520K), 0.0129600 secs] [Times: user=0.07 sys=0.00, real=0.01 secs] 
2014-07-16T10:34:54.314+0000: 1617.323: [GC [PSYoungGen: 164517K->922K(197760K)] 430351K->266804K(884736K), 0.0084440 secs] [Times: user=0.05 sys=0.00, real=0.01 secs] 
2014-07-16T10:34:55.005+0000: 1618.013: [GC [PSYoungGen: 197722K->798K(236992K)] 463604K->266768K(923968K), 0.0083720 secs] [Times: user=0.05 sys=0.00, real=0.01 secs] 
2014-07-16T10:34:55.838+0000: 1618.846: [GC [PSYoungGen: 236958K->866K(284288K)] 502928K->266884K(971264K), 0.0104940 secs] [Times: user=0.06 sys=0.01, real=0.01 secs] 
2014-07-16T10:34:56.875+0000: 1619.883: [GC [PSYoungGen: 284214K->748K(310656K)] 550232K->266830K(997632K), 0.0066890 secs] [Times: user=0.03 sys=0.00, real=0.01 secs] 
2014-07-16T10:34:58.011+0000: 1621.019: [GC [PSYoungGen: 310124K->662K(301696K)] 576206K->266800K(988672K), 0.0075610 secs] [Times: user=0.04 sys=0.00, real=0.00 secs] 
2014-07-16T10:34:59.177+0000: 1622.186: [GC [PSYoungGen: 301654K->1248K(294208K)] 567792K->267582K(981184K), 0.0118640 secs] [Times: user=0.07 sys=0.00, real=0.01 secs] 
2014-07-16T10:35:00.236+0000: 1623.245: [GC [PSYoungGen: 294127K->630K(285824K)] 560461K->267082K(972800K), 0.0042080 secs] [Times: user=0.02 sys=0.01, real=0.01 secs] 
2014-07-16T10:35:01.264+0000: 1624.273: [GC [PSYoungGen: 285807K->818K(278528K)] 552260K->267374K(965504K), 0.0084050 secs] [Times: user=0.06 sys=0.00, real=0.01 secs] 
2014-07-16T10:35:02.267+0000: 1625.276: [GC [PSYoungGen: 278514K->908K(271488K)] 545070K->267544K(958464K), 0.0060580 secs] [Times: user=0.03 sys=0.00, real=0.01 secs] 
2014-07-16T10:35:03.290+0000: 1626.299: [GC [PSYoungGen: 271432K->658K(264320K)] 538068K->267366K(951296K), 0.0076590 secs] [Times: user=0.05 sys=0.00, real=0.00 secs] 
2014-07-16T10:35:04.355+0000: 1627.363: [GC [PSYoungGen: 264273K->1080K(258048K)] 530981K->268408K(945024K), 0.0089300 secs] [Times: user=0.05 sys=0.00, real=0.01 secs] 
2014-07-16T10:35:05.247+0000: 1628.255: [GC [PSYoungGen: 258000K->1026K(251648K)] 525329K->268484K(938624K), 0.0060160 secs] [Times: user=0.03 sys=0.01, real=0.01 secs] 
2014-07-16T10:35:06.170+0000: 1629.178: [GC [PSYoungGen: 251574K->748K(245184K)] 519033K->268254K(932160K), 0.0043040 secs] [Times: user=0.02 sys=0.00, real=0.01 secs] 
2014-07-16T10:35:07.077+0000: 1630.085: [GC [PSYoungGen: 245143K->802K(239360K)] 512649K->268356K(926336K), 0.0036330 secs] [Times: user=0.01 sys=0.00, real=0.00 secs] 
2014-07-16T10:35:07.975+0000: 1630.984: [GC [PSYoungGen: 239330K->1228K(234112K)] 506884K->268854K(921088K), 0.0086560 secs] [Times: user=0.06 sys=0.00, real=0.01 secs] 
2014-07-16T10:35:08.801+0000: 1631.809: [GC [PSYoungGen: 234044K->634K(227968K)] 501671K->268316K(914944K), 0.0075930 secs] [Times: user=0.05 sys=0.00, real=0.01 secs] 
2014-07-16T10:35:09.649+0000: 1632.658: [GC [PSYoungGen: 227962K->754K(222784K)] 495644K->268540K(909760K), 0.0060070 secs] [Times: user=0.04 sys=0.00, real=0.01 secs] 
2014-07-16T10:35:10.455+0000: 1633.463: [GC [PSYoungGen: 222770K->694K(217600K)] 490556K->268568K(904576K), 0.0058760 secs] [Times: user=0.04 sys=0.00, real=0.00 secs] 
2014-07-16T10:35:11.240+0000: 1634.249: [GC [PSYoungGen: 217499K->1144K(213120K)] 485373K->269058K(900096K), 0.0041810 secs] [Times: user=0.01 sys=0.00, real=0.01 secs] 
2014-07-16T10:35:11.987+0000: 1634.995: [GC [PSYoungGen: 213063K->780K(208064K)] 480978K->268742K(895040K), 0.0083150 secs] [Times: user=0.05 sys=0.00, real=0.01 secs] 
2014-07-16T10:35:12.737+0000: 1635.746: [GC [PSYoungGen: 208012K->498K(203136K)] 475974K->268524K(890112K), 0.0037080 secs] [Times: user=0.02 sys=0.00, real=0.00 secs] 
2014-07-16T10:35:13.470+0000: 1636.478: [GC [PSYoungGen: 203122K->480K(198720K)] 471148K->268562K(885696K), 0.0057040 secs] [Times: user=0.02 sys=0.00, real=0.01 secs] 
2014-07-16T10:35:14.311+0000: 1637.320: [GC [PSYoungGen: 198688K->832K(194752K)] 466770K->268978K(881728K), 0.0091170 secs] [Times: user=0.05 sys=0.00, real=0.01 secs] 
2014-07-16T10:35:14.921+0000: 1637.929: [GC [PSYoungGen: 194752K->1004K(190784K)] 462898K->269262K(877760K), 0.0077860 secs] [Times: user=0.05 sys=0.00, real=0.01 secs] 
2014-07-16T10:35:15.628+0000: 1638.636: [GC [PSYoungGen: 190764K->708K(186560K)] 459022K->269030K(873536K), 0.0049310 secs] [Times: user=0.01 sys=0.00, real=0.01 secs] 
2014-07-16T10:35:16.299+0000: 1639.307: [GC [PSYoungGen: 186500K->704K(182656K)] 454822K->269090K(869632K), 0.0040530 secs] [Times: user=0.02 sys=0.00, real=0.01 secs] 
2014-07-16T10:35:16.962+0000: 1639.970: [GC [PSYoungGen: 182656K->530K(178816K)] 451042K->268980K(865792K), 0.0062390 secs] [Times: user=0.04 sys=0.00, real=0.01 secs] 
2014-07-16T10:35:17.611+0000: 1640.619: [GC [PSYoungGen: 178746K->1026K(175744K)] 447196K->269564K(862720K), 0.0077160 secs] [Times: user=0.05 sys=0.00, real=0.01 secs] 
2014-07-16T10:35:18.243+0000: 1641.251: [GC [PSYoungGen: 175644K->512K(210112K)] 444182K->269114K(897088K), 0.0103680 secs] [Times: user=0.06 sys=0.00, real=0.02 secs] 
2014-07-16T10:35:18.999+0000: 1642.008: [GC [PSYoungGen: 210112K->566K(205504K)] 478714K->269216K(892480K), 0.0038690 secs] [Times: user=0.02 sys=0.00, real=0.01 secs] 
2014-07-16T10:35:19.786+0000: 1642.794: [GC [PSYoungGen: 205494K->780K(201280K)] 474144K->269494K(888256K), 0.0057360 secs] [Times: user=0.03 sys=0.00, real=0.00 secs] 
2014-07-16T10:35:20.526+0000: 1643.534: [GC [PSYoungGen: 201228K->1312K(197440K)] 469942K->270098K(884416K), 0.0084340 secs] [Times: user=0.05 sys=0.00, real=0.01 secs] 
2014-07-16T10:35:21.228+0000: 1644.236: [GC [PSYoungGen: 197408K->570K(192448K)] 466194K->270118K(879424K), 0.0046680 secs] [Times: user=0.02 sys=0.00, real=0.00 secs] 
2014-07-16T10:35:22.002+0000: 1645.011: [GC [PSYoungGen: 192442K->1144K(188992K)] 461990K->270740K(875968K), 0.0075690 secs] [Times: user=0.05 sys=0.00, real=0.01 secs] 
2014-07-16T10:35:22.662+0000: 1645.670: [GC [PSYoungGen: 188976K->548K(184512K)] 458572K->270232K(871488K), 0.0038110 secs] [Times: user=0.02 sys=0.01, real=0.01 secs] 
2014-07-16T10:35:23.309+0000: 1646.317: [GC [PSYoungGen: 184484K->416K(180608K)] 454168K->270140K(867584K), 0.0066700 secs] [Times: user=0.04 sys=0.00, real=0.01 secs] 
2014-07-16T10:35:23.967+0000: 1646.975: [GC [PSYoungGen: 180565K->1048K(177600K)] 450290K->270860K(864576K), 0.0032370 secs] [Times: user=0.01 sys=0.01, real=0.00 secs] 
2014-07-16T10:35:24.706+0000: 1647.714: [GC [PSYoungGen: 177560K->694K(173632K)] 447372K->270586K(860608K), 0.0052600 secs] [Times: user=0.03 sys=0.00, real=0.00 secs] 
2014-07-16T10:35:25.334+0000: 1648.343: [GC [PSYoungGen: 173622K->530K(170048K)] 443514K->270510K(857024K), 0.0080250 secs] [Times: user=0.05 sys=0.01, real=0.00 secs] 
2014-07-16T10:35:25.949+0000: 1648.958: [GC [PSYoungGen: 170002K->566K(166720K)] 439982K->270602K(853696K), 0.0037840 secs] [Times: user=0.02 sys=0.00, real=0.00 secs] 
2014-07-16T10:35:26.559+0000: 1649.567: [GC [PSYoungGen: 166660K->1280K(164288K)] 436697K->271420K(851264K), 0.0058020 secs] [Times: user=0.04 sys=0.00, real=0.01 secs] 
2014-07-16T10:35:27.168+0000: 1650.177: [GC [PSYoungGen: 164224K->794K(160640K)] 434364K->271006K(847616K), 0.0059420 secs] [Times: user=0.03 sys=0.00, real=0.01 secs] 
2014-07-16T10:35:27.734+0000: 1650.742: [GC [PSYoungGen: 160548K->790K(192640K)] 430761K->271098K(879616K), 0.0133910 secs] [Times: user=0.08 sys=0.00, real=0.02 secs] 
2014-07-16T10:35:28.446+0000: 1651.454: [GC [PSYoungGen: 192596K->854K(231104K)] 462905K->271266K(918080K), 0.0057260 secs] [Times: user=0.04 sys=0.00, real=0.00 secs] 
2014-07-16T10:35:29.301+0000: 1652.309: [GC [PSYoungGen: 231025K->1270K(226112K)] 501437K->271770K(913088K), 0.0047850 secs] [Times: user=0.04 sys=0.01, real=0.01 secs] 
2014-07-16T10:35:30.203+0000: 1653.211: [GC [PSYoungGen: 226102K->580K(220288K)] 496602K->271136K(907264K), 0.0071870 secs] [Times: user=0.04 sys=0.00, real=0.01 secs] 
2014-07-16T10:35:31.012+0000: 1654.021: [GC [PSYoungGen: 220204K->808K(215488K)] 490760K->271420K(902464K), 0.0057290 secs] [Times: user=0.03 sys=0.00, real=0.01 secs] 
2014-07-16T10:35:31.792+0000: 1654.800: [GC [PSYoungGen: 215464K->690K(210496K)] 486076K->271414K(897472K), 0.0036790 secs] [Times: user=0.02 sys=0.00, real=0.01 secs] 
2014-07-16T10:35:32.611+0000: 1655.620: [GC [PSYoungGen: 210482K->868K(206016K)] 481206K->271656K(892992K), 0.0042680 secs] [Times: user=0.02 sys=0.00, real=0.01 secs] 
2014-07-16T10:35:33.367+0000: 1656.375: [GC [PSYoungGen: 205988K->950K(201536K)] 476776K->271794K(888512K), 0.0044290 secs] [Times: user=0.01 sys=0.00, real=0.00 secs] 
2014-07-16T10:35:34.126+0000: 1657.134: [GC [PSYoungGen: 201526K->980K(197248K)] 472370K->271864K(884224K), 0.0034540 secs] [Times: user=0.02 sys=0.00, real=0.00 secs] 
2014-07-16T10:35:34.919+0000: 1657.927: [GC [PSYoungGen: 197204K->808K(192832K)] 468088K->271772K(879808K), 0.0058970 secs] [Times: user=0.04 sys=0.00, real=0.00 secs] 
2014-07-16T10:35:35.586+0000: 1658.594: [GC [PSYoungGen: 192772K->1022K(188928K)] 463736K->272140K(875904K), 0.0051820 secs] [Times: user=0.03 sys=0.01, real=0.00 secs] 
2014-07-16T10:35:36.282+0000: 1659.290: [GC [PSYoungGen: 188926K->972K(185024K)] 460044K->272186K(872000K), 0.0047070 secs] [Times: user=0.03 sys=0.00, real=0.01 secs] 
2014-07-16T10:35:36.941+0000: 1659.950: [GC [PSYoungGen: 184945K->776K(181056K)] 456159K->272046K(868032K), 0.0087690 secs] [Times: user=0.05 sys=0.00, real=0.01 secs] 
2014-07-16T10:35:37.596+0000: 1660.604: [GC [PSYoungGen: 180999K->580K(177216K)] 452270K->271922K(864192K), 0.0033290 secs] [Times: user=0.02 sys=0.01, real=0.00 secs] 
2014-07-16T10:35:38.248+0000: 1661.257: [GC [PSYoungGen: 177110K->762K(173760K)] 448453K->272176K(860736K), 0.0069480 secs] [Times: user=0.04 sys=0.01, real=0.00 secs] 
2014-07-16T10:35:38.875+0000: 1661.883: [GC [PSYoungGen: 173728K->1080K(170624K)] 445142K->272558K(857600K), 0.0060150 secs] [Times: user=0.03 sys=0.00, real=0.01 secs] 
2014-07-16T10:35:39.499+0000: 1662.507: [GC [PSYoungGen: 170616K->480K(166720K)] 442094K->272046K(853696K), 0.0037730 secs] [Times: user=0.01 sys=0.00, real=0.00 secs] 
2014-07-16T10:35:40.149+0000: 1663.157: [GC [PSYoungGen: 166688K->704K(163712K)] 438254K->272342K(850688K), 0.0036840 secs] [Times: user=0.02 sys=0.00, real=0.00 secs] 
2014-07-16T10:35:40.718+0000: 1663.727: [GC [PSYoungGen: 163680K->630K(160512K)] 435318K->272380K(847488K), 0.0051140 secs] [Times: user=0.03 sys=0.00, real=0.00 secs] 
2014-07-16T10:35:41.295+0000: 1664.303: [GC [PSYoungGen: 160502K->658K(157568K)] 432252K->272520K(844544K), 0.0054770 secs] [Times: user=0.04 sys=0.00, real=0.01 secs] 
2014-07-16T10:35:41.852+0000: 1664.860: [GC [PSYoungGen: 157522K->684K(154624K)] 429384K->272610K(841600K), 0.0069180 secs] [Times: user=0.04 sys=0.00, real=0.01 secs] 
2014-07-16T10:35:42.411+0000: 1665.420: [GC [PSYoungGen: 154604K->862K(185600K)] 426530K->272884K(872576K), 0.0085920 secs] [Times: user=0.05 sys=0.00, real=0.01 secs] 
2014-07-16T10:35:43.110+0000: 1666.119: [GC [PSYoungGen: 185546K->922K(222656K)] 457569K->273000K(909632K), 0.0065750 secs] [Times: user=0.04 sys=0.00, real=0.01 secs] 
2014-07-16T10:35:43.890+0000: 1666.898: [GC [PSYoungGen: 222618K->672K(217280K)] 494696K->272814K(904256K), 0.0035000 secs] [Times: user=0.02 sys=0.00, real=0.00 secs] 
2014-07-16T10:35:44.768+0000: 1667.777: [GC [PSYoungGen: 217248K->940K(212608K)] 489390K->273414K(899584K), 0.0055170 secs] [Times: user=0.03 sys=0.00, real=0.00 secs] 
2014-07-16T10:35:45.448+0000: 1668.456: [GC [PSYoungGen: 212561K->1372K(208320K)] 485036K->273992K(895296K), 0.0055730 secs] [Times: user=0.02 sys=0.00, real=0.00 secs] 
2014-07-16T10:35:46.207+0000: 1669.215: [GC [PSYoungGen: 208284K->512K(202880K)] 480904K->273286K(889856K), 0.0082940 secs] [Times: user=0.04 sys=0.00, real=0.00 secs] 
2014-07-16T10:35:46.928+0000: 1669.936: [GC [PSYoungGen: 202856K->862K(198848K)] 475630K->273724K(885824K), 0.0059980 secs] [Times: user=0.04 sys=0.00, real=0.00 secs] 
2014-07-16T10:35:47.648+0000: 1670.656: [GC [PSYoungGen: 198811K->698K(194368K)] 471674K->273656K(881344K), 0.0036090 secs] [Times: user=0.02 sys=0.00, real=0.00 secs] 
2014-07-16T10:35:48.339+0000: 1671.347: [GC [PSYoungGen: 194328K->1294K(190912K)] 467287K->274300K(877888K), 0.0049370 secs] [Times: user=0.02 sys=0.01, real=0.00 secs] 
2014-07-16T10:35:49.058+0000: 1672.066: [GC [PSYoungGen: 190862K->594K(186240K)] 463868K->273648K(873216K), 0.0042400 secs] [Times: user=0.02 sys=0.00, real=0.00 secs] 
2014-07-16T10:35:49.707+0000: 1672.715: [GC [PSYoungGen: 186194K->1144K(182912K)] 459248K->274270K(869888K), 0.0068170 secs] [Times: user=0.04 sys=0.00, real=0.01 secs] 
2014-07-16T10:35:50.365+0000: 1673.373: [GC [PSYoungGen: 182904K->498K(178560K)] 456030K->273704K(865536K), 0.0095710 secs] [Times: user=0.07 sys=0.00, real=0.01 secs] 
2014-07-16T10:35:51.027+0000: 1674.035: [GC [PSYoungGen: 178546K->466K(174976K)] 451752K->273744K(861952K), 0.0035000 secs] [Times: user=0.02 sys=0.01, real=0.01 secs] 
2014-07-16T10:35:51.664+0000: 1674.672: [GC [PSYoungGen: 174930K->512K(171456K)] 448208K->273870K(858432K), 0.0056790 secs] [Times: user=0.04 sys=0.00, real=0.01 secs] 
2014-07-16T10:35:52.288+0000: 1675.296: [GC [PSYoungGen: 171440K->712K(168320K)] 444798K->274118K(855296K), 0.0041570 secs] [Times: user=0.02 sys=0.00, real=0.00 secs] 
2014-07-16T10:35:52.907+0000: 1675.915: [GC [PSYoungGen: 168264K->640K(164928K)] 441670K->274118K(851904K), 0.0063400 secs] [Times: user=0.03 sys=0.00, real=0.01 secs] 
2014-07-16T10:35:53.473+0000: 1676.482: [GC [PSYoungGen: 164928K->698K(161856K)] 438406K->274232K(848832K), 0.0082390 secs] [Times: user=0.05 sys=0.00, real=0.01 secs] 
2014-07-16T10:35:54.060+0000: 1677.068: [GC [PSYoungGen: 161850K->1032K(194496K)] 435384K->274670K(881472K), 0.0070720 secs] [Times: user=0.05 sys=0.00, real=0.00 secs] 
2014-07-16T10:35:54.885+0000: 1677.893: [GC [PSYoungGen: 194440K->1142K(190464K)] 468078K->274836K(877440K), 0.0057800 secs] [Times: user=0.03 sys=0.00, real=0.01 secs] 
2014-07-16T10:35:55.485+0000: 1678.493: [GC [PSYoungGen: 190441K->638K(185984K)] 464135K->275121K(872960K), 0.0053160 secs] [Times: user=0.03 sys=0.00, real=0.01 secs] 
2014-07-16T10:35:56.151+0000: 1679.159: [GC [PSYoungGen: 185982K->1340K(182848K)] 460465K->275839K(869824K), 0.0066320 secs] [Times: user=0.01 sys=0.01, real=0.00 secs] 
2014-07-16T10:35:56.817+0000: 1679.825: [GC [PSYoungGen: 182844K->908K(178752K)] 457343K->275769K(865728K), 0.0055530 secs] [Times: user=0.03 sys=0.00, real=0.01 secs] 
2014-07-16T10:35:57.470+0000: 1680.479: [GC [PSYoungGen: 178700K->702K(174912K)] 453561K->275611K(861888K), 0.0038740 secs] [Times: user=0.02 sys=0.00, real=0.00 secs] 
2014-07-16T10:35:58.087+0000: 1681.095: [GC [PSYoungGen: 174910K->694K(171456K)] 449819K->275707K(858432K), 0.0058630 secs] [Times: user=0.04 sys=0.00, real=0.01 secs] 
2014-07-16T10:35:58.699+0000: 1681.708: [GC [PSYoungGen: 171398K->1122K(168512K)] 446411K->276183K(855488K), 0.0040750 secs] [Times: user=0.02 sys=0.00, real=0.00 secs] 
2014-07-16T10:35:59.298+0000: 1682.307: [GC [PSYoungGen: 168455K->480K(201344K)] 443516K->275565K(888320K), 0.0167030 secs] [Times: user=0.10 sys=0.00, real=0.02 secs] 
2014-07-16T10:36:00.145+0000: 1683.153: [GC [PSYoungGen: 201285K->832K(241856K)] 476370K->275973K(928832K), 0.0125230 secs] [Times: user=0.07 sys=0.00, real=0.01 secs] 
2014-07-16T10:36:00.941+0000: 1683.950: [GC [PSYoungGen: 241856K->594K(290368K)] 516997K->275823K(977344K), 0.0030790 secs] [Times: user=0.02 sys=0.00, real=0.00 secs] 
2014-07-16T10:36:02.026+0000: 1685.034: [GC [PSYoungGen: 289426K->1286K(282560K)] 564655K->276571K(969536K), 0.0059260 secs] [Times: user=0.02 sys=0.00, real=0.01 secs] 
2014-07-16T10:36:03.124+0000: 1686.132: [GC [PSYoungGen: 282498K->256K(274176K)] 557783K->276315K(961152K), 0.0098650 secs] [Times: user=0.05 sys=0.00, real=0.01 secs] 
2014-07-16T10:36:04.135+0000: 1687.144: [GC [PSYoungGen: 274176K->1494K(268416K)] 550235K->277609K(955392K), 0.0061680 secs] [Times: user=0.04 sys=0.00, real=0.01 secs] 
2014-07-16T10:36:05.231+0000: 1688.239: [GC [PSYoungGen: 268374K->858K(260992K)] 544489K->277483K(947968K), 0.0081520 secs] [Times: user=0.06 sys=0.00, real=0.00 secs] 
2014-07-16T10:36:06.112+0000: 1689.120: [GC [PSYoungGen: 260882K->930K(254528K)] 537507K->277611K(941504K), 0.0033370 secs] [Times: user=0.01 sys=0.00, real=0.00 secs] 
2014-07-16T10:36:07.053+0000: 1690.061: [GC [PSYoungGen: 254498K->964K(248320K)] 531179K->277725K(935296K), 0.0072610 secs] [Times: user=0.05 sys=0.00, real=0.01 secs] 
2014-07-16T10:36:07.940+0000: 1690.948: [GC [PSYoungGen: 248245K->808K(242112K)] 525006K->277657K(929088K), 0.0056670 secs] [Times: user=0.03 sys=0.00, real=0.01 secs] 
2014-07-16T10:36:08.820+0000: 1691.829: [GC [PSYoungGen: 242085K->648K(236160K)] 518934K->277593K(923136K), 0.0051220 secs] [Times: user=0.03 sys=0.00, real=0.00 secs] 
2014-07-16T10:36:09.700+0000: 1692.709: [GC [PSYoungGen: 236104K->872K(230784K)] 513049K->277889K(917760K), 0.0042760 secs] [Times: user=0.02 sys=0.01, real=0.00 secs] 
2014-07-16T10:36:10.563+0000: 1693.571: [GC [PSYoungGen: 230760K->772K(225344K)] 507777K->277837K(912320K), 0.0057350 secs] [Times: user=0.03 sys=0.00, real=0.00 secs] 
2014-07-16T10:36:11.393+0000: 1694.402: [GC [PSYoungGen: 225228K->1078K(220416K)] 502293K->278223K(907392K), 0.0035970 secs] [Times: user=0.01 sys=0.00, real=0.00 secs] 
2014-07-16T10:36:12.205+0000: 1695.214: [GC [PSYoungGen: 220406K->1032K(215424K)] 497551K->278241K(902400K), 0.0063400 secs] [Times: user=0.02 sys=0.00, real=0.01 secs] 
2014-07-16T10:36:12.942+0000: 1695.951: [GC [PSYoungGen: 215368K->754K(210240K)] 492577K->278027K(897216K), 0.0048890 secs] [Times: user=0.02 sys=0.00, real=0.00 secs] 
2014-07-16T10:36:13.706+0000: 1696.715: [GC [PSYoungGen: 210226K->698K(205504K)] 487499K->278027K(892480K), 0.0063870 secs] [Times: user=0.04 sys=0.00, real=0.01 secs] 
2014-07-16T10:36:14.451+0000: 1697.459: [GC [PSYoungGen: 205497K->1208K(201536K)] 482826K->278625K(888512K), 0.0050560 secs] [Times: user=0.03 sys=0.00, real=0.00 secs] 
2014-07-16T10:36:15.264+0000: 1698.272: [GC [PSYoungGen: 201526K->940K(196928K)] 478944K->278741K(883904K), 0.0081490 secs] [Times: user=0.05 sys=0.00, real=0.01 secs] 
2014-07-16T10:36:15.898+0000: 1698.906: [GC [PSYoungGen: 196872K->762K(192512K)] 474674K->278651K(879488K), 0.0041580 secs] [Times: user=0.02 sys=0.00, real=0.01 secs] 
2014-07-16T10:36:16.584+0000: 1699.593: [GC [PSYoungGen: 192465K->434K(188160K)] 470354K->278495K(875136K), 0.0027270 secs] [Times: user=0.01 sys=0.00, real=0.00 secs] 
2014-07-16T10:36:17.278+0000: 1700.286: [GC [PSYoungGen: 188146K->562K(184384K)] 466207K->278679K(871360K), 0.0137920 secs] [Times: user=0.08 sys=0.01, real=0.01 secs] 
2014-07-16T10:36:17.942+0000: 1700.950: [GC [PSYoungGen: 184370K->1044K(181120K)] 462487K->279241K(868096K), 0.0057480 secs] [Times: user=0.04 sys=0.00, real=0.00 secs] 
2014-07-16T10:36:18.600+0000: 1701.608: [GC [PSYoungGen: 181076K->1172K(177600K)] 459273K->279449K(864576K), 0.0049230 secs] [Times: user=0.03 sys=0.00, real=0.01 secs] 
2014-07-16T10:36:19.262+0000: 1702.270: [GC [PSYoungGen: 177488K->932K(173824K)] 455765K->279601K(860800K), 0.0060110 secs] [Times: user=0.03 sys=0.01, real=0.01 secs] 
2014-07-16T10:36:19.854+0000: 1702.862: [GC [PSYoungGen: 173796K->1040K(208576K)] 452465K->279757K(895552K), 0.0113660 secs] [Times: user=0.07 sys=0.00, real=0.01 secs] 
2014-07-16T10:36:20.618+0000: 1703.627: [GC [PSYoungGen: 208528K->740K(249792K)] 487245K->279687K(936768K), 0.0060500 secs] [Times: user=0.03 sys=0.00, real=0.01 secs] 
2014-07-16T10:36:21.524+0000: 1704.532: [GC [PSYoungGen: 249762K->644K(243648K)] 528709K->279687K(930624K), 0.0054320 secs] [Times: user=0.03 sys=0.00, real=0.00 secs] 
2014-07-16T10:36:22.395+0000: 1705.403: [GC [PSYoungGen: 243588K->584K(237696K)] 522631K->279683K(924672K), 0.0091980 secs] [Times: user=0.06 sys=0.00, real=0.01 secs] 
2014-07-16T10:36:23.268+0000: 1706.277: [GC [PSYoungGen: 237609K->680K(232128K)] 516709K->279867K(919104K), 0.0027680 secs] [Times: user=0.01 sys=0.00, real=0.00 secs] 
2014-07-16T10:36:24.130+0000: 1707.139: [GC [PSYoungGen: 232104K->512K(226496K)] 511291K->279747K(913472K), 0.0055660 secs] [Times: user=0.03 sys=0.00, real=0.01 secs] 
2014-07-16T10:36:24.956+0000: 1707.964: [GC [PSYoungGen: 226496K->562K(221312K)] 505731K->279869K(908288K), 0.0057420 secs] [Times: user=0.03 sys=0.01, real=0.00 secs] 
2014-07-16T10:36:25.881+0000: 1708.890: [GC [PSYoungGen: 221298K->730K(216448K)] 500605K->280109K(903424K), 0.0066400 secs] [Times: user=0.04 sys=0.00, real=0.01 secs] 
2014-07-16T10:36:26.670+0000: 1709.679: [GC [PSYoungGen: 216390K->1390K(212224K)] 495769K->280873K(899200K), 0.0073540 secs] [Times: user=0.04 sys=0.01, real=0.01 secs] 
2014-07-16T10:36:27.444+0000: 1710.452: [GC [PSYoungGen: 212206K->416K(206528K)] 491689K->279971K(893504K), 0.0031780 secs] [Times: user=0.02 sys=0.00, real=0.00 secs] 
2014-07-16T10:36:28.186+0000: 1711.194: [GC [PSYoungGen: 206496K->562K(202112K)] 486051K->280221K(889088K), 0.0078290 secs] [Times: user=0.04 sys=0.00, real=0.01 secs] 
2014-07-16T10:36:28.898+0000: 1711.907: [GC [PSYoungGen: 202098K->812K(197952K)] 481757K->280535K(884928K), 0.0034190 secs] [Times: user=0.02 sys=0.00, real=0.00 secs] 
2014-07-16T10:36:29.607+0000: 1712.615: [GC [PSYoungGen: 197908K->1080K(193984K)] 477632K->280883K(880960K), 0.0070050 secs] [Times: user=0.03 sys=0.00, real=0.01 secs] 
2014-07-16T10:36:30.314+0000: 1713.322: [GC [PSYoungGen: 193976K->708K(189568K)] 473779K->280615K(876544K), 0.0060760 secs] [Times: user=0.04 sys=0.00, real=0.00 secs] 
2014-07-16T10:36:31.095+0000: 1714.103: [GC [PSYoungGen: 189508K->972K(185856K)] 469415K->280967K(872832K), 0.0063170 secs] [Times: user=0.05 sys=0.00, real=0.00 secs] 
2014-07-16T10:36:31.754+0000: 1714.763: [GC [PSYoungGen: 185804K->598K(181632K)] 465799K->280657K(868608K), 0.0057510 secs] [Times: user=0.03 sys=0.00, real=0.00 secs] 
2014-07-16T10:36:32.434+0000: 1715.443: [GC [PSYoungGen: 181590K->1304K(178624K)] 461649K->281427K(865600K), 0.0116400 secs] [Times: user=0.08 sys=0.00, real=0.01 secs] 
2014-07-16T10:36:33.086+0000: 1716.095: [GC [PSYoungGen: 178575K->1018K(213760K)] 458698K->281557K(900736K), 0.0105830 secs] [Times: user=0.08 sys=0.00, real=0.01 secs] 
2014-07-16T10:36:33.870+0000: 1716.878: [GC [PSYoungGen: 213738K->872K(256192K)] 494278K->281491K(943168K), 0.0087480 secs] [Times: user=0.05 sys=0.00, real=0.01 secs] 
2014-07-16T10:36:34.785+0000: 1717.794: [GC [PSYoungGen: 256168K->926K(264320K)] 536787K->281633K(951296K), 0.0056330 secs] [Times: user=0.03 sys=0.00, real=0.00 secs] 
2014-07-16T10:36:35.801+0000: 1718.810: [GC [PSYoungGen: 263575K->1118K(257280K)] 544282K->281873K(944256K), 0.0063160 secs] [Times: user=0.02 sys=0.00, real=0.01 secs] 
2014-07-16T10:36:36.743+0000: 1719.751: [GC [PSYoungGen: 257215K->484K(250304K)] 537971K->281591K(937280K), 0.0041000 secs] [Times: user=0.02 sys=0.00, real=0.01 secs] 
2014-07-16T10:36:37.654+0000: 1720.662: [GC [PSYoungGen: 250242K->884K(244544K)] 531350K->282047K(931520K), 0.0064400 secs] [Times: user=0.04 sys=0.00, real=0.01 secs] 
2014-07-16T10:36:38.558+0000: 1721.566: [GC [PSYoungGen: 244532K->594K(238400K)] 525695K->281821K(925376K), 0.0065590 secs] [Times: user=0.04 sys=0.00, real=0.00 secs] 
2014-07-16T10:36:39.401+0000: 1722.409: [GC [PSYoungGen: 238354K->644K(232768K)] 519581K->281943K(919744K), 0.0058750 secs] [Times: user=0.02 sys=0.00, real=0.01 secs] 
2014-07-16T10:36:40.235+0000: 1723.243: [GC [PSYoungGen: 232708K->598K(227264K)] 514007K->281937K(914240K), 0.0045230 secs] [Times: user=0.02 sys=0.00, real=0.01 secs] 
2014-07-16T10:36:41.099+0000: 1724.108: [GC [PSYoungGen: 227222K->680K(222080K)] 508561K->282083K(909056K), 0.0081500 secs] [Times: user=0.05 sys=0.00, real=0.01 secs] 
2014-07-16T10:36:41.895+0000: 1724.904: [GC [PSYoungGen: 222022K->662K(217024K)] 503426K->282137K(904000K), 0.0072510 secs] [Times: user=0.05 sys=0.00, real=0.00 secs] 
2014-07-16T10:36:42.685+0000: 1725.693: [GC [PSYoungGen: 216980K->722K(212160K)] 498456K->282245K(899136K), 0.0066950 secs] [Times: user=0.02 sys=0.00, real=0.00 secs] 
2014-07-16T10:36:43.436+0000: 1726.445: [GC [PSYoungGen: 212114K->416K(207104K)] 493637K->282003K(894080K), 0.0079200 secs] [Times: user=0.05 sys=0.00, real=0.00 secs] 
2014-07-16T10:36:44.202+0000: 1727.210: [GC [PSYoungGen: 207072K->640K(202752K)] 488659K->282307K(889728K), 0.0091260 secs] [Times: user=0.06 sys=0.00, real=0.01 secs] 
2014-07-16T10:36:44.938+0000: 1727.946: [GC [PSYoungGen: 202752K->704K(198400K)] 484419K->282427K(885376K), 0.0039560 secs] [Times: user=0.01 sys=0.00, real=0.00 secs] 
2014-07-16T10:36:45.750+0000: 1728.759: [GC [PSYoungGen: 198386K->1256K(194688K)] 480110K->283043K(881664K), 0.0111570 secs] [Times: user=0.05 sys=0.00, real=0.01 secs] 
2014-07-16T10:36:46.369+0000: 1729.377: [GC [PSYoungGen: 194664K->612K(189952K)] 476451K->282503K(876928K), 0.0064560 secs] [Times: user=0.04 sys=0.00, real=0.00 secs] 
2014-07-16T10:36:47.093+0000: 1730.101: [GC [PSYoungGen: 189924K->1336K(228544K)] 471815K->283299K(915520K), 0.0086790 secs] [Times: user=0.04 sys=0.00, real=0.01 secs] 
2014-07-16T10:36:47.889+0000: 1730.897: [GC [PSYoungGen: 228536K->594K(255104K)] 510499K->282629K(942080K), 0.0104990 secs] [Times: user=0.07 sys=0.00, real=0.01 secs] 
2014-07-16T10:36:48.818+0000: 1731.826: [GC [PSYoungGen: 254798K->862K(248832K)] 536834K->282961K(935808K), 0.0071910 secs] [Times: user=0.04 sys=0.00, real=0.00 secs] 
2014-07-16T10:36:49.717+0000: 1732.725: [GC [PSYoungGen: 248798K->634K(242560K)] 530897K->282773K(929536K), 0.0070700 secs] [Times: user=0.04 sys=0.00, real=0.01 secs] 
2014-07-16T10:36:50.604+0000: 1733.612: [GC [PSYoungGen: 242554K->626K(236736K)] 524693K->282829K(923712K), 0.0050530 secs] [Times: user=0.03 sys=0.01, real=0.01 secs] 
2014-07-16T10:36:51.477+0000: 1734.486: [GC [PSYoungGen: 236721K->826K(231296K)] 518925K->283085K(918272K), 0.0051720 secs] [Times: user=0.02 sys=0.00, real=0.00 secs] 
2014-07-16T10:36:52.315+0000: 1735.324: [GC [PSYoungGen: 231290K->562K(225664K)] 513549K->282885K(912640K), 0.0097210 secs] [Times: user=0.06 sys=0.00, real=0.01 secs] 
2014-07-16T10:36:53.141+0000: 1736.149: [GC [PSYoungGen: 225650K->1176K(221120K)] 507973K->283579K(908096K), 0.0074410 secs] [Times: user=0.05 sys=0.00, real=0.01 secs] 
2014-07-16T10:36:53.940+0000: 1736.948: [GC [PSYoungGen: 221080K->1386K(252288K)] 503483K->284093K(939264K), 0.0137250 secs] [Times: user=0.08 sys=0.01, real=0.01 secs] 
2014-07-16T10:36:54.863+0000: 1737.871: [GC [PSYoungGen: 252260K->694K(245440K)] 534967K->283465K(932416K), 0.0051370 secs] [Times: user=0.02 sys=0.00, real=0.01 secs] 
2014-07-16T10:36:55.752+0000: 1738.761: [GC [PSYoungGen: 245430K->576K(239360K)] 528201K->283403K(926336K), 0.0071600 secs] [Times: user=0.04 sys=0.00, real=0.01 secs] 
2014-07-16T10:36:56.615+0000: 1739.623: [GC [PSYoungGen: 239341K->1304K(234432K)] 522169K->284179K(921408K), 0.0055050 secs] [Times: user=0.02 sys=0.00, real=0.01 secs] 
2014-07-16T10:36:57.451+0000: 1740.460: [GC [PSYoungGen: 234392K->826K(228416K)] 517267K->283797K(915392K), 0.0085600 secs] [Times: user=0.06 sys=0.00, real=0.01 secs] 
2014-07-16T10:36:58.280+0000: 1741.289: [GC [PSYoungGen: 228383K->972K(223296K)] 511354K->284039K(910272K), 0.0075340 secs] [Times: user=0.05 sys=0.00, real=0.00 secs] 
2014-07-16T10:36:59.095+0000: 1742.103: [GC [PSYoungGen: 223244K->662K(217856K)] 506311K->283793K(904832K), 0.0045520 secs] [Times: user=0.02 sys=0.00, real=0.01 secs] 
2014-07-16T10:36:59.883+0000: 1742.892: [GC [PSYoungGen: 217812K->480K(212736K)] 500944K->283675K(899712K), 0.0052080 secs] [Times: user=0.02 sys=0.01, real=0.01 secs] 
2014-07-16T10:37:00.651+0000: 1743.660: [GC [PSYoungGen: 212636K->1536K(209088K)] 495832K->284819K(896064K), 0.0063530 secs] [Times: user=0.04 sys=0.00, real=0.00 secs] 
2014-07-16T10:37:01.426+0000: 1744.435: [GC [PSYoungGen: 209024K->576K(203456K)] 492307K->283939K(890432K), 0.0038630 secs] [Times: user=0.02 sys=0.00, real=0.01 secs] 
2014-07-16T10:37:02.157+0000: 1745.166: [GC [PSYoungGen: 203456K->994K(199488K)] 486819K->284437K(886464K), 0.0046520 secs] [Times: user=0.03 sys=0.00, real=0.01 secs] 
2014-07-16T10:37:02.868+0000: 1745.876: [GC [PSYoungGen: 199456K->698K(194880K)] 482899K->284221K(881856K), 0.0047350 secs] [Times: user=0.03 sys=0.00, real=0.01 secs] 
2014-07-16T10:37:03.571+0000: 1746.580: [GC [PSYoungGen: 194874K->544K(190592K)] 478397K->284171K(877568K), 0.0050950 secs] [Times: user=0.03 sys=0.00, real=0.00 secs] 
2014-07-16T10:37:04.255+0000: 1747.263: [GC [PSYoungGen: 190560K->548K(186624K)] 474187K->284239K(873600K), 0.0059810 secs] [Times: user=0.04 sys=0.00, real=0.01 secs] 
2014-07-16T10:37:04.930+0000: 1747.938: [GC [PSYoungGen: 186596K->1094K(183360K)] 470287K->284889K(870336K), 0.0061490 secs] [Times: user=0.04 sys=0.00, real=0.00 secs] 
2014-07-16T10:37:05.626+0000: 1748.634: [GC [PSYoungGen: 183301K->736K(179264K)] 467096K->284595K(866240K), 0.0081740 secs] [Times: user=0.06 sys=0.00, real=0.01 secs] 
2014-07-16T10:37:06.314+0000: 1749.322: [GC [PSYoungGen: 179232K->608K(175488K)] 463091K->284539K(862464K), 0.0050590 secs] [Times: user=0.02 sys=0.00, real=0.00 secs] 
2014-07-16T10:37:06.912+0000: 1749.920: [GC [PSYoungGen: 175421K->566K(171904K)] 459353K->284561K(858880K), 0.0094000 secs] [Times: user=0.07 sys=0.00, real=0.01 secs] 
2014-07-16T10:37:07.522+0000: 1750.531: [GC [PSYoungGen: 171886K->980K(206656K)] 455881K->285055K(893632K), 0.0072300 secs] [Times: user=0.05 sys=0.00, real=0.01 secs] 
2014-07-16T10:37:08.287+0000: 1751.295: [GC [PSYoungGen: 206612K->1118K(202240K)] 490687K->285249K(889216K), 0.0070090 secs] [Times: user=0.04 sys=0.00, real=0.01 secs] 
2014-07-16T10:37:09.011+0000: 1752.020: [GC [PSYoungGen: 202205K->698K(242048K)] 486336K->284869K(929024K), 0.0092170 secs] [Times: user=0.06 sys=0.00, real=0.01 secs] 
2014-07-16T10:37:09.890+0000: 1752.899: [GC [PSYoungGen: 242042K->758K(236288K)] 526213K->285009K(923264K), 0.0033490 secs] [Times: user=0.02 sys=0.01, real=0.00 secs] 
2014-07-16T10:37:10.745+0000: 1753.753: [GC [PSYoungGen: 236231K->862K(230848K)] 520483K->285185K(917824K), 0.0044060 secs] [Times: user=0.02 sys=0.00, real=0.00 secs] 
2014-07-16T10:37:11.635+0000: 1754.643: [GC [PSYoungGen: 230814K->762K(225344K)] 515137K->285157K(912320K), 0.0070680 secs] [Times: user=0.03 sys=0.00, real=0.01 secs] 
2014-07-16T10:37:12.457+0000: 1755.465: [GC [PSYoungGen: 225338K->708K(220160K)] 509733K->285191K(907136K), 0.0088780 secs] [Times: user=0.05 sys=0.01, real=0.01 secs] 
2014-07-16T10:37:13.244+0000: 1756.252: [GC [PSYoungGen: 220100K->858K(215296K)] 504583K->285437K(902272K), 0.0067270 secs] [Times: user=0.04 sys=0.01, real=0.01 secs] 
2014-07-16T10:37:14.017+0000: 1757.025: [GC [PSYoungGen: 215258K->544K(210112K)] 499837K->285219K(897088K), 0.0099290 secs] [Times: user=0.07 sys=0.00, real=0.01 secs] 
2014-07-16T10:37:14.775+0000: 1757.783: [GC [PSYoungGen: 210079K->958K(205824K)] 494755K->285721K(892800K), 0.0058620 secs] [Times: user=0.03 sys=0.00, real=0.01 secs] 
2014-07-16T10:37:15.518+0000: 1758.527: [GC [PSYoungGen: 205822K->908K(201344K)] 490585K->285775K(888320K), 0.0064880 secs] [Times: user=0.03 sys=0.01, real=0.01 secs] 
2014-07-16T10:37:16.348+0000: 1759.356: [GC [PSYoungGen: 201292K->816K(196864K)] 486159K->286293K(883840K), 0.0073860 secs] [Times: user=0.04 sys=0.00, real=0.01 secs] 
2014-07-16T10:37:17.103+0000: 1760.111: [GC [PSYoungGen: 196848K->894K(192704K)] 482325K->286451K(879680K), 0.0063110 secs] [Times: user=0.04 sys=0.00, real=0.00 secs] 
2014-07-16T10:37:17.773+0000: 1760.781: [GC [PSYoungGen: 192702K->516K(188352K)] 478259K->286113K(875328K), 0.0057480 secs] [Times: user=0.03 sys=0.00, real=0.00 secs] 
2014-07-16T10:37:18.454+0000: 1761.463: [GC [PSYoungGen: 188286K->676K(184576K)] 473883K->286329K(871552K), 0.0071270 secs] [Times: user=0.03 sys=0.00, real=0.01 secs] 
2014-07-16T10:37:19.116+0000: 1762.125: [GC [PSYoungGen: 184548K->776K(180928K)] 470201K->286533K(867904K), 0.0058010 secs] [Times: user=0.03 sys=0.00, real=0.01 secs] 
2014-07-16T10:37:19.768+0000: 1762.776: [GC [PSYoungGen: 180864K->1326K(177792K)] 466622K->287163K(864768K), 0.0072410 secs] [Times: user=0.05 sys=0.00, real=0.01 secs] 
2014-07-16T10:37:20.417+0000: 1763.426: [GC [PSYoungGen: 177774K->548K(173440K)] 463611K->286831K(860416K), 0.0049040 secs] [Times: user=0.03 sys=0.00, real=0.01 secs] 
2014-07-16T10:37:21.040+0000: 1764.048: [GC [PSYoungGen: 173387K->680K(208192K)] 459671K->287043K(895168K), 0.0147230 secs] [Times: user=0.09 sys=0.00, real=0.02 secs] 
2014-07-16T10:37:21.818+0000: 1764.827: [GC [PSYoungGen: 208120K->1470K(242368K)] 494484K->287913K(929344K), 0.0059790 secs] [Times: user=0.03 sys=0.01, real=0.01 secs] 
2014-07-16T10:37:22.709+0000: 1765.718: [GC [PSYoungGen: 242329K->1090K(242560K)] 528773K->287629K(929536K), 0.0076310 secs] [Times: user=0.05 sys=0.00, real=0.01 secs] 
2014-07-16T10:37:23.620+0000: 1766.629: [GC [PSYoungGen: 241986K->836K(236032K)] 528525K->287431K(923008K), 0.0050140 secs] [Times: user=0.03 sys=0.00, real=0.01 secs] 
2014-07-16T10:37:24.471+0000: 1767.480: [GC [PSYoungGen: 235972K->784K(230400K)] 522567K->287427K(917376K), 0.0068110 secs] [Times: user=0.04 sys=0.01, real=0.01 secs] 
2014-07-16T10:37:25.319+0000: 1768.328: [GC [PSYoungGen: 230350K->1248K(225472K)] 516994K->287931K(912448K), 0.0110640 secs] [Times: user=0.06 sys=0.00, real=0.01 secs] 
2014-07-16T10:37:26.124+0000: 1769.132: [GC [PSYoungGen: 225440K->480K(219520K)] 512123K->287219K(906496K), 0.0059280 secs] [Times: user=0.04 sys=0.00, real=0.00 secs] 
2014-07-16T10:37:26.997+0000: 1770.006: [GC [PSYoungGen: 219396K->1168K(215232K)] 506136K->287979K(902208K), 0.0082740 secs] [Times: user=0.05 sys=0.00, real=0.01 secs] 
2014-07-16T10:37:27.760+0000: 1770.768: [GC [PSYoungGen: 215184K->640K(209856K)] 501995K->287555K(896832K), 0.0046950 secs] [Times: user=0.03 sys=0.00, real=0.01 secs] 
2014-07-16T10:37:28.519+0000: 1771.527: [GC [PSYoungGen: 209855K->726K(205312K)] 496771K->287689K(892288K), 0.0041290 secs] [Times: user=0.01 sys=0.00, real=0.01 secs] 
2014-07-16T10:37:29.269+0000: 1772.277: [GC [PSYoungGen: 205270K->712K(200832K)] 492233K->287763K(887808K), 0.0068150 secs] [Times: user=0.04 sys=0.00, real=0.01 secs] 
2014-07-16T10:37:29.989+0000: 1772.997: [GC [PSYoungGen: 200776K->908K(196672K)] 487827K->288015K(883648K), 0.0041970 secs] [Times: user=0.02 sys=0.00, real=0.01 secs] 
2014-07-16T10:37:30.705+0000: 1773.713: [GC [PSYoungGen: 196620K->704K(192256K)] 483727K->287875K(879232K), 0.0061020 secs] [Times: user=0.04 sys=0.00, real=0.00 secs] 
2014-07-16T10:37:31.489+0000: 1774.497: [GC [PSYoungGen: 192234K->1018K(188544K)] 479405K->288277K(875520K), 0.0062080 secs] [Times: user=0.04 sys=0.00, real=0.01 secs] 
2014-07-16T10:37:32.132+0000: 1775.141: [GC [PSYoungGen: 188515K->1130K(184768K)] 475775K->288461K(871744K), 0.0058340 secs] [Times: user=0.04 sys=0.00, real=0.01 secs] 
2014-07-16T10:37:32.808+0000: 1775.817: [GC [PSYoungGen: 184746K->594K(220992K)] 472077K->287973K(907968K), 0.0144720 secs] [Times: user=0.08 sys=0.00, real=0.02 secs] 
2014-07-16T10:37:33.631+0000: 1776.640: [GC [PSYoungGen: 220946K->690K(265152K)] 508325K->288165K(952128K), 0.0082140 secs] [Times: user=0.05 sys=0.00, real=0.01 secs] 
2014-07-16T10:37:34.585+0000: 1777.593: [GC [PSYoungGen: 265138K->498K(258304K)] 552613K->288029K(945280K), 0.0064490 secs] [Times: user=0.04 sys=0.00, real=0.00 secs] 
2014-07-16T10:37:35.528+0000: 1778.536: [GC [PSYoungGen: 258290K->1268K(252672K)] 545821K->288879K(939648K), 0.0065590 secs] [Times: user=0.04 sys=0.00, real=0.01 secs] 
2014-07-16T10:37:36.529+0000: 1779.537: [GC [PSYoungGen: 252660K->978K(246272K)] 540271K->288669K(933248K), 0.0038700 secs] [Times: user=0.02 sys=0.00, real=0.00 secs] 
2014-07-16T10:37:37.412+0000: 1780.421: [GC [PSYoungGen: 246226K->1112K(240448K)] 533917K->288867K(927424K), 0.0043650 secs] [Times: user=0.02 sys=0.00, real=0.01 secs] 
2014-07-16T10:37:38.299+0000: 1781.308: [GC [PSYoungGen: 240408K->944K(234496K)] 528163K->288853K(921472K), 0.0061620 secs] [Times: user=0.04 sys=0.00, real=0.01 secs] 
2014-07-16T10:37:39.156+0000: 1782.164: [GC [PSYoungGen: 234480K->1226K(229312K)] 522389K->289215K(916288K), 0.0100170 secs] [Times: user=0.07 sys=0.01, real=0.01 secs] 
2014-07-16T10:37:39.973+0000: 1782.982: [GC [PSYoungGen: 229258K->804K(223552K)] 517247K->288873K(910528K), 0.0034540 secs] [Times: user=0.01 sys=0.00, real=0.01 secs] 
2014-07-16T10:37:40.799+0000: 1783.807: [GC [PSYoungGen: 223524K->762K(218368K)] 511593K->288903K(905344K), 0.0033070 secs] [Times: user=0.02 sys=0.00, real=0.00 secs] 
2014-07-16T10:37:41.637+0000: 1784.646: [GC [PSYoungGen: 218362K->950K(213632K)] 506503K->289155K(900608K), 0.0078970 secs] [Times: user=0.05 sys=0.00, real=0.01 secs] 
2014-07-16T10:37:42.413+0000: 1785.421: [GC [PSYoungGen: 213622K->962K(208896K)] 501827K->289223K(895872K), 0.0043380 secs] [Times: user=0.02 sys=0.00, real=0.01 secs] 
2014-07-16T10:37:43.171+0000: 1786.179: [GC [PSYoungGen: 208834K->758K(204032K)] 497095K->289091K(891008K), 0.0049980 secs] [Times: user=0.03 sys=0.00, real=0.01 secs] 
2014-07-16T10:37:43.914+0000: 1786.923: [GC [PSYoungGen: 204022K->1204K(200000K)] 492355K->289617K(886976K), 0.0094910 secs] [Times: user=0.06 sys=0.00, real=0.01 secs] 
2014-07-16T10:37:44.628+0000: 1787.637: [GC [PSYoungGen: 199988K->512K(195008K)] 488401K->289005K(881984K), 0.0042480 secs] [Times: user=0.03 sys=0.00, real=0.00 secs] 
2014-07-16T10:37:45.324+0000: 1788.332: [GC [PSYoungGen: 195008K->544K(190912K)] 483501K->289149K(877888K), 0.0051290 secs] [Times: user=0.04 sys=0.00, real=0.01 secs] 
2014-07-16T10:37:46.031+0000: 1789.039: [GC [PSYoungGen: 190880K->512K(186816K)] 479485K->289173K(873792K), 0.0110940 secs] [Times: user=0.06 sys=0.00, real=0.01 secs] 
2014-07-16T10:37:46.778+0000: 1789.787: [GC [PSYoungGen: 186816K->880K(183296K)] 475477K->289605K(870272K), 0.0059880 secs] [Times: user=0.03 sys=0.00, real=0.00 secs] 
2014-07-16T10:37:47.435+0000: 1790.444: [GC [PSYoungGen: 183268K->1254K(179904K)] 471994K->290083K(866880K), 0.0066270 secs] [Times: user=0.05 sys=0.00, real=0.00 secs] 
2014-07-16T10:37:48.084+0000: 1791.092: [GC [PSYoungGen: 179878K->908K(175936K)] 468707K->289817K(862912K), 0.0043480 secs] [Times: user=0.02 sys=0.01, real=0.01 secs] 
2014-07-16T10:37:48.720+0000: 1791.728: [GC [PSYoungGen: 175882K->672K(172160K)] 464792K->289669K(859136K), 0.0037960 secs] [Times: user=0.02 sys=0.00, real=0.00 secs] 
2014-07-16T10:37:49.330+0000: 1792.338: [GC [PSYoungGen: 172128K->466K(168576K)] 461125K->289527K(855552K), 0.0105310 secs] [Times: user=0.06 sys=0.00, real=0.01 secs] 
2014-07-16T10:37:49.950+0000: 1792.958: [GC [PSYoungGen: 168488K->1158K(202944K)] 457549K->290291K(889920K), 0.0068330 secs] [Times: user=0.04 sys=0.00, real=0.01 secs] 
2014-07-16T10:37:50.689+0000: 1793.698: [GC [PSYoungGen: 202866K->798K(198144K)] 491999K->289995K(885120K), 0.0055530 secs] [Times: user=0.04 sys=0.00, real=0.00 secs] 
2014-07-16T10:37:51.401+0000: 1794.409: [GC [PSYoungGen: 198110K->416K(193536K)] 487307K->289661K(880512K), 0.0069540 secs] [Times: user=0.04 sys=0.00, real=0.01 secs] 
2014-07-16T10:37:52.113+0000: 1795.121: [GC [PSYoungGen: 193436K->1116K(190144K)] 482681K->290417K(877120K), 0.0033980 secs] [Times: user=0.02 sys=0.00, real=0.01 secs] 
2014-07-16T10:37:52.810+0000: 1795.818: [GC [PSYoungGen: 190108K->722K(185792K)] 479409K->290111K(872768K), 0.0072300 secs] [Times: user=0.05 sys=0.00, real=0.01 secs] 
2014-07-16T10:37:53.485+0000: 1796.494: [GC [PSYoungGen: 185696K->894K(182080K)] 475086K->290395K(869056K), 0.0058700 secs] [Times: user=0.04 sys=0.00, real=0.01 secs] 
2014-07-16T10:37:54.162+0000: 1797.170: [GC [PSYoungGen: 182078K->626K(178112K)] 471579K->290175K(865088K), 0.0084990 secs] [Times: user=0.06 sys=0.00, real=0.01 secs] 
2014-07-16T10:37:54.778+0000: 1797.786: [GC [PSYoungGen: 178098K->512K(174400K)] 467647K->290141K(861376K), 0.0065700 secs] [Times: user=0.04 sys=0.00, real=0.00 secs] 
2014-07-16T10:37:55.453+0000: 1798.462: [GC [PSYoungGen: 174400K->1346K(171840K)] 464029K->291087K(858816K), 0.0042710 secs] [Times: user=0.03 sys=0.00, real=0.01 secs] 
2014-07-16T10:37:56.059+0000: 1799.068: [GC [PSYoungGen: 171761K->1058K(168128K)] 461503K->290911K(855104K), 0.0067220 secs] [Times: user=0.04 sys=0.00, real=0.00 secs] 
2014-07-16T10:37:56.674+0000: 1799.682: [GC [PSYoungGen: 168098K->758K(164544K)] 457951K->290757K(851520K), 0.0075090 secs] [Times: user=0.05 sys=0.00, real=0.01 secs] 
2014-07-16T10:37:57.284+0000: 1800.292: [GC [PSYoungGen: 164523K->1246K(197824K)] 454523K->291325K(884800K), 0.0095560 secs] [Times: user=0.06 sys=0.00, real=0.01 secs] 
2014-07-16T10:37:58.000+0000: 1801.008: [GC [PSYoungGen: 197790K->876K(236800K)] 487869K->291043K(923776K), 0.0083200 secs] [Times: user=0.06 sys=0.00, real=0.01 secs] 
2014-07-16T10:37:58.862+0000: 1801.871: [GC [PSYoungGen: 236780K->1010K(262720K)] 526947K->291265K(949696K), 0.0061950 secs] [Times: user=0.03 sys=0.00, real=0.01 secs] 
2014-07-16T10:37:59.799+0000: 1802.808: [GC [PSYoungGen: 262172K->762K(255424K)] 552427K->291089K(942400K), 0.0065470 secs] [Times: user=0.04 sys=0.00, real=0.00 secs] 
2014-07-16T10:38:00.716+0000: 1803.725: [GC [PSYoungGen: 255418K->626K(249024K)] 545745K->291017K(936000K), 0.0066530 secs] [Times: user=0.03 sys=0.00, real=0.01 secs] 
2014-07-16T10:38:01.628+0000: 1804.637: [GC [PSYoungGen: 249010K->480K(242816K)] 539401K->290927K(929792K), 0.0058470 secs] [Times: user=0.04 sys=0.00, real=0.00 secs] 
2014-07-16T10:38:02.608+0000: 1805.616: [GC [PSYoungGen: 242757K->762K(237248K)] 533205K->291305K(924224K), 0.0043610 secs] [Times: user=0.02 sys=0.00, real=0.01 secs] 
2014-07-16T10:38:03.464+0000: 1806.473: [GC [PSYoungGen: 237242K->616K(231488K)] 527785K->291215K(918464K), 0.0076150 secs] [Times: user=0.04 sys=0.00, real=0.01 secs] 
2014-07-16T10:38:04.331+0000: 1807.340: [GC [PSYoungGen: 231464K->890K(226304K)] 522063K->291585K(913280K), 0.0030150 secs] [Times: user=0.02 sys=0.01, real=0.00 secs] 
2014-07-16T10:38:05.162+0000: 1808.171: [GC [PSYoungGen: 226298K->1200K(221376K)] 516993K->291991K(908352K), 0.0081080 secs] [Times: user=0.06 sys=0.00, real=0.01 secs] 
2014-07-16T10:38:05.956+0000: 1808.964: [GC [PSYoungGen: 221360K->922K(216064K)] 512151K->291769K(903040K), 0.0093500 secs] [Times: user=0.06 sys=0.00, real=0.01 secs] 
2014-07-16T10:38:06.761+0000: 1809.770: [GC [PSYoungGen: 216011K->580K(210880K)] 506859K->291515K(897856K), 0.0036970 secs] [Times: user=0.03 sys=0.00, real=0.00 secs] 
2014-07-16T10:38:07.609+0000: 1810.617: [GC [PSYoungGen: 210790K->1072K(206656K)] 501726K->292095K(893632K), 0.0049570 secs] [Times: user=0.02 sys=0.00, real=0.00 secs] 
2014-07-16T10:38:08.380+0000: 1811.388: [GC [PSYoungGen: 206640K->708K(201792K)] 497663K->291811K(888768K), 0.0055040 secs] [Times: user=0.03 sys=0.00, real=0.00 secs] 
2014-07-16T10:38:09.135+0000: 1812.144: [GC [PSYoungGen: 201732K->1376K(198080K)] 492835K->292733K(885056K), 0.0034700 secs] [Times: user=0.02 sys=0.00, real=0.01 secs] 
2014-07-16T10:38:09.849+0000: 1812.858: [GC [PSYoungGen: 198043K->688K(193152K)] 489401K->292213K(880128K), 0.0031200 secs] [Times: user=0.02 sys=0.00, real=0.00 secs] 
2014-07-16T10:38:10.529+0000: 1813.537: [GC [PSYoungGen: 193136K->708K(189120K)] 484661K->292337K(876096K), 0.0063730 secs] [Times: user=0.04 sys=0.00, real=0.01 secs] 
2014-07-16T10:38:11.221+0000: 1814.229: [GC [PSYoungGen: 189060K->530K(184960K)] 480689K->292347K(871936K), 0.0061980 secs] [Times: user=0.04 sys=0.01, real=0.00 secs] 
2014-07-16T10:38:11.878+0000: 1814.886: [GC [PSYoungGen: 184875K->1026K(181632K)] 476692K->292931K(868608K), 0.0073630 secs] [Times: user=0.05 sys=0.00, real=0.01 secs] 
2014-07-16T10:38:12.537+0000: 1815.545: [GC [PSYoungGen: 181570K->548K(177408K)] 473475K->292485K(864384K), 0.0059050 secs] [Times: user=0.02 sys=0.00, real=0.01 secs] 
2014-07-16T10:38:13.173+0000: 1816.181: [GC [PSYoungGen: 177380K->1012K(174272K)] 469317K->293037K(861248K), 0.0056680 secs] [Times: user=0.04 sys=0.00, real=0.00 secs] 
2014-07-16T10:38:13.786+0000: 1816.794: [GC [PSYoungGen: 174260K->904K(170752K)] 466285K->293017K(857728K), 0.0037150 secs] [Times: user=0.02 sys=0.00, real=0.01 secs] 
2014-07-16T10:38:14.442+0000: 1817.450: [GC [PSYoungGen: 170696K->1114K(204928K)] 462809K->293299K(891904K), 0.0138430 secs] [Times: user=0.09 sys=0.01, real=0.01 secs] 
2014-07-16T10:38:15.172+0000: 1818.181: [GC [PSYoungGen: 204885K->994K(200320K)] 497071K->293857K(887296K), 0.0045450 secs] [Times: user=0.03 sys=0.00, real=0.00 secs] 
2014-07-16T10:38:15.901+0000: 1818.910: [GC [PSYoungGen: 200290K->876K(240064K)] 493153K->293819K(927040K), 0.0086040 secs] [Times: user=0.05 sys=0.00, real=0.01 secs] 
2014-07-16T10:38:16.770+0000: 1819.779: [GC [PSYoungGen: 240044K->594K(234112K)] 532987K->293641K(921088K), 0.0079530 secs] [Times: user=0.06 sys=0.00, real=0.00 secs] 
2014-07-16T10:38:17.686+0000: 1820.694: [GC [PSYoungGen: 234066K->736K(228736K)] 527113K->293879K(915712K), 0.0053290 secs] [Times: user=0.03 sys=0.00, real=0.01 secs] 
2014-07-16T10:38:18.521+0000: 1821.529: [GC [PSYoungGen: 228704K->748K(223424K)] 521847K->293955K(910400K), 0.0068400 secs] [Times: user=0.05 sys=0.00, real=0.00 secs] 
2014-07-16T10:38:19.397+0000: 1822.405: [GC [PSYoungGen: 223404K->676K(218240K)] 516611K->293971K(905216K), 0.0073790 secs] [Times: user=0.05 sys=0.00, real=0.01 secs] 
2014-07-16T10:38:20.170+0000: 1823.178: [GC [PSYoungGen: 218212K->1094K(213760K)] 511507K->294477K(900736K), 0.0054360 secs] [Times: user=0.04 sys=0.01, real=0.00 secs] 
2014-07-16T10:38:20.952+0000: 1823.960: [GC [PSYoungGen: 213702K->712K(208576K)] 507085K->294167K(895552K), 0.0064550 secs] [Times: user=0.04 sys=0.00, real=0.00 secs] 
2014-07-16T10:38:21.740+0000: 1824.749: [GC [PSYoungGen: 208494K->1214K(204416K)] 501950K->294757K(891392K), 0.0042950 secs] [Times: user=0.03 sys=0.00, real=0.01 secs] 
2014-07-16T10:38:22.486+0000: 1825.494: [GC [PSYoungGen: 204388K->976K(199808K)] 497932K->294584K(886784K), 0.0065650 secs] [Times: user=0.04 sys=0.00, real=0.01 secs] 
2014-07-16T10:38:23.178+0000: 1826.186: [GC [PSYoungGen: 199760K->944K(195456K)] 493368K->294607K(882432K), 0.0071650 secs] [Times: user=0.03 sys=0.00, real=0.01 secs] 
2014-07-16T10:38:23.826+0000: 1826.835: [GC [PSYoungGen: 195440K->530K(190912K)] 489103K->294249K(877888K), 0.0064850 secs] [Times: user=0.04 sys=0.01, real=0.01 secs] 
2014-07-16T10:38:24.418+0000: 1827.427: [GC [PSYoungGen: 190866K->562K(228992K)] 484585K->294345K(915968K), 0.0114830 secs] [Times: user=0.08 sys=0.00, real=0.01 secs] 
2014-07-16T10:38:25.213+0000: 1828.221: [GC [PSYoungGen: 228976K->868K(263168K)] 522760K->294755K(950144K), 0.0065250 secs] [Times: user=0.04 sys=0.00, real=0.00 secs] 
2014-07-16T10:38:26.093+0000: 1829.102: [GC [PSYoungGen: 262500K->932K(275648K)] 556387K->294899K(962624K), 0.0109600 secs] [Times: user=0.07 sys=0.00, real=0.01 secs] 
2014-07-16T10:38:26.954+0000: 1829.962: [GC [PSYoungGen: 275108K->940K(268096K)] 569075K->294987K(955072K), 0.0065330 secs] [Times: user=0.04 sys=0.00, real=0.00 secs] 
2014-07-16T10:38:27.879+0000: 1830.888: [GC [PSYoungGen: 268076K->502K(260864K)] 562123K->294930K(947840K), 0.0038070 secs] [Times: user=0.01 sys=0.00, real=0.01 secs] 
2014-07-16T10:38:28.816+0000: 1831.824: [GC [PSYoungGen: 260854K->1124K(254976K)] 555282K->295647K(941952K), 0.0096420 secs] [Times: user=0.06 sys=0.00, real=0.01 secs] 
2014-07-16T10:38:29.666+0000: 1832.674: [GC [PSYoungGen: 254948K->1076K(248640K)] 549471K->295820K(935616K), 0.0090410 secs] [Times: user=0.02 sys=0.01, real=0.01 secs] 
2014-07-16T10:38:30.521+0000: 1833.529: [GC [PSYoungGen: 248623K->1218K(242816K)] 543367K->296058K(929792K), 0.0058860 secs] [Times: user=0.03 sys=0.00, real=0.01 secs] 
2014-07-16T10:38:31.325+0000: 1834.333: [GC [PSYoungGen: 242751K->740K(236480K)] 537591K->295676K(923456K), 0.0048570 secs] [Times: user=0.02 sys=0.00, real=0.00 secs] 
2014-07-16T10:38:32.088+0000: 1835.097: [GC [PSYoungGen: 236449K->562K(230720K)] 531385K->295577K(917696K), 0.0061510 secs] [Times: user=0.04 sys=0.00, real=0.01 secs] 
2014-07-16T10:38:32.985+0000: 1835.993: [GC [PSYoungGen: 230706K->544K(225344K)] 525721K->295623K(912320K), 0.0071920 secs] [Times: user=0.05 sys=0.00, real=0.01 secs] 
2014-07-16T10:38:33.716+0000: 1836.724: [GC [PSYoungGen: 225312K->1364K(220992K)] 520391K->296524K(907968K), 0.0052220 secs] [Times: user=0.03 sys=0.00, real=0.00 secs] 
2014-07-16T10:38:34.446+0000: 1837.454: [GC [PSYoungGen: 220948K->1060K(264640K)] 516108K->296300K(951616K), 0.0145330 secs] [Times: user=0.10 sys=0.00, real=0.01 secs] 
2014-07-16T10:38:35.335+0000: 1838.343: [GC [PSYoungGen: 264612K->740K(270272K)] 559852K->296052K(957248K), 0.0098780 secs] [Times: user=0.03 sys=0.01, real=0.01 secs] 
2014-07-16T10:38:36.211+0000: 1839.220: [GC [PSYoungGen: 269348K->868K(317952K)] 564660K->296252K(1004928K), 0.0076190 secs] [Times: user=0.05 sys=0.00, real=0.01 secs] 
2014-07-16T10:38:37.269+0000: 1840.277: [GC [PSYoungGen: 317211K->1490K(309184K)] 612595K->296996K(996160K), 0.0090210 secs] [Times: user=0.06 sys=0.00, real=0.01 secs] 
2014-07-16T10:38:38.414+0000: 1841.423: [GC [PSYoungGen: 309138K->64K(299392K)] 604644K->296374K(986368K), 0.0084780 secs] [Times: user=0.06 sys=0.00, real=0.00 secs] 
2014-07-16T10:38:39.441+0000: 1842.450: [GC [PSYoungGen: 299365K->1618K(292992K)] 595675K->298076K(979968K), 0.0059740 secs] [Times: user=0.04 sys=0.00, real=0.01 secs] 
2014-07-16T10:38:40.404+0000: 1843.412: [GC [PSYoungGen: 292946K->544K(284224K)] 589404K->297720K(971200K), 0.0070040 secs] [Times: user=0.04 sys=0.00, real=0.00 secs] 
2014-07-16T10:38:41.401+0000: 1844.409: [GC [PSYoungGen: 284178K->626K(276864K)] 581355K->297874K(963840K), 0.0130620 secs] [Times: user=0.06 sys=0.00, real=0.01 secs] 
2014-07-16T10:38:42.316+0000: 1845.325: [GC [PSYoungGen: 276850K->808K(269952K)] 574098K->298112K(956928K), 0.0058550 secs] [Times: user=0.02 sys=0.00, real=0.00 secs] 
2014-07-16T10:38:43.283+0000: 1846.291: [GC [PSYoungGen: 269924K->976K(263296K)] 567228K->298328K(950272K), 0.0083280 secs] [Times: user=0.05 sys=0.00, real=0.01 secs] 
2014-07-16T10:38:44.181+0000: 1847.189: [GC [PSYoungGen: 263248K->416K(256128K)] 560600K->297832K(943104K), 0.0079860 secs] [Times: user=0.05 sys=0.01, real=0.01 secs] 
2014-07-16T10:38:45.045+0000: 1848.054: [GC [PSYoungGen: 256096K->858K(307712K)] 553512K->298338K(994688K), 0.0132080 secs] [Times: user=0.08 sys=0.00, real=0.01 secs] 
2014-07-16T10:38:46.078+0000: 1849.086: [GC [PSYoungGen: 307674K->900K(299456K)] 605154K->298436K(986432K), 0.0043370 secs] [Times: user=0.02 sys=0.00, real=0.00 secs] 
2014-07-16T10:38:47.105+0000: 1850.113: [GC [PSYoungGen: 299396K->946K(291456K)] 596932K->298546K(978432K), 0.0035020 secs] [Times: user=0.02 sys=0.00, real=0.00 secs] 
2014-07-16T10:38:48.164+0000: 1851.172: [GC [PSYoungGen: 291442K->786K(283648K)] 589042K->298474K(970624K), 0.0072150 secs] [Times: user=0.05 sys=0.00, real=0.01 secs] 
2014-07-16T10:38:49.080+0000: 1852.089: [GC [PSYoungGen: 283602K->1272K(276736K)] 581290K->299040K(963712K), 0.0052910 secs] [Times: user=0.02 sys=0.00, real=0.01 secs] 
2014-07-16T10:38:50.009+0000: 1853.018: [GC [PSYoungGen: 276706K->888K(269248K)] 574475K->299196K(956224K), 0.0111150 secs] [Times: user=0.07 sys=0.00, real=0.01 secs] 
2014-07-16T10:38:50.876+0000: 1853.884: [GC [PSYoungGen: 269220K->1236K(262848K)] 567529K->299658K(949824K), 0.0062020 secs] [Times: user=0.04 sys=0.00, real=0.00 secs] 
2014-07-16T10:38:51.751+0000: 1854.759: [GC [PSYoungGen: 262791K->954K(256000K)] 561213K->299836K(942976K), 0.0038230 secs] [Times: user=0.02 sys=0.00, real=0.00 secs] 
2014-07-16T10:38:52.593+0000: 1855.602: [GC [PSYoungGen: 255994K->594K(249344K)] 554876K->299508K(936320K), 0.0117950 secs] [Times: user=0.07 sys=0.00, real=0.02 secs] 
2014-07-16T10:38:53.554+0000: 1856.563: [GC [PSYoungGen: 249298K->1504K(244160K)] 548212K->300466K(931136K), 0.0075710 secs] [Times: user=0.04 sys=0.00, real=0.01 secs] 
2014-07-16T10:38:54.382+0000: 1857.390: [GC [PSYoungGen: 244128K->736K(237568K)] 543090K->299794K(924544K), 0.0043830 secs] [Times: user=0.03 sys=0.00, real=0.01 secs] 
2014-07-16T10:38:55.168+0000: 1858.176: [GC [PSYoungGen: 237536K->1264K(232448K)] 536594K->300386K(919424K), 0.0075710 secs] [Times: user=0.04 sys=0.00, real=0.00 secs] 
2014-07-16T10:38:55.983+0000: 1858.991: [GC [PSYoungGen: 232432K->722K(226496K)] 531554K->299908K(913472K), 0.0055740 secs] [Times: user=0.03 sys=0.00, real=0.01 secs] 
2014-07-16T10:38:56.730+0000: 1859.738: [GC [PSYoungGen: 226450K->676K(221184K)] 525636K->299918K(908160K), 0.0045380 secs] [Times: user=0.01 sys=0.01, real=0.00 secs] 
2014-07-16T10:38:57.443+0000: 1860.451: [GC [PSYoungGen: 221156K->672K(216128K)] 520398K->299978K(903104K), 0.0058020 secs] [Times: user=0.02 sys=0.00, real=0.01 secs] 
2014-07-16T10:38:58.247+0000: 1861.255: [GC [PSYoungGen: 216096K->1380K(211968K)] 515402K->300742K(898944K), 0.0110460 secs] [Times: user=0.06 sys=0.00, real=0.01 secs] 
2014-07-16T10:38:58.944+0000: 1861.952: [GC [PSYoungGen: 211940K->1382K(207296K)] 511302K->300816K(894272K), 0.0077170 secs] [Times: user=0.04 sys=0.00, real=0.01 secs] 
2014-07-16T10:38:59.590+0000: 1862.598: [GC [PSYoungGen: 207270K->820K(202176K)] 506704K->300514K(889152K), 0.0041700 secs] [Times: user=0.02 sys=0.00, real=0.00 secs] 
2014-07-16T10:39:00.283+0000: 1863.291: [GC [PSYoungGen: 202148K->1486K(198528K)] 501842K->301244K(885504K), 0.0041520 secs] [Times: user=0.02 sys=0.00, real=0.01 secs] 
2014-07-16T10:39:00.910+0000: 1863.918: [GC [PSYoungGen: 198461K->690K(193472K)] 498220K->301028K(880448K), 0.0060310 secs] [Times: user=0.03 sys=0.00, real=0.01 secs] 
2014-07-16T10:39:01.542+0000: 1864.550: [GC [PSYoungGen: 193458K->958K(189632K)] 493796K->301392K(876608K), 0.0059370 secs] [Times: user=0.04 sys=0.00, real=0.01 secs] 
2014-07-16T10:39:02.144+0000: 1865.153: [GC [PSYoungGen: 189592K->580K(185344K)] 490027K->301062K(872320K), 0.0074930 secs] [Times: user=0.05 sys=0.00, real=0.01 secs] 
2014-07-16T10:39:02.734+0000: 1865.742: [GC [PSYoungGen: 185284K->1562K(182464K)] 485766K->302109K(869440K), 0.0068230 secs] [Times: user=0.05 sys=0.00, real=0.01 secs] 
2014-07-16T10:39:03.419+0000: 1866.428: [GC [PSYoungGen: 182426K->1068K(178240K)] 482973K->301686K(865216K), 0.0055010 secs] [Times: user=0.03 sys=0.00, real=0.00 secs] 
2014-07-16T10:39:04.021+0000: 1867.029: [GC [PSYoungGen: 178220K->772K(213440K)] 478838K->301430K(900416K), 0.0090250 secs] [Times: user=0.04 sys=0.00, real=0.01 secs] 
2014-07-16T10:39:04.700+0000: 1867.708: [GC [PSYoungGen: 213380K->662K(255872K)] 514038K->301392K(942848K), 0.0099550 secs] [Times: user=0.06 sys=0.00, real=0.01 secs] 
2014-07-16T10:39:05.537+0000: 1868.545: [GC [PSYoungGen: 255824K->512K(293760K)] 556555K->301274K(980736K), 0.0101920 secs] [Times: user=0.06 sys=0.00, real=0.01 secs] 
2014-07-16T10:39:06.508+0000: 1869.517: [GC [PSYoungGen: 292416K->1158K(308160K)] 593178K->301984K(995136K), 0.0104830 secs] [Times: user=0.06 sys=0.00, real=0.01 secs] 
2014-07-16T10:39:07.526+0000: 1870.534: [GC [PSYoungGen: 307460K->908K(299008K)] 608286K->301782K(985984K), 0.0058840 secs] [Times: user=0.02 sys=0.01, real=0.01 secs] 
2014-07-16T10:39:08.577+0000: 1871.585: [GC [PSYoungGen: 298918K->886K(291008K)] 599793K->302024K(977984K), 0.0055520 secs] [Times: user=0.02 sys=0.00, real=0.01 secs] 
2014-07-16T10:39:09.503+0000: 1872.512: [GC [PSYoungGen: 290998K->1286K(283776K)] 592136K->302512K(970752K), 0.0092930 secs] [Times: user=0.06 sys=0.00, real=0.01 secs] 
2014-07-16T10:39:10.503+0000: 1873.511: [GC [PSYoungGen: 283663K->844K(275968K)] 584890K->302126K(962944K), 0.0072690 secs] [Times: user=0.04 sys=0.01, real=0.01 secs] 
2014-07-16T10:39:11.428+0000: 1874.436: [GC [PSYoungGen: 275916K->1132K(269184K)] 577198K->302494K(956160K), 0.0089690 secs] [Times: user=0.06 sys=0.00, real=0.01 secs] 
2014-07-16T10:39:12.322+0000: 1875.331: [GC [PSYoungGen: 269164K->1290K(262592K)] 570526K->302708K(949568K), 0.0033030 secs] [Times: user=0.02 sys=0.00, real=0.00 secs] 
2014-07-16T10:39:13.233+0000: 1876.242: [GC [PSYoungGen: 262462K->1162K(255936K)] 563880K->302636K(942912K), 0.0050460 secs] [Times: user=0.03 sys=0.01, real=0.01 secs] 
2014-07-16T10:39:14.043+0000: 1877.051: [GC [PSYoungGen: 255874K->948K(249408K)] 557349K->302690K(936384K), 0.0102950 secs] [Times: user=0.07 sys=0.00, real=0.01 secs] 
2014-07-16T10:39:14.862+0000: 1877.870: [GC [PSYoungGen: 249396K->926K(243328K)] 551138K->302740K(930304K), 0.0105250 secs] [Times: user=0.07 sys=0.00, real=0.01 secs] 
2014-07-16T10:39:15.655+0000: 1878.663: [GC [PSYoungGen: 243294K->780K(237376K)] 545108K->302967K(924352K), 0.0047080 secs] [Times: user=0.02 sys=0.00, real=0.01 secs] 
2014-07-16T10:39:16.460+0000: 1879.469: [GC [PSYoungGen: 237324K->1126K(232064K)] 539511K->303377K(919040K), 0.0056290 secs] [Times: user=0.03 sys=0.00, real=0.00 secs] 
2014-07-16T10:39:17.222+0000: 1880.230: [GC [PSYoungGen: 232036K->1406K(226880K)] 534287K->303745K(913856K), 0.0083650 secs] [Times: user=0.05 sys=0.00, real=0.01 secs] 
2014-07-16T10:39:17.964+0000: 1880.973: [GC [PSYoungGen: 226878K->1044K(221312K)] 529217K->303431K(908288K), 0.0084970 secs] [Times: user=0.05 sys=0.00, real=0.01 secs] 
2014-07-16T10:39:18.854+0000: 1881.863: [GC [PSYoungGen: 221238K->872K(216064K)] 523625K->303339K(903040K), 0.0076940 secs] [Times: user=0.05 sys=0.00, real=0.01 secs] 
2014-07-16T10:39:19.604+0000: 1882.613: [GC [PSYoungGen: 216040K->1036K(211392K)] 518507K->303551K(898368K), 0.0058850 secs] [Times: user=0.04 sys=0.00, real=0.01 secs] 
2014-07-16T10:39:20.348+0000: 1883.356: [GC [PSYoungGen: 211340K->1022K(253440K)] 513855K->303585K(940416K), 0.0109490 secs] [Times: user=0.07 sys=0.00, real=0.01 secs] 
2014-07-16T10:39:21.210+0000: 1884.218: [GC [PSYoungGen: 253393K->1058K(247296K)] 555956K->303685K(934272K), 0.0052740 secs] [Times: user=0.02 sys=0.00, real=0.01 secs] 
2014-07-16T10:39:22.001+0000: 1885.009: [GC [PSYoungGen: 247266K->786K(241088K)] 549893K->303492K(928064K), 0.0056390 secs] [Times: user=0.03 sys=0.00, real=0.00 secs] 
2014-07-16T10:39:22.774+0000: 1885.783: [GC [PSYoungGen: 241042K->612K(235136K)] 543748K->303383K(922112K), 0.0056880 secs] [Times: user=0.03 sys=0.00, real=0.01 secs] 
2014-07-16T10:39:23.577+0000: 1886.585: [GC [PSYoungGen: 235108K->708K(229696K)] 537879K->303551K(916672K), 0.0073930 secs] [Times: user=0.04 sys=0.00, real=0.01 secs] 
2014-07-16T10:39:24.297+0000: 1887.305: [GC [PSYoungGen: 229636K->826K(224384K)] 532479K->303733K(911360K), 0.0070170 secs] [Times: user=0.03 sys=0.00, real=0.01 secs] 
2014-07-16T10:39:25.070+0000: 1888.078: [GC [PSYoungGen: 224378K->498K(268800K)] 527285K->303428K(955776K), 0.0145210 secs] [Times: user=0.08 sys=0.00, real=0.02 secs] 
2014-07-16T10:39:25.958+0000: 1888.966: [GC [PSYoungGen: 268786K->1300K(262848K)] 571716K->304303K(949824K), 0.0039590 secs] [Times: user=0.01 sys=0.00, real=0.01 secs] 
2014-07-16T10:39:26.815+0000: 1889.823: [GC [PSYoungGen: 262773K->1266K(256256K)] 565776K->304415K(943232K), 0.0092920 secs] [Times: user=0.06 sys=0.00, real=0.01 secs] 
2014-07-16T10:39:27.623+0000: 1890.632: [GC [PSYoungGen: 256242K->900K(249600K)] 559391K->304113K(936576K), 0.0045200 secs] [Times: user=0.01 sys=0.00, real=0.00 secs] 
2014-07-16T10:39:28.547+0000: 1891.555: [GC [PSYoungGen: 249540K->1272K(243840K)] 552753K->304605K(930816K), 0.0085590 secs] [Times: user=0.05 sys=0.00, real=0.01 secs] 
2014-07-16T10:39:29.406+0000: 1892.414: [GC [PSYoungGen: 243832K->1368K(238144K)] 547165K->304781K(925120K), 0.0075970 secs] [Times: user=0.04 sys=0.01, real=0.01 secs] 
2014-07-16T10:39:30.245+0000: 1893.254: [GC [PSYoungGen: 238058K->802K(231936K)] 541471K->304601K(918912K), 0.0053860 secs] [Times: user=0.03 sys=0.00, real=0.00 secs] 
2014-07-16T10:39:31.110+0000: 1894.118: [GC [PSYoungGen: 231905K->954K(226624K)] 535704K->304867K(913600K), 0.0043420 secs] [Times: user=0.02 sys=0.00, real=0.01 secs] 
2014-07-16T10:39:31.826+0000: 1894.834: [GC [PSYoungGen: 226618K->964K(221440K)] 530531K->305023K(908416K), 0.0040670 secs] [Times: user=0.02 sys=0.00, real=0.00 secs] 
2014-07-16T10:39:32.517+0000: 1895.526: [GC [PSYoungGen: 221380K->826K(216192K)] 525439K->304933K(903168K), 0.0124110 secs] [Times: user=0.07 sys=0.00, real=0.01 secs] 
2014-07-16T10:39:33.205+0000: 1896.213: [GC [PSYoungGen: 216186K->776K(211328K)] 520293K->304947K(898304K), 0.0034440 secs] [Times: user=0.02 sys=0.00, real=0.00 secs] 
2014-07-16T10:39:33.982+0000: 1896.990: [GC [PSYoungGen: 211272K->836K(206720K)] 515443K->305071K(893696K), 0.0094280 secs] [Times: user=0.05 sys=0.00, real=0.00 secs] 
2014-07-16T10:39:34.637+0000: 1897.646: [GC [PSYoungGen: 206660K->672K(201984K)] 510895K->305019K(888960K), 0.0051960 secs] [Times: user=0.03 sys=0.00, real=0.01 secs] 
2014-07-16T10:39:35.309+0000: 1898.318: [GC [PSYoungGen: 201952K->880K(197824K)] 506299K->305275K(884800K), 0.0071120 secs] [Times: user=0.05 sys=0.00, real=0.01 secs] 
2014-07-16T10:39:35.952+0000: 1898.960: [GC [PSYoungGen: 197808K->858K(193600K)] 502203K->305317K(880576K), 0.0056870 secs] [Times: user=0.04 sys=0.00, real=0.01 secs] 
2014-07-16T10:39:36.626+0000: 1899.634: [GC [PSYoungGen: 193530K->1510K(190144K)] 497989K->306249K(877120K), 0.0076260 secs] [Times: user=0.04 sys=0.00, real=0.01 secs] 
2014-07-16T10:39:37.265+0000: 1900.273: [GC [PSYoungGen: 190118K->698K(185344K)] 494857K->305623K(872320K), 0.0034640 secs] [Times: user=0.01 sys=0.00, real=0.00 secs] 
2014-07-16T10:39:37.860+0000: 1900.869: [GC [PSYoungGen: 185338K->940K(181760K)] 490263K->305945K(868736K), 0.0035490 secs] [Times: user=0.02 sys=0.00, real=0.01 secs] 
2014-07-16T10:39:38.533+0000: 1901.542: [GC [PSYoungGen: 181740K->1196K(218176K)] 486745K->306357K(905152K), 0.0128210 secs] [Times: user=0.07 sys=0.00, real=0.01 secs] 
2014-07-16T10:39:39.193+0000: 1902.201: [GC [PSYoungGen: 218156K->772K(261184K)] 523317K->306005K(948160K), 0.0197820 secs] [Times: user=0.12 sys=0.00, real=0.02 secs] 
2014-07-16T10:39:40.112+0000: 1903.121: [GC [PSYoungGen: 261060K->836K(281728K)] 566293K->306149K(968704K), 0.0048470 secs] [Times: user=0.03 sys=0.00, real=0.00 secs] 
2014-07-16T10:39:41.035+0000: 1904.044: [GC [PSYoungGen: 281348K->886K(282048K)] 586661K->306271K(969024K), 0.0041520 secs] [Times: user=0.02 sys=0.01, real=0.00 secs] 
2014-07-16T10:39:41.922+0000: 1904.931: [GC [PSYoungGen: 281398K->940K(338112K)] 586783K->306397K(1025088K), 0.0211050 secs] [Times: user=0.13 sys=0.00, real=0.03 secs] 
2014-07-16T10:39:42.968+0000: 1905.976: [GC [PSYoungGen: 337580K->848K(338112K)] 643037K->306353K(1025088K), 0.0052640 secs] [Times: user=0.03 sys=0.00, real=0.01 secs] 
2014-07-16T10:39:44.140+0000: 1907.148: [GC [PSYoungGen: 337488K->672K(327872K)] 642993K->306249K(1014848K), 0.0036280 secs] [Times: user=0.02 sys=0.00, real=0.01 secs] 
2014-07-16T10:39:45.196+0000: 1908.205: [GC [PSYoungGen: 327840K->612K(318720K)] 633417K->306229K(1005696K), 0.0104750 secs] [Times: user=0.06 sys=0.01, real=0.01 secs] 
2014-07-16T10:39:46.233+0000: 1909.242: [GC [PSYoungGen: 318650K->768K(310080K)] 624267K->306473K(997056K), 0.0109240 secs] [Times: user=0.08 sys=0.00, real=0.01 secs] 
2014-07-16T10:39:47.247+0000: 1910.255: [GC [PSYoungGen: 310044K->1008K(301952K)] 615749K->306777K(988928K), 0.0061100 secs] [Times: user=0.04 sys=0.00, real=0.00 secs] 
2014-07-16T10:39:48.263+0000: 1911.271: [GC [PSYoungGen: 301930K->1086K(293952K)] 607700K->307325K(980928K), 0.0075880 secs] [Times: user=0.04 sys=0.00, real=0.01 secs] 
2014-07-16T10:39:49.337+0000: 1912.345: [GC [PSYoungGen: 293916K->812K(285952K)] 600155K->307107K(972928K), 0.0071230 secs] [Times: user=0.04 sys=0.00, real=0.00 secs] 
2014-07-16T10:39:50.344+0000: 1913.352: [GC [PSYoungGen: 285932K->1322K(279040K)] 592227K->307705K(966016K), 0.0037780 secs] [Times: user=0.02 sys=0.00, real=0.00 secs] 
2014-07-16T10:39:51.227+0000: 1914.235: [GC [PSYoungGen: 279018K->708K(271296K)] 585401K->307187K(958272K), 0.0061150 secs] [Times: user=0.03 sys=0.00, real=0.00 secs] 
2014-07-16T10:39:52.106+0000: 1915.114: [GC [PSYoungGen: 271236K->608K(264256K)] 577715K->307167K(951232K), 0.0046260 secs] [Times: user=0.02 sys=0.00, real=0.00 secs] 
2014-07-16T10:39:52.929+0000: 1915.937: [GC [PSYoungGen: 264201K->790K(257792K)] 570760K->307413K(944768K), 0.0085400 secs] [Times: user=0.05 sys=0.00, real=0.01 secs] 
2014-07-16T10:39:53.853+0000: 1916.862: [GC [PSYoungGen: 257677K->648K(251264K)] 564300K->307327K(938240K), 0.0059910 secs] [Times: user=0.04 sys=0.00, real=0.01 secs] 
2014-07-16T10:39:54.678+0000: 1917.687: [GC [PSYoungGen: 251181K->1036K(245504K)] 557861K->307779K(932480K), 0.0118000 secs] [Times: user=0.06 sys=0.00, real=0.01 secs] 
2014-07-16T10:39:55.451+0000: 1918.460: [GC [PSYoungGen: 245452K->794K(239360K)] 552195K->307593K(926336K), 0.0103870 secs] [Times: user=0.05 sys=0.01, real=0.01 secs] 
2014-07-16T10:39:56.218+0000: 1919.226: [GC [PSYoungGen: 239320K->922K(233792K)] 546119K->307753K(920768K), 0.0056180 secs] [Times: user=0.02 sys=0.00, real=0.00 secs] 
2014-07-16T10:39:56.969+0000: 1919.977: [GC [PSYoungGen: 233754K->766K(228096K)] 540585K->307661K(915072K), 0.0055020 secs] [Times: user=0.03 sys=0.00, real=0.00 secs] 
2014-07-16T10:39:57.724+0000: 1920.733: [GC [PSYoungGen: 228073K->940K(222976K)] 534968K->307915K(909952K), 0.0068030 secs] [Times: user=0.04 sys=0.01, real=0.01 secs] 
2014-07-16T10:39:58.434+0000: 1921.443: [GC [PSYoungGen: 222949K->858K(217792K)] 529924K->307937K(904768K), 0.0074710 secs] [Times: user=0.05 sys=0.00, real=0.01 secs] 
2014-07-16T10:39:59.242+0000: 1922.250: [GC [PSYoungGen: 217733K->1328K(213312K)] 524812K->308487K(900288K), 0.0036940 secs] [Times: user=0.01 sys=0.00, real=0.01 secs] 
2014-07-16T10:39:59.935+0000: 1922.943: [GC [PSYoungGen: 213296K->498K(207744K)] 520455K->308565K(894720K), 0.0037660 secs] [Times: user=0.02 sys=0.00, real=0.01 secs] 
2014-07-16T10:40:00.681+0000: 1923.690: [GC [PSYoungGen: 207730K->1458K(204096K)] 515797K->309581K(891072K), 0.0065930 secs] [Times: user=0.04 sys=0.00, real=0.01 secs] 
2014-07-16T10:40:01.341+0000: 1924.349: [GC [PSYoungGen: 204082K->680K(198912K)] 512205K->309075K(885888K), 0.0034700 secs] [Times: user=0.02 sys=0.00, real=0.00 secs] 
2014-07-16T10:40:01.966+0000: 1924.974: [GC [PSYoungGen: 198886K->812K(194752K)] 507282K->309247K(881728K), 0.0099340 secs] [Times: user=0.05 sys=0.01, real=0.01 secs] 
2014-07-16T10:40:02.616+0000: 1925.624: [GC [PSYoungGen: 194732K->662K(190464K)] 503167K->309137K(877440K), 0.0078670 secs] [Times: user=0.04 sys=0.00, real=0.00 secs] 
2014-07-16T10:40:03.258+0000: 1926.267: [GC [PSYoungGen: 190422K->872K(228608K)] 498897K->309435K(915584K), 0.0087770 secs] [Times: user=0.05 sys=0.01, real=0.01 secs] 
2014-07-16T10:40:04.115+0000: 1927.123: [GC [PSYoungGen: 228584K->964K(223424K)] 537147K->309631K(910400K), 0.0039650 secs] [Times: user=0.02 sys=0.00, real=0.01 secs] 
2014-07-16T10:40:04.757+0000: 1927.765: [GC [PSYoungGen: 223364K->794K(218112K)] 532031K->309525K(905088K), 0.0054250 secs] [Times: user=0.03 sys=0.01, real=0.00 secs] 
2014-07-16T10:40:05.463+0000: 1928.472: [GC [PSYoungGen: 218074K->704K(261440K)] 526805K->309491K(948416K), 0.0133320 secs] [Times: user=0.07 sys=0.00, real=0.02 secs] 
2014-07-16T10:40:06.311+0000: 1929.319: [GC [PSYoungGen: 261440K->1000K(313920K)] 570227K->309843K(1000896K), 0.0096980 secs] [Times: user=0.06 sys=0.00, real=0.01 secs] 
2014-07-16T10:40:07.345+0000: 1930.353: [GC [PSYoungGen: 313859K->704K(376192K)] 622703K->309619K(1063168K), 0.0074550 secs] [Times: user=0.04 sys=0.00, real=0.01 secs] 
2014-07-16T10:40:08.552+0000: 1931.560: [GC [PSYoungGen: 376179K->754K(365184K)] 685094K->309781K(1052160K), 0.0063010 secs] [Times: user=0.04 sys=0.00, real=0.01 secs] 
2014-07-16T10:40:09.845+0000: 1932.853: [GC [PSYoungGen: 365170K->1240K(355072K)] 674197K->310323K(1042048K), 0.0037090 secs] [Times: user=0.02 sys=0.01, real=0.01 secs] 
2014-07-16T10:40:11.170+0000: 1934.178: [GC [PSYoungGen: 355032K->1240K(344896K)] 664115K->310419K(1031872K), 0.0070610 secs] [Times: user=0.04 sys=0.00, real=0.00 secs] 
2014-07-16T10:40:12.276+0000: 1935.284: [GC [PSYoungGen: 344856K->576K(334400K)] 654035K->309851K(1021376K), 0.0048580 secs] [Times: user=0.03 sys=0.00, real=0.01 secs] 
2014-07-16T10:40:13.350+0000: 1936.358: [GC [PSYoungGen: 334400K->480K(324928K)] 643675K->309819K(1011904K), 0.0082160 secs] [Times: user=0.05 sys=0.00, real=0.01 secs] 
2014-07-16T10:40:14.469+0000: 1937.478: [GC [PSYoungGen: 324887K->1244K(316672K)] 634226K->310631K(1003648K), 0.0081290 secs] [Times: user=0.04 sys=0.00, real=0.00 secs] 
2014-07-16T10:40:15.459+0000: 1938.467: [GC [PSYoungGen: 316636K->1050K(307840K)] 626023K->310477K(994816K), 0.0044580 secs] [Times: user=0.01 sys=0.01, real=0.00 secs] 
2014-07-16T10:40:16.467+0000: 1939.475: [GC [PSYoungGen: 307802K->1008K(299456K)] 617229K->310499K(986432K), 0.0101320 secs] [Times: user=0.06 sys=0.00, real=0.01 secs] 
2014-07-16T10:40:17.454+0000: 1940.462: [GC [PSYoungGen: 299440K->562K(291008K)] 608931K->310093K(977984K), 0.0088890 secs] [Times: user=0.04 sys=0.01, real=0.01 secs] 
2014-07-16T10:40:18.387+0000: 1941.396: [GC [PSYoungGen: 290994K->594K(283392K)] 600525K->310213K(970368K), 0.0100990 secs] [Times: user=0.03 sys=0.00, real=0.01 secs] 
2014-07-16T10:40:19.403+0000: 1942.412: [GC [PSYoungGen: 283346K->1108K(276544K)] 592965K->310775K(963520K), 0.0157600 secs] [Times: user=0.09 sys=0.00, real=0.02 secs] 
2014-07-16T10:40:20.340+0000: 1943.349: [GC [PSYoungGen: 276500K->818K(269120K)] 586167K->310589K(956096K), 0.0037690 secs] [Times: user=0.02 sys=0.00, real=0.00 secs] 
2014-07-16T10:40:21.256+0000: 1944.265: [GC [PSYoungGen: 269104K->612K(262144K)] 578875K->310455K(949120K), 0.0064800 secs] [Times: user=0.04 sys=0.00, real=0.01 secs] 
2014-07-16T10:40:22.171+0000: 1945.179: [GC [PSYoungGen: 262116K->882K(255872K)] 571959K->310797K(942848K), 0.0093720 secs] [Times: user=0.05 sys=0.00, real=0.01 secs] 
2014-07-16T10:40:23.030+0000: 1946.038: [GC [PSYoungGen: 255858K->1400K(250048K)] 565773K->311403K(937024K), 0.0053550 secs] [Times: user=0.04 sys=0.00, real=0.00 secs] 
2014-07-16T10:40:23.835+0000: 1946.843: [GC [PSYoungGen: 250027K->676K(243264K)] 560030K->311047K(930240K), 0.0076810 secs] [Times: user=0.04 sys=0.01, real=0.01 secs] 
2014-07-16T10:40:24.696+0000: 1947.705: [GC [PSYoungGen: 243204K->1340K(238080K)] 553576K->311767K(925056K), 0.0071060 secs] [Times: user=0.04 sys=0.01, real=0.01 secs] 
2014-07-16T10:40:25.498+0000: 1948.506: [GC [PSYoungGen: 238076K->740K(231872K)] 548503K->311347K(918848K), 0.0090160 secs] [Times: user=0.06 sys=0.00, real=0.01 secs] 
2014-07-16T10:40:26.280+0000: 1949.289: [GC [PSYoungGen: 231799K->1026K(226752K)] 542406K->311689K(913728K), 0.0080020 secs] [Times: user=0.05 sys=0.00, real=0.00 secs] 
2014-07-16T10:40:27.035+0000: 1950.043: [GC [PSYoungGen: 226690K->794K(221248K)] 537353K->311505K(908224K), 0.0087310 secs] [Times: user=0.06 sys=0.00, real=0.01 secs] 
2014-07-16T10:40:27.788+0000: 1950.797: [GC [PSYoungGen: 221210K->1008K(265536K)] 531921K->311783K(952512K), 0.0135090 secs] [Times: user=0.08 sys=0.00, real=0.02 secs] 
2014-07-16T10:40:28.633+0000: 1951.642: [GC [PSYoungGen: 265520K->958K(318400K)] 576295K->311821K(1005376K), 0.0080810 secs] [Times: user=0.05 sys=0.00, real=0.01 secs] 
2014-07-16T10:40:29.809+0000: 1952.817: [GC [PSYoungGen: 318398K->1286K(310080K)] 629261K->312213K(997056K), 0.0075050 secs] [Times: user=0.05 sys=0.00, real=0.01 secs] 
2014-07-16T10:40:30.830+0000: 1953.838: [GC [PSYoungGen: 310022K->466K(371008K)] 620949K->311441K(1057984K), 0.0112840 secs] [Times: user=0.07 sys=0.00, real=0.01 secs] 
2014-07-16T10:40:32.073+0000: 1955.082: [GC [PSYoungGen: 370962K->836K(360512K)] 681937K->311843K(1047488K), 0.0064670 secs] [Times: user=0.02 sys=0.00, real=0.01 secs] 
2014-07-16T10:40:33.276+0000: 1956.285: [GC [PSYoungGen: 360452K->448K(349632K)] 671459K->311503K(1036608K), 0.0073990 secs] [Times: user=0.04 sys=0.00, real=0.01 secs] 
2014-07-16T10:40:34.581+0000: 1957.589: [GC [PSYoungGen: 349629K->1046K(340288K)] 660685K->312165K(1027264K), 0.0038340 secs] [Times: user=0.02 sys=0.00, real=0.00 secs] 
2014-07-16T10:40:35.725+0000: 1958.733: [GC [PSYoungGen: 340218K->594K(330240K)] 651338K->311793K(1017216K), 0.0110110 secs] [Times: user=0.07 sys=0.00, real=0.01 secs] 
2014-07-16T10:40:36.810+0000: 1959.818: [GC [PSYoungGen: 330194K->786K(321216K)] 641393K->312057K(1008192K), 0.0092900 secs] [Times: user=0.06 sys=0.00, real=0.01 secs] 
2014-07-16T10:40:37.847+0000: 1960.855: [GC [PSYoungGen: 321170K->730K(312320K)] 632441K->312049K(999296K), 0.0060020 secs] [Times: user=0.04 sys=0.00, real=0.01 secs] 
2014-07-16T10:40:38.848+0000: 1961.856: [GC [PSYoungGen: 312282K->822K(303872K)] 623601K->312237K(990848K), 0.0067390 secs] [Times: user=0.04 sys=0.01, real=0.01 secs] 
2014-07-16T10:40:39.971+0000: 1962.979: [GC [PSYoungGen: 303838K->694K(295616K)] 615254K->312157K(982592K), 0.0074040 secs] [Times: user=0.04 sys=0.00, real=0.01 secs] 
2014-07-16T10:40:40.970+0000: 1963.979: [GC [PSYoungGen: 295606K->758K(287872K)] 607069K->312285K(974848K), 0.0079580 secs] [Times: user=0.04 sys=0.00, real=0.01 secs] 
2014-07-16T10:40:42.013+0000: 1965.022: [GC [PSYoungGen: 287817K->762K(280320K)] 599345K->312337K(967296K), 0.0081670 secs] [Times: user=0.04 sys=0.00, real=0.00 secs] 
2014-07-16T10:40:42.882+0000: 1965.891: [GC [PSYoungGen: 280314K->672K(273024K)] 591889K->312343K(960000K), 0.0048980 secs] [Times: user=0.03 sys=0.00, real=0.00 secs] 
2014-07-16T10:40:43.794+0000: 1966.803: [GC [PSYoungGen: 272966K->594K(265984K)] 584637K->312321K(952960K), 0.0066220 secs] [Times: user=0.04 sys=0.00, real=0.00 secs] 
2014-07-16T10:40:44.791+0000: 1967.799: [GC [PSYoungGen: 265931K->1278K(259904K)] 577659K->313255K(946880K), 0.0054490 secs] [Times: user=0.03 sys=0.00, real=0.01 secs] 
2014-07-16T10:40:45.546+0000: 1968.554: [GC [PSYoungGen: 259902K->580K(252800K)] 571879K->312605K(939776K), 0.0042360 secs] [Times: user=0.02 sys=0.00, real=0.00 secs] 
2014-07-16T10:40:46.335+0000: 1969.344: [GC [PSYoungGen: 252740K->544K(246528K)] 564765K->312633K(933504K), 0.0036950 secs] [Times: user=0.02 sys=0.00, real=0.00 secs] 
2014-07-16T10:40:47.164+0000: 1970.172: [GC [PSYoungGen: 246494K->1004K(241024K)] 558584K->313149K(928000K), 0.0036700 secs] [Times: user=0.02 sys=0.00, real=0.00 secs] 
2014-07-16T10:40:47.894+0000: 1970.902: [GC [PSYoungGen: 241003K->908K(235200K)] 553148K->313133K(922176K), 0.0095430 secs] [Times: user=0.06 sys=0.01, real=0.01 secs] 
2014-07-16T10:40:48.669+0000: 1971.677: [GC [PSYoungGen: 235133K->1018K(229696K)] 547358K->313315K(916672K), 0.0136390 secs] [Times: user=0.09 sys=0.01, real=0.01 secs] 
2014-07-16T10:40:49.445+0000: 1972.453: [GC [PSYoungGen: 229690K->1064K(275520K)] 541987K->313417K(962496K), 0.0092560 secs] [Times: user=0.04 sys=0.00, real=0.01 secs] 
2014-07-16T10:40:50.411+0000: 1973.419: [GC [PSYoungGen: 275496K->894K(330240K)] 587849K->313311K(1017216K), 0.0162650 secs] [Times: user=0.10 sys=0.00, real=0.02 secs] 
2014-07-16T10:40:51.487+0000: 1974.495: [GC [PSYoungGen: 330218K->912K(321088K)] 642635K->313393K(1008064K), 0.0046320 secs] [Times: user=0.02 sys=0.00, real=0.00 secs] 
2014-07-16T10:40:52.555+0000: 1975.564: [GC [PSYoungGen: 321040K->530K(311872K)] 633521K->313059K(998848K), 0.0069680 secs] [Times: user=0.04 sys=0.00, real=0.00 secs] 
2014-07-16T10:40:53.583+0000: 1976.591: [GC [PSYoungGen: 311826K->740K(303552K)] 624355K->313333K(990528K), 0.0041340 secs] [Times: user=0.02 sys=0.00, real=0.01 secs] 
2014-07-16T10:40:54.602+0000: 1977.610: [GC [PSYoungGen: 303494K->1214K(295872K)] 616087K->313879K(982848K), 0.0061340 secs] [Times: user=0.04 sys=0.00, real=0.01 secs] 
2014-07-16T10:40:55.597+0000: 1978.605: [GC [PSYoungGen: 295839K->926K(287808K)] 608505K->313655K(974784K), 0.0061520 secs] [Times: user=0.04 sys=0.00, real=0.00 secs] 
2014-07-16T10:40:56.503+0000: 1979.511: [GC [PSYoungGen: 287744K->826K(280128K)] 600473K->313785K(967104K), 0.0040270 secs] [Times: user=0.02 sys=0.00, real=0.01 secs] 
2014-07-16T10:40:57.409+0000: 1980.418: [GC [PSYoungGen: 280122K->722K(272832K)] 593081K->313769K(959808K), 0.0072980 secs] [Times: user=0.04 sys=0.00, real=0.01 secs] 
2014-07-16T10:40:58.314+0000: 1981.323: [GC [PSYoungGen: 272786K->768K(265856K)] 585833K->313887K(952832K), 0.0057400 secs] [Times: user=0.04 sys=0.01, real=0.00 secs] 
2014-07-16T10:40:59.234+0000: 1982.242: [GC [PSYoungGen: 265856K->1332K(259712K)] 578975K->314523K(946688K), 0.0089500 secs] [Times: user=0.05 sys=0.00, real=0.01 secs] 
2014-07-16T10:41:00.118+0000: 1983.126: [GC [PSYoungGen: 259700K->766K(252672K)] 572891K->314928K(939648K), 0.0056660 secs] [Times: user=0.04 sys=0.00, real=0.00 secs] 
2014-07-16T10:41:00.885+0000: 1983.893: [GC [PSYoungGen: 252670K->1218K(246976K)] 566832K->315476K(933952K), 0.0057620 secs] [Times: user=0.02 sys=0.00, real=0.01 secs] 
2014-07-16T10:41:01.757+0000: 1984.766: [GC [PSYoungGen: 246914K->1294K(241088K)] 561172K->315808K(928064K), 0.0039680 secs] [Times: user=0.02 sys=0.00, real=0.00 secs] 
2014-07-16T10:41:02.563+0000: 1985.571: [GC [PSYoungGen: 241038K->790K(234816K)] 555552K->315408K(921792K), 0.0041190 secs] [Times: user=0.02 sys=0.00, real=0.01 secs] 
2014-07-16T10:41:03.372+0000: 1986.381: [GC [PSYoungGen: 234703K->1406K(229888K)] 549322K->316096K(916864K), 0.0059330 secs] [Times: user=0.04 sys=0.00, real=0.01 secs] 
2014-07-16T10:41:04.105+0000: 1987.113: [GC [PSYoungGen: 229864K->1036K(224256K)] 544555K->315814K(911232K), 0.0071920 secs] [Times: user=0.05 sys=0.00, real=0.01 secs] 
2014-07-16T10:41:04.915+0000: 1987.923: [GC [PSYoungGen: 224204K->982K(219072K)] 538982K->315800K(906048K), 0.0133510 secs] [Times: user=0.08 sys=0.00, real=0.02 secs] 
2014-07-16T10:41:05.636+0000: 1988.645: [GC [PSYoungGen: 219030K->1012K(214080K)] 533848K->315886K(901056K), 0.0085870 secs] [Times: user=0.05 sys=0.00, real=0.01 secs] 
2014-07-16T10:41:06.373+0000: 1989.381: [GC [PSYoungGen: 214067K->1100K(256832K)] 528941K->316038K(943808K), 0.0113370 secs] [Times: user=0.07 sys=0.00, real=0.01 secs] 
2014-07-16T10:41:07.260+0000: 1990.269: [GC [PSYoungGen: 256757K->1028K(307904K)] 571695K->316062K(994880K), 0.0071020 secs] [Times: user=0.05 sys=0.00, real=0.01 secs] 
2014-07-16T10:41:08.284+0000: 1991.292: [GC [PSYoungGen: 307844K->1022K(299520K)] 622878K->316316K(986496K), 0.0040080 secs] [Times: user=0.02 sys=0.00, real=0.01 secs] 
2014-07-16T10:41:09.212+0000: 1992.221: [GC [PSYoungGen: 299518K->616K(291136K)] 614812K->315966K(978112K), 0.0051660 secs] [Times: user=0.01 sys=0.00, real=0.01 secs] 
2014-07-16T10:41:10.275+0000: 1993.284: [GC [PSYoungGen: 291112K->944K(283776K)] 606462K->316476K(970752K), 0.0056320 secs] [Times: user=0.02 sys=0.00, real=0.01 secs] 
2014-07-16T10:41:11.273+0000: 1994.281: [GC [PSYoungGen: 283760K->1504K(276992K)] 599292K->317116K(963968K), 0.0042920 secs] [Times: user=0.02 sys=0.00, real=0.01 secs] 
2014-07-16T10:41:12.274+0000: 1995.282: [GC [PSYoungGen: 276923K->726K(269120K)] 592536K->316418K(956096K), 0.0041440 secs] [Times: user=0.02 sys=0.00, real=0.01 secs] 
2014-07-16T10:41:13.161+0000: 1996.170: [GC [PSYoungGen: 269078K->640K(262208K)] 584770K->316404K(949184K), 0.0081280 secs] [Times: user=0.05 sys=0.01, real=0.01 secs] 
2014-07-16T10:41:13.994+0000: 1997.002: [GC [PSYoungGen: 262198K->736K(255808K)] 577962K->316612K(942784K), 0.0073570 secs] [Times: user=0.05 sys=0.00, real=0.01 secs] 
2014-07-16T10:41:14.834+0000: 1997.843: [GC [PSYoungGen: 255775K->762K(249472K)] 571652K->316694K(936448K), 0.0036860 secs] [Times: user=0.01 sys=0.00, real=0.01 secs] 
2014-07-16T10:41:15.705+0000: 1998.714: [GC [PSYoungGen: 249375K->862K(243520K)] 565307K->316858K(930496K), 0.0041160 secs] [Times: user=0.02 sys=0.00, real=0.01 secs] 
2014-07-16T10:41:16.488+0000: 1999.496: [GC [PSYoungGen: 243486K->530K(237376K)] 559482K->316590K(924352K), 0.0050780 secs] [Times: user=0.03 sys=0.00, real=0.00 secs] 
2014-07-16T10:41:17.233+0000: 2000.242: [GC [PSYoungGen: 237330K->826K(232000K)] 553390K->316966K(918976K), 0.0057700 secs] [Times: user=0.03 sys=0.00, real=0.01 secs] 
2014-07-16T10:41:17.986+0000: 2000.994: [GC [PSYoungGen: 231955K->1254K(227008K)] 548095K->317466K(913984K), 0.0071440 secs] [Times: user=0.05 sys=0.00, real=0.01 secs] 
2014-07-16T10:41:18.698+0000: 2001.706: [GC [PSYoungGen: 226982K->676K(221184K)] 543194K->316960K(908160K), 0.0079970 secs] [Times: user=0.05 sys=0.00, real=0.00 secs] 
2014-07-16T10:41:19.405+0000: 2002.414: [GC [PSYoungGen: 221156K->1018K(216448K)] 537440K->317366K(903424K), 0.0101550 secs] [Times: user=0.06 sys=0.00, real=0.01 secs] 
2014-07-16T10:41:20.153+0000: 2003.161: [GC [PSYoungGen: 216442K->1224K(259840K)] 532790K->317676K(946816K), 0.0101900 secs] [Times: user=0.07 sys=0.00, real=0.01 secs] 
2014-07-16T10:41:21.054+0000: 2004.062: [GC [PSYoungGen: 259784K->1094K(311424K)] 576236K->317602K(998400K), 0.0116960 secs] [Times: user=0.07 sys=0.01, real=0.01 secs] 
2014-07-16T10:41:22.167+0000: 2005.176: [GC [PSYoungGen: 311344K->818K(302656K)] 627853K->317462K(989632K), 0.0068610 secs] [Times: user=0.05 sys=0.00, real=0.01 secs] 
2014-07-16T10:41:23.196+0000: 2006.204: [GC [PSYoungGen: 302639K->1182K(294912K)] 619284K->317922K(981888K), 0.0097870 secs] [Times: user=0.06 sys=0.00, real=0.01 secs] 
2014-07-16T10:41:24.184+0000: 2007.193: [GC [PSYoungGen: 294839K->958K(286848K)] 611579K->317754K(973824K), 0.0081900 secs] [Times: user=0.05 sys=0.00, real=0.01 secs] 
2014-07-16T10:41:25.103+0000: 2008.112: [GC [PSYoungGen: 286846K->822K(279232K)] 603642K->317714K(966208K), 0.0062640 secs] [Times: user=0.03 sys=0.00, real=0.01 secs] 
2014-07-16T10:41:26.112+0000: 2009.120: [GC [PSYoungGen: 279222K->448K(271680K)] 596114K->317380K(958656K), 0.0107040 secs] [Times: user=0.07 sys=0.01, real=0.01 secs] 
2014-07-16T10:41:26.965+0000: 2009.973: [GC [PSYoungGen: 271645K->594K(264960K)] 588577K->317598K(951936K), 0.0050030 secs] [Times: user=0.03 sys=0.00, real=0.01 secs] 
2014-07-16T10:41:27.789+0000: 2010.797: [GC [PSYoungGen: 264914K->544K(258240K)] 581918K->317628K(945216K), 0.0099040 secs] [Times: user=0.06 sys=0.00, real=0.01 secs] 
2014-07-16T10:41:28.619+0000: 2011.627: [GC [PSYoungGen: 258208K->1118K(252416K)] 575292K->318274K(939392K), 0.0044000 secs] [Times: user=0.02 sys=0.00, real=0.00 secs] 
2014-07-16T10:41:29.460+0000: 2012.468: [GC [PSYoungGen: 252307K->1200K(246336K)] 569463K->318420K(933312K), 0.0120510 secs] [Times: user=0.08 sys=0.01, real=0.01 secs] 
2014-07-16T10:41:30.466+0000: 2013.474: [GC [PSYoungGen: 246308K->1106K(295296K)] 563528K->318390K(982272K), 0.0127990 secs] [Times: user=0.07 sys=0.00, real=0.01 secs] 
2014-07-16T10:41:31.499+0000: 2014.508: [GC [PSYoungGen: 295250K->672K(287040K)] 612534K->318060K(974016K), 0.0037240 secs] [Times: user=0.02 sys=0.00, real=0.00 secs] 
2014-07-16T10:41:32.449+0000: 2015.457: [GC [PSYoungGen: 287008K->1112K(280000K)] 604396K->318548K(966976K), 0.0068590 secs] [Times: user=0.04 sys=0.00, real=0.01 secs] 
2014-07-16T10:41:33.428+0000: 2016.437: [GC [PSYoungGen: 279944K->1394K(273024K)] 597381K->318926K(960000K), 0.0062540 secs] [Times: user=0.04 sys=0.00, real=0.01 secs] 
2014-07-16T10:41:34.384+0000: 2017.393: [GC [PSYoungGen: 273010K->818K(265536K)] 590542K->318414K(952512K), 0.0094030 secs] [Times: user=0.05 sys=0.00, real=0.01 secs] 
2014-07-16T10:41:35.247+0000: 2018.255: [GC [PSYoungGen: 265522K->800K(258880K)] 583118K->318476K(945856K), 0.0054290 secs] [Times: user=0.03 sys=0.00, real=0.01 secs] 
2014-07-16T10:41:36.192+0000: 2019.201: [GC [PSYoungGen: 258833K->904K(252608K)] 576510K->318636K(939584K), 0.0048990 secs] [Times: user=0.02 sys=0.00, real=0.00 secs] 
2014-07-16T10:41:37.004+0000: 2020.012: [GC [PSYoungGen: 252552K->954K(246400K)] 570284K->318766K(933376K), 0.0076740 secs] [Times: user=0.05 sys=0.00, real=0.01 secs] 
2014-07-16T10:41:37.819+0000: 2020.828: [GC [PSYoungGen: 246394K->1008K(240512K)] 564206K->318876K(927488K), 0.0084440 secs] [Times: user=0.03 sys=0.00, real=0.01 secs] 
2014-07-16T10:41:38.599+0000: 2021.608: [GC [PSYoungGen: 240496K->762K(234496K)] 558364K->318686K(921472K), 0.0053170 secs] [Times: user=0.03 sys=0.00, real=0.01 secs] 
2014-07-16T10:41:39.380+0000: 2022.389: [GC [PSYoungGen: 234490K->516K(228800K)] 552414K->318504K(915776K), 0.0072860 secs] [Times: user=0.05 sys=0.00, real=0.01 secs] 
2014-07-16T10:41:40.114+0000: 2023.123: [GC [PSYoungGen: 228717K->1076K(224000K)] 546706K->319136K(910976K), 0.0041600 secs] [Times: user=0.02 sys=0.00, real=0.00 secs] 
2014-07-16T10:41:40.952+0000: 2023.960: [GC [PSYoungGen: 223988K->1190K(219008K)] 542048K->319298K(905984K), 0.0148060 secs] [Times: user=0.09 sys=0.00, real=0.01 secs] 
2014-07-16T10:41:41.743+0000: 2024.752: [GC [PSYoungGen: 218982K->812K(213696K)] 537090K->319180K(900672K), 0.0068190 secs] [Times: user=0.05 sys=0.00, real=0.00 secs] 
2014-07-16T10:41:42.471+0000: 2025.479: [GC [PSYoungGen: 213676K->1300K(209408K)] 532044K->319764K(896384K), 0.0043700 secs] [Times: user=0.03 sys=0.00, real=0.01 secs] 
2014-07-16T10:41:43.226+0000: 2026.234: [GC [PSYoungGen: 209342K->954K(204416K)] 527807K->319498K(891392K), 0.0045600 secs] [Times: user=0.03 sys=0.00, real=0.00 secs] 
2014-07-16T10:41:44.012+0000: 2027.021: [GC [PSYoungGen: 204410K->658K(199680K)] 522954K->319274K(886656K), 0.0094600 secs] [Times: user=0.06 sys=0.00, real=0.01 secs] 
2014-07-16T10:41:44.656+0000: 2027.664: [GC [PSYoungGen: 199634K->566K(195264K)] 518250K->319222K(882240K), 0.0086920 secs] [Times: user=0.06 sys=0.00, real=0.01 secs] 
2014-07-16T10:41:45.298+0000: 2028.307: [GC [PSYoungGen: 195254K->512K(191040K)] 513910K->319208K(878016K), 0.0053580 secs] [Times: user=0.02 sys=0.00, real=0.01 secs] 
2014-07-16T10:41:45.973+0000: 2028.981: [GC [PSYoungGen: 191040K->1176K(187712K)] 509736K->319944K(874688K), 0.0049050 secs] [Times: user=0.02 sys=0.00, real=0.00 secs] 
2014-07-16T10:41:46.523+0000: 2029.531: [GC [PSYoungGen: 187672K->608K(183232K)] 506440K->319448K(870208K), 0.0075950 secs] [Times: user=0.03 sys=0.01, real=0.00 secs] 
2014-07-16T10:41:47.118+0000: 2030.127: [GC [PSYoungGen: 183200K->1140K(179968K)] 502040K->320028K(866944K), 0.0051850 secs] [Times: user=0.02 sys=0.01, real=0.01 secs] 
2014-07-16T10:41:47.695+0000: 2030.704: [GC [PSYoungGen: 179956K->1036K(215680K)] 498844K->320012K(902656K), 0.0106350 secs] [Times: user=0.07 sys=0.00, real=0.01 secs] 
2014-07-16T10:41:48.392+0000: 2031.401: [GC [PSYoungGen: 215628K->1140K(258688K)] 534604K->320334K(945664K), 0.0054640 secs] [Times: user=0.02 sys=0.00, real=0.00 secs] 
2014-07-16T10:41:49.183+0000: 2032.191: [GC [PSYoungGen: 258676K->580K(309696K)] 577870K->319854K(996672K), 0.0070940 secs] [Times: user=0.04 sys=0.00, real=0.00 secs] 
2014-07-16T10:41:50.169+0000: 2033.178: [GC [PSYoungGen: 309636K->1408K(302144K)] 628910K->320828K(989120K), 0.0047050 secs] [Times: user=0.02 sys=0.00, real=0.01 secs] 
2014-07-16T10:41:51.242+0000: 2034.250: [GC [PSYoungGen: 302080K->808K(293440K)] 621500K->320292K(980416K), 0.0057230 secs] [Times: user=0.03 sys=0.00, real=0.01 secs] 
2014-07-16T10:41:52.188+0000: 2035.196: [GC [PSYoungGen: 293416K->826K(285696K)] 612900K->320358K(972672K), 0.0104710 secs] [Times: user=0.06 sys=0.00, real=0.01 secs] 
2014-07-16T10:41:53.153+0000: 2036.161: [GC [PSYoungGen: 285682K->1654K(316032K)] 605214K->321234K(1003008K), 0.0161030 secs] [Times: user=0.10 sys=0.00, real=0.01 secs] 
2014-07-16T10:41:54.268+0000: 2037.276: [GC [PSYoungGen: 315958K->1362K(307136K)] 635538K->320990K(994112K), 0.0079930 secs] [Times: user=0.05 sys=0.00, real=0.01 secs] 
2014-07-16T10:41:55.236+0000: 2038.244: [GC [PSYoungGen: 307090K->548K(298048K)] 626718K->320232K(985024K), 0.0093370 secs] [Times: user=0.06 sys=0.00, real=0.01 secs] 
2014-07-16T10:41:56.221+0000: 2039.230: [GC [PSYoungGen: 298020K->448K(341952K)] 617704K->320172K(1028928K), 0.0120420 secs] [Times: user=0.07 sys=0.00, real=0.02 secs] 
2014-07-16T10:41:57.330+0000: 2040.338: [GC [PSYoungGen: 340480K->804K(341952K)] 660204K->320608K(1028928K), 0.0108260 secs] [Times: user=0.06 sys=0.00, real=0.01 secs] 
2014-07-16T10:41:58.457+0000: 2041.465: [GC [PSYoungGen: 340836K->708K(331136K)] 660640K->320600K(1018112K), 0.0061640 secs] [Times: user=0.04 sys=0.00, real=0.00 secs] 
2014-07-16T10:41:59.565+0000: 2042.573: [GC [PSYoungGen: 331076K->1104K(322304K)] 650968K->321060K(1009280K), 0.0091300 secs] [Times: user=0.05 sys=0.00, real=0.01 secs] 
2014-07-16T10:42:00.631+0000: 2043.639: [GC [PSYoungGen: 322256K->800K(313088K)] 642212K->320828K(1000064K), 0.0042240 secs] [Times: user=0.02 sys=0.00, real=0.01 secs] 
2014-07-16T10:42:01.924+0000: 2044.932: [GC [PSYoungGen: 313056K->562K(304320K)] 633084K->320646K(991296K), 0.0039200 secs] [Times: user=0.02 sys=0.00, real=0.01 secs] 
2014-07-16T10:42:03.000+0000: 2046.008: [GC [PSYoungGen: 304306K->866K(296448K)] 624390K->320990K(983424K), 0.0039850 secs] [Times: user=0.02 sys=0.00, real=0.00 secs] 
2014-07-16T10:42:04.004+0000: 2047.012: [GC [PSYoungGen: 296376K->886K(288576K)] 616501K->321082K(975552K), 0.0056310 secs] [Times: user=0.04 sys=0.00, real=0.01 secs] 
2014-07-16T10:42:04.944+0000: 2047.952: [GC [PSYoungGen: 288566K->576K(280704K)] 608762K->320860K(967680K), 0.0081060 secs] [Times: user=0.05 sys=0.00, real=0.01 secs] 
2014-07-16T10:42:05.885+0000: 2048.893: [GC [PSYoungGen: 280704K->940K(273856K)] 600988K->321304K(960832K), 0.0139460 secs] [Times: user=0.09 sys=0.00, real=0.02 secs] 
2014-07-16T10:42:06.891+0000: 2049.899: [GC [PSYoungGen: 273786K->1004K(266944K)] 594151K->321464K(953920K), 0.0060640 secs] [Times: user=0.04 sys=0.00, real=0.01 secs] 
2014-07-16T10:42:07.731+0000: 2050.739: [GC [PSYoungGen: 266924K->1244K(260480K)] 587384K->321768K(947456K), 0.0073420 secs] [Times: user=0.05 sys=0.00, real=0.01 secs] 
2014-07-16T10:42:08.597+0000: 2051.606: [GC [PSYoungGen: 260444K->730K(253504K)] 580968K->321294K(940480K), 0.0117520 secs] [Times: user=0.07 sys=0.00, real=0.01 secs] 
2014-07-16T10:42:09.465+0000: 2052.474: [GC [PSYoungGen: 253466K->580K(247168K)] 574030K->321208K(934144K), 0.0056530 secs] [Times: user=0.04 sys=0.00, real=0.00 secs] 
2014-07-16T10:42:10.242+0000: 2053.251: [GC [PSYoungGen: 247108K->780K(241344K)] 567736K->321448K(928320K), 0.0092520 secs] [Times: user=0.05 sys=0.00, real=0.01 secs] 
2014-07-16T10:42:11.047+0000: 2054.055: [GC [PSYoungGen: 241292K->498K(289152K)] 561960K->321222K(976128K), 0.0109290 secs] [Times: user=0.08 sys=0.00, real=0.01 secs] 
2014-07-16T10:42:12.117+0000: 2055.125: [GC [PSYoungGen: 289138K->1300K(282368K)] 609862K->322104K(969344K), 0.0053320 secs] [Times: user=0.02 sys=0.01, real=0.00 secs] 
2014-07-16T10:42:13.081+0000: 2056.090: [GC [PSYoungGen: 282324K->1208K(274944K)] 603128K->322100K(961920K), 0.0063390 secs] [Times: user=0.04 sys=0.00, real=0.01 secs] 
2014-07-16T10:42:14.046+0000: 2057.055: [GC [PSYoungGen: 274936K->694K(267392K)] 595828K->321932K(954368K), 0.0044170 secs] [Times: user=0.03 sys=0.00, real=0.00 secs] 
2014-07-16T10:42:14.892+0000: 2057.901: [GC [PSYoungGen: 267350K->1322K(261312K)] 588589K->322640K(948288K), 0.0100650 secs] [Times: user=0.06 sys=0.00, real=0.01 secs] 
2014-07-16T10:42:15.755+0000: 2058.763: [GC [PSYoungGen: 261290K->976K(254528K)] 582608K->322366K(941504K), 0.0054230 secs] [Times: user=0.03 sys=0.00, real=0.01 secs] 
2014-07-16T10:42:16.672+0000: 2059.681: [GC [PSYoungGen: 254414K->1288K(248576K)] 575804K->322766K(935552K), 0.0089180 secs] [Times: user=0.06 sys=0.00, real=0.01 secs] 
2014-07-16T10:42:17.415+0000: 2060.423: [GC [PSYoungGen: 248520K->676K(297408K)] 569998K->322218K(984384K), 0.0140900 secs] [Times: user=0.10 sys=0.00, real=0.02 secs] 
2014-07-16T10:42:18.389+0000: 2061.398: [GC [PSYoungGen: 297365K->576K(356672K)] 618908K->322182K(1043648K), 0.0087830 secs] [Times: user=0.06 sys=0.00, real=0.01 secs] 
2014-07-16T10:42:19.544+0000: 2062.552: [GC [PSYoungGen: 356672K->612K(346432K)] 678278K->322282K(1033408K), 0.0062460 secs] [Times: user=0.04 sys=0.00, real=0.01 secs] 
2014-07-16T10:42:20.724+0000: 2063.732: [GC [PSYoungGen: 346384K->616K(336576K)] 668054K->322334K(1023552K), 0.0042270 secs] [Times: user=0.02 sys=0.00, real=0.01 secs] 
2014-07-16T10:42:21.850+0000: 2064.859: [GC [PSYoungGen: 336552K->594K(327104K)] 658270K->322360K(1014080K), 0.0071850 secs] [Times: user=0.01 sys=0.00, real=0.01 secs] 
2014-07-16T10:42:22.895+0000: 2065.904: [GC [PSYoungGen: 327058K->630K(318016K)] 648824K->322460K(1004992K), 0.0051930 secs] [Times: user=0.03 sys=0.00, real=0.01 secs] 
2014-07-16T10:42:23.965+0000: 2066.974: [GC [PSYoungGen: 317980K->776K(309504K)] 639811K->322654K(996480K), 0.0084160 secs] [Times: user=0.05 sys=0.00, real=0.01 secs] 
2014-07-16T10:42:25.042+0000: 2068.051: [GC [PSYoungGen: 309418K->990K(301312K)] 631297K->322948K(988288K), 0.0032460 secs] [Times: user=0.02 sys=0.00, real=0.00 secs] 
2014-07-16T10:42:25.981+0000: 2068.990: [GC [PSYoungGen: 301278K->704K(292928K)] 623236K->322766K(979904K), 0.0033640 secs] [Times: user=0.02 sys=0.00, real=0.00 secs] 
2014-07-16T10:42:27.036+0000: 2070.044: [GC [PSYoungGen: 292928K->608K(285120K)] 614990K->322718K(972096K), 0.0098700 secs] [Times: user=0.06 sys=0.00, real=0.01 secs] 
2014-07-16T10:42:27.931+0000: 2070.939: [GC [PSYoungGen: 285088K->1194K(278272K)] 607198K->323384K(965248K), 0.0057420 secs] [Times: user=0.03 sys=0.01, real=0.00 secs] 
2014-07-16T10:42:28.823+0000: 2071.831: [GC [PSYoungGen: 278250K->740K(270656K)] 600440K->323018K(957632K), 0.0084810 secs] [Times: user=0.06 sys=0.01, real=0.01 secs] 
2014-07-16T10:42:29.687+0000: 2072.695: [GC [PSYoungGen: 270594K->648K(263744K)] 592873K->322974K(950720K), 0.0097670 secs] [Times: user=0.06 sys=0.00, real=0.01 secs] 
2014-07-16T10:42:30.528+0000: 2073.536: [GC [PSYoungGen: 263607K->1208K(257664K)] 585934K->323614K(944640K), 0.0058650 secs] [Times: user=0.03 sys=0.01, real=0.00 secs] 
2014-07-16T10:42:31.339+0000: 2074.347: [GC [PSYoungGen: 257656K->1062K(251200K)] 580062K->323930K(938176K), 0.0063690 secs] [Times: user=0.04 sys=0.00, real=0.00 secs] 
2014-07-16T10:42:32.286+0000: 2075.294: [GC [PSYoungGen: 251174K->694K(244672K)] 574042K->323626K(931648K), 0.0080950 secs] [Times: user=0.06 sys=0.00, real=0.01 secs] 
2014-07-16T10:42:33.072+0000: 2076.080: [GC [PSYoungGen: 244662K->626K(238720K)] 567594K->323630K(925696K), 0.0030690 secs] [Times: user=0.01 sys=0.00, real=0.00 secs] 
2014-07-16T10:42:33.873+0000: 2076.882: [GC [PSYoungGen: 238706K->768K(233152K)] 561710K->323836K(920128K), 0.0045760 secs] [Times: user=0.01 sys=0.00, real=0.00 secs] 
2014-07-16T10:42:34.610+0000: 2077.618: [GC [PSYoungGen: 233152K->544K(227456K)] 556220K->323684K(914432K), 0.0067020 secs] [Times: user=0.04 sys=0.00, real=0.00 secs] 
2014-07-16T10:42:35.396+0000: 2078.405: [GC [PSYoungGen: 227424K->722K(222400K)] 550564K->323934K(909376K), 0.0070800 secs] [Times: user=0.02 sys=0.00, real=0.01 secs] 
2014-07-16T10:42:36.117+0000: 2079.126: [GC [PSYoungGen: 222354K->1490K(218048K)] 545566K->324783K(905024K), 0.0073440 secs] [Times: user=0.03 sys=0.00, real=0.01 secs] 
2014-07-16T10:42:36.886+0000: 2079.895: [GC [PSYoungGen: 218002K->1004K(212608K)] 541295K->324368K(899584K), 0.0087670 secs] [Times: user=0.04 sys=0.00, real=0.01 secs] 
2014-07-16T10:42:37.575+0000: 2080.583: [GC [PSYoungGen: 212563K->758K(207616K)] 535927K->324170K(894592K), 0.0036120 secs] [Times: user=0.01 sys=0.01, real=0.00 secs] 
2014-07-16T10:42:38.225+0000: 2081.233: [GC [PSYoungGen: 207582K->676K(248960K)] 530995K->324136K(935936K), 0.0185930 secs] [Times: user=0.12 sys=0.00, real=0.02 secs] 
2014-07-16T10:42:39.002+0000: 2082.011: [GC [PSYoungGen: 248901K->1158K(299136K)] 572362K->324706K(986112K), 0.0054260 secs] [Times: user=0.03 sys=0.00, real=0.00 secs] 
2014-07-16T10:42:39.964+0000: 2082.972: [GC [PSYoungGen: 299078K->1354K(358912K)] 622626K->324998K(1045888K), 0.0072690 secs] [Times: user=0.03 sys=0.01, real=0.01 secs] 
2014-07-16T10:42:41.164+0000: 2084.172: [GC [PSYoungGen: 358839K->640K(347776K)] 682484K->324404K(1034752K), 0.0055610 secs] [Times: user=0.04 sys=0.00, real=0.00 secs] 
2014-07-16T10:42:42.454+0000: 2085.462: [GC [PSYoungGen: 347776K->944K(338176K)] 671540K->324764K(1025152K), 0.0072780 secs] [Times: user=0.04 sys=0.00, real=0.01 secs] 
2014-07-16T10:42:43.542+0000: 2086.551: [GC [PSYoungGen: 338160K->894K(328576K)] 661980K->324818K(1015552K), 0.0040900 secs] [Times: user=0.02 sys=0.00, real=0.00 secs] 
2014-07-16T10:42:44.629+0000: 2087.638: [GC [PSYoungGen: 328574K->722K(319296K)] 652498K->324702K(1006272K), 0.0129260 secs] [Times: user=0.07 sys=0.00, real=0.02 secs] 
2014-07-16T10:42:45.654+0000: 2088.662: [GC [PSYoungGen: 319250K->858K(310656K)] 643230K->324910K(997632K), 0.0075270 secs] [Times: user=0.05 sys=0.00, real=0.01 secs] 
2014-07-16T10:42:46.640+0000: 2089.649: [GC [PSYoungGen: 310618K->730K(302080K)] 634670K->324846K(989056K), 0.0092920 secs] [Times: user=0.07 sys=0.01, real=0.01 secs] 
2014-07-16T10:42:47.683+0000: 2090.691: [GC [PSYoungGen: 302042K->640K(293888K)] 626158K->324836K(980864K), 0.0071010 secs] [Times: user=0.04 sys=0.00, real=0.00 secs] 
2014-07-16T10:42:48.617+0000: 2091.625: [GC [PSYoungGen: 293888K->944K(286464K)] 618084K->325204K(973440K), 0.0047700 secs] [Times: user=0.02 sys=0.00, real=0.01 secs] 
2014-07-16T10:42:49.529+0000: 2092.537: [GC [PSYoungGen: 286447K->548K(278592K)] 610707K->324872K(965568K), 0.0082770 secs] [Times: user=0.06 sys=0.01, real=0.01 secs] 
2014-07-16T10:42:50.415+0000: 2093.423: [GC [PSYoungGen: 278553K->940K(271808K)] 602878K->325344K(958784K), 0.0076590 secs] [Times: user=0.05 sys=0.00, real=0.01 secs] 
2014-07-16T10:42:51.307+0000: 2094.315: [GC [PSYoungGen: 271788K->912K(264896K)] 596192K->325372K(951872K), 0.0101200 secs] [Times: user=0.06 sys=0.00, real=0.01 secs] 
2014-07-16T10:42:52.321+0000: 2095.330: [GC [PSYoungGen: 264848K->1322K(258624K)] 589308K->326121K(945600K), 0.0073240 secs] [Times: user=0.03 sys=0.01, real=0.01 secs] 
2014-07-16T10:42:53.159+0000: 2096.168: [GC [PSYoungGen: 258565K->438K(251328K)] 583364K->325736K(938304K), 0.0070900 secs] [Times: user=0.04 sys=0.00, real=0.01 secs] 
2014-07-16T10:42:53.967+0000: 2096.976: [GC [PSYoungGen: 251318K->1458K(246208K)] 576616K->326937K(933184K), 0.0114510 secs] [Times: user=0.07 sys=0.00, real=0.01 secs] 
2014-07-16T10:42:54.801+0000: 2097.810: [GC [PSYoungGen: 246194K->1066K(239872K)] 571673K->327291K(926848K), 0.0066240 secs] [Times: user=0.05 sys=0.00, real=0.01 secs] 
2014-07-16T10:42:55.663+0000: 2098.672: [GC [PSYoungGen: 239850K->826K(287424K)] 566075K->327123K(974400K), 0.0117880 secs] [Times: user=0.07 sys=0.00, real=0.01 secs] 
2014-07-16T10:42:56.620+0000: 2099.628: [GC [PSYoungGen: 287418K->644K(279808K)] 613715K->327045K(966784K), 0.0072660 secs] [Times: user=0.05 sys=0.01, real=0.01 secs] 
2014-07-16T10:42:57.604+0000: 2100.612: [GC [PSYoungGen: 279726K->944K(272832K)] 606127K->327409K(959808K), 0.0069790 secs] [Times: user=0.05 sys=0.00, real=0.00 secs] 
2014-07-16T10:42:58.495+0000: 2101.503: [GC [PSYoungGen: 272816K->844K(265792K)] 599281K->327373K(952768K), 0.0060210 secs] [Times: user=0.04 sys=0.00, real=0.00 secs] 
2014-07-16T10:42:59.375+0000: 2102.383: [GC [PSYoungGen: 265740K->884K(259136K)] 592269K->327485K(946112K), 0.0062790 secs] [Times: user=0.04 sys=0.01, real=0.00 secs] 
2014-07-16T10:43:00.245+0000: 2103.253: [GC [PSYoungGen: 259124K->926K(252800K)] 585725K->327599K(939776K), 0.0063750 secs] [Times: user=0.03 sys=0.00, real=0.00 secs] 
2014-07-16T10:43:01.076+0000: 2104.084: [GC [PSYoungGen: 252757K->1586K(247232K)] 579430K->328323K(934208K), 0.0054090 secs] [Times: user=0.03 sys=0.00, real=0.00 secs] 
2014-07-16T10:43:01.893+0000: 2104.901: [GC [PSYoungGen: 247186K->680K(240384K)] 573923K->328019K(927360K), 0.0059460 secs] [Times: user=0.04 sys=0.00, real=0.00 secs] 
2014-07-16T10:43:02.795+0000: 2105.803: [GC [PSYoungGen: 240360K->580K(234560K)] 567699K->327967K(921536K), 0.0096910 secs] [Times: user=0.04 sys=0.00, real=0.01 secs] 
2014-07-16T10:43:03.590+0000: 2106.598: [GC [PSYoungGen: 234500K->694K(229120K)] 561887K->328187K(916096K), 0.0097390 secs] [Times: user=0.07 sys=0.00, real=0.01 secs] 
2014-07-16T10:43:04.391+0000: 2107.400: [GC [PSYoungGen: 229110K->812K(223936K)] 556603K->328329K(910912K), 0.0056910 secs] [Times: user=0.01 sys=0.00, real=0.01 secs] 
2014-07-16T10:43:05.146+0000: 2108.155: [GC [PSYoungGen: 223916K->1286K(269120K)] 551433K->328875K(956096K), 0.0180820 secs] [Times: user=0.10 sys=0.00, real=0.02 secs] 
2014-07-16T10:43:06.060+0000: 2109.068: [GC [PSYoungGen: 269010K->944K(322304K)] 596599K->328581K(1009280K), 0.0045950 secs] [Times: user=0.02 sys=0.00, real=0.01 secs] 
2014-07-16T10:43:07.194+0000: 2110.202: [GC [PSYoungGen: 322288K->1334K(313792K)] 649925K->329051K(1000768K), 0.0036410 secs] [Times: user=0.02 sys=0.00, real=0.00 secs] 
2014-07-16T10:43:08.166+0000: 2111.174: [GC [PSYoungGen: 313782K->926K(304896K)] 641499K->328707K(991872K), 0.0060930 secs] [Times: user=0.02 sys=0.00, real=0.00 secs] 
2014-07-16T10:43:09.157+0000: 2112.165: [GC [PSYoungGen: 304862K->1054K(296832K)] 632643K->328907K(983808K), 0.0040370 secs] [Times: user=0.01 sys=0.00, real=0.00 secs] 
2014-07-16T10:43:10.103+0000: 2113.111: [GC [PSYoungGen: 296798K->762K(288640K)] 624651K->328671K(975616K), 0.0090440 secs] [Times: user=0.05 sys=0.01, real=0.01 secs] 
2014-07-16T10:43:11.080+0000: 2114.089: [GC [PSYoungGen: 288599K->1222K(281600K)] 616508K->329195K(968576K), 0.0078120 secs] [Times: user=0.05 sys=0.00, real=0.01 secs] 
2014-07-16T10:43:11.984+0000: 2114.993: [GC [PSYoungGen: 281540K->1122K(274176K)] 609513K->329191K(961152K), 0.0042850 secs] [Times: user=0.01 sys=0.01, real=0.01 secs] 
2014-07-16T10:43:13.002+0000: 2116.010: [GC [PSYoungGen: 274145K->730K(266816K)] 602215K->328855K(953792K), 0.0064440 secs] [Times: user=0.04 sys=0.00, real=0.01 secs] 
2014-07-16T10:43:13.928+0000: 2116.936: [GC [PSYoungGen: 266778K->722K(260096K)] 594903K->328911K(947072K), 0.0052520 secs] [Times: user=0.03 sys=0.00, real=0.00 secs] 
2014-07-16T10:43:14.830+0000: 2117.838: [GC [PSYoungGen: 260050K->580K(253504K)] 588239K->328817K(940480K), 0.0089920 secs] [Times: user=0.06 sys=0.00, real=0.01 secs] 
2014-07-16T10:43:15.655+0000: 2118.663: [GC [PSYoungGen: 253444K->1240K(247936K)] 581681K->329565K(934912K), 0.0073470 secs] [Times: user=0.05 sys=0.00, real=0.01 secs] 
2014-07-16T10:43:16.501+0000: 2119.510: [GC [PSYoungGen: 247865K->886K(241536K)] 576191K->329299K(928512K), 0.0091890 secs] [Times: user=0.06 sys=0.01, real=0.01 secs] 
2014-07-16T10:43:17.384+0000: 2120.392: [GC [PSYoungGen: 241526K->1188K(236096K)] 569939K->329681K(923072K), 0.0123090 secs] [Times: user=0.09 sys=0.00, real=0.02 secs] 
2014-07-16T10:43:18.132+0000: 2121.140: [GC [PSYoungGen: 236042K->986K(230336K)] 564535K->329575K(917312K), 0.0066540 secs] [Times: user=0.04 sys=0.00, real=0.01 secs] 
2014-07-16T10:43:18.860+0000: 2121.868: [GC [PSYoungGen: 230298K->776K(276032K)] 558887K->329445K(963008K), 0.0091270 secs] [Times: user=0.05 sys=0.00, real=0.01 secs] 
2014-07-16T10:43:19.764+0000: 2122.772: [GC [PSYoungGen: 275903K->1008K(331264K)] 604572K->329741K(1018240K), 0.0092850 secs] [Times: user=0.06 sys=0.00, real=0.01 secs] 
2014-07-16T10:43:20.859+0000: 2123.867: [GC [PSYoungGen: 331200K->1254K(322304K)] 659934K->330051K(1009280K), 0.0085770 secs] [Times: user=0.05 sys=0.00, real=0.01 secs] 
2014-07-16T10:43:21.915+0000: 2124.924: [GC [PSYoungGen: 322278K->644K(312832K)] 651075K->329505K(999808K), 0.0104030 secs] [Times: user=0.06 sys=0.00, real=0.01 secs] 
2014-07-16T10:43:23.049+0000: 2126.057: [GC [PSYoungGen: 312772K->498K(304128K)] 641633K->329399K(991104K), 0.0113890 secs] [Times: user=0.07 sys=0.00, real=0.01 secs] 
2014-07-16T10:43:24.026+0000: 2127.034: [GC [PSYoungGen: 304089K->1058K(296512K)] 632990K->330031K(983488K), 0.0078220 secs] [Times: user=0.05 sys=0.00, real=0.01 secs] 
2014-07-16T10:43:25.047+0000: 2128.056: [GC [PSYoungGen: 296452K->1046K(288640K)] 625425K->330067K(975616K), 0.0051350 secs] [Times: user=0.02 sys=0.00, real=0.00 secs] 
2014-07-16T10:43:25.973+0000: 2128.982: [GC [PSYoungGen: 288598K->1072K(281088K)] 617619K->330189K(968064K), 0.0060680 secs] [Times: user=0.04 sys=0.00, real=0.01 secs] 
2014-07-16T10:43:26.923+0000: 2129.931: [GC [PSYoungGen: 281072K->1022K(273792K)] 610189K->330171K(960768K), 0.0059940 secs] [Times: user=0.02 sys=0.00, real=0.01 secs] 
2014-07-16T10:43:27.907+0000: 2130.916: [GC [PSYoungGen: 273747K->722K(266560K)] 602897K->329943K(953536K), 0.0073540 secs] [Times: user=0.04 sys=0.01, real=0.00 secs] 
2014-07-16T10:43:28.768+0000: 2131.777: [GC [PSYoungGen: 266513K->1172K(260288K)] 595734K->330505K(947264K), 0.0039840 secs] [Times: user=0.02 sys=0.00, real=0.00 secs] 
2014-07-16T10:43:29.621+0000: 2132.629: [GC [PSYoungGen: 260244K->922K(253568K)] 589577K->330351K(940544K), 0.0042140 secs] [Times: user=0.02 sys=0.00, real=0.00 secs] 
2014-07-16T10:43:30.443+0000: 2133.452: [GC [PSYoungGen: 253530K->690K(247104K)] 582959K->330199K(934080K), 0.0067480 secs] [Times: user=0.04 sys=0.00, real=0.01 secs] 
2014-07-16T10:43:31.205+0000: 2134.213: [GC [PSYoungGen: 247090K->608K(241024K)] 576599K->330205K(928000K), 0.0068140 secs] [Times: user=0.04 sys=0.00, real=0.01 secs] 
2014-07-16T10:43:31.976+0000: 2134.985: [GC [PSYoungGen: 240980K->1522K(236160K)] 570577K->331331K(923136K), 0.0145830 secs] [Times: user=0.09 sys=0.00, real=0.02 secs] 
2014-07-16T10:43:32.858+0000: 2135.866: [GC [PSYoungGen: 236146K->948K(282560K)] 565955K->331011K(969536K), 0.0162690 secs] [Times: user=0.10 sys=0.01, real=0.02 secs] 
2014-07-16T10:43:33.757+0000: 2136.766: [GC [PSYoungGen: 282548K->758K(338688K)] 612611K->330985K(1025664K), 0.0052730 secs] [Times: user=0.03 sys=0.00, real=0.01 secs] 
2014-07-16T10:43:34.899+0000: 2137.907: [GC [PSYoungGen: 338678K->1318K(329728K)] 668905K->331741K(1016704K), 0.0050860 secs] [Times: user=0.04 sys=0.00, real=0.00 secs] 
2014-07-16T10:43:36.035+0000: 2139.044: [GC [PSYoungGen: 329701K->908K(320192K)] 660124K->331403K(1007168K), 0.0082920 secs] [Times: user=0.05 sys=0.00, real=0.01 secs] 
2014-07-16T10:43:37.122+0000: 2140.130: [GC [PSYoungGen: 320140K->894K(311360K)] 650635K->331453K(998336K), 0.0074850 secs] [Times: user=0.05 sys=0.01, real=0.01 secs] 
2014-07-16T10:43:38.217+0000: 2141.226: [GC [PSYoungGen: 311358K->818K(302848K)] 641917K->331465K(989824K), 0.0064910 secs] [Times: user=0.04 sys=0.00, real=0.01 secs] 
2014-07-16T10:43:39.192+0000: 2142.200: [GC [PSYoungGen: 302834K->1354K(295296K)] 633481K->332089K(982272K), 0.0063700 secs] [Times: user=0.04 sys=0.00, real=0.00 secs] 
2014-07-16T10:43:40.179+0000: 2143.187: [GC [PSYoungGen: 295242K->1668K(287808K)] 625977K->332459K(974784K), 0.0044450 secs] [Times: user=0.02 sys=0.00, real=0.00 secs] 
2014-07-16T10:43:41.152+0000: 2144.161: [GC [PSYoungGen: 287748K->370K(278976K)] 618539K->331699K(965952K), 0.0077750 secs] [Times: user=0.05 sys=0.00, real=0.01 secs] 
2014-07-16T10:43:42.065+0000: 2145.073: [GC [PSYoungGen: 278962K->1026K(272448K)] 610291K->332419K(959424K), 0.0052720 secs] [Times: user=0.03 sys=0.00, real=0.01 secs] 
2014-07-16T10:43:43.079+0000: 2146.087: [GC [PSYoungGen: 272386K->1054K(265536K)] 603779K->332985K(952512K), 0.0048280 secs] [Times: user=0.02 sys=0.00, real=0.01 secs] 
2014-07-16T10:43:43.883+0000: 2146.891: [GC [PSYoungGen: 265502K->608K(258432K)] 597433K->332611K(945408K), 0.0113500 secs] [Times: user=0.07 sys=0.00, real=0.01 secs] 
2014-07-16T10:43:44.763+0000: 2147.772: [GC [PSYoungGen: 258383K->990K(252416K)] 590387K->333081K(939392K), 0.0090430 secs] [Times: user=0.05 sys=0.01, real=0.01 secs] 
2014-07-16T10:43:45.592+0000: 2148.600: [GC [PSYoungGen: 252377K->798K(246080K)] 584468K->332929K(933056K), 0.0088560 secs] [Times: user=0.05 sys=0.00, real=0.01 secs] 
2014-07-16T10:43:46.393+0000: 2149.401: [GC [PSYoungGen: 246046K->1318K(240640K)] 578177K->333497K(927616K), 0.0076810 secs] [Times: user=0.04 sys=0.00, real=0.01 secs] 
2014-07-16T10:43:47.237+0000: 2150.245: [GC [PSYoungGen: 240614K->790K(288000K)] 572793K->333049K(974976K), 0.0138370 secs] [Times: user=0.09 sys=0.00, real=0.02 secs] 
2014-07-16T10:43:48.247+0000: 2151.255: [GC [PSYoungGen: 287957K->1080K(333248K)] 620216K->333395K(1020224K), 0.0089100 secs] [Times: user=0.05 sys=0.01, real=0.01 secs] 
2014-07-16T10:43:49.302+0000: 2152.310: [GC [PSYoungGen: 332967K->1350K(324032K)] 665283K->333745K(1011008K), 0.0042970 secs] [Times: user=0.01 sys=0.00, real=0.00 secs] 
2014-07-16T10:43:50.338+0000: 2153.346: [GC [PSYoungGen: 323960K->320K(313984K)] 656356K->333167K(1000960K), 0.0044880 secs] [Times: user=0.02 sys=0.01, real=0.01 secs] 
2014-07-16T10:43:51.339+0000: 2154.348: [GC [PSYoungGen: 313884K->1164K(306304K)] 646732K->334083K(993280K), 0.0067050 secs] [Times: user=0.04 sys=0.00, real=0.01 secs] 
2014-07-16T10:43:52.332+0000: 2155.341: [GC [PSYoungGen: 306252K->658K(297536K)] 639171K->333861K(984512K), 0.0033310 secs] [Times: user=0.02 sys=0.00, real=0.00 secs] 
2014-07-16T10:43:53.318+0000: 2156.327: [GC [PSYoungGen: 297490K->816K(289728K)] 630693K->334059K(976704K), 0.0091890 secs] [Times: user=0.06 sys=0.00, real=0.01 secs] 
2014-07-16T10:43:54.260+0000: 2157.269: [GC [PSYoungGen: 289712K->1186K(282496K)] 622955K->334517K(969472K), 0.0044770 secs] [Times: user=0.01 sys=0.00, real=0.01 secs] 
2014-07-16T10:43:55.173+0000: 2158.181: [GC [PSYoungGen: 282466K->530K(274560K)] 615797K->333909K(961536K), 0.0064190 secs] [Times: user=0.04 sys=0.00, real=0.00 secs] 
2014-07-16T10:43:56.066+0000: 2159.075: [GC [PSYoungGen: 274514K->1208K(268160K)] 607893K->334699K(955136K), 0.0035680 secs] [Times: user=0.02 sys=0.00, real=0.00 secs] 
2014-07-16T10:43:57.007+0000: 2160.015: [GC [PSYoungGen: 268152K->840K(261056K)] 601643K->334387K(948032K), 0.0044200 secs] [Times: user=0.02 sys=0.00, real=0.01 secs] 
2014-07-16T10:43:57.873+0000: 2160.881: [GC [PSYoungGen: 261000K->544K(254208K)] 594547K->334155K(941184K), 0.0073620 secs] [Times: user=0.04 sys=0.00, real=0.00 secs] 
2014-07-16T10:43:58.859+0000: 2161.867: [GC [PSYoungGen: 254176K->762K(248128K)] 587787K->334429K(935104K), 0.0067420 secs] [Times: user=0.04 sys=0.00, real=0.01 secs] 
2014-07-16T10:43:59.650+0000: 2162.658: [GC [PSYoungGen: 248076K->918K(242304K)] 581743K->334681K(929280K), 0.0074180 secs] [Times: user=0.05 sys=0.00, real=0.01 secs] 
2014-07-16T10:44:00.421+0000: 2163.430: [GC [PSYoungGen: 242243K->1050K(236608K)] 576006K->334909K(923584K), 0.0079510 secs] [Times: user=0.05 sys=0.00, real=0.01 secs] 
2014-07-16T10:44:01.156+0000: 2164.164: [GC [PSYoungGen: 236570K->862K(230848K)] 570429K->334777K(917824K), 0.0047960 secs] [Times: user=0.03 sys=0.00, real=0.00 secs] 
2014-07-16T10:44:01.900+0000: 2164.909: [GC [PSYoungGen: 230812K->976K(225600K)] 564728K->334955K(912576K), 0.0086850 secs] [Times: user=0.06 sys=0.00, real=0.01 secs] 
2014-07-16T10:44:02.688+0000: 2165.696: [GC [PSYoungGen: 225552K->1004K(220416K)] 559531K->335063K(907392K), 0.0060460 secs] [Times: user=0.04 sys=0.00, real=0.01 secs] 
2014-07-16T10:44:03.466+0000: 2166.474: [GC [PSYoungGen: 220396K->926K(215360K)] 554455K->335033K(902336K), 0.0082570 secs] [Times: user=0.05 sys=0.00, real=0.01 secs] 
2014-07-16T10:44:04.186+0000: 2167.195: [GC [PSYoungGen: 215326K->900K(258240K)] 549433K->335079K(945216K), 0.0109120 secs] [Times: user=0.06 sys=0.00, real=0.01 secs] 
2014-07-16T10:44:05.007+0000: 2168.016: [GC [PSYoungGen: 258180K->630K(251520K)] 592359K->334873K(938496K), 0.0080350 secs] [Times: user=0.05 sys=0.00, real=0.01 secs] 
2014-07-16T10:44:05.831+0000: 2168.840: [GC [PSYoungGen: 251510K->844K(245632K)] 585753K->335135K(932608K), 0.0071860 secs] [Times: user=0.04 sys=0.00, real=0.01 secs] 
2014-07-16T10:44:06.660+0000: 2169.668: [GC [PSYoungGen: 245580K->1272K(240064K)] 579871K->335643K(927040K), 0.0065090 secs] [Times: user=0.03 sys=0.00, real=0.01 secs] 
2014-07-16T10:44:07.491+0000: 2170.499: [GC [PSYoungGen: 240056K->552K(233664K)] 574427K->335249K(920640K), 0.0060720 secs] [Times: user=0.04 sys=0.00, real=0.01 secs] 
2014-07-16T10:44:08.363+0000: 2171.371: [GC [PSYoungGen: 233640K->1404K(228992K)] 568337K->336229K(915968K), 0.0095590 secs] [Times: user=0.05 sys=0.00, real=0.01 secs] 
2014-07-16T10:44:09.066+0000: 2172.075: [GC [PSYoungGen: 228988K->890K(223168K)] 563813K->336257K(910144K), 0.0070340 secs] [Times: user=0.04 sys=0.00, real=0.01 secs] 
2014-07-16T10:44:09.763+0000: 2172.772: [GC [PSYoungGen: 223162K->1050K(218240K)] 558529K->336481K(905216K), 0.0044840 secs] [Times: user=0.02 sys=0.00, real=0.00 secs] 
2014-07-16T10:44:10.448+0000: 2173.457: [GC [PSYoungGen: 218202K->1248K(213504K)] 553633K->336770K(900480K), 0.0037870 secs] [Times: user=0.01 sys=0.00, real=0.00 secs] 
2014-07-16T10:44:11.114+0000: 2174.123: [GC [PSYoungGen: 213472K->1600K(209152K)] 548994K->337202K(896128K), 0.0054570 secs] [Times: user=0.03 sys=0.00, real=0.00 secs] 
2014-07-16T10:44:11.745+0000: 2174.753: [GC [PSYoungGen: 209077K->438K(203328K)] 544679K->336776K(890304K), 0.0049530 secs] [Times: user=0.02 sys=0.00, real=0.00 secs] 
2014-07-16T10:44:12.422+0000: 2175.430: [GC [PSYoungGen: 203318K->1146K(199616K)] 539656K->337572K(886592K), 0.0071410 secs] [Times: user=0.04 sys=0.00, real=0.01 secs] 
2014-07-16T10:44:13.063+0000: 2176.071: [GC [PSYoungGen: 199610K->640K(194816K)] 536036K->337238K(881792K), 0.0045900 secs] [Times: user=0.02 sys=0.00, real=0.01 secs] 
2014-07-16T10:44:13.758+0000: 2176.766: [GC [PSYoungGen: 194816K->1186K(191232K)] 531414K->337872K(878208K), 0.0081640 secs] [Times: user=0.06 sys=0.00, real=0.01 secs] 
2014-07-16T10:44:14.360+0000: 2177.368: [GC [PSYoungGen: 191202K->708K(186816K)] 527888K->337458K(873792K), 0.0044680 secs] [Times: user=0.02 sys=0.01, real=0.01 secs] 
2014-07-16T10:44:14.947+0000: 2177.955: [GC [PSYoungGen: 186756K->626K(182848K)] 523506K->337456K(869824K), 0.0040900 secs] [Times: user=0.02 sys=0.01, real=0.00 secs] 
2014-07-16T10:44:15.593+0000: 2178.602: [GC [PSYoungGen: 182834K->986K(179520K)] 519664K->337920K(866496K), 0.0036370 secs] [Times: user=0.02 sys=0.00, real=0.01 secs] 
2014-07-16T10:44:16.190+0000: 2179.199: [GC [PSYoungGen: 179482K->836K(175744K)] 516416K->337866K(862720K), 0.0067390 secs] [Times: user=0.05 sys=0.00, real=0.01 secs] 
2014-07-16T10:44:16.787+0000: 2179.795: [GC [PSYoungGen: 175684K->830K(210688K)] 512714K->337924K(897664K), 0.0166010 secs] [Times: user=0.09 sys=0.00, real=0.01 secs] 
2014-07-16T10:44:17.507+0000: 2180.516: [GC [PSYoungGen: 210672K->1126K(252992K)] 547766K->338276K(939968K), 0.0029840 secs] [Times: user=0.01 sys=0.00, real=0.00 secs] 
2014-07-16T10:44:18.342+0000: 2181.350: [GC [PSYoungGen: 252966K->882K(303104K)] 590116K->338096K(990080K), 0.0164370 secs] [Times: user=0.09 sys=0.01, real=0.02 secs] 
2014-07-16T10:44:19.431+0000: 2182.439: [GC [PSYoungGen: 303090K->1068K(310336K)] 640304K->338386K(997312K), 0.0034080 secs] [Times: user=0.02 sys=0.00, real=0.00 secs] 
2014-07-16T10:44:20.411+0000: 2183.420: [GC [PSYoungGen: 309841K->1026K(301504K)] 647159K->338400K(988480K), 0.0068410 secs] [Times: user=0.04 sys=0.00, real=0.01 secs] 
2014-07-16T10:44:21.377+0000: 2184.386: [GC [PSYoungGen: 301442K->1144K(293504K)] 638816K->338574K(980480K), 0.0088580 secs] [Times: user=0.05 sys=0.00, real=0.01 secs] 
2014-07-16T10:44:22.297+0000: 2185.305: [GC [PSYoungGen: 293496K->676K(285312K)] 630926K->338178K(972288K), 0.0046380 secs] [Times: user=0.02 sys=0.00, real=0.00 secs] 
2014-07-16T10:44:23.204+0000: 2186.213: [GC [PSYoungGen: 285262K->904K(278144K)] 622764K->338470K(965120K), 0.0096050 secs] [Times: user=0.06 sys=0.00, real=0.01 secs] 
2014-07-16T10:44:24.228+0000: 2187.237: [GC [PSYoungGen: 278088K->822K(270848K)] 615654K->338452K(957824K), 0.0102340 secs] [Times: user=0.07 sys=0.00, real=0.01 secs] 
2014-07-16T10:44:25.108+0000: 2188.116: [GC [PSYoungGen: 270838K->1036K(264256K)] 608468K->338754K(951232K), 0.0106120 secs] [Times: user=0.05 sys=0.00, real=0.01 secs] 
2014-07-16T10:44:25.940+0000: 2188.948: [GC [PSYoungGen: 264204K->672K(257280K)] 601922K->338462K(944256K), 0.0081580 secs] [Times: user=0.05 sys=0.00, real=0.01 secs] 
2014-07-16T10:44:26.817+0000: 2189.825: [GC [PSYoungGen: 257248K->1176K(309120K)] 595038K->339006K(996096K), 0.0114840 secs] [Times: user=0.06 sys=0.00, real=0.01 secs] 
2014-07-16T10:44:27.877+0000: 2190.886: [GC [PSYoungGen: 309080K->690K(300288K)] 646910K->338584K(987264K), 0.0079560 secs] [Times: user=0.04 sys=0.00, real=0.00 secs] 
2014-07-16T10:44:29.068+0000: 2192.076: [GC [PSYoungGen: 300274K->936K(292544K)] 638168K->338870K(979520K), 0.0071400 secs] [Times: user=0.02 sys=0.00, real=0.00 secs] 
2014-07-16T10:44:29.930+0000: 2192.939: [GC [PSYoungGen: 292472K->780K(284736K)] 630407K->338786K(971712K), 0.0081370 secs] [Times: user=0.05 sys=0.00, real=0.01 secs] 
2014-07-16T10:44:30.890+0000: 2193.898: [GC [PSYoungGen: 284684K->612K(277120K)] 622690K->338658K(964096K), 0.0083530 secs] [Times: user=0.05 sys=0.00, real=0.01 secs] 
2014-07-16T10:44:31.799+0000: 2194.808: [GC [PSYoungGen: 277055K->1126K(270528K)] 615101K->339252K(957504K), 0.0092810 secs] [Times: user=0.06 sys=0.01, real=0.01 secs] 
2014-07-16T10:44:32.654+0000: 2195.663: [GC [PSYoungGen: 270502K->634K(263168K)] 608628K->338816K(950144K), 0.0037690 secs] [Times: user=0.02 sys=0.00, real=0.01 secs] 
2014-07-16T10:44:33.485+0000: 2196.493: [GC [PSYoungGen: 263161K->862K(256832K)] 601344K->339116K(943808K), 0.0036180 secs] [Times: user=0.02 sys=0.00, real=0.01 secs] 
2014-07-16T10:44:34.361+0000: 2197.369: [GC [PSYoungGen: 256798K->562K(250176K)] 595052K->338872K(937152K), 0.0103440 secs] [Times: user=0.07 sys=0.00, real=0.01 secs] 
2014-07-16T10:44:35.140+0000: 2198.148: [GC [PSYoungGen: 250162K->1236K(244800K)] 588472K->339618K(931776K), 0.0044580 secs] [Times: user=0.02 sys=0.00, real=0.00 secs] 
2014-07-16T10:44:35.922+0000: 2198.931: [GC [PSYoungGen: 244753K->434K(238080K)] 583136K->338856K(925056K), 0.0037670 secs] [Times: user=0.02 sys=0.00, real=0.00 secs] 
2014-07-16T10:44:36.692+0000: 2199.701: [GC [PSYoungGen: 238066K->908K(232896K)] 576488K->339410K(919872K), 0.0057970 secs] [Times: user=0.04 sys=0.00, real=0.01 secs] 
2014-07-16T10:44:37.546+0000: 2200.554: [GC [PSYoungGen: 232844K->944K(227456K)] 571346K->339502K(914432K), 0.0155200 secs] [Times: user=0.08 sys=0.00, real=0.02 secs] 
2014-07-16T10:44:38.370+0000: 2201.378: [GC [PSYoungGen: 227440K->690K(221952K)] 565998K->339304K(908928K), 0.0074960 secs] [Times: user=0.05 sys=0.00, real=0.00 secs] 
2014-07-16T10:44:39.236+0000: 2202.244: [GC [PSYoungGen: 221938K->1010K(217216K)] 560552K->339712K(904192K), 0.0075010 secs] [Times: user=0.06 sys=0.01, real=0.01 secs] 
2014-07-16T10:44:39.927+0000: 2202.935: [GC [PSYoungGen: 217189K->1058K(212352K)] 555891K->339864K(899328K), 0.0053030 secs] [Times: user=0.04 sys=0.00, real=0.01 secs] 
2014-07-16T10:44:40.598+0000: 2203.607: [GC [PSYoungGen: 212298K->1250K(207808K)] 551104K->340136K(894784K), 0.0033960 secs] [Times: user=0.02 sys=0.00, real=0.00 secs] 
2014-07-16T10:44:41.253+0000: 2204.262: [GC [PSYoungGen: 207778K->624K(202624K)] 546664K->339736K(889600K), 0.0091050 secs] [Times: user=0.05 sys=0.00, real=0.01 secs] 
2014-07-16T10:44:41.892+0000: 2204.900: [GC [PSYoungGen: 202608K->1408K(243904K)] 541720K->340584K(930880K), 0.0084880 secs] [Times: user=0.05 sys=0.00, real=0.01 secs] 
2014-07-16T10:44:42.668+0000: 2205.677: [GC [PSYoungGen: 243823K->672K(291648K)] 582999K->340170K(978624K), 0.0172440 secs] [Times: user=0.10 sys=0.00, real=0.01 secs] 
2014-07-16T10:44:43.599+0000: 2206.607: [GC [PSYoungGen: 291602K->480K(349440K)] 631100K->340018K(1036416K), 0.0092830 secs] [Times: user=0.06 sys=0.00, real=0.01 secs] 
2014-07-16T10:44:44.847+0000: 2207.856: [GC [PSYoungGen: 348320K->1292K(339200K)] 687858K->340934K(1026176K), 0.0039140 secs] [Times: user=0.02 sys=0.00, real=0.01 secs] 
2014-07-16T10:44:45.940+0000: 2208.949: [GC [PSYoungGen: 339127K->704K(329024K)] 678769K->340426K(1016000K), 0.0087690 secs] [Times: user=0.04 sys=0.00, real=0.01 secs] 
2014-07-16T10:44:47.002+0000: 2210.011: [GC [PSYoungGen: 328980K->1180K(320384K)] 668702K->340958K(1007360K), 0.0085910 secs] [Times: user=0.06 sys=0.00, real=0.01 secs] 
2014-07-16T10:44:48.082+0000: 2211.090: [GC [PSYoungGen: 320348K->662K(311104K)] 660126K->340504K(998080K), 0.0044390 secs] [Times: user=0.03 sys=0.00, real=0.00 secs] 
2014-07-16T10:44:49.221+0000: 2212.229: [GC [PSYoungGen: 311062K->940K(302912K)] 650904K->340846K(989888K), 0.0078010 secs] [Times: user=0.05 sys=0.00, real=0.00 secs] 
2014-07-16T10:44:50.244+0000: 2213.252: [GC [PSYoungGen: 302849K->1230K(295104K)] 642755K->341184K(982080K), 0.0040380 secs] [Times: user=0.02 sys=0.00, real=0.00 secs] 
2014-07-16T10:44:51.181+0000: 2214.189: [GC [PSYoungGen: 295018K->1016K(287040K)] 634972K->341297K(974016K), 0.0153290 secs] [Times: user=0.09 sys=0.00, real=0.01 secs] 
2014-07-16T10:44:52.058+0000: 2215.067: [GC [PSYoungGen: 287032K->644K(279232K)] 627313K->340973K(966208K), 0.0096530 secs] [Times: user=0.05 sys=0.01, real=0.01 secs] 
2014-07-16T10:44:52.946+0000: 2215.955: [GC [PSYoungGen: 279099K->872K(272192K)] 619428K->341365K(959168K), 0.0076190 secs] [Times: user=0.03 sys=0.00, real=0.01 secs] 
2014-07-16T10:44:53.813+0000: 2216.821: [GC [PSYoungGen: 272168K->658K(265088K)] 612661K->341207K(952064K), 0.0094710 secs] [Times: user=0.06 sys=0.00, real=0.01 secs] 
2014-07-16T10:44:54.758+0000: 2217.767: [GC [PSYoungGen: 265042K->868K(258624K)] 605591K->341505K(945600K), 0.0067140 secs] [Times: user=0.04 sys=0.00, real=0.01 secs] 
2014-07-16T10:44:55.576+0000: 2218.585: [GC [PSYoungGen: 258564K->922K(252288K)] 599201K->341623K(939264K), 0.0044920 secs] [Times: user=0.02 sys=0.00, real=0.01 secs] 
2014-07-16T10:44:56.382+0000: 2219.391: [GC [PSYoungGen: 252250K->530K(302208K)] 592951K->341271K(989184K), 0.0134520 secs] [Times: user=0.09 sys=0.00, real=0.01 secs] 
2014-07-16T10:44:57.427+0000: 2220.435: [GC [PSYoungGen: 302162K->1528K(295040K)] 642903K->342391K(982016K), 0.0060020 secs] [Times: user=0.04 sys=0.00, real=0.01 secs] 
2014-07-16T10:44:58.381+0000: 2221.389: [GC [PSYoungGen: 295032K->498K(286208K)] 635895K->341393K(973184K), 0.0048200 secs] [Times: user=0.01 sys=0.00, real=0.00 secs] 
2014-07-16T10:44:59.483+0000: 2222.491: [GC [PSYoungGen: 286194K->1318K(279552K)] 627089K->342285K(966528K), 0.0129010 secs] [Times: user=0.07 sys=0.00, real=0.01 secs] 
2014-07-16T10:45:00.447+0000: 2223.456: [GC [PSYoungGen: 279479K->854K(271936K)] 620447K->341885K(958912K), 0.0064980 secs] [Times: user=0.03 sys=0.00, real=0.01 secs] 
2014-07-16T10:45:01.301+0000: 2224.309: [GC [PSYoungGen: 271892K->1072K(265216K)] 612924K->342151K(952192K), 0.0056860 secs] [Times: user=0.01 sys=0.00, real=0.01 secs] 
2014-07-16T10:45:02.113+0000: 2225.121: [GC [PSYoungGen: 265200K->940K(258432K)] 606279K->342107K(945408K), 0.0058220 secs] [Times: user=0.04 sys=0.00, real=0.00 secs] 
2014-07-16T10:45:02.921+0000: 2225.929: [GC [PSYoungGen: 258374K->662K(251776K)] 599542K->341885K(938752K), 0.0073680 secs] [Times: user=0.04 sys=0.00, real=0.01 secs] 
2014-07-16T10:45:03.757+0000: 2226.765: [GC [PSYoungGen: 251734K->1044K(246016K)] 592957K->342331K(932992K), 0.0045360 secs] [Times: user=0.02 sys=0.00, real=0.00 secs] 
2014-07-16T10:45:04.598+0000: 2227.607: [GC [PSYoungGen: 245972K->626K(239616K)] 587259K->342009K(926592K), 0.0071990 secs] [Times: user=0.04 sys=0.00, real=0.01 secs] 
2014-07-16T10:45:05.381+0000: 2228.390: [GC [PSYoungGen: 239602K->1200K(234496K)] 580985K->342663K(921472K), 0.0037710 secs] [Times: user=0.02 sys=0.00, real=0.01 secs] 
2014-07-16T10:45:06.141+0000: 2229.150: [GC [PSYoungGen: 234480K->876K(228672K)] 575943K->342411K(915648K), 0.0096400 secs] [Times: user=0.06 sys=0.00, real=0.01 secs] 
2014-07-16T10:45:06.874+0000: 2229.882: [GC [PSYoungGen: 228651K->772K(223296K)] 570186K->342395K(910272K), 0.0101010 secs] [Times: user=0.06 sys=0.01, real=0.01 secs] 
2014-07-16T10:45:07.587+0000: 2230.595: [GC [PSYoungGen: 223236K->598K(217984K)] 564859K->342277K(904960K), 0.0064650 secs] [Times: user=0.04 sys=0.01, real=0.01 secs] 
2014-07-16T10:45:08.332+0000: 2231.341: [GC [PSYoungGen: 217942K->594K(213056K)] 559621K->342345K(900032K), 0.0072460 secs] [Times: user=0.04 sys=0.00, real=0.00 secs] 
2014-07-16T10:45:09.049+0000: 2232.057: [GC [PSYoungGen: 212961K->1190K(208896K)] 554713K->342997K(895872K), 0.0064240 secs] [Times: user=0.03 sys=0.00, real=0.01 secs] 
2014-07-16T10:45:09.876+0000: 2232.885: [GC [PSYoungGen: 208870K->644K(203776K)] 550677K->342515K(890752K), 0.0071490 secs] [Times: user=0.05 sys=0.00, real=0.01 secs] 
2014-07-16T10:45:10.531+0000: 2233.540: [GC [PSYoungGen: 203716K->704K(244416K)] 545587K->342647K(931392K), 0.0109890 secs] [Times: user=0.08 sys=0.00, real=0.01 secs] 
2014-07-16T10:45:11.366+0000: 2234.375: [GC [PSYoungGen: 244416K->626K(293120K)] 586359K->342625K(980096K), 0.0086050 secs] [Times: user=0.04 sys=0.00, real=0.01 secs] 
2014-07-16T10:45:12.313+0000: 2235.321: [GC [PSYoungGen: 293106K->1090K(285888K)] 635105K->343153K(972864K), 0.0072330 secs] [Times: user=0.05 sys=0.00, real=0.01 secs] 
2014-07-16T10:45:13.192+0000: 2236.201: [GC [PSYoungGen: 285826K->868K(278208K)] 627889K->343011K(965184K), 0.0037940 secs] [Times: user=0.02 sys=0.00, real=0.01 secs] 
2014-07-16T10:45:14.049+0000: 2237.057: [GC [PSYoungGen: 278180K->1208K(271360K)] 620323K->343399K(958336K), 0.0066320 secs] [Times: user=0.04 sys=0.00, real=0.01 secs] 
2014-07-16T10:45:15.011+0000: 2238.019: [GC [PSYoungGen: 271352K->690K(263936K)] 613543K->342961K(950912K), 0.0057030 secs] [Times: user=0.03 sys=0.00, real=0.01 secs] 
2014-07-16T10:45:15.878+0000: 2238.886: [GC [PSYoungGen: 263899K->1226K(257920K)] 606171K->343546K(944896K), 0.0053080 secs] [Times: user=0.02 sys=0.00, real=0.01 secs] 
2014-07-16T10:45:16.733+0000: 2239.741: [GC [PSYoungGen: 257866K->754K(251008K)] 600186K->343145K(937984K), 0.0076220 secs] [Times: user=0.02 sys=0.00, real=0.01 secs] 
2014-07-16T10:45:17.515+0000: 2240.523: [GC [PSYoungGen: 250994K->544K(244672K)] 593385K->343031K(931648K), 0.0053710 secs] [Times: user=0.04 sys=0.00, real=0.00 secs] 
2014-07-16T10:45:18.332+0000: 2241.340: [GC [PSYoungGen: 244618K->772K(239040K)] 587106K->343347K(926016K), 0.0040400 secs] [Times: user=0.01 sys=0.00, real=0.01 secs] 
2014-07-16T10:45:19.187+0000: 2242.195: [GC [PSYoungGen: 238932K->1162K(233728K)] 581508K->343801K(920704K), 0.0059900 secs] [Times: user=0.04 sys=0.00, real=0.00 secs] 
2014-07-16T10:45:20.047+0000: 2243.055: [GC [PSYoungGen: 233635K->948K(227968K)] 576275K->343956K(914944K), 0.0063050 secs] [Times: user=0.05 sys=0.00, real=0.00 secs] 
2014-07-16T10:45:20.808+0000: 2243.817: [GC [PSYoungGen: 227956K->1390K(223104K)] 570964K->344470K(910080K), 0.0067040 secs] [Times: user=0.04 sys=0.00, real=0.01 secs] 
2014-07-16T10:45:21.601+0000: 2244.610: [GC [PSYoungGen: 223078K->1000K(217600K)] 566158K->344159K(904576K), 0.0076850 secs] [Times: user=0.04 sys=0.00, real=0.01 secs] 
2014-07-16T10:45:22.323+0000: 2245.331: [GC [PSYoungGen: 217576K->786K(212480K)] 560735K->344017K(899456K), 0.0044690 secs] [Times: user=0.02 sys=0.00, real=0.01 secs] 
2014-07-16T10:45:23.002+0000: 2246.011: [GC [PSYoungGen: 212359K->1036K(208000K)] 555591K->344347K(894976K), 0.0067410 secs] [Times: user=0.04 sys=0.00, real=0.01 secs] 
2014-07-16T10:45:23.634+0000: 2246.642: [GC [PSYoungGen: 207948K->758K(203136K)] 551259K->344165K(890112K), 0.0065540 secs] [Times: user=0.05 sys=0.00, real=0.01 secs] 
2014-07-16T10:45:24.278+0000: 2247.286: [GC [PSYoungGen: 203113K->512K(198464K)] 546521K->344015K(885440K), 0.0073750 secs] [Times: user=0.04 sys=0.00, real=0.01 secs] 
2014-07-16T10:45:25.001+0000: 2248.010: [GC [PSYoungGen: 198464K->690K(194368K)] 541967K->344265K(881344K), 0.0090160 secs] [Times: user=0.03 sys=0.00, real=0.01 secs] 
2014-07-16T10:45:25.606+0000: 2248.615: [GC [PSYoungGen: 194354K->880K(190464K)] 537929K->344504K(877440K), 0.0038630 secs] [Times: user=0.02 sys=0.00, real=0.00 secs] 
2014-07-16T10:45:26.235+0000: 2249.243: [GC [PSYoungGen: 190431K->894K(228416K)] 534055K->344557K(915392K), 0.0109250 secs] [Times: user=0.07 sys=0.00, real=0.02 secs] 
2014-07-16T10:45:26.944+0000: 2249.952: [GC [PSYoungGen: 228414K->594K(273664K)] 572077K->344337K(960640K), 0.0079900 secs] [Times: user=0.05 sys=0.00, real=0.01 secs] 
2014-07-16T10:45:27.812+0000: 2250.820: [GC [PSYoungGen: 273618K->1100K(267200K)] 617361K->344915K(954176K), 0.0040080 secs] [Times: user=0.03 sys=0.01, real=0.01 secs] 
2014-07-16T10:45:28.653+0000: 2251.662: [GC [PSYoungGen: 267123K->762K(260096K)] 610939K->344617K(947072K), 0.0093730 secs] [Times: user=0.05 sys=0.00, real=0.01 secs] 
2014-07-16T10:45:29.504+0000: 2252.512: [GC [PSYoungGen: 260058K->1158K(312448K)] 603914K->345078K(999424K), 0.0104580 secs] [Times: user=0.06 sys=0.00, real=0.01 secs] 
2014-07-16T10:45:30.732+0000: 2253.740: [GC [PSYoungGen: 312390K->940K(303680K)] 656310K->344939K(990656K), 0.0047710 secs] [Times: user=0.02 sys=0.00, real=0.01 secs] 
2014-07-16T10:45:31.762+0000: 2254.770: [GC [PSYoungGen: 303644K->1160K(295808K)] 647644K->345247K(982784K), 0.0086450 secs] [Times: user=0.04 sys=0.00, real=0.01 secs] 
2014-07-16T10:45:32.696+0000: 2255.704: [GC [PSYoungGen: 295752K->722K(287552K)] 639839K->344905K(974528K), 0.0081070 secs] [Times: user=0.04 sys=0.00, real=0.01 secs] 
2014-07-16T10:45:33.596+0000: 2256.604: [GC [PSYoungGen: 287492K->886K(280128K)] 631676K->345133K(967104K), 0.0076060 secs] [Times: user=0.05 sys=0.00, real=0.01 secs] 
2014-07-16T10:45:34.484+0000: 2257.492: [GC [PSYoungGen: 280102K->1054K(273088K)] 624349K->345373K(960064K), 0.0043090 secs] [Times: user=0.03 sys=0.00, real=0.01 secs] 
2014-07-16T10:45:35.486+0000: 2258.495: [GC [PSYoungGen: 273054K->922K(265984K)] 617373K->345281K(952960K), 0.0048220 secs] [Times: user=0.02 sys=0.00, real=0.00 secs] 
2014-07-16T10:45:36.328+0000: 2259.336: [GC [PSYoungGen: 265946K->786K(259200K)] 610305K->345209K(946176K), 0.0094020 secs] [Times: user=0.05 sys=0.00, real=0.00 secs] 
2014-07-16T10:45:37.156+0000: 2260.164: [GC [PSYoungGen: 259144K->758K(252672K)] 603567K->345253K(939648K), 0.0087670 secs] [Times: user=0.05 sys=0.00, real=0.01 secs] 
2014-07-16T10:45:38.001+0000: 2261.010: [GC [PSYoungGen: 252662K->1008K(246720K)] 597157K->345599K(933696K), 0.0075990 secs] [Times: user=0.05 sys=0.01, real=0.01 secs] 
2014-07-16T10:45:38.822+0000: 2261.830: [GC [PSYoungGen: 246704K->1274K(241024K)] 591295K->345921K(928000K), 0.0047490 secs] [Times: user=0.02 sys=0.00, real=0.00 secs] 
2014-07-16T10:45:39.660+0000: 2262.669: [GC [PSYoungGen: 241018K->434K(234432K)] 585665K->345457K(921408K), 0.0052860 secs] [Times: user=0.03 sys=0.00, real=0.00 secs] 
2014-07-16T10:45:40.523+0000: 2263.531: [GC [PSYoungGen: 234418K->694K(229184K)] 579441K->345781K(916160K), 0.0074670 secs] [Times: user=0.04 sys=0.00, real=0.01 secs] 
2014-07-16T10:45:41.353+0000: 2264.362: [GC [PSYoungGen: 229174K->854K(224064K)] 574261K->346106K(911040K), 0.0091790 secs] [Times: user=0.06 sys=0.00, real=0.01 secs] 
2014-07-16T10:45:42.129+0000: 2265.137: [GC [PSYoungGen: 224022K->576K(268416K)] 569274K->345907K(955392K), 0.0117230 secs] [Times: user=0.05 sys=0.00, real=0.01 secs] 
2014-07-16T10:45:42.952+0000: 2265.960: [GC [PSYoungGen: 268416K->854K(261952K)] 613747K->346250K(948928K), 0.0073240 secs] [Times: user=0.03 sys=0.00, real=0.01 secs] 
2014-07-16T10:45:43.776+0000: 2266.785: [GC [PSYoungGen: 261910K->640K(255168K)] 607306K->346107K(942144K), 0.0065630 secs] [Times: user=0.04 sys=0.00, real=0.01 secs] 
2014-07-16T10:45:44.577+0000: 2267.585: [GC [PSYoungGen: 255122K->1176K(249472K)] 600590K->346708K(936448K), 0.0075240 secs] [Times: user=0.05 sys=0.00, real=0.01 secs] 
2014-07-16T10:45:45.449+0000: 2268.457: [GC [PSYoungGen: 249427K->1040K(243264K)] 594959K->346652K(930240K), 0.0076110 secs] [Times: user=0.05 sys=0.00, real=0.00 secs] 
2014-07-16T10:45:46.216+0000: 2269.224: [GC [PSYoungGen: 243216K->548K(236928K)] 588828K->346468K(923904K), 0.0080190 secs] [Times: user=0.04 sys=0.00, real=0.01 secs] 
2014-07-16T10:45:46.993+0000: 2270.001: [GC [PSYoungGen: 236900K->758K(231488K)] 582820K->346766K(918464K), 0.0052300 secs] [Times: user=0.01 sys=0.00, real=0.01 secs] 
2014-07-16T10:45:47.728+0000: 2270.737: [GC [PSYoungGen: 231478K->1130K(226432K)] 577486K->347302K(913408K), 0.0083040 secs] [Times: user=0.03 sys=0.01, real=0.00 secs] 
2014-07-16T10:45:48.449+0000: 2271.457: [GC [PSYoungGen: 226410K->1376K(221440K)] 572582K->347728K(908416K), 0.0076640 secs] [Times: user=0.05 sys=0.00, real=0.00 secs] 
2014-07-16T10:45:49.145+0000: 2272.153: [GC [PSYoungGen: 221408K->306K(264384K)] 567760K->346892K(951360K), 0.0126330 secs] [Times: user=0.08 sys=0.00, real=0.01 secs] 
2014-07-16T10:45:50.023+0000: 2273.031: [GC [PSYoungGen: 264312K->1160K(304640K)] 610898K->347834K(991616K), 0.0072760 secs] [Times: user=0.04 sys=0.00, real=0.01 secs] 
2014-07-16T10:45:51.006+0000: 2274.014: [GC [PSYoungGen: 304200K->1440K(296384K)] 650874K->348194K(983360K), 0.0048660 secs] [Times: user=0.02 sys=0.00, real=0.01 secs] 
2014-07-16T10:45:51.990+0000: 2274.998: [GC [PSYoungGen: 296352K->768K(287872K)] 643106K->347610K(974848K), 0.0071510 secs] [Times: user=0.05 sys=0.00, real=0.00 secs] 
2014-07-16T10:45:53.014+0000: 2276.022: [GC [PSYoungGen: 287872K->1086K(280640K)] 634714K->348000K(967616K), 0.0072200 secs] [Times: user=0.05 sys=0.00, real=0.01 secs] 
2014-07-16T10:45:53.903+0000: 2276.911: [GC [PSYoungGen: 280638K->594K(272960K)] 627552K->347556K(959936K), 0.0037750 secs] [Times: user=0.02 sys=0.00, real=0.00 secs] 
2014-07-16T10:45:54.758+0000: 2277.767: [GC [PSYoungGen: 272914K->1146K(266496K)] 619876K->348188K(953472K), 0.0042530 secs] [Times: user=0.02 sys=0.00, real=0.01 secs] 
2014-07-16T10:45:55.744+0000: 2278.752: [GC [PSYoungGen: 266490K->830K(259456K)] 613532K->347936K(946432K), 0.0038050 secs] [Times: user=0.02 sys=0.00, real=0.00 secs] 
2014-07-16T10:45:56.582+0000: 2279.591: [GC [PSYoungGen: 259454K->1158K(253376K)] 606560K->348320K(940352K), 0.0034900 secs] [Times: user=0.01 sys=0.00, real=0.00 secs] 
2014-07-16T10:45:57.388+0000: 2280.396: [GC [PSYoungGen: 253318K->822K(246784K)] 600480K->348048K(933760K), 0.0085130 secs] [Times: user=0.05 sys=0.00, real=0.01 secs] 
2014-07-16T10:45:58.179+0000: 2281.187: [GC [PSYoungGen: 246725K->826K(240832K)] 593952K->348140K(927808K), 0.0055900 secs] [Times: user=0.04 sys=0.00, real=0.01 secs] 
2014-07-16T10:45:58.921+0000: 2281.930: [GC [PSYoungGen: 240826K->466K(234752K)] 588140K->347828K(921728K), 0.0067750 secs] [Times: user=0.04 sys=0.00, real=0.00 secs] 
2014-07-16T10:45:59.708+0000: 2282.716: [GC [PSYoungGen: 234706K->848K(229568K)] 582068K->348266K(916544K), 0.0106210 secs] [Times: user=0.05 sys=0.01, real=0.01 secs] 
2014-07-16T10:46:00.544+0000: 2283.552: [GC [PSYoungGen: 229520K->1154K(224576K)] 576938K->348628K(911552K), 0.0052420 secs] [Times: user=0.02 sys=0.00, real=0.00 secs] 
2014-07-16T10:46:01.299+0000: 2284.307: [GC [PSYoungGen: 224492K->644K(218880K)] 571966K->348182K(905856K), 0.0040180 secs] [Times: user=0.02 sys=0.00, real=0.01 secs] 
2014-07-16T10:46:02.059+0000: 2285.067: [GC [PSYoungGen: 218820K->858K(214080K)] 566358K->348492K(901056K), 0.0043350 secs] [Times: user=0.03 sys=0.00, real=0.01 secs] 
2014-07-16T10:46:02.746+0000: 2285.754: [GC [PSYoungGen: 214042K->626K(209024K)] 561676K->348324K(896000K), 0.0091370 secs] [Times: user=0.04 sys=0.00, real=0.01 secs] 
2014-07-16T10:46:03.499+0000: 2286.508: [GC [PSYoungGen: 209010K->1058K(204864K)] 556708K->348836K(891840K), 0.0074890 secs] [Times: user=0.05 sys=0.00, real=0.01 secs] 
2014-07-16T10:46:04.138+0000: 2287.146: [GC [PSYoungGen: 204832K->530K(199872K)] 552610K->348372K(886848K), 0.0060590 secs] [Times: user=0.04 sys=0.00, real=0.01 secs] 
2014-07-16T10:46:04.803+0000: 2287.812: [GC [PSYoungGen: 199826K->1044K(196096K)] 547668K->348958K(883072K), 0.0072670 secs] [Times: user=0.04 sys=0.00, real=0.00 secs] 
2014-07-16T10:46:05.580+0000: 2288.588: [GC [PSYoungGen: 195967K->1118K(192000K)] 543881K->349104K(878976K), 0.0037830 secs] [Times: user=0.02 sys=0.00, real=0.01 secs] 
2014-07-16T10:46:06.214+0000: 2289.222: [GC [PSYoungGen: 191966K->908K(187776K)] 539952K->348966K(874752K), 0.0049120 secs] [Times: user=0.03 sys=0.00, real=0.00 secs] 
2014-07-16T10:46:06.796+0000: 2289.804: [GC [PSYoungGen: 187724K->480K(183424K)] 535782K->348618K(870400K), 0.0061590 secs] [Times: user=0.03 sys=0.00, real=0.01 secs] 
2014-07-16T10:46:07.394+0000: 2290.402: [GC [PSYoungGen: 183392K->894K(180032K)] 531530K->349112K(867008K), 0.0068940 secs] [Times: user=0.04 sys=0.00, real=0.00 secs] 
2014-07-16T10:46:07.925+0000: 2290.934: [GC [PSYoungGen: 180030K->320K(175808K)] 528248K->348578K(862784K), 0.0048470 secs] [Times: user=0.02 sys=0.00, real=0.00 secs] 
2014-07-16T10:46:08.496+0000: 2291.505: [GC [PSYoungGen: 175761K->1332K(173312K)] 524019K->349670K(860288K), 0.0051070 secs] [Times: user=0.02 sys=0.00, real=0.01 secs] 
2014-07-16T10:46:09.030+0000: 2292.038: [GC [PSYoungGen: 173300K->1336K(207744K)] 521638K->349746K(894720K), 0.0093810 secs] [Times: user=0.06 sys=0.00, real=0.01 secs] 
2014-07-16T10:46:09.691+0000: 2292.700: [GC [PSYoungGen: 207721K->1210K(248896K)] 556131K->349700K(935872K), 0.0084400 secs] [Times: user=0.05 sys=0.00, real=0.01 secs] 
2014-07-16T10:46:10.641+0000: 2293.650: [GC [PSYoungGen: 248890K->932K(298176K)] 597380K->349478K(985152K), 0.0114970 secs] [Times: user=0.08 sys=0.00, real=0.02 secs] 
2014-07-16T10:46:11.636+0000: 2294.645: [GC [PSYoungGen: 298148K->1162K(290496K)] 646694K->349740K(977472K), 0.0053200 secs] [Times: user=0.02 sys=0.00, real=0.00 secs] 
2014-07-16T10:46:12.585+0000: 2295.594: [GC [PSYoungGen: 290442K->868K(282560K)] 639020K->349526K(969536K), 0.0066770 secs] [Times: user=0.04 sys=0.00, real=0.01 secs] 
2014-07-16T10:46:13.515+0000: 2296.524: [GC [PSYoungGen: 282532K->512K(274880K)] 631190K->349218K(961856K), 0.0091800 secs] [Times: user=0.05 sys=0.01, real=0.01 secs] 
2014-07-16T10:46:14.464+0000: 2297.473: [GC [PSYoungGen: 274880K->790K(268160K)] 623586K->349552K(955136K), 0.0063950 secs] [Times: user=0.02 sys=0.00, real=0.00 secs] 
2014-07-16T10:46:15.325+0000: 2298.334: [GC [PSYoungGen: 268116K->658K(298560K)] 616878K->349484K(985536K), 0.0131780 secs] [Times: user=0.08 sys=0.00, real=0.01 secs] 
2014-07-16T10:46:16.413+0000: 2299.421: [GC [PSYoungGen: 297618K->790K(289856K)] 646444K->349688K(976832K), 0.0055510 secs] [Times: user=0.02 sys=0.00, real=0.01 secs] 
2014-07-16T10:46:17.292+0000: 2300.300: [GC [PSYoungGen: 289814K->1472K(282944K)] 638712K->350450K(969920K), 0.0070150 secs] [Times: user=0.04 sys=0.00, real=0.01 secs] 
2014-07-16T10:46:18.218+0000: 2301.226: [GC [PSYoungGen: 282852K->762K(274880K)] 631830K->349892K(961856K), 0.0096100 secs] [Times: user=0.05 sys=0.01, real=0.01 secs] 
2014-07-16T10:46:19.122+0000: 2302.131: [GC [PSYoungGen: 274874K->1200K(268288K)] 624004K->350386K(955264K), 0.0085820 secs] [Times: user=0.04 sys=0.00, real=0.01 secs] 
2014-07-16T10:46:19.965+0000: 2302.973: [GC [PSYoungGen: 268197K->1218K(261568K)] 617383K->350808K(948544K), 0.0083090 secs] [Times: user=0.04 sys=0.00, real=0.01 secs] 
2014-07-16T10:46:20.924+0000: 2303.932: [GC [PSYoungGen: 261502K->862K(254656K)] 611092K->350516K(941632K), 0.0041420 secs] [Times: user=0.02 sys=0.00, real=0.00 secs] 
2014-07-16T10:46:21.704+0000: 2304.713: [GC [PSYoungGen: 254622K->640K(305152K)] 604276K->350366K(992128K), 0.0133230 secs] [Times: user=0.07 sys=0.00, real=0.01 secs] 
2014-07-16T10:46:22.692+0000: 2305.700: [GC [PSYoungGen: 305141K->1298K(318400K)] 654868K->351072K(1005376K), 0.0138340 secs] [Times: user=0.08 sys=0.00, real=0.02 secs] 
2014-07-16T10:46:23.807+0000: 2306.816: [GC [PSYoungGen: 318098K->1228K(367168K)] 667872K->351082K(1054144K), 0.0093220 secs] [Times: user=0.06 sys=0.00, real=0.01 secs] 
2014-07-16T10:46:25.100+0000: 2308.108: [GC [PSYoungGen: 366668K->580K(355392K)] 716522K->350490K(1042368K), 0.0043020 secs] [Times: user=0.02 sys=0.00, real=0.01 secs] 
2014-07-16T10:46:26.270+0000: 2309.278: [GC [PSYoungGen: 355332K->676K(345216K)] 705242K->350658K(1032192K), 0.0041410 secs] [Times: user=0.02 sys=0.00, real=0.01 secs] 
2014-07-16T10:46:27.350+0000: 2310.358: [GC [PSYoungGen: 345188K->544K(335296K)] 695170K->350606K(1022272K), 0.0078840 secs] [Times: user=0.05 sys=0.00, real=0.01 secs] 
2014-07-16T10:46:28.449+0000: 2311.457: [GC [PSYoungGen: 335264K->1190K(326528K)] 685326K->351308K(1013504K), 0.0042250 secs] [Times: user=0.02 sys=0.00, real=0.00 secs] 
2014-07-16T10:46:29.512+0000: 2312.520: [GC [PSYoungGen: 326502K->794K(317120K)] 676620K->350976K(1004096K), 0.0036130 secs] [Times: user=0.02 sys=0.00, real=0.01 secs] 
2014-07-16T10:46:30.598+0000: 2313.607: [GC [PSYoungGen: 317050K->922K(308544K)] 667232K->351200K(995520K), 0.0083710 secs] [Times: user=0.06 sys=0.00, real=0.01 secs] 
2014-07-16T10:46:31.759+0000: 2314.768: [GC [PSYoungGen: 308486K->1122K(300416K)] 658764K->351496K(987392K), 0.0060860 secs] [Times: user=0.04 sys=0.00, real=0.01 secs] 
2014-07-16T10:46:32.805+0000: 2315.813: [GC [PSYoungGen: 300318K->1078K(292352K)] 650692K->351548K(979328K), 0.0091290 secs] [Times: user=0.06 sys=0.00, real=0.01 secs] 
2014-07-16T10:46:33.823+0000: 2316.832: [GC [PSYoungGen: 292342K->790K(284416K)] 642812K->351332K(971392K), 0.0044630 secs] [Times: user=0.02 sys=0.00, real=0.01 secs] 
2014-07-16T10:46:34.838+0000: 2317.846: [GC [PSYoungGen: 284351K->786K(276992K)] 634894K->351400K(963968K), 0.0085880 secs] [Times: user=0.06 sys=0.00, real=0.01 secs] 
2014-07-16T10:46:35.759+0000: 2318.767: [GC [PSYoungGen: 276946K->954K(270016K)] 627560K->351648K(956992K), 0.0061350 secs] [Times: user=0.04 sys=0.00, real=0.00 secs] 
2014-07-16T10:46:36.682+0000: 2319.691: [GC [PSYoungGen: 270010K->480K(262720K)] 620704K->351262K(949696K), 0.0040250 secs] [Times: user=0.02 sys=0.00, real=0.01 secs] 
2014-07-16T10:46:37.518+0000: 2320.526: [GC [PSYoungGen: 262688K->466K(256128K)] 613470K->351296K(943104K), 0.0040490 secs] [Times: user=0.01 sys=0.00, real=0.00 secs] 
2014-07-16T10:46:38.337+0000: 2321.346: [GC [PSYoungGen: 256082K->1212K(250496K)] 606912K->352130K(937472K), 0.0052670 secs] [Times: user=0.04 sys=0.00, real=0.00 secs] 
2014-07-16T10:46:39.128+0000: 2322.137: [GC [PSYoungGen: 250492K->762K(243968K)] 601410K->351728K(930944K), 0.0062650 secs] [Times: user=0.03 sys=0.00, real=0.00 secs] 
2014-07-16T10:46:39.920+0000: 2322.928: [GC [PSYoungGen: 243962K->1072K(238400K)] 594928K->352094K(925376K), 0.0104980 secs] [Times: user=0.07 sys=0.01, real=0.01 secs] 
2014-07-16T10:46:40.680+0000: 2323.689: [GC [PSYoungGen: 238384K->434K(232128K)] 589406K->351520K(919104K), 0.0055240 secs] [Times: user=0.04 sys=0.00, real=0.00 secs] 
2014-07-16T10:46:41.562+0000: 2324.570: [GC [PSYoungGen: 232090K->1104K(227392K)] 583176K->352262K(914368K), 0.0075310 secs] [Times: user=0.03 sys=0.00, real=0.01 secs] 
2014-07-16T10:46:42.328+0000: 2325.337: [GC [PSYoungGen: 227344K->954K(221952K)] 578502K->352208K(908928K), 0.0056290 secs] [Times: user=0.04 sys=0.00, real=0.00 secs] 
2014-07-16T10:46:43.087+0000: 2326.095: [GC [PSYoungGen: 221946K->1150K(217088K)] 573200K->352484K(904064K), 0.0041150 secs] [Times: user=0.02 sys=0.00, real=0.00 secs] 
2014-07-16T10:46:43.783+0000: 2326.791: [GC [PSYoungGen: 217086K->680K(211776K)] 568420K->352054K(898752K), 0.0063860 secs] [Times: user=0.02 sys=0.00, real=0.01 secs] 
2014-07-16T10:46:44.518+0000: 2327.526: [GC [PSYoungGen: 211752K->498K(206848K)] 563126K->351920K(893824K), 0.0089520 secs] [Times: user=0.06 sys=0.01, real=0.01 secs] 
2014-07-16T10:46:45.206+0000: 2328.214: [GC [PSYoungGen: 206834K->1012K(202816K)] 558256K->352490K(889792K), 0.0094040 secs] [Times: user=0.06 sys=0.00, real=0.01 secs] 
2014-07-16T10:46:45.920+0000: 2328.929: [GC [PSYoungGen: 202804K->986K(198400K)] 554282K->352576K(885376K), 0.0066030 secs] [Times: user=0.04 sys=0.01, real=0.01 secs] 
2014-07-16T10:46:46.633+0000: 2329.641: [GC [PSYoungGen: 198328K->876K(194048K)] 549918K->352554K(881024K), 0.0072390 secs] [Times: user=0.05 sys=0.00, real=0.01 secs] 
2014-07-16T10:46:47.258+0000: 2330.267: [GC [PSYoungGen: 194028K->736K(189824K)] 545706K->352526K(876800K), 0.0047210 secs] [Times: user=0.02 sys=0.00, real=0.00 secs] 
2014-07-16T10:46:47.845+0000: 2330.853: [GC [PSYoungGen: 189767K->708K(185856K)] 541558K->352586K(872832K), 0.0061860 secs] [Times: user=0.04 sys=0.00, real=0.01 secs] 
2014-07-16T10:46:48.470+0000: 2331.478: [GC [PSYoungGen: 185779K->818K(222976K)] 537657K->352760K(909952K), 0.0084530 secs] [Times: user=0.06 sys=0.00, real=0.01 secs] 
2014-07-16T10:46:49.170+0000: 2332.179: [GC [PSYoungGen: 222957K->1204K(218240K)] 574899K->353226K(905216K), 0.0060110 secs] [Times: user=0.03 sys=0.00, real=0.00 secs] 
2014-07-16T10:46:49.850+0000: 2332.859: [GC [PSYoungGen: 218228K->704K(212800K)] 570250K->352766K(899776K), 0.0064940 secs] [Times: user=0.02 sys=0.00, real=0.00 secs] 
2014-07-16T10:46:50.524+0000: 2333.532: [GC [PSYoungGen: 212800K->666K(208064K)] 564862K->352784K(895040K), 0.0066650 secs] [Times: user=0.04 sys=0.00, real=0.01 secs] 
2014-07-16T10:46:51.359+0000: 2334.367: [GC [PSYoungGen: 208026K->800K(203584K)] 560144K->352982K(890560K), 0.0037140 secs] [Times: user=0.02 sys=0.00, real=0.00 secs] 
2014-07-16T10:46:52.034+0000: 2335.042: [GC [PSYoungGen: 203552K->1172K(199552K)] 555734K->353402K(886528K), 0.0062480 secs] [Times: user=0.02 sys=0.01, real=0.01 secs] 
2014-07-16T10:46:52.720+0000: 2335.728: [GC [PSYoungGen: 199508K->448K(194496K)] 551738K->352726K(881472K), 0.0048600 secs] [Times: user=0.02 sys=0.00, real=0.00 secs] 
2014-07-16T10:46:53.362+0000: 2336.371: [GC [PSYoungGen: 194418K->790K(190720K)] 546696K->353148K(877696K), 0.0042980 secs] [Times: user=0.02 sys=0.00, real=0.00 secs] 
2014-07-16T10:46:54.003+0000: 2337.011: [GC [PSYoungGen: 190678K->858K(186816K)] 543036K->353280K(873792K), 0.0067050 secs] [Times: user=0.04 sys=0.00, real=0.01 secs] 
2014-07-16T10:46:54.659+0000: 2337.667: [GC [PSYoungGen: 186778K->1228K(183360K)] 539200K->353738K(870336K), 0.0048750 secs] [Times: user=0.03 sys=0.00, real=0.01 secs] 
2014-07-16T10:46:55.339+0000: 2338.347: [GC [PSYoungGen: 183308K->566K(178944K)] 535818K->353420K(865920K), 0.0068060 secs] [Times: user=0.05 sys=0.00, real=0.01 secs] 
2014-07-16T10:46:56.055+0000: 2339.064: [GC [PSYoungGen: 178934K->958K(175744K)] 531788K->353876K(862720K), 0.0066510 secs] [Times: user=0.04 sys=0.00, real=0.01 secs] 
2014-07-16T10:46:56.710+0000: 2339.718: [GC [PSYoungGen: 175723K->908K(172224K)] 528641K->354014K(859200K), 0.0071520 secs] [Times: user=0.04 sys=0.00, real=0.00 secs] 
2014-07-16T10:46:57.252+0000: 2340.260: [GC [PSYoungGen: 172172K->826K(206400K)] 525278K->354012K(893376K), 0.0092240 secs] [Times: user=0.06 sys=0.00, real=0.01 secs] 
2014-07-16T10:46:57.950+0000: 2340.958: [GC [PSYoungGen: 206349K->916K(247680K)] 559536K->354158K(934656K), 0.0081640 secs] [Times: user=0.05 sys=0.00, real=0.00 secs] 
2014-07-16T10:46:58.752+0000: 2341.760: [GC [PSYoungGen: 247636K->1030K(241792K)] 600878K->354336K(928768K), 0.0041100 secs] [Times: user=0.03 sys=0.00, real=0.00 secs] 
2014-07-16T10:46:59.518+0000: 2342.526: [GC [PSYoungGen: 241734K->562K(235520K)] 595040K->354012K(922496K), 0.0069030 secs] [Times: user=0.02 sys=0.01, real=0.01 secs] 
2014-07-16T10:47:00.287+0000: 2343.295: [GC [PSYoungGen: 235479K->1086K(230464K)] 588929K->354642K(917440K), 0.0055990 secs] [Times: user=0.02 sys=0.00, real=0.01 secs] 
2014-07-16T10:47:01.061+0000: 2344.069: [GC [PSYoungGen: 230462K->958K(224960K)] 584018K->354762K(911936K), 0.0041920 secs] [Times: user=0.02 sys=0.00, real=0.00 secs] 
2014-07-16T10:47:01.853+0000: 2344.861: [GC [PSYoungGen: 224958K->1026K(219904K)] 578762K->354886K(906880K), 0.0108910 secs] [Times: user=0.06 sys=0.00, real=0.01 secs] 
2014-07-16T10:47:02.528+0000: 2345.537: [GC [PSYoungGen: 219842K->830K(214656K)] 573702K->354902K(901632K), 0.0082170 secs] [Times: user=0.05 sys=0.00, real=0.01 secs] 
2014-07-16T10:47:03.251+0000: 2346.259: [GC [PSYoungGen: 214654K->1086K(257728K)] 568726K->355238K(944704K), 0.0095470 secs] [Times: user=0.07 sys=0.00, real=0.01 secs] 
2014-07-16T10:47:04.061+0000: 2347.069: [GC [PSYoungGen: 257700K->672K(250944K)] 611853K->354904K(937920K), 0.0059040 secs] [Times: user=0.03 sys=0.00, real=0.00 secs] 
2014-07-16T10:47:04.924+0000: 2347.932: [GC [PSYoungGen: 250912K->544K(300864K)] 605144K->354840K(987840K), 0.0101020 secs] [Times: user=0.07 sys=0.01, real=0.01 secs] 
2014-07-16T10:47:05.981+0000: 2348.990: [GC [PSYoungGen: 300832K->544K(292800K)] 655128K->354904K(979776K), 0.0036290 secs] [Times: user=0.02 sys=0.00, real=0.00 secs] 
2014-07-16T10:47:07.045+0000: 2350.054: [GC [PSYoungGen: 292768K->694K(285184K)] 647128K->355110K(972160K), 0.0079900 secs] [Times: user=0.05 sys=0.00, real=0.01 secs] 
2014-07-16T10:47:07.964+0000: 2350.973: [GC [PSYoungGen: 285174K->804K(277888K)] 639590K->355300K(964864K), 0.0121240 secs] [Times: user=0.07 sys=0.00, real=0.01 secs] 
2014-07-16T10:47:08.890+0000: 2351.899: [GC [PSYoungGen: 277841K->822K(270720K)] 632338K->355406K(957696K), 0.0072590 secs] [Times: user=0.03 sys=0.00, real=0.01 secs] 
2014-07-16T10:47:09.738+0000: 2352.747: [GC [PSYoungGen: 270680K->904K(264000K)] 625264K->355568K(950976K), 0.0061220 secs] [Times: user=0.03 sys=0.00, real=0.01 secs] 
2014-07-16T10:47:10.579+0000: 2353.588: [GC [PSYoungGen: 263944K->612K(257088K)] 618608K->355332K(944064K), 0.0098310 secs] [Times: user=0.06 sys=0.00, real=0.01 secs] 
2014-07-16T10:47:11.401+0000: 2354.409: [GC [PSYoungGen: 257060K->740K(308544K)] 611780K->355516K(995520K), 0.0116620 secs] [Times: user=0.08 sys=0.00, real=0.02 secs] 
2014-07-16T10:47:12.467+0000: 2355.476: [GC [PSYoungGen: 308516K->1150K(300608K)] 663292K->355998K(987584K), 0.0042690 secs] [Times: user=0.02 sys=0.00, real=0.01 secs] 
2014-07-16T10:47:13.443+0000: 2356.451: [GC [PSYoungGen: 300606K->644K(292160K)] 655454K->355548K(979136K), 0.0080640 secs] [Times: user=0.05 sys=0.00, real=0.01 secs] 
2014-07-16T10:47:14.376+0000: 2357.384: [GC [PSYoungGen: 292100K->1340K(285120K)] 647004K->356432K(972096K), 0.0036370 secs] [Times: user=0.02 sys=0.01, real=0.00 secs] 
2014-07-16T10:47:15.377+0000: 2358.385: [GC [PSYoungGen: 285116K->674K(277056K)] 640208K->356229K(964032K), 0.0053710 secs] [Times: user=0.02 sys=0.00, real=0.01 secs] 
2014-07-16T10:47:16.313+0000: 2359.322: [GC [PSYoungGen: 277026K->1536K(270848K)] 632581K->357163K(957824K), 0.0050240 secs] [Times: user=0.03 sys=0.00, real=0.00 secs] 
2014-07-16T10:47:17.262+0000: 2360.271: [GC [PSYoungGen: 270784K->952K(263360K)] 626411K->357509K(950336K), 0.0052800 secs] [Times: user=0.02 sys=0.01, real=0.00 secs] 
2014-07-16T10:47:18.134+0000: 2361.143: [GC [PSYoungGen: 263352K->1550K(257408K)] 619909K->358187K(944384K), 0.0046160 secs] [Times: user=0.02 sys=0.00, real=0.00 secs] 
2014-07-16T10:47:18.944+0000: 2361.952: [GC [PSYoungGen: 257358K->512K(249984K)] 613995K->357337K(936960K), 0.0088230 secs] [Times: user=0.05 sys=0.00, real=0.01 secs] 
2014-07-16T10:47:19.742+0000: 2362.751: [GC [PSYoungGen: 249903K->630K(244032K)] 606729K->357511K(931008K), 0.0134300 secs] [Times: user=0.10 sys=0.00, real=0.01 secs] 
2014-07-16T10:47:20.528+0000: 2363.537: [GC [PSYoungGen: 244021K->786K(238336K)] 600903K->357747K(925312K), 0.0077470 secs] [Times: user=0.05 sys=0.00, real=0.01 secs] 
2014-07-16T10:47:21.290+0000: 2364.299: [GC [PSYoungGen: 238242K->854K(232768K)] 595203K->357903K(919744K), 0.0066190 secs] [Times: user=0.04 sys=0.00, real=0.01 secs] 
2014-07-16T10:47:22.231+0000: 2365.240: [GC [PSYoungGen: 232726K->876K(227328K)] 589775K->357989K(914304K), 0.0060380 secs] [Times: user=0.04 sys=0.00, real=0.01 secs] 
2014-07-16T10:47:22.941+0000: 2365.950: [GC [PSYoungGen: 227308K->1118K(222336K)] 584421K->358295K(909312K), 0.0046870 secs] [Times: user=0.02 sys=0.00, real=0.01 secs] 
2014-07-16T10:47:23.716+0000: 2366.725: [GC [PSYoungGen: 222302K->1196K(217344K)] 579479K->358461K(904320K), 0.0087900 secs] [Times: user=0.06 sys=0.01, real=0.01 secs] 
2014-07-16T10:47:24.536+0000: 2367.545: [GC [PSYoungGen: 217324K->1132K(212352K)] 574589K->358477K(899328K), 0.0058290 secs] [Times: user=0.03 sys=0.00, real=0.00 secs] 
2014-07-16T10:47:25.298+0000: 2368.306: [GC [PSYoungGen: 212299K->990K(207488K)] 569645K->358431K(894464K), 0.0033250 secs] [Times: user=0.02 sys=0.00, real=0.00 secs] 
2014-07-16T10:47:25.959+0000: 2368.967: [GC [PSYoungGen: 207419K->594K(202560K)] 564860K->358075K(889536K), 0.0101980 secs] [Times: user=0.06 sys=0.00, real=0.01 secs] 
2014-07-16T10:47:26.739+0000: 2369.747: [GC [PSYoungGen: 202514K->804K(198336K)] 559995K->358341K(885312K), 0.0083610 secs] [Times: user=0.05 sys=0.00, real=0.01 secs] 
2014-07-16T10:47:27.511+0000: 2370.519: [GC [PSYoungGen: 198308K->1012K(194304K)] 555845K->358613K(881280K), 0.0045310 secs] [Times: user=0.02 sys=0.00, real=0.01 secs] 
2014-07-16T10:47:28.128+0000: 2371.137: [GC [PSYoungGen: 194292K->466K(189696K)] 551893K->358123K(876672K), 0.0072430 secs] [Times: user=0.04 sys=0.00, real=0.01 secs] 
2014-07-16T10:47:28.731+0000: 2371.740: [GC [PSYoungGen: 189650K->812K(186048K)] 547307K->358533K(873024K), 0.0040580 secs] [Times: user=0.02 sys=0.00, real=0.01 secs] 
2014-07-16T10:47:29.333+0000: 2372.341: [GC [PSYoungGen: 186028K->576K(181952K)] 543749K->358369K(868928K), 0.0089540 secs] [Times: user=0.06 sys=0.01, real=0.01 secs] 
2014-07-16T10:47:29.905+0000: 2372.913: [GC [PSYoungGen: 181951K->598K(218304K)] 539745K->358447K(905280K), 0.0086330 secs] [Times: user=0.05 sys=0.00, real=0.00 secs] 
2014-07-16T10:47:30.613+0000: 2373.621: [GC [PSYoungGen: 218262K->1012K(262272K)] 576111K->358909K(949248K), 0.0075220 secs] [Times: user=0.04 sys=0.01, real=0.01 secs] 
2014-07-16T10:47:31.474+0000: 2374.483: [GC [PSYoungGen: 262260K->544K(255296K)] 620157K->358505K(942272K), 0.0056330 secs] [Times: user=0.04 sys=0.00, real=0.00 secs] 
2014-07-16T10:47:32.418+0000: 2375.426: [GC [PSYoungGen: 255226K->872K(306560K)] 613187K->358921K(993536K), 0.0109990 secs] [Times: user=0.07 sys=0.00, real=0.01 secs] 
2014-07-16T10:47:33.438+0000: 2376.446: [GC [PSYoungGen: 306536K->1458K(298880K)] 664585K->359645K(985856K), 0.0068850 secs] [Times: user=0.04 sys=0.01, real=0.01 secs] 
2014-07-16T10:47:34.463+0000: 2377.471: [GC [PSYoungGen: 298866K->616K(290112K)] 657053K->359041K(977088K), 0.0055030 secs] [Times: user=0.03 sys=0.00, real=0.01 secs] 
2014-07-16T10:47:35.491+0000: 2378.499: [GC [PSYoungGen: 290088K->978K(282880K)] 648513K->359507K(969856K), 0.0085940 secs] [Times: user=0.05 sys=0.00, real=0.01 secs] 
2014-07-16T10:47:36.457+0000: 2379.465: [GC [PSYoungGen: 282834K->1290K(275840K)] 641363K->359875K(962816K), 0.0076150 secs] [Times: user=0.04 sys=0.00, real=0.00 secs] 
2014-07-16T10:47:37.511+0000: 2380.519: [GC [PSYoungGen: 275786K->1094K(268608K)] 634371K->359743K(955584K), 0.0044870 secs] [Times: user=0.02 sys=0.00, real=0.01 secs] 
2014-07-16T10:47:38.434+0000: 2381.443: [GC [PSYoungGen: 268550K->884K(261568K)] 627199K->359815K(948544K), 0.0045150 secs] [Times: user=0.02 sys=0.01, real=0.01 secs] 
2014-07-16T10:47:39.301+0000: 2382.309: [GC [PSYoungGen: 261540K->1290K(255488K)] 620472K->360301K(942464K), 0.0072500 secs] [Times: user=0.04 sys=0.00, real=0.01 secs] 
2014-07-16T10:47:40.139+0000: 2383.148: [GC [PSYoungGen: 255434K->658K(248576K)] 614445K->359949K(935552K), 0.0078120 secs] [Times: user=0.06 sys=0.00, real=0.01 secs] 
2014-07-16T10:47:40.934+0000: 2383.942: [GC [PSYoungGen: 248530K->740K(242624K)] 607821K->360103K(929600K), 0.0067020 secs] [Times: user=0.04 sys=0.00, real=0.01 secs] 
2014-07-16T10:47:41.752+0000: 2384.760: [GC [PSYoungGen: 242596K->832K(236864K)] 601959K->360251K(923840K), 0.0046010 secs] [Times: user=0.03 sys=0.00, real=0.01 secs] 
2014-07-16T10:47:42.595+0000: 2385.604: [GC [PSYoungGen: 236864K->960K(231360K)] 596283K->360467K(918336K), 0.0139590 secs] [Times: user=0.09 sys=0.00, real=0.02 secs] 
2014-07-16T10:47:43.372+0000: 2386.380: [GC [PSYoungGen: 231360K->1596K(226624K)] 590867K->361199K(913600K), 0.0069950 secs] [Times: user=0.04 sys=0.01, real=0.01 secs] 
2014-07-16T10:47:44.164+0000: 2387.172: [GC [PSYoungGen: 226620K->1332K(221184K)] 586223K->361039K(908160K), 0.0039640 secs] [Times: user=0.02 sys=0.00, real=0.01 secs] 
2014-07-16T10:47:44.957+0000: 2387.966: [GC [PSYoungGen: 221172K->644K(215488K)] 580879K->360431K(902464K), 0.0040000 secs] [Times: user=0.02 sys=0.00, real=0.00 secs] 
2014-07-16T10:47:45.686+0000: 2388.695: [GC [PSYoungGen: 215428K->1050K(211008K)] 575215K->360901K(897984K), 0.0060720 secs] [Times: user=0.04 sys=0.00, real=0.00 secs] 
2014-07-16T10:47:46.410+0000: 2389.418: [GC [PSYoungGen: 210942K->804K(206080K)] 570794K->360751K(893056K), 0.0060620 secs] [Times: user=0.04 sys=0.00, real=0.00 secs] 
2014-07-16T10:47:47.140+0000: 2390.148: [GC [PSYoungGen: 206052K->908K(201664K)] 565999K->360927K(888640K), 0.0047350 secs] [Times: user=0.02 sys=0.00, real=0.00 secs] 
2014-07-16T10:47:47.828+0000: 2390.837: [GC [PSYoungGen: 201612K->754K(197120K)] 561631K->360861K(884096K), 0.0061350 secs] [Times: user=0.04 sys=0.00, real=0.00 secs] 
2014-07-16T10:47:48.527+0000: 2391.536: [GC [PSYoungGen: 197090K->950K(193088K)] 557198K->361145K(880064K), 0.0080560 secs] [Times: user=0.04 sys=0.00, real=0.00 secs] 
2014-07-16T10:47:49.179+0000: 2392.188: [GC [PSYoungGen: 193076K->722K(231360K)] 553272K->361013K(918336K), 0.0103220 secs] [Times: user=0.07 sys=0.00, real=0.01 secs] 
2014-07-16T10:47:49.986+0000: 2392.994: [GC [PSYoungGen: 231314K->1108K(277888K)] 591605K->361447K(964864K), 0.0099540 secs] [Times: user=0.06 sys=0.00, real=0.01 secs] 
2014-07-16T10:47:50.896+0000: 2393.905: [GC [PSYoungGen: 277844K->1004K(270656K)] 638183K->361439K(957632K), 0.0058210 secs] [Times: user=0.03 sys=0.00, real=0.01 secs] 
2014-07-16T10:47:51.788+0000: 2394.796: [GC [PSYoungGen: 270636K->780K(263616K)] 631071K->361271K(950592K), 0.0036600 secs] [Times: user=0.02 sys=0.00, real=0.00 secs] 
2014-07-16T10:47:52.847+0000: 2395.855: [GC [PSYoungGen: 263564K->694K(256896K)] 624055K->361233K(943872K), 0.0070690 secs] [Times: user=0.05 sys=0.01, real=0.01 secs] 
2014-07-16T10:47:53.771+0000: 2396.779: [GC [PSYoungGen: 256886K->1044K(250944K)] 617425K->361639K(937920K), 0.0108220 secs] [Times: user=0.07 sys=0.01, real=0.01 secs] 
2014-07-16T10:47:54.615+0000: 2397.623: [GC [PSYoungGen: 250900K->1108K(244864K)] 611495K->361767K(931840K), 0.0073920 secs] [Times: user=0.05 sys=0.00, real=0.01 secs] 
2014-07-16T10:47:55.503+0000: 2398.511: [GC [PSYoungGen: 244807K->862K(238720K)] 605466K->361577K(925696K), 0.0032760 secs] [Times: user=0.02 sys=0.00, real=0.00 secs] 
2014-07-16T10:47:56.330+0000: 2399.338: [GC [PSYoungGen: 238686K->960K(233088K)] 599401K->361795K(920064K), 0.0120370 secs] [Times: user=0.09 sys=0.00, real=0.01 secs] 
2014-07-16T10:47:57.084+0000: 2400.092: [GC [PSYoungGen: 233088K->758K(227456K)] 593923K->361665K(914432K), 0.0095170 secs] [Times: user=0.06 sys=0.00, real=0.01 secs] 
2014-07-16T10:47:57.985+0000: 2400.994: [GC [PSYoungGen: 227408K->972K(222464K)] 588315K->361975K(909440K), 0.0067370 secs] [Times: user=0.02 sys=0.00, real=0.01 secs] 
2014-07-16T10:47:58.699+0000: 2401.708: [GC [PSYoungGen: 222412K->498K(266240K)] 583415K->361573K(953216K), 0.0108850 secs] [Times: user=0.07 sys=0.00, real=0.01 secs] 
2014-07-16T10:47:59.542+0000: 2402.551: [GC [PSYoungGen: 266226K->1172K(260224K)] 627301K->362335K(947200K), 0.0060680 secs] [Times: user=0.04 sys=0.00, real=0.01 secs] 
2014-07-16T10:48:00.377+0000: 2403.385: [GC [PSYoungGen: 260180K->1444K(254016K)] 621343K->362727K(940992K), 0.0077340 secs] [Times: user=0.04 sys=0.00, real=0.01 secs] 
2014-07-16T10:48:01.202+0000: 2404.210: [GC [PSYoungGen: 253973K->306K(295296K)] 615257K->362277K(982272K), 0.0172530 secs] [Times: user=0.12 sys=0.00, real=0.02 secs] 
2014-07-16T10:48:02.141+0000: 2405.150: [GC [PSYoungGen: 295282K->1578K(296576K)] 657253K->363972K(983552K), 0.0059600 secs] [Times: user=0.02 sys=0.00, real=0.00 secs] 
2014-07-16T10:48:03.238+0000: 2406.246: [GC [PSYoungGen: 296554K->1094K(288320K)] 658948K->364038K(975296K), 0.0072810 secs] [Times: user=0.04 sys=0.00, real=0.01 secs] 
2014-07-16T10:48:04.200+0000: 2407.209: [GC [PSYoungGen: 288262K->808K(280448K)] 651206K->363832K(967424K), 0.0058180 secs] [Times: user=0.03 sys=0.00, real=0.00 secs] 
2014-07-16T10:48:05.154+0000: 2408.162: [GC [PSYoungGen: 280424K->882K(273280K)] 643448K->363978K(960256K), 0.0124080 secs] [Times: user=0.08 sys=0.00, real=0.01 secs] 
2014-07-16T10:48:06.068+0000: 2409.077: [GC [PSYoungGen: 273266K->940K(266368K)] 636362K->364084K(953344K), 0.0091960 secs] [Times: user=0.04 sys=0.00, real=0.01 secs] 
2014-07-16T10:48:06.963+0000: 2409.971: [GC [PSYoungGen: 266348K->832K(259520K)] 629492K->364032K(946496K), 0.0045710 secs] [Times: user=0.02 sys=0.00, real=0.00 secs] 
2014-07-16T10:48:07.932+0000: 2410.941: [GC [PSYoungGen: 259487K->1008K(253248K)] 622687K->364264K(940224K), 0.0105870 secs] [Times: user=0.06 sys=0.00, real=0.01 secs] 
2014-07-16T10:48:08.712+0000: 2411.720: [GC [PSYoungGen: 253231K->580K(246656K)] 616487K->363892K(933632K), 0.0074430 secs] [Times: user=0.05 sys=0.00, real=0.00 secs] 
2014-07-16T10:48:09.501+0000: 2412.509: [GC [PSYoungGen: 246596K->640K(240704K)] 609908K->363992K(927680K), 0.0058540 secs] [Times: user=0.03 sys=0.01, real=0.00 secs] 
2014-07-16T10:48:10.280+0000: 2413.289: [GC [PSYoungGen: 240694K->908K(235264K)] 604046K->364324K(922240K), 0.0076330 secs] [Times: user=0.05 sys=0.00, real=0.00 secs] 
2014-07-16T10:48:10.989+0000: 2413.997: [GC [PSYoungGen: 235212K->498K(229248K)] 598628K->363978K(916224K), 0.0068720 secs] [Times: user=0.04 sys=0.00, real=0.01 secs] 
2014-07-16T10:48:11.734+0000: 2414.743: [GC [PSYoungGen: 229205K->626K(224000K)] 592685K->364170K(910976K), 0.0069040 secs] [Times: user=0.03 sys=0.00, real=0.01 secs] 
2014-07-16T10:48:12.450+0000: 2415.458: [GC [PSYoungGen: 223986K->772K(219008K)] 587530K->364404K(905984K), 0.0036090 secs] [Times: user=0.02 sys=0.00, real=0.01 secs] 
2014-07-16T10:48:13.236+0000: 2416.244: [GC [PSYoungGen: 218933K->544K(213760K)] 582565K->364232K(900736K), 0.0077640 secs] [Times: user=0.05 sys=0.00, real=0.01 secs] 
2014-07-16T10:48:13.917+0000: 2416.926: [GC [PSYoungGen: 213728K->1122K(209536K)] 577416K->364882K(896512K), 0.0037260 secs] [Times: user=0.02 sys=0.00, real=0.01 secs] 
2014-07-16T10:48:14.600+0000: 2417.609: [GC [PSYoungGen: 209506K->858K(204672K)] 573266K->364698K(891648K), 0.0071930 secs] [Times: user=0.03 sys=0.00, real=0.01 secs] 
2014-07-16T10:48:15.295+0000: 2418.304: [GC [PSYoungGen: 204634K->754K(200064K)] 568474K->364650K(887040K), 0.0046100 secs] [Times: user=0.02 sys=0.00, real=0.00 secs] 
2014-07-16T10:48:16.016+0000: 2419.024: [GC [PSYoungGen: 200036K->1290K(240512K)] 563932K->365242K(927488K), 0.0140690 secs] [Times: user=0.08 sys=0.00, real=0.01 secs] 
2014-07-16T10:48:16.844+0000: 2419.853: [GC [PSYoungGen: 240458K->1004K(234496K)] 604410K->365044K(921472K), 0.0051010 secs] [Times: user=0.03 sys=0.00, real=0.00 secs] 
2014-07-16T10:48:17.830+0000: 2420.838: [GC [PSYoungGen: 234476K->740K(228736K)] 598516K->365020K(915712K), 0.0037610 secs] [Times: user=0.02 sys=0.00, real=0.01 secs] 
2014-07-16T10:48:18.610+0000: 2421.618: [GC [PSYoungGen: 228707K->958K(223616K)] 592987K->365286K(910592K), 0.0043870 secs] [Times: user=0.02 sys=0.00, real=0.01 secs] 
2014-07-16T10:48:19.338+0000: 2422.346: [GC [PSYoungGen: 223614K->944K(218496K)] 587942K->365442K(905472K), 0.0032950 secs] [Times: user=0.02 sys=0.01, real=0.01 secs] 
2014-07-16T10:48:20.025+0000: 2423.033: [GC [PSYoungGen: 218480K->1090K(213760K)] 582978K->365692K(900736K), 0.0084680 secs] [Times: user=0.05 sys=0.00, real=0.01 secs] 
2014-07-16T10:48:20.763+0000: 2423.771: [GC [PSYoungGen: 213698K->766K(208576K)] 578300K->365698K(895552K), 0.0081790 secs] [Times: user=0.05 sys=0.00, real=0.00 secs] 
2014-07-16T10:48:21.449+0000: 2424.457: [GC [PSYoungGen: 208555K->1446K(204672K)] 573487K->367298K(891648K), 0.0050510 secs] [Times: user=0.03 sys=0.01, real=0.01 secs] 
2014-07-16T10:48:22.088+0000: 2425.096: [GC [PSYoungGen: 204621K->752K(199552K)] 570474K->367026K(886528K), 0.0064870 secs] [Times: user=0.04 sys=0.00, real=0.01 secs] 
2014-07-16T10:48:22.879+0000: 2425.887: [GC [PSYoungGen: 199536K->1416K(195968K)] 565810K->367788K(882944K), 0.0100670 secs] [Times: user=0.06 sys=0.00, real=0.01 secs] 
2014-07-16T10:48:23.460+0000: 2426.469: [GC [PSYoungGen: 195912K->698K(191040K)] 562284K->367382K(878016K), 0.0029770 secs] [Times: user=0.02 sys=0.00, real=0.01 secs] 
2014-07-16T10:48:24.087+0000: 2427.095: [GC [PSYoungGen: 191034K->658K(187008K)] 557718K->367382K(873984K), 0.0052360 secs] [Times: user=0.02 sys=0.00, real=0.01 secs] 
2014-07-16T10:48:24.724+0000: 2427.732: [GC [PSYoungGen: 186962K->676K(183104K)] 553686K->367488K(870080K), 0.0085120 secs] [Times: user=0.05 sys=0.00, real=0.01 secs] 
2014-07-16T10:48:25.339+0000: 2428.347: [GC [PSYoungGen: 183076K->612K(179264K)] 549888K->367488K(866240K), 0.0064750 secs] [Times: user=0.04 sys=0.00, real=0.01 secs] 
2014-07-16T10:48:25.952+0000: 2428.960: [GC [PSYoungGen: 179236K->1086K(215488K)] 546112K->368018K(902464K), 0.0130740 secs] [Times: user=0.09 sys=0.01, real=0.02 secs] 
2014-07-16T10:48:26.687+0000: 2429.696: [GC [PSYoungGen: 215486K->1276K(258560K)] 582418K->368280K(945536K), 0.0066100 secs] [Times: user=0.04 sys=0.00, real=0.01 secs] 
2014-07-16T10:48:27.568+0000: 2430.577: [GC [PSYoungGen: 258556K->868K(309632K)] 625560K->367952K(996608K), 0.0063780 secs] [Times: user=0.02 sys=0.00, real=0.01 secs] 
2014-07-16T10:48:28.852+0000: 2431.861: [GC [PSYoungGen: 309604K->1336K(301696K)] 676688K->368476K(988672K), 0.0061660 secs] [Times: user=0.02 sys=0.01, real=0.01 secs] 
2014-07-16T10:48:29.762+0000: 2432.770: [GC [PSYoungGen: 301688K->576K(292864K)] 668828K->367820K(979840K), 0.0066210 secs] [Times: user=0.04 sys=0.00, real=0.01 secs] 
2014-07-16T10:48:30.727+0000: 2433.735: [GC [PSYoungGen: 292819K->862K(285440K)] 660064K->368178K(972416K), 0.0136750 secs] [Times: user=0.10 sys=0.00, real=0.01 secs] 
2014-07-16T10:48:31.618+0000: 2434.627: [GC [PSYoungGen: 285406K->730K(277888K)] 652722K->368126K(964864K), 0.0081250 secs] [Times: user=0.04 sys=0.00, real=0.01 secs] 
2014-07-16T10:48:32.523+0000: 2435.532: [GC [PSYoungGen: 277850K->1044K(271040K)] 645246K->368520K(958016K), 0.0040630 secs] [Times: user=0.01 sys=0.01, real=0.00 secs] 
2014-07-16T10:48:33.466+0000: 2436.474: [GC [PSYoungGen: 270996K->1190K(264320K)] 638472K->368698K(951296K), 0.0044670 secs] [Times: user=0.02 sys=0.00, real=0.00 secs] 
2014-07-16T10:48:34.292+0000: 2437.300: [GC [PSYoungGen: 264294K->690K(257216K)] 631802K->368294K(944192K), 0.0080860 secs] [Times: user=0.05 sys=0.01, real=0.01 secs] 
2014-07-16T10:48:35.148+0000: 2438.156: [GC [PSYoungGen: 257202K->480K(250688K)] 624806K->368148K(937664K), 0.0078980 secs] [Times: user=0.05 sys=0.00, real=0.01 secs] 
2014-07-16T10:48:35.950+0000: 2438.959: [GC [PSYoungGen: 250631K->984K(245056K)] 618300K->368700K(932032K), 0.0039710 secs] [Times: user=0.01 sys=0.00, real=0.01 secs] 
2014-07-16T10:48:36.782+0000: 2439.790: [GC [PSYoungGen: 245016K->758K(238912K)] 612732K->368546K(925888K), 0.0061830 secs] [Times: user=0.03 sys=0.00, real=0.01 secs] 
2014-07-16T10:48:37.566+0000: 2440.575: [GC [PSYoungGen: 238902K->576K(233024K)] 606690K->368436K(920000K), 0.0079650 secs] [Times: user=0.05 sys=0.00, real=0.01 secs] 
2014-07-16T10:48:38.447+0000: 2441.455: [GC [PSYoungGen: 232995K->1044K(228032K)] 600856K->368960K(915008K), 0.0060170 secs] [Times: user=0.04 sys=0.00, real=0.00 secs] 
2014-07-16T10:48:39.277+0000: 2442.286: [GC [PSYoungGen: 227967K->1576K(223232K)] 595883K->369580K(910208K), 0.0046650 secs] [Times: user=0.03 sys=0.00, real=0.00 secs] 
2014-07-16T10:48:40.006+0000: 2443.014: [GC [PSYoungGen: 223208K->566K(217088K)] 591212K->368782K(904064K), 0.0034780 secs] [Times: user=0.02 sys=0.00, real=0.00 secs] 
2014-07-16T10:48:40.670+0000: 2443.679: [GC [PSYoungGen: 217078K->894K(212480K)] 585294K->369190K(899456K), 0.0109350 secs] [Times: user=0.06 sys=0.01, real=0.01 secs] 
2014-07-16T10:48:41.350+0000: 2444.358: [GC [PSYoungGen: 212478K->544K(254528K)] 580774K->368896K(941504K), 0.0094250 secs] [Times: user=0.06 sys=0.00, real=0.01 secs] 
2014-07-16T10:48:42.167+0000: 2445.175: [GC [PSYoungGen: 254496K->448K(248128K)] 622848K->368856K(935104K), 0.0067360 secs] [Times: user=0.05 sys=0.00, real=0.00 secs] 
2014-07-16T10:48:42.987+0000: 2445.996: [GC [PSYoungGen: 248128K->690K(242368K)] 616536K->369138K(929344K), 0.0083230 secs] [Times: user=0.04 sys=0.01, real=0.01 secs] 
2014-07-16T10:48:43.976+0000: 2446.984: [GC [PSYoungGen: 242354K->562K(236416K)] 610802K->369074K(923392K), 0.0073300 secs] [Times: user=0.05 sys=0.00, real=0.00 secs] 
2014-07-16T10:48:44.764+0000: 2447.772: [GC [PSYoungGen: 236373K->1022K(231232K)] 604886K->369614K(918208K), 0.0085750 secs] [Times: user=0.06 sys=0.00, real=0.01 secs] 
2014-07-16T10:48:45.541+0000: 2448.549: [GC [PSYoungGen: 231230K->694K(225536K)] 599822K->369358K(912512K), 0.0032180 secs] [Times: user=0.02 sys=0.00, real=0.00 secs] 
2014-07-16T10:48:46.345+0000: 2449.353: [GC [PSYoungGen: 225526K->644K(220352K)] 594190K->369380K(907328K), 0.0079530 secs] [Times: user=0.05 sys=0.00, real=0.01 secs] 
2014-07-16T10:48:47.099+0000: 2450.107: [GC [PSYoungGen: 220242K->1240K(215936K)] 588978K->370080K(902912K), 0.0050070 secs] [Times: user=0.02 sys=0.00, real=0.00 secs] 
2014-07-16T10:48:47.810+0000: 2450.818: [GC [PSYoungGen: 215896K->876K(258496K)] 584736K->369772K(945472K), 0.0135870 secs] [Times: user=0.09 sys=0.00, real=0.01 secs] 
2014-07-16T10:48:48.838+0000: 2451.847: [GC [PSYoungGen: 258476K->544K(309696K)] 627372K->369496K(996672K), 0.0087880 secs] [Times: user=0.05 sys=0.01, real=0.01 secs] 
2014-07-16T10:48:49.950+0000: 2452.959: [GC [PSYoungGen: 309664K->808K(301568K)] 678616K->369816K(988544K), 0.0076300 secs] [Times: user=0.04 sys=0.00, real=0.01 secs] 
2014-07-16T10:48:50.950+0000: 2453.958: [GC [PSYoungGen: 301544K->1322K(294016K)] 670552K->370410K(980992K), 0.0082060 secs] [Times: user=0.05 sys=0.00, real=0.01 secs] 
2014-07-16T10:48:51.938+0000: 2454.947: [GC [PSYoungGen: 293994K->818K(285760K)] 663082K->370250K(972736K), 0.0038080 secs] [Times: user=0.02 sys=0.00, real=0.00 secs] 
2014-07-16T10:48:52.951+0000: 2455.960: [GC [PSYoungGen: 285746K->1654K(279168K)] 655178K->371388K(966144K), 0.0084050 secs] [Times: user=0.05 sys=0.00, real=0.01 secs] 
2014-07-16T10:48:53.930+0000: 2456.939: [GC [PSYoungGen: 279079K->850K(271232K)] 648814K->370788K(958208K), 0.0052020 secs] [Times: user=0.02 sys=0.00, real=0.00 secs] 
2014-07-16T10:48:54.831+0000: 2457.839: [GC [PSYoungGen: 271186K->708K(264192K)] 641124K->370734K(951168K), 0.0055270 secs] [Times: user=0.03 sys=0.00, real=0.00 secs] 
2014-07-16T10:48:55.680+0000: 2458.688: [GC [PSYoungGen: 264132K->1072K(257856K)] 634158K->371162K(944832K), 0.0086880 secs] [Times: user=0.05 sys=0.00, real=0.01 secs] 
2014-07-16T10:48:56.553+0000: 2459.561: [GC [PSYoungGen: 257840K->844K(251264K)] 627930K->370982K(938240K), 0.0082150 secs] [Times: user=0.03 sys=0.00, real=0.01 secs] 
2014-07-16T10:48:57.388+0000: 2460.396: [GC [PSYoungGen: 251212K->1300K(245568K)] 621350K->371502K(932544K), 0.0055440 secs] [Times: user=0.02 sys=0.00, real=0.00 secs] 
2014-07-16T10:48:58.260+0000: 2461.268: [GC [PSYoungGen: 245524K->1014K(239360K)] 615726K->371296K(926336K), 0.0083110 secs] [Times: user=0.06 sys=0.00, real=0.01 secs] 
2014-07-16T10:48:59.205+0000: 2462.213: [GC [PSYoungGen: 239350K->808K(233472K)] 609632K->371154K(920448K), 0.0084720 secs] [Times: user=0.06 sys=0.01, real=0.01 secs] 
2014-07-16T10:48:59.994+0000: 2463.002: [GC [PSYoungGen: 233432K->1218K(280448K)] 603778K->371636K(967424K), 0.0127940 secs] [Times: user=0.09 sys=0.01, real=0.01 secs] 
2014-07-16T10:49:00.869+0000: 2463.877: [GC [PSYoungGen: 280386K->608K(307392K)] 650804K->371074K(994368K), 0.0096130 secs] [Times: user=0.05 sys=0.00, real=0.01 secs] 
2014-07-16T10:49:01.867+0000: 2464.875: [GC [PSYoungGen: 306718K->576K(298432K)] 677185K->371114K(985408K), 0.0093550 secs] [Times: user=0.07 sys=0.00, real=0.01 secs] 
2014-07-16T10:49:02.833+0000: 2465.842: [GC [PSYoungGen: 298432K->986K(290944K)] 668970K->371596K(977920K), 0.0036370 secs] [Times: user=0.01 sys=0.00, real=0.00 secs] 
2014-07-16T10:49:03.835+0000: 2466.844: [GC [PSYoungGen: 290906K->512K(282816K)] 661516K->371178K(969792K), 0.0100850 secs] [Times: user=0.06 sys=0.00, real=0.01 secs] 
2014-07-16T10:49:04.777+0000: 2467.785: [GC [PSYoungGen: 282816K->862K(275840K)] 653482K->371616K(962816K), 0.0068040 secs] [Times: user=0.04 sys=0.00, real=0.01 secs] 
2014-07-16T10:49:05.670+0000: 2468.678: [GC [PSYoungGen: 275806K->886K(268800K)] 646560K->371696K(955776K), 0.0118020 secs] [Times: user=0.07 sys=0.00, real=0.01 secs] 
2014-07-16T10:49:06.593+0000: 2469.601: [GC [PSYoungGen: 268770K->1124K(262272K)] 639580K->371998K(949248K), 0.0046140 secs] [Times: user=0.02 sys=0.01, real=0.00 secs] 
2014-07-16T10:49:07.485+0000: 2470.494: [GC [PSYoungGen: 262244K->990K(255616K)] 633118K->371928K(942592K), 0.0047640 secs] [Times: user=0.02 sys=0.00, real=0.01 secs] 
2014-07-16T10:49:08.358+0000: 2471.367: [GC [PSYoungGen: 255573K->944K(249280K)] 626512K->372164K(936256K), 0.0046650 secs] [Times: user=0.02 sys=0.01, real=0.01 secs] 
2014-07-16T10:49:09.354+0000: 2472.362: [GC [PSYoungGen: 249234K->772K(243072K)] 620454K->372072K(930048K), 0.0066760 secs] [Times: user=0.04 sys=0.00, real=0.01 secs] 
2014-07-16T10:49:10.203+0000: 2473.211: [GC [PSYoungGen: 242992K->876K(237312K)] 614293K->372248K(924288K), 0.0079030 secs] [Times: user=0.05 sys=0.00, real=0.01 secs] 
2014-07-16T10:49:11.000+0000: 2474.008: [GC [PSYoungGen: 237292K->640K(231424K)] 608664K->372092K(918400K), 0.0068500 secs] [Times: user=0.04 sys=0.00, real=0.00 secs] 
2014-07-16T10:49:11.761+0000: 2474.769: [GC [PSYoungGen: 231424K->672K(226048K)] 602876K->372212K(913024K), 0.0088460 secs] [Times: user=0.06 sys=0.00, real=0.01 secs] 
2014-07-16T10:49:12.511+0000: 2475.520: [GC [PSYoungGen: 226016K->640K(271104K)] 597556K->372244K(958080K), 0.0111770 secs] [Times: user=0.06 sys=0.00, real=0.01 secs] 
2014-07-16T10:49:13.373+0000: 2476.381: [GC [PSYoungGen: 271104K->730K(299072K)] 642708K->372382K(986048K), 0.0107910 secs] [Times: user=0.07 sys=0.00, real=0.01 secs] 
2014-07-16T10:49:14.431+0000: 2477.440: [GC [PSYoungGen: 298458K->1168K(291008K)] 670110K->372908K(977984K), 0.0036970 secs] [Times: user=0.02 sys=0.00, real=0.00 secs] 
2014-07-16T10:49:15.382+0000: 2478.391: [GC [PSYoungGen: 290878K->178K(282368K)] 662618K->372456K(969344K), 0.0131770 secs] [Times: user=0.08 sys=0.00, real=0.01 secs] 
2014-07-16T10:49:16.312+0000: 2479.320: [GC [PSYoungGen: 282354K->1400K(276224K)] 654632K->373750K(963200K), 0.0069620 secs] [Times: user=0.05 sys=0.00, real=0.00 secs] 
2014-07-16T10:49:17.251+0000: 2480.259: [GC [PSYoungGen: 276179K->836K(297536K)] 648530K->373862K(984512K), 0.0144160 secs] [Times: user=0.10 sys=0.00, real=0.01 secs] 
2014-07-16T10:49:18.280+0000: 2481.288: [GC [PSYoungGen: 297062K->972K(289408K)] 670089K->374062K(976384K), 0.0073020 secs] [Times: user=0.05 sys=0.00, real=0.01 secs] 
2014-07-16T10:49:19.334+0000: 2482.343: [GC [PSYoungGen: 289356K->484K(281344K)] 662446K->373850K(968320K), 0.0070770 secs] [Times: user=0.05 sys=0.00, real=0.01 secs] 
2014-07-16T10:49:20.329+0000: 2483.338: [GC [PSYoungGen: 281275K->1396K(274944K)] 654642K->374925K(961920K), 0.0041570 secs] [Times: user=0.03 sys=0.00, real=0.01 secs] 
2014-07-16T10:49:21.227+0000: 2484.235: [GC [PSYoungGen: 274913K->854K(267392K)] 648442K->374663K(954368K), 0.0075040 secs] [Times: user=0.05 sys=0.00, real=0.01 secs] 
2014-07-16T10:49:22.078+0000: 2485.086: [GC [PSYoungGen: 267350K->986K(260800K)] 641159K->374859K(947776K), 0.0126910 secs] [Times: user=0.07 sys=0.00, real=0.01 secs] 
2014-07-16T10:49:22.938+0000: 2485.946: [GC [PSYoungGen: 260762K->726K(254080K)] 634635K->374663K(941056K), 0.0061860 secs] [Times: user=0.03 sys=0.00, real=0.01 secs] 
2014-07-16T10:49:23.733+0000: 2486.741: [GC [PSYoungGen: 254038K->562K(247616K)] 627975K->374531K(934592K), 0.0094990 secs] [Times: user=0.05 sys=0.00, real=0.01 secs] 
2014-07-16T10:49:24.656+0000: 2487.665: [GC [PSYoungGen: 247602K->694K(241728K)] 621571K->374735K(928704K), 0.0035350 secs] [Times: user=0.02 sys=0.00, real=0.00 secs] 
2014-07-16T10:49:25.429+0000: 2488.438: [GC [PSYoungGen: 241695K->994K(236288K)] 615736K->375099K(923264K), 0.0091060 secs] [Times: user=0.05 sys=0.01, real=0.01 secs] 
2014-07-16T10:49:26.220+0000: 2489.228: [GC [PSYoungGen: 236258K->466K(230208K)] 610363K->374627K(917184K), 0.0065380 secs] [Times: user=0.04 sys=0.00, real=0.01 secs] 
2014-07-16T10:49:26.984+0000: 2489.992: [GC [PSYoungGen: 230162K->466K(276160K)] 604323K->374659K(963136K), 0.0128070 secs] [Times: user=0.08 sys=0.00, real=0.01 secs] 
2014-07-16T10:49:27.910+0000: 2490.918: [GC [PSYoungGen: 276114K->994K(290944K)] 650307K->375227K(977920K), 0.0092830 secs] [Times: user=0.05 sys=0.00, real=0.01 secs] 
2014-07-16T10:49:28.859+0000: 2491.867: [GC [PSYoungGen: 290436K->1150K(283008K)] 664669K->375447K(969984K), 0.0058150 secs] [Times: user=0.02 sys=0.00, real=0.01 secs] 
2014-07-16T10:49:29.896+0000: 2492.904: [GC [PSYoungGen: 283006K->438K(274944K)] 657303K->375417K(961920K), 0.0039580 secs] [Times: user=0.02 sys=0.00, real=0.00 secs] 
2014-07-16T10:49:30.787+0000: 2493.796: [GC [PSYoungGen: 274934K->994K(268480K)] 649913K->376079K(955456K), 0.0088010 secs] [Times: user=0.06 sys=0.00, real=0.01 secs] 
2014-07-16T10:49:31.677+0000: 2494.685: [GC [PSYoungGen: 268450K->922K(261632K)] 643535K->376311K(948608K), 0.0063890 secs] [Times: user=0.04 sys=0.00, real=0.01 secs] 
2014-07-16T10:49:32.519+0000: 2495.527: [GC [PSYoungGen: 261593K->608K(254784K)] 636983K->376093K(941760K), 0.0048450 secs] [Times: user=0.02 sys=0.00, real=0.01 secs] 
2014-07-16T10:49:33.402+0000: 2496.411: [GC [PSYoungGen: 254751K->844K(248768K)] 630237K->376393K(935744K), 0.0037930 secs] [Times: user=0.02 sys=0.01, real=0.01 secs] 
2014-07-16T10:49:34.289+0000: 2497.297: [GC [PSYoungGen: 248688K->1154K(243072K)] 624237K->376791K(930048K), 0.0078770 secs] [Times: user=0.05 sys=0.00, real=0.01 secs] 
2014-07-16T10:49:35.035+0000: 2498.043: [GC [PSYoungGen: 242967K->886K(236928K)] 618604K->376595K(923904K), 0.0043220 secs] [Times: user=0.02 sys=0.00, real=0.00 secs] 
2014-07-16T10:49:35.780+0000: 2498.788: [GC [PSYoungGen: 236859K->662K(231104K)] 612569K->376435K(918080K), 0.0102440 secs] [Times: user=0.06 sys=0.00, real=0.01 secs] 
2014-07-16T10:49:36.533+0000: 2499.541: [GC [PSYoungGen: 231062K->940K(225984K)] 606835K->376809K(912960K), 0.0037820 secs] [Times: user=0.02 sys=0.00, real=0.01 secs] 
2014-07-16T10:49:37.330+0000: 2500.338: [GC [PSYoungGen: 225964K->894K(220736K)] 601833K->376811K(907712K), 0.0093890 secs] [Times: user=0.06 sys=0.00, real=0.01 secs] 
2014-07-16T10:49:38.147+0000: 2501.155: [GC [PSYoungGen: 220734K->1018K(215808K)] 596651K->377047K(902784K), 0.0045980 secs] [Times: user=0.02 sys=0.00, real=0.00 secs] 
2014-07-16T10:49:38.876+0000: 2501.884: [GC [PSYoungGen: 215782K->698K(210624K)] 591811K->376767K(897600K), 0.0123680 secs] [Times: user=0.08 sys=0.00, real=0.01 secs] 
2014-07-16T10:49:39.670+0000: 2502.679: [GC [PSYoungGen: 210594K->1126K(206400K)] 586663K->377293K(893376K), 0.0072780 secs] [Times: user=0.05 sys=0.00, real=0.01 secs] 
2014-07-16T10:49:40.371+0000: 2503.380: [GC [PSYoungGen: 206374K->1054K(201792K)] 582541K->377269K(888768K), 0.0039740 secs] [Times: user=0.02 sys=0.00, real=0.01 secs] 
2014-07-16T10:49:41.073+0000: 2504.081: [GC [PSYoungGen: 201745K->768K(197120K)] 577960K->377403K(884096K), 0.0072600 secs] [Times: user=0.04 sys=0.00, real=0.01 secs] 
2014-07-16T10:49:41.755+0000: 2504.764: [GC [PSYoungGen: 197120K->694K(192832K)] 573755K->377385K(879808K), 0.0069010 secs] [Times: user=0.04 sys=0.00, real=0.00 secs] 
2014-07-16T10:49:42.407+0000: 2505.415: [GC [PSYoungGen: 192822K->612K(231232K)] 569513K->377343K(918208K), 0.0135760 secs] [Times: user=0.08 sys=0.00, real=0.01 secs] 
2014-07-16T10:49:43.208+0000: 2506.216: [GC [PSYoungGen: 231204K->1440K(278208K)] 607935K->378251K(965184K), 0.0078330 secs] [Times: user=0.04 sys=0.00, real=0.01 secs] 
2014-07-16T10:49:44.215+0000: 2507.224: [GC [PSYoungGen: 278176K->866K(279808K)] 654987K->377905K(966784K), 0.0078630 secs] [Times: user=0.05 sys=0.00, real=0.00 secs] 
2014-07-16T10:49:45.144+0000: 2508.152: [GC [PSYoungGen: 279778K->994K(280576K)] 656817K->378081K(967552K), 0.0082910 secs] [Times: user=0.05 sys=0.00, real=0.00 secs] 
2014-07-16T10:49:46.099+0000: 2509.107: [GC [PSYoungGen: 279906K->972K(272704K)] 656993K->378139K(959680K), 0.0086660 secs] [Times: user=0.06 sys=0.00, real=0.01 secs] 
2014-07-16T10:49:46.979+0000: 2509.987: [GC [PSYoungGen: 272652K->512K(265280K)] 649819K->377727K(952256K), 0.0036090 secs] [Times: user=0.02 sys=0.00, real=0.00 secs] 
2014-07-16T10:49:47.834+0000: 2510.842: [GC [PSYoungGen: 265280K->562K(258688K)] 642495K->377825K(945664K), 0.0083420 secs] [Times: user=0.05 sys=0.01, real=0.01 secs] 
2014-07-16T10:49:48.689+0000: 2511.697: [GC [PSYoungGen: 258674K->1076K(252800K)] 635937K->378395K(939776K), 0.0043930 secs] [Times: user=0.03 sys=0.00, real=0.00 secs] 
2014-07-16T10:49:49.657+0000: 2512.665: [GC [PSYoungGen: 252788K->1030K(246592K)] 630107K->378381K(933568K), 0.0047450 secs] [Times: user=0.01 sys=0.00, real=0.00 secs] 
2014-07-16T10:49:50.482+0000: 2513.491: [GC [PSYoungGen: 246534K->1518K(241088K)] 623885K->379007K(928064K), 0.0082100 secs] [Times: user=0.05 sys=0.00, real=0.01 secs] 
2014-07-16T10:49:51.307+0000: 2514.316: [GC [PSYoungGen: 241070K->498K(234304K)] 618559K->378323K(921280K), 0.0058590 secs] [Times: user=0.03 sys=0.00, real=0.00 secs] 
2014-07-16T10:49:52.088+0000: 2515.097: [GC [PSYoungGen: 234290K->836K(229184K)] 612115K->378757K(916160K), 0.0067870 secs] [Times: user=0.03 sys=0.00, real=0.01 secs] 
2014-07-16T10:49:52.862+0000: 2515.870: [GC [PSYoungGen: 229124K->804K(223808K)] 607045K->378905K(910784K), 0.0035480 secs] [Times: user=0.02 sys=0.00, real=0.00 secs] 
2014-07-16T10:49:53.584+0000: 2516.592: [GC [PSYoungGen: 223780K->626K(218496K)] 601881K->378799K(905472K), 0.0058430 secs] [Times: user=0.03 sys=0.00, real=0.01 secs] 
2014-07-16T10:49:54.401+0000: 2517.409: [GC [PSYoungGen: 218476K->1132K(214080K)] 596649K->379353K(901056K), 0.0049830 secs] [Times: user=0.02 sys=0.00, real=0.01 secs] 
2014-07-16T10:49:55.111+0000: 2518.119: [GC [PSYoungGen: 214060K->1232K(209408K)] 592281K->379549K(896384K), 0.0106860 secs] [Times: user=0.07 sys=0.00, real=0.01 secs] 
2014-07-16T10:49:55.772+0000: 2518.781: [GC [PSYoungGen: 209350K->644K(204224K)] 587668K->379025K(891200K), 0.0062210 secs] [Times: user=0.04 sys=0.00, real=0.01 secs] 
2014-07-16T10:49:56.448+0000: 2519.457: [GC [PSYoungGen: 204064K->958K(245184K)] 582445K->379419K(932160K), 0.0097340 secs] [Times: user=0.07 sys=0.00, real=0.01 secs] 
2014-07-16T10:49:57.251+0000: 2520.259: [GC [PSYoungGen: 245182K->630K(293760K)] 623643K->379155K(980736K), 0.0096680 secs] [Times: user=0.06 sys=0.01, real=0.01 secs] 
2014-07-16T10:49:58.192+0000: 2521.200: [GC [PSYoungGen: 293750K->882K(326592K)] 672275K->379471K(1013568K), 0.0098340 secs] [Times: user=0.06 sys=0.00, real=0.01 secs] 
2014-07-16T10:49:59.249+0000: 2522.258: [GC [PSYoungGen: 325874K->932K(316928K)] 704463K->379609K(1003904K), 0.0083280 secs] [Times: user=0.05 sys=0.00, real=0.01 secs] 
2014-07-16T10:50:00.537+0000: 2523.545: [GC [PSYoungGen: 316900K->1036K(308416K)] 695577K->379801K(995392K), 0.0062070 secs] [Times: user=0.03 sys=0.00, real=0.00 secs] 
2014-07-16T10:50:01.617+0000: 2524.625: [GC [PSYoungGen: 308356K->498K(299520K)] 687121K->379327K(986496K), 0.0061450 secs] [Times: user=0.04 sys=0.00, real=0.00 secs] 
2014-07-16T10:50:02.558+0000: 2525.566: [GC [PSYoungGen: 299506K->626K(291648K)] 678335K->379511K(978624K), 0.0138110 secs] [Times: user=0.08 sys=0.01, real=0.01 secs] 
2014-07-16T10:50:03.517+0000: 2526.525: [GC [PSYoungGen: 291634K->754K(350336K)] 670519K->379711K(1037312K), 0.0130540 secs] [Times: user=0.08 sys=0.00, real=0.01 secs] 
2014-07-16T10:50:04.771+0000: 2527.779: [GC [PSYoungGen: 350002K->1350K(340672K)] 728959K->380395K(1027648K), 0.0059210 secs] [Times: user=0.04 sys=0.00, real=0.00 secs] 
2014-07-16T10:50:05.888+0000: 2528.897: [GC [PSYoungGen: 340614K->384K(330048K)] 719659K->379605K(1017024K), 0.0060300 secs] [Times: user=0.03 sys=0.01, real=0.00 secs] 
2014-07-16T10:50:06.959+0000: 2529.968: [GC [PSYoungGen: 330048K->1132K(321600K)] 709269K->380417K(1008576K), 0.0044940 secs] [Times: user=0.02 sys=0.00, real=0.00 secs] 
2014-07-16T10:50:08.012+0000: 2531.020: [GC [PSYoungGen: 321580K->630K(312256K)] 700865K->379971K(999232K), 0.0125320 secs] [Times: user=0.09 sys=0.00, real=0.01 secs] 
2014-07-16T10:50:09.030+0000: 2532.039: [GC [PSYoungGen: 312246K->1400K(304512K)] 691587K->380797K(991488K), 0.0062170 secs] [Times: user=0.03 sys=0.00, real=0.00 secs] 
2014-07-16T10:50:10.154+0000: 2533.163: [GC [PSYoungGen: 304504K->958K(295936K)] 683901K->380451K(982912K), 0.0079100 secs] [Times: user=0.05 sys=0.00, real=0.01 secs] 
2014-07-16T10:50:11.192+0000: 2534.201: [GC [PSYoungGen: 295934K->1600K(288832K)] 675427K->381165K(975808K), 0.0051120 secs] [Times: user=0.03 sys=0.00, real=0.00 secs] 
2014-07-16T10:50:12.172+0000: 2535.180: [GC [PSYoungGen: 288768K->744K(280384K)] 668333K->380373K(967360K), 0.0108560 secs] [Times: user=0.08 sys=0.00, real=0.01 secs] 
2014-07-16T10:50:13.140+0000: 2536.148: [GC [PSYoungGen: 280360K->1100K(273536K)] 659989K->380809K(960512K), 0.0046110 secs] [Times: user=0.02 sys=0.01, real=0.00 secs] 
2014-07-16T10:50:14.046+0000: 2537.055: [GC [PSYoungGen: 273446K->932K(266368K)] 653155K->380721K(953344K), 0.0090370 secs] [Times: user=0.04 sys=0.00, real=0.01 secs] 
2014-07-16T10:50:15.060+0000: 2538.069: [GC [PSYoungGen: 266319K->1662K(260352K)] 646108K->381541K(947328K), 0.0128950 secs] [Times: user=0.09 sys=0.00, real=0.01 secs] 
2014-07-16T10:50:15.867+0000: 2538.875: [GC [PSYoungGen: 260350K->748K(252992K)] 640229K->380883K(939968K), 0.0092600 secs] [Times: user=0.07 sys=0.00, real=0.01 secs] 
2014-07-16T10:50:16.726+0000: 2539.735: [GC [PSYoungGen: 252972K->870K(303616K)] 633107K->381045K(990592K), 0.0127670 secs] [Times: user=0.08 sys=0.00, real=0.02 secs] 
2014-07-16T10:50:17.727+0000: 2540.735: [GC [PSYoungGen: 303590K->1608K(296256K)] 683765K->381855K(983232K), 0.0062200 secs] [Times: user=0.04 sys=0.01, real=0.01 secs] 
2014-07-16T10:50:18.722+0000: 2541.730: [GC [PSYoungGen: 296200K->762K(342912K)] 676447K->381065K(1029888K), 0.0116770 secs] [Times: user=0.06 sys=0.00, real=0.01 secs] 
2014-07-16T10:50:19.978+0000: 2542.987: [GC [PSYoungGen: 341754K->882K(332224K)] 722057K->381257K(1019200K), 0.0077370 secs] [Times: user=0.06 sys=0.00, real=0.01 secs] 
2014-07-16T10:50:21.066+0000: 2544.074: [GC [PSYoungGen: 332210K->822K(322880K)] 712585K->381269K(1009856K), 0.0037020 secs] [Times: user=0.02 sys=0.00, real=0.00 secs] 
2014-07-16T10:50:22.181+0000: 2545.190: [GC [PSYoungGen: 322870K->690K(313856K)] 703317K->381209K(1000832K), 0.0042190 secs] [Times: user=0.02 sys=0.00, real=0.00 secs] 
2014-07-16T10:50:23.319+0000: 2546.328: [GC [PSYoungGen: 313842K->644K(305280K)] 694361K->381219K(992256K), 0.0077640 secs] [Times: user=0.04 sys=0.00, real=0.01 secs] 
2014-07-16T10:50:24.395+0000: 2547.404: [GC [PSYoungGen: 305206K->1126K(297536K)] 685781K->381749K(984512K), 0.0098150 secs] [Times: user=0.06 sys=0.00, real=0.01 secs] 
2014-07-16T10:50:25.471+0000: 2548.479: [GC [PSYoungGen: 297510K->758K(289280K)] 678133K->381445K(976256K), 0.0096380 secs] [Times: user=0.07 sys=0.00, real=0.01 secs] 
2014-07-16T10:50:26.430+0000: 2549.438: [GC [PSYoungGen: 289270K->1322K(282240K)] 669957K->382089K(969216K), 0.0039140 secs] [Times: user=0.03 sys=0.00, real=0.01 secs] 
2014-07-16T10:50:27.409+0000: 2550.418: [GC [PSYoungGen: 282190K->658K(274304K)] 662958K->381505K(961280K), 0.0038470 secs] [Times: user=0.03 sys=0.00, real=0.01 secs] 
2014-07-16T10:50:28.311+0000: 2551.320: [GC [PSYoungGen: 274257K->744K(267328K)] 655105K->381639K(954304K), 0.0103570 secs] [Times: user=0.06 sys=0.00, real=0.01 secs] 
2014-07-16T10:50:29.193+0000: 2552.201: [GC [PSYoungGen: 267304K->836K(260736K)] 648199K->381811K(947712K), 0.0089630 secs] [Times: user=0.05 sys=0.00, real=0.01 secs] 
2014-07-16T10:50:30.189+0000: 2553.197: [GC [PSYoungGen: 260658K->1620K(255040K)] 641633K->382975K(942016K), 0.0051860 secs] [Times: user=0.02 sys=0.00, real=0.01 secs] 
2014-07-16T10:50:31.015+0000: 2554.023: [GC [PSYoungGen: 254996K->708K(247872K)] 636351K->382103K(934848K), 0.0094070 secs] [Times: user=0.06 sys=0.00, real=0.01 secs] 
2014-07-16T10:50:31.863+0000: 2554.871: [GC [PSYoungGen: 247812K->1172K(242304K)] 629207K->382631K(929280K), 0.0083480 secs] [Times: user=0.05 sys=0.00, real=0.00 secs] 
2014-07-16T10:50:32.663+0000: 2555.672: [GC [PSYoungGen: 242260K->466K(235776K)] 623719K->381997K(922752K), 0.0088210 secs] [Times: user=0.03 sys=0.00, real=0.01 secs] 
2014-07-16T10:50:33.434+0000: 2556.442: [GC [PSYoungGen: 235723K->958K(230656K)] 617254K->382529K(917632K), 0.0056470 secs] [Times: user=0.02 sys=0.00, real=0.00 secs] 
2014-07-16T10:50:34.164+0000: 2557.173: [GC [PSYoungGen: 230645K->562K(224896K)] 612217K->382205K(911872K), 0.0073030 secs] [Times: user=0.05 sys=0.00, real=0.00 secs] 
2014-07-16T10:50:34.878+0000: 2557.886: [GC [PSYoungGen: 224882K->1436K(220608K)] 606525K->383151K(907584K), 0.0035360 secs] [Times: user=0.02 sys=0.00, real=0.00 secs] 
2014-07-16T10:50:35.659+0000: 2558.667: [GC [PSYoungGen: 220572K->762K(214912K)] 602287K->382509K(901888K), 0.0049920 secs] [Times: user=0.02 sys=0.00, real=0.01 secs] 
2014-07-16T10:50:36.407+0000: 2559.416: [GC [PSYoungGen: 214906K->1356K(210752K)] 596653K->383167K(897728K), 0.0064770 secs] [Times: user=0.03 sys=0.00, real=0.01 secs] 
2014-07-16T10:50:37.108+0000: 2560.116: [GC [PSYoungGen: 210664K->704K(205376K)] 592476K->382571K(892352K), 0.0113620 secs] [Times: user=0.05 sys=0.00, real=0.01 secs] 
2014-07-16T10:50:37.780+0000: 2560.789: [GC [PSYoungGen: 205376K->694K(200896K)] 587243K->382609K(887872K), 0.0038990 secs] [Times: user=0.02 sys=0.00, real=0.01 secs] 
2014-07-16T10:50:38.447+0000: 2561.456: [GC [PSYoungGen: 200845K->1204K(197056K)] 582760K->383183K(884032K), 0.0048950 secs] [Times: user=0.02 sys=0.00, real=0.00 secs] 
2014-07-16T10:50:39.142+0000: 2562.151: [GC [PSYoungGen: 197044K->658K(192320K)] 579023K->382709K(879296K), 0.0073810 secs] [Times: user=0.04 sys=0.00, real=0.01 secs] 
2014-07-16T10:50:39.778+0000: 2562.786: [GC [PSYoungGen: 192274K->740K(230720K)] 574325K->382847K(917696K), 0.0094080 secs] [Times: user=0.04 sys=0.00, real=0.01 secs] 
2014-07-16T10:50:40.738+0000: 2563.747: [GC [PSYoungGen: 230692K->726K(225344K)] 612799K->382889K(912320K), 0.0038130 secs] [Times: user=0.01 sys=0.01, real=0.00 secs] 
2014-07-16T10:50:41.606+0000: 2564.614: [GC [PSYoungGen: 225299K->922K(220352K)] 607462K->383141K(907328K), 0.0060050 secs] [Times: user=0.03 sys=0.00, real=0.00 secs] 
2014-07-16T10:50:42.420+0000: 2565.429: [GC [PSYoungGen: 220286K->1368K(215808K)] 602506K->383651K(902784K), 0.0077160 secs] [Times: user=0.05 sys=0.00, real=0.01 secs] 
2014-07-16T10:50:43.087+0000: 2566.095: [GC [PSYoungGen: 215768K->1050K(210624K)] 598051K->383429K(897600K), 0.0081290 secs] [Times: user=0.05 sys=0.00, real=0.01 secs] 
2014-07-16T10:50:43.782+0000: 2566.790: [GC [PSYoungGen: 210586K->698K(205568K)] 592965K->383141K(892544K), 0.0066780 secs] [Times: user=0.04 sys=0.00, real=0.01 secs] 
2014-07-16T10:50:44.457+0000: 2567.465: [GC [PSYoungGen: 205478K->780K(246720K)] 587921K->383279K(933696K), 0.0095150 secs] [Times: user=0.06 sys=0.00, real=0.01 secs] 
2014-07-16T10:50:45.427+0000: 2568.435: [GC [PSYoungGen: 246637K->1582K(241536K)] 629136K->384145K(928512K), 0.0037250 secs] [Times: user=0.02 sys=0.00, real=0.00 secs] 
2014-07-16T10:50:46.200+0000: 2569.208: [GC [PSYoungGen: 241518K->972K(235200K)] 624081K->383615K(922176K), 0.0101240 secs] [Times: user=0.06 sys=0.01, real=0.01 secs] 
2014-07-16T10:50:46.948+0000: 2569.956: [GC [PSYoungGen: 235148K->1022K(229632K)] 617791K->383811K(916608K), 0.0071330 secs] [Times: user=0.04 sys=0.00, real=0.01 secs] 
2014-07-16T10:50:47.737+0000: 2570.745: [GC [PSYoungGen: 229630K->1274K(224576K)] 612419K->384159K(911552K), 0.0079480 secs] [Times: user=0.06 sys=0.00, real=0.01 secs] 
2014-07-16T10:50:48.427+0000: 2571.435: [GC [PSYoungGen: 224570K->708K(268736K)] 607455K->383657K(955712K), 0.0079780 secs] [Times: user=0.05 sys=0.00, real=0.01 secs] 
2014-07-16T10:50:49.323+0000: 2572.331: [GC [PSYoungGen: 268650K->1086K(322688K)] 651600K->384107K(1009664K), 0.0092540 secs] [Times: user=0.05 sys=0.00, real=0.01 secs] 
2014-07-16T10:50:50.535+0000: 2573.543: [GC [PSYoungGen: 322682K->794K(313536K)] 705703K->383879K(1000512K), 0.0080820 secs] [Times: user=0.05 sys=0.00, real=0.00 secs] 
2014-07-16T10:50:51.577+0000: 2574.585: [GC [PSYoungGen: 313462K->1186K(305408K)] 696547K->384375K(992384K), 0.0073400 secs] [Times: user=0.05 sys=0.00, real=0.00 secs] 
2014-07-16T10:50:52.692+0000: 2575.700: [GC [PSYoungGen: 305378K->1140K(297152K)] 688567K->384393K(984128K), 0.0067470 secs] [Times: user=0.04 sys=0.00, real=0.01 secs] 
2014-07-16T10:50:53.671+0000: 2576.680: [GC [PSYoungGen: 297092K->1044K(289216K)] 680346K->384337K(976192K), 0.0055920 secs] [Times: user=0.02 sys=0.00, real=0.01 secs] 
2014-07-16T10:50:54.661+0000: 2577.669: [GC [PSYoungGen: 289172K->880K(281472K)] 672465K->384213K(968448K), 0.0121720 secs] [Times: user=0.07 sys=0.00, real=0.01 secs] 
2014-07-16T10:50:55.690+0000: 2578.699: [GC [PSYoungGen: 281456K->740K(274048K)] 664789K->384161K(961024K), 0.0074680 secs] [Times: user=0.06 sys=0.00, real=0.01 secs] 
2014-07-16T10:50:56.571+0000: 2579.580: [GC [PSYoungGen: 274020K->530K(266880K)] 657441K->384007K(953856K), 0.0073650 secs] [Times: user=0.04 sys=0.00, real=0.01 secs] 
2014-07-16T10:50:57.466+0000: 2580.475: [GC [PSYoungGen: 266834K->950K(260544K)] 650311K->384523K(947520K), 0.0049630 secs] [Times: user=0.02 sys=0.00, real=0.00 secs] 
2014-07-16T10:50:58.352+0000: 2581.360: [GC [PSYoungGen: 260534K->736K(253888K)] 644107K->384405K(940864K), 0.0054220 secs] [Times: user=0.04 sys=0.00, real=0.01 secs] 
2014-07-16T10:50:59.217+0000: 2582.225: [GC [PSYoungGen: 253856K->1332K(248256K)] 637525K->385073K(935232K), 0.0082510 secs] [Times: user=0.05 sys=0.00, real=0.00 secs] 
2014-07-16T10:51:00.030+0000: 2583.039: [GC [PSYoungGen: 248244K->1022K(241920K)] 631985K->384835K(928896K), 0.0072090 secs] [Times: user=0.05 sys=0.00, real=0.01 secs] 
2014-07-16T10:51:01.005+0000: 2584.013: [GC [PSYoungGen: 241918K->1150K(236288K)] 625731K->385059K(923264K), 0.0065130 secs] [Times: user=0.04 sys=0.00, real=0.01 secs] 
2014-07-16T10:51:01.816+0000: 2584.825: [GC [PSYoungGen: 236286K->608K(230208K)] 620195K->384597K(917184K), 0.0056180 secs] [Times: user=0.03 sys=0.00, real=0.00 secs] 
2014-07-16T10:51:02.714+0000: 2585.723: [GC [PSYoungGen: 230125K->1140K(225344K)] 614115K->385201K(912320K), 0.0065220 secs] [Times: user=0.05 sys=0.00, real=0.01 secs] 
2014-07-16T10:51:03.467+0000: 2586.475: [GC [PSYoungGen: 225324K->754K(219776K)] 609385K->384895K(906752K), 0.0088040 secs] [Times: user=0.05 sys=0.00, real=0.00 secs] 
2014-07-16T10:51:04.212+0000: 2587.220: [GC [PSYoungGen: 219762K->1278K(215296K)] 603903K->385483K(902272K), 0.0093820 secs] [Times: user=0.05 sys=0.00, real=0.01 secs] 
2014-07-16T10:51:04.908+0000: 2587.917: [GC [PSYoungGen: 215294K->1118K(210368K)] 599499K->385419K(897344K), 0.0078530 secs] [Times: user=0.03 sys=0.00, real=0.00 secs] 
2014-07-16T10:51:05.675+0000: 2588.684: [GC [PSYoungGen: 210301K->982K(205568K)] 594602K->385355K(892544K), 0.0077890 secs] [Times: user=0.05 sys=0.00, real=0.01 secs] 
2014-07-16T10:51:06.369+0000: 2589.377: [GC [PSYoungGen: 205526K->918K(246464K)] 589899K->385371K(933440K), 0.0084630 secs] [Times: user=0.06 sys=0.00, real=0.01 secs] 
2014-07-16T10:51:07.242+0000: 2590.250: [GC [PSYoungGen: 246422K->972K(240576K)] 630875K->385497K(927552K), 0.0064720 secs] [Times: user=0.04 sys=0.00, real=0.01 secs] 
2014-07-16T10:51:08.020+0000: 2591.029: [GC [PSYoungGen: 240444K->1050K(234880K)] 624969K->385663K(921856K), 0.0065990 secs] [Times: user=0.03 sys=0.00, real=0.01 secs] 
2014-07-16T10:51:08.822+0000: 2591.830: [GC [PSYoungGen: 234842K->1196K(229504K)] 619455K->385897K(916480K), 0.0079290 secs] [Times: user=0.05 sys=0.00, real=0.01 secs] 
2014-07-16T10:51:09.562+0000: 2592.571: [GC [PSYoungGen: 229481K->698K(223680K)] 614183K->386069K(910656K), 0.0058600 secs] [Times: user=0.04 sys=0.00, real=0.01 secs] 
2014-07-16T10:51:10.277+0000: 2593.286: [GC [PSYoungGen: 223673K->548K(218432K)] 609045K->385975K(905408K), 0.0094040 secs] [Times: user=0.05 sys=0.00, real=0.00 secs] 
2014-07-16T10:51:11.077+0000: 2594.086: [GC [PSYoungGen: 218404K->918K(213888K)] 603831K->386417K(900864K), 0.0076800 secs] [Times: user=0.05 sys=0.00, real=0.00 secs] 
2014-07-16T10:51:11.760+0000: 2594.769: [GC [PSYoungGen: 213846K->672K(208832K)] 599345K->386259K(895808K), 0.0075010 secs] [Times: user=0.04 sys=0.00, real=0.00 secs] 
2014-07-16T10:51:12.513+0000: 2595.521: [GC [PSYoungGen: 208800K->944K(250752K)] 594387K->386563K(937728K), 0.0103030 secs] [Times: user=0.06 sys=0.00, real=0.01 secs] 
2014-07-16T10:51:13.353+0000: 2596.361: [GC [PSYoungGen: 250736K->608K(244288K)] 636355K->386331K(931264K), 0.0056480 secs] [Times: user=0.04 sys=0.00, real=0.01 secs] 
2014-07-16T10:51:14.147+0000: 2597.155: [GC [PSYoungGen: 244256K->480K(238272K)] 629979K->386291K(925248K), 0.0058890 secs] [Times: user=0.04 sys=0.00, real=0.01 secs] 
2014-07-16T10:51:14.916+0000: 2597.925: [GC [PSYoungGen: 238240K->512K(232576K)] 624051K->386387K(919552K), 0.0043440 secs] [Times: user=0.03 sys=0.00, real=0.01 secs] 
2014-07-16T10:51:15.823+0000: 2598.831: [GC [PSYoungGen: 232576K->1506K(228160K)] 618451K->387469K(915136K), 0.0043450 secs] [Times: user=0.03 sys=0.00, real=0.00 secs] 
2014-07-16T10:51:16.509+0000: 2599.518: [GC [PSYoungGen: 228113K->1036K(222464K)] 614077K->387047K(909440K), 0.0048640 secs] [Times: user=0.02 sys=0.00, real=0.00 secs] 
2014-07-16T10:51:17.274+0000: 2600.283: [GC [PSYoungGen: 222412K->876K(217216K)] 608423K->387063K(904192K), 0.0076120 secs] [Times: user=0.04 sys=0.00, real=0.01 secs] 
2014-07-16T10:51:17.947+0000: 2600.955: [GC [PSYoungGen: 217196K->1144K(212544K)] 603383K->387403K(899520K), 0.0114990 secs] [Times: user=0.06 sys=0.00, real=0.01 secs] 
2014-07-16T10:51:18.642+0000: 2601.650: [GC [PSYoungGen: 212536K->608K(254336K)] 598795K->386981K(941312K), 0.0079780 secs] [Times: user=0.05 sys=0.00, real=0.01 secs] 
2014-07-16T10:51:19.524+0000: 2602.533: [GC [PSYoungGen: 254302K->768K(248192K)] 640675K->387245K(935168K), 0.0070760 secs] [Times: user=0.04 sys=0.00, real=0.01 secs] 
2014-07-16T10:51:20.343+0000: 2603.351: [GC [PSYoungGen: 248192K->626K(297600K)] 634669K->387183K(984576K), 0.0113050 secs] [Times: user=0.07 sys=0.00, real=0.01 secs] 
2014-07-16T10:51:21.423+0000: 2604.431: [GC [PSYoungGen: 297571K->640K(289664K)] 684129K->387277K(976640K), 0.0042880 secs] [Times: user=0.02 sys=0.01, real=0.00 secs] 
2014-07-16T10:51:22.348+0000: 2605.356: [GC [PSYoungGen: 289657K->868K(282304K)] 676294K->387585K(969280K), 0.0037170 secs] [Times: user=0.01 sys=0.00, real=0.01 secs] 
2014-07-16T10:51:23.312+0000: 2606.320: [GC [PSYoungGen: 282276K->740K(274880K)] 668993K->387529K(961856K), 0.0100470 secs] [Times: user=0.06 sys=0.01, real=0.01 secs] 
2014-07-16T10:51:24.232+0000: 2607.240: [GC [PSYoungGen: 274815K->854K(267968K)] 661604K->387707K(954944K), 0.0041600 secs] [Times: user=0.02 sys=0.00, real=0.00 secs] 
2014-07-16T10:51:25.066+0000: 2608.074: [GC [PSYoungGen: 267926K->1140K(261440K)] 654779K->388058K(948416K), 0.0055150 secs] [Times: user=0.03 sys=0.00, real=0.01 secs] 
2014-07-16T10:51:26.123+0000: 2609.132: [GC [PSYoungGen: 261428K->804K(254592K)] 648346K->387857K(941568K), 0.0054970 secs] [Times: user=0.03 sys=0.00, real=0.00 secs] 
2014-07-16T10:51:26.873+0000: 2609.881: [GC [PSYoungGen: 254564K->1026K(248576K)] 641617K->388143K(935552K), 0.0081920 secs] [Times: user=0.05 sys=0.01, real=0.01 secs] 
2014-07-16T10:51:27.671+0000: 2610.680: [GC [PSYoungGen: 248514K->608K(242112K)] 635631K->387805K(929088K), 0.0043100 secs] [Times: user=0.02 sys=0.00, real=0.00 secs] 
2014-07-16T10:51:28.449+0000: 2611.458: [GC [PSYoungGen: 242080K->844K(236544K)] 629277K->388121K(923520K), 0.0079710 secs] [Times: user=0.05 sys=0.00, real=0.01 secs] 
2014-07-16T10:51:29.274+0000: 2612.282: [GC [PSYoungGen: 236492K->708K(230848K)] 623769K->388065K(917824K), 0.0078380 secs] [Times: user=0.05 sys=0.00, real=0.01 secs] 
2014-07-16T10:51:30.017+0000: 2613.025: [GC [PSYoungGen: 230764K->594K(225344K)] 618122K->387983K(912320K), 0.0116110 secs] [Times: user=0.07 sys=0.00, real=0.01 secs] 
2014-07-16T10:51:30.829+0000: 2613.838: [GC [PSYoungGen: 225298K->1060K(220608K)] 612687K->388529K(907584K), 0.0039570 secs] [Times: user=0.03 sys=0.00, real=0.01 secs] 
2014-07-16T10:51:31.606+0000: 2614.614: [GC [PSYoungGen: 220580K->1118K(215680K)] 608049K->388667K(902656K), 0.0085940 secs] [Times: user=0.05 sys=0.00, real=0.01 secs] 
2014-07-16T10:51:32.391+0000: 2615.399: [GC [PSYoungGen: 215646K->616K(210304K)] 603195K->388449K(897280K), 0.0043060 secs] [Times: user=0.03 sys=0.00, real=0.01 secs] 
2014-07-16T10:51:33.081+0000: 2616.090: [GC [PSYoungGen: 210280K->1358K(206400K)] 598113K->389298K(893376K), 0.0063230 secs] [Times: user=0.04 sys=0.00, real=0.00 secs] 
2014-07-16T10:51:33.863+0000: 2616.871: [GC [PSYoungGen: 206350K->740K(201280K)] 594290K->388901K(888256K), 0.0103660 secs] [Times: user=0.06 sys=0.00, real=0.01 secs] 
2014-07-16T10:51:34.511+0000: 2617.520: [GC [PSYoungGen: 201252K->480K(241152K)] 589413K->388705K(928128K), 0.0092460 secs] [Times: user=0.06 sys=0.00, real=0.00 secs] 
2014-07-16T10:51:35.278+0000: 2618.286: [GC [PSYoungGen: 241120K->576K(235456K)] 629345K->388857K(922432K), 0.0047460 secs] [Times: user=0.02 sys=0.00, real=0.01 secs] 
2014-07-16T10:51:36.187+0000: 2619.195: [GC [PSYoungGen: 235418K->1306K(230656K)] 623700K->389652K(917632K), 0.0096510 secs] [Times: user=0.05 sys=0.00, real=0.01 secs] 
2014-07-16T10:51:36.905+0000: 2619.913: [GC [PSYoungGen: 230618K->1060K(225024K)] 618964K->389469K(912000K), 0.0055100 secs] [Times: user=0.03 sys=0.00, real=0.00 secs] 
2014-07-16T10:51:37.611+0000: 2620.620: [GC [PSYoungGen: 224996K->498K(219264K)] 613405K->388987K(906240K), 0.0067140 secs] [Times: user=0.04 sys=0.00, real=0.01 secs] 
2014-07-16T10:51:38.336+0000: 2621.344: [GC [PSYoungGen: 219250K->740K(214528K)] 607739K->389301K(901504K), 0.0066910 secs] [Times: user=0.03 sys=0.00, real=0.01 secs] 
2014-07-16T10:51:39.030+0000: 2622.038: [GC [PSYoungGen: 214500K->944K(257472K)] 603061K->389554K(944448K), 0.0101230 secs] [Times: user=0.07 sys=0.00, real=0.01 secs] 
2014-07-16T10:51:39.860+0000: 2622.868: [GC [PSYoungGen: 257449K->1258K(291648K)] 646059K->389924K(978624K), 0.0085170 secs] [Times: user=0.05 sys=0.00, real=0.01 secs] 
2014-07-16T10:51:40.807+0000: 2623.816: [GC [PSYoungGen: 291498K->986K(283584K)] 680164K->389732K(970560K), 0.0043590 secs] [Times: user=0.02 sys=0.00, real=0.01 secs] 
2014-07-16T10:51:41.877+0000: 2624.886: [GC [PSYoungGen: 283546K->616K(275840K)] 672292K->389468K(962816K), 0.0045200 secs] [Times: user=0.02 sys=0.00, real=0.00 secs] 
2014-07-16T10:51:42.841+0000: 2625.850: [GC [PSYoungGen: 275816K->1522K(269632K)] 664668K->390496K(956608K), 0.0049800 secs] [Times: user=0.02 sys=0.00, real=0.01 secs] 
2014-07-16T10:51:43.794+0000: 2626.803: [GC [PSYoungGen: 269587K->950K(262272K)] 658561K->390004K(949248K), 0.0088570 secs] [Times: user=0.04 sys=0.00, real=0.01 secs] 
2014-07-16T10:51:44.604+0000: 2627.612: [GC [PSYoungGen: 262244K->662K(255488K)] 651298K->389772K(942464K), 0.0057350 secs] [Times: user=0.03 sys=0.00, real=0.00 secs] 
2014-07-16T10:51:45.445+0000: 2628.453: [GC [PSYoungGen: 255446K->1132K(249664K)] 644556K->390322K(936640K), 0.0142100 secs] [Times: user=0.10 sys=0.00, real=0.01 secs] 
2014-07-16T10:51:46.269+0000: 2629.278: [GC [PSYoungGen: 249644K->994K(243456K)] 638834K->390272K(930432K), 0.0059550 secs] [Times: user=0.03 sys=0.00, real=0.01 secs] 
2014-07-16T10:51:47.113+0000: 2630.121: [GC [PSYoungGen: 243426K->1188K(237824K)] 632704K->390630K(924800K), 0.0086630 secs] [Times: user=0.06 sys=0.00, real=0.01 secs] 
2014-07-16T10:51:47.904+0000: 2630.912: [GC [PSYoungGen: 237796K->576K(231552K)] 627238K->390097K(918528K), 0.0075910 secs] [Times: user=0.03 sys=0.00, real=0.00 secs] 
2014-07-16T10:51:48.646+0000: 2631.655: [GC [PSYoungGen: 231552K->466K(226048K)] 621073K->390052K(913024K), 0.0064400 secs] [Times: user=0.05 sys=0.00, real=0.00 secs] 
2014-07-16T10:51:49.397+0000: 2632.406: [GC [PSYoungGen: 226002K->562K(271232K)] 615588K->390180K(958208K), 0.0227580 secs] [Times: user=0.14 sys=0.00, real=0.02 secs] 
2014-07-16T10:51:50.339+0000: 2633.347: [GC [PSYoungGen: 271214K->1688K(284096K)] 660832K->391370K(971072K), 0.0142680 secs] [Times: user=0.08 sys=0.01, real=0.02 secs] 
2014-07-16T10:51:51.480+0000: 2634.488: [GC [PSYoungGen: 284056K->1370K(284288K)] 673738K->391132K(971264K), 0.0057140 secs] [Times: user=0.03 sys=0.00, real=0.01 secs] 
2014-07-16T10:51:52.468+0000: 2635.477: [GC [PSYoungGen: 283737K->818K(340736K)] 673499K->390644K(1027712K), 0.0091210 secs] [Times: user=0.06 sys=0.00, real=0.01 secs] 
2014-07-16T10:51:53.727+0000: 2636.735: [GC [PSYoungGen: 339669K->1148K(330432K)] 729495K->391022K(1017408K), 0.0051020 secs] [Times: user=0.02 sys=0.01, real=0.00 secs] 
2014-07-16T10:51:54.977+0000: 2637.985: [GC [PSYoungGen: 330428K->658K(320768K)] 720302K->390628K(1007744K), 0.0048580 secs] [Times: user=0.03 sys=0.00, real=0.00 secs] 
2014-07-16T10:51:55.990+0000: 2638.999: [GC [PSYoungGen: 320722K->886K(312128K)] 710692K->390928K(999104K), 0.0033490 secs] [Times: user=0.01 sys=0.01, real=0.00 secs] 
2014-07-16T10:51:57.121+0000: 2640.129: [GC [PSYoungGen: 312118K->548K(303296K)] 702160K->390662K(990272K), 0.0043810 secs] [Times: user=0.02 sys=0.00, real=0.01 secs] 
2014-07-16T10:51:58.092+0000: 2641.100: [GC [PSYoungGen: 303268K->1768K(296384K)] 693382K->392262K(983360K), 0.0055320 secs] [Times: user=0.03 sys=0.00, real=0.01 secs] 
2014-07-16T10:51:59.032+0000: 2642.041: [GC [PSYoungGen: 296360K->580K(287424K)] 686854K->391162K(974400K), 0.0085280 secs] [Times: user=0.06 sys=0.00, real=0.01 secs] 
2014-07-16T10:51:59.966+0000: 2642.975: [GC [PSYoungGen: 287364K->704K(279936K)] 677946K->391390K(966912K), 0.0076820 secs] [Times: user=0.04 sys=0.01, real=0.00 secs] 
2014-07-16T10:52:00.859+0000: 2643.868: [GC [PSYoungGen: 279936K->1040K(273088K)] 670622K->391790K(960064K), 0.0047860 secs] [Times: user=0.02 sys=0.00, real=0.00 secs] 
2014-07-16T10:52:01.854+0000: 2644.862: [GC [PSYoungGen: 272952K->1008K(266048K)] 663702K->391822K(953024K), 0.0076600 secs] [Times: user=0.04 sys=0.01, real=0.01 secs] 
2014-07-16T10:52:02.695+0000: 2645.704: [GC [PSYoungGen: 266032K->866K(259264K)] 656846K->391728K(946240K), 0.0109360 secs] [Times: user=0.07 sys=0.00, real=0.01 secs] 
2014-07-16T10:52:03.542+0000: 2646.550: [GC [PSYoungGen: 259197K->758K(252672K)] 650059K->391708K(939648K), 0.0054190 secs] [Times: user=0.03 sys=0.01, real=0.01 secs] 
2014-07-16T10:52:04.382+0000: 2647.391: [GC [PSYoungGen: 252662K->882K(246592K)] 643612K->391904K(933568K), 0.0061630 secs] [Times: user=0.03 sys=0.00, real=0.01 secs] 
2014-07-16T10:52:05.250+0000: 2648.258: [GC [PSYoungGen: 246578K->790K(240576K)] 637600K->391876K(927552K), 0.0119040 secs] [Times: user=0.08 sys=0.00, real=0.01 secs] 
2014-07-16T10:52:05.994+0000: 2649.003: [GC [PSYoungGen: 240534K->772K(234816K)] 631620K->391946K(921792K), 0.0095380 secs] [Times: user=0.05 sys=0.00, real=0.01 secs] 
2014-07-16T10:52:06.826+0000: 2649.834: [GC [PSYoungGen: 234735K->954K(229440K)] 625909K->392208K(916416K), 0.0047470 secs] [Times: user=0.03 sys=0.00, real=0.01 secs] 
2014-07-16T10:52:07.547+0000: 2650.555: [GC [PSYoungGen: 229434K->658K(223872K)] 620688K->392008K(910848K), 0.0076400 secs] [Times: user=0.05 sys=0.00, real=0.00 secs] 
2014-07-16T10:52:08.281+0000: 2651.290: [GC [PSYoungGen: 223826K->862K(268736K)] 615176K->392260K(955712K), 0.0112400 secs] [Times: user=0.07 sys=0.00, real=0.01 secs] 
2014-07-16T10:52:09.172+0000: 2652.180: [GC [PSYoungGen: 268685K->1360K(262464K)] 660083K->392854K(949440K), 0.0070870 secs] [Times: user=0.05 sys=0.00, real=0.01 secs] 
2014-07-16T10:52:09.985+0000: 2652.994: [GC [PSYoungGen: 262416K->840K(255424K)] 653910K->392430K(942400K), 0.0060390 secs] [Times: user=0.04 sys=0.00, real=0.01 secs] 
2014-07-16T10:52:10.825+0000: 2653.833: [GC [PSYoungGen: 255368K->544K(248832K)] 646958K->392206K(935808K), 0.0074770 secs] [Times: user=0.05 sys=0.00, real=0.01 secs] 
2014-07-16T10:52:11.632+0000: 2654.641: [GC [PSYoungGen: 248800K->722K(242944K)] 640462K->392448K(929920K), 0.0035820 secs] [Times: user=0.02 sys=0.01, real=0.00 secs] 
2014-07-16T10:52:12.475+0000: 2655.483: [GC [PSYoungGen: 242898K->844K(237248K)] 634624K->392634K(924224K), 0.0089930 secs] [Times: user=0.06 sys=0.00, real=0.01 secs] 
2014-07-16T10:52:13.246+0000: 2656.254: [GC [PSYoungGen: 237191K->1054K(284736K)] 628981K->392908K(971712K), 0.0138770 secs] [Times: user=0.07 sys=0.00, real=0.02 secs] 
2014-07-16T10:52:14.266+0000: 2657.274: [GC [PSYoungGen: 284702K->512K(276736K)] 676556K->392438K(963712K), 0.0069720 secs] [Times: user=0.04 sys=0.01, real=0.01 secs] 
2014-07-16T10:52:15.197+0000: 2658.206: [GC [PSYoungGen: 276722K->1336K(270464K)] 668648K->393334K(957440K), 0.0086770 secs] [Times: user=0.05 sys=0.00, real=0.00 secs] 
2014-07-16T10:52:16.112+0000: 2659.121: [GC [PSYoungGen: 270382K->694K(262976K)] 662380K->392772K(949952K), 0.0102520 secs] [Times: user=0.07 sys=0.00, real=0.01 secs] 
2014-07-16T10:52:17.056+0000: 2660.064: [GC [PSYoungGen: 262966K->1362K(257088K)] 655044K->393488K(944064K), 0.0040160 secs] [Times: user=0.02 sys=0.00, real=0.01 secs] 
2014-07-16T10:52:17.871+0000: 2660.879: [GC [PSYoungGen: 257042K->896K(250240K)] 649168K->393094K(937216K), 0.0083050 secs] [Times: user=0.05 sys=0.01, real=0.01 secs] 
2014-07-16T10:52:18.672+0000: 2661.680: [GC [PSYoungGen: 250240K->1276K(244544K)] 642438K->393562K(931520K), 0.0063380 secs] [Times: user=0.03 sys=0.00, real=0.01 secs] 
2014-07-16T10:52:19.455+0000: 2662.464: [GC [PSYoungGen: 244530K->936K(238336K)] 636816K->393310K(925312K), 0.0060600 secs] [Times: user=0.04 sys=0.01, real=0.01 secs] 
2014-07-16T10:52:20.241+0000: 2663.249: [GC [PSYoungGen: 238312K->640K(232384K)] 630686K->393102K(919360K), 0.0052230 secs] [Times: user=0.02 sys=0.00, real=0.00 secs] 
2014-07-16T10:52:20.978+0000: 2663.987: [GC [PSYoungGen: 232384K->580K(226944K)] 624846K->393098K(913920K), 0.0071090 secs] [Times: user=0.05 sys=0.00, real=0.00 secs] 
2014-07-16T10:52:21.755+0000: 2664.764: [GC [PSYoungGen: 226884K->858K(221952K)] 619402K->393448K(908928K), 0.0041510 secs] [Times: user=0.02 sys=0.00, real=0.01 secs] 
2014-07-16T10:52:22.648+0000: 2665.656: [GC [PSYoungGen: 221914K->844K(216896K)] 614504K->393482K(903872K), 0.0076300 secs] [Times: user=0.03 sys=0.01, real=0.00 secs] 
2014-07-16T10:52:23.354+0000: 2666.362: [GC [PSYoungGen: 216844K->704K(211840K)] 609482K->393430K(898816K), 0.0076220 secs] [Times: user=0.05 sys=0.00, real=0.01 secs] 
2014-07-16T10:52:24.031+0000: 2667.039: [GC [PSYoungGen: 211840K->1204K(207616K)] 604566K->394018K(894592K), 0.0037890 secs] [Times: user=0.02 sys=0.00, real=0.00 secs] 
2014-07-16T10:52:24.766+0000: 2667.774: [GC [PSYoungGen: 207604K->1532K(203392K)] 600418K->394508K(890368K), 0.0066360 secs] [Times: user=0.04 sys=0.01, real=0.01 secs] 
2014-07-16T10:52:25.499+0000: 2668.507: [GC [PSYoungGen: 203344K->384K(197824K)] 596321K->393876K(884800K), 0.0089470 secs] [Times: user=0.06 sys=0.00, real=0.01 secs] 
2014-07-16T10:52:26.187+0000: 2669.195: [GC [PSYoungGen: 197753K->1322K(194560K)] 591245K->394886K(881536K), 0.0040550 secs] [Times: user=0.02 sys=0.00, real=0.01 secs] 
2014-07-16T10:52:26.815+0000: 2669.824: [GC [PSYoungGen: 194538K->1054K(190208K)] 588102K->394964K(877184K), 0.0086070 secs] [Times: user=0.06 sys=0.00, real=0.01 secs] 
2014-07-16T10:52:27.538+0000: 2670.546: [GC [PSYoungGen: 190174K->1004K(186176K)] 584084K->395002K(873152K), 0.0078730 secs] [Times: user=0.05 sys=0.00, real=0.01 secs] 
2014-07-16T10:52:28.113+0000: 2671.122: [GC [PSYoungGen: 186062K->1140K(182464K)] 580060K->395210K(869440K), 0.0058520 secs] [Times: user=0.03 sys=0.00, real=0.01 secs] 
2014-07-16T10:52:28.670+0000: 2671.678: [GC [PSYoungGen: 182452K->848K(178496K)] 576522K->394982K(865472K), 0.0059780 secs] [Times: user=0.04 sys=0.00, real=0.00 secs] 
2014-07-16T10:52:29.254+0000: 2672.262: [GC [PSYoungGen: 178448K->894K(214016K)] 572582K->395100K(900992K), 0.0099420 secs] [Times: user=0.06 sys=0.00, real=0.01 secs] 
2014-07-16T10:52:29.930+0000: 2672.939: [GC [PSYoungGen: 214014K->672K(209024K)] 608220K->394958K(896000K), 0.0035860 secs] [Times: user=0.02 sys=0.00, real=0.00 secs] 
2014-07-16T10:52:30.615+0000: 2673.624: [GC [PSYoungGen: 208965K->1068K(204800K)] 603251K->395402K(891776K), 0.0047850 secs] [Times: user=0.02 sys=0.00, real=0.01 secs] 
2014-07-16T10:52:31.311+0000: 2674.319: [GC [PSYoungGen: 204780K->848K(245376K)] 599114K->395214K(932352K), 0.0179700 secs] [Times: user=0.11 sys=0.00, real=0.01 secs] 
2014-07-16T10:52:32.224+0000: 2675.232: [GC [PSYoungGen: 245328K->1060K(294464K)] 639694K->395482K(981440K), 0.0079350 secs] [Times: user=0.05 sys=0.00, real=0.01 secs] 
2014-07-16T10:52:33.132+0000: 2676.141: [GC [PSYoungGen: 294434K->972K(310144K)] 688856K->395458K(997120K), 0.0043680 secs] [Times: user=0.02 sys=0.00, real=0.00 secs] 
2014-07-16T10:52:34.156+0000: 2677.164: [GC [PSYoungGen: 309644K->1076K(353536K)] 704130K->395618K(1040512K), 0.0143170 secs] [Times: user=0.10 sys=0.00, real=0.02 secs] 
2014-07-16T10:52:35.338+0000: 2678.347: [GC [PSYoungGen: 353114K->872K(342848K)] 747657K->395478K(1029824K), 0.0050200 secs] [Times: user=0.02 sys=0.00, real=0.01 secs] 
2014-07-16T10:52:36.617+0000: 2679.626: [GC [PSYoungGen: 342824K->620K(332864K)] 737430K->395660K(1019840K), 0.0077570 secs] [Times: user=0.05 sys=0.00, real=0.01 secs] 
2014-07-16T10:52:37.768+0000: 2680.776: [GC [PSYoungGen: 332745K->1154K(324096K)] 727786K->396258K(1011072K), 0.0038300 secs] [Times: user=0.03 sys=0.00, real=0.01 secs] 
2014-07-16T10:52:38.782+0000: 2681.790: [GC [PSYoungGen: 324034K->676K(314624K)] 719138K->396158K(1001600K), 0.0086650 secs] [Times: user=0.06 sys=0.00, real=0.00 secs] 
2014-07-16T10:52:39.782+0000: 2682.790: [GC [PSYoungGen: 314596K->694K(306048K)] 710078K->396264K(993024K), 0.0066980 secs] [Times: user=0.03 sys=0.00, real=0.00 secs] 
2014-07-16T10:52:40.780+0000: 2683.789: [GC [PSYoungGen: 305978K->1226K(298368K)] 701549K->396868K(985344K), 0.0049230 secs] [Times: user=0.04 sys=0.00, real=0.01 secs] 
2014-07-16T10:52:41.802+0000: 2684.810: [GC [PSYoungGen: 298314K->800K(289984K)] 693956K->396514K(976960K), 0.0042850 secs] [Times: user=0.02 sys=0.00, real=0.00 secs] 
2014-07-16T10:52:42.942+0000: 2685.951: [GC [PSYoungGen: 289952K->676K(282240K)] 685666K->396438K(969216K), 0.0041990 secs] [Times: user=0.02 sys=0.00, real=0.00 secs] 
2014-07-16T10:52:43.843+0000: 2686.851: [GC [PSYoungGen: 282212K->1260K(275520K)] 677974K->397110K(962496K), 0.0053660 secs] [Times: user=0.04 sys=0.00, real=0.00 secs] 
2014-07-16T10:52:44.772+0000: 2687.780: [GC [PSYoungGen: 275500K->1008K(268224K)] 671350K->397038K(955200K), 0.0032290 secs] [Times: user=0.01 sys=0.00, real=0.01 secs] 
2014-07-16T10:52:45.650+0000: 2688.658: [GC [PSYoungGen: 268202K->794K(261248K)] 664233K->396888K(948224K), 0.0067110 secs] [Times: user=0.04 sys=0.00, real=0.01 secs] 
2014-07-16T10:52:46.531+0000: 2689.539: [GC [PSYoungGen: 261210K->722K(254656K)] 657304K->396880K(941632K), 0.0068790 secs] [Times: user=0.03 sys=0.01, real=0.01 secs] 
2014-07-16T10:52:47.493+0000: 2690.501: [GC [PSYoungGen: 254585K->918K(248576K)] 650743K->397148K(935552K), 0.0058480 secs] [Times: user=0.03 sys=0.00, real=0.00 secs] 
2014-07-16T10:52:48.265+0000: 2691.274: [GC [PSYoungGen: 248534K->1126K(242752K)] 644764K->397420K(929728K), 0.0090700 secs] [Times: user=0.06 sys=0.01, real=0.01 secs] 
2014-07-16T10:52:49.025+0000: 2692.033: [GC [PSYoungGen: 242687K->858K(236672K)] 638981K->397200K(923648K), 0.0084090 secs] [Times: user=0.06 sys=0.00, real=0.01 secs] 
2014-07-16T10:52:49.774+0000: 2692.782: [GC [PSYoungGen: 236634K->690K(283648K)] 632976K->397088K(970624K), 0.0126800 secs] [Times: user=0.08 sys=0.00, real=0.01 secs] 
2014-07-16T10:52:50.687+0000: 2693.695: [GC [PSYoungGen: 283634K->822K(276416K)] 680032K->397284K(963392K), 0.0049580 secs] [Times: user=0.02 sys=0.00, real=0.00 secs] 
2014-07-16T10:52:51.560+0000: 2694.568: [GC [PSYoungGen: 276406K->1036K(269568K)] 672868K->397562K(956544K), 0.0054630 secs] [Times: user=0.02 sys=0.00, real=0.01 secs] 
2014-07-16T10:52:52.530+0000: 2695.539: [GC [PSYoungGen: 269501K->1238K(323456K)] 666027K->397852K(1010432K), 0.0204230 secs] [Times: user=0.12 sys=0.00, real=0.02 secs] 
2014-07-16T10:52:53.615+0000: 2696.623: [GC [PSYoungGen: 323414K->506K(313792K)] 720028K->397312K(1000768K), 0.0033660 secs] [Times: user=0.01 sys=0.00, real=0.00 secs] 
2014-07-16T10:52:54.653+0000: 2697.661: [GC [PSYoungGen: 313786K->1454K(306176K)] 710592K->398356K(993152K), 0.0034440 secs] [Times: user=0.02 sys=0.00, real=0.00 secs] 
2014-07-16T10:52:55.749+0000: 2698.757: [GC [PSYoungGen: 306158K->908K(297472K)] 703060K->398406K(984448K), 0.0077260 secs] [Times: user=0.04 sys=0.00, real=0.01 secs] 
2014-07-16T10:52:56.817+0000: 2699.825: [GC [PSYoungGen: 297419K->644K(289344K)] 694917K->398198K(976320K), 0.0073460 secs] [Times: user=0.04 sys=0.00, real=0.01 secs] 
2014-07-16T10:52:57.862+0000: 2700.871: [GC [PSYoungGen: 289284K->1008K(282048K)] 686838K->398658K(969024K), 0.0055900 secs] [Times: user=0.03 sys=0.00, real=0.01 secs] 
2014-07-16T10:52:58.761+0000: 2701.769: [GC [PSYoungGen: 282007K->672K(274432K)] 679658K->398426K(961408K), 0.0062090 secs] [Times: user=0.04 sys=0.00, real=0.01 secs] 
2014-07-16T10:52:59.632+0000: 2702.640: [GC [PSYoungGen: 274400K->530K(267264K)] 672154K->398348K(954240K), 0.0036800 secs] [Times: user=0.02 sys=0.00, real=0.01 secs] 
2014-07-16T10:53:00.472+0000: 2703.480: [GC [PSYoungGen: 267218K->548K(260544K)] 665036K->398430K(947520K), 0.0056870 secs] [Times: user=0.04 sys=0.00, real=0.01 secs] 
2014-07-16T10:53:01.328+0000: 2704.336: [GC [PSYoungGen: 260489K->890K(254400K)] 658371K->398844K(941376K), 0.0067490 secs] [Times: user=0.05 sys=0.00, real=0.01 secs] 
2014-07-16T10:53:02.173+0000: 2705.182: [GC [PSYoungGen: 254392K->862K(248128K)] 652346K->398872K(935104K), 0.0077110 secs] [Times: user=0.04 sys=0.00, real=0.01 secs] 
2014-07-16T10:53:03.041+0000: 2706.049: [GC [PSYoungGen: 248094K->690K(241920K)] 646104K->398788K(928896K), 0.0092780 secs] [Times: user=0.06 sys=0.00, real=0.01 secs] 
2014-07-16T10:53:03.800+0000: 2706.808: [GC [PSYoungGen: 241906K->1132K(236544K)] 640004K->399310K(923520K), 0.0112750 secs] [Times: user=0.08 sys=0.00, real=0.01 secs] 
2014-07-16T10:53:04.638+0000: 2707.646: [GC [PSYoungGen: 236508K->1002K(230848K)] 634686K->399844K(917824K), 0.0068730 secs] [Times: user=0.05 sys=0.01, real=0.01 secs] 
2014-07-16T10:53:05.381+0000: 2708.390: [GC [PSYoungGen: 230826K->612K(276480K)] 629668K->399502K(963456K), 0.0104370 secs] [Times: user=0.07 sys=0.00, real=0.01 secs] 
2014-07-16T10:53:06.273+0000: 2709.281: [GC [PSYoungGen: 276450K->576K(269312K)] 675341K->399654K(956288K), 0.0065820 secs] [Times: user=0.04 sys=0.00, real=0.01 secs] 
2014-07-16T10:53:07.231+0000: 2710.240: [GC [PSYoungGen: 269312K->960K(323456K)] 668390K->400134K(1010432K), 0.0119710 secs] [Times: user=0.08 sys=0.00, real=0.01 secs] 
2014-07-16T10:53:08.410+0000: 2711.418: [GC [PSYoungGen: 323456K->1258K(314816K)] 722630K->400488K(1001792K), 0.0082910 secs] [Times: user=0.06 sys=0.00, real=0.01 secs] 
2014-07-16T10:53:09.406+0000: 2712.414: [GC [PSYoungGen: 314794K->480K(305472K)] 714024K->399758K(992448K), 0.0043150 secs] [Times: user=0.02 sys=0.00, real=0.00 secs] 
2014-07-16T10:53:10.357+0000: 2713.366: [GC [PSYoungGen: 305440K->922K(297664K)] 704718K->400264K(984640K), 0.0080340 secs] [Times: user=0.04 sys=0.01, real=0.00 secs] 
2014-07-16T10:53:11.349+0000: 2714.357: [GC [PSYoungGen: 297626K->1054K(289856K)] 696968K->400468K(976832K), 0.0053820 secs] [Times: user=0.02 sys=0.00, real=0.00 secs] 
2014-07-16T10:53:12.339+0000: 2715.348: [GC [PSYoungGen: 289777K->530K(281728K)] 689192K->400000K(968704K), 0.0065770 secs] [Times: user=0.04 sys=0.00, real=0.00 secs] 
2014-07-16T10:53:13.363+0000: 2716.371: [GC [PSYoungGen: 281659K->630K(274496K)] 681129K->400164K(961472K), 0.0060040 secs] [Times: user=0.04 sys=0.00, real=0.01 secs] 
2014-07-16T10:53:14.261+0000: 2717.269: [GC [PSYoungGen: 274486K->832K(267648K)] 674020K->400438K(954624K), 0.0041570 secs] [Times: user=0.02 sys=0.00, real=0.00 secs] 
2014-07-16T10:53:15.141+0000: 2718.149: [GC [PSYoungGen: 267648K->548K(260608K)] 667254K->400218K(947584K), 0.0084250 secs] [Times: user=0.06 sys=0.00, real=0.01 secs] 
2014-07-16T10:53:16.076+0000: 2719.084: [GC [PSYoungGen: 260579K->1004K(254528K)] 660250K->400722K(941504K), 0.0104050 secs] [Times: user=0.06 sys=0.00, real=0.01 secs] 
2014-07-16T10:53:16.920+0000: 2719.929: [GC [PSYoungGen: 254508K->804K(248064K)] 654226K->400578K(935040K), 0.0076680 secs] [Times: user=0.03 sys=0.00, real=0.01 secs] 
2014-07-16T10:53:17.812+0000: 2720.820: [GC [PSYoungGen: 248036K->964K(242240K)] 647810K->400818K(929216K), 0.0060170 secs] [Times: user=0.03 sys=0.00, real=0.01 secs] 
2014-07-16T10:53:18.744+0000: 2721.752: [GC [PSYoungGen: 242176K->676K(236096K)] 642031K->400594K(923072K), 0.0041880 secs] [Times: user=0.02 sys=0.00, real=0.01 secs] 
2014-07-16T10:53:19.508+0000: 2722.517: [GC [PSYoungGen: 236068K->758K(230592K)] 635986K->400756K(917568K), 0.0041100 secs] [Times: user=0.02 sys=0.00, real=0.00 secs] 
2014-07-16T10:53:20.278+0000: 2723.287: [GC [PSYoungGen: 230582K->962K(225472K)] 630580K->401016K(912448K), 0.0082280 secs] [Times: user=0.04 sys=0.00, real=0.00 secs] 
2014-07-16T10:53:20.980+0000: 2723.988: [GC [PSYoungGen: 225410K->704K(219968K)] 625464K->400838K(906944K), 0.0107170 secs] [Times: user=0.07 sys=0.00, real=0.01 secs] 
2014-07-16T10:53:21.708+0000: 2724.716: [GC [PSYoungGen: 219968K->780K(215104K)] 620102K->400970K(902080K), 0.0038980 secs] [Times: user=0.02 sys=0.01, real=0.00 secs] 
2014-07-16T10:53:22.375+0000: 2725.383: [GC [PSYoungGen: 215052K->994K(210496K)] 615242K->401256K(897472K), 0.0068870 secs] [Times: user=0.03 sys=0.00, real=0.01 secs] 
2014-07-16T10:53:23.243+0000: 2726.251: [GC [PSYoungGen: 210466K->854K(205696K)] 610728K->401164K(892672K), 0.0102890 secs] [Times: user=0.06 sys=0.00, real=0.01 secs] 
2014-07-16T10:53:23.914+0000: 2726.923: [GC [PSYoungGen: 205654K->748K(201088K)] 605964K->401114K(888064K), 0.0044060 secs] [Times: user=0.02 sys=0.00, real=0.01 secs] 
2014-07-16T10:53:24.631+0000: 2727.639: [GC [PSYoungGen: 200971K->794K(241216K)] 601338K->401232K(928192K), 0.0128670 secs] [Times: user=0.08 sys=0.00, real=0.01 secs] 
2014-07-16T10:53:25.519+0000: 2728.528: [GC [PSYoungGen: 241178K->658K(289216K)] 641616K->401160K(976192K), 0.0133770 secs] [Times: user=0.08 sys=0.00, real=0.01 secs] 
2014-07-16T10:53:26.577+0000: 2729.585: [GC [PSYoungGen: 289144K->962K(320384K)] 689647K->401552K(1007360K), 0.0069260 secs] [Times: user=0.04 sys=0.00, real=0.01 secs] 
2014-07-16T10:53:27.744+0000: 2730.752: [GC [PSYoungGen: 320111K->980K(311424K)] 720702K->401626K(998400K), 0.0074610 secs] [Times: user=0.05 sys=0.00, real=0.01 secs] 
2014-07-16T10:53:28.964+0000: 2731.972: [GC [PSYoungGen: 311380K->908K(302912K)] 712026K->401618K(989888K), 0.0045810 secs] [Times: user=0.03 sys=0.00, real=0.01 secs] 
2014-07-16T10:53:30.070+0000: 2733.078: [GC [PSYoungGen: 302835K->448K(294272K)] 703546K->401206K(981248K), 0.0103140 secs] [Times: user=0.07 sys=0.00, real=0.01 secs] 
2014-07-16T10:53:31.158+0000: 2734.166: [GC [PSYoungGen: 294224K->744K(286784K)] 694983K->401558K(973760K), 0.0086640 secs] [Times: user=0.05 sys=0.01, real=0.01 secs] 
2014-07-16T10:53:32.233+0000: 2735.241: [GC [PSYoungGen: 286760K->1204K(279744K)] 687574K->402164K(966720K), 0.0050650 secs] [Times: user=0.02 sys=0.01, real=0.00 secs] 
2014-07-16T10:53:33.364+0000: 2736.373: [GC [PSYoungGen: 279732K->1004K(272320K)] 680692K->402028K(959296K), 0.0081410 secs] [Times: user=0.05 sys=0.00, real=0.01 secs] 
2014-07-16T10:53:34.318+0000: 2737.326: [GC [PSYoungGen: 272300K->498K(264896K)] 673324K->401790K(951872K), 0.0079540 secs] [Times: user=0.05 sys=0.00, real=0.01 secs] 
2014-07-16T10:53:35.283+0000: 2738.291: [GC [PSYoungGen: 264865K->808K(258560K)] 666157K->402156K(945536K), 0.0040820 secs] [Times: user=0.03 sys=0.00, real=0.00 secs] 
2014-07-16T10:53:36.257+0000: 2739.265: [GC [PSYoungGen: 258536K->946K(252288K)] 659884K->402466K(939264K), 0.0110010 secs] [Times: user=0.08 sys=0.00, real=0.01 secs] 
2014-07-16T10:53:37.206+0000: 2740.215: [GC [PSYoungGen: 252274K->1278K(246464K)] 653794K->402902K(933440K), 0.0087280 secs] [Times: user=0.06 sys=0.01, real=0.01 secs] 
2014-07-16T10:53:38.179+0000: 2741.187: [GC [PSYoungGen: 246462K->370K(239616K)] 648086K->402434K(926592K), 0.0104180 secs] [Times: user=0.07 sys=0.00, real=0.01 secs] 
2014-07-16T10:53:39.102+0000: 2742.110: [GC [PSYoungGen: 239602K->1186K(234752K)] 641666K->403355K(921728K), 0.0056140 secs] [Times: user=0.04 sys=0.00, real=0.00 secs] 
2014-07-16T10:53:39.974+0000: 2742.983: [GC [PSYoungGen: 234702K->1012K(229056K)] 636871K->403345K(916032K), 0.0083130 secs] [Times: user=0.03 sys=0.00, real=0.01 secs] 
2014-07-16T10:53:40.803+0000: 2743.811: [GC [PSYoungGen: 229030K->744K(223488K)] 631363K->403149K(910464K), 0.0037910 secs] [Times: user=0.01 sys=0.00, real=0.00 secs] 
2014-07-16T10:53:41.624+0000: 2744.632: [GC [PSYoungGen: 223464K->580K(218240K)] 625869K->403065K(905216K), 0.0096130 secs] [Times: user=0.07 sys=0.00, real=0.01 secs] 
2014-07-16T10:53:42.440+0000: 2745.448: [GC [PSYoungGen: 218147K->936K(213632K)] 620632K->403485K(900608K), 0.0046400 secs] [Times: user=0.02 sys=0.00, real=0.01 secs] 
2014-07-16T10:53:43.203+0000: 2746.212: [GC [PSYoungGen: 213608K->790K(208704K)] 616157K->403451K(895680K), 0.0076390 secs] [Times: user=0.05 sys=0.00, real=0.01 secs] 
2014-07-16T10:53:43.972+0000: 2746.980: [GC [PSYoungGen: 208654K->1040K(204352K)] 611315K->403749K(891328K), 0.0104260 secs] [Times: user=0.05 sys=0.01, real=0.01 secs] 
2014-07-16T10:53:44.741+0000: 2747.749: [GC [PSYoungGen: 204304K->818K(199616K)] 607013K->403753K(886592K), 0.0046570 secs] [Times: user=0.02 sys=0.00, real=0.01 secs] 
2014-07-16T10:53:45.463+0000: 2748.471: [GC [PSYoungGen: 199602K->580K(239232K)] 602537K->403603K(926208K), 0.0107920 secs] [Times: user=0.07 sys=0.00, real=0.01 secs] 
2014-07-16T10:53:46.344+0000: 2749.353: [GC [PSYoungGen: 239172K->1044K(233984K)] 642195K->404245K(920960K), 0.0072360 secs] [Times: user=0.05 sys=0.00, real=0.01 secs] 
2014-07-16T10:53:47.229+0000: 2750.238: [GC [PSYoungGen: 233905K->776K(228224K)] 637106K->404049K(915200K), 0.0079500 secs] [Times: user=0.05 sys=0.01, real=0.01 secs] 
2014-07-16T10:53:48.055+0000: 2751.063: [GC [PSYoungGen: 228117K->830K(222912K)] 631390K->404175K(909888K), 0.0070110 secs] [Times: user=0.04 sys=0.00, real=0.01 secs] 
2014-07-16T10:53:49.021+0000: 2752.029: [GC [PSYoungGen: 222844K->676K(217664K)] 626189K->404093K(904640K), 0.0059040 secs] [Times: user=0.03 sys=0.00, real=0.01 secs] 
2014-07-16T10:53:49.835+0000: 2752.843: [GC [PSYoungGen: 217636K->772K(212864K)] 621053K->404237K(899840K), 0.0103630 secs] [Times: user=0.06 sys=0.00, real=0.01 secs] 
2014-07-16T10:53:50.598+0000: 2753.607: [GC [PSYoungGen: 212804K->980K(208320K)] 616269K->404493K(895296K), 0.0092090 secs] [Times: user=0.06 sys=0.01, real=0.01 secs] 
2014-07-16T10:53:51.375+0000: 2754.384: [GC [PSYoungGen: 208251K->448K(203136K)] 611764K->404033K(890112K), 0.0060170 secs] [Times: user=0.03 sys=0.00, real=0.00 secs] 
2014-07-16T10:53:52.116+0000: 2755.124: [GC [PSYoungGen: 203108K->1048K(199360K)] 606693K->404681K(886336K), 0.0051710 secs] [Times: user=0.02 sys=0.00, real=0.00 secs] 
2014-07-16T10:53:52.855+0000: 2755.864: [GC [PSYoungGen: 199320K->1194K(195200K)] 602953K->405111K(882176K), 0.0072020 secs] [Times: user=0.05 sys=0.01, real=0.01 secs] 
2014-07-16T10:53:53.672+0000: 2756.681: [GC [PSYoungGen: 195178K->1214K(191040K)] 599095K->405195K(878016K), 0.0103080 secs] [Times: user=0.07 sys=0.00, real=0.01 secs] 
2014-07-16T10:53:54.332+0000: 2757.340: [GC [PSYoungGen: 190988K->680K(186560K)] 594969K->404693K(873536K), 0.0052880 secs] [Times: user=0.02 sys=0.00, real=0.01 secs] 
2014-07-16T10:53:55.002+0000: 2758.011: [GC [PSYoungGen: 186506K->1340K(183360K)] 590520K->405433K(870336K), 0.0043340 secs] [Times: user=0.02 sys=0.01, real=0.00 secs] 
2014-07-16T10:53:55.687+0000: 2758.696: [GC [PSYoungGen: 183329K->698K(179008K)] 587422K->404847K(865984K), 0.0045110 secs] [Times: user=0.03 sys=0.00, real=0.00 secs] 
2014-07-16T10:53:56.337+0000: 2759.346: [GC [PSYoungGen: 179002K->812K(175552K)] 583151K->405017K(862528K), 0.0080370 secs] [Times: user=0.05 sys=0.00, real=0.01 secs] 
2014-07-16T10:53:56.998+0000: 2760.007: [GC [PSYoungGen: 175532K->658K(171904K)] 579737K->404935K(858880K), 0.0058900 secs] [Times: user=0.04 sys=0.00, real=0.01 secs] 
2014-07-16T10:53:57.612+0000: 2760.620: [GC [PSYoungGen: 171858K->640K(168448K)] 576135K->404989K(855424K), 0.0047100 secs] [Times: user=0.02 sys=0.00, real=0.01 secs] 
2014-07-16T10:53:58.225+0000: 2761.234: [GC [PSYoungGen: 168448K->848K(202304K)] 572797K->405237K(889280K), 0.0126470 secs] [Times: user=0.07 sys=0.00, real=0.01 secs] 
2014-07-16T10:53:59.080+0000: 2762.089: [GC [PSYoungGen: 202241K->968K(242752K)] 606630K->405453K(929728K), 0.0070230 secs] [Times: user=0.04 sys=0.00, real=0.01 secs] 
2014-07-16T10:53:59.885+0000: 2762.893: [GC [PSYoungGen: 242663K->612K(290752K)] 647148K->405161K(977728K), 0.0086600 secs] [Times: user=0.05 sys=0.00, real=0.01 secs] 
2014-07-16T10:54:00.948+0000: 2763.956: [GC [PSYoungGen: 290724K->908K(283392K)] 695273K->405521K(970368K), 0.0053910 secs] [Times: user=0.02 sys=0.00, real=0.01 secs] 
2014-07-16T10:54:01.966+0000: 2764.974: [GC [PSYoungGen: 283310K->584K(275712K)] 687923K->405229K(962688K), 0.0060850 secs] [Times: user=0.02 sys=0.00, real=0.00 secs] 
2014-07-16T10:54:02.989+0000: 2765.997: [GC [PSYoungGen: 275655K->976K(269056K)] 680300K->405685K(956032K), 0.0121780 secs] [Times: user=0.07 sys=0.00, real=0.01 secs] 
2014-07-16T10:54:04.055+0000: 2767.063: [GC [PSYoungGen: 269008K->712K(262016K)] 673717K->405469K(948992K), 0.0093770 secs] [Times: user=0.06 sys=0.01, real=0.01 secs] 
2014-07-16T10:54:04.966+0000: 2767.974: [GC [PSYoungGen: 261929K->862K(255616K)] 666686K->405691K(942592K), 0.0091550 secs] [Times: user=0.05 sys=0.00, real=0.01 secs] 
2014-07-16T10:54:05.922+0000: 2768.930: [GC [PSYoungGen: 255582K->762K(249216K)] 660411K->405663K(936192K), 0.0073490 secs] [Times: user=0.05 sys=0.00, real=0.01 secs] 
2014-07-16T10:54:06.835+0000: 2769.843: [GC [PSYoungGen: 249197K->530K(242944K)] 654098K->405495K(929920K), 0.0075370 secs] [Times: user=0.04 sys=0.00, real=0.00 secs] 
2014-07-16T10:54:07.732+0000: 2770.741: [GC [PSYoungGen: 242898K->384K(236928K)] 647863K->405405K(923904K), 0.0111890 secs] [Times: user=0.07 sys=0.01, real=0.01 secs] 
2014-07-16T10:54:08.602+0000: 2771.610: [GC [PSYoungGen: 236921K->1132K(285056K)] 641942K->406241K(972032K), 0.0106950 secs] [Times: user=0.07 sys=0.00, real=0.01 secs] 
2014-07-16T10:54:09.723+0000: 2772.731: [GC [PSYoungGen: 284992K->434K(276928K)] 690101K->405599K(963904K), 0.0073730 secs] [Times: user=0.04 sys=0.00, real=0.01 secs] 
2014-07-16T10:54:10.737+0000: 2773.745: [GC [PSYoungGen: 276870K->548K(269952K)] 682035K->405785K(956928K), 0.0088910 secs] [Times: user=0.05 sys=0.00, real=0.01 secs] 
2014-07-16T10:54:11.716+0000: 2774.724: [GC [PSYoungGen: 269924K->844K(263424K)] 675161K->406161K(950400K), 0.0116600 secs] [Times: user=0.07 sys=0.00, real=0.01 secs] 
2014-07-16T10:54:12.685+0000: 2775.693: [GC [PSYoungGen: 263372K->416K(256384K)] 668689K->405781K(943360K), 0.0087030 secs] [Times: user=0.06 sys=0.00, real=0.01 secs] 
2014-07-16T10:54:13.639+0000: 2776.647: [GC [PSYoungGen: 256352K->630K(250240K)] 661717K->406091K(937216K), 0.0056450 secs] [Times: user=0.04 sys=0.00, real=0.00 secs] 
2014-07-16T10:54:14.550+0000: 2777.559: [GC [PSYoungGen: 250230K->850K(244416K)] 655691K->406407K(931392K), 0.0063680 secs] [Times: user=0.03 sys=0.00, real=0.01 secs] 
2014-07-16T10:54:15.446+0000: 2778.455: [GC [PSYoungGen: 244348K->566K(238208K)] 649905K->406179K(925184K), 0.0130150 secs] [Times: user=0.08 sys=0.00, real=0.01 secs] 
2014-07-16T10:54:16.330+0000: 2779.339: [GC [PSYoungGen: 238198K->1268K(233216K)] 643811K->406945K(920192K), 0.0077250 secs] [Times: user=0.05 sys=0.00, real=0.01 secs] 
2014-07-16T10:54:17.193+0000: 2780.201: [GC [PSYoungGen: 233204K->752K(227264K)] 638881K->407058K(914240K), 0.0091040 secs] [Times: user=0.06 sys=0.00, real=0.01 secs] 
2014-07-16T10:54:18.016+0000: 2781.024: [GC [PSYoungGen: 227248K->516K(221824K)] 633554K->406893K(908800K), 0.0079750 secs] [Times: user=0.05 sys=0.01, real=0.01 secs] 
2014-07-16T10:54:18.829+0000: 2781.837: [GC [PSYoungGen: 221764K->480K(216704K)] 628141K->407053K(903680K), 0.0065290 secs] [Times: user=0.04 sys=0.01, real=0.00 secs] 
2014-07-16T10:54:19.637+0000: 2782.646: [GC [PSYoungGen: 216657K->862K(260352K)] 623230K->407492K(947328K), 0.0106910 secs] [Times: user=0.06 sys=0.00, real=0.01 secs] 
2014-07-16T10:54:20.586+0000: 2783.594: [GC [PSYoungGen: 260318K->716K(253760K)] 666948K->407402K(940736K), 0.0043380 secs] [Times: user=0.02 sys=0.00, real=0.01 secs] 
2014-07-16T10:54:21.507+0000: 2784.515: [GC [PSYoungGen: 253708K->776K(247616K)] 660394K->407518K(934592K), 0.0046770 secs] [Times: user=0.03 sys=0.00, real=0.00 secs] 
2014-07-16T10:54:22.422+0000: 2785.430: [GC [PSYoungGen: 247560K->626K(241408K)] 654302K->407423K(928384K), 0.0038860 secs] [Times: user=0.02 sys=0.00, real=0.00 secs] 
2014-07-16T10:54:23.303+0000: 2786.311: [GC [PSYoungGen: 241394K->1012K(236032K)] 648191K->407890K(923008K), 0.0060640 secs] [Times: user=0.04 sys=0.00, real=0.01 secs] 
2014-07-16T10:54:24.235+0000: 2787.244: [GC [PSYoungGen: 236020K->908K(230400K)] 642898K->407866K(917376K), 0.0086020 secs] [Times: user=0.05 sys=0.00, real=0.01 secs] 
2014-07-16T10:54:25.002+0000: 2788.011: [GC [PSYoungGen: 230339K->1258K(225344K)] 637297K->408288K(912320K), 0.0039000 secs] [Times: user=0.02 sys=0.00, real=0.00 secs] 
2014-07-16T10:54:25.835+0000: 2788.844: [GC [PSYoungGen: 225322K->630K(219520K)] 632352K->407732K(906496K), 0.0059760 secs] [Times: user=0.03 sys=0.00, real=0.01 secs] 
2014-07-16T10:54:26.627+0000: 2789.635: [GC [PSYoungGen: 219510K->684K(214592K)] 626612K->407810K(901568K), 0.0088080 secs] [Times: user=0.03 sys=0.00, real=0.01 secs] 
2014-07-16T10:54:27.413+0000: 2790.421: [GC [PSYoungGen: 214572K->1394K(210496K)] 621698K->408634K(897472K), 0.0073410 secs] [Times: user=0.05 sys=0.00, real=0.01 secs] 
2014-07-16T10:54:28.176+0000: 2791.184: [GC [PSYoungGen: 210482K->1204K(205632K)] 617722K->408540K(892608K), 0.0082790 secs] [Times: user=0.05 sys=0.00, real=0.01 secs] 
2014-07-16T10:54:28.933+0000: 2791.942: [GC [PSYoungGen: 205577K->630K(200576K)] 612913K->408218K(887552K), 0.0081850 secs] [Times: user=0.05 sys=0.00, real=0.01 secs] 
2014-07-16T10:54:29.727+0000: 2792.735: [GC [PSYoungGen: 200538K->1580K(241536K)] 608126K->409324K(928512K), 0.0140190 secs] [Times: user=0.09 sys=0.00, real=0.02 secs] 
2014-07-16T10:54:30.670+0000: 2793.679: [GC [PSYoungGen: 241516K->626K(288576K)] 649260K->408542K(975552K), 0.0084220 secs] [Times: user=0.05 sys=0.00, real=0.01 secs] 
2014-07-16T10:54:31.726+0000: 2794.735: [GC [PSYoungGen: 288561K->1116K(281536K)] 696477K->409088K(968512K), 0.0036860 secs] [Times: user=0.02 sys=0.00, real=0.01 secs] 
2014-07-16T10:54:32.745+0000: 2795.754: [GC [PSYoungGen: 281462K->834K(273984K)] 689434K->408854K(960960K), 0.0036220 secs] [Times: user=0.01 sys=0.00, real=0.01 secs] 
2014-07-16T10:54:33.744+0000: 2796.753: [GC [PSYoungGen: 273922K->1398K(267520K)] 681942K->409482K(954496K), 0.0049870 secs] [Times: user=0.02 sys=0.00, real=0.01 secs] 
2014-07-16T10:54:34.775+0000: 2797.783: [GC [PSYoungGen: 267510K->448K(259840K)] 675594K->408588K(946816K), 0.0039350 secs] [Times: user=0.02 sys=0.00, real=0.01 secs] 
2014-07-16T10:54:35.733+0000: 2798.741: [GC [PSYoungGen: 259838K->480K(253440K)] 667978K->408684K(940416K), 0.0082600 secs] [Times: user=0.06 sys=0.00, real=0.01 secs] 
2014-07-16T10:54:36.678+0000: 2799.686: [GC [PSYoungGen: 253408K->726K(247488K)] 661612K->409002K(934464K), 0.0125310 secs] [Times: user=0.07 sys=0.01, real=0.02 secs] 
2014-07-16T10:54:37.597+0000: 2800.605: [GC [PSYoungGen: 247446K->634K(241344K)] 655722K->408966K(928320K), 0.0039060 secs] [Times: user=0.02 sys=0.01, real=0.01 secs] 
2014-07-16T10:54:38.517+0000: 2801.526: [GC [PSYoungGen: 241306K->794K(235776K)] 649638K->409230K(922752K), 0.0048160 secs] [Times: user=0.03 sys=0.01, real=0.01 secs] 
2014-07-16T10:54:39.481+0000: 2802.489: [GC [PSYoungGen: 235738K->1194K(230592K)] 644174K->409694K(917568K), 0.0079530 secs] [Times: user=0.05 sys=0.00, real=0.00 secs] 
2014-07-16T10:54:40.272+0000: 2803.281: [GC [PSYoungGen: 230570K->608K(224640K)] 639070K->409172K(911616K), 0.0067780 secs] [Times: user=0.04 sys=0.00, real=0.01 secs] 
2014-07-16T10:54:41.171+0000: 2804.180: [GC [PSYoungGen: 224608K->1508K(220352K)] 633172K->410136K(907328K), 0.0047230 secs] [Times: user=0.03 sys=0.00, real=0.00 secs] 
2014-07-16T10:54:41.901+0000: 2804.909: [GC [PSYoungGen: 220324K->1190K(215040K)] 628952K->410156K(902016K), 0.0095360 secs] [Times: user=0.06 sys=0.00, real=0.01 secs] 
2014-07-16T10:54:42.666+0000: 2805.674: [GC [PSYoungGen: 215014K->762K(209792K)] 623980K->409800K(896768K), 0.0067380 secs] [Times: user=0.04 sys=0.00, real=0.01 secs] 
2014-07-16T10:54:43.427+0000: 2806.436: [GC [PSYoungGen: 209786K->658K(205056K)] 618824K->409776K(892032K), 0.0062560 secs] [Times: user=0.03 sys=0.00, real=0.01 secs] 
2014-07-16T10:54:44.181+0000: 2807.189: [GC [PSYoungGen: 205009K->1026K(200960K)] 614127K->410208K(887936K), 0.0045270 secs] [Times: user=0.02 sys=0.00, real=0.00 secs] 
2014-07-16T10:54:44.972+0000: 2807.980: [GC [PSYoungGen: 200898K->530K(196096K)] 610080K->409792K(883072K), 0.0046990 secs] [Times: user=0.02 sys=0.00, real=0.00 secs] 
2014-07-16T10:54:45.675+0000: 2808.683: [GC [PSYoungGen: 196050K->448K(191808K)] 605312K->409766K(878784K), 0.0080240 secs] [Times: user=0.05 sys=0.00, real=0.01 secs] 
2014-07-16T10:54:46.389+0000: 2809.397: [GC [PSYoungGen: 191806K->882K(188224K)] 601124K->410272K(875200K), 0.0076580 secs] [Times: user=0.04 sys=0.00, real=0.01 secs] 
2014-07-16T10:54:47.088+0000: 2810.096: [GC [PSYoungGen: 188210K->1000K(184448K)] 597600K->410470K(871424K), 0.0056510 secs] [Times: user=0.03 sys=0.00, real=0.01 secs] 
2014-07-16T10:54:47.760+0000: 2810.768: [GC [PSYoungGen: 184424K->512K(220672K)] 593894K->410038K(907648K), 0.0180760 secs] [Times: user=0.13 sys=0.00, real=0.02 secs] 
2014-07-16T10:54:48.550+0000: 2811.558: [GC [PSYoungGen: 220672K->1004K(265216K)] 630198K->410618K(952192K), 0.0077980 secs] [Times: user=0.05 sys=0.00, real=0.01 secs] 
2014-07-16T10:54:49.647+0000: 2812.656: [GC [PSYoungGen: 265196K->594K(291712K)] 674810K->410248K(978688K), 0.0083820 secs] [Times: user=0.04 sys=0.00, real=0.01 secs] 
2014-07-16T10:54:50.706+0000: 2813.714: [GC [PSYoungGen: 290642K->1268K(283712K)] 700296K->410978K(970688K), 0.0043520 secs] [Times: user=0.02 sys=0.00, real=0.00 secs] 
2014-07-16T10:54:51.747+0000: 2814.756: [GC [PSYoungGen: 283700K->356K(275456K)] 693410K->410648K(962432K), 0.0059470 secs] [Times: user=0.04 sys=0.00, real=0.01 secs] 
2014-07-16T10:54:52.812+0000: 2815.820: [GC [PSYoungGen: 275428K->598K(268672K)] 685720K->410978K(955648K), 0.0054570 secs] [Times: user=0.03 sys=0.00, real=0.00 secs] 
2014-07-16T10:54:53.785+0000: 2816.793: [GC [PSYoungGen: 268585K->862K(262144K)] 678966K->411338K(949120K), 0.0112860 secs] [Times: user=0.07 sys=0.00, real=0.01 secs] 
2014-07-16T10:54:54.868+0000: 2817.876: [GC [PSYoungGen: 262090K->598K(255360K)] 672566K->411130K(942336K), 0.0077340 secs] [Times: user=0.04 sys=0.00, real=0.01 secs] 
2014-07-16T10:54:55.792+0000: 2818.801: [GC [PSYoungGen: 255318K->580K(249088K)] 665850K->411160K(936064K), 0.0040570 secs] [Times: user=0.02 sys=0.00, real=0.00 secs] 
2014-07-16T10:54:56.709+0000: 2819.717: [GC [PSYoungGen: 249002K->844K(243264K)] 659582K->411504K(930240K), 0.0031690 secs] [Times: user=0.02 sys=0.01, real=0.01 secs] 
2014-07-16T10:54:57.581+0000: 2820.590: [GC [PSYoungGen: 243212K->1054K(237632K)] 653872K->411778K(924608K), 0.0069340 secs] [Times: user=0.04 sys=0.00, real=0.01 secs] 
2014-07-16T10:54:58.447+0000: 2821.456: [GC [PSYoungGen: 237591K->880K(231808K)] 648315K->411708K(918784K), 0.0090190 secs] [Times: user=0.06 sys=0.00, real=0.01 secs] 
2014-07-16T10:54:59.281+0000: 2822.289: [GC [PSYoungGen: 231751K->994K(226496K)] 642580K->412150K(913472K), 0.0064840 secs] [Times: user=0.05 sys=0.00, real=0.01 secs] 
2014-07-16T10:55:00.190+0000: 2823.198: [GC [PSYoungGen: 226466K->830K(221056K)] 637622K->412042K(908032K), 0.0075820 secs] [Times: user=0.05 sys=0.00, real=0.01 secs] 
2014-07-16T10:55:00.984+0000: 2823.992: [GC [PSYoungGen: 221031K->1168K(216384K)] 632244K->412452K(903360K), 0.0053000 secs] [Times: user=0.03 sys=0.00, real=0.00 secs] 
2014-07-16T10:55:01.781+0000: 2824.789: [GC [PSYoungGen: 216336K->1530K(211840K)] 627620K->412894K(898816K), 0.0061500 secs] [Times: user=0.04 sys=0.00, real=0.01 secs] 
2014-07-16T10:55:02.537+0000: 2825.546: [GC [PSYoungGen: 211834K->384K(206016K)] 623198K->411844K(892992K), 0.0067080 secs] [Times: user=0.05 sys=0.00, real=0.01 secs] 
2014-07-16T10:55:03.300+0000: 2826.308: [GC [PSYoungGen: 205986K->662K(201792K)] 617446K->412178K(888768K), 0.0066850 secs] [Times: user=0.04 sys=0.00, real=0.01 secs] 
2014-07-16T10:55:04.027+0000: 2827.036: [GC [PSYoungGen: 201747K->794K(242176K)] 613263K->412382K(929152K), 0.0147290 secs] [Times: user=0.09 sys=0.00, real=0.01 secs] 
2014-07-16T10:55:04.944+0000: 2827.953: [GC [PSYoungGen: 242138K->808K(281920K)] 653726K->412468K(968896K), 0.0070830 secs] [Times: user=0.04 sys=0.01, real=0.00 secs] 
2014-07-16T10:55:05.958+0000: 2828.967: [GC [PSYoungGen: 281064K->634K(273600K)] 692724K->412358K(960576K), 0.0039100 secs] [Times: user=0.02 sys=0.00, real=0.00 secs] 
2014-07-16T10:55:06.983+0000: 2829.991: [GC [PSYoungGen: 273594K->448K(266432K)] 685318K->412212K(953408K), 0.0039290 secs] [Times: user=0.01 sys=0.00, real=0.01 secs] 
2014-07-16T10:55:07.964+0000: 2830.973: [GC [PSYoungGen: 266432K->1140K(260416K)] 678196K->412960K(947392K), 0.0076810 secs] [Times: user=0.05 sys=0.00, real=0.00 secs] 
2014-07-16T10:55:08.941+0000: 2831.949: [GC [PSYoungGen: 260404K->640K(253440K)] 672224K->412516K(940416K), 0.0058120 secs] [Times: user=0.04 sys=0.00, real=0.01 secs] 
2014-07-16T10:55:09.943+0000: 2832.951: [GC [PSYoungGen: 253440K->762K(247360K)] 665316K->412710K(934336K), 0.0075980 secs] [Times: user=0.04 sys=0.00, real=0.01 secs] 
2014-07-16T10:55:10.807+0000: 2833.816: [GC [PSYoungGen: 247354K->480K(241088K)] 659302K->412476K(928064K), 0.0058510 secs] [Times: user=0.04 sys=0.00, real=0.00 secs] 
2014-07-16T10:55:11.760+0000: 2834.768: [GC [PSYoungGen: 241056K->768K(235584K)] 653052K->412828K(922560K), 0.0040310 secs] [Times: user=0.02 sys=0.00, real=0.01 secs] 
2014-07-16T10:55:12.581+0000: 2835.589: [GC [PSYoungGen: 235556K->502K(229760K)] 647616K->412602K(916736K), 0.0048840 secs] [Times: user=0.02 sys=0.01, real=0.01 secs] 
2014-07-16T10:55:13.413+0000: 2836.422: [GC [PSYoungGen: 229750K->584K(224512K)] 641850K->412732K(911488K), 0.0088130 secs] [Times: user=0.05 sys=0.00, real=0.01 secs] 
2014-07-16T10:55:14.245+0000: 2837.254: [GC [PSYoungGen: 224456K->948K(219648K)] 636604K->413152K(906624K), 0.0089070 secs] [Times: user=0.04 sys=0.00, real=0.01 secs] 
2014-07-16T10:55:15.101+0000: 2838.109: [GC [PSYoungGen: 219593K->1030K(214784K)] 631797K->413298K(901760K), 0.0076680 secs] [Times: user=0.05 sys=0.00, real=0.01 secs] 
2014-07-16T10:55:15.823+0000: 2838.831: [GC [PSYoungGen: 214725K->1176K(210112K)] 626994K->413532K(897088K), 0.0066860 secs] [Times: user=0.04 sys=0.00, real=0.01 secs] 
2014-07-16T10:55:16.594+0000: 2839.602: [GC [PSYoungGen: 210012K->562K(204800K)] 622369K->412982K(891776K), 0.0077630 secs] [Times: user=0.05 sys=0.00, real=0.01 secs] 
2014-07-16T10:55:17.368+0000: 2840.376: [GC [PSYoungGen: 204765K->1072K(200832K)] 617186K->413548K(887808K), 0.0067490 secs] [Times: user=0.04 sys=0.00, real=0.00 secs] 
2014-07-16T10:55:18.082+0000: 2841.091: [GC [PSYoungGen: 200816K->926K(196352K)] 613292K->413474K(883328K), 0.0058060 secs] [Times: user=0.04 sys=0.00, real=0.01 secs] 
2014-07-16T10:55:18.779+0000: 2841.787: [GC [PSYoungGen: 196318K->512K(191744K)] 608866K->413124K(878720K), 0.0079280 secs] [Times: user=0.03 sys=0.00, real=0.01 secs] 
2014-07-16T10:55:19.483+0000: 2842.491: [GC [PSYoungGen: 191708K->694K(187904K)] 604320K->413386K(874880K), 0.0045180 secs] [Times: user=0.02 sys=0.00, real=0.01 secs] 
2014-07-16T10:55:20.264+0000: 2843.273: [GC [PSYoungGen: 187892K->1130K(184448K)] 600584K->413878K(871424K), 0.0040130 secs] [Times: user=0.02 sys=0.00, real=0.01 secs] 
2014-07-16T10:55:20.892+0000: 2843.900: [GC [PSYoungGen: 184404K->1148K(221120K)] 597153K->414132K(908096K), 0.0115520 secs] [Times: user=0.06 sys=0.00, real=0.01 secs] 
2014-07-16T10:55:21.707+0000: 2844.716: [GC [PSYoungGen: 221116K->740K(215680K)] 634100K->413788K(902656K), 0.0063960 secs] [Times: user=0.03 sys=0.00, real=0.00 secs] 
2014-07-16T10:55:22.509+0000: 2845.517: [GC [PSYoungGen: 215652K->1236K(211328K)] 628700K->414430K(898304K), 0.0077710 secs] [Times: user=0.05 sys=0.00, real=0.01 secs] 
2014-07-16T10:55:23.283+0000: 2846.291: [GC [PSYoungGen: 211256K->1098K(206528K)] 624450K->414372K(893504K), 0.0054800 secs] [Times: user=0.03 sys=0.01, real=0.01 secs] 
2014-07-16T10:55:24.058+0000: 2847.066: [GC [PSYoungGen: 206464K->730K(201600K)] 619739K->414060K(888576K), 0.0085470 secs] [Times: user=0.05 sys=0.00, real=0.01 secs] 
2014-07-16T10:55:24.802+0000: 2847.810: [GC [PSYoungGen: 201562K->958K(197440K)] 614892K->414360K(884416K), 0.0048250 secs] [Times: user=0.02 sys=0.00, real=0.01 secs] 
2014-07-16T10:55:25.522+0000: 2848.531: [GC [PSYoungGen: 197438K->1082K(193344K)] 610840K->414532K(880320K), 0.0065810 secs] [Times: user=0.02 sys=0.00, real=0.01 secs] 
2014-07-16T10:55:26.229+0000: 2849.238: [GC [PSYoungGen: 193338K->534K(231296K)] 606788K->414024K(918272K), 0.0104380 secs] [Times: user=0.06 sys=0.00, real=0.01 secs] 
2014-07-16T10:55:27.075+0000: 2850.084: [GC [PSYoungGen: 231254K->944K(226240K)] 644744K->414490K(913216K), 0.0042990 secs] [Times: user=0.02 sys=0.00, real=0.01 secs] 
2014-07-16T10:55:27.926+0000: 2850.935: [GC [PSYoungGen: 226224K->972K(221056K)] 639770K->414590K(908032K), 0.0076830 secs] [Times: user=0.05 sys=0.00, real=0.01 secs] 
2014-07-16T10:55:28.764+0000: 2851.772: [GC [PSYoungGen: 220972K->826K(215808K)] 634591K->414500K(902784K), 0.0040620 secs] [Times: user=0.02 sys=0.00, real=0.01 secs] 
2014-07-16T10:55:29.547+0000: 2852.555: [GC [PSYoungGen: 215764K->854K(211008K)] 629438K->414584K(897984K), 0.0043680 secs] [Times: user=0.03 sys=0.00, real=0.00 secs] 
2014-07-16T10:55:30.397+0000: 2853.405: [GC [PSYoungGen: 210961K->1258K(206720K)] 624691K->415044K(893696K), 0.0106130 secs] [Times: user=0.07 sys=0.00, real=0.02 secs] 
2014-07-16T10:55:31.186+0000: 2854.195: [GC [PSYoungGen: 206698K->612K(201536K)] 620484K->414470K(888512K), 0.0034490 secs] [Times: user=0.02 sys=0.00, real=0.01 secs] 
2014-07-16T10:55:31.932+0000: 2854.940: [GC [PSYoungGen: 201477K->990K(197568K)] 615335K->414904K(884544K), 0.0081770 secs] [Times: user=0.04 sys=0.00, real=0.01 secs] 
2014-07-16T10:55:32.691+0000: 2855.700: [GC [PSYoungGen: 197534K->914K(193280K)] 611448K->414916K(880256K), 0.0082790 secs] [Times: user=0.05 sys=0.00, real=0.01 secs] 
2014-07-16T10:55:33.381+0000: 2856.389: [GC [PSYoungGen: 193234K->598K(188864K)] 607236K->414656K(875840K), 0.0090010 secs] [Times: user=0.05 sys=0.00, real=0.01 secs] 
2014-07-16T10:55:34.078+0000: 2857.086: [GC [PSYoungGen: 188822K->644K(226624K)] 602880K->414758K(913600K), 0.0151440 secs] [Times: user=0.08 sys=0.00, real=0.01 secs] 
2014-07-16T10:55:34.894+0000: 2857.902: [GC [PSYoungGen: 226564K->876K(269120K)] 640678K->415070K(956096K), 0.0075400 secs] [Times: user=0.04 sys=0.01, real=0.01 secs] 
2014-07-16T10:55:35.915+0000: 2858.924: [GC [PSYoungGen: 268588K->804K(269056K)] 682782K->415078K(956032K), 0.0074870 secs] [Times: user=0.05 sys=0.00, real=0.01 secs] 
2014-07-16T10:55:36.898+0000: 2859.906: [GC [PSYoungGen: 268516K->516K(261504K)] 682790K->414838K(948480K), 0.0038670 secs] [Times: user=0.02 sys=0.00, real=0.00 secs] 
2014-07-16T10:55:37.856+0000: 2860.864: [GC [PSYoungGen: 261415K->652K(255104K)] 675737K->415030K(942080K), 0.0049080 secs] [Times: user=0.03 sys=0.00, real=0.01 secs] 
2014-07-16T10:55:38.790+0000: 2861.798: [GC [PSYoungGen: 255042K->740K(248896K)] 669420K->415150K(935872K), 0.0051410 secs] [Times: user=0.02 sys=0.00, real=0.00 secs] 
2014-07-16T10:55:39.675+0000: 2862.683: [GC [PSYoungGen: 248868K->548K(242624K)] 663278K->415014K(929600K), 0.0149000 secs] [Times: user=0.08 sys=0.00, real=0.02 secs] 
2014-07-16T10:55:40.585+0000: 2863.593: [GC [PSYoungGen: 242596K->754K(236992K)] 657062K->415316K(923968K), 0.0061370 secs] [Times: user=0.04 sys=0.00, real=0.01 secs] 
2014-07-16T10:55:41.447+0000: 2864.455: [GC [PSYoungGen: 236931K->898K(231552K)] 651493K->415500K(918528K), 0.0099660 secs] [Times: user=0.06 sys=0.01, real=0.01 secs] 
2014-07-16T10:55:42.308+0000: 2865.317: [GC [PSYoungGen: 231490K->758K(225920K)] 646092K->415790K(912896K), 0.0062410 secs] [Times: user=0.02 sys=0.00, real=0.01 secs] 
2014-07-16T10:55:43.180+0000: 2866.188: [GC [PSYoungGen: 225886K->1082K(220992K)] 640918K->416218K(907968K), 0.0067010 secs] [Times: user=0.05 sys=0.00, real=0.00 secs] 
2014-07-16T10:55:43.966+0000: 2866.974: [GC [PSYoungGen: 220986K->890K(215744K)] 636122K->416148K(902720K), 0.0084390 secs] [Times: user=0.05 sys=0.00, real=0.01 secs] 
2014-07-16T10:55:44.762+0000: 2867.771: [GC [PSYoungGen: 215725K->944K(210944K)] 630983K->416258K(897920K), 0.0067770 secs] [Times: user=0.04 sys=0.00, real=0.01 secs] 
2014-07-16T10:55:45.582+0000: 2868.591: [GC [PSYoungGen: 210897K->880K(206208K)] 626211K->416308K(893184K), 0.0076800 secs] [Times: user=0.05 sys=0.00, real=0.01 secs] 
2014-07-16T10:55:46.336+0000: 2869.344: [GC [PSYoungGen: 206192K->854K(201664K)] 621620K->416386K(888640K), 0.0076850 secs] [Times: user=0.05 sys=0.00, real=0.01 secs] 
2014-07-16T10:55:47.081+0000: 2870.089: [GC [PSYoungGen: 201622K->690K(197120K)] 617154K->416278K(884096K), 0.0043170 secs] [Times: user=0.03 sys=0.00, real=0.00 secs] 
2014-07-16T10:55:47.805+0000: 2870.813: [GC [PSYoungGen: 197106K->900K(193152K)] 612694K->416560K(880128K), 0.0066750 secs] [Times: user=0.05 sys=0.00, real=0.01 secs] 
2014-07-16T10:55:48.483+0000: 2871.492: [GC [PSYoungGen: 193046K->680K(188800K)] 608706K->416404K(875776K), 0.0063400 secs] [Times: user=0.04 sys=0.01, real=0.00 secs] 
2014-07-16T10:55:49.189+0000: 2872.198: [GC [PSYoungGen: 188764K->1194K(185408K)] 604488K->416998K(872384K), 0.0077260 secs] [Times: user=0.04 sys=0.00, real=0.01 secs] 
2014-07-16T10:55:49.854+0000: 2872.863: [GC [PSYoungGen: 185349K->516K(180992K)] 601153K->416376K(867968K), 0.0062310 secs] [Times: user=0.04 sys=0.00, real=0.01 secs] 
2014-07-16T10:55:50.502+0000: 2873.511: [GC [PSYoungGen: 180909K->594K(217152K)] 596769K->416502K(904128K), 0.0145360 secs] [Times: user=0.09 sys=0.00, real=0.01 secs] 
2014-07-16T10:55:51.301+0000: 2874.309: [GC [PSYoungGen: 217106K->1030K(260928K)] 633014K->416970K(947904K), 0.0060840 secs] [Times: user=0.02 sys=0.00, real=0.00 secs] 
2014-07-16T10:55:52.244+0000: 2875.252: [GC [PSYoungGen: 260866K->830K(312640K)] 676807K->416826K(999616K), 0.0085180 secs] [Times: user=0.05 sys=0.00, real=0.01 secs] 
2014-07-16T10:55:53.417+0000: 2876.426: [GC [PSYoungGen: 312638K->1158K(304512K)] 728634K->417210K(991488K), 0.0047280 secs] [Times: user=0.02 sys=0.00, real=0.01 secs] 
2014-07-16T10:55:54.509+0000: 2877.518: [GC [PSYoungGen: 304454K->498K(295616K)] 720506K->416614K(982592K), 0.0074310 secs] [Times: user=0.05 sys=0.00, real=0.01 secs] 
2014-07-16T10:55:55.767+0000: 2878.775: [GC [PSYoungGen: 295575K->1122K(288384K)] 711691K->417448K(975360K), 0.0070470 secs] [Times: user=0.04 sys=0.00, real=0.01 secs] 
2014-07-16T10:55:56.798+0000: 2879.807: [GC [PSYoungGen: 288274K->1340K(281024K)] 704600K->417738K(968000K), 0.0124600 secs] [Times: user=0.08 sys=0.00, real=0.01 secs] 
2014-07-16T10:55:57.835+0000: 2880.843: [GC [PSYoungGen: 281020K->630K(273088K)] 697418K->417330K(960064K), 0.0036920 secs] [Times: user=0.02 sys=0.00, real=0.00 secs] 
2014-07-16T10:55:58.817+0000: 2881.825: [GC [PSYoungGen: 273014K->1072K(266560K)] 689715K->417868K(953536K), 0.0060440 secs] [Times: user=0.04 sys=0.00, real=0.01 secs] 
2014-07-16T10:55:59.810+0000: 2882.818: [GC [PSYoungGen: 266544K->1092K(259904K)] 683340K->417976K(946880K), 0.0136520 secs] [Times: user=0.08 sys=0.00, real=0.02 secs] 
2014-07-16T10:56:00.816+0000: 2883.824: [GC [PSYoungGen: 259844K->1342K(253632K)] 676728K->418314K(940608K), 0.0138940 secs] [Times: user=0.08 sys=0.00, real=0.01 secs] 
2014-07-16T10:56:01.726+0000: 2884.734: [GC [PSYoungGen: 253531K->762K(246848K)] 670504K->417814K(933824K), 0.0071540 secs] [Times: user=0.04 sys=0.00, real=0.01 secs] 
2014-07-16T10:56:02.632+0000: 2885.640: [GC [PSYoungGen: 246793K->912K(241088K)] 663845K->418020K(928064K), 0.0055830 secs] [Times: user=0.02 sys=0.00, real=0.01 secs] 
2014-07-16T10:56:03.519+0000: 2886.527: [GC [PSYoungGen: 241001K->498K(234880K)] 658110K->417662K(921856K), 0.0093990 secs] [Times: user=0.06 sys=0.00, real=0.01 secs] 
2014-07-16T10:56:04.385+0000: 2887.393: [GC [PSYoungGen: 234866K->448K(281728K)] 652030K->417644K(968704K), 0.0146320 secs] [Times: user=0.09 sys=0.00, real=0.01 secs] 
2014-07-16T10:56:05.453+0000: 2888.461: [GC [PSYoungGen: 281713K->780K(274816K)] 698909K->418040K(961792K), 0.0057820 secs] [Times: user=0.03 sys=0.00, real=0.00 secs] 
2014-07-16T10:56:06.496+0000: 2889.504: [GC [PSYoungGen: 274731K->776K(267776K)] 691991K->418140K(954752K), 0.0094600 secs] [Times: user=0.05 sys=0.00, real=0.01 secs] 
2014-07-16T10:56:07.467+0000: 2890.476: [GC [PSYoungGen: 267720K->1462K(261632K)] 685084K->419122K(948608K), 0.0068230 secs] [Times: user=0.04 sys=0.00, real=0.01 secs] 
2014-07-16T10:56:08.428+0000: 2891.437: [GC [PSYoungGen: 261622K->680K(254336K)] 679282K->418444K(941312K), 0.0074040 secs] [Times: user=0.04 sys=0.00, real=0.01 secs] 
2014-07-16T10:56:09.370+0000: 2892.378: [GC [PSYoungGen: 254312K->712K(248128K)] 672076K->418532K(935104K), 0.0082820 secs] [Times: user=0.04 sys=0.00, real=0.01 secs] 
2014-07-16T10:56:10.286+0000: 2893.295: [GC [PSYoungGen: 248067K->1232K(242624K)] 665888K->419116K(929600K), 0.0135240 secs] [Times: user=0.07 sys=0.00, real=0.01 secs] 
2014-07-16T10:56:11.206+0000: 2894.214: [GC [PSYoungGen: 242575K->676K(236224K)] 660460K->418632K(923200K), 0.0089610 secs] [Times: user=0.05 sys=0.00, real=0.01 secs] 
2014-07-16T10:56:12.059+0000: 2895.068: [GC [PSYoungGen: 236193K->962K(230976K)] 654149K->418982K(917952K), 0.0090790 secs] [Times: user=0.05 sys=0.00, real=0.01 secs] 
2014-07-16T10:56:12.903+0000: 2895.911: [GC [PSYoungGen: 230872K->1048K(225664K)] 648892K->419116K(912640K), 0.0045870 secs] [Times: user=0.02 sys=0.00, real=0.00 secs] 
2014-07-16T10:56:13.777+0000: 2896.786: [GC [PSYoungGen: 225623K->1078K(220480K)] 643692K->419234K(907456K), 0.0040700 secs] [Times: user=0.02 sys=0.00, real=0.00 secs] 
2014-07-16T10:56:14.550+0000: 2897.558: [GC [PSYoungGen: 220470K->1068K(215488K)] 638626K->419296K(902464K), 0.0085900 secs] [Times: user=0.04 sys=0.00, real=0.01 secs] 
2014-07-16T10:56:15.342+0000: 2898.350: [GC [PSYoungGen: 215431K->972K(210560K)] 633659K->419256K(897536K), 0.0105420 secs] [Times: user=0.06 sys=0.00, real=0.01 secs] 
2014-07-16T10:56:16.171+0000: 2899.179: [GC [PSYoungGen: 210474K->1100K(252608K)] 628758K->419472K(939584K), 0.0106730 secs] [Times: user=0.06 sys=0.00, real=0.01 secs] 
2014-07-16T10:56:17.035+0000: 2900.043: [GC [PSYoungGen: 252556K->658K(245952K)] 670928K->419078K(932928K), 0.0039520 secs] [Times: user=0.02 sys=0.00, real=0.00 secs] 
2014-07-16T10:56:17.938+0000: 2900.947: [GC [PSYoungGen: 245906K->1260K(240576K)] 664326K->419752K(927552K), 0.0094580 secs] [Times: user=0.05 sys=0.00, real=0.01 secs] 
2014-07-16T10:56:18.823+0000: 2901.831: [GC [PSYoungGen: 240554K->562K(234112K)] 659046K->419110K(921088K), 0.0077940 secs] [Times: user=0.04 sys=0.00, real=0.01 secs] 
2014-07-16T10:56:19.686+0000: 2902.695: [GC [PSYoungGen: 234042K->552K(228608K)] 652591K->419140K(915584K), 0.0043060 secs] [Times: user=0.01 sys=0.00, real=0.00 secs] 
2014-07-16T10:56:20.537+0000: 2903.545: [GC [PSYoungGen: 228564K->830K(223552K)] 647153K->419466K(910528K), 0.0075440 secs] [Times: user=0.04 sys=0.00, real=0.00 secs] 
2014-07-16T10:56:21.456+0000: 2904.464: [GC [PSYoungGen: 223550K->1486K(219136K)] 642186K->420202K(906112K), 0.0073540 secs] [Times: user=0.05 sys=0.00, real=0.00 secs] 
2014-07-16T10:56:22.254+0000: 2905.263: [GC [PSYoungGen: 219086K->562K(213248K)] 637802K->419350K(900224K), 0.0087530 secs] [Times: user=0.06 sys=0.01, real=0.01 secs] 
2014-07-16T10:56:23.049+0000: 2906.057: [GC [PSYoungGen: 213234K->1140K(209024K)] 632022K->420016K(896000K), 0.0063540 secs] [Times: user=0.03 sys=0.00, real=0.01 secs] 
2014-07-16T10:56:23.821+0000: 2906.830: [GC [PSYoungGen: 209012K->608K(250112K)] 627888K->419556K(937088K), 0.0133250 secs] [Times: user=0.08 sys=0.00, real=0.01 secs] 
2014-07-16T10:56:24.741+0000: 2907.750: [GC [PSYoungGen: 250080K->836K(291328K)] 669028K->419880K(978304K), 0.0084630 secs] [Times: user=0.05 sys=0.00, real=0.01 secs] 
2014-07-16T10:56:25.803+0000: 2908.812: [GC [PSYoungGen: 290498K->612K(282688K)] 709543K->419720K(969664K), 0.0072750 secs] [Times: user=0.05 sys=0.00, real=0.01 secs] 
2014-07-16T10:56:26.863+0000: 2909.871: [GC [PSYoungGen: 282660K->1006K(275712K)] 701768K->420362K(962688K), 0.0060980 secs] [Times: user=0.02 sys=0.00, real=0.01 secs] 
2014-07-16T10:56:27.852+0000: 2910.861: [GC [PSYoungGen: 275694K->790K(268480K)] 695050K->420218K(955456K), 0.0076390 secs] [Times: user=0.05 sys=0.00, real=0.01 secs] 
2014-07-16T10:56:28.841+0000: 2911.849: [GC [PSYoungGen: 268438K->962K(261888K)] 687866K->420652K(948864K), 0.0083540 secs] [Times: user=0.05 sys=0.00, real=0.01 secs] 
2014-07-16T10:56:29.800+0000: 2912.808: [GC [PSYoungGen: 261826K->862K(255232K)] 681516K->420648K(942208K), 0.0034540 secs] [Times: user=0.03 sys=0.00, real=0.00 secs] 
2014-07-16T10:56:30.735+0000: 2913.743: [GC [PSYoungGen: 255193K->612K(248704K)] 674980K->420478K(935680K), 0.0045100 secs] [Times: user=0.02 sys=0.00, real=0.01 secs] 
2014-07-16T10:56:31.658+0000: 2914.667: [GC [PSYoungGen: 248676K->434K(242432K)] 668542K->420372K(929408K), 0.0083060 secs] [Times: user=0.05 sys=0.00, real=0.01 secs] 
2014-07-16T10:56:32.533+0000: 2915.542: [GC [PSYoungGen: 242418K->690K(236864K)] 662356K->420716K(923840K), 0.0073370 secs] [Times: user=0.05 sys=0.00, real=0.01 secs] 
2014-07-16T10:56:33.400+0000: 2916.409: [GC [PSYoungGen: 236850K->908K(231488K)] 656876K->421046K(918464K), 0.0075140 secs] [Times: user=0.05 sys=0.00, real=0.01 secs] 
2014-07-16T10:56:34.243+0000: 2917.252: [GC [PSYoungGen: 231436K->1072K(226176K)] 651574K->421298K(913152K), 0.0038250 secs] [Times: user=0.02 sys=0.00, real=0.01 secs] 
2014-07-16T10:56:35.094+0000: 2918.102: [GC [PSYoungGen: 226160K->986K(220928K)] 646386K->421292K(907904K), 0.0089990 secs] [Times: user=0.06 sys=0.00, real=0.01 secs] 
2014-07-16T10:56:35.970+0000: 2918.978: [GC [PSYoungGen: 220864K->744K(215616K)] 641171K->421122K(902592K), 0.0074780 secs] [Times: user=0.04 sys=0.00, real=0.01 secs] 
2014-07-16T10:56:36.750+0000: 2919.759: [GC [PSYoungGen: 215592K->466K(210496K)] 635970K->420924K(897472K), 0.0057800 secs] [Times: user=0.04 sys=0.00, real=0.00 secs] 
2014-07-16T10:56:37.526+0000: 2920.534: [GC [PSYoungGen: 210442K->1012K(206336K)] 630900K->421526K(893312K), 0.0033550 secs] [Times: user=0.02 sys=0.01, real=0.01 secs] 
2014-07-16T10:56:38.279+0000: 2921.287: [GC [PSYoungGen: 206324K->1104K(201920K)] 626838K->421706K(888896K), 0.0071250 secs] [Times: user=0.03 sys=0.00, real=0.00 secs] 
2014-07-16T10:56:39.007+0000: 2922.015: [GC [PSYoungGen: 201872K->824K(197248K)] 622474K->421942K(884224K), 0.0062510 secs] [Times: user=0.04 sys=0.00, real=0.00 secs] 
2014-07-16T10:56:39.735+0000: 2922.743: [GC [PSYoungGen: 197240K->730K(192960K)] 618358K->421920K(879936K), 0.0108370 secs] [Times: user=0.08 sys=0.00, real=0.01 secs] 
2014-07-16T10:56:40.440+0000: 2923.449: [GC [PSYoungGen: 192922K->448K(188544K)] 614112K->421934K(875520K), 0.0081490 secs] [Times: user=0.06 sys=0.00, real=0.01 secs] 
2014-07-16T10:56:41.242+0000: 2924.251: [GC [PSYoungGen: 188544K->1274K(185472K)] 610030K->422864K(872448K), 0.0066190 secs] [Times: user=0.05 sys=0.00, real=0.01 secs] 
2014-07-16T10:56:41.856+0000: 2924.865: [GC [PSYoungGen: 185466K->744K(221824K)] 607056K->422438K(908800K), 0.0108750 secs] [Times: user=0.08 sys=0.00, real=0.01 secs] 
2014-07-16T10:56:42.650+0000: 2925.659: [GC [PSYoungGen: 221722K->808K(266112K)] 643417K->422590K(953088K), 0.0055040 secs] [Times: user=0.04 sys=0.00, real=0.00 secs] 
2014-07-16T10:56:43.598+0000: 2926.606: [GC [PSYoungGen: 266088K->1248K(259840K)] 687870K->423095K(946816K), 0.0090980 secs] [Times: user=0.06 sys=0.00, real=0.01 secs] 
2014-07-16T10:56:44.564+0000: 2927.572: [GC [PSYoungGen: 259808K->708K(252864K)] 681655K->422634K(939840K), 0.0057970 secs] [Times: user=0.04 sys=0.00, real=0.01 secs] 
2014-07-16T10:56:45.527+0000: 2928.535: [GC [PSYoungGen: 252799K->862K(246784K)] 674726K->422877K(933760K), 0.0075420 secs] [Times: user=0.05 sys=0.01, real=0.01 secs] 
2014-07-16T10:56:46.546+0000: 2929.555: [GC [PSYoungGen: 246736K->898K(240896K)] 668751K->422969K(927872K), 0.0076720 secs] [Times: user=0.05 sys=0.00, real=0.01 secs] 
2014-07-16T10:56:47.429+0000: 2930.437: [GC [PSYoungGen: 240834K->644K(234880K)] 662905K->422778K(921856K), 0.0039720 secs] [Times: user=0.02 sys=0.00, real=0.00 secs] 
2014-07-16T10:56:48.305+0000: 2931.314: [GC [PSYoungGen: 234820K->708K(229376K)] 656954K->422922K(916352K), 0.0102800 secs] [Times: user=0.07 sys=0.00, real=0.01 secs] 
2014-07-16T10:56:49.156+0000: 2932.164: [GC [PSYoungGen: 229316K->894K(224192K)] 651530K->423180K(911168K), 0.0054010 secs] [Times: user=0.03 sys=0.00, real=0.01 secs] 
2014-07-16T10:56:49.983+0000: 2932.991: [GC [PSYoungGen: 224123K->1068K(219264K)] 646410K->423426K(906240K), 0.0090230 secs] [Times: user=0.07 sys=0.00, real=0.01 secs] 
2014-07-16T10:56:50.785+0000: 2933.793: [GC [PSYoungGen: 219213K->680K(213888K)] 641572K->423102K(900864K), 0.0082690 secs] [Times: user=0.06 sys=0.00, real=0.01 secs] 
2014-07-16T10:56:51.670+0000: 2934.679: [GC [PSYoungGen: 213814K->994K(209408K)] 636237K->423505K(896384K), 0.0093960 secs] [Times: user=0.06 sys=0.00, real=0.01 secs] 
2014-07-16T10:56:52.449+0000: 2935.457: [GC [PSYoungGen: 209378K->1130K(251264K)] 631889K->423803K(938240K), 0.0110380 secs] [Times: user=0.08 sys=0.00, real=0.01 secs] 
2014-07-16T10:56:53.360+0000: 2936.368: [GC [PSYoungGen: 251242K->694K(271168K)] 673915K->423430K(958144K), 0.0119060 secs] [Times: user=0.08 sys=0.00, real=0.01 secs] 
2014-07-16T10:56:54.349+0000: 2937.358: [GC [PSYoungGen: 270325K->530K(301632K)] 693062K->423354K(988608K), 0.0079230 secs] [Times: user=0.06 sys=0.00, real=0.01 secs] 
2014-07-16T10:56:55.498+0000: 2938.507: [GC [PSYoungGen: 300690K->544K(292672K)] 723514K->423416K(979648K), 0.0058590 secs] [Times: user=0.03 sys=0.00, real=0.01 secs] 
2014-07-16T10:56:56.646+0000: 2939.655: [GC [PSYoungGen: 292640K->944K(285312K)] 715512K->424063K(972288K), 0.0053790 secs] [Times: user=0.02 sys=0.00, real=0.01 secs] 
2014-07-16T10:56:57.678+0000: 2940.686: [GC [PSYoungGen: 285296K->576K(277504K)] 708415K->423798K(964480K), 0.0043490 secs] [Times: user=0.02 sys=0.00, real=0.01 secs] 
2014-07-16T10:56:58.743+0000: 2941.751: [GC [PSYoungGen: 277504K->930K(270720K)] 700726K->424225K(957696K), 0.0034910 secs] [Times: user=0.03 sys=0.00, real=0.00 secs] 
2014-07-16T10:56:59.709+0000: 2942.717: [GC [PSYoungGen: 270690K->498K(263424K)] 693985K->423848K(950400K), 0.0078240 secs] [Times: user=0.05 sys=0.00, real=0.01 secs] 
2014-07-16T10:57:00.702+0000: 2943.711: [GC [PSYoungGen: 263410K->384K(256704K)] 686760K->423782K(943680K), 0.0124350 secs] [Times: user=0.09 sys=0.00, real=0.01 secs] 
2014-07-16T10:57:01.794+0000: 2944.802: [GC [PSYoungGen: 256677K->868K(250880K)] 680076K->424338K(937856K), 0.0048120 secs] [Times: user=0.02 sys=0.00, real=0.00 secs] 
2014-07-16T10:57:02.687+0000: 2945.695: [GC [PSYoungGen: 250852K->498K(244352K)] 674322K->424024K(931328K), 0.0073400 secs] [Times: user=0.04 sys=0.00, real=0.01 secs] 
2014-07-16T10:57:03.565+0000: 2946.574: [GC [PSYoungGen: 244338K->530K(238528K)] 667864K->424128K(925504K), 0.0040320 secs] [Times: user=0.03 sys=0.00, real=0.00 secs] 
2014-07-16T10:57:04.453+0000: 2947.462: [GC [PSYoungGen: 238482K->730K(233024K)] 662080K->424392K(920000K), 0.0106420 secs] [Times: user=0.08 sys=0.00, real=0.01 secs] 
2014-07-16T10:57:05.337+0000: 2948.345: [GC [PSYoungGen: 232983K->804K(227584K)] 656646K->424554K(914560K), 0.0101810 secs] [Times: user=0.05 sys=0.00, real=0.01 secs] 
2014-07-16T10:57:06.169+0000: 2949.178: [GC [PSYoungGen: 227529K->1140K(222656K)] 651280K->424987K(909632K), 0.0044950 secs] [Times: user=0.02 sys=0.01, real=0.01 secs] 
2014-07-16T10:57:07.035+0000: 2950.043: [GC [PSYoungGen: 222644K->1004K(217472K)] 646491K->424923K(904448K), 0.0054650 secs] [Times: user=0.03 sys=0.00, real=0.00 secs] 
2014-07-16T10:57:07.809+0000: 2950.817: [GC [PSYoungGen: 217430K->694K(212224K)] 641349K->424692K(899200K), 0.0097420 secs] [Times: user=0.07 sys=0.00, real=0.01 secs] 
2014-07-16T10:57:08.576+0000: 2951.584: [GC [PSYoungGen: 212214K->848K(207680K)] 636212K->424903K(894656K), 0.0072190 secs] [Times: user=0.04 sys=0.00, real=0.01 secs] 
2014-07-16T10:57:09.323+0000: 2952.331: [GC [PSYoungGen: 207632K->594K(248832K)] 631687K->424712K(935808K), 0.0166830 secs] [Times: user=0.12 sys=0.00, real=0.01 secs] 
2014-07-16T10:57:10.225+0000: 2953.234: [GC [PSYoungGen: 248755K->498K(242624K)] 672874K->424696K(929600K), 0.0037790 secs] [Times: user=0.02 sys=0.00, real=0.00 secs] 
2014-07-16T10:57:11.113+0000: 2954.121: [GC [PSYoungGen: 242607K->776K(237120K)] 666806K->425046K(924096K), 0.0062730 secs] [Times: user=0.05 sys=0.00, real=0.00 secs] 
2014-07-16T10:57:12.017+0000: 2955.026: [GC [PSYoungGen: 237064K->926K(231616K)] 661334K->425261K(918592K), 0.0105940 secs] [Times: user=0.07 sys=0.00, real=0.01 secs] 
2014-07-16T10:57:12.859+0000: 2955.868: [GC [PSYoungGen: 231582K->776K(226048K)] 655917K->425223K(913024K), 0.0077220 secs] [Times: user=0.05 sys=0.00, real=0.01 secs] 
2014-07-16T10:57:13.679+0000: 2956.687: [GC [PSYoungGen: 225968K->808K(220800K)] 650415K->425327K(907776K), 0.0057510 secs] [Times: user=0.03 sys=0.00, real=0.01 secs] 
2014-07-16T10:57:14.485+0000: 2957.493: [GC [PSYoungGen: 220776K->952K(215872K)] 645295K->425751K(902848K), 0.0035710 secs] [Times: user=0.02 sys=0.00, real=0.00 secs] 
2014-07-16T10:57:15.279+0000: 2958.288: [GC [PSYoungGen: 215856K->726K(210816K)] 640655K->425597K(897792K), 0.0065480 secs] [Times: user=0.05 sys=0.00, real=0.01 secs] 
2014-07-16T10:57:16.054+0000: 2959.062: [GC [PSYoungGen: 210774K->512K(205888K)] 635645K->425470K(892864K), 0.0117490 secs] [Times: user=0.07 sys=0.00, real=0.01 secs] 
2014-07-16T10:57:16.918+0000: 2959.926: [GC [PSYoungGen: 205820K->1324K(247808K)] 630779K->426355K(934784K), 0.0109770 secs] [Times: user=0.07 sys=0.00, real=0.01 secs] 
2014-07-16T10:57:17.784+0000: 2960.793: [GC [PSYoungGen: 247785K->548K(286528K)] 672816K->425643K(973504K), 0.0086060 secs] [Times: user=0.06 sys=0.00, real=0.00 secs] 
2014-07-16T10:57:18.822+0000: 2961.830: [GC [PSYoungGen: 286180K->612K(278784K)] 711275K->425787K(965760K), 0.0044550 secs] [Times: user=0.02 sys=0.00, real=0.01 secs] 
2014-07-16T10:57:19.821+0000: 2962.830: [GC [PSYoungGen: 278752K->884K(271872K)] 703927K->426131K(958848K), 0.0069430 secs] [Times: user=0.04 sys=0.00, real=0.01 secs] 
2014-07-16T10:57:20.815+0000: 2963.824: [GC [PSYoungGen: 271860K->640K(264704K)] 697107K->425958K(951680K), 0.0062820 secs] [Times: user=0.03 sys=0.00, real=0.00 secs] 
2014-07-16T10:57:21.920+0000: 2964.929: [GC [PSYoungGen: 264704K->1400K(258816K)] 690022K->426911K(945792K), 0.0103100 secs] [Times: user=0.07 sys=0.01, real=0.01 secs] 
2014-07-16T10:57:22.744+0000: 2965.752: [GC [PSYoungGen: 258808K->1362K(252416K)] 684319K->426945K(939392K), 0.0038820 secs] [Times: user=0.02 sys=0.00, real=0.01 secs] 
2014-07-16T10:57:23.661+0000: 2966.670: [GC [PSYoungGen: 252370K->576K(245440K)] 677953K->426318K(932416K), 0.0099620 secs] [Times: user=0.06 sys=0.00, real=0.01 secs] 
2014-07-16T10:57:24.558+0000: 2967.567: [GC [PSYoungGen: 245440K->766K(239680K)] 671182K->426573K(926656K), 0.0038200 secs] [Times: user=0.02 sys=0.00, real=0.00 secs] 
2014-07-16T10:57:25.458+0000: 2968.466: [GC [PSYoungGen: 239662K->976K(234240K)] 665469K->426847K(921216K), 0.0044130 secs] [Times: user=0.02 sys=0.00, real=0.00 secs] 
2014-07-16T10:57:26.317+0000: 2969.325: [GC [PSYoungGen: 234192K->1236K(228992K)] 660063K->427187K(915968K), 0.0037710 secs] [Times: user=0.02 sys=0.01, real=0.00 secs] 
2014-07-16T10:57:27.199+0000: 2970.208: [GC [PSYoungGen: 228947K->594K(223040K)] 654898K->426633K(910016K), 0.0049300 secs] [Times: user=0.03 sys=0.00, real=0.00 secs] 
2014-07-16T10:57:28.101+0000: 2971.110: [GC [PSYoungGen: 222994K->990K(218304K)] 649033K->427093K(905280K), 0.0079030 secs] [Times: user=0.05 sys=0.00, real=0.01 secs] 
2014-07-16T10:57:28.864+0000: 2971.873: [GC [PSYoungGen: 218270K->594K(212992K)] 644373K->426761K(899968K), 0.0096010 secs] [Times: user=0.07 sys=0.00, real=0.01 secs] 
2014-07-16T10:57:29.640+0000: 2972.649: [GC [PSYoungGen: 212944K->516K(208192K)] 639111K->426763K(895168K), 0.0032900 secs] [Times: user=0.02 sys=0.00, real=0.00 secs] 
2014-07-16T10:57:30.411+0000: 2973.419: [GC [PSYoungGen: 208093K->1030K(204096K)] 634340K->427357K(891072K), 0.0038690 secs] [Times: user=0.02 sys=0.00, real=0.00 secs] 
2014-07-16T10:57:31.154+0000: 2974.163: [GC [PSYoungGen: 204038K->894K(244544K)] 630365K->427293K(931520K), 0.0184640 secs] [Times: user=0.12 sys=0.00, real=0.02 secs] 
2014-07-16T10:57:32.186+0000: 2975.194: [GC [PSYoungGen: 244542K->754K(238528K)] 670941K->427209K(925504K), 0.0068220 secs] [Times: user=0.05 sys=0.00, real=0.00 secs] 
2014-07-16T10:57:32.980+0000: 2975.989: [GC [PSYoungGen: 238514K->416K(232512K)] 664969K->426910K(919488K), 0.0062870 secs] [Times: user=0.04 sys=0.00, real=0.01 secs] 
2014-07-16T10:57:33.843+0000: 2976.851: [GC [PSYoungGen: 232480K->776K(227456K)] 658974K->427303K(914432K), 0.0063210 secs] [Times: user=0.03 sys=0.00, real=0.01 secs] 
2014-07-16T10:57:34.678+0000: 2977.686: [GC [PSYoungGen: 227400K->576K(221952K)] 653927K->427190K(908928K), 0.0058900 secs] [Times: user=0.03 sys=0.00, real=0.00 secs] 
2014-07-16T10:57:35.484+0000: 2978.492: [GC [PSYoungGen: 221928K->644K(217024K)] 648543K->427323K(904000K), 0.0045100 secs] [Times: user=0.01 sys=0.00, real=0.01 secs] 
2014-07-16T10:57:36.286+0000: 2979.294: [GC [PSYoungGen: 216964K->530K(211968K)] 643643K->427289K(898944K), 0.0076340 secs] [Times: user=0.05 sys=0.00, real=0.01 secs] 
2014-07-16T10:57:37.160+0000: 2980.168: [GC [PSYoungGen: 211922K->864K(207552K)] 638681K->427678K(894528K), 0.0038990 secs] [Times: user=0.02 sys=0.00, real=0.00 secs] 
2014-07-16T10:57:37.881+0000: 2980.889: [GC [PSYoungGen: 207520K->580K(202752K)] 634334K->427435K(889728K), 0.0133530 secs] [Times: user=0.08 sys=0.00, real=0.01 secs] 
2014-07-16T10:57:38.629+0000: 2981.637: [GC [PSYoungGen: 202692K->434K(198144K)] 629547K->427361K(885120K), 0.0061780 secs] [Times: user=0.04 sys=0.00, real=0.00 secs] 
2014-07-16T10:57:39.360+0000: 2982.368: [GC [PSYoungGen: 198124K->740K(238016K)] 625051K->427731K(924992K), 0.0108060 secs] [Times: user=0.06 sys=0.00, real=0.01 secs] 
2014-07-16T10:57:40.228+0000: 2983.236: [GC [PSYoungGen: 237971K->1262K(232896K)] 664962K->428415K(919872K), 0.0065300 secs] [Times: user=0.04 sys=0.00, real=0.00 secs] 
2014-07-16T10:57:41.067+0000: 2984.075: [GC [PSYoungGen: 232878K->666K(226880K)] 660031K->427891K(913856K), 0.0058160 secs] [Times: user=0.02 sys=0.00, real=0.01 secs] 
2014-07-16T10:57:41.902+0000: 2984.910: [GC [PSYoungGen: 226842K->772K(221760K)] 654067K->428053K(908736K), 0.0099940 secs] [Times: user=0.06 sys=0.00, real=0.01 secs] 
2014-07-16T10:57:42.756+0000: 2985.765: [GC [PSYoungGen: 221700K->480K(216384K)] 648981K->427809K(903360K), 0.0096300 secs] [Times: user=0.06 sys=0.00, real=0.01 secs] 
2014-07-16T10:57:43.542+0000: 2986.551: [GC [PSYoungGen: 216352K->1044K(212096K)] 643681K->428445K(899072K), 0.0035740 secs] [Times: user=0.02 sys=0.00, real=0.00 secs] 
2014-07-16T10:57:44.333+0000: 2987.341: [GC [PSYoungGen: 212052K->1022K(207296K)] 639453K->428503K(894272K), 0.0083600 secs] [Times: user=0.06 sys=0.00, real=0.01 secs] 
2014-07-16T10:57:45.111+0000: 2988.120: [GC [PSYoungGen: 207294K->762K(248320K)] 634775K->428307K(935296K), 0.0114870 secs] [Times: user=0.09 sys=0.00, real=0.01 secs] 
2014-07-16T10:57:46.016+0000: 2989.025: [GC [PSYoungGen: 248314K->1218K(267584K)] 675859K->428835K(954560K), 0.0087690 secs] [Times: user=0.05 sys=0.00, real=0.01 secs] 
2014-07-16T10:57:47.010+0000: 2990.018: [GC [PSYoungGen: 267394K->1158K(298496K)] 695011K->428863K(985472K), 0.0119260 secs] [Times: user=0.08 sys=0.00, real=0.01 secs] 
2014-07-16T10:57:48.149+0000: 2991.158: [GC [PSYoungGen: 298105K->776K(289920K)] 725810K->428553K(976896K), 0.0054620 secs] [Times: user=0.02 sys=0.00, real=0.00 secs] 
2014-07-16T10:57:49.225+0000: 2992.233: [GC [PSYoungGen: 289780K->748K(282240K)] 717557K->428605K(969216K), 0.0085240 secs] [Times: user=0.05 sys=0.01, real=0.01 secs] 
2014-07-16T10:57:50.247+0000: 2993.255: [GC [PSYoungGen: 282220K->866K(275072K)] 710077K->428771K(962048K), 0.0045780 secs] [Times: user=0.02 sys=0.00, real=0.01 secs] 
2014-07-16T10:57:51.268+0000: 2994.276: [GC [PSYoungGen: 275042K->712K(267904K)] 702947K->428665K(954880K), 0.0092160 secs] [Times: user=0.06 sys=0.00, real=0.01 secs] 
2014-07-16T10:57:52.230+0000: 2995.239: [GC [PSYoungGen: 267848K->562K(260928K)] 695801K->428603K(947904K), 0.0067450 secs] [Times: user=0.05 sys=0.00, real=0.00 secs] 
2014-07-16T10:57:53.198+0000: 2996.206: [GC [PSYoungGen: 260890K->958K(254784K)] 688931K->429095K(941760K), 0.0160470 secs] [Times: user=0.11 sys=0.00, real=0.02 secs] 
2014-07-16T10:57:54.125+0000: 2997.134: [GC [PSYoungGen: 254781K->1336K(248896K)] 682918K->429667K(935872K), 0.0053580 secs] [Times: user=0.03 sys=0.00, real=0.01 secs] 
2014-07-16T10:57:55.049+0000: 2998.057: [GC [PSYoungGen: 248888K->428K(241984K)] 677219K->429628K(928960K), 0.0080250 secs] [Times: user=0.05 sys=0.00, real=0.00 secs] 
2014-07-16T10:57:55.920+0000: 2998.928: [GC [PSYoungGen: 241936K->1290K(237056K)] 671137K->430538K(924032K), 0.0036130 secs] [Times: user=0.02 sys=0.00, real=0.00 secs] 
2014-07-16T10:57:56.792+0000: 2999.800: [GC [PSYoungGen: 237002K->876K(231040K)] 666250K->430656K(918016K), 0.0035870 secs] [Times: user=0.02 sys=0.01, real=0.00 secs] 
2014-07-16T10:57:57.624+0000: 3000.633: [GC [PSYoungGen: 231020K->790K(225600K)] 660800K->430658K(912576K), 0.0092340 secs] [Times: user=0.06 sys=0.00, real=0.01 secs] 
2014-07-16T10:57:58.447+0000: 3001.456: [GC [PSYoungGen: 225558K->754K(220352K)] 655426K->430726K(907328K), 0.0108780 secs] [Times: user=0.07 sys=0.00, real=0.01 secs] 
2014-07-16T10:57:59.290+0000: 3002.298: [GC [PSYoungGen: 220338K->1370K(264960K)] 650310K->431398K(951936K), 0.0151290 secs] [Times: user=0.10 sys=0.00, real=0.02 secs] 
2014-07-16T10:58:00.248+0000: 3003.256: [GC [PSYoungGen: 264922K->1008K(290240K)] 694950K->431148K(977216K), 0.0077980 secs] [Times: user=0.04 sys=0.01, real=0.01 secs] 
2014-07-16T10:58:01.318+0000: 3004.327: [GC [PSYoungGen: 290160K->676K(282240K)] 720300K->430912K(969216K), 0.0064050 secs] [Times: user=0.04 sys=0.00, real=0.01 secs] 
2014-07-16T10:58:02.499+0000: 3005.507: [GC [PSYoungGen: 282212K->1004K(275264K)] 712448K->431288K(962240K), 0.0057750 secs] [Times: user=0.04 sys=0.00, real=0.01 secs] 
2014-07-16T10:58:03.474+0000: 3006.482: [GC [PSYoungGen: 275244K->1428K(268672K)] 705528K->431792K(955648K), 0.0144230 secs] [Times: user=0.09 sys=0.00, real=0.01 secs] 
2014-07-16T10:58:04.447+0000: 3007.455: [GC [PSYoungGen: 268555K->766K(261184K)] 698919K->431590K(948160K), 0.0055640 secs] [Times: user=0.04 sys=0.00, real=0.01 secs] 
2014-07-16T10:58:05.391+0000: 3008.399: [GC [PSYoungGen: 261182K->990K(254912K)] 692006K->431902K(941888K), 0.0057920 secs] [Times: user=0.04 sys=0.00, real=0.00 secs] 
2014-07-16T10:58:06.325+0000: 3009.334: [GC [PSYoungGen: 254878K->612K(248256K)] 685790K->431930K(935232K), 0.0093030 secs] [Times: user=0.06 sys=0.00, real=0.01 secs] 
2014-07-16T10:58:07.226+0000: 3010.235: [GC [PSYoungGen: 248218K->594K(286528K)] 679537K->431976K(973504K), 0.0216410 secs] [Times: user=0.14 sys=0.01, real=0.02 secs] 
2014-07-16T10:58:08.339+0000: 3011.347: [GC [PSYoungGen: 285458K->766K(298880K)] 716840K->432204K(985856K), 0.0162180 secs] [Times: user=0.11 sys=0.00, real=0.02 secs] 
2014-07-16T10:58:09.451+0000: 3012.460: [GC [PSYoungGen: 297982K->1254K(298816K)] 729420K->432780K(985792K), 0.0083670 secs] [Times: user=0.05 sys=0.00, real=0.00 secs] 
2014-07-16T10:58:10.557+0000: 3013.565: [GC [PSYoungGen: 298470K->548K(289856K)] 729996K->432114K(976832K), 0.0040490 secs] [Times: user=0.02 sys=0.00, real=0.00 secs] 
2014-07-16T10:58:11.624+0000: 3014.632: [GC [PSYoungGen: 289828K->448K(282112K)] 721394K->432078K(969088K), 0.0044640 secs] [Times: user=0.03 sys=0.00, real=0.00 secs] 
2014-07-16T10:58:12.755+0000: 3015.764: [GC [PSYoungGen: 282112K->800K(275200K)] 713742K->432502K(962176K), 0.0086910 secs] [Times: user=0.06 sys=0.00, real=0.01 secs] 
2014-07-16T10:58:13.688+0000: 3016.697: [GC [PSYoungGen: 275168K->1094K(268480K)] 706870K->432876K(955456K), 0.0078600 secs] [Times: user=0.04 sys=0.00, real=0.01 secs] 
2014-07-16T10:58:14.667+0000: 3017.676: [GC [PSYoungGen: 268422K->722K(261312K)] 700204K->432600K(948288K), 0.0075440 secs] [Times: user=0.06 sys=0.00, real=0.01 secs] 
2014-07-16T10:58:15.620+0000: 3018.628: [GC [PSYoungGen: 261266K->1422K(255488K)] 693144K->433372K(942464K), 0.0123630 secs] [Times: user=0.08 sys=0.00, real=0.02 secs] 
2014-07-16T10:58:16.556+0000: 3019.565: [GC [PSYoungGen: 255438K->1016K(248768K)] 687388K->433184K(935744K), 0.0062090 secs] [Times: user=0.03 sys=0.00, real=0.01 secs] 
2014-07-16T10:58:17.536+0000: 3020.544: [GC [PSYoungGen: 248760K->1054K(242816K)] 680928K->433294K(929792K), 0.0042360 secs] [Times: user=0.03 sys=0.00, real=0.00 secs] 
2014-07-16T10:58:18.523+0000: 3021.531: [GC [PSYoungGen: 242733K->936K(236864K)] 674974K->433264K(923840K), 0.0083390 secs] [Times: user=0.06 sys=0.00, real=0.00 secs] 
2014-07-16T10:58:19.419+0000: 3022.427: [GC [PSYoungGen: 236819K->894K(231168K)] 669148K->433286K(918144K), 0.0116930 secs] [Times: user=0.08 sys=0.00, real=0.01 secs] 
2014-07-16T10:58:20.298+0000: 3023.306: [GC [PSYoungGen: 231164K->1030K(225984K)] 663557K->433510K(912960K), 0.0033570 secs] [Times: user=0.02 sys=0.00, real=0.00 secs] 
2014-07-16T10:58:21.093+0000: 3024.101: [GC [PSYoungGen: 225926K->658K(220416K)] 658406K->433202K(907392K), 0.0046460 secs] [Times: user=0.03 sys=0.00, real=0.00 secs] 
2014-07-16T10:58:21.900+0000: 3024.908: [GC [PSYoungGen: 220370K->626K(215360K)] 652914K->433274K(902336K), 0.0068800 secs] [Times: user=0.04 sys=0.00, real=0.01 secs] 
2014-07-16T10:58:22.692+0000: 3025.700: [GC [PSYoungGen: 215341K->776K(210688K)] 647990K->433520K(897664K), 0.0073460 secs] [Times: user=0.05 sys=0.00, real=0.01 secs] 
2014-07-16T10:58:23.448+0000: 3026.456: [GC [PSYoungGen: 210632K->684K(205888K)] 643376K->433476K(892864K), 0.0049920 secs] [Times: user=0.02 sys=0.00, real=0.01 secs] 
2014-07-16T10:58:24.216+0000: 3027.224: [GC [PSYoungGen: 205868K->826K(201472K)] 638660K->433682K(888448K), 0.0126030 secs] [Times: user=0.08 sys=0.00, real=0.01 secs] 
2014-07-16T10:58:24.986+0000: 3027.994: [GC [PSYoungGen: 201466K->908K(241728K)] 634322K->433820K(928704K), 0.0103920 secs] [Times: user=0.07 sys=0.00, real=0.01 secs] 
2014-07-16T10:58:25.857+0000: 3028.866: [GC [PSYoungGen: 241641K->1094K(236160K)] 674554K->434070K(923136K), 0.0036170 secs] [Times: user=0.02 sys=0.00, real=0.00 secs] 
2014-07-16T10:58:26.734+0000: 3029.743: [GC [PSYoungGen: 236102K->580K(230080K)] 669078K->433620K(917056K), 0.0049300 secs] [Times: user=0.03 sys=0.00, real=0.00 secs] 
2014-07-16T10:58:27.577+0000: 3030.586: [GC [PSYoungGen: 230020K->1290K(225408K)] 663060K->434386K(912384K), 0.0044830 secs] [Times: user=0.03 sys=0.00, real=0.00 secs] 
2014-07-16T10:58:28.459+0000: 3031.468: [GC [PSYoungGen: 225322K->466K(219392K)] 658419K->433618K(906368K), 0.0089340 secs] [Times: user=0.06 sys=0.00, real=0.01 secs] 
2014-07-16T10:58:29.251+0000: 3032.260: [GC [PSYoungGen: 219346K->794K(214720K)] 652498K->434002K(901696K), 0.0056290 secs] [Times: user=0.02 sys=0.01, real=0.01 secs] 
2014-07-16T10:58:30.026+0000: 3033.034: [GC [PSYoungGen: 214682K->716K(209856K)] 647890K->433980K(896832K), 0.0081050 secs] [Times: user=0.05 sys=0.00, real=0.00 secs] 
2014-07-16T10:58:30.831+0000: 3033.840: [GC [PSYoungGen: 209804K->1062K(205504K)] 643068K->434390K(892480K), 0.0040130 secs] [Times: user=0.02 sys=0.00, real=0.01 secs] 
2014-07-16T10:58:31.560+0000: 3034.569: [GC [PSYoungGen: 205467K->766K(200704K)] 638796K->434142K(887680K), 0.0039180 secs] [Times: user=0.02 sys=0.00, real=0.01 secs] 
2014-07-16T10:58:32.287+0000: 3035.295: [GC [PSYoungGen: 200702K->466K(196096K)] 634078K->433914K(883072K), 0.0068740 secs] [Times: user=0.03 sys=0.01, real=0.00 secs] 
2014-07-16T10:58:33.129+0000: 3036.137: [GC [PSYoungGen: 196049K->1260K(192704K)] 629498K->434820K(879680K), 0.0096910 secs] [Times: user=0.04 sys=0.00, real=0.01 secs] 
2014-07-16T10:58:33.745+0000: 3036.753: [GC [PSYoungGen: 192684K->698K(188096K)] 626244K->434346K(875072K), 0.0045070 secs] [Times: user=0.02 sys=0.00, real=0.01 secs] 
2014-07-16T10:58:34.451+0000: 3037.459: [GC [PSYoungGen: 188090K->648K(184192K)] 621738K->434368K(871168K), 0.0074580 secs] [Times: user=0.05 sys=0.00, real=0.01 secs] 
2014-07-16T10:58:35.117+0000: 3038.125: [GC [PSYoungGen: 184098K->630K(220864K)] 617819K->434422K(907840K), 0.0099900 secs] [Times: user=0.07 sys=0.00, real=0.01 secs] 
2014-07-16T10:58:35.933+0000: 3038.941: [GC [PSYoungGen: 220854K->998K(265344K)] 654646K->434846K(952320K), 0.0128850 secs] [Times: user=0.08 sys=0.00, real=0.02 secs] 
2014-07-16T10:58:36.913+0000: 3039.921: [GC [PSYoungGen: 265318K->662K(258368K)] 699166K->434574K(945344K), 0.0048630 secs] [Times: user=0.03 sys=0.00, real=0.01 secs] 
2014-07-16T10:58:37.852+0000: 3040.860: [GC [PSYoungGen: 258326K->1094K(252416K)] 692238K->435078K(939392K), 0.0040580 secs] [Times: user=0.03 sys=0.00, real=0.01 secs] 
2014-07-16T10:58:38.788+0000: 3041.796: [GC [PSYoungGen: 252358K->754K(245888K)] 686342K->434794K(932864K), 0.0051760 secs] [Times: user=0.01 sys=0.00, real=0.00 secs] 
2014-07-16T10:58:39.688+0000: 3042.697: [GC [PSYoungGen: 245860K->1058K(240256K)] 679900K->435236K(927232K), 0.0087270 secs] [Times: user=0.06 sys=0.00, real=0.01 secs] 
2014-07-16T10:58:40.559+0000: 3043.568: [GC [PSYoungGen: 240226K->980K(234496K)] 674404K->435222K(921472K), 0.0096800 secs] [Times: user=0.07 sys=0.00, real=0.01 secs] 
2014-07-16T10:58:41.467+0000: 3044.475: [GC [PSYoungGen: 234435K->816K(228800K)] 668678K->435122K(915776K), 0.0066790 secs] [Times: user=0.05 sys=0.01, real=0.00 secs] 
2014-07-16T10:58:42.277+0000: 3045.286: [GC [PSYoungGen: 228784K->612K(223296K)] 663090K->434974K(910272K), 0.0109380 secs] [Times: user=0.08 sys=0.00, real=0.01 secs] 
2014-07-16T10:58:43.233+0000: 3046.242: [GC [PSYoungGen: 223268K->1382K(218944K)] 657630K->435832K(905920K), 0.0067640 secs] [Times: user=0.03 sys=0.00, real=0.01 secs] 
2014-07-16T10:58:43.961+0000: 3046.969: [GC [PSYoungGen: 218918K->598K(213248K)] 653368K->435104K(900224K), 0.0037980 secs] [Times: user=0.02 sys=0.00, real=0.00 secs] 
2014-07-16T10:58:44.733+0000: 3047.742: [GC [PSYoungGen: 213206K->1030K(208896K)] 647712K->435584K(895872K), 0.0077740 secs] [Times: user=0.05 sys=0.01, real=0.01 secs] 
2014-07-16T10:58:45.485+0000: 3048.493: [GC [PSYoungGen: 208838K->662K(250112K)] 643392K->435288K(937088K), 0.0148340 secs] [Times: user=0.09 sys=0.00, real=0.02 secs] 
2014-07-16T10:58:46.391+0000: 3049.399: [GC [PSYoungGen: 250070K->914K(300288K)] 684696K->435612K(987264K), 0.0141410 secs] [Times: user=0.09 sys=0.00, real=0.01 secs] 
2014-07-16T10:58:47.483+0000: 3050.491: [GC [PSYoungGen: 300242K->640K(332224K)] 734940K->435410K(1019200K), 0.0047100 secs] [Times: user=0.03 sys=0.00, real=0.01 secs] 
2014-07-16T10:58:48.779+0000: 3051.788: [GC [PSYoungGen: 331392K->1100K(322624K)] 766162K->435934K(1009600K), 0.0057890 secs] [Times: user=0.02 sys=0.00, real=0.00 secs] 
2014-07-16T10:58:49.946+0000: 3052.955: [GC [PSYoungGen: 322572K->780K(313408K)] 757406K->435686K(1000384K), 0.0104580 secs] [Times: user=0.05 sys=0.00, real=0.02 secs] 
2014-07-16T10:58:51.086+0000: 3054.094: [GC [PSYoungGen: 313356K->480K(304576K)] 748262K->435450K(991552K), 0.0069460 secs] [Times: user=0.04 sys=0.00, real=0.01 secs] 
2014-07-16T10:58:52.248+0000: 3055.256: [GC [PSYoungGen: 304544K->900K(358784K)] 739514K->435966K(1045760K), 0.0192980 secs] [Times: user=0.12 sys=0.00, real=0.02 secs] 
2014-07-16T10:58:53.646+0000: 3056.654: [GC [PSYoungGen: 358182K->1372K(348352K)] 793249K->436719K(1035328K), 0.0071990 secs] [Times: user=0.05 sys=0.00, real=0.01 secs] 
2014-07-16T10:58:54.921+0000: 3057.930: [GC [PSYoungGen: 348316K->562K(337600K)] 783663K->435964K(1024576K), 0.0091370 secs] [Times: user=0.06 sys=0.00, real=0.01 secs] 
2014-07-16T10:58:56.202+0000: 3059.211: [GC [PSYoungGen: 337551K->1168K(328704K)] 772954K->436658K(1015680K), 0.0102150 secs] [Times: user=0.07 sys=0.00, real=0.01 secs] 
2014-07-16T10:58:57.377+0000: 3060.385: [GC [PSYoungGen: 328656K->598K(318976K)] 764146K->436136K(1005952K), 0.0091780 secs] [Times: user=0.05 sys=0.01, real=0.01 secs] 
2014-07-16T10:58:58.638+0000: 3061.647: [GC [PSYoungGen: 318934K->1222K(310848K)] 754472K->436800K(997824K), 0.0177220 secs] [Times: user=0.11 sys=0.00, real=0.02 secs] 
2014-07-16T10:58:59.790+0000: 3062.798: [GC [PSYoungGen: 310790K->868K(302080K)] 746368K->436510K(989056K), 0.0053160 secs] [Times: user=0.02 sys=0.00, real=0.00 secs] 
2014-07-16T10:59:00.901+0000: 3063.910: [GC [PSYoungGen: 302052K->836K(294016K)] 737694K->436558K(980992K), 0.0063520 secs] [Times: user=0.04 sys=0.00, real=0.00 secs] 
2014-07-16T10:59:01.954+0000: 3064.962: [GC [PSYoungGen: 293921K->1258K(286656K)] 729644K->437060K(973632K), 0.0079500 secs] [Times: user=0.05 sys=0.00, real=0.01 secs] 
2014-07-16T10:59:03.022+0000: 3066.031: [GC [PSYoungGen: 286623K->680K(278592K)] 722426K->436554K(965568K), 0.0176880 secs] [Times: user=0.11 sys=0.00, real=0.02 secs] 
2014-07-16T10:59:04.110+0000: 3067.118: [GC [PSYoungGen: 278567K->904K(271680K)] 714442K->436850K(958656K), 0.0068820 secs] [Times: user=0.05 sys=0.00, real=0.00 secs] 
2014-07-16T10:59:05.101+0000: 3068.110: [GC [PSYoungGen: 271623K->772K(264640K)] 707570K->436790K(951616K), 0.0109900 secs] [Times: user=0.08 sys=0.00, real=0.01 secs] 
2014-07-16T10:59:06.080+0000: 3069.089: [GC [PSYoungGen: 264580K->662K(257856K)] 700598K->436744K(944832K), 0.0034370 secs] [Times: user=0.02 sys=0.00, real=0.00 secs] 
2014-07-16T10:59:07.022+0000: 3070.030: [GC [PSYoungGen: 257814K->1200K(251968K)] 693896K->437362K(938944K), 0.0084040 secs] [Times: user=0.05 sys=0.00, real=0.01 secs] 
2014-07-16T10:59:07.937+0000: 3070.946: [GC [PSYoungGen: 251952K->516K(245184K)] 688114K->436774K(932160K), 0.0076070 secs] [Times: user=0.05 sys=0.01, real=0.01 secs] 
2014-07-16T10:59:08.903+0000: 3071.911: [GC [PSYoungGen: 245095K->844K(239552K)] 681354K->437182K(926528K), 0.0126480 secs] [Times: user=0.08 sys=0.00, real=0.01 secs] 
2014-07-16T10:59:09.778+0000: 3072.787: [GC [PSYoungGen: 239500K->498K(233472K)] 675838K->436892K(920448K), 0.0049720 secs] [Times: user=0.02 sys=0.00, real=0.01 secs] 
2014-07-16T10:59:10.632+0000: 3073.640: [GC [PSYoungGen: 233458K->994K(228480K)] 669852K->437460K(915456K), 0.0045370 secs] [Times: user=0.02 sys=0.00, real=0.00 secs] 
2014-07-16T10:59:11.500+0000: 3074.509: [GC [PSYoungGen: 228450K->736K(222912K)] 664916K->437282K(909888K), 0.0079140 secs] [Times: user=0.04 sys=0.00, real=0.01 secs] 
2014-07-16T10:59:12.356+0000: 3075.364: [GC [PSYoungGen: 222853K->908K(217984K)] 659399K->437518K(904960K), 0.0048000 secs] [Times: user=0.02 sys=0.01, real=0.00 secs] 
2014-07-16T10:59:13.189+0000: 3076.198: [GC [PSYoungGen: 217895K->766K(212864K)] 654506K->437440K(899840K), 0.0076830 secs] [Times: user=0.05 sys=0.00, real=0.01 secs] 
2014-07-16T10:59:14.012+0000: 3077.020: [GC [PSYoungGen: 212862K->1126K(208512K)] 649536K->437906K(895488K), 0.0044740 secs] [Times: user=0.02 sys=0.00, real=0.00 secs] 
2014-07-16T10:59:14.716+0000: 3077.724: [GC [PSYoungGen: 208486K->544K(203328K)] 645266K->437412K(890304K), 0.0121100 secs] [Times: user=0.07 sys=0.00, real=0.01 secs] 
2014-07-16T10:59:15.457+0000: 3078.466: [GC [PSYoungGen: 203296K->944K(199296K)] 640164K->437884K(886272K), 0.0069380 secs] [Times: user=0.05 sys=0.00, real=0.01 secs] 
2014-07-16T10:59:16.190+0000: 3079.198: [GC [PSYoungGen: 199280K->948K(195008K)] 636220K->437952K(881984K), 0.0074110 secs] [Times: user=0.03 sys=0.00, real=0.01 secs] 
2014-07-16T10:59:16.888+0000: 3079.896: [GC [PSYoungGen: 194996K->480K(190400K)] 632000K->437540K(877376K), 0.0075400 secs] [Times: user=0.04 sys=0.00, real=0.01 secs] 
2014-07-16T10:59:17.592+0000: 3080.600: [GC [PSYoungGen: 190368K->480K(228416K)] 627428K->437612K(915392K), 0.0079790 secs] [Times: user=0.05 sys=0.01, real=0.00 secs] 
2014-07-16T10:59:18.418+0000: 3081.427: [GC [PSYoungGen: 228384K->498K(223104K)] 665516K->437694K(910080K), 0.0064280 secs] [Times: user=0.03 sys=0.00, real=0.01 secs] 
2014-07-16T10:59:19.290+0000: 3082.299: [GC [PSYoungGen: 223090K->822K(267968K)] 660286K->438106K(954944K), 0.0104830 secs] [Times: user=0.06 sys=0.00, real=0.01 secs] 
2014-07-16T10:59:20.266+0000: 3083.274: [GC [PSYoungGen: 267958K->880K(321472K)] 705242K->438220K(1008448K), 0.0133310 secs] [Times: user=0.09 sys=0.00, real=0.01 secs] 
2014-07-16T10:59:21.466+0000: 3084.474: [GC [PSYoungGen: 321456K->1026K(312832K)] 758796K->438406K(999808K), 0.0057490 secs] [Times: user=0.02 sys=0.00, real=0.00 secs] 
2014-07-16T10:59:22.602+0000: 3085.611: [GC [PSYoungGen: 312770K->708K(304000K)] 750150K->438168K(990976K), 0.0090030 secs] [Times: user=0.07 sys=0.00, real=0.00 secs] 
2014-07-16T10:59:23.716+0000: 3086.724: [GC [PSYoungGen: 303903K->1104K(296192K)] 741364K->438644K(983168K), 0.0109350 secs] [Times: user=0.07 sys=0.00, real=0.01 secs] 
2014-07-16T10:59:24.826+0000: 3087.834: [GC [PSYoungGen: 296109K->816K(288000K)] 733650K->438420K(974976K), 0.0061590 secs] [Times: user=0.04 sys=0.00, real=0.00 secs] 
2014-07-16T10:59:25.886+0000: 3088.894: [GC [PSYoungGen: 287984K->972K(280640K)] 725588K->438656K(967616K), 0.0164030 secs] [Times: user=0.10 sys=0.00, real=0.01 secs] 
2014-07-16T10:59:26.915+0000: 3089.924: [GC [PSYoungGen: 280588K->994K(273408K)] 718272K->438758K(960384K), 0.0100200 secs] [Times: user=0.06 sys=0.00, real=0.01 secs] 
2014-07-16T10:59:27.904+0000: 3090.913: [GC [PSYoungGen: 273293K->712K(266176K)] 711058K->438572K(953152K), 0.0075400 secs] [Times: user=0.05 sys=0.00, real=0.00 secs] 
2014-07-16T10:59:28.854+0000: 3091.862: [GC [PSYoungGen: 266085K->730K(259456K)] 703946K->438670K(946432K), 0.0044000 secs] [Times: user=0.02 sys=0.00, real=0.00 secs] 
2014-07-16T10:59:29.836+0000: 3092.844: [GC [PSYoungGen: 259373K->762K(252992K)] 697314K->438758K(939968K), 0.0122880 secs] [Times: user=0.07 sys=0.00, real=0.01 secs] 
2014-07-16T10:59:30.754+0000: 3093.762: [GC [PSYoungGen: 252969K->648K(246720K)] 690965K->438708K(933696K), 0.0081910 secs] [Times: user=0.06 sys=0.00, real=0.00 secs] 
2014-07-16T10:59:31.654+0000: 3094.662: [GC [PSYoungGen: 246664K->1062K(241152K)] 684724K->439187K(928128K), 0.0082220 secs] [Times: user=0.04 sys=0.00, real=0.01 secs] 
2014-07-16T10:59:32.566+0000: 3095.575: [GC [PSYoungGen: 241126K->946K(235264K)] 679251K->439158K(922240K), 0.0099680 secs] [Times: user=0.07 sys=0.00, real=0.01 secs] 
2014-07-16T10:59:33.459+0000: 3096.468: [GC [PSYoungGen: 235228K->1182K(229952K)] 673441K->439482K(916928K), 0.0040810 secs] [Times: user=0.03 sys=0.00, real=0.00 secs] 
2014-07-16T10:59:34.347+0000: 3097.355: [GC [PSYoungGen: 229918K->694K(224064K)] 668218K->439066K(911040K), 0.0094960 secs] [Times: user=0.06 sys=0.00, real=0.01 secs] 
2014-07-16T10:59:35.161+0000: 3098.169: [GC [PSYoungGen: 224054K->1054K(269120K)] 662426K->439498K(956096K), 0.0126800 secs] [Times: user=0.08 sys=0.00, real=0.01 secs] 
2014-07-16T10:59:36.152+0000: 3099.160: [GC [PSYoungGen: 269065K->666K(322368K)] 707510K->439158K(1009344K), 0.0122960 secs] [Times: user=0.08 sys=0.00, real=0.02 secs] 
2014-07-16T10:59:37.359+0000: 3100.368: [GC [PSYoungGen: 322303K->840K(313664K)] 760796K->439436K(1000640K), 0.0067210 secs] [Times: user=0.05 sys=0.00, real=0.01 secs] 
2014-07-16T10:59:38.539+0000: 3101.548: [GC [PSYoungGen: 313566K->1096K(305408K)] 752163K->439756K(992384K), 0.0049560 secs] [Times: user=0.02 sys=0.00, real=0.00 secs] 
2014-07-16T10:59:39.671+0000: 3102.680: [GC [PSYoungGen: 305344K->1148K(297216K)] 744005K->439889K(984192K), 0.0040460 secs] [Times: user=0.03 sys=0.00, real=0.01 secs] 
2014-07-16T10:59:40.744+0000: 3103.753: [GC [PSYoungGen: 297212K->566K(288768K)] 735953K->439418K(975744K), 0.0112160 secs] [Times: user=0.07 sys=0.01, real=0.02 secs] 
2014-07-16T10:59:41.816+0000: 3104.825: [GC [PSYoungGen: 288758K->976K(281664K)] 727610K->439884K(968640K), 0.0040100 secs] [Times: user=0.02 sys=0.00, real=0.00 secs] 
2014-07-16T10:59:42.855+0000: 3105.863: [GC [PSYoungGen: 281615K->862K(274240K)] 720524K->439842K(961216K), 0.0069760 secs] [Times: user=0.05 sys=0.00, real=0.01 secs] 
2014-07-16T10:59:43.913+0000: 3106.921: [GC [PSYoungGen: 274206K->1226K(267648K)] 713186K->440271K(954624K), 0.0052670 secs] [Times: user=0.02 sys=0.00, real=0.01 secs] 
2014-07-16T10:59:44.876+0000: 3107.884: [GC [PSYoungGen: 267594K->688K(260352K)] 706639K->440083K(947328K), 0.0077070 secs] [Times: user=0.05 sys=0.00, real=0.00 secs] 
2014-07-16T10:59:45.839+0000: 3108.847: [GC [PSYoungGen: 260336K->548K(253760K)] 699731K->439998K(940736K), 0.0038640 secs] [Times: user=0.02 sys=0.01, real=0.00 secs] 
2014-07-16T10:59:46.778+0000: 3109.786: [GC [PSYoungGen: 253732K->608K(247552K)] 693182K->440130K(934528K), 0.0121070 secs] [Times: user=0.06 sys=0.00, real=0.01 secs] 
2014-07-16T10:59:47.687+0000: 3110.695: [GC [PSYoungGen: 247470K->662K(241600K)] 686993K->440232K(928576K), 0.0101420 secs] [Times: user=0.06 sys=0.00, real=0.01 secs] 
2014-07-16T10:59:48.593+0000: 3111.601: [GC [PSYoungGen: 241558K->512K(235648K)] 681128K->440170K(922624K), 0.0039590 secs] [Times: user=0.02 sys=0.00, real=0.01 secs] 
2014-07-16T10:59:49.493+0000: 3112.502: [GC [PSYoungGen: 235641K->1076K(230656K)] 675300K->440775K(917632K), 0.0147710 secs] [Times: user=0.07 sys=0.00, real=0.02 secs] 
2014-07-16T10:59:50.332+0000: 3113.340: [GC [PSYoungGen: 230644K->448K(224640K)] 670343K->440210K(911616K), 0.0041440 secs] [Times: user=0.02 sys=0.00, real=0.00 secs] 
2014-07-16T10:59:51.158+0000: 3114.166: [GC [PSYoungGen: 224613K->1080K(220096K)] 664375K->440907K(907072K), 0.0034320 secs] [Times: user=0.02 sys=0.00, real=0.00 secs] 
2014-07-16T10:59:51.955+0000: 3114.964: [GC [PSYoungGen: 220088K->848K(214912K)] 659915K->440739K(901888K), 0.0083110 secs] [Times: user=0.05 sys=0.01, real=0.01 secs] 
2014-07-16T10:59:52.738+0000: 3115.747: [GC [PSYoungGen: 214825K->512K(209728K)] 654716K->440450K(896704K), 0.0080290 secs] [Times: user=0.05 sys=0.00, real=0.00 secs] 
2014-07-16T10:59:53.531+0000: 3116.540: [GC [PSYoungGen: 209728K->544K(205120K)] 649666K->440562K(892096K), 0.0097330 secs] [Times: user=0.07 sys=0.00, real=0.01 secs] 
2014-07-16T10:59:54.378+0000: 3117.386: [GC [PSYoungGen: 205088K->1370K(201472K)] 645106K->441452K(888448K), 0.0044410 secs] [Times: user=0.03 sys=0.00, real=0.00 secs] 
2014-07-16T10:59:55.087+0000: 3118.095: [GC [PSYoungGen: 201434K->1012K(196736K)] 641516K->441323K(883712K), 0.0050340 secs] [Times: user=0.03 sys=0.00, real=0.00 secs] 
2014-07-16T10:59:55.808+0000: 3118.816: [GC [PSYoungGen: 196724K->516K(192128K)] 637035K->440866K(879104K), 0.0107700 secs] [Times: user=0.06 sys=0.00, real=0.01 secs] 
2014-07-16T10:59:56.519+0000: 3119.527: [GC [PSYoungGen: 192068K->676K(230592K)] 632418K->441106K(917568K), 0.0081310 secs] [Times: user=0.06 sys=0.01, real=0.01 secs] 
2014-07-16T10:59:57.353+0000: 3120.362: [GC [PSYoungGen: 230547K->562K(225088K)] 670978K->441064K(912064K), 0.0059400 secs] [Times: user=0.04 sys=0.00, real=0.01 secs] 
2014-07-16T10:59:58.185+0000: 3121.193: [GC [PSYoungGen: 225074K->480K(219840K)] 665576K->441054K(906816K), 0.0099720 secs] [Times: user=0.06 sys=0.00, real=0.01 secs] 
2014-07-16T10:59:58.992+0000: 3122.000: [GC [PSYoungGen: 219808K->512K(263744K)] 660382K->441166K(950720K), 0.0125240 secs] [Times: user=0.08 sys=0.00, real=0.01 secs] 
2014-07-16T11:00:00.052+0000: 3123.061: [GC [PSYoungGen: 263744K->626K(316544K)] 704398K->441336K(1003520K), 0.0114490 secs] [Times: user=0.07 sys=0.00, real=0.01 secs] 
2014-07-16T11:00:01.224+0000: 3124.233: [GC [PSYoungGen: 316530K->794K(324736K)] 757240K->441568K(1011712K), 0.0088910 secs] [Times: user=0.06 sys=0.00, real=0.01 secs] 
2014-07-16T11:00:02.423+0000: 3125.431: [GC [PSYoungGen: 324021K->822K(380544K)] 764796K->441676K(1067520K), 0.0126020 secs] [Times: user=0.08 sys=0.00, real=0.01 secs] 
2014-07-16T11:00:03.789+0000: 3126.797: [GC [PSYoungGen: 379944K->566K(368448K)] 820799K->441460K(1055424K), 0.0100910 secs] [Times: user=0.07 sys=0.00, real=0.01 secs] 
2014-07-16T11:00:05.193+0000: 3128.201: [GC [PSYoungGen: 368438K->876K(357952K)] 809332K->441818K(1044928K), 0.0112090 secs] [Times: user=0.06 sys=0.00, real=0.01 secs] 
2014-07-16T11:00:06.502+0000: 3129.510: [GC [PSYoungGen: 357899K->744K(347456K)] 798842K->441750K(1034432K), 0.0083060 secs] [Times: user=0.05 sys=0.00, real=0.01 secs] 
2014-07-16T11:00:07.782+0000: 3130.791: [GC [PSYoungGen: 347397K->762K(337536K)] 788404K->441841K(1024512K), 0.0069940 secs] [Times: user=0.05 sys=0.00, real=0.01 secs] 
2014-07-16T11:00:09.070+0000: 3132.078: [GC [PSYoungGen: 337530K->562K(327808K)] 778609K->441680K(1014784K), 0.0044910 secs] [Times: user=0.02 sys=0.00, real=0.00 secs] 
2014-07-16T11:00:10.411+0000: 3133.419: [GC [PSYoungGen: 327770K->1190K(319296K)] 768889K->442421K(1006272K), 0.0056780 secs] [Times: user=0.04 sys=0.00, real=0.00 secs] 
2014-07-16T11:00:11.582+0000: 3134.590: [GC [PSYoungGen: 319270K->648K(310016K)] 760501K->441918K(996992K), 0.0092180 secs] [Times: user=0.05 sys=0.00, real=0.01 secs] 
2014-07-16T11:00:12.741+0000: 3135.749: [GC [PSYoungGen: 309960K->876K(301824K)] 751230K->442178K(988800K), 0.0058340 secs] [Times: user=0.02 sys=0.00, real=0.00 secs] 
2014-07-16T11:00:13.857+0000: 3136.865: [GC [PSYoungGen: 301804K->730K(293632K)] 743106K->442097K(980608K), 0.0085240 secs] [Times: user=0.05 sys=0.01, real=0.01 secs] 
2014-07-16T11:00:15.103+0000: 3138.111: [GC [PSYoungGen: 293593K->1086K(286208K)] 734960K->442532K(973184K), 0.0077500 secs] [Times: user=0.05 sys=0.00, real=0.01 secs] 
2014-07-16T11:00:16.032+0000: 3139.041: [GC [PSYoungGen: 286206K->990K(278720K)] 727652K->442469K(965696K), 0.0195150 secs] [Times: user=0.11 sys=0.00, real=0.02 secs] 
2014-07-16T11:00:17.055+0000: 3140.064: [GC [PSYoungGen: 278686K->762K(334016K)] 720165K->442521K(1020992K), 0.0139920 secs] [Times: user=0.09 sys=0.00, real=0.01 secs] 
2014-07-16T11:00:18.272+0000: 3141.280: [GC [PSYoungGen: 334010K->968K(324928K)] 775769K->442791K(1011904K), 0.0048920 secs] [Times: user=0.03 sys=0.01, real=0.00 secs] 
2014-07-16T11:00:19.437+0000: 3142.445: [GC [PSYoungGen: 324853K->616K(315584K)] 766675K->442545K(1002560K), 0.0050410 secs] [Times: user=0.03 sys=0.00, real=0.01 secs] 
2014-07-16T11:00:20.618+0000: 3143.626: [GC [PSYoungGen: 315560K->1390K(307712K)] 757489K->443391K(994688K), 0.0073270 secs] [Times: user=0.03 sys=0.00, real=0.01 secs] 
2014-07-16T11:00:21.765+0000: 3144.773: [GC [PSYoungGen: 307662K->808K(298880K)] 749663K->442929K(985856K), 0.0088020 secs] [Times: user=0.05 sys=0.00, real=0.01 secs] 
2014-07-16T11:00:22.853+0000: 3145.862: [GC [PSYoungGen: 298856K->812K(290944K)] 740977K->442989K(977920K), 0.0039580 secs] [Times: user=0.02 sys=0.01, real=0.00 secs] 
2014-07-16T11:00:23.913+0000: 3146.921: [GC [PSYoungGen: 290924K->1144K(283584K)] 733101K->443401K(970560K), 0.0045560 secs] [Times: user=0.02 sys=0.00, real=0.00 secs] 
2014-07-16T11:00:25.024+0000: 3148.033: [GC [PSYoungGen: 283483K->1008K(276096K)] 725740K->443353K(963072K), 0.0068760 secs] [Times: user=0.05 sys=0.00, real=0.00 secs] 
2014-07-16T11:00:26.001+0000: 3149.009: [GC [PSYoungGen: 276080K->598K(268672K)] 718425K->443007K(955648K), 0.0077030 secs] [Times: user=0.05 sys=0.00, real=0.01 secs] 
2014-07-16T11:00:26.998+0000: 3150.006: [GC [PSYoungGen: 268630K->480K(261760K)] 711039K->442968K(948736K), 0.0036760 secs] [Times: user=0.02 sys=0.01, real=0.00 secs] 
2014-07-16T11:00:27.933+0000: 3150.942: [GC [PSYoungGen: 261691K->730K(255488K)] 704180K->443275K(942464K), 0.0042160 secs] [Times: user=0.02 sys=0.00, real=0.00 secs] 
2014-07-16T11:00:28.893+0000: 3151.901: [GC [PSYoungGen: 255410K->836K(249344K)] 697955K->443468K(936320K), 0.0083340 secs] [Times: user=0.05 sys=0.00, real=0.00 secs] 
2014-07-16T11:00:29.787+0000: 3152.795: [GC [PSYoungGen: 249284K->1330K(243712K)] 691916K->444027K(930688K), 0.0083000 secs] [Times: user=0.05 sys=0.00, real=0.01 secs] 
2014-07-16T11:00:30.708+0000: 3153.716: [GC [PSYoungGen: 243682K->1084K(237632K)] 686379K->443813K(924608K), 0.0109870 secs] [Times: user=0.06 sys=0.00, real=0.01 secs] 
2014-07-16T11:00:31.572+0000: 3154.580: [GC [PSYoungGen: 237628K->448K(231360K)] 680357K->443224K(918336K), 0.0041980 secs] [Times: user=0.03 sys=0.00, real=0.01 secs] 
2014-07-16T11:00:32.425+0000: 3155.433: [GC [PSYoungGen: 231360K->1146K(226624K)] 674136K->443995K(913600K), 0.0080270 secs] [Times: user=0.05 sys=0.00, real=0.00 secs] 
2014-07-16T11:00:33.243+0000: 3156.251: [GC [PSYoungGen: 226618K->612K(220864K)] 669467K->443501K(907840K), 0.0091420 secs] [Times: user=0.06 sys=0.01, real=0.01 secs] 
2014-07-16T11:00:34.048+0000: 3157.057: [GC [PSYoungGen: 220815K->994K(216192K)] 663704K->443963K(903168K), 0.0059380 secs] [Times: user=0.04 sys=0.00, real=0.01 secs] 
2014-07-16T11:00:34.836+0000: 3157.844: [GC [PSYoungGen: 216118K->766K(211072K)] 659087K->443799K(898048K), 0.0059810 secs] [Times: user=0.04 sys=0.00, real=0.00 secs] 
2014-07-16T11:00:35.661+0000: 3158.669: [GC [PSYoungGen: 211070K->1044K(206720K)] 654103K->444149K(893696K), 0.0132000 secs] [Times: user=0.08 sys=0.00, real=0.02 secs] 
2014-07-16T11:00:36.422+0000: 3159.431: [GC [PSYoungGen: 206676K->722K(201856K)] 649781K->443882K(888832K), 0.0047980 secs] [Times: user=0.02 sys=0.00, real=0.01 secs] 
2014-07-16T11:00:37.163+0000: 3160.171: [GC [PSYoungGen: 201810K->1066K(197824K)] 644970K->444283K(884800K), 0.0053000 secs] [Times: user=0.02 sys=0.00, real=0.01 secs] 
2014-07-16T11:00:37.873+0000: 3160.882: [GC [PSYoungGen: 197802K->780K(193344K)] 641019K->444053K(880320K), 0.0047740 secs] [Times: user=0.02 sys=0.00, real=0.01 secs] 
2014-07-16T11:00:38.570+0000: 3161.578: [GC [PSYoungGen: 193292K->690K(189120K)] 636565K->444018K(876096K), 0.0106930 secs] [Times: user=0.06 sys=0.00, real=0.01 secs] 
2014-07-16T11:00:39.280+0000: 3162.288: [GC [PSYoungGen: 189013K->958K(227072K)] 632342K->444335K(914048K), 0.0183160 secs] [Times: user=0.10 sys=0.00, real=0.02 secs] 
2014-07-16T11:00:40.194+0000: 3163.202: [GC [PSYoungGen: 226996K->1096K(272512K)] 670373K->444545K(959488K), 0.0055390 secs] [Times: user=0.02 sys=0.00, real=0.01 secs] 
2014-07-16T11:00:41.140+0000: 3164.148: [GC [PSYoungGen: 272456K->680K(326336K)] 715905K->444193K(1013312K), 0.0064530 secs] [Times: user=0.04 sys=0.00, real=0.01 secs] 
2014-07-16T11:00:42.354+0000: 3165.362: [GC [PSYoungGen: 326265K->944K(317504K)] 769778K->444513K(1004480K), 0.0046330 secs] [Times: user=0.02 sys=0.00, real=0.01 secs] 
2014-07-16T11:00:43.508+0000: 3166.517: [GC [PSYoungGen: 317488K->516K(308416K)] 761057K->444149K(995392K), 0.0050590 secs] [Times: user=0.02 sys=0.00, real=0.00 secs] 
2014-07-16T11:00:44.634+0000: 3167.642: [GC [PSYoungGen: 308316K->884K(300416K)] 751949K->444573K(987392K), 0.0039710 secs] [Times: user=0.02 sys=0.00, real=0.01 secs] 
2014-07-16T11:00:45.867+0000: 3168.875: [GC [PSYoungGen: 300404K->562K(292096K)] 744093K->444298K(979072K), 0.0164470 secs] [Times: user=0.10 sys=0.00, real=0.01 secs] 
2014-07-16T11:00:46.916+0000: 3169.924: [GC [PSYoungGen: 292082K->862K(284736K)] 735818K->444671K(971712K), 0.0081320 secs] [Times: user=0.06 sys=0.00, real=0.00 secs] 
2014-07-16T11:00:47.957+0000: 3170.966: [GC [PSYoungGen: 284702K->544K(276992K)] 728511K->444408K(963968K), 0.0084630 secs] [Times: user=0.05 sys=0.00, real=0.01 secs] 
2014-07-16T11:00:48.972+0000: 3171.981: [GC [PSYoungGen: 276960K->1104K(270464K)] 720824K->445025K(957440K), 0.0094540 secs] [Times: user=0.06 sys=0.00, real=0.01 secs] 
2014-07-16T11:00:49.983+0000: 3172.991: [GC [PSYoungGen: 270416K->1018K(263488K)] 714337K->444987K(950464K), 0.0115830 secs] [Times: user=0.06 sys=0.00, real=0.01 secs] 
2014-07-16T11:00:50.998+0000: 3174.006: [GC [PSYoungGen: 263482K->694K(315712K)] 707451K->444735K(1002688K), 0.0156750 secs] [Times: user=0.10 sys=0.00, real=0.01 secs] 
2014-07-16T11:00:52.152+0000: 3175.160: [GC [PSYoungGen: 315682K->1066K(307456K)] 759723K->445155K(994432K), 0.0043580 secs] [Times: user=0.02 sys=0.00, real=0.01 secs] 
2014-07-16T11:00:53.284+0000: 3176.293: [GC [PSYoungGen: 307416K->1172K(299328K)] 751504K->445333K(986304K), 0.0065160 secs] [Times: user=0.04 sys=0.00, real=0.01 secs] 
2014-07-16T11:00:54.370+0000: 3177.379: [GC [PSYoungGen: 299284K->694K(290880K)] 743445K->445043K(977856K), 0.0093460 secs] [Times: user=0.07 sys=0.00, real=0.01 secs] 
2014-07-16T11:00:55.526+0000: 3178.535: [GC [PSYoungGen: 290870K->1258K(283776K)] 735219K->445687K(970752K), 0.0113290 secs] [Times: user=0.07 sys=0.01, real=0.01 secs] 
2014-07-16T11:00:56.556+0000: 3179.565: [GC [PSYoungGen: 283754K->480K(275648K)] 728183K->444948K(962624K), 0.0061340 secs] [Times: user=0.02 sys=0.00, real=0.00 secs] 
2014-07-16T11:00:57.559+0000: 3180.567: [GC [PSYoungGen: 275583K->1094K(269248K)] 720051K->445635K(956224K), 0.0057010 secs] [Times: user=0.02 sys=0.00, real=0.00 secs] 
2014-07-16T11:00:58.559+0000: 3181.567: [GC [PSYoungGen: 269180K->1012K(262336K)] 713721K->445633K(949312K), 0.0143150 secs] [Times: user=0.10 sys=0.01, real=0.01 secs] 
2014-07-16T11:00:59.531+0000: 3182.540: [GC [PSYoungGen: 262324K->722K(255552K)] 706945K->445431K(942528K), 0.0059570 secs] [Times: user=0.04 sys=0.00, real=0.01 secs] 
2014-07-16T11:01:00.550+0000: 3183.558: [GC [PSYoungGen: 255506K->1054K(249600K)] 700215K->445851K(936576K), 0.0064310 secs] [Times: user=0.03 sys=0.00, real=0.00 secs] 
2014-07-16T11:01:01.464+0000: 3184.473: [GC [PSYoungGen: 249565K->562K(243008K)] 694362K->445439K(929984K), 0.0076940 secs] [Times: user=0.05 sys=0.00, real=0.01 secs] 
2014-07-16T11:01:02.343+0000: 3185.352: [GC [PSYoungGen: 242994K->730K(237376K)] 687871K->445679K(924352K), 0.0077880 secs] [Times: user=0.05 sys=0.00, real=0.01 secs] 
2014-07-16T11:01:03.227+0000: 3186.235: [GC [PSYoungGen: 237334K->1440K(232448K)] 682283K->446493K(919424K), 0.0073570 secs] [Times: user=0.05 sys=0.00, real=0.01 secs] 
2014-07-16T11:01:04.056+0000: 3187.065: [GC [PSYoungGen: 232416K->544K(226112K)] 677469K->445668K(913088K), 0.0092600 secs] [Times: user=0.06 sys=0.00, real=0.01 secs] 
2014-07-16T11:01:04.904+0000: 3187.913: [GC [PSYoungGen: 226079K->416K(271104K)] 671204K->445588K(958080K), 0.0170890 secs] [Times: user=0.10 sys=0.00, real=0.02 secs] 
2014-07-16T11:01:05.967+0000: 3188.976: [GC [PSYoungGen: 271072K->836K(325696K)] 716244K->446105K(1012672K), 0.0086630 secs] [Times: user=0.05 sys=0.00, real=0.01 secs] 
2014-07-16T11:01:07.215+0000: 3190.223: [GC [PSYoungGen: 325563K->1018K(316800K)] 770832K->446367K(1003776K), 0.0037720 secs] [Times: user=0.02 sys=0.00, real=0.01 secs] 
2014-07-16T11:01:08.348+0000: 3191.356: [GC [PSYoungGen: 316794K->480K(307648K)] 762143K->445892K(994624K), 0.0075930 secs] [Times: user=0.05 sys=0.00, real=0.01 secs] 
2014-07-16T11:01:09.455+0000: 3192.464: [GC [PSYoungGen: 307616K->480K(299328K)] 753028K->445948K(986304K), 0.0071790 secs] [Times: user=0.03 sys=0.00, real=0.01 secs] 
2014-07-16T11:01:10.654+0000: 3193.663: [GC [PSYoungGen: 299280K->1232K(292096K)] 744749K->446757K(979072K), 0.0080780 secs] [Times: user=0.05 sys=0.00, real=0.01 secs] 
2014-07-16T11:01:11.692+0000: 3194.700: [GC [PSYoungGen: 292039K->1226K(284416K)] 737564K->446847K(971392K), 0.0055200 secs] [Times: user=0.03 sys=0.00, real=0.00 secs] 
2014-07-16T11:01:12.740+0000: 3195.748: [GC [PSYoungGen: 284362K->562K(276352K)] 729983K->446263K(963328K), 0.0059270 secs] [Times: user=0.05 sys=0.00, real=0.00 secs] 
2014-07-16T11:01:13.743+0000: 3196.751: [GC [PSYoungGen: 276338K->1040K(269760K)] 722039K->446821K(956736K), 0.0055090 secs] [Times: user=0.03 sys=0.00, real=0.00 secs] 
2014-07-16T11:01:14.785+0000: 3197.793: [GC [PSYoungGen: 269712K->964K(262848K)] 715493K->446841K(949824K), 0.0067560 secs] [Times: user=0.05 sys=0.00, real=0.01 secs] 
2014-07-16T11:01:15.788+0000: 3198.796: [GC [PSYoungGen: 262788K->1550K(256832K)] 708665K->447507K(943808K), 0.0039420 secs] [Times: user=0.02 sys=0.00, real=0.01 secs] 
2014-07-16T11:01:16.664+0000: 3199.673: [GC [PSYoungGen: 256778K->762K(249664K)] 702735K->446791K(936640K), 0.0070360 secs] [Times: user=0.05 sys=0.00, real=0.01 secs] 
2014-07-16T11:01:17.620+0000: 3200.629: [GC [PSYoungGen: 249641K->1168K(244032K)] 695670K->447261K(931008K), 0.0054020 secs] [Times: user=0.02 sys=0.00, real=0.00 secs] 
2014-07-16T11:01:18.511+0000: 3201.520: [GC [PSYoungGen: 243984K->416K(237376K)] 690077K->446556K(924352K), 0.0091010 secs] [Times: user=0.05 sys=0.01, real=0.01 secs] 
2014-07-16T11:01:19.371+0000: 3202.379: [GC [PSYoungGen: 237344K->858K(232192K)] 683484K->447071K(919168K), 0.0067110 secs] [Times: user=0.05 sys=0.00, real=0.00 secs] 
2014-07-16T11:01:20.217+0000: 3203.225: [GC [PSYoungGen: 232154K->858K(226752K)] 678367K->447135K(913728K), 0.0090600 secs] [Times: user=0.06 sys=0.00, real=0.01 secs] 
2014-07-16T11:01:21.083+0000: 3204.091: [GC [PSYoungGen: 226704K->726K(221376K)] 672981K->447075K(908352K), 0.0054510 secs] [Times: user=0.02 sys=0.00, real=0.00 secs] 
2014-07-16T11:01:21.845+0000: 3204.854: [GC [PSYoungGen: 221334K->548K(216128K)] 667683K->446977K(903104K), 0.0038180 secs] [Times: user=0.03 sys=0.00, real=0.00 secs] 
2014-07-16T11:01:22.638+0000: 3205.647: [GC [PSYoungGen: 216064K->1008K(211712K)] 662493K->447501K(898688K), 0.0099300 secs] [Times: user=0.06 sys=0.00, real=0.01 secs] 
2014-07-16T11:01:23.425+0000: 3206.433: [GC [PSYoungGen: 211696K->1062K(207040K)] 658189K->447627K(894016K), 0.0052040 secs] [Times: user=0.03 sys=0.00, real=0.00 secs] 
2014-07-16T11:01:24.210+0000: 3207.219: [GC [PSYoungGen: 207013K->932K(202368K)] 653578K->447569K(889344K), 0.0119970 secs] [Times: user=0.08 sys=0.01, real=0.02 secs] 
2014-07-16T11:01:24.962+0000: 3207.970: [GC [PSYoungGen: 202340K->854K(197888K)] 648977K->447571K(884864K), 0.0048230 secs] [Times: user=0.03 sys=0.00, real=0.00 secs] 
2014-07-16T11:01:25.673+0000: 3208.681: [GC [PSYoungGen: 197846K->1326K(194112K)] 644563K->448147K(881088K), 0.0063990 secs] [Times: user=0.05 sys=0.00, real=0.00 secs] 
2014-07-16T11:01:26.433+0000: 3209.441: [GC [PSYoungGen: 194094K->744K(189440K)] 640915K->447645K(876416K), 0.0082390 secs] [Times: user=0.05 sys=0.00, real=0.01 secs] 
2014-07-16T11:01:27.154+0000: 3210.163: [GC [PSYoungGen: 189416K->1252K(227712K)] 636317K->448225K(914688K), 0.0142770 secs] [Times: user=0.10 sys=0.00, real=0.01 secs] 
2014-07-16T11:01:28.040+0000: 3211.048: [GC [PSYoungGen: 227640K->1086K(272832K)] 674613K->448231K(959808K), 0.0091220 secs] [Times: user=0.04 sys=0.00, real=0.01 secs] 
2014-07-16T11:01:28.986+0000: 3211.995: [GC [PSYoungGen: 272830K->1294K(327488K)] 719975K->448511K(1014464K), 0.0086760 secs] [Times: user=0.05 sys=0.00, real=0.01 secs] 
2014-07-16T11:01:30.239+0000: 3213.248: [GC [PSYoungGen: 327438K->936K(318016K)] 774655K->448421K(1004992K), 0.0087400 secs] [Times: user=0.04 sys=0.00, real=0.01 secs] 
2014-07-16T11:01:31.427+0000: 3214.435: [GC [PSYoungGen: 317971K->954K(309312K)] 765456K->448527K(996288K), 0.0083380 secs] [Times: user=0.05 sys=0.00, real=0.01 secs] 
2014-07-16T11:01:32.576+0000: 3215.585: [GC [PSYoungGen: 309211K->1144K(301120K)] 756784K->448897K(988096K), 0.0099780 secs] [Times: user=0.06 sys=0.01, real=0.01 secs] 
2014-07-16T11:01:33.675+0000: 3216.683: [GC [PSYoungGen: 301112K->1218K(293184K)] 748865K->449035K(980160K), 0.0079810 secs] [Times: user=0.03 sys=0.00, real=0.01 secs] 
2014-07-16T11:01:34.780+0000: 3217.789: [GC [PSYoungGen: 293122K->944K(285120K)] 740939K->448923K(972096K), 0.0048360 secs] [Times: user=0.03 sys=0.00, real=0.01 secs] 
2014-07-16T11:01:35.818+0000: 3218.827: [GC [PSYoungGen: 285087K->598K(277376K)] 733066K->448641K(964352K), 0.0074370 secs] [Times: user=0.05 sys=0.01, real=0.01 secs] 
2014-07-16T11:01:36.893+0000: 3219.901: [GC [PSYoungGen: 277334K->512K(270144K)] 725377K->448627K(957120K), 0.0078760 secs] [Times: user=0.05 sys=0.00, real=0.00 secs] 
2014-07-16T11:01:37.961+0000: 3220.969: [GC [PSYoungGen: 270093K->1354K(264192K)] 718208K->449541K(951168K), 0.0098160 secs] [Times: user=0.07 sys=0.00, real=0.01 secs] 
2014-07-16T11:01:38.878+0000: 3221.887: [GC [PSYoungGen: 264138K->904K(257152K)] 712325K->449163K(944128K), 0.0151730 secs] [Times: user=0.07 sys=0.00, real=0.02 secs] 
2014-07-16T11:01:39.807+0000: 3222.815: [GC [PSYoungGen: 257096K->466K(250368K)] 705355K->448805K(937344K), 0.0066940 secs] [Times: user=0.05 sys=0.00, real=0.01 secs] 
2014-07-16T11:01:40.715+0000: 3223.723: [GC [PSYoungGen: 250293K->1008K(244736K)] 698632K->449395K(931712K), 0.0052750 secs] [Times: user=0.03 sys=0.01, real=0.00 secs] 
2014-07-16T11:01:41.638+0000: 3224.647: [GC [PSYoungGen: 244720K->634K(238464K)] 693107K->449077K(925440K), 0.0113050 secs] [Times: user=0.08 sys=0.00, real=0.01 secs] 
2014-07-16T11:01:42.517+0000: 3225.525: [GC [PSYoungGen: 238458K->562K(232704K)] 686901K->449109K(919680K), 0.0062240 secs] [Times: user=0.04 sys=0.00, real=0.00 secs] 
2014-07-16T11:01:43.373+0000: 3226.381: [GC [PSYoungGen: 232654K->958K(227648K)] 681201K->449577K(914624K), 0.0051980 secs] [Times: user=0.02 sys=0.00, real=0.01 secs] 
2014-07-16T11:01:44.198+0000: 3227.207: [GC [PSYoungGen: 227646K->830K(222272K)] 676265K->449505K(909248K), 0.0068790 secs] [Times: user=0.04 sys=0.01, real=0.01 secs] 
2014-07-16T11:01:45.026+0000: 3228.035: [GC [PSYoungGen: 222270K->946K(217344K)] 670945K->449677K(904320K), 0.0042260 secs] [Times: user=0.03 sys=0.01, real=0.00 secs] 
2014-07-16T11:01:45.831+0000: 3228.839: [GC [PSYoungGen: 217330K->1190K(212672K)] 666061K->449985K(899648K), 0.0077100 secs] [Times: user=0.06 sys=0.00, real=0.01 secs] 
2014-07-16T11:01:46.630+0000: 3229.638: [GC [PSYoungGen: 212646K->562K(207296K)] 661441K->449445K(894272K), 0.0051480 secs] [Times: user=0.03 sys=0.00, real=0.01 secs] 
2014-07-16T11:01:47.384+0000: 3230.392: [GC [PSYoungGen: 207282K->580K(202816K)] 656165K->449527K(889792K), 0.0083210 secs] [Times: user=0.04 sys=0.00, real=0.01 secs] 
2014-07-16T11:01:48.136+0000: 3231.145: [GC [PSYoungGen: 202756K->730K(198528K)] 651703K->449757K(885504K), 0.0048570 secs] [Times: user=0.02 sys=0.00, real=0.00 secs] 
2014-07-16T11:01:48.903+0000: 3231.912: [GC [PSYoungGen: 198489K->580K(194112K)] 647517K->449655K(881088K), 0.0081620 secs] [Times: user=0.05 sys=0.00, real=0.01 secs] 
2014-07-16T11:01:49.615+0000: 3232.623: [GC [PSYoungGen: 194052K->1272K(190656K)] 643127K->450419K(877632K), 0.0042060 secs] [Times: user=0.02 sys=0.00, real=0.01 secs] 
2014-07-16T11:01:50.316+0000: 3233.325: [GC [PSYoungGen: 190648K->1072K(186496K)] 639795K->450441K(873472K), 0.0073290 secs] [Times: user=0.04 sys=0.00, real=0.00 secs] 
2014-07-16T11:01:50.982+0000: 3233.990: [GC [PSYoungGen: 186480K->448K(182016K)] 635849K->449897K(868992K), 0.0079300 secs] [Times: user=0.05 sys=0.00, real=0.01 secs] 
2014-07-16T11:01:51.672+0000: 3234.680: [GC [PSYoungGen: 182016K->1204K(179072K)] 631465K->450741K(866048K), 0.0040380 secs] [Times: user=0.02 sys=0.00, real=0.01 secs] 
2014-07-16T11:01:52.315+0000: 3235.324: [GC [PSYoungGen: 179060K->912K(175232K)] 628597K->450529K(862208K), 0.0080960 secs] [Times: user=0.06 sys=0.00, real=0.00 secs] 
2014-07-16T11:01:52.953+0000: 3235.962: [GC [PSYoungGen: 175184K->812K(209984K)] 624801K->450493K(896960K), 0.0109400 secs] [Times: user=0.06 sys=0.00, real=0.01 secs] 
2014-07-16T11:01:53.736+0000: 3236.744: [GC [PSYoungGen: 209934K->1022K(252032K)] 659615K->450759K(939008K), 0.0083060 secs] [Times: user=0.04 sys=0.00, real=0.00 secs] 
2014-07-16T11:01:54.648+0000: 3237.656: [GC [PSYoungGen: 251991K->672K(245568K)] 701728K->450481K(932544K), 0.0058410 secs] [Times: user=0.02 sys=0.00, real=0.00 secs] 
2014-07-16T11:01:55.542+0000: 3238.551: [GC [PSYoungGen: 245509K->1076K(240000K)] 695318K->450957K(926976K), 0.0065660 secs] [Times: user=0.04 sys=0.00, real=0.01 secs] 
2014-07-16T11:01:56.472+0000: 3239.480: [GC [PSYoungGen: 239970K->1094K(234368K)] 689851K->451031K(921344K), 0.0113820 secs] [Times: user=0.06 sys=0.00, real=0.01 secs] 
2014-07-16T11:01:57.315+0000: 3240.323: [GC [PSYoungGen: 234310K->768K(228480K)] 684247K->450761K(915456K), 0.0049470 secs] [Times: user=0.02 sys=0.01, real=0.01 secs] 
2014-07-16T11:01:58.138+0000: 3241.146: [GC [PSYoungGen: 228473K->1044K(223488K)] 678466K->451101K(910464K), 0.0037420 secs] [Times: user=0.02 sys=0.01, real=0.00 secs] 
2014-07-16T11:01:58.987+0000: 3241.996: [GC [PSYoungGen: 223444K->748K(218048K)] 673501K->450861K(905024K), 0.0092260 secs] [Times: user=0.06 sys=0.00, real=0.01 secs] 
2014-07-16T11:01:59.784+0000: 3242.793: [GC [PSYoungGen: 218028K->598K(212992K)] 668141K->450759K(899968K), 0.0096070 secs] [Times: user=0.06 sys=0.00, real=0.01 secs] 
2014-07-16T11:02:00.563+0000: 3243.572: [GC [PSYoungGen: 212923K->762K(208384K)] 663084K->450987K(895360K), 0.0086850 secs] [Times: user=0.04 sys=0.00, real=0.01 secs] 
2014-07-16T11:02:01.332+0000: 3244.341: [GC [PSYoungGen: 208378K->1422K(250624K)] 658603K->451727K(937600K), 0.0127420 secs] [Times: user=0.07 sys=0.00, real=0.01 secs] 
2014-07-16T11:02:02.340+0000: 3245.349: [GC [PSYoungGen: 250574K->1204K(300224K)] 700879K->451581K(987200K), 0.0064290 secs] [Times: user=0.03 sys=0.01, real=0.01 secs] 
2014-07-16T11:02:03.439+0000: 3246.448: [GC [PSYoungGen: 300212K->562K(291584K)] 750589K->451027K(978560K), 0.0066230 secs] [Times: user=0.04 sys=0.00, real=0.00 secs] 
2014-07-16T11:02:04.527+0000: 3247.536: [GC [PSYoungGen: 291570K->662K(284032K)] 742035K->451207K(971008K), 0.0063220 secs] [Times: user=0.04 sys=0.00, real=0.00 secs] 
2014-07-16T11:02:05.569+0000: 3248.577: [GC [PSYoungGen: 283990K->772K(276800K)] 734535K->451405K(963776K), 0.0046970 secs] [Times: user=0.03 sys=0.01, real=0.00 secs] 
2014-07-16T11:02:06.638+0000: 3249.646: [GC [PSYoungGen: 276740K->1104K(270016K)] 727373K->451825K(956992K), 0.0074310 secs] [Times: user=0.05 sys=0.00, real=0.00 secs] 
2014-07-16T11:02:07.626+0000: 3250.635: [GC [PSYoungGen: 269938K->402K(262464K)] 720659K->451171K(949440K), 0.0085670 secs] [Times: user=0.06 sys=0.00, real=0.01 secs] 
2014-07-16T11:02:08.578+0000: 3251.586: [GC [PSYoungGen: 262394K->1216K(256704K)] 713163K->452049K(943680K), 0.0057590 secs] [Times: user=0.03 sys=0.00, real=0.00 secs] 
2014-07-16T11:02:09.558+0000: 3252.566: [GC [PSYoungGen: 256640K->794K(249920K)] 707473K->451675K(936896K), 0.0048430 secs] [Times: user=0.02 sys=0.00, real=0.01 secs] 
2014-07-16T11:02:10.484+0000: 3253.492: [GC [PSYoungGen: 249813K->812K(243840K)] 700694K->451773K(930816K), 0.0087630 secs] [Times: user=0.06 sys=0.00, real=0.01 secs] 
2014-07-16T11:02:11.373+0000: 3254.381: [GC [PSYoungGen: 243820K->976K(238144K)] 694781K->452009K(925120K), 0.0151660 secs] [Times: user=0.11 sys=0.00, real=0.02 secs] 
2014-07-16T11:02:12.252+0000: 3255.260: [GC [PSYoungGen: 238096K->534K(232064K)] 689129K->451623K(919040K), 0.0045320 secs] [Times: user=0.03 sys=0.00, real=0.00 secs] 
2014-07-16T11:02:13.113+0000: 3256.121: [GC [PSYoungGen: 231990K->666K(226752K)] 683079K->451811K(913728K), 0.0070160 secs] [Times: user=0.04 sys=0.00, real=0.01 secs] 
2014-07-16T11:02:13.948+0000: 3256.956: [GC [PSYoungGen: 226714K->1436K(222272K)] 677859K->452669K(909248K), 0.0109540 secs] [Times: user=0.06 sys=0.00, real=0.02 secs] 
2014-07-16T11:02:14.752+0000: 3257.760: [GC [PSYoungGen: 222236K->576K(216320K)] 673469K->451881K(903296K), 0.0052980 secs] [Times: user=0.03 sys=0.00, real=0.00 secs] 
2014-07-16T11:02:15.539+0000: 3258.548: [GC [PSYoungGen: 216290K->1416K(212352K)] 667595K->452785K(899328K), 0.0089590 secs] [Times: user=0.07 sys=0.00, real=0.01 secs] 
2014-07-16T11:02:16.320+0000: 3259.328: [GC [PSYoungGen: 212296K->698K(206848K)] 663665K->452147K(893824K), 0.0032180 secs] [Times: user=0.02 sys=0.00, real=0.00 secs] 
2014-07-16T11:02:17.178+0000: 3260.186: [GC [PSYoungGen: 206800K->1422K(203072K)] 658249K->452959K(890048K), 0.0076580 secs] [Times: user=0.05 sys=0.00, real=0.01 secs] 
2014-07-16T11:02:17.936+0000: 3260.944: [GC [PSYoungGen: 203022K->830K(198016K)] 654559K->452407K(884992K), 0.0041060 secs] [Times: user=0.02 sys=0.00, real=0.01 secs] 
2014-07-16T11:02:18.618+0000: 3261.626: [GC [PSYoungGen: 198014K->480K(193472K)] 649591K->452113K(880448K), 0.0050410 secs] [Times: user=0.03 sys=0.00, real=0.01 secs] 
2014-07-16T11:02:19.345+0000: 3262.354: [GC [PSYoungGen: 193440K->1062K(189952K)] 645073K->452767K(876928K), 0.0108340 secs] [Times: user=0.08 sys=0.00, real=0.01 secs] 
2014-07-16T11:02:20.073+0000: 3263.081: [GC [PSYoungGen: 189896K->992K(185920K)] 641601K->452761K(872896K), 0.0078270 secs] [Times: user=0.03 sys=0.00, real=0.01 secs] 
2014-07-16T11:02:20.761+0000: 3263.769: [GC [PSYoungGen: 185888K->562K(181632K)] 637657K->452387K(868608K), 0.0063420 secs] [Times: user=0.04 sys=0.00, real=0.00 secs] 
2014-07-16T11:02:21.421+0000: 3264.429: [GC [PSYoungGen: 181618K->420K(217728K)] 633443K->452285K(904704K), 0.0090800 secs] [Times: user=0.05 sys=0.00, real=0.01 secs] 
2014-07-16T11:02:22.219+0000: 3265.227: [GC [PSYoungGen: 217700K->762K(213120K)] 669565K->452691K(900096K), 0.0067520 secs] [Times: user=0.03 sys=0.00, real=0.01 secs] 
2014-07-16T11:02:23.001+0000: 3266.009: [GC [PSYoungGen: 213114K->448K(255296K)] 665043K->452433K(942272K), 0.0121910 secs] [Times: user=0.08 sys=0.00, real=0.01 secs] 
2014-07-16T11:02:23.955+0000: 3266.963: [GC [PSYoungGen: 255296K->1218K(288320K)] 707281K->453251K(975296K), 0.0089400 secs] [Times: user=0.04 sys=0.00, real=0.01 secs] 
2014-07-16T11:02:25.012+0000: 3268.021: [GC [PSYoungGen: 287938K->516K(279808K)] 739971K->452613K(966784K), 0.0078760 secs] [Times: user=0.05 sys=0.00, real=0.01 secs] 
2014-07-16T11:02:26.045+0000: 3269.053: [GC [PSYoungGen: 279745K->754K(272768K)] 731843K->452923K(959744K), 0.0086080 secs] [Times: user=0.05 sys=0.01, real=0.01 secs] 
2014-07-16T11:02:27.103+0000: 3270.111: [GC [PSYoungGen: 272754K->998K(266048K)] 724923K->453223K(953024K), 0.0077550 secs] [Times: user=0.04 sys=0.01, real=0.01 secs] 
2014-07-16T11:02:28.030+0000: 3271.038: [GC [PSYoungGen: 266022K->644K(259072K)] 718247K->452949K(946048K), 0.0105830 secs] [Times: user=0.06 sys=0.00, real=0.02 secs] 
2014-07-16T11:02:29.041+0000: 3272.050: [GC [PSYoungGen: 258986K->968K(252928K)] 711291K->453337K(939904K), 0.0044700 secs] [Times: user=0.02 sys=0.01, real=0.00 secs] 
2014-07-16T11:02:29.945+0000: 3272.953: [GC [PSYoungGen: 252841K->754K(246464K)] 705210K->453179K(933440K), 0.0108420 secs] [Times: user=0.06 sys=0.00, real=0.01 secs] 
2014-07-16T11:02:30.877+0000: 3273.886: [GC [PSYoungGen: 246383K->1286K(241088K)] 698808K->453767K(928064K), 0.0103620 secs] [Times: user=0.06 sys=0.00, real=0.01 secs] 
2014-07-16T11:02:31.758+0000: 3274.766: [GC [PSYoungGen: 241030K->890K(234880K)] 693511K->453624K(921856K), 0.0090020 secs] [Times: user=0.05 sys=0.00, real=0.01 secs] 
2014-07-16T11:02:32.678+0000: 3275.686: [GC [PSYoungGen: 234874K->658K(229184K)] 687608K->453472K(916160K), 0.0053750 secs] [Times: user=0.03 sys=0.00, real=0.01 secs] 
2014-07-16T11:02:33.506+0000: 3276.514: [GC [PSYoungGen: 229128K->862K(224064K)] 681942K->453772K(911040K), 0.0059410 secs] [Times: user=0.05 sys=0.00, real=0.01 secs] 
2014-07-16T11:02:34.337+0000: 3277.345: [GC [PSYoungGen: 224011K->1400K(219456K)] 676922K->454406K(906432K), 0.0087460 secs] [Times: user=0.05 sys=0.01, real=0.01 secs] 
2014-07-16T11:02:35.125+0000: 3278.133: [GC [PSYoungGen: 219448K->626K(213696K)] 672454K->453712K(900672K), 0.0085680 secs] [Times: user=0.06 sys=0.00, real=0.01 secs] 
2014-07-16T11:02:35.892+0000: 3278.900: [GC [PSYoungGen: 213682K->1230K(209536K)] 666768K->454380K(896512K), 0.0035690 secs] [Times: user=0.01 sys=0.00, real=0.00 secs] 
2014-07-16T11:02:36.659+0000: 3279.667: [GC [PSYoungGen: 209442K->662K(204352K)] 662593K->453876K(891328K), 0.0055820 secs] [Times: user=0.03 sys=0.00, real=0.01 secs] 
2014-07-16T11:02:37.424+0000: 3280.432: [GC [PSYoungGen: 204310K->794K(200000K)] 657524K->454080K(886976K), 0.0076450 secs] [Times: user=0.05 sys=0.00, real=0.00 secs] 
2014-07-16T11:02:38.169+0000: 3281.177: [GC [PSYoungGen: 199933K->1094K(196032K)] 653219K->454444K(883008K), 0.0100380 secs] [Times: user=0.07 sys=0.00, real=0.01 secs] 
2014-07-16T11:02:38.915+0000: 3281.924: [GC [PSYoungGen: 195974K->1344K(192128K)] 649324K->454766K(879104K), 0.0042970 secs] [Times: user=0.01 sys=0.00, real=0.00 secs] 
2014-07-16T11:02:39.638+0000: 3282.647: [GC [PSYoungGen: 192064K->694K(187392K)] 645486K->454436K(874368K), 0.0082520 secs] [Times: user=0.05 sys=0.01, real=0.01 secs] 
2014-07-16T11:02:40.316+0000: 3283.324: [GC [PSYoungGen: 187382K->530K(183360K)] 641124K->454336K(870336K), 0.0074830 secs] [Times: user=0.05 sys=0.00, real=0.01 secs] 
2014-07-16T11:02:40.990+0000: 3283.998: [GC [PSYoungGen: 183314K->516K(179584K)] 637120K->454378K(866560K), 0.0040320 secs] [Times: user=0.02 sys=0.00, real=0.01 secs] 
2014-07-16T11:02:41.689+0000: 3284.698: [GC [PSYoungGen: 179524K->748K(215616K)] 633386K->454666K(902592K), 0.0110590 secs] [Times: user=0.05 sys=0.00, real=0.01 secs] 
2014-07-16T11:02:42.549+0000: 3285.558: [GC [PSYoungGen: 215596K->900K(210944K)] 669514K->454898K(897920K), 0.0055480 secs] [Times: user=0.03 sys=0.01, real=0.01 secs] 
2014-07-16T11:02:43.312+0000: 3286.320: [GC [PSYoungGen: 210860K->630K(252672K)] 664859K->454692K(939648K), 0.0122940 secs] [Times: user=0.07 sys=0.00, real=0.02 secs] 
2014-07-16T11:02:44.249+0000: 3287.257: [GC [PSYoungGen: 252660K->808K(246656K)] 706722K->454918K(933632K), 0.0059340 secs] [Times: user=0.03 sys=0.01, real=0.01 secs] 
2014-07-16T11:02:45.166+0000: 3288.174: [GC [PSYoungGen: 246632K->480K(240384K)] 700742K->454678K(927360K), 0.0080970 secs] [Times: user=0.05 sys=0.00, real=0.01 secs] 
2014-07-16T11:02:46.066+0000: 3289.074: [GC [PSYoungGen: 240352K->1304K(271680K)] 694550K->455566K(958656K), 0.0140890 secs] [Times: user=0.10 sys=0.01, real=0.01 secs] 
2014-07-16T11:02:47.187+0000: 3290.195: [GC [PSYoungGen: 271492K->1196K(264512K)] 725754K->455522K(951488K), 0.0046120 secs] [Times: user=0.03 sys=0.00, real=0.00 secs] 
2014-07-16T11:02:48.103+0000: 3291.112: [GC [PSYoungGen: 264489K->434K(257152K)] 718815K->455012K(944128K), 0.0075590 secs] [Times: user=0.05 sys=0.00, real=0.00 secs] 
2014-07-16T11:02:49.065+0000: 3292.073: [GC [PSYoungGen: 257118K->1380K(251712K)] 711697K->456022K(938688K), 0.0064840 secs] [Times: user=0.04 sys=0.00, real=0.00 secs] 
2014-07-16T11:02:49.987+0000: 3292.995: [GC [PSYoungGen: 251673K->934K(245120K)] 706316K->455824K(932096K), 0.0072510 secs] [Times: user=0.05 sys=0.00, real=0.01 secs] 
2014-07-16T11:02:50.851+0000: 3293.859: [GC [PSYoungGen: 245094K->498K(238784K)] 699984K->455452K(925760K), 0.0053180 secs] [Times: user=0.02 sys=0.00, real=0.01 secs] 
2014-07-16T11:02:51.743+0000: 3294.752: [GC [PSYoungGen: 238765K->1076K(233664K)] 693719K->456102K(920640K), 0.0045450 secs] [Times: user=0.02 sys=0.00, real=0.01 secs] 
2014-07-16T11:02:52.593+0000: 3295.601: [GC [PSYoungGen: 233652K->448K(227520K)] 688678K->455522K(914496K), 0.0132090 secs] [Times: user=0.07 sys=0.00, real=0.02 secs] 
2014-07-16T11:02:53.428+0000: 3296.437: [GC [PSYoungGen: 227520K->1148K(222912K)] 682594K->456302K(909888K), 0.0075510 secs] [Times: user=0.05 sys=0.00, real=0.01 secs] 
2014-07-16T11:02:54.244+0000: 3297.252: [GC [PSYoungGen: 222873K->1016K(217664K)] 678028K->456218K(904640K), 0.0079360 secs] [Times: user=0.05 sys=0.00, real=0.01 secs] 
2014-07-16T11:02:55.058+0000: 3298.067: [GC [PSYoungGen: 217656K->904K(212672K)] 672858K->456186K(899648K), 0.0075000 secs] [Times: user=0.05 sys=0.00, real=0.01 secs] 
2014-07-16T11:02:55.839+0000: 3298.847: [GC [PSYoungGen: 212616K->766K(207744K)] 667898K->456096K(894720K), 0.0075990 secs] [Times: user=0.05 sys=0.01, real=0.01 secs] 
2014-07-16T11:02:56.630+0000: 3299.638: [GC [PSYoungGen: 207729K->566K(202944K)] 663059K->455944K(889920K), 0.0064930 secs] [Times: user=0.03 sys=0.01, real=0.01 secs] 
2014-07-16T11:02:57.481+0000: 3300.489: [GC [PSYoungGen: 202934K->1244K(199232K)] 658312K->456678K(886208K), 0.0083360 secs] [Times: user=0.06 sys=0.00, real=0.01 secs] 
2014-07-16T11:02:58.184+0000: 3301.192: [GC [PSYoungGen: 199196K->480K(194176K)] 654630K->456010K(881152K), 0.0039290 secs] [Times: user=0.02 sys=0.00, real=0.01 secs] 
2014-07-16T11:02:58.906+0000: 3301.915: [GC [PSYoungGen: 194144K->676K(190272K)] 649674K->456278K(877248K), 0.0049080 secs] [Times: user=0.02 sys=0.01, real=0.00 secs] 
2014-07-16T11:02:59.609+0000: 3302.617: [GC [PSYoungGen: 190244K->498K(186112K)] 645846K->456156K(873088K), 0.0043270 secs] [Times: user=0.02 sys=0.00, real=0.00 secs] 
2014-07-16T11:03:00.283+0000: 3303.292: [GC [PSYoungGen: 186098K->644K(182464K)] 641756K->456390K(869440K), 0.0093880 secs] [Times: user=0.06 sys=0.00, real=0.01 secs] 
2014-07-16T11:03:01.024+0000: 3304.032: [GC [PSYoungGen: 182404K->1512K(179584K)] 638150K->457380K(866560K), 0.0077210 secs] [Times: user=0.05 sys=0.00, real=0.01 secs] 
2014-07-16T11:03:01.688+0000: 3304.696: [GC [PSYoungGen: 179560K->516K(175040K)] 635428K->456448K(862016K), 0.0069140 secs] [Times: user=0.04 sys=0.01, real=0.01 secs] 
2014-07-16T11:03:02.423+0000: 3305.431: [GC [PSYoungGen: 174980K->996K(171968K)] 630912K->457032K(858944K), 0.0069420 secs] [Times: user=0.05 sys=0.00, real=0.01 secs] 
2014-07-16T11:03:03.004+0000: 3306.013: [GC [PSYoungGen: 171940K->808K(206016K)] 627976K->456956K(892992K), 0.0092180 secs] [Times: user=0.07 sys=0.00, real=0.01 secs] 
2014-07-16T11:03:03.748+0000: 3306.757: [GC [PSYoungGen: 205992K->548K(201216K)] 662140K->456768K(888192K), 0.0036800 secs] [Times: user=0.02 sys=0.00, real=0.00 secs] 
2014-07-16T11:03:04.480+0000: 3307.489: [GC [PSYoungGen: 201188K->948K(197248K)] 657408K->457248K(884224K), 0.0071730 secs] [Times: user=0.05 sys=0.00, real=0.01 secs] 
2014-07-16T11:03:05.212+0000: 3308.220: [GC [PSYoungGen: 197236K->680K(192768K)] 653536K->457052K(879744K), 0.0041790 secs] [Times: user=0.03 sys=0.00, real=0.01 secs] 
2014-07-16T11:03:05.935+0000: 3308.944: [GC [PSYoungGen: 192744K->1486K(232064K)] 649116K->457914K(919040K), 0.0163560 secs] [Times: user=0.11 sys=0.00, real=0.02 secs] 
2014-07-16T11:03:06.771+0000: 3309.779: [GC [PSYoungGen: 232014K->694K(254016K)] 688442K->457202K(940992K), 0.0136910 secs] [Times: user=0.09 sys=0.00, real=0.01 secs] 
2014-07-16T11:03:07.760+0000: 3310.769: [GC [PSYoungGen: 253814K->776K(254784K)] 710322K->457356K(941760K), 0.0075130 secs] [Times: user=0.05 sys=0.00, real=0.01 secs] 
2014-07-16T11:03:08.692+0000: 3311.700: [GC [PSYoungGen: 253866K->980K(305344K)] 710447K->457632K(992320K), 0.0053700 secs] [Times: user=0.03 sys=0.00, real=0.01 secs] 
2014-07-16T11:03:09.817+0000: 3312.826: [GC [PSYoungGen: 304724K->1208K(296768K)] 761376K->457916K(983744K), 0.0043030 secs] [Times: user=0.02 sys=0.00, real=0.00 secs] 
2014-07-16T11:03:10.946+0000: 3313.955: [GC [PSYoungGen: 296697K->438K(288128K)] 753406K->457778K(975104K), 0.0095360 secs] [Times: user=0.06 sys=0.00, real=0.01 secs] 
2014-07-16T11:03:11.984+0000: 3314.992: [GC [PSYoungGen: 288103K->1076K(281216K)] 745444K->458448K(968192K), 0.0147140 secs] [Times: user=0.09 sys=0.00, real=0.02 secs] 
2014-07-16T11:03:13.094+0000: 3316.102: [GC [PSYoungGen: 281204K->576K(303424K)] 738576K->458452K(990400K), 0.0128590 secs] [Times: user=0.07 sys=0.01, real=0.01 secs] 
2014-07-16T11:03:14.221+0000: 3317.229: [GC [PSYoungGen: 302400K->626K(303424K)] 760276K->458590K(990400K), 0.0110490 secs] [Times: user=0.07 sys=0.00, real=0.01 secs] 
2014-07-16T11:03:15.335+0000: 3318.344: [GC [PSYoungGen: 302425K->822K(294528K)] 760390K->458890K(981504K), 0.0066240 secs] [Times: user=0.02 sys=0.00, real=0.01 secs] 
2014-07-16T11:03:16.450+0000: 3319.459: [GC [PSYoungGen: 294476K->1126K(287040K)] 752545K->459267K(974016K), 0.0071780 secs] [Times: user=0.05 sys=0.00, real=0.00 secs] 
2014-07-16T11:03:17.594+0000: 3320.602: [GC [PSYoungGen: 286970K->1150K(279552K)] 745111K->459450K(966528K), 0.0046640 secs] [Times: user=0.02 sys=0.00, real=0.01 secs] 
2014-07-16T11:03:18.581+0000: 3321.589: [GC [PSYoungGen: 279550K->1180K(272448K)] 737850K->459537K(959424K), 0.0100830 secs] [Times: user=0.06 sys=0.00, real=0.01 secs] 
2014-07-16T11:03:19.601+0000: 3322.609: [GC [PSYoungGen: 272412K->1012K(265344K)] 730769K->459536K(952320K), 0.0124750 secs] [Times: user=0.08 sys=0.00, real=0.01 secs] 
2014-07-16T11:03:20.609+0000: 3323.617: [GC [PSYoungGen: 265299K->1030K(258752K)] 723824K->459619K(945728K), 0.0041620 secs] [Times: user=0.02 sys=0.00, real=0.00 secs] 
2014-07-16T11:03:21.588+0000: 3324.597: [GC [PSYoungGen: 258694K->822K(252096K)] 717283K->459632K(939072K), 0.0060030 secs] [Times: user=0.04 sys=0.00, real=0.01 secs] 
2014-07-16T11:03:22.507+0000: 3325.516: [GC [PSYoungGen: 252086K->830K(245952K)] 710896K->459689K(932928K), 0.0106530 secs] [Times: user=0.07 sys=0.01, real=0.01 secs] 
2014-07-16T11:03:23.427+0000: 3326.435: [GC [PSYoungGen: 245950K->894K(240064K)] 704809K->459825K(927040K), 0.0065550 secs] [Times: user=0.04 sys=0.00, real=0.01 secs] 
2014-07-16T11:03:24.311+0000: 3327.319: [GC [PSYoungGen: 240062K->1076K(288128K)] 698993K->460063K(975104K), 0.0164190 secs] [Times: user=0.11 sys=0.00, real=0.01 secs] 
2014-07-16T11:03:25.355+0000: 3328.363: [GC [PSYoungGen: 288116K->716K(345216K)] 747103K->459767K(1032192K), 0.0099350 secs] [Times: user=0.07 sys=0.00, real=0.01 secs] 
2014-07-16T11:03:26.635+0000: 3329.643: [GC [PSYoungGen: 345164K->1318K(336000K)] 804215K->460433K(1022976K), 0.0042580 secs] [Times: user=0.02 sys=0.00, real=0.01 secs] 
2014-07-16T11:03:27.944+0000: 3330.952: [GC [PSYoungGen: 335974K->826K(326080K)] 795089K->460013K(1013056K), 0.0158270 secs] [Times: user=0.10 sys=0.00, real=0.02 secs] 
2014-07-16T11:03:29.095+0000: 3332.103: [GC [PSYoungGen: 325995K->690K(316928K)] 785182K->459940K(1003904K), 0.0045220 secs] [Times: user=0.02 sys=0.00, real=0.00 secs] 
2014-07-16T11:03:30.301+0000: 3333.310: [GC [PSYoungGen: 316914K->780K(308352K)] 776164K->460070K(995328K), 0.0108120 secs] [Times: user=0.07 sys=0.00, real=0.01 secs] 
2014-07-16T11:03:31.471+0000: 3334.479: [GC [PSYoungGen: 308277K->1468K(300672K)] 767568K->460839K(987648K), 0.0056590 secs] [Times: user=0.03 sys=0.00, real=0.00 secs] 
2014-07-16T11:03:32.643+0000: 3335.652: [GC [PSYoungGen: 300652K->816K(292032K)] 760023K->460251K(979008K), 0.0087780 secs] [Times: user=0.06 sys=0.00, real=0.01 secs] 
2014-07-16T11:03:33.717+0000: 3336.725: [GC [PSYoungGen: 291983K->786K(284352K)] 751418K->460316K(971328K), 0.0139070 secs] [Times: user=0.09 sys=0.00, real=0.02 secs] 
2014-07-16T11:03:34.748+0000: 3337.756: [GC [PSYoungGen: 284306K->876K(276992K)] 743836K->460487K(963968K), 0.0052310 secs] [Times: user=0.03 sys=0.00, real=0.01 secs] 
2014-07-16T11:03:35.792+0000: 3338.800: [GC [PSYoungGen: 276972K->1292K(270336K)] 736583K->460974K(957312K), 0.0073480 secs] [Times: user=0.04 sys=0.01, real=0.00 secs] 
2014-07-16T11:03:36.766+0000: 3339.775: [GC [PSYoungGen: 270284K->888K(263040K)] 729966K->460991K(950016K), 0.0155360 secs] [Times: user=0.10 sys=0.01, real=0.02 secs] 
2014-07-16T11:03:37.723+0000: 3340.732: [GC [PSYoungGen: 263032K->576K(256128K)] 723135K->460775K(943104K), 0.0067090 secs] [Times: user=0.05 sys=0.00, real=0.00 secs] 
2014-07-16T11:03:38.655+0000: 3341.663: [GC [PSYoungGen: 256128K->1044K(250304K)] 716327K->461315K(937280K), 0.0076210 secs] [Times: user=0.04 sys=0.00, real=0.01 secs] 
2014-07-16T11:03:39.572+0000: 3342.580: [GC [PSYoungGen: 250221K->548K(243712K)] 710492K->460875K(930688K), 0.0085490 secs] [Times: user=0.05 sys=0.00, real=0.00 secs] 
2014-07-16T11:03:40.473+0000: 3343.481: [GC [PSYoungGen: 243660K->580K(237888K)] 703988K->460971K(924864K), 0.0046350 secs] [Times: user=0.02 sys=0.00, real=0.00 secs] 
2014-07-16T11:03:41.340+0000: 3344.348: [GC [PSYoungGen: 237827K->1080K(232704K)] 698219K->461535K(919680K), 0.0080210 secs] [Times: user=0.05 sys=0.00, real=0.01 secs] 
2014-07-16T11:03:42.205+0000: 3345.213: [GC [PSYoungGen: 232696K->1360K(279360K)] 693151K->461879K(966336K), 0.0212320 secs] [Times: user=0.12 sys=0.00, real=0.02 secs] 
2014-07-16T11:03:43.345+0000: 3346.353: [GC [PSYoungGen: 279312K->848K(334464K)] 739831K->461407K(1021440K), 0.0100530 secs] [Times: user=0.07 sys=0.00, real=0.01 secs] 
2014-07-16T11:03:44.521+0000: 3347.529: [GC [PSYoungGen: 334416K->1044K(345984K)] 794975K->461691K(1032960K), 0.0079740 secs] [Times: user=0.05 sys=0.00, real=0.01 secs] 
2014-07-16T11:03:45.766+0000: 3348.775: [GC [PSYoungGen: 345812K->898K(335872K)] 806459K->461609K(1022848K), 0.0090960 secs] [Times: user=0.06 sys=0.00, real=0.01 secs] 
2014-07-16T11:03:47.002+0000: 3350.011: [GC [PSYoungGen: 335810K->738K(326272K)] 796521K->462325K(1013248K), 0.0061280 secs] [Times: user=0.04 sys=0.00, real=0.00 secs] 
2014-07-16T11:03:48.298+0000: 3351.307: [GC [PSYoungGen: 326241K->1230K(317760K)] 787828K->462873K(1004736K), 0.0041000 secs] [Times: user=0.02 sys=0.01, real=0.00 secs] 
2014-07-16T11:03:49.398+0000: 3352.406: [GC [PSYoungGen: 317708K->1068K(308864K)] 779351K->462907K(995840K), 0.0089760 secs] [Times: user=0.06 sys=0.00, real=0.01 secs] 
2014-07-16T11:03:50.538+0000: 3353.547: [GC [PSYoungGen: 308844K->1090K(300608K)] 770683K->463001K(987584K), 0.0136110 secs] [Times: user=0.07 sys=0.00, real=0.01 secs] 
2014-07-16T11:03:51.730+0000: 3354.739: [GC [PSYoungGen: 300546K->990K(292480K)] 762457K->462965K(979456K), 0.0037160 secs] [Times: user=0.02 sys=0.00, real=0.01 secs] 
2014-07-16T11:03:52.801+0000: 3355.809: [GC [PSYoungGen: 292435K->530K(284352K)] 754411K->462585K(971328K), 0.0039910 secs] [Times: user=0.02 sys=0.00, real=0.01 secs] 
2014-07-16T11:03:54.062+0000: 3357.070: [GC [PSYoungGen: 284306K->694K(277056K)] 746361K->462789K(964032K), 0.0058770 secs] [Times: user=0.02 sys=0.00, real=0.01 secs] 
2014-07-16T11:03:55.075+0000: 3358.083: [GC [PSYoungGen: 277046K->384K(269632K)] 739141K->462535K(956608K), 0.0107150 secs] [Times: user=0.06 sys=0.00, real=0.01 secs] 
2014-07-16T11:03:56.068+0000: 3359.077: [GC [PSYoungGen: 269632K->466K(262912K)] 731783K->462665K(949888K), 0.0110520 secs] [Times: user=0.07 sys=0.00, real=0.01 secs] 
2014-07-16T11:03:57.035+0000: 3360.044: [GC [PSYoungGen: 262866K->1140K(256960K)] 725065K->463403K(943936K), 0.0035960 secs] [Times: user=0.02 sys=0.01, real=0.00 secs] 
2014-07-16T11:03:57.988+0000: 3360.997: [GC [PSYoungGen: 256948K->530K(250048K)] 719211K->462865K(937024K), 0.0144860 secs] [Times: user=0.11 sys=0.01, real=0.01 secs] 
2014-07-16T11:03:58.994+0000: 3362.003: [GC [PSYoungGen: 250002K->690K(244096K)] 712337K->463121K(931072K), 0.0115260 secs] [Times: user=0.08 sys=0.00, real=0.01 secs] 
2014-07-16T11:03:59.894+0000: 3362.902: [GC [PSYoungGen: 244081K->1236K(238784K)] 706513K->463731K(925760K), 0.0080060 secs] [Times: user=0.05 sys=0.00, real=0.01 secs] 
2014-07-16T11:04:00.779+0000: 3363.788: [GC [PSYoungGen: 238740K->680K(232576K)] 701235K->463255K(919552K), 0.0082530 secs] [Times: user=0.06 sys=0.00, real=0.01 secs] 
2014-07-16T11:04:01.617+0000: 3364.625: [GC [PSYoungGen: 232552K->1072K(227520K)] 695127K->463735K(914496K), 0.0055140 secs] [Times: user=0.02 sys=0.00, real=0.00 secs] 
2014-07-16T11:04:02.446+0000: 3365.455: [GC [PSYoungGen: 227466K->694K(221888K)] 690130K->463429K(908864K), 0.0107700 secs] [Times: user=0.07 sys=0.00, real=0.01 secs] 
2014-07-16T11:04:03.403+0000: 3366.411: [GC [PSYoungGen: 221878K->1092K(217280K)] 684613K->463923K(904256K), 0.0068730 secs] [Times: user=0.05 sys=0.00, real=0.01 secs] 
2014-07-16T11:04:04.249+0000: 3367.257: [GC [PSYoungGen: 217220K->762K(211968K)] 680051K->463633K(898944K), 0.0083760 secs] [Times: user=0.03 sys=0.00, real=0.01 secs] 
2014-07-16T11:04:05.021+0000: 3368.029: [GC [PSYoungGen: 211961K->772K(207296K)] 674832K->463691K(894272K), 0.0060170 secs] [Times: user=0.03 sys=0.00, real=0.01 secs] 
2014-07-16T11:04:05.785+0000: 3368.793: [GC [PSYoungGen: 207236K->1236K(203200K)] 670155K->464235K(890176K), 0.0067220 secs] [Times: user=0.03 sys=0.00, real=0.00 secs] 
2014-07-16T11:04:06.512+0000: 3369.520: [GC [PSYoungGen: 203156K->498K(198016K)] 666155K->463585K(884992K), 0.0064110 secs] [Times: user=0.04 sys=0.00, real=0.01 secs] 
2014-07-16T11:04:07.235+0000: 3370.243: [GC [PSYoungGen: 197975K->694K(193984K)] 661063K->463853K(880960K), 0.0044040 secs] [Times: user=0.03 sys=0.00, real=0.00 secs] 
2014-07-16T11:04:07.973+0000: 3370.982: [GC [PSYoungGen: 193974K->576K(189760K)] 657133K->463823K(876736K), 0.0049290 secs] [Times: user=0.03 sys=0.00, real=0.01 secs] 
2014-07-16T11:04:08.728+0000: 3371.736: [GC [PSYoungGen: 189718K->990K(186240K)] 652965K->464309K(873216K), 0.0089280 secs] [Times: user=0.05 sys=0.00, real=0.01 secs] 
2014-07-16T11:04:09.399+0000: 3372.407: [GC [PSYoungGen: 186167K->498K(181888K)] 649487K->463897K(868864K), 0.0078920 secs] [Times: user=0.05 sys=0.00, real=0.01 secs] 
2014-07-16T11:04:10.069+0000: 3373.078: [GC [PSYoungGen: 181874K->868K(218560K)] 645273K->464331K(905536K), 0.0218900 secs] [Times: user=0.12 sys=0.00, real=0.02 secs] 
2014-07-16T11:04:10.872+0000: 3373.880: [GC [PSYoungGen: 218506K->1068K(262336K)] 681969K->464611K(949312K), 0.0045200 secs] [Times: user=0.02 sys=0.00, real=0.01 secs] 
2014-07-16T11:04:11.837+0000: 3374.845: [GC [PSYoungGen: 262311K->966K(314560K)] 725855K->464565K(1001536K), 0.0045100 secs] [Times: user=0.02 sys=0.00, real=0.00 secs] 
2014-07-16T11:04:13.006+0000: 3376.014: [GC [PSYoungGen: 314502K->1016K(325504K)] 778101K->464663K(1012480K), 0.0130850 secs] [Times: user=0.08 sys=0.00, real=0.02 secs] 
2014-07-16T11:04:14.326+0000: 3377.335: [GC [PSYoungGen: 325496K->1236K(316736K)] 789143K->464923K(1003712K), 0.0106430 secs] [Times: user=0.06 sys=0.00, real=0.02 secs] 
2014-07-16T11:04:15.607+0000: 3378.615: [GC [PSYoungGen: 316692K->310K(307136K)] 780379K->465305K(994112K), 0.0099020 secs] [Times: user=0.07 sys=0.00, real=0.01 secs] 
2014-07-16T11:04:16.744+0000: 3379.752: [GC [PSYoungGen: 307031K->1144K(299648K)] 772026K->466195K(986624K), 0.0064760 secs] [Times: user=0.04 sys=0.00, real=0.01 secs] 
2014-07-16T11:04:17.855+0000: 3380.863: [GC [PSYoungGen: 299621K->930K(291456K)] 764672K->466309K(978432K), 0.0069250 secs] [Times: user=0.05 sys=0.00, real=0.01 secs] 
2014-07-16T11:04:19.038+0000: 3382.046: [GC [PSYoungGen: 291426K->922K(283776K)] 756805K->466397K(970752K), 0.0081950 secs] [Times: user=0.05 sys=0.00, real=0.00 secs] 
2014-07-16T11:04:20.112+0000: 3383.121: [GC [PSYoungGen: 283711K->1126K(276608K)] 749186K->466649K(963584K), 0.0056940 secs] [Times: user=0.02 sys=0.00, real=0.01 secs] 
2014-07-16T11:04:21.112+0000: 3384.121: [GC [PSYoungGen: 276582K->630K(268992K)] 742105K->466201K(955968K), 0.0084620 secs] [Times: user=0.05 sys=0.00, real=0.01 secs] 
2014-07-16T11:04:22.094+0000: 3385.102: [GC [PSYoungGen: 268982K->576K(262144K)] 734553K->466219K(949120K), 0.0074150 secs] [Times: user=0.05 sys=0.00, real=0.01 secs] 
2014-07-16T11:04:23.060+0000: 3386.068: [GC [PSYoungGen: 262131K->944K(256000K)] 727774K->466659K(942976K), 0.0142930 secs] [Times: user=0.08 sys=0.00, real=0.01 secs] 
2014-07-16T11:04:23.975+0000: 3386.984: [GC [PSYoungGen: 255967K->662K(249408K)] 721682K->466425K(936384K), 0.0067470 secs] [Times: user=0.02 sys=0.00, real=0.01 secs] 
2014-07-16T11:04:24.946+0000: 3387.955: [GC [PSYoungGen: 249366K->736K(243392K)] 715129K->466579K(930368K), 0.0043340 secs] [Times: user=0.03 sys=0.01, real=0.01 secs] 
2014-07-16T11:04:25.837+0000: 3388.846: [GC [PSYoungGen: 243331K->930K(237760K)] 709174K->466877K(924736K), 0.0063630 secs] [Times: user=0.04 sys=0.00, real=0.01 secs] 
2014-07-16T11:04:26.706+0000: 3389.715: [GC [PSYoungGen: 237730K->812K(232000K)] 703677K->466831K(918976K), 0.0044410 secs] [Times: user=0.02 sys=0.00, real=0.01 secs] 
2014-07-16T11:04:27.567+0000: 3390.576: [GC [PSYoungGen: 231978K->1164K(226944K)] 697997K->467263K(913920K), 0.0070890 secs] [Times: user=0.05 sys=0.00, real=0.01 secs] 
2014-07-16T11:04:28.396+0000: 3391.404: [GC [PSYoungGen: 226892K->816K(221312K)] 692991K->466955K(908288K), 0.0138110 secs] [Times: user=0.09 sys=0.01, real=0.02 secs] 
2014-07-16T11:04:29.390+0000: 3392.399: [GC [PSYoungGen: 221257K->930K(216384K)] 687396K->467333K(903360K), 0.0043000 secs] [Times: user=0.02 sys=0.00, real=0.00 secs] 
2014-07-16T11:04:30.129+0000: 3393.137: [GC [PSYoungGen: 216354K->416K(211008K)] 682757K->466867K(897984K), 0.0087380 secs] [Times: user=0.05 sys=0.01, real=0.00 secs] 
2014-07-16T11:04:30.903+0000: 3393.911: [GC [PSYoungGen: 210976K->722K(206656K)] 677427K->467277K(893632K), 0.0072890 secs] [Times: user=0.04 sys=0.00, real=0.01 secs] 
2014-07-16T11:04:31.664+0000: 3394.672: [GC [PSYoungGen: 206610K->812K(202176K)] 673165K->467455K(889152K), 0.0075240 secs] [Times: user=0.05 sys=0.00, real=0.01 secs] 
2014-07-16T11:04:32.391+0000: 3395.400: [GC [PSYoungGen: 202151K->666K(197696K)] 668794K->467357K(884672K), 0.0038700 secs] [Times: user=0.01 sys=0.01, real=0.00 secs] 
2014-07-16T11:04:33.148+0000: 3396.156: [GC [PSYoungGen: 197658K->626K(193408K)] 664349K->467397K(880384K), 0.0038130 secs] [Times: user=0.02 sys=0.00, real=0.01 secs] 
2014-07-16T11:04:33.949+0000: 3396.957: [GC [PSYoungGen: 193394K->1042K(189760K)] 660165K->467909K(876736K), 0.0078220 secs] [Times: user=0.06 sys=0.00, real=0.01 secs] 
2014-07-16T11:04:34.526+0000: 3397.534: [GC [PSYoungGen: 189714K->844K(185600K)] 656581K->467767K(872576K), 0.0066380 secs] [Times: user=0.03 sys=0.00, real=0.01 secs] 
2014-07-16T11:04:35.211+0000: 3398.219: [GC [PSYoungGen: 185504K->880K(181760K)] 652427K->467883K(868736K), 0.0068000 secs] [Times: user=0.05 sys=0.00, real=0.00 secs] 
2014-07-16T11:04:35.872+0000: 3398.881: [GC [PSYoungGen: 181744K->1022K(178176K)] 648747K->468089K(865152K), 0.0060380 secs] [Times: user=0.03 sys=0.00, real=0.00 secs] 
2014-07-16T11:04:36.536+0000: 3399.544: [GC [PSYoungGen: 178174K->640K(213248K)] 645241K->467803K(900224K), 0.0091840 secs] [Times: user=0.06 sys=0.00, real=0.01 secs] 
2014-07-16T11:04:37.322+0000: 3400.331: [GC [PSYoungGen: 213248K->562K(255744K)] 680411K->467789K(942720K), 0.0082310 secs] [Times: user=0.06 sys=0.00, real=0.01 secs] 
2014-07-16T11:04:38.268+0000: 3401.276: [GC [PSYoungGen: 255730K->612K(249472K)] 722957K->467903K(936448K), 0.0093770 secs] [Times: user=0.06 sys=0.00, real=0.01 secs] 
2014-07-16T11:04:39.249+0000: 3402.258: [GC [PSYoungGen: 249398K->808K(243584K)] 716689K->468187K(930560K), 0.0069340 secs] [Times: user=0.04 sys=0.00, real=0.01 secs] 
2014-07-16T11:04:40.096+0000: 3403.105: [GC [PSYoungGen: 243520K->912K(237888K)] 710899K->468371K(924864K), 0.0075370 secs] [Times: user=0.05 sys=0.00, real=0.01 secs] 
2014-07-16T11:04:40.966+0000: 3403.975: [GC [PSYoungGen: 237743K->1090K(285504K)] 705202K->468597K(972480K), 0.0157650 secs] [Times: user=0.09 sys=0.01, real=0.02 secs] 
2014-07-16T11:04:42.003+0000: 3405.011: [GC [PSYoungGen: 285416K->484K(306240K)] 752923K->468191K(993216K), 0.0082180 secs] [Times: user=0.06 sys=0.00, real=0.01 secs] 
2014-07-16T11:04:43.112+0000: 3406.120: [GC [PSYoungGen: 306212K->840K(298368K)] 773919K->468611K(985344K), 0.0069280 secs] [Times: user=0.05 sys=0.00, real=0.00 secs] 
2014-07-16T11:04:44.321+0000: 3407.330: [GC [PSYoungGen: 298256K->506K(290048K)] 766028K->470257K(977024K), 0.0109860 secs] [Times: user=0.07 sys=0.00, real=0.01 secs] 
2014-07-16T11:04:45.419+0000: 3408.427: [GC [PSYoungGen: 290042K->1068K(283008K)] 759793K->470867K(969984K), 0.0096650 secs] [Times: user=0.06 sys=0.00, real=0.01 secs] 
2014-07-16T11:04:46.444+0000: 3409.452: [GC [PSYoungGen: 282988K->480K(275072K)] 752787K->470655K(962048K), 0.0047700 secs] [Times: user=0.02 sys=0.00, real=0.00 secs] 
2014-07-16T11:04:47.447+0000: 3410.456: [GC [PSYoungGen: 275018K->854K(268416K)] 745193K->471093K(955392K), 0.0037940 secs] [Times: user=0.02 sys=0.00, real=0.00 secs] 
2014-07-16T11:04:48.421+0000: 3411.429: [GC [PSYoungGen: 268369K->1236K(262016K)] 738609K->471571K(948992K), 0.0102020 secs] [Times: user=0.06 sys=0.00, real=0.01 secs] 
2014-07-16T11:04:49.436+0000: 3412.444: [GC [PSYoungGen: 261972K->1094K(255360K)] 732307K->471485K(942336K), 0.0107310 secs] [Times: user=0.07 sys=0.01, real=0.01 secs] 
2014-07-16T11:04:50.336+0000: 3413.345: [GC [PSYoungGen: 255272K->930K(301632K)] 725663K->471393K(988608K), 0.0160620 secs] [Times: user=0.11 sys=0.00, real=0.02 secs] 
2014-07-16T11:04:51.438+0000: 3414.446: [GC [PSYoungGen: 301346K->658K(293056K)] 771809K->471217K(980032K), 0.0085230 secs] [Times: user=0.05 sys=0.00, real=0.01 secs] 
2014-07-16T11:04:52.521+0000: 3415.529: [GC [PSYoungGen: 293010K->634K(285248K)] 763569K->471217K(972224K), 0.0057260 secs] [Times: user=0.02 sys=0.00, real=0.01 secs] 
2014-07-16T11:04:53.567+0000: 3416.576: [GC [PSYoungGen: 285165K->894K(278080K)] 755749K->471509K(965056K), 0.0059190 secs] [Times: user=0.02 sys=0.00, real=0.01 secs] 
2014-07-16T11:04:54.637+0000: 3417.645: [GC [PSYoungGen: 278052K->780K(270848K)] 748668K->471435K(957824K), 0.0045470 secs] [Times: user=0.03 sys=0.00, real=0.00 secs] 
2014-07-16T11:04:55.657+0000: 3418.665: [GC [PSYoungGen: 270796K->1426K(264640K)] 741451K->472121K(951616K), 0.0164670 secs] [Times: user=0.11 sys=0.00, real=0.02 secs] 
2014-07-16T11:04:56.609+0000: 3419.617: [GC [PSYoungGen: 264594K->530K(257152K)] 735289K->471289K(944128K), 0.0071770 secs] [Times: user=0.05 sys=0.00, real=0.01 secs] 
2014-07-16T11:04:57.534+0000: 3420.542: [GC [PSYoungGen: 257106K->826K(251008K)] 727865K->471673K(937984K), 0.0123570 secs] [Times: user=0.07 sys=0.00, real=0.01 secs] 
2014-07-16T11:04:58.464+0000: 3421.472: [GC [PSYoungGen: 251002K->548K(244608K)] 721849K->471467K(931584K), 0.0034630 secs] [Times: user=0.03 sys=0.00, real=0.00 secs] 
2014-07-16T11:04:59.410+0000: 3422.418: [GC [PSYoungGen: 244580K->712K(238912K)] 715499K->471695K(925888K), 0.0063990 secs] [Times: user=0.04 sys=0.00, real=0.01 secs] 
2014-07-16T11:05:00.246+0000: 3423.254: [GC [PSYoungGen: 238822K->1212K(233664K)] 709805K->472283K(920640K), 0.0074190 secs] [Times: user=0.05 sys=0.00, real=0.00 secs] 
2014-07-16T11:05:01.103+0000: 3424.112: [GC [PSYoungGen: 233660K->1094K(228096K)] 704731K->472253K(915072K), 0.0081430 secs] [Times: user=0.06 sys=0.00, real=0.01 secs] 
2014-07-16T11:05:01.919+0000: 3424.928: [GC [PSYoungGen: 228038K->466K(222144K)] 699197K->471665K(909120K), 0.0047650 secs] [Times: user=0.02 sys=0.00, real=0.01 secs] 
2014-07-16T11:05:02.752+0000: 3425.760: [GC [PSYoungGen: 222077K->1362K(217920K)] 693277K->472609K(904896K), 0.0042170 secs] [Times: user=0.02 sys=0.00, real=0.01 secs] 
2014-07-16T11:05:03.536+0000: 3426.544: [GC [PSYoungGen: 217874K->722K(212352K)] 689121K->472033K(899328K), 0.0039880 secs] [Times: user=0.03 sys=0.00, real=0.00 secs] 
2014-07-16T11:05:04.388+0000: 3427.396: [GC [PSYoungGen: 212306K->1010K(207872K)] 683617K->472393K(894848K), 0.0109440 secs] [Times: user=0.08 sys=0.00, real=0.01 secs] 
2014-07-16T11:05:05.112+0000: 3428.120: [GC [PSYoungGen: 207836K->844K(203200K)] 679219K->472283K(890176K), 0.0088230 secs] [Times: user=0.05 sys=0.00, real=0.01 secs] 
2014-07-16T11:05:05.956+0000: 3428.964: [GC [PSYoungGen: 203127K->790K(198720K)] 674567K->472317K(885696K), 0.0067890 secs] [Times: user=0.04 sys=0.00, real=0.00 secs] 
2014-07-16T11:05:06.743+0000: 3429.751: [GC [PSYoungGen: 198668K->1112K(194752K)] 670196K->472687K(881728K), 0.0074930 secs] [Times: user=0.04 sys=0.01, real=0.01 secs] 
2014-07-16T11:05:07.469+0000: 3430.477: [GC [PSYoungGen: 194712K->676K(190208K)] 666287K->472307K(877184K), 0.0059110 secs] [Times: user=0.02 sys=0.01, real=0.01 secs] 
2014-07-16T11:05:08.179+0000: 3431.187: [GC [PSYoungGen: 190180K->780K(186368K)] 661811K->472467K(873344K), 0.0077670 secs] [Times: user=0.05 sys=0.00, real=0.01 secs] 
2014-07-16T11:05:08.859+0000: 3431.867: [GC [PSYoungGen: 186316K->1112K(182848K)] 658003K->472871K(869824K), 0.0068190 secs] [Times: user=0.04 sys=0.00, real=0.01 secs] 
2014-07-16T11:05:09.595+0000: 3432.603: [GC [PSYoungGen: 182808K->958K(178944K)] 654567K->472781K(865920K), 0.0055020 secs] [Times: user=0.02 sys=0.00, real=0.00 secs] 
2014-07-16T11:05:10.222+0000: 3433.230: [GC [PSYoungGen: 178942K->608K(175040K)] 650765K->472527K(862016K), 0.0069050 secs] [Times: user=0.04 sys=0.00, real=0.01 secs] 
2014-07-16T11:05:10.851+0000: 3433.859: [GC [PSYoungGen: 175008K->530K(209856K)] 646927K->472545K(896832K), 0.0088290 secs] [Times: user=0.04 sys=0.00, real=0.01 secs] 
2014-07-16T11:05:11.624+0000: 3434.632: [GC [PSYoungGen: 209810K->690K(251840K)] 681825K->472777K(938816K), 0.0120020 secs] [Times: user=0.07 sys=0.00, real=0.02 secs] 
2014-07-16T11:05:12.538+0000: 3435.547: [GC [PSYoungGen: 251826K->780K(285248K)] 723913K->472923K(972224K), 0.0104680 secs] [Times: user=0.06 sys=0.00, real=0.01 secs] 
2014-07-16T11:05:13.570+0000: 3436.578: [GC [PSYoungGen: 284508K->990K(285184K)] 756652K->473205K(972160K), 0.0080280 secs] [Times: user=0.05 sys=0.00, real=0.01 secs] 
2014-07-16T11:05:14.744+0000: 3437.753: [GC [PSYoungGen: 284766K->1390K(341696K)] 756981K->473863K(1028672K), 0.0106420 secs] [Times: user=0.06 sys=0.00, real=0.01 secs] 
2014-07-16T11:05:15.979+0000: 3438.988: [GC [PSYoungGen: 341678K->598K(331264K)] 814151K->473095K(1018240K), 0.0063090 secs] [Times: user=0.01 sys=0.00, real=0.00 secs] 
2014-07-16T11:05:17.212+0000: 3440.221: [GC [PSYoungGen: 331222K->1080K(322432K)] 803719K->473981K(1009408K), 0.0126060 secs] [Times: user=0.09 sys=0.00, real=0.01 secs] 
2014-07-16T11:05:18.374+0000: 3441.382: [GC [PSYoungGen: 322424K->1754K(314240K)] 795325K->474728K(1001216K), 0.0081830 secs] [Times: user=0.05 sys=0.00, real=0.01 secs] 
2014-07-16T11:05:19.662+0000: 3442.671: [GC [PSYoungGen: 314202K->740K(304704K)] 787176K->473993K(991680K), 0.0077290 secs] [Times: user=0.05 sys=0.00, real=0.01 secs] 
2014-07-16T11:05:20.732+0000: 3443.740: [GC [PSYoungGen: 304676K->1596K(297344K)] 777929K->474914K(984320K), 0.0168870 secs] [Times: user=0.11 sys=0.00, real=0.02 secs] 
2014-07-16T11:05:21.834+0000: 3444.843: [GC [PSYoungGen: 297336K->1258K(289152K)] 770654K->474806K(976128K), 0.0050350 secs] [Times: user=0.02 sys=0.00, real=0.01 secs] 
2014-07-16T11:05:22.846+0000: 3445.855: [GC [PSYoungGen: 289130K->1508K(281856K)] 762678K->475128K(968832K), 0.0046920 secs] [Times: user=0.02 sys=0.00, real=0.01 secs] 
2014-07-16T11:05:23.885+0000: 3446.893: [GC [PSYoungGen: 281778K->1200K(274240K)] 755398K->474915K(961216K), 0.0046030 secs] [Times: user=0.03 sys=0.00, real=0.01 secs] 
2014-07-16T11:05:24.965+0000: 3447.973: [GC [PSYoungGen: 274224K->758K(266816K)] 747939K->474529K(953792K), 0.0218110 secs] [Times: user=0.12 sys=0.00, real=0.03 secs] 
2014-07-16T11:05:25.946+0000: 3448.955: [GC [PSYoungGen: 266806K->672K(260032K)] 740577K->474555K(947008K), 0.0073040 secs] [Times: user=0.05 sys=0.00, real=0.01 secs] 
2014-07-16T11:05:26.920+0000: 3449.928: [GC [PSYoungGen: 259972K->872K(253760K)] 733856K->474803K(940736K), 0.0105700 secs] [Times: user=0.05 sys=0.00, real=0.01 secs] 
2014-07-16T11:05:27.836+0000: 3450.844: [GC [PSYoungGen: 253714K->566K(247232K)] 727645K->474561K(934208K), 0.0050680 secs] [Times: user=0.02 sys=0.01, real=0.01 secs] 
2014-07-16T11:05:28.742+0000: 3451.751: [GC [PSYoungGen: 247222K->634K(241280K)] 721217K->474677K(928256K), 0.0082860 secs] [Times: user=0.05 sys=0.00, real=0.01 secs] 
2014-07-16T11:05:29.614+0000: 3452.622: [GC [PSYoungGen: 241259K->566K(235456K)] 715303K->474657K(922432K), 0.0085550 secs] [Times: user=0.05 sys=0.00, real=0.01 secs] 
2014-07-16T11:05:30.521+0000: 3453.529: [GC [PSYoungGen: 235446K->562K(229888K)] 709537K->474717K(916864K), 0.0089180 secs] [Times: user=0.07 sys=0.00, real=0.01 secs] 
2014-07-16T11:05:31.361+0000: 3454.370: [GC [PSYoungGen: 229874K->666K(224640K)] 704029K->474885K(911616K), 0.0079190 secs] [Times: user=0.05 sys=0.00, real=0.01 secs] 
2014-07-16T11:05:32.199+0000: 3455.208: [GC [PSYoungGen: 224602K->544K(219328K)] 698821K->474811K(906304K), 0.0050650 secs] [Times: user=0.02 sys=0.01, real=0.00 secs] 
2014-07-16T11:05:32.994+0000: 3456.003: [GC [PSYoungGen: 219296K->708K(214528K)] 693563K->475023K(901504K), 0.0069460 secs] [Times: user=0.02 sys=0.00, real=0.01 secs] 
2014-07-16T11:05:33.809+0000: 3456.818: [GC [PSYoungGen: 214424K->594K(209600K)] 688740K->474973K(896576K), 0.0103050 secs] [Times: user=0.06 sys=0.01, real=0.01 secs] 
2014-07-16T11:05:34.568+0000: 3457.577: [GC [PSYoungGen: 209554K->512K(204800K)] 683933K->474955K(891776K), 0.0083510 secs] [Times: user=0.05 sys=0.00, real=0.01 secs] 
2014-07-16T11:05:35.334+0000: 3458.342: [GC [PSYoungGen: 204800K->594K(245824K)] 679243K->475101K(932800K), 0.0169090 secs] [Times: user=0.11 sys=0.00, real=0.02 secs] 
2014-07-16T11:05:36.284+0000: 3459.292: [GC [PSYoungGen: 245690K->1186K(295488K)] 720198K->475757K(982464K), 0.0039670 secs] [Times: user=0.02 sys=0.01, real=0.00 secs] 
2014-07-16T11:05:37.324+0000: 3460.332: [GC [PSYoungGen: 295458K->480K(286976K)] 770029K->475099K(973952K), 0.0047250 secs] [Times: user=0.01 sys=0.01, real=0.00 secs] 
2014-07-16T11:05:38.421+0000: 3461.430: [GC [PSYoungGen: 286944K->466K(279488K)] 761563K->475133K(966464K), 0.0047460 secs] [Times: user=0.02 sys=0.00, real=0.00 secs] 
2014-07-16T11:05:39.448+0000: 3462.456: [GC [PSYoungGen: 279427K->1376K(273152K)] 754095K->476124K(960128K), 0.0105320 secs] [Times: user=0.06 sys=0.00, real=0.01 secs] 
2014-07-16T11:05:40.465+0000: 3463.473: [GC [PSYoungGen: 273120K->1230K(266112K)] 747868K->476034K(953088K), 0.0048650 secs] [Times: user=0.03 sys=0.00, real=0.00 secs] 
2014-07-16T11:05:41.443+0000: 3464.452: [GC [PSYoungGen: 266062K->1086K(259264K)] 740866K->475961K(946240K), 0.0037790 secs] [Times: user=0.02 sys=0.00, real=0.00 secs] 
2014-07-16T11:05:42.374+0000: 3465.383: [GC [PSYoungGen: 259255K->1116K(252928K)] 734131K->476032K(939904K), 0.0046310 secs] [Times: user=0.02 sys=0.00, real=0.00 secs] 
2014-07-16T11:05:43.301+0000: 3466.309: [GC [PSYoungGen: 252857K->944K(246528K)] 727773K->475939K(933504K), 0.0105350 secs] [Times: user=0.06 sys=0.00, real=0.01 secs] 
2014-07-16T11:05:44.207+0000: 3467.216: [GC [PSYoungGen: 246511K->884K(240512K)] 721507K->475936K(927488K), 0.0045860 secs] [Times: user=0.02 sys=0.00, real=0.01 secs] 
2014-07-16T11:05:45.189+0000: 3468.197: [GC [PSYoungGen: 240500K->740K(234624K)] 715552K->475847K(921600K), 0.0088400 secs] [Times: user=0.06 sys=0.00, real=0.01 secs] 
2014-07-16T11:05:45.982+0000: 3468.990: [GC [PSYoungGen: 234596K->736K(229120K)] 709703K->475923K(916096K), 0.0079280 secs] [Times: user=0.05 sys=0.01, real=0.01 secs] 
2014-07-16T11:05:46.853+0000: 3469.861: [GC [PSYoungGen: 229088K->1572K(224640K)] 704275K->476924K(911616K), 0.0064580 secs] [Times: user=0.04 sys=0.00, real=0.00 secs] 
2014-07-16T11:05:47.659+0000: 3470.668: [GC [PSYoungGen: 224612K->530K(218496K)] 699964K->475961K(905472K), 0.0045580 secs] [Times: user=0.03 sys=0.00, real=0.01 secs] 
2014-07-16T11:05:48.480+0000: 3471.488: [GC [PSYoungGen: 218436K->1158K(214144K)] 693868K->476662K(901120K), 0.0092460 secs] [Times: user=0.06 sys=0.00, real=0.01 secs] 
2014-07-16T11:05:49.261+0000: 3472.269: [GC [PSYoungGen: 214063K->758K(208896K)] 689567K->476325K(895872K), 0.0054600 secs] [Times: user=0.03 sys=0.00, real=0.00 secs] 
2014-07-16T11:05:50.026+0000: 3473.034: [GC [PSYoungGen: 208886K->1240K(251072K)] 684453K->476872K(938048K), 0.0136050 secs] [Times: user=0.06 sys=0.00, real=0.01 secs] 
2014-07-16T11:05:50.974+0000: 3473.982: [GC [PSYoungGen: 251032K->498K(244160K)] 726664K->476177K(931136K), 0.0042180 secs] [Times: user=0.02 sys=0.00, real=0.00 secs] 
2014-07-16T11:05:51.863+0000: 3474.871: [GC [PSYoungGen: 244146K->698K(238464K)] 719825K->476473K(925440K), 0.0040510 secs] [Times: user=0.03 sys=0.00, real=0.00 secs] 
2014-07-16T11:05:52.749+0000: 3475.757: [GC [PSYoungGen: 238458K->758K(232832K)] 714233K->476605K(919808K), 0.0075870 secs] [Times: user=0.04 sys=0.00, real=0.01 secs] 
2014-07-16T11:05:53.594+0000: 3476.603: [GC [PSYoungGen: 232822K->726K(227392K)] 708669K->476645K(914368K), 0.0044180 secs] [Times: user=0.03 sys=0.00, real=0.00 secs] 
2014-07-16T11:05:54.429+0000: 3477.437: [GC [PSYoungGen: 227304K->1234K(222656K)] 703224K->477210K(909632K), 0.0084650 secs] [Times: user=0.05 sys=0.00, real=0.01 secs] 
2014-07-16T11:05:55.345+0000: 3478.353: [GC [PSYoungGen: 222610K->676K(217024K)] 698586K->476699K(904000K), 0.0043000 secs] [Times: user=0.02 sys=0.00, real=0.00 secs] 
2014-07-16T11:05:56.087+0000: 3479.095: [GC [PSYoungGen: 216996K->416K(211840K)] 693019K->476479K(898816K), 0.0051700 secs] [Times: user=0.03 sys=0.00, real=0.01 secs] 
2014-07-16T11:05:56.862+0000: 3479.871: [GC [PSYoungGen: 211806K->576K(207232K)] 687870K->476727K(894208K), 0.0032910 secs] [Times: user=0.02 sys=0.01, real=0.00 secs] 
2014-07-16T11:05:57.635+0000: 3480.643: [GC [PSYoungGen: 207232K->862K(203008K)] 683383K->477077K(889984K), 0.0056840 secs] [Times: user=0.04 sys=0.00, real=0.00 secs] 
2014-07-16T11:05:58.374+0000: 3481.382: [GC [PSYoungGen: 202958K->830K(198528K)] 679174K->477093K(885504K), 0.0126640 secs] [Times: user=0.08 sys=0.00, real=0.01 secs] 
2014-07-16T11:05:59.251+0000: 3482.259: [GC [PSYoungGen: 198525K->1004K(194432K)] 674788K->477339K(881408K), 0.0085560 secs] [Times: user=0.04 sys=0.01, real=0.01 secs] 
2014-07-16T11:05:59.883+0000: 3482.892: [GC [PSYoungGen: 194392K->758K(190080K)] 670728K->477157K(877056K), 0.0077630 secs] [Times: user=0.05 sys=0.00, real=0.00 secs] 
2014-07-16T11:06:00.677+0000: 3483.685: [GC [PSYoungGen: 190070K->662K(186048K)] 666469K->477117K(873024K), 0.0044250 secs] [Times: user=0.02 sys=0.00, real=0.00 secs] 
2014-07-16T11:06:01.345+0000: 3484.353: [GC [PSYoungGen: 186006K->466K(182016K)] 662461K->476993K(868992K), 0.0075370 secs] [Times: user=0.04 sys=0.00, real=0.00 secs] 
2014-07-16T11:06:02.003+0000: 3485.011: [GC [PSYoungGen: 181889K->770K(178624K)] 658417K->477330K(865600K), 0.0057690 secs] [Times: user=0.03 sys=0.00, real=0.01 secs] 
2014-07-16T11:06:02.650+0000: 3485.659: [GC [PSYoungGen: 178499K->626K(174848K)] 655059K->477257K(861824K), 0.0054260 secs] [Times: user=0.02 sys=0.00, real=0.01 secs] 
2014-07-16T11:06:03.303+0000: 3486.311: [GC [PSYoungGen: 174834K->784K(171584K)] 651465K->477464K(858560K), 0.0039460 secs] [Times: user=0.02 sys=0.00, real=0.00 secs] 
2014-07-16T11:06:03.918+0000: 3486.926: [GC [PSYoungGen: 171526K->1044K(168448K)] 648206K->477788K(855424K), 0.0085960 secs] [Times: user=0.06 sys=0.00, real=0.01 secs] 
2014-07-16T11:06:04.520+0000: 3487.529: [GC [PSYoungGen: 168404K->666K(164800K)] 645148K->477473K(851776K), 0.0052530 secs] [Times: user=0.03 sys=0.00, real=0.01 secs] 
2014-07-16T11:06:05.144+0000: 3488.152: [GC [PSYoungGen: 164744K->548K(197504K)] 641552K->477403K(884480K), 0.0175020 secs] [Times: user=0.10 sys=0.00, real=0.01 secs] 
2014-07-16T11:06:05.985+0000: 3488.993: [GC [PSYoungGen: 197476K->1162K(237568K)] 674331K->478090K(924544K), 0.0175850 secs] [Times: user=0.13 sys=0.00, real=0.01 secs] 
2014-07-16T11:06:06.840+0000: 3489.849: [GC [PSYoungGen: 237514K->1012K(284672K)] 714442K->478004K(971648K), 0.0076420 secs] [Times: user=0.05 sys=0.00, real=0.01 secs] 
2014-07-16T11:06:07.938+0000: 3490.946: [GC [PSYoungGen: 284618K->634K(299840K)] 761610K->478042K(986816K), 0.0106740 secs] [Times: user=0.07 sys=0.00, real=0.01 secs] 
2014-07-16T11:06:09.024+0000: 3492.033: [GC [PSYoungGen: 299834K->976K(300672K)] 777242K->478440K(987648K), 0.0075910 secs] [Times: user=0.04 sys=0.00, real=0.00 secs] 
2014-07-16T11:06:10.164+0000: 3493.172: [GC [PSYoungGen: 300176K->516K(360384K)] 777640K->478302K(1047360K), 0.0078660 secs] [Times: user=0.05 sys=0.00, real=0.01 secs] 
2014-07-16T11:06:11.579+0000: 3494.587: [GC [PSYoungGen: 359492K->1350K(349952K)] 837278K->479216K(1036928K), 0.0078240 secs] [Times: user=0.04 sys=0.00, real=0.01 secs] 
2014-07-16T11:06:12.870+0000: 3495.879: [GC [PSYoungGen: 349894K->128K(338688K)] 827760K->478306K(1025664K), 0.0044340 secs] [Times: user=0.02 sys=0.01, real=0.00 secs] 
2014-07-16T11:06:14.105+0000: 3497.113: [GC [PSYoungGen: 338688K->990K(329984K)] 816866K->479200K(1016960K), 0.0135480 secs] [Times: user=0.07 sys=0.00, real=0.01 secs] 
2014-07-16T11:06:15.320+0000: 3498.328: [GC [PSYoungGen: 329950K->930K(320704K)] 808160K->479486K(1007680K), 0.0120660 secs] [Times: user=0.08 sys=0.00, real=0.01 secs] 
2014-07-16T11:06:16.572+0000: 3499.580: [GC [PSYoungGen: 320674K->754K(311680K)] 799230K->479406K(998656K), 0.0091860 secs] [Times: user=0.06 sys=0.00, real=0.01 secs] 
2014-07-16T11:06:17.726+0000: 3500.734: [GC [PSYoungGen: 311666K->734K(303232K)] 790318K->479434K(990208K), 0.0097180 secs] [Times: user=0.06 sys=0.00, real=0.01 secs] 
2014-07-16T11:06:18.854+0000: 3501.862: [GC [PSYoungGen: 303198K->1454K(295808K)] 781898K->480274K(982784K), 0.0111770 secs] [Times: user=0.06 sys=0.00, real=0.01 secs] 
2014-07-16T11:06:20.005+0000: 3503.013: [GC [PSYoungGen: 295789K->740K(287296K)] 774609K->479648K(974272K), 0.0066340 secs] [Times: user=0.04 sys=0.00, real=0.01 secs] 
2014-07-16T11:06:21.082+0000: 3504.091: [GC [PSYoungGen: 287237K->922K(280000K)] 766145K->479926K(966976K), 0.0080240 secs] [Times: user=0.05 sys=0.00, real=0.01 secs] 
2014-07-16T11:06:22.070+0000: 3505.079: [GC [PSYoungGen: 279962K->530K(272384K)] 758966K->479598K(959360K), 0.0077060 secs] [Times: user=0.05 sys=0.00, real=0.01 secs] 
2014-07-16T11:06:23.071+0000: 3506.079: [GC [PSYoungGen: 272338K->384K(265280K)] 751406K->479500K(952256K), 0.0075170 secs] [Times: user=0.05 sys=0.00, real=0.01 secs] 
2014-07-16T11:06:24.080+0000: 3507.089: [GC [PSYoungGen: 265276K->1064K(259328K)] 744393K->480252K(946304K), 0.0038440 secs] [Times: user=0.02 sys=0.00, real=0.00 secs] 
2014-07-16T11:06:24.993+0000: 3508.001: [GC [PSYoungGen: 259304K->658K(252544K)] 738492K->479934K(939520K), 0.0103010 secs] [Times: user=0.06 sys=0.01, real=0.01 secs] 
2014-07-16T11:06:26.011+0000: 3509.019: [GC [PSYoungGen: 252498K->690K(246336K)] 731774K->480046K(933312K), 0.0049780 secs] [Times: user=0.03 sys=0.00, real=0.00 secs] 
2014-07-16T11:06:26.896+0000: 3509.904: [GC [PSYoungGen: 246322K->1112K(240832K)] 725678K->480548K(927808K), 0.0075090 secs] [Times: user=0.06 sys=0.00, real=0.01 secs] 
2014-07-16T11:06:27.861+0000: 3510.869: [GC [PSYoungGen: 240792K->996K(234944K)] 720228K->480520K(921920K), 0.0132340 secs] [Times: user=0.09 sys=0.00, real=0.01 secs] 
2014-07-16T11:06:28.673+0000: 3511.681: [GC [PSYoungGen: 234916K->662K(229120K)] 714440K->480274K(916096K), 0.0074230 secs] [Times: user=0.04 sys=0.00, real=0.01 secs] 
2014-07-16T11:06:29.553+0000: 3512.561: [GC [PSYoungGen: 229078K->1394K(224512K)] 708690K->481540K(911488K), 0.0081350 secs] [Times: user=0.05 sys=0.00, real=0.01 secs] 
2014-07-16T11:06:30.404+0000: 3513.413: [GC [PSYoungGen: 224498K->822K(218816K)] 704644K->481024K(905792K), 0.0096690 secs] [Times: user=0.06 sys=0.00, real=0.01 secs] 
2014-07-16T11:06:31.213+0000: 3514.222: [GC [PSYoungGen: 218806K->484K(213504K)] 699008K->480858K(900480K), 0.0090670 secs] [Times: user=0.07 sys=0.00, real=0.01 secs] 
2014-07-16T11:06:31.992+0000: 3515.000: [GC [PSYoungGen: 213476K->830K(256448K)] 693850K->481268K(943424K), 0.0093950 secs] [Times: user=0.06 sys=0.00, real=0.01 secs] 
2014-07-16T11:06:32.947+0000: 3515.956: [GC [PSYoungGen: 256398K->830K(250112K)] 736836K->481340K(937088K), 0.0074630 secs] [Times: user=0.05 sys=0.00, real=0.01 secs] 
2014-07-16T11:06:33.859+0000: 3516.867: [GC [PSYoungGen: 250077K->1568K(244800K)] 730587K->482166K(931776K), 0.0055580 secs] [Times: user=0.02 sys=0.00, real=0.00 secs] 
2014-07-16T11:06:34.759+0000: 3517.768: [GC [PSYoungGen: 244768K->544K(237888K)] 725366K->481238K(924864K), 0.0072980 secs] [Times: user=0.05 sys=0.00, real=0.00 secs] 
2014-07-16T11:06:35.626+0000: 3518.635: [GC [PSYoungGen: 237856K->1400K(286208K)] 718550K->482158K(973184K), 0.0160370 secs] [Times: user=0.09 sys=0.00, real=0.02 secs] 
2014-07-16T11:06:36.834+0000: 3519.842: [GC [PSYoungGen: 286199K->544K(343040K)] 766957K->481374K(1030016K), 0.0175900 secs] [Times: user=0.13 sys=0.00, real=0.02 secs] 
2014-07-16T11:06:38.112+0000: 3521.120: [GC [PSYoungGen: 342264K->626K(343680K)] 823094K->481544K(1030656K), 0.0062710 secs] [Times: user=0.04 sys=0.00, real=0.01 secs] 
2014-07-16T11:06:39.382+0000: 3522.390: [GC [PSYoungGen: 342355K->786K(332864K)] 823273K->481784K(1019840K), 0.0057090 secs] [Times: user=0.03 sys=0.00, real=0.00 secs] 
2014-07-16T11:06:40.621+0000: 3523.630: [GC [PSYoungGen: 332818K->998K(323712K)] 813816K->482052K(1010688K), 0.0063950 secs] [Times: user=0.03 sys=0.00, real=0.00 secs] 
2014-07-16T11:06:41.855+0000: 3524.863: [GC [PSYoungGen: 323686K->848K(314624K)] 804740K->481942K(1001600K), 0.0079370 secs] [Times: user=0.05 sys=0.00, real=0.01 secs] 
2014-07-16T11:06:42.996+0000: 3526.005: [GC [PSYoungGen: 314576K->402K(305600K)] 795670K->481568K(992576K), 0.0092320 secs] [Times: user=0.06 sys=0.00, real=0.01 secs] 
2014-07-16T11:06:44.109+0000: 3527.117: [GC [PSYoungGen: 305554K->1062K(297984K)] 786720K->482340K(984960K), 0.0059810 secs] [Times: user=0.04 sys=0.00, real=0.01 secs] 
2014-07-16T11:06:45.188+0000: 3528.196: [GC [PSYoungGen: 297900K->698K(289664K)] 779178K->482040K(976640K), 0.0138290 secs] [Times: user=0.09 sys=0.00, real=0.02 secs] 
2014-07-16T11:06:46.334+0000: 3529.342: [GC [PSYoungGen: 289658K->1212K(282560K)] 771000K->482610K(969536K), 0.0079300 secs] [Times: user=0.04 sys=0.00, real=0.01 secs] 
2014-07-16T11:06:47.332+0000: 3530.340: [GC [PSYoungGen: 282556K->484K(274560K)] 763954K->481946K(961536K), 0.0091130 secs] [Times: user=0.07 sys=0.00, real=0.01 secs] 
2014-07-16T11:06:48.325+0000: 3531.333: [GC [PSYoungGen: 274532K->886K(267904K)] 755994K->482420K(954880K), 0.0060160 secs] [Times: user=0.02 sys=0.00, real=0.01 secs] 
2014-07-16T11:06:49.355+0000: 3532.363: [GC [PSYoungGen: 267878K->908K(261184K)] 749412K->482514K(948160K), 0.0113690 secs] [Times: user=0.08 sys=0.01, real=0.01 secs] 
2014-07-16T11:06:50.322+0000: 3533.330: [GC [PSYoungGen: 261115K->986K(254720K)] 742721K->482672K(941696K), 0.0067520 secs] [Times: user=0.02 sys=0.00, real=0.00 secs] 
2014-07-16T11:06:51.355+0000: 3534.364: [GC [PSYoungGen: 254682K->822K(248256K)] 736368K->482588K(935232K), 0.0051660 secs] [Times: user=0.03 sys=0.00, real=0.01 secs] 
2014-07-16T11:06:52.221+0000: 3535.230: [GC [PSYoungGen: 248246K->402K(241856K)] 730012K->482216K(928832K), 0.0041750 secs] [Times: user=0.02 sys=0.00, real=0.00 secs] 
2014-07-16T11:06:53.125+0000: 3536.134: [GC [PSYoungGen: 241810K->384K(235968K)] 723624K->482246K(922944K), 0.0081480 secs] [Times: user=0.05 sys=0.00, real=0.01 secs] 
2014-07-16T11:06:54.007+0000: 3537.015: [GC [PSYoungGen: 235968K->854K(230912K)] 717830K->482804K(917888K), 0.0063950 secs] [Times: user=0.05 sys=0.00, real=0.01 secs] 
2014-07-16T11:06:54.860+0000: 3537.869: [GC [PSYoungGen: 230867K->790K(225472K)] 712817K->482796K(912448K), 0.0078970 secs] [Times: user=0.05 sys=0.00, real=0.01 secs] 
2014-07-16T11:06:55.701+0000: 3538.709: [GC [PSYoungGen: 225387K->690K(220160K)] 707394K->482760K(907136K), 0.0060090 secs] [Times: user=0.03 sys=0.00, real=0.00 secs] 
2014-07-16T11:06:56.568+0000: 3539.577: [GC [PSYoungGen: 220144K->1324K(215808K)] 702215K->483682K(902784K), 0.0115340 secs] [Times: user=0.07 sys=0.00, real=0.01 secs] 
2014-07-16T11:06:57.376+0000: 3540.384: [GC [PSYoungGen: 215788K->702K(210304K)] 698146K->483522K(897280K), 0.0052720 secs] [Times: user=0.03 sys=0.00, real=0.01 secs] 
2014-07-16T11:06:58.137+0000: 3541.145: [GC [PSYoungGen: 210302K->990K(205952K)] 693122K->483898K(892928K), 0.0083110 secs] [Times: user=0.04 sys=0.00, real=0.01 secs] 
2014-07-16T11:06:58.901+0000: 3541.909: [GC [PSYoungGen: 205917K->530K(201024K)] 688825K->483494K(888000K), 0.0043520 secs] [Times: user=0.02 sys=0.00, real=0.01 secs] 
2014-07-16T11:06:59.651+0000: 3542.660: [GC [PSYoungGen: 200960K->726K(196864K)] 683925K->483786K(883840K), 0.0075090 secs] [Times: user=0.04 sys=0.01, real=0.01 secs] 
2014-07-16T11:07:00.360+0000: 3543.369: [GC [PSYoungGen: 196822K->1254K(193152K)] 679882K->484410K(880128K), 0.0047170 secs] [Times: user=0.02 sys=0.00, real=0.01 secs] 
2014-07-16T11:07:01.067+0000: 3544.075: [GC [PSYoungGen: 193126K->704K(188544K)] 676282K->483924K(875520K), 0.0103120 secs] [Times: user=0.07 sys=0.00, real=0.01 secs] 
2014-07-16T11:07:01.917+0000: 3544.926: [GC [PSYoungGen: 188544K->1338K(185280K)] 671764K->484662K(872256K), 0.0081260 secs] [Times: user=0.05 sys=0.00, real=0.01 secs] 
2014-07-16T11:07:02.537+0000: 3545.546: [GC [PSYoungGen: 185274K->1204K(221952K)] 668598K->484584K(908928K), 0.0090920 secs] [Times: user=0.05 sys=0.00, real=0.01 secs] 
2014-07-16T11:07:03.345+0000: 3546.353: [GC [PSYoungGen: 221940K->434K(216128K)] 705320K->483886K(903104K), 0.0037080 secs] [Times: user=0.02 sys=0.00, real=0.00 secs] 
2014-07-16T11:07:04.162+0000: 3547.171: [GC [PSYoungGen: 216113K->946K(211776K)] 699565K->484502K(898752K), 0.0100750 secs] [Times: user=0.07 sys=0.00, real=0.01 secs] 
2014-07-16T11:07:04.924+0000: 3547.932: [GC [PSYoungGen: 211762K->434K(206528K)] 695318K->484038K(893504K), 0.0046930 secs] [Times: user=0.03 sys=0.00, real=0.00 secs] 
2014-07-16T11:07:05.682+0000: 3548.690: [GC [PSYoungGen: 206514K->498K(202048K)] 690118K->484158K(889024K), 0.0041080 secs] [Times: user=0.02 sys=0.00, real=0.01 secs] 
2014-07-16T11:07:06.525+0000: 3549.534: [GC [PSYoungGen: 201999K->798K(197952K)] 685659K->484530K(884928K), 0.0063360 secs] [Times: user=0.05 sys=0.00, real=0.00 secs] 
2014-07-16T11:07:07.205+0000: 3550.213: [GC [PSYoungGen: 197895K->940K(193856K)] 681628K->484768K(880832K), 0.0102770 secs] [Times: user=0.07 sys=0.00, real=0.01 secs] 
2014-07-16T11:07:07.906+0000: 3550.914: [GC [PSYoungGen: 193836K->722K(232256K)] 677664K->484638K(919232K), 0.0152000 secs] [Times: user=0.10 sys=0.00, real=0.01 secs] 
2014-07-16T11:07:08.762+0000: 3551.770: [GC [PSYoungGen: 232201K->516K(278400K)] 716117K->484480K(965376K), 0.0120570 secs] [Times: user=0.08 sys=0.00, real=0.02 secs] 
2014-07-16T11:07:09.797+0000: 3552.806: [GC [PSYoungGen: 278340K->576K(334016K)] 762304K->484612K(1020992K), 0.0105120 secs] [Times: user=0.07 sys=0.00, real=0.01 secs] 
2014-07-16T11:07:11.016+0000: 3554.025: [GC [PSYoungGen: 334016K->740K(387520K)] 818052K->484856K(1074496K), 0.0049900 secs] [Times: user=0.03 sys=0.00, real=0.00 secs] 
2014-07-16T11:07:12.523+0000: 3555.532: [GC [PSYoungGen: 386788K->848K(375424K)] 870904K->485020K(1062400K), 0.0090340 secs] [Times: user=0.05 sys=0.01, real=0.01 secs] 
2014-07-16T11:07:13.887+0000: 3556.895: [GC [PSYoungGen: 375376K->804K(364288K)] 859548K->485048K(1051264K), 0.0091710 secs] [Times: user=0.05 sys=0.01, real=0.01 secs] 
2014-07-16T11:07:15.228+0000: 3558.237: [GC [PSYoungGen: 364260K->512K(353344K)] 848504K->484812K(1040320K), 0.0083890 secs] [Times: user=0.05 sys=0.01, real=0.01 secs] 
2014-07-16T11:07:16.647+0000: 3559.656: [GC [PSYoungGen: 353344K->1124K(343808K)] 837644K->485512K(1030784K), 0.0079540 secs] [Times: user=0.05 sys=0.00, real=0.01 secs] 
2014-07-16T11:07:17.883+0000: 3560.891: [GC [PSYoungGen: 343780K->836K(333824K)] 828168K->485312K(1020800K), 0.0068170 secs] [Times: user=0.04 sys=0.00, real=0.01 secs] 
2014-07-16T11:07:19.133+0000: 3562.141: [GC [PSYoungGen: 333719K->1122K(324736K)] 818196K->485686K(1011712K), 0.0090060 secs] [Times: user=0.06 sys=0.01, real=0.01 secs] 
2014-07-16T11:07:20.329+0000: 3563.337: [GC [PSYoungGen: 324706K->680K(315328K)] 809270K->485480K(1002304K), 0.0075750 secs] [Times: user=0.05 sys=0.00, real=0.01 secs] 
2014-07-16T11:07:21.468+0000: 3564.477: [GC [PSYoungGen: 315304K->616K(306624K)] 800104K->485522K(993600K), 0.0093650 secs] [Times: user=0.06 sys=0.00, real=0.01 secs] 
2014-07-16T11:07:22.743+0000: 3565.751: [GC [PSYoungGen: 306600K->872K(298624K)] 791506K->485834K(985600K), 0.0039670 secs] [Times: user=0.02 sys=0.00, real=0.01 secs] 
2014-07-16T11:07:23.801+0000: 3566.810: [GC [PSYoungGen: 298600K->754K(290560K)] 783562K->485804K(977536K), 0.0168100 secs] [Times: user=0.12 sys=0.00, real=0.02 secs] 
2014-07-16T11:07:24.877+0000: 3567.885: [GC [PSYoungGen: 290546K->648K(282880K)] 775596K->485770K(969856K), 0.0110370 secs] [Times: user=0.08 sys=0.00, real=0.01 secs] 
2014-07-16T11:07:25.911+0000: 3568.919: [GC [PSYoungGen: 282824K->962K(275840K)] 767946K->486156K(962816K), 0.0074260 secs] [Times: user=0.05 sys=0.00, real=0.01 secs] 
2014-07-16T11:07:26.982+0000: 3569.991: [GC [PSYoungGen: 275778K->608K(268416K)] 760972K->485874K(955392K), 0.0088430 secs] [Times: user=0.05 sys=0.01, real=0.01 secs] 
2014-07-16T11:07:27.955+0000: 3570.964: [GC [PSYoungGen: 268384K->658K(261696K)] 753650K->485956K(948672K), 0.0133330 secs] [Times: user=0.08 sys=0.00, real=0.02 secs] 
2014-07-16T11:07:28.917+0000: 3571.926: [GC [PSYoungGen: 261650K->876K(255360K)] 746948K->486262K(942336K), 0.0099110 secs] [Times: user=0.06 sys=0.00, real=0.01 secs] 
2014-07-16T11:07:29.894+0000: 3572.902: [GC [PSYoungGen: 255340K->876K(249088K)] 740726K->486342K(936064K), 0.0080030 secs] [Times: user=0.05 sys=0.00, real=0.01 secs] 
2014-07-16T11:07:30.787+0000: 3573.795: [GC [PSYoungGen: 249068K->726K(242880K)] 734534K->486272K(929856K), 0.0042780 secs] [Times: user=0.03 sys=0.00, real=0.00 secs] 
2014-07-16T11:07:31.836+0000: 3574.844: [GC [PSYoungGen: 242838K->1206K(237504K)] 728384K->486946K(924480K), 0.0101490 secs] [Times: user=0.06 sys=0.00, real=0.01 secs] 
2014-07-16T11:07:32.679+0000: 3575.687: [GC [PSYoungGen: 237494K->484K(231168K)] 723234K->486538K(918144K), 0.0082610 secs] [Times: user=0.06 sys=0.00, real=0.00 secs] 
2014-07-16T11:07:33.506+0000: 3576.515: [GC [PSYoungGen: 231140K->1108K(226368K)] 717194K->487218K(913344K), 0.0087020 secs] [Times: user=0.06 sys=0.00, real=0.01 secs] 
2014-07-16T11:07:34.349+0000: 3577.357: [GC [PSYoungGen: 226324K->608K(220608K)] 712434K->486872K(907584K), 0.0047950 secs] [Times: user=0.03 sys=0.01, real=0.00 secs] 
2014-07-16T11:07:35.156+0000: 3578.165: [GC [PSYoungGen: 220567K->926K(215872K)] 706832K->487278K(902848K), 0.0115930 secs] [Times: user=0.09 sys=0.00, real=0.02 secs] 
2014-07-16T11:07:35.939+0000: 3578.948: [GC [PSYoungGen: 215838K->850K(210944K)] 702190K->487274K(897920K), 0.0041970 secs] [Times: user=0.02 sys=0.01, real=0.00 secs] 
2014-07-16T11:07:36.700+0000: 3579.708: [GC [PSYoungGen: 210898K->690K(206080K)] 697322K->487194K(893056K), 0.0046570 secs] [Times: user=0.03 sys=0.01, real=0.00 secs] 
2014-07-16T11:07:37.472+0000: 3580.481: [GC [PSYoungGen: 206066K->594K(201472K)] 692570K->487162K(888448K), 0.0100570 secs] [Times: user=0.06 sys=0.00, real=0.01 secs] 
2014-07-16T11:07:38.209+0000: 3581.217: [GC [PSYoungGen: 201426K->858K(197376K)] 687994K->487498K(884352K), 0.0069770 secs] [Times: user=0.03 sys=0.00, real=0.00 secs] 
2014-07-16T11:07:38.932+0000: 3581.940: [GC [PSYoungGen: 197338K->548K(192832K)] 683978K->487276K(879808K), 0.0072950 secs] [Times: user=0.05 sys=0.00, real=0.01 secs] 
2014-07-16T11:07:39.651+0000: 3582.660: [GC [PSYoungGen: 192804K->812K(188992K)] 679532K->487644K(875968K), 0.0089270 secs] [Times: user=0.07 sys=0.00, real=0.01 secs] 
2014-07-16T11:07:40.337+0000: 3583.345: [GC [PSYoungGen: 188951K->1048K(226880K)] 675784K->487944K(913856K), 0.0073110 secs] [Times: user=0.04 sys=0.01, real=0.01 secs] 
2014-07-16T11:07:41.216+0000: 3584.224: [GC [PSYoungGen: 226840K->626K(221184K)] 713736K->487610K(908160K), 0.0078650 secs] [Times: user=0.04 sys=0.00, real=0.01 secs] 
2014-07-16T11:07:42.125+0000: 3585.133: [GC [PSYoungGen: 221167K->894K(216384K)] 708152K->488190K(903360K), 0.0089680 secs] [Times: user=0.06 sys=0.00, real=0.01 secs] 
2014-07-16T11:07:42.853+0000: 3585.862: [GC [PSYoungGen: 216367K->830K(259456K)] 703664K->488182K(946432K), 0.0082730 secs] [Times: user=0.05 sys=0.00, real=0.01 secs] 
2014-07-16T11:07:43.825+0000: 3586.833: [GC [PSYoungGen: 259454K->1132K(253312K)] 746806K->488556K(940288K), 0.0059870 secs] [Times: user=0.03 sys=0.00, real=0.01 secs] 
2014-07-16T11:07:44.728+0000: 3587.736: [GC [PSYoungGen: 253292K->902K(246912K)] 740716K->488398K(933888K), 0.0082030 secs] [Times: user=0.05 sys=0.00, real=0.01 secs] 
2014-07-16T11:07:45.632+0000: 3588.640: [GC [PSYoungGen: 246759K->698K(240704K)] 734255K->488250K(927680K), 0.0040050 secs] [Times: user=0.03 sys=0.00, real=0.00 secs] 
2014-07-16T11:07:46.513+0000: 3589.521: [GC [PSYoungGen: 240698K->630K(234880K)] 728250K->488246K(921856K), 0.0090940 secs] [Times: user=0.06 sys=0.00, real=0.01 secs] 
2014-07-16T11:07:47.440+0000: 3590.449: [GC [PSYoungGen: 234838K->690K(229376K)] 722455K->488386K(916352K), 0.0066890 secs] [Times: user=0.04 sys=0.00, real=0.00 secs] 
2014-07-16T11:07:48.264+0000: 3591.272: [GC [PSYoungGen: 229362K->794K(224192K)] 717058K->488570K(911168K), 0.0115670 secs] [Times: user=0.08 sys=0.00, real=0.01 secs] 
2014-07-16T11:07:49.096+0000: 3592.105: [GC [PSYoungGen: 224149K->986K(219200K)] 711926K->488826K(906176K), 0.0053210 secs] [Times: user=0.02 sys=0.00, real=0.01 secs] 
2014-07-16T11:07:49.877+0000: 3592.885: [GC [PSYoungGen: 219140K->1098K(262976K)] 706981K->489010K(949952K), 0.0124290 secs] [Times: user=0.08 sys=0.00, real=0.02 secs] 
2014-07-16T11:07:50.836+0000: 3593.844: [GC [PSYoungGen: 262899K->420K(255680K)] 750811K->488678K(942656K), 0.0044160 secs] [Times: user=0.03 sys=0.00, real=0.01 secs] 
2014-07-16T11:07:51.773+0000: 3594.781: [GC [PSYoungGen: 255652K->690K(249600K)] 743910K->489068K(936576K), 0.0061290 secs] [Times: user=0.04 sys=0.00, real=0.00 secs] 
2014-07-16T11:07:52.834+0000: 3595.843: [GC [PSYoungGen: 249586K->626K(243456K)] 737964K->489076K(930432K), 0.0090650 secs] [Times: user=0.05 sys=0.00, real=0.01 secs] 
2014-07-16T11:07:53.768+0000: 3596.776: [GC [PSYoungGen: 243442K->908K(237888K)] 731892K->489446K(924864K), 0.0041330 secs] [Times: user=0.02 sys=0.00, real=0.01 secs] 
2014-07-16T11:07:54.689+0000: 3597.697: [GC [PSYoungGen: 237815K->916K(232256K)] 726354K->489510K(919232K), 0.0091410 secs] [Times: user=0.07 sys=0.00, real=0.01 secs] 
2014-07-16T11:07:55.551+0000: 3598.559: [GC [PSYoungGen: 232212K->626K(226496K)] 720806K->489316K(913472K), 0.0053990 secs] [Times: user=0.04 sys=0.00, real=0.00 secs] 
2014-07-16T11:07:56.394+0000: 3599.402: [GC [PSYoungGen: 226448K->880K(221504K)] 715139K->489618K(908480K), 0.0048570 secs] [Times: user=0.02 sys=0.00, real=0.00 secs] 
2014-07-16T11:07:57.361+0000: 3600.369: [GC [PSYoungGen: 221470K->836K(216448K)] 710209K->489662K(903424K), 0.0082790 secs] [Times: user=0.04 sys=0.00, real=0.00 secs] 
2014-07-16T11:07:58.094+0000: 3601.102: [GC [PSYoungGen: 216387K->416K(259136K)] 705214K->489306K(946112K), 0.0142190 secs] [Times: user=0.09 sys=0.01, real=0.01 secs] 
2014-07-16T11:07:59.059+0000: 3602.067: [GC [PSYoungGen: 259104K->958K(253184K)] 747994K->489904K(940160K), 0.0043840 secs] [Times: user=0.03 sys=0.00, real=0.01 secs] 
2014-07-16T11:08:00.021+0000: 3603.030: [GC [PSYoungGen: 253150K->1190K(247232K)] 742097K->490274K(934208K), 0.0084640 secs] [Times: user=0.06 sys=0.00, real=0.00 secs] 
2014-07-16T11:08:00.930+0000: 3603.939: [GC [PSYoungGen: 247196K->1030K(241152K)] 736281K->490186K(928128K), 0.0076880 secs] [Times: user=0.05 sys=0.00, real=0.01 secs] 
2014-07-16T11:08:01.804+0000: 3604.812: [GC [PSYoungGen: 241064K->548K(234880K)] 730221K->489920K(921856K), 0.0090400 secs] [Times: user=0.06 sys=0.00, real=0.01 secs] 
2014-07-16T11:08:02.730+0000: 3605.738: [GC [PSYoungGen: 234852K->598K(229376K)] 724224K->490050K(916352K), 0.0074360 secs] [Times: user=0.05 sys=0.00, real=0.01 secs] 
2014-07-16T11:08:03.590+0000: 3606.598: [GC [PSYoungGen: 229334K->666K(224064K)] 718786K->490282K(911040K), 0.0099580 secs] [Times: user=0.07 sys=0.00, real=0.01 secs] 
2014-07-16T11:08:04.417+0000: 3607.425: [GC [PSYoungGen: 224026K->1232K(269312K)] 713642K->490920K(956288K), 0.0112490 secs] [Times: user=0.08 sys=0.00, real=0.01 secs] 
2014-07-16T11:08:05.418+0000: 3608.426: [GC [PSYoungGen: 269264K->480K(261760K)] 758952K->490240K(948736K), 0.0068920 secs] [Times: user=0.04 sys=0.00, real=0.01 secs] 
2014-07-16T11:08:06.392+0000: 3609.400: [GC [PSYoungGen: 261728K->676K(255424K)] 751488K->490516K(942400K), 0.0048520 secs] [Times: user=0.02 sys=0.00, real=0.00 secs] 
2014-07-16T11:08:07.399+0000: 3610.407: [GC [PSYoungGen: 255396K->1292K(249792K)] 745236K->491220K(936768K), 0.0153240 secs] [Times: user=0.06 sys=0.00, real=0.02 secs] 
2014-07-16T11:08:08.254+0000: 3611.262: [GC [PSYoungGen: 249740K->740K(243136K)] 739668K->490756K(930112K), 0.0053030 secs] [Times: user=0.03 sys=0.00, real=0.00 secs] 
2014-07-16T11:08:09.144+0000: 3612.152: [GC [PSYoungGen: 243091K->648K(237248K)] 733108K->490752K(924224K), 0.0087390 secs] [Times: user=0.07 sys=0.00, real=0.01 secs] 
2014-07-16T11:08:10.026+0000: 3613.034: [GC [PSYoungGen: 237192K->1190K(232128K)] 727296K->491326K(919104K), 0.0073930 secs] [Times: user=0.02 sys=0.00, real=0.01 secs] 
2014-07-16T11:08:10.873+0000: 3613.882: [GC [PSYoungGen: 232094K->894K(226368K)] 722231K->491086K(913344K), 0.0064640 secs] [Times: user=0.03 sys=0.00, real=0.00 secs] 
2014-07-16T11:08:11.687+0000: 3614.695: [GC [PSYoungGen: 226364K->544K(220800K)] 716556K->490824K(907776K), 0.0066450 secs] [Times: user=0.04 sys=0.00, real=0.01 secs] 
2014-07-16T11:08:12.646+0000: 3615.655: [GC [PSYoungGen: 220768K->1054K(216256K)] 711048K->491398K(903232K), 0.0042410 secs] [Times: user=0.03 sys=0.00, real=0.00 secs] 
2014-07-16T11:08:13.433+0000: 3616.441: [GC [PSYoungGen: 216222K->1390K(211712K)] 706566K->491830K(898688K), 0.0086450 secs] [Times: user=0.05 sys=0.00, real=0.01 secs] 
2014-07-16T11:08:14.204+0000: 3617.212: [GC [PSYoungGen: 211694K->512K(206144K)] 702134K->491032K(893120K), 0.0070130 secs] [Times: user=0.05 sys=0.00, real=0.00 secs] 
2014-07-16T11:08:14.948+0000: 3617.957: [GC [PSYoungGen: 206137K->734K(201856K)] 696658K->491302K(888832K), 0.0112270 secs] [Times: user=0.08 sys=0.00, real=0.01 secs] 
2014-07-16T11:08:15.773+0000: 3618.781: [GC [PSYoungGen: 201822K->754K(197504K)] 692390K->491394K(884480K), 0.0078790 secs] [Times: user=0.05 sys=0.00, real=0.01 secs] 
2014-07-16T11:08:16.480+0000: 3619.489: [GC [PSYoungGen: 197490K->576K(236672K)] 688130K->491304K(923648K), 0.0083960 secs] [Times: user=0.05 sys=0.00, real=0.01 secs] 
2014-07-16T11:08:17.337+0000: 3620.345: [GC [PSYoungGen: 236672K->1094K(284480K)] 727400K->491878K(971456K), 0.0084230 secs] [Times: user=0.05 sys=0.00, real=0.01 secs] 
2014-07-16T11:08:18.433+0000: 3621.441: [GC [PSYoungGen: 284422K->1530K(277504K)] 775206K->492362K(964480K), 0.0084900 secs] [Times: user=0.05 sys=0.00, real=0.01 secs] 
2014-07-16T11:08:19.442+0000: 3622.450: [GC [PSYoungGen: 277498K->448K(269312K)] 768330K->491416K(956288K), 0.0075140 secs] [Times: user=0.06 sys=0.00, real=0.01 secs] 
2014-07-16T11:08:20.439+0000: 3623.447: [GC [PSYoungGen: 269312K->544K(262592K)] 760280K->491576K(949568K), 0.0038520 secs] [Times: user=0.03 sys=0.00, real=0.00 secs] 
2014-07-16T11:08:21.514+0000: 3624.522: [GC [PSYoungGen: 262560K->516K(256000K)] 753592K->491620K(942976K), 0.0129390 secs] [Times: user=0.09 sys=0.01, real=0.01 secs] 
Heap
 PSYoungGen      total 256000K, used 212109K [0x0000000755560000, 0x000000076b9d0000, 0x0000000800000000)
  eden space 255424K, 82% used [0x0000000755560000,0x0000000762402718,0x0000000764ed0000)
  from space 576K, 89% used [0x000000076b940000,0x000000076b9c1030,0x000000076b9d0000)
  to   space 1664K, 0% used [0x000000076b690000,0x000000076b690000,0x000000076b830000)
 ParOldGen       total 686976K, used 491104K [0x0000000600000000, 0x0000000629ee0000, 0x0000000755560000)
  object space 686976K, 71% used [0x0000000600000000,0x000000061df982e0,0x0000000629ee0000)
 PSPermGen       total 21248K, used 11785K [0x00000005f5a00000, 0x00000005f6ec0000, 0x0000000600000000)
  object space 21248K, 55% used [0x00000005f5a00000,0x00000005f65826b0,0x00000005f6ec0000)
